5.566: [GC (Allocation Failure) [PSYoungGen: 128000K->12500K(148992K)] 128000K->12588K(488960K), 0.0192190 secs] [Times: user=0.03 sys=0.00, real=0.02 secs] 
6.031: [GC (Metadata GC Threshold) [PSYoungGen: 48896K->6075K(148992K)] 48984K->6171K(488960K), 0.0052149 secs] [Times: user=0.02 sys=0.01, real=0.00 secs] 
6.036: [Full GC (Metadata GC Threshold) [PSYoungGen: 6075K->0K(148992K)] [ParOldGen: 96K->5924K(181760K)] 6171K->5924K(330752K), [Metaspace: 20454K->20454K(1067008K)], 0.0221358 secs] [Times: user=0.07 sys=0.00, real=0.03 secs] 
7.462: [GC (Allocation Failure) [PSYoungGen: 128000K->9877K(148992K)] 133924K->15810K(330752K), 0.0032106 secs] [Times: user=0.01 sys=0.00, real=0.00 secs] 
8.077: [GC (Metadata GC Threshold) [PSYoungGen: 37481K->4544K(148992K)] 43413K->10485K(330752K), 0.0040480 secs] [Times: user=0.01 sys=0.00, real=0.01 secs] 
8.081: [Full GC (Metadata GC Threshold) [PSYoungGen: 4544K->0K(148992K)] [ParOldGen: 5940K->8805K(300032K)] 10485K->8805K(449024K), [Metaspace: 33736K->33736K(1079296K)], 0.0346418 secs] [Times: user=0.11 sys=0.00, real=0.03 secs] 
9.558: [GC (Allocation Failure) [PSYoungGen: 128000K->12786K(148992K)] 136805K->21600K(449024K), 0.0049480 secs] [Times: user=0.02 sys=0.00, real=0.01 secs] 
10.429: [GC (Allocation Failure) [PSYoungGen: 140278K->14370K(183296K)] 149091K->55960K(483328K), 0.0133666 secs] [Times: user=0.06 sys=0.01, real=0.01 secs] 
11.757: [GC (Allocation Failure) [PSYoungGen: 176196K->4592K(185344K)] 217786K->111725K(485376K), 0.0103938 secs] [Times: user=0.05 sys=0.01, real=0.01 secs] 
12.991: [GC (Allocation Failure) [PSYoungGen: 162277K->4560K(256512K)] 269411K->177238K(556544K), 0.0101971 secs] [Times: user=0.05 sys=0.01, real=0.01 secs] 
14.417: [GC (Allocation Failure) [PSYoungGen: 243152K->4897K(256512K)] 415830K->275887K(556544K), 0.0100869 secs] [Times: user=0.06 sys=0.00, real=0.01 secs] 
14.427: [Full GC (Ergonomics) [PSYoungGen: 4897K->0K(256512K)] [ParOldGen: 270990K->208966K(691712K)] 275887K->208966K(948224K), [Metaspace: 52653K->52653K(1097728K)], 0.0593318 secs] [Times: user=0.26 sys=0.00, real=0.06 secs] 
15.523: [GC (Allocation Failure) [PSYoungGen: 238592K->10317K(309760K)] 447558K->227483K(1001472K), 0.0042299 secs] [Times: user=0.01 sys=0.00, real=0.00 secs] 
18.446: [GC (Allocation Failure) [PSYoungGen: 306253K->1773K(313344K)] 523419K->218948K(1005056K), 0.0018416 secs] [Times: user=0.01 sys=0.00, real=0.00 secs] 
19.221: [GC (Allocation Failure) [PSYoungGen: 297709K->1904K(366080K)] 514884K->219086K(1057792K), 0.0024109 secs] [Times: user=0.01 sys=0.00, real=0.00 secs] 
20.480: [GC (Allocation Failure) [PSYoungGen: 354160K->1853K(370176K)] 571342K->219036K(1061888K), 0.0017681 secs] [Times: user=0.00 sys=0.00, real=0.00 secs] 
22.344: [GC (Allocation Failure) [PSYoungGen: 354109K->17184K(424960K)] 571292K->251774K(1116672K), 0.0061892 secs] [Times: user=0.03 sys=0.00, real=0.01 secs] 
23.816: [GC (Allocation Failure) [PSYoungGen: 424736K->1904K(428032K)] 659326K->236494K(1119744K), 0.0023753 secs] [Times: user=0.01 sys=0.00, real=0.01 secs] 
26.334: [GC (Allocation Failure) [PSYoungGen: 409456K->1933K(468992K)] 644046K->236524K(1160704K), 0.0020988 secs] [Times: user=0.00 sys=0.00, real=0.00 secs] 
28.094: [GC (Allocation Failure) [PSYoungGen: 459661K->2256K(477696K)] 694252K->236854K(1169408K), 0.0019203 secs] [Times: user=0.01 sys=0.00, real=0.00 secs] 
30.952: [GC (Allocation Failure) [PSYoungGen: 459984K->2061K(500224K)] 694582K->236668K(1191936K), 0.0028575 secs] [Times: user=0.01 sys=0.00, real=0.00 secs] 
32.663: [GC (Allocation Failure) [PSYoungGen: 488973K->2096K(505344K)] 723580K->236702K(1197056K), 0.0023961 secs] [Times: user=0.01 sys=0.00, real=0.00 secs] 
34.818: [GC (Allocation Failure) [PSYoungGen: 489008K->2096K(528896K)] 723614K->236702K(1220608K), 0.0025984 secs] [Times: user=0.01 sys=0.00, real=0.00 secs] 
38.122: [GC (Allocation Failure) [PSYoungGen: 516144K->2128K(531456K)] 750750K->236734K(1223168K), 0.0055001 secs] [Times: user=0.02 sys=0.00, real=0.01 secs] 
41.360: [GC (Allocation Failure) [PSYoungGen: 516176K->2128K(551424K)] 750782K->236734K(1243136K), 0.0027932 secs] [Times: user=0.01 sys=0.00, real=0.00 secs] 
44.062: [GC (Allocation Failure) [PSYoungGen: 541776K->2096K(555520K)] 776382K->236710K(1247232K), 0.0026179 secs] [Times: user=0.01 sys=0.00, real=0.00 secs] 
46.299: [GC (Allocation Failure) [PSYoungGen: 541744K->2096K(577024K)] 776358K->236710K(1268736K), 0.0027881 secs] [Times: user=0.01 sys=0.00, real=0.00 secs] 
48.235: [GC (Allocation Failure) [PSYoungGen: 566320K->1872K(578560K)] 800934K->236788K(1270272K), 0.0021688 secs] [Times: user=0.01 sys=0.00, real=0.00 secs] 
51.491: [GC (Allocation Failure) [PSYoungGen: 566096K->1840K(592896K)] 801012K->236804K(1284608K), 0.0025675 secs] [Times: user=0.01 sys=0.00, real=0.00 secs] 
55.404: [GC (Allocation Failure) [PSYoungGen: 583472K->1840K(594944K)] 818436K->236844K(1286656K), 0.0033783 secs] [Times: user=0.01 sys=0.00, real=0.00 secs] 
58.689: [GC (Allocation Failure) [PSYoungGen: 583472K->1840K(610304K)] 818476K->236892K(1302016K), 0.0040200 secs] [Times: user=0.01 sys=0.01, real=0.00 secs] 
61.756: [GC (Allocation Failure) [PSYoungGen: 600880K->1840K(610816K)] 835932K->236908K(1302528K), 0.0026523 secs] [Times: user=0.01 sys=0.00, real=0.01 secs] 
63.962: [GC (Allocation Failure) [PSYoungGen: 600880K->1936K(626176K)] 835948K->237044K(1317888K), 0.0022738 secs] [Times: user=0.00 sys=0.00, real=0.00 secs] 
67.290: [GC (Allocation Failure) [PSYoungGen: 617872K->1901K(599552K)] 852980K->237050K(1291264K), 0.0022188 secs] [Times: user=0.01 sys=0.00, real=0.00 secs] 
70.460: [GC (Allocation Failure) [PSYoungGen: 599405K->1792K(581632K)] 834554K->237117K(1273344K), 0.0019903 secs] [Times: user=0.00 sys=0.00, real=0.00 secs] 
75.109: [GC (Allocation Failure) [PSYoungGen: 581376K->1773K(564736K)] 816701K->237130K(1256448K), 0.0018761 secs] [Times: user=0.01 sys=0.00, real=0.00 secs] 
76.950: [GC (Allocation Failure) [PSYoungGen: 564461K->1741K(548352K)] 799818K->237146K(1240064K), 0.0019969 secs] [Times: user=0.01 sys=0.00, real=0.00 secs] 
80.629: [GC (Allocation Failure) [PSYoungGen: 548045K->1741K(532480K)] 783450K->237194K(1224192K), 0.0020957 secs] [Times: user=0.01 sys=0.00, real=0.00 secs] 
83.615: [GC (Allocation Failure) [PSYoungGen: 532173K->1677K(517632K)] 767626K->237146K(1209344K), 0.0018378 secs] [Times: user=0.00 sys=0.00, real=0.00 secs] 
85.908: [GC (Allocation Failure) [PSYoungGen: 517261K->1741K(503296K)] 752730K->237226K(1195008K), 0.0018236 secs] [Times: user=0.00 sys=0.00, real=0.00 secs] 
87.530: [GC (Allocation Failure) [PSYoungGen: 502989K->1645K(489472K)] 738474K->237170K(1181184K), 0.0017753 secs] [Times: user=0.00 sys=0.01, real=0.00 secs] 
89.316: [GC (Allocation Failure) [PSYoungGen: 489069K->1677K(476160K)] 724594K->237210K(1167872K), 0.0022005 secs] [Times: user=0.01 sys=0.00, real=0.01 secs] 
94.231: [GC (Allocation Failure) [PSYoungGen: 475789K->1632K(463360K)] 711322K->237212K(1155072K), 0.0042091 secs] [Times: user=0.01 sys=0.00, real=0.00 secs] 
95.784: [GC (Allocation Failure) [PSYoungGen: 462944K->1648K(451072K)] 698524K->237252K(1142784K), 0.0025267 secs] [Times: user=0.01 sys=0.00, real=0.00 secs] 
97.238: [GC (Allocation Failure) [PSYoungGen: 450672K->1648K(439296K)] 686276K->237300K(1131008K), 0.0021660 secs] [Times: user=0.01 sys=0.00, real=0.01 secs] 
98.649: [GC (Allocation Failure) [PSYoungGen: 438896K->1741K(428032K)] 674548K->237410K(1119744K), 0.0017449 secs] [Times: user=0.00 sys=0.00, real=0.00 secs] 
100.712: [GC (Allocation Failure) [PSYoungGen: 427725K->1549K(417280K)] 663394K->237234K(1108992K), 0.0016107 secs] [Times: user=0.01 sys=0.00, real=0.00 secs] 
103.587: [GC (Allocation Failure) [PSYoungGen: 416781K->1645K(407040K)] 652466K->237338K(1098752K), 0.0031546 secs] [Times: user=0.01 sys=0.00, real=0.01 secs] 
105.280: [GC (Allocation Failure) [PSYoungGen: 406637K->1664K(396800K)] 642330K->237404K(1088512K), 0.0038039 secs] [Times: user=0.01 sys=0.00, real=0.00 secs] 
107.278: [GC (Allocation Failure) [PSYoungGen: 396416K->416K(385536K)] 632156K->236164K(1077248K), 0.0016360 secs] [Times: user=0.01 sys=0.00, real=0.01 secs] 
109.483: [GC (Allocation Failure) [PSYoungGen: 385440K->1581K(377856K)] 621188K->237354K(1069568K), 0.0017708 secs] [Times: user=0.01 sys=0.00, real=0.00 secs] 
113.137: [GC (Allocation Failure) [PSYoungGen: 377389K->1552K(368640K)] 613162K->237340K(1060352K), 0.0049132 secs] [Times: user=0.01 sys=0.00, real=0.01 secs] 
114.909: [GC (Allocation Failure) [PSYoungGen: 368144K->3728K(361984K)] 603932K->241572K(1053696K), 0.0023255 secs] [Times: user=0.01 sys=0.00, real=0.00 secs] 
116.599: [GC (Allocation Failure) [PSYoungGen: 361616K->1517K(351232K)] 599460K->239378K(1042944K), 0.0015922 secs] [Times: user=0.01 sys=0.00, real=0.00 secs] 
118.852: [GC (Allocation Failure) [PSYoungGen: 351213K->1520K(343040K)] 589074K->239388K(1034752K), 0.0043610 secs] [Times: user=0.01 sys=0.00, real=0.00 secs] 
120.238: [GC (Allocation Failure) [PSYoungGen: 343024K->1677K(335872K)] 580892K->239546K(1027584K), 0.0018098 secs] [Times: user=0.01 sys=0.00, real=0.00 secs] 
124.111: [GC (Allocation Failure) [PSYoungGen: 335501K->1552K(328192K)] 573370K->239429K(1019904K), 0.0019315 secs] [Times: user=0.01 sys=0.00, real=0.00 secs] 
125.020: [GC (Allocation Failure) [PSYoungGen: 327696K->1664K(321024K)] 565573K->239548K(1012736K), 0.0022317 secs] [Times: user=0.01 sys=0.00, real=0.00 secs] 
126.059: [GC (Allocation Failure) [PSYoungGen: 320640K->1581K(313856K)] 558524K->239482K(1005568K), 0.0015606 secs] [Times: user=0.01 sys=0.00, real=0.00 secs] 
128.855: [GC (Allocation Failure) [PSYoungGen: 313389K->1552K(307200K)] 551290K->239484K(998912K), 0.0021305 secs] [Times: user=0.01 sys=0.00, real=0.00 secs] 
129.756: [GC (Allocation Failure) [PSYoungGen: 306704K->1613K(300544K)] 544636K->239546K(992256K), 0.0019483 secs] [Times: user=0.01 sys=0.00, real=0.00 secs] 
130.907: [GC (Allocation Failure) [PSYoungGen: 300109K->1472K(293888K)] 538042K->239420K(985600K), 0.0015819 secs] [Times: user=0.01 sys=0.00, real=0.01 secs] 
131.534: [GC (Allocation Failure) [PSYoungGen: 293824K->1677K(288256K)] 531772K->239634K(979968K), 0.0017847 secs] [Times: user=0.01 sys=0.00, real=0.00 secs] 
134.237: [GC (Allocation Failure) [PSYoungGen: 287885K->1440K(282112K)] 525842K->239412K(973824K), 0.0021022 secs] [Times: user=0.01 sys=0.00, real=0.01 secs] 
134.929: [GC (Allocation Failure) [PSYoungGen: 282016K->2672K(278016K)] 519988K->241668K(969728K), 0.0019143 secs] [Times: user=0.01 sys=0.00, real=0.00 secs] 
136.067: [GC (Allocation Failure) [PSYoungGen: 277616K->1485K(270848K)] 516612K->240482K(962560K), 0.0019671 secs] [Times: user=0.01 sys=0.00, real=0.01 secs] 
136.921: [GC (Allocation Failure) [PSYoungGen: 270797K->2656K(267264K)] 509794K->241660K(958976K), 0.0020345 secs] [Times: user=0.01 sys=0.00, real=0.00 secs] 
140.295: [GC (Allocation Failure) [PSYoungGen: 266848K->1408K(260608K)] 505852K->240428K(952320K), 0.0018876 secs] [Times: user=0.01 sys=0.00, real=0.00 secs] 
140.816: [GC (Allocation Failure) [PSYoungGen: 260480K->1677K(256000K)] 499500K->240698K(947712K), 0.0017570 secs] [Times: user=0.00 sys=0.00, real=0.00 secs] 
141.833: [GC (Allocation Failure) [PSYoungGen: 255629K->1440K(250880K)] 494650K->240468K(942592K), 0.0016648 secs] [Times: user=0.00 sys=0.00, real=0.00 secs] 
142.400: [GC (Allocation Failure) [PSYoungGen: 250784K->1645K(246784K)] 489812K->240674K(938496K), 0.0016693 secs] [Times: user=0.00 sys=0.00, real=0.00 secs] 
145.489: [GC (Allocation Failure) [PSYoungGen: 246381K->1472K(241664K)] 485410K->240508K(933376K), 0.0022119 secs] [Times: user=0.00 sys=0.00, real=0.00 secs] 
147.064: [GC (Allocation Failure) [PSYoungGen: 241600K->1549K(238080K)] 480636K->240594K(929792K), 0.0014959 secs] [Times: user=0.01 sys=0.00, real=0.00 secs] 
148.374: [GC (Allocation Failure) [PSYoungGen: 237581K->1536K(233984K)] 476626K->240588K(925696K), 0.0030990 secs] [Times: user=0.01 sys=0.00, real=0.00 secs] 
149.361: [GC (Allocation Failure) [PSYoungGen: 233472K->1453K(229376K)] 472524K->240538K(921088K), 0.0015237 secs] [Times: user=0.00 sys=0.00, real=0.00 secs] 
150.308: [GC (Allocation Failure) [PSYoungGen: 229293K->1568K(225792K)] 468378K->244756K(917504K), 0.0027635 secs] [Times: user=0.01 sys=0.00, real=0.01 secs] 
153.535: [GC (Allocation Failure) [PSYoungGen: 225312K->1344K(221696K)] 468500K->244540K(913408K), 0.0034230 secs] [Times: user=0.01 sys=0.00, real=0.01 secs] 
154.225: [GC (Allocation Failure) [PSYoungGen: 221504K->1645K(218624K)] 464700K->244842K(910336K), 0.0017763 secs] [Times: user=0.01 sys=0.00, real=0.00 secs] 
156.147: [GC (Allocation Failure) [PSYoungGen: 218221K->1488K(214528K)] 461418K->244684K(906240K), 0.0025926 secs] [Times: user=0.01 sys=0.00, real=0.01 secs] 
157.429: [GC (Allocation Failure) [PSYoungGen: 214480K->1453K(210944K)] 457676K->244666K(902656K), 0.0015124 secs] [Times: user=0.01 sys=0.00, real=0.00 secs] 
158.242: [GC (Allocation Failure) [PSYoungGen: 210861K->1568K(207872K)] 454074K->244780K(899584K), 0.0027255 secs] [Times: user=0.01 sys=0.00, real=0.00 secs] 
159.691: [GC (Allocation Failure) [PSYoungGen: 207392K->1408K(204288K)] 450604K->244628K(896000K), 0.0019428 secs] [Times: user=0.00 sys=0.00, real=0.00 secs] 
160.224: [GC (Allocation Failure) [PSYoungGen: 204160K->1581K(201728K)] 447380K->244810K(893440K), 0.0016786 secs] [Times: user=0.01 sys=0.00, real=0.00 secs] 
161.046: [GC (Allocation Failure) [PSYoungGen: 201261K->1536K(198656K)] 444490K->244772K(890368K), 0.0019865 secs] [Times: user=0.01 sys=0.00, real=0.01 secs] 
161.854: [GC (Allocation Failure) [PSYoungGen: 198144K->1440K(195072K)] 441380K->244685K(886784K), 0.0014175 secs] [Times: user=0.00 sys=0.00, real=0.00 secs] 
162.242: [GC (Allocation Failure) [PSYoungGen: 194976K->1677K(192512K)] 438221K->244922K(884224K), 0.0017193 secs] [Times: user=0.01 sys=0.00, real=0.00 secs] 
162.948: [GC (Allocation Failure) [PSYoungGen: 192141K->1440K(188928K)] 435386K->244692K(880640K), 0.0020903 secs] [Times: user=0.01 sys=0.00, real=0.01 secs] 
164.001: [GC (Allocation Failure) [PSYoungGen: 188832K->1488K(186368K)] 432084K->244741K(878080K), 0.0022803 secs] [Times: user=0.01 sys=0.00, real=0.00 secs] 
164.384: [GC (Allocation Failure) [PSYoungGen: 186320K->1517K(183808K)] 429573K->244858K(875520K), 0.0015940 secs] [Times: user=0.01 sys=0.00, real=0.00 secs] 
165.552: [GC (Allocation Failure) [PSYoungGen: 183789K->1440K(181248K)] 427130K->244780K(872960K), 0.0019460 secs] [Times: user=0.01 sys=0.00, real=0.00 secs] 
166.529: [GC (Allocation Failure) [PSYoungGen: 181149K->1488K(178688K)] 424490K->244829K(870400K), 0.0017608 secs] [Times: user=0.01 sys=0.00, real=0.00 secs] 
166.866: [GC (Allocation Failure) [PSYoungGen: 178640K->1581K(176640K)] 421981K->244930K(868352K), 0.0017545 secs] [Times: user=0.01 sys=0.00, real=0.00 secs] 
168.457: [GC (Allocation Failure) [PSYoungGen: 176173K->448K(172544K)] 419522K->244828K(864256K), 0.0027876 secs] [Times: user=0.01 sys=0.00, real=0.01 secs] 
169.856: [GC (Allocation Failure) [PSYoungGen: 172456K->1453K(171520K)] 416837K->245834K(863232K), 0.0021088 secs] [Times: user=0.00 sys=0.00, real=0.01 secs] 
170.188: [GC (Allocation Failure) [PSYoungGen: 170925K->1549K(168960K)] 415306K->245946K(860672K), 0.0015847 secs] [Times: user=0.01 sys=0.00, real=0.00 secs] 
172.079: [GC (Allocation Failure) [PSYoungGen: 168461K->1376K(166400K)] 412858K->245772K(858112K), 0.0030063 secs] [Times: user=0.00 sys=0.00, real=0.00 secs] 
174.443: [GC (Allocation Failure) [PSYoungGen: 166240K->320K(163328K)] 410636K->245740K(855040K), 0.0027773 secs] [Times: user=0.01 sys=0.00, real=0.00 secs] 
174.896: [GC (Allocation Failure) [PSYoungGen: 163136K->1549K(163328K)] 408556K->246978K(855040K), 0.0015141 secs] [Times: user=0.01 sys=0.00, real=0.00 secs] 
175.764: [GC (Allocation Failure) [PSYoungGen: 162317K->1488K(160256K)] 407746K->246932K(851968K), 0.0019550 secs] [Times: user=0.01 sys=0.00, real=0.00 secs] 
177.738: [GC (Allocation Failure) [PSYoungGen: 160208K->1360K(158208K)] 405652K->246804K(849920K), 0.0024916 secs] [Times: user=0.01 sys=0.00, real=0.00 secs] 
178.540: [GC (Allocation Failure) [PSYoungGen: 158032K->1453K(156160K)] 403476K->246898K(847872K), 0.0015269 secs] [Times: user=0.00 sys=0.00, real=0.00 secs] 
178.813: [GC (Allocation Failure) [PSYoungGen: 156077K->1613K(154624K)] 401522K->247058K(846336K), 0.0016796 secs] [Times: user=0.00 sys=0.00, real=0.00 secs] 
180.441: [GC (Allocation Failure) [PSYoungGen: 154189K->384K(151040K)] 399634K->246852K(842752K), 0.0022743 secs] [Times: user=0.00 sys=0.00, real=0.00 secs] 
182.455: [GC (Allocation Failure) [PSYoungGen: 150912K->1421K(151040K)] 397380K->247890K(842752K), 0.0027951 secs] [Times: user=0.01 sys=0.00, real=0.00 secs] 
182.794: [GC (Allocation Failure) [PSYoungGen: 149901K->1581K(148992K)] 396370K->248058K(840704K), 0.0016179 secs] [Times: user=0.01 sys=0.00, real=0.00 secs] 
183.237: [GC (Allocation Failure) [PSYoungGen: 148525K->1504K(146944K)] 395002K->247980K(838656K), 0.0018904 secs] [Times: user=0.00 sys=0.00, real=0.01 secs] 
184.563: [GC (Allocation Failure) [PSYoungGen: 146912K->1376K(145408K)] 393388K->247852K(837120K), 0.0017315 secs] [Times: user=0.01 sys=0.00, real=0.00 secs] 
186.022: [GC (Allocation Failure) [PSYoungGen: 145248K->1424K(143872K)] 391724K->247909K(835584K), 0.0020549 secs] [Times: user=0.01 sys=0.00, real=0.00 secs] 
186.283: [GC (Allocation Failure) [PSYoungGen: 143760K->1517K(142336K)] 390245K->248026K(834048K), 0.0015095 secs] [Times: user=0.01 sys=0.00, real=0.00 secs] 
187.318: [GC (Allocation Failure) [PSYoungGen: 142317K->1472K(140800K)] 388826K->247980K(832512K), 0.0019700 secs] [Times: user=0.01 sys=0.00, real=0.01 secs] 
188.517: [GC (Allocation Failure) [PSYoungGen: 140736K->1376K(139264K)] 387244K->247884K(830976K), 0.0021046 secs] [Times: user=0.01 sys=0.00, real=0.01 secs] 
188.998: [GC (Allocation Failure) [PSYoungGen: 139104K->1453K(137728K)] 385612K->247962K(829440K), 0.0015954 secs] [Times: user=0.01 sys=0.00, real=0.00 secs] 
189.237: [GC (Allocation Failure) [PSYoungGen: 137645K->1517K(136192K)] 384154K->248042K(827904K), 0.0014984 secs] [Times: user=0.00 sys=0.00, real=0.01 secs] 
190.412: [GC (Allocation Failure) [PSYoungGen: 136173K->1456K(134656K)] 382698K->247988K(826368K), 0.0023106 secs] [Times: user=0.01 sys=0.00, real=0.00 secs] 
191.630: [GC (Allocation Failure) [PSYoungGen: 134576K->1408K(133120K)] 381108K->247940K(824832K), 0.0027140 secs] [Times: user=0.01 sys=0.00, real=0.00 secs] 
192.471: [GC (Allocation Failure) [PSYoungGen: 132992K->1536K(132096K)] 379524K->248085K(823808K), 0.0014956 secs] [Times: user=0.01 sys=0.00, real=0.00 secs] 
192.701: [GC (Allocation Failure) [PSYoungGen: 131584K->525K(129536K)] 378133K->248098K(821248K), 0.0015043 secs] [Times: user=0.01 sys=0.00, real=0.00 secs] 
193.978: [GC (Allocation Failure) [PSYoungGen: 129037K->1520K(128512K)] 376610K->249108K(820224K), 0.0021515 secs] [Times: user=0.00 sys=0.00, real=0.00 secs] 
195.293: [GC (Allocation Failure) [PSYoungGen: 128496K->1408K(126976K)] 376084K->248996K(818688K), 0.0020169 secs] [Times: user=0.01 sys=0.00, real=0.00 secs] 
196.336: [GC (Allocation Failure) [PSYoungGen: 126848K->1440K(125952K)] 374436K->249029K(817664K), 0.0020176 secs] [Times: user=0.01 sys=0.00, real=0.01 secs] 
196.583: [GC (Allocation Failure) [PSYoungGen: 125856K->1517K(124928K)] 373445K->249122K(816640K), 0.0016682 secs] [Times: user=0.00 sys=0.00, real=0.00 secs] 
196.845: [GC (Allocation Failure) [PSYoungGen: 124909K->1520K(123904K)] 372514K->250148K(815616K), 0.0017499 secs] [Times: user=0.00 sys=0.00, real=0.00 secs] 
197.570: [GC (Allocation Failure) [PSYoungGen: 123888K->384K(121856K)] 372516K->249012K(813568K), 0.0025851 secs] [Times: user=0.01 sys=0.00, real=0.00 secs] 
198.554: [GC (Allocation Failure) [PSYoungGen: 121728K->368K(120832K)] 370356K->248996K(812544K), 0.0034400 secs] [Times: user=0.01 sys=0.00, real=0.00 secs] 
199.081: [GC (Allocation Failure) [PSYoungGen: 120688K->1552K(121344K)] 369316K->250197K(813056K), 0.0015319 secs] [Times: user=0.00 sys=0.00, real=0.00 secs] 
199.289: [GC (Allocation Failure) [PSYoungGen: 120848K->1549K(120320K)] 369493K->250194K(812032K), 0.0017737 secs] [Times: user=0.01 sys=0.00, real=0.00 secs] 
200.015: [GC (Allocation Failure) [PSYoungGen: 119821K->1472K(118784K)] 368466K->250116K(810496K), 0.0022158 secs] [Times: user=0.01 sys=0.00, real=0.00 secs] 
200.855: [GC (Allocation Failure) [PSYoungGen: 118720K->1376K(117760K)] 367364K->250020K(809472K), 0.0019836 secs] [Times: user=0.01 sys=0.00, real=0.00 secs] 
201.811: [GC (Allocation Failure) [PSYoungGen: 117600K->1421K(116736K)] 366244K->250074K(808448K), 0.0025500 secs] [Times: user=0.01 sys=0.00, real=0.00 secs] 
202.142: [GC (Allocation Failure) [PSYoungGen: 116621K->1549K(116224K)] 365274K->250202K(807936K), 0.0015619 secs] [Times: user=0.01 sys=0.00, real=0.00 secs] 
202.344: [GC (Allocation Failure) [PSYoungGen: 115725K->1549K(115200K)] 364378K->250202K(806912K), 0.0017704 secs] [Times: user=0.00 sys=0.00, real=0.00 secs] 
202.908: [GC (Allocation Failure) [PSYoungGen: 114701K->1408K(113664K)] 363354K->250060K(805376K), 0.0019874 secs] [Times: user=0.01 sys=0.00, real=0.01 secs] 
203.424: [GC (Allocation Failure) [PSYoungGen: 113536K->1344K(112640K)] 362188K->249996K(804352K), 0.0018131 secs] [Times: user=0.00 sys=0.00, real=0.00 secs] 
203.863: [GC (Allocation Failure) [PSYoungGen: 112448K->1488K(111616K)] 361100K->250141K(803328K), 0.0021234 secs] [Times: user=0.00 sys=0.00, real=0.00 secs] 
204.114: [GC (Allocation Failure) [PSYoungGen: 111568K->1517K(110592K)] 360221K->250170K(802304K), 0.0015418 secs] [Times: user=0.01 sys=0.00, real=0.00 secs] 
204.363: [GC (Allocation Failure) [PSYoungGen: 110573K->2032K(110080K)] 359226K->251244K(801792K), 0.0018032 secs] [Times: user=0.01 sys=0.00, real=0.00 secs] 
204.836: [GC (Allocation Failure) [PSYoungGen: 110064K->352K(107520K)] 359276K->250596K(799232K), 0.0017320 secs] [Times: user=0.01 sys=0.00, real=0.01 secs] 
205.671: [GC (Allocation Failure) [PSYoungGen: 107360K->352K(108544K)] 357604K->250596K(800256K), 0.0019231 secs] [Times: user=0.01 sys=0.00, real=0.00 secs] 
206.391: [GC (Allocation Failure) [PSYoungGen: 106336K->1485K(106496K)] 356580K->251730K(798208K), 0.0018796 secs] [Times: user=0.01 sys=0.00, real=0.00 secs] 
206.585: [GC (Allocation Failure) [PSYoungGen: 106445K->1552K(105984K)] 356690K->251797K(797696K), 0.0018541 secs] [Times: user=0.01 sys=0.00, real=0.00 secs] 
206.767: [GC (Allocation Failure) [PSYoungGen: 105488K->1552K(104960K)] 355733K->251797K(796672K), 0.0015624 secs] [Times: user=0.01 sys=0.00, real=0.01 secs] 
208.608: [GC (Allocation Failure) [PSYoungGen: 104464K->1408K(103424K)] 354709K->251652K(795136K), 0.0038144 secs] [Times: user=0.01 sys=0.00, real=0.01 secs] 
209.801: [GC (Allocation Failure) [PSYoungGen: 103296K->1376K(102400K)] 353540K->251620K(794112K), 0.0026970 secs] [Times: user=0.01 sys=0.00, real=0.00 secs] 
210.416: [GC (Allocation Failure) [PSYoungGen: 102240K->1485K(101376K)] 352484K->251730K(793088K), 0.0021303 secs] [Times: user=0.00 sys=0.00, real=0.01 secs] 
210.681: [GC (Allocation Failure) [PSYoungGen: 101325K->1517K(100864K)] 351570K->251762K(792576K), 0.0016150 secs] [Times: user=0.01 sys=0.00, real=0.00 secs] 
210.852: [GC (Allocation Failure) [PSYoungGen: 100845K->1549K(100864K)] 351090K->251794K(792576K), 0.0015740 secs] [Times: user=0.00 sys=0.00, real=0.00 secs] 
211.426: [GC (Allocation Failure) [PSYoungGen: 100365K->1408K(99840K)] 350610K->251652K(791552K), 0.0026289 secs] [Times: user=0.01 sys=0.00, real=0.01 secs] 
212.190: [GC (Allocation Failure) [PSYoungGen: 99712K->1376K(99328K)] 349956K->251620K(791040K), 0.0025693 secs] [Times: user=0.01 sys=0.00, real=0.00 secs] 
212.960: [GC (Allocation Failure) [PSYoungGen: 99168K->1344K(98816K)] 349412K->251588K(790528K), 0.0031061 secs] [Times: user=0.01 sys=0.00, real=0.00 secs] 
213.429: [GC (Allocation Failure) [PSYoungGen: 98624K->1453K(98304K)] 348868K->251698K(790016K), 0.0016164 secs] [Times: user=0.01 sys=0.00, real=0.00 secs] 
213.601: [GC (Allocation Failure) [PSYoungGen: 98221K->1517K(97792K)] 348466K->251778K(789504K), 0.0014671 secs] [Times: user=0.00 sys=0.00, real=0.00 secs] 
213.947: [GC (Allocation Failure) [PSYoungGen: 97773K->1552K(97792K)] 348034K->251812K(789504K), 0.0020933 secs] [Times: user=0.01 sys=0.00, real=0.01 secs] 
216.156: [GC (Allocation Failure) [PSYoungGen: 97296K->352K(95744K)] 347556K->251636K(787456K), 0.0023885 secs] [Times: user=0.01 sys=0.00, real=0.01 secs] 
216.950: [GC (Allocation Failure) [PSYoungGen: 95584K->384K(97280K)] 346868K->251668K(788992K), 0.0022770 secs] [Times: user=0.00 sys=0.00, real=0.00 secs] 
218.022: [GC (Allocation Failure) [PSYoungGen: 95104K->1437K(95744K)] 346388K->252722K(787456K), 0.0033724 secs] [Times: user=0.02 sys=0.00, real=0.00 secs] 
218.287: [GC (Allocation Failure) [PSYoungGen: 95645K->1517K(95232K)] 346930K->252802K(786944K), 0.0015755 secs] [Times: user=0.01 sys=0.00, real=0.01 secs] 
218.453: [GC (Allocation Failure) [PSYoungGen: 95213K->1485K(94720K)] 346498K->252786K(786432K), 0.0016250 secs] [Times: user=0.00 sys=0.00, real=0.00 secs] 
218.735: [GC (Allocation Failure) [PSYoungGen: 94669K->2544K(95232K)] 345970K->256917K(786944K), 0.0021577 secs] [Times: user=0.01 sys=0.00, real=0.00 secs] 
219.154: [GC (Allocation Failure) [PSYoungGen: 95216K->320K(92672K)] 349589K->254692K(784384K), 0.0019521 secs] [Times: user=0.01 sys=0.00, real=0.00 secs] 
219.630: [GC (Allocation Failure) [PSYoungGen: 92480K->320K(94720K)] 346852K->254692K(786432K), 0.0017427 secs] [Times: user=0.01 sys=0.00, real=0.00 secs] 
219.997: [GC (Allocation Failure) [PSYoungGen: 91968K->1440K(92672K)] 346340K->255813K(784384K), 0.0018645 secs] [Times: user=0.01 sys=0.00, real=0.01 secs] 
220.164: [GC (Allocation Failure) [PSYoungGen: 92576K->1485K(92160K)] 346949K->255858K(783872K), 0.0014310 secs] [Times: user=0.01 sys=0.00, real=0.00 secs] 
220.322: [GC (Allocation Failure) [PSYoungGen: 92109K->1485K(91648K)] 346482K->255858K(783360K), 0.0015660 secs] [Times: user=0.01 sys=0.00, real=0.00 secs] 
220.723: [GC (Allocation Failure) [PSYoungGen: 91597K->2464K(92160K)] 345970K->257869K(783872K), 0.0020979 secs] [Times: user=0.00 sys=0.00, real=0.00 secs] 
221.488: [GC (Allocation Failure) [PSYoungGen: 92064K->352K(89600K)] 347469K->255757K(781312K), 0.0019535 secs] [Times: user=0.00 sys=0.00, real=0.01 secs] 
222.221: [GC (Allocation Failure) [PSYoungGen: 89440K->320K(91648K)] 344845K->255725K(783360K), 0.0018144 secs] [Times: user=0.01 sys=0.00, real=0.00 secs] 
222.587: [GC (Allocation Failure) [PSYoungGen: 88896K->1456K(89600K)] 344301K->256877K(781312K), 0.0017257 secs] [Times: user=0.01 sys=0.00, real=0.01 secs] 
222.792: [GC (Allocation Failure) [PSYoungGen: 89520K->1453K(89088K)] 344941K->256874K(780800K), 0.0023083 secs] [Times: user=0.01 sys=0.00, real=0.00 secs] 
222.978: [GC (Allocation Failure) [PSYoungGen: 89005K->1453K(88576K)] 344426K->256874K(780288K), 0.0015348 secs] [Times: user=0.01 sys=0.00, real=0.01 secs] 
223.286: [GC (Allocation Failure) [PSYoungGen: 86973K->2512K(89088K)] 342394K->258981K(780800K), 0.0021336 secs] [Times: user=0.01 sys=0.00, real=0.00 secs] 
223.979: [GC (Allocation Failure) [PSYoungGen: 89040K->1376K(87552K)] 345509K->257845K(779264K), 0.0026709 secs] [Times: user=0.01 sys=0.00, real=0.00 secs] 
224.665: [GC (Allocation Failure) [PSYoungGen: 87392K->1376K(87040K)] 343861K->257845K(778752K), 0.0025220 secs] [Times: user=0.01 sys=0.01, real=0.01 secs] 
225.238: [GC (Allocation Failure) [PSYoungGen: 86880K->1344K(86528K)] 343349K->257821K(778240K), 0.0020593 secs] [Times: user=0.01 sys=0.00, real=0.01 secs] 
225.446: [GC (Allocation Failure) [PSYoungGen: 86336K->1453K(86016K)] 342813K->257930K(777728K), 0.0016145 secs] [Times: user=0.01 sys=0.00, real=0.01 secs] 
225.593: [GC (Allocation Failure) [PSYoungGen: 85933K->1520K(85504K)] 342410K->257997K(777216K), 0.0016221 secs] [Times: user=0.01 sys=0.00, real=0.00 secs] 
225.739: [GC (Allocation Failure) [PSYoungGen: 85488K->1456K(84992K)] 341965K->257941K(776704K), 0.0015247 secs] [Times: user=0.01 sys=0.00, real=0.00 secs] 
226.211: [GC (Allocation Failure) [PSYoungGen: 84912K->1472K(84480K)] 341397K->257957K(776192K), 0.0018928 secs] [Times: user=0.01 sys=0.00, real=0.00 secs] 
226.558: [GC (Allocation Failure) [PSYoungGen: 84416K->1376K(83968K)] 340901K->257861K(775680K), 0.0017845 secs] [Times: user=0.01 sys=0.00, real=0.00 secs] 
226.907: [GC (Allocation Failure) [PSYoungGen: 83808K->1344K(83456K)] 340293K->257845K(775168K), 0.0026567 secs] [Times: user=0.01 sys=0.00, real=0.01 secs] 
227.203: [GC (Allocation Failure) [PSYoungGen: 83264K->1504K(82944K)] 339765K->258005K(774656K), 0.0015191 secs] [Times: user=0.00 sys=0.00, real=0.00 secs] 
227.370: [GC (Allocation Failure) [PSYoungGen: 82912K->1485K(82432K)] 339413K->257986K(774144K), 0.0018787 secs] [Times: user=0.01 sys=0.00, real=0.00 secs] 
227.554: [GC (Allocation Failure) [PSYoungGen: 82381K->1520K(81920K)] 338882K->258021K(773632K), 0.0019848 secs] [Times: user=0.01 sys=0.00, real=0.00 secs] 
227.792: [GC (Allocation Failure) [PSYoungGen: 81904K->1488K(89600K)] 338405K->260045K(781312K), 0.0019618 secs] [Times: user=0.01 sys=0.00, real=0.00 secs] 
228.168: [GC (Allocation Failure) [PSYoungGen: 89552K->1440K(89088K)] 348109K->259997K(780800K), 0.0021359 secs] [Times: user=0.00 sys=0.00, real=0.01 secs] 
228.531: [GC (Allocation Failure) [PSYoungGen: 88992K->1440K(88576K)] 347549K->260005K(780288K), 0.0019230 secs] [Times: user=0.00 sys=0.00, real=0.00 secs] 
229.049: [GC (Allocation Failure) [PSYoungGen: 88480K->1376K(88064K)] 347045K->259941K(779776K), 0.0022132 secs] [Times: user=0.00 sys=0.00, real=0.00 secs] 
229.368: [GC (Allocation Failure) [PSYoungGen: 87904K->1520K(87552K)] 346469K->260085K(779264K), 0.0017283 secs] [Times: user=0.00 sys=0.00, real=0.01 secs] 
229.517: [GC (Allocation Failure) [PSYoungGen: 87536K->1456K(87040K)] 346101K->260021K(778752K), 0.0016068 secs] [Times: user=0.01 sys=0.00, real=0.01 secs] 
229.667: [GC (Allocation Failure) [PSYoungGen: 86960K->1520K(95232K)] 345525K->260085K(786944K), 0.0017567 secs] [Times: user=0.01 sys=0.00, real=0.01 secs] 
230.507: [GC (Allocation Failure) [PSYoungGen: 95216K->1472K(94720K)] 353781K->260037K(786432K), 0.0021353 secs] [Times: user=0.01 sys=0.00, real=0.01 secs] 
231.284: [GC (Allocation Failure) [PSYoungGen: 94656K->1408K(94208K)] 353221K->259973K(785920K), 0.0022387 secs] [Times: user=0.01 sys=0.00, real=0.00 secs] 
232.220: [GC (Allocation Failure) [PSYoungGen: 94080K->1376K(93696K)] 352645K->259941K(785408K), 0.0038182 secs] [Times: user=0.01 sys=0.00, real=0.00 secs] 
232.570: [GC (Allocation Failure) [PSYoungGen: 93536K->1520K(93184K)] 352101K->260085K(784896K), 0.0015888 secs] [Times: user=0.01 sys=0.00, real=0.00 secs] 
232.731: [GC (Allocation Failure) [PSYoungGen: 93168K->1552K(93184K)] 351733K->260117K(784896K), 0.0015167 secs] [Times: user=0.01 sys=0.00, real=0.00 secs] 
233.041: [GC (Allocation Failure) [PSYoungGen: 92688K->944K(91648K)] 351253K->260549K(783360K), 0.0017452 secs] [Times: user=0.01 sys=0.00, real=0.00 secs] 
233.846: [GC (Allocation Failure) [PSYoungGen: 91568K->352K(90624K)] 351173K->259957K(782336K), 0.0028368 secs] [Times: user=0.01 sys=0.00, real=0.01 secs] 
234.688: [GC (Allocation Failure) [PSYoungGen: 90464K->288K(90112K)] 350069K->259893K(781824K), 0.0026086 secs] [Times: user=0.01 sys=0.00, real=0.00 secs] 
235.277: [GC (Allocation Failure) [PSYoungGen: 89888K->352K(89600K)] 349493K->259965K(781312K), 0.0017863 secs] [Times: user=0.01 sys=0.00, real=0.01 secs] 
235.511: [GC (Allocation Failure) [PSYoungGen: 89440K->1488K(90112K)] 349053K->261109K(781824K), 0.0016658 secs] [Times: user=0.00 sys=0.00, real=0.00 secs] 
235.666: [GC (Allocation Failure) [PSYoungGen: 90064K->1485K(89600K)] 349685K->261106K(781312K), 0.0015045 secs] [Times: user=0.01 sys=0.00, real=0.00 secs] 
235.827: [GC (Allocation Failure) [PSYoungGen: 89549K->1488K(89088K)] 349170K->261109K(780800K), 0.0016798 secs] [Times: user=0.00 sys=0.00, real=0.01 secs] 
236.753: [GC (Allocation Failure) [PSYoungGen: 89040K->1344K(88576K)] 348661K->260965K(780288K), 0.0019231 secs] [Times: user=0.01 sys=0.00, real=0.00 secs] 
237.488: [GC (Allocation Failure) [PSYoungGen: 88384K->1344K(88064K)] 348005K->260965K(779776K), 0.0026214 secs] [Times: user=0.01 sys=0.00, real=0.01 secs] 
238.384: [GC (Allocation Failure) [PSYoungGen: 87872K->1360K(87552K)] 347493K->260981K(779264K), 0.0022855 secs] [Times: user=0.01 sys=0.00, real=0.00 secs] 
238.817: [GC (Allocation Failure) [PSYoungGen: 87376K->1485K(87040K)] 346997K->261106K(778752K), 0.0016316 secs] [Times: user=0.01 sys=0.00, real=0.01 secs] 
238.965: [GC (Allocation Failure) [PSYoungGen: 86989K->1520K(86528K)] 346610K->261141K(778240K), 0.0015145 secs] [Times: user=0.00 sys=0.00, real=0.00 secs] 
239.114: [GC (Allocation Failure) [PSYoungGen: 86512K->1456K(86016K)] 346133K->261077K(777728K), 0.0015884 secs] [Times: user=0.00 sys=0.00, real=0.00 secs] 
239.901: [GC (Allocation Failure) [PSYoungGen: 85936K->1408K(85504K)] 345557K->261029K(777216K), 0.0026307 secs] [Times: user=0.01 sys=0.01, real=0.00 secs] 
240.415: [GC (Allocation Failure) [PSYoungGen: 85376K->1344K(84992K)] 344997K->260965K(776704K), 0.0028748 secs] [Times: user=0.01 sys=0.00, real=0.01 secs] 
241.302: [GC (Allocation Failure) [PSYoungGen: 84800K->1360K(84480K)] 344421K->260981K(776192K), 0.0026763 secs] [Times: user=0.01 sys=0.00, real=0.00 secs] 
241.986: [GC (Allocation Failure) [PSYoungGen: 84304K->1453K(83968K)] 343925K->261074K(775680K), 0.0019799 secs] [Times: user=0.01 sys=0.00, real=0.00 secs] 
242.164: [GC (Allocation Failure) [PSYoungGen: 83885K->1488K(83456K)] 343506K->261109K(775168K), 0.0015273 secs] [Times: user=0.01 sys=0.00, real=0.00 secs] 
242.306: [GC (Allocation Failure) [PSYoungGen: 83408K->1453K(82944K)] 343029K->261074K(774656K), 0.0014192 secs] [Times: user=0.01 sys=0.00, real=0.00 secs] 
242.918: [GC (Allocation Failure) [PSYoungGen: 82861K->1456K(82432K)] 342482K->261077K(774144K), 0.0025015 secs] [Times: user=0.00 sys=0.00, real=0.00 secs] 
244.279: [GC (Allocation Failure) [PSYoungGen: 82352K->1344K(81920K)] 341973K->260965K(773632K), 0.0028533 secs] [Times: user=0.01 sys=0.00, real=0.00 secs] 
245.040: [GC (Allocation Failure) [PSYoungGen: 81728K->1328K(81408K)] 341349K->260949K(773120K), 0.0025289 secs] [Times: user=0.01 sys=0.00, real=0.00 secs] 
245.461: [GC (Allocation Failure) [PSYoungGen: 81200K->1376K(80896K)] 340821K->260997K(772608K), 0.0017357 secs] [Times: user=0.01 sys=0.00, real=0.00 secs] 
245.688: [GC (Allocation Failure) [PSYoungGen: 80736K->1488K(80384K)] 340357K->261117K(772096K), 0.0016118 secs] [Times: user=0.01 sys=0.00, real=0.00 secs] 
245.825: [GC (Allocation Failure) [PSYoungGen: 80336K->1456K(79872K)] 339965K->261085K(771584K), 0.0014237 secs] [Times: user=0.01 sys=0.00, real=0.00 secs] 
245.962: [GC (Allocation Failure) [PSYoungGen: 79792K->1456K(79360K)] 339421K->261085K(771072K), 0.0016496 secs] [Times: user=0.01 sys=0.00, real=0.00 secs] 
246.387: [GC (Allocation Failure) [PSYoungGen: 79280K->1424K(78848K)] 338909K->263101K(770560K), 0.0019262 secs] [Times: user=0.00 sys=0.00, real=0.01 secs] 
247.242: [GC (Allocation Failure) [PSYoungGen: 78736K->1392K(78336K)] 340413K->263069K(770048K), 0.0041029 secs] [Times: user=0.01 sys=0.01, real=0.00 secs] 
248.398: [GC (Allocation Failure) [PSYoungGen: 78192K->1408K(77824K)] 339869K->263093K(769536K), 0.0028413 secs] [Times: user=0.01 sys=0.00, real=0.00 secs] 
249.186: [GC (Allocation Failure) [PSYoungGen: 77696K->1408K(77312K)] 339381K->263093K(769024K), 0.0027937 secs] [Times: user=0.01 sys=0.00, real=0.01 secs] 
249.729: [GC (Allocation Failure) [PSYoungGen: 77184K->1488K(76800K)] 338869K->263173K(768512K), 0.0020757 secs] [Times: user=0.01 sys=0.00, real=0.00 secs] 
249.885: [GC (Allocation Failure) [PSYoungGen: 76752K->1485K(76288K)] 338437K->263170K(768000K), 0.0016239 secs] [Times: user=0.00 sys=0.00, real=0.00 secs] 
250.018: [GC (Allocation Failure) [PSYoungGen: 76237K->1517K(75776K)] 337922K->263202K(767488K), 0.0013784 secs] [Times: user=0.00 sys=0.00, real=0.00 secs] 
250.469: [GC (Allocation Failure) [PSYoungGen: 75757K->1472K(75264K)] 337442K->263157K(766976K), 0.0022385 secs] [Times: user=0.01 sys=0.00, real=0.00 secs] 
251.637: [GC (Allocation Failure) [PSYoungGen: 75200K->1392K(74752K)] 336885K->263077K(766464K), 0.0037205 secs] [Times: user=0.02 sys=0.00, real=0.01 secs] 
252.388: [GC (Allocation Failure) [PSYoungGen: 74608K->1312K(74240K)] 336293K->262997K(765952K), 0.0032142 secs] [Times: user=0.01 sys=0.00, real=0.00 secs] 
252.964: [GC (Allocation Failure) [PSYoungGen: 74016K->1376K(73728K)] 335701K->263061K(765440K), 0.0024031 secs] [Times: user=0.01 sys=0.00, real=0.00 secs] 
253.430: [GC (Allocation Failure) [PSYoungGen: 73568K->1437K(73216K)] 335253K->263122K(764928K), 0.0019635 secs] [Times: user=0.01 sys=0.00, real=0.00 secs] 
253.613: [GC (Allocation Failure) [PSYoungGen: 73117K->1517K(72704K)] 334802K->263202K(764416K), 0.0017313 secs] [Times: user=0.01 sys=0.00, real=0.00 secs] 
253.765: [GC (Allocation Failure) [PSYoungGen: 72685K->1456K(72192K)] 334370K->263141K(763904K), 0.0014988 secs] [Times: user=0.01 sys=0.00, real=0.00 secs] 
253.888: [GC (Allocation Failure) [PSYoungGen: 72112K->1517K(71680K)] 333797K->263202K(763392K), 0.0015069 secs] [Times: user=0.01 sys=0.00, real=0.00 secs] 
254.560: [GC (Allocation Failure) [PSYoungGen: 71661K->1408K(71168K)] 333346K->263101K(762880K), 0.0024416 secs] [Times: user=0.01 sys=0.00, real=0.00 secs] 
255.467: [GC (Allocation Failure) [PSYoungGen: 71040K->1408K(70656K)] 332733K->263125K(762368K), 0.0027083 secs] [Times: user=0.01 sys=0.00, real=0.01 secs] 
256.211: [GC (Allocation Failure) [PSYoungGen: 70528K->1376K(70144K)] 332245K->263101K(761856K), 0.0023349 secs] [Times: user=0.01 sys=0.00, real=0.00 secs] 
256.828: [GC (Allocation Failure) [PSYoungGen: 69984K->1344K(69632K)] 331709K->263077K(761344K), 0.0021642 secs] [Times: user=0.01 sys=0.00, real=0.01 secs] 
257.218: [GC (Allocation Failure) [PSYoungGen: 69440K->1456K(69632K)] 331173K->263189K(761344K), 0.0019128 secs] [Times: user=0.00 sys=0.00, real=0.00 secs] 
257.346: [GC (Allocation Failure) [PSYoungGen: 69552K->1453K(69632K)] 331285K->263186K(761344K), 0.0015096 secs] [Times: user=0.01 sys=0.00, real=0.01 secs] 
257.466: [GC (Allocation Failure) [PSYoungGen: 69549K->1488K(76288K)] 331282K->263221K(768000K), 0.0016962 secs] [Times: user=0.01 sys=0.00, real=0.00 secs] 
257.599: [GC (Allocation Failure) [PSYoungGen: 76240K->1472K(83968K)] 337973K->263205K(775680K), 0.0015137 secs] [Times: user=0.00 sys=0.00, real=0.00 secs] 
257.965: [GC (Allocation Failure) [PSYoungGen: 83904K->1376K(83456K)] 345637K->263109K(775168K), 0.0016411 secs] [Times: user=0.01 sys=0.00, real=0.00 secs] 
258.377: [GC (Allocation Failure) [PSYoungGen: 83296K->1376K(82944K)] 345029K->263109K(774656K), 0.0026296 secs] [Times: user=0.00 sys=0.00, real=0.01 secs] 
258.979: [GC (Allocation Failure) [PSYoungGen: 82784K->1408K(82432K)] 344517K->263141K(774144K), 0.0026441 secs] [Times: user=0.01 sys=0.00, real=0.00 secs] 
259.417: [GC (Allocation Failure) [PSYoungGen: 82304K->1456K(81920K)] 344037K->263189K(773632K), 0.0018365 secs] [Times: user=0.01 sys=0.00, real=0.01 secs] 
259.606: [GC (Allocation Failure) [PSYoungGen: 81840K->1488K(81408K)] 343573K->263221K(773120K), 0.0020389 secs] [Times: user=0.01 sys=0.00, real=0.00 secs] 
259.817: [GC (Allocation Failure) [PSYoungGen: 81360K->1453K(80896K)] 343093K->263186K(772608K), 0.0022086 secs] [Times: user=0.01 sys=0.00, real=0.01 secs] 
260.132: [GC (Allocation Failure) [PSYoungGen: 80813K->1456K(80384K)] 342546K->263197K(772096K), 0.0023848 secs] [Times: user=0.01 sys=0.00, real=0.00 secs] 
260.459: [GC (Allocation Failure) [PSYoungGen: 80304K->1392K(79872K)] 342045K->263149K(771584K), 0.0017909 secs] [Times: user=0.01 sys=0.00, real=0.00 secs] 
260.785: [GC (Allocation Failure) [PSYoungGen: 79728K->1408K(79360K)] 341485K->263165K(771072K), 0.0019287 secs] [Times: user=0.01 sys=0.00, real=0.00 secs] 
261.278: [GC (Allocation Failure) [PSYoungGen: 79232K->1376K(78848K)] 340989K->263133K(770560K), 0.0019995 secs] [Times: user=0.01 sys=0.00, real=0.01 secs] 
261.721: [GC (Allocation Failure) [PSYoungGen: 78688K->1517K(78336K)] 340445K->263274K(770048K), 0.0019341 secs] [Times: user=0.01 sys=0.00, real=0.00 secs] 
261.862: [GC (Allocation Failure) [PSYoungGen: 78317K->1488K(77824K)] 340074K->263277K(769536K), 0.0016231 secs] [Times: user=0.01 sys=0.00, real=0.00 secs] 
261.995: [GC (Allocation Failure) [PSYoungGen: 77776K->1485K(77312K)] 339565K->263274K(769024K), 0.0016403 secs] [Times: user=0.00 sys=0.00, real=0.00 secs] 
262.647: [GC (Allocation Failure) [PSYoungGen: 77261K->1456K(76800K)] 339050K->263245K(768512K), 0.0022735 secs] [Times: user=0.01 sys=0.01, real=0.01 secs] 
263.398: [GC (Allocation Failure) [PSYoungGen: 76720K->1328K(76288K)] 338509K->263117K(768000K), 0.0026052 secs] [Times: user=0.01 sys=0.00, real=0.00 secs] 
264.485: [GC (Allocation Failure) [PSYoungGen: 76080K->1408K(75776K)] 337869K->263197K(767488K), 0.0025246 secs] [Times: user=0.01 sys=0.00, real=0.01 secs] 
265.373: [GC (Allocation Failure) [PSYoungGen: 75648K->1376K(75264K)] 337437K->263165K(766976K), 0.0028463 secs] [Times: user=0.01 sys=0.00, real=0.00 secs] 
265.735: [GC (Allocation Failure) [PSYoungGen: 75104K->1517K(74752K)] 336893K->263306K(766464K), 0.0016578 secs] [Times: user=0.01 sys=0.00, real=0.00 secs] 
265.867: [GC (Allocation Failure) [PSYoungGen: 74733K->1488K(74240K)] 336522K->263277K(765952K), 0.0015337 secs] [Times: user=0.01 sys=0.00, real=0.01 secs] 
265.997: [GC (Allocation Failure) [PSYoungGen: 74192K->1456K(73728K)] 335981K->263245K(765440K), 0.0015457 secs] [Times: user=0.00 sys=0.00, real=0.01 secs] 
266.549: [GC (Allocation Failure) [PSYoungGen: 73648K->1712K(73728K)] 335437K->263501K(765440K), 0.0021747 secs] [Times: user=0.01 sys=0.00, real=0.00 secs] 
267.388: [GC (Allocation Failure) [PSYoungGen: 73392K->384K(71680K)] 335181K->263205K(763392K), 0.0021807 secs] [Times: user=0.01 sys=0.00, real=0.01 secs] 
268.410: [GC (Allocation Failure) [PSYoungGen: 71552K->336K(72704K)] 334373K->263157K(764416K), 0.0024231 secs] [Times: user=0.01 sys=0.00, real=0.00 secs] 
269.157: [GC (Allocation Failure) [PSYoungGen: 70992K->320K(70656K)] 333813K->263141K(762368K), 0.0027425 secs] [Times: user=0.01 sys=0.00, real=0.01 secs] 
269.878: [GC (Allocation Failure) [PSYoungGen: 70464K->1456K(71168K)] 333285K->264277K(762880K), 0.0023453 secs] [Times: user=0.01 sys=0.00, real=0.00 secs] 
270.055: [GC (Allocation Failure) [PSYoungGen: 71072K->1485K(70656K)] 333893K->264306K(762368K), 0.0017248 secs] [Times: user=0.00 sys=0.00, real=0.00 secs] 
270.177: [GC (Allocation Failure) [PSYoungGen: 70605K->1456K(70144K)] 333426K->264277K(761856K), 0.0016932 secs] [Times: user=0.01 sys=0.00, real=0.01 secs] 
270.297: [GC (Allocation Failure) [PSYoungGen: 70064K->1456K(76800K)] 332885K->264277K(768512K), 0.0015692 secs] [Times: user=0.01 sys=0.00, real=0.01 secs] 
270.674: [GC (Allocation Failure) [PSYoungGen: 76720K->1472K(76288K)] 339541K->264293K(768000K), 0.0017171 secs] [Times: user=0.00 sys=0.01, real=0.00 secs] 
271.404: [GC (Allocation Failure) [PSYoungGen: 76224K->1408K(75776K)] 339045K->264229K(767488K), 0.0020206 secs] [Times: user=0.01 sys=0.00, real=0.00 secs] 
271.792: [GC (Allocation Failure) [PSYoungGen: 75648K->1376K(75264K)] 338469K->264197K(766976K), 0.0019757 secs] [Times: user=0.01 sys=0.00, real=0.00 secs] 
272.121: [GC (Allocation Failure) [PSYoungGen: 75104K->1408K(74752K)] 337925K->264229K(766464K), 0.0018142 secs] [Times: user=0.00 sys=0.00, real=0.00 secs] 
272.436: [GC (Allocation Failure) [PSYoungGen: 74624K->1485K(74240K)] 337445K->264314K(765952K), 0.0016463 secs] [Times: user=0.00 sys=0.00, real=0.00 secs] 
272.565: [GC (Allocation Failure) [PSYoungGen: 74189K->1456K(73728K)] 337018K->264285K(765440K), 0.0013998 secs] [Times: user=0.01 sys=0.00, real=0.00 secs] 
272.692: [GC (Allocation Failure) [PSYoungGen: 73648K->1456K(73216K)] 336477K->264285K(764928K), 0.0015013 secs] [Times: user=0.00 sys=0.00, real=0.00 secs] 
272.924: [GC (Allocation Failure) [PSYoungGen: 73136K->1520K(72704K)] 335965K->264397K(764416K), 0.0017940 secs] [Times: user=0.01 sys=0.00, real=0.00 secs] 
273.754: [GC (Allocation Failure) [PSYoungGen: 72688K->1360K(72192K)] 335565K->264253K(763904K), 0.0074243 secs] [Times: user=0.03 sys=0.00, real=0.01 secs] 
274.532: [GC (Allocation Failure) [PSYoungGen: 72016K->1376K(71680K)] 334909K->264269K(763392K), 0.0023869 secs] [Times: user=0.01 sys=0.00, real=0.00 secs] 
275.443: [GC (Allocation Failure) [PSYoungGen: 71520K->1376K(71168K)] 334413K->264269K(762880K), 0.0027474 secs] [Times: user=0.01 sys=0.01, real=0.00 secs] 
276.438: [GC (Allocation Failure) [PSYoungGen: 71008K->1424K(70656K)] 333901K->264317K(762368K), 0.0031344 secs] [Times: user=0.01 sys=0.00, real=0.01 secs] 
276.668: [GC (Allocation Failure) [PSYoungGen: 70544K->1517K(70144K)] 333437K->264410K(761856K), 0.0019210 secs] [Times: user=0.01 sys=0.00, real=0.00 secs] 
276.795: [GC (Allocation Failure) [PSYoungGen: 70125K->1517K(69632K)] 333018K->264434K(761344K), 0.0014429 secs] [Times: user=0.01 sys=0.00, real=0.00 secs] 
276.915: [GC (Allocation Failure) [PSYoungGen: 69613K->1488K(76288K)] 332530K->264421K(768000K), 0.0015674 secs] [Times: user=0.01 sys=0.00, real=0.00 secs] 
277.151: [GC (Allocation Failure) [PSYoungGen: 76240K->1488K(75776K)] 339173K->264421K(767488K), 0.0016469 secs] [Times: user=0.01 sys=0.00, real=0.00 secs] 
277.460: [GC (Allocation Failure) [PSYoungGen: 75728K->1472K(75264K)] 338661K->264405K(766976K), 0.0019926 secs] [Times: user=0.01 sys=0.00, real=0.00 secs] 
277.767: [GC (Allocation Failure) [PSYoungGen: 75200K->1424K(74752K)] 338133K->264357K(766464K), 0.0016811 secs] [Times: user=0.01 sys=0.00, real=0.01 secs] 
278.310: [GC (Allocation Failure) [PSYoungGen: 74640K->1440K(74240K)] 337573K->264373K(765952K), 0.0021018 secs] [Times: user=0.01 sys=0.00, real=0.00 secs] 
278.697: [GC (Allocation Failure) [PSYoungGen: 74144K->1517K(73728K)] 337077K->264450K(765440K), 0.0014339 secs] [Times: user=0.01 sys=0.00, real=0.01 secs] 
278.845: [GC (Allocation Failure) [PSYoungGen: 73709K->1549K(73728K)] 336642K->264482K(765440K), 0.0018474 secs] [Times: user=0.00 sys=0.00, real=0.00 secs] 
279.007: [GC (Allocation Failure) [PSYoungGen: 73229K->525K(72192K)] 336162K->264482K(763904K), 0.0014762 secs] [Times: user=0.01 sys=0.00, real=0.01 secs] 
279.131: [GC (Allocation Failure) [PSYoungGen: 71693K->445K(78336K)] 335650K->264466K(770048K), 0.0015379 secs] [Times: user=0.01 sys=0.00, real=0.00 secs] 
279.779: [GC (Allocation Failure) [PSYoungGen: 78269K->1440K(78848K)] 342290K->265461K(770560K), 0.0036850 secs] [Times: user=0.01 sys=0.00, real=0.00 secs] 
280.424: [GC (Allocation Failure) [PSYoungGen: 78752K->1408K(78336K)] 342773K->265429K(770048K), 0.0025663 secs] [Times: user=0.01 sys=0.00, real=0.00 secs] 
281.652: [GC (Allocation Failure) [PSYoungGen: 78208K->1376K(77824K)] 342229K->265397K(769536K), 0.0026377 secs] [Times: user=0.01 sys=0.00, real=0.00 secs] 
282.539: [GC (Allocation Failure) [PSYoungGen: 77664K->1421K(77312K)] 341685K->265442K(769024K), 0.0026148 secs] [Times: user=0.01 sys=0.00, real=0.00 secs] 
282.780: [GC (Allocation Failure) [PSYoungGen: 77197K->1517K(76800K)] 341218K->265570K(768512K), 0.0020308 secs] [Times: user=0.01 sys=0.00, real=0.00 secs] 
282.926: [GC (Allocation Failure) [PSYoungGen: 76781K->1517K(76288K)] 340834K->265570K(768000K), 0.0015381 secs] [Times: user=0.00 sys=0.00, real=0.00 secs] 
283.080: [GC (Allocation Failure) [PSYoungGen: 76269K->1485K(75776K)] 340322K->265538K(767488K), 0.0017084 secs] [Times: user=0.01 sys=0.00, real=0.00 secs] 
283.950: [GC (Allocation Failure) [PSYoungGen: 75725K->1408K(75264K)] 339778K->265477K(766976K), 0.0034056 secs] [Times: user=0.01 sys=0.00, real=0.00 secs] 
284.550: [GC (Allocation Failure) [PSYoungGen: 75136K->1376K(74752K)] 339205K->265445K(766464K), 0.0022316 secs] [Times: user=0.00 sys=0.00, real=0.00 secs] 
285.160: [GC (Allocation Failure) [PSYoungGen: 74592K->1408K(74240K)] 338661K->265477K(765952K), 0.0022354 secs] [Times: user=0.01 sys=0.00, real=0.00 secs] 
285.710: [GC (Allocation Failure) [PSYoungGen: 74112K->1392K(73728K)] 338181K->265461K(765440K), 0.0018975 secs] [Times: user=0.01 sys=0.00, real=0.00 secs] 
285.878: [GC (Allocation Failure) [PSYoungGen: 73584K->1517K(73216K)] 337653K->265586K(764928K), 0.0018132 secs] [Times: user=0.01 sys=0.00, real=0.01 secs] 
286.005: [GC (Allocation Failure) [PSYoungGen: 73197K->1469K(72704K)] 337266K->265538K(764416K), 0.0014022 secs] [Times: user=0.00 sys=0.00, real=0.00 secs] 
286.132: [GC (Allocation Failure) [PSYoungGen: 72637K->1456K(79360K)] 336706K->265525K(771072K), 0.0016620 secs] [Times: user=0.01 sys=0.00, real=0.00 secs] 
286.407: [GC (Allocation Failure) [PSYoungGen: 79280K->1472K(78848K)] 343349K->265541K(770560K), 0.0017422 secs] [Times: user=0.00 sys=0.00, real=0.01 secs] 
286.788: [GC (Allocation Failure) [PSYoungGen: 78784K->1376K(78336K)] 342853K->265461K(770048K), 0.0017383 secs] [Times: user=0.01 sys=0.00, real=0.00 secs] 
287.111: [GC (Allocation Failure) [PSYoungGen: 78176K->1344K(77824K)] 342261K->265429K(769536K), 0.0016208 secs] [Times: user=0.00 sys=0.00, real=0.00 secs] 
287.434: [GC (Allocation Failure) [PSYoungGen: 77632K->1440K(77312K)] 341717K->265525K(769024K), 0.0018870 secs] [Times: user=0.01 sys=0.00, real=0.00 secs] 
287.649: [GC (Allocation Failure) [PSYoungGen: 77216K->1456K(76800K)] 341301K->265541K(768512K), 0.0016027 secs] [Times: user=0.01 sys=0.00, real=0.00 secs] 
287.780: [GC (Allocation Failure) [PSYoungGen: 76720K->1485K(76288K)] 340805K->265570K(768000K), 0.0016411 secs] [Times: user=0.00 sys=0.00, real=0.00 secs] 
287.911: [GC (Allocation Failure) [PSYoungGen: 76237K->1485K(83456K)] 340322K->265570K(775168K), 0.0014465 secs] [Times: user=0.01 sys=0.00, real=0.00 secs] 
288.203: [GC (Allocation Failure) [PSYoungGen: 83405K->1392K(82944K)] 347490K->265477K(774656K), 0.0018576 secs] [Times: user=0.00 sys=0.00, real=0.00 secs] 
288.640: [GC (Allocation Failure) [PSYoungGen: 82800K->1376K(82432K)] 346885K->265461K(774144K), 0.0015863 secs] [Times: user=0.01 sys=0.00, real=0.00 secs] 
289.041: [GC (Allocation Failure) [PSYoungGen: 82272K->1376K(81920K)] 346357K->265461K(773632K), 0.0026223 secs] [Times: user=0.01 sys=0.00, real=0.00 secs] 
289.673: [GC (Allocation Failure) [PSYoungGen: 81548K->288K(80384K)] 345633K->264373K(772096K), 0.0025588 secs] [Times: user=0.01 sys=0.00, real=0.00 secs] 
289.870: [GC (Allocation Failure) [PSYoungGen: 80160K->1488K(81408K)] 344245K->265573K(773120K), 0.0014525 secs] [Times: user=0.01 sys=0.00, real=0.00 secs] 
290.010: [GC (Allocation Failure) [PSYoungGen: 80848K->1520K(80384K)] 344933K->265605K(772096K), 0.0016691 secs] [Times: user=0.00 sys=0.00, real=0.00 secs] 
290.148: [GC (Allocation Failure) [PSYoungGen: 80368K->1520K(88064K)] 344453K->265605K(779776K), 0.0016691 secs] [Times: user=0.01 sys=0.00, real=0.01 secs] 
290.568: [GC (Allocation Failure) [PSYoungGen: 88048K->1408K(87552K)] 352133K->265493K(779264K), 0.0017955 secs] [Times: user=0.01 sys=0.00, real=0.01 secs] 
290.925: [GC (Allocation Failure) [PSYoungGen: 87424K->1408K(87040K)] 351509K->265493K(778752K), 0.0024316 secs] [Times: user=0.01 sys=0.00, real=0.00 secs] 
291.281: [GC (Allocation Failure) [PSYoungGen: 86912K->1376K(86528K)] 350997K->265461K(778240K), 0.0022793 secs] [Times: user=0.01 sys=0.00, real=0.00 secs] 
291.569: [GC (Allocation Failure) [PSYoungGen: 86368K->1485K(86016K)] 350453K->265570K(777728K), 0.0016654 secs] [Times: user=0.01 sys=0.00, real=0.00 secs] 
291.719: [GC (Allocation Failure) [PSYoungGen: 85965K->1517K(85504K)] 350050K->265626K(777216K), 0.0015456 secs] [Times: user=0.00 sys=0.00, real=0.00 secs] 
291.868: [GC (Allocation Failure) [PSYoungGen: 85485K->1517K(84992K)] 349594K->265626K(776704K), 0.0015723 secs] [Times: user=0.00 sys=0.00, real=0.01 secs] 
292.606: [GC (Allocation Failure) [PSYoungGen: 84973K->1456K(84480K)] 349082K->265565K(776192K), 0.0025568 secs] [Times: user=0.01 sys=0.00, real=0.01 secs] 
293.443: [GC (Allocation Failure) [PSYoungGen: 84400K->1376K(83968K)] 348509K->265485K(775680K), 0.0026634 secs] [Times: user=0.01 sys=0.00, real=0.00 secs] 
294.438: [GC (Allocation Failure) [PSYoungGen: 83808K->1408K(83456K)] 347917K->265517K(775168K), 0.0023635 secs] [Times: user=0.01 sys=0.00, real=0.01 secs] 
295.779: [GC (Allocation Failure) [PSYoungGen: 83328K->1456K(82944K)] 347437K->265565K(774656K), 0.0030451 secs] [Times: user=0.01 sys=0.00, real=0.00 secs] 
296.010: [GC (Allocation Failure) [PSYoungGen: 82864K->1485K(82432K)] 346973K->265594K(774144K), 0.0015344 secs] [Times: user=0.01 sys=0.00, real=0.00 secs] 
296.153: [GC (Allocation Failure) [PSYoungGen: 82381K->1488K(81920K)] 346490K->265597K(773632K), 0.0015965 secs] [Times: user=0.01 sys=0.00, real=0.00 secs] 
296.292: [GC (Allocation Failure) [PSYoungGen: 81872K->1488K(81408K)] 345981K->265597K(773120K), 0.0014971 secs] [Times: user=0.00 sys=0.00, real=0.00 secs] 
297.021: [GC (Allocation Failure) [PSYoungGen: 81360K->1440K(80896K)] 345469K->265549K(772608K), 0.0021856 secs] [Times: user=0.01 sys=0.00, real=0.00 secs] 
297.350: [GC (Allocation Failure) [PSYoungGen: 80800K->1376K(80384K)] 344909K->265493K(772096K), 0.0017998 secs] [Times: user=0.00 sys=0.00, real=0.00 secs] 
298.059: [GC (Allocation Failure) [PSYoungGen: 80224K->1376K(79872K)] 344341K->265493K(771584K), 0.0029308 secs] [Times: user=0.01 sys=0.00, real=0.00 secs] 
298.613: [GC (Allocation Failure) [PSYoungGen: 79712K->1440K(79360K)] 343829K->265557K(771072K), 0.0022120 secs] [Times: user=0.00 sys=0.00, real=0.00 secs] 
298.798: [GC (Allocation Failure) [PSYoungGen: 79264K->1520K(78848K)] 343381K->265637K(770560K), 0.0016979 secs] [Times: user=0.00 sys=0.00, real=0.01 secs] 
298.934: [GC (Allocation Failure) [PSYoungGen: 78832K->1517K(78336K)] 342949K->265634K(770048K), 0.0014502 secs] [Times: user=0.00 sys=0.00, real=0.00 secs] 
299.067: [GC (Allocation Failure) [PSYoungGen: 78317K->1485K(77824K)] 342434K->265602K(769536K), 0.0015031 secs] [Times: user=0.01 sys=0.00, real=0.01 secs] 
300.496: [GC (Allocation Failure) [PSYoungGen: 77773K->1408K(77312K)] 341890K->265533K(769024K), 0.0035666 secs] [Times: user=0.01 sys=0.00, real=0.01 secs] 
301.685: [GC (Allocation Failure) [PSYoungGen: 77184K->1344K(76800K)] 341309K->265469K(768512K), 0.0036558 secs] [Times: user=0.01 sys=0.00, real=0.01 secs] 
302.436: [GC (Allocation Failure) [PSYoungGen: 76608K->1344K(76288K)] 340733K->265469K(768000K), 0.0024406 secs] [Times: user=0.01 sys=0.00, real=0.01 secs] 
302.934: [GC (Allocation Failure) [PSYoungGen: 76096K->1421K(75776K)] 340221K->265546K(767488K), 0.0023284 secs] [Times: user=0.01 sys=0.00, real=0.00 secs] 
303.104: [GC (Allocation Failure) [PSYoungGen: 75661K->1456K(75264K)] 339786K->265581K(766976K), 0.0015794 secs] [Times: user=0.01 sys=0.00, real=0.00 secs] 
303.234: [GC (Allocation Failure) [PSYoungGen: 75184K->1488K(74752K)] 339309K->265613K(766464K), 0.0015780 secs] [Times: user=0.01 sys=0.00, real=0.00 secs] 
303.364: [GC (Allocation Failure) [PSYoungGen: 74704K->1517K(74240K)] 338829K->265642K(765952K), 0.0015230 secs] [Times: user=0.01 sys=0.00, real=0.00 secs] 
304.527: [GC (Allocation Failure) [PSYoungGen: 74221K->1440K(73728K)] 338346K->265565K(765440K), 0.0037174 secs] [Times: user=0.01 sys=0.00, real=0.01 secs] 
305.194: [GC (Allocation Failure) [PSYoungGen: 73632K->1408K(73216K)] 337757K->265533K(764928K), 0.0033080 secs] [Times: user=0.02 sys=0.00, real=0.00 secs] 
305.983: [GC (Allocation Failure) [PSYoungGen: 73088K->1376K(72704K)] 337213K->265525K(764416K), 0.0025687 secs] [Times: user=0.01 sys=0.00, real=0.00 secs] 
306.857: [GC (Allocation Failure) [PSYoungGen: 72544K->1376K(72192K)] 336693K->265525K(763904K), 0.0025714 secs] [Times: user=0.01 sys=0.00, real=0.01 secs] 
307.170: [GC (Allocation Failure) [PSYoungGen: 72032K->1488K(71680K)] 336181K->265637K(763392K), 0.0017046 secs] [Times: user=0.01 sys=0.00, real=0.00 secs] 
307.293: [GC (Allocation Failure) [PSYoungGen: 71632K->1453K(71168K)] 335781K->265602K(762880K), 0.0015080 secs] [Times: user=0.01 sys=0.00, real=0.00 secs] 
307.435: [GC (Allocation Failure) [PSYoungGen: 71085K->1517K(70656K)] 335234K->265666K(762368K), 0.0019166 secs] [Times: user=0.01 sys=0.00, real=0.00 secs] 
307.658: [GC (Allocation Failure) [PSYoungGen: 70637K->928K(69632K)] 334786K->266109K(761344K), 0.0018707 secs] [Times: user=0.01 sys=0.00, real=0.01 secs] 
307.943: [GC (Allocation Failure) [PSYoungGen: 69536K->352K(68608K)] 334717K->265541K(760320K), 0.0018583 secs] [Times: user=0.01 sys=0.00, real=0.00 secs] 
308.240: [GC (Allocation Failure) [PSYoungGen: 68448K->384K(68608K)] 333637K->265573K(760320K), 0.0018340 secs] [Times: user=0.01 sys=0.00, real=0.00 secs] 
308.523: [GC (Allocation Failure) [PSYoungGen: 68480K->384K(70144K)] 333669K->265573K(761856K), 0.0017760 secs] [Times: user=0.01 sys=0.00, real=0.00 secs] 
308.883: [GC (Allocation Failure) [PSYoungGen: 68370K->304K(68608K)] 333559K->265493K(760320K), 0.0021877 secs] [Times: user=0.01 sys=0.01, real=0.00 secs] 
309.027: [GC (Allocation Failure) [PSYoungGen: 68400K->1485K(69632K)] 333589K->266674K(761344K), 0.0014165 secs] [Times: user=0.01 sys=0.00, real=0.01 secs] 
309.164: [GC (Allocation Failure) [PSYoungGen: 69581K->1552K(76800K)] 334770K->266741K(768512K), 0.0017947 secs] [Times: user=0.00 sys=0.00, real=0.00 secs] 
309.325: [GC (Allocation Failure) [PSYoungGen: 76304K->1520K(83968K)] 341493K->266709K(775680K), 0.0016258 secs] [Times: user=0.01 sys=0.00, real=0.00 secs] 
310.428: [GC (Allocation Failure) [PSYoungGen: 83952K->1456K(83456K)] 349141K->266645K(775168K), 0.0028783 secs] [Times: user=0.01 sys=0.00, real=0.00 secs] 
311.246: [GC (Allocation Failure) [PSYoungGen: 83376K->1408K(82944K)] 348565K->266597K(774656K), 0.0022689 secs] [Times: user=0.01 sys=0.00, real=0.00 secs] 
312.048: [GC (Allocation Failure) [PSYoungGen: 82816K->1376K(82432K)] 348005K->266565K(774144K), 0.0026179 secs] [Times: user=0.01 sys=0.00, real=0.01 secs] 
313.086: [GC (Allocation Failure) [PSYoungGen: 82272K->1408K(81920K)] 347461K->266597K(773632K), 0.0028071 secs] [Times: user=0.01 sys=0.00, real=0.01 secs] 
314.003: [GC (Allocation Failure) [PSYoungGen: 81792K->1485K(81408K)] 346981K->266698K(773120K), 0.0015212 secs] [Times: user=0.01 sys=0.00, real=0.00 secs] 
314.143: [GC (Allocation Failure) [PSYoungGen: 81357K->1488K(80896K)] 346570K->266701K(772608K), 0.0015790 secs] [Times: user=0.00 sys=0.00, real=0.00 secs] 
314.305: [GC (Allocation Failure) [PSYoungGen: 80848K->1517K(80384K)] 346061K->266730K(772096K), 0.0019604 secs] [Times: user=0.00 sys=0.00, real=0.00 secs] 
314.638: [GC (Allocation Failure) [PSYoungGen: 80365K->1472K(79872K)] 345578K->266693K(771584K), 0.0020872 secs] [Times: user=0.01 sys=0.00, real=0.01 secs] 
314.963: [GC (Allocation Failure) [PSYoungGen: 79808K->1344K(79360K)] 345029K->266565K(771072K), 0.0020101 secs] [Times: user=0.01 sys=0.00, real=0.00 secs] 
315.287: [GC (Allocation Failure) [PSYoungGen: 79168K->1312K(78848K)] 344389K->266533K(770560K), 0.0021332 secs] [Times: user=0.01 sys=0.01, real=0.01 secs] 
315.603: [GC (Allocation Failure) [PSYoungGen: 78624K->1456K(78336K)] 343845K->266677K(770048K), 0.0019478 secs] [Times: user=0.00 sys=0.00, real=0.00 secs] 
315.757: [GC (Allocation Failure) [PSYoungGen: 78256K->1456K(77824K)] 343477K->266677K(769536K), 0.0015421 secs] [Times: user=0.01 sys=0.00, real=0.01 secs] 
315.892: [GC (Allocation Failure) [PSYoungGen: 77744K->1485K(77312K)] 342965K->266706K(769024K), 0.0014228 secs] [Times: user=0.01 sys=0.00, real=0.00 secs] 
316.049: [GC (Allocation Failure) [PSYoungGen: 77261K->1517K(76800K)] 342482K->266738K(768512K), 0.0017299 secs] [Times: user=0.01 sys=0.00, real=0.00 secs] 
316.643: [GC (Allocation Failure) [PSYoungGen: 76781K->1376K(76288K)] 342002K->266597K(768000K), 0.0026986 secs] [Times: user=0.01 sys=0.00, real=0.00 secs] 
317.289: [GC (Allocation Failure) [PSYoungGen: 76128K->1376K(75776K)] 341349K->266605K(767488K), 0.0019528 secs] [Times: user=0.00 sys=0.00, real=0.00 secs] 
317.818: [GC (Allocation Failure) [PSYoungGen: 75616K->1312K(75264K)] 340845K->266541K(766976K), 0.0016806 secs] [Times: user=0.00 sys=0.00, real=0.01 secs] 
318.417: [GC (Allocation Failure) [PSYoungGen: 75040K->1408K(74752K)] 340269K->266637K(766464K), 0.0022508 secs] [Times: user=0.00 sys=0.00, real=0.01 secs] 
319.161: [GC (Allocation Failure) [PSYoungGen: 74600K->1485K(74240K)] 339829K->266714K(765952K), 0.0018412 secs] [Times: user=0.01 sys=0.00, real=0.00 secs] 
319.292: [GC (Allocation Failure) [PSYoungGen: 74189K->1485K(73728K)] 339418K->266714K(765440K), 0.0018554 secs] [Times: user=0.01 sys=0.00, real=0.00 secs] 
319.418: [GC (Allocation Failure) [PSYoungGen: 73677K->1520K(73216K)] 338906K->266749K(764928K), 0.0014777 secs] [Times: user=0.01 sys=0.00, real=0.01 secs] 
319.634: [GC (Allocation Failure) [PSYoungGen: 73200K->1440K(72704K)] 338429K->266677K(764416K), 0.0018785 secs] [Times: user=0.01 sys=0.00, real=0.00 secs] 
320.092: [GC (Allocation Failure) [PSYoungGen: 72608K->1408K(72192K)] 337845K->266653K(763904K), 0.0018466 secs] [Times: user=0.00 sys=0.00, real=0.00 secs] 
320.672: [GC (Allocation Failure) [PSYoungGen: 72064K->1408K(71680K)] 337309K->266653K(763392K), 0.0020894 secs] [Times: user=0.01 sys=0.00, real=0.00 secs] 
321.287: [GC (Allocation Failure) [PSYoungGen: 71552K->1408K(71168K)] 336797K->266653K(762880K), 0.0024198 secs] [Times: user=0.01 sys=0.00, real=0.01 secs] 
321.761: [GC (Allocation Failure) [PSYoungGen: 71040K->1453K(70656K)] 336285K->266698K(762368K), 0.0021217 secs] [Times: user=0.00 sys=0.00, real=0.00 secs] 
321.895: [GC (Allocation Failure) [PSYoungGen: 70573K->1517K(70144K)] 335818K->266762K(761856K), 0.0014700 secs] [Times: user=0.00 sys=0.00, real=0.00 secs] 
322.015: [GC (Allocation Failure) [PSYoungGen: 70099K->1421K(69632K)] 335344K->266666K(761344K), 0.0015965 secs] [Times: user=0.01 sys=0.00, real=0.00 secs] 
322.135: [GC (Allocation Failure) [PSYoungGen: 69517K->1517K(76288K)] 334762K->266762K(768000K), 0.0014339 secs] [Times: user=0.01 sys=0.00, real=0.00 secs] 
322.662: [GC (Allocation Failure) [PSYoungGen: 76269K->1408K(75776K)] 341514K->266653K(767488K), 0.0021085 secs] [Times: user=0.01 sys=0.00, real=0.00 secs] 
323.295: [GC (Allocation Failure) [PSYoungGen: 75648K->1344K(75264K)] 340893K->266605K(766976K), 0.0019845 secs] [Times: user=0.01 sys=0.00, real=0.00 secs] 
323.937: [GC (Allocation Failure) [PSYoungGen: 75072K->1344K(74752K)] 340333K->266605K(766464K), 0.0021040 secs] [Times: user=0.00 sys=0.00, real=0.01 secs] 
324.445: [GC (Allocation Failure) [PSYoungGen: 74560K->1376K(74240K)] 339821K->266637K(765952K), 0.0017072 secs] [Times: user=0.01 sys=0.00, real=0.00 secs] 
324.648: [GC (Allocation Failure) [PSYoungGen: 74080K->1485K(73728K)] 339341K->266746K(765440K), 0.0017977 secs] [Times: user=0.01 sys=0.00, real=0.00 secs] 
324.774: [GC (Allocation Failure) [PSYoungGen: 73677K->1517K(73216K)] 338938K->266778K(764928K), 0.0014371 secs] [Times: user=0.01 sys=0.00, real=0.00 secs] 
324.899: [GC (Allocation Failure) [PSYoungGen: 73197K->1488K(72704K)] 338458K->266749K(764416K), 0.0014658 secs] [Times: user=0.00 sys=0.00, real=0.00 secs] 
325.581: [GC (Allocation Failure) [PSYoungGen: 72656K->1424K(72192K)] 337917K->266709K(763904K), 0.0019986 secs] [Times: user=0.00 sys=0.00, real=0.00 secs] 
326.548: [GC (Allocation Failure) [PSYoungGen: 72080K->1392K(71680K)] 337365K->266677K(763392K), 0.0021086 secs] [Times: user=0.00 sys=0.00, real=0.00 secs] 
327.458: [GC (Allocation Failure) [PSYoungGen: 71536K->1344K(71168K)] 336821K->266629K(762880K), 0.0020792 secs] [Times: user=0.01 sys=0.00, real=0.01 secs] 
328.163: [GC (Allocation Failure) [PSYoungGen: 70976K->1408K(70656K)] 336261K->266693K(762368K), 0.0023526 secs] [Times: user=0.01 sys=0.00, real=0.00 secs] 
328.930: [GC (Allocation Failure) [PSYoungGen: 70528K->1472K(70144K)] 335813K->266757K(761856K), 0.0019824 secs] [Times: user=0.01 sys=0.00, real=0.00 secs] 
329.082: [GC (Allocation Failure) [PSYoungGen: 70080K->1485K(69632K)] 335365K->266770K(761344K), 0.0016198 secs] [Times: user=0.00 sys=0.00, real=0.00 secs] 
329.202: [GC (Allocation Failure) [PSYoungGen: 69581K->1485K(69632K)] 334866K->266770K(761344K), 0.0014203 secs] [Times: user=0.01 sys=0.00, real=0.00 secs] 
329.324: [GC (Allocation Failure) [PSYoungGen: 69581K->1488K(69632K)] 334866K->266773K(761344K), 0.0016578 secs] [Times: user=0.01 sys=0.00, real=0.00 secs] 
330.486: [GC (Allocation Failure) [PSYoungGen: 69584K->1392K(69632K)] 334869K->266677K(761344K), 0.0027195 secs] [Times: user=0.01 sys=0.00, real=0.01 secs] 
331.247: [GC (Allocation Failure) [PSYoungGen: 69488K->1376K(69632K)] 334773K->266661K(761344K), 0.0031030 secs] [Times: user=0.01 sys=0.00, real=0.01 secs] 
331.813: [GC (Allocation Failure) [PSYoungGen: 69472K->1408K(69632K)] 334757K->266693K(761344K), 0.0019676 secs] [Times: user=0.00 sys=0.00, real=0.00 secs] 
332.473: [GC (Allocation Failure) [PSYoungGen: 69504K->1360K(69632K)] 334789K->266645K(761344K), 0.0019891 secs] [Times: user=0.01 sys=0.00, real=0.00 secs] 
333.182: [GC (Allocation Failure) [PSYoungGen: 69456K->1485K(69632K)] 334741K->266770K(761344K), 0.0023774 secs] [Times: user=0.01 sys=0.00, real=0.00 secs] 
333.393: [GC (Allocation Failure) [PSYoungGen: 69581K->1485K(69632K)] 334866K->266770K(761344K), 0.0021853 secs] [Times: user=0.01 sys=0.00, real=0.00 secs] 
333.530: [GC (Allocation Failure) [PSYoungGen: 69581K->1488K(69632K)] 334866K->266773K(761344K), 0.0014753 secs] [Times: user=0.01 sys=0.00, real=0.00 secs] 
333.650: [GC (Allocation Failure) [PSYoungGen: 69584K->1520K(69632K)] 334869K->266813K(761344K), 0.0015515 secs] [Times: user=0.00 sys=0.00, real=0.00 secs] 
334.099: [GC (Allocation Failure) [PSYoungGen: 69616K->1424K(69632K)] 334909K->266717K(761344K), 0.0037265 secs] [Times: user=0.01 sys=0.00, real=0.00 secs] 
335.003: [GC (Allocation Failure) [PSYoungGen: 69520K->1344K(69632K)] 334813K->266645K(761344K), 0.0029162 secs] [Times: user=0.01 sys=0.00, real=0.00 secs] 
335.966: [GC (Allocation Failure) [PSYoungGen: 69440K->1408K(69632K)] 334741K->266709K(761344K), 0.0027748 secs] [Times: user=0.00 sys=0.00, real=0.01 secs] 
336.751: [GC (Allocation Failure) [PSYoungGen: 69504K->1344K(69632K)] 334805K->266653K(761344K), 0.0038610 secs] [Times: user=0.01 sys=0.00, real=0.00 secs] 
337.338: [GC (Allocation Failure) [PSYoungGen: 69440K->1485K(69632K)] 334749K->266794K(761344K), 0.0022569 secs] [Times: user=0.01 sys=0.00, real=0.00 secs] 
337.502: [GC (Allocation Failure) [PSYoungGen: 69581K->1469K(69632K)] 334890K->266778K(761344K), 0.0015848 secs] [Times: user=0.01 sys=0.00, real=0.00 secs] 
337.621: [GC (Allocation Failure) [PSYoungGen: 69565K->1485K(69632K)] 334874K->266794K(761344K), 0.0017392 secs] [Times: user=0.00 sys=0.00, real=0.00 secs] 
337.740: [GC (Allocation Failure) [PSYoungGen: 69581K->1520K(76288K)] 334890K->266845K(768000K), 0.0015310 secs] [Times: user=0.01 sys=0.00, real=0.00 secs] 
338.232: [GC (Allocation Failure) [PSYoungGen: 76272K->1456K(75776K)] 341597K->266781K(767488K), 0.0017266 secs] [Times: user=0.01 sys=0.00, real=0.00 secs] 
338.649: [GC (Allocation Failure) [PSYoungGen: 75696K->1408K(75264K)] 341021K->266733K(766976K), 0.0023160 secs] [Times: user=0.01 sys=0.00, real=0.00 secs] 
338.959: [GC (Allocation Failure) [PSYoungGen: 75136K->1376K(74752K)] 340461K->266701K(766464K), 0.0023846 secs] [Times: user=0.01 sys=0.00, real=0.00 secs] 
339.260: [GC (Allocation Failure) [PSYoungGen: 74592K->1408K(74240K)] 339917K->266733K(765952K), 0.0017859 secs] [Times: user=0.00 sys=0.00, real=0.00 secs] 
339.447: [GC (Allocation Failure) [PSYoungGen: 74112K->1517K(73728K)] 339437K->266842K(765440K), 0.0014393 secs] [Times: user=0.01 sys=0.00, real=0.01 secs] 
339.574: [GC (Allocation Failure) [PSYoungGen: 73709K->1456K(73216K)] 339034K->266781K(764928K), 0.0015908 secs] [Times: user=0.00 sys=0.00, real=0.00 secs] 
339.701: [GC (Allocation Failure) [PSYoungGen: 73132K->1485K(80384K)] 338458K->266810K(772096K), 0.0016201 secs] [Times: user=0.01 sys=0.00, real=0.00 secs] 
340.251: [GC (Allocation Failure) [PSYoungGen: 80333K->1456K(79872K)] 345658K->266789K(771584K), 0.0022717 secs] [Times: user=0.01 sys=0.00, real=0.00 secs] 
341.297: [GC (Allocation Failure) [PSYoungGen: 79792K->1360K(79360K)] 345125K->266693K(771072K), 0.0030871 secs] [Times: user=0.01 sys=0.00, real=0.01 secs] 
342.127: [GC (Allocation Failure) [PSYoungGen: 79184K->1344K(78848K)] 344517K->266677K(770560K), 0.0032933 secs] [Times: user=0.01 sys=0.00, real=0.01 secs] 
342.839: [GC (Allocation Failure) [PSYoungGen: 78656K->1344K(78336K)] 343989K->266677K(770048K), 0.0019738 secs] [Times: user=0.00 sys=0.01, real=0.00 secs] 
343.111: [GC (Allocation Failure) [PSYoungGen: 78137K->1440K(77824K)] 343470K->266789K(769536K), 0.0016015 secs] [Times: user=0.01 sys=0.00, real=0.00 secs] 
343.245: [GC (Allocation Failure) [PSYoungGen: 77728K->1488K(77312K)] 343077K->266837K(769024K), 0.0014119 secs] [Times: user=0.00 sys=0.00, real=0.00 secs] 
343.401: [GC (Allocation Failure) [PSYoungGen: 77264K->1456K(76800K)] 342613K->266805K(768512K), 0.0018841 secs] [Times: user=0.01 sys=0.00, real=0.00 secs] 
344.271: [GC (Allocation Failure) [PSYoungGen: 76720K->1376K(76288K)] 342069K->266733K(768000K), 0.0036572 secs] [Times: user=0.02 sys=0.00, real=0.00 secs] 
345.431: [GC (Allocation Failure) [PSYoungGen: 76128K->1408K(75776K)] 341485K->266765K(767488K), 0.0032211 secs] [Times: user=0.01 sys=0.00, real=0.00 secs] 
346.528: [GC (Allocation Failure) [PSYoungGen: 75648K->1344K(75264K)] 341005K->266701K(766976K), 0.0032232 secs] [Times: user=0.02 sys=0.00, real=0.01 secs] 
347.511: [GC (Allocation Failure) [PSYoungGen: 75072K->1376K(74752K)] 340429K->266733K(766464K), 0.0041294 secs] [Times: user=0.02 sys=0.00, real=0.00 secs] 
348.009: [GC (Allocation Failure) [PSYoungGen: 74592K->1485K(74240K)] 339949K->266842K(765952K), 0.0020019 secs] [Times: user=0.01 sys=0.00, real=0.00 secs] 
348.161: [GC (Allocation Failure) [PSYoungGen: 74189K->1520K(73728K)] 339546K->266877K(765440K), 0.0015315 secs] [Times: user=0.01 sys=0.00, real=0.00 secs] 
348.286: [GC (Allocation Failure) [PSYoungGen: 73712K->1517K(73216K)] 339069K->266874K(764928K), 0.0014130 secs] [Times: user=0.01 sys=0.00, real=0.00 secs] 
348.431: [GC (Allocation Failure) [PSYoungGen: 73197K->1453K(72704K)] 338554K->266810K(764416K), 0.0018903 secs] [Times: user=0.00 sys=0.00, real=0.00 secs] 
349.282: [GC (Allocation Failure) [PSYoungGen: 72621K->1440K(72192K)] 337978K->266805K(763904K), 0.0022595 secs] [Times: user=0.00 sys=0.00, real=0.00 secs] 
349.892: [GC (Allocation Failure) [PSYoungGen: 72096K->1392K(71680K)] 337461K->266757K(763392K), 0.0038577 secs] [Times: user=0.01 sys=0.00, real=0.00 secs] 
350.500: [GC (Allocation Failure) [PSYoungGen: 71536K->1376K(71168K)] 336901K->266741K(762880K), 0.0024874 secs] [Times: user=0.01 sys=0.00, real=0.00 secs] 
350.985: [GC (Allocation Failure) [PSYoungGen: 70801K->272K(69632K)] 336166K->265637K(761344K), 0.0019354 secs] [Times: user=0.01 sys=0.00, real=0.00 secs] 
351.125: [GC (Allocation Failure) [PSYoungGen: 69392K->1424K(70144K)] 334757K->266789K(761856K), 0.0015552 secs] [Times: user=0.00 sys=0.00, real=0.00 secs] 
351.245: [GC (Allocation Failure) [PSYoungGen: 70031K->1453K(69632K)] 335396K->266818K(761344K), 0.0017110 secs] [Times: user=0.00 sys=0.00, real=0.00 secs] 
351.364: [GC (Allocation Failure) [PSYoungGen: 69549K->1520K(76288K)] 334914K->266885K(768000K), 0.0014344 secs] [Times: user=0.00 sys=0.00, real=0.00 secs] 
351.862: [GC (Allocation Failure) [PSYoungGen: 76272K->1472K(75776K)] 341637K->266845K(767488K), 0.0021620 secs] [Times: user=0.01 sys=0.00, real=0.00 secs] 
352.551: [GC (Allocation Failure) [PSYoungGen: 75712K->1344K(75264K)] 341085K->266717K(766976K), 0.0020614 secs] [Times: user=0.00 sys=0.00, real=0.00 secs] 
353.168: [GC (Allocation Failure) [PSYoungGen: 75072K->1344K(74752K)] 340445K->266717K(766464K), 0.0023190 secs] [Times: user=0.01 sys=0.00, real=0.01 secs] 
353.517: [GC (Allocation Failure) [PSYoungGen: 74560K->1376K(74240K)] 339933K->266773K(765952K), 0.0016625 secs] [Times: user=0.01 sys=0.00, real=0.01 secs] 
354.011: [GC (Allocation Failure) [PSYoungGen: 74080K->1421K(73728K)] 339477K->266818K(765440K), 0.0019908 secs] [Times: user=0.01 sys=0.00, real=0.00 secs] 
354.143: [GC (Allocation Failure) [PSYoungGen: 73613K->1421K(73216K)] 339010K->266818K(764928K), 0.0014481 secs] [Times: user=0.01 sys=0.00, real=0.00 secs] 
354.287: [GC (Allocation Failure) [PSYoungGen: 73101K->1488K(72704K)] 338498K->266885K(764416K), 0.0018481 secs] [Times: user=0.00 sys=0.00, real=0.01 secs] 
354.437: [GC (Allocation Failure) [PSYoungGen: 72656K->1517K(72192K)] 338053K->266914K(763904K), 0.0014740 secs] [Times: user=0.01 sys=0.00, real=0.01 secs] 
356.798: [GC (Allocation Failure) [PSYoungGen: 72173K->1376K(71680K)] 337570K->266781K(763392K), 0.0031364 secs] [Times: user=0.01 sys=0.00, real=0.00 secs] 
357.413: [GC (Allocation Failure) [PSYoungGen: 71520K->1360K(71168K)] 336925K->266765K(762880K), 0.0022690 secs] [Times: user=0.01 sys=0.00, real=0.00 secs] 
358.268: [GC (Allocation Failure) [PSYoungGen: 70992K->1344K(70656K)] 336397K->266749K(762368K), 0.0026258 secs] [Times: user=0.01 sys=0.00, real=0.00 secs] 
359.178: [GC (Allocation Failure) [PSYoungGen: 70464K->1328K(70144K)] 335869K->266733K(761856K), 0.0024420 secs] [Times: user=0.01 sys=0.00, real=0.00 secs] 
359.492: [GC (Allocation Failure) [PSYoungGen: 69936K->1485K(69632K)] 335341K->266890K(761344K), 0.0018708 secs] [Times: user=0.01 sys=0.00, real=0.00 secs] 
359.616: [GC (Allocation Failure) [PSYoungGen: 69581K->1485K(69632K)] 334986K->266890K(761344K), 0.0014965 secs] [Times: user=0.00 sys=0.00, real=0.00 secs] 
359.737: [GC (Allocation Failure) [PSYoungGen: 69581K->1517K(69632K)] 334986K->266922K(761344K), 0.0016828 secs] [Times: user=0.00 sys=0.01, real=0.01 secs] 
360.007: [GC (Allocation Failure) [PSYoungGen: 69613K->1504K(69632K)] 335018K->267029K(761344K), 0.0018222 secs] [Times: user=0.01 sys=0.00, real=0.01 secs] 
360.655: [GC (Allocation Failure) [PSYoungGen: 69600K->1296K(69632K)] 335125K->266821K(761344K), 0.0019458 secs] [Times: user=0.01 sys=0.00, real=0.00 secs] 
361.345: [GC (Allocation Failure) [PSYoungGen: 69392K->1280K(69632K)] 334917K->266805K(761344K), 0.0018752 secs] [Times: user=0.01 sys=0.00, real=0.00 secs] 
361.629: [GC (Allocation Failure) [PSYoungGen: 69376K->1280K(69632K)] 334901K->266805K(761344K), 0.0020649 secs] [Times: user=0.01 sys=0.00, real=0.00 secs] 
361.930: [GC (Allocation Failure) [PSYoungGen: 69376K->1312K(69632K)] 334901K->266837K(761344K), 0.0018349 secs] [Times: user=0.01 sys=0.00, real=0.00 secs] 
362.248: [GC (Allocation Failure) [PSYoungGen: 69408K->1517K(69632K)] 334933K->267042K(761344K), 0.0017877 secs] [Times: user=0.01 sys=0.00, real=0.01 secs] 
362.367: [GC (Allocation Failure) [PSYoungGen: 69613K->1485K(69632K)] 335138K->267010K(761344K), 0.0014704 secs] [Times: user=0.01 sys=0.00, real=0.01 secs] 
362.486: [GC (Allocation Failure) [PSYoungGen: 69581K->1581K(70144K)] 335106K->267106K(761856K), 0.0015688 secs] [Times: user=0.00 sys=0.00, real=0.00 secs] 
362.746: [GC (Allocation Failure) [PSYoungGen: 69677K->640K(69120K)] 335202K->267189K(760832K), 0.0019617 secs] [Times: user=0.00 sys=0.00, real=0.00 secs] 
363.029: [GC (Allocation Failure) [PSYoungGen: 68736K->528K(69120K)] 335285K->267085K(760832K), 0.0017601 secs] [Times: user=0.01 sys=0.00, real=0.00 secs] 
363.420: [GC (Allocation Failure) [PSYoungGen: 68624K->512K(69120K)] 335181K->267069K(760832K), 0.0021841 secs] [Times: user=0.01 sys=0.00, real=0.00 secs] 
363.704: [GC (Allocation Failure) [PSYoungGen: 68608K->544K(69120K)] 335165K->267101K(760832K), 0.0019481 secs] [Times: user=0.01 sys=0.00, real=0.00 secs] 
364.256: [GC (Allocation Failure) [PSYoungGen: 68640K->1648K(70144K)] 335197K->268205K(761856K), 0.0018150 secs] [Times: user=0.01 sys=0.00, real=0.01 secs] 
364.455: [GC (Allocation Failure) [PSYoungGen: 69744K->1693K(70144K)] 336301K->268250K(761856K), 0.0022911 secs] [Times: user=0.01 sys=0.00, real=0.00 secs] 
364.604: [GC (Allocation Failure) [PSYoungGen: 69789K->1517K(69632K)] 336346K->268144K(761344K), 0.0014144 secs] [Times: user=0.01 sys=0.00, real=0.00 secs] 
364.723: [GC (Allocation Failure) [PSYoungGen: 69613K->1584K(76800K)] 336240K->268374K(768512K), 0.0016705 secs] [Times: user=0.01 sys=0.00, real=0.00 secs] 
365.175: [GC (Allocation Failure) [PSYoungGen: 76336K->1456K(75776K)] 343126K->268246K(767488K), 0.0029421 secs] [Times: user=0.01 sys=0.00, real=0.01 secs] 
365.866: [GC (Allocation Failure) [PSYoungGen: 75696K->1440K(75264K)] 342486K->268230K(766976K), 0.0030453 secs] [Times: user=0.01 sys=0.00, real=0.01 secs] 
366.301: [GC (Allocation Failure) [PSYoungGen: 75168K->1392K(82944K)] 341958K->268182K(774656K), 0.0077650 secs] [Times: user=0.04 sys=0.00, real=0.01 secs] 
366.776: [GC (Allocation Failure) [PSYoungGen: 82800K->1376K(82432K)] 349590K->268166K(774144K), 0.0019476 secs] [Times: user=0.01 sys=0.00, real=0.00 secs] 
367.194: [GC (Allocation Failure) [PSYoungGen: 82272K->1488K(81920K)] 349062K->268302K(773632K), 0.0014978 secs] [Times: user=0.01 sys=0.00, real=0.00 secs] 
367.334: [GC (Allocation Failure) [PSYoungGen: 81872K->1488K(81408K)] 348686K->268302K(773120K), 0.0015972 secs] [Times: user=0.01 sys=0.00, real=0.00 secs] 
367.474: [GC (Allocation Failure) [PSYoungGen: 81360K->1517K(80896K)] 348174K->268331K(772608K), 0.0014384 secs] [Times: user=0.01 sys=0.00, real=0.00 secs] 
368.076: [GC (Allocation Failure) [PSYoungGen: 80877K->1344K(80384K)] 347691K->268190K(772096K), 0.0023270 secs] [Times: user=0.01 sys=0.00, real=0.01 secs] 
370.061: [GC (Allocation Failure) [PSYoungGen: 80192K->1392K(79872K)] 347038K->268238K(771584K), 0.0023366 secs] [Times: user=0.01 sys=0.00, real=0.00 secs] 
371.953: [GC (Allocation Failure) [PSYoungGen: 79728K->1344K(79360K)] 346574K->268190K(771072K), 0.0023587 secs] [Times: user=0.01 sys=0.00, real=0.00 secs] 
373.059: [GC (Allocation Failure) [PSYoungGen: 79168K->1376K(78848K)] 346014K->268222K(770560K), 0.0026591 secs] [Times: user=0.01 sys=0.00, real=0.00 secs] 
373.477: [GC (Allocation Failure) [PSYoungGen: 78688K->1485K(78336K)] 345534K->268331K(770048K), 0.0019464 secs] [Times: user=0.00 sys=0.00, real=0.01 secs] 
373.616: [GC (Allocation Failure) [PSYoungGen: 78285K->1456K(77824K)] 345131K->268302K(769536K), 0.0014887 secs] [Times: user=0.01 sys=0.00, real=0.00 secs] 
373.750: [GC (Allocation Failure) [PSYoungGen: 77744K->1453K(77312K)] 344590K->268299K(769024K), 0.0016665 secs] [Times: user=0.00 sys=0.00, real=0.00 secs] 
374.899: [GC (Allocation Failure) [PSYoungGen: 77229K->1328K(76800K)] 344075K->268174K(768512K), 0.0033405 secs] [Times: user=0.01 sys=0.00, real=0.00 secs] 
375.302: [GC (Allocation Failure) [PSYoungGen: 76592K->1360K(76288K)] 343438K->268214K(768000K), 0.0018598 secs] [Times: user=0.00 sys=0.00, real=0.00 secs] 
375.613: [GC (Allocation Failure) [PSYoungGen: 76112K->1376K(75776K)] 342966K->268230K(767488K), 0.0016461 secs] [Times: user=0.00 sys=0.00, real=0.00 secs] 
375.922: [GC (Allocation Failure) [PSYoungGen: 75616K->1408K(75264K)] 342470K->268278K(766976K), 0.0027020 secs] [Times: user=0.01 sys=0.00, real=0.00 secs] 
376.202: [GC (Allocation Failure) [PSYoungGen: 75136K->1520K(74752K)] 342006K->268390K(766464K), 0.0017692 secs] [Times: user=0.00 sys=0.00, real=0.00 secs] 
376.337: [GC (Allocation Failure) [PSYoungGen: 74736K->1517K(74240K)] 341606K->268403K(765952K), 0.0015146 secs] [Times: user=0.01 sys=0.00, real=0.01 secs] 
376.466: [GC (Allocation Failure) [PSYoungGen: 74221K->1517K(73728K)] 341107K->268403K(765440K), 0.0016083 secs] [Times: user=0.01 sys=0.00, real=0.00 secs] 
376.857: [GC (Allocation Failure) [PSYoungGen: 73709K->1440K(73216K)] 340595K->268334K(764928K), 0.0028906 secs] [Times: user=0.01 sys=0.00, real=0.01 secs] 
377.613: [GC (Allocation Failure) [PSYoungGen: 73120K->1360K(72704K)] 340014K->268254K(764416K), 0.0021890 secs] [Times: user=0.01 sys=0.00, real=0.00 secs] 
377.972: [GC (Allocation Failure) [PSYoungGen: 72528K->1408K(72192K)] 339422K->268310K(763904K), 0.0020587 secs] [Times: user=0.00 sys=0.00, real=0.00 secs] 
378.415: [GC (Allocation Failure) [PSYoungGen: 72064K->1312K(71680K)] 338966K->268214K(763392K), 0.0017580 secs] [Times: user=0.00 sys=0.00, real=0.00 secs] 
379.955: [GC (Allocation Failure) [PSYoungGen: 71456K->1440K(71168K)] 338358K->268342K(762880K), 0.0023717 secs] [Times: user=0.01 sys=0.00, real=0.00 secs] 
380.173: [GC (Allocation Failure) [PSYoungGen: 71072K->1517K(70656K)] 337974K->268443K(762368K), 0.0020667 secs] [Times: user=0.01 sys=0.00, real=0.00 secs] 
380.317: [GC (Allocation Failure) [PSYoungGen: 70637K->1485K(70144K)] 337563K->268411K(761856K), 0.0016228 secs] [Times: user=0.01 sys=0.00, real=0.01 secs] 
380.438: [GC (Allocation Failure) [PSYoungGen: 70093K->1488K(69632K)] 337019K->268414K(761344K), 0.0016674 secs] [Times: user=0.01 sys=0.00, real=0.00 secs] 
380.673: [GC (Allocation Failure) [PSYoungGen: 69584K->1456K(69632K)] 336510K->268382K(761344K), 0.0015661 secs] [Times: user=0.01 sys=0.00, real=0.00 secs] 
380.966: [GC (Allocation Failure) [PSYoungGen: 69552K->1376K(69632K)] 336478K->268302K(761344K), 0.0017408 secs] [Times: user=0.01 sys=0.00, real=0.01 secs] 
381.280: [GC (Allocation Failure) [PSYoungGen: 69472K->1408K(69632K)] 336398K->268334K(761344K), 0.0018458 secs] [Times: user=0.01 sys=0.00, real=0.00 secs] 
381.573: [GC (Allocation Failure) [PSYoungGen: 69504K->1376K(69632K)] 336430K->268302K(761344K), 0.0017599 secs] [Times: user=0.00 sys=0.00, real=0.00 secs] 
382.696: [GC (Allocation Failure) [PSYoungGen: 69472K->1517K(69632K)] 336398K->268443K(761344K), 0.0017880 secs] [Times: user=0.01 sys=0.00, real=0.00 secs] 
382.860: [GC (Allocation Failure) [PSYoungGen: 69613K->1517K(69632K)] 336539K->268443K(761344K), 0.0018650 secs] [Times: user=0.00 sys=0.00, real=0.00 secs] 
383.007: [GC (Allocation Failure) [PSYoungGen: 69613K->1488K(69632K)] 336539K->268414K(761344K), 0.0015895 secs] [Times: user=0.01 sys=0.00, real=0.01 secs] 
383.127: [GC (Allocation Failure) [PSYoungGen: 69584K->1488K(76288K)] 336510K->268422K(768000K), 0.0016804 secs] [Times: user=0.01 sys=0.00, real=0.01 secs] 
383.849: [GC (Allocation Failure) [PSYoungGen: 76240K->1456K(75776K)] 343174K->268406K(767488K), 0.0026936 secs] [Times: user=0.01 sys=0.00, real=0.00 secs] 
385.260: [GC (Allocation Failure) [PSYoungGen: 75696K->1408K(75264K)] 342646K->268358K(766976K), 0.0027479 secs] [Times: user=0.01 sys=0.00, real=0.00 secs] 
386.523: [GC (Allocation Failure) [PSYoungGen: 75136K->1376K(74752K)] 342086K->268326K(766464K), 0.0037271 secs] [Times: user=0.01 sys=0.00, real=0.00 secs] 
387.375: [GC (Allocation Failure) [PSYoungGen: 74592K->1376K(74240K)] 341542K->268326K(765952K), 0.0025079 secs] [Times: user=0.01 sys=0.00, real=0.01 secs] 
387.800: [GC (Allocation Failure) [PSYoungGen: 74080K->1517K(73728K)] 341030K->268467K(765440K), 0.0020247 secs] [Times: user=0.01 sys=0.00, real=0.00 secs] 
387.941: [GC (Allocation Failure) [PSYoungGen: 73709K->1488K(73216K)] 340659K->268438K(764928K), 0.0015751 secs] [Times: user=0.00 sys=0.00, real=0.00 secs] 
388.066: [GC (Allocation Failure) [PSYoungGen: 73168K->1488K(72704K)] 340118K->268438K(764416K), 0.0015416 secs] [Times: user=0.01 sys=0.00, real=0.00 secs] 
388.271: [GC (Allocation Failure) [PSYoungGen: 72656K->1472K(72192K)] 339606K->268422K(763904K), 0.0019067 secs] [Times: user=0.01 sys=0.00, real=0.00 secs] 
388.638: [GC (Allocation Failure) [PSYoungGen: 72128K->1376K(71680K)] 339078K->268326K(763392K), 0.0019762 secs] [Times: user=0.00 sys=0.00, real=0.01 secs] 
389.211: [GC (Allocation Failure) [PSYoungGen: 71520K->1408K(71168K)] 338470K->268358K(762880K), 0.0030696 secs] [Times: user=0.01 sys=0.00, real=0.00 secs] 
389.769: [GC (Allocation Failure) [PSYoungGen: 71040K->1360K(70656K)] 337990K->268310K(762368K), 0.0027233 secs] [Times: user=0.01 sys=0.01, real=0.00 secs] 
390.489: [GC (Allocation Failure) [PSYoungGen: 70480K->1437K(70144K)] 337430K->268387K(761856K), 0.0023685 secs] [Times: user=0.01 sys=0.00, real=0.00 secs] 
390.718: [GC (Allocation Failure) [PSYoungGen: 70045K->1549K(70144K)] 336995K->268499K(761856K), 0.0021890 secs] [Times: user=0.01 sys=0.00, real=0.01 secs] 
390.896: [GC (Allocation Failure) [PSYoungGen: 69645K->493K(68608K)] 336595K->268467K(760320K), 0.0021128 secs] [Times: user=0.01 sys=0.00, real=0.01 secs] 
391.043: [GC (Allocation Failure) [PSYoungGen: 68589K->493K(70144K)] 336563K->268467K(761856K), 0.0014557 secs] [Times: user=0.00 sys=0.00, real=0.00 secs] 
392.213: [GC (Allocation Failure) [PSYoungGen: 68589K->1472K(69632K)] 336563K->269446K(761344K), 0.0034759 secs] [Times: user=0.02 sys=0.00, real=0.00 secs] 
393.657: [GC (Allocation Failure) [PSYoungGen: 69568K->1424K(69632K)] 337542K->269398K(761344K), 0.0027993 secs] [Times: user=0.01 sys=0.00, real=0.01 secs] 
394.992: [GC (Allocation Failure) [PSYoungGen: 69520K->1360K(69632K)] 337494K->269334K(761344K), 0.0029349 secs] [Times: user=0.01 sys=0.00, real=0.00 secs] 
396.423: [GC (Allocation Failure) [PSYoungGen: 69456K->1408K(69632K)] 337430K->269398K(761344K), 0.0039101 secs] [Times: user=0.01 sys=0.00, real=0.00 secs] 
398.050: [GC (Allocation Failure) [PSYoungGen: 69483K->1453K(69632K)] 337473K->269443K(761344K), 0.0024449 secs] [Times: user=0.01 sys=0.00, real=0.00 secs] 
398.238: [GC (Allocation Failure) [PSYoungGen: 69549K->1520K(69632K)] 337539K->269510K(761344K), 0.0017743 secs] [Times: user=0.01 sys=0.00, real=0.00 secs] 
398.358: [GC (Allocation Failure) [PSYoungGen: 69616K->1488K(69632K)] 337606K->269478K(761344K), 0.0014887 secs] [Times: user=0.01 sys=0.00, real=0.01 secs] 
398.477: [GC (Allocation Failure) [PSYoungGen: 69584K->1488K(69632K)] 337574K->269502K(761344K), 0.0017046 secs] [Times: user=0.01 sys=0.00, real=0.01 secs] 
398.730: [GC (Allocation Failure) [PSYoungGen: 69584K->1488K(69632K)] 337598K->269510K(761344K), 0.0016480 secs] [Times: user=0.00 sys=0.00, real=0.00 secs] 
399.230: [GC (Allocation Failure) [PSYoungGen: 69584K->1376K(69632K)] 337606K->269398K(761344K), 0.0017599 secs] [Times: user=0.01 sys=0.00, real=0.00 secs] 
399.899: [GC (Allocation Failure) [PSYoungGen: 69472K->1376K(69632K)] 337494K->269398K(761344K), 0.0019812 secs] [Times: user=0.01 sys=0.00, real=0.00 secs] 
400.485: [GC (Allocation Failure) [PSYoungGen: 69472K->1408K(69632K)] 337494K->269430K(761344K), 0.0021274 secs] [Times: user=0.01 sys=0.00, real=0.00 secs] 
401.090: [GC (Allocation Failure) [PSYoungGen: 69504K->1472K(69632K)] 337526K->269494K(761344K), 0.0020386 secs] [Times: user=0.01 sys=0.00, real=0.00 secs] 
401.249: [GC (Allocation Failure) [PSYoungGen: 69568K->1520K(69632K)] 337590K->269542K(761344K), 0.0016629 secs] [Times: user=0.01 sys=0.00, real=0.00 secs] 
401.367: [GC (Allocation Failure) [PSYoungGen: 69616K->1517K(69632K)] 337638K->269539K(761344K), 0.0014223 secs] [Times: user=0.01 sys=0.00, real=0.01 secs] 
401.486: [GC (Allocation Failure) [PSYoungGen: 69613K->1520K(69632K)] 337635K->269566K(761344K), 0.0016229 secs] [Times: user=0.01 sys=0.00, real=0.00 secs] 
402.048: [GC (Allocation Failure) [PSYoungGen: 69616K->1472K(69632K)] 337662K->269518K(761344K), 0.0026139 secs] [Times: user=0.01 sys=0.00, real=0.00 secs] 
402.833: [GC (Allocation Failure) [PSYoungGen: 69568K->1376K(69632K)] 337614K->269422K(761344K), 0.0034019 secs] [Times: user=0.01 sys=0.00, real=0.00 secs] 
403.723: [GC (Allocation Failure) [PSYoungGen: 69472K->1376K(69632K)] 337518K->269422K(761344K), 0.0024795 secs] [Times: user=0.00 sys=0.00, real=0.00 secs] 
404.518: [GC (Allocation Failure) [PSYoungGen: 69472K->1408K(69632K)] 337518K->269470K(761344K), 0.0026148 secs] [Times: user=0.01 sys=0.00, real=0.00 secs] 
404.957: [GC (Allocation Failure) [PSYoungGen: 69477K->1517K(69632K)] 337539K->269579K(761344K), 0.0019857 secs] [Times: user=0.01 sys=0.00, real=0.01 secs] 
405.098: [GC (Allocation Failure) [PSYoungGen: 69613K->1453K(69632K)] 337675K->269515K(761344K), 0.0016475 secs] [Times: user=0.01 sys=0.00, real=0.01 secs] 
405.217: [GC (Allocation Failure) [PSYoungGen: 69549K->1488K(69632K)] 337611K->269550K(761344K), 0.0015869 secs] [Times: user=0.01 sys=0.00, real=0.01 secs] 
405.336: [GC (Allocation Failure) [PSYoungGen: 69584K->1453K(76288K)] 337646K->269531K(768000K), 0.0015376 secs] [Times: user=0.01 sys=0.00, real=0.00 secs] 
406.046: [GC (Allocation Failure) [PSYoungGen: 76205K->1472K(75776K)] 344283K->269558K(767488K), 0.0021437 secs] [Times: user=0.01 sys=0.00, real=0.01 secs] 
406.725: [GC (Allocation Failure) [PSYoungGen: 75712K->1376K(75264K)] 343798K->269462K(766976K), 0.0025451 secs] [Times: user=0.01 sys=0.00, real=0.00 secs] 
407.036: [GC (Allocation Failure) [PSYoungGen: 75104K->1344K(74752K)] 343190K->269430K(766464K), 0.0018410 secs] [Times: user=0.00 sys=0.00, real=0.00 secs] 
407.388: [GC (Allocation Failure) [PSYoungGen: 74560K->1408K(74240K)] 342646K->269502K(765952K), 0.0018538 secs] [Times: user=0.01 sys=0.00, real=0.00 secs] 
407.585: [GC (Allocation Failure) [PSYoungGen: 74112K->1488K(73728K)] 342206K->269582K(765440K), 0.0014316 secs] [Times: user=0.01 sys=0.00, real=0.00 secs] 
407.738: [GC (Allocation Failure) [PSYoungGen: 73680K->1549K(73728K)] 341774K->269643K(765440K), 0.0020893 secs] [Times: user=0.01 sys=0.00, real=0.01 secs] 
407.910: [GC (Allocation Failure) [PSYoungGen: 73229K->493K(71680K)] 341323K->269611K(763392K), 0.0015830 secs] [Times: user=0.00 sys=0.00, real=0.00 secs] 
408.281: [GC (Allocation Failure) [PSYoungGen: 71661K->1456K(72704K)] 340779K->270582K(764416K), 0.0022467 secs] [Times: user=0.01 sys=0.00, real=0.00 secs] 
408.896: [GC (Allocation Failure) [PSYoungGen: 72112K->1376K(71680K)] 341238K->270502K(763392K), 0.0025707 secs] [Times: user=0.01 sys=0.00, real=0.01 secs] 
409.539: [GC (Allocation Failure) [PSYoungGen: 71520K->1408K(71168K)] 340646K->270534K(762880K), 0.0023087 secs] [Times: user=0.01 sys=0.00, real=0.00 secs] 
409.866: [GC (Allocation Failure) [PSYoungGen: 71040K->1344K(70656K)] 340166K->270470K(762368K), 0.0016886 secs] [Times: user=0.01 sys=0.00, real=0.00 secs] 
410.147: [GC (Allocation Failure) [PSYoungGen: 70464K->1408K(70144K)] 339590K->270534K(761856K), 0.0017867 secs] [Times: user=0.01 sys=0.00, real=0.01 secs] 
410.270: [GC (Allocation Failure) [PSYoungGen: 70016K->1517K(69632K)] 339142K->270643K(761344K), 0.0014607 secs] [Times: user=0.00 sys=0.00, real=0.00 secs] 
410.391: [GC (Allocation Failure) [PSYoungGen: 69613K->1485K(69632K)] 338739K->270611K(761344K), 0.0014933 secs] [Times: user=0.01 sys=0.00, real=0.00 secs] 
410.510: [GC (Allocation Failure) [PSYoungGen: 69581K->1456K(76288K)] 338707K->270582K(768000K), 0.0014311 secs] [Times: user=0.00 sys=0.00, real=0.00 secs] 
410.940: [GC (Allocation Failure) [PSYoungGen: 76208K->1456K(75776K)] 345334K->270590K(767488K), 0.0020817 secs] [Times: user=0.00 sys=0.00, real=0.00 secs] 
411.513: [GC (Allocation Failure) [PSYoungGen: 75696K->1376K(75264K)] 344830K->270510K(766976K), 0.0017983 secs] [Times: user=0.01 sys=0.00, real=0.00 secs] 
412.092: [GC (Allocation Failure) [PSYoungGen: 75104K->1376K(74752K)] 344238K->270510K(766464K), 0.0017678 secs] [Times: user=0.00 sys=0.00, real=0.00 secs] 
412.695: [GC (Allocation Failure) [PSYoungGen: 74592K->1408K(74240K)] 343726K->270558K(765952K), 0.0016572 secs] [Times: user=0.01 sys=0.00, real=0.00 secs] 
413.043: [GC (Allocation Failure) [PSYoungGen: 74112K->1472K(73728K)] 343262K->270622K(765440K), 0.0015595 secs] [Times: user=0.00 sys=0.00, real=0.00 secs] 
413.170: [GC (Allocation Failure) [PSYoungGen: 73664K->1517K(73216K)] 342814K->270699K(764928K), 0.0014293 secs] [Times: user=0.01 sys=0.00, real=0.00 secs] 
413.316: [GC (Allocation Failure) [PSYoungGen: 73181K->1517K(72704K)] 342363K->270707K(764416K), 0.0018122 secs] [Times: user=0.01 sys=0.00, real=0.00 secs] 
413.758: [GC (Allocation Failure) [PSYoungGen: 72685K->1472K(72192K)] 341875K->271182K(763904K), 0.0021252 secs] [Times: user=0.01 sys=0.00, real=0.01 secs] 
414.561: [GC (Allocation Failure) [PSYoungGen: 72128K->1408K(71680K)] 341838K->271118K(763392K), 0.0026125 secs] [Times: user=0.01 sys=0.00, real=0.00 secs] 
415.351: [GC (Allocation Failure) [PSYoungGen: 71552K->1408K(71168K)] 341262K->271118K(762880K), 0.0025647 secs] [Times: user=0.01 sys=0.00, real=0.00 secs] 
416.239: [GC (Allocation Failure) [PSYoungGen: 71040K->1344K(70656K)] 340750K->271054K(762368K), 0.0028816 secs] [Times: user=0.00 sys=0.00, real=0.00 secs] 
416.999: [GC (Allocation Failure) [PSYoungGen: 70464K->1392K(70144K)] 340174K->271102K(761856K), 0.0025785 secs] [Times: user=0.01 sys=0.00, real=0.00 secs] 
417.184: [GC (Allocation Failure) [PSYoungGen: 69976K->1485K(69632K)] 339687K->271195K(761344K), 0.0015007 secs] [Times: user=0.00 sys=0.00, real=0.00 secs] 
417.322: [GC (Allocation Failure) [PSYoungGen: 69581K->1517K(69632K)] 339291K->271227K(761344K), 0.0017172 secs] [Times: user=0.01 sys=0.00, real=0.00 secs] 
417.479: [GC (Allocation Failure) [PSYoungGen: 69613K->1549K(70144K)] 339323K->271259K(761856K), 0.0020042 secs] [Times: user=0.01 sys=0.00, real=0.00 secs] 
417.987: [GC (Allocation Failure) [PSYoungGen: 69645K->448K(68608K)] 339355K->271182K(760320K), 0.0020842 secs] [Times: user=0.01 sys=0.00, real=0.01 secs] 
418.295: [GC (Allocation Failure) [PSYoungGen: 68544K->352K(70144K)] 339278K->271086K(761856K), 0.0016816 secs] [Times: user=0.00 sys=0.00, real=0.00 secs] 
418.869: [GC (Allocation Failure) [PSYoungGen: 68448K->384K(68608K)] 339182K->271118K(760320K), 0.0021274 secs] [Times: user=0.01 sys=0.00, real=0.00 secs] 
419.526: [GC (Allocation Failure) [PSYoungGen: 68480K->320K(68608K)] 339214K->271054K(760320K), 0.0019515 secs] [Times: user=0.00 sys=0.00, real=0.01 secs] 
420.309: [GC (Allocation Failure) [PSYoungGen: 68416K->1469K(69632K)] 339150K->272203K(761344K), 0.0024119 secs] [Times: user=0.00 sys=0.00, real=0.00 secs] 
420.477: [GC (Allocation Failure) [PSYoungGen: 69565K->1549K(70144K)] 340299K->272283K(761856K), 0.0015432 secs] [Times: user=0.01 sys=0.00, real=0.01 secs] 
420.596: [GC (Allocation Failure) [PSYoungGen: 69645K->1520K(69632K)] 340379K->272254K(761344K), 0.0015422 secs] [Times: user=0.01 sys=0.00, real=0.00 secs] 
420.733: [GC (Allocation Failure) [PSYoungGen: 69616K->1517K(69632K)] 340350K->272259K(761344K), 0.0018150 secs] [Times: user=0.01 sys=0.00, real=0.00 secs] 
421.100: [GC (Allocation Failure) [PSYoungGen: 69613K->1456K(69632K)] 340355K->272206K(761344K), 0.0021693 secs] [Times: user=0.01 sys=0.00, real=0.00 secs] 
422.148: [GC (Allocation Failure) [PSYoungGen: 69552K->1408K(69632K)] 340302K->272158K(761344K), 0.0030524 secs] [Times: user=0.01 sys=0.00, real=0.01 secs] 
422.969: [GC (Allocation Failure) [PSYoungGen: 69504K->1376K(69632K)] 340254K->272126K(761344K), 0.0039472 secs] [Times: user=0.01 sys=0.00, real=0.00 secs] 
423.886: [GC (Allocation Failure) [PSYoungGen: 69472K->1376K(69632K)] 340222K->272126K(761344K), 0.0031760 secs] [Times: user=0.01 sys=0.00, real=0.01 secs] 
424.607: [GC (Allocation Failure) [PSYoungGen: 69472K->1501K(69632K)] 340222K->272259K(761344K), 0.0026673 secs] [Times: user=0.01 sys=0.00, real=0.01 secs] 
424.787: [GC (Allocation Failure) [PSYoungGen: 69597K->1485K(69632K)] 340355K->272243K(761344K), 0.0015206 secs] [Times: user=0.01 sys=0.00, real=0.01 secs] 
424.905: [GC (Allocation Failure) [PSYoungGen: 69581K->1485K(69632K)] 340339K->272243K(761344K), 0.0015002 secs] [Times: user=0.00 sys=0.00, real=0.00 secs] 
425.043: [GC (Allocation Failure) [PSYoungGen: 69581K->1517K(69632K)] 340339K->272283K(761344K), 0.0018855 secs] [Times: user=0.01 sys=0.00, real=0.00 secs] 
425.268: [GC (Allocation Failure) [PSYoungGen: 69613K->1424K(69632K)] 340379K->272198K(761344K), 0.0017111 secs] [Times: user=0.01 sys=0.00, real=0.00 secs] 
425.717: [GC (Allocation Failure) [PSYoungGen: 69520K->1376K(69632K)] 340294K->272150K(761344K), 0.0017852 secs] [Times: user=0.01 sys=0.00, real=0.01 secs] 
426.259: [GC (Allocation Failure) [PSYoungGen: 69472K->1376K(69632K)] 340246K->272150K(761344K), 0.0016946 secs] [Times: user=0.00 sys=0.00, real=0.00 secs] 
426.821: [GC (Allocation Failure) [PSYoungGen: 69472K->1344K(69632K)] 340246K->272118K(761344K), 0.0018702 secs] [Times: user=0.01 sys=0.00, real=0.00 secs] 
427.318: [GC (Allocation Failure) [PSYoungGen: 69440K->1453K(69632K)] 340214K->272227K(761344K), 0.0018767 secs] [Times: user=0.00 sys=0.00, real=0.00 secs] 
427.482: [GC (Allocation Failure) [PSYoungGen: 69549K->1549K(70144K)] 340323K->272323K(761856K), 0.0020501 secs] [Times: user=0.01 sys=0.00, real=0.00 secs] 
427.638: [GC (Allocation Failure) [PSYoungGen: 69645K->429K(68608K)] 340419K->272227K(760320K), 0.0015698 secs] [Times: user=0.01 sys=0.00, real=0.00 secs] 
427.757: [GC (Allocation Failure) [PSYoungGen: 68525K->493K(70144K)] 340323K->272307K(761856K), 0.0014779 secs] [Times: user=0.01 sys=0.00, real=0.01 secs] 
428.138: [GC (Allocation Failure) [PSYoungGen: 68589K->1456K(69632K)] 340403K->273270K(761344K), 0.0027475 secs] [Times: user=0.01 sys=0.00, real=0.01 secs] 
428.704: [GC (Allocation Failure) [PSYoungGen: 69552K->1376K(69632K)] 341366K->273190K(761344K), 0.0021070 secs] [Times: user=0.01 sys=0.00, real=0.00 secs] 
429.279: [GC (Allocation Failure) [PSYoungGen: 69472K->1376K(69632K)] 341286K->273190K(761344K), 0.0019184 secs] [Times: user=0.01 sys=0.00, real=0.00 secs] 
429.821: [GC (Allocation Failure) [PSYoungGen: 69472K->1440K(69632K)] 341286K->273254K(761344K), 0.0021329 secs] [Times: user=0.01 sys=0.00, real=0.00 secs] 
430.257: [GC (Allocation Failure) [PSYoungGen: 69536K->1437K(69632K)] 341350K->273251K(761344K), 0.0018646 secs] [Times: user=0.01 sys=0.00, real=0.01 secs] 
430.390: [GC (Allocation Failure) [PSYoungGen: 69533K->1485K(69632K)] 341347K->273299K(761344K), 0.0016291 secs] [Times: user=0.00 sys=0.00, real=0.00 secs] 
430.510: [GC (Allocation Failure) [PSYoungGen: 69581K->1520K(69632K)] 341395K->273334K(761344K), 0.0015724 secs] [Times: user=0.01 sys=0.00, real=0.00 secs] 
430.648: [GC (Allocation Failure) [PSYoungGen: 69616K->1485K(76800K)] 341430K->273307K(768512K), 0.0018545 secs] [Times: user=0.00 sys=0.00, real=0.00 secs] 
431.276: [GC (Allocation Failure) [PSYoungGen: 76749K->1472K(76288K)] 348571K->273294K(768000K), 0.0026527 secs] [Times: user=0.01 sys=0.00, real=0.01 secs] 
431.921: [GC (Allocation Failure) [PSYoungGen: 76224K->1376K(75776K)] 348046K->273198K(767488K), 0.0029168 secs] [Times: user=0.01 sys=0.00, real=0.00 secs] 
432.580: [GC (Allocation Failure) [PSYoungGen: 75616K->1344K(75264K)] 347438K->273166K(766976K), 0.0022357 secs] [Times: user=0.01 sys=0.00, real=0.00 secs] 
433.180: [GC (Allocation Failure) [PSYoungGen: 75072K->1408K(74752K)] 346894K->273246K(766464K), 0.0021069 secs] [Times: user=0.01 sys=0.00, real=0.00 secs] 
433.470: [GC (Allocation Failure) [PSYoungGen: 74624K->1488K(74240K)] 346462K->273326K(765952K), 0.0014456 secs] [Times: user=0.00 sys=0.00, real=0.00 secs] 
433.599: [GC (Allocation Failure) [PSYoungGen: 74192K->1552K(74240K)] 346030K->273390K(765952K), 0.0014858 secs] [Times: user=0.01 sys=0.00, real=0.00 secs] 
433.725: [GC (Allocation Failure) [PSYoungGen: 73744K->541K(72704K)] 345582K->273403K(764416K), 0.0014905 secs] [Times: user=0.00 sys=0.00, real=0.00 secs] 
434.046: [GC (Allocation Failure) [PSYoungGen: 72221K->1440K(72704K)] 345083K->274302K(764416K), 0.0017697 secs] [Times: user=0.01 sys=0.00, real=0.00 secs] 
434.747: [GC (Allocation Failure) [PSYoungGen: 72608K->1408K(72192K)] 345470K->274270K(763904K), 0.0017489 secs] [Times: user=0.01 sys=0.00, real=0.01 secs] 
435.040: [GC (Allocation Failure) [PSYoungGen: 72064K->1376K(71680K)] 344926K->274238K(763392K), 0.0019839 secs] [Times: user=0.00 sys=0.00, real=0.00 secs] 
435.350: [GC (Allocation Failure) [PSYoungGen: 71520K->1440K(71168K)] 344382K->274302K(762880K), 0.0016875 secs] [Times: user=0.01 sys=0.00, real=0.00 secs] 
435.628: [GC (Allocation Failure) [PSYoungGen: 71072K->1504K(70656K)] 343934K->274366K(762368K), 0.0018602 secs] [Times: user=0.00 sys=0.00, real=0.00 secs] 
435.755: [GC (Allocation Failure) [PSYoungGen: 70624K->1488K(70144K)] 343486K->274350K(761856K), 0.0015543 secs] [Times: user=0.00 sys=0.00, real=0.00 secs] 
435.875: [GC (Allocation Failure) [PSYoungGen: 70087K->1488K(69632K)] 342949K->274350K(761344K), 0.0015962 secs] [Times: user=0.00 sys=0.00, real=0.00 secs] 
435.995: [GC (Allocation Failure) [PSYoungGen: 69584K->1485K(76800K)] 342446K->274347K(768512K), 0.0014581 secs] [Times: user=0.01 sys=0.00, real=0.00 secs] 
437.122: [GC (Allocation Failure) [PSYoungGen: 76749K->1392K(76288K)] 349611K->274262K(768000K), 0.0034938 secs] [Times: user=0.01 sys=0.00, real=0.00 secs] 
438.518: [GC (Allocation Failure) [PSYoungGen: 76144K->1408K(75776K)] 349014K->274278K(767488K), 0.0027480 secs] [Times: user=0.01 sys=0.00, real=0.01 secs] 
439.418: [GC (Allocation Failure) [PSYoungGen: 75648K->1376K(75264K)] 348518K->274246K(766976K), 0.0027740 secs] [Times: user=0.01 sys=0.01, real=0.00 secs] 
440.218: [GC (Allocation Failure) [PSYoungGen: 75104K->1328K(74752K)] 347974K->274198K(766464K), 0.0022769 secs] [Times: user=0.01 sys=0.00, real=0.00 secs] 
440.590: [GC (Allocation Failure) [PSYoungGen: 74544K->1453K(74240K)] 347414K->274323K(765952K), 0.0019238 secs] [Times: user=0.00 sys=0.00, real=0.00 secs] 
440.755: [GC (Allocation Failure) [PSYoungGen: 74157K->1488K(73728K)] 347027K->274358K(765440K), 0.0016218 secs] [Times: user=0.01 sys=0.00, real=0.00 secs] 
440.914: [GC (Allocation Failure) [PSYoungGen: 73680K->1456K(73216K)] 346550K->274326K(764928K), 0.0015714 secs] [Times: user=0.00 sys=0.00, real=0.00 secs] 
441.110: [GC (Allocation Failure) [PSYoungGen: 73136K->1472K(72704K)] 346006K->274342K(764416K), 0.0018625 secs] [Times: user=0.00 sys=0.00, real=0.00 secs] 
441.787: [GC (Allocation Failure) [PSYoungGen: 72640K->1408K(72192K)] 345510K->274278K(763904K), 0.0030752 secs] [Times: user=0.01 sys=0.00, real=0.01 secs] 
442.834: [GC (Allocation Failure) [PSYoungGen: 72064K->1376K(71680K)] 344934K->274246K(763392K), 0.0031264 secs] [Times: user=0.01 sys=0.00, real=0.00 secs] 
443.849: [GC (Allocation Failure) [PSYoungGen: 71520K->1376K(71168K)] 344390K->274246K(762880K), 0.0036038 secs] [Times: user=0.01 sys=0.00, real=0.00 secs] 
444.772: [GC (Allocation Failure) [PSYoungGen: 71008K->1392K(70656K)] 343878K->274262K(762368K), 0.0026947 secs] [Times: user=0.01 sys=0.00, real=0.00 secs] 
444.974: [GC (Allocation Failure) [PSYoungGen: 70507K->1421K(70144K)] 343377K->274291K(761856K), 0.0015766 secs] [Times: user=0.00 sys=0.00, real=0.00 secs] 
445.111: [GC (Allocation Failure) [PSYoungGen: 70029K->1517K(69632K)] 342899K->274387K(761344K), 0.0017340 secs] [Times: user=0.01 sys=0.00, real=0.00 secs] 
445.261: [GC (Allocation Failure) [PSYoungGen: 69613K->1549K(70144K)] 342483K->274419K(761856K), 0.0020050 secs] [Times: user=0.00 sys=0.00, real=0.00 secs] 
445.480: [GC (Allocation Failure) [PSYoungGen: 69645K->416K(68608K)] 342515K->274310K(760320K), 0.0019157 secs] [Times: user=0.00 sys=0.00, real=0.00 secs] 
445.828: [GC (Allocation Failure) [PSYoungGen: 68512K->384K(70144K)] 342406K->274294K(761856K), 0.0019907 secs] [Times: user=0.00 sys=0.00, real=0.00 secs] 
446.111: [GC (Allocation Failure) [PSYoungGen: 68480K->352K(68608K)] 342390K->274262K(760320K), 0.0020315 secs] [Times: user=0.01 sys=0.00, real=0.00 secs] 
446.777: [GC (Allocation Failure) [PSYoungGen: 68448K->352K(70144K)] 342358K->274262K(761856K), 0.0019739 secs] [Times: user=0.00 sys=0.00, real=0.01 secs] 
447.273: [GC (Allocation Failure) [PSYoungGen: 68448K->1453K(69632K)] 342358K->275371K(761344K), 0.0018058 secs] [Times: user=0.00 sys=0.01, real=0.00 secs] 
447.402: [GC (Allocation Failure) [PSYoungGen: 69549K->1453K(69632K)] 343467K->275371K(761344K), 0.0015782 secs] [Times: user=0.00 sys=0.00, real=0.00 secs] 
447.521: [GC (Allocation Failure) [PSYoungGen: 69549K->1456K(69632K)] 343467K->275374K(761344K), 0.0015704 secs] [Times: user=0.01 sys=0.00, real=0.00 secs] 
447.640: [GC (Allocation Failure) [PSYoungGen: 69552K->1488K(76800K)] 343470K->275430K(768512K), 0.0017929 secs] [Times: user=0.00 sys=0.00, real=0.00 secs] 
448.189: [GC (Allocation Failure) [PSYoungGen: 76752K->1520K(76288K)] 350694K->275462K(768000K), 0.0023152 secs] [Times: user=0.01 sys=0.00, real=0.00 secs] 
448.909: [GC (Allocation Failure) [PSYoungGen: 76272K->1376K(75776K)] 350214K->275318K(767488K), 0.0032495 secs] [Times: user=0.01 sys=0.00, real=0.00 secs] 
449.651: [GC (Allocation Failure) [PSYoungGen: 75616K->1376K(75264K)] 349558K->275318K(766976K), 0.0030334 secs] [Times: user=0.01 sys=0.00, real=0.00 secs] 
450.481: [GC (Allocation Failure) [PSYoungGen: 75104K->1376K(74752K)] 349046K->275318K(766464K), 0.0026814 secs] [Times: user=0.01 sys=0.00, real=0.00 secs] 
450.939: [GC (Allocation Failure) [PSYoungGen: 74592K->1488K(74240K)] 348534K->275430K(765952K), 0.0021796 secs] [Times: user=0.01 sys=0.00, real=0.00 secs] 
451.087: [GC (Allocation Failure) [PSYoungGen: 74192K->1456K(73728K)] 348134K->275398K(765440K), 0.0014704 secs] [Times: user=0.01 sys=0.00, real=0.01 secs] 
451.212: [GC (Allocation Failure) [PSYoungGen: 73648K->1488K(73216K)] 347590K->275430K(764928K), 0.0015599 secs] [Times: user=0.00 sys=0.00, real=0.00 secs] 
451.412: [GC (Allocation Failure) [PSYoungGen: 73168K->1440K(72704K)] 347110K->275382K(764416K), 0.0021620 secs] [Times: user=0.01 sys=0.00, real=0.00 secs] 
451.709: [GC (Allocation Failure) [PSYoungGen: 72608K->1376K(72192K)] 346550K->275318K(763904K), 0.0018908 secs] [Times: user=0.01 sys=0.00, real=0.00 secs] 
452.002: [GC (Allocation Failure) [PSYoungGen: 72032K->1376K(71680K)] 345974K->275318K(763392K), 0.0020030 secs] [Times: user=0.01 sys=0.00, real=0.00 secs] 
452.293: [GC (Allocation Failure) [PSYoungGen: 71520K->1392K(71168K)] 345462K->275334K(762880K), 0.0016435 secs] [Times: user=0.01 sys=0.00, real=0.00 secs] 
452.786: [GC (Allocation Failure) [PSYoungGen: 71024K->1437K(70656K)] 344966K->275403K(762368K), 0.0019240 secs] [Times: user=0.01 sys=0.00, real=0.00 secs] 
452.918: [GC (Allocation Failure) [PSYoungGen: 70557K->1488K(70144K)] 344523K->275454K(761856K), 0.0015481 secs] [Times: user=0.01 sys=0.00, real=0.00 secs] 
453.038: [GC (Allocation Failure) [PSYoungGen: 70087K->1456K(69632K)] 344054K->275422K(761344K), 0.0015828 secs] [Times: user=0.01 sys=0.00, real=0.00 secs] 
453.158: [GC (Allocation Failure) [PSYoungGen: 69552K->1453K(76800K)] 343518K->275419K(768512K), 0.0014652 secs] [Times: user=0.01 sys=0.00, real=0.00 secs] 
453.459: [GC (Allocation Failure) [PSYoungGen: 76717K->1472K(76288K)] 350683K->275438K(768000K), 0.0017956 secs] [Times: user=0.01 sys=0.00, real=0.00 secs] 
454.019: [GC (Allocation Failure) [PSYoungGen: 76224K->1376K(75776K)] 350190K->275342K(767488K), 0.0019253 secs] [Times: user=0.00 sys=0.00, real=0.00 secs] 
454.653: [GC (Allocation Failure) [PSYoungGen: 75616K->1440K(75264K)] 349582K->275406K(766976K), 0.0029100 secs] [Times: user=0.01 sys=0.00, real=0.00 secs] 
455.288: [GC (Allocation Failure) [PSYoungGen: 75168K->1376K(74752K)] 349134K->275342K(766464K), 0.0021572 secs] [Times: user=0.01 sys=0.00, real=0.00 secs] 
455.596: [GC (Allocation Failure) [PSYoungGen: 74592K->1520K(74240K)] 348558K->275486K(765952K), 0.0016182 secs] [Times: user=0.00 sys=0.00, real=0.00 secs] 
455.724: [GC (Allocation Failure) [PSYoungGen: 74224K->1424K(73728K)] 348190K->275390K(765440K), 0.0014890 secs] [Times: user=0.01 sys=0.00, real=0.00 secs] 
455.850: [GC (Allocation Failure) [PSYoungGen: 73616K->1488K(73216K)] 347582K->275454K(764928K), 0.0016443 secs] [Times: user=0.01 sys=0.00, real=0.00 secs] 
456.051: [GC (Allocation Failure) [PSYoungGen: 73168K->1440K(72704K)] 347134K->275414K(764416K), 0.0016065 secs] [Times: user=0.01 sys=0.00, real=0.00 secs] 
456.372: [GC (Allocation Failure) [PSYoungGen: 72608K->1408K(72192K)] 346582K->275382K(763904K), 0.0019568 secs] [Times: user=0.01 sys=0.00, real=0.00 secs] 
456.711: [GC (Allocation Failure) [PSYoungGen: 72064K->1360K(71680K)] 346038K->275334K(763392K), 0.0016476 secs] [Times: user=0.01 sys=0.00, real=0.00 secs] 
457.114: [GC (Allocation Failure) [PSYoungGen: 71504K->1376K(71168K)] 345478K->275350K(762880K), 0.0019377 secs] [Times: user=0.01 sys=0.00, real=0.00 secs] 
457.406: [GC (Allocation Failure) [PSYoungGen: 71008K->1437K(70656K)] 344982K->275411K(762368K), 0.0017960 secs] [Times: user=0.00 sys=0.00, real=0.00 secs] 
457.535: [GC (Allocation Failure) [PSYoungGen: 70538K->1456K(70144K)] 344512K->275430K(761856K), 0.0015148 secs] [Times: user=0.00 sys=0.00, real=0.00 secs] 
457.654: [GC (Allocation Failure) [PSYoungGen: 70064K->1453K(69632K)] 344038K->275427K(761344K), 0.0014974 secs] [Times: user=0.00 sys=0.00, real=0.00 secs] 
457.774: [GC (Allocation Failure) [PSYoungGen: 69549K->1453K(76800K)] 343523K->275427K(768512K), 0.0015830 secs] [Times: user=0.01 sys=0.00, real=0.00 secs] 
458.013: [GC (Allocation Failure) [PSYoungGen: 76717K->1456K(76288K)] 350691K->275430K(768000K), 0.0017749 secs] [Times: user=0.01 sys=0.00, real=0.00 secs] 
458.338: [GC (Allocation Failure) [PSYoungGen: 76208K->1376K(75776K)] 350182K->275350K(767488K), 0.0016552 secs] [Times: user=0.01 sys=0.00, real=0.00 secs] 
458.751: [GC (Allocation Failure) [PSYoungGen: 75616K->1440K(75264K)] 349590K->275414K(766976K), 0.0021186 secs] [Times: user=0.01 sys=0.00, real=0.00 secs] 
459.337: [GC (Allocation Failure) [PSYoungGen: 75168K->1440K(74752K)] 349142K->275414K(766464K), 0.0018782 secs] [Times: user=0.01 sys=0.00, real=0.01 secs] 
459.649: [GC (Allocation Failure) [PSYoungGen: 74656K->1485K(74240K)] 348630K->275459K(765952K), 0.0020936 secs] [Times: user=0.01 sys=0.00, real=0.00 secs] 
459.861: [GC (Allocation Failure) [PSYoungGen: 74189K->1453K(73728K)] 348163K->275427K(765440K), 0.0021607 secs] [Times: user=0.01 sys=0.00, real=0.00 secs] 
460.014: [GC (Allocation Failure) [PSYoungGen: 73645K->1488K(73216K)] 347619K->275462K(764928K), 0.0014964 secs] [Times: user=0.01 sys=0.00, real=0.00 secs] 
460.207: [GC (Allocation Failure) [PSYoungGen: 73168K->1680K(73216K)] 347142K->275654K(764928K), 0.0020795 secs] [Times: user=0.01 sys=0.00, real=0.01 secs] 
460.644: [GC (Allocation Failure) [PSYoungGen: 72848K->352K(71168K)] 346822K->275350K(762880K), 0.0019598 secs] [Times: user=0.01 sys=0.00, real=0.00 secs] 
460.977: [GC (Allocation Failure) [PSYoungGen: 71008K->320K(72192K)] 346006K->275318K(763904K), 0.0019233 secs] [Times: user=0.00 sys=0.00, real=0.01 secs] 
461.271: [GC (Allocation Failure) [PSYoungGen: 70464K->352K(70144K)] 345462K->275350K(761856K), 0.0020514 secs] [Times: user=0.01 sys=0.00, real=0.00 secs] 
461.574: [GC (Allocation Failure) [PSYoungGen: 69984K->1488K(70656K)] 344982K->276510K(762368K), 0.0017900 secs] [Times: user=0.01 sys=0.00, real=0.00 secs] 
461.705: [GC (Allocation Failure) [PSYoungGen: 70608K->1485K(70144K)] 345630K->276507K(761856K), 0.0016766 secs] [Times: user=0.00 sys=0.00, real=0.00 secs] 
461.825: [GC (Allocation Failure) [PSYoungGen: 70093K->1453K(69632K)] 345115K->276475K(761344K), 0.0015264 secs] [Times: user=0.00 sys=0.00, real=0.00 secs] 
461.945: [GC (Allocation Failure) [PSYoungGen: 69549K->1453K(76800K)] 344571K->276475K(768512K), 0.0015447 secs] [Times: user=0.01 sys=0.00, real=0.00 secs] 
462.187: [GC (Allocation Failure) [PSYoungGen: 76717K->1424K(84480K)] 351739K->276454K(776192K), 0.0019189 secs] [Times: user=0.01 sys=0.00, real=0.01 secs] 
462.703: [GC (Allocation Failure) [PSYoungGen: 84368K->1408K(83968K)] 359398K->276438K(775680K), 0.0032520 secs] [Times: user=0.01 sys=0.00, real=0.00 secs] 
463.347: [GC (Allocation Failure) [PSYoungGen: 83840K->1344K(83456K)] 358870K->276374K(775168K), 0.0032678 secs] [Times: user=0.01 sys=0.00, real=0.01 secs] 
464.150: [GC (Allocation Failure) [PSYoungGen: 83264K->1344K(82944K)] 358294K->276374K(774656K), 0.0020050 secs] [Times: user=0.01 sys=0.00, real=0.00 secs] 
464.375: [GC (Allocation Failure) [PSYoungGen: 82752K->1488K(82432K)] 357782K->276518K(774144K), 0.0016057 secs] [Times: user=0.00 sys=0.00, real=0.00 secs] 
464.519: [GC (Allocation Failure) [PSYoungGen: 82384K->1485K(81920K)] 357414K->276515K(773632K), 0.0016171 secs] [Times: user=0.00 sys=0.00, real=0.00 secs] 
464.661: [GC (Allocation Failure) [PSYoungGen: 81869K->1488K(81408K)] 356899K->276518K(773120K), 0.0017407 secs] [Times: user=0.00 sys=0.00, real=0.00 secs] 
465.004: [GC (Allocation Failure) [PSYoungGen: 81360K->1456K(80896K)] 356390K->276486K(772608K), 0.0017218 secs] [Times: user=0.01 sys=0.00, real=0.00 secs] 
465.334: [GC (Allocation Failure) [PSYoungGen: 80816K->1392K(80384K)] 355846K->276422K(772096K), 0.0018368 secs] [Times: user=0.00 sys=0.00, real=0.00 secs] 
465.661: [GC (Allocation Failure) [PSYoungGen: 80240K->1440K(79872K)] 355270K->276470K(771584K), 0.0018393 secs] [Times: user=0.01 sys=0.00, real=0.00 secs] 
466.029: [GC (Allocation Failure) [PSYoungGen: 79776K->1469K(79360K)] 354806K->276499K(771072K), 0.0018591 secs] [Times: user=0.00 sys=0.00, real=0.00 secs] 
466.205: [GC (Allocation Failure) [PSYoungGen: 79293K->1520K(78848K)] 354323K->276550K(770560K), 0.0018052 secs] [Times: user=0.00 sys=0.00, real=0.00 secs] 
466.372: [GC (Allocation Failure) [PSYoungGen: 78832K->1520K(78336K)] 353862K->276550K(770048K), 0.0017717 secs] [Times: user=0.01 sys=0.00, real=0.00 secs] 
466.506: [GC (Allocation Failure) [PSYoungGen: 78320K->1421K(77824K)] 353350K->276451K(769536K), 0.0015349 secs] [Times: user=0.00 sys=0.00, real=0.00 secs] 
466.835: [GC (Allocation Failure) [PSYoungGen: 77709K->1408K(77312K)] 352739K->276438K(769024K), 0.0022501 secs] [Times: user=0.01 sys=0.00, real=0.00 secs] 
467.149: [GC (Allocation Failure) [PSYoungGen: 77184K->1344K(76800K)] 352214K->276382K(768512K), 0.0016946 secs] [Times: user=0.00 sys=0.00, real=0.00 secs] 
467.462: [GC (Allocation Failure) [PSYoungGen: 76608K->1408K(76288K)] 351646K->276446K(768000K), 0.0019977 secs] [Times: user=0.01 sys=0.00, real=0.00 secs] 
467.780: [GC (Allocation Failure) [PSYoungGen: 76160K->1456K(75776K)] 351198K->276494K(767488K), 0.0018192 secs] [Times: user=0.00 sys=0.00, real=0.00 secs] 
467.919: [GC (Allocation Failure) [PSYoungGen: 75696K->1485K(75264K)] 350734K->276523K(766976K), 0.0015261 secs] [Times: user=0.00 sys=0.00, real=0.00 secs] 
468.048: [GC (Allocation Failure) [PSYoungGen: 75213K->1456K(74752K)] 350251K->276494K(766464K), 0.0014598 secs] [Times: user=0.00 sys=0.00, real=0.00 secs] 
468.176: [GC (Allocation Failure) [PSYoungGen: 74672K->1453K(81920K)] 349710K->276491K(773632K), 0.0015287 secs] [Times: user=0.00 sys=0.00, real=0.00 secs] 
468.770: [GC (Allocation Failure) [PSYoungGen: 81837K->1456K(81408K)] 356875K->276494K(773120K), 0.0017606 secs] [Times: user=0.01 sys=0.00, real=0.00 secs] 
469.439: [GC (Allocation Failure) [PSYoungGen: 81328K->1408K(80896K)] 356366K->276446K(772608K), 0.0018834 secs] [Times: user=0.01 sys=0.00, real=0.00 secs] 
470.046: [GC (Allocation Failure) [PSYoungGen: 80768K->1296K(80384K)] 355806K->276334K(772096K), 0.0019650 secs] [Times: user=0.01 sys=0.00, real=0.00 secs] 
470.844: [GC (Allocation Failure) [PSYoungGen: 80125K->1488K(79872K)] 355163K->276526K(771584K), 0.0022953 secs] [Times: user=0.01 sys=0.00, real=0.00 secs] 
471.025: [GC (Allocation Failure) [PSYoungGen: 79824K->1517K(79360K)] 354862K->276555K(771072K), 0.0014448 secs] [Times: user=0.00 sys=0.00, real=0.00 secs] 
471.185: [GC (Allocation Failure) [PSYoungGen: 79341K->1552K(79360K)] 354379K->276590K(771072K), 0.0019140 secs] [Times: user=0.01 sys=0.00, real=0.00 secs] 
471.342: [GC (Allocation Failure) [PSYoungGen: 78864K->464K(77312K)] 353902K->276526K(769024K), 0.0015712 secs] [Times: user=0.00 sys=0.00, real=0.00 secs] 
472.486: [GC (Allocation Failure) [PSYoungGen: 77264K->1408K(78336K)] 353326K->277470K(770048K), 0.0027578 secs] [Times: user=0.02 sys=0.00, real=0.01 secs] 
473.645: [GC (Allocation Failure) [PSYoungGen: 77696K->1408K(77312K)] 353758K->277478K(769024K), 0.0032535 secs] [Times: user=0.01 sys=0.00, real=0.01 secs] 
474.438: [GC (Allocation Failure) [PSYoungGen: 77184K->1344K(76800K)] 353254K->277430K(768512K), 0.0024192 secs] [Times: user=0.01 sys=0.00, real=0.00 secs] 
475.423: [GC (Allocation Failure) [PSYoungGen: 76608K->1456K(76288K)] 352694K->277542K(768000K), 0.0027934 secs] [Times: user=0.01 sys=0.00, real=0.00 secs] 
475.640: [GC (Allocation Failure) [PSYoungGen: 76208K->1424K(75776K)] 352294K->277510K(767488K), 0.0015700 secs] [Times: user=0.00 sys=0.00, real=0.00 secs] 
475.771: [GC (Allocation Failure) [PSYoungGen: 75664K->1488K(75264K)] 351750K->277574K(766976K), 0.0015483 secs] [Times: user=0.00 sys=0.00, real=0.00 secs] 
475.899: [GC (Allocation Failure) [PSYoungGen: 75216K->1456K(74752K)] 351302K->277542K(766464K), 0.0016042 secs] [Times: user=0.00 sys=0.00, real=0.00 secs] 
476.653: [GC (Allocation Failure) [PSYoungGen: 74672K->1456K(74240K)] 350758K->277542K(765952K), 0.0017351 secs] [Times: user=0.01 sys=0.00, real=0.00 secs] 
477.526: [GC (Allocation Failure) [PSYoungGen: 74160K->1376K(73728K)] 350246K->277470K(765440K), 0.0026673 secs] [Times: user=0.01 sys=0.00, real=0.01 secs] 
478.008: [GC (Allocation Failure) [PSYoungGen: 73568K->1376K(73216K)] 349662K->277470K(764928K), 0.0021883 secs] [Times: user=0.00 sys=0.00, real=0.01 secs] 
478.470: [GC (Allocation Failure) [PSYoungGen: 73056K->1328K(72704K)] 349150K->277422K(764416K), 0.0023113 secs] [Times: user=0.01 sys=0.00, real=0.00 secs] 
478.837: [GC (Allocation Failure) [PSYoungGen: 72496K->1488K(72192K)] 348590K->277582K(763904K), 0.0017685 secs] [Times: user=0.00 sys=0.00, real=0.01 secs] 
478.965: [GC (Allocation Failure) [PSYoungGen: 72144K->1488K(71680K)] 348238K->277582K(763392K), 0.0018567 secs] [Times: user=0.01 sys=0.00, real=0.00 secs] 
479.088: [GC (Allocation Failure) [PSYoungGen: 71616K->1421K(71168K)] 347710K->277515K(762880K), 0.0014426 secs] [Times: user=0.01 sys=0.00, real=0.01 secs] 
479.287: [GC (Allocation Failure) [PSYoungGen: 71053K->1712K(71168K)] 347147K->277806K(762880K), 0.0020145 secs] [Times: user=0.01 sys=0.00, real=0.01 secs] 
479.631: [GC (Allocation Failure) [PSYoungGen: 70832K->320K(69120K)] 346926K->277438K(760832K), 0.0018327 secs] [Times: user=0.00 sys=0.01, real=0.00 secs] 
479.916: [GC (Allocation Failure) [PSYoungGen: 68928K->352K(70144K)] 346046K->277470K(761856K), 0.0016919 secs] [Times: user=0.01 sys=0.00, real=0.00 secs] 
480.198: [GC (Allocation Failure) [PSYoungGen: 68448K->352K(68608K)] 345566K->277470K(760320K), 0.0018617 secs] [Times: user=0.00 sys=0.00, real=0.00 secs] 
480.511: [GC (Allocation Failure) [PSYoungGen: 68448K->320K(70656K)] 345566K->277438K(762368K), 0.0017018 secs] [Times: user=0.01 sys=0.00, real=0.00 secs] 
480.670: [GC (Allocation Failure) [PSYoungGen: 68416K->1485K(69632K)] 345534K->278603K(761344K), 0.0016348 secs] [Times: user=0.01 sys=0.01, real=0.00 secs] 
480.789: [GC (Allocation Failure) [PSYoungGen: 69581K->1472K(69632K)] 346699K->278590K(761344K), 0.0015215 secs] [Times: user=0.00 sys=0.00, real=0.00 secs] 
480.907: [GC (Allocation Failure) [PSYoungGen: 69568K->1520K(76800K)] 346686K->278638K(768512K), 0.0015290 secs] [Times: user=0.00 sys=0.00, real=0.01 secs] 
481.263: [GC (Allocation Failure) [PSYoungGen: 76784K->1488K(76288K)] 353902K->278606K(768000K), 0.0019946 secs] [Times: user=0.01 sys=0.00, real=0.00 secs] 
482.436: [GC (Allocation Failure) [PSYoungGen: 76240K->1408K(75776K)] 353358K->278542K(767488K), 0.0040032 secs] [Times: user=0.02 sys=0.00, real=0.01 secs] 
483.446: [GC (Allocation Failure) [PSYoungGen: 75648K->1408K(75264K)] 352782K->278542K(766976K), 0.0032377 secs] [Times: user=0.01 sys=0.00, real=0.01 secs] 
484.432: [GC (Allocation Failure) [PSYoungGen: 75136K->1424K(74752K)] 352270K->278558K(766464K), 0.0039590 secs] [Times: user=0.02 sys=0.01, real=0.00 secs] 
484.895: [GC (Allocation Failure) [PSYoungGen: 74640K->1437K(74240K)] 351774K->278571K(765952K), 0.0022771 secs] [Times: user=0.01 sys=0.00, real=0.00 secs] 
485.095: [GC (Allocation Failure) [PSYoungGen: 74141K->1517K(73728K)] 351275K->278651K(765440K), 0.0021694 secs] [Times: user=0.01 sys=0.00, real=0.00 secs] 
485.251: [GC (Allocation Failure) [PSYoungGen: 73709K->1485K(73216K)] 350843K->278619K(764928K), 0.0016136 secs] [Times: user=0.01 sys=0.00, real=0.00 secs] 
485.398: [GC (Allocation Failure) [PSYoungGen: 73165K->1456K(72704K)] 350299K->278598K(764416K), 0.0017411 secs] [Times: user=0.00 sys=0.00, real=0.01 secs] 
485.791: [GC (Allocation Failure) [PSYoungGen: 72624K->1440K(72192K)] 349766K->278582K(763904K), 0.0023711 secs] [Times: user=0.01 sys=0.00, real=0.00 secs] 
486.098: [GC (Allocation Failure) [PSYoungGen: 72096K->1376K(71680K)] 349238K->278518K(763392K), 0.0020579 secs] [Times: user=0.01 sys=0.00, real=0.00 secs] 
486.426: [GC (Allocation Failure) [PSYoungGen: 71520K->1408K(71168K)] 348662K->278550K(762880K), 0.0020364 secs] [Times: user=0.00 sys=0.00, real=0.01 secs] 
486.735: [GC (Allocation Failure) [PSYoungGen: 71040K->1376K(70656K)] 348182K->278518K(762368K), 0.0018529 secs] [Times: user=0.00 sys=0.00, real=0.00 secs] 
486.909: [GC (Allocation Failure) [PSYoungGen: 70496K->1488K(70144K)] 347638K->278630K(761856K), 0.0015522 secs] [Times: user=0.00 sys=0.00, real=0.00 secs] 
487.029: [GC (Allocation Failure) [PSYoungGen: 70096K->1456K(69632K)] 347238K->278598K(761344K), 0.0014530 secs] [Times: user=0.00 sys=0.00, real=0.00 secs] 
487.148: [GC (Allocation Failure) [PSYoungGen: 69552K->1488K(76800K)] 346694K->278630K(768512K), 0.0016584 secs] [Times: user=0.00 sys=0.00, real=0.00 secs] 
487.660: [GC (Allocation Failure) [PSYoungGen: 76752K->1472K(76288K)] 353894K->278614K(768000K), 0.0028010 secs] [Times: user=0.01 sys=0.00, real=0.00 secs] 
489.656: [GC (Allocation Failure) [PSYoungGen: 76224K->1376K(75776K)] 353366K->278518K(767488K), 0.0071312 secs] [Times: user=0.02 sys=0.00, real=0.01 secs] 
490.386: [GC (Allocation Failure) [PSYoungGen: 75616K->1376K(75264K)] 352758K->278518K(766976K), 0.0024210 secs] [Times: user=0.01 sys=0.00, real=0.01 secs] 
491.247: [GC (Allocation Failure) [PSYoungGen: 75104K->1376K(74752K)] 352246K->278518K(766464K), 0.0027908 secs] [Times: user=0.01 sys=0.00, real=0.01 secs] 
491.828: [GC (Allocation Failure) [PSYoungGen: 74592K->1472K(74240K)] 351734K->278622K(765952K), 0.0024836 secs] [Times: user=0.01 sys=0.00, real=0.00 secs] 
492.027: [GC (Allocation Failure) [PSYoungGen: 74176K->1485K(73728K)] 351326K->278635K(765440K), 0.0015303 secs] [Times: user=0.01 sys=0.00, real=0.01 secs] 
492.153: [GC (Allocation Failure) [PSYoungGen: 73677K->1456K(73216K)] 350827K->278606K(764928K), 0.0014667 secs] [Times: user=0.01 sys=0.00, real=0.00 secs] 
492.277: [GC (Allocation Failure) [PSYoungGen: 73136K->1485K(72704K)] 350286K->278635K(764416K), 0.0015585 secs] [Times: user=0.00 sys=0.00, real=0.01 secs] 
492.669: [GC (Allocation Failure) [PSYoungGen: 72653K->1456K(72192K)] 349803K->278606K(763904K), 0.0024197 secs] [Times: user=0.01 sys=0.00, real=0.00 secs] 
492.960: [GC (Allocation Failure) [PSYoungGen: 72112K->1360K(71680K)] 349262K->278510K(763392K), 0.0020415 secs] [Times: user=0.01 sys=0.00, real=0.00 secs] 
493.274: [GC (Allocation Failure) [PSYoungGen: 71504K->1344K(71168K)] 348654K->278494K(762880K), 0.0016032 secs] [Times: user=0.01 sys=0.01, real=0.00 secs] 
493.604: [GC (Allocation Failure) [PSYoungGen: 70976K->1408K(70656K)] 348126K->278558K(762368K), 0.0018997 secs] [Times: user=0.00 sys=0.00, real=0.00 secs] 
493.942: [GC (Allocation Failure) [PSYoungGen: 70528K->1456K(70144K)] 347678K->278606K(761856K), 0.0014522 secs] [Times: user=0.00 sys=0.00, real=0.00 secs] 
494.062: [GC (Allocation Failure) [PSYoungGen: 70064K->1517K(69632K)] 347214K->278667K(761344K), 0.0016372 secs] [Times: user=0.01 sys=0.00, real=0.00 secs] 
494.181: [GC (Allocation Failure) [PSYoungGen: 69613K->1517K(69632K)] 346763K->278683K(761344K), 0.0015248 secs] [Times: user=0.01 sys=0.00, real=0.00 secs] 
494.320: [GC (Allocation Failure) [PSYoungGen: 69295K->192K(75776K)] 346461K->277366K(767488K), 0.0017835 secs] [Times: user=0.01 sys=0.00, real=0.00 secs] 
495.271: [GC (Allocation Failure) [PSYoungGen: 75456K->1360K(76288K)] 352630K->278542K(768000K), 0.0031213 secs] [Times: user=0.01 sys=0.01, real=0.00 secs] 
496.053: [GC (Allocation Failure) [PSYoungGen: 76112K->1344K(75776K)] 353294K->278526K(767488K), 0.0031424 secs] [Times: user=0.01 sys=0.00, real=0.00 secs] 
496.990: [GC (Allocation Failure) [PSYoungGen: 75584K->1392K(75264K)] 352766K->278574K(766976K), 0.0038255 secs] [Times: user=0.01 sys=0.00, real=0.00 secs] 
498.335: [GC (Allocation Failure) [PSYoungGen: 75120K->1485K(74752K)] 352302K->278667K(766464K), 0.0027027 secs] [Times: user=0.01 sys=0.00, real=0.00 secs] 
498.520: [GC (Allocation Failure) [PSYoungGen: 74701K->1520K(74240K)] 351883K->278702K(765952K), 0.0014640 secs] [Times: user=0.00 sys=0.00, real=0.00 secs] 
498.648: [GC (Allocation Failure) [PSYoungGen: 74224K->1456K(73728K)] 351406K->278638K(765440K), 0.0015373 secs] [Times: user=0.01 sys=0.00, real=0.00 secs] 
498.794: [GC (Allocation Failure) [PSYoungGen: 73648K->1520K(73216K)] 350830K->278734K(764928K), 0.0018081 secs] [Times: user=0.01 sys=0.00, real=0.00 secs] 
499.364: [GC (Allocation Failure) [PSYoungGen: 73200K->1456K(72704K)] 350414K->278670K(764416K), 0.0018819 secs] [Times: user=0.01 sys=0.00, real=0.00 secs] 
500.188: [GC (Allocation Failure) [PSYoungGen: 72624K->1376K(72192K)] 349838K->278590K(763904K), 0.0022818 secs] [Times: user=0.01 sys=0.00, real=0.01 secs] 
501.108: [GC (Allocation Failure) [PSYoungGen: 72032K->1392K(71680K)] 349246K->278606K(763392K), 0.0025656 secs] [Times: user=0.01 sys=0.01, real=0.00 secs] 
502.018: [GC (Allocation Failure) [PSYoungGen: 71536K->1392K(71168K)] 348750K->278606K(762880K), 0.0030821 secs] [Times: user=0.01 sys=0.01, real=0.00 secs] 
502.362: [GC (Allocation Failure) [PSYoungGen: 71024K->1456K(70656K)] 348238K->278670K(762368K), 0.0019117 secs] [Times: user=0.01 sys=0.00, real=0.00 secs] 
502.493: [GC (Allocation Failure) [PSYoungGen: 70576K->1485K(70144K)] 347790K->278699K(761856K), 0.0015957 secs] [Times: user=0.00 sys=0.00, real=0.00 secs] 
502.614: [GC (Allocation Failure) [PSYoungGen: 70086K->1520K(69632K)] 347301K->278734K(761344K), 0.0015450 secs] [Times: user=0.01 sys=0.00, real=0.00 secs] 
502.734: [GC (Allocation Failure) [PSYoungGen: 69616K->1453K(69632K)] 346830K->278707K(761344K), 0.0015379 secs] [Times: user=0.01 sys=0.00, real=0.00 secs] 
503.402: [GC (Allocation Failure) [PSYoungGen: 69549K->1440K(69632K)] 346803K->278702K(761344K), 0.0019278 secs] [Times: user=0.01 sys=0.00, real=0.00 secs] 
504.035: [GC (Allocation Failure) [PSYoungGen: 69536K->1440K(69632K)] 346798K->278702K(761344K), 0.0018494 secs] [Times: user=0.01 sys=0.00, real=0.00 secs] 
504.570: [GC (Allocation Failure) [PSYoungGen: 69536K->1376K(69632K)] 346798K->278638K(761344K), 0.0020277 secs] [Times: user=0.01 sys=0.00, real=0.00 secs] 
504.916: [GC (Allocation Failure) [PSYoungGen: 69472K->1408K(69632K)] 346734K->278694K(761344K), 0.0019140 secs] [Times: user=0.01 sys=0.00, real=0.01 secs] 
505.103: [GC (Allocation Failure) [PSYoungGen: 69504K->1520K(69632K)] 346790K->278806K(761344K), 0.0016618 secs] [Times: user=0.01 sys=0.00, real=0.00 secs] 
505.222: [GC (Allocation Failure) [PSYoungGen: 69616K->1453K(69632K)] 346902K->278739K(761344K), 0.0014685 secs] [Times: user=0.01 sys=0.00, real=0.00 secs] 
505.341: [GC (Allocation Failure) [PSYoungGen: 69549K->1488K(76288K)] 346835K->278774K(768000K), 0.0016738 secs] [Times: user=0.01 sys=0.00, real=0.00 secs] 
505.523: [GC (Allocation Failure) [PSYoungGen: 76240K->928K(83456K)] 353526K->279246K(775168K), 0.0019743 secs] [Times: user=0.01 sys=0.00, real=0.00 secs] 
506.122: [GC (Allocation Failure) [PSYoungGen: 83360K->320K(82432K)] 361678K->278638K(774144K), 0.0018061 secs] [Times: user=0.00 sys=0.00, real=0.00 secs] 
506.851: [GC (Allocation Failure) [PSYoungGen: 82240K->352K(81920K)] 360558K->278670K(773632K), 0.0020550 secs] [Times: user=0.00 sys=0.00, real=0.00 secs] 
507.530: [GC (Allocation Failure) [PSYoungGen: 81760K->320K(82944K)] 360078K->278638K(774656K), 0.0017905 secs] [Times: user=0.01 sys=0.00, real=0.00 secs] 
507.905: [GC (Allocation Failure) [PSYoungGen: 81216K->1488K(81920K)] 359534K->279806K(773632K), 0.0015959 secs] [Times: user=0.00 sys=0.00, real=0.00 secs] 
508.046: [GC (Allocation Failure) [PSYoungGen: 81872K->1456K(81408K)] 360190K->279774K(773120K), 0.0015338 secs] [Times: user=0.01 sys=0.00, real=0.00 secs] 
508.185: [GC (Allocation Failure) [PSYoungGen: 81328K->1453K(80896K)] 359646K->279771K(772608K), 0.0015668 secs] [Times: user=0.01 sys=0.00, real=0.00 secs] 
508.688: [GC (Allocation Failure) [PSYoungGen: 80813K->1472K(80384K)] 359131K->279798K(772096K), 0.0018397 secs] [Times: user=0.01 sys=0.00, real=0.01 secs] 
509.435: [GC (Allocation Failure) [PSYoungGen: 80320K->1376K(79872K)] 358646K->279710K(771584K), 0.0020955 secs] [Times: user=0.01 sys=0.00, real=0.00 secs] 
510.001: [GC (Allocation Failure) [PSYoungGen: 79712K->1312K(79360K)] 358046K->279646K(771072K), 0.0037594 secs] [Times: user=0.01 sys=0.00, real=0.00 secs] 
510.426: [GC (Allocation Failure) [PSYoungGen: 79136K->1344K(78848K)] 357470K->279678K(770560K), 0.0020756 secs] [Times: user=0.01 sys=0.00, real=0.01 secs] 
510.793: [GC (Allocation Failure) [PSYoungGen: 78656K->1485K(78336K)] 356990K->279819K(770048K), 0.0017696 secs] [Times: user=0.01 sys=0.00, real=0.00 secs] 
510.927: [GC (Allocation Failure) [PSYoungGen: 78285K->1453K(77824K)] 356619K->279787K(769536K), 0.0016816 secs] [Times: user=0.01 sys=0.00, real=0.01 secs] 
511.063: [GC (Allocation Failure) [PSYoungGen: 77741K->1456K(77312K)] 356075K->279790K(769024K), 0.0018999 secs] [Times: user=0.01 sys=0.00, real=0.00 secs] 
511.891: [GC (Allocation Failure) [PSYoungGen: 77232K->1424K(76800K)] 355566K->279758K(768512K), 0.0025774 secs] [Times: user=0.01 sys=0.00, real=0.00 secs] 
512.867: [GC (Allocation Failure) [PSYoungGen: 76688K->1440K(76288K)] 355022K->279782K(768000K), 0.0026675 secs] [Times: user=0.01 sys=0.01, real=0.01 secs] 
513.800: [GC (Allocation Failure) [PSYoungGen: 76192K->1408K(75776K)] 354534K->279750K(767488K), 0.0031121 secs] [Times: user=0.01 sys=0.00, real=0.00 secs] 
514.227: [GC (Allocation Failure) [PSYoungGen: 75648K->1328K(75264K)] 353990K->279670K(766976K), 0.0020303 secs] [Times: user=0.00 sys=0.00, real=0.01 secs] 
514.447: [GC (Allocation Failure) [PSYoungGen: 75056K->1488K(74752K)] 353398K->279846K(766464K), 0.0016056 secs] [Times: user=0.01 sys=0.00, real=0.01 secs] 
514.575: [GC (Allocation Failure) [PSYoungGen: 74704K->1485K(74240K)] 353062K->279843K(765952K), 0.0015154 secs] [Times: user=0.01 sys=0.00, real=0.00 secs] 
514.702: [GC (Allocation Failure) [PSYoungGen: 74189K->1488K(73728K)] 352547K->279846K(765440K), 0.0014605 secs] [Times: user=0.01 sys=0.00, real=0.00 secs] 
514.881: [GC (Allocation Failure) [PSYoungGen: 73680K->1472K(73216K)] 352038K->279830K(764928K), 0.0018759 secs] [Times: user=0.01 sys=0.00, real=0.00 secs] 
515.508: [GC (Allocation Failure) [PSYoungGen: 73152K->1424K(72704K)] 351510K->279790K(764416K), 0.0019176 secs] [Times: user=0.00 sys=0.00, real=0.01 secs] 
516.107: [GC (Allocation Failure) [PSYoungGen: 72592K->1344K(72192K)] 350958K->279710K(763904K), 0.0029316 secs] [Times: user=0.01 sys=0.00, real=0.01 secs] 
516.686: [GC (Allocation Failure) [PSYoungGen: 72000K->1376K(71680K)] 350366K->279742K(763392K), 0.0030930 secs] [Times: user=0.01 sys=0.00, real=0.01 secs] 
517.273: [GC (Allocation Failure) [PSYoungGen: 71520K->1453K(71168K)] 349886K->279819K(762880K), 0.0024683 secs] [Times: user=0.01 sys=0.00, real=0.00 secs] 
517.443: [GC (Allocation Failure) [PSYoungGen: 71085K->1488K(70656K)] 349451K->279854K(762368K), 0.0014838 secs] [Times: user=0.00 sys=0.00, real=0.00 secs] 
517.563: [GC (Allocation Failure) [PSYoungGen: 70608K->1456K(70144K)] 348974K->279822K(761856K), 0.0015994 secs] [Times: user=0.01 sys=0.00, real=0.00 secs] 
517.683: [GC (Allocation Failure) [PSYoungGen: 70064K->1520K(72704K)] 348430K->279886K(764416K), 0.0053719 secs] [Times: user=0.03 sys=0.00, real=0.01 secs] 
518.064: [GC (Allocation Failure) [PSYoungGen: 72688K->1408K(73216K)] 351054K->279774K(764928K), 0.0019098 secs] [Times: user=0.01 sys=0.00, real=0.00 secs] 
518.649: [GC (Allocation Failure) [PSYoungGen: 72576K->1376K(80384K)] 350942K->279742K(772096K), 0.0018135 secs] [Times: user=0.00 sys=0.00, real=0.00 secs] 
519.295: [GC (Allocation Failure) [PSYoungGen: 80224K->1440K(81408K)] 358590K->279806K(773120K), 0.0024451 secs] [Times: user=0.01 sys=0.00, real=0.00 secs] 
519.730: [GC (Allocation Failure) [PSYoungGen: 80800K->1392K(80384K)] 359166K->279758K(772096K), 0.0024593 secs] [Times: user=0.01 sys=0.00, real=0.00 secs] 
519.946: [GC (Allocation Failure) [PSYoungGen: 80240K->1501K(79872K)] 358606K->279867K(771584K), 0.0018761 secs] [Times: user=0.01 sys=0.00, real=0.00 secs] 
520.085: [GC (Allocation Failure) [PSYoungGen: 79837K->1485K(79360K)] 358203K->279851K(771072K), 0.0014922 secs] [Times: user=0.01 sys=0.00, real=0.00 secs] 
520.223: [GC (Allocation Failure) [PSYoungGen: 79309K->1520K(87040K)] 357675K->279886K(778752K), 0.0015072 secs] [Times: user=0.01 sys=0.00, real=0.00 secs] 
520.784: [GC (Allocation Failure) [PSYoungGen: 86512K->1440K(86016K)] 364878K->279814K(777728K), 0.0018797 secs] [Times: user=0.00 sys=0.00, real=0.00 secs] 
521.550: [GC (Allocation Failure) [PSYoungGen: 85920K->1392K(85504K)] 364294K->279766K(777216K), 0.0031601 secs] [Times: user=0.01 sys=0.00, real=0.00 secs] 
522.362: [GC (Allocation Failure) [PSYoungGen: 85360K->1376K(84992K)] 363734K->279750K(776704K), 0.0021293 secs] [Times: user=0.01 sys=0.00, real=0.00 secs] 
522.913: [GC (Allocation Failure) [PSYoungGen: 84832K->1392K(84480K)] 363206K->279766K(776192K), 0.0022364 secs] [Times: user=0.01 sys=0.01, real=0.00 secs] 
523.090: [GC (Allocation Failure) [PSYoungGen: 84336K->1421K(83968K)] 362710K->279811K(775680K), 0.0016566 secs] [Times: user=0.00 sys=0.00, real=0.00 secs] 
523.260: [GC (Allocation Failure) [PSYoungGen: 83853K->1552K(83968K)] 362243K->279942K(775680K), 0.0019368 secs] [Times: user=0.00 sys=0.00, real=0.00 secs] 
523.487: [GC (Allocation Failure) [PSYoungGen: 83472K->704K(82432K)] 361862K->280118K(774144K), 0.0019976 secs] [Times: user=0.00 sys=0.00, real=0.01 secs] 
523.824: [GC (Allocation Failure) [PSYoungGen: 82112K->352K(81408K)] 361526K->279766K(773120K), 0.0018592 secs] [Times: user=0.00 sys=0.00, real=0.00 secs] 
524.161: [GC (Allocation Failure) [PSYoungGen: 81248K->320K(81408K)] 360662K->279734K(773120K), 0.0025619 secs] [Times: user=0.01 sys=0.00, real=0.00 secs] 
524.499: [GC (Allocation Failure) [PSYoungGen: 80704K->320K(80384K)] 360118K->279734K(772096K), 0.0024238 secs] [Times: user=0.01 sys=0.00, real=0.00 secs] 
524.822: [GC (Allocation Failure) [PSYoungGen: 80192K->1453K(81408K)] 359606K->280867K(773120K), 0.0018228 secs] [Times: user=0.01 sys=0.00, real=0.00 secs] 
524.964: [GC (Allocation Failure) [PSYoungGen: 80813K->1485K(80384K)] 360227K->280899K(772096K), 0.0015177 secs] [Times: user=0.01 sys=0.00, real=0.00 secs] 
525.123: [GC (Allocation Failure) [PSYoungGen: 80333K->1488K(80384K)] 359747K->280902K(772096K), 0.0018769 secs] [Times: user=0.01 sys=0.00, real=0.00 secs] 
525.783: [GC (Allocation Failure) [PSYoungGen: 79824K->1408K(79360K)] 359238K->280822K(771072K), 0.0028322 secs] [Times: user=0.01 sys=0.00, real=0.00 secs] 
526.852: [GC (Allocation Failure) [PSYoungGen: 79232K->1360K(79360K)] 358646K->280774K(771072K), 0.0038022 secs] [Times: user=0.02 sys=0.01, real=0.00 secs] 
527.203: [GC (Allocation Failure) [PSYoungGen: 78672K->1376K(78336K)] 358086K->280790K(770048K), 0.0019867 secs] [Times: user=0.01 sys=0.00, real=0.00 secs] 
527.830: [GC (Allocation Failure) [PSYoungGen: 78176K->1376K(77824K)] 357590K->280790K(769536K), 0.0018989 secs] [Times: user=0.01 sys=0.00, real=0.00 secs] 
528.251: [GC (Allocation Failure) [PSYoungGen: 77664K->1456K(77312K)] 357078K->280870K(769024K), 0.0015925 secs] [Times: user=0.00 sys=0.00, real=0.00 secs] 
528.407: [GC (Allocation Failure) [PSYoungGen: 77232K->1517K(76800K)] 356646K->280963K(768512K), 0.0018138 secs] [Times: user=0.01 sys=0.00, real=0.01 secs] 
528.563: [GC (Allocation Failure) [PSYoungGen: 76781K->1485K(76288K)] 356227K->280931K(768000K), 0.0016028 secs] [Times: user=0.00 sys=0.00, real=0.00 secs] 
530.143: [GC (Allocation Failure) [PSYoungGen: 76237K->1440K(75776K)] 355683K->280886K(767488K), 0.0036547 secs] [Times: user=0.01 sys=0.00, real=0.00 secs] 
531.186: [GC (Allocation Failure) [PSYoungGen: 75680K->1312K(75264K)] 355126K->280758K(766976K), 0.0031788 secs] [Times: user=0.01 sys=0.00, real=0.01 secs] 
532.066: [GC (Allocation Failure) [PSYoungGen: 75040K->1376K(74752K)] 354486K->280822K(766464K), 0.0029244 secs] [Times: user=0.01 sys=0.00, real=0.01 secs] 
532.727: [GC (Allocation Failure) [PSYoungGen: 74592K->1344K(74240K)] 354038K->280798K(765952K), 0.0021835 secs] [Times: user=0.01 sys=0.00, real=0.01 secs] 
533.244: [GC (Allocation Failure) [PSYoungGen: 74048K->1469K(73728K)] 353502K->280923K(765440K), 0.0018968 secs] [Times: user=0.01 sys=0.00, real=0.00 secs] 
533.385: [GC (Allocation Failure) [PSYoungGen: 73661K->1485K(73216K)] 353115K->280939K(764928K), 0.0016958 secs] [Times: user=0.01 sys=0.00, real=0.00 secs] 
533.530: [GC (Allocation Failure) [PSYoungGen: 73165K->1520K(72704K)] 352619K->281006K(764416K), 0.0017693 secs] [Times: user=0.01 sys=0.00, real=0.00 secs] 
533.690: [GC (Allocation Failure) [PSYoungGen: 72688K->1485K(72192K)] 352174K->280987K(763904K), 0.0017762 secs] [Times: user=0.01 sys=0.00, real=0.00 secs] 
534.328: [GC (Allocation Failure) [PSYoungGen: 72141K->1456K(71680K)] 351643K->280958K(763392K), 0.0022895 secs] [Times: user=0.01 sys=0.00, real=0.00 secs] 
535.184: [GC (Allocation Failure) [PSYoungGen: 71600K->1376K(71168K)] 351102K->280878K(762880K), 0.0030281 secs] [Times: user=0.02 sys=0.00, real=0.00 secs] 
535.816: [GC (Allocation Failure) [PSYoungGen: 71008K->1376K(70656K)] 350510K->280894K(762368K), 0.0037019 secs] [Times: user=0.01 sys=0.00, real=0.01 secs] 
536.958: [GC (Allocation Failure) [PSYoungGen: 70496K->1376K(70144K)] 350014K->280894K(761856K), 0.0033712 secs] [Times: user=0.01 sys=0.00, real=0.01 secs] 
537.355: [GC (Allocation Failure) [PSYoungGen: 69984K->1453K(69632K)] 349502K->280971K(761344K), 0.0019742 secs] [Times: user=0.01 sys=0.00, real=0.00 secs] 
537.490: [GC (Allocation Failure) [PSYoungGen: 69549K->1456K(69632K)] 349067K->280974K(761344K), 0.0014998 secs] [Times: user=0.01 sys=0.00, real=0.00 secs] 
537.610: [GC (Allocation Failure) [PSYoungGen: 69552K->1453K(70144K)] 349070K->280971K(761856K), 0.0015049 secs] [Times: user=0.01 sys=0.00, real=0.00 secs] 
537.731: [GC (Allocation Failure) [PSYoungGen: 69549K->1472K(70144K)] 349067K->280990K(761856K), 0.0016406 secs] [Times: user=0.00 sys=0.00, real=0.00 secs] 
538.885: [GC (Allocation Failure) [PSYoungGen: 69568K->1376K(69632K)] 349086K->280894K(761344K), 0.0042309 secs] [Times: user=0.01 sys=0.00, real=0.01 secs] 
539.761: [GC (Allocation Failure) [PSYoungGen: 69472K->1376K(69632K)] 348990K->280894K(761344K), 0.0043498 secs] [Times: user=0.02 sys=0.00, real=0.00 secs] 
540.687: [GC (Allocation Failure) [PSYoungGen: 69472K->1376K(69632K)] 348990K->280894K(761344K), 0.0033394 secs] [Times: user=0.01 sys=0.00, real=0.01 secs] 
541.230: [GC (Allocation Failure) [PSYoungGen: 69472K->1376K(69632K)] 348990K->280894K(761344K), 0.0025054 secs] [Times: user=0.01 sys=0.00, real=0.00 secs] 
541.423: [GC (Allocation Failure) [PSYoungGen: 69472K->1456K(69632K)] 348990K->280974K(761344K), 0.0016036 secs] [Times: user=0.01 sys=0.00, real=0.00 secs] 
541.561: [GC (Allocation Failure) [PSYoungGen: 69552K->1549K(70144K)] 349070K->281067K(761856K), 0.0019542 secs] [Times: user=0.00 sys=0.00, real=0.00 secs] 
541.714: [GC (Allocation Failure) [PSYoungGen: 69645K->461K(68608K)] 349163K->281003K(760320K), 0.0016487 secs] [Times: user=0.00 sys=0.00, real=0.00 secs] 
541.967: [GC (Allocation Failure) [PSYoungGen: 68557K->1712K(70144K)] 349099K->282254K(761856K), 0.0019573 secs] [Times: user=0.01 sys=0.00, real=0.01 secs] 
543.803: [GC (Allocation Failure) [PSYoungGen: 69808K->1440K(69632K)] 350350K->281990K(761344K), 0.0035418 secs] [Times: user=0.01 sys=0.00, real=0.00 secs] 
544.696: [GC (Allocation Failure) [PSYoungGen: 69536K->1408K(69632K)] 350086K->281958K(761344K), 0.0040752 secs] [Times: user=0.01 sys=0.00, real=0.01 secs] 
545.746: [GC (Allocation Failure) [PSYoungGen: 69504K->1344K(69632K)] 350054K->281894K(761344K), 0.0037249 secs] [Times: user=0.01 sys=0.00, real=0.01 secs] 
546.962: [GC (Allocation Failure) [PSYoungGen: 69440K->1376K(69632K)] 349990K->281934K(761344K), 0.0038759 secs] [Times: user=0.01 sys=0.00, real=0.00 secs] 
547.271: [GC (Allocation Failure) [PSYoungGen: 69472K->1485K(69632K)] 350030K->282043K(761344K), 0.0018683 secs] [Times: user=0.01 sys=0.00, real=0.00 secs] 
547.401: [GC (Allocation Failure) [PSYoungGen: 69581K->1453K(70144K)] 350139K->282011K(761856K), 0.0014673 secs] [Times: user=0.00 sys=0.00, real=0.00 secs] 
547.520: [GC (Allocation Failure) [PSYoungGen: 69549K->1488K(70144K)] 350107K->282054K(761856K), 0.0014709 secs] [Times: user=0.00 sys=0.00, real=0.00 secs] 
547.774: [GC (Allocation Failure) [PSYoungGen: 69584K->1952K(70144K)] 350150K->282526K(761856K), 0.0017617 secs] [Times: user=0.00 sys=0.00, real=0.00 secs] 
548.447: [GC (Allocation Failure) [PSYoungGen: 70048K->1408K(70144K)] 350622K->281982K(761856K), 0.0018797 secs] [Times: user=0.01 sys=0.00, real=0.01 secs] 
549.148: [GC (Allocation Failure) [PSYoungGen: 69504K->1408K(70144K)] 350078K->281982K(761856K), 0.0029359 secs] [Times: user=0.01 sys=0.00, real=0.01 secs] 
549.718: [GC (Allocation Failure) [PSYoungGen: 69504K->1376K(70144K)] 350078K->281950K(761856K), 0.0029219 secs] [Times: user=0.01 sys=0.00, real=0.00 secs] 
550.342: [GC (Allocation Failure) [PSYoungGen: 69472K->1424K(70144K)] 350046K->281998K(761856K), 0.0026331 secs] [Times: user=0.01 sys=0.00, real=0.00 secs] 
550.571: [GC (Allocation Failure) [PSYoungGen: 69520K->1517K(70144K)] 350094K->282091K(761856K), 0.0019171 secs] [Times: user=0.00 sys=0.00, real=0.00 secs] 
550.734: [GC (Allocation Failure) [PSYoungGen: 69613K->1549K(70144K)] 350187K->282123K(761856K), 0.0017857 secs] [Times: user=0.01 sys=0.00, real=0.00 secs] 
550.889: [GC (Allocation Failure) [PSYoungGen: 69645K->1504K(70144K)] 350219K->282086K(761856K), 0.0014895 secs] [Times: user=0.00 sys=0.00, real=0.00 secs] 
551.144: [GC (Allocation Failure) [PSYoungGen: 69600K->1472K(70144K)] 350182K->282054K(761856K), 0.0022360 secs] [Times: user=0.01 sys=0.00, real=0.00 secs] 
551.834: [GC (Allocation Failure) [PSYoungGen: 69568K->1408K(70144K)] 350150K->281990K(761856K), 0.0028222 secs] [Times: user=0.01 sys=0.00, real=0.00 secs] 
552.385: [GC (Allocation Failure) [PSYoungGen: 69504K->1440K(70144K)] 350086K->282022K(761856K), 0.0022083 secs] [Times: user=0.00 sys=0.00, real=0.00 secs] 
552.795: [GC (Allocation Failure) [PSYoungGen: 69536K->1440K(70144K)] 350118K->282022K(761856K), 0.0019611 secs] [Times: user=0.00 sys=0.00, real=0.00 secs] 
553.091: [GC (Allocation Failure) [PSYoungGen: 69536K->1453K(70144K)] 350118K->282051K(761856K), 0.0020687 secs] [Times: user=0.01 sys=0.01, real=0.00 secs] 
553.222: [GC (Allocation Failure) [PSYoungGen: 69549K->1472K(70144K)] 350147K->282070K(761856K), 0.0015546 secs] [Times: user=0.01 sys=0.00, real=0.00 secs] 
553.342: [GC (Allocation Failure) [PSYoungGen: 69568K->1533K(70144K)] 350166K->282131K(761856K), 0.0015963 secs] [Times: user=0.01 sys=0.00, real=0.00 secs] 
553.461: [GC (Allocation Failure) [PSYoungGen: 69629K->1488K(70144K)] 350227K->282110K(761856K), 0.0016253 secs] [Times: user=0.00 sys=0.00, real=0.00 secs] 
553.858: [GC (Allocation Failure) [PSYoungGen: 69584K->1424K(70144K)] 350206K->282046K(761856K), 0.0018959 secs] [Times: user=0.01 sys=0.00, real=0.01 secs] 
554.411: [GC (Allocation Failure) [PSYoungGen: 69520K->1376K(70144K)] 350142K->281998K(761856K), 0.0018705 secs] [Times: user=0.00 sys=0.00, real=0.00 secs] 
554.975: [GC (Allocation Failure) [PSYoungGen: 69472K->1376K(70144K)] 350094K->281998K(761856K), 0.0019830 secs] [Times: user=0.01 sys=0.00, real=0.00 secs] 
555.560: [GC (Allocation Failure) [PSYoungGen: 69472K->1408K(70144K)] 350094K->282030K(761856K), 0.0021001 secs] [Times: user=0.01 sys=0.00, real=0.00 secs] 
556.169: [GC (Allocation Failure) [PSYoungGen: 69504K->1488K(70144K)] 350126K->282110K(761856K), 0.0030156 secs] [Times: user=0.01 sys=0.00, real=0.00 secs] 
556.370: [GC (Allocation Failure) [PSYoungGen: 69559K->1520K(70144K)] 350182K->282142K(761856K), 0.0015370 secs] [Times: user=0.00 sys=0.00, real=0.00 secs] 
556.489: [GC (Allocation Failure) [PSYoungGen: 69616K->1453K(70144K)] 350238K->282075K(761856K), 0.0015633 secs] [Times: user=0.01 sys=0.00, real=0.00 secs] 
556.608: [GC (Allocation Failure) [PSYoungGen: 69549K->1488K(70144K)] 350171K->282142K(761856K), 0.0016355 secs] [Times: user=0.01 sys=0.00, real=0.01 secs] 
556.819: [GC (Allocation Failure) [PSYoungGen: 69584K->1456K(70144K)] 350238K->282110K(761856K), 0.0017360 secs] [Times: user=0.00 sys=0.00, real=0.00 secs] 
557.508: [GC (Allocation Failure) [PSYoungGen: 69552K->1376K(70144K)] 350206K->282030K(761856K), 0.0018456 secs] [Times: user=0.00 sys=0.00, real=0.00 secs] 
558.325: [GC (Allocation Failure) [PSYoungGen: 69472K->1360K(70144K)] 350126K->282014K(761856K), 0.0037583 secs] [Times: user=0.02 sys=0.00, real=0.01 secs] 
559.231: [GC (Allocation Failure) [PSYoungGen: 69456K->1376K(70144K)] 350110K->282030K(761856K), 0.0032009 secs] [Times: user=0.01 sys=0.00, real=0.00 secs] 
560.083: [GC (Allocation Failure) [PSYoungGen: 69472K->1456K(70144K)] 350126K->282110K(761856K), 0.0024759 secs] [Times: user=0.01 sys=0.00, real=0.00 secs] 
560.266: [GC (Allocation Failure) [PSYoungGen: 69552K->1533K(70144K)] 350206K->282187K(761856K), 0.0014662 secs] [Times: user=0.00 sys=0.00, real=0.00 secs] 
560.386: [GC (Allocation Failure) [PSYoungGen: 69629K->1424K(70144K)] 350283K->282078K(761856K), 0.0014545 secs] [Times: user=0.00 sys=0.00, real=0.00 secs] 
560.505: [GC (Allocation Failure) [PSYoungGen: 69520K->1520K(70144K)] 350174K->282182K(761856K), 0.0014995 secs] [Times: user=0.01 sys=0.00, real=0.00 secs] 
561.112: [GC (Allocation Failure) [PSYoungGen: 69616K->1456K(70144K)] 350278K->282118K(761856K), 0.0020723 secs] [Times: user=0.01 sys=0.00, real=0.00 secs] 
561.867: [GC (Allocation Failure) [PSYoungGen: 69552K->1376K(70144K)] 350214K->282038K(761856K), 0.0020111 secs] [Times: user=0.01 sys=0.00, real=0.01 secs] 
562.186: [GC (Allocation Failure) [PSYoungGen: 69472K->1408K(70144K)] 350134K->282070K(761856K), 0.0018764 secs] [Times: user=0.01 sys=0.00, real=0.01 secs] 
562.469: [GC (Allocation Failure) [PSYoungGen: 69504K->1376K(70144K)] 350166K->282038K(761856K), 0.0018201 secs] [Times: user=0.01 sys=0.00, real=0.00 secs] 
562.999: [GC (Allocation Failure) [PSYoungGen: 69472K->1408K(70144K)] 350134K->282070K(761856K), 0.0019747 secs] [Times: user=0.01 sys=0.00, real=0.00 secs] 
563.138: [GC (Allocation Failure) [PSYoungGen: 69504K->1453K(70144K)] 350166K->282115K(761856K), 0.0015782 secs] [Times: user=0.01 sys=0.00, real=0.00 secs] 
563.258: [GC (Allocation Failure) [PSYoungGen: 69549K->1488K(70144K)] 350211K->282150K(761856K), 0.0015842 secs] [Times: user=0.01 sys=0.00, real=0.01 secs] 
563.377: [GC (Allocation Failure) [PSYoungGen: 69584K->1469K(70144K)] 350246K->282139K(761856K), 0.0014508 secs] [Times: user=0.01 sys=0.00, real=0.01 secs] 
563.802: [GC (Allocation Failure) [PSYoungGen: 69565K->1408K(70144K)] 350235K->282094K(761856K), 0.0019789 secs] [Times: user=0.00 sys=0.00, real=0.00 secs] 
564.360: [GC (Allocation Failure) [PSYoungGen: 69504K->1376K(70144K)] 350190K->282062K(761856K), 0.0017950 secs] [Times: user=0.01 sys=0.00, real=0.00 secs] 
565.036: [GC (Allocation Failure) [PSYoungGen: 69472K->1328K(70144K)] 350158K->282014K(761856K), 0.0020654 secs] [Times: user=0.00 sys=0.00, real=0.00 secs] 
565.569: [GC (Allocation Failure) [PSYoungGen: 69424K->1344K(70144K)] 350110K->282030K(761856K), 0.0020163 secs] [Times: user=0.00 sys=0.00, real=0.00 secs] 
566.060: [GC (Allocation Failure) [PSYoungGen: 69440K->1437K(70144K)] 350126K->282123K(761856K), 0.0019598 secs] [Times: user=0.00 sys=0.00, real=0.00 secs] 
566.200: [GC (Allocation Failure) [PSYoungGen: 69533K->1421K(70144K)] 350219K->282107K(761856K), 0.0015317 secs] [Times: user=0.01 sys=0.00, real=0.00 secs] 
566.338: [GC (Allocation Failure) [PSYoungGen: 69517K->1488K(70144K)] 350203K->282174K(761856K), 0.0016047 secs] [Times: user=0.00 sys=0.00, real=0.01 secs] 
566.487: [GC (Allocation Failure) [PSYoungGen: 69584K->1517K(70144K)] 350270K->282211K(761856K), 0.0016732 secs] [Times: user=0.00 sys=0.00, real=0.01 secs] 
567.075: [GC (Allocation Failure) [PSYoungGen: 69613K->1440K(70144K)] 350307K->282134K(761856K), 0.0022124 secs] [Times: user=0.00 sys=0.00, real=0.00 secs] 
567.428: [GC (Allocation Failure) [PSYoungGen: 69536K->1392K(70144K)] 350230K->282086K(761856K), 0.0019304 secs] [Times: user=0.01 sys=0.00, real=0.00 secs] 
567.845: [GC (Allocation Failure) [PSYoungGen: 69488K->1408K(70144K)] 350182K->282102K(761856K), 0.0019659 secs] [Times: user=0.01 sys=0.00, real=0.00 secs] 
568.630: [GC (Allocation Failure) [PSYoungGen: 69504K->1376K(70144K)] 350198K->282070K(761856K), 0.0020731 secs] [Times: user=0.00 sys=0.00, real=0.00 secs] 
569.308: [GC (Allocation Failure) [PSYoungGen: 69472K->1405K(70144K)] 350166K->282099K(761856K), 0.0019879 secs] [Times: user=0.01 sys=0.00, real=0.01 secs] 
569.452: [GC (Allocation Failure) [PSYoungGen: 69501K->1488K(70144K)] 350195K->282182K(761856K), 0.0014506 secs] [Times: user=0.01 sys=0.00, real=0.00 secs] 
569.570: [GC (Allocation Failure) [PSYoungGen: 69584K->1517K(70144K)] 350278K->282211K(761856K), 0.0015988 secs] [Times: user=0.01 sys=0.00, real=0.00 secs] 
569.708: [GC (Allocation Failure) [PSYoungGen: 69613K->1517K(70144K)] 350307K->282219K(761856K), 0.0017758 secs] [Times: user=0.00 sys=0.00, real=0.01 secs] 
569.986: [GC (Allocation Failure) [PSYoungGen: 69613K->1392K(70144K)] 350315K->282102K(761856K), 0.0018410 secs] [Times: user=0.01 sys=0.00, real=0.00 secs] 
570.269: [GC (Allocation Failure) [PSYoungGen: 69488K->1424K(70144K)] 350198K->282134K(761856K), 0.0018539 secs] [Times: user=0.01 sys=0.00, real=0.00 secs] 
570.552: [GC (Allocation Failure) [PSYoungGen: 69520K->1408K(70144K)] 350230K->282118K(761856K), 0.0018265 secs] [Times: user=0.00 sys=0.00, real=0.00 secs] 
570.835: [GC (Allocation Failure) [PSYoungGen: 69504K->1440K(70144K)] 350214K->282150K(761856K), 0.0019033 secs] [Times: user=0.00 sys=0.00, real=0.00 secs] 
571.073: [GC (Allocation Failure) [PSYoungGen: 69536K->1485K(70144K)] 350246K->282195K(761856K), 0.0015507 secs] [Times: user=0.01 sys=0.00, real=0.00 secs] 
571.193: [GC (Allocation Failure) [PSYoungGen: 69581K->1565K(70144K)] 350291K->282275K(761856K), 0.0014267 secs] [Times: user=0.01 sys=0.00, real=0.00 secs] 
571.312: [GC (Allocation Failure) [PSYoungGen: 69661K->1485K(70144K)] 350371K->282195K(761856K), 0.0014370 secs] [Times: user=0.01 sys=0.00, real=0.00 secs] 
571.449: [GC (Allocation Failure) [PSYoungGen: 69581K->1517K(70144K)] 350291K->282235K(761856K), 0.0017939 secs] [Times: user=0.01 sys=0.00, real=0.00 secs] 
572.058: [GC (Allocation Failure) [PSYoungGen: 69613K->1456K(70144K)] 350331K->282190K(761856K), 0.0023786 secs] [Times: user=0.00 sys=0.00, real=0.00 secs] 
572.435: [GC (Allocation Failure) [PSYoungGen: 69552K->1408K(70144K)] 350286K->282142K(761856K), 0.0018415 secs] [Times: user=0.00 sys=0.00, real=0.00 secs] 
572.757: [GC (Allocation Failure) [PSYoungGen: 69504K->1344K(70144K)] 350238K->282078K(761856K), 0.0019056 secs] [Times: user=0.01 sys=0.00, real=0.01 secs] 
573.299: [GC (Allocation Failure) [PSYoungGen: 69440K->1440K(70144K)] 350174K->282174K(761856K), 0.0020020 secs] [Times: user=0.01 sys=0.00, real=0.00 secs] 
573.638: [GC (Allocation Failure) [PSYoungGen: 69536K->1453K(70144K)] 350270K->282187K(761856K), 0.0014399 secs] [Times: user=0.01 sys=0.00, real=0.01 secs] 
573.757: [GC (Allocation Failure) [PSYoungGen: 69549K->1520K(70144K)] 350283K->282254K(761856K), 0.0015801 secs] [Times: user=0.00 sys=0.00, real=0.01 secs] 
573.876: [GC (Allocation Failure) [PSYoungGen: 69616K->1453K(70144K)] 350350K->282187K(761856K), 0.0015383 secs] [Times: user=0.01 sys=0.00, real=0.00 secs] 
573.995: [GC (Allocation Failure) [PSYoungGen: 69549K->1437K(70144K)] 350283K->282195K(761856K), 0.0014931 secs] [Times: user=0.01 sys=0.00, real=0.00 secs] 
574.531: [GC (Allocation Failure) [PSYoungGen: 69533K->1456K(70144K)] 350291K->282214K(761856K), 0.0018262 secs] [Times: user=0.01 sys=0.00, real=0.00 secs] 
575.198: [GC (Allocation Failure) [PSYoungGen: 69552K->1376K(70144K)] 350310K->282134K(761856K), 0.0031754 secs] [Times: user=0.02 sys=0.00, real=0.00 secs] 
575.803: [GC (Allocation Failure) [PSYoungGen: 69472K->1376K(70144K)] 350230K->282134K(761856K), 0.0028516 secs] [Times: user=0.01 sys=0.00, real=0.00 secs] 
576.393: [GC (Allocation Failure) [PSYoungGen: 69472K->1376K(70144K)] 350230K->282142K(761856K), 0.0026661 secs] [Times: user=0.01 sys=0.00, real=0.00 secs] 
576.798: [GC (Allocation Failure) [PSYoungGen: 69472K->1485K(70144K)] 350238K->282251K(761856K), 0.0019910 secs] [Times: user=0.01 sys=0.00, real=0.00 secs] 
576.932: [GC (Allocation Failure) [PSYoungGen: 69581K->1469K(70144K)] 350347K->282235K(761856K), 0.0014961 secs] [Times: user=0.01 sys=0.00, real=0.00 secs] 
577.050: [GC (Allocation Failure) [PSYoungGen: 69565K->1488K(70144K)] 350331K->282254K(761856K), 0.0014721 secs] [Times: user=0.01 sys=0.00, real=0.00 secs] 
577.170: [GC (Allocation Failure) [PSYoungGen: 69584K->1453K(70144K)] 350350K->282235K(761856K), 0.0015116 secs] [Times: user=0.00 sys=0.00, real=0.00 secs] 
578.091: [GC (Allocation Failure) [PSYoungGen: 69549K->1408K(70144K)] 350331K->282190K(761856K), 0.0038800 secs] [Times: user=0.01 sys=0.00, real=0.00 secs] 
578.886: [GC (Allocation Failure) [PSYoungGen: 69504K->1376K(70144K)] 350286K->282158K(761856K), 0.0032785 secs] [Times: user=0.01 sys=0.00, real=0.01 secs] 
579.590: [GC (Allocation Failure) [PSYoungGen: 69472K->1376K(70144K)] 350254K->282158K(761856K), 0.0024604 secs] [Times: user=0.01 sys=0.00, real=0.00 secs] 
580.300: [GC (Allocation Failure) [PSYoungGen: 69472K->1408K(70144K)] 350254K->282190K(761856K), 0.0031091 secs] [Times: user=0.01 sys=0.00, real=0.00 secs] 
580.640: [GC (Allocation Failure) [PSYoungGen: 69504K->1453K(70144K)] 350286K->282235K(761856K), 0.0018701 secs] [Times: user=0.01 sys=0.00, real=0.00 secs] 
580.767: [GC (Allocation Failure) [PSYoungGen: 69549K->1485K(70144K)] 350331K->282267K(761856K), 0.0014545 secs] [Times: user=0.00 sys=0.00, real=0.01 secs] 
580.887: [GC (Allocation Failure) [PSYoungGen: 69581K->1453K(70144K)] 350363K->282235K(761856K), 0.0014691 secs] [Times: user=0.00 sys=0.00, real=0.01 secs] 
581.006: [GC (Allocation Failure) [PSYoungGen: 69549K->1488K(70144K)] 350331K->282282K(761856K), 0.0017953 secs] [Times: user=0.00 sys=0.00, real=0.00 secs] 
581.369: [GC (Allocation Failure) [PSYoungGen: 69584K->1408K(70144K)] 350378K->282202K(761856K), 0.0017257 secs] [Times: user=0.00 sys=0.00, real=0.00 secs] 
581.651: [GC (Allocation Failure) [PSYoungGen: 69504K->1408K(70144K)] 350298K->282202K(761856K), 0.0017258 secs] [Times: user=0.00 sys=0.00, real=0.00 secs] 
581.934: [GC (Allocation Failure) [PSYoungGen: 69504K->1328K(70144K)] 350298K->282122K(761856K), 0.0018173 secs] [Times: user=0.01 sys=0.00, real=0.00 secs] 
582.217: [GC (Allocation Failure) [PSYoungGen: 69424K->1344K(70144K)] 350218K->282138K(761856K), 0.0018542 secs] [Times: user=0.01 sys=0.00, real=0.01 secs] 
582.419: [GC (Allocation Failure) [PSYoungGen: 69440K->1472K(70144K)] 350234K->282266K(761856K), 0.0014589 secs] [Times: user=0.00 sys=0.00, real=0.00 secs] 
582.538: [GC (Allocation Failure) [PSYoungGen: 69568K->1456K(70144K)] 350362K->282250K(761856K), 0.0014658 secs] [Times: user=0.01 sys=0.00, real=0.01 secs] 
582.657: [GC (Allocation Failure) [PSYoungGen: 69552K->1456K(70144K)] 350346K->282266K(761856K), 0.0014807 secs] [Times: user=0.01 sys=0.00, real=0.01 secs] 
582.776: [GC (Allocation Failure) [PSYoungGen: 69552K->1549K(77312K)] 350362K->282367K(769024K), 0.0016095 secs] [Times: user=0.01 sys=0.00, real=0.00 secs] 
584.957: [GC (Allocation Failure) [PSYoungGen: 76813K->1440K(76288K)] 357631K->282258K(768000K), 0.0025827 secs] [Times: user=0.01 sys=0.00, real=0.01 secs] 
585.261: [GC (Allocation Failure) [PSYoungGen: 76192K->1408K(75776K)] 357010K->282226K(767488K), 0.0021926 secs] [Times: user=0.01 sys=0.00, real=0.00 secs] 
585.848: [GC (Allocation Failure) [PSYoungGen: 75648K->1376K(75264K)] 356466K->282194K(766976K), 0.0028047 secs] [Times: user=0.01 sys=0.00, real=0.00 secs] 
586.400: [GC (Allocation Failure) [PSYoungGen: 75104K->1424K(74752K)] 355922K->282242K(766464K), 0.0023395 secs] [Times: user=0.00 sys=0.00, real=0.00 secs] 
586.573: [GC (Allocation Failure) [PSYoungGen: 74640K->1485K(74240K)] 355458K->282303K(765952K), 0.0016274 secs] [Times: user=0.00 sys=0.00, real=0.00 secs] 
586.701: [GC (Allocation Failure) [PSYoungGen: 74189K->1453K(73728K)] 355007K->282271K(765440K), 0.0015102 secs] [Times: user=0.00 sys=0.00, real=0.00 secs] 
586.827: [GC (Allocation Failure) [PSYoungGen: 73645K->1421K(73216K)] 354463K->282239K(764928K), 0.0015354 secs] [Times: user=0.01 sys=0.00, real=0.01 secs] 
587.817: [GC (Allocation Failure) [PSYoungGen: 73101K->1456K(72704K)] 353919K->282282K(764416K), 0.0028589 secs] [Times: user=0.01 sys=0.00, real=0.01 secs] 
588.744: [GC (Allocation Failure) [PSYoungGen: 72624K->1440K(72192K)] 353450K->282266K(763904K), 0.0030776 secs] [Times: user=0.01 sys=0.00, real=0.00 secs] 
589.299: [GC (Allocation Failure) [PSYoungGen: 72096K->1376K(71680K)] 352922K->282202K(763392K), 0.0024562 secs] [Times: user=0.01 sys=0.00, real=0.00 secs] 
589.807: [GC (Allocation Failure) [PSYoungGen: 71520K->1376K(71168K)] 352346K->282202K(762880K), 0.0025238 secs] [Times: user=0.01 sys=0.00, real=0.01 secs] 
590.235: [GC (Allocation Failure) [PSYoungGen: 71008K->461K(69632K)] 351834K->282311K(761344K), 0.0018137 secs] [Times: user=0.01 sys=0.00, real=0.00 secs] 
590.367: [GC (Allocation Failure) [PSYoungGen: 69581K->461K(70656K)] 351431K->282311K(762368K), 0.0014673 secs] [Times: user=0.01 sys=0.00, real=0.01 secs] 
590.487: [GC (Allocation Failure) [PSYoungGen: 69060K->445K(69120K)] 350910K->282295K(760832K), 0.0016797 secs] [Times: user=0.01 sys=0.00, real=0.01 secs] 
590.609: [GC (Allocation Failure) [PSYoungGen: 68541K->493K(70144K)] 350391K->282343K(761856K), 0.0016084 secs] [Times: user=0.01 sys=0.00, real=0.00 secs] 
590.904: [GC (Allocation Failure) [PSYoungGen: 68589K->1376K(69632K)] 350439K->283226K(761344K), 0.0016770 secs] [Times: user=0.01 sys=0.00, real=0.00 secs] 
591.353: [GC (Allocation Failure) [PSYoungGen: 69472K->1344K(69632K)] 351322K->283194K(761344K), 0.0020226 secs] [Times: user=0.00 sys=0.00, real=0.00 secs] 
591.896: [GC (Allocation Failure) [PSYoungGen: 69440K->1376K(69632K)] 351290K->283226K(761344K), 0.0016997 secs] [Times: user=0.01 sys=0.00, real=0.00 secs] 
592.439: [GC (Allocation Failure) [PSYoungGen: 69472K->1392K(69632K)] 351322K->283242K(761344K), 0.0034341 secs] [Times: user=0.01 sys=0.01, real=0.00 secs] 
592.695: [GC (Allocation Failure) [PSYoungGen: 69488K->1520K(69632K)] 351338K->283370K(761344K), 0.0015219 secs] [Times: user=0.01 sys=0.00, real=0.00 secs] 
592.814: [GC (Allocation Failure) [PSYoungGen: 69616K->1488K(69632K)] 351466K->283338K(761344K), 0.0015663 secs] [Times: user=0.00 sys=0.00, real=0.00 secs] 
592.933: [GC (Allocation Failure) [PSYoungGen: 69584K->1520K(69632K)] 351434K->283370K(761344K), 0.0014657 secs] [Times: user=0.01 sys=0.00, real=0.00 secs] 
593.052: [GC (Allocation Failure) [PSYoungGen: 69616K->1485K(73728K)] 351466K->283359K(765440K), 0.0015939 secs] [Times: user=0.01 sys=0.00, real=0.00 secs] 
594.738: [GC (Allocation Failure) [PSYoungGen: 73165K->1392K(72704K)] 355039K->283266K(764416K), 0.0042092 secs] [Times: user=0.02 sys=0.00, real=0.01 secs] 
595.660: [GC (Allocation Failure) [PSYoungGen: 72560K->1376K(72192K)] 354434K->283250K(763904K), 0.0034886 secs] [Times: user=0.01 sys=0.00, real=0.00 secs] 
596.736: [GC (Allocation Failure) [PSYoungGen: 72032K->1312K(71680K)] 353906K->283186K(763392K), 0.0032250 secs] [Times: user=0.01 sys=0.00, real=0.01 secs] 
597.580: [GC (Allocation Failure) [PSYoungGen: 71456K->1392K(71168K)] 353330K->283266K(762880K), 0.0035488 secs] [Times: user=0.01 sys=0.01, real=0.00 secs] 
597.856: [GC (Allocation Failure) [PSYoungGen: 71024K->1517K(70656K)] 352898K->283391K(762368K), 0.0017158 secs] [Times: user=0.00 sys=0.00, real=0.01 secs] 
597.981: [GC (Allocation Failure) [PSYoungGen: 70637K->1456K(70144K)] 352511K->283330K(761856K), 0.0015227 secs] [Times: user=0.00 sys=0.00, real=0.00 secs] 
598.100: [GC (Allocation Failure) [PSYoungGen: 70064K->1520K(69632K)] 351938K->283394K(761344K), 0.0015635 secs] [Times: user=0.01 sys=0.00, real=0.00 secs] 
598.430: [GC (Allocation Failure) [PSYoungGen: 69616K->1440K(69632K)] 351490K->283314K(761344K), 0.0018082 secs] [Times: user=0.01 sys=0.00, real=0.00 secs] 
599.166: [GC (Allocation Failure) [PSYoungGen: 69536K->1376K(69632K)] 351410K->283250K(761344K), 0.0028332 secs] [Times: user=0.01 sys=0.00, real=0.01 secs] 
599.465: [GC (Allocation Failure) [PSYoungGen: 69472K->1392K(69632K)] 351346K->283266K(761344K), 0.0022119 secs] [Times: user=0.01 sys=0.00, real=0.00 secs] 
599.920: [GC (Allocation Failure) [PSYoungGen: 69488K->1360K(69632K)] 351362K->283234K(761344K), 0.0035949 secs] [Times: user=0.01 sys=0.00, real=0.00 secs] 
600.561: [GC (Allocation Failure) [PSYoungGen: 69456K->1469K(69632K)] 351330K->283343K(761344K), 0.0031395 secs] [Times: user=0.01 sys=0.00, real=0.00 secs] 
600.756: [GC (Allocation Failure) [PSYoungGen: 69565K->1453K(69632K)] 351439K->283327K(761344K), 0.0014026 secs] [Times: user=0.01 sys=0.00, real=0.00 secs] 
600.876: [GC (Allocation Failure) [PSYoungGen: 69549K->1485K(69632K)] 351423K->283359K(761344K), 0.0015371 secs] [Times: user=0.01 sys=0.00, real=0.00 secs] 
600.996: [GC (Allocation Failure) [PSYoungGen: 69581K->1453K(70144K)] 351455K->283327K(761856K), 0.0015446 secs] [Times: user=0.01 sys=0.00, real=0.00 secs] 
602.065: [GC (Allocation Failure) [PSYoungGen: 69549K->1456K(70144K)] 351423K->283330K(761856K), 0.0035769 secs] [Times: user=0.01 sys=0.00, real=0.01 secs] 
602.707: [GC (Allocation Failure) [PSYoungGen: 69552K->1408K(70144K)] 351426K->283282K(761856K), 0.0022256 secs] [Times: user=0.01 sys=0.00, real=0.01 secs] 
603.258: [GC (Allocation Failure) [PSYoungGen: 69504K->1376K(70144K)] 351378K->283250K(761856K), 0.0024815 secs] [Times: user=0.01 sys=0.00, real=0.00 secs] 
603.969: [GC (Allocation Failure) [PSYoungGen: 69472K->1376K(70144K)] 351346K->283266K(761856K), 0.0027720 secs] [Times: user=0.02 sys=0.00, real=0.00 secs] 
604.631: [GC (Allocation Failure) [PSYoungGen: 69472K->1421K(70144K)] 351362K->283311K(761856K), 0.0024609 secs] [Times: user=0.01 sys=0.00, real=0.00 secs] 
604.820: [GC (Allocation Failure) [PSYoungGen: 69517K->1485K(70144K)] 351407K->283375K(761856K), 0.0014740 secs] [Times: user=0.01 sys=0.00, real=0.00 secs] 
604.939: [GC (Allocation Failure) [PSYoungGen: 69581K->1504K(70144K)] 351471K->283394K(761856K), 0.0014781 secs] [Times: user=0.01 sys=0.00, real=0.00 secs] 
605.059: [GC (Allocation Failure) [PSYoungGen: 69600K->1453K(70144K)] 351490K->283351K(761856K), 0.0015156 secs] [Times: user=0.01 sys=0.00, real=0.00 secs] 
605.356: [GC (Allocation Failure) [PSYoungGen: 69549K->1456K(70144K)] 351447K->283378K(761856K), 0.0017063 secs] [Times: user=0.01 sys=0.00, real=0.00 secs] 
606.369: [GC (Allocation Failure) [PSYoungGen: 69552K->1344K(70144K)] 351474K->283266K(761856K), 0.0022986 secs] [Times: user=0.01 sys=0.00, real=0.00 secs] 
607.430: [GC (Allocation Failure) [PSYoungGen: 69440K->1376K(70144K)] 351362K->283298K(761856K), 0.0036122 secs] [Times: user=0.01 sys=0.00, real=0.00 secs] 
608.111: [GC (Allocation Failure) [PSYoungGen: 69472K->1376K(70144K)] 351394K->283298K(761856K), 0.0023680 secs] [Times: user=0.01 sys=0.00, real=0.00 secs] 
608.649: [GC (Allocation Failure) [PSYoungGen: 69472K->1440K(70144K)] 351394K->283362K(761856K), 0.0019664 secs] [Times: user=0.00 sys=0.00, real=0.00 secs] 
608.792: [GC (Allocation Failure) [PSYoungGen: 69536K->1453K(70144K)] 351458K->283375K(761856K), 0.0015841 secs] [Times: user=0.00 sys=0.00, real=0.00 secs] 
608.911: [GC (Allocation Failure) [PSYoungGen: 69549K->1472K(70144K)] 351471K->283394K(761856K), 0.0014797 secs] [Times: user=0.01 sys=0.00, real=0.00 secs] 
609.031: [GC (Allocation Failure) [PSYoungGen: 69568K->1504K(70144K)] 351490K->283442K(761856K), 0.0014823 secs] [Times: user=0.01 sys=0.00, real=0.00 secs] 
609.265: [GC (Allocation Failure) [PSYoungGen: 69600K->1424K(70144K)] 351538K->283370K(761856K), 0.0015536 secs] [Times: user=0.00 sys=0.00, real=0.00 secs] 
609.614: [GC (Allocation Failure) [PSYoungGen: 69520K->1376K(70144K)] 351466K->283322K(761856K), 0.0018442 secs] [Times: user=0.00 sys=0.00, real=0.00 secs] 
609.931: [GC (Allocation Failure) [PSYoungGen: 69472K->1408K(70144K)] 351418K->283354K(761856K), 0.0017753 secs] [Times: user=0.01 sys=0.00, real=0.00 secs] 
610.215: [GC (Allocation Failure) [PSYoungGen: 69504K->1344K(70144K)] 351450K->283290K(761856K), 0.0021722 secs] [Times: user=0.01 sys=0.00, real=0.00 secs] 
610.565: [GC (Allocation Failure) [PSYoungGen: 69440K->1485K(70144K)] 351386K->283431K(761856K), 0.0019782 secs] [Times: user=0.00 sys=0.00, real=0.00 secs] 
610.736: [GC (Allocation Failure) [PSYoungGen: 69581K->1549K(70144K)] 351527K->283495K(761856K), 0.0021629 secs] [Times: user=0.01 sys=0.00, real=0.00 secs] 
610.918: [GC (Allocation Failure) [PSYoungGen: 69645K->1453K(70144K)] 351591K->283399K(761856K), 0.0022538 secs] [Times: user=0.01 sys=0.00, real=0.01 secs] 
611.118: [GC (Allocation Failure) [PSYoungGen: 69549K->1517K(70144K)] 351495K->283471K(761856K), 0.0021022 secs] [Times: user=0.00 sys=0.00, real=0.01 secs] 
611.380: [GC (Allocation Failure) [PSYoungGen: 69613K->1424K(70144K)] 351567K->283378K(761856K), 0.0022784 secs] [Times: user=0.01 sys=0.00, real=0.00 secs] 
611.688: [GC (Allocation Failure) [PSYoungGen: 69520K->1440K(70144K)] 351474K->283410K(761856K), 0.0018727 secs] [Times: user=0.01 sys=0.00, real=0.01 secs] 
612.005: [GC (Allocation Failure) [PSYoungGen: 69536K->1408K(70144K)] 351506K->283378K(761856K), 0.0018919 secs] [Times: user=0.01 sys=0.00, real=0.00 secs] 
612.330: [GC (Allocation Failure) [PSYoungGen: 69504K->1440K(70144K)] 351474K->283418K(761856K), 0.0018706 secs] [Times: user=0.01 sys=0.00, real=0.00 secs] 
612.656: [GC (Allocation Failure) [PSYoungGen: 69536K->1504K(70144K)] 351514K->283482K(761856K), 0.0015070 secs] [Times: user=0.00 sys=0.00, real=0.00 secs] 
612.797: [GC (Allocation Failure) [PSYoungGen: 69600K->1485K(70144K)] 351578K->283463K(761856K), 0.0016620 secs] [Times: user=0.01 sys=0.00, real=0.01 secs] 
612.955: [GC (Allocation Failure) [PSYoungGen: 69581K->1581K(70144K)] 351559K->283559K(761856K), 0.0018921 secs] [Times: user=0.00 sys=0.00, real=0.00 secs] 
613.115: [GC (Allocation Failure) [PSYoungGen: 69677K->1485K(70144K)] 351655K->283471K(761856K), 0.0016212 secs] [Times: user=0.01 sys=0.00, real=0.00 secs] 
613.368: [GC (Allocation Failure) [PSYoungGen: 69581K->1472K(70144K)] 351567K->283458K(761856K), 0.0020828 secs] [Times: user=0.01 sys=0.00, real=0.01 secs] 
613.651: [GC (Allocation Failure) [PSYoungGen: 69568K->1376K(70144K)] 351554K->283362K(761856K), 0.0018986 secs] [Times: user=0.01 sys=0.00, real=0.00 secs] 
613.934: [GC (Allocation Failure) [PSYoungGen: 69472K->1344K(70144K)] 351458K->283330K(761856K), 0.0018105 secs] [Times: user=0.01 sys=0.00, real=0.00 secs] 
614.217: [GC (Allocation Failure) [PSYoungGen: 69440K->1344K(70144K)] 351426K->283330K(761856K), 0.0021601 secs] [Times: user=0.01 sys=0.00, real=0.01 secs] 
614.468: [GC (Allocation Failure) [PSYoungGen: 69440K->1453K(70144K)] 351426K->283439K(761856K), 0.0016597 secs] [Times: user=0.01 sys=0.00, real=0.00 secs] 
614.589: [GC (Allocation Failure) [PSYoungGen: 69549K->1485K(70144K)] 351535K->283471K(761856K), 0.0014700 secs] [Times: user=0.01 sys=0.00, real=0.00 secs] 
614.708: [GC (Allocation Failure) [PSYoungGen: 69581K->1501K(70144K)] 351567K->283487K(761856K), 0.0014833 secs] [Times: user=0.01 sys=0.00, real=0.00 secs] 
614.827: [GC (Allocation Failure) [PSYoungGen: 69597K->1533K(77312K)] 351583K->283527K(769024K), 0.0015227 secs] [Times: user=0.01 sys=0.00, real=0.01 secs] 
616.258: [GC (Allocation Failure) [PSYoungGen: 76797K->1392K(76288K)] 358791K->283394K(768000K), 0.0038814 secs] [Times: user=0.02 sys=0.00, real=0.01 secs] 
616.978: [GC (Allocation Failure) [PSYoungGen: 76144K->1408K(75776K)] 358146K->283410K(767488K), 0.0021953 secs] [Times: user=0.01 sys=0.00, real=0.00 secs] 
618.088: [GC (Allocation Failure) [PSYoungGen: 75648K->1392K(75264K)] 357650K->283394K(766976K), 0.0027385 secs] [Times: user=0.01 sys=0.00, real=0.00 secs] 
619.050: [GC (Allocation Failure) [PSYoungGen: 75120K->1408K(74752K)] 357122K->283410K(766464K), 0.0027449 secs] [Times: user=0.00 sys=0.01, real=0.00 secs] 
619.362: [GC (Allocation Failure) [PSYoungGen: 74624K->1453K(74240K)] 356626K->283455K(765952K), 0.0020623 secs] [Times: user=0.01 sys=0.00, real=0.00 secs] 
619.504: [GC (Allocation Failure) [PSYoungGen: 74157K->1453K(73728K)] 356159K->283455K(765440K), 0.0015222 secs] [Times: user=0.00 sys=0.00, real=0.00 secs] 
619.630: [GC (Allocation Failure) [PSYoungGen: 73645K->1485K(73216K)] 355647K->283487K(764928K), 0.0016897 secs] [Times: user=0.00 sys=0.00, real=0.00 secs] 
619.937: [GC (Allocation Failure) [PSYoungGen: 73165K->1488K(72704K)] 355167K->283498K(764416K), 0.0022692 secs] [Times: user=0.01 sys=0.00, real=0.01 secs] 
620.433: [GC (Allocation Failure) [PSYoungGen: 72656K->1408K(72192K)] 354666K->283418K(763904K), 0.0019952 secs] [Times: user=0.01 sys=0.00, real=0.00 secs] 
620.752: [GC (Allocation Failure) [PSYoungGen: 72064K->1344K(71680K)] 354074K->283354K(763392K), 0.0019652 secs] [Times: user=0.00 sys=0.00, real=0.00 secs] 
621.107: [GC (Allocation Failure) [PSYoungGen: 71488K->1376K(71168K)] 353498K->283386K(762880K), 0.0020248 secs] [Times: user=0.01 sys=0.00, real=0.01 secs] 
621.471: [GC (Allocation Failure) [PSYoungGen: 71008K->1437K(70656K)] 353018K->283447K(762368K), 0.0023690 secs] [Times: user=0.00 sys=0.00, real=0.00 secs] 
621.691: [GC (Allocation Failure) [PSYoungGen: 70557K->1453K(70144K)] 352567K->283463K(761856K), 0.0021375 secs] [Times: user=0.01 sys=0.00, real=0.00 secs] 
621.875: [GC (Allocation Failure) [PSYoungGen: 70061K->1485K(69632K)] 352071K->283495K(761344K), 0.0021154 secs] [Times: user=0.01 sys=0.00, real=0.00 secs] 
622.030: [GC (Allocation Failure) [PSYoungGen: 69581K->1485K(70144K)] 351591K->283495K(761856K), 0.0015173 secs] [Times: user=0.01 sys=0.00, real=0.00 secs] 
623.778: [GC (Allocation Failure) [PSYoungGen: 69581K->1488K(70144K)] 351591K->283506K(761856K), 0.0033581 secs] [Times: user=0.01 sys=0.00, real=0.01 secs] 
624.368: [GC (Allocation Failure) [PSYoungGen: 69584K->1344K(70144K)] 351602K->283362K(761856K), 0.0035466 secs] [Times: user=0.01 sys=0.00, real=0.00 secs] 
625.127: [GC (Allocation Failure) [PSYoungGen: 69440K->1408K(70144K)] 351458K->283434K(761856K), 0.0028935 secs] [Times: user=0.01 sys=0.01, real=0.01 secs] 
625.674: [GC (Allocation Failure) [PSYoungGen: 69504K->1312K(70144K)] 351530K->283338K(761856K), 0.0024151 secs] [Times: user=0.01 sys=0.00, real=0.00 secs] 
626.123: [GC (Allocation Failure) [PSYoungGen: 69408K->1469K(70144K)] 351434K->283495K(761856K), 0.0020064 secs] [Times: user=0.01 sys=0.00, real=0.00 secs] 
626.262: [GC (Allocation Failure) [PSYoungGen: 69565K->1504K(70144K)] 351591K->283530K(761856K), 0.0014339 secs] [Times: user=0.01 sys=0.00, real=0.00 secs] 
626.381: [GC (Allocation Failure) [PSYoungGen: 69600K->1456K(70144K)] 351626K->283482K(761856K), 0.0014591 secs] [Times: user=0.01 sys=0.00, real=0.00 secs] 
626.500: [GC (Allocation Failure) [PSYoungGen: 69552K->1485K(70144K)] 351578K->283519K(761856K), 0.0014391 secs] [Times: user=0.00 sys=0.00, real=0.00 secs] 
626.765: [GC (Allocation Failure) [PSYoungGen: 69581K->1472K(70144K)] 351615K->283506K(761856K), 0.0017936 secs] [Times: user=0.00 sys=0.00, real=0.00 secs] 
627.048: [GC (Allocation Failure) [PSYoungGen: 69568K->1376K(70144K)] 351602K->283410K(761856K), 0.0016675 secs] [Times: user=0.00 sys=0.00, real=0.01 secs] 
627.593: [GC (Allocation Failure) [PSYoungGen: 69472K->1344K(70144K)] 351506K->283378K(761856K), 0.0038945 secs] [Times: user=0.01 sys=0.00, real=0.00 secs] 
628.180: [GC (Allocation Failure) [PSYoungGen: 69440K->1376K(70144K)] 351474K->283410K(761856K), 0.0028286 secs] [Times: user=0.01 sys=0.00, real=0.00 secs] 
628.681: [GC (Allocation Failure) [PSYoungGen: 69472K->1485K(70144K)] 351506K->283527K(761856K), 0.0022799 secs] [Times: user=0.00 sys=0.00, real=0.00 secs] 
628.895: [GC (Allocation Failure) [PSYoungGen: 69581K->1424K(70144K)] 351623K->283466K(761856K), 0.0022221 secs] [Times: user=0.01 sys=0.00, real=0.00 secs] 
629.045: [GC (Allocation Failure) [PSYoungGen: 69520K->1453K(70144K)] 351562K->283495K(761856K), 0.0014780 secs] [Times: user=0.01 sys=0.00, real=0.00 secs] 
629.165: [GC (Allocation Failure) [PSYoungGen: 69549K->1469K(70144K)] 351591K->283519K(761856K), 0.0015243 secs] [Times: user=0.00 sys=0.00, real=0.00 secs] 
629.848: [GC (Allocation Failure) [PSYoungGen: 69565K->1376K(70144K)] 351615K->283434K(761856K), 0.0038007 secs] [Times: user=0.01 sys=0.00, real=0.00 secs] 
630.345: [GC (Allocation Failure) [PSYoungGen: 69472K->1408K(70144K)] 351530K->283466K(761856K), 0.0020606 secs] [Times: user=0.01 sys=0.00, real=0.00 secs] 
630.667: [GC (Allocation Failure) [PSYoungGen: 69504K->1360K(70144K)] 351562K->283418K(761856K), 0.0023230 secs] [Times: user=0.01 sys=0.00, real=0.01 secs] 
630.950: [GC (Allocation Failure) [PSYoungGen: 69456K->1376K(70144K)] 351514K->283434K(761856K), 0.0018418 secs] [Times: user=0.01 sys=0.00, real=0.00 secs] 
631.207: [GC (Allocation Failure) [PSYoungGen: 69472K->1517K(70144K)] 351530K->283575K(761856K), 0.0014308 secs] [Times: user=0.00 sys=0.00, real=0.01 secs] 
631.326: [GC (Allocation Failure) [PSYoungGen: 69586K->1488K(70144K)] 351644K->283546K(761856K), 0.0014599 secs] [Times: user=0.00 sys=0.00, real=0.00 secs] 
631.445: [GC (Allocation Failure) [PSYoungGen: 69584K->1472K(70144K)] 351642K->283530K(761856K), 0.0014595 secs] [Times: user=0.00 sys=0.00, real=0.00 secs] 
631.564: [GC (Allocation Failure) [PSYoungGen: 69568K->1453K(70144K)] 351626K->283519K(761856K), 0.0014992 secs] [Times: user=0.00 sys=0.00, real=0.00 secs] 
632.041: [GC (Allocation Failure) [PSYoungGen: 69549K->1440K(69632K)] 351615K->283506K(761344K), 0.0021239 secs] [Times: user=0.00 sys=0.00, real=0.00 secs] 
632.324: [GC (Allocation Failure) [PSYoungGen: 69536K->1408K(69632K)] 351602K->283498K(761344K), 0.0021445 secs] [Times: user=0.01 sys=0.00, real=0.00 secs] 
632.607: [GC (Allocation Failure) [PSYoungGen: 69504K->1360K(69632K)] 351594K->283450K(761344K), 0.0017816 secs] [Times: user=0.01 sys=0.00, real=0.01 secs] 
632.890: [GC (Allocation Failure) [PSYoungGen: 69456K->1408K(69632K)] 351546K->283506K(761344K), 0.0020195 secs] [Times: user=0.01 sys=0.00, real=0.00 secs] 
633.115: [GC (Allocation Failure) [PSYoungGen: 69504K->1437K(69632K)] 351602K->283535K(761344K), 0.0015031 secs] [Times: user=0.01 sys=0.00, real=0.00 secs] 
633.237: [GC (Allocation Failure) [PSYoungGen: 69522K->1456K(69632K)] 351620K->283554K(761344K), 0.0015634 secs] [Times: user=0.00 sys=0.00, real=0.01 secs] 
633.356: [GC (Allocation Failure) [PSYoungGen: 69552K->1488K(73728K)] 351650K->283586K(765440K), 0.0015635 secs] [Times: user=0.00 sys=0.00, real=0.00 secs] 
633.482: [GC (Allocation Failure) [PSYoungGen: 73680K->1453K(74240K)] 355778K->283575K(765952K), 0.0015362 secs] [Times: user=0.01 sys=0.00, real=0.00 secs] 
634.724: [GC (Allocation Failure) [PSYoungGen: 73645K->1472K(73216K)] 355767K->283594K(764928K), 0.0039593 secs] [Times: user=0.01 sys=0.00, real=0.01 secs] 
635.445: [GC (Allocation Failure) [PSYoungGen: 73152K->1424K(72704K)] 355274K->283546K(764416K), 0.0024456 secs] [Times: user=0.01 sys=0.00, real=0.00 secs] 
635.738: [GC (Allocation Failure) [PSYoungGen: 72592K->1360K(72192K)] 354714K->283482K(763904K), 0.0019501 secs] [Times: user=0.01 sys=0.00, real=0.01 secs] 
636.237: [GC (Allocation Failure) [PSYoungGen: 72016K->1392K(71680K)] 354138K->283514K(763392K), 0.0021094 secs] [Times: user=0.01 sys=0.00, real=0.01 secs] 
636.459: [GC (Allocation Failure) [PSYoungGen: 71536K->1517K(71168K)] 353658K->283663K(762880K), 0.0022391 secs] [Times: user=0.00 sys=0.00, real=0.00 secs] 
636.617: [GC (Allocation Failure) [PSYoungGen: 71149K->1517K(70656K)] 353295K->283663K(762368K), 0.0016076 secs] [Times: user=0.01 sys=0.00, real=0.01 secs] 
636.739: [GC (Allocation Failure) [PSYoungGen: 70637K->1485K(70144K)] 352783K->283631K(761856K), 0.0015464 secs] [Times: user=0.01 sys=0.00, real=0.00 secs] 
637.004: [GC (Allocation Failure) [PSYoungGen: 70093K->1488K(69632K)] 352239K->283634K(761344K), 0.0023129 secs] [Times: user=0.01 sys=0.00, real=0.00 secs] 
637.598: [GC (Allocation Failure) [PSYoungGen: 69584K->1424K(69632K)] 351730K->283570K(761344K), 0.0025303 secs] [Times: user=0.01 sys=0.00, real=0.00 secs] 
638.165: [GC (Allocation Failure) [PSYoungGen: 69520K->1392K(69632K)] 351666K->283538K(761344K), 0.0022189 secs] [Times: user=0.01 sys=0.00, real=0.00 secs] 
638.870: [GC (Allocation Failure) [PSYoungGen: 69488K->1392K(69632K)] 351634K->283538K(761344K), 0.0020128 secs] [Times: user=0.01 sys=0.00, real=0.00 secs] 
639.651: [GC (Allocation Failure) [PSYoungGen: 69488K->1488K(69632K)] 351634K->283634K(761344K), 0.0032201 secs] [Times: user=0.02 sys=0.00, real=0.00 secs] 
639.860: [GC (Allocation Failure) [PSYoungGen: 69584K->1517K(69632K)] 351730K->283695K(761344K), 0.0018641 secs] [Times: user=0.01 sys=0.00, real=0.00 secs] 
639.982: [GC (Allocation Failure) [PSYoungGen: 69613K->1501K(69632K)] 351791K->283679K(761344K), 0.0017958 secs] [Times: user=0.00 sys=0.00, real=0.00 secs] 
640.101: [GC (Allocation Failure) [PSYoungGen: 69597K->1533K(69632K)] 351775K->283711K(761344K), 0.0015939 secs] [Times: user=0.01 sys=0.00, real=0.00 secs] 
640.279: [GC (Allocation Failure) [PSYoungGen: 69629K->1568K(74240K)] 351807K->283770K(765952K), 0.0021153 secs] [Times: user=0.01 sys=0.00, real=0.00 secs] 
640.637: [GC (Allocation Failure) [PSYoungGen: 73760K->1504K(73216K)] 355962K->283706K(764928K), 0.0021675 secs] [Times: user=0.01 sys=0.00, real=0.01 secs] 
640.966: [GC (Allocation Failure) [PSYoungGen: 73184K->1440K(72704K)] 355386K->283642K(764416K), 0.0020062 secs] [Times: user=0.01 sys=0.00, real=0.01 secs] 
641.311: [GC (Allocation Failure) [PSYoungGen: 72608K->1488K(72192K)] 354810K->283690K(763904K), 0.0019031 secs] [Times: user=0.01 sys=0.00, real=0.00 secs] 
641.589: [GC (Allocation Failure) [PSYoungGen: 72144K->1613K(72192K)] 354346K->283815K(763904K), 0.0017626 secs] [Times: user=0.00 sys=0.00, real=0.00 secs] 
641.713: [GC (Allocation Failure) [PSYoungGen: 71757K->573K(70656K)] 353959K->283799K(762368K), 0.0014999 secs] [Times: user=0.00 sys=0.00, real=0.00 secs] 
641.834: [GC (Allocation Failure) [PSYoungGen: 70205K->573K(70144K)] 353431K->283799K(761856K), 0.0016126 secs] [Times: user=0.00 sys=0.00, real=0.00 secs] 
641.957: [GC (Allocation Failure) [PSYoungGen: 69693K->477K(74240K)] 352919K->283803K(765952K), 0.0014419 secs] [Times: user=0.01 sys=0.00, real=0.01 secs] 
642.278: [GC (Allocation Failure) [PSYoungGen: 72669K->1440K(73216K)] 355995K->284782K(764928K), 0.0017372 secs] [Times: user=0.00 sys=0.00, real=0.00 secs] 
642.575: [GC (Allocation Failure) [PSYoungGen: 73120K->1376K(72704K)] 356462K->284718K(764416K), 0.0016752 secs] [Times: user=0.01 sys=0.00, real=0.00 secs] 
642.870: [GC (Allocation Failure) [PSYoungGen: 72544K->1344K(72192K)] 355886K->284686K(763904K), 0.0016757 secs] [Times: user=0.01 sys=0.00, real=0.00 secs] 
643.245: [GC (Allocation Failure) [PSYoungGen: 72000K->1344K(71680K)] 355342K->284686K(763392K), 0.0017509 secs] [Times: user=0.01 sys=0.00, real=0.00 secs] 
643.480: [GC (Allocation Failure) [PSYoungGen: 71488K->1424K(71168K)] 354830K->284766K(762880K), 0.0015647 secs] [Times: user=0.01 sys=0.00, real=0.00 secs] 
643.604: [GC (Allocation Failure) [PSYoungGen: 71056K->1488K(70656K)] 354398K->284830K(762368K), 0.0016571 secs] [Times: user=0.01 sys=0.00, real=0.00 secs] 
643.728: [GC (Allocation Failure) [PSYoungGen: 70608K->1517K(70144K)] 353950K->284859K(761856K), 0.0016445 secs] [Times: user=0.01 sys=0.00, real=0.00 secs] 
643.850: [GC (Allocation Failure) [PSYoungGen: 70125K->1440K(70656K)] 353467K->284782K(762368K), 0.0016766 secs] [Times: user=0.01 sys=0.00, real=0.00 secs] 
644.578: [GC (Allocation Failure) [PSYoungGen: 70048K->1344K(69632K)] 353390K->284686K(761344K), 0.0020437 secs] [Times: user=0.01 sys=0.00, real=0.00 secs] 
645.486: [GC (Allocation Failure) [PSYoungGen: 69440K->1376K(70144K)] 352782K->284718K(761856K), 0.0022072 secs] [Times: user=0.01 sys=0.00, real=0.00 secs] 
646.423: [GC (Allocation Failure) [PSYoungGen: 69472K->1344K(70144K)] 352814K->284686K(761856K), 0.0036364 secs] [Times: user=0.01 sys=0.00, real=0.00 secs] 
647.173: [GC (Allocation Failure) [PSYoungGen: 69440K->1376K(70144K)] 352782K->284718K(761856K), 0.0037693 secs] [Times: user=0.02 sys=0.00, real=0.00 secs] 
647.664: [GC (Allocation Failure) [PSYoungGen: 69472K->1453K(70144K)] 352814K->284795K(761856K), 0.0019050 secs] [Times: user=0.01 sys=0.00, real=0.00 secs] 
647.829: [GC (Allocation Failure) [PSYoungGen: 69549K->1581K(70144K)] 352891K->284923K(761856K), 0.0018778 secs] [Times: user=0.00 sys=0.00, real=0.00 secs] 
647.985: [GC (Allocation Failure) [PSYoungGen: 69677K->1437K(70144K)] 353019K->284779K(761856K), 0.0015777 secs] [Times: user=0.01 sys=0.00, real=0.00 secs] 
648.220: [GC (Allocation Failure) [PSYoungGen: 69533K->1712K(70144K)] 352875K->285054K(761856K), 0.0017957 secs] [Times: user=0.01 sys=0.00, real=0.00 secs] 
649.218: [GC (Allocation Failure) [PSYoungGen: 69808K->1376K(70144K)] 353150K->284718K(761856K), 0.0027375 secs] [Times: user=0.01 sys=0.00, real=0.01 secs] 
649.875: [GC (Allocation Failure) [PSYoungGen: 69472K->1376K(70144K)] 352814K->284718K(761856K), 0.0036838 secs] [Times: user=0.01 sys=0.00, real=0.01 secs] 
650.377: [GC (Allocation Failure) [PSYoungGen: 69472K->1360K(70144K)] 352814K->284702K(761856K), 0.0021562 secs] [Times: user=0.01 sys=0.00, real=0.01 secs] 
650.897: [GC (Allocation Failure) [PSYoungGen: 69456K->1392K(70144K)] 352798K->284734K(761856K), 0.0018495 secs] [Times: user=0.00 sys=0.00, real=0.01 secs] 
651.099: [GC (Allocation Failure) [PSYoungGen: 69488K->1456K(70144K)] 352830K->284798K(761856K), 0.0016344 secs] [Times: user=0.00 sys=0.00, real=0.00 secs] 
651.218: [GC (Allocation Failure) [PSYoungGen: 69552K->1520K(70144K)] 352894K->284862K(761856K), 0.0016098 secs] [Times: user=0.01 sys=0.00, real=0.01 secs] 
651.337: [GC (Allocation Failure) [PSYoungGen: 69616K->1488K(70144K)] 352958K->284846K(761856K), 0.0014804 secs] [Times: user=0.00 sys=0.00, real=0.01 secs] 
651.776: [GC (Allocation Failure) [PSYoungGen: 69584K->1472K(70144K)] 352942K->284830K(761856K), 0.0022956 secs] [Times: user=0.01 sys=0.00, real=0.01 secs] 
653.111: [GC (Allocation Failure) [PSYoungGen: 69568K->1376K(70144K)] 352926K->284734K(761856K), 0.0029167 secs] [Times: user=0.01 sys=0.00, real=0.00 secs] 
653.656: [GC (Allocation Failure) [PSYoungGen: 69472K->1376K(70144K)] 352830K->284734K(761856K), 0.0026585 secs] [Times: user=0.01 sys=0.00, real=0.01 secs] 
653.983: [GC (Allocation Failure) [PSYoungGen: 69472K->1344K(70144K)] 352830K->284710K(761856K), 0.0019269 secs] [Times: user=0.01 sys=0.00, real=0.00 secs] 
654.359: [GC (Allocation Failure) [PSYoungGen: 69440K->1456K(70144K)] 352806K->284822K(761856K), 0.0019029 secs] [Times: user=0.00 sys=0.00, real=0.00 secs] 
654.492: [GC (Allocation Failure) [PSYoungGen: 69552K->1472K(70144K)] 352918K->284838K(761856K), 0.0014789 secs] [Times: user=0.00 sys=0.00, real=0.00 secs] 
654.611: [GC (Allocation Failure) [PSYoungGen: 69568K->1485K(70144K)] 352934K->284851K(761856K), 0.0017378 secs] [Times: user=0.01 sys=0.00, real=0.00 secs] 
654.730: [GC (Allocation Failure) [PSYoungGen: 69581K->1456K(70144K)] 352947K->284838K(761856K), 0.0014975 secs] [Times: user=0.00 sys=0.00, real=0.00 secs] 
655.708: [GC (Allocation Failure) [PSYoungGen: 69552K->1472K(69632K)] 352934K->284854K(761344K), 0.0038672 secs] [Times: user=0.01 sys=0.00, real=0.00 secs] 
657.563: [GC (Allocation Failure) [PSYoungGen: 69568K->1408K(69632K)] 352950K->284790K(761344K), 0.0042185 secs] [Times: user=0.01 sys=0.00, real=0.00 secs] 
658.385: [GC (Allocation Failure) [PSYoungGen: 69504K->1376K(69632K)] 352886K->284758K(761344K), 0.0024145 secs] [Times: user=0.01 sys=0.00, real=0.00 secs] 
658.938: [GC (Allocation Failure) [PSYoungGen: 69472K->1376K(69632K)] 352854K->284758K(761344K), 0.0028149 secs] [Times: user=0.01 sys=0.01, real=0.00 secs] 
659.575: [GC (Allocation Failure) [PSYoungGen: 69472K->1424K(69632K)] 352854K->284806K(761344K), 0.0024626 secs] [Times: user=0.00 sys=0.00, real=0.00 secs] 
659.793: [GC (Allocation Failure) [PSYoungGen: 69520K->1453K(69632K)] 352902K->284835K(761344K), 0.0021658 secs] [Times: user=0.01 sys=0.00, real=0.00 secs] 
659.963: [GC (Allocation Failure) [PSYoungGen: 69549K->1517K(69632K)] 352931K->284923K(761344K), 0.0019636 secs] [Times: user=0.01 sys=0.00, real=0.00 secs] 
660.133: [GC (Allocation Failure) [PSYoungGen: 69613K->1549K(70144K)] 353019K->284963K(761856K), 0.0020748 secs] [Times: user=0.00 sys=0.00, real=0.00 secs] 
660.589: [GC (Allocation Failure) [PSYoungGen: 69645K->384K(68608K)] 353059K->284822K(760320K), 0.0035315 secs] [Times: user=0.02 sys=0.00, real=0.00 secs] 
661.312: [GC (Allocation Failure) [PSYoungGen: 68480K->320K(70144K)] 352918K->284758K(761856K), 0.0028286 secs] [Times: user=0.00 sys=0.00, real=0.00 secs] 
661.775: [GC (Allocation Failure) [PSYoungGen: 68416K->320K(68608K)] 352854K->284758K(760320K), 0.0020880 secs] [Times: user=0.01 sys=0.00, real=0.00 secs] 
662.101: [GC (Allocation Failure) [PSYoungGen: 68416K->336K(70144K)] 352854K->284774K(761856K), 0.0019108 secs] [Times: user=0.00 sys=0.00, real=0.00 secs] 
662.396: [GC (Allocation Failure) [PSYoungGen: 68432K->1424K(70656K)] 352870K->285862K(762368K), 0.0016922 secs] [Times: user=0.01 sys=0.00, real=0.01 secs] 
662.521: [GC (Allocation Failure) [PSYoungGen: 69520K->1485K(70656K)] 353958K->285923K(762368K), 0.0014606 secs] [Times: user=0.01 sys=0.00, real=0.00 secs] 
662.639: [GC (Allocation Failure) [PSYoungGen: 69581K->1453K(70656K)] 354019K->285891K(762368K), 0.0016370 secs] [Times: user=0.01 sys=0.00, real=0.00 secs] 
662.759: [GC (Allocation Failure) [PSYoungGen: 69549K->1453K(70656K)] 353987K->285899K(762368K), 0.0015483 secs] [Times: user=0.01 sys=0.00, real=0.00 secs] 
662.970: [GC (Allocation Failure) [PSYoungGen: 69549K->1424K(77824K)] 353995K->285886K(769536K), 0.0019066 secs] [Times: user=0.00 sys=0.00, real=0.00 secs] 
663.283: [GC (Allocation Failure) [PSYoungGen: 76688K->1376K(76288K)] 361150K->285838K(768000K), 0.0018159 secs] [Times: user=0.01 sys=0.00, real=0.00 secs] 
663.683: [GC (Allocation Failure) [PSYoungGen: 76128K->1376K(76288K)] 360590K->285838K(768000K), 0.0017830 secs] [Times: user=0.01 sys=0.00, real=0.00 secs] 
664.000: [GC (Allocation Failure) [PSYoungGen: 75616K->1376K(75264K)] 360078K->285838K(766976K), 0.0019974 secs] [Times: user=0.00 sys=0.00, real=0.00 secs] 
664.241: [GC (Allocation Failure) [PSYoungGen: 75104K->1424K(74752K)] 359566K->285886K(766464K), 0.0014693 secs] [Times: user=0.01 sys=0.00, real=0.00 secs] 
664.369: [GC (Allocation Failure) [PSYoungGen: 74640K->1456K(74240K)] 359102K->285918K(765952K), 0.0016292 secs] [Times: user=0.01 sys=0.00, real=0.00 secs] 
664.499: [GC (Allocation Failure) [PSYoungGen: 74160K->1453K(73728K)] 358622K->285915K(765440K), 0.0015542 secs] [Times: user=0.00 sys=0.00, real=0.00 secs] 
664.628: [GC (Allocation Failure) [PSYoungGen: 73217K->256K(73728K)] 357680K->284718K(765440K), 0.0013573 secs] [Times: user=0.01 sys=0.00, real=0.00 secs] 
665.576: [GC (Allocation Failure) [PSYoungGen: 71936K->1376K(73216K)] 356398K->285838K(764928K), 0.0030574 secs] [Times: user=0.02 sys=0.00, real=0.01 secs] 
666.011: [GC (Allocation Failure) [PSYoungGen: 72544K->1408K(72192K)] 357006K->285870K(763904K), 0.0034083 secs] [Times: user=0.01 sys=0.01, real=0.00 secs] 
666.856: [GC (Allocation Failure) [PSYoungGen: 72064K->1392K(71680K)] 356526K->285854K(763392K), 0.0030440 secs] [Times: user=0.01 sys=0.00, real=0.01 secs] 
667.958: [GC (Allocation Failure) [PSYoungGen: 71536K->1424K(71168K)] 355998K->285886K(762880K), 0.0038263 secs] [Times: user=0.01 sys=0.00, real=0.01 secs] 
668.189: [GC (Allocation Failure) [PSYoungGen: 71056K->1485K(70656K)] 355518K->285947K(762368K), 0.0018020 secs] [Times: user=0.01 sys=0.00, real=0.00 secs] 
668.350: [GC (Allocation Failure) [PSYoungGen: 70605K->1517K(70144K)] 355067K->285979K(761856K), 0.0018484 secs] [Times: user=0.00 sys=0.00, real=0.00 secs] 
668.495: [GC (Allocation Failure) [PSYoungGen: 70112K->1485K(69632K)] 354575K->285947K(761344K), 0.0017359 secs] [Times: user=0.01 sys=0.00, real=0.00 secs] 
668.975: [GC (Allocation Failure) [PSYoungGen: 69581K->1440K(69632K)] 354043K->285902K(761344K), 0.0025408 secs] [Times: user=0.00 sys=0.00, real=0.01 secs] 
670.153: [GC (Allocation Failure) [PSYoungGen: 69536K->1344K(70144K)] 353998K->285806K(761856K), 0.0036113 secs] [Times: user=0.01 sys=0.00, real=0.00 secs] 
671.182: [GC (Allocation Failure) [PSYoungGen: 69440K->1376K(70144K)] 353902K->285838K(761856K), 0.0037020 secs] [Times: user=0.02 sys=0.00, real=0.00 secs] 
671.833: [GC (Allocation Failure) [PSYoungGen: 69472K->1376K(70144K)] 353934K->285838K(761856K), 0.0028876 secs] [Times: user=0.01 sys=0.00, real=0.00 secs] 
672.483: [GC (Allocation Failure) [PSYoungGen: 69472K->1405K(70144K)] 353934K->285875K(761856K), 0.0025230 secs] [Times: user=0.01 sys=0.00, real=0.00 secs] 
672.655: [GC (Allocation Failure) [PSYoungGen: 69501K->1424K(70144K)] 353971K->285894K(761856K), 0.0015877 secs] [Times: user=0.01 sys=0.00, real=0.00 secs] 
672.774: [GC (Allocation Failure) [PSYoungGen: 69520K->1453K(70144K)] 353990K->285923K(761856K), 0.0015706 secs] [Times: user=0.01 sys=0.00, real=0.00 secs] 
672.894: [GC (Allocation Failure) [PSYoungGen: 69549K->1488K(70144K)] 354019K->285966K(761856K), 0.0014748 secs] [Times: user=0.01 sys=0.00, real=0.00 secs] 
673.175: [GC (Allocation Failure) [PSYoungGen: 69584K->1424K(70144K)] 354062K->285918K(761856K), 0.0017335 secs] [Times: user=0.00 sys=0.00, real=0.00 secs] 
673.752: [GC (Allocation Failure) [PSYoungGen: 69520K->1408K(70144K)] 354014K->285902K(761856K), 0.0038031 secs] [Times: user=0.01 sys=0.00, real=0.00 secs] 
674.296: [GC (Allocation Failure) [PSYoungGen: 69504K->1376K(70144K)] 353998K->285870K(761856K), 0.0028774 secs] [Times: user=0.01 sys=0.00, real=0.01 secs] 
674.801: [GC (Allocation Failure) [PSYoungGen: 69472K->1376K(70144K)] 353966K->285886K(761856K), 0.0023920 secs] [Times: user=0.01 sys=0.00, real=0.00 secs] 
675.313: [GC (Allocation Failure) [PSYoungGen: 69472K->1424K(70144K)] 353982K->285934K(761856K), 0.0023989 secs] [Times: user=0.01 sys=0.00, real=0.00 secs] 
675.480: [GC (Allocation Failure) [PSYoungGen: 69520K->1456K(70144K)] 354030K->285966K(761856K), 0.0014755 secs] [Times: user=0.01 sys=0.00, real=0.00 secs] 
675.601: [GC (Allocation Failure) [PSYoungGen: 69552K->1469K(70144K)] 354062K->285979K(761856K), 0.0015968 secs] [Times: user=0.01 sys=0.00, real=0.00 secs] 
675.721: [GC (Allocation Failure) [PSYoungGen: 69565K->1456K(70144K)] 354075K->285974K(761856K), 0.0014782 secs] [Times: user=0.00 sys=0.00, real=0.00 secs] 
676.117: [GC (Allocation Failure) [PSYoungGen: 69552K->1424K(70144K)] 354070K->285942K(761856K), 0.0018485 secs] [Times: user=0.00 sys=0.00, real=0.01 secs] 
676.741: [GC (Allocation Failure) [PSYoungGen: 69520K->1408K(70144K)] 354038K->285926K(761856K), 0.0024302 secs] [Times: user=0.01 sys=0.00, real=0.00 secs] 
677.283: [GC (Allocation Failure) [PSYoungGen: 69504K->1408K(70144K)] 354022K->285926K(761856K), 0.0019622 secs] [Times: user=0.01 sys=0.00, real=0.00 secs] 
677.864: [GC (Allocation Failure) [PSYoungGen: 69504K->1376K(70144K)] 354022K->285902K(761856K), 0.0020292 secs] [Times: user=0.01 sys=0.00, real=0.00 secs] 
678.316: [GC (Allocation Failure) [PSYoungGen: 69472K->1472K(70144K)] 353998K->285998K(761856K), 0.0019686 secs] [Times: user=0.01 sys=0.00, real=0.01 secs] 
678.451: [GC (Allocation Failure) [PSYoungGen: 69568K->1488K(70144K)] 354094K->286014K(761856K), 0.0014760 secs] [Times: user=0.00 sys=0.00, real=0.00 secs] 
678.570: [GC (Allocation Failure) [PSYoungGen: 69584K->1472K(70144K)] 354110K->285998K(761856K), 0.0016079 secs] [Times: user=0.01 sys=0.00, real=0.00 secs] 
678.708: [GC (Allocation Failure) [PSYoungGen: 69568K->1549K(70144K)] 354094K->286083K(761856K), 0.0019260 secs] [Times: user=0.01 sys=0.00, real=0.01 secs] 
679.418: [GC (Allocation Failure) [PSYoungGen: 69645K->1424K(70144K)] 354179K->285966K(761856K), 0.0023622 secs] [Times: user=0.01 sys=0.00, real=0.00 secs] 
680.238: [GC (Allocation Failure) [PSYoungGen: 69520K->1424K(70144K)] 354062K->285966K(761856K), 0.0023974 secs] [Times: user=0.01 sys=0.00, real=0.00 secs] 
680.618: [GC (Allocation Failure) [PSYoungGen: 69520K->1408K(70144K)] 354062K->285950K(761856K), 0.0019217 secs] [Times: user=0.00 sys=0.00, real=0.00 secs] 
681.271: [GC (Allocation Failure) [PSYoungGen: 69504K->1408K(70144K)] 354046K->285950K(761856K), 0.0021837 secs] [Times: user=0.01 sys=0.00, real=0.00 secs] 
682.113: [GC (Allocation Failure) [PSYoungGen: 69504K->1469K(70144K)] 354046K->286011K(761856K), 0.0026433 secs] [Times: user=0.01 sys=0.00, real=0.00 secs] 
682.290: [GC (Allocation Failure) [PSYoungGen: 69565K->1501K(70144K)] 354107K->286043K(761856K), 0.0017191 secs] [Times: user=0.01 sys=0.00, real=0.00 secs] 
682.409: [GC (Allocation Failure) [PSYoungGen: 69597K->1549K(70144K)] 354139K->286091K(761856K), 0.0015134 secs] [Times: user=0.01 sys=0.00, real=0.00 secs] 
682.528: [GC (Allocation Failure) [PSYoungGen: 69645K->1533K(70144K)] 354187K->286091K(761856K), 0.0017783 secs] [Times: user=0.01 sys=0.00, real=0.01 secs] 
683.662: [GC (Allocation Failure) [PSYoungGen: 69629K->1488K(70144K)] 354187K->286046K(761856K), 0.0033560 secs] [Times: user=0.02 sys=0.00, real=0.00 secs] 
684.126: [GC (Allocation Failure) [PSYoungGen: 69584K->1408K(70144K)] 354142K->285974K(761856K), 0.0019162 secs] [Times: user=0.01 sys=0.00, real=0.01 secs] 
684.409: [GC (Allocation Failure) [PSYoungGen: 69504K->1392K(70144K)] 354070K->285958K(761856K), 0.0018788 secs] [Times: user=0.01 sys=0.00, real=0.00 secs] 
684.916: [GC (Allocation Failure) [PSYoungGen: 69488K->1408K(70144K)] 354054K->285974K(761856K), 0.0019338 secs] [Times: user=0.01 sys=0.00, real=0.00 secs] 
685.436: [GC (Allocation Failure) [PSYoungGen: 69504K->1485K(70144K)] 354070K->286051K(761856K), 0.0020158 secs] [Times: user=0.01 sys=0.00, real=0.01 secs] 
685.618: [GC (Allocation Failure) [PSYoungGen: 69581K->1549K(70144K)] 354147K->286115K(761856K), 0.0020832 secs] [Times: user=0.01 sys=0.00, real=0.00 secs] 
685.798: [GC (Allocation Failure) [PSYoungGen: 69645K->1517K(70144K)] 354211K->286083K(761856K), 0.0022784 secs] [Times: user=0.01 sys=0.00, real=0.01 secs] 
685.954: [GC (Allocation Failure) [PSYoungGen: 69613K->1424K(70144K)] 354179K->286006K(761856K), 0.0014712 secs] [Times: user=0.01 sys=0.00, real=0.00 secs] 
686.599: [GC (Allocation Failure) [PSYoungGen: 69520K->1408K(70144K)] 354102K->285990K(761856K), 0.0026924 secs] [Times: user=0.01 sys=0.00, real=0.00 secs] 
686.915: [GC (Allocation Failure) [PSYoungGen: 69504K->1360K(70144K)] 354086K->285942K(761856K), 0.0020149 secs] [Times: user=0.00 sys=0.00, real=0.00 secs] 
687.269: [GC (Allocation Failure) [PSYoungGen: 69456K->1376K(70144K)] 354038K->285966K(761856K), 0.0019896 secs] [Times: user=0.01 sys=0.00, real=0.00 secs] 
688.122: [GC (Allocation Failure) [PSYoungGen: 69472K->1344K(70144K)] 354062K->285934K(761856K), 0.0020421 secs] [Times: user=0.01 sys=0.00, real=0.00 secs] 
689.300: [GC (Allocation Failure) [PSYoungGen: 69440K->1453K(70144K)] 354030K->286043K(761856K), 0.0022821 secs] [Times: user=0.01 sys=0.01, real=0.00 secs] 
689.501: [GC (Allocation Failure) [PSYoungGen: 69549K->1453K(70144K)] 354139K->286043K(761856K), 0.0020914 secs] [Times: user=0.01 sys=0.00, real=0.00 secs] 
689.649: [GC (Allocation Failure) [PSYoungGen: 69549K->1472K(70144K)] 354139K->286062K(761856K), 0.0014824 secs] [Times: user=0.01 sys=0.00, real=0.00 secs] 
689.768: [GC (Allocation Failure) [PSYoungGen: 69568K->1453K(70144K)] 354158K->286059K(761856K), 0.0015164 secs] [Times: user=0.00 sys=0.00, real=0.00 secs] 
691.381: [GC (Allocation Failure) [PSYoungGen: 69549K->1376K(70144K)] 354155K->285982K(761856K), 0.0031199 secs] [Times: user=0.01 sys=0.00, real=0.00 secs] 
692.299: [GC (Allocation Failure) [PSYoungGen: 69472K->1376K(70144K)] 354078K->285982K(761856K), 0.0031351 secs] [Times: user=0.01 sys=0.00, real=0.00 secs] 
693.153: [GC (Allocation Failure) [PSYoungGen: 69472K->1376K(70144K)] 354078K->285982K(761856K), 0.0027855 secs] [Times: user=0.01 sys=0.00, real=0.00 secs] 
693.795: [GC (Allocation Failure) [PSYoungGen: 69472K->1344K(70144K)] 354078K->285950K(761856K), 0.0023382 secs] [Times: user=0.01 sys=0.00, real=0.00 secs] 
694.288: [GC (Allocation Failure) [PSYoungGen: 69440K->1453K(70144K)] 354046K->286059K(761856K), 0.0017346 secs] [Times: user=0.00 sys=0.00, real=0.00 secs] 
694.428: [GC (Allocation Failure) [PSYoungGen: 69549K->1485K(70144K)] 354155K->286091K(761856K), 0.0017784 secs] [Times: user=0.01 sys=0.00, real=0.01 secs] 
694.583: [GC (Allocation Failure) [PSYoungGen: 69581K->1517K(70144K)] 354187K->286123K(761856K), 0.0017611 secs] [Times: user=0.00 sys=0.00, real=0.00 secs] 
694.744: [GC (Allocation Failure) [PSYoungGen: 69613K->1549K(70144K)] 354219K->286163K(761856K), 0.0020198 secs] [Times: user=0.01 sys=0.00, real=0.00 secs] 
695.498: [GC (Allocation Failure) [PSYoungGen: 69645K->1408K(70144K)] 354259K->286022K(761856K), 0.0039972 secs] [Times: user=0.02 sys=0.00, real=0.00 secs] 
696.175: [GC (Allocation Failure) [PSYoungGen: 69504K->1408K(70144K)] 354118K->286038K(761856K), 0.0029340 secs] [Times: user=0.01 sys=0.00, real=0.01 secs] 
697.180: [GC (Allocation Failure) [PSYoungGen: 69504K->1376K(70144K)] 354134K->286006K(761856K), 0.0020013 secs] [Times: user=0.01 sys=0.00, real=0.00 secs] 
698.577: [GC (Allocation Failure) [PSYoungGen: 69472K->1376K(70144K)] 354102K->286006K(761856K), 0.0029031 secs] [Times: user=0.01 sys=0.00, real=0.01 secs] 
699.044: [GC (Allocation Failure) [PSYoungGen: 69472K->1453K(70144K)] 354102K->286083K(761856K), 0.0022041 secs] [Times: user=0.00 sys=0.00, real=0.00 secs] 
699.190: [GC (Allocation Failure) [PSYoungGen: 69549K->1485K(70144K)] 354179K->286115K(761856K), 0.0017879 secs] [Times: user=0.01 sys=0.00, real=0.00 secs] 
699.309: [GC (Allocation Failure) [PSYoungGen: 69581K->1453K(70144K)] 354211K->286083K(761856K), 0.0014646 secs] [Times: user=0.01 sys=0.00, real=0.00 secs] 
699.428: [GC (Allocation Failure) [PSYoungGen: 69549K->1485K(70144K)] 354179K->286123K(761856K), 0.0015900 secs] [Times: user=0.01 sys=0.00, real=0.00 secs] 
700.259: [GC (Allocation Failure) [PSYoungGen: 69581K->1408K(70144K)] 354219K->286046K(761856K), 0.0029476 secs] [Times: user=0.01 sys=0.00, real=0.00 secs] 
701.269: [GC (Allocation Failure) [PSYoungGen: 69504K->1408K(70144K)] 354142K->286046K(761856K), 0.0021423 secs] [Times: user=0.00 sys=0.00, real=0.00 secs] 
701.850: [GC (Allocation Failure) [PSYoungGen: 69504K->1408K(70144K)] 354142K->286046K(761856K), 0.0021996 secs] [Times: user=0.01 sys=0.00, real=0.00 secs] 
702.656: [GC (Allocation Failure) [PSYoungGen: 69504K->1408K(70144K)] 354142K->286046K(761856K), 0.0021196 secs] [Times: user=0.01 sys=0.00, real=0.01 secs] 
703.000: [GC (Allocation Failure) [PSYoungGen: 69504K->1520K(70144K)] 354142K->286158K(761856K), 0.0017879 secs] [Times: user=0.01 sys=0.00, real=0.00 secs] 
703.155: [GC (Allocation Failure) [PSYoungGen: 69616K->1520K(70144K)] 354254K->286158K(761856K), 0.0017764 secs] [Times: user=0.01 sys=0.00, real=0.00 secs] 
703.307: [GC (Allocation Failure) [PSYoungGen: 69616K->1549K(70144K)] 354254K->286187K(761856K), 0.0019920 secs] [Times: user=0.01 sys=0.00, real=0.01 secs] 
703.461: [GC (Allocation Failure) [PSYoungGen: 69645K->1488K(70144K)] 354283K->286134K(761856K), 0.0015194 secs] [Times: user=0.01 sys=0.00, real=0.00 secs] 
703.920: [GC (Allocation Failure) [PSYoungGen: 69584K->1440K(70144K)] 354230K->286086K(761856K), 0.0020603 secs] [Times: user=0.01 sys=0.00, real=0.00 secs] 
704.294: [GC (Allocation Failure) [PSYoungGen: 69536K->1408K(70144K)] 354182K->286062K(761856K), 0.0018295 secs] [Times: user=0.01 sys=0.00, real=0.00 secs] 
704.609: [GC (Allocation Failure) [PSYoungGen: 69504K->1408K(70144K)] 354158K->286062K(761856K), 0.0018690 secs] [Times: user=0.01 sys=0.00, real=0.00 secs] 
705.059: [GC (Allocation Failure) [PSYoungGen: 69504K->1392K(70144K)] 354158K->286046K(761856K), 0.0019336 secs] [Times: user=0.01 sys=0.00, real=0.00 secs] 
705.329: [GC (Allocation Failure) [PSYoungGen: 69488K->1424K(70144K)] 354142K->286078K(761856K), 0.0015283 secs] [Times: user=0.01 sys=0.00, real=0.00 secs] 
705.448: [GC (Allocation Failure) [PSYoungGen: 69520K->1488K(70144K)] 354174K->286142K(761856K), 0.0014854 secs] [Times: user=0.01 sys=0.00, real=0.01 secs] 
705.567: [GC (Allocation Failure) [PSYoungGen: 69584K->1456K(70144K)] 354238K->286110K(761856K), 0.0016568 secs] [Times: user=0.01 sys=0.00, real=0.01 secs] 
705.687: [GC (Allocation Failure) [PSYoungGen: 69275K->256K(70144K)] 353930K->284910K(761856K), 0.0015742 secs] [Times: user=0.00 sys=0.00, real=0.01 secs] 
706.517: [GC (Allocation Failure) [PSYoungGen: 68352K->1408K(70144K)] 353006K->286070K(761856K), 0.0029611 secs] [Times: user=0.01 sys=0.01, real=0.01 secs] 
707.072: [GC (Allocation Failure) [PSYoungGen: 69504K->1376K(70144K)] 354166K->286038K(761856K), 0.0023570 secs] [Times: user=0.01 sys=0.00, real=0.00 secs] 
707.647: [GC (Allocation Failure) [PSYoungGen: 69472K->1376K(70144K)] 354134K->286038K(761856K), 0.0020447 secs] [Times: user=0.00 sys=0.00, real=0.01 secs] 
708.102: [GC (Allocation Failure) [PSYoungGen: 69472K->1376K(70144K)] 354134K->286038K(761856K), 0.0019738 secs] [Times: user=0.00 sys=0.00, real=0.00 secs] 
708.284: [GC (Allocation Failure) [PSYoungGen: 69472K->1456K(70144K)] 354134K->286118K(761856K), 0.0014576 secs] [Times: user=0.00 sys=0.00, real=0.00 secs] 
708.403: [GC (Allocation Failure) [PSYoungGen: 69552K->1453K(70144K)] 354214K->286115K(761856K), 0.0014736 secs] [Times: user=0.01 sys=0.00, real=0.00 secs] 
708.522: [GC (Allocation Failure) [PSYoungGen: 69549K->1520K(70144K)] 354211K->286182K(761856K), 0.0014739 secs] [Times: user=0.01 sys=0.00, real=0.00 secs] 
708.976: [GC (Allocation Failure) [PSYoungGen: 69616K->1664K(70144K)] 354278K->286326K(761856K), 0.0020293 secs] [Times: user=0.00 sys=0.00, real=0.00 secs] 
711.132: [GC (Allocation Failure) [PSYoungGen: 69760K->1344K(70144K)] 354422K->286006K(761856K), 0.0036408 secs] [Times: user=0.01 sys=0.00, real=0.00 secs] 
711.676: [GC (Allocation Failure) [PSYoungGen: 69440K->1376K(70144K)] 354102K->286038K(761856K), 0.0025045 secs] [Times: user=0.01 sys=0.00, real=0.01 secs] 
712.225: [GC (Allocation Failure) [PSYoungGen: 69472K->1376K(70144K)] 354134K->286038K(761856K), 0.0020150 secs] [Times: user=0.01 sys=0.00, real=0.00 secs] 
712.547: [GC (Allocation Failure) [PSYoungGen: 69472K->1376K(70144K)] 354134K->286038K(761856K), 0.0019723 secs] [Times: user=0.00 sys=0.00, real=0.01 secs] 
712.694: [GC (Allocation Failure) [PSYoungGen: 69472K->1485K(70144K)] 354134K->286147K(761856K), 0.0015957 secs] [Times: user=0.01 sys=0.00, real=0.00 secs] 
712.816: [GC (Allocation Failure) [PSYoungGen: 69581K->1533K(70144K)] 354243K->286195K(761856K), 0.0014706 secs] [Times: user=0.01 sys=0.00, real=0.00 secs] 
712.936: [GC (Allocation Failure) [PSYoungGen: 69629K->1485K(70144K)] 354291K->286155K(761856K), 0.0015245 secs] [Times: user=0.01 sys=0.00, real=0.00 secs] 
713.211: [GC (Allocation Failure) [PSYoungGen: 69581K->1440K(70144K)] 354251K->286134K(761856K), 0.0018721 secs] [Times: user=0.01 sys=0.00, real=0.00 secs] 
714.105: [GC (Allocation Failure) [PSYoungGen: 69536K->1376K(70144K)] 354230K->286070K(761856K), 0.0026272 secs] [Times: user=0.01 sys=0.00, real=0.01 secs] 
714.556: [GC (Allocation Failure) [PSYoungGen: 69472K->1344K(70144K)] 354166K->286054K(761856K), 0.0021319 secs] [Times: user=0.01 sys=0.00, real=0.01 secs] 
715.145: [GC (Allocation Failure) [PSYoungGen: 69440K->1408K(70144K)] 354150K->286118K(761856K), 0.0019653 secs] [Times: user=0.00 sys=0.00, real=0.00 secs] 
715.917: [GC (Allocation Failure) [PSYoungGen: 69504K->1424K(70144K)] 354214K->286134K(761856K), 0.0032591 secs] [Times: user=0.01 sys=0.00, real=0.01 secs] 
716.133: [GC (Allocation Failure) [PSYoungGen: 69503K->1549K(70144K)] 354213K->286259K(761856K), 0.0018736 secs] [Times: user=0.01 sys=0.00, real=0.00 secs] 
716.257: [GC (Allocation Failure) [PSYoungGen: 69645K->1453K(70144K)] 354355K->286163K(761856K), 0.0013442 secs] [Times: user=0.01 sys=0.00, real=0.01 secs] 
716.375: [GC (Allocation Failure) [PSYoungGen: 69549K->1453K(70144K)] 354259K->286187K(761856K), 0.0014697 secs] [Times: user=0.01 sys=0.00, real=0.00 secs] 
717.246: [GC (Allocation Failure) [PSYoungGen: 69549K->1440K(70144K)] 354283K->286182K(761856K), 0.0025586 secs] [Times: user=0.01 sys=0.00, real=0.01 secs] 
717.760: [GC (Allocation Failure) [PSYoungGen: 69536K->1376K(70144K)] 354278K->286118K(761856K), 0.0019867 secs] [Times: user=0.01 sys=0.00, real=0.00 secs] 
718.214: [GC (Allocation Failure) [PSYoungGen: 69472K->1376K(70144K)] 354214K->286118K(761856K), 0.0018651 secs] [Times: user=0.01 sys=0.00, real=0.00 secs] 
718.750: [GC (Allocation Failure) [PSYoungGen: 69472K->1376K(70144K)] 354214K->286118K(761856K), 0.0019422 secs] [Times: user=0.01 sys=0.00, real=0.00 secs] 
719.472: [GC (Allocation Failure) [PSYoungGen: 69472K->1456K(70144K)] 354214K->286198K(761856K), 0.0018892 secs] [Times: user=0.01 sys=0.00, real=0.00 secs] 
719.614: [GC (Allocation Failure) [PSYoungGen: 69552K->1488K(70144K)] 354294K->286230K(761856K), 0.0016224 secs] [Times: user=0.00 sys=0.00, real=0.00 secs] 
719.733: [GC (Allocation Failure) [PSYoungGen: 69584K->1488K(70144K)] 354326K->286230K(761856K), 0.0015967 secs] [Times: user=0.00 sys=0.00, real=0.00 secs] 
719.853: [GC (Allocation Failure) [PSYoungGen: 69584K->1488K(70144K)] 354326K->286246K(761856K), 0.0014704 secs] [Times: user=0.01 sys=0.00, real=0.00 secs] 
720.954: [GC (Allocation Failure) [PSYoungGen: 69584K->1472K(70144K)] 354342K->286230K(761856K), 0.0022729 secs] [Times: user=0.01 sys=0.00, real=0.00 secs] 
721.313: [GC (Allocation Failure) [PSYoungGen: 69568K->1408K(70144K)] 354326K->286166K(761856K), 0.0018881 secs] [Times: user=0.00 sys=0.00, real=0.00 secs] 
721.596: [GC (Allocation Failure) [PSYoungGen: 69504K->1376K(70144K)] 354262K->286134K(761856K), 0.0019074 secs] [Times: user=0.01 sys=0.00, real=0.01 secs] 
721.879: [GC (Allocation Failure) [PSYoungGen: 69472K->1408K(70144K)] 354230K->286166K(761856K), 0.0020191 secs] [Times: user=0.01 sys=0.00, real=0.00 secs] 
722.168: [GC (Allocation Failure) [PSYoungGen: 69504K->1437K(70144K)] 354262K->286195K(761856K), 0.0018048 secs] [Times: user=0.00 sys=0.00, real=0.01 secs] 
722.299: [GC (Allocation Failure) [PSYoungGen: 69533K->1456K(70144K)] 354291K->286214K(761856K), 0.0015341 secs] [Times: user=0.00 sys=0.00, real=0.00 secs] 
722.418: [GC (Allocation Failure) [PSYoungGen: 69552K->1456K(70144K)] 354310K->286214K(761856K), 0.0015779 secs] [Times: user=0.01 sys=0.00, real=0.00 secs] 
722.538: [GC (Allocation Failure) [PSYoungGen: 69552K->1485K(70144K)] 354310K->286267K(761856K), 0.0015938 secs] [Times: user=0.00 sys=0.00, real=0.00 secs] 
722.753: [GC (Allocation Failure) [PSYoungGen: 69581K->1440K(77312K)] 354363K->286222K(769024K), 0.0017434 secs] [Times: user=0.00 sys=0.00, real=0.00 secs] 
723.065: [GC (Allocation Failure) [PSYoungGen: 76704K->1440K(76288K)] 361486K->286230K(768000K), 0.0016393 secs] [Times: user=0.00 sys=0.00, real=0.00 secs] 
723.375: [GC (Allocation Failure) [PSYoungGen: 76192K->384K(75264K)] 360982K->286198K(766976K), 0.0014692 secs] [Times: user=0.01 sys=0.00, real=0.00 secs] 
723.773: [GC (Allocation Failure) [PSYoungGen: 74624K->320K(74240K)] 360438K->286134K(765952K), 0.0017467 secs] [Times: user=0.01 sys=0.00, real=0.00 secs] 
724.321: [GC (Allocation Failure) [PSYoungGen: 74017K->1453K(74752K)] 359831K->287267K(766464K), 0.0023855 secs] [Times: user=0.01 sys=0.00, real=0.00 secs] 
724.485: [GC (Allocation Failure) [PSYoungGen: 74669K->1456K(74240K)] 360483K->287270K(765952K), 0.0016635 secs] [Times: user=0.00 sys=0.00, real=0.00 secs] 
724.615: [GC (Allocation Failure) [PSYoungGen: 74160K->1453K(73728K)] 359974K->287267K(765440K), 0.0017100 secs] [Times: user=0.01 sys=0.00, real=0.00 secs] 
724.743: [GC (Allocation Failure) [PSYoungGen: 72765K->224K(72192K)] 358580K->286038K(763904K), 0.0015768 secs] [Times: user=0.01 sys=0.00, real=0.00 secs] 
725.555: [GC (Allocation Failure) [PSYoungGen: 71904K->1440K(72704K)] 357718K->287254K(764416K), 0.0018848 secs] [Times: user=0.01 sys=0.00, real=0.00 secs] 
726.242: [GC (Allocation Failure) [PSYoungGen: 72608K->1376K(72192K)] 358422K->287190K(763904K), 0.0033929 secs] [Times: user=0.01 sys=0.01, real=0.00 secs] 
726.767: [GC (Allocation Failure) [PSYoungGen: 72032K->1408K(71680K)] 357846K->287222K(763392K), 0.0022913 secs] [Times: user=0.00 sys=0.00, real=0.01 secs] 
727.371: [GC (Allocation Failure) [PSYoungGen: 71552K->1424K(71168K)] 357366K->287238K(762880K), 0.0031304 secs] [Times: user=0.02 sys=0.00, real=0.00 secs] 
727.574: [GC (Allocation Failure) [PSYoungGen: 71056K->1485K(70656K)] 356870K->287299K(762368K), 0.0016514 secs] [Times: user=0.01 sys=0.00, real=0.00 secs] 
727.695: [GC (Allocation Failure) [PSYoungGen: 70605K->1488K(70144K)] 356419K->287302K(761856K), 0.0014687 secs] [Times: user=0.00 sys=0.00, real=0.00 secs] 
727.814: [GC (Allocation Failure) [PSYoungGen: 70096K->1504K(69632K)] 355910K->287318K(761344K), 0.0016357 secs] [Times: user=0.01 sys=0.00, real=0.00 secs] 
728.304: [GC (Allocation Failure) [PSYoungGen: 69600K->1472K(70144K)] 355414K->287294K(761856K), 0.0021725 secs] [Times: user=0.01 sys=0.00, real=0.00 secs] 
729.202: [GC (Allocation Failure) [PSYoungGen: 69568K->1376K(70144K)] 355390K->287198K(761856K), 0.0032248 secs] [Times: user=0.01 sys=0.00, real=0.00 secs] 
729.911: [GC (Allocation Failure) [PSYoungGen: 69472K->1440K(70144K)] 355294K->287262K(761856K), 0.0024718 secs] [Times: user=0.01 sys=0.00, real=0.00 secs] 
730.835: [GC (Allocation Failure) [PSYoungGen: 69536K->1440K(70144K)] 355358K->287262K(761856K), 0.0024723 secs] [Times: user=0.01 sys=0.00, real=0.00 secs] 
731.434: [GC (Allocation Failure) [PSYoungGen: 69536K->1488K(70144K)] 355358K->287310K(761856K), 0.0021260 secs] [Times: user=0.01 sys=0.00, real=0.00 secs] 
731.591: [GC (Allocation Failure) [PSYoungGen: 69584K->1453K(70144K)] 355406K->287275K(761856K), 0.0014885 secs] [Times: user=0.00 sys=0.00, real=0.00 secs] 
731.729: [GC (Allocation Failure) [PSYoungGen: 69549K->1552K(70144K)] 355371K->287374K(761856K), 0.0018375 secs] [Times: user=0.01 sys=0.00, real=0.00 secs] 
731.887: [GC (Allocation Failure) [PSYoungGen: 69648K->1456K(70144K)] 355470K->287286K(761856K), 0.0016800 secs] [Times: user=0.00 sys=0.00, real=0.01 secs] 
732.514: [GC (Allocation Failure) [PSYoungGen: 69552K->1488K(70144K)] 355382K->287318K(761856K), 0.0029190 secs] [Times: user=0.01 sys=0.00, real=0.00 secs] 
733.156: [GC (Allocation Failure) [PSYoungGen: 69584K->1376K(70144K)] 355414K->287206K(761856K), 0.0022102 secs] [Times: user=0.01 sys=0.00, real=0.00 secs] 
733.993: [GC (Allocation Failure) [PSYoungGen: 69472K->1408K(70144K)] 355302K->287238K(761856K), 0.0032114 secs] [Times: user=0.01 sys=0.00, real=0.00 secs] 
734.998: [GC (Allocation Failure) [PSYoungGen: 69504K->1376K(70144K)] 355334K->287222K(761856K), 0.0032593 secs] [Times: user=0.02 sys=0.00, real=0.00 secs] 
736.389: [GC (Allocation Failure) [PSYoungGen: 69472K->1488K(70144K)] 355318K->287342K(761856K), 0.0022220 secs] [Times: user=0.00 sys=0.00, real=0.00 secs] 
736.558: [GC (Allocation Failure) [PSYoungGen: 69584K->1472K(70144K)] 355438K->287326K(761856K), 0.0016502 secs] [Times: user=0.01 sys=0.00, real=0.00 secs] 
736.677: [GC (Allocation Failure) [PSYoungGen: 69568K->1517K(70144K)] 355422K->287371K(761856K), 0.0014259 secs] [Times: user=0.00 sys=0.00, real=0.01 secs] 
736.796: [GC (Allocation Failure) [PSYoungGen: 69613K->1453K(70144K)] 355467K->287323K(761856K), 0.0017127 secs] [Times: user=0.01 sys=0.00, real=0.00 secs] 
737.357: [GC (Allocation Failure) [PSYoungGen: 69549K->1456K(70144K)] 355419K->287334K(761856K), 0.0021452 secs] [Times: user=0.01 sys=0.00, real=0.01 secs] 
737.692: [GC (Allocation Failure) [PSYoungGen: 69552K->1376K(70144K)] 355430K->287254K(761856K), 0.0019869 secs] [Times: user=0.00 sys=0.00, real=0.00 secs] 
738.027: [GC (Allocation Failure) [PSYoungGen: 69472K->1376K(70144K)] 355350K->287254K(761856K), 0.0018015 secs] [Times: user=0.01 sys=0.00, real=0.01 secs] 
738.619: [GC (Allocation Failure) [PSYoungGen: 69472K->1408K(70144K)] 355350K->287286K(761856K), 0.0019594 secs] [Times: user=0.00 sys=0.00, real=0.00 secs] 
739.183: [GC (Allocation Failure) [PSYoungGen: 69504K->1440K(70144K)] 355382K->287318K(761856K), 0.0025256 secs] [Times: user=0.01 sys=0.00, real=0.00 secs] 
739.354: [GC (Allocation Failure) [PSYoungGen: 69526K->1504K(70144K)] 355405K->287382K(761856K), 0.0014903 secs] [Times: user=0.00 sys=0.00, real=0.00 secs] 
739.473: [GC (Allocation Failure) [PSYoungGen: 69600K->1421K(70144K)] 355478K->287299K(761856K), 0.0016470 secs] [Times: user=0.01 sys=0.00, real=0.00 secs] 
739.592: [GC (Allocation Failure) [PSYoungGen: 69517K->1568K(70144K)] 355395K->287454K(761856K), 0.0017509 secs] [Times: user=0.01 sys=0.00, real=0.00 secs] 
739.819: [GC (Allocation Failure) [PSYoungGen: 69664K->1456K(70144K)] 355550K->287342K(761856K), 0.0022478 secs] [Times: user=0.01 sys=0.00, real=0.00 secs] 
740.103: [GC (Allocation Failure) [PSYoungGen: 69552K->1376K(69632K)] 355438K->287262K(761344K), 0.0022505 secs] [Times: user=0.01 sys=0.00, real=0.00 secs] 
740.387: [GC (Allocation Failure) [PSYoungGen: 69472K->1408K(69632K)] 355358K->287294K(761344K), 0.0020162 secs] [Times: user=0.00 sys=0.00, real=0.01 secs] 
740.669: [GC (Allocation Failure) [PSYoungGen: 69504K->1376K(69632K)] 355390K->287262K(761344K), 0.0017322 secs] [Times: user=0.01 sys=0.00, real=0.00 secs] 
741.245: [GC (Allocation Failure) [PSYoungGen: 69472K->1472K(69632K)] 355358K->287358K(761344K), 0.0023810 secs] [Times: user=0.01 sys=0.00, real=0.00 secs] 
741.438: [GC (Allocation Failure) [PSYoungGen: 69568K->1453K(69632K)] 355454K->287339K(761344K), 0.0022119 secs] [Times: user=0.01 sys=0.00, real=0.01 secs] 
741.633: [GC (Allocation Failure) [PSYoungGen: 69549K->1453K(69632K)] 355435K->287339K(761344K), 0.0022541 secs] [Times: user=0.01 sys=0.00, real=0.00 secs] 
741.811: [GC (Allocation Failure) [PSYoungGen: 69549K->1453K(69632K)] 355435K->287347K(761344K), 0.0020385 secs] [Times: user=0.00 sys=0.00, real=0.00 secs] 
742.090: [GC (Allocation Failure) [PSYoungGen: 69549K->1424K(69632K)] 355443K->287326K(761344K), 0.0020585 secs] [Times: user=0.00 sys=0.00, real=0.00 secs] 
742.373: [GC (Allocation Failure) [PSYoungGen: 69520K->1408K(69632K)] 355422K->287310K(761344K), 0.0018222 secs] [Times: user=0.01 sys=0.00, real=0.00 secs] 
742.656: [GC (Allocation Failure) [PSYoungGen: 69504K->1344K(69632K)] 355406K->287246K(761344K), 0.0020012 secs] [Times: user=0.01 sys=0.00, real=0.00 secs] 
742.939: [GC (Allocation Failure) [PSYoungGen: 69440K->1360K(69632K)] 355342K->287262K(761344K), 0.0017965 secs] [Times: user=0.01 sys=0.00, real=0.00 secs] 
743.184: [GC (Allocation Failure) [PSYoungGen: 69456K->1469K(69632K)] 355358K->287371K(761344K), 0.0014840 secs] [Times: user=0.01 sys=0.00, real=0.00 secs] 
743.322: [GC (Allocation Failure) [PSYoungGen: 69565K->1517K(69632K)] 355467K->287443K(761344K), 0.0017724 secs] [Times: user=0.01 sys=0.00, real=0.00 secs] 
743.472: [GC (Allocation Failure) [PSYoungGen: 69613K->1453K(69632K)] 355539K->287387K(761344K), 0.0018891 secs] [Times: user=0.01 sys=0.00, real=0.00 secs] 
743.637: [GC (Allocation Failure) [PSYoungGen: 69549K->1549K(70144K)] 355483K->287483K(761856K), 0.0019345 secs] [Times: user=0.01 sys=0.00, real=0.01 secs] 
743.920: [GC (Allocation Failure) [PSYoungGen: 69645K->1440K(70144K)] 355579K->287374K(761856K), 0.0020030 secs] [Times: user=0.00 sys=0.00, real=0.00 secs] 
744.204: [GC (Allocation Failure) [PSYoungGen: 69536K->1392K(70144K)] 355470K->287326K(761856K), 0.0027980 secs] [Times: user=0.01 sys=0.00, real=0.00 secs] 
744.487: [GC (Allocation Failure) [PSYoungGen: 69488K->1376K(70144K)] 355422K->287310K(761856K), 0.0018365 secs] [Times: user=0.01 sys=0.00, real=0.01 secs] 
744.770: [GC (Allocation Failure) [PSYoungGen: 69472K->1376K(70144K)] 355406K->287310K(761856K), 0.0018718 secs] [Times: user=0.01 sys=0.00, real=0.00 secs] 
745.018: [GC (Allocation Failure) [PSYoungGen: 69472K->1472K(70144K)] 355406K->287406K(761856K), 0.0015601 secs] [Times: user=0.00 sys=0.00, real=0.00 secs] 
745.137: [GC (Allocation Failure) [PSYoungGen: 69557K->1453K(70144K)] 355491K->287387K(761856K), 0.0014968 secs] [Times: user=0.01 sys=0.00, real=0.01 secs] 
745.256: [GC (Allocation Failure) [PSYoungGen: 69549K->1424K(70144K)] 355483K->287358K(761856K), 0.0014828 secs] [Times: user=0.01 sys=0.00, real=0.00 secs] 
745.375: [GC (Allocation Failure) [PSYoungGen: 69520K->1517K(77312K)] 355454K->287475K(769024K), 0.0015908 secs] [Times: user=0.01 sys=0.01, real=0.00 secs] 
746.575: [GC (Allocation Failure) [PSYoungGen: 76781K->1376K(76288K)] 362739K->287334K(768000K), 0.0020587 secs] [Times: user=0.01 sys=0.00, real=0.00 secs] 
748.258: [GC (Allocation Failure) [PSYoungGen: 76128K->1344K(75776K)] 362086K->287302K(767488K), 0.0027724 secs] [Times: user=0.01 sys=0.00, real=0.01 secs] 
748.980: [GC (Allocation Failure) [PSYoungGen: 75584K->1376K(75264K)] 361542K->287334K(766976K), 0.0026789 secs] [Times: user=0.01 sys=0.00, real=0.00 secs] 
749.886: [GC (Allocation Failure) [PSYoungGen: 75104K->1344K(74752K)] 361062K->287302K(766464K), 0.0026298 secs] [Times: user=0.01 sys=0.01, real=0.01 secs] 
750.165: [GC (Allocation Failure) [PSYoungGen: 74560K->1485K(74240K)] 360518K->287443K(765952K), 0.0016821 secs] [Times: user=0.00 sys=0.00, real=0.00 secs] 
750.294: [GC (Allocation Failure) [PSYoungGen: 74189K->1456K(73728K)] 360147K->287414K(765440K), 0.0016109 secs] [Times: user=0.01 sys=0.00, real=0.00 secs] 
750.420: [GC (Allocation Failure) [PSYoungGen: 73648K->1520K(73216K)] 359606K->287478K(764928K), 0.0015174 secs] [Times: user=0.00 sys=0.00, real=0.00 secs] 
750.909: [GC (Allocation Failure) [PSYoungGen: 73200K->1392K(72704K)] 359158K->287350K(764416K), 0.0017791 secs] [Times: user=0.00 sys=0.00, real=0.00 secs] 
751.277: [GC (Allocation Failure) [PSYoungGen: 72560K->1376K(72192K)] 358518K->287334K(763904K), 0.0018159 secs] [Times: user=0.00 sys=0.00, real=0.01 secs] 
751.961: [GC (Allocation Failure) [PSYoungGen: 72032K->1376K(71680K)] 357990K->287334K(763392K), 0.0026813 secs] [Times: user=0.01 sys=0.00, real=0.00 secs] 
753.110: [GC (Allocation Failure) [PSYoungGen: 71520K->1376K(71168K)] 357478K->287334K(762880K), 0.0031353 secs] [Times: user=0.02 sys=0.00, real=0.00 secs] 
753.674: [GC (Allocation Failure) [PSYoungGen: 71008K->1485K(70656K)] 356966K->287443K(762368K), 0.0015629 secs] [Times: user=0.01 sys=0.00, real=0.00 secs] 
753.795: [GC (Allocation Failure) [PSYoungGen: 70605K->1485K(70144K)] 356563K->287443K(761856K), 0.0016055 secs] [Times: user=0.01 sys=0.00, real=0.00 secs] 
753.915: [GC (Allocation Failure) [PSYoungGen: 70071K->1456K(69632K)] 356029K->287414K(761344K), 0.0015406 secs] [Times: user=0.00 sys=0.00, real=0.00 secs] 
754.035: [GC (Allocation Failure) [PSYoungGen: 69552K->1517K(70144K)] 355510K->287475K(761856K), 0.0014502 secs] [Times: user=0.01 sys=0.00, real=0.00 secs] 
754.648: [GC (Allocation Failure) [PSYoungGen: 69613K->1392K(70144K)] 355571K->287350K(761856K), 0.0015732 secs] [Times: user=0.00 sys=0.00, real=0.00 secs] 
755.267: [GC (Allocation Failure) [PSYoungGen: 69488K->1408K(70144K)] 355446K->287382K(761856K), 0.0014886 secs] [Times: user=0.01 sys=0.00, real=0.01 secs] 
755.549: [GC (Allocation Failure) [PSYoungGen: 69504K->1376K(70144K)] 355478K->287350K(761856K), 0.0015998 secs] [Times: user=0.01 sys=0.00, real=0.00 secs] 
755.832: [GC (Allocation Failure) [PSYoungGen: 69472K->1424K(70144K)] 355446K->287398K(761856K), 0.0017187 secs] [Times: user=0.00 sys=0.00, real=0.00 secs] 
756.123: [GC (Allocation Failure) [PSYoungGen: 69520K->1453K(70144K)] 355494K->287427K(761856K), 0.0014577 secs] [Times: user=0.00 sys=0.00, real=0.00 secs] 
756.245: [GC (Allocation Failure) [PSYoungGen: 69549K->1421K(70144K)] 355523K->287395K(761856K), 0.0015185 secs] [Times: user=0.00 sys=0.00, real=0.00 secs] 
756.364: [GC (Allocation Failure) [PSYoungGen: 69517K->1453K(70144K)] 355491K->287427K(761856K), 0.0015883 secs] [Times: user=0.01 sys=0.00, real=0.00 secs] 
756.483: [GC (Allocation Failure) [PSYoungGen: 69549K->1453K(70144K)] 355523K->287443K(761856K), 0.0015071 secs] [Times: user=0.01 sys=0.00, real=0.00 secs] 
756.948: [GC (Allocation Failure) [PSYoungGen: 69549K->1440K(69632K)] 355539K->287430K(761344K), 0.0017410 secs] [Times: user=0.01 sys=0.00, real=0.00 secs] 
757.583: [GC (Allocation Failure) [PSYoungGen: 69536K->1376K(69632K)] 355526K->287366K(761344K), 0.0041484 secs] [Times: user=0.02 sys=0.00, real=0.00 secs] 
757.906: [GC (Allocation Failure) [PSYoungGen: 69472K->352K(68608K)] 355462K->287366K(760320K), 0.0018465 secs] [Times: user=0.01 sys=0.00, real=0.01 secs] 
758.189: [GC (Allocation Failure) [PSYoungGen: 68448K->352K(70144K)] 355462K->287366K(761856K), 0.0019330 secs] [Times: user=0.01 sys=0.00, real=0.00 secs] 
758.423: [GC (Allocation Failure) [PSYoungGen: 68448K->1453K(69632K)] 355462K->288467K(761344K), 0.0020073 secs] [Times: user=0.01 sys=0.00, real=0.00 secs] 
758.602: [GC (Allocation Failure) [PSYoungGen: 69549K->1517K(69632K)] 356563K->288531K(761344K), 0.0020965 secs] [Times: user=0.01 sys=0.00, real=0.00 secs] 
758.730: [GC (Allocation Failure) [PSYoungGen: 69613K->1488K(69632K)] 356627K->288502K(761344K), 0.0014822 secs] [Times: user=0.01 sys=0.01, real=0.00 secs] 
758.848: [GC (Allocation Failure) [PSYoungGen: 69584K->1488K(74240K)] 356598K->288518K(765952K), 0.0016518 secs] [Times: user=0.00 sys=0.00, real=0.00 secs] 
759.468: [GC (Allocation Failure) [PSYoungGen: 73680K->1440K(73216K)] 360710K->288470K(764928K), 0.0032530 secs] [Times: user=0.01 sys=0.00, real=0.00 secs] 
760.160: [GC (Allocation Failure) [PSYoungGen: 73120K->1360K(72704K)] 360150K->288390K(764416K), 0.0035594 secs] [Times: user=0.01 sys=0.00, real=0.00 secs] 
760.883: [GC (Allocation Failure) [PSYoungGen: 72528K->1408K(72192K)] 359558K->288438K(763904K), 0.0024551 secs] [Times: user=0.01 sys=0.00, real=0.00 secs] 
761.526: [GC (Allocation Failure) [PSYoungGen: 72064K->1344K(71680K)] 359094K->288374K(763392K), 0.0034479 secs] [Times: user=0.01 sys=0.00, real=0.01 secs] 
761.770: [GC (Allocation Failure) [PSYoungGen: 71488K->1453K(71168K)] 358518K->288483K(762880K), 0.0015215 secs] [Times: user=0.00 sys=0.00, real=0.00 secs] 
761.892: [GC (Allocation Failure) [PSYoungGen: 71085K->1453K(70656K)] 358115K->288483K(762368K), 0.0015638 secs] [Times: user=0.01 sys=0.00, real=0.00 secs] 
762.015: [GC (Allocation Failure) [PSYoungGen: 70573K->1453K(70144K)] 357603K->288483K(761856K), 0.0016422 secs] [Times: user=0.01 sys=0.00, real=0.00 secs] 
762.772: [GC (Allocation Failure) [PSYoungGen: 70061K->1440K(69632K)] 357091K->288470K(761344K), 0.0042278 secs] [Times: user=0.02 sys=0.00, real=0.00 secs] 
764.644: [GC (Allocation Failure) [PSYoungGen: 69536K->1312K(69632K)] 356566K->288358K(761344K), 0.0038046 secs] [Times: user=0.02 sys=0.00, real=0.00 secs] 
765.372: [GC (Allocation Failure) [PSYoungGen: 69408K->1376K(69632K)] 356454K->288422K(761344K), 0.0031572 secs] [Times: user=0.01 sys=0.00, real=0.00 secs] 
766.140: [GC (Allocation Failure) [PSYoungGen: 69472K->1408K(69632K)] 356518K->288454K(761344K), 0.0028938 secs] [Times: user=0.01 sys=0.00, real=0.00 secs] 
766.989: [GC (Allocation Failure) [PSYoungGen: 69504K->1424K(69632K)] 356550K->288470K(761344K), 0.0039883 secs] [Times: user=0.01 sys=0.00, real=0.00 secs] 
767.221: [GC (Allocation Failure) [PSYoungGen: 69520K->1485K(69632K)] 356566K->288531K(761344K), 0.0018330 secs] [Times: user=0.01 sys=0.00, real=0.00 secs] 
767.348: [GC (Allocation Failure) [PSYoungGen: 69581K->1456K(69632K)] 356627K->288502K(761344K), 0.0015080 secs] [Times: user=0.00 sys=0.00, real=0.00 secs] 
767.467: [GC (Allocation Failure) [PSYoungGen: 69552K->1488K(70144K)] 356598K->288534K(761856K), 0.0015093 secs] [Times: user=0.00 sys=0.00, real=0.01 secs] 
767.695: [GC (Allocation Failure) [PSYoungGen: 69584K->1440K(70144K)] 356630K->288486K(761856K), 0.0018688 secs] [Times: user=0.00 sys=0.00, real=0.00 secs] 
768.027: [GC (Allocation Failure) [PSYoungGen: 69536K->1408K(70144K)] 356582K->288454K(761856K), 0.0018403 secs] [Times: user=0.01 sys=0.00, real=0.01 secs] 
768.392: [GC (Allocation Failure) [PSYoungGen: 69504K->1360K(70144K)] 356550K->288406K(761856K), 0.0019673 secs] [Times: user=0.00 sys=0.00, real=0.00 secs] 
768.799: [GC (Allocation Failure) [PSYoungGen: 69456K->1376K(70144K)] 356502K->288422K(761856K), 0.0019507 secs] [Times: user=0.00 sys=0.00, real=0.00 secs] 
769.172: [GC (Allocation Failure) [PSYoungGen: 69472K->1437K(70144K)] 356518K->288483K(761856K), 0.0021747 secs] [Times: user=0.01 sys=0.00, real=0.00 secs] 
769.323: [GC (Allocation Failure) [PSYoungGen: 69533K->1485K(70144K)] 356579K->288531K(761856K), 0.0015589 secs] [Times: user=0.00 sys=0.00, real=0.00 secs] 
769.443: [GC (Allocation Failure) [PSYoungGen: 69581K->1488K(70144K)] 356627K->288534K(761856K), 0.0014514 secs] [Times: user=0.01 sys=0.00, real=0.00 secs] 
769.581: [GC (Allocation Failure) [PSYoungGen: 69584K->1517K(70144K)] 356630K->288571K(761856K), 0.0017224 secs] [Times: user=0.01 sys=0.00, real=0.00 secs] 
769.833: [GC (Allocation Failure) [PSYoungGen: 69613K->1456K(70144K)] 356667K->288510K(761856K), 0.0019527 secs] [Times: user=0.00 sys=0.00, real=0.00 secs] 
770.118: [GC (Allocation Failure) [PSYoungGen: 69552K->1376K(70144K)] 356606K->288430K(761856K), 0.0018792 secs] [Times: user=0.01 sys=0.00, real=0.00 secs] 
770.497: [GC (Allocation Failure) [PSYoungGen: 69472K->1392K(70144K)] 356526K->288446K(761856K), 0.0017236 secs] [Times: user=0.01 sys=0.00, real=0.01 secs] 
770.780: [GC (Allocation Failure) [PSYoungGen: 69488K->1376K(70144K)] 356542K->288430K(761856K), 0.0017507 secs] [Times: user=0.00 sys=0.00, real=0.00 secs] 
771.089: [GC (Allocation Failure) [PSYoungGen: 69472K->1469K(70144K)] 356526K->288539K(761856K), 0.0018681 secs] [Times: user=0.01 sys=0.00, real=0.00 secs] 
771.214: [GC (Allocation Failure) [PSYoungGen: 69565K->1421K(70144K)] 356635K->288491K(761856K), 0.0014784 secs] [Times: user=0.01 sys=0.00, real=0.00 secs] 
771.332: [GC (Allocation Failure) [PSYoungGen: 69517K->1488K(70144K)] 356587K->288558K(761856K), 0.0014584 secs] [Times: user=0.00 sys=0.00, real=0.00 secs] 
771.451: [GC (Allocation Failure) [PSYoungGen: 69584K->1488K(70144K)] 356654K->288566K(761856K), 0.0014858 secs] [Times: user=0.01 sys=0.00, real=0.00 secs] 
771.687: [GC (Allocation Failure) [PSYoungGen: 69584K->1440K(70144K)] 356662K->288518K(761856K), 0.0018413 secs] [Times: user=0.01 sys=0.00, real=0.01 secs] 
772.107: [GC (Allocation Failure) [PSYoungGen: 69536K->1408K(70144K)] 356614K->288486K(761856K), 0.0021118 secs] [Times: user=0.01 sys=0.00, real=0.01 secs] 
772.652: [GC (Allocation Failure) [PSYoungGen: 69504K->1344K(70144K)] 356582K->288422K(761856K), 0.0026438 secs] [Times: user=0.01 sys=0.00, real=0.00 secs] 
773.215: [GC (Allocation Failure) [PSYoungGen: 69440K->1392K(70144K)] 356518K->288470K(761856K), 0.0023701 secs] [Times: user=0.01 sys=0.00, real=0.00 secs] 
773.674: [GC (Allocation Failure) [PSYoungGen: 69488K->1485K(70144K)] 356566K->288563K(761856K), 0.0023952 secs] [Times: user=0.01 sys=0.00, real=0.00 secs] 
773.824: [GC (Allocation Failure) [PSYoungGen: 69581K->1424K(70144K)] 356659K->288502K(761856K), 0.0015859 secs] [Times: user=0.01 sys=0.00, real=0.00 secs] 
773.945: [GC (Allocation Failure) [PSYoungGen: 69520K->1469K(70144K)] 356598K->288547K(761856K), 0.0015063 secs] [Times: user=0.01 sys=0.00, real=0.00 secs] 
774.066: [GC (Allocation Failure) [PSYoungGen: 69565K->1453K(70144K)] 356643K->288539K(761856K), 0.0015991 secs] [Times: user=0.01 sys=0.00, real=0.00 secs] 
775.785: [GC (Allocation Failure) [PSYoungGen: 69549K->1472K(70144K)] 356635K->288558K(761856K), 0.0040022 secs] [Times: user=0.02 sys=0.00, real=0.01 secs] 
776.157: [GC (Allocation Failure) [PSYoungGen: 69568K->1376K(70144K)] 356654K->288462K(761856K), 0.0018908 secs] [Times: user=0.01 sys=0.00, real=0.01 secs] 
776.445: [GC (Allocation Failure) [PSYoungGen: 69472K->1344K(70144K)] 356558K->288430K(761856K), 0.0019415 secs] [Times: user=0.00 sys=0.00, real=0.00 secs] 
776.876: [GC (Allocation Failure) [PSYoungGen: 69440K->1328K(70144K)] 356526K->288414K(761856K), 0.0016918 secs] [Times: user=0.01 sys=0.00, real=0.01 secs] 
777.318: [GC (Allocation Failure) [PSYoungGen: 69424K->1469K(70144K)] 356510K->288555K(761856K), 0.0016018 secs] [Times: user=0.00 sys=0.00, real=0.01 secs] 
777.438: [GC (Allocation Failure) [PSYoungGen: 69565K->1488K(70144K)] 356651K->288574K(761856K), 0.0016146 secs] [Times: user=0.00 sys=0.00, real=0.00 secs] 
777.558: [GC (Allocation Failure) [PSYoungGen: 69584K->1488K(70144K)] 356670K->288574K(761856K), 0.0015265 secs] [Times: user=0.01 sys=0.00, real=0.00 secs] 
777.677: [GC (Allocation Failure) [PSYoungGen: 69584K->1453K(70144K)] 356670K->288555K(761856K), 0.0015328 secs] [Times: user=0.01 sys=0.00, real=0.01 secs] 
778.078: [GC (Allocation Failure) [PSYoungGen: 69549K->1424K(70144K)] 356651K->288526K(761856K), 0.0018355 secs] [Times: user=0.01 sys=0.00, real=0.00 secs] 
778.520: [GC (Allocation Failure) [PSYoungGen: 69520K->1392K(70144K)] 356622K->288494K(761856K), 0.0014048 secs] [Times: user=0.01 sys=0.00, real=0.00 secs] 
778.803: [GC (Allocation Failure) [PSYoungGen: 69488K->1376K(70144K)] 356590K->288478K(761856K), 0.0025638 secs] [Times: user=0.01 sys=0.00, real=0.00 secs] 
779.100: [GC (Allocation Failure) [PSYoungGen: 69472K->1408K(70144K)] 356574K->288510K(761856K), 0.0019240 secs] [Times: user=0.00 sys=0.00, real=0.00 secs] 
779.483: [GC (Allocation Failure) [PSYoungGen: 69504K->1440K(70144K)] 356606K->288542K(761856K), 0.0020704 secs] [Times: user=0.01 sys=0.00, real=0.00 secs] 
779.628: [GC (Allocation Failure) [PSYoungGen: 69520K->1456K(70144K)] 356623K->288558K(761856K), 0.0015901 secs] [Times: user=0.01 sys=0.00, real=0.00 secs] 
779.748: [GC (Allocation Failure) [PSYoungGen: 69552K->1488K(70144K)] 356654K->288590K(761856K), 0.0014815 secs] [Times: user=0.01 sys=0.00, real=0.01 secs] 
779.866: [GC (Allocation Failure) [PSYoungGen: 69584K->1453K(70144K)] 356686K->288563K(761856K), 0.0015535 secs] [Times: user=0.01 sys=0.00, real=0.01 secs] 
780.393: [GC (Allocation Failure) [PSYoungGen: 69549K->1456K(70144K)] 356659K->288566K(761856K), 0.0019184 secs] [Times: user=0.00 sys=0.00, real=0.00 secs] 
780.813: [GC (Allocation Failure) [PSYoungGen: 69552K->1360K(70144K)] 356662K->288470K(761856K), 0.0021770 secs] [Times: user=0.00 sys=0.00, real=0.00 secs] 
781.124: [GC (Allocation Failure) [PSYoungGen: 69456K->1344K(70144K)] 356566K->288454K(761856K), 0.0018613 secs] [Times: user=0.00 sys=0.00, real=0.00 secs] 
781.598: [GC (Allocation Failure) [PSYoungGen: 69440K->1344K(70144K)] 356550K->288478K(761856K), 0.0020793 secs] [Times: user=0.01 sys=0.00, real=0.01 secs] 
782.009: [GC (Allocation Failure) [PSYoungGen: 69440K->1437K(70144K)] 356574K->288571K(761856K), 0.0017376 secs] [Times: user=0.01 sys=0.00, real=0.00 secs] 
782.134: [GC (Allocation Failure) [PSYoungGen: 69533K->1488K(70144K)] 356667K->288622K(761856K), 0.0014780 secs] [Times: user=0.00 sys=0.00, real=0.00 secs] 
782.253: [GC (Allocation Failure) [PSYoungGen: 69584K->1472K(70144K)] 356718K->288606K(761856K), 0.0014659 secs] [Times: user=0.01 sys=0.00, real=0.00 secs] 
782.372: [GC (Allocation Failure) [PSYoungGen: 69568K->1453K(70144K)] 356702K->288595K(761856K), 0.0015297 secs] [Times: user=0.01 sys=0.00, real=0.00 secs] 
783.011: [GC (Allocation Failure) [PSYoungGen: 69549K->1376K(70144K)] 356691K->288518K(761856K), 0.0021912 secs] [Times: user=0.01 sys=0.00, real=0.00 secs] 
783.929: [GC (Allocation Failure) [PSYoungGen: 69472K->1376K(70144K)] 356614K->288518K(761856K), 0.0025461 secs] [Times: user=0.01 sys=0.00, real=0.00 secs] 
784.695: [GC (Allocation Failure) [PSYoungGen: 69472K->1376K(70144K)] 356614K->288518K(761856K), 0.0025568 secs] [Times: user=0.01 sys=0.00, real=0.00 secs] 
785.526: [GC (Allocation Failure) [PSYoungGen: 69472K->1376K(70144K)] 356614K->288518K(761856K), 0.0025868 secs] [Times: user=0.01 sys=0.00, real=0.01 secs] 
785.920: [GC (Allocation Failure) [PSYoungGen: 69472K->1453K(70144K)] 356614K->288595K(761856K), 0.0019960 secs] [Times: user=0.00 sys=0.00, real=0.00 secs] 
786.053: [GC (Allocation Failure) [PSYoungGen: 69547K->1488K(70144K)] 356689K->288630K(761856K), 0.0015384 secs] [Times: user=0.00 sys=0.00, real=0.00 secs] 
786.171: [GC (Allocation Failure) [PSYoungGen: 69584K->1440K(70144K)] 356726K->288582K(761856K), 0.0014745 secs] [Times: user=0.01 sys=0.00, real=0.00 secs] 
786.290: [GC (Allocation Failure) [PSYoungGen: 69536K->1488K(70144K)] 356678K->288646K(761856K), 0.0014894 secs] [Times: user=0.00 sys=0.00, real=0.00 secs] 
786.599: [GC (Allocation Failure) [PSYoungGen: 69584K->1472K(70144K)] 356742K->288630K(761856K), 0.0017475 secs] [Times: user=0.01 sys=0.00, real=0.00 secs] 
787.237: [GC (Allocation Failure) [PSYoungGen: 69568K->1440K(70144K)] 356726K->288598K(761856K), 0.0018378 secs] [Times: user=0.00 sys=0.00, real=0.01 secs] 
787.967: [GC (Allocation Failure) [PSYoungGen: 69536K->1360K(70144K)] 356694K->288518K(761856K), 0.0020886 secs] [Times: user=0.01 sys=0.00, real=0.01 secs] 
788.699: [GC (Allocation Failure) [PSYoungGen: 69456K->1344K(70144K)] 356614K->288502K(761856K), 0.0021125 secs] [Times: user=0.01 sys=0.00, real=0.00 secs] 
789.111: [GC (Allocation Failure) [PSYoungGen: 69440K->1485K(70144K)] 356598K->288643K(761856K), 0.0018342 secs] [Times: user=0.01 sys=0.00, real=0.00 secs] 
789.236: [GC (Allocation Failure) [PSYoungGen: 69581K->1488K(70144K)] 356739K->288646K(761856K), 0.0014733 secs] [Times: user=0.00 sys=0.00, real=0.00 secs] 
789.356: [GC (Allocation Failure) [PSYoungGen: 69584K->1485K(70144K)] 356742K->288643K(761856K), 0.0015178 secs] [Times: user=0.00 sys=0.00, real=0.00 secs] 
789.476: [GC (Allocation Failure) [PSYoungGen: 69581K->1456K(70144K)] 356739K->288630K(761856K), 0.0014905 secs] [Times: user=0.01 sys=0.00, real=0.00 secs] 
790.511: [GC (Allocation Failure) [PSYoungGen: 69552K->1392K(70144K)] 356726K->288566K(761856K), 0.0026125 secs] [Times: user=0.01 sys=0.00, real=0.00 secs] 
791.312: [GC (Allocation Failure) [PSYoungGen: 69488K->1344K(70144K)] 356662K->288518K(761856K), 0.0024521 secs] [Times: user=0.01 sys=0.00, real=0.00 secs] 
792.062: [GC (Allocation Failure) [PSYoungGen: 69440K->1376K(70144K)] 356614K->288550K(761856K), 0.0023869 secs] [Times: user=0.01 sys=0.00, real=0.00 secs] 
792.551: [GC (Allocation Failure) [PSYoungGen: 69472K->1360K(70144K)] 356646K->288534K(761856K), 0.0025719 secs] [Times: user=0.01 sys=0.00, real=0.00 secs] 
792.936: [GC (Allocation Failure) [PSYoungGen: 69456K->1453K(70144K)] 356630K->288627K(761856K), 0.0019537 secs] [Times: user=0.01 sys=0.00, real=0.01 secs] 
793.071: [GC (Allocation Failure) [PSYoungGen: 69549K->1456K(70144K)] 356723K->288630K(761856K), 0.0017040 secs] [Times: user=0.00 sys=0.00, real=0.00 secs] 
793.190: [GC (Allocation Failure) [PSYoungGen: 69552K->1485K(70144K)] 356726K->288659K(761856K), 0.0016458 secs] [Times: user=0.01 sys=0.00, real=0.00 secs] 
793.310: [GC (Allocation Failure) [PSYoungGen: 69581K->1485K(70144K)] 356755K->288675K(761856K), 0.0014384 secs] [Times: user=0.01 sys=0.00, real=0.00 secs] 
794.104: [GC (Allocation Failure) [PSYoungGen: 69581K->1440K(70144K)] 356771K->288638K(761856K), 0.0020503 secs] [Times: user=0.01 sys=0.01, real=0.00 secs] 
794.737: [GC (Allocation Failure) [PSYoungGen: 69536K->1376K(70144K)] 356734K->288574K(761856K), 0.0022430 secs] [Times: user=0.01 sys=0.00, real=0.01 secs] 
795.667: [GC (Allocation Failure) [PSYoungGen: 69472K->1408K(70144K)] 356670K->288606K(761856K), 0.0022694 secs] [Times: user=0.01 sys=0.00, real=0.01 secs] 
796.253: [GC (Allocation Failure) [PSYoungGen: 69504K->1376K(70144K)] 356702K->288574K(761856K), 0.0020194 secs] [Times: user=0.01 sys=0.00, real=0.00 secs] 
796.566: [GC (Allocation Failure) [PSYoungGen: 69472K->1520K(70144K)] 356670K->288718K(761856K), 0.0016987 secs] [Times: user=0.01 sys=0.00, real=0.01 secs] 
796.703: [GC (Allocation Failure) [PSYoungGen: 69616K->1517K(70144K)] 356814K->288715K(761856K), 0.0018781 secs] [Times: user=0.01 sys=0.00, real=0.00 secs] 
796.862: [GC (Allocation Failure) [PSYoungGen: 69613K->1453K(70144K)] 356811K->288651K(761856K), 0.0016885 secs] [Times: user=0.00 sys=0.00, real=0.00 secs] 
796.981: [GC (Allocation Failure) [PSYoungGen: 69549K->1469K(70144K)] 356747K->288675K(761856K), 0.0017434 secs] [Times: user=0.00 sys=0.00, real=0.00 secs] 
797.274: [GC (Allocation Failure) [PSYoungGen: 69565K->1440K(70144K)] 356771K->288654K(761856K), 0.0019825 secs] [Times: user=0.01 sys=0.00, real=0.00 secs] 
797.557: [GC (Allocation Failure) [PSYoungGen: 69536K->1408K(70144K)] 356750K->288622K(761856K), 0.0019678 secs] [Times: user=0.01 sys=0.00, real=0.01 secs] 
797.840: [GC (Allocation Failure) [PSYoungGen: 69504K->1408K(70144K)] 356718K->288622K(761856K), 0.0019196 secs] [Times: user=0.00 sys=0.00, real=0.00 secs] 
798.122: [GC (Allocation Failure) [PSYoungGen: 69504K->1376K(70144K)] 356718K->288590K(761856K), 0.0017431 secs] [Times: user=0.01 sys=0.00, real=0.00 secs] 
798.308: [GC (Allocation Failure) [PSYoungGen: 69472K->1520K(70144K)] 356686K->288734K(761856K), 0.0014585 secs] [Times: user=0.01 sys=0.00, real=0.00 secs] 
798.427: [GC (Allocation Failure) [PSYoungGen: 69616K->1520K(70144K)] 356830K->288734K(761856K), 0.0014743 secs] [Times: user=0.01 sys=0.00, real=0.01 secs] 
798.546: [GC (Allocation Failure) [PSYoungGen: 69616K->1549K(70144K)] 356830K->288763K(761856K), 0.0016086 secs] [Times: user=0.01 sys=0.00, real=0.00 secs] 
798.665: [GC (Allocation Failure) [PSYoungGen: 69645K->1533K(77312K)] 356859K->288755K(769024K), 0.0016442 secs] [Times: user=0.00 sys=0.00, real=0.00 secs] 
798.985: [GC (Allocation Failure) [PSYoungGen: 76797K->1440K(76288K)] 364019K->288662K(768000K), 0.0014354 secs] [Times: user=0.01 sys=0.00, real=0.00 secs] 
799.294: [GC (Allocation Failure) [PSYoungGen: 76192K->1440K(75776K)] 363414K->288662K(767488K), 0.0016072 secs] [Times: user=0.01 sys=0.00, real=0.00 secs] 
799.606: [GC (Allocation Failure) [PSYoungGen: 75680K->1392K(75264K)] 362902K->288614K(766976K), 0.0015334 secs] [Times: user=0.00 sys=0.00, real=0.00 secs] 
799.939: [GC (Allocation Failure) [PSYoungGen: 75120K->1453K(74752K)] 362342K->288675K(766464K), 0.0017032 secs] [Times: user=0.00 sys=0.00, real=0.00 secs] 
800.069: [GC (Allocation Failure) [PSYoungGen: 74669K->1517K(74240K)] 361891K->288739K(765952K), 0.0015887 secs] [Times: user=0.01 sys=0.00, real=0.00 secs] 
800.199: [GC (Allocation Failure) [PSYoungGen: 74221K->1488K(73728K)] 361443K->288710K(765440K), 0.0015615 secs] [Times: user=0.01 sys=0.00, real=0.00 secs] 
800.327: [GC (Allocation Failure) [PSYoungGen: 73680K->1520K(73216K)] 360902K->288742K(764928K), 0.0015490 secs] [Times: user=0.01 sys=0.00, real=0.01 secs] 
800.686: [GC (Allocation Failure) [PSYoungGen: 73200K->1424K(72704K)] 360422K->288678K(764416K), 0.0018423 secs] [Times: user=0.01 sys=0.00, real=0.00 secs] 
800.981: [GC (Allocation Failure) [PSYoungGen: 72592K->1376K(72192K)] 359846K->288630K(763904K), 0.0017909 secs] [Times: user=0.01 sys=0.00, real=0.00 secs] 
801.286: [GC (Allocation Failure) [PSYoungGen: 72032K->1376K(71680K)] 359286K->288630K(763392K), 0.0018054 secs] [Times: user=0.00 sys=0.00, real=0.01 secs] 
801.618: [GC (Allocation Failure) [PSYoungGen: 71520K->1344K(71168K)] 358774K->288598K(762880K), 0.0020037 secs] [Times: user=0.01 sys=0.00, real=0.01 secs] 
801.819: [GC (Allocation Failure) [PSYoungGen: 70976K->1469K(70656K)] 358230K->288723K(762368K), 0.0015006 secs] [Times: user=0.00 sys=0.00, real=0.00 secs] 
801.942: [GC (Allocation Failure) [PSYoungGen: 70589K->1453K(70144K)] 357843K->288707K(761856K), 0.0015291 secs] [Times: user=0.01 sys=0.00, real=0.00 secs] 
802.061: [GC (Allocation Failure) [PSYoungGen: 70048K->1488K(69632K)] 357303K->288742K(761344K), 0.0015186 secs] [Times: user=0.01 sys=0.00, real=0.00 secs] 
802.200: [GC (Allocation Failure) [PSYoungGen: 69584K->1517K(70144K)] 356838K->288771K(761856K), 0.0018340 secs] [Times: user=0.00 sys=0.00, real=0.00 secs] 
802.504: [GC (Allocation Failure) [PSYoungGen: 69613K->1440K(69632K)] 356867K->288702K(761344K), 0.0019299 secs] [Times: user=0.01 sys=0.00, real=0.00 secs] 
802.890: [GC (Allocation Failure) [PSYoungGen: 69536K->1376K(69632K)] 356798K->288638K(761344K), 0.0021444 secs] [Times: user=0.01 sys=0.00, real=0.00 secs] 
803.197: [GC (Allocation Failure) [PSYoungGen: 69472K->1376K(69632K)] 356734K->288638K(761344K), 0.0018823 secs] [Times: user=0.01 sys=0.00, real=0.01 secs] 
803.518: [GC (Allocation Failure) [PSYoungGen: 69472K->1408K(69632K)] 356734K->288670K(761344K), 0.0021724 secs] [Times: user=0.00 sys=0.00, real=0.01 secs] 
803.709: [GC (Allocation Failure) [PSYoungGen: 69504K->1456K(69632K)] 356766K->288718K(761344K), 0.0014962 secs] [Times: user=0.00 sys=0.00, real=0.00 secs] 
803.830: [GC (Allocation Failure) [PSYoungGen: 69552K->1488K(69632K)] 356814K->288750K(761344K), 0.0015859 secs] [Times: user=0.01 sys=0.00, real=0.00 secs] 
803.949: [GC (Allocation Failure) [PSYoungGen: 69584K->1453K(73728K)] 356846K->288715K(765440K), 0.0016443 secs] [Times: user=0.01 sys=0.00, real=0.00 secs] 
804.151: [GC (Allocation Failure) [PSYoungGen: 73645K->1536K(73728K)] 360907K->288806K(765440K), 0.0017648 secs] [Times: user=0.01 sys=0.00, real=0.00 secs] 
804.889: [GC (Allocation Failure) [PSYoungGen: 73216K->1328K(72704K)] 360486K->288598K(764416K), 0.0025443 secs] [Times: user=0.02 sys=0.00, real=0.00 secs] 
805.693: [GC (Allocation Failure) [PSYoungGen: 72496K->1376K(72192K)] 359766K->288646K(763904K), 0.0038100 secs] [Times: user=0.01 sys=0.00, real=0.00 secs] 
806.335: [GC (Allocation Failure) [PSYoungGen: 72032K->1408K(71680K)] 359302K->288678K(763392K), 0.0028502 secs] [Times: user=0.01 sys=0.00, real=0.01 secs] 
806.953: [GC (Allocation Failure) [PSYoungGen: 71552K->1392K(71168K)] 358822K->288662K(762880K), 0.0027177 secs] [Times: user=0.01 sys=0.00, real=0.00 secs] 
807.143: [GC (Allocation Failure) [PSYoungGen: 71024K->1517K(70656K)] 358294K->288787K(762368K), 0.0015272 secs] [Times: user=0.00 sys=0.00, real=0.00 secs] 
807.267: [GC (Allocation Failure) [PSYoungGen: 70637K->1453K(70144K)] 357907K->288723K(761856K), 0.0016277 secs] [Times: user=0.01 sys=0.00, real=0.01 secs] 
807.392: [GC (Allocation Failure) [PSYoungGen: 70042K->1488K(69632K)] 357312K->288758K(761344K), 0.0014619 secs] [Times: user=0.01 sys=0.00, real=0.00 secs] 
807.994: [GC (Allocation Failure) [PSYoungGen: 69584K->1472K(69632K)] 356854K->288758K(761344K), 0.0025061 secs] [Times: user=0.01 sys=0.00, real=0.00 secs] 
809.031: [GC (Allocation Failure) [PSYoungGen: 69568K->1392K(70144K)] 356854K->288678K(761856K), 0.0034358 secs] [Times: user=0.01 sys=0.00, real=0.00 secs] 
809.630: [GC (Allocation Failure) [PSYoungGen: 69488K->1408K(70144K)] 356774K->288694K(761856K), 0.0026958 secs] [Times: user=0.01 sys=0.00, real=0.00 secs] 
810.395: [GC (Allocation Failure) [PSYoungGen: 69504K->1408K(70144K)] 356790K->288694K(761856K), 0.0028154 secs] [Times: user=0.01 sys=0.00, real=0.01 secs] 
811.087: [GC (Allocation Failure) [PSYoungGen: 69504K->1485K(70144K)] 356790K->288771K(761856K), 0.0021073 secs] [Times: user=0.01 sys=0.00, real=0.01 secs] 
811.232: [GC (Allocation Failure) [PSYoungGen: 69581K->1453K(70144K)] 356867K->288739K(761856K), 0.0015109 secs] [Times: user=0.01 sys=0.00, real=0.00 secs] 
811.353: [GC (Allocation Failure) [PSYoungGen: 69549K->1421K(70144K)] 356835K->288707K(761856K), 0.0016219 secs] [Times: user=0.01 sys=0.00, real=0.00 secs] 
811.472: [GC (Allocation Failure) [PSYoungGen: 69517K->1488K(70144K)] 356803K->288782K(761856K), 0.0014863 secs] [Times: user=0.01 sys=0.00, real=0.00 secs] 
811.685: [GC (Allocation Failure) [PSYoungGen: 69584K->1424K(70144K)] 356878K->288718K(761856K), 0.0018054 secs] [Times: user=0.01 sys=0.00, real=0.00 secs] 
811.968: [GC (Allocation Failure) [PSYoungGen: 69520K->1408K(70144K)] 356814K->288702K(761856K), 0.0016422 secs] [Times: user=0.01 sys=0.00, real=0.01 secs] 
812.395: [GC (Allocation Failure) [PSYoungGen: 69504K->1392K(70144K)] 356798K->288686K(761856K), 0.0016205 secs] [Times: user=0.01 sys=0.00, real=0.00 secs] 
812.935: [GC (Allocation Failure) [PSYoungGen: 69488K->1376K(70144K)] 356782K->288670K(761856K), 0.0020259 secs] [Times: user=0.01 sys=0.00, real=0.00 secs] 
813.440: [GC (Allocation Failure) [PSYoungGen: 69442K->1440K(69632K)] 356736K->288758K(761344K), 0.0026262 secs] [Times: user=0.01 sys=0.00, real=0.00 secs] 
813.604: [GC (Allocation Failure) [PSYoungGen: 69536K->1485K(69120K)] 356854K->288803K(760832K), 0.0015048 secs] [Times: user=0.01 sys=0.00, real=0.00 secs] 
813.723: [GC (Allocation Failure) [PSYoungGen: 69069K->1456K(69632K)] 356387K->288774K(761344K), 0.0014961 secs] [Times: user=0.00 sys=0.00, real=0.00 secs] 
813.842: [GC (Allocation Failure) [PSYoungGen: 69040K->1456K(69632K)] 356358K->288798K(761344K), 0.0014736 secs] [Times: user=0.00 sys=0.00, real=0.00 secs] 
814.220: [GC (Allocation Failure) [PSYoungGen: 69040K->1456K(69120K)] 356382K->288806K(760832K), 0.0025558 secs] [Times: user=0.01 sys=0.00, real=0.00 secs] 
814.501: [GC (Allocation Failure) [PSYoungGen: 69040K->1376K(68608K)] 356390K->288726K(760320K), 0.0019008 secs] [Times: user=0.01 sys=0.00, real=0.00 secs] 
814.780: [GC (Allocation Failure) [PSYoungGen: 68448K->1408K(68608K)] 355798K->288758K(760320K), 0.0020596 secs] [Times: user=0.00 sys=0.00, real=0.00 secs] 
815.126: [GC (Allocation Failure) [PSYoungGen: 68480K->1360K(68608K)] 355830K->288710K(760320K), 0.0020257 secs] [Times: user=0.01 sys=0.00, real=0.01 secs] 
815.442: [GC (Allocation Failure) [PSYoungGen: 68432K->1440K(68608K)] 355782K->288790K(760320K), 0.0019918 secs] [Times: user=0.01 sys=0.00, real=0.00 secs] 
815.574: [GC (Allocation Failure) [PSYoungGen: 68512K->1488K(68096K)] 355862K->288838K(759808K), 0.0016011 secs] [Times: user=0.00 sys=0.00, real=0.00 secs] 
815.690: [GC (Allocation Failure) [PSYoungGen: 68048K->1456K(68608K)] 355398K->288806K(760320K), 0.0016218 secs] [Times: user=0.01 sys=0.00, real=0.00 secs] 
815.807: [GC (Allocation Failure) [PSYoungGen: 68016K->1472K(75264K)] 355366K->288838K(766976K), 0.0017011 secs] [Times: user=0.00 sys=0.01, real=0.01 secs] 
817.048: [GC (Allocation Failure) [PSYoungGen: 74688K->1472K(74240K)] 362054K->288846K(765952K), 0.0033199 secs] [Times: user=0.01 sys=0.00, real=0.01 secs] 
817.666: [GC (Allocation Failure) [PSYoungGen: 74176K->1440K(73728K)] 361550K->288814K(765440K), 0.0026406 secs] [Times: user=0.01 sys=0.00, real=0.01 secs] 
818.581: [GC (Allocation Failure) [PSYoungGen: 73632K->1408K(73216K)] 361006K->288782K(764928K), 0.0024590 secs] [Times: user=0.01 sys=0.00, real=0.00 secs] 
819.243: [GC (Allocation Failure) [PSYoungGen: 73088K->384K(71680K)] 360462K->288782K(763392K), 0.0023190 secs] [Times: user=0.01 sys=0.00, real=0.00 secs] 
819.723: [GC (Allocation Failure) [PSYoungGen: 71552K->1469K(72704K)] 359950K->289867K(764416K), 0.0019884 secs] [Times: user=0.01 sys=0.00, real=0.00 secs] 
819.867: [GC (Allocation Failure) [PSYoungGen: 72125K->1488K(71680K)] 360523K->289886K(763392K), 0.0016348 secs] [Times: user=0.00 sys=0.00, real=0.01 secs] 
820.009: [GC (Allocation Failure) [PSYoungGen: 71620K->1517K(71168K)] 360019K->289916K(762880K), 0.0018019 secs] [Times: user=0.00 sys=0.00, real=0.00 secs] 
820.161: [GC (Allocation Failure) [PSYoungGen: 71149K->1517K(70656K)] 359548K->289932K(762368K), 0.0016609 secs] [Times: user=0.00 sys=0.00, real=0.00 secs] 
820.876: [GC (Allocation Failure) [PSYoungGen: 70637K->1440K(70144K)] 359052K->289862K(761856K), 0.0022378 secs] [Times: user=0.01 sys=0.00, real=0.01 secs] 
821.373: [GC (Allocation Failure) [PSYoungGen: 70048K->1344K(69632K)] 358470K->289766K(761344K), 0.0021581 secs] [Times: user=0.01 sys=0.00, real=0.00 secs] 
822.056: [GC (Allocation Failure) [PSYoungGen: 69440K->1376K(69632K)] 357862K->289798K(761344K), 0.0026960 secs] [Times: user=0.01 sys=0.00, real=0.01 secs] 
822.961: [GC (Allocation Failure) [PSYoungGen: 69472K->1344K(70144K)] 357894K->289766K(761856K), 0.0037584 secs] [Times: user=0.02 sys=0.00, real=0.00 secs] 
823.397: [GC (Allocation Failure) [PSYoungGen: 69440K->1549K(70144K)] 357862K->289972K(761856K), 0.0020496 secs] [Times: user=0.01 sys=0.00, real=0.01 secs] 
823.539: [GC (Allocation Failure) [PSYoungGen: 69645K->1488K(70144K)] 358068K->289910K(761856K), 0.0015886 secs] [Times: user=0.01 sys=0.00, real=0.00 secs] 
823.678: [GC (Allocation Failure) [PSYoungGen: 69584K->1453K(70144K)] 358006K->289875K(761856K), 0.0017726 secs] [Times: user=0.01 sys=0.00, real=0.01 secs] 
823.841: [GC (Allocation Failure) [PSYoungGen: 69549K->1485K(70144K)] 357971K->289915K(761856K), 0.0020938 secs] [Times: user=0.00 sys=0.00, real=0.00 secs] 
824.914: [GC (Allocation Failure) [PSYoungGen: 69581K->1440K(70144K)] 358011K->289894K(761856K), 0.0026278 secs] [Times: user=0.01 sys=0.00, real=0.00 secs] 
826.053: [GC (Allocation Failure) [PSYoungGen: 69536K->1376K(70144K)] 357990K->289830K(761856K), 0.0038995 secs] [Times: user=0.02 sys=0.00, real=0.00 secs] 
826.802: [GC (Allocation Failure) [PSYoungGen: 69472K->1328K(70144K)] 357926K->289782K(761856K), 0.0024861 secs] [Times: user=0.01 sys=0.00, real=0.00 secs] 
827.629: [GC (Allocation Failure) [PSYoungGen: 69424K->1344K(70144K)] 357878K->289806K(761856K), 0.0030980 secs] [Times: user=0.01 sys=0.00, real=0.00 secs] 
828.148: [GC (Allocation Failure) [PSYoungGen: 69440K->1485K(70144K)] 357902K->289947K(761856K), 0.0019945 secs] [Times: user=0.00 sys=0.00, real=0.00 secs] 
828.320: [GC (Allocation Failure) [PSYoungGen: 69581K->1549K(70144K)] 358043K->290012K(761856K), 0.0019307 secs] [Times: user=0.00 sys=0.00, real=0.00 secs] 
828.476: [GC (Allocation Failure) [PSYoungGen: 69645K->1453K(70144K)] 358108K->289915K(761856K), 0.0016997 secs] [Times: user=0.01 sys=0.00, real=0.01 secs] 
828.943: [GC (Allocation Failure) [PSYoungGen: 69549K->1600K(70144K)] 358011K->290070K(761856K), 0.0020014 secs] [Times: user=0.01 sys=0.00, real=0.00 secs] 
829.641: [GC (Allocation Failure) [PSYoungGen: 69696K->1376K(70144K)] 358166K->289846K(761856K), 0.0026162 secs] [Times: user=0.01 sys=0.00, real=0.00 secs] 
829.948: [GC (Allocation Failure) [PSYoungGen: 69472K->1408K(70144K)] 357942K->289878K(761856K), 0.0019141 secs] [Times: user=0.01 sys=0.00, real=0.01 secs] 
830.263: [GC (Allocation Failure) [PSYoungGen: 69504K->1360K(70144K)] 357974K->289830K(761856K), 0.0017499 secs] [Times: user=0.00 sys=0.01, real=0.00 secs] 
830.562: [GC (Allocation Failure) [PSYoungGen: 69456K->1408K(70144K)] 357926K->289878K(761856K), 0.0017454 secs] [Times: user=0.00 sys=0.00, real=0.00 secs] 
830.712: [GC (Allocation Failure) [PSYoungGen: 69484K->1488K(70144K)] 357954K->289958K(761856K), 0.0015833 secs] [Times: user=0.01 sys=0.00, real=0.00 secs] 
830.832: [GC (Allocation Failure) [PSYoungGen: 69584K->1456K(70144K)] 358054K->289926K(761856K), 0.0015320 secs] [Times: user=0.01 sys=0.00, real=0.00 secs] 
830.951: [GC (Allocation Failure) [PSYoungGen: 69552K->1520K(70144K)] 358022K->289990K(761856K), 0.0014637 secs] [Times: user=0.01 sys=0.00, real=0.00 secs] 
831.124: [GC (Allocation Failure) [PSYoungGen: 69616K->1952K(70144K)] 358086K->290422K(761856K), 0.0016763 secs] [Times: user=0.01 sys=0.01, real=0.00 secs] 
831.610: [GC (Allocation Failure) [PSYoungGen: 70048K->1376K(70144K)] 358518K->289846K(761856K), 0.0016382 secs] [Times: user=0.01 sys=0.00, real=0.00 secs] 
832.175: [GC (Allocation Failure) [PSYoungGen: 69472K->1376K(70144K)] 357942K->289846K(761856K), 0.0024781 secs] [Times: user=0.01 sys=0.00, real=0.00 secs] 
832.727: [GC (Allocation Failure) [PSYoungGen: 69472K->1376K(70144K)] 357942K->289862K(761856K), 0.0026187 secs] [Times: user=0.01 sys=0.00, real=0.01 secs] 
833.461: [GC (Allocation Failure) [PSYoungGen: 69312K->240K(70144K)] 357799K->288726K(761856K), 0.0025321 secs] [Times: user=0.01 sys=0.00, real=0.00 secs] 
833.653: [GC (Allocation Failure) [PSYoungGen: 68336K->1456K(70144K)] 356822K->289942K(761856K), 0.0015551 secs] [Times: user=0.01 sys=0.00, real=0.00 secs] 
833.773: [GC (Allocation Failure) [PSYoungGen: 69552K->1488K(70144K)] 358038K->289974K(761856K), 0.0014893 secs] [Times: user=0.00 sys=0.00, real=0.00 secs] 
833.892: [GC (Allocation Failure) [PSYoungGen: 69584K->1453K(70144K)] 358070K->289963K(761856K), 0.0015479 secs] [Times: user=0.01 sys=0.00, real=0.00 secs] 
834.192: [GC (Allocation Failure) [PSYoungGen: 69549K->1408K(70144K)] 358059K->289926K(761856K), 0.0018115 secs] [Times: user=0.01 sys=0.00, real=0.00 secs] 
834.808: [GC (Allocation Failure) [PSYoungGen: 69504K->1408K(70144K)] 358022K->289926K(761856K), 0.0021143 secs] [Times: user=0.01 sys=0.00, real=0.01 secs] 
835.235: [GC (Allocation Failure) [PSYoungGen: 69504K->1408K(70144K)] 358022K->289926K(761856K), 0.0028032 secs] [Times: user=0.01 sys=0.00, real=0.01 secs] 
835.529: [GC (Allocation Failure) [PSYoungGen: 69504K->1376K(70144K)] 358022K->289894K(761856K), 0.0019344 secs] [Times: user=0.00 sys=0.00, real=0.00 secs] 
835.912: [GC (Allocation Failure) [PSYoungGen: 69472K->1392K(70144K)] 357990K->289910K(761856K), 0.0021083 secs] [Times: user=0.01 sys=0.00, real=0.00 secs] 
836.062: [GC (Allocation Failure) [PSYoungGen: 69488K->1485K(70144K)] 358006K->290004K(761856K), 0.0016366 secs] [Times: user=0.01 sys=0.00, real=0.00 secs] 
836.180: [GC (Allocation Failure) [PSYoungGen: 69581K->1424K(70144K)] 358100K->289942K(761856K), 0.0015877 secs] [Times: user=0.01 sys=0.00, real=0.00 secs] 
836.299: [GC (Allocation Failure) [PSYoungGen: 69520K->1437K(70144K)] 358038K->289971K(761856K), 0.0015136 secs] [Times: user=0.01 sys=0.00, real=0.00 secs] 
836.551: [GC (Allocation Failure) [PSYoungGen: 69533K->1520K(69632K)] 358067K->290054K(761344K), 0.0016740 secs] [Times: user=0.01 sys=0.00, real=0.00 secs] 
837.282: [GC (Allocation Failure) [PSYoungGen: 69616K->1408K(69632K)] 358150K->289942K(761344K), 0.0035241 secs] [Times: user=0.01 sys=0.00, real=0.00 secs] 
837.903: [GC (Allocation Failure) [PSYoungGen: 69504K->1408K(69632K)] 358038K->289942K(761344K), 0.0026224 secs] [Times: user=0.00 sys=0.00, real=0.00 secs] 
838.522: [GC (Allocation Failure) [PSYoungGen: 69504K->1376K(69632K)] 358038K->289910K(761344K), 0.0028176 secs] [Times: user=0.01 sys=0.00, real=0.00 secs] 
838.985: [GC (Allocation Failure) [PSYoungGen: 69472K->1488K(69632K)] 358006K->290022K(761344K), 0.0022489 secs] [Times: user=0.01 sys=0.00, real=0.00 secs] 
839.147: [GC (Allocation Failure) [PSYoungGen: 69584K->1488K(69632K)] 358118K->290022K(761344K), 0.0017452 secs] [Times: user=0.00 sys=0.00, real=0.01 secs] 
839.266: [GC (Allocation Failure) [PSYoungGen: 69584K->1485K(69632K)] 358118K->290020K(761344K), 0.0015881 secs] [Times: user=0.01 sys=0.00, real=0.00 secs] 
839.385: [GC (Allocation Failure) [PSYoungGen: 69581K->1456K(73728K)] 358116K->290006K(765440K), 0.0016178 secs] [Times: user=0.00 sys=0.00, real=0.00 secs] 
839.819: [GC (Allocation Failure) [PSYoungGen: 73136K->1488K(72704K)] 361686K->290038K(764416K), 0.0022337 secs] [Times: user=0.01 sys=0.00, real=0.00 secs] 
840.596: [GC (Allocation Failure) [PSYoungGen: 72656K->1440K(72192K)] 361206K->289990K(763904K), 0.0037630 secs] [Times: user=0.01 sys=0.00, real=0.01 secs] 
841.311: [GC (Allocation Failure) [PSYoungGen: 72096K->1408K(71680K)] 360646K->289958K(763392K), 0.0025114 secs] [Times: user=0.01 sys=0.00, real=0.00 secs] 
841.937: [GC (Allocation Failure) [PSYoungGen: 71552K->1376K(71168K)] 360102K->289926K(762880K), 0.0026691 secs] [Times: user=0.01 sys=0.00, real=0.01 secs] 
842.499: [GC (Allocation Failure) [PSYoungGen: 71008K->1408K(70656K)] 359558K->289958K(762368K), 0.0019909 secs] [Times: user=0.00 sys=0.00, real=0.00 secs] 
842.641: [GC (Allocation Failure) [PSYoungGen: 70528K->1517K(70144K)] 359078K->290068K(761856K), 0.0016727 secs] [Times: user=0.00 sys=0.00, real=0.00 secs] 
842.761: [GC (Allocation Failure) [PSYoungGen: 70125K->1485K(69632K)] 358676K->290036K(761344K), 0.0016442 secs] [Times: user=0.01 sys=0.00, real=0.00 secs] 
842.880: [GC (Allocation Failure) [PSYoungGen: 69581K->1485K(69632K)] 358132K->290044K(761344K), 0.0015258 secs] [Times: user=0.01 sys=0.00, real=0.00 secs] 
843.128: [GC (Allocation Failure) [PSYoungGen: 69581K->1424K(69632K)] 358140K->290006K(761344K), 0.0017272 secs] [Times: user=0.01 sys=0.00, real=0.00 secs] 
843.412: [GC (Allocation Failure) [PSYoungGen: 69520K->1376K(69632K)] 358102K->289958K(761344K), 0.0017623 secs] [Times: user=0.01 sys=0.00, real=0.00 secs] 
843.699: [GC (Allocation Failure) [PSYoungGen: 69472K->1408K(69632K)] 358054K->289990K(761344K), 0.0015980 secs] [Times: user=0.01 sys=0.00, real=0.00 secs] 
843.982: [GC (Allocation Failure) [PSYoungGen: 69504K->1344K(69632K)] 358086K->289926K(761344K), 0.0016481 secs] [Times: user=0.01 sys=0.00, real=0.00 secs] 
844.419: [GC (Allocation Failure) [PSYoungGen: 69440K->1504K(69632K)] 358022K->290086K(761344K), 0.0014584 secs] [Times: user=0.01 sys=0.00, real=0.00 secs] 
844.538: [GC (Allocation Failure) [PSYoungGen: 69600K->1488K(69632K)] 358182K->290070K(761344K), 0.0016579 secs] [Times: user=0.01 sys=0.00, real=0.01 secs] 
844.657: [GC (Allocation Failure) [PSYoungGen: 69584K->1453K(70144K)] 358166K->290035K(761856K), 0.0014591 secs] [Times: user=0.00 sys=0.00, real=0.01 secs] 
844.776: [GC (Allocation Failure) [PSYoungGen: 69549K->1453K(70144K)] 358131K->290052K(761856K), 0.0016513 secs] [Times: user=0.01 sys=0.00, real=0.00 secs] 
845.277: [GC (Allocation Failure) [PSYoungGen: 69549K->1456K(69632K)] 358148K->290054K(761344K), 0.0019210 secs] [Times: user=0.01 sys=0.00, real=0.01 secs] 
845.853: [GC (Allocation Failure) [PSYoungGen: 69552K->1376K(69632K)] 358150K->289974K(761344K), 0.0022724 secs] [Times: user=0.01 sys=0.00, real=0.00 secs] 
846.197: [GC (Allocation Failure) [PSYoungGen: 69472K->1376K(69632K)] 358070K->289974K(761344K), 0.0022026 secs] [Times: user=0.01 sys=0.00, real=0.01 secs] 
846.727: [GC (Allocation Failure) [PSYoungGen: 69472K->1408K(69632K)] 358070K->290006K(761344K), 0.0024038 secs] [Times: user=0.01 sys=0.00, real=0.01 secs] 
847.086: [GC (Allocation Failure) [PSYoungGen: 69504K->1469K(69632K)] 358102K->290067K(761344K), 0.0017996 secs] [Times: user=0.01 sys=0.00, real=0.01 secs] 
847.212: [GC (Allocation Failure) [PSYoungGen: 69565K->1488K(69632K)] 358163K->290086K(761344K), 0.0016515 secs] [Times: user=0.01 sys=0.00, real=0.00 secs] 
847.331: [GC (Allocation Failure) [PSYoungGen: 69584K->1453K(69632K)] 358182K->290051K(761344K), 0.0015814 secs] [Times: user=0.00 sys=0.00, real=0.00 secs] 
847.450: [GC (Allocation Failure) [PSYoungGen: 69549K->1469K(73728K)] 358147K->290083K(765440K), 0.0014764 secs] [Times: user=0.01 sys=0.00, real=0.00 secs] 
848.153: [GC (Allocation Failure) [PSYoungGen: 73149K->1440K(72704K)] 361763K->290054K(764416K), 0.0019617 secs] [Times: user=0.01 sys=0.00, real=0.00 secs] 
848.530: [GC (Allocation Failure) [PSYoungGen: 72608K->1408K(72192K)] 361222K->290022K(763904K), 0.0020247 secs] [Times: user=0.01 sys=0.00, real=0.00 secs] 
849.097: [GC (Allocation Failure) [PSYoungGen: 72064K->1344K(71680K)] 360678K->289958K(763392K), 0.0019889 secs] [Times: user=0.00 sys=0.00, real=0.01 secs] 
849.806: [GC (Allocation Failure) [PSYoungGen: 71488K->1360K(71168K)] 360102K->289974K(762880K), 0.0026035 secs] [Times: user=0.01 sys=0.00, real=0.01 secs] 
850.153: [GC (Allocation Failure) [PSYoungGen: 70992K->1501K(70656K)] 359606K->290115K(762368K), 0.0018371 secs] [Times: user=0.00 sys=0.00, real=0.00 secs] 
850.279: [GC (Allocation Failure) [PSYoungGen: 70621K->1488K(70144K)] 359235K->290102K(761856K), 0.0015523 secs] [Times: user=0.01 sys=0.00, real=0.00 secs] 
850.399: [GC (Allocation Failure) [PSYoungGen: 70075K->1520K(69632K)] 358690K->290134K(761344K), 0.0014671 secs] [Times: user=0.01 sys=0.00, real=0.00 secs] 
850.519: [GC (Allocation Failure) [PSYoungGen: 68912K->224K(68608K)] 357527K->288846K(760320K), 0.0015549 secs] [Times: user=0.01 sys=0.00, real=0.00 secs] 
851.751: [GC (Allocation Failure) [PSYoungGen: 68320K->1376K(69632K)] 356942K->289998K(761344K), 0.0024720 secs] [Times: user=0.01 sys=0.00, real=0.00 secs] 
852.733: [GC (Allocation Failure) [PSYoungGen: 69472K->1376K(69632K)] 358094K->289998K(761344K), 0.0028107 secs] [Times: user=0.01 sys=0.00, real=0.00 secs] 
853.460: [GC (Allocation Failure) [PSYoungGen: 69472K->1376K(69632K)] 358094K->289998K(761344K), 0.0025808 secs] [Times: user=0.01 sys=0.00, real=0.00 secs] 
854.683: [GC (Allocation Failure) [PSYoungGen: 69472K->1408K(69632K)] 358094K->290030K(761344K), 0.0030796 secs] [Times: user=0.01 sys=0.00, real=0.00 secs] 
855.026: [GC (Allocation Failure) [PSYoungGen: 69504K->1517K(69632K)] 358126K->290180K(761344K), 0.0017819 secs] [Times: user=0.01 sys=0.00, real=0.00 secs] 
855.152: [GC (Allocation Failure) [PSYoungGen: 69613K->1453K(70144K)] 358276K->290124K(761856K), 0.0014587 secs] [Times: user=0.01 sys=0.00, real=0.00 secs] 
855.291: [GC (Allocation Failure) [PSYoungGen: 69549K->1485K(70144K)] 358220K->290156K(761856K), 0.0016564 secs] [Times: user=0.00 sys=0.01, real=0.00 secs] 
855.624: [GC (Allocation Failure) [PSYoungGen: 69581K->1568K(70144K)] 358252K->290246K(761856K), 0.0017860 secs] [Times: user=0.00 sys=0.00, real=0.00 secs] 
855.926: [GC (Allocation Failure) [PSYoungGen: 69664K->1408K(70144K)] 358342K->290086K(761856K), 0.0018550 secs] [Times: user=0.01 sys=0.00, real=0.00 secs] 
856.221: [GC (Allocation Failure) [PSYoungGen: 69504K->1312K(70144K)] 358182K->289998K(761856K), 0.0018223 secs] [Times: user=0.01 sys=0.01, real=0.00 secs] 
856.516: [GC (Allocation Failure) [PSYoungGen: 69408K->1376K(70144K)] 358094K->290070K(761856K), 0.0024390 secs] [Times: user=0.01 sys=0.00, real=0.01 secs] 
856.844: [GC (Allocation Failure) [PSYoungGen: 69472K->1376K(70144K)] 358166K->290070K(761856K), 0.0017640 secs] [Times: user=0.01 sys=0.00, real=0.00 secs] 
857.016: [GC (Allocation Failure) [PSYoungGen: 69472K->1485K(70144K)] 358166K->290180K(761856K), 0.0015903 secs] [Times: user=0.00 sys=0.00, real=0.01 secs] 
857.136: [GC (Allocation Failure) [PSYoungGen: 69581K->1520K(70144K)] 358276K->290214K(761856K), 0.0015730 secs] [Times: user=0.01 sys=0.00, real=0.00 secs] 
857.256: [GC (Allocation Failure) [PSYoungGen: 69616K->1485K(70144K)] 358310K->290188K(761856K), 0.0015060 secs] [Times: user=0.01 sys=0.00, real=0.00 secs] 
857.866: [GC (Allocation Failure) [PSYoungGen: 69581K->1936K(70144K)] 358284K->290638K(761856K), 0.0022661 secs] [Times: user=0.00 sys=0.00, real=0.00 secs] 
859.051: [GC (Allocation Failure) [PSYoungGen: 70032K->1376K(70144K)] 358734K->290078K(761856K), 0.0037214 secs] [Times: user=0.01 sys=0.00, real=0.00 secs] 
859.919: [GC (Allocation Failure) [PSYoungGen: 69472K->1408K(70144K)] 358174K->290110K(761856K), 0.0038006 secs] [Times: user=0.02 sys=0.01, real=0.00 secs] 
860.620: [GC (Allocation Failure) [PSYoungGen: 69504K->1376K(70144K)] 358206K->290078K(761856K), 0.0027255 secs] [Times: user=0.01 sys=0.00, real=0.00 secs] 
861.538: [GC (Allocation Failure) [PSYoungGen: 69330K->272K(70144K)] 358033K->288974K(761856K), 0.0026731 secs] [Times: user=0.01 sys=0.00, real=0.00 secs] 
861.748: [GC (Allocation Failure) [PSYoungGen: 68368K->1517K(70144K)] 357070K->290219K(761856K), 0.0017386 secs] [Times: user=0.00 sys=0.00, real=0.00 secs] 
861.868: [GC (Allocation Failure) [PSYoungGen: 69613K->1453K(70144K)] 358315K->290155K(761856K), 0.0014984 secs] [Times: user=0.00 sys=0.00, real=0.00 secs] 
861.987: [GC (Allocation Failure) [PSYoungGen: 69549K->1488K(70144K)] 358251K->290198K(761856K), 0.0017466 secs] [Times: user=0.01 sys=0.00, real=0.01 secs] 
862.808: [GC (Allocation Failure) [PSYoungGen: 69584K->1472K(70144K)] 358294K->290182K(761856K), 0.0030701 secs] [Times: user=0.01 sys=0.00, real=0.01 secs] 
863.717: [GC (Allocation Failure) [PSYoungGen: 69568K->1376K(70144K)] 358278K->290086K(761856K), 0.0029584 secs] [Times: user=0.01 sys=0.00, real=0.01 secs] 
864.354: [GC (Allocation Failure) [PSYoungGen: 69472K->1408K(70144K)] 358182K->290118K(761856K), 0.0021252 secs] [Times: user=0.01 sys=0.00, real=0.00 secs] 
864.655: [GC (Allocation Failure) [PSYoungGen: 69504K->1376K(70144K)] 358214K->290086K(761856K), 0.0019099 secs] [Times: user=0.01 sys=0.00, real=0.00 secs] 
865.309: [GC (Allocation Failure) [PSYoungGen: 69472K->1456K(70144K)] 358182K->290166K(761856K), 0.0020245 secs] [Times: user=0.01 sys=0.00, real=0.00 secs] 
865.446: [GC (Allocation Failure) [PSYoungGen: 69552K->1453K(70144K)] 358262K->290179K(761856K), 0.0017175 secs] [Times: user=0.01 sys=0.00, real=0.00 secs] 
865.583: [GC (Allocation Failure) [PSYoungGen: 69549K->1485K(70144K)] 358275K->290219K(761856K), 0.0018266 secs] [Times: user=0.01 sys=0.00, real=0.00 secs] 
865.738: [GC (Allocation Failure) [PSYoungGen: 69581K->1456K(70144K)] 358315K->290198K(761856K), 0.0014966 secs] [Times: user=0.01 sys=0.00, real=0.01 secs] 
866.797: [GC (Allocation Failure) [PSYoungGen: 69552K->1440K(70144K)] 358294K->290182K(761856K), 0.0039775 secs] [Times: user=0.02 sys=0.00, real=0.01 secs] 
868.777: [GC (Allocation Failure) [PSYoungGen: 69536K->1376K(70144K)] 358278K->290118K(761856K), 0.0047913 secs] [Times: user=0.02 sys=0.00, real=0.01 secs] 
869.806: [GC (Allocation Failure) [PSYoungGen: 69472K->1376K(70144K)] 358214K->290118K(761856K), 0.0029759 secs] [Times: user=0.01 sys=0.00, real=0.01 secs] 
870.536: [GC (Allocation Failure) [PSYoungGen: 69472K->1376K(70144K)] 358214K->290118K(761856K), 0.0026903 secs] [Times: user=0.01 sys=0.00, real=0.01 secs] 
871.582: [GC (Allocation Failure) [PSYoungGen: 69472K->1424K(70144K)] 358214K->290166K(761856K), 0.0029820 secs] [Times: user=0.01 sys=0.00, real=0.00 secs] 
871.820: [GC (Allocation Failure) [PSYoungGen: 69520K->1549K(70144K)] 358262K->290291K(761856K), 0.0020384 secs] [Times: user=0.00 sys=0.01, real=0.00 secs] 
871.996: [GC (Allocation Failure) [PSYoungGen: 69645K->1517K(70144K)] 358387K->290260K(761856K), 0.0020514 secs] [Times: user=0.01 sys=0.00, real=0.01 secs] 
872.164: [GC (Allocation Failure) [PSYoungGen: 69613K->1517K(70144K)] 358356K->290268K(761856K), 0.0021177 secs] [Times: user=0.00 sys=0.00, real=0.00 secs] 
872.742: [GC (Allocation Failure) [PSYoungGen: 69613K->1456K(70144K)] 358364K->290206K(761856K), 0.0023025 secs] [Times: user=0.00 sys=0.00, real=0.00 secs] 
873.567: [GC (Allocation Failure) [PSYoungGen: 69552K->1376K(70144K)] 358302K->290126K(761856K), 0.0034505 secs] [Times: user=0.01 sys=0.00, real=0.01 secs] 
874.469: [GC (Allocation Failure) [PSYoungGen: 69472K->1408K(70144K)] 358222K->290158K(761856K), 0.0033417 secs] [Times: user=0.02 sys=0.00, real=0.00 secs] 
875.313: [GC (Allocation Failure) [PSYoungGen: 69504K->1376K(70144K)] 358254K->290126K(761856K), 0.0024994 secs] [Times: user=0.01 sys=0.00, real=0.00 secs] 
875.862: [GC (Allocation Failure) [PSYoungGen: 69472K->1392K(70144K)] 358222K->290142K(761856K), 0.0023793 secs] [Times: user=0.01 sys=0.00, real=0.00 secs] 
876.025: [GC (Allocation Failure) [PSYoungGen: 69488K->1456K(70144K)] 358238K->290206K(761856K), 0.0015156 secs] [Times: user=0.00 sys=0.00, real=0.00 secs] 
876.145: [GC (Allocation Failure) [PSYoungGen: 69552K->1488K(70144K)] 358302K->290238K(761856K), 0.0014521 secs] [Times: user=0.01 sys=0.00, real=0.00 secs] 
876.264: [GC (Allocation Failure) [PSYoungGen: 69584K->1485K(70144K)] 358334K->290252K(761856K), 0.0015739 secs] [Times: user=0.01 sys=0.00, real=0.00 secs] 
876.502: [GC (Allocation Failure) [PSYoungGen: 69581K->1456K(70144K)] 358348K->290238K(761856K), 0.0017393 secs] [Times: user=0.00 sys=0.00, real=0.00 secs] 
876.822: [GC (Allocation Failure) [PSYoungGen: 69552K->1408K(70144K)] 358334K->290190K(761856K), 0.0016202 secs] [Times: user=0.01 sys=0.01, real=0.00 secs] 
877.140: [GC (Allocation Failure) [PSYoungGen: 69504K->1376K(70144K)] 358286K->290158K(761856K), 0.0018179 secs] [Times: user=0.01 sys=0.00, real=0.00 secs] 
877.422: [GC (Allocation Failure) [PSYoungGen: 69472K->1376K(70144K)] 358254K->290158K(761856K), 0.0017318 secs] [Times: user=0.01 sys=0.00, real=0.00 secs] 
877.747: [GC (Allocation Failure) [PSYoungGen: 69472K->1408K(70144K)] 358254K->290190K(761856K), 0.0022840 secs] [Times: user=0.01 sys=0.00, real=0.01 secs] 
877.941: [GC (Allocation Failure) [PSYoungGen: 69504K->1549K(70144K)] 358286K->290332K(761856K), 0.0019635 secs] [Times: user=0.01 sys=0.00, real=0.00 secs] 
878.069: [GC (Allocation Failure) [PSYoungGen: 69645K->1485K(70144K)] 358428K->290268K(761856K), 0.0015849 secs] [Times: user=0.01 sys=0.00, real=0.00 secs] 
878.189: [GC (Allocation Failure) [PSYoungGen: 69581K->1456K(70144K)] 358364K->290246K(761856K), 0.0014949 secs] [Times: user=0.00 sys=0.00, real=0.00 secs] 
878.451: [GC (Allocation Failure) [PSYoungGen: 69552K->1456K(70144K)] 358342K->290246K(761856K), 0.0022799 secs] [Times: user=0.01 sys=0.00, real=0.00 secs] 
878.758: [GC (Allocation Failure) [PSYoungGen: 69552K->1408K(70144K)] 358342K->290198K(761856K), 0.0018975 secs] [Times: user=0.01 sys=0.00, real=0.01 secs] 
879.064: [GC (Allocation Failure) [PSYoungGen: 69504K->1376K(70144K)] 358294K->290166K(761856K), 0.0031548 secs] [Times: user=0.01 sys=0.00, real=0.00 secs] 
879.527: [GC (Allocation Failure) [PSYoungGen: 69472K->1344K(70144K)] 358262K->290134K(761856K), 0.0017500 secs] [Times: user=0.00 sys=0.00, real=0.01 secs] 
879.990: [GC (Allocation Failure) [PSYoungGen: 69440K->1501K(70144K)] 358230K->290291K(761856K), 0.0025297 secs] [Times: user=0.01 sys=0.00, real=0.00 secs] 
880.219: [GC (Allocation Failure) [PSYoungGen: 69597K->1517K(70144K)] 358387K->290307K(761856K), 0.0021232 secs] [Times: user=0.01 sys=0.01, real=0.00 secs] 
880.402: [GC (Allocation Failure) [PSYoungGen: 69613K->1453K(70144K)] 358403K->290243K(761856K), 0.0019978 secs] [Times: user=0.01 sys=0.00, real=0.00 secs] 
880.586: [GC (Allocation Failure) [PSYoungGen: 69549K->1485K(70144K)] 358339K->290284K(761856K), 0.0022074 secs] [Times: user=0.00 sys=0.00, real=0.01 secs] 
881.116: [GC (Allocation Failure) [PSYoungGen: 69581K->1440K(70144K)] 358380K->290238K(761856K), 0.0038497 secs] [Times: user=0.02 sys=0.00, real=0.01 secs] 
881.774: [GC (Allocation Failure) [PSYoungGen: 69536K->1376K(70144K)] 358334K->290182K(761856K), 0.0026223 secs] [Times: user=0.01 sys=0.00, real=0.00 secs] 
882.390: [GC (Allocation Failure) [PSYoungGen: 69472K->1376K(70144K)] 358278K->290182K(761856K), 0.0024585 secs] [Times: user=0.01 sys=0.00, real=0.00 secs] 
882.894: [GC (Allocation Failure) [PSYoungGen: 69472K->1376K(70144K)] 358278K->290182K(761856K), 0.0029849 secs] [Times: user=0.01 sys=0.00, real=0.00 secs] 
883.138: [GC (Allocation Failure) [PSYoungGen: 69472K->1504K(70144K)] 358278K->290310K(761856K), 0.0015297 secs] [Times: user=0.00 sys=0.00, real=0.01 secs] 
883.257: [GC (Allocation Failure) [PSYoungGen: 69578K->1488K(70144K)] 358384K->290294K(761856K), 0.0014805 secs] [Times: user=0.01 sys=0.00, real=0.01 secs] 
883.375: [GC (Allocation Failure) [PSYoungGen: 69584K->1424K(70144K)] 358390K->290230K(761856K), 0.0014716 secs] [Times: user=0.00 sys=0.00, real=0.00 secs] 
883.494: [GC (Allocation Failure) [PSYoungGen: 69520K->1424K(70144K)] 358326K->290246K(761856K), 0.0015872 secs] [Times: user=0.00 sys=0.00, real=0.00 secs] 
884.676: [GC (Allocation Failure) [PSYoungGen: 69520K->1440K(70144K)] 358342K->290262K(761856K), 0.0027738 secs] [Times: user=0.01 sys=0.00, real=0.01 secs] 
885.725: [GC (Allocation Failure) [PSYoungGen: 69536K->1344K(70144K)] 358358K->290166K(761856K), 0.0026160 secs] [Times: user=0.01 sys=0.00, real=0.00 secs] 
886.761: [GC (Allocation Failure) [PSYoungGen: 69440K->1344K(70144K)] 358262K->290166K(761856K), 0.0030418 secs] [Times: user=0.01 sys=0.00, real=0.00 secs] 
887.187: [GC (Allocation Failure) [PSYoungGen: 69440K->1408K(70144K)] 358262K->290238K(761856K), 0.0019337 secs] [Times: user=0.01 sys=0.00, real=0.01 secs] 
887.413: [GC (Allocation Failure) [PSYoungGen: 69504K->1453K(70144K)] 358334K->290283K(761856K), 0.0015757 secs] [Times: user=0.00 sys=0.00, real=0.00 secs] 
887.533: [GC (Allocation Failure) [PSYoungGen: 69536K->1488K(70144K)] 358367K->290318K(761856K), 0.0016549 secs] [Times: user=0.01 sys=0.00, real=0.00 secs] 
887.654: [GC (Allocation Failure) [PSYoungGen: 69584K->1453K(70144K)] 358414K->290283K(761856K), 0.0014552 secs] [Times: user=0.01 sys=0.00, real=0.00 secs] 
887.775: [GC (Allocation Failure) [PSYoungGen: 69549K->1453K(70144K)] 358379K->290291K(761856K), 0.0016462 secs] [Times: user=0.00 sys=0.00, real=0.00 secs] 
888.238: [GC (Allocation Failure) [PSYoungGen: 69549K->1456K(70144K)] 358387K->290294K(761856K), 0.0019280 secs] [Times: user=0.01 sys=0.00, real=0.00 secs] 
888.805: [GC (Allocation Failure) [PSYoungGen: 69552K->1408K(70144K)] 358390K->290246K(761856K), 0.0018928 secs] [Times: user=0.00 sys=0.00, real=0.00 secs] 
889.394: [GC (Allocation Failure) [PSYoungGen: 69504K->1408K(69632K)] 358342K->290246K(761344K), 0.0022019 secs] [Times: user=0.01 sys=0.00, real=0.00 secs] 
889.925: [GC (Allocation Failure) [PSYoungGen: 69504K->1392K(69632K)] 358342K->290230K(761344K), 0.0025782 secs] [Times: user=0.01 sys=0.00, real=0.00 secs] 
890.158: [GC (Allocation Failure) [PSYoungGen: 69488K->1469K(69632K)] 358326K->290307K(761344K), 0.0014941 secs] [Times: user=0.00 sys=0.00, real=0.00 secs] 
890.278: [GC (Allocation Failure) [PSYoungGen: 69565K->1453K(69632K)] 358403K->290291K(761344K), 0.0014714 secs] [Times: user=0.01 sys=0.00, real=0.00 secs] 
890.399: [GC (Allocation Failure) [PSYoungGen: 69549K->1453K(69632K)] 358387K->290291K(761344K), 0.0016743 secs] [Times: user=0.00 sys=0.00, real=0.00 secs] 
890.519: [GC (Allocation Failure) [PSYoungGen: 69549K->1488K(69120K)] 358387K->290342K(760832K), 0.0016369 secs] [Times: user=0.01 sys=0.00, real=0.00 secs] 
891.273: [GC (Allocation Failure) [PSYoungGen: 69072K->1440K(69120K)] 357926K->290294K(760832K), 0.0021585 secs] [Times: user=0.00 sys=0.00, real=0.00 secs] 
892.115: [GC (Allocation Failure) [PSYoungGen: 69024K->1344K(68608K)] 357878K->290198K(760320K), 0.0024945 secs] [Times: user=0.01 sys=0.00, real=0.00 secs] 
892.867: [GC (Allocation Failure) [PSYoungGen: 68416K->1328K(69120K)] 357270K->290198K(760832K), 0.0032529 secs] [Times: user=0.01 sys=0.00, real=0.01 secs] 
893.732: [GC (Allocation Failure) [PSYoungGen: 68400K->1376K(69120K)] 357270K->290246K(760832K), 0.0032173 secs] [Times: user=0.01 sys=0.00, real=0.00 secs] 
894.189: [GC (Allocation Failure) [PSYoungGen: 68448K->1472K(69120K)] 357318K->290342K(760832K), 0.0019464 secs] [Times: user=0.00 sys=0.00, real=0.00 secs] 
894.325: [GC (Allocation Failure) [PSYoungGen: 68544K->1424K(69120K)] 357414K->290294K(760832K), 0.0014777 secs] [Times: user=0.00 sys=0.00, real=0.00 secs] 
894.442: [GC (Allocation Failure) [PSYoungGen: 68478K->1453K(69120K)] 357349K->290324K(760832K), 0.0016402 secs] [Times: user=0.00 sys=0.00, real=0.00 secs] 
894.559: [GC (Allocation Failure) [PSYoungGen: 68525K->1453K(69120K)] 357396K->290340K(760832K), 0.0015015 secs] [Times: user=0.01 sys=0.00, real=0.00 secs] 
894.988: [GC (Allocation Failure) [PSYoungGen: 68525K->1440K(68608K)] 357412K->290326K(760320K), 0.0021583 secs] [Times: user=0.01 sys=0.00, real=0.01 secs] 
895.683: [GC (Allocation Failure) [PSYoungGen: 68512K->1360K(68608K)] 357398K->290246K(760320K), 0.0022188 secs] [Times: user=0.01 sys=0.00, real=0.00 secs] 
896.513: [GC (Allocation Failure) [PSYoungGen: 68432K->1408K(68608K)] 357318K->290294K(760320K), 0.0024954 secs] [Times: user=0.01 sys=0.01, real=0.00 secs] 
897.306: [GC (Allocation Failure) [PSYoungGen: 68480K->1376K(68608K)] 357366K->290262K(760320K), 0.0026614 secs] [Times: user=0.01 sys=0.00, real=0.01 secs] 
897.855: [GC (Allocation Failure) [PSYoungGen: 68448K->1501K(68608K)] 357334K->290387K(760320K), 0.0021441 secs] [Times: user=0.01 sys=0.00, real=0.00 secs] 
898.003: [GC (Allocation Failure) [PSYoungGen: 68573K->1488K(69120K)] 357459K->290374K(760832K), 0.0015478 secs] [Times: user=0.01 sys=0.00, real=0.00 secs] 
898.139: [GC (Allocation Failure) [PSYoungGen: 68542K->1517K(69120K)] 357428K->290404K(760832K), 0.0015886 secs] [Times: user=0.01 sys=0.00, real=0.00 secs] 
898.286: [GC (Allocation Failure) [PSYoungGen: 68589K->1488K(69120K)] 357476K->290382K(760832K), 0.0017154 secs] [Times: user=0.01 sys=0.00, real=0.01 secs] 
899.124: [GC (Allocation Failure) [PSYoungGen: 68560K->1408K(69120K)] 357454K->290302K(760832K), 0.0029450 secs] [Times: user=0.01 sys=0.00, real=0.00 secs] 
899.703: [GC (Allocation Failure) [PSYoungGen: 68480K->1408K(69120K)] 357374K->290302K(760832K), 0.0024329 secs] [Times: user=0.01 sys=0.00, real=0.00 secs] 
899.997: [GC (Allocation Failure) [PSYoungGen: 68480K->1344K(69120K)] 357374K->290238K(760832K), 0.0019918 secs] [Times: user=0.01 sys=0.00, real=0.01 secs] 
900.275: [GC (Allocation Failure) [PSYoungGen: 68416K->1376K(69120K)] 357310K->290270K(760832K), 0.0018621 secs] [Times: user=0.01 sys=0.00, real=0.00 secs] 
900.646: [GC (Allocation Failure) [PSYoungGen: 68448K->1501K(69120K)] 357342K->290395K(760832K), 0.0017860 secs] [Times: user=0.01 sys=0.00, real=0.00 secs] 
900.765: [GC (Allocation Failure) [PSYoungGen: 68573K->1453K(69120K)] 357467K->290347K(760832K), 0.0016065 secs] [Times: user=0.00 sys=0.00, real=0.00 secs] 
900.883: [GC (Allocation Failure) [PSYoungGen: 68525K->1456K(69120K)] 357419K->290350K(760832K), 0.0015980 secs] [Times: user=0.01 sys=0.00, real=0.00 secs] 
901.001: [GC (Allocation Failure) [PSYoungGen: 68528K->1456K(69120K)] 357422K->290366K(760832K), 0.0017326 secs] [Times: user=0.01 sys=0.00, real=0.00 secs] 
901.725: [GC (Allocation Failure) [PSYoungGen: 68528K->1408K(69120K)] 357438K->290318K(760832K), 0.0022948 secs] [Times: user=0.01 sys=0.00, real=0.00 secs] 
902.411: [GC (Allocation Failure) [PSYoungGen: 68480K->1344K(69120K)] 357390K->290254K(760832K), 0.0022097 secs] [Times: user=0.01 sys=0.00, real=0.00 secs] 
903.209: [GC (Allocation Failure) [PSYoungGen: 68416K->1360K(69120K)] 357326K->290286K(760832K), 0.0026037 secs] [Times: user=0.01 sys=0.00, real=0.00 secs] 
903.962: [GC (Allocation Failure) [PSYoungGen: 68432K->1344K(69120K)] 357358K->290270K(760832K), 0.0022090 secs] [Times: user=0.01 sys=0.00, real=0.00 secs] 
904.703: [GC (Allocation Failure) [PSYoungGen: 68416K->1469K(69120K)] 357342K->290395K(760832K), 0.0020479 secs] [Times: user=0.01 sys=0.00, real=0.00 secs] 
904.848: [GC (Allocation Failure) [PSYoungGen: 68541K->1456K(69120K)] 357467K->290382K(760832K), 0.0016337 secs] [Times: user=0.00 sys=0.00, real=0.00 secs] 
904.967: [GC (Allocation Failure) [PSYoungGen: 68528K->1488K(69120K)] 357454K->290414K(760832K), 0.0016061 secs] [Times: user=0.01 sys=0.00, real=0.01 secs] 
905.084: [GC (Allocation Failure) [PSYoungGen: 68560K->1453K(69120K)] 357486K->290388K(760832K), 0.0014752 secs] [Times: user=0.01 sys=0.00, real=0.00 secs] 
905.349: [GC (Allocation Failure) [PSYoungGen: 68525K->1440K(69120K)] 357460K->290374K(760832K), 0.0017816 secs] [Times: user=0.01 sys=0.00, real=0.00 secs] 
905.627: [GC (Allocation Failure) [PSYoungGen: 68512K->1408K(69120K)] 357446K->290342K(760832K), 0.0017060 secs] [Times: user=0.00 sys=0.00, real=0.01 secs] 
905.906: [GC (Allocation Failure) [PSYoungGen: 68480K->1392K(69120K)] 357414K->290326K(760832K), 0.0016915 secs] [Times: user=0.00 sys=0.00, real=0.00 secs] 
906.184: [GC (Allocation Failure) [PSYoungGen: 68464K->1376K(69120K)] 357398K->290310K(760832K), 0.0018369 secs] [Times: user=0.00 sys=0.00, real=0.00 secs] 
906.503: [GC (Allocation Failure) [PSYoungGen: 68448K->1389K(68608K)] 357382K->290323K(760320K), 0.0018344 secs] [Times: user=0.01 sys=0.00, real=0.00 secs] 
906.654: [GC (Allocation Failure) [PSYoungGen: 68438K->1517K(68096K)] 357373K->290452K(759808K), 0.0019803 secs] [Times: user=0.01 sys=0.00, real=0.00 secs] 
906.814: [GC (Allocation Failure) [PSYoungGen: 68077K->1549K(68608K)] 357012K->290484K(760320K), 0.0020556 secs] [Times: user=0.00 sys=0.00, real=0.00 secs] 
906.990: [GC (Allocation Failure) [PSYoungGen: 68091K->1421K(68608K)] 357026K->290363K(760320K), 0.0022515 secs] [Times: user=0.01 sys=0.00, real=0.00 secs] 
907.381: [GC (Allocation Failure) [PSYoungGen: 67981K->1472K(68608K)] 356923K->290414K(760320K), 0.0027165 secs] [Times: user=0.01 sys=0.00, real=0.00 secs] 
907.908: [GC (Allocation Failure) [PSYoungGen: 68032K->1376K(68608K)] 356974K->290318K(760320K), 0.0024112 secs] [Times: user=0.01 sys=0.00, real=0.01 secs] 
908.448: [GC (Allocation Failure) [PSYoungGen: 67936K->1344K(68608K)] 356878K->290286K(760320K), 0.0024982 secs] [Times: user=0.01 sys=0.00, real=0.00 secs] 
908.940: [GC (Allocation Failure) [PSYoungGen: 67904K->1376K(68608K)] 356846K->290318K(760320K), 0.0022789 secs] [Times: user=0.01 sys=0.00, real=0.00 secs] 
909.219: [GC (Allocation Failure) [PSYoungGen: 67924K->1408K(68608K)] 356867K->290350K(760320K), 0.0017157 secs] [Times: user=0.01 sys=0.00, real=0.00 secs] 
909.338: [GC (Allocation Failure) [PSYoungGen: 67968K->1456K(68608K)] 356910K->290398K(760320K), 0.0016132 secs] [Times: user=0.01 sys=0.00, real=0.00 secs] 
909.455: [GC (Allocation Failure) [PSYoungGen: 68015K->1488K(68608K)] 356958K->290430K(760320K), 0.0014401 secs] [Times: user=0.00 sys=0.00, real=0.00 secs] 
909.589: [GC (Allocation Failure) [PSYoungGen: 68048K->1485K(68608K)] 356990K->290435K(760320K), 0.0018418 secs] [Times: user=0.00 sys=0.00, real=0.00 secs] 
909.961: [GC (Allocation Failure) [PSYoungGen: 68045K->1456K(68608K)] 356995K->290406K(760320K), 0.0019236 secs] [Times: user=0.01 sys=0.00, real=0.00 secs] 
910.519: [GC (Allocation Failure) [PSYoungGen: 68016K->1376K(68608K)] 356966K->290326K(760320K), 0.0020840 secs] [Times: user=0.01 sys=0.00, real=0.00 secs] 
911.095: [GC (Allocation Failure) [PSYoungGen: 67936K->1376K(68608K)] 356886K->290326K(760320K), 0.0038134 secs] [Times: user=0.01 sys=0.00, real=0.01 secs] 
911.550: [GC (Allocation Failure) [PSYoungGen: 67936K->1376K(68608K)] 356886K->290326K(760320K), 0.0022099 secs] [Times: user=0.01 sys=0.00, real=0.00 secs] 
911.896: [GC (Allocation Failure) [PSYoungGen: 67936K->1469K(68608K)] 356886K->290419K(760320K), 0.0021428 secs] [Times: user=0.01 sys=0.00, real=0.01 secs] 
912.050: [GC (Allocation Failure) [PSYoungGen: 68029K->1485K(68608K)] 356979K->290436K(760320K), 0.0015989 secs] [Times: user=0.01 sys=0.00, real=0.00 secs] 
912.166: [GC (Allocation Failure) [PSYoungGen: 68027K->1485K(68608K)] 356977K->290436K(760320K), 0.0014881 secs] [Times: user=0.01 sys=0.00, real=0.01 secs] 
912.283: [GC (Allocation Failure) [PSYoungGen: 68045K->1424K(68608K)] 356996K->290398K(760320K), 0.0014916 secs] [Times: user=0.01 sys=0.00, real=0.00 secs] 
912.766: [GC (Allocation Failure) [PSYoungGen: 67984K->1488K(68608K)] 356958K->290462K(760320K), 0.0024655 secs] [Times: user=0.01 sys=0.00, real=0.01 secs] 
913.805: [GC (Allocation Failure) [PSYoungGen: 68048K->1408K(68608K)] 357022K->290382K(760320K), 0.0025474 secs] [Times: user=0.01 sys=0.00, real=0.00 secs] 
914.290: [GC (Allocation Failure) [PSYoungGen: 67968K->1408K(68608K)] 356942K->290382K(760320K), 0.0022150 secs] [Times: user=0.01 sys=0.00, real=0.00 secs] 
915.016: [GC (Allocation Failure) [PSYoungGen: 67968K->1344K(68608K)] 356942K->290318K(760320K), 0.0029047 secs] [Times: user=0.01 sys=0.00, real=0.01 secs] 
915.728: [GC (Allocation Failure) [PSYoungGen: 67904K->1456K(68608K)] 356878K->290430K(760320K), 0.0025992 secs] [Times: user=0.01 sys=0.00, real=0.01 secs] 
915.905: [GC (Allocation Failure) [PSYoungGen: 68016K->1456K(68608K)] 356990K->290430K(760320K), 0.0014763 secs] [Times: user=0.01 sys=0.00, real=0.00 secs] 
916.023: [GC (Allocation Failure) [PSYoungGen: 68016K->1520K(68608K)] 356990K->290494K(760320K), 0.0014870 secs] [Times: user=0.00 sys=0.00, real=0.00 secs] 
916.140: [GC (Allocation Failure) [PSYoungGen: 68080K->1453K(68608K)] 357054K->290435K(760320K), 0.0014852 secs] [Times: user=0.01 sys=0.00, real=0.00 secs] 
916.595: [GC (Allocation Failure) [PSYoungGen: 68013K->1472K(68608K)] 356995K->290454K(760320K), 0.0020731 secs] [Times: user=0.01 sys=0.01, real=0.00 secs] 
917.757: [GC (Allocation Failure) [PSYoungGen: 68032K->1408K(68608K)] 357014K->290390K(760320K), 0.0024790 secs] [Times: user=0.01 sys=0.00, real=0.01 secs] 
918.721: [GC (Allocation Failure) [PSYoungGen: 67968K->1360K(68608K)] 356950K->290342K(760320K), 0.0036200 secs] [Times: user=0.01 sys=0.00, real=0.00 secs] 
919.821: [GC (Allocation Failure) [PSYoungGen: 67920K->1376K(68608K)] 356902K->290358K(760320K), 0.0033817 secs] [Times: user=0.01 sys=0.00, real=0.00 secs] 
920.611: [GC (Allocation Failure) [PSYoungGen: 67936K->1408K(68608K)] 356918K->290390K(760320K), 0.0029148 secs] [Times: user=0.01 sys=0.00, real=0.00 secs] 
920.863: [GC (Allocation Failure) [PSYoungGen: 67968K->1517K(68608K)] 356950K->290500K(760320K), 0.0018890 secs] [Times: user=0.01 sys=0.00, real=0.00 secs] 
920.983: [GC (Allocation Failure) [PSYoungGen: 68074K->1485K(68608K)] 357057K->290468K(760320K), 0.0014924 secs] [Times: user=0.01 sys=0.00, real=0.00 secs] 
921.102: [GC (Allocation Failure) [PSYoungGen: 68045K->1453K(68608K)] 357028K->290459K(760320K), 0.0015720 secs] [Times: user=0.01 sys=0.00, real=0.00 secs] 
921.310: [GC (Allocation Failure) [PSYoungGen: 68013K->1664K(68608K)] 357019K->290670K(760320K), 0.0018011 secs] [Times: user=0.01 sys=0.00, real=0.00 secs] 
921.956: [GC (Allocation Failure) [PSYoungGen: 68224K->1344K(68608K)] 357230K->290350K(760320K), 0.0017462 secs] [Times: user=0.00 sys=0.01, real=0.00 secs] 
922.553: [GC (Allocation Failure) [PSYoungGen: 67904K->1376K(68608K)] 356910K->290382K(760320K), 0.0022350 secs] [Times: user=0.01 sys=0.00, real=0.00 secs] 
922.974: [GC (Allocation Failure) [PSYoungGen: 67936K->1344K(68608K)] 356942K->290350K(760320K), 0.0019422 secs] [Times: user=0.00 sys=0.00, real=0.00 secs] 
923.254: [GC (Allocation Failure) [PSYoungGen: 67904K->1376K(68608K)] 356910K->290382K(760320K), 0.0026316 secs] [Times: user=0.01 sys=0.00, real=0.00 secs] 
923.438: [GC (Allocation Failure) [PSYoungGen: 67936K->1488K(68608K)] 356942K->290494K(760320K), 0.0014712 secs] [Times: user=0.00 sys=0.00, real=0.01 secs] 
923.554: [GC (Allocation Failure) [PSYoungGen: 68048K->1453K(68608K)] 357054K->290459K(760320K), 0.0015415 secs] [Times: user=0.01 sys=0.00, real=0.00 secs] 
923.670: [GC (Allocation Failure) [PSYoungGen: 68013K->1488K(68608K)] 357019K->290510K(760320K), 0.0014747 secs] [Times: user=0.00 sys=0.01, real=0.00 secs] 
923.786: [GC (Allocation Failure) [PSYoungGen: 68048K->1485K(68608K)] 357070K->290524K(760320K), 0.0015592 secs] [Times: user=0.01 sys=0.00, real=0.00 secs] 
924.326: [GC (Allocation Failure) [PSYoungGen: 68045K->1440K(68096K)] 357084K->290478K(759808K), 0.0025066 secs] [Times: user=0.00 sys=0.00, real=0.01 secs] 
924.910: [GC (Allocation Failure) [PSYoungGen: 68000K->1392K(68096K)] 357038K->290430K(759808K), 0.0026112 secs] [Times: user=0.01 sys=0.00, real=0.00 secs] 
925.463: [GC (Allocation Failure) [PSYoungGen: 67952K->1312K(68096K)] 356990K->290350K(759808K), 0.0024936 secs] [Times: user=0.01 sys=0.00, real=0.00 secs] 
925.737: [GC (Allocation Failure) [PSYoungGen: 67872K->1408K(68096K)] 356910K->290454K(759808K), 0.0019927 secs] [Times: user=0.01 sys=0.00, real=0.01 secs] 
925.932: [GC (Allocation Failure) [PSYoungGen: 67968K->1453K(68096K)] 357014K->290500K(759808K), 0.0015857 secs] [Times: user=0.01 sys=0.00, real=0.00 secs] 
926.048: [GC (Allocation Failure) [PSYoungGen: 68013K->1501K(68096K)] 357060K->290547K(759808K), 0.0016847 secs] [Times: user=0.00 sys=0.00, real=0.01 secs] 
926.184: [GC (Allocation Failure) [PSYoungGen: 68061K->1485K(68096K)] 357107K->290539K(759808K), 0.0016369 secs] [Times: user=0.00 sys=0.00, real=0.00 secs] 
926.330: [GC (Allocation Failure) [PSYoungGen: 68045K->1469K(72192K)] 357099K->290523K(763904K), 0.0019304 secs] [Times: user=0.01 sys=0.00, real=0.00 secs] 
927.030: [GC (Allocation Failure) [PSYoungGen: 71613K->1440K(71168K)] 360667K->290494K(762880K), 0.0022973 secs] [Times: user=0.00 sys=0.00, real=0.00 secs] 
927.608: [GC (Allocation Failure) [PSYoungGen: 71072K->1344K(70656K)] 360126K->290398K(762368K), 0.0031383 secs] [Times: user=0.01 sys=0.00, real=0.00 secs] 
927.962: [GC (Allocation Failure) [PSYoungGen: 70464K->1376K(70144K)] 359518K->290430K(761856K), 0.0019802 secs] [Times: user=0.01 sys=0.00, real=0.00 secs] 
928.248: [GC (Allocation Failure) [PSYoungGen: 69984K->1376K(69632K)] 359038K->290430K(761344K), 0.0029771 secs] [Times: user=0.01 sys=0.00, real=0.00 secs] 
928.521: [GC (Allocation Failure) [PSYoungGen: 69472K->1421K(69632K)] 358526K->290475K(761344K), 0.0018146 secs] [Times: user=0.01 sys=0.00, real=0.00 secs] 
928.686: [GC (Allocation Failure) [PSYoungGen: 69517K->1517K(69632K)] 358571K->290571K(761344K), 0.0021076 secs] [Times: user=0.01 sys=0.00, real=0.01 secs] 
928.868: [GC (Allocation Failure) [PSYoungGen: 69613K->1517K(72192K)] 358667K->290571K(763904K), 0.0024665 secs] [Times: user=0.01 sys=0.00, real=0.00 secs] 
929.034: [GC (Allocation Failure) [PSYoungGen: 71488K->288K(70656K)] 360543K->289342K(762368K), 0.0014775 secs] [Times: user=0.01 sys=0.00, real=0.00 secs] 
929.882: [GC (Allocation Failure) [PSYoungGen: 70432K->1408K(71168K)] 359486K->290462K(762880K), 0.0035229 secs] [Times: user=0.01 sys=0.00, real=0.00 secs] 
930.701: [GC (Allocation Failure) [PSYoungGen: 71040K->1408K(70656K)] 360094K->290462K(762368K), 0.0034786 secs] [Times: user=0.01 sys=0.00, real=0.00 secs] 
931.431: [GC (Allocation Failure) [PSYoungGen: 70528K->1344K(70144K)] 359582K->290398K(761856K), 0.0025289 secs] [Times: user=0.01 sys=0.00, real=0.00 secs] 
931.871: [GC (Allocation Failure) [PSYoungGen: 69952K->1344K(69632K)] 359006K->290398K(761344K), 0.0020731 secs] [Times: user=0.01 sys=0.00, real=0.00 secs] 
932.031: [GC (Allocation Failure) [PSYoungGen: 69440K->1485K(70144K)] 358494K->290540K(761856K), 0.0015845 secs] [Times: user=0.00 sys=0.00, real=0.00 secs] 
932.151: [GC (Allocation Failure) [PSYoungGen: 69581K->1456K(70144K)] 358636K->290510K(761856K), 0.0015354 secs] [Times: user=0.01 sys=0.00, real=0.00 secs] 
932.271: [GC (Allocation Failure) [PSYoungGen: 69552K->1501K(70144K)] 358606K->290555K(761856K), 0.0014514 secs] [Times: user=0.01 sys=0.00, real=0.00 secs] 
932.456: [GC (Allocation Failure) [PSYoungGen: 69597K->1440K(70144K)] 358651K->290502K(761856K), 0.0016819 secs] [Times: user=0.01 sys=0.00, real=0.00 secs] 
933.026: [GC (Allocation Failure) [PSYoungGen: 69536K->1472K(70144K)] 358598K->290558K(761856K), 0.0017568 secs] [Times: user=0.01 sys=0.00, real=0.00 secs] 
933.571: [GC (Allocation Failure) [PSYoungGen: 69568K->1376K(70144K)] 358654K->290462K(761856K), 0.0032453 secs] [Times: user=0.02 sys=0.00, real=0.00 secs] 
933.936: [GC (Allocation Failure) [PSYoungGen: 69472K->1376K(70144K)] 358558K->290462K(761856K), 0.0019049 secs] [Times: user=0.01 sys=0.00, real=0.01 secs] 
934.293: [GC (Allocation Failure) [PSYoungGen: 69472K->1392K(70144K)] 358558K->290478K(761856K), 0.0018501 secs] [Times: user=0.01 sys=0.00, real=0.00 secs] 
934.465: [GC (Allocation Failure) [PSYoungGen: 69488K->1453K(70144K)] 358574K->290539K(761856K), 0.0019944 secs] [Times: user=0.01 sys=0.00, real=0.00 secs] 
934.619: [GC (Allocation Failure) [PSYoungGen: 69549K->1453K(70144K)] 358635K->290540K(761856K), 0.0015981 secs] [Times: user=0.01 sys=0.00, real=0.00 secs] 
934.756: [GC (Allocation Failure) [PSYoungGen: 69549K->1488K(70144K)] 358636K->290582K(761856K), 0.0017751 secs] [Times: user=0.01 sys=0.00, real=0.01 secs] 
935.016: [GC (Allocation Failure) [PSYoungGen: 69584K->1472K(70144K)] 358678K->290566K(761856K), 0.0023843 secs] [Times: user=0.01 sys=0.00, real=0.01 secs] 
935.516: [GC (Allocation Failure) [PSYoungGen: 69568K->1376K(70144K)] 358662K->290470K(761856K), 0.0028696 secs] [Times: user=0.01 sys=0.00, real=0.01 secs] 
936.034: [GC (Allocation Failure) [PSYoungGen: 69472K->1376K(70144K)] 358566K->290470K(761856K), 0.0028923 secs] [Times: user=0.01 sys=0.00, real=0.00 secs] 
936.470: [GC (Allocation Failure) [PSYoungGen: 69472K->1376K(70144K)] 358566K->290470K(761856K), 0.0024521 secs] [Times: user=0.01 sys=0.00, real=0.00 secs] 
936.897: [GC (Allocation Failure) [PSYoungGen: 69472K->1392K(70144K)] 358566K->290486K(761856K), 0.0021018 secs] [Times: user=0.00 sys=0.00, real=0.01 secs] 
937.045: [GC (Allocation Failure) [PSYoungGen: 69488K->1456K(70144K)] 358582K->290550K(761856K), 0.0016386 secs] [Times: user=0.01 sys=0.00, real=0.00 secs] 
937.166: [GC (Allocation Failure) [PSYoungGen: 69552K->1488K(70144K)] 358646K->290582K(761856K), 0.0015595 secs] [Times: user=0.01 sys=0.00, real=0.01 secs] 
937.288: [GC (Allocation Failure) [PSYoungGen: 69584K->1488K(70144K)] 358678K->290590K(761856K), 0.0017010 secs] [Times: user=0.01 sys=0.00, real=0.01 secs] 
937.731: [GC (Allocation Failure) [PSYoungGen: 69584K->1488K(70144K)] 358686K->290590K(761856K), 0.0020173 secs] [Times: user=0.01 sys=0.00, real=0.00 secs] 
938.644: [GC (Allocation Failure) [PSYoungGen: 69584K->1376K(70144K)] 358686K->290478K(761856K), 0.0037451 secs] [Times: user=0.01 sys=0.00, real=0.01 secs] 
939.686: [GC (Allocation Failure) [PSYoungGen: 69472K->1344K(70144K)] 358574K->290446K(761856K), 0.0030407 secs] [Times: user=0.01 sys=0.00, real=0.01 secs] 
940.323: [GC (Allocation Failure) [PSYoungGen: 69440K->1376K(70144K)] 358542K->290478K(761856K), 0.0030126 secs] [Times: user=0.01 sys=0.00, real=0.00 secs] 
940.623: [GC (Allocation Failure) [PSYoungGen: 69472K->1488K(70144K)] 358574K->290590K(761856K), 0.0018988 secs] [Times: user=0.01 sys=0.00, real=0.00 secs] 
940.751: [GC (Allocation Failure) [PSYoungGen: 69584K->1488K(70144K)] 358686K->290590K(761856K), 0.0014848 secs] [Times: user=0.00 sys=0.00, real=0.00 secs] 
940.873: [GC (Allocation Failure) [PSYoungGen: 69584K->1453K(70144K)] 358686K->290555K(761856K), 0.0014124 secs] [Times: user=0.00 sys=0.00, real=0.00 secs] 
940.994: [GC (Allocation Failure) [PSYoungGen: 69549K->1424K(70144K)] 358651K->290534K(761856K), 0.0014675 secs] [Times: user=0.00 sys=0.00, real=0.00 secs] 
942.088: [GC (Allocation Failure) [PSYoungGen: 69520K->1472K(70144K)] 358630K->290582K(761856K), 0.0038193 secs] [Times: user=0.02 sys=0.00, real=0.01 secs] 
943.096: [GC (Allocation Failure) [PSYoungGen: 69568K->1376K(70144K)] 358678K->290486K(761856K), 0.0032273 secs] [Times: user=0.01 sys=0.00, real=0.01 secs] 
943.823: [GC (Allocation Failure) [PSYoungGen: 69472K->1344K(70144K)] 358582K->290454K(761856K), 0.0029735 secs] [Times: user=0.01 sys=0.00, real=0.00 secs] 
944.645: [GC (Allocation Failure) [PSYoungGen: 69440K->1376K(70144K)] 358550K->290486K(761856K), 0.0025521 secs] [Times: user=0.01 sys=0.00, real=0.00 secs] 
945.373: [GC (Allocation Failure) [PSYoungGen: 69472K->1469K(70144K)] 358582K->290579K(761856K), 0.0025021 secs] [Times: user=0.01 sys=0.00, real=0.00 secs] 
945.550: [GC (Allocation Failure) [PSYoungGen: 69565K->1453K(70144K)] 358675K->290579K(761856K), 0.0016048 secs] [Times: user=0.00 sys=0.00, real=0.00 secs] 
945.669: [GC (Allocation Failure) [PSYoungGen: 69549K->1453K(70144K)] 358675K->290579K(761856K), 0.0014504 secs] [Times: user=0.01 sys=0.00, real=0.00 secs] 
945.788: [GC (Allocation Failure) [PSYoungGen: 69549K->1456K(70144K)] 358675K->290590K(761856K), 0.0014804 secs] [Times: user=0.01 sys=0.00, real=0.00 secs] 
946.139: [GC (Allocation Failure) [PSYoungGen: 69552K->1424K(70144K)] 358686K->290558K(761856K), 0.0019045 secs] [Times: user=0.01 sys=0.00, real=0.00 secs] 
946.730: [GC (Allocation Failure) [PSYoungGen: 69520K->1344K(70144K)] 358654K->290478K(761856K), 0.0036430 secs] [Times: user=0.01 sys=0.00, real=0.00 secs] 
947.354: [GC (Allocation Failure) [PSYoungGen: 69440K->1440K(70144K)] 358574K->290574K(761856K), 0.0028729 secs] [Times: user=0.01 sys=0.00, real=0.00 secs] 
948.061: [GC (Allocation Failure) [PSYoungGen: 69536K->1360K(70144K)] 358670K->290494K(761856K), 0.0022087 secs] [Times: user=0.00 sys=0.00, real=0.00 secs] 
948.518: [GC (Allocation Failure) [PSYoungGen: 69456K->1472K(70144K)] 358590K->290606K(761856K), 0.0019906 secs] [Times: user=0.01 sys=0.01, real=0.00 secs] 
948.652: [GC (Allocation Failure) [PSYoungGen: 69568K->1453K(70144K)] 358702K->290587K(761856K), 0.0014739 secs] [Times: user=0.01 sys=0.00, real=0.00 secs] 
948.772: [GC (Allocation Failure) [PSYoungGen: 69549K->1488K(70144K)] 358683K->290622K(761856K), 0.0014854 secs] [Times: user=0.01 sys=0.00, real=0.00 secs] 
948.893: [GC (Allocation Failure) [PSYoungGen: 69584K->1469K(70144K)] 358718K->290627K(761856K), 0.0014541 secs] [Times: user=0.01 sys=0.00, real=0.00 secs] 
949.575: [GC (Allocation Failure) [PSYoungGen: 69565K->1456K(70144K)] 358723K->290622K(761856K), 0.0033874 secs] [Times: user=0.01 sys=0.00, real=0.01 secs] 
950.441: [GC (Allocation Failure) [PSYoungGen: 69552K->1376K(70144K)] 358718K->290542K(761856K), 0.0024571 secs] [Times: user=0.01 sys=0.00, real=0.00 secs] 
951.284: [GC (Allocation Failure) [PSYoungGen: 69472K->1408K(70144K)] 358638K->290574K(761856K), 0.0025770 secs] [Times: user=0.01 sys=0.00, real=0.00 secs] 
952.170: [GC (Allocation Failure) [PSYoungGen: 69504K->1408K(70144K)] 358670K->290574K(761856K), 0.0031813 secs] [Times: user=0.01 sys=0.00, real=0.00 secs] 
952.907: [GC (Allocation Failure) [PSYoungGen: 69504K->1408K(69632K)] 358670K->290574K(761344K), 0.0026067 secs] [Times: user=0.01 sys=0.00, real=0.01 secs] 
953.077: [GC (Allocation Failure) [PSYoungGen: 69504K->1488K(69120K)] 358670K->290654K(760832K), 0.0016632 secs] [Times: user=0.01 sys=0.00, real=0.01 secs] 
953.214: [GC (Allocation Failure) [PSYoungGen: 69072K->1485K(69632K)] 358238K->290651K(761344K), 0.0016296 secs] [Times: user=0.01 sys=0.00, real=0.00 secs] 
953.361: [GC (Allocation Failure) [PSYoungGen: 69069K->1456K(69632K)] 358235K->290630K(761344K), 0.0015406 secs] [Times: user=0.01 sys=0.00, real=0.00 secs] 
953.976: [GC (Allocation Failure) [PSYoungGen: 69040K->1456K(69632K)] 358214K->290630K(761344K), 0.0022591 secs] [Times: user=0.00 sys=0.00, real=0.01 secs] 
954.556: [GC (Allocation Failure) [PSYoungGen: 69040K->1376K(69632K)] 358214K->290566K(761344K), 0.0020474 secs] [Times: user=0.01 sys=0.00, real=0.00 secs] 
955.039: [GC (Allocation Failure) [PSYoungGen: 68960K->1376K(69632K)] 358150K->290566K(761344K), 0.0019081 secs] [Times: user=0.01 sys=0.00, real=0.00 secs] 
955.350: [GC (Allocation Failure) [PSYoungGen: 68960K->1344K(69632K)] 358150K->290534K(761344K), 0.0019731 secs] [Times: user=0.00 sys=0.00, real=0.00 secs] 
955.671: [GC (Allocation Failure) [PSYoungGen: 68928K->1389K(69632K)] 358118K->290579K(761344K), 0.0022808 secs] [Times: user=0.01 sys=0.00, real=0.00 secs] 
955.869: [GC (Allocation Failure) [PSYoungGen: 68973K->1549K(69632K)] 358163K->290740K(761344K), 0.0018891 secs] [Times: user=0.01 sys=0.00, real=0.00 secs] 
956.029: [GC (Allocation Failure) [PSYoungGen: 69133K->1485K(69632K)] 358324K->290675K(761344K), 0.0018396 secs] [Times: user=0.01 sys=0.00, real=0.00 secs] 
956.177: [GC (Allocation Failure) [PSYoungGen: 69069K->1453K(69632K)] 358259K->290659K(761344K), 0.0015540 secs] [Times: user=0.01 sys=0.00, real=0.01 secs] 
956.636: [GC (Allocation Failure) [PSYoungGen: 69037K->1456K(69632K)] 358243K->290662K(761344K), 0.0035421 secs] [Times: user=0.01 sys=0.00, real=0.01 secs] 
957.198: [GC (Allocation Failure) [PSYoungGen: 69040K->1376K(69632K)] 358246K->290582K(761344K), 0.0026625 secs] [Times: user=0.01 sys=0.00, real=0.00 secs] 
957.979: [GC (Allocation Failure) [PSYoungGen: 68960K->1376K(69632K)] 358166K->290582K(761344K), 0.0024973 secs] [Times: user=0.01 sys=0.00, real=0.00 secs] 
958.552: [GC (Allocation Failure) [PSYoungGen: 68960K->1344K(69632K)] 358166K->290550K(761344K), 0.0025375 secs] [Times: user=0.01 sys=0.00, real=0.00 secs] 
958.930: [GC (Allocation Failure) [PSYoungGen: 68928K->1440K(69632K)] 358134K->290646K(761344K), 0.0018973 secs] [Times: user=0.01 sys=0.00, real=0.00 secs] 
959.066: [GC (Allocation Failure) [PSYoungGen: 69024K->1488K(69632K)] 358230K->290694K(761344K), 0.0016002 secs] [Times: user=0.01 sys=0.00, real=0.00 secs] 
959.186: [GC (Allocation Failure) [PSYoungGen: 69072K->1456K(69632K)] 358278K->290662K(761344K), 0.0015308 secs] [Times: user=0.00 sys=0.00, real=0.00 secs] 
959.305: [GC (Allocation Failure) [PSYoungGen: 69040K->1485K(69632K)] 358246K->290700K(761344K), 0.0016108 secs] [Times: user=0.01 sys=0.00, real=0.00 secs] 
959.557: [GC (Allocation Failure) [PSYoungGen: 69069K->1440K(69632K)] 358284K->290654K(761344K), 0.0016675 secs] [Times: user=0.00 sys=0.00, real=0.01 secs] 
959.837: [GC (Allocation Failure) [PSYoungGen: 69024K->1408K(69632K)] 358238K->290622K(761344K), 0.0015805 secs] [Times: user=0.00 sys=0.00, real=0.01 secs] 
960.118: [GC (Allocation Failure) [PSYoungGen: 68992K->1376K(69632K)] 358206K->290590K(761344K), 0.0016332 secs] [Times: user=0.00 sys=0.00, real=0.01 secs] 
960.398: [GC (Allocation Failure) [PSYoungGen: 68960K->1344K(69632K)] 358174K->290558K(761344K), 0.0016224 secs] [Times: user=0.01 sys=0.00, real=0.00 secs] 
960.617: [GC (Allocation Failure) [PSYoungGen: 68928K->1485K(69632K)] 358142K->290700K(761344K), 0.0016097 secs] [Times: user=0.00 sys=0.00, real=0.01 secs] 
960.737: [GC (Allocation Failure) [PSYoungGen: 69069K->1453K(69632K)] 358284K->290667K(761344K), 0.0016387 secs] [Times: user=0.00 sys=0.00, real=0.01 secs] 
960.855: [GC (Allocation Failure) [PSYoungGen: 69037K->1488K(69632K)] 358251K->290702K(761344K), 0.0016196 secs] [Times: user=0.00 sys=0.00, real=0.00 secs] 
960.974: [GC (Allocation Failure) [PSYoungGen: 69072K->1485K(76800K)] 358286K->290715K(768512K), 0.0016771 secs] [Times: user=0.01 sys=0.00, real=0.00 secs] 
961.245: [GC (Allocation Failure) [PSYoungGen: 76237K->1424K(76800K)] 365467K->290662K(768512K), 0.0017403 secs] [Times: user=0.00 sys=0.00, real=0.00 secs] 
961.555: [GC (Allocation Failure) [PSYoungGen: 76176K->1376K(75776K)] 365414K->290614K(767488K), 0.0017456 secs] [Times: user=0.01 sys=0.01, real=0.00 secs] 
961.872: [GC (Allocation Failure) [PSYoungGen: 75616K->1392K(75264K)] 364854K->290630K(766976K), 0.0018857 secs] [Times: user=0.00 sys=0.01, real=0.00 secs] 
962.284: [GC (Allocation Failure) [PSYoungGen: 75120K->1376K(74752K)] 364358K->290622K(766464K), 0.0015044 secs] [Times: user=0.00 sys=0.00, real=0.00 secs] 
962.484: [GC (Allocation Failure) [PSYoungGen: 74592K->1456K(74240K)] 363838K->290702K(765952K), 0.0017341 secs] [Times: user=0.01 sys=0.00, real=0.00 secs] 
962.612: [GC (Allocation Failure) [PSYoungGen: 74160K->1453K(73728K)] 363406K->290699K(765440K), 0.0014824 secs] [Times: user=0.00 sys=0.00, real=0.00 secs] 
962.738: [GC (Allocation Failure) [PSYoungGen: 73645K->1501K(73216K)] 362891K->290747K(764928K), 0.0016991 secs] [Times: user=0.01 sys=0.01, real=0.01 secs] 
963.080: [GC (Allocation Failure) [PSYoungGen: 73181K->1408K(72704K)] 362427K->290654K(764416K), 0.0019225 secs] [Times: user=0.01 sys=0.00, real=0.00 secs] 
963.686: [GC (Allocation Failure) [PSYoungGen: 72576K->1344K(72192K)] 361822K->290590K(763904K), 0.0035384 secs] [Times: user=0.01 sys=0.01, real=0.01 secs] 
963.996: [GC (Allocation Failure) [PSYoungGen: 72000K->1408K(71680K)] 361246K->290654K(763392K), 0.0023952 secs] [Times: user=0.00 sys=0.00, real=0.01 secs] 
964.303: [GC (Allocation Failure) [PSYoungGen: 71552K->1328K(71168K)] 360798K->290574K(762880K), 0.0020319 secs] [Times: user=0.00 sys=0.00, real=0.00 secs] 
964.568: [GC (Allocation Failure) [PSYoungGen: 70960K->1469K(70656K)] 360206K->290715K(762368K), 0.0016870 secs] [Times: user=0.01 sys=0.00, real=0.00 secs] 
964.692: [GC (Allocation Failure) [PSYoungGen: 70589K->1485K(70144K)] 359835K->290732K(761856K), 0.0016593 secs] [Times: user=0.01 sys=0.00, real=0.00 secs] 
964.815: [GC (Allocation Failure) [PSYoungGen: 70075K->1424K(69632K)] 359321K->290670K(761344K), 0.0014718 secs] [Times: user=0.00 sys=0.00, real=0.00 secs] 
964.954: [GC (Allocation Failure) [PSYoungGen: 69520K->1488K(76800K)] 358766K->290734K(768512K), 0.0017931 secs] [Times: user=0.00 sys=0.00, real=0.00 secs] 
965.230: [GC (Allocation Failure) [PSYoungGen: 76752K->1392K(76288K)] 365998K->290638K(768000K), 0.0019429 secs] [Times: user=0.01 sys=0.01, real=0.00 secs] 
965.561: [GC (Allocation Failure) [PSYoungGen: 76144K->1312K(75776K)] 365390K->290558K(767488K), 0.0021393 secs] [Times: user=0.00 sys=0.01, real=0.00 secs] 
965.869: [GC (Allocation Failure) [PSYoungGen: 75552K->1312K(75264K)] 364798K->290558K(766976K), 0.0020365 secs] [Times: user=0.01 sys=0.00, real=0.00 secs] 
966.278: [GC (Allocation Failure) [PSYoungGen: 75040K->1344K(74752K)] 364286K->290590K(766464K), 0.0019206 secs] [Times: user=0.00 sys=0.00, real=0.00 secs] 
966.900: [GC (Allocation Failure) [PSYoungGen: 74560K->1485K(74240K)] 363806K->290731K(765952K), 0.0019770 secs] [Times: user=0.01 sys=0.00, real=0.00 secs] 
967.031: [GC (Allocation Failure) [PSYoungGen: 74189K->1424K(73728K)] 363435K->290670K(765440K), 0.0016778 secs] [Times: user=0.01 sys=0.00, real=0.00 secs] 
967.157: [GC (Allocation Failure) [PSYoungGen: 73616K->1485K(73216K)] 362862K->290731K(764928K), 0.0017134 secs] [Times: user=0.01 sys=0.00, real=0.01 secs] 
967.349: [GC (Allocation Failure) [PSYoungGen: 73165K->1440K(72704K)] 362411K->290694K(764416K), 0.0018836 secs] [Times: user=0.00 sys=0.01, real=0.00 secs] 
967.654: [GC (Allocation Failure) [PSYoungGen: 72608K->1408K(72192K)] 361862K->290662K(763904K), 0.0017859 secs] [Times: user=0.00 sys=0.00, real=0.00 secs] 
967.948: [GC (Allocation Failure) [PSYoungGen: 72064K->1424K(71680K)] 361318K->290678K(763392K), 0.0016206 secs] [Times: user=0.01 sys=0.00, real=0.01 secs] 
968.239: [GC (Allocation Failure) [PSYoungGen: 71568K->1360K(71168K)] 360822K->290614K(762880K), 0.0016614 secs] [Times: user=0.00 sys=0.00, real=0.00 secs] 
968.505: [GC (Allocation Failure) [PSYoungGen: 70992K->1472K(70656K)] 360246K->290726K(762368K), 0.0016112 secs] [Times: user=0.01 sys=0.00, real=0.00 secs] 
968.628: [GC (Allocation Failure) [PSYoungGen: 70592K->1456K(70144K)] 359846K->290710K(761856K), 0.0016982 secs] [Times: user=0.01 sys=0.00, real=0.00 secs] 
968.749: [GC (Allocation Failure) [PSYoungGen: 70064K->1456K(69632K)] 359318K->290710K(761344K), 0.0015242 secs] [Times: user=0.01 sys=0.00, real=0.00 secs] 
968.870: [GC (Allocation Failure) [PSYoungGen: 69552K->1453K(70144K)] 358806K->290707K(761856K), 0.0016462 secs] [Times: user=0.00 sys=0.00, real=0.00 secs] 
969.434: [GC (Allocation Failure) [PSYoungGen: 69549K->1456K(70144K)] 358803K->290710K(761856K), 0.0018922 secs] [Times: user=0.01 sys=0.00, real=0.00 secs] 
970.384: [GC (Allocation Failure) [PSYoungGen: 69552K->1408K(70144K)] 358806K->290662K(761856K), 0.0039770 secs] [Times: user=0.02 sys=0.00, real=0.01 secs] 
971.058: [GC (Allocation Failure) [PSYoungGen: 69504K->1344K(70144K)] 358758K->290598K(761856K), 0.0034515 secs] [Times: user=0.02 sys=0.00, real=0.00 secs] 
971.554: [GC (Allocation Failure) [PSYoungGen: 69440K->1376K(70144K)] 358694K->290630K(761856K), 0.0033216 secs] [Times: user=0.01 sys=0.00, real=0.00 secs] 
971.930: [GC (Allocation Failure) [PSYoungGen: 69472K->1485K(70144K)] 358726K->290739K(761856K), 0.0019425 secs] [Times: user=0.00 sys=0.00, real=0.00 secs] 
972.073: [GC (Allocation Failure) [PSYoungGen: 69581K->1485K(70144K)] 358835K->290740K(761856K), 0.0014817 secs] [Times: user=0.01 sys=0.00, real=0.00 secs] 
972.193: [GC (Allocation Failure) [PSYoungGen: 69581K->1485K(70144K)] 358836K->290756K(761856K), 0.0014169 secs] [Times: user=0.01 sys=0.00, real=0.00 secs] 
972.332: [GC (Allocation Failure) [PSYoungGen: 69581K->1453K(70144K)] 358852K->290731K(761856K), 0.0016595 secs] [Times: user=0.01 sys=0.00, real=0.00 secs] 
972.790: [GC (Allocation Failure) [PSYoungGen: 69549K->1440K(70144K)] 358827K->290726K(761856K), 0.0022615 secs] [Times: user=0.01 sys=0.00, real=0.00 secs] 
973.140: [GC (Allocation Failure) [PSYoungGen: 69536K->1376K(70144K)] 358822K->290662K(761856K), 0.0019604 secs] [Times: user=0.01 sys=0.00, real=0.00 secs] 
973.448: [GC (Allocation Failure) [PSYoungGen: 69472K->1440K(70144K)] 358758K->290726K(761856K), 0.0019284 secs] [Times: user=0.01 sys=0.00, real=0.00 secs] 
973.735: [GC (Allocation Failure) [PSYoungGen: 69536K->1376K(70144K)] 358822K->290662K(761856K), 0.0018135 secs] [Times: user=0.01 sys=0.00, real=0.00 secs] 
973.974: [GC (Allocation Failure) [PSYoungGen: 69472K->1485K(70144K)] 358758K->290772K(761856K), 0.0015412 secs] [Times: user=0.01 sys=0.00, real=0.00 secs] 
974.093: [GC (Allocation Failure) [PSYoungGen: 69554K->1485K(70144K)] 358841K->290780K(761856K), 0.0015784 secs] [Times: user=0.01 sys=0.00, real=0.00 secs] 
974.232: [GC (Allocation Failure) [PSYoungGen: 69581K->1453K(70144K)] 358876K->290747K(761856K), 0.0017746 secs] [Times: user=0.00 sys=0.00, real=0.00 secs] 
974.382: [GC (Allocation Failure) [PSYoungGen: 69549K->1485K(70144K)] 358843K->290787K(761856K), 0.0017553 secs] [Times: user=0.01 sys=0.00, real=0.00 secs] 
974.642: [GC (Allocation Failure) [PSYoungGen: 69581K->1440K(70144K)] 358883K->290742K(761856K), 0.0020581 secs] [Times: user=0.00 sys=0.00, real=0.00 secs] 
974.967: [GC (Allocation Failure) [PSYoungGen: 69536K->1344K(70144K)] 358838K->290646K(761856K), 0.0018305 secs] [Times: user=0.00 sys=0.00, real=0.01 secs] 
975.545: [GC (Allocation Failure) [PSYoungGen: 69440K->1408K(70144K)] 358742K->290710K(761856K), 0.0018486 secs] [Times: user=0.01 sys=0.00, real=0.00 secs] 
976.081: [GC (Allocation Failure) [PSYoungGen: 69504K->1376K(70144K)] 358806K->290678K(761856K), 0.0021204 secs] [Times: user=0.01 sys=0.00, real=0.00 secs] 
976.463: [GC (Allocation Failure) [PSYoungGen: 69472K->1437K(70144K)] 358774K->290739K(761856K), 0.0017662 secs] [Times: user=0.01 sys=0.00, real=0.00 secs] 
976.627: [GC (Allocation Failure) [PSYoungGen: 69533K->1485K(70144K)] 358835K->290787K(761856K), 0.0017982 secs] [Times: user=0.01 sys=0.00, real=0.01 secs] 
976.782: [GC (Allocation Failure) [PSYoungGen: 69581K->1453K(70144K)] 358883K->290756K(761856K), 0.0017138 secs] [Times: user=0.01 sys=0.00, real=0.00 secs] 
976.902: [GC (Allocation Failure) [PSYoungGen: 69549K->1456K(70144K)] 358852K->290766K(761856K), 0.0015005 secs] [Times: user=0.01 sys=0.00, real=0.00 secs] 
977.583: [GC (Allocation Failure) [PSYoungGen: 69552K->1408K(69632K)] 358862K->290718K(761344K), 0.0036271 secs] [Times: user=0.01 sys=0.00, real=0.00 secs] 
978.220: [GC (Allocation Failure) [PSYoungGen: 69504K->1376K(69632K)] 358814K->290686K(761344K), 0.0025454 secs] [Times: user=0.00 sys=0.00, real=0.00 secs] 
978.921: [GC (Allocation Failure) [PSYoungGen: 69472K->1344K(69632K)] 358782K->290654K(761344K), 0.0026583 secs] [Times: user=0.01 sys=0.00, real=0.00 secs] 
979.715: [GC (Allocation Failure) [PSYoungGen: 69440K->1344K(70144K)] 358750K->290654K(761856K), 0.0027129 secs] [Times: user=0.01 sys=0.00, real=0.00 secs] 
980.068: [GC (Allocation Failure) [PSYoungGen: 69440K->1517K(70144K)] 358750K->290828K(761856K), 0.0019948 secs] [Times: user=0.01 sys=0.00, real=0.01 secs] 
980.205: [GC (Allocation Failure) [PSYoungGen: 69613K->1453K(70144K)] 358924K->290763K(761856K), 0.0014810 secs] [Times: user=0.00 sys=0.00, real=0.00 secs] 
980.324: [GC (Allocation Failure) [PSYoungGen: 69549K->1485K(70144K)] 358859K->290796K(761856K), 0.0015056 secs] [Times: user=0.00 sys=0.01, real=0.00 secs] 
980.443: [GC (Allocation Failure) [PSYoungGen: 69581K->1453K(70144K)] 358892K->290771K(761856K), 0.0015999 secs] [Times: user=0.01 sys=0.00, real=0.00 secs] 
980.975: [GC (Allocation Failure) [PSYoungGen: 69549K->1424K(70144K)] 358867K->290742K(761856K), 0.0021964 secs] [Times: user=0.01 sys=0.00, real=0.00 secs] 
981.534: [GC (Allocation Failure) [PSYoungGen: 69520K->1376K(70144K)] 358838K->290694K(761856K), 0.0022268 secs] [Times: user=0.01 sys=0.00, real=0.00 secs] 
982.092: [GC (Allocation Failure) [PSYoungGen: 69472K->1344K(70144K)] 358790K->290662K(761856K), 0.0018227 secs] [Times: user=0.01 sys=0.00, real=0.00 secs] 
982.713: [GC (Allocation Failure) [PSYoungGen: 69440K->1408K(70144K)] 358758K->290726K(761856K), 0.0019096 secs] [Times: user=0.00 sys=0.00, real=0.00 secs] 
983.017: [GC (Allocation Failure) [PSYoungGen: 69504K->1453K(70144K)] 358822K->290771K(761856K), 0.0014799 secs] [Times: user=0.01 sys=0.00, real=0.01 secs] 
983.136: [GC (Allocation Failure) [PSYoungGen: 69536K->1485K(70144K)] 358854K->290804K(761856K), 0.0014845 secs] [Times: user=0.00 sys=0.00, real=0.00 secs] 
983.256: [GC (Allocation Failure) [PSYoungGen: 69581K->1456K(70144K)] 358900K->290774K(761856K), 0.0015448 secs] [Times: user=0.00 sys=0.00, real=0.00 secs] 
983.375: [GC (Allocation Failure) [PSYoungGen: 69552K->1453K(70144K)] 358870K->290795K(761856K), 0.0014797 secs] [Times: user=0.00 sys=0.00, real=0.00 secs] 
983.872: [GC (Allocation Failure) [PSYoungGen: 69549K->1408K(70144K)] 358891K->290750K(761856K), 0.0019856 secs] [Times: user=0.01 sys=0.00, real=0.00 secs] 
984.217: [GC (Allocation Failure) [PSYoungGen: 69504K->1344K(70144K)] 358846K->290686K(761856K), 0.0019840 secs] [Times: user=0.01 sys=0.00, real=0.01 secs] 
984.500: [GC (Allocation Failure) [PSYoungGen: 69440K->1408K(69632K)] 358782K->290750K(761344K), 0.0019665 secs] [Times: user=0.00 sys=0.00, real=0.00 secs] 
984.788: [GC (Allocation Failure) [PSYoungGen: 69504K->1376K(69632K)] 358846K->290718K(761344K), 0.0017568 secs] [Times: user=0.01 sys=0.00, real=0.00 secs] 
985.032: [GC (Allocation Failure) [PSYoungGen: 69447K->1488K(69632K)] 358789K->290830K(761344K), 0.0014692 secs] [Times: user=0.00 sys=0.00, real=0.00 secs] 
985.152: [GC (Allocation Failure) [PSYoungGen: 69584K->1453K(70144K)] 358926K->290795K(761856K), 0.0015080 secs] [Times: user=0.01 sys=0.00, real=0.00 secs] 
985.272: [GC (Allocation Failure) [PSYoungGen: 69549K->1488K(70144K)] 358891K->290830K(761856K), 0.0017476 secs] [Times: user=0.01 sys=0.00, real=0.00 secs] 
985.409: [GC (Allocation Failure) [PSYoungGen: 69584K->1488K(77312K)] 358926K->290846K(769024K), 0.0016325 secs] [Times: user=0.01 sys=0.00, real=0.00 secs] 
986.235: [GC (Allocation Failure) [PSYoungGen: 76752K->1440K(76288K)] 366110K->290798K(768000K), 0.0022814 secs] [Times: user=0.01 sys=0.00, real=0.00 secs] 
987.207: [GC (Allocation Failure) [PSYoungGen: 76192K->1376K(75776K)] 365550K->290734K(767488K), 0.0022955 secs] [Times: user=0.01 sys=0.00, real=0.01 secs] 
987.980: [GC (Allocation Failure) [PSYoungGen: 75616K->1376K(75264K)] 364974K->290734K(766976K), 0.0024093 secs] [Times: user=0.01 sys=0.00, real=0.00 secs] 
988.718: [GC (Allocation Failure) [PSYoungGen: 75104K->1456K(74752K)] 364462K->290814K(766464K), 0.0025427 secs] [Times: user=0.00 sys=0.00, real=0.00 secs] 
988.942: [GC (Allocation Failure) [PSYoungGen: 74650K->1517K(74240K)] 364008K->290876K(765952K), 0.0022398 secs] [Times: user=0.01 sys=0.00, real=0.00 secs] 
989.090: [GC (Allocation Failure) [PSYoungGen: 74221K->1453K(73728K)] 363580K->290811K(765440K), 0.0015984 secs] [Times: user=0.00 sys=0.00, real=0.00 secs] 
989.217: [GC (Allocation Failure) [PSYoungGen: 73645K->1421K(73216K)] 363003K->290779K(764928K), 0.0016403 secs] [Times: user=0.01 sys=0.00, real=0.01 secs] 
989.601: [GC (Allocation Failure) [PSYoungGen: 73101K->1440K(72704K)] 362459K->290806K(764416K), 0.0026046 secs] [Times: user=0.01 sys=0.00, real=0.00 secs] 
990.117: [GC (Allocation Failure) [PSYoungGen: 72608K->1376K(72192K)] 361974K->290742K(763904K), 0.0022425 secs] [Times: user=0.01 sys=0.00, real=0.01 secs] 
990.896: [GC (Allocation Failure) [PSYoungGen: 72032K->1328K(71680K)] 361398K->290694K(763392K), 0.0023980 secs] [Times: user=0.01 sys=0.00, real=0.01 secs] 
991.803: [GC (Allocation Failure) [PSYoungGen: 71472K->1408K(71168K)] 360838K->290774K(762880K), 0.0033971 secs] [Times: user=0.01 sys=0.00, real=0.00 secs] 
992.421: [GC (Allocation Failure) [PSYoungGen: 71040K->1453K(70656K)] 360406K->290819K(762368K), 0.0022149 secs] [Times: user=0.01 sys=0.00, real=0.00 secs] 
992.570: [GC (Allocation Failure) [PSYoungGen: 70573K->1485K(70144K)] 359939K->290852K(761856K), 0.0015428 secs] [Times: user=0.01 sys=0.00, real=0.00 secs] 
992.690: [GC (Allocation Failure) [PSYoungGen: 70072K->1488K(69632K)] 359438K->290854K(761344K), 0.0016900 secs] [Times: user=0.01 sys=0.00, real=0.00 secs] 
992.827: [GC (Allocation Failure) [PSYoungGen: 69584K->1453K(70144K)] 358950K->290819K(761856K), 0.0016521 secs] [Times: user=0.01 sys=0.00, real=0.01 secs] 
993.657: [GC (Allocation Failure) [PSYoungGen: 69549K->1376K(70144K)] 358915K->290742K(761856K), 0.0025378 secs] [Times: user=0.01 sys=0.00, real=0.01 secs] 
994.505: [GC (Allocation Failure) [PSYoungGen: 69472K->1344K(70144K)] 358838K->290726K(761856K), 0.0025567 secs] [Times: user=0.01 sys=0.00, real=0.01 secs] 
995.331: [GC (Allocation Failure) [PSYoungGen: 69440K->1376K(70144K)] 358822K->290758K(761856K), 0.0024768 secs] [Times: user=0.01 sys=0.00, real=0.00 secs] 
996.047: [GC (Allocation Failure) [PSYoungGen: 69472K->1344K(70144K)] 358854K->290726K(761856K), 0.0024677 secs] [Times: user=0.01 sys=0.00, real=0.01 secs] 
996.408: [GC (Allocation Failure) [PSYoungGen: 69440K->1488K(70144K)] 358822K->290870K(761856K), 0.0014776 secs] [Times: user=0.00 sys=0.00, real=0.00 secs] 
996.528: [GC (Allocation Failure) [PSYoungGen: 69584K->1453K(70144K)] 358966K->290835K(761856K), 0.0014646 secs] [Times: user=0.01 sys=0.00, real=0.00 secs] 
996.647: [GC (Allocation Failure) [PSYoungGen: 69549K->1424K(70144K)] 358931K->290806K(761856K), 0.0014679 secs] [Times: user=0.01 sys=0.00, real=0.01 secs] 
996.766: [GC (Allocation Failure) [PSYoungGen: 69520K->1488K(70144K)] 358902K->290878K(761856K), 0.0015944 secs] [Times: user=0.00 sys=0.00, real=0.00 secs] 
997.085: [GC (Allocation Failure) [PSYoungGen: 69584K->1408K(70144K)] 358974K->290798K(761856K), 0.0016522 secs] [Times: user=0.00 sys=0.00, real=0.00 secs] 
997.628: [GC (Allocation Failure) [PSYoungGen: 69504K->1408K(70144K)] 358894K->290798K(761856K), 0.0022619 secs] [Times: user=0.01 sys=0.00, real=0.01 secs] 
998.314: [GC (Allocation Failure) [PSYoungGen: 69504K->1408K(69632K)] 358894K->290798K(761344K), 0.0023635 secs] [Times: user=0.01 sys=0.00, real=0.00 secs] 
999.145: [GC (Allocation Failure) [PSYoungGen: 69504K->1344K(69632K)] 358894K->290734K(761344K), 0.0023596 secs] [Times: user=0.01 sys=0.00, real=0.00 secs] 
999.496: [GC (Allocation Failure) [PSYoungGen: 69440K->464K(69120K)] 358830K->290878K(760832K), 0.0018251 secs] [Times: user=0.01 sys=0.00, real=0.01 secs] 
999.619: [GC (Allocation Failure) [PSYoungGen: 68560K->493K(70144K)] 358974K->290908K(761856K), 0.0015197 secs] [Times: user=0.01 sys=0.00, real=0.00 secs] 
999.738: [GC (Allocation Failure) [PSYoungGen: 68589K->525K(70144K)] 359004K->290940K(761856K), 0.0015612 secs] [Times: user=0.00 sys=0.01, real=0.01 secs] 
999.857: [GC (Allocation Failure) [PSYoungGen: 68621K->461K(70144K)] 359036K->290892K(761856K), 0.0016055 secs] [Times: user=0.01 sys=0.00, real=0.01 secs] 
1000.955: [GC (Allocation Failure) [PSYoungGen: 68557K->1408K(69632K)] 358988K->291838K(761344K), 0.0020841 secs] [Times: user=0.01 sys=0.00, real=0.00 secs] 
1001.688: [GC (Allocation Failure) [PSYoungGen: 69504K->1376K(69632K)] 359934K->291806K(761344K), 0.0028968 secs] [Times: user=0.01 sys=0.01, real=0.00 secs] 
1002.475: [GC (Allocation Failure) [PSYoungGen: 69472K->1376K(69632K)] 359902K->291806K(761344K), 0.0024897 secs] [Times: user=0.01 sys=0.00, real=0.00 secs] 
1003.341: [GC (Allocation Failure) [PSYoungGen: 69472K->1376K(69632K)] 359902K->291814K(761344K), 0.0028781 secs] [Times: user=0.01 sys=0.00, real=0.00 secs] 
1003.668: [GC (Allocation Failure) [PSYoungGen: 69472K->1517K(69632K)] 359910K->291956K(761344K), 0.0017680 secs] [Times: user=0.01 sys=0.00, real=0.00 secs] 
1003.792: [GC (Allocation Failure) [PSYoungGen: 69613K->1456K(69632K)] 360052K->291894K(761344K), 0.0015300 secs] [Times: user=0.01 sys=0.00, real=0.00 secs] 
1003.931: [GC (Allocation Failure) [PSYoungGen: 69552K->1517K(69632K)] 359990K->291956K(761344K), 0.0016362 secs] [Times: user=0.00 sys=0.00, real=0.00 secs] 
1004.093: [GC (Allocation Failure) [PSYoungGen: 69613K->1472K(69632K)] 360052K->291910K(761344K), 0.0020363 secs] [Times: user=0.00 sys=0.00, real=0.00 secs] 
1005.449: [GC (Allocation Failure) [PSYoungGen: 69568K->1376K(69632K)] 360006K->291830K(761344K), 0.0024723 secs] [Times: user=0.01 sys=0.00, real=0.00 secs] 
1005.732: [GC (Allocation Failure) [PSYoungGen: 69472K->1376K(69632K)] 359926K->291830K(761344K), 0.0020115 secs] [Times: user=0.01 sys=0.00, real=0.00 secs] 
1006.208: [GC (Allocation Failure) [PSYoungGen: 69472K->1312K(69632K)] 359926K->291766K(761344K), 0.0019123 secs] [Times: user=0.01 sys=0.00, real=0.01 secs] 
1006.741: [GC (Allocation Failure) [PSYoungGen: 69408K->1376K(69632K)] 359862K->291830K(761344K), 0.0020027 secs] [Times: user=0.01 sys=0.00, real=0.00 secs] 
1007.013: [GC (Allocation Failure) [PSYoungGen: 69472K->1456K(69632K)] 359926K->291910K(761344K), 0.0015153 secs] [Times: user=0.01 sys=0.00, real=0.00 secs] 
1007.132: [GC (Allocation Failure) [PSYoungGen: 69552K->1485K(69632K)] 360006K->291940K(761344K), 0.0016652 secs] [Times: user=0.01 sys=0.00, real=0.00 secs] 
1007.254: [GC (Allocation Failure) [PSYoungGen: 69581K->1488K(70144K)] 360036K->291942K(761856K), 0.0017499 secs] [Times: user=0.01 sys=0.00, real=0.00 secs] 
1007.480: [GC (Allocation Failure) [PSYoungGen: 69584K->1712K(70144K)] 360038K->292166K(761856K), 0.0018738 secs] [Times: user=0.01 sys=0.00, real=0.00 secs] 
1008.101: [GC (Allocation Failure) [PSYoungGen: 69808K->1376K(70144K)] 360262K->291830K(761856K), 0.0018570 secs] [Times: user=0.01 sys=0.00, real=0.00 secs] 
1008.397: [GC (Allocation Failure) [PSYoungGen: 69472K->1360K(70144K)] 359926K->291814K(761856K), 0.0022227 secs] [Times: user=0.01 sys=0.00, real=0.01 secs] 
1008.681: [GC (Allocation Failure) [PSYoungGen: 69456K->1376K(70144K)] 359910K->291830K(761856K), 0.0019264 secs] [Times: user=0.00 sys=0.00, real=0.00 secs] 
1009.005: [GC (Allocation Failure) [PSYoungGen: 69472K->1344K(70144K)] 359926K->291798K(761856K), 0.0017234 secs] [Times: user=0.01 sys=0.00, real=0.00 secs] 
1009.198: [GC (Allocation Failure) [PSYoungGen: 69440K->1485K(70144K)] 359894K->291940K(761856K), 0.0014805 secs] [Times: user=0.00 sys=0.00, real=0.01 secs] 
1009.316: [GC (Allocation Failure) [PSYoungGen: 69581K->1456K(70144K)] 360036K->291910K(761856K), 0.0014762 secs] [Times: user=0.01 sys=0.00, real=0.00 secs] 
1009.435: [GC (Allocation Failure) [PSYoungGen: 69552K->1453K(70144K)] 360006K->291924K(761856K), 0.0016072 secs] [Times: user=0.01 sys=0.00, real=0.00 secs] 
1009.698: [GC (Allocation Failure) [PSYoungGen: 69549K->1472K(70144K)] 360020K->291942K(761856K), 0.0017117 secs] [Times: user=0.01 sys=0.00, real=0.00 secs] 
1011.926: [GC (Allocation Failure) [PSYoungGen: 69568K->1392K(70144K)] 360038K->291862K(761856K), 0.0031027 secs] [Times: user=0.01 sys=0.00, real=0.01 secs] 
1012.678: [GC (Allocation Failure) [PSYoungGen: 69488K->1376K(70144K)] 359958K->291846K(761856K), 0.0020236 secs] [Times: user=0.01 sys=0.00, real=0.00 secs] 
1012.956: [GC (Allocation Failure) [PSYoungGen: 69472K->1376K(70144K)] 359942K->291846K(761856K), 0.0018011 secs] [Times: user=0.01 sys=0.00, real=0.00 secs] 
1013.593: [GC (Allocation Failure) [PSYoungGen: 69472K->1456K(70144K)] 359942K->291926K(761856K), 0.0034005 secs] [Times: user=0.01 sys=0.00, real=0.00 secs] 
1013.842: [GC (Allocation Failure) [PSYoungGen: 69552K->1453K(70144K)] 360022K->291924K(761856K), 0.0020435 secs] [Times: user=0.01 sys=0.00, real=0.00 secs] 
1013.974: [GC (Allocation Failure) [PSYoungGen: 69549K->1488K(70144K)] 360020K->291982K(761856K), 0.0016581 secs] [Times: user=0.01 sys=0.00, real=0.00 secs] 
1014.094: [GC (Allocation Failure) [PSYoungGen: 69584K->1421K(70144K)] 360078K->291932K(761856K), 0.0014733 secs] [Times: user=0.01 sys=0.00, real=0.00 secs] 
1014.310: [GC (Allocation Failure) [PSYoungGen: 69517K->1440K(70144K)] 360028K->291950K(761856K), 0.0023013 secs] [Times: user=0.01 sys=0.00, real=0.00 secs] 
1015.227: [GC (Allocation Failure) [PSYoungGen: 69536K->1408K(70144K)] 360046K->291918K(761856K), 0.0040439 secs] [Times: user=0.02 sys=0.00, real=0.01 secs] 
1016.110: [GC (Allocation Failure) [PSYoungGen: 69504K->1376K(70144K)] 360014K->291886K(761856K), 0.0036812 secs] [Times: user=0.02 sys=0.00, real=0.00 secs] 
1016.484: [GC (Allocation Failure) [PSYoungGen: 69472K->1408K(70144K)] 359982K->291918K(761856K), 0.0018397 secs] [Times: user=0.01 sys=0.00, real=0.00 secs] 
1016.781: [GC (Allocation Failure) [PSYoungGen: 69504K->1456K(70144K)] 360014K->291966K(761856K), 0.0018456 secs] [Times: user=0.01 sys=0.00, real=0.00 secs] 
1016.908: [GC (Allocation Failure) [PSYoungGen: 69552K->1488K(70144K)] 360062K->291998K(761856K), 0.0035529 secs] [Times: user=0.02 sys=0.00, real=0.00 secs] 
1017.029: [GC (Allocation Failure) [PSYoungGen: 69584K->1488K(70144K)] 360094K->292006K(761856K), 0.0016436 secs] [Times: user=0.00 sys=0.00, real=0.00 secs] 
1017.150: [GC (Allocation Failure) [PSYoungGen: 69584K->1549K(77824K)] 360102K->292068K(769536K), 0.0017174 secs] [Times: user=0.01 sys=0.00, real=0.00 secs] 
1017.537: [GC (Allocation Failure) [PSYoungGen: 77325K->1440K(77824K)] 367844K->291966K(769536K), 0.0018353 secs] [Times: user=0.01 sys=0.00, real=0.01 secs] 
1018.246: [GC (Allocation Failure) [PSYoungGen: 77216K->1376K(76800K)] 367742K->291902K(768512K), 0.0019420 secs] [Times: user=0.01 sys=0.00, real=0.01 secs] 
1018.717: [GC (Allocation Failure) [PSYoungGen: 76640K->1376K(76288K)] 367166K->291902K(768000K), 0.0024872 secs] [Times: user=0.01 sys=0.00, real=0.01 secs] 
1019.058: [GC (Allocation Failure) [PSYoungGen: 76128K->1408K(75776K)] 366654K->291934K(767488K), 0.0018636 secs] [Times: user=0.00 sys=0.01, real=0.00 secs] 
1019.296: [GC (Allocation Failure) [PSYoungGen: 75648K->1453K(75264K)] 366174K->291980K(766976K), 0.0015641 secs] [Times: user=0.01 sys=0.00, real=0.01 secs] 
1019.426: [GC (Allocation Failure) [PSYoungGen: 75181K->1485K(74752K)] 365708K->292012K(766464K), 0.0015753 secs] [Times: user=0.01 sys=0.00, real=0.00 secs] 
1019.554: [GC (Allocation Failure) [PSYoungGen: 74701K->1549K(74752K)] 365228K->292076K(766464K), 0.0017890 secs] [Times: user=0.01 sys=0.00, real=0.00 secs] 
1019.759: [GC (Allocation Failure) [PSYoungGen: 74253K->928K(73216K)] 364780K->292478K(764928K), 0.0016391 secs] [Times: user=0.00 sys=0.00, real=0.00 secs] 
1020.445: [GC (Allocation Failure) [PSYoungGen: 73120K->384K(72192K)] 364670K->291934K(763904K), 0.0021947 secs] [Times: user=0.01 sys=0.00, real=0.00 secs] 
1021.097: [GC (Allocation Failure) [PSYoungGen: 72064K->368K(71680K)] 363614K->291918K(763392K), 0.0033505 secs] [Times: user=0.01 sys=0.00, real=0.01 secs] 
1021.613: [GC (Allocation Failure) [PSYoungGen: 71536K->384K(72704K)] 363086K->291934K(764416K), 0.0021552 secs] [Times: user=0.01 sys=0.00, real=0.00 secs] 
1021.928: [GC (Allocation Failure) [PSYoungGen: 71040K->1469K(71680K)] 362590K->293020K(763392K), 0.0021086 secs] [Times: user=0.01 sys=0.00, real=0.00 secs] 
1022.069: [GC (Allocation Failure) [PSYoungGen: 71613K->1453K(71168K)] 363164K->293004K(762880K), 0.0016703 secs] [Times: user=0.00 sys=0.00, real=0.00 secs] 
1022.191: [GC (Allocation Failure) [PSYoungGen: 71085K->1501K(70656K)] 362636K->293052K(762368K), 0.0016137 secs] [Times: user=0.00 sys=0.00, real=0.00 secs] 
1022.313: [GC (Allocation Failure) [PSYoungGen: 70621K->1520K(70144K)] 362172K->293094K(761856K), 0.0015710 secs] [Times: user=0.00 sys=0.00, real=0.00 secs] 
1022.773: [GC (Allocation Failure) [PSYoungGen: 70128K->1456K(69632K)] 361702K->293046K(761344K), 0.0018929 secs] [Times: user=0.01 sys=0.00, real=0.00 secs] 
1023.452: [GC (Allocation Failure) [PSYoungGen: 69552K->1376K(69632K)] 361142K->292966K(761344K), 0.0033492 secs] [Times: user=0.01 sys=0.00, real=0.00 secs] 
1024.167: [GC (Allocation Failure) [PSYoungGen: 69472K->1408K(69632K)] 361062K->292998K(761344K), 0.0030850 secs] [Times: user=0.01 sys=0.00, real=0.01 secs] 
1024.863: [GC (Allocation Failure) [PSYoungGen: 69504K->1376K(69632K)] 361094K->292966K(761344K), 0.0024293 secs] [Times: user=0.01 sys=0.00, real=0.00 secs] 
1025.409: [GC (Allocation Failure) [PSYoungGen: 69472K->1421K(69632K)] 361062K->293012K(761344K), 0.0020880 secs] [Times: user=0.01 sys=0.01, real=0.00 secs] 
1025.588: [GC (Allocation Failure) [PSYoungGen: 69517K->1549K(70144K)] 361108K->293140K(761856K), 0.0021808 secs] [Times: user=0.01 sys=0.00, real=0.01 secs] 
1025.738: [GC (Allocation Failure) [PSYoungGen: 69645K->429K(68608K)] 361236K->293044K(760320K), 0.0018338 secs] [Times: user=0.01 sys=0.00, real=0.00 secs] 
1025.858: [GC (Allocation Failure) [PSYoungGen: 68525K->525K(70656K)] 361140K->293148K(762368K), 0.0014607 secs] [Times: user=0.00 sys=0.00, real=0.00 secs] 
1026.392: [GC (Allocation Failure) [PSYoungGen: 68621K->1488K(69632K)] 361244K->294110K(761344K), 0.0031807 secs] [Times: user=0.01 sys=0.00, real=0.00 secs] 
1027.027: [GC (Allocation Failure) [PSYoungGen: 69584K->1376K(70656K)] 362206K->293998K(762368K), 0.0030934 secs] [Times: user=0.01 sys=0.00, real=0.01 secs] 
1027.315: [GC (Allocation Failure) [PSYoungGen: 69472K->1376K(70656K)] 362094K->293998K(762368K), 0.0019630 secs] [Times: user=0.01 sys=0.00, real=0.00 secs] 
1027.598: [GC (Allocation Failure) [PSYoungGen: 69472K->1376K(69632K)] 362094K->293998K(761344K), 0.0018129 secs] [Times: user=0.01 sys=0.00, real=0.00 secs] 
1027.832: [GC (Allocation Failure) [PSYoungGen: 69472K->1517K(69632K)] 362094K->294140K(761344K), 0.0015953 secs] [Times: user=0.00 sys=0.00, real=0.00 secs] 
1027.970: [GC (Allocation Failure) [PSYoungGen: 69096K->1549K(70144K)] 361719K->294172K(761856K), 0.0018596 secs] [Times: user=0.01 sys=0.00, real=0.00 secs] 
1028.122: [GC (Allocation Failure) [PSYoungGen: 69133K->1485K(70144K)] 361756K->294108K(761856K), 0.0018183 secs] [Times: user=0.01 sys=0.00, real=0.00 secs] 
1028.282: [GC (Allocation Failure) [PSYoungGen: 69069K->1456K(69120K)] 361692K->294094K(760832K), 0.0017814 secs] [Times: user=0.01 sys=0.00, real=0.00 secs] 
1029.262: [GC (Allocation Failure) [PSYoungGen: 69040K->1440K(69632K)] 361678K->294086K(761344K), 0.0029240 secs] [Times: user=0.01 sys=0.01, real=0.00 secs] 
1030.888: [GC (Allocation Failure) [PSYoungGen: 69024K->1376K(69632K)] 361670K->294022K(761344K), 0.0034725 secs] [Times: user=0.01 sys=0.00, real=0.00 secs] 
1031.776: [GC (Allocation Failure) [PSYoungGen: 68960K->1376K(69632K)] 361606K->294022K(761344K), 0.0024471 secs] [Times: user=0.01 sys=0.00, real=0.01 secs] 
1032.200: [GC (Allocation Failure) [PSYoungGen: 68960K->1376K(69632K)] 361606K->294030K(761344K), 0.0018210 secs] [Times: user=0.01 sys=0.00, real=0.00 secs] 
1033.177: [GC (Allocation Failure) [PSYoungGen: 68960K->1501K(69632K)] 361614K->294156K(761344K), 0.0026865 secs] [Times: user=0.01 sys=0.00, real=0.01 secs] 
1033.353: [GC (Allocation Failure) [PSYoungGen: 69085K->1485K(69632K)] 361740K->294140K(761344K), 0.0014865 secs] [Times: user=0.01 sys=0.00, real=0.00 secs] 
1033.471: [GC (Allocation Failure) [PSYoungGen: 69069K->1485K(69632K)] 361724K->294140K(761344K), 0.0014865 secs] [Times: user=0.01 sys=0.00, real=0.00 secs] 
1033.589: [GC (Allocation Failure) [PSYoungGen: 69069K->1456K(69632K)] 361724K->294118K(761344K), 0.0015352 secs] [Times: user=0.00 sys=0.00, real=0.00 secs] 
1035.104: [GC (Allocation Failure) [PSYoungGen: 69040K->1456K(69632K)] 361702K->294118K(761344K), 0.0034517 secs] [Times: user=0.01 sys=0.00, real=0.00 secs] 
1035.552: [GC (Allocation Failure) [PSYoungGen: 69040K->1392K(69632K)] 361702K->294070K(761344K), 0.0019035 secs] [Times: user=0.01 sys=0.00, real=0.00 secs] 
1035.833: [GC (Allocation Failure) [PSYoungGen: 68976K->1312K(69632K)] 361654K->293990K(761344K), 0.0018204 secs] [Times: user=0.01 sys=0.00, real=0.00 secs] 
1036.114: [GC (Allocation Failure) [PSYoungGen: 68896K->1344K(69632K)] 361574K->294022K(761344K), 0.0019242 secs] [Times: user=0.01 sys=0.00, real=0.00 secs] 
1036.351: [GC (Allocation Failure) [PSYoungGen: 68928K->1472K(69632K)] 361606K->294150K(761344K), 0.0014369 secs] [Times: user=0.01 sys=0.00, real=0.00 secs] 
1036.471: [GC (Allocation Failure) [PSYoungGen: 69056K->1424K(69632K)] 361734K->294102K(761344K), 0.0015067 secs] [Times: user=0.01 sys=0.00, real=0.00 secs] 
1036.590: [GC (Allocation Failure) [PSYoungGen: 69008K->1488K(69632K)] 361686K->294166K(761344K), 0.0017351 secs] [Times: user=0.01 sys=0.00, real=0.00 secs] 
1036.725: [GC (Allocation Failure) [PSYoungGen: 69072K->1517K(69632K)] 361750K->294204K(761344K), 0.0019747 secs] [Times: user=0.01 sys=0.00, real=0.00 secs] 
1037.003: [GC (Allocation Failure) [PSYoungGen: 69101K->1440K(76800K)] 361788K->294126K(768512K), 0.0020373 secs] [Times: user=0.01 sys=0.00, real=0.00 secs] 
1037.314: [GC (Allocation Failure) [PSYoungGen: 76192K->1408K(75776K)] 368878K->294094K(767488K), 0.0018288 secs] [Times: user=0.01 sys=0.00, real=0.00 secs] 
1037.622: [GC (Allocation Failure) [PSYoungGen: 75648K->1344K(75264K)] 368334K->294030K(766976K), 0.0021670 secs] [Times: user=0.01 sys=0.00, real=0.00 secs] 
1037.929: [GC (Allocation Failure) [PSYoungGen: 75072K->1360K(74752K)] 367758K->294046K(766464K), 0.0019261 secs] [Times: user=0.01 sys=0.00, real=0.00 secs] 
1038.116: [GC (Allocation Failure) [PSYoungGen: 74576K->1453K(74240K)] 367262K->294140K(765952K), 0.0016454 secs] [Times: user=0.00 sys=0.00, real=0.00 secs] 
1038.244: [GC (Allocation Failure) [PSYoungGen: 74157K->1488K(73728K)] 366844K->294174K(765440K), 0.0015508 secs] [Times: user=0.00 sys=0.00, real=0.00 secs] 
1038.370: [GC (Allocation Failure) [PSYoungGen: 73680K->1520K(73216K)] 366366K->294206K(764928K), 0.0016464 secs] [Times: user=0.01 sys=0.01, real=0.00 secs] 
1039.008: [GC (Allocation Failure) [PSYoungGen: 73200K->1472K(72704K)] 365886K->294158K(764416K), 0.0026537 secs] [Times: user=0.01 sys=0.00, real=0.00 secs] 
1039.830: [GC (Allocation Failure) [PSYoungGen: 72640K->1408K(72192K)] 365326K->294094K(763904K), 0.0026168 secs] [Times: user=0.01 sys=0.00, real=0.00 secs] 
1040.813: [GC (Allocation Failure) [PSYoungGen: 72064K->1344K(71680K)] 364750K->294030K(763392K), 0.0028443 secs] [Times: user=0.01 sys=0.00, real=0.00 secs] 
1041.724: [GC (Allocation Failure) [PSYoungGen: 71488K->1376K(71168K)] 364174K->294062K(762880K), 0.0030965 secs] [Times: user=0.01 sys=0.00, real=0.00 secs] 
1042.538: [GC (Allocation Failure) [PSYoungGen: 71008K->1469K(70656K)] 363694K->294172K(762368K), 0.0026763 secs] [Times: user=0.01 sys=0.00, real=0.00 secs] 
1042.715: [GC (Allocation Failure) [PSYoungGen: 70589K->1488K(70144K)] 363292K->294190K(761856K), 0.0015611 secs] [Times: user=0.01 sys=0.00, real=0.00 secs] 
1042.836: [GC (Allocation Failure) [PSYoungGen: 70096K->1488K(69632K)] 362798K->294190K(761344K), 0.0015388 secs] [Times: user=0.01 sys=0.00, real=0.00 secs] 
1042.955: [GC (Allocation Failure) [PSYoungGen: 69584K->1485K(70144K)] 362286K->294188K(761856K), 0.0015456 secs] [Times: user=0.00 sys=0.00, real=0.00 secs] 
1043.302: [GC (Allocation Failure) [PSYoungGen: 69581K->1440K(70144K)] 362284K->294142K(761856K), 0.0018293 secs] [Times: user=0.00 sys=0.00, real=0.00 secs] 
1043.976: [GC (Allocation Failure) [PSYoungGen: 69536K->1376K(70144K)] 362238K->294094K(761856K), 0.0036459 secs] [Times: user=0.01 sys=0.00, real=0.01 secs] 
1044.895: [GC (Allocation Failure) [PSYoungGen: 69472K->1376K(70144K)] 362190K->294094K(761856K), 0.0033995 secs] [Times: user=0.02 sys=0.00, real=0.01 secs] 
1045.693: [GC (Allocation Failure) [PSYoungGen: 69472K->1376K(70144K)] 362190K->294094K(761856K), 0.0023213 secs] [Times: user=0.01 sys=0.00, real=0.00 secs] 
1046.683: [GC (Allocation Failure) [PSYoungGen: 69472K->1440K(70144K)] 362190K->294166K(761856K), 0.0024980 secs] [Times: user=0.01 sys=0.00, real=0.00 secs] 
1046.913: [GC (Allocation Failure) [PSYoungGen: 69536K->1517K(70144K)] 362262K->294244K(761856K), 0.0021124 secs] [Times: user=0.01 sys=0.00, real=0.00 secs] 
1047.056: [GC (Allocation Failure) [PSYoungGen: 69613K->1488K(70144K)] 362340K->294214K(761856K), 0.0015215 secs] [Times: user=0.00 sys=0.00, real=0.00 secs] 
1047.193: [GC (Allocation Failure) [PSYoungGen: 69584K->1517K(70144K)] 362310K->294252K(761856K), 0.0016643 secs] [Times: user=0.01 sys=0.00, real=0.00 secs] 
1047.785: [GC (Allocation Failure) [PSYoungGen: 69613K->1472K(70144K)] 362348K->294206K(761856K), 0.0029885 secs] [Times: user=0.01 sys=0.00, real=0.01 secs] 
1048.278: [GC (Allocation Failure) [PSYoungGen: 69568K->1408K(70144K)] 362302K->294142K(761856K), 0.0022263 secs] [Times: user=0.01 sys=0.00, real=0.00 secs] 
1048.927: [GC (Allocation Failure) [PSYoungGen: 69504K->1376K(70144K)] 362238K->294110K(761856K), 0.0031342 secs] [Times: user=0.01 sys=0.00, real=0.01 secs] 
1049.547: [GC (Allocation Failure) [PSYoungGen: 69472K->1376K(70144K)] 362206K->294110K(761856K), 0.0021572 secs] [Times: user=0.01 sys=0.01, real=0.01 secs] 
1050.044: [GC (Allocation Failure) [PSYoungGen: 69472K->1472K(70144K)] 362206K->294206K(761856K), 0.0019199 secs] [Times: user=0.01 sys=0.00, real=0.00 secs] 
1050.175: [GC (Allocation Failure) [PSYoungGen: 69546K->1456K(70144K)] 362280K->294190K(761856K), 0.0017020 secs] [Times: user=0.01 sys=0.00, real=0.00 secs] 
1050.295: [GC (Allocation Failure) [PSYoungGen: 69552K->1485K(70144K)] 362286K->294220K(761856K), 0.0014478 secs] [Times: user=0.01 sys=0.00, real=0.00 secs] 
1050.413: [GC (Allocation Failure) [PSYoungGen: 69581K->1453K(70144K)] 362316K->294204K(761856K), 0.0015757 secs] [Times: user=0.00 sys=0.00, real=0.00 secs] 
1050.931: [GC (Allocation Failure) [PSYoungGen: 69549K->1440K(70144K)] 362300K->294190K(761856K), 0.0020968 secs] [Times: user=0.01 sys=0.00, real=0.00 secs] 
1051.215: [GC (Allocation Failure) [PSYoungGen: 69536K->1408K(70144K)] 362286K->294158K(761856K), 0.0019874 secs] [Times: user=0.00 sys=0.00, real=0.00 secs] 
1051.520: [GC (Allocation Failure) [PSYoungGen: 69504K->1408K(70144K)] 362254K->294158K(761856K), 0.0017971 secs] [Times: user=0.01 sys=0.00, real=0.00 secs] 
1051.802: [GC (Allocation Failure) [PSYoungGen: 69504K->1376K(70144K)] 362254K->294134K(761856K), 0.0017401 secs] [Times: user=0.01 sys=0.00, real=0.00 secs] 
1052.159: [GC (Allocation Failure) [PSYoungGen: 69472K->1437K(70144K)] 362230K->294196K(761856K), 0.0015364 secs] [Times: user=0.01 sys=0.00, real=0.00 secs] 
1052.278: [GC (Allocation Failure) [PSYoungGen: 69511K->1488K(70144K)] 362270K->294246K(761856K), 0.0014413 secs] [Times: user=0.01 sys=0.00, real=0.00 secs] 
1052.397: [GC (Allocation Failure) [PSYoungGen: 69584K->1424K(70144K)] 362342K->294198K(761856K), 0.0016092 secs] [Times: user=0.01 sys=0.00, real=0.01 secs] 
1052.516: [GC (Allocation Failure) [PSYoungGen: 69520K->1424K(70656K)] 362294K->294206K(762368K), 0.0017727 secs] [Times: user=0.00 sys=0.00, real=0.01 secs] 
1053.151: [GC (Allocation Failure) [PSYoungGen: 70032K->1440K(69632K)] 362814K->294222K(761344K), 0.0019383 secs] [Times: user=0.01 sys=0.00, real=0.00 secs] 
1053.877: [GC (Allocation Failure) [PSYoungGen: 69536K->384K(69120K)] 362318K->294190K(760832K), 0.0016405 secs] [Times: user=0.01 sys=0.00, real=0.01 secs] 
1054.392: [GC (Allocation Failure) [PSYoungGen: 68480K->320K(70144K)] 362286K->294126K(761856K), 0.0018950 secs] [Times: user=0.01 sys=0.01, real=0.00 secs] 
1054.924: [GC (Allocation Failure) [PSYoungGen: 68416K->320K(70144K)] 362222K->294126K(761856K), 0.0019015 secs] [Times: user=0.01 sys=0.00, real=0.00 secs] 
1055.258: [GC (Allocation Failure) [PSYoungGen: 68416K->1437K(70144K)] 362222K->295244K(761856K), 0.0015637 secs] [Times: user=0.01 sys=0.00, real=0.00 secs] 
1055.378: [GC (Allocation Failure) [PSYoungGen: 69508K->1501K(70144K)] 363315K->295308K(761856K), 0.0015363 secs] [Times: user=0.00 sys=0.00, real=0.01 secs] 
1055.497: [GC (Allocation Failure) [PSYoungGen: 69597K->1456K(70144K)] 363404K->295262K(761856K), 0.0016639 secs] [Times: user=0.01 sys=0.00, real=0.01 secs] 
1055.618: [GC (Allocation Failure) [PSYoungGen: 69552K->1424K(70144K)] 363358K->295246K(761856K), 0.0016941 secs] [Times: user=0.01 sys=0.00, real=0.01 secs] 
1056.217: [GC (Allocation Failure) [PSYoungGen: 69520K->1408K(70144K)] 363342K->295230K(761856K), 0.0032516 secs] [Times: user=0.02 sys=0.00, real=0.01 secs] 
1056.559: [GC (Allocation Failure) [PSYoungGen: 69504K->1344K(70144K)] 363326K->295166K(761856K), 0.0020769 secs] [Times: user=0.01 sys=0.00, real=0.00 secs] 
1056.867: [GC (Allocation Failure) [PSYoungGen: 69440K->1360K(70144K)] 363262K->295182K(761856K), 0.0023731 secs] [Times: user=0.01 sys=0.00, real=0.01 secs] 
1057.145: [GC (Allocation Failure) [PSYoungGen: 69456K->1408K(70144K)] 363278K->295230K(761856K), 0.0017976 secs] [Times: user=0.00 sys=0.00, real=0.00 secs] 
1057.382: [GC (Allocation Failure) [PSYoungGen: 69504K->1485K(70144K)] 363326K->295308K(761856K), 0.0015838 secs] [Times: user=0.01 sys=0.00, real=0.00 secs] 
1057.502: [GC (Allocation Failure) [PSYoungGen: 69581K->1456K(70144K)] 363404K->295278K(761856K), 0.0014962 secs] [Times: user=0.00 sys=0.00, real=0.00 secs] 
1057.620: [GC (Allocation Failure) [PSYoungGen: 69552K->1485K(70144K)] 363374K->295308K(761856K), 0.0014522 secs] [Times: user=0.00 sys=0.00, real=0.00 secs] 
1057.739: [GC (Allocation Failure) [PSYoungGen: 69581K->1453K(70144K)] 363404K->295284K(761856K), 0.0015508 secs] [Times: user=0.01 sys=0.00, real=0.00 secs] 
1058.353: [GC (Allocation Failure) [PSYoungGen: 69549K->1408K(70144K)] 363380K->295238K(761856K), 0.0019840 secs] [Times: user=0.01 sys=0.00, real=0.00 secs] 
1058.946: [GC (Allocation Failure) [PSYoungGen: 69504K->1376K(70144K)] 363334K->295206K(761856K), 0.0018832 secs] [Times: user=0.01 sys=0.00, real=0.01 secs] 
1059.302: [GC (Allocation Failure) [PSYoungGen: 69472K->1376K(70144K)] 363302K->295206K(761856K), 0.0020083 secs] [Times: user=0.01 sys=0.00, real=0.00 secs] 
1059.585: [GC (Allocation Failure) [PSYoungGen: 69472K->1376K(70144K)] 363302K->295206K(761856K), 0.0018986 secs] [Times: user=0.00 sys=0.00, real=0.00 secs] 
1059.794: [GC (Allocation Failure) [PSYoungGen: 69472K->1501K(70144K)] 363302K->295332K(761856K), 0.0014204 secs] [Times: user=0.01 sys=0.00, real=0.00 secs] 
1059.914: [GC (Allocation Failure) [PSYoungGen: 69597K->1485K(70144K)] 363428K->295316K(761856K), 0.0015493 secs] [Times: user=0.01 sys=0.00, real=0.00 secs] 
1060.032: [GC (Allocation Failure) [PSYoungGen: 69581K->1485K(70144K)] 363412K->295316K(761856K), 0.0014800 secs] [Times: user=0.01 sys=0.00, real=0.00 secs] 
1060.151: [GC (Allocation Failure) [PSYoungGen: 69581K->1453K(70144K)] 363412K->295292K(761856K), 0.0015857 secs] [Times: user=0.00 sys=0.00, real=0.00 secs] 
1061.298: [GC (Allocation Failure) [PSYoungGen: 69549K->1408K(70144K)] 363388K->295246K(761856K), 0.0028707 secs] [Times: user=0.01 sys=0.00, real=0.01 secs] 
1061.639: [GC (Allocation Failure) [PSYoungGen: 69504K->1360K(70144K)] 363342K->295198K(761856K), 0.0019052 secs] [Times: user=0.01 sys=0.00, real=0.00 secs] 
1061.922: [GC (Allocation Failure) [PSYoungGen: 69456K->1376K(70144K)] 363294K->295230K(761856K), 0.0019152 secs] [Times: user=0.01 sys=0.00, real=0.00 secs] 
1062.205: [GC (Allocation Failure) [PSYoungGen: 69472K->1344K(70144K)] 363326K->295198K(761856K), 0.0020585 secs] [Times: user=0.01 sys=0.00, real=0.00 secs] 
1062.512: [GC (Allocation Failure) [PSYoungGen: 69440K->1488K(70144K)] 363294K->295342K(761856K), 0.0020291 secs] [Times: user=0.01 sys=0.00, real=0.00 secs] 
1062.647: [GC (Allocation Failure) [PSYoungGen: 69584K->1453K(70144K)] 363438K->295308K(761856K), 0.0014462 secs] [Times: user=0.01 sys=0.00, real=0.01 secs] 
1062.766: [GC (Allocation Failure) [PSYoungGen: 69549K->1421K(70144K)] 363404K->295276K(761856K), 0.0014835 secs] [Times: user=0.00 sys=0.00, real=0.00 secs] 
1062.885: [GC (Allocation Failure) [PSYoungGen: 69517K->1485K(70144K)] 363372K->295356K(761856K), 0.0017868 secs] [Times: user=0.01 sys=0.00, real=0.00 secs] 
1063.518: [GC (Allocation Failure) [PSYoungGen: 69581K->1392K(70144K)] 363452K->295262K(761856K), 0.0027896 secs] [Times: user=0.01 sys=0.00, real=0.00 secs] 
1064.128: [GC (Allocation Failure) [PSYoungGen: 69488K->1344K(70144K)] 363358K->295214K(761856K), 0.0038061 secs] [Times: user=0.01 sys=0.01, real=0.00 secs] 
1064.708: [GC (Allocation Failure) [PSYoungGen: 69440K->1408K(70144K)] 363310K->295278K(761856K), 0.0024632 secs] [Times: user=0.01 sys=0.00, real=0.00 secs] 
1065.497: [GC (Allocation Failure) [PSYoungGen: 69504K->1392K(70144K)] 363374K->295262K(761856K), 0.0044824 secs] [Times: user=0.02 sys=0.00, real=0.01 secs] 
1065.836: [GC (Allocation Failure) [PSYoungGen: 69488K->1453K(70144K)] 363358K->295324K(761856K), 0.0017815 secs] [Times: user=0.01 sys=0.00, real=0.01 secs] 
1065.959: [GC (Allocation Failure) [PSYoungGen: 69549K->1453K(70144K)] 363420K->295324K(761856K), 0.0014949 secs] [Times: user=0.01 sys=0.00, real=0.00 secs] 
1066.077: [GC (Allocation Failure) [PSYoungGen: 69549K->1456K(70144K)] 363420K->295326K(761856K), 0.0015962 secs] [Times: user=0.00 sys=0.00, real=0.01 secs] 
1066.197: [GC (Allocation Failure) [PSYoungGen: 69248K->192K(70144K)] 363118K->294062K(761856K), 0.0016977 secs] [Times: user=0.01 sys=0.00, real=0.01 secs] 
1066.664: [GC (Allocation Failure) [PSYoungGen: 68288K->1440K(70144K)] 362158K->295310K(761856K), 0.0017363 secs] [Times: user=0.01 sys=0.00, real=0.00 secs] 
1066.947: [GC (Allocation Failure) [PSYoungGen: 69536K->1344K(70144K)] 363406K->295214K(761856K), 0.0017998 secs] [Times: user=0.00 sys=0.00, real=0.01 secs] 
1067.295: [GC (Allocation Failure) [PSYoungGen: 69440K->1376K(70144K)] 363310K->295246K(761856K), 0.0032783 secs] [Times: user=0.01 sys=0.01, real=0.01 secs] 
1067.853: [GC (Allocation Failure) [PSYoungGen: 69472K->1408K(70144K)] 363342K->295278K(761856K), 0.0024882 secs] [Times: user=0.01 sys=0.00, real=0.00 secs] 
1068.082: [GC (Allocation Failure) [PSYoungGen: 69504K->1453K(70144K)] 363374K->295324K(761856K), 0.0015891 secs] [Times: user=0.00 sys=0.00, real=0.00 secs] 
1068.201: [GC (Allocation Failure) [PSYoungGen: 69549K->1485K(70144K)] 363420K->295356K(761856K), 0.0015964 secs] [Times: user=0.01 sys=0.00, real=0.00 secs] 
1068.339: [GC (Allocation Failure) [PSYoungGen: 69581K->1485K(70144K)] 363452K->295356K(761856K), 0.0016759 secs] [Times: user=0.00 sys=0.00, real=0.00 secs] 
1069.112: [GC (Allocation Failure) [PSYoungGen: 69581K->1680K(70144K)] 363452K->295550K(761856K), 0.0023139 secs] [Times: user=0.01 sys=0.00, real=0.00 secs] 
1070.022: [GC (Allocation Failure) [PSYoungGen: 69776K->1360K(70144K)] 363646K->295230K(761856K), 0.0025928 secs] [Times: user=0.01 sys=0.01, real=0.00 secs] 
1070.661: [GC (Allocation Failure) [PSYoungGen: 69456K->1360K(70144K)] 363326K->295230K(761856K), 0.0025135 secs] [Times: user=0.01 sys=0.00, real=0.00 secs] 
1070.975: [GC (Allocation Failure) [PSYoungGen: 69456K->1376K(70144K)] 363326K->295246K(761856K), 0.0019938 secs] [Times: user=0.00 sys=0.00, real=0.00 secs] 
1071.376: [GC (Allocation Failure) [PSYoungGen: 69472K->1312K(70144K)] 363342K->295182K(761856K), 0.0019334 secs] [Times: user=0.01 sys=0.00, real=0.00 secs] 
1071.591: [GC (Allocation Failure) [PSYoungGen: 69408K->1456K(70144K)] 363278K->295326K(761856K), 0.0015398 secs] [Times: user=0.01 sys=0.00, real=0.00 secs] 
1071.710: [GC (Allocation Failure) [PSYoungGen: 69552K->1485K(70144K)] 363422K->295356K(761856K), 0.0014655 secs] [Times: user=0.01 sys=0.00, real=0.00 secs] 
1071.829: [GC (Allocation Failure) [PSYoungGen: 69581K->1456K(70144K)] 363452K->295334K(761856K), 0.0014488 secs] [Times: user=0.01 sys=0.00, real=0.00 secs] 
1072.084: [GC (Allocation Failure) [PSYoungGen: 69552K->1440K(70144K)] 363430K->295326K(761856K), 0.0018499 secs] [Times: user=0.01 sys=0.00, real=0.00 secs] 
1073.734: [GC (Allocation Failure) [PSYoungGen: 69536K->1360K(70144K)] 363422K->295246K(761856K), 0.0040103 secs] [Times: user=0.02 sys=0.00, real=0.00 secs] 
1074.651: [GC (Allocation Failure) [PSYoungGen: 69456K->1376K(70144K)] 363342K->295286K(761856K), 0.0035759 secs] [Times: user=0.01 sys=0.00, real=0.00 secs] 
1075.327: [GC (Allocation Failure) [PSYoungGen: 69472K->1344K(70144K)] 363382K->295254K(761856K), 0.0030074 secs] [Times: user=0.01 sys=0.00, real=0.01 secs] 
1076.011: [GC (Allocation Failure) [PSYoungGen: 69440K->1456K(70144K)] 363350K->295366K(761856K), 0.0024356 secs] [Times: user=0.00 sys=0.00, real=0.00 secs] 
1076.199: [GC (Allocation Failure) [PSYoungGen: 69552K->1453K(70144K)] 363462K->295364K(761856K), 0.0015825 secs] [Times: user=0.01 sys=0.00, real=0.00 secs] 
1076.338: [GC (Allocation Failure) [PSYoungGen: 69549K->1485K(70144K)] 363460K->295396K(761856K), 0.0018390 secs] [Times: user=0.01 sys=0.00, real=0.01 secs] 
1076.488: [GC (Allocation Failure) [PSYoungGen: 69581K->1485K(70144K)] 363492K->295404K(761856K), 0.0015969 secs] [Times: user=0.01 sys=0.00, real=0.00 secs] 
1076.827: [GC (Allocation Failure) [PSYoungGen: 69581K->1472K(70144K)] 363500K->295390K(761856K), 0.0020957 secs] [Times: user=0.01 sys=0.00, real=0.01 secs] 
1077.675: [GC (Allocation Failure) [PSYoungGen: 69568K->1408K(70144K)] 363486K->295326K(761856K), 0.0037700 secs] [Times: user=0.01 sys=0.00, real=0.01 secs] 
1078.760: [GC (Allocation Failure) [PSYoungGen: 69504K->1376K(70144K)] 363422K->295294K(761856K), 0.0033523 secs] [Times: user=0.01 sys=0.00, real=0.00 secs] 
1079.697: [GC (Allocation Failure) [PSYoungGen: 69472K->1376K(70144K)] 363390K->295294K(761856K), 0.0036616 secs] [Times: user=0.02 sys=0.00, real=0.01 secs] 
1080.550: [GC (Allocation Failure) [PSYoungGen: 69472K->1392K(70144K)] 363390K->295310K(761856K), 0.0029392 secs] [Times: user=0.01 sys=0.00, real=0.00 secs] 
1080.759: [GC (Allocation Failure) [PSYoungGen: 69488K->1485K(70144K)] 363406K->295404K(761856K), 0.0018664 secs] [Times: user=0.01 sys=0.00, real=0.00 secs] 
1080.883: [GC (Allocation Failure) [PSYoungGen: 69581K->1485K(70144K)] 363500K->295404K(761856K), 0.0015933 secs] [Times: user=0.01 sys=0.00, real=0.00 secs] 
1081.002: [GC (Allocation Failure) [PSYoungGen: 69581K->1488K(70144K)] 363500K->295422K(761856K), 0.0015687 secs] [Times: user=0.01 sys=0.00, real=0.00 secs] 
1081.165: [GC (Allocation Failure) [PSYoungGen: 69584K->1424K(70144K)] 363518K->295358K(761856K), 0.0014990 secs] [Times: user=0.00 sys=0.00, real=0.00 secs] 
1081.922: [GC (Allocation Failure) [PSYoungGen: 69520K->1376K(70144K)] 363454K->295310K(761856K), 0.0019542 secs] [Times: user=0.00 sys=0.00, real=0.00 secs] 
1083.110: [GC (Allocation Failure) [PSYoungGen: 69472K->1376K(70144K)] 363406K->295310K(761856K), 0.0020100 secs] [Times: user=0.00 sys=0.00, real=0.00 secs] 
1084.403: [GC (Allocation Failure) [PSYoungGen: 69472K->1344K(70144K)] 363406K->295278K(761856K), 0.0039579 secs] [Times: user=0.02 sys=0.00, real=0.00 secs] 
1085.143: [GC (Allocation Failure) [PSYoungGen: 69440K->1456K(70144K)] 363374K->295390K(761856K), 0.0025315 secs] [Times: user=0.01 sys=0.00, real=0.00 secs] 
1085.315: [GC (Allocation Failure) [PSYoungGen: 69552K->1456K(70144K)] 363486K->295390K(761856K), 0.0015005 secs] [Times: user=0.01 sys=0.00, real=0.00 secs] 
1085.434: [GC (Allocation Failure) [PSYoungGen: 69552K->1485K(70144K)] 363486K->295420K(761856K), 0.0014986 secs] [Times: user=0.01 sys=0.00, real=0.00 secs] 
1085.554: [GC (Allocation Failure) [PSYoungGen: 69581K->1488K(70144K)] 363516K->295430K(761856K), 0.0014729 secs] [Times: user=0.01 sys=0.00, real=0.00 secs] 
1086.077: [GC (Allocation Failure) [PSYoungGen: 69584K->1456K(70144K)] 363526K->295414K(761856K), 0.0021975 secs] [Times: user=0.01 sys=0.00, real=0.01 secs] 
1086.725: [GC (Allocation Failure) [PSYoungGen: 69552K->1440K(70144K)] 363510K->295398K(761856K), 0.0025610 secs] [Times: user=0.01 sys=0.00, real=0.00 secs] 
1087.288: [GC (Allocation Failure) [PSYoungGen: 69536K->1408K(70144K)] 363494K->295366K(761856K), 0.0020073 secs] [Times: user=0.01 sys=0.00, real=0.00 secs] 
1087.649: [GC (Allocation Failure) [PSYoungGen: 69504K->1344K(70144K)] 363462K->295302K(761856K), 0.0018616 secs] [Times: user=0.00 sys=0.00, real=0.00 secs] 
1088.114: [GC (Allocation Failure) [PSYoungGen: 69440K->1472K(70144K)] 363398K->295430K(761856K), 0.0018501 secs] [Times: user=0.00 sys=0.00, real=0.00 secs] 
1088.249: [GC (Allocation Failure) [PSYoungGen: 69568K->1453K(70144K)] 363526K->295412K(761856K), 0.0016510 secs] [Times: user=0.01 sys=0.00, real=0.00 secs] 
1088.368: [GC (Allocation Failure) [PSYoungGen: 69549K->1488K(70144K)] 363508K->295446K(761856K), 0.0014854 secs] [Times: user=0.01 sys=0.00, real=0.00 secs] 
1088.488: [GC (Allocation Failure) [PSYoungGen: 69584K->1485K(70144K)] 363542K->295460K(761856K), 0.0016564 secs] [Times: user=0.01 sys=0.00, real=0.01 secs] 
1088.809: [GC (Allocation Failure) [PSYoungGen: 69581K->1440K(70144K)] 363556K->295414K(761856K), 0.0018425 secs] [Times: user=0.01 sys=0.00, real=0.00 secs] 
1089.515: [GC (Allocation Failure) [PSYoungGen: 69536K->1408K(70144K)] 363510K->295382K(761856K), 0.0039660 secs] [Times: user=0.01 sys=0.00, real=0.01 secs] 
1090.761: [GC (Allocation Failure) [PSYoungGen: 69504K->1376K(70144K)] 363478K->295350K(761856K), 0.0033762 secs] [Times: user=0.02 sys=0.00, real=0.00 secs] 
1091.690: [GC (Allocation Failure) [PSYoungGen: 69472K->1376K(70144K)] 363446K->295350K(761856K), 0.0041541 secs] [Times: user=0.01 sys=0.00, real=0.00 secs] 
1092.218: [GC (Allocation Failure) [PSYoungGen: 69472K->1424K(70144K)] 363446K->295398K(761856K), 0.0022695 secs] [Times: user=0.01 sys=0.00, real=0.01 secs] 
1092.375: [GC (Allocation Failure) [PSYoungGen: 69520K->1485K(70144K)] 363494K->295460K(761856K), 0.0016023 secs] [Times: user=0.00 sys=0.00, real=0.00 secs] 
1092.494: [GC (Allocation Failure) [PSYoungGen: 69581K->1453K(70144K)] 363556K->295428K(761856K), 0.0015011 secs] [Times: user=0.01 sys=0.00, real=0.00 secs] 
1092.616: [GC (Allocation Failure) [PSYoungGen: 69549K->1456K(70144K)] 363524K->295454K(761856K), 0.0014800 secs] [Times: user=0.01 sys=0.00, real=0.00 secs] 
1093.228: [GC (Allocation Failure) [PSYoungGen: 69552K->1440K(69632K)] 363550K->295438K(761344K), 0.0020861 secs] [Times: user=0.01 sys=0.00, real=0.01 secs] 
1094.057: [GC (Allocation Failure) [PSYoungGen: 69536K->1376K(69632K)] 363534K->295390K(761344K), 0.0030773 secs] [Times: user=0.01 sys=0.00, real=0.01 secs] 
1094.638: [GC (Allocation Failure) [PSYoungGen: 69472K->384K(69120K)] 363486K->295430K(760832K), 0.0018089 secs] [Times: user=0.00 sys=0.00, real=0.00 secs] 
1095.131: [GC (Allocation Failure) [PSYoungGen: 68480K->336K(70144K)] 363526K->295382K(761856K), 0.0021135 secs] [Times: user=0.01 sys=0.00, real=0.00 secs] 
1095.586: [GC (Allocation Failure) [PSYoungGen: 68432K->1469K(70144K)] 363478K->296516K(761856K), 0.0029925 secs] [Times: user=0.02 sys=0.00, real=0.01 secs] 
1095.789: [GC (Allocation Failure) [PSYoungGen: 69565K->1517K(70144K)] 364612K->296564K(761856K), 0.0017192 secs] [Times: user=0.01 sys=0.00, real=0.00 secs] 
1095.925: [GC (Allocation Failure) [PSYoungGen: 69613K->1485K(70144K)] 364660K->296532K(761856K), 0.0017571 secs] [Times: user=0.01 sys=0.00, real=0.00 secs] 
1096.075: [GC (Allocation Failure) [PSYoungGen: 69581K->1453K(70144K)] 364628K->296508K(761856K), 0.0017519 secs] [Times: user=0.01 sys=0.00, real=0.00 secs] 
1096.539: [GC (Allocation Failure) [PSYoungGen: 69549K->1392K(70144K)] 364604K->296454K(761856K), 0.0036480 secs] [Times: user=0.01 sys=0.00, real=0.00 secs] 
1097.200: [GC (Allocation Failure) [PSYoungGen: 69488K->1376K(70144K)] 364550K->296438K(761856K), 0.0030231 secs] [Times: user=0.02 sys=0.00, real=0.00 secs] 
1098.095: [GC (Allocation Failure) [PSYoungGen: 69472K->1376K(70144K)] 364534K->296438K(761856K), 0.0022823 secs] [Times: user=0.01 sys=0.00, real=0.00 secs] 
1098.667: [GC (Allocation Failure) [PSYoungGen: 69472K->1376K(70144K)] 364534K->296438K(761856K), 0.0022507 secs] [Times: user=0.01 sys=0.00, real=0.01 secs] 
1099.213: [GC (Allocation Failure) [PSYoungGen: 69450K->1472K(70144K)] 364512K->296534K(761856K), 0.0017072 secs] [Times: user=0.00 sys=0.00, real=0.00 secs] 
1099.333: [GC (Allocation Failure) [PSYoungGen: 69568K->1453K(70144K)] 364630K->296516K(761856K), 0.0017202 secs] [Times: user=0.01 sys=0.00, real=0.00 secs] 
1099.451: [GC (Allocation Failure) [PSYoungGen: 69549K->1453K(70144K)] 364612K->296516K(761856K), 0.0017599 secs] [Times: user=0.01 sys=0.00, real=0.00 secs] 
1099.589: [GC (Allocation Failure) [PSYoungGen: 69549K->1517K(70144K)] 364612K->296588K(761856K), 0.0016453 secs] [Times: user=0.01 sys=0.00, real=0.00 secs] 
1100.044: [GC (Allocation Failure) [PSYoungGen: 69613K->1472K(69632K)] 364684K->296542K(761344K), 0.0020168 secs] [Times: user=0.01 sys=0.01, real=0.00 secs] 
1100.569: [GC (Allocation Failure) [PSYoungGen: 69568K->1376K(69632K)] 364638K->296446K(761344K), 0.0029020 secs] [Times: user=0.01 sys=0.01, real=0.00 secs] 
1100.855: [GC (Allocation Failure) [PSYoungGen: 69472K->1376K(69632K)] 364542K->296446K(761344K), 0.0023539 secs] [Times: user=0.01 sys=0.00, real=0.00 secs] 
1101.186: [GC (Allocation Failure) [PSYoungGen: 69472K->1408K(69632K)] 364542K->296478K(761344K), 0.0023680 secs] [Times: user=0.01 sys=0.00, real=0.01 secs] 
1101.685: [GC (Allocation Failure) [PSYoungGen: 69504K->1453K(69632K)] 364574K->296524K(761344K), 0.0027172 secs] [Times: user=0.01 sys=0.00, real=0.01 secs] 
1101.866: [GC (Allocation Failure) [PSYoungGen: 69549K->1453K(69632K)] 364620K->296524K(761344K), 0.0016699 secs] [Times: user=0.01 sys=0.00, real=0.00 secs] 
1101.985: [GC (Allocation Failure) [PSYoungGen: 69549K->1456K(69632K)] 364620K->296526K(761344K), 0.0014766 secs] [Times: user=0.01 sys=0.00, real=0.00 secs] 
1102.104: [GC (Allocation Failure) [PSYoungGen: 69552K->1469K(69632K)] 364622K->296548K(761344K), 0.0015067 secs] [Times: user=0.00 sys=0.00, real=0.00 secs] 
1102.553: [GC (Allocation Failure) [PSYoungGen: 69565K->1424K(69632K)] 364644K->296510K(761344K), 0.0025461 secs] [Times: user=0.01 sys=0.00, real=0.00 secs] 
1102.981: [GC (Allocation Failure) [PSYoungGen: 69520K->1424K(69632K)] 364606K->296510K(761344K), 0.0021038 secs] [Times: user=0.01 sys=0.00, real=0.00 secs] 
1103.573: [GC (Allocation Failure) [PSYoungGen: 69520K->1312K(69632K)] 364606K->296398K(761344K), 0.0021654 secs] [Times: user=0.01 sys=0.00, real=0.00 secs] 
1104.321: [GC (Allocation Failure) [PSYoungGen: 69408K->1376K(69632K)] 364494K->296462K(761344K), 0.0026620 secs] [Times: user=0.01 sys=0.00, real=0.00 secs] 
1104.992: [GC (Allocation Failure) [PSYoungGen: 69472K->1453K(69632K)] 364558K->296540K(761344K), 0.0021250 secs] [Times: user=0.01 sys=0.00, real=0.00 secs] 
1105.142: [GC (Allocation Failure) [PSYoungGen: 69549K->1456K(69632K)] 364636K->296542K(761344K), 0.0015590 secs] [Times: user=0.01 sys=0.00, real=0.00 secs] 
1105.261: [GC (Allocation Failure) [PSYoungGen: 69552K->1424K(70144K)] 364638K->296510K(761856K), 0.0015726 secs] [Times: user=0.00 sys=0.00, real=0.00 secs] 
1105.380: [GC (Allocation Failure) [PSYoungGen: 69520K->1488K(70144K)] 364606K->296582K(761856K), 0.0015155 secs] [Times: user=0.01 sys=0.00, real=0.00 secs] 
1105.679: [GC (Allocation Failure) [PSYoungGen: 69584K->1440K(70144K)] 364678K->296534K(761856K), 0.0016952 secs] [Times: user=0.00 sys=0.00, real=0.00 secs] 
1105.962: [GC (Allocation Failure) [PSYoungGen: 69536K->1408K(70144K)] 364630K->296502K(761856K), 0.0017113 secs] [Times: user=0.01 sys=0.00, real=0.00 secs] 
1106.245: [GC (Allocation Failure) [PSYoungGen: 69504K->1376K(70144K)] 364598K->296470K(761856K), 0.0015821 secs] [Times: user=0.00 sys=0.00, real=0.00 secs] 
1106.527: [GC (Allocation Failure) [PSYoungGen: 69472K->1408K(70144K)] 364566K->296502K(761856K), 0.0016489 secs] [Times: user=0.00 sys=0.00, real=0.01 secs] 
1106.723: [GC (Allocation Failure) [PSYoungGen: 69504K->1437K(70144K)] 364598K->296532K(761856K), 0.0015870 secs] [Times: user=0.00 sys=0.00, real=0.00 secs] 
1106.841: [GC (Allocation Failure) [PSYoungGen: 69521K->1469K(70144K)] 364615K->296564K(761856K), 0.0015629 secs] [Times: user=0.01 sys=0.00, real=0.00 secs] 
1106.960: [GC (Allocation Failure) [PSYoungGen: 69565K->1421K(70144K)] 364660K->296516K(761856K), 0.0014886 secs] [Times: user=0.00 sys=0.00, real=0.00 secs] 
1107.079: [GC (Allocation Failure) [PSYoungGen: 69517K->1424K(70144K)] 364612K->296526K(761856K), 0.0015373 secs] [Times: user=0.00 sys=0.00, real=0.00 secs] 
1107.361: [GC (Allocation Failure) [PSYoungGen: 69520K->1408K(69632K)] 364622K->296518K(761344K), 0.0016863 secs] [Times: user=0.01 sys=0.00, real=0.00 secs] 
1107.644: [GC (Allocation Failure) [PSYoungGen: 69504K->1376K(69632K)] 364614K->296486K(761344K), 0.0019125 secs] [Times: user=0.01 sys=0.00, real=0.00 secs] 
1107.926: [GC (Allocation Failure) [PSYoungGen: 69472K->320K(68608K)] 364582K->296454K(760320K), 0.0016518 secs] [Times: user=0.01 sys=0.00, real=0.01 secs] 
1108.209: [GC (Allocation Failure) [PSYoungGen: 68416K->336K(70144K)] 364550K->296470K(761856K), 0.0017700 secs] [Times: user=0.01 sys=0.00, real=0.00 secs] 
1108.403: [GC (Allocation Failure) [PSYoungGen: 68407K->1501K(69632K)] 364542K->297636K(761344K), 0.0016596 secs] [Times: user=0.01 sys=0.00, real=0.00 secs] 
1108.523: [GC (Allocation Failure) [PSYoungGen: 69597K->1456K(69632K)] 365732K->297590K(761344K), 0.0015792 secs] [Times: user=0.01 sys=0.00, real=0.00 secs] 
1108.642: [GC (Allocation Failure) [PSYoungGen: 69552K->1485K(69632K)] 365686K->297620K(761344K), 0.0015035 secs] [Times: user=0.00 sys=0.00, real=0.00 secs] 
1108.781: [GC (Allocation Failure) [PSYoungGen: 69581K->1517K(73728K)] 365716K->297660K(765440K), 0.0016818 secs] [Times: user=0.01 sys=0.00, real=0.00 secs] 
1109.128: [GC (Allocation Failure) [PSYoungGen: 73197K->1408K(72704K)] 369340K->297550K(764416K), 0.0022098 secs] [Times: user=0.00 sys=0.00, real=0.00 secs] 
1109.424: [GC (Allocation Failure) [PSYoungGen: 72576K->1376K(72192K)] 368718K->297518K(763904K), 0.0021481 secs] [Times: user=0.01 sys=0.00, real=0.00 secs] 
1109.669: [GC (Allocation Failure) [PSYoungGen: 72032K->1440K(71680K)] 368174K->297582K(763392K), 0.0018636 secs] [Times: user=0.00 sys=0.00, real=0.00 secs] 
1109.758: [GC (Allocation Failure) [PSYoungGen: 71584K->1517K(75776K)] 367726K->297660K(767488K), 0.0015523 secs] [Times: user=0.00 sys=0.00, real=0.00 secs] 
1109.846: [GC (Allocation Failure) [PSYoungGen: 75245K->1501K(79872K)] 371388K->297644K(771584K), 0.0018551 secs] [Times: user=0.00 sys=0.00, real=0.00 secs] 
1109.938: [GC (Allocation Failure) [PSYoungGen: 79325K->1533K(79872K)] 375468K->297676K(771584K), 0.0015808 secs] [Times: user=0.01 sys=0.00, real=0.00 secs] 
1112.462: [GC (Allocation Failure) [PSYoungGen: 79357K->1440K(87552K)] 375500K->297598K(779264K), 0.0022920 secs] [Times: user=0.01 sys=0.00, real=0.00 secs] 
1113.684: [GC (Allocation Failure) [PSYoungGen: 87456K->1312K(87040K)] 383614K->297470K(778752K), 0.0025734 secs] [Times: user=0.01 sys=0.00, real=0.00 secs] 
1114.063: [GC (Allocation Failure) [PSYoungGen: 86816K->1344K(86528K)] 382974K->297502K(778240K), 0.0018880 secs] [Times: user=0.01 sys=0.00, real=0.00 secs] 
1114.353: [GC (Allocation Failure) [PSYoungGen: 86336K->1501K(86016K)] 382494K->297660K(777728K), 0.0017148 secs] [Times: user=0.01 sys=0.00, real=0.00 secs] 
1114.501: [GC (Allocation Failure) [PSYoungGen: 85981K->1520K(85504K)] 382140K->297678K(777216K), 0.0014994 secs] [Times: user=0.00 sys=0.00, real=0.00 secs] 
1114.673: [GC (Allocation Failure) [PSYoungGen: 85488K->1520K(84992K)] 381646K->297678K(776704K), 0.0020479 secs] [Times: user=0.00 sys=0.00, real=0.00 secs] 
1115.010: [GC (Allocation Failure) [PSYoungGen: 84976K->1392K(84480K)] 381134K->297550K(776192K), 0.0020229 secs] [Times: user=0.01 sys=0.00, real=0.00 secs] 
1115.389: [GC (Allocation Failure) [PSYoungGen: 84336K->1360K(83968K)] 380494K->297518K(775680K), 0.0020816 secs] [Times: user=0.00 sys=0.00, real=0.00 secs] 
1115.741: [GC (Allocation Failure) [PSYoungGen: 83792K->1376K(83456K)] 379950K->297534K(775168K), 0.0018281 secs] [Times: user=0.01 sys=0.00, real=0.00 secs] 
1116.098: [GC (Allocation Failure) [PSYoungGen: 83296K->1360K(82944K)] 379454K->297518K(774656K), 0.0020317 secs] [Times: user=0.01 sys=0.01, real=0.00 secs] 
1116.396: [GC (Allocation Failure) [PSYoungGen: 82768K->1517K(82432K)] 378926K->297676K(774144K), 0.0020240 secs] [Times: user=0.01 sys=0.00, real=0.01 secs] 
1116.564: [GC (Allocation Failure) [PSYoungGen: 82413K->1456K(81920K)] 378572K->297614K(773632K), 0.0016443 secs] [Times: user=0.01 sys=0.00, real=0.00 secs] 
1116.704: [GC (Allocation Failure) [PSYoungGen: 81840K->1453K(81408K)] 377998K->297612K(773120K), 0.0015543 secs] [Times: user=0.01 sys=0.00, real=0.00 secs] 
1117.812: [GC (Allocation Failure) [PSYoungGen: 81325K->1344K(80896K)] 377484K->297502K(772608K), 0.0028606 secs] [Times: user=0.01 sys=0.00, real=0.00 secs] 
1118.515: [GC (Allocation Failure) [PSYoungGen: 80704K->1360K(80384K)] 376862K->297518K(772096K), 0.0025043 secs] [Times: user=0.01 sys=0.00, real=0.01 secs] 
1119.075: [GC (Allocation Failure) [PSYoungGen: 80208K->1344K(79872K)] 376366K->297502K(771584K), 0.0023855 secs] [Times: user=0.01 sys=0.01, real=0.00 secs] 
1119.842: [GC (Allocation Failure) [PSYoungGen: 79680K->1501K(79360K)] 375838K->297660K(771072K), 0.0020228 secs] [Times: user=0.01 sys=0.00, real=0.00 secs] 
1119.998: [GC (Allocation Failure) [PSYoungGen: 79325K->1453K(78848K)] 375484K->297612K(770560K), 0.0016503 secs] [Times: user=0.01 sys=0.00, real=0.01 secs] 
1120.154: [GC (Allocation Failure) [PSYoungGen: 78765K->1488K(78336K)] 374924K->297646K(770048K), 0.0016926 secs] [Times: user=0.00 sys=0.00, real=0.00 secs] 
1120.316: [GC (Allocation Failure) [PSYoungGen: 78288K->1488K(77824K)] 374446K->297646K(769536K), 0.0015919 secs] [Times: user=0.01 sys=0.00, real=0.00 secs] 
1121.349: [GC (Allocation Failure) [PSYoungGen: 77776K->1424K(77312K)] 373934K->297582K(769024K), 0.0021282 secs] [Times: user=0.01 sys=0.00, real=0.00 secs] 
1122.231: [GC (Allocation Failure) [PSYoungGen: 77200K->1376K(76800K)] 373358K->297534K(768512K), 0.0023235 secs] [Times: user=0.01 sys=0.00, real=0.00 secs] 
1123.079: [GC (Allocation Failure) [PSYoungGen: 76640K->1376K(76288K)] 372798K->297534K(768000K), 0.0020619 secs] [Times: user=0.01 sys=0.00, real=0.00 secs] 
1123.716: [GC (Allocation Failure) [PSYoungGen: 76128K->1456K(75776K)] 372286K->297614K(767488K), 0.0022291 secs] [Times: user=0.01 sys=0.00, real=0.01 secs] 
1123.876: [GC (Allocation Failure) [PSYoungGen: 75696K->1488K(75264K)] 371854K->297646K(766976K), 0.0016742 secs] [Times: user=0.01 sys=0.00, real=0.00 secs] 
1124.005: [GC (Allocation Failure) [PSYoungGen: 75216K->1453K(74752K)] 371374K->297612K(766464K), 0.0015460 secs] [Times: user=0.00 sys=0.00, real=0.00 secs] 
1124.133: [GC (Allocation Failure) [PSYoungGen: 74669K->1453K(74240K)] 370828K->297612K(765952K), 0.0014955 secs] [Times: user=0.01 sys=0.00, real=0.00 secs] 
1125.255: [GC (Allocation Failure) [PSYoungGen: 74157K->1392K(73728K)] 370316K->297550K(765440K), 0.0029224 secs] [Times: user=0.01 sys=0.00, real=0.00 secs] 
1125.837: [GC (Allocation Failure) [PSYoungGen: 73584K->1376K(73216K)] 369742K->297550K(764928K), 0.0020806 secs] [Times: user=0.01 sys=0.00, real=0.01 secs] 
1126.600: [GC (Allocation Failure) [PSYoungGen: 73056K->1392K(72704K)] 369230K->297566K(764416K), 0.0022173 secs] [Times: user=0.01 sys=0.00, real=0.00 secs] 
1127.371: [GC (Allocation Failure) [PSYoungGen: 72560K->1408K(72192K)] 368734K->297582K(763904K), 0.0021750 secs] [Times: user=0.01 sys=0.01, real=0.00 secs] 
1127.767: [GC (Allocation Failure) [PSYoungGen: 72064K->1453K(71680K)] 368238K->297628K(763392K), 0.0018623 secs] [Times: user=0.01 sys=0.00, real=0.01 secs] 
1127.889: [GC (Allocation Failure) [PSYoungGen: 71597K->1453K(71168K)] 367772K->297628K(762880K), 0.0015162 secs] [Times: user=0.01 sys=0.00, real=0.00 secs] 
1128.011: [GC (Allocation Failure) [PSYoungGen: 71085K->1456K(70656K)] 367260K->297630K(762368K), 0.0015842 secs] [Times: user=0.00 sys=0.00, real=0.00 secs] 
1128.167: [GC (Allocation Failure) [PSYoungGen: 70576K->1472K(70144K)] 366750K->297646K(761856K), 0.0016301 secs] [Times: user=0.01 sys=0.00, real=0.01 secs] 
1128.748: [GC (Allocation Failure) [PSYoungGen: 70080K->1376K(69632K)] 366254K->297550K(761344K), 0.0023263 secs] [Times: user=0.01 sys=0.00, real=0.00 secs] 
1129.054: [GC (Allocation Failure) [PSYoungGen: 69472K->1312K(69632K)] 365646K->297486K(761344K), 0.0019250 secs] [Times: user=0.01 sys=0.00, real=0.00 secs] 
1129.397: [GC (Allocation Failure) [PSYoungGen: 69408K->1360K(70144K)] 365582K->297534K(761856K), 0.0017225 secs] [Times: user=0.01 sys=0.00, real=0.01 secs] 
1129.848: [GC (Allocation Failure) [PSYoungGen: 69456K->1376K(70144K)] 365630K->297550K(761856K), 0.0020009 secs] [Times: user=0.01 sys=0.00, real=0.01 secs] 
1130.547: [GC (Allocation Failure) [PSYoungGen: 69472K->1517K(70144K)] 365646K->297692K(761856K), 0.0017019 secs] [Times: user=0.01 sys=0.00, real=0.01 secs] 
1130.667: [GC (Allocation Failure) [PSYoungGen: 69613K->1488K(70144K)] 365788K->297662K(761856K), 0.0017371 secs] [Times: user=0.01 sys=0.00, real=0.01 secs] 
1130.785: [GC (Allocation Failure) [PSYoungGen: 69584K->1520K(70144K)] 365758K->297694K(761856K), 0.0015155 secs] [Times: user=0.00 sys=0.00, real=0.00 secs] 
1131.096: [GC (Allocation Failure) [PSYoungGen: 69616K->1984K(70144K)] 365790K->298174K(761856K), 0.0022432 secs] [Times: user=0.01 sys=0.00, real=0.01 secs] 
1132.068: [GC (Allocation Failure) [PSYoungGen: 70080K->1344K(70144K)] 366270K->297534K(761856K), 0.0026462 secs] [Times: user=0.01 sys=0.00, real=0.00 secs] 
1132.489: [GC (Allocation Failure) [PSYoungGen: 69440K->1376K(70144K)] 365630K->297566K(761856K), 0.0019870 secs] [Times: user=0.01 sys=0.00, real=0.00 secs] 
1132.772: [GC (Allocation Failure) [PSYoungGen: 69472K->1344K(70144K)] 365662K->297550K(761856K), 0.0019810 secs] [Times: user=0.01 sys=0.00, real=0.00 secs] 
1133.261: [GC (Allocation Failure) [PSYoungGen: 69440K->1408K(70144K)] 365646K->297614K(761856K), 0.0020478 secs] [Times: user=0.00 sys=0.00, real=0.00 secs] 
1133.541: [GC (Allocation Failure) [PSYoungGen: 69504K->1456K(70144K)] 365710K->297662K(761856K), 0.0014786 secs] [Times: user=0.01 sys=0.00, real=0.00 secs] 
1133.660: [GC (Allocation Failure) [PSYoungGen: 69552K->1453K(70144K)] 365758K->297660K(761856K), 0.0017140 secs] [Times: user=0.01 sys=0.00, real=0.00 secs] 
1133.780: [GC (Allocation Failure) [PSYoungGen: 69549K->1488K(70144K)] 365756K->297702K(761856K), 0.0015375 secs] [Times: user=0.01 sys=0.00, real=0.00 secs] 
1134.135: [GC (Allocation Failure) [PSYoungGen: 69584K->1440K(70144K)] 365798K->297654K(761856K), 0.0021081 secs] [Times: user=0.01 sys=0.00, real=0.00 secs] 
1134.936: [GC (Allocation Failure) [PSYoungGen: 69536K->1376K(70144K)] 365750K->297590K(761856K), 0.0035992 secs] [Times: user=0.01 sys=0.00, real=0.01 secs] 
1135.848: [GC (Allocation Failure) [PSYoungGen: 69472K->1344K(70144K)] 365686K->297558K(761856K), 0.0026505 secs] [Times: user=0.01 sys=0.00, real=0.00 secs] 
1136.515: [GC (Allocation Failure) [PSYoungGen: 69440K->1312K(70144K)] 365654K->297526K(761856K), 0.0022724 secs] [Times: user=0.01 sys=0.00, real=0.00 secs] 
1137.271: [GC (Allocation Failure) [PSYoungGen: 69408K->1424K(70144K)] 365622K->297638K(761856K), 0.0025183 secs] [Times: user=0.01 sys=0.00, real=0.00 secs] 
1137.449: [GC (Allocation Failure) [PSYoungGen: 69520K->1424K(70144K)] 365734K->297638K(761856K), 0.0017461 secs] [Times: user=0.00 sys=0.00, real=0.00 secs] 
1137.586: [GC (Allocation Failure) [PSYoungGen: 69520K->1517K(70144K)] 365734K->297732K(761856K), 0.0018264 secs] [Times: user=0.01 sys=0.00, real=0.00 secs] 
1137.745: [GC (Allocation Failure) [PSYoungGen: 69613K->1517K(70144K)] 365828K->297740K(761856K), 0.0018697 secs] [Times: user=0.01 sys=0.00, real=0.00 secs] 
1139.352: [GC (Allocation Failure) [PSYoungGen: 69613K->1456K(70144K)] 365836K->297678K(761856K), 0.0033874 secs] [Times: user=0.01 sys=0.00, real=0.00 secs] 
1140.322: [GC (Allocation Failure) [PSYoungGen: 69552K->1408K(70144K)] 365774K->297630K(761856K), 0.0025113 secs] [Times: user=0.01 sys=0.00, real=0.00 secs] 
1141.403: [GC (Allocation Failure) [PSYoungGen: 69504K->1344K(70144K)] 365726K->297566K(761856K), 0.0023067 secs] [Times: user=0.01 sys=0.00, real=0.00 secs] 
1142.703: [GC (Allocation Failure) [PSYoungGen: 69440K->1376K(70144K)] 365662K->297598K(761856K), 0.0022398 secs] [Times: user=0.01 sys=0.00, real=0.00 secs] 
1143.325: [GC (Allocation Failure) [PSYoungGen: 69472K->1488K(70144K)] 365694K->297710K(761856K), 0.0024243 secs] [Times: user=0.01 sys=0.00, real=0.00 secs] 
1143.543: [GC (Allocation Failure) [PSYoungGen: 69576K->1485K(70144K)] 365799K->297708K(761856K), 0.0022447 secs] [Times: user=0.01 sys=0.00, real=0.00 secs] 
1143.689: [GC (Allocation Failure) [PSYoungGen: 69581K->1456K(70144K)] 365804K->297678K(761856K), 0.0017781 secs] [Times: user=0.01 sys=0.00, real=0.00 secs] 
1143.808: [GC (Allocation Failure) [PSYoungGen: 69552K->1517K(70144K)] 365774K->297748K(761856K), 0.0017681 secs] [Times: user=0.01 sys=0.00, real=0.00 secs] 
1144.905: [GC (Allocation Failure) [PSYoungGen: 69613K->1408K(70144K)] 365844K->297638K(761856K), 0.0037619 secs] [Times: user=0.02 sys=0.00, real=0.01 secs] 
1145.632: [GC (Allocation Failure) [PSYoungGen: 69504K->1360K(70144K)] 365734K->297590K(761856K), 0.0027625 secs] [Times: user=0.01 sys=0.01, real=0.00 secs] 
1146.237: [GC (Allocation Failure) [PSYoungGen: 69456K->1408K(70144K)] 365686K->297638K(761856K), 0.0024846 secs] [Times: user=0.01 sys=0.00, real=0.01 secs] 
1146.863: [GC (Allocation Failure) [PSYoungGen: 69504K->1376K(70144K)] 365734K->297622K(761856K), 0.0024766 secs] [Times: user=0.01 sys=0.00, real=0.00 secs] 
1147.462: [GC (Allocation Failure) [PSYoungGen: 69472K->1488K(70144K)] 365718K->297734K(761856K), 0.0022719 secs] [Times: user=0.01 sys=0.00, real=0.00 secs] 
1147.616: [GC (Allocation Failure) [PSYoungGen: 69584K->1488K(70144K)] 365830K->297734K(761856K), 0.0017047 secs] [Times: user=0.01 sys=0.00, real=0.00 secs] 
1147.737: [GC (Allocation Failure) [PSYoungGen: 69584K->1485K(70144K)] 365830K->297732K(761856K), 0.0015929 secs] [Times: user=0.01 sys=0.00, real=0.01 secs] 
1147.857: [GC (Allocation Failure) [PSYoungGen: 69581K->1485K(70144K)] 365828K->297748K(761856K), 0.0015155 secs] [Times: user=0.00 sys=0.00, real=0.01 secs] 
1148.107: [GC (Allocation Failure) [PSYoungGen: 69581K->1424K(70144K)] 365844K->297686K(761856K), 0.0019092 secs] [Times: user=0.01 sys=0.00, real=0.01 secs] 
1148.390: [GC (Allocation Failure) [PSYoungGen: 69520K->1376K(70144K)] 365782K->297638K(761856K), 0.0017210 secs] [Times: user=0.01 sys=0.00, real=0.00 secs] 
1149.149: [GC (Allocation Failure) [PSYoungGen: 69472K->1408K(70144K)] 365734K->297670K(761856K), 0.0025800 secs] [Times: user=0.01 sys=0.00, real=0.00 secs] 
1150.202: [GC (Allocation Failure) [PSYoungGen: 69504K->1392K(70144K)] 365766K->297654K(761856K), 0.0029497 secs] [Times: user=0.01 sys=0.00, real=0.00 secs] 
1151.132: [GC (Allocation Failure) [PSYoungGen: 69488K->1456K(70144K)] 365750K->297718K(761856K), 0.0023804 secs] [Times: user=0.01 sys=0.00, real=0.00 secs] 
1151.300: [GC (Allocation Failure) [PSYoungGen: 69552K->1485K(70144K)] 365814K->297748K(761856K), 0.0014970 secs] [Times: user=0.01 sys=0.00, real=0.00 secs] 
1151.418: [GC (Allocation Failure) [PSYoungGen: 69581K->1453K(70144K)] 365844K->297716K(761856K), 0.0014968 secs] [Times: user=0.01 sys=0.00, real=0.00 secs] 
1151.537: [GC (Allocation Failure) [PSYoungGen: 69549K->1453K(70144K)] 365812K->297748K(761856K), 0.0014868 secs] [Times: user=0.01 sys=0.00, real=0.01 secs] 
1152.702: [GC (Allocation Failure) [PSYoungGen: 69549K->1408K(70144K)] 365844K->297702K(761856K), 0.0024234 secs] [Times: user=0.01 sys=0.00, real=0.00 secs] 
1153.665: [GC (Allocation Failure) [PSYoungGen: 69504K->1328K(70144K)] 365798K->297622K(761856K), 0.0037654 secs] [Times: user=0.01 sys=0.00, real=0.01 secs] 
1154.291: [GC (Allocation Failure) [PSYoungGen: 69424K->1328K(70144K)] 365718K->297622K(761856K), 0.0025499 secs] [Times: user=0.01 sys=0.00, real=0.00 secs] 
1154.976: [GC (Allocation Failure) [PSYoungGen: 69424K->1376K(70144K)] 365718K->297686K(761856K), 0.0026238 secs] [Times: user=0.00 sys=0.00, real=0.01 secs] 
1155.581: [GC (Allocation Failure) [PSYoungGen: 69472K->1440K(70144K)] 365782K->297750K(761856K), 0.0026123 secs] [Times: user=0.01 sys=0.00, real=0.00 secs] 
1155.764: [GC (Allocation Failure) [PSYoungGen: 69536K->1488K(70144K)] 365846K->297798K(761856K), 0.0014600 secs] [Times: user=0.00 sys=0.00, real=0.00 secs] 
1155.888: [GC (Allocation Failure) [PSYoungGen: 69584K->1485K(70144K)] 365894K->297796K(761856K), 0.0017103 secs] [Times: user=0.01 sys=0.00, real=0.01 secs] 
1156.008: [GC (Allocation Failure) [PSYoungGen: 69581K->1456K(70144K)] 365892K->297782K(761856K), 0.0016790 secs] [Times: user=0.01 sys=0.00, real=0.00 secs] 
1156.819: [GC (Allocation Failure) [PSYoungGen: 69552K->1440K(70144K)] 365878K->297766K(761856K), 0.0039344 secs] [Times: user=0.02 sys=0.00, real=0.00 secs] 
1158.005: [GC (Allocation Failure) [PSYoungGen: 69536K->1408K(70144K)] 365862K->297734K(761856K), 0.0027630 secs] [Times: user=0.01 sys=0.00, real=0.00 secs] 
1159.184: [GC (Allocation Failure) [PSYoungGen: 69504K->1376K(70144K)] 365830K->297702K(761856K), 0.0036260 secs] [Times: user=0.01 sys=0.00, real=0.00 secs] 
1159.853: [GC (Allocation Failure) [PSYoungGen: 69472K->1376K(70144K)] 365798K->297702K(761856K), 0.0026465 secs] [Times: user=0.02 sys=0.00, real=0.00 secs] 
1160.146: [GC (Allocation Failure) [PSYoungGen: 69472K->1421K(69632K)] 365798K->297748K(761344K), 0.0017817 secs] [Times: user=0.01 sys=0.00, real=0.00 secs] 
1160.265: [GC (Allocation Failure) [PSYoungGen: 69516K->1485K(69632K)] 365843K->297812K(761344K), 0.0015555 secs] [Times: user=0.00 sys=0.00, real=0.00 secs] 
1160.384: [GC (Allocation Failure) [PSYoungGen: 69581K->1453K(70144K)] 365908K->297780K(761856K), 0.0015375 secs] [Times: user=0.00 sys=0.00, real=0.00 secs] 
1160.503: [GC (Allocation Failure) [PSYoungGen: 69549K->1485K(70144K)] 365876K->297828K(761856K), 0.0014938 secs] [Times: user=0.01 sys=0.00, real=0.00 secs] 
1161.031: [GC (Allocation Failure) [PSYoungGen: 69581K->1456K(70144K)] 365924K->297798K(761856K), 0.0018792 secs] [Times: user=0.01 sys=0.00, real=0.00 secs] 
1161.853: [GC (Allocation Failure) [PSYoungGen: 69552K->1376K(70144K)] 365894K->297718K(761856K), 0.0029807 secs] [Times: user=0.01 sys=0.00, real=0.00 secs] 
1162.549: [GC (Allocation Failure) [PSYoungGen: 69472K->1376K(70144K)] 365814K->297718K(761856K), 0.0022564 secs] [Times: user=0.00 sys=0.00, real=0.00 secs] 
1163.232: [GC (Allocation Failure) [PSYoungGen: 69472K->1408K(69632K)] 365814K->297750K(761344K), 0.0023453 secs] [Times: user=0.01 sys=0.00, real=0.00 secs] 
1163.807: [GC (Allocation Failure) [PSYoungGen: 69504K->1453K(69632K)] 365846K->297796K(761344K), 0.0025264 secs] [Times: user=0.01 sys=0.00, real=0.01 secs] 
1163.977: [GC (Allocation Failure) [PSYoungGen: 69549K->1456K(69632K)] 365892K->297798K(761344K), 0.0016142 secs] [Times: user=0.00 sys=0.00, real=0.01 secs] 
1164.096: [GC (Allocation Failure) [PSYoungGen: 69552K->1453K(69632K)] 365894K->297796K(761344K), 0.0015855 secs] [Times: user=0.01 sys=0.00, real=0.00 secs] 
1164.215: [GC (Allocation Failure) [PSYoungGen: 69549K->1485K(69632K)] 365892K->297836K(761344K), 0.0015151 secs] [Times: user=0.01 sys=0.00, real=0.00 secs] 
1165.516: [GC (Allocation Failure) [PSYoungGen: 69581K->1392K(70144K)] 365932K->297758K(761856K), 0.0036999 secs] [Times: user=0.02 sys=0.00, real=0.01 secs] 
1166.595: [GC (Allocation Failure) [PSYoungGen: 69488K->1344K(70144K)] 365854K->297710K(761856K), 0.0071010 secs] [Times: user=0.02 sys=0.00, real=0.01 secs] 
1167.527: [GC (Allocation Failure) [PSYoungGen: 69440K->1408K(69632K)] 365806K->297774K(761344K), 0.0030252 secs] [Times: user=0.01 sys=0.00, real=0.01 secs] 
1168.359: [GC (Allocation Failure) [PSYoungGen: 69504K->1408K(69632K)] 365870K->297774K(761344K), 0.0026420 secs] [Times: user=0.01 sys=0.00, real=0.00 secs] 
1169.006: [GC (Allocation Failure) [PSYoungGen: 69504K->480K(69120K)] 365870K->297870K(760832K), 0.0023694 secs] [Times: user=0.01 sys=0.00, real=0.01 secs] 
1169.166: [GC (Allocation Failure) [PSYoungGen: 68576K->448K(70144K)] 365966K->297838K(761856K), 0.0016965 secs] [Times: user=0.00 sys=0.00, real=0.01 secs] 
1169.285: [GC (Allocation Failure) [PSYoungGen: 68544K->461K(70144K)] 365934K->297852K(761856K), 0.0015104 secs] [Times: user=0.01 sys=0.00, real=0.00 secs] 
1169.422: [GC (Allocation Failure) [PSYoungGen: 68557K->461K(70144K)] 365948K->297860K(761856K), 0.0016798 secs] [Times: user=0.00 sys=0.00, real=0.00 secs] 
1169.941: [GC (Allocation Failure) [PSYoungGen: 68557K->1440K(70144K)] 365956K->298838K(761856K), 0.0020039 secs] [Times: user=0.01 sys=0.00, real=0.00 secs] 
1170.258: [GC (Allocation Failure) [PSYoungGen: 69536K->1408K(70144K)] 366934K->298806K(761856K), 0.0018476 secs] [Times: user=0.00 sys=0.00, real=0.01 secs] 
1170.607: [GC (Allocation Failure) [PSYoungGen: 69504K->1376K(70144K)] 366902K->298774K(761856K), 0.0017643 secs] [Times: user=0.01 sys=0.00, real=0.01 secs] 
1171.051: [GC (Allocation Failure) [PSYoungGen: 69472K->1408K(70144K)] 366870K->298806K(761856K), 0.0023049 secs] [Times: user=0.01 sys=0.00, real=0.00 secs] 
1171.402: [GC (Allocation Failure) [PSYoungGen: 69504K->1517K(70144K)] 366902K->298916K(761856K), 0.0019132 secs] [Times: user=0.01 sys=0.00, real=0.00 secs] 
1171.566: [GC (Allocation Failure) [PSYoungGen: 69582K->1517K(70144K)] 366981K->298916K(761856K), 0.0017872 secs] [Times: user=0.01 sys=0.00, real=0.00 secs] 
1171.729: [GC (Allocation Failure) [PSYoungGen: 69613K->1453K(69632K)] 367012K->298852K(761344K), 0.0022180 secs] [Times: user=0.01 sys=0.00, real=0.00 secs] 
1171.919: [GC (Allocation Failure) [PSYoungGen: 69549K->1453K(70144K)] 366948K->298860K(761856K), 0.0023244 secs] [Times: user=0.01 sys=0.00, real=0.00 secs] 
1172.524: [GC (Allocation Failure) [PSYoungGen: 69549K->1408K(70144K)] 366956K->298814K(761856K), 0.0027951 secs] [Times: user=0.01 sys=0.00, real=0.00 secs] 
1173.081: [GC (Allocation Failure) [PSYoungGen: 69504K->1360K(70144K)] 366910K->298782K(761856K), 0.0030073 secs] [Times: user=0.01 sys=0.00, real=0.00 secs] 
1174.092: [GC (Allocation Failure) [PSYoungGen: 69456K->1344K(70144K)] 366878K->298766K(761856K), 0.0026990 secs] [Times: user=0.01 sys=0.00, real=0.00 secs] 
1174.994: [GC (Allocation Failure) [PSYoungGen: 69440K->1344K(70144K)] 366862K->298766K(761856K), 0.0037050 secs] [Times: user=0.01 sys=0.00, real=0.01 secs] 
1175.469: [GC (Allocation Failure) [PSYoungGen: 69440K->1453K(70144K)] 366862K->298876K(761856K), 0.0020031 secs] [Times: user=0.01 sys=0.00, real=0.00 secs] 
1175.605: [GC (Allocation Failure) [PSYoungGen: 69538K->1488K(70144K)] 366961K->298910K(761856K), 0.0015816 secs] [Times: user=0.00 sys=0.00, real=0.00 secs] 
1175.726: [GC (Allocation Failure) [PSYoungGen: 69584K->1392K(70144K)] 367006K->298814K(761856K), 0.0015511 secs] [Times: user=0.01 sys=0.00, real=0.00 secs] 
1175.847: [GC (Allocation Failure) [PSYoungGen: 69488K->1453K(70144K)] 366910K->298884K(761856K), 0.0015174 secs] [Times: user=0.01 sys=0.00, real=0.01 secs] 
1176.380: [GC (Allocation Failure) [PSYoungGen: 69549K->1376K(70144K)] 366980K->298806K(761856K), 0.0022069 secs] [Times: user=0.00 sys=0.00, real=0.00 secs] 
1176.935: [GC (Allocation Failure) [PSYoungGen: 69472K->1376K(70144K)] 366902K->298806K(761856K), 0.0034705 secs] [Times: user=0.01 sys=0.00, real=0.01 secs] 
1177.599: [GC (Allocation Failure) [PSYoungGen: 69472K->1312K(70144K)] 366902K->298742K(761856K), 0.0029728 secs] [Times: user=0.01 sys=0.00, real=0.00 secs] 
1178.330: [GC (Allocation Failure) [PSYoungGen: 69408K->1408K(70144K)] 366838K->298838K(761856K), 0.0029759 secs] [Times: user=0.01 sys=0.00, real=0.00 secs] 
1178.704: [GC (Allocation Failure) [PSYoungGen: 69504K->1485K(70144K)] 366934K->298916K(761856K), 0.0019365 secs] [Times: user=0.01 sys=0.00, real=0.00 secs] 
1178.837: [GC (Allocation Failure) [PSYoungGen: 69581K->1456K(70144K)] 367012K->298886K(761856K), 0.0014866 secs] [Times: user=0.00 sys=0.00, real=0.01 secs] 
1178.958: [GC (Allocation Failure) [PSYoungGen: 69552K->1456K(70144K)] 366982K->298886K(761856K), 0.0015505 secs] [Times: user=0.00 sys=0.00, real=0.01 secs] 
1179.077: [GC (Allocation Failure) [PSYoungGen: 69552K->1469K(70144K)] 366982K->298916K(761856K), 0.0015183 secs] [Times: user=0.01 sys=0.00, real=0.01 secs] 
1179.796: [GC (Allocation Failure) [PSYoungGen: 69565K->1376K(70144K)] 367012K->298822K(761856K), 0.0029164 secs] [Times: user=0.01 sys=0.00, real=0.01 secs] 
1180.952: [GC (Allocation Failure) [PSYoungGen: 69472K->1344K(70144K)] 366918K->298790K(761856K), 0.0026833 secs] [Times: user=0.01 sys=0.00, real=0.00 secs] 
1182.074: [GC (Allocation Failure) [PSYoungGen: 69440K->1376K(70144K)] 366886K->298822K(761856K), 0.0026127 secs] [Times: user=0.01 sys=0.00, real=0.00 secs] 
1183.044: [GC (Allocation Failure) [PSYoungGen: 69472K->1440K(70144K)] 366918K->298886K(761856K), 0.0030627 secs] [Times: user=0.01 sys=0.00, real=0.00 secs] 
1183.425: [GC (Allocation Failure) [PSYoungGen: 69536K->1485K(70144K)] 366982K->298932K(761856K), 0.0060061 secs] [Times: user=0.03 sys=0.00, real=0.01 secs] 
1183.560: [GC (Allocation Failure) [PSYoungGen: 69581K->1453K(70144K)] 367028K->298900K(761856K), 0.0014982 secs] [Times: user=0.00 sys=0.00, real=0.00 secs] 
1183.680: [GC (Allocation Failure) [PSYoungGen: 69549K->1453K(70144K)] 366996K->298900K(761856K), 0.0015551 secs] [Times: user=0.01 sys=0.00, real=0.00 secs] 
1183.801: [GC (Allocation Failure) [PSYoungGen: 69549K->1453K(70144K)] 366996K->298908K(761856K), 0.0016590 secs] [Times: user=0.01 sys=0.00, real=0.00 secs] 
1184.145: [GC (Allocation Failure) [PSYoungGen: 69549K->1440K(69632K)] 367004K->298894K(761344K), 0.0019503 secs] [Times: user=0.00 sys=0.00, real=0.00 secs] 
1184.450: [GC (Allocation Failure) [PSYoungGen: 69536K->1408K(69632K)] 366990K->298878K(761344K), 0.0018881 secs] [Times: user=0.01 sys=0.00, real=0.00 secs] 
1184.852: [GC (Allocation Failure) [PSYoungGen: 69504K->1408K(69632K)] 366974K->298878K(761344K), 0.0017786 secs] [Times: user=0.01 sys=0.00, real=0.00 secs] 
1185.338: [GC (Allocation Failure) [PSYoungGen: 69504K->1408K(69632K)] 366974K->298878K(761344K), 0.0020260 secs] [Times: user=0.01 sys=0.00, real=0.01 secs] 
1185.551: [GC (Allocation Failure) [PSYoungGen: 69504K->1520K(69632K)] 366974K->298990K(761344K), 0.0014956 secs] [Times: user=0.01 sys=0.00, real=0.00 secs] 
1185.670: [GC (Allocation Failure) [PSYoungGen: 69616K->1453K(69632K)] 367086K->298924K(761344K), 0.0017523 secs] [Times: user=0.00 sys=0.00, real=0.00 secs] 
1185.808: [GC (Allocation Failure) [PSYoungGen: 69549K->1485K(69632K)] 367020K->298956K(761344K), 0.0016761 secs] [Times: user=0.01 sys=0.00, real=0.00 secs] 
1186.046: [GC (Allocation Failure) [PSYoungGen: 69581K->1536K(70144K)] 367052K->299006K(761856K), 0.0019017 secs] [Times: user=0.01 sys=0.00, real=0.01 secs] 
1186.438: [GC (Allocation Failure) [PSYoungGen: 69632K->320K(68608K)] 367102K->298814K(760320K), 0.0021631 secs] [Times: user=0.01 sys=0.00, real=0.00 secs] 
1186.729: [GC (Allocation Failure) [PSYoungGen: 68416K->336K(70144K)] 366910K->298830K(761856K), 0.0018725 secs] [Times: user=0.01 sys=0.00, real=0.00 secs] 
1187.012: [GC (Allocation Failure) [PSYoungGen: 68432K->352K(68608K)] 366926K->298846K(760320K), 0.0023195 secs] [Times: user=0.01 sys=0.00, real=0.00 secs] 
1187.342: [GC (Allocation Failure) [PSYoungGen: 68448K->320K(70144K)] 366942K->298814K(761856K), 0.0019879 secs] [Times: user=0.00 sys=0.00, real=0.00 secs] 
1187.512: [GC (Allocation Failure) [PSYoungGen: 68416K->1485K(70144K)] 366910K->299980K(761856K), 0.0015083 secs] [Times: user=0.01 sys=0.00, real=0.00 secs] 
1187.631: [GC (Allocation Failure) [PSYoungGen: 69581K->1453K(70656K)] 368076K->299948K(762368K), 0.0016014 secs] [Times: user=0.01 sys=0.00, real=0.00 secs] 
1187.751: [GC (Allocation Failure) [PSYoungGen: 69549K->1485K(70656K)] 368044K->299980K(762368K), 0.0015382 secs] [Times: user=0.00 sys=0.00, real=0.00 secs] 
1188.080: [GC (Allocation Failure) [PSYoungGen: 69581K->2496K(70656K)] 368076K->300990K(762368K), 0.0022406 secs] [Times: user=0.01 sys=0.00, real=0.00 secs] 
1189.105: [GC (Allocation Failure) [PSYoungGen: 70592K->1376K(70656K)] 369086K->299870K(762368K), 0.0032005 secs] [Times: user=0.01 sys=0.00, real=0.01 secs] 
1190.012: [GC (Allocation Failure) [PSYoungGen: 69472K->1408K(70656K)] 367966K->299902K(762368K), 0.0032655 secs] [Times: user=0.01 sys=0.00, real=0.00 secs] 
1190.595: [GC (Allocation Failure) [PSYoungGen: 69504K->1408K(70656K)] 367998K->299902K(762368K), 0.0026678 secs] [Times: user=0.01 sys=0.00, real=0.00 secs] 
1191.092: [GC (Allocation Failure) [PSYoungGen: 69504K->1408K(70656K)] 367998K->299902K(762368K), 0.0021356 secs] [Times: user=0.01 sys=0.00, real=0.00 secs] 
1191.266: [GC (Allocation Failure) [PSYoungGen: 69504K->1485K(70656K)] 367998K->299980K(762368K), 0.0016309 secs] [Times: user=0.01 sys=0.00, real=0.00 secs] 
1191.385: [GC (Allocation Failure) [PSYoungGen: 69581K->1453K(70656K)] 368076K->299948K(762368K), 0.0014868 secs] [Times: user=0.00 sys=0.00, real=0.00 secs] 
1191.504: [GC (Allocation Failure) [PSYoungGen: 69549K->1453K(70656K)] 368044K->299956K(762368K), 0.0015033 secs] [Times: user=0.00 sys=0.00, real=0.00 secs] 
1191.801: [GC (Allocation Failure) [PSYoungGen: 69549K->1472K(70656K)] 368052K->299974K(762368K), 0.0018504 secs] [Times: user=0.00 sys=0.00, real=0.00 secs] 
1193.236: [GC (Allocation Failure) [PSYoungGen: 69568K->1376K(69632K)] 368070K->299878K(761344K), 0.0028318 secs] [Times: user=0.01 sys=0.00, real=0.01 secs] 
1193.877: [GC (Allocation Failure) [PSYoungGen: 69472K->1344K(70144K)] 367974K->299846K(761856K), 0.0027205 secs] [Times: user=0.01 sys=0.00, real=0.01 secs] 
1194.350: [GC (Allocation Failure) [PSYoungGen: 69440K->1344K(70144K)] 367942K->299862K(761856K), 0.0019632 secs] [Times: user=0.01 sys=0.00, real=0.00 secs] 
1194.647: [GC (Allocation Failure) [PSYoungGen: 69440K->1392K(70144K)] 367958K->299910K(761856K), 0.0019581 secs] [Times: user=0.01 sys=0.00, real=0.01 secs] 
1194.808: [GC (Allocation Failure) [PSYoungGen: 69488K->1517K(70144K)] 368006K->300036K(761856K), 0.0019663 secs] [Times: user=0.01 sys=0.00, real=0.01 secs] 
1194.973: [GC (Allocation Failure) [PSYoungGen: 69613K->1517K(70144K)] 368132K->300036K(761856K), 0.0020369 secs] [Times: user=0.01 sys=0.00, real=0.00 secs] 
1195.128: [GC (Allocation Failure) [PSYoungGen: 69613K->1456K(70144K)] 368132K->299983K(761856K), 0.0017471 secs] [Times: user=0.01 sys=0.00, real=0.00 secs] 
1195.428: [GC (Allocation Failure) [PSYoungGen: 69552K->1456K(70144K)] 368079K->299982K(761856K), 0.0022313 secs] [Times: user=0.00 sys=0.00, real=0.00 secs] 
1195.794: [GC (Allocation Failure) [PSYoungGen: 69552K->1376K(70144K)] 368078K->299902K(761856K), 0.0019861 secs] [Times: user=0.01 sys=0.00, real=0.00 secs] 
1196.152: [GC (Allocation Failure) [PSYoungGen: 69472K->1408K(70144K)] 367998K->299934K(761856K), 0.0019313 secs] [Times: user=0.01 sys=0.00, real=0.00 secs] 
1196.684: [GC (Allocation Failure) [PSYoungGen: 69504K->1408K(70144K)] 368030K->299934K(761856K), 0.0018632 secs] [Times: user=0.00 sys=0.00, real=0.00 secs] 
1197.230: [GC (Allocation Failure) [PSYoungGen: 69504K->1424K(70144K)] 368030K->299950K(761856K), 0.0017401 secs] [Times: user=0.01 sys=0.00, real=0.00 secs] 
1197.360: [GC (Allocation Failure) [PSYoungGen: 69520K->1453K(70144K)] 368046K->299980K(761856K), 0.0016181 secs] [Times: user=0.01 sys=0.00, real=0.00 secs] 
1197.498: [GC (Allocation Failure) [PSYoungGen: 69549K->1485K(70144K)] 368076K->300012K(761856K), 0.0017516 secs] [Times: user=0.00 sys=0.00, real=0.01 secs] 
1197.648: [GC (Allocation Failure) [PSYoungGen: 69581K->1485K(70144K)] 368108K->300020K(761856K), 0.0018559 secs] [Times: user=0.00 sys=0.00, real=0.01 secs] 
1198.021: [GC (Allocation Failure) [PSYoungGen: 69581K->1408K(70144K)] 368116K->299942K(761856K), 0.0024095 secs] [Times: user=0.01 sys=0.00, real=0.00 secs] 
1198.342: [GC (Allocation Failure) [PSYoungGen: 69504K->1376K(70144K)] 368038K->299910K(761856K), 0.0019524 secs] [Times: user=0.00 sys=0.00, real=0.00 secs] 
1198.794: [GC (Allocation Failure) [PSYoungGen: 69472K->1376K(70144K)] 368006K->299910K(761856K), 0.0019047 secs] [Times: user=0.01 sys=0.00, real=0.00 secs] 
1199.449: [GC (Allocation Failure) [PSYoungGen: 69472K->1376K(70144K)] 368006K->299910K(761856K), 0.0022696 secs] [Times: user=0.01 sys=0.00, real=0.00 secs] 
1199.921: [GC (Allocation Failure) [PSYoungGen: 69472K->1437K(70144K)] 368006K->299972K(761856K), 0.0021749 secs] [Times: user=0.01 sys=0.00, real=0.00 secs] 
1200.067: [GC (Allocation Failure) [PSYoungGen: 69533K->1485K(70144K)] 368068K->300020K(761856K), 0.0015046 secs] [Times: user=0.01 sys=0.00, real=0.01 secs] 
1200.186: [GC (Allocation Failure) [PSYoungGen: 69581K->1453K(70144K)] 368116K->299988K(761856K), 0.0016117 secs] [Times: user=0.01 sys=0.00, real=0.00 secs] 
1200.305: [GC (Allocation Failure) [PSYoungGen: 69549K->1485K(70144K)] 368084K->300036K(761856K), 0.0014477 secs] [Times: user=0.00 sys=0.00, real=0.00 secs] 
1200.935: [GC (Allocation Failure) [PSYoungGen: 69581K->1424K(70144K)] 368132K->299974K(761856K), 0.0025691 secs] [Times: user=0.01 sys=0.00, real=0.01 secs] 
1202.021: [GC (Allocation Failure) [PSYoungGen: 69520K->1376K(70144K)] 368070K->299926K(761856K), 0.0029946 secs] [Times: user=0.02 sys=0.00, real=0.00 secs] 
1202.939: [GC (Allocation Failure) [PSYoungGen: 69472K->1376K(70144K)] 368022K->299926K(761856K), 0.0028563 secs] [Times: user=0.01 sys=0.00, real=0.00 secs] 
1203.761: [GC (Allocation Failure) [PSYoungGen: 69472K->1376K(70144K)] 368022K->299942K(761856K), 0.0025345 secs] [Times: user=0.01 sys=0.00, real=0.00 secs] 
1204.180: [GC (Allocation Failure) [PSYoungGen: 69472K->1472K(70144K)] 368038K->300038K(761856K), 0.0018145 secs] [Times: user=0.00 sys=0.00, real=0.00 secs] 
1204.312: [GC (Allocation Failure) [PSYoungGen: 69567K->1488K(70144K)] 368134K->300055K(761856K), 0.0014886 secs] [Times: user=0.01 sys=0.00, real=0.00 secs] 
1204.431: [GC (Allocation Failure) [PSYoungGen: 69584K->1456K(70144K)] 368151K->300023K(761856K), 0.0015071 secs] [Times: user=0.01 sys=0.00, real=0.00 secs] 
1204.551: [GC (Allocation Failure) [PSYoungGen: 69552K->1488K(70144K)] 368119K->300062K(761856K), 0.0014924 secs] [Times: user=0.00 sys=0.00, real=0.00 secs] 
1204.943: [GC (Allocation Failure) [PSYoungGen: 69584K->1472K(70144K)] 368158K->300046K(761856K), 0.0021096 secs] [Times: user=0.01 sys=0.00, real=0.00 secs] 
1205.570: [GC (Allocation Failure) [PSYoungGen: 69568K->1376K(70144K)] 368142K->299950K(761856K), 0.0021719 secs] [Times: user=0.00 sys=0.00, real=0.00 secs] 
1206.226: [GC (Allocation Failure) [PSYoungGen: 69472K->1376K(70144K)] 368046K->299950K(761856K), 0.0025394 secs] [Times: user=0.01 sys=0.00, real=0.01 secs] 
1206.829: [GC (Allocation Failure) [PSYoungGen: 69472K->1376K(70144K)] 368046K->299950K(761856K), 0.0021066 secs] [Times: user=0.01 sys=0.00, real=0.00 secs] 
1207.136: [GC (GCLocker Initiated GC) [PSYoungGen: 69472K->1453K(70144K)] 368046K->300028K(761856K), 0.0018255 secs] [Times: user=0.01 sys=0.00, real=0.00 secs] 
1207.297: [GC (Allocation Failure) [PSYoungGen: 69549K->1453K(70144K)] 368159K->300063K(761856K), 0.0017713 secs] [Times: user=0.01 sys=0.00, real=0.01 secs] 
1207.451: [GC (Allocation Failure) [PSYoungGen: 69549K->1552K(70144K)] 368159K->300162K(761856K), 0.0014994 secs] [Times: user=0.00 sys=0.00, real=0.00 secs] 
1207.570: [GC (Allocation Failure) [PSYoungGen: 69648K->1520K(70144K)] 368258K->300138K(761856K), 0.0015850 secs] [Times: user=0.01 sys=0.00, real=0.00 secs] 
1207.979: [GC (Allocation Failure) [PSYoungGen: 69616K->1504K(70144K)] 368234K->300122K(761856K), 0.0027761 secs] [Times: user=0.01 sys=0.00, real=0.00 secs] 
1208.569: [GC (Allocation Failure) [PSYoungGen: 69600K->1408K(70144K)] 368218K->300026K(761856K), 0.0022373 secs] [Times: user=0.00 sys=0.00, real=0.00 secs] 
1209.257: [GC (Allocation Failure) [PSYoungGen: 69504K->1408K(70144K)] 368122K->300026K(761856K), 0.0022259 secs] [Times: user=0.01 sys=0.00, real=0.01 secs] 
1209.919: [GC (Allocation Failure) [PSYoungGen: 69504K->1408K(70144K)] 368122K->300026K(761856K), 0.0025733 secs] [Times: user=0.01 sys=0.00, real=0.00 secs] 
1210.482: [GC (Allocation Failure) [PSYoungGen: 69504K->1536K(70144K)] 368122K->300154K(761856K), 0.0018597 secs] [Times: user=0.01 sys=0.00, real=0.00 secs] 
1210.613: [GC (Allocation Failure) [PSYoungGen: 69632K->1549K(70144K)] 368250K->300167K(761856K), 0.0015816 secs] [Times: user=0.01 sys=0.00, real=0.00 secs] 
1210.732: [GC (Allocation Failure) [PSYoungGen: 69645K->1488K(70144K)] 368263K->300106K(761856K), 0.0014425 secs] [Times: user=0.00 sys=0.00, real=0.00 secs] 
1210.851: [GC (Allocation Failure) [PSYoungGen: 69584K->1549K(70144K)] 368202K->300183K(761856K), 0.0015893 secs] [Times: user=0.01 sys=0.00, real=0.00 secs] 
1211.979: [GC (Allocation Failure) [PSYoungGen: 69645K->1520K(70144K)] 368279K->300154K(761856K), 0.0020383 secs] [Times: user=0.01 sys=0.00, real=0.00 secs] 
1212.764: [GC (Allocation Failure) [PSYoungGen: 69616K->1440K(70144K)] 368250K->300074K(761856K), 0.0022299 secs] [Times: user=0.01 sys=0.00, real=0.00 secs] 
1213.329: [GC (Allocation Failure) [PSYoungGen: 69536K->1440K(70144K)] 368170K->300074K(761856K), 0.0019746 secs] [Times: user=0.01 sys=0.00, real=0.00 secs] 
1213.662: [GC (Allocation Failure) [PSYoungGen: 69536K->1440K(70144K)] 368170K->300090K(761856K), 0.0019186 secs] [Times: user=0.01 sys=0.00, real=0.00 secs] 
1213.892: [GC (Allocation Failure) [PSYoungGen: 69512K->1485K(70144K)] 368162K->300183K(761856K), 0.0014733 secs] [Times: user=0.01 sys=0.00, real=0.00 secs] 
1214.011: [GC (Allocation Failure) [PSYoungGen: 69581K->1485K(70144K)] 368279K->300191K(761856K), 0.0016553 secs] [Times: user=0.01 sys=0.00, real=0.00 secs] 
1214.130: [GC (Allocation Failure) [PSYoungGen: 69581K->1485K(70144K)] 368287K->300191K(761856K), 0.0014702 secs] [Times: user=0.00 sys=0.00, real=0.00 secs] 
1214.268: [GC (Allocation Failure) [PSYoungGen: 69581K->1453K(70144K)] 368287K->300167K(761856K), 0.0018440 secs] [Times: user=0.01 sys=0.00, real=0.01 secs] 
1214.542: [GC (Allocation Failure) [PSYoungGen: 69549K->1424K(70144K)] 368263K->300138K(761856K), 0.0019445 secs] [Times: user=0.01 sys=0.00, real=0.00 secs] 
1214.999: [GC (Allocation Failure) [PSYoungGen: 69520K->1376K(70144K)] 368234K->300106K(761856K), 0.0026531 secs] [Times: user=0.01 sys=0.00, real=0.00 secs] 
1215.455: [GC (Allocation Failure) [PSYoungGen: 69472K->1296K(70144K)] 368202K->300026K(761856K), 0.0027022 secs] [Times: user=0.01 sys=0.00, real=0.00 secs] 
1216.023: [GC (Allocation Failure) [PSYoungGen: 69392K->1376K(70144K)] 368122K->300106K(761856K), 0.0022582 secs] [Times: user=0.01 sys=0.00, real=0.00 secs] 
1216.438: [GC (Allocation Failure) [PSYoungGen: 69472K->1453K(70144K)] 368202K->300183K(761856K), 0.0019587 secs] [Times: user=0.00 sys=0.00, real=0.01 secs] 
1216.572: [GC (Allocation Failure) [PSYoungGen: 69549K->1456K(70144K)] 368279K->300186K(761856K), 0.0016067 secs] [Times: user=0.00 sys=0.00, real=0.00 secs] 
1216.691: [GC (Allocation Failure) [PSYoungGen: 69552K->1456K(70144K)] 368282K->300186K(761856K), 0.0016904 secs] [Times: user=0.01 sys=0.00, real=0.00 secs] 
1216.810: [GC (Allocation Failure) [PSYoungGen: 69552K->1456K(70144K)] 368282K->300194K(761856K), 0.0015782 secs] [Times: user=0.00 sys=0.00, real=0.00 secs] 
1217.085: [GC (Allocation Failure) [PSYoungGen: 69552K->1440K(70144K)] 368290K->300178K(761856K), 0.0017391 secs] [Times: user=0.00 sys=0.00, real=0.00 secs] 
1217.391: [GC (Allocation Failure) [PSYoungGen: 69536K->1392K(70144K)] 368274K->300130K(761856K), 0.0016928 secs] [Times: user=0.00 sys=0.00, real=0.00 secs] 
1217.674: [GC (Allocation Failure) [PSYoungGen: 69488K->1408K(70144K)] 368226K->300146K(761856K), 0.0017184 secs] [Times: user=0.01 sys=0.00, real=0.00 secs] 
1218.087: [GC (Allocation Failure) [PSYoungGen: 69504K->1376K(70144K)] 368242K->300114K(761856K), 0.0019044 secs] [Times: user=0.00 sys=0.00, real=0.01 secs] 
1218.316: [GC (Allocation Failure) [PSYoungGen: 69472K->1485K(70144K)] 368210K->300223K(761856K), 0.0015560 secs] [Times: user=0.01 sys=0.00, real=0.00 secs] 
1218.435: [GC (Allocation Failure) [PSYoungGen: 69581K->1488K(70144K)] 368319K->300226K(761856K), 0.0014660 secs] [Times: user=0.01 sys=0.00, real=0.00 secs] 
1218.555: [GC (Allocation Failure) [PSYoungGen: 69584K->1520K(70144K)] 368322K->300258K(761856K), 0.0017770 secs] [Times: user=0.01 sys=0.01, real=0.00 secs] 
1218.689: [GC (Allocation Failure) [PSYoungGen: 69616K->1549K(77312K)] 368354K->300295K(769024K), 0.0017912 secs] [Times: user=0.00 sys=0.00, real=0.00 secs] 
1219.199: [GC (Allocation Failure) [PSYoungGen: 76813K->1440K(76288K)] 375559K->300194K(768000K), 0.0019269 secs] [Times: user=0.01 sys=0.00, real=0.00 secs] 
1219.720: [GC (Allocation Failure) [PSYoungGen: 76192K->1376K(75776K)] 374946K->300130K(767488K), 0.0019540 secs] [Times: user=0.01 sys=0.00, real=0.00 secs] 
1220.258: [GC (Allocation Failure) [PSYoungGen: 75616K->1440K(75264K)] 374370K->300194K(766976K), 0.0022562 secs] [Times: user=0.01 sys=0.00, real=0.01 secs] 
1220.824: [GC (Allocation Failure) [PSYoungGen: 75168K->1488K(74752K)] 373922K->300242K(766464K), 0.0022558 secs] [Times: user=0.00 sys=0.00, real=0.00 secs] 
1220.986: [GC (Allocation Failure) [PSYoungGen: 74704K->1552K(74752K)] 373458K->300306K(766464K), 0.0015332 secs] [Times: user=0.01 sys=0.01, real=0.00 secs] 
1221.114: [GC (Allocation Failure) [PSYoungGen: 74256K->1520K(73728K)] 373010K->300274K(765440K), 0.0016503 secs] [Times: user=0.00 sys=0.00, real=0.00 secs] 
1221.240: [GC (Allocation Failure) [PSYoungGen: 73712K->1520K(73216K)] 372466K->300274K(764928K), 0.0015572 secs] [Times: user=0.01 sys=0.00, real=0.00 secs] 
1221.515: [GC (Allocation Failure) [PSYoungGen: 73200K->1456K(72704K)] 371954K->300210K(764416K), 0.0017168 secs] [Times: user=0.00 sys=0.00, real=0.00 secs] 
1221.847: [GC (Allocation Failure) [PSYoungGen: 72624K->1440K(72192K)] 371378K->300210K(763904K), 0.0018541 secs] [Times: user=0.01 sys=0.00, real=0.01 secs] 
1222.171: [GC (Allocation Failure) [PSYoungGen: 72096K->1424K(71680K)] 370866K->300194K(763392K), 0.0017688 secs] [Times: user=0.01 sys=0.00, real=0.00 secs] 
1222.489: [GC (Allocation Failure) [PSYoungGen: 71568K->1408K(71168K)] 370338K->300178K(762880K), 0.0019347 secs] [Times: user=0.00 sys=0.00, real=0.00 secs] 
1222.725: [GC (Allocation Failure) [PSYoungGen: 71040K->1501K(70656K)] 369810K->300271K(762368K), 0.0015820 secs] [Times: user=0.00 sys=0.01, real=0.00 secs] 
1222.846: [GC (Allocation Failure) [PSYoungGen: 70621K->1520K(70144K)] 369391K->300290K(761856K), 0.0015420 secs] [Times: user=0.00 sys=0.00, real=0.00 secs] 
1222.967: [GC (Allocation Failure) [PSYoungGen: 70127K->1485K(69632K)] 368897K->300255K(761344K), 0.0014720 secs] [Times: user=0.00 sys=0.00, real=0.01 secs] 
1223.087: [GC (Allocation Failure) [PSYoungGen: 69581K->1453K(70656K)] 368351K->300223K(762368K), 0.0015430 secs] [Times: user=0.01 sys=0.00, real=0.01 secs] 
1224.686: [GC (Allocation Failure) [PSYoungGen: 70061K->1456K(69632K)] 368831K->300242K(761344K), 0.0043200 secs] [Times: user=0.01 sys=0.00, real=0.01 secs] 
1225.360: [GC (Allocation Failure) [PSYoungGen: 69552K->1376K(69632K)] 368338K->300162K(761344K), 0.0029459 secs] [Times: user=0.01 sys=0.00, real=0.00 secs] 
1226.442: [GC (Allocation Failure) [PSYoungGen: 69472K->1376K(69632K)] 368258K->300162K(761344K), 0.0036334 secs] [Times: user=0.02 sys=0.00, real=0.00 secs] 
1227.533: [GC (Allocation Failure) [PSYoungGen: 69472K->1376K(69632K)] 368258K->300162K(761344K), 0.0056080 secs] [Times: user=0.02 sys=0.00, real=0.01 secs] 
1228.165: [GC (Allocation Failure) [PSYoungGen: 69472K->1485K(69632K)] 368258K->300271K(761344K), 0.0024123 secs] [Times: user=0.01 sys=0.00, real=0.00 secs] 
1228.318: [GC (Allocation Failure) [PSYoungGen: 69581K->1581K(70144K)] 368367K->300367K(761856K), 0.0017289 secs] [Times: user=0.00 sys=0.00, real=0.00 secs] 
1228.437: [GC (Allocation Failure) [PSYoungGen: 69677K->448K(68608K)] 368463K->300258K(760320K), 0.0016352 secs] [Times: user=0.00 sys=0.00, real=0.01 secs] 
1228.557: [GC (Allocation Failure) [PSYoungGen: 68544K->493K(70144K)] 368354K->300311K(761856K), 0.0016319 secs] [Times: user=0.00 sys=0.00, real=0.01 secs] 
1229.193: [GC (Allocation Failure) [PSYoungGen: 68589K->1376K(69632K)] 368407K->301202K(761344K), 0.0028732 secs] [Times: user=0.02 sys=0.00, real=0.00 secs] 
1229.709: [GC (Allocation Failure) [PSYoungGen: 69472K->1376K(69632K)] 369298K->301202K(761344K), 0.0026815 secs] [Times: user=0.01 sys=0.00, real=0.00 secs] 
1229.988: [GC (Allocation Failure) [PSYoungGen: 69472K->1408K(69632K)] 369298K->301234K(761344K), 0.0018115 secs] [Times: user=0.01 sys=0.00, real=0.00 secs] 
1230.271: [GC (Allocation Failure) [PSYoungGen: 69504K->1376K(69632K)] 369330K->301202K(761344K), 0.0020658 secs] [Times: user=0.01 sys=0.00, real=0.00 secs] 
1230.480: [GC (Allocation Failure) [PSYoungGen: 69472K->1469K(69632K)] 369298K->301295K(761344K), 0.0016059 secs] [Times: user=0.01 sys=0.00, real=0.00 secs] 
1230.600: [GC (Allocation Failure) [PSYoungGen: 69545K->1488K(69632K)] 369371K->301314K(761344K), 0.0015583 secs] [Times: user=0.01 sys=0.00, real=0.00 secs] 
1230.721: [GC (Allocation Failure) [PSYoungGen: 69584K->1456K(70144K)] 369410K->301282K(761856K), 0.0014940 secs] [Times: user=0.01 sys=0.00, real=0.00 secs] 
1230.840: [GC (Allocation Failure) [PSYoungGen: 69552K->1453K(70144K)] 369378K->301303K(761856K), 0.0015017 secs] [Times: user=0.01 sys=0.00, real=0.00 secs] 
1232.185: [GC (Allocation Failure) [PSYoungGen: 69549K->1456K(69632K)] 369399K->301314K(761344K), 0.0031652 secs] [Times: user=0.01 sys=0.00, real=0.01 secs] 
1232.943: [GC (Allocation Failure) [PSYoungGen: 69552K->1424K(69632K)] 369410K->301282K(761344K), 0.0029845 secs] [Times: user=0.01 sys=0.00, real=0.00 secs] 
1233.578: [GC (Allocation Failure) [PSYoungGen: 69520K->1424K(69632K)] 369378K->301290K(761344K), 0.0025257 secs] [Times: user=0.01 sys=0.00, real=0.00 secs] 
1234.317: [GC (Allocation Failure) [PSYoungGen: 69520K->1376K(69632K)] 369386K->301242K(761344K), 0.0031110 secs] [Times: user=0.01 sys=0.01, real=0.01 secs] 
1234.760: [GC (Allocation Failure) [PSYoungGen: 69472K->1456K(69632K)] 369338K->301322K(761344K), 0.0018655 secs] [Times: user=0.01 sys=0.00, real=0.00 secs] 
1234.886: [GC (Allocation Failure) [PSYoungGen: 69552K->1485K(69632K)] 369418K->301351K(761344K), 0.0018351 secs] [Times: user=0.00 sys=0.00, real=0.01 secs] 
1235.006: [GC (Allocation Failure) [PSYoungGen: 69581K->1485K(69632K)] 369447K->301351K(761344K), 0.0017354 secs] [Times: user=0.01 sys=0.00, real=0.00 secs] 
1235.125: [GC (Allocation Failure) [PSYoungGen: 69581K->1485K(73728K)] 369447K->301375K(765440K), 0.0017800 secs] [Times: user=0.01 sys=0.00, real=0.00 secs] 
1235.809: [GC (Allocation Failure) [PSYoungGen: 73165K->1472K(72704K)] 373055K->301362K(764416K), 0.0021230 secs] [Times: user=0.01 sys=0.00, real=0.00 secs] 
1236.440: [GC (Allocation Failure) [PSYoungGen: 72640K->1376K(72192K)] 372530K->301266K(763904K), 0.0020731 secs] [Times: user=0.01 sys=0.00, real=0.00 secs] 
1236.795: [GC (Allocation Failure) [PSYoungGen: 72032K->1408K(71680K)] 371922K->301298K(763392K), 0.0018589 secs] [Times: user=0.01 sys=0.00, real=0.00 secs] 
1237.087: [GC (Allocation Failure) [PSYoungGen: 71552K->1408K(71168K)] 371442K->301298K(762880K), 0.0020450 secs] [Times: user=0.01 sys=0.00, real=0.01 secs] 
1237.280: [GC (Allocation Failure) [PSYoungGen: 71040K->1533K(70656K)] 370930K->301423K(762368K), 0.0014861 secs] [Times: user=0.01 sys=0.00, real=0.00 secs] 
1237.421: [GC (Allocation Failure) [PSYoungGen: 70653K->1517K(70144K)] 370543K->301407K(761856K), 0.0017157 secs] [Times: user=0.01 sys=0.00, real=0.00 secs] 
1237.578: [GC (Allocation Failure) [PSYoungGen: 70118K->1517K(69632K)] 370008K->301431K(761344K), 0.0020268 secs] [Times: user=0.00 sys=0.00, real=0.01 secs] 
1237.904: [GC (Allocation Failure) [PSYoungGen: 69613K->1472K(69632K)] 369527K->301402K(761344K), 0.0028212 secs] [Times: user=0.01 sys=0.00, real=0.00 secs] 
1238.552: [GC (Allocation Failure) [PSYoungGen: 69568K->1344K(69632K)] 369498K->301274K(761344K), 0.0021635 secs] [Times: user=0.01 sys=0.00, real=0.00 secs] 
1239.157: [GC (Allocation Failure) [PSYoungGen: 69440K->1408K(69632K)] 369370K->301338K(761344K), 0.0024455 secs] [Times: user=0.01 sys=0.00, real=0.01 secs] 
1239.477: [GC (Allocation Failure) [PSYoungGen: 69504K->1360K(69632K)] 369434K->301290K(761344K), 0.0021166 secs] [Times: user=0.01 sys=0.00, real=0.01 secs] 
1239.841: [GC (Allocation Failure) [PSYoungGen: 69456K->1456K(69632K)] 369386K->301386K(761344K), 0.0019804 secs] [Times: user=0.01 sys=0.00, real=0.00 secs] 
1239.973: [GC (Allocation Failure) [PSYoungGen: 69552K->1520K(69632K)] 369482K->301450K(761344K), 0.0014863 secs] [Times: user=0.00 sys=0.00, real=0.00 secs] 
1240.093: [GC (Allocation Failure) [PSYoungGen: 69616K->1456K(69632K)] 369546K->301386K(761344K), 0.0016112 secs] [Times: user=0.01 sys=0.01, real=0.00 secs] 
1240.214: [GC (Allocation Failure) [PSYoungGen: 69552K->1453K(70144K)] 369482K->301383K(761856K), 0.0014963 secs] [Times: user=0.01 sys=0.00, real=0.00 secs] 
1240.577: [GC (Allocation Failure) [PSYoungGen: 69549K->1408K(70144K)] 369479K->301338K(761856K), 0.0019306 secs] [Times: user=0.01 sys=0.00, real=0.01 secs] 
1241.408: [GC (Allocation Failure) [PSYoungGen: 69504K->1376K(70144K)] 369434K->301306K(761856K), 0.0023582 secs] [Times: user=0.00 sys=0.00, real=0.01 secs] 
1242.353: [GC (Allocation Failure) [PSYoungGen: 69472K->1376K(70144K)] 369402K->301306K(761856K), 0.0032059 secs] [Times: user=0.01 sys=0.00, real=0.00 secs] 
1243.035: [GC (Allocation Failure) [PSYoungGen: 69472K->1296K(70144K)] 369402K->301226K(761856K), 0.0029648 secs] [Times: user=0.02 sys=0.00, real=0.01 secs] 
1243.981: [GC (Allocation Failure) [PSYoungGen: 69392K->1424K(70144K)] 369322K->301370K(761856K), 0.0029850 secs] [Times: user=0.02 sys=0.00, real=0.00 secs] 
1244.186: [GC (Allocation Failure) [PSYoungGen: 69520K->1453K(70144K)] 369466K->301399K(761856K), 0.0019247 secs] [Times: user=0.01 sys=0.00, real=0.00 secs] 
1244.325: [GC (Allocation Failure) [PSYoungGen: 69549K->1517K(70144K)] 369495K->301463K(761856K), 0.0018251 secs] [Times: user=0.00 sys=0.00, real=0.00 secs] 
1244.475: [GC (Allocation Failure) [PSYoungGen: 69613K->1520K(70144K)] 369559K->301474K(761856K), 0.0015362 secs] [Times: user=0.01 sys=0.00, real=0.00 secs] 
1245.395: [GC (Allocation Failure) [PSYoungGen: 69616K->1424K(70144K)] 369570K->301378K(761856K), 0.0033312 secs] [Times: user=0.01 sys=0.00, real=0.01 secs] 
1246.207: [GC (Allocation Failure) [PSYoungGen: 69520K->1344K(70144K)] 369474K->301298K(761856K), 0.0022587 secs] [Times: user=0.01 sys=0.01, real=0.01 secs] 
1246.651: [GC (Allocation Failure) [PSYoungGen: 69440K->1408K(70144K)] 369394K->301362K(761856K), 0.0018943 secs] [Times: user=0.00 sys=0.00, real=0.00 secs] 
1247.436: [GC (Allocation Failure) [PSYoungGen: 69504K->1408K(70144K)] 369458K->301362K(761856K), 0.0022603 secs] [Times: user=0.01 sys=0.00, real=0.01 secs] 
1248.191: [GC (Allocation Failure) [PSYoungGen: 69504K->1424K(70144K)] 369458K->301378K(761856K), 0.0025737 secs] [Times: user=0.01 sys=0.00, real=0.00 secs] 
1248.369: [GC (Allocation Failure) [PSYoungGen: 69520K->1517K(70144K)] 369474K->301471K(761856K), 0.0015412 secs] [Times: user=0.00 sys=0.00, real=0.00 secs] 
1248.488: [GC (Allocation Failure) [PSYoungGen: 69613K->1456K(70144K)] 369567K->301410K(761856K), 0.0015948 secs] [Times: user=0.01 sys=0.00, real=0.00 secs] 
1248.607: [GC (Allocation Failure) [PSYoungGen: 69552K->1456K(70144K)] 369506K->301418K(761856K), 0.0014803 secs] [Times: user=0.01 sys=0.00, real=0.01 secs] 
1248.849: [GC (Allocation Failure) [PSYoungGen: 69552K->1440K(70144K)] 369514K->301402K(761856K), 0.0020486 secs] [Times: user=0.00 sys=0.00, real=0.00 secs] 
1249.147: [GC (Allocation Failure) [PSYoungGen: 69536K->1376K(70144K)] 369498K->301338K(761856K), 0.0018586 secs] [Times: user=0.01 sys=0.00, real=0.01 secs] 
1249.430: [GC (Allocation Failure) [PSYoungGen: 69472K->1376K(70144K)] 369434K->301338K(761856K), 0.0028440 secs] [Times: user=0.01 sys=0.01, real=0.00 secs] 
1249.715: [GC (Allocation Failure) [PSYoungGen: 69472K->1408K(70144K)] 369434K->301370K(761856K), 0.0023321 secs] [Times: user=0.01 sys=0.00, real=0.00 secs] 
1250.025: [GC (Allocation Failure) [PSYoungGen: 69504K->1408K(69632K)] 369466K->301370K(761344K), 0.0019846 secs] [Times: user=0.01 sys=0.00, real=0.00 secs] 
1250.186: [GC (Allocation Failure) [PSYoungGen: 69504K->1517K(69120K)] 369466K->301479K(760832K), 0.0021437 secs] [Times: user=0.00 sys=0.00, real=0.00 secs] 
1250.345: [GC (Allocation Failure) [PSYoungGen: 69101K->1520K(69632K)] 369063K->301482K(761344K), 0.0015302 secs] [Times: user=0.00 sys=0.00, real=0.00 secs] 
1250.463: [GC (Allocation Failure) [PSYoungGen: 69104K->1488K(69632K)] 369066K->301466K(761344K), 0.0015755 secs] [Times: user=0.00 sys=0.00, real=0.00 secs] 
1250.682: [GC (Allocation Failure) [PSYoungGen: 69072K->1408K(69632K)] 369050K->301386K(761344K), 0.0022669 secs] [Times: user=0.00 sys=0.00, real=0.00 secs] 
1250.964: [GC (Allocation Failure) [PSYoungGen: 68992K->1408K(69120K)] 368970K->301386K(760832K), 0.0022019 secs] [Times: user=0.01 sys=0.00, real=0.00 secs] 
1251.246: [GC (Allocation Failure) [PSYoungGen: 68992K->1440K(69120K)] 368970K->301434K(760832K), 0.0022187 secs] [Times: user=0.01 sys=0.00, real=0.00 secs] 
1251.527: [GC (Allocation Failure) [PSYoungGen: 69024K->1360K(69120K)] 369018K->301354K(760832K), 0.0022634 secs] [Times: user=0.01 sys=0.00, real=0.01 secs] 
1252.176: [GC (Allocation Failure) [PSYoungGen: 68944K->1472K(69120K)] 368938K->301466K(760832K), 0.0027281 secs] [Times: user=0.01 sys=0.00, real=0.01 secs] 
1252.351: [GC (Allocation Failure) [PSYoungGen: 69056K->1488K(69120K)] 369050K->301482K(760832K), 0.0015285 secs] [Times: user=0.01 sys=0.00, real=0.00 secs] 
1252.488: [GC (Allocation Failure) [PSYoungGen: 69072K->1453K(69120K)] 369066K->301447K(760832K), 0.0018039 secs] [Times: user=0.00 sys=0.00, real=0.01 secs] 
1252.638: [GC (Allocation Failure) [PSYoungGen: 69037K->1453K(69120K)] 369031K->301455K(760832K), 0.0016420 secs] [Times: user=0.01 sys=0.00, real=0.01 secs] 
1254.017: [GC (Allocation Failure) [PSYoungGen: 69037K->1488K(69120K)] 369039K->301490K(760832K), 0.0040594 secs] [Times: user=0.01 sys=0.00, real=0.01 secs] 
1254.488: [GC (Allocation Failure) [PSYoungGen: 69072K->1376K(69120K)] 369074K->301378K(760832K), 0.0019248 secs] [Times: user=0.01 sys=0.00, real=0.01 secs] 
1254.806: [GC (Allocation Failure) [PSYoungGen: 68960K->1408K(69120K)] 368962K->301410K(760832K), 0.0019725 secs] [Times: user=0.00 sys=0.00, real=0.00 secs] 
1255.096: [GC (Allocation Failure) [PSYoungGen: 68992K->1312K(69120K)] 368994K->301314K(760832K), 0.0018086 secs] [Times: user=0.00 sys=0.00, real=0.00 secs] 
1255.446: [GC (Allocation Failure) [PSYoungGen: 68896K->1437K(69120K)] 368898K->301439K(760832K), 0.0019508 secs] [Times: user=0.01 sys=0.00, real=0.01 secs] 
1255.566: [GC (Allocation Failure) [PSYoungGen: 69021K->1485K(69120K)] 369023K->301487K(760832K), 0.0017015 secs] [Times: user=0.01 sys=0.00, real=0.01 secs] 
1255.685: [GC (Allocation Failure) [PSYoungGen: 69069K->1520K(69120K)] 369071K->301522K(760832K), 0.0015427 secs] [Times: user=0.01 sys=0.00, real=0.00 secs] 
1255.804: [GC (Allocation Failure) [PSYoungGen: 69104K->1424K(69632K)] 369106K->301434K(761344K), 0.0015193 secs] [Times: user=0.01 sys=0.00, real=0.00 secs] 
1257.104: [GC (Allocation Failure) [PSYoungGen: 69008K->1440K(69632K)] 369018K->301450K(761344K), 0.0035874 secs] [Times: user=0.01 sys=0.00, real=0.00 secs] 
1257.707: [GC (Allocation Failure) [PSYoungGen: 69024K->1408K(69632K)] 369034K->301418K(761344K), 0.0025298 secs] [Times: user=0.01 sys=0.00, real=0.01 secs] 
1258.361: [GC (Allocation Failure) [PSYoungGen: 68992K->1376K(69632K)] 369002K->301386K(761344K), 0.0037723 secs] [Times: user=0.01 sys=0.00, real=0.00 secs] 
1259.070: [GC (Allocation Failure) [PSYoungGen: 68960K->1376K(69632K)] 368970K->301386K(761344K), 0.0029918 secs] [Times: user=0.01 sys=0.00, real=0.00 secs] 
1259.672: [GC (Allocation Failure) [PSYoungGen: 68960K->1469K(69632K)] 368970K->301479K(761344K), 0.0023589 secs] [Times: user=0.00 sys=0.00, real=0.00 secs] 
1259.838: [GC (Allocation Failure) [PSYoungGen: 69053K->1485K(69632K)] 369063K->301495K(761344K), 0.0015435 secs] [Times: user=0.00 sys=0.00, real=0.00 secs] 
1259.957: [GC (Allocation Failure) [PSYoungGen: 69069K->1456K(69632K)] 369079K->301466K(761344K), 0.0015661 secs] [Times: user=0.00 sys=0.00, real=0.01 secs] 
1260.076: [GC (Allocation Failure) [PSYoungGen: 69040K->1453K(69632K)] 369050K->301479K(761344K), 0.0015039 secs] [Times: user=0.00 sys=0.00, real=0.00 secs] 
1260.527: [GC (Allocation Failure) [PSYoungGen: 69037K->1392K(69632K)] 369063K->301418K(761344K), 0.0036982 secs] [Times: user=0.01 sys=0.01, real=0.01 secs] 
1261.122: [GC (Allocation Failure) [PSYoungGen: 68976K->1376K(69632K)] 369002K->301402K(761344K), 0.0030399 secs] [Times: user=0.01 sys=0.00, real=0.00 secs] 
1261.407: [GC (Allocation Failure) [PSYoungGen: 68960K->1376K(69632K)] 368986K->301402K(761344K), 0.0018970 secs] [Times: user=0.01 sys=0.00, real=0.01 secs] 
1261.800: [GC (Allocation Failure) [PSYoungGen: 68960K->1392K(69120K)] 368986K->301418K(760832K), 0.0018849 secs] [Times: user=0.01 sys=0.00, real=0.00 secs] 
1262.183: [GC (Allocation Failure) [PSYoungGen: 68976K->1421K(69120K)] 369002K->301447K(760832K), 0.0018214 secs] [Times: user=0.00 sys=0.00, real=0.00 secs] 
1262.305: [GC (Allocation Failure) [PSYoungGen: 69005K->493K(68608K)] 369031K->301543K(760320K), 0.0016721 secs] [Times: user=0.01 sys=0.00, real=0.00 secs] 
1262.424: [GC (Allocation Failure) [PSYoungGen: 68077K->461K(69632K)] 369127K->301511K(761344K), 0.0015409 secs] [Times: user=0.01 sys=0.00, real=0.00 secs] 
1262.543: [GC (Allocation Failure) [PSYoungGen: 68028K->493K(69632K)] 369078K->301551K(761344K), 0.0015677 secs] [Times: user=0.01 sys=0.00, real=0.00 secs] 
1263.075: [GC (Allocation Failure) [PSYoungGen: 68077K->1392K(69632K)] 369135K->302466K(761344K), 0.0016490 secs] [Times: user=0.00 sys=0.01, real=0.00 secs] 
1263.975: [GC (Allocation Failure) [PSYoungGen: 68976K->1440K(69632K)] 370050K->302514K(761344K), 0.0030534 secs] [Times: user=0.01 sys=0.00, real=0.01 secs] 
1264.696: [GC (Allocation Failure) [PSYoungGen: 69024K->1360K(69632K)] 370098K->302434K(761344K), 0.0026052 secs] [Times: user=0.01 sys=0.00, real=0.01 secs] 
1265.500: [GC (Allocation Failure) [PSYoungGen: 68944K->1440K(69632K)] 370018K->302514K(761344K), 0.0026808 secs] [Times: user=0.01 sys=0.00, real=0.00 secs] 
1265.918: [GC (Allocation Failure) [PSYoungGen: 69024K->1501K(69632K)] 370098K->302575K(761344K), 0.0022150 secs] [Times: user=0.01 sys=0.00, real=0.00 secs] 
1266.065: [GC (Allocation Failure) [PSYoungGen: 69085K->1456K(69632K)] 370159K->302530K(761344K), 0.0014961 secs] [Times: user=0.00 sys=0.00, real=0.00 secs] 
1266.184: [GC (Allocation Failure) [PSYoungGen: 69040K->1456K(69632K)] 370114K->302530K(761344K), 0.0015233 secs] [Times: user=0.00 sys=0.00, real=0.00 secs] 
1266.303: [GC (Allocation Failure) [PSYoungGen: 69040K->1453K(69632K)] 370114K->302535K(761344K), 0.0014958 secs] [Times: user=0.01 sys=0.00, real=0.00 secs] 
1266.786: [GC (Allocation Failure) [PSYoungGen: 69037K->1424K(69632K)] 370119K->302506K(761344K), 0.0019039 secs] [Times: user=0.01 sys=0.00, real=0.00 secs] 
1267.070: [GC (Allocation Failure) [PSYoungGen: 69008K->1424K(69632K)] 370090K->302506K(761344K), 0.0017447 secs] [Times: user=0.01 sys=0.00, real=0.00 secs] 
1267.383: [GC (Allocation Failure) [PSYoungGen: 69008K->1376K(69632K)] 370090K->302466K(761344K), 0.0017824 secs] [Times: user=0.01 sys=0.00, real=0.00 secs] 
1267.814: [GC (Allocation Failure) [PSYoungGen: 68960K->1376K(69632K)] 370050K->302474K(761344K), 0.0017236 secs] [Times: user=0.01 sys=0.00, real=0.00 secs] 
1268.250: [GC (Allocation Failure) [PSYoungGen: 68960K->1501K(69632K)] 370058K->302599K(761344K), 0.0018385 secs] [Times: user=0.01 sys=0.00, real=0.00 secs] 
1268.379: [GC (Allocation Failure) [PSYoungGen: 69085K->1488K(69632K)] 370183K->302586K(761344K), 0.0014955 secs] [Times: user=0.01 sys=0.00, real=0.00 secs] 
1268.498: [GC (Allocation Failure) [PSYoungGen: 69072K->1453K(69632K)] 370170K->302551K(761344K), 0.0016579 secs] [Times: user=0.00 sys=0.00, real=0.00 secs] 
1268.652: [GC (Allocation Failure) [PSYoungGen: 69037K->1549K(69632K)] 370135K->302655K(761344K), 0.0020147 secs] [Times: user=0.01 sys=0.00, real=0.00 secs] 
1269.346: [GC (Allocation Failure) [PSYoungGen: 69133K->1456K(69632K)] 370239K->302562K(761344K), 0.0032059 secs] [Times: user=0.01 sys=0.00, real=0.01 secs] 
1270.170: [GC (Allocation Failure) [PSYoungGen: 69040K->1408K(69632K)] 370146K->302514K(761344K), 0.0034162 secs] [Times: user=0.01 sys=0.00, real=0.00 secs] 
1271.047: [GC (Allocation Failure) [PSYoungGen: 68992K->1376K(69632K)] 370098K->302482K(761344K), 0.0032589 secs] [Times: user=0.01 sys=0.00, real=0.01 secs] 
1271.790: [GC (Allocation Failure) [PSYoungGen: 68960K->1408K(69632K)] 370066K->302514K(761344K), 0.0029591 secs] [Times: user=0.01 sys=0.00, real=0.00 secs] 
1272.176: [GC (Allocation Failure) [PSYoungGen: 68992K->1501K(69632K)] 370098K->302607K(761344K), 0.0020325 secs] [Times: user=0.00 sys=0.00, real=0.01 secs] 
1272.317: [GC (Allocation Failure) [PSYoungGen: 69085K->1485K(69632K)] 370191K->302591K(761344K), 0.0015741 secs] [Times: user=0.01 sys=0.00, real=0.01 secs] 
1272.438: [GC (Allocation Failure) [PSYoungGen: 69069K->1453K(69632K)] 370175K->302559K(761344K), 0.0016092 secs] [Times: user=0.01 sys=0.00, real=0.01 secs] 
1272.558: [GC (Allocation Failure) [PSYoungGen: 69037K->1453K(69632K)] 370143K->302583K(761344K), 0.0016377 secs] [Times: user=0.01 sys=0.00, real=0.01 secs] 
1273.740: [GC (Allocation Failure) [PSYoungGen: 69037K->1408K(69632K)] 370167K->302538K(761344K), 0.0026716 secs] [Times: user=0.01 sys=0.00, real=0.00 secs] 
1274.045: [GC (Allocation Failure) [PSYoungGen: 68992K->1408K(69632K)] 370122K->302554K(761344K), 0.0018763 secs] [Times: user=0.01 sys=0.00, real=0.00 secs] 
1274.601: [GC (Allocation Failure) [PSYoungGen: 68992K->1344K(69632K)] 370138K->302490K(761344K), 0.0031297 secs] [Times: user=0.01 sys=0.00, real=0.00 secs] 
1275.251: [GC (Allocation Failure) [PSYoungGen: 68928K->1312K(69632K)] 370074K->302458K(761344K), 0.0028181 secs] [Times: user=0.01 sys=0.00, real=0.00 secs] 
1275.691: [GC (Allocation Failure) [PSYoungGen: 68896K->1440K(69632K)] 370042K->302586K(761344K), 0.0019918 secs] [Times: user=0.00 sys=0.00, real=0.00 secs] 
1275.833: [GC (Allocation Failure) [PSYoungGen: 69024K->1488K(69632K)] 370170K->302634K(761344K), 0.0015903 secs] [Times: user=0.01 sys=0.00, real=0.00 secs] 
1275.952: [GC (Allocation Failure) [PSYoungGen: 69050K->1485K(69632K)] 370196K->302631K(761344K), 0.0016664 secs] [Times: user=0.01 sys=0.00, real=0.00 secs] 
1276.071: [GC (Allocation Failure) [PSYoungGen: 69069K->1488K(69632K)] 370215K->302642K(761344K), 0.0015239 secs] [Times: user=0.01 sys=0.00, real=0.00 secs] 
1277.196: [GC (Allocation Failure) [PSYoungGen: 69072K->1440K(69632K)] 370226K->302594K(761344K), 0.0036604 secs] [Times: user=0.02 sys=0.00, real=0.01 secs] 
1277.834: [GC (Allocation Failure) [PSYoungGen: 69024K->1408K(69632K)] 370178K->302562K(761344K), 0.0025117 secs] [Times: user=0.01 sys=0.00, real=0.00 secs] 
1278.458: [GC (Allocation Failure) [PSYoungGen: 68992K->1376K(69632K)] 370146K->302530K(761344K), 0.0024501 secs] [Times: user=0.01 sys=0.00, real=0.00 secs] 
1279.047: [GC (Allocation Failure) [PSYoungGen: 68960K->1376K(69632K)] 370114K->302530K(761344K), 0.0020792 secs] [Times: user=0.00 sys=0.00, real=0.01 secs] 
1279.440: [GC (Allocation Failure) [PSYoungGen: 68960K->1485K(69632K)] 370114K->302639K(761344K), 0.0018097 secs] [Times: user=0.01 sys=0.00, real=0.00 secs] 
1279.567: [GC (Allocation Failure) [PSYoungGen: 69069K->1453K(69632K)] 370223K->302607K(761344K), 0.0014916 secs] [Times: user=0.01 sys=0.00, real=0.01 secs] 
1279.687: [GC (Allocation Failure) [PSYoungGen: 69011K->1488K(69632K)] 370165K->302642K(761344K), 0.0014973 secs] [Times: user=0.01 sys=0.00, real=0.01 secs] 
1279.806: [GC (Allocation Failure) [PSYoungGen: 69072K->1488K(69632K)] 370226K->302658K(761344K), 0.0014661 secs] [Times: user=0.00 sys=0.00, real=0.00 secs] 
1280.142: [GC (Allocation Failure) [PSYoungGen: 69072K->1472K(69632K)] 370242K->302642K(761344K), 0.0017969 secs] [Times: user=0.00 sys=0.00, real=0.00 secs] 
1280.423: [GC (Allocation Failure) [PSYoungGen: 69056K->1344K(69632K)] 370226K->302514K(761344K), 0.0016623 secs] [Times: user=0.01 sys=0.00, real=0.00 secs] 
1280.756: [GC (Allocation Failure) [PSYoungGen: 68928K->1424K(69632K)] 370098K->302594K(761344K), 0.0017470 secs] [Times: user=0.00 sys=0.00, real=0.00 secs] 
1281.036: [GC (Allocation Failure) [PSYoungGen: 69008K->1328K(69632K)] 370178K->302498K(761344K), 0.0017472 secs] [Times: user=0.00 sys=0.00, real=0.01 secs] 
1281.435: [GC (Allocation Failure) [PSYoungGen: 68912K->1453K(69632K)] 370082K->302623K(761344K), 0.0016369 secs] [Times: user=0.01 sys=0.00, real=0.00 secs] 
1281.572: [GC (Allocation Failure) [PSYoungGen: 69037K->1485K(69632K)] 370207K->302655K(761344K), 0.0018491 secs] [Times: user=0.01 sys=0.00, real=0.00 secs] 
1281.727: [GC (Allocation Failure) [PSYoungGen: 69069K->1517K(69632K)] 370239K->302687K(761344K), 0.0017615 secs] [Times: user=0.00 sys=0.00, real=0.01 secs] 
1281.847: [GC (Allocation Failure) [PSYoungGen: 69101K->1424K(69632K)] 370271K->302618K(761344K), 0.0014969 secs] [Times: user=0.00 sys=0.01, real=0.01 secs] 
1282.112: [GC (Allocation Failure) [PSYoungGen: 69008K->1424K(69632K)] 370202K->302618K(761344K), 0.0023469 secs] [Times: user=0.01 sys=0.00, real=0.00 secs] 
1282.561: [GC (Allocation Failure) [PSYoungGen: 69008K->1376K(69632K)] 370202K->302570K(761344K), 0.0020674 secs] [Times: user=0.01 sys=0.00, real=0.00 secs] 
1283.119: [GC (Allocation Failure) [PSYoungGen: 68960K->1344K(69632K)] 370154K->302538K(761344K), 0.0018982 secs] [Times: user=0.00 sys=0.00, real=0.00 secs] 
1283.623: [GC (Allocation Failure) [PSYoungGen: 68928K->1344K(69632K)] 370122K->302538K(761344K), 0.0019804 secs] [Times: user=0.01 sys=0.00, real=0.00 secs] 
1283.948: [GC (Allocation Failure) [PSYoungGen: 68928K->1472K(69632K)] 370122K->302666K(761344K), 0.0015655 secs] [Times: user=0.00 sys=0.00, real=0.01 secs] 
1284.067: [GC (Allocation Failure) [PSYoungGen: 69056K->1488K(69632K)] 370250K->302682K(761344K), 0.0015063 secs] [Times: user=0.01 sys=0.00, real=0.01 secs] 
1284.187: [GC (Allocation Failure) [PSYoungGen: 69072K->1424K(69632K)] 370266K->302618K(761344K), 0.0015832 secs] [Times: user=0.00 sys=0.00, real=0.01 secs] 
1284.307: [GC (Allocation Failure) [PSYoungGen: 69008K->1488K(69632K)] 370202K->302690K(761344K), 0.0015352 secs] [Times: user=0.00 sys=0.00, real=0.01 secs] 
1284.870: [GC (Allocation Failure) [PSYoungGen: 69072K->1376K(69632K)] 370274K->302578K(761344K), 0.0020511 secs] [Times: user=0.01 sys=0.01, real=0.00 secs] 
1285.455: [GC (Allocation Failure) [PSYoungGen: 68960K->1392K(69632K)] 370162K->302594K(761344K), 0.0019482 secs] [Times: user=0.01 sys=0.00, real=0.00 secs] 
1286.262: [GC (Allocation Failure) [PSYoungGen: 68976K->1376K(69632K)] 370178K->302578K(761344K), 0.0022265 secs] [Times: user=0.01 sys=0.00, real=0.00 secs] 
1287.143: [GC (Allocation Failure) [PSYoungGen: 68960K->1376K(69632K)] 370162K->302578K(761344K), 0.0033354 secs] [Times: user=0.02 sys=0.00, real=0.00 secs] 
1287.568: [GC (Allocation Failure) [PSYoungGen: 68960K->1517K(69632K)] 370162K->302719K(761344K), 0.0018550 secs] [Times: user=0.01 sys=0.00, real=0.00 secs] 
1287.724: [GC (Allocation Failure) [PSYoungGen: 69101K->1485K(69632K)] 370303K->302687K(761344K), 0.0019325 secs] [Times: user=0.00 sys=0.00, real=0.00 secs] 
1287.887: [GC (Allocation Failure) [PSYoungGen: 69069K->1517K(69632K)] 370271K->302719K(761344K), 0.0021768 secs] [Times: user=0.01 sys=0.00, real=0.01 secs] 
1288.051: [GC (Allocation Failure) [PSYoungGen: 69101K->1453K(69632K)] 370303K->302671K(761344K), 0.0017367 secs] [Times: user=0.01 sys=0.00, real=0.00 secs] 
1288.343: [GC (Allocation Failure) [PSYoungGen: 69037K->1408K(69632K)] 370255K->302626K(761344K), 0.0021270 secs] [Times: user=0.01 sys=0.00, real=0.00 secs] 
1288.672: [GC (Allocation Failure) [PSYoungGen: 68992K->1344K(69632K)] 370210K->302562K(761344K), 0.0020091 secs] [Times: user=0.00 sys=0.00, real=0.00 secs] 
1288.989: [GC (Allocation Failure) [PSYoungGen: 68928K->1344K(69632K)] 370146K->302562K(761344K), 0.0020119 secs] [Times: user=0.01 sys=0.00, real=0.00 secs] 
1289.276: [GC (Allocation Failure) [PSYoungGen: 68928K->1408K(69632K)] 370146K->302626K(761344K), 0.0017958 secs] [Times: user=0.01 sys=0.00, real=0.00 secs] 
1289.509: [GC (Allocation Failure) [PSYoungGen: 68992K->1453K(69632K)] 370210K->302671K(761344K), 0.0014879 secs] [Times: user=0.00 sys=0.00, real=0.00 secs] 
1289.628: [GC (Allocation Failure) [PSYoungGen: 69037K->1453K(69632K)] 370255K->302671K(761344K), 0.0017059 secs] [Times: user=0.01 sys=0.00, real=0.00 secs] 
1289.778: [GC (Allocation Failure) [PSYoungGen: 69037K->1485K(69632K)] 370255K->302703K(761344K), 0.0018208 secs] [Times: user=0.01 sys=0.00, real=0.01 secs] 
1289.946: [GC (Allocation Failure) [PSYoungGen: 69069K->1485K(69632K)] 370287K->302711K(761344K), 0.0020684 secs] [Times: user=0.01 sys=0.00, real=0.01 secs] 
1291.181: [GC (Allocation Failure) [PSYoungGen: 69069K->1408K(69632K)] 370295K->302634K(761344K), 0.0039884 secs] [Times: user=0.01 sys=0.00, real=0.00 secs] 
1291.956: [GC (Allocation Failure) [PSYoungGen: 68992K->1408K(69632K)] 370218K->302634K(761344K), 0.0029635 secs] [Times: user=0.01 sys=0.00, real=0.01 secs] 
1292.578: [GC (Allocation Failure) [PSYoungGen: 68992K->1408K(69632K)] 370218K->302650K(761344K), 0.0026644 secs] [Times: user=0.01 sys=0.00, real=0.01 secs] 
1293.231: [GC (Allocation Failure) [PSYoungGen: 68992K->1376K(69632K)] 370234K->302618K(761344K), 0.0032625 secs] [Times: user=0.01 sys=0.00, real=0.00 secs] 
1293.668: [GC (Allocation Failure) [PSYoungGen: 68960K->1485K(69632K)] 370202K->302727K(761344K), 0.0018048 secs] [Times: user=0.01 sys=0.00, real=0.01 secs] 
1293.839: [GC (Allocation Failure) [PSYoungGen: 69069K->1517K(69632K)] 370311K->302759K(761344K), 0.0023323 secs] [Times: user=0.01 sys=0.00, real=0.00 secs] 
1294.003: [GC (Allocation Failure) [PSYoungGen: 69101K->1424K(69632K)] 370343K->302666K(761344K), 0.0016686 secs] [Times: user=0.01 sys=0.00, real=0.00 secs] 
1294.123: [GC (Allocation Failure) [PSYoungGen: 69008K->1485K(69632K)] 370250K->302735K(761344K), 0.0015465 secs] [Times: user=0.01 sys=0.00, real=0.00 secs] 
1294.473: [GC (Allocation Failure) [PSYoungGen: 69069K->1424K(69632K)] 370319K->302674K(761344K), 0.0020615 secs] [Times: user=0.01 sys=0.00, real=0.00 secs] 
1294.775: [GC (Allocation Failure) [PSYoungGen: 69008K->1376K(69632K)] 370258K->302626K(761344K), 0.0018684 secs] [Times: user=0.01 sys=0.00, real=0.00 secs] 
1295.100: [GC (Allocation Failure) [PSYoungGen: 68960K->1376K(69632K)] 370210K->302626K(761344K), 0.0018704 secs] [Times: user=0.01 sys=0.00, real=0.00 secs] 
1295.380: [GC (Allocation Failure) [PSYoungGen: 68960K->1440K(69632K)] 370210K->302690K(761344K), 0.0018314 secs] [Times: user=0.01 sys=0.00, real=0.00 secs] 
1295.672: [GC (Allocation Failure) [PSYoungGen: 69024K->1485K(69632K)] 370274K->302735K(761344K), 0.0015709 secs] [Times: user=0.01 sys=0.00, real=0.00 secs] 
1295.792: [GC (Allocation Failure) [PSYoungGen: 69069K->1488K(69632K)] 370319K->302738K(761344K), 0.0014998 secs] [Times: user=0.01 sys=0.00, real=0.00 secs] 
1295.911: [GC (Allocation Failure) [PSYoungGen: 69072K->1421K(69632K)] 370322K->302671K(761344K), 0.0014995 secs] [Times: user=0.01 sys=0.00, real=0.00 secs] 
1296.030: [GC (Allocation Failure) [PSYoungGen: 69005K->1453K(69632K)] 370255K->302719K(761344K), 0.0015134 secs] [Times: user=0.00 sys=0.00, real=0.00 secs] 
1296.374: [GC (Allocation Failure) [PSYoungGen: 69037K->1408K(69632K)] 370303K->302674K(761344K), 0.0017967 secs] [Times: user=0.01 sys=0.00, real=0.00 secs] 
1296.655: [GC (Allocation Failure) [PSYoungGen: 68992K->1312K(69632K)] 370258K->302578K(761344K), 0.0016341 secs] [Times: user=0.01 sys=0.00, real=0.00 secs] 
1297.028: [GC (Allocation Failure) [PSYoungGen: 68896K->1344K(69632K)] 370162K->302610K(761344K), 0.0018372 secs] [Times: user=0.01 sys=0.00, real=0.01 secs] 
1297.513: [GC (Allocation Failure) [PSYoungGen: 68928K->1408K(69632K)] 370194K->302674K(761344K), 0.0017554 secs] [Times: user=0.01 sys=0.00, real=0.00 secs] 
1297.771: [GC (Allocation Failure) [PSYoungGen: 68992K->1501K(69632K)] 370258K->302767K(761344K), 0.0015748 secs] [Times: user=0.01 sys=0.00, real=0.00 secs] 
1297.890: [GC (Allocation Failure) [PSYoungGen: 69085K->1517K(69632K)] 370351K->302783K(761344K), 0.0014753 secs] [Times: user=0.00 sys=0.00, real=0.00 secs] 
1298.010: [GC (Allocation Failure) [PSYoungGen: 69078K->1488K(69632K)] 370344K->302754K(761344K), 0.0015267 secs] [Times: user=0.01 sys=0.00, real=0.00 secs] 
1298.129: [GC (Allocation Failure) [PSYoungGen: 69072K->1517K(69632K)] 370338K->302799K(761344K), 0.0015241 secs] [Times: user=0.01 sys=0.00, real=0.00 secs] 
1298.820: [GC (Allocation Failure) [PSYoungGen: 69101K->1456K(69632K)] 370383K->302738K(761344K), 0.0019740 secs] [Times: user=0.00 sys=0.00, real=0.00 secs] 
1299.460: [GC (Allocation Failure) [PSYoungGen: 69040K->1360K(69632K)] 370322K->302642K(761344K), 0.0023573 secs] [Times: user=0.00 sys=0.00, real=0.00 secs] 
1299.962: [GC (Allocation Failure) [PSYoungGen: 68944K->1376K(69632K)] 370226K->302658K(761344K), 0.0024109 secs] [Times: user=0.01 sys=0.00, real=0.00 secs] 
1300.473: [GC (Allocation Failure) [PSYoungGen: 68960K->1344K(69632K)] 370242K->302626K(761344K), 0.0023382 secs] [Times: user=0.01 sys=0.00, real=0.00 secs] 
1300.845: [GC (Allocation Failure) [PSYoungGen: 68928K->1488K(69632K)] 370210K->302770K(761344K), 0.0019542 secs] [Times: user=0.01 sys=0.00, real=0.00 secs] 
1300.976: [GC (Allocation Failure) [PSYoungGen: 69072K->1485K(69632K)] 370354K->302767K(761344K), 0.0017499 secs] [Times: user=0.01 sys=0.00, real=0.01 secs] 
1301.096: [GC (Allocation Failure) [PSYoungGen: 69069K->1488K(69632K)] 370351K->302770K(761344K), 0.0016712 secs] [Times: user=0.00 sys=0.00, real=0.00 secs] 
1301.233: [GC (Allocation Failure) [PSYoungGen: 69072K->1517K(69632K)] 370354K->302807K(761344K), 0.0016936 secs] [Times: user=0.01 sys=0.00, real=0.00 secs] 
1301.726: [GC (Allocation Failure) [PSYoungGen: 69101K->1440K(69632K)] 370391K->302730K(761344K), 0.0017452 secs] [Times: user=0.01 sys=0.00, real=0.00 secs] 
1302.234: [GC (Allocation Failure) [PSYoungGen: 69024K->1408K(69632K)] 370314K->302698K(761344K), 0.0017147 secs] [Times: user=0.01 sys=0.00, real=0.00 secs] 
1302.756: [GC (Allocation Failure) [PSYoungGen: 68992K->1312K(69632K)] 370282K->302618K(761344K), 0.0020302 secs] [Times: user=0.00 sys=0.00, real=0.01 secs] 
1303.047: [GC (Allocation Failure) [PSYoungGen: 68896K->1408K(69632K)] 370202K->302714K(761344K), 0.0021491 secs] [Times: user=0.01 sys=0.00, real=0.01 secs] 
1303.255: [GC (Allocation Failure) [PSYoungGen: 68992K->1456K(69632K)] 370298K->302762K(761344K), 0.0014764 secs] [Times: user=0.01 sys=0.00, real=0.00 secs] 
1303.375: [GC (Allocation Failure) [PSYoungGen: 69040K->1421K(69632K)] 370346K->302727K(761344K), 0.0014960 secs] [Times: user=0.00 sys=0.00, real=0.00 secs] 
1303.494: [GC (Allocation Failure) [PSYoungGen: 69005K->1456K(69632K)] 370311K->302762K(761344K), 0.0014953 secs] [Times: user=0.01 sys=0.00, real=0.00 secs] 
1303.613: [GC (Allocation Failure) [PSYoungGen: 69040K->1485K(69632K)] 370346K->302807K(761344K), 0.0016077 secs] [Times: user=0.01 sys=0.00, real=0.00 secs] 
1304.335: [GC (Allocation Failure) [PSYoungGen: 69069K->1408K(69632K)] 370391K->302730K(761344K), 0.0024681 secs] [Times: user=0.01 sys=0.00, real=0.00 secs] 
1304.935: [GC (Allocation Failure) [PSYoungGen: 68992K->1376K(69632K)] 370314K->302698K(761344K), 0.0023616 secs] [Times: user=0.01 sys=0.00, real=0.00 secs] 
1305.485: [GC (Allocation Failure) [PSYoungGen: 68960K->1408K(69632K)] 370282K->302730K(761344K), 0.0023495 secs] [Times: user=0.01 sys=0.00, real=0.00 secs] 
1306.036: [GC (Allocation Failure) [PSYoungGen: 68992K->1344K(69632K)] 370314K->302666K(761344K), 0.0022938 secs] [Times: user=0.00 sys=0.00, real=0.01 secs] 
1306.410: [GC (Allocation Failure) [PSYoungGen: 68928K->1424K(69632K)] 370250K->302746K(761344K), 0.0015917 secs] [Times: user=0.01 sys=0.00, real=0.00 secs] 
1306.529: [GC (Allocation Failure) [PSYoungGen: 69008K->1456K(69632K)] 370330K->302778K(761344K), 0.0014905 secs] [Times: user=0.01 sys=0.00, real=0.00 secs] 
1306.648: [GC (Allocation Failure) [PSYoungGen: 69040K->1424K(69120K)] 370362K->302746K(760832K), 0.0015604 secs] [Times: user=0.01 sys=0.00, real=0.00 secs] 
1306.768: [GC (Allocation Failure) [PSYoungGen: 69008K->1485K(68608K)] 370330K->302815K(760320K), 0.0015166 secs] [Times: user=0.01 sys=0.00, real=0.01 secs] 
1308.114: [GC (Allocation Failure) [PSYoungGen: 68557K->1440K(68608K)] 369887K->302770K(760320K), 0.0021484 secs] [Times: user=0.01 sys=0.00, real=0.00 secs] 
1308.431: [GC (Allocation Failure) [PSYoungGen: 68512K->1360K(68096K)] 369842K->302690K(759808K), 0.0019895 secs] [Times: user=0.01 sys=0.00, real=0.00 secs] 
1308.754: [GC (Allocation Failure) [PSYoungGen: 67920K->1344K(68608K)] 369250K->302674K(760320K), 0.0019981 secs] [Times: user=0.01 sys=0.00, real=0.00 secs] 
1309.067: [GC (Allocation Failure) [PSYoungGen: 67904K->1344K(68608K)] 369234K->302674K(760320K), 0.0017767 secs] [Times: user=0.01 sys=0.00, real=0.01 secs] 
1309.280: [GC (Allocation Failure) [PSYoungGen: 67904K->1488K(68608K)] 369234K->302818K(760320K), 0.0015916 secs] [Times: user=0.01 sys=0.00, real=0.00 secs] 
1309.396: [GC (Allocation Failure) [PSYoungGen: 68048K->1517K(68608K)] 369378K->302847K(760320K), 0.0014952 secs] [Times: user=0.00 sys=0.00, real=0.00 secs] 
1309.515: [GC (Allocation Failure) [PSYoungGen: 68077K->1485K(68608K)] 369407K->302815K(760320K), 0.0038501 secs] [Times: user=0.02 sys=0.00, real=0.01 secs] 
1309.667: [GC (Allocation Failure) [PSYoungGen: 68045K->1504K(76800K)] 369375K->302850K(768512K), 0.0020372 secs] [Times: user=0.01 sys=0.00, real=0.01 secs] 
1310.432: [GC (Allocation Failure) [PSYoungGen: 76256K->1424K(76800K)] 377602K->302770K(768512K), 0.0022944 secs] [Times: user=0.01 sys=0.01, real=0.00 secs] 
1311.284: [GC (Allocation Failure) [PSYoungGen: 76176K->1376K(75776K)] 377522K->302722K(767488K), 0.0028012 secs] [Times: user=0.01 sys=0.00, real=0.00 secs] 
1312.119: [GC (Allocation Failure) [PSYoungGen: 75616K->1440K(75264K)] 376962K->302786K(766976K), 0.0030422 secs] [Times: user=0.01 sys=0.00, real=0.00 secs] 
1312.747: [GC (Allocation Failure) [PSYoungGen: 75168K->1456K(74752K)] 376514K->302802K(766464K), 0.0020179 secs] [Times: user=0.01 sys=0.00, real=0.01 secs] 
1312.900: [GC (Allocation Failure) [PSYoungGen: 74672K->1533K(74240K)] 376018K->302879K(765952K), 0.0018099 secs] [Times: user=0.01 sys=0.00, real=0.00 secs] 
1313.029: [GC (Allocation Failure) [PSYoungGen: 74237K->1485K(73728K)] 375583K->302831K(765440K), 0.0014983 secs] [Times: user=0.00 sys=0.01, real=0.00 secs] 
1313.156: [GC (Allocation Failure) [PSYoungGen: 73677K->1456K(73216K)] 375023K->302802K(764928K), 0.0017348 secs] [Times: user=0.01 sys=0.00, real=0.00 secs] 
1313.421: [GC (Allocation Failure) [PSYoungGen: 73136K->1424K(72704K)] 374482K->302786K(764416K), 0.0019062 secs] [Times: user=0.01 sys=0.00, real=0.00 secs] 
1313.735: [GC (Allocation Failure) [PSYoungGen: 72592K->1344K(72192K)] 373954K->302706K(763904K), 0.0018845 secs] [Times: user=0.01 sys=0.00, real=0.00 secs] 
1314.032: [GC (Allocation Failure) [PSYoungGen: 72000K->1376K(71680K)] 373362K->302738K(763392K), 0.0025198 secs] [Times: user=0.01 sys=0.00, real=0.00 secs] 
1314.361: [GC (Allocation Failure) [PSYoungGen: 71520K->1376K(71168K)] 372882K->302738K(762880K), 0.0025047 secs] [Times: user=0.01 sys=0.00, real=0.00 secs] 
1314.641: [GC (Allocation Failure) [PSYoungGen: 71008K->1440K(70656K)] 372370K->302802K(762368K), 0.0016146 secs] [Times: user=0.00 sys=0.00, real=0.00 secs] 
1314.765: [GC (Allocation Failure) [PSYoungGen: 70537K->1485K(70144K)] 371899K->302847K(761856K), 0.0015958 secs] [Times: user=0.01 sys=0.00, real=0.00 secs] 
1314.887: [GC (Allocation Failure) [PSYoungGen: 70093K->1456K(69632K)] 371455K->302818K(761344K), 0.0014979 secs] [Times: user=0.01 sys=0.00, real=0.01 secs] 
1315.026: [GC (Allocation Failure) [PSYoungGen: 69552K->1517K(76800K)] 370914K->302879K(768512K), 0.0017731 secs] [Times: user=0.01 sys=0.00, real=0.00 secs] 
1315.784: [GC (Allocation Failure) [PSYoungGen: 76781K->1392K(76288K)] 378143K->302754K(768000K), 0.0022808 secs] [Times: user=0.01 sys=0.00, real=0.00 secs] 
1316.493: [GC (Allocation Failure) [PSYoungGen: 76144K->1376K(75776K)] 377506K->302738K(767488K), 0.0029316 secs] [Times: user=0.01 sys=0.00, real=0.00 secs] 
1317.405: [GC (Allocation Failure) [PSYoungGen: 75616K->1376K(75264K)] 376978K->302738K(766976K), 0.0034443 secs] [Times: user=0.01 sys=0.00, real=0.01 secs] 
1318.011: [GC (Allocation Failure) [PSYoungGen: 75104K->1360K(74752K)] 376466K->302722K(766464K), 0.0029328 secs] [Times: user=0.01 sys=0.00, real=0.00 secs] 
1318.245: [GC (Allocation Failure) [PSYoungGen: 74576K->1517K(74240K)] 375938K->302879K(765952K), 0.0019693 secs] [Times: user=0.01 sys=0.00, real=0.00 secs] 
1318.379: [GC (Allocation Failure) [PSYoungGen: 74221K->1421K(73728K)] 375583K->302783K(765440K), 0.0015702 secs] [Times: user=0.00 sys=0.00, real=0.00 secs] 
1318.506: [GC (Allocation Failure) [PSYoungGen: 73613K->1456K(73216K)] 374975K->302818K(764928K), 0.0015344 secs] [Times: user=0.01 sys=0.00, real=0.00 secs] 
1319.328: [GC (Allocation Failure) [PSYoungGen: 73136K->1440K(72704K)] 374498K->302802K(764416K), 0.0038752 secs] [Times: user=0.01 sys=0.00, real=0.00 secs] 
1320.011: [GC (Allocation Failure) [PSYoungGen: 72608K->1376K(72192K)] 373970K->302738K(763904K), 0.0031102 secs] [Times: user=0.01 sys=0.01, real=0.00 secs] 
1320.634: [GC (Allocation Failure) [PSYoungGen: 72032K->1344K(71680K)] 373394K->302706K(763392K), 0.0026554 secs] [Times: user=0.01 sys=0.00, real=0.00 secs] 
1321.016: [GC (Allocation Failure) [PSYoungGen: 71488K->1376K(71168K)] 372850K->302738K(762880K), 0.0018173 secs] [Times: user=0.01 sys=0.00, real=0.01 secs] 
1321.320: [GC (Allocation Failure) [PSYoungGen: 71008K->1485K(70656K)] 372370K->302847K(762368K), 0.0020381 secs] [Times: user=0.01 sys=0.00, real=0.00 secs] 
1321.445: [GC (Allocation Failure) [PSYoungGen: 70605K->1488K(70144K)] 371967K->302850K(761856K), 0.0014880 secs] [Times: user=0.01 sys=0.00, real=0.00 secs] 
1321.565: [GC (Allocation Failure) [PSYoungGen: 70070K->1453K(69632K)] 371432K->302815K(761344K), 0.0018429 secs] [Times: user=0.00 sys=0.00, real=0.00 secs] 
1321.703: [GC (Allocation Failure) [PSYoungGen: 69549K->1488K(70144K)] 370911K->302850K(761856K), 0.0019565 secs] [Times: user=0.01 sys=0.00, real=0.00 secs] 
1322.020: [GC (Allocation Failure) [PSYoungGen: 70096K->1408K(69632K)] 371458K->302770K(761344K), 0.0021364 secs] [Times: user=0.01 sys=0.00, real=0.00 secs] 
1322.303: [GC (Allocation Failure) [PSYoungGen: 69504K->1376K(70144K)] 370866K->302738K(761856K), 0.0018868 secs] [Times: user=0.00 sys=0.00, real=0.00 secs] 
1322.753: [GC (Allocation Failure) [PSYoungGen: 69472K->1376K(70144K)] 370834K->302754K(761856K), 0.0019360 secs] [Times: user=0.01 sys=0.00, real=0.00 secs] 
1323.347: [GC (Allocation Failure) [PSYoungGen: 69472K->1376K(70144K)] 370850K->302754K(761856K), 0.0021412 secs] [Times: user=0.01 sys=0.00, real=0.01 secs] 
1323.646: [GC (Allocation Failure) [PSYoungGen: 69472K->1456K(70144K)] 370850K->302834K(761856K), 0.0015693 secs] [Times: user=0.01 sys=0.00, real=0.00 secs] 
1323.765: [GC (Allocation Failure) [PSYoungGen: 69552K->1456K(70144K)] 370930K->302834K(761856K), 0.0015052 secs] [Times: user=0.01 sys=0.00, real=0.00 secs] 
1323.885: [GC (Allocation Failure) [PSYoungGen: 69552K->1424K(70144K)] 370930K->302802K(761856K), 0.0015779 secs] [Times: user=0.01 sys=0.00, real=0.00 secs] 
1324.005: [GC (Allocation Failure) [PSYoungGen: 69520K->1488K(70144K)] 370898K->302882K(761856K), 0.0017035 secs] [Times: user=0.00 sys=0.00, real=0.00 secs] 
1324.680: [GC (Allocation Failure) [PSYoungGen: 69584K->1456K(70144K)] 370978K->302850K(761856K), 0.0019015 secs] [Times: user=0.01 sys=0.00, real=0.00 secs] 
1325.278: [GC (Allocation Failure) [PSYoungGen: 69552K->1344K(70144K)] 370946K->302738K(761856K), 0.0017977 secs] [Times: user=0.01 sys=0.00, real=0.00 secs] 
1325.851: [GC (Allocation Failure) [PSYoungGen: 69440K->1376K(70144K)] 370834K->302770K(761856K), 0.0017622 secs] [Times: user=0.00 sys=0.00, real=0.00 secs] 
1326.458: [GC (Allocation Failure) [PSYoungGen: 69472K->1376K(70144K)] 370866K->302770K(761856K), 0.0020504 secs] [Times: user=0.01 sys=0.00, real=0.00 secs] 
1326.814: [GC (Allocation Failure) [PSYoungGen: 69472K->1421K(69632K)] 370866K->302815K(761344K), 0.0015818 secs] [Times: user=0.00 sys=0.00, real=0.00 secs] 
1326.934: [GC (Allocation Failure) [PSYoungGen: 69517K->1456K(69632K)] 370911K->302850K(761344K), 0.0015199 secs] [Times: user=0.00 sys=0.00, real=0.00 secs] 
1327.053: [GC (Allocation Failure) [PSYoungGen: 69552K->1488K(69632K)] 370946K->302882K(761344K), 0.0016221 secs] [Times: user=0.01 sys=0.00, real=0.00 secs] 
1327.173: [GC (Allocation Failure) [PSYoungGen: 69584K->1456K(70144K)] 370978K->302866K(761856K), 0.0014919 secs] [Times: user=0.01 sys=0.00, real=0.00 secs] 
1328.117: [GC (Allocation Failure) [PSYoungGen: 69552K->1424K(70144K)] 370962K->302834K(761856K), 0.0021937 secs] [Times: user=0.01 sys=0.00, real=0.01 secs] 
1328.712: [GC (Allocation Failure) [PSYoungGen: 69520K->1344K(70144K)] 370930K->302754K(761856K), 0.0025973 secs] [Times: user=0.01 sys=0.00, real=0.00 secs] 
1329.571: [GC (Allocation Failure) [PSYoungGen: 69440K->1344K(70144K)] 370850K->302754K(761856K), 0.0039533 secs] [Times: user=0.01 sys=0.00, real=0.00 secs] 
1330.467: [GC (Allocation Failure) [PSYoungGen: 69440K->1344K(70144K)] 370850K->302754K(761856K), 0.0027758 secs] [Times: user=0.01 sys=0.00, real=0.01 secs] 
1330.918: [GC (Allocation Failure) [PSYoungGen: 69440K->1488K(70144K)] 370850K->302898K(761856K), 0.0020343 secs] [Times: user=0.00 sys=0.00, real=0.01 secs] 
1331.057: [GC (Allocation Failure) [PSYoungGen: 69584K->1517K(70144K)] 370994K->302927K(761856K), 0.0015171 secs] [Times: user=0.01 sys=0.00, real=0.01 secs] 
1331.177: [GC (Allocation Failure) [PSYoungGen: 69613K->1456K(70144K)] 371023K->302866K(761856K), 0.0017538 secs] [Times: user=0.01 sys=0.00, real=0.01 secs] 
1331.297: [GC (Allocation Failure) [PSYoungGen: 69552K->1517K(70144K)] 370962K->302935K(761856K), 0.0015667 secs] [Times: user=0.00 sys=0.00, real=0.01 secs] 
1331.609: [GC (Allocation Failure) [PSYoungGen: 69613K->1408K(70144K)] 371031K->302826K(761856K), 0.0017877 secs] [Times: user=0.01 sys=0.00, real=0.00 secs] 
1331.928: [GC (Allocation Failure) [PSYoungGen: 69504K->1408K(70144K)] 370922K->302826K(761856K), 0.0017561 secs] [Times: user=0.00 sys=0.00, real=0.01 secs] 
1332.211: [GC (Allocation Failure) [PSYoungGen: 69504K->1344K(70144K)] 370922K->302762K(761856K), 0.0024492 secs] [Times: user=0.01 sys=0.00, real=0.00 secs] 
1332.495: [GC (Allocation Failure) [PSYoungGen: 69440K->1408K(70144K)] 370858K->302826K(761856K), 0.0018954 secs] [Times: user=0.01 sys=0.00, real=0.00 secs] 
1332.675: [GC (Allocation Failure) [PSYoungGen: 69504K->1504K(70144K)] 370922K->302922K(761856K), 0.0015166 secs] [Times: user=0.00 sys=0.00, real=0.00 secs] 
1332.794: [GC (Allocation Failure) [PSYoungGen: 69600K->1453K(70144K)] 371018K->302871K(761856K), 0.0014926 secs] [Times: user=0.01 sys=0.00, real=0.00 secs] 
1332.913: [GC (Allocation Failure) [PSYoungGen: 69549K->1424K(70144K)] 370967K->302858K(761856K), 0.0015050 secs] [Times: user=0.01 sys=0.00, real=0.00 secs] 
1333.035: [GC (Allocation Failure) [PSYoungGen: 69244K->256K(77312K)] 370678K->301698K(769024K), 0.0016540 secs] [Times: user=0.01 sys=0.00, real=0.00 secs] 
1335.070: [GC (Allocation Failure) [PSYoungGen: 75520K->1376K(76288K)] 376962K->302818K(768000K), 0.0023177 secs] [Times: user=0.01 sys=0.00, real=0.00 secs] 
1335.871: [GC (Allocation Failure) [PSYoungGen: 76128K->1376K(75776K)] 377570K->302826K(767488K), 0.0028753 secs] [Times: user=0.01 sys=0.00, real=0.00 secs] 
1336.483: [GC (Allocation Failure) [PSYoungGen: 75616K->1344K(75264K)] 377066K->302794K(766976K), 0.0029257 secs] [Times: user=0.01 sys=0.00, real=0.00 secs] 
1337.146: [GC (Allocation Failure) [PSYoungGen: 75072K->1408K(74752K)] 376522K->302858K(766464K), 0.0026894 secs] [Times: user=0.01 sys=0.00, real=0.01 secs] 
1337.326: [GC (Allocation Failure) [PSYoungGen: 74624K->1453K(74240K)] 376074K->302903K(765952K), 0.0017087 secs] [Times: user=0.01 sys=0.00, real=0.00 secs] 
1337.454: [GC (Allocation Failure) [PSYoungGen: 74157K->1485K(73728K)] 375607K->302935K(765440K), 0.0015708 secs] [Times: user=0.00 sys=0.00, real=0.00 secs] 
1337.581: [GC (Allocation Failure) [PSYoungGen: 73677K->1472K(73216K)] 375127K->302922K(764928K), 0.0015783 secs] [Times: user=0.00 sys=0.00, real=0.00 secs] 
1339.652: [GC (Allocation Failure) [PSYoungGen: 73152K->1408K(72704K)] 374602K->302858K(764416K), 0.0042082 secs] [Times: user=0.01 sys=0.00, real=0.00 secs] 
1340.941: [GC (Allocation Failure) [PSYoungGen: 72576K->1408K(72192K)] 374026K->302858K(763904K), 0.0027617 secs] [Times: user=0.01 sys=0.00, real=0.00 secs] 
1342.354: [GC (Allocation Failure) [PSYoungGen: 72064K->1376K(71680K)] 373514K->302826K(763392K), 0.0026027 secs] [Times: user=0.01 sys=0.00, real=0.00 secs] 
1343.289: [GC (Allocation Failure) [PSYoungGen: 71520K->1376K(71168K)] 372970K->302826K(762880K), 0.0027760 secs] [Times: user=0.00 sys=0.00, real=0.00 secs] 
1343.597: [GC (Allocation Failure) [PSYoungGen: 71008K->1488K(70656K)] 372458K->302938K(762368K), 0.0014739 secs] [Times: user=0.00 sys=0.00, real=0.01 secs] 
1343.739: [GC (Allocation Failure) [PSYoungGen: 70608K->1485K(70144K)] 372058K->302935K(761856K), 0.0020881 secs] [Times: user=0.01 sys=0.00, real=0.00 secs] 
1343.904: [GC (Allocation Failure) [PSYoungGen: 70090K->1488K(69632K)] 371540K->302938K(761344K), 0.0015707 secs] [Times: user=0.00 sys=0.00, real=0.00 secs] 
1344.025: [GC (Allocation Failure) [PSYoungGen: 69584K->1504K(70144K)] 371034K->302962K(761856K), 0.0015848 secs] [Times: user=0.01 sys=0.00, real=0.00 secs] 
1344.477: [GC (Allocation Failure) [PSYoungGen: 69600K->1376K(70144K)] 371058K->302834K(761856K), 0.0019842 secs] [Times: user=0.01 sys=0.00, real=0.01 secs] 
1344.760: [GC (Allocation Failure) [PSYoungGen: 69472K->1312K(70144K)] 370930K->302770K(761856K), 0.0019587 secs] [Times: user=0.01 sys=0.00, real=0.00 secs] 
1345.049: [GC (Allocation Failure) [PSYoungGen: 69408K->1440K(70144K)] 370866K->302898K(761856K), 0.0019047 secs] [Times: user=0.00 sys=0.00, real=0.00 secs] 
1345.332: [GC (Allocation Failure) [PSYoungGen: 69536K->1408K(70144K)] 370994K->302874K(761856K), 0.0016733 secs] [Times: user=0.01 sys=0.00, real=0.00 secs] 
1345.522: [GC (Allocation Failure) [PSYoungGen: 69504K->1488K(70144K)] 370970K->302954K(761856K), 0.0014750 secs] [Times: user=0.00 sys=0.00, real=0.00 secs] 
1345.642: [GC (Allocation Failure) [PSYoungGen: 69584K->1485K(70144K)] 371050K->302951K(761856K), 0.0015167 secs] [Times: user=0.01 sys=0.00, real=0.00 secs] 
1345.762: [GC (Allocation Failure) [PSYoungGen: 69581K->1488K(70144K)] 371047K->302954K(761856K), 0.0015457 secs] [Times: user=0.00 sys=0.00, real=0.00 secs] 
1345.882: [GC (Allocation Failure) [PSYoungGen: 69584K->160K(70144K)] 371050K->301634K(761856K), 0.0015293 secs] [Times: user=0.00 sys=0.00, real=0.00 secs] 
1347.341: [GC (Allocation Failure) [PSYoungGen: 68256K->1376K(69632K)] 369730K->302850K(761344K), 0.0027386 secs] [Times: user=0.01 sys=0.00, real=0.00 secs] 
1348.547: [GC (Allocation Failure) [PSYoungGen: 69472K->1344K(69632K)] 370946K->302818K(761344K), 0.0041357 secs] [Times: user=0.02 sys=0.00, real=0.01 secs] 
1349.518: [GC (Allocation Failure) [PSYoungGen: 69440K->1344K(69632K)] 370914K->302818K(761344K), 0.0033309 secs] [Times: user=0.02 sys=0.00, real=0.00 secs] 
1350.219: [GC (Allocation Failure) [PSYoungGen: 69440K->1376K(69632K)] 370914K->302850K(761344K), 0.0035956 secs] [Times: user=0.01 sys=0.00, real=0.00 secs] 
1350.529: [GC (Allocation Failure) [PSYoungGen: 69472K->1488K(69632K)] 370946K->302962K(761344K), 0.0017426 secs] [Times: user=0.01 sys=0.00, real=0.00 secs] 
1350.663: [GC (Allocation Failure) [PSYoungGen: 69584K->1501K(69632K)] 371058K->302975K(761344K), 0.0016238 secs] [Times: user=0.01 sys=0.00, real=0.00 secs] 
1350.803: [GC (Allocation Failure) [PSYoungGen: 69597K->1517K(69632K)] 371071K->302991K(761344K), 0.0017026 secs] [Times: user=0.00 sys=0.01, real=0.00 secs] 
1351.000: [GC (Allocation Failure) [PSYoungGen: 69613K->1728K(70144K)] 371087K->303202K(761856K), 0.0021197 secs] [Times: user=0.01 sys=0.00, real=0.00 secs] 
1351.827: [GC (Allocation Failure) [PSYoungGen: 69824K->384K(68608K)] 371298K->302882K(760320K), 0.0031055 secs] [Times: user=0.01 sys=0.00, real=0.01 secs] 
1352.313: [GC (Allocation Failure) [PSYoungGen: 68480K->352K(68608K)] 370978K->302850K(760320K), 0.0025690 secs] [Times: user=0.01 sys=0.00, real=0.00 secs] 
1353.039: [GC (Allocation Failure) [PSYoungGen: 68448K->368K(69632K)] 370946K->302866K(761344K), 0.0039812 secs] [Times: user=0.01 sys=0.00, real=0.00 secs] 
1353.816: [GC (Allocation Failure) [PSYoungGen: 68464K->352K(70656K)] 370962K->302850K(762368K), 0.0035407 secs] [Times: user=0.01 sys=0.00, real=0.01 secs] 
1354.124: [GC (Allocation Failure) [PSYoungGen: 68448K->1517K(70656K)] 370946K->304015K(762368K), 0.0019906 secs] [Times: user=0.01 sys=0.00, real=0.00 secs] 
1354.250: [GC (Allocation Failure) [PSYoungGen: 69613K->1456K(70656K)] 372111K->303954K(762368K), 0.0015348 secs] [Times: user=0.00 sys=0.00, real=0.00 secs] 
1354.369: [GC (Allocation Failure) [PSYoungGen: 69552K->1456K(70656K)] 372050K->303954K(762368K), 0.0015241 secs] [Times: user=0.01 sys=0.00, real=0.00 secs] 
1354.548: [GC (Allocation Failure) [PSYoungGen: 69552K->1984K(70656K)] 372050K->304506K(762368K), 0.0019478 secs] [Times: user=0.00 sys=0.00, real=0.01 secs] 
1354.856: [GC (Allocation Failure) [PSYoungGen: 70080K->1360K(70656K)] 372602K->303882K(762368K), 0.0020571 secs] [Times: user=0.01 sys=0.00, real=0.00 secs] 
1355.206: [GC (Allocation Failure) [PSYoungGen: 69456K->1408K(70656K)] 371978K->303930K(762368K), 0.0019095 secs] [Times: user=0.01 sys=0.00, real=0.01 secs] 
1355.489: [GC (Allocation Failure) [PSYoungGen: 69504K->1344K(70656K)] 372026K->303866K(762368K), 0.0020356 secs] [Times: user=0.01 sys=0.00, real=0.00 secs] 
1355.828: [GC (Allocation Failure) [PSYoungGen: 69440K->1424K(70656K)] 371962K->303946K(762368K), 0.0017043 secs] [Times: user=0.01 sys=0.00, real=0.01 secs] 
1355.953: [GC (Allocation Failure) [PSYoungGen: 69520K->1456K(70656K)] 372042K->303978K(762368K), 0.0014962 secs] [Times: user=0.00 sys=0.00, real=0.00 secs] 
1356.072: [GC (Allocation Failure) [PSYoungGen: 69552K->1453K(70656K)] 372074K->303975K(762368K), 0.0014631 secs] [Times: user=0.01 sys=0.00, real=0.00 secs] 
1356.210: [GC (Allocation Failure) [PSYoungGen: 69549K->1485K(70656K)] 372071K->304015K(762368K), 0.0018366 secs] [Times: user=0.00 sys=0.00, real=0.00 secs] 
1357.072: [GC (Allocation Failure) [PSYoungGen: 69581K->1408K(70656K)] 372111K->303938K(762368K), 0.0037941 secs] [Times: user=0.02 sys=0.00, real=0.00 secs] 
1358.445: [GC (Allocation Failure) [PSYoungGen: 69504K->1376K(69632K)] 372034K->303906K(761344K), 0.0037151 secs] [Times: user=0.02 sys=0.00, real=0.01 secs] 
1359.263: [GC (Allocation Failure) [PSYoungGen: 69472K->1344K(70144K)] 372002K->303874K(761856K), 0.0026171 secs] [Times: user=0.01 sys=0.00, real=0.00 secs] 
1359.903: [GC (Allocation Failure) [PSYoungGen: 69440K->1376K(70144K)] 371970K->303906K(761856K), 0.0030073 secs] [Times: user=0.01 sys=0.00, real=0.00 secs] 
1360.706: [GC (Allocation Failure) [PSYoungGen: 69472K->1456K(70144K)] 372002K->303986K(761856K), 0.0023346 secs] [Times: user=0.01 sys=0.00, real=0.01 secs] 
1360.887: [GC (Allocation Failure) [PSYoungGen: 69552K->1453K(70144K)] 372082K->303983K(761856K), 0.0014984 secs] [Times: user=0.01 sys=0.00, real=0.01 secs] 
1361.026: [GC (Allocation Failure) [PSYoungGen: 69549K->1453K(70144K)] 372079K->303983K(761856K), 0.0017796 secs] [Times: user=0.01 sys=0.00, real=0.00 secs] 
1361.176: [GC (Allocation Failure) [PSYoungGen: 69549K->1424K(70144K)] 372079K->303962K(761856K), 0.0017407 secs] [Times: user=0.00 sys=0.00, real=0.01 secs] 
1361.447: [GC (Allocation Failure) [PSYoungGen: 69520K->1424K(70144K)] 372058K->303962K(761856K), 0.0019735 secs] [Times: user=0.01 sys=0.00, real=0.01 secs] 
1362.252: [GC (Allocation Failure) [PSYoungGen: 69520K->1376K(70144K)] 372058K->303914K(761856K), 0.0035929 secs] [Times: user=0.02 sys=0.00, real=0.00 secs] 
1363.213: [GC (Allocation Failure) [PSYoungGen: 69472K->1376K(70144K)] 372010K->303914K(761856K), 0.0038125 secs] [Times: user=0.01 sys=0.01, real=0.00 secs] 
1363.933: [GC (Allocation Failure) [PSYoungGen: 69472K->1376K(70144K)] 372010K->303914K(761856K), 0.0027277 secs] [Times: user=0.01 sys=0.00, real=0.00 secs] 
1364.412: [GC (Allocation Failure) [PSYoungGen: 69472K->1424K(70144K)] 372010K->303962K(761856K), 0.0021188 secs] [Times: user=0.01 sys=0.00, real=0.00 secs] 
1364.562: [GC (Allocation Failure) [PSYoungGen: 69520K->1453K(70144K)] 372058K->303991K(761856K), 0.0015107 secs] [Times: user=0.00 sys=0.00, real=0.00 secs] 
1364.699: [GC (Allocation Failure) [PSYoungGen: 69549K->1485K(70144K)] 372087K->304023K(761856K), 0.0018516 secs] [Times: user=0.01 sys=0.00, real=0.00 secs] 
1364.862: [GC (Allocation Failure) [PSYoungGen: 69581K->1549K(70144K)] 372119K->304095K(761856K), 0.0019394 secs] [Times: user=0.01 sys=0.00, real=0.00 secs] 
1365.177: [GC (Allocation Failure) [PSYoungGen: 69645K->1440K(70144K)] 372191K->303994K(761856K), 0.0022742 secs] [Times: user=0.01 sys=0.00, real=0.01 secs] 
1365.727: [GC (Allocation Failure) [PSYoungGen: 69536K->1376K(70144K)] 372090K->303930K(761856K), 0.0019946 secs] [Times: user=0.01 sys=0.00, real=0.01 secs] 
1366.260: [GC (Allocation Failure) [PSYoungGen: 69472K->1408K(70144K)] 372026K->303962K(761856K), 0.0029316 secs] [Times: user=0.01 sys=0.00, real=0.00 secs] 
1366.813: [GC (Allocation Failure) [PSYoungGen: 69504K->1376K(70144K)] 372058K->303930K(761856K), 0.0025137 secs] [Times: user=0.01 sys=0.01, real=0.00 secs] 
1367.288: [GC (Allocation Failure) [PSYoungGen: 69472K->1456K(70144K)] 372026K->304010K(761856K), 0.0018876 secs] [Times: user=0.00 sys=0.00, real=0.00 secs] 
1367.461: [GC (Allocation Failure) [PSYoungGen: 69552K->1517K(70144K)] 372106K->304071K(761856K), 0.0020862 secs] [Times: user=0.01 sys=0.00, real=0.00 secs] 
1367.639: [GC (Allocation Failure) [PSYoungGen: 69613K->1453K(70144K)] 372167K->304007K(761856K), 0.0020391 secs] [Times: user=0.01 sys=0.00, real=0.00 secs] 
1367.815: [GC (Allocation Failure) [PSYoungGen: 69549K->1517K(70144K)] 372103K->304079K(761856K), 0.0020628 secs] [Times: user=0.01 sys=0.00, real=0.00 secs] 
1368.484: [GC (Allocation Failure) [PSYoungGen: 69613K->1424K(70144K)] 372175K->303986K(761856K), 0.0030094 secs] [Times: user=0.01 sys=0.00, real=0.00 secs] 
1369.160: [GC (Allocation Failure) [PSYoungGen: 69520K->1376K(70144K)] 372082K->303938K(761856K), 0.0022704 secs] [Times: user=0.01 sys=0.00, real=0.00 secs] 
1369.726: [GC (Allocation Failure) [PSYoungGen: 69472K->1344K(70144K)] 372034K->303906K(761856K), 0.0023349 secs] [Times: user=0.01 sys=0.00, real=0.01 secs] 
1370.383: [GC (Allocation Failure) [PSYoungGen: 69440K->1408K(70144K)] 372002K->303970K(761856K), 0.0036328 secs] [Times: user=0.02 sys=0.00, real=0.00 secs] 
1370.924: [GC (Allocation Failure) [PSYoungGen: 69504K->1440K(70144K)] 372066K->304002K(761856K), 0.0024041 secs] [Times: user=0.01 sys=0.00, real=0.00 secs] 
1371.088: [GC (Allocation Failure) [PSYoungGen: 69536K->1488K(70144K)] 372098K->304050K(761856K), 0.0015442 secs] [Times: user=0.01 sys=0.00, real=0.01 secs] 
1371.212: [GC (Allocation Failure) [PSYoungGen: 69584K->1485K(70144K)] 372146K->304047K(761856K), 0.0014973 secs] [Times: user=0.00 sys=0.00, real=0.00 secs] 
1371.332: [GC (Allocation Failure) [PSYoungGen: 69581K->1488K(70144K)] 372143K->304058K(761856K), 0.0015503 secs] [Times: user=0.00 sys=0.00, real=0.00 secs] 
1371.604: [GC (Allocation Failure) [PSYoungGen: 69584K->1408K(70144K)] 372154K->303978K(761856K), 0.0018252 secs] [Times: user=0.01 sys=0.00, real=0.00 secs] 
1371.914: [GC (Allocation Failure) [PSYoungGen: 69504K->1376K(70144K)] 372074K->303946K(761856K), 0.0018115 secs] [Times: user=0.00 sys=0.00, real=0.00 secs] 
1372.214: [GC (Allocation Failure) [PSYoungGen: 69472K->1376K(70144K)] 372042K->303946K(761856K), 0.0018145 secs] [Times: user=0.00 sys=0.00, real=0.00 secs] 
1372.497: [GC (Allocation Failure) [PSYoungGen: 69472K->1344K(70144K)] 372042K->303922K(761856K), 0.0018288 secs] [Times: user=0.01 sys=0.00, real=0.01 secs] 
1372.787: [GC (Allocation Failure) [PSYoungGen: 69440K->1389K(70144K)] 372018K->303967K(761856K), 0.0018400 secs] [Times: user=0.01 sys=0.00, real=0.01 secs] 
1372.912: [GC (Allocation Failure) [PSYoungGen: 69485K->1421K(70144K)] 372063K->303999K(761856K), 0.0014890 secs] [Times: user=0.01 sys=0.00, real=0.00 secs] 
1373.032: [GC (Allocation Failure) [PSYoungGen: 69517K->1517K(70144K)] 372095K->304095K(761856K), 0.0016832 secs] [Times: user=0.01 sys=0.00, real=0.00 secs] 
1373.152: [GC (Allocation Failure) [PSYoungGen: 69613K->1421K(70144K)] 372191K->304015K(761856K), 0.0016792 secs] [Times: user=0.00 sys=0.00, real=0.00 secs] 
1373.483: [GC (Allocation Failure) [PSYoungGen: 69517K->1424K(70144K)] 372111K->304018K(761856K), 0.0019008 secs] [Times: user=0.01 sys=0.00, real=0.00 secs] 
1374.059: [GC (Allocation Failure) [PSYoungGen: 69520K->1376K(70144K)] 372114K->303970K(761856K), 0.0031389 secs] [Times: user=0.01 sys=0.00, real=0.00 secs] 
1374.726: [GC (Allocation Failure) [PSYoungGen: 69472K->1344K(70144K)] 372066K->303938K(761856K), 0.0025969 secs] [Times: user=0.01 sys=0.00, real=0.01 secs] 
1375.373: [GC (Allocation Failure) [PSYoungGen: 69440K->1408K(69632K)] 372034K->304010K(761344K), 0.0025588 secs] [Times: user=0.01 sys=0.00, real=0.00 secs] 
1375.916: [GC (Allocation Failure) [PSYoungGen: 69504K->1485K(69632K)] 372106K->304087K(761344K), 0.0022329 secs] [Times: user=0.01 sys=0.00, real=0.00 secs] 
1376.064: [GC (Allocation Failure) [PSYoungGen: 69554K->1485K(70144K)] 372156K->304087K(761856K), 0.0014995 secs] [Times: user=0.01 sys=0.00, real=0.00 secs] 
1376.183: [GC (Allocation Failure) [PSYoungGen: 69581K->1456K(70144K)] 372183K->304058K(761856K), 0.0014482 secs] [Times: user=0.01 sys=0.00, real=0.00 secs] 
1376.303: [GC (Allocation Failure) [PSYoungGen: 69552K->1453K(70144K)] 372154K->304071K(761856K), 0.0014973 secs] [Times: user=0.01 sys=0.00, real=0.00 secs] 
1376.557: [GC (Allocation Failure) [PSYoungGen: 69549K->1424K(70144K)] 372167K->304042K(761856K), 0.0018977 secs] [Times: user=0.01 sys=0.00, real=0.01 secs] 
1376.841: [GC (Allocation Failure) [PSYoungGen: 69520K->1344K(70144K)] 372138K->303962K(761856K), 0.0017552 secs] [Times: user=0.01 sys=0.00, real=0.00 secs] 
1377.123: [GC (Allocation Failure) [PSYoungGen: 69440K->1376K(70144K)] 372058K->303994K(761856K), 0.0016826 secs] [Times: user=0.01 sys=0.00, real=0.00 secs] 
1377.406: [GC (Allocation Failure) [PSYoungGen: 69472K->1408K(69632K)] 372090K->304026K(761344K), 0.0017139 secs] [Times: user=0.01 sys=0.00, real=0.00 secs] 
1377.646: [GC (Allocation Failure) [PSYoungGen: 69504K->1517K(69632K)] 372122K->304135K(761344K), 0.0019631 secs] [Times: user=0.01 sys=0.00, real=0.01 secs] 
1377.833: [GC (Allocation Failure) [PSYoungGen: 69613K->1485K(70144K)] 372231K->304103K(761856K), 0.0019757 secs] [Times: user=0.01 sys=0.00, real=0.00 secs] 
1377.962: [GC (Allocation Failure) [PSYoungGen: 69581K->1501K(70144K)] 372199K->304119K(761856K), 0.0015595 secs] [Times: user=0.00 sys=0.00, real=0.00 secs] 
1378.100: [GC (Allocation Failure) [PSYoungGen: 69597K->1520K(70144K)] 372215K->304146K(761856K), 0.0018515 secs] [Times: user=0.01 sys=0.00, real=0.00 secs] 
1379.564: [GC (Allocation Failure) [PSYoungGen: 69616K->1408K(70144K)] 372242K->304034K(761856K), 0.0039175 secs] [Times: user=0.02 sys=0.00, real=0.00 secs] 
1380.421: [GC (Allocation Failure) [PSYoungGen: 69504K->1376K(70144K)] 372130K->304002K(761856K), 0.0029576 secs] [Times: user=0.01 sys=0.00, real=0.00 secs] 
1381.134: [GC (Allocation Failure) [PSYoungGen: 69472K->1344K(70144K)] 372098K->303970K(761856K), 0.0026189 secs] [Times: user=0.01 sys=0.00, real=0.00 secs] 
1381.934: [GC (Allocation Failure) [PSYoungGen: 69440K->1344K(70144K)] 372066K->303978K(761856K), 0.0027233 secs] [Times: user=0.01 sys=0.00, real=0.00 secs] 
1382.497: [GC (Allocation Failure) [PSYoungGen: 69440K->1469K(70144K)] 372074K->304103K(761856K), 0.0022690 secs] [Times: user=0.01 sys=0.00, real=0.01 secs] 
1382.654: [GC (Allocation Failure) [PSYoungGen: 69536K->1453K(70144K)] 372170K->304087K(761856K), 0.0018389 secs] [Times: user=0.01 sys=0.01, real=0.00 secs] 
1382.775: [GC (Allocation Failure) [PSYoungGen: 69549K->1456K(70144K)] 372183K->304090K(761856K), 0.0015333 secs] [Times: user=0.01 sys=0.00, real=0.00 secs] 
1382.896: [GC (Allocation Failure) [PSYoungGen: 69552K->1453K(70144K)] 372186K->304111K(761856K), 0.0016073 secs] [Times: user=0.00 sys=0.00, real=0.00 secs] 
1383.414: [GC (Allocation Failure) [PSYoungGen: 69549K->1424K(70144K)] 372207K->304082K(761856K), 0.0031369 secs] [Times: user=0.02 sys=0.00, real=0.00 secs] 
1383.756: [GC (Allocation Failure) [PSYoungGen: 69520K->1344K(70144K)] 372178K->304002K(761856K), 0.0020412 secs] [Times: user=0.01 sys=0.00, real=0.01 secs] 
1384.147: [GC (Allocation Failure) [PSYoungGen: 69440K->1408K(70144K)] 372098K->304082K(761856K), 0.0017578 secs] [Times: user=0.01 sys=0.00, real=0.01 secs] 
1384.429: [GC (Allocation Failure) [PSYoungGen: 69504K->1392K(70144K)] 372178K->304074K(761856K), 0.0018170 secs] [Times: user=0.01 sys=0.00, real=0.00 secs] 
1384.666: [GC (Allocation Failure) [PSYoungGen: 69488K->1517K(70144K)] 372170K->304199K(761856K), 0.0016351 secs] [Times: user=0.01 sys=0.00, real=0.00 secs] 
1384.785: [GC (Allocation Failure) [PSYoungGen: 69613K->1453K(70144K)] 372295K->304135K(761856K), 0.0015016 secs] [Times: user=0.01 sys=0.00, real=0.00 secs] 
1384.904: [GC (Allocation Failure) [PSYoungGen: 69549K->1453K(70144K)] 372231K->304135K(761856K), 0.0015001 secs] [Times: user=0.00 sys=0.00, real=0.00 secs] 
1385.023: [GC (Allocation Failure) [PSYoungGen: 69549K->1520K(70144K)] 372231K->304218K(761856K), 0.0015177 secs] [Times: user=0.01 sys=0.00, real=0.00 secs] 
1387.217: [GC (Allocation Failure) [PSYoungGen: 69616K->1376K(70144K)] 372314K->304074K(761856K), 0.0028598 secs] [Times: user=0.02 sys=0.00, real=0.01 secs] 
1387.844: [GC (Allocation Failure) [PSYoungGen: 69472K->1376K(70144K)] 372170K->304074K(761856K), 0.0024728 secs] [Times: user=0.01 sys=0.00, real=0.00 secs] 
1388.532: [GC (Allocation Failure) [PSYoungGen: 69472K->1376K(70144K)] 372170K->304074K(761856K), 0.0024897 secs] [Times: user=0.01 sys=0.00, real=0.00 secs] 
1389.254: [GC (Allocation Failure) [PSYoungGen: 69472K->1344K(70144K)] 372170K->304042K(761856K), 0.0025464 secs] [Times: user=0.01 sys=0.00, real=0.00 secs] 
1389.599: [GC (Allocation Failure) [PSYoungGen: 69433K->1520K(70144K)] 372131K->304218K(761856K), 0.0019429 secs] [Times: user=0.01 sys=0.00, real=0.00 secs] 
1389.772: [GC (Allocation Failure) [PSYoungGen: 69616K->1517K(70144K)] 372314K->304215K(761856K), 0.0021440 secs] [Times: user=0.01 sys=0.00, real=0.00 secs] 
1389.930: [GC (Allocation Failure) [PSYoungGen: 69613K->1453K(70144K)] 372311K->304151K(761856K), 0.0015213 secs] [Times: user=0.00 sys=0.00, real=0.00 secs] 
1390.051: [GC (Allocation Failure) [PSYoungGen: 69549K->1488K(70144K)] 372247K->304194K(761856K), 0.0014962 secs] [Times: user=0.01 sys=0.00, real=0.00 secs] 
1390.716: [GC (Allocation Failure) [PSYoungGen: 69584K->1408K(70144K)] 372290K->304114K(761856K), 0.0033839 secs] [Times: user=0.01 sys=0.00, real=0.01 secs] 
1391.282: [GC (Allocation Failure) [PSYoungGen: 69504K->1376K(70144K)] 372210K->304082K(761856K), 0.0029279 secs] [Times: user=0.01 sys=0.00, real=0.00 secs] 
1391.693: [GC (Allocation Failure) [PSYoungGen: 69472K->1376K(70144K)] 372178K->304082K(761856K), 0.0019404 secs] [Times: user=0.01 sys=0.00, real=0.00 secs] 
1392.044: [GC (Allocation Failure) [PSYoungGen: 69472K->1344K(70144K)] 372178K->304050K(761856K), 0.0018823 secs] [Times: user=0.01 sys=0.01, real=0.00 secs] 
1392.228: [GC (Allocation Failure) [PSYoungGen: 69440K->1488K(70144K)] 372146K->304194K(761856K), 0.0014719 secs] [Times: user=0.01 sys=0.00, real=0.00 secs] 
1392.347: [GC (Allocation Failure) [PSYoungGen: 69584K->1488K(70144K)] 372290K->304194K(761856K), 0.0015123 secs] [Times: user=0.01 sys=0.00, real=0.01 secs] 
1392.467: [GC (Allocation Failure) [PSYoungGen: 69584K->1485K(70144K)] 372290K->304191K(761856K), 0.0015113 secs] [Times: user=0.00 sys=0.00, real=0.01 secs] 
1392.586: [GC (Allocation Failure) [PSYoungGen: 69581K->1453K(70144K)] 372287K->304183K(761856K), 0.0017464 secs] [Times: user=0.01 sys=0.00, real=0.01 secs] 
1392.917: [GC (Allocation Failure) [PSYoungGen: 69549K->1408K(70144K)] 372279K->304138K(761856K), 0.0017062 secs] [Times: user=0.01 sys=0.00, real=0.01 secs] 
1393.199: [GC (Allocation Failure) [PSYoungGen: 69504K->1344K(70144K)] 372234K->304074K(761856K), 0.0015087 secs] [Times: user=0.01 sys=0.00, real=0.00 secs] 
1393.546: [GC (Allocation Failure) [PSYoungGen: 69440K->1344K(70144K)] 372170K->304074K(761856K), 0.0015624 secs] [Times: user=0.01 sys=0.00, real=0.00 secs] 
1393.914: [GC (Allocation Failure) [PSYoungGen: 69440K->1344K(70144K)] 372170K->304074K(761856K), 0.0017388 secs] [Times: user=0.01 sys=0.00, real=0.00 secs] 
1394.105: [GC (Allocation Failure) [PSYoungGen: 69440K->1485K(70144K)] 372170K->304215K(761856K), 0.0016639 secs] [Times: user=0.01 sys=0.00, real=0.00 secs] 
1394.243: [GC (Allocation Failure) [PSYoungGen: 69581K->1485K(70144K)] 372311K->304215K(761856K), 0.0017678 secs] [Times: user=0.01 sys=0.00, real=0.00 secs] 
1394.395: [GC (Allocation Failure) [PSYoungGen: 69581K->1485K(70144K)] 372311K->304215K(761856K), 0.0017330 secs] [Times: user=0.01 sys=0.00, real=0.00 secs] 
1394.610: [GC (Allocation Failure) [PSYoungGen: 69581K->1552K(70144K)] 372311K->304282K(761856K), 0.0018370 secs] [Times: user=0.01 sys=0.00, real=0.00 secs] 
1395.217: [GC (Allocation Failure) [PSYoungGen: 69648K->1408K(70144K)] 372378K->304138K(761856K), 0.0019504 secs] [Times: user=0.01 sys=0.00, real=0.01 secs] 
1395.523: [GC (Allocation Failure) [PSYoungGen: 69504K->1376K(70144K)] 372234K->304106K(761856K), 0.0018311 secs] [Times: user=0.01 sys=0.00, real=0.00 secs] 
1396.037: [GC (Allocation Failure) [PSYoungGen: 69472K->1360K(70144K)] 372202K->304090K(761856K), 0.0020402 secs] [Times: user=0.00 sys=0.00, real=0.01 secs] 
1396.598: [GC (Allocation Failure) [PSYoungGen: 69456K->1408K(70144K)] 372186K->304138K(761856K), 0.0021133 secs] [Times: user=0.01 sys=0.00, real=0.00 secs] 
1396.827: [GC (Allocation Failure) [PSYoungGen: 69504K->1456K(70144K)] 372234K->304186K(761856K), 0.0015992 secs] [Times: user=0.01 sys=0.00, real=0.01 secs] 
1396.947: [GC (Allocation Failure) [PSYoungGen: 69552K->1453K(70144K)] 372282K->304183K(761856K), 0.0016897 secs] [Times: user=0.01 sys=0.00, real=0.01 secs] 
1397.066: [GC (Allocation Failure) [PSYoungGen: 69549K->1456K(70144K)] 372279K->304186K(761856K), 0.0015153 secs] [Times: user=0.01 sys=0.00, real=0.00 secs] 
1397.399: [GC (Allocation Failure) [PSYoungGen: 69552K->1984K(70144K)] 372282K->304714K(761856K), 0.0019123 secs] [Times: user=0.00 sys=0.01, real=0.00 secs] 
1398.140: [GC (Allocation Failure) [PSYoungGen: 70080K->1376K(70144K)] 372810K->304106K(761856K), 0.0022968 secs] [Times: user=0.01 sys=0.00, real=0.00 secs] 
1398.678: [GC (Allocation Failure) [PSYoungGen: 69472K->1360K(70144K)] 372202K->304090K(761856K), 0.0023606 secs] [Times: user=0.01 sys=0.00, real=0.00 secs] 
1399.405: [GC (Allocation Failure) [PSYoungGen: 69456K->1376K(70144K)] 372186K->304106K(761856K), 0.0025880 secs] [Times: user=0.01 sys=0.00, real=0.00 secs] 
1400.417: [GC (Allocation Failure) [PSYoungGen: 69472K->1376K(70144K)] 372202K->304106K(761856K), 0.0031996 secs] [Times: user=0.01 sys=0.00, real=0.01 secs] 
1400.685: [GC (Allocation Failure) [PSYoungGen: 69472K->1485K(70144K)] 372202K->304215K(761856K), 0.0018953 secs] [Times: user=0.01 sys=0.00, real=0.00 secs] 
1400.861: [GC (Allocation Failure) [PSYoungGen: 69581K->1517K(70144K)] 372311K->304247K(761856K), 0.0021124 secs] [Times: user=0.01 sys=0.00, real=0.00 secs] 
1401.021: [GC (Allocation Failure) [PSYoungGen: 69613K->1488K(70144K)] 372343K->304242K(761856K), 0.0015475 secs] [Times: user=0.01 sys=0.00, real=0.00 secs] 
1401.673: [GC (Allocation Failure) [PSYoungGen: 69584K->1472K(70144K)] 372338K->304226K(761856K), 0.0023507 secs] [Times: user=0.01 sys=0.00, real=0.00 secs] 
1402.724: [GC (Allocation Failure) [PSYoungGen: 69568K->1344K(70144K)] 372322K->304098K(761856K), 0.0024626 secs] [Times: user=0.01 sys=0.00, real=0.00 secs] 
1403.239: [GC (Allocation Failure) [PSYoungGen: 69440K->1376K(70144K)] 372194K->304130K(761856K), 0.0023765 secs] [Times: user=0.01 sys=0.00, real=0.00 secs] 
1403.809: [GC (Allocation Failure) [PSYoungGen: 69472K->1408K(70144K)] 372226K->304162K(761856K), 0.0020128 secs] [Times: user=0.01 sys=0.01, real=0.00 secs] 
1404.357: [GC (Allocation Failure) [PSYoungGen: 69504K->1424K(70144K)] 372258K->304178K(761856K), 0.0020645 secs] [Times: user=0.00 sys=0.00, real=0.01 secs] 
1404.497: [GC (Allocation Failure) [PSYoungGen: 69520K->1488K(70144K)] 372274K->304242K(761856K), 0.0014887 secs] [Times: user=0.00 sys=0.00, real=0.01 secs] 
1404.616: [GC (Allocation Failure) [PSYoungGen: 69584K->1485K(70144K)] 372338K->304239K(761856K), 0.0014954 secs] [Times: user=0.00 sys=0.00, real=0.00 secs] 
1404.736: [GC (Allocation Failure) [PSYoungGen: 69581K->1453K(70144K)] 372335K->304231K(761856K), 0.0015010 secs] [Times: user=0.00 sys=0.00, real=0.00 secs] 
1404.930: [GC (Allocation Failure) [PSYoungGen: 69549K->1456K(70144K)] 372327K->304234K(761856K), 0.0018179 secs] [Times: user=0.01 sys=0.00, real=0.00 secs] 
1405.226: [GC (Allocation Failure) [PSYoungGen: 69552K->1408K(70144K)] 372330K->304186K(761856K), 0.0017333 secs] [Times: user=0.01 sys=0.00, real=0.00 secs] 
1405.833: [GC (Allocation Failure) [PSYoungGen: 69504K->1344K(70144K)] 372282K->304122K(761856K), 0.0028284 secs] [Times: user=0.01 sys=0.00, real=0.00 secs] 
1406.403: [GC (Allocation Failure) [PSYoungGen: 69440K->1376K(70144K)] 372218K->304154K(761856K), 0.0028995 secs] [Times: user=0.01 sys=0.00, real=0.00 secs] 
1406.921: [GC (Allocation Failure) [PSYoungGen: 69472K->1392K(70144K)] 372250K->304170K(761856K), 0.0022906 secs] [Times: user=0.01 sys=0.00, real=0.00 secs] 
1407.134: [GC (Allocation Failure) [PSYoungGen: 69488K->1517K(70144K)] 372266K->304295K(761856K), 0.0021388 secs] [Times: user=0.01 sys=0.00, real=0.00 secs] 
1407.276: [GC (Allocation Failure) [PSYoungGen: 69613K->1453K(70144K)] 372391K->304231K(761856K), 0.0014797 secs] [Times: user=0.00 sys=0.00, real=0.01 secs] 
1407.396: [GC (Allocation Failure) [PSYoungGen: 69549K->1421K(70144K)] 372327K->304207K(761856K), 0.0015015 secs] [Times: user=0.01 sys=0.00, real=0.00 secs] 
1407.740: [GC (Allocation Failure) [PSYoungGen: 69517K->1456K(70144K)] 372303K->304242K(761856K), 0.0025173 secs] [Times: user=0.01 sys=0.00, real=0.00 secs] 
1408.213: [GC (Allocation Failure) [PSYoungGen: 69552K->1376K(70144K)] 372338K->304162K(761856K), 0.0021826 secs] [Times: user=0.01 sys=0.00, real=0.00 secs] 
1408.798: [GC (Allocation Failure) [PSYoungGen: 69472K->1376K(70144K)] 372258K->304162K(761856K), 0.0018994 secs] [Times: user=0.00 sys=0.00, real=0.00 secs] 
1409.753: [GC (Allocation Failure) [PSYoungGen: 69472K->1408K(70144K)] 372258K->304194K(761856K), 0.0027677 secs] [Times: user=0.02 sys=0.00, real=0.00 secs] 
1410.629: [GC (Allocation Failure) [PSYoungGen: 69504K->1456K(70144K)] 372290K->304242K(761856K), 0.0026411 secs] [Times: user=0.01 sys=0.00, real=0.00 secs] 
1410.818: [GC (Allocation Failure) [PSYoungGen: 69531K->1456K(70144K)] 372317K->304242K(761856K), 0.0015292 secs] [Times: user=0.00 sys=0.00, real=0.00 secs] 
1410.940: [GC (Allocation Failure) [PSYoungGen: 69552K->1453K(70144K)] 372338K->304239K(761856K), 0.0014900 secs] [Times: user=0.00 sys=0.00, real=0.00 secs] 
1411.061: [GC (Allocation Failure) [PSYoungGen: 69549K->1517K(70144K)] 372335K->304319K(761856K), 0.0015116 secs] [Times: user=0.00 sys=0.00, real=0.00 secs] 
1411.408: [GC (Allocation Failure) [PSYoungGen: 69613K->1440K(70144K)] 372415K->304242K(761856K), 0.0020571 secs] [Times: user=0.00 sys=0.00, real=0.00 secs] 
1411.724: [GC (Allocation Failure) [PSYoungGen: 69536K->1360K(70144K)] 372338K->304162K(761856K), 0.0019437 secs] [Times: user=0.00 sys=0.00, real=0.00 secs] 
1412.008: [GC (Allocation Failure) [PSYoungGen: 69456K->1408K(70144K)] 372258K->304210K(761856K), 0.0029146 secs] [Times: user=0.02 sys=0.00, real=0.01 secs] 
1412.405: [GC (Allocation Failure) [PSYoungGen: 69504K->1376K(70144K)] 372306K->304178K(761856K), 0.0018323 secs] [Times: user=0.00 sys=0.00, real=0.00 secs] 
1412.892: [GC (Allocation Failure) [PSYoungGen: 69472K->1392K(70144K)] 372274K->304194K(761856K), 0.0020008 secs] [Times: user=0.01 sys=0.00, real=0.00 secs] 
1413.028: [GC (Allocation Failure) [PSYoungGen: 69488K->1485K(70144K)] 372290K->304311K(761856K), 0.0016235 secs] [Times: user=0.01 sys=0.00, real=0.00 secs] 
1413.147: [GC (Allocation Failure) [PSYoungGen: 69581K->1456K(70144K)] 372407K->304282K(761856K), 0.0014889 secs] [Times: user=0.00 sys=0.00, real=0.01 secs] 
1413.267: [GC (Allocation Failure) [PSYoungGen: 69552K->1485K(70144K)] 372378K->304327K(761856K), 0.0015322 secs] [Times: user=0.01 sys=0.00, real=0.01 secs] 
1413.616: [GC (Allocation Failure) [PSYoungGen: 69581K->1440K(69632K)] 372423K->304282K(761344K), 0.0021539 secs] [Times: user=0.00 sys=0.00, real=0.01 secs] 
1413.975: [GC (Allocation Failure) [PSYoungGen: 69536K->1376K(69632K)] 372378K->304218K(761344K), 0.0030516 secs] [Times: user=0.01 sys=0.00, real=0.01 secs] 
1414.267: [GC (Allocation Failure) [PSYoungGen: 69472K->1344K(69632K)] 372314K->304186K(761344K), 0.0019297 secs] [Times: user=0.01 sys=0.00, real=0.01 secs] 
1414.679: [GC (Allocation Failure) [PSYoungGen: 69440K->1440K(69632K)] 372282K->304282K(761344K), 0.0021495 secs] [Times: user=0.01 sys=0.00, real=0.00 secs] 
1414.999: [GC (Allocation Failure) [PSYoungGen: 69536K->1453K(69632K)] 372378K->304295K(761344K), 0.0017810 secs] [Times: user=0.01 sys=0.00, real=0.00 secs] 
1415.125: [GC (Allocation Failure) [PSYoungGen: 69549K->1488K(69632K)] 372391K->304330K(761344K), 0.0016377 secs] [Times: user=0.01 sys=0.00, real=0.00 secs] 
1415.245: [GC (Allocation Failure) [PSYoungGen: 69584K->1456K(69632K)] 372426K->304298K(761344K), 0.0015024 secs] [Times: user=0.00 sys=0.00, real=0.00 secs] 
1415.365: [GC (Allocation Failure) [PSYoungGen: 69552K->1533K(73728K)] 372394K->304383K(765440K), 0.0015305 secs] [Times: user=0.01 sys=0.00, real=0.00 secs] 
1415.698: [GC (Allocation Failure) [PSYoungGen: 73213K->1456K(72704K)] 376063K->304306K(764416K), 0.0020283 secs] [Times: user=0.00 sys=0.00, real=0.00 secs] 
1416.113: [GC (Allocation Failure) [PSYoungGen: 72624K->1440K(72192K)] 375474K->304290K(763904K), 0.0020404 secs] [Times: user=0.01 sys=0.00, real=0.00 secs] 
1416.464: [GC (Allocation Failure) [PSYoungGen: 72096K->1376K(71680K)] 374946K->304226K(763392K), 0.0017814 secs] [Times: user=0.00 sys=0.00, real=0.00 secs] 
1417.018: [GC (Allocation Failure) [PSYoungGen: 71520K->1344K(71168K)] 374370K->304194K(762880K), 0.0022950 secs] [Times: user=0.01 sys=0.00, real=0.01 secs] 
1417.507: [GC (Allocation Failure) [PSYoungGen: 70976K->1488K(70656K)] 373826K->304338K(762368K), 0.0018226 secs] [Times: user=0.00 sys=0.00, real=0.01 secs] 
1417.635: [GC (Allocation Failure) [PSYoungGen: 70608K->1517K(70144K)] 373458K->304367K(761856K), 0.0016882 secs] [Times: user=0.01 sys=0.00, real=0.00 secs] 
1417.755: [GC (Allocation Failure) [PSYoungGen: 70117K->1453K(69632K)] 372967K->304303K(761344K), 0.0016674 secs] [Times: user=0.00 sys=0.00, real=0.00 secs] 
1417.894: [GC (Allocation Failure) [PSYoungGen: 69549K->1485K(73728K)] 372399K->304343K(765440K), 0.0019014 secs] [Times: user=0.01 sys=0.00, real=0.00 secs] 
1418.919: [GC (Allocation Failure) [PSYoungGen: 73165K->1488K(77312K)] 376023K->304346K(769024K), 0.0222483 secs] [Times: user=0.09 sys=0.03, real=0.02 secs] 
1419.792: [GC (Allocation Failure) [PSYoungGen: 76752K->1376K(77312K)] 379610K->304234K(769024K), 0.0024273 secs] [Times: user=0.01 sys=0.00, real=0.00 secs] 
1420.527: [GC (Allocation Failure) [PSYoungGen: 76640K->1408K(76288K)] 379498K->304266K(768000K), 0.0050994 secs] [Times: user=0.02 sys=0.00, real=0.01 secs] 
1421.566: [GC (Allocation Failure) [PSYoungGen: 76160K->1488K(75776K)] 379018K->304346K(767488K), 0.0028469 secs] [Times: user=0.01 sys=0.00, real=0.01 secs] 
1421.749: [GC (Allocation Failure) [PSYoungGen: 75728K->1456K(75264K)] 378586K->304314K(766976K), 0.0015403 secs] [Times: user=0.01 sys=0.00, real=0.00 secs] 
1421.897: [GC (Allocation Failure) [PSYoungGen: 75184K->1504K(74752K)] 378042K->304362K(766464K), 0.0023446 secs] [Times: user=0.01 sys=0.00, real=0.01 secs] 
1422.063: [GC (Allocation Failure) [PSYoungGen: 74720K->1485K(82432K)] 377578K->304343K(774144K), 0.0018095 secs] [Times: user=0.01 sys=0.00, real=0.00 secs] 
1423.664: [GC (Allocation Failure) [PSYoungGen: 82381K->1440K(81920K)] 385239K->304298K(773632K), 0.0029034 secs] [Times: user=0.01 sys=0.00, real=0.00 secs] 
1424.367: [GC (Allocation Failure) [PSYoungGen: 81824K->1376K(81408K)] 384682K->304234K(773120K), 0.0024793 secs] [Times: user=0.01 sys=0.00, real=0.01 secs] 
1424.760: [GC (Allocation Failure) [PSYoungGen: 81248K->1328K(80896K)] 384106K->304186K(772608K), 0.0021373 secs] [Times: user=0.01 sys=0.00, real=0.00 secs] 
1425.309: [GC (Allocation Failure) [PSYoungGen: 80684K->1392K(80384K)] 383542K->304250K(772096K), 0.0020178 secs] [Times: user=0.01 sys=0.00, real=0.00 secs] 
1425.518: [GC (Allocation Failure) [PSYoungGen: 80240K->1517K(79872K)] 383098K->304391K(771584K), 0.0021922 secs] [Times: user=0.01 sys=0.00, real=0.01 secs] 
1425.722: [GC (Allocation Failure) [PSYoungGen: 79853K->1485K(79360K)] 382727K->304359K(771072K), 0.0023686 secs] [Times: user=0.01 sys=0.00, real=0.00 secs] 
1425.934: [GC (Allocation Failure) [PSYoungGen: 79309K->1485K(78848K)] 382183K->304359K(770560K), 0.0022580 secs] [Times: user=0.01 sys=0.00, real=0.00 secs] 
1426.403: [GC (Allocation Failure) [PSYoungGen: 78797K->1440K(78336K)] 381671K->304314K(770048K), 0.0021510 secs] [Times: user=0.00 sys=0.00, real=0.00 secs] 
1427.384: [GC (Allocation Failure) [PSYoungGen: 78240K->1376K(77824K)] 381114K->304250K(769536K), 0.0022721 secs] [Times: user=0.01 sys=0.00, real=0.00 secs] 
1428.357: [GC (Allocation Failure) [PSYoungGen: 77664K->1376K(77312K)] 380538K->304250K(769024K), 0.0034352 secs] [Times: user=0.01 sys=0.00, real=0.01 secs] 
1429.448: [GC (Allocation Failure) [PSYoungGen: 77152K->1456K(76800K)] 380026K->304330K(768512K), 0.0031643 secs] [Times: user=0.01 sys=0.00, real=0.00 secs] 
1429.662: [GC (Allocation Failure) [PSYoungGen: 76720K->1485K(76288K)] 379594K->304359K(768000K), 0.0016852 secs] [Times: user=0.00 sys=0.00, real=0.00 secs] 
1429.795: [GC (Allocation Failure) [PSYoungGen: 76237K->1488K(75776K)] 379111K->304362K(767488K), 0.0016201 secs] [Times: user=0.01 sys=0.00, real=0.00 secs] 
1429.928: [GC (Allocation Failure) [PSYoungGen: 75728K->1485K(75264K)] 378602K->304359K(766976K), 0.0016202 secs] [Times: user=0.00 sys=0.00, real=0.01 secs] 
1430.433: [GC (Allocation Failure) [PSYoungGen: 75213K->1440K(74752K)] 378087K->304314K(766464K), 0.0017766 secs] [Times: user=0.01 sys=0.00, real=0.00 secs] 
1431.063: [GC (Allocation Failure) [PSYoungGen: 74656K->1408K(74240K)] 377530K->304290K(765952K), 0.0018482 secs] [Times: user=0.00 sys=0.00, real=0.00 secs] 
1431.441: [GC (Allocation Failure) [PSYoungGen: 74112K->1376K(73728K)] 376994K->304258K(765440K), 0.0017490 secs] [Times: user=0.01 sys=0.00, real=0.00 secs] 
1431.741: [GC (Allocation Failure) [PSYoungGen: 73568K->1376K(73216K)] 376450K->304258K(764928K), 0.0016772 secs] [Times: user=0.00 sys=0.00, real=0.00 secs] 
1431.922: [GC (Allocation Failure) [PSYoungGen: 73056K->1488K(72704K)] 375938K->304370K(764416K), 0.0015568 secs] [Times: user=0.01 sys=0.00, real=0.00 secs] 
1432.066: [GC (Allocation Failure) [PSYoungGen: 72656K->1485K(72192K)] 375538K->304367K(763904K), 0.0019297 secs] [Times: user=0.01 sys=0.00, real=0.01 secs] 
1432.227: [GC (Allocation Failure) [PSYoungGen: 72141K->1485K(71680K)] 375023K->304367K(763392K), 0.0015967 secs] [Times: user=0.01 sys=0.00, real=0.01 secs] 
1432.396: [GC (Allocation Failure) [PSYoungGen: 71629K->1440K(71168K)] 374511K->304322K(762880K), 0.0019940 secs] [Times: user=0.01 sys=0.00, real=0.00 secs] 
1432.685: [GC (Allocation Failure) [PSYoungGen: 71072K->1360K(70656K)] 373954K->304250K(762368K), 0.0020126 secs] [Times: user=0.00 sys=0.00, real=0.00 secs] 
1432.973: [GC (Allocation Failure) [PSYoungGen: 70480K->1392K(70144K)] 373370K->304290K(761856K), 0.0019861 secs] [Times: user=0.00 sys=0.00, real=0.00 secs] 
1433.257: [GC (Allocation Failure) [PSYoungGen: 70000K->1312K(69632K)] 372898K->304210K(761344K), 0.0020025 secs] [Times: user=0.00 sys=0.00, real=0.01 secs] 
1433.596: [GC (Allocation Failure) [PSYoungGen: 69408K->1424K(70144K)] 372306K->304322K(761856K), 0.0018647 secs] [Times: user=0.00 sys=0.00, real=0.00 secs] 
1433.720: [GC (Allocation Failure) [PSYoungGen: 69520K->1456K(70144K)] 372418K->304354K(761856K), 0.0014720 secs] [Times: user=0.00 sys=0.00, real=0.00 secs] 
1433.840: [GC (Allocation Failure) [PSYoungGen: 69552K->1453K(70144K)] 372450K->304351K(761856K), 0.0016868 secs] [Times: user=0.00 sys=0.00, real=0.00 secs] 
1433.959: [GC (Allocation Failure) [PSYoungGen: 69549K->1485K(70144K)] 372447K->304383K(761856K), 0.0017634 secs] [Times: user=0.00 sys=0.00, real=0.00 secs] 
1434.256: [GC (Allocation Failure) [PSYoungGen: 69581K->1456K(76800K)] 372479K->304354K(768512K), 0.0022498 secs] [Times: user=0.01 sys=0.00, real=0.01 secs] 
1434.847: [GC (Allocation Failure) [PSYoungGen: 76720K->1376K(76288K)] 379618K->304274K(768000K), 0.0020749 secs] [Times: user=0.00 sys=0.00, real=0.01 secs] 
1435.450: [GC (Allocation Failure) [PSYoungGen: 76128K->1408K(75776K)] 379026K->304306K(767488K), 0.0022343 secs] [Times: user=0.01 sys=0.00, real=0.00 secs] 
1436.082: [GC (Allocation Failure) [PSYoungGen: 75648K->1344K(75264K)] 378546K->304242K(766976K), 0.0021555 secs] [Times: user=0.01 sys=0.00, real=0.00 secs] 
1436.499: [GC (Allocation Failure) [PSYoungGen: 75072K->1472K(74752K)] 377970K->304370K(766464K), 0.0015753 secs] [Times: user=0.01 sys=0.00, real=0.00 secs] 
1436.628: [GC (Allocation Failure) [PSYoungGen: 74688K->1453K(74240K)] 377586K->304351K(765952K), 0.0015793 secs] [Times: user=0.01 sys=0.00, real=0.01 secs] 
1436.757: [GC (Allocation Failure) [PSYoungGen: 74157K->1488K(73728K)] 377055K->304386K(765440K), 0.0016459 secs] [Times: user=0.01 sys=0.00, real=0.01 secs] 
1436.883: [GC (Allocation Failure) [PSYoungGen: 73680K->1485K(73216K)] 376578K->304391K(764928K), 0.0017097 secs] [Times: user=0.00 sys=0.00, real=0.00 secs] 
1437.191: [GC (Allocation Failure) [PSYoungGen: 73165K->1440K(72704K)] 376071K->304346K(764416K), 0.0016958 secs] [Times: user=0.01 sys=0.00, real=0.00 secs] 
1437.712: [GC (Allocation Failure) [PSYoungGen: 72608K->1392K(72192K)] 375514K->304298K(763904K), 0.0019814 secs] [Times: user=0.01 sys=0.00, real=0.00 secs] 
1438.295: [GC (Allocation Failure) [PSYoungGen: 72048K->1376K(71680K)] 374954K->304282K(763392K), 0.0020086 secs] [Times: user=0.01 sys=0.00, real=0.00 secs] 
1438.875: [GC (Allocation Failure) [PSYoungGen: 71520K->1328K(71168K)] 374426K->304234K(762880K), 0.0023689 secs] [Times: user=0.01 sys=0.00, real=0.00 secs] 
1439.060: [GC (Allocation Failure) [PSYoungGen: 70959K->1453K(70656K)] 373865K->304359K(762368K), 0.0016897 secs] [Times: user=0.01 sys=0.00, real=0.00 secs] 
1439.182: [GC (Allocation Failure) [PSYoungGen: 70573K->1453K(70144K)] 373479K->304359K(761856K), 0.0016220 secs] [Times: user=0.01 sys=0.00, real=0.00 secs] 
1439.302: [GC (Allocation Failure) [PSYoungGen: 70058K->1485K(69632K)] 372964K->304391K(761344K), 0.0015317 secs] [Times: user=0.00 sys=0.00, real=0.00 secs] 
1439.736: [GC (Allocation Failure) [PSYoungGen: 69581K->1472K(70144K)] 372487K->304378K(761856K), 0.0019674 secs] [Times: user=0.01 sys=0.00, real=0.01 secs] 
1440.432: [GC (Allocation Failure) [PSYoungGen: 69568K->1344K(70144K)] 372474K->304250K(761856K), 0.0021290 secs] [Times: user=0.00 sys=0.00, real=0.00 secs] 
1441.101: [GC (Allocation Failure) [PSYoungGen: 69440K->1376K(70144K)] 372346K->304282K(761856K), 0.0022798 secs] [Times: user=0.01 sys=0.00, real=0.00 secs] 
1441.952: [GC (Allocation Failure) [PSYoungGen: 69472K->1376K(70144K)] 372378K->304282K(761856K), 0.0027872 secs] [Times: user=0.01 sys=0.00, real=0.00 secs] 
1443.116: [GC (Allocation Failure) [PSYoungGen: 69472K->1424K(70144K)] 372378K->304330K(761856K), 0.0029287 secs] [Times: user=0.01 sys=0.00, real=0.01 secs] 
1443.312: [GC (Allocation Failure) [PSYoungGen: 69520K->1488K(70144K)] 372426K->304394K(761856K), 0.0016111 secs] [Times: user=0.00 sys=0.00, real=0.00 secs] 
1443.451: [GC (Allocation Failure) [PSYoungGen: 69584K->1517K(70144K)] 372490K->304423K(761856K), 0.0017590 secs] [Times: user=0.01 sys=0.00, real=0.00 secs] 
1443.600: [GC (Allocation Failure) [PSYoungGen: 69613K->1485K(70144K)] 372519K->304391K(761856K), 0.0014925 secs] [Times: user=0.00 sys=0.00, real=0.00 secs] 
1443.810: [GC (Allocation Failure) [PSYoungGen: 69581K->1360K(70144K)] 372487K->304282K(761856K), 0.0020830 secs] [Times: user=0.01 sys=0.00, real=0.00 secs] 
1444.093: [GC (Allocation Failure) [PSYoungGen: 69456K->1344K(70144K)] 372378K->304266K(761856K), 0.0018906 secs] [Times: user=0.01 sys=0.00, real=0.00 secs] 
1444.376: [GC (Allocation Failure) [PSYoungGen: 69440K->1344K(70144K)] 372362K->304266K(761856K), 0.0018891 secs] [Times: user=0.01 sys=0.00, real=0.00 secs] 
1444.701: [GC (Allocation Failure) [PSYoungGen: 69440K->1328K(70144K)] 372362K->304250K(761856K), 0.0019380 secs] [Times: user=0.01 sys=0.00, real=0.00 secs] 
1445.148: [GC (Allocation Failure) [PSYoungGen: 69424K->1424K(70144K)] 372346K->304346K(761856K), 0.0017808 secs] [Times: user=0.00 sys=0.00, real=0.00 secs] 
1445.279: [GC (Allocation Failure) [PSYoungGen: 69520K->1456K(70144K)] 372442K->304378K(761856K), 0.0015184 secs] [Times: user=0.00 sys=0.00, real=0.00 secs] 
1445.400: [GC (Allocation Failure) [PSYoungGen: 69552K->1424K(70144K)] 372474K->304346K(761856K), 0.0017221 secs] [Times: user=0.00 sys=0.00, real=0.00 secs] 
1445.522: [GC (Allocation Failure) [PSYoungGen: 69520K->1456K(70144K)] 372442K->304386K(761856K), 0.0015546 secs] [Times: user=0.01 sys=0.00, real=0.00 secs] 
1445.924: [GC (Allocation Failure) [PSYoungGen: 69552K->1424K(70144K)] 372482K->304354K(761856K), 0.0020468 secs] [Times: user=0.01 sys=0.00, real=0.00 secs] 
1446.504: [GC (Allocation Failure) [PSYoungGen: 69520K->1408K(70144K)] 372450K->304338K(761856K), 0.0020339 secs] [Times: user=0.01 sys=0.00, real=0.00 secs] 
1447.218: [GC (Allocation Failure) [PSYoungGen: 69504K->1344K(70144K)] 372434K->304274K(761856K), 0.0020850 secs] [Times: user=0.01 sys=0.00, real=0.00 secs] 
1447.781: [GC (Allocation Failure) [PSYoungGen: 69440K->1344K(69632K)] 372370K->304274K(761344K), 0.0023938 secs] [Times: user=0.01 sys=0.01, real=0.00 secs] 
1448.468: [GC (Allocation Failure) [PSYoungGen: 69440K->1472K(69632K)] 372370K->304402K(761344K), 0.0019872 secs] [Times: user=0.01 sys=0.00, real=0.00 secs] 
1448.611: [GC (Allocation Failure) [PSYoungGen: 69568K->1485K(70144K)] 372498K->304415K(761856K), 0.0015045 secs] [Times: user=0.01 sys=0.00, real=0.00 secs] 
1448.732: [GC (Allocation Failure) [PSYoungGen: 69581K->1488K(70144K)] 372511K->304418K(761856K), 0.0015031 secs] [Times: user=0.00 sys=0.00, real=0.00 secs] 
1448.851: [GC (Allocation Failure) [PSYoungGen: 69584K->1453K(70144K)] 372514K->304391K(761856K), 0.0015149 secs] [Times: user=0.00 sys=0.00, real=0.00 secs] 
1449.287: [GC (Allocation Failure) [PSYoungGen: 69549K->1424K(70144K)] 372487K->304362K(761856K), 0.0023409 secs] [Times: user=0.01 sys=0.00, real=0.01 secs] 
1449.847: [GC (Allocation Failure) [PSYoungGen: 69520K->1328K(70144K)] 372458K->304266K(761856K), 0.0039258 secs] [Times: user=0.02 sys=0.00, real=0.01 secs] 
1450.396: [GC (Allocation Failure) [PSYoungGen: 69424K->1344K(70144K)] 372362K->304282K(761856K), 0.0026413 secs] [Times: user=0.01 sys=0.00, real=0.01 secs] 
1450.875: [GC (Allocation Failure) [PSYoungGen: 69440K->1376K(70144K)] 372378K->304314K(761856K), 0.0030197 secs] [Times: user=0.01 sys=0.00, real=0.01 secs] 
1451.345: [GC (Allocation Failure) [PSYoungGen: 69472K->1440K(70144K)] 372410K->304378K(761856K), 0.0020530 secs] [Times: user=0.01 sys=0.00, real=0.00 secs] 
1451.483: [GC (Allocation Failure) [PSYoungGen: 69536K->1453K(70144K)] 372474K->304391K(761856K), 0.0016446 secs] [Times: user=0.01 sys=0.00, real=0.00 secs] 
1451.603: [GC (Allocation Failure) [PSYoungGen: 69549K->1485K(70144K)] 372487K->304423K(761856K), 0.0015122 secs] [Times: user=0.01 sys=0.00, real=0.00 secs] 
1451.722: [GC (Allocation Failure) [PSYoungGen: 69581K->1488K(70144K)] 372519K->304442K(761856K), 0.0014889 secs] [Times: user=0.01 sys=0.00, real=0.00 secs] 
1452.026: [GC (Allocation Failure) [PSYoungGen: 69584K->1408K(70144K)] 372538K->304362K(761856K), 0.0020222 secs] [Times: user=0.00 sys=0.00, real=0.00 secs] 
1452.339: [GC (Allocation Failure) [PSYoungGen: 69504K->1408K(70144K)] 372458K->304378K(761856K), 0.0019067 secs] [Times: user=0.01 sys=0.00, real=0.00 secs] 
1452.661: [GC (Allocation Failure) [PSYoungGen: 69504K->1376K(70144K)] 372474K->304354K(761856K), 0.0017136 secs] [Times: user=0.01 sys=0.00, real=0.00 secs] 
1452.947: [GC (Allocation Failure) [PSYoungGen: 69472K->1376K(70144K)] 372450K->304354K(761856K), 0.0021503 secs] [Times: user=0.01 sys=0.00, real=0.01 secs] 
1453.296: [GC (Allocation Failure) [PSYoungGen: 69451K->1501K(70144K)] 372429K->304479K(761856K), 0.0019384 secs] [Times: user=0.00 sys=0.00, real=0.01 secs] 
1453.438: [GC (Allocation Failure) [PSYoungGen: 69597K->1424K(70144K)] 372575K->304402K(761856K), 0.0014640 secs] [Times: user=0.01 sys=0.00, real=0.01 secs] 
1453.557: [GC (Allocation Failure) [PSYoungGen: 69520K->1456K(70144K)] 372498K->304434K(761856K), 0.0017403 secs] [Times: user=0.00 sys=0.00, real=0.01 secs] 
1453.693: [GC (Allocation Failure) [PSYoungGen: 69552K->1485K(70144K)] 372530K->304471K(761856K), 0.0017663 secs] [Times: user=0.01 sys=0.00, real=0.00 secs] 
1456.336: [GC (Allocation Failure) [PSYoungGen: 69581K->1424K(70144K)] 372567K->304410K(761856K), 0.0033272 secs] [Times: user=0.01 sys=0.00, real=0.01 secs] 
1457.201: [GC (Allocation Failure) [PSYoungGen: 69520K->1376K(70144K)] 372506K->304362K(761856K), 0.0025855 secs] [Times: user=0.01 sys=0.00, real=0.00 secs] 
1458.615: [GC (Allocation Failure) [PSYoungGen: 69472K->1376K(70144K)] 372458K->304362K(761856K), 0.0033889 secs] [Times: user=0.02 sys=0.00, real=0.01 secs] 
1459.931: [GC (Allocation Failure) [PSYoungGen: 69472K->1376K(70144K)] 372458K->304362K(761856K), 0.0034039 secs] [Times: user=0.01 sys=0.00, real=0.00 secs] 
1460.527: [GC (Allocation Failure) [PSYoungGen: 69472K->1453K(70144K)] 372458K->304439K(761856K), 0.0022856 secs] [Times: user=0.01 sys=0.00, real=0.01 secs] 
1460.734: [GC (Allocation Failure) [PSYoungGen: 69549K->1485K(70144K)] 372535K->304471K(761856K), 0.0021899 secs] [Times: user=0.01 sys=0.00, real=0.00 secs] 
1460.883: [GC (Allocation Failure) [PSYoungGen: 69581K->1488K(70144K)] 372567K->304474K(761856K), 0.0015746 secs] [Times: user=0.01 sys=0.00, real=0.00 secs] 
1461.003: [GC (Allocation Failure) [PSYoungGen: 69584K->1485K(70144K)] 372570K->304487K(761856K), 0.0015516 secs] [Times: user=0.00 sys=0.00, real=0.00 secs] 
1462.178: [GC (Allocation Failure) [PSYoungGen: 69581K->1408K(70144K)] 372583K->304410K(761856K), 0.0039786 secs] [Times: user=0.01 sys=0.00, real=0.01 secs] 
1463.245: [GC (Allocation Failure) [PSYoungGen: 69504K->1344K(70144K)] 372506K->304346K(761856K), 0.0024448 secs] [Times: user=0.01 sys=0.00, real=0.00 secs] 
1463.776: [GC (Allocation Failure) [PSYoungGen: 69440K->1344K(70144K)] 372442K->304346K(761856K), 0.0020789 secs] [Times: user=0.01 sys=0.00, real=0.01 secs] 
1464.243: [GC (Allocation Failure) [PSYoungGen: 69440K->1360K(70144K)] 372442K->304362K(761856K), 0.0021677 secs] [Times: user=0.01 sys=0.00, real=0.00 secs] 
1464.607: [GC (Allocation Failure) [PSYoungGen: 69456K->1453K(70144K)] 372458K->304455K(761856K), 0.0016392 secs] [Times: user=0.00 sys=0.00, real=0.01 secs] 
1464.727: [GC (Allocation Failure) [PSYoungGen: 69549K->1485K(70144K)] 372551K->304487K(761856K), 0.0016928 secs] [Times: user=0.00 sys=0.00, real=0.01 secs] 
1464.847: [GC (Allocation Failure) [PSYoungGen: 69581K->1453K(70144K)] 372583K->304455K(761856K), 0.0014794 secs] [Times: user=0.01 sys=0.00, real=0.01 secs] 
1464.985: [GC (Allocation Failure) [PSYoungGen: 69549K->1456K(70144K)] 372551K->304466K(761856K), 0.0018084 secs] [Times: user=0.01 sys=0.00, real=0.00 secs] 
1465.445: [GC (Allocation Failure) [PSYoungGen: 69552K->1424K(70144K)] 372562K->304442K(761856K), 0.0020761 secs] [Times: user=0.01 sys=0.00, real=0.00 secs] 
1465.818: [GC (Allocation Failure) [PSYoungGen: 69520K->1376K(70144K)] 372538K->304394K(761856K), 0.0019617 secs] [Times: user=0.01 sys=0.00, real=0.00 secs] 
1466.101: [GC (Allocation Failure) [PSYoungGen: 69472K->1360K(70144K)] 372490K->304378K(761856K), 0.0018887 secs] [Times: user=0.00 sys=0.00, real=0.00 secs] 
1466.551: [GC (Allocation Failure) [PSYoungGen: 69456K->1376K(70144K)] 372474K->304394K(761856K), 0.0017612 secs] [Times: user=0.01 sys=0.00, real=0.00 secs] 
1466.843: [GC (Allocation Failure) [PSYoungGen: 69472K->1469K(70144K)] 372490K->304487K(761856K), 0.0015999 secs] [Times: user=0.00 sys=0.00, real=0.00 secs] 
1466.964: [GC (Allocation Failure) [PSYoungGen: 69565K->1485K(70144K)] 372583K->304503K(761856K), 0.0014997 secs] [Times: user=0.00 sys=0.00, real=0.00 secs] 
1467.085: [GC (Allocation Failure) [PSYoungGen: 69581K->1485K(70144K)] 372599K->304503K(761856K), 0.0016661 secs] [Times: user=0.00 sys=0.00, real=0.00 secs] 
1467.206: [GC (Allocation Failure) [PSYoungGen: 69581K->1453K(70144K)] 372599K->304487K(761856K), 0.0015407 secs] [Times: user=0.00 sys=0.00, real=0.00 secs] 
1467.497: [GC (Allocation Failure) [PSYoungGen: 69549K->1440K(70144K)] 372583K->304474K(761856K), 0.0016595 secs] [Times: user=0.01 sys=0.00, real=0.01 secs] 
1467.807: [GC (Allocation Failure) [PSYoungGen: 69536K->1408K(70144K)] 372570K->304442K(761856K), 0.0016253 secs] [Times: user=0.00 sys=0.00, real=0.01 secs] 
1468.124: [GC (Allocation Failure) [PSYoungGen: 69504K->1408K(70144K)] 372538K->304442K(761856K), 0.0017163 secs] [Times: user=0.01 sys=0.00, real=0.00 secs] 
1468.407: [GC (Allocation Failure) [PSYoungGen: 69504K->1376K(70144K)] 372538K->304410K(761856K), 0.0017487 secs] [Times: user=0.01 sys=0.00, real=0.01 secs] 
1468.628: [GC (Allocation Failure) [PSYoungGen: 69472K->1501K(70144K)] 372506K->304535K(761856K), 0.0016443 secs] [Times: user=0.01 sys=0.00, real=0.00 secs] 
1468.749: [GC (Allocation Failure) [PSYoungGen: 69597K->1456K(70144K)] 372631K->304490K(761856K), 0.0015065 secs] [Times: user=0.01 sys=0.00, real=0.00 secs] 
1468.871: [GC (Allocation Failure) [PSYoungGen: 69552K->1488K(70144K)] 372586K->304522K(761856K), 0.0016935 secs] [Times: user=0.00 sys=0.01, real=0.00 secs] 
1468.992: [GC (Allocation Failure) [PSYoungGen: 69584K->1488K(70144K)] 372618K->304530K(761856K), 0.0015765 secs] [Times: user=0.00 sys=0.00, real=0.00 secs] 
1469.509: [GC (Allocation Failure) [PSYoungGen: 69584K->1376K(70144K)] 372626K->304418K(761856K), 0.0020617 secs] [Times: user=0.00 sys=0.00, real=0.00 secs] 
1469.994: [GC (Allocation Failure) [PSYoungGen: 69472K->1392K(70144K)] 372514K->304434K(761856K), 0.0019663 secs] [Times: user=0.01 sys=0.00, real=0.00 secs] 
1470.625: [GC (Allocation Failure) [PSYoungGen: 69488K->1408K(70144K)] 372530K->304450K(761856K), 0.0019546 secs] [Times: user=0.00 sys=0.00, real=0.00 secs] 
1471.196: [GC (Allocation Failure) [PSYoungGen: 69504K->1408K(70144K)] 372546K->304450K(761856K), 0.0018563 secs] [Times: user=0.00 sys=0.00, real=0.01 secs] 
1471.546: [GC (Allocation Failure) [PSYoungGen: 69504K->1469K(70144K)] 372546K->304511K(761856K), 0.0014692 secs] [Times: user=0.00 sys=0.01, real=0.00 secs] 
1471.666: [GC (Allocation Failure) [PSYoungGen: 69565K->1424K(70144K)] 372607K->304466K(761856K), 0.0015152 secs] [Times: user=0.00 sys=0.00, real=0.01 secs] 
1471.803: [GC (Allocation Failure) [PSYoungGen: 69520K->1485K(70144K)] 372562K->304535K(761856K), 0.0017734 secs] [Times: user=0.00 sys=0.00, real=0.00 secs] 
1471.953: [GC (Allocation Failure) [PSYoungGen: 69581K->1485K(70144K)] 372631K->304543K(761856K), 0.0043489 secs] [Times: user=0.02 sys=0.00, real=0.00 secs] 
1472.662: [GC (Allocation Failure) [PSYoungGen: 69581K->1376K(70144K)] 372639K->304434K(761856K), 0.0024097 secs] [Times: user=0.01 sys=0.00, real=0.00 secs] 
1473.365: [GC (Allocation Failure) [PSYoungGen: 69472K->1408K(69632K)] 372530K->304466K(761344K), 0.0024186 secs] [Times: user=0.01 sys=0.00, real=0.00 secs] 
1473.974: [GC (Allocation Failure) [PSYoungGen: 69504K->1376K(69632K)] 372562K->304434K(761344K), 0.0027283 secs] [Times: user=0.01 sys=0.01, real=0.00 secs] 
1474.622: [GC (Allocation Failure) [PSYoungGen: 69472K->1408K(69632K)] 372530K->304466K(761344K), 0.0020146 secs] [Times: user=0.00 sys=0.01, real=0.00 secs] 
1474.849: [GC (Allocation Failure) [PSYoungGen: 69504K->1424K(69632K)] 372562K->304482K(761344K), 0.0018237 secs] [Times: user=0.01 sys=0.00, real=0.00 secs] 
1474.969: [GC (Allocation Failure) [PSYoungGen: 69520K->445K(68608K)] 372578K->304527K(760320K), 0.0015353 secs] [Times: user=0.01 sys=0.00, real=0.00 secs] 
1475.088: [GC (Allocation Failure) [PSYoungGen: 68541K->461K(70144K)] 372623K->304543K(761856K), 0.0016164 secs] [Times: user=0.00 sys=0.00, real=0.00 secs] 
1475.228: [GC (Allocation Failure) [PSYoungGen: 68557K->224K(75264K)] 372639K->304306K(766976K), 0.0016722 secs] [Times: user=0.00 sys=0.00, real=0.00 secs] 
1476.454: [GC (Allocation Failure) [PSYoungGen: 73440K->1408K(74240K)] 377522K->305490K(765952K), 0.0020604 secs] [Times: user=0.01 sys=0.00, real=0.00 secs] 
1477.135: [GC (Allocation Failure) [PSYoungGen: 74112K->1360K(73728K)] 378194K->305442K(765440K), 0.0028673 secs] [Times: user=0.01 sys=0.00, real=0.00 secs] 
1477.835: [GC (Allocation Failure) [PSYoungGen: 73552K->1376K(73216K)] 377634K->305458K(764928K), 0.0036242 secs] [Times: user=0.01 sys=0.00, real=0.01 secs] 
1478.528: [GC (Allocation Failure) [PSYoungGen: 73056K->1424K(72704K)] 377138K->305506K(764416K), 0.0028191 secs] [Times: user=0.01 sys=0.00, real=0.01 secs] 
1478.724: [GC (Allocation Failure) [PSYoungGen: 72592K->1488K(72192K)] 376674K->305570K(763904K), 0.0015520 secs] [Times: user=0.01 sys=0.00, real=0.00 secs] 
1478.850: [GC (Allocation Failure) [PSYoungGen: 72144K->1488K(71680K)] 376226K->305570K(763392K), 0.0015394 secs] [Times: user=0.00 sys=0.00, real=0.00 secs] 
1478.972: [GC (Allocation Failure) [PSYoungGen: 71609K->1520K(71168K)] 375691K->305602K(762880K), 0.0015459 secs] [Times: user=0.01 sys=0.00, real=0.00 secs] 
1479.874: [GC (Allocation Failure) [PSYoungGen: 71152K->1408K(70656K)] 375234K->305498K(762368K), 0.0025413 secs] [Times: user=0.01 sys=0.01, real=0.00 secs] 
1480.180: [GC (Allocation Failure) [PSYoungGen: 70528K->1344K(70144K)] 374618K->305434K(761856K), 0.0028782 secs] [Times: user=0.01 sys=0.00, real=0.00 secs] 
1480.467: [GC (Allocation Failure) [PSYoungGen: 69952K->1376K(69632K)] 374042K->305466K(761344K), 0.0021472 secs] [Times: user=0.01 sys=0.01, real=0.01 secs] 
1480.987: [GC (Allocation Failure) [PSYoungGen: 69472K->1328K(70144K)] 373562K->305418K(761856K), 0.0022522 secs] [Times: user=0.01 sys=0.00, real=0.01 secs] 
1481.547: [GC (Allocation Failure) [PSYoungGen: 69424K->1501K(70144K)] 373514K->305591K(761856K), 0.0017678 secs] [Times: user=0.00 sys=0.00, real=0.01 secs] 
1481.673: [GC (Allocation Failure) [PSYoungGen: 69578K->1485K(70144K)] 373668K->305575K(761856K), 0.0015172 secs] [Times: user=0.01 sys=0.00, real=0.00 secs] 
1481.792: [GC (Allocation Failure) [PSYoungGen: 69581K->1456K(70144K)] 373671K->305546K(761856K), 0.0015425 secs] [Times: user=0.01 sys=0.00, real=0.00 secs] 
1481.912: [GC (Allocation Failure) [PSYoungGen: 69552K->1488K(70144K)] 373642K->305594K(761856K), 0.0015198 secs] [Times: user=0.01 sys=0.00, real=0.00 secs] 
1482.473: [GC (Allocation Failure) [PSYoungGen: 69584K->1392K(70144K)] 373690K->305498K(761856K), 0.0018976 secs] [Times: user=0.00 sys=0.00, real=0.00 secs] 
1483.455: [GC (Allocation Failure) [PSYoungGen: 69488K->1328K(70144K)] 373594K->305434K(761856K), 0.0019720 secs] [Times: user=0.01 sys=0.00, real=0.00 secs] 
1484.370: [GC (Allocation Failure) [PSYoungGen: 69424K->1344K(70144K)] 373530K->305474K(761856K), 0.0020627 secs] [Times: user=0.01 sys=0.00, real=0.00 secs] 
1485.115: [GC (Allocation Failure) [PSYoungGen: 69440K->1312K(70144K)] 373570K->305442K(761856K), 0.0019710 secs] [Times: user=0.01 sys=0.00, real=0.00 secs] 
1485.389: [GC (Allocation Failure) [PSYoungGen: 69408K->1469K(70144K)] 373538K->305599K(761856K), 0.0015542 secs] [Times: user=0.01 sys=0.00, real=0.00 secs] 
1485.509: [GC (Allocation Failure) [PSYoungGen: 69565K->1485K(70144K)] 373695K->305615K(761856K), 0.0014967 secs] [Times: user=0.00 sys=0.00, real=0.00 secs] 
1485.629: [GC (Allocation Failure) [PSYoungGen: 69581K->1453K(70144K)] 373711K->305583K(761856K), 0.0016948 secs] [Times: user=0.00 sys=0.00, real=0.00 secs] 
1485.748: [GC (Allocation Failure) [PSYoungGen: 69549K->1488K(70144K)] 373679K->305626K(761856K), 0.0017255 secs] [Times: user=0.01 sys=0.00, real=0.00 secs] 
1486.366: [GC (Allocation Failure) [PSYoungGen: 69584K->1408K(69632K)] 373722K->305554K(761344K), 0.0028501 secs] [Times: user=0.01 sys=0.00, real=0.01 secs] 
1487.023: [GC (Allocation Failure) [PSYoungGen: 69504K->1376K(69632K)] 373650K->305522K(761344K), 0.0027672 secs] [Times: user=0.01 sys=0.00, real=0.00 secs] 
1487.904: [GC (Allocation Failure) [PSYoungGen: 69472K->1328K(69632K)] 373618K->305474K(761344K), 0.0023242 secs] [Times: user=0.01 sys=0.00, real=0.00 secs] 
1488.819: [GC (Allocation Failure) [PSYoungGen: 69424K->1376K(69632K)] 373570K->305522K(761344K), 0.0042402 secs] [Times: user=0.01 sys=0.00, real=0.00 secs] 
1489.219: [GC (Allocation Failure) [PSYoungGen: 69472K->1520K(69632K)] 373618K->305666K(761344K), 0.0020999 secs] [Times: user=0.01 sys=0.00, real=0.00 secs] 
1489.386: [GC (Allocation Failure) [PSYoungGen: 69616K->1485K(69632K)] 373762K->305631K(761344K), 0.0021179 secs] [Times: user=0.01 sys=0.00, real=0.01 secs] 
1489.570: [GC (Allocation Failure) [PSYoungGen: 69581K->1485K(69632K)] 373727K->305631K(761344K), 0.0021434 secs] [Times: user=0.01 sys=0.00, real=0.00 secs] 
1489.763: [GC (Allocation Failure) [PSYoungGen: 69581K->1485K(69632K)] 373727K->305639K(761344K), 0.0022786 secs] [Times: user=0.01 sys=0.00, real=0.00 secs] 
1491.271: [GC (Allocation Failure) [PSYoungGen: 69581K->1392K(69632K)] 373735K->305546K(761344K), 0.0033637 secs] [Times: user=0.01 sys=0.00, real=0.00 secs] 
1492.726: [GC (Allocation Failure) [PSYoungGen: 69488K->1376K(69632K)] 373642K->305530K(761344K), 0.0042994 secs] [Times: user=0.01 sys=0.00, real=0.01 secs] 
1493.571: [GC (Allocation Failure) [PSYoungGen: 69472K->1376K(69632K)] 373626K->305530K(761344K), 0.0029734 secs] [Times: user=0.01 sys=0.00, real=0.00 secs] 
1494.095: [GC (Allocation Failure) [PSYoungGen: 69472K->1376K(69632K)] 373626K->305530K(761344K), 0.0040634 secs] [Times: user=0.02 sys=0.00, real=0.01 secs] 
1494.491: [GC (Allocation Failure) [PSYoungGen: 69472K->1517K(69632K)] 373626K->305671K(761344K), 0.0015872 secs] [Times: user=0.01 sys=0.00, real=0.00 secs] 
1494.628: [GC (Allocation Failure) [PSYoungGen: 69613K->1485K(69632K)] 373767K->305639K(761344K), 0.0019116 secs] [Times: user=0.01 sys=0.00, real=0.00 secs] 
1494.788: [GC (Allocation Failure) [PSYoungGen: 69581K->1488K(70144K)] 373735K->305642K(761856K), 0.0016790 secs] [Times: user=0.00 sys=0.00, real=0.00 secs] 
1494.908: [GC (Allocation Failure) [PSYoungGen: 69584K->1488K(70144K)] 373738K->305658K(761856K), 0.0015390 secs] [Times: user=0.01 sys=0.00, real=0.00 secs] 
1495.642: [GC (Allocation Failure) [PSYoungGen: 69584K->1440K(70144K)] 373754K->305610K(761856K), 0.0026898 secs] [Times: user=0.01 sys=0.00, real=0.00 secs] 
1496.466: [GC (Allocation Failure) [PSYoungGen: 69536K->1360K(70144K)] 373706K->305546K(761856K), 0.0026162 secs] [Times: user=0.01 sys=0.00, real=0.01 secs] 
1497.286: [GC (Allocation Failure) [PSYoungGen: 69456K->1408K(70144K)] 373642K->305594K(761856K), 0.0026813 secs] [Times: user=0.01 sys=0.00, real=0.01 secs] 
1497.870: [GC (Allocation Failure) [PSYoungGen: 69504K->1408K(70144K)] 373690K->305594K(761856K), 0.0023847 secs] [Times: user=0.01 sys=0.00, real=0.00 secs] 
1498.269: [GC (Allocation Failure) [PSYoungGen: 69504K->1517K(70144K)] 373690K->305703K(761856K), 0.0018934 secs] [Times: user=0.01 sys=0.00, real=0.00 secs] 
1498.401: [GC (Allocation Failure) [PSYoungGen: 69613K->1517K(70144K)] 373799K->305703K(761856K), 0.0016491 secs] [Times: user=0.01 sys=0.00, real=0.00 secs] 
1498.521: [GC (Allocation Failure) [PSYoungGen: 69613K->1485K(70144K)] 373799K->305671K(761856K), 0.0015040 secs] [Times: user=0.00 sys=0.00, real=0.00 secs] 
1498.641: [GC (Allocation Failure) [PSYoungGen: 69581K->1453K(70144K)] 373767K->305663K(761856K), 0.0014824 secs] [Times: user=0.00 sys=0.00, real=0.00 secs] 
1500.415: [GC (Allocation Failure) [PSYoungGen: 69549K->1408K(70144K)] 373759K->305618K(761856K), 0.0034955 secs] [Times: user=0.02 sys=0.00, real=0.01 secs] 
1501.274: [GC (Allocation Failure) [PSYoungGen: 69504K->1344K(70144K)] 373714K->305554K(761856K), 0.0026861 secs] [Times: user=0.01 sys=0.00, real=0.00 secs] 
1501.898: [GC (Allocation Failure) [PSYoungGen: 69440K->1376K(70144K)] 373650K->305586K(761856K), 0.0025570 secs] [Times: user=0.01 sys=0.00, real=0.00 secs] 
1502.542: [GC (Allocation Failure) [PSYoungGen: 69472K->1376K(70144K)] 373682K->305586K(761856K), 0.0022672 secs] [Times: user=0.01 sys=0.00, real=0.00 secs] 
1502.963: [GC (Allocation Failure) [PSYoungGen: 69472K->1488K(70144K)] 373682K->305698K(761856K), 0.0018549 secs] [Times: user=0.01 sys=0.00, real=0.00 secs] 
1503.090: [GC (Allocation Failure) [PSYoungGen: 69584K->1456K(70144K)] 373794K->305666K(761856K), 0.0014922 secs] [Times: user=0.00 sys=0.00, real=0.00 secs] 
1503.210: [GC (Allocation Failure) [PSYoungGen: 69552K->1517K(70144K)] 373762K->305727K(761856K), 0.0015333 secs] [Times: user=0.01 sys=0.00, real=0.00 secs] 
1503.331: [GC (Allocation Failure) [PSYoungGen: 69613K->1485K(70144K)] 373823K->305703K(761856K), 0.0015250 secs] [Times: user=0.01 sys=0.00, real=0.00 secs] 
1503.981: [GC (Allocation Failure) [PSYoungGen: 69581K->1408K(70144K)] 373799K->305626K(761856K), 0.0017134 secs] [Times: user=0.01 sys=0.00, real=0.00 secs] 
1504.798: [GC (Allocation Failure) [PSYoungGen: 69504K->1376K(70144K)] 373722K->305618K(761856K), 0.0017015 secs] [Times: user=0.01 sys=0.00, real=0.00 secs] 
1505.382: [GC (Allocation Failure) [PSYoungGen: 69472K->1344K(70144K)] 373714K->305586K(761856K), 0.0018055 secs] [Times: user=0.01 sys=0.00, real=0.00 secs] 
1506.140: [GC (Allocation Failure) [PSYoungGen: 69440K->1376K(70144K)] 373682K->305618K(761856K), 0.0024441 secs] [Times: user=0.01 sys=0.00, real=0.00 secs] 
1506.468: [GC (Allocation Failure) [PSYoungGen: 69472K->1485K(70144K)] 373714K->305727K(761856K), 0.0015938 secs] [Times: user=0.00 sys=0.00, real=0.00 secs] 
1506.588: [GC (Allocation Failure) [PSYoungGen: 69581K->1421K(70144K)] 373823K->305663K(761856K), 0.0017299 secs] [Times: user=0.01 sys=0.00, real=0.00 secs] 
1506.708: [GC (Allocation Failure) [PSYoungGen: 69517K->1421K(70144K)] 373759K->305663K(761856K), 0.0017291 secs] [Times: user=0.01 sys=0.00, real=0.01 secs] 
1506.828: [GC (Allocation Failure) [PSYoungGen: 69517K->1488K(70144K)] 373759K->305754K(761856K), 0.0018604 secs] [Times: user=0.01 sys=0.00, real=0.01 secs] 
1507.481: [GC (Allocation Failure) [PSYoungGen: 69584K->1408K(69632K)] 373850K->305674K(761344K), 0.0018216 secs] [Times: user=0.00 sys=0.00, real=0.00 secs] 
1507.991: [GC (Allocation Failure) [PSYoungGen: 69504K->1376K(69632K)] 373770K->305642K(761344K), 0.0025656 secs] [Times: user=0.01 sys=0.00, real=0.00 secs] 
1508.263: [GC (Allocation Failure) [PSYoungGen: 69472K->1408K(69632K)] 373738K->305674K(761344K), 0.0018259 secs] [Times: user=0.01 sys=0.00, real=0.00 secs] 
1508.545: [GC (Allocation Failure) [PSYoungGen: 69504K->1376K(69632K)] 373770K->305642K(761344K), 0.0020392 secs] [Times: user=0.01 sys=0.00, real=0.00 secs] 
1508.817: [GC (Allocation Failure) [PSYoungGen: 69472K->1472K(69632K)] 373738K->305738K(761344K), 0.0015238 secs] [Times: user=0.01 sys=0.00, real=0.01 secs] 
1508.937: [GC (Allocation Failure) [PSYoungGen: 69568K->1517K(69632K)] 373834K->305783K(761344K), 0.0015404 secs] [Times: user=0.00 sys=0.00, real=0.01 secs] 
1509.058: [GC (Allocation Failure) [PSYoungGen: 69613K->1517K(69632K)] 373879K->305783K(761344K), 0.0014894 secs] [Times: user=0.00 sys=0.00, real=0.01 secs] 
1509.270: [GC (Allocation Failure) [PSYoungGen: 69613K->1744K(70144K)] 373879K->306010K(761856K), 0.0019580 secs] [Times: user=0.01 sys=0.00, real=0.00 secs] 
1510.369: [GC (Allocation Failure) [PSYoungGen: 69840K->320K(68608K)] 374106K->305610K(760320K), 0.0033143 secs] [Times: user=0.01 sys=0.01, real=0.00 secs] 
1511.338: [GC (Allocation Failure) [PSYoungGen: 68416K->320K(70144K)] 373706K->305610K(761856K), 0.0025931 secs] [Times: user=0.01 sys=0.00, real=0.00 secs] 
1512.272: [GC (Allocation Failure) [PSYoungGen: 68416K->352K(69120K)] 373706K->305642K(760832K), 0.0027470 secs] [Times: user=0.01 sys=0.00, real=0.00 secs] 
1513.016: [GC (Allocation Failure) [PSYoungGen: 68448K->368K(70656K)] 373738K->305658K(762368K), 0.0023257 secs] [Times: user=0.01 sys=0.00, real=0.01 secs] 
1513.240: [GC (Allocation Failure) [PSYoungGen: 68464K->1485K(70656K)] 373754K->306775K(762368K), 0.0016040 secs] [Times: user=0.01 sys=0.00, real=0.00 secs] 
1513.359: [GC (Allocation Failure) [PSYoungGen: 69581K->1453K(70656K)] 374871K->306743K(762368K), 0.0015397 secs] [Times: user=0.01 sys=0.00, real=0.00 secs] 
1513.479: [GC (Allocation Failure) [PSYoungGen: 69549K->1456K(70656K)] 374839K->306746K(762368K), 0.0014996 secs] [Times: user=0.01 sys=0.00, real=0.00 secs] 
1513.687: [GC (Allocation Failure) [PSYoungGen: 69552K->1904K(70656K)] 374842K->307226K(762368K), 0.0019910 secs] [Times: user=0.01 sys=0.00, real=0.01 secs] 
1514.686: [GC (Allocation Failure) [PSYoungGen: 70000K->1376K(70656K)] 375322K->306698K(762368K), 0.0032053 secs] [Times: user=0.02 sys=0.00, real=0.01 secs] 
1515.659: [GC (Allocation Failure) [PSYoungGen: 69472K->1408K(70656K)] 374794K->306730K(762368K), 0.0038513 secs] [Times: user=0.01 sys=0.00, real=0.00 secs] 
1516.385: [GC (Allocation Failure) [PSYoungGen: 69504K->1344K(70656K)] 374826K->306666K(762368K), 0.0026831 secs] [Times: user=0.01 sys=0.00, real=0.00 secs] 
1517.110: [GC (Allocation Failure) [PSYoungGen: 69440K->1312K(70656K)] 374762K->306634K(762368K), 0.0030304 secs] [Times: user=0.01 sys=0.00, real=0.00 secs] 
1517.386: [GC (Allocation Failure) [PSYoungGen: 69408K->1517K(70656K)] 374730K->306839K(762368K), 0.0019044 secs] [Times: user=0.01 sys=0.00, real=0.01 secs] 
1517.513: [GC (Allocation Failure) [PSYoungGen: 69613K->1485K(70656K)] 374935K->306807K(762368K), 0.0015551 secs] [Times: user=0.00 sys=0.00, real=0.00 secs] 
1517.632: [GC (Allocation Failure) [PSYoungGen: 69581K->1453K(69632K)] 374903K->306799K(761344K), 0.0016274 secs] [Times: user=0.01 sys=0.00, real=0.00 secs] 
1517.842: [GC (Allocation Failure) [PSYoungGen: 69549K->1408K(70144K)] 374895K->306754K(761856K), 0.0019733 secs] [Times: user=0.01 sys=0.00, real=0.00 secs] 
1518.264: [GC (Allocation Failure) [PSYoungGen: 69504K->1408K(70144K)] 374850K->306754K(761856K), 0.0018483 secs] [Times: user=0.01 sys=0.00, real=0.00 secs] 
1518.609: [GC (Allocation Failure) [PSYoungGen: 69504K->1344K(70144K)] 374850K->306690K(761856K), 0.0026980 secs] [Times: user=0.01 sys=0.00, real=0.00 secs] 
1518.905: [GC (Allocation Failure) [PSYoungGen: 69440K->1376K(70144K)] 374786K->306722K(761856K), 0.0022434 secs] [Times: user=0.01 sys=0.00, real=0.00 secs] 
1519.229: [GC (Allocation Failure) [PSYoungGen: 69472K->1456K(70144K)] 374818K->306802K(761856K), 0.0019902 secs] [Times: user=0.01 sys=0.00, real=0.00 secs] 
1519.366: [GC (Allocation Failure) [PSYoungGen: 69552K->1501K(70144K)] 374898K->306847K(761856K), 0.0014867 secs] [Times: user=0.01 sys=0.00, real=0.00 secs] 
1519.484: [GC (Allocation Failure) [PSYoungGen: 69597K->1453K(70144K)] 374943K->306799K(761856K), 0.0014754 secs] [Times: user=0.01 sys=0.00, real=0.00 secs] 
1519.623: [GC (Allocation Failure) [PSYoungGen: 69549K->1520K(70144K)] 374895K->306874K(761856K), 0.0018931 secs] [Times: user=0.01 sys=0.00, real=0.00 secs] 
1519.856: [GC (Allocation Failure) [PSYoungGen: 69616K->1376K(70144K)] 374970K->306730K(761856K), 0.0021061 secs] [Times: user=0.01 sys=0.00, real=0.01 secs] 
1520.390: [GC (Allocation Failure) [PSYoungGen: 69472K->1376K(69632K)] 374826K->306730K(761344K), 0.0020227 secs] [Times: user=0.00 sys=0.00, real=0.00 secs] 
1521.308: [GC (Allocation Failure) [PSYoungGen: 69472K->1408K(69632K)] 374826K->306762K(761344K), 0.0037336 secs] [Times: user=0.01 sys=0.00, real=0.00 secs] 
1522.170: [GC (Allocation Failure) [PSYoungGen: 69504K->1408K(69632K)] 374858K->306762K(761344K), 0.0034374 secs] [Times: user=0.02 sys=0.01, real=0.00 secs] 
1523.180: [GC (Allocation Failure) [PSYoungGen: 69504K->1485K(69632K)] 374858K->306855K(761344K), 0.0029653 secs] [Times: user=0.01 sys=0.00, real=0.00 secs] 
1523.384: [GC (Allocation Failure) [PSYoungGen: 69581K->1485K(69632K)] 374951K->306855K(761344K), 0.0018548 secs] [Times: user=0.00 sys=0.00, real=0.00 secs] 
1523.505: [GC (Allocation Failure) [PSYoungGen: 69581K->1469K(69632K)] 374951K->306839K(761344K), 0.0016277 secs] [Times: user=0.00 sys=0.00, real=0.00 secs] 
1523.624: [GC (Allocation Failure) [PSYoungGen: 69565K->1453K(69632K)] 374935K->306847K(761344K), 0.0015654 secs] [Times: user=0.01 sys=0.00, real=0.00 secs] 
1524.192: [GC (Allocation Failure) [PSYoungGen: 69549K->1424K(69632K)] 374943K->306818K(761344K), 0.0027375 secs] [Times: user=0.01 sys=0.00, real=0.00 secs] 
1524.761: [GC (Allocation Failure) [PSYoungGen: 69520K->1392K(69632K)] 374914K->306786K(761344K), 0.0030382 secs] [Times: user=0.02 sys=0.00, real=0.00 secs] 
1525.322: [GC (Allocation Failure) [PSYoungGen: 69488K->1376K(69632K)] 374882K->306770K(761344K), 0.0023900 secs] [Times: user=0.01 sys=0.00, real=0.00 secs] 
1525.903: [GC (Allocation Failure) [PSYoungGen: 69472K->1376K(69632K)] 374866K->306770K(761344K), 0.0030218 secs] [Times: user=0.01 sys=0.00, real=0.00 secs] 
1526.393: [GC (Allocation Failure) [PSYoungGen: 69472K->1456K(69632K)] 374866K->306850K(761344K), 0.0020429 secs] [Times: user=0.00 sys=0.00, real=0.00 secs] 
1526.574: [GC (Allocation Failure) [PSYoungGen: 69552K->1456K(69632K)] 374946K->306850K(761344K), 0.0020551 secs] [Times: user=0.01 sys=0.00, real=0.00 secs] 
1526.722: [GC (Allocation Failure) [PSYoungGen: 69552K->1485K(69632K)] 374946K->306879K(761344K), 0.0015965 secs] [Times: user=0.01 sys=0.00, real=0.00 secs] 
1526.861: [GC (Allocation Failure) [PSYoungGen: 69581K->1453K(70144K)] 374975K->306855K(761856K), 0.0018229 secs] [Times: user=0.00 sys=0.00, real=0.00 secs] 
1527.216: [GC (Allocation Failure) [PSYoungGen: 69549K->1424K(70144K)] 374951K->306826K(761856K), 0.0021359 secs] [Times: user=0.01 sys=0.00, real=0.01 secs] 
1527.864: [GC (Allocation Failure) [PSYoungGen: 69520K->1344K(70144K)] 374922K->306746K(761856K), 0.0033144 secs] [Times: user=0.02 sys=0.00, real=0.00 secs] 
1528.440: [GC (Allocation Failure) [PSYoungGen: 69440K->1376K(70144K)] 374842K->306778K(761856K), 0.0032093 secs] [Times: user=0.01 sys=0.00, real=0.00 secs] 
1529.012: [GC (Allocation Failure) [PSYoungGen: 69472K->1408K(70144K)] 374874K->306810K(761856K), 0.0022539 secs] [Times: user=0.01 sys=0.00, real=0.00 secs] 
1529.659: [GC (Allocation Failure) [PSYoungGen: 69504K->1469K(70144K)] 374906K->306871K(761856K), 0.0022014 secs] [Times: user=0.01 sys=0.00, real=0.00 secs] 
1529.807: [GC (Allocation Failure) [PSYoungGen: 69565K->1485K(70144K)] 374967K->306887K(761856K), 0.0015043 secs] [Times: user=0.00 sys=0.00, real=0.01 secs] 
1529.926: [GC (Allocation Failure) [PSYoungGen: 69581K->1453K(70144K)] 374983K->306855K(761856K), 0.0015733 secs] [Times: user=0.00 sys=0.00, real=0.01 secs] 
1530.046: [GC (Allocation Failure) [PSYoungGen: 69549K->1520K(70144K)] 374951K->306930K(761856K), 0.0014857 secs] [Times: user=0.01 sys=0.00, real=0.00 secs] 
1530.514: [GC (Allocation Failure) [PSYoungGen: 69616K->1424K(70144K)] 375026K->306834K(761856K), 0.0016645 secs] [Times: user=0.00 sys=0.00, real=0.00 secs] 
1531.134: [GC (Allocation Failure) [PSYoungGen: 69520K->1408K(70144K)] 374930K->306818K(761856K), 0.0027023 secs] [Times: user=0.01 sys=0.00, real=0.00 secs] 
1531.738: [GC (Allocation Failure) [PSYoungGen: 69504K->1344K(70144K)] 374914K->306754K(761856K), 0.0027075 secs] [Times: user=0.01 sys=0.00, real=0.01 secs] 
1532.046: [GC (Allocation Failure) [PSYoungGen: 69440K->1408K(70144K)] 374850K->306818K(761856K), 0.0019098 secs] [Times: user=0.01 sys=0.00, real=0.00 secs] 
1532.336: [GC (Allocation Failure) [PSYoungGen: 69504K->1472K(70144K)] 374914K->306882K(761856K), 0.0015879 secs] [Times: user=0.00 sys=0.00, real=0.00 secs] 
1532.455: [GC (Allocation Failure) [PSYoungGen: 69568K->1485K(70144K)] 374978K->306895K(761856K), 0.0014625 secs] [Times: user=0.01 sys=0.00, real=0.00 secs] 
1532.574: [GC (Allocation Failure) [PSYoungGen: 69581K->1485K(70144K)] 374991K->306895K(761856K), 0.0014662 secs] [Times: user=0.01 sys=0.00, real=0.00 secs] 
1532.713: [GC (Allocation Failure) [PSYoungGen: 69581K->1488K(70144K)] 374991K->306914K(761856K), 0.0017381 secs] [Times: user=0.01 sys=0.00, real=0.00 secs] 
1533.086: [GC (Allocation Failure) [PSYoungGen: 69584K->1456K(70144K)] 375010K->306882K(761856K), 0.0019156 secs] [Times: user=0.01 sys=0.00, real=0.01 secs] 
1533.670: [GC (Allocation Failure) [PSYoungGen: 69552K->1376K(70144K)] 374978K->306802K(761856K), 0.0025803 secs] [Times: user=0.01 sys=0.00, real=0.00 secs] 
1534.302: [GC (Allocation Failure) [PSYoungGen: 69472K->1344K(70144K)] 374898K->306770K(761856K), 0.0037455 secs] [Times: user=0.02 sys=0.00, real=0.00 secs] 
1534.821: [GC (Allocation Failure) [PSYoungGen: 69440K->1344K(70144K)] 374866K->306770K(761856K), 0.0025086 secs] [Times: user=0.01 sys=0.00, real=0.00 secs] 
1535.364: [GC (Allocation Failure) [PSYoungGen: 69440K->1440K(70144K)] 374866K->306866K(761856K), 0.0019533 secs] [Times: user=0.00 sys=0.00, real=0.00 secs] 
1535.503: [GC (Allocation Failure) [PSYoungGen: 69510K->1424K(70144K)] 374936K->306850K(761856K), 0.0015364 secs] [Times: user=0.00 sys=0.00, real=0.00 secs] 
1535.622: [GC (Allocation Failure) [PSYoungGen: 69520K->1488K(70144K)] 374946K->306914K(761856K), 0.0015033 secs] [Times: user=0.01 sys=0.00, real=0.00 secs] 
1535.741: [GC (Allocation Failure) [PSYoungGen: 69584K->1456K(70144K)] 375010K->306898K(761856K), 0.0014739 secs] [Times: user=0.01 sys=0.00, real=0.00 secs] 
1536.215: [GC (Allocation Failure) [PSYoungGen: 69552K->1456K(70144K)] 374994K->306898K(761856K), 0.0018539 secs] [Times: user=0.00 sys=0.00, real=0.00 secs] 
1536.644: [GC (Allocation Failure) [PSYoungGen: 69552K->1376K(70144K)] 374994K->306818K(761856K), 0.0018810 secs] [Times: user=0.01 sys=0.00, real=0.00 secs] 
1536.928: [GC (Allocation Failure) [PSYoungGen: 69472K->1344K(70144K)] 374914K->306786K(761856K), 0.0020469 secs] [Times: user=0.00 sys=0.00, real=0.00 secs] 
1537.329: [GC (Allocation Failure) [PSYoungGen: 69440K->1344K(70144K)] 374882K->306786K(761856K), 0.0027301 secs] [Times: user=0.01 sys=0.00, real=0.00 secs] 
1537.554: [GC (Allocation Failure) [PSYoungGen: 69440K->1469K(70144K)] 374882K->306911K(761856K), 0.0014975 secs] [Times: user=0.01 sys=0.00, real=0.00 secs] 
1537.694: [GC (Allocation Failure) [PSYoungGen: 69549K->1517K(70144K)] 374991K->306959K(761856K), 0.0019363 secs] [Times: user=0.01 sys=0.00, real=0.00 secs] 
1537.857: [GC (Allocation Failure) [PSYoungGen: 69613K->1485K(70144K)] 375055K->306927K(761856K), 0.0015492 secs] [Times: user=0.01 sys=0.00, real=0.01 secs] 
1537.977: [GC (Allocation Failure) [PSYoungGen: 69581K->1453K(70144K)] 375023K->306903K(761856K), 0.0016101 secs] [Times: user=0.01 sys=0.00, real=0.01 secs] 
1539.239: [GC (Allocation Failure) [PSYoungGen: 69549K->1424K(70144K)] 374999K->306874K(761856K), 0.0039992 secs] [Times: user=0.01 sys=0.01, real=0.00 secs] 
1539.902: [GC (Allocation Failure) [PSYoungGen: 69520K->1344K(70144K)] 374970K->306794K(761856K), 0.0035761 secs] [Times: user=0.01 sys=0.00, real=0.00 secs] 
1540.356: [GC (Allocation Failure) [PSYoungGen: 69440K->1408K(70144K)] 374890K->306858K(761856K), 0.0020379 secs] [Times: user=0.01 sys=0.00, real=0.00 secs] 
1540.639: [GC (Allocation Failure) [PSYoungGen: 69504K->1408K(70144K)] 374954K->306858K(761856K), 0.0019098 secs] [Times: user=0.01 sys=0.00, real=0.00 secs] 
1540.864: [GC (Allocation Failure) [PSYoungGen: 69504K->1453K(70144K)] 374954K->306903K(761856K), 0.0014567 secs] [Times: user=0.01 sys=0.00, real=0.00 secs] 
1540.983: [GC (Allocation Failure) [PSYoungGen: 69549K->1456K(70144K)] 374999K->306906K(761856K), 0.0015038 secs] [Times: user=0.01 sys=0.00, real=0.00 secs] 
1541.103: [GC (Allocation Failure) [PSYoungGen: 69552K->1456K(70144K)] 375002K->306906K(761856K), 0.0014887 secs] [Times: user=0.00 sys=0.00, real=0.00 secs] 
1541.222: [GC (Allocation Failure) [PSYoungGen: 69552K->1453K(70144K)] 375002K->306919K(761856K), 0.0015958 secs] [Times: user=0.00 sys=0.00, real=0.00 secs] 
1542.601: [GC (Allocation Failure) [PSYoungGen: 69549K->1424K(69632K)] 375015K->306890K(761344K), 0.0038066 secs] [Times: user=0.01 sys=0.00, real=0.00 secs] 
1543.617: [GC (Allocation Failure) [PSYoungGen: 69520K->1408K(69632K)] 374986K->306874K(761344K), 0.0026542 secs] [Times: user=0.01 sys=0.00, real=0.01 secs] 
1544.504: [GC (Allocation Failure) [PSYoungGen: 69504K->1360K(69632K)] 374970K->306842K(761344K), 0.0025853 secs] [Times: user=0.01 sys=0.00, real=0.00 secs] 
1545.369: [GC (Allocation Failure) [PSYoungGen: 69456K->1344K(69632K)] 374938K->306826K(761344K), 0.0035938 secs] [Times: user=0.01 sys=0.00, real=0.00 secs] 
1545.892: [GC (Allocation Failure) [PSYoungGen: 69440K->1501K(69632K)] 374922K->306983K(761344K), 0.0021522 secs] [Times: user=0.01 sys=0.00, real=0.00 secs] 
1546.043: [GC (Allocation Failure) [PSYoungGen: 69597K->1520K(70144K)] 375079K->307002K(761856K), 0.0015381 secs] [Times: user=0.01 sys=0.00, real=0.00 secs] 
1546.163: [GC (Allocation Failure) [PSYoungGen: 69616K->1453K(70144K)] 375098K->306935K(761856K), 0.0015221 secs] [Times: user=0.00 sys=0.00, real=0.00 secs] 
1546.282: [GC (Allocation Failure) [PSYoungGen: 69549K->1517K(70144K)] 375031K->307007K(761856K), 0.0017152 secs] [Times: user=0.01 sys=0.00, real=0.00 secs] 
1547.069: [GC (Allocation Failure) [PSYoungGen: 69613K->1408K(70144K)] 375103K->306898K(761856K), 0.0027320 secs] [Times: user=0.02 sys=0.00, real=0.00 secs] 
1547.486: [GC (Allocation Failure) [PSYoungGen: 69504K->1376K(70144K)] 374994K->306866K(761856K), 0.0019020 secs] [Times: user=0.01 sys=0.00, real=0.00 secs] 
1547.998: [GC (Allocation Failure) [PSYoungGen: 69472K->1408K(70144K)] 374962K->306898K(761856K), 0.0018940 secs] [Times: user=0.01 sys=0.00, real=0.00 secs] 
1548.636: [GC (Allocation Failure) [PSYoungGen: 69504K->1408K(70144K)] 374994K->306898K(761856K), 0.0021238 secs] [Times: user=0.00 sys=0.00, real=0.00 secs] 
1549.069: [GC (Allocation Failure) [PSYoungGen: 69504K->1485K(70144K)] 374994K->306975K(761856K), 0.0021927 secs] [Times: user=0.01 sys=0.00, real=0.00 secs] 
1549.269: [GC (Allocation Failure) [PSYoungGen: 69581K->1485K(70144K)] 375071K->306975K(761856K), 0.0020028 secs] [Times: user=0.01 sys=0.00, real=0.00 secs] 
1549.407: [GC (Allocation Failure) [PSYoungGen: 69581K->1456K(70144K)] 375071K->306946K(761856K), 0.0015575 secs] [Times: user=0.00 sys=0.00, real=0.01 secs] 
1549.527: [GC (Allocation Failure) [PSYoungGen: 69552K->1453K(70144K)] 375042K->306959K(761856K), 0.0015952 secs] [Times: user=0.00 sys=0.00, real=0.01 secs] 
1550.225: [GC (Allocation Failure) [PSYoungGen: 69549K->1376K(70144K)] 375055K->306882K(761856K), 0.0020944 secs] [Times: user=0.01 sys=0.00, real=0.00 secs] 
1550.758: [GC (Allocation Failure) [PSYoungGen: 69472K->1344K(70144K)] 374978K->306850K(761856K), 0.0021320 secs] [Times: user=0.01 sys=0.00, real=0.01 secs] 
1551.047: [GC (Allocation Failure) [PSYoungGen: 69440K->1408K(70144K)] 374946K->306914K(761856K), 0.0019722 secs] [Times: user=0.00 sys=0.00, real=0.01 secs] 
1551.432: [GC (Allocation Failure) [PSYoungGen: 69504K->1344K(70144K)] 375010K->306850K(761856K), 0.0018398 secs] [Times: user=0.00 sys=0.00, real=0.00 secs] 
1551.673: [GC (Allocation Failure) [PSYoungGen: 69440K->1472K(70144K)] 374946K->306978K(761856K), 0.0016413 secs] [Times: user=0.01 sys=0.00, real=0.00 secs] 
1551.793: [GC (Allocation Failure) [PSYoungGen: 69568K->1453K(70144K)] 375074K->306959K(761856K), 0.0014915 secs] [Times: user=0.00 sys=0.00, real=0.00 secs] 
1551.912: [GC (Allocation Failure) [PSYoungGen: 69549K->1472K(70144K)] 375055K->306978K(761856K), 0.0014945 secs] [Times: user=0.01 sys=0.00, real=0.00 secs] 
1552.032: [GC (Allocation Failure) [PSYoungGen: 69568K->1456K(70144K)] 375074K->306970K(761856K), 0.0015123 secs] [Times: user=0.01 sys=0.00, real=0.00 secs] 
1553.562: [GC (Allocation Failure) [PSYoungGen: 69552K->1376K(70144K)] 375066K->306906K(761856K), 0.0030202 secs] [Times: user=0.02 sys=0.00, real=0.00 secs] 
1554.386: [GC (Allocation Failure) [PSYoungGen: 69472K->1376K(70144K)] 375002K->306906K(761856K), 0.0022039 secs] [Times: user=0.01 sys=0.00, real=0.01 secs] 
1554.669: [GC (Allocation Failure) [PSYoungGen: 69472K->1376K(70144K)] 375002K->306906K(761856K), 0.0018589 secs] [Times: user=0.01 sys=0.00, real=0.00 secs] 
1555.070: [GC (Allocation Failure) [PSYoungGen: 69472K->1408K(69632K)] 375002K->306938K(761344K), 0.0020242 secs] [Times: user=0.01 sys=0.00, real=0.00 secs] 
1555.325: [GC (Allocation Failure) [PSYoungGen: 69504K->1456K(69632K)] 375034K->306986K(761344K), 0.0015900 secs] [Times: user=0.01 sys=0.00, real=0.00 secs] 
1555.446: [GC (Allocation Failure) [PSYoungGen: 69552K->1456K(70144K)] 375082K->306986K(761856K), 0.0015344 secs] [Times: user=0.01 sys=0.00, real=0.00 secs] 
1555.568: [GC (Allocation Failure) [PSYoungGen: 69552K->1453K(70144K)] 375082K->306983K(761856K), 0.0016218 secs] [Times: user=0.01 sys=0.00, real=0.00 secs] 
1555.708: [GC (Allocation Failure) [PSYoungGen: 69291K->224K(70144K)] 374821K->305754K(761856K), 0.0016768 secs] [Times: user=0.01 sys=0.00, real=0.00 secs] 
1557.364: [GC (Allocation Failure) [PSYoungGen: 68320K->1408K(70144K)] 373850K->306938K(761856K), 0.0025068 secs] [Times: user=0.01 sys=0.00, real=0.00 secs] 
1558.102: [GC (Allocation Failure) [PSYoungGen: 69504K->1408K(70144K)] 375034K->306938K(761856K), 0.0036183 secs] [Times: user=0.01 sys=0.00, real=0.00 secs] 
1558.647: [GC (Allocation Failure) [PSYoungGen: 69504K->1392K(70144K)] 375034K->306922K(761856K), 0.0030233 secs] [Times: user=0.01 sys=0.00, real=0.01 secs] 
1559.263: [GC (Allocation Failure) [PSYoungGen: 69488K->1408K(70144K)] 375018K->306938K(761856K), 0.0030157 secs] [Times: user=0.01 sys=0.00, real=0.00 secs] 
1559.578: [GC (Allocation Failure) [PSYoungGen: 69504K->1517K(70144K)] 375034K->307047K(761856K), 0.0018204 secs] [Times: user=0.00 sys=0.00, real=0.01 secs] 
1559.707: [GC (Allocation Failure) [PSYoungGen: 69613K->1453K(70144K)] 375143K->306983K(761856K), 0.0015611 secs] [Times: user=0.01 sys=0.00, real=0.01 secs] 
1559.826: [GC (Allocation Failure) [PSYoungGen: 69549K->1488K(70144K)] 375079K->307018K(761856K), 0.0017399 secs] [Times: user=0.00 sys=0.00, real=0.01 secs] 
1559.999: [GC (Allocation Failure) [PSYoungGen: 69584K->1712K(70144K)] 375114K->307242K(761856K), 0.0017300 secs] [Times: user=0.01 sys=0.00, real=0.00 secs] 
1560.286: [GC (Allocation Failure) [PSYoungGen: 69808K->1376K(70144K)] 375338K->306906K(761856K), 0.0016606 secs] [Times: user=0.01 sys=0.00, real=0.01 secs] 
1560.569: [GC (Allocation Failure) [PSYoungGen: 69472K->1408K(70144K)] 375002K->306938K(761856K), 0.0016882 secs] [Times: user=0.01 sys=0.00, real=0.00 secs] 
1561.117: [GC (Allocation Failure) [PSYoungGen: 69504K->1440K(70144K)] 375034K->306970K(761856K), 0.0019991 secs] [Times: user=0.01 sys=0.00, real=0.01 secs] 
1561.703: [GC (Allocation Failure) [PSYoungGen: 69536K->1408K(70144K)] 375066K->306938K(761856K), 0.0021546 secs] [Times: user=0.00 sys=0.00, real=0.00 secs] 
1561.896: [GC (Allocation Failure) [PSYoungGen: 69504K->1488K(70144K)] 375034K->307018K(761856K), 0.0014620 secs] [Times: user=0.00 sys=0.00, real=0.00 secs] 
1562.033: [GC (Allocation Failure) [PSYoungGen: 69584K->1485K(70144K)] 375114K->307015K(761856K), 0.0016874 secs] [Times: user=0.01 sys=0.00, real=0.00 secs] 
1562.190: [GC (Allocation Failure) [PSYoungGen: 69581K->1485K(70144K)] 375111K->307023K(761856K), 0.0019678 secs] [Times: user=0.01 sys=0.00, real=0.00 secs] 
1562.423: [GC (Allocation Failure) [PSYoungGen: 69581K->1888K(70144K)] 375119K->307442K(761856K), 0.0019577 secs] [Times: user=0.01 sys=0.00, real=0.00 secs] 
1562.953: [GC (Allocation Failure) [PSYoungGen: 69984K->1376K(70144K)] 375538K->306930K(761856K), 0.0020208 secs] [Times: user=0.01 sys=0.00, real=0.00 secs] 
1563.514: [GC (Allocation Failure) [PSYoungGen: 69472K->1376K(70144K)] 375026K->306930K(761856K), 0.0027211 secs] [Times: user=0.01 sys=0.01, real=0.00 secs] 
1564.042: [GC (Allocation Failure) [PSYoungGen: 69472K->1344K(70144K)] 375026K->306898K(761856K), 0.0030124 secs] [Times: user=0.01 sys=0.00, real=0.00 secs] 
1564.346: [GC (Allocation Failure) [PSYoungGen: 69283K->256K(70144K)] 374837K->305810K(761856K), 0.0020224 secs] [Times: user=0.01 sys=0.00, real=0.01 secs] 
1564.489: [GC (Allocation Failure) [PSYoungGen: 68352K->1453K(70144K)] 373906K->307007K(761856K), 0.0015014 secs] [Times: user=0.00 sys=0.00, real=0.00 secs] 
1564.609: [GC (Allocation Failure) [PSYoungGen: 69549K->1424K(70144K)] 375103K->306978K(761856K), 0.0014744 secs] [Times: user=0.00 sys=0.00, real=0.00 secs] 
1564.730: [GC (Allocation Failure) [PSYoungGen: 69520K->1485K(70144K)] 375074K->307063K(761856K), 0.0017733 secs] [Times: user=0.01 sys=0.00, real=0.00 secs] 
1565.185: [GC (Allocation Failure) [PSYoungGen: 69581K->1504K(69632K)] 375159K->307082K(761344K), 0.0024403 secs] [Times: user=0.01 sys=0.00, real=0.00 secs] 
1565.927: [GC (Allocation Failure) [PSYoungGen: 69600K->1376K(69632K)] 375178K->306954K(761344K), 0.0024658 secs] [Times: user=0.01 sys=0.00, real=0.01 secs] 
1566.256: [GC (Allocation Failure) [PSYoungGen: 69472K->1408K(69632K)] 375050K->306986K(761344K), 0.0019524 secs] [Times: user=0.01 sys=0.00, real=0.01 secs] 
1566.892: [GC (Allocation Failure) [PSYoungGen: 69504K->1376K(69632K)] 375082K->306954K(761344K), 0.0020799 secs] [Times: user=0.00 sys=0.00, real=0.00 secs] 
1567.795: [GC (Allocation Failure) [PSYoungGen: 69472K->1456K(69632K)] 375050K->307034K(761344K), 0.0021911 secs] [Times: user=0.01 sys=0.00, real=0.00 secs] 
1567.983: [GC (Allocation Failure) [PSYoungGen: 69552K->1517K(74752K)] 375130K->307095K(766464K), 0.0051599 secs] [Times: user=0.02 sys=0.00, real=0.01 secs] 
1568.148: [GC (Allocation Failure) [PSYoungGen: 74221K->1565K(77312K)] 379799K->307143K(769024K), 0.0016157 secs] [Times: user=0.01 sys=0.00, real=0.01 secs] 
1568.279: [GC (Allocation Failure) [PSYoungGen: 76829K->1517K(77312K)] 382407K->307111K(769024K), 0.0015723 secs] [Times: user=0.01 sys=0.00, real=0.00 secs] 
1568.774: [GC (Allocation Failure) [PSYoungGen: 76781K->1408K(85504K)] 382375K->307002K(777216K), 0.0162908 secs] [Times: user=0.01 sys=0.07, real=0.02 secs] 
1569.691: [GC (Allocation Failure) [PSYoungGen: 84864K->1376K(85504K)] 390458K->306970K(777216K), 0.0025942 secs] [Times: user=0.01 sys=0.00, real=0.00 secs] 
1570.132: [GC (Allocation Failure) [PSYoungGen: 84832K->1424K(94208K)] 390426K->307018K(785920K), 0.0034092 secs] [Times: user=0.02 sys=0.00, real=0.00 secs] 
1570.665: [GC (Allocation Failure) [PSYoungGen: 94096K->1488K(94720K)] 399690K->307082K(786432K), 0.0067383 secs] [Times: user=0.03 sys=0.02, real=0.01 secs] 
1570.851: [GC (Allocation Failure) [PSYoungGen: 94160K->1565K(104960K)] 399754K->307167K(796672K), 0.0020175 secs] [Times: user=0.01 sys=0.00, real=0.00 secs] 
1571.055: [GC (Allocation Failure) [PSYoungGen: 104477K->1584K(104960K)] 410079K->307186K(796672K), 0.0030088 secs] [Times: user=0.01 sys=0.01, real=0.00 secs] 
1571.984: [GC (Allocation Failure) [PSYoungGen: 104496K->1456K(115200K)] 410098K->307074K(806912K), 0.0023836 secs] [Times: user=0.01 sys=0.00, real=0.00 secs] 
1572.854: [GC (Allocation Failure) [PSYoungGen: 115120K->1344K(114176K)] 420738K->306962K(805888K), 0.0022867 secs] [Times: user=0.01 sys=0.00, real=0.00 secs] 
1573.892: [GC (Allocation Failure) [PSYoungGen: 113508K->288K(112128K)] 419126K->305906K(803840K), 0.0028477 secs] [Times: user=0.01 sys=0.00, real=0.00 secs] 
1574.217: [GC (Allocation Failure) [PSYoungGen: 111904K->1584K(112640K)] 417522K->307202K(804352K), 0.0015915 secs] [Times: user=0.00 sys=0.00, real=0.01 secs] 
1574.411: [GC (Allocation Failure) [PSYoungGen: 112176K->1552K(111616K)] 417794K->307170K(803328K), 0.0015830 secs] [Times: user=0.00 sys=0.00, real=0.00 secs] 
1574.829: [GC (Allocation Failure) [PSYoungGen: 111120K->1424K(110080K)] 416738K->307042K(801792K), 0.0021647 secs] [Times: user=0.01 sys=0.00, real=0.00 secs] 
1575.281: [GC (Allocation Failure) [PSYoungGen: 109968K->352K(108032K)] 415586K->306994K(799744K), 0.0020576 secs] [Times: user=0.00 sys=0.00, real=0.00 secs] 
1575.740: [GC (Allocation Failure) [PSYoungGen: 107872K->1424K(108544K)] 414514K->308066K(800256K), 0.0018971 secs] [Times: user=0.00 sys=0.00, real=0.00 secs] 
1575.942: [GC (Allocation Failure) [PSYoungGen: 107920K->1552K(107520K)] 414562K->308194K(799232K), 0.0015302 secs] [Times: user=0.01 sys=0.00, real=0.00 secs] 
1576.175: [GC (Allocation Failure) [PSYoungGen: 107024K->1581K(106496K)] 413666K->308231K(798208K), 0.0022909 secs] [Times: user=0.01 sys=0.01, real=0.00 secs] 
1576.902: [GC (Allocation Failure) [PSYoungGen: 106029K->416K(103936K)] 412679K->308106K(795648K), 0.0020821 secs] [Times: user=0.01 sys=0.00, real=0.00 secs] 
1577.974: [GC (Allocation Failure) [PSYoungGen: 103840K->368K(104960K)] 411530K->308058K(796672K), 0.0029767 secs] [Times: user=0.01 sys=0.00, real=0.00 secs] 
1579.157: [GC (Allocation Failure) [PSYoungGen: 102768K->384K(101888K)] 410458K->308074K(793600K), 0.0038884 secs] [Times: user=0.02 sys=0.00, real=0.01 secs] 
1579.537: [GC (Allocation Failure) [PSYoungGen: 101760K->1520K(102912K)] 409450K->309210K(794624K), 0.0015587 secs] [Times: user=0.01 sys=0.00, real=0.01 secs] 
1579.713: [GC (Allocation Failure) [PSYoungGen: 101872K->1549K(101376K)] 409562K->309239K(793088K), 0.0015542 secs] [Times: user=0.01 sys=0.00, real=0.00 secs] 
1582.121: [GC (Allocation Failure) [PSYoungGen: 100877K->1440K(100352K)] 408567K->309130K(792064K), 0.0040536 secs] [Times: user=0.01 sys=0.00, real=0.00 secs] 
1582.560: [GC (Allocation Failure) [PSYoungGen: 100256K->1408K(99840K)] 407946K->309098K(791552K), 0.0020221 secs] [Times: user=0.01 sys=0.00, real=0.00 secs] 
1583.154: [GC (Allocation Failure) [PSYoungGen: 99712K->1408K(99328K)] 407402K->309098K(791040K), 0.0021985 secs] [Times: user=0.01 sys=0.00, real=0.00 secs] 
1583.725: [GC (Allocation Failure) [PSYoungGen: 99200K->1456K(98816K)] 406890K->309146K(790528K), 0.0021741 secs] [Times: user=0.01 sys=0.00, real=0.00 secs] 
1583.908: [GC (Allocation Failure) [PSYoungGen: 98736K->1517K(98304K)] 406426K->309207K(790016K), 0.0016063 secs] [Times: user=0.00 sys=0.00, real=0.01 secs] 
1584.077: [GC (Allocation Failure) [PSYoungGen: 98285K->1517K(97792K)] 405975K->309207K(789504K), 0.0016641 secs] [Times: user=0.01 sys=0.00, real=0.01 secs] 
1584.863: [GC (Allocation Failure) [PSYoungGen: 97773K->1440K(97280K)] 405463K->309130K(788992K), 0.0022137 secs] [Times: user=0.01 sys=0.00, real=0.00 secs] 
1585.490: [GC (Allocation Failure) [PSYoungGen: 97184K->1344K(96768K)] 404874K->309034K(788480K), 0.0021566 secs] [Times: user=0.01 sys=0.00, real=0.00 secs] 
1586.327: [GC (Allocation Failure) [PSYoungGen: 96576K->1344K(96256K)] 404266K->309034K(787968K), 0.0029241 secs] [Times: user=0.01 sys=0.00, real=0.01 secs] 
1586.617: [GC (Allocation Failure) [PSYoungGen: 96064K->1549K(96256K)] 403754K->309239K(787968K), 0.0015414 secs] [Times: user=0.01 sys=0.00, real=0.01 secs] 
1586.783: [GC (Allocation Failure) [PSYoungGen: 95757K->1485K(95232K)] 403447K->309175K(786944K), 0.0017129 secs] [Times: user=0.01 sys=0.00, real=0.00 secs] 
1587.034: [GC (Allocation Failure) [PSYoungGen: 95181K->384K(93696K)] 402871K->309122K(785408K), 0.0018191 secs] [Times: user=0.00 sys=0.00, real=0.00 secs] 
1587.553: [GC (Allocation Failure) [PSYoungGen: 93568K->352K(95232K)] 402306K->309090K(786944K), 0.0018085 secs] [Times: user=0.01 sys=0.00, real=0.00 secs] 
1588.313: [GC (Allocation Failure) [PSYoungGen: 93024K->352K(93184K)] 401762K->309090K(784896K), 0.0021007 secs] [Times: user=0.01 sys=0.00, real=0.00 secs] 
1589.089: [GC (Allocation Failure) [PSYoungGen: 92512K->1456K(93184K)] 401250K->310194K(784896K), 0.0020591 secs] [Times: user=0.01 sys=0.01, real=0.00 secs] 
1589.275: [GC (Allocation Failure) [PSYoungGen: 93104K->1520K(93184K)] 401842K->310258K(784896K), 0.0016752 secs] [Times: user=0.01 sys=0.00, real=0.00 secs] 
1589.435: [GC (Allocation Failure) [PSYoungGen: 92630K->1488K(92160K)] 401368K->310226K(783872K), 0.0016225 secs] [Times: user=0.01 sys=0.00, real=0.00 secs] 
1589.719: [GC (Allocation Failure) [PSYoungGen: 92112K->1424K(92160K)] 400850K->310162K(783872K), 0.0018650 secs] [Times: user=0.01 sys=0.00, real=0.00 secs] 
1590.147: [GC (Allocation Failure) [PSYoungGen: 91536K->1344K(91136K)] 400274K->310082K(782848K), 0.0018616 secs] [Times: user=0.01 sys=0.00, real=0.01 secs] 
1590.519: [GC (Allocation Failure) [PSYoungGen: 90944K->1312K(91136K)] 399682K->310050K(782848K), 0.0019040 secs] [Times: user=0.01 sys=0.00, real=0.00 secs] 
1590.922: [GC (Allocation Failure) [PSYoungGen: 90400K->1437K(90112K)] 399138K->310175K(781824K), 0.0017537 secs] [Times: user=0.01 sys=0.00, real=0.00 secs] 
1591.126: [GC (Allocation Failure) [PSYoungGen: 90013K->1520K(90112K)] 398751K->310258K(781824K), 0.0019299 secs] [Times: user=0.01 sys=0.00, real=0.01 secs] 
1591.322: [GC (Allocation Failure) [PSYoungGen: 89584K->1488K(89088K)] 398322K->310226K(780800K), 0.0018213 secs] [Times: user=0.00 sys=0.00, real=0.00 secs] 
1591.656: [GC (Allocation Failure) [PSYoungGen: 89040K->1456K(89088K)] 397778K->310194K(780800K), 0.0023136 secs] [Times: user=0.01 sys=0.00, real=0.01 secs] 
1592.051: [GC (Allocation Failure) [PSYoungGen: 88496K->1392K(88064K)] 397234K->310130K(779776K), 0.0021582 secs] [Times: user=0.01 sys=0.00, real=0.00 secs] 
1592.749: [GC (Allocation Failure) [PSYoungGen: 87920K->1376K(87552K)] 396658K->310114K(779264K), 0.0020806 secs] [Times: user=0.01 sys=0.00, real=0.00 secs] 
1593.377: [GC (Allocation Failure) [PSYoungGen: 87147K->288K(87552K)] 395885K->309026K(779264K), 0.0020539 secs] [Times: user=0.01 sys=0.00, real=0.01 secs] 
1593.555: [GC (Allocation Failure) [PSYoungGen: 85792K->1488K(87040K)] 394530K->310242K(778752K), 0.0016747 secs] [Times: user=0.00 sys=0.00, real=0.00 secs] 
1593.705: [GC (Allocation Failure) [PSYoungGen: 86480K->1488K(86016K)] 395234K->310242K(777728K), 0.0016738 secs] [Times: user=0.00 sys=0.00, real=0.00 secs] 
1593.854: [GC (Allocation Failure) [PSYoungGen: 85968K->1517K(86016K)] 394722K->310271K(777728K), 0.0016863 secs] [Times: user=0.00 sys=0.00, real=0.00 secs] 
1594.709: [GC (Allocation Failure) [PSYoungGen: 85485K->1440K(84992K)] 394239K->310194K(776704K), 0.0019534 secs] [Times: user=0.01 sys=0.00, real=0.00 secs] 
1595.150: [GC (Allocation Failure) [PSYoungGen: 84896K->1312K(84480K)] 393650K->310066K(776192K), 0.0019990 secs] [Times: user=0.00 sys=0.00, real=0.00 secs] 
1595.495: [GC (Allocation Failure) [PSYoungGen: 84256K->1376K(83968K)] 393010K->310130K(775680K), 0.0020278 secs] [Times: user=0.01 sys=0.00, real=0.00 secs] 
1595.816: [GC (Allocation Failure) [PSYoungGen: 83808K->1504K(83456K)] 392562K->310258K(775168K), 0.0015401 secs] [Times: user=0.00 sys=0.00, real=0.00 secs] 
1595.960: [GC (Allocation Failure) [PSYoungGen: 83424K->1488K(82944K)] 392178K->310242K(774656K), 0.0017449 secs] [Times: user=0.01 sys=0.00, real=0.00 secs] 
1596.104: [GC (Allocation Failure) [PSYoungGen: 82896K->1488K(82432K)] 391650K->310242K(774144K), 0.0015530 secs] [Times: user=0.01 sys=0.00, real=0.00 secs] 
1596.706: [GC (Allocation Failure) [PSYoungGen: 82384K->1456K(81920K)] 391138K->310210K(773632K), 0.0018683 secs] [Times: user=0.01 sys=0.00, real=0.01 secs] 
1597.781: [GC (Allocation Failure) [PSYoungGen: 81840K->1376K(81408K)] 390594K->310130K(773120K), 0.0020395 secs] [Times: user=0.00 sys=0.00, real=0.00 secs] 
1598.955: [GC (Allocation Failure) [PSYoungGen: 81248K->1376K(80896K)] 390002K->310130K(772608K), 0.0029907 secs] [Times: user=0.01 sys=0.00, real=0.01 secs] 
1600.126: [GC (Allocation Failure) [PSYoungGen: 80736K->1376K(80384K)] 389490K->310130K(772096K), 0.0028178 secs] [Times: user=0.01 sys=0.00, real=0.01 secs] 
1600.451: [GC (Allocation Failure) [PSYoungGen: 80224K->1517K(79872K)] 388978K->310271K(771584K), 0.0018380 secs] [Times: user=0.01 sys=0.00, real=0.00 secs] 
1600.611: [GC (Allocation Failure) [PSYoungGen: 79853K->1488K(79360K)] 388607K->310242K(771072K), 0.0018354 secs] [Times: user=0.00 sys=0.00, real=0.00 secs] 
1600.782: [GC (Allocation Failure) [PSYoungGen: 79312K->1485K(78848K)] 388066K->310239K(770560K), 0.0017044 secs] [Times: user=0.01 sys=0.00, real=0.00 secs] 
1601.284: [GC (Allocation Failure) [PSYoungGen: 78797K->1440K(78336K)] 387551K->310194K(770048K), 0.0025700 secs] [Times: user=0.01 sys=0.00, real=0.00 secs] 
1602.013: [GC (Allocation Failure) [PSYoungGen: 78240K->1376K(77824K)] 386994K->310130K(769536K), 0.0025529 secs] [Times: user=0.01 sys=0.00, real=0.00 secs] 
1602.665: [GC (Allocation Failure) [PSYoungGen: 77664K->1376K(77312K)] 386418K->310130K(769024K), 0.0021963 secs] [Times: user=0.01 sys=0.00, real=0.00 secs] 
1602.997: [GC (Allocation Failure) [PSYoungGen: 77152K->1440K(76800K)] 385906K->310194K(768512K), 0.0020854 secs] [Times: user=0.01 sys=0.00, real=0.01 secs] 
1603.176: [GC (Allocation Failure) [PSYoungGen: 76674K->1456K(76288K)] 385429K->310210K(768000K), 0.0015974 secs] [Times: user=0.00 sys=0.00, real=0.00 secs] 
1603.310: [GC (Allocation Failure) [PSYoungGen: 76208K->1520K(75776K)] 384962K->310274K(767488K), 0.0017427 secs] [Times: user=0.00 sys=0.00, real=0.00 secs] 
1603.441: [GC (Allocation Failure) [PSYoungGen: 75760K->1485K(75264K)] 384514K->310239K(766976K), 0.0015684 secs] [Times: user=0.00 sys=0.00, real=0.00 secs] 
1603.890: [GC (Allocation Failure) [PSYoungGen: 75213K->1408K(74752K)] 383967K->310162K(766464K), 0.0020307 secs] [Times: user=0.01 sys=0.01, real=0.00 secs] 
1604.827: [GC (Allocation Failure) [PSYoungGen: 74624K->1408K(74240K)] 383378K->310170K(765952K), 0.0029205 secs] [Times: user=0.01 sys=0.00, real=0.01 secs] 
1605.801: [GC (Allocation Failure) [PSYoungGen: 74112K->1376K(73728K)] 382874K->310154K(765440K), 0.0036020 secs] [Times: user=0.01 sys=0.00, real=0.00 secs] 
1606.602: [GC (Allocation Failure) [PSYoungGen: 73568K->1408K(73216K)] 382346K->310186K(764928K), 0.0037411 secs] [Times: user=0.02 sys=0.01, real=0.00 secs] 
1607.012: [GC (Allocation Failure) [PSYoungGen: 73088K->1453K(72704K)] 381866K->310231K(764416K), 0.0020274 secs] [Times: user=0.01 sys=0.00, real=0.00 secs] 
1607.154: [GC (Allocation Failure) [PSYoungGen: 72621K->1456K(72192K)] 381399K->310234K(763904K), 0.0015076 secs] [Times: user=0.00 sys=0.00, real=0.00 secs] 
1607.278: [GC (Allocation Failure) [PSYoungGen: 72112K->1488K(71680K)] 380890K->310266K(763392K), 0.0016278 secs] [Times: user=0.01 sys=0.00, real=0.00 secs] 
1607.402: [GC (Allocation Failure) [PSYoungGen: 71632K->1485K(71168K)] 380410K->310263K(762880K), 0.0014966 secs] [Times: user=0.01 sys=0.00, real=0.00 secs] 
1608.210: [GC (Allocation Failure) [PSYoungGen: 71117K->1440K(70656K)] 379895K->310218K(762368K), 0.0023770 secs] [Times: user=0.01 sys=0.00, real=0.00 secs] 
1608.602: [GC (Allocation Failure) [PSYoungGen: 70560K->1376K(70144K)] 379338K->310154K(761856K), 0.0019325 secs] [Times: user=0.01 sys=0.00, real=0.00 secs] 
1608.887: [GC (Allocation Failure) [PSYoungGen: 69984K->1408K(69632K)] 378762K->310186K(761344K), 0.0021178 secs] [Times: user=0.01 sys=0.00, real=0.01 secs] 
1609.420: [GC (Allocation Failure) [PSYoungGen: 69504K->1376K(69632K)] 378282K->310154K(761344K), 0.0020677 secs] [Times: user=0.01 sys=0.00, real=0.00 secs] 
1609.727: [GC (Allocation Failure) [PSYoungGen: 69472K->1485K(70144K)] 378250K->310263K(761856K), 0.0021783 secs] [Times: user=0.01 sys=0.00, real=0.01 secs] 
1609.873: [GC (Allocation Failure) [PSYoungGen: 69581K->1520K(70144K)] 378359K->310298K(761856K), 0.0014982 secs] [Times: user=0.01 sys=0.00, real=0.00 secs] 
1609.992: [GC (Allocation Failure) [PSYoungGen: 69616K->1485K(70144K)] 378394K->310263K(761856K), 0.0015042 secs] [Times: user=0.01 sys=0.00, real=0.00 secs] 
1610.188: [GC (Allocation Failure) [PSYoungGen: 69581K->1584K(70144K)] 378359K->310362K(761856K), 0.0019446 secs] [Times: user=0.01 sys=0.00, real=0.00 secs] 
1610.769: [GC (Allocation Failure) [PSYoungGen: 69680K->1328K(70144K)] 378458K->310106K(761856K), 0.0032007 secs] [Times: user=0.01 sys=0.00, real=0.00 secs] 
1611.086: [GC (Allocation Failure) [PSYoungGen: 69424K->1376K(70144K)] 378202K->310154K(761856K), 0.0019760 secs] [Times: user=0.01 sys=0.00, real=0.01 secs] 
1611.428: [GC (Allocation Failure) [PSYoungGen: 69472K->1408K(70144K)] 378250K->310186K(761856K), 0.0018400 secs] [Times: user=0.01 sys=0.00, real=0.00 secs] 
1611.766: [GC (Allocation Failure) [PSYoungGen: 69504K->1376K(70144K)] 378282K->310154K(761856K), 0.0019592 secs] [Times: user=0.01 sys=0.00, real=0.00 secs] 
1611.966: [GC (Allocation Failure) [PSYoungGen: 69472K->1520K(70144K)] 378250K->310314K(761856K), 0.0015176 secs] [Times: user=0.01 sys=0.00, real=0.00 secs] 
1612.085: [GC (Allocation Failure) [PSYoungGen: 69616K->1456K(70144K)] 378410K->310250K(761856K), 0.0015423 secs] [Times: user=0.01 sys=0.00, real=0.00 secs] 
1612.204: [GC (Allocation Failure) [PSYoungGen: 69552K->1472K(70144K)] 378346K->310266K(761856K), 0.0014767 secs] [Times: user=0.01 sys=0.00, real=0.00 secs] 
1612.604: [GC (Allocation Failure) [PSYoungGen: 69568K->1952K(70144K)] 378362K->310754K(761856K), 0.0020128 secs] [Times: user=0.01 sys=0.00, real=0.00 secs] 
1613.857: [GC (Allocation Failure) [PSYoungGen: 70048K->1344K(70144K)] 378850K->310146K(761856K), 0.0033075 secs] [Times: user=0.02 sys=0.00, real=0.01 secs] 
1614.634: [GC (Allocation Failure) [PSYoungGen: 69440K->1376K(70144K)] 378242K->310178K(761856K), 0.0026610 secs] [Times: user=0.01 sys=0.00, real=0.00 secs] 
1615.342: [GC (Allocation Failure) [PSYoungGen: 69472K->1344K(70144K)] 378274K->310146K(761856K), 0.0023476 secs] [Times: user=0.01 sys=0.00, real=0.00 secs] 
1615.926: [GC (Allocation Failure) [PSYoungGen: 69281K->256K(70144K)] 378083K->309058K(761856K), 0.0022258 secs] [Times: user=0.01 sys=0.00, real=0.01 secs] 
1616.095: [GC (Allocation Failure) [PSYoungGen: 68352K->1421K(70144K)] 377154K->310223K(761856K), 0.0016258 secs] [Times: user=0.01 sys=0.00, real=0.00 secs] 
1616.215: [GC (Allocation Failure) [PSYoungGen: 69517K->1485K(70144K)] 378319K->310287K(761856K), 0.0014705 secs] [Times: user=0.00 sys=0.00, real=0.00 secs] 
1616.334: [GC (Allocation Failure) [PSYoungGen: 69581K->1456K(70144K)] 378383K->310274K(761856K), 0.0015213 secs] [Times: user=0.01 sys=0.00, real=0.00 secs] 
1616.533: [GC (Allocation Failure) [PSYoungGen: 69552K->1440K(70144K)] 378370K->310258K(761856K), 0.0019249 secs] [Times: user=0.00 sys=0.00, real=0.00 secs] 
1616.828: [GC (Allocation Failure) [PSYoungGen: 69536K->1376K(70144K)] 378354K->310194K(761856K), 0.0017239 secs] [Times: user=0.00 sys=0.00, real=0.00 secs] 
1617.111: [GC (Allocation Failure) [PSYoungGen: 69472K->1312K(70144K)] 378290K->310130K(761856K), 0.0018510 secs] [Times: user=0.01 sys=0.00, real=0.00 secs] 
1617.418: [GC (Allocation Failure) [PSYoungGen: 69408K->1408K(70144K)] 378226K->310226K(761856K), 0.0017446 secs] [Times: user=0.00 sys=0.00, real=0.00 secs] 
1617.856: [GC (Allocation Failure) [PSYoungGen: 69504K->1424K(70144K)] 378322K->310242K(761856K), 0.0024104 secs] [Times: user=0.01 sys=0.00, real=0.01 secs] 
1618.023: [GC (Allocation Failure) [PSYoungGen: 69512K->1533K(70144K)] 378330K->310351K(761856K), 0.0016549 secs] [Times: user=0.01 sys=0.00, real=0.00 secs] 
1618.144: [GC (Allocation Failure) [PSYoungGen: 69629K->1485K(70144K)] 378447K->310303K(761856K), 0.0015180 secs] [Times: user=0.01 sys=0.00, real=0.00 secs] 
1618.265: [GC (Allocation Failure) [PSYoungGen: 69581K->1485K(70144K)] 378399K->310319K(761856K), 0.0015271 secs] [Times: user=0.01 sys=0.00, real=0.00 secs] 
1618.662: [GC (Allocation Failure) [PSYoungGen: 69581K->1472K(70144K)] 378415K->310306K(761856K), 0.0019148 secs] [Times: user=0.01 sys=0.00, real=0.00 secs] 
1619.623: [GC (Allocation Failure) [PSYoungGen: 69568K->1344K(70144K)] 378402K->310178K(761856K), 0.0028549 secs] [Times: user=0.01 sys=0.00, real=0.00 secs] 
1620.499: [GC (Allocation Failure) [PSYoungGen: 69440K->1408K(70144K)] 378274K->310242K(761856K), 0.0029484 secs] [Times: user=0.01 sys=0.00, real=0.00 secs] 
1621.242: [GC (Allocation Failure) [PSYoungGen: 69504K->1376K(70144K)] 378338K->310210K(761856K), 0.0030371 secs] [Times: user=0.01 sys=0.00, real=0.00 secs] 
1622.020: [GC (Allocation Failure) [PSYoungGen: 69472K->1488K(70144K)] 378306K->310322K(761856K), 0.0026897 secs] [Times: user=0.01 sys=0.00, real=0.00 secs] 
1622.194: [GC (Allocation Failure) [PSYoungGen: 69584K->1485K(70144K)] 378418K->310319K(761856K), 0.0015045 secs] [Times: user=0.01 sys=0.00, real=0.00 secs] 
1622.314: [GC (Allocation Failure) [PSYoungGen: 69581K->1453K(70144K)] 378415K->310287K(761856K), 0.0015057 secs] [Times: user=0.01 sys=0.00, real=0.00 secs] 
1622.433: [GC (Allocation Failure) [PSYoungGen: 69549K->1456K(70144K)] 378383K->310298K(761856K), 0.0014825 secs] [Times: user=0.01 sys=0.00, real=0.00 secs] 
1622.775: [GC (Allocation Failure) [PSYoungGen: 69552K->1440K(70144K)] 378394K->310282K(761856K), 0.0019629 secs] [Times: user=0.01 sys=0.00, real=0.00 secs] 
1623.361: [GC (Allocation Failure) [PSYoungGen: 69536K->1344K(70144K)] 378378K->310186K(761856K), 0.0021241 secs] [Times: user=0.01 sys=0.00, real=0.00 secs] 
1623.925: [GC (Allocation Failure) [PSYoungGen: 69440K->1360K(70144K)] 378282K->310218K(761856K), 0.0028450 secs] [Times: user=0.01 sys=0.00, real=0.01 secs] 
1624.488: [GC (Allocation Failure) [PSYoungGen: 69456K->1392K(70144K)] 378314K->310258K(761856K), 0.0026376 secs] [Times: user=0.01 sys=0.00, real=0.00 secs] 
1625.149: [GC (Allocation Failure) [PSYoungGen: 69488K->1456K(70144K)] 378354K->310322K(761856K), 0.0024339 secs] [Times: user=0.01 sys=0.00, real=0.00 secs] 
1625.318: [GC (Allocation Failure) [PSYoungGen: 69552K->1488K(70144K)] 378418K->310354K(761856K), 0.0015074 secs] [Times: user=0.01 sys=0.00, real=0.00 secs] 
1625.438: [GC (Allocation Failure) [PSYoungGen: 69584K->1424K(70144K)] 378450K->310290K(761856K), 0.0015567 secs] [Times: user=0.00 sys=0.01, real=0.01 secs] 
1625.557: [GC (Allocation Failure) [PSYoungGen: 69520K->1456K(70144K)] 378386K->310330K(761856K), 0.0015891 secs] [Times: user=0.00 sys=0.00, real=0.01 secs] 
1626.267: [GC (Allocation Failure) [PSYoungGen: 69552K->1456K(70144K)] 378426K->310330K(761856K), 0.0019743 secs] [Times: user=0.01 sys=0.00, real=0.01 secs] 
1626.835: [GC (Allocation Failure) [PSYoungGen: 69552K->1376K(70144K)] 378426K->310250K(761856K), 0.0025722 secs] [Times: user=0.01 sys=0.00, real=0.00 secs] 
1627.112: [GC (Allocation Failure) [PSYoungGen: 69472K->1408K(70144K)] 378346K->310282K(761856K), 0.0020489 secs] [Times: user=0.01 sys=0.00, real=0.00 secs] 
1627.395: [GC (Allocation Failure) [PSYoungGen: 69504K->1408K(70144K)] 378378K->310282K(761856K), 0.0018073 secs] [Times: user=0.00 sys=0.00, real=0.00 secs] 
1627.750: [GC (Allocation Failure) [PSYoungGen: 69504K->1469K(70144K)] 378378K->310343K(761856K), 0.0021151 secs] [Times: user=0.00 sys=0.00, real=0.00 secs] 
1627.953: [GC (Allocation Failure) [PSYoungGen: 69565K->1517K(70144K)] 378439K->310391K(761856K), 0.0019844 secs] [Times: user=0.01 sys=0.00, real=0.00 secs] 
1628.119: [GC (Allocation Failure) [PSYoungGen: 69613K->1517K(70144K)] 378487K->310391K(761856K), 0.0019696 secs] [Times: user=0.00 sys=0.00, real=0.00 secs] 
1628.282: [GC (Allocation Failure) [PSYoungGen: 69613K->1517K(70144K)] 378487K->310399K(761856K), 0.0020547 secs] [Times: user=0.01 sys=0.00, real=0.00 secs] 
1628.845: [GC (Allocation Failure) [PSYoungGen: 69613K->1408K(70144K)] 378495K->310290K(761856K), 0.0039199 secs] [Times: user=0.01 sys=0.00, real=0.01 secs] 
1629.494: [GC (Allocation Failure) [PSYoungGen: 69504K->1344K(70144K)] 378386K->310226K(761856K), 0.0029441 secs] [Times: user=0.01 sys=0.00, real=0.00 secs] 
1630.310: [GC (Allocation Failure) [PSYoungGen: 69440K->1376K(70144K)] 378322K->310258K(761856K), 0.0032896 secs] [Times: user=0.02 sys=0.00, real=0.00 secs] 
1630.987: [GC (Allocation Failure) [PSYoungGen: 69472K->1376K(70144K)] 378354K->310258K(761856K), 0.0033559 secs] [Times: user=0.02 sys=0.00, real=0.01 secs] 
1631.648: [GC (Allocation Failure) [PSYoungGen: 69472K->1472K(70144K)] 378354K->310354K(761856K), 0.0024562 secs] [Times: user=0.01 sys=0.00, real=0.01 secs] 
1631.817: [GC (Allocation Failure) [PSYoungGen: 69568K->1456K(70144K)] 378450K->310338K(761856K), 0.0014881 secs] [Times: user=0.00 sys=0.00, real=0.01 secs] 
1631.955: [GC (Allocation Failure) [PSYoungGen: 69552K->1485K(70144K)] 378434K->310367K(761856K), 0.0018264 secs] [Times: user=0.00 sys=0.00, real=0.00 secs] 
1632.105: [GC (Allocation Failure) [PSYoungGen: 69581K->1485K(70144K)] 378463K->310375K(761856K), 0.0018101 secs] [Times: user=0.01 sys=0.00, real=0.00 secs] 
1632.368: [GC (Allocation Failure) [PSYoungGen: 69581K->1408K(70144K)] 378471K->310298K(761856K), 0.0019703 secs] [Times: user=0.01 sys=0.00, real=0.00 secs] 
1632.703: [GC (Allocation Failure) [PSYoungGen: 69504K->1344K(70144K)] 378394K->310234K(761856K), 0.0019407 secs] [Times: user=0.01 sys=0.00, real=0.00 secs] 
1633.027: [GC (Allocation Failure) [PSYoungGen: 69440K->1392K(70144K)] 378330K->310298K(761856K), 0.0019401 secs] [Times: user=0.00 sys=0.00, real=0.01 secs] 
1633.524: [GC (Allocation Failure) [PSYoungGen: 69488K->1408K(70144K)] 378394K->310314K(761856K), 0.0018994 secs] [Times: user=0.01 sys=0.00, real=0.00 secs] 
1634.052: [GC (GCLocker Initiated GC) [PSYoungGen: 69504K->1440K(70144K)] 378410K->310346K(761856K), 0.0023740 secs] [Times: user=0.01 sys=0.00, real=0.00 secs] 
1634.221: [GC (Allocation Failure) [PSYoungGen: 69536K->1357K(70144K)] 378509K->310330K(761856K), 0.0016938 secs] [Times: user=0.01 sys=0.00, real=0.00 secs] 
1634.341: [GC (Allocation Failure) [PSYoungGen: 69453K->1453K(70144K)] 378426K->310426K(761856K), 0.0014803 secs] [Times: user=0.01 sys=0.00, real=0.00 secs] 
1634.479: [GC (Allocation Failure) [PSYoungGen: 69549K->1517K(70144K)] 378522K->310498K(761856K), 0.0018255 secs] [Times: user=0.01 sys=0.00, real=0.00 secs] 
1635.029: [GC (Allocation Failure) [PSYoungGen: 69613K->1424K(70144K)] 378594K->310413K(761856K), 0.0036851 secs] [Times: user=0.01 sys=0.00, real=0.00 secs] 
1635.655: [GC (Allocation Failure) [PSYoungGen: 69520K->1376K(70144K)] 378509K->310365K(761856K), 0.0030046 secs] [Times: user=0.01 sys=0.00, real=0.01 secs] 
1636.084: [GC (Allocation Failure) [PSYoungGen: 69472K->1376K(70144K)] 378461K->310365K(761856K), 0.0019289 secs] [Times: user=0.01 sys=0.00, real=0.00 secs] 
1636.426: [GC (Allocation Failure) [PSYoungGen: 69472K->1376K(70144K)] 378461K->310365K(761856K), 0.0018937 secs] [Times: user=0.00 sys=0.00, real=0.01 secs] 
1636.781: [GC (Allocation Failure) [PSYoungGen: 69472K->1485K(70144K)] 378461K->310474K(761856K), 0.0017411 secs] [Times: user=0.00 sys=0.00, real=0.00 secs] 
1636.904: [GC (Allocation Failure) [PSYoungGen: 69581K->1456K(70144K)] 378570K->310445K(761856K), 0.0015135 secs] [Times: user=0.01 sys=0.00, real=0.00 secs] 
1637.023: [GC (Allocation Failure) [PSYoungGen: 69552K->1453K(70144K)] 378541K->310442K(761856K), 0.0015005 secs] [Times: user=0.00 sys=0.00, real=0.00 secs] 
1637.143: [GC (Allocation Failure) [PSYoungGen: 69549K->1520K(70144K)] 378538K->310517K(761856K), 0.0016700 secs] [Times: user=0.00 sys=0.00, real=0.00 secs] 
1637.676: [GC (Allocation Failure) [PSYoungGen: 69616K->1456K(69632K)] 378613K->310461K(761344K), 0.0018915 secs] [Times: user=0.01 sys=0.00, real=0.01 secs] 
1638.608: [GC (Allocation Failure) [PSYoungGen: 69552K->1424K(69632K)] 378557K->310429K(761344K), 0.0030647 secs] [Times: user=0.01 sys=0.00, real=0.01 secs] 
1640.025: [GC (Allocation Failure) [PSYoungGen: 69520K->1376K(69632K)] 378525K->310381K(761344K), 0.0036671 secs] [Times: user=0.01 sys=0.01, real=0.01 secs] 
1641.399: [GC (Allocation Failure) [PSYoungGen: 69472K->1392K(69632K)] 378477K->310413K(761344K), 0.0041462 secs] [Times: user=0.01 sys=0.00, real=0.00 secs] 
1642.156: [GC (Allocation Failure) [PSYoungGen: 69488K->1437K(69632K)] 378509K->310466K(761344K), 0.0021172 secs] [Times: user=0.01 sys=0.00, real=0.01 secs] 
1642.305: [GC (Allocation Failure) [PSYoungGen: 69533K->1533K(69632K)] 378562K->310570K(761344K), 0.0016665 secs] [Times: user=0.00 sys=0.01, real=0.00 secs] 
1642.424: [GC (Allocation Failure) [PSYoungGen: 69629K->1456K(69632K)] 378666K->310493K(761344K), 0.0015024 secs] [Times: user=0.00 sys=0.00, real=0.00 secs] 
1642.544: [GC (Allocation Failure) [PSYoungGen: 69552K->1485K(69632K)] 378589K->310538K(761344K), 0.0016278 secs] [Times: user=0.00 sys=0.00, real=0.00 secs] 
1642.847: [GC (Allocation Failure) [PSYoungGen: 69581K->1440K(69632K)] 378634K->310493K(761344K), 0.0018022 secs] [Times: user=0.01 sys=0.00, real=0.01 secs] 
1643.157: [GC (Allocation Failure) [PSYoungGen: 69536K->1344K(69632K)] 378589K->310397K(761344K), 0.0018448 secs] [Times: user=0.01 sys=0.00, real=0.01 secs] 
1643.625: [GC (Allocation Failure) [PSYoungGen: 69440K->1408K(69632K)] 378493K->310461K(761344K), 0.0018921 secs] [Times: user=0.01 sys=0.00, real=0.00 secs] 
1644.207: [GC (Allocation Failure) [PSYoungGen: 69504K->1360K(69632K)] 378557K->310429K(761344K), 0.0027917 secs] [Times: user=0.01 sys=0.00, real=0.01 secs] 
1644.576: [GC (Allocation Failure) [PSYoungGen: 69456K->1517K(69632K)] 378525K->310586K(761344K), 0.0017851 secs] [Times: user=0.00 sys=0.00, real=0.00 secs] 
1644.706: [GC (Allocation Failure) [PSYoungGen: 69613K->1456K(69632K)] 378682K->310525K(761344K), 0.0015676 secs] [Times: user=0.01 sys=0.00, real=0.00 secs] 
1644.827: [GC (Allocation Failure) [PSYoungGen: 69552K->1456K(70144K)] 378621K->310549K(761856K), 0.0016890 secs] [Times: user=0.01 sys=0.00, real=0.01 secs] 
1644.949: [GC (Allocation Failure) [PSYoungGen: 69552K->1456K(70144K)] 378645K->310565K(761856K), 0.0016324 secs] [Times: user=0.01 sys=0.00, real=0.00 secs] 
1645.892: [GC (Allocation Failure) [PSYoungGen: 69552K->1440K(69632K)] 378661K->310549K(761344K), 0.0021030 secs] [Times: user=0.01 sys=0.00, real=0.00 secs] 
1646.702: [GC (Allocation Failure) [PSYoungGen: 69536K->1440K(69632K)] 378645K->310549K(761344K), 0.0029635 secs] [Times: user=0.01 sys=0.00, real=0.00 secs] 
1647.022: [GC (Allocation Failure) [PSYoungGen: 69536K->1376K(69632K)] 378645K->310485K(761344K), 0.0018737 secs] [Times: user=0.01 sys=0.00, real=0.00 secs] 
1647.324: [GC (Allocation Failure) [PSYoungGen: 69472K->1376K(69632K)] 378581K->310485K(761344K), 0.0020959 secs] [Times: user=0.01 sys=0.00, real=0.00 secs] 
1647.518: [GC (Allocation Failure) [PSYoungGen: 69472K->1472K(69632K)] 378581K->310581K(761344K), 0.0015906 secs] [Times: user=0.00 sys=0.00, real=0.01 secs] 
1647.637: [GC (Allocation Failure) [PSYoungGen: 69568K->1485K(69632K)] 378677K->310594K(761344K), 0.0017110 secs] [Times: user=0.01 sys=0.00, real=0.01 secs] 
1647.757: [GC (Allocation Failure) [PSYoungGen: 69581K->1453K(69632K)] 378690K->310562K(761344K), 0.0014296 secs] [Times: user=0.00 sys=0.00, real=0.01 secs] 
1647.882: [GC (Allocation Failure) [PSYoungGen: 69549K->1469K(73728K)] 378658K->310586K(765440K), 0.0016403 secs] [Times: user=0.01 sys=0.00, real=0.00 secs] 
1648.197: [GC (Allocation Failure) [PSYoungGen: 73149K->1472K(72704K)] 382266K->310589K(764416K), 0.0019042 secs] [Times: user=0.01 sys=0.00, real=0.01 secs] 
1648.492: [GC (Allocation Failure) [PSYoungGen: 72640K->1408K(72192K)] 381757K->310525K(763904K), 0.0017956 secs] [Times: user=0.01 sys=0.00, real=0.00 secs] 
1648.786: [GC (Allocation Failure) [PSYoungGen: 72064K->1408K(71680K)] 381181K->310525K(763392K), 0.0017055 secs] [Times: user=0.00 sys=0.00, real=0.00 secs] 
1649.077: [GC (Allocation Failure) [PSYoungGen: 71552K->1376K(71168K)] 380669K->310493K(762880K), 0.0020353 secs] [Times: user=0.00 sys=0.00, real=0.01 secs] 
1649.311: [GC (Allocation Failure) [PSYoungGen: 71008K->1472K(70656K)] 380125K->310589K(762368K), 0.0015376 secs] [Times: user=0.01 sys=0.00, real=0.00 secs] 
1649.434: [GC (Allocation Failure) [PSYoungGen: 70592K->1485K(70144K)] 379709K->310602K(761856K), 0.0016332 secs] [Times: user=0.01 sys=0.00, real=0.00 secs] 
1649.572: [GC (Allocation Failure) [PSYoungGen: 70093K->1485K(69632K)] 379210K->310602K(761344K), 0.0018229 secs] [Times: user=0.01 sys=0.00, real=0.00 secs] 
1650.062: [GC (Allocation Failure) [PSYoungGen: 69581K->1440K(69632K)] 378698K->310557K(761344K), 0.0033283 secs] [Times: user=0.01 sys=0.00, real=0.00 secs] 
1650.584: [GC (Allocation Failure) [PSYoungGen: 69536K->1392K(69632K)] 378653K->310509K(761344K), 0.0020967 secs] [Times: user=0.01 sys=0.00, real=0.00 secs] 
1650.950: [GC (Allocation Failure) [PSYoungGen: 69488K->1408K(69632K)] 378605K->310525K(761344K), 0.0020685 secs] [Times: user=0.00 sys=0.00, real=0.00 secs] 
1651.602: [GC (Allocation Failure) [PSYoungGen: 69504K->1408K(69632K)] 378621K->310549K(761344K), 0.0018986 secs] [Times: user=0.00 sys=0.00, real=0.00 secs] 
1652.303: [GC (Allocation Failure) [PSYoungGen: 69504K->1424K(69632K)] 378645K->310565K(761344K), 0.0023594 secs] [Times: user=0.01 sys=0.00, real=0.00 secs] 
1652.457: [GC (Allocation Failure) [PSYoungGen: 69519K->480K(68608K)] 378661K->310669K(760320K), 0.0015064 secs] [Times: user=0.01 sys=0.00, real=0.01 secs] 
1652.576: [GC (Allocation Failure) [PSYoungGen: 68576K->429K(70144K)] 378765K->310618K(761856K), 0.0015411 secs] [Times: user=0.00 sys=0.00, real=0.00 secs] 
1652.695: [GC (Allocation Failure) [PSYoungGen: 68525K->461K(69632K)] 378714K->310650K(761344K), 0.0016509 secs] [Times: user=0.01 sys=0.00, real=0.00 secs] 
1652.858: [GC (Allocation Failure) [PSYoungGen: 68557K->1424K(70144K)] 378746K->311613K(761856K), 0.0015605 secs] [Times: user=0.01 sys=0.00, real=0.00 secs] 
1653.141: [GC (Allocation Failure) [PSYoungGen: 69520K->1376K(70144K)] 379709K->311565K(761856K), 0.0018231 secs] [Times: user=0.01 sys=0.00, real=0.00 secs] 
1653.424: [GC (Allocation Failure) [PSYoungGen: 69472K->1408K(70144K)] 379661K->311597K(761856K), 0.0018026 secs] [Times: user=0.00 sys=0.00, real=0.00 secs] 
1653.712: [GC (Allocation Failure) [PSYoungGen: 69504K->1376K(70144K)] 379693K->311565K(761856K), 0.0017823 secs] [Times: user=0.01 sys=0.00, real=0.00 secs] 
1653.998: [GC (Allocation Failure) [PSYoungGen: 69472K->1456K(70144K)] 379661K->311645K(761856K), 0.0019893 secs] [Times: user=0.00 sys=0.00, real=0.00 secs] 
1654.173: [GC (Allocation Failure) [PSYoungGen: 69552K->1485K(70144K)] 379741K->311674K(761856K), 0.0021049 secs] [Times: user=0.01 sys=0.00, real=0.00 secs] 
1654.323: [GC (Allocation Failure) [PSYoungGen: 69581K->1421K(70144K)] 379770K->311610K(761856K), 0.0015699 secs] [Times: user=0.00 sys=0.00, real=0.00 secs] 
1654.442: [GC (Allocation Failure) [PSYoungGen: 69517K->1485K(70144K)] 379706K->311682K(761856K), 0.0017333 secs] [Times: user=0.01 sys=0.00, real=0.00 secs] 
1654.941: [GC (Allocation Failure) [PSYoungGen: 69581K->1472K(70144K)] 379778K->311669K(761856K), 0.0030454 secs] [Times: user=0.01 sys=0.00, real=0.00 secs] 
1655.480: [GC (Allocation Failure) [PSYoungGen: 69568K->1344K(70144K)] 379765K->311541K(761856K), 0.0020841 secs] [Times: user=0.01 sys=0.00, real=0.00 secs] 
1655.755: [GC (Allocation Failure) [PSYoungGen: 69440K->1376K(70144K)] 379637K->311573K(761856K), 0.0030436 secs] [Times: user=0.01 sys=0.00, real=0.00 secs] 
1656.238: [GC (Allocation Failure) [PSYoungGen: 69472K->1376K(70144K)] 379669K->311573K(761856K), 0.0020098 secs] [Times: user=0.00 sys=0.00, real=0.00 secs] 
1656.858: [GC (Allocation Failure) [PSYoungGen: 69472K->1456K(70144K)] 379669K->311653K(761856K), 0.0021626 secs] [Times: user=0.01 sys=0.00, real=0.00 secs] 
1657.059: [GC (Allocation Failure) [PSYoungGen: 69552K->1485K(70144K)] 379749K->311682K(761856K), 0.0021633 secs] [Times: user=0.00 sys=0.00, real=0.00 secs] 
1657.207: [GC (Allocation Failure) [PSYoungGen: 69581K->1488K(70144K)] 379778K->311685K(761856K), 0.0017716 secs] [Times: user=0.00 sys=0.00, real=0.01 secs] 
1657.326: [GC (Allocation Failure) [PSYoungGen: 69584K->1488K(70144K)] 379781K->311701K(761856K), 0.0015863 secs] [Times: user=0.01 sys=0.00, real=0.00 secs] 
1657.899: [GC (Allocation Failure) [PSYoungGen: 69584K->1408K(70144K)] 379797K->311621K(761856K), 0.0037853 secs] [Times: user=0.01 sys=0.00, real=0.00 secs] 
1658.705: [GC (Allocation Failure) [PSYoungGen: 69504K->1344K(70144K)] 379717K->311557K(761856K), 0.0034046 secs] [Times: user=0.02 sys=0.00, real=0.01 secs] 
1659.583: [GC (Allocation Failure) [PSYoungGen: 69440K->1344K(70144K)] 379653K->311557K(761856K), 0.0029768 secs] [Times: user=0.02 sys=0.00, real=0.00 secs] 
1660.600: [GC (Allocation Failure) [PSYoungGen: 69440K->1408K(70144K)] 379653K->311621K(761856K), 0.0034957 secs] [Times: user=0.02 sys=0.00, real=0.00 secs] 
1661.166: [GC (Allocation Failure) [PSYoungGen: 69504K->1456K(70144K)] 379717K->311669K(761856K), 0.0025144 secs] [Times: user=0.01 sys=0.00, real=0.01 secs] 
1661.337: [GC (Allocation Failure) [PSYoungGen: 69548K->1520K(70144K)] 379762K->311733K(761856K), 0.0017540 secs] [Times: user=0.01 sys=0.01, real=0.01 secs] 
1661.456: [GC (Allocation Failure) [PSYoungGen: 69616K->1485K(70144K)] 379829K->311698K(761856K), 0.0014961 secs] [Times: user=0.01 sys=0.00, real=0.00 secs] 
1661.576: [GC (Allocation Failure) [PSYoungGen: 69581K->1453K(70144K)] 379794K->311674K(761856K), 0.0016346 secs] [Times: user=0.01 sys=0.01, real=0.00 secs] 
1661.792: [GC (Allocation Failure) [PSYoungGen: 69549K->1424K(70144K)] 379770K->311645K(761856K), 0.0016772 secs] [Times: user=0.01 sys=0.00, real=0.00 secs] 
1662.079: [GC (Allocation Failure) [PSYoungGen: 69520K->1408K(70144K)] 379741K->311629K(761856K), 0.0016606 secs] [Times: user=0.00 sys=0.00, real=0.00 secs] 
1662.361: [GC (Allocation Failure) [PSYoungGen: 69504K->1344K(70144K)] 379725K->311565K(761856K), 0.0017257 secs] [Times: user=0.00 sys=0.00, real=0.00 secs] 
1662.644: [GC (Allocation Failure) [PSYoungGen: 69440K->1376K(70144K)] 379661K->311597K(761856K), 0.0017347 secs] [Times: user=0.01 sys=0.00, real=0.00 secs] 
1662.909: [GC (Allocation Failure) [PSYoungGen: 69472K->1504K(70144K)] 379693K->311725K(761856K), 0.0015871 secs] [Times: user=0.01 sys=0.00, real=0.00 secs] 
1663.046: [GC (Allocation Failure) [PSYoungGen: 69600K->1485K(70144K)] 379821K->311714K(761856K), 0.0017386 secs] [Times: user=0.00 sys=0.00, real=0.01 secs] 
1663.215: [GC (Allocation Failure) [PSYoungGen: 69581K->1517K(70144K)] 379810K->311746K(761856K), 0.0021344 secs] [Times: user=0.01 sys=0.00, real=0.00 secs] 
1663.373: [GC (Allocation Failure) [PSYoungGen: 69613K->1488K(70144K)] 379842K->311725K(761856K), 0.0017849 secs] [Times: user=0.01 sys=0.00, real=0.00 secs] 
1664.690: [GC (Allocation Failure) [PSYoungGen: 69584K->1392K(70144K)] 379821K->311629K(761856K), 0.0038785 secs] [Times: user=0.01 sys=0.00, real=0.00 secs] 
1665.519: [GC (Allocation Failure) [PSYoungGen: 69488K->1408K(70144K)] 379725K->311645K(761856K), 0.0026485 secs] [Times: user=0.01 sys=0.00, real=0.00 secs] 
1666.385: [GC (Allocation Failure) [PSYoungGen: 69504K->1408K(70144K)] 379741K->311645K(761856K), 0.0026931 secs] [Times: user=0.01 sys=0.00, real=0.01 secs] 
1667.315: [GC (Allocation Failure) [PSYoungGen: 69504K->1376K(70144K)] 379741K->311613K(761856K), 0.0037603 secs] [Times: user=0.01 sys=0.00, real=0.01 secs] 
1668.184: [GC (Allocation Failure) [PSYoungGen: 69472K->1469K(70144K)] 379709K->311706K(761856K), 0.0025969 secs] [Times: user=0.01 sys=0.00, real=0.00 secs] 
1668.357: [GC (Allocation Failure) [PSYoungGen: 69565K->1517K(70144K)] 379802K->311754K(761856K), 0.0015214 secs] [Times: user=0.00 sys=0.00, real=0.01 secs] 
1668.497: [GC (Allocation Failure) [PSYoungGen: 69613K->1517K(70144K)] 379850K->311754K(761856K), 0.0017834 secs] [Times: user=0.01 sys=0.00, real=0.01 secs] 
1668.647: [GC (Allocation Failure) [PSYoungGen: 69613K->1453K(70144K)] 379850K->311698K(761856K), 0.0017904 secs] [Times: user=0.00 sys=0.00, real=0.01 secs] 
1669.042: [GC (Allocation Failure) [PSYoungGen: 69549K->1472K(70144K)] 379794K->311717K(761856K), 0.0021281 secs] [Times: user=0.00 sys=0.00, real=0.00 secs] 
1669.344: [GC (Allocation Failure) [PSYoungGen: 69568K->1344K(70144K)] 379813K->311589K(761856K), 0.0019534 secs] [Times: user=0.01 sys=0.00, real=0.00 secs] 
1669.627: [GC (Allocation Failure) [PSYoungGen: 69440K->1376K(70144K)] 379685K->311621K(761856K), 0.0019952 secs] [Times: user=0.01 sys=0.00, real=0.01 secs] 
1669.910: [GC (Allocation Failure) [PSYoungGen: 69472K->1376K(70144K)] 379717K->311621K(761856K), 0.0018330 secs] [Times: user=0.01 sys=0.00, real=0.00 secs] 
1670.155: [GC (Allocation Failure) [PSYoungGen: 69472K->1504K(70144K)] 379717K->311749K(761856K), 0.0015877 secs] [Times: user=0.01 sys=0.00, real=0.00 secs] 
1670.276: [GC (Allocation Failure) [PSYoungGen: 69600K->1520K(70144K)] 379845K->311765K(761856K), 0.0016088 secs] [Times: user=0.01 sys=0.00, real=0.00 secs] 
1670.395: [GC (Allocation Failure) [PSYoungGen: 69616K->1456K(70144K)] 379861K->311701K(761856K), 0.0015185 secs] [Times: user=0.01 sys=0.00, real=0.00 secs] 
1670.515: [GC (Allocation Failure) [PSYoungGen: 69552K->1485K(70144K)] 379797K->311738K(761856K), 0.0015402 secs] [Times: user=0.00 sys=0.00, real=0.00 secs] 
1671.150: [GC (Allocation Failure) [PSYoungGen: 69581K->1440K(70144K)] 379834K->311693K(761856K), 0.0023714 secs] [Times: user=0.01 sys=0.00, real=0.00 secs] 
1672.144: [GC (Allocation Failure) [PSYoungGen: 69536K->1344K(70144K)] 379789K->311597K(761856K), 0.0035949 secs] [Times: user=0.01 sys=0.00, real=0.00 secs] 
1672.775: [GC (Allocation Failure) [PSYoungGen: 69440K->1360K(70144K)] 379693K->311629K(761856K), 0.0024239 secs] [Times: user=0.00 sys=0.00, real=0.00 secs] 
1673.195: [GC (Allocation Failure) [PSYoungGen: 69456K->1408K(70144K)] 379725K->311677K(761856K), 0.0022839 secs] [Times: user=0.01 sys=0.01, real=0.00 secs] 
1673.640: [GC (Allocation Failure) [PSYoungGen: 69504K->1453K(70144K)] 379773K->311722K(761856K), 0.0019799 secs] [Times: user=0.00 sys=0.00, real=0.00 secs] 
1673.822: [GC (Allocation Failure) [PSYoungGen: 69549K->1453K(70144K)] 379818K->311722K(761856K), 0.0021550 secs] [Times: user=0.01 sys=0.00, real=0.00 secs] 
1674.019: [GC (Allocation Failure) [PSYoungGen: 69549K->1485K(70144K)] 379818K->311754K(761856K), 0.0022624 secs] [Times: user=0.01 sys=0.00, real=0.00 secs] 
1674.160: [GC (Allocation Failure) [PSYoungGen: 69581K->1424K(70144K)] 379850K->311701K(761856K), 0.0015587 secs] [Times: user=0.01 sys=0.00, real=0.00 secs] 
1676.330: [GC (Allocation Failure) [PSYoungGen: 69520K->1408K(70144K)] 379797K->311685K(761856K), 0.0037727 secs] [Times: user=0.01 sys=0.00, real=0.00 secs] 
1677.336: [GC (Allocation Failure) [PSYoungGen: 69504K->1344K(70144K)] 379781K->311621K(761856K), 0.0029948 secs] [Times: user=0.01 sys=0.00, real=0.01 secs] 
1677.873: [GC (Allocation Failure) [PSYoungGen: 69440K->1328K(70144K)] 379717K->311605K(761856K), 0.0030717 secs] [Times: user=0.01 sys=0.00, real=0.00 secs] 
1678.664: [GC (Allocation Failure) [PSYoungGen: 69424K->1344K(70144K)] 379701K->311621K(761856K), 0.0026637 secs] [Times: user=0.01 sys=0.00, real=0.00 secs] 
1679.124: [GC (Allocation Failure) [PSYoungGen: 69440K->1485K(70144K)] 379717K->311762K(761856K), 0.0018538 secs] [Times: user=0.01 sys=0.00, real=0.00 secs] 
1679.262: [GC (Allocation Failure) [PSYoungGen: 69553K->1485K(70144K)] 379830K->311762K(761856K), 0.0015133 secs] [Times: user=0.01 sys=0.00, real=0.00 secs] 
1679.381: [GC (Allocation Failure) [PSYoungGen: 69581K->1453K(70144K)] 379858K->311730K(761856K), 0.0015368 secs] [Times: user=0.01 sys=0.00, real=0.00 secs] 
1679.501: [GC (Allocation Failure) [PSYoungGen: 69549K->1453K(70144K)] 379826K->311738K(761856K), 0.0015090 secs] [Times: user=0.01 sys=0.00, real=0.00 secs] 
1679.791: [GC (Allocation Failure) [PSYoungGen: 69549K->1408K(70144K)] 379834K->311693K(761856K), 0.0018126 secs] [Times: user=0.01 sys=0.00, real=0.00 secs] 
1680.075: [GC (Allocation Failure) [PSYoungGen: 69504K->1408K(70144K)] 379789K->311693K(761856K), 0.0017154 secs] [Times: user=0.00 sys=0.00, real=0.00 secs] 
1680.358: [GC (Allocation Failure) [PSYoungGen: 69504K->1360K(70144K)] 379789K->311645K(761856K), 0.0024261 secs] [Times: user=0.01 sys=0.00, real=0.00 secs] 
1680.644: [GC (Allocation Failure) [PSYoungGen: 69456K->1376K(70144K)] 379741K->311661K(761856K), 0.0024732 secs] [Times: user=0.01 sys=0.00, real=0.00 secs] 
1680.863: [GC (Allocation Failure) [PSYoungGen: 69472K->1472K(70144K)] 379757K->311757K(761856K), 0.0015855 secs] [Times: user=0.01 sys=0.00, real=0.00 secs] 
1680.982: [GC (Allocation Failure) [PSYoungGen: 69551K->1485K(70144K)] 379837K->311770K(761856K), 0.0015185 secs] [Times: user=0.00 sys=0.00, real=0.00 secs] 
1681.101: [GC (Allocation Failure) [PSYoungGen: 69581K->1485K(70144K)] 379866K->311770K(761856K), 0.0037880 secs] [Times: user=0.01 sys=0.00, real=0.00 secs] 
1681.225: [GC (Allocation Failure) [PSYoungGen: 69581K->1485K(77824K)] 379866K->311794K(769536K), 0.0014012 secs] [Times: user=0.01 sys=0.00, real=0.00 secs] 
1681.549: [GC (Allocation Failure) [PSYoungGen: 77773K->1440K(78336K)] 388082K->311749K(770048K), 0.0016794 secs] [Times: user=0.00 sys=0.00, real=0.00 secs] 
1681.958: [GC (Allocation Failure) [PSYoungGen: 77728K->1344K(77312K)] 388037K->311661K(769024K), 0.0017186 secs] [Times: user=0.01 sys=0.00, real=0.00 secs] 
1682.443: [GC (Allocation Failure) [PSYoungGen: 77120K->1376K(76800K)] 387437K->311693K(768512K), 0.0020067 secs] [Times: user=0.01 sys=0.01, real=0.00 secs] 
1683.022: [GC (Allocation Failure) [PSYoungGen: 76640K->1517K(76288K)] 386957K->311834K(768000K), 0.0021355 secs] [Times: user=0.01 sys=0.00, real=0.00 secs] 
1683.242: [GC (Allocation Failure) [PSYoungGen: 76269K->1437K(75776K)] 386586K->311754K(767488K), 0.0021422 secs] [Times: user=0.01 sys=0.00, real=0.00 secs] 
1683.425: [GC (Allocation Failure) [PSYoungGen: 75677K->1424K(75264K)] 385994K->311741K(766976K), 0.0019745 secs] [Times: user=0.01 sys=0.00, real=0.00 secs] 
1683.582: [GC (Allocation Failure) [PSYoungGen: 75152K->1440K(74752K)] 385469K->311757K(766464K), 0.0016401 secs] [Times: user=0.01 sys=0.00, real=0.00 secs] 
1684.825: [GC (Allocation Failure) [PSYoungGen: 74656K->1376K(74240K)] 384973K->311701K(765952K), 0.0035609 secs] [Times: user=0.01 sys=0.00, real=0.01 secs] 
1685.981: [GC (Allocation Failure) [PSYoungGen: 74080K->1408K(73728K)] 384405K->311733K(765440K), 0.0036834 secs] [Times: user=0.01 sys=0.00, real=0.00 secs] 
1686.652: [GC (Allocation Failure) [PSYoungGen: 73600K->1360K(73216K)] 383925K->311685K(764928K), 0.0024563 secs] [Times: user=0.01 sys=0.00, real=0.00 secs] 
1687.308: [GC (Allocation Failure) [PSYoungGen: 73040K->1424K(72704K)] 383365K->311749K(764416K), 0.0024085 secs] [Times: user=0.01 sys=0.00, real=0.00 secs] 
1687.604: [GC (Allocation Failure) [PSYoungGen: 72592K->1485K(72192K)] 382917K->311810K(763904K), 0.0018978 secs] [Times: user=0.01 sys=0.00, real=0.00 secs] 
1687.731: [GC (Allocation Failure) [PSYoungGen: 72141K->1469K(71680K)] 382466K->311794K(763392K), 0.0015980 secs] [Times: user=0.00 sys=0.00, real=0.00 secs] 
1687.853: [GC (Allocation Failure) [PSYoungGen: 71613K->1485K(71168K)] 381938K->311810K(762880K), 0.0015277 secs] [Times: user=0.00 sys=0.00, real=0.00 secs] 
1688.128: [GC (Allocation Failure) [PSYoungGen: 71117K->1984K(71168K)] 381442K->312309K(762880K), 0.0021493 secs] [Times: user=0.00 sys=0.01, real=0.00 secs] 
1688.720: [GC (Allocation Failure) [PSYoungGen: 71104K->368K(69120K)] 381429K->311717K(760832K), 0.0021366 secs] [Times: user=0.01 sys=0.00, real=0.00 secs] 
1689.035: [GC (Allocation Failure) [PSYoungGen: 68976K->352K(70144K)] 380325K->311701K(761856K), 0.0018840 secs] [Times: user=0.01 sys=0.00, real=0.00 secs] 
1689.371: [GC (Allocation Failure) [PSYoungGen: 68448K->352K(68608K)] 379797K->311701K(760320K), 0.0020176 secs] [Times: user=0.01 sys=0.00, real=0.00 secs] 
1689.921: [GC (Allocation Failure) [PSYoungGen: 68448K->1488K(70656K)] 379797K->312837K(762368K), 0.0018829 secs] [Times: user=0.01 sys=0.00, real=0.00 secs] 
1690.067: [GC (Allocation Failure) [PSYoungGen: 69584K->1504K(69632K)] 380933K->312853K(761344K), 0.0015851 secs] [Times: user=0.01 sys=0.00, real=0.01 secs] 
1690.186: [GC (Allocation Failure) [PSYoungGen: 69600K->1488K(69632K)] 380949K->312837K(761344K), 0.0015937 secs] [Times: user=0.00 sys=0.00, real=0.00 secs] 
1690.306: [GC (Allocation Failure) [PSYoungGen: 69584K->1520K(69632K)] 380933K->312869K(761344K), 0.0017556 secs] [Times: user=0.00 sys=0.00, real=0.00 secs] 
1690.859: [GC (Allocation Failure) [PSYoungGen: 69616K->1440K(69632K)] 380965K->312789K(761344K), 0.0030030 secs] [Times: user=0.01 sys=0.00, real=0.00 secs] 
1691.670: [GC (Allocation Failure) [PSYoungGen: 69536K->1344K(69632K)] 380885K->312693K(761344K), 0.0035314 secs] [Times: user=0.02 sys=0.00, real=0.00 secs] 
1692.447: [GC (Allocation Failure) [PSYoungGen: 69440K->1344K(69632K)] 380789K->312693K(761344K), 0.0042038 secs] [Times: user=0.02 sys=0.00, real=0.01 secs] 
1693.023: [GC (Allocation Failure) [PSYoungGen: 69440K->1408K(69632K)] 380789K->312765K(761344K), 0.0024724 secs] [Times: user=0.01 sys=0.00, real=0.00 secs] 
1693.720: [GC (Allocation Failure) [PSYoungGen: 69504K->1456K(69632K)] 380861K->312821K(761344K), 0.0038455 secs] [Times: user=0.02 sys=0.00, real=0.00 secs] 
1693.926: [GC (Allocation Failure) [PSYoungGen: 69552K->1517K(70144K)] 380917K->312882K(761856K), 0.0020290 secs] [Times: user=0.01 sys=0.00, real=0.00 secs] 
1694.086: [GC (Allocation Failure) [PSYoungGen: 69613K->1517K(70144K)] 380978K->312882K(761856K), 0.0019492 secs] [Times: user=0.00 sys=0.00, real=0.00 secs] 
1694.236: [GC (Allocation Failure) [PSYoungGen: 69613K->1453K(70144K)] 380978K->312826K(761856K), 0.0019408 secs] [Times: user=0.00 sys=0.00, real=0.01 secs] 
1694.603: [GC (Allocation Failure) [PSYoungGen: 69549K->1424K(70144K)] 380922K->312797K(761856K), 0.0022303 secs] [Times: user=0.01 sys=0.00, real=0.00 secs] 
1695.463: [GC (Allocation Failure) [PSYoungGen: 69520K->1376K(70144K)] 380893K->312749K(761856K), 0.0036077 secs] [Times: user=0.01 sys=0.00, real=0.00 secs] 
1696.332: [GC (Allocation Failure) [PSYoungGen: 69472K->1344K(70144K)] 380845K->312725K(761856K), 0.0029392 secs] [Times: user=0.01 sys=0.00, real=0.00 secs] 
1697.043: [GC (Allocation Failure) [PSYoungGen: 69440K->1376K(70144K)] 380821K->312757K(761856K), 0.0027976 secs] [Times: user=0.01 sys=0.00, real=0.00 secs] 
1698.020: [GC (Allocation Failure) [PSYoungGen: 69472K->1456K(70144K)] 380853K->312837K(761856K), 0.0029987 secs] [Times: user=0.02 sys=0.00, real=0.00 secs] 
1698.267: [GC (Allocation Failure) [PSYoungGen: 69552K->1485K(70144K)] 380933K->312866K(761856K), 0.0022391 secs] [Times: user=0.01 sys=0.00, real=0.01 secs] 
1698.405: [GC (Allocation Failure) [PSYoungGen: 69581K->1453K(70144K)] 380962K->312834K(761856K), 0.0015165 secs] [Times: user=0.00 sys=0.00, real=0.00 secs] 
1698.524: [GC (Allocation Failure) [PSYoungGen: 69549K->1488K(70144K)] 380930K->312877K(761856K), 0.0014801 secs] [Times: user=0.01 sys=0.00, real=0.00 secs] 
1699.389: [GC (Allocation Failure) [PSYoungGen: 69584K->1392K(70144K)] 380973K->312781K(761856K), 0.0034467 secs] [Times: user=0.01 sys=0.00, real=0.00 secs] 
1700.243: [GC (Allocation Failure) [PSYoungGen: 69488K->1344K(70144K)] 380877K->312733K(761856K), 0.0035879 secs] [Times: user=0.02 sys=0.00, real=0.00 secs] 
1701.060: [GC (Allocation Failure) [PSYoungGen: 69440K->1328K(70144K)] 380829K->312717K(761856K), 0.0034136 secs] [Times: user=0.01 sys=0.00, real=0.00 secs] 
1701.724: [GC (Allocation Failure) [PSYoungGen: 69424K->1344K(70144K)] 380813K->312733K(761856K), 0.0023620 secs] [Times: user=0.01 sys=0.00, real=0.00 secs] 
1702.216: [GC (Allocation Failure) [PSYoungGen: 69440K->1453K(70144K)] 380829K->312842K(761856K), 0.0022121 secs] [Times: user=0.01 sys=0.00, real=0.00 secs] 
1702.373: [GC (Allocation Failure) [PSYoungGen: 69549K->1501K(70144K)] 380938K->312890K(761856K), 0.0015781 secs] [Times: user=0.01 sys=0.00, real=0.00 secs] 
1702.494: [GC (Allocation Failure) [PSYoungGen: 69597K->1485K(70144K)] 380986K->312874K(761856K), 0.0014913 secs] [Times: user=0.01 sys=0.00, real=0.00 secs] 
1702.615: [GC (Allocation Failure) [PSYoungGen: 69581K->1456K(70144K)] 380970K->312861K(761856K), 0.0015069 secs] [Times: user=0.01 sys=0.00, real=0.00 secs] 
1703.271: [GC (Allocation Failure) [PSYoungGen: 69552K->1408K(70144K)] 380957K->312813K(761856K), 0.0021871 secs] [Times: user=0.01 sys=0.00, real=0.00 secs] 
1704.683: [GC (Allocation Failure) [PSYoungGen: 69504K->1344K(70144K)] 380909K->312749K(761856K), 0.0037133 secs] [Times: user=0.01 sys=0.00, real=0.00 secs] 
1705.557: [GC (Allocation Failure) [PSYoungGen: 69440K->1376K(70144K)] 380845K->312781K(761856K), 0.0029464 secs] [Times: user=0.02 sys=0.00, real=0.01 secs] 
1706.046: [GC (Allocation Failure) [PSYoungGen: 69472K->1344K(70144K)] 380877K->312773K(761856K), 0.0021502 secs] [Times: user=0.01 sys=0.00, real=0.01 secs] 
1706.298: [GC (Allocation Failure) [PSYoungGen: 69440K->1472K(70144K)] 380869K->312901K(761856K), 0.0018170 secs] [Times: user=0.00 sys=0.00, real=0.00 secs] 
1706.422: [GC (Allocation Failure) [PSYoungGen: 69568K->1485K(70144K)] 380997K->312914K(761856K), 0.0015155 secs] [Times: user=0.01 sys=0.00, real=0.00 secs] 
1706.541: [GC (Allocation Failure) [PSYoungGen: 69581K->1456K(70144K)] 381010K->312885K(761856K), 0.0015222 secs] [Times: user=0.01 sys=0.00, real=0.00 secs] 
1706.661: [GC (Allocation Failure) [PSYoungGen: 69552K->1485K(70144K)] 380981K->312922K(761856K), 0.0015204 secs] [Times: user=0.01 sys=0.00, real=0.00 secs] 
1707.961: [GC (Allocation Failure) [PSYoungGen: 69581K->1456K(70144K)] 381018K->312893K(761856K), 0.0040106 secs] [Times: user=0.01 sys=0.00, real=0.00 secs] 
1709.245: [GC (Allocation Failure) [PSYoungGen: 69552K->1344K(70144K)] 380989K->312781K(761856K), 0.0027865 secs] [Times: user=0.01 sys=0.00, real=0.00 secs] 
1710.047: [GC (Allocation Failure) [PSYoungGen: 69440K->1376K(70144K)] 380877K->312813K(761856K), 0.0022408 secs] [Times: user=0.00 sys=0.00, real=0.01 secs] 
1710.977: [GC (Allocation Failure) [PSYoungGen: 69472K->1376K(70144K)] 380909K->312813K(761856K), 0.0039847 secs] [Times: user=0.01 sys=0.00, real=0.01 secs] 
1711.698: [GC (Allocation Failure) [PSYoungGen: 69472K->1440K(70144K)] 380909K->312877K(761856K), 0.0026663 secs] [Times: user=0.01 sys=0.00, real=0.00 secs] 
1711.873: [GC (Allocation Failure) [PSYoungGen: 69536K->1456K(70144K)] 380973K->312893K(761856K), 0.0015064 secs] [Times: user=0.00 sys=0.00, real=0.00 secs] 
1711.992: [GC (Allocation Failure) [PSYoungGen: 69552K->1520K(70144K)] 380989K->312957K(761856K), 0.0016521 secs] [Times: user=0.01 sys=0.00, real=0.00 secs] 
1712.131: [GC (Allocation Failure) [PSYoungGen: 69616K->1485K(70144K)] 381053K->312930K(761856K), 0.0018765 secs] [Times: user=0.00 sys=0.00, real=0.00 secs] 
1712.380: [GC (Allocation Failure) [PSYoungGen: 69581K->1392K(70144K)] 381026K->312837K(761856K), 0.0017349 secs] [Times: user=0.00 sys=0.00, real=0.00 secs] 
1712.663: [GC (Allocation Failure) [PSYoungGen: 69488K->1408K(70144K)] 380933K->312853K(761856K), 0.0016383 secs] [Times: user=0.01 sys=0.00, real=0.00 secs] 
1712.945: [GC (Allocation Failure) [PSYoungGen: 69504K->1376K(70144K)] 380949K->312821K(761856K), 0.0015486 secs] [Times: user=0.01 sys=0.00, real=0.00 secs] 
1713.227: [GC (Allocation Failure) [PSYoungGen: 69472K->1344K(70144K)] 380917K->312789K(761856K), 0.0016578 secs] [Times: user=0.01 sys=0.00, real=0.01 secs] 
1713.460: [GC (Allocation Failure) [PSYoungGen: 69418K->1504K(70144K)] 380864K->312949K(761856K), 0.0016109 secs] [Times: user=0.01 sys=0.00, real=0.00 secs] 
1713.581: [GC (Allocation Failure) [PSYoungGen: 69600K->1456K(70144K)] 381045K->312901K(761856K), 0.0015071 secs] [Times: user=0.01 sys=0.00, real=0.00 secs] 
1713.701: [GC (Allocation Failure) [PSYoungGen: 69552K->1453K(70144K)] 380997K->312898K(761856K), 0.0015004 secs] [Times: user=0.01 sys=0.00, real=0.00 secs] 
1713.820: [GC (Allocation Failure) [PSYoungGen: 69549K->1485K(70144K)] 380994K->312946K(761856K), 0.0015561 secs] [Times: user=0.01 sys=0.00, real=0.00 secs] 
1714.275: [GC (Allocation Failure) [PSYoungGen: 69581K->1440K(70144K)] 381042K->312901K(761856K), 0.0018099 secs] [Times: user=0.01 sys=0.00, real=0.00 secs] 
1714.993: [GC (Allocation Failure) [PSYoungGen: 69536K->1328K(70144K)] 380997K->312789K(761856K), 0.0023037 secs] [Times: user=0.00 sys=0.00, real=0.00 secs] 
1715.657: [GC (Allocation Failure) [PSYoungGen: 69424K->1392K(70144K)] 380885K->312853K(761856K), 0.0022665 secs] [Times: user=0.00 sys=0.00, real=0.01 secs] 
1716.328: [GC (Allocation Failure) [PSYoungGen: 69488K->1376K(70144K)] 380949K->312837K(761856K), 0.0024712 secs] [Times: user=0.01 sys=0.00, real=0.00 secs] 
1716.589: [GC (Allocation Failure) [PSYoungGen: 69472K->1453K(70144K)] 380933K->312914K(761856K), 0.0016650 secs] [Times: user=0.01 sys=0.00, real=0.00 secs] 
1716.727: [GC (Allocation Failure) [PSYoungGen: 69549K->1453K(70144K)] 381010K->312914K(761856K), 0.0018863 secs] [Times: user=0.01 sys=0.00, real=0.01 secs] 
1716.891: [GC (Allocation Failure) [PSYoungGen: 69549K->1488K(70144K)] 381010K->312949K(761856K), 0.0016961 secs] [Times: user=0.01 sys=0.00, real=0.00 secs] 
1717.029: [GC (Allocation Failure) [PSYoungGen: 69584K->1485K(70144K)] 381045K->312954K(761856K), 0.0018337 secs] [Times: user=0.01 sys=0.00, real=0.00 secs] 
1717.771: [GC (Allocation Failure) [PSYoungGen: 69581K->1392K(70144K)] 381050K->312861K(761856K), 0.0033638 secs] [Times: user=0.02 sys=0.00, real=0.00 secs] 
1718.769: [GC (Allocation Failure) [PSYoungGen: 69488K->1376K(70144K)] 380957K->312845K(761856K), 0.0029985 secs] [Times: user=0.01 sys=0.00, real=0.00 secs] 
1719.723: [GC (Allocation Failure) [PSYoungGen: 69472K->1376K(70144K)] 380941K->312845K(761856K), 0.0031979 secs] [Times: user=0.01 sys=0.00, real=0.00 secs] 
1720.157: [GC (Allocation Failure) [PSYoungGen: 69472K->1376K(70144K)] 380941K->312845K(761856K), 0.0019881 secs] [Times: user=0.01 sys=0.00, real=0.01 secs] 
1720.375: [GC (Allocation Failure) [PSYoungGen: 69472K->1485K(70144K)] 380941K->312954K(761856K), 0.0014686 secs] [Times: user=0.00 sys=0.00, real=0.00 secs] 
1720.494: [GC (Allocation Failure) [PSYoungGen: 69581K->1517K(70144K)] 381050K->312986K(761856K), 0.0016769 secs] [Times: user=0.01 sys=0.00, real=0.00 secs] 
1720.614: [GC (Allocation Failure) [PSYoungGen: 69613K->1552K(70144K)] 381082K->313021K(761856K), 0.0014982 secs] [Times: user=0.00 sys=0.00, real=0.00 secs] 
1720.734: [GC (Allocation Failure) [PSYoungGen: 69648K->1488K(70144K)] 381117K->312981K(761856K), 0.0014767 secs] [Times: user=0.00 sys=0.00, real=0.00 secs] 
1721.486: [GC (Allocation Failure) [PSYoungGen: 69584K->1424K(70144K)] 381077K->312917K(761856K), 0.0019274 secs] [Times: user=0.01 sys=0.00, real=0.01 secs] 
1722.359: [GC (Allocation Failure) [PSYoungGen: 69520K->1376K(70144K)] 381013K->312869K(761856K), 0.0038823 secs] [Times: user=0.02 sys=0.00, real=0.00 secs] 
1723.056: [GC (Allocation Failure) [PSYoungGen: 69472K->1360K(70144K)] 380965K->312853K(761856K), 0.0030358 secs] [Times: user=0.01 sys=0.00, real=0.01 secs] 
1723.628: [GC (Allocation Failure) [PSYoungGen: 69456K->1360K(70144K)] 380949K->312853K(761856K), 0.0030168 secs] [Times: user=0.01 sys=0.00, real=0.00 secs] 
1723.964: [GC (Allocation Failure) [PSYoungGen: 69456K->1421K(70144K)] 380949K->312914K(761856K), 0.0019627 secs] [Times: user=0.00 sys=0.00, real=0.00 secs] 
1724.096: [GC (Allocation Failure) [PSYoungGen: 69515K->1485K(70144K)] 381008K->312978K(761856K), 0.0016291 secs] [Times: user=0.01 sys=0.00, real=0.00 secs] 
1724.216: [GC (Allocation Failure) [PSYoungGen: 69581K->1453K(70144K)] 381074K->312946K(761856K), 0.0015074 secs] [Times: user=0.01 sys=0.00, real=0.00 secs] 
1724.336: [GC (Allocation Failure) [PSYoungGen: 69549K->1485K(70144K)] 381042K->313010K(761856K), 0.0015270 secs] [Times: user=0.01 sys=0.00, real=0.00 secs] 
1725.052: [GC (Allocation Failure) [PSYoungGen: 69581K->1376K(70144K)] 381106K->312901K(761856K), 0.0023605 secs] [Times: user=0.00 sys=0.00, real=0.00 secs] 
1725.820: [GC (Allocation Failure) [PSYoungGen: 69472K->1344K(70144K)] 380997K->312869K(761856K), 0.0025363 secs] [Times: user=0.01 sys=0.00, real=0.00 secs] 
1726.521: [GC (Allocation Failure) [PSYoungGen: 69440K->1408K(70144K)] 380965K->312933K(761856K), 0.0025312 secs] [Times: user=0.01 sys=0.00, real=0.00 secs] 
1727.259: [GC (Allocation Failure) [PSYoungGen: 69504K->1408K(70144K)] 381029K->312933K(761856K), 0.0026748 secs] [Times: user=0.01 sys=0.00, real=0.00 secs] 
1727.733: [GC (Allocation Failure) [PSYoungGen: 69504K->1469K(70144K)] 381029K->312994K(761856K), 0.0020519 secs] [Times: user=0.01 sys=0.00, real=0.00 secs] 
1727.868: [GC (Allocation Failure) [PSYoungGen: 69565K->1485K(70144K)] 381090K->313010K(761856K), 0.0015306 secs] [Times: user=0.00 sys=0.00, real=0.01 secs] 
1728.005: [GC (Allocation Failure) [PSYoungGen: 69581K->1517K(70144K)] 381106K->313042K(761856K), 0.0019605 secs] [Times: user=0.01 sys=0.00, real=0.00 secs] 
1728.169: [GC (Allocation Failure) [PSYoungGen: 69613K->1485K(70144K)] 381138K->313018K(761856K), 0.0020887 secs] [Times: user=0.01 sys=0.00, real=0.00 secs] 
1728.820: [GC (Allocation Failure) [PSYoungGen: 69581K->1408K(70144K)] 381114K->312941K(761856K), 0.0023351 secs] [Times: user=0.01 sys=0.00, real=0.00 secs] 
1729.369: [GC (Allocation Failure) [PSYoungGen: 69504K->1376K(70144K)] 381037K->312909K(761856K), 0.0020253 secs] [Times: user=0.01 sys=0.00, real=0.00 secs] 
1729.908: [GC (Allocation Failure) [PSYoungGen: 69472K->1376K(70144K)] 381005K->312909K(761856K), 0.0021643 secs] [Times: user=0.00 sys=0.00, real=0.00 secs] 
1730.434: [GC (Allocation Failure) [PSYoungGen: 69472K->1376K(70144K)] 381005K->312909K(761856K), 0.0031842 secs] [Times: user=0.02 sys=0.00, real=0.00 secs] 
1730.776: [GC (Allocation Failure) [PSYoungGen: 69472K->1469K(70144K)] 381005K->313002K(761856K), 0.0015641 secs] [Times: user=0.00 sys=0.00, real=0.00 secs] 
1730.894: [GC (Allocation Failure) [PSYoungGen: 69565K->1517K(70144K)] 381098K->313050K(761856K), 0.0015877 secs] [Times: user=0.01 sys=0.00, real=0.00 secs] 
1731.014: [GC (Allocation Failure) [PSYoungGen: 69613K->1456K(70144K)] 381146K->312989K(761856K), 0.0015129 secs] [Times: user=0.01 sys=0.00, real=0.00 secs] 
1731.133: [GC (Allocation Failure) [PSYoungGen: 69552K->1485K(70144K)] 381085K->313034K(761856K), 0.0015800 secs] [Times: user=0.01 sys=0.00, real=0.00 secs] 
1731.626: [GC (Allocation Failure) [PSYoungGen: 69581K->1440K(70144K)] 381130K->312989K(761856K), 0.0017588 secs] [Times: user=0.00 sys=0.00, real=0.00 secs] 
1731.974: [GC (Allocation Failure) [PSYoungGen: 69536K->1344K(70144K)] 381085K->312893K(761856K), 0.0017274 secs] [Times: user=0.01 sys=0.01, real=0.00 secs] 
1732.740: [GC (Allocation Failure) [PSYoungGen: 69440K->1376K(70144K)] 380989K->312933K(761856K), 0.0019232 secs] [Times: user=0.01 sys=0.00, real=0.00 secs] 
1733.686: [GC (Allocation Failure) [PSYoungGen: 69472K->1328K(70144K)] 381029K->312885K(761856K), 0.0022557 secs] [Times: user=0.00 sys=0.00, real=0.01 secs] 
1734.062: [GC (Allocation Failure) [PSYoungGen: 69424K->1520K(70144K)] 380981K->313077K(761856K), 0.0018005 secs] [Times: user=0.01 sys=0.00, real=0.00 secs] 
1734.189: [GC (Allocation Failure) [PSYoungGen: 69616K->1421K(70144K)] 381173K->312978K(761856K), 0.0015307 secs] [Times: user=0.01 sys=0.00, real=0.00 secs] 
1734.327: [GC (Allocation Failure) [PSYoungGen: 69517K->1485K(70144K)] 381074K->313042K(761856K), 0.0018398 secs] [Times: user=0.01 sys=0.00, real=0.01 secs] 
1734.479: [GC (Allocation Failure) [PSYoungGen: 69581K->1485K(70144K)] 381138K->313050K(761856K), 0.0019608 secs] [Times: user=0.01 sys=0.00, real=0.00 secs] 
1734.863: [GC (Allocation Failure) [PSYoungGen: 69581K->1440K(70144K)] 381146K->313005K(761856K), 0.0018967 secs] [Times: user=0.01 sys=0.00, real=0.00 secs] 
1735.202: [GC (Allocation Failure) [PSYoungGen: 69536K->1344K(70144K)] 381101K->312909K(761856K), 0.0018257 secs] [Times: user=0.00 sys=0.00, real=0.00 secs] 
1735.542: [GC (Allocation Failure) [PSYoungGen: 69440K->1376K(70144K)] 381005K->312941K(761856K), 0.0019151 secs] [Times: user=0.01 sys=0.00, real=0.00 secs] 
1735.832: [GC (Allocation Failure) [PSYoungGen: 69472K->1408K(70144K)] 381037K->312973K(761856K), 0.0018053 secs] [Times: user=0.01 sys=0.00, real=0.00 secs] 
1736.024: [GC (Allocation Failure) [PSYoungGen: 69504K->1421K(70144K)] 381069K->312986K(761856K), 0.0014962 secs] [Times: user=0.01 sys=0.00, real=0.00 secs] 
1736.143: [GC (Allocation Failure) [PSYoungGen: 69517K->1485K(70144K)] 381082K->313050K(761856K), 0.0014735 secs] [Times: user=0.00 sys=0.00, real=0.00 secs] 
1736.262: [GC (Allocation Failure) [PSYoungGen: 69581K->1453K(70144K)] 381146K->313018K(761856K), 0.0025335 secs] [Times: user=0.01 sys=0.00, real=0.00 secs] 
1736.423: [GC (Allocation Failure) [PSYoungGen: 69549K->1696K(77824K)] 381114K->313261K(769536K), 0.0017718 secs] [Times: user=0.01 sys=0.00, real=0.00 secs] 
1737.109: [GC (Allocation Failure) [PSYoungGen: 77472K->1408K(76800K)] 389037K->312973K(768512K), 0.0019424 secs] [Times: user=0.01 sys=0.01, real=0.00 secs] 
1737.776: [GC (Allocation Failure) [PSYoungGen: 76672K->1408K(76288K)] 388237K->312973K(768000K), 0.0029250 secs] [Times: user=0.01 sys=0.00, real=0.01 secs] 
1738.414: [GC (Allocation Failure) [PSYoungGen: 76160K->1376K(75776K)] 387725K->312941K(767488K), 0.0029270 secs] [Times: user=0.01 sys=0.00, real=0.00 secs] 
1738.907: [GC (Allocation Failure) [PSYoungGen: 75616K->1440K(75264K)] 387181K->313005K(766976K), 0.0021288 secs] [Times: user=0.01 sys=0.00, real=0.01 secs] 
1739.100: [GC (Allocation Failure) [PSYoungGen: 75168K->1453K(74752K)] 386733K->313018K(766464K), 0.0022361 secs] [Times: user=0.01 sys=0.00, real=0.00 secs] 
1739.263: [GC (Allocation Failure) [PSYoungGen: 74669K->1485K(74240K)] 386234K->313050K(765952K), 0.0016240 secs] [Times: user=0.00 sys=0.00, real=0.00 secs] 
1739.391: [GC (Allocation Failure) [PSYoungGen: 74189K->1485K(73728K)] 385754K->313050K(765440K), 0.0016683 secs] [Times: user=0.01 sys=0.00, real=0.00 secs] 
1740.256: [GC (Allocation Failure) [PSYoungGen: 73677K->1424K(73216K)] 385242K->312989K(764928K), 0.0079198 secs] [Times: user=0.03 sys=0.00, real=0.01 secs] 
1741.109: [GC (Allocation Failure) [PSYoungGen: 73104K->1440K(72704K)] 384669K->313005K(764416K), 0.0027524 secs] [Times: user=0.01 sys=0.00, real=0.00 secs] 
1741.951: [GC (Allocation Failure) [PSYoungGen: 72608K->1408K(72192K)] 384173K->312973K(763904K), 0.0030294 secs] [Times: user=0.01 sys=0.01, real=0.00 secs] 
1742.756: [GC (Allocation Failure) [PSYoungGen: 72064K->1376K(71680K)] 383629K->312941K(763392K), 0.0034392 secs] [Times: user=0.01 sys=0.00, real=0.01 secs] 
1743.029: [GC (Allocation Failure) [PSYoungGen: 71515K->1517K(71168K)] 383080K->313082K(762880K), 0.0019570 secs] [Times: user=0.01 sys=0.00, real=0.00 secs] 
1743.158: [GC (Allocation Failure) [PSYoungGen: 71149K->1520K(70656K)] 382714K->313085K(762368K), 0.0015591 secs] [Times: user=0.00 sys=0.00, real=0.01 secs] 
1743.280: [GC (Allocation Failure) [PSYoungGen: 70640K->1485K(70144K)] 382205K->313050K(761856K), 0.0015592 secs] [Times: user=0.01 sys=0.00, real=0.00 secs] 
1743.504: [GC (Allocation Failure) [PSYoungGen: 70093K->1984K(70144K)] 381658K->314061K(761856K), 0.0019870 secs] [Times: user=0.01 sys=0.00, real=0.00 secs] 
1744.060: [GC (Allocation Failure) [PSYoungGen: 70080K->1376K(69632K)] 382157K->313453K(761344K), 0.0018625 secs] [Times: user=0.01 sys=0.00, real=0.00 secs] 
1744.614: [GC (Allocation Failure) [PSYoungGen: 69472K->1312K(70144K)] 381549K->313413K(761856K), 0.0019626 secs] [Times: user=0.01 sys=0.00, real=0.00 secs] 
1745.180: [GC (Allocation Failure) [PSYoungGen: 69408K->1408K(70144K)] 381509K->313509K(761856K), 0.0019255 secs] [Times: user=0.01 sys=0.00, real=0.00 secs] 
1745.755: [GC (Allocation Failure) [PSYoungGen: 69372K->288K(70144K)] 381474K->312389K(761856K), 0.0020761 secs] [Times: user=0.01 sys=0.00, real=0.00 secs] 
1745.955: [GC (Allocation Failure) [PSYoungGen: 68384K->1517K(70144K)] 380485K->313618K(761856K), 0.0021596 secs] [Times: user=0.01 sys=0.00, real=0.00 secs] 
1746.097: [GC (Allocation Failure) [PSYoungGen: 69613K->1456K(70144K)] 381714K->313557K(761856K), 0.0016135 secs] [Times: user=0.01 sys=0.00, real=0.01 secs] 
1746.217: [GC (Allocation Failure) [PSYoungGen: 69552K->1421K(70144K)] 381653K->313522K(761856K), 0.0015411 secs] [Times: user=0.01 sys=0.00, real=0.01 secs] 
1746.631: [GC (Allocation Failure) [PSYoungGen: 69517K->1472K(70144K)] 381618K->313573K(761856K), 0.0025054 secs] [Times: user=0.01 sys=0.00, real=0.00 secs] 
1747.639: [GC (Allocation Failure) [PSYoungGen: 69568K->1408K(70144K)] 381669K->313509K(761856K), 0.0026153 secs] [Times: user=0.02 sys=0.00, real=0.00 secs] 
1748.313: [GC (Allocation Failure) [PSYoungGen: 69504K->1312K(70144K)] 381605K->313413K(761856K), 0.0026103 secs] [Times: user=0.01 sys=0.00, real=0.00 secs] 
1748.898: [GC (Allocation Failure) [PSYoungGen: 69408K->1392K(70144K)] 381509K->313493K(761856K), 0.0022680 secs] [Times: user=0.01 sys=0.00, real=0.00 secs] 
1749.421: [GC (Allocation Failure) [PSYoungGen: 69488K->1456K(70144K)] 381589K->313557K(761856K), 0.0026556 secs] [Times: user=0.01 sys=0.00, real=0.00 secs] 
1749.594: [GC (Allocation Failure) [PSYoungGen: 69552K->1485K(70144K)] 381653K->313586K(761856K), 0.0015079 secs] [Times: user=0.01 sys=0.00, real=0.00 secs] 
1749.714: [GC (Allocation Failure) [PSYoungGen: 69581K->1485K(70144K)] 381682K->313586K(761856K), 0.0016838 secs] [Times: user=0.01 sys=0.00, real=0.00 secs] 
1749.834: [GC (Allocation Failure) [PSYoungGen: 69581K->1485K(70144K)] 381682K->313610K(761856K), 0.0017251 secs] [Times: user=0.01 sys=0.00, real=0.00 secs] 
1750.084: [GC (Allocation Failure) [PSYoungGen: 69581K->1392K(70144K)] 381706K->313517K(761856K), 0.0019697 secs] [Times: user=0.01 sys=0.00, real=0.00 secs] 
1750.633: [GC (Allocation Failure) [PSYoungGen: 69488K->1392K(70144K)] 381613K->313517K(761856K), 0.0021771 secs] [Times: user=0.01 sys=0.00, real=0.00 secs] 
1751.179: [GC (Allocation Failure) [PSYoungGen: 69488K->1376K(70144K)] 381613K->313501K(761856K), 0.0029709 secs] [Times: user=0.02 sys=0.00, real=0.00 secs] 
1751.857: [GC (Allocation Failure) [PSYoungGen: 69472K->1376K(70144K)] 381597K->313501K(761856K), 0.0025780 secs] [Times: user=0.01 sys=0.00, real=0.01 secs] 
1752.568: [GC (Allocation Failure) [PSYoungGen: 69472K->1488K(70144K)] 381597K->313613K(761856K), 0.0022429 secs] [Times: user=0.01 sys=0.00, real=0.00 secs] 
1752.767: [GC (Allocation Failure) [PSYoungGen: 69584K->1517K(70144K)] 381709K->313642K(761856K), 0.0021038 secs] [Times: user=0.01 sys=0.00, real=0.01 secs] 
1752.912: [GC (Allocation Failure) [PSYoungGen: 69613K->1456K(70144K)] 381738K->313581K(761856K), 0.0017283 secs] [Times: user=0.01 sys=0.00, real=0.00 secs] 
1753.031: [GC (Allocation Failure) [PSYoungGen: 69552K->1485K(70144K)] 381677K->313626K(761856K), 0.0016239 secs] [Times: user=0.01 sys=0.00, real=0.00 secs] 
1753.333: [GC (Allocation Failure) [PSYoungGen: 69581K->1488K(70144K)] 381722K->313637K(761856K), 0.0025456 secs] [Times: user=0.01 sys=0.00, real=0.00 secs] 
1753.785: [GC (Allocation Failure) [PSYoungGen: 69584K->1376K(70144K)] 381733K->313525K(761856K), 0.0019875 secs] [Times: user=0.01 sys=0.00, real=0.00 secs] 
1754.068: [GC (Allocation Failure) [PSYoungGen: 69472K->1408K(70144K)] 381621K->313557K(761856K), 0.0019176 secs] [Times: user=0.01 sys=0.00, real=0.00 secs] 
1754.350: [GC (Allocation Failure) [PSYoungGen: 69504K->1376K(70144K)] 381653K->313525K(761856K), 0.0018986 secs] [Times: user=0.01 sys=0.00, real=0.00 secs] 
1754.652: [GC (Allocation Failure) [PSYoungGen: 69472K->1501K(70144K)] 381621K->313650K(761856K), 0.0017315 secs] [Times: user=0.00 sys=0.00, real=0.00 secs] 
1754.777: [GC (Allocation Failure) [PSYoungGen: 69597K->1520K(70144K)] 381746K->313669K(761856K), 0.0015822 secs] [Times: user=0.01 sys=0.00, real=0.01 secs] 
1754.899: [GC (Allocation Failure) [PSYoungGen: 69616K->1488K(70144K)] 381765K->313637K(761856K), 0.0015914 secs] [Times: user=0.01 sys=0.00, real=0.00 secs] 
1755.020: [GC (Allocation Failure) [PSYoungGen: 69584K->1488K(70144K)] 381733K->313653K(761856K), 0.0016383 secs] [Times: user=0.01 sys=0.00, real=0.00 secs] 
1755.464: [GC (Allocation Failure) [PSYoungGen: 69584K->1456K(70144K)] 381749K->313621K(761856K), 0.0019816 secs] [Times: user=0.00 sys=0.00, real=0.00 secs] 
1756.591: [GC (Allocation Failure) [PSYoungGen: 69552K->1344K(70144K)] 381717K->313509K(761856K), 0.0035974 secs] [Times: user=0.01 sys=0.00, real=0.00 secs] 
1757.542: [GC (Allocation Failure) [PSYoungGen: 69440K->1376K(70144K)] 381605K->313541K(761856K), 0.0028455 secs] [Times: user=0.01 sys=0.00, real=0.00 secs] 
1758.579: [GC (Allocation Failure) [PSYoungGen: 69472K->1376K(70144K)] 381637K->313557K(761856K), 0.0033421 secs] [Times: user=0.01 sys=0.00, real=0.00 secs] 
1759.144: [GC (Allocation Failure) [PSYoungGen: 69447K->1440K(70144K)] 381629K->313621K(761856K), 0.0023826 secs] [Times: user=0.01 sys=0.00, real=0.00 secs] 
1759.306: [GC (Allocation Failure) [PSYoungGen: 69536K->1501K(70144K)] 381717K->313682K(761856K), 0.0015017 secs] [Times: user=0.01 sys=0.00, real=0.00 secs] 
1759.426: [GC (Allocation Failure) [PSYoungGen: 69597K->1488K(70144K)] 381778K->313669K(761856K), 0.0014557 secs] [Times: user=0.01 sys=0.00, real=0.00 secs] 
1759.546: [GC (Allocation Failure) [PSYoungGen: 69584K->1453K(70144K)] 381765K->313650K(761856K), 0.0015045 secs] [Times: user=0.01 sys=0.00, real=0.00 secs] 
1760.754: [GC (Allocation Failure) [PSYoungGen: 69549K->1408K(70144K)] 381746K->313605K(761856K), 0.0040410 secs] [Times: user=0.02 sys=0.00, real=0.00 secs] 
1761.334: [GC (Allocation Failure) [PSYoungGen: 69504K->1360K(70144K)] 381701K->313557K(761856K), 0.0023751 secs] [Times: user=0.01 sys=0.00, real=0.00 secs] 
1761.930: [GC (Allocation Failure) [PSYoungGen: 69456K->1376K(70144K)] 381653K->313573K(761856K), 0.0023722 secs] [Times: user=0.01 sys=0.00, real=0.00 secs] 
1762.515: [GC (Allocation Failure) [PSYoungGen: 69472K->1376K(70144K)] 381669K->313573K(761856K), 0.0024565 secs] [Times: user=0.01 sys=0.00, real=0.00 secs] 
1762.985: [GC (Allocation Failure) [PSYoungGen: 69472K->1504K(70144K)] 381669K->313701K(761856K), 0.0019939 secs] [Times: user=0.01 sys=0.00, real=0.00 secs] 
1763.123: [GC (Allocation Failure) [PSYoungGen: 69598K->1485K(70144K)] 381796K->313682K(761856K), 0.0015126 secs] [Times: user=0.00 sys=0.00, real=0.00 secs] 
1763.244: [GC (Allocation Failure) [PSYoungGen: 69581K->1456K(70144K)] 381778K->313653K(761856K), 0.0015088 secs] [Times: user=0.01 sys=0.00, real=0.00 secs] 
1763.364: [GC (Allocation Failure) [PSYoungGen: 69552K->1488K(70144K)] 381749K->313701K(761856K), 0.0015515 secs] [Times: user=0.00 sys=0.00, real=0.00 secs] 
1763.770: [GC (Allocation Failure) [PSYoungGen: 69584K->1440K(70144K)] 381797K->313653K(761856K), 0.0017336 secs] [Times: user=0.00 sys=0.00, real=0.00 secs] 
1764.151: [GC (Allocation Failure) [PSYoungGen: 69536K->1344K(70144K)] 381749K->313581K(761856K), 0.0016815 secs] [Times: user=0.01 sys=0.00, real=0.00 secs] 
1764.434: [GC (Allocation Failure) [PSYoungGen: 69440K->1376K(70144K)] 381677K->313613K(761856K), 0.0016496 secs] [Times: user=0.01 sys=0.00, real=0.00 secs] 
1764.853: [GC (Allocation Failure) [PSYoungGen: 69472K->1376K(70144K)] 381709K->313613K(761856K), 0.0016697 secs] [Times: user=0.01 sys=0.00, real=0.00 secs] 
1765.343: [GC (Allocation Failure) [PSYoungGen: 69447K->1472K(70144K)] 381684K->313709K(761856K), 0.0024238 secs] [Times: user=0.01 sys=0.00, real=0.00 secs] 
1765.506: [GC (Allocation Failure) [PSYoungGen: 69568K->1453K(70144K)] 381805K->313690K(761856K), 0.0015230 secs] [Times: user=0.00 sys=0.00, real=0.00 secs] 
1765.625: [GC (Allocation Failure) [PSYoungGen: 69549K->1456K(70144K)] 381786K->313693K(761856K), 0.0014981 secs] [Times: user=0.00 sys=0.00, real=0.00 secs] 
1765.745: [GC (Allocation Failure) [PSYoungGen: 69552K->1453K(70144K)] 381789K->313698K(761856K), 0.0015590 secs] [Times: user=0.00 sys=0.00, real=0.00 secs] 
1766.415: [GC (Allocation Failure) [PSYoungGen: 69549K->1360K(70144K)] 381794K->313605K(761856K), 0.0039571 secs] [Times: user=0.01 sys=0.00, real=0.01 secs] 
1767.340: [GC (Allocation Failure) [PSYoungGen: 69456K->1312K(70144K)] 381701K->313557K(761856K), 0.0037926 secs] [Times: user=0.02 sys=0.00, real=0.00 secs] 
1768.084: [GC (Allocation Failure) [PSYoungGen: 69408K->1376K(70144K)] 381653K->313621K(761856K), 0.0026608 secs] [Times: user=0.01 sys=0.00, real=0.00 secs] 
1768.604: [GC (Allocation Failure) [PSYoungGen: 69472K->1408K(70144K)] 381717K->313653K(761856K), 0.0027003 secs] [Times: user=0.01 sys=0.00, real=0.00 secs] 
1769.010: [GC (Allocation Failure) [PSYoungGen: 69504K->1456K(70144K)] 381749K->313701K(761856K), 0.0020594 secs] [Times: user=0.00 sys=0.00, real=0.00 secs] 
1769.154: [GC (Allocation Failure) [PSYoungGen: 69552K->1488K(70144K)] 381797K->313733K(761856K), 0.0016472 secs] [Times: user=0.00 sys=0.00, real=0.00 secs] 
1769.293: [GC (Allocation Failure) [PSYoungGen: 69584K->1517K(70144K)] 381829K->313762K(761856K), 0.0018209 secs] [Times: user=0.01 sys=0.00, real=0.00 secs] 
1769.444: [GC (Allocation Failure) [PSYoungGen: 69613K->1485K(70144K)] 381858K->313738K(761856K), 0.0018698 secs] [Times: user=0.01 sys=0.00, real=0.00 secs] 
1769.761: [GC (Allocation Failure) [PSYoungGen: 69581K->1456K(70144K)] 381834K->313709K(761856K), 0.0020380 secs] [Times: user=0.01 sys=0.00, real=0.00 secs] 
1770.052: [GC (Allocation Failure) [PSYoungGen: 69552K->1376K(70144K)] 381805K->313629K(761856K), 0.0019287 secs] [Times: user=0.01 sys=0.00, real=0.00 secs] 
1770.349: [GC (Allocation Failure) [PSYoungGen: 69472K->1376K(70144K)] 381725K->313629K(761856K), 0.0018897 secs] [Times: user=0.01 sys=0.00, real=0.00 secs] 
1770.632: [GC (Allocation Failure) [PSYoungGen: 69472K->1376K(70144K)] 381725K->313629K(761856K), 0.0018276 secs] [Times: user=0.01 sys=0.00, real=0.00 secs] 
1770.880: [GC (Allocation Failure) [PSYoungGen: 69472K->1453K(70144K)] 381725K->313706K(761856K), 0.0015481 secs] [Times: user=0.01 sys=0.00, real=0.00 secs] 
1771.001: [GC (Allocation Failure) [PSYoungGen: 69549K->1501K(70144K)] 381802K->313754K(761856K), 0.0014879 secs] [Times: user=0.01 sys=0.00, real=0.00 secs] 
1771.121: [GC (Allocation Failure) [PSYoungGen: 69597K->1485K(70144K)] 381850K->313738K(761856K), 0.0014973 secs] [Times: user=0.01 sys=0.00, real=0.00 secs] 
1771.240: [GC (Allocation Failure) [PSYoungGen: 69581K->1520K(70144K)] 381834K->313781K(761856K), 0.0016262 secs] [Times: user=0.01 sys=0.00, real=0.00 secs] 
1771.847: [GC (Allocation Failure) [PSYoungGen: 69616K->1360K(70144K)] 381877K->313637K(761856K), 0.0020016 secs] [Times: user=0.01 sys=0.00, real=0.01 secs] 
1772.426: [GC (Allocation Failure) [PSYoungGen: 69456K->1408K(70144K)] 381733K->313685K(761856K), 0.0018819 secs] [Times: user=0.01 sys=0.00, real=0.00 secs] 
1772.928: [GC (Allocation Failure) [PSYoungGen: 69504K->1344K(70144K)] 381781K->313621K(761856K), 0.0019517 secs] [Times: user=0.01 sys=0.00, real=0.00 secs] 
1773.245: [GC (Allocation Failure) [PSYoungGen: 69440K->1344K(70144K)] 381717K->313621K(761856K), 0.0019129 secs] [Times: user=0.01 sys=0.00, real=0.00 secs] 
1773.498: [GC (Allocation Failure) [PSYoungGen: 69440K->1453K(70144K)] 381717K->313730K(761856K), 0.0015797 secs] [Times: user=0.01 sys=0.00, real=0.01 secs] 
1773.616: [GC (Allocation Failure) [PSYoungGen: 69549K->1453K(70144K)] 381826K->313730K(761856K), 0.0015858 secs] [Times: user=0.01 sys=0.00, real=0.01 secs] 
1773.736: [GC (Allocation Failure) [PSYoungGen: 69549K->1453K(70144K)] 381826K->313730K(761856K), 0.0014677 secs] [Times: user=0.01 sys=0.00, real=0.00 secs] 
1773.874: [GC (Allocation Failure) [PSYoungGen: 69549K->1453K(70144K)] 381826K->313738K(761856K), 0.0018485 secs] [Times: user=0.01 sys=0.00, real=0.00 secs] 
1774.637: [GC (Allocation Failure) [PSYoungGen: 69549K->1408K(70144K)] 381834K->313693K(761856K), 0.0020145 secs] [Times: user=0.01 sys=0.00, real=0.01 secs] 
1775.210: [GC (Allocation Failure) [PSYoungGen: 69504K->1344K(70144K)] 381789K->313629K(761856K), 0.0020243 secs] [Times: user=0.01 sys=0.00, real=0.00 secs] 
1775.775: [GC (Allocation Failure) [PSYoungGen: 69440K->1376K(70144K)] 381725K->313661K(761856K), 0.0021033 secs] [Times: user=0.01 sys=0.00, real=0.00 secs] 
1776.343: [GC (Allocation Failure) [PSYoungGen: 69472K->1376K(70144K)] 381757K->313661K(761856K), 0.0023006 secs] [Times: user=0.01 sys=0.00, real=0.00 secs] 
1776.787: [GC (Allocation Failure) [PSYoungGen: 69472K->1453K(70144K)] 381757K->313738K(761856K), 0.0019586 secs] [Times: user=0.01 sys=0.00, real=0.01 secs] 
1776.918: [GC (Allocation Failure) [PSYoungGen: 69549K->1453K(70144K)] 381834K->313738K(761856K), 0.0014956 secs] [Times: user=0.00 sys=0.00, real=0.00 secs] 
1777.037: [GC (Allocation Failure) [PSYoungGen: 69549K->1488K(70144K)] 381834K->313773K(761856K), 0.0015029 secs] [Times: user=0.01 sys=0.00, real=0.01 secs] 
1777.157: [GC (Allocation Failure) [PSYoungGen: 69584K->1456K(70144K)] 381869K->313765K(761856K), 0.0016067 secs] [Times: user=0.01 sys=0.00, real=0.01 secs] 
1778.068: [GC (Allocation Failure) [PSYoungGen: 69552K->1440K(70144K)] 381861K->313749K(761856K), 0.0035189 secs] [Times: user=0.01 sys=0.00, real=0.00 secs] 
1778.728: [GC (Allocation Failure) [PSYoungGen: 69536K->1376K(70144K)] 381845K->313685K(761856K), 0.0030217 secs] [Times: user=0.02 sys=0.00, real=0.01 secs] 
1779.379: [GC (Allocation Failure) [PSYoungGen: 69472K->1424K(69632K)] 381781K->313733K(761344K), 0.0035096 secs] [Times: user=0.01 sys=0.00, real=0.00 secs] 
1779.966: [GC (Allocation Failure) [PSYoungGen: 69520K->1408K(69632K)] 381829K->313717K(761344K), 0.0027162 secs] [Times: user=0.01 sys=0.00, real=0.01 secs] 
1780.306: [GC (Allocation Failure) [PSYoungGen: 69504K->1485K(69632K)] 381813K->313794K(761344K), 0.0034325 secs] [Times: user=0.01 sys=0.00, real=0.01 secs] 
1780.446: [GC (Allocation Failure) [PSYoungGen: 69581K->1517K(70144K)] 381890K->313826K(761856K), 0.0015408 secs] [Times: user=0.00 sys=0.00, real=0.00 secs] 
1780.566: [GC (Allocation Failure) [PSYoungGen: 69613K->1485K(70144K)] 381922K->313794K(761856K), 0.0015769 secs] [Times: user=0.00 sys=0.00, real=0.01 secs] 
1780.687: [GC (Allocation Failure) [PSYoungGen: 69581K->1488K(70144K)] 381890K->313805K(761856K), 0.0015163 secs] [Times: user=0.01 sys=0.00, real=0.01 secs] 
1781.711: [GC (Allocation Failure) [PSYoungGen: 69584K->1424K(70144K)] 381901K->313741K(761856K), 0.0031439 secs] [Times: user=0.01 sys=0.00, real=0.00 secs] 
1782.210: [GC (Allocation Failure) [PSYoungGen: 69520K->1408K(70144K)] 381837K->313725K(761856K), 0.0025497 secs] [Times: user=0.01 sys=0.00, real=0.00 secs] 
1782.731: [GC (Allocation Failure) [PSYoungGen: 69504K->1440K(70144K)] 381821K->313757K(761856K), 0.0023857 secs] [Times: user=0.01 sys=0.01, real=0.00 secs] 
1783.277: [GC (Allocation Failure) [PSYoungGen: 69536K->1376K(70144K)] 381853K->313693K(761856K), 0.0019388 secs] [Times: user=0.01 sys=0.00, real=0.01 secs] 
1783.495: [GC (Allocation Failure) [PSYoungGen: 69472K->1485K(70144K)] 381789K->313802K(761856K), 0.0014542 secs] [Times: user=0.01 sys=0.00, real=0.00 secs] 
1783.615: [GC (Allocation Failure) [PSYoungGen: 69581K->1485K(70144K)] 381898K->313802K(761856K), 0.0015121 secs] [Times: user=0.01 sys=0.00, real=0.00 secs] 
1783.734: [GC (Allocation Failure) [PSYoungGen: 69581K->1485K(70144K)] 381898K->313826K(761856K), 0.0015920 secs] [Times: user=0.01 sys=0.00, real=0.00 secs] 
1783.891: [GC (Allocation Failure) [PSYoungGen: 69581K->1472K(70144K)] 381922K->313813K(761856K), 0.0016222 secs] [Times: user=0.01 sys=0.00, real=0.00 secs] 
1784.170: [GC (Allocation Failure) [PSYoungGen: 69568K->1376K(70144K)] 381909K->313717K(761856K), 0.0018088 secs] [Times: user=0.01 sys=0.00, real=0.00 secs] 
1784.605: [GC (Allocation Failure) [PSYoungGen: 69472K->1408K(70144K)] 381813K->313749K(761856K), 0.0017454 secs] [Times: user=0.01 sys=0.00, real=0.00 secs] 
1785.157: [GC (Allocation Failure) [PSYoungGen: 69504K->1344K(70144K)] 381845K->313685K(761856K), 0.0027419 secs] [Times: user=0.01 sys=0.00, real=0.01 secs] 
1785.829: [GC (Allocation Failure) [PSYoungGen: 69440K->1328K(70144K)] 381781K->313669K(761856K), 0.0024687 secs] [Times: user=0.01 sys=0.00, real=0.00 secs] 
1786.072: [GC (Allocation Failure) [PSYoungGen: 69424K->1485K(70144K)] 381765K->313826K(761856K), 0.0015185 secs] [Times: user=0.01 sys=0.00, real=0.00 secs] 
1786.193: [GC (Allocation Failure) [PSYoungGen: 69581K->1453K(70144K)] 381922K->313794K(761856K), 0.0014511 secs] [Times: user=0.01 sys=0.00, real=0.00 secs] 
1786.314: [GC (Allocation Failure) [PSYoungGen: 69549K->1456K(70144K)] 381890K->313797K(761856K), 0.0014978 secs] [Times: user=0.01 sys=0.00, real=0.00 secs] 
1786.491: [GC (Allocation Failure) [PSYoungGen: 69552K->1936K(70144K)] 381893K->314277K(761856K), 0.0018479 secs] [Times: user=0.01 sys=0.00, real=0.00 secs] 
1786.817: [GC (Allocation Failure) [PSYoungGen: 70032K->1376K(70144K)] 382373K->313717K(761856K), 0.0017601 secs] [Times: user=0.01 sys=0.00, real=0.01 secs] 
1787.263: [GC (Allocation Failure) [PSYoungGen: 69472K->1344K(70144K)] 381813K->313685K(761856K), 0.0022111 secs] [Times: user=0.01 sys=0.00, real=0.00 secs] 
1787.589: [GC (Allocation Failure) [PSYoungGen: 69440K->1424K(70144K)] 381781K->313765K(761856K), 0.0019427 secs] [Times: user=0.01 sys=0.00, real=0.00 secs] 
1787.985: [GC (Allocation Failure) [PSYoungGen: 69520K->1376K(70144K)] 381861K->313717K(761856K), 0.0018459 secs] [Times: user=0.00 sys=0.00, real=0.00 secs] 
1788.268: [GC (Allocation Failure) [PSYoungGen: 69472K->1456K(70144K)] 381813K->313797K(761856K), 0.0017167 secs] [Times: user=0.00 sys=0.00, real=0.00 secs] 
1788.405: [GC (Allocation Failure) [PSYoungGen: 69552K->1517K(70144K)] 381893K->313858K(761856K), 0.0018164 secs] [Times: user=0.00 sys=0.00, real=0.00 secs] 
1788.555: [GC (Allocation Failure) [PSYoungGen: 69613K->1517K(70144K)] 381954K->313866K(761856K), 0.0018244 secs] [Times: user=0.00 sys=0.00, real=0.00 secs] 
1789.161: [GC (Allocation Failure) [PSYoungGen: 69613K->1424K(70144K)] 381962K->313773K(761856K), 0.0040813 secs] [Times: user=0.02 sys=0.00, real=0.00 secs] 
1789.892: [GC (Allocation Failure) [PSYoungGen: 69520K->1408K(70144K)] 381869K->313757K(761856K), 0.0027364 secs] [Times: user=0.01 sys=0.00, real=0.00 secs] 
1790.932: [GC (Allocation Failure) [PSYoungGen: 69504K->1376K(70144K)] 381853K->313725K(761856K), 0.0027674 secs] [Times: user=0.01 sys=0.00, real=0.00 secs] 
1791.679: [GC (Allocation Failure) [PSYoungGen: 69472K->1344K(70144K)] 381821K->313693K(761856K), 0.0028612 secs] [Times: user=0.01 sys=0.00, real=0.00 secs] 
1792.523: [GC (Allocation Failure) [PSYoungGen: 69440K->1392K(70144K)] 381789K->313741K(761856K), 0.0037636 secs] [Times: user=0.01 sys=0.00, real=0.00 secs] 
1792.780: [GC (Allocation Failure) [PSYoungGen: 69488K->1485K(70144K)] 381837K->313834K(761856K), 0.0019803 secs] [Times: user=0.01 sys=0.00, real=0.00 secs] 
1792.952: [GC (Allocation Failure) [PSYoungGen: 69581K->1453K(70144K)] 381930K->313802K(761856K), 0.0020216 secs] [Times: user=0.01 sys=0.00, real=0.00 secs] 
1793.118: [GC (Allocation Failure) [PSYoungGen: 69549K->1485K(70144K)] 381898K->313842K(761856K), 0.0021520 secs] [Times: user=0.01 sys=0.00, real=0.01 secs] 
1793.432: [GC (Allocation Failure) [PSYoungGen: 69581K->1456K(70144K)] 381938K->313813K(761856K), 0.0019103 secs] [Times: user=0.01 sys=0.00, real=0.00 secs] 
1793.752: [GC (Allocation Failure) [PSYoungGen: 69552K->1344K(70144K)] 381909K->313717K(761856K), 0.0019792 secs] [Times: user=0.00 sys=0.00, real=0.00 secs] 
1794.317: [GC (Allocation Failure) [PSYoungGen: 69440K->1344K(70144K)] 381813K->313717K(761856K), 0.0020418 secs] [Times: user=0.01 sys=0.00, real=0.01 secs] 
1794.843: [GC (Allocation Failure) [PSYoungGen: 69440K->1312K(70144K)] 381813K->313685K(761856K), 0.0020116 secs] [Times: user=0.01 sys=0.01, real=0.00 secs] 
1795.400: [GC (Allocation Failure) [PSYoungGen: 69408K->1488K(70144K)] 381781K->313861K(761856K), 0.0037057 secs] [Times: user=0.01 sys=0.00, real=0.00 secs] 
1795.659: [GC (Allocation Failure) [PSYoungGen: 69584K->1517K(70144K)] 381957K->313890K(761856K), 0.0021079 secs] [Times: user=0.00 sys=0.00, real=0.00 secs] 
1795.794: [GC (Allocation Failure) [PSYoungGen: 69613K->1424K(70144K)] 381986K->313797K(761856K), 0.0016673 secs] [Times: user=0.01 sys=0.00, real=0.00 secs] 
1795.934: [GC (Allocation Failure) [PSYoungGen: 69520K->1453K(70144K)] 381893K->313834K(761856K), 0.0018298 secs] [Times: user=0.01 sys=0.00, real=0.00 secs] 
1796.291: [GC (Allocation Failure) [PSYoungGen: 69549K->1440K(70144K)] 381930K->313821K(761856K), 0.0025570 secs] [Times: user=0.01 sys=0.00, real=0.00 secs] 
1796.611: [GC (Allocation Failure) [PSYoungGen: 69536K->1344K(70144K)] 381917K->313725K(761856K), 0.0018801 secs] [Times: user=0.01 sys=0.00, real=0.00 secs] 
1797.137: [GC (Allocation Failure) [PSYoungGen: 69440K->1360K(70144K)] 381821K->313741K(761856K), 0.0019152 secs] [Times: user=0.01 sys=0.00, real=0.01 secs] 
1797.666: [GC (Allocation Failure) [PSYoungGen: 69456K->1376K(70144K)] 381837K->313757K(761856K), 0.0020357 secs] [Times: user=0.01 sys=0.00, real=0.00 secs] 
1798.420: [GC (Allocation Failure) [PSYoungGen: 69472K->1472K(70144K)] 381853K->313853K(761856K), 0.0023771 secs] [Times: user=0.01 sys=0.00, real=0.00 secs] 
1798.584: [GC (Allocation Failure) [PSYoungGen: 69568K->1485K(70144K)] 381949K->313866K(761856K), 0.0015874 secs] [Times: user=0.01 sys=0.00, real=0.00 secs] 
1798.722: [GC (Allocation Failure) [PSYoungGen: 69581K->1485K(70144K)] 381962K->313866K(761856K), 0.0018384 secs] [Times: user=0.00 sys=0.00, real=0.00 secs] 
1798.879: [GC (Allocation Failure) [PSYoungGen: 69581K->1453K(70144K)] 381962K->313842K(761856K), 0.0015591 secs] [Times: user=0.01 sys=0.00, real=0.00 secs] 
1799.940: [GC (Allocation Failure) [PSYoungGen: 69549K->1424K(70144K)] 381938K->313813K(761856K), 0.0036360 secs] [Times: user=0.01 sys=0.00, real=0.00 secs] 
1800.529: [GC (Allocation Failure) [PSYoungGen: 69520K->1408K(70144K)] 381909K->313797K(761856K), 0.0019521 secs] [Times: user=0.01 sys=0.00, real=0.00 secs] 
1801.072: [GC (Allocation Failure) [PSYoungGen: 69504K->1376K(70144K)] 381893K->313765K(761856K), 0.0019041 secs] [Times: user=0.00 sys=0.00, real=0.00 secs] 
1801.933: [GC (Allocation Failure) [PSYoungGen: 69472K->1408K(70144K)] 381861K->313797K(761856K), 0.0023061 secs] [Times: user=0.01 sys=0.00, real=0.00 secs] 
1802.734: [GC (Allocation Failure) [PSYoungGen: 69504K->1504K(70144K)] 381893K->313893K(761856K), 0.0025800 secs] [Times: user=0.01 sys=0.00, real=0.00 secs] 
1802.920: [GC (Allocation Failure) [PSYoungGen: 69600K->1488K(70144K)] 381989K->313877K(761856K), 0.0015431 secs] [Times: user=0.01 sys=0.00, real=0.00 secs] 
1803.041: [GC (Allocation Failure) [PSYoungGen: 69584K->1488K(70144K)] 381973K->313877K(761856K), 0.0015265 secs] [Times: user=0.01 sys=0.00, real=0.00 secs] 
1803.177: [GC (Allocation Failure) [PSYoungGen: 69584K->1517K(70144K)] 381973K->313914K(761856K), 0.0018003 secs] [Times: user=0.01 sys=0.00, real=0.01 secs] 
1803.631: [GC (Allocation Failure) [PSYoungGen: 69613K->1424K(70144K)] 382010K->313821K(761856K), 0.0031780 secs] [Times: user=0.02 sys=0.01, real=0.00 secs] 
1804.055: [GC (Allocation Failure) [PSYoungGen: 69520K->1344K(70144K)] 381917K->313757K(761856K), 0.0020186 secs] [Times: user=0.01 sys=0.00, real=0.00 secs] 
1804.338: [GC (Allocation Failure) [PSYoungGen: 69440K->1344K(70144K)] 381853K->313765K(761856K), 0.0018418 secs] [Times: user=0.01 sys=0.00, real=0.00 secs] 
1804.743: [GC (Allocation Failure) [PSYoungGen: 69440K->1392K(70144K)] 381861K->313813K(761856K), 0.0018251 secs] [Times: user=0.00 sys=0.00, real=0.00 secs] 
1805.211: [GC (Allocation Failure) [PSYoungGen: 69488K->1472K(70144K)] 381909K->313893K(761856K), 0.0018172 secs] [Times: user=0.01 sys=0.00, real=0.00 secs] 
1805.373: [GC (Allocation Failure) [PSYoungGen: 69568K->1485K(70144K)] 381989K->313906K(761856K), 0.0019775 secs] [Times: user=0.00 sys=0.00, real=0.00 secs] 
1805.530: [GC (Allocation Failure) [PSYoungGen: 69581K->1485K(70144K)] 382002K->313906K(761856K), 0.0015567 secs] [Times: user=0.01 sys=0.00, real=0.00 secs] 
1805.650: [GC (Allocation Failure) [PSYoungGen: 69581K->1424K(70144K)] 382002K->313861K(761856K), 0.0015980 secs] [Times: user=0.00 sys=0.00, real=0.00 secs] 
1806.263: [GC (Allocation Failure) [PSYoungGen: 69520K->1424K(70144K)] 381957K->313861K(761856K), 0.0028156 secs] [Times: user=0.01 sys=0.00, real=0.00 secs] 
1806.672: [GC (Allocation Failure) [PSYoungGen: 69520K->1408K(70144K)] 381957K->313845K(761856K), 0.0020180 secs] [Times: user=0.01 sys=0.00, real=0.00 secs] 
1807.032: [GC (Allocation Failure) [PSYoungGen: 69504K->1312K(70144K)] 381941K->313749K(761856K), 0.0018219 secs] [Times: user=0.01 sys=0.00, real=0.00 secs] 
1807.529: [GC (Allocation Failure) [PSYoungGen: 69408K->1408K(70144K)] 381845K->313845K(761856K), 0.0022093 secs] [Times: user=0.01 sys=0.00, real=0.00 secs] 
1807.933: [GC (Allocation Failure) [PSYoungGen: 69504K->1421K(70144K)] 381941K->313858K(761856K), 0.0019939 secs] [Times: user=0.01 sys=0.00, real=0.00 secs] 
1808.103: [GC (Allocation Failure) [PSYoungGen: 69517K->1485K(70144K)] 381954K->313922K(761856K), 0.0019894 secs] [Times: user=0.01 sys=0.00, real=0.00 secs] 
1808.260: [GC (Allocation Failure) [PSYoungGen: 69581K->1453K(70144K)] 382018K->313890K(761856K), 0.0016984 secs] [Times: user=0.01 sys=0.00, real=0.00 secs] 
1808.380: [GC (Allocation Failure) [PSYoungGen: 69549K->1520K(70144K)] 381986K->313965K(761856K), 0.0016410 secs] [Times: user=0.01 sys=0.00, real=0.00 secs] 
1809.639: [GC (Allocation Failure) [PSYoungGen: 69616K->1424K(70144K)] 382061K->313869K(761856K), 0.0027242 secs] [Times: user=0.01 sys=0.00, real=0.00 secs] 
1810.594: [GC (Allocation Failure) [PSYoungGen: 69520K->1376K(70144K)] 381965K->313821K(761856K), 0.0029524 secs] [Times: user=0.01 sys=0.00, real=0.00 secs] 
1810.898: [GC (Allocation Failure) [PSYoungGen: 69472K->1344K(70144K)] 381917K->313789K(761856K), 0.0020370 secs] [Times: user=0.00 sys=0.00, real=0.01 secs] 
1811.180: [GC (Allocation Failure) [PSYoungGen: 69440K->1344K(70144K)] 381885K->313789K(761856K), 0.0017852 secs] [Times: user=0.00 sys=0.00, real=0.00 secs] 
1811.413: [GC (Allocation Failure) [PSYoungGen: 69440K->1472K(70144K)] 381885K->313917K(761856K), 0.0015409 secs] [Times: user=0.00 sys=0.00, real=0.00 secs] 
1811.534: [GC (Allocation Failure) [PSYoungGen: 69568K->1469K(70144K)] 382013K->313914K(761856K), 0.0015063 secs] [Times: user=0.01 sys=0.00, real=0.00 secs] 
1811.653: [GC (Allocation Failure) [PSYoungGen: 69565K->1485K(70144K)] 382010K->313930K(761856K), 0.0015003 secs] [Times: user=0.01 sys=0.00, real=0.00 secs] 
1811.774: [GC (Allocation Failure) [PSYoungGen: 69581K->1453K(70144K)] 382026K->313906K(761856K), 0.0021617 secs] [Times: user=0.00 sys=0.00, real=0.00 secs] 
1812.019: [GC (Allocation Failure) [PSYoungGen: 69549K->1472K(76800K)] 382002K->313925K(768512K), 0.0017782 secs] [Times: user=0.01 sys=0.00, real=0.00 secs] 
1812.331: [GC (Allocation Failure) [PSYoungGen: 76736K->1344K(76288K)] 389189K->313805K(768000K), 0.0017721 secs] [Times: user=0.00 sys=0.00, real=0.00 secs] 
1812.641: [GC (Allocation Failure) [PSYoungGen: 76096K->1408K(75776K)] 388557K->313869K(767488K), 0.0018988 secs] [Times: user=0.01 sys=0.00, real=0.00 secs] 
1812.950: [GC (Allocation Failure) [PSYoungGen: 75648K->1344K(75264K)] 388109K->313805K(766976K), 0.0017667 secs] [Times: user=0.01 sys=0.00, real=0.00 secs] 
1813.151: [GC (Allocation Failure) [PSYoungGen: 75072K->1501K(74752K)] 387533K->313962K(766464K), 0.0014751 secs] [Times: user=0.00 sys=0.00, real=0.00 secs] 
1813.279: [GC (Allocation Failure) [PSYoungGen: 74717K->1453K(74240K)] 387178K->313914K(765952K), 0.0015801 secs] [Times: user=0.01 sys=0.00, real=0.00 secs] 
1813.407: [GC (Allocation Failure) [PSYoungGen: 74157K->1488K(73728K)] 386618K->313949K(765440K), 0.0015953 secs] [Times: user=0.01 sys=0.00, real=0.01 secs] 
1814.042: [GC (Allocation Failure) [PSYoungGen: 73680K->1456K(73216K)] 386141K->313925K(764928K), 0.0025320 secs] [Times: user=0.01 sys=0.00, real=0.00 secs] 
1814.967: [GC (Allocation Failure) [PSYoungGen: 73136K->1344K(72704K)] 385605K->313813K(764416K), 0.0027640 secs] [Times: user=0.01 sys=0.00, real=0.01 secs] 
1815.846: [GC (Allocation Failure) [PSYoungGen: 72512K->1376K(72192K)] 384981K->313845K(763904K), 0.0023308 secs] [Times: user=0.00 sys=0.00, real=0.01 secs] 
1816.700: [GC (Allocation Failure) [PSYoungGen: 72032K->1376K(71680K)] 384501K->313845K(763392K), 0.0024343 secs] [Times: user=0.01 sys=0.00, real=0.00 secs] 
1817.685: [GC (Allocation Failure) [PSYoungGen: 71520K->1453K(71168K)] 383989K->313922K(762880K), 0.0027361 secs] [Times: user=0.01 sys=0.00, real=0.01 secs] 
1817.859: [GC (Allocation Failure) [PSYoungGen: 71085K->1488K(70656K)] 383554K->313957K(762368K), 0.0016848 secs] [Times: user=0.01 sys=0.00, real=0.00 secs] 
1817.982: [GC (Allocation Failure) [PSYoungGen: 70608K->1488K(70144K)] 383077K->313957K(761856K), 0.0017756 secs] [Times: user=0.00 sys=0.00, real=0.00 secs] 
1818.122: [GC (Allocation Failure) [PSYoungGen: 70071K->1485K(69632K)] 382540K->313954K(761344K), 0.0019064 secs] [Times: user=0.01 sys=0.00, real=0.00 secs] 
1818.938: [GC (Allocation Failure) [PSYoungGen: 69581K->1440K(70144K)] 382050K->313909K(761856K), 0.0024510 secs] [Times: user=0.01 sys=0.00, real=0.01 secs] 
1819.554: [GC (Allocation Failure) [PSYoungGen: 69536K->1408K(70144K)] 382005K->313877K(761856K), 0.0022795 secs] [Times: user=0.01 sys=0.00, real=0.00 secs] 
1820.107: [GC (Allocation Failure) [PSYoungGen: 69504K->1408K(70144K)] 381973K->313877K(761856K), 0.0018919 secs] [Times: user=0.01 sys=0.00, real=0.01 secs] 
1820.678: [GC (Allocation Failure) [PSYoungGen: 69504K->1408K(70144K)] 381973K->313877K(761856K), 0.0021816 secs] [Times: user=0.01 sys=0.00, real=0.01 secs] 
1821.061: [GC (Allocation Failure) [PSYoungGen: 69504K->1421K(70144K)] 381973K->313890K(761856K), 0.0018868 secs] [Times: user=0.01 sys=0.00, real=0.00 secs] 
1821.224: [GC (Allocation Failure) [PSYoungGen: 69517K->1485K(70144K)] 381986K->313954K(761856K), 0.0019644 secs] [Times: user=0.01 sys=0.00, real=0.00 secs] 
1821.397: [GC (Allocation Failure) [PSYoungGen: 69581K->1485K(70144K)] 382050K->313954K(761856K), 0.0022673 secs] [Times: user=0.01 sys=0.00, real=0.01 secs] 
1821.562: [GC (Allocation Failure) [PSYoungGen: 69581K->1453K(70144K)] 382050K->313946K(761856K), 0.0016014 secs] [Times: user=0.00 sys=0.00, real=0.00 secs] 
1821.819: [GC (Allocation Failure) [PSYoungGen: 69549K->1456K(70144K)] 382042K->313949K(761856K), 0.0026033 secs] [Times: user=0.01 sys=0.00, real=0.00 secs] 
1822.102: [GC (Allocation Failure) [PSYoungGen: 69552K->1408K(70144K)] 382045K->313901K(761856K), 0.0018221 secs] [Times: user=0.01 sys=0.00, real=0.00 secs] 
1822.385: [GC (Allocation Failure) [PSYoungGen: 69504K->1408K(69632K)] 381997K->313901K(761344K), 0.0019085 secs] [Times: user=0.01 sys=0.00, real=0.00 secs] 
1822.667: [GC (Allocation Failure) [PSYoungGen: 69504K->1376K(69632K)] 381997K->313885K(761344K), 0.0018859 secs] [Times: user=0.00 sys=0.00, real=0.01 secs] 
1823.066: [GC (Allocation Failure) [PSYoungGen: 69472K->1501K(69632K)] 381981K->314010K(761344K), 0.0018184 secs] [Times: user=0.00 sys=0.00, real=0.00 secs] 
1823.192: [GC (Allocation Failure) [PSYoungGen: 69597K->1517K(70144K)] 382106K->314026K(761856K), 0.0015990 secs] [Times: user=0.00 sys=0.00, real=0.00 secs] 
1823.313: [GC (Allocation Failure) [PSYoungGen: 69613K->1456K(70144K)] 382122K->313965K(761856K), 0.0015009 secs] [Times: user=0.01 sys=0.00, real=0.00 secs] 
1823.432: [GC (Allocation Failure) [PSYoungGen: 69552K->1488K(70144K)] 382061K->314013K(761856K), 0.0014806 secs] [Times: user=0.00 sys=0.00, real=0.00 secs] 
1824.389: [GC (Allocation Failure) [PSYoungGen: 69584K->1376K(70144K)] 382109K->313901K(761856K), 0.0020410 secs] [Times: user=0.00 sys=0.00, real=0.00 secs] 
1825.211: [GC (Allocation Failure) [PSYoungGen: 69472K->1344K(70144K)] 381997K->313869K(761856K), 0.0026735 secs] [Times: user=0.01 sys=0.00, real=0.00 secs] 
1825.780: [GC (Allocation Failure) [PSYoungGen: 69440K->1392K(70144K)] 381965K->313917K(761856K), 0.0021392 secs] [Times: user=0.00 sys=0.00, real=0.00 secs] 
1826.354: [GC (Allocation Failure) [PSYoungGen: 69488K->1408K(70144K)] 382013K->313933K(761856K), 0.0020775 secs] [Times: user=0.01 sys=0.00, real=0.00 secs] 
1826.773: [GC (Allocation Failure) [PSYoungGen: 69504K->1437K(70144K)] 382029K->313962K(761856K), 0.0016392 secs] [Times: user=0.01 sys=0.00, real=0.00 secs] 
1826.892: [GC (Allocation Failure) [PSYoungGen: 69533K->1453K(70144K)] 382058K->313978K(761856K), 0.0015191 secs] [Times: user=0.01 sys=0.00, real=0.00 secs] 
1827.011: [GC (Allocation Failure) [PSYoungGen: 69549K->1453K(70144K)] 382074K->313978K(761856K), 0.0015136 secs] [Times: user=0.01 sys=0.00, real=0.00 secs] 
1827.131: [GC (Allocation Failure) [PSYoungGen: 69549K->1517K(70144K)] 382074K->314050K(761856K), 0.0015639 secs] [Times: user=0.01 sys=0.00, real=0.00 secs] 
1827.937: [GC (Allocation Failure) [PSYoungGen: 69613K->1376K(70144K)] 382146K->313909K(761856K), 0.0021629 secs] [Times: user=0.01 sys=0.00, real=0.01 secs] 
1828.985: [GC (Allocation Failure) [PSYoungGen: 69472K->1408K(70144K)] 382005K->313941K(761856K), 0.0028034 secs] [Times: user=0.01 sys=0.00, real=0.01 secs] 
1829.994: [GC (Allocation Failure) [PSYoungGen: 69504K->1376K(70144K)] 382037K->313909K(761856K), 0.0029291 secs] [Times: user=0.01 sys=0.00, real=0.00 secs] 
1830.813: [GC (Allocation Failure) [PSYoungGen: 69472K->1392K(70144K)] 382005K->313925K(761856K), 0.0033448 secs] [Times: user=0.02 sys=0.00, real=0.00 secs] 
1831.223: [GC (Allocation Failure) [PSYoungGen: 69488K->1488K(70144K)] 382021K->314021K(761856K), 0.0021202 secs] [Times: user=0.01 sys=0.00, real=0.00 secs] 
1831.362: [GC (Allocation Failure) [PSYoungGen: 69584K->1488K(70144K)] 382117K->314021K(761856K), 0.0016593 secs] [Times: user=0.00 sys=0.00, real=0.00 secs] 
1831.482: [GC (Allocation Failure) [PSYoungGen: 69584K->1488K(70144K)] 382117K->314021K(761856K), 0.0014865 secs] [Times: user=0.00 sys=0.00, real=0.00 secs] 
1831.619: [GC (Allocation Failure) [PSYoungGen: 69584K->1517K(70144K)] 382117K->314058K(761856K), 0.0017820 secs] [Times: user=0.01 sys=0.00, real=0.00 secs] 
1832.306: [GC (Allocation Failure) [PSYoungGen: 69613K->1408K(70144K)] 382154K->313949K(761856K), 0.0024668 secs] [Times: user=0.01 sys=0.01, real=0.01 secs] 
1832.863: [GC (Allocation Failure) [PSYoungGen: 69504K->1408K(70144K)] 382045K->313949K(761856K), 0.0019894 secs] [Times: user=0.01 sys=0.00, real=0.00 secs] 
1833.434: [GC (Allocation Failure) [PSYoungGen: 69504K->1344K(70144K)] 382045K->313885K(761856K), 0.0020803 secs] [Times: user=0.01 sys=0.00, real=0.00 secs] 
1834.004: [GC (Allocation Failure) [PSYoungGen: 69440K->1376K(70144K)] 381981K->313917K(761856K), 0.0019495 secs] [Times: user=0.01 sys=0.00, real=0.00 secs] 
1834.277: [GC (Allocation Failure) [PSYoungGen: 69472K->1456K(70144K)] 382013K->313997K(761856K), 0.0016590 secs] [Times: user=0.01 sys=0.00, real=0.01 secs] 
1834.397: [GC (Allocation Failure) [PSYoungGen: 69552K->1520K(70144K)] 382093K->314061K(761856K), 0.0016715 secs] [Times: user=0.01 sys=0.00, real=0.01 secs] 
1834.517: [GC (Allocation Failure) [PSYoungGen: 69616K->1456K(70144K)] 382157K->313997K(761856K), 0.0015080 secs] [Times: user=0.01 sys=0.00, real=0.01 secs] 
1834.636: [GC (Allocation Failure) [PSYoungGen: 69552K->1456K(70144K)] 382093K->314029K(761856K), 0.0014760 secs] [Times: user=0.00 sys=0.00, real=0.00 secs] 
1835.650: [GC (Allocation Failure) [PSYoungGen: 69552K->1424K(70144K)] 382125K->313997K(761856K), 0.0023049 secs] [Times: user=0.01 sys=0.00, real=0.00 secs] 
1836.361: [GC (Allocation Failure) [PSYoungGen: 69520K->1344K(70144K)] 382093K->313917K(761856K), 0.0020999 secs] [Times: user=0.01 sys=0.00, real=0.00 secs] 
1837.263: [GC (Allocation Failure) [PSYoungGen: 69440K->1376K(70144K)] 382013K->313949K(761856K), 0.0027427 secs] [Times: user=0.01 sys=0.00, real=0.00 secs] 
1838.530: [GC (Allocation Failure) [PSYoungGen: 69472K->1360K(70144K)] 382045K->313933K(761856K), 0.0028123 secs] [Times: user=0.01 sys=0.00, real=0.00 secs] 
1838.887: [GC (Allocation Failure) [PSYoungGen: 69456K->1392K(70144K)] 382029K->313965K(761856K), 0.0018475 secs] [Times: user=0.01 sys=0.00, real=0.01 secs] 
1839.014: [GC (Allocation Failure) [PSYoungGen: 69488K->1488K(70144K)] 382061K->314061K(761856K), 0.0016865 secs] [Times: user=0.00 sys=0.00, real=0.00 secs] 
1839.134: [GC (Allocation Failure) [PSYoungGen: 69584K->1485K(70144K)] 382157K->314058K(761856K), 0.0014936 secs] [Times: user=0.00 sys=0.00, real=0.00 secs] 
1839.254: [GC (Allocation Failure) [PSYoungGen: 69341K->256K(70144K)] 381914K->312829K(761856K), 0.0015726 secs] [Times: user=0.00 sys=0.00, real=0.00 secs] 
1839.833: [GC (Allocation Failure) [PSYoungGen: 68352K->1376K(70144K)] 380925K->313949K(761856K), 0.0017539 secs] [Times: user=0.00 sys=0.00, real=0.00 secs] 
1841.963: [GC (Allocation Failure) [PSYoungGen: 69472K->1376K(70144K)] 382045K->313949K(761856K), 0.0030215 secs] [Times: user=0.02 sys=0.00, real=0.00 secs] 
1842.659: [GC (Allocation Failure) [PSYoungGen: 69472K->1376K(70144K)] 382045K->313949K(761856K), 0.0026684 secs] [Times: user=0.01 sys=0.00, real=0.00 secs] 
1843.462: [GC (Allocation Failure) [PSYoungGen: 69472K->1376K(70144K)] 382045K->313949K(761856K), 0.0037892 secs] [Times: user=0.01 sys=0.01, real=0.00 secs] 
1843.728: [GC (Allocation Failure) [PSYoungGen: 69472K->1517K(70144K)] 382045K->314090K(761856K), 0.0026786 secs] [Times: user=0.01 sys=0.00, real=0.00 secs] 
1843.856: [GC (Allocation Failure) [PSYoungGen: 69613K->1453K(70144K)] 382186K->314026K(761856K), 0.0015034 secs] [Times: user=0.00 sys=0.00, real=0.00 secs] 
1843.978: [GC (Allocation Failure) [PSYoungGen: 69549K->1485K(70144K)] 382122K->314058K(761856K), 0.0027279 secs] [Times: user=0.01 sys=0.00, real=0.01 secs] 
1844.251: [GC (Allocation Failure) [PSYoungGen: 69581K->1728K(77312K)] 382154K->314301K(769024K), 0.0018488 secs] [Times: user=0.01 sys=0.00, real=0.00 secs] 
1845.014: [GC (Allocation Failure) [PSYoungGen: 76992K->1344K(76288K)] 389565K->313933K(768000K), 0.0022995 secs] [Times: user=0.01 sys=0.00, real=0.00 secs] 
1845.683: [GC (Allocation Failure) [PSYoungGen: 76096K->1376K(75776K)] 388685K->313965K(767488K), 0.0023140 secs] [Times: user=0.01 sys=0.00, real=0.00 secs] 
1846.447: [GC (Allocation Failure) [PSYoungGen: 75616K->1344K(75264K)] 388205K->313933K(766976K), 0.0029027 secs] [Times: user=0.01 sys=0.00, real=0.01 secs] 
1846.941: [GC (Allocation Failure) [PSYoungGen: 75072K->1440K(74752K)] 387661K->314029K(766464K), 0.0019103 secs] [Times: user=0.01 sys=0.00, real=0.00 secs] 
1847.082: [GC (Allocation Failure) [PSYoungGen: 74656K->1453K(74240K)] 387245K->314042K(765952K), 0.0015804 secs] [Times: user=0.01 sys=0.00, real=0.00 secs] 
1847.231: [GC (Allocation Failure) [PSYoungGen: 74157K->1485K(73728K)] 386746K->314074K(765440K), 0.0018383 secs] [Times: user=0.01 sys=0.00, real=0.00 secs] 
1847.382: [GC (Allocation Failure) [PSYoungGen: 73677K->1485K(73216K)] 386266K->314090K(764928K), 0.0016876 secs] [Times: user=0.00 sys=0.00, real=0.00 secs] 
1847.858: [GC (Allocation Failure) [PSYoungGen: 73165K->1440K(72704K)] 385770K->314045K(764416K), 0.0020641 secs] [Times: user=0.01 sys=0.00, real=0.00 secs] 
1848.154: [GC (Allocation Failure) [PSYoungGen: 72608K->1344K(72192K)] 385213K->313949K(763904K), 0.0019662 secs] [Times: user=0.01 sys=0.00, real=0.00 secs] 
1848.482: [GC (Allocation Failure) [PSYoungGen: 72000K->1376K(71680K)] 384605K->313981K(763392K), 0.0019496 secs] [Times: user=0.01 sys=0.00, real=0.00 secs] 
1848.774: [GC (Allocation Failure) [PSYoungGen: 71520K->1344K(71168K)] 384125K->313949K(762880K), 0.0020415 secs] [Times: user=0.01 sys=0.00, real=0.00 secs] 
1849.026: [GC (Allocation Failure) [PSYoungGen: 70976K->1485K(70656K)] 383581K->314090K(762368K), 0.0037056 secs] [Times: user=0.01 sys=0.00, real=0.01 secs] 
1849.175: [GC (Allocation Failure) [PSYoungGen: 70605K->1520K(70144K)] 383210K->314125K(761856K), 0.0018361 secs] [Times: user=0.01 sys=0.00, real=0.00 secs] 
1849.334: [GC (Allocation Failure) [PSYoungGen: 70109K->1517K(70656K)] 382714K->314122K(762368K), 0.0020217 secs] [Times: user=0.01 sys=0.00, real=0.00 secs] 
1849.510: [GC (Allocation Failure) [PSYoungGen: 69937K->288K(71168K)] 382543K->312893K(762880K), 0.0021802 secs] [Times: user=0.01 sys=0.00, real=0.00 secs] 
1849.946: [GC (Allocation Failure) [PSYoungGen: 69408K->1344K(70144K)] 382013K->313949K(761856K), 0.0019723 secs] [Times: user=0.01 sys=0.00, real=0.00 secs] 
1850.248: [GC (Allocation Failure) [PSYoungGen: 69952K->1376K(69632K)] 382557K->313981K(761344K), 0.0018648 secs] [Times: user=0.01 sys=0.00, real=0.01 secs] 
1850.708: [GC (Allocation Failure) [PSYoungGen: 69472K->1376K(69632K)] 382077K->313981K(761344K), 0.0020577 secs] [Times: user=0.01 sys=0.00, real=0.01 secs] 
1850.991: [GC (Allocation Failure) [PSYoungGen: 69472K->1376K(69632K)] 382077K->313981K(761344K), 0.0020606 secs] [Times: user=0.01 sys=0.01, real=0.00 secs] 
1851.251: [GC (Allocation Failure) [PSYoungGen: 69472K->1504K(69632K)] 382077K->314109K(761344K), 0.0014977 secs] [Times: user=0.01 sys=0.00, real=0.00 secs] 
1851.370: [GC (Allocation Failure) [PSYoungGen: 69600K->1501K(69632K)] 382205K->314130K(761344K), 0.0016861 secs] [Times: user=0.00 sys=0.00, real=0.00 secs] 
1851.490: [GC (Allocation Failure) [PSYoungGen: 69597K->1456K(69632K)] 382226K->314085K(761344K), 0.0016673 secs] [Times: user=0.00 sys=0.00, real=0.00 secs] 
1851.667: [GC (Allocation Failure) [PSYoungGen: 69552K->1968K(70144K)] 382181K->315109K(761856K), 0.0018371 secs] [Times: user=0.01 sys=0.01, real=0.01 secs] 
1851.974: [GC (Allocation Failure) [PSYoungGen: 70064K->320K(68608K)] 383205K->314485K(760320K), 0.0018284 secs] [Times: user=0.01 sys=0.00, real=0.00 secs] 
1852.257: [GC (Allocation Failure) [PSYoungGen: 68416K->336K(70656K)] 382581K->314501K(762368K), 0.0017784 secs] [Times: user=0.01 sys=0.00, real=0.01 secs] 
1852.522: [GC (Allocation Failure) [PSYoungGen: 68432K->1472K(69632K)] 382597K->315637K(761344K), 0.0016048 secs] [Times: user=0.01 sys=0.00, real=0.00 secs] 
1852.602: [GC (Allocation Failure) [PSYoungGen: 69568K->1488K(71680K)] 383733K->315653K(763392K), 0.0015565 secs] [Times: user=0.01 sys=0.00, real=0.00 secs] 
1852.686: [GC (Allocation Failure) [PSYoungGen: 70608K->1472K(77824K)] 384773K->315637K(769536K), 0.0014304 secs] [Times: user=0.01 sys=0.00, real=0.00 secs] 
1852.777: [GC (Allocation Failure) [PSYoungGen: 76736K->1469K(77824K)] 390901K->315642K(769536K), 0.0013859 secs] [Times: user=0.00 sys=0.00, real=0.01 secs] 
1854.811: [GC (Allocation Failure) [PSYoungGen: 76733K->1408K(84480K)] 390906K->315581K(776192K), 0.0035328 secs] [Times: user=0.01 sys=0.00, real=0.00 secs] 
1855.235: [GC (Allocation Failure) [PSYoungGen: 84352K->1344K(83968K)] 398525K->315517K(775680K), 0.0027838 secs] [Times: user=0.01 sys=0.00, real=0.00 secs] 
1856.003: [GC (Allocation Failure) [PSYoungGen: 83776K->1360K(83456K)] 397949K->315533K(775168K), 0.0025391 secs] [Times: user=0.01 sys=0.00, real=0.00 secs] 
1856.683: [GC (Allocation Failure) [PSYoungGen: 83280K->1440K(82944K)] 397453K->315613K(774656K), 0.0025144 secs] [Times: user=0.01 sys=0.00, real=0.00 secs] 
1856.869: [GC (Allocation Failure) [PSYoungGen: 82848K->1456K(82432K)] 397021K->315629K(774144K), 0.0016116 secs] [Times: user=0.01 sys=0.00, real=0.00 secs] 
1857.011: [GC (Allocation Failure) [PSYoungGen: 82352K->1485K(81920K)] 396525K->315658K(773632K), 0.0016025 secs] [Times: user=0.01 sys=0.00, real=0.00 secs] 
1857.195: [GC (Allocation Failure) [PSYoungGen: 81869K->1520K(81408K)] 396042K->315861K(773120K), 0.0017759 secs] [Times: user=0.00 sys=0.00, real=0.00 secs] 
1857.532: [GC (Allocation Failure) [PSYoungGen: 81392K->1296K(80896K)] 395733K->315637K(772608K), 0.0018933 secs] [Times: user=0.01 sys=0.00, real=0.00 secs] 
1857.933: [GC (Allocation Failure) [PSYoungGen: 80656K->1328K(80384K)] 394997K->315669K(772096K), 0.0026879 secs] [Times: user=0.01 sys=0.01, real=0.00 secs] 
1858.292: [GC (Allocation Failure) [PSYoungGen: 80176K->1344K(79872K)] 394517K->315685K(771584K), 0.0020435 secs] [Times: user=0.01 sys=0.00, real=0.00 secs] 
1858.558: [GC (Allocation Failure) [PSYoungGen: 79680K->1533K(79360K)] 394021K->315874K(771072K), 0.0014775 secs] [Times: user=0.01 sys=0.00, real=0.00 secs] 
1858.695: [GC (Allocation Failure) [PSYoungGen: 79357K->1629K(79360K)] 393698K->315970K(771072K), 0.0016242 secs] [Times: user=0.01 sys=0.00, real=0.00 secs] 
1858.830: [GC (Allocation Failure) [PSYoungGen: 78941K->605K(77824K)] 393282K->315970K(769536K), 0.0014109 secs] [Times: user=0.01 sys=0.00, real=0.00 secs] 
1859.034: [GC (Allocation Failure) [PSYoungGen: 77405K->1600K(78336K)] 392770K->316965K(770048K), 0.0020531 secs] [Times: user=0.01 sys=0.00, real=0.00 secs] 
1859.388: [GC (Allocation Failure) [PSYoungGen: 77888K->1504K(77312K)] 393253K->316901K(769024K), 0.0017332 secs] [Times: user=0.01 sys=0.00, real=0.01 secs] 
1859.794: [GC (Allocation Failure) [PSYoungGen: 77280K->1488K(76800K)] 392677K->316885K(768512K), 0.0020441 secs] [Times: user=0.01 sys=0.00, real=0.00 secs] 
1860.437: [GC (Allocation Failure) [PSYoungGen: 76752K->1488K(76288K)] 392149K->316885K(768000K), 0.0019745 secs] [Times: user=0.01 sys=0.00, real=0.01 secs] 
1860.881: [GC (Allocation Failure) [PSYoungGen: 76240K->1629K(76288K)] 391637K->317026K(768000K), 0.0023412 secs] [Times: user=0.01 sys=0.00, real=0.00 secs] 
1861.110: [GC (Allocation Failure) [PSYoungGen: 75869K->621K(74752K)] 391266K->317042K(766464K), 0.0019077 secs] [Times: user=0.00 sys=0.00, real=0.00 secs] 
1861.249: [GC (Allocation Failure) [PSYoungGen: 74349K->605K(74240K)] 390770K->317026K(765952K), 0.0015204 secs] [Times: user=0.00 sys=0.00, real=0.00 secs] 
1861.378: [GC (Allocation Failure) [PSYoungGen: 73821K->592K(74752K)] 390242K->317013K(766464K), 0.0017215 secs] [Times: user=0.01 sys=0.00, real=0.00 secs] 
1861.975: [GC (Allocation Failure) [PSYoungGen: 73296K->1424K(73728K)] 389717K->318029K(765440K), 0.0021894 secs] [Times: user=0.01 sys=0.00, real=0.00 secs] 
1862.396: [GC (Allocation Failure) [PSYoungGen: 73616K->1392K(73728K)] 390221K->317997K(765440K), 0.0022527 secs] [Times: user=0.01 sys=0.00, real=0.01 secs] 
1863.083: [GC (Allocation Failure) [PSYoungGen: 73072K->1344K(72704K)] 389677K->317949K(764416K), 0.0033293 secs] [Times: user=0.01 sys=0.00, real=0.00 secs] 
1864.037: [GC (Allocation Failure) [PSYoungGen: 72486K->1456K(72704K)] 389092K->318061K(764416K), 0.0038003 secs] [Times: user=0.01 sys=0.00, real=0.01 secs] 
1864.273: [GC (Allocation Failure) [PSYoungGen: 72112K->1485K(71680K)] 388717K->318090K(763392K), 0.0019852 secs] [Times: user=0.01 sys=0.00, real=0.00 secs] 
1864.400: [GC (Allocation Failure) [PSYoungGen: 71629K->1485K(71680K)] 388234K->318090K(763392K), 0.0015899 secs] [Times: user=0.00 sys=0.00, real=0.00 secs] 
1864.524: [GC (Allocation Failure) [PSYoungGen: 71117K->1517K(70656K)] 387722K->318122K(762368K), 0.0015321 secs] [Times: user=0.01 sys=0.00, real=0.00 secs] 
1865.004: [GC (Allocation Failure) [PSYoungGen: 70637K->1456K(70144K)] 387242K->318061K(761856K), 0.0022022 secs] [Times: user=0.01 sys=0.00, real=0.00 secs] 
1866.428: [GC (Allocation Failure) [PSYoungGen: 70064K->1376K(69632K)] 386669K->317981K(761344K), 0.0027584 secs] [Times: user=0.01 sys=0.00, real=0.01 secs] 
1867.047: [GC (Allocation Failure) [PSYoungGen: 69472K->1344K(69632K)] 386077K->317949K(761344K), 0.0026474 secs] [Times: user=0.01 sys=0.00, real=0.01 secs] 
1867.630: [GC (Allocation Failure) [PSYoungGen: 69440K->1376K(70144K)] 386045K->317981K(761856K), 0.0021303 secs] [Times: user=0.01 sys=0.00, real=0.00 secs] 
1868.166: [GC (Allocation Failure) [PSYoungGen: 69472K->1424K(70144K)] 386077K->318029K(761856K), 0.0021328 secs] [Times: user=0.01 sys=0.00, real=0.01 secs] 
1868.310: [GC (Allocation Failure) [PSYoungGen: 69520K->1488K(70144K)] 386125K->318093K(761856K), 0.0015216 secs] [Times: user=0.00 sys=0.00, real=0.00 secs] 
1868.430: [GC (Allocation Failure) [PSYoungGen: 69584K->1501K(70144K)] 386189K->318106K(761856K), 0.0015701 secs] [Times: user=0.00 sys=0.00, real=0.00 secs] 
1868.550: [GC (Allocation Failure) [PSYoungGen: 69597K->1488K(70144K)] 386202K->318093K(761856K), 0.0017319 secs] [Times: user=0.00 sys=0.00, real=0.00 secs] 
1869.121: [GC (Allocation Failure) [PSYoungGen: 69584K->1424K(70144K)] 386189K->318029K(761856K), 0.0020832 secs] [Times: user=0.00 sys=0.00, real=0.00 secs] 
1869.751: [GC (Allocation Failure) [PSYoungGen: 69520K->1408K(70144K)] 386125K->318013K(761856K), 0.0019382 secs] [Times: user=0.01 sys=0.00, real=0.00 secs] 
1870.050: [GC (Allocation Failure) [PSYoungGen: 69504K->1360K(70144K)] 386109K->317965K(761856K), 0.0020127 secs] [Times: user=0.00 sys=0.00, real=0.00 secs] 
1870.424: [GC (Allocation Failure) [PSYoungGen: 69456K->1376K(70144K)] 386061K->317981K(761856K), 0.0020057 secs] [Times: user=0.01 sys=0.00, real=0.00 secs] 
1870.693: [GC (Allocation Failure) [PSYoungGen: 69472K->1472K(70144K)] 386077K->318077K(761856K), 0.0015018 secs] [Times: user=0.00 sys=0.00, real=0.00 secs] 
1870.812: [GC (Allocation Failure) [PSYoungGen: 69568K->1485K(70144K)] 386173K->318090K(761856K), 0.0016464 secs] [Times: user=0.00 sys=0.00, real=0.00 secs] 
1870.934: [GC (Allocation Failure) [PSYoungGen: 69581K->1488K(70144K)] 386186K->318093K(761856K), 0.0015045 secs] [Times: user=0.01 sys=0.00, real=0.00 secs] 
1871.053: [GC (Allocation Failure) [PSYoungGen: 69584K->1485K(70144K)] 386189K->318114K(761856K), 0.0015431 secs] [Times: user=0.00 sys=0.00, real=0.00 secs] 
1871.943: [GC (Allocation Failure) [PSYoungGen: 69581K->1488K(69632K)] 386210K->318117K(761344K), 0.0022795 secs] [Times: user=0.01 sys=0.00, real=0.00 secs] 
1872.753: [GC (Allocation Failure) [PSYoungGen: 69584K->1376K(69632K)] 386213K->318005K(761344K), 0.0025293 secs] [Times: user=0.00 sys=0.00, real=0.00 secs] 
1873.335: [GC (Allocation Failure) [PSYoungGen: 69472K->1408K(69632K)] 386101K->318045K(761344K), 0.0048042 secs] [Times: user=0.02 sys=0.00, real=0.01 secs] 
1873.921: [GC (Allocation Failure) [PSYoungGen: 69504K->1376K(69632K)] 386141K->318013K(761344K), 0.0023518 secs] [Times: user=0.01 sys=0.00, real=0.00 secs] 
1874.245: [GC (Allocation Failure) [PSYoungGen: 69472K->1440K(69632K)] 386109K->318077K(761344K), 0.0021207 secs] [Times: user=0.01 sys=0.00, real=0.00 secs] 
1874.442: [GC (Allocation Failure) [PSYoungGen: 69536K->1501K(69632K)] 386173K->318138K(761344K), 0.0019676 secs] [Times: user=0.00 sys=0.00, real=0.00 secs] 
1874.569: [GC (Allocation Failure) [PSYoungGen: 69597K->1485K(69632K)] 386234K->318122K(761344K), 0.0015527 secs] [Times: user=0.01 sys=0.00, real=0.00 secs] 
1874.689: [GC (Allocation Failure) [PSYoungGen: 69581K->1469K(69632K)] 386218K->318114K(761344K), 0.0016977 secs] [Times: user=0.00 sys=0.00, real=0.00 secs] 
1875.627: [GC (Allocation Failure) [PSYoungGen: 69565K->1376K(69632K)] 386210K->318021K(761344K), 0.0041010 secs] [Times: user=0.01 sys=0.00, real=0.01 secs] 
1876.185: [GC (Allocation Failure) [PSYoungGen: 69472K->1344K(69632K)] 386117K->317989K(761344K), 0.0023925 secs] [Times: user=0.01 sys=0.00, real=0.00 secs] 
1876.464: [GC (Allocation Failure) [PSYoungGen: 69440K->1376K(69632K)] 386085K->318021K(761344K), 0.0019273 secs] [Times: user=0.01 sys=0.00, real=0.00 secs] 
1877.069: [GC (Allocation Failure) [PSYoungGen: 69472K->1344K(69632K)] 386117K->317989K(761344K), 0.0023851 secs] [Times: user=0.01 sys=0.00, real=0.00 secs] 
1877.430: [GC (Allocation Failure) [PSYoungGen: 69440K->1421K(69632K)] 386085K->318066K(761344K), 0.0017979 secs] [Times: user=0.01 sys=0.01, real=0.00 secs] 
1877.594: [GC (Allocation Failure) [PSYoungGen: 69517K->1517K(69632K)] 386162K->318162K(761344K), 0.0020796 secs] [Times: user=0.01 sys=0.00, real=0.00 secs] 
1877.746: [GC (Allocation Failure) [PSYoungGen: 69613K->1488K(70144K)] 386258K->318133K(761856K), 0.0015101 secs] [Times: user=0.01 sys=0.00, real=0.00 secs] 
1877.885: [GC (Allocation Failure) [PSYoungGen: 69584K->1456K(70144K)] 386229K->318109K(761856K), 0.0018216 secs] [Times: user=0.01 sys=0.00, real=0.00 secs] 
1878.337: [GC (Allocation Failure) [PSYoungGen: 69552K->1440K(70144K)] 386205K->318093K(761856K), 0.0030999 secs] [Times: user=0.01 sys=0.00, real=0.01 secs] 
1878.857: [GC (Allocation Failure) [PSYoungGen: 69536K->1376K(70144K)] 386189K->318029K(761856K), 0.0021802 secs] [Times: user=0.01 sys=0.00, real=0.01 secs] 
1879.147: [GC (Allocation Failure) [PSYoungGen: 69472K->1376K(70144K)] 386125K->318029K(761856K), 0.0019929 secs] [Times: user=0.01 sys=0.00, real=0.01 secs] 
1879.539: [GC (Allocation Failure) [PSYoungGen: 69472K->1344K(70144K)] 386125K->317997K(761856K), 0.0019431 secs] [Times: user=0.01 sys=0.00, real=0.00 secs] 
1879.944: [GC (Allocation Failure) [PSYoungGen: 69440K->1472K(70144K)] 386093K->318125K(761856K), 0.0017357 secs] [Times: user=0.01 sys=0.00, real=0.00 secs] 
1880.066: [GC (Allocation Failure) [PSYoungGen: 69557K->1517K(70144K)] 386211K->318170K(761856K), 0.0017075 secs] [Times: user=0.01 sys=0.00, real=0.01 secs] 
1880.187: [GC (Allocation Failure) [PSYoungGen: 69613K->1453K(70144K)] 386266K->318106K(761856K), 0.0015491 secs] [Times: user=0.01 sys=0.00, real=0.01 secs] 
1880.308: [GC (Allocation Failure) [PSYoungGen: 69549K->1488K(70144K)] 386202K->318149K(761856K), 0.0015957 secs] [Times: user=0.01 sys=0.00, real=0.01 secs] 
1880.851: [GC (Allocation Failure) [PSYoungGen: 69584K->1440K(69632K)] 386245K->318101K(761344K), 0.0019739 secs] [Times: user=0.01 sys=0.00, real=0.00 secs] 
1881.610: [GC (Allocation Failure) [PSYoungGen: 69536K->1424K(69632K)] 386197K->318085K(761344K), 0.0028932 secs] [Times: user=0.01 sys=0.00, real=0.00 secs] 
1882.056: [GC (Allocation Failure) [PSYoungGen: 69520K->1376K(69632K)] 386181K->318037K(761344K), 0.0022734 secs] [Times: user=0.00 sys=0.00, real=0.01 secs] 
1882.809: [GC (Allocation Failure) [PSYoungGen: 69472K->1344K(69632K)] 386133K->318013K(761344K), 0.0021280 secs] [Times: user=0.01 sys=0.00, real=0.00 secs] 
1883.315: [GC (Allocation Failure) [PSYoungGen: 69440K->1456K(69632K)] 386109K->318125K(761344K), 0.0021337 secs] [Times: user=0.01 sys=0.00, real=0.00 secs] 
1883.472: [GC (Allocation Failure) [PSYoungGen: 69552K->1533K(69632K)] 386221K->318202K(761344K), 0.0016076 secs] [Times: user=0.01 sys=0.00, real=0.00 secs] 
1883.595: [GC (Allocation Failure) [PSYoungGen: 69629K->1437K(69632K)] 386298K->318106K(761344K), 0.0014971 secs] [Times: user=0.01 sys=0.00, real=0.00 secs] 
1883.734: [GC (Allocation Failure) [PSYoungGen: 69533K->1520K(69632K)] 386202K->318197K(761344K), 0.0019459 secs] [Times: user=0.01 sys=0.00, real=0.00 secs] 
1884.412: [GC (Allocation Failure) [PSYoungGen: 69616K->1408K(69632K)] 386293K->318085K(761344K), 0.0035162 secs] [Times: user=0.01 sys=0.00, real=0.00 secs] 
1885.022: [GC (Allocation Failure) [PSYoungGen: 69504K->1376K(69632K)] 386181K->318053K(761344K), 0.0024508 secs] [Times: user=0.01 sys=0.00, real=0.00 secs] 
1885.552: [GC (Allocation Failure) [PSYoungGen: 69472K->1376K(69632K)] 386149K->318053K(761344K), 0.0024014 secs] [Times: user=0.00 sys=0.00, real=0.00 secs] 
1886.171: [GC (Allocation Failure) [PSYoungGen: 69472K->1344K(69632K)] 386149K->318021K(761344K), 0.0035123 secs] [Times: user=0.01 sys=0.00, real=0.00 secs] 
1886.569: [GC (Allocation Failure) [PSYoungGen: 69440K->1453K(69632K)] 386117K->318138K(761344K), 0.0021202 secs] [Times: user=0.01 sys=0.00, real=0.00 secs] 
1886.712: [GC (Allocation Failure) [PSYoungGen: 69530K->1488K(69632K)] 386216K->318173K(761344K), 0.0016453 secs] [Times: user=0.01 sys=0.00, real=0.00 secs] 
1886.831: [GC (Allocation Failure) [PSYoungGen: 69584K->1424K(70144K)] 386269K->318109K(761856K), 0.0017032 secs] [Times: user=0.00 sys=0.00, real=0.00 secs] 
1886.951: [GC (Allocation Failure) [PSYoungGen: 69520K->1456K(70144K)] 386205K->318149K(761856K), 0.0015441 secs] [Times: user=0.00 sys=0.00, real=0.00 secs] 
1888.801: [GC (Allocation Failure) [PSYoungGen: 69552K->1456K(69632K)] 386245K->318149K(761344K), 0.0038778 secs] [Times: user=0.02 sys=0.01, real=0.00 secs] 
1889.461: [GC (Allocation Failure) [PSYoungGen: 69552K->1408K(69632K)] 386245K->318101K(761344K), 0.0036110 secs] [Times: user=0.01 sys=0.00, real=0.00 secs] 
1889.964: [GC (Allocation Failure) [PSYoungGen: 69504K->1344K(69632K)] 386197K->318037K(761344K), 0.0025634 secs] [Times: user=0.01 sys=0.00, real=0.00 secs] 
1890.463: [GC (Allocation Failure) [PSYoungGen: 69440K->1344K(69632K)] 386133K->318037K(761344K), 0.0024222 secs] [Times: user=0.01 sys=0.00, real=0.00 secs] 
1890.780: [GC (Allocation Failure) [PSYoungGen: 69440K->1501K(69632K)] 386133K->318194K(761344K), 0.0018747 secs] [Times: user=0.01 sys=0.00, real=0.00 secs] 
1890.909: [GC (Allocation Failure) [PSYoungGen: 69597K->1501K(69632K)] 386290K->318194K(761344K), 0.0016027 secs] [Times: user=0.00 sys=0.00, real=0.00 secs] 
1891.030: [GC (Allocation Failure) [PSYoungGen: 69597K->1485K(69632K)] 386290K->318178K(761344K), 0.0019927 secs] [Times: user=0.00 sys=0.00, real=0.00 secs] 
1891.151: [GC (Allocation Failure) [PSYoungGen: 69581K->1504K(73728K)] 386274K->318205K(765440K), 0.0015411 secs] [Times: user=0.00 sys=0.00, real=0.00 secs] 
1892.427: [GC (Allocation Failure) [PSYoungGen: 73184K->1408K(72704K)] 389885K->318109K(764416K), 0.0039407 secs] [Times: user=0.01 sys=0.00, real=0.01 secs] 
1893.444: [GC (Allocation Failure) [PSYoungGen: 72576K->1312K(72192K)] 389277K->318013K(763904K), 0.0042817 secs] [Times: user=0.01 sys=0.00, real=0.01 secs] 
1894.052: [GC (Allocation Failure) [PSYoungGen: 71968K->1376K(71680K)] 388669K->318077K(763392K), 0.0026965 secs] [Times: user=0.01 sys=0.01, real=0.00 secs] 
1894.714: [GC (Allocation Failure) [PSYoungGen: 71520K->1376K(71168K)] 388221K->318085K(762880K), 0.0028569 secs] [Times: user=0.01 sys=0.00, real=0.00 secs] 
1894.952: [GC (Allocation Failure) [PSYoungGen: 71008K->1469K(70656K)] 387717K->318178K(762368K), 0.0014362 secs] [Times: user=0.01 sys=0.00, real=0.00 secs] 
1895.093: [GC (Allocation Failure) [PSYoungGen: 70589K->1485K(70144K)] 387298K->318194K(761856K), 0.0019870 secs] [Times: user=0.01 sys=0.00, real=0.00 secs] 
1895.244: [GC (Allocation Failure) [PSYoungGen: 70093K->1517K(69632K)] 386802K->318226K(761344K), 0.0019651 secs] [Times: user=0.01 sys=0.00, real=0.00 secs] 
1895.608: [GC (Allocation Failure) [PSYoungGen: 69613K->1440K(69632K)] 386322K->318173K(761344K), 0.0024133 secs] [Times: user=0.01 sys=0.00, real=0.00 secs] 
1895.937: [GC (Allocation Failure) [PSYoungGen: 69536K->1376K(69632K)] 386269K->318109K(761344K), 0.0019723 secs] [Times: user=0.01 sys=0.00, real=0.01 secs] 
1896.259: [GC (Allocation Failure) [PSYoungGen: 69472K->1344K(69632K)] 386205K->318077K(761344K), 0.0020656 secs] [Times: user=0.00 sys=0.00, real=0.00 secs] 
1896.542: [GC (Allocation Failure) [PSYoungGen: 69440K->1408K(69632K)] 386173K->318141K(761344K), 0.0019182 secs] [Times: user=0.01 sys=0.00, real=0.00 secs] 
1896.827: [GC (Allocation Failure) [PSYoungGen: 69504K->1488K(69632K)] 386237K->318221K(761344K), 0.0018485 secs] [Times: user=0.01 sys=0.00, real=0.01 secs] 
1896.954: [GC (Allocation Failure) [PSYoungGen: 69584K->1488K(69632K)] 386317K->318221K(761344K), 0.0016249 secs] [Times: user=0.00 sys=0.00, real=0.00 secs] 
1897.073: [GC (Allocation Failure) [PSYoungGen: 69584K->1421K(69632K)] 386317K->318154K(761344K), 0.0015373 secs] [Times: user=0.00 sys=0.00, real=0.00 secs] 
1897.193: [GC (Allocation Failure) [PSYoungGen: 69517K->1517K(70144K)] 386250K->318250K(761856K), 0.0015957 secs] [Times: user=0.00 sys=0.00, real=0.00 secs] 
1898.199: [GC (Allocation Failure) [PSYoungGen: 69613K->1408K(70144K)] 386346K->318141K(761856K), 0.0037919 secs] [Times: user=0.02 sys=0.00, real=0.00 secs] 
1899.730: [GC (Allocation Failure) [PSYoungGen: 69504K->1376K(70144K)] 386237K->318109K(761856K), 0.0049461 secs] [Times: user=0.02 sys=0.00, real=0.00 secs] 
1900.257: [GC (Allocation Failure) [PSYoungGen: 69472K->1376K(70144K)] 386205K->318109K(761856K), 0.0024397 secs] [Times: user=0.01 sys=0.01, real=0.01 secs] 
1900.750: [GC (Allocation Failure) [PSYoungGen: 69472K->1408K(70144K)] 386205K->318141K(761856K), 0.0021717 secs] [Times: user=0.01 sys=0.00, real=0.00 secs] 
1901.322: [GC (Allocation Failure) [PSYoungGen: 69504K->1456K(70144K)] 386237K->318189K(761856K), 0.0029031 secs] [Times: user=0.02 sys=0.00, real=0.00 secs] 
1901.526: [GC (Allocation Failure) [PSYoungGen: 69552K->1485K(70144K)] 386285K->318218K(761856K), 0.0018772 secs] [Times: user=0.00 sys=0.00, real=0.00 secs] 
1901.648: [GC (Allocation Failure) [PSYoungGen: 69581K->1488K(70144K)] 386314K->318221K(761856K), 0.0015607 secs] [Times: user=0.01 sys=0.00, real=0.01 secs] 
1901.769: [GC (Allocation Failure) [PSYoungGen: 69584K->1488K(70144K)] 386317K->318237K(761856K), 0.0016148 secs] [Times: user=0.01 sys=0.00, real=0.00 secs] 
1902.545: [GC (Allocation Failure) [PSYoungGen: 69584K->1424K(70144K)] 386333K->318173K(761856K), 0.0038501 secs] [Times: user=0.01 sys=0.00, real=0.01 secs] 
1903.742: [GC (Allocation Failure) [PSYoungGen: 69520K->1376K(70144K)] 386269K->318125K(761856K), 0.0036714 secs] [Times: user=0.01 sys=0.00, real=0.00 secs] 
1904.852: [GC (Allocation Failure) [PSYoungGen: 69472K->1376K(70144K)] 386221K->318125K(761856K), 0.0028971 secs] [Times: user=0.01 sys=0.00, real=0.00 secs] 
1906.032: [GC (Allocation Failure) [PSYoungGen: 69472K->1344K(70144K)] 386221K->318093K(761856K), 0.0033903 secs] [Times: user=0.01 sys=0.00, real=0.00 secs] 
1907.078: [GC (Allocation Failure) [PSYoungGen: 69440K->1456K(70144K)] 386189K->318205K(761856K), 0.0030194 secs] [Times: user=0.01 sys=0.00, real=0.01 secs] 
1907.283: [GC (Allocation Failure) [PSYoungGen: 69552K->1520K(70144K)] 386301K->318277K(761856K), 0.0018987 secs] [Times: user=0.01 sys=0.00, real=0.00 secs] 
1907.405: [GC (Allocation Failure) [PSYoungGen: 69616K->1453K(70144K)] 386373K->318226K(761856K), 0.0017003 secs] [Times: user=0.00 sys=0.00, real=0.00 secs] 
1907.524: [GC (Allocation Failure) [PSYoungGen: 69549K->1520K(70144K)] 386322K->318317K(761856K), 0.0015164 secs] [Times: user=0.01 sys=0.00, real=0.00 secs] 
1907.937: [GC (Allocation Failure) [PSYoungGen: 69616K->1488K(70144K)] 386413K->318285K(761856K), 0.0020296 secs] [Times: user=0.01 sys=0.00, real=0.01 secs] 
1908.839: [GC (Allocation Failure) [PSYoungGen: 69584K->1408K(70144K)] 386381K->318205K(761856K), 0.0034939 secs] [Times: user=0.01 sys=0.00, real=0.00 secs] 
1909.906: [GC (Allocation Failure) [PSYoungGen: 69504K->1376K(70144K)] 386301K->318173K(761856K), 0.0027879 secs] [Times: user=0.01 sys=0.00, real=0.01 secs] 
1910.973: [GC (Allocation Failure) [PSYoungGen: 69472K->1408K(70144K)] 386269K->318205K(761856K), 0.0032738 secs] [Times: user=0.01 sys=0.00, real=0.00 secs] 
1911.759: [GC (Allocation Failure) [PSYoungGen: 69504K->1520K(70144K)] 386301K->318317K(761856K), 0.0025666 secs] [Times: user=0.01 sys=0.00, real=0.00 secs] 
1911.981: [GC (Allocation Failure) [PSYoungGen: 69616K->1517K(70144K)] 386413K->318314K(761856K), 0.0022034 secs] [Times: user=0.01 sys=0.00, real=0.00 secs] 
1912.163: [GC (Allocation Failure) [PSYoungGen: 69613K->1549K(70144K)] 386410K->318346K(761856K), 0.0021452 secs] [Times: user=0.01 sys=0.00, real=0.00 secs] 
1912.316: [GC (Allocation Failure) [PSYoungGen: 69645K->1485K(70144K)] 386442K->318306K(761856K), 0.0015595 secs] [Times: user=0.01 sys=0.00, real=0.00 secs] 
1912.756: [GC (Allocation Failure) [PSYoungGen: 69581K->1456K(70144K)] 386402K->318277K(761856K), 0.0035499 secs] [Times: user=0.01 sys=0.01, real=0.01 secs] 
1913.357: [GC (Allocation Failure) [PSYoungGen: 69552K->1408K(70144K)] 386373K->318229K(761856K), 0.0025940 secs] [Times: user=0.01 sys=0.00, real=0.01 secs] 
1914.202: [GC (Allocation Failure) [PSYoungGen: 69504K->1408K(70144K)] 386325K->318229K(761856K), 0.0027138 secs] [Times: user=0.01 sys=0.00, real=0.00 secs] 
1915.065: [GC (Allocation Failure) [PSYoungGen: 69504K->1408K(70144K)] 386325K->318229K(761856K), 0.0035852 secs] [Times: user=0.02 sys=0.00, real=0.01 secs] 
1915.975: [GC (Allocation Failure) [PSYoungGen: 69504K->1440K(70144K)] 386325K->318285K(761856K), 0.0026225 secs] [Times: user=0.01 sys=0.00, real=0.00 secs] 
1916.161: [GC (Allocation Failure) [PSYoungGen: 69536K->1421K(70144K)] 386381K->318266K(761856K), 0.0015282 secs] [Times: user=0.00 sys=0.00, real=0.00 secs] 
1916.281: [GC (Allocation Failure) [PSYoungGen: 69517K->1488K(70144K)] 386362K->318333K(761856K), 0.0015727 secs] [Times: user=0.00 sys=0.00, real=0.00 secs] 
1916.400: [GC (Allocation Failure) [PSYoungGen: 69584K->1453K(70144K)] 386429K->318314K(761856K), 0.0015472 secs] [Times: user=0.01 sys=0.00, real=0.00 secs] 
1916.709: [GC (Allocation Failure) [PSYoungGen: 69549K->1424K(70144K)] 386410K->318285K(761856K), 0.0020506 secs] [Times: user=0.00 sys=0.00, real=0.00 secs] 
1916.993: [GC (Allocation Failure) [PSYoungGen: 69520K->1408K(70144K)] 386381K->318269K(761856K), 0.0018875 secs] [Times: user=0.01 sys=0.00, real=0.00 secs] 
1917.276: [GC (Allocation Failure) [PSYoungGen: 69504K->1344K(70144K)] 386365K->318205K(761856K), 0.0017977 secs] [Times: user=0.01 sys=0.00, real=0.00 secs] 
1917.558: [GC (Allocation Failure) [PSYoungGen: 69440K->1376K(70144K)] 386301K->318237K(761856K), 0.0037807 secs] [Times: user=0.01 sys=0.00, real=0.00 secs] 
1917.827: [GC (Allocation Failure) [PSYoungGen: 69472K->1440K(70144K)] 386333K->318301K(761856K), 0.0016179 secs] [Times: user=0.00 sys=0.00, real=0.01 secs] 
1917.948: [GC (Allocation Failure) [PSYoungGen: 69536K->1549K(70144K)] 386397K->318410K(761856K), 0.0015110 secs] [Times: user=0.00 sys=0.00, real=0.01 secs] 
1918.068: [GC (Allocation Failure) [PSYoungGen: 69645K->1533K(70144K)] 386506K->318394K(761856K), 0.0015433 secs] [Times: user=0.00 sys=0.00, real=0.00 secs] 
1918.188: [GC (Allocation Failure) [PSYoungGen: 69629K->1501K(77312K)] 386490K->318378K(769024K), 0.0016701 secs] [Times: user=0.00 sys=0.00, real=0.01 secs] 
1918.463: [GC (Allocation Failure) [PSYoungGen: 76765K->1408K(76288K)] 393642K->318285K(768000K), 0.0016044 secs] [Times: user=0.01 sys=0.00, real=0.00 secs] 
1918.774: [GC (Allocation Failure) [PSYoungGen: 76160K->1376K(75776K)] 393037K->318253K(767488K), 0.0018008 secs] [Times: user=0.01 sys=0.00, real=0.00 secs] 
1919.082: [GC (Allocation Failure) [PSYoungGen: 75616K->1376K(75264K)] 392493K->318253K(766976K), 0.0017396 secs] [Times: user=0.00 sys=0.00, real=0.00 secs] 
1919.388: [GC (Allocation Failure) [PSYoungGen: 75104K->1344K(74752K)] 391981K->318221K(766464K), 0.0016417 secs] [Times: user=0.01 sys=0.00, real=0.01 secs] 
1919.565: [GC (Allocation Failure) [PSYoungGen: 74560K->1453K(74240K)] 391437K->318330K(765952K), 0.0015478 secs] [Times: user=0.01 sys=0.00, real=0.00 secs] 
1919.693: [GC (Allocation Failure) [PSYoungGen: 74157K->1552K(74240K)] 391034K->318429K(765952K), 0.0016911 secs] [Times: user=0.00 sys=0.00, real=0.00 secs] 
1919.819: [GC (Allocation Failure) [PSYoungGen: 73744K->1453K(73216K)] 390621K->318330K(764928K), 0.0016043 secs] [Times: user=0.01 sys=0.00, real=0.00 secs] 
1920.016: [GC (Allocation Failure) [PSYoungGen: 73133K->1392K(72704K)] 390010K->318269K(764416K), 0.0018310 secs] [Times: user=0.01 sys=0.00, real=0.01 secs] 
1920.331: [GC (Allocation Failure) [PSYoungGen: 72560K->1376K(72192K)] 389437K->318253K(763904K), 0.0017466 secs] [Times: user=0.01 sys=0.00, real=0.00 secs] 
1920.637: [GC (Allocation Failure) [PSYoungGen: 72032K->1376K(71680K)] 388909K->318277K(763392K), 0.0016866 secs] [Times: user=0.01 sys=0.00, real=0.01 secs] 
1920.982: [GC (Allocation Failure) [PSYoungGen: 71520K->1376K(71168K)] 388421K->318277K(762880K), 0.0018605 secs] [Times: user=0.01 sys=0.00, real=0.00 secs] 
1921.558: [GC (Allocation Failure) [PSYoungGen: 71008K->1424K(70656K)] 387909K->318325K(762368K), 0.0019058 secs] [Times: user=0.01 sys=0.00, real=0.00 secs] 
1921.695: [GC (Allocation Failure) [PSYoungGen: 70544K->1536K(70656K)] 387445K->318437K(762368K), 0.0018796 secs] [Times: user=0.00 sys=0.00, real=0.00 secs] 
1921.815: [GC (Allocation Failure) [PSYoungGen: 70144K->445K(68608K)] 387045K->318370K(760320K), 0.0016073 secs] [Times: user=0.01 sys=0.00, real=0.00 secs] 
1921.934: [GC (Allocation Failure) [PSYoungGen: 68541K->397K(70144K)] 386466K->318322K(761856K), 0.0015543 secs] [Times: user=0.00 sys=0.00, real=0.00 secs] 
1922.598: [GC (Allocation Failure) [PSYoungGen: 68493K->1392K(69632K)] 386418K->319317K(761344K), 0.0023273 secs] [Times: user=0.01 sys=0.00, real=0.01 secs] 
1924.155: [GC (Allocation Failure) [PSYoungGen: 69488K->1360K(69632K)] 387413K->319285K(761344K), 0.0040448 secs] [Times: user=0.02 sys=0.00, real=0.01 secs] 
1925.164: [GC (Allocation Failure) [PSYoungGen: 69456K->1344K(69632K)] 387381K->319269K(761344K), 0.0024562 secs] [Times: user=0.01 sys=0.00, real=0.00 secs] 
1925.680: [GC (Allocation Failure) [PSYoungGen: 69440K->1344K(69632K)] 387365K->319269K(761344K), 0.0019771 secs] [Times: user=0.01 sys=0.00, real=0.00 secs] 
1925.936: [GC (Allocation Failure) [PSYoungGen: 69440K->1453K(69632K)] 387365K->319378K(761344K), 0.0014868 secs] [Times: user=0.01 sys=0.00, real=0.00 secs] 
1926.054: [GC (Allocation Failure) [PSYoungGen: 69549K->1501K(69632K)] 387474K->319426K(761344K), 0.0017229 secs] [Times: user=0.00 sys=0.00, real=0.00 secs] 
1926.175: [GC (Allocation Failure) [PSYoungGen: 69597K->1488K(69632K)] 387522K->319413K(761344K), 0.0015273 secs] [Times: user=0.00 sys=0.00, real=0.00 secs] 
1926.294: [GC (Allocation Failure) [PSYoungGen: 69584K->1501K(69632K)] 387509K->319434K(761344K), 0.0016281 secs] [Times: user=0.01 sys=0.00, real=0.00 secs] 
1926.760: [GC (Allocation Failure) [PSYoungGen: 69597K->1424K(69632K)] 387530K->319357K(761344K), 0.0020724 secs] [Times: user=0.01 sys=0.00, real=0.00 secs] 
1927.439: [GC (Allocation Failure) [PSYoungGen: 69520K->1360K(69632K)] 387453K->319293K(761344K), 0.0022184 secs] [Times: user=0.01 sys=0.00, real=0.00 secs] 
1927.722: [GC (Allocation Failure) [PSYoungGen: 69456K->1408K(69632K)] 387389K->319341K(761344K), 0.0020739 secs] [Times: user=0.00 sys=0.00, real=0.00 secs] 
1928.005: [GC (Allocation Failure) [PSYoungGen: 69504K->1408K(69632K)] 387437K->319341K(761344K), 0.0021383 secs] [Times: user=0.00 sys=0.00, real=0.00 secs] 
1928.373: [GC (Allocation Failure) [PSYoungGen: 69504K->1501K(69632K)] 387437K->319434K(761344K), 0.0015049 secs] [Times: user=0.01 sys=0.00, real=0.00 secs] 
1928.512: [GC (Allocation Failure) [PSYoungGen: 69597K->1517K(69632K)] 387530K->319450K(761344K), 0.0019132 secs] [Times: user=0.00 sys=0.00, real=0.00 secs] 
1928.666: [GC (Allocation Failure) [PSYoungGen: 69613K->1549K(70144K)] 387546K->319482K(761856K), 0.0020361 secs] [Times: user=0.00 sys=0.00, real=0.00 secs] 
1928.830: [GC (Allocation Failure) [PSYoungGen: 69645K->1424K(70144K)] 387578K->319365K(761856K), 0.0015657 secs] [Times: user=0.00 sys=0.00, real=0.00 secs] 
1929.323: [GC (Allocation Failure) [PSYoungGen: 69520K->1408K(70144K)] 387461K->319349K(761856K), 0.0024516 secs] [Times: user=0.01 sys=0.00, real=0.00 secs] 
1929.934: [GC (Allocation Failure) [PSYoungGen: 69504K->1392K(70144K)] 387445K->319333K(761856K), 0.0023012 secs] [Times: user=0.01 sys=0.00, real=0.00 secs] 
1930.271: [GC (Allocation Failure) [PSYoungGen: 69488K->1376K(70144K)] 387429K->319317K(761856K), 0.0019954 secs] [Times: user=0.01 sys=0.00, real=0.00 secs] 
1930.713: [GC (Allocation Failure) [PSYoungGen: 69472K->1408K(70144K)] 387413K->319349K(761856K), 0.0019396 secs] [Times: user=0.00 sys=0.00, real=0.00 secs] 
1931.178: [GC (Allocation Failure) [PSYoungGen: 69504K->1440K(70144K)] 387445K->319381K(761856K), 0.0018015 secs] [Times: user=0.00 sys=0.00, real=0.00 secs] 
1931.301: [GC (Allocation Failure) [PSYoungGen: 69536K->1485K(70144K)] 387477K->319426K(761856K), 0.0016854 secs] [Times: user=0.01 sys=0.00, real=0.00 secs] 
1931.420: [GC (Allocation Failure) [PSYoungGen: 69581K->1485K(70144K)] 387522K->319426K(761856K), 0.0017624 secs] [Times: user=0.01 sys=0.00, real=0.00 secs] 
1931.558: [GC (Allocation Failure) [PSYoungGen: 69581K->1485K(70144K)] 387522K->319434K(761856K), 0.0018990 secs] [Times: user=0.01 sys=0.00, real=0.01 secs] 
1932.154: [GC (Allocation Failure) [PSYoungGen: 69581K->1456K(69632K)] 387530K->319421K(761344K), 0.0019524 secs] [Times: user=0.00 sys=0.00, real=0.00 secs] 
1932.770: [GC (Allocation Failure) [PSYoungGen: 69552K->1344K(69632K)] 387517K->319309K(761344K), 0.0030488 secs] [Times: user=0.01 sys=0.00, real=0.00 secs] 
1933.325: [GC (Allocation Failure) [PSYoungGen: 69440K->1344K(69632K)] 387405K->319309K(761344K), 0.0023658 secs] [Times: user=0.01 sys=0.00, real=0.00 secs] 
1933.772: [GC (Allocation Failure) [PSYoungGen: 69440K->1344K(69632K)] 387405K->319309K(761344K), 0.0025255 secs] [Times: user=0.01 sys=0.00, real=0.00 secs] 
1934.051: [GC (Allocation Failure) [PSYoungGen: 69440K->1520K(69632K)] 387405K->319485K(761344K), 0.0018938 secs] [Times: user=0.01 sys=0.00, real=0.00 secs] 
1934.176: [GC (Allocation Failure) [PSYoungGen: 69616K->1501K(69632K)] 387581K->319466K(761344K), 0.0015859 secs] [Times: user=0.00 sys=0.00, real=0.00 secs] 
1934.296: [GC (Allocation Failure) [PSYoungGen: 69597K->1488K(69632K)] 387562K->319453K(761344K), 0.0015990 secs] [Times: user=0.01 sys=0.00, real=0.00 secs] 
1934.416: [GC (Allocation Failure) [PSYoungGen: 69584K->1533K(69632K)] 387549K->319506K(761344K), 0.0014226 secs] [Times: user=0.00 sys=0.00, real=0.00 secs] 
1935.101: [GC (Allocation Failure) [PSYoungGen: 69629K->1440K(69632K)] 387602K->319413K(761344K), 0.0017669 secs] [Times: user=0.01 sys=0.00, real=0.00 secs] 
1936.039: [GC (Allocation Failure) [PSYoungGen: 69536K->1328K(69632K)] 387509K->319301K(761344K), 0.0023382 secs] [Times: user=0.01 sys=0.00, real=0.00 secs] 
1936.930: [GC (Allocation Failure) [PSYoungGen: 69424K->1392K(69632K)] 387397K->319365K(761344K), 0.0032194 secs] [Times: user=0.02 sys=0.00, real=0.00 secs] 
1937.623: [GC (Allocation Failure) [PSYoungGen: 69488K->1376K(69632K)] 387461K->319365K(761344K), 0.0034281 secs] [Times: user=0.01 sys=0.00, real=0.00 secs] 
1937.971: [GC (Allocation Failure) [PSYoungGen: 69472K->1485K(69632K)] 387461K->319482K(761344K), 0.0019001 secs] [Times: user=0.01 sys=0.00, real=0.00 secs] 
1938.102: [GC (Allocation Failure) [PSYoungGen: 69581K->1456K(69632K)] 387578K->319453K(761344K), 0.0016016 secs] [Times: user=0.01 sys=0.00, real=0.00 secs] 
1938.221: [GC (Allocation Failure) [PSYoungGen: 69552K->1453K(70144K)] 387549K->319450K(761856K), 0.0017456 secs] [Times: user=0.01 sys=0.00, real=0.00 secs] 
1938.359: [GC (Allocation Failure) [PSYoungGen: 69549K->1517K(70144K)] 387546K->319522K(761856K), 0.0019567 secs] [Times: user=0.01 sys=0.00, real=0.00 secs] 
1938.991: [GC (Allocation Failure) [PSYoungGen: 69613K->1424K(69632K)] 387618K->319429K(761344K), 0.0024498 secs] [Times: user=0.00 sys=0.01, real=0.00 secs] 
1939.446: [GC (Allocation Failure) [PSYoungGen: 69520K->1376K(69632K)] 387525K->319381K(761344K), 0.0020959 secs] [Times: user=0.00 sys=0.00, real=0.01 secs] 
1939.729: [GC (Allocation Failure) [PSYoungGen: 69472K->1408K(69632K)] 387477K->319413K(761344K), 0.0020219 secs] [Times: user=0.01 sys=0.00, real=0.00 secs] 
1940.143: [GC (Allocation Failure) [PSYoungGen: 69504K->1344K(69632K)] 387509K->319349K(761344K), 0.0020474 secs] [Times: user=0.01 sys=0.00, real=0.00 secs] 
1940.469: [GC (Allocation Failure) [PSYoungGen: 69414K->1504K(69632K)] 387419K->319509K(761344K), 0.0015090 secs] [Times: user=0.01 sys=0.00, real=0.00 secs] 
1940.589: [GC (Allocation Failure) [PSYoungGen: 69600K->1501K(69632K)] 387605K->319506K(761344K), 0.0017181 secs] [Times: user=0.01 sys=0.00, real=0.00 secs] 
1940.709: [GC (Allocation Failure) [PSYoungGen: 69597K->1517K(69632K)] 387602K->319522K(761344K), 0.0015288 secs] [Times: user=0.00 sys=0.00, real=0.00 secs] 
1940.828: [GC (Allocation Failure) [PSYoungGen: 69613K->1565K(73728K)] 387618K->319578K(765440K), 0.0015980 secs] [Times: user=0.00 sys=0.00, real=0.00 secs] 
1941.650: [GC (Allocation Failure) [PSYoungGen: 73245K->1440K(72704K)] 391258K->319453K(764416K), 0.0038835 secs] [Times: user=0.02 sys=0.00, real=0.00 secs] 
1942.092: [GC (Allocation Failure) [PSYoungGen: 72608K->1376K(72192K)] 390621K->319389K(763904K), 0.0030202 secs] [Times: user=0.01 sys=0.00, real=0.00 secs] 
1942.593: [GC (Allocation Failure) [PSYoungGen: 72032K->1376K(71680K)] 390045K->319405K(763392K), 0.0020904 secs] [Times: user=0.01 sys=0.00, real=0.00 secs] 
1943.279: [GC (Allocation Failure) [PSYoungGen: 71520K->1328K(71168K)] 389549K->319357K(762880K), 0.0025254 secs] [Times: user=0.01 sys=0.00, real=0.00 secs] 
1943.535: [GC (Allocation Failure) [PSYoungGen: 70960K->1533K(70656K)] 388989K->319562K(762368K), 0.0014351 secs] [Times: user=0.01 sys=0.00, real=0.00 secs] 
1943.657: [GC (Allocation Failure) [PSYoungGen: 70653K->1533K(70144K)] 388682K->319562K(761856K), 0.0016464 secs] [Times: user=0.01 sys=0.00, real=0.01 secs] 
1943.794: [GC (Allocation Failure) [PSYoungGen: 70111K->1485K(69632K)] 388141K->319514K(761344K), 0.0018655 secs] [Times: user=0.01 sys=0.00, real=0.00 secs] 
1944.277: [GC (Allocation Failure) [PSYoungGen: 69581K->1472K(69632K)] 387610K->319509K(761344K), 0.0025890 secs] [Times: user=0.01 sys=0.00, real=0.01 secs] 
1945.712: [GC (Allocation Failure) [PSYoungGen: 69568K->1344K(69632K)] 387605K->319381K(761344K), 0.0038290 secs] [Times: user=0.01 sys=0.00, real=0.00 secs] 
1946.607: [GC (Allocation Failure) [PSYoungGen: 69440K->1344K(69632K)] 387477K->319381K(761344K), 0.0038884 secs] [Times: user=0.01 sys=0.00, real=0.01 secs] 
1947.363: [GC (Allocation Failure) [PSYoungGen: 69440K->1408K(69632K)] 387477K->319445K(761344K), 0.0027707 secs] [Times: user=0.02 sys=0.00, real=0.00 secs] 
1948.289: [GC (Allocation Failure) [PSYoungGen: 69504K->1488K(69632K)] 387541K->319525K(761344K), 0.0032208 secs] [Times: user=0.01 sys=0.00, real=0.00 secs] 
1948.499: [GC (Allocation Failure) [PSYoungGen: 69584K->1517K(69632K)] 387621K->319554K(761344K), 0.0019436 secs] [Times: user=0.00 sys=0.00, real=0.00 secs] 
1948.622: [GC (Allocation Failure) [PSYoungGen: 69613K->1485K(69632K)] 387650K->319522K(761344K), 0.0015990 secs] [Times: user=0.00 sys=0.00, real=0.00 secs] 
1948.742: [GC (Allocation Failure) [PSYoungGen: 69581K->1488K(70144K)] 387618K->319525K(761856K), 0.0017876 secs] [Times: user=0.00 sys=0.00, real=0.00 secs] 
1949.377: [GC (Allocation Failure) [PSYoungGen: 69584K->1456K(70144K)] 387621K->319493K(761856K), 0.0026694 secs] [Times: user=0.01 sys=0.00, real=0.01 secs] 
1950.888: [GC (Allocation Failure) [PSYoungGen: 69552K->1376K(70144K)] 387589K->319413K(761856K), 0.0021940 secs] [Times: user=0.01 sys=0.00, real=0.01 secs] 
1951.232: [GC (Allocation Failure) [PSYoungGen: 69472K->1344K(70144K)] 387509K->319381K(761856K), 0.0023325 secs] [Times: user=0.01 sys=0.00, real=0.00 secs] 
1951.788: [GC (Allocation Failure) [PSYoungGen: 69440K->1344K(70144K)] 387477K->319381K(761856K), 0.0036847 secs] [Times: user=0.01 sys=0.00, real=0.01 secs] 
1952.504: [GC (Allocation Failure) [PSYoungGen: 69440K->1424K(70144K)] 387477K->319461K(761856K), 0.0029717 secs] [Times: user=0.01 sys=0.00, real=0.00 secs] 
1952.707: [GC (Allocation Failure) [PSYoungGen: 69520K->1517K(70144K)] 387557K->319554K(761856K), 0.0017548 secs] [Times: user=0.01 sys=0.00, real=0.01 secs] 
1952.828: [GC (Allocation Failure) [PSYoungGen: 69613K->1485K(70144K)] 387650K->319522K(761856K), 0.0015078 secs] [Times: user=0.01 sys=0.00, real=0.00 secs] 
1952.949: [GC (Allocation Failure) [PSYoungGen: 69581K->1456K(70144K)] 387618K->319501K(761856K), 0.0016721 secs] [Times: user=0.00 sys=0.00, real=0.00 secs] 
1953.207: [GC (Allocation Failure) [PSYoungGen: 69552K->1408K(70144K)] 387597K->319453K(761856K), 0.0018725 secs] [Times: user=0.01 sys=0.00, real=0.01 secs] 
1953.532: [GC (Allocation Failure) [PSYoungGen: 69504K->1344K(70144K)] 387549K->319389K(761856K), 0.0018107 secs] [Times: user=0.00 sys=0.00, real=0.00 secs] 
1953.815: [GC (Allocation Failure) [PSYoungGen: 69440K->1344K(70144K)] 387485K->319405K(761856K), 0.0028816 secs] [Times: user=0.01 sys=0.00, real=0.01 secs] 
1954.099: [GC (Allocation Failure) [PSYoungGen: 69440K->1408K(70144K)] 387501K->319469K(761856K), 0.0023298 secs] [Times: user=0.01 sys=0.00, real=0.00 secs] 
1954.429: [GC (Allocation Failure) [PSYoungGen: 69504K->1488K(70144K)] 387565K->319549K(761856K), 0.0018735 secs] [Times: user=0.01 sys=0.00, real=0.00 secs] 
1954.559: [GC (Allocation Failure) [PSYoungGen: 69576K->1456K(70144K)] 387637K->319517K(761856K), 0.0015933 secs] [Times: user=0.01 sys=0.00, real=0.00 secs] 
1954.678: [GC (Allocation Failure) [PSYoungGen: 69552K->1517K(70144K)] 387613K->319578K(761856K), 0.0017620 secs] [Times: user=0.01 sys=0.00, real=0.00 secs] 
1954.798: [GC (Allocation Failure) [PSYoungGen: 69613K->1453K(77312K)] 387674K->319522K(769024K), 0.0013913 secs] [Times: user=0.01 sys=0.00, real=0.00 secs] 
1955.425: [GC (Allocation Failure) [PSYoungGen: 76717K->1488K(76288K)] 394786K->319557K(768000K), 0.0024039 secs] [Times: user=0.01 sys=0.00, real=0.00 secs] 
1956.309: [GC (Allocation Failure) [PSYoungGen: 76240K->1376K(75776K)] 394309K->319445K(767488K), 0.0028833 secs] [Times: user=0.01 sys=0.00, real=0.00 secs] 
1957.117: [GC (Allocation Failure) [PSYoungGen: 75616K->1344K(75264K)] 393685K->319413K(766976K), 0.0024441 secs] [Times: user=0.00 sys=0.00, real=0.01 secs] 
1957.940: [GC (Allocation Failure) [PSYoungGen: 75072K->1376K(74752K)] 393141K->319445K(766464K), 0.0033284 secs] [Times: user=0.02 sys=0.00, real=0.00 secs] 
1958.493: [GC (Allocation Failure) [PSYoungGen: 74592K->1488K(74240K)] 392661K->319557K(765952K), 0.0021359 secs] [Times: user=0.01 sys=0.00, real=0.00 secs] 
1958.645: [GC (Allocation Failure) [PSYoungGen: 74192K->1485K(73728K)] 392261K->319554K(765440K), 0.0016864 secs] [Times: user=0.00 sys=0.00, real=0.00 secs] 
1958.792: [GC (Allocation Failure) [PSYoungGen: 73677K->1517K(73216K)] 391746K->319586K(764928K), 0.0019212 secs] [Times: user=0.01 sys=0.00, real=0.00 secs] 
1959.013: [GC (Allocation Failure) [PSYoungGen: 73197K->1984K(73216K)] 391266K->320053K(764928K), 0.0021616 secs] [Times: user=0.01 sys=0.00, real=0.00 secs] 
1959.361: [GC (Allocation Failure) [PSYoungGen: 73152K->1376K(72192K)] 391221K->319445K(763904K), 0.0020369 secs] [Times: user=0.00 sys=0.00, real=0.00 secs] 
1959.710: [GC (Allocation Failure) [PSYoungGen: 72032K->1376K(71680K)] 390101K->319445K(763392K), 0.0019633 secs] [Times: user=0.01 sys=0.00, real=0.00 secs] 
1960.164: [GC (Allocation Failure) [PSYoungGen: 71520K->1344K(71168K)] 389589K->319413K(762880K), 0.0021762 secs] [Times: user=0.01 sys=0.00, real=0.00 secs] 
1960.688: [GC (Allocation Failure) [PSYoungGen: 70976K->1424K(70656K)] 389045K->319493K(762368K), 0.0019958 secs] [Times: user=0.01 sys=0.00, real=0.00 secs] 
1960.829: [GC (Allocation Failure) [PSYoungGen: 70514K->1485K(70144K)] 388583K->319554K(761856K), 0.0016388 secs] [Times: user=0.01 sys=0.00, real=0.00 secs] 
1960.949: [GC (Allocation Failure) [PSYoungGen: 70093K->1485K(69632K)] 388162K->319554K(761344K), 0.0015326 secs] [Times: user=0.00 sys=0.00, real=0.00 secs] 
1961.068: [GC (Allocation Failure) [PSYoungGen: 69581K->1549K(70144K)] 387650K->319618K(761856K), 0.0015988 secs] [Times: user=0.00 sys=0.00, real=0.00 secs] 
1961.478: [GC (Allocation Failure) [PSYoungGen: 69645K->1440K(69632K)] 387714K->319517K(761344K), 0.0018075 secs] [Times: user=0.01 sys=0.00, real=0.00 secs] 
1962.029: [GC (Allocation Failure) [PSYoungGen: 69536K->1376K(70144K)] 387613K->319453K(761856K), 0.0025852 secs] [Times: user=0.01 sys=0.00, real=0.00 secs] 
1962.367: [GC (Allocation Failure) [PSYoungGen: 69472K->1376K(70144K)] 387549K->319453K(761856K), 0.0019597 secs] [Times: user=0.01 sys=0.00, real=0.01 secs] 
1962.782: [GC (Allocation Failure) [PSYoungGen: 69472K->1376K(70144K)] 387549K->319469K(761856K), 0.0020085 secs] [Times: user=0.01 sys=0.00, real=0.00 secs] 
1963.081: [GC (Allocation Failure) [PSYoungGen: 69472K->1456K(70144K)] 387565K->319557K(761856K), 0.0019561 secs] [Times: user=0.01 sys=0.00, real=0.00 secs] 
1963.214: [GC (Allocation Failure) [PSYoungGen: 69550K->1485K(70144K)] 387651K->319586K(761856K), 0.0015472 secs] [Times: user=0.01 sys=0.00, real=0.00 secs] 
1963.351: [GC (Allocation Failure) [PSYoungGen: 69581K->1517K(70144K)] 387682K->319618K(761856K), 0.0018291 secs] [Times: user=0.01 sys=0.00, real=0.00 secs] 
1963.501: [GC (Allocation Failure) [PSYoungGen: 69613K->1485K(70144K)] 387714K->319594K(761856K), 0.0019473 secs] [Times: user=0.00 sys=0.00, real=0.00 secs] 
1964.087: [GC (Allocation Failure) [PSYoungGen: 69581K->1424K(69632K)] 387690K->319533K(761344K), 0.0021457 secs] [Times: user=0.01 sys=0.00, real=0.01 secs] 
1965.060: [GC (Allocation Failure) [PSYoungGen: 69520K->1376K(69632K)] 387629K->319485K(761344K), 0.0039196 secs] [Times: user=0.01 sys=0.00, real=0.00 secs] 
1966.290: [GC (Allocation Failure) [PSYoungGen: 69472K->1312K(69632K)] 387581K->319421K(761344K), 0.0036084 secs] [Times: user=0.01 sys=0.01, real=0.00 secs] 
1967.588: [GC (Allocation Failure) [PSYoungGen: 69408K->1344K(69632K)] 387517K->319453K(761344K), 0.0039321 secs] [Times: user=0.01 sys=0.00, real=0.00 secs] 
1968.184: [GC (Allocation Failure) [PSYoungGen: 69440K->1440K(69632K)] 387549K->319549K(761344K), 0.0023641 secs] [Times: user=0.01 sys=0.00, real=0.00 secs] 
1968.339: [GC (Allocation Failure) [PSYoungGen: 69536K->1501K(69632K)] 387645K->319610K(761344K), 0.0016527 secs] [Times: user=0.01 sys=0.00, real=0.00 secs] 
1968.477: [GC (Allocation Failure) [PSYoungGen: 69597K->1517K(69632K)] 387706K->319626K(761344K), 0.0018433 secs] [Times: user=0.01 sys=0.00, real=0.01 secs] 
1968.628: [GC (Allocation Failure) [PSYoungGen: 69613K->1488K(69632K)] 387722K->319605K(761344K), 0.0020935 secs] [Times: user=0.01 sys=0.00, real=0.00 secs] 
1968.880: [GC (Allocation Failure) [PSYoungGen: 69584K->1440K(69632K)] 387701K->319557K(761344K), 0.0019399 secs] [Times: user=0.01 sys=0.00, real=0.00 secs] 
1969.164: [GC (Allocation Failure) [PSYoungGen: 69536K->1376K(69632K)] 387653K->319493K(761344K), 0.0020896 secs] [Times: user=0.01 sys=0.00, real=0.00 secs] 
1969.447: [GC (Allocation Failure) [PSYoungGen: 69472K->1344K(69632K)] 387589K->319461K(761344K), 0.0020642 secs] [Times: user=0.01 sys=0.00, real=0.01 secs] 
1969.730: [GC (Allocation Failure) [PSYoungGen: 69440K->1376K(69632K)] 387557K->319493K(761344K), 0.0020094 secs] [Times: user=0.00 sys=0.00, real=0.00 secs] 
1969.982: [GC (Allocation Failure) [PSYoungGen: 69472K->1504K(69632K)] 387589K->319621K(761344K), 0.0014710 secs] [Times: user=0.01 sys=0.00, real=0.00 secs] 
1970.101: [GC (Allocation Failure) [PSYoungGen: 69600K->1453K(69632K)] 387717K->319570K(761344K), 0.0015230 secs] [Times: user=0.01 sys=0.00, real=0.00 secs] 
1970.221: [GC (Allocation Failure) [PSYoungGen: 69549K->1456K(70144K)] 387666K->319573K(761856K), 0.0016607 secs] [Times: user=0.01 sys=0.00, real=0.00 secs] 
1970.340: [GC (Allocation Failure) [PSYoungGen: 69552K->1520K(70144K)] 387669K->319645K(761856K), 0.0016318 secs] [Times: user=0.01 sys=0.00, real=0.00 secs] 
1970.563: [GC (Allocation Failure) [PSYoungGen: 69616K->1472K(77312K)] 387741K->319597K(769024K), 0.0084209 secs] [Times: user=0.01 sys=0.04, real=0.01 secs] 
1970.881: [GC (Allocation Failure) [PSYoungGen: 76736K->1376K(77312K)] 394861K->319509K(769024K), 0.0017334 secs] [Times: user=0.00 sys=0.00, real=0.00 secs] 
1971.193: [GC (Allocation Failure) [PSYoungGen: 76640K->1408K(86528K)] 394773K->319541K(778240K), 0.0033811 secs] [Times: user=0.01 sys=0.01, real=0.00 secs] 
1971.544: [GC (Allocation Failure) [PSYoungGen: 85888K->1456K(86528K)] 404021K->319589K(778240K), 0.0042903 secs] [Times: user=0.02 sys=0.01, real=0.01 secs] 
1971.733: [GC (Allocation Failure) [PSYoungGen: 85936K->1533K(96256K)] 404069K->319674K(787968K), 0.0027320 secs] [Times: user=0.01 sys=0.00, real=0.00 secs] 
1971.901: [GC (Allocation Failure) [PSYoungGen: 95741K->1456K(96256K)] 413882K->319597K(787968K), 0.0016120 secs] [Times: user=0.00 sys=0.00, real=0.00 secs] 
1972.193: [GC (Allocation Failure) [PSYoungGen: 95664K->2016K(107008K)] 413805K->320157K(798720K), 0.0102040 secs] [Times: user=0.01 sys=0.04, real=0.01 secs] 
1972.764: [GC (Allocation Failure) [PSYoungGen: 106976K->1376K(107008K)] 425117K->319517K(798720K), 0.0055484 secs] [Times: user=0.02 sys=0.01, real=0.01 secs] 
1973.604: [GC (Allocation Failure) [PSYoungGen: 106336K->1376K(118784K)] 424477K->319525K(810496K), 0.0055891 secs] [Times: user=0.02 sys=0.01, real=0.01 secs] 
1974.320: [GC (Allocation Failure) [PSYoungGen: 118624K->1520K(119808K)] 436773K->319669K(811520K), 0.0141762 secs] [Times: user=0.01 sys=0.04, real=0.01 secs] 
1974.542: [GC (Allocation Failure) [PSYoungGen: 119280K->1565K(133632K)] 437429K->319714K(825344K), 0.0017081 secs] [Times: user=0.00 sys=0.00, real=0.00 secs] 
1975.774: [GC (Allocation Failure) [PSYoungGen: 133149K->1456K(133632K)] 451298K->319715K(825344K), 0.0062560 secs] [Times: user=0.02 sys=0.01, real=0.01 secs] 
1977.243: [GC (Allocation Failure) [PSYoungGen: 133040K->1424K(131584K)] 451299K->319691K(823296K), 0.0023877 secs] [Times: user=0.01 sys=0.00, real=0.00 secs] 
1978.257: [GC (Allocation Failure) [PSYoungGen: 131472K->1504K(130048K)] 449739K->319771K(821760K), 0.0022177 secs] [Times: user=0.01 sys=0.00, real=0.01 secs] 
1978.509: [GC (Allocation Failure) [PSYoungGen: 130016K->1533K(128512K)] 448283K->319856K(820224K), 0.0015083 secs] [Times: user=0.01 sys=0.00, real=0.00 secs] 
1978.913: [GC (Allocation Failure) [PSYoungGen: 128509K->1536K(127488K)] 446832K->319971K(819200K), 0.0018852 secs] [Times: user=0.00 sys=0.00, real=0.00 secs] 
1979.573: [GC (Allocation Failure) [PSYoungGen: 126976K->384K(124928K)] 445411K->319843K(816640K), 0.0020878 secs] [Times: user=0.00 sys=0.00, real=0.00 secs] 
1980.844: [GC (Allocation Failure) [PSYoungGen: 124800K->352K(125440K)] 444259K->319811K(817152K), 0.0018043 secs] [Times: user=0.01 sys=0.00, real=0.00 secs] 
1981.214: [GC (Allocation Failure) [PSYoungGen: 123744K->1552K(124416K)] 443203K->321011K(816128K), 0.0016335 secs] [Times: user=0.00 sys=0.00, real=0.00 secs] 
1981.429: [GC (Allocation Failure) [PSYoungGen: 123920K->1536K(123392K)] 443379K->320995K(815104K), 0.0015512 secs] [Times: user=0.01 sys=0.00, real=0.00 secs] 
1982.407: [GC (Allocation Failure) [PSYoungGen: 122880K->400K(120832K)] 442339K->320883K(812544K), 0.0022622 secs] [Times: user=0.00 sys=0.01, real=0.01 secs] 
1983.616: [GC (Allocation Failure) [PSYoungGen: 120720K->352K(121856K)] 441203K->320835K(813568K), 0.0020758 secs] [Times: user=0.00 sys=0.00, real=0.00 secs] 
1984.303: [GC (Allocation Failure) [PSYoungGen: 119648K->1456K(119808K)] 440131K->321939K(811520K), 0.0015625 secs] [Times: user=0.01 sys=0.00, real=0.00 secs] 
1984.509: [GC (Allocation Failure) [PSYoungGen: 119728K->1597K(119296K)] 440211K->322081K(811008K), 0.0015456 secs] [Times: user=0.01 sys=0.00, real=0.00 secs] 
1984.823: [GC (Allocation Failure) [PSYoungGen: 118845K->1472K(117760K)] 439329K->321955K(809472K), 0.0017821 secs] [Times: user=0.01 sys=0.00, real=0.00 secs] 
1985.305: [GC (Allocation Failure) [PSYoungGen: 117696K->1408K(116736K)] 438179K->321891K(808448K), 0.0018316 secs] [Times: user=0.00 sys=0.00, real=0.00 secs] 
1985.783: [GC (Allocation Failure) [PSYoungGen: 116608K->1408K(115712K)] 437091K->321891K(807424K), 0.0017367 secs] [Times: user=0.01 sys=0.00, real=0.00 secs] 
1986.037: [GC (Allocation Failure) [PSYoungGen: 115584K->1501K(114688K)] 436067K->322009K(806400K), 0.0017523 secs] [Times: user=0.01 sys=0.00, real=0.01 secs] 
1986.273: [GC (Allocation Failure) [PSYoungGen: 114653K->1533K(113664K)] 435161K->322041K(805376K), 0.0018497 secs] [Times: user=0.01 sys=0.00, real=0.00 secs] 
1987.650: [GC (Allocation Failure) [PSYoungGen: 113661K->1440K(112640K)] 434169K->321955K(804352K), 0.0029070 secs] [Times: user=0.01 sys=0.00, real=0.00 secs] 
1988.792: [GC (Allocation Failure) [PSYoungGen: 112544K->1408K(111616K)] 433059K->321923K(803328K), 0.0025027 secs] [Times: user=0.01 sys=0.00, real=0.00 secs] 
1989.648: [GC (Allocation Failure) [PSYoungGen: 111488K->1456K(110592K)] 432003K->321971K(802304K), 0.0024310 secs] [Times: user=0.01 sys=0.00, real=0.00 secs] 
1989.961: [GC (Allocation Failure) [PSYoungGen: 110512K->1584K(110080K)] 431027K->322099K(801792K), 0.0015799 secs] [Times: user=0.00 sys=0.00, real=0.00 secs] 
1990.188: [GC (Allocation Failure) [PSYoungGen: 109616K->1488K(108544K)] 430131K->322003K(800256K), 0.0019104 secs] [Times: user=0.00 sys=0.00, real=0.00 secs] 
1991.412: [GC (Allocation Failure) [PSYoungGen: 108496K->1424K(107520K)] 429011K->321939K(799232K), 0.0030483 secs] [Times: user=0.01 sys=0.00, real=0.00 secs] 
1992.449: [GC (Allocation Failure) [PSYoungGen: 107408K->1376K(106496K)] 427923K->321891K(798208K), 0.0022335 secs] [Times: user=0.00 sys=0.00, real=0.00 secs] 
1993.640: [GC (Allocation Failure) [PSYoungGen: 106336K->1392K(105472K)] 426851K->321907K(797184K), 0.0027819 secs] [Times: user=0.01 sys=0.00, real=0.00 secs] 
1993.955: [GC (Allocation Failure) [PSYoungGen: 105328K->1517K(104448K)] 425843K->322033K(796160K), 0.0017278 secs] [Times: user=0.01 sys=0.00, real=0.00 secs] 
1994.136: [GC (Allocation Failure) [PSYoungGen: 104429K->1517K(103424K)] 424945K->322041K(795136K), 0.0016543 secs] [Times: user=0.00 sys=0.00, real=0.00 secs] 
1994.549: [GC (Allocation Failure) [PSYoungGen: 103405K->1408K(102400K)] 423929K->321931K(794112K), 0.0032685 secs] [Times: user=0.01 sys=0.00, real=0.00 secs] 
1995.385: [GC (Allocation Failure) [PSYoungGen: 102272K->1344K(101376K)] 422795K->321867K(793088K), 0.0020460 secs] [Times: user=0.01 sys=0.00, real=0.00 secs] 
1996.223: [GC (Allocation Failure) [PSYoungGen: 101184K->1392K(100864K)] 421707K->321915K(792576K), 0.0024064 secs] [Times: user=0.00 sys=0.00, real=0.00 secs] 
1996.602: [GC (Allocation Failure) [PSYoungGen: 100720K->1453K(100352K)] 421243K->321977K(792064K), 0.0015320 secs] [Times: user=0.00 sys=0.00, real=0.00 secs] 
1996.776: [GC (Allocation Failure) [PSYoungGen: 100269K->1552K(100352K)] 420793K->322075K(792064K), 0.0016019 secs] [Times: user=0.01 sys=0.00, real=0.00 secs] 
1997.695: [GC (Allocation Failure) [PSYoungGen: 99856K->432K(98304K)] 420379K->321995K(790016K), 0.0041750 secs] [Times: user=0.02 sys=0.00, real=0.01 secs] 
1998.137: [GC (Allocation Failure) [PSYoungGen: 98224K->352K(99328K)] 419787K->321915K(791040K), 0.0020070 secs] [Times: user=0.01 sys=0.00, real=0.01 secs] 
1998.902: [GC (Allocation Failure) [PSYoungGen: 97632K->352K(97280K)] 419195K->321915K(788992K), 0.0020818 secs] [Times: user=0.01 sys=0.00, real=0.00 secs] 
1999.584: [GC (Allocation Failure) [PSYoungGen: 97120K->1469K(98816K)] 418683K->323033K(790528K), 0.0017314 secs] [Times: user=0.01 sys=0.00, real=0.00 secs] 
1999.760: [GC (Allocation Failure) [PSYoungGen: 97725K->1520K(97280K)] 419289K->323083K(788992K), 0.0016153 secs] [Times: user=0.00 sys=0.00, real=0.00 secs] 
1999.926: [GC (Allocation Failure) [PSYoungGen: 97264K->1488K(96768K)] 418827K->323051K(788480K), 0.0017040 secs] [Times: user=0.01 sys=0.00, real=0.00 secs] 
2000.680: [GC (Allocation Failure) [PSYoungGen: 96720K->1424K(96256K)] 418283K->322987K(787968K), 0.0017555 secs] [Times: user=0.00 sys=0.00, real=0.00 secs] 
2001.530: [GC (Allocation Failure) [PSYoungGen: 96144K->1376K(95744K)] 417707K->322939K(787456K), 0.0023545 secs] [Times: user=0.01 sys=0.00, real=0.00 secs] 
2002.587: [GC (Allocation Failure) [PSYoungGen: 95584K->1344K(95232K)] 417147K->322907K(786944K), 0.0033067 secs] [Times: user=0.01 sys=0.00, real=0.01 secs] 
2003.345: [GC (Allocation Failure) [PSYoungGen: 95040K->1456K(94720K)] 416603K->323019K(786432K), 0.0022464 secs] [Times: user=0.01 sys=0.00, real=0.00 secs] 
2003.522: [GC (Allocation Failure) [PSYoungGen: 94640K->1488K(94208K)] 416203K->323051K(785920K), 0.0016077 secs] [Times: user=0.00 sys=0.00, real=0.00 secs] 
2003.713: [GC (Allocation Failure) [PSYoungGen: 94160K->1485K(93696K)] 415723K->323049K(785408K), 0.0022435 secs] [Times: user=0.00 sys=0.00, real=0.00 secs] 
2006.249: [GC (Allocation Failure) [PSYoungGen: 93645K->1408K(93184K)] 415209K->322971K(784896K), 0.0039860 secs] [Times: user=0.01 sys=0.00, real=0.00 secs] 
2007.432: [GC (Allocation Failure) [PSYoungGen: 93056K->1376K(92672K)] 414619K->322939K(784384K), 0.0029259 secs] [Times: user=0.01 sys=0.00, real=0.00 secs] 
2008.120: [GC (Allocation Failure) [PSYoungGen: 92512K->1344K(92160K)] 414075K->322907K(783872K), 0.0019340 secs] [Times: user=0.01 sys=0.00, real=0.00 secs] 
2008.427: [GC (Allocation Failure) [PSYoungGen: 91968K->1456K(91648K)] 413531K->323035K(783360K), 0.0015895 secs] [Times: user=0.01 sys=0.00, real=0.01 secs] 
2008.585: [GC (Allocation Failure) [PSYoungGen: 91568K->1517K(91136K)] 413147K->323097K(782848K), 0.0016104 secs] [Times: user=0.00 sys=0.00, real=0.00 secs] 
2008.744: [GC (Allocation Failure) [PSYoungGen: 91117K->1488K(90624K)] 412697K->323067K(782336K), 0.0015794 secs] [Times: user=0.00 sys=0.01, real=0.00 secs] 
2009.749: [GC (Allocation Failure) [PSYoungGen: 90576K->1456K(90112K)] 412155K->323035K(781824K), 0.0020561 secs] [Times: user=0.01 sys=0.00, real=0.00 secs] 
2010.671: [GC (Allocation Failure) [PSYoungGen: 90032K->1344K(89600K)] 411611K->322923K(781312K), 0.0024654 secs] [Times: user=0.01 sys=0.00, real=0.00 secs] 
2011.932: [GC (Allocation Failure) [PSYoungGen: 89408K->1376K(89088K)] 410987K->322955K(780800K), 0.0028873 secs] [Times: user=0.01 sys=0.00, real=0.00 secs] 
2012.594: [GC (Allocation Failure) [PSYoungGen: 88928K->1517K(88576K)] 410507K->323097K(780288K), 0.0021494 secs] [Times: user=0.01 sys=0.00, real=0.00 secs] 
2012.756: [GC (Allocation Failure) [PSYoungGen: 88557K->1456K(88064K)] 410137K->323035K(779776K), 0.0015634 secs] [Times: user=0.01 sys=0.00, real=0.00 secs] 
2012.909: [GC (Allocation Failure) [PSYoungGen: 87984K->1485K(87552K)] 409563K->323065K(779264K), 0.0016580 secs] [Times: user=0.01 sys=0.00, real=0.00 secs] 
2014.296: [GC (Allocation Failure) [PSYoungGen: 87501K->1392K(87040K)] 409081K->322971K(778752K), 0.0028645 secs] [Times: user=0.01 sys=0.00, real=0.01 secs] 
2015.432: [GC (Allocation Failure) [PSYoungGen: 86896K->1344K(86528K)] 408475K->322923K(778240K), 0.0030152 secs] [Times: user=0.02 sys=0.00, real=0.00 secs] 
2016.741: [GC (Allocation Failure) [PSYoungGen: 86336K->1376K(86016K)] 407915K->322955K(777728K), 0.0023988 secs] [Times: user=0.01 sys=0.00, real=0.00 secs] 
2017.589: [GC (Allocation Failure) [PSYoungGen: 85856K->1501K(85504K)] 407435K->323081K(777216K), 0.0019494 secs] [Times: user=0.01 sys=0.00, real=0.00 secs] 
2017.789: [GC (Allocation Failure) [PSYoungGen: 85469K->1517K(84992K)] 407049K->323105K(776704K), 0.0021567 secs] [Times: user=0.01 sys=0.00, real=0.00 secs] 
2018.005: [GC (Allocation Failure) [PSYoungGen: 84973K->1485K(84480K)] 406561K->323073K(776192K), 0.0023326 secs] [Times: user=0.00 sys=0.00, real=0.00 secs] 
2018.428: [GC (Allocation Failure) [PSYoungGen: 84429K->1440K(83968K)] 406017K->323027K(775680K), 0.0024839 secs] [Times: user=0.01 sys=0.00, real=0.01 secs] 
2018.943: [GC (Allocation Failure) [PSYoungGen: 83872K->1344K(83456K)] 405459K->322931K(775168K), 0.0020894 secs] [Times: user=0.01 sys=0.00, real=0.00 secs] 
2019.284: [GC (Allocation Failure) [PSYoungGen: 83264K->1376K(82944K)] 404851K->322963K(774656K), 0.0019323 secs] [Times: user=0.01 sys=0.00, real=0.00 secs] 
2019.860: [GC (Allocation Failure) [PSYoungGen: 82784K->1408K(82432K)] 404371K->323003K(774144K), 0.0020578 secs] [Times: user=0.01 sys=0.00, real=0.00 secs] 
2020.093: [GC (Allocation Failure) [PSYoungGen: 82304K->1488K(81920K)] 403899K->323083K(773632K), 0.0016302 secs] [Times: user=0.01 sys=0.00, real=0.00 secs] 
2020.234: [GC (Allocation Failure) [PSYoungGen: 81872K->1453K(81408K)] 403467K->323049K(773120K), 0.0017705 secs] [Times: user=0.01 sys=0.00, real=0.00 secs] 
2020.376: [GC (Allocation Failure) [PSYoungGen: 81325K->1485K(80896K)] 402921K->323081K(772608K), 0.0015514 secs] [Times: user=0.01 sys=0.00, real=0.00 secs] 
2020.970: [GC (Allocation Failure) [PSYoungGen: 80845K->1440K(80384K)] 402441K->323035K(772096K), 0.0021099 secs] [Times: user=0.00 sys=0.00, real=0.00 secs] 
2021.354: [GC (Allocation Failure) [PSYoungGen: 80288K->1376K(79872K)] 401883K->322971K(771584K), 0.0019286 secs] [Times: user=0.01 sys=0.00, real=0.00 secs] 
2021.679: [GC (Allocation Failure) [PSYoungGen: 79712K->1408K(79360K)] 401307K->323003K(771072K), 0.0019029 secs] [Times: user=0.01 sys=0.00, real=0.00 secs] 
2022.246: [GC (Allocation Failure) [PSYoungGen: 79232K->1424K(78848K)] 400827K->323019K(770560K), 0.0023029 secs] [Times: user=0.01 sys=0.00, real=0.01 secs] 
2022.475: [GC (Allocation Failure) [PSYoungGen: 78736K->1517K(78336K)] 400331K->323113K(770048K), 0.0023932 secs] [Times: user=0.01 sys=0.00, real=0.00 secs] 
2022.632: [GC (Allocation Failure) [PSYoungGen: 78317K->1488K(77824K)] 399913K->323107K(769536K), 0.0015411 secs] [Times: user=0.00 sys=0.00, real=0.00 secs] 
2022.766: [GC (Allocation Failure) [PSYoungGen: 77776K->1485K(77312K)] 399395K->323105K(769024K), 0.0018781 secs] [Times: user=0.01 sys=0.00, real=0.00 secs] 
2023.514: [GC (Allocation Failure) [PSYoungGen: 77261K->1376K(76800K)] 398881K->322995K(768512K), 0.0025850 secs] [Times: user=0.01 sys=0.00, real=0.00 secs] 
2024.213: [GC (Allocation Failure) [PSYoungGen: 76640K->1376K(76288K)] 398259K->322995K(768000K), 0.0024896 secs] [Times: user=0.01 sys=0.00, real=0.00 secs] 
2024.880: [GC (Allocation Failure) [PSYoungGen: 76128K->1376K(75776K)] 397747K->322995K(767488K), 0.0025370 secs] [Times: user=0.01 sys=0.00, real=0.00 secs] 
2025.318: [GC (Allocation Failure) [PSYoungGen: 75616K->1376K(75264K)] 397235K->322995K(766976K), 0.0022153 secs] [Times: user=0.01 sys=0.00, real=0.01 secs] 
2025.530: [GC (Allocation Failure) [PSYoungGen: 75104K->1424K(74752K)] 396723K->323043K(766464K), 0.0017037 secs] [Times: user=0.00 sys=0.00, real=0.00 secs] 
2025.689: [GC (Allocation Failure) [PSYoungGen: 74615K->1517K(74240K)] 396234K->323137K(765952K), 0.0022054 secs] [Times: user=0.00 sys=0.00, real=0.00 secs] 
2025.894: [GC (Allocation Failure) [PSYoungGen: 74221K->1453K(73728K)] 395841K->323073K(765440K), 0.0021926 secs] [Times: user=0.01 sys=0.00, real=0.00 secs] 
2026.188: [GC (Allocation Failure) [PSYoungGen: 73645K->1424K(73216K)] 395265K->323043K(764928K), 0.0027941 secs] [Times: user=0.01 sys=0.00, real=0.00 secs] 
2026.551: [GC (Allocation Failure) [PSYoungGen: 73104K->1376K(72704K)] 394723K->322995K(764416K), 0.0020145 secs] [Times: user=0.00 sys=0.00, real=0.00 secs] 
2026.858: [GC (Allocation Failure) [PSYoungGen: 72544K->1392K(72192K)] 394163K->323011K(763904K), 0.0019726 secs] [Times: user=0.01 sys=0.00, real=0.01 secs] 
2027.233: [GC (Allocation Failure) [PSYoungGen: 72048K->1408K(71680K)] 393667K->323027K(763392K), 0.0020170 secs] [Times: user=0.01 sys=0.00, real=0.00 secs] 
2027.552: [GC (Allocation Failure) [PSYoungGen: 71552K->1469K(71168K)] 393171K->323089K(762880K), 0.0016535 secs] [Times: user=0.01 sys=0.00, real=0.00 secs] 
2027.675: [GC (Allocation Failure) [PSYoungGen: 71101K->1488K(70656K)] 392721K->323107K(762368K), 0.0015071 secs] [Times: user=0.01 sys=0.00, real=0.00 secs] 
2027.817: [GC (Allocation Failure) [PSYoungGen: 70608K->1517K(70144K)] 392227K->323137K(761856K), 0.0019395 secs] [Times: user=0.01 sys=0.00, real=0.01 secs] 
2027.968: [GC (Allocation Failure) [PSYoungGen: 70125K->1517K(77312K)] 391745K->323161K(769024K), 0.0019758 secs] [Times: user=0.01 sys=0.01, real=0.01 secs] 
2028.311: [GC (Allocation Failure) [PSYoungGen: 77293K->1408K(76800K)] 398937K->323051K(768512K), 0.0021190 secs] [Times: user=0.01 sys=0.00, real=0.00 secs] 
2028.639: [GC (Allocation Failure) [PSYoungGen: 76672K->1312K(76288K)] 398315K->322955K(768000K), 0.0019487 secs] [Times: user=0.01 sys=0.00, real=0.00 secs] 
2028.984: [GC (Allocation Failure) [PSYoungGen: 76064K->1376K(75776K)] 397707K->323019K(767488K), 0.0020613 secs] [Times: user=0.01 sys=0.00, real=0.00 secs] 
2029.686: [GC (Allocation Failure) [PSYoungGen: 75616K->1488K(75264K)] 397259K->323131K(766976K), 0.0025412 secs] [Times: user=0.01 sys=0.00, real=0.01 secs] 
2029.889: [GC (Allocation Failure) [PSYoungGen: 75216K->1488K(74752K)] 396859K->323131K(766464K), 0.0016491 secs] [Times: user=0.00 sys=0.00, real=0.00 secs] 
2030.017: [GC (Allocation Failure) [PSYoungGen: 74704K->1485K(74240K)] 396347K->323129K(765952K), 0.0015414 secs] [Times: user=0.01 sys=0.00, real=0.01 secs] 
2030.145: [GC (Allocation Failure) [PSYoungGen: 74189K->1485K(73728K)] 395833K->323129K(765440K), 0.0016989 secs] [Times: user=0.01 sys=0.00, real=0.00 secs] 
2030.785: [GC (Allocation Failure) [PSYoungGen: 73677K->1424K(73216K)] 395321K->323067K(764928K), 0.0022853 secs] [Times: user=0.01 sys=0.00, real=0.00 secs] 
2031.731: [GC (Allocation Failure) [PSYoungGen: 73104K->1376K(72704K)] 394747K->323019K(764416K), 0.0028889 secs] [Times: user=0.01 sys=0.00, real=0.00 secs] 
2032.552: [GC (Allocation Failure) [PSYoungGen: 72544K->1376K(72192K)] 394187K->323019K(763904K), 0.0027884 secs] [Times: user=0.01 sys=0.00, real=0.00 secs] 
2033.235: [GC (Allocation Failure) [PSYoungGen: 72032K->1344K(71680K)] 393675K->322995K(763392K), 0.0033783 secs] [Times: user=0.01 sys=0.00, real=0.01 secs] 
2033.608: [GC (Allocation Failure) [PSYoungGen: 71488K->1408K(71168K)] 393139K->323059K(762880K), 0.0020769 secs] [Times: user=0.01 sys=0.00, real=0.00 secs] 
2033.748: [GC (Allocation Failure) [PSYoungGen: 71040K->1485K(70656K)] 392691K->323137K(762368K), 0.0016100 secs] [Times: user=0.00 sys=0.00, real=0.00 secs] 
2033.871: [GC (Allocation Failure) [PSYoungGen: 70605K->1456K(70144K)] 392257K->323107K(761856K), 0.0015206 secs] [Times: user=0.00 sys=0.00, real=0.00 secs] 
2033.991: [GC (Allocation Failure) [PSYoungGen: 70064K->1456K(69632K)] 391715K->323107K(761344K), 0.0016151 secs] [Times: user=0.01 sys=0.00, real=0.00 secs] 
2034.286: [GC (Allocation Failure) [PSYoungGen: 69552K->1424K(69632K)] 391203K->323075K(761344K), 0.0018385 secs] [Times: user=0.01 sys=0.00, real=0.01 secs] 
2034.825: [GC (Allocation Failure) [PSYoungGen: 69520K->1344K(69632K)] 391171K->322995K(761344K), 0.0021017 secs] [Times: user=0.01 sys=0.00, real=0.00 secs] 
2035.383: [GC (Allocation Failure) [PSYoungGen: 69440K->1376K(69632K)] 391091K->323027K(761344K), 0.0027883 secs] [Times: user=0.01 sys=0.00, real=0.00 secs] 
2035.944: [GC (Allocation Failure) [PSYoungGen: 69472K->1344K(69632K)] 391123K->322995K(761344K), 0.0030716 secs] [Times: user=0.01 sys=0.00, real=0.00 secs] 
2036.289: [GC (Allocation Failure) [PSYoungGen: 69440K->1485K(69632K)] 391091K->323137K(761344K), 0.0020211 secs] [Times: user=0.01 sys=0.00, real=0.00 secs] 
2036.425: [GC (Allocation Failure) [PSYoungGen: 69581K->1453K(69632K)] 391233K->323105K(761344K), 0.0015869 secs] [Times: user=0.01 sys=0.00, real=0.00 secs] 
2036.545: [GC (Allocation Failure) [PSYoungGen: 69549K->1485K(69632K)] 391201K->323137K(761344K), 0.0015274 secs] [Times: user=0.01 sys=0.00, real=0.00 secs] 
2036.664: [GC (Allocation Failure) [PSYoungGen: 69581K->1520K(69632K)] 391233K->323187K(761344K), 0.0015589 secs] [Times: user=0.00 sys=0.00, real=0.00 secs] 
2036.951: [GC (Allocation Failure) [PSYoungGen: 69616K->1440K(69632K)] 391283K->323115K(761344K), 0.0017676 secs] [Times: user=0.01 sys=0.00, real=0.00 secs] 
2037.234: [GC (Allocation Failure) [PSYoungGen: 69536K->1376K(69632K)] 391211K->323051K(761344K), 0.0021491 secs] [Times: user=0.01 sys=0.00, real=0.00 secs] 
2037.517: [GC (Allocation Failure) [PSYoungGen: 69472K->1376K(69632K)] 391147K->323051K(761344K), 0.0031776 secs] [Times: user=0.01 sys=0.00, real=0.01 secs] 
2037.801: [GC (Allocation Failure) [PSYoungGen: 69472K->1344K(69632K)] 391147K->323019K(761344K), 0.0018311 secs] [Times: user=0.00 sys=0.00, real=0.00 secs] 
2037.986: [GC (Allocation Failure) [PSYoungGen: 69440K->1485K(69632K)] 391115K->323161K(761344K), 0.0014925 secs] [Times: user=0.00 sys=0.00, real=0.00 secs] 
2038.106: [GC (Allocation Failure) [PSYoungGen: 69581K->1488K(69632K)] 391257K->323163K(761344K), 0.0016289 secs] [Times: user=0.00 sys=0.00, real=0.00 secs] 
2038.227: [GC (Allocation Failure) [PSYoungGen: 69584K->1456K(76800K)] 391259K->323131K(768512K), 0.0015044 secs] [Times: user=0.01 sys=0.00, real=0.01 secs] 
2038.396: [GC (Allocation Failure) [PSYoungGen: 76720K->1536K(78336K)] 398395K->323211K(770048K), 0.0017564 secs] [Times: user=0.01 sys=0.00, real=0.00 secs] 
2038.717: [GC (Allocation Failure) [PSYoungGen: 77824K->1392K(77312K)] 399499K->323067K(769024K), 0.0015938 secs] [Times: user=0.00 sys=0.00, real=0.01 secs] 
2039.032: [GC (Allocation Failure) [PSYoungGen: 77168K->1344K(76800K)] 398843K->323019K(768512K), 0.0018989 secs] [Times: user=0.01 sys=0.00, real=0.00 secs] 
2039.344: [GC (Allocation Failure) [PSYoungGen: 76608K->1408K(76288K)] 398283K->323083K(768000K), 0.0015424 secs] [Times: user=0.01 sys=0.00, real=0.00 secs] 
2039.768: [GC (Allocation Failure) [PSYoungGen: 76160K->1472K(75776K)] 397835K->323147K(767488K), 0.0018229 secs] [Times: user=0.01 sys=0.00, real=0.01 secs] 
2039.899: [GC (Allocation Failure) [PSYoungGen: 75712K->1504K(75264K)] 397387K->323219K(766976K), 0.0015376 secs] [Times: user=0.01 sys=0.00, real=0.00 secs] 
2040.028: [GC (Allocation Failure) [PSYoungGen: 75232K->1501K(74752K)] 396947K->323217K(766464K), 0.0016202 secs] [Times: user=0.00 sys=0.00, real=0.01 secs] 
2040.156: [GC (Allocation Failure) [PSYoungGen: 74717K->1517K(74240K)] 396433K->323233K(765952K), 0.0016986 secs] [Times: user=0.00 sys=0.00, real=0.00 secs] 
2040.796: [GC (Allocation Failure) [PSYoungGen: 74221K->1440K(73728K)] 395937K->323163K(765440K), 0.0022098 secs] [Times: user=0.01 sys=0.00, real=0.00 secs] 
2041.540: [GC (Allocation Failure) [PSYoungGen: 73632K->1344K(73216K)] 395355K->323083K(764928K), 0.0021342 secs] [Times: user=0.01 sys=0.01, real=0.00 secs] 
2042.313: [GC (Allocation Failure) [PSYoungGen: 73024K->1312K(72704K)] 394763K->323051K(764416K), 0.0025239 secs] [Times: user=0.01 sys=0.00, real=0.00 secs] 
2043.167: [GC (Allocation Failure) [PSYoungGen: 72480K->1376K(72192K)] 394219K->323115K(763904K), 0.0026743 secs] [Times: user=0.01 sys=0.00, real=0.01 secs] 
2043.418: [GC (Allocation Failure) [PSYoungGen: 72032K->1504K(71680K)] 393771K->323243K(763392K), 0.0015960 secs] [Times: user=0.01 sys=0.00, real=0.00 secs] 
2043.541: [GC (Allocation Failure) [PSYoungGen: 71648K->1488K(71168K)] 393387K->323227K(762880K), 0.0015090 secs] [Times: user=0.01 sys=0.00, real=0.00 secs] 
2043.663: [GC (Allocation Failure) [PSYoungGen: 71120K->1488K(70656K)] 392859K->323227K(762368K), 0.0016333 secs] [Times: user=0.01 sys=0.00, real=0.00 secs] 
2044.151: [GC (Allocation Failure) [PSYoungGen: 70608K->1408K(70144K)] 392347K->323155K(761856K), 0.0018092 secs] [Times: user=0.01 sys=0.00, real=0.00 secs] 
2045.017: [GC (Allocation Failure) [PSYoungGen: 70016K->1360K(69632K)] 391763K->323107K(761344K), 0.0019953 secs] [Times: user=0.01 sys=0.00, real=0.01 secs] 
2045.738: [GC (Allocation Failure) [PSYoungGen: 69456K->1344K(69632K)] 391203K->323091K(761344K), 0.0024345 secs] [Times: user=0.01 sys=0.00, real=0.00 secs] 
2046.418: [GC (Allocation Failure) [PSYoungGen: 69440K->1344K(69632K)] 391187K->323091K(761344K), 0.0029037 secs] [Times: user=0.01 sys=0.00, real=0.00 secs] 
2047.076: [GC (Allocation Failure) [PSYoungGen: 69440K->1456K(69632K)] 391187K->323203K(761344K), 0.0026638 secs] [Times: user=0.01 sys=0.00, real=0.01 secs] 
2047.252: [GC (Allocation Failure) [PSYoungGen: 69552K->1517K(69632K)] 391299K->323265K(761344K), 0.0015619 secs] [Times: user=0.00 sys=0.00, real=0.00 secs] 
2047.372: [GC (Allocation Failure) [PSYoungGen: 69613K->1488K(69632K)] 391361K->323235K(761344K), 0.0016310 secs] [Times: user=0.01 sys=0.00, real=0.00 secs] 
2047.493: [GC (Allocation Failure) [PSYoungGen: 69584K->1485K(69632K)] 391331K->323233K(761344K), 0.0016301 secs] [Times: user=0.00 sys=0.00, real=0.00 secs] 
2048.123: [GC (Allocation Failure) [PSYoungGen: 69581K->1424K(69632K)] 391329K->323171K(761344K), 0.0022188 secs] [Times: user=0.01 sys=0.00, real=0.00 secs] 
2049.221: [GC (Allocation Failure) [PSYoungGen: 69520K->1408K(69632K)] 391267K->323155K(761344K), 0.0030781 secs] [Times: user=0.02 sys=0.00, real=0.00 secs] 
2049.841: [GC (Allocation Failure) [PSYoungGen: 69504K->1344K(69632K)] 391251K->323091K(761344K), 0.0029199 secs] [Times: user=0.01 sys=0.00, real=0.00 secs] 
2050.445: [GC (Allocation Failure) [PSYoungGen: 69440K->1360K(69632K)] 391187K->323107K(761344K), 0.0029580 secs] [Times: user=0.01 sys=0.01, real=0.01 secs] 
2050.926: [GC (Allocation Failure) [PSYoungGen: 69456K->1424K(69632K)] 391203K->323171K(761344K), 0.0021963 secs] [Times: user=0.01 sys=0.00, real=0.01 secs] 
2051.103: [GC (Allocation Failure) [PSYoungGen: 69520K->1485K(69632K)] 391267K->323233K(761344K), 0.0023402 secs] [Times: user=0.01 sys=0.00, real=0.00 secs] 
2051.294: [GC (Allocation Failure) [PSYoungGen: 69581K->1485K(69632K)] 391329K->323233K(761344K), 0.0022960 secs] [Times: user=0.01 sys=0.00, real=0.00 secs] 
2051.497: [GC (Allocation Failure) [PSYoungGen: 69581K->1517K(69632K)] 391329K->323273K(761344K), 0.0023085 secs] [Times: user=0.01 sys=0.00, real=0.01 secs] 
2052.156: [GC (Allocation Failure) [PSYoungGen: 69613K->1424K(70144K)] 391369K->323179K(761856K), 0.0029053 secs] [Times: user=0.01 sys=0.00, real=0.01 secs] 
2053.266: [GC (Allocation Failure) [PSYoungGen: 69520K->1408K(70144K)] 391275K->323163K(761856K), 0.0029043 secs] [Times: user=0.02 sys=0.00, real=0.01 secs] 
2054.154: [GC (Allocation Failure) [PSYoungGen: 69504K->1408K(70144K)] 391259K->323163K(761856K), 0.0027460 secs] [Times: user=0.01 sys=0.00, real=0.00 secs] 
2054.763: [GC (Allocation Failure) [PSYoungGen: 69504K->1376K(70144K)] 391259K->323131K(761856K), 0.0027297 secs] [Times: user=0.01 sys=0.00, real=0.00 secs] 
2055.459: [GC (Allocation Failure) [PSYoungGen: 69472K->1437K(70144K)] 391227K->323209K(761856K), 0.0025124 secs] [Times: user=0.01 sys=0.00, real=0.00 secs] 
2055.624: [GC (Allocation Failure) [PSYoungGen: 69532K->1501K(70144K)] 391304K->323273K(761856K), 0.0016000 secs] [Times: user=0.01 sys=0.00, real=0.00 secs] 
2055.743: [GC (Allocation Failure) [PSYoungGen: 69597K->1456K(70144K)] 391369K->323235K(761856K), 0.0015505 secs] [Times: user=0.00 sys=0.00, real=0.00 secs] 
2055.879: [GC (Allocation Failure) [PSYoungGen: 69552K->1453K(70144K)] 391331K->323241K(761856K), 0.0018902 secs] [Times: user=0.01 sys=0.00, real=0.00 secs] 
2056.269: [GC (Allocation Failure) [PSYoungGen: 69549K->1440K(70144K)] 391337K->323235K(761856K), 0.0019627 secs] [Times: user=0.01 sys=0.00, real=0.00 secs] 
2057.007: [GC (Allocation Failure) [PSYoungGen: 69536K->1408K(70144K)] 391331K->323203K(761856K), 0.0022274 secs] [Times: user=0.01 sys=0.00, real=0.01 secs] 
2057.897: [GC (Allocation Failure) [PSYoungGen: 69504K->1344K(70144K)] 391299K->323139K(761856K), 0.0023735 secs] [Times: user=0.01 sys=0.00, real=0.01 secs] 
2058.514: [GC (Allocation Failure) [PSYoungGen: 69440K->1344K(70144K)] 391235K->323139K(761856K), 0.0021166 secs] [Times: user=0.01 sys=0.00, real=0.00 secs] 
2059.080: [GC (Allocation Failure) [PSYoungGen: 69440K->1504K(70144K)] 391235K->323299K(761856K), 0.0019542 secs] [Times: user=0.01 sys=0.00, real=0.00 secs] 
2059.220: [GC (Allocation Failure) [PSYoungGen: 69600K->1533K(70144K)] 391395K->323329K(761856K), 0.0015249 secs] [Times: user=0.01 sys=0.00, real=0.00 secs] 
2059.341: [GC (Allocation Failure) [PSYoungGen: 69629K->1501K(70144K)] 391425K->323297K(761856K), 0.0015641 secs] [Times: user=0.01 sys=0.00, real=0.00 secs] 
2059.462: [GC (Allocation Failure) [PSYoungGen: 69597K->1565K(70144K)] 391393K->323377K(761856K), 0.0015404 secs] [Times: user=0.01 sys=0.00, real=0.00 secs] 
2059.814: [GC (Allocation Failure) [PSYoungGen: 69661K->1440K(70144K)] 391473K->323251K(761856K), 0.0020656 secs] [Times: user=0.01 sys=0.00, real=0.00 secs] 
2060.388: [GC (Allocation Failure) [PSYoungGen: 69536K->1344K(70144K)] 391347K->323155K(761856K), 0.0019323 secs] [Times: user=0.01 sys=0.00, real=0.01 secs] 
2061.031: [GC (Allocation Failure) [PSYoungGen: 69440K->1408K(70144K)] 391251K->323219K(761856K), 0.0019962 secs] [Times: user=0.01 sys=0.00, real=0.00 secs] 
2061.725: [GC (Allocation Failure) [PSYoungGen: 69504K->1376K(70144K)] 391315K->323187K(761856K), 0.0021136 secs] [Times: user=0.00 sys=0.00, real=0.00 secs] 
2062.594: [GC (Allocation Failure) [PSYoungGen: 69472K->1472K(70144K)] 391283K->323283K(761856K), 0.0021901 secs] [Times: user=0.01 sys=0.00, real=0.00 secs] 
2062.736: [GC (Allocation Failure) [PSYoungGen: 69568K->1501K(70144K)] 391379K->323313K(761856K), 0.0015759 secs] [Times: user=0.01 sys=0.00, real=0.00 secs] 
2062.855: [GC (Allocation Failure) [PSYoungGen: 69597K->1456K(70144K)] 391409K->323267K(761856K), 0.0015799 secs] [Times: user=0.01 sys=0.00, real=0.00 secs] 
2062.975: [GC (Allocation Failure) [PSYoungGen: 69552K->1472K(70144K)] 391363K->323307K(761856K), 0.0016036 secs] [Times: user=0.00 sys=0.00, real=0.00 secs] 
2063.892: [GC (Allocation Failure) [PSYoungGen: 69568K->1456K(70144K)] 391403K->323291K(761856K), 0.0024716 secs] [Times: user=0.01 sys=0.00, real=0.00 secs] 
2065.181: [GC (Allocation Failure) [PSYoungGen: 69552K->1360K(70144K)] 391387K->323211K(761856K), 0.0034452 secs] [Times: user=0.01 sys=0.00, real=0.00 secs] 
2065.933: [GC (Allocation Failure) [PSYoungGen: 69456K->1376K(70144K)] 391307K->323227K(761856K), 0.0026549 secs] [Times: user=0.01 sys=0.00, real=0.00 secs] 
2066.747: [GC (Allocation Failure) [PSYoungGen: 69472K->1376K(70144K)] 391323K->323227K(761856K), 0.0022938 secs] [Times: user=0.01 sys=0.00, real=0.01 secs] 
2067.401: [GC (Allocation Failure) [PSYoungGen: 69472K->1488K(70144K)] 391323K->323339K(761856K), 0.0023371 secs] [Times: user=0.01 sys=0.00, real=0.00 secs] 
2067.565: [GC (Allocation Failure) [PSYoungGen: 69584K->1501K(70144K)] 391435K->323353K(761856K), 0.0014869 secs] [Times: user=0.01 sys=0.00, real=0.00 secs] 
2067.703: [GC (Allocation Failure) [PSYoungGen: 69597K->1517K(70144K)] 391449K->323369K(761856K), 0.0018633 secs] [Times: user=0.01 sys=0.00, real=0.00 secs] 
2067.870: [GC (Allocation Failure) [PSYoungGen: 69613K->1485K(70144K)] 391465K->323345K(761856K), 0.0022216 secs] [Times: user=0.01 sys=0.00, real=0.00 secs] 
2068.340: [GC (Allocation Failure) [PSYoungGen: 69581K->1440K(70144K)] 391441K->323299K(761856K), 0.0043583 secs] [Times: user=0.02 sys=0.00, real=0.00 secs] 
2069.222: [GC (Allocation Failure) [PSYoungGen: 69536K->1376K(70144K)] 391395K->323235K(761856K), 0.0025685 secs] [Times: user=0.01 sys=0.01, real=0.00 secs] 
2069.953: [GC (Allocation Failure) [PSYoungGen: 69472K->1408K(70144K)] 391331K->323267K(761856K), 0.0020822 secs] [Times: user=0.01 sys=0.00, real=0.00 secs] 
2070.556: [GC (Allocation Failure) [PSYoungGen: 69504K->1376K(70144K)] 391363K->323235K(761856K), 0.0022323 secs] [Times: user=0.01 sys=0.00, real=0.00 secs] 
2071.059: [GC (Allocation Failure) [PSYoungGen: 69472K->1453K(70144K)] 391331K->323313K(761856K), 0.0019554 secs] [Times: user=0.01 sys=0.00, real=0.00 secs] 
2071.192: [GC (Allocation Failure) [PSYoungGen: 69547K->1472K(70144K)] 391407K->323331K(761856K), 0.0015186 secs] [Times: user=0.00 sys=0.00, real=0.00 secs] 
2071.311: [GC (Allocation Failure) [PSYoungGen: 69568K->1488K(70144K)] 391427K->323347K(761856K), 0.0015321 secs] [Times: user=0.00 sys=0.00, real=0.00 secs] 
2071.431: [GC (Allocation Failure) [PSYoungGen: 69584K->1501K(70144K)] 391443K->323377K(761856K), 0.0015408 secs] [Times: user=0.00 sys=0.00, real=0.00 secs] 
2072.026: [GC (Allocation Failure) [PSYoungGen: 69597K->1440K(70144K)] 391473K->323315K(761856K), 0.0018663 secs] [Times: user=0.01 sys=0.00, real=0.01 secs] 
2074.114: [GC (Allocation Failure) [PSYoungGen: 69536K->1376K(70144K)] 391411K->323251K(761856K), 0.0051862 secs] [Times: user=0.02 sys=0.00, real=0.01 secs] 
2074.489: [GC (Allocation Failure) [PSYoungGen: 69472K->1344K(70144K)] 391347K->323219K(761856K), 0.0020736 secs] [Times: user=0.01 sys=0.00, real=0.00 secs] 
2074.813: [GC (Allocation Failure) [PSYoungGen: 69440K->1344K(70144K)] 391315K->323235K(761856K), 0.0019508 secs] [Times: user=0.01 sys=0.00, real=0.00 secs] 
2075.120: [GC (Allocation Failure) [PSYoungGen: 69440K->1456K(70144K)] 391331K->323347K(761856K), 0.0014832 secs] [Times: user=0.01 sys=0.00, real=0.00 secs] 
2075.239: [GC (Allocation Failure) [PSYoungGen: 69552K->1536K(70144K)] 391443K->323427K(761856K), 0.0015411 secs] [Times: user=0.00 sys=0.00, real=0.00 secs] 
2075.359: [GC (Allocation Failure) [PSYoungGen: 69632K->1501K(70144K)] 391523K->323393K(761856K), 0.0014511 secs] [Times: user=0.00 sys=0.00, real=0.00 secs] 
2075.479: [GC (Allocation Failure) [PSYoungGen: 69597K->1533K(70144K)] 391489K->323449K(761856K), 0.0015228 secs] [Times: user=0.00 sys=0.00, real=0.00 secs] 
2076.242: [GC (Allocation Failure) [PSYoungGen: 69629K->1440K(70144K)] 391545K->323355K(761856K), 0.0018518 secs] [Times: user=0.01 sys=0.00, real=0.00 secs] 
2077.450: [GC (Allocation Failure) [PSYoungGen: 69536K->1376K(70144K)] 391451K->323291K(761856K), 0.0027648 secs] [Times: user=0.01 sys=0.00, real=0.00 secs] 
2078.534: [GC (Allocation Failure) [PSYoungGen: 69472K->1344K(70144K)] 391387K->323259K(761856K), 0.0061339 secs] [Times: user=0.03 sys=0.00, real=0.01 secs] 
2079.345: [GC (Allocation Failure) [PSYoungGen: 69440K->1360K(70144K)] 391355K->323275K(761856K), 0.0035950 secs] [Times: user=0.02 sys=0.00, real=0.01 secs] 
2079.885: [GC (Allocation Failure) [PSYoungGen: 69456K->1421K(70144K)] 391371K->323337K(761856K), 0.0022004 secs] [Times: user=0.01 sys=0.00, real=0.00 secs] 
2080.038: [GC (Allocation Failure) [PSYoungGen: 69515K->1533K(70144K)] 391431K->323449K(761856K), 0.0016838 secs] [Times: user=0.01 sys=0.00, real=0.00 secs] 
2080.176: [GC (Allocation Failure) [PSYoungGen: 69629K->1485K(70144K)] 391545K->323401K(761856K), 0.0016121 secs] [Times: user=0.00 sys=0.00, real=0.00 secs] 
2080.326: [GC (Allocation Failure) [PSYoungGen: 69581K->1485K(70144K)] 391497K->323409K(761856K), 0.0019296 secs] [Times: user=0.00 sys=0.00, real=0.01 secs] 
2081.846: [GC (Allocation Failure) [PSYoungGen: 69581K->1408K(70144K)] 391505K->323331K(761856K), 0.0031902 secs] [Times: user=0.02 sys=0.00, real=0.01 secs] 
2082.418: [GC (Allocation Failure) [PSYoungGen: 69504K->1376K(70144K)] 391427K->323299K(761856K), 0.0031850 secs] [Times: user=0.01 sys=0.00, real=0.00 secs] 
2082.735: [GC (Allocation Failure) [PSYoungGen: 69472K->1376K(70144K)] 391395K->323299K(761856K), 0.0020877 secs] [Times: user=0.01 sys=0.00, real=0.00 secs] 
2083.018: [GC (Allocation Failure) [PSYoungGen: 69472K->1376K(70144K)] 391395K->323299K(761856K), 0.0018932 secs] [Times: user=0.00 sys=0.00, real=0.00 secs] 
2083.305: [GC (Allocation Failure) [PSYoungGen: 69472K->1440K(70144K)] 391395K->323363K(761856K), 0.0016846 secs] [Times: user=0.00 sys=0.00, real=0.00 secs] 
2083.426: [GC (Allocation Failure) [PSYoungGen: 69526K->1501K(70144K)] 391450K->323425K(761856K), 0.0015179 secs] [Times: user=0.00 sys=0.00, real=0.00 secs] 
2083.545: [GC (Allocation Failure) [PSYoungGen: 69597K->1501K(70144K)] 391521K->323425K(761856K), 0.0017798 secs] [Times: user=0.01 sys=0.00, real=0.00 secs] 
2083.665: [GC (Allocation Failure) [PSYoungGen: 69597K->1501K(70144K)] 391521K->323433K(761856K), 0.0015777 secs] [Times: user=0.01 sys=0.00, real=0.00 secs] 
2084.560: [GC (Allocation Failure) [PSYoungGen: 69597K->1424K(69632K)] 391529K->323363K(761344K), 0.0022986 secs] [Times: user=0.01 sys=0.00, real=0.00 secs] 
2085.305: [GC (Allocation Failure) [PSYoungGen: 69520K->1376K(69632K)] 391459K->323315K(761344K), 0.0025664 secs] [Times: user=0.01 sys=0.00, real=0.00 secs] 
2086.002: [GC (Allocation Failure) [PSYoungGen: 69472K->1376K(69632K)] 391411K->323315K(761344K), 0.0020583 secs] [Times: user=0.01 sys=0.00, real=0.00 secs] 
2086.791: [GC (Allocation Failure) [PSYoungGen: 69472K->1376K(69632K)] 391411K->323315K(761344K), 0.0022823 secs] [Times: user=0.01 sys=0.00, real=0.00 secs] 
2087.159: [GC (Allocation Failure) [PSYoungGen: 69448K->1472K(69632K)] 391388K->323411K(761344K), 0.0015517 secs] [Times: user=0.01 sys=0.00, real=0.00 secs] 
2087.279: [GC (Allocation Failure) [PSYoungGen: 69568K->1501K(69632K)] 391507K->323441K(761344K), 0.0016732 secs] [Times: user=0.01 sys=0.00, real=0.00 secs] 
2087.398: [GC (Allocation Failure) [PSYoungGen: 69597K->1504K(69632K)] 391537K->323443K(761344K), 0.0015012 secs] [Times: user=0.01 sys=0.00, real=0.00 secs] 
2087.535: [GC (Allocation Failure) [PSYoungGen: 69600K->1485K(69632K)] 391539K->323433K(761344K), 0.0019750 secs] [Times: user=0.00 sys=0.00, real=0.00 secs] 
2088.349: [GC (Allocation Failure) [PSYoungGen: 69581K->1408K(69632K)] 391529K->323355K(761344K), 0.0020150 secs] [Times: user=0.01 sys=0.00, real=0.00 secs] 
2089.274: [GC (Allocation Failure) [PSYoungGen: 69504K->1376K(69632K)] 391451K->323323K(761344K), 0.0040076 secs] [Times: user=0.01 sys=0.00, real=0.01 secs] 
2089.947: [GC (Allocation Failure) [PSYoungGen: 69472K->1376K(69632K)] 391419K->323323K(761344K), 0.0027933 secs] [Times: user=0.02 sys=0.00, real=0.01 secs] 
2090.730: [GC (Allocation Failure) [PSYoungGen: 69472K->1408K(69632K)] 391419K->323355K(761344K), 0.0029421 secs] [Times: user=0.01 sys=0.00, real=0.00 secs] 
2091.083: [GC (Allocation Failure) [PSYoungGen: 69504K->1517K(69632K)] 391451K->323465K(761344K), 0.0020470 secs] [Times: user=0.01 sys=0.00, real=0.00 secs] 
2091.215: [GC (Allocation Failure) [PSYoungGen: 69613K->1520K(69632K)] 391561K->323467K(761344K), 0.0015705 secs] [Times: user=0.01 sys=0.00, real=0.00 secs] 
2091.334: [GC (Allocation Failure) [PSYoungGen: 69616K->1501K(70144K)] 391563K->323449K(761856K), 0.0015198 secs] [Times: user=0.01 sys=0.00, real=0.00 secs] 
2091.454: [GC (Allocation Failure) [PSYoungGen: 69597K->1536K(70144K)] 391545K->323499K(761856K), 0.0014923 secs] [Times: user=0.00 sys=0.00, real=0.00 secs] 
2092.222: [GC (Allocation Failure) [PSYoungGen: 69632K->1424K(70144K)] 391595K->323387K(761856K), 0.0017500 secs] [Times: user=0.00 sys=0.00, real=0.00 secs] 
2092.846: [GC (Allocation Failure) [PSYoungGen: 69520K->1408K(70144K)] 391483K->323371K(761856K), 0.0039232 secs] [Times: user=0.02 sys=0.01, real=0.01 secs] 
2093.836: [GC (Allocation Failure) [PSYoungGen: 69504K->1344K(70144K)] 391467K->323307K(761856K), 0.0039252 secs] [Times: user=0.02 sys=0.00, real=0.01 secs] 
2094.646: [GC (Allocation Failure) [PSYoungGen: 69440K->1344K(70144K)] 391403K->323323K(761856K), 0.0038655 secs] [Times: user=0.01 sys=0.00, real=0.01 secs] 
2095.151: [GC (Allocation Failure) [PSYoungGen: 69440K->1501K(70144K)] 391419K->323481K(761856K), 0.0021146 secs] [Times: user=0.00 sys=0.00, real=0.00 secs] 
2095.288: [GC (Allocation Failure) [PSYoungGen: 69597K->1456K(70144K)] 391577K->323435K(761856K), 0.0015833 secs] [Times: user=0.01 sys=0.00, real=0.00 secs] 
2095.408: [GC (Allocation Failure) [PSYoungGen: 69552K->1469K(70144K)] 391531K->323449K(761856K), 0.0015886 secs] [Times: user=0.00 sys=0.00, real=0.00 secs] 
2095.643: [GC (Allocation Failure) [PSYoungGen: 69565K->1696K(70144K)] 391545K->323675K(761856K), 0.0018469 secs] [Times: user=0.00 sys=0.00, real=0.00 secs] 
2095.951: [GC (Allocation Failure) [PSYoungGen: 69792K->1376K(70144K)] 391771K->323355K(761856K), 0.0018470 secs] [Times: user=0.00 sys=0.00, real=0.00 secs] 
2096.249: [GC (Allocation Failure) [PSYoungGen: 69472K->1376K(70144K)] 391451K->323355K(761856K), 0.0020004 secs] [Times: user=0.00 sys=0.01, real=0.00 secs] 
2096.556: [GC (Allocation Failure) [PSYoungGen: 69472K->1376K(70144K)] 391451K->323355K(761856K), 0.0026447 secs] [Times: user=0.01 sys=0.00, real=0.01 secs] 
2097.018: [GC (Allocation Failure) [PSYoungGen: 69472K->1344K(70144K)] 391451K->323323K(761856K), 0.0025724 secs] [Times: user=0.01 sys=0.00, real=0.00 secs] 
2097.229: [GC (Allocation Failure) [PSYoungGen: 69428K->1469K(70144K)] 391408K->323449K(761856K), 0.0015435 secs] [Times: user=0.01 sys=0.00, real=0.00 secs] 
2097.366: [GC (Allocation Failure) [PSYoungGen: 69565K->1485K(70144K)] 391545K->323465K(761856K), 0.0019287 secs] [Times: user=0.01 sys=0.00, real=0.01 secs] 
2097.526: [GC (Allocation Failure) [PSYoungGen: 69581K->1485K(70144K)] 391561K->323465K(761856K), 0.0019608 secs] [Times: user=0.01 sys=0.00, real=0.01 secs] 
2097.723: [GC (Allocation Failure) [PSYoungGen: 69581K->1952K(70144K)] 391561K->323931K(761856K), 0.0019739 secs] [Times: user=0.01 sys=0.00, real=0.00 secs] 
2098.199: [GC (Allocation Failure) [PSYoungGen: 70048K->1392K(70144K)] 392027K->323371K(761856K), 0.0018367 secs] [Times: user=0.01 sys=0.00, real=0.00 secs] 
2098.687: [GC (Allocation Failure) [PSYoungGen: 69488K->1344K(70144K)] 391467K->323323K(761856K), 0.0034933 secs] [Times: user=0.02 sys=0.00, real=0.01 secs] 
2099.190: [GC (Allocation Failure) [PSYoungGen: 69440K->1376K(70144K)] 391419K->323355K(761856K), 0.0025566 secs] [Times: user=0.01 sys=0.00, real=0.00 secs] 
2099.701: [GC (Allocation Failure) [PSYoungGen: 69314K->288K(70144K)] 391294K->322267K(761856K), 0.0020891 secs] [Times: user=0.01 sys=0.00, real=0.00 secs] 
2099.846: [GC (Allocation Failure) [PSYoungGen: 68384K->1469K(70144K)] 390363K->323449K(761856K), 0.0016994 secs] [Times: user=0.00 sys=0.00, real=0.01 secs] 
2099.968: [GC (Allocation Failure) [PSYoungGen: 69565K->1504K(70144K)] 391545K->323483K(761856K), 0.0015285 secs] [Times: user=0.00 sys=0.00, real=0.01 secs] 
2100.088: [GC (Allocation Failure) [PSYoungGen: 69600K->1472K(70144K)] 391579K->323467K(761856K), 0.0015357 secs] [Times: user=0.01 sys=0.00, real=0.00 secs] 
2101.689: [GC (Allocation Failure) [PSYoungGen: 69568K->1472K(70144K)] 391563K->323467K(761856K), 0.0038867 secs] [Times: user=0.01 sys=0.00, real=0.00 secs] 
2102.395: [GC (Allocation Failure) [PSYoungGen: 69568K->1344K(70144K)] 391563K->323339K(761856K), 0.0021093 secs] [Times: user=0.01 sys=0.00, real=0.00 secs] 
2102.684: [GC (Allocation Failure) [PSYoungGen: 69440K->1408K(70144K)] 391435K->323403K(761856K), 0.0020467 secs] [Times: user=0.00 sys=0.00, real=0.00 secs] 
2102.967: [GC (Allocation Failure) [PSYoungGen: 69504K->1376K(70144K)] 391499K->323371K(761856K), 0.0019389 secs] [Times: user=0.01 sys=0.00, real=0.01 secs] 
2103.263: [GC (Allocation Failure) [PSYoungGen: 69472K->1456K(70144K)] 391467K->323467K(761856K), 0.0018601 secs] [Times: user=0.01 sys=0.00, real=0.00 secs] 
2103.390: [GC (Allocation Failure) [PSYoungGen: 69552K->1424K(70144K)] 391563K->323435K(761856K), 0.0015427 secs] [Times: user=0.01 sys=0.00, real=0.00 secs] 
2103.510: [GC (Allocation Failure) [PSYoungGen: 69520K->1472K(70144K)] 391531K->323483K(761856K), 0.0016730 secs] [Times: user=0.01 sys=0.00, real=0.00 secs] 
2103.648: [GC (Allocation Failure) [PSYoungGen: 69568K->1488K(70144K)] 391579K->323507K(761856K), 0.0016327 secs] [Times: user=0.01 sys=0.00, real=0.01 secs] 
2103.847: [GC (Allocation Failure) [PSYoungGen: 69584K->1424K(70144K)] 391603K->323443K(761856K), 0.0019570 secs] [Times: user=0.00 sys=0.00, real=0.01 secs] 
2104.130: [GC (Allocation Failure) [PSYoungGen: 69520K->1376K(69632K)] 391539K->323395K(761344K), 0.0019850 secs] [Times: user=0.01 sys=0.00, real=0.00 secs] 
2104.413: [GC (Allocation Failure) [PSYoungGen: 69472K->1392K(69632K)] 391491K->323411K(761344K), 0.0021497 secs] [Times: user=0.01 sys=0.00, real=0.00 secs] 
2104.696: [GC (Allocation Failure) [PSYoungGen: 69488K->1344K(69632K)] 391507K->323363K(761344K), 0.0018606 secs] [Times: user=0.01 sys=0.00, real=0.00 secs] 
2104.991: [GC (Allocation Failure) [PSYoungGen: 69440K->1453K(69632K)] 391459K->323473K(761344K), 0.0020134 secs] [Times: user=0.01 sys=0.00, real=0.00 secs] 
2105.122: [GC (Allocation Failure) [PSYoungGen: 69549K->1456K(69632K)] 391569K->323475K(761344K), 0.0014783 secs] [Times: user=0.01 sys=0.00, real=0.00 secs] 
2105.243: [GC (Allocation Failure) [PSYoungGen: 69552K->1469K(69632K)] 391571K->323489K(761344K), 0.0016673 secs] [Times: user=0.01 sys=0.00, real=0.00 secs] 
2105.363: [GC (Allocation Failure) [PSYoungGen: 69565K->1469K(73728K)] 391585K->323497K(765440K), 0.0015857 secs] [Times: user=0.01 sys=0.00, real=0.00 secs] 
2105.562: [GC (Allocation Failure) [PSYoungGen: 73661K->1488K(73216K)] 395689K->323515K(764928K), 0.0016345 secs] [Times: user=0.01 sys=0.00, real=0.00 secs] 
2106.077: [GC (Allocation Failure) [PSYoungGen: 73168K->1408K(72704K)] 395195K->323435K(764416K), 0.0018699 secs] [Times: user=0.00 sys=0.00, real=0.01 secs] 
2106.717: [GC (Allocation Failure) [PSYoungGen: 72576K->1408K(72192K)] 394603K->323435K(763904K), 0.0027734 secs] [Times: user=0.01 sys=0.00, real=0.01 secs] 
2107.589: [GC (Allocation Failure) [PSYoungGen: 72064K->1376K(71680K)] 394091K->323403K(763392K), 0.0027892 secs] [Times: user=0.01 sys=0.00, real=0.00 secs] 
2108.237: [GC (Allocation Failure) [PSYoungGen: 71520K->1440K(71168K)] 393547K->323467K(762880K), 0.0024307 secs] [Times: user=0.01 sys=0.00, real=0.01 secs] 
2108.388: [GC (Allocation Failure) [PSYoungGen: 71055K->1488K(70656K)] 393082K->323515K(762368K), 0.0015990 secs] [Times: user=0.01 sys=0.00, real=0.00 secs] 
2108.511: [GC (Allocation Failure) [PSYoungGen: 70608K->1469K(70144K)] 392635K->323497K(761856K), 0.0015794 secs] [Times: user=0.00 sys=0.00, real=0.00 secs] 
2108.632: [GC (Allocation Failure) [PSYoungGen: 70051K->1568K(70144K)] 392078K->323603K(761856K), 0.0015263 secs] [Times: user=0.01 sys=0.00, real=0.00 secs] 
2109.615: [GC (Allocation Failure) [PSYoungGen: 69664K->1408K(69632K)] 391699K->323443K(761344K), 0.0041631 secs] [Times: user=0.02 sys=0.00, real=0.01 secs] 
2110.510: [GC (Allocation Failure) [PSYoungGen: 69504K->1376K(70144K)] 391539K->323411K(761856K), 0.0033078 secs] [Times: user=0.02 sys=0.00, real=0.00 secs] 
2111.237: [GC (Allocation Failure) [PSYoungGen: 69472K->1376K(70144K)] 391507K->323411K(761856K), 0.0028646 secs] [Times: user=0.01 sys=0.00, real=0.01 secs] 
2111.970: [GC (Allocation Failure) [PSYoungGen: 69472K->1344K(70144K)] 391507K->323379K(761856K), 0.0030235 secs] [Times: user=0.01 sys=0.00, real=0.00 secs] 
2112.604: [GC (Allocation Failure) [PSYoungGen: 69440K->1469K(70144K)] 391475K->323505K(761856K), 0.0022463 secs] [Times: user=0.01 sys=0.00, real=0.00 secs] 
2112.807: [GC (Allocation Failure) [PSYoungGen: 69565K->1485K(70144K)] 391601K->323521K(761856K), 0.0022350 secs] [Times: user=0.01 sys=0.00, real=0.01 secs] 
2112.960: [GC (Allocation Failure) [PSYoungGen: 69581K->1472K(70144K)] 391617K->323507K(761856K), 0.0015895 secs] [Times: user=0.00 sys=0.00, real=0.00 secs] 
2113.080: [GC (Allocation Failure) [PSYoungGen: 69568K->1504K(70144K)] 391603K->323563K(761856K), 0.0015844 secs] [Times: user=0.00 sys=0.00, real=0.00 secs] 
2113.787: [GC (Allocation Failure) [PSYoungGen: 69600K->1392K(70144K)] 391659K->323451K(761856K), 0.0035426 secs] [Times: user=0.02 sys=0.00, real=0.01 secs] 
2114.392: [GC (Allocation Failure) [PSYoungGen: 69488K->1376K(70144K)] 391547K->323435K(761856K), 0.0025862 secs] [Times: user=0.01 sys=0.00, real=0.00 secs] 
2114.962: [GC (Allocation Failure) [PSYoungGen: 69472K->1376K(70144K)] 391531K->323451K(761856K), 0.0022120 secs] [Times: user=0.01 sys=0.00, real=0.00 secs] 
2115.609: [GC (Allocation Failure) [PSYoungGen: 69472K->1376K(70144K)] 391547K->323451K(761856K), 0.0023709 secs] [Times: user=0.00 sys=0.00, real=0.00 secs] 
2115.938: [GC (Allocation Failure) [PSYoungGen: 69472K->1501K(70144K)] 391547K->323577K(761856K), 0.0018557 secs] [Times: user=0.01 sys=0.00, real=0.01 secs] 
2116.060: [GC (Allocation Failure) [PSYoungGen: 69592K->1469K(70144K)] 391668K->323545K(761856K), 0.0015018 secs] [Times: user=0.00 sys=0.00, real=0.00 secs] 
2116.180: [GC (Allocation Failure) [PSYoungGen: 69565K->1520K(70144K)] 391641K->323595K(761856K), 0.0040429 secs] [Times: user=0.02 sys=0.01, real=0.00 secs] 
2116.304: [GC (Allocation Failure) [PSYoungGen: 69616K->1501K(78336K)] 391691K->323601K(770048K), 0.0017410 secs] [Times: user=0.01 sys=0.00, real=0.00 secs] 
2116.611: [GC (Allocation Failure) [PSYoungGen: 77789K->1440K(78336K)] 399889K->323539K(770048K), 0.0019573 secs] [Times: user=0.01 sys=0.00, real=0.00 secs] 
2117.183: [GC (Allocation Failure) [PSYoungGen: 77728K->1376K(77312K)] 399827K->323475K(769024K), 0.0016915 secs] [Times: user=0.01 sys=0.00, real=0.00 secs] 
2117.884: [GC (Allocation Failure) [PSYoungGen: 77152K->1376K(76800K)] 399251K->323475K(768512K), 0.0047067 secs] [Times: user=0.02 sys=0.00, real=0.01 secs] 
2118.563: [GC (Allocation Failure) [PSYoungGen: 76640K->1424K(76288K)] 398739K->323523K(768000K), 0.0026450 secs] [Times: user=0.01 sys=0.00, real=0.00 secs] 
2118.758: [GC (Allocation Failure) [PSYoungGen: 76176K->1501K(75776K)] 398275K->323601K(767488K), 0.0016837 secs] [Times: user=0.01 sys=0.00, real=0.01 secs] 
2118.891: [GC (Allocation Failure) [PSYoungGen: 75741K->1485K(75264K)] 397841K->323585K(766976K), 0.0015160 secs] [Times: user=0.00 sys=0.00, real=0.00 secs] 
2119.043: [GC (Allocation Failure) [PSYoungGen: 75213K->1485K(74752K)] 397313K->323585K(766464K), 0.0020049 secs] [Times: user=0.01 sys=0.00, real=0.00 secs] 
2119.697: [GC (Allocation Failure) [PSYoungGen: 74701K->1456K(74240K)] 396801K->323555K(765952K), 0.0024430 secs] [Times: user=0.01 sys=0.00, real=0.01 secs] 
2120.426: [GC (Allocation Failure) [PSYoungGen: 74160K->1344K(73728K)] 396259K->323443K(765440K), 0.0030162 secs] [Times: user=0.01 sys=0.01, real=0.01 secs] 
2120.945: [GC (Allocation Failure) [PSYoungGen: 73536K->1376K(73216K)] 395635K->323475K(764928K), 0.0023804 secs] [Times: user=0.01 sys=0.00, real=0.00 secs] 
2121.497: [GC (Allocation Failure) [PSYoungGen: 73056K->1376K(72704K)] 395155K->323475K(764416K), 0.0022318 secs] [Times: user=0.01 sys=0.00, real=0.01 secs] 
2121.804: [GC (Allocation Failure) [PSYoungGen: 72544K->1469K(72192K)] 394643K->323569K(763904K), 0.0014747 secs] [Times: user=0.01 sys=0.00, real=0.00 secs] 
2121.929: [GC (Allocation Failure) [PSYoungGen: 72125K->1552K(72192K)] 394225K->323651K(763904K), 0.0018886 secs] [Times: user=0.00 sys=0.00, real=0.00 secs] 
2122.052: [GC (Allocation Failure) [PSYoungGen: 71682K->461K(70144K)] 393782K->323585K(761856K), 0.0016275 secs] [Times: user=0.00 sys=0.00, real=0.00 secs] 
2122.485: [GC (Allocation Failure) [PSYoungGen: 69903K->1712K(71168K)] 393026K->324835K(762880K), 0.0023239 secs] [Times: user=0.01 sys=0.00, real=0.00 secs] 
2123.466: [GC (Allocation Failure) [PSYoungGen: 70832K->1360K(70144K)] 393955K->324483K(761856K), 0.0027399 secs] [Times: user=0.01 sys=0.00, real=0.01 secs] 
2123.872: [GC (Allocation Failure) [PSYoungGen: 69968K->1312K(69632K)] 393091K->324451K(761344K), 0.0020692 secs] [Times: user=0.00 sys=0.00, real=0.00 secs] 
2124.204: [GC (Allocation Failure) [PSYoungGen: 69408K->1408K(69632K)] 392547K->324547K(761344K), 0.0019852 secs] [Times: user=0.01 sys=0.00, real=0.00 secs] 
2124.606: [GC (Allocation Failure) [PSYoungGen: 69504K->1344K(69632K)] 392643K->324483K(761344K), 0.0022809 secs] [Times: user=0.01 sys=0.01, real=0.01 secs] 
2124.820: [GC (Allocation Failure) [PSYoungGen: 69440K->1421K(69632K)] 392579K->324561K(761344K), 0.0015235 secs] [Times: user=0.01 sys=0.00, real=0.00 secs] 
2124.939: [GC (Allocation Failure) [PSYoungGen: 69517K->1501K(69632K)] 392657K->324641K(761344K), 0.0016507 secs] [Times: user=0.01 sys=0.00, real=0.00 secs] 
2125.060: [GC (Allocation Failure) [PSYoungGen: 69597K->1469K(69632K)] 392737K->324609K(761344K), 0.0015875 secs] [Times: user=0.00 sys=0.00, real=0.00 secs] 
2125.299: [GC (Allocation Failure) [PSYoungGen: 69565K->1408K(69632K)] 392705K->324547K(761344K), 0.0020893 secs] [Times: user=0.01 sys=0.00, real=0.00 secs] 
2125.865: [GC (Allocation Failure) [PSYoungGen: 69504K->1312K(69632K)] 392643K->324451K(761344K), 0.0024985 secs] [Times: user=0.01 sys=0.00, real=0.00 secs] 
2126.134: [GC (Allocation Failure) [PSYoungGen: 69408K->1312K(69632K)] 392547K->324451K(761344K), 0.0021416 secs] [Times: user=0.01 sys=0.00, real=0.00 secs] 
2126.590: [GC (Allocation Failure) [PSYoungGen: 69408K->1376K(69632K)] 392547K->324515K(761344K), 0.0031477 secs] [Times: user=0.01 sys=0.00, real=0.00 secs] 
2127.102: [GC (Allocation Failure) [PSYoungGen: 69472K->1424K(69632K)] 392611K->324563K(761344K), 0.0027154 secs] [Times: user=0.01 sys=0.00, real=0.00 secs] 
2127.275: [GC (Allocation Failure) [PSYoungGen: 69520K->1472K(69632K)] 392659K->324611K(761344K), 0.0015010 secs] [Times: user=0.00 sys=0.00, real=0.00 secs] 
2127.395: [GC (Allocation Failure) [PSYoungGen: 69568K->1472K(69632K)] 392707K->324611K(761344K), 0.0016128 secs] [Times: user=0.01 sys=0.00, real=0.00 secs] 
2127.514: [GC (Allocation Failure) [PSYoungGen: 69568K->1533K(69632K)] 392707K->324681K(761344K), 0.0014868 secs] [Times: user=0.01 sys=0.00, real=0.00 secs] 
2127.783: [GC (Allocation Failure) [PSYoungGen: 69629K->1424K(69632K)] 392777K->324571K(761344K), 0.0019616 secs] [Times: user=0.01 sys=0.00, real=0.00 secs] 
2128.445: [GC (Allocation Failure) [PSYoungGen: 69520K->1376K(69632K)] 392667K->324523K(761344K), 0.0022785 secs] [Times: user=0.01 sys=0.00, real=0.00 secs] 
2129.009: [GC (Allocation Failure) [PSYoungGen: 69472K->1344K(69632K)] 392619K->324491K(761344K), 0.0024238 secs] [Times: user=0.01 sys=0.01, real=0.00 secs] 
2129.576: [GC (Allocation Failure) [PSYoungGen: 69440K->1408K(69632K)] 392587K->324555K(761344K), 0.0021414 secs] [Times: user=0.01 sys=0.00, real=0.00 secs] 
2130.314: [GC (Allocation Failure) [PSYoungGen: 69504K->1424K(70144K)] 392651K->324571K(761856K), 0.0025450 secs] [Times: user=0.01 sys=0.00, real=0.00 secs] 
2130.491: [GC (Allocation Failure) [PSYoungGen: 69520K->1440K(70144K)] 392667K->324587K(761856K), 0.0015091 secs] [Times: user=0.01 sys=0.00, real=0.00 secs] 
2130.610: [GC (Allocation Failure) [PSYoungGen: 69536K->1488K(70144K)] 392683K->324635K(761856K), 0.0015226 secs] [Times: user=0.00 sys=0.00, real=0.00 secs] 
2130.730: [GC (Allocation Failure) [PSYoungGen: 69584K->1536K(70144K)] 392731K->324699K(761856K), 0.0015173 secs] [Times: user=0.00 sys=0.00, real=0.00 secs] 
2130.992: [GC (Allocation Failure) [PSYoungGen: 69632K->1440K(70144K)] 392795K->324603K(761856K), 0.0017649 secs] [Times: user=0.01 sys=0.00, real=0.00 secs] 
2131.570: [GC (Allocation Failure) [PSYoungGen: 69536K->1376K(70144K)] 392699K->324539K(761856K), 0.0017806 secs] [Times: user=0.00 sys=0.00, real=0.00 secs] 
2132.107: [GC (Allocation Failure) [PSYoungGen: 69472K->1408K(70144K)] 392635K->324571K(761856K), 0.0022184 secs] [Times: user=0.01 sys=0.00, real=0.01 secs] 
2132.391: [GC (Allocation Failure) [PSYoungGen: 69504K->1328K(70144K)] 392667K->324491K(761856K), 0.0019354 secs] [Times: user=0.01 sys=0.00, real=0.00 secs] 
2132.686: [GC (Allocation Failure) [PSYoungGen: 69424K->1456K(70144K)] 392587K->324635K(761856K), 0.0027215 secs] [Times: user=0.01 sys=0.01, real=0.01 secs] 
2132.902: [GC (Allocation Failure) [PSYoungGen: 69552K->1485K(70144K)] 392731K->324665K(761856K), 0.0019439 secs] [Times: user=0.00 sys=0.00, real=0.00 secs] 
2133.067: [GC (Allocation Failure) [PSYoungGen: 69581K->1517K(70144K)] 392761K->324697K(761856K), 0.0019775 secs] [Times: user=0.01 sys=0.00, real=0.01 secs] 
2133.231: [GC (Allocation Failure) [PSYoungGen: 69613K->1517K(70144K)] 392793K->324705K(761856K), 0.0021683 secs] [Times: user=0.00 sys=0.00, real=0.00 secs] 
2133.763: [GC (Allocation Failure) [PSYoungGen: 69613K->1424K(70144K)] 392801K->324611K(761856K), 0.0037130 secs] [Times: user=0.01 sys=0.00, real=0.00 secs] 
2134.482: [GC (Allocation Failure) [PSYoungGen: 69520K->1344K(70144K)] 392707K->324531K(761856K), 0.0032622 secs] [Times: user=0.01 sys=0.00, real=0.00 secs] 
2135.159: [GC (Allocation Failure) [PSYoungGen: 69440K->1344K(70144K)] 392627K->324531K(761856K), 0.0027322 secs] [Times: user=0.01 sys=0.00, real=0.00 secs] 
2135.765: [GC (Allocation Failure) [PSYoungGen: 69440K->1312K(70144K)] 392627K->324499K(761856K), 0.0025111 secs] [Times: user=0.01 sys=0.00, real=0.00 secs] 
2136.447: [GC (Allocation Failure) [PSYoungGen: 69408K->1456K(70144K)] 392595K->324643K(761856K), 0.0021196 secs] [Times: user=0.01 sys=0.00, real=0.01 secs] 
2136.626: [GC (Allocation Failure) [PSYoungGen: 69552K->1517K(70144K)] 392739K->324705K(761856K), 0.0021708 secs] [Times: user=0.00 sys=0.00, real=0.01 secs] 
2136.779: [GC (Allocation Failure) [PSYoungGen: 69613K->1501K(70144K)] 392801K->324689K(761856K), 0.0015307 secs] [Times: user=0.01 sys=0.00, real=0.00 secs] 
2136.900: [GC (Allocation Failure) [PSYoungGen: 69597K->1488K(70144K)] 392785K->324683K(761856K), 0.0015534 secs] [Times: user=0.01 sys=0.00, real=0.00 secs] 
2137.239: [GC (Allocation Failure) [PSYoungGen: 69584K->1424K(70144K)] 392779K->324619K(761856K), 0.0025703 secs] [Times: user=0.01 sys=0.00, real=0.00 secs] 
2138.178: [GC (Allocation Failure) [PSYoungGen: 69520K->1376K(70144K)] 392715K->324571K(761856K), 0.0039297 secs] [Times: user=0.01 sys=0.01, real=0.00 secs] 
2139.100: [GC (Allocation Failure) [PSYoungGen: 69472K->1376K(70144K)] 392667K->324571K(761856K), 0.0034527 secs] [Times: user=0.02 sys=0.00, real=0.00 secs] 
2140.024: [GC (Allocation Failure) [PSYoungGen: 69472K->1360K(70144K)] 392667K->324555K(761856K), 0.0061984 secs] [Times: user=0.02 sys=0.00, real=0.01 secs] 
2140.768: [GC (Allocation Failure) [PSYoungGen: 69456K->1421K(70144K)] 392651K->324617K(761856K), 0.0033262 secs] [Times: user=0.01 sys=0.00, real=0.01 secs] 
2140.982: [GC (Allocation Failure) [PSYoungGen: 69517K->1517K(70144K)] 392713K->324713K(761856K), 0.0022036 secs] [Times: user=0.01 sys=0.00, real=0.00 secs] 
2141.121: [GC (Allocation Failure) [PSYoungGen: 69613K->1520K(70144K)] 392809K->324715K(761856K), 0.0022197 secs] [Times: user=0.01 sys=0.00, real=0.00 secs] 
2141.242: [GC (Allocation Failure) [PSYoungGen: 69616K->1536K(70144K)] 392811K->324755K(761856K), 0.0015930 secs] [Times: user=0.00 sys=0.00, real=0.00 secs] 
2141.654: [GC (Allocation Failure) [PSYoungGen: 69632K->1424K(70144K)] 392851K->324643K(761856K), 0.0030049 secs] [Times: user=0.01 sys=0.00, real=0.00 secs] 
2142.313: [GC (Allocation Failure) [PSYoungGen: 69520K->1408K(70144K)] 392739K->324627K(761856K), 0.0026497 secs] [Times: user=0.01 sys=0.00, real=0.00 secs] 
2142.893: [GC (Allocation Failure) [PSYoungGen: 69504K->1408K(70144K)] 392723K->324627K(761856K), 0.0025442 secs] [Times: user=0.01 sys=0.00, real=0.00 secs] 
2143.187: [GC (Allocation Failure) [PSYoungGen: 69504K->1408K(70144K)] 392723K->324627K(761856K), 0.0019837 secs] [Times: user=0.01 sys=0.00, real=0.01 secs] 
2143.439: [GC (Allocation Failure) [PSYoungGen: 69504K->1488K(70144K)] 392723K->324707K(761856K), 0.0014781 secs] [Times: user=0.01 sys=0.00, real=0.00 secs] 
2143.558: [GC (Allocation Failure) [PSYoungGen: 69584K->1504K(70144K)] 392803K->324723K(761856K), 0.0015269 secs] [Times: user=0.00 sys=0.00, real=0.00 secs] 
2143.678: [GC (Allocation Failure) [PSYoungGen: 69600K->1536K(70144K)] 392819K->324755K(761856K), 0.0015336 secs] [Times: user=0.00 sys=0.00, real=0.01 secs] 
2143.798: [GC (Allocation Failure) [PSYoungGen: 69632K->1437K(70144K)] 392851K->324673K(761856K), 0.0017289 secs] [Times: user=0.00 sys=0.00, real=0.01 secs] 
2144.529: [GC (Allocation Failure) [PSYoungGen: 69533K->1456K(70144K)] 392769K->324691K(761856K), 0.0021623 secs] [Times: user=0.01 sys=0.00, real=0.00 secs] 
2145.572: [GC (Allocation Failure) [PSYoungGen: 69552K->1376K(70144K)] 392787K->324611K(761856K), 0.0030807 secs] [Times: user=0.01 sys=0.00, real=0.00 secs] 
2146.593: [GC (Allocation Failure) [PSYoungGen: 69472K->1344K(70144K)] 392707K->324579K(761856K), 0.0028981 secs] [Times: user=0.01 sys=0.00, real=0.00 secs] 
2147.692: [GC (Allocation Failure) [PSYoungGen: 69440K->1344K(70144K)] 392675K->324579K(761856K), 0.0038589 secs] [Times: user=0.01 sys=0.00, real=0.00 secs] 
2148.386: [GC (Allocation Failure) [PSYoungGen: 69440K->1485K(70144K)] 392675K->324721K(761856K), 0.0022128 secs] [Times: user=0.01 sys=0.00, real=0.01 secs] 
2148.539: [GC (Allocation Failure) [PSYoungGen: 69581K->1504K(70144K)] 392817K->324739K(761856K), 0.0015373 secs] [Times: user=0.01 sys=0.00, real=0.00 secs] 
2148.658: [GC (Allocation Failure) [PSYoungGen: 69600K->1517K(70144K)] 392835K->324753K(761856K), 0.0015520 secs] [Times: user=0.01 sys=0.00, real=0.00 secs] 
2148.779: [GC (Allocation Failure) [PSYoungGen: 69613K->1536K(70144K)] 392849K->324795K(761856K), 0.0015339 secs] [Times: user=0.01 sys=0.00, real=0.00 secs] 
2149.353: [GC (Allocation Failure) [PSYoungGen: 69632K->1456K(70144K)] 392891K->324715K(761856K), 0.0020334 secs] [Times: user=0.01 sys=0.00, real=0.00 secs] 
2149.924: [GC (Allocation Failure) [PSYoungGen: 69552K->1376K(70144K)] 392811K->324635K(761856K), 0.0028201 secs] [Times: user=0.01 sys=0.00, real=0.00 secs] 
2150.505: [GC (Allocation Failure) [PSYoungGen: 69472K->1376K(70144K)] 392731K->324635K(761856K), 0.0020817 secs] [Times: user=0.01 sys=0.00, real=0.00 secs] 
2151.216: [GC (Allocation Failure) [PSYoungGen: 69472K->1376K(70144K)] 392731K->324635K(761856K), 0.0021121 secs] [Times: user=0.01 sys=0.00, real=0.00 secs] 
2151.750: [GC (Allocation Failure) [PSYoungGen: 69472K->1485K(70144K)] 392731K->324745K(761856K), 0.0020357 secs] [Times: user=0.00 sys=0.00, real=0.00 secs] 
2151.886: [GC (Allocation Failure) [PSYoungGen: 69581K->1533K(70144K)] 392841K->324793K(761856K), 0.0015463 secs] [Times: user=0.01 sys=0.00, real=0.01 secs] 
2152.008: [GC (Allocation Failure) [PSYoungGen: 69629K->1504K(70144K)] 392889K->324763K(761856K), 0.0015823 secs] [Times: user=0.01 sys=0.00, real=0.01 secs] 
2152.129: [GC (Allocation Failure) [PSYoungGen: 69600K->1469K(70144K)] 392859K->324745K(761856K), 0.0015374 secs] [Times: user=0.01 sys=0.00, real=0.00 secs] 
2152.504: [GC (Allocation Failure) [PSYoungGen: 69565K->1440K(70144K)] 392841K->324715K(761856K), 0.0019940 secs] [Times: user=0.00 sys=0.00, real=0.00 secs] 
2153.105: [GC (Allocation Failure) [PSYoungGen: 69536K->1360K(70144K)] 392811K->324635K(761856K), 0.0027463 secs] [Times: user=0.02 sys=0.00, real=0.01 secs] 
2153.708: [GC (Allocation Failure) [PSYoungGen: 69456K->1376K(70144K)] 392731K->324667K(761856K), 0.0027051 secs] [Times: user=0.01 sys=0.00, real=0.00 secs] 
2154.290: [GC (Allocation Failure) [PSYoungGen: 69472K->1296K(70144K)] 392763K->324587K(761856K), 0.0023244 secs] [Times: user=0.01 sys=0.00, real=0.00 secs] 
2154.658: [GC (Allocation Failure) [PSYoungGen: 69392K->1533K(70144K)] 392683K->324825K(761856K), 0.0018896 secs] [Times: user=0.01 sys=0.00, real=0.00 secs] 
2154.782: [GC (Allocation Failure) [PSYoungGen: 69629K->1440K(70144K)] 392921K->324731K(761856K), 0.0015253 secs] [Times: user=0.00 sys=0.00, real=0.00 secs] 
2154.902: [GC (Allocation Failure) [PSYoungGen: 69536K->1440K(70144K)] 392827K->324731K(761856K), 0.0015359 secs] [Times: user=0.01 sys=0.00, real=0.00 secs] 
2155.022: [GC (Allocation Failure) [PSYoungGen: 69536K->1536K(70144K)] 392827K->324843K(761856K), 0.0025185 secs] [Times: user=0.00 sys=0.00, real=0.00 secs] 
2155.473: [GC (Allocation Failure) [PSYoungGen: 69632K->1424K(70144K)] 392939K->324731K(761856K), 0.0019354 secs] [Times: user=0.01 sys=0.00, real=0.00 secs] 
2155.756: [GC (Allocation Failure) [PSYoungGen: 69520K->1392K(70144K)] 392827K->324699K(761856K), 0.0020425 secs] [Times: user=0.01 sys=0.00, real=0.01 secs] 
2156.073: [GC (Allocation Failure) [PSYoungGen: 69488K->1344K(70144K)] 392795K->324651K(761856K), 0.0021006 secs] [Times: user=0.01 sys=0.00, real=0.00 secs] 
2156.635: [GC (Allocation Failure) [PSYoungGen: 69440K->1344K(70144K)] 392747K->324651K(761856K), 0.0027177 secs] [Times: user=0.01 sys=0.00, real=0.00 secs] 
2156.943: [GC (Allocation Failure) [PSYoungGen: 69440K->1504K(70144K)] 392747K->324811K(761856K), 0.0019204 secs] [Times: user=0.01 sys=0.00, real=0.00 secs] 
2157.106: [GC (Allocation Failure) [PSYoungGen: 69600K->1453K(70144K)] 392907K->324761K(761856K), 0.0029564 secs] [Times: user=0.01 sys=0.00, real=0.01 secs] 
2157.274: [GC (Allocation Failure) [PSYoungGen: 69549K->1517K(70144K)] 392857K->324825K(761856K), 0.0022128 secs] [Times: user=0.00 sys=0.00, real=0.00 secs] 
2157.437: [GC (Allocation Failure) [PSYoungGen: 69613K->1533K(77312K)] 392921K->324857K(769024K), 0.0018159 secs] [Times: user=0.01 sys=0.00, real=0.01 secs] 
2157.901: [GC (Allocation Failure) [PSYoungGen: 76797K->1408K(76288K)] 400121K->324731K(768000K), 0.0031435 secs] [Times: user=0.01 sys=0.00, real=0.00 secs] 
2158.593: [GC (Allocation Failure) [PSYoungGen: 76160K->1408K(75776K)] 399483K->324731K(767488K), 0.0024421 secs] [Times: user=0.01 sys=0.00, real=0.00 secs] 
2159.305: [GC (Allocation Failure) [PSYoungGen: 75648K->1376K(75264K)] 398971K->324699K(766976K), 0.0024162 secs] [Times: user=0.01 sys=0.00, real=0.00 secs] 
2160.087: [GC (Allocation Failure) [PSYoungGen: 75104K->1456K(74752K)] 398427K->324779K(766464K), 0.0032325 secs] [Times: user=0.01 sys=0.00, real=0.01 secs] 
2160.309: [GC (Allocation Failure) [PSYoungGen: 74672K->1520K(74240K)] 397995K->324843K(765952K), 0.0017929 secs] [Times: user=0.01 sys=0.00, real=0.00 secs] 
2160.438: [GC (Allocation Failure) [PSYoungGen: 74224K->1501K(73728K)] 397547K->324825K(765440K), 0.0016821 secs] [Times: user=0.01 sys=0.00, real=0.00 secs] 
2160.569: [GC (Allocation Failure) [PSYoungGen: 73693K->1501K(73216K)] 397017K->324825K(764928K), 0.0016820 secs] [Times: user=0.00 sys=0.00, real=0.00 secs] 
2160.828: [GC (Allocation Failure) [PSYoungGen: 73181K->1424K(72704K)] 396505K->324747K(764416K), 0.0028462 secs] [Times: user=0.02 sys=0.00, real=0.01 secs] 
2161.176: [GC (Allocation Failure) [PSYoungGen: 72592K->1392K(72192K)] 395915K->324715K(763904K), 0.0019741 secs] [Times: user=0.01 sys=0.00, real=0.01 secs] 
2161.644: [GC (Allocation Failure) [PSYoungGen: 72048K->1408K(71680K)] 395371K->324731K(763392K), 0.0021060 secs] [Times: user=0.01 sys=0.00, real=0.00 secs] 
2162.184: [GC (Allocation Failure) [PSYoungGen: 71552K->1328K(71168K)] 394875K->324651K(762880K), 0.0038333 secs] [Times: user=0.01 sys=0.00, real=0.01 secs] 
2162.666: [GC (Allocation Failure) [PSYoungGen: 70960K->1453K(70656K)] 394283K->324777K(762368K), 0.0022238 secs] [Times: user=0.01 sys=0.00, real=0.01 secs] 
2162.815: [GC (Allocation Failure) [PSYoungGen: 70573K->1488K(70144K)] 393897K->324811K(761856K), 0.0016117 secs] [Times: user=0.00 sys=0.00, real=0.00 secs] 
2162.937: [GC (Allocation Failure) [PSYoungGen: 70095K->1469K(69632K)] 393419K->324817K(761344K), 0.0018099 secs] [Times: user=0.01 sys=0.00, real=0.01 secs] 
2163.058: [GC (Allocation Failure) [PSYoungGen: 69565K->1533K(70144K)] 392913K->324881K(761856K), 0.0015697 secs] [Times: user=0.00 sys=0.00, real=0.01 secs] 
2163.593: [GC (Allocation Failure) [PSYoungGen: 69629K->1392K(69632K)] 392977K->324739K(761344K), 0.0020784 secs] [Times: user=0.01 sys=0.00, real=0.00 secs] 
2164.284: [GC (Allocation Failure) [PSYoungGen: 69488K->1392K(69632K)] 392835K->324739K(761344K), 0.0020633 secs] [Times: user=0.01 sys=0.00, real=0.00 secs] 
2164.873: [GC (Allocation Failure) [PSYoungGen: 69488K->1376K(69632K)] 392835K->324723K(761344K), 0.0022053 secs] [Times: user=0.01 sys=0.00, real=0.00 secs] 
2165.511: [GC (Allocation Failure) [PSYoungGen: 69472K->1344K(69632K)] 392819K->324691K(761344K), 0.0024503 secs] [Times: user=0.01 sys=0.00, real=0.00 secs] 
2165.867: [GC (Allocation Failure) [PSYoungGen: 69440K->1453K(69632K)] 392787K->324801K(761344K), 0.0014938 secs] [Times: user=0.00 sys=0.00, real=0.01 secs] 
2165.986: [GC (Allocation Failure) [PSYoungGen: 69549K->1533K(69632K)] 392897K->324881K(761344K), 0.0017559 secs] [Times: user=0.01 sys=0.00, real=0.01 secs] 
2166.106: [GC (Allocation Failure) [PSYoungGen: 69629K->1533K(69632K)] 392977K->324881K(761344K), 0.0015282 secs] [Times: user=0.01 sys=0.00, real=0.00 secs] 
2166.225: [GC (Allocation Failure) [PSYoungGen: 69629K->1504K(69632K)] 392977K->324859K(761344K), 0.0016741 secs] [Times: user=0.00 sys=0.01, real=0.00 secs] 
2166.699: [GC (Allocation Failure) [PSYoungGen: 69600K->1440K(69632K)] 392955K->324795K(761344K), 0.0020496 secs] [Times: user=0.01 sys=0.00, real=0.00 secs] 
2167.235: [GC (Allocation Failure) [PSYoungGen: 69536K->1328K(69632K)] 392891K->324683K(761344K), 0.0023636 secs] [Times: user=0.01 sys=0.00, real=0.00 secs] 
2167.779: [GC (Allocation Failure) [PSYoungGen: 69424K->1376K(69632K)] 392779K->324731K(761344K), 0.0021357 secs] [Times: user=0.00 sys=0.00, real=0.00 secs] 
2168.494: [GC (Allocation Failure) [PSYoungGen: 69472K->1376K(69632K)] 392827K->324731K(761344K), 0.0026761 secs] [Times: user=0.01 sys=0.00, real=0.00 secs] 
2168.978: [GC (Allocation Failure) [PSYoungGen: 69472K->1488K(69632K)] 392827K->324843K(761344K), 0.0019815 secs] [Times: user=0.01 sys=0.00, real=0.00 secs] 
2169.107: [GC (Allocation Failure) [PSYoungGen: 69584K->1536K(70144K)] 392939K->324891K(761856K), 0.0015908 secs] [Times: user=0.00 sys=0.00, real=0.01 secs] 
2169.245: [GC (Allocation Failure) [PSYoungGen: 69632K->1485K(69632K)] 392987K->324841K(761344K), 0.0018780 secs] [Times: user=0.01 sys=0.00, real=0.00 secs] 
2169.395: [GC (Allocation Failure) [PSYoungGen: 69581K->1469K(70144K)] 392937K->324841K(761856K), 0.0015772 secs] [Times: user=0.01 sys=0.00, real=0.00 secs] 
2170.761: [GC (Allocation Failure) [PSYoungGen: 69565K->1408K(70144K)] 392937K->324779K(761856K), 0.0055055 secs] [Times: user=0.01 sys=0.00, real=0.00 secs] 
2171.530: [GC (Allocation Failure) [PSYoungGen: 69504K->1408K(70144K)] 392875K->324779K(761856K), 0.0027433 secs] [Times: user=0.01 sys=0.00, real=0.00 secs] 
2172.303: [GC (Allocation Failure) [PSYoungGen: 69504K->1376K(70144K)] 392875K->324747K(761856K), 0.0034849 secs] [Times: user=0.02 sys=0.01, real=0.00 secs] 
2173.013: [GC (Allocation Failure) [PSYoungGen: 69472K->1376K(70144K)] 392843K->324747K(761856K), 0.0033935 secs] [Times: user=0.01 sys=0.00, real=0.00 secs] 
2173.383: [GC (Allocation Failure) [PSYoungGen: 69472K->1485K(70144K)] 392843K->324857K(761856K), 0.0020387 secs] [Times: user=0.01 sys=0.00, real=0.00 secs] 
2173.515: [GC (Allocation Failure) [PSYoungGen: 69581K->1501K(70144K)] 392953K->324873K(761856K), 0.0014753 secs] [Times: user=0.00 sys=0.00, real=0.00 secs] 
2173.635: [GC (Allocation Failure) [PSYoungGen: 69597K->1437K(70144K)] 392969K->324809K(761856K), 0.0017652 secs] [Times: user=0.01 sys=0.00, real=0.00 secs] 
2173.773: [GC (Allocation Failure) [PSYoungGen: 69533K->1472K(70144K)] 392905K->324843K(761856K), 0.0020413 secs] [Times: user=0.01 sys=0.00, real=0.00 secs] 
2174.433: [GC (Allocation Failure) [PSYoungGen: 69568K->1344K(69632K)] 392939K->324723K(761344K), 0.0020841 secs] [Times: user=0.01 sys=0.00, real=0.00 secs] 
2174.831: [GC (Allocation Failure) [PSYoungGen: 69440K->1344K(69632K)] 392819K->324731K(761344K), 0.0020856 secs] [Times: user=0.00 sys=0.00, real=0.00 secs] 
2175.324: [GC (Allocation Failure) [PSYoungGen: 69440K->1376K(69632K)] 392827K->324763K(761344K), 0.0019694 secs] [Times: user=0.01 sys=0.00, real=0.00 secs] 
2175.848: [GC (Allocation Failure) [PSYoungGen: 69472K->1376K(69632K)] 392859K->324763K(761344K), 0.0021184 secs] [Times: user=0.01 sys=0.00, real=0.01 secs] 
2176.051: [GC (Allocation Failure) [PSYoungGen: 69472K->1533K(69632K)] 392859K->324945K(761344K), 0.0015157 secs] [Times: user=0.01 sys=0.00, real=0.00 secs] 
2176.190: [GC (Allocation Failure) [PSYoungGen: 69629K->1485K(69632K)] 393041K->324913K(761344K), 0.0017650 secs] [Times: user=0.01 sys=0.00, real=0.00 secs] 
2176.341: [GC (Allocation Failure) [PSYoungGen: 69581K->1485K(69632K)] 393009K->324913K(761344K), 0.0017997 secs] [Times: user=0.00 sys=0.00, real=0.00 secs] 
2176.625: [GC (Allocation Failure) [PSYoungGen: 69581K->1952K(70144K)] 393009K->325395K(761856K), 0.0019301 secs] [Times: user=0.00 sys=0.00, real=0.00 secs] 
2177.348: [GC (Allocation Failure) [PSYoungGen: 70048K->384K(68608K)] 393491K->324851K(760320K), 0.0025201 secs] [Times: user=0.01 sys=0.00, real=0.01 secs] 
2178.123: [GC (Allocation Failure) [PSYoungGen: 68480K->368K(68608K)] 392947K->324835K(760320K), 0.0023442 secs] [Times: user=0.01 sys=0.00, real=0.00 secs] 
2178.826: [GC (Allocation Failure) [PSYoungGen: 68464K->384K(69632K)] 392931K->324851K(761344K), 0.0027368 secs] [Times: user=0.01 sys=0.00, real=0.01 secs] 
2179.804: [GC (Allocation Failure) [PSYoungGen: 68480K->320K(70656K)] 392947K->324787K(762368K), 0.0038770 secs] [Times: user=0.01 sys=0.00, real=0.00 secs] 
2180.054: [GC (Allocation Failure) [PSYoungGen: 68416K->1485K(70656K)] 392883K->325953K(762368K), 0.0019499 secs] [Times: user=0.01 sys=0.00, real=0.00 secs] 
2180.177: [GC (Allocation Failure) [PSYoungGen: 69581K->1565K(70656K)] 394049K->326033K(762368K), 0.0017423 secs] [Times: user=0.01 sys=0.00, real=0.01 secs] 
2180.297: [GC (Allocation Failure) [PSYoungGen: 69661K->1453K(70656K)] 394129K->325937K(762368K), 0.0017547 secs] [Times: user=0.00 sys=0.00, real=0.01 secs] 
2180.672: [GC (Allocation Failure) [PSYoungGen: 69549K->1472K(70656K)] 394033K->325955K(762368K), 0.0022900 secs] [Times: user=0.01 sys=0.00, real=0.00 secs] 
2181.233: [GC (Allocation Failure) [PSYoungGen: 69568K->1376K(70656K)] 394051K->325859K(762368K), 0.0018814 secs] [Times: user=0.01 sys=0.00, real=0.00 secs] 
2181.515: [GC (Allocation Failure) [PSYoungGen: 69472K->1376K(70656K)] 393955K->325859K(762368K), 0.0018743 secs] [Times: user=0.01 sys=0.00, real=0.00 secs] 
2181.866: [GC (Allocation Failure) [PSYoungGen: 69472K->1376K(70656K)] 393955K->325859K(762368K), 0.0017186 secs] [Times: user=0.01 sys=0.00, real=0.00 secs] 
2182.379: [GC (Allocation Failure) [PSYoungGen: 69472K->1424K(70656K)] 393955K->325907K(762368K), 0.0020411 secs] [Times: user=0.00 sys=0.00, real=0.00 secs] 
2182.521: [GC (Allocation Failure) [PSYoungGen: 69520K->1501K(70656K)] 394003K->325985K(762368K), 0.0017090 secs] [Times: user=0.00 sys=0.00, real=0.00 secs] 
2182.640: [GC (Allocation Failure) [PSYoungGen: 69597K->1536K(70656K)] 394081K->326019K(762368K), 0.0015244 secs] [Times: user=0.00 sys=0.00, real=0.00 secs] 
2182.760: [GC (Allocation Failure) [PSYoungGen: 69632K->1501K(70656K)] 394115K->326009K(762368K), 0.0015183 secs] [Times: user=0.00 sys=0.00, real=0.00 secs] 
2182.989: [GC (Allocation Failure) [PSYoungGen: 69597K->1424K(69632K)] 394105K->325947K(761344K), 0.0018746 secs] [Times: user=0.00 sys=0.00, real=0.00 secs] 
2183.891: [GC (Allocation Failure) [PSYoungGen: 69520K->1344K(70144K)] 394043K->325867K(761856K), 0.0023225 secs] [Times: user=0.01 sys=0.00, real=0.00 secs] 
2184.475: [GC (Allocation Failure) [PSYoungGen: 69440K->1376K(70144K)] 393963K->325899K(761856K), 0.0022633 secs] [Times: user=0.01 sys=0.00, real=0.00 secs] 
2185.078: [GC (Allocation Failure) [PSYoungGen: 69472K->1376K(70144K)] 393995K->325899K(761856K), 0.0021189 secs] [Times: user=0.01 sys=0.00, real=0.01 secs] 
2185.653: [GC (Allocation Failure) [PSYoungGen: 69472K->1456K(70144K)] 393995K->325979K(761856K), 0.0020877 secs] [Times: user=0.01 sys=0.00, real=0.00 secs] 
2185.795: [GC (Allocation Failure) [PSYoungGen: 69552K->1469K(70144K)] 394075K->325993K(761856K), 0.0015537 secs] [Times: user=0.01 sys=0.00, real=0.00 secs] 
2185.915: [GC (Allocation Failure) [PSYoungGen: 69565K->1437K(70144K)] 394089K->325961K(761856K), 0.0015671 secs] [Times: user=0.01 sys=0.00, real=0.00 secs] 
2186.034: [GC (Allocation Failure) [PSYoungGen: 69533K->1536K(70144K)] 394057K->326083K(761856K), 0.0015418 secs] [Times: user=0.01 sys=0.00, real=0.00 secs] 
2186.287: [GC (Allocation Failure) [PSYoungGen: 69632K->1456K(70144K)] 394179K->326003K(761856K), 0.0019067 secs] [Times: user=0.00 sys=0.00, real=0.01 secs] 
2187.083: [GC (Allocation Failure) [PSYoungGen: 69552K->1312K(70144K)] 394099K->325859K(761856K), 0.0019709 secs] [Times: user=0.01 sys=0.00, real=0.00 secs] 
2187.822: [GC (Allocation Failure) [PSYoungGen: 69408K->1344K(70144K)] 393955K->325891K(761856K), 0.0021294 secs] [Times: user=0.01 sys=0.00, real=0.00 secs] 
2188.790: [GC (Allocation Failure) [PSYoungGen: 69440K->1344K(70144K)] 393987K->325891K(761856K), 0.0020895 secs] [Times: user=0.00 sys=0.00, real=0.00 secs] 
2189.724: [GC (Allocation Failure) [PSYoungGen: 69440K->1392K(70144K)] 393987K->325939K(761856K), 0.0023560 secs] [Times: user=0.01 sys=0.00, real=0.00 secs] 
2189.886: [GC (Allocation Failure) [PSYoungGen: 69488K->1501K(70144K)] 394035K->326049K(761856K), 0.0015544 secs] [Times: user=0.01 sys=0.00, real=0.00 secs] 
2190.006: [GC (Allocation Failure) [PSYoungGen: 69597K->1469K(70144K)] 394145K->326017K(761856K), 0.0015494 secs] [Times: user=0.01 sys=0.00, real=0.00 secs] 
2190.125: [GC (Allocation Failure) [PSYoungGen: 69565K->1568K(70144K)] 394113K->326139K(761856K), 0.0015426 secs] [Times: user=0.00 sys=0.00, real=0.00 secs] 
2190.465: [GC (Allocation Failure) [PSYoungGen: 69664K->1440K(70144K)] 394235K->326011K(761856K), 0.0022016 secs] [Times: user=0.01 sys=0.00, real=0.00 secs] 
2191.160: [GC (Allocation Failure) [PSYoungGen: 69536K->1408K(70144K)] 394107K->325979K(761856K), 0.0027262 secs] [Times: user=0.01 sys=0.00, real=0.00 secs] 
2192.025: [GC (Allocation Failure) [PSYoungGen: 69504K->1408K(70144K)] 394075K->325979K(761856K), 0.0030282 secs] [Times: user=0.01 sys=0.00, real=0.01 secs] 
2192.922: [GC (Allocation Failure) [PSYoungGen: 69504K->1408K(70144K)] 394075K->325979K(761856K), 0.0035206 secs] [Times: user=0.01 sys=0.00, real=0.00 secs] 
2194.008: [GC (Allocation Failure) [PSYoungGen: 69504K->1488K(70144K)] 394075K->326059K(761856K), 0.0027691 secs] [Times: user=0.01 sys=0.00, real=0.01 secs] 
2194.188: [GC (Allocation Failure) [PSYoungGen: 69584K->1472K(70144K)] 394155K->326043K(761856K), 0.0015758 secs] [Times: user=0.01 sys=0.00, real=0.00 secs] 
2194.309: [GC (Allocation Failure) [PSYoungGen: 69568K->1469K(70144K)] 394139K->326041K(761856K), 0.0015964 secs] [Times: user=0.00 sys=0.00, real=0.00 secs] 
2194.447: [GC (Allocation Failure) [PSYoungGen: 69565K->1453K(70144K)] 394137K->326033K(761856K), 0.0018800 secs] [Times: user=0.00 sys=0.00, real=0.01 secs] 
2194.762: [GC (Allocation Failure) [PSYoungGen: 69549K->1424K(70144K)] 394129K->326003K(761856K), 0.0021197 secs] [Times: user=0.01 sys=0.01, real=0.00 secs] 
2195.087: [GC (Allocation Failure) [PSYoungGen: 69520K->1376K(70144K)] 394099K->325971K(761856K), 0.0019876 secs] [Times: user=0.00 sys=0.00, real=0.01 secs] 
2195.417: [GC (Allocation Failure) [PSYoungGen: 69472K->1376K(70144K)] 394067K->325971K(761856K), 0.0027413 secs] [Times: user=0.01 sys=0.00, real=0.01 secs] 
2195.702: [GC (Allocation Failure) [PSYoungGen: 69472K->1408K(70144K)] 394067K->326003K(761856K), 0.0019412 secs] [Times: user=0.01 sys=0.00, real=0.00 secs] 
2196.113: [GC (Allocation Failure) [PSYoungGen: 69504K->1408K(70144K)] 394099K->326003K(761856K), 0.0019944 secs] [Times: user=0.01 sys=0.00, real=0.00 secs] 
2196.248: [GC (Allocation Failure) [PSYoungGen: 69504K->1533K(70144K)] 394099K->326129K(761856K), 0.0015347 secs] [Times: user=0.00 sys=0.00, real=0.01 secs] 
2196.368: [GC (Allocation Failure) [PSYoungGen: 69629K->1533K(70144K)] 394225K->326129K(761856K), 0.0014802 secs] [Times: user=0.01 sys=0.00, real=0.00 secs] 
2196.488: [GC (Allocation Failure) [PSYoungGen: 69629K->1536K(70144K)] 394225K->326147K(761856K), 0.0015442 secs] [Times: user=0.01 sys=0.00, real=0.01 secs] 
2196.733: [GC (Allocation Failure) [PSYoungGen: 69632K->1424K(70144K)] 394243K->326035K(761856K), 0.0017100 secs] [Times: user=0.01 sys=0.00, real=0.00 secs] 
2197.015: [GC (Allocation Failure) [PSYoungGen: 69520K->1408K(70144K)] 394131K->326019K(761856K), 0.0015821 secs] [Times: user=0.01 sys=0.00, real=0.00 secs] 
2197.453: [GC (Allocation Failure) [PSYoungGen: 69504K->1360K(70144K)] 394115K->325971K(761856K), 0.0028601 secs] [Times: user=0.01 sys=0.00, real=0.00 secs] 
2198.138: [GC (Allocation Failure) [PSYoungGen: 69456K->1376K(70144K)] 394067K->325987K(761856K), 0.0025440 secs] [Times: user=0.01 sys=0.00, real=0.00 secs] 
2198.800: [GC (Allocation Failure) [PSYoungGen: 69472K->1504K(70144K)] 394083K->326115K(761856K), 0.0020637 secs] [Times: user=0.01 sys=0.00, real=0.00 secs] 
2198.948: [GC (Allocation Failure) [PSYoungGen: 69600K->1469K(70144K)] 394211K->326081K(761856K), 0.0015100 secs] [Times: user=0.01 sys=0.00, real=0.00 secs] 
2199.067: [GC (Allocation Failure) [PSYoungGen: 69565K->1488K(70144K)] 394177K->326099K(761856K), 0.0017072 secs] [Times: user=0.01 sys=0.00, real=0.01 secs] 
2199.187: [GC (Allocation Failure) [PSYoungGen: 69584K->1501K(70144K)] 394195K->326121K(761856K), 0.0015473 secs] [Times: user=0.01 sys=0.00, real=0.01 secs] 
2200.272: [GC (Allocation Failure) [PSYoungGen: 69597K->1392K(70144K)] 394217K->326011K(761856K), 0.0028907 secs] [Times: user=0.01 sys=0.00, real=0.00 secs] 
2201.543: [GC (Allocation Failure) [PSYoungGen: 69488K->1344K(70144K)] 394107K->325963K(761856K), 0.0041261 secs] [Times: user=0.01 sys=0.00, real=0.00 secs] 
2202.421: [GC (Allocation Failure) [PSYoungGen: 69440K->1376K(70144K)] 394059K->325995K(761856K), 0.0025396 secs] [Times: user=0.01 sys=0.00, real=0.00 secs] 
2203.189: [GC (Allocation Failure) [PSYoungGen: 69472K->1376K(70144K)] 394091K->326003K(761856K), 0.0023252 secs] [Times: user=0.01 sys=0.00, real=0.00 secs] 
2203.713: [GC (Allocation Failure) [PSYoungGen: 69472K->1440K(70144K)] 394099K->326067K(761856K), 0.0021589 secs] [Times: user=0.00 sys=0.00, real=0.00 secs] 
2203.862: [GC (Allocation Failure) [PSYoungGen: 69536K->1504K(70144K)] 394163K->326131K(761856K), 0.0015377 secs] [Times: user=0.00 sys=0.00, real=0.00 secs] 
2203.981: [GC (Allocation Failure) [PSYoungGen: 69600K->1501K(70144K)] 394227K->326129K(761856K), 0.0015603 secs] [Times: user=0.01 sys=0.00, real=0.00 secs] 
2204.101: [GC (Allocation Failure) [PSYoungGen: 69597K->1469K(70144K)] 394225K->326105K(761856K), 0.0015503 secs] [Times: user=0.01 sys=0.00, real=0.00 secs] 
2205.155: [GC (Allocation Failure) [PSYoungGen: 69565K->1440K(70144K)] 394201K->326075K(761856K), 0.0021991 secs] [Times: user=0.01 sys=0.00, real=0.00 secs] 
2205.908: [GC (Allocation Failure) [PSYoungGen: 69536K->1376K(70144K)] 394171K->326027K(761856K), 0.0022765 secs] [Times: user=0.01 sys=0.00, real=0.01 secs] 
2206.314: [GC (Allocation Failure) [PSYoungGen: 69472K->1376K(70144K)] 394123K->326027K(761856K), 0.0020181 secs] [Times: user=0.01 sys=0.00, real=0.00 secs] 
2206.629: [GC (Allocation Failure) [PSYoungGen: 69472K->1376K(70144K)] 394123K->326027K(761856K), 0.0019214 secs] [Times: user=0.01 sys=0.00, real=0.00 secs] 
2207.284: [GC (Allocation Failure) [PSYoungGen: 69472K->1485K(70144K)] 394123K->326137K(761856K), 0.0021289 secs] [Times: user=0.01 sys=0.00, real=0.00 secs] 
2207.430: [GC (Allocation Failure) [PSYoungGen: 69564K->1533K(70144K)] 394216K->326185K(761856K), 0.0013470 secs] [Times: user=0.01 sys=0.00, real=0.00 secs] 
2207.566: [GC (Allocation Failure) [PSYoungGen: 69629K->1453K(70144K)] 394281K->326105K(761856K), 0.0018502 secs] [Times: user=0.00 sys=0.00, real=0.00 secs] 
2207.721: [GC (Allocation Failure) [PSYoungGen: 69549K->1485K(70144K)] 394201K->326145K(761856K), 0.0019634 secs] [Times: user=0.01 sys=0.00, real=0.00 secs] 
2208.986: [GC (Allocation Failure) [PSYoungGen: 69581K->1408K(70144K)] 394241K->326067K(761856K), 0.0024230 secs] [Times: user=0.01 sys=0.00, real=0.01 secs] 
2209.892: [GC (Allocation Failure) [PSYoungGen: 69504K->1408K(70144K)] 394163K->326067K(761856K), 0.0022964 secs] [Times: user=0.01 sys=0.00, real=0.00 secs] 
2210.755: [GC (Allocation Failure) [PSYoungGen: 69504K->1344K(70144K)] 394163K->326003K(761856K), 0.0024900 secs] [Times: user=0.01 sys=0.00, real=0.00 secs] 
2211.443: [GC (Allocation Failure) [PSYoungGen: 69440K->1408K(70144K)] 394099K->326067K(761856K), 0.0023083 secs] [Times: user=0.01 sys=0.00, real=0.00 secs] 
2211.917: [GC (Allocation Failure) [PSYoungGen: 69504K->1469K(70144K)] 394163K->326129K(761856K), 0.0018727 secs] [Times: user=0.00 sys=0.01, real=0.01 secs] 
2212.047: [GC (Allocation Failure) [PSYoungGen: 69565K->1533K(70144K)] 394225K->326193K(761856K), 0.0015679 secs] [Times: user=0.00 sys=0.00, real=0.01 secs] 
2212.169: [GC (Allocation Failure) [PSYoungGen: 69629K->1504K(70144K)] 394289K->326163K(761856K), 0.0015365 secs] [Times: user=0.00 sys=0.00, real=0.00 secs] 
2212.289: [GC (Allocation Failure) [PSYoungGen: 69600K->1504K(70144K)] 394259K->326171K(761856K), 0.0015313 secs] [Times: user=0.00 sys=0.00, real=0.00 secs] 
2212.762: [GC (Allocation Failure) [PSYoungGen: 69600K->1456K(70144K)] 394267K->326123K(761856K), 0.0019019 secs] [Times: user=0.01 sys=0.00, real=0.00 secs] 
2213.045: [GC (Allocation Failure) [PSYoungGen: 69552K->1344K(70144K)] 394219K->326011K(761856K), 0.0020077 secs] [Times: user=0.01 sys=0.00, real=0.00 secs] 
2213.629: [GC (Allocation Failure) [PSYoungGen: 69440K->1376K(70144K)] 394107K->326043K(761856K), 0.0020913 secs] [Times: user=0.01 sys=0.00, real=0.00 secs] 
2214.284: [GC (Allocation Failure) [PSYoungGen: 69472K->1408K(70144K)] 394139K->326091K(761856K), 0.0021599 secs] [Times: user=0.01 sys=0.00, real=0.00 secs] 
2214.625: [GC (Allocation Failure) [PSYoungGen: 69504K->1453K(70144K)] 394187K->326137K(761856K), 0.0018297 secs] [Times: user=0.01 sys=0.00, real=0.00 secs] 
2214.747: [GC (Allocation Failure) [PSYoungGen: 69534K->1501K(70144K)] 394218K->326185K(761856K), 0.0019651 secs] [Times: user=0.01 sys=0.00, real=0.01 secs] 
2214.868: [GC (Allocation Failure) [PSYoungGen: 69597K->1456K(70144K)] 394281K->326139K(761856K), 0.0015454 secs] [Times: user=0.01 sys=0.00, real=0.00 secs] 
2214.990: [GC (Allocation Failure) [PSYoungGen: 69552K->1520K(70144K)] 394235K->326211K(761856K), 0.0015607 secs] [Times: user=0.00 sys=0.00, real=0.00 secs] 
2215.492: [GC (Allocation Failure) [PSYoungGen: 69616K->1440K(70144K)] 394307K->326131K(761856K), 0.0019067 secs] [Times: user=0.01 sys=0.00, real=0.00 secs] 
2216.010: [GC (Allocation Failure) [PSYoungGen: 69536K->1360K(70144K)] 394227K->326051K(761856K), 0.0017783 secs] [Times: user=0.01 sys=0.00, real=0.00 secs] 
2216.701: [GC (Allocation Failure) [PSYoungGen: 69456K->1376K(70144K)] 394147K->326067K(761856K), 0.0019987 secs] [Times: user=0.01 sys=0.00, real=0.00 secs] 
2217.613: [GC (Allocation Failure) [PSYoungGen: 69472K->1392K(70144K)] 394163K->326083K(761856K), 0.0033850 secs] [Times: user=0.02 sys=0.00, real=0.00 secs] 
2218.096: [GC (Allocation Failure) [PSYoungGen: 69488K->1472K(70144K)] 394179K->326163K(761856K), 0.0021137 secs] [Times: user=0.01 sys=0.00, real=0.01 secs] 
2218.239: [GC (Allocation Failure) [PSYoungGen: 69568K->1504K(70144K)] 394259K->326195K(761856K), 0.0017079 secs] [Times: user=0.00 sys=0.00, real=0.00 secs] 
2218.358: [GC (Allocation Failure) [PSYoungGen: 69600K->1552K(70144K)] 394291K->326243K(761856K), 0.0015180 secs] [Times: user=0.01 sys=0.00, real=0.00 secs] 
2218.495: [GC (Allocation Failure) [PSYoungGen: 69648K->1517K(70144K)] 394339K->326217K(761856K), 0.0019526 secs] [Times: user=0.01 sys=0.00, real=0.00 secs] 
2220.011: [GC (Allocation Failure) [PSYoungGen: 69613K->1408K(70144K)] 394313K->326107K(761856K), 0.0024673 secs] [Times: user=0.01 sys=0.00, real=0.00 secs] 
2221.014: [GC (Allocation Failure) [PSYoungGen: 69504K->1376K(70144K)] 394203K->326075K(761856K), 0.0031044 secs] [Times: user=0.01 sys=0.00, real=0.00 secs] 
2221.368: [GC (Allocation Failure) [PSYoungGen: 69472K->1376K(70144K)] 394171K->326075K(761856K), 0.0019999 secs] [Times: user=0.01 sys=0.00, real=0.01 secs] 
2221.694: [GC (Allocation Failure) [PSYoungGen: 69472K->1408K(70144K)] 394171K->326107K(761856K), 0.0019258 secs] [Times: user=0.01 sys=0.00, real=0.00 secs] 
2221.933: [GC (Allocation Failure) [PSYoungGen: 69504K->1456K(70144K)] 394203K->326155K(761856K), 0.0015140 secs] [Times: user=0.00 sys=0.00, real=0.00 secs] 
2222.056: [GC (Allocation Failure) [PSYoungGen: 69552K->1488K(70144K)] 394251K->326187K(761856K), 0.0015390 secs] [Times: user=0.01 sys=0.00, real=0.00 secs] 
2222.195: [GC (Allocation Failure) [PSYoungGen: 69584K->1517K(70144K)] 394283K->326217K(761856K), 0.0018587 secs] [Times: user=0.00 sys=0.00, real=0.00 secs] 
2222.345: [GC (Allocation Failure) [PSYoungGen: 69613K->1488K(70144K)] 394313K->326195K(761856K), 0.0019609 secs] [Times: user=0.01 sys=0.00, real=0.00 secs] 
2225.281: [GC (Allocation Failure) [PSYoungGen: 69584K->1440K(70144K)] 394291K->326147K(761856K), 0.0024346 secs] [Times: user=0.01 sys=0.00, real=0.00 secs] 
2225.574: [GC (Allocation Failure) [PSYoungGen: 69536K->1344K(70144K)] 394243K->326051K(761856K), 0.0020498 secs] [Times: user=0.01 sys=0.00, real=0.00 secs] 
2225.857: [GC (Allocation Failure) [PSYoungGen: 69440K->1376K(70144K)] 394147K->326099K(761856K), 0.0020557 secs] [Times: user=0.01 sys=0.00, real=0.01 secs] 
2226.375: [GC (Allocation Failure) [PSYoungGen: 69472K->1360K(70144K)] 394195K->326083K(761856K), 0.0024384 secs] [Times: user=0.01 sys=0.01, real=0.00 secs] 
2226.671: [GC (Allocation Failure) [PSYoungGen: 69456K->1485K(70144K)] 394179K->326209K(761856K), 0.0019391 secs] [Times: user=0.01 sys=0.00, real=0.00 secs] 
2226.801: [GC (Allocation Failure) [PSYoungGen: 69581K->1469K(70144K)] 394305K->326193K(761856K), 0.0015255 secs] [Times: user=0.01 sys=0.00, real=0.00 secs] 
2226.920: [GC (Allocation Failure) [PSYoungGen: 69565K->1501K(70144K)] 394289K->326225K(761856K), 0.0015305 secs] [Times: user=0.01 sys=0.00, real=0.00 secs] 
2227.383: [GC (Allocation Failure) [PSYoungGen: 69597K->1712K(70144K)] 394321K->326435K(761856K), 0.0023769 secs] [Times: user=0.01 sys=0.00, real=0.00 secs] 
2228.353: [GC (Allocation Failure) [PSYoungGen: 69808K->1408K(70144K)] 394531K->326131K(761856K), 0.0025195 secs] [Times: user=0.01 sys=0.00, real=0.00 secs] 
2228.977: [GC (Allocation Failure) [PSYoungGen: 69504K->1376K(70144K)] 394227K->326099K(761856K), 0.0027796 secs] [Times: user=0.01 sys=0.00, real=0.01 secs] 
2229.300: [GC (Allocation Failure) [PSYoungGen: 69472K->1408K(70144K)] 394195K->326131K(761856K), 0.0019844 secs] [Times: user=0.01 sys=0.00, real=0.00 secs] 
2229.668: [GC (Allocation Failure) [PSYoungGen: 69504K->1376K(70144K)] 394227K->326099K(761856K), 0.0019904 secs] [Times: user=0.00 sys=0.00, real=0.00 secs] 
2229.893: [GC (Allocation Failure) [PSYoungGen: 69472K->1488K(70144K)] 394195K->326211K(761856K), 0.0015262 secs] [Times: user=0.01 sys=0.00, real=0.00 secs] 
2230.012: [GC (Allocation Failure) [PSYoungGen: 69584K->1536K(70144K)] 394307K->326259K(761856K), 0.0017039 secs] [Times: user=0.01 sys=0.00, real=0.00 secs] 
2230.132: [GC (Allocation Failure) [PSYoungGen: 69632K->1533K(70144K)] 394355K->326257K(761856K), 0.0015423 secs] [Times: user=0.01 sys=0.00, real=0.00 secs] 
2231.348: [GC (Allocation Failure) [PSYoungGen: 69629K->1984K(70144K)] 394353K->326707K(761856K), 0.0038644 secs] [Times: user=0.02 sys=0.00, real=0.01 secs] 
2232.589: [GC (Allocation Failure) [PSYoungGen: 70080K->1280K(70144K)] 394803K->326003K(761856K), 0.0030494 secs] [Times: user=0.01 sys=0.00, real=0.00 secs] 
2233.159: [GC (Allocation Failure) [PSYoungGen: 69376K->1344K(70144K)] 394099K->326067K(761856K), 0.0028060 secs] [Times: user=0.01 sys=0.00, real=0.00 secs] 
2233.446: [GC (Allocation Failure) [PSYoungGen: 69440K->1376K(70144K)] 394163K->326099K(761856K), 0.0020146 secs] [Times: user=0.01 sys=0.00, real=0.00 secs] 
2233.746: [GC (Allocation Failure) [PSYoungGen: 69472K->1376K(70144K)] 394195K->326099K(761856K), 0.0018869 secs] [Times: user=0.01 sys=0.00, real=0.01 secs] 
2233.916: [GC (Allocation Failure) [PSYoungGen: 69472K->1472K(70144K)] 394195K->326195K(761856K), 0.0015283 secs] [Times: user=0.01 sys=0.00, real=0.00 secs] 
2234.036: [GC (Allocation Failure) [PSYoungGen: 69568K->1501K(70144K)] 394291K->326225K(761856K), 0.0014889 secs] [Times: user=0.01 sys=0.00, real=0.00 secs] 
2234.155: [GC (Allocation Failure) [PSYoungGen: 69597K->1472K(70144K)] 394321K->326219K(761856K), 0.0015308 secs] [Times: user=0.00 sys=0.00, real=0.00 secs] 
2234.346: [GC (Allocation Failure) [PSYoungGen: 69568K->1392K(70144K)] 394315K->326139K(761856K), 0.0015553 secs] [Times: user=0.01 sys=0.00, real=0.01 secs] 
2234.882: [GC (Allocation Failure) [PSYoungGen: 69488K->1360K(70144K)] 394235K->326107K(761856K), 0.0017340 secs] [Times: user=0.01 sys=0.00, real=0.00 secs] 
2235.475: [GC (Allocation Failure) [PSYoungGen: 69456K->1376K(70144K)] 394203K->326123K(761856K), 0.0030360 secs] [Times: user=0.01 sys=0.00, real=0.00 secs] 
2236.065: [GC (Allocation Failure) [PSYoungGen: 69472K->1344K(70144K)] 394219K->326091K(761856K), 0.0031328 secs] [Times: user=0.01 sys=0.00, real=0.01 secs] 
2236.399: [GC (Allocation Failure) [PSYoungGen: 69440K->1424K(70144K)] 394187K->326171K(761856K), 0.0020178 secs] [Times: user=0.00 sys=0.00, real=0.00 secs] 
2236.534: [GC (Allocation Failure) [PSYoungGen: 69520K->1536K(70144K)] 394267K->326283K(761856K), 0.0015555 secs] [Times: user=0.00 sys=0.00, real=0.00 secs] 
2236.653: [GC (Allocation Failure) [PSYoungGen: 69632K->1501K(70144K)] 394379K->326249K(761856K), 0.0015109 secs] [Times: user=0.01 sys=0.00, real=0.00 secs] 
2236.773: [GC (Allocation Failure) [PSYoungGen: 69597K->1504K(70144K)] 394345K->326275K(761856K), 0.0015420 secs] [Times: user=0.01 sys=0.00, real=0.00 secs] 
2237.219: [GC (Allocation Failure) [PSYoungGen: 69600K->1424K(70144K)] 394371K->326195K(761856K), 0.0017535 secs] [Times: user=0.00 sys=0.00, real=0.00 secs] 
2238.146: [GC (Allocation Failure) [PSYoungGen: 69520K->1344K(70144K)] 394291K->326115K(761856K), 0.0030618 secs] [Times: user=0.01 sys=0.00, real=0.01 secs] 
2239.110: [GC (Allocation Failure) [PSYoungGen: 69440K->1312K(70144K)] 394211K->326083K(761856K), 0.0035462 secs] [Times: user=0.02 sys=0.00, real=0.00 secs] 
2239.926: [GC (Allocation Failure) [PSYoungGen: 69408K->1312K(70144K)] 394179K->326083K(761856K), 0.0032961 secs] [Times: user=0.01 sys=0.00, real=0.01 secs] 
2240.520: [GC (Allocation Failure) [PSYoungGen: 69408K->1488K(70144K)] 394179K->326259K(761856K), 0.0025671 secs] [Times: user=0.01 sys=0.00, real=0.00 secs] 
2240.694: [GC (Allocation Failure) [PSYoungGen: 69584K->1469K(70144K)] 394355K->326241K(761856K), 0.0016014 secs] [Times: user=0.01 sys=0.00, real=0.00 secs] 
2240.815: [GC (Allocation Failure) [PSYoungGen: 69565K->1520K(70144K)] 394337K->326291K(761856K), 0.0016091 secs] [Times: user=0.01 sys=0.00, real=0.00 secs] 
2240.937: [GC (Allocation Failure) [PSYoungGen: 69616K->1469K(70144K)] 394387K->326257K(761856K), 0.0016113 secs] [Times: user=0.01 sys=0.00, real=0.01 secs] 
2241.256: [GC (Allocation Failure) [PSYoungGen: 69565K->1424K(70144K)] 394353K->326211K(761856K), 0.0017523 secs] [Times: user=0.01 sys=0.00, real=0.00 secs] 
2241.728: [GC (Allocation Failure) [PSYoungGen: 69520K->1376K(70144K)] 394307K->326163K(761856K), 0.0018003 secs] [Times: user=0.01 sys=0.00, real=0.00 secs] 
2242.185: [GC (Allocation Failure) [PSYoungGen: 69472K->1344K(70144K)] 394259K->326131K(761856K), 0.0038932 secs] [Times: user=0.02 sys=0.00, real=0.01 secs] 
2242.731: [GC (Allocation Failure) [PSYoungGen: 69440K->1392K(70144K)] 394227K->326179K(761856K), 0.0023209 secs] [Times: user=0.01 sys=0.00, real=0.00 secs] 
2243.331: [GC (Allocation Failure) [PSYoungGen: 69488K->1424K(70144K)] 394275K->326211K(761856K), 0.0031711 secs] [Times: user=0.01 sys=0.00, real=0.00 secs] 
2243.530: [GC (Allocation Failure) [PSYoungGen: 69520K->1520K(70144K)] 394307K->326307K(761856K), 0.0015744 secs] [Times: user=0.01 sys=0.00, real=0.00 secs] 
2243.650: [GC (Allocation Failure) [PSYoungGen: 69616K->1469K(70144K)] 394403K->326257K(761856K), 0.0015745 secs] [Times: user=0.01 sys=0.00, real=0.00 secs] 
2243.770: [GC (Allocation Failure) [PSYoungGen: 69565K->1453K(70144K)] 394353K->326249K(761856K), 0.0016224 secs] [Times: user=0.00 sys=0.00, real=0.00 secs] 
2243.972: [GC (Allocation Failure) [PSYoungGen: 69549K->1472K(70144K)] 394345K->326267K(761856K), 0.0023252 secs] [Times: user=0.01 sys=0.00, real=0.00 secs] 
2244.258: [GC (Allocation Failure) [PSYoungGen: 69568K->1344K(70144K)] 394363K->326139K(761856K), 0.0019881 secs] [Times: user=0.01 sys=0.00, real=0.01 secs] 
2244.541: [GC (Allocation Failure) [PSYoungGen: 69440K->1344K(70144K)] 394235K->326139K(761856K), 0.0019790 secs] [Times: user=0.01 sys=0.00, real=0.00 secs] 
2244.824: [GC (Allocation Failure) [PSYoungGen: 69440K->1376K(70144K)] 394235K->326171K(761856K), 0.0020054 secs] [Times: user=0.01 sys=0.00, real=0.00 secs] 
2245.095: [GC (Allocation Failure) [PSYoungGen: 69472K->1440K(70144K)] 394267K->326235K(761856K), 0.0018060 secs] [Times: user=0.01 sys=0.00, real=0.00 secs] 
2245.219: [GC (Allocation Failure) [PSYoungGen: 69536K->1437K(70144K)] 394331K->326233K(761856K), 0.0014674 secs] [Times: user=0.01 sys=0.00, real=0.00 secs] 
2245.339: [GC (Allocation Failure) [PSYoungGen: 69533K->1565K(70144K)] 394329K->326361K(761856K), 0.0015263 secs] [Times: user=0.01 sys=0.00, real=0.00 secs] 
2245.458: [GC (Allocation Failure) [PSYoungGen: 69661K->1456K(70144K)] 394457K->326259K(761856K), 0.0015359 secs] [Times: user=0.01 sys=0.00, real=0.00 secs] 
2247.057: [GC (Allocation Failure) [PSYoungGen: 69552K->1456K(69632K)] 394355K->326259K(761344K), 0.0040999 secs] [Times: user=0.01 sys=0.01, real=0.01 secs] 
2248.339: [GC (Allocation Failure) [PSYoungGen: 69552K->1344K(69632K)] 394355K->326147K(761344K), 0.0029924 secs] [Times: user=0.01 sys=0.00, real=0.00 secs] 
2248.927: [GC (Allocation Failure) [PSYoungGen: 69440K->1376K(69632K)] 394243K->326179K(761344K), 0.0027714 secs] [Times: user=0.01 sys=0.00, real=0.01 secs] 
2249.422: [GC (Allocation Failure) [PSYoungGen: 69472K->1376K(69632K)] 394275K->326179K(761344K), 0.0024595 secs] [Times: user=0.01 sys=0.00, real=0.00 secs] 
2249.730: [GC (Allocation Failure) [PSYoungGen: 69472K->1501K(69632K)] 394275K->326305K(761344K), 0.0018162 secs] [Times: user=0.00 sys=0.00, real=0.00 secs] 
2249.854: [GC (Allocation Failure) [PSYoungGen: 69597K->1533K(69632K)] 394401K->326337K(761344K), 0.0016476 secs] [Times: user=0.01 sys=0.00, real=0.00 secs] 
2249.973: [GC (Allocation Failure) [PSYoungGen: 69629K->1533K(69632K)] 394433K->326337K(761344K), 0.0015808 secs] [Times: user=0.01 sys=0.00, real=0.00 secs] 
2250.093: [GC (Allocation Failure) [PSYoungGen: 69629K->1501K(69632K)] 394433K->326313K(761344K), 0.0016061 secs] [Times: user=0.01 sys=0.00, real=0.00 secs] 
2250.522: [GC (Allocation Failure) [PSYoungGen: 69597K->1424K(69632K)] 394409K->326235K(761344K), 0.0016826 secs] [Times: user=0.01 sys=0.00, real=0.00 secs] 
2251.165: [GC (Allocation Failure) [PSYoungGen: 69520K->1376K(69632K)] 394331K->326187K(761344K), 0.0023046 secs] [Times: user=0.01 sys=0.00, real=0.00 secs] 
2251.927: [GC (Allocation Failure) [PSYoungGen: 69472K->1376K(69632K)] 394283K->326187K(761344K), 0.0025737 secs] [Times: user=0.01 sys=0.00, real=0.01 secs] 
2252.837: [GC (Allocation Failure) [PSYoungGen: 69472K->1344K(69632K)] 394283K->326155K(761344K), 0.0055946 secs] [Times: user=0.01 sys=0.00, real=0.01 secs] 
2253.544: [GC (Allocation Failure) [PSYoungGen: 69440K->1453K(69632K)] 394251K->326265K(761344K), 0.0025227 secs] [Times: user=0.01 sys=0.00, real=0.00 secs] 
2253.706: [GC (Allocation Failure) [PSYoungGen: 69549K->1472K(69632K)] 394361K->326283K(761344K), 0.0016886 secs] [Times: user=0.00 sys=0.00, real=0.01 secs] 
2253.828: [GC (Allocation Failure) [PSYoungGen: 69568K->1501K(70144K)] 394379K->326313K(761856K), 0.0015201 secs] [Times: user=0.00 sys=0.00, real=0.00 secs] 
2253.949: [GC (Allocation Failure) [PSYoungGen: 69597K->1501K(70144K)] 394409K->326321K(761856K), 0.0015363 secs] [Times: user=0.01 sys=0.00, real=0.00 secs] 
2254.192: [GC (Allocation Failure) [PSYoungGen: 69597K->1392K(70144K)] 394417K->326235K(761856K), 0.0017407 secs] [Times: user=0.00 sys=0.00, real=0.00 secs] 
2254.475: [GC (Allocation Failure) [PSYoungGen: 69488K->1408K(70144K)] 394331K->326251K(761856K), 0.0017202 secs] [Times: user=0.01 sys=0.00, real=0.00 secs] 
2254.758: [GC (Allocation Failure) [PSYoungGen: 69504K->1408K(70144K)] 394347K->326251K(761856K), 0.0016768 secs] [Times: user=0.00 sys=0.00, real=0.01 secs] 
2255.040: [GC (Allocation Failure) [PSYoungGen: 69504K->1376K(70144K)] 394347K->326219K(761856K), 0.0017132 secs] [Times: user=0.00 sys=0.00, real=0.00 secs] 
2255.392: [GC (Allocation Failure) [PSYoungGen: 69472K->1469K(70144K)] 394315K->326313K(761856K), 0.0016979 secs] [Times: user=0.00 sys=0.00, real=0.00 secs] 
2255.530: [GC (Allocation Failure) [PSYoungGen: 69565K->1469K(70144K)] 394409K->326313K(761856K), 0.0019433 secs] [Times: user=0.01 sys=0.00, real=0.00 secs] 
2255.692: [GC (Allocation Failure) [PSYoungGen: 69565K->1488K(70144K)] 394409K->326331K(761856K), 0.0016652 secs] [Times: user=0.01 sys=0.00, real=0.00 secs] 
2255.812: [GC (Allocation Failure) [PSYoungGen: 69584K->1488K(70144K)] 394427K->326339K(761856K), 0.0016451 secs] [Times: user=0.01 sys=0.00, real=0.00 secs] 
2256.055: [GC (Allocation Failure) [PSYoungGen: 69584K->1408K(69632K)] 394435K->326259K(761344K), 0.0023092 secs] [Times: user=0.00 sys=0.00, real=0.00 secs] 
2256.501: [GC (Allocation Failure) [PSYoungGen: 69504K->1376K(69632K)] 394355K->326227K(761344K), 0.0021103 secs] [Times: user=0.01 sys=0.00, real=0.00 secs] 
2257.031: [GC (Allocation Failure) [PSYoungGen: 69472K->1408K(69632K)] 394323K->326259K(761344K), 0.0021285 secs] [Times: user=0.01 sys=0.00, real=0.00 secs] 
2257.575: [GC (Allocation Failure) [PSYoungGen: 69504K->1344K(69632K)] 394355K->326195K(761344K), 0.0022039 secs] [Times: user=0.01 sys=0.00, real=0.00 secs] 
2258.094: [GC (Allocation Failure) [PSYoungGen: 69440K->1520K(69632K)] 394291K->326371K(761344K), 0.0018891 secs] [Times: user=0.01 sys=0.00, real=0.00 secs] 
2258.223: [GC (Allocation Failure) [PSYoungGen: 69616K->1469K(69632K)] 394467K->326321K(761344K), 0.0016876 secs] [Times: user=0.01 sys=0.00, real=0.00 secs] 
2258.343: [GC (Allocation Failure) [PSYoungGen: 69565K->1501K(69632K)] 394417K->326353K(761344K), 0.0016757 secs] [Times: user=0.01 sys=0.00, real=0.00 secs] 
2258.481: [GC (Allocation Failure) [PSYoungGen: 69597K->1469K(73728K)] 394449K->326329K(765440K), 0.0019239 secs] [Times: user=0.01 sys=0.00, real=0.00 secs] 
2258.764: [GC (Allocation Failure) [PSYoungGen: 73149K->1440K(72704K)] 398009K->326299K(764416K), 0.0017812 secs] [Times: user=0.01 sys=0.00, real=0.00 secs] 
2259.139: [GC (Allocation Failure) [PSYoungGen: 72608K->1376K(72192K)] 397467K->326235K(763904K), 0.0019841 secs] [Times: user=0.01 sys=0.00, real=0.00 secs] 
2259.802: [GC (Allocation Failure) [PSYoungGen: 72032K->1376K(71680K)] 396891K->326235K(763392K), 0.0035662 secs] [Times: user=0.01 sys=0.00, real=0.00 secs] 
2260.492: [GC (Allocation Failure) [PSYoungGen: 71520K->1344K(71168K)] 396379K->326203K(762880K), 0.0036954 secs] [Times: user=0.02 sys=0.00, real=0.00 secs] 
2260.828: [GC (Allocation Failure) [PSYoungGen: 70976K->1456K(70656K)] 395835K->326315K(762368K), 0.0019486 secs] [Times: user=0.01 sys=0.00, real=0.01 secs] 
2260.961: [GC (Allocation Failure) [PSYoungGen: 70576K->1469K(70144K)] 395435K->326329K(761856K), 0.0016177 secs] [Times: user=0.00 sys=0.00, real=0.00 secs] 
2261.082: [GC (Allocation Failure) [PSYoungGen: 70062K->1488K(69632K)] 394921K->326347K(761344K), 0.0016091 secs] [Times: user=0.01 sys=0.00, real=0.00 secs] 
2261.203: [GC (Allocation Failure) [PSYoungGen: 68902K->256K(73728K)] 393762K->325115K(765440K), 0.0015913 secs] [Times: user=0.01 sys=0.00, real=0.00 secs] 
2261.594: [GC (Allocation Failure) [PSYoungGen: 71936K->1376K(72704K)] 396795K->326235K(764416K), 0.0017540 secs] [Times: user=0.01 sys=0.00, real=0.00 secs] 
2261.961: [GC (Allocation Failure) [PSYoungGen: 72544K->1408K(72192K)] 397403K->326267K(763904K), 0.0018099 secs] [Times: user=0.00 sys=0.00, real=0.00 secs] 
2262.255: [GC (Allocation Failure) [PSYoungGen: 72064K->1424K(71680K)] 396923K->326291K(763392K), 0.0017389 secs] [Times: user=0.01 sys=0.00, real=0.00 secs] 
2262.578: [GC (Allocation Failure) [PSYoungGen: 71568K->1456K(71168K)] 396435K->326323K(762880K), 0.0020808 secs] [Times: user=0.01 sys=0.00, real=0.01 secs] 
2262.751: [GC (Allocation Failure) [PSYoungGen: 71088K->1501K(70656K)] 395955K->326369K(762368K), 0.0018608 secs] [Times: user=0.01 sys=0.00, real=0.00 secs] 
2262.929: [GC (Allocation Failure) [PSYoungGen: 70621K->1469K(70144K)] 395489K->326337K(761856K), 0.0023614 secs] [Times: user=0.01 sys=0.00, real=0.00 secs] 
2263.090: [GC (Allocation Failure) [PSYoungGen: 70046K->1501K(69632K)] 394913K->326369K(761344K), 0.0015972 secs] [Times: user=0.01 sys=0.00, real=0.00 secs] 
2263.299: [GC (Allocation Failure) [PSYoungGen: 69597K->1456K(69632K)] 394465K->326323K(761344K), 0.0020986 secs] [Times: user=0.01 sys=0.00, real=0.00 secs] 
2263.582: [GC (Allocation Failure) [PSYoungGen: 69552K->1344K(69632K)] 394419K->326211K(761344K), 0.0020586 secs] [Times: user=0.00 sys=0.00, real=0.00 secs] 
2263.865: [GC (Allocation Failure) [PSYoungGen: 69440K->1376K(69632K)] 394307K->326243K(761344K), 0.0019708 secs] [Times: user=0.01 sys=0.00, real=0.00 secs] 
2264.148: [GC (Allocation Failure) [PSYoungGen: 69472K->1376K(69632K)] 394339K->326243K(761344K), 0.0017892 secs] [Times: user=0.00 sys=0.00, real=0.00 secs] 
2264.457: [GC (Allocation Failure) [PSYoungGen: 69472K->1392K(69632K)] 394339K->326259K(761344K), 0.0023484 secs] [Times: user=0.01 sys=0.00, real=0.01 secs] 
2264.612: [GC (Allocation Failure) [PSYoungGen: 69488K->1504K(69632K)] 394355K->326371K(761344K), 0.0015240 secs] [Times: user=0.01 sys=0.00, real=0.00 secs] 
2264.732: [GC (Allocation Failure) [PSYoungGen: 69600K->1488K(69632K)] 394467K->326355K(761344K), 0.0017564 secs] [Times: user=0.01 sys=0.00, real=0.00 secs] 
2264.878: [GC (Allocation Failure) [PSYoungGen: 69584K->1485K(70144K)] 394451K->326361K(761856K), 0.0020016 secs] [Times: user=0.01 sys=0.00, real=0.01 secs] 
2265.623: [GC (Allocation Failure) [PSYoungGen: 69581K->1424K(70144K)] 394457K->326299K(761856K), 0.0043254 secs] [Times: user=0.02 sys=0.00, real=0.00 secs] 
2266.591: [GC (Allocation Failure) [PSYoungGen: 69520K->1344K(70144K)] 394395K->326219K(761856K), 0.0067132 secs] [Times: user=0.03 sys=0.00, real=0.00 secs] 
2267.503: [GC (Allocation Failure) [PSYoungGen: 69440K->1376K(70144K)] 394315K->326251K(761856K), 0.0034592 secs] [Times: user=0.01 sys=0.00, real=0.00 secs] 
2268.223: [GC (Allocation Failure) [PSYoungGen: 69472K->1408K(70144K)] 394347K->326283K(761856K), 0.0027531 secs] [Times: user=0.01 sys=0.00, real=0.00 secs] 
2268.957: [GC (Allocation Failure) [PSYoungGen: 69504K->1472K(70144K)] 394379K->326347K(761856K), 0.0024778 secs] [Times: user=0.01 sys=0.00, real=0.01 secs] 
2269.132: [GC (Allocation Failure) [PSYoungGen: 69568K->1472K(70144K)] 394443K->326347K(761856K), 0.0015722 secs] [Times: user=0.00 sys=0.00, real=0.00 secs] 
2269.253: [GC (Allocation Failure) [PSYoungGen: 69568K->1488K(70144K)] 394443K->326363K(761856K), 0.0015287 secs] [Times: user=0.00 sys=0.00, real=0.00 secs] 
2269.373: [GC (Allocation Failure) [PSYoungGen: 69584K->1472K(70144K)] 394459K->326355K(761856K), 0.0014494 secs] [Times: user=0.01 sys=0.00, real=0.00 secs] 
2270.227: [GC (Allocation Failure) [PSYoungGen: 69568K->1440K(70144K)] 394451K->326323K(761856K), 0.0033278 secs] [Times: user=0.01 sys=0.00, real=0.01 secs] 
2271.696: [GC (Allocation Failure) [PSYoungGen: 69536K->1344K(70144K)] 394419K->326227K(761856K), 0.0034060 secs] [Times: user=0.01 sys=0.00, real=0.01 secs] 
2272.586: [GC (Allocation Failure) [PSYoungGen: 69440K->1376K(70144K)] 394323K->326259K(761856K), 0.0030714 secs] [Times: user=0.01 sys=0.00, real=0.01 secs] 
2273.405: [GC (Allocation Failure) [PSYoungGen: 69472K->1376K(70144K)] 394355K->326259K(761856K), 0.0025698 secs] [Times: user=0.01 sys=0.00, real=0.01 secs] 
2273.974: [GC (Allocation Failure) [PSYoungGen: 69472K->1504K(70144K)] 394355K->326387K(761856K), 0.0023290 secs] [Times: user=0.00 sys=0.00, real=0.00 secs] 
2274.131: [GC (Allocation Failure) [PSYoungGen: 69600K->1469K(70144K)] 394483K->326353K(761856K), 0.0015359 secs] [Times: user=0.00 sys=0.00, real=0.00 secs] 
2274.251: [GC (Allocation Failure) [PSYoungGen: 69565K->1565K(70144K)] 394449K->326449K(761856K), 0.0016802 secs] [Times: user=0.00 sys=0.01, real=0.00 secs] 
2274.371: [GC (Allocation Failure) [PSYoungGen: 69661K->1408K(70144K)] 394545K->326299K(761856K), 0.0015068 secs] [Times: user=0.01 sys=0.00, real=0.00 secs] 
2274.847: [GC (Allocation Failure) [PSYoungGen: 69504K->1456K(70144K)] 394395K->326347K(761856K), 0.0021178 secs] [Times: user=0.01 sys=0.00, real=0.01 secs] 
2275.479: [GC (Allocation Failure) [PSYoungGen: 69552K->1408K(70144K)] 394443K->326307K(761856K), 0.0038412 secs] [Times: user=0.02 sys=0.00, real=0.00 secs] 
2276.124: [GC (Allocation Failure) [PSYoungGen: 69504K->1344K(70144K)] 394403K->326243K(761856K), 0.0032268 secs] [Times: user=0.01 sys=0.00, real=0.00 secs] 
2276.571: [GC (Allocation Failure) [PSYoungGen: 69440K->1408K(70144K)] 394339K->326307K(761856K), 0.0019999 secs] [Times: user=0.00 sys=0.00, real=0.00 secs] 
2276.826: [GC (Allocation Failure) [PSYoungGen: 69504K->1472K(70144K)] 394403K->326371K(761856K), 0.0014513 secs] [Times: user=0.01 sys=0.00, real=0.00 secs] 
2276.964: [GC (Allocation Failure) [PSYoungGen: 69568K->1453K(70144K)] 394467K->326353K(761856K), 0.0018412 secs] [Times: user=0.01 sys=0.00, real=0.00 secs] 
2277.090: [GC (Allocation Failure) [PSYoungGen: 69549K->1472K(70144K)] 394449K->326371K(761856K), 0.0016038 secs] [Times: user=0.01 sys=0.00, real=0.00 secs] 
2277.212: [GC (Allocation Failure) [PSYoungGen: 69568K->1421K(70144K)] 394467K->326345K(761856K), 0.0015817 secs] [Times: user=0.00 sys=0.00, real=0.00 secs] 
2277.465: [GC (Allocation Failure) [PSYoungGen: 69517K->1456K(70144K)] 394441K->326379K(761856K), 0.0017738 secs] [Times: user=0.01 sys=0.00, real=0.00 secs] 
2277.748: [GC (Allocation Failure) [PSYoungGen: 69552K->1376K(70144K)] 394475K->326299K(761856K), 0.0017656 secs] [Times: user=0.00 sys=0.00, real=0.01 secs] 
2278.031: [GC (Allocation Failure) [PSYoungGen: 69472K->1376K(70144K)] 394395K->326299K(761856K), 0.0017709 secs] [Times: user=0.01 sys=0.00, real=0.00 secs] 
2278.313: [GC (Allocation Failure) [PSYoungGen: 69472K->1344K(70144K)] 394395K->326275K(761856K), 0.0018393 secs] [Times: user=0.01 sys=0.00, real=0.00 secs] 
2278.550: [GC (Allocation Failure) [PSYoungGen: 69440K->1469K(70144K)] 394371K->326401K(761856K), 0.0015131 secs] [Times: user=0.01 sys=0.00, real=0.00 secs] 
2278.669: [GC (Allocation Failure) [PSYoungGen: 69565K->1520K(70144K)] 394497K->326451K(761856K), 0.0017074 secs] [Times: user=0.00 sys=0.00, real=0.00 secs] 
2278.790: [GC (Allocation Failure) [PSYoungGen: 69616K->1536K(70144K)] 394547K->326467K(761856K), 0.0015380 secs] [Times: user=0.00 sys=0.00, real=0.00 secs] 
2278.909: [GC (Allocation Failure) [PSYoungGen: 69632K->1536K(70144K)] 394563K->326483K(761856K), 0.0017070 secs] [Times: user=0.01 sys=0.00, real=0.00 secs] 
2279.482: [GC (Allocation Failure) [PSYoungGen: 69632K->1424K(70144K)] 394579K->326371K(761856K), 0.0020329 secs] [Times: user=0.01 sys=0.00, real=0.00 secs] 
2280.136: [GC (Allocation Failure) [PSYoungGen: 69520K->1376K(70144K)] 394467K->326323K(761856K), 0.0020686 secs] [Times: user=0.01 sys=0.00, real=0.01 secs] 
2280.833: [GC (Allocation Failure) [PSYoungGen: 69472K->1376K(70144K)] 394419K->326323K(761856K), 0.0038883 secs] [Times: user=0.02 sys=0.01, real=0.00 secs] 
2281.579: [GC (Allocation Failure) [PSYoungGen: 69472K->1392K(70144K)] 394419K->326339K(761856K), 0.0027320 secs] [Times: user=0.01 sys=0.00, real=0.00 secs] 
2282.112: [GC (Allocation Failure) [PSYoungGen: 69488K->1485K(70144K)] 394435K->326433K(761856K), 0.0021265 secs] [Times: user=0.01 sys=0.00, real=0.00 secs] 
2282.254: [GC (Allocation Failure) [PSYoungGen: 69581K->1504K(70144K)] 394529K->326451K(761856K), 0.0016445 secs] [Times: user=0.01 sys=0.00, real=0.00 secs] 
2282.375: [GC (Allocation Failure) [PSYoungGen: 69600K->1437K(70144K)] 394547K->326417K(761856K), 0.0015746 secs] [Times: user=0.01 sys=0.00, real=0.00 secs] 
2282.496: [GC (Allocation Failure) [PSYoungGen: 69533K->1488K(70144K)] 394513K->326475K(761856K), 0.0016549 secs] [Times: user=0.01 sys=0.00, real=0.00 secs] 
2282.787: [GC (Allocation Failure) [PSYoungGen: 69584K->1440K(70144K)] 394571K->326427K(761856K), 0.0018326 secs] [Times: user=0.01 sys=0.00, real=0.01 secs] 
2283.071: [GC (Allocation Failure) [PSYoungGen: 69536K->1344K(70144K)] 394523K->326331K(761856K), 0.0018021 secs] [Times: user=0.01 sys=0.00, real=0.00 secs] 
2283.354: [GC (Allocation Failure) [PSYoungGen: 69440K->1376K(70144K)] 394427K->326363K(761856K), 0.0017800 secs] [Times: user=0.01 sys=0.00, real=0.00 secs] 
2283.686: [GC (Allocation Failure) [PSYoungGen: 69472K->1376K(70144K)] 394459K->326363K(761856K), 0.0014534 secs] [Times: user=0.00 sys=0.00, real=0.00 secs] 
2283.922: [GC (Allocation Failure) [PSYoungGen: 69472K->1421K(70144K)] 394459K->326409K(761856K), 0.0015509 secs] [Times: user=0.01 sys=0.00, real=0.00 secs] 
2284.040: [GC (Allocation Failure) [PSYoungGen: 69517K->1488K(70144K)] 394505K->326475K(761856K), 0.0015632 secs] [Times: user=0.00 sys=0.00, real=0.00 secs] 
2284.160: [GC (Allocation Failure) [PSYoungGen: 69584K->1488K(70144K)] 394571K->326475K(761856K), 0.0016210 secs] [Times: user=0.01 sys=0.00, real=0.00 secs] 
2284.280: [GC (Allocation Failure) [PSYoungGen: 69584K->1472K(70144K)] 394571K->326475K(761856K), 0.0015639 secs] [Times: user=0.01 sys=0.00, real=0.00 secs] 
2284.729: [GC (Allocation Failure) [PSYoungGen: 69568K->1440K(70144K)] 394571K->326443K(761856K), 0.0023124 secs] [Times: user=0.01 sys=0.00, real=0.00 secs] 
2285.255: [GC (Allocation Failure) [PSYoungGen: 69536K->1344K(70144K)] 394539K->326347K(761856K), 0.0022343 secs] [Times: user=0.01 sys=0.00, real=0.00 secs] 
2285.784: [GC (Allocation Failure) [PSYoungGen: 69440K->1376K(70144K)] 394443K->326379K(761856K), 0.0021506 secs] [Times: user=0.00 sys=0.00, real=0.00 secs] 
2286.326: [GC (Allocation Failure) [PSYoungGen: 69472K->1344K(70144K)] 394475K->326347K(761856K), 0.0021536 secs] [Times: user=0.01 sys=0.00, real=0.01 secs] 
2286.732: [GC (Allocation Failure) [PSYoungGen: 69440K->1488K(70144K)] 394443K->326491K(761856K), 0.0019224 secs] [Times: user=0.00 sys=0.00, real=0.00 secs] 
2286.901: [GC (Allocation Failure) [PSYoungGen: 69584K->1485K(70144K)] 394587K->326489K(761856K), 0.0022144 secs] [Times: user=0.00 sys=0.00, real=0.00 secs] 
2287.061: [GC (Allocation Failure) [PSYoungGen: 69581K->1504K(70144K)] 394585K->326507K(761856K), 0.0015894 secs] [Times: user=0.00 sys=0.00, real=0.00 secs] 
2287.181: [GC (Allocation Failure) [PSYoungGen: 69600K->1469K(70144K)] 394603K->326489K(761856K), 0.0015553 secs] [Times: user=0.00 sys=0.00, real=0.00 secs] 
2287.977: [GC (Allocation Failure) [PSYoungGen: 69565K->1440K(70144K)] 394585K->326459K(761856K), 0.0027664 secs] [Times: user=0.01 sys=0.00, real=0.01 secs] 
2288.253: [GC (Allocation Failure) [PSYoungGen: 69536K->1408K(70144K)] 394555K->326427K(761856K), 0.0019769 secs] [Times: user=0.00 sys=0.00, real=0.00 secs] 
2288.626: [GC (Allocation Failure) [PSYoungGen: 69504K->1408K(70144K)] 394523K->326427K(761856K), 0.0019181 secs] [Times: user=0.01 sys=0.00, real=0.00 secs] 
2289.122: [GC (Allocation Failure) [PSYoungGen: 69504K->1376K(70144K)] 394523K->326395K(761856K), 0.0019494 secs] [Times: user=0.01 sys=0.00, real=0.00 secs] 
2289.389: [GC (Allocation Failure) [PSYoungGen: 69472K->1469K(70144K)] 394491K->326489K(761856K), 0.0014987 secs] [Times: user=0.01 sys=0.00, real=0.00 secs] 
2289.508: [GC (Allocation Failure) [PSYoungGen: 69565K->1552K(70144K)] 394585K->326571K(761856K), 0.0017098 secs] [Times: user=0.01 sys=0.00, real=0.00 secs] 
2289.628: [GC (Allocation Failure) [PSYoungGen: 69648K->1469K(70144K)] 394667K->326489K(761856K), 0.0015372 secs] [Times: user=0.00 sys=0.00, real=0.00 secs] 
2289.748: [GC (Allocation Failure) [PSYoungGen: 69565K->1568K(70144K)] 394585K->326603K(761856K), 0.0015196 secs] [Times: user=0.00 sys=0.00, real=0.00 secs] 
2290.626: [GC (Allocation Failure) [PSYoungGen: 69664K->1392K(70144K)] 394699K->326427K(761856K), 0.0019843 secs] [Times: user=0.01 sys=0.00, real=0.00 secs] 
2291.293: [GC (Allocation Failure) [PSYoungGen: 69488K->1376K(70144K)] 394523K->326411K(761856K), 0.0021638 secs] [Times: user=0.01 sys=0.00, real=0.00 secs] 
2292.094: [GC (Allocation Failure) [PSYoungGen: 69472K->1360K(70144K)] 394507K->326395K(761856K), 0.0039226 secs] [Times: user=0.01 sys=0.00, real=0.01 secs] 
2292.661: [GC (Allocation Failure) [PSYoungGen: 69456K->1376K(70144K)] 394491K->326411K(761856K), 0.0027388 secs] [Times: user=0.01 sys=0.00, real=0.00 secs] 
2292.971: [GC (Allocation Failure) [PSYoungGen: 69472K->1485K(70144K)] 394507K->326521K(761856K), 0.0019834 secs] [Times: user=0.01 sys=0.00, real=0.00 secs] 
2293.102: [GC (Allocation Failure) [PSYoungGen: 69581K->1533K(70144K)] 394617K->326569K(761856K), 0.0015819 secs] [Times: user=0.01 sys=0.00, real=0.00 secs] 
2293.223: [GC (Allocation Failure) [PSYoungGen: 69629K->1469K(70144K)] 394665K->326537K(761856K), 0.0016966 secs] [Times: user=0.00 sys=0.00, real=0.00 secs] 
2293.344: [GC (Allocation Failure) [PSYoungGen: 69565K->1501K(70144K)] 394633K->326593K(761856K), 0.0013133 secs] [Times: user=0.01 sys=0.00, real=0.00 secs] 
2293.656: [GC (Allocation Failure) [PSYoungGen: 69597K->1408K(70144K)] 394689K->326499K(761856K), 0.0017995 secs] [Times: user=0.01 sys=0.00, real=0.01 secs] 
2293.939: [GC (Allocation Failure) [PSYoungGen: 69504K->1376K(70144K)] 394595K->326467K(761856K), 0.0018466 secs] [Times: user=0.01 sys=0.00, real=0.00 secs] 
2294.222: [GC (Allocation Failure) [PSYoungGen: 69472K->1344K(70144K)] 394563K->326435K(761856K), 0.0017869 secs] [Times: user=0.01 sys=0.00, real=0.00 secs] 
2294.504: [GC (Allocation Failure) [PSYoungGen: 69440K->1344K(70144K)] 394531K->326443K(761856K), 0.0017812 secs] [Times: user=0.00 sys=0.00, real=0.00 secs] 
2294.670: [GC (Allocation Failure) [PSYoungGen: 69440K->1469K(70144K)] 394539K->326569K(761856K), 0.0015329 secs] [Times: user=0.00 sys=0.00, real=0.00 secs] 
2294.790: [GC (Allocation Failure) [PSYoungGen: 69565K->1536K(70144K)] 394665K->326635K(761856K), 0.0016971 secs] [Times: user=0.00 sys=0.00, real=0.00 secs] 
2294.928: [GC (Allocation Failure) [PSYoungGen: 69632K->1485K(70144K)] 394731K->326585K(761856K), 0.0018729 secs] [Times: user=0.01 sys=0.00, real=0.01 secs] 
2295.246: [GC (Allocation Failure) [PSYoungGen: 69581K->1728K(70144K)] 394681K->326827K(761856K), 0.0020719 secs] [Times: user=0.00 sys=0.00, real=0.01 secs] 
2296.608: [GC (Allocation Failure) [PSYoungGen: 69824K->1376K(70144K)] 394923K->326475K(761856K), 0.0038296 secs] [Times: user=0.01 sys=0.00, real=0.01 secs] 
2297.378: [GC (Allocation Failure) [PSYoungGen: 69472K->1408K(69632K)] 394571K->326507K(761344K), 0.0034160 secs] [Times: user=0.02 sys=0.00, real=0.00 secs] 
2298.060: [GC (Allocation Failure) [PSYoungGen: 69504K->1344K(69632K)] 394603K->326443K(761344K), 0.0027562 secs] [Times: user=0.02 sys=0.00, real=0.00 secs] 
2298.809: [GC (Allocation Failure) [PSYoungGen: 69440K->1376K(69632K)] 394539K->326475K(761344K), 0.0034528 secs] [Times: user=0.01 sys=0.00, real=0.00 secs] 
2299.054: [GC (Allocation Failure) [PSYoungGen: 69472K->1485K(69632K)] 394571K->326585K(761344K), 0.0020066 secs] [Times: user=0.01 sys=0.00, real=0.00 secs] 
2299.177: [GC (Allocation Failure) [PSYoungGen: 69581K->1533K(69632K)] 394681K->326633K(761344K), 0.0015225 secs] [Times: user=0.00 sys=0.00, real=0.01 secs] 
2299.315: [GC (Allocation Failure) [PSYoungGen: 69629K->1485K(69632K)] 394729K->326585K(761344K), 0.0019474 secs] [Times: user=0.01 sys=0.00, real=0.00 secs] 
2299.758: [GC (Allocation Failure) [PSYoungGen: 69581K->976K(69120K)] 394681K->327099K(760832K), 0.0026922 secs] [Times: user=0.01 sys=0.00, real=0.01 secs] 
2300.752: [GC (Allocation Failure) [PSYoungGen: 69072K->352K(68608K)] 395195K->326475K(760320K), 0.0033036 secs] [Times: user=0.01 sys=0.00, real=0.00 secs] 
2301.823: [GC (Allocation Failure) [PSYoungGen: 68448K->352K(69120K)] 394571K->326475K(760832K), 0.0033869 secs] [Times: user=0.01 sys=0.00, real=0.00 secs] 
2302.641: [GC (Allocation Failure) [PSYoungGen: 68448K->368K(70144K)] 394571K->326491K(761856K), 0.0029714 secs] [Times: user=0.01 sys=0.00, real=0.00 secs] 
2303.126: [GC (Allocation Failure) [PSYoungGen: 68464K->272K(69632K)] 394587K->326395K(761344K), 0.0023712 secs] [Times: user=0.01 sys=0.00, real=0.01 secs] 
2303.285: [GC (Allocation Failure) [PSYoungGen: 67856K->1517K(70144K)] 393979K->327641K(761856K), 0.0015486 secs] [Times: user=0.01 sys=0.00, real=0.00 secs] 
2303.404: [GC (Allocation Failure) [PSYoungGen: 69101K->1533K(70144K)] 395225K->327657K(761856K), 0.0015659 secs] [Times: user=0.01 sys=0.00, real=0.00 secs] 
2303.542: [GC (Allocation Failure) [PSYoungGen: 69117K->1517K(70144K)] 395241K->327649K(761856K), 0.0018614 secs] [Times: user=0.00 sys=0.00, real=0.00 secs] 
2304.130: [GC (Allocation Failure) [PSYoungGen: 69101K->1440K(70144K)] 395233K->327571K(761856K), 0.0032783 secs] [Times: user=0.01 sys=0.01, real=0.00 secs] 
2305.008: [GC (Allocation Failure) [PSYoungGen: 69024K->1344K(70144K)] 395155K->327491K(761856K), 0.0026103 secs] [Times: user=0.01 sys=0.00, real=0.00 secs] 
2305.630: [GC (Allocation Failure) [PSYoungGen: 68928K->1408K(70144K)] 395075K->327555K(761856K), 0.0022704 secs] [Times: user=0.01 sys=0.00, real=0.00 secs] 
2306.141: [GC (Allocation Failure) [PSYoungGen: 68992K->1408K(70144K)] 395139K->327555K(761856K), 0.0021422 secs] [Times: user=0.01 sys=0.00, real=0.00 secs] 
2306.628: [GC (Allocation Failure) [PSYoungGen: 68992K->1392K(70144K)] 395139K->327539K(761856K), 0.0022560 secs] [Times: user=0.01 sys=0.00, real=0.01 secs] 
2306.822: [GC (Allocation Failure) [PSYoungGen: 68976K->1517K(70144K)] 395123K->327665K(761856K), 0.0022943 secs] [Times: user=0.01 sys=0.00, real=0.00 secs] 
2306.977: [GC (Allocation Failure) [PSYoungGen: 69101K->1453K(70144K)] 395249K->327601K(761856K), 0.0014529 secs] [Times: user=0.00 sys=0.00, real=0.01 secs] 
2307.113: [GC (Allocation Failure) [PSYoungGen: 69037K->1485K(70144K)] 395185K->327657K(761856K), 0.0019049 secs] [Times: user=0.00 sys=0.00, real=0.00 secs] 
2307.444: [GC (Allocation Failure) [PSYoungGen: 69069K->1424K(69120K)] 395241K->327595K(760832K), 0.0023578 secs] [Times: user=0.01 sys=0.00, real=0.00 secs] 
2307.759: [GC (Allocation Failure) [PSYoungGen: 69008K->1376K(69632K)] 395179K->327547K(761344K), 0.0020013 secs] [Times: user=0.01 sys=0.00, real=0.00 secs] 
2308.040: [GC (Allocation Failure) [PSYoungGen: 68960K->1344K(69632K)] 395131K->327515K(761344K), 0.0019007 secs] [Times: user=0.01 sys=0.00, real=0.00 secs] 
2308.352: [GC (Allocation Failure) [PSYoungGen: 68928K->1408K(69632K)] 395099K->327579K(761344K), 0.0019203 secs] [Times: user=0.01 sys=0.00, real=0.00 secs] 
2308.653: [GC (Allocation Failure) [PSYoungGen: 68961K->1456K(69632K)] 395133K->327627K(761344K), 0.0018198 secs] [Times: user=0.01 sys=0.00, real=0.00 secs] 
2308.783: [GC (Allocation Failure) [PSYoungGen: 69040K->1501K(69632K)] 395211K->327673K(761344K), 0.0015601 secs] [Times: user=0.01 sys=0.00, real=0.00 secs] 
2308.922: [GC (Allocation Failure) [PSYoungGen: 69054K->1517K(69632K)] 395226K->327689K(761344K), 0.0018193 secs] [Times: user=0.01 sys=0.00, real=0.00 secs] 
2309.082: [GC (Allocation Failure) [PSYoungGen: 69101K->1469K(69632K)] 395273K->327649K(761344K), 0.0021346 secs] [Times: user=0.01 sys=0.00, real=0.00 secs] 
2309.300: [GC (Allocation Failure) [PSYoungGen: 69053K->1472K(76800K)] 395233K->327651K(768512K), 0.0024749 secs] [Times: user=0.01 sys=0.00, real=0.00 secs] 
2309.617: [GC (Allocation Failure) [PSYoungGen: 76224K->1344K(75776K)] 402403K->327523K(767488K), 0.0020393 secs] [Times: user=0.01 sys=0.00, real=0.01 secs] 
2309.926: [GC (Allocation Failure) [PSYoungGen: 75584K->1344K(75264K)] 401763K->327523K(766976K), 0.0020062 secs] [Times: user=0.00 sys=0.00, real=0.00 secs] 
2310.232: [GC (Allocation Failure) [PSYoungGen: 75072K->1344K(74752K)] 401251K->327523K(766464K), 0.0020704 secs] [Times: user=0.00 sys=0.00, real=0.00 secs] 
2310.497: [GC (Allocation Failure) [PSYoungGen: 74560K->1472K(74240K)] 400739K->327651K(765952K), 0.0016688 secs] [Times: user=0.00 sys=0.00, real=0.01 secs] 
2310.626: [GC (Allocation Failure) [PSYoungGen: 74176K->1536K(74240K)] 400355K->327715K(765952K), 0.0016455 secs] [Times: user=0.00 sys=0.00, real=0.00 secs] 
2310.753: [GC (Allocation Failure) [PSYoungGen: 73728K->1533K(74240K)] 399907K->327713K(765952K), 0.0021194 secs] [Times: user=0.01 sys=0.00, real=0.00 secs] 
2310.883: [GC (Allocation Failure) [PSYoungGen: 74237K->1469K(74752K)] 400417K->327673K(766464K), 0.0015792 secs] [Times: user=0.01 sys=0.00, real=0.00 secs] 
2312.491: [GC (Allocation Failure) [PSYoungGen: 74173K->1408K(73728K)] 400377K->327611K(765440K), 0.0028375 secs] [Times: user=0.01 sys=0.00, real=0.00 secs] 
2313.193: [GC (Allocation Failure) [PSYoungGen: 73600K->1344K(73216K)] 399803K->327547K(764928K), 0.0022386 secs] [Times: user=0.01 sys=0.00, real=0.00 secs] 
2313.709: [GC (Allocation Failure) [PSYoungGen: 73024K->1344K(72704K)] 399227K->327547K(764416K), 0.0021797 secs] [Times: user=0.01 sys=0.00, real=0.00 secs] 
2314.331: [GC (Allocation Failure) [PSYoungGen: 72512K->1440K(72192K)] 398715K->327643K(763904K), 0.0066376 secs] [Times: user=0.01 sys=0.01, real=0.00 secs] 
2314.576: [GC (Allocation Failure) [PSYoungGen: 72096K->1440K(71680K)] 398299K->327643K(763392K), 0.0015694 secs] [Times: user=0.01 sys=0.00, real=0.00 secs] 
2314.720: [GC (Allocation Failure) [PSYoungGen: 71552K->1501K(71168K)] 397755K->327705K(762880K), 0.0020019 secs] [Times: user=0.01 sys=0.00, real=0.00 secs] 
2314.862: [GC (Allocation Failure) [PSYoungGen: 71133K->1504K(70656K)] 397337K->327739K(762368K), 0.0015174 secs] [Times: user=0.01 sys=0.00, real=0.00 secs] 
2315.738: [GC (Allocation Failure) [PSYoungGen: 70624K->1456K(70144K)] 396859K->327691K(761856K), 0.0043571 secs] [Times: user=0.02 sys=0.00, real=0.01 secs] 
2316.568: [GC (Allocation Failure) [PSYoungGen: 70064K->1376K(69632K)] 396299K->327611K(761344K), 0.0025629 secs] [Times: user=0.01 sys=0.00, real=0.00 secs] 
2317.047: [GC (Allocation Failure) [PSYoungGen: 69472K->1392K(69632K)] 395707K->327627K(761344K), 0.0020967 secs] [Times: user=0.00 sys=0.00, real=0.01 secs] 
2317.330: [GC (Allocation Failure) [PSYoungGen: 69488K->1392K(69632K)] 395723K->327627K(761344K), 0.0020520 secs] [Times: user=0.01 sys=0.00, real=0.00 secs] 
2317.695: [GC (Allocation Failure) [PSYoungGen: 69488K->1424K(69632K)] 395723K->327659K(761344K), 0.0020589 secs] [Times: user=0.00 sys=0.00, real=0.00 secs] 
2317.843: [GC (Allocation Failure) [PSYoungGen: 69520K->1488K(69632K)] 395755K->327723K(761344K), 0.0015827 secs] [Times: user=0.01 sys=0.00, real=0.00 secs] 
2317.963: [GC (Allocation Failure) [PSYoungGen: 69584K->1501K(69632K)] 395819K->327737K(761344K), 0.0016527 secs] [Times: user=0.01 sys=0.00, real=0.00 secs] 
2318.083: [GC (Allocation Failure) [PSYoungGen: 69597K->1501K(69632K)] 395833K->327737K(761344K), 0.0015453 secs] [Times: user=0.00 sys=0.00, real=0.00 secs] 
2319.184: [GC (Allocation Failure) [PSYoungGen: 69597K->1408K(69632K)] 395833K->327643K(761344K), 0.0043317 secs] [Times: user=0.02 sys=0.00, real=0.00 secs] 
2320.276: [GC (Allocation Failure) [PSYoungGen: 69504K->1376K(69632K)] 395739K->327611K(761344K), 0.0030369 secs] [Times: user=0.01 sys=0.00, real=0.01 secs] 
2320.836: [GC (Allocation Failure) [PSYoungGen: 69472K->1376K(69632K)] 395707K->327611K(761344K), 0.0028097 secs] [Times: user=0.01 sys=0.00, real=0.01 secs] 
2321.114: [GC (Allocation Failure) [PSYoungGen: 69472K->1376K(69632K)] 395707K->327611K(761344K), 0.0019647 secs] [Times: user=0.01 sys=0.00, real=0.00 secs] 
2321.386: [GC (Allocation Failure) [PSYoungGen: 69472K->1424K(69632K)] 395707K->327659K(761344K), 0.0020066 secs] [Times: user=0.01 sys=0.00, real=0.01 secs] 
2321.513: [GC (Allocation Failure) [PSYoungGen: 69520K->1504K(69632K)] 395755K->327739K(761344K), 0.0015596 secs] [Times: user=0.01 sys=0.00, real=0.00 secs] 
2321.632: [GC (Allocation Failure) [PSYoungGen: 69600K->1488K(69632K)] 395835K->327723K(761344K), 0.0016250 secs] [Times: user=0.01 sys=0.00, real=0.00 secs] 
2321.752: [GC (Allocation Failure) [PSYoungGen: 69584K->1533K(71168K)] 395819K->327785K(762880K), 0.0016351 secs] [Times: user=0.00 sys=0.00, real=0.00 secs] 
2321.979: [GC (Allocation Failure) [PSYoungGen: 71165K->1424K(70656K)] 397417K->327675K(762368K), 0.0017629 secs] [Times: user=0.01 sys=0.00, real=0.00 secs] 
2322.266: [GC (Allocation Failure) [PSYoungGen: 70544K->1408K(70144K)] 396795K->327659K(761856K), 0.0018977 secs] [Times: user=0.01 sys=0.00, real=0.00 secs] 
2322.551: [GC (Allocation Failure) [PSYoungGen: 70016K->1376K(69632K)] 396267K->327651K(761344K), 0.0017540 secs] [Times: user=0.01 sys=0.00, real=0.00 secs] 
2322.833: [GC (Allocation Failure) [PSYoungGen: 69472K->1408K(70144K)] 395747K->327683K(761856K), 0.0017395 secs] [Times: user=0.01 sys=0.00, real=0.00 secs] 
2323.093: [GC (Allocation Failure) [PSYoungGen: 69504K->1472K(70144K)] 395779K->327747K(761856K), 0.0016151 secs] [Times: user=0.01 sys=0.00, real=0.00 secs] 
2323.214: [GC (Allocation Failure) [PSYoungGen: 69568K->1469K(70144K)] 395843K->327745K(761856K), 0.0016747 secs] [Times: user=0.01 sys=0.00, real=0.00 secs] 
2323.335: [GC (Allocation Failure) [PSYoungGen: 69565K->1504K(70144K)] 395841K->327779K(761856K), 0.0015634 secs] [Times: user=0.01 sys=0.00, real=0.00 secs] 
2323.455: [GC (Allocation Failure) [PSYoungGen: 69600K->1469K(70144K)] 395875K->327753K(761856K), 0.0016109 secs] [Times: user=0.01 sys=0.00, real=0.00 secs] 
2323.679: [GC (Allocation Failure) [PSYoungGen: 69565K->1456K(70144K)] 395849K->327739K(761856K), 0.0015728 secs] [Times: user=0.01 sys=0.00, real=0.00 secs] 
2323.972: [GC (Allocation Failure) [PSYoungGen: 69552K->1376K(70144K)] 395835K->327659K(761856K), 0.0014618 secs] [Times: user=0.01 sys=0.00, real=0.00 secs] 
2324.314: [GC (Allocation Failure) [PSYoungGen: 69472K->1376K(70144K)] 395755K->327659K(761856K), 0.0017459 secs] [Times: user=0.01 sys=0.00, real=0.00 secs] 
2324.751: [GC (Allocation Failure) [PSYoungGen: 69472K->1376K(70144K)] 395755K->327659K(761856K), 0.0018293 secs] [Times: user=0.01 sys=0.00, real=0.00 secs] 
2325.087: [GC (Allocation Failure) [PSYoungGen: 69472K->1501K(70144K)] 395755K->327785K(761856K), 0.0014661 secs] [Times: user=0.01 sys=0.00, real=0.01 secs] 
2325.209: [GC (Allocation Failure) [PSYoungGen: 69597K->1533K(70144K)] 395881K->327817K(761856K), 0.0015327 secs] [Times: user=0.00 sys=0.00, real=0.00 secs] 
2325.331: [GC (Allocation Failure) [PSYoungGen: 69629K->1504K(70144K)] 395913K->327787K(761856K), 0.0016178 secs] [Times: user=0.00 sys=0.00, real=0.00 secs] 
2325.453: [GC (Allocation Failure) [PSYoungGen: 69600K->1501K(70144K)] 395883K->327793K(761856K), 0.0015770 secs] [Times: user=0.01 sys=0.00, real=0.00 secs] 
2326.503: [GC (Allocation Failure) [PSYoungGen: 69597K->1360K(70144K)] 395889K->327651K(761856K), 0.0039826 secs] [Times: user=0.01 sys=0.00, real=0.00 secs] 
2327.048: [GC (Allocation Failure) [PSYoungGen: 69456K->1376K(70144K)] 395747K->327667K(761856K), 0.0025578 secs] [Times: user=0.01 sys=0.01, real=0.00 secs] 
2327.652: [GC (Allocation Failure) [PSYoungGen: 69472K->1408K(70144K)] 395763K->327699K(761856K), 0.0026126 secs] [Times: user=0.01 sys=0.00, real=0.00 secs] 
2328.420: [GC (Allocation Failure) [PSYoungGen: 69504K->1344K(70144K)] 395795K->327635K(761856K), 0.0026317 secs] [Times: user=0.01 sys=0.00, real=0.00 secs] 
2328.871: [GC (Allocation Failure) [PSYoungGen: 69440K->1421K(70144K)] 395731K->327713K(761856K), 0.0020554 secs] [Times: user=0.01 sys=0.00, real=0.00 secs] 
2329.007: [GC (Allocation Failure) [PSYoungGen: 69517K->1504K(70144K)] 395809K->327795K(761856K), 0.0015273 secs] [Times: user=0.01 sys=0.00, real=0.01 secs] 
2329.129: [GC (Allocation Failure) [PSYoungGen: 69600K->1501K(70144K)] 395891K->327793K(761856K), 0.0015386 secs] [Times: user=0.01 sys=0.00, real=0.00 secs] 
2329.249: [GC (Allocation Failure) [PSYoungGen: 69597K->1501K(70144K)] 395889K->327817K(761856K), 0.0015385 secs] [Times: user=0.01 sys=0.00, real=0.00 secs] 
2331.522: [GC (Allocation Failure) [PSYoungGen: 69597K->1440K(70144K)] 395913K->327755K(761856K), 0.0034288 secs] [Times: user=0.01 sys=0.00, real=0.00 secs] 
2332.157: [GC (Allocation Failure) [PSYoungGen: 69536K->1344K(70144K)] 395851K->327659K(761856K), 0.0027974 secs] [Times: user=0.01 sys=0.00, real=0.01 secs] 
2332.437: [GC (Allocation Failure) [PSYoungGen: 69440K->1312K(70144K)] 395755K->327627K(761856K), 0.0020645 secs] [Times: user=0.00 sys=0.00, real=0.01 secs] 
2332.720: [GC (Allocation Failure) [PSYoungGen: 69408K->1408K(70144K)] 395723K->327723K(761856K), 0.0019207 secs] [Times: user=0.01 sys=0.00, real=0.00 secs] 
2332.932: [GC (Allocation Failure) [PSYoungGen: 69504K->1485K(70144K)] 395819K->327801K(761856K), 0.0015890 secs] [Times: user=0.00 sys=0.00, real=0.00 secs] 
2333.051: [GC (Allocation Failure) [PSYoungGen: 69581K->1485K(70144K)] 395897K->327801K(761856K), 0.0015575 secs] [Times: user=0.00 sys=0.00, real=0.00 secs] 
2333.170: [GC (Allocation Failure) [PSYoungGen: 69581K->1565K(70144K)] 395897K->327881K(761856K), 0.0015438 secs] [Times: user=0.01 sys=0.00, real=0.00 secs] 
2333.290: [GC (Allocation Failure) [PSYoungGen: 69661K->1536K(70144K)] 395977K->327859K(761856K), 0.0017349 secs] [Times: user=0.01 sys=0.00, real=0.00 secs] 
2333.553: [GC (Allocation Failure) [PSYoungGen: 69632K->1424K(70144K)] 395955K->327747K(761856K), 0.0019720 secs] [Times: user=0.01 sys=0.00, real=0.00 secs] 
2333.842: [GC (Allocation Failure) [PSYoungGen: 69520K->1376K(70144K)] 395843K->327715K(761856K), 0.0017967 secs] [Times: user=0.00 sys=0.00, real=0.00 secs] 
2334.125: [GC (Allocation Failure) [PSYoungGen: 69472K->1376K(70144K)] 395811K->327715K(761856K), 0.0018721 secs] [Times: user=0.01 sys=0.00, real=0.00 secs] 
2334.408: [GC (Allocation Failure) [PSYoungGen: 69472K->1312K(70144K)] 395811K->327651K(761856K), 0.0018169 secs] [Times: user=0.00 sys=0.00, real=0.01 secs] 
2334.619: [GC (Allocation Failure) [PSYoungGen: 69408K->1488K(70144K)] 395747K->327827K(761856K), 0.0016529 secs] [Times: user=0.01 sys=0.00, real=0.00 secs] 
2334.739: [GC (Allocation Failure) [PSYoungGen: 69584K->1533K(70144K)] 395923K->327873K(761856K), 0.0014325 secs] [Times: user=0.01 sys=0.00, real=0.00 secs] 
2334.859: [GC (Allocation Failure) [PSYoungGen: 69629K->1533K(70144K)] 395969K->327873K(761856K), 0.0021411 secs] [Times: user=0.01 sys=0.00, real=0.00 secs] 
2334.978: [GC (Allocation Failure) [PSYoungGen: 69629K->1469K(77824K)] 395969K->327817K(769536K), 0.0014826 secs] [Times: user=0.00 sys=0.00, real=0.00 secs] 
2335.649: [GC (Allocation Failure) [PSYoungGen: 77245K->1408K(76800K)] 403593K->327755K(768512K), 0.0018206 secs] [Times: user=0.00 sys=0.00, real=0.00 secs] 
2336.410: [GC (Allocation Failure) [PSYoungGen: 76672K->1344K(76288K)] 403019K->327691K(768000K), 0.0043160 secs] [Times: user=0.02 sys=0.00, real=0.00 secs] 
2337.530: [GC (Allocation Failure) [PSYoungGen: 76096K->1344K(75776K)] 402443K->327691K(767488K), 0.0025630 secs] [Times: user=0.01 sys=0.00, real=0.00 secs] 
2338.343: [GC (Allocation Failure) [PSYoungGen: 75584K->1421K(75264K)] 401931K->327769K(766976K), 0.0023592 secs] [Times: user=0.01 sys=0.00, real=0.00 secs] 
2338.508: [GC (Allocation Failure) [PSYoungGen: 75149K->1501K(74752K)] 401497K->327849K(766464K), 0.0015847 secs] [Times: user=0.00 sys=0.00, real=0.01 secs] 
2338.635: [GC (Allocation Failure) [PSYoungGen: 74717K->1565K(74752K)] 401065K->327913K(766464K), 0.0015335 secs] [Times: user=0.01 sys=0.00, real=0.00 secs] 
2338.765: [GC (Allocation Failure) [PSYoungGen: 74269K->1536K(74240K)] 400617K->327883K(765952K), 0.0018219 secs] [Times: user=0.00 sys=0.00, real=0.00 secs] 
2339.811: [GC (Allocation Failure) [PSYoungGen: 73728K->336K(72192K)] 400075K->327707K(763904K), 0.0039169 secs] [Times: user=0.01 sys=0.00, real=0.00 secs] 
2340.200: [GC (Allocation Failure) [PSYoungGen: 72016K->320K(73216K)] 399387K->327691K(764928K), 0.0026898 secs] [Times: user=0.01 sys=0.00, real=0.00 secs] 
2340.496: [GC (Allocation Failure) [PSYoungGen: 71488K->352K(71680K)] 398859K->327723K(763392K), 0.0021050 secs] [Times: user=0.01 sys=0.00, real=0.01 secs] 
2340.790: [GC (Allocation Failure) [PSYoungGen: 71008K->320K(72192K)] 398379K->327691K(763904K), 0.0019664 secs] [Times: user=0.01 sys=0.00, real=0.00 secs] 
2341.014: [GC (Allocation Failure) [PSYoungGen: 70464K->1501K(71680K)] 397835K->328873K(763392K), 0.0014805 secs] [Times: user=0.00 sys=0.00, real=0.00 secs] 
2341.138: [GC (Allocation Failure) [PSYoungGen: 71133K->1501K(70656K)] 398505K->328873K(762368K), 0.0016673 secs] [Times: user=0.00 sys=0.00, real=0.01 secs] 
2341.262: [GC (Allocation Failure) [PSYoungGen: 70621K->1501K(70656K)] 397993K->328873K(762368K), 0.0018012 secs] [Times: user=0.01 sys=0.00, real=0.00 secs] 
2341.384: [GC (Allocation Failure) [PSYoungGen: 70109K->1485K(71168K)] 397481K->328857K(762880K), 0.0019749 secs] [Times: user=0.01 sys=0.00, real=0.00 secs] 
2341.932: [GC (Allocation Failure) [PSYoungGen: 70093K->1440K(77824K)] 397465K->328811K(769536K), 0.0034198 secs] [Times: user=0.01 sys=0.00, real=0.00 secs] 
2342.573: [GC (Allocation Failure) [PSYoungGen: 77216K->1376K(76800K)] 404587K->328763K(768512K), 0.0027258 secs] [Times: user=0.01 sys=0.00, real=0.00 secs] 
2343.111: [GC (Allocation Failure) [PSYoungGen: 76640K->1376K(76800K)] 404027K->328763K(768512K), 0.0023095 secs] [Times: user=0.01 sys=0.00, real=0.00 secs] 
2343.648: [GC (Allocation Failure) [PSYoungGen: 76128K->1485K(75776K)] 403515K->328873K(767488K), 0.0021343 secs] [Times: user=0.00 sys=0.00, real=0.00 secs] 
2343.798: [GC (Allocation Failure) [PSYoungGen: 75708K->1565K(75776K)] 403095K->328953K(767488K), 0.0016599 secs] [Times: user=0.00 sys=0.00, real=0.01 secs] 
2343.927: [GC (Allocation Failure) [PSYoungGen: 75293K->1520K(74752K)] 402681K->328907K(766464K), 0.0018287 secs] [Times: user=0.00 sys=0.00, real=0.01 secs] 
2344.056: [GC (Allocation Failure) [PSYoungGen: 74736K->1504K(74752K)] 402123K->328891K(766464K), 0.0016059 secs] [Times: user=0.01 sys=0.00, real=0.00 secs] 
2345.708: [GC (Allocation Failure) [PSYoungGen: 74208K->1424K(73728K)] 401595K->328811K(765440K), 0.0031337 secs] [Times: user=0.01 sys=0.00, real=0.00 secs] 
2346.173: [GC (Allocation Failure) [PSYoungGen: 73616K->1344K(73216K)] 401003K->328731K(764928K), 0.0023445 secs] [Times: user=0.01 sys=0.00, real=0.00 secs] 
2346.491: [GC (Allocation Failure) [PSYoungGen: 73024K->1344K(72704K)] 400411K->328731K(764416K), 0.0024496 secs] [Times: user=0.01 sys=0.00, real=0.00 secs] 
2347.153: [GC (Allocation Failure) [PSYoungGen: 72512K->1408K(72192K)] 399899K->328795K(763904K), 0.0025954 secs] [Times: user=0.01 sys=0.00, real=0.00 secs] 
2347.564: [GC (Allocation Failure) [PSYoungGen: 72064K->1517K(71680K)] 399451K->328905K(763392K), 0.0020984 secs] [Times: user=0.00 sys=0.00, real=0.00 secs] 
2347.693: [GC (Allocation Failure) [PSYoungGen: 71661K->1533K(71168K)] 399049K->328921K(762880K), 0.0016768 secs] [Times: user=0.01 sys=0.00, real=0.00 secs] 
2347.816: [GC (Allocation Failure) [PSYoungGen: 71165K->1472K(70656K)] 398553K->328859K(762368K), 0.0014003 secs] [Times: user=0.00 sys=0.00, real=0.00 secs] 
2347.938: [GC (Allocation Failure) [PSYoungGen: 70592K->1501K(70144K)] 397979K->328889K(761856K), 0.0015448 secs] [Times: user=0.00 sys=0.00, real=0.00 secs] 
2348.318: [GC (Allocation Failure) [PSYoungGen: 70109K->1408K(69632K)] 397497K->328795K(761344K), 0.0020299 secs] [Times: user=0.01 sys=0.00, real=0.01 secs] 
2348.601: [GC (Allocation Failure) [PSYoungGen: 69504K->1344K(69632K)] 396891K->328731K(761344K), 0.0017765 secs] [Times: user=0.01 sys=0.00, real=0.00 secs] 
2348.935: [GC (Allocation Failure) [PSYoungGen: 69440K->1376K(70144K)] 396827K->328763K(761856K), 0.0019085 secs] [Times: user=0.01 sys=0.00, real=0.00 secs] 
2349.218: [GC (Allocation Failure) [PSYoungGen: 69472K->1376K(70144K)] 396859K->328763K(761856K), 0.0019722 secs] [Times: user=0.01 sys=0.00, real=0.00 secs] 
2349.430: [GC (Allocation Failure) [PSYoungGen: 69472K->1501K(70144K)] 396859K->328889K(761856K), 0.0015207 secs] [Times: user=0.00 sys=0.00, real=0.00 secs] 
2349.550: [GC (Allocation Failure) [PSYoungGen: 69597K->1504K(70144K)] 396985K->328891K(761856K), 0.0015566 secs] [Times: user=0.01 sys=0.00, real=0.00 secs] 
2349.690: [GC (Allocation Failure) [PSYoungGen: 69600K->1485K(70144K)] 396987K->328873K(761856K), 0.0020872 secs] [Times: user=0.01 sys=0.00, real=0.00 secs] 
2349.851: [GC (Allocation Failure) [PSYoungGen: 69581K->128K(68608K)] 396969K->327523K(760320K), 0.0016031 secs] [Times: user=0.00 sys=0.00, real=0.00 secs] 
2350.575: [GC (Allocation Failure) [PSYoungGen: 68224K->1424K(70144K)] 395619K->328819K(761856K), 0.0024439 secs] [Times: user=0.01 sys=0.00, real=0.00 secs] 
2351.171: [GC (Allocation Failure) [PSYoungGen: 69520K->1408K(69632K)] 396915K->328803K(761344K), 0.0022617 secs] [Times: user=0.00 sys=0.00, real=0.00 secs] 
2351.619: [GC (Allocation Failure) [PSYoungGen: 69504K->1344K(69632K)] 396899K->328747K(761344K), 0.0025239 secs] [Times: user=0.01 sys=0.00, real=0.00 secs] 
2352.509: [GC (Allocation Failure) [PSYoungGen: 69440K->1344K(69632K)] 396843K->328747K(761344K), 0.0024091 secs] [Times: user=0.01 sys=0.00, real=0.00 secs] 
2352.839: [GC (Allocation Failure) [PSYoungGen: 69440K->1517K(69632K)] 396843K->328921K(761344K), 0.0019437 secs] [Times: user=0.01 sys=0.00, real=0.00 secs] 
2352.961: [GC (Allocation Failure) [PSYoungGen: 69613K->1440K(69632K)] 397017K->328843K(761344K), 0.0018108 secs] [Times: user=0.00 sys=0.00, real=0.00 secs] 
2353.098: [GC (Allocation Failure) [PSYoungGen: 69536K->1488K(69632K)] 396939K->328891K(761344K), 0.0019122 secs] [Times: user=0.01 sys=0.00, real=0.00 secs] 
2353.288: [GC (Allocation Failure) [PSYoungGen: 69584K->1456K(69632K)] 396987K->329115K(761344K), 0.0019594 secs] [Times: user=0.01 sys=0.00, real=0.00 secs] 
2353.585: [GC (Allocation Failure) [PSYoungGen: 69552K->1312K(69632K)] 397211K->328971K(761344K), 0.0020282 secs] [Times: user=0.01 sys=0.00, real=0.00 secs] 
2353.868: [GC (Allocation Failure) [PSYoungGen: 69408K->1376K(69632K)] 397067K->329035K(761344K), 0.0017862 secs] [Times: user=0.01 sys=0.00, real=0.01 secs] 
2354.151: [GC (Allocation Failure) [PSYoungGen: 69472K->1392K(69632K)] 397131K->329051K(761344K), 0.0021690 secs] [Times: user=0.01 sys=0.00, real=0.00 secs] 
2354.434: [GC (Allocation Failure) [PSYoungGen: 69488K->1376K(69632K)] 397147K->329035K(761344K), 0.0020039 secs] [Times: user=0.01 sys=0.00, real=0.00 secs] 
2354.598: [GC (Allocation Failure) [PSYoungGen: 69472K->1469K(70144K)] 397131K->329129K(761856K), 0.0015406 secs] [Times: user=0.01 sys=0.00, real=0.00 secs] 
2354.719: [GC (Allocation Failure) [PSYoungGen: 69565K->1488K(70144K)] 397225K->329148K(761856K), 0.0016181 secs] [Times: user=0.00 sys=0.00, real=0.00 secs] 
2354.859: [GC (Allocation Failure) [PSYoungGen: 69584K->1453K(70144K)] 397244K->329113K(761856K), 0.0020591 secs] [Times: user=0.01 sys=0.00, real=0.00 secs] 
2355.077: [GC (Allocation Failure) [PSYoungGen: 69549K->1968K(77312K)] 397209K->330139K(769024K), 0.0054214 secs] [Times: user=0.02 sys=0.01, real=0.01 secs] 
2355.395: [GC (Allocation Failure) [PSYoungGen: 77232K->1408K(77312K)] 405403K->329579K(769024K), 0.0020143 secs] [Times: user=0.01 sys=0.00, real=0.00 secs] 
2355.707: [GC (Allocation Failure) [PSYoungGen: 76672K->1408K(84992K)] 404843K->329579K(776704K), 0.0019719 secs] [Times: user=0.01 sys=0.00, real=0.01 secs] 
2356.095: [GC (Allocation Failure) [PSYoungGen: 84864K->1408K(85504K)] 413035K->329579K(777216K), 0.0124180 secs] [Times: user=0.06 sys=0.00, real=0.01 secs] 
2356.370: [GC (Allocation Failure) [PSYoungGen: 84864K->1501K(94720K)] 413035K->329689K(786432K), 0.0016626 secs] [Times: user=0.00 sys=0.00, real=0.00 secs] 
2356.539: [GC (Allocation Failure) [PSYoungGen: 94685K->1517K(95744K)] 422873K->329705K(787456K), 0.0014944 secs] [Times: user=0.01 sys=0.00, real=0.00 secs] 
2356.705: [GC (Allocation Failure) [PSYoungGen: 95213K->1552K(105984K)] 423401K->329740K(797696K), 0.0204236 secs] [Times: user=0.00 sys=0.05, real=0.02 secs] 
2358.343: [GC (Allocation Failure) [PSYoungGen: 105488K->1392K(105984K)] 433676K->329579K(797696K), 0.0032182 secs] [Times: user=0.02 sys=0.00, real=0.00 secs] 
2359.377: [GC (Allocation Failure) [PSYoungGen: 105328K->1440K(120320K)] 433515K->329635K(812032K), 0.0094860 secs] [Times: user=0.01 sys=0.03, real=0.01 secs] 
2360.494: [GC (Allocation Failure) [PSYoungGen: 120224K->1504K(121344K)] 448419K->329700K(813056K), 0.0024137 secs] [Times: user=0.01 sys=0.00, real=0.00 secs] 
2360.743: [GC (Allocation Failure) [PSYoungGen: 120800K->1597K(136192K)] 448996K->329793K(827904K), 0.0016109 secs] [Times: user=0.01 sys=0.00, real=0.00 secs] 
2361.120: [GC (Allocation Failure) [PSYoungGen: 135741K->1536K(136704K)] 463937K->329731K(828416K), 0.0019630 secs] [Times: user=0.01 sys=0.00, real=0.00 secs] 
2362.206: [GC (Allocation Failure) [PSYoungGen: 136192K->1344K(134656K)] 464387K->329563K(826368K), 0.0017284 secs] [Times: user=0.00 sys=0.00, real=0.01 secs] 
2363.187: [GC (Allocation Failure) [PSYoungGen: 134464K->1488K(133120K)] 462683K->329708K(824832K), 0.0021266 secs] [Times: user=0.01 sys=0.00, real=0.01 secs] 
2363.435: [GC (Allocation Failure) [PSYoungGen: 133072K->1504K(131584K)] 461292K->329780K(823296K), 0.0016383 secs] [Times: user=0.00 sys=0.00, real=0.00 secs] 
2363.700: [GC (Allocation Failure) [PSYoungGen: 131552K->2016K(130560K)] 459828K->330425K(822272K), 0.0016333 secs] [Times: user=0.01 sys=0.00, real=0.00 secs] 
2364.238: [GC (Allocation Failure) [PSYoungGen: 130528K->352K(127488K)] 458937K->329793K(819200K), 0.0015477 secs] [Times: user=0.01 sys=0.00, real=0.00 secs] 
2364.764: [GC (Allocation Failure) [PSYoungGen: 127328K->352K(128000K)] 456769K->329793K(819712K), 0.0014256 secs] [Times: user=0.00 sys=0.00, real=0.00 secs] 
2365.052: [GC (Allocation Failure) [PSYoungGen: 125792K->1568K(126464K)] 455233K->331010K(818176K), 0.0016492 secs] [Times: user=0.00 sys=0.00, real=0.00 secs] 
2365.270: [GC (Allocation Failure) [PSYoungGen: 125984K->1597K(125440K)] 455426K->331039K(817152K), 0.0017658 secs] [Times: user=0.01 sys=0.00, real=0.00 secs] 
2366.802: [GC (Allocation Failure) [PSYoungGen: 124989K->1488K(123904K)] 454431K->330929K(815616K), 0.0037647 secs] [Times: user=0.02 sys=0.00, real=0.00 secs] 
2367.560: [GC (Allocation Failure) [PSYoungGen: 123856K->1424K(122880K)] 453297K->330865K(814592K), 0.0049467 secs] [Times: user=0.01 sys=0.02, real=0.00 secs] 
2368.097: [GC (Allocation Failure) [PSYoungGen: 122768K->1504K(121856K)] 452209K->330946K(813568K), 0.0015918 secs] [Times: user=0.01 sys=0.01, real=0.01 secs] 
2368.309: [GC (Allocation Failure) [PSYoungGen: 121824K->1565K(121344K)] 451266K->331007K(813056K), 0.0016850 secs] [Times: user=0.00 sys=0.00, real=0.00 secs] 
2369.679: [GC (Allocation Failure) [PSYoungGen: 120861K->1440K(119808K)] 450303K->330881K(811520K), 0.0037444 secs] [Times: user=0.01 sys=0.00, real=0.00 secs] 
2370.615: [GC (Allocation Failure) [PSYoungGen: 119712K->1376K(118784K)] 449153K->330817K(810496K), 0.0022348 secs] [Times: user=0.01 sys=0.00, real=0.00 secs] 
2371.702: [GC (Allocation Failure) [PSYoungGen: 118624K->1376K(117760K)] 448065K->330817K(809472K), 0.0027356 secs] [Times: user=0.01 sys=0.01, real=0.00 secs] 
2372.096: [GC (Allocation Failure) [PSYoungGen: 117600K->1597K(117248K)] 447041K->331039K(808960K), 0.0017659 secs] [Times: user=0.01 sys=0.00, real=0.01 secs] 
2372.301: [GC (Allocation Failure) [PSYoungGen: 116797K->512K(115200K)] 446239K->330978K(806912K), 0.0016189 secs] [Times: user=0.01 sys=0.00, real=0.00 secs] 
2372.781: [GC (Allocation Failure) [PSYoungGen: 114688K->1456K(114688K)] 445154K->331921K(806400K), 0.0019262 secs] [Times: user=0.01 sys=0.00, real=0.00 secs] 
2373.310: [GC (Allocation Failure) [PSYoungGen: 114608K->1344K(113664K)] 445073K->331809K(805376K), 0.0029031 secs] [Times: user=0.01 sys=0.00, real=0.00 secs] 
2373.759: [GC (Allocation Failure) [PSYoungGen: 113472K->1533K(112640K)] 443937K->331999K(804352K), 0.0016123 secs] [Times: user=0.00 sys=0.00, real=0.00 secs] 
2373.953: [GC (Allocation Failure) [PSYoungGen: 112637K->1517K(111616K)] 443103K->332023K(803328K), 0.0015776 secs] [Times: user=0.00 sys=0.00, real=0.00 secs] 
2374.144: [GC (Allocation Failure) [PSYoungGen: 111597K->1549K(111104K)] 442103K->332055K(802816K), 0.0015084 secs] [Times: user=0.01 sys=0.00, real=0.00 secs] 
2375.458: [GC (Allocation Failure) [PSYoungGen: 110605K->416K(108544K)] 441111K->331945K(800256K), 0.0041045 secs] [Times: user=0.01 sys=0.00, real=0.01 secs] 
2376.871: [GC (Allocation Failure) [PSYoungGen: 108448K->320K(109568K)] 439977K->331849K(801280K), 0.0026238 secs] [Times: user=0.02 sys=0.00, real=0.00 secs] 
2378.003: [GC (Allocation Failure) [PSYoungGen: 107328K->1485K(107520K)] 438857K->333031K(799232K), 0.0021807 secs] [Times: user=0.01 sys=0.01, real=0.00 secs] 
2378.207: [GC (Allocation Failure) [PSYoungGen: 107469K->1581K(107008K)] 439015K->333127K(798720K), 0.0018358 secs] [Times: user=0.01 sys=0.00, real=0.01 secs] 
2378.392: [GC (Allocation Failure) [PSYoungGen: 106541K->1568K(105984K)] 438087K->333114K(797696K), 0.0014772 secs] [Times: user=0.00 sys=0.00, real=0.00 secs] 
2380.072: [GC (Allocation Failure) [PSYoungGen: 105504K->1408K(104448K)] 437050K->332953K(796160K), 0.0043688 secs] [Times: user=0.01 sys=0.00, real=0.00 secs] 
2381.323: [GC (Allocation Failure) [PSYoungGen: 104320K->1344K(103424K)] 435865K->332889K(795136K), 0.0036151 secs] [Times: user=0.01 sys=0.00, real=0.00 secs] 
2382.137: [GC (Allocation Failure) [PSYoungGen: 103232K->1456K(102400K)] 434777K->333002K(794112K), 0.0025950 secs] [Times: user=0.01 sys=0.00, real=0.01 secs] 
2382.359: [GC (Allocation Failure) [PSYoungGen: 102320K->1517K(101376K)] 433866K->333063K(793088K), 0.0016891 secs] [Times: user=0.01 sys=0.00, real=0.00 secs] 
2382.533: [GC (Allocation Failure) [PSYoungGen: 101357K->1549K(101376K)] 432903K->333095K(793088K), 0.0016548 secs] [Times: user=0.01 sys=0.00, real=0.00 secs] 
2382.887: [GC (Allocation Failure) [PSYoungGen: 100877K->1440K(100352K)] 432423K->332985K(792064K), 0.0019907 secs] [Times: user=0.00 sys=0.00, real=0.01 secs] 
2383.298: [GC (Allocation Failure) [PSYoungGen: 100256K->1344K(99840K)] 431801K->332889K(791552K), 0.0019663 secs] [Times: user=0.01 sys=0.00, real=0.01 secs] 
2383.706: [GC (Allocation Failure) [PSYoungGen: 99648K->1376K(99328K)] 431193K->332921K(791040K), 0.0018152 secs] [Times: user=0.01 sys=0.00, real=0.01 secs] 
2383.978: [GC (Allocation Failure) [PSYoungGen: 99168K->1536K(99328K)] 430713K->333082K(791040K), 0.0016617 secs] [Times: user=0.00 sys=0.00, real=0.00 secs] 
2384.148: [GC (Allocation Failure) [PSYoungGen: 98816K->541K(97792K)] 430362K->333111K(789504K), 0.0017343 secs] [Times: user=0.01 sys=0.00, real=0.00 secs] 
2384.362: [GC (Allocation Failure) [PSYoungGen: 97309K->1600K(98304K)] 429879K->334169K(790016K), 0.0018347 secs] [Times: user=0.01 sys=0.00, real=0.00 secs] 
2384.758: [GC (Allocation Failure) [PSYoungGen: 97856K->1424K(97280K)] 430425K->333993K(788992K), 0.0017642 secs] [Times: user=0.01 sys=0.00, real=0.00 secs] 
2385.157: [GC (Allocation Failure) [PSYoungGen: 97168K->1376K(96768K)] 429737K->333961K(788480K), 0.0017988 secs] [Times: user=0.01 sys=0.00, real=0.01 secs] 
2385.560: [GC (Allocation Failure) [PSYoungGen: 96608K->1456K(96256K)] 429193K->334042K(787968K), 0.0017054 secs] [Times: user=0.00 sys=0.01, real=0.00 secs] 
2385.729: [GC (Allocation Failure) [PSYoungGen: 96176K->1565K(96256K)] 428762K->334151K(787968K), 0.0017030 secs] [Times: user=0.00 sys=0.00, real=0.00 secs] 
2385.893: [GC (Allocation Failure) [PSYoungGen: 95773K->541K(94720K)] 428359K->334151K(786432K), 0.0015496 secs] [Times: user=0.01 sys=0.00, real=0.00 secs] 
2386.445: [GC (Allocation Failure) [PSYoungGen: 94237K->1440K(94720K)] 427847K->335049K(786432K), 0.0021123 secs] [Times: user=0.01 sys=0.00, real=0.00 secs] 
2387.267: [GC (Allocation Failure) [PSYoungGen: 94624K->1376K(94208K)] 428233K->334985K(785920K), 0.0021566 secs] [Times: user=0.01 sys=0.00, real=0.01 secs] 
2387.743: [GC (Allocation Failure) [PSYoungGen: 94048K->1344K(93696K)] 427657K->334953K(785408K), 0.0022180 secs] [Times: user=0.01 sys=0.00, real=0.00 secs] 
2388.090: [GC (Allocation Failure) [PSYoungGen: 93504K->1485K(93184K)] 427113K->335095K(784896K), 0.0015845 secs] [Times: user=0.01 sys=0.00, real=0.00 secs] 
2388.253: [GC (Allocation Failure) [PSYoungGen: 93133K->1549K(93184K)] 426743K->335159K(784896K), 0.0017127 secs] [Times: user=0.01 sys=0.00, real=0.00 secs] 
2388.414: [GC (Allocation Failure) [PSYoungGen: 92685K->509K(91136K)] 426295K->335143K(782848K), 0.0016507 secs] [Times: user=0.01 sys=0.00, real=0.00 secs] 
2388.884: [GC (Allocation Failure) [PSYoungGen: 91133K->1472K(92160K)] 425767K->336105K(783872K), 0.0017577 secs] [Times: user=0.00 sys=0.00, real=0.00 secs] 
2389.641: [GC (Allocation Failure) [PSYoungGen: 91584K->1360K(91136K)] 426217K->335993K(782848K), 0.0019597 secs] [Times: user=0.01 sys=0.00, real=0.00 secs] 
2390.172: [GC (Allocation Failure) [PSYoungGen: 90960K->1344K(90624K)] 425593K->335977K(782336K), 0.0022154 secs] [Times: user=0.01 sys=0.00, real=0.00 secs] 
2390.492: [GC (Allocation Failure) [PSYoungGen: 90432K->1469K(90112K)] 425065K->336103K(781824K), 0.0017000 secs] [Times: user=0.00 sys=0.00, real=0.00 secs] 
2390.648: [GC (Allocation Failure) [PSYoungGen: 90045K->1549K(90112K)] 424679K->336183K(781824K), 0.0016087 secs] [Times: user=0.00 sys=0.00, real=0.01 secs] 
2390.805: [GC (Allocation Failure) [PSYoungGen: 89613K->509K(88064K)] 424247K->336167K(779776K), 0.0017034 secs] [Times: user=0.01 sys=0.00, real=0.00 secs] 
2391.225: [GC (Allocation Failure) [PSYoungGen: 88061K->1424K(89088K)] 423719K->337081K(780800K), 0.0017519 secs] [Times: user=0.01 sys=0.00, real=0.00 secs] 
2391.991: [GC (Allocation Failure) [PSYoungGen: 88464K->1376K(88064K)] 424121K->337033K(779776K), 0.0019121 secs] [Times: user=0.01 sys=0.00, real=0.00 secs] 
2392.743: [GC (Allocation Failure) [PSYoungGen: 87904K->1344K(87552K)] 423561K->337001K(779264K), 0.0021291 secs] [Times: user=0.00 sys=0.00, real=0.00 secs] 
2393.134: [GC (Allocation Failure) [PSYoungGen: 87360K->1456K(87040K)] 423017K->337114K(778752K), 0.0018827 secs] [Times: user=0.01 sys=0.00, real=0.00 secs] 
2393.288: [GC (Allocation Failure) [PSYoungGen: 86960K->1536K(87040K)] 422618K->337218K(778752K), 0.0015207 secs] [Times: user=0.01 sys=0.00, real=0.01 secs] 
2393.437: [GC (Allocation Failure) [PSYoungGen: 86528K->477K(84992K)] 422210K->337183K(776704K), 0.0015936 secs] [Times: user=0.00 sys=0.00, real=0.01 secs] 
2393.732: [GC (Allocation Failure) [PSYoungGen: 84957K->1424K(86016K)] 421663K->338129K(777728K), 0.0019798 secs] [Times: user=0.01 sys=0.00, real=0.00 secs] 
2394.843: [GC (Allocation Failure) [PSYoungGen: 85392K->1376K(84992K)] 422097K->338081K(776704K), 0.0021093 secs] [Times: user=0.00 sys=0.00, real=0.00 secs] 
2395.831: [GC (Allocation Failure) [PSYoungGen: 84832K->1344K(84480K)] 421537K->338049K(776192K), 0.0024088 secs] [Times: user=0.01 sys=0.00, real=0.00 secs] 
2396.618: [GC (Allocation Failure) [PSYoungGen: 84288K->1344K(83968K)] 420993K->338049K(775680K), 0.0021024 secs] [Times: user=0.01 sys=0.00, real=0.01 secs] 
2396.945: [GC (Allocation Failure) [PSYoungGen: 83776K->1440K(83456K)] 420481K->338146K(775168K), 0.0017340 secs] [Times: user=0.01 sys=0.00, real=0.00 secs] 
2397.113: [GC (Allocation Failure) [PSYoungGen: 83360K->1488K(82944K)] 420066K->338194K(774656K), 0.0019185 secs] [Times: user=0.01 sys=0.00, real=0.00 secs] 
2397.294: [GC (Allocation Failure) [PSYoungGen: 82896K->1520K(82432K)] 419602K->338226K(774144K), 0.0020989 secs] [Times: user=0.00 sys=0.00, real=0.00 secs] 
2397.896: [GC (Allocation Failure) [PSYoungGen: 82416K->1456K(81920K)] 419122K->338161K(773632K), 0.0022411 secs] [Times: user=0.01 sys=0.00, real=0.00 secs] 
2398.474: [GC (Allocation Failure) [PSYoungGen: 81840K->1376K(81408K)] 418545K->338081K(773120K), 0.0021364 secs] [Times: user=0.01 sys=0.00, real=0.00 secs] 
2399.133: [GC (Allocation Failure) [PSYoungGen: 81248K->1376K(80896K)] 417953K->338081K(772608K), 0.0018262 secs] [Times: user=0.00 sys=0.00, real=0.00 secs] 
2399.768: [GC (Allocation Failure) [PSYoungGen: 80736K->1456K(80384K)] 417441K->338162K(772096K), 0.0020487 secs] [Times: user=0.01 sys=0.00, real=0.00 secs] 
2399.919: [GC (Allocation Failure) [PSYoungGen: 80304K->1501K(79872K)] 417010K->338207K(771584K), 0.0015575 secs] [Times: user=0.00 sys=0.00, real=0.00 secs] 
2400.079: [GC (Allocation Failure) [PSYoungGen: 79837K->1517K(79360K)] 416543K->338223K(771072K), 0.0018827 secs] [Times: user=0.01 sys=0.00, real=0.00 secs] 
2400.268: [GC (Allocation Failure) [PSYoungGen: 79341K->1517K(78848K)] 416047K->338223K(770560K), 0.0022048 secs] [Times: user=0.01 sys=0.00, real=0.00 secs] 
2400.738: [GC (Allocation Failure) [PSYoungGen: 78829K->1472K(78336K)] 415535K->338177K(770048K), 0.0021632 secs] [Times: user=0.01 sys=0.00, real=0.01 secs] 
2401.096: [GC (Allocation Failure) [PSYoungGen: 78272K->1408K(77824K)] 414977K->338113K(769536K), 0.0019710 secs] [Times: user=0.00 sys=0.00, real=0.01 secs] 
2401.518: [GC (Allocation Failure) [PSYoungGen: 77696K->1360K(77312K)] 414401K->338065K(769024K), 0.0021524 secs] [Times: user=0.01 sys=0.00, real=0.00 secs] 
2402.018: [GC (Allocation Failure) [PSYoungGen: 77136K->1424K(76800K)] 413841K->338130K(768512K), 0.0019654 secs] [Times: user=0.00 sys=0.00, real=0.01 secs] 
2402.164: [GC (Allocation Failure) [PSYoungGen: 76688K->1565K(76800K)] 413394K->338271K(768512K), 0.0016985 secs] [Times: user=0.00 sys=0.00, real=0.00 secs] 
2402.296: [GC (Allocation Failure) [PSYoungGen: 76317K->477K(74752K)] 413023K->338207K(766464K), 0.0017591 secs] [Times: user=0.01 sys=0.00, real=0.00 secs] 
2402.427: [GC (Allocation Failure) [PSYoungGen: 74717K->461K(75776K)] 412447K->338191K(767488K), 0.0015000 secs] [Times: user=0.00 sys=0.00, real=0.01 secs] 
2403.507: [GC (Allocation Failure) [PSYoungGen: 74189K->1376K(74752K)] 411919K->339121K(766464K), 0.0032916 secs] [Times: user=0.02 sys=0.00, real=0.01 secs] 
2404.204: [GC (Allocation Failure) [PSYoungGen: 74592K->1344K(74240K)] 412337K->339089K(765952K), 0.0028426 secs] [Times: user=0.01 sys=0.00, real=0.00 secs] 
2404.683: [GC (Allocation Failure) [PSYoungGen: 74048K->1344K(73728K)] 411793K->339089K(765440K), 0.0031291 secs] [Times: user=0.01 sys=0.00, real=0.00 secs] 
2405.238: [GC (Allocation Failure) [PSYoungGen: 73536K->1376K(73216K)] 411281K->339121K(764928K), 0.0028093 secs] [Times: user=0.01 sys=0.00, real=0.00 secs] 
2405.499: [GC (Allocation Failure) [PSYoungGen: 73056K->1469K(72704K)] 410801K->339215K(764416K), 0.0015655 secs] [Times: user=0.00 sys=0.00, real=0.00 secs] 
2405.624: [GC (Allocation Failure) [PSYoungGen: 72637K->1440K(72192K)] 410383K->339186K(763904K), 0.0016937 secs] [Times: user=0.00 sys=0.00, real=0.00 secs] 
2405.749: [GC (Allocation Failure) [PSYoungGen: 72096K->1501K(71680K)] 409842K->339247K(763392K), 0.0017151 secs] [Times: user=0.01 sys=0.00, real=0.00 secs] 
2405.994: [GC (Allocation Failure) [PSYoungGen: 71645K->1440K(71168K)] 409391K->339185K(762880K), 0.0020123 secs] [Times: user=0.00 sys=0.00, real=0.00 secs] 
2406.793: [GC (Allocation Failure) [PSYoungGen: 71072K->1376K(70656K)] 408817K->339121K(762368K), 0.0031184 secs] [Times: user=0.02 sys=0.00, real=0.00 secs] 
2407.092: [GC (Allocation Failure) [PSYoungGen: 70496K->1376K(70144K)] 408241K->339121K(761856K), 0.0020777 secs] [Times: user=0.01 sys=0.00, real=0.00 secs] 
2407.487: [GC (Allocation Failure) [PSYoungGen: 69984K->1376K(69632K)] 407729K->339121K(761344K), 0.0018623 secs] [Times: user=0.00 sys=0.00, real=0.01 secs] 
2407.983: [GC (Allocation Failure) [PSYoungGen: 69472K->1456K(69632K)] 407217K->339202K(761344K), 0.0021199 secs] [Times: user=0.01 sys=0.00, real=0.00 secs] 
2408.122: [GC (Allocation Failure) [PSYoungGen: 69552K->1520K(69632K)] 407298K->339290K(761344K), 0.0015333 secs] [Times: user=0.01 sys=0.00, real=0.00 secs] 
2408.268: [GC (Allocation Failure) [PSYoungGen: 69616K->1485K(69632K)] 407386K->339255K(761344K), 0.0021242 secs] [Times: user=0.00 sys=0.00, real=0.00 secs] 
2408.443: [GC (Allocation Failure) [PSYoungGen: 69581K->1485K(69632K)] 407351K->339255K(761344K), 0.0021453 secs] [Times: user=0.01 sys=0.00, real=0.00 secs] 
2408.762: [GC (Allocation Failure) [PSYoungGen: 69581K->1440K(69632K)] 407351K->339209K(761344K), 0.0023093 secs] [Times: user=0.01 sys=0.00, real=0.00 secs] 
2409.064: [GC (Allocation Failure) [PSYoungGen: 69536K->1376K(69632K)] 407305K->339145K(761344K), 0.0020192 secs] [Times: user=0.00 sys=0.00, real=0.00 secs] 
2409.371: [GC (Allocation Failure) [PSYoungGen: 69472K->1376K(69632K)] 407241K->339145K(761344K), 0.0020991 secs] [Times: user=0.01 sys=0.00, real=0.00 secs] 
2409.844: [GC (Allocation Failure) [PSYoungGen: 69472K->1344K(69632K)] 407241K->339113K(761344K), 0.0018839 secs] [Times: user=0.01 sys=0.00, real=0.00 secs] 
2410.305: [GC (Allocation Failure) [PSYoungGen: 69440K->1437K(69632K)] 407209K->339207K(761344K), 0.0020071 secs] [Times: user=0.01 sys=0.00, real=0.00 secs] 
2410.433: [GC (Allocation Failure) [PSYoungGen: 69533K->1472K(69632K)] 407303K->339242K(761344K), 0.0015594 secs] [Times: user=0.01 sys=0.00, real=0.00 secs] 
2410.552: [GC (Allocation Failure) [PSYoungGen: 69568K->1504K(69632K)] 407338K->339274K(761344K), 0.0016143 secs] [Times: user=0.00 sys=0.00, real=0.00 secs] 
2410.671: [GC (Allocation Failure) [PSYoungGen: 69600K->1504K(69632K)] 407370K->339298K(761344K), 0.0015402 secs] [Times: user=0.00 sys=0.00, real=0.00 secs] 
2411.008: [GC (Allocation Failure) [PSYoungGen: 69600K->1440K(69632K)] 407394K->339233K(761344K), 0.0020876 secs] [Times: user=0.00 sys=0.00, real=0.00 secs] 
2411.586: [GC (Allocation Failure) [PSYoungGen: 69536K->1376K(69632K)] 407329K->339169K(761344K), 0.0033658 secs] [Times: user=0.01 sys=0.00, real=0.01 secs] 
2412.307: [GC (Allocation Failure) [PSYoungGen: 69472K->1376K(69632K)] 407265K->339185K(761344K), 0.0028898 secs] [Times: user=0.01 sys=0.00, real=0.01 secs] 
2412.769: [GC (Allocation Failure) [PSYoungGen: 69472K->1312K(69632K)] 407281K->339121K(761344K), 0.0025811 secs] [Times: user=0.01 sys=0.00, real=0.00 secs] 
2413.595: [GC (Allocation Failure) [PSYoungGen: 69408K->1456K(69632K)] 407217K->339266K(761344K), 0.0022477 secs] [Times: user=0.01 sys=0.00, real=0.00 secs] 
2413.744: [GC (Allocation Failure) [PSYoungGen: 69552K->1469K(69632K)] 407362K->339279K(761344K), 0.0015991 secs] [Times: user=0.00 sys=0.00, real=0.00 secs] 
2413.864: [GC (Allocation Failure) [PSYoungGen: 69565K->1504K(69632K)] 407375K->339314K(761344K), 0.0016553 secs] [Times: user=0.01 sys=0.00, real=0.00 secs] 
2413.984: [GC (Allocation Failure) [PSYoungGen: 69600K->1472K(69632K)] 407410K->339298K(761344K), 0.0016319 secs] [Times: user=0.00 sys=0.00, real=0.00 secs] 
2414.219: [GC (Allocation Failure) [PSYoungGen: 69568K->1440K(69632K)] 407394K->339265K(761344K), 0.0019228 secs] [Times: user=0.01 sys=0.00, real=0.00 secs] 
2414.502: [GC (Allocation Failure) [PSYoungGen: 69536K->1408K(69632K)] 407361K->339241K(761344K), 0.0017475 secs] [Times: user=0.01 sys=0.00, real=0.00 secs] 
2414.785: [GC (Allocation Failure) [PSYoungGen: 69504K->1376K(69632K)] 407337K->339209K(761344K), 0.0017899 secs] [Times: user=0.01 sys=0.00, real=0.00 secs] 
2415.068: [GC (Allocation Failure) [PSYoungGen: 69472K->1408K(69632K)] 407305K->339241K(761344K), 0.0017253 secs] [Times: user=0.00 sys=0.00, real=0.01 secs] 
2415.457: [GC (Allocation Failure) [PSYoungGen: 69504K->1453K(69632K)] 407337K->339287K(761344K), 0.0022717 secs] [Times: user=0.01 sys=0.00, real=0.01 secs] 
2415.645: [GC (Allocation Failure) [PSYoungGen: 69549K->1517K(69632K)] 407383K->339351K(761344K), 0.0021683 secs] [Times: user=0.01 sys=0.00, real=0.00 secs] 
2415.777: [GC (Allocation Failure) [PSYoungGen: 69613K->1469K(69632K)] 407447K->339303K(761344K), 0.0017154 secs] [Times: user=0.00 sys=0.00, real=0.01 secs] 
2415.896: [GC (Allocation Failure) [PSYoungGen: 69565K->1533K(76800K)] 407399K->339375K(768512K), 0.0016321 secs] [Times: user=0.01 sys=0.00, real=0.01 secs] 
2416.141: [GC (Allocation Failure) [PSYoungGen: 76797K->1440K(84992K)] 414639K->339281K(776704K), 0.0024726 secs] [Times: user=0.01 sys=0.00, real=0.00 secs] 
2416.489: [GC (Allocation Failure) [PSYoungGen: 84384K->1312K(83968K)] 422225K->339153K(775680K), 0.0019364 secs] [Times: user=0.01 sys=0.00, real=0.00 secs] 
2416.941: [GC (Allocation Failure) [PSYoungGen: 83744K->1376K(83456K)] 421585K->339217K(775168K), 0.0022473 secs] [Times: user=0.01 sys=0.00, real=0.00 secs] 
2417.719: [GC (Allocation Failure) [PSYoungGen: 83296K->1392K(82944K)] 421137K->339234K(774656K), 0.0024918 secs] [Times: user=0.01 sys=0.00, real=0.00 secs] 
2417.906: [GC (Allocation Failure) [PSYoungGen: 82800K->1533K(82432K)] 420642K->339375K(774144K), 0.0016414 secs] [Times: user=0.00 sys=0.00, real=0.01 secs] 
2418.049: [GC (Allocation Failure) [PSYoungGen: 82429K->1533K(81920K)] 420271K->339375K(773632K), 0.0016182 secs] [Times: user=0.01 sys=0.00, real=0.00 secs] 
2418.189: [GC (Allocation Failure) [PSYoungGen: 81917K->1568K(81920K)] 419759K->339410K(773632K), 0.0016915 secs] [Times: user=0.00 sys=0.00, real=0.00 secs] 
2418.666: [GC (Allocation Failure) [PSYoungGen: 81440K->384K(79872K)] 419282K->339249K(771584K), 0.0020246 secs] [Times: user=0.01 sys=0.00, real=0.01 secs] 
2419.065: [GC (Allocation Failure) [PSYoungGen: 79744K->368K(80896K)] 418609K->339233K(772608K), 0.0020764 secs] [Times: user=0.00 sys=0.00, real=0.00 secs] 
2419.460: [GC (Allocation Failure) [PSYoungGen: 79216K->336K(79360K)] 418081K->339201K(771072K), 0.0023622 secs] [Times: user=0.01 sys=0.00, real=0.00 secs] 
2419.981: [GC (Allocation Failure) [PSYoungGen: 78672K->1421K(79360K)] 417537K->340287K(771072K), 0.0028425 secs] [Times: user=0.01 sys=0.00, real=0.00 secs] 
2420.224: [GC (Allocation Failure) [PSYoungGen: 79245K->1485K(79360K)] 418111K->340351K(771072K), 0.0021976 secs] [Times: user=0.01 sys=0.00, real=0.00 secs] 
2420.432: [GC (Allocation Failure) [PSYoungGen: 78797K->1549K(78848K)] 417663K->340415K(770560K), 0.0021313 secs] [Times: user=0.01 sys=0.00, real=0.00 secs] 
2420.591: [GC (Allocation Failure) [PSYoungGen: 78349K->1440K(78336K)] 417215K->340305K(770048K), 0.0017241 secs] [Times: user=0.01 sys=0.00, real=0.00 secs] 
2423.284: [GC (Allocation Failure) [PSYoungGen: 77728K->1344K(77312K)] 416593K->340209K(769024K), 0.0035069 secs] [Times: user=0.02 sys=0.00, real=0.00 secs] 
2423.673: [GC (Allocation Failure) [PSYoungGen: 77120K->1360K(76800K)] 415985K->340225K(768512K), 0.0021983 secs] [Times: user=0.01 sys=0.00, real=0.00 secs] 
2423.985: [GC (Allocation Failure) [PSYoungGen: 76624K->1376K(76288K)] 415489K->340241K(768000K), 0.0021310 secs] [Times: user=0.00 sys=0.00, real=0.00 secs] 
2424.419: [GC (Allocation Failure) [PSYoungGen: 76128K->1472K(75776K)] 414993K->340338K(767488K), 0.0020120 secs] [Times: user=0.01 sys=0.00, real=0.00 secs] 
2424.598: [GC (Allocation Failure) [PSYoungGen: 75712K->1485K(75264K)] 414578K->340367K(766976K), 0.0020306 secs] [Times: user=0.01 sys=0.00, real=0.01 secs] 
2424.775: [GC (Allocation Failure) [PSYoungGen: 75213K->1453K(74752K)] 414095K->340335K(766464K), 0.0022355 secs] [Times: user=0.01 sys=0.00, real=0.00 secs] 
2424.939: [GC (Allocation Failure) [PSYoungGen: 74669K->1469K(74240K)] 413551K->340351K(765952K), 0.0016905 secs] [Times: user=0.01 sys=0.00, real=0.00 secs] 
2426.123: [GC (Allocation Failure) [PSYoungGen: 74173K->1408K(73728K)] 413055K->340289K(765440K), 0.0033919 secs] [Times: user=0.02 sys=0.00, real=0.00 secs] 
2426.807: [GC (Allocation Failure) [PSYoungGen: 73600K->1408K(73216K)] 412481K->340289K(764928K), 0.0033484 secs] [Times: user=0.01 sys=0.00, real=0.01 secs] 
2427.236: [GC (Allocation Failure) [PSYoungGen: 73088K->1376K(72704K)] 411969K->340257K(764416K), 0.0020881 secs] [Times: user=0.01 sys=0.00, real=0.01 secs] 
2427.544: [GC (Allocation Failure) [PSYoungGen: 72544K->1408K(72192K)] 411425K->340289K(763904K), 0.0021463 secs] [Times: user=0.01 sys=0.00, real=0.00 secs] 
2427.708: [GC (Allocation Failure) [PSYoungGen: 72064K->1469K(71680K)] 410945K->340351K(763392K), 0.0017807 secs] [Times: user=0.01 sys=0.00, real=0.01 secs] 
2427.830: [GC (Allocation Failure) [PSYoungGen: 71613K->1536K(71680K)] 410495K->340418K(763392K), 0.0016733 secs] [Times: user=0.00 sys=0.00, real=0.00 secs] 
2427.955: [GC (Allocation Failure) [PSYoungGen: 71168K->1504K(70656K)] 410050K->340386K(762368K), 0.0015607 secs] [Times: user=0.00 sys=0.00, real=0.00 secs] 
2428.185: [GC (Allocation Failure) [PSYoungGen: 70624K->1472K(70144K)] 409506K->340353K(761856K), 0.0018602 secs] [Times: user=0.00 sys=0.00, real=0.00 secs] 
2428.950: [GC (Allocation Failure) [PSYoungGen: 70080K->1408K(69632K)] 408961K->340289K(761344K), 0.0021124 secs] [Times: user=0.01 sys=0.00, real=0.00 secs] 
2429.519: [GC (Allocation Failure) [PSYoungGen: 69504K->1376K(69632K)] 408385K->340257K(761344K), 0.0022078 secs] [Times: user=0.01 sys=0.00, real=0.00 secs] 
2430.128: [GC (Allocation Failure) [PSYoungGen: 69472K->1376K(70144K)] 408353K->340257K(761856K), 0.0021408 secs] [Times: user=0.01 sys=0.00, real=0.01 secs] 
2430.790: [GC (Allocation Failure) [PSYoungGen: 69472K->1421K(70144K)] 408353K->340303K(761856K), 0.0026052 secs] [Times: user=0.01 sys=0.00, real=0.00 secs] 
2430.969: [GC (Allocation Failure) [PSYoungGen: 69517K->1504K(70144K)] 408399K->340386K(761856K), 0.0017693 secs] [Times: user=0.01 sys=0.00, real=0.00 secs] 
2431.089: [GC (Allocation Failure) [PSYoungGen: 69600K->1501K(70144K)] 408482K->340383K(761856K), 0.0015683 secs] [Times: user=0.01 sys=0.00, real=0.00 secs] 
2431.211: [GC (Allocation Failure) [PSYoungGen: 69597K->1501K(70144K)] 408479K->340383K(761856K), 0.0015431 secs] [Times: user=0.00 sys=0.00, real=0.00 secs] 
2431.423: [GC (Allocation Failure) [PSYoungGen: 69597K->1456K(70144K)] 408479K->340337K(761856K), 0.0029589 secs] [Times: user=0.01 sys=0.00, real=0.00 secs] 
2431.851: [GC (Allocation Failure) [PSYoungGen: 69552K->1376K(69632K)] 408433K->340257K(761344K), 0.0018943 secs] [Times: user=0.01 sys=0.00, real=0.00 secs] 
2432.415: [GC (Allocation Failure) [PSYoungGen: 69472K->1376K(69632K)] 408353K->340273K(761344K), 0.0020458 secs] [Times: user=0.01 sys=0.00, real=0.00 secs] 
2433.019: [GC (Allocation Failure) [PSYoungGen: 69472K->1392K(69632K)] 408369K->340289K(761344K), 0.0022198 secs] [Times: user=0.01 sys=0.01, real=0.00 secs] 
2433.585: [GC (Allocation Failure) [PSYoungGen: 69488K->1472K(69632K)] 408385K->340370K(761344K), 0.0024311 secs] [Times: user=0.01 sys=0.00, real=0.00 secs] 
2433.738: [GC (Allocation Failure) [PSYoungGen: 69568K->1501K(69632K)] 408466K->340399K(761344K), 0.0015451 secs] [Times: user=0.01 sys=0.00, real=0.00 secs] 
2433.857: [GC (Allocation Failure) [PSYoungGen: 69597K->1533K(69632K)] 408495K->340431K(761344K), 0.0016926 secs] [Times: user=0.00 sys=0.00, real=0.01 secs] 
2433.977: [GC (Allocation Failure) [PSYoungGen: 69629K->1469K(69632K)] 408527K->340375K(761344K), 0.0015335 secs] [Times: user=0.01 sys=0.00, real=0.01 secs] 
2434.312: [GC (Allocation Failure) [PSYoungGen: 69565K->1456K(69632K)] 408471K->340361K(761344K), 0.0021559 secs] [Times: user=0.01 sys=0.00, real=0.00 secs] 
2434.596: [GC (Allocation Failure) [PSYoungGen: 69552K->1376K(69632K)] 408457K->340281K(761344K), 0.0018455 secs] [Times: user=0.01 sys=0.00, real=0.00 secs] 
2434.879: [GC (Allocation Failure) [PSYoungGen: 69472K->1408K(69632K)] 408377K->340313K(761344K), 0.0019535 secs] [Times: user=0.01 sys=0.00, real=0.00 secs] 
2435.162: [GC (Allocation Failure) [PSYoungGen: 69504K->1344K(69632K)] 408409K->340249K(761344K), 0.0019554 secs] [Times: user=0.01 sys=0.00, real=0.00 secs] 
2435.440: [GC (Allocation Failure) [PSYoungGen: 69440K->1424K(69632K)] 408345K->340330K(761344K), 0.0018918 secs] [Times: user=0.00 sys=0.00, real=0.00 secs] 
2435.562: [GC (Allocation Failure) [PSYoungGen: 69520K->1472K(69632K)] 408426K->340378K(761344K), 0.0016365 secs] [Times: user=0.01 sys=0.00, real=0.00 secs] 
2435.682: [GC (Allocation Failure) [PSYoungGen: 69568K->1533K(69632K)] 408474K->340439K(761344K), 0.0015960 secs] [Times: user=0.01 sys=0.00, real=0.00 secs] 
2435.802: [GC (Allocation Failure) [PSYoungGen: 69629K->1520K(70144K)] 408535K->340450K(761856K), 0.0015916 secs] [Times: user=0.01 sys=0.00, real=0.00 secs] 
2436.013: [GC (Allocation Failure) [PSYoungGen: 69616K->1424K(70144K)] 408546K->340353K(761856K), 0.0018195 secs] [Times: user=0.01 sys=0.00, real=0.00 secs] 
2436.296: [GC (Allocation Failure) [PSYoungGen: 69520K->1344K(69632K)] 408449K->340273K(761344K), 0.0017418 secs] [Times: user=0.01 sys=0.00, real=0.00 secs] 
2436.579: [GC (Allocation Failure) [PSYoungGen: 69440K->1376K(69632K)] 408369K->340305K(761344K), 0.0017500 secs] [Times: user=0.01 sys=0.00, real=0.00 secs] 
2436.861: [GC (Allocation Failure) [PSYoungGen: 69472K->1376K(69632K)] 408401K->340313K(761344K), 0.0017360 secs] [Times: user=0.01 sys=0.00, real=0.00 secs] 
2437.117: [GC (Allocation Failure) [PSYoungGen: 69472K->1456K(69632K)] 408409K->340394K(761344K), 0.0015997 secs] [Times: user=0.00 sys=0.00, real=0.01 secs] 
2437.238: [GC (Allocation Failure) [PSYoungGen: 69552K->1501K(69632K)] 408490K->340447K(761344K), 0.0015542 secs] [Times: user=0.01 sys=0.00, real=0.00 secs] 
2437.357: [GC (Allocation Failure) [PSYoungGen: 69597K->1501K(69632K)] 408543K->340447K(761344K), 0.0016765 secs] [Times: user=0.00 sys=0.00, real=0.01 secs] 
2437.477: [GC (Allocation Failure) [PSYoungGen: 69597K->1533K(73728K)] 408543K->340487K(765440K), 0.0017449 secs] [Times: user=0.01 sys=0.00, real=0.01 secs] 
2437.720: [GC (Allocation Failure) [PSYoungGen: 73725K->1424K(73216K)] 412679K->340377K(764928K), 0.0016666 secs] [Times: user=0.00 sys=0.01, real=0.00 secs] 
2438.017: [GC (Allocation Failure) [PSYoungGen: 73104K->1376K(72704K)] 412057K->340329K(764416K), 0.0015695 secs] [Times: user=0.00 sys=0.00, real=0.01 secs] 
2438.388: [GC (Allocation Failure) [PSYoungGen: 72544K->1376K(72192K)] 411497K->340329K(763904K), 0.0017691 secs] [Times: user=0.01 sys=0.00, real=0.00 secs] 
2438.681: [GC (Allocation Failure) [PSYoungGen: 72032K->1376K(71680K)] 410985K->340329K(763392K), 0.0020805 secs] [Times: user=0.00 sys=0.00, real=0.00 secs] 
2438.922: [GC (Allocation Failure) [PSYoungGen: 71520K->1469K(71168K)] 410473K->340423K(762880K), 0.0016275 secs] [Times: user=0.00 sys=0.00, real=0.00 secs] 
2439.044: [GC (Allocation Failure) [PSYoungGen: 71101K->1501K(70656K)] 410055K->340455K(762368K), 0.0016284 secs] [Times: user=0.01 sys=0.00, real=0.00 secs] 
2439.166: [GC (Allocation Failure) [PSYoungGen: 70621K->1536K(70656K)] 409575K->340490K(762368K), 0.0016382 secs] [Times: user=0.00 sys=0.00, real=0.01 secs] 
2439.287: [GC (Allocation Failure) [PSYoungGen: 70142K->1437K(70656K)] 409096K->340407K(762368K), 0.0016109 secs] [Times: user=0.01 sys=0.00, real=0.01 secs] 
2441.524: [GC (Allocation Failure) [PSYoungGen: 70557K->1440K(70144K)] 409527K->340417K(761856K), 0.0030750 secs] [Times: user=0.01 sys=0.00, real=0.00 secs] 
2442.254: [GC (Allocation Failure) [PSYoungGen: 70048K->1344K(69632K)] 409025K->340321K(761344K), 0.0027384 secs] [Times: user=0.01 sys=0.00, real=0.00 secs] 
2442.991: [GC (Allocation Failure) [PSYoungGen: 69440K->1376K(70144K)] 408417K->340353K(761856K), 0.0027910 secs] [Times: user=0.01 sys=0.00, real=0.00 secs] 
2443.997: [GC (Allocation Failure) [PSYoungGen: 69472K->1344K(70144K)] 408449K->340321K(761856K), 0.0029376 secs] [Times: user=0.02 sys=0.00, real=0.01 secs] 
2444.558: [GC (Allocation Failure) [PSYoungGen: 69440K->1517K(70144K)] 408417K->340511K(761856K), 0.0021251 secs] [Times: user=0.01 sys=0.00, real=0.00 secs] 
2444.692: [GC (Allocation Failure) [PSYoungGen: 69613K->1488K(70144K)] 408607K->340482K(761856K), 0.0015220 secs] [Times: user=0.01 sys=0.00, real=0.00 secs] 
2444.811: [GC (Allocation Failure) [PSYoungGen: 69584K->1501K(70144K)] 408578K->340495K(761856K), 0.0015734 secs] [Times: user=0.01 sys=0.00, real=0.00 secs] 
2444.931: [GC (Allocation Failure) [PSYoungGen: 69597K->1533K(70144K)] 408591K->340535K(761856K), 0.0015578 secs] [Times: user=0.00 sys=0.00, real=0.00 secs] 
2445.483: [GC (Allocation Failure) [PSYoungGen: 69629K->1408K(70144K)] 408631K->340417K(761856K), 0.0019579 secs] [Times: user=0.01 sys=0.00, real=0.00 secs] 
2446.077: [GC (Allocation Failure) [PSYoungGen: 69504K->1344K(70144K)] 408513K->340353K(761856K), 0.0031354 secs] [Times: user=0.01 sys=0.00, real=0.01 secs] 
2446.609: [GC (Allocation Failure) [PSYoungGen: 69440K->1376K(70144K)] 408449K->340385K(761856K), 0.0023221 secs] [Times: user=0.01 sys=0.00, real=0.00 secs] 
2447.199: [GC (Allocation Failure) [PSYoungGen: 69472K->1408K(70144K)] 408481K->340417K(761856K), 0.0022883 secs] [Times: user=0.01 sys=0.00, real=0.00 secs] 
2447.485: [GC (Allocation Failure) [PSYoungGen: 69504K->1485K(70144K)] 408513K->340495K(761856K), 0.0018115 secs] [Times: user=0.01 sys=0.00, real=0.00 secs] 
2447.606: [GC (Allocation Failure) [PSYoungGen: 69581K->1485K(70144K)] 408591K->340495K(761856K), 0.0014962 secs] [Times: user=0.01 sys=0.00, real=0.00 secs] 
2447.726: [GC (Allocation Failure) [PSYoungGen: 69581K->1517K(70144K)] 408591K->340527K(761856K), 0.0032049 secs] [Times: user=0.02 sys=0.00, real=0.01 secs] 
2447.852: [GC (Allocation Failure) [PSYoungGen: 69613K->1501K(77824K)] 408623K->340519K(769536K), 0.0014978 secs] [Times: user=0.01 sys=0.00, real=0.00 secs] 
2448.191: [GC (Allocation Failure) [PSYoungGen: 77277K->1408K(77824K)] 416295K->340425K(769536K), 0.0017258 secs] [Times: user=0.00 sys=0.00, real=0.00 secs] 
2448.505: [GC (Allocation Failure) [PSYoungGen: 77184K->1360K(76800K)] 416201K->340385K(768512K), 0.0016388 secs] [Times: user=0.01 sys=0.00, real=0.00 secs] 
2448.818: [GC (Allocation Failure) [PSYoungGen: 76624K->1376K(76288K)] 415649K->340401K(768000K), 0.0018979 secs] [Times: user=0.00 sys=0.01, real=0.01 secs] 
2449.306: [GC (Allocation Failure) [PSYoungGen: 76128K->1520K(75776K)] 415153K->340546K(767488K), 0.0018647 secs] [Times: user=0.01 sys=0.00, real=0.00 secs] 
2449.438: [GC (Allocation Failure) [PSYoungGen: 75760K->1533K(75264K)] 414786K->340559K(766976K), 0.0017009 secs] [Times: user=0.01 sys=0.00, real=0.00 secs] 
2449.567: [GC (Allocation Failure) [PSYoungGen: 75261K->1533K(74752K)] 414287K->340591K(766464K), 0.0015619 secs] [Times: user=0.01 sys=0.00, real=0.01 secs] 
2449.697: [GC (Allocation Failure) [PSYoungGen: 74749K->1472K(82432K)] 413807K->340546K(774144K), 0.0017494 secs] [Times: user=0.00 sys=0.00, real=0.01 secs] 
2450.622: [GC (Allocation Failure) [PSYoungGen: 82368K->1408K(81920K)] 421442K->340481K(773632K), 0.0025143 secs] [Times: user=0.01 sys=0.00, real=0.00 secs] 
2451.332: [GC (Allocation Failure) [PSYoungGen: 81792K->1376K(81408K)] 420865K->340449K(773120K), 0.0030640 secs] [Times: user=0.01 sys=0.00, real=0.00 secs] 
2452.009: [GC (Allocation Failure) [PSYoungGen: 81248K->1376K(80896K)] 420321K->340449K(772608K), 0.0033442 secs] [Times: user=0.02 sys=0.00, real=0.00 secs] 
2452.444: [GC (Allocation Failure) [PSYoungGen: 80736K->1389K(80384K)] 419809K->340487K(772096K), 0.0020535 secs] [Times: user=0.01 sys=0.00, real=0.00 secs] 
2452.595: [GC (Allocation Failure) [PSYoungGen: 80237K->1469K(79872K)] 419335K->340567K(771584K), 0.0016439 secs] [Times: user=0.01 sys=0.00, real=0.00 secs] 
2452.735: [GC (Allocation Failure) [PSYoungGen: 79805K->1469K(79360K)] 418903K->340567K(771072K), 0.0016679 secs] [Times: user=0.01 sys=0.00, real=0.00 secs] 
2452.874: [GC (Allocation Failure) [PSYoungGen: 79293K->1501K(78848K)] 418391K->340599K(770560K), 0.0016281 secs] [Times: user=0.01 sys=0.00, real=0.00 secs] 
2453.449: [GC (Allocation Failure) [PSYoungGen: 78813K->1456K(78336K)] 417911K->340553K(770048K), 0.0023052 secs] [Times: user=0.01 sys=0.00, real=0.00 secs] 
2453.998: [GC (Allocation Failure) [PSYoungGen: 78256K->1376K(77824K)] 417353K->340481K(769536K), 0.0022264 secs] [Times: user=0.01 sys=0.00, real=0.00 secs] 
2454.634: [GC (Allocation Failure) [PSYoungGen: 77664K->1376K(77312K)] 416769K->340481K(769024K), 0.0022080 secs] [Times: user=0.01 sys=0.00, real=0.00 secs] 
2455.211: [GC (Allocation Failure) [PSYoungGen: 77152K->1440K(76800K)] 416257K->340546K(768512K), 0.0028293 secs] [Times: user=0.01 sys=0.00, real=0.00 secs] 
2455.402: [GC (Allocation Failure) [PSYoungGen: 76704K->1469K(76288K)] 415810K->340583K(768000K), 0.0016695 secs] [Times: user=0.00 sys=0.00, real=0.00 secs] 
2455.534: [GC (Allocation Failure) [PSYoungGen: 76221K->1533K(75776K)] 415335K->340647K(767488K), 0.0016277 secs] [Times: user=0.01 sys=0.00, real=0.00 secs] 
2455.667: [GC (Allocation Failure) [PSYoungGen: 75773K->1469K(75264K)] 414887K->340583K(766976K), 0.0016175 secs] [Times: user=0.00 sys=0.00, real=0.01 secs] 
2456.146: [GC (Allocation Failure) [PSYoungGen: 75197K->1408K(74752K)] 414311K->340521K(766464K), 0.0024092 secs] [Times: user=0.01 sys=0.00, real=0.01 secs] 
2456.718: [GC (Allocation Failure) [PSYoungGen: 74624K->1376K(74240K)] 413737K->340489K(765952K), 0.0032522 secs] [Times: user=0.02 sys=0.00, real=0.00 secs] 
2457.356: [GC (Allocation Failure) [PSYoungGen: 74080K->1376K(73728K)] 413193K->340489K(765440K), 0.0024756 secs] [Times: user=0.01 sys=0.00, real=0.01 secs] 
2457.979: [GC (Allocation Failure) [PSYoungGen: 73568K->1376K(73216K)] 412681K->340489K(764928K), 0.0024772 secs] [Times: user=0.01 sys=0.00, real=0.00 secs] 
2458.654: [GC (Allocation Failure) [PSYoungGen: 73056K->1485K(72704K)] 412169K->340599K(764416K), 0.0020677 secs] [Times: user=0.01 sys=0.00, real=0.00 secs] 
2458.783: [GC (Allocation Failure) [PSYoungGen: 72653K->1504K(72192K)] 411767K->340618K(763904K), 0.0016636 secs] [Times: user=0.01 sys=0.00, real=0.00 secs] 
2458.927: [GC (Allocation Failure) [PSYoungGen: 72160K->1485K(71680K)] 411274K->340599K(763392K), 0.0018912 secs] [Times: user=0.01 sys=0.00, real=0.01 secs] 
2459.441: [GC (Allocation Failure) [PSYoungGen: 71629K->1392K(71168K)] 410743K->340505K(762880K), 0.0033514 secs] [Times: user=0.02 sys=0.00, real=0.00 secs] 
2460.084: [GC (Allocation Failure) [PSYoungGen: 71024K->1376K(70656K)] 410137K->340489K(762368K), 0.0039740 secs] [Times: user=0.02 sys=0.00, real=0.01 secs] 
2460.642: [GC (Allocation Failure) [PSYoungGen: 70496K->1376K(70144K)] 409609K->340489K(761856K), 0.0032618 secs] [Times: user=0.01 sys=0.01, real=0.00 secs] 
2461.242: [GC (Allocation Failure) [PSYoungGen: 69984K->1408K(69632K)] 409097K->340521K(761344K), 0.0032718 secs] [Times: user=0.01 sys=0.00, real=0.00 secs] 
2461.632: [GC (Allocation Failure) [PSYoungGen: 69504K->1456K(70144K)] 408617K->340570K(761856K), 0.0019605 secs] [Times: user=0.01 sys=0.00, real=0.00 secs] 
2461.767: [GC (Allocation Failure) [PSYoungGen: 69526K->1533K(70144K)] 408640K->340647K(761856K), 0.0017263 secs] [Times: user=0.01 sys=0.00, real=0.01 secs] 
2461.887: [GC (Allocation Failure) [PSYoungGen: 69629K->1536K(70144K)] 408743K->340650K(761856K), 0.0015571 secs] [Times: user=0.01 sys=0.00, real=0.01 secs] 
2462.007: [GC (Allocation Failure) [PSYoungGen: 69632K->1504K(70144K)] 408746K->340618K(761856K), 0.0016178 secs] [Times: user=0.01 sys=0.00, real=0.01 secs] 
2462.545: [GC (Allocation Failure) [PSYoungGen: 69600K->1440K(70144K)] 408714K->340553K(761856K), 0.0019088 secs] [Times: user=0.01 sys=0.00, real=0.00 secs] 
2463.580: [GC (Allocation Failure) [PSYoungGen: 69536K->1408K(70144K)] 408649K->340521K(761856K), 0.0039855 secs] [Times: user=0.01 sys=0.00, real=0.00 secs] 
2464.438: [GC (Allocation Failure) [PSYoungGen: 69504K->1344K(70144K)] 408617K->340473K(761856K), 0.0034010 secs] [Times: user=0.01 sys=0.00, real=0.01 secs] 
2465.275: [GC (Allocation Failure) [PSYoungGen: 69440K->1376K(70144K)] 408569K->340505K(761856K), 0.0027794 secs] [Times: user=0.01 sys=0.00, real=0.01 secs] 
2466.052: [GC (Allocation Failure) [PSYoungGen: 69472K->1424K(70144K)] 408601K->340554K(761856K), 0.0027605 secs] [Times: user=0.01 sys=0.00, real=0.00 secs] 
2466.239: [GC (Allocation Failure) [PSYoungGen: 69520K->1488K(70144K)] 408650K->340618K(761856K), 0.0015734 secs] [Times: user=0.01 sys=0.00, real=0.00 secs] 
2466.358: [GC (Allocation Failure) [PSYoungGen: 69584K->1501K(70144K)] 408714K->340631K(761856K), 0.0016199 secs] [Times: user=0.00 sys=0.00, real=0.00 secs] 
2466.478: [GC (Allocation Failure) [PSYoungGen: 69597K->1424K(70144K)] 408727K->340570K(761856K), 0.0015600 secs] [Times: user=0.01 sys=0.00, real=0.00 secs] 
2467.225: [GC (Allocation Failure) [PSYoungGen: 69520K->1424K(70144K)] 408666K->340569K(761856K), 0.0036853 secs] [Times: user=0.01 sys=0.00, real=0.01 secs] 
2467.653: [GC (Allocation Failure) [PSYoungGen: 69520K->1408K(70144K)] 408665K->340553K(761856K), 0.0020349 secs] [Times: user=0.00 sys=0.00, real=0.00 secs] 
2467.937: [GC (Allocation Failure) [PSYoungGen: 69504K->1376K(70144K)] 408649K->340521K(761856K), 0.0020406 secs] [Times: user=0.01 sys=0.01, real=0.01 secs] 
2468.317: [GC (Allocation Failure) [PSYoungGen: 69472K->1376K(70144K)] 408617K->340521K(761856K), 0.0019701 secs] [Times: user=0.01 sys=0.00, real=0.01 secs] 
2468.774: [GC (Allocation Failure) [PSYoungGen: 69472K->1504K(70144K)] 408617K->340650K(761856K), 0.0020238 secs] [Times: user=0.01 sys=0.00, real=0.00 secs] 
2468.909: [GC (Allocation Failure) [PSYoungGen: 69600K->1472K(70144K)] 408746K->340618K(761856K), 0.0016293 secs] [Times: user=0.01 sys=0.00, real=0.00 secs] 
2469.031: [GC (Allocation Failure) [PSYoungGen: 69568K->1488K(70144K)] 408714K->340634K(761856K), 0.0015569 secs] [Times: user=0.00 sys=0.00, real=0.00 secs] 
2469.152: [GC (Allocation Failure) [PSYoungGen: 69584K->1568K(70144K)] 408730K->340722K(761856K), 0.0015466 secs] [Times: user=0.01 sys=0.00, real=0.00 secs] 
2469.724: [GC (Allocation Failure) [PSYoungGen: 69664K->1424K(70144K)] 408818K->340577K(761856K), 0.0019330 secs] [Times: user=0.01 sys=0.00, real=0.00 secs] 
2470.123: [GC (Allocation Failure) [PSYoungGen: 69520K->1376K(70144K)] 408673K->340529K(761856K), 0.0022183 secs] [Times: user=0.01 sys=0.00, real=0.00 secs] 
2470.406: [GC (Allocation Failure) [PSYoungGen: 69472K->1344K(70144K)] 408625K->340497K(761856K), 0.0021120 secs] [Times: user=0.01 sys=0.00, real=0.01 secs] 
2470.689: [GC (Allocation Failure) [PSYoungGen: 69440K->1408K(70144K)] 408593K->340561K(761856K), 0.0020077 secs] [Times: user=0.01 sys=0.00, real=0.00 secs] 
2470.929: [GC (Allocation Failure) [PSYoungGen: 69504K->1472K(70144K)] 408657K->340626K(761856K), 0.0014948 secs] [Times: user=0.01 sys=0.00, real=0.00 secs] 
2471.048: [GC (Allocation Failure) [PSYoungGen: 69568K->1469K(70144K)] 408722K->340623K(761856K), 0.0015376 secs] [Times: user=0.01 sys=0.00, real=0.00 secs] 
2471.168: [GC (Allocation Failure) [PSYoungGen: 69565K->1504K(70144K)] 408719K->340658K(761856K), 0.0015258 secs] [Times: user=0.01 sys=0.00, real=0.00 secs] 
2471.288: [GC (Allocation Failure) [PSYoungGen: 69600K->1440K(70144K)] 408754K->340618K(761856K), 0.0015911 secs] [Times: user=0.01 sys=0.00, real=0.01 secs] 
2471.536: [GC (Allocation Failure) [PSYoungGen: 69536K->1424K(70144K)] 408714K->340601K(761856K), 0.0018642 secs] [Times: user=0.01 sys=0.00, real=0.00 secs] 
2471.819: [GC (Allocation Failure) [PSYoungGen: 69520K->1376K(70144K)] 408697K->340553K(761856K), 0.0021796 secs] [Times: user=0.01 sys=0.00, real=0.00 secs] 
2472.109: [GC (Allocation Failure) [PSYoungGen: 69472K->1376K(70144K)] 408649K->340553K(761856K), 0.0022774 secs] [Times: user=0.01 sys=0.00, real=0.00 secs] 
2472.393: [GC (Allocation Failure) [PSYoungGen: 69472K->1376K(70144K)] 408649K->340553K(761856K), 0.0024366 secs] [Times: user=0.01 sys=0.00, real=0.00 secs] 
2472.804: [GC (Allocation Failure) [PSYoungGen: 69472K->1437K(70144K)] 408649K->340615K(761856K), 0.0021496 secs] [Times: user=0.01 sys=0.00, real=0.00 secs] 
2472.943: [GC (Allocation Failure) [PSYoungGen: 69533K->1456K(70144K)] 408711K->340634K(761856K), 0.0016380 secs] [Times: user=0.00 sys=0.00, real=0.00 secs] 
2473.063: [GC (Allocation Failure) [PSYoungGen: 69552K->1504K(70144K)] 408730K->340682K(761856K), 0.0015553 secs] [Times: user=0.00 sys=0.00, real=0.00 secs] 
2473.183: [GC (Allocation Failure) [PSYoungGen: 69600K->1469K(70144K)] 408778K->340655K(761856K), 0.0016049 secs] [Times: user=0.01 sys=0.00, real=0.00 secs] 
2473.666: [GC (Allocation Failure) [PSYoungGen: 69565K->1440K(70144K)] 408751K->340625K(761856K), 0.0018855 secs] [Times: user=0.00 sys=0.00, real=0.01 secs] 
2474.207: [GC (Allocation Failure) [PSYoungGen: 69536K->1376K(70144K)] 408721K->340561K(761856K), 0.0024328 secs] [Times: user=0.01 sys=0.00, real=0.01 secs] 
2474.617: [GC (Allocation Failure) [PSYoungGen: 69472K->1344K(70144K)] 408657K->340529K(761856K), 0.0021565 secs] [Times: user=0.01 sys=0.00, real=0.01 secs] 
2475.374: [GC (Allocation Failure) [PSYoungGen: 69440K->1344K(70144K)] 408625K->340529K(761856K), 0.0035184 secs] [Times: user=0.01 sys=0.00, real=0.00 secs] 
2475.820: [GC (Allocation Failure) [PSYoungGen: 69440K->1453K(70144K)] 408625K->340639K(761856K), 0.0021872 secs] [Times: user=0.01 sys=0.00, real=0.00 secs] 
2475.959: [GC (Allocation Failure) [PSYoungGen: 69549K->1501K(70144K)] 408735K->340687K(761856K), 0.0015836 secs] [Times: user=0.00 sys=0.00, real=0.00 secs] 
2476.079: [GC (Allocation Failure) [PSYoungGen: 69597K->1520K(70144K)] 408783K->340706K(761856K), 0.0016026 secs] [Times: user=0.00 sys=0.00, real=0.00 secs] 
2476.198: [GC (Allocation Failure) [PSYoungGen: 69616K->1469K(70144K)] 408802K->340663K(761856K), 0.0015957 secs] [Times: user=0.00 sys=0.00, real=0.00 secs] 
2477.695: [GC (Allocation Failure) [PSYoungGen: 69565K->1376K(70144K)] 408759K->340569K(761856K), 0.0042060 secs] [Times: user=0.01 sys=0.00, real=0.01 secs] 
2478.702: [GC (Allocation Failure) [PSYoungGen: 69472K->1344K(70144K)] 408665K->340537K(761856K), 0.0039763 secs] [Times: user=0.01 sys=0.00, real=0.00 secs] 
2479.767: [GC (Allocation Failure) [PSYoungGen: 69440K->1344K(70144K)] 408633K->340537K(761856K), 0.0039906 secs] [Times: user=0.02 sys=0.00, real=0.01 secs] 
2480.635: [GC (Allocation Failure) [PSYoungGen: 69440K->1344K(70144K)] 408633K->340537K(761856K), 0.0035276 secs] [Times: user=0.02 sys=0.00, real=0.01 secs] 
2481.142: [GC (Allocation Failure) [PSYoungGen: 69423K->1501K(70144K)] 408617K->340695K(761856K), 0.0023475 secs] [Times: user=0.01 sys=0.00, real=0.00 secs] 
2481.289: [GC (Allocation Failure) [PSYoungGen: 69597K->1504K(70144K)] 408791K->340698K(761856K), 0.0017179 secs] [Times: user=0.01 sys=0.00, real=0.00 secs] 
2481.408: [GC (Allocation Failure) [PSYoungGen: 69600K->1504K(70144K)] 408794K->340698K(761856K), 0.0015331 secs] [Times: user=0.01 sys=0.00, real=0.00 secs] 
2481.528: [GC (Allocation Failure) [PSYoungGen: 69600K->1501K(70144K)] 408794K->340719K(761856K), 0.0015553 secs] [Times: user=0.01 sys=0.00, real=0.00 secs] 
2482.160: [GC (Allocation Failure) [PSYoungGen: 69597K->1424K(70144K)] 408815K->340641K(761856K), 0.0019522 secs] [Times: user=0.01 sys=0.00, real=0.00 secs] 
2482.669: [GC (Allocation Failure) [PSYoungGen: 69520K->1408K(70144K)] 408737K->340625K(761856K), 0.0022114 secs] [Times: user=0.00 sys=0.01, real=0.00 secs] 
2483.342: [GC (Allocation Failure) [PSYoungGen: 69504K->1376K(70144K)] 408721K->340593K(761856K), 0.0023491 secs] [Times: user=0.01 sys=0.00, real=0.00 secs] 
2484.284: [GC (Allocation Failure) [PSYoungGen: 69472K->1376K(70144K)] 408689K->340593K(761856K), 0.0026401 secs] [Times: user=0.01 sys=0.00, real=0.00 secs] 
2484.688: [GC (Allocation Failure) [PSYoungGen: 69466K->1456K(70144K)] 408684K->340674K(761856K), 0.0020145 secs] [Times: user=0.01 sys=0.00, real=0.01 secs] 
2484.850: [GC (Allocation Failure) [PSYoungGen: 69552K->1485K(70144K)] 408770K->340703K(761856K), 0.0020849 secs] [Times: user=0.01 sys=0.00, real=0.00 secs] 
2485.006: [GC (Allocation Failure) [PSYoungGen: 69581K->1485K(70144K)] 408799K->340703K(761856K), 0.0018236 secs] [Times: user=0.01 sys=0.00, real=0.00 secs] 
2485.125: [GC (Allocation Failure) [PSYoungGen: 69581K->1453K(70144K)] 408799K->340703K(761856K), 0.0015711 secs] [Times: user=0.01 sys=0.00, real=0.00 secs] 
2485.399: [GC (Allocation Failure) [PSYoungGen: 69549K->1392K(70144K)] 408799K->340641K(761856K), 0.0022420 secs] [Times: user=0.01 sys=0.00, real=0.00 secs] 
2485.693: [GC (Allocation Failure) [PSYoungGen: 69488K->1408K(70144K)] 408737K->340657K(761856K), 0.0020507 secs] [Times: user=0.00 sys=0.00, real=0.00 secs] 
2486.070: [GC (Allocation Failure) [PSYoungGen: 69504K->1344K(70144K)] 408753K->340593K(761856K), 0.0020769 secs] [Times: user=0.01 sys=0.00, real=0.00 secs] 
2486.637: [GC (Allocation Failure) [PSYoungGen: 69440K->1376K(70144K)] 408689K->340625K(761856K), 0.0018868 secs] [Times: user=0.01 sys=0.00, real=0.01 secs] 
2486.882: [GC (Allocation Failure) [PSYoungGen: 69472K->1469K(70144K)] 408721K->340719K(761856K), 0.0016914 secs] [Times: user=0.01 sys=0.00, real=0.00 secs] 
2487.002: [GC (Allocation Failure) [PSYoungGen: 69565K->1501K(70144K)] 408815K->340751K(761856K), 0.0015517 secs] [Times: user=0.00 sys=0.00, real=0.00 secs] 
2487.124: [GC (Allocation Failure) [PSYoungGen: 69597K->1488K(70144K)] 408847K->340738K(761856K), 0.0017227 secs] [Times: user=0.00 sys=0.00, real=0.00 secs] 
2487.244: [GC (Allocation Failure) [PSYoungGen: 69584K->1504K(70144K)] 408834K->340778K(761856K), 0.0015634 secs] [Times: user=0.01 sys=0.00, real=0.00 secs] 
2487.667: [GC (Allocation Failure) [PSYoungGen: 69600K->1440K(70144K)] 408874K->340713K(761856K), 0.0019405 secs] [Times: user=0.00 sys=0.00, real=0.01 secs] 
2488.005: [GC (Allocation Failure) [PSYoungGen: 69536K->1376K(70144K)] 408809K->340649K(761856K), 0.0018439 secs] [Times: user=0.01 sys=0.00, real=0.00 secs] 
2488.556: [GC (Allocation Failure) [PSYoungGen: 69472K->1376K(70144K)] 408745K->340649K(761856K), 0.0020530 secs] [Times: user=0.01 sys=0.00, real=0.01 secs] 
2489.167: [GC (Allocation Failure) [PSYoungGen: 69472K->1344K(70144K)] 408745K->340617K(761856K), 0.0023531 secs] [Times: user=0.01 sys=0.00, real=0.01 secs] 
2489.426: [GC (Allocation Failure) [PSYoungGen: 69440K->1437K(70144K)] 408713K->340711K(761856K), 0.0015595 secs] [Times: user=0.01 sys=0.00, real=0.00 secs] 
2489.545: [GC (Allocation Failure) [PSYoungGen: 69533K->1469K(70144K)] 408807K->340743K(761856K), 0.0017031 secs] [Times: user=0.01 sys=0.00, real=0.00 secs] 
2489.667: [GC (Allocation Failure) [PSYoungGen: 69565K->1504K(70144K)] 408839K->340778K(761856K), 0.0015411 secs] [Times: user=0.00 sys=0.00, real=0.01 secs] 
2489.850: [GC (Allocation Failure) [PSYoungGen: 69600K->1584K(70144K)] 408874K->340857K(761856K), 0.0018908 secs] [Times: user=0.00 sys=0.00, real=0.00 secs] 
2490.731: [GC (Allocation Failure) [PSYoungGen: 69680K->1376K(70144K)] 408953K->340649K(761856K), 0.0018875 secs] [Times: user=0.01 sys=0.00, real=0.00 secs] 
2491.605: [GC (Allocation Failure) [PSYoungGen: 69472K->1376K(70144K)] 408745K->340649K(761856K), 0.0020440 secs] [Times: user=0.01 sys=0.00, real=0.00 secs] 
2492.302: [GC (Allocation Failure) [PSYoungGen: 69472K->1376K(70144K)] 408745K->340649K(761856K), 0.0019004 secs] [Times: user=0.01 sys=0.00, real=0.00 secs] 
2493.296: [GC (Allocation Failure) [PSYoungGen: 69472K->1344K(70144K)] 408745K->340617K(761856K), 0.0020307 secs] [Times: user=0.01 sys=0.00, real=0.01 secs] 
2493.544: [GC (Allocation Failure) [PSYoungGen: 69440K->1485K(70144K)] 408713K->340759K(761856K), 0.0015478 secs] [Times: user=0.01 sys=0.00, real=0.00 secs] 
2493.664: [GC (Allocation Failure) [PSYoungGen: 69581K->1504K(70144K)] 408855K->340778K(761856K), 0.0015351 secs] [Times: user=0.01 sys=0.00, real=0.00 secs] 
2493.784: [GC (Allocation Failure) [PSYoungGen: 69600K->1424K(70144K)] 408874K->340722K(761856K), 0.0015622 secs] [Times: user=0.01 sys=0.00, real=0.00 secs] 
2494.104: [GC (Allocation Failure) [PSYoungGen: 69520K->1984K(70144K)] 408818K->341281K(761856K), 0.0018788 secs] [Times: user=0.01 sys=0.00, real=0.00 secs] 
2494.415: [GC (Allocation Failure) [PSYoungGen: 70080K->1408K(70144K)] 409377K->340705K(761856K), 0.0019261 secs] [Times: user=0.01 sys=0.00, real=0.00 secs] 
2494.886: [GC (Allocation Failure) [PSYoungGen: 69504K->1408K(70144K)] 408801K->340705K(761856K), 0.0018746 secs] [Times: user=0.00 sys=0.00, real=0.01 secs] 
2495.396: [GC (Allocation Failure) [PSYoungGen: 69504K->1408K(70144K)] 408801K->340705K(761856K), 0.0017876 secs] [Times: user=0.00 sys=0.00, real=0.00 secs] 
2495.927: [GC (Allocation Failure) [PSYoungGen: 69504K->1344K(70144K)] 408801K->340641K(761856K), 0.0017437 secs] [Times: user=0.01 sys=0.00, real=0.01 secs] 
2496.097: [GC (Allocation Failure) [PSYoungGen: 69440K->1504K(70144K)] 408737K->340802K(761856K), 0.0015814 secs] [Times: user=0.01 sys=0.00, real=0.01 secs] 
2496.217: [GC (Allocation Failure) [PSYoungGen: 69600K->1488K(70144K)] 408898K->340786K(761856K), 0.0016041 secs] [Times: user=0.00 sys=0.00, real=0.01 secs] 
2496.336: [GC (Allocation Failure) [PSYoungGen: 69584K->1437K(70144K)] 408882K->340751K(761856K), 0.0015360 secs] [Times: user=0.00 sys=0.00, real=0.00 secs] 
2496.537: [GC (Allocation Failure) [PSYoungGen: 69533K->1456K(70144K)] 408847K->340769K(761856K), 0.0019344 secs] [Times: user=0.01 sys=0.00, real=0.01 secs] 
2496.939: [GC (Allocation Failure) [PSYoungGen: 69552K->1376K(70144K)] 408865K->340689K(761856K), 0.0018321 secs] [Times: user=0.01 sys=0.00, real=0.00 secs] 
2497.448: [GC (Allocation Failure) [PSYoungGen: 69472K->1408K(70144K)] 408785K->340721K(761856K), 0.0018393 secs] [Times: user=0.00 sys=0.00, real=0.01 secs] 
2497.976: [GC (Allocation Failure) [PSYoungGen: 69504K->1360K(70144K)] 408817K->340673K(761856K), 0.0017705 secs] [Times: user=0.00 sys=0.00, real=0.00 secs] 
2498.808: [GC (Allocation Failure) [PSYoungGen: 69456K->1453K(70144K)] 408769K->340767K(761856K), 0.0020755 secs] [Times: user=0.01 sys=0.00, real=0.00 secs] 
2498.960: [GC (Allocation Failure) [PSYoungGen: 69549K->1501K(70144K)] 408863K->340815K(761856K), 0.0017049 secs] [Times: user=0.01 sys=0.00, real=0.00 secs] 
2499.085: [GC (Allocation Failure) [PSYoungGen: 69597K->1456K(70144K)] 408911K->340770K(761856K), 0.0015669 secs] [Times: user=0.01 sys=0.00, real=0.00 secs] 
2499.208: [GC (Allocation Failure) [PSYoungGen: 69552K->1456K(70144K)] 408866K->340778K(761856K), 0.0015302 secs] [Times: user=0.01 sys=0.00, real=0.00 secs] 
2499.478: [GC (Allocation Failure) [PSYoungGen: 69552K->1472K(70144K)] 408874K->340793K(761856K), 0.0019591 secs] [Times: user=0.01 sys=0.00, real=0.00 secs] 
2500.125: [GC (Allocation Failure) [PSYoungGen: 69568K->1376K(70144K)] 408889K->340697K(761856K), 0.0029706 secs] [Times: user=0.01 sys=0.00, real=0.01 secs] 
2500.689: [GC (Allocation Failure) [PSYoungGen: 69472K->1376K(70144K)] 408793K->340697K(761856K), 0.0031391 secs] [Times: user=0.01 sys=0.01, real=0.00 secs] 
2501.390: [GC (Allocation Failure) [PSYoungGen: 69472K->1408K(70144K)] 408793K->340729K(761856K), 0.0031531 secs] [Times: user=0.01 sys=0.00, real=0.00 secs] 
2502.035: [GC (Allocation Failure) [PSYoungGen: 69504K->1437K(70144K)] 408825K->340759K(761856K), 0.0025167 secs] [Times: user=0.01 sys=0.00, real=0.00 secs] 
2502.201: [GC (Allocation Failure) [PSYoungGen: 69533K->1533K(70144K)] 408855K->340855K(761856K), 0.0015432 secs] [Times: user=0.00 sys=0.00, real=0.00 secs] 
2502.321: [GC (Allocation Failure) [PSYoungGen: 69629K->1533K(70144K)] 408951K->340855K(761856K), 0.0015369 secs] [Times: user=0.00 sys=0.00, real=0.00 secs] 
2502.459: [GC (Allocation Failure) [PSYoungGen: 69629K->1488K(70144K)] 408951K->340818K(761856K), 0.0018759 secs] [Times: user=0.00 sys=0.00, real=0.00 secs] 
2502.864: [GC (Allocation Failure) [PSYoungGen: 69584K->1440K(70144K)] 408914K->340769K(761856K), 0.0020981 secs] [Times: user=0.01 sys=0.00, real=0.00 secs] 
2503.609: [GC (Allocation Failure) [PSYoungGen: 69536K->1344K(70144K)] 408865K->340689K(761856K), 0.0034587 secs] [Times: user=0.01 sys=0.00, real=0.00 secs] 
2503.898: [GC (Allocation Failure) [PSYoungGen: 69440K->1344K(70144K)] 408785K->340689K(761856K), 0.0018502 secs] [Times: user=0.01 sys=0.00, real=0.00 secs] 
2504.182: [GC (Allocation Failure) [PSYoungGen: 69440K->1376K(70144K)] 408785K->340721K(761856K), 0.0018433 secs] [Times: user=0.01 sys=0.00, real=0.00 secs] 
2504.561: [GC (Allocation Failure) [PSYoungGen: 69472K->1424K(70144K)] 408817K->340770K(761856K), 0.0019270 secs] [Times: user=0.01 sys=0.00, real=0.00 secs] 
2504.687: [GC (Allocation Failure) [PSYoungGen: 69520K->1469K(70144K)] 408866K->340815K(761856K), 0.0015774 secs] [Times: user=0.00 sys=0.00, real=0.01 secs] 
2504.808: [GC (Allocation Failure) [PSYoungGen: 69565K->1488K(70144K)] 408911K->340834K(761856K), 0.0015552 secs] [Times: user=0.00 sys=0.00, real=0.00 secs] 
2504.927: [GC (Allocation Failure) [PSYoungGen: 69584K->1501K(70144K)] 408930K->340871K(761856K), 0.0015932 secs] [Times: user=0.01 sys=0.00, real=0.01 secs] 
2505.206: [GC (Allocation Failure) [PSYoungGen: 69597K->1440K(69632K)] 408967K->340809K(761344K), 0.0018871 secs] [Times: user=0.01 sys=0.00, real=0.00 secs] 
2505.757: [GC (Allocation Failure) [PSYoungGen: 69536K->1392K(69632K)] 408905K->340761K(761344K), 0.0022756 secs] [Times: user=0.01 sys=0.00, real=0.01 secs] 
2506.248: [GC (Allocation Failure) [PSYoungGen: 69488K->1408K(69632K)] 408857K->340777K(761344K), 0.0019946 secs] [Times: user=0.00 sys=0.00, real=0.00 secs] 
2506.559: [GC (Allocation Failure) [PSYoungGen: 69504K->1408K(69632K)] 408873K->340777K(761344K), 0.0022621 secs] [Times: user=0.01 sys=0.00, real=0.00 secs] 
2506.969: [GC (Allocation Failure) [PSYoungGen: 69504K->1392K(69632K)] 408873K->340762K(761344K), 0.0019876 secs] [Times: user=0.01 sys=0.00, real=0.00 secs] 
2507.106: [GC (Allocation Failure) [PSYoungGen: 69488K->1472K(69632K)] 408858K->340842K(761344K), 0.0016381 secs] [Times: user=0.00 sys=0.00, real=0.00 secs] 
2507.226: [GC (Allocation Failure) [PSYoungGen: 69568K->1501K(69632K)] 408938K->340871K(761344K), 0.0015554 secs] [Times: user=0.00 sys=0.00, real=0.00 secs] 
2507.346: [GC (Allocation Failure) [PSYoungGen: 69597K->1469K(73728K)] 408967K->340863K(765440K), 0.0016394 secs] [Times: user=0.01 sys=0.00, real=0.00 secs] 
2507.835: [GC (Allocation Failure) [PSYoungGen: 73149K->1424K(72704K)] 412543K->340817K(764416K), 0.0019791 secs] [Times: user=0.01 sys=0.00, real=0.00 secs] 
2508.739: [GC (Allocation Failure) [PSYoungGen: 72592K->1376K(72192K)] 411985K->340769K(763904K), 0.0039767 secs] [Times: user=0.01 sys=0.00, real=0.00 secs] 
2509.657: [GC (Allocation Failure) [PSYoungGen: 72032K->1392K(71680K)] 411425K->340785K(763392K), 0.0027040 secs] [Times: user=0.01 sys=0.00, real=0.01 secs] 
2510.428: [GC (Allocation Failure) [PSYoungGen: 71536K->1376K(71168K)] 410929K->340769K(762880K), 0.0030711 secs] [Times: user=0.01 sys=0.00, real=0.01 secs] 
2510.799: [GC (Allocation Failure) [PSYoungGen: 71008K->1504K(70656K)] 410401K->340898K(762368K), 0.0019889 secs] [Times: user=0.00 sys=0.00, real=0.00 secs] 
2510.943: [GC (Allocation Failure) [PSYoungGen: 70624K->1568K(70656K)] 410018K->340962K(762368K), 0.0017972 secs] [Times: user=0.00 sys=0.00, real=0.00 secs] 
2511.064: [GC (Allocation Failure) [PSYoungGen: 70149K->493K(68608K)] 409543K->340911K(760320K), 0.0016786 secs] [Times: user=0.01 sys=0.00, real=0.00 secs] 
2511.204: [GC (Allocation Failure) [PSYoungGen: 68589K->493K(70144K)] 409007K->340919K(761856K), 0.0017491 secs] [Times: user=0.00 sys=0.00, real=0.00 secs] 
2512.950: [GC (Allocation Failure) [PSYoungGen: 68589K->1376K(69632K)] 409015K->341801K(761344K), 0.0043379 secs] [Times: user=0.02 sys=0.00, real=0.00 secs] 
2514.222: [GC (Allocation Failure) [PSYoungGen: 69472K->1328K(69632K)] 409897K->341753K(761344K), 0.0033785 secs] [Times: user=0.01 sys=0.00, real=0.00 secs] 
2514.542: [GC (Allocation Failure) [PSYoungGen: 69424K->1376K(69632K)] 409849K->341801K(761344K), 0.0020449 secs] [Times: user=0.01 sys=0.00, real=0.00 secs] 
2515.000: [GC (Allocation Failure) [PSYoungGen: 69472K->1408K(69632K)] 409897K->341833K(761344K), 0.0020971 secs] [Times: user=0.01 sys=0.00, real=0.00 secs] 
2515.468: [GC (Allocation Failure) [PSYoungGen: 69504K->1389K(69632K)] 409929K->341815K(761344K), 0.0020750 secs] [Times: user=0.01 sys=0.00, real=0.00 secs] 
2515.659: [GC (Allocation Failure) [PSYoungGen: 69485K->1453K(69632K)] 409911K->341895K(761344K), 0.0022622 secs] [Times: user=0.01 sys=0.00, real=0.00 secs] 
2515.816: [GC (Allocation Failure) [PSYoungGen: 69549K->1488K(70144K)] 409991K->341930K(761856K), 0.0017969 secs] [Times: user=0.01 sys=0.00, real=0.00 secs] 
2515.938: [GC (Allocation Failure) [PSYoungGen: 69584K->1456K(70144K)] 410026K->341906K(761856K), 0.0015636 secs] [Times: user=0.01 sys=0.00, real=0.01 secs] 
2516.243: [GC (Allocation Failure) [PSYoungGen: 69552K->1360K(70144K)] 410002K->341809K(761856K), 0.0028388 secs] [Times: user=0.01 sys=0.00, real=0.00 secs] 
2516.576: [GC (Allocation Failure) [PSYoungGen: 69456K->1408K(70144K)] 409905K->341857K(761856K), 0.0017722 secs] [Times: user=0.01 sys=0.00, real=0.01 secs] 
2516.859: [GC (Allocation Failure) [PSYoungGen: 69504K->1376K(70144K)] 409953K->341825K(761856K), 0.0017934 secs] [Times: user=0.00 sys=0.00, real=0.00 secs] 
2517.162: [GC (Allocation Failure) [PSYoungGen: 69472K->1328K(70144K)] 409921K->341777K(761856K), 0.0018779 secs] [Times: user=0.01 sys=0.00, real=0.00 secs] 
2517.863: [GC (Allocation Failure) [PSYoungGen: 69424K->1424K(70144K)] 409873K->341874K(761856K), 0.0019695 secs] [Times: user=0.01 sys=0.00, real=0.00 secs] 
2517.990: [GC (Allocation Failure) [PSYoungGen: 69520K->1472K(70144K)] 409970K->341922K(761856K), 0.0016154 secs] [Times: user=0.00 sys=0.00, real=0.00 secs] 
2518.110: [GC (Allocation Failure) [PSYoungGen: 69568K->1488K(70144K)] 410018K->341938K(761856K), 0.0017904 secs] [Times: user=0.00 sys=0.00, real=0.00 secs] 
2518.248: [GC (Allocation Failure) [PSYoungGen: 69584K->1485K(70144K)] 410034K->341943K(761856K), 0.0019361 secs] [Times: user=0.01 sys=0.00, real=0.01 secs] 
2518.555: [GC (Allocation Failure) [PSYoungGen: 69581K->1440K(69632K)] 410039K->341897K(761344K), 0.0020030 secs] [Times: user=0.01 sys=0.00, real=0.00 secs] 
2518.944: [GC (Allocation Failure) [PSYoungGen: 69536K->1440K(69632K)] 409993K->341897K(761344K), 0.0023059 secs] [Times: user=0.01 sys=0.00, real=0.00 secs] 
2519.713: [GC (Allocation Failure) [PSYoungGen: 69536K->1344K(69632K)] 409993K->341801K(761344K), 0.0023681 secs] [Times: user=0.01 sys=0.00, real=0.00 secs] 
2520.512: [GC (Allocation Failure) [PSYoungGen: 69440K->1376K(69632K)] 409897K->341833K(761344K), 0.0024719 secs] [Times: user=0.01 sys=0.00, real=0.00 secs] 
2520.954: [GC (Allocation Failure) [PSYoungGen: 69472K->1456K(69632K)] 409929K->341914K(761344K), 0.0015635 secs] [Times: user=0.00 sys=0.00, real=0.00 secs] 
2521.072: [GC (Allocation Failure) [PSYoungGen: 69525K->1517K(74752K)] 409983K->341975K(766464K), 0.0036115 secs] [Times: user=0.02 sys=0.00, real=0.00 secs] 
2521.205: [GC (Allocation Failure) [PSYoungGen: 74221K->1565K(77824K)] 414679K->342031K(769536K), 0.0016093 secs] [Times: user=0.01 sys=0.00, real=0.00 secs] 
2521.404: [GC (Allocation Failure) [PSYoungGen: 77091K->1968K(77824K)] 417557K->342434K(769536K), 0.0018778 secs] [Times: user=0.00 sys=0.00, real=0.00 secs] 
2521.717: [GC (Allocation Failure) [PSYoungGen: 77744K->1344K(76800K)] 418210K->341825K(768512K), 0.0017695 secs] [Times: user=0.00 sys=0.00, real=0.01 secs] 
2522.030: [GC (Allocation Failure) [PSYoungGen: 76608K->1408K(76288K)] 417089K->341889K(768000K), 0.0021249 secs] [Times: user=0.01 sys=0.00, real=0.00 secs] 
2522.355: [GC (Allocation Failure) [PSYoungGen: 76160K->1344K(75776K)] 416641K->341825K(767488K), 0.0017401 secs] [Times: user=0.01 sys=0.00, real=0.00 secs] 
2522.622: [GC (Allocation Failure) [PSYoungGen: 75584K->1453K(75264K)] 416065K->341935K(766976K), 0.0017752 secs] [Times: user=0.01 sys=0.00, real=0.00 secs] 
2522.751: [GC (Allocation Failure) [PSYoungGen: 75181K->1501K(74752K)] 415663K->341983K(766464K), 0.0016334 secs] [Times: user=0.01 sys=0.00, real=0.00 secs] 
2522.879: [GC (Allocation Failure) [PSYoungGen: 74717K->1501K(74240K)] 415199K->341983K(765952K), 0.0017336 secs] [Times: user=0.00 sys=0.00, real=0.00 secs] 
2523.009: [GC (Allocation Failure) [PSYoungGen: 74205K->1504K(81920K)] 414687K->341986K(773632K), 0.0017349 secs] [Times: user=0.00 sys=0.00, real=0.00 secs] 
2523.340: [GC (Allocation Failure) [PSYoungGen: 81888K->1440K(81408K)] 422370K->341921K(773120K), 0.0020137 secs] [Times: user=0.01 sys=0.00, real=0.00 secs] 
2523.672: [GC (Allocation Failure) [PSYoungGen: 81312K->1408K(80896K)] 421793K->341889K(772608K), 0.0016017 secs] [Times: user=0.01 sys=0.00, real=0.00 secs] 
2524.001: [GC (Allocation Failure) [PSYoungGen: 80768K->1376K(80384K)] 421249K->341857K(772096K), 0.0018420 secs] [Times: user=0.00 sys=0.00, real=0.00 secs] 
2524.333: [GC (Allocation Failure) [PSYoungGen: 80224K->1504K(79872K)] 420705K->341986K(771584K), 0.0016223 secs] [Times: user=0.01 sys=0.00, real=0.00 secs] 
2524.472: [GC (Allocation Failure) [PSYoungGen: 79840K->1501K(79360K)] 420322K->341983K(771072K), 0.0016581 secs] [Times: user=0.01 sys=0.00, real=0.00 secs] 
2524.632: [GC (Allocation Failure) [PSYoungGen: 79325K->1520K(78848K)] 419807K->342002K(770560K), 0.0019724 secs] [Times: user=0.00 sys=0.00, real=0.00 secs] 
2524.807: [GC (Allocation Failure) [PSYoungGen: 78832K->1549K(78848K)] 419314K->342031K(770560K), 0.0021401 secs] [Times: user=0.01 sys=0.00, real=0.01 secs] 
2525.791: [GC (Allocation Failure) [PSYoungGen: 78349K->1376K(77824K)] 418831K->341857K(769536K), 0.0026594 secs] [Times: user=0.01 sys=0.00, real=0.00 secs] 
2526.561: [GC (Allocation Failure) [PSYoungGen: 77664K->1296K(77312K)] 418145K->341777K(769024K), 0.0022759 secs] [Times: user=0.01 sys=0.00, real=0.00 secs] 
2527.673: [GC (Allocation Failure) [PSYoungGen: 77072K->1344K(76800K)] 417553K->341825K(768512K), 0.0028653 secs] [Times: user=0.01 sys=0.00, real=0.00 secs] 
2528.688: [GC (Allocation Failure) [PSYoungGen: 76608K->1453K(76288K)] 417089K->341935K(768000K), 0.0023797 secs] [Times: user=0.01 sys=0.00, real=0.00 secs] 
2528.860: [GC (Allocation Failure) [PSYoungGen: 76205K->1472K(75776K)] 416687K->341954K(767488K), 0.0016736 secs] [Times: user=0.01 sys=0.00, real=0.00 secs] 
2528.994: [GC (Allocation Failure) [PSYoungGen: 75712K->1520K(75264K)] 416194K->342002K(766976K), 0.0016161 secs] [Times: user=0.01 sys=0.00, real=0.00 secs] 
2529.123: [GC (Allocation Failure) [PSYoungGen: 75248K->1504K(74752K)] 415730K->342018K(766464K), 0.0015644 secs] [Times: user=0.01 sys=0.00, real=0.00 secs] 
2529.465: [GC (Allocation Failure) [PSYoungGen: 74720K->1408K(74240K)] 415234K->341921K(765952K), 0.0022024 secs] [Times: user=0.01 sys=0.00, real=0.00 secs] 
2529.775: [GC (Allocation Failure) [PSYoungGen: 74112K->1408K(73728K)] 414625K->341921K(765440K), 0.0018589 secs] [Times: user=0.01 sys=0.00, real=0.00 secs] 
2530.078: [GC (Allocation Failure) [PSYoungGen: 73600K->1408K(73216K)] 414113K->341921K(764928K), 0.0020386 secs] [Times: user=0.01 sys=0.00, real=0.00 secs] 
2530.392: [GC (Allocation Failure) [PSYoungGen: 73088K->1408K(72704K)] 413601K->341921K(764416K), 0.0020501 secs] [Times: user=0.01 sys=0.00, real=0.00 secs] 
2530.590: [GC (Allocation Failure) [PSYoungGen: 72576K->1485K(72192K)] 413089K->341999K(763904K), 0.0016416 secs] [Times: user=0.01 sys=0.00, real=0.00 secs] 
2530.715: [GC (Allocation Failure) [PSYoungGen: 72141K->1469K(71680K)] 412655K->341983K(763392K), 0.0015539 secs] [Times: user=0.01 sys=0.00, real=0.00 secs] 
2530.838: [GC (Allocation Failure) [PSYoungGen: 71587K->1456K(71168K)] 412101K->341970K(762880K), 0.0017103 secs] [Times: user=0.01 sys=0.00, real=0.00 secs] 
2531.036: [GC (Allocation Failure) [PSYoungGen: 71088K->1456K(70656K)] 411602K->341969K(762368K), 0.0019142 secs] [Times: user=0.01 sys=0.00, real=0.01 secs] 
2531.498: [GC (Allocation Failure) [PSYoungGen: 70576K->1376K(70144K)] 411089K->341889K(761856K), 0.0019805 secs] [Times: user=0.01 sys=0.00, real=0.00 secs] 
2532.045: [GC (Allocation Failure) [PSYoungGen: 69984K->1344K(69632K)] 410497K->341857K(761344K), 0.0017813 secs] [Times: user=0.01 sys=0.00, real=0.00 secs] 
2532.592: [GC (Allocation Failure) [PSYoungGen: 69440K->1328K(69632K)] 409953K->341865K(761344K), 0.0020419 secs] [Times: user=0.01 sys=0.00, real=0.00 secs] 
2533.128: [GC (Allocation Failure) [PSYoungGen: 69424K->1424K(70144K)] 409961K->341962K(761856K), 0.0021171 secs] [Times: user=0.01 sys=0.00, real=0.01 secs] 
2533.279: [GC (Allocation Failure) [PSYoungGen: 69520K->1504K(70144K)] 410058K->342042K(761856K), 0.0015506 secs] [Times: user=0.00 sys=0.00, real=0.00 secs] 
2533.398: [GC (Allocation Failure) [PSYoungGen: 69600K->1533K(70144K)] 410138K->342071K(761856K), 0.0015507 secs] [Times: user=0.01 sys=0.00, real=0.00 secs] 
2533.537: [GC (Allocation Failure) [PSYoungGen: 69629K->1453K(70144K)] 410167K->341991K(761856K), 0.0018688 secs] [Times: user=0.01 sys=0.00, real=0.01 secs] 
2534.715: [GC (Allocation Failure) [PSYoungGen: 69549K->1424K(70144K)] 410087K->341969K(761856K), 0.0042985 secs] [Times: user=0.01 sys=0.00, real=0.01 secs] 
2537.135: [GC (Allocation Failure) [PSYoungGen: 69520K->1328K(70144K)] 410065K->341873K(761856K), 0.0040023 secs] [Times: user=0.01 sys=0.00, real=0.01 secs] 
2538.446: [GC (Allocation Failure) [PSYoungGen: 69424K->1344K(70144K)] 409969K->341889K(761856K), 0.0039958 secs] [Times: user=0.02 sys=0.00, real=0.01 secs] 
2539.733: [GC (Allocation Failure) [PSYoungGen: 69440K->1376K(70144K)] 409985K->341921K(761856K), 0.0030120 secs] [Times: user=0.01 sys=0.01, real=0.00 secs] 
2540.455: [GC (GCLocker Initiated GC) [PSYoungGen: 69472K->1424K(70144K)] 410017K->341970K(761856K), 0.0031620 secs] [Times: user=0.02 sys=0.00, real=0.01 secs] 
2540.652: [GC (Allocation Failure) [PSYoungGen: 69520K->1472K(70144K)] 410069K->342021K(761856K), 0.0016792 secs] [Times: user=0.01 sys=0.00, real=0.00 secs] 
2540.773: [GC (Allocation Failure) [PSYoungGen: 69568K->1520K(70144K)] 410117K->342069K(761856K), 0.0016548 secs] [Times: user=0.01 sys=0.00, real=0.00 secs] 
2540.892: [GC (Allocation Failure) [PSYoungGen: 69616K->1533K(70144K)] 410165K->342090K(761856K), 0.0015676 secs] [Times: user=0.00 sys=0.00, real=0.00 secs] 
2542.222: [GC (Allocation Failure) [PSYoungGen: 69629K->1456K(70144K)] 410186K->342013K(761856K), 0.0039280 secs] [Times: user=0.02 sys=0.01, real=0.00 secs] 
2543.502: [GC (Allocation Failure) [PSYoungGen: 69552K->1440K(70144K)] 410109K->341997K(761856K), 0.0034287 secs] [Times: user=0.02 sys=0.00, real=0.00 secs] 
2543.886: [GC (Allocation Failure) [PSYoungGen: 69536K->1408K(70144K)] 410093K->341965K(761856K), 0.0026043 secs] [Times: user=0.01 sys=0.00, real=0.01 secs] 
2544.326: [GC (Allocation Failure) [PSYoungGen: 69504K->1408K(70144K)] 410061K->341965K(761856K), 0.0019518 secs] [Times: user=0.01 sys=0.00, real=0.01 secs] 
2544.769: [GC (Allocation Failure) [PSYoungGen: 69504K->1456K(70144K)] 410061K->342013K(761856K), 0.0019340 secs] [Times: user=0.01 sys=0.00, real=0.00 secs] 
2544.899: [GC (Allocation Failure) [PSYoungGen: 69552K->1565K(70144K)] 410109K->342122K(761856K), 0.0015605 secs] [Times: user=0.00 sys=0.00, real=0.00 secs] 
2545.019: [GC (Allocation Failure) [PSYoungGen: 69661K->1504K(70144K)] 410218K->342061K(761856K), 0.0015781 secs] [Times: user=0.00 sys=0.00, real=0.00 secs] 
2545.139: [GC (Allocation Failure) [PSYoungGen: 69600K->1501K(70144K)] 410157K->342074K(761856K), 0.0015326 secs] [Times: user=0.00 sys=0.00, real=0.00 secs] 
2545.456: [GC (Allocation Failure) [PSYoungGen: 69597K->1472K(70144K)] 410170K->342045K(761856K), 0.0019657 secs] [Times: user=0.01 sys=0.00, real=0.00 secs] 
2545.917: [GC (Allocation Failure) [PSYoungGen: 69568K->1376K(70144K)] 410141K->341957K(761856K), 0.0021150 secs] [Times: user=0.01 sys=0.00, real=0.01 secs] 
2546.198: [GC (Allocation Failure) [PSYoungGen: 69472K->1440K(70144K)] 410053K->342021K(761856K), 0.0019753 secs] [Times: user=0.01 sys=0.00, real=0.00 secs] 
2546.481: [GC (Allocation Failure) [PSYoungGen: 69536K->1328K(70144K)] 410117K->341909K(761856K), 0.0023483 secs] [Times: user=0.01 sys=0.00, real=0.00 secs] 
2546.867: [GC (Allocation Failure) [PSYoungGen: 69424K->1485K(70144K)] 410005K->342066K(761856K), 0.0027090 secs] [Times: user=0.01 sys=0.00, real=0.01 secs] 
2547.046: [GC (Allocation Failure) [PSYoungGen: 69581K->1456K(70144K)] 410162K->342045K(761856K), 0.0015377 secs] [Times: user=0.00 sys=0.00, real=0.00 secs] 
2547.166: [GC (Allocation Failure) [PSYoungGen: 69552K->1472K(70144K)] 410141K->342061K(761856K), 0.0019292 secs] [Times: user=0.00 sys=0.00, real=0.00 secs] 
2547.286: [GC (Allocation Failure) [PSYoungGen: 69568K->1533K(70144K)] 410157K->342130K(761856K), 0.0016929 secs] [Times: user=0.00 sys=0.00, real=0.00 secs] 
2547.694: [GC (Allocation Failure) [PSYoungGen: 69629K->1456K(77312K)] 410226K->342053K(769024K), 0.0039216 secs] [Times: user=0.02 sys=0.00, real=0.01 secs] 
2548.426: [GC (Allocation Failure) [PSYoungGen: 76720K->1376K(76288K)] 417317K->341973K(768000K), 0.0028959 secs] [Times: user=0.01 sys=0.00, real=0.01 secs] 
2548.895: [GC (Allocation Failure) [PSYoungGen: 76128K->1376K(75776K)] 416725K->341973K(767488K), 0.0028722 secs] [Times: user=0.01 sys=0.00, real=0.01 secs] 
2549.577: [GC (Allocation Failure) [PSYoungGen: 75616K->1408K(75264K)] 416213K->342005K(766976K), 0.0030817 secs] [Times: user=0.01 sys=0.00, real=0.01 secs] 
2549.960: [GC (Allocation Failure) [PSYoungGen: 75136K->1517K(74752K)] 415733K->342114K(766464K), 0.0021574 secs] [Times: user=0.00 sys=0.00, real=0.00 secs] 
2550.102: [GC (Allocation Failure) [PSYoungGen: 74733K->1504K(74240K)] 415330K->342101K(765952K), 0.0016941 secs] [Times: user=0.01 sys=0.00, real=0.00 secs] 
2550.230: [GC (Allocation Failure) [PSYoungGen: 74208K->1472K(73728K)] 414805K->342069K(765440K), 0.0017216 secs] [Times: user=0.01 sys=0.00, real=0.00 secs] 
2550.603: [GC (Allocation Failure) [PSYoungGen: 73664K->1472K(73216K)] 414261K->342069K(764928K), 0.0020058 secs] [Times: user=0.01 sys=0.00, real=0.00 secs] 
2551.567: [GC (Allocation Failure) [PSYoungGen: 73152K->1344K(72704K)] 413749K->341941K(764416K), 0.0037558 secs] [Times: user=0.02 sys=0.00, real=0.01 secs] 
2552.120: [GC (Allocation Failure) [PSYoungGen: 72512K->1376K(72192K)] 413109K->341973K(763904K), 0.0026803 secs] [Times: user=0.01 sys=0.00, real=0.00 secs] 
2552.413: [GC (Allocation Failure) [PSYoungGen: 72032K->1376K(71680K)] 412629K->341973K(763392K), 0.0020668 secs] [Times: user=0.01 sys=0.00, real=0.00 secs] 
2552.697: [GC (Allocation Failure) [PSYoungGen: 71520K->1424K(71168K)] 412117K->342021K(762880K), 0.0020012 secs] [Times: user=0.00 sys=0.00, real=0.01 secs] 
2552.824: [GC (Allocation Failure) [PSYoungGen: 71051K->1472K(70656K)] 411648K->342069K(762368K), 0.0015904 secs] [Times: user=0.01 sys=0.00, real=0.00 secs] 
2552.948: [GC (Allocation Failure) [PSYoungGen: 70592K->1536K(70656K)] 411189K->342157K(762368K), 0.0016164 secs] [Times: user=0.01 sys=0.00, real=0.00 secs] 
2553.088: [GC (Allocation Failure) [PSYoungGen: 70120K->1453K(70656K)] 410741K->342074K(762368K), 0.0019405 secs] [Times: user=0.00 sys=0.00, real=0.01 secs] 
2553.334: [GC (Allocation Failure) [PSYoungGen: 70573K->1456K(70144K)] 411194K->342085K(761856K), 0.0021211 secs] [Times: user=0.01 sys=0.00, real=0.00 secs] 
2553.619: [GC (Allocation Failure) [PSYoungGen: 70064K->1440K(69632K)] 410693K->342069K(761344K), 0.0020686 secs] [Times: user=0.01 sys=0.00, real=0.00 secs] 
2553.902: [GC (Allocation Failure) [PSYoungGen: 69536K->1312K(70144K)] 410165K->341941K(761856K), 0.0019968 secs] [Times: user=0.00 sys=0.00, real=0.00 secs] 
2554.185: [GC (Allocation Failure) [PSYoungGen: 69408K->1408K(70144K)] 410037K->342037K(761856K), 0.0018383 secs] [Times: user=0.01 sys=0.00, real=0.00 secs] 
2554.571: [GC (Allocation Failure) [PSYoungGen: 69504K->1453K(70144K)] 410133K->342090K(761856K), 0.0019464 secs] [Times: user=0.01 sys=0.00, real=0.00 secs] 
2554.701: [GC (Allocation Failure) [PSYoungGen: 69549K->1536K(70144K)] 410186K->342173K(761856K), 0.0015650 secs] [Times: user=0.01 sys=0.00, real=0.00 secs] 
2554.838: [GC (Allocation Failure) [PSYoungGen: 69632K->1517K(70144K)] 410269K->342154K(761856K), 0.0018618 secs] [Times: user=0.01 sys=0.00, real=0.01 secs] 
2554.992: [GC (Allocation Failure) [PSYoungGen: 69613K->1485K(70144K)] 410250K->342130K(761856K), 0.0021207 secs] [Times: user=0.01 sys=0.00, real=0.00 secs] 
2555.554: [GC (Allocation Failure) [PSYoungGen: 69581K->1392K(70144K)] 410226K->342037K(761856K), 0.0025401 secs] [Times: user=0.01 sys=0.00, real=0.00 secs] 
2556.308: [GC (Allocation Failure) [PSYoungGen: 69488K->1376K(70144K)] 410133K->342021K(761856K), 0.0027698 secs] [Times: user=0.01 sys=0.00, real=0.01 secs] 
2556.961: [GC (Allocation Failure) [PSYoungGen: 69472K->1344K(70144K)] 410117K->341989K(761856K), 0.0027730 secs] [Times: user=0.01 sys=0.00, real=0.00 secs] 
2557.611: [GC (Allocation Failure) [PSYoungGen: 69440K->1376K(70144K)] 410085K->342021K(761856K), 0.0026635 secs] [Times: user=0.01 sys=0.00, real=0.00 secs] 
2558.109: [GC (Allocation Failure) [PSYoungGen: 69472K->1437K(70144K)] 410117K->342082K(761856K), 0.0018931 secs] [Times: user=0.01 sys=0.00, real=0.00 secs] 
2558.246: [GC (Allocation Failure) [PSYoungGen: 69533K->1533K(70144K)] 410178K->342178K(761856K), 0.0015611 secs] [Times: user=0.01 sys=0.00, real=0.00 secs] 
2558.367: [GC (Allocation Failure) [PSYoungGen: 69629K->1504K(70144K)] 410274K->342149K(761856K), 0.0014928 secs] [Times: user=0.01 sys=0.00, real=0.01 secs] 
2558.488: [GC (Allocation Failure) [PSYoungGen: 69600K->1533K(70144K)] 410245K->342186K(761856K), 0.0017767 secs] [Times: user=0.01 sys=0.00, real=0.00 secs] 
2559.233: [GC (Allocation Failure) [PSYoungGen: 69629K->1440K(70144K)] 410282K->342093K(761856K), 0.0021358 secs] [Times: user=0.01 sys=0.00, real=0.00 secs] 
2559.788: [GC (Allocation Failure) [PSYoungGen: 69536K->1376K(70144K)] 410189K->342029K(761856K), 0.0020140 secs] [Times: user=0.01 sys=0.00, real=0.00 secs] 
2560.099: [GC (Allocation Failure) [PSYoungGen: 69472K->1344K(70144K)] 410125K->341997K(761856K), 0.0018044 secs] [Times: user=0.01 sys=0.00, real=0.00 secs] 
2560.766: [GC (Allocation Failure) [PSYoungGen: 69440K->1408K(70144K)] 410093K->342061K(761856K), 0.0027740 secs] [Times: user=0.01 sys=0.00, real=0.01 secs] 
2561.264: [GC (Allocation Failure) [PSYoungGen: 69504K->1437K(70144K)] 410157K->342090K(761856K), 0.0018539 secs] [Times: user=0.01 sys=0.00, real=0.00 secs] 
2561.384: [GC (Allocation Failure) [PSYoungGen: 69533K->1485K(70144K)] 410186K->342138K(761856K), 0.0015292 secs] [Times: user=0.01 sys=0.00, real=0.00 secs] 
2561.522: [GC (Allocation Failure) [PSYoungGen: 69581K->1485K(70144K)] 410234K->342138K(761856K), 0.0018733 secs] [Times: user=0.01 sys=0.00, real=0.00 secs] 
2561.673: [GC (Allocation Failure) [PSYoungGen: 69581K->1533K(70144K)] 410234K->342194K(761856K), 0.0016163 secs] [Times: user=0.01 sys=0.00, real=0.00 secs] 
2562.368: [GC (Allocation Failure) [PSYoungGen: 69629K->1408K(70144K)] 410290K->342069K(761856K), 0.0020548 secs] [Times: user=0.01 sys=0.00, real=0.01 secs] 
2563.365: [GC (Allocation Failure) [PSYoungGen: 69504K->1376K(70144K)] 410165K->342037K(761856K), 0.0033766 secs] [Times: user=0.01 sys=0.00, real=0.01 secs] 
2563.932: [GC (Allocation Failure) [PSYoungGen: 69472K->1376K(70144K)] 410133K->342053K(761856K), 0.0024914 secs] [Times: user=0.01 sys=0.00, real=0.00 secs] 
2564.655: [GC (Allocation Failure) [PSYoungGen: 69472K->1344K(70144K)] 410149K->342021K(761856K), 0.0024572 secs] [Times: user=0.01 sys=0.00, real=0.00 secs] 
2565.285: [GC (Allocation Failure) [PSYoungGen: 69440K->1421K(70144K)] 410117K->342098K(761856K), 0.0020101 secs] [Times: user=0.01 sys=0.00, real=0.00 secs] 
2565.460: [GC (Allocation Failure) [PSYoungGen: 69517K->1453K(70144K)] 410194K->342130K(761856K), 0.0022738 secs] [Times: user=0.00 sys=0.00, real=0.00 secs] 
2565.654: [GC (Allocation Failure) [PSYoungGen: 69549K->1517K(70144K)] 410226K->342194K(761856K), 0.0022395 secs] [Times: user=0.01 sys=0.00, real=0.00 secs] 
2565.804: [GC (Allocation Failure) [PSYoungGen: 69613K->1440K(70144K)] 410290K->342125K(761856K), 0.0016249 secs] [Times: user=0.01 sys=0.00, real=0.00 secs] 
2566.593: [GC (Allocation Failure) [PSYoungGen: 69536K->1392K(70144K)] 410221K->342077K(761856K), 0.0040273 secs] [Times: user=0.02 sys=0.00, real=0.00 secs] 
2567.338: [GC (Allocation Failure) [PSYoungGen: 69488K->1344K(70144K)] 410173K->342037K(761856K), 0.0035496 secs] [Times: user=0.02 sys=0.00, real=0.01 secs] 
2567.957: [GC (Allocation Failure) [PSYoungGen: 69440K->1408K(70144K)] 410133K->342101K(761856K), 0.0035739 secs] [Times: user=0.01 sys=0.00, real=0.01 secs] 
2568.465: [GC (Allocation Failure) [PSYoungGen: 69504K->1408K(70144K)] 410197K->342101K(761856K), 0.0026167 secs] [Times: user=0.01 sys=0.00, real=0.00 secs] 
2568.674: [GC (Allocation Failure) [PSYoungGen: 69504K->1469K(70144K)] 410197K->342162K(761856K), 0.0017138 secs] [Times: user=0.01 sys=0.00, real=0.00 secs] 
2568.795: [GC (Allocation Failure) [PSYoungGen: 69565K->1568K(70144K)] 410258K->342261K(761856K), 0.0015608 secs] [Times: user=0.00 sys=0.00, real=0.00 secs] 
2568.917: [GC (Allocation Failure) [PSYoungGen: 69664K->1501K(70144K)] 410357K->342194K(761856K), 0.0015587 secs] [Times: user=0.00 sys=0.00, real=0.01 secs] 
2569.039: [GC (Allocation Failure) [PSYoungGen: 69597K->1501K(70144K)] 410290K->342202K(761856K), 0.0016683 secs] [Times: user=0.01 sys=0.01, real=0.00 secs] 
2569.342: [GC (Allocation Failure) [PSYoungGen: 69597K->1392K(70144K)] 410298K->342093K(761856K), 0.0019672 secs] [Times: user=0.01 sys=0.00, real=0.00 secs] 
2569.625: [GC (Allocation Failure) [PSYoungGen: 69488K->1392K(70144K)] 410189K->342093K(761856K), 0.0017597 secs] [Times: user=0.00 sys=0.00, real=0.00 secs] 
2569.908: [GC (Allocation Failure) [PSYoungGen: 69488K->1408K(70144K)] 410189K->342109K(761856K), 0.0018243 secs] [Times: user=0.00 sys=0.00, real=0.00 secs] 
2570.233: [GC (Allocation Failure) [PSYoungGen: 69504K->1408K(70144K)] 410205K->342109K(761856K), 0.0017876 secs] [Times: user=0.01 sys=0.00, real=0.00 secs] 
2570.443: [GC (Allocation Failure) [PSYoungGen: 69504K->1501K(70144K)] 410205K->342202K(761856K), 0.0015473 secs] [Times: user=0.01 sys=0.00, real=0.00 secs] 
2570.563: [GC (Allocation Failure) [PSYoungGen: 69597K->1456K(70144K)] 410298K->342157K(761856K), 0.0015636 secs] [Times: user=0.00 sys=0.00, real=0.00 secs] 
2570.683: [GC (Allocation Failure) [PSYoungGen: 69552K->1472K(70144K)] 410253K->342173K(761856K), 0.0015877 secs] [Times: user=0.00 sys=0.00, real=0.00 secs] 
2570.803: [GC (Allocation Failure) [PSYoungGen: 69568K->1488K(70144K)] 410269K->342197K(761856K), 0.0016134 secs] [Times: user=0.01 sys=0.00, real=0.00 secs] 
2571.129: [GC (Allocation Failure) [PSYoungGen: 69584K->1440K(70144K)] 410293K->342173K(761856K), 0.0018436 secs] [Times: user=0.00 sys=0.00, real=0.00 secs] 
2571.412: [GC (Allocation Failure) [PSYoungGen: 69536K->1376K(70144K)] 410269K->342109K(761856K), 0.0018731 secs] [Times: user=0.00 sys=0.00, real=0.00 secs] 
2571.694: [GC (Allocation Failure) [PSYoungGen: 69472K->1376K(70144K)] 410205K->342109K(761856K), 0.0018864 secs] [Times: user=0.01 sys=0.00, real=0.00 secs] 
2571.977: [GC (Allocation Failure) [PSYoungGen: 69472K->1376K(70144K)] 410205K->342109K(761856K), 0.0018599 secs] [Times: user=0.00 sys=0.00, real=0.01 secs] 
2572.305: [GC (Allocation Failure) [PSYoungGen: 69472K->1456K(70144K)] 410205K->342189K(761856K), 0.0015772 secs] [Times: user=0.01 sys=0.00, real=0.00 secs] 
2572.442: [GC (Allocation Failure) [PSYoungGen: 69552K->1453K(70144K)] 410285K->342186K(761856K), 0.0018687 secs] [Times: user=0.00 sys=0.00, real=0.00 secs] 
2572.593: [GC (Allocation Failure) [PSYoungGen: 69549K->1485K(70144K)] 410282K->342218K(761856K), 0.0019442 secs] [Times: user=0.01 sys=0.00, real=0.00 secs] 
2572.749: [GC (Allocation Failure) [PSYoungGen: 69581K->1504K(70144K)] 410314K->342245K(761856K), 0.0016549 secs] [Times: user=0.01 sys=0.00, real=0.00 secs] 
2573.052: [GC (Allocation Failure) [PSYoungGen: 69600K->1440K(70144K)] 410341K->342181K(761856K), 0.0020543 secs] [Times: user=0.01 sys=0.00, real=0.00 secs] 
2573.335: [GC (Allocation Failure) [PSYoungGen: 69536K->1344K(70144K)] 410277K->342085K(761856K), 0.0020060 secs] [Times: user=0.01 sys=0.00, real=0.00 secs] 
2573.618: [GC (Allocation Failure) [PSYoungGen: 69440K->1360K(70144K)] 410181K->342101K(761856K), 0.0019377 secs] [Times: user=0.01 sys=0.00, real=0.00 secs] 
2573.901: [GC (Allocation Failure) [PSYoungGen: 69456K->1312K(70144K)] 410197K->342053K(761856K), 0.0019875 secs] [Times: user=0.01 sys=0.00, real=0.00 secs] 
2574.087: [GC (Allocation Failure) [PSYoungGen: 69408K->1469K(70144K)] 410149K->342210K(761856K), 0.0015513 secs] [Times: user=0.01 sys=0.00, real=0.01 secs] 
2574.208: [GC (Allocation Failure) [PSYoungGen: 69565K->1469K(70144K)] 410306K->342210K(761856K), 0.0015642 secs] [Times: user=0.01 sys=0.00, real=0.01 secs] 
2574.329: [GC (Allocation Failure) [PSYoungGen: 69565K->1456K(70144K)] 410306K->342197K(761856K), 0.0016525 secs] [Times: user=0.01 sys=0.00, real=0.00 secs] 
2574.449: [GC (Allocation Failure) [PSYoungGen: 69268K->256K(77312K)] 410009K->341005K(769024K), 0.0017260 secs] [Times: user=0.00 sys=0.00, real=0.00 secs] 
2575.552: [GC (Allocation Failure) [PSYoungGen: 75520K->1376K(76288K)] 416269K->342125K(768000K), 0.0018489 secs] [Times: user=0.01 sys=0.00, real=0.00 secs] 
2576.629: [GC (Allocation Failure) [PSYoungGen: 76128K->1344K(75776K)] 416877K->342093K(767488K), 0.0025824 secs] [Times: user=0.01 sys=0.00, real=0.00 secs] 
2577.546: [GC (Allocation Failure) [PSYoungGen: 75584K->1376K(75264K)] 416333K->342133K(766976K), 0.0027908 secs] [Times: user=0.01 sys=0.00, real=0.01 secs] 
2578.221: [GC (Allocation Failure) [PSYoungGen: 75104K->1453K(74752K)] 415861K->342210K(766464K), 0.0022900 secs] [Times: user=0.00 sys=0.00, real=0.00 secs] 
2578.385: [GC (Allocation Failure) [PSYoungGen: 74669K->1469K(74240K)] 415426K->342226K(765952K), 0.0016943 secs] [Times: user=0.00 sys=0.00, real=0.00 secs] 
2578.513: [GC (Allocation Failure) [PSYoungGen: 74173K->1501K(73728K)] 414930K->342258K(765440K), 0.0017003 secs] [Times: user=0.00 sys=0.00, real=0.00 secs] 
2578.640: [GC (Allocation Failure) [PSYoungGen: 73693K->1520K(73216K)] 414450K->342277K(764928K), 0.0016778 secs] [Times: user=0.01 sys=0.00, real=0.00 secs] 
2579.670: [GC (Allocation Failure) [PSYoungGen: 73200K->1424K(72704K)] 413957K->342181K(764416K), 0.0041551 secs] [Times: user=0.01 sys=0.00, real=0.00 secs] 
2580.246: [GC (Allocation Failure) [PSYoungGen: 72592K->1376K(72192K)] 413349K->342133K(763904K), 0.0020198 secs] [Times: user=0.00 sys=0.00, real=0.00 secs] 
2580.570: [GC (Allocation Failure) [PSYoungGen: 72032K->1376K(71680K)] 412789K->342133K(763392K), 0.0019682 secs] [Times: user=0.01 sys=0.00, real=0.00 secs] 
2581.066: [GC (Allocation Failure) [PSYoungGen: 71520K->1344K(71168K)] 412277K->342101K(762880K), 0.0022588 secs] [Times: user=0.01 sys=0.00, real=0.01 secs] 
2581.378: [GC (Allocation Failure) [PSYoungGen: 70976K->1504K(70656K)] 411733K->342261K(762368K), 0.0015999 secs] [Times: user=0.01 sys=0.00, real=0.01 secs] 
2581.505: [GC (Allocation Failure) [PSYoungGen: 70624K->1472K(70144K)] 411381K->342229K(761856K), 0.0016855 secs] [Times: user=0.01 sys=0.00, real=0.00 secs] 
2581.625: [GC (Allocation Failure) [PSYoungGen: 70072K->1533K(69632K)] 410829K->342290K(761344K), 0.0016203 secs] [Times: user=0.01 sys=0.00, real=0.00 secs] 
2581.746: [GC (Allocation Failure) [PSYoungGen: 69629K->1536K(70144K)] 410386K->342301K(761856K), 0.0015767 secs] [Times: user=0.00 sys=0.00, real=0.00 secs] 
2582.541: [GC (Allocation Failure) [PSYoungGen: 69632K->1440K(70144K)] 410397K->342205K(761856K), 0.0019571 secs] [Times: user=0.01 sys=0.00, real=0.00 secs] 
2582.824: [GC (Allocation Failure) [PSYoungGen: 69536K->1376K(70144K)] 410301K->342141K(761856K), 0.0020671 secs] [Times: user=0.01 sys=0.00, real=0.00 secs] 
2583.304: [GC (Allocation Failure) [PSYoungGen: 69472K->1408K(70144K)] 410237K->342189K(761856K), 0.0020744 secs] [Times: user=0.01 sys=0.00, real=0.00 secs] 
2583.842: [GC (Allocation Failure) [PSYoungGen: 69504K->1312K(70144K)] 410285K->342093K(761856K), 0.0025745 secs] [Times: user=0.02 sys=0.00, real=0.00 secs] 
2584.106: [GC (Allocation Failure) [PSYoungGen: 69408K->1453K(70144K)] 410189K->342234K(761856K), 0.0018935 secs] [Times: user=0.01 sys=0.00, real=0.00 secs] 
2584.226: [GC (Allocation Failure) [PSYoungGen: 69549K->1501K(70144K)] 410330K->342282K(761856K), 0.0015549 secs] [Times: user=0.01 sys=0.00, real=0.00 secs] 
2584.345: [GC (Allocation Failure) [PSYoungGen: 69597K->1504K(70144K)] 410378K->342285K(761856K), 0.0017355 secs] [Times: user=0.00 sys=0.00, real=0.00 secs] 
2584.466: [GC (Allocation Failure) [PSYoungGen: 69600K->128K(70144K)] 410381K->340917K(761856K), 0.0015175 secs] [Times: user=0.01 sys=0.00, real=0.00 secs] 
2585.644: [GC (Allocation Failure) [PSYoungGen: 68224K->1408K(69632K)] 409013K->342197K(761344K), 0.0028504 secs] [Times: user=0.01 sys=0.00, real=0.00 secs] 
2586.308: [GC (Allocation Failure) [PSYoungGen: 69504K->1440K(69632K)] 410293K->342229K(761344K), 0.0033397 secs] [Times: user=0.01 sys=0.00, real=0.01 secs] 
2587.342: [GC (Allocation Failure) [PSYoungGen: 69536K->1376K(69632K)] 410325K->342165K(761344K), 0.0033891 secs] [Times: user=0.01 sys=0.00, real=0.00 secs] 
2588.314: [GC (Allocation Failure) [PSYoungGen: 69472K->1408K(69632K)] 410261K->342205K(761344K), 0.0034871 secs] [Times: user=0.02 sys=0.00, real=0.00 secs] 
2588.629: [GC (Allocation Failure) [PSYoungGen: 69504K->1485K(69632K)] 410301K->342282K(761344K), 0.0019648 secs] [Times: user=0.01 sys=0.00, real=0.00 secs] 
2588.789: [GC (Allocation Failure) [PSYoungGen: 69581K->1549K(70144K)] 410378K->342346K(761856K), 0.0023016 secs] [Times: user=0.01 sys=0.00, real=0.00 secs] 
2588.967: [GC (Allocation Failure) [PSYoungGen: 69645K->493K(68608K)] 410442K->342314K(760320K), 0.0022976 secs] [Times: user=0.00 sys=0.00, real=0.01 secs] 
2589.171: [GC (Allocation Failure) [PSYoungGen: 68589K->1968K(70144K)] 410410K->343789K(761856K), 0.0017086 secs] [Times: user=0.01 sys=0.00, real=0.00 secs] 
2589.471: [GC (Allocation Failure) [PSYoungGen: 70064K->1376K(69632K)] 411885K->343197K(761344K), 0.0021969 secs] [Times: user=0.01 sys=0.00, real=0.00 secs] 
2589.755: [GC (Allocation Failure) [PSYoungGen: 69472K->1344K(69632K)] 411293K->343165K(761344K), 0.0025917 secs] [Times: user=0.01 sys=0.00, real=0.00 secs] 
2590.125: [GC (Allocation Failure) [PSYoungGen: 69440K->1376K(69632K)] 411261K->343197K(761344K), 0.0020561 secs] [Times: user=0.01 sys=0.00, real=0.00 secs] 
2590.605: [GC (Allocation Failure) [PSYoungGen: 69472K->1408K(69632K)] 411293K->343229K(761344K), 0.0022060 secs] [Times: user=0.01 sys=0.00, real=0.00 secs] 
2590.772: [GC (Allocation Failure) [PSYoungGen: 69504K->1469K(69632K)] 411325K->343290K(761344K), 0.0015414 secs] [Times: user=0.01 sys=0.00, real=0.00 secs] 
2590.891: [GC (Allocation Failure) [PSYoungGen: 69565K->1501K(69632K)] 411386K->343322K(761344K), 0.0017791 secs] [Times: user=0.01 sys=0.00, real=0.00 secs] 
2591.011: [GC (Allocation Failure) [PSYoungGen: 69597K->1469K(70144K)] 411418K->343290K(761856K), 0.0016064 secs] [Times: user=0.01 sys=0.00, real=0.00 secs] 
2591.702: [GC (Allocation Failure) [PSYoungGen: 69565K->1920K(70144K)] 411386K->343749K(761856K), 0.0033811 secs] [Times: user=0.01 sys=0.00, real=0.00 secs] 
2593.633: [GC (Allocation Failure) [PSYoungGen: 70016K->1344K(70144K)] 411845K->343173K(761856K), 0.0040906 secs] [Times: user=0.01 sys=0.00, real=0.00 secs] 
2594.451: [GC (Allocation Failure) [PSYoungGen: 69440K->1344K(70144K)] 411269K->343181K(761856K), 0.0027575 secs] [Times: user=0.01 sys=0.00, real=0.00 secs] 
2594.729: [GC (Allocation Failure) [PSYoungGen: 69440K->1344K(70144K)] 411277K->343181K(761856K), 0.0020731 secs] [Times: user=0.01 sys=0.00, real=0.00 secs] 
2595.268: [GC (Allocation Failure) [PSYoungGen: 69295K->240K(70144K)] 411132K->342077K(761856K), 0.0019040 secs] [Times: user=0.00 sys=0.00, real=0.00 secs] 
2595.404: [GC (Allocation Failure) [PSYoungGen: 68336K->1456K(70144K)] 410173K->343293K(761856K), 0.0015366 secs] [Times: user=0.01 sys=0.00, real=0.00 secs] 
2595.524: [GC (Allocation Failure) [PSYoungGen: 69552K->1469K(70144K)] 411389K->343306K(761856K), 0.0015457 secs] [Times: user=0.00 sys=0.00, real=0.00 secs] 
2595.644: [GC (Allocation Failure) [PSYoungGen: 69565K->1504K(70144K)] 411402K->343349K(761856K), 0.0016147 secs] [Times: user=0.00 sys=0.00, real=0.00 secs] 
2595.842: [GC (Allocation Failure) [PSYoungGen: 69600K->1424K(70144K)] 411445K->343269K(761856K), 0.0017927 secs] [Times: user=0.01 sys=0.00, real=0.00 secs] 
2596.425: [GC (Allocation Failure) [PSYoungGen: 69520K->1296K(70144K)] 411365K->343141K(761856K), 0.0021303 secs] [Times: user=0.01 sys=0.00, real=0.00 secs] 
2597.151: [GC (Allocation Failure) [PSYoungGen: 69392K->1344K(70144K)] 411237K->343189K(761856K), 0.0022742 secs] [Times: user=0.01 sys=0.00, real=0.00 secs] 
2597.652: [GC (Allocation Failure) [PSYoungGen: 69440K->1453K(70144K)] 411285K->343298K(761856K), 0.0020822 secs] [Times: user=0.01 sys=0.00, real=0.00 secs] 
2597.749: [GC (Allocation Failure) [PSYoungGen: 69549K->1501K(70144K)] 411394K->343346K(761856K), 0.0016225 secs] [Times: user=0.01 sys=0.00, real=0.00 secs] 
2597.846: [GC (Allocation Failure) [PSYoungGen: 69597K->1485K(70144K)] 411442K->343330K(761856K), 0.0020366 secs] [Times: user=0.01 sys=0.00, real=0.01 secs] 
2597.956: [GC (Allocation Failure) [PSYoungGen: 69581K->1549K(70144K)] 411426K->343402K(761856K), 0.0021995 secs] [Times: user=0.01 sys=0.00, real=0.00 secs] 
2598.215: [GC (Allocation Failure) [PSYoungGen: 69645K->1440K(77312K)] 411498K->343293K(769024K), 0.0020838 secs] [Times: user=0.01 sys=0.00, real=0.00 secs] 
2598.530: [GC (Allocation Failure) [PSYoungGen: 77216K->1360K(77824K)] 419069K->343213K(769536K), 0.0021772 secs] [Times: user=0.01 sys=0.00, real=0.00 secs] 
2598.846: [GC (Allocation Failure) [PSYoungGen: 77136K->1408K(86016K)] 418989K->343261K(777728K), 0.0023572 secs] [Times: user=0.01 sys=0.00, real=0.01 secs] 
2599.274: [GC (Allocation Failure) [PSYoungGen: 85376K->1344K(84992K)] 427229K->343197K(776704K), 0.0023481 secs] [Times: user=0.01 sys=0.00, real=0.00 secs] 
2599.488: [GC (Allocation Failure) [PSYoungGen: 84800K->1533K(84480K)] 426653K->343386K(776192K), 0.0016807 secs] [Times: user=0.00 sys=0.00, real=0.00 secs] 
2599.635: [GC (Allocation Failure) [PSYoungGen: 84477K->1533K(83968K)] 426330K->343386K(775680K), 0.0017037 secs] [Times: user=0.00 sys=0.00, real=0.00 secs] 
2599.806: [GC (Allocation Failure) [PSYoungGen: 83965K->1485K(83456K)] 425818K->343338K(775168K), 0.0019909 secs] [Times: user=0.01 sys=0.00, real=0.00 secs] 
2601.117: [GC (Allocation Failure) [PSYoungGen: 83405K->1376K(82944K)] 425258K->343229K(774656K), 0.0040806 secs] [Times: user=0.02 sys=0.00, real=0.01 secs] 
2602.003: [GC (Allocation Failure) [PSYoungGen: 82784K->1296K(82432K)] 424637K->343157K(774144K), 0.0029323 secs] [Times: user=0.02 sys=0.00, real=0.00 secs] 
2602.793: [GC (Allocation Failure) [PSYoungGen: 82192K->1312K(81920K)] 424053K->343173K(773632K), 0.0028492 secs] [Times: user=0.01 sys=0.00, real=0.00 secs] 
2603.478: [GC (Allocation Failure) [PSYoungGen: 81696K->1453K(81408K)] 423557K->343330K(773120K), 0.0023481 secs] [Times: user=0.00 sys=0.00, real=0.00 secs] 
2603.655: [GC (Allocation Failure) [PSYoungGen: 81325K->1517K(80896K)] 423202K->343394K(772608K), 0.0015897 secs] [Times: user=0.00 sys=0.00, real=0.00 secs] 
2603.795: [GC (Allocation Failure) [PSYoungGen: 80877K->1536K(80896K)] 422754K->343413K(772608K), 0.0017718 secs] [Times: user=0.01 sys=0.00, real=0.00 secs] 
2604.017: [GC (Allocation Failure) [PSYoungGen: 80384K->1440K(79872K)] 422261K->343317K(771584K), 0.0019638 secs] [Times: user=0.00 sys=0.00, real=0.01 secs] 
2604.342: [GC (Allocation Failure) [PSYoungGen: 79776K->1408K(79360K)] 421653K->343285K(771072K), 0.0017718 secs] [Times: user=0.01 sys=0.00, real=0.00 secs] 
2604.665: [GC (Allocation Failure) [PSYoungGen: 79232K->1344K(78848K)] 421109K->343221K(770560K), 0.0019194 secs] [Times: user=0.00 sys=0.00, real=0.00 secs] 
2604.999: [GC (Allocation Failure) [PSYoungGen: 78656K->1376K(78336K)] 420533K->343253K(770048K), 0.0018867 secs] [Times: user=0.01 sys=0.00, real=0.00 secs] 
2605.282: [GC (Allocation Failure) [PSYoungGen: 78176K->1501K(77824K)] 420053K->343378K(769536K), 0.0016238 secs] [Times: user=0.00 sys=0.00, real=0.00 secs] 
2605.416: [GC (Allocation Failure) [PSYoungGen: 77789K->1517K(77312K)] 419666K->343394K(769024K), 0.0013768 secs] [Times: user=0.01 sys=0.00, real=0.00 secs] 
2605.550: [GC (Allocation Failure) [PSYoungGen: 77293K->1504K(76800K)] 419170K->343381K(768512K), 0.0016963 secs] [Times: user=0.00 sys=0.00, real=0.00 secs] 
2605.768: [GC (Allocation Failure) [PSYoungGen: 76768K->1440K(76288K)] 418645K->343317K(768000K), 0.0019449 secs] [Times: user=0.01 sys=0.00, real=0.00 secs] 
2606.370: [GC (Allocation Failure) [PSYoungGen: 76192K->1408K(75776K)] 418069K->343285K(767488K), 0.0021590 secs] [Times: user=0.00 sys=0.00, real=0.00 secs] 
2606.984: [GC (Allocation Failure) [PSYoungGen: 75648K->1344K(75264K)] 417525K->343221K(766976K), 0.0027052 secs] [Times: user=0.01 sys=0.00, real=0.00 secs] 
2607.615: [GC (Allocation Failure) [PSYoungGen: 75072K->1376K(74752K)] 416949K->343253K(766464K), 0.0031589 secs] [Times: user=0.01 sys=0.00, real=0.00 secs] 
2607.944: [GC (Allocation Failure) [PSYoungGen: 74592K->1485K(74240K)] 416469K->343362K(765952K), 0.0018661 secs] [Times: user=0.01 sys=0.00, real=0.00 secs] 
2608.075: [GC (Allocation Failure) [PSYoungGen: 74189K->1568K(74240K)] 416066K->343445K(765952K), 0.0016354 secs] [Times: user=0.00 sys=0.00, real=0.00 secs] 
2608.224: [GC (Allocation Failure) [PSYoungGen: 73760K->445K(72192K)] 415637K->343346K(763904K), 0.0020062 secs] [Times: user=0.00 sys=0.01, real=0.00 secs] 
2608.383: [GC (Allocation Failure) [PSYoungGen: 72123K->461K(73216K)] 415025K->343362K(764928K), 0.0020039 secs] [Times: user=0.01 sys=0.00, real=0.00 secs] 
2608.947: [GC (Allocation Failure) [PSYoungGen: 71629K->1408K(72192K)] 414530K->344317K(763904K), 0.0032008 secs] [Times: user=0.02 sys=0.00, real=0.01 secs] 
2609.467: [GC (Allocation Failure) [PSYoungGen: 72064K->1376K(71680K)] 414973K->344285K(763392K), 0.0024444 secs] [Times: user=0.01 sys=0.00, real=0.01 secs] 
2610.045: [GC (Allocation Failure) [PSYoungGen: 71520K->1376K(71168K)] 414429K->344285K(762880K), 0.0023512 secs] [Times: user=0.01 sys=0.00, real=0.00 secs] 
2610.598: [GC (Allocation Failure) [PSYoungGen: 71008K->1376K(70656K)] 413917K->344285K(762368K), 0.0023468 secs] [Times: user=0.00 sys=0.00, real=0.00 secs] 
2610.852: [GC (Allocation Failure) [PSYoungGen: 70496K->1472K(70144K)] 413405K->344381K(761856K), 0.0016474 secs] [Times: user=0.01 sys=0.00, real=0.00 secs] 
2610.993: [GC (Allocation Failure) [PSYoungGen: 70061K->1517K(69632K)] 412970K->344426K(761344K), 0.0020245 secs] [Times: user=0.01 sys=0.00, real=0.00 secs] 
2611.154: [GC (Allocation Failure) [PSYoungGen: 69613K->1517K(69632K)] 412522K->344426K(761344K), 0.0021301 secs] [Times: user=0.00 sys=0.00, real=0.00 secs] 
2611.317: [GC (Allocation Failure) [PSYoungGen: 69613K->160K(70144K)] 412522K->343077K(761856K), 0.0015643 secs] [Times: user=0.01 sys=0.00, real=0.01 secs] 
2611.918: [GC (Allocation Failure) [PSYoungGen: 68256K->1376K(70144K)] 411173K->344293K(761856K), 0.0022054 secs] [Times: user=0.01 sys=0.00, real=0.00 secs] 
2612.290: [GC (Allocation Failure) [PSYoungGen: 69472K->1408K(70144K)] 412389K->344325K(761856K), 0.0020025 secs] [Times: user=0.01 sys=0.00, real=0.00 secs] 
2612.741: [GC (Allocation Failure) [PSYoungGen: 69504K->1376K(70144K)] 412421K->344309K(761856K), 0.0019752 secs] [Times: user=0.00 sys=0.00, real=0.00 secs] 
2613.415: [GC (Allocation Failure) [PSYoungGen: 69472K->1344K(70144K)] 412405K->344277K(761856K), 0.0020022 secs] [Times: user=0.01 sys=0.00, real=0.00 secs] 
2613.668: [GC (Allocation Failure) [PSYoungGen: 69440K->1501K(70144K)] 412373K->344434K(761856K), 0.0016864 secs] [Times: user=0.01 sys=0.00, real=0.00 secs] 
2613.788: [GC (Allocation Failure) [PSYoungGen: 69597K->1440K(70144K)] 412530K->344373K(761856K), 0.0015363 secs] [Times: user=0.01 sys=0.00, real=0.00 secs] 
2613.909: [GC (Allocation Failure) [PSYoungGen: 69536K->1456K(70144K)] 412469K->344389K(761856K), 0.0015724 secs] [Times: user=0.01 sys=0.00, real=0.00 secs] 
2614.123: [GC (Allocation Failure) [PSYoungGen: 69552K->1696K(70144K)] 412485K->344629K(761856K), 0.0019566 secs] [Times: user=0.01 sys=0.00, real=0.00 secs] 
2615.427: [GC (Allocation Failure) [PSYoungGen: 69792K->1376K(70144K)] 412725K->344309K(761856K), 0.0033822 secs] [Times: user=0.01 sys=0.00, real=0.01 secs] 
2615.998: [GC (Allocation Failure) [PSYoungGen: 69472K->1376K(70144K)] 412405K->344309K(761856K), 0.0026091 secs] [Times: user=0.01 sys=0.00, real=0.01 secs] 
2616.655: [GC (Allocation Failure) [PSYoungGen: 69472K->1344K(70144K)] 412405K->344277K(761856K), 0.0025906 secs] [Times: user=0.01 sys=0.00, real=0.01 secs] 
2617.600: [GC (Allocation Failure) [PSYoungGen: 69440K->1376K(70144K)] 412373K->344309K(761856K), 0.0030429 secs] [Times: user=0.02 sys=0.00, real=0.00 secs] 
2617.869: [GC (Allocation Failure) [PSYoungGen: 69472K->1485K(70144K)] 412405K->344418K(761856K), 0.0019745 secs] [Times: user=0.00 sys=0.00, real=0.00 secs] 
2617.994: [GC (Allocation Failure) [PSYoungGen: 69581K->1469K(70144K)] 412514K->344402K(761856K), 0.0015697 secs] [Times: user=0.00 sys=0.00, real=0.00 secs] 
2618.114: [GC (Allocation Failure) [PSYoungGen: 69565K->1472K(70144K)] 412498K->344405K(761856K), 0.0015685 secs] [Times: user=0.01 sys=0.00, real=0.00 secs] 
2618.354: [GC (Allocation Failure) [PSYoungGen: 69568K->2000K(70144K)] 412501K->345445K(761856K), 0.0018815 secs] [Times: user=0.01 sys=0.00, real=0.00 secs] 
2619.504: [GC (Allocation Failure) [PSYoungGen: 70096K->1376K(70144K)] 413541K->344821K(761856K), 0.0039589 secs] [Times: user=0.02 sys=0.00, real=0.01 secs] 
2620.474: [GC (Allocation Failure) [PSYoungGen: 69472K->1376K(70144K)] 412917K->344821K(761856K), 0.0030113 secs] [Times: user=0.01 sys=0.00, real=0.00 secs] 
2621.190: [GC (Allocation Failure) [PSYoungGen: 69472K->1376K(70144K)] 412917K->344821K(761856K), 0.0026342 secs] [Times: user=0.01 sys=0.00, real=0.00 secs] 
2621.950: [GC (Allocation Failure) [PSYoungGen: 69472K->256K(70144K)] 412917K->343701K(761856K), 0.0027932 secs] [Times: user=0.01 sys=0.00, real=0.00 secs] 
2622.156: [GC (Allocation Failure) [PSYoungGen: 68352K->1501K(70144K)] 411797K->344946K(761856K), 0.0019229 secs] [Times: user=0.01 sys=0.00, real=0.01 secs] 
2622.315: [GC (Allocation Failure) [PSYoungGen: 69597K->1485K(70144K)] 413042K->344930K(761856K), 0.0018749 secs] [Times: user=0.00 sys=0.00, real=0.00 secs] 
2622.470: [GC (Allocation Failure) [PSYoungGen: 69581K->1520K(70144K)] 413026K->344973K(761856K), 0.0015953 secs] [Times: user=0.01 sys=0.00, real=0.00 secs] 
2622.773: [GC (Allocation Failure) [PSYoungGen: 69616K->1472K(70144K)] 413069K->344925K(761856K), 0.0024292 secs] [Times: user=0.01 sys=0.00, real=0.00 secs] 
2623.368: [GC (Allocation Failure) [PSYoungGen: 69568K->1344K(70144K)] 413021K->344797K(761856K), 0.0027993 secs] [Times: user=0.01 sys=0.00, real=0.00 secs] 
2623.875: [GC (Allocation Failure) [PSYoungGen: 69440K->1344K(70144K)] 412893K->344797K(761856K), 0.0028021 secs] [Times: user=0.01 sys=0.00, real=0.00 secs] 
2624.316: [GC (Allocation Failure) [PSYoungGen: 69440K->1376K(70144K)] 412893K->344845K(761856K), 0.0020946 secs] [Times: user=0.01 sys=0.00, real=0.01 secs] 
2624.612: [GC (Allocation Failure) [PSYoungGen: 69472K->1456K(70144K)] 412941K->344925K(761856K), 0.0019732 secs] [Times: user=0.01 sys=0.00, real=0.00 secs] 
2624.743: [GC (Allocation Failure) [PSYoungGen: 69552K->1472K(70144K)] 413021K->344941K(761856K), 0.0015737 secs] [Times: user=0.01 sys=0.00, real=0.00 secs] 
2624.862: [GC (Allocation Failure) [PSYoungGen: 69568K->1437K(70144K)] 413037K->344906K(761856K), 0.0015245 secs] [Times: user=0.01 sys=0.00, real=0.00 secs] 
2624.982: [GC (Allocation Failure) [PSYoungGen: 69533K->1456K(70144K)] 413002K->344933K(761856K), 0.0016553 secs] [Times: user=0.01 sys=0.00, real=0.00 secs] 
2625.422: [GC (Allocation Failure) [PSYoungGen: 69552K->1440K(70144K)] 413029K->344917K(761856K), 0.0019291 secs] [Times: user=0.01 sys=0.00, real=0.00 secs] 
2626.443: [GC (Allocation Failure) [PSYoungGen: 69536K->1344K(70144K)] 413013K->344821K(761856K), 0.0028012 secs] [Times: user=0.01 sys=0.00, real=0.00 secs] 
2626.949: [GC (Allocation Failure) [PSYoungGen: 69440K->1344K(70144K)] 412917K->344821K(761856K), 0.0021739 secs] [Times: user=0.01 sys=0.00, real=0.00 secs] 
2627.295: [GC (Allocation Failure) [PSYoungGen: 69440K->1376K(70144K)] 412917K->344853K(761856K), 0.0020893 secs] [Times: user=0.00 sys=0.00, real=0.00 secs] 
2627.761: [GC (Allocation Failure) [PSYoungGen: 69472K->1488K(70144K)] 412949K->344965K(761856K), 0.0020665 secs] [Times: user=0.01 sys=0.00, real=0.00 secs] 
2627.909: [GC (Allocation Failure) [PSYoungGen: 69584K->1501K(70144K)] 413061K->344978K(761856K), 0.0016152 secs] [Times: user=0.01 sys=0.00, real=0.00 secs] 
2628.048: [GC (Allocation Failure) [PSYoungGen: 69597K->1485K(70144K)] 413074K->344962K(761856K), 0.0019135 secs] [Times: user=0.01 sys=0.00, real=0.00 secs] 
2628.204: [GC (Allocation Failure) [PSYoungGen: 69581K->1485K(70144K)] 413058K->344970K(761856K), 0.0020511 secs] [Times: user=0.01 sys=0.00, real=0.00 secs] 
2628.592: [GC (Allocation Failure) [PSYoungGen: 69581K->1456K(70144K)] 413066K->344941K(761856K), 0.0021943 secs] [Times: user=0.01 sys=0.00, real=0.00 secs] 
2629.558: [GC (Allocation Failure) [PSYoungGen: 69552K->1376K(70144K)] 413037K->344861K(761856K), 0.0039233 secs] [Times: user=0.01 sys=0.00, real=0.01 secs] 
2630.340: [GC (Allocation Failure) [PSYoungGen: 69472K->1376K(70144K)] 412957K->344861K(761856K), 0.0027879 secs] [Times: user=0.01 sys=0.00, real=0.00 secs] 
2630.744: [GC (Allocation Failure) [PSYoungGen: 69472K->1344K(70144K)] 412957K->344829K(761856K), 0.0018198 secs] [Times: user=0.00 sys=0.00, real=0.00 secs] 
2631.031: [GC (Allocation Failure) [PSYoungGen: 69440K->1424K(70144K)] 412925K->344909K(761856K), 0.0019639 secs] [Times: user=0.01 sys=0.00, real=0.00 secs] 
2631.162: [GC (Allocation Failure) [PSYoungGen: 69520K->1501K(70144K)] 413005K->344986K(761856K), 0.0014971 secs] [Times: user=0.00 sys=0.00, real=0.00 secs] 
2631.281: [GC (Allocation Failure) [PSYoungGen: 69597K->1517K(70144K)] 413082K->345003K(761856K), 0.0015510 secs] [Times: user=0.00 sys=0.00, real=0.00 secs] 
2631.400: [GC (Allocation Failure) [PSYoungGen: 69613K->1536K(70144K)] 413099K->345029K(761856K), 0.0015820 secs] [Times: user=0.00 sys=0.00, real=0.00 secs] 
2632.312: [GC (Allocation Failure) [PSYoungGen: 69632K->1424K(70144K)] 413125K->344917K(761856K), 0.0042226 secs] [Times: user=0.02 sys=0.00, real=0.00 secs] 
2634.103: [GC (Allocation Failure) [PSYoungGen: 69520K->1376K(70144K)] 413013K->344869K(761856K), 0.0038719 secs] [Times: user=0.01 sys=0.00, real=0.00 secs] 
2635.026: [GC (Allocation Failure) [PSYoungGen: 69472K->1376K(70144K)] 412965K->344877K(761856K), 0.0031772 secs] [Times: user=0.01 sys=0.00, real=0.01 secs] 
2635.576: [GC (Allocation Failure) [PSYoungGen: 69472K->1376K(70144K)] 412973K->344877K(761856K), 0.0025871 secs] [Times: user=0.00 sys=0.00, real=0.01 secs] 
2635.841: [GC (Allocation Failure) [PSYoungGen: 69472K->1421K(70144K)] 412973K->344922K(761856K), 0.0019105 secs] [Times: user=0.01 sys=0.00, real=0.00 secs] 
2635.964: [GC (Allocation Failure) [PSYoungGen: 69517K->1536K(70144K)] 413018K->345037K(761856K), 0.0017383 secs] [Times: user=0.01 sys=0.00, real=0.00 secs] 
2636.083: [GC (Allocation Failure) [PSYoungGen: 69632K->1437K(70144K)] 413133K->344938K(761856K), 0.0015786 secs] [Times: user=0.01 sys=0.00, real=0.00 secs] 
2636.202: [GC (Allocation Failure) [PSYoungGen: 69533K->1488K(70144K)] 413034K->344997K(761856K), 0.0034250 secs] [Times: user=0.02 sys=0.00, real=0.00 secs] 
2637.018: [GC (Allocation Failure) [PSYoungGen: 69584K->1472K(70144K)] 413093K->344981K(761856K), 0.0026124 secs] [Times: user=0.01 sys=0.00, real=0.00 secs] 
2637.990: [GC (Allocation Failure) [PSYoungGen: 69568K->1408K(69632K)] 413077K->344917K(761344K), 0.0031038 secs] [Times: user=0.01 sys=0.00, real=0.00 secs] 
2638.580: [GC (Allocation Failure) [PSYoungGen: 69504K->1360K(69632K)] 413013K->344869K(761344K), 0.0032926 secs] [Times: user=0.02 sys=0.00, real=0.00 secs] 
2639.121: [GC (Allocation Failure) [PSYoungGen: 69456K->1376K(69632K)] 412965K->344885K(761344K), 0.0026335 secs] [Times: user=0.01 sys=0.00, real=0.00 secs] 
2639.521: [GC (Allocation Failure) [PSYoungGen: 69472K->1408K(69632K)] 412981K->344917K(761344K), 0.0021146 secs] [Times: user=0.01 sys=0.00, real=0.00 secs] 
2639.648: [GC (Allocation Failure) [PSYoungGen: 69504K->1504K(69632K)] 413013K->345037K(761344K), 0.0015543 secs] [Times: user=0.01 sys=0.00, real=0.00 secs] 
2639.767: [GC (Allocation Failure) [PSYoungGen: 69600K->1488K(75264K)] 413133K->345037K(766976K), 0.0033929 secs] [Times: user=0.02 sys=0.00, real=0.01 secs] 
2639.898: [GC (Allocation Failure) [PSYoungGen: 74704K->1472K(78336K)] 418253K->345021K(770048K), 0.0016588 secs] [Times: user=0.00 sys=0.00, real=0.01 secs] 
2640.183: [GC (Allocation Failure) [PSYoungGen: 77760K->1424K(78336K)] 421309K->344973K(770048K), 0.0018369 secs] [Times: user=0.01 sys=0.00, real=0.00 secs] 
2640.500: [GC (Allocation Failure) [PSYoungGen: 77712K->1424K(77312K)] 421261K->344973K(769024K), 0.0018323 secs] [Times: user=0.01 sys=0.00, real=0.00 secs] 
2640.969: [GC (Allocation Failure) [PSYoungGen: 77200K->1408K(76800K)] 420749K->344957K(768512K), 0.0020057 secs] [Times: user=0.00 sys=0.00, real=0.00 secs] 
2641.555: [GC (Allocation Failure) [PSYoungGen: 76672K->1376K(76288K)] 420221K->344925K(768000K), 0.0019481 secs] [Times: user=0.00 sys=0.00, real=0.00 secs] 
2641.791: [GC (Allocation Failure) [PSYoungGen: 76128K->1501K(75776K)] 419677K->345050K(767488K), 0.0016784 secs] [Times: user=0.01 sys=0.00, real=0.00 secs] 
2641.923: [GC (Allocation Failure) [PSYoungGen: 75741K->1472K(75264K)] 419290K->345021K(766976K), 0.0015696 secs] [Times: user=0.01 sys=0.00, real=0.00 secs] 
2642.052: [GC (Allocation Failure) [PSYoungGen: 75200K->1597K(83456K)] 418749K->345146K(775168K), 0.0022866 secs] [Times: user=0.00 sys=0.01, real=0.00 secs] 
2642.657: [GC (Allocation Failure) [PSYoungGen: 83005K->1424K(82432K)] 426554K->344981K(774144K), 0.0018196 secs] [Times: user=0.01 sys=0.00, real=0.01 secs] 
2643.747: [GC (Allocation Failure) [PSYoungGen: 82320K->1376K(81920K)] 425877K->344957K(773632K), 0.0020881 secs] [Times: user=0.01 sys=0.00, real=0.01 secs] 
2644.289: [GC (Allocation Failure) [PSYoungGen: 81760K->1408K(81408K)] 425341K->344989K(773120K), 0.0019857 secs] [Times: user=0.00 sys=0.00, real=0.00 secs] 
2644.915: [GC (Allocation Failure) [PSYoungGen: 81280K->240K(79872K)] 424861K->343821K(771584K), 0.0023277 secs] [Times: user=0.01 sys=0.00, real=0.00 secs] 
2645.147: [GC (Allocation Failure) [PSYoungGen: 79600K->1517K(80384K)] 423181K->345099K(772096K), 0.0023166 secs] [Times: user=0.01 sys=0.00, real=0.01 secs] 
2645.351: [GC (Allocation Failure) [PSYoungGen: 80365K->1485K(79872K)] 423947K->345067K(771584K), 0.0022550 secs] [Times: user=0.01 sys=0.00, real=0.00 secs] 
2645.511: [GC (Allocation Failure) [PSYoungGen: 79821K->1536K(79872K)] 423403K->345117K(771584K), 0.0016278 secs] [Times: user=0.01 sys=0.00, real=0.00 secs] 
2646.989: [GC (Allocation Failure) [PSYoungGen: 79360K->1376K(78848K)] 422941K->344957K(770560K), 0.0032399 secs] [Times: user=0.01 sys=0.00, real=0.00 secs] 
2647.576: [GC (Allocation Failure) [PSYoungGen: 78688K->1408K(78336K)] 422269K->344989K(770048K), 0.0028756 secs] [Times: user=0.01 sys=0.00, real=0.01 secs] 
2648.087: [GC (Allocation Failure) [PSYoungGen: 78208K->1376K(77824K)] 421789K->344957K(769536K), 0.0024742 secs] [Times: user=0.01 sys=0.00, real=0.01 secs] 
2648.620: [GC (Allocation Failure) [PSYoungGen: 77664K->1405K(77312K)] 421245K->344986K(769024K), 0.0024431 secs] [Times: user=0.01 sys=0.00, real=0.00 secs] 
2648.799: [GC (Allocation Failure) [PSYoungGen: 77181K->1533K(76800K)] 420762K->345114K(768512K), 0.0016715 secs] [Times: user=0.01 sys=0.00, real=0.00 secs] 
2648.930: [GC (Allocation Failure) [PSYoungGen: 76797K->1520K(76288K)] 420378K->345133K(768000K), 0.0015452 secs] [Times: user=0.01 sys=0.00, real=0.00 secs] 
2649.083: [GC (Allocation Failure) [PSYoungGen: 76272K->1485K(75776K)] 419885K->345098K(767488K), 0.0020240 secs] [Times: user=0.01 sys=0.00, real=0.00 secs] 
2649.574: [GC (Allocation Failure) [PSYoungGen: 75725K->1456K(75264K)] 419338K->345069K(766976K), 0.0020787 secs] [Times: user=0.00 sys=0.00, real=0.00 secs] 
2649.955: [GC (Allocation Failure) [PSYoungGen: 75184K->1376K(74752K)] 418797K->344989K(766464K), 0.0021907 secs] [Times: user=0.01 sys=0.00, real=0.00 secs] 
2650.280: [GC (Allocation Failure) [PSYoungGen: 74592K->1376K(74240K)] 418205K->344989K(765952K), 0.0023759 secs] [Times: user=0.01 sys=0.00, real=0.00 secs] 
2650.805: [GC (Allocation Failure) [PSYoungGen: 74080K->1376K(73728K)] 417693K->344989K(765440K), 0.0027296 secs] [Times: user=0.01 sys=0.00, real=0.01 secs] 
2651.080: [GC (Allocation Failure) [PSYoungGen: 73568K->1504K(73216K)] 417181K->345117K(764928K), 0.0016492 secs] [Times: user=0.01 sys=0.00, real=0.00 secs] 
2651.206: [GC (Allocation Failure) [PSYoungGen: 73184K->1504K(72704K)] 416797K->345117K(764416K), 0.0017964 secs] [Times: user=0.01 sys=0.00, real=0.00 secs] 
2651.351: [GC (Allocation Failure) [PSYoungGen: 72672K->1485K(72192K)] 416285K->345099K(763904K), 0.0018904 secs] [Times: user=0.00 sys=0.00, real=0.00 secs] 
2651.670: [GC (Allocation Failure) [PSYoungGen: 72141K->1440K(71680K)] 415755K->345053K(763392K), 0.0021593 secs] [Times: user=0.00 sys=0.00, real=0.00 secs] 
2652.411: [GC (Allocation Failure) [PSYoungGen: 71584K->1376K(71168K)] 415197K->344989K(762880K), 0.0039524 secs] [Times: user=0.01 sys=0.00, real=0.00 secs] 
2653.077: [GC (Allocation Failure) [PSYoungGen: 71008K->1376K(70656K)] 414621K->345005K(762368K), 0.0031873 secs] [Times: user=0.01 sys=0.00, real=0.01 secs] 
2653.368: [GC (Allocation Failure) [PSYoungGen: 70496K->1360K(70144K)] 414125K->344989K(761856K), 0.0019731 secs] [Times: user=0.01 sys=0.00, real=0.00 secs] 
2653.658: [GC (Allocation Failure) [PSYoungGen: 69968K->1405K(69632K)] 413597K->345034K(761344K), 0.0019800 secs] [Times: user=0.01 sys=0.00, real=0.01 secs] 
2653.782: [GC (Allocation Failure) [PSYoungGen: 69501K->1437K(69632K)] 413130K->345066K(761344K), 0.0015638 secs] [Times: user=0.01 sys=0.00, real=0.00 secs] 
2653.901: [GC (Allocation Failure) [PSYoungGen: 69533K->1472K(70144K)] 413162K->345101K(761856K), 0.0016182 secs] [Times: user=0.00 sys=0.00, real=0.00 secs] 
2654.021: [GC (Allocation Failure) [PSYoungGen: 69568K->1469K(70144K)] 413197K->345098K(761856K), 0.0016543 secs] [Times: user=0.00 sys=0.00, real=0.00 secs] 
2654.292: [GC (Allocation Failure) [PSYoungGen: 69565K->1456K(70144K)] 413194K->345093K(761856K), 0.0018709 secs] [Times: user=0.01 sys=0.00, real=0.00 secs] 
2654.826: [GC (Allocation Failure) [PSYoungGen: 69552K->1408K(70144K)] 413189K->345045K(761856K), 0.0018005 secs] [Times: user=0.01 sys=0.00, real=0.00 secs] 
2655.374: [GC (Allocation Failure) [PSYoungGen: 69504K->1376K(70144K)] 413141K->345013K(761856K), 0.0024716 secs] [Times: user=0.01 sys=0.00, real=0.00 secs] 
2655.862: [GC (Allocation Failure) [PSYoungGen: 69472K->1376K(70144K)] 413109K->345013K(761856K), 0.0022119 secs] [Times: user=0.00 sys=0.00, real=0.00 secs] 
2656.173: [GC (Allocation Failure) [PSYoungGen: 69472K->1424K(70144K)] 413109K->345061K(761856K), 0.0019357 secs] [Times: user=0.01 sys=0.00, real=0.00 secs] 
2656.309: [GC (Allocation Failure) [PSYoungGen: 69520K->1472K(70144K)] 413157K->345109K(761856K), 0.0015496 secs] [Times: user=0.01 sys=0.00, real=0.00 secs] 
2656.428: [GC (Allocation Failure) [PSYoungGen: 69568K->1440K(70144K)] 413205K->345077K(761856K), 0.0016011 secs] [Times: user=0.01 sys=0.00, real=0.00 secs] 
2656.548: [GC (Allocation Failure) [PSYoungGen: 69536K->1504K(70144K)] 413173K->345149K(761856K), 0.0013283 secs] [Times: user=0.01 sys=0.00, real=0.01 secs] 
2657.174: [GC (Allocation Failure) [PSYoungGen: 69600K->1456K(70144K)] 413245K->345101K(761856K), 0.0024750 secs] [Times: user=0.01 sys=0.00, real=0.00 secs] 
2658.219: [GC (Allocation Failure) [PSYoungGen: 69552K->1344K(70144K)] 413197K->344989K(761856K), 0.0030081 secs] [Times: user=0.01 sys=0.00, real=0.00 secs] 
2659.693: [GC (Allocation Failure) [PSYoungGen: 69440K->1376K(70144K)] 413085K->345021K(761856K), 0.0030859 secs] [Times: user=0.01 sys=0.00, real=0.00 secs] 
2660.381: [GC (Allocation Failure) [PSYoungGen: 69472K->1376K(70144K)] 413117K->345021K(761856K), 0.0030555 secs] [Times: user=0.02 sys=0.00, real=0.00 secs] 
2661.020: [GC (Allocation Failure) [PSYoungGen: 69472K->1472K(70144K)] 413117K->345117K(761856K), 0.0027546 secs] [Times: user=0.01 sys=0.00, real=0.00 secs] 
2661.204: [GC (Allocation Failure) [PSYoungGen: 69568K->1504K(70144K)] 413213K->345149K(761856K), 0.0016354 secs] [Times: user=0.01 sys=0.00, real=0.00 secs] 
2661.343: [GC (Allocation Failure) [PSYoungGen: 69600K->1485K(70144K)] 413245K->345130K(761856K), 0.0019035 secs] [Times: user=0.00 sys=0.00, real=0.00 secs] 
2661.499: [GC (Allocation Failure) [PSYoungGen: 69581K->1501K(70144K)] 413226K->345154K(761856K), 0.0015727 secs] [Times: user=0.01 sys=0.00, real=0.00 secs] 
2661.824: [GC (Allocation Failure) [PSYoungGen: 69597K->1424K(70144K)] 413250K->345077K(761856K), 0.0027203 secs] [Times: user=0.01 sys=0.00, real=0.00 secs] 
2662.352: [GC (Allocation Failure) [PSYoungGen: 69520K->1376K(70144K)] 413173K->345029K(761856K), 0.0029119 secs] [Times: user=0.01 sys=0.00, real=0.00 secs] 
2662.918: [GC (Allocation Failure) [PSYoungGen: 69472K->1376K(70144K)] 413125K->345029K(761856K), 0.0027780 secs] [Times: user=0.01 sys=0.00, real=0.01 secs] 
2663.530: [GC (Allocation Failure) [PSYoungGen: 69472K->1376K(70144K)] 413125K->345029K(761856K), 0.0027645 secs] [Times: user=0.02 sys=0.00, real=0.00 secs] 
2663.974: [GC (Allocation Failure) [PSYoungGen: 69472K->1408K(70144K)] 413125K->345061K(761856K), 0.0021109 secs] [Times: user=0.01 sys=0.00, real=0.00 secs] 
2664.164: [GC (Allocation Failure) [PSYoungGen: 69504K->1485K(70144K)] 413157K->345138K(761856K), 0.0022514 secs] [Times: user=0.01 sys=0.00, real=0.00 secs] 
2664.317: [GC (Allocation Failure) [PSYoungGen: 69581K->1501K(70144K)] 413234K->345154K(761856K), 0.0016078 secs] [Times: user=0.00 sys=0.00, real=0.01 secs] 
2664.453: [GC (Allocation Failure) [PSYoungGen: 69597K->1453K(70144K)] 413250K->345122K(761856K), 0.0018740 secs] [Times: user=0.01 sys=0.00, real=0.00 secs] 
2664.931: [GC (Allocation Failure) [PSYoungGen: 69549K->1424K(70144K)] 413218K->345093K(761856K), 0.0030296 secs] [Times: user=0.01 sys=0.01, real=0.00 secs] 
2665.548: [GC (Allocation Failure) [PSYoungGen: 69520K->1360K(70144K)] 413189K->345029K(761856K), 0.0025805 secs] [Times: user=0.01 sys=0.00, real=0.01 secs] 
2666.146: [GC (Allocation Failure) [PSYoungGen: 69456K->1408K(70144K)] 413125K->345077K(761856K), 0.0025981 secs] [Times: user=0.01 sys=0.00, real=0.01 secs] 
2666.754: [GC (Allocation Failure) [PSYoungGen: 69504K->1376K(70144K)] 413173K->345045K(761856K), 0.0027735 secs] [Times: user=0.01 sys=0.00, real=0.00 secs] 
2667.249: [GC (Allocation Failure) [PSYoungGen: 69472K->1469K(70144K)] 413141K->345138K(761856K), 0.0022083 secs] [Times: user=0.01 sys=0.00, real=0.00 secs] 
2667.400: [GC (Allocation Failure) [PSYoungGen: 69543K->1565K(70144K)] 413213K->345234K(761856K), 0.0015496 secs] [Times: user=0.01 sys=0.00, real=0.00 secs] 
2667.538: [GC (Allocation Failure) [PSYoungGen: 69661K->1485K(70144K)] 413330K->345154K(761856K), 0.0018769 secs] [Times: user=0.01 sys=0.00, real=0.00 secs] 
2667.691: [GC (Allocation Failure) [PSYoungGen: 69581K->1485K(70144K)] 413250K->345162K(761856K), 0.0018028 secs] [Times: user=0.01 sys=0.00, real=0.00 secs] 
2668.204: [GC (Allocation Failure) [PSYoungGen: 69581K->1424K(70144K)] 413258K->345101K(761856K), 0.0028653 secs] [Times: user=0.01 sys=0.00, real=0.00 secs] 
2668.712: [GC (Allocation Failure) [PSYoungGen: 69520K->1376K(70144K)] 413197K->345053K(761856K), 0.0018534 secs] [Times: user=0.01 sys=0.00, real=0.00 secs] 
2669.002: [GC (Allocation Failure) [PSYoungGen: 69472K->1312K(70144K)] 413149K->344989K(761856K), 0.0018585 secs] [Times: user=0.00 sys=0.00, real=0.00 secs] 
2669.285: [GC (Allocation Failure) [PSYoungGen: 69408K->1408K(70144K)] 413085K->345085K(761856K), 0.0017446 secs] [Times: user=0.00 sys=0.00, real=0.00 secs] 
2669.567: [GC (Allocation Failure) [PSYoungGen: 69504K->1469K(70144K)] 413181K->345146K(761856K), 0.0015363 secs] [Times: user=0.01 sys=0.00, real=0.01 secs] 
2669.686: [GC (Allocation Failure) [PSYoungGen: 69565K->1472K(70144K)] 413242K->345149K(761856K), 0.0015747 secs] [Times: user=0.01 sys=0.00, real=0.01 secs] 
2669.806: [GC (Allocation Failure) [PSYoungGen: 69568K->1504K(70144K)] 413245K->345181K(761856K), 0.0015636 secs] [Times: user=0.01 sys=0.00, real=0.00 secs] 
2669.926: [GC (Allocation Failure) [PSYoungGen: 69600K->1456K(70144K)] 413277K->345141K(761856K), 0.0016029 secs] [Times: user=0.00 sys=0.00, real=0.00 secs] 
2670.210: [GC (Allocation Failure) [PSYoungGen: 69552K->1440K(70144K)] 413237K->345125K(761856K), 0.0018628 secs] [Times: user=0.01 sys=0.00, real=0.00 secs] 
2670.493: [GC (Allocation Failure) [PSYoungGen: 69536K->1344K(70144K)] 413221K->345029K(761856K), 0.0017328 secs] [Times: user=0.01 sys=0.00, real=0.00 secs] 
2670.812: [GC (Allocation Failure) [PSYoungGen: 69440K->1392K(70144K)] 413125K->345077K(761856K), 0.0026807 secs] [Times: user=0.01 sys=0.00, real=0.00 secs] 
2671.145: [GC (Allocation Failure) [PSYoungGen: 69488K->1376K(70144K)] 413173K->345077K(761856K), 0.0026694 secs] [Times: user=0.01 sys=0.00, real=0.00 secs] 
2671.531: [GC (Allocation Failure) [PSYoungGen: 69472K->1453K(70144K)] 413173K->345155K(761856K), 0.0017030 secs] [Times: user=0.01 sys=0.00, real=0.00 secs] 
2671.668: [GC (Allocation Failure) [PSYoungGen: 69536K->1517K(70144K)] 413238K->345219K(761856K), 0.0018973 secs] [Times: user=0.01 sys=0.00, real=0.00 secs] 
2671.830: [GC (Allocation Failure) [PSYoungGen: 69613K->1453K(70144K)] 413315K->345154K(761856K), 0.0020826 secs] [Times: user=0.00 sys=0.00, real=0.00 secs] 
2671.995: [GC (Allocation Failure) [PSYoungGen: 69549K->1472K(70144K)] 413250K->345189K(761856K), 0.0015841 secs] [Times: user=0.00 sys=0.00, real=0.00 secs] 
2673.390: [GC (Allocation Failure) [PSYoungGen: 69568K->1424K(70144K)] 413285K->345141K(761856K), 0.0041842 secs] [Times: user=0.02 sys=0.00, real=0.00 secs] 
2674.227: [GC (Allocation Failure) [PSYoungGen: 69520K->1344K(70144K)] 413237K->345061K(761856K), 0.0032980 secs] [Times: user=0.01 sys=0.00, real=0.01 secs] 
2674.931: [GC (Allocation Failure) [PSYoungGen: 69440K->1344K(70144K)] 413157K->345061K(761856K), 0.0031739 secs] [Times: user=0.01 sys=0.00, real=0.00 secs] 
2675.690: [GC (Allocation Failure) [PSYoungGen: 69440K->1376K(70144K)] 413157K->345093K(761856K), 0.0031269 secs] [Times: user=0.01 sys=0.00, real=0.00 secs] 
2676.220: [GC (Allocation Failure) [PSYoungGen: 69472K->1517K(70144K)] 413189K->345235K(761856K), 0.0020764 secs] [Times: user=0.01 sys=0.00, real=0.00 secs] 
2676.360: [GC (Allocation Failure) [PSYoungGen: 69613K->1456K(70144K)] 413331K->345173K(761856K), 0.0015225 secs] [Times: user=0.00 sys=0.00, real=0.00 secs] 
2676.479: [GC (Allocation Failure) [PSYoungGen: 69552K->1501K(70144K)] 413269K->345218K(761856K), 0.0015543 secs] [Times: user=0.01 sys=0.00, real=0.00 secs] 
2676.599: [GC (Allocation Failure) [PSYoungGen: 69597K->1504K(70144K)] 413314K->345229K(761856K), 0.0015912 secs] [Times: user=0.00 sys=0.00, real=0.00 secs] 
2676.951: [GC (Allocation Failure) [PSYoungGen: 69600K->1408K(70144K)] 413325K->345133K(761856K), 0.0019152 secs] [Times: user=0.01 sys=0.00, real=0.00 secs] 
2677.275: [GC (Allocation Failure) [PSYoungGen: 69504K->1376K(70144K)] 413229K->345101K(761856K), 0.0018830 secs] [Times: user=0.01 sys=0.00, real=0.00 secs] 
2677.617: [GC (Allocation Failure) [PSYoungGen: 69472K->1408K(70144K)] 413197K->345133K(761856K), 0.0019658 secs] [Times: user=0.01 sys=0.00, real=0.01 secs] 
2678.110: [GC (Allocation Failure) [PSYoungGen: 69504K->1376K(70144K)] 413229K->345109K(761856K), 0.0041423 secs] [Times: user=0.01 sys=0.00, real=0.00 secs] 
2678.442: [GC (Allocation Failure) [PSYoungGen: 69472K->1501K(70144K)] 413205K->345234K(761856K), 0.0020509 secs] [Times: user=0.01 sys=0.00, real=0.00 secs] 
2678.576: [GC (Allocation Failure) [PSYoungGen: 69597K->1501K(70144K)] 413330K->345234K(761856K), 0.0015605 secs] [Times: user=0.01 sys=0.00, real=0.00 secs] 
2678.695: [GC (Allocation Failure) [PSYoungGen: 69597K->1472K(70144K)] 413330K->345205K(761856K), 0.0015509 secs] [Times: user=0.01 sys=0.00, real=0.00 secs] 
2678.815: [GC (Allocation Failure) [PSYoungGen: 69568K->1504K(70144K)] 413301K->345261K(761856K), 0.0017463 secs] [Times: user=0.01 sys=0.00, real=0.00 secs] 
2679.497: [GC (Allocation Failure) [PSYoungGen: 69600K->1456K(70144K)] 413357K->345213K(761856K), 0.0019501 secs] [Times: user=0.01 sys=0.00, real=0.01 secs] 
2680.204: [GC (Allocation Failure) [PSYoungGen: 69552K->1376K(70144K)] 413309K->345133K(761856K), 0.0036026 secs] [Times: user=0.01 sys=0.00, real=0.01 secs] 
2680.822: [GC (Allocation Failure) [PSYoungGen: 69472K->1376K(70144K)] 413229K->345133K(761856K), 0.0025863 secs] [Times: user=0.01 sys=0.00, real=0.00 secs] 
2681.413: [GC (Allocation Failure) [PSYoungGen: 69472K->1344K(70144K)] 413229K->345101K(761856K), 0.0026121 secs] [Times: user=0.01 sys=0.00, real=0.00 secs] 
2681.915: [GC (Allocation Failure) [PSYoungGen: 69440K->1485K(70144K)] 413197K->345242K(761856K), 0.0021050 secs] [Times: user=0.01 sys=0.01, real=0.00 secs] 
2682.050: [GC (Allocation Failure) [PSYoungGen: 69549K->1501K(70144K)] 413306K->345258K(761856K), 0.0015583 secs] [Times: user=0.01 sys=0.00, real=0.00 secs] 
2682.170: [GC (Allocation Failure) [PSYoungGen: 69597K->1501K(70144K)] 413354K->345258K(761856K), 0.0016498 secs] [Times: user=0.01 sys=0.00, real=0.00 secs] 
2682.289: [GC (Allocation Failure) [PSYoungGen: 69597K->1488K(70144K)] 413354K->345253K(761856K), 0.0016087 secs] [Times: user=0.01 sys=0.00, real=0.00 secs] 
2682.846: [GC (Allocation Failure) [PSYoungGen: 69584K->1408K(70144K)] 413349K->345181K(761856K), 0.0021830 secs] [Times: user=0.01 sys=0.00, real=0.00 secs] 
2683.711: [GC (Allocation Failure) [PSYoungGen: 69504K->1408K(70144K)] 413277K->345181K(761856K), 0.0023676 secs] [Times: user=0.01 sys=0.00, real=0.00 secs] 
2684.507: [GC (Allocation Failure) [PSYoungGen: 69504K->1376K(70144K)] 413277K->345149K(761856K), 0.0034640 secs] [Times: user=0.02 sys=0.00, real=0.01 secs] 
2685.395: [GC (Allocation Failure) [PSYoungGen: 69472K->1312K(70144K)] 413245K->345085K(761856K), 0.0033912 secs] [Times: user=0.01 sys=0.01, real=0.01 secs] 
2685.695: [GC (Allocation Failure) [PSYoungGen: 69408K->1469K(70144K)] 413181K->345242K(761856K), 0.0019474 secs] [Times: user=0.00 sys=0.00, real=0.00 secs] 
2685.819: [GC (Allocation Failure) [PSYoungGen: 69565K->1472K(70144K)] 413338K->345245K(761856K), 0.0015593 secs] [Times: user=0.01 sys=0.00, real=0.00 secs] 
2685.938: [GC (Allocation Failure) [PSYoungGen: 69568K->1469K(70144K)] 413341K->345242K(761856K), 0.0015562 secs] [Times: user=0.00 sys=0.00, real=0.00 secs] 
2686.059: [GC (Allocation Failure) [PSYoungGen: 69565K->160K(70144K)] 413338K->343949K(761856K), 0.0015228 secs] [Times: user=0.01 sys=0.00, real=0.00 secs] 
2687.380: [GC (Allocation Failure) [PSYoungGen: 68256K->1376K(70144K)] 412045K->345165K(761856K), 0.0039957 secs] [Times: user=0.02 sys=0.00, real=0.00 secs] 
2688.392: [GC (Allocation Failure) [PSYoungGen: 69472K->1376K(70144K)] 413261K->345165K(761856K), 0.0039991 secs] [Times: user=0.02 sys=0.00, real=0.00 secs] 
2689.169: [GC (Allocation Failure) [PSYoungGen: 69472K->1376K(70144K)] 413261K->345165K(761856K), 0.0027903 secs] [Times: user=0.01 sys=0.00, real=0.00 secs] 
2689.550: [GC (Allocation Failure) [PSYoungGen: 69472K->1344K(70144K)] 413261K->345133K(761856K), 0.0019346 secs] [Times: user=0.01 sys=0.00, real=0.00 secs] 
2689.731: [GC (Allocation Failure) [PSYoungGen: 69440K->1456K(70144K)] 413229K->345245K(761856K), 0.0016186 secs] [Times: user=0.01 sys=0.00, real=0.00 secs] 
2689.851: [GC (Allocation Failure) [PSYoungGen: 69552K->1536K(70144K)] 413341K->345325K(761856K), 0.0015583 secs] [Times: user=0.01 sys=0.00, real=0.00 secs] 
2689.990: [GC (Allocation Failure) [PSYoungGen: 69632K->1488K(70144K)] 413421K->345277K(761856K), 0.0018082 secs] [Times: user=0.01 sys=0.00, real=0.00 secs] 
2690.188: [GC (Allocation Failure) [PSYoungGen: 69584K->1968K(70144K)] 413373K->345757K(761856K), 0.0018756 secs] [Times: user=0.01 sys=0.00, real=0.00 secs] 
2690.924: [GC (Allocation Failure) [PSYoungGen: 70064K->1376K(70144K)] 413853K->345165K(761856K), 0.0033181 secs] [Times: user=0.01 sys=0.00, real=0.00 secs] 
2691.516: [GC (Allocation Failure) [PSYoungGen: 69472K->1376K(70144K)] 413261K->345165K(761856K), 0.0027869 secs] [Times: user=0.01 sys=0.00, real=0.01 secs] 
2691.905: [GC (Allocation Failure) [PSYoungGen: 69472K->1408K(70144K)] 413261K->345197K(761856K), 0.0019202 secs] [Times: user=0.01 sys=0.00, real=0.00 secs] 
2692.188: [GC (Allocation Failure) [PSYoungGen: 69504K->1440K(70144K)] 413293K->345229K(761856K), 0.0018566 secs] [Times: user=0.01 sys=0.00, real=0.00 secs] 
2692.413: [GC (Allocation Failure) [PSYoungGen: 69536K->1501K(70144K)] 413325K->345290K(761856K), 0.0016071 secs] [Times: user=0.00 sys=0.00, real=0.00 secs] 
2692.532: [GC (Allocation Failure) [PSYoungGen: 69597K->1469K(70144K)] 413386K->345258K(761856K), 0.0015748 secs] [Times: user=0.01 sys=0.00, real=0.00 secs] 
2692.653: [GC (Allocation Failure) [PSYoungGen: 69565K->1453K(70144K)] 413354K->345242K(761856K), 0.0018573 secs] [Times: user=0.00 sys=0.00, real=0.00 secs] 
2692.867: [GC (Allocation Failure) [PSYoungGen: 69549K->1984K(70144K)] 413338K->345789K(761856K), 0.0019272 secs] [Times: user=0.00 sys=0.00, real=0.01 secs] 
2693.570: [GC (Allocation Failure) [PSYoungGen: 70080K->1376K(70144K)] 413885K->345181K(761856K), 0.0020519 secs] [Times: user=0.01 sys=0.00, real=0.00 secs] 
2694.290: [GC (Allocation Failure) [PSYoungGen: 69472K->1440K(69632K)] 413277K->345245K(761344K), 0.0019417 secs] [Times: user=0.00 sys=0.00, real=0.00 secs] 
2694.904: [GC (Allocation Failure) [PSYoungGen: 69536K->1408K(69632K)] 413341K->345213K(761344K), 0.0019933 secs] [Times: user=0.01 sys=0.00, real=0.00 secs] 
2695.485: [GC (Allocation Failure) [PSYoungGen: 69504K->1408K(69632K)] 413309K->345213K(761344K), 0.0018592 secs] [Times: user=0.00 sys=0.00, real=0.00 secs] 
2695.649: [GC (Allocation Failure) [PSYoungGen: 69504K->1501K(69632K)] 413309K->345306K(761344K), 0.0016751 secs] [Times: user=0.00 sys=0.00, real=0.00 secs] 
2695.768: [GC (Allocation Failure) [PSYoungGen: 69597K->1504K(69632K)] 413402K->345333K(761344K), 0.0016621 secs] [Times: user=0.00 sys=0.00, real=0.00 secs] 
2695.888: [GC (Allocation Failure) [PSYoungGen: 69600K->1469K(69632K)] 413429K->345314K(761344K), 0.0017160 secs] [Times: user=0.00 sys=0.00, real=0.00 secs] 
2696.163: [GC (Allocation Failure) [PSYoungGen: 69565K->1456K(69632K)] 413410K->345301K(761344K), 0.0022044 secs] [Times: user=0.00 sys=0.00, real=0.00 secs] 
2696.736: [GC (Allocation Failure) [PSYoungGen: 69552K->1344K(69632K)] 413397K->345189K(761344K), 0.0021952 secs] [Times: user=0.01 sys=0.00, real=0.01 secs] 
2697.050: [GC (Allocation Failure) [PSYoungGen: 69440K->1376K(69632K)] 413285K->345221K(761344K), 0.0023801 secs] [Times: user=0.01 sys=0.00, real=0.00 secs] 
2697.588: [GC (Allocation Failure) [PSYoungGen: 69472K->1344K(69632K)] 413317K->345189K(761344K), 0.0022961 secs] [Times: user=0.01 sys=0.00, real=0.01 secs] 
2698.166: [GC (Allocation Failure) [PSYoungGen: 69440K->1360K(69632K)] 413285K->345205K(761344K), 0.0027677 secs] [Times: user=0.01 sys=0.00, real=0.01 secs] 
2698.347: [GC (Allocation Failure) [PSYoungGen: 69432K->1520K(70144K)] 413278K->345365K(761856K), 0.0015649 secs] [Times: user=0.01 sys=0.00, real=0.01 secs] 
2698.466: [GC (Allocation Failure) [PSYoungGen: 69616K->1472K(70144K)] 413461K->345317K(761856K), 0.0016033 secs] [Times: user=0.00 sys=0.00, real=0.01 secs] 
2698.586: [GC (Allocation Failure) [PSYoungGen: 69568K->1472K(70144K)] 413413K->345325K(761856K), 0.0015724 secs] [Times: user=0.00 sys=0.00, real=0.00 secs] 
2699.360: [GC (Allocation Failure) [PSYoungGen: 69568K->1440K(70144K)] 413421K->345293K(761856K), 0.0041208 secs] [Times: user=0.02 sys=0.00, real=0.00 secs] 
2699.958: [GC (Allocation Failure) [PSYoungGen: 69536K->1344K(70144K)] 413389K->345197K(761856K), 0.0024086 secs] [Times: user=0.01 sys=0.00, real=0.01 secs] 
2700.599: [GC (Allocation Failure) [PSYoungGen: 69440K->1376K(70144K)] 413293K->345229K(761856K), 0.0024207 secs] [Times: user=0.01 sys=0.00, real=0.00 secs] 
2701.276: [GC (Allocation Failure) [PSYoungGen: 69472K->1376K(70144K)] 413325K->345229K(761856K), 0.0027695 secs] [Times: user=0.01 sys=0.00, real=0.01 secs] 
2701.932: [GC (Allocation Failure) [PSYoungGen: 69472K->1437K(70144K)] 413325K->345290K(761856K), 0.0027178 secs] [Times: user=0.01 sys=0.00, real=0.00 secs] 
2702.120: [GC (Allocation Failure) [PSYoungGen: 69533K->1488K(70144K)] 413386K->345341K(761856K), 0.0016524 secs] [Times: user=0.01 sys=0.01, real=0.00 secs] 
2702.240: [GC (Allocation Failure) [PSYoungGen: 69584K->1456K(70144K)] 413437K->345309K(761856K), 0.0015570 secs] [Times: user=0.01 sys=0.00, real=0.00 secs] 
2702.360: [GC (Allocation Failure) [PSYoungGen: 69552K->1456K(70144K)] 413405K->345325K(761856K), 0.0015899 secs] [Times: user=0.00 sys=0.00, real=0.00 secs] 
2704.208: [GC (Allocation Failure) [PSYoungGen: 69552K->1440K(70144K)] 413421K->345309K(761856K), 0.0038206 secs] [Times: user=0.01 sys=0.00, real=0.01 secs] 
2705.077: [GC (Allocation Failure) [PSYoungGen: 69536K->1376K(70144K)] 413405K->345245K(761856K), 0.0028086 secs] [Times: user=0.01 sys=0.00, real=0.01 secs] 
2706.287: [GC (Allocation Failure) [PSYoungGen: 69472K->1344K(70144K)] 413341K->345221K(761856K), 0.0040223 secs] [Times: user=0.02 sys=0.00, real=0.01 secs] 
2707.508: [GC (Allocation Failure) [PSYoungGen: 69440K->1344K(70144K)] 413317K->345221K(761856K), 0.0039648 secs] [Times: user=0.02 sys=0.00, real=0.01 secs] 
2708.327: [GC (Allocation Failure) [PSYoungGen: 69440K->1453K(70144K)] 413317K->345331K(761856K), 0.0026343 secs] [Times: user=0.01 sys=0.00, real=0.01 secs] 
2708.508: [GC (Allocation Failure) [PSYoungGen: 69549K->1472K(70144K)] 413427K->345349K(761856K), 0.0015393 secs] [Times: user=0.01 sys=0.00, real=0.01 secs] 
2708.646: [GC (Allocation Failure) [PSYoungGen: 69568K->1517K(70144K)] 413445K->345395K(761856K), 0.0016649 secs] [Times: user=0.01 sys=0.00, real=0.00 secs] 
2708.796: [GC (Allocation Failure) [PSYoungGen: 69613K->1453K(70144K)] 413491K->345338K(761856K), 0.0019610 secs] [Times: user=0.01 sys=0.00, real=0.01 secs] 
2709.385: [GC (Allocation Failure) [PSYoungGen: 69549K->1440K(70144K)] 413434K->345325K(761856K), 0.0024996 secs] [Times: user=0.00 sys=0.00, real=0.00 secs] 
2710.598: [GC (Allocation Failure) [PSYoungGen: 69536K->1376K(70144K)] 413421K->345261K(761856K), 0.0039625 secs] [Times: user=0.02 sys=0.00, real=0.00 secs] 
2711.498: [GC (Allocation Failure) [PSYoungGen: 69472K->1376K(70144K)] 413357K->345261K(761856K), 0.0030352 secs] [Times: user=0.01 sys=0.00, real=0.00 secs] 
2712.525: [GC (Allocation Failure) [PSYoungGen: 69472K->1344K(70144K)] 413357K->345229K(761856K), 0.0031745 secs] [Times: user=0.02 sys=0.00, real=0.01 secs] 
2713.502: [GC (Allocation Failure) [PSYoungGen: 69440K->1389K(70144K)] 413325K->345274K(761856K), 0.0031448 secs] [Times: user=0.01 sys=0.00, real=0.00 secs] 
2713.695: [GC (Allocation Failure) [PSYoungGen: 69485K->1488K(70144K)] 413370K->345373K(761856K), 0.0016354 secs] [Times: user=0.00 sys=0.00, real=0.00 secs] 
2713.833: [GC (Allocation Failure) [PSYoungGen: 69584K->1517K(70144K)] 413469K->345403K(761856K), 0.0018995 secs] [Times: user=0.00 sys=0.00, real=0.00 secs] 
2713.986: [GC (Allocation Failure) [PSYoungGen: 69613K->1453K(70144K)] 413499K->345346K(761856K), 0.0018662 secs] [Times: user=0.00 sys=0.00, real=0.01 secs] 
2714.424: [GC (Allocation Failure) [PSYoungGen: 69549K->1440K(70144K)] 413442K->345333K(761856K), 0.0037571 secs] [Times: user=0.01 sys=0.00, real=0.00 secs] 
2715.089: [GC (Allocation Failure) [PSYoungGen: 69536K->1376K(70144K)] 413429K->345269K(761856K), 0.0025516 secs] [Times: user=0.01 sys=0.00, real=0.00 secs] 
2715.675: [GC (Allocation Failure) [PSYoungGen: 69472K->1408K(70144K)] 413365K->345309K(761856K), 0.0023875 secs] [Times: user=0.02 sys=0.00, real=0.00 secs] 
2715.985: [GC (Allocation Failure) [PSYoungGen: 69504K->1360K(70144K)] 413405K->345261K(761856K), 0.0018784 secs] [Times: user=0.00 sys=0.00, real=0.00 secs] 
2716.261: [GC (Allocation Failure) [PSYoungGen: 69425K->1456K(70144K)] 413327K->345357K(761856K), 0.0017480 secs] [Times: user=0.00 sys=0.00, real=0.00 secs] 
2716.385: [GC (Allocation Failure) [PSYoungGen: 69552K->1469K(70144K)] 413453K->345370K(761856K), 0.0015919 secs] [Times: user=0.01 sys=0.00, real=0.00 secs] 
2716.506: [GC (Allocation Failure) [PSYoungGen: 69565K->1520K(70144K)] 413466K->345421K(761856K), 0.0017547 secs] [Times: user=0.01 sys=0.00, real=0.01 secs] 
2716.646: [GC (Allocation Failure) [PSYoungGen: 69616K->1453K(70144K)] 413517K->345362K(761856K), 0.0018521 secs] [Times: user=0.01 sys=0.00, real=0.00 secs] 
2717.096: [GC (Allocation Failure) [PSYoungGen: 69549K->1424K(69632K)] 413458K->345333K(761344K), 0.0021841 secs] [Times: user=0.01 sys=0.00, real=0.01 secs] 
2717.667: [GC (Allocation Failure) [PSYoungGen: 69520K->1440K(69632K)] 413429K->345349K(761344K), 0.0021281 secs] [Times: user=0.01 sys=0.00, real=0.01 secs] 
2718.240: [GC (Allocation Failure) [PSYoungGen: 69536K->1392K(69632K)] 413445K->345301K(761344K), 0.0035124 secs] [Times: user=0.02 sys=0.00, real=0.00 secs] 
2718.737: [GC (Allocation Failure) [PSYoungGen: 69488K->1424K(69632K)] 413397K->345333K(761344K), 0.0024892 secs] [Times: user=0.01 sys=0.00, real=0.01 secs] 
2719.026: [GC (Allocation Failure) [PSYoungGen: 69520K->1485K(69632K)] 413429K->345395K(761344K), 0.0018729 secs] [Times: user=0.01 sys=0.00, real=0.01 secs] 
2719.181: [GC (Allocation Failure) [PSYoungGen: 69581K->1485K(69632K)] 413491K->345395K(761344K), 0.0024426 secs] [Times: user=0.01 sys=0.00, real=0.00 secs] 
2719.336: [GC (Allocation Failure) [PSYoungGen: 69581K->1485K(69632K)] 413491K->345394K(761344K), 0.0020629 secs] [Times: user=0.01 sys=0.00, real=0.00 secs] 
2719.512: [GC (Allocation Failure) [PSYoungGen: 69581K->1517K(73728K)] 413490K->345435K(765440K), 0.0023069 secs] [Times: user=0.01 sys=0.00, real=0.00 secs] 
2720.026: [GC (Allocation Failure) [PSYoungGen: 73197K->1456K(72704K)] 417115K->345373K(764416K), 0.0028093 secs] [Times: user=0.01 sys=0.00, real=0.01 secs] 
2720.733: [GC (Allocation Failure) [PSYoungGen: 72624K->1408K(72192K)] 416541K->345325K(763904K), 0.0025693 secs] [Times: user=0.01 sys=0.00, real=0.00 secs] 
2721.444: [GC (Allocation Failure) [PSYoungGen: 72064K->1376K(71680K)] 415981K->345293K(763392K), 0.0025783 secs] [Times: user=0.01 sys=0.00, real=0.00 secs] 
2722.074: [GC (Allocation Failure) [PSYoungGen: 71520K->1344K(71168K)] 415437K->345261K(762880K), 0.0028369 secs] [Times: user=0.02 sys=0.00, real=0.00 secs] 
2722.487: [GC (Allocation Failure) [PSYoungGen: 70976K->1501K(70656K)] 414893K->345418K(762368K), 0.0021792 secs] [Times: user=0.01 sys=0.00, real=0.01 secs] 
2722.628: [GC (Allocation Failure) [PSYoungGen: 70621K->1472K(70144K)] 414538K->345389K(761856K), 0.0017329 secs] [Times: user=0.00 sys=0.00, real=0.00 secs] 
2722.749: [GC (Allocation Failure) [PSYoungGen: 70055K->1501K(69632K)] 413972K->345418K(761344K), 0.0016014 secs] [Times: user=0.01 sys=0.00, real=0.00 secs] 
2722.870: [GC (Allocation Failure) [PSYoungGen: 69597K->1533K(69632K)] 413514K->345458K(761344K), 0.0016680 secs] [Times: user=0.01 sys=0.00, real=0.00 secs] 
2723.489: [GC (Allocation Failure) [PSYoungGen: 69629K->1424K(69632K)] 413554K->345365K(761344K), 0.0018896 secs] [Times: user=0.01 sys=0.00, real=0.00 secs] 
2724.158: [GC (Allocation Failure) [PSYoungGen: 69520K->1312K(69632K)] 413461K->345253K(761344K), 0.0019502 secs] [Times: user=0.00 sys=0.00, real=0.01 secs] 
2724.780: [GC (Allocation Failure) [PSYoungGen: 69408K->1408K(69632K)] 413349K->345349K(761344K), 0.0069792 secs] [Times: user=0.03 sys=0.00, real=0.00 secs] 
2725.413: [GC (Allocation Failure) [PSYoungGen: 69504K->1376K(69632K)] 413445K->345317K(761344K), 0.0020498 secs] [Times: user=0.01 sys=0.00, real=0.00 secs] 
2725.741: [GC (Allocation Failure) [PSYoungGen: 69472K->1501K(69632K)] 413413K->345442K(761344K), 0.0017036 secs] [Times: user=0.01 sys=0.00, real=0.00 secs] 
2725.861: [GC (Allocation Failure) [PSYoungGen: 69597K->1469K(69632K)] 413538K->345410K(761344K), 0.0016561 secs] [Times: user=0.00 sys=0.00, real=0.00 secs] 
2725.998: [GC (Allocation Failure) [PSYoungGen: 69565K->1517K(70144K)] 413506K->345459K(761856K), 0.0018052 secs] [Times: user=0.01 sys=0.00, real=0.00 secs] 
2726.149: [GC (Allocation Failure) [PSYoungGen: 69613K->1517K(70144K)] 413555K->345467K(761856K), 0.0016743 secs] [Times: user=0.01 sys=0.00, real=0.00 secs] 
2726.480: [GC (Allocation Failure) [PSYoungGen: 69613K->1440K(70144K)] 413563K->345389K(761856K), 0.0018473 secs] [Times: user=0.00 sys=0.00, real=0.00 secs] 
2726.781: [GC (Allocation Failure) [PSYoungGen: 69536K->1376K(70144K)] 413485K->345325K(761856K), 0.0019473 secs] [Times: user=0.01 sys=0.00, real=0.00 secs] 
2727.204: [GC (Allocation Failure) [PSYoungGen: 69472K->1376K(70144K)] 413421K->345325K(761856K), 0.0020506 secs] [Times: user=0.01 sys=0.00, real=0.00 secs] 
2727.755: [GC (Allocation Failure) [PSYoungGen: 69472K->1376K(70144K)] 413421K->345325K(761856K), 0.0019905 secs] [Times: user=0.01 sys=0.00, real=0.00 secs] 
2728.043: [GC (Allocation Failure) [PSYoungGen: 69472K->1472K(70144K)] 413421K->345421K(761856K), 0.0016187 secs] [Times: user=0.01 sys=0.00, real=0.00 secs] 
2728.163: [GC (Allocation Failure) [PSYoungGen: 69568K->1488K(70144K)] 413517K->345437K(761856K), 0.0017203 secs] [Times: user=0.01 sys=0.00, real=0.00 secs] 
2728.282: [GC (Allocation Failure) [PSYoungGen: 69584K->1501K(70144K)] 413533K->345450K(761856K), 0.0016055 secs] [Times: user=0.01 sys=0.00, real=0.00 secs] 
2728.404: [GC (Allocation Failure) [PSYoungGen: 69597K->1504K(70144K)] 413546K->345469K(761856K), 0.0016008 secs] [Times: user=0.01 sys=0.00, real=0.00 secs] 
2729.051: [GC (Allocation Failure) [PSYoungGen: 69600K->1408K(69632K)] 413565K->345373K(761344K), 0.0022320 secs] [Times: user=0.01 sys=0.00, real=0.00 secs] 
2729.492: [GC (Allocation Failure) [PSYoungGen: 69504K->1408K(69632K)] 413469K->345373K(761344K), 0.0047129 secs] [Times: user=0.02 sys=0.01, real=0.00 secs] 
2730.207: [GC (Allocation Failure) [PSYoungGen: 69504K->1408K(69632K)] 413469K->345373K(761344K), 0.0039270 secs] [Times: user=0.01 sys=0.00, real=0.01 secs] 
2731.177: [GC (Allocation Failure) [PSYoungGen: 69504K->1408K(69632K)] 413469K->345373K(761344K), 0.0046246 secs] [Times: user=0.02 sys=0.00, real=0.01 secs] 
2731.548: [GC (Allocation Failure) [PSYoungGen: 69504K->1485K(69632K)] 413469K->345450K(761344K), 0.0019897 secs] [Times: user=0.01 sys=0.00, real=0.00 secs] 
2731.680: [GC (Allocation Failure) [PSYoungGen: 69581K->1533K(69632K)] 413546K->345498K(761344K), 0.0017097 secs] [Times: user=0.00 sys=0.00, real=0.00 secs] 
2731.800: [GC (Allocation Failure) [PSYoungGen: 69629K->1488K(69632K)] 413594K->345453K(761344K), 0.0016709 secs] [Times: user=0.00 sys=0.00, real=0.00 secs] 
2732.018: [GC (Allocation Failure) [PSYoungGen: 69584K->1536K(70144K)] 413549K->345501K(761856K), 0.0022174 secs] [Times: user=0.01 sys=0.00, real=0.00 secs] 
2733.030: [GC (Allocation Failure) [PSYoungGen: 69632K->384K(68608K)] 413597K->345373K(760320K), 0.0020691 secs] [Times: user=0.01 sys=0.01, real=0.00 secs] 
2733.682: [GC (Allocation Failure) [PSYoungGen: 68480K->320K(70144K)] 413469K->345325K(761856K), 0.0026286 secs] [Times: user=0.01 sys=0.00, real=0.00 secs] 
2734.282: [GC (Allocation Failure) [PSYoungGen: 68416K->288K(68608K)] 413421K->345293K(760320K), 0.0030797 secs] [Times: user=0.01 sys=0.00, real=0.00 secs] 
2734.608: [GC (Allocation Failure) [PSYoungGen: 68384K->352K(70144K)] 413389K->345357K(761856K), 0.0018830 secs] [Times: user=0.01 sys=0.00, real=0.00 secs] 
2734.771: [GC (Allocation Failure) [PSYoungGen: 68448K->1488K(70656K)] 413453K->346493K(762368K), 0.0018721 secs] [Times: user=0.01 sys=0.00, real=0.00 secs] 
2734.909: [GC (Allocation Failure) [PSYoungGen: 69584K->1453K(70656K)] 414589K->346459K(762368K), 0.0019197 secs] [Times: user=0.00 sys=0.00, real=0.00 secs] 
2735.069: [GC (Allocation Failure) [PSYoungGen: 69549K->1453K(70656K)] 414555K->346459K(762368K), 0.0036684 secs] [Times: user=0.01 sys=0.00, real=0.00 secs] 
2735.355: [GC (Allocation Failure) [PSYoungGen: 69549K->1920K(70656K)] 414555K->346933K(762368K), 0.0021280 secs] [Times: user=0.01 sys=0.00, real=0.00 secs] 
2735.913: [GC (Allocation Failure) [PSYoungGen: 70016K->1376K(69632K)] 415029K->346389K(761344K), 0.0031285 secs] [Times: user=0.01 sys=0.00, real=0.00 secs] 
2736.420: [GC (Allocation Failure) [PSYoungGen: 69472K->1360K(69632K)] 414485K->346373K(761344K), 0.0028077 secs] [Times: user=0.01 sys=0.00, real=0.00 secs] 
2736.926: [GC (Allocation Failure) [PSYoungGen: 69456K->1376K(69632K)] 414469K->346389K(761344K), 0.0028241 secs] [Times: user=0.01 sys=0.01, real=0.01 secs] 
2737.625: [GC (Allocation Failure) [PSYoungGen: 69472K->1376K(69632K)] 414485K->346389K(761344K), 0.0027142 secs] [Times: user=0.01 sys=0.00, real=0.00 secs] 
2737.907: [GC (Allocation Failure) [PSYoungGen: 69472K->1517K(69632K)] 414485K->346531K(761344K), 0.0020574 secs] [Times: user=0.01 sys=0.00, real=0.01 secs] 
2738.028: [GC (Allocation Failure) [PSYoungGen: 69613K->1533K(69632K)] 414627K->346547K(761344K), 0.0017309 secs] [Times: user=0.01 sys=0.00, real=0.00 secs] 
2738.148: [GC (Allocation Failure) [PSYoungGen: 69629K->1472K(69632K)] 414643K->346501K(761344K), 0.0016497 secs] [Times: user=0.01 sys=0.00, real=0.00 secs] 
2738.419: [GC (Allocation Failure) [PSYoungGen: 69568K->1456K(69632K)] 414597K->346485K(761344K), 0.0020573 secs] [Times: user=0.01 sys=0.00, real=0.00 secs] 
2738.877: [GC (Allocation Failure) [PSYoungGen: 69552K->1376K(69632K)] 414581K->346405K(761344K), 0.0018620 secs] [Times: user=0.01 sys=0.00, real=0.01 secs] 
2739.631: [GC (Allocation Failure) [PSYoungGen: 69472K->1376K(70144K)] 414501K->346405K(761856K), 0.0023281 secs] [Times: user=0.01 sys=0.00, real=0.00 secs] 
2740.206: [GC (Allocation Failure) [PSYoungGen: 69472K->1376K(70144K)] 414501K->346405K(761856K), 0.0023095 secs] [Times: user=0.01 sys=0.00, real=0.00 secs] 
2740.795: [GC (Allocation Failure) [PSYoungGen: 69472K->1456K(70144K)] 414501K->346485K(761856K), 0.0026837 secs] [Times: user=0.02 sys=0.00, real=0.00 secs] 
2740.982: [GC (Allocation Failure) [PSYoungGen: 69552K->1501K(70144K)] 414581K->346530K(761856K), 0.0015489 secs] [Times: user=0.01 sys=0.00, real=0.00 secs] 
2741.101: [GC (Allocation Failure) [PSYoungGen: 69597K->1520K(70144K)] 414626K->346549K(761856K), 0.0015513 secs] [Times: user=0.00 sys=0.00, real=0.00 secs] 
2741.221: [GC (Allocation Failure) [PSYoungGen: 69616K->1533K(70144K)] 414645K->346571K(761856K), 0.0015606 secs] [Times: user=0.01 sys=0.00, real=0.00 secs] 
2741.405: [GC (Allocation Failure) [PSYoungGen: 69629K->1456K(70144K)] 414667K->346493K(761856K), 0.0018801 secs] [Times: user=0.01 sys=0.00, real=0.00 secs] 
2741.688: [GC (Allocation Failure) [PSYoungGen: 69552K->1376K(70144K)] 414589K->346413K(761856K), 0.0016699 secs] [Times: user=0.01 sys=0.00, real=0.00 secs] 
2742.029: [GC (Allocation Failure) [PSYoungGen: 69472K->1408K(70144K)] 414509K->346445K(761856K), 0.0017483 secs] [Times: user=0.01 sys=0.00, real=0.00 secs] 
2742.564: [GC (Allocation Failure) [PSYoungGen: 69504K->1344K(70144K)] 414541K->346397K(761856K), 0.0018534 secs] [Times: user=0.01 sys=0.00, real=0.00 secs] 
2743.107: [GC (Allocation Failure) [PSYoungGen: 69440K->1437K(70144K)] 414493K->346491K(761856K), 0.0018227 secs] [Times: user=0.01 sys=0.00, real=0.01 secs] 
2743.239: [GC (Allocation Failure) [PSYoungGen: 69533K->1520K(70144K)] 414587K->346573K(761856K), 0.0015672 secs] [Times: user=0.01 sys=0.00, real=0.00 secs] 
2743.359: [GC (Allocation Failure) [PSYoungGen: 69616K->1533K(70144K)] 414669K->346587K(761856K), 0.0015826 secs] [Times: user=0.01 sys=0.00, real=0.00 secs] 
2743.480: [GC (Allocation Failure) [PSYoungGen: 69629K->1469K(70144K)] 414683K->346538K(761856K), 0.0015837 secs] [Times: user=0.01 sys=0.00, real=0.00 secs] 
2743.758: [GC (Allocation Failure) [PSYoungGen: 69565K->1456K(70144K)] 414634K->346525K(761856K), 0.0021012 secs] [Times: user=0.01 sys=0.00, real=0.01 secs] 
2744.069: [GC (Allocation Failure) [PSYoungGen: 69552K->1408K(70144K)] 414621K->346477K(761856K), 0.0020357 secs] [Times: user=0.01 sys=0.00, real=0.00 secs] 
2744.353: [GC (Allocation Failure) [PSYoungGen: 69504K->1344K(70144K)] 414573K->346413K(761856K), 0.0031010 secs] [Times: user=0.01 sys=0.00, real=0.00 secs] 
2744.876: [GC (Allocation Failure) [PSYoungGen: 69440K->1344K(70144K)] 414509K->346413K(761856K), 0.0027234 secs] [Times: user=0.02 sys=0.00, real=0.01 secs] 
2745.383: [GC (Allocation Failure) [PSYoungGen: 69440K->1373K(70144K)] 414509K->346442K(761856K), 0.0039788 secs] [Times: user=0.02 sys=0.00, real=0.00 secs] 
2745.607: [GC (Allocation Failure) [PSYoungGen: 69469K->1453K(70144K)] 414538K->346523K(761856K), 0.0020641 secs] [Times: user=0.01 sys=0.00, real=0.01 secs] 
2745.734: [GC (Allocation Failure) [PSYoungGen: 69549K->1501K(70144K)] 414619K->346571K(761856K), 0.0015935 secs] [Times: user=0.01 sys=0.00, real=0.00 secs] 
2745.855: [GC (Allocation Failure) [PSYoungGen: 69597K->1469K(70144K)] 414667K->346547K(761856K), 0.0015871 secs] [Times: user=0.01 sys=0.00, real=0.00 secs] 
2746.164: [GC (Allocation Failure) [PSYoungGen: 69565K->1392K(70144K)] 414643K->346469K(761856K), 0.0025144 secs] [Times: user=0.01 sys=0.00, real=0.00 secs] 
2746.551: [GC (Allocation Failure) [PSYoungGen: 69488K->1344K(70144K)] 414565K->346421K(761856K), 0.0019561 secs] [Times: user=0.01 sys=0.00, real=0.00 secs] 
2747.039: [GC (Allocation Failure) [PSYoungGen: 69440K->1344K(70144K)] 414517K->346421K(761856K), 0.0019077 secs] [Times: user=0.01 sys=0.00, real=0.00 secs] 
2747.528: [GC (Allocation Failure) [PSYoungGen: 69440K->1376K(70144K)] 414517K->346453K(761856K), 0.0036391 secs] [Times: user=0.01 sys=0.00, real=0.00 secs] 
2748.043: [GC (Allocation Failure) [PSYoungGen: 69472K->1424K(70144K)] 414549K->346501K(761856K), 0.0027567 secs] [Times: user=0.01 sys=0.00, real=0.00 secs] 
2748.216: [GC (Allocation Failure) [PSYoungGen: 69520K->1501K(70144K)] 414597K->346579K(761856K), 0.0015653 secs] [Times: user=0.00 sys=0.00, real=0.00 secs] 
2748.335: [GC (Allocation Failure) [PSYoungGen: 69597K->1504K(70144K)] 414675K->346581K(761856K), 0.0013396 secs] [Times: user=0.01 sys=0.00, real=0.00 secs] 
2748.455: [GC (Allocation Failure) [PSYoungGen: 69600K->1485K(70144K)] 414677K->346579K(761856K), 0.0015767 secs] [Times: user=0.01 sys=0.00, real=0.00 secs] 
2748.709: [GC (Allocation Failure) [PSYoungGen: 69581K->1408K(70144K)] 414675K->346501K(761856K), 0.0019741 secs] [Times: user=0.01 sys=0.00, real=0.00 secs] 
2749.028: [GC (Allocation Failure) [PSYoungGen: 69504K->1376K(70144K)] 414597K->346469K(761856K), 0.0018748 secs] [Times: user=0.01 sys=0.00, real=0.00 secs] 
2749.509: [GC (Allocation Failure) [PSYoungGen: 69472K->1344K(70144K)] 414565K->346437K(761856K), 0.0039387 secs] [Times: user=0.01 sys=0.00, real=0.00 secs] 
2750.098: [GC (Allocation Failure) [PSYoungGen: 69440K->1376K(70144K)] 414533K->346469K(761856K), 0.0029202 secs] [Times: user=0.01 sys=0.00, real=0.00 secs] 
2750.580: [GC (Allocation Failure) [PSYoungGen: 69472K->1437K(70144K)] 414565K->346531K(761856K), 0.0024136 secs] [Times: user=0.01 sys=0.00, real=0.00 secs] 
2750.744: [GC (Allocation Failure) [PSYoungGen: 69533K->1472K(70144K)] 414627K->346565K(761856K), 0.0015878 secs] [Times: user=0.01 sys=0.00, real=0.00 secs] 
2750.865: [GC (Allocation Failure) [PSYoungGen: 69568K->1469K(70144K)] 414661K->346562K(761856K), 0.0014862 secs] [Times: user=0.01 sys=0.00, real=0.00 secs] 
2750.985: [GC (Allocation Failure) [PSYoungGen: 69565K->1501K(70144K)] 414658K->346603K(761856K), 0.0015696 secs] [Times: user=0.01 sys=0.00, real=0.00 secs] 
2751.435: [GC (Allocation Failure) [PSYoungGen: 69597K->1456K(70144K)] 414699K->346557K(761856K), 0.0022529 secs] [Times: user=0.01 sys=0.00, real=0.00 secs] 
2752.159: [GC (Allocation Failure) [PSYoungGen: 69552K->1344K(70144K)] 414653K->346445K(761856K), 0.0028647 secs] [Times: user=0.01 sys=0.01, real=0.00 secs] 
2752.803: [GC (Allocation Failure) [PSYoungGen: 69440K->1376K(70144K)] 414541K->346493K(761856K), 0.0023741 secs] [Times: user=0.01 sys=0.00, real=0.00 secs] 
2753.313: [GC (Allocation Failure) [PSYoungGen: 69472K->1408K(70144K)] 414589K->346525K(761856K), 0.0021025 secs] [Times: user=0.01 sys=0.00, real=0.00 secs] 
2753.754: [GC (Allocation Failure) [PSYoungGen: 69504K->1472K(70144K)] 414621K->346589K(761856K), 0.0019179 secs] [Times: user=0.00 sys=0.00, real=0.00 secs] 
2753.884: [GC (Allocation Failure) [PSYoungGen: 69568K->1472K(70144K)] 414685K->346589K(761856K), 0.0015525 secs] [Times: user=0.00 sys=0.00, real=0.00 secs] 
2754.005: [GC (Allocation Failure) [PSYoungGen: 69568K->1440K(70144K)] 414685K->346557K(761856K), 0.0015592 secs] [Times: user=0.01 sys=0.00, real=0.00 secs] 
2754.126: [GC (Allocation Failure) [PSYoungGen: 69536K->1472K(70144K)] 414653K->346597K(761856K), 0.0015565 secs] [Times: user=0.00 sys=0.00, real=0.00 secs] 
2754.715: [GC (Allocation Failure) [PSYoungGen: 69568K->1424K(70144K)] 414693K->346549K(761856K), 0.0017754 secs] [Times: user=0.01 sys=0.00, real=0.00 secs] 
2755.486: [GC (Allocation Failure) [PSYoungGen: 69520K->1408K(70144K)] 414645K->346533K(761856K), 0.0018375 secs] [Times: user=0.01 sys=0.00, real=0.01 secs] 
2756.107: [GC (Allocation Failure) [PSYoungGen: 69504K->1376K(70144K)] 414629K->346501K(761856K), 0.0018602 secs] [Times: user=0.01 sys=0.00, real=0.01 secs] 
2756.763: [GC (Allocation Failure) [PSYoungGen: 69472K->1360K(70144K)] 414597K->346485K(761856K), 0.0021324 secs] [Times: user=0.01 sys=0.00, real=0.00 secs] 
2757.257: [GC (Allocation Failure) [PSYoungGen: 69456K->1504K(70144K)] 414581K->346629K(761856K), 0.0018704 secs] [Times: user=0.01 sys=0.00, real=0.01 secs] 
2757.382: [GC (Allocation Failure) [PSYoungGen: 69600K->1536K(70144K)] 414725K->346661K(761856K), 0.0015169 secs] [Times: user=0.00 sys=0.00, real=0.00 secs] 
2757.503: [GC (Allocation Failure) [PSYoungGen: 69632K->1536K(70144K)] 414757K->346661K(761856K), 0.0016118 secs] [Times: user=0.01 sys=0.00, real=0.00 secs] 
2757.624: [GC (Allocation Failure) [PSYoungGen: 69632K->1533K(70144K)] 414757K->346674K(761856K), 0.0016053 secs] [Times: user=0.00 sys=0.00, real=0.00 secs] 
2758.275: [GC (Allocation Failure) [PSYoungGen: 69629K->1456K(70144K)] 414770K->346597K(761856K), 0.0019014 secs] [Times: user=0.01 sys=0.00, real=0.00 secs] 
2759.105: [GC (Allocation Failure) [PSYoungGen: 69552K->1376K(70144K)] 414693K->346517K(761856K), 0.0033357 secs] [Times: user=0.01 sys=0.00, real=0.01 secs] 
2759.951: [GC (Allocation Failure) [PSYoungGen: 69472K->1376K(70144K)] 414613K->346517K(761856K), 0.0039430 secs] [Times: user=0.02 sys=0.01, real=0.00 secs] 
2760.651: [GC (Allocation Failure) [PSYoungGen: 69472K->1376K(70144K)] 414613K->346517K(761856K), 0.0027566 secs] [Times: user=0.01 sys=0.00, real=0.00 secs] 
2761.103: [GC (Allocation Failure) [PSYoungGen: 69472K->1440K(70144K)] 414613K->346581K(761856K), 0.0022073 secs] [Times: user=0.01 sys=0.00, real=0.00 secs] 
2761.249: [GC (Allocation Failure) [PSYoungGen: 69536K->1501K(70144K)] 414677K->346643K(761856K), 0.0015081 secs] [Times: user=0.01 sys=0.00, real=0.00 secs] 
2761.369: [GC (Allocation Failure) [PSYoungGen: 69597K->1552K(70144K)] 414739K->346693K(761856K), 0.0015592 secs] [Times: user=0.00 sys=0.00, real=0.00 secs] 
2761.490: [GC (Allocation Failure) [PSYoungGen: 69648K->1440K(70144K)] 414789K->346589K(761856K), 0.0015507 secs] [Times: user=0.00 sys=0.00, real=0.00 secs] 
2761.912: [GC (Allocation Failure) [PSYoungGen: 69536K->1440K(70144K)] 414685K->346589K(761856K), 0.0018751 secs] [Times: user=0.01 sys=0.00, real=0.00 secs] 
2762.504: [GC (Allocation Failure) [PSYoungGen: 69536K->1312K(70144K)] 414685K->346461K(761856K), 0.0022925 secs] [Times: user=0.01 sys=0.00, real=0.00 secs] 
2763.112: [GC (Allocation Failure) [PSYoungGen: 69408K->1376K(70144K)] 414557K->346525K(761856K), 0.0032081 secs] [Times: user=0.01 sys=0.00, real=0.00 secs] 
2763.742: [GC (Allocation Failure) [PSYoungGen: 69472K->1376K(70144K)] 414621K->346541K(761856K), 0.0028008 secs] [Times: user=0.01 sys=0.00, real=0.00 secs] 
2764.151: [GC (Allocation Failure) [PSYoungGen: 69472K->1485K(70144K)] 414637K->346651K(761856K), 0.0020938 secs] [Times: user=0.01 sys=0.00, real=0.00 secs] 
2764.296: [GC (Allocation Failure) [PSYoungGen: 69581K->1501K(70144K)] 414747K->346667K(761856K), 0.0015605 secs] [Times: user=0.00 sys=0.00, real=0.00 secs] 
2764.416: [GC (Allocation Failure) [PSYoungGen: 69597K->1437K(70144K)] 414763K->346602K(761856K), 0.0015609 secs] [Times: user=0.00 sys=0.00, real=0.00 secs] 
2764.536: [GC (Allocation Failure) [PSYoungGen: 69533K->1520K(70144K)] 414698K->346693K(761856K), 0.0017827 secs] [Times: user=0.01 sys=0.00, real=0.00 secs] 
2765.006: [GC (Allocation Failure) [PSYoungGen: 69616K->1472K(70144K)] 414789K->346645K(761856K), 0.0018263 secs] [Times: user=0.01 sys=0.00, real=0.00 secs] 
2765.572: [GC (Allocation Failure) [PSYoungGen: 69568K->1376K(70144K)] 414741K->346549K(761856K), 0.0031034 secs] [Times: user=0.02 sys=0.00, real=0.00 secs] 
2766.056: [GC (Allocation Failure) [PSYoungGen: 69472K->1328K(70144K)] 414645K->346501K(761856K), 0.0025689 secs] [Times: user=0.01 sys=0.00, real=0.01 secs] 
2766.481: [GC (Allocation Failure) [PSYoungGen: 69424K->1376K(70144K)] 414597K->346549K(761856K), 0.0026302 secs] [Times: user=0.01 sys=0.00, real=0.00 secs] 
2766.849: [GC (Allocation Failure) [PSYoungGen: 69456K->1469K(70144K)] 414630K->346643K(761856K), 0.0024514 secs] [Times: user=0.01 sys=0.00, real=0.00 secs] 
2767.019: [GC (Allocation Failure) [PSYoungGen: 69565K->1437K(70144K)] 414739K->346610K(761856K), 0.0017194 secs] [Times: user=0.00 sys=0.01, real=0.00 secs] 
2767.138: [GC (Allocation Failure) [PSYoungGen: 69533K->1456K(70144K)] 414706K->346629K(761856K), 0.0015656 secs] [Times: user=0.01 sys=0.00, real=0.00 secs] 
2767.259: [GC (Allocation Failure) [PSYoungGen: 69552K->1469K(70144K)] 414725K->346650K(761856K), 0.0015411 secs] [Times: user=0.01 sys=0.00, real=0.00 secs] 
2767.860: [GC (Allocation Failure) [PSYoungGen: 69565K->1376K(70144K)] 414746K->346557K(761856K), 0.0029716 secs] [Times: user=0.01 sys=0.00, real=0.00 secs] 
2768.400: [GC (Allocation Failure) [PSYoungGen: 69472K->1376K(70144K)] 414653K->346557K(761856K), 0.0026042 secs] [Times: user=0.01 sys=0.00, real=0.00 secs] 
2769.042: [GC (Allocation Failure) [PSYoungGen: 69472K->1376K(70144K)] 414653K->346557K(761856K), 0.0027929 secs] [Times: user=0.01 sys=0.00, real=0.00 secs] 
2769.731: [GC (Allocation Failure) [PSYoungGen: 69472K->1408K(70144K)] 414653K->346589K(761856K), 0.0050700 secs] [Times: user=0.02 sys=0.00, real=0.00 secs] 
2770.058: [GC (Allocation Failure) [PSYoungGen: 69504K->1485K(70144K)] 414685K->346667K(761856K), 0.0021341 secs] [Times: user=0.01 sys=0.00, real=0.00 secs] 
2770.192: [GC (Allocation Failure) [PSYoungGen: 69581K->1501K(70144K)] 414763K->346682K(761856K), 0.0015642 secs] [Times: user=0.01 sys=0.00, real=0.00 secs] 
2770.312: [GC (Allocation Failure) [PSYoungGen: 69597K->1552K(70144K)] 414778K->346733K(761856K), 0.0017224 secs] [Times: user=0.00 sys=0.00, real=0.00 secs] 
2770.432: [GC (Allocation Failure) [PSYoungGen: 69648K->1472K(70144K)] 414829K->346661K(761856K), 0.0015780 secs] [Times: user=0.01 sys=0.00, real=0.00 secs] 
2771.063: [GC (Allocation Failure) [PSYoungGen: 69568K->1472K(70144K)] 414757K->346661K(761856K), 0.0018874 secs] [Times: user=0.00 sys=0.00, real=0.00 secs] 
2771.731: [GC (Allocation Failure) [PSYoungGen: 69568K->1376K(70144K)] 414757K->346565K(761856K), 0.0036259 secs] [Times: user=0.02 sys=0.00, real=0.00 secs] 
2772.162: [GC (Allocation Failure) [PSYoungGen: 69472K->1408K(70144K)] 414661K->346597K(761856K), 0.0019675 secs] [Times: user=0.01 sys=0.00, real=0.00 secs] 
2772.445: [GC (Allocation Failure) [PSYoungGen: 69504K->1408K(70144K)] 414693K->346597K(761856K), 0.0020233 secs] [Times: user=0.01 sys=0.00, real=0.00 secs] 
2772.629: [GC (Allocation Failure) [PSYoungGen: 69504K->1536K(70144K)] 414693K->346725K(761856K), 0.0016902 secs] [Times: user=0.01 sys=0.00, real=0.00 secs] 
2772.749: [GC (Allocation Failure) [PSYoungGen: 69632K->1472K(70144K)] 414821K->346677K(761856K), 0.0015756 secs] [Times: user=0.01 sys=0.00, real=0.00 secs] 
2772.869: [GC (Allocation Failure) [PSYoungGen: 69568K->1488K(70144K)] 414773K->346693K(761856K), 0.0015669 secs] [Times: user=0.01 sys=0.00, real=0.00 secs] 
2772.989: [GC (Allocation Failure) [PSYoungGen: 69584K->1501K(70144K)] 414789K->346715K(761856K), 0.0015997 secs] [Times: user=0.01 sys=0.00, real=0.00 secs] 
2773.518: [GC (Allocation Failure) [PSYoungGen: 69597K->1376K(70144K)] 414811K->346589K(761856K), 0.0018143 secs] [Times: user=0.01 sys=0.00, real=0.01 secs] 
2774.105: [GC (Allocation Failure) [PSYoungGen: 69472K->1376K(70144K)] 414685K->346589K(761856K), 0.0020371 secs] [Times: user=0.01 sys=0.00, real=0.00 secs] 
2774.607: [GC (Allocation Failure) [PSYoungGen: 69472K->1376K(70144K)] 414685K->346597K(761856K), 0.0027746 secs] [Times: user=0.01 sys=0.00, real=0.01 secs] 
2775.193: [GC (Allocation Failure) [PSYoungGen: 69472K->1328K(70144K)] 414693K->346549K(761856K), 0.0028231 secs] [Times: user=0.01 sys=0.00, real=0.00 secs] 
2775.546: [GC (Allocation Failure) [PSYoungGen: 69424K->1485K(70144K)] 414645K->346707K(761856K), 0.0020097 secs] [Times: user=0.00 sys=0.00, real=0.00 secs] 
2775.678: [GC (Allocation Failure) [PSYoungGen: 69581K->1501K(70144K)] 414803K->346722K(761856K), 0.0017474 secs] [Times: user=0.00 sys=0.00, real=0.01 secs] 
2775.816: [GC (Allocation Failure) [PSYoungGen: 69597K->1421K(70144K)] 414818K->346643K(761856K), 0.0020377 secs] [Times: user=0.01 sys=0.00, real=0.01 secs] 
2776.034: [GC (Allocation Failure) [PSYoungGen: 69517K->1488K(70144K)] 414739K->346717K(761856K), 0.0034249 secs] [Times: user=0.02 sys=0.00, real=0.00 secs] 
2776.930: [GC (Allocation Failure) [PSYoungGen: 69584K->1344K(70144K)] 414813K->346573K(761856K), 0.0040772 secs] [Times: user=0.01 sys=0.00, real=0.00 secs] 
2777.663: [GC (Allocation Failure) [PSYoungGen: 69440K->1408K(70144K)] 414669K->346637K(761856K), 0.0029084 secs] [Times: user=0.01 sys=0.00, real=0.00 secs] 
2778.269: [GC (Allocation Failure) [PSYoungGen: 69504K->1344K(70144K)] 414733K->346573K(761856K), 0.0028268 secs] [Times: user=0.01 sys=0.00, real=0.00 secs] 
2778.767: [GC (Allocation Failure) [PSYoungGen: 69440K->1376K(70144K)] 414669K->346605K(761856K), 0.0022199 secs] [Times: user=0.01 sys=0.00, real=0.01 secs] 
2778.966: [GC (Allocation Failure) [PSYoungGen: 69472K->1472K(70144K)] 414701K->346701K(761856K), 0.0015872 secs] [Times: user=0.00 sys=0.00, real=0.01 secs] 
2779.089: [GC (Allocation Failure) [PSYoungGen: 69568K->1533K(70144K)] 414797K->346762K(761856K), 0.0015819 secs] [Times: user=0.01 sys=0.00, real=0.00 secs] 
2779.209: [GC (Allocation Failure) [PSYoungGen: 69629K->1488K(70144K)] 414858K->346717K(761856K), 0.0015277 secs] [Times: user=0.01 sys=0.00, real=0.00 secs] 
2779.829: [GC (Allocation Failure) [PSYoungGen: 69584K->1952K(70144K)] 414813K->347181K(761856K), 0.0040058 secs] [Times: user=0.02 sys=0.00, real=0.00 secs] 
2780.961: [GC (Allocation Failure) [PSYoungGen: 70048K->1376K(70144K)] 415277K->346605K(761856K), 0.0030450 secs] [Times: user=0.01 sys=0.00, real=0.00 secs] 
2781.756: [GC (Allocation Failure) [PSYoungGen: 69472K->1376K(70144K)] 414701K->346605K(761856K), 0.0028184 secs] [Times: user=0.02 sys=0.00, real=0.01 secs] 
2782.399: [GC (Allocation Failure) [PSYoungGen: 69472K->1328K(70144K)] 414701K->346557K(761856K), 0.0028931 secs] [Times: user=0.01 sys=0.00, real=0.00 secs] 
2783.190: [GC (Allocation Failure) [PSYoungGen: 69424K->1376K(70144K)] 414653K->346605K(761856K), 0.0027548 secs] [Times: user=0.01 sys=0.00, real=0.00 secs] 
2783.456: [GC (Allocation Failure) [PSYoungGen: 69472K->1485K(70144K)] 414701K->346715K(761856K), 0.0019334 secs] [Times: user=0.01 sys=0.00, real=0.01 secs] 
2783.580: [GC (Allocation Failure) [PSYoungGen: 69581K->1533K(70144K)] 414811K->346763K(761856K), 0.0016060 secs] [Times: user=0.00 sys=0.00, real=0.00 secs] 
2783.700: [GC (Allocation Failure) [PSYoungGen: 69629K->1517K(70144K)] 414859K->346763K(761856K), 0.0015595 secs] [Times: user=0.01 sys=0.00, real=0.00 secs] 
2784.172: [GC (Allocation Failure) [PSYoungGen: 69613K->1440K(70144K)] 414859K->346685K(761856K), 0.0026769 secs] [Times: user=0.01 sys=0.00, real=0.00 secs] 
2785.590: [GC (Allocation Failure) [PSYoungGen: 69536K->1376K(70144K)] 414781K->346637K(761856K), 0.0035465 secs] [Times: user=0.02 sys=0.00, real=0.00 secs] 
2786.466: [GC (Allocation Failure) [PSYoungGen: 69472K->1344K(70144K)] 414733K->346605K(761856K), 0.0039052 secs] [Times: user=0.01 sys=0.00, real=0.01 secs] 
2787.127: [GC (Allocation Failure) [PSYoungGen: 69440K->1312K(70144K)] 414701K->346573K(761856K), 0.0028961 secs] [Times: user=0.01 sys=0.00, real=0.01 secs] 
2787.949: [GC (Allocation Failure) [PSYoungGen: 69408K->1405K(70144K)] 414669K->346674K(761856K), 0.0038687 secs] [Times: user=0.02 sys=0.00, real=0.00 secs] 
2788.182: [GC (Allocation Failure) [PSYoungGen: 69501K->1517K(70144K)] 414770K->346787K(761856K), 0.0020356 secs] [Times: user=0.01 sys=0.00, real=0.00 secs] 
2788.309: [GC (Allocation Failure) [PSYoungGen: 69613K->1533K(70144K)] 414883K->346803K(761856K), 0.0015503 secs] [Times: user=0.01 sys=0.00, real=0.00 secs] 
2788.429: [GC (Allocation Failure) [PSYoungGen: 69629K->1501K(70144K)] 414899K->346787K(761856K), 0.0015545 secs] [Times: user=0.01 sys=0.00, real=0.00 secs] 
2788.646: [GC (Allocation Failure) [PSYoungGen: 69597K->1440K(70144K)] 414883K->346725K(761856K), 0.0017294 secs] [Times: user=0.01 sys=0.00, real=0.00 secs] 
2789.278: [GC (Allocation Failure) [PSYoungGen: 69536K->1408K(70144K)] 414821K->346693K(761856K), 0.0019071 secs] [Times: user=0.00 sys=0.00, real=0.01 secs] 
2789.794: [GC (Allocation Failure) [PSYoungGen: 69504K->1376K(70144K)] 414789K->346661K(761856K), 0.0025770 secs] [Times: user=0.01 sys=0.00, real=0.00 secs] 
2790.404: [GC (Allocation Failure) [PSYoungGen: 69472K->1376K(70144K)] 414757K->346661K(761856K), 0.0028524 secs] [Times: user=0.02 sys=0.00, real=0.00 secs] 
2791.029: [GC (Allocation Failure) [PSYoungGen: 69472K->1424K(70144K)] 414757K->346709K(761856K), 0.0025715 secs] [Times: user=0.01 sys=0.00, real=0.00 secs] 
2791.209: [GC (Allocation Failure) [PSYoungGen: 69520K->1472K(70144K)] 414805K->346757K(761856K), 0.0015284 secs] [Times: user=0.00 sys=0.00, real=0.00 secs] 
2791.328: [GC (Allocation Failure) [PSYoungGen: 69568K->1501K(70144K)] 414853K->346786K(761856K), 0.0016001 secs] [Times: user=0.00 sys=0.00, real=0.00 secs] 
2791.448: [GC (Allocation Failure) [PSYoungGen: 69597K->1469K(70144K)] 414882K->346770K(761856K), 0.0016003 secs] [Times: user=0.01 sys=0.00, real=0.00 secs] 
2791.721: [GC (Allocation Failure) [PSYoungGen: 69565K->1456K(70144K)] 414866K->346757K(761856K), 0.0019499 secs] [Times: user=0.01 sys=0.00, real=0.00 secs] 
2792.391: [GC (Allocation Failure) [PSYoungGen: 69552K->1376K(70144K)] 414853K->346677K(761856K), 0.0020771 secs] [Times: user=0.01 sys=0.00, real=0.00 secs] 
2793.104: [GC (Allocation Failure) [PSYoungGen: 69472K->1328K(70144K)] 414773K->346629K(761856K), 0.0038431 secs] [Times: user=0.01 sys=0.00, real=0.01 secs] 
2793.704: [GC (Allocation Failure) [PSYoungGen: 69424K->1376K(70144K)] 414725K->346685K(761856K), 0.0023820 secs] [Times: user=0.01 sys=0.00, real=0.00 secs] 
2794.334: [GC (Allocation Failure) [PSYoungGen: 69472K->1456K(70144K)] 414781K->346765K(761856K), 0.0023875 secs] [Times: user=0.01 sys=0.01, real=0.00 secs] 
2794.501: [GC (Allocation Failure) [PSYoungGen: 69552K->1520K(70144K)] 414861K->346829K(761856K), 0.0015369 secs] [Times: user=0.01 sys=0.00, real=0.00 secs] 
2794.639: [GC (Allocation Failure) [PSYoungGen: 69616K->1453K(70144K)] 414925K->346763K(761856K), 0.0018345 secs] [Times: user=0.00 sys=0.00, real=0.00 secs] 
2794.790: [GC (Allocation Failure) [PSYoungGen: 69549K->1453K(70144K)] 414859K->346771K(761856K), 0.0027585 secs] [Times: user=0.01 sys=0.00, real=0.00 secs] 
2795.261: [GC (Allocation Failure) [PSYoungGen: 69549K->1440K(69632K)] 414867K->346757K(761344K), 0.0025183 secs] [Times: user=0.01 sys=0.00, real=0.00 secs] 
2796.038: [GC (Allocation Failure) [PSYoungGen: 69536K->1408K(69632K)] 414853K->346725K(761344K), 0.0042977 secs] [Times: user=0.01 sys=0.00, real=0.00 secs] 
2796.695: [GC (Allocation Failure) [PSYoungGen: 69504K->1344K(69632K)] 414821K->346661K(761344K), 0.0026354 secs] [Times: user=0.01 sys=0.01, real=0.01 secs] 
2797.257: [GC (Allocation Failure) [PSYoungGen: 69440K->1408K(69632K)] 414757K->346725K(761344K), 0.0035168 secs] [Times: user=0.01 sys=0.00, real=0.01 secs] 
2797.762: [GC (Allocation Failure) [PSYoungGen: 69504K->1424K(69632K)] 414821K->346741K(761344K), 0.0023075 secs] [Times: user=0.01 sys=0.00, real=0.00 secs] 
2797.917: [GC (Allocation Failure) [PSYoungGen: 69520K->1536K(70144K)] 414837K->346853K(761856K), 0.0016395 secs] [Times: user=0.00 sys=0.00, real=0.01 secs] 
2798.037: [GC (Allocation Failure) [PSYoungGen: 69632K->477K(68608K)] 414949K->346818K(760320K), 0.0017548 secs] [Times: user=0.01 sys=0.00, real=0.01 secs] 
2798.156: [GC (Allocation Failure) [PSYoungGen: 68573K->461K(70144K)] 414914K->346811K(761856K), 0.0015502 secs] [Times: user=0.01 sys=0.00, real=0.01 secs] 
2798.899: [GC (Allocation Failure) [PSYoungGen: 68557K->1440K(69632K)] 414907K->347789K(761344K), 0.0032281 secs] [Times: user=0.01 sys=0.00, real=0.00 secs] 
2799.886: [GC (Allocation Failure) [PSYoungGen: 69536K->1312K(69632K)] 415885K->347661K(761344K), 0.0032374 secs] [Times: user=0.01 sys=0.00, real=0.01 secs] 
2800.756: [GC (Allocation Failure) [PSYoungGen: 69408K->1344K(69632K)] 415757K->347693K(761344K), 0.0030518 secs] [Times: user=0.01 sys=0.00, real=0.01 secs] 
2801.485: [GC (Allocation Failure) [PSYoungGen: 69440K->1376K(69632K)] 415789K->347725K(761344K), 0.0029357 secs] [Times: user=0.01 sys=0.00, real=0.00 secs] 
2801.887: [GC (Allocation Failure) [PSYoungGen: 69472K->1424K(69632K)] 415821K->347773K(761344K), 0.0019667 secs] [Times: user=0.01 sys=0.00, real=0.01 secs] 
2802.018: [GC (Allocation Failure) [PSYoungGen: 69520K->1501K(69632K)] 415869K->347851K(761344K), 0.0017993 secs] [Times: user=0.00 sys=0.00, real=0.00 secs] 
2802.138: [GC (Allocation Failure) [PSYoungGen: 69597K->1504K(70144K)] 415947K->347853K(761856K), 0.0017355 secs] [Times: user=0.00 sys=0.00, real=0.01 secs] 
2802.259: [GC (Allocation Failure) [PSYoungGen: 69600K->1501K(70144K)] 415949K->347867K(761856K), 0.0016262 secs] [Times: user=0.00 sys=0.00, real=0.00 secs] 
2802.646: [GC (Allocation Failure) [PSYoungGen: 69597K->1456K(69632K)] 415963K->347821K(761344K), 0.0020984 secs] [Times: user=0.00 sys=0.01, real=0.01 secs] 
2803.489: [GC (Allocation Failure) [PSYoungGen: 69552K->1376K(69632K)] 415917K->347741K(761344K), 0.0031518 secs] [Times: user=0.02 sys=0.00, real=0.00 secs] 
2804.059: [GC (Allocation Failure) [PSYoungGen: 69472K->1376K(69632K)] 415837K->347757K(761344K), 0.0032285 secs] [Times: user=0.01 sys=0.00, real=0.00 secs] 
2804.385: [GC (Allocation Failure) [PSYoungGen: 69472K->1392K(69632K)] 415853K->347773K(761344K), 0.0022236 secs] [Times: user=0.01 sys=0.00, real=0.00 secs] 
2804.668: [GC (Allocation Failure) [PSYoungGen: 69488K->1469K(69632K)] 415869K->347851K(761344K), 0.0015173 secs] [Times: user=0.00 sys=0.00, real=0.01 secs] 
2804.788: [GC (Allocation Failure) [PSYoungGen: 69565K->1469K(69632K)] 415947K->347851K(761344K), 0.0023929 secs] [Times: user=0.01 sys=0.00, real=0.01 secs] 
2804.910: [GC (Allocation Failure) [PSYoungGen: 69565K->1504K(73728K)] 415947K->347885K(765440K), 0.0015407 secs] [Times: user=0.01 sys=0.00, real=0.00 secs] 
2805.038: [GC (Allocation Failure) [PSYoungGen: 73696K->1501K(74240K)] 420077K->347891K(765952K), 0.0016077 secs] [Times: user=0.01 sys=0.00, real=0.00 secs] 
2805.880: [GC (Allocation Failure) [PSYoungGen: 73693K->1440K(73216K)] 420083K->347829K(764928K), 0.0037063 secs] [Times: user=0.01 sys=0.00, real=0.00 secs] 
2806.892: [GC (Allocation Failure) [PSYoungGen: 73120K->1312K(72704K)] 419509K->347701K(764416K), 0.0024840 secs] [Times: user=0.01 sys=0.00, real=0.00 secs] 
2807.625: [GC (Allocation Failure) [PSYoungGen: 72480K->1344K(72192K)] 418869K->347733K(763904K), 0.0026564 secs] [Times: user=0.01 sys=0.00, real=0.00 secs] 
2808.267: [GC (Allocation Failure) [PSYoungGen: 72000K->1408K(71680K)] 418389K->347797K(763392K), 0.0029306 secs] [Times: user=0.01 sys=0.00, real=0.01 secs] 
2808.606: [GC (Allocation Failure) [PSYoungGen: 71552K->1501K(71168K)] 417941K->347891K(762880K), 0.0019638 secs] [Times: user=0.01 sys=0.00, real=0.01 secs] 
2808.735: [GC (Allocation Failure) [PSYoungGen: 71133K->1565K(71168K)] 417523K->347955K(762880K), 0.0017275 secs] [Times: user=0.00 sys=0.00, real=0.00 secs] 
2808.858: [GC (Allocation Failure) [PSYoungGen: 70685K->416K(69120K)] 417075K->347829K(760832K), 0.0015967 secs] [Times: user=0.00 sys=0.00, real=0.00 secs] 
2808.978: [GC (Allocation Failure) [PSYoungGen: 69024K->525K(70144K)] 416437K->347947K(761856K), 0.0015489 secs] [Times: user=0.01 sys=0.00, real=0.00 secs] 
2809.367: [GC (Allocation Failure) [PSYoungGen: 68621K->1440K(69632K)] 416043K->348861K(761344K), 0.0019200 secs] [Times: user=0.01 sys=0.00, real=0.01 secs] 
2809.650: [GC (Allocation Failure) [PSYoungGen: 69536K->1408K(69632K)] 416957K->348829K(761344K), 0.0019877 secs] [Times: user=0.01 sys=0.00, real=0.00 secs] 
2809.932: [GC (Allocation Failure) [PSYoungGen: 69504K->1376K(69632K)] 416925K->348797K(761344K), 0.0017525 secs] [Times: user=0.01 sys=0.00, real=0.00 secs] 
2810.215: [GC (Allocation Failure) [PSYoungGen: 69472K->1408K(69632K)] 416893K->348829K(761344K), 0.0020090 secs] [Times: user=0.01 sys=0.00, real=0.00 secs] 
2810.402: [GC (Allocation Failure) [PSYoungGen: 69504K->1469K(69632K)] 416925K->348891K(761344K), 0.0016538 secs] [Times: user=0.01 sys=0.01, real=0.00 secs] 
2810.523: [GC (Allocation Failure) [PSYoungGen: 69565K->1501K(69632K)] 416987K->348923K(761344K), 0.0017850 secs] [Times: user=0.01 sys=0.00, real=0.00 secs] 
2810.645: [GC (Allocation Failure) [PSYoungGen: 69597K->1504K(74240K)] 417019K->348949K(765952K), 0.0018008 secs] [Times: user=0.01 sys=0.00, real=0.00 secs] 
2811.098: [GC (Allocation Failure) [PSYoungGen: 74208K->1680K(74240K)] 421653K->349125K(765952K), 0.0037347 secs] [Times: user=0.01 sys=0.00, real=0.01 secs] 
2812.262: [GC (Allocation Failure) [PSYoungGen: 73872K->1408K(73216K)] 421317K->348869K(764928K), 0.0025812 secs] [Times: user=0.01 sys=0.00, real=0.00 secs] 
2812.983: [GC (Allocation Failure) [PSYoungGen: 73088K->1344K(72704K)] 420549K->348805K(764416K), 0.0023097 secs] [Times: user=0.01 sys=0.00, real=0.00 secs] 
2813.680: [GC (Allocation Failure) [PSYoungGen: 72512K->1376K(72192K)] 419973K->348837K(763904K), 0.0021159 secs] [Times: user=0.01 sys=0.00, real=0.00 secs] 
2814.370: [GC (Allocation Failure) [PSYoungGen: 72032K->1456K(71680K)] 419493K->348917K(763392K), 0.0025505 secs] [Times: user=0.01 sys=0.00, real=0.00 secs] 
2814.543: [GC (Allocation Failure) [PSYoungGen: 71569K->1469K(71168K)] 419030K->348931K(762880K), 0.0016586 secs] [Times: user=0.01 sys=0.00, real=0.00 secs] 
2814.666: [GC (Allocation Failure) [PSYoungGen: 71101K->1536K(71168K)] 418563K->348997K(762880K), 0.0019419 secs] [Times: user=0.01 sys=0.00, real=0.00 secs] 
2814.807: [GC (Allocation Failure) [PSYoungGen: 70656K->477K(69120K)] 418117K->348963K(760832K), 0.0019865 secs] [Times: user=0.00 sys=0.00, real=0.01 secs] 
2815.328: [GC (Allocation Failure) [PSYoungGen: 69085K->1440K(70144K)] 417571K->349925K(761856K), 0.0021686 secs] [Times: user=0.01 sys=0.00, real=0.01 secs] 
2815.972: [GC (Allocation Failure) [PSYoungGen: 69536K->1344K(69632K)] 418021K->349829K(761344K), 0.0029782 secs] [Times: user=0.01 sys=0.00, real=0.00 secs] 
2816.698: [GC (Allocation Failure) [PSYoungGen: 69440K->1344K(70144K)] 417925K->349829K(761856K), 0.0030001 secs] [Times: user=0.02 sys=0.00, real=0.01 secs] 
2817.250: [GC (Allocation Failure) [PSYoungGen: 69440K->1376K(70144K)] 417925K->349861K(761856K), 0.0025860 secs] [Times: user=0.01 sys=0.00, real=0.00 secs] 
2817.791: [GC (Allocation Failure) [PSYoungGen: 69472K->1408K(70144K)] 417957K->349893K(761856K), 0.0022021 secs] [Times: user=0.00 sys=0.00, real=0.00 secs] 
2817.942: [GC (Allocation Failure) [PSYoungGen: 69504K->1533K(70144K)] 417989K->350019K(761856K), 0.0015571 secs] [Times: user=0.00 sys=0.00, real=0.00 secs] 
2818.062: [GC (Allocation Failure) [PSYoungGen: 69629K->1469K(70144K)] 418115K->349955K(761856K), 0.0015490 secs] [Times: user=0.00 sys=0.00, real=0.00 secs] 
2818.182: [GC (Allocation Failure) [PSYoungGen: 69565K->1488K(70144K)] 418051K->349981K(761856K), 0.0015519 secs] [Times: user=0.01 sys=0.00, real=0.00 secs] 
2818.553: [GC (Allocation Failure) [PSYoungGen: 69584K->1456K(70144K)] 418077K->349949K(761856K), 0.0020565 secs] [Times: user=0.01 sys=0.00, real=0.00 secs] 
2818.837: [GC (Allocation Failure) [PSYoungGen: 69552K->1408K(70144K)] 418045K->349901K(761856K), 0.0019347 secs] [Times: user=0.01 sys=0.00, real=0.01 secs] 
2819.122: [GC (Allocation Failure) [PSYoungGen: 69504K->1408K(70144K)] 417997K->349901K(761856K), 0.0023513 secs] [Times: user=0.01 sys=0.00, real=0.00 secs] 
2819.513: [GC (Allocation Failure) [PSYoungGen: 69504K->1376K(70144K)] 417997K->349869K(761856K), 0.0023968 secs] [Times: user=0.01 sys=0.00, real=0.00 secs] 
2819.762: [GC (Allocation Failure) [PSYoungGen: 69472K->1504K(70144K)] 417965K->349997K(761856K), 0.0018486 secs] [Times: user=0.01 sys=0.00, real=0.00 secs] 
2819.883: [GC (Allocation Failure) [PSYoungGen: 69600K->1472K(70144K)] 418093K->349965K(761856K), 0.0015573 secs] [Times: user=0.01 sys=0.00, real=0.00 secs] 
2820.004: [GC (Allocation Failure) [PSYoungGen: 69568K->1501K(70144K)] 418061K->349995K(761856K), 0.0015654 secs] [Times: user=0.00 sys=0.00, real=0.00 secs] 
2820.124: [GC (Allocation Failure) [PSYoungGen: 69597K->1501K(70144K)] 418091K->350003K(761856K), 0.0017511 secs] [Times: user=0.01 sys=0.00, real=0.00 secs] 
2820.387: [GC (Allocation Failure) [PSYoungGen: 69597K->1440K(70144K)] 418099K->349941K(761856K), 0.0017618 secs] [Times: user=0.01 sys=0.00, real=0.01 secs] 
2820.733: [GC (Allocation Failure) [PSYoungGen: 69536K->1408K(70144K)] 418037K->349909K(761856K), 0.0018115 secs] [Times: user=0.00 sys=0.00, real=0.00 secs] 
2821.163: [GC (Allocation Failure) [PSYoungGen: 69504K->1408K(70144K)] 418005K->349925K(761856K), 0.0035677 secs] [Times: user=0.02 sys=0.00, real=0.00 secs] 
2821.723: [GC (Allocation Failure) [PSYoungGen: 69504K->1344K(70144K)] 418021K->349861K(761856K), 0.0028118 secs] [Times: user=0.01 sys=0.00, real=0.00 secs] 
2822.148: [GC (Allocation Failure) [PSYoungGen: 69440K->1437K(70144K)] 417957K->349955K(761856K), 0.0022418 secs] [Times: user=0.01 sys=0.00, real=0.01 secs] 
2822.300: [GC (Allocation Failure) [PSYoungGen: 69533K->1504K(70144K)] 418051K->350021K(761856K), 0.0015801 secs] [Times: user=0.00 sys=0.00, real=0.00 secs] 
2822.419: [GC (Allocation Failure) [PSYoungGen: 69600K->1501K(70144K)] 418117K->350019K(761856K), 0.0015562 secs] [Times: user=0.00 sys=0.00, real=0.00 secs] 
2822.539: [GC (Allocation Failure) [PSYoungGen: 69597K->1437K(70144K)] 418115K->349971K(761856K), 0.0015812 secs] [Times: user=0.01 sys=0.00, real=0.00 secs] 
2822.791: [GC (Allocation Failure) [PSYoungGen: 69533K->1440K(70144K)] 418067K->349973K(761856K), 0.0018326 secs] [Times: user=0.00 sys=0.00, real=0.00 secs] 
2823.074: [GC (Allocation Failure) [PSYoungGen: 69536K->1408K(70144K)] 418069K->349941K(761856K), 0.0017457 secs] [Times: user=0.00 sys=0.00, real=0.00 secs] 
2823.357: [GC (Allocation Failure) [PSYoungGen: 69504K->1408K(70144K)] 418037K->349941K(761856K), 0.0016795 secs] [Times: user=0.01 sys=0.00, real=0.01 secs] 
2823.639: [GC (Allocation Failure) [PSYoungGen: 69504K->1376K(70144K)] 418037K->349909K(761856K), 0.0017182 secs] [Times: user=0.01 sys=0.00, real=0.00 secs] 
2823.868: [GC (Allocation Failure) [PSYoungGen: 69472K->1469K(70144K)] 418005K->350003K(761856K), 0.0016324 secs] [Times: user=0.00 sys=0.00, real=0.00 secs] 
2823.988: [GC (Allocation Failure) [PSYoungGen: 69556K->1488K(70144K)] 418089K->350021K(761856K), 0.0015704 secs] [Times: user=0.00 sys=0.00, real=0.00 secs] 
2824.107: [GC (Allocation Failure) [PSYoungGen: 69584K->1501K(70144K)] 418117K->350035K(761856K), 0.0017738 secs] [Times: user=0.00 sys=0.00, real=0.01 secs] 
2824.228: [GC (Allocation Failure) [PSYoungGen: 69597K->1469K(77312K)] 418131K->350019K(769024K), 0.0016526 secs] [Times: user=0.00 sys=0.00, real=0.01 secs] 
2824.521: [GC (Allocation Failure) [PSYoungGen: 76733K->1440K(76288K)] 425283K->349989K(768000K), 0.0016233 secs] [Times: user=0.01 sys=0.00, real=0.00 secs] 
2824.831: [GC (Allocation Failure) [PSYoungGen: 76192K->1360K(75776K)] 424741K->349909K(767488K), 0.0016422 secs] [Times: user=0.01 sys=0.00, real=0.00 secs] 
2825.157: [GC (Allocation Failure) [PSYoungGen: 75600K->1376K(75264K)] 424149K->349925K(766976K), 0.0030894 secs] [Times: user=0.01 sys=0.00, real=0.01 secs] 
2825.463: [GC (Allocation Failure) [PSYoungGen: 75104K->1376K(74752K)] 423653K->349925K(766464K), 0.0021902 secs] [Times: user=0.01 sys=0.00, real=0.00 secs] 
2825.805: [GC (Allocation Failure) [PSYoungGen: 74592K->1469K(74240K)] 423141K->350019K(765952K), 0.0015250 secs] [Times: user=0.01 sys=0.00, real=0.00 secs] 
2825.955: [GC (Allocation Failure) [PSYoungGen: 74173K->1453K(73728K)] 422723K->350003K(765440K), 0.0019570 secs] [Times: user=0.01 sys=0.00, real=0.00 secs] 
2826.126: [GC (Allocation Failure) [PSYoungGen: 73645K->1485K(73216K)] 422195K->350035K(764928K), 0.0022801 secs] [Times: user=0.00 sys=0.00, real=0.01 secs] 
2826.616: [GC (Allocation Failure) [PSYoungGen: 73165K->1392K(72704K)] 421715K->349949K(764416K), 0.0028493 secs] [Times: user=0.01 sys=0.00, real=0.01 secs] 
2827.337: [GC (Allocation Failure) [PSYoungGen: 72560K->1376K(72192K)] 421117K->349933K(763904K), 0.0058162 secs] [Times: user=0.02 sys=0.00, real=0.01 secs] 
2827.824: [GC (Allocation Failure) [PSYoungGen: 72032K->1344K(71680K)] 420589K->349901K(763392K), 0.0024846 secs] [Times: user=0.01 sys=0.00, real=0.00 secs] 
2828.344: [GC (Allocation Failure) [PSYoungGen: 71488K->1344K(71168K)] 420045K->349901K(762880K), 0.0024274 secs] [Times: user=0.01 sys=0.00, real=0.00 secs] 
2828.774: [GC (Allocation Failure) [PSYoungGen: 70976K->1453K(70656K)] 419533K->350011K(762368K), 0.0021556 secs] [Times: user=0.01 sys=0.00, real=0.00 secs] 
2828.955: [GC (Allocation Failure) [PSYoungGen: 70573K->1485K(70144K)] 419131K->350043K(761856K), 0.0021257 secs] [Times: user=0.01 sys=0.00, real=0.00 secs] 
2829.108: [GC (Allocation Failure) [PSYoungGen: 70093K->1456K(69632K)] 418651K->350013K(761344K), 0.0016220 secs] [Times: user=0.00 sys=0.00, real=0.01 secs] 
2829.230: [GC (Allocation Failure) [PSYoungGen: 69552K->1520K(70144K)] 418109K->350077K(761856K), 0.0015646 secs] [Times: user=0.01 sys=0.00, real=0.00 secs] 
2829.789: [GC (Allocation Failure) [PSYoungGen: 69616K->1376K(70144K)] 418173K->349933K(761856K), 0.0029523 secs] [Times: user=0.01 sys=0.00, real=0.00 secs] 
2830.179: [GC (Allocation Failure) [PSYoungGen: 69472K->1344K(70144K)] 418029K->349901K(761856K), 0.0020588 secs] [Times: user=0.01 sys=0.00, real=0.00 secs] 
2830.547: [GC (Allocation Failure) [PSYoungGen: 69440K->1344K(70144K)] 417997K->349901K(761856K), 0.0021041 secs] [Times: user=0.00 sys=0.00, real=0.01 secs] 
2831.159: [GC (Allocation Failure) [PSYoungGen: 69440K->1344K(70144K)] 417997K->349901K(761856K), 0.0020674 secs] [Times: user=0.01 sys=0.00, real=0.00 secs] 
2831.547: [GC (Allocation Failure) [PSYoungGen: 69440K->1453K(70144K)] 417997K->350011K(761856K), 0.0017970 secs] [Times: user=0.00 sys=0.00, real=0.01 secs] 
2831.668: [GC (Allocation Failure) [PSYoungGen: 69549K->1469K(70144K)] 418107K->350027K(761856K), 0.0015994 secs] [Times: user=0.01 sys=0.00, real=0.01 secs] 
2831.789: [GC (Allocation Failure) [PSYoungGen: 69565K->1520K(70144K)] 418123K->350077K(761856K), 0.0015885 secs] [Times: user=0.00 sys=0.00, real=0.00 secs] 
2831.908: [GC (Allocation Failure) [PSYoungGen: 69616K->1533K(70144K)] 418173K->350099K(761856K), 0.0023178 secs] [Times: user=0.01 sys=0.00, real=0.00 secs] 
2832.505: [GC (Allocation Failure) [PSYoungGen: 69629K->1408K(69632K)] 418195K->349981K(761344K), 0.0018781 secs] [Times: user=0.01 sys=0.00, real=0.00 secs] 
2833.160: [GC (Allocation Failure) [PSYoungGen: 69504K->1344K(69632K)] 418077K->349917K(761344K), 0.0026164 secs] [Times: user=0.02 sys=0.00, real=0.00 secs] 
2833.678: [GC (Allocation Failure) [PSYoungGen: 69440K->1344K(69632K)] 418013K->349917K(761344K), 0.0020062 secs] [Times: user=0.01 sys=0.00, real=0.00 secs] 
2833.961: [GC (Allocation Failure) [PSYoungGen: 69440K->1344K(69632K)] 418013K->349917K(761344K), 0.0021633 secs] [Times: user=0.01 sys=0.00, real=0.00 secs] 
2834.196: [GC (Allocation Failure) [PSYoungGen: 69440K->1485K(69632K)] 418013K->350059K(761344K), 0.0015441 secs] [Times: user=0.01 sys=0.00, real=0.01 secs] 
2834.316: [GC (Allocation Failure) [PSYoungGen: 69581K->1501K(69632K)] 418155K->350075K(761344K), 0.0017583 secs] [Times: user=0.01 sys=0.00, real=0.00 secs] 
2834.435: [GC (Allocation Failure) [PSYoungGen: 69597K->1469K(69632K)] 418171K->350043K(761344K), 0.0015549 secs] [Times: user=0.01 sys=0.00, real=0.00 secs] 
2834.555: [GC (Allocation Failure) [PSYoungGen: 69565K->1565K(74240K)] 418139K->350147K(765952K), 0.0018192 secs] [Times: user=0.01 sys=0.00, real=0.00 secs] 
2835.087: [GC (Allocation Failure) [PSYoungGen: 73757K->1424K(73216K)] 422339K->350005K(764928K), 0.0021003 secs] [Times: user=0.01 sys=0.00, real=0.01 secs] 
2835.654: [GC (Allocation Failure) [PSYoungGen: 73104K->1376K(72704K)] 421685K->349957K(764416K), 0.0021083 secs] [Times: user=0.01 sys=0.00, real=0.00 secs] 
2836.513: [GC (Allocation Failure) [PSYoungGen: 72544K->1344K(72192K)] 421125K->349925K(763904K), 0.0024213 secs] [Times: user=0.01 sys=0.00, real=0.00 secs] 
2837.360: [GC (Allocation Failure) [PSYoungGen: 72000K->1376K(71680K)] 420581K->349957K(763392K), 0.0028322 secs] [Times: user=0.01 sys=0.00, real=0.00 secs] 
2837.726: [GC (Allocation Failure) [PSYoungGen: 71520K->1501K(71168K)] 420101K->350083K(762880K), 0.0020432 secs] [Times: user=0.01 sys=0.00, real=0.01 secs] 
2837.856: [GC (Allocation Failure) [PSYoungGen: 71133K->1568K(71168K)] 419715K->350149K(762880K), 0.0018237 secs] [Times: user=0.01 sys=0.00, real=0.01 secs] 
2837.998: [GC (Allocation Failure) [PSYoungGen: 70688K->461K(69120K)] 419269K->350067K(760832K), 0.0020062 secs] [Times: user=0.00 sys=0.00, real=0.01 secs] 
2838.250: [GC (Allocation Failure) [PSYoungGen: 69069K->1936K(70144K)] 418675K->351541K(761856K), 0.0020857 secs] [Times: user=0.01 sys=0.00, real=0.00 secs] 
2838.990: [GC (Allocation Failure) [PSYoungGen: 70032K->1408K(69632K)] 419637K->351013K(761344K), 0.0021773 secs] [Times: user=0.01 sys=0.00, real=0.00 secs] 
2840.021: [GC (Allocation Failure) [PSYoungGen: 69504K->1376K(69632K)] 419109K->350981K(761344K), 0.0028483 secs] [Times: user=0.01 sys=0.01, real=0.00 secs] 
2840.712: [GC (Allocation Failure) [PSYoungGen: 69472K->1344K(69632K)] 419077K->350949K(761344K), 0.0029269 secs] [Times: user=0.01 sys=0.00, real=0.00 secs] 
2841.447: [GC (Allocation Failure) [PSYoungGen: 69440K->1376K(69632K)] 419045K->350981K(761344K), 0.0033640 secs] [Times: user=0.01 sys=0.00, real=0.01 secs] 
2841.738: [GC (Allocation Failure) [PSYoungGen: 69472K->1517K(69632K)] 419077K->351123K(761344K), 0.0019723 secs] [Times: user=0.00 sys=0.00, real=0.00 secs] 
2841.893: [GC (Allocation Failure) [PSYoungGen: 69613K->1485K(69632K)] 419219K->351091K(761344K), 0.0020222 secs] [Times: user=0.01 sys=0.00, real=0.00 secs] 
2842.051: [GC (Allocation Failure) [PSYoungGen: 69581K->1456K(69632K)] 419187K->351061K(761344K), 0.0016506 secs] [Times: user=0.00 sys=0.00, real=0.00 secs] 
2842.279: [GC (Allocation Failure) [PSYoungGen: 69552K->1440K(70144K)] 419157K->351045K(761856K), 0.0021957 secs] [Times: user=0.01 sys=0.00, real=0.00 secs] 
2843.012: [GC (Allocation Failure) [PSYoungGen: 69536K->1344K(70144K)] 419141K->350949K(761856K), 0.0031953 secs] [Times: user=0.01 sys=0.00, real=0.00 secs] 
2843.679: [GC (Allocation Failure) [PSYoungGen: 69440K->1376K(70144K)] 419045K->350981K(761856K), 0.0025053 secs] [Times: user=0.01 sys=0.00, real=0.00 secs] 
2844.245: [GC (Allocation Failure) [PSYoungGen: 69472K->1376K(70144K)] 419077K->350997K(761856K), 0.0035677 secs] [Times: user=0.01 sys=0.00, real=0.01 secs] 
2844.806: [GC (Allocation Failure) [PSYoungGen: 69472K->1424K(70144K)] 419093K->351045K(761856K), 0.0027750 secs] [Times: user=0.01 sys=0.00, real=0.01 secs] 
2844.987: [GC (Allocation Failure) [PSYoungGen: 69520K->1456K(70144K)] 419141K->351077K(761856K), 0.0015944 secs] [Times: user=0.01 sys=0.00, real=0.01 secs] 
2845.107: [GC (Allocation Failure) [PSYoungGen: 69552K->1440K(70144K)] 419173K->351061K(761856K), 0.0015735 secs] [Times: user=0.01 sys=0.00, real=0.01 secs] 
2845.226: [GC (Allocation Failure) [PSYoungGen: 69536K->1440K(70144K)] 419157K->351069K(761856K), 0.0015936 secs] [Times: user=0.01 sys=0.00, real=0.01 secs] 
2846.207: [GC (Allocation Failure) [PSYoungGen: 69536K->1456K(70144K)] 419165K->351085K(761856K), 0.0025877 secs] [Times: user=0.01 sys=0.00, real=0.01 secs] 
2846.811: [GC (Allocation Failure) [PSYoungGen: 69552K->1344K(70144K)] 419181K->350973K(761856K), 0.0025068 secs] [Times: user=0.01 sys=0.00, real=0.00 secs] 
2847.141: [GC (Allocation Failure) [PSYoungGen: 69440K->1376K(70144K)] 419069K->351005K(761856K), 0.0021284 secs] [Times: user=0.01 sys=0.00, real=0.00 secs] 
2847.569: [GC (Allocation Failure) [PSYoungGen: 69472K->1376K(70144K)] 419101K->351005K(761856K), 0.0018890 secs] [Times: user=0.00 sys=0.00, real=0.00 secs] 
2848.100: [GC (Allocation Failure) [PSYoungGen: 69472K->1405K(70144K)] 419101K->351035K(761856K), 0.0019072 secs] [Times: user=0.00 sys=0.00, real=0.00 secs] 
2848.234: [GC (Allocation Failure) [PSYoungGen: 69501K->1469K(70144K)] 419131K->351099K(761856K), 0.0017343 secs] [Times: user=0.00 sys=0.00, real=0.00 secs] 
2848.354: [GC (Allocation Failure) [PSYoungGen: 69565K->1501K(70144K)] 419195K->351131K(761856K), 0.0015635 secs] [Times: user=0.00 sys=0.00, real=0.00 secs] 
2848.474: [GC (Allocation Failure) [PSYoungGen: 69597K->1501K(70144K)] 419227K->351147K(761856K), 0.0015794 secs] [Times: user=0.00 sys=0.00, real=0.00 secs] 
2848.802: [GC (Allocation Failure) [PSYoungGen: 69597K->1408K(70144K)] 419243K->351061K(761856K), 0.0018536 secs] [Times: user=0.01 sys=0.01, real=0.00 secs] 
2849.457: [GC (Allocation Failure) [PSYoungGen: 69504K->1424K(70144K)] 419157K->351077K(761856K), 0.0026744 secs] [Times: user=0.01 sys=0.00, real=0.01 secs] 
2849.736: [GC (Allocation Failure) [PSYoungGen: 69520K->1344K(70144K)] 419173K->350997K(761856K), 0.0028598 secs] [Times: user=0.01 sys=0.00, real=0.01 secs] 
2850.154: [GC (Allocation Failure) [PSYoungGen: 69440K->1376K(70144K)] 419093K->351029K(761856K), 0.0021584 secs] [Times: user=0.01 sys=0.00, real=0.00 secs] 
2850.624: [GC (Allocation Failure) [PSYoungGen: 69472K->1424K(70144K)] 419125K->351077K(761856K), 0.0021010 secs] [Times: user=0.01 sys=0.00, real=0.00 secs] 
2850.763: [GC (Allocation Failure) [PSYoungGen: 69520K->1437K(70144K)] 419173K->351091K(761856K), 0.0015167 secs] [Times: user=0.01 sys=0.00, real=0.00 secs] 
2850.902: [GC (Allocation Failure) [PSYoungGen: 69533K->1517K(70144K)] 419187K->351171K(761856K), 0.0018922 secs] [Times: user=0.01 sys=0.00, real=0.00 secs] 
2851.055: [GC (Allocation Failure) [PSYoungGen: 69613K->1485K(70144K)] 419267K->351147K(761856K), 0.0021166 secs] [Times: user=0.01 sys=0.00, real=0.00 secs] 
2851.504: [GC (Allocation Failure) [PSYoungGen: 69581K->1392K(70144K)] 419243K->351053K(761856K), 0.0025556 secs] [Times: user=0.01 sys=0.00, real=0.00 secs] 
2851.788: [GC (Allocation Failure) [PSYoungGen: 69488K->1376K(70144K)] 419149K->351045K(761856K), 0.0040729 secs] [Times: user=0.02 sys=0.00, real=0.01 secs] 
2852.073: [GC (Allocation Failure) [PSYoungGen: 69472K->1312K(70144K)] 419141K->350981K(761856K), 0.0020873 secs] [Times: user=0.01 sys=0.00, real=0.00 secs] 
2852.358: [GC (Allocation Failure) [PSYoungGen: 69408K->1376K(70144K)] 419077K->351045K(761856K), 0.0028320 secs] [Times: user=0.01 sys=0.00, real=0.01 secs] 
2852.642: [GC (Allocation Failure) [PSYoungGen: 69472K->1520K(70144K)] 419141K->351189K(761856K), 0.0022109 secs] [Times: user=0.01 sys=0.00, real=0.00 secs] 
2852.841: [GC (Allocation Failure) [PSYoungGen: 69616K->1517K(70144K)] 419285K->351187K(761856K), 0.0020588 secs] [Times: user=0.01 sys=0.00, real=0.00 secs] 
2852.969: [GC (Allocation Failure) [PSYoungGen: 69613K->1437K(70144K)] 419283K->351107K(761856K), 0.0017829 secs] [Times: user=0.00 sys=0.00, real=0.00 secs] 
2853.108: [GC (Allocation Failure) [PSYoungGen: 69533K->1533K(77312K)] 419203K->351227K(769024K), 0.0018008 secs] [Times: user=0.01 sys=0.00, real=0.00 secs] 
2853.383: [GC (Allocation Failure) [PSYoungGen: 76797K->1408K(77312K)] 426491K->351101K(769024K), 0.0019457 secs] [Times: user=0.00 sys=0.00, real=0.00 secs] 
2853.697: [GC (Allocation Failure) [PSYoungGen: 76672K->1376K(76288K)] 426365K->351069K(768000K), 0.0020295 secs] [Times: user=0.00 sys=0.01, real=0.01 secs] 
2854.008: [GC (Allocation Failure) [PSYoungGen: 76128K->1344K(75776K)] 425821K->351037K(767488K), 0.0018078 secs] [Times: user=0.01 sys=0.00, real=0.00 secs] 
2854.316: [GC (Allocation Failure) [PSYoungGen: 75584K->1344K(75264K)] 425277K->351045K(766976K), 0.0017455 secs] [Times: user=0.01 sys=0.00, real=0.00 secs] 
2854.524: [GC (Allocation Failure) [PSYoungGen: 75072K->1517K(74752K)] 424773K->351219K(766464K), 0.0016333 secs] [Times: user=0.01 sys=0.00, real=0.00 secs] 
2854.653: [GC (Allocation Failure) [PSYoungGen: 74733K->1437K(74240K)] 424435K->351139K(765952K), 0.0015744 secs] [Times: user=0.00 sys=0.00, real=0.00 secs] 
2854.804: [GC (Allocation Failure) [PSYoungGen: 74141K->1469K(73728K)] 423843K->351171K(765440K), 0.0018356 secs] [Times: user=0.01 sys=0.00, real=0.00 secs] 
2855.043: [GC (Allocation Failure) [PSYoungGen: 73661K->1408K(73216K)] 423363K->351109K(764928K), 0.0022376 secs] [Times: user=0.01 sys=0.00, real=0.00 secs] 
2855.341: [GC (Allocation Failure) [PSYoungGen: 73088K->1376K(72704K)] 422789K->351077K(764416K), 0.0021020 secs] [Times: user=0.01 sys=0.00, real=0.00 secs] 
2855.647: [GC (Allocation Failure) [PSYoungGen: 72544K->1408K(72192K)] 422245K->351109K(763904K), 0.0018507 secs] [Times: user=0.01 sys=0.00, real=0.01 secs] 
2855.941: [GC (Allocation Failure) [PSYoungGen: 72064K->1392K(71680K)] 421765K->351093K(763392K), 0.0021697 secs] [Times: user=0.00 sys=0.00, real=0.00 secs] 
2856.372: [GC (Allocation Failure) [PSYoungGen: 71509K->1504K(71168K)] 421211K->351213K(762880K), 0.0021756 secs] [Times: user=0.01 sys=0.00, real=0.00 secs] 
2856.589: [GC (Allocation Failure) [PSYoungGen: 71136K->1453K(70656K)] 420845K->351163K(762368K), 0.0022599 secs] [Times: user=0.01 sys=0.00, real=0.00 secs] 
2856.774: [GC (Allocation Failure) [PSYoungGen: 70573K->1517K(70144K)] 420283K->351227K(761856K), 0.0021064 secs] [Times: user=0.01 sys=0.00, real=0.00 secs] 
2856.965: [GC (Allocation Failure) [PSYoungGen: 70099K->1469K(69632K)] 419808K->351179K(761344K), 0.0023816 secs] [Times: user=0.01 sys=0.00, real=0.00 secs] 
2857.543: [GC (Allocation Failure) [PSYoungGen: 69565K->1424K(69632K)] 419275K->351149K(761344K), 0.0038003 secs] [Times: user=0.02 sys=0.00, real=0.00 secs] 
2858.347: [GC (Allocation Failure) [PSYoungGen: 69520K->1360K(69632K)] 419245K->351085K(761344K), 0.0036565 secs] [Times: user=0.01 sys=0.00, real=0.01 secs] 
2859.128: [GC (Allocation Failure) [PSYoungGen: 69456K->1376K(69632K)] 419181K->351101K(761344K), 0.0028651 secs] [Times: user=0.01 sys=0.00, real=0.01 secs] 
2859.816: [GC (Allocation Failure) [PSYoungGen: 69472K->1376K(69632K)] 419197K->351101K(761344K), 0.0023581 secs] [Times: user=0.01 sys=0.00, real=0.01 secs] 
2860.301: [GC (Allocation Failure) [PSYoungGen: 69472K->1421K(69632K)] 419197K->351163K(761344K), 0.0021726 secs] [Times: user=0.01 sys=0.00, real=0.00 secs] 
2860.478: [GC (Allocation Failure) [PSYoungGen: 69517K->1485K(69632K)] 419259K->351227K(761344K), 0.0024037 secs] [Times: user=0.01 sys=0.00, real=0.01 secs] 
2860.633: [GC (Allocation Failure) [PSYoungGen: 69581K->1501K(69632K)] 419323K->351243K(761344K), 0.0016384 secs] [Times: user=0.01 sys=0.00, real=0.00 secs] 
2860.753: [GC (Allocation Failure) [PSYoungGen: 69597K->1469K(69632K)] 419339K->351227K(761344K), 0.0016886 secs] [Times: user=0.01 sys=0.00, real=0.00 secs] 
2861.290: [GC (Allocation Failure) [PSYoungGen: 69565K->1408K(69632K)] 419323K->351165K(761344K), 0.0041567 secs] [Times: user=0.01 sys=0.00, real=0.00 secs] 
2861.906: [GC (Allocation Failure) [PSYoungGen: 69504K->1344K(69632K)] 419261K->351101K(761344K), 0.0030645 secs] [Times: user=0.01 sys=0.00, real=0.01 secs] 
2862.522: [GC (Allocation Failure) [PSYoungGen: 69440K->1376K(69632K)] 419197K->351133K(761344K), 0.0031432 secs] [Times: user=0.01 sys=0.00, real=0.00 secs] 
2863.043: [GC (Allocation Failure) [PSYoungGen: 69472K->1408K(69632K)] 419229K->351165K(761344K), 0.0056379 secs] [Times: user=0.02 sys=0.00, real=0.01 secs] 
2863.343: [GC (Allocation Failure) [PSYoungGen: 69504K->1517K(69632K)] 419261K->351275K(761344K), 0.0019151 secs] [Times: user=0.01 sys=0.00, real=0.00 secs] 
2863.472: [GC (Allocation Failure) [PSYoungGen: 69613K->1469K(69632K)] 419371K->351227K(761344K), 0.0016915 secs] [Times: user=0.00 sys=0.00, real=0.00 secs] 
2863.592: [GC (Allocation Failure) [PSYoungGen: 69565K->1501K(69632K)] 419323K->351259K(761344K), 0.0015647 secs] [Times: user=0.01 sys=0.00, real=0.00 secs] 
2863.712: [GC (Allocation Failure) [PSYoungGen: 69597K->1488K(70144K)] 419355K->351261K(761856K), 0.0016083 secs] [Times: user=0.00 sys=0.00, real=0.00 secs] 
2864.282: [GC (Allocation Failure) [PSYoungGen: 69584K->1456K(69632K)] 419357K->351229K(761344K), 0.0034550 secs] [Times: user=0.01 sys=0.00, real=0.00 secs] 
2864.852: [GC (Allocation Failure) [PSYoungGen: 69552K->1424K(69632K)] 419325K->351197K(761344K), 0.0031357 secs] [Times: user=0.02 sys=0.00, real=0.00 secs] 
2865.500: [GC (Allocation Failure) [PSYoungGen: 69520K->1376K(69632K)] 419293K->351149K(761344K), 0.0025261 secs] [Times: user=0.01 sys=0.00, real=0.00 secs] 
2865.991: [GC (Allocation Failure) [PSYoungGen: 69472K->1376K(69632K)] 419245K->351157K(761344K), 0.0026496 secs] [Times: user=0.01 sys=0.00, real=0.00 secs] 
2866.443: [GC (Allocation Failure) [PSYoungGen: 69472K->1485K(69632K)] 419253K->351267K(761344K), 0.0027148 secs] [Times: user=0.01 sys=0.00, real=0.00 secs] 
2866.615: [GC (Allocation Failure) [PSYoungGen: 69581K->1501K(69632K)] 419363K->351283K(761344K), 0.0018003 secs] [Times: user=0.01 sys=0.00, real=0.00 secs] 
2866.737: [GC (Allocation Failure) [PSYoungGen: 69597K->1504K(69632K)] 419379K->351285K(761344K), 0.0016284 secs] [Times: user=0.01 sys=0.00, real=0.01 secs] 
2866.857: [GC (Allocation Failure) [PSYoungGen: 69600K->1424K(73728K)] 419381K->351221K(765440K), 0.0016908 secs] [Times: user=0.01 sys=0.00, real=0.01 secs] 
2867.520: [GC (Allocation Failure) [PSYoungGen: 73104K->1440K(72704K)] 422901K->351237K(764416K), 0.0026515 secs] [Times: user=0.01 sys=0.00, real=0.00 secs] 
2868.054: [GC (Allocation Failure) [PSYoungGen: 72608K->1408K(72192K)] 422405K->351205K(763904K), 0.0023971 secs] [Times: user=0.01 sys=0.00, real=0.00 secs] 
2868.353: [GC (Allocation Failure) [PSYoungGen: 72064K->1376K(71680K)] 421861K->351173K(763392K), 0.0019251 secs] [Times: user=0.01 sys=0.00, real=0.00 secs] 
2868.737: [GC (Allocation Failure) [PSYoungGen: 71520K->1376K(71168K)] 421317K->351173K(762880K), 0.0021689 secs] [Times: user=0.01 sys=0.00, real=0.01 secs] 
2868.994: [GC (Allocation Failure) [PSYoungGen: 71008K->1504K(70656K)] 420805K->351301K(762368K), 0.0015918 secs] [Times: user=0.01 sys=0.00, real=0.00 secs] 
2869.118: [GC (Allocation Failure) [PSYoungGen: 70624K->1533K(70144K)] 420421K->351331K(761856K), 0.0016582 secs] [Times: user=0.01 sys=0.00, real=0.01 secs] 
2869.238: [GC (Allocation Failure) [PSYoungGen: 70120K->1533K(69632K)] 419918K->351331K(761344K), 0.0015775 secs] [Times: user=0.01 sys=0.00, real=0.00 secs] 
2869.359: [GC (Allocation Failure) [PSYoungGen: 69629K->1440K(69632K)] 419427K->351237K(761344K), 0.0014920 secs] [Times: user=0.00 sys=0.00, real=0.00 secs] 
2870.140: [GC (Allocation Failure) [PSYoungGen: 69536K->1408K(69632K)] 419333K->351205K(761344K), 0.0019738 secs] [Times: user=0.01 sys=0.00, real=0.00 secs] 
2870.890: [GC (Allocation Failure) [PSYoungGen: 69504K->1376K(69632K)] 419301K->351173K(761344K), 0.0043852 secs] [Times: user=0.01 sys=0.00, real=0.00 secs] 
2871.620: [GC (Allocation Failure) [PSYoungGen: 69472K->1376K(69632K)] 419269K->351173K(761344K), 0.0029611 secs] [Times: user=0.01 sys=0.00, real=0.00 secs] 
2872.193: [GC (Allocation Failure) [PSYoungGen: 69472K->1376K(69632K)] 419269K->351173K(761344K), 0.0033950 secs] [Times: user=0.01 sys=0.00, real=0.00 secs] 
2872.589: [GC (Allocation Failure) [PSYoungGen: 69472K->1485K(69632K)] 419269K->351283K(761344K), 0.0020756 secs] [Times: user=0.00 sys=0.00, real=0.00 secs] 
2872.720: [GC (Allocation Failure) [PSYoungGen: 69581K->1501K(69632K)] 419379K->351299K(761344K), 0.0017079 secs] [Times: user=0.01 sys=0.00, real=0.00 secs] 
2872.840: [GC (Allocation Failure) [PSYoungGen: 69597K->1536K(70144K)] 419395K->351333K(761856K), 0.0019093 secs] [Times: user=0.00 sys=0.00, real=0.00 secs] 
2873.336: [GC (Allocation Failure) [PSYoungGen: 69632K->1744K(70144K)] 419429K->351557K(761856K), 0.0020508 secs] [Times: user=0.01 sys=0.00, real=0.01 secs] 
2874.220: [GC (Allocation Failure) [PSYoungGen: 69840K->1408K(70144K)] 419653K->351221K(761856K), 0.0021425 secs] [Times: user=0.01 sys=0.00, real=0.00 secs] 
2874.530: [GC (Allocation Failure) [PSYoungGen: 69504K->1360K(70144K)] 419317K->351173K(761856K), 0.0021259 secs] [Times: user=0.00 sys=0.00, real=0.00 secs] 
2874.868: [GC (Allocation Failure) [PSYoungGen: 69456K->1376K(70144K)] 419269K->351189K(761856K), 0.0019587 secs] [Times: user=0.01 sys=0.00, real=0.00 secs] 
2875.206: [GC (Allocation Failure) [PSYoungGen: 69472K->1312K(70144K)] 419285K->351125K(761856K), 0.0020982 secs] [Times: user=0.01 sys=0.00, real=0.01 secs] 
2875.370: [GC (Allocation Failure) [PSYoungGen: 69408K->1501K(70144K)] 419221K->351315K(761856K), 0.0015646 secs] [Times: user=0.01 sys=0.00, real=0.00 secs] 
2875.490: [GC (Allocation Failure) [PSYoungGen: 69597K->1472K(70144K)] 419411K->351285K(761856K), 0.0016049 secs] [Times: user=0.01 sys=0.00, real=0.00 secs] 
2875.610: [GC (Allocation Failure) [PSYoungGen: 69568K->1437K(70144K)] 419381K->351259K(761856K), 0.0017592 secs] [Times: user=0.00 sys=0.00, real=0.00 secs] 
2875.916: [GC (Allocation Failure) [PSYoungGen: 69533K->1440K(70144K)] 419355K->351261K(761856K), 0.0020416 secs] [Times: user=0.01 sys=0.00, real=0.01 secs] 
2876.744: [GC (Allocation Failure) [PSYoungGen: 69536K->1376K(70144K)] 419357K->351197K(761856K), 0.0039213 secs] [Times: user=0.01 sys=0.00, real=0.00 secs] 
2877.732: [GC (Allocation Failure) [PSYoungGen: 69472K->1376K(70144K)] 419293K->351197K(761856K), 0.0034084 secs] [Times: user=0.02 sys=0.00, real=0.00 secs] 
2878.812: [GC (Allocation Failure) [PSYoungGen: 69472K->1376K(70144K)] 419293K->351197K(761856K), 0.0040650 secs] [Times: user=0.02 sys=0.00, real=0.00 secs] 
2879.784: [GC (Allocation Failure) [PSYoungGen: 69472K->1424K(70144K)] 419293K->351245K(761856K), 0.0039349 secs] [Times: user=0.02 sys=0.00, real=0.00 secs] 
2880.039: [GC (Allocation Failure) [PSYoungGen: 69520K->1485K(70144K)] 419341K->351307K(761856K), 0.0022045 secs] [Times: user=0.01 sys=0.00, real=0.00 secs] 
2880.174: [GC (Allocation Failure) [PSYoungGen: 69581K->1488K(70144K)] 419403K->351309K(761856K), 0.0018857 secs] [Times: user=0.00 sys=0.00, real=0.00 secs] 
2880.294: [GC (Allocation Failure) [PSYoungGen: 69584K->1501K(70144K)] 419405K->351331K(761856K), 0.0015172 secs] [Times: user=0.01 sys=0.00, real=0.00 secs] 
2881.092: [GC (Allocation Failure) [PSYoungGen: 69597K->1440K(70144K)] 419427K->351269K(761856K), 0.0041180 secs] [Times: user=0.01 sys=0.00, real=0.00 secs] 
2882.101: [GC (Allocation Failure) [PSYoungGen: 69536K->1376K(70144K)] 419365K->351205K(761856K), 0.0030761 secs] [Times: user=0.01 sys=0.00, real=0.00 secs] 
2882.944: [GC (Allocation Failure) [PSYoungGen: 69472K->1360K(70144K)] 419301K->351189K(761856K), 0.0031115 secs] [Times: user=0.01 sys=0.00, real=0.00 secs] 
2883.349: [GC (Allocation Failure) [PSYoungGen: 69456K->1376K(70144K)] 419285K->351205K(761856K), 0.0021201 secs] [Times: user=0.01 sys=0.00, real=0.00 secs] 
2883.640: [GC (Allocation Failure) [PSYoungGen: 69472K->1456K(70144K)] 419301K->351285K(761856K), 0.0018481 secs] [Times: user=0.01 sys=0.00, real=0.00 secs] 
2883.768: [GC (Allocation Failure) [PSYoungGen: 69552K->1536K(70144K)] 419381K->351365K(761856K), 0.0015774 secs] [Times: user=0.01 sys=0.00, real=0.01 secs] 
2883.888: [GC (Allocation Failure) [PSYoungGen: 69632K->1469K(70144K)] 419461K->351299K(761856K), 0.0015579 secs] [Times: user=0.01 sys=0.00, real=0.00 secs] 
2884.008: [GC (Allocation Failure) [PSYoungGen: 69565K->1501K(70144K)] 419395K->351339K(761856K), 0.0015701 secs] [Times: user=0.00 sys=0.00, real=0.00 secs] 
2884.308: [GC (Allocation Failure) [PSYoungGen: 69597K->1456K(70144K)] 419435K->351293K(761856K), 0.0017183 secs] [Times: user=0.01 sys=0.00, real=0.01 secs] 
2884.920: [GC (Allocation Failure) [PSYoungGen: 69552K->1344K(70144K)] 419389K->351205K(761856K), 0.0018745 secs] [Times: user=0.01 sys=0.00, real=0.00 secs] 
2885.528: [GC (Allocation Failure) [PSYoungGen: 69440K->1376K(70144K)] 419301K->351237K(761856K), 0.0018483 secs] [Times: user=0.01 sys=0.00, real=0.01 secs] 
2886.186: [GC (Allocation Failure) [PSYoungGen: 69472K->1344K(70144K)] 419333K->351205K(761856K), 0.0023450 secs] [Times: user=0.01 sys=0.00, real=0.01 secs] 
2886.683: [GC (Allocation Failure) [PSYoungGen: 69440K->1389K(70144K)] 419301K->351251K(761856K), 0.0022978 secs] [Times: user=0.00 sys=0.00, real=0.00 secs] 
2886.837: [GC (Allocation Failure) [PSYoungGen: 69485K->1536K(70144K)] 419347K->351397K(761856K), 0.0016774 secs] [Times: user=0.01 sys=0.00, real=0.01 secs] 
2886.975: [GC (Allocation Failure) [PSYoungGen: 69632K->1485K(70144K)] 419493K->351347K(761856K), 0.0018969 secs] [Times: user=0.01 sys=0.00, real=0.00 secs] 
2887.125: [GC (Allocation Failure) [PSYoungGen: 69581K->1456K(70144K)] 419443K->351325K(761856K), 0.0018344 secs] [Times: user=0.01 sys=0.00, real=0.00 secs] 
2887.493: [GC (Allocation Failure) [PSYoungGen: 69552K->1424K(70144K)] 419421K->351293K(761856K), 0.0021035 secs] [Times: user=0.01 sys=0.00, real=0.00 secs] 
2888.108: [GC (Allocation Failure) [PSYoungGen: 69520K->1376K(70144K)] 419389K->351245K(761856K), 0.0020715 secs] [Times: user=0.01 sys=0.00, real=0.00 secs] 
2888.583: [GC (Allocation Failure) [PSYoungGen: 69472K->1376K(70144K)] 419341K->351245K(761856K), 0.0019024 secs] [Times: user=0.01 sys=0.00, real=0.00 secs] 
2888.980: [GC (Allocation Failure) [PSYoungGen: 69472K->1408K(70144K)] 419341K->351277K(761856K), 0.0018794 secs] [Times: user=0.01 sys=0.00, real=0.00 secs] 
2889.478: [GC (Allocation Failure) [PSYoungGen: 69504K->1437K(70144K)] 419373K->351307K(761856K), 0.0018659 secs] [Times: user=0.01 sys=0.00, real=0.01 secs] 
2889.607: [GC (Allocation Failure) [PSYoungGen: 69533K->1485K(70144K)] 419403K->351355K(761856K), 0.0016168 secs] [Times: user=0.01 sys=0.00, real=0.01 secs] 
2889.746: [GC (Allocation Failure) [PSYoungGen: 69581K->1456K(70144K)] 419451K->351325K(761856K), 0.0018705 secs] [Times: user=0.00 sys=0.00, real=0.00 secs] 
2889.905: [GC (Allocation Failure) [PSYoungGen: 69552K->1472K(70144K)] 419421K->351357K(761856K), 0.0017821 secs] [Times: user=0.00 sys=0.00, real=0.00 secs] 
2890.369: [GC (Allocation Failure) [PSYoungGen: 69568K->1456K(70144K)] 419453K->351341K(761856K), 0.0023834 secs] [Times: user=0.01 sys=0.00, real=0.00 secs] 
2891.622: [GC (Allocation Failure) [PSYoungGen: 69552K->1376K(70144K)] 419437K->351261K(761856K), 0.0034296 secs] [Times: user=0.01 sys=0.00, real=0.00 secs] 
2892.751: [GC (Allocation Failure) [PSYoungGen: 69472K->1344K(70144K)] 419357K->351229K(761856K), 0.0040772 secs] [Times: user=0.02 sys=0.00, real=0.00 secs] 
2893.454: [GC (Allocation Failure) [PSYoungGen: 69440K->1376K(70144K)] 419325K->351261K(761856K), 0.0024109 secs] [Times: user=0.01 sys=0.00, real=0.00 secs] 
2894.140: [GC (Allocation Failure) [PSYoungGen: 69472K->1389K(70144K)] 419357K->351275K(761856K), 0.0022043 secs] [Times: user=0.01 sys=0.00, real=0.00 secs] 
2894.295: [GC (Allocation Failure) [PSYoungGen: 69485K->1488K(70144K)] 419371K->351373K(761856K), 0.0015818 secs] [Times: user=0.01 sys=0.00, real=0.00 secs] 
2894.415: [GC (Allocation Failure) [PSYoungGen: 69584K->1472K(70144K)] 419469K->351357K(761856K), 0.0015497 secs] [Times: user=0.00 sys=0.00, real=0.00 secs] 
2894.535: [GC (Allocation Failure) [PSYoungGen: 69568K->1552K(70144K)] 419453K->351461K(761856K), 0.0015669 secs] [Times: user=0.00 sys=0.00, real=0.00 secs] 
2894.939: [GC (Allocation Failure) [PSYoungGen: 69648K->1424K(70144K)] 419557K->351333K(761856K), 0.0019755 secs] [Times: user=0.01 sys=0.00, real=0.00 secs] 
2895.708: [GC (Allocation Failure) [PSYoungGen: 69520K->1344K(70144K)] 419429K->351253K(761856K), 0.0026697 secs] [Times: user=0.01 sys=0.00, real=0.00 secs] 
2896.409: [GC (Allocation Failure) [PSYoungGen: 69440K->1344K(70144K)] 419349K->351253K(761856K), 0.0028528 secs] [Times: user=0.02 sys=0.00, real=0.00 secs] 
2897.474: [GC (Allocation Failure) [PSYoungGen: 69440K->1344K(70144K)] 419349K->351253K(761856K), 0.0043542 secs] [Times: user=0.02 sys=0.00, real=0.01 secs] 
2898.229: [GC (Allocation Failure) [PSYoungGen: 69440K->1437K(70144K)] 419349K->351355K(761856K), 0.0026677 secs] [Times: user=0.01 sys=0.00, real=0.00 secs] 
2898.409: [GC (Allocation Failure) [PSYoungGen: 69533K->1504K(70144K)] 419451K->351421K(761856K), 0.0017789 secs] [Times: user=0.00 sys=0.00, real=0.00 secs] 
2898.529: [GC (Allocation Failure) [PSYoungGen: 69600K->1469K(70144K)] 419517K->351387K(761856K), 0.0015575 secs] [Times: user=0.01 sys=0.00, real=0.00 secs] 
2898.649: [GC (Allocation Failure) [PSYoungGen: 69565K->1472K(70144K)] 419483K->351413K(761856K), 0.0021543 secs] [Times: user=0.01 sys=0.00, real=0.00 secs] 
2899.045: [GC (Allocation Failure) [PSYoungGen: 69568K->1456K(70144K)] 419509K->351397K(761856K), 0.0016061 secs] [Times: user=0.01 sys=0.00, real=0.00 secs] 
2899.710: [GC (Allocation Failure) [PSYoungGen: 69552K->1328K(70144K)] 419493K->351269K(761856K), 0.0030943 secs] [Times: user=0.01 sys=0.00, real=0.00 secs] 
2900.203: [GC (Allocation Failure) [PSYoungGen: 69424K->1376K(70144K)] 419365K->351317K(761856K), 0.0024657 secs] [Times: user=0.01 sys=0.00, real=0.00 secs] 
2900.699: [GC (Allocation Failure) [PSYoungGen: 69472K->1344K(70144K)] 419413K->351285K(761856K), 0.0036977 secs] [Times: user=0.01 sys=0.00, real=0.00 secs] 
2900.990: [GC (Allocation Failure) [PSYoungGen: 69440K->1536K(70144K)] 419381K->351477K(761856K), 0.0018716 secs] [Times: user=0.01 sys=0.00, real=0.00 secs] 
2901.115: [GC (Allocation Failure) [PSYoungGen: 69632K->1504K(70144K)] 419573K->351445K(761856K), 0.0016655 secs] [Times: user=0.00 sys=0.00, real=0.00 secs] 
2901.235: [GC (Allocation Failure) [PSYoungGen: 69600K->1472K(70144K)] 419541K->351413K(761856K), 0.0015689 secs] [Times: user=0.00 sys=0.00, real=0.00 secs] 
2901.355: [GC (Allocation Failure) [PSYoungGen: 69568K->1520K(70144K)] 419509K->351469K(761856K), 0.0016047 secs] [Times: user=0.00 sys=0.00, real=0.00 secs] 
2901.704: [GC (Allocation Failure) [PSYoungGen: 69616K->1424K(70144K)] 419565K->351373K(761856K), 0.0019502 secs] [Times: user=0.01 sys=0.00, real=0.00 secs] 
2902.178: [GC (Allocation Failure) [PSYoungGen: 69520K->1376K(70144K)] 419469K->351325K(761856K), 0.0019691 secs] [Times: user=0.01 sys=0.00, real=0.01 secs] 
2902.655: [GC (Allocation Failure) [PSYoungGen: 69472K->1376K(70144K)] 419421K->351341K(761856K), 0.0020542 secs] [Times: user=0.01 sys=0.00, real=0.00 secs] 
2903.143: [GC (Allocation Failure) [PSYoungGen: 69472K->1360K(70144K)] 419437K->351325K(761856K), 0.0023891 secs] [Times: user=0.01 sys=0.00, real=0.00 secs] 
2903.517: [GC (Allocation Failure) [PSYoungGen: 69456K->1456K(70144K)] 419421K->351421K(761856K), 0.0019352 secs] [Times: user=0.01 sys=0.00, real=0.01 secs] 
2903.654: [GC (Allocation Failure) [PSYoungGen: 69552K->1469K(70144K)] 419517K->351435K(761856K), 0.0015908 secs] [Times: user=0.01 sys=0.00, real=0.00 secs] 
2903.774: [GC (Allocation Failure) [PSYoungGen: 69565K->1536K(70144K)] 419531K->351501K(761856K), 0.0015668 secs] [Times: user=0.01 sys=0.00, real=0.00 secs] 
2903.894: [GC (Allocation Failure) [PSYoungGen: 69632K->1469K(70144K)] 419597K->351451K(761856K), 0.0015847 secs] [Times: user=0.01 sys=0.00, real=0.00 secs] 
2904.174: [GC (Allocation Failure) [PSYoungGen: 69565K->1456K(70144K)] 419547K->351437K(761856K), 0.0018220 secs] [Times: user=0.00 sys=0.00, real=0.00 secs] 
2904.501: [GC (Allocation Failure) [PSYoungGen: 69552K->1360K(70144K)] 419533K->351341K(761856K), 0.0017374 secs] [Times: user=0.01 sys=0.00, real=0.00 secs] 
2904.829: [GC (Allocation Failure) [PSYoungGen: 69456K->1376K(70144K)] 419437K->351357K(761856K), 0.0025570 secs] [Times: user=0.01 sys=0.00, real=0.00 secs] 
2905.141: [GC (Allocation Failure) [PSYoungGen: 69472K->1344K(70144K)] 419453K->351325K(761856K), 0.0028750 secs] [Times: user=0.01 sys=0.00, real=0.00 secs] 
2905.422: [GC (Allocation Failure) [PSYoungGen: 69440K->1453K(70144K)] 419421K->351435K(761856K), 0.0022701 secs] [Times: user=0.00 sys=0.00, real=0.00 secs] 
2905.609: [GC (Allocation Failure) [PSYoungGen: 69539K->1456K(70144K)] 419521K->351437K(761856K), 0.0018050 secs] [Times: user=0.00 sys=0.00, real=0.00 secs] 
2905.731: [GC (Allocation Failure) [PSYoungGen: 69552K->1469K(70144K)] 419533K->351451K(761856K), 0.0017839 secs] [Times: user=0.00 sys=0.00, real=0.00 secs] 
2905.870: [GC (Allocation Failure) [PSYoungGen: 69565K->1469K(77312K)] 419547K->351459K(769024K), 0.0018757 secs] [Times: user=0.01 sys=0.00, real=0.00 secs] 
2906.304: [GC (Allocation Failure) [PSYoungGen: 76733K->1472K(76288K)] 426723K->351461K(768000K), 0.0024856 secs] [Times: user=0.01 sys=0.00, real=0.00 secs] 
2906.666: [GC (Allocation Failure) [PSYoungGen: 76224K->1376K(75776K)] 426213K->351365K(767488K), 0.0019663 secs] [Times: user=0.01 sys=0.00, real=0.01 secs] 
2907.028: [GC (Allocation Failure) [PSYoungGen: 75616K->1376K(75264K)] 425605K->351365K(766976K), 0.0020616 secs] [Times: user=0.01 sys=0.00, real=0.00 secs] 
2907.337: [GC (Allocation Failure) [PSYoungGen: 75104K->1376K(74752K)] 425093K->351373K(766464K), 0.0020378 secs] [Times: user=0.01 sys=0.00, real=0.01 secs] 
2907.509: [GC (Allocation Failure) [PSYoungGen: 74592K->1501K(74240K)] 424589K->351499K(765952K), 0.0016408 secs] [Times: user=0.01 sys=0.00, real=0.00 secs] 
2907.638: [GC (Allocation Failure) [PSYoungGen: 74205K->1533K(73728K)] 424203K->351531K(765440K), 0.0017545 secs] [Times: user=0.00 sys=0.00, real=0.01 secs] 
2907.764: [GC (Allocation Failure) [PSYoungGen: 73725K->1469K(73216K)] 423723K->351467K(764928K), 0.0016168 secs] [Times: user=0.01 sys=0.00, real=0.00 secs] 
2908.304: [GC (Allocation Failure) [PSYoungGen: 73149K->1424K(72704K)] 423147K->351421K(764416K), 0.0019667 secs] [Times: user=0.01 sys=0.00, real=0.00 secs] 
2908.676: [GC (Allocation Failure) [PSYoungGen: 72592K->1408K(72192K)] 422589K->351405K(763904K), 0.0021061 secs] [Times: user=0.01 sys=0.00, real=0.01 secs] 
2908.971: [GC (Allocation Failure) [PSYoungGen: 72064K->1376K(71680K)] 422061K->351373K(763392K), 0.0024597 secs] [Times: user=0.01 sys=0.01, real=0.00 secs] 
2909.594: [GC (Allocation Failure) [PSYoungGen: 71520K->1376K(71168K)] 421517K->351373K(762880K), 0.0027650 secs] [Times: user=0.01 sys=0.00, real=0.00 secs] 
2910.038: [GC (Allocation Failure) [PSYoungGen: 71008K->1440K(70656K)] 421005K->351437K(762368K), 0.0027730 secs] [Times: user=0.01 sys=0.00, real=0.00 secs] 
2910.226: [GC (Allocation Failure) [PSYoungGen: 70560K->1501K(70144K)] 420557K->351499K(761856K), 0.0017084 secs] [Times: user=0.00 sys=0.00, real=0.00 secs] 
2910.364: [GC (Allocation Failure) [PSYoungGen: 70109K->1517K(69632K)] 420107K->351515K(761344K), 0.0017749 secs] [Times: user=0.01 sys=0.00, real=0.00 secs] 
2910.515: [GC (Allocation Failure) [PSYoungGen: 69613K->1488K(70144K)] 419611K->351485K(761856K), 0.0016695 secs] [Times: user=0.01 sys=0.00, real=0.00 secs] 
2911.150: [GC (Allocation Failure) [PSYoungGen: 69584K->1392K(70144K)] 419581K->351397K(761856K), 0.0028416 secs] [Times: user=0.01 sys=0.00, real=0.00 secs] 
2911.737: [GC (Allocation Failure) [PSYoungGen: 69488K->1344K(70144K)] 419493K->351349K(761856K), 0.0028501 secs] [Times: user=0.02 sys=0.00, real=0.01 secs] 
2912.286: [GC (Allocation Failure) [PSYoungGen: 69440K->1360K(70144K)] 419445K->351365K(761856K), 0.0026316 secs] [Times: user=0.01 sys=0.00, real=0.01 secs] 
2912.813: [GC (Allocation Failure) [PSYoungGen: 69456K->1392K(70144K)] 419461K->351413K(761856K), 0.0029779 secs] [Times: user=0.01 sys=0.00, real=0.00 secs] 
2913.181: [GC (Allocation Failure) [PSYoungGen: 69488K->1453K(70144K)] 419509K->351483K(761856K), 0.0025521 secs] [Times: user=0.01 sys=0.00, real=0.00 secs] 
2913.365: [GC (Allocation Failure) [PSYoungGen: 69549K->1501K(70144K)] 419579K->351531K(761856K), 0.0017393 secs] [Times: user=0.00 sys=0.00, real=0.00 secs] 
2913.485: [GC (Allocation Failure) [PSYoungGen: 69597K->1501K(70144K)] 419627K->351531K(761856K), 0.0015332 secs] [Times: user=0.00 sys=0.00, real=0.00 secs] 
2913.622: [GC (Allocation Failure) [PSYoungGen: 69597K->1485K(70144K)] 419627K->351523K(761856K), 0.0019296 secs] [Times: user=0.01 sys=0.00, real=0.00 secs] 
2914.298: [GC (Allocation Failure) [PSYoungGen: 69581K->1440K(70144K)] 419619K->351477K(761856K), 0.0021042 secs] [Times: user=0.00 sys=0.01, real=0.00 secs] 
2914.923: [GC (Allocation Failure) [PSYoungGen: 69536K->1408K(70144K)] 419573K->351445K(761856K), 0.0029581 secs] [Times: user=0.01 sys=0.00, real=0.00 secs] 
2915.270: [GC (Allocation Failure) [PSYoungGen: 69504K->1344K(70144K)] 419541K->351381K(761856K), 0.0020176 secs] [Times: user=0.01 sys=0.00, real=0.00 secs] 
2915.552: [GC (Allocation Failure) [PSYoungGen: 69440K->1344K(70144K)] 419477K->351389K(761856K), 0.0018087 secs] [Times: user=0.01 sys=0.00, real=0.00 secs] 
2915.765: [GC (Allocation Failure) [PSYoungGen: 69440K->1421K(70144K)] 419485K->351467K(761856K), 0.0015741 secs] [Times: user=0.01 sys=0.00, real=0.00 secs] 
2915.885: [GC (Allocation Failure) [PSYoungGen: 69517K->1456K(70144K)] 419563K->351501K(761856K), 0.0016631 secs] [Times: user=0.01 sys=0.00, real=0.00 secs] 
2916.023: [GC (Allocation Failure) [PSYoungGen: 69552K->1485K(70144K)] 419597K->351531K(761856K), 0.0019098 secs] [Times: user=0.01 sys=0.00, real=0.00 secs] 
2916.177: [GC (Allocation Failure) [PSYoungGen: 69581K->1517K(70144K)] 419627K->351571K(761856K), 0.0021084 secs] [Times: user=0.01 sys=0.00, real=0.01 secs] 
2917.337: [GC (Allocation Failure) [PSYoungGen: 69613K->1456K(69632K)] 419667K->351509K(761344K), 0.0044133 secs] [Times: user=0.01 sys=0.00, real=0.01 secs] 
2918.326: [GC (Allocation Failure) [PSYoungGen: 69552K->1408K(69632K)] 419605K->351461K(761344K), 0.0045146 secs] [Times: user=0.01 sys=0.01, real=0.01 secs] 
2919.002: [GC (Allocation Failure) [PSYoungGen: 69504K->1376K(69632K)] 419557K->351429K(761344K), 0.0029416 secs] [Times: user=0.02 sys=0.00, real=0.00 secs] 
2919.594: [GC (Allocation Failure) [PSYoungGen: 69472K->1376K(69632K)] 419525K->351429K(761344K), 0.0039640 secs] [Times: user=0.01 sys=0.00, real=0.00 secs] 
2919.987: [GC (Allocation Failure) [PSYoungGen: 69472K->1517K(69632K)] 419525K->351571K(761344K), 0.0023643 secs] [Times: user=0.01 sys=0.00, real=0.01 secs] 
2920.189: [GC (Allocation Failure) [PSYoungGen: 69613K->1485K(69632K)] 419667K->351539K(761344K), 0.0023479 secs] [Times: user=0.00 sys=0.00, real=0.00 secs] 
2920.333: [GC (Allocation Failure) [PSYoungGen: 69581K->1501K(69632K)] 419635K->351555K(761344K), 0.0015697 secs] [Times: user=0.01 sys=0.00, real=0.00 secs] 
2920.453: [GC (Allocation Failure) [PSYoungGen: 69597K->1469K(73728K)] 419651K->351531K(765440K), 0.0019144 secs] [Times: user=0.01 sys=0.00, real=0.00 secs] 
2922.035: [GC (Allocation Failure) [PSYoungGen: 73149K->1440K(72704K)] 423211K->351501K(764416K), 0.0036000 secs] [Times: user=0.02 sys=0.00, real=0.01 secs] 
2922.685: [GC (Allocation Failure) [PSYoungGen: 72608K->1376K(72192K)] 422669K->351437K(763904K), 0.0030774 secs] [Times: user=0.01 sys=0.00, real=0.01 secs] 
2923.073: [GC (Allocation Failure) [PSYoungGen: 72032K->1376K(71680K)] 422093K->351437K(763392K), 0.0026722 secs] [Times: user=0.01 sys=0.00, real=0.00 secs] 
2923.366: [GC (Allocation Failure) [PSYoungGen: 71520K->1408K(71168K)] 421581K->351469K(762880K), 0.0021684 secs] [Times: user=0.01 sys=0.00, real=0.01 secs] 
2923.576: [GC (Allocation Failure) [PSYoungGen: 71040K->1533K(70656K)] 421101K->351595K(762368K), 0.0015965 secs] [Times: user=0.00 sys=0.00, real=0.00 secs] 
2923.698: [GC (Allocation Failure) [PSYoungGen: 70653K->1533K(70144K)] 420715K->351595K(761856K), 0.0016626 secs] [Times: user=0.00 sys=0.00, real=0.00 secs] 
2923.819: [GC (Allocation Failure) [PSYoungGen: 70132K->1533K(69632K)] 420194K->351595K(761344K), 0.0015546 secs] [Times: user=0.01 sys=0.00, real=0.00 secs] 
2924.509: [GC (Allocation Failure) [PSYoungGen: 69629K->1504K(69632K)] 419691K->351581K(761344K), 0.0039216 secs] [Times: user=0.01 sys=0.01, real=0.00 secs] 
2925.650: [GC (Allocation Failure) [PSYoungGen: 69600K->1312K(69632K)] 419677K->351389K(761344K), 0.0040908 secs] [Times: user=0.02 sys=0.00, real=0.00 secs] 
2926.485: [GC (Allocation Failure) [PSYoungGen: 69408K->1344K(69632K)] 419485K->351421K(761344K), 0.0043057 secs] [Times: user=0.02 sys=0.00, real=0.01 secs] 
2927.262: [GC (Allocation Failure) [PSYoungGen: 69440K->1376K(69632K)] 419517K->351453K(761344K), 0.0028771 secs] [Times: user=0.01 sys=0.00, real=0.00 secs] 
2928.149: [GC (Allocation Failure) [PSYoungGen: 69472K->1456K(69632K)] 419549K->351533K(761344K), 0.0036898 secs] [Times: user=0.01 sys=0.00, real=0.00 secs] 
2928.382: [GC (Allocation Failure) [PSYoungGen: 69552K->1456K(69632K)] 419629K->351533K(761344K), 0.0019167 secs] [Times: user=0.01 sys=0.00, real=0.00 secs] 
2928.509: [GC (Allocation Failure) [PSYoungGen: 69552K->1504K(69632K)] 419629K->351581K(761344K), 0.0017018 secs] [Times: user=0.00 sys=0.00, real=0.00 secs] 
2928.629: [GC (Allocation Failure) [PSYoungGen: 69600K->1504K(70144K)] 419677K->351581K(761856K), 0.0018866 secs] [Times: user=0.00 sys=0.00, real=0.00 secs] 
2929.016: [GC (Allocation Failure) [PSYoungGen: 69600K->1440K(70144K)] 419677K->351517K(761856K), 0.0020316 secs] [Times: user=0.01 sys=0.00, real=0.00 secs] 
2930.222: [GC (Allocation Failure) [PSYoungGen: 69536K->1344K(70144K)] 419613K->351421K(761856K), 0.0033991 secs] [Times: user=0.01 sys=0.00, real=0.00 secs] 
2931.334: [GC (Allocation Failure) [PSYoungGen: 69440K->1376K(70144K)] 419517K->351453K(761856K), 0.0054935 secs] [Times: user=0.02 sys=0.00, real=0.01 secs] 
2932.099: [GC (Allocation Failure) [PSYoungGen: 69472K->1376K(70144K)] 419549K->351453K(761856K), 0.0027503 secs] [Times: user=0.01 sys=0.00, real=0.00 secs] 
2932.589: [GC (Allocation Failure) [PSYoungGen: 69472K->1456K(70144K)] 419549K->351533K(761856K), 0.0025614 secs] [Times: user=0.01 sys=0.00, real=0.00 secs] 
2932.759: [GC (Allocation Failure) [PSYoungGen: 69552K->1469K(70144K)] 419629K->351547K(761856K), 0.0015638 secs] [Times: user=0.01 sys=0.00, real=0.00 secs] 
2932.879: [GC (Allocation Failure) [PSYoungGen: 69565K->1469K(70144K)] 419643K->351547K(761856K), 0.0013973 secs] [Times: user=0.01 sys=0.00, real=0.00 secs] 
2932.998: [GC (Allocation Failure) [PSYoungGen: 69565K->1472K(70144K)] 419643K->351557K(761856K), 0.0016107 secs] [Times: user=0.00 sys=0.00, real=0.00 secs] 
2933.335: [GC (Allocation Failure) [PSYoungGen: 69568K->1424K(70144K)] 419653K->351509K(761856K), 0.0018701 secs] [Times: user=0.01 sys=0.00, real=0.00 secs] 
2934.196: [GC (Allocation Failure) [PSYoungGen: 69520K->1376K(70144K)] 419605K->351461K(761856K), 0.0039249 secs] [Times: user=0.01 sys=0.00, real=0.01 secs] 
2934.850: [GC (Allocation Failure) [PSYoungGen: 69472K->1376K(70144K)] 419557K->351469K(761856K), 0.0033237 secs] [Times: user=0.01 sys=0.01, real=0.00 secs] 
2935.430: [GC (Allocation Failure) [PSYoungGen: 69472K->1408K(70144K)] 419565K->351501K(761856K), 0.0028338 secs] [Times: user=0.02 sys=0.00, real=0.00 secs] 
2936.011: [GC (Allocation Failure) [PSYoungGen: 69504K->1373K(70144K)] 419597K->351467K(761856K), 0.0032307 secs] [Times: user=0.01 sys=0.00, real=0.00 secs] 
2936.210: [GC (Allocation Failure) [PSYoungGen: 69469K->1469K(70144K)] 419563K->351563K(761856K), 0.0016287 secs] [Times: user=0.01 sys=0.00, real=0.00 secs] 
2936.330: [GC (Allocation Failure) [PSYoungGen: 69565K->1536K(70144K)] 419659K->351629K(761856K), 0.0015913 secs] [Times: user=0.00 sys=0.00, real=0.00 secs] 
2936.451: [GC (Allocation Failure) [PSYoungGen: 69632K->1520K(70144K)] 419725K->351621K(761856K), 0.0016252 secs] [Times: user=0.01 sys=0.00, real=0.00 secs] 
2936.774: [GC (Allocation Failure) [PSYoungGen: 69616K->1456K(70144K)] 419717K->351557K(761856K), 0.0025039 secs] [Times: user=0.01 sys=0.00, real=0.00 secs] 
2937.495: [GC (Allocation Failure) [PSYoungGen: 69552K->1344K(70144K)] 419653K->351445K(761856K), 0.0026434 secs] [Times: user=0.01 sys=0.00, real=0.00 secs] 
2938.412: [GC (Allocation Failure) [PSYoungGen: 69440K->1360K(70144K)] 419541K->351461K(761856K), 0.0027805 secs] [Times: user=0.01 sys=0.01, real=0.00 secs] 
2939.488: [GC (Allocation Failure) [PSYoungGen: 69456K->1360K(70144K)] 419557K->351461K(761856K), 0.0029774 secs] [Times: user=0.01 sys=0.00, real=0.00 secs] 
2940.465: [GC (Allocation Failure) [PSYoungGen: 69456K->1424K(70144K)] 419557K->351525K(761856K), 0.0032127 secs] [Times: user=0.02 sys=0.00, real=0.01 secs] 
2940.657: [GC (Allocation Failure) [PSYoungGen: 69520K->1501K(70144K)] 419621K->351603K(761856K), 0.0016067 secs] [Times: user=0.00 sys=0.00, real=0.01 secs] 
2940.794: [GC (Allocation Failure) [PSYoungGen: 69597K->1517K(70144K)] 419699K->351619K(761856K), 0.0018554 secs] [Times: user=0.01 sys=0.00, real=0.00 secs] 
2940.944: [GC (Allocation Failure) [PSYoungGen: 69613K->1485K(70144K)] 419715K->351595K(761856K), 0.0018103 secs] [Times: user=0.01 sys=0.00, real=0.00 secs] 
2941.372: [GC (Allocation Failure) [PSYoungGen: 69581K->1456K(70144K)] 419691K->351565K(761856K), 0.0024028 secs] [Times: user=0.01 sys=0.00, real=0.00 secs] 
2942.371: [GC (Allocation Failure) [PSYoungGen: 69552K->1376K(70144K)] 419661K->351485K(761856K), 0.0040540 secs] [Times: user=0.01 sys=0.00, real=0.00 secs] 
2942.946: [GC (Allocation Failure) [PSYoungGen: 69472K->1376K(70144K)] 419581K->351485K(761856K), 0.0028391 secs] [Times: user=0.02 sys=0.00, real=0.01 secs] 
2943.735: [GC (Allocation Failure) [PSYoungGen: 69472K->1376K(70144K)] 419581K->351485K(761856K), 0.0029390 secs] [Times: user=0.01 sys=0.00, real=0.01 secs] 
2944.409: [GC (Allocation Failure) [PSYoungGen: 69472K->1456K(70144K)] 419581K->351565K(761856K), 0.0021824 secs] [Times: user=0.01 sys=0.00, real=0.00 secs] 
2944.570: [GC (Allocation Failure) [PSYoungGen: 69552K->1501K(70144K)] 419661K->351611K(761856K), 0.0015737 secs] [Times: user=0.01 sys=0.00, real=0.00 secs] 
2944.689: [GC (Allocation Failure) [PSYoungGen: 69597K->1504K(70144K)] 419707K->351613K(761856K), 0.0017355 secs] [Times: user=0.01 sys=0.00, real=0.00 secs] 
2944.809: [GC (Allocation Failure) [PSYoungGen: 69600K->1533K(70144K)] 419709K->351651K(761856K), 0.0014627 secs] [Times: user=0.01 sys=0.00, real=0.00 secs] 
2945.219: [GC (Allocation Failure) [PSYoungGen: 69629K->1440K(70144K)] 419747K->351573K(761856K), 0.0021271 secs] [Times: user=0.01 sys=0.00, real=0.00 secs] 
2946.022: [GC (Allocation Failure) [PSYoungGen: 69536K->1360K(70144K)] 419669K->351493K(761856K), 0.0023570 secs] [Times: user=0.01 sys=0.00, real=0.00 secs] 
2946.996: [GC (Allocation Failure) [PSYoungGen: 69456K->1344K(70144K)] 419589K->351477K(761856K), 0.0031518 secs] [Times: user=0.02 sys=0.00, real=0.01 secs] 
2948.210: [GC (Allocation Failure) [PSYoungGen: 69440K->1376K(70144K)] 419573K->351509K(761856K), 0.0058881 secs] [Times: user=0.02 sys=0.00, real=0.00 secs] 
2949.135: [GC (Allocation Failure) [PSYoungGen: 69472K->1469K(70144K)] 419605K->351603K(761856K), 0.0026927 secs] [Times: user=0.01 sys=0.00, real=0.00 secs] 
2949.311: [GC (Allocation Failure) [PSYoungGen: 69556K->1504K(70144K)] 419690K->351637K(761856K), 0.0015389 secs] [Times: user=0.01 sys=0.00, real=0.00 secs] 
2949.449: [GC (Allocation Failure) [PSYoungGen: 69600K->1485K(70144K)] 419733K->351619K(761856K), 0.0019052 secs] [Times: user=0.00 sys=0.00, real=0.00 secs] 
2949.600: [GC (Allocation Failure) [PSYoungGen: 69581K->1485K(70144K)] 419715K->351627K(761856K), 0.0019739 secs] [Times: user=0.01 sys=0.00, real=0.00 secs] 
2949.867: [GC (Allocation Failure) [PSYoungGen: 69581K->1456K(70144K)] 419723K->351597K(761856K), 0.0021731 secs] [Times: user=0.01 sys=0.00, real=0.01 secs] 
2950.294: [GC (Allocation Failure) [PSYoungGen: 69552K->1376K(70144K)] 419693K->351517K(761856K), 0.0062182 secs] [Times: user=0.03 sys=0.00, real=0.01 secs] 
2950.900: [GC (Allocation Failure) [PSYoungGen: 69472K->1424K(70144K)] 419613K->351565K(761856K), 0.0021614 secs] [Times: user=0.01 sys=0.00, real=0.00 secs] 
2951.475: [GC (Allocation Failure) [PSYoungGen: 69520K->1408K(70144K)] 419661K->351549K(761856K), 0.0047614 secs] [Times: user=0.02 sys=0.00, real=0.01 secs] 
2951.945: [GC (Allocation Failure) [PSYoungGen: 69504K->1405K(70144K)] 419645K->351547K(761856K), 0.0021703 secs] [Times: user=0.01 sys=0.00, real=0.00 secs] 
2952.084: [GC (Allocation Failure) [PSYoungGen: 69501K->1469K(70144K)] 419643K->351611K(761856K), 0.0015519 secs] [Times: user=0.01 sys=0.00, real=0.00 secs] 
2952.222: [GC (Allocation Failure) [PSYoungGen: 69565K->1456K(70144K)] 419707K->351597K(761856K), 0.0018764 secs] [Times: user=0.01 sys=0.00, real=0.00 secs] 
2952.372: [GC (Allocation Failure) [PSYoungGen: 69552K->1517K(70144K)] 419693K->351667K(761856K), 0.0020371 secs] [Times: user=0.00 sys=0.00, real=0.00 secs] 
2952.628: [GC (Allocation Failure) [PSYoungGen: 69613K->1456K(70144K)] 419763K->351605K(761856K), 0.0021108 secs] [Times: user=0.01 sys=0.00, real=0.00 secs] 
2952.922: [GC (Allocation Failure) [PSYoungGen: 69552K->1408K(70144K)] 419701K->351557K(761856K), 0.0018740 secs] [Times: user=0.00 sys=0.00, real=0.00 secs] 
2953.205: [GC (Allocation Failure) [PSYoungGen: 69504K->1376K(70144K)] 419653K->351549K(761856K), 0.0020287 secs] [Times: user=0.00 sys=0.00, real=0.00 secs] 
2953.489: [GC (Allocation Failure) [PSYoungGen: 69472K->1312K(70144K)] 419645K->351485K(761856K), 0.0020804 secs] [Times: user=0.01 sys=0.00, real=0.00 secs] 
2953.720: [GC (Allocation Failure) [PSYoungGen: 69408K->1453K(70144K)] 419581K->351627K(761856K), 0.0016096 secs] [Times: user=0.01 sys=0.00, real=0.00 secs] 
2953.840: [GC (Allocation Failure) [PSYoungGen: 69549K->1437K(70144K)] 419723K->351611K(761856K), 0.0015673 secs] [Times: user=0.01 sys=0.00, real=0.00 secs] 
2953.959: [GC (Allocation Failure) [PSYoungGen: 69533K->1469K(70144K)] 419707K->351643K(761856K), 0.0015950 secs] [Times: user=0.01 sys=0.00, real=0.00 secs] 
2954.079: [GC (Allocation Failure) [PSYoungGen: 69565K->1565K(77312K)] 419739K->351747K(769024K), 0.0015916 secs] [Times: user=0.00 sys=0.00, real=0.00 secs] 
2954.366: [GC (Allocation Failure) [PSYoungGen: 76829K->1376K(76288K)] 427011K->351557K(768000K), 0.0017251 secs] [Times: user=0.01 sys=0.00, real=0.00 secs] 
2954.676: [GC (Allocation Failure) [PSYoungGen: 76128K->1344K(75776K)] 426309K->351525K(767488K), 0.0018487 secs] [Times: user=0.00 sys=0.00, real=0.00 secs] 
2954.984: [GC (Allocation Failure) [PSYoungGen: 75584K->1328K(75264K)] 425765K->351509K(766976K), 0.0017500 secs] [Times: user=0.01 sys=0.00, real=0.00 secs] 
2955.292: [GC (Allocation Failure) [PSYoungGen: 75056K->1312K(74752K)] 425237K->351493K(766464K), 0.0025232 secs] [Times: user=0.01 sys=0.00, real=0.00 secs] 
2955.959: [GC (Allocation Failure) [PSYoungGen: 74528K->1517K(74240K)] 424709K->351699K(765952K), 0.0021297 secs] [Times: user=0.01 sys=0.00, real=0.00 secs] 
2956.096: [GC (Allocation Failure) [PSYoungGen: 74221K->1501K(73728K)] 424403K->351683K(765440K), 0.0015692 secs] [Times: user=0.00 sys=0.00, real=0.01 secs] 
2956.223: [GC (Allocation Failure) [PSYoungGen: 73693K->1469K(73216K)] 423875K->351651K(764928K), 0.0017070 secs] [Times: user=0.01 sys=0.00, real=0.00 secs] 
2956.425: [GC (Allocation Failure) [PSYoungGen: 73149K->1424K(72704K)] 423331K->351605K(764416K), 0.0018116 secs] [Times: user=0.01 sys=0.00, real=0.00 secs] 
2956.719: [GC (Allocation Failure) [PSYoungGen: 72592K->1376K(72192K)] 422773K->351557K(763904K), 0.0017681 secs] [Times: user=0.01 sys=0.00, real=0.00 secs] 
2957.013: [GC (Allocation Failure) [PSYoungGen: 72032K->1376K(71680K)] 422213K->351557K(763392K), 0.0017807 secs] [Times: user=0.01 sys=0.00, real=0.00 secs] 
2957.361: [GC (Allocation Failure) [PSYoungGen: 71520K->1312K(71168K)] 421701K->351493K(762880K), 0.0027357 secs] [Times: user=0.01 sys=0.00, real=0.00 secs] 
2957.642: [GC (Allocation Failure) [PSYoungGen: 70944K->1485K(70656K)] 421125K->351667K(762368K), 0.0019995 secs] [Times: user=0.00 sys=0.00, real=0.00 secs] 
2957.772: [GC (Allocation Failure) [PSYoungGen: 70579K->1536K(70656K)] 420760K->351717K(762368K), 0.0016232 secs] [Times: user=0.01 sys=0.00, real=0.00 secs] 
2957.893: [GC (Allocation Failure) [PSYoungGen: 70144K->1469K(69632K)] 420325K->351651K(761344K), 0.0015940 secs] [Times: user=0.01 sys=0.00, real=0.00 secs] 
2958.014: [GC (Allocation Failure) [PSYoungGen: 69565K->1533K(70656K)] 419747K->351715K(762368K), 0.0017280 secs] [Times: user=0.01 sys=0.00, real=0.00 secs] 
2959.165: [GC (Allocation Failure) [PSYoungGen: 70141K->2016K(70144K)] 420323K->352497K(761856K), 0.0035328 secs] [Times: user=0.01 sys=0.00, real=0.01 secs] 
2962.033: [GC (Allocation Failure) [PSYoungGen: 70112K->2032K(70144K)] 420593K->358974K(761856K), 0.0096620 secs] [Times: user=0.02 sys=0.04, real=0.01 secs] 
2968.403: [GC (Allocation Failure) [PSYoungGen: 70128K->496K(64000K)] 427070K->384405K(755712K), 0.0526427 secs] [Times: user=0.16 sys=0.16, real=0.05 secs] 
2976.193: [GC (Allocation Failure) [PSYoungGen: 63984K->13792K(77312K)] 447893K->412413K(769024K), 0.0387038 secs] [Times: user=0.17 sys=0.05, real=0.04 secs] 
2976.344: [GC (Allocation Failure) [PSYoungGen: 77280K->21488K(71168K)] 475901K->446222K(762880K), 0.0380002 secs] [Times: user=0.15 sys=0.07, real=0.04 secs] 
2976.433: [GC (Allocation Failure) [PSYoungGen: 71152K->35297K(84992K)] 495886K->464822K(776704K), 0.0169605 secs] [Times: user=0.09 sys=0.00, real=0.02 secs] 
2976.491: [GC (Allocation Failure) [PSYoungGen: 84961K->43504K(89088K)] 514486K->488622K(780800K), 0.0188237 secs] [Times: user=0.08 sys=0.03, real=0.02 secs] 
2976.541: [GC (Allocation Failure) [PSYoungGen: 89072K->57328K(102912K)] 534190K->510478K(794624K), 0.0203717 secs] [Times: user=0.11 sys=0.00, real=0.02 secs] 
2978.864: [GC (Allocation Failure) [PSYoungGen: 102896K->70625K(110080K)] 556046K->530139K(801792K), 0.0732610 secs] [Times: user=0.32 sys=0.10, real=0.07 secs] 
2980.346: [GC (Allocation Failure) [PSYoungGen: 103777K->80000K(125440K)] 563291K->543178K(817152K), 0.0326236 secs] [Times: user=0.19 sys=0.00, real=0.04 secs] 
2982.778: [GC (Allocation Failure) [PSYoungGen: 119424K->97824K(129536K)] 582602K->561182K(821248K), 0.0813594 secs] [Times: user=0.42 sys=0.06, real=0.08 secs] 
2984.315: [GC (Allocation Failure) [PSYoungGen: 128032K->72512K(146432K)] 591390K->573762K(838144K), 0.0657150 secs] [Times: user=0.31 sys=0.07, real=0.07 secs] 
2985.665: [GC (Allocation Failure) [PSYoungGen: 102720K->51232K(147456K)] 603970K->586250K(839168K), 0.0990189 secs] [Times: user=0.39 sys=0.20, real=0.10 secs] 
2987.792: [GC (Allocation Failure) [PSYoungGen: 86112K->27648K(152064K)] 621131K->633547K(843776K), 0.0338293 secs] [Times: user=0.11 sys=0.07, real=0.03 secs] 
2988.524: [GC (Allocation Failure) [PSYoungGen: 63488K->604K(153600K)] 669387K->633095K(845312K), 0.0368477 secs] [Times: user=0.19 sys=0.02, real=0.04 secs] 
2988.641: [GC (Allocation Failure) [PSYoungGen: 42588K->832K(154112K)] 675079K->633443K(845824K), 0.0020634 secs] [Times: user=0.01 sys=0.00, real=0.00 secs] 
2988.750: [GC (Allocation Failure) [PSYoungGen: 42816K->7136K(154624K)] 675427K->640323K(846336K), 0.0045523 secs] [Times: user=0.02 sys=0.00, real=0.00 secs] 
2989.162: [GC (Allocation Failure) [PSYoungGen: 56800K->20384K(157696K)] 689987K->659843K(849408K), 0.0106615 secs] [Times: user=0.06 sys=0.01, real=0.01 secs] 
2989.724: [GC (Allocation Failure) [PSYoungGen: 70048K->21984K(149504K)] 709507K->681676K(841216K), 0.0257440 secs] [Times: user=0.14 sys=0.01, real=0.03 secs] 
2989.750: [Full GC (Ergonomics) [PSYoungGen: 21984K->0K(149504K)] [ParOldGen: 659692K->64622K(539136K)] 681676K->64622K(688640K), [Metaspace: 60091K->59995K(1105920K)], 0.3587490 secs] [Times: user=0.77 sys=0.00, real=0.36 secs] 
2990.154: [GC (Allocation Failure) [PSYoungGen: 58368K->28816K(155136K)] 122990K->93438K(694272K), 0.0091096 secs] [Times: user=0.05 sys=0.00, real=0.01 secs] 
2990.213: [GC (GCLocker Initiated GC) [PSYoungGen: 87184K->30704K(149504K)] 151807K->119916K(688640K), 0.0215113 secs] [Times: user=0.13 sys=0.00, real=0.02 secs] 
2990.293: [GC (Allocation Failure) [PSYoungGen: 100336K->33344K(154112K)] 189600K->153187K(693248K), 0.0195837 secs] [Times: user=0.12 sys=0.00, real=0.02 secs] 
2990.359: [GC (Allocation Failure) [PSYoungGen: 102976K->33760K(157696K)] 222819K->186931K(696832K), 0.0799136 secs] [Times: user=0.47 sys=0.00, real=0.08 secs] 
2990.486: [GC (Allocation Failure) [PSYoungGen: 117728K->47840K(160768K)] 270899K->234743K(699904K), 0.0262260 secs] [Times: user=0.16 sys=0.00, real=0.03 secs] 
2994.818: [GC (Allocation Failure) [PSYoungGen: 131808K->32832K(169984K)] 318711K->267551K(709120K), 0.0796015 secs] [Times: user=0.47 sys=0.00, real=0.08 secs] 
2995.855: [GC (Allocation Failure) [PSYoungGen: 133184K->3632K(174592K)] 367903K->271172K(713728K), 0.0429901 secs] [Times: user=0.26 sys=0.00, real=0.05 secs] 
2995.975: [GC (Allocation Failure) [PSYoungGen: 103984K->39936K(194048K)] 371524K->310680K(733184K), 0.0098714 secs] [Times: user=0.05 sys=0.00, real=0.01 secs] 
2996.109: [GC (Allocation Failure) [PSYoungGen: 160256K->65632K(194560K)] 431000K->373848K(733696K), 0.0245513 secs] [Times: user=0.13 sys=0.01, real=0.02 secs] 
2996.278: [GC (Allocation Failure) [PSYoungGen: 185952K->56352K(222720K)] 494168K->421652K(761856K), 0.0488167 secs] [Times: user=0.24 sys=0.04, real=0.04 secs] 
2996.711: [GC (Allocation Failure) [PSYoungGen: 196128K->72608K(226304K)] 561428K->494252K(765440K), 0.0740729 secs] [Times: user=0.44 sys=0.01, real=0.07 secs] 
2999.071: [GC (Allocation Failure) [PSYoungGen: 212384K->25184K(255488K)] 634028K->519156K(794624K), 0.0402318 secs] [Times: user=0.23 sys=0.00, real=0.04 secs] 
2999.112: [Full GC (Ergonomics) [PSYoungGen: 25184K->0K(255488K)] [ParOldGen: 493972K->19881K(542208K)] 519156K->19881K(797696K), [Metaspace: 60003K->60003K(1105920K)], 0.0265523 secs] [Times: user=0.07 sys=0.00, real=0.03 secs] 
3003.101: [GC (Allocation Failure) [PSYoungGen: 166912K->65200K(258560K)] 186793K->85082K(800768K), 0.0283621 secs] [Times: user=0.16 sys=0.01, real=0.03 secs] 
3003.304: [GC (Allocation Failure) [PSYoungGen: 232112K->82304K(285696K)] 251994K->162201K(827904K), 0.0465960 secs] [Times: user=0.20 sys=0.06, real=0.05 secs] 
3003.837: [GC (Allocation Failure) [PSYoungGen: 271744K->98368K(295424K)] 351641K->252097K(837632K), 0.0921702 secs] [Times: user=0.55 sys=0.00, real=0.10 secs] 
3006.074: [GC (Allocation Failure) [PSYoungGen: 287808K->33440K(337408K)] 441537K->285529K(879616K), 0.0895464 secs] [Times: user=0.53 sys=0.00, real=0.09 secs] 
3007.643: [GC (Allocation Failure) [PSYoungGen: 259232K->106144K(341504K)] 511321K->388086K(883712K), 0.0396348 secs] [Times: user=0.21 sys=0.03, real=0.04 secs] 
3009.613: [GC (Allocation Failure) [PSYoungGen: 331936K->126752K(379392K)] 613878K->506402K(921600K), 0.1568018 secs] [Times: user=0.73 sys=0.20, real=0.16 secs] 
3017.135: [GC (Allocation Failure) [PSYoungGen: 376096K->55200K(398848K)] 755746K->544954K(941056K), 0.1348861 secs] [Times: user=0.80 sys=0.00, real=0.14 secs] 
3017.270: [Full GC (Ergonomics) [PSYoungGen: 55200K->0K(398848K)] [ParOldGen: 489754K->64445K(656384K)] 544954K->64445K(1055232K), [Metaspace: 60008K->60008K(1105920K)], 0.1920732 secs] [Times: user=0.91 sys=0.00, real=0.19 secs] 
3017.956: [GC (Allocation Failure) [PSYoungGen: 249344K->118400K(423936K)] 313789K->182845K(1080320K), 0.0267410 secs] [Times: user=0.13 sys=0.02, real=0.03 secs] 
3019.170: [GC (Allocation Failure) [PSYoungGen: 400512K->93248K(437248K)] 464957K->267357K(1093632K), 0.0732591 secs] [Times: user=0.43 sys=0.00, real=0.07 secs] 
3020.428: [GC (Allocation Failure) [PSYoungGen: 375360K->125056K(477696K)] 549469K->390869K(1134080K), 0.0527098 secs] [Times: user=0.28 sys=0.04, real=0.06 secs] 
3022.128: [GC (Allocation Failure) [PSYoungGen: 446592K->119904K(489472K)] 712405K->501181K(1145856K), 0.0644682 secs] [Times: user=0.38 sys=0.01, real=0.06 secs] 
3023.760: [GC (Allocation Failure) [PSYoungGen: 441440K->140160K(498176K)] 822717K->640490K(1154560K), 0.0645669 secs] [Times: user=0.30 sys=0.07, real=0.06 secs] 
3023.825: [Full GC (Ergonomics) [PSYoungGen: 140160K->0K(498176K)] [ParOldGen: 500330K->158451K(825344K)] 640490K->158451K(1323520K), [Metaspace: 60012K->60012K(1105920K)], 0.3445621 secs] [Times: user=1.56 sys=0.02, real=0.35 secs] 
3025.753: [GC (Allocation Failure) [PSYoungGen: 323072K->111969K(510976K)] 481523K->270420K(1336320K), 0.0432840 secs] [Times: user=0.26 sys=0.00, real=0.04 secs] 
3026.364: [GC (Allocation Failure) [PSYoungGen: 435041K->146560K(488448K)] 593492K->415897K(1313792K), 0.0626810 secs] [Times: user=0.37 sys=0.00, real=0.06 secs] 
3031.482: [GC (Allocation Failure) [PSYoungGen: 447104K->99904K(499712K)] 716441K->507229K(1325056K), 0.0654345 secs] [Times: user=0.40 sys=0.00, real=0.06 secs] 
3033.357: [GC (Allocation Failure) [PSYoungGen: 400448K->129024K(499712K)] 807773K->634769K(1325056K), 0.1265029 secs] [Times: user=0.75 sys=0.00, real=0.13 secs] 
3035.590: [GC (Allocation Failure) [PSYoungGen: 437760K->117632K(502784K)] 943505K->743905K(1328128K), 0.0856689 secs] [Times: user=0.38 sys=0.13, real=0.08 secs] 
3035.676: [Full GC (Ergonomics) [PSYoungGen: 117632K->0K(502784K)] [ParOldGen: 626273K->254829K(992768K)] 743905K->254829K(1495552K), [Metaspace: 60015K->60015K(1105920K)], 0.5264914 secs] [Times: user=2.32 sys=0.00, real=0.53 secs] 
3038.700: [GC (Allocation Failure) [PSYoungGen: 308736K->125600K(503808K)] 563565K->380429K(1496576K), 0.0326884 secs] [Times: user=0.19 sys=0.00, real=0.03 secs] 
3041.021: [GC (Allocation Failure) [PSYoungGen: 438432K->122112K(504832K)] 693261K->492372K(1497600K), 0.0628525 secs] [Times: user=0.38 sys=0.00, real=0.06 secs] 
3045.516: [GC (Allocation Failure) [PSYoungGen: 434944K->129504K(505856K)] 805204K->621749K(1498624K), 0.0639495 secs] [Times: user=0.38 sys=0.01, real=0.07 secs] 
3046.875: [GC (Allocation Failure) [PSYoungGen: 444896K->127424K(506368K)] 937141K->730340K(1499136K), 0.0627139 secs] [Times: user=0.38 sys=0.00, real=0.06 secs] 
3048.807: [GC (Allocation Failure) [PSYoungGen: 442816K->122672K(501760K)] 1045732K->852604K(1494528K), 0.0738391 secs] [Times: user=0.39 sys=0.04, real=0.08 secs] 
3050.943: [GC (Allocation Failure) [PSYoungGen: 440112K->125888K(504832K)] 1170044K->967683K(1497600K), 0.0863620 secs] [Times: user=0.38 sys=0.13, real=0.09 secs] 
3051.029: [Full GC (Ergonomics) [PSYoungGen: 125888K->0K(504832K)] [ParOldGen: 841795K->254006K(1054720K)] 967683K->254006K(1559552K), [Metaspace: 60027K->60027K(1105920K)], 0.5290379 secs] [Times: user=2.33 sys=0.00, real=0.53 secs] 
3054.816: [GC (Allocation Failure) [PSYoungGen: 317440K->127792K(507392K)] 571446K->381799K(1562112K), 0.0340926 secs] [Times: user=0.20 sys=0.00, real=0.04 secs] 
3056.581: [GC (Allocation Failure) [PSYoungGen: 453936K->2016K(328192K)] 707943K->256110K(1382912K), 0.0029786 secs] [Times: user=0.02 sys=0.00, real=0.00 secs] 
3058.560: [GC (Allocation Failure) [PSYoungGen: 328160K->139104K(494080K)] 582254K->393206K(1548800K), 0.0305880 secs] [Times: user=0.18 sys=0.00, real=0.03 secs] 
3061.357: [GC (Allocation Failure) [PSYoungGen: 437600K->200160K(498688K)] 691702K->491718K(1553408K), 0.0606679 secs] [Times: user=0.36 sys=0.00, real=0.06 secs] 
3063.943: [GC (Allocation Failure) [PSYoungGen: 498656K->121376K(442368K)] 790214K->413119K(1497088K), 0.0332295 secs] [Times: user=0.19 sys=0.00, real=0.03 secs] 
3065.139: [GC (GCLocker Initiated GC) [PSYoungGen: 363552K->228336K(470528K)] 655295K->525152K(1525248K), 0.0801596 secs] [Times: user=0.47 sys=0.00, real=0.08 secs] 
3068.970: [GC (Allocation Failure) [PSYoungGen: 470512K->54144K(461312K)] 767330K->351078K(1516032K), 0.0384483 secs] [Times: user=0.22 sys=0.00, real=0.04 secs] 
3069.273: [GC (Allocation Failure) [PSYoungGen: 287104K->115040K(465920K)] 584038K->460466K(1520640K), 0.0373101 secs] [Times: user=0.22 sys=0.00, real=0.04 secs] 
3071.124: [GC (Allocation Failure) [PSYoungGen: 348000K->83936K(465920K)] 693426K->536026K(1520640K), 0.0545998 secs] [Times: user=0.32 sys=0.00, real=0.06 secs] 
3072.394: [GC (Allocation Failure) [PSYoungGen: 316896K->86688K(465920K)] 768986K->622699K(1520640K), 0.0728666 secs] [Times: user=0.43 sys=0.00, real=0.07 secs] 
3073.050: [GC (Allocation Failure) [PSYoungGen: 319648K->114112K(445440K)] 855659K->731059K(1500160K), 0.1053694 secs] [Times: user=0.63 sys=0.00, real=0.10 secs] 
3075.416: [GC (Allocation Failure) [PSYoungGen: 347072K->60640K(455680K)] 964019K->791695K(1510400K), 0.0812519 secs] [Times: user=0.47 sys=0.00, real=0.08 secs] 
3078.141: [GC (Allocation Failure) [PSYoungGen: 293600K->105344K(453632K)] 1024655K->894364K(1508352K), 0.0555284 secs] [Times: user=0.33 sys=0.00, real=0.05 secs] 
3080.508: [GC (Allocation Failure) [PSYoungGen: 359808K->125344K(465408K)] 1148828K->1009836K(1520128K), 0.1432507 secs] [Times: user=0.78 sys=0.08, real=0.14 secs] 
3080.651: [Full GC (Ergonomics) [PSYoungGen: 125344K->0K(465408K)] [ParOldGen: 884492K->250310K(1068032K)] 1009836K->250310K(1533440K), [Metaspace: 60064K->60064K(1105920K)], 0.6193923 secs] [Times: user=2.96 sys=0.00, real=0.62 secs] 
3085.494: [GC (Allocation Failure) [PSYoungGen: 254464K->62048K(481792K)] 504774K->312358K(1549824K), 0.0422462 secs] [Times: user=0.24 sys=0.00, real=0.04 secs] 
3085.820: [GC (Allocation Failure) [PSYoungGen: 337253K->131520K(486912K)] 587563K->437927K(1554944K), 0.0424064 secs] [Times: user=0.25 sys=0.00, real=0.04 secs] 
3088.570: [GC (Allocation Failure) [PSYoungGen: 412608K->89024K(479232K)] 719015K->517975K(1547264K), 0.0951141 secs] [Times: user=0.56 sys=0.01, real=0.09 secs] 
3091.602: [GC (Allocation Failure) [PSYoungGen: 376768K->131616K(486400K)] 805719K->646484K(1554432K), 0.0455327 secs] [Times: user=0.27 sys=0.00, real=0.05 secs] 
3092.991: [GC (Allocation Failure) [PSYoungGen: 419360K->98736K(485888K)] 934228K->736000K(1553920K), 0.0610320 secs] [Times: user=0.36 sys=0.00, real=0.06 secs] 
3095.341: [GC (Allocation Failure) [PSYoungGen: 400304K->130640K(493056K)] 1037568K->865101K(1561088K), 0.0581581 secs] [Times: user=0.35 sys=0.00, real=0.06 secs] 
3098.099: [GC (Allocation Failure) [PSYoungGen: 432208K->115552K(495104K)] 1166669K->970916K(1563136K), 0.0646882 secs] [Times: user=0.39 sys=0.00, real=0.06 secs] 
3101.117: [GC (Allocation Failure) [PSYoungGen: 431456K->125776K(501248K)] 1286820K->1096333K(1569280K), 0.0666186 secs] [Times: user=0.37 sys=0.01, real=0.07 secs] 
3101.184: [Full GC (Ergonomics) [PSYoungGen: 125776K->0K(501248K)] [ParOldGen: 970556K->142934K(1033216K)] 1096333K->142934K(1534464K), [Metaspace: 60074K->60074K(1105920K)], 0.3183770 secs] [Times: user=1.45 sys=0.00, real=0.32 secs] 
3104.525: [GC (Allocation Failure) [PSYoungGen: 315904K->122336K(504832K)] 458838K->265278K(1538048K), 0.0433509 secs] [Times: user=0.25 sys=0.01, real=0.05 secs] 
3108.022: [GC (Allocation Failure) [PSYoungGen: 452064K->132016K(509952K)] 595006K->396991K(1543168K), 0.0671257 secs] [Times: user=0.40 sys=0.00, real=0.07 secs] 
3109.831: [GC (Allocation Failure) [PSYoungGen: 461744K->3920K(493056K)] 726719K->268943K(1526272K), 0.0032321 secs] [Times: user=0.01 sys=0.00, real=0.00 secs] 
3111.466: [GC (Allocation Failure) [PSYoungGen: 316752K->139440K(452608K)] 581775K->404463K(1485824K), 0.0280298 secs] [Times: user=0.16 sys=0.00, real=0.03 secs] 
3113.004: [GC (Allocation Failure) [PSYoungGen: 452272K->3584K(484352K)] 717295K->268614K(1517568K), 0.0028263 secs] [Times: user=0.02 sys=0.01, real=0.00 secs] 
3115.933: [GC (Allocation Failure) [PSYoungGen: 290816K->124960K(493056K)] 555846K->389990K(1526272K), 0.0333119 secs] [Times: user=0.20 sys=0.00, real=0.03 secs] 
3118.188: [GC (Allocation Failure) [PSYoungGen: 412192K->205280K(438272K)] 677222K->502382K(1471488K), 0.0761684 secs] [Times: user=0.35 sys=0.11, real=0.07 secs] 
3119.428: [GC (Allocation Failure) [PSYoungGen: 438240K->77248K(465920K)] 735342K->374442K(1499136K), 0.0329273 secs] [Times: user=0.18 sys=0.00, real=0.04 secs] 
3119.665: [GC (Allocation Failure) [PSYoungGen: 306356K->182320K(465920K)] 603551K->479539K(1499136K), 0.0353544 secs] [Times: user=0.21 sys=0.00, real=0.04 secs] 
3123.129: [GC (Allocation Failure) [PSYoungGen: 415280K->4448K(465920K)] 712499K->301702K(1499136K), 0.0032650 secs] [Times: user=0.02 sys=0.01, real=0.00 secs] 
3124.363: [GC (Allocation Failure) [PSYoungGen: 237408K->123744K(465920K)] 534662K->424047K(1499136K), 0.0324646 secs] [Times: user=0.19 sys=0.00, real=0.03 secs] 
3124.982: [GC (Allocation Failure) [PSYoungGen: 356704K->135696K(465920K)] 657007K->525448K(1499136K), 0.1226271 secs] [Times: user=0.73 sys=0.00, real=0.12 secs] 
3127.445: [GC (Allocation Failure) [PSYoungGen: 368656K->58240K(465920K)] 758408K->567055K(1499136K), 0.1069194 secs] [Times: user=0.63 sys=0.00, real=0.11 secs] 
3128.837: [GC (Allocation Failure) [PSYoungGen: 291200K->108016K(340992K)] 800015K->671665K(1374208K), 0.0385802 secs] [Times: user=0.23 sys=0.00, real=0.04 secs] 
3130.355: [GC (Allocation Failure) [PSYoungGen: 336929K->147552K(457728K)] 900578K->809852K(1490944K), 0.0553774 secs] [Times: user=0.33 sys=0.00, real=0.06 secs] 
3132.051: [GC (Allocation Failure) [PSYoungGen: 376928K->62576K(461312K)] 1039228K->837677K(1494528K), 0.1204953 secs] [Times: user=0.72 sys=0.00, real=0.12 secs] 
3132.402: [GC (Allocation Failure) [PSYoungGen: 291952K->113216K(449024K)] 1067053K->941297K(1482240K), 0.0387401 secs] [Times: user=0.23 sys=0.00, real=0.04 secs] 
3134.276: [GC (Allocation Failure) [PSYoungGen: 352320K->81664K(457728K)] 1180401K->1014425K(1490944K), 0.0545644 secs] [Times: user=0.32 sys=0.00, real=0.06 secs] 
3134.330: [Full GC (Ergonomics) [PSYoungGen: 81664K->0K(457728K)] [ParOldGen: 932761K->254510K(1175552K)] 1014425K->254510K(1633280K), [Metaspace: 60087K->60087K(1105920K)], 0.5420733 secs] [Times: user=2.35 sys=0.00, real=0.54 secs] 
3137.302: [GC (Allocation Failure) [PSYoungGen: 235254K->93328K(460288K)] 489765K->347839K(1635840K), 0.0311553 secs] [Times: user=0.18 sys=0.00, real=0.03 secs] 
3137.536: [GC (Allocation Failure) [PSYoungGen: 362128K->131776K(471040K)] 616639K->473587K(1646592K), 0.0538963 secs] [Times: user=0.32 sys=0.00, real=0.06 secs] 
3140.815: [GC (Allocation Failure) [PSYoungGen: 400576K->69472K(490496K)] 742387K->543067K(1666048K), 0.1503334 secs] [Times: user=0.89 sys=0.00, real=0.15 secs] 
3141.407: [GC (Allocation Failure) [PSYoungGen: 355112K->137984K(493056K)] 828707K->675548K(1668608K), 0.0718990 secs] [Times: user=0.43 sys=0.00, real=0.08 secs] 
3145.081: [GC (Allocation Failure) [PSYoungGen: 431360K->90016K(488448K)] 968924K->757132K(1664000K), 0.1676207 secs] [Times: user=0.99 sys=0.01, real=0.17 secs] 
3147.076: [GC (Allocation Failure) [PSYoungGen: 385952K->134864K(492032K)] 1053068K->889350K(1667584K), 0.0474054 secs] [Times: user=0.29 sys=0.00, real=0.05 secs] 
3148.310: [GC (Allocation Failure) [PSYoungGen: 430800K->102000K(488448K)] 1185286K->982398K(1664000K), 0.0639725 secs] [Times: user=0.38 sys=0.00, real=0.06 secs] 
3150.300: [GC (Allocation Failure) [PSYoungGen: 406640K->136112K(494592K)] 1287038K->1116651K(1670144K), 0.0544371 secs] [Times: user=0.31 sys=0.00, real=0.05 secs] 
3154.255: [GC (Allocation Failure) [PSYoungGen: 440752K->104608K(497152K)] 1421291K->1211362K(1672704K), 0.0750590 secs] [Times: user=0.37 sys=0.08, real=0.08 secs] 
3154.330: [Full GC (Ergonomics) [PSYoungGen: 104608K->0K(497152K)] [ParOldGen: 1106754K->20221K(996864K)] 1211362K->20221K(1494016K), [Metaspace: 60090K->60090K(1105920K)], 0.0346768 secs] [Times: user=0.07 sys=0.00, real=0.03 secs] 
3156.354: [GC (Allocation Failure) [PSYoungGen: 316416K->137440K(501760K)] 336637K->157661K(1498624K), 0.0313474 secs] [Times: user=0.18 sys=0.01, real=0.03 secs] 
3157.595: [GC (Allocation Failure) [PSYoungGen: 453856K->112752K(501760K)] 474077K->260974K(1498624K), 0.0648475 secs] [Times: user=0.38 sys=0.00, real=0.07 secs] 
3160.692: [GC (Allocation Failure) [PSYoungGen: 438384K->144608K(506368K)] 586606K->403802K(1503232K), 0.0542404 secs] [Times: user=0.32 sys=0.00, real=0.05 secs] 
3161.975: [GC (Allocation Failure) [PSYoungGen: 470240K->111392K(510464K)] 729434K->505898K(1507328K), 0.0658917 secs] [Times: user=0.39 sys=0.00, real=0.07 secs] 
3163.615: [GC (Allocation Failure) [PSYoungGen: 443168K->151520K(511488K)] 837674K->655487K(1508352K), 0.0543092 secs] [Times: user=0.32 sys=0.00, real=0.06 secs] 
3166.591: [GC (Allocation Failure) [PSYoungGen: 483296K->110944K(513536K)] 987263K->757267K(1510400K), 0.1687151 secs] [Times: user=1.01 sys=0.00, real=0.17 secs] 
3168.332: [GC (Allocation Failure) [PSYoungGen: 441696K->153856K(484864K)] 1088019K->908700K(1481728K), 0.0547745 secs] [Times: user=0.33 sys=0.01, real=0.05 secs] 
3173.514: [GC (Allocation Failure) [PSYoungGen: 484608K->106240K(514560K)] 1239452K->1006492K(1511424K), 0.1684567 secs] [Times: user=1.00 sys=0.00, real=0.17 secs] 
3173.683: [Full GC (Ergonomics) [PSYoungGen: 106240K->0K(514560K)] [ParOldGen: 900252K->50283K(1087488K)] 1006492K->50283K(1602048K), [Metaspace: 60109K->60109K(1105920K)], 0.1417269 secs] [Times: user=0.64 sys=0.00, real=0.14 secs] 
3175.524: [GC (Allocation Failure) [PSYoungGen: 326144K->153056K(479232K)] 376427K->203339K(1566720K), 0.0303384 secs] [Times: user=0.18 sys=0.00, real=0.03 secs] 
3178.038: [GC (Allocation Failure) [PSYoungGen: 479200K->107648K(513024K)] 529483K->302351K(1600512K), 0.1615366 secs] [Times: user=0.97 sys=0.00, real=0.17 secs] 
3179.269: [GC (Allocation Failure) [PSYoungGen: 415036K->143920K(508928K)] 609740K->442420K(1596416K), 0.0506336 secs] [Times: user=0.30 sys=0.00, real=0.05 secs] 
3182.294: [GC (Allocation Failure) [PSYoungGen: 466992K->105440K(508928K)] 765492K->539092K(1596416K), 0.1528893 secs] [Times: user=0.91 sys=0.00, real=0.15 secs] 
3183.534: [GC (Allocation Failure) [PSYoungGen: 430560K->154432K(479744K)] 864212K->689700K(1567232K), 0.1064716 secs] [Times: user=0.63 sys=0.01, real=0.11 secs] 
3188.555: [GC (Allocation Failure) [PSYoungGen: 479552K->95760K(509952K)] 1014820K->785233K(1597440K), 0.1634551 secs] [Times: user=0.97 sys=0.00, real=0.17 secs] 
3189.355: [GC (Allocation Failure) [PSYoungGen: 415248K->151200K(471040K)] 1104721K->932709K(1558528K), 0.0556119 secs] [Times: user=0.33 sys=0.00, real=0.06 secs] 
3192.039: [GC (Allocation Failure) [PSYoungGen: 470688K->95904K(507904K)] 1252197K->1028357K(1595392K), 0.1521091 secs] [Times: user=0.90 sys=0.00, real=0.15 secs] 
3192.192: [Full GC (Ergonomics) [PSYoungGen: 95904K->0K(507904K)] [ParOldGen: 932453K->70207K(1139200K)] 1028357K->70207K(1647104K), [Metaspace: 60126K->60126K(1105920K)], 0.1888444 secs] [Times: user=0.85 sys=0.00, real=0.19 secs] 
3192.884: [GC (Allocation Failure) [PSYoungGen: 314880K->152320K(467456K)] 385087K->222527K(1606656K), 0.0614506 secs] [Times: user=0.37 sys=0.00, real=0.06 secs] 
3197.239: [GC (Allocation Failure) [PSYoungGen: 467200K->90640K(504320K)] 537407K->313056K(1643520K), 0.1504457 secs] [Times: user=0.90 sys=0.01, real=0.15 secs] 
3197.705: [GC (Allocation Failure) [PSYoungGen: 399376K->149248K(458240K)] 621792K->456566K(1597440K), 0.0530376 secs] [Times: user=0.31 sys=0.00, real=0.06 secs] 
3201.624: [GC (Allocation Failure) [PSYoungGen: 457984K->90064K(502784K)] 765302K->546347K(1641984K), 0.1544976 secs] [Times: user=0.92 sys=0.00, real=0.16 secs] 
3202.409: [GC (Allocation Failure) [PSYoungGen: 387654K->141536K(501760K)] 843937K->683846K(1640960K), 0.0496293 secs] [Times: user=0.29 sys=0.01, real=0.05 secs] 
3204.838: [GC (Allocation Failure) [PSYoungGen: 447200K->97552K(497664K)] 989510K->772923K(1636864K), 0.1472383 secs] [Times: user=0.87 sys=0.00, real=0.14 secs] 
3205.772: [GC (Allocation Failure) [PSYoungGen: 404240K->144128K(499712K)] 1079611K->913299K(1638912K), 0.0487529 secs] [Times: user=0.29 sys=0.00, real=0.05 secs] 
3209.610: [GC (Allocation Failure) [PSYoungGen: 450816K->100912K(500224K)] 1219987K->1005583K(1639424K), 0.1633915 secs] [Times: user=0.97 sys=0.00, real=0.16 secs] 
3212.425: [GC (Allocation Failure) [PSYoungGen: 412208K->144736K(502272K)] 1316879K->1146316K(1641472K), 0.0513942 secs] [Times: user=0.30 sys=0.01, real=0.05 secs] 
3212.476: [Full GC (Ergonomics) [PSYoungGen: 144736K->0K(502272K)] [ParOldGen: 1001580K->184653K(1282048K)] 1146316K->184653K(1784320K), [Metaspace: 60129K->60129K(1105920K)], 0.4252000 secs] [Times: user=1.96 sys=0.00, real=0.43 secs] 
3214.549: [GC (Allocation Failure) [PSYoungGen: 311296K->104352K(502784K)] 495949K->289005K(1784832K), 0.0942196 secs] [Times: user=0.56 sys=0.00, real=0.09 secs] 
3217.003: [GC (Allocation Failure) [PSYoungGen: 419232K->145168K(504320K)] 603885K->430850K(1786368K), 0.0515547 secs] [Times: user=0.31 sys=0.00, real=0.05 secs] 
3218.564: [GC (Allocation Failure) [PSYoungGen: 460048K->102560K(505344K)] 745730K->524410K(1787392K), 0.1465383 secs] [Times: user=0.87 sys=0.00, real=0.15 secs] 
3221.762: [GC (Allocation Failure) [PSYoungGen: 420512K->147648K(506368K)] 842362K->668859K(1788416K), 0.0518824 secs] [Times: user=0.31 sys=0.00, real=0.05 secs] 
3224.377: [GC (Allocation Failure) [PSYoungGen: 465600K->106272K(505856K)] 986811K->765799K(1787904K), 0.1613402 secs] [Times: user=0.96 sys=0.01, real=0.17 secs] 
3225.958: [GC (Allocation Failure) [PSYoungGen: 425760K->148704K(506880K)] 1085287K->911360K(1788928K), 0.0522730 secs] [Times: user=0.31 sys=0.00, real=0.05 secs] 
3227.879: [GC (Allocation Failure) [PSYoungGen: 468192K->106608K(507904K)] 1230848K->1008536K(1789952K), 0.1522580 secs] [Times: user=0.83 sys=0.00, real=0.15 secs] 
3229.585: [GC (Allocation Failure) [PSYoungGen: 427120K->148832K(507904K)] 1329048K->1153308K(1789952K), 0.0531534 secs] [Times: user=0.30 sys=0.01, real=0.06 secs] 
3231.107: [GC (Allocation Failure) [PSYoungGen: 469344K->108032K(507392K)] 1473820K->1252025K(1789440K), 0.1162228 secs] [Times: user=0.58 sys=0.12, real=0.12 secs] 
3231.223: [Full GC (Ergonomics) [PSYoungGen: 108032K->0K(507392K)] [ParOldGen: 1143993K->50704K(1171968K)] 1252025K->50704K(1679360K), [Metaspace: 60137K->60137K(1105920K)], 0.1035890 secs] [Times: user=0.43 sys=0.00, real=0.10 secs] 
3232.318: [GC (Allocation Failure) [PSYoungGen: 321024K->151776K(507904K)] 371728K->202480K(1679872K), 0.0300999 secs] [Times: user=0.17 sys=0.00, real=0.03 secs] 
3235.902: [GC (Allocation Failure) [PSYoungGen: 472800K->103104K(509440K)] 523504K->296836K(1681408K), 0.1597541 secs] [Times: user=0.95 sys=0.00, real=0.16 secs] 
3236.957: [GC (Allocation Failure) [PSYoungGen: 422592K->150352K(470016K)] 616324K->443030K(1641984K), 0.0502956 secs] [Times: user=0.30 sys=0.00, real=0.05 secs] 
3240.207: [GC (Allocation Failure) [PSYoungGen: 469840K->103984K(509440K)] 762518K->537714K(1681408K), 0.1675513 secs] [Times: user=1.00 sys=0.00, real=0.17 secs] 
3241.545: [GC (Allocation Failure) [PSYoungGen: 416135K->148176K(506880K)] 849864K->681602K(1678848K), 0.0500379 secs] [Times: user=0.29 sys=0.00, real=0.05 secs] 
3247.186: [GC (Allocation Failure) [PSYoungGen: 465616K->98080K(507904K)] 999042K->771226K(1679872K), 0.1677674 secs] [Times: user=1.01 sys=0.00, real=0.17 secs] 
3248.318: [GC (Allocation Failure) [PSYoungGen: 415520K->150160K(467968K)] 1088666K->917343K(1639936K), 0.0490664 secs] [Times: user=0.29 sys=0.01, real=0.04 secs] 
3250.834: [GC (Allocation Failure) [PSYoungGen: 467600K->104160K(508416K)] 1234783K->1012363K(1680384K), 0.1557683 secs] [Times: user=0.91 sys=0.01, real=0.16 secs] 
3251.649: [GC (Allocation Failure) [PSYoungGen: 419552K->149728K(505856K)] 1327755K->1158696K(1677824K), 0.0513034 secs] [Times: user=0.31 sys=0.00, real=0.05 secs] 
3251.700: [Full GC (Ergonomics) [PSYoungGen: 149728K->0K(505856K)] [ParOldGen: 1008967K->199459K(1360384K)] 1158696K->199459K(1866240K), [Metaspace: 60137K->60137K(1105920K)], 0.4729971 secs] [Times: user=2.20 sys=0.00, real=0.47 secs] 
3254.906: [GC (Allocation Failure) [PSYoungGen: 315392K->100064K(506368K)] 514851K->299523K(1866752K), 0.0884747 secs] [Times: user=0.52 sys=0.00, real=0.09 secs] 
3256.725: [GC (Allocation Failure) [PSYoungGen: 414944K->150640K(465920K)] 614403K->445961K(1826304K), 0.0489574 secs] [Times: user=0.28 sys=0.00, real=0.05 secs] 
3259.533: [GC (Allocation Failure) [PSYoungGen: 465520K->101680K(506880K)] 760841K->539005K(1867264K), 0.1665981 secs] [Times: user=0.99 sys=0.00, real=0.17 secs] 
3261.002: [GC (Allocation Failure) [PSYoungGen: 414512K->147264K(504832K)] 851837K->682385K(1865216K), 0.0497171 secs] [Times: user=0.29 sys=0.01, real=0.05 secs] 
3264.242: [GC (Allocation Failure) [PSYoungGen: 460096K->99136K(504320K)] 995217K->772557K(1864704K), 0.1601978 secs] [Times: user=0.95 sys=0.00, real=0.16 secs] 
3265.794: [GC (Allocation Failure) [PSYoungGen: 412480K->148640K(504832K)] 1085901K->917034K(1865216K), 0.0501676 secs] [Times: user=0.30 sys=0.00, real=0.05 secs] 
3268.772: [GC (Allocation Failure) [PSYoungGen: 461984K->102928K(504832K)] 1230378K->1011087K(1865216K), 0.1665085 secs] [Times: user=0.98 sys=0.00, real=0.17 secs] 
3270.435: [GC (Allocation Failure) [PSYoungGen: 416272K->147152K(504832K)] 1324431K->1154208K(1865216K), 0.0512005 secs] [Times: user=0.30 sys=0.00, real=0.05 secs] 
3272.377: [GC (Allocation Failure) [PSYoungGen: 460496K->104064K(503808K)] 1467552K->1248935K(1864192K), 0.1735697 secs] [Times: user=1.03 sys=0.00, real=0.18 secs] 
3274.967: [GC (Allocation Failure) [PSYoungGen: 418432K->153344K(467968K)] 1563303K->1398276K(1828352K), 0.0668068 secs] [Times: user=0.28 sys=0.09, real=0.07 secs] 
3275.034: [Full GC (Ergonomics) [PSYoungGen: 153344K->0K(467968K)] [ParOldGen: 1244932K->189709K(1394688K)] 1398276K->189709K(1862656K), [Metaspace: 60151K->60151K(1105920K)], 0.4387729 secs] [Times: user=2.02 sys=0.01, real=0.44 secs] 
3277.812: [GC (Allocation Failure) [PSYoungGen: 314368K->103584K(507392K)] 504077K->293293K(1902080K), 0.0971346 secs] [Times: user=0.57 sys=0.01, real=0.10 secs] 
3279.888: [GC (Allocation Failure) [PSYoungGen: 416416K->145152K(504320K)] 606125K->434366K(1899008K), 0.0508335 secs] [Times: user=0.31 sys=0.00, real=0.05 secs] 
3282.700: [GC (Allocation Failure) [PSYoungGen: 457984K->103776K(504320K)] 747198K->529418K(1899008K), 0.1596930 secs] [Times: user=0.96 sys=0.00, real=0.16 secs] 
3284.802: [GC (Allocation Failure) [PSYoungGen: 418656K->146800K(504832K)] 844298K->672272K(1899520K), 0.0512807 secs] [Times: user=0.30 sys=0.00, real=0.05 secs] 
3287.462: [GC (Allocation Failure) [PSYoungGen: 461680K->102464K(506368K)] 987152K->765343K(1901056K), 0.1470521 secs] [Times: user=0.87 sys=0.00, real=0.15 secs] 
3289.762: [GC (Allocation Failure) [PSYoungGen: 419904K->146528K(506880K)] 1082783K->908788K(1901568K), 0.0535568 secs] [Times: user=0.26 sys=0.00, real=0.05 secs] 
3292.079: [GC (Allocation Failure) [PSYoungGen: 463968K->106304K(504832K)] 1226228K->1006012K(1899520K), 0.1741106 secs] [Times: user=1.04 sys=0.00, real=0.17 secs] 
3294.357: [GC (Allocation Failure) [PSYoungGen: 424768K->148736K(506368K)] 1324476K->1150825K(1901056K), 0.0525954 secs] [Times: user=0.31 sys=0.00, real=0.06 secs] 
3296.102: [GC (Allocation Failure) [PSYoungGen: 467200K->105104K(507904K)] 1469289K->1246529K(1902592K), 0.1588656 secs] [Times: user=0.95 sys=0.01, real=0.16 secs] 
3297.949: [GC (Allocation Failure) [PSYoungGen: 425104K->150496K(470528K)] 1566529K->1392769K(1865216K), 0.0526118 secs] [Times: user=0.31 sys=0.00, real=0.05 secs] 
3298.001: [Full GC (Ergonomics) [PSYoungGen: 150496K->0K(470528K)] [ParOldGen: 1242273K->192044K(1398272K)] 1392769K->192044K(1868800K), [Metaspace: 60159K->60159K(1105920K)], 0.4511624 secs] [Times: user=2.10 sys=0.00, real=0.45 secs] 
3302.008: [GC (Allocation Failure) [PSYoungGen: 320000K->105280K(509952K)] 512044K->297324K(1908224K), 0.0999690 secs] [Times: user=0.59 sys=0.01, real=0.10 secs] 
3303.440: [GC (Allocation Failure) [PSYoungGen: 423744K->150560K(469504K)] 615788K->443481K(1867776K), 0.0510758 secs] [Times: user=0.30 sys=0.00, real=0.05 secs] 
3307.518: [GC (Allocation Failure) [PSYoungGen: 469024K->101616K(508928K)] 761945K->536058K(1907200K), 0.1521719 secs] [Times: user=0.89 sys=0.00, real=0.16 secs] 
3309.136: [GC (Allocation Failure) [PSYoungGen: 418544K->148784K(506880K)] 852986K->680903K(1905152K), 0.0509622 secs] [Times: user=0.30 sys=0.00, real=0.05 secs] 
3312.693: [GC (Allocation Failure) [PSYoungGen: 465712K->99232K(507392K)] 997831K->770998K(1905664K), 0.1639150 secs] [Times: user=0.98 sys=0.00, real=0.16 secs] 
3314.300: [GC (Allocation Failure) [PSYoungGen: 415648K->151184K(467968K)] 1087414K->918160K(1866240K), 0.0502038 secs] [Times: user=0.30 sys=0.00, real=0.05 secs] 
3316.612: [GC (Allocation Failure) [PSYoungGen: 467600K->101008K(507392K)] 1234576K->1010480K(1905664K), 0.1430810 secs] [Times: user=0.83 sys=0.02, real=0.14 secs] 
3318.850: [GC (Allocation Failure) [PSYoungGen: 414864K->149056K(463360K)] 1324336K->1155252K(1861632K), 0.0509967 secs] [Times: user=0.30 sys=0.01, real=0.05 secs] 
3321.672: [GC (Allocation Failure) [PSYoungGen: 462912K->101312K(507392K)] 1469108K->1247888K(1905664K), 0.1636194 secs] [Times: user=0.97 sys=0.00, real=0.16 secs] 
3323.666: [GC (Allocation Failure) [PSYoungGen: 414656K->148192K(504832K)] 1561232K->1392093K(1903104K), 0.0511166 secs] [Times: user=0.31 sys=0.00, real=0.05 secs] 
3323.717: [Full GC (Ergonomics) [PSYoungGen: 148192K->0K(504832K)] [ParOldGen: 1243901K->190385K(1398272K)] 1392093K->190385K(1903104K), [Metaspace: 60162K->60162K(1105920K)], 0.4395339 secs] [Times: user=2.03 sys=0.00, real=0.44 secs] 
3326.643: [GC (Allocation Failure) [PSYoungGen: 313344K->102528K(504320K)] 503729K->292913K(1902592K), 0.0915991 secs] [Times: user=0.54 sys=0.00, real=0.09 secs] 
3328.131: [GC (Allocation Failure) [PSYoungGen: 416384K->148304K(504832K)] 606769K->437037K(1903104K), 0.0505524 secs] [Times: user=0.30 sys=0.00, real=0.05 secs] 
3330.546: [GC (Allocation Failure) [PSYoungGen: 462160K->102080K(505344K)] 750893K->530041K(1903616K), 0.1661992 secs] [Times: user=1.00 sys=0.00, real=0.17 secs] 
3332.615: [GC (Allocation Failure) [PSYoungGen: 416448K->149264K(505344K)] 844409K->675312K(1903616K), 0.0504939 secs] [Times: user=0.30 sys=0.00, real=0.05 secs] 
3335.265: [GC (Allocation Failure) [PSYoungGen: 463632K->102688K(505344K)] 989680K->769064K(1903616K), 0.1187347 secs] [Times: user=0.70 sys=0.00, real=0.12 secs] 
3337.182: [GC (Allocation Failure) [PSYoungGen: 417056K->147744K(505344K)] 1083432K->912789K(1903616K), 0.0515516 secs] [Times: user=0.30 sys=0.00, real=0.05 secs] 
3339.104: [GC (Allocation Failure) [PSYoungGen: 462112K->104224K(504832K)] 1227157K->1007709K(1903104K), 0.1704054 secs] [Times: user=1.01 sys=0.01, real=0.17 secs] 
3341.545: [GC (Allocation Failure) [PSYoungGen: 419104K->146304K(505344K)] 1322589K->1150081K(1903616K), 0.0521626 secs] [Times: user=0.31 sys=0.01, real=0.05 secs] 
3344.480: [GC (Allocation Failure) [PSYoungGen: 461184K->103792K(503808K)] 1464961K->1244806K(1902080K), 0.1613772 secs] [Times: user=0.97 sys=0.00, real=0.16 secs] 
3346.581: [GC (Allocation Failure) [PSYoungGen: 420208K->148320K(505344K)] 1561222K->1389386K(1903616K), 0.0524406 secs] [Times: user=0.31 sys=0.00, real=0.05 secs] 
3346.633: [Full GC (Ergonomics) [PSYoungGen: 148320K->0K(505344K)] [ParOldGen: 1241066K->188583K(1398272K)] 1389386K->188583K(1903616K), [Metaspace: 60170K->60170K(1105920K)], 0.4366174 secs] [Times: user=2.02 sys=0.00, real=0.44 secs] 
3349.673: [GC (Allocation Failure) [PSYoungGen: 316416K->104864K(507392K)] 504999K->293447K(1905664K), 0.0977616 secs] [Times: user=0.57 sys=0.00, real=0.10 secs] 
3352.593: [GC (Allocation Failure) [PSYoungGen: 423328K->149712K(507392K)] 611911K->439066K(1905664K), 0.0516170 secs] [Times: user=0.31 sys=0.00, real=0.05 secs] 
3354.871: [GC (Allocation Failure) [PSYoungGen: 468176K->103088K(507904K)] 757530K->532918K(1906176K), 0.1471932 secs] [Times: user=0.86 sys=0.02, real=0.15 secs] 
3357.295: [GC (Allocation Failure) [PSYoungGen: 421040K->150960K(468992K)] 850870K->679571K(1867264K), 0.0519092 secs] [Times: user=0.31 sys=0.00, real=0.05 secs] 
3360.097: [GC (Allocation Failure) [PSYoungGen: 468912K->103648K(508928K)] 997523K->774230K(1907200K), 0.1637955 secs] [Times: user=0.97 sys=0.01, real=0.17 secs] 
3361.864: [GC (Allocation Failure) [PSYoungGen: 420064K->150976K(467456K)] 1090646K->920611K(1865728K), 0.0515015 secs] [Times: user=0.30 sys=0.00, real=0.05 secs] 
3364.821: [GC (Allocation Failure) [PSYoungGen: 467392K->101904K(507904K)] 1237027K->1013671K(1906176K), 0.1709595 secs] [Times: user=1.02 sys=0.00, real=0.17 secs] 
3366.257: [GC (Allocation Failure) [PSYoungGen: 416272K->148352K(505344K)] 1328039K->1158244K(1903616K), 0.0512113 secs] [Times: user=0.31 sys=0.00, real=0.06 secs] 
3368.887: [GC (Allocation Failure) [PSYoungGen: 462720K->103024K(505856K)] 1472612K->1251932K(1904128K), 0.1803585 secs] [Times: user=1.07 sys=0.00, real=0.18 secs] 
3370.524: [GC (Allocation Failure) [PSYoungGen: 417904K->149856K(464896K)] 1566812K->1397384K(1863168K), 0.0513778 secs] [Times: user=0.31 sys=0.00, real=0.05 secs] 
3370.576: [Full GC (Ergonomics) [PSYoungGen: 149856K->0K(464896K)] [ParOldGen: 1247528K->195064K(1398272K)] 1397384K->195064K(1863168K), [Metaspace: 60178K->60178K(1105920K)], 0.4560519 secs] [Times: user=2.10 sys=0.00, real=0.46 secs] 
3374.136: [GC (Allocation Failure) [PSYoungGen: 314880K->101968K(507904K)] 509944K->297033K(1906176K), 0.0937774 secs] [Times: user=0.55 sys=0.00, real=0.10 secs] 
3375.506: [GC (Allocation Failure) [PSYoungGen: 416336K->149456K(505344K)] 611401K->442310K(1903616K), 0.0501017 secs] [Times: user=0.30 sys=0.00, real=0.05 secs] 
3378.254: [GC (Allocation Failure) [PSYoungGen: 463824K->101664K(505856K)] 756678K->535165K(1904128K), 0.1652951 secs] [Times: user=0.98 sys=0.00, real=0.17 secs] 
3380.024: [GC (Allocation Failure) [PSYoungGen: 415520K->146448K(505344K)] 849021K->677935K(1903616K), 0.0505919 secs] [Times: user=0.30 sys=0.00, real=0.05 secs] 
3382.354: [GC (Allocation Failure) [PSYoungGen: 460304K->104640K(502784K)] 991791K->773086K(1901056K), 0.1474113 secs] [Times: user=0.78 sys=0.00, real=0.15 secs] 
3383.813: [GC (Allocation Failure) [PSYoungGen: 419008K->148448K(504320K)] 1087454K->917191K(1902592K), 0.0519853 secs] [Times: user=0.31 sys=0.00, real=0.05 secs] 
3386.015: [GC (Allocation Failure) [PSYoungGen: 462816K->104832K(505344K)] 1231559K->1012923K(1903616K), 0.1642378 secs] [Times: user=0.98 sys=0.00, real=0.17 secs] 
3387.334: [GC (Allocation Failure) [PSYoungGen: 421248K->147040K(505856K)] 1329339K->1155863K(1904128K), 0.0513680 secs] [Times: user=0.30 sys=0.00, real=0.05 secs] 
3390.011: [GC (Allocation Failure) [PSYoungGen: 463456K->104896K(506368K)] 1472279K->1251139K(1904640K), 0.1373005 secs] [Times: user=0.81 sys=0.00, real=0.13 secs] 
3391.175: [GC (Allocation Failure) [PSYoungGen: 422848K->151296K(506880K)] 1569091K->1398316K(1905152K), 0.0530717 secs] [Times: user=0.31 sys=0.00, real=0.05 secs] 
3391.228: [Full GC (Ergonomics) [PSYoungGen: 151296K->0K(506880K)] [ParOldGen: 1247020K->193826K(1398272K)] 1398316K->193826K(1905152K), [Metaspace: 60191K->60191K(1105920K)], 0.4803515 secs] [Times: user=2.22 sys=0.00, real=0.49 secs] 
3394.415: [GC (Allocation Failure) [PSYoungGen: 317952K->103169K(507904K)] 511778K->296996K(1906176K), 0.0864752 secs] [Times: user=0.51 sys=0.00, real=0.09 secs] 
3395.581: [GC (Allocation Failure) [PSYoungGen: 420097K->151328K(468480K)] 613924K->444236K(1866752K), 0.0506937 secs] [Times: user=0.30 sys=0.01, real=0.05 secs] 
3398.773: [GC (Allocation Failure) [PSYoungGen: 468256K->103136K(507904K)] 761164K->538880K(1906176K), 0.1634965 secs] [Times: user=0.98 sys=0.00, real=0.16 secs] 
3399.882: [GC (Allocation Failure) [PSYoungGen: 418016K->147872K(505856K)] 853760K->683029K(1904128K), 0.0504534 secs] [Times: user=0.30 sys=0.00, real=0.05 secs] 
3403.412: [GC (Allocation Failure) [PSYoungGen: 462752K->98288K(506368K)] 997909K->772494K(1904640K), 0.1664954 secs] [Times: user=0.97 sys=0.01, real=0.17 secs] 
3405.137: [GC (Allocation Failure) [PSYoungGen: 413680K->149792K(465408K)] 1087886K->918070K(1863680K), 0.0498092 secs] [Times: user=0.30 sys=0.00, real=0.05 secs] 
3407.635: [GC (Allocation Failure) [PSYoungGen: 465184K->103296K(507904K)] 1233462K->1012490K(1906176K), 0.1644193 secs] [Times: user=0.98 sys=0.00, real=0.17 secs] 
3408.492: [GC (Allocation Failure) [PSYoungGen: 417152K->150704K(504832K)] 1326346K->1159428K(1903104K), 0.0515507 secs] [Times: user=0.30 sys=0.00, real=0.05 secs] 
3411.958: [GC (Allocation Failure) [PSYoungGen: 464560K->99744K(505856K)] 1473284K->1250647K(1904128K), 0.1618563 secs] [Times: user=0.96 sys=0.00, real=0.16 secs] 
3413.496: [GC (Allocation Failure) [PSYoungGen: 412576K->155904K(468992K)] 1563479K->1402596K(1867264K), 0.0515222 secs] [Times: user=0.31 sys=0.00, real=0.05 secs] 
3413.548: [Full GC (Ergonomics) [PSYoungGen: 155904K->0K(468992K)] [ParOldGen: 1246692K->192954K(1398272K)] 1402596K->192954K(1867264K), [Metaspace: 60191K->60191K(1105920K)], 0.4544401 secs] [Times: user=2.10 sys=0.00, real=0.46 secs] 
3417.001: [GC (Allocation Failure) [PSYoungGen: 312832K->100640K(504320K)] 505786K->293594K(1902592K), 0.0840781 secs] [Times: user=0.48 sys=0.00, real=0.08 secs] 
3418.729: [GC (Allocation Failure) [PSYoungGen: 407840K->152816K(460288K)] 600794K->442084K(1858560K), 0.0500695 secs] [Times: user=0.30 sys=0.00, real=0.05 secs] 
3421.356: [GC (Allocation Failure) [PSYoungGen: 460016K->98784K(502784K)] 749284K->523899K(1901056K), 0.1719011 secs] [Times: user=1.02 sys=0.00, real=0.18 secs] 
3422.394: [GC (Allocation Failure) [PSYoungGen: 403424K->142944K(448000K)] 828539K->664120K(1846272K), 0.0495422 secs] [Times: user=0.30 sys=0.00, real=0.05 secs] 
3424.032: [GC (Allocation Failure) [PSYoungGen: 447584K->100736K(502784K)] 968760K->755972K(1901056K), 0.0874024 secs] [Times: user=0.51 sys=0.01, real=0.09 secs] 
3426.486: [GC (Allocation Failure) [PSYoungGen: 407936K->139536K(500224K)] 1063172K->892601K(1898496K), 0.0506682 secs] [Times: user=0.30 sys=0.00, real=0.05 secs] 
3428.643: [GC (Allocation Failure) [PSYoungGen: 446736K->103424K(502784K)] 1199801K->986081K(1901056K), 0.0632990 secs] [Times: user=0.37 sys=0.00, real=0.06 secs] 
3432.016: [GC (Allocation Failure) [PSYoungGen: 416768K->141632K(502272K)] 1299425K->1125522K(1900544K), 0.0517917 secs] [Times: user=0.31 sys=0.00, real=0.05 secs] 
3433.187: [GC (Allocation Failure) [PSYoungGen: 454976K->107728K(503296K)] 1438866K->1223818K(1901568K), 0.0654956 secs] [Times: user=0.40 sys=0.00, real=0.07 secs] 
3435.738: [GC (Allocation Failure) [PSYoungGen: 428240K->142384K(506368K)] 1544330K->1364175K(1904640K), 0.0533492 secs] [Times: user=0.31 sys=0.00, real=0.05 secs] 
3438.266: [GC (Allocation Failure) [PSYoungGen: 462896K->110656K(506880K)] 1684687K->1465503K(1905152K), 0.0920540 secs] [Times: user=0.35 sys=0.20, real=0.10 secs] 
3438.358: [Full GC (Ergonomics) [PSYoungGen: 110656K->0K(506880K)] [ParOldGen: 1354846K->26328K(1398272K)] 1465503K->26328K(1905152K), [Metaspace: 60205K->60205K(1105920K)], 0.0464060 secs] [Times: user=0.14 sys=0.00, real=0.04 secs] 
3441.081: [GC (Allocation Failure) [PSYoungGen: 326144K->146624K(509440K)] 352472K->172952K(1907712K), 0.0289300 secs] [Times: user=0.17 sys=0.00, real=0.03 secs] 
3442.898: [GC (Allocation Failure) [PSYoungGen: 472763K->110816K(510976K)] 499092K->274632K(1909248K), 0.0838169 secs] [Times: user=0.50 sys=0.00, real=0.08 secs] 
3444.181: [GC (Allocation Failure) [PSYoungGen: 440544K->154224K(484352K)] 604360K->427034K(1882624K), 0.0743956 secs] [Times: user=0.44 sys=0.00, real=0.07 secs] 
3447.491: [GC (Allocation Failure) [PSYoungGen: 483952K->108288K(514048K)] 756762K->526889K(1912320K), 0.1575190 secs] [Times: user=0.94 sys=0.01, real=0.16 secs] 
3448.760: [GC (GCLocker Initiated GC) [PSYoungGen: 434944K->153616K(480768K)] 853546K->676928K(1879040K), 0.0526306 secs] [Times: user=0.31 sys=0.00, real=0.05 secs] 
3452.467: [GC (Allocation Failure) [PSYoungGen: 480272K->106640K(512000K)] 1003587K->774799K(1910272K), 0.1711924 secs] [Times: user=1.02 sys=0.00, real=0.18 secs] 
3453.660: [GC (Allocation Failure) [PSYoungGen: 417310K->144256K(509440K)] 1085469K->915371K(1907712K), 0.0513182 secs] [Times: user=0.30 sys=0.00, real=0.05 secs] 
3456.582: [GC (Allocation Failure) [PSYoungGen: 466816K->106192K(509952K)] 1237931K->1012724K(1908224K), 0.1709629 secs] [Times: user=1.02 sys=0.01, real=0.17 secs] 
3457.368: [GC (Allocation Failure) [PSYoungGen: 430800K->154144K(479232K)] 1337332K->1163044K(1877504K), 0.0523527 secs] [Times: user=0.30 sys=0.00, real=0.06 secs] 
3461.987: [GC (Allocation Failure) [PSYoungGen: 477671K->94976K(509440K)] 1486571K->1257532K(1907712K), 0.1595829 secs] [Times: user=0.96 sys=0.00, real=0.16 secs] 
3462.450: [GC (Allocation Failure) [PSYoungGen: 414464K->152704K(472576K)] 1577020K->1406685K(1870848K), 0.0559189 secs] [Times: user=0.33 sys=0.00, real=0.05 secs] 
3462.506: [Full GC (Ergonomics) [PSYoungGen: 152704K->0K(472576K)] [ParOldGen: 1253981K->211321K(1398272K)] 1406685K->211321K(1870848K), [Metaspace: 60209K->60209K(1105920K)], 0.4910776 secs] [Times: user=2.30 sys=0.00, real=0.49 secs] 
3467.146: [GC (Allocation Failure) [PSYoungGen: 319488K->94992K(506368K)] 530809K->306314K(1904640K), 0.1528219 secs] [Times: user=0.91 sys=0.00, real=0.16 secs] 
3467.644: [GC (Allocation Failure) [PSYoungGen: 408336K->151632K(465408K)] 619658K->452171K(1863680K), 0.0533316 secs] [Times: user=0.32 sys=0.00, real=0.05 secs] 
3470.925: [GC (Allocation Failure) [PSYoungGen: 464976K->90240K(503808K)] 765515K->542047K(1902080K), 0.1558756 secs] [Times: user=0.92 sys=0.00, real=0.16 secs] 
3471.783: [GC (Allocation Failure) [PSYoungGen: 398464K->148896K(457216K)] 850271K->685107K(1855488K), 0.0535091 secs] [Times: user=0.32 sys=0.00, real=0.05 secs] 
3475.213: [GC (Allocation Failure) [PSYoungGen: 457120K->93232K(502784K)] 993331K->777864K(1901056K), 0.1613744 secs] [Times: user=0.96 sys=0.00, real=0.16 secs] 
3476.062: [GC (Allocation Failure) [PSYoungGen: 389802K->139408K(445440K)] 1074434K->913193K(1843712K), 0.0498712 secs] [Times: user=0.29 sys=0.00, real=0.05 secs] 
3478.452: [GC (Allocation Failure) [PSYoungGen: 445072K->99552K(502784K)] 1218857K->1003705K(1901056K), 0.1703641 secs] [Times: user=1.01 sys=0.01, real=0.17 secs] 
3480.213: [GC (Allocation Failure) [PSYoungGen: 407776K->145264K(500224K)] 1311929K->1144505K(1898496K), 0.0489074 secs] [Times: user=0.29 sys=0.00, real=0.05 secs] 
3483.176: [GC (Allocation Failure) [PSYoungGen: 453488K->98624K(503296K)] 1452729K->1234348K(1901568K), 0.1330807 secs] [Times: user=0.79 sys=0.01, real=0.14 secs] 
3485.296: [GC (Allocation Failure) [PSYoungGen: 411968K->146528K(504320K)] 1547692K->1377445K(1902592K), 0.0509917 secs] [Times: user=0.30 sys=0.00, real=0.05 secs] 
3485.347: [Full GC (Ergonomics) [PSYoungGen: 146528K->0K(504320K)] [ParOldGen: 1230917K->184799K(1398272K)] 1377445K->184799K(1902592K), [Metaspace: 60212K->60212K(1105920K)], 0.4341613 secs] [Times: user=2.00 sys=0.00, real=0.44 secs] 
3487.315: [GC (Allocation Failure) [PSYoungGen: 313344K->104480K(503296K)] 498143K->289279K(1901568K), 0.0521644 secs] [Times: user=0.30 sys=0.00, real=0.05 secs] 
3489.032: [GC (Allocation Failure) [PSYoungGen: 418848K->147424K(504320K)] 603647K->432564K(1902592K), 0.0515419 secs] [Times: user=0.30 sys=0.01, real=0.05 secs] 
3491.649: [GC (Allocation Failure) [PSYoungGen: 461792K->106160K(504320K)] 746932K->529508K(1902592K), 0.1109633 secs] [Times: user=0.66 sys=0.00, real=0.11 secs] 
3494.278: [GC (Allocation Failure) [PSYoungGen: 422576K->146368K(505344K)] 845924K->669825K(1903616K), 0.0510946 secs] [Times: user=0.30 sys=0.00, real=0.05 secs] 
3496.475: [GC (GCLocker Initiated GC) [PSYoungGen: 462784K->105904K(505856K)] 986241K->766129K(1904128K), 0.0966297 secs] [Times: user=0.57 sys=0.00, real=0.10 secs] 
3497.998: [GC (Allocation Failure) [PSYoungGen: 424880K->148960K(506880K)] 1085108K->911132K(1905152K), 0.0531743 secs] [Times: user=0.32 sys=0.00, real=0.05 secs] 
3500.596: [GC (Allocation Failure) [PSYoungGen: 467936K->106352K(506880K)] 1230108K->1008057K(1905152K), 0.0969606 secs] [Times: user=0.57 sys=0.00, real=0.10 secs] 
3501.471: [GC (Allocation Failure) [PSYoungGen: 426352K->149568K(507392K)] 1328057K->1154045K(1905664K), 0.0528111 secs] [Times: user=0.31 sys=0.00, real=0.05 secs] 
3504.725: [GC (Allocation Failure) [PSYoungGen: 469568K->106464K(508416K)] 1474045K->1251301K(1906688K), 0.1502327 secs] [Times: user=0.89 sys=0.01, real=0.15 secs] 
3505.534: [GC (Allocation Failure) [PSYoungGen: 426199K->150944K(471040K)] 1571037K->1398838K(1869312K), 0.0536718 secs] [Times: user=0.32 sys=0.00, real=0.05 secs] 
3505.587: [Full GC (Ergonomics) [PSYoungGen: 150944K->0K(471040K)] [ParOldGen: 1247894K->197533K(1398272K)] 1398838K->197533K(1869312K), [Metaspace: 60213K->60213K(1105920K)], 0.4673735 secs] [Times: user=2.17 sys=0.00, real=0.47 secs] 
3507.837: [GC (Allocation Failure) [PSYoungGen: 320000K->105984K(510464K)] 517533K->303517K(1908736K), 0.1013511 secs] [Times: user=0.60 sys=0.01, real=0.11 secs] 
3508.844: [GC (Allocation Failure) [PSYoungGen: 415326K->145280K(507392K)] 612859K->444494K(1905664K), 0.0499693 secs] [Times: user=0.30 sys=0.00, real=0.05 secs] 
3511.906: [GC (GCLocker Initiated GC) [PSYoungGen: 464256K->106128K(507392K)] 763470K->541951K(1905664K), 0.1677804 secs] [Times: user=0.99 sys=0.00, real=0.17 secs] 
3512.628: [GC (Allocation Failure) [PSYoungGen: 427152K->153200K(507904K)] 862977K->691582K(1906176K), 0.0520989 secs] [Times: user=0.31 sys=0.00, real=0.06 secs] 
3515.696: [GC (Allocation Failure) [PSYoungGen: 474224K->95968K(508416K)] 1012606K->787394K(1906688K), 0.1413043 secs] [Times: user=0.84 sys=0.01, real=0.14 secs] 
3516.654: [GC (Allocation Failure) [PSYoungGen: 413408K->151328K(468992K)] 1104834K->934479K(1867264K), 0.0549995 secs] [Times: user=0.32 sys=0.01, real=0.06 secs] 
3519.604: [GC (Allocation Failure) [PSYoungGen: 465183K->92624K(505856K)] 1248334K->1026491K(1904128K), 0.1715768 secs] [Times: user=1.01 sys=0.00, real=0.17 secs] 
3520.207: [GC (Allocation Failure) [PSYoungGen: 404944K->148896K(461312K)] 1338811K->1171408K(1859584K), 0.0537551 secs] [Times: user=0.32 sys=0.00, real=0.06 secs] 
3523.962: [GC (Allocation Failure) [PSYoungGen: 461216K->89904K(504320K)] 1483728K->1260972K(1902592K), 0.1309699 secs] [Times: user=0.78 sys=0.00, real=0.13 secs] 
3524.609: [GC (Allocation Failure) [PSYoungGen: 392235K->142688K(503296K)] 1563303K->1399984K(1901568K), 0.0498685 secs] [Times: user=0.29 sys=0.00, real=0.05 secs] 
3524.659: [Full GC (Ergonomics) [PSYoungGen: 142688K->0K(503296K)] [ParOldGen: 1257296K->197997K(1398272K)] 1399984K->197997K(1901568K), [Metaspace: 60215K->60215K(1105920K)], 0.4613116 secs] [Times: user=2.13 sys=0.00, real=0.46 secs] 
3528.476: [GC (Allocation Failure) [PSYoungGen: 308736K->98752K(499712K)] 506733K->296749K(1897984K), 0.0932832 secs] [Times: user=0.55 sys=0.00, real=0.10 secs] 
3529.486: [GC (Allocation Failure) [PSYoungGen: 408000K->147744K(501760K)] 605997K->440701K(1900032K), 0.0484268 secs] [Times: user=0.29 sys=0.00, real=0.05 secs] 
3532.689: [GC (Allocation Failure) [PSYoungGen: 456992K->101792K(502272K)] 749949K->533761K(1900544K), 0.1777521 secs] [Times: user=1.05 sys=0.01, real=0.17 secs] 
3534.694: [GC (Allocation Failure) [PSYoungGen: 413600K->146432K(503296K)] 845569K->676206K(1901568K), 0.0501543 secs] [Times: user=0.30 sys=0.01, real=0.05 secs] 
3537.852: [GC (Allocation Failure) [PSYoungGen: 458240K->100032K(504320K)] 988014K->767502K(1902592K), 0.1635819 secs] [Times: user=0.98 sys=0.00, real=0.16 secs] 
3539.562: [GC (Allocation Failure) [PSYoungGen: 413888K->148208K(504832K)] 1081358K->911216K(1903104K), 0.0501690 secs] [Times: user=0.30 sys=0.00, real=0.05 secs] 
3543.390: [GC (Allocation Failure) [PSYoungGen: 462064K->103424K(504320K)] 1225072K->1005883K(1902592K), 0.1679351 secs] [Times: user=1.00 sys=0.00, real=0.16 secs] 
3545.705: [GC (Allocation Failure) [PSYoungGen: 417792K->144352K(504832K)] 1320251K->1146584K(1903104K), 0.0513141 secs] [Times: user=0.30 sys=0.00, real=0.05 secs] 
3547.444: [GC (Allocation Failure) [PSYoungGen: 457118K->105712K(502784K)] 1459350K->1242973K(1901056K), 0.1389872 secs] [Times: user=0.83 sys=0.00, real=0.14 secs] 
3549.233: [GC (Allocation Failure) [PSYoungGen: 422128K->148480K(504832K)] 1559389K->1388289K(1903104K), 0.0530799 secs] [Times: user=0.31 sys=0.00, real=0.05 secs] 
3549.286: [Full GC (Ergonomics) [PSYoungGen: 148480K->0K(504832K)] [ParOldGen: 1239809K->185906K(1398272K)] 1388289K->185906K(1903104K), [Metaspace: 60216K->60216K(1105920K)], 0.4328877 secs] [Times: user=2.01 sys=0.00, real=0.44 secs] 
3553.004: [GC (Allocation Failure) [PSYoungGen: 316416K->100960K(507904K)] 502322K->286866K(1906176K), 0.0925636 secs] [Times: user=0.55 sys=0.00, real=0.09 secs] 
3555.058: [GC (Allocation Failure) [PSYoungGen: 419424K->144736K(507392K)] 605330K->428959K(1905664K), 0.0506005 secs] [Times: user=0.30 sys=0.00, real=0.05 secs] 
3557.349: [GC (Allocation Failure) [PSYoungGen: 463200K->106928K(504320K)] 747423K->527108K(1902592K), 0.1271852 secs] [Times: user=0.75 sys=0.00, real=0.12 secs] 
3559.621: [GC (Allocation Failure) [PSYoungGen: 426416K->148608K(506368K)] 846596K->672232K(1904640K), 0.0519532 secs] [Times: user=0.31 sys=0.00, real=0.05 secs] 
3562.757: [GC (Allocation Failure) [PSYoungGen: 468096K->103104K(509440K)] 991720K->766320K(1907712K), 0.1712571 secs] [Times: user=1.02 sys=0.01, real=0.18 secs] 
3565.364: [GC (GCLocker Initiated GC) [PSYoungGen: 424640K->150928K(472576K)] 1087856K->913405K(1870848K), 0.1365778 secs] [Times: user=0.81 sys=0.00, real=0.14 secs] 
3569.636: [GC (Allocation Failure) [PSYoungGen: 472464K->105344K(510464K)] 1234944K->1010255K(1908736K), 0.1636655 secs] [Times: user=0.97 sys=0.00, real=0.17 secs] 
3570.854: [GC (Allocation Failure) [PSYoungGen: 424320K->150512K(507392K)] 1329231K->1156501K(1905664K), 0.0526103 secs] [Times: user=0.31 sys=0.01, real=0.05 secs] 
3573.588: [GC (Allocation Failure) [PSYoungGen: 469488K->102304K(508416K)] 1475477K->1249596K(1906688K), 0.1707914 secs] [Times: user=1.02 sys=0.00, real=0.17 secs] 
3575.816: [GC (Allocation Failure) [PSYoungGen: 420256K->150736K(468992K)] 1567548K->1396230K(1867264K), 0.0520985 secs] [Times: user=0.31 sys=0.00, real=0.05 secs] 
3575.868: [Full GC (Ergonomics) [PSYoungGen: 150736K->0K(468992K)] [ParOldGen: 1245493K->194733K(1398272K)] 1396230K->194733K(1867264K), [Metaspace: 60218K->60218K(1105920K)], 0.4507322 secs] [Times: user=2.07 sys=0.00, real=0.46 secs] 
3578.636: [GC (Allocation Failure) [PSYoungGen: 317952K->102960K(508416K)] 512685K->297701K(1906688K), 0.0852139 secs] [Times: user=0.50 sys=0.01, real=0.09 secs] 
3579.900: [GC (Allocation Failure) [PSYoungGen: 418864K->159264K(475648K)] 613605K->452369K(1873920K), 0.0504681 secs] [Times: user=0.30 sys=0.00, real=0.05 secs] 
3583.245: [GC (Allocation Failure) [PSYoungGen: 475168K->100416K(504320K)] 768273K->535897K(1902592K), 0.1697812 secs] [Times: user=1.02 sys=0.00, real=0.17 secs] 
3584.471: [GC (Allocation Failure) [PSYoungGen: 408128K->144880K(502272K)] 843609K->677035K(1900544K), 0.0499160 secs] [Times: user=0.29 sys=0.00, real=0.05 secs] 
3585.987: [GC (Allocation Failure) [PSYoungGen: 452592K->104128K(501248K)] 984747K->772286K(1899520K), 0.1369216 secs] [Times: user=0.80 sys=0.01, real=0.14 secs] 
3588.096: [GC (Allocation Failure) [PSYoungGen: 413888K->143472K(501760K)] 1082046K->912108K(1900032K), 0.0520940 secs] [Times: user=0.31 sys=0.00, real=0.05 secs] 
3591.078: [GC (Allocation Failure) [PSYoungGen: 453232K->101760K(502784K)] 1221868K->1004531K(1901056K), 0.1724329 secs] [Times: user=1.03 sys=0.00, real=0.17 secs] 
3592.627: [GC (Allocation Failure) [PSYoungGen: 416640K->147248K(504832K)] 1319411K->1147881K(1903104K), 0.0514735 secs] [Times: user=0.30 sys=0.00, real=0.06 secs] 
3595.118: [GC (Allocation Failure) [PSYoungGen: 462128K->103904K(505856K)] 1462761K->1242456K(1904128K), 0.1719477 secs] [Times: user=1.03 sys=0.00, real=0.18 secs] 
3597.499: [GC (Allocation Failure) [PSYoungGen: 420832K->145152K(506368K)] 1559384K->1383989K(1904640K), 0.0525283 secs] [Times: user=0.31 sys=0.00, real=0.05 secs] 
3597.551: [Full GC (Ergonomics) [PSYoungGen: 145152K->0K(506368K)] [ParOldGen: 1238837K->183024K(1398272K)] 1383989K->183024K(1904640K), [Metaspace: 60231K->60231K(1105920K)], 0.4303331 secs] [Times: user=1.92 sys=0.00, real=0.43 secs] 
3600.747: [GC (Allocation Failure) [PSYoungGen: 316910K->105025K(505344K)] 499934K->288049K(1903616K), 0.1018459 secs] [Times: user=0.60 sys=0.00, real=0.11 secs] 
3602.323: [GC (Allocation Failure) [PSYoungGen: 424001K->145944K(506880K)] 607025K->431190K(1905152K), 0.0522642 secs] [Times: user=0.31 sys=0.00, real=0.05 secs] 
3605.984: [GC (Allocation Failure) [PSYoungGen: 464920K->103440K(507392K)] 750166K->525390K(1905664K), 0.1690692 secs] [Times: user=1.01 sys=0.00, real=0.17 secs] 
3608.820: [GC (Allocation Failure) [PSYoungGen: 424976K->147760K(508416K)] 846926K->669963K(1906688K), 0.0515903 secs] [Times: user=0.30 sys=0.00, real=0.05 secs] 
3611.276: [GC (Allocation Failure) [PSYoungGen: 469296K->105728K(509440K)] 991499K->766378K(1907712K), 0.1749261 secs] [Times: user=1.03 sys=0.02, real=0.18 secs] 
3613.628: [GC (Allocation Failure) [PSYoungGen: 428288K->150704K(473600K)] 1088938K->912936K(1871872K), 0.0522945 secs] [Times: user=0.31 sys=0.00, real=0.05 secs] 
3616.055: [GC (Allocation Failure) [PSYoungGen: 473264K->104992K(510976K)] 1235496K->1008831K(1909248K), 0.1522670 secs] [Times: user=0.91 sys=0.01, real=0.15 secs] 
3617.496: [GC (Allocation Failure) [PSYoungGen: 425504K->153312K(474112K)] 1329343K->1158028K(1872384K), 0.0523883 secs] [Times: user=0.31 sys=0.00, real=0.06 secs] 
3621.313: [GC (Allocation Failure) [PSYoungGen: 473824K->104832K(509440K)] 1478540K->1254180K(1907712K), 0.1696985 secs] [Times: user=1.01 sys=0.00, real=0.17 secs] 
3623.003: [GC (Allocation Failure) [PSYoungGen: 419431K->148240K(506880K)] 1568780K->1398317K(1905152K), 0.0518953 secs] [Times: user=0.31 sys=0.00, real=0.05 secs] 
3623.055: [Full GC (Ergonomics) [PSYoungGen: 148240K->0K(506880K)] [ParOldGen: 1250077K->197779K(1398272K)] 1398317K->197779K(1905152K), [Metaspace: 60354K->60354K(1105920K)], 0.4619656 secs] [Times: user=2.13 sys=0.00, real=0.46 secs] 
3625.951: [GC (Allocation Failure) [PSYoungGen: 317440K->103264K(507392K)] 515219K->301043K(1905664K), 0.0958515 secs] [Times: user=0.57 sys=0.00, real=0.09 secs] 
3628.079: [GC (Allocation Failure) [PSYoungGen: 417918K->148304K(507392K)] 615697K->444920K(1905664K), 0.0487994 secs] [Times: user=0.29 sys=0.00, real=0.05 secs] 
3631.143: [GC (Allocation Failure) [PSYoungGen: 466256K->105792K(506368K)] 762872K->541924K(1904640K), 0.1602767 secs] [Times: user=0.96 sys=0.00, real=0.16 secs] 
3632.060: [GC (Allocation Failure) [PSYoungGen: 419032K->145472K(506880K)] 855164K->683704K(1905152K), 0.0501483 secs] [Times: user=0.29 sys=0.00, real=0.05 secs] 
3636.339: [GC (Allocation Failure) [PSYoungGen: 463424K->103424K(506880K)] 1001656K->777984K(1905152K), 0.1576708 secs] [Times: user=0.94 sys=0.00, real=0.15 secs] 
3638.135: [GC (Allocation Failure) [PSYoungGen: 421363K->148160K(507904K)] 1095923K->922089K(1906176K), 0.0503113 secs] [Times: user=0.30 sys=0.00, real=0.05 secs] 
3641.479: [GC (Allocation Failure) [PSYoungGen: 468160K->105088K(507904K)] 1242089K->1018169K(1906176K), 0.1381881 secs] [Times: user=0.82 sys=0.01, real=0.13 secs] 
3642.833: [GC (Allocation Failure) [PSYoungGen: 418249K->145664K(508416K)] 1331331K->1159766K(1906688K), 0.0505900 secs] [Times: user=0.30 sys=0.00, real=0.05 secs] 
3645.802: [GC (Allocation Failure) [PSYoungGen: 466688K->104128K(508928K)] 1480790K->1255278K(1907200K), 0.1588712 secs] [Times: user=0.94 sys=0.01, real=0.16 secs] 
3646.829: [GC (Allocation Failure) [PSYoungGen: 417403K->147152K(509440K)] 1568553K->1398262K(1907712K), 0.0728051 secs] [Times: user=0.43 sys=0.00, real=0.07 secs] 
3646.901: [Full GC (Ergonomics) [PSYoungGen: 147152K->0K(509440K)] [ParOldGen: 1251109K->198019K(1398272K)] 1398262K->198019K(1907712K), [Metaspace: 60355K->60355K(1105920K)], 0.4707849 secs] [Times: user=2.19 sys=0.00, real=0.47 secs] 
3650.631: [GC (Allocation Failure) [PSYoungGen: 322560K->103936K(509952K)] 520579K->301955K(1908224K), 0.0967818 secs] [Times: user=0.57 sys=0.00, real=0.09 secs] 
3651.679: [GC (Allocation Failure) [PSYoungGen: 414773K->147504K(509952K)] 612792K->445273K(1908224K), 0.0495667 secs] [Times: user=0.29 sys=0.00, real=0.05 secs] 
3655.637: [GC (Allocation Failure) [PSYoungGen: 470576K->106288K(508928K)] 768345K->543073K(1907200K), 0.1599809 secs] [Times: user=0.95 sys=0.00, real=0.16 secs] 
3656.922: [GC (Allocation Failure) [PSYoungGen: 419643K->145168K(509440K)] 856427K->684161K(1907712K), 0.0503178 secs] [Times: user=0.29 sys=0.00, real=0.05 secs] 
3660.674: [GC (Allocation Failure) [PSYoungGen: 468240K->105280K(509440K)] 1007233K->780669K(1907712K), 0.1639803 secs] [Times: user=0.97 sys=0.00, real=0.16 secs] 
3662.382: [GC (Allocation Failure) [PSYoungGen: 421895K->146816K(510464K)] 1097284K->922958K(1908736K), 0.0515933 secs] [Times: user=0.31 sys=0.00, real=0.05 secs] 
3665.716: [GC (Allocation Failure) [PSYoungGen: 471936K->104800K(511488K)] 1248078K->1018910K(1909760K), 0.1745515 secs] [Times: user=1.04 sys=0.01, real=0.18 secs] 
3666.904: [GC (Allocation Failure) [PSYoungGen: 415915K->146656K(511488K)] 1330026K->1161015K(1909760K), 0.0516196 secs] [Times: user=0.31 sys=0.00, real=0.05 secs] 
3670.014: [GC (Allocation Failure) [PSYoungGen: 472800K->106432K(510464K)] 1487159K->1258783K(1908736K), 0.1642028 secs] [Times: user=0.97 sys=0.01, real=0.17 secs] 
3671.420: [GC (Allocation Failure) [PSYoungGen: 432576K->155136K(481792K)] 1584927K->1409278K(1880064K), 0.0531690 secs] [Times: user=0.32 sys=0.00, real=0.05 secs] 
3671.474: [Full GC (Ergonomics) [PSYoungGen: 155136K->0K(481792K)] [ParOldGen: 1254142K->207567K(1398272K)] 1409278K->207567K(1880064K), [Metaspace: 60371K->60371K(1105920K)], 0.4696389 secs] [Times: user=2.18 sys=0.00, real=0.47 secs] 
3675.332: [GC (Allocation Failure) [PSYoungGen: 322191K->96112K(509440K)] 529759K->303679K(1907712K), 0.1744002 secs] [Times: user=1.04 sys=0.00, real=0.17 secs] 
3676.428: [GC (Allocation Failure) [PSYoungGen: 415600K->168480K(488448K)] 623167K->467680K(1886720K), 0.0547829 secs] [Times: user=0.32 sys=0.00, real=0.05 secs] 
3679.579: [GC (Allocation Failure) [PSYoungGen: 487968K->96352K(501248K)] 787168K->547196K(1899520K), 0.1630235 secs] [Times: user=0.97 sys=0.01, real=0.16 secs] 
3680.285: [GC (Allocation Failure) [PSYoungGen: 398432K->146208K(499712K)] 849276K->687497K(1897984K), 0.0536238 secs] [Times: user=0.32 sys=0.00, real=0.06 secs] 
3684.510: [GC (Allocation Failure) [PSYoungGen: 448288K->83184K(499712K)] 989577K->770362K(1897984K), 0.1634252 secs] [Times: user=0.97 sys=0.00, real=0.16 secs] 
3686.036: [GC (Allocation Failure) [PSYoungGen: 384752K->143152K(500224K)] 1071930K->909075K(1898496K), 0.0475205 secs] [Times: user=0.28 sys=0.00, real=0.05 secs] 
3689.270: [GC (Allocation Failure) [PSYoungGen: 444720K->96272K(496128K)] 1210643K->996539K(1894400K), 0.1094993 secs] [Times: user=0.65 sys=0.00, real=0.11 secs] 
3691.653: [GC (Allocation Failure) [PSYoungGen: 398352K->140144K(498176K)] 1298619K->1132940K(1896448K), 0.0499310 secs] [Times: user=0.30 sys=0.00, real=0.05 secs] 
3692.876: [GC (Allocation Failure) [PSYoungGen: 442224K->100288K(496640K)] 1435020K->1224263K(1894912K), 0.0631473 secs] [Times: user=0.37 sys=0.00, real=0.07 secs] 
3695.233: [GC (GCLocker Initiated GC) [PSYoungGen: 408000K->140688K(500224K)] 1531975K->1362357K(1898496K), 0.0515924 secs] [Times: user=0.30 sys=0.00, real=0.05 secs] 
3695.285: [Full GC (Ergonomics) [PSYoungGen: 140688K->0K(500224K)] [ParOldGen: 1221668K->168946K(1398272K)] 1362357K->168946K(1898496K), [Metaspace: 60373K->60373K(1105920K)], 0.3916504 secs] [Times: user=1.81 sys=0.00, real=0.39 secs] 
3697.723: [GC (Allocation Failure) [PSYoungGen: 307712K->101488K(499712K)] 476661K->270437K(1897984K), 0.0369266 secs] [Times: user=0.22 sys=0.00, real=0.04 secs] 
3700.742: [GC (Allocation Failure) [PSYoungGen: 415856K->139824K(503296K)] 584805K->408634K(1901568K), 0.0542394 secs] [Times: user=0.33 sys=0.00, real=0.05 secs] 
3702.008: [GC (Allocation Failure) [PSYoungGen: 454192K->108272K(502272K)] 723002K->507450K(1900544K), 0.0641596 secs] [Times: user=0.38 sys=0.00, real=0.06 secs] 
3705.519: [GC (GCLocker Initiated GC) [PSYoungGen: 428784K->140688K(505856K)] 827963K->646520K(1904128K), 0.0554045 secs] [Times: user=0.33 sys=0.00, real=0.05 secs] 
3707.076: [GC (Allocation Failure) [PSYoungGen: 461200K->111280K(505856K)] 967034K->748138K(1904128K), 0.0656964 secs] [Times: user=0.39 sys=0.00, real=0.07 secs] 
3708.958: [GC (Allocation Failure) [PSYoungGen: 438960K->146528K(509440K)] 1075818K->893030K(1907712K), 0.0553280 secs] [Times: user=0.33 sys=0.00, real=0.05 secs] 
3711.838: [GC (Allocation Failure) [PSYoungGen: 474208K->114720K(512000K)] 1220710K->998198K(1910272K), 0.0660108 secs] [Times: user=0.39 sys=0.00, real=0.06 secs] 
3714.395: [GC (Allocation Failure) [PSYoungGen: 447008K->151360K(513024K)] 1330486K->1147099K(1911296K), 0.0564337 secs] [Times: user=0.34 sys=0.00, real=0.06 secs] 
3717.216: [GC (Allocation Failure) [PSYoungGen: 483648K->110400K(515584K)] 1479387K->1247807K(1913856K), 0.1651554 secs] [Times: user=0.97 sys=0.01, real=0.17 secs] 
3719.634: [GC (Allocation Failure) [PSYoungGen: 441601K->155744K(487936K)] 1579009K->1399400K(1886208K), 0.0543438 secs] [Times: user=0.32 sys=0.00, real=0.06 secs] 
3719.689: [Full GC (Ergonomics) [PSYoungGen: 155744K->0K(487936K)] [ParOldGen: 1243656K->197009K(1398272K)] 1399400K->197009K(1886208K), [Metaspace: 60380K->60380K(1105920K)], 0.4611331 secs] [Times: user=2.13 sys=0.00, real=0.46 secs] 
3724.982: [GC (Allocation Failure) [PSYoungGen: 331776K->106048K(513536K)] 528785K->303057K(1911808K), 0.0913189 secs] [Times: user=0.53 sys=0.00, real=0.09 secs] 
3725.903: [GC (Allocation Failure) [PSYoungGen: 431680K->170880K(496640K)] 628689K->470170K(1894912K), 0.0520013 secs] [Times: user=0.30 sys=0.00, real=0.05 secs] 
3730.163: [GC (Allocation Failure) [PSYoungGen: 496512K->94624K(503296K)] 795802K->547962K(1901568K), 0.1705234 secs] [Times: user=1.02 sys=0.00, real=0.17 secs] 
3731.158: [GC (Allocation Failure) [PSYoungGen: 392649K->139600K(446976K)] 845987K->683391K(1845248K), 0.0489451 secs] [Times: user=0.29 sys=0.00, real=0.04 secs] 
3733.918: [GC (GCLocker Initiated GC) [PSYoungGen: 446800K->98576K(502272K)] 990591K->772875K(1900544K), 0.1687887 secs] [Times: user=1.00 sys=0.00, real=0.17 secs] 
3734.985: [GC (Allocation Failure) [PSYoungGen: 407312K->145760K(500736K)] 1081614K->915219K(1899008K), 0.0496304 secs] [Times: user=0.30 sys=0.00, real=0.05 secs] 
3737.001: [GC (Allocation Failure) [PSYoungGen: 454496K->102272K(503808K)] 1223955K->1008347K(1902080K), 0.1391973 secs] [Times: user=0.83 sys=0.00, real=0.14 secs] 
3738.500: [GC (Allocation Failure) [PSYoungGen: 416128K->145792K(504832K)] 1322203K->1150311K(1903104K), 0.0504167 secs] [Times: user=0.29 sys=0.00, real=0.05 secs] 
3740.846: [GC (Allocation Failure) [PSYoungGen: 459648K->103536K(503808K)] 1464167K->1244320K(1902080K), 0.1558390 secs] [Times: user=0.93 sys=0.01, real=0.16 secs] 
3742.920: [GC (Allocation Failure) [PSYoungGen: 419440K->148608K(505344K)] 1560224K->1388724K(1903616K), 0.0523832 secs] [Times: user=0.31 sys=0.00, real=0.05 secs] 
3742.972: [Full GC (Ergonomics) [PSYoungGen: 148608K->0K(505344K)] [ParOldGen: 1240116K->188062K(1398272K)] 1388724K->188062K(1903616K), [Metaspace: 60380K->60380K(1105920K)], 0.4442807 secs] [Times: user=2.07 sys=0.00, real=0.44 secs] 
3745.609: [GC (Allocation Failure) [PSYoungGen: 315904K->105504K(505856K)] 503966K->293566K(1904128K), 0.0767092 secs] [Times: user=0.45 sys=0.00, real=0.07 secs] 
3746.774: [GC (Allocation Failure) [PSYoungGen: 422944K->146896K(506368K)] 611006K->436392K(1904640K), 0.0513645 secs] [Times: user=0.30 sys=0.00, real=0.05 secs] 
3751.272: [GC (Allocation Failure) [PSYoungGen: 464336K->103328K(506880K)] 753832K->530315K(1905152K), 0.1651310 secs] [Times: user=0.99 sys=0.00, real=0.16 secs] 
3753.414: [GC (Allocation Failure) [PSYoungGen: 422304K->149824K(507392K)] 849291K->676724K(1905664K), 0.0970253 secs] [Times: user=0.57 sys=0.00, real=0.10 secs] 
3756.874: [GC (Allocation Failure) [PSYoungGen: 468800K->104784K(507904K)] 995700K->773093K(1906176K), 0.1656617 secs] [Times: user=0.99 sys=0.00, real=0.17 secs] 
3758.890: [GC (Allocation Failure) [PSYoungGen: 423248K->150368K(468992K)] 1091557K->919297K(1867264K), 0.0515515 secs] [Times: user=0.31 sys=0.00, real=0.05 secs] 
3760.488: [GC (Allocation Failure) [PSYoungGen: 468832K->107200K(509952K)] 1237761K->1017329K(1908224K), 0.1367166 secs] [Times: user=0.81 sys=0.01, real=0.13 secs] 
3761.608: [GC (Allocation Failure) [PSYoungGen: 425152K->148768K(506880K)] 1335281K->1161950K(1905152K), 0.0523376 secs] [Times: user=0.31 sys=0.01, real=0.05 secs] 
3764.728: [GC (Allocation Failure) [PSYoungGen: 466720K->105904K(506368K)] 1479902K->1258927K(1904640K), 0.1585761 secs] [Times: user=0.94 sys=0.01, real=0.15 secs] 
3765.816: [GC (Allocation Failure) [PSYoungGen: 417727K->145584K(506880K)] 1570749K->1400467K(1905152K), 0.0512362 secs] [Times: user=0.29 sys=0.00, real=0.05 secs] 
3765.868: [Full GC (Ergonomics) [PSYoungGen: 145584K->0K(506880K)] [ParOldGen: 1254883K->197685K(1398272K)] 1400467K->197685K(1905152K), [Metaspace: 60384K->60384K(1105920K)], 0.4707775 secs] [Times: user=2.19 sys=0.00, real=0.48 secs] 
3768.944: [GC (GCLocker Initiated GC) [PSYoungGen: 318464K->103280K(507904K)] 516149K->300966K(1906176K), 0.0989283 secs] [Times: user=0.59 sys=0.00, real=0.10 secs] 
3770.227: [GC (Allocation Failure) [PSYoungGen: 423792K->142944K(508416K)] 637913K->455904K(1906688K), 0.2120598 secs] [Times: user=1.27 sys=0.00, real=0.22 secs] 
3774.740: [GC (Allocation Failure) [PSYoungGen: 463456K->94144K(509952K)] 776416K->549720K(1908224K), 0.4508853 secs] [Times: user=2.70 sys=0.00, real=0.45 secs] 
3775.907: [GC (Allocation Failure) [PSYoungGen: 417216K->153792K(477184K)] 872792K->699341K(1875456K), 0.0551176 secs] [Times: user=0.33 sys=0.00, real=0.06 secs] 
3780.422: [GC (Allocation Failure) [PSYoungGen: 476864K->95264K(507904K)] 1022413K->794209K(1906176K), 0.1596125 secs] [Times: user=0.95 sys=0.00, real=0.16 secs] 
3781.115: [GC (Allocation Failure) [PSYoungGen: 410656K->152480K(467968K)] 1109601K->940782K(1866240K), 0.0557300 secs] [Times: user=0.33 sys=0.00, real=0.06 secs] 
3786.062: [GC (Allocation Failure) [PSYoungGen: 467872K->90608K(504320K)] 1256174K->1031311K(1902592K), 0.1495663 secs] [Times: user=0.89 sys=0.00, real=0.15 secs] 
3786.552: [GC (Allocation Failure) [PSYoungGen: 399856K->148032K(457728K)] 1340559K->1173523K(1856000K), 0.0539019 secs] [Times: user=0.32 sys=0.00, real=0.05 secs] 
3790.496: [GC (Allocation Failure) [PSYoungGen: 457280K->91296K(503808K)] 1482771K->1263547K(1902080K), 0.1514476 secs] [Times: user=0.90 sys=0.00, real=0.15 secs] 
3790.958: [GC (Allocation Failure) [PSYoungGen: 386084K->139744K(446976K)] 1558335K->1399500K(1845248K), 0.0509792 secs] [Times: user=0.31 sys=0.00, real=0.06 secs] 
3791.009: [Full GC (Ergonomics) [PSYoungGen: 139744K->0K(446976K)] [ParOldGen: 1259756K->197617K(1398272K)] 1399500K->197617K(1845248K), [Metaspace: 60384K->60384K(1105920K)], 0.4673342 secs] [Times: user=2.17 sys=0.00, real=0.46 secs] 
3794.933: [GC (Allocation Failure) [PSYoungGen: 307200K->100224K(504832K)] 504817K->297841K(1903104K), 0.1013631 secs] [Times: user=0.60 sys=0.00, real=0.10 secs] 
3796.865: [GC (Allocation Failure) [PSYoungGen: 410496K->145376K(501760K)] 608113K->439068K(1900032K), 0.0487054 secs] [Times: user=0.29 sys=0.00, real=0.05 secs] 
3801.147: [GC (Allocation Failure) [PSYoungGen: 455648K->98416K(504320K)] 749340K->527921K(1902592K), 0.1648292 secs] [Times: user=0.98 sys=0.00, real=0.17 secs] 
3804.055: [GC (Allocation Failure) [PSYoungGen: 412272K->147200K(504832K)] 841777K->670749K(1903104K), 0.0505300 secs] [Times: user=0.30 sys=0.00, real=0.05 secs] 
3806.683: [GC (Allocation Failure) [PSYoungGen: 461056K->103600K(503296K)] 984605K->765302K(1901568K), 0.1317495 secs] [Times: user=0.78 sys=0.00, real=0.13 secs] 
3808.003: [GC (Allocation Failure) [PSYoungGen: 417968K->148224K(504320K)] 1079670K->909918K(1902592K), 0.0530972 secs] [Times: user=0.31 sys=0.00, real=0.05 secs] 
3811.455: [GC (Allocation Failure) [PSYoungGen: 462592K->100384K(505856K)] 1224286K->1001474K(1904128K), 0.0860580 secs] [Times: user=0.50 sys=0.00, real=0.09 secs] 
3813.228: [GC (Allocation Failure) [PSYoungGen: 416288K->144480K(505856K)] 1317378K->1143374K(1904128K), 0.0518156 secs] [Times: user=0.31 sys=0.00, real=0.05 secs] 
3815.431: [GC (Allocation Failure) [PSYoungGen: 460384K->105344K(504320K)] 1459278K->1239063K(1902592K), 0.1096166 secs] [Times: user=0.64 sys=0.01, real=0.11 secs] 
3817.043: [GC (Allocation Failure) [PSYoungGen: 422784K->147744K(505856K)] 1556503K->1384571K(1904128K), 0.0543052 secs] [Times: user=0.32 sys=0.00, real=0.05 secs] 
3817.098: [Full GC (Ergonomics) [PSYoungGen: 147744K->0K(505856K)] [ParOldGen: 1236827K->183642K(1398272K)] 1384571K->183642K(1904128K), [Metaspace: 60387K->60387K(1105920K)], 0.4253183 secs] [Times: user=1.97 sys=0.00, real=0.43 secs] 
3820.288: [GC (Allocation Failure) [PSYoungGen: 317440K->105136K(506880K)] 501082K->288779K(1905152K), 0.0925483 secs] [Times: user=0.55 sys=0.00, real=0.09 secs] 
3822.578: [GC (Allocation Failure) [PSYoungGen: 424624K->148320K(507392K)] 608267K->433176K(1905664K), 0.0517258 secs] [Times: user=0.31 sys=0.00, real=0.06 secs] 
3824.985: [GC (Allocation Failure) [PSYoungGen: 467808K->103216K(507904K)] 752664K->527353K(1906176K), 0.1664764 secs] [Times: user=0.99 sys=0.01, real=0.17 secs] 
3827.358: [GC (Allocation Failure) [PSYoungGen: 423216K->149536K(470016K)] 847353K->672733K(1868288K), 0.0515638 secs] [Times: user=0.31 sys=0.00, real=0.06 secs] 
3830.175: [GC (Allocation Failure) [PSYoungGen: 469536K->105536K(510464K)] 992733K->768989K(1908736K), 0.1759068 secs] [Times: user=1.05 sys=0.00, real=0.18 secs] 
3831.359: [GC (Allocation Failure) [PSYoungGen: 424512K->152528K(471552K)] 1087965K->917515K(1869824K), 0.0526791 secs] [Times: user=0.31 sys=0.00, real=0.05 secs] 
3835.194: [GC (Allocation Failure) [PSYoungGen: 471504K->103072K(508928K)] 1236491K->1011834K(1907200K), 0.1661100 secs] [Times: user=0.99 sys=0.00, real=0.17 secs] 
3837.206: [GC (Allocation Failure) [PSYoungGen: 419488K->149184K(506368K)] 1328250K->1156627K(1904640K), 0.0504742 secs] [Times: user=0.30 sys=0.00, real=0.05 secs] 
3840.435: [GC (Allocation Failure) [PSYoungGen: 465600K->103008K(506368K)] 1473043K->1251163K(1904640K), 0.1362674 secs] [Times: user=0.80 sys=0.01, real=0.14 secs] 
3841.469: [GC (Allocation Failure) [PSYoungGen: 419424K->149856K(466432K)] 1567579K->1397652K(1864704K), 0.1153593 secs] [Times: user=0.68 sys=0.00, real=0.11 secs] 
3841.584: [Full GC (Ergonomics) [PSYoungGen: 149856K->0K(466432K)] [ParOldGen: 1247796K->197267K(1398272K)] 1397652K->197267K(1864704K), [Metaspace: 60388K->60388K(1105920K)], 0.5012355 secs] [Times: user=2.37 sys=0.00, real=0.50 secs] 
3846.991: [GC (Allocation Failure) [PSYoungGen: 316416K->96704K(507392K)] 513683K->293971K(1905664K), 0.1003100 secs] [Times: user=0.60 sys=0.00, real=0.10 secs] 
3848.502: [GC (Allocation Failure) [PSYoungGen: 411072K->150144K(464896K)] 608339K->440088K(1863168K), 0.0475812 secs] [Times: user=0.27 sys=0.01, real=0.05 secs] 
3850.757: [GC (Allocation Failure) [PSYoungGen: 464512K->104192K(507392K)] 754456K->535820K(1905664K), 0.1445846 secs] [Times: user=0.86 sys=0.00, real=0.15 secs] 
3853.086: [GC (Allocation Failure) [PSYoungGen: 417024K->145248K(504320K)] 848652K->677041K(1902592K), 0.0508668 secs] [Times: user=0.30 sys=0.01, real=0.05 secs] 
3856.268: [GC (Allocation Failure) [PSYoungGen: 458080K->100448K(505344K)] 989873K->768397K(1903616K), 0.1035138 secs] [Times: user=0.62 sys=0.00, real=0.11 secs] 
3858.286: [GC (Allocation Failure) [PSYoungGen: 415328K->154976K(470016K)] 1083277K->918866K(1868288K), 0.0510061 secs] [Times: user=0.30 sys=0.00, real=0.05 secs] 
3861.955: [GC (Allocation Failure) [PSYoungGen: 469856K->105424K(506880K)] 1233746K->1006290K(1905152K), 0.1524265 secs] [Times: user=0.90 sys=0.00, real=0.15 secs] 
3864.196: [GC (Allocation Failure) [PSYoungGen: 417232K->146208K(503808K)] 1318098K->1148747K(1902080K), 0.0527463 secs] [Times: user=0.31 sys=0.01, real=0.06 secs] 
3866.251: [GC (Allocation Failure) [PSYoungGen: 458016K->103984K(502272K)] 1460555K->1243487K(1900544K), 0.0876308 secs] [Times: user=0.52 sys=0.00, real=0.09 secs] 
3868.611: [GC (Allocation Failure) [PSYoungGen: 417328K->144944K(503808K)] 1556831K->1384724K(1902080K), 0.0531139 secs] [Times: user=0.31 sys=0.00, real=0.05 secs] 
3868.664: [Full GC (Ergonomics) [PSYoungGen: 144944K->0K(503808K)] [ParOldGen: 1239779K->182815K(1398272K)] 1384724K->182815K(1902080K), [Metaspace: 60397K->60397K(1105920K)], 0.4227437 secs] [Times: user=1.96 sys=0.00, real=0.42 secs] 
3871.249: [GC (Allocation Failure) [PSYoungGen: 313344K->104736K(504320K)] 496159K->287551K(1902592K), 0.0535520 secs] [Times: user=0.32 sys=0.00, real=0.05 secs] 
3872.968: [GC (Allocation Failure) [PSYoungGen: 421664K->147280K(505856K)] 604479K->432053K(1904128K), 0.0523450 secs] [Times: user=0.31 sys=0.00, real=0.05 secs] 
3875.354: [GC (Allocation Failure) [PSYoungGen: 464208K->107680K(505856K)] 748981K->530492K(1904128K), 0.1757000 secs] [Times: user=1.05 sys=0.00, real=0.18 secs] 
3878.539: [GC (Allocation Failure) [PSYoungGen: 426656K->147616K(506880K)] 849468K->671993K(1905152K), 0.0519149 secs] [Times: user=0.31 sys=0.00, real=0.05 secs] 
3880.761: [GC (Allocation Failure) [PSYoungGen: 466592K->104480K(507904K)] 990969K->767489K(1906176K), 0.1618389 secs] [Times: user=0.96 sys=0.00, real=0.16 secs] 
3882.834: [GC (Allocation Failure) [PSYoungGen: 425504K->158976K(480256K)] 1088513K->922334K(1878528K), 0.0539066 secs] [Times: user=0.32 sys=0.00, real=0.06 secs] 
3885.724: [GC (Allocation Failure) [PSYoungGen: 480000K->107584K(507904K)] 1243358K->1012738K(1906176K), 0.1611048 secs] [Times: user=0.96 sys=0.00, real=0.16 secs] 
3888.149: [GC (Allocation Failure) [PSYoungGen: 421440K->144896K(504832K)] 1326594K->1154263K(1903104K), 0.0529991 secs] [Times: user=0.32 sys=0.00, real=0.05 secs] 
3891.349: [GC (Allocation Failure) [PSYoungGen: 458752K->102960K(505856K)] 1468119K->1248332K(1904128K), 0.1670360 secs] [Times: user=0.99 sys=0.00, real=0.16 secs] 
3893.444: [GC (Allocation Failure) [PSYoungGen: 418864K->147936K(505344K)] 1564236K->1392600K(1903616K), 0.0518337 secs] [Times: user=0.30 sys=0.00, real=0.05 secs] 
3893.496: [Full GC (Ergonomics) [PSYoungGen: 147936K->0K(505344K)] [ParOldGen: 1244664K->189604K(1398272K)] 1392600K->189604K(1903616K), [Metaspace: 60405K->60405K(1105920K)], 0.4429375 secs] [Times: user=2.03 sys=0.00, real=0.45 secs] 
3895.829: [GC (Allocation Failure) [PSYoungGen: 315904K->104496K(506880K)] 505508K->294101K(1905152K), 0.1045283 secs] [Times: user=0.61 sys=0.00, real=0.10 secs] 
3898.390: [GC (Allocation Failure) [PSYoungGen: 422960K->146464K(507392K)] 612565K->436690K(1905664K), 0.0509165 secs] [Times: user=0.31 sys=0.00, real=0.05 secs] 
3901.608: [GC (Allocation Failure) [PSYoungGen: 464928K->104624K(506368K)] 755154K->532178K(1904640K), 0.1686679 secs] [Times: user=1.00 sys=0.00, real=0.17 secs] 
3902.956: [GC (Allocation Failure) [PSYoungGen: 424112K->148816K(507392K)] 851666K->677043K(1905664K), 0.0514617 secs] [Times: user=0.30 sys=0.00, real=0.06 secs] 
3905.318: [GC (Allocation Failure) [PSYoungGen: 468304K->106592K(508416K)] 996531K->774427K(1906688K), 0.1637888 secs] [Times: user=0.97 sys=0.01, real=0.16 secs] 
3906.751: [GC (Allocation Failure) [PSYoungGen: 422624K->150880K(471552K)] 1090459K->921375K(1869824K), 0.0524616 secs] [Times: user=0.31 sys=0.00, real=0.05 secs] 
3910.840: [GC (Allocation Failure) [PSYoungGen: 471392K->100496K(509440K)] 1241887K->1013364K(1907712K), 0.1746019 secs] [Times: user=1.04 sys=0.00, real=0.17 secs] 
3912.241: [GC (Allocation Failure) [PSYoungGen: 418960K->151568K(470528K)] 1331828K->1160869K(1868800K), 0.0511295 secs] [Times: user=0.30 sys=0.00, real=0.05 secs] 
3914.595: [GC (Allocation Failure) [PSYoungGen: 470032K->108192K(509440K)] 1479333K->1260364K(1907712K), 0.1682955 secs] [Times: user=1.00 sys=0.01, real=0.17 secs] 
3916.236: [GC (Allocation Failure) [PSYoungGen: 417686K->143360K(506368K)] 1569858K->1399405K(1904640K), 0.0523455 secs] [Times: user=0.31 sys=0.00, real=0.06 secs] 
3916.288: [Full GC (Ergonomics) [PSYoungGen: 143360K->0K(506368K)] [ParOldGen: 1256045K->197219K(1398272K)] 1399405K->197219K(1904640K), [Metaspace: 60408K->60408K(1105920K)], 0.4748289 secs] [Times: user=2.21 sys=0.00, real=0.47 secs] 
3919.528: [GC (Allocation Failure) [PSYoungGen: 316928K->102624K(507392K)] 514147K->299843K(1905664K), 0.0800320 secs] [Times: user=0.48 sys=0.00, real=0.08 secs] 
3921.252: [GC (Allocation Failure) [PSYoungGen: 421600K->149408K(506880K)] 618819K->444916K(1905152K), 0.0495255 secs] [Times: user=0.30 sys=0.00, real=0.05 secs] 
3925.713: [GC (Allocation Failure) [PSYoungGen: 468384K->102608K(508928K)] 763892K->538013K(1907200K), 0.1768135 secs] [Times: user=1.05 sys=0.00, real=0.18 secs] 
3926.471: [GC (Allocation Failure) [PSYoungGen: 418734K->149216K(469504K)] 854139K->683461K(1867776K), 0.0502076 secs] [Times: user=0.29 sys=0.01, real=0.05 secs] 
3929.239: [GC (Allocation Failure) [PSYoungGen: 469216K->105504K(510464K)] 1003461K->780345K(1908736K), 0.1615732 secs] [Times: user=0.96 sys=0.00, real=0.16 secs] 
3930.835: [GC (Allocation Failure) [PSYoungGen: 424105K->146336K(507904K)] 1098946K->923206K(1906176K), 0.1394392 secs] [Times: user=0.83 sys=0.00, real=0.14 secs] 
3935.207: [GC (Allocation Failure) [PSYoungGen: 465824K->102976K(507904K)] 1242694K->1016818K(1906176K), 0.1669483 secs] [Times: user=0.99 sys=0.00, real=0.17 secs] 
3936.568: [GC (Allocation Failure) [PSYoungGen: 417567K->148112K(508416K)] 1331410K->1161047K(1906688K), 0.0717374 secs] [Times: user=0.42 sys=0.00, real=0.07 secs] 
3939.553: [GC (Allocation Failure) [PSYoungGen: 468624K->108656K(506368K)] 1481559K->1261279K(1904640K), 0.1544235 secs] [Times: user=0.92 sys=0.00, real=0.15 secs] 
3940.932: [GC (Allocation Failure) [PSYoungGen: 429168K->151648K(507392K)] 1581791K->1408447K(1905664K), 0.0519053 secs] [Times: user=0.31 sys=0.00, real=0.05 secs] 
3940.984: [Full GC (Ergonomics) [PSYoungGen: 151648K->0K(507392K)] [ParOldGen: 1256799K->205560K(1398272K)] 1408447K->205560K(1905664K), [Metaspace: 60408K->60408K(1105920K)], 0.4770205 secs] [Times: user=2.23 sys=0.00, real=0.48 secs] 
3944.362: [GC (Allocation Failure) [PSYoungGen: 320512K->96000K(508928K)] 526072K->301561K(1907200K), 0.1863143 secs] [Times: user=1.11 sys=0.00, real=0.19 secs] 
3945.248: [GC (Allocation Failure) [PSYoungGen: 414464K->150336K(468992K)] 620025K->448140K(1867264K), 0.0547399 secs] [Times: user=0.32 sys=0.00, real=0.06 secs] 
3949.744: [GC (Allocation Failure) [PSYoungGen: 468800K->91456K(506368K)] 766604K->539124K(1904640K), 0.1583702 secs] [Times: user=0.94 sys=0.00, real=0.16 secs] 
3951.055: [GC (Allocation Failure) [PSYoungGen: 389480K->139392K(453120K)] 837148K->674829K(1851392K), 0.0498821 secs] [Times: user=0.30 sys=0.00, real=0.05 secs] 
3952.859: [GC (Allocation Failure) [PSYoungGen: 452736K->103616K(507904K)] 988173K->769801K(1906176K), 0.1454032 secs] [Times: user=0.86 sys=0.00, real=0.14 secs] 
3954.552: [GC (Allocation Failure) [PSYoungGen: 420032K->145568K(504832K)] 1086217K->911910K(1903104K), 0.0513323 secs] [Times: user=0.31 sys=0.00, real=0.05 secs] 
3958.265: [GC (Allocation Failure) [PSYoungGen: 461984K->105696K(506368K)] 1228326K->1008206K(1904640K), 0.1695063 secs] [Times: user=1.01 sys=0.00, real=0.17 secs] 
3960.016: [GC (Allocation Failure) [PSYoungGen: 425696K->148576K(507392K)] 1328206K->1152286K(1905664K), 0.0516547 secs] [Times: user=0.31 sys=0.00, real=0.05 secs] 
3965.560: [GC (Allocation Failure) [PSYoungGen: 468576K->101472K(509440K)] 1472286K->1245027K(1907712K), 0.1614174 secs] [Times: user=0.96 sys=0.01, real=0.16 secs] 
3966.903: [GC (Allocation Failure) [PSYoungGen: 415219K->150016K(471552K)] 1558774K->1390851K(1869824K), 0.0517663 secs] [Times: user=0.31 sys=0.00, real=0.05 secs] 
3966.955: [Full GC (Ergonomics) [PSYoungGen: 150016K->0K(471552K)] [ParOldGen: 1240835K->196825K(1398272K)] 1390851K->196825K(1869824K), [Metaspace: 60409K->60409K(1105920K)], 0.4686319 secs] [Times: user=2.17 sys=0.00, real=0.47 secs] 
3971.008: [GC (Allocation Failure) [PSYoungGen: 321024K->104192K(510464K)] 517849K->301017K(1908736K), 0.0883941 secs] [Times: user=0.52 sys=0.00, real=0.09 secs] 
3972.469: [GC (Allocation Failure) [PSYoungGen: 414098K->147056K(507392K)] 610923K->444050K(1905664K), 0.0495633 secs] [Times: user=0.29 sys=0.00, real=0.05 secs] 
3975.614: [GC (Allocation Failure) [PSYoungGen: 466032K->103264K(507392K)] 763026K->538366K(1905664K), 0.1633071 secs] [Times: user=0.97 sys=0.00, real=0.16 secs] 
3976.692: [GC (Allocation Failure) [PSYoungGen: 418586K->148128K(507904K)] 853688K->682442K(1906176K), 0.0501811 secs] [Times: user=0.30 sys=0.00, real=0.05 secs] 
3979.725: [GC (GCLocker Initiated GC) [PSYoungGen: 468128K->104848K(508416K)] 1002443K->778179K(1906688K), 0.1600235 secs] [Times: user=0.95 sys=0.00, real=0.16 secs] 
3981.026: [GC (Allocation Failure) [PSYoungGen: 425360K->143136K(508416K)] 1115078K->933997K(1906688K), 0.2329639 secs] [Times: user=1.40 sys=0.00, real=0.24 secs] 
3984.966: [GC (Allocation Failure) [PSYoungGen: 463648K->95376K(509440K)] 1254509K->1028877K(1907712K), 0.4438894 secs] [Times: user=2.64 sys=0.01, real=0.45 secs] 
3985.816: [GC (Allocation Failure) [PSYoungGen: 417936K->157104K(479744K)] 1351437K->1180066K(1878016K), 0.0567453 secs] [Times: user=0.34 sys=0.01, real=0.06 secs] 
3991.150: [GC (Allocation Failure) [PSYoungGen: 479664K->93888K(506368K)] 1502626K->1273734K(1904640K), 0.1715927 secs] [Times: user=1.02 sys=0.00, real=0.17 secs] 
3991.685: [GC (Allocation Failure) [PSYoungGen: 406720K->149824K(462848K)] 1586566K->1417593K(1861120K), 0.0573299 secs] [Times: user=0.34 sys=0.00, real=0.06 secs] 
3991.743: [Full GC (Ergonomics) [PSYoungGen: 149824K->0K(462848K)] [ParOldGen: 1267769K->216531K(1398272K)] 1417593K->216531K(1861120K), [Metaspace: 60409K->60409K(1105920K)], 0.5007407 secs] [Times: user=2.33 sys=0.00, real=0.50 secs] 
3996.175: [GC (Allocation Failure) [PSYoungGen: 312832K->89744K(504320K)] 529363K->306276K(1902592K), 0.1372747 secs] [Times: user=0.82 sys=0.00, real=0.14 secs] 
3996.964: [GC (Allocation Failure) [PSYoungGen: 398480K->150240K(459264K)] 615012K->450329K(1857536K), 0.0524438 secs] [Times: user=0.30 sys=0.01, real=0.05 secs] 
4001.245: [GC (Allocation Failure) [PSYoungGen: 458976K->90224K(502272K)] 759065K->540225K(1900544K), 0.1666960 secs] [Times: user=0.99 sys=0.00, real=0.17 secs] 
4002.191: [GC (Allocation Failure) [PSYoungGen: 383890K->138336K(443392K)] 833891K->674461K(1841664K), 0.0498831 secs] [Times: user=0.29 sys=0.00, real=0.05 secs] 
4005.340: [GC (Allocation Failure) [PSYoungGen: 442976K->98144K(502272K)] 979101K->763886K(1900544K), 0.1670655 secs] [Times: user=1.00 sys=0.00, real=0.16 secs] 
4007.515: [GC (Allocation Failure) [PSYoungGen: 405344K->142736K(499712K)] 1071086K->902227K(1897984K), 0.0491960 secs] [Times: user=0.28 sys=0.00, real=0.05 secs] 
4009.151: [GC (Allocation Failure) [PSYoungGen: 449936K->102720K(500736K)] 1209427K->995643K(1899008K), 0.1355390 secs] [Times: user=0.78 sys=0.00, real=0.13 secs] 
4011.573: [GC (Allocation Failure) [PSYoungGen: 415552K->146208K(502784K)] 1308475K->1137687K(1901056K), 0.0513988 secs] [Times: user=0.30 sys=0.01, real=0.05 secs] 
4013.438: [GC (Allocation Failure) [PSYoungGen: 459040K->104592K(503296K)] 1450519K->1233224K(1901568K), 0.0671379 secs] [Times: user=0.40 sys=0.01, real=0.06 secs] 
4016.327: [GC (Allocation Failure) [PSYoungGen: 421008K->145024K(504832K)] 1549640K->1374976K(1903104K), 0.0534567 secs] [Times: user=0.31 sys=0.00, real=0.06 secs] 
4016.381: [Full GC (Ergonomics) [PSYoungGen: 145024K->0K(504832K)] [ParOldGen: 1229952K->182086K(1398272K)] 1374976K->182086K(1903104K), [Metaspace: 60410K->60410K(1105920K)], 0.4266520 secs] [Times: user=1.98 sys=0.00, real=0.42 secs] 
4019.114: [GC (Allocation Failure) [PSYoungGen: 316416K->107072K(505344K)] 498502K->289158K(1903616K), 0.0481463 secs] [Times: user=0.28 sys=0.00, real=0.05 secs] 
4021.261: [GC (Allocation Failure) [PSYoungGen: 427072K->149840K(506880K)] 609158K->434703K(1905152K), 0.0526600 secs] [Times: user=0.31 sys=0.00, real=0.05 secs] 
4024.659: [GC (Allocation Failure) [PSYoungGen: 469840K->103296K(509440K)] 754703K->528583K(1907712K), 0.1725446 secs] [Times: user=1.03 sys=0.00, real=0.17 secs] 
4027.282: [GC (Allocation Failure) [PSYoungGen: 423808K->149088K(470016K)] 849095K->673743K(1868288K), 0.0512233 secs] [Times: user=0.30 sys=0.01, real=0.05 secs] 
4030.384: [GC (Allocation Failure) [PSYoungGen: 469600K->104928K(510976K)] 994255K->770279K(1909248K), 0.1686628 secs] [Times: user=1.01 sys=0.00, real=0.17 secs] 
4033.023: [GC (Allocation Failure) [PSYoungGen: 424928K->149088K(507904K)] 1090279K->915844K(1906176K), 0.0531083 secs] [Times: user=0.31 sys=0.01, real=0.05 secs] 
4036.314: [GC (Allocation Failure) [PSYoungGen: 469088K->103456K(508416K)] 1235844K->1010712K(1906688K), 0.1634917 secs] [Times: user=0.98 sys=0.00, real=0.17 secs] 
4037.814: [GC (Allocation Failure) [PSYoungGen: 422944K->151872K(471552K)] 1330200K->1158569K(1869824K), 0.0525457 secs] [Times: user=0.31 sys=0.00, real=0.05 secs] 
4040.584: [GC (Allocation Failure) [PSYoungGen: 471360K->102320K(508928K)] 1478057K->1252114K(1907200K), 0.1709780 secs] [Times: user=1.01 sys=0.00, real=0.17 secs] 
4042.889: [GC (Allocation Failure) [PSYoungGen: 418736K->149824K(466432K)] 1568530K->1397358K(1864704K), 0.0517164 secs] [Times: user=0.30 sys=0.01, real=0.05 secs] 
4042.941: [Full GC (Ergonomics) [PSYoungGen: 149824K->0K(466432K)] [ParOldGen: 1247534K->195308K(1398272K)] 1397358K->195308K(1864704K), [Metaspace: 60410K->60410K(1105920K)], 0.4589466 secs] [Times: user=2.13 sys=0.00, real=0.46 secs] 
4046.066: [GC (Allocation Failure) [PSYoungGen: 316416K->103040K(508416K)] 511724K->298348K(1906688K), 0.0900883 secs] [Times: user=0.54 sys=0.00, real=0.09 secs] 
4047.855: [GC (Allocation Failure) [PSYoungGen: 418432K->149440K(505856K)] 613740K->443170K(1904128K), 0.0498386 secs] [Times: user=0.29 sys=0.00, real=0.05 secs] 
4052.014: [GC (Allocation Failure) [PSYoungGen: 464832K->99616K(506368K)] 758562K->533894K(1904640K), 0.1641503 secs] [Times: user=0.98 sys=0.01, real=0.16 secs] 
4054.200: [GC (Allocation Failure) [PSYoungGen: 414496K->148448K(463360K)] 848774K->678171K(1861632K), 0.0491633 secs] [Times: user=0.29 sys=0.00, real=0.05 secs] 
4057.731: [GC (Allocation Failure) [PSYoungGen: 463328K->101248K(507904K)] 993051K->770619K(1906176K), 0.0881416 secs] [Times: user=0.52 sys=0.00, real=0.09 secs] 
4059.125: [GC (Allocation Failure) [PSYoungGen: 415616K->146688K(505344K)] 1084987K->913608K(1903616K), 0.0503657 secs] [Times: user=0.30 sys=0.00, real=0.05 secs] 
4061.220: [GC (Allocation Failure) [PSYoungGen: 461056K->105344K(503296K)] 1227976K->1009532K(1901568K), 0.0835782 secs] [Times: user=0.49 sys=0.00, real=0.08 secs] 
4061.897: [GC (Allocation Failure) [PSYoungGen: 420736K->147200K(504832K)] 1324924K->1152909K(1903104K), 0.0525957 secs] [Times: user=0.31 sys=0.00, real=0.06 secs] 
4064.516: [GC (Allocation Failure) [PSYoungGen: 462592K->106896K(505344K)] 1468301K->1250249K(1903616K), 0.1621404 secs] [Times: user=0.97 sys=0.00, real=0.17 secs] 
4065.935: [GC (GCLocker Initiated GC) [PSYoungGen: 424848K->149680K(506368K)] 1568202K->1396475K(1904640K), 0.0533233 secs] [Times: user=0.32 sys=0.00, real=0.06 secs] 
4065.989: [Full GC (Ergonomics) [PSYoungGen: 149680K->0K(506368K)] [ParOldGen: 1246794K->195156K(1398272K)] 1396475K->195156K(1904640K), [Metaspace: 60410K->60410K(1105920K)], 0.4632814 secs] [Times: user=2.14 sys=0.01, real=0.46 secs] 
4069.963: [GC (Allocation Failure) [PSYoungGen: 317952K->101904K(508416K)] 513111K->297064K(1906688K), 0.0990882 secs] [Times: user=0.57 sys=0.00, real=0.10 secs] 
4071.466: [GC (GCLocker Initiated GC) [PSYoungGen: 419856K->150416K(468480K)] 615016K->443453K(1866752K), 0.0500999 secs] [Times: user=0.29 sys=0.00, real=0.05 secs] 
4075.157: [GC (Allocation Failure) [PSYoungGen: 468368K->100224K(508416K)] 761407K->534879K(1906688K), 0.1301011 secs] [Times: user=0.77 sys=0.01, real=0.13 secs] 
4076.510: [GC (Allocation Failure) [PSYoungGen: 416128K->146912K(506368K)] 850783K->678203K(1904640K), 0.0498260 secs] [Times: user=0.29 sys=0.00, real=0.05 secs] 
4080.323: [GC (Allocation Failure) [PSYoungGen: 462816K->103872K(504832K)] 994107K->773167K(1903104K), 0.1560737 secs] [Times: user=0.93 sys=0.00, real=0.16 secs] 
4081.508: [GC (Allocation Failure) [PSYoungGen: 420288K->150016K(505856K)] 1089583K->919084K(1904128K), 0.0517905 secs] [Times: user=0.30 sys=0.00, real=0.05 secs] 
4085.213: [GC (Allocation Failure) [PSYoungGen: 466432K->99664K(507392K)] 1235500K->1009857K(1905664K), 0.1251072 secs] [Times: user=0.74 sys=0.01, real=0.13 secs] 
4087.605: [GC (Allocation Failure) [PSYoungGen: 415568K->148240K(464384K)] 1325761K->1153950K(1862656K), 0.0503403 secs] [Times: user=0.30 sys=0.00, real=0.05 secs] 
4090.810: [GC (Allocation Failure) [PSYoungGen: 464144K->102912K(508416K)] 1469854K->1247857K(1906688K), 0.1769139 secs] [Times: user=1.06 sys=0.00, real=0.17 secs] 
4092.486: [GC (Allocation Failure) [PSYoungGen: 418304K->150080K(465920K)] 1563249K->1394558K(1864192K), 0.0518170 secs] [Times: user=0.31 sys=0.00, real=0.05 secs] 
4092.538: [Full GC (Ergonomics) [PSYoungGen: 150080K->0K(465920K)] [ParOldGen: 1244478K->193348K(1398272K)] 1394558K->193348K(1864192K), [Metaspace: 60411K->60411K(1105920K)], 0.4561542 secs] [Times: user=2.10 sys=0.00, real=0.45 secs] 
4095.170: [GC (Allocation Failure) [PSYoungGen: 315392K->106672K(508928K)] 508740K->300020K(1907200K), 0.0978216 secs] [Times: user=0.57 sys=0.00, real=0.09 secs] 
4097.362: [GC (GCLocker Initiated GC) [PSYoungGen: 422064K->145072K(505344K)] 615413K->439625K(1903616K), 0.1333660 secs] [Times: user=0.79 sys=0.01, real=0.13 secs] 
4099.672: [GC (Allocation Failure) [PSYoungGen: 460464K->107712K(505344K)] 755073K->538353K(1903616K), 0.1422061 secs] [Times: user=0.84 sys=0.00, real=0.14 secs] 
4101.154: [GC (Allocation Failure) [PSYoungGen: 425664K->151440K(505856K)] 856305K->683550K(1904128K), 0.0516951 secs] [Times: user=0.30 sys=0.00, real=0.05 secs] 
4105.197: [GC (Allocation Failure) [PSYoungGen: 469392K->97408K(508416K)] 1001502K->772261K(1906688K), 0.1534975 secs] [Times: user=0.92 sys=0.00, real=0.16 secs] 
4106.723: [GC (Allocation Failure) [PSYoungGen: 414336K->159040K(476160K)] 1089189K->927439K(1874432K), 0.0499057 secs] [Times: user=0.30 sys=0.00, real=0.05 secs] 
4109.304: [GC (Allocation Failure) [PSYoungGen: 475968K->103409K(504832K)] 1244367K->1013792K(1903104K), 0.1489446 secs] [Times: user=0.88 sys=0.00, real=0.15 secs] 
4111.284: [GC (Allocation Failure) [PSYoungGen: 411633K->145600K(502272K)] 1322016K->1155582K(1900544K), 0.0518315 secs] [Times: user=0.31 sys=0.00, real=0.05 secs] 
4113.734: [GC (Allocation Failure) [PSYoungGen: 453824K->101584K(501760K)] 1463806K->1248319K(1900032K), 0.1339195 secs] [Times: user=0.79 sys=0.00, real=0.14 secs] 
4115.961: [GC (Allocation Failure) [PSYoungGen: 411856K->145248K(502272K)] 1558591K->1389627K(1900544K), 0.0517590 secs] [Times: user=0.30 sys=0.00, real=0.05 secs] 
4116.013: [Full GC (Ergonomics) [PSYoungGen: 145248K->0K(502272K)] [ParOldGen: 1244379K->186296K(1398272K)] 1389627K->186296K(1900544K), [Metaspace: 60411K->60411K(1105920K)], 0.4347889 secs] [Times: user=2.02 sys=0.00, real=0.43 secs] 
4119.410: [GC (Allocation Failure) [PSYoungGen: 310272K->100848K(503808K)] 496568K->287145K(1902080K), 0.0321116 secs] [Times: user=0.19 sys=0.00, real=0.03 secs] 
4121.293: [GC (Allocation Failure) [PSYoungGen: 414704K->146496K(504832K)] 601001K->430346K(1903104K), 0.0506943 secs] [Times: user=0.30 sys=0.00, real=0.05 secs] 
4123.932: [GC (Allocation Failure) [PSYoungGen: 459825K->102528K(504320K)] 743675K->524158K(1902592K), 0.0642201 secs] [Times: user=0.38 sys=0.00, real=0.06 secs] 
4125.859: [GC (Allocation Failure) [PSYoungGen: 417920K->144560K(505344K)] 839550K->666996K(1903616K), 0.0992736 secs] [Times: user=0.58 sys=0.00, real=0.10 secs] 
4129.862: [GC (Allocation Failure) [PSYoungGen: 459952K->103984K(504832K)] 982388K->762280K(1903104K), 0.0884522 secs] [Times: user=0.53 sys=0.00, real=0.09 secs] 
4131.911: [GC (Allocation Failure) [PSYoungGen: 421936K->144928K(506368K)] 1080232K->905032K(1904640K), 0.0526090 secs] [Times: user=0.31 sys=0.00, real=0.05 secs] 
4134.875: [GC (Allocation Failure) [PSYoungGen: 462880K->107024K(505344K)] 1222984K->1003173K(1903616K), 0.1629662 secs] [Times: user=0.98 sys=0.00, real=0.17 secs] 
4136.728: [GC (Allocation Failure) [PSYoungGen: 428048K->148656K(507392K)] 1324197K->1148405K(1905664K), 0.0534702 secs] [Times: user=0.32 sys=0.01, real=0.06 secs] 
4138.833: [GC (Allocation Failure) [PSYoungGen: 469680K->106272K(509440K)] 1469429K->1245165K(1907712K), 0.1780959 secs] [Times: user=1.06 sys=0.00, real=0.18 secs] 
4141.045: [GC (Allocation Failure) [PSYoungGen: 429344K->151216K(474624K)] 1568237K->1392114K(1872896K), 0.0533535 secs] [Times: user=0.32 sys=0.00, real=0.06 secs] 
4141.098: [Full GC (Ergonomics) [PSYoungGen: 151216K->0K(474624K)] [ParOldGen: 1240898K->190813K(1398272K)] 1392114K->190813K(1872896K), [Metaspace: 60411K->60411K(1105920K)], 0.4459791 secs] [Times: user=2.06 sys=0.00, real=0.44 secs] 
4144.519: [GC (Allocation Failure) [PSYoungGen: 323072K->106896K(511488K)] 513885K->297710K(1909760K), 0.0851697 secs] [Times: user=0.50 sys=0.00, real=0.08 secs] 
4146.647: [GC (Allocation Failure) [PSYoungGen: 427920K->159360K(480768K)] 618734K->452945K(1879040K), 0.0520474 secs] [Times: user=0.30 sys=0.00, real=0.06 secs] 
4149.021: [GC (Allocation Failure) [PSYoungGen: 480384K->108480K(507904K)] 773969K->544265K(1906176K), 0.1724061 secs] [Times: user=1.03 sys=0.00, real=0.17 secs] 
4150.372: [GC (Allocation Failure) [PSYoungGen: 411608K->142736K(456704K)] 847394K->682871K(1854976K), 0.0511005 secs] [Times: user=0.30 sys=0.01, real=0.05 secs] 
4154.835: [GC (Allocation Failure) [PSYoungGen: 456592K->97216K(505344K)] 996727K->771162K(1903616K), 0.1493930 secs] [Times: user=0.87 sys=0.02, real=0.15 secs] 
4156.278: [GC (Allocation Failure) [PSYoungGen: 412096K->148704K(504320K)] 1086042K->915571K(1902592K), 0.0489896 secs] [Times: user=0.28 sys=0.01, real=0.05 secs] 
4159.633: [GC (Allocation Failure) [PSYoungGen: 463584K->102304K(506880K)] 1230451K->1008923K(1905152K), 0.1660044 secs] [Times: user=0.99 sys=0.01, real=0.17 secs] 
4162.242: [GC (Allocation Failure) [PSYoungGen: 419744K->148736K(506880K)] 1326363K->1153636K(1905152K), 0.0510119 secs] [Times: user=0.30 sys=0.00, real=0.05 secs] 
4168.573: [GC (Allocation Failure) [PSYoungGen: 466176K->99600K(507904K)] 1471076K->1244436K(1906176K), 0.1443161 secs] [Times: user=0.86 sys=0.00, real=0.14 secs] 
4170.755: [GC (Allocation Failure) [PSYoungGen: 416016K->149056K(465920K)] 1560852K->1389861K(1864192K), 0.1387658 secs] [Times: user=0.82 sys=0.00, real=0.14 secs] 
4170.893: [Full GC (Ergonomics) [PSYoungGen: 149056K->0K(465920K)] [ParOldGen: 1240805K->188854K(1398272K)] 1389861K->188854K(1864192K), [Metaspace: 60413K->60413K(1105920K)], 0.5046681 secs] [Times: user=2.43 sys=0.00, real=0.51 secs] 
4173.226: [GC (Allocation Failure) [PSYoungGen: 316416K->105328K(508928K)] 505270K->294183K(1907200K), 0.0857694 secs] [Times: user=0.50 sys=0.00, real=0.09 secs] 
4174.410: [GC (Allocation Failure) [PSYoungGen: 421232K->148096K(505856K)] 610087K->438748K(1904128K), 0.0519994 secs] [Times: user=0.30 sys=0.00, real=0.05 secs] 
4176.764: [GC (Allocation Failure) [PSYoungGen: 464000K->105408K(505856K)] 754652K->534844K(1904128K), 0.1715868 secs] [Times: user=1.02 sys=0.01, real=0.17 secs] 
4178.990: [GC (Allocation Failure) [PSYoungGen: 422336K->148352K(506368K)] 851772K->679221K(1904640K), 0.0514117 secs] [Times: user=0.31 sys=0.00, real=0.05 secs] 
4182.829: [GC (Allocation Failure) [PSYoungGen: 465280K->102448K(507392K)] 996149K->772294K(1905664K), 0.1685999 secs] [Times: user=1.01 sys=0.00, real=0.16 secs] 
4184.745: [GC (Allocation Failure) [PSYoungGen: 420400K->147872K(507392K)] 1090246K->916290K(1905664K), 0.0722462 secs] [Times: user=0.43 sys=0.00, real=0.07 secs] 
4188.316: [GC (Allocation Failure) [PSYoungGen: 465824K->104080K(506368K)] 1234242K->1011466K(1904640K), 0.1748571 secs] [Times: user=1.03 sys=0.01, real=0.18 secs] 
4190.491: [GC (Allocation Failure) [PSYoungGen: 422032K->156576K(474624K)] 1329418K->1164406K(1872896K), 0.0518308 secs] [Times: user=0.31 sys=0.00, real=0.05 secs] 
4193.347: [GC (Allocation Failure) [PSYoungGen: 474528K->104912K(507392K)] 1482358K->1252311K(1905664K), 0.1579754 secs] [Times: user=0.93 sys=0.00, real=0.16 secs] 
4195.197: [GC (Allocation Failure) [PSYoungGen: 417744K->149264K(504320K)] 1565143K->1397548K(1902592K), 0.0519743 secs] [Times: user=0.31 sys=0.00, real=0.06 secs] 
4195.249: [Full GC (Ergonomics) [PSYoungGen: 149264K->0K(504320K)] [ParOldGen: 1248283K->196725K(1398272K)] 1397548K->196725K(1902592K), [Metaspace: 60420K->60420K(1105920K)], 0.4691128 secs] [Times: user=2.18 sys=0.00, real=0.47 secs] 
4198.131: [GC (Allocation Failure) [PSYoungGen: 312832K->101824K(504832K)] 509557K->298549K(1903104K), 0.0954804 secs] [Times: user=0.56 sys=0.01, real=0.09 secs] 
4200.463: [GC (Allocation Failure) [PSYoungGen: 415168K->147712K(504832K)] 611893K->441230K(1903104K), 0.0488989 secs] [Times: user=0.29 sys=0.00, real=0.05 secs] 
4203.785: [GC (Allocation Failure) [PSYoungGen: 461056K->100960K(505344K)] 754574K->533222K(1903616K), 0.1696036 secs] [Times: user=1.00 sys=0.01, real=0.17 secs] 
4205.413: [GC (Allocation Failure) [PSYoungGen: 414816K->147392K(505344K)] 847078K->676511K(1903616K), 0.0501496 secs] [Times: user=0.30 sys=0.00, real=0.05 secs] 
4207.541: [GC (Allocation Failure) [PSYoungGen: 461248K->102320K(503808K)] 990367K->769532K(1902080K), 0.1029224 secs] [Times: user=0.61 sys=0.00, real=0.10 secs] 
4210.213: [GC (Allocation Failure) [PSYoungGen: 416688K->148768K(504832K)] 1083900K->913978K(1903104K), 0.0516277 secs] [Times: user=0.30 sys=0.00, real=0.05 secs] 
4212.240: [GC (Allocation Failure) [PSYoungGen: 463136K->105248K(504832K)] 1228346K->1010210K(1903104K), 0.1429368 secs] [Times: user=0.85 sys=0.00, real=0.14 secs] 
4213.920: [GC (Allocation Failure) [PSYoungGen: 420640K->147290K(505344K)] 1325602K->1153453K(1903616K), 0.0524113 secs] [Times: user=0.31 sys=0.00, real=0.05 secs] 
4216.140: [GC (Allocation Failure) [PSYoungGen: 462682K->105296K(505856K)] 1468845K->1249304K(1904128K), 0.0958870 secs] [Times: user=0.57 sys=0.01, real=0.09 secs] 
4218.008: [GC (Allocation Failure) [PSYoungGen: 422224K->149728K(506368K)] 1566232K->1395344K(1904640K), 0.0525543 secs] [Times: user=0.31 sys=0.00, real=0.05 secs] 
4218.061: [Full GC (Ergonomics) [PSYoungGen: 149728K->0K(506368K)] [ParOldGen: 1245616K->193427K(1398272K)] 1395344K->193427K(1904640K), [Metaspace: 60438K->60438K(1105920K)], 0.4556139 secs] [Times: user=2.12 sys=0.00, real=0.45 secs] 
4220.691: [GC (Allocation Failure) [PSYoungGen: 316928K->103488K(506880K)] 510355K->296915K(1905152K), 0.0680823 secs] [Times: user=0.40 sys=0.00, real=0.07 secs] 
4222.055: [GC (Allocation Failure) [PSYoungGen: 420928K->151584K(469504K)] 614355K->444308K(1867776K), 0.0511760 secs] [Times: user=0.31 sys=0.01, real=0.05 secs] 
4224.898: [GC (Allocation Failure) [PSYoungGen: 469024K->103456K(508416K)] 761748K->539077K(1906688K), 0.1773657 secs] [Times: user=1.03 sys=0.00, real=0.18 secs] 
4226.452: [GC (Allocation Failure) [PSYoungGen: 418848K->148528K(505856K)] 854469K->683458K(1904128K), 0.0500015 secs] [Times: user=0.29 sys=0.00, real=0.05 secs] 
4229.033: [GC (Allocation Failure) [PSYoungGen: 463920K->102000K(506368K)] 998850K->776458K(1904640K), 0.1665955 secs] [Times: user=0.99 sys=0.00, real=0.17 secs] 
4230.373: [GC (Allocation Failure) [PSYoungGen: 417176K->148576K(506368K)] 1091634K->921630K(1904640K), 0.0503391 secs] [Times: user=0.30 sys=0.00, real=0.05 secs] 
4234.265: [GC (Allocation Failure) [PSYoungGen: 464480K->102048K(506368K)] 1237534K->1015174K(1904640K), 0.1577127 secs] [Times: user=0.94 sys=0.00, real=0.16 secs] 
4235.318: [GC (Allocation Failure) [PSYoungGen: 415506K->149216K(465408K)] 1328633K->1160627K(1863680K), 0.0503604 secs] [Times: user=0.30 sys=0.00, real=0.06 secs] 
4236.895: [GC (Allocation Failure) [PSYoungGen: 465120K->106240K(508928K)] 1476531K->1257987K(1907200K), 0.0873879 secs] [Times: user=0.51 sys=0.00, real=0.09 secs] 
4237.680: [GC (Allocation Failure) [PSYoungGen: 422144K->145856K(505856K)] 1573891K->1399960K(1904128K), 0.0783264 secs] [Times: user=0.47 sys=0.00, real=0.08 secs] 
4237.759: [Full GC (Ergonomics) [PSYoungGen: 145856K->0K(505856K)] [ParOldGen: 1254104K->197766K(1398272K)] 1399960K->197766K(1904128K), [Metaspace: 60440K->60440K(1105920K)], 0.4783412 secs] [Times: user=2.24 sys=0.00, real=0.47 secs] 
4241.786: [GC (Allocation Failure) [PSYoungGen: 315904K->104704K(505344K)] 513670K->302470K(1903616K), 0.0978330 secs] [Times: user=0.57 sys=0.00, real=0.10 secs] 
4243.267: [GC (Allocation Failure) [PSYoungGen: 416068K->147136K(506368K)] 613834K->445046K(1904640K), 0.0500712 secs] [Times: user=0.30 sys=0.01, real=0.05 secs] 
4245.449: [GC (Allocation Failure) [PSYoungGen: 464576K->105120K(506368K)] 762486K->541411K(1904640K), 0.1532313 secs] [Times: user=0.87 sys=0.00, real=0.15 secs] 
4246.819: [GC (Allocation Failure) [PSYoungGen: 416952K->145952K(507392K)] 853243K->683295K(1905664K), 0.1347084 secs] [Times: user=0.80 sys=0.00, real=0.13 secs] 
4250.825: [GC (Allocation Failure) [PSYoungGen: 465440K->102400K(508416K)] 1002783K->777247K(1906688K), 0.1765114 secs] [Times: user=1.04 sys=0.01, real=0.18 secs] 
4252.285: [GC (Allocation Failure) [PSYoungGen: 421150K->148960K(508928K)] 1095998K->922240K(1907200K), 0.0499207 secs] [Times: user=0.29 sys=0.00, real=0.05 secs] 
4255.887: [GC (Allocation Failure) [PSYoungGen: 470496K->104704K(509440K)] 1243776K->1018280K(1907712K), 0.1461154 secs] [Times: user=0.81 sys=0.00, real=0.15 secs] 
4257.190: [GC (Allocation Failure) [PSYoungGen: 419244K->147248K(508928K)] 1332821K->1161264K(1907200K), 0.0501087 secs] [Times: user=0.29 sys=0.00, real=0.05 secs] 
4260.268: [GC (Allocation Failure) [PSYoungGen: 468272K->106000K(506880K)] 1482288K->1257856K(1905152K), 0.1546546 secs] [Times: user=0.91 sys=0.00, real=0.16 secs] 
4262.009: [GC (Allocation Failure) [PSYoungGen: 413441K->145440K(507904K)] 1565297K->1399289K(1906176K), 0.0765309 secs] [Times: user=0.45 sys=0.00, real=0.07 secs] 
4262.086: [Full GC (Ergonomics) [PSYoungGen: 145440K->0K(507904K)] [ParOldGen: 1253849K->197147K(1398272K)] 1399289K->197147K(1906176K), [Metaspace: 60440K->60440K(1105920K)], 0.4673647 secs] [Times: user=2.17 sys=0.00, real=0.47 secs] 
4266.044: [GC (Allocation Failure) [PSYoungGen: 321024K->104832K(509440K)] 518171K->301979K(1907712K), 0.1025549 secs] [Times: user=0.56 sys=0.00, real=0.10 secs] 
4267.475: [GC (Allocation Failure) [PSYoungGen: 421763K->147104K(509952K)] 618910K->445116K(1908224K), 0.0506789 secs] [Times: user=0.30 sys=0.00, real=0.05 secs] 
4271.078: [GC (Allocation Failure) [PSYoungGen: 470688K->105856K(509440K)] 768700K->541804K(1907712K), 0.1622600 secs] [Times: user=0.97 sys=0.00, real=0.16 secs] 
4273.235: [GC (Allocation Failure) [PSYoungGen: 420904K->145536K(509952K)] 856853K->683500K(1908224K), 0.0514083 secs] [Times: user=0.31 sys=0.00, real=0.05 secs] 
4275.946: [GC (Allocation Failure) [PSYoungGen: 469632K->106560K(509440K)] 1007596K->781089K(1907712K), 0.1445784 secs] [Times: user=0.86 sys=0.00, real=0.15 secs] 
4277.467: [GC (Allocation Failure) [PSYoungGen: 416914K->144768K(510464K)] 1091443K->921777K(1908736K), 0.0607999 secs] [Times: user=0.36 sys=0.00, real=0.07 secs] 
4281.008: [GC (Allocation Failure) [PSYoungGen: 470400K->104304K(511488K)] 1247409K->1017594K(1909760K), 0.1661266 secs] [Times: user=0.99 sys=0.00, real=0.17 secs] 
4282.710: [GC (Allocation Failure) [PSYoungGen: 416063K->147456K(512000K)] 1329353K->1160701K(1910272K), 0.0513519 secs] [Times: user=0.30 sys=0.00, real=0.05 secs] 
4286.542: [GC (Allocation Failure) [PSYoungGen: 475136K->107168K(510976K)] 1488381K->1259101K(1909248K), 0.1403849 secs] [Times: user=0.84 sys=0.00, real=0.14 secs] 
4287.760: [GC (Allocation Failure) [PSYoungGen: 434848K->155616K(483328K)] 1586781K->1410714K(1881600K), 0.0530888 secs] [Times: user=0.31 sys=0.01, real=0.05 secs] 
4287.813: [Full GC (Ergonomics) [PSYoungGen: 155616K->0K(483328K)] [ParOldGen: 1255098K->208525K(1398272K)] 1410714K->208525K(1881600K), [Metaspace: 60442K->60442K(1105920K)], 0.4816019 secs] [Times: user=2.23 sys=0.00, real=0.48 secs] 
4291.090: [GC (Allocation Failure) [PSYoungGen: 327680K->98624K(510464K)] 536205K->307149K(1908736K), 0.1521813 secs] [Times: user=0.90 sys=0.01, real=0.15 secs] 
4291.732: [GC (Allocation Failure) [PSYoungGen: 419648K->156160K(477696K)] 628173K->457443K(1875968K), 0.0823895 secs] [Times: user=0.49 sys=0.01, real=0.08 secs] 
4296.385: [GC (Allocation Failure) [PSYoungGen: 477184K->93824K(505856K)] 778467K->551107K(1904128K), 0.1707865 secs] [Times: user=1.02 sys=0.00, real=0.17 secs] 
4296.882: [GC (Allocation Failure) [PSYoungGen: 406144K->152208K(464896K)] 863427K->697028K(1863168K), 0.0548793 secs] [Times: user=0.33 sys=0.00, real=0.05 secs] 
4300.844: [GC (Allocation Failure) [PSYoungGen: 464528K->89424K(502784K)] 1009348K->786228K(1901056K), 0.1698571 secs] [Times: user=1.02 sys=0.00, real=0.17 secs] 
4301.567: [GC (Allocation Failure) [PSYoungGen: 396112K->149152K(456192K)] 1092916K->928800K(1854464K), 0.0534161 secs] [Times: user=0.32 sys=0.00, real=0.06 secs] 
4304.986: [GC (Allocation Failure) [PSYoungGen: 455840K->90400K(501760K)] 1235488K->1018761K(1900032K), 0.1661795 secs] [Times: user=0.99 sys=0.01, real=0.17 secs] 
4305.959: [GC (Allocation Failure) [PSYoungGen: 379335K->138000K(441856K)] 1307696K->1150718K(1840128K), 0.0488009 secs] [Times: user=0.28 sys=0.00, real=0.04 secs] 
4307.621: [GC (Allocation Failure) [PSYoungGen: 441616K->97472K(500736K)] 1454334K->1239269K(1899008K), 0.1272141 secs] [Times: user=0.76 sys=0.01, real=0.12 secs] 
4309.669: [GC (Allocation Failure) [PSYoungGen: 403136K->143264K(498688K)] 1544933K->1378350K(1896960K), 0.0488404 secs] [Times: user=0.28 sys=0.01, real=0.04 secs] 
4309.718: [Full GC (Ergonomics) [PSYoungGen: 143264K->0K(498688K)] [ParOldGen: 1235086K->185841K(1398272K)] 1378350K->185841K(1896960K), [Metaspace: 60442K->60442K(1105920K)], 0.4388325 secs] [Times: user=2.04 sys=0.00, real=0.44 secs] 
4311.665: [GC (Allocation Failure) [PSYoungGen: 305664K->101504K(501248K)] 491505K->287345K(1899520K), 0.0386732 secs] [Times: user=0.23 sys=0.00, real=0.04 secs] 
4314.654: [GC (Allocation Failure) [PSYoungGen: 413824K->142496K(502784K)] 599665K->427183K(1901056K), 0.0503400 secs] [Times: user=0.30 sys=0.00, real=0.05 secs] 
4316.067: [GC (Allocation Failure) [PSYoungGen: 454816K->106720K(501248K)] 739503K->524703K(1899520K), 0.0629159 secs] [Times: user=0.37 sys=0.00, real=0.07 secs] 
4318.815: [GC (Allocation Failure) [PSYoungGen: 423648K->143056K(504320K)] 841631K->665681K(1902592K), 0.0520676 secs] [Times: user=0.31 sys=0.00, real=0.05 secs] 
4320.378: [GC (Allocation Failure) [PSYoungGen: 459984K->109088K(504832K)] 982609K->765156K(1903104K), 0.0705028 secs] [Times: user=0.41 sys=0.01, real=0.08 secs] 
4322.517: [GC (Allocation Failure) [PSYoungGen: 431648K->149152K(507392K)] 1087716K->910845K(1905664K), 0.0536193 secs] [Times: user=0.32 sys=0.00, real=0.06 secs] 
4325.471: [GC (Allocation Failure) [PSYoungGen: 471712K->107488K(510976K)] 1233405K->1009257K(1909248K), 0.1658637 secs] [Times: user=1.00 sys=0.00, real=0.16 secs] 
4327.355: [GC (Allocation Failure) [PSYoungGen: 432608K->153920K(479232K)] 1334377K->1159150K(1877504K), 0.0545075 secs] [Times: user=0.32 sys=0.00, real=0.06 secs] 
4331.333: [GC (Allocation Failure) [PSYoungGen: 479040K->102368K(510976K)] 1484270K->1252686K(1909248K), 0.1373593 secs] [Times: user=0.82 sys=0.00, real=0.14 secs] 
4333.170: [GC (Allocation Failure) [PSYoungGen: 422880K->151616K(472576K)] 1573198K->1399819K(1870848K), 0.0511444 secs] [Times: user=0.30 sys=0.00, real=0.05 secs] 
4333.222: [Full GC (Ergonomics) [PSYoungGen: 151616K->0K(472576K)] [ParOldGen: 1248203K->196965K(1398272K)] 1399819K->196965K(1870848K), [Metaspace: 60446K->60446K(1105920K)], 0.4697787 secs] [Times: user=2.18 sys=0.00, real=0.47 secs] 
4335.517: [GC (Allocation Failure) [PSYoungGen: 320512K->109248K(510464K)] 517477K->306213K(1908736K), 0.0950188 secs] [Times: user=0.56 sys=0.01, real=0.10 secs] 
4336.168: [GC (Allocation Failure) [PSYoungGen: 419174K->143008K(506880K)] 616139K->445347K(1905152K), 0.0509669 secs] [Times: user=0.30 sys=0.00, real=0.05 secs] 
4339.632: [GC (Allocation Failure) [PSYoungGen: 461472K->104560K(507904K)] 763811K->540572K(1906176K), 0.1515487 secs] [Times: user=0.90 sys=0.00, real=0.15 secs] 
4340.890: [GC (Allocation Failure) [PSYoungGen: 418671K->147264K(507392K)] 854683K->683596K(1905664K), 0.0501242 secs] [Times: user=0.29 sys=0.00, real=0.05 secs] 
4344.188: [GC (Allocation Failure) [PSYoungGen: 468288K->105632K(509440K)] 1004620K->780028K(1907712K), 0.1358752 secs] [Times: user=0.81 sys=0.00, real=0.13 secs] 
4345.018: [GC (Allocation Failure) [PSYoungGen: 429728K->154528K(478720K)] 1104124K->930900K(1876992K), 0.0527377 secs] [Times: user=0.32 sys=0.00, real=0.05 secs] 
4348.657: [GC (Allocation Failure) [PSYoungGen: 478624K->96656K(508928K)] 1254996K->1027253K(1907200K), 0.1651170 secs] [Times: user=0.98 sys=0.00, real=0.17 secs] 
4349.708: [GC (Allocation Failure) [PSYoungGen: 414608K->151872K(470016K)] 1345205K->1173273K(1868288K), 0.0558611 secs] [Times: user=0.34 sys=0.00, real=0.05 secs] 
4353.683: [GC (Allocation Failure) [PSYoungGen: 469824K->94128K(506368K)] 1491225K->1266874K(1904640K), 0.1590709 secs] [Times: user=0.95 sys=0.00, real=0.16 secs] 
4354.821: [GC (Allocation Failure) [PSYoungGen: 406960K->148512K(461824K)] 1579706K->1409762K(1860096K), 0.0551700 secs] [Times: user=0.32 sys=0.01, real=0.05 secs] 
4354.876: [Full GC (Ergonomics) [PSYoungGen: 148512K->0K(461824K)] [ParOldGen: 1261250K->208463K(1398272K)] 1409762K->208463K(1860096K), [Metaspace: 60446K->60446K(1105920K)], 0.4812703 secs] [Times: user=2.23 sys=0.00, real=0.48 secs] 
4357.978: [GC (Allocation Failure) [PSYoungGen: 312832K->95360K(505344K)] 521295K->303823K(1903616K), 0.1807422 secs] [Times: user=1.08 sys=0.00, real=0.19 secs] 
4358.711: [GC (Allocation Failure) [PSYoungGen: 405632K->150176K(460800K)] 614095K->448352K(1859072K), 0.0528249 secs] [Times: user=0.32 sys=0.00, real=0.05 secs] 
4362.453: [GC (Allocation Failure) [PSYoungGen: 460448K->89888K(503296K)] 758624K->537632K(1901568K), 0.1600981 secs] [Times: user=0.96 sys=0.00, real=0.16 secs] 
4363.263: [GC (Allocation Failure) [PSYoungGen: 387212K->141216K(448512K)] 834956K->674617K(1846784K), 0.0486827 secs] [Times: user=0.29 sys=0.00, real=0.05 secs] 
4366.303: [GC (Allocation Failure) [PSYoungGen: 448416K->100224K(505344K)] 981817K->765977K(1903616K), 0.1552491 secs] [Times: user=0.93 sys=0.00, real=0.16 secs] 
4368.653: [GC (Allocation Failure) [PSYoungGen: 410496K->144928K(502272K)] 1076249K->906706K(1900544K), 0.0500654 secs] [Times: user=0.30 sys=0.00, real=0.05 secs] 
4370.902: [GC (Allocation Failure) [PSYoungGen: 455200K->104064K(501248K)] 1216978K->1001698K(1899520K), 0.1683874 secs] [Times: user=1.00 sys=0.00, real=0.17 secs] 
4372.631: [GC (Allocation Failure) [PSYoungGen: 417408K->145488K(503296K)] 1315042K->1143471K(1901568K), 0.0512975 secs] [Times: user=0.30 sys=0.00, real=0.05 secs] 
4375.714: [GC (Allocation Failure) [PSYoungGen: 458832K->102144K(504832K)] 1456815K->1236235K(1903104K), 0.1636926 secs] [Times: user=0.98 sys=0.00, real=0.17 secs] 
4378.499: [GC (Allocation Failure) [PSYoungGen: 419072K->150976K(505856K)] 1553163K->1382483K(1904128K), 0.0522341 secs] [Times: user=0.31 sys=0.00, real=0.05 secs] 
4378.551: [Full GC (Ergonomics) [PSYoungGen: 150976K->0K(505856K)] [ParOldGen: 1231507K->189370K(1398272K)] 1382483K->189370K(1904128K), [Metaspace: 60446K->60446K(1105920K)], 0.4449323 secs] [Times: user=2.07 sys=0.00, real=0.44 secs] 
4380.823: [GC (Allocation Failure) [PSYoungGen: 316928K->103808K(506880K)] 506298K->293179K(1905152K), 0.0698484 secs] [Times: user=0.41 sys=0.00, real=0.07 secs] 
4382.916: [GC (GCLocker Initiated GC) [PSYoungGen: 419712K->146272K(505856K)] 609084K->436257K(1904128K), 0.0507462 secs] [Times: user=0.30 sys=0.00, real=0.05 secs] 
4385.142: [GC (Allocation Failure) [PSYoungGen: 462176K->104736K(504832K)] 752163K->531387K(1903104K), 0.0956388 secs] [Times: user=0.57 sys=0.00, real=0.09 secs] 
4387.895: [GC (Allocation Failure) [PSYoungGen: 421664K->147248K(505856K)] 848315K->674916K(1904128K), 0.0516593 secs] [Times: user=0.30 sys=0.00, real=0.05 secs] 
4389.490: [GC (Allocation Failure) [PSYoungGen: 464176K->108800K(504832K)] 991844K->774167K(1903104K), 0.1242027 secs] [Times: user=0.74 sys=0.00, real=0.12 secs] 
4390.988: [GC (Allocation Failure) [PSYoungGen: 427776K->148736K(506368K)] 1093143K->918580K(1904640K), 0.0531450 secs] [Times: user=0.31 sys=0.00, real=0.05 secs] 
4394.929: [GC (Allocation Failure) [PSYoungGen: 467712K->100880K(509440K)] 1237556K->1009969K(1907712K), 0.1540935 secs] [Times: user=0.92 sys=0.00, real=0.15 secs] 
4396.610: [GC (Allocation Failure) [PSYoungGen: 420880K->152400K(472576K)] 1329969K->1158510K(1870848K), 0.0513332 secs] [Times: user=0.30 sys=0.00, real=0.05 secs] 
4399.123: [GC (Allocation Failure) [PSYoungGen: 472400K->107552K(509952K)] 1478510K->1257053K(1908224K), 0.1442577 secs] [Times: user=0.86 sys=0.00, real=0.14 secs] 
4400.468: [GC (Allocation Failure) [PSYoungGen: 418524K->144944K(506368K)] 1568026K->1398415K(1904640K), 0.0517733 secs] [Times: user=0.30 sys=0.00, real=0.06 secs] 
4400.519: [Full GC (Ergonomics) [PSYoungGen: 144944K->0K(506368K)] [ParOldGen: 1253470K->196887K(1398272K)] 1398415K->196887K(1904640K), [Metaspace: 60446K->60446K(1105920K)], 0.4647503 secs] [Times: user=2.15 sys=0.00, real=0.46 secs] 
4403.482: [GC (Allocation Failure) [PSYoungGen: 317440K->103136K(507904K)] 514327K->300023K(1906176K), 0.0826497 secs] [Times: user=0.48 sys=0.00, real=0.08 secs] 
4405.038: [GC (Allocation Failure) [PSYoungGen: 417831K->148080K(507392K)] 614718K->443909K(1905664K), 0.1060863 secs] [Times: user=0.63 sys=0.00, real=0.11 secs] 
4408.189: [GC (Allocation Failure) [PSYoungGen: 467568K->103936K(508416K)] 763397K->539416K(1906688K), 0.1645269 secs] [Times: user=0.98 sys=0.01, real=0.16 secs] 
4409.559: [GC (Allocation Failure) [PSYoungGen: 421927K->147232K(508416K)] 857408K->682951K(1906688K), 0.0500898 secs] [Times: user=0.30 sys=0.01, real=0.05 secs] 
4413.069: [GC (Allocation Failure) [PSYoungGen: 467744K->106592K(506880K)] 1003463K->780823K(1905152K), 0.1641818 secs] [Times: user=0.98 sys=0.00, real=0.16 secs] 
4414.536: [GC (Allocation Failure) [PSYoungGen: 417770K->145216K(507904K)] 1092002K->921724K(1906176K), 0.0513587 secs] [Times: user=0.31 sys=0.00, real=0.05 secs] 
4418.059: [GC (Allocation Failure) [PSYoungGen: 466240K->104544K(509440K)] 1242748K->1017200K(1907712K), 0.1693678 secs] [Times: user=1.00 sys=0.00, real=0.17 secs] 
4419.958: [GC (Allocation Failure) [PSYoungGen: 419774K->147568K(509952K)] 1332431K->1160350K(1908224K), 0.0550998 secs] [Times: user=0.31 sys=0.00, real=0.05 secs] 
4423.799: [GC (Allocation Failure) [PSYoungGen: 471152K->107232K(509440K)] 1483934K->1258693K(1907712K), 0.1628010 secs] [Times: user=0.97 sys=0.00, real=0.16 secs] 
4425.375: [GC (Allocation Failure) [PSYoungGen: 420492K->143904K(509952K)] 1571954K->1398754K(1908224K), 0.0519147 secs] [Times: user=0.31 sys=0.00, real=0.05 secs] 
4425.427: [Full GC (Ergonomics) [PSYoungGen: 143904K->0K(509952K)] [ParOldGen: 1254850K->196947K(1398272K)] 1398754K->196947K(1908224K), [Metaspace: 60446K->60446K(1105920K)], 0.4662695 secs] [Times: user=2.16 sys=0.00, real=0.47 secs] 
4428.325: [GC (Allocation Failure) [PSYoungGen: 324096K->106064K(508928K)] 521043K->303012K(1907200K), 0.0821848 secs] [Times: user=0.48 sys=0.00, real=0.08 secs] 
4429.537: [GC (Allocation Failure) [PSYoungGen: 432208K->155040K(481280K)] 629156K->454084K(1879552K), 0.0850475 secs] [Times: user=0.51 sys=0.00, real=0.09 secs] 
4433.166: [GC (Allocation Failure) [PSYoungGen: 481184K->100416K(510976K)] 780228K->554196K(1909248K), 0.1718516 secs] [Times: user=1.02 sys=0.00, real=0.18 secs] 
4434.177: [GC (Allocation Failure) [PSYoungGen: 421952K->155552K(477184K)] 875732K->703689K(1875456K), 0.0565728 secs] [Times: user=0.33 sys=0.01, real=0.06 secs] 
4438.044: [GC (Allocation Failure) [PSYoungGen: 477088K->97696K(507392K)] 1025225K->800601K(1905664K), 0.1596105 secs] [Times: user=0.95 sys=0.00, real=0.16 secs] 
4438.446: [GC (Allocation Failure) [PSYoungGen: 412064K->151904K(466432K)] 1114969K->945686K(1864704K), 0.0562269 secs] [Times: user=0.34 sys=0.00, real=0.06 secs] 
4443.789: [GC (Allocation Failure) [PSYoungGen: 466272K->86192K(502784K)] 1260054K->1031287K(1901056K), 0.1666063 secs] [Times: user=0.99 sys=0.00, real=0.16 secs] 
4444.800: [GC (Allocation Failure) [PSYoungGen: 393904K->149856K(457728K)] 1338999K->1174991K(1856000K), 0.0524079 secs] [Times: user=0.31 sys=0.00, real=0.05 secs] 
4448.078: [GC (Allocation Failure) [PSYoungGen: 455561K->89744K(501760K)] 1480696K->1264532K(1900032K), 0.1616263 secs] [Times: user=0.97 sys=0.00, real=0.17 secs] 
4449.614: [GC (Allocation Failure) [PSYoungGen: 383365K->138496K(442368K)] 1558153K->1398468K(1840640K), 0.0494583 secs] [Times: user=0.29 sys=0.00, real=0.05 secs] 
4449.663: [Full GC (Ergonomics) [PSYoungGen: 138496K->0K(442368K)] [ParOldGen: 1259972K->196912K(1398272K)] 1398468K->196912K(1840640K), [Metaspace: 60446K->60446K(1105920K)], 0.4767345 secs] [Times: user=2.23 sys=0.00, real=0.48 secs] 
4452.058: [GC (Allocation Failure) [PSYoungGen: 303616K->98304K(501760K)] 500528K->295216K(1900032K), 0.0916030 secs] [Times: user=0.54 sys=0.01, real=0.09 secs] 
4453.401: [GC (Allocation Failure) [PSYoungGen: 404480K->144864K(499200K)] 601392K->436513K(1897472K), 0.0479968 secs] [Times: user=0.29 sys=0.00, real=0.05 secs] 
4455.931: [GC (Allocation Failure) [PSYoungGen: 451040K->98080K(502272K)] 742689K->525777K(1900544K), 0.0775325 secs] [Times: user=0.46 sys=0.00, real=0.08 secs] 
4458.332: [GC (Allocation Failure) [PSYoungGen: 409888K->151280K(503296K)] 837585K->674797K(1901568K), 0.0498529 secs] [Times: user=0.30 sys=0.00, real=0.05 secs] 
4460.736: [GC (Allocation Failure) [PSYoungGen: 463088K->105696K(503808K)] 986605K->763677K(1902080K), 0.0642483 secs] [Times: user=0.38 sys=0.00, real=0.07 secs] 
4462.963: [GC (Allocation Failure) [PSYoungGen: 416992K->142464K(503296K)] 1074973K->903618K(1901568K), 0.0517293 secs] [Times: user=0.31 sys=0.01, real=0.05 secs] 
4464.813: [GC (Allocation Failure) [PSYoungGen: 453760K->105760K(500224K)] 1214914K->1000286K(1898496K), 0.0782283 secs] [Times: user=0.46 sys=0.00, real=0.08 secs] 
4466.693: [GC (Allocation Failure) [PSYoungGen: 420128K->144032K(503296K)] 1314654K->1141762K(1901568K), 0.0526782 secs] [Times: user=0.31 sys=0.00, real=0.05 secs] 
4468.459: [GC (Allocation Failure) [PSYoungGen: 458400K->107008K(503808K)] 1456130K->1239114K(1902080K), 0.1310768 secs] [Times: user=0.78 sys=0.00, real=0.13 secs] 
4471.295: [GC (Allocation Failure) [PSYoungGen: 427008K->147936K(506368K)] 1559114K->1384255K(1904640K), 0.0541112 secs] [Times: user=0.29 sys=0.00, real=0.06 secs] 
4471.349: [Full GC (Ergonomics) [PSYoungGen: 147936K->0K(506368K)] [ParOldGen: 1236319K->182861K(1398272K)] 1384255K->182861K(1904640K), [Metaspace: 60446K->60446K(1105920K)], 0.4287729 secs] [Times: user=1.99 sys=0.00, real=0.42 secs] 
4472.954: [GC (Allocation Failure) [PSYoungGen: 320000K->108560K(508416K)] 502861K->291422K(1906688K), 0.0336691 secs] [Times: user=0.20 sys=0.00, real=0.04 secs] 
4475.282: [GC (Allocation Failure) [PSYoungGen: 431632K->151808K(508928K)] 614494K->437150K(1907200K), 0.0529624 secs] [Times: user=0.31 sys=0.00, real=0.05 secs] 
4478.411: [GC (Allocation Failure) [PSYoungGen: 474880K->106064K(510464K)] 760222K->534447K(1908736K), 0.1671285 secs] [Times: user=0.99 sys=0.00, real=0.17 secs] 
4480.135: [GC (Allocation Failure) [PSYoungGen: 427600K->152064K(474112K)] 855983K->682899K(1872384K), 0.0522362 secs] [Times: user=0.30 sys=0.00, real=0.05 secs] 
4483.168: [GC (Allocation Failure) [PSYoungGen: 473600K->106592K(510464K)] 1004435K->780379K(1908736K), 0.1700430 secs] [Times: user=1.02 sys=0.00, real=0.17 secs] 
4484.269: [GC (Allocation Failure) [PSYoungGen: 411630K->145312K(507392K)] 1085418K->921355K(1905664K), 0.0508485 secs] [Times: user=0.30 sys=0.00, real=0.05 secs] 
4487.646: [GC (Allocation Failure) [PSYoungGen: 464288K->102432K(508416K)] 1240331K->1014963K(1906688K), 0.1681249 secs] [Times: user=1.00 sys=0.00, real=0.17 secs] 
4489.362: [GC (Allocation Failure) [PSYoungGen: 418028K->147808K(508416K)] 1330559K->1159392K(1906688K), 0.0751059 secs] [Times: user=0.45 sys=0.00, real=0.07 secs] 
4492.896: [GC (Allocation Failure) [PSYoungGen: 468832K->102976K(509440K)] 1480416K->1254152K(1907712K), 0.1634532 secs] [Times: user=0.96 sys=0.00, real=0.17 secs] 
4494.911: [GC (Allocation Failure) [PSYoungGen: 422821K->148880K(470016K)] 1573997K->1398673K(1868288K), 0.0503800 secs] [Times: user=0.30 sys=0.00, real=0.05 secs] 
4494.961: [Full GC (Ergonomics) [PSYoungGen: 148880K->0K(470016K)] [ParOldGen: 1249792K->197075K(1398272K)] 1398673K->197075K(1868288K), [Metaspace: 60446K->60446K(1105920K)], 0.4614107 secs] [Times: user=2.14 sys=0.00, real=0.46 secs] 
4499.389: [GC (Allocation Failure) [PSYoungGen: 321024K->102880K(510464K)] 518099K->299955K(1908736K), 0.0964035 secs] [Times: user=0.56 sys=0.00, real=0.09 secs] 
4500.741: [GC (Allocation Failure) [PSYoungGen: 418792K->148752K(468992K)] 615867K->444421K(1867264K), 0.0499558 secs] [Times: user=0.30 sys=0.00, real=0.05 secs] 
4504.418: [GC (Allocation Failure) [PSYoungGen: 468752K->104832K(510464K)] 764421K->540212K(1908736K), 0.1633368 secs] [Times: user=0.97 sys=0.00, real=0.16 secs] 
4505.892: [GC (Allocation Failure) [PSYoungGen: 416422K->145408K(507904K)] 851803K->682545K(1906176K), 0.0746669 secs] [Times: user=0.45 sys=0.00, real=0.07 secs] 
4509.686: [GC (Allocation Failure) [PSYoungGen: 464896K->98480K(508928K)] 1002033K->772806K(1907200K), 0.1466217 secs] [Times: user=0.86 sys=0.01, real=0.15 secs] 
4512.170: [GC (Allocation Failure) [PSYoungGen: 419504K->151584K(473088K)] 1093830K->919650K(1871360K), 0.0491543 secs] [Times: user=0.29 sys=0.00, real=0.05 secs] 
4514.276: [GC (Allocation Failure) [PSYoungGen: 472578K->109888K(510464K)] 1240644K->1020386K(1908736K), 0.1361858 secs] [Times: user=0.81 sys=0.00, real=0.14 secs] 
4515.712: [GC (Allocation Failure) [PSYoungGen: 416903K->143616K(506880K)] 1327402K->1160135K(1905152K), 0.1238456 secs] [Times: user=0.73 sys=0.00, real=0.12 secs] 
4518.878: [GC (Allocation Failure) [PSYoungGen: 462080K->104224K(507904K)] 1478599K->1255567K(1906176K), 0.1050248 secs] [Times: user=0.63 sys=0.00, real=0.10 secs] 
4519.819: [GC (Allocation Failure) [PSYoungGen: 423277K->147248K(507392K)] 1574620K->1398860K(1905664K), 0.0522045 secs] [Times: user=0.31 sys=0.00, real=0.05 secs] 
4519.871: [Full GC (Ergonomics) [PSYoungGen: 147248K->0K(507392K)] [ParOldGen: 1251612K->197387K(1398272K)] 1398860K->197387K(1905664K), [Metaspace: 60456K->60456K(1105920K)], 0.4575337 secs] [Times: user=2.12 sys=0.00, real=0.46 secs] 
4522.976: [GC (Allocation Failure) [PSYoungGen: 321024K->107904K(508928K)] 518411K->305291K(1907200K), 0.0941066 secs] [Times: user=0.55 sys=0.00, real=0.10 secs] 
4523.838: [GC (Allocation Failure) [PSYoungGen: 431488K->152000K(475648K)] 628875K->453660K(1873920K), 0.0517260 secs] [Times: user=0.31 sys=0.00, real=0.05 secs] 
4528.417: [GC (Allocation Failure) [PSYoungGen: 474399K->96144K(509952K)] 776060K->549197K(1908224K), 0.1627671 secs] [Times: user=0.97 sys=0.00, real=0.17 secs] 
4529.003: [GC (Allocation Failure) [PSYoungGen: 416144K->149840K(470016K)] 869197K->694844K(1868288K), 0.0554340 secs] [Times: user=0.32 sys=0.01, real=0.06 secs] 
4533.889: [GC (Allocation Failure) [PSYoungGen: 468578K->93488K(507904K)] 1013581K->787340K(1906176K), 0.1545623 secs] [Times: user=0.92 sys=0.00, real=0.15 secs] 
4534.616: [GC (Allocation Failure) [PSYoungGen: 409392K->147936K(463872K)] 1103244K->931372K(1862144K), 0.0543782 secs] [Times: user=0.32 sys=0.00, real=0.06 secs] 
4540.105: [GC (Allocation Failure) [PSYoungGen: 462725K->95344K(506880K)] 1246162K->1025877K(1905152K), 0.1687328 secs] [Times: user=1.00 sys=0.01, real=0.17 secs] 
4541.876: [GC (Allocation Failure) [PSYoungGen: 394052K->138816K(452608K)] 1324585K->1160545K(1850880K), 0.0503172 secs] [Times: user=0.30 sys=0.00, real=0.05 secs] 
4543.762: [GC (Allocation Failure) [PSYoungGen: 452160K->103456K(507392K)] 1473889K->1254797K(1905664K), 0.1291266 secs] [Times: user=0.75 sys=0.01, real=0.13 secs] 
4545.996: [GC (Allocation Failure) [PSYoungGen: 418699K->147680K(504320K)] 1570041K->1398794K(1902592K), 0.1038772 secs] [Times: user=0.61 sys=0.02, real=0.11 secs] 
4546.100: [Full GC (Ergonomics) [PSYoungGen: 147680K->0K(504320K)] [ParOldGen: 1251114K->196992K(1398272K)] 1398794K->196992K(1902592K), [Metaspace: 60456K->60456K(1105920K)], 0.4964462 secs] [Times: user=2.33 sys=0.00, real=0.49 secs] 
4549.420: [GC (Allocation Failure) [PSYoungGen: 316416K->102544K(508416K)] 513408K->299537K(1906688K), 0.0921068 secs] [Times: user=0.55 sys=0.00, real=0.09 secs] 
4551.134: [GC (Allocation Failure) [PSYoungGen: 418941K->148704K(469504K)] 615934K->443985K(1867776K), 0.1273634 secs] [Times: user=0.75 sys=0.00, real=0.13 secs] 
4555.435: [GC (Allocation Failure) [PSYoungGen: 469216K->102896K(510464K)] 764497K->538498K(1908736K), 0.1748920 secs] [Times: user=1.04 sys=0.01, real=0.18 secs] 
4557.156: [GC (Allocation Failure) [PSYoungGen: 422384K->148976K(468480K)] 857986K->683195K(1866752K), 0.0499083 secs] [Times: user=0.30 sys=0.00, real=0.05 secs] 
4559.086: [GC (Allocation Failure) [PSYoungGen: 468464K->104896K(510464K)] 1002683K->778850K(1908736K), 0.1684129 secs] [Times: user=1.00 sys=0.00, real=0.17 secs] 
4560.293: [GC (Allocation Failure) [PSYoungGen: 419318K->146912K(507392K)] 1093272K->921659K(1905664K), 0.0515096 secs] [Times: user=0.30 sys=0.00, real=0.05 secs] 
4562.767: [GC (Allocation Failure) [PSYoungGen: 465888K->108288K(506368K)] 1240635K->1020447K(1904640K), 0.1779432 secs] [Times: user=1.06 sys=0.00, real=0.18 secs] 
4564.107: [GC (Allocation Failure) [PSYoungGen: 418622K->143328K(507392K)] 1330782K->1159976K(1905664K), 0.0512762 secs] [Times: user=0.31 sys=0.00, real=0.06 secs] 
4566.851: [GC (Allocation Failure) [PSYoungGen: 463328K->107376K(505856K)] 1479976K->1257949K(1904128K), 0.1034365 secs] [Times: user=0.61 sys=0.00, real=0.10 secs] 
4568.098: [GC (Allocation Failure) [PSYoungGen: 430960K->153504K(508416K)] 1581533K->1407661K(1906688K), 0.0534051 secs] [Times: user=0.32 sys=0.00, real=0.05 secs] 
4568.152: [Full GC (Ergonomics) [PSYoungGen: 153504K->0K(508416K)] [ParOldGen: 1254157K->207282K(1398272K)] 1407661K->207282K(1906688K), [Metaspace: 60456K->60456K(1105920K)], 0.4800506 secs] [Times: user=2.22 sys=0.00, real=0.48 secs] 
4571.888: [GC (Allocation Failure) [PSYoungGen: 319959K->94529K(509952K)] 527242K->301812K(1908224K), 0.1862739 secs] [Times: user=1.11 sys=0.00, real=0.19 secs] 
4572.981: [GC (Allocation Failure) [PSYoungGen: 414529K->152224K(472576K)] 621812K->450544K(1870848K), 0.0530439 secs] [Times: user=0.32 sys=0.00, real=0.05 secs] 
4576.867: [GC (Allocation Failure) [PSYoungGen: 472224K->94112K(506880K)] 770544K->544300K(1905152K), 0.1584175 secs] [Times: user=0.94 sys=0.00, real=0.16 secs] 
4577.862: [GC (Allocation Failure) [PSYoungGen: 407968K->151392K(465408K)] 858156K->689573K(1863680K), 0.0557497 secs] [Times: user=0.33 sys=0.00, real=0.06 secs] 
4580.127: [GC (Allocation Failure) [PSYoungGen: 465248K->95520K(504832K)] 1003429K->784525K(1903104K), 0.1602784 secs] [Times: user=0.95 sys=0.00, real=0.16 secs] 
4580.764: [GC (Allocation Failure) [PSYoungGen: 404768K->148128K(457728K)] 1093773K->926964K(1856000K), 0.0603548 secs] [Times: user=0.36 sys=0.00, real=0.06 secs] 
4584.916: [GC (Allocation Failure) [PSYoungGen: 457376K->89984K(503808K)] 1236212K->1016508K(1902080K), 0.1615864 secs] [Times: user=0.96 sys=0.01, real=0.16 secs] 
4586.209: [GC (Allocation Failure) [PSYoungGen: 389681K->141072K(502784K)] 1316205K->1153134K(1901056K), 0.0497361 secs] [Times: user=0.29 sys=0.00, real=0.05 secs] 
4588.398: [GC (Allocation Failure) [PSYoungGen: 448784K->102464K(497664K)] 1460846K->1246589K(1895936K), 0.1492437 secs] [Times: user=0.89 sys=0.01, real=0.14 secs] 
4590.908: [GC (Allocation Failure) [PSYoungGen: 411200K->143568K(500224K)] 1555325K->1385582K(1898496K), 0.0502637 secs] [Times: user=0.30 sys=0.00, real=0.05 secs] 
4590.958: [Full GC (Ergonomics) [PSYoungGen: 143568K->0K(500224K)] [ParOldGen: 1242014K->191667K(1398272K)] 1385582K->191667K(1898496K), [Metaspace: 60456K->60456K(1105920K)], 0.4433991 secs] [Times: user=2.05 sys=0.00, real=0.44 secs] 
4592.594: [GC (Allocation Failure) [PSYoungGen: 308736K->103776K(501248K)] 500403K->295443K(1899520K), 0.0351604 secs] [Times: user=0.21 sys=0.00, real=0.04 secs] 
4595.515: [GC (Allocation Failure) [PSYoungGen: 418656K->146912K(503808K)] 610323K->438168K(1902080K), 0.0499527 secs] [Times: user=0.30 sys=0.00, real=0.05 secs] 
4598.028: [GC (Allocation Failure) [PSYoungGen: 461792K->101216K(507392K)] 753048K->530228K(1905664K), 0.0995554 secs] [Times: user=0.59 sys=0.00, real=0.10 secs] 
4601.453: [GC (Allocation Failure) [PSYoungGen: 419680K->150224K(468992K)] 848692K->676110K(1867264K), 0.0508659 secs] [Times: user=0.30 sys=0.00, real=0.05 secs] 
4603.916: [GC (Allocation Failure) [PSYoungGen: 468688K->104528K(509440K)] 994574K->771550K(1907712K), 0.1646640 secs] [Times: user=0.98 sys=0.00, real=0.17 secs] 
4606.262: [GC (Allocation Failure) [PSYoungGen: 421456K->146528K(506368K)] 1088478K->914186K(1904640K), 0.0514690 secs] [Times: user=0.31 sys=0.00, real=0.05 secs] 
4607.852: [GC (Allocation Failure) [PSYoungGen: 463456K->104400K(505344K)] 1231114K->1009690K(1903616K), 0.1138560 secs] [Times: user=0.67 sys=0.00, real=0.11 secs] 
4609.805: [GC (Allocation Failure) [PSYoungGen: 422352K->151744K(506368K)] 1327642K->1157131K(1904640K), 0.0536605 secs] [Times: user=0.32 sys=0.00, real=0.06 secs] 
4612.429: [GC (Allocation Failure) [PSYoungGen: 469696K->102608K(507904K)] 1475083K->1250955K(1906176K), 0.1694817 secs] [Times: user=1.01 sys=0.00, real=0.17 secs] 
4615.164: [GC (Allocation Failure) [PSYoungGen: 419024K->149712K(466432K)] 1567371K->1395900K(1864704K), 0.0511920 secs] [Times: user=0.30 sys=0.00, real=0.05 secs] 
4615.215: [Full GC (Ergonomics) [PSYoungGen: 149712K->0K(466432K)] [ParOldGen: 1246187K->194378K(1398272K)] 1395900K->194378K(1864704K), [Metaspace: 60456K->60456K(1105920K)], 0.4549143 secs] [Times: user=2.11 sys=0.00, real=0.46 secs] 
4617.623: [GC (Allocation Failure) [PSYoungGen: 316416K->104864K(508928K)] 510794K->299242K(1907200K), 0.0999343 secs] [Times: user=0.59 sys=0.00, real=0.10 secs] 
4619.693: [GC (Allocation Failure) [PSYoungGen: 420768K->146240K(505856K)] 615146K->441831K(1904128K), 0.0504069 secs] [Times: user=0.29 sys=0.00, real=0.05 secs] 
4621.708: [GC (Allocation Failure) [PSYoungGen: 462144K->105152K(504320K)] 757735K->537979K(1902592K), 0.1584022 secs] [Times: user=0.94 sys=0.00, real=0.15 secs] 
4624.179: [GC (Allocation Failure) [PSYoungGen: 422592K->147456K(505856K)] 855419K->681488K(1904128K), 0.0507951 secs] [Times: user=0.30 sys=0.00, real=0.05 secs] 
4626.931: [GC (Allocation Failure) [PSYoungGen: 464896K->104016K(507904K)] 998928K->776373K(1906176K), 0.1660089 secs] [Times: user=0.98 sys=0.00, real=0.16 secs] 
4628.478: [GC (Allocation Failure) [PSYoungGen: 423504K->148672K(507904K)] 1095861K->921025K(1906176K), 0.0505766 secs] [Times: user=0.29 sys=0.01, real=0.05 secs] 
4630.702: [GC (Allocation Failure) [PSYoungGen: 468160K->106496K(506880K)] 1240513K->1018385K(1905152K), 0.1281948 secs] [Times: user=0.75 sys=0.01, real=0.13 secs] 
4632.146: [GC (Allocation Failure) [PSYoungGen: 420480K->145344K(507392K)] 1332370K->1159734K(1905664K), 0.0516114 secs] [Times: user=0.30 sys=0.00, real=0.05 secs] 
4635.381: [GC (Allocation Failure) [PSYoungGen: 464832K->104896K(507392K)] 1479222K->1255154K(1905664K), 0.1498382 secs] [Times: user=0.86 sys=0.01, real=0.15 secs] 
4636.627: [GC (Allocation Failure) [PSYoungGen: 424408K->146544K(508416K)] 1574667K->1397824K(1906688K), 0.0514750 secs] [Times: user=0.30 sys=0.00, real=0.06 secs] 
4636.679: [Full GC (Ergonomics) [PSYoungGen: 146544K->0K(508416K)] [ParOldGen: 1251279K->197829K(1398272K)] 1397824K->197829K(1906688K), [Metaspace: 60456K->60456K(1105920K)], 0.4678001 secs] [Times: user=2.18 sys=0.00, real=0.46 secs] 
4639.433: [GC (Allocation Failure) [PSYoungGen: 321536K->107936K(507904K)] 519365K->305765K(1906176K), 0.0682128 secs] [Times: user=0.40 sys=0.00, real=0.07 secs] 
4640.399: [GC (Allocation Failure) [PSYoungGen: 416818K->143600K(508928K)] 614648K->445683K(1907200K), 0.0504838 secs] [Times: user=0.30 sys=0.00, real=0.05 secs] 
4643.229: [GC (GCLocker Initiated GC) [PSYoungGen: 466672K->108208K(508416K)] 768755K->544411K(1906688K), 0.1777110 secs] [Times: user=1.05 sys=0.01, real=0.17 secs] 
4643.920: [GC (Allocation Failure) [PSYoungGen: 434864K->154240K(481280K)] 871119K->694663K(1879552K), 0.0527119 secs] [Times: user=0.32 sys=0.00, real=0.05 secs] 
4647.135: [GC (Allocation Failure) [PSYoungGen: 480896K->98976K(511488K)] 1021319K->792671K(1909760K), 0.1645388 secs] [Times: user=0.98 sys=0.00, real=0.17 secs] 
4648.019: [GC (Allocation Failure) [PSYoungGen: 421536K->154880K(477696K)] 1115231K->942068K(1875968K), 0.0775026 secs] [Times: user=0.46 sys=0.00, real=0.07 secs] 
4651.995: [GC (Allocation Failure) [PSYoungGen: 477440K->95360K(507392K)] 1264628K->1037444K(1905664K), 0.1555062 secs] [Times: user=0.92 sys=0.00, real=0.16 secs] 
4652.496: [GC (Allocation Failure) [PSYoungGen: 410240K->153216K(468480K)] 1352324K->1184413K(1866752K), 0.0556719 secs] [Times: user=0.33 sys=0.00, real=0.06 secs] 
4656.401: [GC (Allocation Failure) [PSYoungGen: 468096K->91360K(503808K)] 1499293K->1275245K(1902080K), 0.1615945 secs] [Times: user=0.96 sys=0.01, real=0.16 secs] 
4657.054: [GC (Allocation Failure) [PSYoungGen: 399584K->149280K(457728K)] 1583469K->1418541K(1856000K), 0.0548652 secs] [Times: user=0.33 sys=0.00, real=0.06 secs] 
4657.109: [Full GC (Ergonomics) [PSYoungGen: 149280K->0K(457728K)] [ParOldGen: 1269261K->217125K(1398272K)] 1418541K->217125K(1856000K), [Metaspace: 60457K->60457K(1105920K)], 0.5074353 secs] [Times: user=2.38 sys=0.00, real=0.50 secs] 
4661.289: [GC (Allocation Failure) [PSYoungGen: 308224K->89313K(502272K)] 525349K->306438K(1900544K), 0.1397571 secs] [Times: user=0.83 sys=0.00, real=0.14 secs] 
4661.862: [GC (Allocation Failure) [PSYoungGen: 394465K->147440K(452608K)] 611590K->448167K(1850880K), 0.0521680 secs] [Times: user=0.31 sys=0.00, real=0.05 secs] 
4665.085: [GC (Allocation Failure) [PSYoungGen: 452592K->89104K(501760K)] 753319K->536687K(1900032K), 0.1649530 secs] [Times: user=0.98 sys=0.00, real=0.17 secs] 
4666.013: [GC (Allocation Failure) [PSYoungGen: 392720K->142032K(500736K)] 840303K->674264K(1899008K), 0.0506497 secs] [Times: user=0.28 sys=0.00, real=0.05 secs] 
4668.375: [GC (Allocation Failure) [PSYoungGen: 445648K->98496K(496640K)] 977880K->763907K(1894912K), 0.1076240 secs] [Times: user=0.63 sys=0.01, real=0.11 secs] 
4670.477: [GC (Allocation Failure) [PSYoungGen: 403136K->141344K(498688K)] 1068547K->901880K(1896960K), 0.0486759 secs] [Times: user=0.28 sys=0.00, real=0.05 secs] 
4673.587: [GC (Allocation Failure) [PSYoungGen: 445984K->101056K(498688K)] 1206520K->993808K(1896960K), 0.0625682 secs] [Times: user=0.37 sys=0.00, real=0.07 secs] 
4675.772: [GC (Allocation Failure) [PSYoungGen: 411840K->142880K(501760K)] 1304592K->1134381K(1900032K), 0.0519852 secs] [Times: user=0.31 sys=0.00, real=0.05 secs] 
4678.201: [GC (Allocation Failure) [PSYoungGen: 453664K->103456K(501760K)] 1445165K->1229213K(1900032K), 0.0998218 secs] [Times: user=0.59 sys=0.01, real=0.10 secs] 
4680.771: [GC (Allocation Failure) [PSYoungGen: 419360K->143280K(504320K)] 1545117K->1370403K(1902592K), 0.0532527 secs] [Times: user=0.32 sys=0.00, real=0.05 secs] 
4680.825: [Full GC (Ergonomics) [PSYoungGen: 143280K->0K(504320K)] [ParOldGen: 1227122K->177917K(1398272K)] 1370403K->177917K(1902592K), [Metaspace: 60457K->60457K(1105920K)], 0.4171322 secs] [Times: user=1.92 sys=0.00, real=0.42 secs] 
4683.396: [GC (Allocation Failure) [PSYoungGen: 315904K->105008K(504832K)] 493821K->282926K(1903104K), 0.0462375 secs] [Times: user=0.27 sys=0.00, real=0.05 secs] 
4686.485: [GC (Allocation Failure) [PSYoungGen: 425520K->144992K(506880K)] 603438K->425682K(1905152K), 0.0526133 secs] [Times: user=0.31 sys=0.00, real=0.05 secs] 
4687.915: [GC (Allocation Failure) [PSYoungGen: 465504K->108672K(506880K)] 746194K->525402K(1905152K), 0.0648667 secs] [Times: user=0.38 sys=0.00, real=0.07 secs] 
4689.866: [GC (Allocation Failure) [PSYoungGen: 432256K->148544K(508416K)] 848986K->671995K(1906688K), 0.0777213 secs] [Times: user=0.46 sys=0.00, real=0.08 secs] 
4692.080: [GC (Allocation Failure) [PSYoungGen: 472128K->106784K(510976K)] 995579K->770059K(1909248K), 0.0966564 secs] [Times: user=0.57 sys=0.01, real=0.09 secs] 
4694.689: [GC (Allocation Failure) [PSYoungGen: 431904K->153760K(479232K)] 1095179K->919760K(1877504K), 0.0530602 secs] [Times: user=0.32 sys=0.00, real=0.05 secs] 
4697.275: [GC (Allocation Failure) [PSYoungGen: 478880K->106976K(511488K)] 1244880K->1017728K(1909760K), 0.1570541 secs] [Times: user=0.88 sys=0.01, real=0.16 secs] 
4699.066: [GC (Allocation Failure) [PSYoungGen: 428000K->146976K(508416K)] 1338752K->1160877K(1906688K), 0.0526451 secs] [Times: user=0.31 sys=0.00, real=0.06 secs] 
4701.729: [GC (GCLocker Initiated GC) [PSYoungGen: 468000K->108560K(506368K)] 1481901K->1260514K(1904640K), 0.1670306 secs] [Times: user=0.99 sys=0.00, real=0.16 secs] 
4704.418: [GC (Allocation Failure) [PSYoungGen: 430608K->137856K(507904K)] 1598948K->1411258K(1906176K), 0.3482877 secs] [Times: user=2.08 sys=0.01, real=0.34 secs] 
4704.767: [Full GC (Ergonomics) [PSYoungGen: 137856K->0K(507904K)] [ParOldGen: 1273402K->208381K(1398272K)] 1411258K->208381K(1906176K), [Metaspace: 60457K->60457K(1105920K)], 0.4134631 secs] [Times: user=1.82 sys=0.00, real=0.42 secs] 
4708.865: [GC (Allocation Failure) [PSYoungGen: 322048K->100272K(509440K)] 530429K->308654K(1907712K), 0.1572281 secs] [Times: user=0.94 sys=0.00, real=0.16 secs] 
4709.629: [GC (Allocation Failure) [PSYoungGen: 428464K->157488K(485888K)] 636846K->455963K(1884160K), 0.0549296 secs] [Times: user=0.33 sys=0.00, real=0.05 secs] 
4713.223: [GC (Allocation Failure) [PSYoungGen: 485680K->99360K(510464K)] 784155K->553970K(1908736K), 0.1395513 secs] [Times: user=0.83 sys=0.01, real=0.14 secs] 
4713.627: [GC (Allocation Failure) [PSYoungGen: 419872K->154864K(475648K)] 874482K->703060K(1873920K), 0.0566398 secs] [Times: user=0.34 sys=0.00, real=0.06 secs] 
4716.948: [GC (Allocation Failure) [PSYoungGen: 475376K->95808K(506880K)] 1023572K->798659K(1905152K), 0.1570697 secs] [Times: user=0.94 sys=0.00, real=0.15 secs] 
4717.547: [GC (Allocation Failure) [PSYoungGen: 409152K->151680K(465408K)] 1112003K->944180K(1863680K), 0.0838627 secs] [Times: user=0.50 sys=0.00, real=0.09 secs] 
4722.066: [GC (Allocation Failure) [PSYoungGen: 465024K->91520K(504320K)] 1257524K->1035588K(1902592K), 0.1471823 secs] [Times: user=0.87 sys=0.00, real=0.15 secs] 
4722.472: [GC (Allocation Failure) [PSYoungGen: 400256K->149184K(458240K)] 1344324K->1178244K(1856512K), 0.0552552 secs] [Times: user=0.33 sys=0.00, real=0.05 secs] 
4726.414: [GC (Allocation Failure) [PSYoungGen: 457920K->89472K(502784K)] 1486980K->1267068K(1901056K), 0.1626746 secs] [Times: user=0.97 sys=0.00, real=0.16 secs] 
4726.873: [GC (Allocation Failure) [PSYoungGen: 395136K->147520K(453632K)] 1572732K->1408061K(1851904K), 0.0542654 secs] [Times: user=0.32 sys=0.00, real=0.05 secs] 
4726.928: [Full GC (Ergonomics) [PSYoungGen: 147520K->0K(453632K)] [ParOldGen: 1260541K->215477K(1398272K)] 1408061K->215477K(1851904K), [Metaspace: 60457K->60457K(1105920K)], 0.5048226 secs] [Times: user=2.35 sys=0.00, real=0.51 secs] 
4732.349: [GC (Allocation Failure) [PSYoungGen: 303146K->86032K(501248K)] 518624K->301510K(1899520K), 0.1452967 secs] [Times: user=0.86 sys=0.01, real=0.14 secs] 
4733.924: [GC (Allocation Failure) [PSYoungGen: 379975K->138352K(441856K)] 595453K->436051K(1840128K), 0.0477864 secs] [Times: user=0.28 sys=0.00, real=0.05 secs] 
4736.114: [GC (Allocation Failure) [PSYoungGen: 441456K->98688K(502272K)] 739155K->526031K(1900544K), 0.1474543 secs] [Times: user=0.88 sys=0.00, real=0.15 secs] 
4738.047: [GC (Allocation Failure) [PSYoungGen: 404864K->143936K(499200K)] 832207K->666252K(1897472K), 0.0488798 secs] [Times: user=0.29 sys=0.00, real=0.05 secs] 
4739.703: [GC (Allocation Failure) [PSYoungGen: 450112K->100224K(500224K)] 972428K->757652K(1898496K), 0.0638758 secs] [Times: user=0.38 sys=0.00, real=0.06 secs] 
4742.228: [GC (Allocation Failure) [PSYoungGen: 411520K->145056K(502272K)] 1068948K->899084K(1900544K), 0.0507862 secs] [Times: user=0.30 sys=0.00, real=0.05 secs] 
4744.296: [GC (Allocation Failure) [PSYoungGen: 456352K->105904K(501760K)] 1210380K->995489K(1900032K), 0.0847317 secs] [Times: user=0.51 sys=0.00, real=0.09 secs] 
4747.707: [GC (Allocation Failure) [PSYoungGen: 420784K->142928K(503808K)] 1310369K->1134954K(1902080K), 0.0523340 secs] [Times: user=0.31 sys=0.00, real=0.06 secs] 
4749.765: [GC (Allocation Failure) [PSYoungGen: 457808K->104384K(504320K)] 1449834K->1230153K(1902592K), 0.0655799 secs] [Times: user=0.39 sys=0.00, real=0.07 secs] 
4753.029: [GC (Allocation Failure) [PSYoungGen: 423872K->148016K(506368K)] 1549641K->1374487K(1904640K), 0.0535025 secs] [Times: user=0.31 sys=0.00, real=0.05 secs] 
4753.082: [Full GC (Ergonomics) [PSYoungGen: 148016K->0K(506368K)] [ParOldGen: 1226470K->181026K(1398272K)] 1374487K->181026K(1904640K), [Metaspace: 60457K->60457K(1105920K)], 0.4229987 secs] [Times: user=1.95 sys=0.00, real=0.42 secs] 
4754.691: [GC (Allocation Failure) [PSYoungGen: 319488K->106448K(508416K)] 500514K->287475K(1906688K), 0.0337236 secs] [Times: user=0.20 sys=0.00, real=0.03 secs] 
4757.198: [GC (Allocation Failure) [PSYoungGen: 427984K->149280K(508416K)] 609011K->433679K(1906688K), 0.0527713 secs] [Times: user=0.31 sys=0.00, real=0.06 secs] 
4758.820: [GC (Allocation Failure) [PSYoungGen: 470816K->109408K(507392K)] 755215K->534059K(1905664K), 0.1041048 secs] [Times: user=0.61 sys=0.00, real=0.10 secs] 
4761.467: [GC (Allocation Failure) [PSYoungGen: 430944K->157952K(479744K)] 855595K->688224K(1878016K), 0.0530478 secs] [Times: user=0.31 sys=0.00, real=0.06 secs] 
4764.210: [GC (Allocation Failure) [PSYoungGen: 479488K->103888K(508416K)] 1009760K->774856K(1906688K), 0.1760289 secs] [Times: user=1.04 sys=0.01, real=0.17 secs] 
4765.867: [GC (GCLocker Initiated GC) [PSYoungGen: 419280K->147664K(505856K)] 1090248K->918516K(1904128K), 0.0509814 secs] [Times: user=0.30 sys=0.00, real=0.05 secs] 
4768.164: [GC (Allocation Failure) [PSYoungGen: 463056K->101888K(505856K)] 1233910K->1011633K(1904128K), 0.1726902 secs] [Times: user=1.02 sys=0.01, real=0.17 secs] 
4769.944: [GC (Allocation Failure) [PSYoungGen: 418304K->148240K(506368K)] 1328049K->1155611K(1904640K), 0.0503499 secs] [Times: user=0.30 sys=0.00, real=0.05 secs] 
4773.512: [GC (Allocation Failure) [PSYoungGen: 464656K->103104K(506368K)] 1472027K->1249934K(1904640K), 0.1686453 secs] [Times: user=1.01 sys=0.00, real=0.17 secs] 
4775.002: [GC (Allocation Failure) [PSYoungGen: 419520K->148864K(506368K)] 1566350K->1394695K(1904640K), 0.0522071 secs] [Times: user=0.31 sys=0.00, real=0.05 secs] 
4775.054: [Full GC (Ergonomics) [PSYoungGen: 148864K->0K(506368K)] [ParOldGen: 1245831K->194372K(1398272K)] 1394695K->194372K(1904640K), [Metaspace: 60457K->60457K(1105920K)], 0.4631339 secs] [Times: user=2.14 sys=0.00, real=0.46 secs] 
4777.457: [GC (Allocation Failure) [PSYoungGen: 316416K->103408K(506368K)] 510788K->297780K(1904640K), 0.1016189 secs] [Times: user=0.60 sys=0.00, real=0.11 secs] 
4779.153: [GC (Allocation Failure) [PSYoungGen: 419824K->151120K(467968K)] 614196K->444649K(1866240K), 0.0507500 secs] [Times: user=0.29 sys=0.00, real=0.05 secs] 
4782.387: [GC (Allocation Failure) [PSYoungGen: 467536K->101104K(507904K)] 761065K->537129K(1906176K), 0.1673628 secs] [Times: user=1.00 sys=0.00, real=0.17 secs] 
4784.450: [GC (Allocation Failure) [PSYoungGen: 415984K->150272K(465408K)] 852009K->683093K(1863680K), 0.0499385 secs] [Times: user=0.29 sys=0.00, real=0.05 secs] 
4786.358: [GC (Allocation Failure) [PSYoungGen: 465152K->105408K(507904K)] 997973K->779865K(1906176K), 0.1263122 secs] [Times: user=0.76 sys=0.00, real=0.13 secs] 
4787.126: [GC (Allocation Failure) [PSYoungGen: 417359K->146624K(504832K)] 1091817K->922898K(1903104K), 0.0729987 secs] [Times: user=0.44 sys=0.00, real=0.08 secs] 
4789.731: [GC (Allocation Failure) [PSYoungGen: 460480K->105024K(503296K)] 1236754K->1018946K(1901568K), 0.1105609 secs] [Times: user=0.65 sys=0.00, real=0.11 secs] 
4790.649: [GC (Allocation Failure) [PSYoungGen: 419294K->145696K(504832K)] 1333217K->1161043K(1903104K), 0.0509611 secs] [Times: user=0.30 sys=0.01, real=0.05 secs] 
4794.017: [GC (Allocation Failure) [PSYoungGen: 461088K->102688K(505856K)] 1476435K->1254983K(1904128K), 0.0899421 secs] [Times: user=0.53 sys=0.00, real=0.09 secs] 
4795.012: [GC (Allocation Failure) [PSYoungGen: 421152K->148624K(506880K)] 1573447K->1399861K(1905152K), 0.0511500 secs] [Times: user=0.31 sys=0.00, real=0.05 secs] 
4795.063: [Full GC (Ergonomics) [PSYoungGen: 148624K->0K(506880K)] [ParOldGen: 1251236K->197935K(1398272K)] 1399861K->197935K(1905152K), [Metaspace: 60460K->60460K(1105920K)], 0.4674953 secs] [Times: user=2.17 sys=0.00, real=0.47 secs] 
4800.030: [GC (Allocation Failure) [PSYoungGen: 318464K->103264K(508416K)] 516399K->301199K(1906688K), 0.0969454 secs] [Times: user=0.56 sys=0.00, real=0.09 secs] 
4801.393: [GC (Allocation Failure) [PSYoungGen: 419269K->147440K(507904K)] 617205K->444777K(1906176K), 0.0489009 secs] [Times: user=0.29 sys=0.00, real=0.05 secs] 
4806.049: [GC (Allocation Failure) [PSYoungGen: 466416K->103424K(506880K)] 763753K->539636K(1905152K), 0.1673288 secs] [Times: user=0.99 sys=0.01, real=0.16 secs] 
4808.048: [GC (Allocation Failure) [PSYoungGen: 422400K->148256K(507392K)] 858612K->683945K(1905664K), 0.0500056 secs] [Times: user=0.29 sys=0.00, real=0.05 secs] 
4810.470: [GC (Allocation Failure) [PSYoungGen: 467232K->107008K(506880K)] 1002921K->782025K(1905152K), 0.1531048 secs] [Times: user=0.91 sys=0.00, real=0.15 secs] 
4811.851: [GC (Allocation Failure) [PSYoungGen: 419028K->145008K(507392K)] 1094045K->923051K(1905664K), 0.0802114 secs] [Times: user=0.47 sys=0.00, real=0.08 secs] 
4816.109: [GC (Allocation Failure) [PSYoungGen: 464496K->107760K(506880K)] 1242539K->1021491K(1905152K), 0.1666075 secs] [Times: user=0.99 sys=0.00, real=0.16 secs] 
4817.553: [GC (Allocation Failure) [PSYoungGen: 419172K->143184K(508416K)] 1332902K->1161035K(1906688K), 0.1135613 secs] [Times: user=0.68 sys=0.00, real=0.11 secs] 
4820.267: [GC (Allocation Failure) [PSYoungGen: 465232K->106352K(507904K)] 1483083K->1258620K(1906176K), 0.1676805 secs] [Times: user=1.00 sys=0.00, real=0.17 secs] 
4822.240: [GC (Allocation Failure) [PSYoungGen: 431984K->154400K(480256K)] 1584252K->1408336K(1878528K), 0.0523598 secs] [Times: user=0.31 sys=0.00, real=0.05 secs] 
4822.292: [Full GC (Ergonomics) [PSYoungGen: 154400K->0K(480256K)] [ParOldGen: 1253936K->206050K(1398272K)] 1408336K->206050K(1878528K), [Metaspace: 60485K->59582K(1105920K)], 0.4717964 secs] [Times: user=2.16 sys=0.00, real=0.47 secs] 
4825.254: [GC (Allocation Failure) [PSYoungGen: 325632K->107024K(512000K)] 531682K->313075K(1910272K), 0.1806820 secs] [Times: user=1.08 sys=0.00, real=0.18 secs] 
4826.482: [GC (Allocation Failure) [PSYoungGen: 429584K->154320K(477184K)] 635635K->453037K(1875456K), 0.0554484 secs] [Times: user=0.33 sys=0.00, real=0.06 secs] 
4829.965: [GC (Allocation Failure) [PSYoungGen: 476880K->96384K(508416K)] 775597K->549116K(1906688K), 0.1715886 secs] [Times: user=1.03 sys=0.00, real=0.17 secs] 
4830.870: [GC (Allocation Failure) [PSYoungGen: 413824K->153952K(471552K)] 866556K->697005K(1869824K), 0.0554344 secs] [Times: user=0.33 sys=0.00, real=0.05 secs] 
4833.471: [GC (Allocation Failure) [PSYoungGen: 471392K->93824K(505344K)] 1014445K->790445K(1903616K), 0.1455253 secs] [Times: user=0.86 sys=0.01, real=0.14 secs] 
4834.491: [GC (Allocation Failure) [PSYoungGen: 404608K->150416K(461312K)] 1101229K->934654K(1859584K), 0.0856137 secs] [Times: user=0.50 sys=0.01, real=0.08 secs] 
4837.757: [GC (Allocation Failure) [PSYoungGen: 461200K->89248K(502784K)] 1245438K->1023694K(1901056K), 0.1526930 secs] [Times: user=0.87 sys=0.04, real=0.16 secs] 
4838.570: [GC (Allocation Failure) [PSYoungGen: 395424K->148832K(455168K)] 1329870K->1166419K(1853440K), 0.0532301 secs] [Times: user=0.31 sys=0.00, real=0.05 secs] 
4840.733: [GC (Allocation Failure) [PSYoungGen: 454089K->89808K(501760K)] 1471676K->1255875K(1900032K), 0.1435151 secs] [Times: user=0.86 sys=0.00, real=0.14 secs] 
4842.220: [GC (Allocation Failure) [PSYoungGen: 383034K->138016K(441856K)] 1549101K->1390456K(1840128K), 0.0756442 secs] [Times: user=0.44 sys=0.00, real=0.07 secs] 
4842.296: [Full GC (Ergonomics) [PSYoungGen: 138016K->0K(441856K)] [ParOldGen: 1252440K->197349K(1398272K)] 1390456K->197349K(1840128K), [Metaspace: 59582K->59578K(1105920K)], 0.4879161 secs] [Times: user=2.27 sys=0.01, real=0.49 secs] 
4844.930: [GC (Allocation Failure) [PSYoungGen: 303616K->97456K(501760K)] 500965K->294806K(1900032K), 0.0563524 secs] [Times: user=0.32 sys=0.00, real=0.05 secs] 
4846.713: [GC (Allocation Failure) [PSYoungGen: 403632K->143328K(499200K)] 600982K->433842K(1897472K), 0.0474999 secs] [Times: user=0.28 sys=0.00, real=0.05 secs] 
4849.283: [GC (Allocation Failure) [PSYoungGen: 449504K->104144K(499200K)] 740018K->528703K(1897472K), 0.0880512 secs] [Times: user=0.52 sys=0.00, real=0.09 secs] 
4850.968: [GC (Allocation Failure) [PSYoungGen: 415952K->142720K(501760K)] 840511K->665965K(1900032K), 0.0505133 secs] [Times: user=0.29 sys=0.01, real=0.05 secs] 
4853.978: [GC (Allocation Failure) [PSYoungGen: 454528K->104960K(502784K)] 977773K->761666K(1901056K), 0.0826814 secs] [Times: user=0.49 sys=0.00, real=0.08 secs] 
4855.206: [GC (Allocation Failure) [PSYoungGen: 422912K->145248K(505344K)] 1079618K->904418K(1903616K), 0.0518840 secs] [Times: user=0.31 sys=0.00, real=0.05 secs] 
4858.393: [GC (Allocation Failure) [PSYoungGen: 463200K->107856K(505856K)] 1222370K->1002611K(1904128K), 0.0794841 secs] [Times: user=0.48 sys=0.00, real=0.08 secs] 
4861.149: [GC (Allocation Failure) [PSYoungGen: 429392K->145088K(507392K)] 1324147K->1145287K(1905664K), 0.0524112 secs] [Times: user=0.31 sys=0.00, real=0.05 secs] 
4863.027: [GC (Allocation Failure) [PSYoungGen: 466624K->110240K(507904K)] 1466823K->1245671K(1906176K), 0.0643963 secs] [Times: user=0.38 sys=0.00, real=0.07 secs] 
4865.360: [GC (GCLocker Initiated GC) [PSYoungGen: 435360K->150576K(509440K)] 1570792K->1393089K(1907712K), 0.1459127 secs] [Times: user=0.86 sys=0.01, real=0.14 secs] 
4865.506: [Full GC (Ergonomics) [PSYoungGen: 150576K->0K(509440K)] [ParOldGen: 1242512K->191850K(1398272K)] 1393089K->191850K(1907712K), [Metaspace: 59578K->59578K(1105920K)], 0.4899459 secs] [Times: user=2.33 sys=0.00, real=0.49 secs] 
4867.855: [GC (Allocation Failure) [PSYoungGen: 325120K->106000K(511488K)] 516973K->297854K(1909760K), 0.0479773 secs] [Times: user=0.28 sys=0.00, real=0.05 secs] 
4870.241: [GC (Allocation Failure) [PSYoungGen: 431120K->151136K(476672K)] 622974K->445154K(1874944K), 0.0787249 secs] [Times: user=0.46 sys=0.00, real=0.08 secs] 
4872.835: [GC (Allocation Failure) [PSYoungGen: 476256K->110512K(513024K)] 770274K->546970K(1911296K), 0.1777464 secs] [Times: user=1.04 sys=0.00, real=0.18 secs] 
4874.117: [GC (Allocation Failure) [PSYoungGen: 434096K->167664K(491520K)] 870554K->710498K(1889792K), 0.0533626 secs] [Times: user=0.32 sys=0.00, real=0.06 secs] 
4877.411: [GC (GCLocker Initiated GC) [PSYoungGen: 491248K->99632K(504832K)] 1034082K->792130K(1903104K), 0.1532337 secs] [Times: user=0.91 sys=0.00, real=0.15 secs] 
4877.933: [GC (Allocation Failure) [PSYoungGen: 408880K->148480K(503296K)] 1101429K->934405K(1901568K), 0.0549241 secs] [Times: user=0.33 sys=0.00, real=0.06 secs] 
4882.503: [GC (Allocation Failure) [PSYoungGen: 457728K->92640K(503808K)] 1243653K->1026021K(1902080K), 0.1703875 secs] [Times: user=1.02 sys=0.00, real=0.17 secs] 
4883.629: [GC (Allocation Failure) [PSYoungGen: 393985K->139952K(448512K)] 1327366K->1161715K(1846784K), 0.0500701 secs] [Times: user=0.30 sys=0.00, real=0.05 secs] 
4885.499: [GC (Allocation Failure) [PSYoungGen: 448176K->102576K(504320K)] 1469939K->1255003K(1902592K), 0.0834696 secs] [Times: user=0.49 sys=0.00, real=0.08 secs] 
4887.920: [GC (Allocation Failure) [PSYoungGen: 413360K->142560K(501760K)] 1565787K->1393987K(1900032K), 0.1443868 secs] [Times: user=0.86 sys=0.00, real=0.14 secs] 
4888.065: [Full GC (Ergonomics) [PSYoungGen: 142560K->0K(501760K)] [ParOldGen: 1251427K->190198K(1398272K)] 1393987K->190198K(1900032K), [Metaspace: 59580K->59580K(1105920K)], 0.5354327 secs] [Times: user=2.56 sys=0.00, real=0.54 secs] 
4890.805: [GC (Allocation Failure) [PSYoungGen: 310784K->104400K(505344K)] 500982K->294599K(1903616K), 0.0433396 secs] [Times: user=0.26 sys=0.00, real=0.05 secs] 
4892.441: [GC (Allocation Failure) [PSYoungGen: 421328K->147168K(505344K)] 611527K->438211K(1903616K), 0.0508680 secs] [Times: user=0.30 sys=0.00, real=0.05 secs] 
4896.230: [GC (Allocation Failure) [PSYoungGen: 464096K->106016K(506368K)] 755139K->534704K(1904640K), 0.0917469 secs] [Times: user=0.54 sys=0.01, real=0.09 secs] 
4898.405: [GC (Allocation Failure) [PSYoungGen: 426016K->147776K(507392K)] 854704K->678468K(1905664K), 0.0519507 secs] [Times: user=0.31 sys=0.00, real=0.05 secs] 
4900.490: [GC (Allocation Failure) [PSYoungGen: 467776K->107456K(507904K)] 998468K->776196K(1906176K), 0.0956997 secs] [Times: user=0.57 sys=0.00, real=0.09 secs] 
4901.715: [GC (Allocation Failure) [PSYoungGen: 426962K->148912K(508416K)] 1095703K->921078K(1906688K), 0.0532095 secs] [Times: user=0.31 sys=0.00, real=0.05 secs] 
4904.328: [GC (Allocation Failure) [PSYoungGen: 470448K->105440K(509440K)] 1242614K->1017517K(1907712K), 0.1281410 secs] [Times: user=0.76 sys=0.00, real=0.12 secs] 
4906.112: [GC (Allocation Failure) [PSYoungGen: 425445K->145568K(509440K)] 1337523K->1159558K(1907712K), 0.0519954 secs] [Times: user=0.30 sys=0.00, real=0.05 secs] 
4908.999: [GC (Allocation Failure) [PSYoungGen: 468128K->106672K(508416K)] 1482118K->1257175K(1906688K), 0.1096860 secs] [Times: user=0.64 sys=0.01, real=0.11 secs] 
4910.696: [GC (Allocation Failure) [PSYoungGen: 419074K->145760K(509440K)] 1569577K->1398583K(1907712K), 0.0522950 secs] [Times: user=0.31 sys=0.00, real=0.05 secs] 
4910.748: [Full GC (Ergonomics) [PSYoungGen: 145760K->0K(509440K)] [ParOldGen: 1252823K->196378K(1398272K)] 1398583K->196378K(1907712K), [Metaspace: 59580K->59580K(1105920K)], 0.4537533 secs] [Times: user=2.09 sys=0.00, real=0.46 secs] 
4914.035: [GC (Allocation Failure) [PSYoungGen: 323584K->108400K(509440K)] 519962K->304778K(1907712K), 0.0852624 secs] [Times: user=0.44 sys=0.00, real=0.09 secs] 
4914.709: [GC (Allocation Failure) [PSYoungGen: 434032K->155536K(481280K)] 630410K->456455K(1879552K), 0.0514820 secs] [Times: user=0.30 sys=0.00, real=0.05 secs] 
4918.463: [GC (Allocation Failure) [PSYoungGen: 481168K->95472K(509440K)] 782087K->551712K(1907712K), 0.1736802 secs] [Times: user=1.03 sys=0.00, real=0.17 secs] 
4919.673: [GC (Allocation Failure) [PSYoungGen: 414960K->153968K(473600K)] 871200K->699385K(1871872K), 0.0549007 secs] [Times: user=0.32 sys=0.01, real=0.05 secs] 
4922.893: [GC (Allocation Failure) [PSYoungGen: 473456K->95776K(506368K)] 1018873K->794488K(1904640K), 0.1766522 secs] [Times: user=1.05 sys=0.00, real=0.18 secs] 
4923.637: [GC (Allocation Failure) [PSYoungGen: 408608K->150752K(463872K)] 1107320K->939757K(1862144K), 0.0898761 secs] [Times: user=0.53 sys=0.00, real=0.09 secs] 
4927.553: [GC (Allocation Failure) [PSYoungGen: 463584K->93872K(504320K)] 1252589K->1033562K(1902592K), 0.1504518 secs] [Times: user=0.89 sys=0.01, real=0.15 secs] 
4928.240: [GC (Allocation Failure) [PSYoungGen: 402608K->148992K(458240K)] 1342298K->1176302K(1856512K), 0.0550693 secs] [Times: user=0.32 sys=0.00, real=0.05 secs] 
4930.868: [GC (Allocation Failure) [PSYoungGen: 455363K->89696K(502784K)] 1482674K->1265106K(1901056K), 0.1549009 secs] [Times: user=0.93 sys=0.00, real=0.16 secs] 
4931.747: [GC (Allocation Failure) [PSYoungGen: 382525K->138624K(444928K)] 1557936K->1399201K(1843200K), 0.0497945 secs] [Times: user=0.29 sys=0.00, real=0.05 secs] 
4931.797: [Full GC (Ergonomics) [PSYoungGen: 138624K->0K(444928K)] [ParOldGen: 1260577K->196593K(1398272K)] 1399201K->196593K(1843200K), [Metaspace: 59581K->59581K(1105920K)], 0.4628236 secs] [Times: user=2.15 sys=0.00, real=0.47 secs] 
4934.242: [GC (Allocation Failure) [PSYoungGen: 306176K->102912K(504320K)] 502769K->299505K(1902592K), 0.0601984 secs] [Times: user=0.35 sys=0.00, real=0.06 secs] 
4935.710: [GC (Allocation Failure) [PSYoungGen: 412672K->146848K(500736K)] 609265K->442150K(1899008K), 0.0493439 secs] [Times: user=0.29 sys=0.00, real=0.05 secs] 
4937.380: [GC (Allocation Failure) [PSYoungGen: 456608K->99104K(505344K)] 751910K->532590K(1903616K), 0.1081313 secs] [Times: user=0.63 sys=0.01, real=0.10 secs] 
4939.890: [GC (Allocation Failure) [PSYoungGen: 413472K->147328K(505344K)] 846958K->675874K(1903616K), 0.0488547 secs] [Times: user=0.29 sys=0.00, real=0.05 secs] 
4941.649: [GC (Allocation Failure) [PSYoungGen: 461696K->105488K(503296K)] 990242K->772251K(1901568K), 0.1556074 secs] [Times: user=0.92 sys=0.00, real=0.15 secs] 
4943.479: [GC (Allocation Failure) [PSYoungGen: 419856K->144256K(504320K)] 1086619K->913082K(1902592K), 0.0545134 secs] [Times: user=0.32 sys=0.00, real=0.05 secs] 
4945.508: [GC (Allocation Failure) [PSYoungGen: 458624K->105280K(503808K)] 1227450K->1009330K(1902080K), 0.0810747 secs] [Times: user=0.48 sys=0.01, real=0.08 secs] 
4947.711: [GC (Allocation Failure) [PSYoungGen: 423232K->149760K(505856K)] 1327282K->1154163K(1904128K), 0.0516046 secs] [Times: user=0.31 sys=0.00, real=0.05 secs] 
4950.266: [GC (Allocation Failure) [PSYoungGen: 467712K->105472K(507392K)] 1472115K->1250339K(1905664K), 0.0658338 secs] [Times: user=0.39 sys=0.00, real=0.07 secs] 
4952.656: [GC (Allocation Failure) [PSYoungGen: 424960K->148992K(507392K)] 1569827K->1396099K(1905664K), 0.0521426 secs] [Times: user=0.30 sys=0.00, real=0.06 secs] 
4952.708: [Full GC (Ergonomics) [PSYoungGen: 148992K->0K(507392K)] [ParOldGen: 1247107K->194203K(1398272K)] 1396099K->194203K(1905664K), [Metaspace: 59597K->59597K(1105920K)], 0.4629404 secs] [Times: user=2.15 sys=0.00, real=0.46 secs] 
4955.942: [GC (Allocation Failure) [PSYoungGen: 319488K->104160K(508416K)] 513691K->298363K(1906688K), 0.0999079 secs] [Times: user=0.59 sys=0.00, real=0.10 secs] 
4959.266: [GC (Allocation Failure) [PSYoungGen: 423648K->145664K(507904K)] 617851K->440287K(1906176K), 0.0496291 secs] [Times: user=0.29 sys=0.00, real=0.05 secs] 
4961.368: [GC (Allocation Failure) [PSYoungGen: 465152K->106080K(505856K)] 759775K->536879K(1904128K), 0.1552807 secs] [Times: user=0.92 sys=0.00, real=0.15 secs] 
4963.676: [GC (Allocation Failure) [PSYoungGen: 426592K->148864K(507392K)] 857391K->681716K(1905664K), 0.0516933 secs] [Times: user=0.30 sys=0.00, real=0.05 secs] 
4965.940: [GC (Allocation Failure) [PSYoungGen: 469376K->105728K(509440K)] 1002228K->778720K(1907712K), 0.1483593 secs] [Times: user=0.88 sys=0.00, real=0.15 secs] 
4966.631: [GC (Allocation Failure) [PSYoungGen: 414889K->145728K(508928K)] 1087882K->920481K(1907200K), 0.0505385 secs] [Times: user=0.30 sys=0.00, real=0.05 secs] 
4969.240: [GC (Allocation Failure) [PSYoungGen: 467264K->106080K(506880K)] 1242017K->1018137K(1905152K), 0.0945650 secs] [Times: user=0.56 sys=0.00, real=0.09 secs] 
4970.153: [GC (Allocation Failure) [PSYoungGen: 417253K->145728K(508416K)] 1329311K->1159726K(1906688K), 0.0514515 secs] [Times: user=0.30 sys=0.00, real=0.05 secs] 
4972.850: [GC (Allocation Failure) [PSYoungGen: 468288K->106368K(509952K)] 1482286K->1257118K(1908224K), 0.1661902 secs] [Times: user=0.99 sys=0.00, real=0.16 secs] 
4973.842: [GC (Allocation Failure) [PSYoungGen: 431488K->153920K(479232K)] 1582238K->1407271K(1877504K), 0.0530153 secs] [Times: user=0.32 sys=0.00, real=0.05 secs] 
4973.895: [Full GC (Ergonomics) [PSYoungGen: 153920K->0K(479232K)] [ParOldGen: 1253351K->205053K(1398272K)] 1407271K->205053K(1877504K), [Metaspace: 59597K->59597K(1105920K)], 0.4706278 secs] [Times: user=2.17 sys=0.00, real=0.47 secs] 
4977.133: [GC (Allocation Failure) [PSYoungGen: 325120K->99072K(510464K)] 530173K->304125K(1908736K), 0.1728302 secs] [Times: user=1.02 sys=0.01, real=0.17 secs] 
4977.931: [GC (Allocation Failure) [PSYoungGen: 419584K->172192K(493056K)] 624637K->470089K(1891328K), 0.0550602 secs] [Times: user=0.33 sys=0.00, real=0.05 secs] 
4980.900: [GC (Allocation Failure) [PSYoungGen: 492704K->95552K(500224K)] 790601K->548897K(1898496K), 0.1396710 secs] [Times: user=0.82 sys=0.00, real=0.14 secs] 
4981.748: [GC (Allocation Failure) [PSYoungGen: 396096K->143456K(444416K)] 849441K->686242K(1842688K), 0.1123863 secs] [Times: user=0.66 sys=0.01, real=0.11 secs] 
4985.399: [GC (Allocation Failure) [PSYoungGen: 444000K->88880K(498176K)] 986786K->774659K(1896448K), 0.1560768 secs] [Times: user=0.93 sys=0.00, real=0.15 secs] 
4987.432: [GC (Allocation Failure) [PSYoungGen: 389424K->141440K(498176K)] 1075203K->911745K(1896448K), 0.0493451 secs] [Times: user=0.29 sys=0.00, real=0.05 secs] 
4988.847: [GC (Allocation Failure) [PSYoungGen: 441984K->100368K(497152K)] 1212289K->1003218K(1895424K), 0.0796220 secs] [Times: user=0.47 sys=0.00, real=0.08 secs] 
4991.016: [GC (Allocation Failure) [PSYoungGen: 405008K->139088K(498688K)] 1307858K->1139259K(1896960K), 0.0501767 secs] [Times: user=0.29 sys=0.00, real=0.05 secs] 
4992.939: [GC (Allocation Failure) [PSYoungGen: 442169K->100912K(499712K)] 1442339K->1231259K(1897984K), 0.0636828 secs] [Times: user=0.38 sys=0.00, real=0.06 secs] 
4995.103: [GC (Allocation Failure) [PSYoungGen: 413232K->141136K(502272K)] 1543579K->1370032K(1900544K), 0.0508861 secs] [Times: user=0.30 sys=0.00, real=0.05 secs] 
4995.154: [Full GC (Ergonomics) [PSYoungGen: 141136K->0K(502272K)] [ParOldGen: 1228895K->177071K(1398272K)] 1370032K->177071K(1900544K), [Metaspace: 59599K->59599K(1105920K)], 0.4107028 secs] [Times: user=1.89 sys=0.00, real=0.41 secs] 
4997.647: [GC (Allocation Failure) [PSYoungGen: 312320K->106464K(501760K)] 489391K->283535K(1900032K), 0.0341089 secs] [Times: user=0.20 sys=0.00, real=0.04 secs] 
4999.358: [GC (Allocation Failure) [PSYoungGen: 425440K->146112K(505344K)] 602511K->427543K(1903616K), 0.0529843 secs] [Times: user=0.31 sys=0.00, real=0.05 secs] 
5002.252: [GC (Allocation Failure) [PSYoungGen: 465088K->104992K(508928K)] 746519K->523527K(1907200K), 0.0646552 secs] [Times: user=0.38 sys=0.01, real=0.06 secs] 
5005.169: [GC (Allocation Failure) [PSYoungGen: 428576K->148224K(509440K)] 847111K->669232K(1907712K), 0.0618136 secs] [Times: user=0.36 sys=0.00, real=0.06 secs] 
5007.663: [GC (Allocation Failure) [PSYoungGen: 471808K->110176K(508928K)] 992816K->770964K(1907200K), 0.1633817 secs] [Times: user=0.98 sys=0.00, real=0.16 secs] 
5009.905: [GC (Allocation Failure) [PSYoungGen: 434272K->151008K(509440K)] 1095060K->918384K(1907712K), 0.0533854 secs] [Times: user=0.31 sys=0.00, real=0.06 secs] 
5011.970: [GC (Allocation Failure) [PSYoungGen: 475104K->107968K(510464K)] 1242480K->1016896K(1908736K), 0.1038178 secs] [Times: user=0.61 sys=0.00, real=0.10 secs] 
5013.548: [GC (Allocation Failure) [PSYoungGen: 426148K->148464K(509440K)] 1335077K->1161049K(1907712K), 0.0525044 secs] [Times: user=0.31 sys=0.01, real=0.05 secs] 
5017.209: [GC (Allocation Failure) [PSYoungGen: 471536K->106048K(509952K)] 1484121K->1257721K(1908224K), 0.1461893 secs] [Times: user=0.87 sys=0.00, real=0.14 secs] 
5019.336: [GC (Allocation Failure) [PSYoungGen: 418627K->146496K(509952K)] 1570300K->1399058K(1908224K), 0.0515112 secs] [Times: user=0.30 sys=0.00, real=0.05 secs] 
5019.387: [Full GC (Ergonomics) [PSYoungGen: 146496K->0K(509952K)] [ParOldGen: 1252561K->196347K(1398272K)] 1399058K->196347K(1908224K), [Metaspace: 59599K->59599K(1105920K)], 0.4655113 secs] [Times: user=2.17 sys=0.00, real=0.47 secs] 
5022.720: [GC (Allocation Failure) [PSYoungGen: 323584K->108800K(508928K)] 519931K->305147K(1907200K), 0.1006336 secs] [Times: user=0.59 sys=0.01, real=0.10 secs] 
5023.838: [GC (Allocation Failure) [PSYoungGen: 433408K->168256K(493056K)] 629755K->469492K(1891328K), 0.0528082 secs] [Times: user=0.31 sys=0.00, real=0.06 secs] 
5029.516: [GC (Allocation Failure) [PSYoungGen: 492864K->95232K(504320K)] 794100K->547152K(1902592K), 0.1718058 secs] [Times: user=1.02 sys=0.00, real=0.18 secs] 
5031.186: [GC (Allocation Failure) [PSYoungGen: 389433K->138880K(448512K)] 841354K->681981K(1846784K), 0.0495584 secs] [Times: user=0.29 sys=0.01, real=0.05 secs] 
5033.068: [GC (Allocation Failure) [PSYoungGen: 448128K->100864K(503808K)] 991229K->774045K(1902080K), 0.1228734 secs] [Times: user=0.73 sys=0.00, real=0.12 secs] 
5035.068: [GC (Allocation Failure) [PSYoungGen: 412160K->146016K(501760K)] 1085341K->916246K(1900032K), 0.0492156 secs] [Times: user=0.29 sys=0.00, real=0.04 secs] 
5036.973: [GC (Allocation Failure) [PSYoungGen: 457312K->101776K(505344K)] 1227542K->1008787K(1903616K), 0.1606685 secs] [Times: user=0.90 sys=0.00, real=0.16 secs] 
5038.929: [GC (Allocation Failure) [PSYoungGen: 418704K->150128K(506368K)] 1325715K->1154795K(1904640K), 0.0508767 secs] [Times: user=0.30 sys=0.00, real=0.05 secs] 
5041.157: [GC (Allocation Failure) [PSYoungGen: 467056K->105056K(506880K)] 1471723K->1250698K(1905152K), 0.1101764 secs] [Times: user=0.65 sys=0.00, real=0.11 secs] 
5043.499: [GC (Allocation Failure) [PSYoungGen: 421472K->145504K(506368K)] 1567114K->1392451K(1904640K), 0.0718381 secs] [Times: user=0.42 sys=0.00, real=0.07 secs] 
5043.571: [Full GC (Ergonomics) [PSYoungGen: 145504K->0K(506368K)] [ParOldGen: 1246947K->190791K(1398272K)] 1392451K->190791K(1904640K), [Metaspace: 59600K->59600K(1105920K)], 0.4479338 secs] [Times: user=2.06 sys=0.00, real=0.45 secs] 
5046.611: [GC (Allocation Failure) [PSYoungGen: 316416K->102192K(505856K)] 507207K->292984K(1904128K), 0.0529193 secs] [Times: user=0.31 sys=0.00, real=0.05 secs] 
5048.563: [GC (Allocation Failure) [PSYoungGen: 420144K->148352K(506880K)] 610936K->437612K(1905152K), 0.0504934 secs] [Times: user=0.30 sys=0.00, real=0.05 secs] 
5050.751: [GC (Allocation Failure) [PSYoungGen: 466304K->105664K(506880K)] 755564K->534324K(1905152K), 0.1567111 secs] [Times: user=0.93 sys=0.00, real=0.15 secs] 
5052.949: [GC (Allocation Failure) [PSYoungGen: 424640K->149024K(507392K)] 853300K->679109K(1905664K), 0.0519189 secs] [Times: user=0.30 sys=0.00, real=0.05 secs] 
5055.552: [GC (Allocation Failure) [PSYoungGen: 468000K->105024K(507904K)] 998085K->775245K(1906176K), 0.1559459 secs] [Times: user=0.93 sys=0.00, real=0.16 secs] 
5057.378: [GC (Allocation Failure) [PSYoungGen: 424003K->148304K(507904K)] 1094224K->919082K(1906176K), 0.0510548 secs] [Times: user=0.30 sys=0.01, real=0.05 secs] 
5059.668: [GC (Allocation Failure) [PSYoungGen: 467792K->103168K(507904K)] 1238570K->1013509K(1906176K), 0.1460355 secs] [Times: user=0.85 sys=0.01, real=0.15 secs] 
5062.417: [GC (Allocation Failure) [PSYoungGen: 422656K->148464K(507904K)] 1332997K->1157667K(1906176K), 0.0504980 secs] [Times: user=0.30 sys=0.01, real=0.05 secs] 
5064.952: [GC (Allocation Failure) [PSYoungGen: 467952K->106464K(506880K)] 1477155K->1255366K(1905152K), 0.1663261 secs] [Times: user=0.99 sys=0.00, real=0.17 secs] 
5066.558: [GC (Allocation Failure) [PSYoungGen: 421876K->145888K(507392K)] 1570779K->1397062K(1905664K), 0.0522891 secs] [Times: user=0.31 sys=0.00, real=0.05 secs] 
5066.611: [Full GC (Ergonomics) [PSYoungGen: 145888K->0K(507392K)] [ParOldGen: 1251173K->196434K(1398272K)] 1397062K->196434K(1905664K), [Metaspace: 59602K->59602K(1105920K)], 0.4625105 secs] [Times: user=2.13 sys=0.00, real=0.46 secs] 
5069.030: [GC (Allocation Failure) [PSYoungGen: 319488K->107520K(507392K)] 515922K->303954K(1905664K), 0.0812783 secs] [Times: user=0.48 sys=0.00, real=0.08 secs] 
5070.614: [GC (Allocation Failure) [PSYoungGen: 420983K->144928K(508416K)] 617417K->444427K(1906688K), 0.0502228 secs] [Times: user=0.30 sys=0.00, real=0.05 secs] 
5074.261: [GC (Allocation Failure) [PSYoungGen: 466464K->106528K(507904K)] 765963K->541375K(1906176K), 0.1579287 secs] [Times: user=0.93 sys=0.01, real=0.16 secs] 
5075.758: [GC (Allocation Failure) [PSYoungGen: 420387K->144832K(509440K)] 855234K->682247K(1907712K), 0.0500732 secs] [Times: user=0.30 sys=0.00, real=0.05 secs] 
5079.897: [GC (Allocation Failure) [PSYoungGen: 468928K->103648K(511488K)] 1006343K->776927K(1909760K), 0.1588178 secs] [Times: user=0.95 sys=0.00, real=0.16 secs] 
5081.087: [GC (Allocation Failure) [PSYoungGen: 414498K->147360K(512000K)] 1087778K->920691K(1910272K), 0.0507979 secs] [Times: user=0.30 sys=0.00, real=0.05 secs] 
5084.023: [GC (Allocation Failure) [PSYoungGen: 474528K->105920K(512000K)] 1247859K->1017951K(1910272K), 0.1807554 secs] [Times: user=1.07 sys=0.01, real=0.18 secs] 
5086.100: [GC (Allocation Failure) [PSYoungGen: 433088K->171312K(498688K)] 1345119K->1184724K(1896960K), 0.0538257 secs] [Times: user=0.32 sys=0.00, real=0.05 secs] 
5089.065: [GC (Allocation Failure) [PSYoungGen: 494687K->95760K(503808K)] 1508099K->1263548K(1902080K), 0.1722782 secs] [Times: user=1.03 sys=0.00, real=0.17 secs] 
5089.841: [GC (Allocation Failure) [PSYoungGen: 394769K->139456K(447488K)] 1562557K->1398707K(1845760K), 0.0523087 secs] [Times: user=0.29 sys=0.01, real=0.05 secs] 
5089.893: [Full GC (Ergonomics) [PSYoungGen: 139456K->0K(447488K)] [ParOldGen: 1259251K->196775K(1398272K)] 1398707K->196775K(1845760K), [Metaspace: 59602K->59602K(1105920K)], 0.4655284 secs] [Times: user=2.15 sys=0.00, real=0.47 secs] 
5093.396: [GC (Allocation Failure) [PSYoungGen: 307712K->100192K(502784K)] 504487K->296967K(1901056K), 0.0661015 secs] [Times: user=0.39 sys=0.00, real=0.07 secs] 
5094.963: [GC (Allocation Failure) [PSYoungGen: 409952K->152736K(500736K)] 606727K->446252K(1899008K), 0.0489146 secs] [Times: user=0.29 sys=0.00, real=0.05 secs] 
5097.307: [GC (Allocation Failure) [PSYoungGen: 462496K->102192K(505344K)] 756012K->531793K(1903616K), 0.1240808 secs] [Times: user=0.73 sys=0.00, real=0.13 secs] 
5099.579: [GC (Allocation Failure) [PSYoungGen: 413488K->146016K(503808K)] 843089K->674071K(1902080K), 0.0496483 secs] [Times: user=0.29 sys=0.00, real=0.05 secs] 
5100.910: [GC (GCLocker Initiated GC) [PSYoungGen: 457312K->103680K(502272K)] 985368K->768652K(1900544K), 0.0641368 secs] [Times: user=0.38 sys=0.00, real=0.06 secs] 
5103.928: [GC (Allocation Failure) [PSYoungGen: 416512K->151424K(503808K)] 1081504K->916437K(1902080K), 0.0513468 secs] [Times: user=0.30 sys=0.00, real=0.05 secs] 
5105.256: [GC (Allocation Failure) [PSYoungGen: 464256K->106368K(504832K)] 1229269K->1005125K(1903104K), 0.0643445 secs] [Times: user=0.38 sys=0.00, real=0.07 secs] 
5107.093: [GC (Allocation Failure) [PSYoungGen: 420224K->143728K(504832K)] 1318981K->1145610K(1903104K), 0.0521957 secs] [Times: user=0.31 sys=0.01, real=0.05 secs] 
5109.790: [GC (Allocation Failure) [PSYoungGen: 457584K->107088K(502272K)] 1459466K->1243062K(1900544K), 0.0644109 secs] [Times: user=0.39 sys=0.00, real=0.06 secs] 
5110.856: [GC (Allocation Failure) [PSYoungGen: 423504K->150048K(504832K)] 1559478K->1389910K(1903104K), 0.0529922 secs] [Times: user=0.31 sys=0.00, real=0.06 secs] 
5110.909: [Full GC (Ergonomics) [PSYoungGen: 150048K->0K(504832K)] [ParOldGen: 1239862K->187715K(1398272K)] 1389910K->187715K(1903104K), [Metaspace: 59604K->59604K(1105920K)], 0.4458066 secs] [Times: user=2.07 sys=0.00, real=0.44 secs] 
5113.255: [GC (Allocation Failure) [PSYoungGen: 316416K->105441K(507904K)] 504131K->293157K(1906176K), 0.0687421 secs] [Times: user=0.41 sys=0.00, real=0.07 secs] 
5115.501: [GC (Allocation Failure) [PSYoungGen: 423905K->149424K(507392K)] 611621K->438145K(1905664K), 0.0509871 secs] [Times: user=0.30 sys=0.00, real=0.05 secs] 
5117.656: [GC (Allocation Failure) [PSYoungGen: 467888K->106784K(506368K)] 756609K->535537K(1904640K), 0.1416810 secs] [Times: user=0.84 sys=0.00, real=0.14 secs] 
5119.285: [GC (Allocation Failure) [PSYoungGen: 425248K->149536K(506880K)] 854001K->681686K(1905152K), 0.0633207 secs] [Times: user=0.37 sys=0.00, real=0.07 secs] 
5121.736: [GC (Allocation Failure) [PSYoungGen: 468000K->104720K(508416K)] 1000150K->777850K(1906688K), 0.1750272 secs] [Times: user=1.04 sys=0.00, real=0.18 secs] 
5123.007: [GC (Allocation Failure) [PSYoungGen: 415524K->146016K(507904K)] 1088654K->920502K(1906176K), 0.0990197 secs] [Times: user=0.59 sys=0.00, real=0.10 secs] 
5126.106: [GC (Allocation Failure) [PSYoungGen: 464992K->100080K(507904K)] 1239478K->1011863K(1906176K), 0.1368055 secs] [Times: user=0.80 sys=0.01, real=0.14 secs] 
5128.209: [GC (Allocation Failure) [PSYoungGen: 420080K->148992K(469504K)] 1331863K->1156635K(1867776K), 0.0504126 secs] [Times: user=0.30 sys=0.00, real=0.05 secs] 
5131.465: [GC (Allocation Failure) [PSYoungGen: 468992K->103296K(509952K)] 1476635K->1250639K(1908224K), 0.1674249 secs] [Times: user=1.00 sys=0.00, real=0.17 secs] 
5132.651: [GC (Allocation Failure) [PSYoungGen: 422272K->150880K(470016K)] 1569615K->1397324K(1868288K), 0.0514398 secs] [Times: user=0.30 sys=0.01, real=0.05 secs] 
5132.702: [Full GC (Ergonomics) [PSYoungGen: 150880K->0K(470016K)] [ParOldGen: 1246444K->195832K(1398272K)] 1397324K->195832K(1868288K), [Metaspace: 59604K->59604K(1105920K)], 0.4690962 secs] [Times: user=2.18 sys=0.00, real=0.47 secs] 
5135.121: [GC (Allocation Failure) [PSYoungGen: 318976K->105584K(509440K)] 514808K->301417K(1907712K), 0.0523239 secs] [Times: user=0.31 sys=0.00, real=0.05 secs] 
5137.085: [GC (Allocation Failure) [PSYoungGen: 423024K->145312K(506880K)] 618857K->443097K(1905152K), 0.0763883 secs] [Times: user=0.45 sys=0.00, real=0.08 secs] 
5139.941: [GC (Allocation Failure) [PSYoungGen: 462752K->105808K(505856K)] 760537K->539922K(1904128K), 0.1574755 secs] [Times: user=0.94 sys=0.01, real=0.16 secs] 
5142.070: [GC (Allocation Failure) [PSYoungGen: 423057K->145824K(506880K)] 857170K->681454K(1905152K), 0.0510650 secs] [Times: user=0.30 sys=0.00, real=0.05 secs] 
5144.511: [GC (Allocation Failure) [PSYoungGen: 464800K->105904K(507904K)] 1000430K->778374K(1906176K), 0.1760402 secs] [Times: user=1.05 sys=0.01, real=0.17 secs] 
5145.941: [GC (Allocation Failure) [PSYoungGen: 419707K->144832K(508928K)] 1092178K->919343K(1907200K), 0.0689723 secs] [Times: user=0.41 sys=0.00, real=0.07 secs] 
5148.639: [GC (GCLocker Initiated GC) [PSYoungGen: 466880K->105600K(507904K)] 1241391K->1016484K(1906176K), 0.1726863 secs] [Times: user=1.02 sys=0.01, real=0.17 secs] 
5150.178: [GC (Allocation Failure) [PSYoungGen: 429696K->185312K(509440K)] 1340583K->1199171K(1907712K), 0.0543824 secs] [Times: user=0.33 sys=0.00, real=0.06 secs] 
5153.616: [GC (Allocation Failure) [PSYoungGen: 509408K->94864K(422400K)] 1523267K->1277424K(1820672K), 0.1622129 secs] [Times: user=0.96 sys=0.00, real=0.17 secs] 
5154.726: [GC (Allocation Failure) [PSYoungGen: 327824K->109440K(465920K)] 1510384K->1383448K(1864192K), 0.0607174 secs] [Times: user=0.35 sys=0.00, real=0.06 secs] 
5154.787: [Full GC (Ergonomics) [PSYoungGen: 109440K->0K(465920K)] [ParOldGen: 1274008K->166611K(1398272K)] 1383448K->166611K(1864192K), [Metaspace: 59643K->59643K(1105920K)], 0.3957323 secs] [Times: user=1.84 sys=0.00, real=0.40 secs] 
5157.074: [GC (Allocation Failure) [PSYoungGen: 232960K->95136K(459264K)] 399571K->261747K(1857536K), 0.0353885 secs] [Times: user=0.21 sys=0.00, real=0.04 secs] 
5159.293: [GC (Allocation Failure) [PSYoungGen: 328608K->76672K(462848K)] 495219K->337783K(1861120K), 0.0931598 secs] [Times: user=0.56 sys=0.00, real=0.09 secs] 
5159.576: [GC (Allocation Failure) [PSYoungGen: 307383K->111536K(452096K)] 568495K->443641K(1850368K), 0.0432726 secs] [Times: user=0.26 sys=0.00, real=0.05 secs] 
5160.814: [GC (Allocation Failure) [PSYoungGen: 352688K->72992K(461312K)] 684793K->507956K(1859584K), 0.0527843 secs] [Times: user=0.31 sys=0.00, real=0.05 secs] 
5162.905: [GC (Allocation Failure) [PSYoungGen: 314144K->106944K(461312K)] 749108K->613345K(1859584K), 0.0588001 secs] [Times: user=0.34 sys=0.01, real=0.06 secs] 
5163.263: [GC (Allocation Failure) [PSYoungGen: 366528K->132384K(470528K)] 872929K->736577K(1868800K), 0.0693196 secs] [Times: user=0.41 sys=0.00, real=0.07 secs] 
5166.722: [GC (Allocation Failure) [PSYoungGen: 391968K->65312K(484352K)] 996161K->801873K(1882624K), 0.1440000 secs] [Times: user=0.84 sys=0.00, real=0.14 secs] 
5167.121: [GC (Allocation Failure) [PSYoungGen: 345888K->136960K(487936K)] 1082449K->932954K(1886208K), 0.0470493 secs] [Times: user=0.27 sys=0.00, real=0.05 secs] 
5168.945: [GC (Allocation Failure) [PSYoungGen: 417536K->80384K(484864K)] 1213530K->1012906K(1883136K), 0.1198903 secs] [Times: user=0.72 sys=0.01, real=0.12 secs] 
5171.012: [GC (Allocation Failure) [PSYoungGen: 365056K->134576K(488448K)] 1297578K->1143751K(1886720K), 0.0453350 secs] [Times: user=0.27 sys=0.00, real=0.04 secs] 
5173.541: [GC (Allocation Failure) [PSYoungGen: 419248K->90976K(484864K)] 1428423K->1225983K(1883136K), 0.0619000 secs] [Times: user=0.37 sys=0.00, real=0.06 secs] 
5176.184: [GC (Allocation Failure) [PSYoungGen: 383328K->130048K(490496K)] 1518335K->1354388K(1888768K), 0.0546750 secs] [Times: user=0.32 sys=0.00, real=0.06 secs] 
5177.543: [GC (Allocation Failure) [PSYoungGen: 422400K->110432K(483328K)] 1646740K->1454680K(1881600K), 0.0629580 secs] [Times: user=0.37 sys=0.00, real=0.06 secs] 
5177.606: [Full GC (Ergonomics) [PSYoungGen: 110432K->0K(483328K)] [ParOldGen: 1344248K->250990K(1398272K)] 1454680K->250990K(1881600K), [Metaspace: 59643K->59643K(1105920K)], 0.5272754 secs] [Times: user=2.31 sys=0.00, real=0.53 secs] 
5180.991: [GC (Allocation Failure) [PSYoungGen: 304640K->122192K(493056K)] 555630K->373183K(1891328K), 0.0359949 secs] [Times: user=0.19 sys=0.00, real=0.03 secs] 
5182.680: [GC (Allocation Failure) [PSYoungGen: 426832K->126368K(501248K)] 677823K->488901K(1899520K), 0.0624759 secs] [Times: user=0.37 sys=0.00, real=0.06 secs] 
5186.221: [GC (Allocation Failure) [PSYoungGen: 452512K->122992K(507904K)] 815045K->611526K(1906176K), 0.0773616 secs] [Times: user=0.46 sys=0.00, real=0.08 secs] 
5187.624: [GC (Allocation Failure) [PSYoungGen: 449136K->125824K(509440K)] 937670K->726480K(1907712K), 0.0621581 secs] [Times: user=0.37 sys=0.00, real=0.06 secs] 
5190.217: [GC (Allocation Failure) [PSYoungGen: 465280K->139728K(514560K)] 1065936K->865937K(1912832K), 0.0659061 secs] [Times: user=0.39 sys=0.01, real=0.07 secs] 
5191.582: [GC (Allocation Failure) [PSYoungGen: 479184K->12816K(496640K)] 1205393K->739121K(1894912K), 0.0048665 secs] [Times: user=0.02 sys=0.00, real=0.00 secs] 
5194.397: [GC (Allocation Failure) [PSYoungGen: 331766K->143008K(462336K)] 1058070K->878929K(1860608K), 0.0344874 secs] [Times: user=0.20 sys=0.00, real=0.04 secs] 
5196.380: [GC (Allocation Failure) [PSYoungGen: 461984K->110432K(512000K)] 1197905K->979929K(1910272K), 0.0651031 secs] [Times: user=0.39 sys=0.00, real=0.06 secs] 
5199.246: [GC (Allocation Failure) [PSYoungGen: 427872K->141600K(504320K)] 1297369K->1119014K(1902592K), 0.0553158 secs] [Times: user=0.32 sys=0.01, real=0.06 secs] 
5200.890: [GC (Allocation Failure) [PSYoungGen: 459040K->109024K(502784K)] 1436454K->1218718K(1901056K), 0.0648515 secs] [Times: user=0.38 sys=0.00, real=0.06 secs] 
5203.307: [GC (Allocation Failure) [PSYoungGen: 430560K->147856K(505344K)] 1540254K->1364183K(1903616K), 0.0545627 secs] [Times: user=0.32 sys=0.00, real=0.06 secs] 
5203.362: [Full GC (Ergonomics) [PSYoungGen: 147856K->0K(505344K)] [ParOldGen: 1216327K->174566K(1398272K)] 1364183K->174566K(1903616K), [Metaspace: 59643K->59643K(1105920K)], 0.4143475 secs] [Times: user=1.91 sys=0.00, real=0.41 secs] 
5205.972: [GC (Allocation Failure) [PSYoungGen: 321536K->110800K(508416K)] 496102K->285366K(1906688K), 0.0351748 secs] [Times: user=0.21 sys=0.00, real=0.03 secs] 
5207.677: [GC (Allocation Failure) [PSYoungGen: 436432K->150144K(508928K)] 610998K->432238K(1907200K), 0.0549231 secs] [Times: user=0.33 sys=0.00, real=0.06 secs] 
5210.641: [GC (Allocation Failure) [PSYoungGen: 475776K->107168K(510976K)] 757870K->530422K(1909248K), 0.1068337 secs] [Times: user=0.63 sys=0.00, real=0.11 secs] 
5214.359: [GC (Allocation Failure) [PSYoungGen: 432800K->149952K(475648K)] 856054K->676331K(1873920K), 0.0529546 secs] [Times: user=0.31 sys=0.00, real=0.05 secs] 
5216.474: [GC (Allocation Failure) [PSYoungGen: 475584K->105152K(513536K)] 1001963K->772571K(1911808K), 0.1053537 secs] [Times: user=0.63 sys=0.00, real=0.11 secs] 
5218.436: [GC (Allocation Failure) [PSYoungGen: 429248K->152032K(476160K)] 1096667K->920696K(1874432K), 0.0515835 secs] [Times: user=0.30 sys=0.00, real=0.05 secs] 
5220.746: [GC (Allocation Failure) [PSYoungGen: 476128K->107136K(512000K)] 1244792K->1018632K(1910272K), 0.1699725 secs] [Times: user=1.00 sys=0.01, real=0.17 secs] 
5222.738: [GC (Allocation Failure) [PSYoungGen: 423266K->145952K(508416K)] 1334762K->1160613K(1906688K), 0.0525465 secs] [Times: user=0.31 sys=0.00, real=0.05 secs] 
5225.265: [GC (Allocation Failure) [PSYoungGen: 467488K->107552K(507392K)] 1482149K->1258797K(1905664K), 0.1705157 secs] [Times: user=1.02 sys=0.00, real=0.17 secs] 
5226.810: [GC (Allocation Failure) [PSYoungGen: 422914K->143760K(508416K)] 1574159K->1398551K(1906688K), 0.0528591 secs] [Times: user=0.32 sys=0.00, real=0.05 secs] 
5226.863: [Full GC (Ergonomics) [PSYoungGen: 143760K->0K(508416K)] [ParOldGen: 1254790K->196819K(1398272K)] 1398551K->196819K(1906688K), [Metaspace: 59643K->59643K(1105920K)], 0.4650725 secs] [Times: user=2.14 sys=0.00, real=0.47 secs] 
5229.868: [GC (Allocation Failure) [PSYoungGen: 322560K->107696K(507392K)] 519379K->304516K(1905664K), 0.0819526 secs] [Times: user=0.48 sys=0.00, real=0.09 secs] 
5230.811: [GC (Allocation Failure) [PSYoungGen: 433328K->154432K(509440K)] 630148K->455060K(1907712K), 0.0521529 secs] [Times: user=0.31 sys=0.00, real=0.05 secs] 
5233.645: [GC (Allocation Failure) [PSYoungGen: 480064K->98080K(510976K)] 780692K->552300K(1909248K), 0.1603178 secs] [Times: user=0.96 sys=0.00, real=0.16 secs] 
5234.552: [GC (Allocation Failure) [PSYoungGen: 419616K->154656K(476672K)] 873836K->700961K(1874944K), 0.0550784 secs] [Times: user=0.33 sys=0.00, real=0.05 secs] 
5239.802: [GC (Allocation Failure) [PSYoungGen: 476192K->90976K(506368K)] 1022497K->791645K(1904640K), 0.1608014 secs] [Times: user=0.96 sys=0.00, real=0.16 secs] 
5241.006: [GC (Allocation Failure) [PSYoungGen: 404320K->152080K(465920K)] 1104989K->937265K(1864192K), 0.0533445 secs] [Times: user=0.32 sys=0.00, real=0.06 secs] 
5244.359: [GC (Allocation Failure) [PSYoungGen: 465424K->93920K(504320K)] 1250609K->1030632K(1902592K), 0.1719649 secs] [Times: user=1.01 sys=0.01, real=0.17 secs] 
5245.623: [GC (Allocation Failure) [PSYoungGen: 402144K->147776K(456192K)] 1338856K->1172233K(1854464K), 0.0540556 secs] [Times: user=0.33 sys=0.00, real=0.05 secs] 
5249.158: [GC (Allocation Failure) [PSYoungGen: 456000K->86944K(502784K)] 1480457K->1258677K(1901056K), 0.1600734 secs] [Times: user=0.96 sys=0.00, real=0.16 secs] 
5250.408: [GC (Allocation Failure) [PSYoungGen: 393120K->142544K(502272K)] 1564853K->1397419K(1900544K), 0.0492294 secs] [Times: user=0.29 sys=0.00, real=0.04 secs] 
5250.458: [Full GC (Ergonomics) [PSYoungGen: 142544K->0K(502272K)] [ParOldGen: 1254874K->196493K(1398272K)] 1397419K->196493K(1900544K), [Metaspace: 59643K->59643K(1105920K)], 0.4595599 secs] [Times: user=2.13 sys=0.00, real=0.46 secs] 
5252.570: [GC (Allocation Failure) [PSYoungGen: 306176K->101376K(496128K)] 502669K->297869K(1894400K), 0.0310343 secs] [Times: user=0.18 sys=0.00, real=0.03 secs] 
5253.650: [GC (Allocation Failure) [PSYoungGen: 407552K->144320K(499200K)] 604045K->439034K(1897472K), 0.0488799 secs] [Times: user=0.29 sys=0.00, real=0.05 secs] 
5257.422: [GC (Allocation Failure) [PSYoungGen: 450496K->97456K(502272K)] 745210K->527866K(1900544K), 0.0756868 secs] [Times: user=0.45 sys=0.00, real=0.07 secs] 
5260.166: [GC (GCLocker Initiated GC) [PSYoungGen: 408752K->142656K(503296K)] 839162K->666954K(1901568K), 0.0697961 secs] [Times: user=0.41 sys=0.00, real=0.07 secs] 
5262.406: [GC (Allocation Failure) [PSYoungGen: 453952K->103200K(501248K)] 978302K->761646K(1899520K), 0.0635017 secs] [Times: user=0.38 sys=0.00, real=0.07 secs] 
5264.403: [GC (Allocation Failure) [PSYoungGen: 417568K->144416K(503808K)] 1076014K->903919K(1902080K), 0.0632729 secs] [Times: user=0.38 sys=0.00, real=0.06 secs] 
5267.273: [GC (Allocation Failure) [PSYoungGen: 458784K->105696K(503808K)] 1218287K->1001167K(1902080K), 0.0639010 secs] [Times: user=0.38 sys=0.00, real=0.06 secs] 
5271.796: [GC (Allocation Failure) [PSYoungGen: 424160K->139232K(505856K)] 1319631K->1138044K(1904128K), 0.0522516 secs] [Times: user=0.31 sys=0.00, real=0.06 secs] 
5273.495: [GC (Allocation Failure) [PSYoungGen: 457696K->107888K(504320K)] 1456508K->1236589K(1902592K), 0.0663159 secs] [Times: user=0.37 sys=0.00, real=0.07 secs] 
5275.236: [GC (Allocation Failure) [PSYoungGen: 431984K->148880K(507904K)] 1560685K->1383185K(1906176K), 0.0543554 secs] [Times: user=0.31 sys=0.01, real=0.06 secs] 
5275.291: [Full GC (Ergonomics) [PSYoungGen: 148880K->0K(507904K)] [ParOldGen: 1234304K->181161K(1398272K)] 1383185K->181161K(1906176K), [Metaspace: 59643K->59643K(1105920K)], 0.4198734 secs] [Times: user=1.93 sys=0.00, real=0.42 secs] 
5277.328: [GC (Allocation Failure) [PSYoungGen: 324096K->109776K(511488K)] 505257K->290938K(1909760K), 0.0571323 secs] [Times: user=0.33 sys=0.00, real=0.05 secs] 
5279.989: [GC (Allocation Failure) [PSYoungGen: 437456K->151616K(479744K)] 618618K->438986K(1878016K), 0.0540181 secs] [Times: user=0.32 sys=0.01, real=0.05 secs] 
5282.392: [GC (Allocation Failure) [PSYoungGen: 479296K->108672K(514048K)] 766666K->538522K(1912320K), 0.1675610 secs] [Times: user=1.00 sys=0.00, real=0.17 secs] 
5284.317: [GC (Allocation Failure) [PSYoungGen: 426133K->148512K(510464K)] 855983K->683007K(1908736K), 0.0520948 secs] [Times: user=0.31 sys=0.00, real=0.06 secs] 
5286.957: [GC (Allocation Failure) [PSYoungGen: 474144K->108576K(510976K)] 1008639K->782359K(1909248K), 0.1333927 secs] [Times: user=0.79 sys=0.01, real=0.14 secs] 
5287.842: [GC (Allocation Failure) [PSYoungGen: 434720K->153888K(480256K)] 1108503K->932496K(1878528K), 0.0524768 secs] [Times: user=0.31 sys=0.00, real=0.05 secs] 
5291.245: [GC (Allocation Failure) [PSYoungGen: 480032K->98384K(510464K)] 1258640K->1030428K(1908736K), 0.1722635 secs] [Times: user=1.02 sys=0.00, real=0.17 secs] 
5292.367: [GC (Allocation Failure) [PSYoungGen: 419408K->171968K(493056K)] 1351452K->1196193K(1891328K), 0.0572675 secs] [Times: user=0.34 sys=0.00, real=0.06 secs] 
5296.594: [GC (Allocation Failure) [PSYoungGen: 492992K->94592K(500224K)] 1517217K->1273805K(1898496K), 0.1796083 secs] [Times: user=1.07 sys=0.00, real=0.18 secs] 
5297.418: [GC (Allocation Failure) [PSYoungGen: 395136K->145056K(445952K)] 1574349K->1412798K(1844224K), 0.0543602 secs] [Times: user=0.33 sys=0.00, real=0.05 secs] 
5297.472: [Full GC (Ergonomics) [PSYoungGen: 145056K->0K(445952K)] [ParOldGen: 1267742K->210367K(1398272K)] 1412798K->210367K(1844224K), [Metaspace: 59643K->59643K(1105920K)], 0.4906228 secs] [Times: user=2.27 sys=0.00, real=0.49 secs] 
5300.784: [GC (Allocation Failure) [PSYoungGen: 300544K->90208K(499200K)] 510911K->300575K(1897472K), 0.1402722 secs] [Times: user=0.83 sys=0.00, real=0.14 secs] 
5301.793: [GC (Allocation Failure) [PSYoungGen: 391264K->140720K(498688K)] 601631K->435229K(1896960K), 0.0480359 secs] [Times: user=0.28 sys=0.00, real=0.05 secs] 
5303.590: [GC (Allocation Failure) [PSYoungGen: 441776K->98464K(497664K)] 736285K->524601K(1895936K), 0.0612165 secs] [Times: user=0.37 sys=0.00, real=0.06 secs] 
5305.533: [GC (Allocation Failure) [PSYoungGen: 403104K->143296K(498688K)] 829241K->664237K(1896960K), 0.0486203 secs] [Times: user=0.29 sys=0.00, real=0.05 secs] 
5307.231: [GC (Allocation Failure) [PSYoungGen: 447936K->98960K(500224K)] 968877K->754366K(1898496K), 0.0856229 secs] [Times: user=0.51 sys=0.00, real=0.08 secs] 
5309.626: [GC (Allocation Failure) [PSYoungGen: 409232K->143840K(502272K)] 1064638K->895458K(1900544K), 0.0494781 secs] [Times: user=0.29 sys=0.00, real=0.05 secs] 
5310.940: [GC (Allocation Failure) [PSYoungGen: 454112K->103392K(501760K)] 1205730K->989842K(1900032K), 0.0816287 secs] [Times: user=0.49 sys=0.00, real=0.08 secs] 
5313.892: [GC (Allocation Failure) [PSYoungGen: 417248K->144912K(503808K)] 1303698K->1131848K(1902080K), 0.0514066 secs] [Times: user=0.31 sys=0.00, real=0.05 secs] 
5315.257: [GC (Allocation Failure) [PSYoungGen: 458768K->106464K(503296K)] 1445704K->1229091K(1901568K), 0.0652843 secs] [Times: user=0.39 sys=0.00, real=0.07 secs] 
5318.370: [GC (Allocation Failure) [PSYoungGen: 423904K->144544K(505344K)] 1546531K->1371040K(1903616K), 0.0527403 secs] [Times: user=0.32 sys=0.00, real=0.05 secs] 
5318.423: [Full GC (Ergonomics) [PSYoungGen: 144544K->0K(505344K)] [ParOldGen: 1226496K->178931K(1398272K)] 1371040K->178931K(1903616K), [Metaspace: 59643K->59643K(1105920K)], 0.4175573 secs] [Times: user=1.92 sys=0.00, real=0.42 secs] 
5320.028: [GC (GCLocker Initiated GC) [PSYoungGen: 317440K->104896K(506368K)] 496372K->283828K(1904640K), 0.0332289 secs] [Times: user=0.19 sys=0.00, real=0.04 secs] 
5322.672: [GC (Allocation Failure) [PSYoungGen: 426432K->149744K(507904K)] 605367K->430673K(1906176K), 0.0523682 secs] [Times: user=0.31 sys=0.00, real=0.05 secs] 
5324.072: [GC (Allocation Failure) [PSYoungGen: 471280K->107232K(509440K)] 752209K->528825K(1907712K), 0.0652440 secs] [Times: user=0.38 sys=0.01, real=0.06 secs] 
5327.713: [GC (Allocation Failure) [PSYoungGen: 429280K->146416K(508928K)] 850873K->671662K(1907200K), 0.0528433 secs] [Times: user=0.32 sys=0.00, real=0.05 secs] 
5329.011: [GC (Allocation Failure) [PSYoungGen: 468464K->107712K(507904K)] 993710K->770350K(1906176K), 0.0655026 secs] [Times: user=0.39 sys=0.00, real=0.06 secs] 
5331.806: [GC (Allocation Failure) [PSYoungGen: 430784K->148064K(508928K)] 1093422K->914578K(1907200K), 0.0526876 secs] [Times: user=0.31 sys=0.00, real=0.06 secs] 
5334.056: [GC (Allocation Failure) [PSYoungGen: 471136K->110144K(508416K)] 1237650K->1015658K(1906688K), 0.1766288 secs] [Times: user=1.06 sys=0.00, real=0.18 secs] 
5336.049: [GC (Allocation Failure) [PSYoungGen: 424818K->146960K(509440K)] 1330333K->1158632K(1907712K), 0.0538391 secs] [Times: user=0.32 sys=0.00, real=0.05 secs] 
5338.717: [GC (Allocation Failure) [PSYoungGen: 471568K->107328K(511488K)] 1483240K->1256815K(1909760K), 0.1523435 secs] [Times: user=0.89 sys=0.01, real=0.16 secs] 
5340.714: [GC (Allocation Failure) [PSYoungGen: 419424K->144320K(511488K)] 1568912K->1397020K(1909760K), 0.0536342 secs] [Times: user=0.31 sys=0.00, real=0.06 secs] 
5340.768: [Full GC (Ergonomics) [PSYoungGen: 144320K->0K(511488K)] [ParOldGen: 1252700K->196616K(1398272K)] 1397020K->196616K(1909760K), [Metaspace: 59643K->59643K(1105920K)], 0.4665748 secs] [Times: user=2.17 sys=0.00, real=0.46 secs] 
5343.532: [GC (Allocation Failure) [PSYoungGen: 326656K->110352K(508928K)] 523272K->306969K(1907200K), 0.0974962 secs] [Times: user=0.57 sys=0.00, real=0.10 secs] 
5344.689: [GC (Allocation Failure) [PSYoungGen: 438544K->153984K(510976K)] 635161K->457252K(1909248K), 0.0529404 secs] [Times: user=0.32 sys=0.00, real=0.05 secs] 
5348.038: [GC (Allocation Failure) [PSYoungGen: 482176K->99264K(512000K)] 785444K->555892K(1910272K), 0.1636342 secs] [Times: user=0.98 sys=0.00, real=0.16 secs] 
5348.598: [GC (Allocation Failure) [PSYoungGen: 423872K->156592K(481280K)] 880500K->706441K(1879552K), 0.0552871 secs] [Times: user=0.33 sys=0.00, real=0.06 secs] 
5352.073: [GC (Allocation Failure) [PSYoungGen: 481200K->98592K(507904K)] 1031049K->804289K(1906176K), 0.1653575 secs] [Times: user=0.98 sys=0.00, real=0.17 secs] 
5352.496: [GC (Allocation Failure) [PSYoungGen: 414496K->151744K(467968K)] 1120193K->949480K(1866240K), 0.0574181 secs] [Times: user=0.32 sys=0.01, real=0.06 secs] 
5356.151: [GC (GCLocker Initiated GC) [PSYoungGen: 467648K->93552K(505344K)] 1265384K->1042609K(1903616K), 0.1422654 secs] [Times: user=0.85 sys=0.00, real=0.14 secs] 
5356.529: [GC (Allocation Failure) [PSYoungGen: 404848K->151008K(462336K)] 1353957K->1187601K(1860608K), 0.0552286 secs] [Times: user=0.33 sys=0.00, real=0.05 secs] 
5360.461: [GC (Allocation Failure) [PSYoungGen: 462304K->86816K(502784K)] 1498897K->1274013K(1901056K), 0.1608909 secs] [Times: user=0.96 sys=0.00, real=0.16 secs] 
5360.984: [GC (Allocation Failure) [PSYoungGen: 393504K->146080K(453120K)] 1580701K->1414202K(1851392K), 0.0571935 secs] [Times: user=0.34 sys=0.00, real=0.06 secs] 
5361.041: [Full GC (Ergonomics) [PSYoungGen: 146080K->0K(453120K)] [ParOldGen: 1268122K->211266K(1398272K)] 1414202K->211266K(1851392K), [Metaspace: 59643K->59643K(1105920K)], 0.4968293 secs] [Times: user=2.31 sys=0.00, real=0.50 secs] 
5363.586: [GC (Allocation Failure) [PSYoungGen: 306688K->91888K(502784K)] 517954K->303155K(1901056K), 0.1135535 secs] [Times: user=0.67 sys=0.00, real=0.12 secs] 
5364.513: [GC (Allocation Failure) [PSYoungGen: 397040K->181088K(486400K)] 608307K->478255K(1884672K), 0.0538819 secs] [Times: user=0.32 sys=0.00, real=0.05 secs] 
5368.105: [GC (Allocation Failure) [PSYoungGen: 486240K->84992K(489472K)] 783407K->529987K(1887744K), 0.0937262 secs] [Times: user=0.56 sys=0.00, real=0.10 secs] 
5370.068: [GC (Allocation Failure) [PSYoungGen: 364032K->139088K(418304K)] 809027K->665673K(1816576K), 0.0459032 secs] [Times: user=0.27 sys=0.00, real=0.05 secs] 
5372.193: [GC (Allocation Failure) [PSYoungGen: 418128K->89952K(487936K)] 944713K->738520K(1886208K), 0.0586889 secs] [Times: user=0.35 sys=0.00, real=0.06 secs] 
5374.270: [GC (Allocation Failure) [PSYoungGen: 371040K->123712K(404992K)] 1019608K->860569K(1803264K), 0.0513667 secs] [Times: user=0.30 sys=0.00, real=0.05 secs] 
5375.570: [GC (Allocation Failure) [PSYoungGen: 404800K->117152K(491008K)] 1141657K->968201K(1889280K), 0.0616601 secs] [Times: user=0.37 sys=0.00, real=0.06 secs] 
5377.340: [GC (Allocation Failure) [PSYoungGen: 411040K->106736K(484352K)] 1262089K->1074978K(1882624K), 0.0828059 secs] [Times: user=0.49 sys=0.00, real=0.08 secs] 
5378.172: [GC (Allocation Failure) [PSYoungGen: 397649K->176928K(482304K)] 1365890K->1241550K(1880576K), 0.0614930 secs] [Times: user=0.37 sys=0.00, real=0.06 secs] 
5381.063: [GC (Allocation Failure) [PSYoungGen: 473376K->83248K(497152K)] 1537998K->1289726K(1895424K), 0.1092954 secs] [Times: user=0.63 sys=0.02, real=0.11 secs] 
5381.431: [GC (Allocation Failure) [PSYoungGen: 379696K->144624K(496640K)] 1586174K->1427659K(1894912K), 0.0538320 secs] [Times: user=0.32 sys=0.00, real=0.05 secs] 
5381.485: [Full GC (Ergonomics) [PSYoungGen: 144624K->0K(496640K)] [ParOldGen: 1283034K->234302K(1398272K)] 1427659K->234302K(1894912K), [Metaspace: 59705K->59705K(1105920K)], 0.5377164 secs] [Times: user=2.48 sys=0.00, real=0.54 secs] 
5385.034: [GC (Allocation Failure) [PSYoungGen: 296448K->82320K(497664K)] 530750K->316623K(1895936K), 0.0778543 secs] [Times: user=0.45 sys=0.00, real=0.08 secs] 
5385.515: [GC (Allocation Failure) [PSYoungGen: 378768K->143552K(496640K)] 613071K->454015K(1894912K), 0.0542140 secs] [Times: user=0.31 sys=0.01, real=0.06 secs] 
5388.780: [GC (Allocation Failure) [PSYoungGen: 440000K->86768K(383488K)] 750463K->540208K(1781760K), 0.1553209 secs] [Times: user=0.92 sys=0.01, real=0.15 secs] 
5390.230: [GC (Allocation Failure) [PSYoungGen: 379014K->138320K(497152K)] 832454K->672889K(1895424K), 0.0474928 secs] [Times: user=0.28 sys=0.00, real=0.04 secs] 
5392.668: [GC (Allocation Failure) [PSYoungGen: 436304K->94608K(392704K)] 970873K->758693K(1790976K), 0.1009911 secs] [Times: user=0.60 sys=0.01, real=0.11 secs] 
5394.804: [GC (Allocation Failure) [PSYoungGen: 392592K->139456K(495616K)] 1056677K->894065K(1893888K), 0.0475269 secs] [Times: user=0.28 sys=0.00, real=0.05 secs] 
5397.354: [GC (Allocation Failure) [PSYoungGen: 440000K->98352K(496128K)] 1194609K->983586K(1894400K), 0.0623196 secs] [Times: user=0.37 sys=0.00, real=0.06 secs] 
5400.038: [GC (Allocation Failure) [PSYoungGen: 398896K->137312K(499712K)] 1284130K->1118330K(1897984K), 0.0529364 secs] [Times: user=0.31 sys=0.00, real=0.06 secs] 
5401.402: [GC (Allocation Failure) [PSYoungGen: 445536K->106592K(499712K)] 1426554K->1216014K(1897984K), 0.0644463 secs] [Times: user=0.39 sys=0.00, real=0.06 secs] 
5404.951: [GC (Allocation Failure) [PSYoungGen: 414816K->145280K(499200K)] 1524238K->1359339K(1897472K), 0.0576024 secs] [Times: user=0.34 sys=0.00, real=0.06 secs] 
5406.772: [GC (Allocation Failure) [PSYoungGen: 458112K->108400K(502272K)] 1672171K->1450127K(1900544K), 0.0641095 secs] [Times: user=0.38 sys=0.00, real=0.06 secs] 
5406.836: [Full GC (Ergonomics) [PSYoungGen: 108400K->0K(502272K)] [ParOldGen: 1341727K->19423K(1398272K)] 1450127K->19423K(1900544K), [Metaspace: 59705K->59705K(1105920K)], 0.0297303 secs] [Times: user=0.07 sys=0.00, real=0.03 secs] 
5409.611: [GC (Allocation Failure) [PSYoungGen: 312832K->139072K(506880K)] 332255K->158495K(1905152K), 0.0323469 secs] [Times: user=0.19 sys=0.00, real=0.03 secs] 
5411.053: [GC (Allocation Failure) [PSYoungGen: 461120K->111088K(507904K)] 480543K->260304K(1906176K), 0.0638046 secs] [Times: user=0.38 sys=0.00, real=0.06 secs] 
5413.958: [GC (Allocation Failure) [PSYoungGen: 433136K->146240K(506368K)] 582352K->404348K(1904640K), 0.0563464 secs] [Times: user=0.33 sys=0.00, real=0.05 secs] 
5416.075: [GC (Allocation Failure) [PSYoungGen: 471360K->110320K(509440K)] 729468K->505501K(1907712K), 0.0691126 secs] [Times: user=0.41 sys=0.00, real=0.07 secs] 
5417.916: [GC (Allocation Failure) [PSYoungGen: 435440K->148480K(509952K)] 830621K->652245K(1908224K), 0.0542100 secs] [Times: user=0.32 sys=0.00, real=0.06 secs] 
5420.110: [GC (Allocation Failure) [PSYoungGen: 477696K->111520K(514048K)] 981461K->754461K(1912320K), 0.0819924 secs] [Times: user=0.49 sys=0.01, real=0.08 secs] 
5421.656: [GC (Allocation Failure) [PSYoungGen: 440736K->152784K(507904K)] 1083677K->904746K(1906176K), 0.0544755 secs] [Times: user=0.33 sys=0.00, real=0.06 secs] 
5423.871: [GC (Allocation Failure) [PSYoungGen: 479952K->109296K(513024K)] 1231914K->1004634K(1911296K), 0.1125869 secs] [Times: user=0.67 sys=0.00, real=0.11 secs] 
5426.354: [GC (Allocation Failure) [PSYoungGen: 433080K->151504K(507904K)] 1328417K->1151999K(1906176K), 0.0534022 secs] [Times: user=0.32 sys=0.00, real=0.05 secs] 
5429.015: [GC (Allocation Failure) [PSYoungGen: 476624K->106272K(512000K)] 1477119K->1249506K(1910272K), 0.1562607 secs] [Times: user=0.93 sys=0.01, real=0.16 secs] 
5431.310: [GC (Allocation Failure) [PSYoungGen: 419311K->145136K(510976K)] 1562545K->1390848K(1909248K), 0.0514623 secs] [Times: user=0.31 sys=0.00, real=0.05 secs] 
5431.362: [Full GC (Ergonomics) [PSYoungGen: 145136K->0K(510976K)] [ParOldGen: 1245711K->196034K(1398272K)] 1390848K->196034K(1909248K), [Metaspace: 59705K->59705K(1105920K)], 0.4754613 secs] [Times: user=2.22 sys=0.00, real=0.47 secs] 
5434.140: [GC (Allocation Failure) [PSYoungGen: 326144K->108848K(435200K)] 522178K->304882K(1833472K), 0.1005076 secs] [Times: user=0.59 sys=0.00, real=0.10 secs] 
5435.822: [GC (Allocation Failure) [PSYoungGen: 434992K->153568K(506368K)] 631026K->453943K(1904640K), 0.0525540 secs] [Times: user=0.31 sys=0.00, real=0.05 secs] 
5438.709: [GC (Allocation Failure) [PSYoungGen: 476640K->97328K(510976K)] 777015K->550455K(1909248K), 0.1565543 secs] [Times: user=0.93 sys=0.01, real=0.15 secs] 
5439.366: [GC (Allocation Failure) [PSYoungGen: 420400K->157472K(500224K)] 873527K->702079K(1898496K), 0.0552830 secs] [Times: user=0.32 sys=0.00, real=0.06 secs] 
5443.221: [GC (Allocation Failure) [PSYoungGen: 470304K->90560K(505856K)] 1014911K->792268K(1904128K), 0.1745475 secs] [Times: user=1.04 sys=0.01, real=0.17 secs] 
5443.724: [GC (Allocation Failure) [PSYoungGen: 403392K->151952K(498688K)] 1105100K->938609K(1896960K), 0.0540863 secs] [Times: user=0.32 sys=0.00, real=0.06 secs] 
5446.859: [GC (GCLocker Initiated GC) [PSYoungGen: 457616K->88560K(502272K)] 1244274K->1027066K(1900544K), 0.1613229 secs] [Times: user=0.94 sys=0.02, real=0.16 secs] 
5448.380: [GC (Allocation Failure) [PSYoungGen: 394224K->164000K(487424K)] 1332733K->1184201K(1885696K), 0.0532576 secs] [Times: user=0.31 sys=0.00, real=0.05 secs] 
5449.919: [GC (Allocation Failure) [PSYoungGen: 455328K->82848K(495104K)] 1475529K->1250117K(1893376K), 0.0909423 secs] [Times: user=0.54 sys=0.00, real=0.09 secs] 
5452.629: [GC (Allocation Failure) [PSYoungGen: 374176K->133056K(486912K)] 1541445K->1379782K(1885184K), 0.0462662 secs] [Times: user=0.27 sys=0.00, real=0.04 secs] 
5452.675: [Full GC (Ergonomics) [PSYoungGen: 133056K->0K(486912K)] [ParOldGen: 1246726K->179398K(1398272K)] 1379782K->179398K(1885184K), [Metaspace: 59705K->59705K(1105920K)], 0.4305271 secs] [Times: user=1.99 sys=0.00, real=0.43 secs] 
5454.306: [GC (Allocation Failure) [PSYoungGen: 291328K->96976K(491008K)] 470726K->276375K(1889280K), 0.0443811 secs] [Times: user=0.26 sys=0.00, real=0.05 secs] 
5456.506: [GC (Allocation Failure) [PSYoungGen: 388304K->129760K(488960K)] 567703K->403367K(1887232K), 0.0541487 secs] [Times: user=0.31 sys=0.01, real=0.06 secs] 
5458.651: [GC (Allocation Failure) [PSYoungGen: 432352K->108288K(494592K)] 705959K->501767K(1892864K), 0.0617306 secs] [Times: user=0.36 sys=0.00, real=0.06 secs] 
5460.786: [GC (Allocation Failure) [PSYoungGen: 410880K->130176K(499712K)] 804359K->630708K(1897984K), 0.0644489 secs] [Times: user=0.38 sys=0.00, real=0.07 secs] 
5464.781: [GC (Allocation Failure) [PSYoungGen: 449664K->116736K(503808K)] 950196K->738028K(1902080K), 0.0637012 secs] [Times: user=0.38 sys=0.00, real=0.06 secs] 
5466.041: [GC (Allocation Failure) [PSYoungGen: 436224K->132400K(511488K)] 1057516K->870466K(1909760K), 0.0621013 secs] [Times: user=0.37 sys=0.00, real=0.06 secs] 
5469.250: [GC (Allocation Failure) [PSYoungGen: 467760K->4176K(339968K)] 1205826K->742521K(1738240K), 0.0041332 secs] [Times: user=0.02 sys=0.00, real=0.00 secs] 
5470.823: [GC (Allocation Failure) [PSYoungGen: 339536K->147328K(495616K)] 1077881K->888462K(1893888K), 0.0322712 secs] [Times: user=0.19 sys=0.00, real=0.03 secs] 
5473.087: [GC (Allocation Failure) [PSYoungGen: 450944K->105696K(409600K)] 1192078K->984158K(1807872K), 0.0673524 secs] [Times: user=0.40 sys=0.00, real=0.07 secs] 
5474.763: [GC (Allocation Failure) [PSYoungGen: 409312K->134976K(499200K)] 1287774K->1117738K(1897472K), 0.0599744 secs] [Times: user=0.35 sys=0.00, real=0.06 secs] 
5477.314: [GC (Allocation Failure) [PSYoungGen: 443712K->109568K(499712K)] 1426474K->1217699K(1897984K), 0.0658950 secs] [Times: user=0.39 sys=0.00, real=0.07 secs] 
5479.231: [GC (Allocation Failure) [PSYoungGen: 418304K->132032K(502272K)] 1526435K->1348927K(1900544K), 0.0639808 secs] [Times: user=0.37 sys=0.00, real=0.06 secs] 
5479.295: [Full GC (Ergonomics) [PSYoungGen: 132032K->0K(502272K)] [ParOldGen: 1216895K->147620K(1398272K)] 1348927K->147620K(1900544K), [Metaspace: 59705K->59685K(1105920K)], 0.3484799 secs] [Times: user=1.58 sys=0.00, real=0.35 secs] 
5481.648: [GC (Allocation Failure) [PSYoungGen: 317952K->117072K(501760K)] 465572K->264693K(1900032K), 0.0413220 secs] [Times: user=0.25 sys=0.00, real=0.05 secs] 
5483.780: [GC (Allocation Failure) [PSYoungGen: 435024K->135232K(506880K)] 582645K->399045K(1905152K), 0.0583937 secs] [Times: user=0.35 sys=0.00, real=0.06 secs] 
5485.838: [GC (Allocation Failure) [PSYoungGen: 464960K->116240K(507904K)] 728773K->505806K(1906176K), 0.0653642 secs] [Times: user=0.38 sys=0.01, real=0.06 secs] 
5488.198: [GC (Allocation Failure) [PSYoungGen: 445968K->147088K(510976K)] 835534K->651503K(1909248K), 0.0581316 secs] [Times: user=0.34 sys=0.00, real=0.05 secs] 
5489.605: [GC (Allocation Failure) [PSYoungGen: 485520K->117568K(516096K)] 989935K->759730K(1914368K), 0.0674375 secs] [Times: user=0.40 sys=0.01, real=0.07 secs] 
5491.505: [GC (Allocation Failure) [PSYoungGen: 456000K->153936K(512512K)] 1098162K->911200K(1910784K), 0.0564447 secs] [Times: user=0.34 sys=0.00, real=0.06 secs] 
5493.803: [GC (Allocation Failure) [PSYoungGen: 493392K->116032K(519168K)] 1250656K->1017271K(1917440K), 0.0795404 secs] [Times: user=0.47 sys=0.00, real=0.08 secs] 
5496.300: [GC (Allocation Failure) [PSYoungGen: 440651K->149792K(514048K)] 1341890K->1162328K(1912320K), 0.0545702 secs] [Times: user=0.33 sys=0.00, real=0.05 secs] 
5500.200: [GC (Allocation Failure) [PSYoungGen: 488224K->112592K(518656K)] 1500760K->1265589K(1916928K), 0.1639485 secs] [Times: user=0.98 sys=0.00, real=0.16 secs] 
5501.693: [GC (Allocation Failure) [PSYoungGen: 451024K->159808K(506368K)] 1604021K->1421427K(1904640K), 0.0550671 secs] [Times: user=0.33 sys=0.00, real=0.06 secs] 
5501.748: [Full GC (Ergonomics) [PSYoungGen: 159808K->0K(506368K)] [ParOldGen: 1261619K->217033K(1398272K)] 1421427K->217033K(1904640K), [Metaspace: 59685K->59685K(1105920K)], 0.5072119 secs] [Times: user=2.35 sys=0.00, real=0.50 secs] 
5504.785: [GC (Allocation Failure) [PSYoungGen: 329216K->103072K(514048K)] 546249K->320105K(1912320K), 0.1206021 secs] [Times: user=0.72 sys=0.00, real=0.12 secs] 
5505.867: [GC (GCLocker Initiated GC) [PSYoungGen: 432288K->156112K(504832K)] 649321K->469899K(1903104K), 0.1574192 secs] [Times: user=0.93 sys=0.01, real=0.16 secs] 
5510.108: [GC (Allocation Failure) [PSYoungGen: 477136K->97696K(509952K)] 790926K->567022K(1908224K), 0.1290025 secs] [Times: user=0.76 sys=0.00, real=0.12 secs] 
5510.765: [GC (Allocation Failure) [PSYoungGen: 418720K->154720K(501248K)] 888046K->711662K(1899520K), 0.1026575 secs] [Times: user=0.61 sys=0.00, real=0.10 secs] 
5514.212: [GC (Allocation Failure) [PSYoungGen: 467552K->95264K(505856K)] 1024494K->806539K(1904128K), 0.1268306 secs] [Times: user=0.75 sys=0.00, real=0.13 secs] 
5514.615: [GC (Allocation Failure) [PSYoungGen: 408096K->150976K(500736K)] 1119371K->951327K(1899008K), 0.0572866 secs] [Times: user=0.34 sys=0.00, real=0.06 secs] 
5517.930: [GC (Allocation Failure) [PSYoungGen: 459712K->89504K(503808K)] 1260063K->1040296K(1902080K), 0.1318815 secs] [Times: user=0.78 sys=0.00, real=0.13 secs] 
5518.293: [GC (Allocation Failure) [PSYoungGen: 398240K->150272K(498176K)] 1349032K->1184300K(1896448K), 0.0571352 secs] [Times: user=0.33 sys=0.01, real=0.06 secs] 
5521.998: [GC (GCLocker Initiated GC) [PSYoungGen: 453888K->87072K(501248K)] 1487917K->1270941K(1899520K), 0.1608396 secs] [Times: user=0.95 sys=0.00, real=0.17 secs] 
5522.399: [GC (Allocation Failure) [PSYoungGen: 390688K->148160K(497664K)] 1574609K->1412317K(1895936K), 0.0549919 secs] [Times: user=0.33 sys=0.00, real=0.05 secs] 
5522.454: [Full GC (Ergonomics) [PSYoungGen: 148160K->0K(497664K)] [ParOldGen: 1264157K->219512K(1398272K)] 1412317K->219512K(1895936K), [Metaspace: 59685K->59685K(1105920K)], 0.5097251 secs] [Times: user=2.38 sys=0.00, real=0.51 secs] 
5526.619: [GC (Allocation Failure) [PSYoungGen: 300544K->85760K(499712K)] 520056K->305272K(1897984K), 0.1328611 secs] [Times: user=0.79 sys=0.00, real=0.13 secs] 
5527.520: [GC (Allocation Failure) [PSYoungGen: 386304K->145728K(498176K)] 605816K->444873K(1896448K), 0.0510912 secs] [Times: user=0.30 sys=0.00, real=0.05 secs] 
5529.865: [GC (Allocation Failure) [PSYoungGen: 445248K->91248K(391168K)] 744393K->535449K(1789440K), 0.1648053 secs] [Times: user=0.98 sys=0.00, real=0.17 secs] 
5531.140: [GC (Allocation Failure) [PSYoungGen: 390768K->139520K(498688K)] 834969K->670997K(1896960K), 0.0490979 secs] [Times: user=0.29 sys=0.01, real=0.05 secs] 
5533.270: [GC (Allocation Failure) [PSYoungGen: 440576K->98112K(399360K)] 972053K->760217K(1797632K), 0.0771103 secs] [Times: user=0.45 sys=0.00, real=0.07 secs] 
5536.046: [GC (Allocation Failure) [PSYoungGen: 399168K->137792K(498176K)] 1061273K->894598K(1896448K), 0.0481790 secs] [Times: user=0.28 sys=0.00, real=0.05 secs] 
5537.563: [GC (Allocation Failure) [PSYoungGen: 442432K->100224K(497664K)] 1199238K->985818K(1895936K), 0.0679283 secs] [Times: user=0.40 sys=0.00, real=0.07 secs] 
5540.971: [GC (Allocation Failure) [PSYoungGen: 404864K->139200K(501248K)] 1290458K->1122207K(1899520K), 0.0501757 secs] [Times: user=0.29 sys=0.00, real=0.05 secs] 
5542.331: [GC (Allocation Failure) [PSYoungGen: 451008K->106240K(501760K)] 1434015K->1218903K(1900032K), 0.0719608 secs] [Times: user=0.43 sys=0.01, real=0.07 secs] 
5544.829: [GC (Allocation Failure) [PSYoungGen: 418048K->141568K(504320K)] 1530711K->1358372K(1902592K), 0.0530577 secs] [Times: user=0.31 sys=0.01, real=0.05 secs] 
5547.463: [GC (Allocation Failure) [PSYoungGen: 460032K->108032K(505344K)] 1676836K->1457292K(1903616K), 0.0659603 secs] [Times: user=0.39 sys=0.01, real=0.07 secs] 
5547.529: [Full GC (Ergonomics) [PSYoungGen: 108032K->0K(505344K)] [ParOldGen: 1349260K->27462K(1398272K)] 1457292K->27462K(1903616K), [Metaspace: 59685K->59685K(1105920K)], 0.0484926 secs] [Times: user=0.15 sys=0.00, real=0.04 secs] 
5549.793: [GC (Allocation Failure) [PSYoungGen: 318464K->142720K(506880K)] 345926K->170182K(1905152K), 0.0280615 secs] [Times: user=0.16 sys=0.00, real=0.03 secs] 
5551.148: [GC (Allocation Failure) [PSYoungGen: 466816K->112016K(508928K)] 494278K->272331K(1907200K), 0.0801424 secs] [Times: user=0.48 sys=0.00, real=0.08 secs] 
5553.144: [GC (Allocation Failure) [PSYoungGen: 436112K->148752K(507904K)] 596427K->418400K(1906176K), 0.0535369 secs] [Times: user=0.32 sys=0.00, real=0.05 secs] 
5555.067: [GC (Allocation Failure) [PSYoungGen: 475920K->110384K(512000K)] 745568K->519384K(1910272K), 0.0651837 secs] [Times: user=0.39 sys=0.00, real=0.07 secs] 
5557.438: [GC (Allocation Failure) [PSYoungGen: 437552K->152096K(508416K)] 846552K->667920K(1906688K), 0.0536957 secs] [Times: user=0.32 sys=0.00, real=0.05 secs] 
5559.891: [GC (Allocation Failure) [PSYoungGen: 479264K->108128K(513024K)] 995088K->766952K(1911296K), 0.1107564 secs] [Times: user=0.66 sys=0.00, real=0.11 secs] 
5562.429: [GC (Allocation Failure) [PSYoungGen: 435296K->151952K(507392K)] 1094120K->914450K(1905664K), 0.0527903 secs] [Times: user=0.31 sys=0.00, real=0.05 secs] 
5564.191: [GC (Allocation Failure) [PSYoungGen: 476048K->107008K(511488K)] 1238546K->1012293K(1909760K), 0.1128918 secs] [Times: user=0.67 sys=0.00, real=0.11 secs] 
5565.614: [GC (Allocation Failure) [PSYoungGen: 416955K->144736K(510976K)] 1322241K->1153117K(1909248K), 0.0514989 secs] [Times: user=0.30 sys=0.00, real=0.05 secs] 
5569.804: [GC (Allocation Failure) [PSYoungGen: 470880K->106352K(432640K)] 1479261K->1250374K(1830912K), 0.1712569 secs] [Times: user=1.02 sys=0.00, real=0.17 secs] 
5572.102: [GC (Allocation Failure) [PSYoungGen: 416449K->144256K(509952K)] 1560471K->1390686K(1908224K), 0.0527039 secs] [Times: user=0.31 sys=0.00, real=0.05 secs] 
5572.154: [Full GC (Ergonomics) [PSYoungGen: 144256K->0K(509952K)] [ParOldGen: 1246430K->195622K(1398272K)] 1390686K->195622K(1908224K), [Metaspace: 59685K->59685K(1105920K)], 0.4695844 secs] [Times: user=2.18 sys=0.00, real=0.47 secs] 
5575.208: [GC (Allocation Failure) [PSYoungGen: 326144K->105552K(511488K)] 521766K->301175K(1909760K), 0.0968693 secs] [Times: user=0.57 sys=0.00, real=0.09 secs] 
5576.993: [GC (Allocation Failure) [PSYoungGen: 419673K->146256K(509952K)] 615295K->443014K(1908224K), 0.0510131 secs] [Times: user=0.29 sys=0.01, real=0.05 secs] 
5579.609: [GC (Allocation Failure) [PSYoungGen: 473424K->107904K(512512K)] 770182K->541985K(1910784K), 0.1653917 secs] [Times: user=0.98 sys=0.00, real=0.16 secs] 
5581.661: [GC (Allocation Failure) [PSYoungGen: 435072K->154160K(506880K)] 869153K->691335K(1905152K), 0.0522320 secs] [Times: user=0.31 sys=0.00, real=0.05 secs] 
5584.098: [GC (Allocation Failure) [PSYoungGen: 478256K->98240K(511488K)] 1015431K->789054K(1909760K), 0.1436800 secs] [Times: user=0.85 sys=0.00, real=0.15 secs] 
5585.173: [GC (Allocation Failure) [PSYoungGen: 422336K->156800K(500736K)] 1113150K->938891K(1899008K), 0.0559641 secs] [Times: user=0.33 sys=0.00, real=0.06 secs] 
5588.095: [GC (Allocation Failure) [PSYoungGen: 470656K->93248K(506368K)] 1252747K->1031667K(1904640K), 0.1784804 secs] [Times: user=1.06 sys=0.00, real=0.18 secs] 
5588.858: [GC (Allocation Failure) [PSYoungGen: 407104K->151664K(500736K)] 1345523K->1177371K(1899008K), 0.0548929 secs] [Times: user=0.33 sys=0.00, real=0.06 secs] 
5592.497: [GC (Allocation Failure) [PSYoungGen: 460400K->91568K(503808K)] 1486107K->1268811K(1902080K), 0.1628150 secs] [Times: user=0.97 sys=0.00, real=0.17 secs] 
5593.067: [GC (Allocation Failure) [PSYoungGen: 400304K->147744K(501248K)] 1577547K->1410222K(1899520K), 0.0542805 secs] [Times: user=0.31 sys=0.01, real=0.06 secs] 
5593.121: [Full GC (Ergonomics) [PSYoungGen: 147744K->0K(501248K)] [ParOldGen: 1262478K->209701K(1398272K)] 1410222K->209701K(1899520K), [Metaspace: 59685K->59685K(1105920K)], 0.4844555 secs] [Times: user=2.25 sys=0.00, real=0.48 secs] 
5597.706: [GC (Allocation Failure) [PSYoungGen: 306688K->87329K(502784K)] 516389K->297030K(1901056K), 0.1629114 secs] [Times: user=0.97 sys=0.00, real=0.17 secs] 
5599.291: [GC (Allocation Failure) [PSYoungGen: 390577K->142848K(502784K)] 600278K->435698K(1901056K), 0.0484803 secs] [Times: user=0.28 sys=0.00, real=0.05 secs] 
5601.328: [GC (Allocation Failure) [PSYoungGen: 449536K->100800K(407552K)] 742386K->527702K(1805824K), 0.1521706 secs] [Times: user=0.91 sys=0.00, real=0.15 secs] 
5603.281: [GC (Allocation Failure) [PSYoungGen: 407488K->143600K(498688K)] 834390K->667900K(1896960K), 0.0492208 secs] [Times: user=0.28 sys=0.00, real=0.05 secs] 
5604.945: [GC (Allocation Failure) [PSYoungGen: 449264K->98464K(499712K)] 973564K->757395K(1897984K), 0.0746589 secs] [Times: user=0.45 sys=0.01, real=0.08 secs] 
5608.547: [GC (Allocation Failure) [PSYoungGen: 404128K->141648K(502784K)] 1063059K->895409K(1901056K), 0.0485868 secs] [Times: user=0.28 sys=0.00, real=0.05 secs] 
5610.417: [GC (Allocation Failure) [PSYoungGen: 452944K->103456K(503296K)] 1206705K->989728K(1901568K), 0.0624152 secs] [Times: user=0.37 sys=0.00, real=0.07 secs] 
5612.876: [GC (Allocation Failure) [PSYoungGen: 414752K->151264K(499200K)] 1301024K->1137405K(1897472K), 0.0524343 secs] [Times: user=0.31 sys=0.00, real=0.06 secs] 
5614.219: [GC (Allocation Failure) [PSYoungGen: 462048K->104128K(503808K)] 1448189K->1223797K(1902080K), 0.0670622 secs] [Times: user=0.40 sys=0.00, real=0.06 secs] 
5616.830: [GC (Allocation Failure) [PSYoungGen: 414912K->141088K(504832K)] 1534581K->1362642K(1903104K), 0.0521661 secs] [Times: user=0.31 sys=0.00, real=0.05 secs] 
5616.882: [Full GC (Ergonomics) [PSYoungGen: 141088K->0K(504832K)] [ParOldGen: 1221554K->169340K(1398272K)] 1362642K->169340K(1903104K), [Metaspace: 59685K->59685K(1105920K)], 0.3900018 secs] [Times: user=1.78 sys=0.00, real=0.39 secs] 
5619.067: [GC (Allocation Failure) [PSYoungGen: 316416K->107936K(505856K)] 485756K->277276K(1904128K), 0.0374070 secs] [Times: user=0.22 sys=0.01, real=0.04 secs] 
5621.830: [GC (Allocation Failure) [PSYoungGen: 424352K->141760K(505856K)] 593692K->416512K(1904128K), 0.0540155 secs] [Times: user=0.32 sys=0.00, real=0.05 secs] 
5625.137: [GC (Allocation Failure) [PSYoungGen: 461760K->107952K(506880K)] 736512K->514613K(1905152K), 0.0676427 secs] [Times: user=0.40 sys=0.00, real=0.07 secs] 
5627.709: [GC (Allocation Failure) [PSYoungGen: 427952K->145088K(507392K)] 834613K->657577K(1905664K), 0.0541823 secs] [Times: user=0.32 sys=0.00, real=0.05 secs] 
5629.280: [GC (Allocation Failure) [PSYoungGen: 469184K->110512K(509440K)] 981673K->759038K(1907712K), 0.0782049 secs] [Times: user=0.46 sys=0.01, real=0.08 secs] 
5632.712: [GC (Allocation Failure) [PSYoungGen: 434608K->149632K(507904K)] 1083134K->904674K(1906176K), 0.0543535 secs] [Times: user=0.32 sys=0.00, real=0.05 secs] 
5634.146: [GC (Allocation Failure) [PSYoungGen: 475776K->111104K(512000K)] 1230818K->1006702K(1910272K), 0.0665235 secs] [Times: user=0.39 sys=0.00, real=0.07 secs] 
5636.803: [GC (Allocation Failure) [PSYoungGen: 437248K->151600K(507392K)] 1332846K->1154828K(1905664K), 0.0554752 secs] [Times: user=0.33 sys=0.00, real=0.06 secs] 
5639.246: [GC (Allocation Failure) [PSYoungGen: 476720K->107072K(512000K)] 1479948K->1252535K(1910272K), 0.1487906 secs] [Times: user=0.89 sys=0.00, real=0.15 secs] 
5641.249: [GC (Allocation Failure) [PSYoungGen: 425910K->150944K(507392K)] 1571373K->1398716K(1905664K), 0.0535073 secs] [Times: user=0.32 sys=0.00, real=0.05 secs] 
5641.303: [Full GC (Ergonomics) [PSYoungGen: 150944K->0K(507392K)] [ParOldGen: 1247772K->196390K(1398272K)] 1398716K->196390K(1905664K), [Metaspace: 59685K->59685K(1105920K)], 0.4650061 secs] [Times: user=2.14 sys=0.00, real=0.47 secs] 
5644.260: [GC (Allocation Failure) [PSYoungGen: 323072K->104416K(510976K)] 519462K->300806K(1909248K), 0.1002465 secs] [Times: user=0.59 sys=0.01, real=0.10 secs] 
5645.427: [GC (Allocation Failure) [PSYoungGen: 417788K->146752K(508928K)] 614178K->443655K(1907200K), 0.0501594 secs] [Times: user=0.30 sys=0.01, real=0.05 secs] 
5648.288: [GC (Allocation Failure) [PSYoungGen: 469824K->107216K(430592K)] 766727K->541900K(1828864K), 0.1797006 secs] [Times: user=1.07 sys=0.00, real=0.18 secs] 
5649.501: [GC (Allocation Failure) [PSYoungGen: 430288K->153184K(505344K)] 864972K->691152K(1903616K), 0.0517653 secs] [Times: user=0.30 sys=0.01, real=0.05 secs] 
5652.443: [GC (Allocation Failure) [PSYoungGen: 473184K->94976K(509440K)] 1011152K->785448K(1907712K), 0.1689964 secs] [Times: user=1.00 sys=0.01, real=0.17 secs] 
5653.547: [GC (Allocation Failure) [PSYoungGen: 414976K->152304K(502784K)] 1105448K->933657K(1901056K), 0.0550088 secs] [Times: user=0.33 sys=0.00, real=0.06 secs] 
5656.723: [GC (Allocation Failure) [PSYoungGen: 462525K->90800K(506368K)] 1243878K->1023997K(1904640K), 0.1722136 secs] [Times: user=1.02 sys=0.00, real=0.17 secs] 
5658.068: [GC (Allocation Failure) [PSYoungGen: 388976K->138368K(503296K)] 1322173K->1158653K(1901568K), 0.0503648 secs] [Times: user=0.29 sys=0.00, real=0.06 secs] 
5660.397: [GC (Allocation Failure) [PSYoungGen: 452224K->103888K(504832K)] 1472509K->1253842K(1903104K), 0.1585751 secs] [Times: user=0.94 sys=0.01, real=0.16 secs] 
5661.691: [GC (Allocation Failure) [PSYoungGen: 417744K->147488K(504832K)] 1567698K->1397757K(1903104K), 0.0517432 secs] [Times: user=0.30 sys=0.00, real=0.05 secs] 
5661.743: [Full GC (Ergonomics) [PSYoungGen: 147488K->0K(504832K)] [ParOldGen: 1250269K->196830K(1398272K)] 1397757K->196830K(1903104K), [Metaspace: 59685K->59685K(1105920K)], 0.4707057 secs] [Times: user=2.17 sys=0.01, real=0.47 secs] 
5664.314: [GC (Allocation Failure) [PSYoungGen: 316416K->105056K(506880K)] 513246K->301886K(1905152K), 0.0956446 secs] [Times: user=0.46 sys=0.00, real=0.10 secs] 
5665.811: [GC (Allocation Failure) [PSYoungGen: 418536K->146720K(505856K)] 615366K->444499K(1904128K), 0.0496400 secs] [Times: user=0.30 sys=0.00, real=0.05 secs] 
5667.242: [GC (Allocation Failure) [PSYoungGen: 464672K->105024K(507904K)] 762451K->540375K(1906176K), 0.0836076 secs] [Times: user=0.50 sys=0.00, real=0.08 secs] 
5669.940: [GC (Allocation Failure) [PSYoungGen: 422976K->146032K(505856K)] 858327K->682508K(1904128K), 0.0500863 secs] [Times: user=0.29 sys=0.00, real=0.05 secs] 
5672.298: [GC (Allocation Failure) [PSYoungGen: 465008K->103872K(507904K)] 1001484K->777648K(1906176K), 0.1582485 secs] [Times: user=0.94 sys=0.00, real=0.16 secs] 
5673.943: [GC (Allocation Failure) [PSYoungGen: 413455K->147008K(506880K)] 1087231K->920588K(1905152K), 0.0501353 secs] [Times: user=0.29 sys=0.00, real=0.05 secs] 
5676.585: [GC (Allocation Failure) [PSYoungGen: 467520K->106240K(509440K)] 1241100K->1018148K(1907712K), 0.1706906 secs] [Times: user=1.02 sys=0.00, real=0.17 secs] 
5678.434: [GC (Allocation Failure) [PSYoungGen: 424080K->144128K(507904K)] 1335989K->1158817K(1906176K), 0.0723856 secs] [Times: user=0.43 sys=0.00, real=0.07 secs] 
5681.697: [GC (Allocation Failure) [PSYoungGen: 466176K->104480K(509440K)] 1480865K->1255041K(1907712K), 0.1330751 secs] [Times: user=0.79 sys=0.01, real=0.14 secs] 
5683.487: [GC (Allocation Failure) [PSYoungGen: 421694K->146512K(508416K)] 1572256K->1397815K(1906688K), 0.0522159 secs] [Times: user=0.31 sys=0.00, real=0.06 secs] 
5683.539: [Full GC (Ergonomics) [PSYoungGen: 146512K->0K(508416K)] [ParOldGen: 1251302K->196340K(1398272K)] 1397815K->196340K(1906688K), [Metaspace: 59685K->59685K(1105920K)], 0.4593943 secs] [Times: user=2.13 sys=0.00, real=0.46 secs] 
5686.190: [GC (Allocation Failure) [PSYoungGen: 323584K->106176K(510464K)] 519924K->302516K(1908736K), 0.0811556 secs] [Times: user=0.48 sys=0.00, real=0.08 secs] 
5687.396: [GC (Allocation Failure) [PSYoungGen: 429760K->184288K(417280K)] 626100K->501809K(1815552K), 0.0559991 secs] [Times: user=0.32 sys=0.00, real=0.06 secs] 
5689.405: [GC (Allocation Failure) [PSYoungGen: 417248K->58416K(465920K)] 734769K->510810K(1864192K), 0.0573548 secs] [Times: user=0.34 sys=0.00, real=0.06 secs] 
5691.726: [GC (Allocation Failure) [PSYoungGen: 291376K->104096K(465920K)] 743770K->613378K(1864192K), 0.0705277 secs] [Times: user=0.42 sys=0.00, real=0.07 secs] 
5692.634: [GC (Allocation Failure) [PSYoungGen: 337056K->117696K(465920K)] 846338K->721978K(1864192K), 0.1402195 secs] [Times: user=0.83 sys=0.00, real=0.14 secs] 
5694.745: [GC (Allocation Failure) [PSYoungGen: 350656K->56672K(465920K)] 954938K->778602K(1864192K), 0.1080070 secs] [Times: user=0.64 sys=0.00, real=0.11 secs] 
5696.842: [GC (Allocation Failure) [PSYoungGen: 289632K->107680K(340992K)] 1011562K->881767K(1739264K), 0.0436853 secs] [Times: user=0.26 sys=0.00, real=0.04 secs] 
5698.095: [GC (Allocation Failure) [PSYoungGen: 340640K->105120K(468480K)] 1114727K->977071K(1866752K), 0.0556479 secs] [Times: user=0.33 sys=0.00, real=0.06 secs] 
5700.899: [GC (Allocation Failure) [PSYoungGen: 346272K->72736K(460288K)] 1218223K->1049647K(1858560K), 0.1031268 secs] [Times: user=0.61 sys=0.00, real=0.10 secs] 
5701.201: [GC (Allocation Failure) [PSYoungGen: 313096K->116192K(470016K)] 1290007K->1159736K(1868288K), 0.0435856 secs] [Times: user=0.26 sys=0.00, real=0.04 secs] 
5702.863: [GC (Allocation Failure) [PSYoungGen: 378336K->82080K(469504K)] 1421880K->1232956K(1867776K), 0.0589282 secs] [Times: user=0.35 sys=0.00, real=0.06 secs] 
5705.369: [GC (Allocation Failure) [PSYoungGen: 344224K->117952K(482304K)] 1495100K->1348457K(1880576K), 0.0539357 secs] [Times: user=0.32 sys=0.00, real=0.05 secs] 
5706.682: [GC (Allocation Failure) [PSYoungGen: 405696K->114944K(484864K)] 1636201K->1453945K(1883136K), 0.0602902 secs] [Times: user=0.36 sys=0.00, real=0.06 secs] 
5706.743: [Full GC (Ergonomics) [PSYoungGen: 114944K->0K(484864K)] [ParOldGen: 1339001K->250691K(1398272K)] 1453945K->250691K(1883136K), [Metaspace: 59685K->59685K(1105920K)], 0.5333606 secs] [Times: user=2.33 sys=0.00, real=0.53 secs] 
5710.155: [GC (Allocation Failure) [PSYoungGen: 287744K->113744K(492544K)] 538435K->364436K(1890816K), 0.0362340 secs] [Times: user=0.21 sys=0.00, real=0.04 secs] 
5711.493: [GC (Allocation Failure) [PSYoungGen: 426064K->143360K(494592K)] 676756K->488200K(1892864K), 0.0607400 secs] [Times: user=0.36 sys=0.00, real=0.06 secs] 
5714.328: [GC (Allocation Failure) [PSYoungGen: 455680K->103696K(510976K)] 800520K->591961K(1909248K), 0.0927407 secs] [Times: user=0.55 sys=0.00, real=0.09 secs] 
5715.785: [GC (Allocation Failure) [PSYoungGen: 433424K->145184K(511488K)] 921689K->725655K(1909760K), 0.0636008 secs] [Times: user=0.34 sys=0.00, real=0.07 secs] 
5717.359: [GC (Allocation Failure) [PSYoungGen: 474912K->118176K(508416K)] 1055383K->843871K(1906688K), 0.0883742 secs] [Times: user=0.52 sys=0.01, real=0.08 secs] 
5719.745: [GC (Allocation Failure) [PSYoungGen: 448928K->131232K(510464K)] 1174623K->963792K(1908736K), 0.0617700 secs] [Times: user=0.37 sys=0.00, real=0.06 secs] 
5721.794: [GC (Allocation Failure) [PSYoungGen: 461984K->134080K(517120K)] 1294544K->1097528K(1915392K), 0.0673165 secs] [Times: user=0.40 sys=0.00, real=0.07 secs] 
5723.701: [GC (Allocation Failure) [PSYoungGen: 474560K->6928K(347648K)] 1438008K->970485K(1745920K), 0.0044742 secs] [Times: user=0.02 sys=0.00, real=0.00 secs] 
5726.940: [GC (Allocation Failure) [PSYoungGen: 347408K->149056K(494592K)] 1310965K->1117173K(1892864K), 0.0335215 secs] [Times: user=0.20 sys=0.00, real=0.03 secs] 
5728.679: [GC (Allocation Failure) [PSYoungGen: 451648K->104032K(407040K)] 1419765K->1211485K(1805312K), 0.0670955 secs] [Times: user=0.39 sys=0.01, real=0.06 secs] 
5730.624: [GC (GCLocker Initiated GC) [PSYoungGen: 406624K->135216K(499712K)] 1514077K->1344971K(1897984K), 0.0580645 secs] [Times: user=0.34 sys=0.00, real=0.06 secs] 
5730.682: [Full GC (Ergonomics) [PSYoungGen: 135216K->0K(499712K)] [ParOldGen: 1209754K->156958K(1398272K)] 1344971K->156958K(1897984K), [Metaspace: 59685K->59685K(1105920K)], 0.3663706 secs] [Times: user=1.69 sys=0.00, real=0.37 secs] 
5732.800: [GC (Allocation Failure) [PSYoungGen: 308224K->109088K(500224K)] 465233K->266097K(1898496K), 0.0396825 secs] [Times: user=0.23 sys=0.00, real=0.04 secs] 
5734.778: [GC (Allocation Failure) [PSYoungGen: 417312K->134336K(500224K)] 574321K->399174K(1898496K), 0.0619202 secs] [Times: user=0.37 sys=0.00, real=0.07 secs] 
5736.146: [GC (Allocation Failure) [PSYoungGen: 449216K->114784K(500736K)] 714054K->504050K(1899008K), 0.0643975 secs] [Times: user=0.39 sys=0.00, real=0.07 secs] 
5738.067: [GC (Allocation Failure) [PSYoungGen: 429664K->137824K(504320K)] 818930K->640739K(1902592K), 0.0597007 secs] [Times: user=0.35 sys=0.00, real=0.06 secs] 
5740.395: [GC (Allocation Failure) [PSYoungGen: 463252K->112976K(506368K)] 966168K->744272K(1904640K), 0.0651301 secs] [Times: user=0.38 sys=0.00, real=0.07 secs] 
5743.131: [GC (Allocation Failure) [PSYoungGen: 438608K->144224K(510976K)] 1069904K->887164K(1909248K), 0.0546692 secs] [Times: user=0.33 sys=0.01, real=0.05 secs] 
5745.679: [GC (Allocation Failure) [PSYoungGen: 479584K->115360K(515072K)] 1222524K->993004K(1913344K), 0.0665525 secs] [Times: user=0.39 sys=0.01, real=0.06 secs] 
5747.426: [GC (Allocation Failure) [PSYoungGen: 450720K->154624K(509952K)] 1328364K->1144253K(1908224K), 0.0562671 secs] [Times: user=0.33 sys=0.00, real=0.06 secs] 
5748.821: [GC (Allocation Failure) [PSYoungGen: 489984K->113056K(517120K)] 1479613K->1248093K(1915392K), 0.0858468 secs] [Times: user=0.51 sys=0.00, real=0.08 secs] 
5750.858: [GC (Allocation Failure) [PSYoungGen: 446584K->154416K(507904K)] 1581621K->1398793K(1906176K), 0.0548696 secs] [Times: user=0.32 sys=0.00, real=0.06 secs] 
5750.912: [Full GC (Ergonomics) [PSYoungGen: 154416K->0K(507904K)] [ParOldGen: 1244376K->196772K(1398272K)] 1398793K->196772K(1906176K), [Metaspace: 59685K->59685K(1105920K)], 0.4773329 secs] [Times: user=2.23 sys=0.00, real=0.48 secs] 
5754.961: [GC (Allocation Failure) [PSYoungGen: 330240K->108736K(514560K)] 527012K->305508K(1912832K), 0.1009129 secs] [Times: user=0.60 sys=0.01, real=0.10 secs] 
5756.863: [GC (Allocation Failure) [PSYoungGen: 438976K->169408K(495104K)] 635748K->470793K(1893376K), 0.0524332 secs] [Times: user=0.31 sys=0.01, real=0.05 secs] 
5759.668: [GC (Allocation Failure) [PSYoungGen: 481906K->94096K(506368K)] 783291K->547454K(1904640K), 0.1587460 secs] [Times: user=0.95 sys=0.00, real=0.15 secs] 
5760.370: [GC (Allocation Failure) [PSYoungGen: 407952K->148160K(503808K)] 861310K->691590K(1902080K), 0.0542578 secs] [Times: user=0.32 sys=0.00, real=0.05 secs] 
5763.484: [GC (Allocation Failure) [PSYoungGen: 459968K->91648K(505344K)] 1003398K->782594K(1903616K), 0.1684371 secs] [Times: user=1.00 sys=0.00, real=0.17 secs] 
5764.728: [GC (Allocation Failure) [PSYoungGen: 396727K->141904K(504832K)] 1087674K->920526K(1903104K), 0.0492890 secs] [Times: user=0.29 sys=0.00, real=0.04 secs] 
5767.173: [GC (Allocation Failure) [PSYoungGen: 454224K->103104K(415744K)] 1232846K->1014798K(1814016K), 0.0863751 secs] [Times: user=0.51 sys=0.00, real=0.09 secs] 
5769.468: [GC (Allocation Failure) [PSYoungGen: 415424K->146032K(501248K)] 1327118K->1156843K(1899520K), 0.0500836 secs] [Times: user=0.30 sys=0.00, real=0.05 secs] 
5771.254: [GC (Allocation Failure) [PSYoungGen: 457328K->104576K(503296K)] 1468139K->1251794K(1901568K), 0.0651932 secs] [Times: user=0.38 sys=0.01, real=0.07 secs] 
5773.257: [GC (Allocation Failure) [PSYoungGen: 415872K->143520K(504832K)] 1563090K->1391863K(1903104K), 0.0506417 secs] [Times: user=0.30 sys=0.01, real=0.05 secs] 
5773.308: [Full GC (Ergonomics) [PSYoungGen: 143520K->0K(504832K)] [ParOldGen: 1248343K->190417K(1398272K)] 1391863K->190417K(1903104K), [Metaspace: 59685K->59685K(1105920K)], 0.4505944 secs] [Times: user=2.09 sys=0.00, real=0.46 secs] 
5776.602: [GC (Allocation Failure) [PSYoungGen: 315904K->105712K(505856K)] 506321K->296130K(1904128K), 0.0453727 secs] [Times: user=0.27 sys=0.00, real=0.04 secs] 
5779.097: [GC (Allocation Failure) [PSYoungGen: 421616K->144416K(505856K)] 612034K->436832K(1904128K), 0.0505895 secs] [Times: user=0.30 sys=0.00, real=0.05 secs] 
5781.659: [GC (Allocation Failure) [PSYoungGen: 463392K->106464K(506880K)] 755808K->534360K(1905152K), 0.0925359 secs] [Times: user=0.55 sys=0.00, real=0.09 secs] 
5783.670: [GC (Allocation Failure) [PSYoungGen: 425440K->149248K(506368K)] 853336K->679629K(1904640K), 0.0517349 secs] [Times: user=0.30 sys=0.00, real=0.05 secs] 
5785.971: [GC (Allocation Failure) [PSYoungGen: 470272K->107552K(509440K)] 1000653K->777997K(1907712K), 0.1284866 secs] [Times: user=0.76 sys=0.00, real=0.13 secs] 
5788.614: [GC (Allocation Failure) [PSYoungGen: 427103K->146256K(508416K)] 1097548K->920106K(1906688K), 0.0519112 secs] [Times: user=0.30 sys=0.00, real=0.05 secs] 
5790.907: [GC (Allocation Failure) [PSYoungGen: 469328K->106560K(510464K)] 1243178K->1017810K(1908736K), 0.1682195 secs] [Times: user=1.00 sys=0.01, real=0.17 secs] 
5792.995: [GC (Allocation Failure) [PSYoungGen: 422461K->144224K(509952K)] 1333711K->1158270K(1908224K), 0.0538012 secs] [Times: user=0.32 sys=0.00, real=0.06 secs] 
5795.841: [GC (Allocation Failure) [PSYoungGen: 469344K->109808K(510976K)] 1483390K->1259663K(1909248K), 0.1608770 secs] [Times: user=0.95 sys=0.00, real=0.16 secs] 
5797.607: [GC (Allocation Failure) [PSYoungGen: 434928K->150720K(506880K)] 1584783K->1406347K(1905152K), 0.0543812 secs] [Times: user=0.32 sys=0.01, real=0.06 secs] 
5797.662: [Full GC (Ergonomics) [PSYoungGen: 150720K->0K(506880K)] [ParOldGen: 1255627K->205246K(1398272K)] 1406347K->205246K(1905152K), [Metaspace: 59688K->59688K(1105920K)], 0.4862005 secs] [Times: user=2.21 sys=0.00, real=0.49 secs] 
5800.653: [GC (Allocation Failure) [PSYoungGen: 324096K->98048K(510976K)] 529342K->303294K(1909248K), 0.1553682 secs] [Times: user=0.92 sys=0.01, real=0.16 secs] 
5801.758: [GC (Allocation Failure) [PSYoungGen: 422144K->156992K(500736K)] 627390K->454327K(1899008K), 0.0561327 secs] [Times: user=0.34 sys=0.00, real=0.05 secs] 
5804.883: [GC (Allocation Failure) [PSYoungGen: 471872K->92960K(506880K)] 769207K->546799K(1905152K), 0.1611084 secs] [Times: user=0.96 sys=0.00, real=0.16 secs] 
5805.851: [GC (Allocation Failure) [PSYoungGen: 407840K->152784K(500224K)] 861679K->693024K(1898496K), 0.0541180 secs] [Times: user=0.32 sys=0.00, real=0.05 secs] 
5808.396: [GC (Allocation Failure) [PSYoungGen: 461520K->91280K(503808K)] 1001760K->783964K(1902080K), 0.1182350 secs] [Times: user=0.69 sys=0.01, real=0.12 secs] 
5808.983: [GC (Allocation Failure) [PSYoungGen: 400016K->148640K(500224K)] 1092700K->925985K(1898496K), 0.0651784 secs] [Times: user=0.38 sys=0.00, real=0.06 secs] 
5811.691: [GC (Allocation Failure) [PSYoungGen: 454304K->86240K(502272K)] 1231649K->1012145K(1900544K), 0.1536473 secs] [Times: user=0.91 sys=0.01, real=0.15 secs] 
5812.976: [GC (Allocation Failure) [PSYoungGen: 389190K->142720K(502272K)] 1315095K->1150782K(1900544K), 0.0493447 secs] [Times: user=0.29 sys=0.00, real=0.05 secs] 
5815.155: [GC (Allocation Failure) [PSYoungGen: 448384K->100768K(406528K)] 1456446K->1243022K(1804800K), 0.0861725 secs] [Times: user=0.51 sys=0.00, real=0.09 secs] 
5818.157: [GC (Allocation Failure) [PSYoungGen: 406432K->140752K(499200K)] 1548686K->1380179K(1897472K), 0.0508713 secs] [Times: user=0.29 sys=0.00, real=0.05 secs] 
5818.208: [Full GC (Ergonomics) [PSYoungGen: 140752K->0K(499200K)] [ParOldGen: 1239426K->186741K(1398272K)] 1380179K->186741K(1897472K), [Metaspace: 59688K->59688K(1105920K)], 0.4483149 secs] [Times: user=2.04 sys=0.00, real=0.45 secs] 
5819.834: [GC (Allocation Failure) [PSYoungGen: 305664K->100912K(499200K)] 492405K->287654K(1897472K), 0.0320454 secs] [Times: user=0.19 sys=0.00, real=0.03 secs] 
5822.428: [GC (Allocation Failure) [PSYoungGen: 406576K->139936K(502272K)] 593318K->423706K(1900544K), 0.0495414 secs] [Times: user=0.29 sys=0.00, real=0.05 secs] 
5824.410: [GC (Allocation Failure) [PSYoungGen: 451744K->104976K(502272K)] 735514K->519311K(1900544K), 0.0743824 secs] [Times: user=0.44 sys=0.00, real=0.07 secs] 
5827.760: [GC (Allocation Failure) [PSYoungGen: 416784K->150368K(500736K)] 831119K->666691K(1899008K), 0.0527133 secs] [Times: user=0.31 sys=0.00, real=0.05 secs] 
5829.093: [GC (Allocation Failure) [PSYoungGen: 464224K->106336K(504832K)] 980547K->755735K(1903104K), 0.0638728 secs] [Times: user=0.38 sys=0.00, real=0.06 secs] 
5832.133: [GC (Allocation Failure) [PSYoungGen: 420192K->143264K(507392K)] 1069591K->896236K(1905664K), 0.0527479 secs] [Times: user=0.31 sys=0.00, real=0.05 secs] 
5833.470: [GC (Allocation Failure) [PSYoungGen: 463264K->109040K(429056K)] 1216236K->996173K(1827328K), 0.0648120 secs] [Times: user=0.39 sys=0.00, real=0.06 secs] 
5835.405: [GC (Allocation Failure) [PSYoungGen: 429040K->146720K(505344K)] 1316173K->1140757K(1903616K), 0.0544214 secs] [Times: user=0.32 sys=0.00, real=0.06 secs] 
5838.041: [GC (Allocation Failure) [PSYoungGen: 467232K->106912K(507904K)] 1461269K->1239229K(1906176K), 0.0655789 secs] [Times: user=0.39 sys=0.00, real=0.06 secs] 
5840.783: [GC (Allocation Failure) [PSYoungGen: 427424K->148592K(507904K)] 1559741K->1384986K(1906176K), 0.0538882 secs] [Times: user=0.32 sys=0.00, real=0.05 secs] 
5840.837: [Full GC (Ergonomics) [PSYoungGen: 148592K->0K(507904K)] [ParOldGen: 1236394K->183200K(1398272K)] 1384986K->183200K(1906176K), [Metaspace: 59688K->59688K(1105920K)], 0.4559972 secs] [Times: user=2.10 sys=0.01, real=0.46 secs] 
5842.972: [GC (Allocation Failure) [PSYoungGen: 323584K->106112K(510976K)] 506784K->289312K(1909248K), 0.0328381 secs] [Times: user=0.20 sys=0.00, real=0.03 secs] 
5846.078: [GC (Allocation Failure) [PSYoungGen: 429696K->149392K(506880K)] 612896K->434622K(1905152K), 0.0525087 secs] [Times: user=0.32 sys=0.00, real=0.05 secs] 
5847.764: [GC (Allocation Failure) [PSYoungGen: 471440K->107504K(510464K)] 756670K->532714K(1908736K), 0.0649906 secs] [Times: user=0.38 sys=0.00, real=0.07 secs] 
5850.328: [GC (Allocation Failure) [PSYoungGen: 429552K->149776K(507392K)] 854762K->678719K(1905664K), 0.0520319 secs] [Times: user=0.31 sys=0.00, real=0.05 secs] 
5852.467: [GC (Allocation Failure) [PSYoungGen: 471824K->107824K(510464K)] 1000767K->777719K(1908736K), 0.1592947 secs] [Times: user=0.94 sys=0.02, real=0.16 secs] 
5854.293: [GC (Allocation Failure) [PSYoungGen: 423511K->145696K(509440K)] 1093406K->919483K(1907712K), 0.0516856 secs] [Times: user=0.30 sys=0.00, real=0.05 secs] 
5856.881: [GC (Allocation Failure) [PSYoungGen: 469280K->105696K(429568K)] 1243067K->1016367K(1827840K), 0.1390242 secs] [Times: user=0.82 sys=0.00, real=0.14 secs] 
5859.070: [GC (Allocation Failure) [PSYoungGen: 418805K->145440K(508928K)] 1329476K->1158084K(1907200K), 0.0511806 secs] [Times: user=0.30 sys=0.00, real=0.05 secs] 
5861.834: [GC (Allocation Failure) [PSYoungGen: 469536K->105632K(510464K)] 1482180K->1254784K(1908736K), 0.1018004 secs] [Times: user=0.60 sys=0.00, real=0.10 secs] 
5863.567: [GC (Allocation Failure) [PSYoungGen: 420799K->145184K(510464K)] 1569951K->1396312K(1908736K), 0.0506937 secs] [Times: user=0.30 sys=0.00, real=0.05 secs] 
5863.618: [Full GC (Ergonomics) [PSYoungGen: 145184K->0K(510464K)] [ParOldGen: 1251128K->195740K(1398272K)] 1396312K->195740K(1908736K), [Metaspace: 59688K->59688K(1105920K)], 0.4669144 secs] [Times: user=2.17 sys=0.00, real=0.47 secs] 
5868.887: [GC (Allocation Failure) [PSYoungGen: 326144K->105504K(512000K)] 521884K->301244K(1910272K), 0.0979940 secs] [Times: user=0.57 sys=0.00, real=0.10 secs] 
5870.711: [GC (Allocation Failure) [PSYoungGen: 416811K->146096K(510464K)] 612552K->442994K(1908736K), 0.0496580 secs] [Times: user=0.29 sys=0.00, real=0.05 secs] 
5873.611: [GC (Allocation Failure) [PSYoungGen: 472752K->106560K(512512K)] 769650K->540649K(1910784K), 0.1759880 secs] [Times: user=1.05 sys=0.00, real=0.17 secs] 
5875.841: [GC (Allocation Failure) [PSYoungGen: 423126K->145072K(510976K)] 857216K->681367K(1909248K), 0.0506690 secs] [Times: user=0.30 sys=0.00, real=0.05 secs] 
5878.474: [GC (Allocation Failure) [PSYoungGen: 472752K->109120K(512512K)] 1009047K->781434K(1910784K), 0.1250323 secs] [Times: user=0.74 sys=0.00, real=0.13 secs] 
5880.000: [GC (Allocation Failure) [PSYoungGen: 436800K->152416K(508416K)] 1109114K->930239K(1906688K), 0.0528447 secs] [Times: user=0.31 sys=0.00, real=0.05 secs] 
5882.403: [GC (Allocation Failure) [PSYoungGen: 478560K->101376K(512512K)] 1256383K->1030631K(1910784K), 0.1208737 secs] [Times: user=0.72 sys=0.01, real=0.12 secs] 
5882.903: [GC (Allocation Failure) [PSYoungGen: 427520K->158800K(501248K)] 1356775K->1183108K(1899520K), 0.0579260 secs] [Times: user=0.34 sys=0.00, real=0.06 secs] 
5887.291: [GC (Allocation Failure) [PSYoungGen: 474704K->92640K(507392K)] 1499012K->1275452K(1905664K), 0.1705005 secs] [Times: user=1.02 sys=0.00, real=0.17 secs] 
5887.727: [GC (Allocation Failure) [PSYoungGen: 408544K->153520K(499200K)] 1591356K->1422497K(1897472K), 0.0549414 secs] [Times: user=0.32 sys=0.00, real=0.06 secs] 
5887.782: [Full GC (Ergonomics) [PSYoungGen: 153520K->0K(499200K)] [ParOldGen: 1268977K->222015K(1398272K)] 1422497K->222015K(1897472K), [Metaspace: 59688K->59688K(1105920K)], 0.5193173 secs] [Times: user=2.43 sys=0.00, real=0.52 secs] 
5891.450: [GC (Allocation Failure) [PSYoungGen: 307712K->88032K(503296K)] 529727K->310047K(1901568K), 0.1072822 secs] [Times: user=0.63 sys=0.01, real=0.10 secs] 
5892.011: [GC (Allocation Failure) [PSYoungGen: 395744K->149872K(498176K)] 617759K->453867K(1896448K), 0.0540459 secs] [Times: user=0.32 sys=0.01, real=0.05 secs] 
5896.411: [GC (Allocation Failure) [PSYoungGen: 451933K->85904K(500736K)] 755927K->539563K(1899008K), 0.1754909 secs] [Times: user=1.04 sys=0.00, real=0.17 secs] 
5897.776: [GC (Allocation Failure) [PSYoungGen: 381332K->138240K(497152K)] 834991K->673727K(1895424K), 0.0478830 secs] [Times: user=0.28 sys=0.00, real=0.05 secs] 
5899.619: [GC (Allocation Failure) [PSYoungGen: 441344K->98976K(499200K)] 976831K->764107K(1897472K), 0.0944351 secs] [Times: user=0.56 sys=0.00, real=0.09 secs] 
5902.456: [GC (Allocation Failure) [PSYoungGen: 402080K->141712K(501248K)] 1067211K->901721K(1899520K), 0.0481104 secs] [Times: user=0.29 sys=0.00, real=0.05 secs] 
5903.886: [GC (Allocation Failure) [PSYoungGen: 449936K->100736K(501760K)] 1209945K->993532K(1900032K), 0.0634391 secs] [Times: user=0.37 sys=0.00, real=0.07 secs] 
5907.205: [GC (Allocation Failure) [PSYoungGen: 408960K->143280K(501760K)] 1301756K->1133606K(1900032K), 0.0507099 secs] [Times: user=0.30 sys=0.00, real=0.05 secs] 
5908.544: [GC (Allocation Failure) [PSYoungGen: 454576K->106544K(502784K)] 1444902K->1231014K(1901056K), 0.0642102 secs] [Times: user=0.39 sys=0.00, real=0.07 secs] 
5911.005: [GC (Allocation Failure) [PSYoungGen: 417840K->141824K(504320K)] 1542310K->1369170K(1902592K), 0.0521931 secs] [Times: user=0.31 sys=0.00, real=0.05 secs] 
5911.057: [Full GC (Ergonomics) [PSYoungGen: 141824K->0K(504320K)] [ParOldGen: 1227346K->176456K(1398272K)] 1369170K->176456K(1902592K), [Metaspace: 59688K->59688K(1105920K)], 0.4226533 secs] [Times: user=1.87 sys=0.00, real=0.43 secs] 
5912.689: [GC (Allocation Failure) [PSYoungGen: 316416K->108064K(504832K)] 492872K->284520K(1903104K), 0.0346307 secs] [Times: user=0.20 sys=0.00, real=0.03 secs] 
5915.207: [GC (Allocation Failure) [PSYoungGen: 424480K->151888K(502784K)] 600936K->433986K(1901056K), 0.0537490 secs] [Times: user=0.32 sys=0.00, real=0.06 secs] 
5916.541: [GC (Allocation Failure) [PSYoungGen: 469840K->110784K(507392K)] 751938K->527281K(1905664K), 0.0641567 secs] [Times: user=0.38 sys=0.00, real=0.06 secs] 
5918.404: [GC (Allocation Failure) [PSYoungGen: 428736K->146272K(507392K)] 845233K->668538K(1905664K), 0.0530616 secs] [Times: user=0.31 sys=0.00, real=0.05 secs] 
5920.255: [GC (Allocation Failure) [PSYoungGen: 468320K->108384K(509952K)] 990586K->768442K(1908224K), 0.0660676 secs] [Times: user=0.38 sys=0.01, real=0.07 secs] 
5922.504: [GC (Allocation Failure) [PSYoungGen: 430432K->150704K(506880K)] 1090490K->915436K(1905152K), 0.0535298 secs] [Times: user=0.32 sys=0.00, real=0.05 secs] 
5924.789: [GC (Allocation Failure) [PSYoungGen: 472752K->106352K(510464K)] 1237484K->1012424K(1908736K), 0.1110968 secs] [Times: user=0.66 sys=0.00, real=0.11 secs] 
5926.591: [GC (GCLocker Initiated GC) [PSYoungGen: 428400K->147456K(508928K)] 1334473K->1156241K(1907200K), 0.1143126 secs] [Times: user=0.68 sys=0.00, real=0.11 secs] 
5928.572: [GC (Allocation Failure) [PSYoungGen: 470528K->109360K(432640K)] 1479316K->1256972K(1830912K), 0.0959384 secs] [Times: user=0.56 sys=0.00, real=0.09 secs] 
5930.033: [GC (Allocation Failure) [PSYoungGen: 423559K->144800K(508416K)] 1571172K->1398057K(1906688K), 0.0523621 secs] [Times: user=0.31 sys=0.00, real=0.05 secs] 
5930.085: [Full GC (Ergonomics) [PSYoungGen: 144800K->0K(508416K)] [ParOldGen: 1253257K->196238K(1398272K)] 1398057K->196238K(1906688K), [Metaspace: 59688K->59688K(1105920K)], 0.4768430 secs] [Times: user=2.23 sys=0.00, real=0.48 secs] 
5933.703: [GC (Allocation Failure) [PSYoungGen: 323584K->105232K(509952K)] 519822K->301470K(1908224K), 0.0948601 secs] [Times: user=0.54 sys=0.01, real=0.10 secs] 
5935.787: [GC (Allocation Failure) [PSYoungGen: 421628K->145680K(510464K)] 617866K->443619K(1908736K), 0.0502310 secs] [Times: user=0.30 sys=0.01, real=0.05 secs] 
5938.484: [GC (Allocation Failure) [PSYoungGen: 471824K->110272K(436736K)] 769763K->544834K(1835008K), 0.1703942 secs] [Times: user=1.01 sys=0.00, real=0.17 secs] 
5940.853: [GC (Allocation Failure) [PSYoungGen: 436416K->150544K(507904K)] 870978K->691048K(1906176K), 0.0527163 secs] [Times: user=0.31 sys=0.00, real=0.05 secs] 
5943.842: [GC (Allocation Failure) [PSYoungGen: 475664K->99920K(511488K)] 1016168K->790204K(1909760K), 0.1612346 secs] [Times: user=0.96 sys=0.00, real=0.16 secs] 
5945.108: [GC (Allocation Failure) [PSYoungGen: 425040K->153984K(504320K)] 1115324K->938416K(1902592K), 0.0611138 secs] [Times: user=0.37 sys=0.00, real=0.06 secs] 
5948.620: [GC (Allocation Failure) [PSYoungGen: 472960K->95168K(508928K)] 1257392K->1033452K(1907200K), 0.1647117 secs] [Times: user=0.98 sys=0.00, real=0.16 secs] 
5949.495: [GC (Allocation Failure) [PSYoungGen: 414144K->154000K(500224K)] 1352428K->1181110K(1898496K), 0.0555260 secs] [Times: user=0.33 sys=0.00, real=0.06 secs] 
5952.595: [GC (Allocation Failure) [PSYoungGen: 464784K->88544K(504832K)] 1491894K->1269165K(1903104K), 0.1334720 secs] [Times: user=0.78 sys=0.01, real=0.14 secs] 
5953.808: [GC (Allocation Failure) [PSYoungGen: 399328K->150896K(498688K)] 1579949K->1413731K(1896960K), 0.0546162 secs] [Times: user=0.32 sys=0.00, real=0.05 secs] 
5953.863: [Full GC (Ergonomics) [PSYoungGen: 150896K->0K(498688K)] [ParOldGen: 1262834K->211787K(1398272K)] 1413731K->211787K(1896960K), [Metaspace: 59691K->59691K(1105920K)], 0.4820855 secs] [Times: user=2.23 sys=0.00, real=0.48 secs] 
5956.991: [GC (Allocation Failure) [PSYoungGen: 302168K->88720K(501760K)] 513956K->300508K(1900032K), 0.1600487 secs] [Times: user=0.95 sys=0.01, real=0.16 secs] 
5958.450: [GC (Allocation Failure) [PSYoungGen: 385157K->138320K(497152K)] 596945K->434497K(1895424K), 0.0471250 secs] [Times: user=0.28 sys=0.01, real=0.04 secs] 
5959.750: [GC (Allocation Failure) [PSYoungGen: 443472K->100544K(499712K)] 739649K->526344K(1897984K), 0.0612747 secs] [Times: user=0.37 sys=0.00, real=0.06 secs] 
5962.541: [GC (Allocation Failure) [PSYoungGen: 405696K->139760K(503296K)] 831496K->662702K(1901568K), 0.0498433 secs] [Times: user=0.27 sys=0.00, real=0.05 secs] 
5963.856: [GC (Allocation Failure) [PSYoungGen: 452080K->104416K(503808K)] 975022K->758093K(1902080K), 0.0634717 secs] [Times: user=0.38 sys=0.00, real=0.07 secs] 
5965.961: [GC (Allocation Failure) [PSYoungGen: 416736K->146240K(501760K)] 1070413K->901190K(1900032K), 0.0520145 secs] [Times: user=0.31 sys=0.00, real=0.05 secs] 
5967.474: [GC (Allocation Failure) [PSYoungGen: 460096K->103072K(504320K)] 1215046K->995534K(1902592K), 0.0926808 secs] [Times: user=0.55 sys=0.00, real=0.09 secs] 
5970.493: [GC (Allocation Failure) [PSYoungGen: 416928K->146384K(505344K)] 1309390K->1138083K(1903616K), 0.0525839 secs] [Times: user=0.31 sys=0.00, real=0.05 secs] 
5972.268: [GC (Allocation Failure) [PSYoungGen: 464336K->104448K(507904K)] 1456035K->1233479K(1906176K), 0.1368991 secs] [Times: user=0.79 sys=0.02, real=0.13 secs] 
5974.958: [GC (Allocation Failure) [PSYoungGen: 422400K->148160K(505344K)] 1551431K->1377799K(1903616K), 0.0522113 secs] [Times: user=0.31 sys=0.00, real=0.06 secs] 
5975.010: [Full GC (Ergonomics) [PSYoungGen: 148160K->0K(505344K)] [ParOldGen: 1229639K->185399K(1398272K)] 1377799K->185399K(1903616K), [Metaspace: 59691K->59691K(1105920K)], 0.4444897 secs] [Times: user=2.06 sys=0.00, real=0.44 secs] 
5976.962: [GC (Allocation Failure) [PSYoungGen: 318464K->104096K(508416K)] 503863K->289495K(1906688K), 0.0768865 secs] [Times: user=0.45 sys=0.01, real=0.08 secs] 
5979.944: [GC (Allocation Failure) [PSYoungGen: 422560K->149440K(504832K)] 607959K->435349K(1903104K), 0.0516840 secs] [Times: user=0.31 sys=0.00, real=0.05 secs] 
5981.720: [GC (Allocation Failure) [PSYoungGen: 467392K->104768K(508416K)] 753301K->531073K(1906688K), 0.0842272 secs] [Times: user=0.50 sys=0.00, real=0.08 secs] 
5983.694: [GC (GCLocker Initiated GC) [PSYoungGen: 422720K->146400K(506880K)] 849026K->673871K(1905152K), 0.0512266 secs] [Times: user=0.30 sys=0.00, real=0.05 secs] 
5986.215: [GC (Allocation Failure) [PSYoungGen: 465888K->106400K(425984K)] 993362K->771030K(1824256K), 0.0857090 secs] [Times: user=0.51 sys=0.00, real=0.09 secs] 
5988.180: [GC (Allocation Failure) [PSYoungGen: 425888K->147136K(505856K)] 1090518K->914807K(1904128K), 0.0525766 secs] [Times: user=0.31 sys=0.00, real=0.05 secs] 
5989.502: [GC (Allocation Failure) [PSYoungGen: 466624K->109376K(508416K)] 1234295K->1014852K(1906688K), 0.0664678 secs] [Times: user=0.40 sys=0.01, real=0.07 secs] 
5991.418: [GC (Allocation Failure) [PSYoungGen: 428864K->146464K(506880K)] 1334340K->1157969K(1905152K), 0.0530589 secs] [Times: user=0.31 sys=0.01, real=0.06 secs] 
5993.678: [GC (Allocation Failure) [PSYoungGen: 468000K->106016K(508928K)] 1479505K->1254953K(1907200K), 0.0971832 secs] [Times: user=0.54 sys=0.01, real=0.09 secs] 
5995.414: [GC (Allocation Failure) [PSYoungGen: 421387K->145728K(508928K)] 1570324K->1397082K(1907200K), 0.0520756 secs] [Times: user=0.30 sys=0.00, real=0.05 secs] 
5995.466: [Full GC (Ergonomics) [PSYoungGen: 145728K->0K(508928K)] [ParOldGen: 1251354K->196463K(1398272K)] 1397082K->196463K(1907200K), [Metaspace: 59691K->59691K(1105920K)], 0.4691747 secs] [Times: user=2.19 sys=0.00, real=0.47 secs] 
5997.909: [GC (Allocation Failure) [PSYoungGen: 324096K->106368K(510976K)] 520559K->302831K(1909248K), 0.0514891 secs] [Times: user=0.30 sys=0.00, real=0.05 secs] 
6000.085: [GC (Allocation Failure) [PSYoungGen: 422106K->145440K(509952K)] 618570K->444703K(1908224K), 0.1000764 secs] [Times: user=0.59 sys=0.00, real=0.10 secs] 
6002.308: [GC (Allocation Failure) [PSYoungGen: 471072K->106800K(511488K)] 770335K->542432K(1909760K), 0.0974772 secs] [Times: user=0.58 sys=0.01, real=0.09 secs] 
6003.401: [GC (Allocation Failure) [PSYoungGen: 432432K->169520K(494080K)] 868064K->708013K(1892352K), 0.0590097 secs] [Times: user=0.35 sys=0.00, real=0.06 secs] 
6008.445: [GC (Allocation Failure) [PSYoungGen: 480304K->90112K(401408K)] 1018797K->780744K(1799680K), 0.1560640 secs] [Times: user=0.93 sys=0.00, real=0.16 secs] 
6010.767: [GC (Allocation Failure) [PSYoungGen: 400896K->145120K(503296K)] 1091528K->921469K(1901568K), 0.0504035 secs] [Times: user=0.29 sys=0.00, real=0.05 secs] 
6013.017: [GC (Allocation Failure) [PSYoungGen: 453856K->99808K(408576K)] 1230205K->1012237K(1806848K), 0.1409209 secs] [Times: user=0.83 sys=0.00, real=0.15 secs] 
6015.098: [GC (Allocation Failure) [PSYoungGen: 408544K->146080K(501248K)] 1320973K->1153934K(1899520K), 0.0496024 secs] [Times: user=0.29 sys=0.00, real=0.05 secs] 
6016.403: [GC (Allocation Failure) [PSYoungGen: 454304K->101536K(502272K)] 1462158K->1246734K(1900544K), 0.0647489 secs] [Times: user=0.38 sys=0.00, real=0.06 secs] 
6019.396: [GC (Allocation Failure) [PSYoungGen: 409760K->144112K(502784K)] 1554958K->1386463K(1901056K), 0.0507493 secs] [Times: user=0.30 sys=0.00, real=0.05 secs] 
6019.447: [Full GC (Ergonomics) [PSYoungGen: 144112K->0K(502784K)] [ParOldGen: 1242350K->184349K(1398272K)] 1386463K->184349K(1901056K), [Metaspace: 59691K->59691K(1105920K)], 0.4369846 secs] [Times: user=2.03 sys=0.00, real=0.44 secs] 
6021.153: [GC (Allocation Failure) [PSYoungGen: 311296K->103248K(503296K)] 495645K->287598K(1901568K), 0.0325004 secs] [Times: user=0.19 sys=0.00, real=0.03 secs] 
6024.203: [GC (Allocation Failure) [PSYoungGen: 414544K->144784K(503296K)] 598893K->428334K(1901568K), 0.0512863 secs] [Times: user=0.30 sys=0.00, real=0.05 secs] 
6025.533: [GC (Allocation Failure) [PSYoungGen: 458640K->104832K(504832K)] 742190K->524126K(1903104K), 0.0639398 secs] [Times: user=0.38 sys=0.00, real=0.06 secs] 
6028.047: [GC (Allocation Failure) [PSYoungGen: 418688K->144096K(505344K)] 837982K->665522K(1903616K), 0.0520246 secs] [Times: user=0.31 sys=0.00, real=0.06 secs] 
6029.710: [GC (Allocation Failure) [PSYoungGen: 461536K->105872K(506368K)] 982962K->762287K(1904640K), 0.0638740 secs] [Times: user=0.38 sys=0.00, real=0.06 secs] 
6032.947: [GC (Allocation Failure) [PSYoungGen: 423312K->143248K(506880K)] 1079727K->903044K(1905152K), 0.0522760 secs] [Times: user=0.31 sys=0.00, real=0.06 secs] 
6034.355: [GC (Allocation Failure) [PSYoungGen: 464272K->108128K(507904K)] 1224068K->1002119K(1906176K), 0.0635650 secs] [Times: user=0.38 sys=0.00, real=0.07 secs] 
6036.298: [GC (Allocation Failure) [PSYoungGen: 429152K->151344K(505856K)] 1323143K->1149861K(1904128K), 0.0537870 secs] [Times: user=0.32 sys=0.00, real=0.05 secs] 
6038.265: [GC (Allocation Failure) [PSYoungGen: 473392K->106192K(509952K)] 1471909K->1247021K(1908224K), 0.1616649 secs] [Times: user=0.97 sys=0.00, real=0.16 secs] 
6039.792: [GC (Allocation Failure) [PSYoungGen: 428240K->150592K(506368K)] 1569069K->1393909K(1904640K), 0.0616064 secs] [Times: user=0.37 sys=0.00, real=0.06 secs] 
6039.853: [Full GC (Ergonomics) [PSYoungGen: 150592K->0K(506368K)] [ParOldGen: 1243317K->193020K(1398272K)] 1393909K->193020K(1904640K), [Metaspace: 59691K->59691K(1105920K)], 0.4625058 secs] [Times: user=2.15 sys=0.00, real=0.46 secs] 
6042.372: [GC (Allocation Failure) [PSYoungGen: 321024K->108320K(509952K)] 514044K->301340K(1908224K), 0.0742267 secs] [Times: user=0.44 sys=0.00, real=0.07 secs] 
6045.250: [GC (Allocation Failure) [PSYoungGen: 426559K->146000K(508416K)] 619579K->443289K(1906688K), 0.0508247 secs] [Times: user=0.30 sys=0.00, real=0.05 secs] 
6047.439: [GC (Allocation Failure) [PSYoungGen: 468560K->105968K(510464K)] 765849K->540113K(1908736K), 0.1297383 secs] [Times: user=0.78 sys=0.00, real=0.13 secs] 
6050.045: [GC (Allocation Failure) [PSYoungGen: 423398K->145408K(508928K)] 857543K->681397K(1907200K), 0.0513149 secs] [Times: user=0.30 sys=0.00, real=0.05 secs] 
6052.413: [GC (Allocation Failure) [PSYoungGen: 468992K->107648K(510464K)] 1004981K->780121K(1908736K), 0.1754274 secs] [Times: user=1.05 sys=0.00, real=0.18 secs] 
6053.529: [GC (Allocation Failure) [PSYoungGen: 416350K->143264K(510464K)] 1088824K->919486K(1908736K), 0.0515614 secs] [Times: user=0.30 sys=0.00, real=0.05 secs] 
6056.093: [GC (Allocation Failure) [PSYoungGen: 469408K->105312K(510976K)] 1245630K->1016095K(1909248K), 0.1630659 secs] [Times: user=0.97 sys=0.01, real=0.16 secs] 
6057.307: [GC (Allocation Failure) [PSYoungGen: 431456K->182752K(415744K)] 1342239K->1215943K(1814016K), 0.0584762 secs] [Times: user=0.35 sys=0.00, real=0.06 secs] 
6058.568: [GC (Allocation Failure) [PSYoungGen: 415712K->60576K(465920K)] 1448903K->1227200K(1864192K), 0.0573787 secs] [Times: user=0.34 sys=0.00, real=0.05 secs] 
6060.969: [GC (Allocation Failure) [PSYoungGen: 293536K->103424K(465920K)] 1460160K->1328587K(1864192K), 0.0688995 secs] [Times: user=0.41 sys=0.00, real=0.06 secs] 
6061.038: [Full GC (Ergonomics) [PSYoungGen: 103424K->0K(465920K)] [ParOldGen: 1225163K->127629K(1398272K)] 1328587K->127629K(1864192K), [Metaspace: 59691K->59691K(1105920K)], 0.2891917 secs] [Times: user=1.31 sys=0.01, real=0.29 secs] 
6061.484: [GC (Allocation Failure) [PSYoungGen: 232960K->119776K(465920K)] 360589K->247405K(1864192K), 0.0357728 secs] [Times: user=0.21 sys=0.00, real=0.04 secs] 
6064.182: [GC (Allocation Failure) [PSYoungGen: 352736K->58080K(465920K)] 480365K->305505K(1864192K), 0.1535159 secs] [Times: user=0.92 sys=0.00, real=0.15 secs] 
6066.596: [GC (Allocation Failure) [PSYoungGen: 291040K->107792K(340992K)] 538465K->407595K(1739264K), 0.0399702 secs] [Times: user=0.23 sys=0.00, real=0.04 secs] 
6068.716: [GC (Allocation Failure) [PSYoungGen: 340752K->102432K(466432K)] 640555K->500774K(1864704K), 0.0552405 secs] [Times: user=0.33 sys=0.00, real=0.06 secs] 
6070.666: [GC (Allocation Failure) [PSYoungGen: 342538K->69920K(459264K)] 740880K->570606K(1857536K), 0.1060418 secs] [Times: user=0.63 sys=0.00, real=0.11 secs] 
6071.123: [GC (Allocation Failure) [PSYoungGen: 310048K->117856K(471040K)] 810734K->682779K(1869312K), 0.0484508 secs] [Times: user=0.28 sys=0.00, real=0.05 secs] 
6072.918: [GC (Allocation Failure) [PSYoungGen: 380000K->81568K(471040K)] 944923K->755883K(1869312K), 0.0548600 secs] [Times: user=0.33 sys=0.00, real=0.05 secs] 
6074.726: [GC (Allocation Failure) [PSYoungGen: 343712K->119040K(481792K)] 1018027K->872500K(1880064K), 0.0538845 secs] [Times: user=0.32 sys=0.00, real=0.06 secs] 
6076.991: [GC (Allocation Failure) [PSYoungGen: 404224K->115424K(483840K)] 1157684K->978444K(1882112K), 0.0616661 secs] [Times: user=0.37 sys=0.00, real=0.06 secs] 
6080.293: [GC (Allocation Failure) [PSYoungGen: 400608K->101664K(493568K)] 1263628K->1079268K(1891840K), 0.0888774 secs] [Times: user=0.52 sys=0.00, real=0.09 secs] 
6081.833: [GC (Allocation Failure) [PSYoungGen: 408843K->183712K(494080K)] 1386448K->1252457K(1892352K), 0.0687868 secs] [Times: user=0.40 sys=0.01, real=0.07 secs] 
6083.542: [GC (Allocation Failure) [PSYoungGen: 486149K->93008K(498688K)] 1554894K->1308489K(1896960K), 0.0881893 secs] [Times: user=0.53 sys=0.00, real=0.09 secs] 
6083.853: [GC (Allocation Failure) [PSYoungGen: 387408K->143936K(494592K)] 1602889K->1446622K(1892864K), 0.0591901 secs] [Times: user=0.36 sys=0.00, real=0.06 secs] 
6083.912: [Full GC (Ergonomics) [PSYoungGen: 143936K->0K(494592K)] [ParOldGen: 1302686K->244350K(1398272K)] 1446622K->244350K(1892864K), [Metaspace: 59691K->59691K(1105920K)], 0.5835529 secs] [Times: user=2.72 sys=0.00, real=0.58 secs] 
6087.653: [GC (Allocation Failure) [PSYoungGen: 294400K->82160K(496640K)] 538750K->326511K(1894912K), 0.0435739 secs] [Times: user=0.24 sys=0.00, real=0.04 secs] 
6088.097: [GC (Allocation Failure) [PSYoungGen: 378608K->144000K(496640K)] 622959K->464313K(1894912K), 0.0604741 secs] [Times: user=0.35 sys=0.00, real=0.06 secs] 
6092.316: [GC (Allocation Failure) [PSYoungGen: 440448K->82768K(495616K)] 760761K->547002K(1893888K), 0.1564705 secs] [Times: user=0.93 sys=0.00, real=0.16 secs] 
6093.317: [GC (Allocation Failure) [PSYoungGen: 379216K->144608K(496128K)] 843450K->685238K(1894400K), 0.0518001 secs] [Times: user=0.31 sys=0.00, real=0.06 secs] 
6095.774: [GC (Allocation Failure) [PSYoungGen: 441056K->86624K(495616K)] 981686K->771478K(1893888K), 0.1596353 secs] [Times: user=0.95 sys=0.00, real=0.16 secs] 
6097.573: [GC (Allocation Failure) [PSYoungGen: 383584K->140032K(496128K)] 1068438K->907355K(1894400K), 0.0482366 secs] [Times: user=0.28 sys=0.00, real=0.05 secs] 
6098.967: [GC (Allocation Failure) [PSYoungGen: 435024K->93680K(492544K)] 1202348K->992196K(1890816K), 0.0858861 secs] [Times: user=0.51 sys=0.00, real=0.09 secs] 
6101.614: [GC (Allocation Failure) [PSYoungGen: 393200K->137664K(495616K)] 1291716K->1127104K(1893888K), 0.0477173 secs] [Times: user=0.27 sys=0.01, real=0.05 secs] 
6103.198: [GC (Allocation Failure) [PSYoungGen: 437184K->100000K(493568K)] 1426624K->1217916K(1891840K), 0.0637654 secs] [Times: user=0.38 sys=0.00, real=0.06 secs] 
6105.677: [GC (Allocation Failure) [PSYoungGen: 406688K->134832K(498176K)] 1524604K->1351041K(1896448K), 0.0508753 secs] [Times: user=0.30 sys=0.00, real=0.05 secs] 
6109.317: [GC (Allocation Failure) [PSYoungGen: 441520K->105424K(496640K)] 1657729K->1446945K(1894912K), 0.0645090 secs] [Times: user=0.39 sys=0.00, real=0.07 secs] 
6109.382: [Full GC (Ergonomics) [PSYoungGen: 105424K->0K(496640K)] [ParOldGen: 1341521K->17659K(1398272K)] 1446945K->17659K(1894912K), [Metaspace: 59691K->59691K(1105920K)], 0.0283080 secs] [Times: user=0.06 sys=0.00, real=0.03 secs] 
6111.066: [GC (Allocation Failure) [PSYoungGen: 316416K->139360K(502272K)] 334075K->157019K(1900544K), 0.0335850 secs] [Times: user=0.19 sys=0.00, real=0.04 secs] 
6113.431: [GC (Allocation Failure) [PSYoungGen: 455776K->112576K(502272K)] 473435K->259779K(1900544K), 0.0649292 secs] [Times: user=0.39 sys=0.00, real=0.06 secs] 
6116.682: [GC (Allocation Failure) [PSYoungGen: 438208K->143552K(506880K)] 585411K->401608K(1905152K), 0.0553847 secs] [Times: user=0.33 sys=0.00, real=0.05 secs] 
6118.042: [GC (Allocation Failure) [PSYoungGen: 469184K->113296K(509952K)] 727240K->505577K(1908224K), 0.0679221 secs] [Times: user=0.40 sys=0.00, real=0.07 secs] 
6120.539: [GC (Allocation Failure) [PSYoungGen: 446096K->149392K(512000K)] 838377K->653190K(1910272K), 0.0551921 secs] [Times: user=0.32 sys=0.00, real=0.05 secs] 
6121.862: [GC (Allocation Failure) [PSYoungGen: 482192K->113856K(515072K)] 985990K->757761K(1913344K), 0.0655584 secs] [Times: user=0.39 sys=0.00, real=0.06 secs] 
6124.561: [GC (Allocation Failure) [PSYoungGen: 448704K->153488K(488448K)] 1092609K->907623K(1886720K), 0.0552664 secs] [Times: user=0.33 sys=0.01, real=0.05 secs] 
6127.890: [GC (Allocation Failure) [PSYoungGen: 488336K->113536K(517120K)] 1242471K->1011938K(1915392K), 0.1712168 secs] [Times: user=1.02 sys=0.00, real=0.17 secs] 
6129.842: [GC (Allocation Failure) [PSYoungGen: 444800K->154368K(485888K)] 1343202K->1162917K(1884160K), 0.0793030 secs] [Times: user=0.47 sys=0.01, real=0.08 secs] 
6133.160: [GC (GCLocker Initiated GC) [PSYoungGen: 485632K->99840K(513024K)] 1494181K->1262349K(1911296K), 0.1756674 secs] [Times: user=1.03 sys=0.01, real=0.17 secs] 
6133.943: [GC (Allocation Failure) [PSYoungGen: 425472K->173984K(499712K)] 1588033K->1429942K(1897984K), 0.0581480 secs] [Times: user=0.34 sys=0.00, real=0.06 secs] 
6134.001: [Full GC (Ergonomics) [PSYoungGen: 173984K->0K(499712K)] [ParOldGen: 1255957K->218808K(1398272K)] 1429942K->218808K(1897984K), [Metaspace: 59691K->59691K(1105920K)], 0.5224280 secs] [Times: user=2.46 sys=0.00, real=0.52 secs] 
6137.353: [GC (Allocation Failure) [PSYoungGen: 325632K->98240K(502272K)] 544440K->317048K(1900544K), 0.0904357 secs] [Times: user=0.44 sys=0.00, real=0.09 secs] 
6137.686: [GC (Allocation Failure) [PSYoungGen: 402368K->146384K(500736K)] 621176K->457100K(1899008K), 0.0548292 secs] [Times: user=0.32 sys=0.00, real=0.06 secs] 
6140.767: [GC (Allocation Failure) [PSYoungGen: 450512K->88304K(501248K)] 761228K->544332K(1899520K), 0.1249273 secs] [Times: user=0.72 sys=0.02, real=0.13 secs] 
6141.917: [GC (Allocation Failure) [PSYoungGen: 392432K->147232K(451584K)] 848460K->685136K(1849856K), 0.0520745 secs] [Times: user=0.30 sys=0.00, real=0.06 secs] 
6146.128: [GC (Allocation Failure) [PSYoungGen: 451360K->89952K(501760K)] 989264K->774500K(1900032K), 0.1659358 secs] [Times: user=0.99 sys=0.00, real=0.16 secs] 
6147.087: [GC (Allocation Failure) [PSYoungGen: 391640K->141024K(444928K)] 1076188K->911731K(1843200K), 0.0503620 secs] [Times: user=0.29 sys=0.01, real=0.05 secs] 
6150.051: [GC (Allocation Failure) [PSYoungGen: 444640K->94656K(502272K)] 1215347K->997751K(1900544K), 0.1601638 secs] [Times: user=0.95 sys=0.00, real=0.16 secs] 
6151.171: [GC (Allocation Failure) [PSYoungGen: 400320K->145600K(500224K)] 1303415K->1139784K(1898496K), 0.0481493 secs] [Times: user=0.28 sys=0.00, real=0.05 secs] 
6153.314: [GC (Allocation Failure) [PSYoungGen: 451264K->103568K(498688K)] 1445448K->1234545K(1896960K), 0.0644965 secs] [Times: user=0.38 sys=0.00, real=0.07 secs] 
6154.825: [GC (Allocation Failure) [PSYoungGen: 411792K->141312K(500736K)] 1542769K->1372465K(1899008K), 0.0515085 secs] [Times: user=0.30 sys=0.00, real=0.05 secs] 
6154.876: [Full GC (Ergonomics) [PSYoungGen: 141312K->0K(500736K)] [ParOldGen: 1231153K->178929K(1398272K)] 1372465K->178929K(1899008K), [Metaspace: 59691K->59691K(1105920K)], 0.4216183 secs] [Times: user=1.95 sys=0.00, real=0.43 secs] 
6158.531: [GC (Allocation Failure) [PSYoungGen: 308224K->103664K(499200K)] 487153K->282594K(1897472K), 0.0333946 secs] [Times: user=0.20 sys=0.00, real=0.03 secs] 
6160.920: [GC (Allocation Failure) [PSYoungGen: 417520K->143648K(502784K)] 596450K->424058K(1901056K), 0.0524134 secs] [Times: user=0.30 sys=0.00, real=0.05 secs] 
6162.262: [GC (Allocation Failure) [PSYoungGen: 457504K->105824K(504320K)] 737914K->520778K(1902592K), 0.0643348 secs] [Times: user=0.39 sys=0.00, real=0.06 secs] 
6164.779: [GC (Allocation Failure) [PSYoungGen: 425312K->145344K(506368K)] 840266K->663615K(1904640K), 0.0524670 secs] [Times: user=0.31 sys=0.00, real=0.05 secs] 
6166.232: [GC (Allocation Failure) [PSYoungGen: 464832K->109376K(506880K)] 983103K->763707K(1905152K), 0.0696018 secs] [Times: user=0.41 sys=0.01, real=0.07 secs] 
6169.752: [GC (Allocation Failure) [PSYoungGen: 432448K->146368K(508416K)] 1086779K->907111K(1906688K), 0.0529234 secs] [Times: user=0.30 sys=0.01, real=0.05 secs] 
6171.185: [GC (Allocation Failure) [PSYoungGen: 469440K->110512K(507904K)] 1230183K->1008540K(1906176K), 0.0656076 secs] [Times: user=0.39 sys=0.00, real=0.07 secs] 
6173.567: [GC (Allocation Failure) [PSYoungGen: 436144K->150080K(509440K)] 1334172K->1155072K(1907712K), 0.0538392 secs] [Times: user=0.32 sys=0.00, real=0.06 secs] 
6175.420: [GC (Allocation Failure) [PSYoungGen: 475712K->110768K(511488K)] 1480704K->1256845K(1909760K), 0.1347763 secs] [Times: user=0.80 sys=0.00, real=0.13 secs] 
6176.867: [GC (Allocation Failure) [PSYoungGen: 428208K->145392K(510976K)] 1574284K->1398962K(1909248K), 0.0698160 secs] [Times: user=0.42 sys=0.01, real=0.07 secs] 
6176.937: [Full GC (Ergonomics) [PSYoungGen: 145392K->0K(510976K)] [ParOldGen: 1253569K->196383K(1398272K)] 1398962K->196383K(1909248K), [Metaspace: 59691K->59691K(1105920K)], 0.4610476 secs] [Times: user=2.12 sys=0.00, real=0.47 secs] 
6180.513: [GC (Allocation Failure) [PSYoungGen: 326656K->109408K(510976K)] 523039K->305791K(1909248K), 0.0881674 secs] [Times: user=0.52 sys=0.00, real=0.09 secs] 
6181.603: [GC (Allocation Failure) [PSYoungGen: 438112K->154496K(483328K)] 634495K->456280K(1881600K), 0.0519845 secs] [Times: user=0.31 sys=0.00, real=0.05 secs] 
6186.474: [GC (Allocation Failure) [PSYoungGen: 483200K->96096K(511488K)] 784984K->551696K(1909760K), 0.1631812 secs] [Times: user=0.96 sys=0.01, real=0.16 secs] 
6187.332: [GC (Allocation Failure) [PSYoungGen: 419680K->156480K(480256K)] 875280K->702377K(1878528K), 0.0554647 secs] [Times: user=0.33 sys=0.00, real=0.05 secs] 
6190.616: [GC (Allocation Failure) [PSYoungGen: 480064K->91872K(506368K)] 1025961K->793725K(1904640K), 0.1187211 secs] [Times: user=0.70 sys=0.01, real=0.12 secs] 
6191.690: [GC (Allocation Failure) [PSYoungGen: 405216K->151104K(464896K)] 1107069K->938396K(1863168K), 0.1584669 secs] [Times: user=0.94 sys=0.01, real=0.16 secs] 
6195.643: [GC (Allocation Failure) [PSYoungGen: 464448K->90208K(503808K)] 1251740K->1028396K(1902080K), 0.1590506 secs] [Times: user=0.94 sys=0.01, real=0.16 secs] 
6196.858: [GC (Allocation Failure) [PSYoungGen: 398432K->147440K(455680K)] 1336620K->1169934K(1853952K), 0.0538480 secs] [Times: user=0.32 sys=0.00, real=0.06 secs] 
6199.581: [GC (Allocation Failure) [PSYoungGen: 455664K->91680K(503296K)] 1478158K->1261117K(1901568K), 0.1464647 secs] [Times: user=0.74 sys=0.00, real=0.14 secs] 
6200.415: [GC (Allocation Failure) [PSYoungGen: 387985K->141088K(447488K)] 1557422K->1397890K(1845760K), 0.0503796 secs] [Times: user=0.30 sys=0.00, real=0.05 secs] 
6200.465: [Full GC (Ergonomics) [PSYoungGen: 141088K->0K(447488K)] [ParOldGen: 1256802K->196684K(1398272K)] 1397890K->196684K(1845760K), [Metaspace: 59691K->59691K(1105920K)], 0.4705393 secs] [Times: user=2.19 sys=0.00, real=0.47 secs] 
6203.428: [GC (Allocation Failure) [PSYoungGen: 306176K->99296K(503808K)] 502860K->295980K(1902080K), 0.0477216 secs] [Times: user=0.28 sys=0.00, real=0.05 secs] 
6205.657: [GC (Allocation Failure) [PSYoungGen: 408032K->142656K(501248K)] 604716K->434841K(1899520K), 0.0482670 secs] [Times: user=0.28 sys=0.00, real=0.05 secs] 
6207.359: [GC (Allocation Failure) [PSYoungGen: 451392K->104096K(501248K)] 743577K->529905K(1899520K), 0.0943769 secs] [Times: user=0.56 sys=0.00, real=0.09 secs] 
6209.515: [GC (Allocation Failure) [PSYoungGen: 417440K->144240K(502784K)] 843249K->670459K(1901056K), 0.0509678 secs] [Times: user=0.29 sys=0.01, real=0.05 secs] 
6210.815: [GC (Allocation Failure) [PSYoungGen: 457584K->104416K(504832K)] 983803K->765550K(1903104K), 0.0637070 secs] [Times: user=0.38 sys=0.00, real=0.07 secs] 
6213.400: [GC (Allocation Failure) [PSYoungGen: 422880K->147616K(506368K)] 1084014K->909283K(1904640K), 0.0512318 secs] [Times: user=0.31 sys=0.00, real=0.05 secs] 
6216.092: [GC (Allocation Failure) [PSYoungGen: 466080K->103616K(508416K)] 1227747K->1003851K(1906688K), 0.0988990 secs] [Times: user=0.59 sys=0.00, real=0.10 secs] 
6218.015: [GC (Allocation Failure) [PSYoungGen: 424128K->150336K(471040K)] 1324363K->1150964K(1869312K), 0.1126810 secs] [Times: user=0.67 sys=0.01, real=0.11 secs] 
6219.742: [GC (Allocation Failure) [PSYoungGen: 470848K->105920K(510464K)] 1471476K->1248240K(1908736K), 0.0998671 secs] [Times: user=0.60 sys=0.00, real=0.10 secs] 
6222.781: [GC (Allocation Failure) [PSYoungGen: 424896K->148224K(507392K)] 1567216K->1392645K(1905664K), 0.0522776 secs] [Times: user=0.31 sys=0.00, real=0.05 secs] 
6222.834: [Full GC (Ergonomics) [PSYoungGen: 148224K->0K(507392K)] [ParOldGen: 1244421K->191651K(1398272K)] 1392645K->191651K(1905664K), [Metaspace: 59691K->59691K(1105920K)], 0.4612913 secs] [Times: user=2.15 sys=0.00, real=0.46 secs] 
6225.236: [GC (Allocation Failure) [PSYoungGen: 318976K->103904K(507904K)] 510627K->295555K(1906176K), 0.0788196 secs] [Times: user=0.47 sys=0.00, real=0.08 secs] 
6227.172: [GC (Allocation Failure) [PSYoungGen: 423392K->151872K(471552K)] 615043K->443215K(1869824K), 0.0501483 secs] [Times: user=0.30 sys=0.00, real=0.05 secs] 
6229.506: [GC (Allocation Failure) [PSYoungGen: 471360K->105120K(509440K)] 762703K->539556K(1907712K), 0.1134259 secs] [Times: user=0.68 sys=0.00, real=0.12 secs] 
6231.554: [GC (Allocation Failure) [PSYoungGen: 422560K->145632K(506880K)] 856996K->681672K(1905152K), 0.0504378 secs] [Times: user=0.29 sys=0.00, real=0.05 secs] 
6233.669: [GC (Allocation Failure) [PSYoungGen: 463072K->104432K(505856K)] 999112K->777225K(1904128K), 0.1426286 secs] [Times: user=0.85 sys=0.00, real=0.14 secs] 
6236.575: [GC (Allocation Failure) [PSYoungGen: 423408K->146832K(506880K)] 1096201K->919910K(1905152K), 0.0507704 secs] [Times: user=0.30 sys=0.00, real=0.05 secs] 
6239.059: [GC (Allocation Failure) [PSYoungGen: 465808K->105904K(507904K)] 1238886K->1016882K(1906176K), 0.0643524 secs] [Times: user=0.38 sys=0.00, real=0.06 secs] 
6240.793: [GC (Allocation Failure) [PSYoungGen: 421040K->145456K(508416K)] 1332018K->1158871K(1906688K), 0.0513032 secs] [Times: user=0.27 sys=0.01, real=0.05 secs] 
6242.907: [GC (GCLocker Initiated GC) [PSYoungGen: 466480K->105904K(506880K)] 1479895K->1255751K(1905152K), 0.0937200 secs] [Times: user=0.56 sys=0.00, real=0.10 secs] 
6245.544: [GC (Allocation Failure) [PSYoungGen: 428464K->141152K(508416K)] 1594747K->1409319K(1906688K), 0.2287720 secs] [Times: user=1.37 sys=0.00, real=0.23 secs] 
6245.773: [Full GC (Ergonomics) [PSYoungGen: 141152K->0K(508416K)] [ParOldGen: 1268167K->207951K(1398272K)] 1409319K->207951K(1906688K), [Metaspace: 59691K->59691K(1105920K)], 0.4094216 secs] [Times: user=1.78 sys=0.00, real=0.41 secs] 
6249.305: [GC (Allocation Failure) [PSYoungGen: 322560K->100128K(509952K)] 530511K->308079K(1908224K), 0.1538809 secs] [Times: user=0.91 sys=0.00, real=0.16 secs] 
6250.015: [GC (Allocation Failure) [PSYoungGen: 427296K->158880K(486400K)] 635247K->456583K(1884672K), 0.0551119 secs] [Times: user=0.33 sys=0.00, real=0.06 secs] 
6253.982: [GC (Allocation Failure) [PSYoungGen: 486048K->94656K(508416K)] 783751K->551016K(1906688K), 0.1711327 secs] [Times: user=1.02 sys=0.00, real=0.17 secs] 
6254.412: [GC (Allocation Failure) [PSYoungGen: 411584K->152992K(470016K)] 867944K->698024K(1868288K), 0.0548628 secs] [Times: user=0.32 sys=0.00, real=0.05 secs] 
6258.373: [GC (Allocation Failure) [PSYoungGen: 469920K->91776K(504832K)] 1014952K->789208K(1903104K), 0.1626631 secs] [Times: user=0.97 sys=0.00, real=0.16 secs] 
6258.854: [GC (Allocation Failure) [PSYoungGen: 402048K->151136K(461824K)] 1099480K->934241K(1860096K), 0.0547907 secs] [Times: user=0.32 sys=0.00, real=0.06 secs] 
6261.813: [GC (Allocation Failure) [PSYoungGen: 461408K->90048K(502784K)] 1244513K->1024041K(1901056K), 0.1635181 secs] [Times: user=0.96 sys=0.00, real=0.16 secs] 
6262.367: [GC (Allocation Failure) [PSYoungGen: 395712K->149152K(455168K)] 1329705K->1166762K(1853440K), 0.0537256 secs] [Times: user=0.32 sys=0.00, real=0.06 secs] 
6266.679: [GC (Allocation Failure) [PSYoungGen: 454816K->85952K(500736K)] 1472426K->1252514K(1899008K), 0.1709373 secs] [Times: user=1.01 sys=0.01, real=0.17 secs] 
6268.125: [GC (Allocation Failure) [PSYoungGen: 386057K->139456K(441856K)] 1552619K->1387715K(1840128K), 0.0492182 secs] [Times: user=0.29 sys=0.00, real=0.05 secs] 
6268.174: [Full GC (Ergonomics) [PSYoungGen: 139456K->0K(441856K)] [ParOldGen: 1248259K->195705K(1398272K)] 1387715K->195705K(1840128K), [Metaspace: 59691K->59691K(1105920K)], 0.4771564 secs] [Times: user=2.21 sys=0.00, real=0.48 secs] 
6270.342: [GC (Allocation Failure) [PSYoungGen: 302080K->96944K(502272K)] 497785K->292649K(1900544K), 0.0512758 secs] [Times: user=0.30 sys=0.00, real=0.05 secs] 
6272.718: [GC (Allocation Failure) [PSYoungGen: 402096K->143296K(499200K)] 597801K->432213K(1897472K), 0.0480161 secs] [Times: user=0.28 sys=0.00, real=0.05 secs] 
6274.064: [GC (Allocation Failure) [PSYoungGen: 448448K->100416K(499200K)] 737365K->523573K(1897472K), 0.0634254 secs] [Times: user=0.38 sys=0.01, real=0.06 secs] 
6276.683: [GC (Allocation Failure) [PSYoungGen: 409664K->142048K(501248K)] 832821K->662346K(1899520K), 0.0505552 secs] [Times: user=0.30 sys=0.00, real=0.05 secs] 
6279.908: [GC (Allocation Failure) [PSYoungGen: 451296K->101392K(501248K)] 971594K->754759K(1899520K), 0.0639319 secs] [Times: user=0.38 sys=0.00, real=0.07 secs] 
6281.738: [GC (Allocation Failure) [PSYoungGen: 415760K->143328K(503808K)] 1069127K->895387K(1902080K), 0.0517069 secs] [Times: user=0.30 sys=0.00, real=0.05 secs] 
6284.621: [GC (Allocation Failure) [PSYoungGen: 457696K->104064K(503808K)] 1209755K->989819K(1902080K), 0.0651649 secs] [Times: user=0.39 sys=0.00, real=0.06 secs] 
6286.936: [GC (Allocation Failure) [PSYoungGen: 422528K->144576K(505856K)] 1308283K->1131980K(1904128K), 0.0527813 secs] [Times: user=0.31 sys=0.00, real=0.06 secs] 
6289.103: [GC (Allocation Failure) [PSYoungGen: 463040K->109648K(505344K)] 1450444K->1232417K(1903616K), 0.0655558 secs] [Times: user=0.39 sys=0.00, real=0.07 secs] 
6290.830: [GC (Allocation Failure) [PSYoungGen: 431696K->146496K(507392K)] 1554465K->1376405K(1905664K), 0.0543299 secs] [Times: user=0.32 sys=0.00, real=0.05 secs] 
6290.885: [Full GC (Ergonomics) [PSYoungGen: 146496K->0K(507392K)] [ParOldGen: 1229909K->176163K(1398272K)] 1376405K->176163K(1905664K), [Metaspace: 59691K->59691K(1105920K)], 0.4078074 secs] [Times: user=1.88 sys=0.00, real=0.41 secs] 
6292.518: [GC (Allocation Failure) [PSYoungGen: 322048K->110928K(507904K)] 498211K->287092K(1906176K), 0.0350060 secs] [Times: user=0.21 sys=0.00, real=0.04 secs] 
6294.933: [GC (Allocation Failure) [PSYoungGen: 436560K->147232K(509440K)] 612724K->431852K(1907712K), 0.0548472 secs] [Times: user=0.32 sys=0.00, real=0.06 secs] 
6297.592: [GC (Allocation Failure) [PSYoungGen: 472864K->111968K(509952K)] 757484K->533968K(1908224K), 0.0644834 secs] [Times: user=0.38 sys=0.00, real=0.06 secs] 
6299.491: [GC (Allocation Failure) [PSYoungGen: 440160K->151040K(510976K)] 862160K->681485K(1909248K), 0.0541865 secs] [Times: user=0.32 sys=0.00, real=0.05 secs] 
6302.547: [GC (Allocation Failure) [PSYoungGen: 479232K->111136K(513024K)] 1009677K->783009K(1911296K), 0.1689943 secs] [Times: user=1.01 sys=0.00, real=0.17 secs] 
6303.569: [GC (Allocation Failure) [PSYoungGen: 439328K->153312K(481792K)] 1111201K->931766K(1880064K), 0.0533971 secs] [Times: user=0.31 sys=0.00, real=0.05 secs] 
6309.140: [GC (Allocation Failure) [PSYoungGen: 481504K->97008K(511488K)] 1259958K->1027726K(1909760K), 0.1736214 secs] [Times: user=1.04 sys=0.00, real=0.17 secs] 
6310.344: [GC (Allocation Failure) [PSYoungGen: 420080K->153744K(477184K)] 1350798K->1175035K(1875456K), 0.0559690 secs] [Times: user=0.33 sys=0.00, real=0.06 secs] 
6312.996: [GC (Allocation Failure) [PSYoungGen: 476816K->100128K(508416K)] 1498107K->1274171K(1906688K), 0.1653583 secs] [Times: user=0.98 sys=0.01, real=0.17 secs] 
6313.416: [GC (Allocation Failure) [PSYoungGen: 416544K->152288K(468992K)] 1590587K->1420076K(1867264K), 0.0584509 secs] [Times: user=0.35 sys=0.00, real=0.06 secs] 
6313.475: [Full GC (Ergonomics) [PSYoungGen: 152288K->0K(468992K)] [ParOldGen: 1267788K->218059K(1398272K)] 1420076K->218059K(1867264K), [Metaspace: 59691K->59691K(1105920K)], 0.5047085 secs] [Times: user=2.35 sys=0.00, real=0.51 secs] 
6317.253: [GC (Allocation Failure) [PSYoungGen: 316416K->94096K(505856K)] 534475K->312156K(1904128K), 0.1298594 secs] [Times: user=0.77 sys=0.01, real=0.13 secs] 
6317.753: [GC (Allocation Failure) [PSYoungGen: 405904K->151376K(463360K)] 623964K->457260K(1861632K), 0.0545509 secs] [Times: user=0.32 sys=0.00, real=0.05 secs] 
6320.464: [GC (Allocation Failure) [PSYoungGen: 463184K->90496K(503296K)] 769068K->547267K(1901568K), 0.1358466 secs] [Times: user=0.81 sys=0.00, real=0.14 secs] 
6321.385: [GC (Allocation Failure) [PSYoungGen: 397696K->146880K(454144K)] 854467K->687960K(1852416K), 0.0522775 secs] [Times: user=0.31 sys=0.00, real=0.05 secs] 
6324.415: [GC (Allocation Failure) [PSYoungGen: 450657K->90352K(502784K)] 991737K->777353K(1901056K), 0.1584333 secs] [Times: user=0.95 sys=0.00, real=0.16 secs] 
6325.703: [GC (Allocation Failure) [PSYoungGen: 385155K->138688K(444416K)] 1072155K->912245K(1842688K), 0.1342432 secs] [Times: user=0.80 sys=0.00, real=0.13 secs] 
6328.682: [GC (Allocation Failure) [PSYoungGen: 444352K->96384K(502272K)] 1217909K->999581K(1900544K), 0.0613817 secs] [Times: user=0.36 sys=0.00, real=0.06 secs] 
6331.251: [GC (Allocation Failure) [PSYoungGen: 404096K->143056K(500224K)] 1307293K->1139118K(1898496K), 0.0485570 secs] [Times: user=0.29 sys=0.00, real=0.05 secs] 
6332.549: [GC (Allocation Failure) [PSYoungGen: 450768K->104544K(499200K)] 1446830K->1234794K(1897472K), 0.0636601 secs] [Times: user=0.37 sys=0.00, real=0.06 secs] 
6335.585: [GC (Allocation Failure) [PSYoungGen: 417376K->143392K(502272K)] 1547626K->1372458K(1900544K), 0.0511484 secs] [Times: user=0.30 sys=0.01, real=0.05 secs] 
6335.636: [Full GC (Ergonomics) [PSYoungGen: 143392K->0K(502272K)] [ParOldGen: 1229066K->179157K(1398272K)] 1372458K->179157K(1900544K), [Metaspace: 59691K->59691K(1105920K)], 0.4206035 secs] [Times: user=1.94 sys=0.00, real=0.42 secs] 
6338.761: [GC (Allocation Failure) [PSYoungGen: 312832K->100016K(505856K)] 491989K->279174K(1904128K), 0.0328974 secs] [Times: user=0.19 sys=0.00, real=0.03 secs] 
6341.237: [GC (Allocation Failure) [PSYoungGen: 418480K->145088K(506880K)] 597638K->421802K(1905152K), 0.0508382 secs] [Times: user=0.30 sys=0.00, real=0.05 secs] 
6342.676: [GC (Allocation Failure) [PSYoungGen: 463552K->107936K(504320K)] 740266K->520154K(1902592K), 0.0659144 secs] [Times: user=0.38 sys=0.00, real=0.07 secs] 
6345.161: [GC (Allocation Failure) [PSYoungGen: 427936K->144800K(506368K)] 840154K->662231K(1904640K), 0.0533129 secs] [Times: user=0.31 sys=0.00, real=0.05 secs] 
6347.989: [GC (Allocation Failure) [PSYoungGen: 464800K->109488K(506368K)] 982231K->762072K(1904640K), 0.0643399 secs] [Times: user=0.38 sys=0.00, real=0.06 secs] 
6350.935: [GC (Allocation Failure) [PSYoungGen: 433584K->146496K(508416K)] 1086168K->906472K(1906688K), 0.0566924 secs] [Times: user=0.33 sys=0.00, real=0.06 secs] 
6353.422: [GC (Allocation Failure) [PSYoungGen: 470592K->107808K(510976K)] 1230568K->1005692K(1909248K), 0.1762044 secs] [Times: user=1.00 sys=0.00, real=0.18 secs] 
6355.943: [GC (Allocation Failure) [PSYoungGen: 435488K->152576K(480768K)] 1333372K->1154267K(1879040K), 0.0547126 secs] [Times: user=0.33 sys=0.00, real=0.05 secs] 
6357.858: [GC (Allocation Failure) [PSYoungGen: 480256K->111424K(514048K)] 1481947K->1256595K(1912320K), 0.1219974 secs] [Times: user=0.72 sys=0.00, real=0.13 secs] 
6359.165: [GC (Allocation Failure) [PSYoungGen: 437056K->153984K(479744K)] 1582227K->1406684K(1878016K), 0.0555091 secs] [Times: user=0.33 sys=0.01, real=0.06 secs] 
6359.221: [Full GC (Ergonomics) [PSYoungGen: 153984K->0K(479744K)] [ParOldGen: 1252700K->205413K(1398272K)] 1406684K->205413K(1878016K), [Metaspace: 59695K->59695K(1105920K)], 0.4657758 secs] [Times: user=2.16 sys=0.00, real=0.46 secs] 
6361.905: [GC (Allocation Failure) [PSYoungGen: 322705K->95168K(509952K)] 528118K->300581K(1908224K), 0.1670783 secs] [Times: user=0.99 sys=0.01, real=0.17 secs] 
6362.812: [GC (Allocation Failure) [PSYoungGen: 415168K->150496K(470528K)] 620581K->447217K(1868800K), 0.0541392 secs] [Times: user=0.32 sys=0.00, real=0.05 secs] 
6365.109: [GC (Allocation Failure) [PSYoungGen: 470496K->96960K(507904K)] 767217K->543529K(1906176K), 0.0869560 secs] [Times: user=0.51 sys=0.01, real=0.08 secs] 
6366.876: [GC (Allocation Failure) [PSYoungGen: 412352K->149680K(465408K)] 858921K->687483K(1863680K), 0.1471897 secs] [Times: user=0.86 sys=0.01, real=0.15 secs] 
6371.013: [GC (Allocation Failure) [PSYoungGen: 463874K->91744K(505856K)] 1001676K->778346K(1904128K), 0.1625959 secs] [Times: user=0.97 sys=0.00, real=0.16 secs] 
6373.080: [GC (Allocation Failure) [PSYoungGen: 404064K->146544K(459264K)] 1090666K->920368K(1857536K), 0.1294824 secs] [Times: user=0.77 sys=0.01, real=0.13 secs] 
6376.570: [GC (Allocation Failure) [PSYoungGen: 458864K->93008K(505344K)] 1232688K->1013052K(1903616K), 0.1761285 secs] [Times: user=1.05 sys=0.01, real=0.17 secs] 
6378.248: [GC (Allocation Failure) [PSYoungGen: 393790K->141312K(504320K)] 1313833K->1150360K(1902592K), 0.0488536 secs] [Times: user=0.29 sys=0.00, real=0.05 secs] 
6379.651: [GC (Allocation Failure) [PSYoungGen: 452096K->101088K(500224K)] 1461144K->1242620K(1898496K), 0.0672116 secs] [Times: user=0.40 sys=0.00, real=0.07 secs] 
6382.189: [GC (Allocation Failure) [PSYoungGen: 412896K->155680K(502272K)] 1554428K->1393849K(1900544K), 0.0506529 secs] [Times: user=0.30 sys=0.00, real=0.05 secs] 
6382.240: [Full GC (Ergonomics) [PSYoungGen: 155680K->0K(502272K)] [ParOldGen: 1238169K->192855K(1398272K)] 1393849K->192855K(1900544K), [Metaspace: 59695K->59695K(1105920K)], 0.4548280 secs] [Times: user=2.09 sys=0.00, real=0.45 secs] 
6384.760: [GC (GCLocker Initiated GC) [PSYoungGen: 311808K->99472K(505344K)] 504664K->292329K(1903616K), 0.0922020 secs] [Times: user=0.54 sys=0.00, real=0.09 secs] 
6386.565: [GC (Allocation Failure) [PSYoungGen: 408720K->147104K(502784K)] 601596K->435104K(1901056K), 0.0485168 secs] [Times: user=0.28 sys=0.00, real=0.05 secs] 
6387.855: [GC (Allocation Failure) [PSYoungGen: 456352K->102784K(500224K)] 744352K->529028K(1898496K), 0.0642877 secs] [Times: user=0.38 sys=0.00, real=0.07 secs] 
6390.816: [GC (Allocation Failure) [PSYoungGen: 412544K->145936K(501760K)] 838788K->668794K(1900032K), 0.0499568 secs] [Times: user=0.29 sys=0.00, real=0.05 secs] 
6392.100: [GC (Allocation Failure) [PSYoungGen: 455696K->102240K(503296K)] 978554K->762009K(1901568K), 0.0639855 secs] [Times: user=0.38 sys=0.00, real=0.06 secs] 
6395.818: [GC (Allocation Failure) [PSYoungGen: 415584K->142976K(504320K)] 1075353K->901934K(1902592K), 0.0509528 secs] [Times: user=0.30 sys=0.00, real=0.05 secs] 
6397.116: [GC (Allocation Failure) [PSYoungGen: 456320K->106080K(501248K)] 1215278K->998810K(1899520K), 0.0638887 secs] [Times: user=0.39 sys=0.00, real=0.07 secs] 
6399.301: [GC (Allocation Failure) [PSYoungGen: 422496K->143808K(504320K)] 1315226K->1139711K(1902592K), 0.0525311 secs] [Times: user=0.31 sys=0.00, real=0.05 secs] 
6400.695: [GC (Allocation Failure) [PSYoungGen: 460224K->107520K(505344K)] 1456127K->1237959K(1903616K), 0.0639643 secs] [Times: user=0.38 sys=0.00, real=0.07 secs] 
6403.752: [GC (Allocation Failure) [PSYoungGen: 429056K->146400K(507392K)] 1559495K->1381900K(1905664K), 0.0536277 secs] [Times: user=0.31 sys=0.00, real=0.05 secs] 
6403.806: [Full GC (Ergonomics) [PSYoungGen: 146400K->0K(507392K)] [ParOldGen: 1235500K->181376K(1398272K)] 1381900K->181376K(1905664K), [Metaspace: 59695K->59695K(1105920K)], 0.4358248 secs] [Times: user=2.02 sys=0.00, real=0.44 secs] 
6405.508: [GC (Allocation Failure) [PSYoungGen: 321536K->108880K(508416K)] 502912K->290257K(1906688K), 0.0505036 secs] [Times: user=0.29 sys=0.00, real=0.05 secs] 
6408.566: [GC (Allocation Failure) [PSYoungGen: 433488K->149376K(509440K)] 614865K->435861K(1907712K), 0.0700360 secs] [Times: user=0.41 sys=0.00, real=0.07 secs] 
6411.500: [GC (Allocation Failure) [PSYoungGen: 473984K->107632K(511488K)] 760469K->534853K(1909760K), 0.1742482 secs] [Times: user=1.04 sys=0.01, real=0.17 secs] 
6413.309: [GC (Allocation Failure) [PSYoungGen: 427120K->150464K(476160K)] 854341K->681613K(1874432K), 0.0528075 secs] [Times: user=0.31 sys=0.00, real=0.05 secs] 
6416.554: [GC (Allocation Failure) [PSYoungGen: 476096K->106080K(512512K)] 1007245K->779069K(1910784K), 0.1056761 secs] [Times: user=0.63 sys=0.00, real=0.11 secs] 
6418.208: [GC (Allocation Failure) [PSYoungGen: 421063K->145184K(509952K)] 1094053K->920498K(1908224K), 0.0506851 secs] [Times: user=0.31 sys=0.00, real=0.06 secs] 
6419.601: [GC (Allocation Failure) [PSYoungGen: 468768K->107967K(508928K)] 1244082K->1019226K(1907200K), 0.0645428 secs] [Times: user=0.38 sys=0.00, real=0.06 secs] 
6421.736: [GC (Allocation Failure) [PSYoungGen: 419271K->144016K(509952K)] 1330530K->1159086K(1908224K), 0.0515683 secs] [Times: user=0.30 sys=0.00, real=0.05 secs] 
6424.002: [GC (Allocation Failure) [PSYoungGen: 469136K->107360K(509952K)] 1484206K->1257073K(1908224K), 0.0997372 secs] [Times: user=0.58 sys=0.02, real=0.10 secs] 
6425.673: [GC (Allocation Failure) [PSYoungGen: 435552K->156384K(484864K)] 1585265K->1409702K(1883136K), 0.0782285 secs] [Times: user=0.47 sys=0.01, real=0.08 secs] 
6425.751: [Full GC (Ergonomics) [PSYoungGen: 156384K->0K(484864K)] [ParOldGen: 1253318K->209130K(1398272K)] 1409702K->209130K(1883136K), [Metaspace: 59695K->59695K(1105920K)], 0.4869446 secs] [Times: user=2.26 sys=0.00, real=0.48 secs] 
6429.018: [GC (Allocation Failure) [PSYoungGen: 328192K->100032K(510976K)] 537322K->309162K(1909248K), 0.1401251 secs] [Times: user=0.82 sys=0.01, real=0.14 secs] 
6430.146: [GC (Allocation Failure) [PSYoungGen: 422080K->156192K(478720K)] 631210K->458767K(1876992K), 0.0557025 secs] [Times: user=0.34 sys=0.00, real=0.06 secs] 
6433.224: [GC (Allocation Failure) [PSYoungGen: 478240K->96960K(506880K)] 780815K->555383K(1905152K), 0.1692450 secs] [Times: user=1.01 sys=0.00, real=0.17 secs] 
6433.638: [GC (Allocation Failure) [PSYoungGen: 410816K->167760K(481792K)] 869239K->716741K(1880064K), 0.0561455 secs] [Times: user=0.33 sys=0.00, real=0.05 secs] 
6437.106: [GC (Allocation Failure) [PSYoungGen: 481616K->92128K(498688K)] 1030597K->791744K(1896960K), 0.1655148 secs] [Times: user=0.98 sys=0.00, real=0.17 secs] 
6437.511: [GC (Allocation Failure) [PSYoungGen: 389600K->145056K(497664K)] 1089216K->930813K(1895936K), 0.0536744 secs] [Times: user=0.32 sys=0.00, real=0.05 secs] 
6440.473: [GC (Allocation Failure) [PSYoungGen: 442528K->86768K(498176K)] 1228285K->1017254K(1896448K), 0.1722206 secs] [Times: user=1.03 sys=0.01, real=0.17 secs] 
6441.689: [GC (Allocation Failure) [PSYoungGen: 382018K->138992K(437248K)] 1312504K->1151867K(1835520K), 0.0487252 secs] [Times: user=0.28 sys=0.00, real=0.05 secs] 
6443.011: [GC (Allocation Failure) [PSYoungGen: 436976K->100032K(499200K)] 1449851K->1242846K(1897472K), 0.0629507 secs] [Times: user=0.37 sys=0.00, real=0.06 secs] 
6445.733: [GC (Allocation Failure) [PSYoungGen: 401600K->139872K(496640K)] 1544414K->1378995K(1894912K), 0.0502774 secs] [Times: user=0.28 sys=0.00, real=0.05 secs] 
6445.784: [Full GC (Ergonomics) [PSYoungGen: 139872K->0K(496640K)] [ParOldGen: 1239123K->184613K(1398272K)] 1378995K->184613K(1894912K), [Metaspace: 59695K->59695K(1105920K)], 0.4218375 secs] [Times: user=1.85 sys=0.00, real=0.42 secs] 
6447.678: [GC (Allocation Failure) [PSYoungGen: 301568K->97056K(501248K)] 486181K->281669K(1899520K), 0.0438979 secs] [Times: user=0.26 sys=0.01, real=0.04 secs] 
6449.981: [GC (Allocation Failure) [PSYoungGen: 405792K->141200K(500224K)] 590405K->420234K(1898496K), 0.0493525 secs] [Times: user=0.29 sys=0.00, real=0.05 secs] 
6451.427: [GC (Allocation Failure) [PSYoungGen: 449936K->106544K(499712K)] 728970K->517507K(1897984K), 0.0639615 secs] [Times: user=0.38 sys=0.00, real=0.07 secs] 
6454.198: [GC (Allocation Failure) [PSYoungGen: 421936K->152144K(503296K)] 832899K->664983K(1901568K), 0.0519398 secs] [Times: user=0.31 sys=0.00, real=0.06 secs] 
6455.941: [GC (Allocation Failure) [PSYoungGen: 467536K->106176K(507392K)] 980375K->753235K(1905664K), 0.0656480 secs] [Times: user=0.38 sys=0.00, real=0.06 secs] 
6457.714: [GC (Allocation Failure) [PSYoungGen: 423616K->153504K(471040K)] 1070675K->904367K(1869312K), 0.0527016 secs] [Times: user=0.31 sys=0.00, real=0.05 secs] 
6461.027: [GC (Allocation Failure) [PSYoungGen: 470944K->104432K(507904K)] 1221807K->990720K(1906176K), 0.0633119 secs] [Times: user=0.38 sys=0.00, real=0.07 secs] 
6464.045: [GC (Allocation Failure) [PSYoungGen: 418288K->142112K(504832K)] 1304576K->1130604K(1903104K), 0.0533434 secs] [Times: user=0.31 sys=0.00, real=0.06 secs] 
6465.668: [GC (Allocation Failure) [PSYoungGen: 455968K->107792K(503808K)] 1444460K->1228641K(1902080K), 0.0649898 secs] [Times: user=0.38 sys=0.01, real=0.06 secs] 
6467.995: [GC (Allocation Failure) [PSYoungGen: 424720K->143488K(504320K)] 1545569K->1369341K(1902592K), 0.0548736 secs] [Times: user=0.31 sys=0.01, real=0.06 secs] 
6470.232: [GC (Allocation Failure) [PSYoungGen: 460416K->108928K(505344K)] 1686269K->1468349K(1903616K), 0.0730211 secs] [Times: user=0.39 sys=0.05, real=0.07 secs] 
6470.305: [Full GC (Ergonomics) [PSYoungGen: 108928K->0K(505344K)] [ParOldGen: 1359421K->30292K(1398272K)] 1468349K->30292K(1903616K), [Metaspace: 59695K->59695K(1105920K)], 0.0532480 secs] [Times: user=0.18 sys=0.00, real=0.06 secs] 
6472.964: [GC (Allocation Failure) [PSYoungGen: 323072K->146272K(507904K)] 353364K->176564K(1906176K), 0.0869019 secs] [Times: user=0.50 sys=0.01, real=0.09 secs] 
6475.455: [GC (Allocation Failure) [PSYoungGen: 469344K->108992K(509952K)] 499636K->277044K(1908224K), 0.0650516 secs] [Times: user=0.39 sys=0.00, real=0.07 secs] 
6477.948: [GC (Allocation Failure) [PSYoungGen: 436160K->148144K(510976K)] 604212K->422797K(1909248K), 0.0535255 secs] [Times: user=0.32 sys=0.01, real=0.06 secs] 
6480.604: [GC (Allocation Failure) [PSYoungGen: 475312K->108544K(512000K)] 749965K->522433K(1910272K), 0.0816878 secs] [Times: user=0.49 sys=0.00, real=0.08 secs] 
6483.602: [GC (Allocation Failure) [PSYoungGen: 436736K->151552K(480256K)] 850625K->669853K(1878528K), 0.0529154 secs] [Times: user=0.32 sys=0.00, real=0.05 secs] 
6485.706: [GC (Allocation Failure) [PSYoungGen: 479744K->109376K(514048K)] 998045K->770165K(1912320K), 0.1087785 secs] [Times: user=0.64 sys=0.00, real=0.11 secs] 
6487.429: [GC (Allocation Failure) [PSYoungGen: 424961K->148064K(510976K)] 1085751K->914434K(1909248K), 0.0521211 secs] [Times: user=0.31 sys=0.00, real=0.05 secs] 
6489.003: [GC (Allocation Failure) [PSYoungGen: 474208K->108400K(511488K)] 1240578K->1013859K(1909760K), 0.1014316 secs] [Times: user=0.61 sys=0.00, real=0.10 secs] 
6491.107: [GC (Allocation Failure) [PSYoungGen: 435056K->153152K(480256K)] 1340515K->1163495K(1878528K), 0.0583608 secs] [Times: user=0.34 sys=0.00, real=0.06 secs] 
6494.262: [GC (Allocation Failure) [PSYoungGen: 479808K->100016K(510976K)] 1490151K->1263304K(1909248K), 0.1596239 secs] [Times: user=0.95 sys=0.00, real=0.16 secs] 
6494.908: [GC (Allocation Failure) [PSYoungGen: 422064K->157184K(479744K)] 1585352K->1414212K(1878016K), 0.0568788 secs] [Times: user=0.34 sys=0.00, real=0.06 secs] 
6494.965: [Full GC (Ergonomics) [PSYoungGen: 157184K->0K(479744K)] [ParOldGen: 1257028K->218228K(1398272K)] 1414212K->218228K(1878016K), [Metaspace: 59695K->59695K(1105920K)], 0.5023270 secs] [Times: user=2.34 sys=0.00, real=0.50 secs] 
6498.048: [GC (Allocation Failure) [PSYoungGen: 322048K->98848K(506880K)] 540276K->317076K(1905152K), 0.1255900 secs] [Times: user=0.74 sys=0.00, real=0.13 secs] 
6498.447: [GC (Allocation Failure) [PSYoungGen: 412704K->149376K(463360K)] 630932K->460317K(1861632K), 0.0556634 secs] [Times: user=0.33 sys=0.00, real=0.06 secs] 
6502.128: [GC (Allocation Failure) [PSYoungGen: 463232K->93056K(505344K)] 774173K->552605K(1903616K), 0.1551002 secs] [Times: user=0.93 sys=0.00, real=0.16 secs] 
6502.544: [GC (Allocation Failure) [PSYoungGen: 404352K->150160K(461824K)] 863901K->696557K(1860096K), 0.0552672 secs] [Times: user=0.32 sys=0.00, real=0.06 secs] 
6506.933: [GC (Allocation Failure) [PSYoungGen: 461456K->90528K(503296K)] 1007853K->786268K(1901568K), 0.1528932 secs] [Times: user=0.91 sys=0.00, real=0.15 secs] 
6507.440: [GC (Allocation Failure) [PSYoungGen: 397728K->150016K(457728K)] 1093468K->930455K(1856000K), 0.0534201 secs] [Times: user=0.32 sys=0.00, real=0.05 secs] 
6509.655: [GC (Allocation Failure) [PSYoungGen: 457216K->90464K(501760K)] 1237655K->1020695K(1900032K), 0.0644467 secs] [Times: user=0.39 sys=0.01, real=0.07 secs] 
6511.370: [GC (Allocation Failure) [PSYoungGen: 383513K->136624K(440320K)] 1313745K->1152137K(1838592K), 0.0496935 secs] [Times: user=0.29 sys=0.00, real=0.05 secs] 
6513.780: [GC (Allocation Failure) [PSYoungGen: 440212K->98240K(500736K)] 1455725K->1241424K(1899008K), 0.0957566 secs] [Times: user=0.57 sys=0.00, real=0.09 secs] 
6515.879: [GC (Allocation Failure) [PSYoungGen: 404416K->143008K(498176K)] 1547600K->1380721K(1896448K), 0.0493703 secs] [Times: user=0.29 sys=0.00, real=0.05 secs] 
6515.928: [Full GC (Ergonomics) [PSYoungGen: 143008K->0K(498176K)] [ParOldGen: 1237713K->186905K(1398272K)] 1380721K->186905K(1896448K), [Metaspace: 59696K->59696K(1105920K)], 0.4396891 secs] [Times: user=2.04 sys=0.00, real=0.43 secs] 
6518.898: [GC (Allocation Failure) [PSYoungGen: 306176K->98848K(503296K)] 493081K->285753K(1901568K), 0.0316020 secs] [Times: user=0.18 sys=0.00, real=0.03 secs] 
6520.926: [GC (Allocation Failure) [PSYoungGen: 412704K->146432K(504320K)] 599609K->429414K(1902592K), 0.0500093 secs] [Times: user=0.30 sys=0.00, real=0.05 secs] 
6522.791: [GC (Allocation Failure) [PSYoungGen: 460288K->104880K(502784K)] 743270K->525319K(1901056K), 0.0641925 secs] [Times: user=0.38 sys=0.00, real=0.06 secs] 
6525.172: [GC (Allocation Failure) [PSYoungGen: 420272K->146512K(504320K)] 840711K->669028K(1902592K), 0.0519020 secs] [Times: user=0.30 sys=0.00, real=0.05 secs] 
6526.505: [GC (Allocation Failure) [PSYoungGen: 461904K->107392K(505344K)] 984420K->767019K(1903616K), 0.0652423 secs] [Times: user=0.39 sys=0.00, real=0.07 secs] 
6528.918: [GC (Allocation Failure) [PSYoungGen: 425856K->147456K(506368K)] 1085483K->910616K(1904640K), 0.0521339 secs] [Times: user=0.31 sys=0.00, real=0.05 secs] 
6530.859: [GC (Allocation Failure) [PSYoungGen: 465920K->106288K(506368K)] 1229080K->1007913K(1904640K), 0.0650143 secs] [Times: user=0.39 sys=0.00, real=0.06 secs] 
6533.520: [GC (Allocation Failure) [PSYoungGen: 426800K->147152K(507392K)] 1328425K->1151381K(1905664K), 0.0525293 secs] [Times: user=0.31 sys=0.00, real=0.05 secs] 
6535.812: [GC (Allocation Failure) [PSYoungGen: 467664K->108320K(508416K)] 1471893K->1250557K(1906688K), 0.1578572 secs] [Times: user=0.94 sys=0.00, real=0.16 secs] 
6537.553: [GC (Allocation Failure) [PSYoungGen: 430880K->150864K(508928K)] 1573117K->1397342K(1907200K), 0.0543280 secs] [Times: user=0.32 sys=0.01, real=0.05 secs] 
6537.608: [Full GC (Ergonomics) [PSYoungGen: 150864K->0K(508928K)] [ParOldGen: 1246477K->196652K(1398272K)] 1397342K->196652K(1907200K), [Metaspace: 59697K->59697K(1105920K)], 0.4678196 secs] [Times: user=2.14 sys=0.00, real=0.47 secs] 
6540.121: [GC (Allocation Failure) [PSYoungGen: 322560K->106560K(509440K)] 519212K->303212K(1907712K), 0.1009780 secs] [Times: user=0.59 sys=0.00, real=0.10 secs] 
6541.150: [GC (Allocation Failure) [PSYoungGen: 416089K->144048K(508928K)] 612742K->443922K(1907200K), 0.0502360 secs] [Times: user=0.30 sys=0.00, real=0.05 secs] 
6542.886: [GC (Allocation Failure) [PSYoungGen: 466096K->106656K(507904K)] 765970K->542177K(1906176K), 0.0737327 secs] [Times: user=0.44 sys=0.01, real=0.08 secs] 
6545.328: [GC (Allocation Failure) [PSYoungGen: 425602K->144992K(509440K)] 861124K->683278K(1907712K), 0.0507989 secs] [Times: user=0.30 sys=0.00, real=0.05 secs] 
6547.310: [GC (Allocation Failure) [PSYoungGen: 469088K->105872K(509952K)] 1007374K->779739K(1908224K), 0.1169030 secs] [Times: user=0.70 sys=0.00, real=0.11 secs] 
6549.713: [GC (Allocation Failure) [PSYoungGen: 421309K->145440K(510976K)] 1095175K->921183K(1909248K), 0.0508928 secs] [Times: user=0.30 sys=0.00, real=0.05 secs] 
6552.885: [GC (Allocation Failure) [PSYoungGen: 472096K->107104K(510976K)] 1247839K->1019559K(1909248K), 0.1377208 secs] [Times: user=0.81 sys=0.01, real=0.14 secs] 
6554.304: [GC (Allocation Failure) [PSYoungGen: 435808K->153216K(482304K)] 1348263K->1168816K(1880576K), 0.0519613 secs] [Times: user=0.31 sys=0.00, real=0.05 secs] 
6556.865: [GC (Allocation Failure) [PSYoungGen: 481920K->102400K(512512K)] 1497520K->1270200K(1910784K), 0.1686882 secs] [Times: user=1.00 sys=0.00, real=0.17 secs] 
6557.424: [GC (Allocation Failure) [PSYoungGen: 426496K->156736K(481280K)] 1594296K->1420243K(1879552K), 0.0580877 secs] [Times: user=0.34 sys=0.00, real=0.06 secs] 
6557.482: [Full GC (Ergonomics) [PSYoungGen: 156736K->0K(481280K)] [ParOldGen: 1263507K->218779K(1398272K)] 1420243K->218779K(1879552K), [Metaspace: 59697K->59697K(1105920K)], 0.4994379 secs] [Times: user=2.32 sys=0.00, real=0.50 secs] 
6561.349: [GC (Allocation Failure) [PSYoungGen: 324096K->95648K(507904K)] 542875K->314427K(1906176K), 0.1343853 secs] [Times: user=0.80 sys=0.01, real=0.13 secs] 
6561.790: [GC (Allocation Failure) [PSYoungGen: 411552K->154336K(470528K)] 630331K->462869K(1868800K), 0.0556042 secs] [Times: user=0.33 sys=0.00, real=0.05 secs] 
6566.443: [GC (Allocation Failure) [PSYoungGen: 470240K->88672K(503296K)] 778773K->551445K(1901568K), 0.1606415 secs] [Times: user=0.95 sys=0.00, real=0.16 secs] 
6566.855: [GC (Allocation Failure) [PSYoungGen: 396384K->148000K(456192K)] 859157K->693330K(1854464K), 0.0537566 secs] [Times: user=0.31 sys=0.01, real=0.06 secs] 
6571.045: [GC (Allocation Failure) [PSYoungGen: 455712K->88368K(502272K)] 1001042K->781323K(1900544K), 0.1452298 secs] [Times: user=0.86 sys=0.00, real=0.15 secs] 
6571.727: [GC (Allocation Failure) [PSYoungGen: 393520K->147312K(452608K)] 1086475K->922923K(1850880K), 0.0528038 secs] [Times: user=0.31 sys=0.00, real=0.06 secs] 
6573.974: [GC (Allocation Failure) [PSYoungGen: 452464K->89680K(501760K)] 1228075K->1012224K(1900032K), 0.1396492 secs] [Times: user=0.83 sys=0.01, real=0.14 secs] 
6576.247: [GC (Allocation Failure) [PSYoungGen: 393296K->143728K(500736K)] 1315840K->1151508K(1899008K), 0.0495700 secs] [Times: user=0.29 sys=0.00, real=0.05 secs] 
6577.593: [GC (Allocation Failure) [PSYoungGen: 447344K->100592K(496128K)] 1455124K->1243417K(1894400K), 0.0630973 secs] [Times: user=0.38 sys=0.00, real=0.06 secs] 
6580.285: [GC (Allocation Failure) [PSYoungGen: 404720K->140400K(498688K)] 1547545K->1380105K(1896960K), 0.0498034 secs] [Times: user=0.30 sys=0.00, real=0.05 secs] 
6580.335: [Full GC (Ergonomics) [PSYoungGen: 140400K->0K(498688K)] [ParOldGen: 1239705K->187185K(1398272K)] 1380105K->187185K(1896960K), [Metaspace: 59697K->59697K(1105920K)], 0.4489889 secs] [Times: user=2.08 sys=0.00, real=0.45 secs] 
6581.962: [GC (Allocation Failure) [PSYoungGen: 304128K->101600K(497664K)] 491313K->288785K(1895936K), 0.0320458 secs] [Times: user=0.18 sys=0.00, real=0.03 secs] 
6584.592: [GC (Allocation Failure) [PSYoungGen: 411872K->143152K(501248K)] 599057K->428258K(1899520K), 0.0501908 secs] [Times: user=0.30 sys=0.00, real=0.05 secs] 
6585.878: [GC (Allocation Failure) [PSYoungGen: 453424K->104576K(501760K)] 738530K->523622K(1900032K), 0.0649775 secs] [Times: user=0.38 sys=0.00, real=0.06 secs] 
6588.372: [GC (Allocation Failure) [PSYoungGen: 420480K->145952K(504320K)] 839526K->667150K(1902592K), 0.0525453 secs] [Times: user=0.31 sys=0.00, real=0.05 secs] 
6590.256: [GC (Allocation Failure) [PSYoungGen: 461856K->106032K(505344K)] 983054K->764219K(1903616K), 0.0803429 secs] [Times: user=0.48 sys=0.00, real=0.08 secs] 
6593.623: [GC (Allocation Failure) [PSYoungGen: 426032K->144784K(506880K)] 1084219K->906204K(1905152K), 0.0535896 secs] [Times: user=0.31 sys=0.00, real=0.05 secs] 
6594.976: [GC (Allocation Failure) [PSYoungGen: 464784K->109184K(506880K)] 1226204K->1006019K(1905152K), 0.0660087 secs] [Times: user=0.39 sys=0.00, real=0.07 secs] 
6597.341: [GC (Allocation Failure) [PSYoungGen: 432256K->149664K(508416K)] 1329091K->1152032K(1906688K), 0.0538714 secs] [Times: user=0.32 sys=0.00, real=0.05 secs] 
6599.648: [GC (Allocation Failure) [PSYoungGen: 472736K->107936K(509952K)] 1475104K->1250988K(1908224K), 0.1556822 secs] [Times: user=0.89 sys=0.01, real=0.15 secs] 
6601.213: [GC (Allocation Failure) [PSYoungGen: 432544K->151456K(476160K)] 1575596K->1398389K(1874432K), 0.0537079 secs] [Times: user=0.32 sys=0.00, real=0.05 secs] 
6601.267: [Full GC (Ergonomics) [PSYoungGen: 151456K->0K(476160K)] [ParOldGen: 1246933K->195803K(1398272K)] 1398389K->195803K(1874432K), [Metaspace: 59697K->59697K(1105920K)], 0.4686043 secs] [Times: user=2.18 sys=0.00, real=0.47 secs] 
6604.000: [GC (Allocation Failure) [PSYoungGen: 324608K->106960K(512000K)] 520411K->302763K(1910272K), 0.0840616 secs] [Times: user=0.50 sys=0.00, real=0.08 secs] 
6605.814: [GC (Allocation Failure) [PSYoungGen: 422259K->144864K(509440K)] 618062K->443363K(1907712K), 0.0501217 secs] [Times: user=0.30 sys=0.00, real=0.05 secs] 
6608.194: [GC (Allocation Failure) [PSYoungGen: 467424K->107232K(508416K)] 765923K->541480K(1906688K), 0.1417120 secs] [Times: user=0.84 sys=0.00, real=0.14 secs] 
6609.767: [GC (Allocation Failure) [PSYoungGen: 431328K->152992K(509440K)] 865576K->689892K(1907712K), 0.0526238 secs] [Times: user=0.31 sys=0.00, real=0.06 secs] 
6613.305: [GC (Allocation Failure) [PSYoungGen: 474795K->96992K(510464K)] 1011696K->785928K(1908736K), 0.1701283 secs] [Times: user=1.01 sys=0.01, real=0.17 secs] 
6615.020: [GC (Allocation Failure) [PSYoungGen: 418016K->150464K(471552K)] 1106952K->931809K(1869824K), 0.0558387 secs] [Times: user=0.33 sys=0.00, real=0.05 secs] 
6618.463: [GC (Allocation Failure) [PSYoungGen: 468496K->92608K(507392K)] 1249842K->1023869K(1905664K), 0.1693745 secs] [Times: user=1.01 sys=0.00, real=0.17 secs] 
6619.423: [GC (Allocation Failure) [PSYoungGen: 408000K->181664K(497152K)] 1339261K->1201354K(1895424K), 0.0544780 secs] [Times: user=0.32 sys=0.01, real=0.05 secs] 
6621.734: [GC (Allocation Failure) [PSYoungGen: 497056K->92544K(491008K)] 1516746K->1260330K(1889280K), 0.1741923 secs] [Times: user=1.04 sys=0.00, real=0.18 secs] 
6622.706: [GC (Allocation Failure) [PSYoungGen: 381824K->136176K(425472K)] 1549610K->1393240K(1823744K), 0.0986581 secs] [Times: user=0.59 sys=0.00, real=0.10 secs] 
6622.805: [Full GC (Ergonomics) [PSYoungGen: 136176K->0K(425472K)] [ParOldGen: 1257063K->193272K(1398272K)] 1393240K->193272K(1823744K), [Metaspace: 59697K->59697K(1105920K)], 0.4859217 secs] [Times: user=2.28 sys=0.00, real=0.49 secs] 
6626.288: [GC (Allocation Failure) [PSYoungGen: 289280K->91152K(494592K)] 482552K->284425K(1892864K), 0.0302259 secs] [Times: user=0.18 sys=0.01, real=0.03 secs] 
6627.788: [GC (Allocation Failure) [PSYoungGen: 385040K->133824K(493056K)] 578313K->416117K(1891328K), 0.0468329 secs] [Times: user=0.27 sys=0.00, real=0.04 secs] 
6630.416: [GC (Allocation Failure) [PSYoungGen: 427712K->98160K(497152K)] 710005K->504990K(1895424K), 0.0614985 secs] [Times: user=0.37 sys=0.00, real=0.06 secs] 
6632.530: [GC (Allocation Failure) [PSYoungGen: 399728K->132704K(494592K)] 806558K->636514K(1892864K), 0.0596153 secs] [Times: user=0.35 sys=0.00, real=0.06 secs] 
6634.752: [GC (Allocation Failure) [PSYoungGen: 434272K->111936K(501248K)] 938082K->739190K(1899520K), 0.0630096 secs] [Times: user=0.37 sys=0.00, real=0.06 secs] 
6636.455: [GC (Allocation Failure) [PSYoungGen: 426816K->130368K(500224K)] 1054070K->869295K(1898496K), 0.0617370 secs] [Times: user=0.36 sys=0.00, real=0.06 secs] 
6640.075: [GC (Allocation Failure) [PSYoungGen: 445248K->1824K(487936K)] 1184175K->740911K(1886208K), 0.0027766 secs] [Times: user=0.01 sys=0.00, real=0.01 secs] 
6641.306: [GC (Allocation Failure) [PSYoungGen: 307488K->128448K(502272K)] 1046575K->868692K(1900544K), 0.0369255 secs] [Times: user=0.22 sys=0.00, real=0.04 secs] 
6644.469: [GC (Allocation Failure) [PSYoungGen: 434112K->119296K(488960K)] 1174356K->978072K(1887232K), 0.0629745 secs] [Times: user=0.38 sys=0.00, real=0.06 secs] 
6647.174: [GC (Allocation Failure) [PSYoungGen: 427008K->117632K(496640K)] 1285784K->1095692K(1894912K), 0.0772365 secs] [Times: user=0.45 sys=0.00, real=0.08 secs] 
6648.848: [GC (Allocation Failure) [PSYoungGen: 425344K->131328K(506880K)] 1403404K->1215799K(1905152K), 0.0618965 secs] [Times: user=0.36 sys=0.00, real=0.06 secs] 
6652.370: [GC (Allocation Failure) [PSYoungGen: 457984K->115200K(509440K)] 1542455K->1330843K(1907712K), 0.0864620 secs] [Times: user=0.51 sys=0.01, real=0.08 secs] 
6652.457: [Full GC (Ergonomics) [PSYoungGen: 115200K->0K(509440K)] [ParOldGen: 1215643K->129244K(1398272K)] 1330843K->129244K(1907712K), [Metaspace: 59697K->59697K(1105920K)], 0.2940880 secs] [Times: user=1.34 sys=0.00, real=0.30 secs] 
6655.271: [GC (Allocation Failure) [PSYoungGen: 326656K->133760K(510976K)] 455900K->263004K(1909248K), 0.0464575 secs] [Times: user=0.28 sys=0.00, real=0.04 secs] 
6657.636: [GC (Allocation Failure) [PSYoungGen: 468608K->127408K(512000K)] 597852K->390158K(1910272K), 0.0818929 secs] [Times: user=0.48 sys=0.00, real=0.08 secs] 
6659.522: [GC (Allocation Failure) [PSYoungGen: 462256K->2656K(495616K)] 725006K->265437K(1893888K), 0.0021723 secs] [Times: user=0.01 sys=0.00, real=0.00 secs] 
6661.348: [GC (Allocation Failure) [PSYoungGen: 323680K->138928K(460288K)] 586461K->402947K(1858560K), 0.0376406 secs] [Times: user=0.22 sys=0.00, real=0.04 secs] 
6663.031: [GC (Allocation Failure) [PSYoungGen: 459952K->112752K(513536K)] 723971K->505727K(1911808K), 0.0651659 secs] [Times: user=0.39 sys=0.00, real=0.06 secs] 
6665.309: [GC (Allocation Failure) [PSYoungGen: 433776K->142496K(506368K)] 826751K->646999K(1904640K), 0.0588045 secs] [Times: user=0.34 sys=0.01, real=0.06 secs] 
6667.609: [GC (Allocation Failure) [PSYoungGen: 463520K->110672K(503808K)] 968023K->748383K(1902080K), 0.0653194 secs] [Times: user=0.38 sys=0.00, real=0.06 secs] 
6669.173: [GC (Allocation Failure) [PSYoungGen: 434256K->147680K(506368K)] 1071967K->894252K(1904640K), 0.0542755 secs] [Times: user=0.32 sys=0.00, real=0.05 secs] 
6671.708: [GC (Allocation Failure) [PSYoungGen: 471264K->108320K(510464K)] 1217836K->993224K(1908736K), 0.0679619 secs] [Times: user=0.38 sys=0.01, real=0.06 secs] 
6674.263: [GC (Allocation Failure) [PSYoungGen: 436000K->149760K(477696K)] 1320904K->1140052K(1875968K), 0.0541535 secs] [Times: user=0.32 sys=0.00, real=0.05 secs] 
6675.664: [GC (Allocation Failure) [PSYoungGen: 477440K->112352K(516096K)] 1467732K->1243228K(1914368K), 0.0673389 secs] [Times: user=0.40 sys=0.00, real=0.07 secs] 
6678.008: [GC (Allocation Failure) [PSYoungGen: 439520K->152768K(480256K)] 1570396K->1392485K(1878528K), 0.0557258 secs] [Times: user=0.33 sys=0.00, real=0.06 secs] 
6678.064: [Full GC (Ergonomics) [PSYoungGen: 152768K->0K(480256K)] [ParOldGen: 1239717K->189352K(1398272K)] 1392485K->189352K(1878528K), [Metaspace: 59697K->59697K(1105920K)], 0.4462130 secs] [Times: user=2.05 sys=0.00, real=0.45 secs] 
6679.862: [GC (Allocation Failure) [PSYoungGen: 327168K->110208K(514560K)] 516520K->299560K(1912832K), 0.0363584 secs] [Times: user=0.22 sys=0.00, real=0.04 secs] 
6681.829: [GC (Allocation Failure) [PSYoungGen: 434515K->147920K(509440K)] 623867K->444366K(1907712K), 0.0527533 secs] [Times: user=0.31 sys=0.00, real=0.05 secs] 
6684.385: [GC (Allocation Failure) [PSYoungGen: 473040K->109232K(510464K)] 769486K->544478K(1908736K), 0.1581635 secs] [Times: user=0.95 sys=0.00, real=0.16 secs] 
6685.815: [GC (Allocation Failure) [PSYoungGen: 435376K->152928K(479232K)] 870622K->693542K(1877504K), 0.0526435 secs] [Times: user=0.31 sys=0.00, real=0.05 secs] 
6689.403: [GC (Allocation Failure) [PSYoungGen: 479072K->100656K(511488K)] 1019686K->793327K(1909760K), 0.1590391 secs] [Times: user=0.95 sys=0.00, real=0.16 secs] 
6690.445: [GC (Allocation Failure) [PSYoungGen: 422704K->154384K(476672K)] 1115375K->937434K(1874944K), 0.0552018 secs] [Times: user=0.32 sys=0.00, real=0.06 secs] 
6694.409: [GC (Allocation Failure) [PSYoungGen: 476432K->96128K(507904K)] 1259482K->1032906K(1906176K), 0.1683715 secs] [Times: user=0.99 sys=0.00, real=0.16 secs] 
6694.902: [GC (Allocation Failure) [PSYoungGen: 411520K->153184K(468992K)] 1348298K->1179970K(1867264K), 0.0554607 secs] [Times: user=0.33 sys=0.00, real=0.05 secs] 
6698.393: [GC (Allocation Failure) [PSYoungGen: 468576K->88512K(504320K)] 1495362K->1268130K(1902592K), 0.1650566 secs] [Times: user=0.98 sys=0.00, real=0.17 secs] 
6699.529: [GC (Allocation Failure) [PSYoungGen: 397760K->166416K(476160K)] 1577378K->1427840K(1874432K), 0.0529185 secs] [Times: user=0.31 sys=0.01, real=0.05 secs] 
6699.582: [Full GC (Ergonomics) [PSYoungGen: 166416K->0K(476160K)] [ParOldGen: 1261423K->209156K(1398272K)] 1427840K->209156K(1874432K), [Metaspace: 59697K->59697K(1105920K)], 0.4795137 secs] [Times: user=2.22 sys=0.00, real=0.48 secs] 
6703.126: [GC (Allocation Failure) [PSYoungGen: 309248K->91504K(496640K)] 518404K->300661K(1894912K), 0.1498042 secs] [Times: user=0.89 sys=0.00, real=0.15 secs] 
6704.491: [GC (Allocation Failure) [PSYoungGen: 384298K->138576K(431616K)] 593454K->435154K(1829888K), 0.0489493 secs] [Times: user=0.29 sys=0.00, real=0.05 secs] 
6706.294: [GC (Allocation Failure) [PSYoungGen: 431440K->93824K(495616K)] 728018K->520085K(1893888K), 0.0981741 secs] [Times: user=0.59 sys=0.00, real=0.10 secs] 
6708.718: [GC (Allocation Failure) [PSYoungGen: 389248K->135920K(493056K)] 815509K->652286K(1891328K), 0.0466855 secs] [Times: user=0.28 sys=0.00, real=0.04 secs] 
6710.335: [GC (Allocation Failure) [PSYoungGen: 431344K->98496K(498176K)] 947710K->741597K(1896448K), 0.0630605 secs] [Times: user=0.37 sys=0.00, real=0.07 secs] 
6712.054: [GC (Allocation Failure) [PSYoungGen: 402624K->138624K(496640K)] 1045725K->878490K(1894912K), 0.0542792 secs] [Times: user=0.31 sys=0.01, real=0.05 secs] 
6714.052: [GC (Allocation Failure) [PSYoungGen: 442752K->104864K(500224K)] 1182618K->973950K(1898496K), 0.0668306 secs] [Times: user=0.40 sys=0.00, real=0.07 secs] 
6716.660: [GC (Allocation Failure) [PSYoungGen: 419232K->137328K(502272K)] 1288318K->1109955K(1900544K), 0.0598087 secs] [Times: user=0.36 sys=0.00, real=0.06 secs] 
6718.024: [GC (Allocation Failure) [PSYoungGen: 451696K->111376K(501248K)] 1424323K->1212171K(1899520K), 0.0650797 secs] [Times: user=0.39 sys=0.00, real=0.07 secs] 
6720.417: [GC (Allocation Failure) [PSYoungGen: 434960K->144784K(506368K)] 1535755K->1355320K(1904640K), 0.0573334 secs] [Times: user=0.34 sys=0.00, real=0.06 secs] 
6723.033: [GC (Allocation Failure) [PSYoungGen: 468368K->110480K(510464K)] 1678904K->1456556K(1908736K), 0.0738921 secs] [Times: user=0.37 sys=0.01, real=0.07 secs] 
6723.107: [Full GC (Ergonomics) [PSYoungGen: 110480K->0K(510464K)] [ParOldGen: 1346075K->25889K(1398272K)] 1456556K->25889K(1908736K), [Metaspace: 59697K->59697K(1105920K)], 0.0450083 secs] [Times: user=0.14 sys=0.00, real=0.05 secs] 
6725.077: [GC (Allocation Failure) [PSYoungGen: 330752K->148384K(512000K)] 356641K->174273K(1910272K), 0.0292109 secs] [Times: user=0.17 sys=0.00, real=0.03 secs] 
6727.662: [GC (Allocation Failure) [PSYoungGen: 479136K->113184K(513536K)] 505025K->277977K(1911808K), 0.0648219 secs] [Times: user=0.38 sys=0.00, real=0.06 secs] 
6730.555: [GC (Allocation Failure) [PSYoungGen: 445472K->151776K(484352K)] 610265K->427237K(1882624K), 0.0546108 secs] [Times: user=0.33 sys=0.00, real=0.06 secs] 
6732.383: [GC (Allocation Failure) [PSYoungGen: 484064K->117088K(517120K)] 759525K->534878K(1915392K), 0.1038936 secs] [Times: user=0.62 sys=0.00, real=0.10 secs] 
6734.690: [GC (Allocation Failure) [PSYoungGen: 438368K->147520K(513024K)] 856158K->676218K(1911296K), 0.0539893 secs] [Times: user=0.32 sys=0.00, real=0.05 secs] 
6738.172: [GC (Allocation Failure) [PSYoungGen: 478784K->110032K(514560K)] 1007482K->777179K(1912832K), 0.1771016 secs] [Times: user=1.05 sys=0.01, real=0.18 secs] 
6740.285: [GC (Allocation Failure) [PSYoungGen: 442832K->156336K(489472K)] 1109979K->928848K(1887744K), 0.0526304 secs] [Times: user=0.31 sys=0.00, real=0.05 secs] 
6743.526: [GC (Allocation Failure) [PSYoungGen: 489136K->101600K(513024K)] 1261648K->1029667K(1911296K), 0.1643529 secs] [Times: user=0.78 sys=0.02, real=0.17 secs] 
6744.132: [GC (Allocation Failure) [PSYoungGen: 427232K->158624K(484352K)] 1355299K->1181616K(1882624K), 0.0574825 secs] [Times: user=0.34 sys=0.00, real=0.06 secs] 
6748.615: [GC (Allocation Failure) [PSYoungGen: 484256K->95072K(507392K)] 1507248K->1276508K(1905664K), 0.1459433 secs] [Times: user=0.87 sys=0.00, real=0.15 secs] 
6749.517: [GC (Allocation Failure) [PSYoungGen: 410464K->151328K(466944K)] 1591900K->1421849K(1865216K), 0.0699582 secs] [Times: user=0.41 sys=0.00, real=0.07 secs] 
6749.587: [Full GC (Ergonomics) [PSYoungGen: 151328K->0K(466944K)] [ParOldGen: 1270521K->227220K(1398272K)] 1421849K->227220K(1865216K), [Metaspace: 59697K->59697K(1105920K)], 0.5318589 secs] [Times: user=2.49 sys=0.00, real=0.54 secs] 
6755.839: [GC (Allocation Failure) [PSYoungGen: 315392K->87056K(503296K)] 542612K->314277K(1901568K), 0.0960770 secs] [Times: user=0.56 sys=0.00, real=0.09 secs] 
6756.350: [GC (Allocation Failure) [PSYoungGen: 395792K->149952K(458752K)] 623013K->457921K(1857024K), 0.0527514 secs] [Times: user=0.32 sys=0.00, real=0.05 secs] 
6759.749: [GC (Allocation Failure) [PSYoungGen: 458688K->88928K(501760K)] 766657K->546509K(1900032K), 0.1657913 secs] [Times: user=0.99 sys=0.00, real=0.16 secs] 
6760.424: [GC (Allocation Failure) [PSYoungGen: 393056K->147696K(452096K)] 850637K->688462K(1850368K), 0.0528993 secs] [Times: user=0.32 sys=0.00, real=0.05 secs] 
6762.419: [GC (Allocation Failure) [PSYoungGen: 451824K->96000K(502272K)] 992590K->783886K(1900544K), 0.1000606 secs] [Times: user=0.60 sys=0.00, real=0.10 secs] 
6762.885: [GC (Allocation Failure) [PSYoungGen: 399616K->147424K(500224K)] 1087502K->921423K(1898496K), 0.0531352 secs] [Times: user=0.32 sys=0.00, real=0.06 secs] 
6765.380: [GC (Allocation Failure) [PSYoungGen: 451040K->89568K(501248K)] 1225039K->1010659K(1899520K), 0.1297722 secs] [Times: user=0.77 sys=0.00, real=0.13 secs] 
6765.923: [GC (Allocation Failure) [PSYoungGen: 393184K->142560K(500736K)] 1314275K->1149800K(1899008K), 0.0495629 secs] [Times: user=0.28 sys=0.01, real=0.05 secs] 
6768.365: [GC (Allocation Failure) [PSYoungGen: 446176K->98768K(496128K)] 1453416K->1239604K(1894400K), 0.0629657 secs] [Times: user=0.38 sys=0.01, real=0.06 secs] 
6769.739: [GC (Allocation Failure) [PSYoungGen: 403408K->142784K(498688K)] 1544244K->1379120K(1896960K), 0.0489472 secs] [Times: user=0.29 sys=0.00, real=0.04 secs] 
6769.788: [Full GC (Ergonomics) [PSYoungGen: 142784K->0K(498688K)] [ParOldGen: 1236336K->186724K(1398272K)] 1379120K->186724K(1896960K), [Metaspace: 59697K->59697K(1105920K)], 0.4461186 secs] [Times: user=2.07 sys=0.01, real=0.45 secs] 
6772.194: [GC (Allocation Failure) [PSYoungGen: 304640K->99105K(499712K)] 491364K->285829K(1897984K), 0.0316783 secs] [Times: user=0.19 sys=0.00, real=0.03 secs] 
6774.625: [GC (Allocation Failure) [PSYoungGen: 408865K->141472K(501760K)] 595589K->424449K(1900032K), 0.0495074 secs] [Times: user=0.29 sys=0.00, real=0.05 secs] 
6776.353: [GC (Allocation Failure) [PSYoungGen: 451232K->105472K(499200K)] 734209K->520669K(1897472K), 0.0629695 secs] [Times: user=0.37 sys=0.00, real=0.06 secs] 
6778.501: [GC (Allocation Failure) [PSYoungGen: 419840K->144192K(502784K)] 835037K->662522K(1901056K), 0.0521097 secs] [Times: user=0.31 sys=0.00, real=0.05 secs] 
6780.268: [GC (Allocation Failure) [PSYoungGen: 458560K->106256K(504320K)] 976890K->759375K(1902592K), 0.0653258 secs] [Times: user=0.38 sys=0.00, real=0.06 secs] 
6782.805: [GC (Allocation Failure) [PSYoungGen: 426256K->145120K(506368K)] 1079375K->901619K(1904640K), 0.0529523 secs] [Times: user=0.31 sys=0.00, real=0.05 secs] 
6784.107: [GC (Allocation Failure) [PSYoungGen: 465120K->110544K(506880K)] 1221619K->1002588K(1905152K), 0.0672823 secs] [Times: user=0.40 sys=0.01, real=0.07 secs] 
6785.749: [GC (Allocation Failure) [PSYoungGen: 434128K->148320K(508416K)] 1326172K->1147260K(1906688K), 0.0553579 secs] [Times: user=0.32 sys=0.00, real=0.05 secs] 
6788.442: [GC (Allocation Failure) [PSYoungGen: 471904K->109872K(509952K)] 1470844K->1247261K(1908224K), 0.0664364 secs] [Times: user=0.39 sys=0.00, real=0.07 secs] 
6791.071: [GC (Allocation Failure) [PSYoungGen: 436016K->150704K(510464K)] 1573405K->1394229K(1908736K), 0.0546520 secs] [Times: user=0.32 sys=0.00, real=0.05 secs] 
6791.125: [Full GC (Ergonomics) [PSYoungGen: 150704K->0K(510464K)] [ParOldGen: 1243525K->192987K(1398272K)] 1394229K->192987K(1908736K), [Metaspace: 59709K->59709K(1105920K)], 0.4514056 secs] [Times: user=2.09 sys=0.00, real=0.45 secs] 
6792.898: [GC (Allocation Failure) [PSYoungGen: 326144K->109296K(510976K)] 519131K->302283K(1909248K), 0.0384606 secs] [Times: user=0.23 sys=0.00, real=0.04 secs] 
6794.732: [GC (Allocation Failure) [PSYoungGen: 424112K->145584K(510464K)] 617099K->443939K(1908736K), 0.0513202 secs] [Times: user=0.31 sys=0.00, real=0.05 secs] 
6797.953: [GC (Allocation Failure) [PSYoungGen: 471216K->107664K(509952K)] 769571K->542515K(1908224K), 0.1760395 secs] [Times: user=1.05 sys=0.00, real=0.18 secs] 
6799.460: [GC (Allocation Failure) [PSYoungGen: 434832K->153344K(480768K)] 869683K->691851K(1879040K), 0.0527734 secs] [Times: user=0.31 sys=0.00, real=0.05 secs] 
6802.262: [GC (GCLocker Initiated GC) [PSYoungGen: 480512K->99632K(511488K)] 1019019K->790816K(1909760K), 0.1592910 secs] [Times: user=0.95 sys=0.01, real=0.16 secs] 
6803.304: [GC (Allocation Failure) [PSYoungGen: 422704K->154528K(477696K)] 1113890K->939165K(1875968K), 0.0739668 secs] [Times: user=0.44 sys=0.00, real=0.07 secs] 
6807.059: [GC (Allocation Failure) [PSYoungGen: 477600K->95856K(507904K)] 1262237K->1034941K(1906176K), 0.1535341 secs] [Times: user=0.90 sys=0.01, real=0.15 secs] 
6807.836: [GC (Allocation Failure) [PSYoungGen: 411760K->151984K(467968K)] 1350845K->1180842K(1866240K), 0.0761998 secs] [Times: user=0.45 sys=0.00, real=0.08 secs] 
6812.146: [GC (Allocation Failure) [PSYoungGen: 467888K->91792K(504832K)] 1496746K->1272337K(1903104K), 0.1671431 secs] [Times: user=0.99 sys=0.01, real=0.17 secs] 
6812.760: [GC (Allocation Failure) [PSYoungGen: 402064K->151232K(461824K)] 1582609K->1417054K(1860096K), 0.0545040 secs] [Times: user=0.32 sys=0.00, real=0.05 secs] 
6812.814: [Full GC (Ergonomics) [PSYoungGen: 151232K->0K(461824K)] [ParOldGen: 1265822K->215211K(1398272K)] 1417054K->215211K(1860096K), [Metaspace: 59709K->59709K(1105920K)], 0.4975556 secs] [Times: user=2.31 sys=0.00, real=0.50 secs] 
6816.691: [GC (Allocation Failure) [PSYoungGen: 310272K->89328K(502272K)] 525483K->304540K(1900544K), 0.1485879 secs] [Times: user=0.88 sys=0.00, real=0.15 secs] 
6817.854: [GC (Allocation Failure) [PSYoungGen: 394480K->145360K(450560K)] 609692K->444004K(1848832K), 0.0523226 secs] [Times: user=0.31 sys=0.00, real=0.05 secs] 
6820.004: [GC (Allocation Failure) [PSYoungGen: 450512K->93744K(503296K)] 749156K->536692K(1901568K), 0.0629429 secs] [Times: user=0.37 sys=0.00, real=0.06 secs] 
6821.296: [GC (Allocation Failure) [PSYoungGen: 399408K->140576K(446464K)] 842356K->671577K(1844736K), 0.0490328 secs] [Times: user=0.29 sys=0.00, real=0.05 secs] 
6823.982: [GC (Allocation Failure) [PSYoungGen: 446240K->100768K(503808K)] 977241K->762637K(1902080K), 0.0626058 secs] [Times: user=0.37 sys=0.00, real=0.06 secs] 
6825.932: [GC (GCLocker Initiated GC) [PSYoungGen: 409504K->141840K(500736K)] 1071375K->900676K(1899008K), 0.0495050 secs] [Times: user=0.29 sys=0.00, real=0.05 secs] 
6828.783: [GC (Allocation Failure) [PSYoungGen: 450576K->101504K(503296K)] 1209413K->992585K(1901568K), 0.0618923 secs] [Times: user=0.37 sys=0.00, real=0.06 secs] 
6831.153: [GC (Allocation Failure) [PSYoungGen: 415872K->143120K(503808K)] 1306953K->1132366K(1902080K), 0.0510801 secs] [Times: user=0.29 sys=0.01, real=0.05 secs] 
6833.122: [GC (Allocation Failure) [PSYoungGen: 457488K->106448K(503296K)] 1446734K->1229602K(1901568K), 0.0650778 secs] [Times: user=0.39 sys=0.00, real=0.06 secs] 
6835.753: [GC (Allocation Failure) [PSYoungGen: 425424K->155776K(505856K)] 1548578K->1382702K(1904128K), 0.0539524 secs] [Times: user=0.32 sys=0.00, real=0.05 secs] 
6835.807: [Full GC (Ergonomics) [PSYoungGen: 155776K->0K(505856K)] [ParOldGen: 1226926K->182625K(1398272K)] 1382702K->182625K(1904128K), [Metaspace: 59709K->59709K(1105920K)], 0.4279330 secs] [Times: user=1.91 sys=0.00, real=0.43 secs] 
6837.467: [GC (Allocation Failure) [PSYoungGen: 318976K->106128K(508416K)] 501601K->288753K(1906688K), 0.0328386 secs] [Times: user=0.19 sys=0.00, real=0.04 secs] 
6840.078: [GC (Allocation Failure) [PSYoungGen: 422544K->147008K(505856K)] 605169K->431550K(1904128K), 0.0520036 secs] [Times: user=0.30 sys=0.00, real=0.05 secs] 
6841.409: [GC (Allocation Failure) [PSYoungGen: 463424K->103600K(506368K)] 747966K->526038K(1904640K), 0.0684421 secs] [Times: user=0.40 sys=0.01, real=0.06 secs] 
6843.755: [GC (Allocation Failure) [PSYoungGen: 421552K->148464K(506880K)] 843990K->669963K(1905152K), 0.0511336 secs] [Times: user=0.30 sys=0.00, real=0.05 secs] 
6845.609: [GC (Allocation Failure) [PSYoungGen: 466416K->106464K(506368K)] 987915K->767062K(1904640K), 0.1183084 secs] [Times: user=0.70 sys=0.00, real=0.11 secs] 
6847.780: [GC (Allocation Failure) [PSYoungGen: 424928K->148640K(506880K)] 1085526K->912543K(1905152K), 0.0520181 secs] [Times: user=0.31 sys=0.00, real=0.05 secs] 
6849.651: [GC (Allocation Failure) [PSYoungGen: 467104K->105584K(506880K)] 1231007K->1009408K(1905152K), 0.0647641 secs] [Times: user=0.38 sys=0.01, real=0.06 secs] 
6852.412: [GC (Allocation Failure) [PSYoungGen: 425072K->146848K(507392K)] 1328896K->1152436K(1905664K), 0.0528981 secs] [Times: user=0.31 sys=0.00, real=0.05 secs] 
6853.754: [GC (Allocation Failure) [PSYoungGen: 466336K->105616K(507904K)] 1471924K->1248901K(1906176K), 0.0668122 secs] [Times: user=0.38 sys=0.01, real=0.07 secs] 
6856.300: [GC (Allocation Failure) [PSYoungGen: 426640K->149360K(508416K)] 1569925K->1394378K(1906688K), 0.0532683 secs] [Times: user=0.31 sys=0.00, real=0.05 secs] 
6856.353: [Full GC (Ergonomics) [PSYoungGen: 149360K->0K(508416K)] [ParOldGen: 1245017K->194214K(1398272K)] 1394378K->194214K(1906688K), [Metaspace: 59709K->59709K(1105920K)], 0.4640953 secs] [Times: user=2.06 sys=0.00, real=0.46 secs] 
6858.114: [GC (Allocation Failure) [PSYoungGen: 321024K->107968K(508416K)] 515238K->302182K(1906688K), 0.0365448 secs] [Times: user=0.21 sys=0.00, real=0.04 secs] 
6860.169: [GC (Allocation Failure) [PSYoungGen: 425852K->145648K(508416K)] 620067K->444000K(1906688K), 0.0514343 secs] [Times: user=0.30 sys=0.00, real=0.05 secs] 
6862.187: [GC (Allocation Failure) [PSYoungGen: 466672K->107008K(507392K)] 765024K->541551K(1905664K), 0.0672095 secs] [Times: user=0.39 sys=0.00, real=0.07 secs] 
6865.127: [GC (Allocation Failure) [PSYoungGen: 424166K->143856K(508928K)] 858710K->681596K(1907200K), 0.0506139 secs] [Times: user=0.30 sys=0.00, real=0.05 secs] 
6866.601: [GC (Allocation Failure) [PSYoungGen: 466928K->108752K(507904K)] 1004668K->781644K(1906176K), 0.0763906 secs] [Times: user=0.45 sys=0.00, real=0.07 secs] 
6868.598: [GC (Allocation Failure) [PSYoungGen: 434896K->151984K(509952K)] 1107788K->929601K(1908224K), 0.0530485 secs] [Times: user=0.31 sys=0.01, real=0.06 secs] 
6871.615: [GC (Allocation Failure) [PSYoungGen: 478128K->97504K(511488K)] 1255745K->1026393K(1909760K), 0.1632343 secs] [Times: user=0.97 sys=0.00, real=0.16 secs] 
6872.993: [GC (Allocation Failure) [PSYoungGen: 421088K->155296K(479232K)] 1349977K->1175761K(1877504K), 0.0567072 secs] [Times: user=0.34 sys=0.00, real=0.06 secs] 
6876.519: [GC (Allocation Failure) [PSYoungGen: 478880K->95072K(507392K)] 1499345K->1270362K(1905664K), 0.1736575 secs] [Times: user=1.03 sys=0.00, real=0.17 secs] 
6877.331: [GC (Allocation Failure) [PSYoungGen: 410464K->152448K(467968K)] 1585754K->1416622K(1866240K), 0.0560532 secs] [Times: user=0.33 sys=0.01, real=0.05 secs] 
6877.387: [Full GC (Ergonomics) [PSYoungGen: 152448K->0K(467968K)] [ParOldGen: 1264174K->215276K(1398272K)] 1416622K->215276K(1866240K), [Metaspace: 59709K->59709K(1105920K)], 0.5057654 secs] [Times: user=2.36 sys=0.00, real=0.51 secs] 
6880.411: [GC (Allocation Failure) [PSYoungGen: 315392K->90048K(504320K)] 530668K->305325K(1902592K), 0.1380587 secs] [Times: user=0.82 sys=0.01, real=0.14 secs] 
6881.610: [GC (Allocation Failure) [PSYoungGen: 399296K->149856K(459264K)] 614573K->448790K(1857536K), 0.0522115 secs] [Times: user=0.31 sys=0.00, real=0.05 secs] 
6884.394: [GC (Allocation Failure) [PSYoungGen: 458464K->90352K(502784K)] 757399K->538555K(1901056K), 0.1624724 secs] [Times: user=0.97 sys=0.00, real=0.16 secs] 
6884.924: [GC (Allocation Failure) [PSYoungGen: 385809K->138064K(443904K)] 834012K->672860K(1842176K), 0.0488269 secs] [Times: user=0.29 sys=0.00, real=0.05 secs] 
6886.513: [GC (Allocation Failure) [PSYoungGen: 443728K->97888K(502784K)] 978524K->762283K(1901056K), 0.0663831 secs] [Times: user=0.39 sys=0.01, real=0.07 secs] 
6889.516: [GC (Allocation Failure) [PSYoungGen: 406112K->143856K(500224K)] 1070507K->901957K(1898496K), 0.0489563 secs] [Times: user=0.29 sys=0.00, real=0.05 secs] 
6890.796: [GC (Allocation Failure) [PSYoungGen: 452080K->103856K(501248K)] 1210181K->996705K(1899520K), 0.0638408 secs] [Times: user=0.38 sys=0.00, real=0.07 secs] 
6893.037: [GC (Allocation Failure) [PSYoungGen: 417200K->146176K(503296K)] 1310049K->1139277K(1901568K), 0.0525989 secs] [Times: user=0.31 sys=0.00, real=0.06 secs] 
6894.360: [GC (Allocation Failure) [PSYoungGen: 459520K->105888K(503808K)] 1452621K->1236129K(1902080K), 0.0657952 secs] [Times: user=0.39 sys=0.00, real=0.06 secs] 
6897.216: [GC (Allocation Failure) [PSYoungGen: 422816K->144432K(505344K)] 1553057K->1377071K(1903616K), 0.0537893 secs] [Times: user=0.31 sys=0.00, real=0.06 secs] 
6897.270: [Full GC (Ergonomics) [PSYoungGen: 144432K->0K(505344K)] [ParOldGen: 1232638K->184470K(1398272K)] 1377071K->184470K(1903616K), [Metaspace: 59709K->59709K(1105920K)], 0.4485242 secs] [Times: user=2.02 sys=0.00, real=0.45 secs] 
6898.902: [GC (Allocation Failure) [PSYoungGen: 316928K->107792K(504832K)] 501398K->292263K(1903104K), 0.0329693 secs] [Times: user=0.20 sys=0.00, real=0.03 secs] 
6901.650: [GC (Allocation Failure) [PSYoungGen: 428304K->149952K(506880K)] 612775K->436523K(1905152K), 0.0527077 secs] [Times: user=0.31 sys=0.00, real=0.05 secs] 
6903.792: [GC (Allocation Failure) [PSYoungGen: 470464K->107872K(509440K)] 757035K->535575K(1907712K), 0.0649854 secs] [Times: user=0.38 sys=0.01, real=0.06 secs] 
6906.711: [GC (Allocation Failure) [PSYoungGen: 429920K->148448K(508928K)] 857623K->680272K(1907200K), 0.0515946 secs] [Times: user=0.30 sys=0.00, real=0.05 secs] 
6908.770: [GC (Allocation Failure) [PSYoungGen: 470496K->105936K(509440K)] 1002320K->777392K(1907712K), 0.0871067 secs] [Times: user=0.52 sys=0.01, real=0.08 secs] 
6910.934: [GC (Allocation Failure) [PSYoungGen: 423805K->147632K(509440K)] 1095261K->921153K(1907712K), 0.0512135 secs] [Times: user=0.30 sys=0.00, real=0.05 secs] 
6912.555: [GC (Allocation Failure) [PSYoungGen: 470192K->105536K(508928K)] 1243713K->1017828K(1907200K), 0.0653571 secs] [Times: user=0.38 sys=0.00, real=0.07 secs] 
6914.911: [GC (Allocation Failure) [PSYoungGen: 418340K->145776K(509440K)] 1330633K->1159266K(1907712K), 0.0508611 secs] [Times: user=0.30 sys=0.00, real=0.05 secs] 
6917.378: [GC (Allocation Failure) [PSYoungGen: 468848K->104992K(509952K)] 1482338K->1255565K(1908224K), 0.1506330 secs] [Times: user=0.89 sys=0.01, real=0.16 secs] 
6919.276: [GC (Allocation Failure) [PSYoungGen: 418338K->146320K(510464K)] 1568912K->1397721K(1908736K), 0.0506447 secs] [Times: user=0.30 sys=0.00, real=0.05 secs] 
6919.327: [Full GC (Ergonomics) [PSYoungGen: 146320K->0K(510464K)] [ParOldGen: 1251401K->195869K(1398272K)] 1397721K->195869K(1908736K), [Metaspace: 59709K->59709K(1105920K)], 0.4615639 secs] [Times: user=2.14 sys=0.00, real=0.47 secs] 
6922.123: [GC (Allocation Failure) [PSYoungGen: 324608K->109472K(507904K)] 520477K->305341K(1906176K), 0.0935893 secs] [Times: user=0.55 sys=0.00, real=0.09 secs] 
6923.642: [GC (Allocation Failure) [PSYoungGen: 434592K->152800K(509440K)] 630461K->454114K(1907712K), 0.0519699 secs] [Times: user=0.31 sys=0.00, real=0.05 secs] 
6927.773: [GC (Allocation Failure) [PSYoungGen: 477920K->93664K(510464K)] 779234K->547326K(1908736K), 0.1650030 secs] [Times: user=0.98 sys=0.00, real=0.17 secs] 
6928.719: [GC (Allocation Failure) [PSYoungGen: 415200K->150528K(472576K)] 868862K->693887K(1870848K), 0.0539083 secs] [Times: user=0.32 sys=0.01, real=0.05 secs] 
6932.486: [GC (Allocation Failure) [PSYoungGen: 472064K->99449K(508928K)] 1015423K->793113K(1907200K), 0.1568290 secs] [Times: user=0.93 sys=0.00, real=0.16 secs] 
6933.609: [GC (Allocation Failure) [PSYoungGen: 416377K->150656K(467968K)] 1110041K->937276K(1866240K), 0.0561158 secs] [Times: user=0.34 sys=0.00, real=0.05 secs] 
6937.335: [GC (Allocation Failure) [PSYoungGen: 467584K->92960K(506368K)] 1254204K->1029516K(1904640K), 0.1748777 secs] [Times: user=1.04 sys=0.01, real=0.18 secs] 
6938.488: [GC (Allocation Failure) [PSYoungGen: 405792K->148528K(461824K)] 1342348K->1171793K(1860096K), 0.0571038 secs] [Times: user=0.31 sys=0.00, real=0.06 secs] 
6941.248: [GC (Allocation Failure) [PSYoungGen: 461336K->94080K(505344K)] 1484601K->1264985K(1903616K), 0.1648774 secs] [Times: user=0.98 sys=0.00, real=0.17 secs] 
6941.879: [GC (Allocation Failure) [PSYoungGen: 404352K->150656K(461312K)] 1575257K->1409686K(1859584K), 0.0546937 secs] [Times: user=0.32 sys=0.01, real=0.05 secs] 
6941.934: [Full GC (Ergonomics) [PSYoungGen: 150656K->0K(461312K)] [ParOldGen: 1259029K->209092K(1398272K)] 1409686K->209092K(1859584K), [Metaspace: 59709K->59709K(1105920K)], 0.4853737 secs] [Times: user=2.25 sys=0.00, real=0.49 secs] 
6945.079: [GC (Allocation Failure) [PSYoungGen: 310272K->91681K(503296K)] 519364K->300773K(1901568K), 0.1746998 secs] [Times: user=1.04 sys=0.00, real=0.17 secs] 
6946.346: [GC (Allocation Failure) [PSYoungGen: 388347K->138704K(445440K)] 597439K->434990K(1843712K), 0.0489691 secs] [Times: user=0.29 sys=0.00, real=0.05 secs] 
6948.018: [GC (Allocation Failure) [PSYoungGen: 445392K->100752K(503808K)] 741678K->526954K(1902080K), 0.0614457 secs] [Times: user=0.36 sys=0.00, real=0.07 secs] 
6950.045: [GC (Allocation Failure) [PSYoungGen: 410512K->143328K(500736K)] 836714K->667042K(1899008K), 0.0534464 secs] [Times: user=0.32 sys=0.00, real=0.06 secs] 
6951.757: [GC (Allocation Failure) [PSYoungGen: 453088K->101264K(504832K)] 976802K->759571K(1903104K), 0.0635425 secs] [Times: user=0.37 sys=0.00, real=0.07 secs] 
6954.581: [GC (Allocation Failure) [PSYoungGen: 417168K->144976K(505344K)] 1075475K->900904K(1903616K), 0.0499234 secs] [Times: user=0.30 sys=0.01, real=0.05 secs] 
6955.891: [GC (Allocation Failure) [PSYoungGen: 460880K->107632K(503808K)] 1216808K->998972K(1902080K), 0.0646989 secs] [Times: user=0.38 sys=0.00, real=0.06 secs] 
6957.628: [GC (Allocation Failure) [PSYoungGen: 426096K->147456K(505856K)] 1317436K->1142804K(1904128K), 0.0525385 secs] [Times: user=0.32 sys=0.00, real=0.06 secs] 
6960.525: [GC (Allocation Failure) [PSYoungGen: 465920K->105440K(507904K)] 1461268K->1238456K(1906176K), 0.0647964 secs] [Times: user=0.38 sys=0.00, real=0.07 secs] 
6962.710: [GC (Allocation Failure) [PSYoungGen: 426976K->148608K(508416K)] 1559992K->1383765K(1906688K), 0.0777588 secs] [Times: user=0.46 sys=0.01, real=0.07 secs] 
6962.788: [Full GC (Ergonomics) [PSYoungGen: 148608K->0K(508416K)] [ParOldGen: 1235157K->190869K(1398272K)] 1383765K->190869K(1906688K), [Metaspace: 59709K->59709K(1105920K)], 0.4739282 secs] [Times: user=2.21 sys=0.00, real=0.48 secs] 
6965.942: [GC (Allocation Failure) [PSYoungGen: 321536K->103696K(509440K)] 512405K->294566K(1907712K), 0.0317101 secs] [Times: user=0.18 sys=0.00, real=0.03 secs] 
6969.108: [GC (Allocation Failure) [PSYoungGen: 425232K->149568K(471552K)] 616102K->440170K(1869824K), 0.0505987 secs] [Times: user=0.30 sys=0.00, real=0.05 secs] 
6971.051: [GC (GCLocker Initiated GC) [PSYoungGen: 471104K->106416K(511488K)] 761707K->537780K(1909760K), 0.0942584 secs] [Times: user=0.56 sys=0.00, real=0.09 secs] 
6973.756: [GC (Allocation Failure) [PSYoungGen: 427440K->140992K(508416K)] 875191K->691091K(1906688K), 0.2029750 secs] [Times: user=1.22 sys=0.00, real=0.21 secs] 
6976.907: [GC (Allocation Failure) [PSYoungGen: 462016K->96912K(509440K)] 1012115K->787708K(1907712K), 0.4352019 secs] [Times: user=2.61 sys=0.00, real=0.44 secs] 
6978.403: [GC (Allocation Failure) [PSYoungGen: 418960K->154704K(477184K)] 1109756K->936197K(1875456K), 0.0563832 secs] [Times: user=0.34 sys=0.00, real=0.06 secs] 
6981.448: [GC (Allocation Failure) [PSYoungGen: 476752K->96016K(508416K)] 1258245K->1031741K(1906688K), 0.1712886 secs] [Times: user=1.02 sys=0.00, real=0.18 secs] 
6982.179: [GC (Allocation Failure) [PSYoungGen: 412944K->152992K(470016K)] 1348669K->1178841K(1868288K), 0.0845073 secs] [Times: user=0.51 sys=0.00, real=0.08 secs] 
6986.311: [GC (Allocation Failure) [PSYoungGen: 469920K->90672K(504832K)] 1495769K->1269425K(1903104K), 0.1771994 secs] [Times: user=1.04 sys=0.00, real=0.18 secs] 
6987.402: [GC (Allocation Failure) [PSYoungGen: 400944K->146784K(457216K)] 1579697K->1410094K(1855488K), 0.0541045 secs] [Times: user=0.32 sys=0.00, real=0.05 secs] 
6987.456: [Full GC (Ergonomics) [PSYoungGen: 146784K->0K(457216K)] [ParOldGen: 1263310K->209087K(1398272K)] 1410094K->209087K(1855488K), [Metaspace: 59709K->59709K(1105920K)], 0.4789314 secs] [Times: user=2.21 sys=0.00, real=0.48 secs] 
6990.369: [GC (Allocation Failure) [PSYoungGen: 310272K->91456K(504320K)] 519359K->300543K(1902592K), 0.1623705 secs] [Times: user=0.97 sys=0.00, real=0.16 secs] 
6991.439: [GC (Allocation Failure) [PSYoungGen: 389149K->139216K(448000K)] 598236K->435533K(1846272K), 0.0492662 secs] [Times: user=0.29 sys=0.00, real=0.05 secs] 
6993.846: [GC (Allocation Failure) [PSYoungGen: 447952K->102304K(505856K)] 744269K->528228K(1904128K), 0.0623669 secs] [Times: user=0.37 sys=0.00, real=0.07 secs] 
6995.148: [GC (Allocation Failure) [PSYoungGen: 414536K->148032K(502272K)] 840461K->673025K(1900544K), 0.0500923 secs] [Times: user=0.29 sys=0.00, real=0.05 secs] 
6997.339: [GC (Allocation Failure) [PSYoungGen: 460352K->101120K(505856K)] 985345K->765541K(1904128K), 0.0650722 secs] [Times: user=0.39 sys=0.00, real=0.06 secs] 
6999.092: [GC (Allocation Failure) [PSYoungGen: 417024K->148752K(464896K)] 1081445K->911223K(1863168K), 0.0500408 secs] [Times: user=0.30 sys=0.00, real=0.05 secs] 
7001.041: [GC (Allocation Failure) [PSYoungGen: 464656K->105120K(508928K)] 1227127K->1007742K(1907200K), 0.1103175 secs] [Times: user=0.66 sys=0.00, real=0.11 secs] 
7002.865: [GC (Allocation Failure) [PSYoungGen: 420512K->145776K(505344K)] 1323134K->1149767K(1903616K), 0.0530940 secs] [Times: user=0.31 sys=0.00, real=0.05 secs] 
7004.248: [GC (Allocation Failure) [PSYoungGen: 461168K->103648K(504832K)] 1465159K->1244983K(1903104K), 0.0643695 secs] [Times: user=0.38 sys=0.00, real=0.06 secs] 
7006.691: [GC (Allocation Failure) [PSYoungGen: 421088K->147328K(505856K)] 1562423K->1388832K(1904128K), 0.0507377 secs] [Times: user=0.30 sys=0.00, real=0.05 secs] 
7006.742: [Full GC (Ergonomics) [PSYoungGen: 147328K->0K(505856K)] [ParOldGen: 1241504K->196024K(1398272K)] 1388832K->196024K(1904128K), [Metaspace: 59709K->59709K(1105920K)], 0.4692817 secs] [Times: user=2.16 sys=0.00, real=0.47 secs] 
7009.126: [GC (Allocation Failure) [PSYoungGen: 317440K->104992K(506880K)] 513464K->301016K(1905152K), 0.0754510 secs] [Times: user=0.45 sys=0.01, real=0.08 secs] 
7011.255: [GC (Allocation Failure) [PSYoungGen: 416585K->145488K(507392K)] 612609K->442848K(1905664K), 0.0490654 secs] [Times: user=0.29 sys=0.00, real=0.05 secs] 
7012.823: [GC (Allocation Failure) [PSYoungGen: 464976K->108160K(505856K)] 762336K->542188K(1904128K), 0.0955983 secs] [Times: user=0.56 sys=0.00, real=0.10 secs] 
7015.333: [GC (Allocation Failure) [PSYoungGen: 414643K->143632K(507392K)] 848671K->681657K(1905664K), 0.0507364 secs] [Times: user=0.30 sys=0.00, real=0.05 secs] 
7016.702: [GC (Allocation Failure) [PSYoungGen: 464656K->107792K(507392K)] 1002681K->780117K(1905664K), 0.0644596 secs] [Times: user=0.38 sys=0.00, real=0.06 secs] 
7018.680: [GC (Allocation Failure) [PSYoungGen: 417624K->143456K(509440K)] 1089949K->919945K(1907712K), 0.0507648 secs] [Times: user=0.30 sys=0.00, real=0.05 secs] 
7020.396: [GC (Allocation Failure) [PSYoungGen: 468576K->107104K(509952K)] 1245065K->1018402K(1908224K), 0.0676377 secs] [Times: user=0.40 sys=0.00, real=0.07 secs] 
7022.161: [GC (Allocation Failure) [PSYoungGen: 420777K->144480K(511488K)] 1332075K->1158874K(1909760K), 0.0510588 secs] [Times: user=0.30 sys=0.00, real=0.05 secs] 
7024.789: [GC (Allocation Failure) [PSYoungGen: 473184K->108528K(512512K)] 1487578K->1258079K(1910784K), 0.1569354 secs] [Times: user=0.93 sys=0.00, real=0.15 secs] 
7026.558: [GC (Allocation Failure) [PSYoungGen: 440304K->152960K(484864K)] 1589855K->1407235K(1883136K), 0.1513060 secs] [Times: user=0.90 sys=0.00, real=0.16 secs] 
7026.709: [Full GC (Ergonomics) [PSYoungGen: 152960K->0K(484864K)] [ParOldGen: 1254275K->206567K(1398272K)] 1407235K->206567K(1883136K), [Metaspace: 59710K->59710K(1105920K)], 0.5216790 secs] [Times: user=2.48 sys=0.00, real=0.52 secs] 
7029.902: [GC (Allocation Failure) [PSYoungGen: 331776K->102944K(514048K)] 538343K->309512K(1912320K), 0.1543568 secs] [Times: user=0.92 sys=0.00, real=0.15 secs] 
7030.884: [GC (Allocation Failure) [PSYoungGen: 430624K->154240K(482304K)] 637192K->457984K(1880576K), 0.1088733 secs] [Times: user=0.65 sys=0.00, real=0.11 secs] 
7034.890: [GC (Allocation Failure) [PSYoungGen: 481920K->98336K(510464K)] 785664K->555456K(1908736K), 0.1655617 secs] [Times: user=0.98 sys=0.00, real=0.16 secs] 
7035.313: [GC (Allocation Failure) [PSYoungGen: 418848K->153856K(474624K)] 875968K->702861K(1872896K), 0.0572181 secs] [Times: user=0.33 sys=0.00, real=0.06 secs] 
7037.220: [GC (Allocation Failure) [PSYoungGen: 474368K->100128K(507904K)] 1023373K->802341K(1906176K), 0.1329766 secs] [Times: user=0.79 sys=0.00, real=0.13 secs] 
7037.781: [GC (Allocation Failure) [PSYoungGen: 415008K->150688K(465920K)] 1117221K->947330K(1864192K), 0.0626228 secs] [Times: user=0.37 sys=0.00, real=0.06 secs] 
7041.627: [GC (Allocation Failure) [PSYoungGen: 465568K->92528K(505344K)] 1262210K->1039307K(1903616K), 0.1365091 secs] [Times: user=0.81 sys=0.00, real=0.14 secs] 
7042.018: [GC (Allocation Failure) [PSYoungGen: 403824K->148256K(459776K)] 1350603K->1181209K(1858048K), 0.0592612 secs] [Times: user=0.34 sys=0.01, real=0.06 secs] 
7046.361: [GC (Allocation Failure) [PSYoungGen: 459552K->88096K(503808K)] 1492505K->1268625K(1902080K), 0.1478426 secs] [Times: user=0.86 sys=0.01, real=0.15 secs] 
7046.882: [GC (Allocation Failure) [PSYoungGen: 396320K->149824K(458240K)] 1576849K->1412270K(1856512K), 0.0543390 secs] [Times: user=0.32 sys=0.01, real=0.05 secs] 
7046.937: [Full GC (Ergonomics) [PSYoungGen: 149824K->0K(458240K)] [ParOldGen: 1262446K->219176K(1398272K)] 1412270K->219176K(1856512K), [Metaspace: 59710K->59710K(1105920K)], 0.5136050 secs] [Times: user=2.40 sys=0.00, real=0.52 secs] 
7050.411: [GC (Allocation Failure) [PSYoungGen: 308224K->91488K(502272K)] 527400K->310664K(1900544K), 0.1124116 secs] [Times: user=0.66 sys=0.00, real=0.11 secs] 
7051.047: [GC (Allocation Failure) [PSYoungGen: 395616K->144864K(500736K)] 614792K->449364K(1899008K), 0.0700987 secs] [Times: user=0.42 sys=0.00, real=0.07 secs] 
7054.670: [GC (Allocation Failure) [PSYoungGen: 448992K->90208K(500224K)] 753492K->539228K(1898496K), 0.1636840 secs] [Times: user=0.97 sys=0.00, real=0.16 secs] 
7055.670: [GC (Allocation Failure) [PSYoungGen: 386786K->139056K(500736K)] 835806K->674208K(1899008K), 0.0487102 secs] [Times: user=0.29 sys=0.00, real=0.05 secs] 
7057.654: [GC (Allocation Failure) [PSYoungGen: 443696K->102016K(496128K)] 978848K->766775K(1894400K), 0.0620352 secs] [Times: user=0.37 sys=0.00, real=0.06 secs] 
7059.856: [GC (Allocation Failure) [PSYoungGen: 409728K->140064K(499200K)] 1074487K->903260K(1897472K), 0.0499531 secs] [Times: user=0.29 sys=0.00, real=0.05 secs] 
7061.876: [GC (Allocation Failure) [PSYoungGen: 447776K->102192K(501248K)] 1210972K->995832K(1899520K), 0.0623903 secs] [Times: user=0.37 sys=0.00, real=0.07 secs] 
7064.112: [GC (Allocation Failure) [PSYoungGen: 418096K->146288K(504320K)] 1311736K->1138509K(1902592K), 0.0523868 secs] [Times: user=0.31 sys=0.01, real=0.05 secs] 
7065.691: [GC (Allocation Failure) [PSYoungGen: 462192K->108496K(504832K)] 1454413K->1237453K(1903104K), 0.0760336 secs] [Times: user=0.45 sys=0.00, real=0.07 secs] 
7066.820: [GC (Allocation Failure) [PSYoungGen: 427984K->147360K(506368K)] 1556941K->1381105K(1904640K), 0.0540989 secs] [Times: user=0.32 sys=0.00, real=0.05 secs] 
7066.875: [Full GC (Ergonomics) [PSYoungGen: 147360K->0K(506368K)] [ParOldGen: 1233745K->189027K(1398272K)] 1381105K->189027K(1904640K), [Metaspace: 59710K->59710K(1105920K)], 0.4475488 secs] [Times: user=2.08 sys=0.00, real=0.45 secs] 
7070.308: [GC (Allocation Failure) [PSYoungGen: 319488K->108768K(506880K)] 508515K->297795K(1905152K), 0.0325475 secs] [Times: user=0.19 sys=0.00, real=0.03 secs] 
7071.955: [GC (Allocation Failure) [PSYoungGen: 430816K->148704K(507904K)] 619843K->442800K(1906176K), 0.0522063 secs] [Times: user=0.30 sys=0.00, real=0.05 secs] 
7074.489: [GC (Allocation Failure) [PSYoungGen: 470752K->109744K(508416K)] 764848K->542857K(1906688K), 0.0646539 secs] [Times: user=0.38 sys=0.01, real=0.06 secs] 
7076.022: [GC (Allocation Failure) [PSYoungGen: 427899K->143792K(508928K)] 861011K->683038K(1907200K), 0.0522095 secs] [Times: user=0.31 sys=0.00, real=0.05 secs] 
7078.893: [GC (Allocation Failure) [PSYoungGen: 467376K->105584K(509952K)] 1006622K->779342K(1908224K), 0.0670974 secs] [Times: user=0.39 sys=0.00, real=0.07 secs] 
7079.681: [GC (Allocation Failure) [PSYoungGen: 420433K->145472K(510976K)] 1094190K->921222K(1909248K), 0.0513212 secs] [Times: user=0.30 sys=0.00, real=0.05 secs] 
7081.278: [GC (Allocation Failure) [PSYoungGen: 472128K->109152K(509440K)] 1247878K->1021638K(1907712K), 0.0709942 secs] [Times: user=0.42 sys=0.01, real=0.08 secs] 
7081.741: [GC (Allocation Failure) [PSYoungGen: 437344K->155008K(483328K)] 1349830K->1172347K(1881600K), 0.0542030 secs] [Times: user=0.32 sys=0.00, real=0.05 secs] 
Heap
 PSYoungGen      total 483328K, used 337587K [0x00000000d5580000, 0x0000000100000000, 0x0000000100000000)
  eden space 328192K