5.790: [GC (Allocation Failure) [PSYoungGen: 128000K->12484K(148992K)] 128000K->12573K(488960K), 0.0195515 secs] [Times: user=0.02 sys=0.00, real=0.02 secs] 
6.197: [GC (Metadata GC Threshold) [PSYoungGen: 48880K->6060K(148992K)] 48968K->6156K(488960K), 0.0041495 secs] [Times: user=0.02 sys=0.00, real=0.00 secs] 
6.202: [Full GC (Metadata GC Threshold) [PSYoungGen: 6060K->0K(148992K)] [ParOldGen: 96K->5925K(134144K)] 6156K->5925K(283136K), [Metaspace: 20454K->20454K(1067008K)], 0.0174532 secs] [Times: user=0.05 sys=0.01, real=0.02 secs] 
7.578: [GC (Allocation Failure) [PSYoungGen: 128000K->9849K(148992K)] 133925K->15783K(283136K), 0.0033910 secs] [Times: user=0.01 sys=0.00, real=0.00 secs] 
8.116: [GC (Metadata GC Threshold) [PSYoungGen: 37880K->4612K(148992K)] 43814K->10553K(283136K), 0.0024370 secs] [Times: user=0.01 sys=0.00, real=0.00 secs] 
8.118: [Full GC (Metadata GC Threshold) [PSYoungGen: 4612K->0K(148992K)] [ParOldGen: 5941K->8873K(221184K)] 10553K->8873K(370176K), [Metaspace: 33716K->33716K(1079296K)], 0.0284139 secs] [Times: user=0.06 sys=0.00, real=0.03 secs] 
9.526: [GC (Allocation Failure) [PSYoungGen: 128000K->12865K(148992K)] 136873K->21747K(370176K), 0.0043085 secs] [Times: user=0.02 sys=0.00, real=0.00 secs] 
10.378: [GC (Allocation Failure) [PSYoungGen: 140865K->14091K(183808K)] 149747K->55749K(404992K), 0.0131707 secs] [Times: user=0.06 sys=0.00, real=0.01 secs] 
11.810: [GC (Allocation Failure) [PSYoungGen: 169237K->4512K(185856K)] 210895K->111714K(407040K), 0.0111699 secs] [Times: user=0.06 sys=0.01, real=0.01 secs] 
12.843: [GC (Allocation Failure) [PSYoungGen: 163182K->4512K(261632K)] 270384K->177258K(482816K), 0.0102875 secs] [Times: user=0.06 sys=0.00, real=0.01 secs] 
12.853: [Full GC (Ergonomics) [PSYoungGen: 4512K->0K(261632K)] [ParOldGen: 172745K->159473K(511488K)] 177258K->159473K(773120K), [Metaspace: 52247K->52247K(1097728K)], 0.0719195 secs] [Times: user=0.31 sys=0.01, real=0.07 secs] 
14.053: [GC (Allocation Failure) [PSYoungGen: 243712K->1683K(261632K)] 403185K->259469K(773120K), 0.0090768 secs] [Times: user=0.05 sys=0.00, real=0.01 secs] 
15.327: [GC (Allocation Failure) [PSYoungGen: 245395K->10410K(312832K)] 503181K->276395K(824320K), 0.0047248 secs] [Times: user=0.02 sys=0.00, real=0.01 secs] 
16.853: [GC (Allocation Failure) [PSYoungGen: 310442K->1930K(317952K)] 576427K->267924K(829440K), 0.0021624 secs] [Times: user=0.01 sys=0.00, real=0.00 secs] 
19.096: [GC (Allocation Failure) [PSYoungGen: 301962K->2204K(370688K)] 567956K->268206K(882176K), 0.0077507 secs] [Times: user=0.03 sys=0.00, real=0.01 secs] 
21.750: [GC (Allocation Failure) [PSYoungGen: 358556K->2355K(374272K)] 624558K->268357K(885760K), 0.0020695 secs] [Times: user=0.00 sys=0.00, real=0.01 secs] 
24.459: [GC (Allocation Failure) [PSYoungGen: 358707K->1978K(412160K)] 624709K->267980K(923648K), 0.0019683 secs] [Times: user=0.01 sys=0.00, real=0.00 secs] 
26.991: [GC (Allocation Failure) [PSYoungGen: 405946K->2253K(421376K)] 671948K->268262K(932864K), 0.0034947 secs] [Times: user=0.01 sys=0.00, real=0.01 secs] 
30.067: [GC (Allocation Failure) [PSYoungGen: 406221K->10589K(459264K)] 672230K->276606K(970752K), 0.0038427 secs] [Times: user=0.01 sys=0.00, real=0.00 secs] 
33.620: [GC (Allocation Failure) [PSYoungGen: 457053K->2330K(463872K)] 723070K->268356K(975360K), 0.0021429 secs] [Times: user=0.01 sys=0.00, real=0.00 secs] 
36.635: [GC (Allocation Failure) [PSYoungGen: 448794K->2202K(482304K)] 714820K->268236K(993792K), 0.0021383 secs] [Times: user=0.01 sys=0.00, real=0.00 secs] 
39.952: [GC (Allocation Failure) [PSYoungGen: 471706K->2234K(486400K)] 737740K->268276K(997888K), 0.0020690 secs] [Times: user=0.01 sys=0.00, real=0.00 secs] 
43.337: [GC (Allocation Failure) [PSYoungGen: 471738K->2253K(501760K)] 737780K->268302K(1013248K), 0.0030596 secs] [Times: user=0.01 sys=0.00, real=0.00 secs] 
47.800: [GC (Allocation Failure) [PSYoungGen: 490701K->2301K(503808K)] 756750K->268350K(1015296K), 0.0029177 secs] [Times: user=0.01 sys=0.00, real=0.01 secs] 
50.821: [GC (Allocation Failure) [PSYoungGen: 490749K->2365K(520192K)] 756798K->268414K(1031680K), 0.0034002 secs] [Times: user=0.02 sys=0.00, real=0.01 secs] 
53.762: [GC (Allocation Failure) [PSYoungGen: 508733K->2381K(520704K)] 774782K->268438K(1032192K), 0.0020659 secs] [Times: user=0.01 sys=0.00, real=0.00 secs] 
57.083: [GC (Allocation Failure) [PSYoungGen: 508749K->10528K(536064K)] 774806K->284862K(1047552K), 0.0041587 secs] [Times: user=0.02 sys=0.00, real=0.00 secs] 
61.446: [GC (Allocation Failure) [PSYoungGen: 532768K->10272K(537088K)] 807102K->293044K(1048576K), 0.0103285 secs] [Times: user=0.04 sys=0.01, real=0.01 secs] 
64.806: [GC (Allocation Failure) [PSYoungGen: 532512K->10272K(555008K)] 815284K->301284K(1066496K), 0.0048023 secs] [Times: user=0.02 sys=0.01, real=0.00 secs] 
69.791: [GC (Allocation Failure) [PSYoungGen: 549408K->10192K(531968K)] 840420K->309516K(1043456K), 0.0091843 secs] [Times: user=0.04 sys=0.01, real=0.01 secs] 
73.789: [GC (Allocation Failure) [PSYoungGen: 531920K->1984K(507392K)] 831244K->317788K(1018880K), 0.0093191 secs] [Times: user=0.03 sys=0.01, real=0.01 secs] 
78.003: [GC (Allocation Failure) [PSYoungGen: 507328K->6016K(495616K)] 823132K->321844K(1007104K), 0.0036069 secs] [Times: user=0.01 sys=0.01, real=0.00 secs] 
81.267: [GC (Allocation Failure) [PSYoungGen: 495488K->640K(475136K)] 811316K->316516K(986624K), 0.0020337 secs] [Times: user=0.00 sys=0.00, real=0.00 secs] 
85.542: [GC (Allocation Failure) [PSYoungGen: 474752K->1872K(475648K)] 790628K->317789K(987136K), 0.0020923 secs] [Times: user=0.00 sys=0.00, real=0.00 secs] 
89.447: [GC (Allocation Failure) [PSYoungGen: 461648K->1805K(448000K)] 777565K->317730K(959488K), 0.0020481 secs] [Times: user=0.00 sys=0.00, real=0.00 secs] 
91.795: [GC (Allocation Failure) [PSYoungGen: 447757K->1744K(434688K)] 763682K->317685K(946176K), 0.0019540 secs] [Times: user=0.00 sys=0.00, real=0.00 secs] 
94.039: [GC (Allocation Failure) [PSYoungGen: 434384K->1824K(421888K)] 750325K->317804K(933376K), 0.0029877 secs] [Times: user=0.01 sys=0.00, real=0.00 secs] 
96.789: [GC (Allocation Failure) [PSYoungGen: 421664K->1872K(409600K)] 737644K->317884K(921088K), 0.0041066 secs] [Times: user=0.01 sys=0.00, real=0.01 secs] 
99.519: [GC (Allocation Failure) [PSYoungGen: 409424K->1869K(397824K)] 725436K->317898K(909312K), 0.0022702 secs] [Times: user=0.01 sys=0.00, real=0.00 secs] 
102.415: [GC (Allocation Failure) [PSYoungGen: 397645K->1677K(386560K)] 713674K->317714K(898048K), 0.0016497 secs] [Times: user=0.01 sys=0.00, real=0.00 secs] 
105.063: [GC (Allocation Failure) [PSYoungGen: 386189K->1728K(375808K)] 702226K->317804K(887296K), 0.0054619 secs] [Times: user=0.02 sys=0.00, real=0.00 secs] 
107.485: [GC (Allocation Failure) [PSYoungGen: 375488K->1888K(365568K)] 691564K->317980K(877056K), 0.0026557 secs] [Times: user=0.01 sys=0.00, real=0.00 secs] 
109.353: [GC (Allocation Failure) [PSYoungGen: 365408K->1837K(355840K)] 681500K->317970K(867328K), 0.0020221 secs] [Times: user=0.01 sys=0.00, real=0.00 secs] 
112.973: [GC (Allocation Failure) [PSYoungGen: 355629K->1648K(346112K)] 671762K->317788K(857600K), 0.0038210 secs] [Times: user=0.02 sys=0.00, real=0.00 secs] 
115.344: [GC (Allocation Failure) [PSYoungGen: 345712K->1904K(336896K)] 661852K->318084K(848384K), 0.0027541 secs] [Times: user=0.01 sys=0.00, real=0.00 secs] 
117.185: [GC (GCLocker Initiated GC) [PSYoungGen: 336752K->1680K(328192K)] 652933K->317877K(839680K), 0.0018573 secs] [Times: user=0.00 sys=0.00, real=0.00 secs] 
120.023: [GC (Allocation Failure) [PSYoungGen: 327824K->1664K(320000K)] 644024K->317872K(831488K), 0.0029596 secs] [Times: user=0.01 sys=0.00, real=0.00 secs] 
122.178: [GC (Allocation Failure) [PSYoungGen: 319612K->704K(310784K)] 635820K->316920K(822272K), 0.0019719 secs] [Times: user=0.01 sys=0.00, real=0.00 secs] 
125.173: [GC (Allocation Failure) [PSYoungGen: 310464K->1584K(304128K)] 626680K->317808K(815616K), 0.0016206 secs] [Times: user=0.01 sys=0.00, real=0.00 secs] 
126.897: [GC (Allocation Failure) [PSYoungGen: 303664K->1888K(296448K)] 619888K->318152K(807936K), 0.0024600 secs] [Times: user=0.01 sys=0.00, real=0.00 secs] 
128.469: [GC (Allocation Failure) [PSYoungGen: 296288K->1680K(289280K)] 612552K->317968K(800768K), 0.0017195 secs] [Times: user=0.01 sys=0.00, real=0.00 secs] 
131.703: [GC (Allocation Failure) [PSYoungGen: 288912K->1760K(282112K)] 605200K->318064K(793600K), 0.0039160 secs] [Times: user=0.01 sys=0.00, real=0.00 secs] 
134.023: [GC (Allocation Failure) [PSYoungGen: 281824K->1744K(275456K)] 598128K->318072K(786944K), 0.0017318 secs] [Times: user=0.01 sys=0.00, real=0.00 secs] 
136.019: [GC (Allocation Failure) [PSYoungGen: 275152K->1664K(268800K)] 591480K->318008K(780288K), 0.0025874 secs] [Times: user=0.01 sys=0.01, real=0.00 secs] 
138.057: [GC (Allocation Failure) [PSYoungGen: 268416K->1712K(262656K)] 584760K->318064K(774144K), 0.0017209 secs] [Times: user=0.00 sys=0.00, real=0.00 secs] 
140.023: [GC (Allocation Failure) [PSYoungGen: 262320K->1664K(256512K)] 578672K->318032K(768000K), 0.0024819 secs] [Times: user=0.01 sys=0.00, real=0.00 secs] 
141.539: [GC (Allocation Failure) [PSYoungGen: 256128K->1725K(250880K)] 572496K->318093K(762368K), 0.0019622 secs] [Times: user=0.01 sys=0.00, real=0.00 secs] 
142.868: [GC (Allocation Failure) [PSYoungGen: 250557K->1648K(245248K)] 566925K->318024K(756736K), 0.0021812 secs] [Times: user=0.01 sys=0.00, real=0.00 secs] 
144.219: [GC (Allocation Failure) [PSYoungGen: 244848K->1616K(240128K)] 561224K->318016K(751616K), 0.0017325 secs] [Times: user=0.00 sys=0.00, real=0.00 secs] 
145.574: [GC (Allocation Failure) [PSYoungGen: 239696K->1728K(235008K)] 556096K->318136K(746496K), 0.0024565 secs] [Times: user=0.01 sys=0.00, real=0.00 secs] 
147.196: [GC (Allocation Failure) [PSYoungGen: 234688K->1533K(229376K)] 551096K->317941K(740864K), 0.0017225 secs] [Times: user=0.00 sys=0.00, real=0.00 secs] 
148.545: [GC (Allocation Failure) [PSYoungGen: 229373K->1824K(225280K)] 545781K->318280K(736768K), 0.0033882 secs] [Times: user=0.01 sys=0.00, real=0.00 secs] 
149.462: [GC (Allocation Failure) [PSYoungGen: 225056K->1408K(220160K)] 541512K->317880K(731648K), 0.0027950 secs] [Times: user=0.01 sys=0.00, real=0.01 secs] 
150.924: [GC (Allocation Failure) [PSYoungGen: 220032K->1744K(216064K)] 536504K->318224K(727552K), 0.0017354 secs] [Times: user=0.01 sys=0.00, real=0.00 secs] 
152.342: [GC (Allocation Failure) [PSYoungGen: 215760K->1568K(211968K)] 532240K->318064K(723456K), 0.0036243 secs] [Times: user=0.01 sys=0.00, real=0.01 secs] 
153.373: [GC (Allocation Failure) [PSYoungGen: 211488K->1488K(207360K)] 527984K->318016K(718848K), 0.0017977 secs] [Times: user=0.01 sys=0.00, real=0.00 secs] 
154.678: [GC (Allocation Failure) [PSYoungGen: 207312K->2784K(204800K)] 523840K->319344K(716288K), 0.0029459 secs] [Times: user=0.01 sys=0.00, real=0.00 secs] 
155.740: [GC (Allocation Failure) [PSYoungGen: 204512K->1408K(199168K)] 521072K->317968K(710656K), 0.0019705 secs] [Times: user=0.01 sys=0.00, real=0.01 secs] 
156.838: [GC (Allocation Failure) [PSYoungGen: 199040K->1712K(196096K)] 515600K->318280K(707584K), 0.0018133 secs] [Times: user=0.00 sys=0.00, real=0.00 secs] 
157.851: [GC (Allocation Failure) [PSYoungGen: 195760K->1600K(192512K)] 512328K->318168K(704000K), 0.0022502 secs] [Times: user=0.01 sys=0.00, real=0.01 secs] 
159.013: [GC (Allocation Failure) [PSYoungGen: 192064K->1408K(188416K)] 508632K->318000K(699904K), 0.0042680 secs] [Times: user=0.02 sys=0.00, real=0.00 secs] 
160.236: [GC (Allocation Failure) [PSYoungGen: 188288K->1776K(185344K)] 504880K->318368K(696832K), 0.0017425 secs] [Times: user=0.01 sys=0.00, real=0.00 secs] 
161.646: [GC (Allocation Failure) [PSYoungGen: 185072K->1568K(182272K)] 501664K->318176K(693760K), 0.0039477 secs] [Times: user=0.02 sys=0.00, real=0.00 secs] 
163.032: [GC (Allocation Failure) [PSYoungGen: 181792K->1408K(178688K)] 498400K->318024K(690176K), 0.0018901 secs] [Times: user=0.01 sys=0.00, real=0.01 secs] 
164.114: [GC (Allocation Failure) [PSYoungGen: 178560K->1805K(176128K)] 495176K->318429K(687616K), 0.0020514 secs] [Times: user=0.01 sys=0.00, real=0.00 secs] 
165.601: [GC (Allocation Failure) [PSYoungGen: 175885K->1520K(172544K)] 492509K->318152K(684032K), 0.0042422 secs] [Times: user=0.01 sys=0.00, real=0.01 secs] 
167.118: [GC (Allocation Failure) [PSYoungGen: 172528K->1376K(169472K)] 489160K->318008K(680960K), 0.0018956 secs] [Times: user=0.01 sys=0.00, real=0.00 secs] 
168.111: [GC (Allocation Failure) [PSYoungGen: 169312K->1677K(166912K)] 485944K->318325K(678400K), 0.0018843 secs] [Times: user=0.01 sys=0.00, real=0.01 secs] 
169.113: [GC (Allocation Failure) [PSYoungGen: 166541K->1568K(164352K)] 483189K->318216K(675840K), 0.0020725 secs] [Times: user=0.01 sys=0.00, real=0.00 secs] 
170.594: [GC (Allocation Failure) [PSYoungGen: 163872K->1376K(161280K)] 480520K->318032K(672768K), 0.0029515 secs] [Times: user=0.01 sys=0.00, real=0.00 secs] 
171.829: [GC (Allocation Failure) [PSYoungGen: 161120K->1645K(159232K)] 477776K->318301K(670720K), 0.0018407 secs] [Times: user=0.00 sys=0.00, real=0.00 secs] 
172.760: [GC (Allocation Failure) [PSYoungGen: 158829K->2528K(157184K)] 475485K->320360K(668672K), 0.0025588 secs] [Times: user=0.01 sys=0.00, real=0.01 secs] 
173.557: [GC (Allocation Failure) [PSYoungGen: 157152K->288K(152576K)] 474984K->318120K(664064K), 0.0016684 secs] [Times: user=0.01 sys=0.00, real=0.00 secs] 
174.379: [GC (Allocation Failure) [PSYoungGen: 152352K->1517K(153088K)] 470184K->319349K(664576K), 0.0015683 secs] [Times: user=0.01 sys=0.00, real=0.00 secs] 
175.258: [GC (Allocation Failure) [PSYoungGen: 151021K->1709K(148992K)] 468853K->319557K(660480K), 0.0018605 secs] [Times: user=0.01 sys=0.00, real=0.00 secs] 
176.001: [GC (Allocation Failure) [PSYoungGen: 148653K->1472K(146432K)] 466501K->319328K(657920K), 0.0019027 secs] [Times: user=0.01 sys=0.00, real=0.01 secs] 
177.288: [GC (Allocation Failure) [PSYoungGen: 146368K->1392K(144384K)] 464224K->319248K(655872K), 0.0025467 secs] [Times: user=0.01 sys=0.00, real=0.00 secs] 
178.523: [GC (Allocation Failure) [PSYoungGen: 144240K->1581K(142848K)] 462096K->319461K(654336K), 0.0017364 secs] [Times: user=0.00 sys=0.00, real=0.00 secs] 
179.353: [GC (Allocation Failure) [PSYoungGen: 142381K->528K(139776K)] 460261K->318408K(651264K), 0.0019257 secs] [Times: user=0.01 sys=0.00, real=0.00 secs] 
180.785: [GC (Allocation Failure) [PSYoungGen: 139280K->1440K(138240K)] 457160K->319320K(649728K), 0.0019080 secs] [Times: user=0.01 sys=0.00, real=0.00 secs] 
181.518: [GC (Allocation Failure) [PSYoungGen: 138144K->1408K(136192K)] 456024K->319288K(647680K), 0.0021387 secs] [Times: user=0.01 sys=0.00, real=0.00 secs] 
182.361: [GC (Allocation Failure) [PSYoungGen: 136064K->1648K(134656K)] 453944K->319528K(646144K), 0.0017545 secs] [Times: user=0.00 sys=0.00, real=0.01 secs] 
183.232: [GC (Allocation Failure) [PSYoungGen: 134256K->1648K(132608K)] 452136K->320560K(644096K), 0.0021064 secs] [Times: user=0.01 sys=0.00, real=0.00 secs] 
183.880: [GC (Allocation Failure) [PSYoungGen: 132208K->368K(129536K)] 451120K->319288K(641024K), 0.0019067 secs] [Times: user=0.01 sys=0.01, real=0.00 secs] 
184.416: [GC (Allocation Failure) [PSYoungGen: 129392K->320K(128000K)] 448312K->319240K(639488K), 0.0020158 secs] [Times: user=0.00 sys=0.00, real=0.00 secs] 
185.242: [GC (Allocation Failure) [PSYoungGen: 127808K->1680K(129024K)] 446728K->320608K(640512K), 0.0017170 secs] [Times: user=0.00 sys=0.00, real=0.00 secs] 
185.976: [GC (Allocation Failure) [PSYoungGen: 127632K->1645K(126464K)] 446560K->320573K(637952K), 0.0018711 secs] [Times: user=0.00 sys=0.00, real=0.00 secs] 
186.732: [GC (Allocation Failure) [PSYoungGen: 126061K->1408K(124416K)] 444989K->320344K(635904K), 0.0019563 secs] [Times: user=0.01 sys=0.00, real=0.01 secs] 
187.242: [GC (Allocation Failure) [PSYoungGen: 124288K->1392K(122880K)] 443224K->320328K(634368K), 0.0019325 secs] [Times: user=0.01 sys=0.01, real=0.01 secs] 
187.900: [GC (Allocation Failure) [PSYoungGen: 122736K->1549K(121856K)] 441672K->320485K(633344K), 0.0015357 secs] [Times: user=0.01 sys=0.00, real=0.00 secs] 
188.603: [GC (Allocation Failure) [PSYoungGen: 121357K->1677K(120320K)] 440293K->320621K(631808K), 0.0015445 secs] [Times: user=0.01 sys=0.00, real=0.00 secs] 
189.376: [GC (Allocation Failure) [PSYoungGen: 119949K->1472K(118272K)] 438893K->320416K(629760K), 0.0019378 secs] [Times: user=0.01 sys=0.00, real=0.00 secs] 
190.276: [GC (Allocation Failure) [PSYoungGen: 118208K->1344K(116736K)] 437152K->320296K(628224K), 0.0035360 secs] [Times: user=0.01 sys=0.00, real=0.00 secs] 
191.295: [GC (Allocation Failure) [PSYoungGen: 116544K->1453K(115200K)] 435496K->320413K(626688K), 0.0016476 secs] [Times: user=0.00 sys=0.00, real=0.00 secs] 
191.960: [GC (Allocation Failure) [PSYoungGen: 115117K->1645K(114176K)] 434077K->320613K(625664K), 0.0016662 secs] [Times: user=0.00 sys=0.00, real=0.00 secs] 
192.616: [GC (Allocation Failure) [PSYoungGen: 113773K->1677K(112640K)] 432741K->320645K(624128K), 0.0017461 secs] [Times: user=0.00 sys=0.00, real=0.00 secs] 
194.503: [GC (Allocation Failure) [PSYoungGen: 112269K->1440K(110592K)] 431237K->320408K(622080K), 0.0026409 secs] [Times: user=0.01 sys=0.00, real=0.00 secs] 
195.401: [GC (Allocation Failure) [PSYoungGen: 110496K->1408K(109568K)] 429464K->320384K(621056K), 0.0032940 secs] [Times: user=0.01 sys=0.00, real=0.01 secs] 
196.409: [GC (Allocation Failure) [PSYoungGen: 109440K->1517K(108544K)] 428416K->320493K(620032K), 0.0016059 secs] [Times: user=0.01 sys=0.00, real=0.00 secs] 
197.038: [GC (Allocation Failure) [PSYoungGen: 108525K->1613K(108032K)] 427501K->320589K(619520K), 0.0016899 secs] [Times: user=0.00 sys=0.00, real=0.00 secs] 
197.732: [GC (Allocation Failure) [PSYoungGen: 107597K->992K(105984K)] 426573K->321088K(617472K), 0.0018950 secs] [Times: user=0.01 sys=0.00, real=0.01 secs] 
198.811: [GC (Allocation Failure) [PSYoungGen: 105952K->320K(104448K)] 426048K->320432K(615936K), 0.0024424 secs] [Times: user=0.01 sys=0.01, real=0.01 secs] 
199.694: [GC (Allocation Failure) [PSYoungGen: 104256K->352K(103424K)] 424368K->320464K(614912K), 0.0026209 secs] [Times: user=0.01 sys=0.00, real=0.00 secs] 
200.450: [GC (Allocation Failure) [PSYoungGen: 103264K->1485K(104448K)] 423376K->321605K(615936K), 0.0015468 secs] [Times: user=0.01 sys=0.00, real=0.00 secs] 
201.050: [GC (Allocation Failure) [PSYoungGen: 103373K->1584K(102912K)] 423493K->321704K(614400K), 0.0017501 secs] [Times: user=0.00 sys=0.00, real=0.01 secs] 
201.642: [GC (Allocation Failure) [PSYoungGen: 102448K->1629K(101888K)] 422568K->321749K(613376K), 0.0016841 secs] [Times: user=0.00 sys=0.00, real=0.01 secs] 
202.586: [GC (Allocation Failure) [PSYoungGen: 101469K->1440K(100352K)] 421589K->321568K(611840K), 0.0018843 secs] [Times: user=0.01 sys=0.00, real=0.00 secs] 
203.459: [GC (Allocation Failure) [PSYoungGen: 100256K->1376K(99328K)] 420384K->321504K(610816K), 0.0023350 secs] [Times: user=0.01 sys=0.00, real=0.00 secs] 
204.574: [GC (Allocation Failure) [PSYoungGen: 99168K->1408K(98304K)] 419296K->321536K(609792K), 0.0027834 secs] [Times: user=0.00 sys=0.00, real=0.00 secs] 
205.404: [GC (Allocation Failure) [PSYoungGen: 98176K->1613K(97792K)] 418304K->321741K(609280K), 0.0019042 secs] [Times: user=0.01 sys=0.00, real=0.00 secs] 
206.024: [GC (Allocation Failure) [PSYoungGen: 97357K->1581K(96768K)] 417485K->321709K(608256K), 0.0015740 secs] [Times: user=0.01 sys=0.00, real=0.00 secs] 
206.861: [GC (Allocation Failure) [PSYoungGen: 96301K->1536K(95744K)] 416429K->329856K(607232K), 0.0046113 secs] [Times: user=0.02 sys=0.01, real=0.01 secs] 
207.247: [GC (Allocation Failure) [PSYoungGen: 95232K->1376K(94208K)] 423552K->329696K(605696K), 0.0016979 secs] [Times: user=0.01 sys=0.00, real=0.00 secs] 
207.631: [GC (Allocation Failure) [PSYoungGen: 94048K->1376K(93184K)] 422368K->329696K(604672K), 0.0025724 secs] [Times: user=0.01 sys=0.00, real=0.01 secs] 
208.113: [GC (Allocation Failure) [PSYoungGen: 93024K->1517K(92160K)] 421344K->329845K(603648K), 0.0014929 secs] [Times: user=0.01 sys=0.00, real=0.00 secs] 
208.645: [GC (Allocation Failure) [PSYoungGen: 92141K->1613K(91648K)] 420469K->329941K(603136K), 0.0017208 secs] [Times: user=0.01 sys=0.00, real=0.00 secs] 
209.232: [GC (Allocation Failure) [PSYoungGen: 91213K->557K(89600K)] 419541K->329909K(601088K), 0.0017468 secs] [Times: user=0.01 sys=0.00, real=0.01 secs] 
210.011: [GC (Allocation Failure) [PSYoungGen: 89133K->1472K(89088K)] 418485K->330840K(600576K), 0.0031892 secs] [Times: user=0.01 sys=0.00, real=0.01 secs] 
210.411: [GC (Allocation Failure) [PSYoungGen: 89024K->1344K(88064K)] 418392K->330720K(599552K), 0.0016882 secs] [Times: user=0.00 sys=0.00, real=0.01 secs] 
210.817: [GC (Allocation Failure) [PSYoungGen: 87872K->1376K(87552K)] 417248K->330752K(599040K), 0.0028425 secs] [Times: user=0.00 sys=0.00, real=0.00 secs] 
211.358: [GC (Allocation Failure) [PSYoungGen: 87392K->1485K(87040K)] 416768K->330861K(598528K), 0.0014724 secs] [Times: user=0.00 sys=0.00, real=0.00 secs] 
211.856: [GC (Allocation Failure) [PSYoungGen: 86963K->1549K(87040K)] 416339K->330941K(598528K), 0.0016685 secs] [Times: user=0.01 sys=0.00, real=0.00 secs] 
212.357: [GC (Allocation Failure) [PSYoungGen: 86541K->592K(85504K)] 415933K->331008K(596992K), 0.0017746 secs] [Times: user=0.01 sys=0.00, real=0.00 secs] 
213.327: [GC (Allocation Failure) [PSYoungGen: 85072K->1472K(85504K)] 415488K->331888K(596992K), 0.0023549 secs] [Times: user=0.01 sys=0.00, real=0.00 secs] 
214.058: [GC (Allocation Failure) [PSYoungGen: 85440K->1408K(84992K)] 415856K->331824K(596480K), 0.0018709 secs] [Times: user=0.01 sys=0.00, real=0.00 secs] 
214.405: [GC (Allocation Failure) [PSYoungGen: 84864K->1376K(84480K)] 415280K->331792K(595968K), 0.0018962 secs] [Times: user=0.01 sys=0.00, real=0.00 secs] 
214.795: [GC (Allocation Failure) [PSYoungGen: 84320K->1469K(83968K)] 414736K->331885K(595456K), 0.0015661 secs] [Times: user=0.01 sys=0.00, real=0.00 secs] 
215.285: [GC (Allocation Failure) [PSYoungGen: 83901K->1549K(83968K)] 414317K->331973K(595456K), 0.0016760 secs] [Times: user=0.01 sys=0.00, real=0.00 secs] 
215.760: [GC (Allocation Failure) [PSYoungGen: 83469K->589K(82432K)] 413893K->332037K(593920K), 0.0017245 secs] [Times: user=0.00 sys=0.00, real=0.01 secs] 
216.369: [GC (Allocation Failure) [PSYoungGen: 81997K->1536K(82944K)] 413445K->335032K(594432K), 0.0022002 secs] [Times: user=0.00 sys=0.00, real=0.00 secs] 
217.150: [GC (Allocation Failure) [PSYoungGen: 82432K->1408K(81920K)] 415928K->334904K(593408K), 0.0032987 secs] [Times: user=0.02 sys=0.00, real=0.01 secs] 
217.609: [GC (Allocation Failure) [PSYoungGen: 81792K->1360K(81408K)] 415288K->334872K(592896K), 0.0020993 secs] [Times: user=0.01 sys=0.00, real=0.00 secs] 
218.262: [GC (Allocation Failure) [PSYoungGen: 81232K->1360K(80896K)] 414744K->334872K(592384K), 0.0020708 secs] [Times: user=0.01 sys=0.00, real=0.00 secs] 
218.813: [GC (Allocation Failure) [PSYoungGen: 80720K->1549K(80896K)] 414232K->335061K(592384K), 0.0016993 secs] [Times: user=0.00 sys=0.00, real=0.00 secs] 
219.271: [GC (Allocation Failure) [PSYoungGen: 80397K->560K(79360K)] 413909K->335096K(590848K), 0.0018015 secs] [Times: user=0.00 sys=0.00, real=0.01 secs] 
219.732: [GC (Allocation Failure) [PSYoungGen: 78896K->541K(78848K)] 413432K->335077K(590336K), 0.0016173 secs] [Times: user=0.00 sys=0.00, real=0.00 secs] 
220.445: [GC (Allocation Failure) [PSYoungGen: 78365K->1488K(78848K)] 412901K->336024K(590336K), 0.0017571 secs] [Times: user=0.01 sys=0.00, real=0.00 secs] 
221.305: [GC (Allocation Failure) [PSYoungGen: 78800K->1360K(78336K)] 413336K->335896K(589824K), 0.0020185 secs] [Times: user=0.01 sys=0.00, real=0.00 secs] 
221.625: [GC (Allocation Failure) [PSYoungGen: 78160K->1408K(77824K)] 412696K->335944K(589312K), 0.0018520 secs] [Times: user=0.00 sys=0.00, real=0.00 secs] 
221.942: [GC (Allocation Failure) [PSYoungGen: 77696K->1408K(77312K)] 412232K->335960K(588800K), 0.0021641 secs] [Times: user=0.01 sys=0.00, real=0.01 secs] 
222.423: [GC (Allocation Failure) [PSYoungGen: 77184K->1517K(76800K)] 411736K->336125K(588288K), 0.0015758 secs] [Times: user=0.01 sys=0.00, real=0.00 secs] 
222.863: [GC (Allocation Failure) [PSYoungGen: 76781K->1581K(76800K)] 411389K->336189K(588288K), 0.0017679 secs] [Times: user=0.01 sys=0.00, real=0.00 secs] 
223.303: [GC (Allocation Failure) [PSYoungGen: 76333K->557K(75264K)] 410941K->336189K(586752K), 0.0015550 secs] [Times: user=0.01 sys=0.00, real=0.00 secs] 
223.879: [GC (Allocation Failure) [PSYoungGen: 74797K->1504K(75264K)] 410429K->337136K(586752K), 0.0018935 secs] [Times: user=0.01 sys=0.00, real=0.00 secs] 
224.550: [GC (Allocation Failure) [PSYoungGen: 75232K->1360K(74752K)] 410864K->337000K(586240K), 0.0037898 secs] [Times: user=0.02 sys=0.00, real=0.01 secs] 
225.136: [GC (Allocation Failure) [PSYoungGen: 74576K->1408K(74240K)] 410216K->337056K(585728K), 0.0026691 secs] [Times: user=0.01 sys=0.00, real=0.00 secs] 
225.740: [GC (Allocation Failure) [PSYoungGen: 74112K->1408K(73728K)] 409760K->337056K(585216K), 0.0027492 secs] [Times: user=0.01 sys=0.00, real=0.01 secs] 
226.321: [GC (Allocation Failure) [PSYoungGen: 73600K->1485K(73216K)] 409248K->337133K(584704K), 0.0016723 secs] [Times: user=0.01 sys=0.00, real=0.01 secs] 
226.742: [GC (Allocation Failure) [PSYoungGen: 73165K->1520K(72704K)] 408813K->337224K(584192K), 0.0017314 secs] [Times: user=0.00 sys=0.00, real=0.01 secs] 
227.157: [GC (Allocation Failure) [PSYoungGen: 72688K->1469K(72192K)] 408392K->337197K(583680K), 0.0017585 secs] [Times: user=0.01 sys=0.00, real=0.00 secs] 
227.666: [GC (Allocation Failure) [PSYoungGen: 72125K->1472K(71680K)] 407853K->341296K(583168K), 0.0018892 secs] [Times: user=0.00 sys=0.00, real=0.00 secs] 
228.044: [GC (Allocation Failure) [PSYoungGen: 71616K->1344K(71168K)] 411440K->341176K(582656K), 0.0020766 secs] [Times: user=0.01 sys=0.00, real=0.00 secs] 
228.492: [GC (Allocation Failure) [PSYoungGen: 70976K->1344K(70656K)] 410808K->341176K(582144K), 0.0036611 secs] [Times: user=0.01 sys=0.00, real=0.00 secs] 
229.167: [GC (Allocation Failure) [PSYoungGen: 70464K->1392K(70144K)] 410296K->341224K(581632K), 0.0031561 secs] [Times: user=0.01 sys=0.00, real=0.00 secs] 
229.922: [GC (Allocation Failure) [PSYoungGen: 70000K->1453K(69632K)] 409832K->341285K(581120K), 0.0015232 secs] [Times: user=0.01 sys=0.00, real=0.00 secs] 
230.322: [GC (Allocation Failure) [PSYoungGen: 69549K->1581K(69632K)] 409381K->341413K(581120K), 0.0018170 secs] [Times: user=0.01 sys=0.00, real=0.00 secs] 
230.717: [GC (Allocation Failure) [PSYoungGen: 69165K->525K(68096K)] 408997K->341381K(579584K), 0.0016955 secs] [Times: user=0.01 sys=0.00, real=0.00 secs] 
231.119: [GC (Allocation Failure) [PSYoungGen: 67597K->557K(67584K)] 408453K->341413K(579072K), 0.0016449 secs] [Times: user=0.01 sys=0.00, real=0.00 secs] 
231.457: [GC (Allocation Failure) [PSYoungGen: 67117K->1440K(67584K)] 407973K->342304K(579072K), 0.0018799 secs] [Times: user=0.00 sys=0.00, real=0.00 secs] 
231.754: [GC (Allocation Failure) [PSYoungGen: 67488K->1376K(67072K)] 408352K->342240K(578560K), 0.0019743 secs] [Times: user=0.00 sys=0.00, real=0.00 secs] 
232.026: [GC (Allocation Failure) [PSYoungGen: 66912K->1376K(66560K)] 407776K->342240K(578048K), 0.0018370 secs] [Times: user=0.01 sys=0.00, real=0.00 secs] 
232.368: [GC (Allocation Failure) [PSYoungGen: 66400K->1344K(66048K)] 407264K->342208K(577536K), 0.0017923 secs] [Times: user=0.01 sys=0.00, real=0.00 secs] 
232.753: [GC (Allocation Failure) [PSYoungGen: 65856K->1504K(65536K)] 406720K->342368K(577024K), 0.0014349 secs] [Times: user=0.01 sys=0.00, real=0.00 secs] 
233.125: [GC (Allocation Failure) [PSYoungGen: 65504K->1581K(65536K)] 406368K->342445K(577024K), 0.0017222 secs] [Times: user=0.01 sys=0.00, real=0.00 secs] 
233.501: [GC (Allocation Failure) [PSYoungGen: 65053K->557K(64000K)] 405918K->342445K(575488K), 0.0015658 secs] [Times: user=0.01 sys=0.00, real=0.01 secs] 
233.871: [GC (Allocation Failure) [PSYoungGen: 63533K->557K(63488K)] 405421K->342461K(574976K), 0.0016250 secs] [Times: user=0.01 sys=0.00, real=0.01 secs] 
234.638: [GC (Allocation Failure) [PSYoungGen: 63021K->1440K(63488K)] 404925K->343352K(574976K), 0.0021974 secs] [Times: user=0.00 sys=0.00, real=0.00 secs] 
235.192: [GC (Allocation Failure) [PSYoungGen: 63392K->1312K(62976K)] 405304K->343224K(574464K), 0.0022920 secs] [Times: user=0.01 sys=0.00, real=0.01 secs] 
235.512: [GC (Allocation Failure) [PSYoungGen: 62752K->1408K(62464K)] 404664K->343344K(573952K), 0.0021065 secs] [Times: user=0.01 sys=0.00, real=0.00 secs] 
235.864: [GC (Allocation Failure) [PSYoungGen: 62336K->1344K(61952K)] 404272K->343280K(573440K), 0.0020995 secs] [Times: user=0.00 sys=0.00, real=0.00 secs] 
236.124: [GC (Allocation Failure) [PSYoungGen: 61671K->272K(60416K)] 403608K->342208K(571904K), 0.0019401 secs] [Times: user=0.01 sys=0.00, real=0.00 secs] 
236.480: [GC (Allocation Failure) [PSYoungGen: 60150K->1517K(61952K)] 402086K->343453K(573440K), 0.0018194 secs] [Times: user=0.01 sys=0.00, real=0.00 secs] 
236.831: [GC (Allocation Failure) [PSYoungGen: 60909K->1517K(60928K)] 402845K->343453K(572416K), 0.0018740 secs] [Times: user=0.01 sys=0.00, real=0.01 secs] 
237.176: [GC (Allocation Failure) [PSYoungGen: 60909K->1549K(61440K)] 402845K->343493K(572928K), 0.0017521 secs] [Times: user=0.01 sys=0.00, real=0.00 secs] 
237.522: [GC (Allocation Failure) [PSYoungGen: 60941K->1517K(60928K)] 402885K->343461K(572416K), 0.0016927 secs] [Times: user=0.01 sys=0.00, real=0.01 secs] 
238.167: [GC (Allocation Failure) [PSYoungGen: 60909K->1440K(60928K)] 402853K->343384K(572416K), 0.0020280 secs] [Times: user=0.01 sys=0.00, real=0.00 secs] 
238.724: [GC (Allocation Failure) [PSYoungGen: 60832K->1344K(60928K)] 402776K->343288K(572416K), 0.0025736 secs] [Times: user=0.01 sys=0.00, real=0.00 secs] 
238.968: [GC (Allocation Failure) [PSYoungGen: 60736K->1408K(60928K)] 402680K->343352K(572416K), 0.0020100 secs] [Times: user=0.00 sys=0.00, real=0.00 secs] 
239.215: [GC (Allocation Failure) [PSYoungGen: 60800K->1376K(60928K)] 402744K->343320K(572416K), 0.0019826 secs] [Times: user=0.01 sys=0.00, real=0.00 secs] 
239.543: [GC (Allocation Failure) [PSYoungGen: 60763K->1488K(60928K)] 402707K->343432K(572416K), 0.0016378 secs] [Times: user=0.01 sys=0.00, real=0.00 secs] 
239.892: [GC (Allocation Failure) [PSYoungGen: 60880K->1501K(60928K)] 402824K->343445K(572416K), 0.0017021 secs] [Times: user=0.01 sys=0.00, real=0.01 secs] 
240.241: [GC (Allocation Failure) [PSYoungGen: 60893K->1584K(61440K)] 402837K->343544K(572928K), 0.0017475 secs] [Times: user=0.01 sys=0.00, real=0.01 secs] 
240.587: [GC (Allocation Failure) [PSYoungGen: 60976K->528K(60416K)] 402936K->343512K(571904K), 0.0016141 secs] [Times: user=0.01 sys=0.00, real=0.00 secs] 
241.154: [GC (Allocation Failure) [PSYoungGen: 59920K->1584K(61440K)] 402904K->344568K(572928K), 0.0022124 secs] [Times: user=0.00 sys=0.00, real=0.00 secs] 
242.798: [GC (Allocation Failure) [PSYoungGen: 60976K->1408K(60928K)] 403960K->344392K(572416K), 0.0040330 secs] [Times: user=0.01 sys=0.00, real=0.01 secs] 
243.237: [GC (Allocation Failure) [PSYoungGen: 60800K->1376K(60928K)] 403784K->344360K(572416K), 0.0025960 secs] [Times: user=0.01 sys=0.00, real=0.00 secs] 
243.731: [GC (Allocation Failure) [PSYoungGen: 60768K->1408K(60928K)] 403752K->344392K(572416K), 0.0024311 secs] [Times: user=0.01 sys=0.00, real=0.01 secs] 
244.189: [GC (Allocation Failure) [PSYoungGen: 60800K->1344K(60928K)] 403784K->344328K(572416K), 0.0025749 secs] [Times: user=0.01 sys=0.00, real=0.00 secs] 
244.690: [GC (Allocation Failure) [PSYoungGen: 60736K->1453K(60928K)] 403720K->344437K(572416K), 0.0014359 secs] [Times: user=0.01 sys=0.00, real=0.00 secs] 
245.041: [GC (Allocation Failure) [PSYoungGen: 60845K->1549K(61440K)] 403829K->344533K(572928K), 0.0016476 secs] [Times: user=0.00 sys=0.00, real=0.01 secs] 
245.389: [GC (Allocation Failure) [PSYoungGen: 60941K->525K(60416K)] 403925K->344549K(571904K), 0.0016354 secs] [Times: user=0.00 sys=0.00, real=0.00 secs] 
245.736: [GC (Allocation Failure) [PSYoungGen: 59917K->589K(60416K)] 403941K->344613K(571904K), 0.0014700 secs] [Times: user=0.00 sys=0.00, real=0.00 secs] 
246.135: [GC (Allocation Failure) [PSYoungGen: 59981K->1488K(60928K)] 404005K->345512K(572416K), 0.0019065 secs] [Times: user=0.01 sys=0.00, real=0.00 secs] 
246.607: [GC (Allocation Failure) [PSYoungGen: 60880K->1360K(60928K)] 404904K->345400K(572416K), 0.0019355 secs] [Times: user=0.00 sys=0.00, real=0.00 secs] 
247.089: [GC (Allocation Failure) [PSYoungGen: 60752K->1408K(60928K)] 404792K->345448K(572416K), 0.0019276 secs] [Times: user=0.01 sys=0.00, real=0.00 secs] 
247.623: [GC (Allocation Failure) [PSYoungGen: 60800K->1376K(60928K)] 404840K->345416K(572416K), 0.0027851 secs] [Times: user=0.01 sys=0.00, real=0.00 secs] 
248.168: [GC (Allocation Failure) [PSYoungGen: 60768K->1376K(60928K)] 404808K->345416K(572416K), 0.0025851 secs] [Times: user=0.01 sys=0.00, real=0.00 secs] 
248.711: [GC (Allocation Failure) [PSYoungGen: 60768K->1453K(60928K)] 404808K->345493K(572416K), 0.0016576 secs] [Times: user=0.00 sys=0.00, real=0.01 secs] 
249.058: [GC (Allocation Failure) [PSYoungGen: 60840K->1517K(60928K)] 404880K->345613K(572416K), 0.0017262 secs] [Times: user=0.01 sys=0.00, real=0.00 secs] 
249.406: [GC (Allocation Failure) [PSYoungGen: 60909K->1549K(61440K)] 405005K->345645K(572928K), 0.0015849 secs] [Times: user=0.00 sys=0.00, real=0.00 secs] 
249.813: [GC (Allocation Failure) [PSYoungGen: 60941K->493K(59904K)] 405037K->345613K(571392K), 0.0017800 secs] [Times: user=0.00 sys=0.00, real=0.00 secs] 
251.144: [GC (Allocation Failure) [PSYoungGen: 59885K->1472K(61952K)] 405005K->346592K(573440K), 0.0037718 secs] [Times: user=0.02 sys=0.00, real=0.00 secs] 
252.230: [GC (Allocation Failure) [PSYoungGen: 60864K->1360K(60928K)] 405984K->346480K(572416K), 0.0041843 secs] [Times: user=0.01 sys=0.00, real=0.01 secs] 
253.066: [GC (Allocation Failure) [PSYoungGen: 60752K->1376K(60928K)] 405872K->346496K(572416K), 0.0032227 secs] [Times: user=0.01 sys=0.00, real=0.00 secs] 
253.540: [GC (Allocation Failure) [PSYoungGen: 60768K->1408K(60928K)] 405888K->346528K(572416K), 0.0023137 secs] [Times: user=0.01 sys=0.00, real=0.00 secs] 
254.007: [GC (Allocation Failure) [PSYoungGen: 60800K->1312K(60928K)] 405920K->346432K(572416K), 0.0028495 secs] [Times: user=0.01 sys=0.00, real=0.00 secs] 
254.485: [GC (Allocation Failure) [PSYoungGen: 60704K->1517K(60928K)] 405824K->346653K(572416K), 0.0016214 secs] [Times: user=0.01 sys=0.00, real=0.00 secs] 
254.832: [GC (Allocation Failure) [PSYoungGen: 60909K->1552K(61440K)] 406045K->346704K(572928K), 0.0018610 secs] [Times: user=0.01 sys=0.00, real=0.01 secs] 
255.181: [GC (Allocation Failure) [PSYoungGen: 60944K->528K(60416K)] 406096K->346704K(571904K), 0.0018317 secs] [Times: user=0.01 sys=0.00, real=0.01 secs] 
255.526: [GC (Allocation Failure) [PSYoungGen: 59920K->557K(60416K)] 406096K->346733K(571904K), 0.0015383 secs] [Times: user=0.00 sys=0.00, real=0.00 secs] 
256.837: [GC (Allocation Failure) [PSYoungGen: 59949K->1440K(60928K)] 406125K->347624K(572416K), 0.0039968 secs] [Times: user=0.02 sys=0.00, real=0.00 secs] 
257.349: [GC (Allocation Failure) [PSYoungGen: 60832K->1360K(60928K)] 407016K->347544K(572416K), 0.0028046 secs] [Times: user=0.01 sys=0.00, real=0.00 secs] 
257.837: [GC (Allocation Failure) [PSYoungGen: 60752K->1328K(60928K)] 406936K->347520K(572416K), 0.0028479 secs] [Times: user=0.01 sys=0.00, real=0.00 secs] 
258.362: [GC (Allocation Failure) [PSYoungGen: 60720K->1408K(60928K)] 406912K->347624K(572416K), 0.0032803 secs] [Times: user=0.01 sys=0.00, real=0.01 secs] 
259.173: [GC (Allocation Failure) [PSYoungGen: 60800K->1376K(60928K)] 407016K->347600K(572416K), 0.0035910 secs] [Times: user=0.02 sys=0.00, real=0.00 secs] 
259.766: [GC (Allocation Failure) [PSYoungGen: 60744K->1517K(60928K)] 406968K->347749K(572416K), 0.0016534 secs] [Times: user=0.01 sys=0.00, real=0.00 secs] 
260.172: [GC (Allocation Failure) [PSYoungGen: 60909K->1517K(60928K)] 407141K->347765K(572416K), 0.0015439 secs] [Times: user=0.00 sys=0.00, real=0.00 secs] 
260.519: [GC (Allocation Failure) [PSYoungGen: 60907K->1517K(60928K)] 407155K->347765K(572416K), 0.0017996 secs] [Times: user=0.00 sys=0.00, real=0.00 secs] 
260.926: [GC (Allocation Failure) [PSYoungGen: 60909K->1517K(60928K)] 407157K->347765K(572416K), 0.0017441 secs] [Times: user=0.01 sys=0.00, real=0.00 secs] 
261.371: [GC (Allocation Failure) [PSYoungGen: 60909K->1408K(60928K)] 407157K->347656K(572416K), 0.0034067 secs] [Times: user=0.01 sys=0.00, real=0.01 secs] 
261.851: [GC (Allocation Failure) [PSYoungGen: 60800K->1344K(60928K)] 407048K->347592K(572416K), 0.0023188 secs] [Times: user=0.01 sys=0.00, real=0.01 secs] 
262.342: [GC (Allocation Failure) [PSYoungGen: 60736K->1376K(60928K)] 406984K->347624K(572416K), 0.0027144 secs] [Times: user=0.01 sys=0.00, real=0.00 secs] 
262.744: [GC (Allocation Failure) [PSYoungGen: 60768K->1376K(60928K)] 407016K->347624K(572416K), 0.0020886 secs] [Times: user=0.01 sys=0.00, real=0.00 secs] 
262.985: [GC (Allocation Failure) [PSYoungGen: 60768K->1376K(60928K)] 407016K->347624K(572416K), 0.0018826 secs] [Times: user=0.00 sys=0.00, real=0.00 secs] 
263.365: [GC (Allocation Failure) [PSYoungGen: 60768K->1517K(60928K)] 407016K->347773K(572416K), 0.0017050 secs] [Times: user=0.01 sys=0.00, real=0.00 secs] 
263.713: [GC (Allocation Failure) [PSYoungGen: 60906K->1549K(61440K)] 407162K->347821K(572928K), 0.0017735 secs] [Times: user=0.01 sys=0.00, real=0.00 secs] 
264.063: [GC (Allocation Failure) [PSYoungGen: 60941K->496K(59904K)] 407213K->347792K(571392K), 0.0016910 secs] [Times: user=0.00 sys=0.00, real=0.00 secs] 
264.407: [GC (Allocation Failure) [PSYoungGen: 59888K->493K(61440K)] 407184K->347789K(572928K), 0.0015073 secs] [Times: user=0.00 sys=0.00, real=0.00 secs] 
264.725: [GC (Allocation Failure) [PSYoungGen: 59885K->1440K(60928K)] 407181K->348736K(572416K), 0.0020301 secs] [Times: user=0.00 sys=0.00, real=0.00 secs] 
264.972: [GC (Allocation Failure) [PSYoungGen: 60832K->1408K(60928K)] 408128K->348728K(572416K), 0.0018680 secs] [Times: user=0.01 sys=0.00, real=0.00 secs] 
265.219: [GC (Allocation Failure) [PSYoungGen: 60800K->1376K(60928K)] 408120K->348704K(572416K), 0.0017830 secs] [Times: user=0.00 sys=0.00, real=0.00 secs] 
265.465: [GC (Allocation Failure) [PSYoungGen: 60768K->1376K(60928K)] 408096K->348704K(572416K), 0.0018705 secs] [Times: user=0.00 sys=0.00, real=0.00 secs] 
265.746: [GC (Allocation Failure) [PSYoungGen: 60768K->1469K(60928K)] 408096K->348797K(572416K), 0.0014596 secs] [Times: user=0.00 sys=0.00, real=0.00 secs] 
266.155: [GC (Allocation Failure) [PSYoungGen: 60850K->1485K(60928K)] 408179K->348813K(572416K), 0.0018497 secs] [Times: user=0.01 sys=0.00, real=0.00 secs] 
266.564: [GC (Allocation Failure) [PSYoungGen: 60877K->1517K(60928K)] 408205K->348893K(572416K), 0.0016190 secs] [Times: user=0.01 sys=0.00, real=0.00 secs] 
266.911: [GC (Allocation Failure) [PSYoungGen: 60909K->1549K(61440K)] 408285K->348925K(572928K), 0.0017358 secs] [Times: user=0.00 sys=0.00, real=0.01 secs] 
267.256: [GC (Allocation Failure) [PSYoungGen: 60941K->544K(60416K)] 408317K->348944K(571904K), 0.0016741 secs] [Times: user=0.01 sys=0.00, real=0.00 secs] 
267.549: [GC (Allocation Failure) [PSYoungGen: 59936K->1392K(61952K)] 408336K->349800K(573440K), 0.0027927 secs] [Times: user=0.01 sys=0.00, real=0.00 secs] 
267.793: [GC (Allocation Failure) [PSYoungGen: 60784K->1392K(60928K)] 409192K->349800K(572416K), 0.0019749 secs] [Times: user=0.01 sys=0.00, real=0.00 secs] 
268.040: [GC (Allocation Failure) [PSYoungGen: 60784K->1376K(60928K)] 409192K->349784K(572416K), 0.0019886 secs] [Times: user=0.00 sys=0.00, real=0.01 secs] 
268.286: [GC (Allocation Failure) [PSYoungGen: 60768K->1376K(60928K)] 409176K->349784K(572416K), 0.0019262 secs] [Times: user=0.01 sys=0.00, real=0.00 secs] 
268.626: [GC (Allocation Failure) [PSYoungGen: 60768K->1485K(60928K)] 409176K->349893K(572416K), 0.0017408 secs] [Times: user=0.01 sys=0.00, real=0.00 secs] 
268.973: [GC (Allocation Failure) [PSYoungGen: 60877K->1517K(60928K)] 409285K->349925K(572416K), 0.0015408 secs] [Times: user=0.01 sys=0.00, real=0.00 secs] 
269.319: [GC (Allocation Failure) [PSYoungGen: 60909K->1549K(61440K)] 409317K->349973K(572928K), 0.0018355 secs] [Times: user=0.00 sys=0.00, real=0.00 secs] 
269.665: [GC (Allocation Failure) [PSYoungGen: 60941K->557K(60416K)] 409365K->350005K(571904K), 0.0015777 secs] [Times: user=0.01 sys=0.00, real=0.00 secs] 
270.263: [GC (Allocation Failure) [PSYoungGen: 59949K->2016K(61440K)] 409397K->351464K(572928K), 0.0029230 secs] [Times: user=0.01 sys=0.00, real=0.00 secs] 
271.956: [GC (Allocation Failure) [PSYoungGen: 61408K->1408K(60928K)] 410856K->350856K(572416K), 0.0037272 secs] [Times: user=0.01 sys=0.00, real=0.00 secs] 
272.453: [GC (Allocation Failure) [PSYoungGen: 60800K->1392K(60928K)] 410248K->350840K(572416K), 0.0029013 secs] [Times: user=0.01 sys=0.00, real=0.00 secs] 
272.946: [GC (Allocation Failure) [PSYoungGen: 60784K->1408K(60928K)] 410232K->350856K(572416K), 0.0021597 secs] [Times: user=0.01 sys=0.00, real=0.00 secs] 
273.440: [GC (Allocation Failure) [PSYoungGen: 60800K->1392K(60928K)] 410248K->350840K(572416K), 0.0024278 secs] [Times: user=0.01 sys=0.00, real=0.01 secs] 
274.041: [GC (Allocation Failure) [PSYoungGen: 60784K->1421K(60928K)] 410232K->350869K(572416K), 0.0020259 secs] [Times: user=0.01 sys=0.00, real=0.01 secs] 
274.392: [GC (Allocation Failure) [PSYoungGen: 60784K->1520K(60928K)] 410233K->350968K(572416K), 0.0017900 secs] [Times: user=0.00 sys=0.00, real=0.00 secs] 
274.740: [GC (Allocation Failure) [PSYoungGen: 60912K->1517K(60928K)] 410360K->350981K(572416K), 0.0016138 secs] [Times: user=0.01 sys=0.00, real=0.00 secs] 
275.088: [GC (Allocation Failure) [PSYoungGen: 60909K->1549K(61440K)] 410373K->351013K(572928K), 0.0018962 secs] [Times: user=0.01 sys=0.00, real=0.00 secs] 
275.908: [GC (Allocation Failure) [PSYoungGen: 60941K->464K(59904K)] 410405K->350952K(571392K), 0.0027214 secs] [Times: user=0.01 sys=0.00, real=0.00 secs] 
276.411: [GC (Allocation Failure) [PSYoungGen: 59856K->352K(59904K)] 410344K->350840K(571392K), 0.0025618 secs] [Times: user=0.01 sys=0.00, real=0.01 secs] 
276.893: [GC (Allocation Failure) [PSYoungGen: 59744K->416K(59904K)] 410232K->350904K(571392K), 0.0042453 secs] [Times: user=0.01 sys=0.00, real=0.00 secs] 
277.395: [GC (Allocation Failure) [PSYoungGen: 59808K->384K(61952K)] 410296K->350872K(573440K), 0.0024727 secs] [Times: user=0.01 sys=0.00, real=0.00 secs] 
277.864: [GC (Allocation Failure) [PSYoungGen: 59776K->368K(59904K)] 410264K->350888K(571392K), 0.0022720 secs] [Times: user=0.01 sys=0.00, real=0.00 secs] 
278.328: [GC (Allocation Failure) [PSYoungGen: 59760K->1437K(61952K)] 410280K->351957K(573440K), 0.0015264 secs] [Times: user=0.01 sys=0.00, real=0.00 secs] 
278.674: [GC (Allocation Failure) [PSYoungGen: 60808K->1517K(60928K)] 411329K->352053K(572416K), 0.0016665 secs] [Times: user=0.01 sys=0.00, real=0.00 secs] 
279.111: [GC (Allocation Failure) [PSYoungGen: 60909K->1549K(61440K)] 411445K->352085K(572928K), 0.0017772 secs] [Times: user=0.01 sys=0.00, real=0.01 secs] 
279.457: [GC (Allocation Failure) [PSYoungGen: 60941K->1517K(60928K)] 411477K->352053K(572416K), 0.0016681 secs] [Times: user=0.00 sys=0.01, real=0.00 secs] 
280.302: [GC (Allocation Failure) [PSYoungGen: 60909K->1456K(60928K)] 411445K->351992K(572416K), 0.0042968 secs] [Times: user=0.02 sys=0.00, real=0.01 secs] 
280.679: [GC (Allocation Failure) [PSYoungGen: 60848K->1376K(60928K)] 411384K->351912K(572416K), 0.0021643 secs] [Times: user=0.00 sys=0.00, real=0.00 secs] 
280.993: [GC (Allocation Failure) [PSYoungGen: 60768K->1376K(60928K)] 411304K->351912K(572416K), 0.0019926 secs] [Times: user=0.01 sys=0.00, real=0.00 secs] 
281.239: [GC (Allocation Failure) [PSYoungGen: 60768K->1376K(60928K)] 411304K->351912K(572416K), 0.0020887 secs] [Times: user=0.01 sys=0.00, real=0.00 secs] 
281.486: [GC (Allocation Failure) [PSYoungGen: 60768K->1344K(60928K)] 411304K->351880K(572416K), 0.0020755 secs] [Times: user=0.01 sys=0.00, real=0.00 secs] 
281.887: [GC (Allocation Failure) [PSYoungGen: 60736K->1501K(60928K)] 411272K->352037K(572416K), 0.0016343 secs] [Times: user=0.01 sys=0.00, real=0.00 secs] 
282.245: [GC (Allocation Failure) [PSYoungGen: 60893K->1533K(60928K)] 411429K->352077K(572416K), 0.0017575 secs] [Times: user=0.01 sys=0.00, real=0.00 secs] 
282.594: [GC (Allocation Failure) [PSYoungGen: 60925K->1549K(61440K)] 411469K->352093K(572928K), 0.0016254 secs] [Times: user=0.01 sys=0.00, real=0.00 secs] 
282.940: [GC (Allocation Failure) [PSYoungGen: 60941K->1552K(61440K)] 411485K->352096K(572928K), 0.0018324 secs] [Times: user=0.00 sys=0.00, real=0.00 secs] 
284.228: [GC (Allocation Failure) [PSYoungGen: 60944K->1408K(60928K)] 411488K->351952K(572416K), 0.0039837 secs] [Times: user=0.01 sys=0.00, real=0.01 secs] 
284.591: [GC (Allocation Failure) [PSYoungGen: 60800K->1312K(60928K)] 411344K->351856K(572416K), 0.0021217 secs] [Times: user=0.00 sys=0.00, real=0.01 secs] 
284.838: [GC (Allocation Failure) [PSYoungGen: 60704K->1408K(60928K)] 411248K->351952K(572416K), 0.0019004 secs] [Times: user=0.01 sys=0.00, real=0.00 secs] 
285.236: [GC (Allocation Failure) [PSYoungGen: 60800K->1440K(60928K)] 411344K->351984K(572416K), 0.0020501 secs] [Times: user=0.01 sys=0.00, real=0.00 secs] 
285.639: [GC (Allocation Failure) [PSYoungGen: 60832K->1408K(60928K)] 411376K->351976K(572416K), 0.0018008 secs] [Times: user=0.00 sys=0.00, real=0.00 secs] 
286.033: [GC (Allocation Failure) [PSYoungGen: 60800K->1488K(60928K)] 411368K->352056K(572416K), 0.0017255 secs] [Times: user=0.01 sys=0.00, real=0.00 secs] 
286.379: [GC (Allocation Failure) [PSYoungGen: 60880K->1485K(60928K)] 411448K->352069K(572416K), 0.0015641 secs] [Times: user=0.01 sys=0.00, real=0.00 secs] 
286.723: [GC (Allocation Failure) [PSYoungGen: 60877K->1485K(60928K)] 411461K->352069K(572416K), 0.0016243 secs] [Times: user=0.00 sys=0.00, real=0.00 secs] 
287.125: [GC (Allocation Failure) [PSYoungGen: 60877K->1517K(60928K)] 411461K->352109K(572416K), 0.0016927 secs] [Times: user=0.01 sys=0.00, real=0.00 secs] 
287.486: [GC (Allocation Failure) [PSYoungGen: 60909K->1408K(60928K)] 411501K->352000K(572416K), 0.0021947 secs] [Times: user=0.00 sys=0.00, real=0.00 secs] 
287.734: [GC (Allocation Failure) [PSYoungGen: 60800K->1376K(60928K)] 411392K->351968K(572416K), 0.0017993 secs] [Times: user=0.00 sys=0.00, real=0.00 secs] 
287.980: [GC (Allocation Failure) [PSYoungGen: 60768K->1312K(60928K)] 411360K->351912K(572416K), 0.0019948 secs] [Times: user=0.01 sys=0.00, real=0.01 secs] 
288.228: [GC (Allocation Failure) [PSYoungGen: 60704K->1376K(60928K)] 411304K->351976K(572416K), 0.0018111 secs] [Times: user=0.01 sys=0.00, real=0.00 secs] 
288.553: [GC (Allocation Failure) [PSYoungGen: 60768K->1437K(60928K)] 411368K->352037K(572416K), 0.0021518 secs] [Times: user=0.01 sys=0.00, real=0.00 secs] 
288.922: [GC (Allocation Failure) [PSYoungGen: 60829K->1517K(60928K)] 411429K->352125K(572416K), 0.0016285 secs] [Times: user=0.00 sys=0.00, real=0.01 secs] 
289.268: [GC (Allocation Failure) [PSYoungGen: 60909K->1581K(61440K)] 411517K->352205K(572928K), 0.0017392 secs] [Times: user=0.00 sys=0.00, real=0.00 secs] 
289.614: [GC (Allocation Failure) [PSYoungGen: 60973K->464K(59904K)] 411597K->352112K(571392K), 0.0016837 secs] [Times: user=0.01 sys=0.00, real=0.00 secs] 
290.023: [GC (Allocation Failure) [PSYoungGen: 59856K->525K(61440K)] 411504K->352173K(572928K), 0.0015220 secs] [Times: user=0.01 sys=0.01, real=0.00 secs] 
290.566: [GC (Allocation Failure) [PSYoungGen: 59917K->1472K(60928K)] 411565K->353120K(572416K), 0.0019777 secs] [Times: user=0.01 sys=0.00, real=0.00 secs] 
291.128: [GC (Allocation Failure) [PSYoungGen: 60864K->1376K(60928K)] 412512K->353024K(572416K), 0.0021197 secs] [Times: user=0.00 sys=0.00, real=0.00 secs] 
291.552: [GC (Allocation Failure) [PSYoungGen: 60768K->1312K(60928K)] 412416K->352968K(572416K), 0.0019269 secs] [Times: user=0.01 sys=0.00, real=0.00 secs] 
291.799: [GC (Allocation Failure) [PSYoungGen: 60704K->1312K(60928K)] 412360K->352968K(572416K), 0.0021164 secs] [Times: user=0.00 sys=0.00, real=0.00 secs] 
292.094: [GC (Allocation Failure) [PSYoungGen: 60704K->1469K(60928K)] 412360K->353125K(572416K), 0.0015440 secs] [Times: user=0.01 sys=0.00, real=0.00 secs] 
292.515: [GC (Allocation Failure) [PSYoungGen: 60861K->1520K(60928K)] 412517K->353176K(572416K), 0.0018191 secs] [Times: user=0.00 sys=0.00, real=0.00 secs] 
292.861: [GC (Allocation Failure) [PSYoungGen: 60912K->1485K(60928K)] 412568K->353157K(572416K), 0.0016079 secs] [Times: user=0.01 sys=0.00, real=0.01 secs] 
293.206: [GC (Allocation Failure) [PSYoungGen: 60877K->1549K(61440K)] 412549K->353221K(572928K), 0.0017755 secs] [Times: user=0.01 sys=0.00, real=0.00 secs] 
294.157: [GC (Allocation Failure) [PSYoungGen: 60941K->608K(60416K)] 412613K->353304K(571904K), 0.0021098 secs] [Times: user=0.01 sys=0.00, real=0.00 secs] 
295.053: [GC (Allocation Failure) [PSYoungGen: 60000K->320K(59904K)] 412696K->353016K(571392K), 0.0053239 secs] [Times: user=0.02 sys=0.00, real=0.00 secs] 
295.387: [GC (Allocation Failure) [PSYoungGen: 59712K->352K(59904K)] 412408K->353056K(571392K), 0.0022248 secs] [Times: user=0.01 sys=0.00, real=0.00 secs] 
295.634: [GC (Allocation Failure) [PSYoungGen: 59744K->352K(61952K)] 412448K->353056K(573440K), 0.0017344 secs] [Times: user=0.01 sys=0.00, real=0.00 secs] 
295.880: [GC (Allocation Failure) [PSYoungGen: 59744K->320K(59904K)] 412448K->353048K(571392K), 0.0021065 secs] [Times: user=0.00 sys=0.00, real=0.01 secs] 
296.200: [GC (Allocation Failure) [PSYoungGen: 59712K->1469K(61952K)] 412440K->354197K(573440K), 0.0016549 secs] [Times: user=0.01 sys=0.00, real=0.00 secs] 
296.548: [GC (Allocation Failure) [PSYoungGen: 60861K->1552K(61440K)] 413589K->354280K(572928K), 0.0017380 secs] [Times: user=0.01 sys=0.00, real=0.00 secs] 
296.894: [GC (Allocation Failure) [PSYoungGen: 60944K->1549K(61440K)] 413672K->354293K(572928K), 0.0017478 secs] [Times: user=0.01 sys=0.00, real=0.00 secs] 
297.240: [GC (Allocation Failure) [PSYoungGen: 60941K->1517K(60928K)] 413685K->354261K(572416K), 0.0015936 secs] [Times: user=0.01 sys=0.00, real=0.01 secs] 
297.611: [GC (Allocation Failure) [PSYoungGen: 60909K->1472K(60928K)] 413653K->354224K(572416K), 0.0019856 secs] [Times: user=0.01 sys=0.00, real=0.01 secs] 
297.894: [GC (Allocation Failure) [PSYoungGen: 60864K->1408K(60928K)] 413616K->354168K(572416K), 0.0021429 secs] [Times: user=0.01 sys=0.00, real=0.00 secs] 
298.149: [GC (Allocation Failure) [PSYoungGen: 60800K->1376K(60928K)] 413560K->354152K(572416K), 0.0019349 secs] [Times: user=0.00 sys=0.00, real=0.00 secs] 
298.596: [GC (Allocation Failure) [PSYoungGen: 60768K->1376K(60928K)] 413544K->354152K(572416K), 0.0027797 secs] [Times: user=0.01 sys=0.00, real=0.00 secs] 
298.834: [GC (Allocation Failure) [PSYoungGen: 60768K->1360K(60928K)] 413544K->354136K(572416K), 0.0020996 secs] [Times: user=0.01 sys=0.00, real=0.00 secs] 
299.199: [GC (Allocation Failure) [PSYoungGen: 60752K->1453K(60928K)] 413528K->354229K(572416K), 0.0017785 secs] [Times: user=0.00 sys=0.00, real=0.00 secs] 
299.606: [GC (Allocation Failure) [PSYoungGen: 60828K->1549K(61440K)] 413605K->354341K(572928K), 0.0018526 secs] [Times: user=0.01 sys=0.00, real=0.00 secs] 
300.012: [GC (Allocation Failure) [PSYoungGen: 60941K->1517K(60928K)] 413733K->354309K(572416K), 0.0019021 secs] [Times: user=0.00 sys=0.00, real=0.00 secs] 
300.362: [GC (Allocation Failure) [PSYoungGen: 60909K->1520K(60928K)] 413701K->354312K(572416K), 0.0018920 secs] [Times: user=0.01 sys=0.00, real=0.00 secs] 
300.912: [GC (Allocation Failure) [PSYoungGen: 60912K->1488K(60928K)] 413704K->354280K(572416K), 0.0043121 secs] [Times: user=0.02 sys=0.00, real=0.01 secs] 
301.358: [GC (Allocation Failure) [PSYoungGen: 60880K->1392K(60928K)] 413672K->354184K(572416K), 0.0022509 secs] [Times: user=0.01 sys=0.00, real=0.00 secs] 
301.601: [GC (Allocation Failure) [PSYoungGen: 60784K->1312K(60928K)] 413576K->354104K(572416K), 0.0021619 secs] [Times: user=0.01 sys=0.00, real=0.01 secs] 
301.874: [GC (Allocation Failure) [PSYoungGen: 60704K->1312K(60928K)] 413496K->354104K(572416K), 0.0019681 secs] [Times: user=0.01 sys=0.00, real=0.00 secs] 
302.133: [GC (Allocation Failure) [PSYoungGen: 60704K->1344K(60928K)] 413496K->354136K(572416K), 0.0019315 secs] [Times: user=0.01 sys=0.00, real=0.00 secs] 
302.498: [GC (Allocation Failure) [PSYoungGen: 60736K->1469K(60928K)] 413528K->354261K(572416K), 0.0015877 secs] [Times: user=0.01 sys=0.00, real=0.00 secs] 
302.853: [GC (Allocation Failure) [PSYoungGen: 60838K->1517K(60928K)] 413631K->354333K(572416K), 0.0016600 secs] [Times: user=0.00 sys=0.00, real=0.00 secs] 
303.256: [GC (Allocation Failure) [PSYoungGen: 60909K->1581K(61440K)] 413725K->354397K(572928K), 0.0017206 secs] [Times: user=0.01 sys=0.00, real=0.00 secs] 
303.601: [GC (Allocation Failure) [PSYoungGen: 60973K->493K(59904K)] 413789K->354333K(571392K), 0.0018665 secs] [Times: user=0.01 sys=0.00, real=0.01 secs] 
303.978: [GC (Allocation Failure) [PSYoungGen: 59885K->1456K(61440K)] 413725K->355304K(572928K), 0.0025815 secs] [Times: user=0.01 sys=0.00, real=0.00 secs] 
304.233: [GC (Allocation Failure) [PSYoungGen: 60848K->1376K(60928K)] 414696K->355224K(572416K), 0.0021957 secs] [Times: user=0.00 sys=0.00, real=0.00 secs] 
304.480: [GC (Allocation Failure) [PSYoungGen: 60768K->1376K(60928K)] 414616K->355248K(572416K), 0.0020464 secs] [Times: user=0.00 sys=0.00, real=0.01 secs] 
304.740: [GC (Allocation Failure) [PSYoungGen: 60768K->1344K(60928K)] 414640K->355216K(572416K), 0.0019143 secs] [Times: user=0.01 sys=0.00, real=0.01 secs] 
305.037: [GC (Allocation Failure) [PSYoungGen: 60736K->1360K(60928K)] 414608K->355232K(572416K), 0.0020783 secs] [Times: user=0.01 sys=0.00, real=0.00 secs] 
305.406: [GC (Allocation Failure) [PSYoungGen: 60752K->1485K(60928K)] 414624K->355357K(572416K), 0.0015829 secs] [Times: user=0.01 sys=0.00, real=0.00 secs] 
305.753: [GC (Allocation Failure) [PSYoungGen: 60877K->1488K(60928K)] 414749K->355376K(572416K), 0.0016886 secs] [Times: user=0.01 sys=0.00, real=0.00 secs] 
306.099: [GC (Allocation Failure) [PSYoungGen: 60880K->1533K(60928K)] 414768K->355421K(572416K), 0.0015625 secs] [Times: user=0.00 sys=0.00, real=0.00 secs] 
306.445: [GC (Allocation Failure) [PSYoungGen: 60925K->1581K(61440K)] 414813K->355469K(572928K), 0.0016903 secs] [Times: user=0.01 sys=0.00, real=0.00 secs] 
306.781: [GC (Allocation Failure) [PSYoungGen: 60973K->416K(59904K)] 414861K->355328K(571392K), 0.0018709 secs] [Times: user=0.01 sys=0.01, real=0.01 secs] 
307.028: [GC (Allocation Failure) [PSYoungGen: 59808K->368K(59904K)] 414720K->355280K(571392K), 0.0017983 secs] [Times: user=0.01 sys=0.00, real=0.00 secs] 
307.275: [GC (Allocation Failure) [PSYoungGen: 59760K->400K(59904K)] 414672K->355312K(571392K), 0.0019900 secs] [Times: user=0.01 sys=0.00, real=0.00 secs] 
307.522: [GC (Allocation Failure) [PSYoungGen: 59792K->416K(61952K)] 414704K->355328K(573440K), 0.0017848 secs] [Times: user=0.01 sys=0.00, real=0.00 secs] 
307.769: [GC (Allocation Failure) [PSYoungGen: 59808K->432K(59904K)] 414720K->355344K(571392K), 0.0019624 secs] [Times: user=0.01 sys=0.00, real=0.00 secs] 
308.146: [GC (Allocation Failure) [PSYoungGen: 59824K->1581K(61952K)] 414736K->356493K(573440K), 0.0016327 secs] [Times: user=0.01 sys=0.00, real=0.00 secs] 
308.493: [GC (Allocation Failure) [PSYoungGen: 60973K->1584K(61440K)] 415885K->356512K(572928K), 0.0017013 secs] [Times: user=0.01 sys=0.00, real=0.00 secs] 
308.844: [GC (Allocation Failure) [PSYoungGen: 60976K->1549K(61440K)] 415904K->356477K(572928K), 0.0017026 secs] [Times: user=0.01 sys=0.00, real=0.00 secs] 
309.190: [GC (Allocation Failure) [PSYoungGen: 60941K->1517K(60928K)] 415869K->356485K(572416K), 0.0016062 secs] [Times: user=0.00 sys=0.00, real=0.00 secs] 
309.525: [GC (Allocation Failure) [PSYoungGen: 60909K->1424K(60928K)] 415877K->356392K(572416K), 0.0017856 secs] [Times: user=0.01 sys=0.00, real=0.00 secs] 
309.772: [GC (Allocation Failure) [PSYoungGen: 60816K->1408K(60928K)] 415784K->356376K(572416K), 0.0018210 secs] [Times: user=0.01 sys=0.00, real=0.01 secs] 
310.018: [GC (Allocation Failure) [PSYoungGen: 60800K->1376K(60928K)] 415768K->356352K(572416K), 0.0018435 secs] [Times: user=0.01 sys=0.00, real=0.00 secs] 
310.265: [GC (Allocation Failure) [PSYoungGen: 60768K->1344K(60928K)] 415744K->356320K(572416K), 0.0018453 secs] [Times: user=0.01 sys=0.00, real=0.00 secs] 
310.556: [GC (Allocation Failure) [PSYoungGen: 60710K->1469K(60928K)] 415686K->356445K(572416K), 0.0015942 secs] [Times: user=0.01 sys=0.00, real=0.00 secs] 
310.963: [GC (Allocation Failure) [PSYoungGen: 60861K->1581K(61440K)] 415837K->356557K(572928K), 0.0018844 secs] [Times: user=0.01 sys=0.00, real=0.00 secs] 
311.309: [GC (Allocation Failure) [PSYoungGen: 60973K->1549K(61440K)] 415949K->356541K(572928K), 0.0018819 secs] [Times: user=0.01 sys=0.00, real=0.00 secs] 
311.719: [GC (Allocation Failure) [PSYoungGen: 60941K->1517K(60928K)] 415933K->356517K(572416K), 0.0016855 secs] [Times: user=0.01 sys=0.00, real=0.00 secs] 
312.062: [GC (Allocation Failure) [PSYoungGen: 60783K->288K(59904K)] 415784K->355288K(571392K), 0.0015635 secs] [Times: user=0.01 sys=0.00, real=0.01 secs] 
312.433: [GC (Allocation Failure) [PSYoungGen: 59680K->1344K(60928K)] 414680K->356344K(572416K), 0.0020036 secs] [Times: user=0.01 sys=0.00, real=0.00 secs] 
312.881: [GC (Allocation Failure) [PSYoungGen: 60736K->1376K(60928K)] 415736K->356376K(572416K), 0.0032564 secs] [Times: user=0.01 sys=0.00, real=0.01 secs] 
313.419: [GC (Allocation Failure) [PSYoungGen: 60768K->1376K(60928K)] 415768K->356376K(572416K), 0.0033467 secs] [Times: user=0.02 sys=0.00, real=0.01 secs] 
313.951: [GC (Allocation Failure) [PSYoungGen: 60768K->1376K(60928K)] 415768K->356376K(572416K), 0.0025185 secs] [Times: user=0.01 sys=0.00, real=0.01 secs] 
314.639: [GC (Allocation Failure) [PSYoungGen: 60768K->1453K(60928K)] 415768K->356453K(572416K), 0.0020808 secs] [Times: user=0.00 sys=0.00, real=0.00 secs] 
315.083: [GC (Allocation Failure) [PSYoungGen: 60825K->1549K(61440K)] 415826K->356581K(572928K), 0.0018630 secs] [Times: user=0.01 sys=0.00, real=0.00 secs] 
315.434: [GC (Allocation Failure) [PSYoungGen: 60941K->1549K(61440K)] 415973K->356589K(572928K), 0.0016663 secs] [Times: user=0.01 sys=0.00, real=0.00 secs] 
315.786: [GC (Allocation Failure) [PSYoungGen: 60941K->1453K(60928K)] 415981K->356493K(572416K), 0.0017669 secs] [Times: user=0.01 sys=0.00, real=0.00 secs] 
316.277: [GC (Allocation Failure) [PSYoungGen: 60845K->1920K(61440K)] 415885K->356960K(572928K), 0.0019262 secs] [Times: user=0.00 sys=0.00, real=0.00 secs] 
317.037: [GC (Allocation Failure) [PSYoungGen: 61312K->1344K(60928K)] 416352K->356384K(572416K), 0.0028033 secs] [Times: user=0.01 sys=0.00, real=0.00 secs] 
317.776: [GC (Allocation Failure) [PSYoungGen: 60736K->1360K(60928K)] 415776K->356400K(572416K), 0.0036413 secs] [Times: user=0.01 sys=0.00, real=0.00 secs] 
318.538: [GC (Allocation Failure) [PSYoungGen: 60752K->1328K(60928K)] 415792K->356368K(572416K), 0.0028365 secs] [Times: user=0.01 sys=0.00, real=0.00 secs] 
319.265: [GC (Allocation Failure) [PSYoungGen: 60720K->1328K(60928K)] 415760K->356368K(572416K), 0.0029532 secs] [Times: user=0.02 sys=0.00, real=0.00 secs] 
319.880: [GC (Allocation Failure) [PSYoungGen: 60718K->1453K(60928K)] 415759K->356493K(572416K), 0.0015274 secs] [Times: user=0.01 sys=0.00, real=0.00 secs] 
320.226: [GC (Allocation Failure) [PSYoungGen: 60845K->1520K(60928K)] 415885K->356576K(572416K), 0.0016558 secs] [Times: user=0.01 sys=0.00, real=0.00 secs] 
320.576: [GC (Allocation Failure) [PSYoungGen: 60912K->1549K(61440K)] 415968K->356621K(572928K), 0.0016743 secs] [Times: user=0.01 sys=0.00, real=0.00 secs] 
320.921: [GC (Allocation Failure) [PSYoungGen: 60941K->525K(60416K)] 416013K->356621K(571904K), 0.0016123 secs] [Times: user=0.00 sys=0.00, real=0.01 secs] 
321.324: [GC (Allocation Failure) [PSYoungGen: 59917K->1456K(60928K)] 416013K->357560K(572416K), 0.0031085 secs] [Times: user=0.02 sys=0.01, real=0.00 secs] 
322.081: [GC (Allocation Failure) [PSYoungGen: 60848K->1344K(60928K)] 416952K->357448K(572416K), 0.0039218 secs] [Times: user=0.02 sys=0.00, real=0.01 secs] 
323.173: [GC (Allocation Failure) [PSYoungGen: 60736K->1408K(60928K)] 416840K->357512K(572416K), 0.0039594 secs] [Times: user=0.01 sys=0.00, real=0.00 secs] 
323.868: [GC (Allocation Failure) [PSYoungGen: 60800K->1344K(60928K)] 416904K->357448K(572416K), 0.0026915 secs] [Times: user=0.01 sys=0.00, real=0.00 secs] 
324.363: [GC (Allocation Failure) [PSYoungGen: 60736K->1344K(60928K)] 416840K->357448K(572416K), 0.0026117 secs] [Times: user=0.01 sys=0.00, real=0.00 secs] 
324.892: [GC (Allocation Failure) [PSYoungGen: 60736K->1488K(60928K)] 416840K->357592K(572416K), 0.0015819 secs] [Times: user=0.01 sys=0.00, real=0.00 secs] 
325.297: [GC (Allocation Failure) [PSYoungGen: 60880K->1549K(61440K)] 416984K->357669K(572928K), 0.0019759 secs] [Times: user=0.01 sys=0.00, real=0.00 secs] 
325.645: [GC (Allocation Failure) [PSYoungGen: 60941K->528K(60416K)] 417061K->357672K(571904K), 0.0018570 secs] [Times: user=0.01 sys=0.00, real=0.00 secs] 
325.992: [GC (Allocation Failure) [PSYoungGen: 59920K->493K(59904K)] 417064K->357637K(571392K), 0.0017294 secs] [Times: user=0.01 sys=0.00, real=0.00 secs] 
326.690: [GC (Allocation Failure) [PSYoungGen: 59885K->1472K(60928K)] 417029K->358616K(572416K), 0.0044334 secs] [Times: user=0.01 sys=0.00, real=0.01 secs] 
327.242: [GC (Allocation Failure) [PSYoungGen: 60864K->1344K(60928K)] 418008K->358512K(572416K), 0.0033036 secs] [Times: user=0.01 sys=0.00, real=0.01 secs] 
327.776: [GC (Allocation Failure) [PSYoungGen: 60736K->1344K(60928K)] 417904K->358520K(572416K), 0.0030589 secs] [Times: user=0.01 sys=0.00, real=0.00 secs] 
328.254: [GC (Allocation Failure) [PSYoungGen: 60736K->1344K(60928K)] 417912K->358520K(572416K), 0.0033891 secs] [Times: user=0.01 sys=0.00, real=0.00 secs] 
328.721: [GC (Allocation Failure) [PSYoungGen: 60736K->1344K(60928K)] 417912K->358520K(572416K), 0.0025694 secs] [Times: user=0.01 sys=0.00, real=0.01 secs] 
329.195: [GC (Allocation Failure) [PSYoungGen: 60736K->1517K(60928K)] 417912K->358701K(572416K), 0.0017331 secs] [Times: user=0.00 sys=0.00, real=0.00 secs] 
329.542: [GC (Allocation Failure) [PSYoungGen: 60909K->1517K(60928K)] 418093K->358725K(572416K), 0.0015715 secs] [Times: user=0.01 sys=0.00, real=0.00 secs] 
329.888: [GC (Allocation Failure) [PSYoungGen: 60909K->1549K(61440K)] 418117K->358757K(572928K), 0.0018136 secs] [Times: user=0.01 sys=0.00, real=0.00 secs] 
330.234: [GC (Allocation Failure) [PSYoungGen: 60941K->496K(59904K)] 418149K->358728K(571392K), 0.0016588 secs] [Times: user=0.01 sys=0.00, real=0.00 secs] 
330.656: [GC (Allocation Failure) [PSYoungGen: 59888K->1360K(61440K)] 418120K->359600K(572928K), 0.0018326 secs] [Times: user=0.00 sys=0.00, real=0.00 secs] 
330.903: [GC (Allocation Failure) [PSYoungGen: 60752K->1424K(60928K)] 418992K->359664K(572416K), 0.0018376 secs] [Times: user=0.01 sys=0.00, real=0.00 secs] 
331.150: [GC (Allocation Failure) [PSYoungGen: 60816K->1440K(60928K)] 419056K->359680K(572416K), 0.0017648 secs] [Times: user=0.00 sys=0.00, real=0.00 secs] 
331.397: [GC (Allocation Failure) [PSYoungGen: 60832K->1376K(60928K)] 419072K->359616K(572416K), 0.0018239 secs] [Times: user=0.01 sys=0.00, real=0.00 secs] 
331.643: [GC (Allocation Failure) [PSYoungGen: 60768K->1376K(60928K)] 419008K->359616K(572416K), 0.0019299 secs] [Times: user=0.01 sys=0.00, real=0.00 secs] 
332.001: [GC (Allocation Failure) [PSYoungGen: 60746K->1517K(60928K)] 418987K->359797K(572416K), 0.0015431 secs] [Times: user=0.00 sys=0.00, real=0.01 secs] 
332.349: [GC (Allocation Failure) [PSYoungGen: 60909K->1517K(60928K)] 419189K->359813K(572416K), 0.0016653 secs] [Times: user=0.00 sys=0.00, real=0.00 secs] 
332.702: [GC (Allocation Failure) [PSYoungGen: 60899K->1520K(60928K)] 419196K->359824K(572416K), 0.0016219 secs] [Times: user=0.01 sys=0.00, real=0.01 secs] 
333.048: [GC (Allocation Failure) [PSYoungGen: 60912K->1485K(60928K)] 419216K->359789K(572416K), 0.0018446 secs] [Times: user=0.00 sys=0.00, real=0.00 secs] 
333.338: [GC (Allocation Failure) [PSYoungGen: 60877K->1440K(60928K)] 419181K->359744K(572416K), 0.0015277 secs] [Times: user=0.00 sys=0.00, real=0.00 secs] 
333.614: [GC (Allocation Failure) [PSYoungGen: 60832K->1440K(60928K)] 419136K->359744K(572416K), 0.0016537 secs] [Times: user=0.00 sys=0.00, real=0.00 secs] 
333.860: [GC (Allocation Failure) [PSYoungGen: 60832K->1440K(60928K)] 419136K->359768K(572416K), 0.0017291 secs] [Times: user=0.00 sys=0.00, real=0.01 secs] 
334.114: [GC (Allocation Failure) [PSYoungGen: 60832K->1408K(60928K)] 419160K->359736K(572416K), 0.0026708 secs] [Times: user=0.01 sys=0.00, real=0.00 secs] 
334.518: [GC (Allocation Failure) [PSYoungGen: 60800K->1485K(60928K)] 419128K->359813K(572416K), 0.0019640 secs] [Times: user=0.01 sys=0.00, real=0.00 secs] 
334.875: [GC (Allocation Failure) [PSYoungGen: 60877K->1581K(61440K)] 419205K->359909K(572928K), 0.0016883 secs] [Times: user=0.01 sys=0.00, real=0.00 secs] 
335.222: [GC (Allocation Failure) [PSYoungGen: 60973K->560K(60416K)] 419301K->359936K(571904K), 0.0017778 secs] [Times: user=0.01 sys=0.00, real=0.00 secs] 
335.574: [GC (Allocation Failure) [PSYoungGen: 59952K->493K(59904K)] 419328K->359869K(571392K), 0.0016641 secs] [Times: user=0.01 sys=0.00, real=0.00 secs] 
335.920: [GC (Allocation Failure) [PSYoungGen: 59885K->493K(59904K)] 419261K->359877K(571392K), 0.0017890 secs] [Times: user=0.00 sys=0.00, real=0.00 secs] 
337.341: [GC (Allocation Failure) [PSYoungGen: 59885K->1408K(61952K)] 419269K->360792K(573440K), 0.0036924 secs] [Times: user=0.02 sys=0.00, real=0.01 secs] 
337.820: [GC (Allocation Failure) [PSYoungGen: 60800K->1344K(60928K)] 420184K->360728K(572416K), 0.0025094 secs] [Times: user=0.01 sys=0.00, real=0.01 secs] 
338.322: [GC (Allocation Failure) [PSYoungGen: 60736K->1376K(60928K)] 420120K->360760K(572416K), 0.0025072 secs] [Times: user=0.01 sys=0.00, real=0.00 secs] 
339.145: [GC (Allocation Failure) [PSYoungGen: 60768K->1344K(60928K)] 420152K->360728K(572416K), 0.0030216 secs] [Times: user=0.01 sys=0.00, real=0.00 secs] 
340.097: [GC (Allocation Failure) [PSYoungGen: 60704K->1517K(60928K)] 420089K->360901K(572416K), 0.0022648 secs] [Times: user=0.01 sys=0.00, real=0.00 secs] 
340.556: [GC (Allocation Failure) [PSYoungGen: 60909K->1520K(60928K)] 420293K->360912K(572416K), 0.0017683 secs] [Times: user=0.00 sys=0.00, real=0.00 secs] 
340.904: [GC (Allocation Failure) [PSYoungGen: 60912K->1549K(61440K)] 420304K->360957K(572928K), 0.0019564 secs] [Times: user=0.01 sys=0.00, real=0.00 secs] 
341.309: [GC (Allocation Failure) [PSYoungGen: 60941K->528K(60416K)] 420349K->360960K(571904K), 0.0016668 secs] [Times: user=0.01 sys=0.00, real=0.00 secs] 
341.683: [GC (Allocation Failure) [PSYoungGen: 59920K->2032K(61440K)] 420352K->362464K(572928K), 0.0021077 secs] [Times: user=0.01 sys=0.00, real=0.00 secs] 
342.114: [GC (Allocation Failure) [PSYoungGen: 61424K->1392K(60928K)] 421856K->361824K(572416K), 0.0024516 secs] [Times: user=0.01 sys=0.00, real=0.00 secs] 
342.588: [GC (Allocation Failure) [PSYoungGen: 60784K->1376K(60928K)] 421216K->361808K(572416K), 0.0024229 secs] [Times: user=0.01 sys=0.00, real=0.00 secs] 
343.104: [GC (Allocation Failure) [PSYoungGen: 60768K->1344K(60928K)] 421200K->361776K(572416K), 0.0023654 secs] [Times: user=0.01 sys=0.00, real=0.00 secs] 
343.697: [GC (Allocation Failure) [PSYoungGen: 60736K->1344K(60928K)] 421168K->361776K(572416K), 0.0029732 secs] [Times: user=0.01 sys=0.00, real=0.00 secs] 
344.276: [GC (Allocation Failure) [PSYoungGen: 60712K->1453K(60928K)] 421145K->361885K(572416K), 0.0016566 secs] [Times: user=0.01 sys=0.00, real=0.00 secs] 
344.622: [GC (Allocation Failure) [PSYoungGen: 60845K->1584K(61440K)] 421277K->362016K(572928K), 0.0018011 secs] [Times: user=0.01 sys=0.00, real=0.01 secs] 
344.967: [GC (Allocation Failure) [PSYoungGen: 60976K->560K(60416K)] 421408K->362024K(571904K), 0.0017611 secs] [Times: user=0.00 sys=0.00, real=0.00 secs] 
345.314: [GC (Allocation Failure) [PSYoungGen: 59952K->589K(60416K)] 421416K->362053K(571904K), 0.0016470 secs] [Times: user=0.01 sys=0.00, real=0.00 secs] 
346.043: [GC (Allocation Failure) [PSYoungGen: 59981K->1472K(60928K)] 421445K->362944K(572416K), 0.0033249 secs] [Times: user=0.01 sys=0.00, real=0.00 secs] 
347.194: [GC (Allocation Failure) [PSYoungGen: 60864K->1344K(60928K)] 422336K->362840K(572416K), 0.0028744 secs] [Times: user=0.02 sys=0.00, real=0.00 secs] 
347.726: [GC (Allocation Failure) [PSYoungGen: 60736K->1408K(60928K)] 422232K->362904K(572416K), 0.0028771 secs] [Times: user=0.01 sys=0.00, real=0.00 secs] 
348.222: [GC (Allocation Failure) [PSYoungGen: 60800K->1376K(60928K)] 422296K->362872K(572416K), 0.0036432 secs] [Times: user=0.01 sys=0.00, real=0.01 secs] 
348.709: [GC (Allocation Failure) [PSYoungGen: 60768K->1376K(60928K)] 422264K->362872K(572416K), 0.0025325 secs] [Times: user=0.01 sys=0.00, real=0.00 secs] 
349.273: [GC (Allocation Failure) [PSYoungGen: 60768K->1549K(61440K)] 422264K->363045K(572928K), 0.0017199 secs] [Times: user=0.01 sys=0.00, real=0.00 secs] 
349.683: [GC (Allocation Failure) [PSYoungGen: 60941K->528K(60416K)] 422437K->363056K(571904K), 0.0016838 secs] [Times: user=0.01 sys=0.00, real=0.00 secs] 
350.083: [GC (Allocation Failure) [PSYoungGen: 59920K->557K(60416K)] 422448K->363085K(571904K), 0.0017877 secs] [Times: user=0.01 sys=0.00, real=0.00 secs] 
350.495: [GC (Allocation Failure) [PSYoungGen: 59949K->525K(60416K)] 422477K->363053K(571904K), 0.0018294 secs] [Times: user=0.01 sys=0.00, real=0.00 secs] 
350.888: [GC (Allocation Failure) [PSYoungGen: 59917K->1488K(60928K)] 422445K->364016K(572416K), 0.0021566 secs] [Times: user=0.01 sys=0.00, real=0.00 secs] 
351.219: [GC (Allocation Failure) [PSYoungGen: 60880K->1376K(60928K)] 423408K->363904K(572416K), 0.0026769 secs] [Times: user=0.01 sys=0.00, real=0.00 secs] 
351.851: [GC (Allocation Failure) [PSYoungGen: 60768K->1408K(60928K)] 423296K->363936K(572416K), 0.0025262 secs] [Times: user=0.01 sys=0.00, real=0.01 secs] 
352.459: [GC (Allocation Failure) [PSYoungGen: 60800K->1408K(60928K)] 423328K->363936K(572416K), 0.0040259 secs] [Times: user=0.01 sys=0.01, real=0.01 secs] 
353.034: [GC (Allocation Failure) [PSYoungGen: 60800K->1408K(60928K)] 423328K->363936K(572416K), 0.0032614 secs] [Times: user=0.01 sys=0.00, real=0.00 secs] 
353.568: [GC (Allocation Failure) [PSYoungGen: 60800K->1424K(60928K)] 423328K->363952K(572416K), 0.0017008 secs] [Times: user=0.01 sys=0.01, real=0.00 secs] 
353.924: [GC (Allocation Failure) [PSYoungGen: 60791K->1517K(60928K)] 423320K->364069K(572416K), 0.0017877 secs] [Times: user=0.01 sys=0.00, real=0.00 secs] 
354.271: [GC (Allocation Failure) [PSYoungGen: 60909K->1568K(61440K)] 423461K->364120K(572928K), 0.0016427 secs] [Times: user=0.00 sys=0.00, real=0.01 secs] 
354.616: [GC (Allocation Failure) [PSYoungGen: 60960K->1549K(61440K)] 423512K->364101K(572928K), 0.0017239 secs] [Times: user=0.01 sys=0.00, real=0.00 secs] 
354.945: [GC (Allocation Failure) [PSYoungGen: 60941K->1488K(60928K)] 423493K->364040K(572416K), 0.0018177 secs] [Times: user=0.00 sys=0.00, real=0.00 secs] 
355.192: [GC (Allocation Failure) [PSYoungGen: 60880K->1408K(60928K)] 423432K->363960K(572416K), 0.0018668 secs] [Times: user=0.01 sys=0.00, real=0.00 secs] 
355.439: [GC (Allocation Failure) [PSYoungGen: 60800K->1376K(60928K)] 423352K->363952K(572416K), 0.0018752 secs] [Times: user=0.01 sys=0.00, real=0.00 secs] 
355.686: [GC (Allocation Failure) [PSYoungGen: 60768K->1376K(60928K)] 423344K->363952K(572416K), 0.0018133 secs] [Times: user=0.01 sys=0.00, real=0.00 secs] 
355.932: [GC (Allocation Failure) [PSYoungGen: 60768K->1344K(60928K)] 423344K->363920K(572416K), 0.0017696 secs] [Times: user=0.01 sys=0.00, real=0.00 secs] 
356.284: [GC (Allocation Failure) [PSYoungGen: 60736K->1501K(60928K)] 423312K->364077K(572416K), 0.0016319 secs] [Times: user=0.01 sys=0.00, real=0.00 secs] 
356.631: [GC (Allocation Failure) [PSYoungGen: 60893K->1485K(60928K)] 423469K->364077K(572416K), 0.0015565 secs] [Times: user=0.01 sys=0.00, real=0.01 secs] 
356.976: [GC (Allocation Failure) [PSYoungGen: 60877K->1485K(60928K)] 423469K->364077K(572416K), 0.0017112 secs] [Times: user=0.01 sys=0.00, real=0.00 secs] 
357.324: [GC (Allocation Failure) [PSYoungGen: 60877K->1520K(60928K)] 423469K->364152K(572416K), 0.0015728 secs] [Times: user=0.01 sys=0.00, real=0.00 secs] 
357.640: [GC (Allocation Failure) [PSYoungGen: 60912K->1408K(60928K)] 423544K->364040K(572416K), 0.0018367 secs] [Times: user=0.01 sys=0.00, real=0.00 secs] 
357.887: [GC (Allocation Failure) [PSYoungGen: 60800K->1376K(60928K)] 423432K->364008K(572416K), 0.0017993 secs] [Times: user=0.01 sys=0.00, real=0.00 secs] 
358.147: [GC (Allocation Failure) [PSYoungGen: 60768K->1344K(60928K)] 423400K->363992K(572416K), 0.0020763 secs] [Times: user=0.01 sys=0.00, real=0.00 secs] 
358.395: [GC (Allocation Failure) [PSYoungGen: 60736K->1344K(60928K)] 423384K->363992K(572416K), 0.0020490 secs] [Times: user=0.00 sys=0.00, real=0.00 secs] 
358.668: [GC (Allocation Failure) [PSYoungGen: 60633K->256K(59904K)] 423282K->362904K(571392K), 0.0021840 secs] [Times: user=0.00 sys=0.00, real=0.00 secs] 
359.032: [GC (Allocation Failure) [PSYoungGen: 59648K->1517K(60928K)] 422296K->364165K(572416K), 0.0015893 secs] [Times: user=0.01 sys=0.00, real=0.00 secs] 
359.377: [GC (Allocation Failure) [PSYoungGen: 60909K->1517K(60928K)] 423557K->364173K(572416K), 0.0017223 secs] [Times: user=0.01 sys=0.00, real=0.00 secs] 
359.723: [GC (Allocation Failure) [PSYoungGen: 60909K->1517K(60928K)] 423565K->364181K(572416K), 0.0015697 secs] [Times: user=0.01 sys=0.00, real=0.00 secs] 
360.070: [GC (Allocation Failure) [PSYoungGen: 60909K->1549K(61440K)] 423573K->364213K(572928K), 0.0017435 secs] [Times: user=0.01 sys=0.00, real=0.00 secs] 
360.365: [GC (Allocation Failure) [PSYoungGen: 60941K->352K(59904K)] 423605K->364040K(571392K), 0.0018516 secs] [Times: user=0.01 sys=0.00, real=0.00 secs] 
360.612: [GC (Allocation Failure) [PSYoungGen: 59744K->352K(61952K)] 423432K->364040K(573440K), 0.0014971 secs] [Times: user=0.01 sys=0.00, real=0.00 secs] 
360.858: [GC (Allocation Failure) [PSYoungGen: 59744K->336K(59904K)] 423432K->364024K(571392K), 0.0018283 secs] [Times: user=0.00 sys=0.00, real=0.00 secs] 
361.105: [GC (Allocation Failure) [PSYoungGen: 59728K->384K(61952K)] 423416K->364072K(573440K), 0.0016984 secs] [Times: user=0.01 sys=0.00, real=0.00 secs] 
361.376: [GC (Allocation Failure) [PSYoungGen: 59776K->1488K(60928K)] 423464K->365176K(572416K), 0.0016474 secs] [Times: user=0.01 sys=0.00, real=0.00 secs] 
361.725: [GC (Allocation Failure) [PSYoungGen: 60874K->1549K(61440K)] 424563K->365238K(572928K), 0.0016774 secs] [Times: user=0.00 sys=0.00, real=0.00 secs] 
362.072: [GC (Allocation Failure) [PSYoungGen: 60941K->1568K(61440K)] 424630K->365272K(572928K), 0.0015904 secs] [Times: user=0.01 sys=0.00, real=0.00 secs] 
362.418: [GC (Allocation Failure) [PSYoungGen: 60960K->1565K(61440K)] 424664K->365269K(572928K), 0.0016685 secs] [Times: user=0.01 sys=0.00, real=0.00 secs] 
362.771: [GC (Allocation Failure) [PSYoungGen: 60957K->1504K(60928K)] 424661K->365208K(572416K), 0.0017008 secs] [Times: user=0.00 sys=0.00, real=0.01 secs] 
363.022: [GC (Allocation Failure) [PSYoungGen: 60896K->1408K(60928K)] 424600K->365112K(572416K), 0.0016427 secs] [Times: user=0.01 sys=0.00, real=0.00 secs] 
363.354: [GC (Allocation Failure) [PSYoungGen: 60800K->1344K(60928K)] 424504K->365048K(572416K), 0.0023198 secs] [Times: user=0.00 sys=0.01, real=0.00 secs] 
363.654: [GC (Allocation Failure) [PSYoungGen: 60736K->1408K(60928K)] 424440K->365136K(572416K), 0.0023644 secs] [Times: user=0.01 sys=0.00, real=0.00 secs] 
363.905: [GC (Allocation Failure) [PSYoungGen: 60800K->1376K(60928K)] 424528K->365104K(572416K), 0.0027519 secs] [Times: user=0.01 sys=0.00, real=0.00 secs] 
364.380: [GC (Allocation Failure) [PSYoungGen: 60739K->1485K(60928K)] 424468K->365214K(572416K), 0.0017164 secs] [Times: user=0.00 sys=0.00, real=0.01 secs] 
364.792: [GC (Allocation Failure) [PSYoungGen: 60877K->1549K(61440K)] 424606K->365278K(572928K), 0.0016880 secs] [Times: user=0.01 sys=0.00, real=0.00 secs] 
365.138: [GC (Allocation Failure) [PSYoungGen: 60941K->1517K(60928K)] 424670K->365253K(572416K), 0.0017525 secs] [Times: user=0.00 sys=0.00, real=0.00 secs] 
365.488: [GC (Allocation Failure) [PSYoungGen: 60909K->1552K(61440K)] 424645K->365288K(572928K), 0.0018171 secs] [Times: user=0.00 sys=0.00, real=0.00 secs] 
365.819: [GC (Allocation Failure) [PSYoungGen: 60944K->1456K(60928K)] 424680K->365192K(572416K), 0.0022050 secs] [Times: user=0.01 sys=0.00, real=0.00 secs] 
366.122: [GC (Allocation Failure) [PSYoungGen: 60848K->1408K(60928K)] 424584K->365144K(572416K), 0.0022870 secs] [Times: user=0.00 sys=0.00, real=0.01 secs] 
366.413: [GC (Allocation Failure) [PSYoungGen: 60800K->1376K(60928K)] 424536K->365112K(572416K), 0.0022088 secs] [Times: user=0.01 sys=0.00, real=0.00 secs] 
366.685: [GC (Allocation Failure) [PSYoungGen: 60768K->1408K(60928K)] 424504K->365144K(572416K), 0.0019269 secs] [Times: user=0.01 sys=0.00, real=0.00 secs] 
366.931: [GC (Allocation Failure) [PSYoungGen: 60800K->1376K(60928K)] 424536K->365112K(572416K), 0.0021071 secs] [Times: user=0.01 sys=0.00, real=0.01 secs] 
367.388: [GC (Allocation Failure) [PSYoungGen: 60768K->1517K(60928K)] 424504K->365254K(572416K), 0.0016578 secs] [Times: user=0.01 sys=0.00, real=0.00 secs] 
367.735: [GC (Allocation Failure) [PSYoungGen: 60909K->1581K(61440K)] 424646K->365334K(572928K), 0.0016552 secs] [Times: user=0.01 sys=0.00, real=0.00 secs] 
368.083: [GC (Allocation Failure) [PSYoungGen: 60973K->493K(59904K)] 424726K->365269K(571392K), 0.0018495 secs] [Times: user=0.01 sys=0.00, real=0.00 secs] 
368.470: [GC (Allocation Failure) [PSYoungGen: 59875K->525K(60416K)] 424651K->365301K(571904K), 0.0015883 secs] [Times: user=0.01 sys=0.00, real=0.00 secs] 
369.567: [GC (Allocation Failure) [PSYoungGen: 59917K->1504K(60928K)] 424693K->366280K(572416K), 0.0046879 secs] [Times: user=0.01 sys=0.00, real=0.00 secs] 
369.894: [GC (Allocation Failure) [PSYoungGen: 60896K->1408K(60928K)] 425672K->366184K(572416K), 0.0020777 secs] [Times: user=0.01 sys=0.00, real=0.00 secs] 
370.141: [GC (Allocation Failure) [PSYoungGen: 60800K->1376K(60928K)] 425576K->366152K(572416K), 0.0020409 secs] [Times: user=0.01 sys=0.00, real=0.01 secs] 
370.388: [GC (Allocation Failure) [PSYoungGen: 60768K->1408K(60928K)] 425544K->366184K(572416K), 0.0019709 secs] [Times: user=0.01 sys=0.00, real=0.00 secs] 
370.634: [GC (Allocation Failure) [PSYoungGen: 60800K->1344K(60928K)] 425576K->366120K(572416K), 0.0018444 secs] [Times: user=0.01 sys=0.00, real=0.00 secs] 
370.972: [GC (Allocation Failure) [PSYoungGen: 60736K->1549K(61440K)] 425512K->366334K(572928K), 0.0017506 secs] [Times: user=0.01 sys=0.00, real=0.01 secs] 
371.320: [GC (Allocation Failure) [PSYoungGen: 60941K->557K(60416K)] 425726K->366382K(571904K), 0.0016662 secs] [Times: user=0.01 sys=0.00, real=0.00 secs] 
371.666: [GC (Allocation Failure) [PSYoungGen: 59949K->557K(60416K)] 425774K->366390K(571904K), 0.0016726 secs] [Times: user=0.00 sys=0.00, real=0.00 secs] 
372.012: [GC (Allocation Failure) [PSYoungGen: 59949K->525K(60416K)] 425782K->366358K(571904K), 0.0016623 secs] [Times: user=0.01 sys=0.00, real=0.00 secs] 
372.347: [GC (Allocation Failure) [PSYoungGen: 59917K->1424K(60928K)] 425750K->367256K(572416K), 0.0018699 secs] [Times: user=0.01 sys=0.01, real=0.00 secs] 
372.594: [GC (Allocation Failure) [PSYoungGen: 60816K->1392K(60928K)] 426648K->367224K(572416K), 0.0017987 secs] [Times: user=0.01 sys=0.00, real=0.00 secs] 
373.002: [GC (Allocation Failure) [PSYoungGen: 60784K->1440K(60928K)] 426616K->367272K(572416K), 0.0020640 secs] [Times: user=0.00 sys=0.00, real=0.01 secs] 
373.494: [GC (Allocation Failure) [PSYoungGen: 60832K->1376K(60928K)] 426664K->367216K(572416K), 0.0020400 secs] [Times: user=0.01 sys=0.00, real=0.00 secs] 
374.057: [GC (Allocation Failure) [PSYoungGen: 60768K->1408K(60928K)] 426608K->367248K(572416K), 0.0021110 secs] [Times: user=0.01 sys=0.00, real=0.00 secs] 
374.473: [GC (Allocation Failure) [PSYoungGen: 60800K->1549K(61440K)] 426640K->367398K(572928K), 0.0016587 secs] [Times: user=0.01 sys=0.00, real=0.00 secs] 
374.824: [GC (Allocation Failure) [PSYoungGen: 60941K->1552K(61440K)] 426790K->367432K(572928K), 0.0017384 secs] [Times: user=0.00 sys=0.00, real=0.00 secs] 
375.172: [GC (Allocation Failure) [PSYoungGen: 60944K->1517K(60928K)] 426824K->367398K(572416K), 0.0017592 secs] [Times: user=0.00 sys=0.00, real=0.01 secs] 
375.518: [GC (Allocation Failure) [PSYoungGen: 60909K->1581K(61440K)] 426790K->367462K(572928K), 0.0017150 secs] [Times: user=0.01 sys=0.00, real=0.00 secs] 
376.256: [GC (Allocation Failure) [PSYoungGen: 60973K->1472K(60928K)] 426854K->367352K(572416K), 0.0022223 secs] [Times: user=0.01 sys=0.00, real=0.00 secs] 
376.503: [GC (Allocation Failure) [PSYoungGen: 60864K->1376K(60928K)] 426744K->367256K(572416K), 0.0021395 secs] [Times: user=0.01 sys=0.00, real=0.00 secs] 
376.750: [GC (Allocation Failure) [PSYoungGen: 60768K->1344K(60928K)] 426648K->367232K(572416K), 0.0021936 secs] [Times: user=0.01 sys=0.00, real=0.01 secs] 
376.997: [GC (Allocation Failure) [PSYoungGen: 60736K->1376K(60928K)] 426624K->367264K(572416K), 0.0020775 secs] [Times: user=0.01 sys=0.00, real=0.00 secs] 
377.244: [GC (Allocation Failure) [PSYoungGen: 60768K->1360K(60928K)] 426656K->367248K(572416K), 0.0017779 secs] [Times: user=0.00 sys=0.00, real=0.00 secs] 
377.616: [GC (Allocation Failure) [PSYoungGen: 60752K->1581K(61440K)] 426640K->367478K(572928K), 0.0017075 secs] [Times: user=0.01 sys=0.00, real=0.00 secs] 
377.964: [GC (Allocation Failure) [PSYoungGen: 60973K->592K(60416K)] 426870K->367520K(571904K), 0.0017953 secs] [Times: user=0.00 sys=0.00, real=0.00 secs] 
378.311: [GC (Allocation Failure) [PSYoungGen: 59984K->525K(60416K)] 426912K->367454K(571904K), 0.0017018 secs] [Times: user=0.00 sys=0.00, real=0.01 secs] 
378.659: [GC (Allocation Failure) [PSYoungGen: 59917K->557K(60416K)] 426846K->367486K(571904K), 0.0017825 secs] [Times: user=0.00 sys=0.00, real=0.00 secs] 
379.109: [GC (Allocation Failure) [PSYoungGen: 59949K->1408K(60928K)] 426878K->368336K(572416K), 0.0019485 secs] [Times: user=0.01 sys=0.00, real=0.00 secs] 
379.699: [GC (Allocation Failure) [PSYoungGen: 60800K->1392K(60928K)] 427728K->368320K(572416K), 0.0039125 secs] [Times: user=0.01 sys=0.00, real=0.01 secs] 
380.283: [GC (Allocation Failure) [PSYoungGen: 60784K->1408K(60928K)] 427712K->368336K(572416K), 0.0035723 secs] [Times: user=0.01 sys=0.00, real=0.00 secs] 
380.829: [GC (Allocation Failure) [PSYoungGen: 60800K->1392K(60928K)] 427728K->368320K(572416K), 0.0042008 secs] [Times: user=0.02 sys=0.00, real=0.01 secs] 
381.418: [GC (Allocation Failure) [PSYoungGen: 60760K->1437K(60928K)] 427688K->368366K(572416K), 0.0024571 secs] [Times: user=0.01 sys=0.00, real=0.00 secs] 
381.800: [GC (Allocation Failure) [PSYoungGen: 60829K->1520K(60928K)] 427758K->368448K(572416K), 0.0016930 secs] [Times: user=0.00 sys=0.00, real=0.00 secs] 
382.149: [GC (Allocation Failure) [PSYoungGen: 60912K->1584K(61440K)] 427840K->368528K(572928K), 0.0018246 secs] [Times: user=0.00 sys=0.00, real=0.00 secs] 
382.496: [GC (Allocation Failure) [PSYoungGen: 60976K->557K(60416K)] 427920K->368526K(571904K), 0.0016437 secs] [Times: user=0.01 sys=0.00, real=0.00 secs] 
382.842: [GC (Allocation Failure) [PSYoungGen: 59949K->525K(60416K)] 427918K->368494K(571904K), 0.0015904 secs] [Times: user=0.01 sys=0.00, real=0.00 secs] 
383.350: [GC (Allocation Failure) [PSYoungGen: 59917K->1408K(60928K)] 427886K->369376K(572416K), 0.0018623 secs] [Times: user=0.01 sys=0.00, real=0.01 secs] 
383.675: [GC (Allocation Failure) [PSYoungGen: 60800K->1344K(60928K)] 428768K->369312K(572416K), 0.0029761 secs] [Times: user=0.01 sys=0.00, real=0.00 secs] 
383.923: [GC (Allocation Failure) [PSYoungGen: 60736K->1376K(60928K)] 428704K->369352K(572416K), 0.0024709 secs] [Times: user=0.01 sys=0.00, real=0.00 secs] 
384.171: [GC (Allocation Failure) [PSYoungGen: 60768K->1408K(60928K)] 428744K->369384K(572416K), 0.0020222 secs] [Times: user=0.01 sys=0.00, real=0.01 secs] 
384.478: [GC (Allocation Failure) [PSYoungGen: 60779K->1469K(60928K)] 428755K->369446K(572416K), 0.0017220 secs] [Times: user=0.00 sys=0.00, real=0.00 secs] 
384.833: [GC (Allocation Failure) [PSYoungGen: 60861K->1565K(61440K)] 428838K->369542K(572928K), 0.0016161 secs] [Times: user=0.00 sys=0.00, real=0.00 secs] 
385.179: [GC (Allocation Failure) [PSYoungGen: 60957K->1485K(60928K)] 428934K->369486K(572416K), 0.0016277 secs] [Times: user=0.01 sys=0.00, real=0.00 secs] 
385.526: [GC (Allocation Failure) [PSYoungGen: 60877K->1485K(60928K)] 428878K->369486K(572416K), 0.0017761 secs] [Times: user=0.01 sys=0.00, real=0.00 secs] 
385.883: [GC (Allocation Failure) [PSYoungGen: 60877K->2016K(61440K)] 428878K->370016K(572928K), 0.0019281 secs] [Times: user=0.01 sys=0.00, real=0.00 secs] 
386.211: [GC (Allocation Failure) [PSYoungGen: 61408K->1344K(60928K)] 429408K->369344K(572416K), 0.0018815 secs] [Times: user=0.01 sys=0.00, real=0.01 secs] 
386.642: [GC (Allocation Failure) [PSYoungGen: 60736K->1376K(60928K)] 428736K->369376K(572416K), 0.0020277 secs] [Times: user=0.01 sys=0.00, real=0.01 secs] 
387.131: [GC (Allocation Failure) [PSYoungGen: 60768K->1376K(60928K)] 428768K->369376K(572416K), 0.0032712 secs] [Times: user=0.01 sys=0.00, real=0.01 secs] 
387.625: [GC (Allocation Failure) [PSYoungGen: 60768K->1344K(60928K)] 428768K->369344K(572416K), 0.0043227 secs] [Times: user=0.02 sys=0.00, real=0.00 secs] 
388.226: [GC (Allocation Failure) [PSYoungGen: 60736K->1440K(60928K)] 428736K->369440K(572416K), 0.0015909 secs] [Times: user=0.01 sys=0.00, real=0.00 secs] 
388.576: [GC (Allocation Failure) [PSYoungGen: 60832K->1517K(60928K)] 428832K->369518K(572416K), 0.0016064 secs] [Times: user=0.01 sys=0.00, real=0.00 secs] 
388.923: [GC (Allocation Failure) [PSYoungGen: 60909K->1488K(60928K)] 428910K->369504K(572416K), 0.0016833 secs] [Times: user=0.01 sys=0.00, real=0.00 secs] 
389.270: [GC (Allocation Failure) [PSYoungGen: 60880K->1517K(60928K)] 428896K->369534K(572416K), 0.0015999 secs] [Times: user=0.01 sys=0.00, real=0.01 secs] 
389.603: [GC (Allocation Failure) [PSYoungGen: 60909K->1424K(60928K)] 428926K->369448K(572416K), 0.0016991 secs] [Times: user=0.01 sys=0.00, real=0.00 secs] 
389.850: [GC (Allocation Failure) [PSYoungGen: 60816K->1344K(61440K)] 428840K->369368K(572928K), 0.0014788 secs] [Times: user=0.00 sys=0.00, real=0.00 secs] 
390.096: [GC (Allocation Failure) [PSYoungGen: 60736K->1360K(61440K)] 428760K->369384K(572928K), 0.0014616 secs] [Times: user=0.01 sys=0.00, real=0.00 secs] 
390.342: [GC (Allocation Failure) [PSYoungGen: 60752K->1376K(61440K)] 428776K->369400K(572928K), 0.0015421 secs] [Times: user=0.00 sys=0.00, real=0.01 secs] 
390.588: [GC (Allocation Failure) [PSYoungGen: 60768K->1408K(61440K)] 428792K->369432K(572928K), 0.0015240 secs] [Times: user=0.01 sys=0.00, real=0.00 secs] 
390.908: [GC (Allocation Failure) [PSYoungGen: 60800K->1453K(61440K)] 428824K->369478K(572928K), 0.0015017 secs] [Times: user=0.01 sys=0.00, real=0.00 secs] 
391.314: [GC (Allocation Failure) [PSYoungGen: 60832K->1581K(61440K)] 428857K->369622K(572928K), 0.0016497 secs] [Times: user=0.01 sys=0.00, real=0.00 secs] 
391.663: [GC (Allocation Failure) [PSYoungGen: 60973K->1549K(61440K)] 429014K->369590K(572928K), 0.0016967 secs] [Times: user=0.01 sys=0.00, real=0.00 secs] 
392.070: [GC (Allocation Failure) [PSYoungGen: 60941K->1549K(61440K)] 428982K->369590K(572928K), 0.0016111 secs] [Times: user=0.01 sys=0.00, real=0.00 secs] 
393.291: [GC (Allocation Failure) [PSYoungGen: 60941K->1440K(61440K)] 428982K->369480K(572928K), 0.0042141 secs] [Times: user=0.01 sys=0.00, real=0.01 secs] 
393.937: [GC (Allocation Failure) [PSYoungGen: 60832K->1376K(61440K)] 428872K->369416K(572928K), 0.0022680 secs] [Times: user=0.01 sys=0.00, real=0.00 secs] 
394.256: [GC (Allocation Failure) [PSYoungGen: 60768K->1344K(61440K)] 428808K->369384K(572928K), 0.0020542 secs] [Times: user=0.01 sys=0.00, real=0.00 secs] 
394.503: [GC (Allocation Failure) [PSYoungGen: 60736K->1376K(61440K)] 428776K->369416K(572928K), 0.0020078 secs] [Times: user=0.00 sys=0.00, real=0.00 secs] 
394.807: [GC (Allocation Failure) [PSYoungGen: 60768K->1408K(61440K)] 428808K->369448K(572928K), 0.0017935 secs] [Times: user=0.01 sys=0.00, real=0.00 secs] 
395.183: [GC (Allocation Failure) [PSYoungGen: 60800K->1517K(61440K)] 428840K->369582K(572928K), 0.0015785 secs] [Times: user=0.00 sys=0.00, real=0.00 secs] 
395.530: [GC (Allocation Failure) [PSYoungGen: 60909K->1549K(61440K)] 428974K->369630K(572928K), 0.0015630 secs] [Times: user=0.00 sys=0.00, real=0.00 secs] 
395.879: [GC (Allocation Failure) [PSYoungGen: 60941K->1584K(61440K)] 429022K->369664K(572928K), 0.0018664 secs] [Times: user=0.00 sys=0.00, real=0.00 secs] 
396.287: [GC (Allocation Failure) [PSYoungGen: 60976K->1485K(61440K)] 429056K->369566K(572928K), 0.0016412 secs] [Times: user=0.01 sys=0.00, real=0.00 secs] 
397.145: [GC (Allocation Failure) [PSYoungGen: 60877K->1424K(61440K)] 428958K->369504K(572928K), 0.0036951 secs] [Times: user=0.01 sys=0.00, real=0.00 secs] 
397.679: [GC (Allocation Failure) [PSYoungGen: 60816K->1344K(61440K)] 428896K->369424K(572928K), 0.0026804 secs] [Times: user=0.01 sys=0.00, real=0.01 secs] 
398.165: [GC (Allocation Failure) [PSYoungGen: 60736K->1376K(61440K)] 428816K->369456K(572928K), 0.0030914 secs] [Times: user=0.01 sys=0.00, real=0.00 secs] 
398.660: [GC (Allocation Failure) [PSYoungGen: 60768K->1376K(61440K)] 428848K->369456K(572928K), 0.0031214 secs] [Times: user=0.02 sys=0.00, real=0.01 secs] 
398.942: [GC (Allocation Failure) [PSYoungGen: 60768K->1376K(61440K)] 428848K->369456K(572928K), 0.0021223 secs] [Times: user=0.01 sys=0.00, real=0.01 secs] 
399.327: [GC (Allocation Failure) [PSYoungGen: 60768K->1485K(61440K)] 428848K->369566K(572928K), 0.0016890 secs] [Times: user=0.01 sys=0.00, real=0.00 secs] 
399.675: [GC (Allocation Failure) [PSYoungGen: 60867K->1549K(61440K)] 428948K->369646K(572928K), 0.0015878 secs] [Times: user=0.00 sys=0.00, real=0.00 secs] 
400.023: [GC (Allocation Failure) [PSYoungGen: 60941K->1552K(61440K)] 429038K->369648K(572928K), 0.0015737 secs] [Times: user=0.00 sys=0.00, real=0.00 secs] 
400.370: [GC (Allocation Failure) [PSYoungGen: 60944K->1549K(61440K)] 429040K->369646K(572928K), 0.0015425 secs] [Times: user=0.00 sys=0.00, real=0.00 secs] 
401.614: [GC (Allocation Failure) [PSYoungGen: 60941K->1376K(61440K)] 429038K->369472K(572928K), 0.0032620 secs] [Times: user=0.01 sys=0.00, real=0.00 secs] 
401.861: [GC (Allocation Failure) [PSYoungGen: 60768K->1376K(61440K)] 428864K->369472K(572928K), 0.0019784 secs] [Times: user=0.01 sys=0.00, real=0.01 secs] 
402.158: [GC (Allocation Failure) [PSYoungGen: 60768K->1408K(61440K)] 428864K->369504K(572928K), 0.0018221 secs] [Times: user=0.01 sys=0.00, real=0.00 secs] 
402.405: [GC (Allocation Failure) [PSYoungGen: 60800K->1376K(61440K)] 428896K->369472K(572928K), 0.0018459 secs] [Times: user=0.01 sys=0.00, real=0.00 secs] 
402.670: [GC (Allocation Failure) [PSYoungGen: 60768K->1437K(61440K)] 428864K->369534K(572928K), 0.0020150 secs] [Times: user=0.01 sys=0.00, real=0.01 secs] 
403.034: [GC (Allocation Failure) [PSYoungGen: 60829K->1552K(61440K)] 428926K->369648K(572928K), 0.0016718 secs] [Times: user=0.01 sys=0.00, real=0.00 secs] 
403.381: [GC (Allocation Failure) [PSYoungGen: 60944K->1549K(61440K)] 429040K->369654K(572928K), 0.0015932 secs] [Times: user=0.01 sys=0.00, real=0.01 secs] 
403.728: [GC (Allocation Failure) [PSYoungGen: 60941K->1453K(61440K)] 429046K->369558K(572928K), 0.0017304 secs] [Times: user=0.01 sys=0.00, real=0.00 secs] 
404.074: [GC (Allocation Failure) [PSYoungGen: 60845K->1552K(61440K)] 428950K->369656K(572928K), 0.0015737 secs] [Times: user=0.01 sys=0.00, real=0.00 secs] 
404.562: [GC (Allocation Failure) [PSYoungGen: 60944K->1456K(61440K)] 429048K->369568K(572928K), 0.0017048 secs] [Times: user=0.01 sys=0.00, real=0.00 secs] 
405.055: [GC (Allocation Failure) [PSYoungGen: 60848K->1376K(61440K)] 428960K->369488K(572928K), 0.0015524 secs] [Times: user=0.01 sys=0.00, real=0.00 secs] 
405.398: [GC (Allocation Failure) [PSYoungGen: 60768K->1408K(61440K)] 428880K->369544K(572928K), 0.0020289 secs] [Times: user=0.01 sys=0.00, real=0.00 secs] 
405.645: [GC (Allocation Failure) [PSYoungGen: 60800K->1376K(61440K)] 428936K->369512K(572928K), 0.0018783 secs] [Times: user=0.01 sys=0.00, real=0.00 secs] 
405.991: [GC (Allocation Failure) [PSYoungGen: 60768K->1469K(61440K)] 428904K->369606K(572928K), 0.0014388 secs] [Times: user=0.01 sys=0.00, real=0.01 secs] 
406.340: [GC (Allocation Failure) [PSYoungGen: 60861K->1549K(61440K)] 428998K->369686K(572928K), 0.0016426 secs] [Times: user=0.01 sys=0.00, real=0.00 secs] 
406.686: [GC (Allocation Failure) [PSYoungGen: 60941K->1552K(61440K)] 429078K->369704K(572928K), 0.0015775 secs] [Times: user=0.00 sys=0.00, real=0.00 secs] 
407.033: [GC (Allocation Failure) [PSYoungGen: 60944K->1549K(61440K)] 429096K->369702K(572928K), 0.0015435 secs] [Times: user=0.01 sys=0.00, real=0.00 secs] 
407.432: [GC (Allocation Failure) [PSYoungGen: 60941K->1760K(61440K)] 429094K->369912K(572928K), 0.0026119 secs] [Times: user=0.01 sys=0.00, real=0.01 secs] 
408.057: [GC (Allocation Failure) [PSYoungGen: 61152K->1344K(61440K)] 429304K->369496K(572928K), 0.0017471 secs] [Times: user=0.01 sys=0.00, real=0.00 secs] 
408.647: [GC (Allocation Failure) [PSYoungGen: 60736K->1360K(61440K)] 428888K->369512K(572928K), 0.0028907 secs] [Times: user=0.01 sys=0.00, real=0.00 secs] 
408.887: [GC (Allocation Failure) [PSYoungGen: 60752K->1376K(61440K)] 428904K->369528K(572928K), 0.0018892 secs] [Times: user=0.00 sys=0.00, real=0.00 secs] 
409.176: [GC (Allocation Failure) [PSYoungGen: 60768K->1312K(61440K)] 428920K->369464K(572928K), 0.0019903 secs] [Times: user=0.01 sys=0.00, real=0.00 secs] 
409.762: [GC (Allocation Failure) [PSYoungGen: 60704K->1456K(61440K)] 428856K->369608K(572928K), 0.0015992 secs] [Times: user=0.01 sys=0.00, real=0.00 secs] 
410.110: [GC (Allocation Failure) [PSYoungGen: 60848K->1552K(61440K)] 429000K->369704K(572928K), 0.0016565 secs] [Times: user=0.01 sys=0.00, real=0.00 secs] 
410.455: [GC (Allocation Failure) [PSYoungGen: 60944K->1581K(61440K)] 429096K->369750K(572928K), 0.0015999 secs] [Times: user=0.00 sys=0.00, real=0.00 secs] 
410.802: [GC (Allocation Failure) [PSYoungGen: 60973K->1581K(61440K)] 429142K->369750K(572928K), 0.0015777 secs] [Times: user=0.00 sys=0.00, real=0.00 secs] 
411.315: [GC (Allocation Failure) [PSYoungGen: 60973K->1408K(61440K)] 429142K->369576K(572928K), 0.0020560 secs] [Times: user=0.00 sys=0.00, real=0.00 secs] 
411.957: [GC (Allocation Failure) [PSYoungGen: 60800K->1344K(61440K)] 428968K->369512K(572928K), 0.0022275 secs] [Times: user=0.01 sys=0.00, real=0.00 secs] 
412.570: [GC (Allocation Failure) [PSYoungGen: 60736K->1376K(61440K)] 428904K->369544K(572928K), 0.0022445 secs] [Times: user=0.01 sys=0.00, real=0.01 secs] 
413.177: [GC (Allocation Failure) [PSYoungGen: 60768K->1344K(61440K)] 428936K->369512K(572928K), 0.0020470 secs] [Times: user=0.01 sys=0.00, real=0.00 secs] 
413.841: [GC (Allocation Failure) [PSYoungGen: 60736K->1376K(61440K)] 428904K->369544K(572928K), 0.0023660 secs] [Times: user=0.01 sys=0.00, real=0.01 secs] 
414.473: [GC (Allocation Failure) [PSYoungGen: 60768K->1485K(61440K)] 428936K->369654K(572928K), 0.0016387 secs] [Times: user=0.01 sys=0.00, real=0.00 secs] 
414.821: [GC (Allocation Failure) [PSYoungGen: 60871K->1549K(61440K)] 429040K->369734K(572928K), 0.0017892 secs] [Times: user=0.00 sys=0.00, real=0.01 secs] 
415.168: [GC (Allocation Failure) [PSYoungGen: 60941K->1517K(61440K)] 429126K->369702K(572928K), 0.0018713 secs] [Times: user=0.00 sys=0.00, real=0.00 secs] 
415.603: [GC (Allocation Failure) [PSYoungGen: 60909K->1485K(61440K)] 429094K->369670K(572928K), 0.0018580 secs] [Times: user=0.01 sys=0.00, real=0.00 secs] 
416.225: [GC (Allocation Failure) [PSYoungGen: 60877K->1456K(61440K)] 429062K->369648K(572928K), 0.0035765 secs] [Times: user=0.01 sys=0.00, real=0.00 secs] 
417.209: [GC (Allocation Failure) [PSYoungGen: 60848K->1376K(61440K)] 429040K->369592K(572928K), 0.0040371 secs] [Times: user=0.02 sys=0.00, real=0.01 secs] 
418.168: [GC (Allocation Failure) [PSYoungGen: 60768K->1376K(61440K)] 428984K->369592K(572928K), 0.0041298 secs] [Times: user=0.02 sys=0.00, real=0.01 secs] 
419.020: [GC (Allocation Failure) [PSYoungGen: 60768K->1344K(61440K)] 428984K->369560K(572928K), 0.0035466 secs] [Times: user=0.02 sys=0.00, real=0.01 secs] 
419.763: [GC (Allocation Failure) [PSYoungGen: 60736K->1376K(61440K)] 428952K->369592K(572928K), 0.0030227 secs] [Times: user=0.01 sys=0.00, real=0.00 secs] 
420.204: [GC (Allocation Failure) [PSYoungGen: 60768K->1453K(61440K)] 428984K->369670K(572928K), 0.0015568 secs] [Times: user=0.00 sys=0.00, real=0.00 secs] 
420.550: [GC (Allocation Failure) [PSYoungGen: 60845K->1581K(61440K)] 429062K->369814K(572928K), 0.0016178 secs] [Times: user=0.00 sys=0.00, real=0.01 secs] 
420.896: [GC (Allocation Failure) [PSYoungGen: 60973K->1597K(61440K)] 429206K->369830K(572928K), 0.0017625 secs] [Times: user=0.01 sys=0.00, real=0.00 secs] 
421.248: [GC (Allocation Failure) [PSYoungGen: 60989K->1517K(61440K)] 429222K->369750K(572928K), 0.0015823 secs] [Times: user=0.00 sys=0.00, real=0.00 secs] 
421.806: [GC (Allocation Failure) [PSYoungGen: 60909K->1456K(61440K)] 429142K->369688K(572928K), 0.0018789 secs] [Times: user=0.01 sys=0.00, real=0.00 secs] 
422.379: [GC (Allocation Failure) [PSYoungGen: 60848K->1376K(61440K)] 429080K->369608K(572928K), 0.0027031 secs] [Times: user=0.01 sys=0.00, real=0.00 secs] 
422.933: [GC (Allocation Failure) [PSYoungGen: 60768K->1376K(61440K)] 429000K->369608K(572928K), 0.0026341 secs] [Times: user=0.01 sys=0.00, real=0.00 secs] 
423.463: [GC (Allocation Failure) [PSYoungGen: 60768K->1344K(61440K)] 429000K->369576K(572928K), 0.0025103 secs] [Times: user=0.01 sys=0.00, real=0.00 secs] 
423.847: [GC (Allocation Failure) [PSYoungGen: 60736K->1328K(61440K)] 428968K->369560K(572928K), 0.0020224 secs] [Times: user=0.01 sys=0.00, real=0.00 secs] 
424.239: [GC (Allocation Failure) [PSYoungGen: 60701K->1501K(61440K)] 428933K->369734K(572928K), 0.0015642 secs] [Times: user=0.01 sys=0.00, real=0.00 secs] 
424.586: [GC (Allocation Failure) [PSYoungGen: 60893K->1565K(61440K)] 429126K->369814K(572928K), 0.0016083 secs] [Times: user=0.01 sys=0.00, real=0.00 secs] 
424.932: [GC (Allocation Failure) [PSYoungGen: 60926K->1517K(61440K)] 429175K->369766K(572928K), 0.0015920 secs] [Times: user=0.01 sys=0.00, real=0.01 secs] 
425.278: [GC (Allocation Failure) [PSYoungGen: 60909K->1552K(61440K)] 429158K->369800K(572928K), 0.0016635 secs] [Times: user=0.01 sys=0.00, real=0.00 secs] 
425.611: [GC (Allocation Failure) [PSYoungGen: 60944K->1408K(61440K)] 429192K->369680K(572928K), 0.0018831 secs] [Times: user=0.01 sys=0.00, real=0.01 secs] 
426.097: [GC (Allocation Failure) [PSYoungGen: 60800K->1408K(61440K)] 429072K->369680K(572928K), 0.0019593 secs] [Times: user=0.01 sys=0.00, real=0.00 secs] 
426.582: [GC (Allocation Failure) [PSYoungGen: 60800K->1408K(61440K)] 429072K->369680K(572928K), 0.0024069 secs] [Times: user=0.01 sys=0.00, real=0.00 secs] 
427.085: [GC (Allocation Failure) [PSYoungGen: 60800K->1408K(61440K)] 429072K->369680K(572928K), 0.0020656 secs] [Times: user=0.01 sys=0.00, real=0.00 secs] 
427.590: [GC (Allocation Failure) [PSYoungGen: 60800K->1408K(61440K)] 429072K->369680K(572928K), 0.0026889 secs] [Times: user=0.01 sys=0.00, real=0.01 secs] 
428.068: [GC (Allocation Failure) [PSYoungGen: 60800K->1613K(61440K)] 429072K->369886K(572928K), 0.0016654 secs] [Times: user=0.01 sys=0.00, real=0.00 secs] 
428.417: [GC (Allocation Failure) [PSYoungGen: 60996K->1517K(61440K)] 429269K->369806K(572928K), 0.0016564 secs] [Times: user=0.01 sys=0.00, real=0.00 secs] 
428.767: [GC (Allocation Failure) [PSYoungGen: 60909K->1520K(61440K)] 429198K->369808K(572928K), 0.0016469 secs] [Times: user=0.01 sys=0.00, real=0.00 secs] 
429.114: [GC (Allocation Failure) [PSYoungGen: 60912K->1549K(61440K)] 429200K->369838K(572928K), 0.0016571 secs] [Times: user=0.01 sys=0.00, real=0.00 secs] 
430.062: [GC (Allocation Failure) [PSYoungGen: 60941K->1440K(61440K)] 429230K->369736K(572928K), 0.0025467 secs] [Times: user=0.01 sys=0.00, real=0.00 secs] 
430.981: [GC (Allocation Failure) [PSYoungGen: 60832K->1408K(61440K)] 429128K->369704K(572928K), 0.0036023 secs] [Times: user=0.01 sys=0.00, real=0.01 secs] 
431.689: [GC (Allocation Failure) [PSYoungGen: 60800K->1408K(61440K)] 429096K->369704K(572928K), 0.0030179 secs] [Times: user=0.01 sys=0.00, real=0.01 secs] 
432.228: [GC (Allocation Failure) [PSYoungGen: 60800K->1376K(61440K)] 429096K->369672K(572928K), 0.0026161 secs] [Times: user=0.01 sys=0.00, real=0.00 secs] 
432.678: [GC (Allocation Failure) [PSYoungGen: 60768K->1501K(61440K)] 429064K->369798K(572928K), 0.0017345 secs] [Times: user=0.01 sys=0.00, real=0.00 secs] 
433.032: [GC (Allocation Failure) [PSYoungGen: 60893K->1581K(61440K)] 429190K->369878K(572928K), 0.0017255 secs] [Times: user=0.01 sys=0.00, real=0.00 secs] 
433.380: [GC (Allocation Failure) [PSYoungGen: 60960K->1485K(61440K)] 429257K->369798K(572928K), 0.0015719 secs] [Times: user=0.00 sys=0.00, real=0.00 secs] 
433.727: [GC (Allocation Failure) [PSYoungGen: 60869K->1520K(61440K)] 429182K->369832K(572928K), 0.0015591 secs] [Times: user=0.00 sys=0.00, real=0.00 secs] 
434.073: [GC (Allocation Failure) [PSYoungGen: 60912K->1517K(61440K)] 429224K->369830K(572928K), 0.0016768 secs] [Times: user=0.01 sys=0.00, real=0.00 secs] 
435.042: [GC (Allocation Failure) [PSYoungGen: 60909K->1408K(61440K)] 429222K->369720K(572928K), 0.0028072 secs] [Times: user=0.01 sys=0.00, real=0.01 secs] 
435.542: [GC (Allocation Failure) [PSYoungGen: 60800K->1376K(61440K)] 429112K->369688K(572928K), 0.0025588 secs] [Times: user=0.01 sys=0.00, real=0.00 secs] 
436.090: [GC (Allocation Failure) [PSYoungGen: 60768K->1376K(61440K)] 429080K->369688K(572928K), 0.0025594 secs] [Times: user=0.01 sys=0.00, real=0.01 secs] 
436.610: [GC (Allocation Failure) [PSYoungGen: 60768K->1312K(61440K)] 429080K->369624K(572928K), 0.0024582 secs] [Times: user=0.01 sys=0.00, real=0.01 secs] 
436.982: [GC (Allocation Failure) [PSYoungGen: 60673K->1501K(61440K)] 428986K->369814K(572928K), 0.0015658 secs] [Times: user=0.01 sys=0.00, real=0.00 secs] 
437.329: [GC (Allocation Failure) [PSYoungGen: 60893K->1549K(61440K)] 429206K->369894K(572928K), 0.0015569 secs] [Times: user=0.01 sys=0.00, real=0.00 secs] 
437.740: [GC (Allocation Failure) [PSYoungGen: 60941K->1453K(61440K)] 429286K->369814K(572928K), 0.0016518 secs] [Times: user=0.01 sys=0.00, real=0.00 secs] 
438.087: [GC (Allocation Failure) [PSYoungGen: 60845K->1520K(61440K)] 429206K->369880K(572928K), 0.0016637 secs] [Times: user=0.01 sys=0.00, real=0.00 secs] 
438.585: [GC (Allocation Failure) [PSYoungGen: 60912K->1920K(61440K)] 429272K->370280K(572928K), 0.0031395 secs] [Times: user=0.01 sys=0.00, real=0.00 secs] 
439.200: [GC (Allocation Failure) [PSYoungGen: 61312K->1328K(61440K)] 429672K->369696K(572928K), 0.0033846 secs] [Times: user=0.02 sys=0.00, real=0.01 secs] 
439.674: [GC (Allocation Failure) [PSYoungGen: 60720K->1376K(61440K)] 429088K->369744K(572928K), 0.0025320 secs] [Times: user=0.01 sys=0.00, real=0.00 secs] 
440.151: [GC (Allocation Failure) [PSYoungGen: 60768K->1376K(61440K)] 429136K->369744K(572928K), 0.0025703 secs] [Times: user=0.01 sys=0.00, real=0.01 secs] 
440.635: [GC (Allocation Failure) [PSYoungGen: 60768K->1376K(61440K)] 429136K->369744K(572928K), 0.0026055 secs] [Times: user=0.01 sys=0.00, real=0.00 secs] 
441.098: [GC (Allocation Failure) [PSYoungGen: 60768K->1485K(61440K)] 429136K->369854K(572928K), 0.0022086 secs] [Times: user=0.01 sys=0.00, real=0.00 secs] 
441.450: [GC (Allocation Failure) [PSYoungGen: 60877K->1581K(61440K)] 429246K->369950K(572928K), 0.0017653 secs] [Times: user=0.01 sys=0.00, real=0.00 secs] 
441.799: [GC (Allocation Failure) [PSYoungGen: 60973K->1552K(61440K)] 429342K->369936K(572928K), 0.0015893 secs] [Times: user=0.00 sys=0.00, real=0.00 secs] 
442.147: [GC (Allocation Failure) [PSYoungGen: 60933K->1517K(61440K)] 429317K->369902K(572928K), 0.0015960 secs] [Times: user=0.00 sys=0.00, real=0.00 secs] 
442.597: [GC (Allocation Failure) [PSYoungGen: 60909K->1472K(61440K)] 429294K->369856K(572928K), 0.0018944 secs] [Times: user=0.01 sys=0.00, real=0.00 secs] 
443.149: [GC (Allocation Failure) [PSYoungGen: 60864K->1328K(61440K)] 429248K->369712K(572928K), 0.0019523 secs] [Times: user=0.01 sys=0.00, real=0.00 secs] 
443.640: [GC (Allocation Failure) [PSYoungGen: 60720K->1408K(61440K)] 429104K->369792K(572928K), 0.0019559 secs] [Times: user=0.01 sys=0.00, real=0.01 secs] 
444.137: [GC (Allocation Failure) [PSYoungGen: 60800K->1376K(61440K)] 429184K->369760K(572928K), 0.0019875 secs] [Times: user=0.01 sys=0.00, real=0.00 secs] 
444.678: [GC (Allocation Failure) [PSYoungGen: 60768K->1408K(61440K)] 429152K->369792K(572928K), 0.0021190 secs] [Times: user=0.01 sys=0.00, real=0.00 secs] 
445.182: [GC (Allocation Failure) [PSYoungGen: 60800K->1517K(61440K)] 429184K->369902K(572928K), 0.0016991 secs] [Times: user=0.00 sys=0.00, real=0.00 secs] 
445.531: [GC (Allocation Failure) [PSYoungGen: 60909K->1552K(61440K)] 429294K->369944K(572928K), 0.0016570 secs] [Times: user=0.01 sys=0.00, real=0.01 secs] 
445.878: [GC (Allocation Failure) [PSYoungGen: 60944K->1581K(61440K)] 429336K->369998K(572928K), 0.0017482 secs] [Times: user=0.01 sys=0.00, real=0.00 secs] 
446.235: [GC (Allocation Failure) [PSYoungGen: 60973K->1552K(61440K)] 429390K->369968K(572928K), 0.0016224 secs] [Times: user=0.01 sys=0.00, real=0.00 secs] 
447.264: [GC (Allocation Failure) [PSYoungGen: 60944K->1440K(61440K)] 429360K->369856K(572928K), 0.0039362 secs] [Times: user=0.01 sys=0.00, real=0.00 secs] 
447.820: [GC (Allocation Failure) [PSYoungGen: 60832K->1344K(61440K)] 429248K->369760K(572928K), 0.0024394 secs] [Times: user=0.01 sys=0.00, real=0.01 secs] 
448.317: [GC (Allocation Failure) [PSYoungGen: 60736K->1376K(61440K)] 429152K->369792K(572928K), 0.0026653 secs] [Times: user=0.01 sys=0.00, real=0.00 secs] 
448.796: [GC (Allocation Failure) [PSYoungGen: 60768K->1344K(61440K)] 429184K->369760K(572928K), 0.0025347 secs] [Times: user=0.01 sys=0.00, real=0.00 secs] 
449.245: [GC (Allocation Failure) [PSYoungGen: 60736K->1312K(61440K)] 429152K->369728K(572928K), 0.0021825 secs] [Times: user=0.01 sys=0.00, real=0.00 secs] 
449.588: [GC (Allocation Failure) [PSYoungGen: 60704K->1552K(61440K)] 429120K->369968K(572928K), 0.0016990 secs] [Times: user=0.01 sys=0.00, real=0.00 secs] 
449.935: [GC (Allocation Failure) [PSYoungGen: 60944K->1581K(61440K)] 429360K->370006K(572928K), 0.0016013 secs] [Times: user=0.00 sys=0.00, real=0.00 secs] 
450.282: [GC (Allocation Failure) [PSYoungGen: 60973K->1485K(61440K)] 429398K->369910K(572928K), 0.0016108 secs] [Times: user=0.01 sys=0.00, real=0.01 secs] 
450.689: [GC (Allocation Failure) [PSYoungGen: 60877K->1517K(61440K)] 429302K->369942K(572928K), 0.0018708 secs] [Times: user=0.00 sys=0.00, real=0.00 secs] 
452.304: [GC (Allocation Failure) [PSYoungGen: 60909K->1440K(61440K)] 429334K->369872K(572928K), 0.0029252 secs] [Times: user=0.01 sys=0.00, real=0.00 secs] 
452.767: [GC (Allocation Failure) [PSYoungGen: 60832K->1376K(61440K)] 429264K->369808K(572928K), 0.0020177 secs] [Times: user=0.01 sys=0.00, real=0.00 secs] 
453.027: [GC (Allocation Failure) [PSYoungGen: 60768K->1344K(61440K)] 429200K->369776K(572928K), 0.0019876 secs] [Times: user=0.01 sys=0.00, real=0.00 secs] 
453.278: [GC (Allocation Failure) [PSYoungGen: 60736K->1376K(61440K)] 429168K->369808K(572928K), 0.0020168 secs] [Times: user=0.01 sys=0.00, real=0.00 secs] 
453.525: [GC (Allocation Failure) [PSYoungGen: 60768K->1408K(61440K)] 429200K->369840K(572928K), 0.0017832 secs] [Times: user=0.01 sys=0.00, real=0.00 secs] 
453.879: [GC (Allocation Failure) [PSYoungGen: 60800K->1456K(61440K)] 429232K->369888K(572928K), 0.0016682 secs] [Times: user=0.01 sys=0.01, real=0.00 secs] 
454.226: [GC (Allocation Failure) [PSYoungGen: 60848K->1549K(61440K)] 429280K->369990K(572928K), 0.0016041 secs] [Times: user=0.01 sys=0.00, real=0.00 secs] 
454.572: [GC (Allocation Failure) [PSYoungGen: 60941K->1520K(61440K)] 429382K->369960K(572928K), 0.0016030 secs] [Times: user=0.00 sys=0.00, real=0.01 secs] 
454.983: [GC (Allocation Failure) [PSYoungGen: 60912K->1517K(61440K)] 429352K->369958K(572928K), 0.0016954 secs] [Times: user=0.00 sys=0.00, real=0.00 secs] 
455.341: [GC (Allocation Failure) [PSYoungGen: 60909K->1440K(61440K)] 429350K->369880K(572928K), 0.0019991 secs] [Times: user=0.01 sys=0.00, real=0.01 secs] 
455.587: [GC (Allocation Failure) [PSYoungGen: 60832K->1408K(61440K)] 429272K->369872K(572928K), 0.0019815 secs] [Times: user=0.01 sys=0.00, real=0.00 secs] 
455.850: [GC (Allocation Failure) [PSYoungGen: 60800K->1360K(61440K)] 429264K->369824K(572928K), 0.0021570 secs] [Times: user=0.01 sys=0.00, real=0.01 secs] 
456.098: [GC (Allocation Failure) [PSYoungGen: 60752K->1376K(61440K)] 429216K->369840K(572928K), 0.0019121 secs] [Times: user=0.01 sys=0.00, real=0.00 secs] 
456.404: [GC (Allocation Failure) [PSYoungGen: 60764K->1421K(61440K)] 429229K->369886K(572928K), 0.0024831 secs] [Times: user=0.01 sys=0.00, real=0.00 secs] 
456.765: [GC (Allocation Failure) [PSYoungGen: 60813K->1485K(61440K)] 429278K->369950K(572928K), 0.0015961 secs] [Times: user=0.01 sys=0.00, real=0.00 secs] 
457.112: [GC (Allocation Failure) [PSYoungGen: 60877K->1549K(61440K)] 429342K->370030K(572928K), 0.0015669 secs] [Times: user=0.01 sys=0.00, real=0.00 secs] 
457.522: [GC (Allocation Failure) [PSYoungGen: 60941K->1549K(61440K)] 429422K->370030K(572928K), 0.0015580 secs] [Times: user=0.00 sys=0.00, real=0.00 secs] 
457.924: [GC (Allocation Failure) [PSYoungGen: 60941K->1549K(61440K)] 429422K->370030K(572928K), 0.0016040 secs] [Times: user=0.00 sys=0.00, real=0.00 secs] 
458.238: [GC (Allocation Failure) [PSYoungGen: 60941K->1392K(61440K)] 429422K->369872K(572928K), 0.0021015 secs] [Times: user=0.01 sys=0.00, real=0.00 secs] 
458.489: [GC (Allocation Failure) [PSYoungGen: 60784K->1376K(61440K)] 429264K->369856K(572928K), 0.0021247 secs] [Times: user=0.01 sys=0.00, real=0.00 secs] 
458.758: [GC (Allocation Failure) [PSYoungGen: 60768K->1376K(61440K)] 429248K->369856K(572928K), 0.0020921 secs] [Times: user=0.01 sys=0.00, real=0.00 secs] 
459.025: [GC (Allocation Failure) [PSYoungGen: 60768K->1408K(61440K)] 429248K->369888K(572928K), 0.0018764 secs] [Times: user=0.01 sys=0.00, real=0.00 secs] 
459.349: [GC (Allocation Failure) [PSYoungGen: 60790K->1456K(61440K)] 429271K->369936K(572928K), 0.0015711 secs] [Times: user=0.00 sys=0.00, real=0.00 secs] 
459.760: [GC (Allocation Failure) [PSYoungGen: 60848K->1549K(61440K)] 429328K->370030K(572928K), 0.0016548 secs] [Times: user=0.00 sys=0.00, real=0.00 secs] 
460.165: [GC (Allocation Failure) [PSYoungGen: 60941K->1517K(61440K)] 429422K->370006K(572928K), 0.0016572 secs] [Times: user=0.01 sys=0.00, real=0.00 secs] 
460.513: [GC (Allocation Failure) [PSYoungGen: 60909K->1552K(61440K)] 429398K->370040K(572928K), 0.0018254 secs] [Times: user=0.01 sys=0.00, real=0.00 secs] 
460.962: [GC (Allocation Failure) [PSYoungGen: 60944K->1728K(61440K)] 429432K->370216K(572928K), 0.0019317 secs] [Times: user=0.01 sys=0.00, real=0.00 secs] 
461.248: [GC (Allocation Failure) [PSYoungGen: 61120K->1408K(61440K)] 429608K->369896K(572928K), 0.0023623 secs] [Times: user=0.01 sys=0.00, real=0.00 secs] 
461.491: [GC (Allocation Failure) [PSYoungGen: 60800K->1408K(61440K)] 429288K->369896K(572928K), 0.0019692 secs] [Times: user=0.00 sys=0.00, real=0.01 secs] 
461.840: [GC (Allocation Failure) [PSYoungGen: 60800K->1360K(61440K)] 429288K->369848K(572928K), 0.0020140 secs] [Times: user=0.01 sys=0.00, real=0.00 secs] 
462.139: [GC (Allocation Failure) [PSYoungGen: 60752K->1408K(61440K)] 429240K->369896K(572928K), 0.0018721 secs] [Times: user=0.01 sys=0.00, real=0.00 secs] 
462.454: [GC (Allocation Failure) [PSYoungGen: 60800K->1485K(61440K)] 429288K->369974K(572928K), 0.0016082 secs] [Times: user=0.01 sys=0.00, real=0.00 secs] 
462.870: [GC (Allocation Failure) [PSYoungGen: 60877K->1517K(61440K)] 429366K->370006K(572928K), 0.0018461 secs] [Times: user=0.01 sys=0.00, real=0.01 secs] 
463.218: [GC (Allocation Failure) [PSYoungGen: 60909K->1517K(61440K)] 429398K->370022K(572928K), 0.0019402 secs] [Times: user=0.01 sys=0.00, real=0.00 secs] 
463.625: [GC (Allocation Failure) [PSYoungGen: 60901K->1485K(61440K)] 429406K->369990K(572928K), 0.0018592 secs] [Times: user=0.01 sys=0.00, real=0.00 secs] 
464.010: [GC (Allocation Failure) [PSYoungGen: 60877K->1520K(61440K)] 429382K->370024K(572928K), 0.0020253 secs] [Times: user=0.01 sys=0.00, real=0.00 secs] 
464.671: [GC (Allocation Failure) [PSYoungGen: 60912K->1344K(61440K)] 429416K->369872K(572928K), 0.0028365 secs] [Times: user=0.01 sys=0.00, real=0.01 secs] 
465.195: [GC (Allocation Failure) [PSYoungGen: 60736K->1344K(61440K)] 429264K->369880K(572928K), 0.0034366 secs] [Times: user=0.01 sys=0.00, real=0.00 secs] 
465.565: [GC (Allocation Failure) [PSYoungGen: 60736K->1376K(61440K)] 429272K->369912K(572928K), 0.0025470 secs] [Times: user=0.01 sys=0.00, real=0.00 secs] 
465.999: [GC (Allocation Failure) [PSYoungGen: 60768K->1344K(61440K)] 429304K->369880K(572928K), 0.0023874 secs] [Times: user=0.01 sys=0.00, real=0.00 secs] 
466.690: [GC (Allocation Failure) [PSYoungGen: 60736K->1485K(61440K)] 429272K->370022K(572928K), 0.0015305 secs] [Times: user=0.01 sys=0.00, real=0.00 secs] 
467.039: [GC (Allocation Failure) [PSYoungGen: 60877K->1485K(61440K)] 429414K->370038K(572928K), 0.0016572 secs] [Times: user=0.01 sys=0.00, real=0.00 secs] 
467.385: [GC (Allocation Failure) [PSYoungGen: 60877K->1453K(61440K)] 429430K->370006K(572928K), 0.0016588 secs] [Times: user=0.00 sys=0.00, real=0.00 secs] 
467.731: [GC (Allocation Failure) [PSYoungGen: 60845K->1520K(61440K)] 429398K->370072K(572928K), 0.0015595 secs] [Times: user=0.01 sys=0.01, real=0.01 secs] 
468.130: [GC (Allocation Failure) [PSYoungGen: 60912K->1472K(61440K)] 429464K->370032K(572928K), 0.0019073 secs] [Times: user=0.00 sys=0.00, real=0.01 secs] 
468.385: [GC (Allocation Failure) [PSYoungGen: 60864K->1376K(61440K)] 429424K->369936K(572928K), 0.0018153 secs] [Times: user=0.01 sys=0.00, real=0.00 secs] 
468.690: [GC (Allocation Failure) [PSYoungGen: 60768K->1376K(61440K)] 429328K->369936K(572928K), 0.0018892 secs] [Times: user=0.01 sys=0.00, real=0.00 secs] 
468.937: [GC (Allocation Failure) [PSYoungGen: 60768K->1344K(61440K)] 429328K->369904K(572928K), 0.0018208 secs] [Times: user=0.01 sys=0.00, real=0.00 secs] 
469.183: [GC (Allocation Failure) [PSYoungGen: 60736K->1312K(61440K)] 429296K->369872K(572928K), 0.0019243 secs] [Times: user=0.00 sys=0.00, real=0.00 secs] 
469.560: [GC (Allocation Failure) [PSYoungGen: 60704K->1504K(61440K)] 429264K->370064K(572928K), 0.0016129 secs] [Times: user=0.01 sys=0.00, real=0.00 secs] 
469.908: [GC (Allocation Failure) [PSYoungGen: 60896K->1581K(61440K)] 429456K->370158K(572928K), 0.0016052 secs] [Times: user=0.00 sys=0.00, real=0.00 secs] 
470.253: [GC (Allocation Failure) [PSYoungGen: 60973K->1520K(61440K)] 429550K->370096K(572928K), 0.0017250 secs] [Times: user=0.01 sys=0.00, real=0.00 secs] 
470.599: [GC (Allocation Failure) [PSYoungGen: 60912K->1552K(61440K)] 429488K->370128K(572928K), 0.0016736 secs] [Times: user=0.01 sys=0.00, real=0.00 secs] 
470.986: [GC (Allocation Failure) [PSYoungGen: 60944K->1392K(61440K)] 429520K->369976K(572928K), 0.0018344 secs] [Times: user=0.00 sys=0.00, real=0.00 secs] 
471.233: [GC (Allocation Failure) [PSYoungGen: 60784K->1408K(61440K)] 429368K->369992K(572928K), 0.0017809 secs] [Times: user=0.01 sys=0.00, real=0.00 secs] 
471.508: [GC (Allocation Failure) [PSYoungGen: 60800K->1424K(61440K)] 429384K->370008K(572928K), 0.0017317 secs] [Times: user=0.01 sys=0.01, real=0.00 secs] 
471.804: [GC (Allocation Failure) [PSYoungGen: 60816K->1376K(61440K)] 429400K->369960K(572928K), 0.0017849 secs] [Times: user=0.01 sys=0.00, real=0.00 secs] 
472.058: [GC (Allocation Failure) [PSYoungGen: 60768K->1376K(61440K)] 429352K->369960K(572928K), 0.0017675 secs] [Times: user=0.01 sys=0.00, real=0.00 secs] 
472.424: [GC (Allocation Failure) [PSYoungGen: 60768K->1453K(61440K)] 429352K->370038K(572928K), 0.0016827 secs] [Times: user=0.01 sys=0.00, real=0.00 secs] 
472.770: [GC (Allocation Failure) [PSYoungGen: 60845K->1581K(61440K)] 429430K->370182K(572928K), 0.0015292 secs] [Times: user=0.01 sys=0.00, real=0.00 secs] 
473.116: [GC (Allocation Failure) [PSYoungGen: 60973K->1549K(61440K)] 429574K->370150K(572928K), 0.0016623 secs] [Times: user=0.00 sys=0.00, real=0.00 secs] 
473.463: [GC (Allocation Failure) [PSYoungGen: 60941K->1581K(61440K)] 429542K->370182K(572928K), 0.0016106 secs] [Times: user=0.01 sys=0.00, real=0.00 secs] 
473.787: [GC (Allocation Failure) [PSYoungGen: 60973K->1424K(61440K)] 429574K->370024K(572928K), 0.0018428 secs] [Times: user=0.01 sys=0.00, real=0.00 secs] 
474.043: [GC (Allocation Failure) [PSYoungGen: 60816K->1344K(61440K)] 429416K->369960K(572928K), 0.0019267 secs] [Times: user=0.01 sys=0.00, real=0.00 secs] 
474.340: [GC (Allocation Failure) [PSYoungGen: 60736K->1376K(61440K)] 429352K->369992K(572928K), 0.0020071 secs] [Times: user=0.01 sys=0.00, real=0.00 secs] 
474.838: [GC (Allocation Failure) [PSYoungGen: 60768K->1376K(61440K)] 429384K->369992K(572928K), 0.0022180 secs] [Times: user=0.01 sys=0.00, real=0.00 secs] 
475.426: [GC (Allocation Failure) [PSYoungGen: 60768K->1405K(61440K)] 429384K->370022K(572928K), 0.0039662 secs] [Times: user=0.01 sys=0.00, real=0.00 secs] 
475.912: [GC (Allocation Failure) [PSYoungGen: 60797K->1549K(61440K)] 429414K->370166K(572928K), 0.0015852 secs] [Times: user=0.01 sys=0.00, real=0.01 secs] 
476.322: [GC (Allocation Failure) [PSYoungGen: 60941K->1549K(61440K)] 429558K->370182K(572928K), 0.0016663 secs] [Times: user=0.00 sys=0.00, real=0.00 secs] 
476.731: [GC (Allocation Failure) [PSYoungGen: 60941K->1552K(61440K)] 429574K->370184K(572928K), 0.0021286 secs] [Times: user=0.01 sys=0.00, real=0.01 secs] 
477.086: [GC (Allocation Failure) [PSYoungGen: 60944K->1581K(61440K)] 429576K->370214K(572928K), 0.0015961 secs] [Times: user=0.01 sys=0.00, real=0.00 secs] 
477.689: [GC (Allocation Failure) [PSYoungGen: 60973K->1408K(61440K)] 429606K->370040K(572928K), 0.0019975 secs] [Times: user=0.01 sys=0.00, real=0.00 secs] 
477.936: [GC (Allocation Failure) [PSYoungGen: 60800K->1408K(61440K)] 429432K->370040K(572928K), 0.0020373 secs] [Times: user=0.01 sys=0.00, real=0.00 secs] 
478.182: [GC (Allocation Failure) [PSYoungGen: 60800K->1360K(61440K)] 429432K->369992K(572928K), 0.0019045 secs] [Times: user=0.01 sys=0.00, real=0.00 secs] 
478.436: [GC (Allocation Failure) [PSYoungGen: 60752K->1344K(61440K)] 429384K->369976K(572928K), 0.0020231 secs] [Times: user=0.01 sys=0.00, real=0.00 secs] 
478.826: [GC (Allocation Failure) [PSYoungGen: 60736K->1501K(61440K)] 429368K->370134K(572928K), 0.0015981 secs] [Times: user=0.01 sys=0.00, real=0.00 secs] 
479.229: [GC (Allocation Failure) [PSYoungGen: 60889K->1552K(61440K)] 429522K->370184K(572928K), 0.0018453 secs] [Times: user=0.01 sys=0.00, real=0.00 secs] 
479.641: [GC (Allocation Failure) [PSYoungGen: 60944K->1549K(61440K)] 429576K->370198K(572928K), 0.0016066 secs] [Times: user=0.00 sys=0.00, real=0.01 secs] 
479.987: [GC (Allocation Failure) [PSYoungGen: 60941K->1565K(61440K)] 429590K->370214K(572928K), 0.0016087 secs] [Times: user=0.00 sys=0.00, real=0.00 secs] 
480.378: [GC (Allocation Failure) [PSYoungGen: 60957K->1664K(61440K)] 429606K->370320K(572928K), 0.0020375 secs] [Times: user=0.00 sys=0.00, real=0.00 secs] 
480.954: [GC (Allocation Failure) [PSYoungGen: 61056K->1344K(61440K)] 429712K->370000K(572928K), 0.0025442 secs] [Times: user=0.01 sys=0.00, real=0.00 secs] 
481.417: [GC (Allocation Failure) [PSYoungGen: 60736K->1408K(61440K)] 429392K->370064K(572928K), 0.0030984 secs] [Times: user=0.01 sys=0.00, real=0.00 secs] 
481.903: [GC (Allocation Failure) [PSYoungGen: 60800K->1344K(61440K)] 429456K->370000K(572928K), 0.0021519 secs] [Times: user=0.01 sys=0.00, real=0.00 secs] 
482.382: [GC (Allocation Failure) [PSYoungGen: 60736K->1376K(61440K)] 429392K->370032K(572928K), 0.0030702 secs] [Times: user=0.01 sys=0.00, real=0.01 secs] 
482.990: [GC (Allocation Failure) [PSYoungGen: 60768K->1517K(61440K)] 429424K->370174K(572928K), 0.0018355 secs] [Times: user=0.00 sys=0.00, real=0.00 secs] 
483.416: [GC (Allocation Failure) [PSYoungGen: 60909K->1517K(61440K)] 429566K->370174K(572928K), 0.0016747 secs] [Times: user=0.01 sys=0.00, real=0.00 secs] 
483.763: [GC (Allocation Failure) [PSYoungGen: 60909K->1517K(61440K)] 429566K->370190K(572928K), 0.0016866 secs] [Times: user=0.01 sys=0.00, real=0.00 secs] 
484.173: [GC (Allocation Failure) [PSYoungGen: 60909K->1517K(61440K)] 429582K->370190K(572928K), 0.0018091 secs] [Times: user=0.01 sys=0.00, real=0.00 secs] 
484.694: [GC (Allocation Failure) [PSYoungGen: 60909K->1440K(61440K)] 429582K->370112K(572928K), 0.0018623 secs] [Times: user=0.01 sys=0.00, real=0.00 secs] 
485.447: [GC (Allocation Failure) [PSYoungGen: 60832K->1376K(61440K)] 429504K->370048K(572928K), 0.0022994 secs] [Times: user=0.01 sys=0.00, real=0.00 secs] 
485.964: [GC (Allocation Failure) [PSYoungGen: 60768K->1376K(61440K)] 429440K->370048K(572928K), 0.0027693 secs] [Times: user=0.01 sys=0.00, real=0.00 secs] 
486.413: [GC (Allocation Failure) [PSYoungGen: 60768K->1408K(61440K)] 429440K->370104K(572928K), 0.0041061 secs] [Times: user=0.02 sys=0.00, real=0.00 secs] 
486.924: [GC (Allocation Failure) [PSYoungGen: 60800K->1376K(61440K)] 429496K->370072K(572928K), 0.0023102 secs] [Times: user=0.01 sys=0.00, real=0.00 secs] 
487.570: [GC (Allocation Failure) [PSYoungGen: 60768K->1485K(61440K)] 429464K->370182K(572928K), 0.0016901 secs] [Times: user=0.01 sys=0.00, real=0.00 secs] 
487.916: [GC (Allocation Failure) [PSYoungGen: 60869K->1517K(61440K)] 429566K->370230K(572928K), 0.0016600 secs] [Times: user=0.01 sys=0.00, real=0.00 secs] 
488.264: [GC (Allocation Failure) [PSYoungGen: 60909K->1549K(61440K)] 429622K->370262K(572928K), 0.0015541 secs] [Times: user=0.01 sys=0.00, real=0.00 secs] 
488.664: [GC (Allocation Failure) [PSYoungGen: 60941K->1485K(61440K)] 429654K->370198K(572928K), 0.0016579 secs] [Times: user=0.01 sys=0.00, real=0.00 secs] 
489.157: [GC (Allocation Failure) [PSYoungGen: 60877K->1456K(61440K)] 429590K->370176K(572928K), 0.0026315 secs] [Times: user=0.01 sys=0.00, real=0.00 secs] 
489.685: [GC (Allocation Failure) [PSYoungGen: 60848K->1392K(61440K)] 429568K->370112K(572928K), 0.0027385 secs] [Times: user=0.02 sys=0.00, real=0.00 secs] 
490.108: [GC (Allocation Failure) [PSYoungGen: 60784K->1408K(61440K)] 429504K->370136K(572928K), 0.0026507 secs] [Times: user=0.01 sys=0.00, real=0.00 secs] 
490.540: [GC (Allocation Failure) [PSYoungGen: 60800K->1408K(61440K)] 429528K->370136K(572928K), 0.0024715 secs] [Times: user=0.01 sys=0.00, real=0.01 secs] 
490.884: [GC (Allocation Failure) [PSYoungGen: 60800K->1408K(61440K)] 429528K->370136K(572928K), 0.0021897 secs] [Times: user=0.01 sys=0.00, real=0.00 secs] 
491.231: [GC (Allocation Failure) [PSYoungGen: 60800K->1549K(61440K)] 429528K->370278K(572928K), 0.0016367 secs] [Times: user=0.01 sys=0.00, real=0.01 secs] 
491.643: [GC (Allocation Failure) [PSYoungGen: 60941K->1485K(61440K)] 429670K->370230K(572928K), 0.0016468 secs] [Times: user=0.00 sys=0.00, real=0.00 secs] 
492.049: [GC (Allocation Failure) [PSYoungGen: 60877K->1549K(61440K)] 429622K->370294K(572928K), 0.0016385 secs] [Times: user=0.00 sys=0.00, real=0.00 secs] 
492.396: [GC (Allocation Failure) [PSYoungGen: 60941K->1581K(61440K)] 429686K->370334K(572928K), 0.0017016 secs] [Times: user=0.01 sys=0.00, real=0.00 secs] 
492.940: [GC (Allocation Failure) [PSYoungGen: 60973K->1488K(61440K)] 429726K->370240K(572928K), 0.0032765 secs] [Times: user=0.01 sys=0.00, real=0.01 secs] 
493.715: [GC (Allocation Failure) [PSYoungGen: 60880K->1376K(61440K)] 429632K->370128K(572928K), 0.0031269 secs] [Times: user=0.01 sys=0.00, real=0.00 secs] 
494.407: [GC (Allocation Failure) [PSYoungGen: 60768K->1408K(61440K)] 429520K->370168K(572928K), 0.0025922 secs] [Times: user=0.01 sys=0.00, real=0.00 secs] 
495.104: [GC (Allocation Failure) [PSYoungGen: 60800K->1408K(61440K)] 429560K->370168K(572928K), 0.0038714 secs] [Times: user=0.01 sys=0.00, real=0.00 secs] 
495.794: [GC (Allocation Failure) [PSYoungGen: 60800K->1408K(61440K)] 429560K->370168K(572928K), 0.0039593 secs] [Times: user=0.01 sys=0.00, real=0.00 secs] 
496.385: [GC (Allocation Failure) [PSYoungGen: 60799K->1517K(61440K)] 429560K->370286K(572928K), 0.0015853 secs] [Times: user=0.01 sys=0.00, real=0.00 secs] 
496.735: [GC (Allocation Failure) [PSYoungGen: 60909K->1517K(61440K)] 429678K->370326K(572928K), 0.0015541 secs] [Times: user=0.01 sys=0.00, real=0.00 secs] 
497.080: [GC (Allocation Failure) [PSYoungGen: 60909K->1485K(61440K)] 429718K->370294K(572928K), 0.0015380 secs] [Times: user=0.01 sys=0.00, real=0.01 secs] 
497.437: [GC (Allocation Failure) [PSYoungGen: 60877K->1485K(61440K)] 429686K->370294K(572928K), 0.0016017 secs] [Times: user=0.01 sys=0.00, real=0.00 secs] 
497.941: [GC (Allocation Failure) [PSYoungGen: 60877K->1424K(61440K)] 429686K->370232K(572928K), 0.0018134 secs] [Times: user=0.00 sys=0.00, real=0.01 secs] 
498.383: [GC (Allocation Failure) [PSYoungGen: 60816K->1376K(61440K)] 429624K->370184K(572928K), 0.0020041 secs] [Times: user=0.00 sys=0.00, real=0.00 secs] 
498.907: [GC (Allocation Failure) [PSYoungGen: 60768K->1376K(61440K)] 429576K->370184K(572928K), 0.0029763 secs] [Times: user=0.01 sys=0.01, real=0.00 secs] 
499.406: [GC (Allocation Failure) [PSYoungGen: 60768K->1376K(61440K)] 429576K->370184K(572928K), 0.0031468 secs] [Times: user=0.01 sys=0.00, real=0.00 secs] 
499.910: [GC (Allocation Failure) [PSYoungGen: 60768K->1344K(61440K)] 429576K->370152K(572928K), 0.0022781 secs] [Times: user=0.00 sys=0.00, real=0.01 secs] 
500.360: [GC (Allocation Failure) [PSYoungGen: 60736K->1485K(61440K)] 429544K->370294K(572928K), 0.0017304 secs] [Times: user=0.00 sys=0.00, real=0.01 secs] 
500.707: [GC (Allocation Failure) [PSYoungGen: 60877K->1549K(61440K)] 429686K->370374K(572928K), 0.0016086 secs] [Times: user=0.01 sys=0.00, real=0.00 secs] 
501.052: [GC (Allocation Failure) [PSYoungGen: 60910K->1549K(61440K)] 429735K->370374K(572928K), 0.0016587 secs] [Times: user=0.00 sys=0.00, real=0.00 secs] 
501.398: [GC (Allocation Failure) [PSYoungGen: 60941K->1581K(61440K)] 429766K->370406K(572928K), 0.0016505 secs] [Times: user=0.00 sys=0.00, real=0.00 secs] 
502.057: [GC (Allocation Failure) [PSYoungGen: 60973K->1408K(61440K)] 429798K->370240K(572928K), 0.0016894 secs] [Times: user=0.00 sys=0.00, real=0.00 secs] 
502.658: [GC (Allocation Failure) [PSYoungGen: 60800K->1312K(61440K)] 429632K->370144K(572928K), 0.0022839 secs] [Times: user=0.01 sys=0.00, real=0.00 secs] 
503.146: [GC (Allocation Failure) [PSYoungGen: 60704K->1408K(61440K)] 429536K->370240K(572928K), 0.0020604 secs] [Times: user=0.01 sys=0.00, real=0.00 secs] 
503.633: [GC (Allocation Failure) [PSYoungGen: 60800K->1408K(61440K)] 429632K->370240K(572928K), 0.0023466 secs] [Times: user=0.01 sys=0.00, real=0.00 secs] 
504.137: [GC (Allocation Failure) [PSYoungGen: 60800K->1437K(61440K)] 429632K->370270K(572928K), 0.0020057 secs] [Times: user=0.01 sys=0.00, real=0.00 secs] 
504.510: [GC (Allocation Failure) [PSYoungGen: 60829K->1549K(61440K)] 429662K->370382K(572928K), 0.0015965 secs] [Times: user=0.01 sys=0.00, real=0.00 secs] 
504.856: [GC (Allocation Failure) [PSYoungGen: 60941K->1485K(61440K)] 429774K->370334K(572928K), 0.0015758 secs] [Times: user=0.01 sys=0.00, real=0.00 secs] 
505.203: [GC (Allocation Failure) [PSYoungGen: 60877K->1517K(61440K)] 429726K->370366K(572928K), 0.0015789 secs] [Times: user=0.01 sys=0.00, real=0.00 secs] 
505.610: [GC (Allocation Failure) [PSYoungGen: 60909K->1568K(61440K)] 429758K->370416K(572928K), 0.0017123 secs] [Times: user=0.01 sys=0.00, real=0.00 secs] 
505.865: [GC (Allocation Failure) [PSYoungGen: 60960K->1392K(61440K)] 429808K->370272K(572928K), 0.0017584 secs] [Times: user=0.01 sys=0.00, real=0.00 secs] 
506.112: [GC (Allocation Failure) [PSYoungGen: 60784K->1344K(61440K)] 429664K->370224K(572928K), 0.0017698 secs] [Times: user=0.01 sys=0.00, real=0.00 secs] 
506.359: [GC (Allocation Failure) [PSYoungGen: 60736K->1344K(61440K)] 429616K->370224K(572928K), 0.0018653 secs] [Times: user=0.00 sys=0.00, real=0.00 secs] 
506.606: [GC (Allocation Failure) [PSYoungGen: 60736K->1376K(61440K)] 429616K->370256K(572928K), 0.0018727 secs] [Times: user=0.01 sys=0.00, real=0.00 secs] 
506.926: [GC (Allocation Failure) [PSYoungGen: 60744K->1472K(61440K)] 429625K->370352K(572928K), 0.0015194 secs] [Times: user=0.01 sys=0.01, real=0.00 secs] 
507.272: [GC (Allocation Failure) [PSYoungGen: 60864K->1517K(61440K)] 429744K->370398K(572928K), 0.0015680 secs] [Times: user=0.01 sys=0.00, real=0.00 secs] 
507.628: [GC (Allocation Failure) [PSYoungGen: 60909K->1549K(61440K)] 429790K->370446K(572928K), 0.0015693 secs] [Times: user=0.01 sys=0.00, real=0.00 secs] 
507.979: [GC (Allocation Failure) [PSYoungGen: 60941K->1504K(61440K)] 429838K->370400K(572928K), 0.0015907 secs] [Times: user=0.00 sys=0.00, real=0.00 secs] 
508.328: [GC (Allocation Failure) [PSYoungGen: 60896K->2000K(61440K)] 429792K->370896K(572928K), 0.0017672 secs] [Times: user=0.01 sys=0.00, real=0.00 secs] 
508.591: [GC (Allocation Failure) [PSYoungGen: 61392K->1360K(61440K)] 430288K->370256K(572928K), 0.0015837 secs] [Times: user=0.00 sys=0.00, real=0.01 secs] 
508.837: [GC (Allocation Failure) [PSYoungGen: 60752K->1408K(61440K)] 429648K->370304K(572928K), 0.0014547 secs] [Times: user=0.01 sys=0.00, real=0.00 secs] 
509.082: [GC (Allocation Failure) [PSYoungGen: 60800K->1376K(61440K)] 429696K->370272K(572928K), 0.0015233 secs] [Times: user=0.00 sys=0.00, real=0.00 secs] 
509.328: [GC (Allocation Failure) [PSYoungGen: 60768K->1344K(61440K)] 429664K->370240K(572928K), 0.0015195 secs] [Times: user=0.00 sys=0.00, real=0.00 secs] 
509.617: [GC (Allocation Failure) [PSYoungGen: 60736K->1520K(61440K)] 429632K->370416K(572928K), 0.0015379 secs] [Times: user=0.01 sys=0.00, real=0.00 secs] 
509.965: [GC (Allocation Failure) [PSYoungGen: 60897K->1485K(61440K)] 429794K->370382K(572928K), 0.0016782 secs] [Times: user=0.01 sys=0.00, real=0.00 secs] 
510.312: [GC (Allocation Failure) [PSYoungGen: 60877K->1517K(61440K)] 429774K->370430K(572928K), 0.0016107 secs] [Times: user=0.00 sys=0.00, real=0.00 secs] 
510.658: [GC (Allocation Failure) [PSYoungGen: 60909K->1581K(61440K)] 429822K->370494K(572928K), 0.0017153 secs] [Times: user=0.01 sys=0.00, real=0.00 secs] 
511.364: [GC (Allocation Failure) [PSYoungGen: 60973K->1456K(61440K)] 429886K->370368K(572928K), 0.0026098 secs] [Times: user=0.01 sys=0.00, real=0.00 secs] 
512.274: [GC (Allocation Failure) [PSYoungGen: 60848K->1344K(61440K)] 429760K->370256K(572928K), 0.0028526 secs] [Times: user=0.01 sys=0.00, real=0.00 secs] 
513.047: [GC (Allocation Failure) [PSYoungGen: 60736K->1376K(61440K)] 429648K->370288K(572928K), 0.0030969 secs] [Times: user=0.02 sys=0.00, real=0.00 secs] 
513.553: [GC (Allocation Failure) [PSYoungGen: 60768K->1360K(61440K)] 429680K->370272K(572928K), 0.0027440 secs] [Times: user=0.01 sys=0.00, real=0.00 secs] 
514.104: [GC (Allocation Failure) [PSYoungGen: 60752K->1408K(61440K)] 429664K->370320K(572928K), 0.0034479 secs] [Times: user=0.01 sys=0.00, real=0.00 secs] 
514.608: [GC (Allocation Failure) [PSYoungGen: 60800K->1453K(61440K)] 429712K->370366K(572928K), 0.0016867 secs] [Times: user=0.01 sys=0.00, real=0.00 secs] 
514.956: [GC (Allocation Failure) [PSYoungGen: 60823K->1549K(61440K)] 429736K->370478K(572928K), 0.0015635 secs] [Times: user=0.01 sys=0.00, real=0.00 secs] 
515.300: [GC (Allocation Failure) [PSYoungGen: 60941K->1549K(61440K)] 429870K->370478K(572928K), 0.0015571 secs] [Times: user=0.01 sys=0.00, real=0.00 secs] 
515.646: [GC (Allocation Failure) [PSYoungGen: 60941K->1549K(61440K)] 429870K->370478K(572928K), 0.0016169 secs] [Times: user=0.01 sys=0.00, real=0.00 secs] 
516.327: [GC (Allocation Failure) [PSYoungGen: 60941K->1504K(61440K)] 429870K->370456K(572928K), 0.0020875 secs] [Times: user=0.01 sys=0.00, real=0.00 secs] 
517.032: [GC (Allocation Failure) [PSYoungGen: 60896K->1376K(61440K)] 429848K->370328K(572928K), 0.0020336 secs] [Times: user=0.01 sys=0.00, real=0.00 secs] 
517.279: [GC (Allocation Failure) [PSYoungGen: 60768K->1360K(61440K)] 429720K->370312K(572928K), 0.0019388 secs] [Times: user=0.01 sys=0.00, real=0.00 secs] 
517.526: [GC (Allocation Failure) [PSYoungGen: 60752K->1344K(61440K)] 429704K->370296K(572928K), 0.0019920 secs] [Times: user=0.01 sys=0.00, real=0.00 secs] 
517.777: [GC (Allocation Failure) [PSYoungGen: 60736K->1376K(61440K)] 429688K->370328K(572928K), 0.0024780 secs] [Times: user=0.01 sys=0.00, real=0.00 secs] 
518.225: [GC (Allocation Failure) [PSYoungGen: 60746K->1485K(61440K)] 429698K->370438K(572928K), 0.0015346 secs] [Times: user=0.01 sys=0.00, real=0.00 secs] 
518.571: [GC (Allocation Failure) [PSYoungGen: 60877K->1517K(61440K)] 429830K->370486K(572928K), 0.0015725 secs] [Times: user=0.01 sys=0.00, real=0.01 secs] 
518.917: [GC (Allocation Failure) [PSYoungGen: 60909K->1485K(61440K)] 429878K->370454K(572928K), 0.0016168 secs] [Times: user=0.01 sys=0.00, real=0.00 secs] 
519.264: [GC (Allocation Failure) [PSYoungGen: 60877K->1520K(61440K)] 429846K->370488K(572928K), 0.0015888 secs] [Times: user=0.00 sys=0.00, real=0.00 secs] 
519.612: [GC (Allocation Failure) [PSYoungGen: 60912K->1392K(61440K)] 429880K->370360K(572928K), 0.0020659 secs] [Times: user=0.01 sys=0.00, real=0.01 secs] 
519.859: [GC (Allocation Failure) [PSYoungGen: 60784K->1344K(61440K)] 429752K->370312K(572928K), 0.0019266 secs] [Times: user=0.00 sys=0.00, real=0.00 secs] 
520.106: [GC (Allocation Failure) [PSYoungGen: 60736K->1344K(61440K)] 429704K->370312K(572928K), 0.0018642 secs] [Times: user=0.01 sys=0.00, real=0.00 secs] 
520.353: [GC (Allocation Failure) [PSYoungGen: 60736K->1360K(61440K)] 429704K->370328K(572928K), 0.0018927 secs] [Times: user=0.01 sys=0.00, real=0.00 secs] 
520.599: [GC (Allocation Failure) [PSYoungGen: 60752K->1360K(61440K)] 429720K->370328K(572928K), 0.0017804 secs] [Times: user=0.01 sys=0.00, real=0.00 secs] 
520.976: [GC (Allocation Failure) [PSYoungGen: 60752K->1517K(61440K)] 429720K->370486K(572928K), 0.0017103 secs] [Times: user=0.01 sys=0.00, real=0.00 secs] 
521.322: [GC (Allocation Failure) [PSYoungGen: 60909K->1549K(61440K)] 429878K->370526K(572928K), 0.0015918 secs] [Times: user=0.01 sys=0.00, real=0.00 secs] 
521.669: [GC (Allocation Failure) [PSYoungGen: 60941K->1581K(61440K)] 429918K->370558K(572928K), 0.0015939 secs] [Times: user=0.00 sys=0.00, real=0.00 secs] 
522.019: [GC (Allocation Failure) [PSYoungGen: 60973K->1584K(61440K)] 429950K->370560K(572928K), 0.0015629 secs] [Times: user=0.01 sys=0.00, real=0.00 secs] 
522.380: [GC (Allocation Failure) [PSYoungGen: 60976K->1424K(61440K)] 429952K->370400K(572928K), 0.0021107 secs] [Times: user=0.00 sys=0.00, real=0.01 secs] 
522.633: [GC (Allocation Failure) [PSYoungGen: 60816K->1376K(61440K)] 429792K->370352K(572928K), 0.0020134 secs] [Times: user=0.00 sys=0.00, real=0.00 secs] 
523.154: [GC (Allocation Failure) [PSYoungGen: 60768K->1408K(61440K)] 429744K->370384K(572928K), 0.0022805 secs] [Times: user=0.01 sys=0.00, real=0.00 secs] 
523.725: [GC (Allocation Failure) [PSYoungGen: 60800K->1376K(61440K)] 429776K->370352K(572928K), 0.0024065 secs] [Times: user=0.01 sys=0.00, real=0.00 secs] 
524.713: [GC (Allocation Failure) [PSYoungGen: 60767K->1437K(61440K)] 429744K->370414K(572928K), 0.0036172 secs] [Times: user=0.02 sys=0.00, real=0.00 secs] 
525.220: [GC (Allocation Failure) [PSYoungGen: 60829K->1517K(61440K)] 429806K->370518K(572928K), 0.0018645 secs] [Times: user=0.01 sys=0.00, real=0.01 secs] 
525.567: [GC (Allocation Failure) [PSYoungGen: 60909K->1581K(61440K)] 429910K->370598K(572928K), 0.0016642 secs] [Times: user=0.01 sys=0.00, real=0.00 secs] 
525.914: [GC (Allocation Failure) [PSYoungGen: 60973K->1485K(61440K)] 429990K->370502K(572928K), 0.0015906 secs] [Times: user=0.01 sys=0.00, real=0.00 secs] 
526.260: [GC (Allocation Failure) [PSYoungGen: 60877K->1517K(61440K)] 429894K->370534K(572928K), 0.0016881 secs] [Times: user=0.01 sys=0.00, real=0.01 secs] 
526.926: [GC (Allocation Failure) [PSYoungGen: 60909K->1408K(61440K)] 429926K->370424K(572928K), 0.0024433 secs] [Times: user=0.01 sys=0.00, real=0.00 secs] 
527.167: [GC (Allocation Failure) [PSYoungGen: 60800K->1360K(61440K)] 429816K->370376K(572928K), 0.0019805 secs] [Times: user=0.01 sys=0.00, real=0.00 secs] 
527.415: [GC (Allocation Failure) [PSYoungGen: 60752K->1408K(61440K)] 429768K->370424K(572928K), 0.0019762 secs] [Times: user=0.00 sys=0.00, real=0.00 secs] 
527.661: [GC (Allocation Failure) [PSYoungGen: 60800K->1376K(61440K)] 429816K->370392K(572928K), 0.0018100 secs] [Times: user=0.00 sys=0.00, real=0.01 secs] 
527.953: [GC (Allocation Failure) [PSYoungGen: 60742K->1469K(61440K)] 429759K->370486K(572928K), 0.0015692 secs] [Times: user=0.01 sys=0.00, real=0.00 secs] 
528.385: [GC (Allocation Failure) [PSYoungGen: 60861K->1581K(61440K)] 429878K->370598K(572928K), 0.0016633 secs] [Times: user=0.00 sys=0.00, real=0.00 secs] 
528.731: [GC (Allocation Failure) [PSYoungGen: 60973K->1549K(61440K)] 429990K->370582K(572928K), 0.0016097 secs] [Times: user=0.00 sys=0.00, real=0.01 secs] 
529.077: [GC (Allocation Failure) [PSYoungGen: 60941K->1565K(61440K)] 429974K->370598K(572928K), 0.0017743 secs] [Times: user=0.00 sys=0.00, real=0.00 secs] 
529.458: [GC (Allocation Failure) [PSYoungGen: 60957K->1792K(61440K)] 429990K->370824K(572928K), 0.0018331 secs] [Times: user=0.01 sys=0.00, real=0.00 secs] 
529.913: [GC (Allocation Failure) [PSYoungGen: 61184K->1376K(61440K)] 430216K->370408K(572928K), 0.0028805 secs] [Times: user=0.01 sys=0.00, real=0.00 secs] 
530.434: [GC (Allocation Failure) [PSYoungGen: 60768K->1344K(61440K)] 429800K->370376K(572928K), 0.0025381 secs] [Times: user=0.01 sys=0.00, real=0.00 secs] 
530.985: [GC (Allocation Failure) [PSYoungGen: 60736K->1376K(61440K)] 429768K->370408K(572928K), 0.0028136 secs] [Times: user=0.01 sys=0.00, real=0.00 secs] 
531.694: [GC (Allocation Failure) [PSYoungGen: 60768K->1376K(61440K)] 429800K->370408K(572928K), 0.0027509 secs] [Times: user=0.01 sys=0.00, real=0.00 secs] 
532.326: [GC (Allocation Failure) [PSYoungGen: 60768K->1424K(61440K)] 429800K->370456K(572928K), 0.0015244 secs] [Times: user=0.01 sys=0.00, real=0.00 secs] 
532.671: [GC (Allocation Failure) [PSYoungGen: 60816K->1520K(61440K)] 429848K->370552K(572928K), 0.0016073 secs] [Times: user=0.01 sys=0.00, real=0.01 secs] 
533.018: [GC (Allocation Failure) [PSYoungGen: 60912K->1552K(61440K)] 429944K->370592K(572928K), 0.0015965 secs] [Times: user=0.01 sys=0.00, real=0.00 secs] 
533.363: [GC (Allocation Failure) [PSYoungGen: 60944K->1517K(61440K)] 429984K->370558K(572928K), 0.0015991 secs] [Times: user=0.01 sys=0.00, real=0.00 secs] 
533.978: [GC (Allocation Failure) [PSYoungGen: 60909K->1488K(61440K)] 429950K->370528K(572928K), 0.0022192 secs] [Times: user=0.01 sys=0.00, real=0.00 secs] 
534.607: [GC (Allocation Failure) [PSYoungGen: 60880K->1424K(61440K)] 429920K->370464K(572928K), 0.0021676 secs] [Times: user=0.01 sys=0.00, real=0.00 secs] 
535.119: [GC (Allocation Failure) [PSYoungGen: 60816K->1344K(61440K)] 429856K->370392K(572928K), 0.0021760 secs] [Times: user=0.01 sys=0.00, real=0.00 secs] 
535.638: [GC (Allocation Failure) [PSYoungGen: 60736K->1344K(61440K)] 429784K->370392K(572928K), 0.0022681 secs] [Times: user=0.00 sys=0.00, real=0.00 secs] 
536.061: [GC (Allocation Failure) [PSYoungGen: 60736K->1376K(61440K)] 429784K->370424K(572928K), 0.0020474 secs] [Times: user=0.01 sys=0.00, real=0.01 secs] 
536.381: [GC (Allocation Failure) [PSYoungGen: 60768K->1517K(61440K)] 429816K->370590K(572928K), 0.0016154 secs] [Times: user=0.01 sys=0.00, real=0.01 secs] 
536.729: [GC (Allocation Failure) [PSYoungGen: 60901K->1456K(61440K)] 429974K->370544K(572928K), 0.0015213 secs] [Times: user=0.00 sys=0.00, real=0.00 secs] 
537.078: [GC (Allocation Failure) [PSYoungGen: 60848K->1469K(61440K)] 429936K->370558K(572928K), 0.0016167 secs] [Times: user=0.01 sys=0.00, real=0.00 secs] 
537.425: [GC (Allocation Failure) [PSYoungGen: 60861K->1472K(61440K)] 429950K->370560K(572928K), 0.0015685 secs] [Times: user=0.00 sys=0.00, real=0.00 secs] 
538.177: [GC (Allocation Failure) [PSYoungGen: 60864K->1424K(61440K)] 429952K->370512K(572928K), 0.0026336 secs] [Times: user=0.01 sys=0.00, real=0.00 secs] 
538.854: [GC (Allocation Failure) [PSYoungGen: 60816K->1376K(61440K)] 429904K->370464K(572928K), 0.0020421 secs] [Times: user=0.01 sys=0.00, real=0.00 secs] 
539.455: [GC (Allocation Failure) [PSYoungGen: 60768K->1376K(61440K)] 429856K->370472K(572928K), 0.0022512 secs] [Times: user=0.01 sys=0.00, real=0.00 secs] 
540.153: [GC (Allocation Failure) [PSYoungGen: 60768K->1376K(61440K)] 429864K->370472K(572928K), 0.0025549 secs] [Times: user=0.01 sys=0.00, real=0.00 secs] 
540.959: [GC (Allocation Failure) [PSYoungGen: 60768K->1344K(61440K)] 429864K->370440K(572928K), 0.0025070 secs] [Times: user=0.01 sys=0.00, real=0.00 secs] 
541.525: [GC (Allocation Failure) [PSYoungGen: 60736K->1485K(61440K)] 429832K->370582K(572928K), 0.0016875 secs] [Times: user=0.01 sys=0.00, real=0.00 secs] 
541.875: [GC (Allocation Failure) [PSYoungGen: 60877K->1565K(61440K)] 429974K->370670K(572928K), 0.0016325 secs] [Times: user=0.01 sys=0.00, real=0.00 secs] 
542.223: [GC (Allocation Failure) [PSYoungGen: 60957K->1549K(61440K)] 430062K->370654K(572928K), 0.0015746 secs] [Times: user=0.01 sys=0.00, real=0.00 secs] 
542.570: [GC (Allocation Failure) [PSYoungGen: 60941K->1501K(61440K)] 430046K->370606K(572928K), 0.0016421 secs] [Times: user=0.01 sys=0.00, real=0.00 secs] 
543.083: [GC (Allocation Failure) [PSYoungGen: 60893K->1440K(61440K)] 429998K->370544K(572928K), 0.0017770 secs] [Times: user=0.01 sys=0.00, real=0.00 secs] 
543.574: [GC (Allocation Failure) [PSYoungGen: 60832K->1408K(61440K)] 429936K->370512K(572928K), 0.0018499 secs] [Times: user=0.01 sys=0.00, real=0.00 secs] 
543.824: [GC (Allocation Failure) [PSYoungGen: 60800K->1408K(61440K)] 429904K->370512K(572928K), 0.0018572 secs] [Times: user=0.00 sys=0.00, real=0.00 secs] 
544.071: [GC (Allocation Failure) [PSYoungGen: 60800K->1376K(61440K)] 429904K->370480K(572928K), 0.0017465 secs] [Times: user=0.01 sys=0.00, real=0.01 secs] 
544.352: [GC (Allocation Failure) [PSYoungGen: 60768K->1392K(61440K)] 429872K->370496K(572928K), 0.0018928 secs] [Times: user=0.01 sys=0.00, real=0.00 secs] 
544.697: [GC (Allocation Failure) [PSYoungGen: 60784K->1552K(61440K)] 429888K->370656K(572928K), 0.0015636 secs] [Times: user=0.01 sys=0.00, real=0.00 secs] 
545.043: [GC (Allocation Failure) [PSYoungGen: 60944K->1584K(61440K)] 430048K->370704K(572928K), 0.0016959 secs] [Times: user=0.00 sys=0.00, real=0.00 secs] 
545.389: [GC (Allocation Failure) [PSYoungGen: 60976K->1584K(61440K)] 430096K->370704K(572928K), 0.0016727 secs] [Times: user=0.01 sys=0.00, real=0.00 secs] 
545.736: [GC (Allocation Failure) [PSYoungGen: 60976K->1549K(61440K)] 430096K->370686K(572928K), 0.0016700 secs] [Times: user=0.01 sys=0.00, real=0.00 secs] 
547.375: [GC (Allocation Failure) [PSYoungGen: 60941K->1392K(61440K)] 430078K->370528K(572928K), 0.0042738 secs] [Times: user=0.02 sys=0.00, real=0.00 secs] 
548.030: [GC (Allocation Failure) [PSYoungGen: 60784K->1376K(61440K)] 429920K->370512K(572928K), 0.0039846 secs] [Times: user=0.01 sys=0.00, real=0.01 secs] 
548.383: [GC (Allocation Failure) [PSYoungGen: 60768K->1344K(61440K)] 429904K->370480K(572928K), 0.0020195 secs] [Times: user=0.01 sys=0.00, real=0.00 secs] 
548.706: [GC (Allocation Failure) [PSYoungGen: 60736K->1376K(61440K)] 429872K->370512K(572928K), 0.0019810 secs] [Times: user=0.01 sys=0.00, real=0.00 secs] 
549.244: [GC (Allocation Failure) [PSYoungGen: 60768K->1408K(61440K)] 429904K->370544K(572928K), 0.0019570 secs] [Times: user=0.00 sys=0.00, real=0.00 secs] 
549.645: [GC (Allocation Failure) [PSYoungGen: 60797K->1549K(61440K)] 429934K->370686K(572928K), 0.0017972 secs] [Times: user=0.01 sys=0.00, real=0.00 secs] 
549.992: [GC (Allocation Failure) [PSYoungGen: 60941K->1552K(61440K)] 430078K->370696K(572928K), 0.0016484 secs] [Times: user=0.01 sys=0.00, real=0.01 secs] 
550.401: [GC (Allocation Failure) [PSYoungGen: 60930K->1549K(61440K)] 430075K->370694K(572928K), 0.0016563 secs] [Times: user=0.01 sys=0.00, real=0.01 secs] 
550.745: [GC (Allocation Failure) [PSYoungGen: 60941K->1552K(61440K)] 430086K->370696K(572928K), 0.0018585 secs] [Times: user=0.00 sys=0.00, real=0.00 secs] 
551.332: [GC (Allocation Failure) [PSYoungGen: 60944K->1408K(61440K)] 430088K->370552K(572928K), 0.0023109 secs] [Times: user=0.01 sys=0.00, real=0.00 secs] 
551.946: [GC (Allocation Failure) [PSYoungGen: 60800K->1376K(61440K)] 429944K->370520K(572928K), 0.0029856 secs] [Times: user=0.01 sys=0.00, real=0.00 secs] 
552.523: [GC (Allocation Failure) [PSYoungGen: 60768K->1376K(61440K)] 429912K->370520K(572928K), 0.0034665 secs] [Times: user=0.01 sys=0.00, real=0.00 secs] 
553.086: [GC (Allocation Failure) [PSYoungGen: 60768K->1376K(61440K)] 429912K->370520K(572928K), 0.0036744 secs] [Times: user=0.01 sys=0.00, real=0.00 secs] 
553.765: [GC (Allocation Failure) [PSYoungGen: 60738K->1469K(61440K)] 429883K->370614K(572928K), 0.0026413 secs] [Times: user=0.01 sys=0.00, real=0.00 secs] 
554.162: [GC (Allocation Failure) [PSYoungGen: 60861K->1488K(61440K)] 430006K->370632K(572928K), 0.0015686 secs] [Times: user=0.00 sys=0.00, real=0.00 secs] 
554.508: [GC (Allocation Failure) [PSYoungGen: 60880K->1549K(61440K)] 430024K->370710K(572928K), 0.0016014 secs] [Times: user=0.01 sys=0.00, real=0.00 secs] 
554.855: [GC (Allocation Failure) [PSYoungGen: 60941K->1549K(61440K)] 430102K->370710K(572928K), 0.0016168 secs] [Times: user=0.01 sys=0.00, real=0.00 secs] 
555.263: [GC (Allocation Failure) [PSYoungGen: 60941K->1549K(61440K)] 430102K->370710K(572928K), 0.0016798 secs] [Times: user=0.01 sys=0.00, real=0.00 secs] 
555.803: [GC (Allocation Failure) [PSYoungGen: 60941K->1440K(61440K)] 430102K->370600K(572928K), 0.0018375 secs] [Times: user=0.01 sys=0.00, real=0.00 secs] 
556.443: [GC (Allocation Failure) [PSYoungGen: 60832K->1376K(61440K)] 429992K->370560K(572928K), 0.0021205 secs] [Times: user=0.01 sys=0.00, real=0.00 secs] 
557.266: [GC (Allocation Failure) [PSYoungGen: 60768K->1376K(61440K)] 429952K->370560K(572928K), 0.0022955 secs] [Times: user=0.01 sys=0.00, real=0.00 secs] 
558.089: [GC (Allocation Failure) [PSYoungGen: 60768K->1376K(61440K)] 429952K->370560K(572928K), 0.0026021 secs] [Times: user=0.01 sys=0.00, real=0.00 secs] 
558.882: [GC (Allocation Failure) [PSYoungGen: 60744K->1437K(61440K)] 429929K->370622K(572928K), 0.0019913 secs] [Times: user=0.01 sys=0.00, real=0.00 secs] 
559.248: [GC (Allocation Failure) [PSYoungGen: 60829K->1517K(61440K)] 430014K->370702K(572928K), 0.0017517 secs] [Times: user=0.01 sys=0.00, real=0.00 secs] 
559.596: [GC (Allocation Failure) [PSYoungGen: 60909K->1552K(61440K)] 430094K->370752K(572928K), 0.0015877 secs] [Times: user=0.01 sys=0.00, real=0.00 secs] 
559.942: [GC (Allocation Failure) [PSYoungGen: 60944K->1485K(61440K)] 430144K->370686K(572928K), 0.0015822 secs] [Times: user=0.01 sys=0.00, real=0.00 secs] 
560.411: [GC (Allocation Failure) [PSYoungGen: 60877K->2000K(61440K)] 430078K->371200K(572928K), 0.0018655 secs] [Times: user=0.01 sys=0.00, real=0.01 secs] 
560.829: [GC (Allocation Failure) [PSYoungGen: 61392K->1376K(61440K)] 430592K->370576K(572928K), 0.0018112 secs] [Times: user=0.01 sys=0.00, real=0.00 secs] 
561.095: [GC (Allocation Failure) [PSYoungGen: 60768K->1344K(61440K)] 429968K->370544K(572928K), 0.0022119 secs] [Times: user=0.00 sys=0.00, real=0.00 secs] 
561.404: [GC (Allocation Failure) [PSYoungGen: 60736K->1376K(61440K)] 429936K->370576K(572928K), 0.0020767 secs] [Times: user=0.01 sys=0.00, real=0.00 secs] 
561.752: [GC (Allocation Failure) [PSYoungGen: 60768K->1376K(61440K)] 429968K->370576K(572928K), 0.0020368 secs] [Times: user=0.00 sys=0.00, real=0.00 secs] 
562.130: [GC (Allocation Failure) [PSYoungGen: 60751K->1421K(61440K)] 429952K->370622K(572928K), 0.0015963 secs] [Times: user=0.01 sys=0.00, real=0.00 secs] 
562.476: [GC (Allocation Failure) [PSYoungGen: 60813K->1565K(61440K)] 430014K->370766K(572928K), 0.0017385 secs] [Times: user=0.01 sys=0.00, real=0.00 secs] 
562.822: [GC (Allocation Failure) [PSYoungGen: 60957K->1565K(61440K)] 430158K->370774K(572928K), 0.0015843 secs] [Times: user=0.01 sys=0.00, real=0.00 secs] 
563.169: [GC (Allocation Failure) [PSYoungGen: 60957K->1536K(61440K)] 430166K->370744K(572928K), 0.0016004 secs] [Times: user=0.00 sys=0.00, real=0.00 secs] 
563.640: [GC (Allocation Failure) [PSYoungGen: 60928K->1456K(61440K)] 430136K->370664K(572928K), 0.0019320 secs] [Times: user=0.00 sys=0.00, real=0.00 secs] 
565.007: [GC (Allocation Failure) [PSYoungGen: 60848K->1376K(61440K)] 430056K->370584K(572928K), 0.0047334 secs] [Times: user=0.02 sys=0.00, real=0.00 secs] 
565.832: [GC (Allocation Failure) [PSYoungGen: 60768K->1344K(61440K)] 429976K->370552K(572928K), 0.0028083 secs] [Times: user=0.01 sys=0.00, real=0.00 secs] 
566.203: [GC (Allocation Failure) [PSYoungGen: 60736K->1344K(61440K)] 429944K->370584K(572928K), 0.0020661 secs] [Times: user=0.01 sys=0.00, real=0.00 secs] 
566.450: [GC (Allocation Failure) [PSYoungGen: 60736K->1312K(61440K)] 429976K->370552K(572928K), 0.0019486 secs] [Times: user=0.00 sys=0.00, real=0.00 secs] 
566.806: [GC (Allocation Failure) [PSYoungGen: 60679K->1472K(61440K)] 429920K->370712K(572928K), 0.0015519 secs] [Times: user=0.01 sys=0.00, real=0.00 secs] 
567.157: [GC (Allocation Failure) [PSYoungGen: 60864K->1549K(61440K)] 430104K->370806K(572928K), 0.0016051 secs] [Times: user=0.01 sys=0.00, real=0.00 secs] 
567.503: [GC (Allocation Failure) [PSYoungGen: 60941K->1517K(61440K)] 430198K->370774K(572928K), 0.0015731 secs] [Times: user=0.01 sys=0.00, real=0.00 secs] 
567.852: [GC (Allocation Failure) [PSYoungGen: 60909K->1469K(61440K)] 430166K->370726K(572928K), 0.0015596 secs] [Times: user=0.01 sys=0.00, real=0.00 secs] 
568.231: [GC (Allocation Failure) [PSYoungGen: 60861K->1440K(61440K)] 430118K->370696K(572928K), 0.0018675 secs] [Times: user=0.01 sys=0.00, real=0.01 secs] 
568.561: [GC (Allocation Failure) [PSYoungGen: 60832K->1376K(61440K)] 430088K->370632K(572928K), 0.0018093 secs] [Times: user=0.01 sys=0.00, real=0.01 secs] 
568.921: [GC (Allocation Failure) [PSYoungGen: 60768K->1376K(61440K)] 430024K->370632K(572928K), 0.0017664 secs] [Times: user=0.00 sys=0.00, real=0.01 secs] 
569.298: [GC (Allocation Failure) [PSYoungGen: 60768K->1376K(61440K)] 430024K->370632K(572928K), 0.0017443 secs] [Times: user=0.01 sys=0.00, real=0.00 secs] 
569.674: [GC (Allocation Failure) [PSYoungGen: 60768K->1376K(61440K)] 430024K->370632K(572928K), 0.0018226 secs] [Times: user=0.00 sys=0.00, real=0.00 secs] 
570.052: [GC (Allocation Failure) [PSYoungGen: 60768K->1533K(61440K)] 430024K->370790K(572928K), 0.0016963 secs] [Times: user=0.01 sys=0.00, real=0.00 secs] 
570.399: [GC (Allocation Failure) [PSYoungGen: 60920K->1485K(61440K)] 430177K->370758K(572928K), 0.0015718 secs] [Times: user=0.01 sys=0.00, real=0.00 secs] 
570.753: [GC (Allocation Failure) [PSYoungGen: 60877K->1517K(61440K)] 430150K->370790K(572928K), 0.0015825 secs] [Times: user=0.00 sys=0.00, real=0.00 secs] 
571.099: [GC (Allocation Failure) [PSYoungGen: 60909K->1488K(61440K)] 430182K->370760K(572928K), 0.0015893 secs] [Times: user=0.00 sys=0.00, real=0.00 secs] 
571.561: [GC (Allocation Failure) [PSYoungGen: 60880K->1472K(61440K)] 430152K->370744K(572928K), 0.0017334 secs] [Times: user=0.00 sys=0.00, real=0.01 secs] 
572.027: [GC (Allocation Failure) [PSYoungGen: 60864K->1360K(61440K)] 430136K->370632K(572928K), 0.0016889 secs] [Times: user=0.00 sys=0.00, real=0.00 secs] 
572.274: [GC (Allocation Failure) [PSYoungGen: 60752K->1376K(61440K)] 430024K->370648K(572928K), 0.0020299 secs] [Times: user=0.01 sys=0.00, real=0.00 secs] 
572.521: [GC (Allocation Failure) [PSYoungGen: 60768K->1408K(61440K)] 430040K->370680K(572928K), 0.0019579 secs] [Times: user=0.00 sys=0.00, real=0.01 secs] 
572.768: [GC (Allocation Failure) [PSYoungGen: 60800K->1344K(61440K)] 430072K->370616K(572928K), 0.0020360 secs] [Times: user=0.01 sys=0.00, real=0.00 secs] 
573.151: [GC (Allocation Failure) [PSYoungGen: 60736K->1533K(61440K)] 430008K->370806K(572928K), 0.0015777 secs] [Times: user=0.01 sys=0.00, real=0.01 secs] 
573.497: [GC (Allocation Failure) [PSYoungGen: 60925K->1501K(61440K)] 430198K->370782K(572928K), 0.0016474 secs] [Times: user=0.00 sys=0.00, real=0.00 secs] 
573.842: [GC (Allocation Failure) [PSYoungGen: 60893K->1549K(61440K)] 430174K->370830K(572928K), 0.0016030 secs] [Times: user=0.01 sys=0.00, real=0.00 secs] 
574.188: [GC (Allocation Failure) [PSYoungGen: 60941K->1485K(61440K)] 430222K->370766K(572928K), 0.0016491 secs] [Times: user=0.01 sys=0.00, real=0.00 secs] 
574.554: [GC (Allocation Failure) [PSYoungGen: 60877K->1408K(61440K)] 430158K->370704K(572928K), 0.0018601 secs] [Times: user=0.01 sys=0.00, real=0.00 secs] 
574.839: [GC (Allocation Failure) [PSYoungGen: 60800K->1376K(61440K)] 430096K->370672K(572928K), 0.0017769 secs] [Times: user=0.01 sys=0.00, real=0.00 secs] 
575.122: [GC (Allocation Failure) [PSYoungGen: 60768K->1328K(61440K)] 430064K->370624K(572928K), 0.0017309 secs] [Times: user=0.01 sys=0.00, real=0.01 secs] 
575.369: [GC (Allocation Failure) [PSYoungGen: 60720K->1376K(61440K)] 430016K->370672K(572928K), 0.0017634 secs] [Times: user=0.00 sys=0.00, real=0.00 secs] 
575.645: [GC (Allocation Failure) [PSYoungGen: 60768K->1376K(61440K)] 430064K->370672K(572928K), 0.0017630 secs] [Times: user=0.01 sys=0.00, real=0.00 secs] 
576.060: [GC (Allocation Failure) [PSYoungGen: 60749K->1485K(61440K)] 430046K->370782K(572928K), 0.0015887 secs] [Times: user=0.00 sys=0.00, real=0.00 secs] 
576.407: [GC (Allocation Failure) [PSYoungGen: 60877K->1488K(61440K)] 430174K->370792K(572928K), 0.0016009 secs] [Times: user=0.00 sys=0.00, real=0.00 secs] 
576.753: [GC (Allocation Failure) [PSYoungGen: 60864K->1517K(61440K)] 430168K->370822K(572928K), 0.0015758 secs] [Times: user=0.01 sys=0.00, real=0.00 secs] 
577.162: [GC (Allocation Failure) [PSYoungGen: 60909K->1517K(61440K)] 430214K->370822K(572928K), 0.0016381 secs] [Times: user=0.01 sys=0.00, real=0.00 secs] 
577.529: [GC (Allocation Failure) [PSYoungGen: 60909K->1392K(61440K)] 430214K->370696K(572928K), 0.0020700 secs] [Times: user=0.01 sys=0.00, real=0.00 secs] 
577.824: [GC (Allocation Failure) [PSYoungGen: 60784K->1312K(61440K)] 430088K->370616K(572928K), 0.0020370 secs] [Times: user=0.01 sys=0.00, real=0.00 secs] 
578.071: [GC (Allocation Failure) [PSYoungGen: 60704K->1376K(61440K)] 430008K->370680K(572928K), 0.0019198 secs] [Times: user=0.00 sys=0.00, real=0.01 secs] 
578.346: [GC (Allocation Failure) [PSYoungGen: 60768K->1408K(61440K)] 430072K->370712K(572928K), 0.0019913 secs] [Times: user=0.01 sys=0.00, real=0.00 secs] 
578.660: [GC (Allocation Failure) [PSYoungGen: 60800K->1469K(61440K)] 430104K->370774K(572928K), 0.0017769 secs] [Times: user=0.00 sys=0.00, real=0.01 secs] 
579.090: [GC (Allocation Failure) [PSYoungGen: 60861K->1549K(61440K)] 430166K->370854K(572928K), 0.0016847 secs] [Times: user=0.00 sys=0.00, real=0.01 secs] 
579.446: [GC (Allocation Failure) [PSYoungGen: 60941K->1485K(61440K)] 430246K->370806K(572928K), 0.0016028 secs] [Times: user=0.00 sys=0.00, real=0.00 secs] 
579.793: [GC (Allocation Failure) [PSYoungGen: 60877K->1581K(61440K)] 430198K->370902K(572928K), 0.0018232 secs] [Times: user=0.00 sys=0.00, real=0.00 secs] 
580.139: [GC (Allocation Failure) [PSYoungGen: 60910K->288K(61440K)] 430231K->369608K(572928K), 0.0016628 secs] [Times: user=0.01 sys=0.00, real=0.00 secs] 
580.714: [GC (Allocation Failure) [PSYoungGen: 59680K->1344K(61440K)] 429000K->370664K(572928K), 0.0031961 secs] [Times: user=0.01 sys=0.00, real=0.00 secs] 
581.435: [GC (Allocation Failure) [PSYoungGen: 60736K->1376K(61440K)] 430056K->370696K(572928K), 0.0027684 secs] [Times: user=0.01 sys=0.00, real=0.00 secs] 
581.837: [GC (Allocation Failure) [PSYoungGen: 60768K->1344K(61440K)] 430088K->370664K(572928K), 0.0023252 secs] [Times: user=0.01 sys=0.00, real=0.00 secs] 
582.505: [GC (Allocation Failure) [PSYoungGen: 60736K->1344K(61440K)] 430056K->370664K(572928K), 0.0022921 secs] [Times: user=0.01 sys=0.00, real=0.00 secs] 
583.244: [GC (Allocation Failure) [PSYoungGen: 60736K->1469K(61440K)] 430056K->370790K(572928K), 0.0021243 secs] [Times: user=0.00 sys=0.00, real=0.00 secs] 
583.682: [GC (Allocation Failure) [PSYoungGen: 60861K->1549K(61440K)] 430182K->370870K(572928K), 0.0015717 secs] [Times: user=0.01 sys=0.00, real=0.00 secs] 
584.031: [GC (Allocation Failure) [PSYoungGen: 60941K->1520K(61440K)] 430262K->370856K(572928K), 0.0018222 secs] [Times: user=0.01 sys=0.00, real=0.01 secs] 
584.450: [GC (Allocation Failure) [PSYoungGen: 60912K->1581K(61440K)] 430248K->370918K(572928K), 0.0018368 secs] [Times: user=0.01 sys=0.00, real=0.00 secs] 
584.815: [GC (Allocation Failure) [PSYoungGen: 60973K->2000K(61440K)] 430310K->371344K(572928K), 0.0019352 secs] [Times: user=0.01 sys=0.00, real=0.00 secs] 
585.085: [GC (Allocation Failure) [PSYoungGen: 61392K->1392K(61440K)] 430736K->370744K(572928K), 0.0023007 secs] [Times: user=0.01 sys=0.00, real=0.00 secs] 
585.371: [GC (Allocation Failure) [PSYoungGen: 60784K->1408K(61440K)] 430136K->370760K(572928K), 0.0019675 secs] [Times: user=0.01 sys=0.00, real=0.01 secs] 
585.618: [GC (Allocation Failure) [PSYoungGen: 60800K->1376K(61440K)] 430152K->370760K(572928K), 0.0019359 secs] [Times: user=0.01 sys=0.00, real=0.00 secs] 
585.995: [GC (Allocation Failure) [PSYoungGen: 60768K->1376K(61440K)] 430152K->370760K(572928K), 0.0019626 secs] [Times: user=0.01 sys=0.00, real=0.00 secs] 
586.660: [GC (Allocation Failure) [PSYoungGen: 60768K->1549K(61440K)] 430152K->370934K(572928K), 0.0019276 secs] [Times: user=0.00 sys=0.00, real=0.00 secs] 
587.013: [GC (Allocation Failure) [PSYoungGen: 60933K->1549K(61440K)] 430318K->370942K(572928K), 0.0016593 secs] [Times: user=0.01 sys=0.00, real=0.00 secs] 
587.365: [GC (Allocation Failure) [PSYoungGen: 60941K->1517K(61440K)] 430334K->370918K(572928K), 0.0016711 secs] [Times: user=0.01 sys=0.00, real=0.00 secs] 
587.711: [GC (Allocation Failure) [PSYoungGen: 60909K->1581K(61440K)] 430310K->370982K(572928K), 0.0015621 secs] [Times: user=0.01 sys=0.00, real=0.01 secs] 
588.067: [GC (Allocation Failure) [PSYoungGen: 60973K->1504K(61440K)] 430374K->370904K(572928K), 0.0021203 secs] [Times: user=0.01 sys=0.00, real=0.00 secs] 
588.332: [GC (Allocation Failure) [PSYoungGen: 60896K->1376K(61440K)] 430296K->370776K(572928K), 0.0022172 secs] [Times: user=0.01 sys=0.00, real=0.00 secs] 
588.750: [GC (Allocation Failure) [PSYoungGen: 60768K->1376K(61440K)] 430168K->370776K(572928K), 0.0021760 secs] [Times: user=0.01 sys=0.00, real=0.01 secs] 
589.181: [GC (Allocation Failure) [PSYoungGen: 60768K->1376K(61440K)] 430168K->370776K(572928K), 0.0019005 secs] [Times: user=0.00 sys=0.00, real=0.01 secs] 
589.652: [GC (Allocation Failure) [PSYoungGen: 60768K->1376K(61440K)] 430168K->370776K(572928K), 0.0028753 secs] [Times: user=0.01 sys=0.00, real=0.00 secs] 
590.230: [GC (Allocation Failure) [PSYoungGen: 60768K->1488K(61440K)] 430168K->370888K(572928K), 0.0015184 secs] [Times: user=0.01 sys=0.00, real=0.01 secs] 
590.634: [GC (Allocation Failure) [PSYoungGen: 60880K->1517K(61440K)] 430280K->370942K(572928K), 0.0016533 secs] [Times: user=0.01 sys=0.00, real=0.00 secs] 
590.982: [GC (Allocation Failure) [PSYoungGen: 60909K->1517K(61440K)] 430334K->370942K(572928K), 0.0018641 secs] [Times: user=0.01 sys=0.00, real=0.01 secs] 
591.329: [GC (Allocation Failure) [PSYoungGen: 60909K->1584K(61440K)] 430334K->371008K(572928K), 0.0016254 secs] [Times: user=0.01 sys=0.00, real=0.00 secs] 
592.065: [GC (Allocation Failure) [PSYoungGen: 60976K->1456K(61440K)] 430400K->370888K(572928K), 0.0044979 secs] [Times: user=0.01 sys=0.00, real=0.00 secs] 
592.754: [GC (Allocation Failure) [PSYoungGen: 60848K->1376K(61440K)] 430280K->370808K(572928K), 0.0034234 secs] [Times: user=0.02 sys=0.00, real=0.00 secs] 
593.280: [GC (Allocation Failure) [PSYoungGen: 60768K->1360K(61440K)] 430200K->370792K(572928K), 0.0023312 secs] [Times: user=0.01 sys=0.00, real=0.01 secs] 
593.748: [GC (Allocation Failure) [PSYoungGen: 60752K->1376K(61440K)] 430184K->370808K(572928K), 0.0024537 secs] [Times: user=0.01 sys=0.00, real=0.00 secs] 
594.216: [GC (Allocation Failure) [PSYoungGen: 60768K->1392K(61440K)] 430200K->370824K(572928K), 0.0024796 secs] [Times: user=0.01 sys=0.00, real=0.00 secs] 
594.650: [GC (Allocation Failure) [PSYoungGen: 60769K->1485K(61440K)] 430202K->370918K(572928K), 0.0016185 secs] [Times: user=0.01 sys=0.00, real=0.00 secs] 
594.997: [GC (Allocation Failure) [PSYoungGen: 60877K->1549K(61440K)] 430310K->370998K(572928K), 0.0015806 secs] [Times: user=0.00 sys=0.00, real=0.00 secs] 
595.342: [GC (Allocation Failure) [PSYoungGen: 60941K->1517K(61440K)] 430390K->370966K(572928K), 0.0015897 secs] [Times: user=0.01 sys=0.00, real=0.00 secs] 
595.689: [GC (Allocation Failure) [PSYoungGen: 60909K->1549K(61440K)] 430358K->370998K(572928K), 0.0015851 secs] [Times: user=0.01 sys=0.00, real=0.00 secs] 
596.236: [GC (Allocation Failure) [PSYoungGen: 60941K->1440K(61440K)] 430390K->370904K(572928K), 0.0019005 secs] [Times: user=0.01 sys=0.00, real=0.00 secs] 
596.552: [GC (Allocation Failure) [PSYoungGen: 60832K->1392K(61440K)] 430296K->370856K(572928K), 0.0022682 secs] [Times: user=0.01 sys=0.00, real=0.00 secs] 
597.083: [GC (Allocation Failure) [PSYoungGen: 60784K->1376K(61440K)] 430248K->370840K(572928K), 0.0043393 secs] [Times: user=0.01 sys=0.01, real=0.00 secs] 
597.949: [GC (Allocation Failure) [PSYoungGen: 60768K->1392K(61440K)] 430232K->370856K(572928K), 0.0027235 secs] [Times: user=0.01 sys=0.00, real=0.00 secs] 
598.657: [GC (Allocation Failure) [PSYoungGen: 60784K->1360K(61440K)] 430248K->370824K(572928K), 0.0028851 secs] [Times: user=0.01 sys=0.00, real=0.00 secs] 
599.184: [GC (Allocation Failure) [PSYoungGen: 60752K->1517K(61440K)] 430216K->370982K(572928K), 0.0015378 secs] [Times: user=0.00 sys=0.00, real=0.00 secs] 
599.530: [GC (Allocation Failure) [PSYoungGen: 60902K->1581K(61440K)] 430367K->371078K(572928K), 0.0017294 secs] [Times: user=0.01 sys=0.00, real=0.01 secs] 
599.890: [GC (Allocation Failure) [PSYoungGen: 60973K->1517K(61440K)] 430470K->371014K(572928K), 0.0016069 secs] [Times: user=0.00 sys=0.00, real=0.00 secs] 
600.238: [GC (Allocation Failure) [PSYoungGen: 60909K->1517K(61440K)] 430406K->371014K(572928K), 0.0016236 secs] [Times: user=0.00 sys=0.00, real=0.00 secs] 
600.510: [GC (Allocation Failure) [PSYoungGen: 60909K->1408K(61440K)] 430406K->370904K(572928K), 0.0016120 secs] [Times: user=0.01 sys=0.00, real=0.00 secs] 
600.997: [GC (Allocation Failure) [PSYoungGen: 60800K->1312K(61440K)] 430296K->370808K(572928K), 0.0018341 secs] [Times: user=0.01 sys=0.00, real=0.00 secs] 
601.565: [GC (Allocation Failure) [PSYoungGen: 60704K->1344K(61440K)] 430200K->370840K(572928K), 0.0019577 secs] [Times: user=0.01 sys=0.00, real=0.00 secs] 
602.085: [GC (Allocation Failure) [PSYoungGen: 60736K->1408K(61440K)] 430232K->370904K(572928K), 0.0019699 secs] [Times: user=0.01 sys=0.00, real=0.00 secs] 
602.642: [GC (Allocation Failure) [PSYoungGen: 60772K->1373K(61440K)] 430269K->370870K(572928K), 0.0019995 secs] [Times: user=0.01 sys=0.00, real=0.01 secs] 
603.012: [GC (Allocation Failure) [PSYoungGen: 60765K->1517K(61440K)] 430262K->371014K(572928K), 0.0016786 secs] [Times: user=0.01 sys=0.00, real=0.00 secs] 
603.358: [GC (Allocation Failure) [PSYoungGen: 60909K->1517K(61440K)] 430406K->371030K(572928K), 0.0017562 secs] [Times: user=0.01 sys=0.00, real=0.00 secs] 
603.703: [GC (Allocation Failure) [PSYoungGen: 60909K->1517K(61440K)] 430422K->371030K(572928K), 0.0019953 secs] [Times: user=0.00 sys=0.00, real=0.00 secs] 
604.114: [GC (Allocation Failure) [PSYoungGen: 60909K->1453K(61440K)] 430422K->370966K(572928K), 0.0018200 secs] [Times: user=0.01 sys=0.00, real=0.00 secs] 
604.415: [GC (Allocation Failure) [PSYoungGen: 60845K->1408K(61440K)] 430358K->370928K(572928K), 0.0020732 secs] [Times: user=0.00 sys=0.01, real=0.00 secs] 
604.662: [GC (Allocation Failure) [PSYoungGen: 60800K->1376K(61440K)] 430320K->370896K(572928K), 0.0019774 secs] [Times: user=0.01 sys=0.00, real=0.00 secs] 
604.909: [GC (Allocation Failure) [PSYoungGen: 60768K->1408K(61440K)] 430288K->370960K(572928K), 0.0018260 secs] [Times: user=0.01 sys=0.00, real=0.00 secs] 
605.180: [GC (Allocation Failure) [PSYoungGen: 60800K->1408K(61440K)] 430352K->370960K(572928K), 0.0020054 secs] [Times: user=0.01 sys=0.00, real=0.01 secs] 
605.680: [GC (Allocation Failure) [PSYoungGen: 60800K->1485K(61440K)] 430352K->371038K(572928K), 0.0026144 secs] [Times: user=0.01 sys=0.00, real=0.01 secs] 
606.091: [GC (Allocation Failure) [PSYoungGen: 60877K->1581K(61440K)] 430430K->371134K(572928K), 0.0015760 secs] [Times: user=0.01 sys=0.01, real=0.01 secs] 
606.436: [GC (Allocation Failure) [PSYoungGen: 60973K->1501K(61440K)] 430526K->371070K(572928K), 0.0015987 secs] [Times: user=0.01 sys=0.00, real=0.00 secs] 
606.784: [GC (Allocation Failure) [PSYoungGen: 60893K->1533K(61440K)] 430462K->371102K(572928K), 0.0015895 secs] [Times: user=0.01 sys=0.00, real=0.00 secs] 
607.240: [GC (Allocation Failure) [PSYoungGen: 60925K->1760K(61440K)] 430494K->371328K(572928K), 0.0023339 secs] [Times: user=0.01 sys=0.00, real=0.01 secs] 
608.151: [GC (Allocation Failure) [PSYoungGen: 61152K->1376K(61440K)] 430720K->370944K(572928K), 0.0035706 secs] [Times: user=0.01 sys=0.00, real=0.01 secs] 
608.854: [GC (Allocation Failure) [PSYoungGen: 60768K->1408K(61440K)] 430336K->370976K(572928K), 0.0032556 secs] [Times: user=0.01 sys=0.00, real=0.00 secs] 
609.380: [GC (Allocation Failure) [PSYoungGen: 60800K->1376K(61440K)] 430368K->370944K(572928K), 0.0027456 secs] [Times: user=0.01 sys=0.00, real=0.01 secs] 
609.848: [GC (Allocation Failure) [PSYoungGen: 60768K->1408K(61440K)] 430336K->370976K(572928K), 0.0022888 secs] [Times: user=0.01 sys=0.01, real=0.00 secs] 
610.518: [GC (Allocation Failure) [PSYoungGen: 60800K->1437K(61440K)] 430368K->371006K(572928K), 0.0017126 secs] [Times: user=0.00 sys=0.01, real=0.00 secs] 
610.865: [GC (Allocation Failure) [PSYoungGen: 60812K->1517K(61440K)] 430381K->371086K(572928K), 0.0015815 secs] [Times: user=0.00 sys=0.00, real=0.00 secs] 
611.212: [GC (Allocation Failure) [PSYoungGen: 60909K->1581K(61440K)] 430478K->371174K(572928K), 0.0017966 secs] [Times: user=0.00 sys=0.00, real=0.01 secs] 
611.558: [GC (Allocation Failure) [PSYoungGen: 60973K->1520K(61440K)] 430566K->371120K(572928K), 0.0015975 secs] [Times: user=0.00 sys=0.00, real=0.00 secs] 
611.934: [GC (Allocation Failure) [PSYoungGen: 60912K->1504K(61440K)] 430512K->371104K(572928K), 0.0018932 secs] [Times: user=0.01 sys=0.00, real=0.00 secs] 
612.231: [GC (Allocation Failure) [PSYoungGen: 60896K->1376K(61440K)] 430496K->370976K(572928K), 0.0018444 secs] [Times: user=0.00 sys=0.00, real=0.01 secs] 
612.478: [GC (Allocation Failure) [PSYoungGen: 60768K->1376K(61440K)] 430368K->370976K(572928K), 0.0018636 secs] [Times: user=0.00 sys=0.01, real=0.00 secs] 
612.725: [GC (Allocation Failure) [PSYoungGen: 60768K->1408K(61440K)] 430368K->371008K(572928K), 0.0026895 secs] [Times: user=0.01 sys=0.00, real=0.00 secs] 
612.993: [GC (Allocation Failure) [PSYoungGen: 60800K->1344K(61440K)] 430400K->370944K(572928K), 0.0020607 secs] [Times: user=0.01 sys=0.00, real=0.00 secs] 
613.325: [GC (Allocation Failure) [PSYoungGen: 60716K->1517K(61440K)] 430316K->371118K(572928K), 0.0016471 secs] [Times: user=0.01 sys=0.00, real=0.00 secs] 
613.673: [GC (Allocation Failure) [PSYoungGen: 60909K->1549K(61440K)] 430510K->371166K(572928K), 0.0017332 secs] [Times: user=0.00 sys=0.00, real=0.00 secs] 
614.018: [GC (Allocation Failure) [PSYoungGen: 60941K->1485K(61440K)] 430558K->371110K(572928K), 0.0016143 secs] [Times: user=0.01 sys=0.00, real=0.00 secs] 
614.364: [GC (Allocation Failure) [PSYoungGen: 60877K->1549K(61440K)] 430502K->371182K(572928K), 0.0015471 secs] [Times: user=0.01 sys=0.00, real=0.00 secs] 
615.515: [GC (Allocation Failure) [PSYoungGen: 60941K->1408K(61440K)] 430574K->371064K(572928K), 0.0032954 secs] [Times: user=0.01 sys=0.00, real=0.00 secs] 
616.148: [GC (Allocation Failure) [PSYoungGen: 60800K->1376K(61440K)] 430456K->371048K(572928K), 0.0026320 secs] [Times: user=0.01 sys=0.00, real=0.00 secs] 
616.517: [GC (Allocation Failure) [PSYoungGen: 60768K->1344K(61440K)] 430440K->371016K(572928K), 0.0020629 secs] [Times: user=0.00 sys=0.00, real=0.00 secs] 
616.764: [GC (Allocation Failure) [PSYoungGen: 60736K->1360K(61440K)] 430408K->371032K(572928K), 0.0020262 secs] [Times: user=0.01 sys=0.00, real=0.00 secs] 
617.011: [GC (Allocation Failure) [PSYoungGen: 60752K->1344K(61440K)] 430424K->371016K(572928K), 0.0018797 secs] [Times: user=0.01 sys=0.00, real=0.01 secs] 
617.361: [GC (Allocation Failure) [PSYoungGen: 60715K->1517K(61440K)] 430388K->371190K(572928K), 0.0017064 secs] [Times: user=0.01 sys=0.00, real=0.01 secs] 
617.712: [GC (Allocation Failure) [PSYoungGen: 60909K->1520K(61440K)] 430582K->371208K(572928K), 0.0017026 secs] [Times: user=0.00 sys=0.00, real=0.00 secs] 
618.066: [GC (Allocation Failure) [PSYoungGen: 60890K->1453K(61440K)] 430578K->371142K(572928K), 0.0015805 secs] [Times: user=0.01 sys=0.00, real=0.00 secs] 
618.412: [GC (Allocation Failure) [PSYoungGen: 60845K->1472K(61440K)] 430534K->371160K(572928K), 0.0015644 secs] [Times: user=0.01 sys=0.00, real=0.01 secs] 
618.886: [GC (Allocation Failure) [PSYoungGen: 60864K->1408K(61440K)] 430552K->371096K(572928K), 0.0018674 secs] [Times: user=0.01 sys=0.00, real=0.00 secs] 
619.375: [GC (Allocation Failure) [PSYoungGen: 60800K->1408K(61440K)] 430488K->371096K(572928K), 0.0019243 secs] [Times: user=0.01 sys=0.00, real=0.00 secs] 
619.875: [GC (Allocation Failure) [PSYoungGen: 60800K->1424K(61440K)] 430488K->371112K(572928K), 0.0019192 secs] [Times: user=0.01 sys=0.00, real=0.00 secs] 
620.361: [GC (Allocation Failure) [PSYoungGen: 60816K->1408K(61440K)] 430504K->371096K(572928K), 0.0020090 secs] [Times: user=0.01 sys=0.00, real=0.01 secs] 
620.873: [GC (Allocation Failure) [PSYoungGen: 60800K->1312K(61440K)] 430488K->371000K(572928K), 0.0018971 secs] [Times: user=0.01 sys=0.00, real=0.00 secs] 
621.284: [GC (Allocation Failure) [PSYoungGen: 60704K->1453K(61440K)] 430392K->371142K(572928K), 0.0016697 secs] [Times: user=0.01 sys=0.00, real=0.00 secs] 
621.630: [GC (Allocation Failure) [PSYoungGen: 60845K->1581K(61440K)] 430534K->371286K(572928K), 0.0016464 secs] [Times: user=0.01 sys=0.00, real=0.01 secs] 
621.977: [GC (Allocation Failure) [PSYoungGen: 60973K->1517K(61440K)] 430678K->371222K(572928K), 0.0016435 secs] [Times: user=0.00 sys=0.00, real=0.00 secs] 
622.325: [GC (Allocation Failure) [PSYoungGen: 60909K->1520K(61440K)] 430614K->371224K(572928K), 0.0016389 secs] [Times: user=0.01 sys=0.00, real=0.00 secs] 
622.683: [GC (Allocation Failure) [PSYoungGen: 60912K->1472K(61440K)] 430616K->371176K(572928K), 0.0016825 secs] [Times: user=0.00 sys=0.00, real=0.00 secs] 
623.173: [GC (Allocation Failure) [PSYoungGen: 60864K->1344K(61440K)] 430568K->371048K(572928K), 0.0018046 secs] [Times: user=0.01 sys=0.00, real=0.00 secs] 
623.707: [GC (Allocation Failure) [PSYoungGen: 60736K->1408K(61440K)] 430440K->371112K(572928K), 0.0019532 secs] [Times: user=0.01 sys=0.00, real=0.00 secs] 
624.308: [GC (Allocation Failure) [PSYoungGen: 60800K->1376K(61440K)] 430504K->371080K(572928K), 0.0021591 secs] [Times: user=0.01 sys=0.00, real=0.00 secs] 
624.885: [GC (Allocation Failure) [PSYoungGen: 60768K->1376K(61440K)] 430472K->371080K(572928K), 0.0023132 secs] [Times: user=0.01 sys=0.00, real=0.00 secs] 
625.345: [GC (Allocation Failure) [PSYoungGen: 60753K->1549K(61440K)] 430458K->371254K(572928K), 0.0016609 secs] [Times: user=0.01 sys=0.00, real=0.00 secs] 
625.747: [GC (Allocation Failure) [PSYoungGen: 60941K->1549K(61440K)] 430646K->371270K(572928K), 0.0016792 secs] [Times: user=0.00 sys=0.00, real=0.00 secs] 
626.153: [GC (Allocation Failure) [PSYoungGen: 60941K->1552K(61440K)] 430662K->371304K(572928K), 0.0016308 secs] [Times: user=0.00 sys=0.00, real=0.00 secs] 
626.562: [GC (Allocation Failure) [PSYoungGen: 60944K->1517K(61440K)] 430696K->371270K(572928K), 0.0016482 secs] [Times: user=0.01 sys=0.00, real=0.00 secs] 
626.932: [GC (Allocation Failure) [PSYoungGen: 60909K->1360K(61440K)] 430662K->371112K(572928K), 0.0025108 secs] [Times: user=0.01 sys=0.01, real=0.00 secs] 
627.450: [GC (Allocation Failure) [PSYoungGen: 60752K->1376K(61440K)] 430504K->371128K(572928K), 0.0021376 secs] [Times: user=0.00 sys=0.00, real=0.01 secs] 
628.059: [GC (Allocation Failure) [PSYoungGen: 60768K->1344K(61440K)] 430520K->371096K(572928K), 0.0021910 secs] [Times: user=0.01 sys=0.00, real=0.00 secs] 
628.871: [GC (Allocation Failure) [PSYoungGen: 60736K->1344K(61440K)] 430488K->371096K(572928K), 0.0025439 secs] [Times: user=0.01 sys=0.00, real=0.01 secs] 
629.641: [GC (Allocation Failure) [PSYoungGen: 60736K->1453K(61440K)] 430488K->371206K(572928K), 0.0020393 secs] [Times: user=0.01 sys=0.00, real=0.01 secs] 
630.095: [GC (Allocation Failure) [PSYoungGen: 60845K->1581K(61440K)] 430598K->371334K(572928K), 0.0016431 secs] [Times: user=0.01 sys=0.00, real=0.00 secs] 
630.442: [GC (Allocation Failure) [PSYoungGen: 60973K->1549K(61440K)] 430726K->371318K(572928K), 0.0016789 secs] [Times: user=0.01 sys=0.00, real=0.00 secs] 
630.801: [GC (Allocation Failure) [PSYoungGen: 60941K->1581K(61440K)] 430710K->371350K(572928K), 0.0016712 secs] [Times: user=0.01 sys=0.00, real=0.01 secs] 
631.202: [GC (Allocation Failure) [PSYoungGen: 60964K->320K(61440K)] 430733K->370088K(572928K), 0.0015868 secs] [Times: user=0.01 sys=0.00, real=0.00 secs] 
631.450: [GC (Allocation Failure) [PSYoungGen: 59712K->1376K(61440K)] 429480K->371144K(572928K), 0.0026571 secs] [Times: user=0.01 sys=0.00, real=0.01 secs] 
631.698: [GC (Allocation Failure) [PSYoungGen: 60768K->1376K(61440K)] 430536K->371152K(572928K), 0.0019125 secs] [Times: user=0.01 sys=0.00, real=0.00 secs] 
631.945: [GC (Allocation Failure) [PSYoungGen: 60768K->1408K(61440K)] 430544K->371184K(572928K), 0.0018221 secs] [Times: user=0.01 sys=0.00, real=0.00 secs] 
632.324: [GC (Allocation Failure) [PSYoungGen: 60800K->1344K(61440K)] 430576K->371120K(572928K), 0.0019339 secs] [Times: user=0.01 sys=0.00, real=0.00 secs] 
632.796: [GC (Allocation Failure) [PSYoungGen: 60736K->1517K(61440K)] 430512K->371294K(572928K), 0.0017354 secs] [Times: user=0.01 sys=0.00, real=0.00 secs] 
633.144: [GC (Allocation Failure) [PSYoungGen: 60909K->1520K(61440K)] 430686K->371296K(572928K), 0.0016272 secs] [Times: user=0.01 sys=0.00, real=0.00 secs] 
633.548: [GC (Allocation Failure) [PSYoungGen: 60912K->1549K(61440K)] 430688K->371334K(572928K), 0.0016407 secs] [Times: user=0.01 sys=0.00, real=0.00 secs] 
633.896: [GC (Allocation Failure) [PSYoungGen: 60941K->1552K(61440K)] 430726K->371336K(572928K), 0.0017201 secs] [Times: user=0.01 sys=0.00, real=0.00 secs] 
634.379: [GC (Allocation Failure) [PSYoungGen: 60944K->1504K(61440K)] 430728K->371288K(572928K), 0.0019068 secs] [Times: user=0.00 sys=0.00, real=0.00 secs] 
634.627: [GC (Allocation Failure) [PSYoungGen: 60896K->1376K(61440K)] 430680K->371160K(572928K), 0.0020651 secs] [Times: user=0.01 sys=0.00, real=0.00 secs] 
634.910: [GC (Allocation Failure) [PSYoungGen: 60768K->1376K(61440K)] 430552K->371184K(572928K), 0.0021129 secs] [Times: user=0.01 sys=0.00, real=0.01 secs] 
635.276: [GC (Allocation Failure) [PSYoungGen: 60768K->1312K(61440K)] 430576K->371120K(572928K), 0.0020983 secs] [Times: user=0.01 sys=0.00, real=0.00 secs] 
635.736: [GC (Allocation Failure) [PSYoungGen: 60704K->1408K(61440K)] 430512K->371216K(572928K), 0.0020641 secs] [Times: user=0.00 sys=0.00, real=0.00 secs] 
636.242: [GC (Allocation Failure) [PSYoungGen: 60790K->1453K(61440K)] 430599K->371262K(572928K), 0.0015960 secs] [Times: user=0.01 sys=0.00, real=0.01 secs] 
636.588: [GC (Allocation Failure) [PSYoungGen: 60845K->1581K(61440K)] 430654K->371398K(572928K), 0.0016085 secs] [Times: user=0.00 sys=0.00, real=0.00 secs] 
636.934: [GC (Allocation Failure) [PSYoungGen: 60973K->1485K(61440K)] 430790K->371318K(572928K), 0.0017091 secs] [Times: user=0.01 sys=0.00, real=0.00 secs] 
637.281: [GC (Allocation Failure) [PSYoungGen: 60877K->1504K(61440K)] 430710K->371336K(572928K), 0.0016170 secs] [Times: user=0.00 sys=0.00, real=0.01 secs] 
637.755: [GC (Allocation Failure) [PSYoungGen: 60896K->1440K(61440K)] 430728K->371272K(572928K), 0.0019277 secs] [Times: user=0.01 sys=0.00, real=0.00 secs] 
638.048: [GC (Allocation Failure) [PSYoungGen: 60832K->1376K(61440K)] 430664K->371208K(572928K), 0.0019310 secs] [Times: user=0.01 sys=0.00, real=0.00 secs] 
638.290: [GC (Allocation Failure) [PSYoungGen: 60768K->1376K(61440K)] 430600K->371208K(572928K), 0.0025535 secs] [Times: user=0.01 sys=0.00, real=0.01 secs] 
638.537: [GC (Allocation Failure) [PSYoungGen: 60768K->1344K(61440K)] 430600K->371176K(572928K), 0.0020380 secs] [Times: user=0.01 sys=0.00, real=0.00 secs] 
638.784: [GC (Allocation Failure) [PSYoungGen: 60736K->1344K(61440K)] 430568K->371176K(572928K), 0.0018910 secs] [Times: user=0.01 sys=0.01, real=0.00 secs] 
639.148: [GC (Allocation Failure) [PSYoungGen: 60736K->1501K(61440K)] 430568K->371334K(572928K), 0.0016385 secs] [Times: user=0.01 sys=0.00, real=0.00 secs] 
639.494: [GC (Allocation Failure) [PSYoungGen: 60893K->1552K(61440K)] 430726K->371400K(572928K), 0.0015854 secs] [Times: user=0.01 sys=0.00, real=0.00 secs] 
639.841: [GC (Allocation Failure) [PSYoungGen: 60944K->1517K(61440K)] 430792K->371366K(572928K), 0.0016965 secs] [Times: user=0.01 sys=0.00, real=0.01 secs] 
640.187: [GC (Allocation Failure) [PSYoungGen: 60909K->1517K(61440K)] 430758K->371366K(572928K), 0.0015762 secs] [Times: user=0.00 sys=0.00, real=0.00 secs] 
640.791: [GC (Allocation Failure) [PSYoungGen: 60909K->1440K(61440K)] 430758K->371288K(572928K), 0.0018912 secs] [Times: user=0.01 sys=0.00, real=0.01 secs] 
641.266: [GC (Allocation Failure) [PSYoungGen: 60832K->1376K(61440K)] 430680K->371224K(572928K), 0.0024921 secs] [Times: user=0.01 sys=0.00, real=0.00 secs] 
641.828: [GC (Allocation Failure) [PSYoungGen: 60768K->1408K(61440K)] 430616K->371256K(572928K), 0.0020336 secs] [Times: user=0.01 sys=0.00, real=0.00 secs] 
642.299: [GC (Allocation Failure) [PSYoungGen: 60800K->1376K(61440K)] 430648K->371224K(572928K), 0.0020153 secs] [Times: user=0.00 sys=0.00, real=0.00 secs] 
642.753: [GC (Allocation Failure) [PSYoungGen: 60768K->1344K(61440K)] 430616K->371192K(572928K), 0.0021948 secs] [Times: user=0.01 sys=0.00, real=0.00 secs] 
643.292: [GC (Allocation Failure) [PSYoungGen: 60736K->1488K(61440K)] 430584K->371336K(572928K), 0.0016145 secs] [Times: user=0.00 sys=0.00, real=0.00 secs] 
643.639: [GC (Allocation Failure) [PSYoungGen: 60880K->1565K(61440K)] 430728K->371430K(572928K), 0.0016667 secs] [Times: user=0.00 sys=0.00, real=0.00 secs] 
643.984: [GC (Allocation Failure) [PSYoungGen: 60957K->1584K(61440K)] 430822K->371448K(572928K), 0.0016146 secs] [Times: user=0.01 sys=0.00, real=0.00 secs] 
644.333: [GC (Allocation Failure) [PSYoungGen: 60976K->1469K(61440K)] 430840K->371342K(572928K), 0.0016283 secs] [Times: user=0.00 sys=0.00, real=0.00 secs] 
644.686: [GC (Allocation Failure) [PSYoungGen: 60861K->1472K(61440K)] 430734K->371344K(572928K), 0.0024438 secs] [Times: user=0.01 sys=0.01, real=0.00 secs] 
644.934: [GC (Allocation Failure) [PSYoungGen: 60864K->1376K(61440K)] 430736K->371248K(572928K), 0.0021372 secs] [Times: user=0.01 sys=0.00, real=0.00 secs] 
645.251: [GC (Allocation Failure) [PSYoungGen: 60768K->1408K(61440K)] 430640K->371304K(572928K), 0.0018439 secs] [Times: user=0.01 sys=0.00, real=0.01 secs] 
645.804: [GC (Allocation Failure) [PSYoungGen: 60800K->1408K(61440K)] 430696K->371304K(572928K), 0.0019447 secs] [Times: user=0.00 sys=0.00, real=0.00 secs] 
646.483: [GC (Allocation Failure) [PSYoungGen: 60800K->1376K(61440K)] 430696K->371272K(572928K), 0.0041431 secs] [Times: user=0.02 sys=0.00, real=0.00 secs] 
647.089: [GC (Allocation Failure) [PSYoungGen: 60768K->1485K(61440K)] 430664K->371382K(572928K), 0.0017021 secs] [Times: user=0.00 sys=0.00, real=0.00 secs] 
647.436: [GC (Allocation Failure) [PSYoungGen: 60877K->1581K(61440K)] 430774K->371486K(572928K), 0.0015737 secs] [Times: user=0.01 sys=0.00, real=0.00 secs] 
647.786: [GC (Allocation Failure) [PSYoungGen: 60973K->1549K(61440K)] 430878K->371454K(572928K), 0.0015687 secs] [Times: user=0.01 sys=0.00, real=0.00 secs] 
648.134: [GC (Allocation Failure) [PSYoungGen: 60941K->1549K(61440K)] 430846K->371454K(572928K), 0.0016028 secs] [Times: user=0.00 sys=0.00, real=0.00 secs] 
648.554: [GC (Allocation Failure) [PSYoungGen: 60941K->1376K(61440K)] 430846K->371280K(572928K), 0.0020191 secs] [Times: user=0.01 sys=0.00, real=0.00 secs] 
648.817: [GC (Allocation Failure) [PSYoungGen: 60768K->1376K(61440K)] 430672K->371280K(572928K), 0.0019062 secs] [Times: user=0.01 sys=0.00, real=0.00 secs] 
649.071: [GC (Allocation Failure) [PSYoungGen: 60768K->1376K(61440K)] 430672K->371280K(572928K), 0.0026178 secs] [Times: user=0.01 sys=0.00, real=0.01 secs] 
649.347: [GC (Allocation Failure) [PSYoungGen: 60768K->1376K(61440K)] 430672K->371280K(572928K), 0.0030840 secs] [Times: user=0.01 sys=0.00, real=0.00 secs] 
649.627: [GC (Allocation Failure) [PSYoungGen: 60763K->1469K(61440K)] 430668K->371374K(572928K), 0.0020461 secs] [Times: user=0.01 sys=0.00, real=0.00 secs] 
650.076: [GC (Allocation Failure) [PSYoungGen: 60861K->1517K(61440K)] 430766K->371422K(572928K), 0.0018732 secs] [Times: user=0.01 sys=0.00, real=0.00 secs] 
650.423: [GC (Allocation Failure) [PSYoungGen: 60909K->1472K(61440K)] 430814K->371392K(572928K), 0.0016286 secs] [Times: user=0.00 sys=0.00, real=0.00 secs] 
650.769: [GC (Allocation Failure) [PSYoungGen: 60864K->1549K(61440K)] 430784K->371470K(572928K), 0.0015918 secs] [Times: user=0.00 sys=0.00, real=0.00 secs] 
651.123: [GC (Allocation Failure) [PSYoungGen: 60941K->1565K(61440K)] 430862K->371486K(572928K), 0.0016146 secs] [Times: user=0.01 sys=0.00, real=0.00 secs] 
651.435: [GC (Allocation Failure) [PSYoungGen: 60957K->1392K(61440K)] 430878K->371312K(572928K), 0.0026129 secs] [Times: user=0.01 sys=0.00, real=0.00 secs] 
651.678: [GC (Allocation Failure) [PSYoungGen: 60784K->1440K(61440K)] 430704K->371360K(572928K), 0.0021203 secs] [Times: user=0.01 sys=0.00, real=0.00 secs] 
651.925: [GC (Allocation Failure) [PSYoungGen: 60832K->1376K(61440K)] 430752K->371296K(572928K), 0.0019489 secs] [Times: user=0.01 sys=0.00, real=0.00 secs] 
652.172: [GC (Allocation Failure) [PSYoungGen: 60768K->1408K(61440K)] 430688K->371328K(572928K), 0.0020578 secs] [Times: user=0.01 sys=0.00, real=0.00 secs] 
652.470: [GC (Allocation Failure) [PSYoungGen: 60800K->1437K(61440K)] 430720K->371358K(572928K), 0.0015748 secs] [Times: user=0.00 sys=0.00, real=0.00 secs] 
652.820: [GC (Allocation Failure) [PSYoungGen: 60816K->1517K(61440K)] 430737K->371438K(572928K), 0.0016186 secs] [Times: user=0.00 sys=0.00, real=0.00 secs] 
653.166: [GC (Allocation Failure) [PSYoungGen: 60909K->1552K(61440K)] 430830K->371488K(572928K), 0.0015941 secs] [Times: user=0.00 sys=0.00, real=0.00 secs] 
653.513: [GC (Allocation Failure) [PSYoungGen: 60944K->1517K(61440K)] 430880K->371454K(572928K), 0.0016287 secs] [Times: user=0.00 sys=0.00, real=0.00 secs] 
653.892: [GC (Allocation Failure) [PSYoungGen: 60590K->2000K(61440K)] 430526K->371960K(572928K), 0.0018107 secs] [Times: user=0.01 sys=0.00, real=0.00 secs] 
654.137: [GC (Allocation Failure) [PSYoungGen: 61392K->1440K(61440K)] 431352K->371400K(572928K), 0.0017998 secs] [Times: user=0.00 sys=0.00, real=0.00 secs] 
654.384: [GC (Allocation Failure) [PSYoungGen: 60832K->1440K(61440K)] 430792K->371400K(572928K), 0.0016637 secs] [Times: user=0.01 sys=0.00, real=0.00 secs] 
654.631: [GC (Allocation Failure) [PSYoungGen: 60832K->1408K(61440K)] 430792K->371368K(572928K), 0.0017807 secs] [Times: user=0.01 sys=0.00, real=0.01 secs] 
654.899: [GC (Allocation Failure) [PSYoungGen: 60800K->1376K(61440K)] 430760K->371336K(572928K), 0.0017544 secs] [Times: user=0.01 sys=0.00, real=0.00 secs] 
655.218: [GC (Allocation Failure) [PSYoungGen: 60768K->1485K(61440K)] 430728K->371446K(572928K), 0.0016598 secs] [Times: user=0.01 sys=0.00, real=0.00 secs] 
655.565: [GC (Allocation Failure) [PSYoungGen: 60848K->1581K(61440K)] 430809K->371542K(572928K), 0.0016120 secs] [Times: user=0.01 sys=0.00, real=0.00 secs] 
655.971: [GC (Allocation Failure) [PSYoungGen: 60973K->1549K(61440K)] 430934K->371534K(572928K), 0.0016316 secs] [Times: user=0.01 sys=0.00, real=0.01 secs] 
656.321: [GC (Allocation Failure) [PSYoungGen: 60941K->1517K(61440K)] 430926K->371502K(572928K), 0.0016695 secs] [Times: user=0.01 sys=0.00, real=0.01 secs] 
656.849: [GC (Allocation Failure) [PSYoungGen: 60909K->1440K(61440K)] 430894K->371424K(572928K), 0.0023206 secs] [Times: user=0.01 sys=0.00, real=0.00 secs] 
657.408: [GC (Allocation Failure) [PSYoungGen: 60832K->1408K(61440K)] 430816K->371392K(572928K), 0.0023594 secs] [Times: user=0.01 sys=0.00, real=0.00 secs] 
657.654: [GC (Allocation Failure) [PSYoungGen: 60800K->1376K(61440K)] 430784K->371360K(572928K), 0.0019298 secs] [Times: user=0.01 sys=0.00, real=0.00 secs] 
657.900: [GC (Allocation Failure) [PSYoungGen: 60768K->1376K(61440K)] 430752K->371360K(572928K), 0.0018100 secs] [Times: user=0.01 sys=0.00, real=0.01 secs] 
658.147: [GC (Allocation Failure) [PSYoungGen: 60768K->1408K(61440K)] 430752K->371392K(572928K), 0.0020239 secs] [Times: user=0.01 sys=0.00, real=0.00 secs] 
658.486: [GC (Allocation Failure) [PSYoungGen: 60781K->1485K(61440K)] 430766K->371470K(572928K), 0.0015492 secs] [Times: user=0.00 sys=0.00, real=0.00 secs] 
658.832: [GC (Allocation Failure) [PSYoungGen: 60877K->1552K(61440K)] 430862K->371544K(572928K), 0.0015895 secs] [Times: user=0.00 sys=0.00, real=0.00 secs] 
659.178: [GC (Allocation Failure) [PSYoungGen: 60944K->1517K(61440K)] 430936K->371510K(572928K), 0.0015544 secs] [Times: user=0.00 sys=0.00, real=0.00 secs] 
659.587: [GC (Allocation Failure) [PSYoungGen: 60909K->1517K(61440K)] 430902K->371510K(572928K), 0.0017153 secs] [Times: user=0.01 sys=0.00, real=0.00 secs] 
660.158: [GC (Allocation Failure) [PSYoungGen: 60909K->1424K(61440K)] 430902K->371424K(572928K), 0.0031723 secs] [Times: user=0.01 sys=0.00, real=0.00 secs] 
660.670: [GC (Allocation Failure) [PSYoungGen: 60816K->1376K(61440K)] 430816K->371376K(572928K), 0.0027916 secs] [Times: user=0.01 sys=0.00, real=0.01 secs] 
661.206: [GC (Allocation Failure) [PSYoungGen: 60768K->1376K(61440K)] 430768K->371376K(572928K), 0.0027427 secs] [Times: user=0.01 sys=0.00, real=0.00 secs] 
661.495: [GC (Allocation Failure) [PSYoungGen: 60768K->1344K(61440K)] 430768K->371344K(572928K), 0.0020825 secs] [Times: user=0.00 sys=0.00, real=0.00 secs] 
661.971: [GC (Allocation Failure) [PSYoungGen: 60736K->1376K(61440K)] 430736K->371376K(572928K), 0.0020098 secs] [Times: user=0.00 sys=0.00, real=0.01 secs] 
662.503: [GC (Allocation Failure) [PSYoungGen: 60768K->1488K(61440K)] 430768K->371488K(572928K), 0.0017373 secs] [Times: user=0.01 sys=0.00, real=0.00 secs] 
662.852: [GC (Allocation Failure) [PSYoungGen: 60880K->1549K(61440K)] 430880K->371566K(572928K), 0.0016040 secs] [Times: user=0.01 sys=0.00, real=0.00 secs] 
663.202: [GC (Allocation Failure) [PSYoungGen: 60941K->1488K(61440K)] 430958K->371504K(572928K), 0.0016451 secs] [Times: user=0.01 sys=0.00, real=0.00 secs] 
663.548: [GC (Allocation Failure) [PSYoungGen: 60880K->1520K(61440K)] 430896K->371536K(572928K), 0.0016251 secs] [Times: user=0.01 sys=0.00, real=0.00 secs] 
665.336: [GC (Allocation Failure) [PSYoungGen: 60912K->1424K(61440K)] 430928K->371440K(572928K), 0.0040431 secs] [Times: user=0.01 sys=0.00, real=0.00 secs] 
665.824: [GC (Allocation Failure) [PSYoungGen: 60816K->1376K(61440K)] 430832K->371392K(572928K), 0.0022300 secs] [Times: user=0.01 sys=0.00, real=0.00 secs] 
666.065: [GC (Allocation Failure) [PSYoungGen: 60768K->1344K(61440K)] 430784K->371360K(572928K), 0.0019334 secs] [Times: user=0.01 sys=0.00, real=0.00 secs] 
666.327: [GC (Allocation Failure) [PSYoungGen: 60736K->1408K(61440K)] 430752K->371424K(572928K), 0.0019856 secs] [Times: user=0.01 sys=0.00, real=0.00 secs] 
666.736: [GC (Allocation Failure) [PSYoungGen: 60800K->1312K(61440K)] 430816K->371352K(572928K), 0.0019865 secs] [Times: user=0.01 sys=0.00, real=0.00 secs] 
667.142: [GC (Allocation Failure) [PSYoungGen: 60704K->1488K(61440K)] 430744K->371528K(572928K), 0.0015570 secs] [Times: user=0.01 sys=0.00, real=0.01 secs] 
667.489: [GC (Allocation Failure) [PSYoungGen: 60880K->1584K(61440K)] 430920K->371640K(572928K), 0.0016115 secs] [Times: user=0.00 sys=0.00, real=0.00 secs] 
667.840: [GC (Allocation Failure) [PSYoungGen: 60976K->1517K(61440K)] 431032K->371574K(572928K), 0.0015839 secs] [Times: user=0.00 sys=0.00, real=0.01 secs] 
668.186: [GC (Allocation Failure) [PSYoungGen: 60909K->1485K(61440K)] 430966K->371542K(572928K), 0.0015624 secs] [Times: user=0.01 sys=0.00, real=0.00 secs] 
668.526: [GC (Allocation Failure) [PSYoungGen: 60877K->1424K(61440K)] 430934K->371480K(572928K), 0.0019337 secs] [Times: user=0.01 sys=0.00, real=0.00 secs] 
668.814: [GC (Allocation Failure) [PSYoungGen: 60816K->1344K(61440K)] 430872K->371400K(572928K), 0.0018893 secs] [Times: user=0.01 sys=0.00, real=0.00 secs] 
669.087: [GC (Allocation Failure) [PSYoungGen: 60736K->1344K(61440K)] 430792K->371400K(572928K), 0.0018866 secs] [Times: user=0.00 sys=0.00, real=0.00 secs] 
669.337: [GC (Allocation Failure) [PSYoungGen: 60736K->1312K(61440K)] 430792K->371368K(572928K), 0.0018459 secs] [Times: user=0.00 sys=0.00, real=0.00 secs] 
669.657: [GC (Allocation Failure) [PSYoungGen: 60562K->288K(61440K)] 430619K->370344K(572928K), 0.0020370 secs] [Times: user=0.01 sys=0.00, real=0.00 secs] 
670.024: [GC (Allocation Failure) [PSYoungGen: 59680K->1517K(61440K)] 429736K->371574K(572928K), 0.0018034 secs] [Times: user=0.00 sys=0.00, real=0.00 secs] 
670.370: [GC (Allocation Failure) [PSYoungGen: 60909K->1469K(61440K)] 430966K->371534K(572928K), 0.0015696 secs] [Times: user=0.01 sys=0.00, real=0.01 secs] 
670.717: [GC (Allocation Failure) [PSYoungGen: 60861K->1488K(61440K)] 430926K->371552K(572928K), 0.0016236 secs] [Times: user=0.01 sys=0.00, real=0.00 secs] 
671.063: [GC (Allocation Failure) [PSYoungGen: 60880K->1456K(61440K)] 430944K->371520K(572928K), 0.0017081 secs] [Times: user=0.01 sys=0.00, real=0.00 secs] 
671.750: [GC (Allocation Failure) [PSYoungGen: 60848K->1408K(61440K)] 430912K->371472K(572928K), 0.0024579 secs] [Times: user=0.01 sys=0.00, real=0.01 secs] 
672.456: [GC (Allocation Failure) [PSYoungGen: 60800K->1360K(61440K)] 430864K->371424K(572928K), 0.0026934 secs] [Times: user=0.00 sys=0.00, real=0.00 secs] 
673.047: [GC (Allocation Failure) [PSYoungGen: 60752K->1344K(61440K)] 430816K->371408K(572928K), 0.0022101 secs] [Times: user=0.01 sys=0.00, real=0.00 secs] 
673.685: [GC (Allocation Failure) [PSYoungGen: 60736K->1328K(61440K)] 430800K->371392K(572928K), 0.0022967 secs] [Times: user=0.01 sys=0.00, real=0.00 secs] 
674.336: [GC (Allocation Failure) [PSYoungGen: 60720K->1405K(61440K)] 430784K->371470K(572928K), 0.0025631 secs] [Times: user=0.01 sys=0.00, real=0.00 secs] 
674.816: [GC (Allocation Failure) [PSYoungGen: 60797K->1549K(61440K)] 430862K->371614K(572928K), 0.0018582 secs] [Times: user=0.00 sys=0.00, real=0.00 secs] 
675.224: [GC (Allocation Failure) [PSYoungGen: 60941K->1549K(61440K)] 431006K->371630K(572928K), 0.0018451 secs] [Times: user=0.01 sys=0.00, real=0.00 secs] 
675.571: [GC (Allocation Failure) [PSYoungGen: 60941K->1549K(61440K)] 431022K->371630K(572928K), 0.0018821 secs] [Times: user=0.01 sys=0.00, real=0.01 secs] 
675.973: [GC (Allocation Failure) [PSYoungGen: 60941K->1536K(61440K)] 431022K->371648K(572928K), 0.0017160 secs] [Times: user=0.01 sys=0.00, real=0.00 secs] 
676.219: [GC (Allocation Failure) [PSYoungGen: 60928K->1408K(61440K)] 431040K->371520K(572928K), 0.0027810 secs] [Times: user=0.01 sys=0.00, real=0.01 secs] 
676.608: [GC (Allocation Failure) [PSYoungGen: 60800K->1328K(61440K)] 430912K->371440K(572928K), 0.0022229 secs] [Times: user=0.01 sys=0.00, real=0.00 secs] 
677.104: [GC (Allocation Failure) [PSYoungGen: 60720K->1376K(61440K)] 430832K->371488K(572928K), 0.0023305 secs] [Times: user=0.00 sys=0.00, real=0.00 secs] 
677.589: [GC (Allocation Failure) [PSYoungGen: 60768K->1408K(61440K)] 430880K->371520K(572928K), 0.0022321 secs] [Times: user=0.01 sys=0.00, real=0.00 secs] 
678.213: [GC (Allocation Failure) [PSYoungGen: 60781K->1453K(61440K)] 430894K->371566K(572928K), 0.0020375 secs] [Times: user=0.01 sys=0.00, real=0.00 secs] 
678.573: [GC (Allocation Failure) [PSYoungGen: 60845K->1520K(61440K)] 430958K->371632K(572928K), 0.0015860 secs] [Times: user=0.01 sys=0.00, real=0.00 secs] 
678.919: [GC (Allocation Failure) [PSYoungGen: 60912K->1581K(61440K)] 431024K->371702K(572928K), 0.0016041 secs] [Times: user=0.01 sys=0.00, real=0.00 secs] 
679.267: [GC (Allocation Failure) [PSYoungGen: 60973K->1488K(61440K)] 431094K->371616K(572928K), 0.0016294 secs] [Times: user=0.00 sys=0.00, real=0.00 secs] 
679.597: [GC (Allocation Failure) [PSYoungGen: 60880K->1520K(61440K)] 431008K->371648K(572928K), 0.0018929 secs] [Times: user=0.01 sys=0.00, real=0.00 secs] 
679.903: [GC (Allocation Failure) [PSYoungGen: 60912K->1376K(61440K)] 431040K->371504K(572928K), 0.0020199 secs] [Times: user=0.01 sys=0.00, real=0.00 secs] 
680.197: [GC (Allocation Failure) [PSYoungGen: 60768K->1392K(61440K)] 430896K->371520K(572928K), 0.0020705 secs] [Times: user=0.00 sys=0.00, real=0.00 secs] 
680.467: [GC (Allocation Failure) [PSYoungGen: 60784K->1408K(61440K)] 430912K->371536K(572928K), 0.0020384 secs] [Times: user=0.01 sys=0.00, real=0.00 secs] 
680.776: [GC (Allocation Failure) [PSYoungGen: 60800K->1440K(61440K)] 430928K->371568K(572928K), 0.0020931 secs] [Times: user=0.01 sys=0.00, real=0.00 secs] 
681.246: [GC (Allocation Failure) [PSYoungGen: 60832K->1549K(61440K)] 430960K->371678K(572928K), 0.0015450 secs] [Times: user=0.01 sys=0.00, real=0.00 secs] 
681.593: [GC (Allocation Failure) [PSYoungGen: 60938K->1549K(61440K)] 431067K->371686K(572928K), 0.0015508 secs] [Times: user=0.01 sys=0.00, real=0.00 secs] 
681.949: [GC (Allocation Failure) [PSYoungGen: 60941K->1501K(61440K)] 431078K->371638K(572928K), 0.0016115 secs] [Times: user=0.00 sys=0.00, real=0.00 secs] 
682.295: [GC (Allocation Failure) [PSYoungGen: 60893K->1613K(61440K)] 431030K->371750K(572928K), 0.0015964 secs] [Times: user=0.01 sys=0.00, real=0.00 secs] 
682.902: [GC (Allocation Failure) [PSYoungGen: 61005K->1520K(61440K)] 431142K->371656K(572928K), 0.0025531 secs] [Times: user=0.01 sys=0.00, real=0.01 secs] 
683.412: [GC (Allocation Failure) [PSYoungGen: 60912K->1408K(61440K)] 431048K->371544K(572928K), 0.0027772 secs] [Times: user=0.01 sys=0.00, real=0.00 secs] 
683.855: [GC (Allocation Failure) [PSYoungGen: 60800K->1344K(61440K)] 430936K->371480K(572928K), 0.0020544 secs] [Times: user=0.01 sys=0.00, real=0.00 secs] 
684.102: [GC (Allocation Failure) [PSYoungGen: 60736K->1408K(61440K)] 430872K->371544K(572928K), 0.0019034 secs] [Times: user=0.00 sys=0.00, real=0.00 secs] 
684.349: [GC (Allocation Failure) [PSYoungGen: 60800K->1440K(61440K)] 430936K->371576K(572928K), 0.0018079 secs] [Times: user=0.01 sys=0.00, real=0.00 secs] 
684.695: [GC (Allocation Failure) [PSYoungGen: 60832K->1485K(61440K)] 430968K->371638K(572928K), 0.0017027 secs] [Times: user=0.01 sys=0.00, real=0.00 secs] 
685.043: [GC (Allocation Failure) [PSYoungGen: 60877K->1549K(61440K)] 431030K->371710K(572928K), 0.0015795 secs] [Times: user=0.00 sys=0.00, real=0.00 secs] 
685.388: [GC (Allocation Failure) [PSYoungGen: 60941K->1552K(61440K)] 431102K->371712K(572928K), 0.0015562 secs] [Times: user=0.01 sys=0.00, real=0.00 secs] 
685.793: [GC (Allocation Failure) [PSYoungGen: 60944K->1517K(61440K)] 431104K->371678K(572928K), 0.0016456 secs] [Times: user=0.01 sys=0.00, real=0.00 secs] 
686.161: [GC (Allocation Failure) [PSYoungGen: 60909K->1440K(61440K)] 431070K->371608K(572928K), 0.0022155 secs] [Times: user=0.01 sys=0.00, real=0.01 secs] 
686.408: [GC (Allocation Failure) [PSYoungGen: 60832K->1344K(61440K)] 431000K->371512K(572928K), 0.0019932 secs] [Times: user=0.01 sys=0.00, real=0.00 secs] 
686.655: [GC (Allocation Failure) [PSYoungGen: 60736K->1408K(61440K)] 430904K->371576K(572928K), 0.0019630 secs] [Times: user=0.00 sys=0.01, real=0.00 secs] 
686.902: [GC (Allocation Failure) [PSYoungGen: 60800K->1408K(61440K)] 430968K->371576K(572928K), 0.0020901 secs] [Times: user=0.00 sys=0.00, real=0.00 secs] 
687.149: [GC (Allocation Failure) [PSYoungGen: 60800K->1344K(61440K)] 430968K->371512K(572928K), 0.0019515 secs] [Times: user=0.01 sys=0.00, real=0.00 secs] 
687.594: [GC (Allocation Failure) [PSYoungGen: 60736K->1552K(61440K)] 430904K->371720K(572928K), 0.0017446 secs] [Times: user=0.00 sys=0.00, real=0.00 secs] 
688.008: [GC (Allocation Failure) [PSYoungGen: 60944K->1549K(61440K)] 431112K->371734K(572928K), 0.0015917 secs] [Times: user=0.01 sys=0.00, real=0.00 secs] 
688.353: [GC (Allocation Failure) [PSYoungGen: 60941K->1549K(61440K)] 431126K->371734K(572928K), 0.0016788 secs] [Times: user=0.01 sys=0.00, real=0.00 secs] 
688.699: [GC (Allocation Failure) [PSYoungGen: 60941K->1581K(61440K)] 431126K->371766K(572928K), 0.0016682 secs] [Times: user=0.01 sys=0.00, real=0.00 secs] 
689.055: [GC (Allocation Failure) [PSYoungGen: 60973K->1472K(61440K)] 431158K->371656K(572928K), 0.0029656 secs] [Times: user=0.01 sys=0.00, real=0.00 secs] 
689.589: [GC (Allocation Failure) [PSYoungGen: 60864K->1408K(61440K)] 431048K->371592K(572928K), 0.0026989 secs] [Times: user=0.01 sys=0.01, real=0.00 secs] 
690.293: [GC (Allocation Failure) [PSYoungGen: 60800K->1408K(61440K)] 430984K->371592K(572928K), 0.0024541 secs] [Times: user=0.01 sys=0.00, real=0.00 secs] 
690.857: [GC (Allocation Failure) [PSYoungGen: 60800K->1408K(61440K)] 430984K->371592K(572928K), 0.0026141 secs] [Times: user=0.01 sys=0.00, real=0.00 secs] 
691.525: [GC (Allocation Failure) [PSYoungGen: 60800K->1376K(61440K)] 430984K->371560K(572928K), 0.0026574 secs] [Times: user=0.01 sys=0.00, real=0.00 secs] 
691.967: [GC (Allocation Failure) [PSYoungGen: 60768K->1517K(61440K)] 430952K->371702K(572928K), 0.0022241 secs] [Times: user=0.01 sys=0.00, real=0.00 secs] 
692.323: [GC (Allocation Failure) [PSYoungGen: 60909K->1485K(61440K)] 431094K->371686K(572928K), 0.0015838 secs] [Times: user=0.00 sys=0.00, real=0.00 secs] 
692.670: [GC (Allocation Failure) [PSYoungGen: 60877K->1549K(61440K)] 431078K->371750K(572928K), 0.0016918 secs] [Times: user=0.00 sys=0.00, real=0.00 secs] 
693.021: [GC (Allocation Failure) [PSYoungGen: 60912K->1488K(61440K)] 431113K->371688K(572928K), 0.0016506 secs] [Times: user=0.01 sys=0.00, real=0.01 secs] 
693.398: [GC (Allocation Failure) [PSYoungGen: 60880K->1424K(61440K)] 431080K->371624K(572928K), 0.0017062 secs] [Times: user=0.01 sys=0.00, real=0.00 secs] 
693.690: [GC (Allocation Failure) [PSYoungGen: 60816K->1376K(61440K)] 431016K->371576K(572928K), 0.0016948 secs] [Times: user=0.01 sys=0.00, real=0.01 secs] 
693.997: [GC (Allocation Failure) [PSYoungGen: 60768K->1312K(61440K)] 430968K->371512K(572928K), 0.0018782 secs] [Times: user=0.01 sys=0.00, real=0.00 secs] 
694.475: [GC (Allocation Failure) [PSYoungGen: 60704K->1376K(61440K)] 430904K->371576K(572928K), 0.0027360 secs] [Times: user=0.01 sys=0.00, real=0.00 secs] 
694.984: [GC (Allocation Failure) [PSYoungGen: 60740K->1437K(61440K)] 430941K->371638K(572928K), 0.0021667 secs] [Times: user=0.00 sys=0.00, real=0.00 secs] 
695.362: [GC (Allocation Failure) [PSYoungGen: 60829K->1520K(61440K)] 431030K->371720K(572928K), 0.0017034 secs] [Times: user=0.01 sys=0.00, real=0.00 secs] 
695.708: [GC (Allocation Failure) [PSYoungGen: 60912K->1520K(61440K)] 431112K->371736K(572928K), 0.0016877 secs] [Times: user=0.01 sys=0.00, real=0.00 secs] 
696.055: [GC (Allocation Failure) [PSYoungGen: 60912K->1517K(61440K)] 431128K->371734K(572928K), 0.0016158 secs] [Times: user=0.00 sys=0.00, real=0.00 secs] 
696.402: [GC (Allocation Failure) [PSYoungGen: 60909K->1488K(61440K)] 431126K->371704K(572928K), 0.0015693 secs] [Times: user=0.00 sys=0.00, real=0.01 secs] 
697.168: [GC (Allocation Failure) [PSYoungGen: 60880K->1408K(61440K)] 431096K->371624K(572928K), 0.0046097 secs] [Times: user=0.02 sys=0.00, real=0.01 secs] 
697.625: [GC (Allocation Failure) [PSYoungGen: 60800K->1376K(61440K)] 431016K->371592K(572928K), 0.0023999 secs] [Times: user=0.01 sys=0.00, real=0.00 secs] 
697.919: [GC (Allocation Failure) [PSYoungGen: 60768K->1344K(61440K)] 430984K->371560K(572928K), 0.0020208 secs] [Times: user=0.01 sys=0.00, real=0.00 secs] 
698.165: [GC (Allocation Failure) [PSYoungGen: 60736K->1408K(61440K)] 430952K->371624K(572928K), 0.0019479 secs] [Times: user=0.01 sys=0.00, real=0.00 secs] 
698.551: [GC (Allocation Failure) [PSYoungGen: 60777K->1456K(61440K)] 430994K->371672K(572928K), 0.0015400 secs] [Times: user=0.00 sys=0.00, real=0.01 secs] 
698.898: [GC (Allocation Failure) [PSYoungGen: 60848K->1488K(61440K)] 431064K->371704K(572928K), 0.0015868 secs] [Times: user=0.00 sys=0.00, real=0.00 secs] 
699.244: [GC (Allocation Failure) [PSYoungGen: 60880K->1520K(61440K)] 431096K->371752K(572928K), 0.0016078 secs] [Times: user=0.01 sys=0.01, real=0.00 secs] 
699.591: [GC (Allocation Failure) [PSYoungGen: 60912K->1501K(61440K)] 431144K->371734K(572928K), 0.0016096 secs] [Times: user=0.00 sys=0.00, real=0.01 secs] 
700.048: [GC (Allocation Failure) [PSYoungGen: 60893K->1952K(61440K)] 431126K->372184K(572928K), 0.0019145 secs] [Times: user=0.00 sys=0.00, real=0.00 secs] 
700.665: [GC (Allocation Failure) [PSYoungGen: 61344K->1376K(61440K)] 431576K->371608K(572928K), 0.0018866 secs] [Times: user=0.01 sys=0.00, real=0.00 secs] 
701.257: [GC (Allocation Failure) [PSYoungGen: 60768K->1344K(61440K)] 431000K->371576K(572928K), 0.0036669 secs] [Times: user=0.01 sys=0.01, real=0.00 secs] 
702.091: [GC (Allocation Failure) [PSYoungGen: 60736K->1344K(61440K)] 430968K->371576K(572928K), 0.0031162 secs] [Times: user=0.01 sys=0.00, real=0.01 secs] 
702.696: [GC (Allocation Failure) [PSYoungGen: 60736K->1344K(61440K)] 430968K->371576K(572928K), 0.0023716 secs] [Times: user=0.01 sys=0.00, real=0.00 secs] 
703.309: [GC (Allocation Failure) [PSYoungGen: 60736K->1485K(61440K)] 430968K->371718K(572928K), 0.0015240 secs] [Times: user=0.00 sys=0.00, real=0.00 secs] 
703.657: [GC (Allocation Failure) [PSYoungGen: 60877K->1549K(61440K)] 431110K->371782K(572928K), 0.0015369 secs] [Times: user=0.01 sys=0.00, real=0.00 secs] 
704.066: [GC (Allocation Failure) [PSYoungGen: 60941K->1517K(61440K)] 431174K->371766K(572928K), 0.0016496 secs] [Times: user=0.01 sys=0.00, real=0.00 secs] 
704.466: [GC (Allocation Failure) [PSYoungGen: 60909K->1581K(61440K)] 431158K->371830K(572928K), 0.0016371 secs] [Times: user=0.00 sys=0.00, real=0.00 secs] 
704.873: [GC (Allocation Failure) [PSYoungGen: 60973K->1456K(61440K)] 431222K->371704K(572928K), 0.0020815 secs] [Times: user=0.01 sys=0.00, real=0.00 secs] 
705.128: [GC (Allocation Failure) [PSYoungGen: 60848K->1408K(61440K)] 431096K->371656K(572928K), 0.0018899 secs] [Times: user=0.00 sys=0.00, real=0.00 secs] 
705.447: [GC (Allocation Failure) [PSYoungGen: 60800K->1376K(61440K)] 431048K->371624K(572928K), 0.0019807 secs] [Times: user=0.01 sys=0.00, real=0.00 secs] 
705.945: [GC (Allocation Failure) [PSYoungGen: 60768K->1312K(61440K)] 431016K->371560K(572928K), 0.0020350 secs] [Times: user=0.01 sys=0.00, real=0.00 secs] 
706.416: [GC (Allocation Failure) [PSYoungGen: 60704K->1344K(61440K)] 430952K->371616K(572928K), 0.0020814 secs] [Times: user=0.01 sys=0.00, real=0.00 secs] 
706.866: [GC (Allocation Failure) [PSYoungGen: 60736K->1453K(61440K)] 431008K->371726K(572928K), 0.0015205 secs] [Times: user=0.00 sys=0.00, real=0.00 secs] 
707.216: [GC (Allocation Failure) [PSYoungGen: 60845K->1584K(61440K)] 431118K->371864K(572928K), 0.0017679 secs] [Times: user=0.01 sys=0.00, real=0.00 secs] 
707.562: [GC (Allocation Failure) [PSYoungGen: 60976K->1517K(61440K)] 431256K->371798K(572928K), 0.0015518 secs] [Times: user=0.00 sys=0.00, real=0.00 secs] 
707.970: [GC (Allocation Failure) [PSYoungGen: 60909K->1453K(61440K)] 431190K->371734K(572928K), 0.0016667 secs] [Times: user=0.00 sys=0.00, real=0.01 secs] 
708.492: [GC (Allocation Failure) [PSYoungGen: 60845K->1488K(61440K)] 431126K->371768K(572928K), 0.0022771 secs] [Times: user=0.01 sys=0.00, real=0.00 secs] 
708.994: [GC (Allocation Failure) [PSYoungGen: 60880K->1408K(61440K)] 431160K->371688K(572928K), 0.0019886 secs] [Times: user=0.01 sys=0.00, real=0.00 secs] 
709.415: [GC (Allocation Failure) [PSYoungGen: 60800K->1360K(61440K)] 431080K->371640K(572928K), 0.0020027 secs] [Times: user=0.00 sys=0.00, real=0.00 secs] 
709.927: [GC (Allocation Failure) [PSYoungGen: 60752K->1408K(61440K)] 431032K->371688K(572928K), 0.0020789 secs] [Times: user=0.01 sys=0.00, real=0.00 secs] 
710.471: [GC (Allocation Failure) [PSYoungGen: 60800K->1376K(61440K)] 431080K->371656K(572928K), 0.0024237 secs] [Times: user=0.00 sys=0.00, real=0.01 secs] 
710.956: [GC (Allocation Failure) [PSYoungGen: 60768K->1501K(61440K)] 431048K->371782K(572928K), 0.0015958 secs] [Times: user=0.01 sys=0.00, real=0.00 secs] 
711.302: [GC (Allocation Failure) [PSYoungGen: 60865K->1520K(61440K)] 431145K->371808K(572928K), 0.0016965 secs] [Times: user=0.00 sys=0.00, real=0.00 secs] 
711.648: [GC (Allocation Failure) [PSYoungGen: 60912K->1533K(61440K)] 431200K->371822K(572928K), 0.0015720 secs] [Times: user=0.01 sys=0.00, real=0.00 secs] 
711.995: [GC (Allocation Failure) [PSYoungGen: 60925K->1565K(61440K)] 431214K->371854K(572928K), 0.0016890 secs] [Times: user=0.01 sys=0.00, real=0.00 secs] 
712.418: [GC (Allocation Failure) [PSYoungGen: 60957K->1440K(61440K)] 431246K->371728K(572928K), 0.0017847 secs] [Times: user=0.01 sys=0.00, real=0.00 secs] 
712.913: [GC (Allocation Failure) [PSYoungGen: 60832K->1408K(61440K)] 431120K->371696K(572928K), 0.0016864 secs] [Times: user=0.00 sys=0.00, real=0.00 secs] 
713.516: [GC (Allocation Failure) [PSYoungGen: 60800K->1376K(61440K)] 431088K->371664K(572928K), 0.0020312 secs] [Times: user=0.01 sys=0.00, real=0.00 secs] 
713.948: [GC (Allocation Failure) [PSYoungGen: 60768K->1312K(61440K)] 431056K->371600K(572928K), 0.0020389 secs] [Times: user=0.00 sys=0.00, real=0.00 secs] 
714.410: [GC (Allocation Failure) [PSYoungGen: 60704K->1344K(61440K)] 430992K->371632K(572928K), 0.0020285 secs] [Times: user=0.00 sys=0.00, real=0.01 secs] 
714.840: [GC (Allocation Failure) [PSYoungGen: 60736K->1517K(61440K)] 431024K->371806K(572928K), 0.0016632 secs] [Times: user=0.00 sys=0.00, real=0.00 secs] 
715.247: [GC (GCLocker Initiated GC) [PSYoungGen: 60909K->1552K(61440K)] 431198K->371865K(572928K), 0.0016536 secs] [Times: user=0.01 sys=0.00, real=0.00 secs] 
715.596: [GC (Allocation Failure) [PSYoungGen: 60944K->1469K(61440K)] 431514K->372039K(572928K), 0.0016430 secs] [Times: user=0.01 sys=0.00, real=0.00 secs] 
715.942: [GC (Allocation Failure) [PSYoungGen: 60861K->1552K(61440K)] 431431K->372138K(572928K), 0.0016491 secs] [Times: user=0.01 sys=0.00, real=0.01 secs] 
716.334: [GC (Allocation Failure) [PSYoungGen: 60944K->1456K(61440K)] 431530K->372042K(572928K), 0.0028645 secs] [Times: user=0.02 sys=0.00, real=0.00 secs] 
716.581: [GC (Allocation Failure) [PSYoungGen: 60848K->1440K(61440K)] 431434K->372026K(572928K), 0.0020294 secs] [Times: user=0.00 sys=0.01, real=0.01 secs] 
716.861: [GC (Allocation Failure) [PSYoungGen: 60832K->1376K(61440K)] 431418K->371970K(572928K), 0.0019264 secs] [Times: user=0.01 sys=0.00, real=0.01 secs] 
717.322: [GC (Allocation Failure) [PSYoungGen: 60768K->1408K(61440K)] 431362K->372002K(572928K), 0.0022051 secs] [Times: user=0.01 sys=0.00, real=0.00 secs] 
717.760: [GC (Allocation Failure) [PSYoungGen: 60793K->1501K(61440K)] 431388K->372095K(572928K), 0.0022867 secs] [Times: user=0.01 sys=0.00, real=0.00 secs] 
718.143: [GC (Allocation Failure) [PSYoungGen: 60893K->1581K(61440K)] 431487K->372175K(572928K), 0.0015966 secs] [Times: user=0.00 sys=0.00, real=0.00 secs] 
718.492: [GC (Allocation Failure) [PSYoungGen: 60973K->1581K(61440K)] 431567K->372191K(572928K), 0.0015845 secs] [Times: user=0.01 sys=0.00, real=0.00 secs] 
718.837: [GC (Allocation Failure) [PSYoungGen: 60973K->1549K(61440K)] 431583K->372159K(572928K), 0.0015766 secs] [Times: user=0.00 sys=0.00, real=0.00 secs] 
719.184: [GC (Allocation Failure) [PSYoungGen: 60941K->1581K(61440K)] 431551K->372199K(572928K), 0.0015956 secs] [Times: user=0.00 sys=0.00, real=0.00 secs] 
719.482: [GC (Allocation Failure) [PSYoungGen: 60973K->1440K(61440K)] 431591K->372066K(572928K), 0.0019655 secs] [Times: user=0.01 sys=0.00, real=0.00 secs] 
719.730: [GC (Allocation Failure) [PSYoungGen: 60832K->1376K(61440K)] 431458K->372002K(572928K), 0.0019061 secs] [Times: user=0.01 sys=0.00, real=0.00 secs] 
719.977: [GC (Allocation Failure) [PSYoungGen: 60768K->1344K(61440K)] 431394K->372010K(572928K), 0.0019777 secs] [Times: user=0.00 sys=0.00, real=0.00 secs] 
720.223: [GC (Allocation Failure) [PSYoungGen: 60736K->1344K(61440K)] 431402K->372010K(572928K), 0.0017045 secs] [Times: user=0.01 sys=0.00, real=0.00 secs] 
720.532: [GC (Allocation Failure) [PSYoungGen: 60736K->1437K(61440K)] 431402K->372111K(572928K), 0.0015115 secs] [Times: user=0.01 sys=0.00, real=0.00 secs] 
720.878: [GC (Allocation Failure) [PSYoungGen: 60829K->1501K(61440K)] 431503K->372175K(572928K), 0.0016556 secs] [Times: user=0.01 sys=0.00, real=0.00 secs] 
721.225: [GC (Allocation Failure) [PSYoungGen: 60893K->1517K(61440K)] 431567K->372215K(572928K), 0.0017502 secs] [Times: user=0.01 sys=0.00, real=0.00 secs] 
721.572: [GC (Allocation Failure) [PSYoungGen: 60909K->1501K(61440K)] 431607K->372199K(572928K), 0.0017465 secs] [Times: user=0.01 sys=0.00, real=0.00 secs] 
721.913: [GC (Allocation Failure) [PSYoungGen: 60893K->1664K(61440K)] 431591K->372362K(572928K), 0.0016524 secs] [Times: user=0.00 sys=0.00, real=0.00 secs] 
722.200: [GC (Allocation Failure) [PSYoungGen: 61056K->1408K(61440K)] 431754K->372106K(572928K), 0.0015030 secs] [Times: user=0.01 sys=0.00, real=0.00 secs] 
722.669: [GC (Allocation Failure) [PSYoungGen: 60800K->1344K(61440K)] 431498K->372042K(572928K), 0.0016721 secs] [Times: user=0.01 sys=0.00, real=0.00 secs] 
723.138: [GC (Allocation Failure) [PSYoungGen: 60736K->1376K(61440K)] 431434K->372074K(572928K), 0.0015012 secs] [Times: user=0.01 sys=0.00, real=0.00 secs] 
723.694: [GC (Allocation Failure) [PSYoungGen: 60768K->1376K(61440K)] 431466K->372074K(572928K), 0.0040701 secs] [Times: user=0.01 sys=0.00, real=0.00 secs] 
724.348: [GC (Allocation Failure) [PSYoungGen: 60768K->1453K(61440K)] 431466K->372151K(572928K), 0.0018796 secs] [Times: user=0.01 sys=0.00, real=0.00 secs] 
724.705: [GC (Allocation Failure) [PSYoungGen: 60832K->1485K(61440K)] 431530K->372207K(572928K), 0.0015727 secs] [Times: user=0.01 sys=0.00, real=0.00 secs] 
725.051: [GC (Allocation Failure) [PSYoungGen: 60877K->1485K(61440K)] 431599K->372223K(572928K), 0.0016165 secs] [Times: user=0.00 sys=0.00, real=0.01 secs] 
725.397: [GC (Allocation Failure) [PSYoungGen: 60877K->1517K(61440K)] 431615K->372255K(572928K), 0.0015778 secs] [Times: user=0.00 sys=0.00, real=0.00 secs] 
725.866: [GC (Allocation Failure) [PSYoungGen: 60909K->1456K(61440K)] 431647K->372202K(572928K), 0.0019093 secs] [Times: user=0.00 sys=0.00, real=0.00 secs] 
726.394: [GC (Allocation Failure) [PSYoungGen: 60848K->1424K(61440K)] 431594K->372170K(572928K), 0.0022249 secs] [Times: user=0.01 sys=0.00, real=0.00 secs] 
726.859: [GC (Allocation Failure) [PSYoungGen: 60816K->1376K(61440K)] 431562K->372122K(572928K), 0.0032491 secs] [Times: user=0.02 sys=0.00, real=0.01 secs] 
727.330: [GC (Allocation Failure) [PSYoungGen: 60768K->1344K(61440K)] 431514K->372090K(572928K), 0.0024348 secs] [Times: user=0.01 sys=0.00, real=0.01 secs] 
727.996: [GC (Allocation Failure) [PSYoungGen: 60736K->1344K(61440K)] 431482K->372090K(572928K), 0.0022194 secs] [Times: user=0.01 sys=0.00, real=0.00 secs] 
728.558: [GC (Allocation Failure) [PSYoungGen: 60719K->1504K(61440K)] 431466K->372250K(572928K), 0.0015401 secs] [Times: user=0.00 sys=0.00, real=0.00 secs] 
728.904: [GC (Allocation Failure) [PSYoungGen: 60896K->1549K(61440K)] 431642K->372311K(572928K), 0.0015975 secs] [Times: user=0.01 sys=0.00, real=0.00 secs] 
729.251: [GC (Allocation Failure) [PSYoungGen: 60941K->1549K(61440K)] 431703K->372311K(572928K), 0.0016502 secs] [Times: user=0.00 sys=0.00, real=0.01 secs] 
729.598: [GC (Allocation Failure) [PSYoungGen: 60941K->1549K(61440K)] 431703K->372311K(572928K), 0.0016497 secs] [Times: user=0.01 sys=0.00, real=0.00 secs] 
729.944: [GC (Allocation Failure) [PSYoungGen: 60941K->1456K(61440K)] 431703K->372218K(572928K), 0.0018305 secs] [Times: user=0.00 sys=0.00, real=0.00 secs] 
730.206: [GC (Allocation Failure) [PSYoungGen: 60848K->1376K(61440K)] 431610K->372138K(572928K), 0.0019352 secs] [Times: user=0.01 sys=0.00, real=0.00 secs] 
730.544: [GC (Allocation Failure) [PSYoungGen: 60768K->1376K(61440K)] 431530K->372146K(572928K), 0.0019328 secs] [Times: user=0.01 sys=0.00, real=0.00 secs] 
730.812: [GC (Allocation Failure) [PSYoungGen: 60768K->1344K(61440K)] 431538K->372114K(572928K), 0.0019634 secs] [Times: user=0.01 sys=0.00, real=0.00 secs] 
731.247: [GC (Allocation Failure) [PSYoungGen: 60736K->1376K(61440K)] 431506K->372146K(572928K), 0.0019938 secs] [Times: user=0.00 sys=0.00, real=0.00 secs] 
731.831: [GC (Allocation Failure) [PSYoungGen: 60768K->1485K(61440K)] 431538K->372255K(572928K), 0.0017837 secs] [Times: user=0.01 sys=0.00, real=0.01 secs] 
732.177: [GC (Allocation Failure) [PSYoungGen: 60877K->1549K(61440K)] 431647K->372327K(572928K), 0.0016907 secs] [Times: user=0.01 sys=0.00, real=0.00 secs] 
732.523: [GC (Allocation Failure) [PSYoungGen: 60941K->1517K(61440K)] 431719K->372295K(572928K), 0.0017752 secs] [Times: user=0.01 sys=0.00, real=0.00 secs] 
732.869: [GC (Allocation Failure) [PSYoungGen: 60909K->1549K(61440K)] 431687K->372327K(572928K), 0.0015653 secs] [Times: user=0.01 sys=0.00, real=0.00 secs] 
733.962: [GC (Allocation Failure) [PSYoungGen: 60941K->1424K(61440K)] 431719K->372202K(572928K), 0.0039839 secs] [Times: user=0.02 sys=0.00, real=0.01 secs] 
734.861: [GC (Allocation Failure) [PSYoungGen: 60816K->1360K(61440K)] 431594K->372146K(572928K), 0.0024953 secs] [Times: user=0.01 sys=0.00, real=0.01 secs] 
735.517: [GC (Allocation Failure) [PSYoungGen: 60752K->1376K(61440K)] 431538K->372162K(572928K), 0.0040499 secs] [Times: user=0.01 sys=0.00, real=0.00 secs] 
735.956: [GC (Allocation Failure) [PSYoungGen: 60768K->1376K(61440K)] 431554K->372170K(572928K), 0.0026126 secs] [Times: user=0.01 sys=0.00, real=0.00 secs] 
736.208: [GC (Allocation Failure) [PSYoungGen: 60768K->1376K(61440K)] 431562K->372186K(572928K), 0.0019922 secs] [Times: user=0.01 sys=0.00, real=0.00 secs] 
736.652: [GC (Allocation Failure) [PSYoungGen: 60746K->1456K(61440K)] 431557K->372266K(572928K), 0.0016832 secs] [Times: user=0.01 sys=0.00, real=0.01 secs] 
736.998: [GC (Allocation Failure) [PSYoungGen: 60848K->1485K(61440K)] 431658K->372303K(572928K), 0.0016647 secs] [Times: user=0.01 sys=0.00, real=0.00 secs] 
737.347: [GC (Allocation Failure) [PSYoungGen: 60877K->1501K(61440K)] 431695K->372319K(572928K), 0.0016530 secs] [Times: user=0.00 sys=0.00, real=0.00 secs] 
737.753: [GC (Allocation Failure) [PSYoungGen: 60893K->1453K(61440K)] 431711K->372271K(572928K), 0.0015471 secs] [Times: user=0.01 sys=0.00, real=0.00 secs] 
738.613: [GC (Allocation Failure) [PSYoungGen: 60845K->1376K(61440K)] 431663K->372194K(572928K), 0.0041853 secs] [Times: user=0.01 sys=0.00, real=0.00 secs] 
739.202: [GC (Allocation Failure) [PSYoungGen: 60768K->1376K(61440K)] 431586K->372194K(572928K), 0.0036560 secs] [Times: user=0.02 sys=0.00, real=0.00 secs] 
739.846: [GC (Allocation Failure) [PSYoungGen: 60768K->1376K(61440K)] 431586K->372194K(572928K), 0.0029103 secs] [Times: user=0.01 sys=0.00, real=0.00 secs] 
740.144: [GC (Allocation Failure) [PSYoungGen: 60768K->1408K(61440K)] 431586K->372226K(572928K), 0.0020587 secs] [Times: user=0.01 sys=0.00, real=0.00 secs] 
740.521: [GC (Allocation Failure) [PSYoungGen: 60800K->1376K(61440K)] 431618K->372194K(572928K), 0.0019289 secs] [Times: user=0.01 sys=0.00, real=0.01 secs] 
740.948: [GC (Allocation Failure) [PSYoungGen: 60768K->1613K(61440K)] 431586K->372439K(572928K), 0.0015793 secs] [Times: user=0.01 sys=0.00, real=0.00 secs] 
741.298: [GC (Allocation Failure) [PSYoungGen: 61000K->1469K(61440K)] 431826K->372311K(572928K), 0.0016799 secs] [Times: user=0.01 sys=0.01, real=0.00 secs] 
741.645: [GC (Allocation Failure) [PSYoungGen: 60861K->1517K(61440K)] 431703K->372359K(572928K), 0.0015732 secs] [Times: user=0.01 sys=0.00, real=0.00 secs] 
741.992: [GC (Allocation Failure) [PSYoungGen: 60909K->1533K(61440K)] 431751K->372375K(572928K), 0.0016811 secs] [Times: user=0.00 sys=0.00, real=0.01 secs] 
742.795: [GC (Allocation Failure) [PSYoungGen: 60925K->1392K(61440K)] 431767K->372242K(572928K), 0.0042747 secs] [Times: user=0.02 sys=0.00, real=0.00 secs] 
743.373: [GC (Allocation Failure) [PSYoungGen: 60784K->1376K(61440K)] 431634K->372226K(572928K), 0.0025726 secs] [Times: user=0.01 sys=0.00, real=0.00 secs] 
743.911: [GC (Allocation Failure) [PSYoungGen: 60768K->1376K(61440K)] 431618K->372226K(572928K), 0.0025142 secs] [Times: user=0.01 sys=0.00, real=0.01 secs] 
744.397: [GC (Allocation Failure) [PSYoungGen: 60768K->1408K(61440K)] 431618K->372258K(572928K), 0.0020771 secs] [Times: user=0.01 sys=0.00, real=0.00 secs] 
745.055: [GC (Allocation Failure) [PSYoungGen: 60800K->1437K(61440K)] 431650K->372295K(572928K), 0.0022876 secs] [Times: user=0.01 sys=0.00, real=0.00 secs] 
745.521: [GC (Allocation Failure) [PSYoungGen: 60829K->1517K(61440K)] 431687K->372375K(572928K), 0.0017013 secs] [Times: user=0.01 sys=0.00, real=0.01 secs] 
745.928: [GC (Allocation Failure) [PSYoungGen: 60909K->1517K(61440K)] 431767K->372383K(572928K), 0.0016390 secs] [Times: user=0.01 sys=0.00, real=0.00 secs] 
746.331: [GC (Allocation Failure) [PSYoungGen: 60909K->1517K(61440K)] 431775K->372399K(572928K), 0.0016735 secs] [Times: user=0.01 sys=0.00, real=0.01 secs] 
746.743: [GC (Allocation Failure) [PSYoungGen: 60909K->1520K(61440K)] 431791K->372402K(572928K), 0.0016342 secs] [Times: user=0.00 sys=0.00, real=0.00 secs] 
747.020: [GC (Allocation Failure) [PSYoungGen: 60912K->1408K(61440K)] 431794K->372290K(572928K), 0.0016488 secs] [Times: user=0.00 sys=0.00, real=0.00 secs] 
747.267: [GC (Allocation Failure) [PSYoungGen: 60800K->1376K(61440K)] 431682K->372258K(572928K), 0.0016910 secs] [Times: user=0.00 sys=0.00, real=0.00 secs] 
747.514: [GC (Allocation Failure) [PSYoungGen: 60768K->1344K(61440K)] 431650K->372234K(572928K), 0.0018420 secs] [Times: user=0.00 sys=0.00, real=0.00 secs] 
747.760: [GC (Allocation Failure) [PSYoungGen: 60736K->1328K(61440K)] 431626K->372218K(572928K), 0.0017431 secs] [Times: user=0.01 sys=0.00, real=0.00 secs] 
748.040: [GC (Allocation Failure) [PSYoungGen: 60720K->1469K(61440K)] 431610K->372359K(572928K), 0.0014534 secs] [Times: user=0.01 sys=0.00, real=0.00 secs] 
748.392: [GC (Allocation Failure) [PSYoungGen: 60842K->1469K(61440K)] 431732K->372359K(572928K), 0.0017509 secs] [Times: user=0.00 sys=0.00, real=0.01 secs] 
748.739: [GC (Allocation Failure) [PSYoungGen: 60861K->1549K(61440K)] 431751K->372455K(572928K), 0.0016878 secs] [Times: user=0.00 sys=0.00, real=0.00 secs] 
749.088: [GC (Allocation Failure) [PSYoungGen: 60941K->1517K(61440K)] 431847K->372423K(572928K), 0.0017462 secs] [Times: user=0.01 sys=0.00, real=0.00 secs] 
749.528: [GC (Allocation Failure) [PSYoungGen: 60909K->1968K(61440K)] 431815K->372874K(572928K), 0.0020506 secs] [Times: user=0.01 sys=0.00, real=0.00 secs] 
750.027: [GC (Allocation Failure) [PSYoungGen: 61360K->1408K(61440K)] 432266K->372314K(572928K), 0.0019285 secs] [Times: user=0.01 sys=0.00, real=0.00 secs] 
750.357: [GC (Allocation Failure) [PSYoungGen: 60800K->1376K(61440K)] 431706K->372290K(572928K), 0.0018538 secs] [Times: user=0.01 sys=0.00, real=0.00 secs] 
750.638: [GC (Allocation Failure) [PSYoungGen: 60768K->1392K(61440K)] 431682K->372306K(572928K), 0.0020369 secs] [Times: user=0.01 sys=0.00, real=0.00 secs] 
750.903: [GC (Allocation Failure) [PSYoungGen: 60784K->1408K(61440K)] 431698K->372322K(572928K), 0.0020103 secs] [Times: user=0.01 sys=0.00, real=0.00 secs] 
751.266: [GC (Allocation Failure) [PSYoungGen: 60786K->1504K(61440K)] 431700K->372418K(572928K), 0.0016100 secs] [Times: user=0.01 sys=0.00, real=0.00 secs] 
751.677: [GC (Allocation Failure) [PSYoungGen: 60896K->1549K(61440K)] 431810K->372463K(572928K), 0.0016583 secs] [Times: user=0.01 sys=0.00, real=0.00 secs] 
752.023: [GC (Allocation Failure) [PSYoungGen: 60941K->1581K(61440K)] 431855K->372511K(572928K), 0.0016353 secs] [Times: user=0.00 sys=0.00, real=0.00 secs] 
752.436: [GC (Allocation Failure) [PSYoungGen: 60973K->1488K(61440K)] 431903K->372418K(572928K), 0.0018591 secs] [Times: user=0.01 sys=0.00, real=0.00 secs] 
753.767: [GC (Allocation Failure) [PSYoungGen: 60880K->1440K(61440K)] 431810K->372370K(572928K), 0.0043575 secs] [Times: user=0.02 sys=0.00, real=0.00 secs] 
754.998: [GC (Allocation Failure) [PSYoungGen: 60832K->1376K(61440K)] 431762K->372306K(572928K), 0.0029739 secs] [Times: user=0.01 sys=0.00, real=0.00 secs] 
755.448: [GC (Allocation Failure) [PSYoungGen: 60768K->1376K(61440K)] 431698K->372306K(572928K), 0.0024544 secs] [Times: user=0.01 sys=0.00, real=0.00 secs] 
755.695: [GC (Allocation Failure) [PSYoungGen: 60768K->1376K(61440K)] 431698K->372306K(572928K), 0.0019652 secs] [Times: user=0.00 sys=0.00, real=0.00 secs] 
755.942: [GC (Allocation Failure) [PSYoungGen: 60768K->1376K(61440K)] 431698K->372306K(572928K), 0.0018615 secs] [Times: user=0.01 sys=0.00, real=0.01 secs] 
756.278: [GC (Allocation Failure) [PSYoungGen: 60768K->1456K(61440K)] 431698K->372410K(572928K), 0.0015438 secs] [Times: user=0.01 sys=0.00, real=0.00 secs] 
756.626: [GC (Allocation Failure) [PSYoungGen: 60848K->1520K(61440K)] 431802K->372490K(572928K), 0.0015789 secs] [Times: user=0.01 sys=0.00, real=0.00 secs] 
756.972: [GC (Allocation Failure) [PSYoungGen: 60912K->1485K(61440K)] 431882K->372455K(572928K), 0.0016230 secs] [Times: user=0.00 sys=0.00, real=0.01 secs] 
757.316: [GC (Allocation Failure) [PSYoungGen: 60846K->1517K(61440K)] 431817K->372487K(572928K), 0.0016001 secs] [Times: user=0.01 sys=0.00, real=0.00 secs] 
757.961: [GC (Allocation Failure) [PSYoungGen: 60909K->1408K(61440K)] 431879K->372378K(572928K), 0.0040989 secs] [Times: user=0.02 sys=0.00, real=0.01 secs] 
758.458: [GC (Allocation Failure) [PSYoungGen: 60800K->1376K(61440K)] 431770K->372346K(572928K), 0.0032248 secs] [Times: user=0.02 sys=0.00, real=0.00 secs] 
758.938: [GC (Allocation Failure) [PSYoungGen: 60768K->1344K(61440K)] 431738K->372314K(572928K), 0.0030677 secs] [Times: user=0.02 sys=0.00, real=0.00 secs] 
759.445: [GC (Allocation Failure) [PSYoungGen: 60736K->1344K(61440K)] 431706K->372314K(572928K), 0.0024093 secs] [Times: user=0.01 sys=0.00, real=0.00 secs] 
759.976: [GC (Allocation Failure) [PSYoungGen: 60736K->1344K(61440K)] 431706K->372314K(572928K), 0.0026584 secs] [Times: user=0.01 sys=0.00, real=0.00 secs] 
760.434: [GC (Allocation Failure) [PSYoungGen: 60715K->1469K(61440K)] 431685K->372439K(572928K), 0.0015386 secs] [Times: user=0.00 sys=0.00, real=0.00 secs] 
760.781: [GC (Allocation Failure) [PSYoungGen: 60861K->1517K(61440K)] 431831K->372503K(572928K), 0.0015831 secs] [Times: user=0.01 sys=0.00, real=0.01 secs] 
761.126: [GC (Allocation Failure) [PSYoungGen: 60909K->1485K(61440K)] 431895K->372471K(572928K), 0.0016124 secs] [Times: user=0.00 sys=0.00, real=0.00 secs] 
761.472: [GC (Allocation Failure) [PSYoungGen: 60877K->1549K(61440K)] 431863K->372535K(572928K), 0.0016074 secs] [Times: user=0.00 sys=0.00, real=0.00 secs] 
761.968: [GC (Allocation Failure) [PSYoungGen: 60941K->1440K(61440K)] 431927K->372426K(572928K), 0.0017023 secs] [Times: user=0.00 sys=0.00, real=0.00 secs] 
762.587: [GC (Allocation Failure) [PSYoungGen: 60832K->1344K(61440K)] 431818K->372330K(572928K), 0.0019546 secs] [Times: user=0.01 sys=0.00, real=0.00 secs] 
763.283: [GC (Allocation Failure) [PSYoungGen: 60736K->1376K(61440K)] 431722K->372362K(572928K), 0.0021809 secs] [Times: user=0.01 sys=0.00, real=0.00 secs] 
763.794: [GC (Allocation Failure) [PSYoungGen: 60768K->1376K(61440K)] 431754K->372362K(572928K), 0.0034367 secs] [Times: user=0.01 sys=0.00, real=0.00 secs] 
764.274: [GC (Allocation Failure) [PSYoungGen: 60768K->1312K(61440K)] 431754K->372298K(572928K), 0.0024420 secs] [Times: user=0.01 sys=0.00, real=0.00 secs] 
764.725: [GC (Allocation Failure) [PSYoungGen: 60704K->1456K(61440K)] 431690K->372450K(572928K), 0.0015980 secs] [Times: user=0.00 sys=0.00, real=0.00 secs] 
765.072: [GC (Allocation Failure) [PSYoungGen: 60848K->1485K(61440K)] 431842K->372495K(572928K), 0.0016212 secs] [Times: user=0.01 sys=0.00, real=0.00 secs] 
765.420: [GC (Allocation Failure) [PSYoungGen: 60877K->1517K(61440K)] 431887K->372527K(572928K), 0.0015475 secs] [Times: user=0.00 sys=0.00, real=0.00 secs] 
765.766: [GC (Allocation Failure) [PSYoungGen: 60909K->1517K(61440K)] 431919K->372527K(572928K), 0.0016243 secs] [Times: user=0.01 sys=0.00, real=0.00 secs] 
766.300: [GC (Allocation Failure) [PSYoungGen: 60909K->1424K(61440K)] 431919K->372458K(572928K), 0.0018552 secs] [Times: user=0.01 sys=0.00, real=0.00 secs] 
766.675: [GC (Allocation Failure) [PSYoungGen: 60816K->1360K(61440K)] 431850K->372394K(572928K), 0.0018416 secs] [Times: user=0.00 sys=0.00, real=0.00 secs] 
767.012: [GC (Allocation Failure) [PSYoungGen: 60752K->1408K(61440K)] 431786K->372442K(572928K), 0.0021590 secs] [Times: user=0.01 sys=0.00, real=0.00 secs] 
767.416: [GC (Allocation Failure) [PSYoungGen: 60800K->1344K(61440K)] 431834K->372378K(572928K), 0.0023125 secs] [Times: user=0.01 sys=0.00, real=0.00 secs] 
767.959: [GC (Allocation Failure) [PSYoungGen: 60736K->1405K(61440K)] 431770K->372447K(572928K), 0.0029117 secs] [Times: user=0.01 sys=0.00, real=0.01 secs] 
768.386: [GC (Allocation Failure) [PSYoungGen: 60797K->1549K(61440K)] 431839K->372591K(572928K), 0.0016042 secs] [Times: user=0.01 sys=0.00, real=0.00 secs] 
768.737: [GC (Allocation Failure) [PSYoungGen: 60941K->1549K(61440K)] 431983K->372607K(572928K), 0.0015992 secs] [Times: user=0.01 sys=0.00, real=0.00 secs] 
769.083: [GC (Allocation Failure) [PSYoungGen: 60939K->1517K(61440K)] 431997K->372575K(572928K), 0.0015574 secs] [Times: user=0.01 sys=0.00, real=0.00 secs] 
769.430: [GC (Allocation Failure) [PSYoungGen: 60909K->1517K(61440K)] 431967K->372575K(572928K), 0.0017286 secs] [Times: user=0.01 sys=0.00, real=0.00 secs] 
769.733: [GC (Allocation Failure) [PSYoungGen: 60909K->1440K(61440K)] 431967K->372498K(572928K), 0.0017917 secs] [Times: user=0.01 sys=0.00, real=0.00 secs] 
769.979: [GC (Allocation Failure) [PSYoungGen: 60832K->1408K(61440K)] 431890K->372466K(572928K), 0.0016898 secs] [Times: user=0.01 sys=0.00, real=0.00 secs] 
770.225: [GC (Allocation Failure) [PSYoungGen: 60800K->1328K(61440K)] 431858K->372394K(572928K), 0.0018196 secs] [Times: user=0.01 sys=0.01, real=0.00 secs] 
770.514: [GC (Allocation Failure) [PSYoungGen: 60720K->1376K(61440K)] 431786K->372442K(572928K), 0.0018618 secs] [Times: user=0.01 sys=0.00, real=0.00 secs] 
770.811: [GC (Allocation Failure) [PSYoungGen: 60768K->1456K(61440K)] 431834K->372522K(572928K), 0.0016418 secs] [Times: user=0.01 sys=0.00, real=0.01 secs] 
771.158: [GC (Allocation Failure) [PSYoungGen: 60847K->1581K(61440K)] 431914K->372647K(572928K), 0.0017040 secs] [Times: user=0.01 sys=0.00, real=0.00 secs] 
771.505: [GC (Allocation Failure) [PSYoungGen: 60973K->1549K(61440K)] 432039K->372623K(572928K), 0.0016378 secs] [Times: user=0.01 sys=0.00, real=0.00 secs] 
771.851: [GC (Allocation Failure) [PSYoungGen: 60941K->1517K(61440K)] 432015K->372591K(572928K), 0.0015978 secs] [Times: user=0.00 sys=0.00, real=0.01 secs] 
772.241: [GC (Allocation Failure) [PSYoungGen: 60909K->1776K(61440K)] 431983K->372850K(572928K), 0.0019964 secs] [Times: user=0.01 sys=0.00, real=0.01 secs] 
772.739: [GC (Allocation Failure) [PSYoungGen: 61168K->1376K(61440K)] 432242K->372450K(572928K), 0.0022927 secs] [Times: user=0.00 sys=0.00, real=0.00 secs] 
773.356: [GC (Allocation Failure) [PSYoungGen: 60768K->1408K(61440K)] 431842K->372490K(572928K), 0.0030704 secs] [Times: user=0.01 sys=0.00, real=0.00 secs] 
773.917: [GC (Allocation Failure) [PSYoungGen: 60800K->1408K(61440K)] 431882K->372490K(572928K), 0.0025843 secs] [Times: user=0.01 sys=0.00, real=0.00 secs] 
774.565: [GC (Allocation Failure) [PSYoungGen: 60800K->1376K(61440K)] 431882K->372458K(572928K), 0.0024027 secs] [Times: user=0.01 sys=0.00, real=0.00 secs] 
775.431: [GC (Allocation Failure) [PSYoungGen: 60768K->1421K(61440K)] 431850K->372527K(572928K), 0.0018882 secs] [Times: user=0.01 sys=0.00, real=0.01 secs] 
775.786: [GC (Allocation Failure) [PSYoungGen: 60813K->1536K(61440K)] 431919K->372642K(572928K), 0.0017849 secs] [Times: user=0.01 sys=0.00, real=0.00 secs] 
776.132: [GC (Allocation Failure) [PSYoungGen: 60928K->1549K(61440K)] 432034K->372663K(572928K), 0.0016396 secs] [Times: user=0.01 sys=0.00, real=0.01 secs] 
776.539: [GC (Allocation Failure) [PSYoungGen: 60941K->1581K(61440K)] 432055K->372695K(572928K), 0.0016533 secs] [Times: user=0.00 sys=0.00, real=0.00 secs] 
776.890: [GC (Allocation Failure) [PSYoungGen: 60973K->1504K(61440K)] 432087K->372618K(572928K), 0.0019352 secs] [Times: user=0.01 sys=0.00, real=0.01 secs] 
777.365: [GC (Allocation Failure) [PSYoungGen: 60896K->1376K(61440K)] 432010K->372490K(572928K), 0.0021179 secs] [Times: user=0.01 sys=0.00, real=0.00 secs] 
777.860: [GC (Allocation Failure) [PSYoungGen: 60768K->1376K(61440K)] 431882K->372490K(572928K), 0.0027440 secs] [Times: user=0.01 sys=0.00, real=0.01 secs] 
778.361: [GC (Allocation Failure) [PSYoungGen: 60768K->1392K(61440K)] 431882K->372506K(572928K), 0.0028776 secs] [Times: user=0.01 sys=0.00, real=0.01 secs] 
779.034: [GC (Allocation Failure) [PSYoungGen: 60784K->1408K(61440K)] 431898K->372522K(572928K), 0.0029871 secs] [Times: user=0.01 sys=0.00, real=0.00 secs] 
779.700: [GC (Allocation Failure) [PSYoungGen: 60800K->1536K(61440K)] 431914K->372650K(572928K), 0.0016151 secs] [Times: user=0.01 sys=0.00, real=0.01 secs] 
780.046: [GC (Allocation Failure) [PSYoungGen: 60928K->1581K(61440K)] 432042K->372711K(572928K), 0.0018747 secs] [Times: user=0.01 sys=0.00, real=0.00 secs] 
780.393: [GC (Allocation Failure) [PSYoungGen: 60973K->1517K(61440K)] 432103K->372647K(572928K), 0.0015873 secs] [Times: user=0.00 sys=0.00, real=0.00 secs] 
780.737: [GC (Allocation Failure) [PSYoungGen: 60909K->1565K(61440K)] 432039K->372695K(572928K), 0.0017630 secs] [Times: user=0.01 sys=0.00, real=0.00 secs] 
781.046: [GC (Allocation Failure) [PSYoungGen: 60957K->1488K(61440K)] 432087K->372618K(572928K), 0.0016293 secs] [Times: user=0.01 sys=0.00, real=0.00 secs] 
781.327: [GC (Allocation Failure) [PSYoungGen: 60880K->1408K(61440K)] 432010K->372538K(572928K), 0.0017861 secs] [Times: user=0.01 sys=0.00, real=0.00 secs] 
781.636: [GC (Allocation Failure) [PSYoungGen: 60800K->1392K(61440K)] 431930K->372522K(572928K), 0.0018236 secs] [Times: user=0.00 sys=0.00, real=0.00 secs] 
782.069: [GC (Allocation Failure) [PSYoungGen: 60784K->1408K(61440K)] 431914K->372538K(572928K), 0.0025774 secs] [Times: user=0.01 sys=0.00, real=0.00 secs] 
782.772: [GC (Allocation Failure) [PSYoungGen: 60800K->1376K(61440K)] 431930K->372506K(572928K), 0.0026325 secs] [Times: user=0.01 sys=0.00, real=0.01 secs] 
783.422: [GC (Allocation Failure) [PSYoungGen: 60747K->1453K(61440K)] 431877K->372583K(572928K), 0.0015258 secs] [Times: user=0.00 sys=0.00, real=0.00 secs] 
783.770: [GC (Allocation Failure) [PSYoungGen: 60845K->1549K(61440K)] 431975K->372687K(572928K), 0.0016299 secs] [Times: user=0.01 sys=0.00, real=0.01 secs] 
784.115: [GC (Allocation Failure) [PSYoungGen: 60941K->1549K(61440K)] 432079K->372687K(572928K), 0.0015812 secs] [Times: user=0.01 sys=0.00, real=0.00 secs] 
784.474: [GC (Allocation Failure) [PSYoungGen: 60941K->1517K(61440K)] 432079K->372655K(572928K), 0.0015865 secs] [Times: user=0.00 sys=0.00, real=0.00 secs] 
785.031: [GC (Allocation Failure) [PSYoungGen: 60909K->1472K(61440K)] 432047K->372618K(572928K), 0.0021561 secs] [Times: user=0.01 sys=0.00, real=0.01 secs] 
785.544: [GC (Allocation Failure) [PSYoungGen: 60864K->1376K(61440K)] 432010K->372546K(572928K), 0.0019351 secs] [Times: user=0.01 sys=0.00, real=0.00 secs] 
786.056: [GC (Allocation Failure) [PSYoungGen: 60768K->1376K(61440K)] 431938K->372546K(572928K), 0.0021533 secs] [Times: user=0.01 sys=0.00, real=0.00 secs] 
786.630: [GC (Allocation Failure) [PSYoungGen: 60768K->1440K(61440K)] 431938K->372610K(572928K), 0.0020633 secs] [Times: user=0.01 sys=0.00, real=0.01 secs] 
787.178: [GC (Allocation Failure) [PSYoungGen: 60832K->1376K(61440K)] 432002K->372546K(572928K), 0.0020460 secs] [Times: user=0.01 sys=0.00, real=0.00 secs] 
787.631: [GC (Allocation Failure) [PSYoungGen: 60768K->1424K(61440K)] 431938K->372594K(572928K), 0.0015491 secs] [Times: user=0.01 sys=0.00, real=0.01 secs] 
787.978: [GC (Allocation Failure) [PSYoungGen: 60816K->1485K(61440K)] 431986K->372671K(572928K), 0.0016711 secs] [Times: user=0.01 sys=0.00, real=0.00 secs] 
788.324: [GC (Allocation Failure) [PSYoungGen: 60877K->1520K(61440K)] 432063K->372706K(572928K), 0.0016397 secs] [Times: user=0.01 sys=0.00, real=0.00 secs] 
788.673: [GC (Allocation Failure) [PSYoungGen: 60912K->1485K(61440K)] 432098K->372671K(572928K), 0.0016690 secs] [Times: user=0.01 sys=0.00, real=0.00 secs] 
788.980: [GC (Allocation Failure) [PSYoungGen: 60877K->1440K(61440K)] 432063K->372634K(572928K), 0.0015315 secs] [Times: user=0.01 sys=0.00, real=0.00 secs] 
789.226: [GC (Allocation Failure) [PSYoungGen: 60832K->1344K(61440K)] 432026K->372538K(572928K), 0.0015926 secs] [Times: user=0.00 sys=0.00, real=0.00 secs] 
789.472: [GC (Allocation Failure) [PSYoungGen: 60736K->1376K(61440K)] 431930K->372570K(572928K), 0.0015987 secs] [Times: user=0.01 sys=0.00, real=0.00 secs] 
789.728: [GC (Allocation Failure) [PSYoungGen: 60768K->1376K(61440K)] 431962K->372570K(572928K), 0.0017522 secs] [Times: user=0.01 sys=0.00, real=0.00 secs] 
790.116: [GC (Allocation Failure) [PSYoungGen: 60768K->1376K(61440K)] 431962K->372570K(572928K), 0.0018604 secs] [Times: user=0.00 sys=0.00, real=0.00 secs] 
790.469: [GC (Allocation Failure) [PSYoungGen: 60768K->1597K(61440K)] 431962K->372791K(572928K), 0.0016227 secs] [Times: user=0.01 sys=0.00, real=0.00 secs] 
790.820: [GC (Allocation Failure) [PSYoungGen: 60989K->1485K(61440K)] 432183K->372695K(572928K), 0.0015851 secs] [Times: user=0.01 sys=0.00, real=0.01 secs] 
791.167: [GC (Allocation Failure) [PSYoungGen: 60877K->1549K(61440K)] 432087K->372759K(572928K), 0.0015911 secs] [Times: user=0.01 sys=0.00, real=0.00 secs] 
791.514: [GC (Allocation Failure) [PSYoungGen: 60941K->1485K(61440K)] 432151K->372695K(572928K), 0.0016127 secs] [Times: user=0.01 sys=0.00, real=0.00 secs] 
791.919: [GC (Allocation Failure) [PSYoungGen: 60877K->1440K(61440K)] 432087K->372650K(572928K), 0.0017486 secs] [Times: user=0.01 sys=0.00, real=0.00 secs] 
792.485: [GC (Allocation Failure) [PSYoungGen: 60832K->1376K(61440K)] 432042K->372586K(572928K), 0.0019616 secs] [Times: user=0.01 sys=0.01, real=0.00 secs] 
793.103: [GC (Allocation Failure) [PSYoungGen: 60768K->1408K(61440K)] 431978K->372618K(572928K), 0.0019922 secs] [Times: user=0.01 sys=0.00, real=0.00 secs] 
793.855: [GC (Allocation Failure) [PSYoungGen: 60800K->1360K(61440K)] 432010K->372570K(572928K), 0.0019770 secs] [Times: user=0.01 sys=0.00, real=0.00 secs] 
794.709: [GC (Allocation Failure) [PSYoungGen: 60752K->1424K(61440K)] 431962K->372634K(572928K), 0.0024751 secs] [Times: user=0.01 sys=0.00, real=0.00 secs] 
795.183: [GC (Allocation Failure) [PSYoungGen: 60816K->1517K(61440K)] 432026K->372727K(572928K), 0.0016815 secs] [Times: user=0.01 sys=0.00, real=0.00 secs] 
795.532: [GC (Allocation Failure) [PSYoungGen: 60909K->1549K(61440K)] 432119K->372775K(572928K), 0.0015743 secs] [Times: user=0.01 sys=0.00, real=0.01 secs] 
795.879: [GC (Allocation Failure) [PSYoungGen: 60925K->1485K(61440K)] 432151K->372735K(572928K), 0.0017300 secs] [Times: user=0.01 sys=0.00, real=0.00 secs] 
796.226: [GC (Allocation Failure) [PSYoungGen: 60877K->1517K(61440K)] 432127K->372767K(572928K), 0.0015964 secs] [Times: user=0.01 sys=0.00, real=0.00 secs] 
796.719: [GC (Allocation Failure) [PSYoungGen: 60909K->1328K(61440K)] 432159K->372578K(572928K), 0.0028995 secs] [Times: user=0.01 sys=0.00, real=0.01 secs] 
797.205: [GC (Allocation Failure) [PSYoungGen: 60720K->1376K(61440K)] 431970K->372626K(572928K), 0.0021523 secs] [Times: user=0.01 sys=0.00, real=0.00 secs] 
797.696: [GC (Allocation Failure) [PSYoungGen: 60768K->1344K(61440K)] 432018K->372594K(572928K), 0.0019331 secs] [Times: user=0.00 sys=0.00, real=0.00 secs] 
798.168: [GC (Allocation Failure) [PSYoungGen: 60736K->1376K(61440K)] 431986K->372626K(572928K), 0.0022753 secs] [Times: user=0.00 sys=0.00, real=0.00 secs] 
798.666: [GC (Allocation Failure) [PSYoungGen: 60768K->1437K(61440K)] 432018K->372687K(572928K), 0.0015471 secs] [Times: user=0.01 sys=0.00, real=0.00 secs] 
799.015: [GC (Allocation Failure) [PSYoungGen: 60829K->1549K(61440K)] 432079K->372799K(572928K), 0.0016422 secs] [Times: user=0.00 sys=0.00, real=0.00 secs] 
799.360: [GC (Allocation Failure) [PSYoungGen: 60914K->1501K(61440K)] 432164K->372767K(572928K), 0.0016328 secs] [Times: user=0.01 sys=0.00, real=0.01 secs] 
799.706: [GC (Allocation Failure) [PSYoungGen: 60893K->1488K(61440K)] 432159K->372754K(572928K), 0.0016172 secs] [Times: user=0.01 sys=0.00, real=0.00 secs] 
800.093: [GC (Allocation Failure) [PSYoungGen: 60880K->1984K(61440K)] 432146K->373250K(572928K), 0.0019227 secs] [Times: user=0.01 sys=0.00, real=0.00 secs] 
800.627: [GC (Allocation Failure) [PSYoungGen: 61376K->1344K(61440K)] 432642K->372610K(572928K), 0.0019570 secs] [Times: user=0.00 sys=0.00, real=0.00 secs] 
801.204: [GC (Allocation Failure) [PSYoungGen: 60736K->1376K(61440K)] 432002K->372642K(572928K), 0.0022328 secs] [Times: user=0.01 sys=0.00, real=0.00 secs] 
801.812: [GC (Allocation Failure) [PSYoungGen: 60768K->1360K(61440K)] 432034K->372626K(572928K), 0.0021636 secs] [Times: user=0.01 sys=0.00, real=0.00 secs] 
802.469: [GC (Allocation Failure) [PSYoungGen: 60752K->1376K(61440K)] 432018K->372642K(572928K), 0.0023401 secs] [Times: user=0.01 sys=0.00, real=0.00 secs] 
803.029: [GC (Allocation Failure) [PSYoungGen: 60768K->1453K(61440K)] 432034K->372719K(572928K), 0.0017677 secs] [Times: user=0.01 sys=0.00, real=0.00 secs] 
803.438: [GC (Allocation Failure) [PSYoungGen: 60814K->1584K(61440K)] 432081K->372850K(572928K), 0.0017950 secs] [Times: user=0.01 sys=0.00, real=0.00 secs] 
803.789: [GC (Allocation Failure) [PSYoungGen: 60976K->1517K(61440K)] 432242K->372799K(572928K), 0.0018393 secs] [Times: user=0.01 sys=0.00, real=0.00 secs] 
804.135: [GC (Allocation Failure) [PSYoungGen: 60909K->1517K(61440K)] 432191K->372799K(572928K), 0.0018815 secs] [Times: user=0.01 sys=0.00, real=0.00 secs] 
804.515: [GC (Allocation Failure) [PSYoungGen: 60909K->1472K(61440K)] 432191K->372754K(572928K), 0.0022542 secs] [Times: user=0.00 sys=0.00, real=0.00 secs] 
804.982: [GC (Allocation Failure) [PSYoungGen: 60864K->1376K(61440K)] 432146K->372658K(572928K), 0.0027719 secs] [Times: user=0.01 sys=0.00, real=0.01 secs] 
805.491: [GC (Allocation Failure) [PSYoungGen: 60768K->1344K(61440K)] 432050K->372626K(572928K), 0.0025112 secs] [Times: user=0.01 sys=0.00, real=0.01 secs] 
805.943: [GC (Allocation Failure) [PSYoungGen: 60736K->1376K(61440K)] 432018K->372682K(572928K), 0.0023459 secs] [Times: user=0.00 sys=0.00, real=0.00 secs] 
806.197: [GC (Allocation Failure) [PSYoungGen: 60768K->1344K(61440K)] 432074K->372650K(572928K), 0.0030213 secs] [Times: user=0.02 sys=0.00, real=0.00 secs] 
806.611: [GC (Allocation Failure) [PSYoungGen: 60721K->1453K(61440K)] 432028K->372759K(572928K), 0.0015528 secs] [Times: user=0.00 sys=0.00, real=0.01 secs] 
806.957: [GC (Allocation Failure) [PSYoungGen: 60845K->1533K(61440K)] 432151K->372855K(572928K), 0.0015870 secs] [Times: user=0.01 sys=0.00, real=0.00 secs] 
807.303: [GC (Allocation Failure) [PSYoungGen: 60925K->1549K(61440K)] 432247K->372871K(572928K), 0.0015573 secs] [Times: user=0.00 sys=0.00, real=0.00 secs] 
807.708: [GC (Allocation Failure) [PSYoungGen: 60941K->1485K(61440K)] 432263K->372807K(572928K), 0.0016658 secs] [Times: user=0.01 sys=0.00, real=0.00 secs] 
808.251: [GC (Allocation Failure) [PSYoungGen: 60877K->1408K(61440K)] 432199K->372730K(572928K), 0.0030119 secs] [Times: user=0.01 sys=0.00, real=0.01 secs] 
808.968: [GC (Allocation Failure) [PSYoungGen: 60800K->1344K(61440K)] 432122K->372666K(572928K), 0.0028259 secs] [Times: user=0.01 sys=0.00, real=0.00 secs] 
809.775: [GC (Allocation Failure) [PSYoungGen: 60736K->1376K(61440K)] 432058K->372698K(572928K), 0.0031105 secs] [Times: user=0.01 sys=0.00, real=0.00 secs] 
810.450: [GC (Allocation Failure) [PSYoungGen: 60768K->1376K(61440K)] 432090K->372698K(572928K), 0.0030482 secs] [Times: user=0.01 sys=0.00, real=0.01 secs] 
810.972: [GC (Allocation Failure) [PSYoungGen: 60768K->1376K(61440K)] 432090K->372698K(572928K), 0.0026112 secs] [Times: user=0.01 sys=0.00, real=0.00 secs] 
811.519: [GC (Allocation Failure) [PSYoungGen: 60768K->1485K(61440K)] 432090K->372807K(572928K), 0.0015373 secs] [Times: user=0.00 sys=0.00, real=0.00 secs] 
811.864: [GC (Allocation Failure) [PSYoungGen: 60877K->1501K(61440K)] 432199K->372839K(572928K), 0.0015385 secs] [Times: user=0.01 sys=0.00, real=0.00 secs] 
812.209: [GC (Allocation Failure) [PSYoungGen: 60892K->1549K(61440K)] 432230K->372887K(572928K), 0.0016196 secs] [Times: user=0.01 sys=0.00, real=0.00 secs] 
812.555: [GC (Allocation Failure) [PSYoungGen: 60941K->1501K(61440K)] 432279K->372839K(572928K), 0.0015673 secs] [Times: user=0.00 sys=0.00, real=0.00 secs] 
813.218: [GC (Allocation Failure) [PSYoungGen: 60893K->1440K(61440K)] 432231K->372778K(572928K), 0.0036130 secs] [Times: user=0.01 sys=0.00, real=0.01 secs] 
813.928: [GC (Allocation Failure) [PSYoungGen: 60832K->1344K(61440K)] 432170K->372682K(572928K), 0.0027659 secs] [Times: user=0.01 sys=0.00, real=0.00 secs] 
814.734: [GC (Allocation Failure) [PSYoungGen: 60736K->1376K(61440K)] 432074K->372714K(572928K), 0.0027835 secs] [Times: user=0.01 sys=0.00, real=0.00 secs] 
815.699: [GC (Allocation Failure) [PSYoungGen: 60768K->1344K(61440K)] 432106K->372682K(572928K), 0.0035291 secs] [Times: user=0.01 sys=0.00, real=0.01 secs] 
816.610: [GC (Allocation Failure) [PSYoungGen: 60736K->1344K(61440K)] 432074K->372682K(572928K), 0.0033814 secs] [Times: user=0.01 sys=0.00, real=0.01 secs] 
817.160: [GC (Allocation Failure) [PSYoungGen: 60713K->1517K(61440K)] 432052K->372855K(572928K), 0.0015530 secs] [Times: user=0.00 sys=0.00, real=0.00 secs] 
817.506: [GC (Allocation Failure) [PSYoungGen: 60909K->1581K(61440K)] 432247K->372935K(572928K), 0.0015842 secs] [Times: user=0.01 sys=0.00, real=0.00 secs] 
817.852: [GC (Allocation Failure) [PSYoungGen: 60941K->1549K(61440K)] 432296K->372903K(572928K), 0.0016250 secs] [Times: user=0.01 sys=0.00, real=0.00 secs] 
818.199: [GC (Allocation Failure) [PSYoungGen: 60941K->1485K(61440K)] 432295K->372863K(572928K), 0.0016031 secs] [Times: user=0.01 sys=0.00, real=0.00 secs] 
818.642: [GC (Allocation Failure) [PSYoungGen: 60877K->1360K(61440K)] 432255K->372738K(572928K), 0.0019692 secs] [Times: user=0.01 sys=0.00, real=0.01 secs] 
819.193: [GC (Allocation Failure) [PSYoungGen: 60752K->1408K(61440K)] 432130K->372786K(572928K), 0.0021805 secs] [Times: user=0.01 sys=0.00, real=0.00 secs] 
820.000: [GC (Allocation Failure) [PSYoungGen: 60800K->1376K(61440K)] 432178K->372754K(572928K), 0.0031105 secs] [Times: user=0.02 sys=0.00, real=0.01 secs] 
820.796: [GC (Allocation Failure) [PSYoungGen: 60768K->1376K(61440K)] 432146K->372754K(572928K), 0.0029907 secs] [Times: user=0.01 sys=0.00, real=0.00 secs] 
821.534: [GC (Allocation Failure) [PSYoungGen: 60768K->1376K(61440K)] 432146K->372754K(572928K), 0.0028473 secs] [Times: user=0.01 sys=0.00, real=0.00 secs] 
821.998: [GC (Allocation Failure) [PSYoungGen: 60768K->1552K(61440K)] 432146K->372930K(572928K), 0.0016264 secs] [Times: user=0.00 sys=0.00, real=0.00 secs] 
822.345: [GC (Allocation Failure) [PSYoungGen: 60944K->1549K(61440K)] 432322K->372943K(572928K), 0.0016463 secs] [Times: user=0.01 sys=0.00, real=0.00 secs] 
822.692: [GC (Allocation Failure) [PSYoungGen: 60941K->1549K(61440K)] 432335K->372943K(572928K), 0.0017592 secs] [Times: user=0.01 sys=0.00, real=0.00 secs] 
823.040: [GC (Allocation Failure) [PSYoungGen: 60941K->1485K(61440K)] 432335K->372879K(572928K), 0.0016148 secs] [Times: user=0.00 sys=0.00, real=0.00 secs] 
823.407: [GC (Allocation Failure) [PSYoungGen: 60877K->1440K(61440K)] 432271K->372834K(572928K), 0.0020372 secs] [Times: user=0.01 sys=0.00, real=0.00 secs] 
823.655: [GC (Allocation Failure) [PSYoungGen: 60832K->1376K(61440K)] 432226K->372770K(572928K), 0.0019331 secs] [Times: user=0.01 sys=0.00, real=0.00 secs] 
824.002: [GC (Allocation Failure) [PSYoungGen: 60768K->1312K(61440K)] 432162K->372706K(572928K), 0.0019686 secs] [Times: user=0.01 sys=0.00, real=0.00 secs] 
824.414: [GC (Allocation Failure) [PSYoungGen: 60704K->1408K(61440K)] 432098K->372802K(572928K), 0.0021036 secs] [Times: user=0.01 sys=0.00, real=0.00 secs] 
824.973: [GC (Allocation Failure) [PSYoungGen: 60778K->1437K(61440K)] 432172K->372831K(572928K), 0.0019520 secs] [Times: user=0.01 sys=0.00, real=0.00 secs] 
825.416: [GC (Allocation Failure) [PSYoungGen: 60829K->1584K(61440K)] 432223K->372978K(572928K), 0.0016043 secs] [Times: user=0.00 sys=0.00, real=0.00 secs] 
825.824: [GC (Allocation Failure) [PSYoungGen: 60976K->1549K(61440K)] 432370K->372959K(572928K), 0.0016926 secs] [Times: user=0.00 sys=0.00, real=0.00 secs] 
826.171: [GC (Allocation Failure) [PSYoungGen: 60941K->1552K(61440K)] 432351K->372970K(572928K), 0.0016572 secs] [Times: user=0.01 sys=0.00, real=0.01 secs] 
826.537: [GC (Allocation Failure) [PSYoungGen: 60854K->288K(61440K)] 432272K->371706K(572928K), 0.0016490 secs] [Times: user=0.00 sys=0.00, real=0.00 secs] 
826.831: [GC (Allocation Failure) [PSYoungGen: 59680K->1344K(61440K)] 431098K->372762K(572928K), 0.0026837 secs] [Times: user=0.01 sys=0.00, real=0.01 secs] 
827.074: [GC (Allocation Failure) [PSYoungGen: 60736K->1376K(61440K)] 432154K->372794K(572928K), 0.0019562 secs] [Times: user=0.01 sys=0.00, real=0.00 secs] 
827.351: [GC (Allocation Failure) [PSYoungGen: 60768K->1376K(61440K)] 432186K->372802K(572928K), 0.0022064 secs] [Times: user=0.00 sys=0.00, real=0.01 secs] 
827.597: [GC (Allocation Failure) [PSYoungGen: 60768K->1376K(61440K)] 432194K->372802K(572928K), 0.0019335 secs] [Times: user=0.01 sys=0.00, real=0.00 secs] 
828.019: [GC (Allocation Failure) [PSYoungGen: 60768K->1469K(61440K)] 432194K->372895K(572928K), 0.0016678 secs] [Times: user=0.01 sys=0.00, real=0.00 secs] 
828.421: [GC (Allocation Failure) [PSYoungGen: 60861K->1485K(61440K)] 432287K->372911K(572928K), 0.0016670 secs] [Times: user=0.00 sys=0.00, real=0.01 secs] 
828.769: [GC (Allocation Failure) [PSYoungGen: 60877K->1520K(61440K)] 432303K->372954K(572928K), 0.0016005 secs] [Times: user=0.00 sys=0.00, real=0.00 secs] 
829.118: [GC (Allocation Failure) [PSYoungGen: 60912K->1520K(61440K)] 432346K->372954K(572928K), 0.0016669 secs] [Times: user=0.01 sys=0.00, real=0.00 secs] 
829.584: [GC (Allocation Failure) [PSYoungGen: 60912K->1952K(61440K)] 432346K->373386K(572928K), 0.0024277 secs] [Times: user=0.01 sys=0.00, real=0.00 secs] 
829.983: [GC (Allocation Failure) [PSYoungGen: 61344K->1312K(61440K)] 432778K->372746K(572928K), 0.0020089 secs] [Times: user=0.01 sys=0.00, real=0.00 secs] 
830.231: [GC (Allocation Failure) [PSYoungGen: 60704K->1312K(61440K)] 432138K->372746K(572928K), 0.0020460 secs] [Times: user=0.00 sys=0.00, real=0.01 secs] 
830.478: [GC (Allocation Failure) [PSYoungGen: 60704K->1376K(61440K)] 432138K->372810K(572928K), 0.0020121 secs] [Times: user=0.01 sys=0.00, real=0.00 secs] 
830.724: [GC (Allocation Failure) [PSYoungGen: 60768K->1376K(61440K)] 432202K->372810K(572928K), 0.0019879 secs] [Times: user=0.01 sys=0.00, real=0.00 secs] 
831.047: [GC (Allocation Failure) [PSYoungGen: 60768K->1453K(61440K)] 432202K->372887K(572928K), 0.0016430 secs] [Times: user=0.01 sys=0.00, real=0.00 secs] 
831.393: [GC (Allocation Failure) [PSYoungGen: 60845K->1552K(61440K)] 432279K->372994K(572928K), 0.0017064 secs] [Times: user=0.01 sys=0.00, real=0.00 secs] 
831.739: [GC (Allocation Failure) [PSYoungGen: 60944K->1581K(61440K)] 432386K->373031K(572928K), 0.0015511 secs] [Times: user=0.01 sys=0.00, real=0.00 secs] 
832.148: [GC (Allocation Failure) [PSYoungGen: 60973K->1517K(61440K)] 432423K->372967K(572928K), 0.0018768 secs] [Times: user=0.01 sys=0.00, real=0.00 secs] 
832.534: [GC (Allocation Failure) [PSYoungGen: 60909K->1472K(61440K)] 432359K->372930K(572928K), 0.0021079 secs] [Times: user=0.01 sys=0.00, real=0.00 secs] 
832.780: [GC (Allocation Failure) [PSYoungGen: 60864K->1408K(61440K)] 432322K->372866K(572928K), 0.0021921 secs] [Times: user=0.01 sys=0.00, real=0.01 secs] 
833.028: [GC (Allocation Failure) [PSYoungGen: 60800K->1344K(61440K)] 432258K->372802K(572928K), 0.0018949 secs] [Times: user=0.01 sys=0.00, real=0.00 secs] 
833.274: [GC (Allocation Failure) [PSYoungGen: 60736K->1376K(61440K)] 432194K->372834K(572928K), 0.0019675 secs] [Times: user=0.01 sys=0.00, real=0.00 secs] 
833.521: [GC (Allocation Failure) [PSYoungGen: 60768K->1408K(61440K)] 432226K->372866K(572928K), 0.0018831 secs] [Times: user=0.01 sys=0.00, real=0.01 secs] 
833.869: [GC (Allocation Failure) [PSYoungGen: 60800K->1453K(61440K)] 432258K->372927K(572928K), 0.0016437 secs] [Times: user=0.00 sys=0.00, real=0.00 secs] 
834.217: [GC (Allocation Failure) [PSYoungGen: 60821K->1488K(61440K)] 432295K->372978K(572928K), 0.0016716 secs] [Times: user=0.01 sys=0.00, real=0.00 secs] 
834.562: [GC (Allocation Failure) [PSYoungGen: 60880K->1520K(61440K)] 432370K->373010K(572928K), 0.0015936 secs] [Times: user=0.00 sys=0.00, real=0.00 secs] 
834.909: [GC (Allocation Failure) [PSYoungGen: 60912K->1533K(61440K)] 432402K->373023K(572928K), 0.0015900 secs] [Times: user=0.00 sys=0.00, real=0.00 secs] 
835.642: [GC (Allocation Failure) [PSYoungGen: 60925K->1504K(61440K)] 432415K->372994K(572928K), 0.0027832 secs] [Times: user=0.01 sys=0.00, real=0.00 secs] 
836.427: [GC (Allocation Failure) [PSYoungGen: 60896K->1408K(61440K)] 432386K->372898K(572928K), 0.0023504 secs] [Times: user=0.01 sys=0.00, real=0.00 secs] 
837.069: [GC (Allocation Failure) [PSYoungGen: 60800K->1376K(61440K)] 432290K->372866K(572928K), 0.0027315 secs] [Times: user=0.01 sys=0.00, real=0.01 secs] 
837.579: [GC (Allocation Failure) [PSYoungGen: 60768K->1376K(61440K)] 432258K->372866K(572928K), 0.0021742 secs] [Times: user=0.01 sys=0.00, real=0.00 secs] 
838.130: [GC (Allocation Failure) [PSYoungGen: 60768K->1408K(61440K)] 432258K->372898K(572928K), 0.0021308 secs] [Times: user=0.00 sys=0.00, real=0.01 secs] 
838.607: [GC (Allocation Failure) [PSYoungGen: 60781K->1552K(61440K)] 432271K->373042K(572928K), 0.0015837 secs] [Times: user=0.00 sys=0.00, real=0.00 secs] 
838.959: [GC (Allocation Failure) [PSYoungGen: 60944K->1517K(61440K)] 432434K->373031K(572928K), 0.0015504 secs] [Times: user=0.00 sys=0.00, real=0.00 secs] 
839.365: [GC (Allocation Failure) [PSYoungGen: 60909K->1584K(61440K)] 432423K->373098K(572928K), 0.0018147 secs] [Times: user=0.01 sys=0.00, real=0.00 secs] 
839.711: [GC (Allocation Failure) [PSYoungGen: 60976K->1485K(61440K)] 432490K->372999K(572928K), 0.0016757 secs] [Times: user=0.01 sys=0.00, real=0.01 secs] 
840.128: [GC (Allocation Failure) [PSYoungGen: 60877K->1456K(61440K)] 432391K->372970K(572928K), 0.0028633 secs] [Times: user=0.01 sys=0.00, real=0.00 secs] 
840.376: [GC (Allocation Failure) [PSYoungGen: 60848K->1344K(61440K)] 432362K->372858K(572928K), 0.0020235 secs] [Times: user=0.01 sys=0.00, real=0.00 secs] 
840.623: [GC (Allocation Failure) [PSYoungGen: 60736K->1312K(61440K)] 432250K->372826K(572928K), 0.0019886 secs] [Times: user=0.01 sys=0.00, real=0.00 secs] 
840.870: [GC (Allocation Failure) [PSYoungGen: 60704K->1344K(61440K)] 432218K->372858K(572928K), 0.0020046 secs] [Times: user=0.01 sys=0.00, real=0.00 secs] 
841.153: [GC (Allocation Failure) [PSYoungGen: 60736K->1408K(61440K)] 432250K->372922K(572928K), 0.0019363 secs] [Times: user=0.01 sys=0.00, real=0.00 secs] 
841.513: [GC (Allocation Failure) [PSYoungGen: 60800K->1581K(61440K)] 432314K->373095K(572928K), 0.0016295 secs] [Times: user=0.01 sys=0.00, real=0.00 secs] 
841.860: [GC (Allocation Failure) [PSYoungGen: 60967K->1453K(61440K)] 432481K->372983K(572928K), 0.0015883 secs] [Times: user=0.00 sys=0.00, real=0.00 secs] 
842.208: [GC (Allocation Failure) [PSYoungGen: 60845K->1485K(61440K)] 432375K->373015K(572928K), 0.0016124 secs] [Times: user=0.00 sys=0.00, real=0.00 secs] 
842.554: [GC (Allocation Failure) [PSYoungGen: 60877K->1501K(61440K)] 432407K->373031K(572928K), 0.0016328 secs] [Times: user=0.00 sys=0.00, real=0.00 secs] 
843.143: [GC (Allocation Failure) [PSYoungGen: 60893K->1408K(61440K)] 432423K->372938K(572928K), 0.0020235 secs] [Times: user=0.01 sys=0.00, real=0.00 secs] 
843.409: [GC (Allocation Failure) [PSYoungGen: 60800K->1440K(61440K)] 432330K->372970K(572928K), 0.0020848 secs] [Times: user=0.00 sys=0.00, real=0.00 secs] 
843.657: [GC (Allocation Failure) [PSYoungGen: 60832K->1376K(61440K)] 432362K->372914K(572928K), 0.0024061 secs] [Times: user=0.01 sys=0.00, real=0.00 secs] 
843.905: [GC (Allocation Failure) [PSYoungGen: 60768K->1376K(61440K)] 432306K->372914K(572928K), 0.0019164 secs] [Times: user=0.01 sys=0.01, real=0.00 secs] 
844.327: [GC (Allocation Failure) [PSYoungGen: 60768K->1469K(61440K)] 432306K->373031K(572928K), 0.0021276 secs] [Times: user=0.00 sys=0.00, real=0.00 secs] 
844.788: [GC (Allocation Failure) [PSYoungGen: 60854K->1517K(61440K)] 432417K->373079K(572928K), 0.0017599 secs] [Times: user=0.01 sys=0.00, real=0.00 secs] 
845.135: [GC (Allocation Failure) [PSYoungGen: 60909K->1549K(61440K)] 432471K->373119K(572928K), 0.0016420 secs] [Times: user=0.01 sys=0.00, real=0.00 secs] 
845.480: [GC (Allocation Failure) [PSYoungGen: 60912K->1549K(61440K)] 432482K->373119K(572928K), 0.0016595 secs] [Times: user=0.01 sys=0.00, real=0.00 secs] 
845.890: [GC (Allocation Failure) [PSYoungGen: 60941K->1549K(61440K)] 432511K->373119K(572928K), 0.0016318 secs] [Times: user=0.01 sys=0.00, real=0.01 secs] 
846.367: [GC (Allocation Failure) [PSYoungGen: 60941K->1408K(61440K)] 432511K->372978K(572928K), 0.0027591 secs] [Times: user=0.02 sys=0.00, real=0.00 secs] 
846.857: [GC (Allocation Failure) [PSYoungGen: 60800K->1376K(61440K)] 432370K->372946K(572928K), 0.0026802 secs] [Times: user=0.01 sys=0.00, real=0.00 secs] 
847.444: [GC (Allocation Failure) [PSYoungGen: 60768K->1344K(61440K)] 432338K->372914K(572928K), 0.0022765 secs] [Times: user=0.00 sys=0.00, real=0.00 secs] 
847.948: [GC (Allocation Failure) [PSYoungGen: 60736K->1376K(61440K)] 432306K->372946K(572928K), 0.0029081 secs] [Times: user=0.01 sys=0.00, real=0.00 secs] 
848.444: [GC (Allocation Failure) [PSYoungGen: 60740K->1437K(61440K)] 432310K->373015K(572928K), 0.0016237 secs] [Times: user=0.01 sys=0.00, real=0.00 secs] 
848.792: [GC (Allocation Failure) [PSYoungGen: 60829K->1581K(61440K)] 432407K->373159K(572928K), 0.0015269 secs] [Times: user=0.01 sys=0.00, real=0.00 secs] 
849.139: [GC (Allocation Failure) [PSYoungGen: 60973K->1549K(61440K)] 432551K->373143K(572928K), 0.0016143 secs] [Times: user=0.00 sys=0.00, real=0.00 secs] 
849.485: [GC (Allocation Failure) [PSYoungGen: 60941K->1485K(61440K)] 432535K->373079K(572928K), 0.0015770 secs] [Times: user=0.00 sys=0.00, real=0.00 secs] 
850.056: [GC (Allocation Failure) [PSYoungGen: 60877K->1984K(61440K)] 432471K->373578K(572928K), 0.0027236 secs] [Times: user=0.01 sys=0.00, real=0.00 secs] 
851.356: [GC (Allocation Failure) [PSYoungGen: 61376K->1344K(61440K)] 432970K->372938K(572928K), 0.0027693 secs] [Times: user=0.01 sys=0.00, real=0.00 secs] 
851.996: [GC (Allocation Failure) [PSYoungGen: 60736K->1376K(61440K)] 432330K->372970K(572928K), 0.0032557 secs] [Times: user=0.01 sys=0.00, real=0.00 secs] 
852.547: [GC (Allocation Failure) [PSYoungGen: 60768K->1376K(61440K)] 432362K->372970K(572928K), 0.0023148 secs] [Times: user=0.01 sys=0.00, real=0.00 secs] 
853.173: [GC (Allocation Failure) [PSYoungGen: 60768K->1408K(61440K)] 432362K->373002K(572928K), 0.0022439 secs] [Times: user=0.01 sys=0.00, real=0.00 secs] 
853.883: [GC (Allocation Failure) [PSYoungGen: 60800K->1517K(61440K)] 432394K->373111K(572928K), 0.0019045 secs] [Times: user=0.01 sys=0.00, real=0.00 secs] 
854.238: [GC (Allocation Failure) [PSYoungGen: 60909K->1549K(61440K)] 432503K->373143K(572928K), 0.0017863 secs] [Times: user=0.01 sys=0.00, real=0.00 secs] 
854.583: [GC (Allocation Failure) [PSYoungGen: 60941K->1584K(61440K)] 432535K->373186K(572928K), 0.0017307 secs] [Times: user=0.01 sys=0.00, real=0.00 secs] 
854.988: [GC (Allocation Failure) [PSYoungGen: 60976K->1485K(61440K)] 432578K->373087K(572928K), 0.0018824 secs] [Times: user=0.01 sys=0.00, real=0.00 secs] 
855.305: [GC (Allocation Failure) [PSYoungGen: 60877K->1504K(61440K)] 432479K->373106K(572928K), 0.0020909 secs] [Times: user=0.01 sys=0.00, real=0.00 secs] 
855.556: [GC (Allocation Failure) [PSYoungGen: 60896K->1408K(61440K)] 432498K->373018K(572928K), 0.0023438 secs] [Times: user=0.01 sys=0.00, real=0.00 secs] 
855.799: [GC (Allocation Failure) [PSYoungGen: 60800K->1376K(61440K)] 432410K->372986K(572928K), 0.0018873 secs] [Times: user=0.01 sys=0.00, real=0.00 secs] 
856.046: [GC (Allocation Failure) [PSYoungGen: 60768K->1376K(61440K)] 432378K->372994K(572928K), 0.0017661 secs] [Times: user=0.00 sys=0.00, real=0.00 secs] 
856.292: [GC (Allocation Failure) [PSYoungGen: 60768K->1376K(61440K)] 432386K->373018K(572928K), 0.0018732 secs] [Times: user=0.01 sys=0.00, real=0.00 secs] 
856.657: [GC (Allocation Failure) [PSYoungGen: 60768K->1440K(61440K)] 432410K->373082K(572928K), 0.0015009 secs] [Times: user=0.01 sys=0.00, real=0.00 secs] 
857.004: [GC (Allocation Failure) [PSYoungGen: 60812K->1517K(61440K)] 432455K->373175K(572928K), 0.0016115 secs] [Times: user=0.00 sys=0.00, real=0.00 secs] 
857.411: [GC (Allocation Failure) [PSYoungGen: 60909K->1485K(61440K)] 432567K->373143K(572928K), 0.0016706 secs] [Times: user=0.01 sys=0.00, real=0.01 secs] 
857.757: [GC (Allocation Failure) [PSYoungGen: 60877K->1549K(61440K)] 432535K->373207K(572928K), 0.0016450 secs] [Times: user=0.00 sys=0.00, real=0.00 secs] 
858.267: [GC (Allocation Failure) [PSYoungGen: 60941K->1440K(61440K)] 432599K->373098K(572928K), 0.0032650 secs] [Times: user=0.01 sys=0.00, real=0.00 secs] 
858.790: [GC (Allocation Failure) [PSYoungGen: 60832K->1344K(61440K)] 432490K->373002K(572928K), 0.0024812 secs] [Times: user=0.01 sys=0.00, real=0.01 secs] 
859.066: [GC (Allocation Failure) [PSYoungGen: 60736K->1376K(61440K)] 432394K->373034K(572928K), 0.0019092 secs] [Times: user=0.00 sys=0.00, real=0.00 secs] 
859.447: [GC (Allocation Failure) [PSYoungGen: 60768K->1344K(61440K)] 432426K->373002K(572928K), 0.0019711 secs] [Times: user=0.00 sys=0.00, real=0.00 secs] 
859.912: [GC (Allocation Failure) [PSYoungGen: 60736K->1376K(61440K)] 432394K->373034K(572928K), 0.0033939 secs] [Times: user=0.01 sys=0.00, real=0.00 secs] 
860.409: [GC (Allocation Failure) [PSYoungGen: 60768K->1501K(61440K)] 432426K->373159K(572928K), 0.0018503 secs] [Times: user=0.01 sys=0.00, real=0.00 secs] 
860.814: [GC (Allocation Failure) [PSYoungGen: 60893K->1584K(61440K)] 432551K->373250K(572928K), 0.0016769 secs] [Times: user=0.01 sys=0.00, real=0.00 secs] 
861.224: [GC (Allocation Failure) [PSYoungGen: 60976K->1549K(61440K)] 432642K->373215K(572928K), 0.0016446 secs] [Times: user=0.00 sys=0.00, real=0.00 secs] 
861.570: [GC (Allocation Failure) [PSYoungGen: 60941K->1517K(61440K)] 432607K->373183K(572928K), 0.0016801 secs] [Times: user=0.00 sys=0.00, real=0.01 secs] 
861.862: [GC (Allocation Failure) [PSYoungGen: 60909K->1408K(61440K)] 432575K->373074K(572928K), 0.0024640 secs] [Times: user=0.01 sys=0.00, real=0.00 secs] 
862.118: [GC (Allocation Failure) [PSYoungGen: 60800K->1376K(61440K)] 432466K->373042K(572928K), 0.0020047 secs] [Times: user=0.01 sys=0.00, real=0.00 secs] 
862.595: [GC (Allocation Failure) [PSYoungGen: 60768K->1408K(61440K)] 432434K->373074K(572928K), 0.0020546 secs] [Times: user=0.01 sys=0.00, real=0.00 secs] 
863.223: [GC (Allocation Failure) [PSYoungGen: 60800K->1376K(61440K)] 432466K->373042K(572928K), 0.0027033 secs] [Times: user=0.01 sys=0.00, real=0.00 secs] 
863.980: [GC (Allocation Failure) [PSYoungGen: 60768K->1344K(61440K)] 432434K->373010K(572928K), 0.0033121 secs] [Times: user=0.01 sys=0.00, real=0.01 secs] 
864.510: [GC (Allocation Failure) [PSYoungGen: 60711K->1520K(61440K)] 432377K->373186K(572928K), 0.0018069 secs] [Times: user=0.00 sys=0.00, real=0.01 secs] 
864.858: [GC (Allocation Failure) [PSYoungGen: 60912K->1485K(61440K)] 432578K->373167K(572928K), 0.0016076 secs] [Times: user=0.00 sys=0.00, real=0.00 secs] 
865.203: [GC (Allocation Failure) [PSYoungGen: 60868K->1501K(61440K)] 432551K->373183K(572928K), 0.0016249 secs] [Times: user=0.01 sys=0.00, real=0.00 secs] 
865.548: [GC (Allocation Failure) [PSYoungGen: 60893K->1485K(61440K)] 432575K->373183K(572928K), 0.0016260 secs] [Times: user=0.01 sys=0.00, real=0.00 secs] 
866.389: [GC (Allocation Failure) [PSYoungGen: 60877K->1360K(61440K)] 432575K->373058K(572928K), 0.0039474 secs] [Times: user=0.01 sys=0.00, real=0.01 secs] 
866.956: [GC (Allocation Failure) [PSYoungGen: 60752K->1376K(61440K)] 432450K->373074K(572928K), 0.0023527 secs] [Times: user=0.01 sys=0.00, real=0.00 secs] 
867.443: [GC (Allocation Failure) [PSYoungGen: 60768K->1376K(61440K)] 432466K->373074K(572928K), 0.0031187 secs] [Times: user=0.01 sys=0.00, real=0.00 secs] 
867.937: [GC (Allocation Failure) [PSYoungGen: 60768K->1376K(61440K)] 432466K->373074K(572928K), 0.0023347 secs] [Times: user=0.01 sys=0.00, real=0.00 secs] 
868.500: [GC (Allocation Failure) [PSYoungGen: 60768K->1469K(61440K)] 432466K->373167K(572928K), 0.0021703 secs] [Times: user=0.01 sys=0.00, real=0.01 secs] 
868.967: [GC (Allocation Failure) [PSYoungGen: 60861K->1517K(61440K)] 432559K->373215K(572928K), 0.0015479 secs] [Times: user=0.01 sys=0.00, real=0.00 secs] 
869.373: [GC (Allocation Failure) [PSYoungGen: 60909K->1488K(61440K)] 432607K->373202K(572928K), 0.0018481 secs] [Times: user=0.00 sys=0.00, real=0.00 secs] 
869.720: [GC (Allocation Failure) [PSYoungGen: 60880K->1552K(61440K)] 432594K->373266K(572928K), 0.0016515 secs] [Times: user=0.01 sys=0.00, real=0.00 secs] 
870.069: [GC (Allocation Failure) [PSYoungGen: 60944K->1485K(61440K)] 432658K->373199K(572928K), 0.0015997 secs] [Times: user=0.01 sys=0.00, real=0.00 secs] 
871.641: [GC (Allocation Failure) [PSYoungGen: 60877K->1408K(61440K)] 432591K->373122K(572928K), 0.0040956 secs] [Times: user=0.02 sys=0.00, real=0.01 secs] 
872.425: [GC (Allocation Failure) [PSYoungGen: 60800K->1376K(61440K)] 432514K->373090K(572928K), 0.0030081 secs] [Times: user=0.02 sys=0.00, real=0.00 secs] 
872.950: [GC (Allocation Failure) [PSYoungGen: 60768K->1408K(61440K)] 432482K->373122K(572928K), 0.0021852 secs] [Times: user=0.00 sys=0.00, real=0.01 secs] 
873.223: [GC (Allocation Failure) [PSYoungGen: 60800K->1376K(61440K)] 432514K->373090K(572928K), 0.0021897 secs] [Times: user=0.00 sys=0.00, real=0.00 secs] 
873.541: [GC (Allocation Failure) [PSYoungGen: 60768K->1469K(61440K)] 432482K->373183K(572928K), 0.0015620 secs] [Times: user=0.01 sys=0.00, real=0.01 secs] 
873.889: [GC (Allocation Failure) [PSYoungGen: 60861K->1549K(61440K)] 432575K->373263K(572928K), 0.0015719 secs] [Times: user=0.00 sys=0.00, real=0.00 secs] 
874.287: [GC (Allocation Failure) [PSYoungGen: 60941K->1517K(61440K)] 432655K->373247K(572928K), 0.0018091 secs] [Times: user=0.01 sys=0.00, real=0.00 secs] 
874.693: [GC (Allocation Failure) [PSYoungGen: 60909K->1453K(61440K)] 432639K->373183K(572928K), 0.0018320 secs] [Times: user=0.00 sys=0.00, real=0.00 secs] 
875.183: [GC (Allocation Failure) [PSYoungGen: 60845K->2016K(61440K)] 432575K->373746K(572928K), 0.0020111 secs] [Times: user=0.01 sys=0.00, real=0.00 secs] 
876.021: [GC (Allocation Failure) [PSYoungGen: 61408K->1376K(61440K)] 433138K->373106K(572928K), 0.0033894 secs] [Times: user=0.02 sys=0.00, real=0.01 secs] 
876.775: [GC (Allocation Failure) [PSYoungGen: 60768K->1344K(61440K)] 432498K->373074K(572928K), 0.0025496 secs] [Times: user=0.01 sys=0.00, real=0.00 secs] 
877.446: [GC (Allocation Failure) [PSYoungGen: 60736K->1344K(61440K)] 432466K->373074K(572928K), 0.0027967 secs] [Times: user=0.01 sys=0.00, real=0.00 secs] 
878.115: [GC (Allocation Failure) [PSYoungGen: 60736K->1376K(61440K)] 432466K->373130K(572928K), 0.0027029 secs] [Times: user=0.01 sys=0.00, real=0.00 secs] 
878.820: [GC (Allocation Failure) [PSYoungGen: 60768K->1440K(61440K)] 432522K->373194K(572928K), 0.0015990 secs] [Times: user=0.00 sys=0.00, real=0.00 secs] 
879.231: [GC (Allocation Failure) [PSYoungGen: 60832K->1584K(61440K)] 432586K->373338K(572928K), 0.0016534 secs] [Times: user=0.01 sys=0.00, real=0.01 secs] 
879.641: [GC (Allocation Failure) [PSYoungGen: 60976K->1517K(61440K)] 432730K->373287K(572928K), 0.0016811 secs] [Times: user=0.01 sys=0.00, real=0.01 secs] 
879.988: [GC (Allocation Failure) [PSYoungGen: 60909K->1485K(61440K)] 432679K->373255K(572928K), 0.0017585 secs] [Times: user=0.00 sys=0.00, real=0.00 secs] 
880.316: [GC (Allocation Failure) [PSYoungGen: 60877K->1472K(61440K)] 432647K->373242K(572928K), 0.0020397 secs] [Times: user=0.00 sys=0.00, real=0.00 secs] 
880.676: [GC (Allocation Failure) [PSYoungGen: 60864K->1312K(61440K)] 432634K->373082K(572928K), 0.0025879 secs] [Times: user=0.02 sys=0.00, real=0.00 secs] 
880.949: [GC (Allocation Failure) [PSYoungGen: 60704K->1392K(61440K)] 432474K->373162K(572928K), 0.0019072 secs] [Times: user=0.01 sys=0.00, real=0.00 secs] 
881.239: [GC (Allocation Failure) [PSYoungGen: 60784K->1469K(61440K)] 432554K->373239K(572928K), 0.0017553 secs] [Times: user=0.01 sys=0.00, real=0.00 secs] 
881.485: [GC (Allocation Failure) [PSYoungGen: 60858K->1533K(61440K)] 432629K->373303K(572928K), 0.0016197 secs] [Times: user=0.01 sys=0.00, real=0.00 secs] 
881.726: [GC (Allocation Failure) [PSYoungGen: 60925K->1581K(61440K)] 432695K->373351K(572928K), 0.0016338 secs] [Times: user=0.01 sys=0.00, real=0.00 secs] 
881.964: [GC (Allocation Failure) [PSYoungGen: 60973K->1517K(61440K)] 432743K->373303K(572928K), 0.0015862 secs] [Times: user=0.01 sys=0.00, real=0.00 secs] 
882.204: [GC (Allocation Failure) [PSYoungGen: 60909K->1517K(61440K)] 432695K->373303K(572928K), 0.0016470 secs] [Times: user=0.01 sys=0.00, real=0.00 secs] 
882.557: [GC (Allocation Failure) [PSYoungGen: 60909K->1344K(61440K)] 432695K->373130K(572928K), 0.0018356 secs] [Times: user=0.01 sys=0.00, real=0.00 secs] 
882.804: [GC (Allocation Failure) [PSYoungGen: 60736K->1328K(61440K)] 432522K->373114K(572928K), 0.0019986 secs] [Times: user=0.01 sys=0.00, real=0.00 secs] 
883.051: [GC (Allocation Failure) [PSYoungGen: 60720K->1360K(61440K)] 432506K->373146K(572928K), 0.0018391 secs] [Times: user=0.01 sys=0.00, real=0.01 secs] 
883.298: [GC (Allocation Failure) [PSYoungGen: 60752K->1376K(61440K)] 432538K->373162K(572928K), 0.0019146 secs] [Times: user=0.01 sys=0.00, real=0.00 secs] 
884.779: [GC (Allocation Failure) [PSYoungGen: 60741K->1453K(61440K)] 432527K->373263K(572928K), 0.0020981 secs] [Times: user=0.01 sys=0.00, real=0.00 secs] 
885.137: [GC (Allocation Failure) [PSYoungGen: 60845K->1517K(61440K)] 432655K->373327K(572928K), 0.0016423 secs] [Times: user=0.01 sys=0.00, real=0.00 secs] 
885.482: [GC (Allocation Failure) [PSYoungGen: 60909K->1549K(61440K)] 432719K->373359K(572928K), 0.0016738 secs] [Times: user=0.01 sys=0.00, real=0.00 secs] 
885.829: [GC (Allocation Failure) [PSYoungGen: 60941K->1485K(61440K)] 432751K->373311K(572928K), 0.0016664 secs] [Times: user=0.00 sys=0.00, real=0.00 secs] 
886.230: [GC (Allocation Failure) [PSYoungGen: 60877K->1952K(61440K)] 432703K->373778K(572928K), 0.0018966 secs] [Times: user=0.01 sys=0.00, real=0.01 secs] 
886.477: [GC (Allocation Failure) [PSYoungGen: 61344K->1312K(61440K)] 433170K->373138K(572928K), 0.0020470 secs] [Times: user=0.01 sys=0.00, real=0.00 secs] 
886.724: [GC (Allocation Failure) [PSYoungGen: 60704K->1344K(61440K)] 432530K->373170K(572928K), 0.0018687 secs] [Times: user=0.00 sys=0.00, real=0.00 secs] 
886.971: [GC (Allocation Failure) [PSYoungGen: 60736K->1296K(61440K)] 432562K->373122K(572928K), 0.0018105 secs] [Times: user=0.01 sys=0.00, real=0.01 secs] 
887.218: [GC (Allocation Failure) [PSYoungGen: 60688K->1312K(61440K)] 432514K->373138K(572928K), 0.0018870 secs] [Times: user=0.01 sys=0.00, real=0.00 secs] 
887.541: [GC (Allocation Failure) [PSYoungGen: 60704K->1453K(61440K)] 432530K->373279K(572928K), 0.0015901 secs] [Times: user=0.01 sys=0.00, real=0.01 secs] 
887.949: [GC (Allocation Failure) [PSYoungGen: 60838K->1485K(61440K)] 432665K->373311K(572928K), 0.0016619 secs] [Times: user=0.00 sys=0.00, real=0.00 secs] 
888.296: [GC (Allocation Failure) [PSYoungGen: 60877K->1485K(61440K)] 432703K->373327K(572928K), 0.0016163 secs] [Times: user=0.01 sys=0.00, real=0.00 secs] 
888.642: [GC (Allocation Failure) [PSYoungGen: 60877K->1517K(61440K)] 432719K->373359K(572928K), 0.0017602 secs] [Times: user=0.01 sys=0.00, real=0.00 secs] 
889.157: [GC (Allocation Failure) [PSYoungGen: 60909K->1440K(61440K)] 432751K->373282K(572928K), 0.0022112 secs] [Times: user=0.01 sys=0.00, real=0.00 secs] 
889.641: [GC (Allocation Failure) [PSYoungGen: 60832K->1376K(61440K)] 432674K->373218K(572928K), 0.0023487 secs] [Times: user=0.01 sys=0.00, real=0.01 secs] 
889.986: [GC (Allocation Failure) [PSYoungGen: 60768K->1344K(61440K)] 432610K->373186K(572928K), 0.0020344 secs] [Times: user=0.00 sys=0.00, real=0.00 secs] 
890.247: [GC (Allocation Failure) [PSYoungGen: 60736K->1408K(61440K)] 432578K->373250K(572928K), 0.0017673 secs] [Times: user=0.01 sys=0.00, real=0.00 secs] 
890.529: [GC (Allocation Failure) [PSYoungGen: 60800K->1360K(61440K)] 432642K->373202K(572928K), 0.0018839 secs] [Times: user=0.01 sys=0.00, real=0.00 secs] 
890.864: [GC (Allocation Failure) [PSYoungGen: 60752K->1517K(61440K)] 432594K->373359K(572928K), 0.0016114 secs] [Times: user=0.01 sys=0.00, real=0.00 secs] 
891.210: [GC (Allocation Failure) [PSYoungGen: 60882K->1517K(61440K)] 432724K->373375K(572928K), 0.0015928 secs] [Times: user=0.00 sys=0.00, real=0.01 secs] 
891.556: [GC (Allocation Failure) [PSYoungGen: 60909K->1517K(61440K)] 432767K->373375K(572928K), 0.0016303 secs] [Times: user=0.00 sys=0.00, real=0.00 secs] 
891.903: [GC (Allocation Failure) [PSYoungGen: 60909K->1517K(61440K)] 432767K->373375K(572928K), 0.0016381 secs] [Times: user=0.00 sys=0.00, real=0.00 secs] 
892.435: [GC (Allocation Failure) [PSYoungGen: 60909K->1472K(61440K)] 432767K->373330K(572928K), 0.0020555 secs] [Times: user=0.01 sys=0.00, real=0.00 secs] 
893.202: [GC (Allocation Failure) [PSYoungGen: 60864K->1344K(61440K)] 432722K->373202K(572928K), 0.0023143 secs] [Times: user=0.01 sys=0.00, real=0.00 secs] 
893.871: [GC (Allocation Failure) [PSYoungGen: 60736K->1392K(61440K)] 432594K->373250K(572928K), 0.0036991 secs] [Times: user=0.01 sys=0.00, real=0.01 secs] 
894.333: [GC (Allocation Failure) [PSYoungGen: 60784K->1376K(61440K)] 432642K->373234K(572928K), 0.0024794 secs] [Times: user=0.01 sys=0.00, real=0.00 secs] 
894.849: [GC (Allocation Failure) [PSYoungGen: 60768K->1344K(61440K)] 432626K->373202K(572928K), 0.0019859 secs] [Times: user=0.01 sys=0.00, real=0.00 secs] 
895.381: [GC (Allocation Failure) [PSYoungGen: 60736K->1456K(61440K)] 432594K->373314K(572928K), 0.0017813 secs] [Times: user=0.01 sys=0.00, real=0.01 secs] 
895.729: [GC (Allocation Failure) [PSYoungGen: 60848K->1485K(61440K)] 432706K->373367K(572928K), 0.0015980 secs] [Times: user=0.01 sys=0.00, real=0.00 secs] 
896.074: [GC (Allocation Failure) [PSYoungGen: 60877K->1549K(61440K)] 432759K->373431K(572928K), 0.0016462 secs] [Times: user=0.01 sys=0.00, real=0.00 secs] 
896.420: [GC (Allocation Failure) [PSYoungGen: 60941K->1485K(61440K)] 432823K->373367K(572928K), 0.0015803 secs] [Times: user=0.01 sys=0.00, real=0.00 secs] 
897.046: [GC (Allocation Failure) [PSYoungGen: 60877K->1392K(61440K)] 432759K->373274K(572928K), 0.0020246 secs] [Times: user=0.01 sys=0.00, real=0.00 secs] 
897.674: [GC (Allocation Failure) [PSYoungGen: 60784K->1376K(61440K)] 432666K->373258K(572928K), 0.0020886 secs] [Times: user=0.01 sys=0.00, real=0.00 secs] 
898.369: [GC (Allocation Failure) [PSYoungGen: 60768K->1376K(61440K)] 432650K->373258K(572928K), 0.0020824 secs] [Times: user=0.01 sys=0.00, real=0.00 secs] 
898.932: [GC (Allocation Failure) [PSYoungGen: 60768K->1376K(61440K)] 432650K->373258K(572928K), 0.0023854 secs] [Times: user=0.01 sys=0.00, real=0.01 secs] 
899.440: [GC (Allocation Failure) [PSYoungGen: 60768K->1344K(61440K)] 432650K->373226K(572928K), 0.0023762 secs] [Times: user=0.01 sys=0.00, real=0.01 secs] 
899.852: [GC (Allocation Failure) [PSYoungGen: 60706K->1565K(61440K)] 432588K->373447K(572928K), 0.0015744 secs] [Times: user=0.00 sys=0.00, real=0.01 secs] 
900.198: [GC (Allocation Failure) [PSYoungGen: 60957K->1549K(61440K)] 432839K->373447K(572928K), 0.0015720 secs] [Times: user=0.01 sys=0.00, real=0.00 secs] 
900.544: [GC (Allocation Failure) [PSYoungGen: 60925K->1517K(61440K)] 432823K->373415K(572928K), 0.0015622 secs] [Times: user=0.01 sys=0.00, real=0.00 secs] 
900.950: [GC (Allocation Failure) [PSYoungGen: 60909K->1549K(61440K)] 432807K->373447K(572928K), 0.0016980 secs] [Times: user=0.00 sys=0.00, real=0.00 secs] 
901.663: [GC (Allocation Failure) [PSYoungGen: 60941K->1440K(61440K)] 432839K->373338K(572928K), 0.0024640 secs] [Times: user=0.01 sys=0.00, real=0.00 secs] 
902.346: [GC (Allocation Failure) [PSYoungGen: 60832K->1408K(61440K)] 432730K->373306K(572928K), 0.0024312 secs] [Times: user=0.02 sys=0.00, real=0.00 secs] 
903.132: [GC (Allocation Failure) [PSYoungGen: 60800K->1376K(61440K)] 432698K->373274K(572928K), 0.0025574 secs] [Times: user=0.01 sys=0.00, real=0.00 secs] 
903.860: [GC (Allocation Failure) [PSYoungGen: 60768K->1376K(61440K)] 432666K->373274K(572928K), 0.0025357 secs] [Times: user=0.01 sys=0.00, real=0.01 secs] 
904.730: [GC (Allocation Failure) [PSYoungGen: 60768K->1437K(61440K)] 432666K->373335K(572928K), 0.0027388 secs] [Times: user=0.01 sys=0.00, real=0.01 secs] 
905.159: [GC (Allocation Failure) [PSYoungGen: 60829K->1485K(61440K)] 432727K->373383K(572928K), 0.0018298 secs] [Times: user=0.01 sys=0.00, real=0.00 secs] 
905.506: [GC (Allocation Failure) [PSYoungGen: 60877K->1517K(61440K)] 432775K->373431K(572928K), 0.0016929 secs] [Times: user=0.01 sys=0.00, real=0.00 secs] 
905.856: [GC (Allocation Failure) [PSYoungGen: 60892K->1549K(61440K)] 432806K->373463K(572928K), 0.0016701 secs] [Times: user=0.01 sys=0.00, real=0.00 secs] 
906.264: [GC (Allocation Failure) [PSYoungGen: 60941K->1581K(61440K)] 432855K->373495K(572928K), 0.0018776 secs] [Times: user=0.01 sys=0.00, real=0.00 secs] 
906.799: [GC (Allocation Failure) [PSYoungGen: 60973K->1408K(61440K)] 432887K->373322K(572928K), 0.0023350 secs] [Times: user=0.00 sys=0.00, real=0.00 secs] 
907.308: [GC (Allocation Failure) [PSYoungGen: 60800K->1344K(61440K)] 432714K->373266K(572928K), 0.0022183 secs] [Times: user=0.01 sys=0.00, real=0.00 secs] 
907.727: [GC (Allocation Failure) [PSYoungGen: 60736K->1344K(61440K)] 432658K->373266K(572928K), 0.0021396 secs] [Times: user=0.01 sys=0.00, real=0.00 secs] 
908.221: [GC (Allocation Failure) [PSYoungGen: 60736K->1344K(61440K)] 432658K->373266K(572928K), 0.0031250 secs] [Times: user=0.02 sys=0.00, real=0.01 secs] 
908.693: [GC (Allocation Failure) [PSYoungGen: 60736K->1453K(61440K)] 432658K->373375K(572928K), 0.0019421 secs] [Times: user=0.01 sys=0.00, real=0.00 secs] 
909.046: [GC (Allocation Failure) [PSYoungGen: 60845K->1549K(61440K)] 432767K->373471K(572928K), 0.0015858 secs] [Times: user=0.01 sys=0.00, real=0.00 secs] 
909.395: [GC (Allocation Failure) [PSYoungGen: 60941K->1565K(61440K)] 432863K->373503K(572928K), 0.0016288 secs] [Times: user=0.01 sys=0.00, real=0.00 secs] 
909.741: [GC (Allocation Failure) [PSYoungGen: 60957K->1581K(61440K)] 432895K->373519K(572928K), 0.0015766 secs] [Times: user=0.01 sys=0.00, real=0.01 secs] 
910.142: [GC (Allocation Failure) [PSYoungGen: 60973K->1632K(61440K)] 432911K->373570K(572928K), 0.0019195 secs] [Times: user=0.01 sys=0.00, real=0.00 secs] 
911.156: [GC (Allocation Failure) [PSYoungGen: 61024K->1376K(61440K)] 432962K->373314K(572928K), 0.0026155 secs] [Times: user=0.01 sys=0.00, real=0.00 secs] 
911.684: [GC (Allocation Failure) [PSYoungGen: 60768K->1344K(61440K)] 432706K->373290K(572928K), 0.0022650 secs] [Times: user=0.01 sys=0.00, real=0.00 secs] 
912.291: [GC (Allocation Failure) [PSYoungGen: 60736K->1408K(61440K)] 432682K->373354K(572928K), 0.0030329 secs] [Times: user=0.02 sys=0.00, real=0.01 secs] 
912.656: [GC (Allocation Failure) [PSYoungGen: 60800K->1408K(61440K)] 432746K->373354K(572928K), 0.0020129 secs] [Times: user=0.00 sys=0.00, real=0.00 secs] 
913.052: [GC (Allocation Failure) [PSYoungGen: 60779K->1485K(61440K)] 432725K->373431K(572928K), 0.0022519 secs] [Times: user=0.01 sys=0.00, real=0.00 secs] 
913.435: [GC (Allocation Failure) [PSYoungGen: 60877K->1485K(61440K)] 432823K->373431K(572928K), 0.0016155 secs] [Times: user=0.00 sys=0.00, real=0.00 secs] 
913.781: [GC (Allocation Failure) [PSYoungGen: 60877K->1581K(61440K)] 432823K->373543K(572928K), 0.0016653 secs] [Times: user=0.01 sys=0.00, real=0.01 secs] 
914.129: [GC (Allocation Failure) [PSYoungGen: 60973K->1616K(61440K)] 432935K->373578K(572928K), 0.0016799 secs] [Times: user=0.01 sys=0.00, real=0.00 secs] 
914.646: [GC (Allocation Failure) [PSYoungGen: 61008K->1456K(61440K)] 432970K->373418K(572928K), 0.0031187 secs] [Times: user=0.01 sys=0.00, real=0.00 secs] 
915.479: [GC (Allocation Failure) [PSYoungGen: 60848K->1376K(61440K)] 432810K->373338K(572928K), 0.0039932 secs] [Times: user=0.02 sys=0.01, real=0.01 secs] 
916.067: [GC (Allocation Failure) [PSYoungGen: 60768K->1376K(61440K)] 432730K->373338K(572928K), 0.0030972 secs] [Times: user=0.01 sys=0.00, real=0.00 secs] 
916.574: [GC (Allocation Failure) [PSYoungGen: 60768K->1376K(61440K)] 432730K->373354K(572928K), 0.0030801 secs] [Times: user=0.01 sys=0.00, real=0.00 secs] 
917.188: [GC (Allocation Failure) [PSYoungGen: 60768K->1376K(61440K)] 432746K->373354K(572928K), 0.0026110 secs] [Times: user=0.01 sys=0.00, real=0.00 secs] 
917.910: [GC (Allocation Failure) [PSYoungGen: 60752K->1517K(61440K)] 432731K->373495K(572928K), 0.0015701 secs] [Times: user=0.01 sys=0.00, real=0.00 secs] 
918.257: [GC (Allocation Failure) [PSYoungGen: 60909K->1485K(61440K)] 432887K->373479K(572928K), 0.0015784 secs] [Times: user=0.00 sys=0.00, real=0.00 secs] 
918.602: [GC (Allocation Failure) [PSYoungGen: 60877K->1453K(61440K)] 432871K->373447K(572928K), 0.0016106 secs] [Times: user=0.01 sys=0.00, real=0.00 secs] 
918.949: [GC (Allocation Failure) [PSYoungGen: 60845K->1517K(61440K)] 432839K->373511K(572928K), 0.0016099 secs] [Times: user=0.01 sys=0.00, real=0.00 secs] 
919.306: [GC (Allocation Failure) [PSYoungGen: 60909K->1504K(61440K)] 432903K->373498K(572928K), 0.0018683 secs] [Times: user=0.01 sys=0.00, real=0.00 secs] 
919.590: [GC (Allocation Failure) [PSYoungGen: 60896K->1344K(61440K)] 432890K->373338K(572928K), 0.0019366 secs] [Times: user=0.01 sys=0.00, real=0.00 secs] 
920.143: [GC (Allocation Failure) [PSYoungGen: 60736K->1392K(61440K)] 432730K->373386K(572928K), 0.0041522 secs] [Times: user=0.01 sys=0.00, real=0.00 secs] 
920.706: [GC (Allocation Failure) [PSYoungGen: 60784K->1376K(61440K)] 432778K->373370K(572928K), 0.0027775 secs] [Times: user=0.01 sys=0.00, real=0.00 secs] 
921.422: [GC (Allocation Failure) [PSYoungGen: 60768K->1376K(61440K)] 432762K->373370K(572928K), 0.0027333 secs] [Times: user=0.01 sys=0.01, real=0.00 secs] 
921.997: [GC (Allocation Failure) [PSYoungGen: 60743K->1485K(61440K)] 432737K->373479K(572928K), 0.0016889 secs] [Times: user=0.00 sys=0.00, real=0.00 secs] 
922.345: [GC (Allocation Failure) [PSYoungGen: 60877K->1517K(61440K)] 432871K->373527K(572928K), 0.0015685 secs] [Times: user=0.00 sys=0.00, real=0.00 secs] 
922.750: [GC (Allocation Failure) [PSYoungGen: 60909K->1517K(61440K)] 432919K->373527K(572928K), 0.0016439 secs] [Times: user=0.01 sys=0.00, real=0.00 secs] 
923.096: [GC (Allocation Failure) [PSYoungGen: 60909K->1549K(61440K)] 432919K->373559K(572928K), 0.0016617 secs] [Times: user=0.01 sys=0.00, real=0.00 secs] 
923.636: [GC (Allocation Failure) [PSYoungGen: 60941K->1456K(61440K)] 432951K->373466K(572928K), 0.0029785 secs] [Times: user=0.01 sys=0.00, real=0.00 secs] 
924.224: [GC (Allocation Failure) [PSYoungGen: 60848K->1376K(61440K)] 432858K->373386K(572928K), 0.0025684 secs] [Times: user=0.01 sys=0.00, real=0.00 secs] 
924.740: [GC (Allocation Failure) [PSYoungGen: 60768K->1376K(61440K)] 432778K->373386K(572928K), 0.0025428 secs] [Times: user=0.01 sys=0.00, real=0.01 secs] 
925.402: [GC (Allocation Failure) [PSYoungGen: 60768K->1376K(61440K)] 432778K->373386K(572928K), 0.0027210 secs] [Times: user=0.01 sys=0.00, real=0.01 secs] 
925.976: [GC (Allocation Failure) [PSYoungGen: 60768K->1344K(61440K)] 432778K->373354K(572928K), 0.0024946 secs] [Times: user=0.01 sys=0.00, real=0.00 secs] 
926.415: [GC (Allocation Failure) [PSYoungGen: 60713K->1488K(61440K)] 432723K->373498K(572928K), 0.0015399 secs] [Times: user=0.01 sys=0.00, real=0.00 secs] 
926.764: [GC (Allocation Failure) [PSYoungGen: 60880K->1517K(61440K)] 432890K->373543K(572928K), 0.0016316 secs] [Times: user=0.01 sys=0.00, real=0.00 secs] 
927.110: [GC (Allocation Failure) [PSYoungGen: 60878K->1517K(61440K)] 432905K->373543K(572928K), 0.0016087 secs] [Times: user=0.01 sys=0.00, real=0.00 secs] 
927.456: [GC (Allocation Failure) [PSYoungGen: 60909K->1517K(61440K)] 432935K->373543K(572928K), 0.0016160 secs] [Times: user=0.01 sys=0.00, real=0.00 secs] 
928.051: [GC (Allocation Failure) [PSYoungGen: 60909K->1408K(61440K)] 432935K->373434K(572928K), 0.0031226 secs] [Times: user=0.02 sys=0.01, real=0.01 secs] 
928.558: [GC (Allocation Failure) [PSYoungGen: 60800K->1344K(61440K)] 432826K->373370K(572928K), 0.0039548 secs] [Times: user=0.02 sys=0.00, real=0.01 secs] 
929.099: [GC (Allocation Failure) [PSYoungGen: 60736K->1376K(61440K)] 432762K->373402K(572928K), 0.0029185 secs] [Times: user=0.01 sys=0.00, real=0.00 secs] 
929.572: [GC (Allocation Failure) [PSYoungGen: 60768K->1376K(61440K)] 432794K->373402K(572928K), 0.0023420 secs] [Times: user=0.01 sys=0.00, real=0.00 secs] 
929.994: [GC (Allocation Failure) [PSYoungGen: 60768K->1408K(61440K)] 432794K->373434K(572928K), 0.0021666 secs] [Times: user=0.00 sys=0.00, real=0.00 secs] 
930.396: [GC (Allocation Failure) [PSYoungGen: 60800K->1517K(61440K)] 432826K->373543K(572928K), 0.0016777 secs] [Times: user=0.00 sys=0.00, real=0.00 secs] 
930.743: [GC (Allocation Failure) [PSYoungGen: 60903K->1552K(61440K)] 432929K->373594K(572928K), 0.0015717 secs] [Times: user=0.01 sys=0.00, real=0.00 secs] 
931.090: [GC (Allocation Failure) [PSYoungGen: 60944K->1549K(61440K)] 432986K->373591K(572928K), 0.0015907 secs] [Times: user=0.01 sys=0.00, real=0.01 secs] 
931.437: [GC (Allocation Failure) [PSYoungGen: 60941K->1549K(61440K)] 432983K->373591K(572928K), 0.0015883 secs] [Times: user=0.01 sys=0.00, real=0.00 secs] 
931.741: [GC (Allocation Failure) [PSYoungGen: 60941K->1440K(61440K)] 432983K->373482K(572928K), 0.0017445 secs] [Times: user=0.01 sys=0.00, real=0.01 secs] 
931.988: [GC (Allocation Failure) [PSYoungGen: 60832K->1376K(61440K)] 432874K->373418K(572928K), 0.0017129 secs] [Times: user=0.01 sys=0.00, real=0.00 secs] 
932.234: [GC (Allocation Failure) [PSYoungGen: 60768K->1376K(61440K)] 432810K->373418K(572928K), 0.0017168 secs] [Times: user=0.01 sys=0.00, real=0.00 secs] 
932.550: [GC (Allocation Failure) [PSYoungGen: 60768K->1328K(61440K)] 432810K->373370K(572928K), 0.0017215 secs] [Times: user=0.01 sys=0.00, real=0.00 secs] 
933.086: [GC (Allocation Failure) [PSYoungGen: 60720K->1469K(61440K)] 432762K->373511K(572928K), 0.0018652 secs] [Times: user=0.01 sys=0.00, real=0.00 secs] 
933.515: [GC (Allocation Failure) [PSYoungGen: 60861K->1517K(61440K)] 432903K->373559K(572928K), 0.0016447 secs] [Times: user=0.01 sys=0.00, real=0.00 secs] 
933.922: [GC (Allocation Failure) [PSYoungGen: 60909K->1549K(61440K)] 432951K->373607K(572928K), 0.0018515 secs] [Times: user=0.01 sys=0.00, real=0.00 secs] 
934.269: [GC (Allocation Failure) [PSYoungGen: 60941K->1549K(61440K)] 432999K->373607K(572928K), 0.0016304 secs] [Times: user=0.00 sys=0.00, real=0.00 secs] 
934.673: [GC (Allocation Failure) [PSYoungGen: 60941K->1472K(61440K)] 432999K->373562K(572928K), 0.0016098 secs] [Times: user=0.01 sys=0.00, real=0.00 secs] 
934.950: [GC (Allocation Failure) [PSYoungGen: 60864K->1408K(61440K)] 432954K->373498K(572928K), 0.0029998 secs] [Times: user=0.01 sys=0.00, real=0.01 secs] 
935.254: [GC (Allocation Failure) [PSYoungGen: 60800K->1376K(61440K)] 432890K->373466K(572928K), 0.0021429 secs] [Times: user=0.01 sys=0.00, real=0.00 secs] 
935.595: [GC (Allocation Failure) [PSYoungGen: 60768K->1344K(61440K)] 432858K->373434K(572928K), 0.0018856 secs] [Times: user=0.01 sys=0.00, real=0.00 secs] 
936.052: [GC (Allocation Failure) [PSYoungGen: 60736K->1328K(61440K)] 432826K->373418K(572928K), 0.0020089 secs] [Times: user=0.01 sys=0.00, real=0.00 secs] 
936.622: [GC (Allocation Failure) [PSYoungGen: 60720K->1485K(61440K)] 432810K->373575K(572928K), 0.0019570 secs] [Times: user=0.01 sys=0.00, real=0.01 secs] 
936.986: [GC (Allocation Failure) [PSYoungGen: 60877K->1488K(61440K)] 432967K->373578K(572928K), 0.0015883 secs] [Times: user=0.00 sys=0.00, real=0.00 secs] 
937.335: [GC (Allocation Failure) [PSYoungGen: 60880K->1485K(61440K)] 432970K->373591K(572928K), 0.0015811 secs] [Times: user=0.01 sys=0.00, real=0.00 secs] 
937.745: [GC (Allocation Failure) [PSYoungGen: 60877K->1552K(61440K)] 432983K->373658K(572928K), 0.0016769 secs] [Times: user=0.01 sys=0.00, real=0.00 secs] 
938.262: [GC (Allocation Failure) [PSYoungGen: 60944K->1952K(61440K)] 433050K->374058K(572928K), 0.0020511 secs] [Times: user=0.01 sys=0.00, real=0.00 secs] 
938.803: [GC (Allocation Failure) [PSYoungGen: 61344K->1376K(61440K)] 433450K->373482K(572928K), 0.0030906 secs] [Times: user=0.01 sys=0.00, real=0.00 secs] 
939.292: [GC (Allocation Failure) [PSYoungGen: 60768K->1312K(61440K)] 432874K->373418K(572928K), 0.0027130 secs] [Times: user=0.01 sys=0.00, real=0.01 secs] 
939.676: [GC (Allocation Failure) [PSYoungGen: 60704K->1376K(61440K)] 432810K->373482K(572928K), 0.0028162 secs] [Times: user=0.01 sys=0.00, real=0.00 secs] 
940.082: [GC (Allocation Failure) [PSYoungGen: 60768K->1376K(61440K)] 432874K->373482K(572928K), 0.0020220 secs] [Times: user=0.00 sys=0.00, real=0.01 secs] 
940.635: [GC (Allocation Failure) [PSYoungGen: 60768K->1485K(61440K)] 432874K->373591K(572928K), 0.0015713 secs] [Times: user=0.01 sys=0.00, real=0.00 secs] 
940.982: [GC (Allocation Failure) [PSYoungGen: 60877K->1517K(61440K)] 432983K->373623K(572928K), 0.0017306 secs] [Times: user=0.01 sys=0.00, real=0.00 secs] 
941.330: [GC (Allocation Failure) [PSYoungGen: 60909K->1581K(61440K)] 433015K->373695K(572928K), 0.0017314 secs] [Times: user=0.00 sys=0.00, real=0.00 secs] 
941.677: [GC (Allocation Failure) [PSYoungGen: 60973K->1485K(61440K)] 433087K->373599K(572928K), 0.0016354 secs] [Times: user=0.01 sys=0.00, real=0.00 secs] 
942.184: [GC (Allocation Failure) [PSYoungGen: 60877K->1456K(61440K)] 432991K->373570K(572928K), 0.0023748 secs] [Times: user=0.01 sys=0.00, real=0.00 secs] 
942.779: [GC (Allocation Failure) [PSYoungGen: 60848K->1408K(61440K)] 432962K->373522K(572928K), 0.0022379 secs] [Times: user=0.01 sys=0.00, real=0.00 secs] 
943.258: [GC (Allocation Failure) [PSYoungGen: 60800K->1376K(61440K)] 432914K->373490K(572928K), 0.0020384 secs] [Times: user=0.01 sys=0.00, real=0.00 secs] 
943.812: [GC (Allocation Failure) [PSYoungGen: 60768K->1376K(61440K)] 432882K->373490K(572928K), 0.0028649 secs] [Times: user=0.02 sys=0.00, real=0.00 secs] 
944.363: [GC (Allocation Failure) [PSYoungGen: 60768K->1376K(61440K)] 432882K->373490K(572928K), 0.0020615 secs] [Times: user=0.01 sys=0.00, real=0.00 secs] 
944.705: [GC (Allocation Failure) [PSYoungGen: 60768K->1517K(61440K)] 432882K->373631K(572928K), 0.0018956 secs] [Times: user=0.01 sys=0.00, real=0.00 secs] 
945.112: [GC (Allocation Failure) [PSYoungGen: 60896K->1581K(61440K)] 433011K->373703K(572928K), 0.0018729 secs] [Times: user=0.01 sys=0.00, real=0.01 secs] 
945.459: [GC (Allocation Failure) [PSYoungGen: 60973K->1517K(61440K)] 433095K->373639K(572928K), 0.0016609 secs] [Times: user=0.01 sys=0.00, real=0.00 secs] 
945.805: [GC (Allocation Failure) [PSYoungGen: 60909K->1485K(61440K)] 433031K->373631K(572928K), 0.0018509 secs] [Times: user=0.00 sys=0.00, real=0.00 secs] 
946.115: [GC (Allocation Failure) [PSYoungGen: 60877K->1424K(61440K)] 433023K->373570K(572928K), 0.0023102 secs] [Times: user=0.00 sys=0.00, real=0.00 secs] 
946.374: [GC (Allocation Failure) [PSYoungGen: 60816K->1312K(61440K)] 432962K->373458K(572928K), 0.0019794 secs] [Times: user=0.01 sys=0.00, real=0.00 secs] 
946.790: [GC (Allocation Failure) [PSYoungGen: 60704K->1328K(61440K)] 432850K->373474K(572928K), 0.0018994 secs] [Times: user=0.01 sys=0.00, real=0.00 secs] 
947.286: [GC (Allocation Failure) [PSYoungGen: 60720K->1344K(61440K)] 432866K->373490K(572928K), 0.0020818 secs] [Times: user=0.01 sys=0.00, real=0.00 secs] 
947.778: [GC (Allocation Failure) [PSYoungGen: 60736K->1344K(61440K)] 432882K->373490K(572928K), 0.0021751 secs] [Times: user=0.00 sys=0.00, real=0.00 secs] 
948.213: [GC (Allocation Failure) [PSYoungGen: 60715K->1456K(61440K)] 432861K->373602K(572928K), 0.0023755 secs] [Times: user=0.01 sys=0.00, real=0.00 secs] 
948.570: [GC (Allocation Failure) [PSYoungGen: 60848K->1488K(61440K)] 432994K->373650K(572928K), 0.0015961 secs] [Times: user=0.01 sys=0.00, real=0.00 secs] 
948.916: [GC (Allocation Failure) [PSYoungGen: 60880K->1501K(61440K)] 433042K->373663K(572928K), 0.0016124 secs] [Times: user=0.01 sys=0.00, real=0.00 secs] 
949.264: [GC (Allocation Failure) [PSYoungGen: 60893K->1552K(61440K)] 433055K->373714K(572928K), 0.0017797 secs] [Times: user=0.00 sys=0.00, real=0.00 secs] 
949.826: [GC (Allocation Failure) [PSYoungGen: 60944K->1440K(61440K)] 433106K->373602K(572928K), 0.0020182 secs] [Times: user=0.01 sys=0.00, real=0.00 secs] 
950.694: [GC (Allocation Failure) [PSYoungGen: 60832K->1376K(61440K)] 432994K->373538K(572928K), 0.0042637 secs] [Times: user=0.02 sys=0.00, real=0.00 secs] 
951.656: [GC (Allocation Failure) [PSYoungGen: 60768K->1344K(61440K)] 432930K->373506K(572928K), 0.0044307 secs] [Times: user=0.02 sys=0.00, real=0.00 secs] 
952.460: [GC (Allocation Failure) [PSYoungGen: 60736K->1408K(61440K)] 432898K->373570K(572928K), 0.0040233 secs] [Times: user=0.01 sys=0.00, real=0.01 secs] 
953.228: [GC (Allocation Failure) [PSYoungGen: 60800K->1344K(61440K)] 432962K->373506K(572928K), 0.0041999 secs] [Times: user=0.02 sys=0.00, real=0.01 secs] 
953.803: [GC (Allocation Failure) [PSYoungGen: 60736K->1517K(61440K)] 432898K->373679K(572928K), 0.0015472 secs] [Times: user=0.00 sys=0.00, real=0.00 secs] 
954.150: [GC (Allocation Failure) [PSYoungGen: 60878K->1549K(61440K)] 433041K->373719K(572928K), 0.0016088 secs] [Times: user=0.00 sys=0.00, real=0.00 secs] 
954.500: [GC (Allocation Failure) [PSYoungGen: 60941K->1533K(61440K)] 433111K->373703K(572928K), 0.0016068 secs] [Times: user=0.01 sys=0.00, real=0.01 secs] 
954.847: [GC (Allocation Failure) [PSYoungGen: 60925K->1520K(61440K)] 433095K->373690K(572928K), 0.0016051 secs] [Times: user=0.01 sys=0.00, real=0.00 secs] 
955.215: [GC (Allocation Failure) [PSYoungGen: 60912K->1408K(61440K)] 433082K->373578K(572928K), 0.0027959 secs] [Times: user=0.01 sys=0.00, real=0.00 secs] 
955.707: [GC (Allocation Failure) [PSYoungGen: 60800K->1376K(61440K)] 432970K->373546K(572928K), 0.0027988 secs] [Times: user=0.01 sys=0.00, real=0.00 secs] 
956.281: [GC (Allocation Failure) [PSYoungGen: 60768K->1376K(61440K)] 432938K->373546K(572928K), 0.0030574 secs] [Times: user=0.01 sys=0.00, real=0.01 secs] 
956.792: [GC (Allocation Failure) [PSYoungGen: 60768K->1344K(61440K)] 432938K->373514K(572928K), 0.0028271 secs] [Times: user=0.01 sys=0.00, real=0.01 secs] 
957.340: [GC (Allocation Failure) [PSYoungGen: 60729K->1453K(61440K)] 432900K->373623K(572928K), 0.0021777 secs] [Times: user=0.01 sys=0.00, real=0.00 secs] 
957.739: [GC (Allocation Failure) [PSYoungGen: 60845K->1581K(61440K)] 433015K->373775K(572928K), 0.0017351 secs] [Times: user=0.01 sys=0.00, real=0.00 secs] 
958.085: [GC (Allocation Failure) [PSYoungGen: 60973K->1581K(61440K)] 433167K->373791K(572928K), 0.0016601 secs] [Times: user=0.01 sys=0.00, real=0.00 secs] 
958.432: [GC (Allocation Failure) [PSYoungGen: 60973K->1517K(61440K)] 433183K->373727K(572928K), 0.0015872 secs] [Times: user=0.01 sys=0.00, real=0.00 secs] 
958.787: [GC (Allocation Failure) [PSYoungGen: 60909K->1549K(61440K)] 433119K->373759K(572928K), 0.0016272 secs] [Times: user=0.00 sys=0.00, real=0.00 secs] 
959.185: [GC (Allocation Failure) [PSYoungGen: 60941K->1408K(61440K)] 433151K->373626K(572928K), 0.0019754 secs] [Times: user=0.01 sys=0.00, real=0.00 secs] 
959.603: [GC (Allocation Failure) [PSYoungGen: 60800K->1344K(61440K)] 433018K->373562K(572928K), 0.0019131 secs] [Times: user=0.00 sys=0.00, real=0.00 secs] 
960.100: [GC (Allocation Failure) [PSYoungGen: 60736K->1376K(61440K)] 432954K->373594K(572928K), 0.0019413 secs] [Times: user=0.01 sys=0.00, real=0.01 secs] 
960.613: [GC (Allocation Failure) [PSYoungGen: 60768K->1408K(61440K)] 432986K->373626K(572928K), 0.0033592 secs] [Times: user=0.01 sys=0.00, real=0.00 secs] 
961.206: [GC (Allocation Failure) [PSYoungGen: 60800K->1456K(61440K)] 433018K->373674K(572928K), 0.0020532 secs] [Times: user=0.01 sys=0.00, real=0.00 secs] 
961.657: [GC (Allocation Failure) [PSYoungGen: 60848K->1613K(61440K)] 433066K->373831K(572928K), 0.0016534 secs] [Times: user=0.00 sys=0.00, real=0.00 secs] 
962.003: [GC (Allocation Failure) [PSYoungGen: 61005K->1520K(61440K)] 433223K->373754K(572928K), 0.0017004 secs] [Times: user=0.00 sys=0.00, real=0.00 secs] 
962.408: [GC (Allocation Failure) [PSYoungGen: 60912K->1517K(61440K)] 433146K->373751K(572928K), 0.0016754 secs] [Times: user=0.00 sys=0.00, real=0.00 secs] 
962.772: [GC (Allocation Failure) [PSYoungGen: 60909K->1760K(61440K)] 433143K->373994K(572928K), 0.0018503 secs] [Times: user=0.00 sys=0.00, real=0.00 secs] 
963.266: [GC (Allocation Failure) [PSYoungGen: 61152K->1408K(61440K)] 433386K->373642K(572928K), 0.0031803 secs] [Times: user=0.01 sys=0.00, real=0.00 secs] 
963.730: [GC (Allocation Failure) [PSYoungGen: 60800K->1360K(61440K)] 433034K->373594K(572928K), 0.0025447 secs] [Times: user=0.01 sys=0.00, real=0.01 secs] 
964.154: [GC (Allocation Failure) [PSYoungGen: 60752K->1408K(61440K)] 432986K->373642K(572928K), 0.0024370 secs] [Times: user=0.01 sys=0.00, real=0.00 secs] 
964.577: [GC (Allocation Failure) [PSYoungGen: 60800K->1408K(61440K)] 433034K->373642K(572928K), 0.0027624 secs] [Times: user=0.01 sys=0.00, real=0.00 secs] 
965.054: [GC (Allocation Failure) [PSYoungGen: 60780K->1453K(61440K)] 433015K->373687K(572928K), 0.0015578 secs] [Times: user=0.01 sys=0.00, real=0.00 secs] 
965.403: [GC (Allocation Failure) [PSYoungGen: 60845K->1581K(61440K)] 433079K->373815K(572928K), 0.0015455 secs] [Times: user=0.01 sys=0.00, real=0.00 secs] 
965.749: [GC (Allocation Failure) [PSYoungGen: 60973K->1520K(61440K)] 433207K->373786K(572928K), 0.0015816 secs] [Times: user=0.01 sys=0.00, real=0.00 secs] 
966.096: [GC (Allocation Failure) [PSYoungGen: 60912K->1565K(61440K)] 433178K->373831K(572928K), 0.0015929 secs] [Times: user=0.01 sys=0.00, real=0.00 secs] 
966.557: [GC (Allocation Failure) [PSYoungGen: 60957K->1472K(61440K)] 433223K->373754K(572928K), 0.0020865 secs] [Times: user=0.01 sys=0.00, real=0.00 secs] 
966.813: [GC (Allocation Failure) [PSYoungGen: 60864K->1344K(61440K)] 433146K->373626K(572928K), 0.0019438 secs] [Times: user=0.01 sys=0.00, real=0.00 secs] 
967.111: [GC (Allocation Failure) [PSYoungGen: 60736K->1344K(61440K)] 433018K->373626K(572928K), 0.0020693 secs] [Times: user=0.01 sys=0.00, real=0.01 secs] 
967.358: [GC (Allocation Failure) [PSYoungGen: 60736K->1408K(61440K)] 433018K->373690K(572928K), 0.0019677 secs] [Times: user=0.01 sys=0.00, real=0.00 secs] 
967.640: [GC (Allocation Failure) [PSYoungGen: 60800K->1344K(61440K)] 433082K->373626K(572928K), 0.0020314 secs] [Times: user=0.01 sys=0.00, real=0.00 secs] 
967.975: [GC (Allocation Failure) [PSYoungGen: 60736K->1517K(61440K)] 433018K->373799K(572928K), 0.0015602 secs] [Times: user=0.00 sys=0.00, real=0.00 secs] 
968.325: [GC (Allocation Failure) [PSYoungGen: 60877K->1485K(61440K)] 433160K->373783K(572928K), 0.0015986 secs] [Times: user=0.00 sys=0.00, real=0.00 secs] 
968.671: [GC (Allocation Failure) [PSYoungGen: 60877K->1517K(61440K)] 433175K->373815K(572928K), 0.0015851 secs] [Times: user=0.00 sys=0.00, real=0.01 secs] 
969.027: [GC (Allocation Failure) [PSYoungGen: 60909K->1549K(61440K)] 433207K->373847K(572928K), 0.0015506 secs] [Times: user=0.01 sys=0.00, real=0.00 secs] 
969.466: [GC (Allocation Failure) [PSYoungGen: 60941K->1472K(61440K)] 433239K->373770K(572928K), 0.0017861 secs] [Times: user=0.01 sys=0.00, real=0.00 secs] 
970.021: [GC (Allocation Failure) [PSYoungGen: 60864K->1376K(61440K)] 433162K->373674K(572928K), 0.0019637 secs] [Times: user=0.00 sys=0.00, real=0.01 secs] 
970.603: [GC (Allocation Failure) [PSYoungGen: 60768K->1376K(61440K)] 433066K->373674K(572928K), 0.0020924 secs] [Times: user=0.00 sys=0.00, real=0.00 secs] 
971.122: [GC (Allocation Failure) [PSYoungGen: 60768K->1376K(61440K)] 433066K->373674K(572928K), 0.0020634 secs] [Times: user=0.01 sys=0.00, real=0.00 secs] 
971.369: [GC (Allocation Failure) [PSYoungGen: 60768K->1312K(61440K)] 433066K->373610K(572928K), 0.0021915 secs] [Times: user=0.01 sys=0.00, real=0.00 secs] 
971.714: [GC (Allocation Failure) [PSYoungGen: 60704K->1517K(61440K)] 433002K->373815K(572928K), 0.0016246 secs] [Times: user=0.00 sys=0.00, real=0.00 secs] 
972.061: [GC (Allocation Failure) [PSYoungGen: 60909K->1485K(61440K)] 433207K->373799K(572928K), 0.0015923 secs] [Times: user=0.00 sys=0.00, real=0.01 secs] 
972.407: [GC (Allocation Failure) [PSYoungGen: 60877K->1485K(61440K)] 433191K->373799K(572928K), 0.0016915 secs] [Times: user=0.01 sys=0.00, real=0.00 secs] 
972.752: [GC (Allocation Failure) [PSYoungGen: 60877K->1517K(61440K)] 433191K->373831K(572928K), 0.0015673 secs] [Times: user=0.01 sys=0.00, real=0.00 secs] 
973.253: [GC (Allocation Failure) [PSYoungGen: 60909K->1488K(61440K)] 433223K->373810K(572928K), 0.0021235 secs] [Times: user=0.01 sys=0.00, real=0.00 secs] 
973.500: [GC (Allocation Failure) [PSYoungGen: 60880K->1344K(61440K)] 433202K->373674K(572928K), 0.0025328 secs] [Times: user=0.01 sys=0.00, real=0.01 secs] 
973.796: [GC (Allocation Failure) [PSYoungGen: 60736K->1344K(61440K)] 433066K->373674K(572928K), 0.0024090 secs] [Times: user=0.01 sys=0.00, real=0.00 secs] 
974.103: [GC (Allocation Failure) [PSYoungGen: 60736K->1376K(61440K)] 433066K->373706K(572928K), 0.0020209 secs] [Times: user=0.01 sys=0.00, real=0.00 secs] 
974.547: [GC (Allocation Failure) [PSYoungGen: 60768K->1376K(61440K)] 433098K->373706K(572928K), 0.0022658 secs] [Times: user=0.01 sys=0.00, real=0.00 secs] 
974.991: [GC (Allocation Failure) [PSYoungGen: 60768K->1488K(61440K)] 433098K->373842K(572928K), 0.0018455 secs] [Times: user=0.01 sys=0.00, real=0.01 secs] 
975.337: [GC (Allocation Failure) [PSYoungGen: 60880K->1485K(61440K)] 433234K->373855K(572928K), 0.0016717 secs] [Times: user=0.01 sys=0.00, real=0.00 secs] 
975.683: [GC (Allocation Failure) [PSYoungGen: 60877K->1485K(61440K)] 433247K->373855K(572928K), 0.0016206 secs] [Times: user=0.01 sys=0.00, real=0.00 secs] 
976.030: [GC (Allocation Failure) [PSYoungGen: 60877K->1549K(61440K)] 433247K->373919K(572928K), 0.0015955 secs] [Times: user=0.00 sys=0.00, real=0.00 secs] 
976.370: [GC (Allocation Failure) [PSYoungGen: 60941K->1408K(61440K)] 433311K->373786K(572928K), 0.0020730 secs] [Times: user=0.01 sys=0.00, real=0.01 secs] 
976.617: [GC (Allocation Failure) [PSYoungGen: 60800K->1328K(61440K)] 433178K->373714K(572928K), 0.0019950 secs] [Times: user=0.01 sys=0.00, real=0.00 secs] 
976.864: [GC (Allocation Failure) [PSYoungGen: 60720K->1344K(61440K)] 433106K->373730K(572928K), 0.0018574 secs] [Times: user=0.00 sys=0.00, real=0.00 secs] 
977.111: [GC (Allocation Failure) [PSYoungGen: 60736K->1376K(61440K)] 433122K->373762K(572928K), 0.0018038 secs] [Times: user=0.01 sys=0.00, real=0.01 secs] 
977.357: [GC (Allocation Failure) [PSYoungGen: 60768K->1376K(61440K)] 433154K->373762K(572928K), 0.0018740 secs] [Times: user=0.00 sys=0.00, real=0.00 secs] 
977.793: [GC (Allocation Failure) [PSYoungGen: 60755K->1549K(61440K)] 433141K->373935K(572928K), 0.0016034 secs] [Times: user=0.00 sys=0.00, real=0.00 secs] 
978.140: [GC (Allocation Failure) [PSYoungGen: 60941K->1517K(61440K)] 433327K->373919K(572928K), 0.0016020 secs] [Times: user=0.00 sys=0.00, real=0.00 secs] 
978.485: [GC (Allocation Failure) [PSYoungGen: 60899K->1485K(61440K)] 433301K->373887K(572928K), 0.0016641 secs] [Times: user=0.01 sys=0.00, real=0.00 secs] 
978.832: [GC (Allocation Failure) [PSYoungGen: 60877K->1549K(61440K)] 433279K->373951K(572928K), 0.0015616 secs] [Times: user=0.01 sys=0.00, real=0.01 secs] 
979.511: [GC (Allocation Failure) [PSYoungGen: 60941K->1344K(61440K)] 433343K->373754K(572928K), 0.0018978 secs] [Times: user=0.01 sys=0.00, real=0.01 secs] 
980.258: [GC (Allocation Failure) [PSYoungGen: 60736K->1344K(61440K)] 433146K->373754K(572928K), 0.0034951 secs] [Times: user=0.02 sys=0.00, real=0.00 secs] 
980.831: [GC (Allocation Failure) [PSYoungGen: 60736K->1408K(61440K)] 433146K->373818K(572928K), 0.0025904 secs] [Times: user=0.01 sys=0.00, real=0.01 secs] 
981.309: [GC (Allocation Failure) [PSYoungGen: 60800K->1360K(61440K)] 433210K->373770K(572928K), 0.0025211 secs] [Times: user=0.01 sys=0.00, real=0.00 secs] 
981.818: [GC (Allocation Failure) [PSYoungGen: 60752K->1453K(61440K)] 433162K->373863K(572928K), 0.0020213 secs] [Times: user=0.01 sys=0.00, real=0.00 secs] 
982.190: [GC (Allocation Failure) [PSYoungGen: 60845K->1517K(61440K)] 433255K->373927K(572928K), 0.0015808 secs] [Times: user=0.00 sys=0.00, real=0.00 secs] 
982.535: [GC (Allocation Failure) [PSYoungGen: 60909K->1549K(61440K)] 433319K->373967K(572928K), 0.0015746 secs] [Times: user=0.00 sys=0.00, real=0.00 secs] 
982.881: [GC (Allocation Failure) [PSYoungGen: 60911K->1549K(61440K)] 433330K->373967K(572928K), 0.0016128 secs] [Times: user=0.00 sys=0.00, real=0.01 secs] 
983.227: [GC (Allocation Failure) [PSYoungGen: 60827K->288K(61440K)] 433245K->372706K(572928K), 0.0015313 secs] [Times: user=0.01 sys=0.00, real=0.00 secs] 
983.625: [GC (Allocation Failure) [PSYoungGen: 59680K->1376K(61440K)] 432098K->373794K(572928K), 0.0018187 secs] [Times: user=0.00 sys=0.00, real=0.00 secs] 
983.872: [GC (Allocation Failure) [PSYoungGen: 60768K->1408K(61440K)] 433186K->373826K(572928K), 0.0018413 secs] [Times: user=0.00 sys=0.00, real=0.01 secs] 
984.223: [GC (Allocation Failure) [PSYoungGen: 60800K->1328K(61440K)] 433218K->373746K(572928K), 0.0021027 secs] [Times: user=0.01 sys=0.00, real=0.00 secs] 
984.541: [GC (Allocation Failure) [PSYoungGen: 60720K->1376K(61440K)] 433138K->373794K(572928K), 0.0020265 secs] [Times: user=0.01 sys=0.00, real=0.01 secs] 
984.849: [GC (Allocation Failure) [PSYoungGen: 60768K->1469K(61440K)] 433186K->373887K(572928K), 0.0015766 secs] [Times: user=0.00 sys=0.00, real=0.00 secs] 
985.195: [GC (Allocation Failure) [PSYoungGen: 60861K->1549K(61440K)] 433279K->373967K(572928K), 0.0017675 secs] [Times: user=0.01 sys=0.00, real=0.00 secs] 
985.541: [GC (Allocation Failure) [PSYoungGen: 60941K->1549K(61440K)] 433359K->373999K(572928K), 0.0016487 secs] [Times: user=0.01 sys=0.00, real=0.01 secs] 
985.891: [GC (Allocation Failure) [PSYoungGen: 60941K->1517K(61440K)] 433391K->373967K(572928K), 0.0016415 secs] [Times: user=0.01 sys=0.00, real=0.01 secs] 
986.889: [GC (Allocation Failure) [PSYoungGen: 60909K->1952K(61440K)] 433359K->374402K(572928K), 0.0039736 secs] [Times: user=0.01 sys=0.00, real=0.01 secs] 
987.655: [GC (Allocation Failure) [PSYoungGen: 61344K->1312K(61440K)] 433794K->373762K(572928K), 0.0020531 secs] [Times: user=0.01 sys=0.00, real=0.00 secs] 
987.921: [GC (Allocation Failure) [PSYoungGen: 60704K->1344K(61440K)] 433154K->373794K(572928K), 0.0019914 secs] [Times: user=0.00 sys=0.00, real=0.01 secs] 
988.168: [GC (Allocation Failure) [PSYoungGen: 60736K->1376K(61440K)] 433186K->373826K(572928K), 0.0019163 secs] [Times: user=0.01 sys=0.00, real=0.00 secs] 
988.414: [GC (Allocation Failure) [PSYoungGen: 60768K->1344K(61440K)] 433218K->373794K(572928K), 0.0019771 secs] [Times: user=0.01 sys=0.00, real=0.00 secs] 
988.737: [GC (Allocation Failure) [PSYoungGen: 60736K->1421K(61440K)] 433186K->373871K(572928K), 0.0016543 secs] [Times: user=0.01 sys=0.00, real=0.00 secs] 
989.085: [GC (Allocation Failure) [PSYoungGen: 60813K->1549K(61440K)] 433263K->374007K(572928K), 0.0015917 secs] [Times: user=0.00 sys=0.00, real=0.00 secs] 
989.441: [GC (Allocation Failure) [PSYoungGen: 60941K->1533K(61440K)] 433399K->373999K(572928K), 0.0016037 secs] [Times: user=0.01 sys=0.00, real=0.01 secs] 
989.791: [GC (Allocation Failure) [PSYoungGen: 60925K->1517K(61440K)] 433391K->373983K(572928K), 0.0017208 secs] [Times: user=0.01 sys=0.00, real=0.01 secs] 
990.211: [GC (Allocation Failure) [PSYoungGen: 60909K->1456K(61440K)] 433375K->373930K(572928K), 0.0024727 secs] [Times: user=0.00 sys=0.00, real=0.01 secs] 
990.533: [GC (Allocation Failure) [PSYoungGen: 60848K->1440K(61440K)] 433322K->373914K(572928K), 0.0019612 secs] [Times: user=0.01 sys=0.00, real=0.00 secs] 
990.783: [GC (Allocation Failure) [PSYoungGen: 60832K->1408K(61440K)] 433306K->373882K(572928K), 0.0019873 secs] [Times: user=0.00 sys=0.00, real=0.00 secs] 
991.089: [GC (Allocation Failure) [PSYoungGen: 60800K->1328K(61440K)] 433274K->373802K(572928K), 0.0020729 secs] [Times: user=0.01 sys=0.00, real=0.00 secs] 
991.341: [GC (Allocation Failure) [PSYoungGen: 60720K->1440K(61440K)] 433194K->373914K(572928K), 0.0018841 secs] [Times: user=0.01 sys=0.00, real=0.01 secs] 
991.709: [GC (Allocation Failure) [PSYoungGen: 60832K->1488K(61440K)] 433306K->373962K(572928K), 0.0016147 secs] [Times: user=0.01 sys=0.00, real=0.00 secs] 
992.057: [GC (Allocation Failure) [PSYoungGen: 60859K->1504K(61440K)] 433333K->373994K(572928K), 0.0016345 secs] [Times: user=0.01 sys=0.00, real=0.00 secs] 
992.402: [GC (Allocation Failure) [PSYoungGen: 60896K->1549K(61440K)] 433386K->374039K(572928K), 0.0015869 secs] [Times: user=0.00 sys=0.00, real=0.00 secs] 
992.748: [GC (Allocation Failure) [PSYoungGen: 60941K->1581K(61440K)] 433431K->374071K(572928K), 0.0016200 secs] [Times: user=0.01 sys=0.00, real=0.00 secs] 
993.074: [GC (Allocation Failure) [PSYoungGen: 60973K->1456K(61440K)] 433463K->373946K(572928K), 0.0015308 secs] [Times: user=0.00 sys=0.00, real=0.00 secs] 
993.364: [GC (Allocation Failure) [PSYoungGen: 60848K->1440K(61440K)] 433338K->373930K(572928K), 0.0015473 secs] [Times: user=0.01 sys=0.00, real=0.00 secs] 
993.618: [GC (Allocation Failure) [PSYoungGen: 60832K->1408K(61440K)] 433322K->373914K(572928K), 0.0019036 secs] [Times: user=0.01 sys=0.00, real=0.00 secs] 
993.960: [GC (Allocation Failure) [PSYoungGen: 60800K->1408K(61440K)] 433306K->373946K(572928K), 0.0029776 secs] [Times: user=0.01 sys=0.00, real=0.01 secs] 
994.458: [GC (Allocation Failure) [PSYoungGen: 60800K->1392K(61440K)] 433338K->373930K(572928K), 0.0027921 secs] [Times: user=0.01 sys=0.00, real=0.00 secs] 
994.918: [GC (Allocation Failure) [PSYoungGen: 60760K->1533K(61440K)] 433299K->374071K(572928K), 0.0017316 secs] [Times: user=0.01 sys=0.00, real=0.00 secs] 
995.265: [GC (Allocation Failure) [PSYoungGen: 60925K->1485K(61440K)] 433463K->374047K(572928K), 0.0015808 secs] [Times: user=0.01 sys=0.00, real=0.00 secs] 
995.610: [GC (Allocation Failure) [PSYoungGen: 60849K->1485K(61440K)] 433411K->374047K(572928K), 0.0016176 secs] [Times: user=0.01 sys=0.00, real=0.00 secs] 
995.957: [GC (Allocation Failure) [PSYoungGen: 60877K->1549K(61440K)] 433439K->374111K(572928K), 0.0015940 secs] [Times: user=0.01 sys=0.00, real=0.00 secs] 
996.238: [GC (Allocation Failure) [PSYoungGen: 60941K->1408K(61440K)] 433503K->373978K(572928K), 0.0016159 secs] [Times: user=0.01 sys=0.00, real=0.00 secs] 
996.485: [GC (Allocation Failure) [PSYoungGen: 60800K->1376K(61440K)] 433370K->373946K(572928K), 0.0014524 secs] [Times: user=0.01 sys=0.00, real=0.00 secs] 
996.731: [GC (Allocation Failure) [PSYoungGen: 60768K->1376K(61440K)] 433338K->373946K(572928K), 0.0024944 secs] [Times: user=0.01 sys=0.00, real=0.01 secs] 
996.979: [GC (Allocation Failure) [PSYoungGen: 60768K->1408K(61440K)] 433338K->373978K(572928K), 0.0020878 secs] [Times: user=0.01 sys=0.00, real=0.00 secs] 
997.228: [GC (Allocation Failure) [PSYoungGen: 60800K->1376K(61440K)] 433370K->373946K(572928K), 0.0028378 secs] [Times: user=0.01 sys=0.00, real=0.00 secs] 
997.676: [GC (Allocation Failure) [PSYoungGen: 60746K->1517K(61440K)] 433317K->374087K(572928K), 0.0016560 secs] [Times: user=0.01 sys=0.00, real=0.00 secs] 
998.022: [GC (Allocation Failure) [PSYoungGen: 60909K->1581K(61440K)] 433479K->374159K(572928K), 0.0015782 secs] [Times: user=0.01 sys=0.00, real=0.00 secs] 
998.368: [GC (Allocation Failure) [PSYoungGen: 60963K->1517K(61440K)] 433542K->374095K(572928K), 0.0016229 secs] [Times: user=0.00 sys=0.00, real=0.00 secs] 
998.714: [GC (Allocation Failure) [PSYoungGen: 60909K->1549K(61440K)] 433487K->374127K(572928K), 0.0015572 secs] [Times: user=0.01 sys=0.00, real=0.00 secs] 
999.001: [GC (Allocation Failure) [PSYoungGen: 60941K->1440K(61440K)] 433519K->374018K(572928K), 0.0028287 secs] [Times: user=0.01 sys=0.00, real=0.01 secs] 
999.251: [GC (Allocation Failure) [PSYoungGen: 60832K->1360K(61440K)] 433410K->373938K(572928K), 0.0020050 secs] [Times: user=0.00 sys=0.00, real=0.01 secs] 
999.498: [GC (Allocation Failure) [PSYoungGen: 60752K->1392K(61440K)] 433330K->373970K(572928K), 0.0019963 secs] [Times: user=0.00 sys=0.00, real=0.00 secs] 
999.744: [GC (Allocation Failure) [PSYoungGen: 60784K->1344K(61440K)] 433362K->373922K(572928K), 0.0020217 secs] [Times: user=0.01 sys=0.00, real=0.00 secs] 
1000.068: [GC (Allocation Failure) [PSYoungGen: 60736K->1437K(61440K)] 433314K->374015K(572928K), 0.0017613 secs] [Times: user=0.00 sys=0.00, real=0.00 secs] 
1000.416: [GC (Allocation Failure) [PSYoungGen: 60829K->1581K(61440K)] 433407K->374159K(572928K), 0.0017242 secs] [Times: user=0.01 sys=0.00, real=0.00 secs] 
1000.762: [GC (Allocation Failure) [PSYoungGen: 60973K->1517K(61440K)] 433551K->374119K(572928K), 0.0015721 secs] [Times: user=0.01 sys=0.00, real=0.00 secs] 
1001.110: [GC (Allocation Failure) [PSYoungGen: 60909K->1517K(61440K)] 433511K->374119K(572928K), 0.0016198 secs] [Times: user=0.01 sys=0.00, real=0.00 secs] 
1001.456: [GC (Allocation Failure) [PSYoungGen: 60909K->1517K(61440K)] 433511K->374119K(572928K), 0.0016213 secs] [Times: user=0.00 sys=0.00, real=0.00 secs] 
1001.757: [GC (Allocation Failure) [PSYoungGen: 60909K->1376K(61440K)] 433511K->373986K(572928K), 0.0018441 secs] [Times: user=0.00 sys=0.00, real=0.00 secs] 
1002.004: [GC (Allocation Failure) [PSYoungGen: 60768K->1408K(61440K)] 433378K->374018K(572928K), 0.0017938 secs] [Times: user=0.01 sys=0.00, real=0.00 secs] 
1002.276: [GC (Allocation Failure) [PSYoungGen: 60800K->1344K(61440K)] 433410K->373954K(572928K), 0.0017930 secs] [Times: user=0.01 sys=0.00, real=0.00 secs] 
1002.547: [GC (Allocation Failure) [PSYoungGen: 60736K->1344K(61440K)] 433346K->373954K(572928K), 0.0018135 secs] [Times: user=0.00 sys=0.00, real=0.00 secs] 
1003.077: [GC (Allocation Failure) [PSYoungGen: 60736K->1469K(61440K)] 433346K->374079K(572928K), 0.0017235 secs] [Times: user=0.00 sys=0.00, real=0.00 secs] 
1003.426: [GC (Allocation Failure) [PSYoungGen: 60861K->1584K(61440K)] 433471K->374194K(572928K), 0.0015731 secs] [Times: user=0.00 sys=0.00, real=0.00 secs] 
1003.773: [GC (Allocation Failure) [PSYoungGen: 60976K->1549K(61440K)] 433586K->374175K(572928K), 0.0015825 secs] [Times: user=0.01 sys=0.00, real=0.00 secs] 
1004.119: [GC (Allocation Failure) [PSYoungGen: 60941K->1584K(61440K)] 433567K->374234K(572928K), 0.0015931 secs] [Times: user=0.01 sys=0.00, real=0.00 secs] 
1004.496: [GC (Allocation Failure) [PSYoungGen: 60976K->2016K(61440K)] 433626K->374666K(572928K), 0.0018784 secs] [Times: user=0.00 sys=0.00, real=0.00 secs] 
1005.060: [GC (Allocation Failure) [PSYoungGen: 61408K->1376K(61440K)] 434058K->374026K(572928K), 0.0018548 secs] [Times: user=0.01 sys=0.00, real=0.01 secs] 
1005.546: [GC (Allocation Failure) [PSYoungGen: 60768K->1376K(61440K)] 433418K->374026K(572928K), 0.0022677 secs] [Times: user=0.01 sys=0.00, real=0.00 secs] 
1006.152: [GC (Allocation Failure) [PSYoungGen: 60768K->1376K(61440K)] 433418K->374026K(572928K), 0.0022389 secs] [Times: user=0.01 sys=0.00, real=0.00 secs] 
1006.849: [GC (Allocation Failure) [PSYoungGen: 60768K->1344K(61440K)] 433418K->373994K(572928K), 0.0021386 secs] [Times: user=0.01 sys=0.00, real=0.00 secs] 
1007.331: [GC (Allocation Failure) [PSYoungGen: 60717K->1485K(61440K)] 433367K->374135K(572928K), 0.0015944 secs] [Times: user=0.00 sys=0.00, real=0.01 secs] 
1007.677: [GC (Allocation Failure) [PSYoungGen: 60877K->1549K(61440K)] 433527K->374199K(572928K), 0.0016192 secs] [Times: user=0.01 sys=0.00, real=0.00 secs] 
1008.025: [GC (Allocation Failure) [PSYoungGen: 60941K->1469K(61440K)] 433591K->374143K(572928K), 0.0015642 secs] [Times: user=0.01 sys=0.00, real=0.00 secs] 
1008.371: [GC (Allocation Failure) [PSYoungGen: 60861K->1517K(61440K)] 433535K->374191K(572928K), 0.0015714 secs] [Times: user=0.01 sys=0.00, real=0.01 secs] 
1008.805: [GC (Allocation Failure) [PSYoungGen: 60909K->1456K(61440K)] 433583K->374130K(572928K), 0.0018664 secs] [Times: user=0.01 sys=0.00, real=0.00 secs] 
1009.470: [GC (Allocation Failure) [PSYoungGen: 60848K->1408K(61440K)] 433522K->374082K(572928K), 0.0023012 secs] [Times: user=0.01 sys=0.00, real=0.01 secs] 
1009.752: [GC (Allocation Failure) [PSYoungGen: 60800K->1408K(61440K)] 433474K->374082K(572928K), 0.0028836 secs] [Times: user=0.01 sys=0.00, real=0.00 secs] 
1010.000: [GC (Allocation Failure) [PSYoungGen: 60800K->1408K(61440K)] 433474K->374082K(572928K), 0.0019227 secs] [Times: user=0.01 sys=0.00, real=0.00 secs] 
1010.246: [GC (Allocation Failure) [PSYoungGen: 60800K->1344K(61440K)] 433474K->374018K(572928K), 0.0020050 secs] [Times: user=0.01 sys=0.00, real=0.00 secs] 
1010.589: [GC (Allocation Failure) [PSYoungGen: 60736K->1517K(61440K)] 433410K->374191K(572928K), 0.0017136 secs] [Times: user=0.00 sys=0.00, real=0.00 secs] 
1010.937: [GC (Allocation Failure) [PSYoungGen: 60909K->1520K(61440K)] 433583K->374210K(572928K), 0.0017351 secs] [Times: user=0.00 sys=0.00, real=0.00 secs] 
1011.283: [GC (Allocation Failure) [PSYoungGen: 60912K->1517K(61440K)] 433602K->374207K(572928K), 0.0015950 secs] [Times: user=0.01 sys=0.00, real=0.00 secs] 
1011.631: [GC (Allocation Failure) [PSYoungGen: 60909K->1549K(61440K)] 433599K->374239K(572928K), 0.0016145 secs] [Times: user=0.01 sys=0.00, real=0.01 secs] 
1012.130: [GC (Allocation Failure) [PSYoungGen: 60941K->1488K(61440K)] 433631K->374178K(572928K), 0.0019889 secs] [Times: user=0.01 sys=0.00, real=0.00 secs] 
1012.689: [GC (Allocation Failure) [PSYoungGen: 60880K->1312K(61440K)] 433570K->374002K(572928K), 0.0020445 secs] [Times: user=0.01 sys=0.00, real=0.00 secs] 
1013.095: [GC (Allocation Failure) [PSYoungGen: 60704K->1344K(61440K)] 433394K->374034K(572928K), 0.0020320 secs] [Times: user=0.00 sys=0.00, real=0.00 secs] 
1013.345: [GC (Allocation Failure) [PSYoungGen: 60736K->1376K(61440K)] 433426K->374066K(572928K), 0.0019924 secs] [Times: user=0.01 sys=0.00, real=0.00 secs] 
1013.622: [GC (Allocation Failure) [PSYoungGen: 60768K->1344K(61440K)] 433458K->374034K(572928K), 0.0019849 secs] [Times: user=0.00 sys=0.00, real=0.00 secs] 
1014.010: [GC (Allocation Failure) [PSYoungGen: 60736K->1504K(61440K)] 433426K->374194K(572928K), 0.0018148 secs] [Times: user=0.01 sys=0.00, real=0.00 secs] 
1014.358: [GC (Allocation Failure) [PSYoungGen: 60896K->1613K(61440K)] 433586K->374319K(572928K), 0.0015872 secs] [Times: user=0.01 sys=0.00, real=0.00 secs] 
1014.704: [GC (Allocation Failure) [PSYoungGen: 61005K->1549K(61440K)] 433711K->374287K(572928K), 0.0015964 secs] [Times: user=0.00 sys=0.00, real=0.00 secs] 
1015.052: [GC (Allocation Failure) [PSYoungGen: 60941K->1488K(61440K)] 433679K->374226K(572928K), 0.0016025 secs] [Times: user=0.01 sys=0.00, real=0.00 secs] 
1015.752: [GC (Allocation Failure) [PSYoungGen: 60880K->1408K(61440K)] 433618K->374146K(572928K), 0.0020495 secs] [Times: user=0.01 sys=0.00, real=0.01 secs] 
1016.366: [GC (Allocation Failure) [PSYoungGen: 60800K->1344K(61440K)] 433538K->374082K(572928K), 0.0029279 secs] [Times: user=0.01 sys=0.00, real=0.00 secs] 
1016.606: [GC (Allocation Failure) [PSYoungGen: 60736K->1376K(61440K)] 433474K->374114K(572928K), 0.0019154 secs] [Times: user=0.01 sys=0.00, real=0.00 secs] 
1016.858: [GC (Allocation Failure) [PSYoungGen: 60768K->1376K(61440K)] 433506K->374114K(572928K), 0.0019288 secs] [Times: user=0.01 sys=0.00, real=0.00 secs] 
1017.121: [GC (Allocation Failure) [PSYoungGen: 60768K->1344K(61440K)] 433506K->374082K(572928K), 0.0021069 secs] [Times: user=0.01 sys=0.00, real=0.01 secs] 
1017.499: [GC (Allocation Failure) [PSYoungGen: 60736K->1424K(61440K)] 433474K->374162K(572928K), 0.0016007 secs] [Times: user=0.01 sys=0.00, real=0.00 secs] 
1017.846: [GC (Allocation Failure) [PSYoungGen: 60815K->1565K(61440K)] 433554K->374311K(572928K), 0.0017130 secs] [Times: user=0.01 sys=0.01, real=0.00 secs] 
1018.194: [GC (Allocation Failure) [PSYoungGen: 60957K->1520K(61440K)] 433703K->374266K(572928K), 0.0015388 secs] [Times: user=0.01 sys=0.00, real=0.00 secs] 
1018.540: [GC (Allocation Failure) [PSYoungGen: 60912K->1517K(61440K)] 433658K->374263K(572928K), 0.0015494 secs] [Times: user=0.01 sys=0.00, real=0.00 secs] 
1019.194: [GC (Allocation Failure) [PSYoungGen: 60909K->1440K(61440K)] 433655K->374186K(572928K), 0.0019803 secs] [Times: user=0.00 sys=0.00, real=0.00 secs] 
1019.719: [GC (Allocation Failure) [PSYoungGen: 60832K->1408K(61440K)] 433578K->374154K(572928K), 0.0029007 secs] [Times: user=0.01 sys=0.00, real=0.01 secs] 
1020.215: [GC (Allocation Failure) [PSYoungGen: 60800K->1376K(61440K)] 433546K->374122K(572928K), 0.0020080 secs] [Times: user=0.00 sys=0.00, real=0.00 secs] 
1020.666: [GC (Allocation Failure) [PSYoungGen: 60768K->1376K(61440K)] 433514K->374122K(572928K), 0.0019018 secs] [Times: user=0.01 sys=0.00, real=0.00 secs] 
1021.007: [GC (Allocation Failure) [PSYoungGen: 60768K->1437K(61440K)] 433514K->374183K(572928K), 0.0021508 secs] [Times: user=0.00 sys=0.00, real=0.00 secs] 
1021.386: [GC (Allocation Failure) [PSYoungGen: 60829K->1517K(61440K)] 433575K->374263K(572928K), 0.0016239 secs] [Times: user=0.00 sys=0.00, real=0.00 secs] 
1021.791: [GC (Allocation Failure) [PSYoungGen: 60909K->1488K(61440K)] 433655K->374250K(572928K), 0.0018437 secs] [Times: user=0.00 sys=0.00, real=0.01 secs] 
1022.136: [GC (Allocation Failure) [PSYoungGen: 60880K->1581K(61440K)] 433642K->374343K(572928K), 0.0016970 secs] [Times: user=0.01 sys=0.00, real=0.00 secs] 
1022.540: [GC (Allocation Failure) [PSYoungGen: 60973K->1517K(61440K)] 433735K->374279K(572928K), 0.0016337 secs] [Times: user=0.01 sys=0.00, real=0.01 secs] 
1023.150: [GC (Allocation Failure) [PSYoungGen: 60909K->1408K(61440K)] 433671K->374170K(572928K), 0.0029087 secs] [Times: user=0.02 sys=0.00, real=0.01 secs] 
1023.638: [GC (Allocation Failure) [PSYoungGen: 60800K->1360K(61440K)] 433562K->374122K(572928K), 0.0031873 secs] [Times: user=0.01 sys=0.00, real=0.00 secs] 
1024.266: [GC (Allocation Failure) [PSYoungGen: 60752K->1376K(61440K)] 433514K->374138K(572928K), 0.0024063 secs] [Times: user=0.01 sys=0.00, real=0.00 secs] 
1024.921: [GC (Allocation Failure) [PSYoungGen: 60768K->1344K(61440K)] 433530K->374106K(572928K), 0.0023152 secs] [Times: user=0.01 sys=0.00, real=0.01 secs] 
1026.280: [GC (Allocation Failure) [PSYoungGen: 60736K->1469K(61440K)] 433498K->374231K(572928K), 0.0023262 secs] [Times: user=0.01 sys=0.00, real=0.01 secs] 
1026.669: [GC (Allocation Failure) [PSYoungGen: 60861K->1581K(61440K)] 433623K->374343K(572928K), 0.0016203 secs] [Times: user=0.01 sys=0.00, real=0.00 secs] 
1027.015: [GC (Allocation Failure) [PSYoungGen: 60973K->1549K(61440K)] 433735K->374343K(572928K), 0.0016611 secs] [Times: user=0.01 sys=0.00, real=0.00 secs] 
1027.364: [GC (Allocation Failure) [PSYoungGen: 60941K->1453K(61440K)] 433735K->374247K(572928K), 0.0016481 secs] [Times: user=0.01 sys=0.00, real=0.00 secs] 
1027.795: [GC (Allocation Failure) [PSYoungGen: 60610K->1648K(61440K)] 433405K->374442K(572928K), 0.0018669 secs] [Times: user=0.01 sys=0.00, real=0.00 secs] 
1028.042: [GC (Allocation Failure) [PSYoungGen: 61040K->1344K(61440K)] 433834K->374138K(572928K), 0.0019225 secs] [Times: user=0.01 sys=0.00, real=0.00 secs] 
1028.289: [GC (Allocation Failure) [PSYoungGen: 60736K->1344K(61440K)] 433530K->374138K(572928K), 0.0019467 secs] [Times: user=0.01 sys=0.00, real=0.00 secs] 
1028.536: [GC (Allocation Failure) [PSYoungGen: 60736K->1376K(61440K)] 433530K->374170K(572928K), 0.0031371 secs] [Times: user=0.01 sys=0.00, real=0.00 secs] 
1028.977: [GC (Allocation Failure) [PSYoungGen: 60768K->1408K(61440K)] 433562K->374202K(572928K), 0.0020814 secs] [Times: user=0.00 sys=0.00, real=0.00 secs] 
1029.661: [GC (Allocation Failure) [PSYoungGen: 60800K->1453K(61440K)] 433594K->374247K(572928K), 0.0019966 secs] [Times: user=0.01 sys=0.00, real=0.01 secs] 
1030.013: [GC (Allocation Failure) [PSYoungGen: 60845K->1613K(61440K)] 433639K->374407K(572928K), 0.0016134 secs] [Times: user=0.01 sys=0.00, real=0.00 secs] 
1030.367: [GC (Allocation Failure) [PSYoungGen: 61005K->1485K(61440K)] 433799K->374295K(572928K), 0.0015523 secs] [Times: user=0.01 sys=0.00, real=0.00 secs] 
1030.727: [GC (Allocation Failure) [PSYoungGen: 60877K->1581K(61440K)] 433687K->374391K(572928K), 0.0016923 secs] [Times: user=0.00 sys=0.00, real=0.00 secs] 
1031.132: [GC (Allocation Failure) [PSYoungGen: 60973K->1408K(61440K)] 433783K->374218K(572928K), 0.0020176 secs] [Times: user=0.01 sys=0.00, real=0.00 secs] 
1031.507: [GC (Allocation Failure) [PSYoungGen: 60800K->1344K(61440K)] 433610K->374154K(572928K), 0.0023223 secs] [Times: user=0.00 sys=0.00, real=0.00 secs] 
1031.754: [GC (Allocation Failure) [PSYoungGen: 60736K->1376K(61440K)] 433546K->374186K(572928K), 0.0020533 secs] [Times: user=0.01 sys=0.00, real=0.00 secs] 
1032.001: [GC (Allocation Failure) [PSYoungGen: 60768K->1376K(61440K)] 433578K->374186K(572928K), 0.0019811 secs] [Times: user=0.00 sys=0.00, real=0.01 secs] 
1032.401: [GC (Allocation Failure) [PSYoungGen: 60768K->1344K(61440K)] 433578K->374154K(572928K), 0.0025060 secs] [Times: user=0.01 sys=0.00, real=0.01 secs] 
1032.949: [GC (Allocation Failure) [PSYoungGen: 60736K->1488K(61440K)] 433546K->374298K(572928K), 0.0014878 secs] [Times: user=0.01 sys=0.00, real=0.00 secs] 
1033.296: [GC (Allocation Failure) [PSYoungGen: 60880K->1565K(61440K)] 433690K->374391K(572928K), 0.0015845 secs] [Times: user=0.01 sys=0.00, real=0.00 secs] 
1033.642: [GC (Allocation Failure) [PSYoungGen: 60957K->1501K(61440K)] 433783K->374327K(572928K), 0.0015951 secs] [Times: user=0.01 sys=0.00, real=0.00 secs] 
1033.988: [GC (Allocation Failure) [PSYoungGen: 60893K->1485K(61440K)] 433719K->374311K(572928K), 0.0017903 secs] [Times: user=0.01 sys=0.00, real=0.00 secs] 
1034.831: [GC (Allocation Failure) [PSYoungGen: 60877K->1456K(61440K)] 433703K->374282K(572928K), 0.0045323 secs] [Times: user=0.02 sys=0.00, real=0.01 secs] 
1035.417: [GC (Allocation Failure) [PSYoungGen: 60848K->1408K(61440K)] 433674K->374234K(572928K), 0.0028294 secs] [Times: user=0.01 sys=0.00, real=0.00 secs] 
1035.662: [GC (Allocation Failure) [PSYoungGen: 60800K->1360K(61440K)] 433626K->374210K(572928K), 0.0019649 secs] [Times: user=0.01 sys=0.00, real=0.01 secs] 
1035.928: [GC (Allocation Failure) [PSYoungGen: 60752K->1344K(61440K)] 433602K->374194K(572928K), 0.0019794 secs] [Times: user=0.01 sys=0.00, real=0.00 secs] 
1036.180: [GC (Allocation Failure) [PSYoungGen: 60736K->1376K(61440K)] 433586K->374226K(572928K), 0.0020491 secs] [Times: user=0.01 sys=0.00, real=0.00 secs] 
1036.520: [GC (Allocation Failure) [PSYoungGen: 60752K->1488K(61440K)] 433603K->374338K(572928K), 0.0016752 secs] [Times: user=0.00 sys=0.00, real=0.01 secs] 
1036.867: [GC (Allocation Failure) [PSYoungGen: 60880K->1517K(61440K)] 433730K->374383K(572928K), 0.0017018 secs] [Times: user=0.00 sys=0.00, real=0.00 secs] 
1037.217: [GC (Allocation Failure) [PSYoungGen: 60909K->1517K(61440K)] 433775K->374383K(572928K), 0.0015900 secs] [Times: user=0.01 sys=0.00, real=0.00 secs] 
1037.567: [GC (Allocation Failure) [PSYoungGen: 60909K->1565K(61440K)] 433775K->374431K(572928K), 0.0017900 secs] [Times: user=0.01 sys=0.00, real=0.00 secs] 
1038.036: [GC (Allocation Failure) [PSYoungGen: 60957K->1424K(61440K)] 433823K->374290K(572928K), 0.0018671 secs] [Times: user=0.01 sys=0.00, real=0.00 secs] 
1038.503: [GC (Allocation Failure) [PSYoungGen: 60816K->1360K(61440K)] 433682K->374226K(572928K), 0.0036991 secs] [Times: user=0.01 sys=0.00, real=0.00 secs] 
1038.977: [GC (Allocation Failure) [PSYoungGen: 60752K->1344K(61440K)] 433618K->374210K(572928K), 0.0031899 secs] [Times: user=0.01 sys=0.00, real=0.00 secs] 
1039.434: [GC (Allocation Failure) [PSYoungGen: 60736K->1408K(61440K)] 433602K->374274K(572928K), 0.0030513 secs] [Times: user=0.02 sys=0.00, real=0.00 secs] 
1039.892: [GC (Allocation Failure) [PSYoungGen: 60800K->1376K(61440K)] 433666K->374242K(572928K), 0.0027900 secs] [Times: user=0.01 sys=0.00, real=0.00 secs] 
1040.544: [GC (Allocation Failure) [PSYoungGen: 60768K->1472K(61440K)] 433634K->374338K(572928K), 0.0015562 secs] [Times: user=0.01 sys=0.00, real=0.00 secs] 
1040.951: [GC (Allocation Failure) [PSYoungGen: 60864K->1517K(61440K)] 433730K->374399K(572928K), 0.0015794 secs] [Times: user=0.01 sys=0.00, real=0.01 secs] 
1041.292: [GC (GCLocker Initiated GC) [PSYoungGen: 60909K->1549K(61440K)] 433791K->374431K(572928K), 0.0015658 secs] [Times: user=0.01 sys=0.00, real=0.00 secs] 
1041.701: [GC (Allocation Failure) [PSYoungGen: 60941K->1488K(61440K)] 434305K->374852K(572928K), 0.0016674 secs] [Times: user=0.01 sys=0.00, real=0.01 secs] 
1042.313: [GC (Allocation Failure) [PSYoungGen: 60880K->1536K(61440K)] 434244K->374900K(572928K), 0.0030704 secs] [Times: user=0.01 sys=0.00, real=0.00 secs] 
1042.921: [GC (Allocation Failure) [PSYoungGen: 60928K->1536K(61440K)] 434292K->374900K(572928K), 0.0032596 secs] [Times: user=0.01 sys=0.00, real=0.01 secs] 
1043.517: [GC (Allocation Failure) [PSYoungGen: 60928K->1536K(61440K)] 434292K->374900K(572928K), 0.0032040 secs] [Times: user=0.01 sys=0.00, real=0.00 secs] 
1044.285: [GC (Allocation Failure) [PSYoungGen: 60928K->1536K(61440K)] 434292K->374900K(572928K), 0.0030500 secs] [Times: user=0.02 sys=0.00, real=0.00 secs] 
1044.818: [GC (Allocation Failure) [PSYoungGen: 60928K->1536K(61440K)] 434292K->374900K(572928K), 0.0025815 secs] [Times: user=0.01 sys=0.00, real=0.00 secs] 
1045.244: [GC (Allocation Failure) [PSYoungGen: 60928K->1712K(61440K)] 434292K->375076K(572928K), 0.0016355 secs] [Times: user=0.01 sys=0.00, real=0.00 secs] 
1045.593: [GC (Allocation Failure) [PSYoungGen: 61094K->1680K(61440K)] 434458K->375060K(572928K), 0.0016705 secs] [Times: user=0.00 sys=0.00, real=0.00 secs] 
1045.940: [GC (Allocation Failure) [PSYoungGen: 61072K->1648K(61440K)] 434452K->375028K(572928K), 0.0017481 secs] [Times: user=0.01 sys=0.00, real=0.01 secs] 
1046.287: [GC (Allocation Failure) [PSYoungGen: 61040K->1696K(61440K)] 434420K->375076K(572928K), 0.0015938 secs] [Times: user=0.01 sys=0.00, real=0.00 secs] 
1046.781: [GC (Allocation Failure) [PSYoungGen: 61088K->1520K(61440K)] 434468K->374924K(572928K), 0.0017351 secs] [Times: user=0.01 sys=0.00, real=0.01 secs] 
1047.869: [GC (Allocation Failure) [PSYoungGen: 60912K->1536K(61440K)] 434316K->374940K(572928K), 0.0024684 secs] [Times: user=0.01 sys=0.00, real=0.00 secs] 
1048.323: [GC (Allocation Failure) [PSYoungGen: 60928K->1504K(61440K)] 434332K->374956K(572928K), 0.0023185 secs] [Times: user=0.01 sys=0.00, real=0.00 secs] 
1048.846: [GC (Allocation Failure) [PSYoungGen: 60896K->1504K(61440K)] 434348K->374956K(572928K), 0.0021576 secs] [Times: user=0.01 sys=0.00, real=0.00 secs] 
1049.439: [GC (Allocation Failure) [PSYoungGen: 60896K->1565K(61440K)] 434348K->375017K(572928K), 0.0022093 secs] [Times: user=0.01 sys=0.00, real=0.00 secs] 
1049.811: [GC (Allocation Failure) [PSYoungGen: 60957K->1613K(61440K)] 434409K->375073K(572928K), 0.0016478 secs] [Times: user=0.01 sys=0.00, real=0.01 secs] 
1050.160: [GC (Allocation Failure) [PSYoungGen: 61005K->1504K(61440K)] 434465K->375044K(572928K), 0.0016132 secs] [Times: user=0.01 sys=0.00, real=0.00 secs] 
1050.567: [GC (Allocation Failure) [PSYoungGen: 60896K->1549K(61440K)] 434436K->375089K(572928K), 0.0017063 secs] [Times: user=0.00 sys=0.00, real=0.00 secs] 
1050.972: [GC (Allocation Failure) [PSYoungGen: 60941K->320K(61440K)] 434481K->373860K(572928K), 0.0016346 secs] [Times: user=0.01 sys=0.00, real=0.00 secs] 
1051.447: [GC (Allocation Failure) [PSYoungGen: 59712K->1376K(61440K)] 433252K->374916K(572928K), 0.0022509 secs] [Times: user=0.01 sys=0.00, real=0.00 secs] 
1051.950: [GC (Allocation Failure) [PSYoungGen: 60768K->1376K(61440K)] 434308K->374916K(572928K), 0.0022064 secs] [Times: user=0.01 sys=0.00, real=0.00 secs] 
1052.481: [GC (Allocation Failure) [PSYoungGen: 60768K->1344K(61440K)] 434308K->374884K(572928K), 0.0021997 secs] [Times: user=0.01 sys=0.00, real=0.01 secs] 
1052.968: [GC (Allocation Failure) [PSYoungGen: 60736K->1376K(61440K)] 434276K->374916K(572928K), 0.0039368 secs] [Times: user=0.01 sys=0.00, real=0.01 secs] 
1053.566: [GC (Allocation Failure) [PSYoungGen: 60768K->1453K(61440K)] 434308K->374993K(572928K), 0.0019446 secs] [Times: user=0.01 sys=0.01, real=0.00 secs] 
1053.986: [GC (Allocation Failure) [PSYoungGen: 60845K->1552K(61440K)] 434385K->375092K(572928K), 0.0016782 secs] [Times: user=0.01 sys=0.00, real=0.00 secs] 
1054.332: [GC (Allocation Failure) [PSYoungGen: 60944K->1517K(61440K)] 434484K->375065K(572928K), 0.0015549 secs] [Times: user=0.01 sys=0.00, real=0.00 secs] 
1054.740: [GC (Allocation Failure) [PSYoungGen: 60909K->1581K(61440K)] 434457K->375129K(572928K), 0.0016429 secs] [Times: user=0.01 sys=0.00, real=0.00 secs] 
1055.158: [GC (Allocation Failure) [PSYoungGen: 60973K->1984K(61440K)] 434521K->376044K(572928K), 0.0021603 secs] [Times: user=0.00 sys=0.00, real=0.00 secs] 
1055.592: [GC (Allocation Failure) [PSYoungGen: 61376K->1344K(61440K)] 435436K->375404K(572928K), 0.0028355 secs] [Times: user=0.01 sys=0.00, real=0.00 secs] 
1056.073: [GC (Allocation Failure) [PSYoungGen: 60736K->1408K(61440K)] 434796K->375484K(572928K), 0.0028473 secs] [Times: user=0.02 sys=0.00, real=0.00 secs] 
1056.788: [GC (Allocation Failure) [PSYoungGen: 60800K->1344K(61440K)] 434876K->375420K(572928K), 0.0023421 secs] [Times: user=0.01 sys=0.00, real=0.00 secs] 
1057.474: [GC (Allocation Failure) [PSYoungGen: 60736K->1376K(61440K)] 434812K->375452K(572928K), 0.0024877 secs] [Times: user=0.01 sys=0.00, real=0.00 secs] 
1058.186: [GC (Allocation Failure) [PSYoungGen: 60768K->1453K(61440K)] 434844K->375529K(572928K), 0.0016097 secs] [Times: user=0.01 sys=0.00, real=0.00 secs] 
1058.532: [GC (Allocation Failure) [PSYoungGen: 60841K->1520K(61440K)] 434918K->375604K(572928K), 0.0018472 secs] [Times: user=0.00 sys=0.00, real=0.00 secs] 
1058.879: [GC (Allocation Failure) [PSYoungGen: 60912K->1485K(61440K)] 434996K->375577K(572928K), 0.0016064 secs] [Times: user=0.00 sys=0.00, real=0.00 secs] 
1059.225: [GC (Allocation Failure) [PSYoungGen: 60877K->1581K(61440K)] 434969K->375673K(572928K), 0.0017299 secs] [Times: user=0.01 sys=0.00, real=0.00 secs] 
1059.615: [GC (Allocation Failure) [PSYoungGen: 60973K->1504K(61440K)] 435065K->375596K(572928K), 0.0018529 secs] [Times: user=0.00 sys=0.00, real=0.00 secs] 
1060.122: [GC (Allocation Failure) [PSYoungGen: 60896K->1376K(61440K)] 434988K->375468K(572928K), 0.0031356 secs] [Times: user=0.01 sys=0.00, real=0.01 secs] 
1060.777: [GC (Allocation Failure) [PSYoungGen: 60768K->1376K(61440K)] 434860K->375468K(572928K), 0.0035560 secs] [Times: user=0.01 sys=0.00, real=0.00 secs] 
1061.154: [GC (Allocation Failure) [PSYoungGen: 60768K->1344K(61440K)] 434860K->375436K(572928K), 0.0024273 secs] [Times: user=0.01 sys=0.01, real=0.00 secs] 
1061.600: [GC (Allocation Failure) [PSYoungGen: 60736K->1344K(61440K)] 434828K->375436K(572928K), 0.0033651 secs] [Times: user=0.02 sys=0.00, real=0.01 secs] 
1062.054: [GC (Allocation Failure) [PSYoungGen: 60736K->1456K(61440K)] 434828K->375548K(572928K), 0.0015225 secs] [Times: user=0.01 sys=0.00, real=0.00 secs] 
1062.401: [GC (Allocation Failure) [PSYoungGen: 60824K->1517K(61440K)] 434916K->375625K(572928K), 0.0015962 secs] [Times: user=0.01 sys=0.00, real=0.01 secs] 
1062.746: [GC (Allocation Failure) [PSYoungGen: 60909K->1520K(61440K)] 435017K->375628K(572928K), 0.0016299 secs] [Times: user=0.01 sys=0.00, real=0.00 secs] 
1063.091: [GC (Allocation Failure) [PSYoungGen: 60912K->1549K(61440K)] 435020K->375657K(572928K), 0.0017352 secs] [Times: user=0.00 sys=0.00, real=0.01 secs] 
1063.523: [GC (Allocation Failure) [PSYoungGen: 60941K->1392K(61440K)] 435049K->375500K(572928K), 0.0019846 secs] [Times: user=0.01 sys=0.00, real=0.00 secs] 
1064.004: [GC (Allocation Failure) [PSYoungGen: 60784K->1344K(61440K)] 434892K->375452K(572928K), 0.0025910 secs] [Times: user=0.01 sys=0.00, real=0.00 secs] 
1064.291: [GC (Allocation Failure) [PSYoungGen: 60736K->1376K(61440K)] 434844K->375484K(572928K), 0.0019188 secs] [Times: user=0.01 sys=0.00, real=0.01 secs] 
1064.653: [GC (Allocation Failure) [PSYoungGen: 60768K->1376K(61440K)] 434876K->375484K(572928K), 0.0027390 secs] [Times: user=0.01 sys=0.00, real=0.00 secs] 
1065.063: [GC (Allocation Failure) [PSYoungGen: 60768K->1344K(61440K)] 434876K->375452K(572928K), 0.0021190 secs] [Times: user=0.01 sys=0.00, real=0.00 secs] 
1065.508: [GC (Allocation Failure) [PSYoungGen: 60715K->1453K(61440K)] 434823K->375585K(572928K), 0.0016501 secs] [Times: user=0.00 sys=0.00, real=0.00 secs] 
1065.854: [GC (Allocation Failure) [PSYoungGen: 60845K->1517K(61440K)] 434977K->375657K(572928K), 0.0015990 secs] [Times: user=0.01 sys=0.00, real=0.00 secs] 
1066.199: [GC (Allocation Failure) [PSYoungGen: 60909K->1485K(61440K)] 435049K->375625K(572928K), 0.0015873 secs] [Times: user=0.00 sys=0.00, real=0.00 secs] 
1066.545: [GC (Allocation Failure) [PSYoungGen: 60877K->1488K(61440K)] 435017K->375628K(572928K), 0.0015841 secs] [Times: user=0.01 sys=0.00, real=0.00 secs] 
1066.879: [GC (Allocation Failure) [PSYoungGen: 60880K->1472K(61440K)] 435020K->375612K(572928K), 0.0017461 secs] [Times: user=0.01 sys=0.00, real=0.00 secs] 
1067.125: [GC (Allocation Failure) [PSYoungGen: 60864K->1408K(61440K)] 435004K->375548K(572928K), 0.0016621 secs] [Times: user=0.01 sys=0.00, real=0.00 secs] 
1067.371: [GC (Allocation Failure) [PSYoungGen: 60800K->1312K(61440K)] 434940K->375452K(572928K), 0.0017221 secs] [Times: user=0.01 sys=0.00, real=0.01 secs] 
1067.656: [GC (Allocation Failure) [PSYoungGen: 60704K->1344K(61440K)] 434844K->375484K(572928K), 0.0017675 secs] [Times: user=0.00 sys=0.00, real=0.00 secs] 
1068.040: [GC (Allocation Failure) [PSYoungGen: 60736K->1312K(61440K)] 434876K->375452K(572928K), 0.0017903 secs] [Times: user=0.01 sys=0.00, real=0.00 secs] 
1068.401: [GC (Allocation Failure) [PSYoungGen: 60704K->1485K(61440K)] 434844K->375625K(572928K), 0.0017421 secs] [Times: user=0.01 sys=0.00, real=0.01 secs] 
1068.748: [GC (Allocation Failure) [PSYoungGen: 60875K->1517K(61440K)] 435015K->375673K(572928K), 0.0015689 secs] [Times: user=0.01 sys=0.00, real=0.00 secs] 
1069.095: [GC (Allocation Failure) [PSYoungGen: 60909K->1549K(61440K)] 435065K->375705K(572928K), 0.0015965 secs] [Times: user=0.01 sys=0.00, real=0.00 secs] 
1069.440: [GC (Allocation Failure) [PSYoungGen: 60941K->1581K(61440K)] 435097K->375737K(572928K), 0.0016916 secs] [Times: user=0.01 sys=0.00, real=0.01 secs] 
1069.863: [GC (Allocation Failure) [PSYoungGen: 60973K->1408K(61440K)] 435129K->375564K(572928K), 0.0018210 secs] [Times: user=0.01 sys=0.00, real=0.00 secs] 
1070.340: [GC (Allocation Failure) [PSYoungGen: 60800K->1376K(61440K)] 434956K->375532K(572928K), 0.0018810 secs] [Times: user=0.00 sys=0.00, real=0.00 secs] 
1070.831: [GC (Allocation Failure) [PSYoungGen: 60768K->1376K(61440K)] 434924K->375532K(572928K), 0.0019423 secs] [Times: user=0.00 sys=0.00, real=0.01 secs] 
1071.324: [GC (Allocation Failure) [PSYoungGen: 60768K->1376K(61440K)] 434924K->375532K(572928K), 0.0046222 secs] [Times: user=0.01 sys=0.00, real=0.00 secs] 
1071.842: [GC (Allocation Failure) [PSYoungGen: 60764K->1437K(61440K)] 434920K->375593K(572928K), 0.0027279 secs] [Times: user=0.01 sys=0.00, real=0.00 secs] 
1072.262: [GC (Allocation Failure) [PSYoungGen: 60829K->1613K(61440K)] 434985K->375769K(572928K), 0.0016207 secs] [Times: user=0.00 sys=0.00, real=0.00 secs] 
1072.608: [GC (Allocation Failure) [PSYoungGen: 61005K->1549K(61440K)] 435161K->375713K(572928K), 0.0016014 secs] [Times: user=0.01 sys=0.00, real=0.00 secs] 
1072.955: [GC (Allocation Failure) [PSYoungGen: 60941K->1517K(61440K)] 435105K->375681K(572928K), 0.0015965 secs] [Times: user=0.01 sys=0.00, real=0.00 secs] 
1073.300: [GC (Allocation Failure) [PSYoungGen: 60909K->1453K(61440K)] 435073K->375617K(572928K), 0.0015898 secs] [Times: user=0.01 sys=0.00, real=0.00 secs] 
1073.809: [GC (Allocation Failure) [PSYoungGen: 60845K->1408K(61440K)] 435009K->375580K(572928K), 0.0017960 secs] [Times: user=0.01 sys=0.00, real=0.00 secs] 
1074.331: [GC (Allocation Failure) [PSYoungGen: 60800K->1408K(61440K)] 434972K->375580K(572928K), 0.0044006 secs] [Times: user=0.02 sys=0.00, real=0.01 secs] 
1074.967: [GC (Allocation Failure) [PSYoungGen: 60800K->1376K(61440K)] 434972K->375548K(572928K), 0.0034907 secs] [Times: user=0.02 sys=0.00, real=0.00 secs] 
1075.713: [GC (Allocation Failure) [PSYoungGen: 60768K->1376K(61440K)] 434940K->375548K(572928K), 0.0030652 secs] [Times: user=0.01 sys=0.00, real=0.00 secs] 
1076.476: [GC (Allocation Failure) [PSYoungGen: 60768K->1405K(61440K)] 434940K->375593K(572928K), 0.0022647 secs] [Times: user=0.01 sys=0.00, real=0.00 secs] 
1076.857: [GC (Allocation Failure) [PSYoungGen: 60797K->1581K(61440K)] 434985K->375769K(572928K), 0.0016094 secs] [Times: user=0.01 sys=0.00, real=0.00 secs] 
1077.203: [GC (Allocation Failure) [PSYoungGen: 60973K->1520K(61440K)] 435161K->375716K(572928K), 0.0015544 secs] [Times: user=0.01 sys=0.00, real=0.00 secs] 
1077.547: [GC (Allocation Failure) [PSYoungGen: 60892K->1456K(61440K)] 435088K->375652K(572928K), 0.0015925 secs] [Times: user=0.00 sys=0.00, real=0.00 secs] 
1077.938: [GC (Allocation Failure) [PSYoungGen: 60848K->1728K(61440K)] 435044K->375924K(572928K), 0.0019625 secs] [Times: user=0.01 sys=0.00, real=0.00 secs] 
1078.545: [GC (Allocation Failure) [PSYoungGen: 61120K->1376K(61440K)] 435316K->375572K(572928K), 0.0029499 secs] [Times: user=0.01 sys=0.00, real=0.00 secs] 
1079.029: [GC (Allocation Failure) [PSYoungGen: 60768K->1344K(61440K)] 434964K->375540K(572928K), 0.0025991 secs] [Times: user=0.01 sys=0.00, real=0.00 secs] 
1079.524: [GC (Allocation Failure) [PSYoungGen: 60736K->1392K(61440K)] 434932K->375588K(572928K), 0.0026202 secs] [Times: user=0.01 sys=0.00, real=0.00 secs] 
1080.066: [GC (Allocation Failure) [PSYoungGen: 60784K->1360K(61440K)] 434980K->375556K(572928K), 0.0023038 secs] [Times: user=0.01 sys=0.00, real=0.00 secs] 
1080.591: [GC (Allocation Failure) [PSYoungGen: 60752K->1453K(61440K)] 434948K->375649K(572928K), 0.0021143 secs] [Times: user=0.01 sys=0.00, real=0.01 secs] 
1081.051: [GC (Allocation Failure) [PSYoungGen: 60845K->1517K(61440K)] 435041K->375713K(572928K), 0.0016751 secs] [Times: user=0.01 sys=0.00, real=0.01 secs] 
1081.397: [GC (Allocation Failure) [PSYoungGen: 60909K->1552K(61440K)] 435105K->375756K(572928K), 0.0016463 secs] [Times: user=0.00 sys=0.00, real=0.00 secs] 
1081.811: [GC (Allocation Failure) [PSYoungGen: 60944K->1485K(61440K)] 435148K->375689K(572928K), 0.0016899 secs] [Times: user=0.01 sys=0.00, real=0.01 secs] 
1082.159: [GC (Allocation Failure) [PSYoungGen: 60877K->1424K(61440K)] 435081K->375628K(572928K), 0.0019468 secs] [Times: user=0.01 sys=0.00, real=0.00 secs] 
1082.410: [GC (Allocation Failure) [PSYoungGen: 60816K->1376K(61440K)] 435020K->375580K(572928K), 0.0021779 secs] [Times: user=0.01 sys=0.00, real=0.01 secs] 
1082.654: [GC (Allocation Failure) [PSYoungGen: 60768K->1376K(61440K)] 434972K->375580K(572928K), 0.0019163 secs] [Times: user=0.01 sys=0.00, real=0.00 secs] 
1082.901: [GC (Allocation Failure) [PSYoungGen: 60768K->1376K(61440K)] 434972K->375580K(572928K), 0.0017854 secs] [Times: user=0.01 sys=0.00, real=0.01 secs] 
1083.147: [GC (Allocation Failure) [PSYoungGen: 60768K->1376K(61440K)] 434972K->375580K(572928K), 0.0019570 secs] [Times: user=0.00 sys=0.00, real=0.00 secs] 
1083.475: [GC (Allocation Failure) [PSYoungGen: 60768K->1485K(61440K)] 434972K->375689K(572928K), 0.0015596 secs] [Times: user=0.00 sys=0.00, real=0.00 secs] 
1083.821: [GC (Allocation Failure) [PSYoungGen: 60864K->1517K(61440K)] 435069K->375737K(572928K), 0.0016666 secs] [Times: user=0.00 sys=0.00, real=0.01 secs] 
1084.168: [GC (Allocation Failure) [PSYoungGen: 60909K->1520K(61440K)] 435129K->375740K(572928K), 0.0016684 secs] [Times: user=0.00 sys=0.00, real=0.00 secs] 
1084.573: [GC (Allocation Failure) [PSYoungGen: 60912K->1517K(61440K)] 435132K->375769K(572928K), 0.0016803 secs] [Times: user=0.01 sys=0.00, real=0.00 secs] 
1084.894: [GC (Allocation Failure) [PSYoungGen: 60909K->1456K(61440K)] 435161K->375708K(572928K), 0.0021339 secs] [Times: user=0.01 sys=0.00, real=0.00 secs] 
1085.141: [GC (Allocation Failure) [PSYoungGen: 60848K->1344K(61440K)] 435100K->375596K(572928K), 0.0020299 secs] [Times: user=0.01 sys=0.00, real=0.01 secs] 
1085.388: [GC (Allocation Failure) [PSYoungGen: 60736K->1376K(61440K)] 434988K->375628K(572928K), 0.0019375 secs] [Times: user=0.01 sys=0.00, real=0.00 secs] 
1085.674: [GC (Allocation Failure) [PSYoungGen: 60768K->1344K(61440K)] 435020K->375596K(572928K), 0.0019998 secs] [Times: user=0.01 sys=0.00, real=0.00 secs] 
1085.920: [GC (Allocation Failure) [PSYoungGen: 60736K->1344K(61440K)] 434988K->375596K(572928K), 0.0020556 secs] [Times: user=0.01 sys=0.00, real=0.01 secs] 
1086.353: [GC (Allocation Failure) [PSYoungGen: 60736K->1485K(61440K)] 434988K->375737K(572928K), 0.0017180 secs] [Times: user=0.01 sys=0.00, real=0.00 secs] 
1086.699: [GC (Allocation Failure) [PSYoungGen: 60877K->1517K(61440K)] 435129K->375777K(572928K), 0.0016806 secs] [Times: user=0.01 sys=0.00, real=0.00 secs] 
1087.105: [GC (Allocation Failure) [PSYoungGen: 60909K->1581K(61440K)] 435169K->375841K(572928K), 0.0018945 secs] [Times: user=0.01 sys=0.00, real=0.00 secs] 
1087.510: [GC (Allocation Failure) [PSYoungGen: 60973K->1520K(61440K)] 435233K->375780K(572928K), 0.0016824 secs] [Times: user=0.00 sys=0.00, real=0.00 secs] 
1087.851: [GC (Allocation Failure) [PSYoungGen: 60912K->1440K(61440K)] 435172K->375700K(572928K), 0.0025076 secs] [Times: user=0.00 sys=0.00, real=0.01 secs] 
1088.100: [GC (Allocation Failure) [PSYoungGen: 60832K->1312K(61440K)] 435092K->375572K(572928K), 0.0020428 secs] [Times: user=0.01 sys=0.00, real=0.01 secs] 
1088.347: [GC (Allocation Failure) [PSYoungGen: 60704K->1376K(61440K)] 434964K->375636K(572928K), 0.0019967 secs] [Times: user=0.01 sys=0.00, real=0.00 secs] 
1088.594: [GC (Allocation Failure) [PSYoungGen: 60768K->1344K(61440K)] 435028K->375604K(572928K), 0.0020209 secs] [Times: user=0.01 sys=0.00, real=0.00 secs] 
1088.841: [GC (Allocation Failure) [PSYoungGen: 60736K->1376K(61440K)] 434996K->375636K(572928K), 0.0019193 secs] [Times: user=0.01 sys=0.00, real=0.01 secs] 
1089.224: [GC (Allocation Failure) [PSYoungGen: 60745K->1453K(61440K)] 435006K->375713K(572928K), 0.0015581 secs] [Times: user=0.01 sys=0.00, real=0.00 secs] 
1089.570: [GC (Allocation Failure) [PSYoungGen: 60845K->1488K(61440K)] 435105K->375764K(572928K), 0.0016996 secs] [Times: user=0.01 sys=0.00, real=0.00 secs] 
1089.916: [GC (Allocation Failure) [PSYoungGen: 60869K->1517K(61440K)] 435145K->375793K(572928K), 0.0015946 secs] [Times: user=0.00 sys=0.00, real=0.00 secs] 
1090.262: [GC (Allocation Failure) [PSYoungGen: 60909K->1517K(61440K)] 435185K->375793K(572928K), 0.0016426 secs] [Times: user=0.01 sys=0.00, real=0.00 secs] 
1090.864: [GC (Allocation Failure) [PSYoungGen: 60909K->1408K(61440K)] 435185K->375684K(572928K), 0.0017977 secs] [Times: user=0.00 sys=0.00, real=0.00 secs] 
1091.518: [GC (Allocation Failure) [PSYoungGen: 60800K->1376K(61440K)] 435076K->375652K(572928K), 0.0035752 secs] [Times: user=0.01 sys=0.00, real=0.00 secs] 
1091.939: [GC (Allocation Failure) [PSYoungGen: 60768K->1344K(61440K)] 435044K->375620K(572928K), 0.0024412 secs] [Times: user=0.01 sys=0.00, real=0.00 secs] 
1092.418: [GC (Allocation Failure) [PSYoungGen: 60736K->1376K(61440K)] 435012K->375652K(572928K), 0.0023402 secs] [Times: user=0.01 sys=0.00, real=0.00 secs] 
1092.883: [GC (Allocation Failure) [PSYoungGen: 60768K->1376K(61440K)] 435044K->375652K(572928K), 0.0022346 secs] [Times: user=0.01 sys=0.00, real=0.00 secs] 
1093.283: [GC (Allocation Failure) [PSYoungGen: 60768K->1581K(61440K)] 435044K->375857K(572928K), 0.0016148 secs] [Times: user=0.01 sys=0.00, real=0.00 secs] 
1093.628: [GC (Allocation Failure) [PSYoungGen: 60956K->1517K(61440K)] 435232K->375801K(572928K), 0.0016288 secs] [Times: user=0.00 sys=0.00, real=0.00 secs] 
1093.973: [GC (Allocation Failure) [PSYoungGen: 60909K->1517K(61440K)] 435193K->375801K(572928K), 0.0015873 secs] [Times: user=0.01 sys=0.00, real=0.00 secs] 
1094.318: [GC (Allocation Failure) [PSYoungGen: 60909K->1488K(61440K)] 435193K->375772K(572928K), 0.0017469 secs] [Times: user=0.01 sys=0.00, real=0.00 secs] 
1094.765: [GC (Allocation Failure) [PSYoungGen: 60880K->1360K(61440K)] 435164K->375644K(572928K), 0.0019481 secs] [Times: user=0.01 sys=0.00, real=0.00 secs] 
1095.295: [GC (Allocation Failure) [PSYoungGen: 60752K->1408K(61440K)] 435036K->375700K(572928K), 0.0031118 secs] [Times: user=0.02 sys=0.00, real=0.00 secs] 
1095.846: [GC (Allocation Failure) [PSYoungGen: 60800K->1376K(61440K)] 435092K->375684K(572928K), 0.0027658 secs] [Times: user=0.01 sys=0.00, real=0.00 secs] 
1096.410: [GC (Allocation Failure) [PSYoungGen: 60768K->1344K(61440K)] 435076K->375652K(572928K), 0.0032717 secs] [Times: user=0.01 sys=0.00, real=0.01 secs] 
1097.085: [GC (Allocation Failure) [PSYoungGen: 60736K->1437K(61440K)] 435044K->375745K(572928K), 0.0025946 secs] [Times: user=0.01 sys=0.00, real=0.00 secs] 
1097.480: [GC (Allocation Failure) [PSYoungGen: 60829K->1549K(61440K)] 435137K->375857K(572928K), 0.0015965 secs] [Times: user=0.01 sys=0.00, real=0.01 secs] 
1097.826: [GC (Allocation Failure) [PSYoungGen: 60941K->1581K(61440K)] 435249K->375897K(572928K), 0.0016385 secs] [Times: user=0.00 sys=0.00, real=0.00 secs] 
1098.172: [GC (Allocation Failure) [PSYoungGen: 60973K->1485K(61440K)] 435289K->375801K(572928K), 0.0015807 secs] [Times: user=0.00 sys=0.00, real=0.00 secs] 
1098.513: [GC (Allocation Failure) [PSYoungGen: 60834K->320K(61440K)] 435150K->374636K(572928K), 0.0015639 secs] [Times: user=0.00 sys=0.00, real=0.00 secs] 
1099.162: [GC (Allocation Failure) [PSYoungGen: 59712K->1312K(61440K)] 434028K->375628K(572928K), 0.0018134 secs] [Times: user=0.00 sys=0.00, real=0.00 secs] 
1099.726: [GC (Allocation Failure) [PSYoungGen: 60704K->1408K(61440K)] 435020K->375724K(572928K), 0.0038651 secs] [Times: user=0.01 sys=0.00, real=0.00 secs] 
1100.316: [GC (Allocation Failure) [PSYoungGen: 60800K->1376K(61440K)] 435116K->375692K(572928K), 0.0037765 secs] [Times: user=0.02 sys=0.00, real=0.00 secs] 
1100.831: [GC (Allocation Failure) [PSYoungGen: 60768K->1408K(61440K)] 435084K->375724K(572928K), 0.0023747 secs] [Times: user=0.01 sys=0.00, real=0.01 secs] 
1101.317: [GC (Allocation Failure) [PSYoungGen: 60800K->1421K(61440K)] 435116K->375737K(572928K), 0.0014803 secs] [Times: user=0.01 sys=0.00, real=0.00 secs] 
1101.664: [GC (Allocation Failure) [PSYoungGen: 60808K->1549K(61440K)] 435124K->375865K(572928K), 0.0015949 secs] [Times: user=0.01 sys=0.00, real=0.00 secs] 
1102.014: [GC (Allocation Failure) [PSYoungGen: 60941K->1552K(61440K)] 435257K->375876K(572928K), 0.0015743 secs] [Times: user=0.01 sys=0.00, real=0.00 secs] 
1102.365: [GC (Allocation Failure) [PSYoungGen: 60944K->1520K(61440K)] 435268K->375844K(572928K), 0.0016067 secs] [Times: user=0.01 sys=0.00, real=0.00 secs] 
1103.010: [GC (Allocation Failure) [PSYoungGen: 60912K->1968K(61440K)] 435236K->376804K(572928K), 0.0023964 secs] [Times: user=0.01 sys=0.00, real=0.01 secs] 
1103.660: [GC (Allocation Failure) [PSYoungGen: 61360K->1376K(61440K)] 436196K->376212K(572928K), 0.0028229 secs] [Times: user=0.01 sys=0.00, real=0.01 secs] 
1104.344: [GC (Allocation Failure) [PSYoungGen: 60768K->1376K(61440K)] 435604K->376212K(572928K), 0.0025477 secs] [Times: user=0.01 sys=0.00, real=0.00 secs] 
1105.076: [GC (Allocation Failure) [PSYoungGen: 60768K->1376K(61440K)] 435604K->376212K(572928K), 0.0027685 secs] [Times: user=0.01 sys=0.00, real=0.00 secs] 
1105.649: [GC (Allocation Failure) [PSYoungGen: 60768K->1376K(61440K)] 435604K->376212K(572928K), 0.0031770 secs] [Times: user=0.01 sys=0.00, real=0.01 secs] 
1106.169: [GC (Allocation Failure) [PSYoungGen: 60768K->1408K(61440K)] 435604K->376244K(572928K), 0.0015646 secs] [Times: user=0.01 sys=0.00, real=0.00 secs] 
1106.517: [GC (Allocation Failure) [PSYoungGen: 60800K->1485K(61440K)] 435636K->376329K(572928K), 0.0015551 secs] [Times: user=0.00 sys=0.00, real=0.00 secs] 
1106.923: [GC (Allocation Failure) [PSYoungGen: 60877K->1485K(61440K)] 435721K->376353K(572928K), 0.0018730 secs] [Times: user=0.01 sys=0.00, real=0.00 secs] 
1107.268: [GC (Allocation Failure) [PSYoungGen: 60877K->1520K(61440K)] 435745K->376388K(572928K), 0.0016544 secs] [Times: user=0.01 sys=0.00, real=0.00 secs] 
1107.808: [GC (Allocation Failure) [PSYoungGen: 60912K->1424K(61440K)] 435780K->376292K(572928K), 0.0025361 secs] [Times: user=0.01 sys=0.00, real=0.00 secs] 
1108.310: [GC (Allocation Failure) [PSYoungGen: 60816K->1376K(61440K)] 435684K->376244K(572928K), 0.0028155 secs] [Times: user=0.02 sys=0.00, real=0.01 secs] 
1108.826: [GC (Allocation Failure) [PSYoungGen: 60768K->1344K(61440K)] 435636K->376212K(572928K), 0.0025142 secs] [Times: user=0.01 sys=0.00, real=0.00 secs] 
1109.351: [GC (Allocation Failure) [PSYoungGen: 60736K->1344K(61440K)] 435604K->376212K(572928K), 0.0024075 secs] [Times: user=0.02 sys=0.00, real=0.01 secs] 
1109.887: [GC (Allocation Failure) [PSYoungGen: 60736K->1344K(61440K)] 435604K->376212K(572928K), 0.0034976 secs] [Times: user=0.01 sys=0.00, real=0.00 secs] 
1110.402: [GC (Allocation Failure) [PSYoungGen: 60709K->1488K(61440K)] 435577K->376356K(572928K), 0.0016717 secs] [Times: user=0.01 sys=0.00, real=0.01 secs] 
1110.808: [GC (Allocation Failure) [PSYoungGen: 60880K->1549K(61440K)] 435748K->376425K(572928K), 0.0018383 secs] [Times: user=0.01 sys=0.00, real=0.00 secs] 
1111.206: [GC (Allocation Failure) [PSYoungGen: 60941K->1549K(61440K)] 435817K->376425K(572928K), 0.0016762 secs] [Times: user=0.01 sys=0.00, real=0.00 secs] 
1111.608: [GC (Allocation Failure) [PSYoungGen: 60941K->1517K(61440K)] 435817K->376393K(572928K), 0.0016698 secs] [Times: user=0.01 sys=0.00, real=0.00 secs] 
1111.977: [GC (Allocation Failure) [PSYoungGen: 60909K->1424K(61440K)] 435785K->376300K(572928K), 0.0022953 secs] [Times: user=0.01 sys=0.00, real=0.00 secs] 
1112.282: [GC (Allocation Failure) [PSYoungGen: 60816K->1408K(61440K)] 435692K->376284K(572928K), 0.0019750 secs] [Times: user=0.01 sys=0.00, real=0.00 secs] 
1112.548: [GC (Allocation Failure) [PSYoungGen: 60800K->1312K(61440K)] 435676K->376188K(572928K), 0.0020380 secs] [Times: user=0.01 sys=0.00, real=0.00 secs] 
1112.873: [GC (Allocation Failure) [PSYoungGen: 60704K->1344K(61440K)] 435580K->376220K(572928K), 0.0018570 secs] [Times: user=0.01 sys=0.00, real=0.00 secs] 
1113.348: [GC (Allocation Failure) [PSYoungGen: 60736K->1360K(61440K)] 435612K->376236K(572928K), 0.0019751 secs] [Times: user=0.01 sys=0.00, real=0.00 secs] 
1113.918: [GC (Allocation Failure) [PSYoungGen: 60752K->1565K(61440K)] 435628K->376441K(572928K), 0.0017043 secs] [Times: user=0.00 sys=0.00, real=0.00 secs] 
1114.265: [GC (Allocation Failure) [PSYoungGen: 60957K->1552K(61440K)] 435833K->376444K(572928K), 0.0016610 secs] [Times: user=0.01 sys=0.00, real=0.00 secs] 
1114.611: [GC (Allocation Failure) [PSYoungGen: 60944K->1488K(61440K)] 435836K->376380K(572928K), 0.0017457 secs] [Times: user=0.00 sys=0.00, real=0.01 secs] 
1114.957: [GC (Allocation Failure) [PSYoungGen: 60880K->1597K(61440K)] 435772K->376489K(572928K), 0.0015637 secs] [Times: user=0.01 sys=0.00, real=0.00 secs] 
1115.290: [GC (Allocation Failure) [PSYoungGen: 60989K->1472K(61440K)] 435881K->376396K(572928K), 0.0025285 secs] [Times: user=0.01 sys=0.00, real=0.01 secs] 
1115.664: [GC (Allocation Failure) [PSYoungGen: 60864K->1376K(61440K)] 435788K->376300K(572928K), 0.0021210 secs] [Times: user=0.01 sys=0.00, real=0.00 secs] 
1116.118: [GC (Allocation Failure) [PSYoungGen: 60768K->1408K(61440K)] 435692K->376332K(572928K), 0.0020752 secs] [Times: user=0.01 sys=0.00, real=0.00 secs] 
1116.618: [GC (Allocation Failure) [PSYoungGen: 60800K->1344K(61440K)] 435724K->376268K(572928K), 0.0030072 secs] [Times: user=0.01 sys=0.00, real=0.00 secs] 
1117.112: [GC (Allocation Failure) [PSYoungGen: 60736K->1360K(61440K)] 435660K->376284K(572928K), 0.0026832 secs] [Times: user=0.01 sys=0.00, real=0.00 secs] 
1117.606: [GC (Allocation Failure) [PSYoungGen: 60738K->1488K(61440K)] 435662K->376412K(572928K), 0.0016664 secs] [Times: user=0.01 sys=0.00, real=0.00 secs] 
1117.953: [GC (Allocation Failure) [PSYoungGen: 60880K->1549K(61440K)] 435804K->376489K(572928K), 0.0016011 secs] [Times: user=0.01 sys=0.00, real=0.00 secs] 
1118.298: [GC (Allocation Failure) [PSYoungGen: 60941K->1520K(61440K)] 435881K->376460K(572928K), 0.0017593 secs] [Times: user=0.01 sys=0.00, real=0.00 secs] 
1118.644: [GC (Allocation Failure) [PSYoungGen: 60912K->1520K(61440K)] 435852K->376460K(572928K), 0.0016772 secs] [Times: user=0.00 sys=0.00, real=0.00 secs] 
1119.060: [GC (Allocation Failure) [PSYoungGen: 60912K->1408K(61440K)] 435852K->376348K(572928K), 0.0020328 secs] [Times: user=0.01 sys=0.00, real=0.01 secs] 
1119.644: [GC (Allocation Failure) [PSYoungGen: 60800K->1408K(61440K)] 435740K->376348K(572928K), 0.0047323 secs] [Times: user=0.02 sys=0.00, real=0.00 secs] 
1120.274: [GC (Allocation Failure) [PSYoungGen: 60800K->1376K(61440K)] 435740K->376316K(572928K), 0.0024079 secs] [Times: user=0.01 sys=0.00, real=0.00 secs] 
1120.976: [GC (Allocation Failure) [PSYoungGen: 60768K->1376K(61440K)] 435708K->376316K(572928K), 0.0044166 secs] [Times: user=0.02 sys=0.00, real=0.00 secs] 
1121.720: [GC (Allocation Failure) [PSYoungGen: 60768K->1405K(61440K)] 435708K->376345K(572928K), 0.0028404 secs] [Times: user=0.01 sys=0.00, real=0.01 secs] 
1122.142: [GC (Allocation Failure) [PSYoungGen: 60793K->1565K(61440K)] 435733K->376505K(572928K), 0.0016114 secs] [Times: user=0.01 sys=0.00, real=0.01 secs] 
1122.493: [GC (Allocation Failure) [PSYoungGen: 60957K->1581K(61440K)] 435897K->376537K(572928K), 0.0033849 secs] [Times: user=0.01 sys=0.00, real=0.00 secs] 
1122.846: [GC (Allocation Failure) [PSYoungGen: 60973K->1549K(61440K)] 435929K->376505K(572928K), 0.0016522 secs] [Times: user=0.01 sys=0.00, real=0.00 secs] 
1123.192: [GC (Allocation Failure) [PSYoungGen: 60941K->1517K(61440K)] 435897K->376473K(572928K), 0.0015992 secs] [Times: user=0.01 sys=0.00, real=0.01 secs] 
1123.467: [GC (Allocation Failure) [PSYoungGen: 60909K->1408K(61440K)] 435865K->376364K(572928K), 0.0017120 secs] [Times: user=0.00 sys=0.00, real=0.00 secs] 
1123.714: [GC (Allocation Failure) [PSYoungGen: 60800K->1376K(61440K)] 435756K->376332K(572928K), 0.0017095 secs] [Times: user=0.00 sys=0.00, real=0.00 secs] 
1123.961: [GC (Allocation Failure) [PSYoungGen: 60768K->1344K(61440K)] 435724K->376300K(572928K), 0.0017363 secs] [Times: user=0.00 sys=0.00, real=0.01 secs] 
1124.360: [GC (Allocation Failure) [PSYoungGen: 60736K->1408K(61440K)] 435692K->376364K(572928K), 0.0017536 secs] [Times: user=0.00 sys=0.00, real=0.00 secs] 
1124.838: [GC (Allocation Failure) [PSYoungGen: 60800K->1469K(61440K)] 435756K->376425K(572928K), 0.0016109 secs] [Times: user=0.01 sys=0.00, real=0.00 secs] 
1125.184: [GC (Allocation Failure) [PSYoungGen: 60861K->1549K(61440K)] 435817K->376505K(572928K), 0.0015964 secs] [Times: user=0.01 sys=0.00, real=0.00 secs] 
1125.531: [GC (Allocation Failure) [PSYoungGen: 60941K->1520K(61440K)] 435897K->376500K(572928K), 0.0016105 secs] [Times: user=0.00 sys=0.00, real=0.01 secs] 
1125.880: [GC (Allocation Failure) [PSYoungGen: 60912K->1517K(61440K)] 435892K->376497K(572928K), 0.0015833 secs] [Times: user=0.00 sys=0.01, real=0.00 secs] 
1126.255: [GC (Allocation Failure) [PSYoungGen: 60909K->2000K(61440K)] 435889K->376980K(572928K), 0.0020017 secs] [Times: user=0.01 sys=0.00, real=0.00 secs] 
1126.501: [GC (Allocation Failure) [PSYoungGen: 61392K->1408K(61440K)] 436372K->376388K(572928K), 0.0018015 secs] [Times: user=0.00 sys=0.00, real=0.01 secs] 
1126.748: [GC (Allocation Failure) [PSYoungGen: 60800K->1344K(61440K)] 435780K->376324K(572928K), 0.0017778 secs] [Times: user=0.01 sys=0.00, real=0.00 secs] 
1127.025: [GC (Allocation Failure) [PSYoungGen: 60736K->1376K(61440K)] 435716K->376356K(572928K), 0.0018321 secs] [Times: user=0.01 sys=0.00, real=0.00 secs] 
1127.272: [GC (Allocation Failure) [PSYoungGen: 60768K->1312K(61440K)] 435748K->376292K(572928K), 0.0017416 secs] [Times: user=0.01 sys=0.00, real=0.00 secs] 
1127.601: [GC (Allocation Failure) [PSYoungGen: 60704K->1453K(61440K)] 435684K->376433K(572928K), 0.0015617 secs] [Times: user=0.01 sys=0.00, real=0.01 secs] 
1127.947: [GC (Allocation Failure) [PSYoungGen: 60845K->1549K(61440K)] 435825K->376529K(572928K), 0.0016597 secs] [Times: user=0.01 sys=0.00, real=0.00 secs] 
1128.294: [GC (Allocation Failure) [PSYoungGen: 60941K->1485K(61440K)] 435921K->376481K(572928K), 0.0016444 secs] [Times: user=0.00 sys=0.00, real=0.00 secs] 
1128.640: [GC (Allocation Failure) [PSYoungGen: 60877K->1520K(61440K)] 435873K->376516K(572928K), 0.0015616 secs] [Times: user=0.01 sys=0.00, real=0.00 secs] 
1129.665: [GC (Allocation Failure) [PSYoungGen: 60912K->1472K(61440K)] 435908K->376468K(572928K), 0.0043940 secs] [Times: user=0.01 sys=0.00, real=0.00 secs] 
1130.508: [GC (Allocation Failure) [PSYoungGen: 60864K->1360K(61440K)] 435860K->376356K(572928K), 0.0028005 secs] [Times: user=0.01 sys=0.00, real=0.00 secs] 
1131.104: [GC (Allocation Failure) [PSYoungGen: 60752K->1376K(61440K)] 435748K->376372K(572928K), 0.0026088 secs] [Times: user=0.01 sys=0.00, real=0.00 secs] 
1131.482: [GC (Allocation Failure) [PSYoungGen: 60768K->1376K(61440K)] 435764K->376372K(572928K), 0.0025158 secs] [Times: user=0.01 sys=0.00, real=0.00 secs] 
1131.918: [GC (Allocation Failure) [PSYoungGen: 60768K->1344K(61440K)] 435764K->376340K(572928K), 0.0026627 secs] [Times: user=0.01 sys=0.00, real=0.00 secs] 
1132.467: [GC (Allocation Failure) [PSYoungGen: 60736K->1453K(61440K)] 435732K->376449K(572928K), 0.0015808 secs] [Times: user=0.00 sys=0.00, real=0.00 secs] 
1132.820: [GC (Allocation Failure) [PSYoungGen: 60839K->1549K(61440K)] 435835K->376553K(572928K), 0.0015480 secs] [Times: user=0.01 sys=0.00, real=0.00 secs] 
1133.235: [GC (Allocation Failure) [PSYoungGen: 60941K->1581K(61440K)] 435945K->376585K(572928K), 0.0017191 secs] [Times: user=0.00 sys=0.00, real=0.00 secs] 
1133.580: [GC (Allocation Failure) [PSYoungGen: 60973K->1517K(61440K)] 435977K->376521K(572928K), 0.0018717 secs] [Times: user=0.01 sys=0.00, real=0.01 secs] 
1134.025: [GC (Allocation Failure) [PSYoungGen: 60909K->1440K(61440K)] 435913K->376444K(572928K), 0.0029003 secs] [Times: user=0.02 sys=0.00, real=0.00 secs] 
1134.275: [GC (Allocation Failure) [PSYoungGen: 60832K->1376K(61440K)] 435836K->376380K(572928K), 0.0026557 secs] [Times: user=0.01 sys=0.00, real=0.00 secs] 
1134.523: [GC (Allocation Failure) [PSYoungGen: 60768K->1312K(61440K)] 435772K->376316K(572928K), 0.0020201 secs] [Times: user=0.01 sys=0.00, real=0.00 secs] 
1134.770: [GC (Allocation Failure) [PSYoungGen: 60704K->1376K(61440K)] 435708K->376380K(572928K), 0.0020305 secs] [Times: user=0.01 sys=0.00, real=0.01 secs] 
1135.017: [GC (Allocation Failure) [PSYoungGen: 60768K->1376K(61440K)] 435772K->376380K(572928K), 0.0019421 secs] [Times: user=0.01 sys=0.00, real=0.00 secs] 
1135.375: [GC (Allocation Failure) [PSYoungGen: 60768K->1517K(61440K)] 435772K->376521K(572928K), 0.0015856 secs] [Times: user=0.01 sys=0.00, real=0.00 secs] 
1135.724: [GC (Allocation Failure) [PSYoungGen: 60909K->1485K(61440K)] 435913K->376513K(572928K), 0.0016789 secs] [Times: user=0.01 sys=0.00, real=0.00 secs] 
1136.069: [GC (Allocation Failure) [PSYoungGen: 60877K->1517K(61440K)] 435905K->376545K(572928K), 0.0015813 secs] [Times: user=0.01 sys=0.01, real=0.00 secs] 
1136.417: [GC (Allocation Failure) [PSYoungGen: 60909K->1552K(61440K)] 435937K->376580K(572928K), 0.0015607 secs] [Times: user=0.01 sys=0.00, real=0.00 secs] 
1136.744: [GC (Allocation Failure) [PSYoungGen: 60944K->1408K(61440K)] 435972K->376436K(572928K), 0.0018097 secs] [Times: user=0.00 sys=0.00, real=0.00 secs] 
1137.036: [GC (Allocation Failure) [PSYoungGen: 60800K->1344K(61440K)] 435828K->376372K(572928K), 0.0018128 secs] [Times: user=0.01 sys=0.00, real=0.00 secs] 
1137.290: [GC (Allocation Failure) [PSYoungGen: 60736K->1376K(61440K)] 435764K->376404K(572928K), 0.0018193 secs] [Times: user=0.00 sys=0.00, real=0.00 secs] 
1137.537: [GC (Allocation Failure) [PSYoungGen: 60768K->1376K(61440K)] 435796K->376404K(572928K), 0.0018617 secs] [Times: user=0.00 sys=0.00, real=0.00 secs] 
1137.783: [GC (Allocation Failure) [PSYoungGen: 60768K->1344K(61440K)] 435796K->376372K(572928K), 0.0019923 secs] [Times: user=0.01 sys=0.00, real=0.00 secs] 
1138.175: [GC (Allocation Failure) [PSYoungGen: 60736K->1533K(61440K)] 435764K->376561K(572928K), 0.0015699 secs] [Times: user=0.01 sys=0.00, real=0.00 secs] 
1138.522: [GC (Allocation Failure) [PSYoungGen: 60925K->1517K(61440K)] 435953K->376553K(572928K), 0.0015918 secs] [Times: user=0.00 sys=0.00, real=0.00 secs] 
1138.867: [GC (Allocation Failure) [PSYoungGen: 60909K->1549K(61440K)] 435945K->376585K(572928K), 0.0016048 secs] [Times: user=0.01 sys=0.00, real=0.00 secs] 
1139.215: [GC (Allocation Failure) [PSYoungGen: 60941K->1485K(61440K)] 435977K->376521K(572928K), 0.0015750 secs] [Times: user=0.01 sys=0.00, real=0.00 secs] 
1140.093: [GC (Allocation Failure) [PSYoungGen: 60877K->1408K(61440K)] 435913K->376444K(572928K), 0.0029539 secs] [Times: user=0.01 sys=0.00, real=0.00 secs] 
1140.821: [GC (Allocation Failure) [PSYoungGen: 60800K->1344K(61440K)] 435836K->376380K(572928K), 0.0028907 secs] [Times: user=0.01 sys=0.00, real=0.01 secs] 
1141.390: [GC (Allocation Failure) [PSYoungGen: 60736K->1344K(61440K)] 435772K->376380K(572928K), 0.0028795 secs] [Times: user=0.01 sys=0.00, real=0.01 secs] 
1141.951: [GC (Allocation Failure) [PSYoungGen: 60736K->1360K(61440K)] 435772K->376396K(572928K), 0.0028386 secs] [Times: user=0.01 sys=0.00, real=0.01 secs] 
1142.259: [GC (Allocation Failure) [PSYoungGen: 60752K->1437K(61440K)] 435788K->376473K(572928K), 0.0021713 secs] [Times: user=0.01 sys=0.01, real=0.00 secs] 
1142.634: [GC (Allocation Failure) [PSYoungGen: 60829K->1613K(61440K)] 435865K->376649K(572928K), 0.0017391 secs] [Times: user=0.01 sys=0.00, real=0.00 secs] 
1142.982: [GC (Allocation Failure) [PSYoungGen: 61005K->1501K(61440K)] 436041K->376545K(572928K), 0.0019281 secs] [Times: user=0.01 sys=0.00, real=0.00 secs] 
1143.335: [GC (Allocation Failure) [PSYoungGen: 60893K->1552K(61440K)] 435937K->376596K(572928K), 0.0016401 secs] [Times: user=0.01 sys=0.00, real=0.00 secs] 
1143.682: [GC (Allocation Failure) [PSYoungGen: 60944K->1549K(61440K)] 435988K->376593K(572928K), 0.0016337 secs] [Times: user=0.01 sys=0.00, real=0.00 secs] 
1143.967: [GC (Allocation Failure) [PSYoungGen: 60941K->1408K(61440K)] 435985K->376452K(572928K), 0.0018361 secs] [Times: user=0.00 sys=0.00, real=0.00 secs] 
1144.229: [GC (Allocation Failure) [PSYoungGen: 60800K->1344K(61440K)] 435844K->376388K(572928K), 0.0017931 secs] [Times: user=0.00 sys=0.00, real=0.00 secs] 
1144.476: [GC (Allocation Failure) [PSYoungGen: 60736K->1408K(61440K)] 435780K->376452K(572928K), 0.0017106 secs] [Times: user=0.01 sys=0.00, real=0.00 secs] 
1144.722: [GC (Allocation Failure) [PSYoungGen: 60800K->1376K(61440K)] 435844K->376420K(572928K), 0.0016592 secs] [Times: user=0.00 sys=0.00, real=0.00 secs] 
1145.019: [GC (Allocation Failure) [PSYoungGen: 60768K->1469K(61440K)] 435812K->376513K(572928K), 0.0017161 secs] [Times: user=0.01 sys=0.00, real=0.00 secs] 
1145.434: [GC (Allocation Failure) [PSYoungGen: 60861K->1581K(61440K)] 435905K->376641K(572928K), 0.0017343 secs] [Times: user=0.00 sys=0.00, real=0.00 secs] 
1145.782: [GC (Allocation Failure) [PSYoungGen: 60973K->1520K(61440K)] 436033K->376596K(572928K), 0.0016475 secs] [Times: user=0.01 sys=0.00, real=0.00 secs] 
1146.129: [GC (Allocation Failure) [PSYoungGen: 60912K->1488K(61440K)] 435988K->376564K(572928K), 0.0016880 secs] [Times: user=0.01 sys=0.00, real=0.00 secs] 
1146.512: [GC (Allocation Failure) [PSYoungGen: 60880K->1616K(61440K)] 435956K->376692K(572928K), 0.0017794 secs] [Times: user=0.01 sys=0.00, real=0.00 secs] 
1146.989: [GC (Allocation Failure) [PSYoungGen: 61008K->1376K(61440K)] 436084K->376452K(572928K), 0.0031246 secs] [Times: user=0.02 sys=0.00, real=0.01 secs] 
1147.448: [GC (Allocation Failure) [PSYoungGen: 60768K->1376K(61440K)] 435844K->376452K(572928K), 0.0028073 secs] [Times: user=0.01 sys=0.00, real=0.00 secs] 
1147.898: [GC (Allocation Failure) [PSYoungGen: 60768K->1376K(61440K)] 435844K->376452K(572928K), 0.0027076 secs] [Times: user=0.01 sys=0.00, real=0.00 secs] 
1148.340: [GC (Allocation Failure) [PSYoungGen: 60768K->1344K(61440K)] 435844K->376420K(572928K), 0.0026521 secs] [Times: user=0.00 sys=0.01, real=0.01 secs] 
1148.974: [GC (Allocation Failure) [PSYoungGen: 60736K->1485K(61440K)] 435812K->376561K(572928K), 0.0017059 secs] [Times: user=0.01 sys=0.00, real=0.00 secs] 
1149.324: [GC (Allocation Failure) [PSYoungGen: 60877K->1520K(61440K)] 435953K->376596K(572928K), 0.0015781 secs] [Times: user=0.00 sys=0.00, real=0.00 secs] 
1149.672: [GC (Allocation Failure) [PSYoungGen: 60912K->1488K(61440K)] 435988K->376572K(572928K), 0.0015691 secs] [Times: user=0.01 sys=0.00, real=0.01 secs] 
1150.017: [GC (Allocation Failure) [PSYoungGen: 60880K->1549K(61440K)] 435964K->376633K(572928K), 0.0016688 secs] [Times: user=0.00 sys=0.00, real=0.00 secs] 
1150.490: [GC (Allocation Failure) [PSYoungGen: 60941K->1472K(61440K)] 436025K->376556K(572928K), 0.0019203 secs] [Times: user=0.01 sys=0.00, real=0.01 secs] 
1151.216: [GC (Allocation Failure) [PSYoungGen: 60864K->1328K(61440K)] 435948K->376412K(572928K), 0.0031840 secs] [Times: user=0.02 sys=0.00, real=0.00 secs] 
1151.787: [GC (Allocation Failure) [PSYoungGen: 60720K->1376K(61440K)] 435804K->376460K(572928K), 0.0027423 secs] [Times: user=0.01 sys=0.00, real=0.00 secs] 
1152.210: [GC (Allocation Failure) [PSYoungGen: 60768K->1312K(61440K)] 435852K->376396K(572928K), 0.0021770 secs] [Times: user=0.00 sys=0.00, real=0.01 secs] 
1152.460: [GC (Allocation Failure) [PSYoungGen: 60704K->1376K(61440K)] 435788K->376460K(572928K), 0.0019478 secs] [Times: user=0.01 sys=0.00, real=0.00 secs] 
1152.865: [GC (Allocation Failure) [PSYoungGen: 60768K->1517K(61440K)] 435852K->376601K(572928K), 0.0016316 secs] [Times: user=0.01 sys=0.00, real=0.00 secs] 
1153.212: [GC (Allocation Failure) [PSYoungGen: 60897K->1517K(61440K)] 435981K->376617K(572928K), 0.0039883 secs] [Times: user=0.02 sys=0.00, real=0.00 secs] 
1153.571: [GC (Allocation Failure) [PSYoungGen: 60909K->1581K(61440K)] 436009K->376681K(572928K), 0.0016195 secs] [Times: user=0.01 sys=0.00, real=0.01 secs] 
1153.916: [GC (Allocation Failure) [PSYoungGen: 60973K->1565K(61440K)] 436073K->376665K(572928K), 0.0016238 secs] [Times: user=0.01 sys=0.00, real=0.00 secs] 
1154.358: [GC (Allocation Failure) [PSYoungGen: 60957K->1488K(61440K)] 436057K->376588K(572928K), 0.0017997 secs] [Times: user=0.01 sys=0.00, real=0.00 secs] 
1154.887: [GC (Allocation Failure) [PSYoungGen: 60880K->1344K(61440K)] 435980K->376444K(572928K), 0.0024087 secs] [Times: user=0.01 sys=0.00, real=0.00 secs] 
1155.431: [GC (Allocation Failure) [PSYoungGen: 60736K->1344K(61440K)] 435836K->376444K(572928K), 0.0035451 secs] [Times: user=0.01 sys=0.00, real=0.01 secs] 
1156.240: [GC (Allocation Failure) [PSYoungGen: 60736K->1376K(61440K)] 435836K->376500K(572928K), 0.0029866 secs] [Times: user=0.01 sys=0.00, real=0.01 secs] 
1156.916: [GC (Allocation Failure) [PSYoungGen: 60768K->1376K(61440K)] 435892K->376500K(572928K), 0.0035428 secs] [Times: user=0.01 sys=0.00, real=0.00 secs] 
1157.578: [GC (Allocation Failure) [PSYoungGen: 60768K->1485K(61440K)] 435892K->376609K(572928K), 0.0016047 secs] [Times: user=0.00 sys=0.00, real=0.00 secs] 
1157.925: [GC (Allocation Failure) [PSYoungGen: 60877K->1517K(61440K)] 436001K->376657K(572928K), 0.0016119 secs] [Times: user=0.00 sys=0.00, real=0.00 secs] 
1158.272: [GC (Allocation Failure) [PSYoungGen: 60909K->1517K(61440K)] 436049K->376657K(572928K), 0.0016076 secs] [Times: user=0.00 sys=0.00, real=0.00 secs] 
1158.619: [GC (Allocation Failure) [PSYoungGen: 60909K->1485K(61440K)] 436049K->376625K(572928K), 0.0015629 secs] [Times: user=0.01 sys=0.00, real=0.00 secs] 
1159.101: [GC (Allocation Failure) [PSYoungGen: 60877K->1504K(61440K)] 436017K->376644K(572928K), 0.0023706 secs] [Times: user=0.01 sys=0.00, real=0.01 secs] 
1159.360: [GC (Allocation Failure) [PSYoungGen: 60896K->1312K(61440K)] 436036K->376452K(572928K), 0.0021405 secs] [Times: user=0.01 sys=0.00, real=0.01 secs] 
1159.608: [GC (Allocation Failure) [PSYoungGen: 60704K->1408K(61440K)] 435844K->376548K(572928K), 0.0019813 secs] [Times: user=0.00 sys=0.00, real=0.00 secs] 
1159.854: [GC (Allocation Failure) [PSYoungGen: 60800K->1344K(61440K)] 435940K->376484K(572928K), 0.0019397 secs] [Times: user=0.01 sys=0.00, real=0.00 secs] 
1160.101: [GC (Allocation Failure) [PSYoungGen: 60736K->1392K(61440K)] 435876K->376532K(572928K), 0.0019650 secs] [Times: user=0.01 sys=0.00, real=0.01 secs] 
1160.457: [GC (Allocation Failure) [PSYoungGen: 60764K->1504K(61440K)] 435904K->376644K(572928K), 0.0017127 secs] [Times: user=0.01 sys=0.00, real=0.00 secs] 
1160.805: [GC (Allocation Failure) [PSYoungGen: 60896K->1552K(61440K)] 436036K->376708K(572928K), 0.0015827 secs] [Times: user=0.01 sys=0.00, real=0.00 secs] 
1161.153: [GC (Allocation Failure) [PSYoungGen: 60913K->1549K(61440K)] 436069K->376705K(572928K), 0.0016226 secs] [Times: user=0.00 sys=0.01, real=0.00 secs] 
1161.556: [GC (Allocation Failure) [PSYoungGen: 60941K->1517K(61440K)] 436097K->376673K(572928K), 0.0017494 secs] [Times: user=0.01 sys=0.00, real=0.00 secs] 
1162.336: [GC (Allocation Failure) [PSYoungGen: 60909K->1408K(61440K)] 436065K->376564K(572928K), 0.0028118 secs] [Times: user=0.01 sys=0.00, real=0.00 secs] 
1163.199: [GC (Allocation Failure) [PSYoungGen: 60800K->1376K(61440K)] 435956K->376532K(572928K), 0.0036282 secs] [Times: user=0.02 sys=0.00, real=0.01 secs] 
1164.101: [GC (Allocation Failure) [PSYoungGen: 60768K->1376K(61440K)] 435924K->376532K(572928K), 0.0043631 secs] [Times: user=0.02 sys=0.00, real=0.01 secs] 
1164.844: [GC (Allocation Failure) [PSYoungGen: 60768K->1312K(61440K)] 435924K->376468K(572928K), 0.0031455 secs] [Times: user=0.01 sys=0.00, real=0.00 secs] 
1165.325: [GC (Allocation Failure) [PSYoungGen: 60704K->1376K(61440K)] 435860K->376532K(572928K), 0.0027357 secs] [Times: user=0.01 sys=0.00, real=0.00 secs] 
1165.776: [GC (Allocation Failure) [PSYoungGen: 60768K->1472K(61440K)] 435924K->376628K(572928K), 0.0015781 secs] [Times: user=0.00 sys=0.00, real=0.00 secs] 
1166.128: [GC (Allocation Failure) [PSYoungGen: 60864K->1517K(61440K)] 436020K->376697K(572928K), 0.0015815 secs] [Times: user=0.01 sys=0.00, real=0.00 secs] 
1166.473: [GC (Allocation Failure) [PSYoungGen: 60909K->1453K(61440K)] 436089K->376633K(572928K), 0.0017643 secs] [Times: user=0.01 sys=0.00, real=0.00 secs] 
1166.819: [GC (Allocation Failure) [PSYoungGen: 60818K->1517K(61440K)] 435999K->376697K(572928K), 0.0016154 secs] [Times: user=0.01 sys=0.00, real=0.00 secs] 
1167.420: [GC (Allocation Failure) [PSYoungGen: 60909K->1408K(61440K)] 436089K->376588K(572928K), 0.0019508 secs] [Times: user=0.00 sys=0.00, real=0.01 secs] 
1167.914: [GC (Allocation Failure) [PSYoungGen: 60800K->1312K(61440K)] 435980K->376492K(572928K), 0.0020603 secs] [Times: user=0.01 sys=0.00, real=0.00 secs] 
1168.398: [GC (Allocation Failure) [PSYoungGen: 60704K->1344K(61440K)] 435884K->376524K(572928K), 0.0021259 secs] [Times: user=0.01 sys=0.00, real=0.00 secs] 
1168.655: [GC (Allocation Failure) [PSYoungGen: 60736K->1376K(61440K)] 435916K->376556K(572928K), 0.0019948 secs] [Times: user=0.01 sys=0.00, real=0.00 secs] 
1168.950: [GC (Allocation Failure) [PSYoungGen: 60739K->1405K(61440K)] 435919K->376585K(572928K), 0.0017893 secs] [Times: user=0.01 sys=0.00, real=0.01 secs] 
1169.299: [GC (Allocation Failure) [PSYoungGen: 60797K->1517K(61440K)] 435977K->376697K(572928K), 0.0015995 secs] [Times: user=0.01 sys=0.00, real=0.00 secs] 
1169.645: [GC (Allocation Failure) [PSYoungGen: 60909K->1533K(61440K)] 436089K->376721K(572928K), 0.0016293 secs] [Times: user=0.00 sys=0.00, real=0.00 secs] 
1169.991: [GC (Allocation Failure) [PSYoungGen: 60925K->1584K(61440K)] 436113K->376772K(572928K), 0.0016701 secs] [Times: user=0.00 sys=0.00, real=0.01 secs] 
1170.338: [GC (Allocation Failure) [PSYoungGen: 60976K->1533K(61440K)] 436164K->376721K(572928K), 0.0016149 secs] [Times: user=0.01 sys=0.00, real=0.00 secs] 
1170.841: [GC (Allocation Failure) [PSYoungGen: 60925K->1440K(61440K)] 436113K->376628K(572928K), 0.0018372 secs] [Times: user=0.01 sys=0.00, real=0.01 secs] 
1171.332: [GC (Allocation Failure) [PSYoungGen: 60832K->1344K(61440K)] 436020K->376532K(572928K), 0.0034881 secs] [Times: user=0.01 sys=0.00, real=0.00 secs] 
1171.844: [GC (Allocation Failure) [PSYoungGen: 60736K->1376K(61440K)] 435924K->376564K(572928K), 0.0024148 secs] [Times: user=0.01 sys=0.00, real=0.00 secs] 
1172.295: [GC (Allocation Failure) [PSYoungGen: 60768K->1408K(61440K)] 435956K->376596K(572928K), 0.0021327 secs] [Times: user=0.01 sys=0.00, real=0.00 secs] 
1172.769: [GC (Allocation Failure) [PSYoungGen: 60800K->1501K(61440K)] 435988K->376689K(572928K), 0.0016801 secs] [Times: user=0.01 sys=0.00, real=0.00 secs] 
1173.116: [GC (Allocation Failure) [PSYoungGen: 60893K->1581K(61440K)] 436081K->376769K(572928K), 0.0018106 secs] [Times: user=0.01 sys=0.00, real=0.00 secs] 
1173.463: [GC (Allocation Failure) [PSYoungGen: 60973K->1549K(61440K)] 436161K->376753K(572928K), 0.0016071 secs] [Times: user=0.01 sys=0.00, real=0.00 secs] 
1173.815: [GC (Allocation Failure) [PSYoungGen: 60941K->1517K(61440K)] 436145K->376721K(572928K), 0.0015839 secs] [Times: user=0.00 sys=0.00, real=0.00 secs] 
1174.177: [GC (Allocation Failure) [PSYoungGen: 60909K->1952K(61440K)] 436113K->377156K(572928K), 0.0018776 secs] [Times: user=0.01 sys=0.00, real=0.00 secs] 
1174.423: [GC (Allocation Failure) [PSYoungGen: 61344K->1344K(61440K)] 436548K->376548K(572928K), 0.0018174 secs] [Times: user=0.01 sys=0.00, real=0.00 secs] 
1174.671: [GC (Allocation Failure) [PSYoungGen: 60736K->1376K(61440K)] 435940K->376580K(572928K), 0.0017587 secs] [Times: user=0.01 sys=0.00, real=0.01 secs] 
1174.917: [GC (Allocation Failure) [PSYoungGen: 60768K->1344K(61440K)] 435972K->376564K(572928K), 0.0017738 secs] [Times: user=0.01 sys=0.00, real=0.00 secs] 
1175.181: [GC (Allocation Failure) [PSYoungGen: 60736K->1344K(61440K)] 435956K->376564K(572928K), 0.0018064 secs] [Times: user=0.01 sys=0.00, real=0.01 secs] 
1175.512: [GC (Allocation Failure) [PSYoungGen: 60736K->1389K(61440K)] 435956K->376609K(572928K), 0.0016083 secs] [Times: user=0.00 sys=0.00, real=0.01 secs] 
1175.859: [GC (Allocation Failure) [PSYoungGen: 60779K->1549K(61440K)] 435999K->376769K(572928K), 0.0016011 secs] [Times: user=0.01 sys=0.00, real=0.00 secs] 
1176.210: [GC (Allocation Failure) [PSYoungGen: 60941K->1517K(61440K)] 436161K->376753K(572928K), 0.0016072 secs] [Times: user=0.00 sys=0.00, real=0.00 secs] 
1176.555: [GC (Allocation Failure) [PSYoungGen: 60909K->1549K(61440K)] 436145K->376785K(572928K), 0.0016147 secs] [Times: user=0.01 sys=0.00, real=0.00 secs] 
1176.920: [GC (Allocation Failure) [PSYoungGen: 60941K->1488K(61440K)] 436177K->376724K(572928K), 0.0019817 secs] [Times: user=0.00 sys=0.00, real=0.00 secs] 
1177.197: [GC (Allocation Failure) [PSYoungGen: 60880K->1376K(61440K)] 436116K->376612K(572928K), 0.0016200 secs] [Times: user=0.01 sys=0.00, real=0.00 secs] 
1177.511: [GC (Allocation Failure) [PSYoungGen: 60768K->1312K(61440K)] 436004K->376548K(572928K), 0.0019467 secs] [Times: user=0.01 sys=0.00, real=0.01 secs] 
1177.950: [GC (Allocation Failure) [PSYoungGen: 60704K->1344K(61440K)] 435940K->376580K(572928K), 0.0019393 secs] [Times: user=0.01 sys=0.00, real=0.01 secs] 
1178.459: [GC (Allocation Failure) [PSYoungGen: 60736K->1376K(61440K)] 435972K->376612K(572928K), 0.0027495 secs] [Times: user=0.01 sys=0.00, real=0.00 secs] 
1178.963: [GC (Allocation Failure) [PSYoungGen: 60753K->1517K(61440K)] 435990K->376753K(572928K), 0.0015629 secs] [Times: user=0.01 sys=0.00, real=0.00 secs] 
1179.373: [GC (Allocation Failure) [PSYoungGen: 60909K->1552K(61440K)] 436145K->376796K(572928K), 0.0016734 secs] [Times: user=0.00 sys=0.00, real=0.00 secs] 
1179.718: [GC (Allocation Failure) [PSYoungGen: 60944K->1549K(61440K)] 436188K->376793K(572928K), 0.0016970 secs] [Times: user=0.01 sys=0.00, real=0.00 secs] 
1180.126: [GC (Allocation Failure) [PSYoungGen: 60941K->1549K(61440K)] 436185K->376793K(572928K), 0.0018081 secs] [Times: user=0.01 sys=0.00, real=0.00 secs] 
1180.556: [GC (Allocation Failure) [PSYoungGen: 60941K->1392K(61440K)] 436185K->376636K(572928K), 0.0028643 secs] [Times: user=0.01 sys=0.00, real=0.00 secs] 
1181.051: [GC (Allocation Failure) [PSYoungGen: 60784K->1376K(61440K)] 436028K->376620K(572928K), 0.0026587 secs] [Times: user=0.01 sys=0.00, real=0.01 secs] 
1181.683: [GC (Allocation Failure) [PSYoungGen: 60768K->1344K(61440K)] 436012K->376588K(572928K), 0.0025579 secs] [Times: user=0.00 sys=0.00, real=0.00 secs] 
1182.287: [GC (Allocation Failure) [PSYoungGen: 60736K->1344K(61440K)] 435980K->376588K(572928K), 0.0023348 secs] [Times: user=0.01 sys=0.00, real=0.00 secs] 
1182.949: [GC (Allocation Failure) [PSYoungGen: 60736K->1344K(61440K)] 435980K->376588K(572928K), 0.0025356 secs] [Times: user=0.01 sys=0.00, real=0.00 secs] 
1183.444: [GC (Allocation Failure) [PSYoungGen: 60735K->1501K(61440K)] 435979K->376745K(572928K), 0.0015501 secs] [Times: user=0.00 sys=0.00, real=0.00 secs] 
1183.790: [GC (Allocation Failure) [PSYoungGen: 60893K->1520K(61440K)] 436137K->376772K(572928K), 0.0015602 secs] [Times: user=0.01 sys=0.00, real=0.01 secs] 
1184.145: [GC (Allocation Failure) [PSYoungGen: 60912K->1549K(61440K)] 436164K->376801K(572928K), 0.0016577 secs] [Times: user=0.01 sys=0.00, real=0.00 secs] 
1184.493: [GC (Allocation Failure) [PSYoungGen: 60941K->1565K(61440K)] 436193K->376817K(572928K), 0.0016410 secs] [Times: user=0.01 sys=0.00, real=0.00 secs] 
1184.824: [GC (Allocation Failure) [PSYoungGen: 60957K->1440K(61440K)] 436209K->376692K(572928K), 0.0017823 secs] [Times: user=0.01 sys=0.00, real=0.00 secs] 
1185.083: [GC (Allocation Failure) [PSYoungGen: 60832K->1344K(61440K)] 436084K->376596K(572928K), 0.0018022 secs] [Times: user=0.01 sys=0.00, real=0.00 secs] 
1185.331: [GC (Allocation Failure) [PSYoungGen: 60736K->1344K(61440K)] 435988K->376596K(572928K), 0.0023830 secs] [Times: user=0.02 sys=0.00, real=0.01 secs] 
1185.780: [GC (Allocation Failure) [PSYoungGen: 60736K->1344K(61440K)] 435988K->376620K(572928K), 0.0039552 secs] [Times: user=0.01 sys=0.00, real=0.01 secs] 
1186.464: [GC (Allocation Failure) [PSYoungGen: 60736K->1376K(61440K)] 436012K->376652K(572928K), 0.0043400 secs] [Times: user=0.02 sys=0.00, real=0.00 secs] 
1186.995: [GC (Allocation Failure) [PSYoungGen: 60768K->1456K(61440K)] 436044K->376732K(572928K), 0.0015691 secs] [Times: user=0.01 sys=0.00, real=0.00 secs] 
1187.341: [GC (Allocation Failure) [PSYoungGen: 60848K->1549K(61440K)] 436124K->376833K(572928K), 0.0016024 secs] [Times: user=0.01 sys=0.00, real=0.01 secs] 
1187.688: [GC (Allocation Failure) [PSYoungGen: 60941K->1488K(61440K)] 436225K->376772K(572928K), 0.0016247 secs] [Times: user=0.01 sys=0.00, real=0.00 secs] 
1188.034: [GC (Allocation Failure) [PSYoungGen: 60880K->1517K(61440K)] 436164K->376801K(572928K), 0.0016092 secs] [Times: user=0.01 sys=0.00, real=0.00 secs] 
1188.412: [GC (Allocation Failure) [PSYoungGen: 60909K->1408K(61440K)] 436193K->376692K(572928K), 0.0019174 secs] [Times: user=0.00 sys=0.00, real=0.00 secs] 
1188.706: [GC (Allocation Failure) [PSYoungGen: 60800K->1376K(61440K)] 436084K->376660K(572928K), 0.0018146 secs] [Times: user=0.01 sys=0.00, real=0.00 secs] 
1188.963: [GC (Allocation Failure) [PSYoungGen: 60768K->1408K(61440K)] 436052K->376692K(572928K), 0.0018771 secs] [Times: user=0.01 sys=0.00, real=0.00 secs] 
1189.226: [GC (Allocation Failure) [PSYoungGen: 60800K->1344K(61440K)] 436084K->376636K(572928K), 0.0019343 secs] [Times: user=0.01 sys=0.00, real=0.00 secs] 
1189.508: [GC (Allocation Failure) [PSYoungGen: 60725K->1456K(61440K)] 436018K->376748K(572928K), 0.0018477 secs] [Times: user=0.00 sys=0.00, real=0.00 secs] 
1189.862: [GC (Allocation Failure) [PSYoungGen: 60848K->1581K(61440K)] 436140K->376873K(572928K), 0.0015923 secs] [Times: user=0.00 sys=0.00, real=0.01 secs] 
1190.207: [GC (Allocation Failure) [PSYoungGen: 60973K->1549K(61440K)] 436265K->376849K(572928K), 0.0015926 secs] [Times: user=0.01 sys=0.00, real=0.00 secs] 
1190.553: [GC (Allocation Failure) [PSYoungGen: 60941K->1581K(61440K)] 436241K->376881K(572928K), 0.0017706 secs] [Times: user=0.01 sys=0.00, real=0.00 secs] 
1190.901: [GC (Allocation Failure) [PSYoungGen: 60973K->1517K(61440K)] 436273K->376817K(572928K), 0.0016654 secs] [Times: user=0.01 sys=0.00, real=0.01 secs] 
1192.424: [GC (Allocation Failure) [PSYoungGen: 60909K->1424K(61440K)] 436209K->376724K(572928K), 0.0024107 secs] [Times: user=0.01 sys=0.00, real=0.00 secs] 
1192.667: [GC (Allocation Failure) [PSYoungGen: 60816K->1376K(61440K)] 436116K->376676K(572928K), 0.0020502 secs] [Times: user=0.01 sys=0.01, real=0.00 secs] 
1192.914: [GC (Allocation Failure) [PSYoungGen: 60768K->1440K(61440K)] 436068K->376740K(572928K), 0.0018913 secs] [Times: user=0.01 sys=0.00, real=0.00 secs] 
1193.161: [GC (Allocation Failure) [PSYoungGen: 60832K->1344K(61440K)] 436132K->376644K(572928K), 0.0019598 secs] [Times: user=0.01 sys=0.00, real=0.01 secs] 
1193.469: [GC (Allocation Failure) [PSYoungGen: 60736K->1456K(61440K)] 436036K->376756K(572928K), 0.0016379 secs] [Times: user=0.01 sys=0.00, real=0.00 secs] 
1193.815: [GC (Allocation Failure) [PSYoungGen: 60848K->1581K(61440K)] 436148K->376881K(572928K), 0.0016409 secs] [Times: user=0.01 sys=0.00, real=0.00 secs] 
1194.166: [GC (Allocation Failure) [PSYoungGen: 60973K->1485K(61440K)] 436273K->376801K(572928K), 0.0016019 secs] [Times: user=0.01 sys=0.00, real=0.00 secs] 
1194.521: [GC (Allocation Failure) [PSYoungGen: 60877K->1488K(61440K)] 436193K->376804K(572928K), 0.0016429 secs] [Times: user=0.01 sys=0.00, real=0.01 secs] 
1195.060: [GC (Allocation Failure) [PSYoungGen: 60880K->1776K(61440K)] 436196K->377092K(572928K), 0.0022782 secs] [Times: user=0.01 sys=0.00, real=0.01 secs] 
1196.330: [GC (Allocation Failure) [PSYoungGen: 61168K->1408K(61440K)] 436484K->376748K(572928K), 0.0038509 secs] [Times: user=0.02 sys=0.00, real=0.01 secs] 
1196.887: [GC (Allocation Failure) [PSYoungGen: 60800K->1408K(61440K)] 436140K->376748K(572928K), 0.0025813 secs] [Times: user=0.01 sys=0.00, real=0.00 secs] 
1197.350: [GC (Allocation Failure) [PSYoungGen: 60800K->1312K(61440K)] 436140K->376652K(572928K), 0.0022508 secs] [Times: user=0.01 sys=0.00, real=0.01 secs] 
1197.873: [GC (Allocation Failure) [PSYoungGen: 60704K->1344K(61440K)] 436044K->376684K(572928K), 0.0026266 secs] [Times: user=0.01 sys=0.00, real=0.00 secs] 
1198.536: [GC (Allocation Failure) [PSYoungGen: 60714K->1456K(61440K)] 436054K->376796K(572928K), 0.0016900 secs] [Times: user=0.00 sys=0.00, real=0.00 secs] 
1198.882: [GC (Allocation Failure) [PSYoungGen: 60848K->1517K(61440K)] 436188K->376857K(572928K), 0.0016500 secs] [Times: user=0.00 sys=0.00, real=0.01 secs] 
1199.228: [GC (Allocation Failure) [PSYoungGen: 60909K->1517K(61440K)] 436249K->376865K(572928K), 0.0018529 secs] [Times: user=0.00 sys=0.00, real=0.00 secs] 
1199.574: [GC (Allocation Failure) [PSYoungGen: 60909K->1565K(61440K)] 436257K->376913K(572928K), 0.0016612 secs] [Times: user=0.00 sys=0.00, real=0.00 secs] 
1199.933: [GC (Allocation Failure) [PSYoungGen: 60957K->1456K(61440K)] 436305K->376804K(572928K), 0.0018876 secs] [Times: user=0.01 sys=0.00, real=0.00 secs] 
1200.253: [GC (Allocation Failure) [PSYoungGen: 60848K->1408K(61440K)] 436196K->376756K(572928K), 0.0017082 secs] [Times: user=0.01 sys=0.00, real=0.00 secs] 
1200.617: [GC (Allocation Failure) [PSYoungGen: 60800K->1344K(61440K)] 436148K->376708K(572928K), 0.0020663 secs] [Times: user=0.01 sys=0.00, real=0.00 secs] 
1201.001: [GC (Allocation Failure) [PSYoungGen: 60736K->1376K(61440K)] 436100K->376740K(572928K), 0.0019876 secs] [Times: user=0.00 sys=0.00, real=0.01 secs] 
1201.467: [GC (Allocation Failure) [PSYoungGen: 60768K->1408K(61440K)] 436132K->376772K(572928K), 0.0021226 secs] [Times: user=0.01 sys=0.00, real=0.00 secs] 
1202.007: [GC (Allocation Failure) [PSYoungGen: 60782K->1456K(61440K)] 436146K->376820K(572928K), 0.0016205 secs] [Times: user=0.00 sys=0.00, real=0.00 secs] 
1202.352: [GC (Allocation Failure) [PSYoungGen: 60848K->1584K(61440K)] 436212K->376956K(572928K), 0.0015611 secs] [Times: user=0.01 sys=0.00, real=0.00 secs] 
1202.697: [GC (Allocation Failure) [PSYoungGen: 60976K->1549K(61440K)] 436348K->376921K(572928K), 0.0017190 secs] [Times: user=0.01 sys=0.00, real=0.00 secs] 
1203.043: [GC (Allocation Failure) [PSYoungGen: 60941K->1517K(61440K)] 436313K->376889K(572928K), 0.0017474 secs] [Times: user=0.01 sys=0.00, real=0.00 secs] 
1203.403: [GC (Allocation Failure) [PSYoungGen: 60909K->1456K(61440K)] 436281K->376836K(572928K), 0.0022369 secs] [Times: user=0.01 sys=0.00, real=0.00 secs] 
1203.652: [GC (Allocation Failure) [PSYoungGen: 60848K->1376K(61440K)] 436228K->376756K(572928K), 0.0022752 secs] [Times: user=0.01 sys=0.00, real=0.00 secs] 
1203.919: [GC (Allocation Failure) [PSYoungGen: 60768K->1312K(61440K)] 436148K->376692K(572928K), 0.0021779 secs] [Times: user=0.01 sys=0.00, real=0.00 secs] 
1204.166: [GC (Allocation Failure) [PSYoungGen: 60704K->1344K(61440K)] 436084K->376724K(572928K), 0.0019792 secs] [Times: user=0.01 sys=0.00, real=0.00 secs] 
1204.485: [GC (Allocation Failure) [PSYoungGen: 60736K->1408K(61440K)] 436116K->376812K(572928K), 0.0030777 secs] [Times: user=0.01 sys=0.00, real=0.00 secs] 
1204.863: [GC (Allocation Failure) [PSYoungGen: 60800K->1453K(61440K)] 436204K->376857K(572928K), 0.0016511 secs] [Times: user=0.01 sys=0.00, real=0.00 secs] 
1205.209: [GC (Allocation Failure) [PSYoungGen: 60845K->1520K(61440K)] 436249K->376932K(572928K), 0.0016187 secs] [Times: user=0.00 sys=0.00, real=0.00 secs] 
1205.554: [GC (Allocation Failure) [PSYoungGen: 60912K->1517K(61440K)] 436324K->376929K(572928K), 0.0017605 secs] [Times: user=0.01 sys=0.00, real=0.00 secs] 
1205.900: [GC (Allocation Failure) [PSYoungGen: 60909K->1552K(61440K)] 436321K->376964K(572928K), 0.0016063 secs] [Times: user=0.00 sys=0.00, real=0.00 secs] 
1206.369: [GC (Allocation Failure) [PSYoungGen: 60944K->1424K(61440K)] 436356K->376844K(572928K), 0.0018404 secs] [Times: user=0.01 sys=0.00, real=0.00 secs] 
1206.648: [GC (Allocation Failure) [PSYoungGen: 60816K->1376K(61440K)] 436236K->376796K(572928K), 0.0027538 secs] [Times: user=0.01 sys=0.00, real=0.00 secs] 
1207.077: [GC (Allocation Failure) [PSYoungGen: 60768K->1360K(61440K)] 436188K->376780K(572928K), 0.0028028 secs] [Times: user=0.01 sys=0.00, real=0.00 secs] 
1207.573: [GC (Allocation Failure) [PSYoungGen: 60752K->1344K(61440K)] 436172K->376764K(572928K), 0.0022652 secs] [Times: user=0.01 sys=0.00, real=0.00 secs] 
1208.092: [GC (Allocation Failure) [PSYoungGen: 60736K->1376K(61440K)] 436156K->376796K(572928K), 0.0022289 secs] [Times: user=0.01 sys=0.00, real=0.01 secs] 
1208.645: [GC (Allocation Failure) [PSYoungGen: 60749K->1552K(61440K)] 436169K->376972K(572928K), 0.0016648 secs] [Times: user=0.00 sys=0.00, real=0.00 secs] 
1208.992: [GC (Allocation Failure) [PSYoungGen: 60944K->1549K(61440K)] 436364K->376985K(572928K), 0.0016953 secs] [Times: user=0.01 sys=0.00, real=0.01 secs] 
1209.394: [GC (Allocation Failure) [PSYoungGen: 60941K->1549K(61440K)] 436377K->376985K(572928K), 0.0016464 secs] [Times: user=0.01 sys=0.00, real=0.00 secs] 
1209.739: [GC (Allocation Failure) [PSYoungGen: 60941K->1517K(61440K)] 436377K->376953K(572928K), 0.0016368 secs] [Times: user=0.01 sys=0.00, real=0.00 secs] 
1210.123: [GC (Allocation Failure) [PSYoungGen: 60909K->1376K(61440K)] 436345K->376812K(572928K), 0.0022456 secs] [Times: user=0.00 sys=0.00, real=0.00 secs] 
1210.406: [GC (Allocation Failure) [PSYoungGen: 60768K->1344K(61440K)] 436204K->376780K(572928K), 0.0020911 secs] [Times: user=0.01 sys=0.00, real=0.00 secs] 
1210.653: [GC (Allocation Failure) [PSYoungGen: 60736K->1344K(61440K)] 436172K->376780K(572928K), 0.0021080 secs] [Times: user=0.01 sys=0.00, real=0.00 secs] 
1210.900: [GC (Allocation Failure) [PSYoungGen: 60736K->1344K(61440K)] 436172K->376780K(572928K), 0.0019689 secs] [Times: user=0.01 sys=0.00, real=0.00 secs] 
1211.146: [GC (Allocation Failure) [PSYoungGen: 60736K->1344K(61440K)] 436172K->376780K(572928K), 0.0018292 secs] [Times: user=0.01 sys=0.00, real=0.00 secs] 
1211.548: [GC (Allocation Failure) [PSYoungGen: 60736K->1584K(61440K)] 436172K->377020K(572928K), 0.0016333 secs] [Times: user=0.01 sys=0.00, real=0.00 secs] 
1211.895: [GC (Allocation Failure) [PSYoungGen: 60963K->1552K(61440K)] 436399K->377004K(572928K), 0.0016164 secs] [Times: user=0.01 sys=0.00, real=0.00 secs] 
1212.243: [GC (Allocation Failure) [PSYoungGen: 60944K->1517K(61440K)] 436396K->376969K(572928K), 0.0016295 secs] [Times: user=0.01 sys=0.00, real=0.00 secs] 
1212.589: [GC (Allocation Failure) [PSYoungGen: 60909K->1517K(61440K)] 436361K->376969K(572928K), 0.0016064 secs] [Times: user=0.01 sys=0.00, real=0.00 secs] 
1213.210: [GC (Allocation Failure) [PSYoungGen: 60909K->1376K(61440K)] 436361K->376844K(572928K), 0.0019288 secs] [Times: user=0.00 sys=0.00, real=0.01 secs] 
1213.811: [GC (Allocation Failure) [PSYoungGen: 60768K->1344K(61440K)] 436236K->376812K(572928K), 0.0025100 secs] [Times: user=0.01 sys=0.00, real=0.01 secs] 
1214.225: [GC (Allocation Failure) [PSYoungGen: 60736K->1408K(61440K)] 436204K->376876K(572928K), 0.0021701 secs] [Times: user=0.01 sys=0.01, real=0.00 secs] 
1214.484: [GC (Allocation Failure) [PSYoungGen: 60800K->1344K(61440K)] 436268K->376820K(572928K), 0.0018001 secs] [Times: user=0.00 sys=0.00, real=0.00 secs] 
1214.786: [GC (Allocation Failure) [PSYoungGen: 60736K->1437K(61440K)] 436212K->376937K(572928K), 0.0018304 secs] [Times: user=0.01 sys=0.00, real=0.00 secs] 
1215.140: [GC (Allocation Failure) [PSYoungGen: 60829K->1485K(61440K)] 436329K->376985K(572928K), 0.0016422 secs] [Times: user=0.01 sys=0.00, real=0.00 secs] 
1215.486: [GC (Allocation Failure) [PSYoungGen: 60877K->1517K(61440K)] 436377K->377025K(572928K), 0.0016013 secs] [Times: user=0.01 sys=0.00, real=0.00 secs] 
1215.832: [GC (Allocation Failure) [PSYoungGen: 60909K->1520K(61440K)] 436417K->377028K(572928K), 0.0016923 secs] [Times: user=0.01 sys=0.00, real=0.00 secs] 
1216.223: [GC (Allocation Failure) [PSYoungGen: 60912K->1536K(61440K)] 436420K->377044K(572928K), 0.0019155 secs] [Times: user=0.01 sys=0.00, real=0.00 secs] 
1216.766: [GC (Allocation Failure) [PSYoungGen: 60928K->1376K(61440K)] 436436K->376884K(572928K), 0.0019707 secs] [Times: user=0.01 sys=0.00, real=0.00 secs] 
1217.303: [GC (Allocation Failure) [PSYoungGen: 60768K->1312K(61440K)] 436276K->376820K(572928K), 0.0020527 secs] [Times: user=0.01 sys=0.00, real=0.00 secs] 
1217.817: [GC (Allocation Failure) [PSYoungGen: 60704K->1408K(61440K)] 436212K->376916K(572928K), 0.0020181 secs] [Times: user=0.01 sys=0.00, real=0.00 secs] 
1218.158: [GC (Allocation Failure) [PSYoungGen: 60800K->1344K(61440K)] 436308K->376852K(572928K), 0.0019922 secs] [Times: user=0.01 sys=0.00, real=0.00 secs] 
1218.494: [GC (Allocation Failure) [PSYoungGen: 60736K->1453K(61440K)] 436244K->376961K(572928K), 0.0015789 secs] [Times: user=0.01 sys=0.00, real=0.00 secs] 
1218.842: [GC (Allocation Failure) [PSYoungGen: 60845K->1549K(61440K)] 436353K->377057K(572928K), 0.0015691 secs] [Times: user=0.01 sys=0.00, real=0.00 secs] 
1219.188: [GC (Allocation Failure) [PSYoungGen: 60941K->1517K(61440K)] 436449K->377041K(572928K), 0.0015971 secs] [Times: user=0.01 sys=0.00, real=0.00 secs] 
1219.535: [GC (Allocation Failure) [PSYoungGen: 60909K->1549K(61440K)] 436433K->377073K(572928K), 0.0016021 secs] [Times: user=0.01 sys=0.00, real=0.00 secs] 
1219.914: [GC (Allocation Failure) [PSYoungGen: 60941K->1440K(61440K)] 436465K->376964K(572928K), 0.0018992 secs] [Times: user=0.01 sys=0.00, real=0.00 secs] 
1220.167: [GC (Allocation Failure) [PSYoungGen: 60832K->1408K(61440K)] 436356K->376932K(572928K), 0.0015430 secs] [Times: user=0.00 sys=0.00, real=0.00 secs] 
1220.446: [GC (Allocation Failure) [PSYoungGen: 60800K->1376K(61440K)] 436324K->376900K(572928K), 0.0015793 secs] [Times: user=0.01 sys=0.00, real=0.00 secs] 
1220.724: [GC (Allocation Failure) [PSYoungGen: 60768K->1376K(61440K)] 436292K->376900K(572928K), 0.0022598 secs] [Times: user=0.01 sys=0.00, real=0.00 secs] 
1220.972: [GC (Allocation Failure) [PSYoungGen: 60768K->1376K(61440K)] 436292K->376900K(572928K), 0.0026030 secs] [Times: user=0.01 sys=0.00, real=0.01 secs] 
1221.781: [GC (Allocation Failure) [PSYoungGen: 60768K->1520K(61440K)] 436292K->377044K(572928K), 0.0014914 secs] [Times: user=0.00 sys=0.01, real=0.01 secs] 
1222.128: [GC (Allocation Failure) [PSYoungGen: 60906K->1517K(61440K)] 436430K->377057K(572928K), 0.0015907 secs] [Times: user=0.01 sys=0.00, real=0.00 secs] 
1222.475: [GC (Allocation Failure) [PSYoungGen: 60909K->1549K(61440K)] 436449K->377089K(572928K), 0.0015891 secs] [Times: user=0.01 sys=0.00, real=0.00 secs] 
1222.821: [GC (Allocation Failure) [PSYoungGen: 60941K->1517K(61440K)] 436481K->377057K(572928K), 0.0015737 secs] [Times: user=0.01 sys=0.00, real=0.01 secs] 
1223.306: [GC (Allocation Failure) [PSYoungGen: 60909K->1440K(61440K)] 436449K->376980K(572928K), 0.0020793 secs] [Times: user=0.01 sys=0.00, real=0.00 secs] 
1223.759: [GC (Allocation Failure) [PSYoungGen: 60832K->1344K(61440K)] 436372K->376884K(572928K), 0.0027078 secs] [Times: user=0.01 sys=0.00, real=0.01 secs] 
1224.232: [GC (Allocation Failure) [PSYoungGen: 60736K->1344K(61440K)] 436276K->376884K(572928K), 0.0029716 secs] [Times: user=0.01 sys=0.00, real=0.00 secs] 
1224.853: [GC (Allocation Failure) [PSYoungGen: 60736K->1376K(61440K)] 436276K->376916K(572928K), 0.0041444 secs] [Times: user=0.02 sys=0.00, real=0.00 secs] 
1225.401: [GC (Allocation Failure) [PSYoungGen: 60768K->1376K(61440K)] 436308K->376924K(572928K), 0.0032798 secs] [Times: user=0.01 sys=0.00, real=0.01 secs] 
1226.036: [GC (Allocation Failure) [PSYoungGen: 60768K->1520K(61440K)] 436316K->377068K(572928K), 0.0017330 secs] [Times: user=0.01 sys=0.00, real=0.00 secs] 
1226.440: [GC (Allocation Failure) [PSYoungGen: 60912K->1517K(61440K)] 436460K->377073K(572928K), 0.0016813 secs] [Times: user=0.00 sys=0.00, real=0.01 secs] 
1226.842: [GC (Allocation Failure) [PSYoungGen: 60909K->1517K(61440K)] 436465K->377073K(572928K), 0.0016355 secs] [Times: user=0.01 sys=0.00, real=0.00 secs] 
1227.189: [GC (Allocation Failure) [PSYoungGen: 60909K->1549K(61440K)] 436465K->377105K(572928K), 0.0016493 secs] [Times: user=0.00 sys=0.00, real=0.00 secs] 
1228.112: [GC (Allocation Failure) [PSYoungGen: 60941K->1440K(61440K)] 436497K->376996K(572928K), 0.0044446 secs] [Times: user=0.01 sys=0.00, real=0.01 secs] 
1228.968: [GC (Allocation Failure) [PSYoungGen: 60832K->1376K(61440K)] 436388K->376932K(572928K), 0.0035921 secs] [Times: user=0.02 sys=0.00, real=0.00 secs] 
1229.503: [GC (Allocation Failure) [PSYoungGen: 60768K->1344K(61440K)] 436324K->376900K(572928K), 0.0026176 secs] [Times: user=0.01 sys=0.00, real=0.00 secs] 
1230.001: [GC (Allocation Failure) [PSYoungGen: 60736K->1344K(61440K)] 436292K->376900K(572928K), 0.0033374 secs] [Times: user=0.01 sys=0.00, real=0.01 secs] 
1230.457: [GC (Allocation Failure) [PSYoungGen: 60736K->1344K(61440K)] 436292K->376900K(572928K), 0.0022836 secs] [Times: user=0.01 sys=0.00, real=0.00 secs] 
1230.809: [GC (Allocation Failure) [PSYoungGen: 60736K->1536K(61440K)] 436292K->377092K(572928K), 0.0015320 secs] [Times: user=0.01 sys=0.00, real=0.00 secs] 
1231.156: [GC (Allocation Failure) [PSYoungGen: 60928K->1549K(61440K)] 436484K->377113K(572928K), 0.0015951 secs] [Times: user=0.01 sys=0.00, real=0.00 secs] 
1231.504: [GC (Allocation Failure) [PSYoungGen: 60941K->1517K(61440K)] 436505K->377081K(572928K), 0.0015676 secs] [Times: user=0.01 sys=0.00, real=0.00 secs] 
1231.910: [GC (Allocation Failure) [PSYoungGen: 60909K->1552K(61440K)] 436473K->377116K(572928K), 0.0018140 secs] [Times: user=0.01 sys=0.00, real=0.00 secs] 
1232.480: [GC (Allocation Failure) [PSYoungGen: 60944K->1392K(61440K)] 436508K->376964K(572928K), 0.0024385 secs] [Times: user=0.01 sys=0.00, real=0.01 secs] 
1233.009: [GC (Allocation Failure) [PSYoungGen: 60784K->1344K(61440K)] 436356K->376916K(572928K), 0.0023148 secs] [Times: user=0.01 sys=0.01, real=0.00 secs] 
1233.500: [GC (Allocation Failure) [PSYoungGen: 60736K->1344K(61440K)] 436308K->376916K(572928K), 0.0024477 secs] [Times: user=0.01 sys=0.00, real=0.01 secs] 
1233.783: [GC (Allocation Failure) [PSYoungGen: 60736K->1344K(61440K)] 436308K->376916K(572928K), 0.0018999 secs] [Times: user=0.01 sys=0.00, real=0.00 secs] 
1234.034: [GC (Allocation Failure) [PSYoungGen: 60736K->1344K(61440K)] 436308K->376916K(572928K), 0.0018484 secs] [Times: user=0.00 sys=0.00, real=0.00 secs] 
1234.454: [GC (Allocation Failure) [PSYoungGen: 60736K->1453K(61440K)] 436308K->377025K(572928K), 0.0015768 secs] [Times: user=0.00 sys=0.00, real=0.00 secs] 
1234.799: [GC (Allocation Failure) [PSYoungGen: 60840K->1549K(61440K)] 436412K->377129K(572928K), 0.0015969 secs] [Times: user=0.00 sys=0.00, real=0.00 secs] 
1235.146: [GC (Allocation Failure) [PSYoungGen: 60941K->1517K(61440K)] 436521K->377097K(572928K), 0.0015943 secs] [Times: user=0.00 sys=0.00, real=0.00 secs] 
1235.501: [GC (Allocation Failure) [PSYoungGen: 60909K->1517K(61440K)] 436489K->377113K(572928K), 0.0015938 secs] [Times: user=0.01 sys=0.00, real=0.01 secs] 
1236.046: [GC (Allocation Failure) [PSYoungGen: 60909K->1408K(61440K)] 436505K->377004K(572928K), 0.0022297 secs] [Times: user=0.01 sys=0.00, real=0.00 secs] 
1236.711: [GC (Allocation Failure) [PSYoungGen: 60800K->1344K(61440K)] 436396K->376940K(572928K), 0.0027532 secs] [Times: user=0.01 sys=0.00, real=0.01 secs] 
1237.386: [GC (Allocation Failure) [PSYoungGen: 60736K->1312K(61440K)] 436332K->376908K(572928K), 0.0029271 secs] [Times: user=0.01 sys=0.00, real=0.00 secs] 
1237.833: [GC (Allocation Failure) [PSYoungGen: 60704K->1360K(61440K)] 436300K->376956K(572928K), 0.0044041 secs] [Times: user=0.02 sys=0.00, real=0.00 secs] 
1238.347: [GC (Allocation Failure) [PSYoungGen: 60752K->1421K(61440K)] 436348K->377017K(572928K), 0.0022405 secs] [Times: user=0.01 sys=0.00, real=0.00 secs] 
1238.811: [GC (Allocation Failure) [PSYoungGen: 60804K->1549K(61440K)] 436401K->377145K(572928K), 0.0016558 secs] [Times: user=0.01 sys=0.00, real=0.01 secs] 
1239.156: [GC (Allocation Failure) [PSYoungGen: 60941K->1549K(61440K)] 436537K->377161K(572928K), 0.0017043 secs] [Times: user=0.01 sys=0.00, real=0.00 secs] 
1239.562: [GC (Allocation Failure) [PSYoungGen: 60941K->1584K(61440K)] 436553K->377196K(572928K), 0.0017282 secs] [Times: user=0.01 sys=0.00, real=0.00 secs] 
1239.962: [GC (Allocation Failure) [PSYoungGen: 60976K->1549K(61440K)] 436588K->377161K(572928K), 0.0018005 secs] [Times: user=0.01 sys=0.00, real=0.00 secs] 
1240.255: [GC (Allocation Failure) [PSYoungGen: 60941K->1408K(61440K)] 436553K->377020K(572928K), 0.0024378 secs] [Times: user=0.01 sys=0.00, real=0.00 secs] 
1240.704: [GC (Allocation Failure) [PSYoungGen: 60800K->1376K(61440K)] 436412K->376988K(572928K), 0.0025486 secs] [Times: user=0.01 sys=0.00, real=0.00 secs] 
1241.252: [GC (Allocation Failure) [PSYoungGen: 60768K->1376K(61440K)] 436380K->376988K(572928K), 0.0023756 secs] [Times: user=0.01 sys=0.00, real=0.00 secs] 
1241.736: [GC (Allocation Failure) [PSYoungGen: 60768K->1376K(61440K)] 436380K->376988K(572928K), 0.0021773 secs] [Times: user=0.01 sys=0.00, real=0.00 secs] 
1242.253: [GC (Allocation Failure) [PSYoungGen: 60768K->1437K(61440K)] 436380K->377049K(572928K), 0.0015694 secs] [Times: user=0.00 sys=0.00, real=0.00 secs] 
1242.601: [GC (Allocation Failure) [PSYoungGen: 60797K->1549K(61440K)] 436409K->377161K(572928K), 0.0015661 secs] [Times: user=0.01 sys=0.00, real=0.01 secs] 
1242.947: [GC (Allocation Failure) [PSYoungGen: 60941K->1549K(61440K)] 436553K->377169K(572928K), 0.0017668 secs] [Times: user=0.01 sys=0.00, real=0.00 secs] 
1243.357: [GC (Allocation Failure) [PSYoungGen: 60941K->1517K(61440K)] 436561K->377137K(572928K), 0.0016826 secs] [Times: user=0.01 sys=0.00, real=0.00 secs] 
1243.735: [GC (Allocation Failure) [PSYoungGen: 60909K->2016K(61440K)] 436529K->377636K(572928K), 0.0019148 secs] [Times: user=0.01 sys=0.00, real=0.00 secs] 
1244.003: [GC (Allocation Failure) [PSYoungGen: 61408K->1408K(61440K)] 437028K->377028K(572928K), 0.0020074 secs] [Times: user=0.01 sys=0.00, real=0.00 secs] 
1244.257: [GC (Allocation Failure) [PSYoungGen: 60800K->1376K(61440K)] 436420K->376996K(572928K), 0.0018827 secs] [Times: user=0.01 sys=0.00, real=0.00 secs] 
1244.510: [GC (Allocation Failure) [PSYoungGen: 60768K->1376K(61440K)] 436388K->376996K(572928K), 0.0019067 secs] [Times: user=0.01 sys=0.00, real=0.00 secs] 
1244.850: [GC (Allocation Failure) [PSYoungGen: 60768K->1312K(61440K)] 436388K->376956K(572928K), 0.0020594 secs] [Times: user=0.01 sys=0.00, real=0.01 secs] 
1245.175: [GC (Allocation Failure) [PSYoungGen: 60680K->1453K(61440K)] 436324K->377097K(572928K), 0.0016202 secs] [Times: user=0.01 sys=0.00, real=0.00 secs] 
1245.525: [GC (Allocation Failure) [PSYoungGen: 60845K->1485K(61440K)] 436489K->377129K(572928K), 0.0016574 secs] [Times: user=0.01 sys=0.00, real=0.00 secs] 
1245.873: [GC (Allocation Failure) [PSYoungGen: 60877K->1565K(61440K)] 436521K->377217K(572928K), 0.0016187 secs] [Times: user=0.01 sys=0.00, real=0.00 secs] 
1246.217: [GC (Allocation Failure) [PSYoungGen: 60957K->1517K(61440K)] 436609K->377169K(572928K), 0.0015633 secs] [Times: user=0.01 sys=0.00, real=0.00 secs] 
1246.673: [GC (Allocation Failure) [PSYoungGen: 60909K->1472K(61440K)] 436561K->377124K(572928K), 0.0022012 secs] [Times: user=0.00 sys=0.00, real=0.00 secs] 
1247.147: [GC (Allocation Failure) [PSYoungGen: 60864K->1344K(61440K)] 436516K->376996K(572928K), 0.0024217 secs] [Times: user=0.01 sys=0.00, real=0.00 secs] 
1247.609: [GC (Allocation Failure) [PSYoungGen: 60736K->1376K(61440K)] 436388K->377028K(572928K), 0.0028698 secs] [Times: user=0.01 sys=0.00, real=0.01 secs] 
1248.152: [GC (Allocation Failure) [PSYoungGen: 60768K->1360K(61440K)] 436420K->377012K(572928K), 0.0025775 secs] [Times: user=0.01 sys=0.00, real=0.00 secs] 
1248.913: [GC (Allocation Failure) [PSYoungGen: 60752K->1376K(61440K)] 436404K->377028K(572928K), 0.0025055 secs] [Times: user=0.01 sys=0.00, real=0.00 secs] 
1249.638: [GC (Allocation Failure) [PSYoungGen: 60768K->1501K(61440K)] 436420K->377153K(572928K), 0.0016933 secs] [Times: user=0.00 sys=0.00, real=0.00 secs] 
1249.983: [GC (Allocation Failure) [PSYoungGen: 60888K->1549K(61440K)] 436540K->377209K(572928K), 0.0015910 secs] [Times: user=0.01 sys=0.00, real=0.00 secs] 
1250.328: [GC (Allocation Failure) [PSYoungGen: 60941K->1517K(61440K)] 436601K->377177K(572928K), 0.0015972 secs] [Times: user=0.01 sys=0.00, real=0.00 secs] 
1250.672: [GC (Allocation Failure) [PSYoungGen: 60909K->1517K(61440K)] 436569K->377177K(572928K), 0.0016909 secs] [Times: user=0.00 sys=0.00, real=0.00 secs] 
1251.219: [GC (Allocation Failure) [PSYoungGen: 60909K->1424K(61440K)] 436569K->377084K(572928K), 0.0021361 secs] [Times: user=0.01 sys=0.00, real=0.00 secs] 
1251.577: [GC (Allocation Failure) [PSYoungGen: 60816K->1344K(61440K)] 436476K->377004K(572928K), 0.0021944 secs] [Times: user=0.01 sys=0.00, real=0.00 secs] 
1251.841: [GC (Allocation Failure) [PSYoungGen: 60736K->1376K(61440K)] 436396K->377036K(572928K), 0.0020817 secs] [Times: user=0.01 sys=0.00, real=0.01 secs] 
1252.093: [GC (Allocation Failure) [PSYoungGen: 60768K->1376K(61440K)] 436428K->377036K(572928K), 0.0019465 secs] [Times: user=0.00 sys=0.00, real=0.00 secs] 
1252.343: [GC (Allocation Failure) [PSYoungGen: 60768K->1344K(61440K)] 436428K->377004K(572928K), 0.0019698 secs] [Times: user=0.01 sys=0.00, real=0.00 secs] 
1252.694: [GC (Allocation Failure) [PSYoungGen: 60736K->1488K(61440K)] 436396K->377148K(572928K), 0.0016533 secs] [Times: user=0.01 sys=0.00, real=0.00 secs] 
1253.041: [GC (Allocation Failure) [PSYoungGen: 60880K->1517K(61440K)] 436540K->377185K(572928K), 0.0017844 secs] [Times: user=0.01 sys=0.00, real=0.01 secs] 
1253.385: [GC (Allocation Failure) [PSYoungGen: 60909K->1597K(61440K)] 436577K->377265K(572928K), 0.0016074 secs] [Times: user=0.00 sys=0.00, real=0.00 secs] 
1253.790: [GC (Allocation Failure) [PSYoungGen: 60989K->1552K(61440K)] 436657K->377220K(572928K), 0.0016507 secs] [Times: user=0.01 sys=0.00, real=0.00 secs] 
1254.167: [GC (Allocation Failure) [PSYoungGen: 60944K->1392K(61440K)] 436612K->377060K(572928K), 0.0022590 secs] [Times: user=0.01 sys=0.00, real=0.00 secs] 
1254.414: [GC (Allocation Failure) [PSYoungGen: 60784K->1344K(61440K)] 436452K->377012K(572928K), 0.0018610 secs] [Times: user=0.01 sys=0.00, real=0.00 secs] 
1254.661: [GC (Allocation Failure) [PSYoungGen: 60736K->1344K(61440K)] 436404K->377028K(572928K), 0.0019442 secs] [Times: user=0.01 sys=0.00, real=0.01 secs] 
1254.908: [GC (Allocation Failure) [PSYoungGen: 60736K->1408K(61440K)] 436420K->377092K(572928K), 0.0019948 secs] [Times: user=0.01 sys=0.00, real=0.00 secs] 
1255.154: [GC (Allocation Failure) [PSYoungGen: 60800K->1376K(61440K)] 436484K->377060K(572928K), 0.0018150 secs] [Times: user=0.00 sys=0.00, real=0.00 secs] 
1255.566: [GC (Allocation Failure) [PSYoungGen: 60768K->1517K(61440K)] 436452K->377201K(572928K), 0.0015564 secs] [Times: user=0.01 sys=0.00, real=0.00 secs] 
1255.919: [GC (Allocation Failure) [PSYoungGen: 60909K->1584K(61440K)] 436593K->377276K(572928K), 0.0016479 secs] [Times: user=0.01 sys=0.00, real=0.00 secs] 
1256.263: [GC (Allocation Failure) [PSYoungGen: 60976K->1549K(61440K)] 436668K->377241K(572928K), 0.0015960 secs] [Times: user=0.00 sys=0.00, real=0.00 secs] 
1256.612: [GC (Allocation Failure) [PSYoungGen: 60941K->1517K(61440K)] 436633K->377209K(572928K), 0.0015987 secs] [Times: user=0.01 sys=0.00, real=0.01 secs] 
1256.910: [GC (Allocation Failure) [PSYoungGen: 60909K->1376K(61440K)] 436601K->377068K(572928K), 0.0017754 secs] [Times: user=0.01 sys=0.00, real=0.01 secs] 
1257.288: [GC (Allocation Failure) [PSYoungGen: 60768K->1344K(61440K)] 436460K->377036K(572928K), 0.0019278 secs] [Times: user=0.01 sys=0.00, real=0.00 secs] 
1257.742: [GC (Allocation Failure) [PSYoungGen: 60736K->1376K(61440K)] 436428K->377068K(572928K), 0.0018723 secs] [Times: user=0.00 sys=0.00, real=0.00 secs] 
1258.227: [GC (Allocation Failure) [PSYoungGen: 60768K->1376K(61440K)] 436460K->377068K(572928K), 0.0018667 secs] [Times: user=0.00 sys=0.00, real=0.00 secs] 
1258.752: [GC (Allocation Failure) [PSYoungGen: 60742K->1373K(61440K)] 436434K->377065K(572928K), 0.0018093 secs] [Times: user=0.01 sys=0.01, real=0.00 secs] 
1259.104: [GC (Allocation Failure) [PSYoungGen: 60765K->1581K(61440K)] 436457K->377281K(572928K), 0.0015851 secs] [Times: user=0.00 sys=0.00, real=0.00 secs] 
1259.449: [GC (Allocation Failure) [PSYoungGen: 60973K->1549K(61440K)] 436673K->377257K(572928K), 0.0015871 secs] [Times: user=0.01 sys=0.00, real=0.00 secs] 
1259.797: [GC (Allocation Failure) [PSYoungGen: 60941K->1565K(61440K)] 436649K->377273K(572928K), 0.0016163 secs] [Times: user=0.01 sys=0.00, real=0.00 secs] 
1260.142: [GC (Allocation Failure) [PSYoungGen: 60957K->1517K(61440K)] 436665K->377225K(572928K), 0.0015907 secs] [Times: user=0.01 sys=0.00, real=0.01 secs] 
1261.723: [GC (Allocation Failure) [PSYoungGen: 60909K->1408K(61440K)] 436617K->377116K(572928K), 0.0028360 secs] [Times: user=0.02 sys=0.00, real=0.00 secs] 
1261.972: [GC (Allocation Failure) [PSYoungGen: 60800K->1312K(61440K)] 436508K->377020K(572928K), 0.0020301 secs] [Times: user=0.01 sys=0.00, real=0.00 secs] 
1262.219: [GC (Allocation Failure) [PSYoungGen: 60704K->1376K(61440K)] 436412K->377084K(572928K), 0.0020844 secs] [Times: user=0.01 sys=0.00, real=0.00 secs] 
1262.466: [GC (Allocation Failure) [PSYoungGen: 60768K->1312K(61440K)] 436476K->377020K(572928K), 0.0020791 secs] [Times: user=0.01 sys=0.00, real=0.00 secs] 
1262.753: [GC (Allocation Failure) [PSYoungGen: 60704K->1424K(61440K)] 436412K->377132K(572928K), 0.0016395 secs] [Times: user=0.00 sys=0.00, real=0.00 secs] 
1263.099: [GC (Allocation Failure) [PSYoungGen: 60816K->1552K(61440K)] 436524K->377260K(572928K), 0.0015911 secs] [Times: user=0.01 sys=0.00, real=0.00 secs] 
1263.443: [GC (Allocation Failure) [PSYoungGen: 60944K->1552K(61440K)] 436652K->377268K(572928K), 0.0016143 secs] [Times: user=0.01 sys=0.00, real=0.00 secs] 
1263.787: [GC (Allocation Failure) [PSYoungGen: 60944K->1597K(61440K)] 436660K->377313K(572928K), 0.0016340 secs] [Times: user=0.01 sys=0.00, real=0.00 secs] 
1264.181: [GC (Allocation Failure) [PSYoungGen: 60989K->1728K(61440K)] 436705K->377444K(572928K), 0.0018068 secs] [Times: user=0.01 sys=0.00, real=0.01 secs] 
1264.873: [GC (Allocation Failure) [PSYoungGen: 61120K->1344K(61440K)] 436836K->377060K(572928K), 0.0023902 secs] [Times: user=0.00 sys=0.00, real=0.00 secs] 
1265.547: [GC (Allocation Failure) [PSYoungGen: 60736K->1376K(61440K)] 436452K->377092K(572928K), 0.0022528 secs] [Times: user=0.01 sys=0.00, real=0.00 secs] 
1266.022: [GC (Allocation Failure) [PSYoungGen: 60768K->1344K(61440K)] 436484K->377068K(572928K), 0.0029924 secs] [Times: user=0.01 sys=0.00, real=0.00 secs] 
1266.538: [GC (Allocation Failure) [PSYoungGen: 60736K->1376K(61440K)] 436460K->377100K(572928K), 0.0023886 secs] [Times: user=0.01 sys=0.00, real=0.00 secs] 
1267.061: [GC (Allocation Failure) [PSYoungGen: 60768K->1440K(61440K)] 436492K->377164K(572928K), 0.0015159 secs] [Times: user=0.00 sys=0.00, real=0.01 secs] 
1267.460: [GC (Allocation Failure) [PSYoungGen: 60832K->1517K(61440K)] 436556K->377241K(572928K), 0.0017611 secs] [Times: user=0.01 sys=0.00, real=0.01 secs] 
1267.861: [GC (Allocation Failure) [PSYoungGen: 60909K->1517K(61440K)] 436633K->377249K(572928K), 0.0016677 secs] [Times: user=0.01 sys=0.00, real=0.01 secs] 
1268.208: [GC (Allocation Failure) [PSYoungGen: 60909K->1485K(61440K)] 436641K->377217K(572928K), 0.0016747 secs] [Times: user=0.00 sys=0.00, real=0.00 secs] 
1268.558: [GC (Allocation Failure) [PSYoungGen: 60877K->1424K(61440K)] 436609K->377156K(572928K), 0.0019446 secs] [Times: user=0.00 sys=0.00, real=0.00 secs] 
1268.966: [GC (Allocation Failure) [PSYoungGen: 60816K->1344K(61440K)] 436548K->377076K(572928K), 0.0022103 secs] [Times: user=0.01 sys=0.00, real=0.00 secs] 
1269.456: [GC (Allocation Failure) [PSYoungGen: 60736K->1408K(61440K)] 436468K->377140K(572928K), 0.0020439 secs] [Times: user=0.01 sys=0.00, real=0.00 secs] 
1270.016: [GC (Allocation Failure) [PSYoungGen: 60800K->1344K(61440K)] 436532K->377076K(572928K), 0.0021170 secs] [Times: user=0.01 sys=0.00, real=0.00 secs] 
1270.676: [GC (Allocation Failure) [PSYoungGen: 60736K->1344K(61440K)] 436468K->377076K(572928K), 0.0022308 secs] [Times: user=0.01 sys=0.00, real=0.00 secs] 
1271.143: [GC (Allocation Failure) [PSYoungGen: 60710K->1536K(61440K)] 436442K->377268K(572928K), 0.0016195 secs] [Times: user=0.01 sys=0.00, real=0.00 secs] 
1271.488: [GC (Allocation Failure) [PSYoungGen: 60928K->1517K(61440K)] 436660K->377265K(572928K), 0.0015821 secs] [Times: user=0.01 sys=0.00, real=0.00 secs] 
1271.886: [GC (Allocation Failure) [PSYoungGen: 60909K->1552K(61440K)] 436657K->377300K(572928K), 0.0016771 secs] [Times: user=0.01 sys=0.00, real=0.00 secs] 
1272.230: [GC (Allocation Failure) [PSYoungGen: 60944K->1520K(61440K)] 436692K->377284K(572928K), 0.0018771 secs] [Times: user=0.01 sys=0.00, real=0.01 secs] 
1272.596: [GC (Allocation Failure) [PSYoungGen: 60912K->1424K(61440K)] 436676K->377188K(572928K), 0.0021075 secs] [Times: user=0.01 sys=0.00, real=0.00 secs] 
1272.954: [GC (Allocation Failure) [PSYoungGen: 60816K->1344K(61440K)] 436580K->377108K(572928K), 0.0019501 secs] [Times: user=0.01 sys=0.00, real=0.00 secs] 
1273.263: [GC (Allocation Failure) [PSYoungGen: 60736K->1376K(61440K)] 436500K->377140K(572928K), 0.0020129 secs] [Times: user=0.01 sys=0.00, real=0.00 secs] 
1273.510: [GC (Allocation Failure) [PSYoungGen: 60768K->1312K(61440K)] 436532K->377076K(572928K), 0.0019738 secs] [Times: user=0.00 sys=0.00, real=0.00 secs] 
1273.756: [GC (Allocation Failure) [PSYoungGen: 60704K->1376K(61440K)] 436468K->377140K(572928K), 0.0019423 secs] [Times: user=0.01 sys=0.00, real=0.00 secs] 
1274.128: [GC (Allocation Failure) [PSYoungGen: 60745K->1501K(61440K)] 436509K->377265K(572928K), 0.0016324 secs] [Times: user=0.01 sys=0.00, real=0.00 secs] 
1274.473: [GC (Allocation Failure) [PSYoungGen: 60893K->1552K(61440K)] 436657K->377324K(572928K), 0.0016745 secs] [Times: user=0.00 sys=0.00, real=0.00 secs] 
1274.818: [GC (Allocation Failure) [PSYoungGen: 60944K->1520K(61440K)] 436716K->377292K(572928K), 0.0016149 secs] [Times: user=0.01 sys=0.00, real=0.00 secs] 
1275.162: [GC (Allocation Failure) [PSYoungGen: 60912K->1485K(61440K)] 436684K->377281K(572928K), 0.0016008 secs] [Times: user=0.00 sys=0.00, real=0.00 secs] 
1275.672: [GC (Allocation Failure) [PSYoungGen: 60877K->1392K(61440K)] 436673K->377188K(572928K), 0.0018673 secs] [Times: user=0.01 sys=0.00, real=0.00 secs] 
1276.232: [GC (Allocation Failure) [PSYoungGen: 60784K->1328K(61440K)] 436580K->377124K(572928K), 0.0025837 secs] [Times: user=0.01 sys=0.00, real=0.01 secs] 
1277.127: [GC (Allocation Failure) [PSYoungGen: 60720K->1376K(61440K)] 436516K->377172K(572928K), 0.0028320 secs] [Times: user=0.01 sys=0.00, real=0.00 secs] 
1278.044: [GC (Allocation Failure) [PSYoungGen: 60768K->1376K(61440K)] 436564K->377172K(572928K), 0.0038020 secs] [Times: user=0.02 sys=0.00, real=0.00 secs] 
1278.904: [GC (Allocation Failure) [PSYoungGen: 60768K->1376K(61440K)] 436564K->377172K(572928K), 0.0027463 secs] [Times: user=0.01 sys=0.00, real=0.00 secs] 
1279.396: [GC (Allocation Failure) [PSYoungGen: 60750K->1520K(61440K)] 436546K->377316K(572928K), 0.0016534 secs] [Times: user=0.00 sys=0.00, real=0.00 secs] 
1279.741: [GC (Allocation Failure) [PSYoungGen: 60912K->1488K(61440K)] 436708K->377292K(572928K), 0.0016432 secs] [Times: user=0.01 sys=0.00, real=0.01 secs] 
1280.086: [GC (Allocation Failure) [PSYoungGen: 60873K->1549K(61440K)] 436677K->377353K(572928K), 0.0016435 secs] [Times: user=0.00 sys=0.01, real=0.00 secs] 
1280.431: [GC (Allocation Failure) [PSYoungGen: 60941K->1517K(61440K)] 436745K->377321K(572928K), 0.0016353 secs] [Times: user=0.01 sys=0.00, real=0.01 secs] 
1280.775: [GC (Allocation Failure) [PSYoungGen: 60909K->1472K(61440K)] 436713K->377276K(572928K), 0.0019279 secs] [Times: user=0.01 sys=0.00, real=0.00 secs] 
1281.058: [GC (Allocation Failure) [PSYoungGen: 60864K->1376K(61440K)] 436668K->377180K(572928K), 0.0019308 secs] [Times: user=0.00 sys=0.00, real=0.00 secs] 
1281.414: [GC (Allocation Failure) [PSYoungGen: 60768K->1408K(61440K)] 436572K->377212K(572928K), 0.0019986 secs] [Times: user=0.01 sys=0.00, real=0.00 secs] 
1281.876: [GC (Allocation Failure) [PSYoungGen: 60800K->1344K(61440K)] 436604K->377148K(572928K), 0.0027780 secs] [Times: user=0.01 sys=0.00, real=0.00 secs] 
1282.457: [GC (Allocation Failure) [PSYoungGen: 60736K->1376K(61440K)] 436540K->377180K(572928K), 0.0033178 secs] [Times: user=0.01 sys=0.00, real=0.00 secs] 
1282.972: [GC (Allocation Failure) [PSYoungGen: 60745K->1549K(61440K)] 436549K->377353K(572928K), 0.0016568 secs] [Times: user=0.01 sys=0.00, real=0.00 secs] 
1283.319: [GC (Allocation Failure) [PSYoungGen: 60941K->1517K(61440K)] 436745K->377329K(572928K), 0.0015631 secs] [Times: user=0.00 sys=0.00, real=0.00 secs] 
1283.664: [GC (Allocation Failure) [PSYoungGen: 60891K->1552K(61440K)] 436703K->377364K(572928K), 0.0016926 secs] [Times: user=0.00 sys=0.00, real=0.00 secs] 
1284.009: [GC (Allocation Failure) [PSYoungGen: 60944K->1517K(61440K)] 436756K->377329K(572928K), 0.0016782 secs] [Times: user=0.01 sys=0.01, real=0.00 secs] 
1284.840: [GC (Allocation Failure) [PSYoungGen: 60909K->1408K(61440K)] 436721K->377220K(572928K), 0.0039936 secs] [Times: user=0.02 sys=0.00, real=0.01 secs] 
1285.481: [GC (Allocation Failure) [PSYoungGen: 60800K->1376K(61440K)] 436612K->377188K(572928K), 0.0024227 secs] [Times: user=0.01 sys=0.00, real=0.01 secs] 
1286.061: [GC (Allocation Failure) [PSYoungGen: 60768K->1376K(61440K)] 436580K->377204K(572928K), 0.0027594 secs] [Times: user=0.01 sys=0.00, real=0.01 secs] 
1286.658: [GC (Allocation Failure) [PSYoungGen: 60768K->1360K(61440K)] 436596K->377188K(572928K), 0.0024324 secs] [Times: user=0.01 sys=0.00, real=0.00 secs] 
1287.145: [GC (Allocation Failure) [PSYoungGen: 60720K->1453K(61440K)] 436548K->377281K(572928K), 0.0020620 secs] [Times: user=0.01 sys=0.00, real=0.00 secs] 
1287.513: [GC (Allocation Failure) [PSYoungGen: 60845K->1453K(61440K)] 436673K->377281K(572928K), 0.0015633 secs] [Times: user=0.00 sys=0.00, real=0.00 secs] 
1287.862: [GC (Allocation Failure) [PSYoungGen: 60845K->1517K(61440K)] 436673K->377353K(572928K), 0.0015792 secs] [Times: user=0.00 sys=0.00, real=0.00 secs] 
1288.209: [GC (Allocation Failure) [PSYoungGen: 60909K->1485K(61440K)] 436745K->377321K(572928K), 0.0015901 secs] [Times: user=0.00 sys=0.00, real=0.00 secs] 
1288.555: [GC (Allocation Failure) [PSYoungGen: 60877K->256K(61440K)] 436713K->376092K(572928K), 0.0014579 secs] [Times: user=0.01 sys=0.00, real=0.00 secs] 
1289.647: [GC (Allocation Failure) [PSYoungGen: 59648K->1376K(61440K)] 435484K->377212K(572928K), 0.0028529 secs] [Times: user=0.01 sys=0.00, real=0.00 secs] 
1290.302: [GC (Allocation Failure) [PSYoungGen: 60768K->1376K(61440K)] 436604K->377212K(572928K), 0.0027547 secs] [Times: user=0.01 sys=0.00, real=0.00 secs] 
1290.824: [GC (Allocation Failure) [PSYoungGen: 60768K->1344K(61440K)] 436604K->377180K(572928K), 0.0029407 secs] [Times: user=0.01 sys=0.00, real=0.00 secs] 
1291.342: [GC (Allocation Failure) [PSYoungGen: 60736K->1376K(61440K)] 436572K->377212K(572928K), 0.0023215 secs] [Times: user=0.00 sys=0.00, real=0.01 secs] 
1291.705: [GC (Allocation Failure) [PSYoungGen: 60745K->1453K(61440K)] 436581K->377289K(572928K), 0.0024333 secs] [Times: user=0.00 sys=0.00, real=0.00 secs] 
1292.171: [GC (Allocation Failure) [PSYoungGen: 60845K->1517K(61440K)] 436681K->377353K(572928K), 0.0016092 secs] [Times: user=0.01 sys=0.00, real=0.01 secs] 
1292.517: [GC (Allocation Failure) [PSYoungGen: 60909K->1520K(61440K)] 436745K->377364K(572928K), 0.0016422 secs] [Times: user=0.01 sys=0.00, real=0.00 secs] 
1292.918: [GC (Allocation Failure) [PSYoungGen: 60912K->1584K(61440K)] 436756K->377428K(572928K), 0.0016401 secs] [Times: user=0.00 sys=0.00, real=0.00 secs] 
1293.368: [GC (Allocation Failure) [PSYoungGen: 60976K->1984K(61440K)] 436820K->378340K(572928K), 0.0018192 secs] [Times: user=0.01 sys=0.00, real=0.00 secs] 
1293.857: [GC (Allocation Failure) [PSYoungGen: 61376K->1376K(61440K)] 437732K->377732K(572928K), 0.0036909 secs] [Times: user=0.02 sys=0.00, real=0.00 secs] 
1294.386: [GC (Allocation Failure) [PSYoungGen: 60768K->1408K(61440K)] 437124K->377764K(572928K), 0.0027776 secs] [Times: user=0.01 sys=0.00, real=0.00 secs] 
1294.913: [GC (Allocation Failure) [PSYoungGen: 60800K->1376K(61440K)] 437156K->377732K(572928K), 0.0025734 secs] [Times: user=0.01 sys=0.00, real=0.00 secs] 
1295.479: [GC (Allocation Failure) [PSYoungGen: 60768K->1408K(61440K)] 437124K->377764K(572928K), 0.0023678 secs] [Times: user=0.01 sys=0.00, real=0.00 secs] 
1295.957: [GC (Allocation Failure) [PSYoungGen: 60775K->1453K(61440K)] 437131K->377809K(572928K), 0.0015458 secs] [Times: user=0.00 sys=0.00, real=0.00 secs] 
1296.302: [GC (Allocation Failure) [PSYoungGen: 60845K->1581K(61440K)] 437201K->377945K(572928K), 0.0016140 secs] [Times: user=0.01 sys=0.00, real=0.00 secs] 
1296.652: [GC (Allocation Failure) [PSYoungGen: 60973K->1485K(61440K)] 437337K->377873K(572928K), 0.0015925 secs] [Times: user=0.00 sys=0.00, real=0.00 secs] 
1297.008: [GC (Allocation Failure) [PSYoungGen: 60877K->1533K(61440K)] 437265K->377921K(572928K), 0.0015706 secs] [Times: user=0.00 sys=0.00, real=0.00 secs] 
1297.344: [GC (Allocation Failure) [PSYoungGen: 60925K->1424K(61440K)] 437313K->377812K(572928K), 0.0017264 secs] [Times: user=0.01 sys=0.00, real=0.00 secs] 
1297.590: [GC (Allocation Failure) [PSYoungGen: 60816K->1344K(61440K)] 437204K->377732K(572928K), 0.0016033 secs] [Times: user=0.00 sys=0.00, real=0.01 secs] 
1297.837: [GC (Allocation Failure) [PSYoungGen: 60736K->1376K(61440K)] 437124K->377764K(572928K), 0.0018588 secs] [Times: user=0.00 sys=0.00, real=0.00 secs] 
1298.083: [GC (Allocation Failure) [PSYoungGen: 60768K->1408K(61440K)] 437156K->377796K(572928K), 0.0017532 secs] [Times: user=0.01 sys=0.00, real=0.00 secs] 
1298.347: [GC (Allocation Failure) [PSYoungGen: 60800K->1408K(61440K)] 437188K->377796K(572928K), 0.0016822 secs] [Times: user=0.00 sys=0.00, real=0.00 secs] 
1298.778: [GC (Allocation Failure) [PSYoungGen: 60776K->1453K(61440K)] 437164K->377841K(572928K), 0.0015474 secs] [Times: user=0.00 sys=0.00, real=0.00 secs] 
1299.124: [GC (Allocation Failure) [PSYoungGen: 60845K->1520K(61440K)] 437233K->377916K(572928K), 0.0016563 secs] [Times: user=0.01 sys=0.00, real=0.00 secs] 
1299.469: [GC (Allocation Failure) [PSYoungGen: 60912K->1520K(61440K)] 437308K->377916K(572928K), 0.0015556 secs] [Times: user=0.01 sys=0.00, real=0.00 secs] 
1299.814: [GC (Allocation Failure) [PSYoungGen: 60912K->1552K(61440K)] 437308K->377948K(572928K), 0.0016173 secs] [Times: user=0.00 sys=0.00, real=0.00 secs] 
1300.146: [GC (Allocation Failure) [PSYoungGen: 60944K->1472K(61440K)] 437340K->377868K(572928K), 0.0016135 secs] [Times: user=0.01 sys=0.00, real=0.00 secs] 
1300.533: [GC (Allocation Failure) [PSYoungGen: 60864K->1344K(61440K)] 437260K->377740K(572928K), 0.0018391 secs] [Times: user=0.01 sys=0.00, real=0.00 secs] 
1301.011: [GC (Allocation Failure) [PSYoungGen: 60736K->1376K(61440K)] 437132K->377772K(572928K), 0.0035440 secs] [Times: user=0.01 sys=0.00, real=0.01 secs] 
1301.547: [GC (Allocation Failure) [PSYoungGen: 60768K->1376K(61440K)] 437164K->377772K(572928K), 0.0026078 secs] [Times: user=0.01 sys=0.00, real=0.00 secs] 
1302.163: [GC (Allocation Failure) [PSYoungGen: 60768K->1344K(61440K)] 437164K->377740K(572928K), 0.0024656 secs] [Times: user=0.01 sys=0.00, real=0.00 secs] 
1302.644: [GC (Allocation Failure) [PSYoungGen: 60735K->1501K(61440K)] 437131K->377897K(572928K), 0.0015096 secs] [Times: user=0.00 sys=0.00, real=0.00 secs] 
1302.989: [GC (Allocation Failure) [PSYoungGen: 60893K->1549K(61440K)] 437289K->377961K(572928K), 0.0016345 secs] [Times: user=0.01 sys=0.01, real=0.00 secs] 
1303.332: [GC (Allocation Failure) [PSYoungGen: 60941K->1517K(61440K)] 437353K->377929K(572928K), 0.0015971 secs] [Times: user=0.01 sys=0.00, real=0.00 secs] 
1303.678: [GC (Allocation Failure) [PSYoungGen: 60909K->1517K(61440K)] 437321K->377929K(572928K), 0.0015874 secs] [Times: user=0.00 sys=0.00, real=0.00 secs] 
1304.034: [GC (Allocation Failure) [PSYoungGen: 60909K->1440K(61440K)] 437321K->377852K(572928K), 0.0019695 secs] [Times: user=0.01 sys=0.00, real=0.00 secs] 
1304.352: [GC (Allocation Failure) [PSYoungGen: 60832K->1360K(61440K)] 437244K->377772K(572928K), 0.0017661 secs] [Times: user=0.01 sys=0.00, real=0.00 secs] 
1304.857: [GC (Allocation Failure) [PSYoungGen: 60752K->1376K(61440K)] 437164K->377788K(572928K), 0.0021054 secs] [Times: user=0.01 sys=0.00, real=0.00 secs] 
1305.378: [GC (Allocation Failure) [PSYoungGen: 60768K->1328K(61440K)] 437180K->377756K(572928K), 0.0023571 secs] [Times: user=0.01 sys=0.00, real=0.00 secs] 
1305.978: [GC (Allocation Failure) [PSYoungGen: 60720K->1360K(61440K)] 437148K->377788K(572928K), 0.0021382 secs] [Times: user=0.00 sys=0.00, real=0.00 secs] 
1306.389: [GC (Allocation Failure) [PSYoungGen: 60752K->1472K(61440K)] 437180K->377900K(572928K), 0.0015709 secs] [Times: user=0.01 sys=0.00, real=0.00 secs] 
1306.734: [GC (Allocation Failure) [PSYoungGen: 60834K->1549K(61440K)] 437262K->377985K(572928K), 0.0016554 secs] [Times: user=0.01 sys=0.00, real=0.00 secs] 
1307.089: [GC (Allocation Failure) [PSYoungGen: 60941K->1488K(61440K)] 437377K->377924K(572928K), 0.0017645 secs] [Times: user=0.00 sys=0.00, real=0.00 secs] 
1307.437: [GC (Allocation Failure) [PSYoungGen: 60880K->1565K(61440K)] 437316K->378001K(572928K), 0.0016221 secs] [Times: user=0.00 sys=0.00, real=0.00 secs] 
1308.040: [GC (Allocation Failure) [PSYoungGen: 60957K->1344K(61440K)] 437393K->377780K(572928K), 0.0020182 secs] [Times: user=0.01 sys=0.00, real=0.00 secs] 
1308.307: [GC (Allocation Failure) [PSYoungGen: 60736K->1312K(61440K)] 437172K->377748K(572928K), 0.0020433 secs] [Times: user=0.01 sys=0.00, real=0.00 secs] 
1308.554: [GC (Allocation Failure) [PSYoungGen: 60704K->1344K(61440K)] 437140K->377780K(572928K), 0.0021473 secs] [Times: user=0.01 sys=0.00, real=0.00 secs] 
1308.831: [GC (Allocation Failure) [PSYoungGen: 60736K->1344K(61440K)] 437172K->377780K(572928K), 0.0020593 secs] [Times: user=0.00 sys=0.00, real=0.01 secs] 
1309.113: [GC (Allocation Failure) [PSYoungGen: 60735K->1389K(61440K)] 437171K->377825K(572928K), 0.0019715 secs] [Times: user=0.01 sys=0.00, real=0.00 secs] 
1309.477: [GC (Allocation Failure) [PSYoungGen: 60781K->1552K(61440K)] 437217K->377988K(572928K), 0.0015681 secs] [Times: user=0.00 sys=0.00, real=0.00 secs] 
1309.822: [GC (Allocation Failure) [PSYoungGen: 60944K->1552K(61440K)] 437380K->377996K(572928K), 0.0016362 secs] [Times: user=0.01 sys=0.00, real=0.00 secs] 
1310.167: [GC (Allocation Failure) [PSYoungGen: 60944K->1552K(61440K)] 437388K->377996K(572928K), 0.0015220 secs] [Times: user=0.01 sys=0.00, real=0.00 secs] 
1310.513: [GC (Allocation Failure) [PSYoungGen: 60944K->1517K(61440K)] 437388K->377961K(572928K), 0.0015522 secs] [Times: user=0.00 sys=0.00, real=0.00 secs] 
1310.866: [GC (Allocation Failure) [PSYoungGen: 60909K->1376K(61440K)] 437353K->377820K(572928K), 0.0017248 secs] [Times: user=0.01 sys=0.00, real=0.00 secs] 
1311.152: [GC (Allocation Failure) [PSYoungGen: 60768K->1328K(61440K)] 437212K->377772K(572928K), 0.0018517 secs] [Times: user=0.01 sys=0.00, real=0.01 secs] 
1311.430: [GC (Allocation Failure) [PSYoungGen: 60720K->1344K(61440K)] 437164K->377788K(572928K), 0.0017832 secs] [Times: user=0.01 sys=0.00, real=0.00 secs] 
1311.693: [GC (Allocation Failure) [PSYoungGen: 60736K->1312K(61440K)] 437180K->377756K(572928K), 0.0019095 secs] [Times: user=0.00 sys=0.00, real=0.00 secs] 
1311.993: [GC (Allocation Failure) [PSYoungGen: 60704K->1488K(61440K)] 437148K->377932K(572928K), 0.0016958 secs] [Times: user=0.01 sys=0.01, real=0.00 secs] 
1312.402: [GC (Allocation Failure) [PSYoungGen: 60880K->1565K(61440K)] 437324K->378009K(572928K), 0.0016677 secs] [Times: user=0.01 sys=0.00, real=0.00 secs] 
1312.748: [GC (Allocation Failure) [PSYoungGen: 60957K->1520K(61440K)] 437401K->377972K(572928K), 0.0016479 secs] [Times: user=0.01 sys=0.00, real=0.00 secs] 
1313.091: [GC (Allocation Failure) [PSYoungGen: 60912K->1549K(61440K)] 437364K->378001K(572928K), 0.0015915 secs] [Times: user=0.00 sys=0.00, real=0.01 secs] 
1313.472: [GC (Allocation Failure) [PSYoungGen: 60941K->2032K(61440K)] 437393K->378484K(572928K), 0.0019807 secs] [Times: user=0.01 sys=0.00, real=0.00 secs] 
1313.749: [GC (Allocation Failure) [PSYoungGen: 61424K->1344K(61440K)] 437876K->377796K(572928K), 0.0026272 secs] [Times: user=0.01 sys=0.00, real=0.01 secs] 
1314.077: [GC (Allocation Failure) [PSYoungGen: 60736K->1376K(61440K)] 437188K->377860K(572928K), 0.0021633 secs] [Times: user=0.01 sys=0.00, real=0.00 secs] 
1314.331: [GC (Allocation Failure) [PSYoungGen: 60768K->1376K(61440K)] 437252K->377860K(572928K), 0.0020094 secs] [Times: user=0.01 sys=0.00, real=0.01 secs] 
1314.656: [GC (Allocation Failure) [PSYoungGen: 60768K->1344K(61440K)] 437252K->377828K(572928K), 0.0019528 secs] [Times: user=0.01 sys=0.00, real=0.00 secs] 
1315.022: [GC (Allocation Failure) [PSYoungGen: 60724K->1485K(61440K)] 437208K->377969K(572928K), 0.0016692 secs] [Times: user=0.01 sys=0.00, real=0.00 secs] 
1315.368: [GC (Allocation Failure) [PSYoungGen: 60877K->1520K(61440K)] 437361K->378004K(572928K), 0.0016780 secs] [Times: user=0.00 sys=0.00, real=0.00 secs] 
1315.772: [GC (Allocation Failure) [PSYoungGen: 60912K->1485K(61440K)] 437396K->377977K(572928K), 0.0016462 secs] [Times: user=0.01 sys=0.00, real=0.00 secs] 
1316.174: [GC (Allocation Failure) [PSYoungGen: 60877K->1520K(61440K)] 437369K->378012K(572928K), 0.0016687 secs] [Times: user=0.01 sys=0.00, real=0.00 secs] 
1316.709: [GC (Allocation Failure) [PSYoungGen: 60912K->1424K(61440K)] 437404K->377916K(572928K), 0.0026411 secs] [Times: user=0.01 sys=0.00, real=0.00 secs] 
1317.293: [GC (Allocation Failure) [PSYoungGen: 60816K->1344K(61440K)] 437308K->377836K(572928K), 0.0038575 secs] [Times: user=0.01 sys=0.00, real=0.00 secs] 
1318.089: [GC (Allocation Failure) [PSYoungGen: 60736K->1376K(61440K)] 437228K->377868K(572928K), 0.0027063 secs] [Times: user=0.01 sys=0.00, real=0.01 secs] 
1318.707: [GC (Allocation Failure) [PSYoungGen: 60768K->1312K(61440K)] 437260K->377804K(572928K), 0.0026096 secs] [Times: user=0.01 sys=0.00, real=0.00 secs] 
1319.229: [GC (Allocation Failure) [PSYoungGen: 60704K->1392K(61440K)] 437196K->377884K(572928K), 0.0030724 secs] [Times: user=0.01 sys=0.00, real=0.01 secs] 
1319.800: [GC (Allocation Failure) [PSYoungGen: 60752K->1485K(61440K)] 437244K->377977K(572928K), 0.0014869 secs] [Times: user=0.01 sys=0.00, real=0.00 secs] 
1320.145: [GC (Allocation Failure) [PSYoungGen: 60877K->1584K(61440K)] 437369K->378084K(572928K), 0.0016364 secs] [Times: user=0.00 sys=0.00, real=0.00 secs] 
1320.490: [GC (Allocation Failure) [PSYoungGen: 60976K->1581K(61440K)] 437476K->378081K(572928K), 0.0016422 secs] [Times: user=0.01 sys=0.00, real=0.00 secs] 
1320.836: [GC (Allocation Failure) [PSYoungGen: 60973K->1581K(61440K)] 437473K->378081K(572928K), 0.0016273 secs] [Times: user=0.01 sys=0.00, real=0.00 secs] 
1321.389: [GC (Allocation Failure) [PSYoungGen: 60973K->1440K(61440K)] 437473K->377940K(572928K), 0.0017250 secs] [Times: user=0.01 sys=0.00, real=0.00 secs] 
1322.353: [GC (Allocation Failure) [PSYoungGen: 60832K->1376K(61440K)] 437332K->377876K(572928K), 0.0025684 secs] [Times: user=0.01 sys=0.00, real=0.00 secs] 
1322.693: [GC (Allocation Failure) [PSYoungGen: 60768K->1344K(61440K)] 437268K->377844K(572928K), 0.0020040 secs] [Times: user=0.01 sys=0.00, real=0.00 secs] 
1322.981: [GC (Allocation Failure) [PSYoungGen: 60736K->1376K(61440K)] 437236K->377876K(572928K), 0.0026809 secs] [Times: user=0.01 sys=0.00, real=0.01 secs] 
1323.265: [GC (Allocation Failure) [PSYoungGen: 60768K->1376K(61440K)] 437268K->377876K(572928K), 0.0023756 secs] [Times: user=0.01 sys=0.00, real=0.00 secs] 
1323.618: [GC (Allocation Failure) [PSYoungGen: 60768K->1488K(61440K)] 437268K->377988K(572928K), 0.0015333 secs] [Times: user=0.01 sys=0.00, real=0.00 secs] 
1323.964: [GC (Allocation Failure) [PSYoungGen: 60880K->1552K(61440K)] 437380K->378068K(572928K), 0.0016256 secs] [Times: user=0.01 sys=0.00, real=0.00 secs] 
1324.309: [GC (Allocation Failure) [PSYoungGen: 60944K->1581K(61440K)] 437460K->378097K(572928K), 0.0016223 secs] [Times: user=0.01 sys=0.00, real=0.00 secs] 
1324.655: [GC (Allocation Failure) [PSYoungGen: 60973K->1549K(61440K)] 437489K->378065K(572928K), 0.0016452 secs] [Times: user=0.01 sys=0.00, real=0.00 secs] 
1324.975: [GC (Allocation Failure) [PSYoungGen: 60941K->1392K(61440K)] 437457K->377908K(572928K), 0.0019222 secs] [Times: user=0.00 sys=0.01, real=0.00 secs] 
1325.237: [GC (Allocation Failure) [PSYoungGen: 60784K->1376K(61440K)] 437300K->377908K(572928K), 0.0017218 secs] [Times: user=0.01 sys=0.00, real=0.00 secs] 
1325.493: [GC (Allocation Failure) [PSYoungGen: 60768K->1376K(61440K)] 437300K->377908K(572928K), 0.0016843 secs] [Times: user=0.01 sys=0.00, real=0.00 secs] 
1325.755: [GC (Allocation Failure) [PSYoungGen: 60768K->1344K(61440K)] 437300K->377876K(572928K), 0.0018394 secs] [Times: user=0.01 sys=0.00, real=0.00 secs] 
1326.014: [GC (Allocation Failure) [PSYoungGen: 60736K->1344K(61440K)] 437268K->377876K(572928K), 0.0016423 secs] [Times: user=0.01 sys=0.00, real=0.00 secs] 
1326.367: [GC (Allocation Failure) [PSYoungGen: 60717K->1421K(61440K)] 437249K->377953K(572928K), 0.0016050 secs] [Times: user=0.01 sys=0.00, real=0.00 secs] 
1326.714: [GC (Allocation Failure) [PSYoungGen: 60813K->1549K(61440K)] 437345K->378089K(572928K), 0.0017716 secs] [Times: user=0.01 sys=0.00, real=0.00 secs] 
1327.061: [GC (Allocation Failure) [PSYoungGen: 60941K->1485K(61440K)] 437481K->378025K(572928K), 0.0017021 secs] [Times: user=0.01 sys=0.00, real=0.01 secs] 
1327.467: [GC (Allocation Failure) [PSYoungGen: 60877K->1517K(61440K)] 437417K->378057K(572928K), 0.0027273 secs] [Times: user=0.01 sys=0.00, real=0.00 secs] 
1327.916: [GC (Allocation Failure) [PSYoungGen: 60909K->1408K(61440K)] 437449K->377948K(572928K), 0.0022072 secs] [Times: user=0.01 sys=0.00, real=0.00 secs] 
1328.165: [GC (Allocation Failure) [PSYoungGen: 60800K->1376K(61440K)] 437340K->377916K(572928K), 0.0020819 secs] [Times: user=0.01 sys=0.00, real=0.00 secs] 
1328.420: [GC (Allocation Failure) [PSYoungGen: 60768K->1376K(61440K)] 437308K->377916K(572928K), 0.0021022 secs] [Times: user=0.01 sys=0.00, real=0.00 secs] 
1328.768: [GC (Allocation Failure) [PSYoungGen: 60768K->1376K(61440K)] 437308K->377916K(572928K), 0.0019950 secs] [Times: user=0.01 sys=0.00, real=0.00 secs] 
1329.072: [GC (Allocation Failure) [PSYoungGen: 60667K->272K(61440K)] 437207K->376812K(572928K), 0.0024535 secs] [Times: user=0.01 sys=0.00, real=0.01 secs] 
1329.548: [GC (Allocation Failure) [PSYoungGen: 59664K->1549K(61440K)] 436204K->378089K(572928K), 0.0016742 secs] [Times: user=0.01 sys=0.00, real=0.00 secs] 
1329.892: [GC (Allocation Failure) [PSYoungGen: 60941K->1520K(61440K)] 437481K->378068K(572928K), 0.0016237 secs] [Times: user=0.00 sys=0.00, real=0.00 secs] 
1330.236: [GC (Allocation Failure) [PSYoungGen: 60912K->1517K(61440K)] 437460K->378065K(572928K), 0.0016041 secs] [Times: user=0.00 sys=0.00, real=0.00 secs] 
1330.581: [GC (Allocation Failure) [PSYoungGen: 60909K->1565K(61440K)] 437457K->378113K(572928K), 0.0016466 secs] [Times: user=0.01 sys=0.00, real=0.01 secs] 
1331.517: [GC (Allocation Failure) [PSYoungGen: 60957K->1392K(61440K)] 437505K->377940K(572928K), 0.0031679 secs] [Times: user=0.01 sys=0.00, real=0.00 secs] 
1331.872: [GC (Allocation Failure) [PSYoungGen: 60784K->1408K(61440K)] 437332K->377956K(572928K), 0.0019332 secs] [Times: user=0.01 sys=0.00, real=0.00 secs] 
1332.121: [GC (Allocation Failure) [PSYoungGen: 60800K->1392K(61440K)] 437348K->377940K(572928K), 0.0019418 secs] [Times: user=0.01 sys=0.00, real=0.01 secs] 
1332.520: [GC (Allocation Failure) [PSYoungGen: 60784K->1376K(61440K)] 437332K->377924K(572928K), 0.0020445 secs] [Times: user=0.01 sys=0.00, real=0.01 secs] 
1333.049: [GC (Allocation Failure) [PSYoungGen: 60768K->1501K(61440K)] 437316K->378049K(572928K), 0.0023164 secs] [Times: user=0.01 sys=0.00, real=0.00 secs] 
1333.481: [GC (Allocation Failure) [PSYoungGen: 60893K->1485K(61440K)] 437441K->378033K(572928K), 0.0017011 secs] [Times: user=0.01 sys=0.00, real=0.01 secs] 
1333.825: [GC (Allocation Failure) [PSYoungGen: 60877K->1485K(61440K)] 437425K->378041K(572928K), 0.0015703 secs] [Times: user=0.00 sys=0.00, real=0.00 secs] 
1334.228: [GC (Allocation Failure) [PSYoungGen: 60877K->1552K(61440K)] 437433K->378108K(572928K), 0.0016601 secs] [Times: user=0.01 sys=0.00, real=0.00 secs] 
1334.621: [GC (Allocation Failure) [PSYoungGen: 60944K->1536K(61440K)] 437500K->378092K(572928K), 0.0016244 secs] [Times: user=0.01 sys=0.00, real=0.01 secs] 
1334.886: [GC (Allocation Failure) [PSYoungGen: 60928K->1376K(61440K)] 437484K->377932K(572928K), 0.0028419 secs] [Times: user=0.02 sys=0.00, real=0.00 secs] 
1335.162: [GC (Allocation Failure) [PSYoungGen: 60768K->1344K(61440K)] 437324K->377924K(572928K), 0.0020084 secs] [Times: user=0.01 sys=0.00, real=0.00 secs] 
1335.461: [GC (Allocation Failure) [PSYoungGen: 60736K->1376K(61440K)] 437316K->377964K(572928K), 0.0020108 secs] [Times: user=0.01 sys=0.00, real=0.01 secs] 
1335.742: [GC (Allocation Failure) [PSYoungGen: 60768K->1408K(61440K)] 437356K->377996K(572928K), 0.0019130 secs] [Times: user=0.00 sys=0.00, real=0.00 secs] 
1336.072: [GC (Allocation Failure) [PSYoungGen: 60800K->1456K(61440K)] 437388K->378044K(572928K), 0.0016514 secs] [Times: user=0.01 sys=0.00, real=0.00 secs] 
1336.419: [GC (Allocation Failure) [PSYoungGen: 60848K->1533K(61440K)] 437436K->378121K(572928K), 0.0015594 secs] [Times: user=0.00 sys=0.00, real=0.00 secs] 
1336.763: [GC (Allocation Failure) [PSYoungGen: 60925K->1517K(61440K)] 437513K->378113K(572928K), 0.0016014 secs] [Times: user=0.00 sys=0.00, real=0.00 secs] 
1337.110: [GC (Allocation Failure) [PSYoungGen: 60909K->1517K(61440K)] 437505K->378113K(572928K), 0.0015598 secs] [Times: user=0.01 sys=0.00, real=0.00 secs] 
1337.555: [GC (Allocation Failure) [PSYoungGen: 60909K->1408K(61440K)] 437505K->378004K(572928K), 0.0018613 secs] [Times: user=0.00 sys=0.00, real=0.00 secs] 
1338.184: [GC (Allocation Failure) [PSYoungGen: 60800K->1376K(61440K)] 437396K->377972K(572928K), 0.0026126 secs] [Times: user=0.01 sys=0.00, real=0.00 secs] 
1338.510: [GC (Allocation Failure) [PSYoungGen: 60768K->1376K(61440K)] 437364K->377972K(572928K), 0.0028616 secs] [Times: user=0.01 sys=0.00, real=0.01 secs] 
1338.756: [GC (Allocation Failure) [PSYoungGen: 60768K->1408K(61440K)] 437364K->378004K(572928K), 0.0018448 secs] [Times: user=0.00 sys=0.00, real=0.00 secs] 
1339.028: [GC (Allocation Failure) [PSYoungGen: 60800K->1408K(61440K)] 437396K->378004K(572928K), 0.0018023 secs] [Times: user=0.00 sys=0.00, real=0.00 secs] 
1339.398: [GC (Allocation Failure) [PSYoungGen: 60769K->1485K(61440K)] 437365K->378081K(572928K), 0.0016422 secs] [Times: user=0.01 sys=0.00, real=0.00 secs] 
1339.744: [GC (Allocation Failure) [PSYoungGen: 60877K->1549K(61440K)] 437473K->378153K(572928K), 0.0016453 secs] [Times: user=0.01 sys=0.00, real=0.00 secs] 
1340.087: [GC (Allocation Failure) [PSYoungGen: 60941K->1520K(61440K)] 437545K->378124K(572928K), 0.0015570 secs] [Times: user=0.01 sys=0.00, real=0.00 secs] 
1340.438: [GC (Allocation Failure) [PSYoungGen: 60912K->1549K(61440K)] 437516K->378153K(572928K), 0.0017304 secs] [Times: user=0.01 sys=0.00, real=0.00 secs] 
1341.206: [GC (Allocation Failure) [PSYoungGen: 60941K->1472K(61440K)] 437545K->378076K(572928K), 0.0033968 secs] [Times: user=0.01 sys=0.00, real=0.00 secs] 
1342.440: [GC (Allocation Failure) [PSYoungGen: 60864K->1408K(61440K)] 437468K->378012K(572928K), 0.0031596 secs] [Times: user=0.01 sys=0.00, real=0.01 secs] 
1343.345: [GC (Allocation Failure) [PSYoungGen: 60800K->1408K(61440K)] 437404K->378012K(572928K), 0.0030186 secs] [Times: user=0.02 sys=0.00, real=0.00 secs] 
1344.163: [GC (Allocation Failure) [PSYoungGen: 60800K->1376K(61440K)] 437404K->377980K(572928K), 0.0029987 secs] [Times: user=0.01 sys=0.00, real=0.00 secs] 
1345.035: [GC (Allocation Failure) [PSYoungGen: 60768K->1344K(61440K)] 437372K->377948K(572928K), 0.0025524 secs] [Times: user=0.01 sys=0.00, real=0.00 secs] 
1345.850: [GC (Allocation Failure) [PSYoungGen: 60736K->1488K(61440K)] 437340K->378092K(572928K), 0.0017009 secs] [Times: user=0.01 sys=0.00, real=0.00 secs] 
1346.196: [GC (Allocation Failure) [PSYoungGen: 60848K->1549K(61440K)] 437452K->378169K(572928K), 0.0017022 secs] [Times: user=0.01 sys=0.00, real=0.00 secs] 
1346.540: [GC (Allocation Failure) [PSYoungGen: 60941K->1584K(61440K)] 437561K->378204K(572928K), 0.0016175 secs] [Times: user=0.01 sys=0.00, real=0.00 secs] 
1346.885: [GC (Allocation Failure) [PSYoungGen: 60976K->1552K(61440K)] 437596K->378172K(572928K), 0.0016628 secs] [Times: user=0.01 sys=0.00, real=0.00 secs] 
1347.402: [GC (Allocation Failure) [PSYoungGen: 60944K->1440K(61440K)] 437564K->378060K(572928K), 0.0020673 secs] [Times: user=0.01 sys=0.00, real=0.01 secs] 
1348.012: [GC (Allocation Failure) [PSYoungGen: 60832K->1376K(61440K)] 437452K->378020K(572928K), 0.0032934 secs] [Times: user=0.01 sys=0.00, real=0.01 secs] 
1348.552: [GC (Allocation Failure) [PSYoungGen: 60768K->1376K(61440K)] 437412K->378020K(572928K), 0.0020925 secs] [Times: user=0.01 sys=0.00, real=0.00 secs] 
1348.799: [GC (Allocation Failure) [PSYoungGen: 60768K->1344K(61440K)] 437412K->377988K(572928K), 0.0019509 secs] [Times: user=0.01 sys=0.00, real=0.00 secs] 
1349.061: [GC (Allocation Failure) [PSYoungGen: 60736K->1376K(61440K)] 437380K->378020K(572928K), 0.0019559 secs] [Times: user=0.01 sys=0.00, real=0.01 secs] 
1349.409: [GC (Allocation Failure) [PSYoungGen: 60768K->1517K(61440K)] 437412K->378161K(572928K), 0.0015926 secs] [Times: user=0.00 sys=0.00, real=0.00 secs] 
1349.755: [GC (Allocation Failure) [PSYoungGen: 60909K->1517K(61440K)] 437553K->378177K(572928K), 0.0015921 secs] [Times: user=0.00 sys=0.00, real=0.00 secs] 
1350.099: [GC (Allocation Failure) [PSYoungGen: 60909K->1549K(61440K)] 437569K->378209K(572928K), 0.0015971 secs] [Times: user=0.01 sys=0.00, real=0.00 secs] 
1350.444: [GC (Allocation Failure) [PSYoungGen: 60941K->1520K(61440K)] 437601K->378180K(572928K), 0.0017471 secs] [Times: user=0.01 sys=0.00, real=0.00 secs] 
1350.750: [GC (Allocation Failure) [PSYoungGen: 60912K->1456K(61440K)] 437572K->378116K(572928K), 0.0017339 secs] [Times: user=0.01 sys=0.00, real=0.01 secs] 
1350.997: [GC (Allocation Failure) [PSYoungGen: 60848K->1360K(61440K)] 437508K->378020K(572928K), 0.0017785 secs] [Times: user=0.01 sys=0.00, real=0.00 secs] 
1351.244: [GC (Allocation Failure) [PSYoungGen: 60752K->1440K(61440K)] 437412K->378100K(572928K), 0.0016326 secs] [Times: user=0.01 sys=0.00, real=0.00 secs] 
1351.490: [GC (Allocation Failure) [PSYoungGen: 60832K->1408K(61440K)] 437492K->378068K(572928K), 0.0017697 secs] [Times: user=0.00 sys=0.00, real=0.01 secs] 
1351.737: [GC (Allocation Failure) [PSYoungGen: 60800K->1376K(61440K)] 437460K->378036K(572928K), 0.0017738 secs] [Times: user=0.01 sys=0.00, real=0.00 secs] 
1352.104: [GC (Allocation Failure) [PSYoungGen: 60768K->1517K(61440K)] 437428K->378177K(572928K), 0.0022787 secs] [Times: user=0.01 sys=0.00, real=0.00 secs] 
1352.452: [GC (Allocation Failure) [PSYoungGen: 60905K->1549K(61440K)] 437565K->378225K(572928K), 0.0017314 secs] [Times: user=0.00 sys=0.00, real=0.01 secs] 
1352.798: [GC (Allocation Failure) [PSYoungGen: 60941K->1581K(61440K)] 437617K->378257K(572928K), 0.0016136 secs] [Times: user=0.01 sys=0.00, real=0.00 secs] 
1353.143: [GC (Allocation Failure) [PSYoungGen: 60973K->1517K(61440K)] 437649K->378193K(572928K), 0.0015633 secs] [Times: user=0.01 sys=0.00, real=0.00 secs] 
1353.434: [GC (Allocation Failure) [PSYoungGen: 60909K->1424K(61440K)] 437585K->378100K(572928K), 0.0017358 secs] [Times: user=0.01 sys=0.00, real=0.00 secs] 
1353.680: [GC (Allocation Failure) [PSYoungGen: 60816K->1392K(61440K)] 437492K->378100K(572928K), 0.0016892 secs] [Times: user=0.01 sys=0.00, real=0.01 secs] 
1353.927: [GC (Allocation Failure) [PSYoungGen: 60784K->1408K(61440K)] 437492K->378140K(572928K), 0.0018221 secs] [Times: user=0.01 sys=0.00, real=0.00 secs] 
1354.235: [GC (Allocation Failure) [PSYoungGen: 60800K->1360K(61440K)] 437532K->378092K(572928K), 0.0017996 secs] [Times: user=0.01 sys=0.00, real=0.00 secs] 
1354.693: [GC (Allocation Failure) [PSYoungGen: 60752K->1453K(61440K)] 437484K->378185K(572928K), 0.0016557 secs] [Times: user=0.01 sys=0.01, real=0.00 secs] 
1355.040: [GC (Allocation Failure) [PSYoungGen: 60845K->1488K(61440K)] 437577K->378220K(572928K), 0.0015586 secs] [Times: user=0.00 sys=0.00, real=0.00 secs] 
1355.385: [GC (Allocation Failure) [PSYoungGen: 60880K->1485K(61440K)] 437612K->378233K(572928K), 0.0015796 secs] [Times: user=0.00 sys=0.00, real=0.00 secs] 
1355.731: [GC (Allocation Failure) [PSYoungGen: 60877K->1485K(61440K)] 437625K->378233K(572928K), 0.0015876 secs] [Times: user=0.01 sys=0.00, real=0.01 secs] 
1356.075: [GC (Allocation Failure) [PSYoungGen: 60877K->413K(61440K)] 437625K->377161K(572928K), 0.0016275 secs] [Times: user=0.01 sys=0.00, real=0.00 secs] 
1356.841: [GC (Allocation Failure) [PSYoungGen: 59805K->1408K(61440K)] 436553K->378156K(572928K), 0.0025070 secs] [Times: user=0.01 sys=0.00, real=0.01 secs] 
1357.451: [GC (Allocation Failure) [PSYoungGen: 60800K->1376K(61440K)] 437548K->378124K(572928K), 0.0023907 secs] [Times: user=0.01 sys=0.00, real=0.01 secs] 
1358.270: [GC (Allocation Failure) [PSYoungGen: 60768K->1344K(61440K)] 437516K->378092K(572928K), 0.0026101 secs] [Times: user=0.01 sys=0.00, real=0.01 secs] 
1359.160: [GC (Allocation Failure) [PSYoungGen: 60736K->1360K(61440K)] 437484K->378108K(572928K), 0.0034579 secs] [Times: user=0.02 sys=0.00, real=0.01 secs] 
1360.222: [GC (Allocation Failure) [PSYoungGen: 60734K->1472K(61440K)] 437482K->378220K(572928K), 0.0020103 secs] [Times: user=0.01 sys=0.00, real=0.01 secs] 
1360.583: [GC (Allocation Failure) [PSYoungGen: 60864K->1520K(61440K)] 437612K->378268K(572928K), 0.0017880 secs] [Times: user=0.01 sys=0.00, real=0.00 secs] 
1360.927: [GC (Allocation Failure) [PSYoungGen: 60912K->1520K(61440K)] 437660K->378276K(572928K), 0.0016381 secs] [Times: user=0.00 sys=0.00, real=0.00 secs] 
1361.325: [GC (Allocation Failure) [PSYoungGen: 60912K->1517K(61440K)] 437668K->378273K(572928K), 0.0016382 secs] [Times: user=0.01 sys=0.00, real=0.00 secs] 
1361.731: [GC (Allocation Failure) [PSYoungGen: 60909K->2016K(61440K)] 437665K->378772K(572928K), 0.0019686 secs] [Times: user=0.00 sys=0.00, real=0.01 secs] 
1362.295: [GC (Allocation Failure) [PSYoungGen: 61408K->1376K(61440K)] 438164K->378132K(572928K), 0.0022250 secs] [Times: user=0.00 sys=0.00, real=0.00 secs] 
1362.730: [GC (Allocation Failure) [PSYoungGen: 60768K->1312K(61440K)] 437524K->378068K(572928K), 0.0018223 secs] [Times: user=0.01 sys=0.00, real=0.01 secs] 
1363.631: [GC (Allocation Failure) [PSYoungGen: 60704K->1344K(61440K)] 437460K->378100K(572928K), 0.0021375 secs] [Times: user=0.00 sys=0.00, real=0.01 secs] 
1364.506: [GC (Allocation Failure) [PSYoungGen: 60736K->1344K(61440K)] 437492K->378100K(572928K), 0.0023975 secs] [Times: user=0.02 sys=0.00, real=0.00 secs] 
1365.441: [GC (Allocation Failure) [PSYoungGen: 60736K->1517K(61440K)] 437492K->378273K(572928K), 0.0016726 secs] [Times: user=0.01 sys=0.00, real=0.01 secs] 
1365.841: [GC (Allocation Failure) [PSYoungGen: 60909K->1549K(61440K)] 437665K->378305K(572928K), 0.0016601 secs] [Times: user=0.00 sys=0.00, real=0.01 secs] 
1366.186: [GC (Allocation Failure) [PSYoungGen: 60941K->1613K(61440K)] 437697K->378385K(572928K), 0.0016710 secs] [Times: user=0.01 sys=0.00, real=0.00 secs] 
1366.531: [GC (Allocation Failure) [PSYoungGen: 61005K->1549K(61440K)] 437777K->378321K(572928K), 0.0016698 secs] [Times: user=0.01 sys=0.00, real=0.01 secs] 
1366.881: [GC (Allocation Failure) [PSYoungGen: 60941K->1456K(61440K)] 437713K->378228K(572928K), 0.0021104 secs] [Times: user=0.00 sys=0.00, real=0.01 secs] 
1367.128: [GC (Allocation Failure) [PSYoungGen: 60848K->1344K(61440K)] 437620K->378132K(572928K), 0.0020239 secs] [Times: user=0.01 sys=0.00, real=0.00 secs] 
1367.375: [GC (Allocation Failure) [PSYoungGen: 60736K->1408K(61440K)] 437524K->378196K(572928K), 0.0019973 secs] [Times: user=0.01 sys=0.00, real=0.00 secs] 
1367.622: [GC (Allocation Failure) [PSYoungGen: 60800K->1312K(61440K)] 437588K->378100K(572928K), 0.0017929 secs] [Times: user=0.01 sys=0.00, real=0.00 secs] 
1367.869: [GC (Allocation Failure) [PSYoungGen: 60704K->1312K(61440K)] 437492K->378100K(572928K), 0.0019443 secs] [Times: user=0.00 sys=0.00, real=0.00 secs] 
1368.222: [GC (Allocation Failure) [PSYoungGen: 60704K->1472K(61440K)] 437492K->378260K(572928K), 0.0015574 secs] [Times: user=0.01 sys=0.00, real=0.01 secs] 
1368.574: [GC (Allocation Failure) [PSYoungGen: 60864K->1517K(61440K)] 437652K->378321K(572928K), 0.0016210 secs] [Times: user=0.01 sys=0.00, real=0.00 secs] 
1368.922: [GC (Allocation Failure) [PSYoungGen: 60909K->1581K(61440K)] 437713K->378385K(572928K), 0.0016108 secs] [Times: user=0.01 sys=0.00, real=0.00 secs] 
1369.268: [GC (Allocation Failure) [PSYoungGen: 60973K->1520K(61440K)] 437777K->378324K(572928K), 0.0016179 secs] [Times: user=0.01 sys=0.00, real=0.00 secs] 
1369.780: [GC (Allocation Failure) [PSYoungGen: 60912K->1472K(61440K)] 437716K->378276K(572928K), 0.0020284 secs] [Times: user=0.01 sys=0.00, real=0.01 secs] 
1370.332: [GC (Allocation Failure) [PSYoungGen: 60864K->1376K(61440K)] 437668K->378180K(572928K), 0.0019586 secs] [Times: user=0.00 sys=0.00, real=0.01 secs] 
1370.845: [GC (Allocation Failure) [PSYoungGen: 60768K->1376K(61440K)] 437572K->378180K(572928K), 0.0023741 secs] [Times: user=0.01 sys=0.00, real=0.00 secs] 
1371.095: [GC (Allocation Failure) [PSYoungGen: 60768K->1344K(61440K)] 437572K->378148K(572928K), 0.0020049 secs] [Times: user=0.00 sys=0.00, real=0.00 secs] 
1371.378: [GC (Allocation Failure) [PSYoungGen: 60736K->1376K(61440K)] 437540K->378180K(572928K), 0.0019920 secs] [Times: user=0.01 sys=0.00, real=0.00 secs] 
1371.831: [GC (Allocation Failure) [PSYoungGen: 60768K->1517K(61440K)] 437572K->378321K(572928K), 0.0016024 secs] [Times: user=0.01 sys=0.00, real=0.01 secs] 
1372.177: [GC (Allocation Failure) [PSYoungGen: 60909K->1549K(61440K)] 437713K->378361K(572928K), 0.0016939 secs] [Times: user=0.00 sys=0.00, real=0.00 secs] 
1372.523: [GC (Allocation Failure) [PSYoungGen: 60941K->1581K(61440K)] 437753K->378393K(572928K), 0.0016873 secs] [Times: user=0.00 sys=0.00, real=0.00 secs] 
1372.868: [GC (Allocation Failure) [PSYoungGen: 60973K->1581K(61440K)] 437785K->378393K(572928K), 0.0015933 secs] [Times: user=0.01 sys=0.00, real=0.00 secs] 
1373.395: [GC (Allocation Failure) [PSYoungGen: 60973K->1392K(61440K)] 437785K->378204K(572928K), 0.0030467 secs] [Times: user=0.01 sys=0.00, real=0.00 secs] 
1373.897: [GC (Allocation Failure) [PSYoungGen: 60784K->1376K(61440K)] 437596K->378188K(572928K), 0.0025027 secs] [Times: user=0.01 sys=0.00, real=0.00 secs] 
1374.294: [GC (Allocation Failure) [PSYoungGen: 60768K->1376K(61440K)] 437580K->378188K(572928K), 0.0020807 secs] [Times: user=0.01 sys=0.00, real=0.00 secs] 
1374.677: [GC (Allocation Failure) [PSYoungGen: 60768K->1376K(61440K)] 437580K->378188K(572928K), 0.0042071 secs] [Times: user=0.02 sys=0.00, real=0.00 secs] 
1375.129: [GC (Allocation Failure) [PSYoungGen: 60768K->1376K(61440K)] 437580K->378188K(572928K), 0.0029026 secs] [Times: user=0.01 sys=0.00, real=0.01 secs] 
1375.610: [GC (Allocation Failure) [PSYoungGen: 60746K->1456K(61440K)] 437559K->378284K(572928K), 0.0015925 secs] [Times: user=0.01 sys=0.00, real=0.00 secs] 
1375.955: [GC (Allocation Failure) [PSYoungGen: 60848K->1520K(61440K)] 437676K->378356K(572928K), 0.0016101 secs] [Times: user=0.01 sys=0.00, real=0.00 secs] 
1376.303: [GC (Allocation Failure) [PSYoungGen: 60912K->1549K(61440K)] 437748K->378385K(572928K), 0.0015942 secs] [Times: user=0.00 sys=0.00, real=0.00 secs] 
1376.647: [GC (Allocation Failure) [PSYoungGen: 60941K->1549K(61440K)] 437777K->378385K(572928K), 0.0015972 secs] [Times: user=0.01 sys=0.00, real=0.00 secs] 
1376.943: [GC (Allocation Failure) [PSYoungGen: 60941K->1440K(61440K)] 437777K->378276K(572928K), 0.0017181 secs] [Times: user=0.01 sys=0.00, real=0.00 secs] 
1377.190: [GC (Allocation Failure) [PSYoungGen: 60832K->1312K(61440K)] 437668K->378148K(572928K), 0.0018545 secs] [Times: user=0.01 sys=0.00, real=0.00 secs] 
1377.438: [GC (Allocation Failure) [PSYoungGen: 60704K->1344K(61440K)] 437540K->378180K(572928K), 0.0019037 secs] [Times: user=0.01 sys=0.00, real=0.00 secs] 
1377.826: [GC (Allocation Failure) [PSYoungGen: 60736K->1312K(61440K)] 437572K->378148K(572928K), 0.0029129 secs] [Times: user=0.01 sys=0.00, real=0.00 secs] 
1378.355: [GC (Allocation Failure) [PSYoungGen: 60704K->1437K(61440K)] 437540K->378273K(572928K), 0.0023845 secs] [Times: user=0.01 sys=0.00, real=0.00 secs] 
1378.822: [GC (Allocation Failure) [PSYoungGen: 60829K->1552K(61440K)] 437665K->378388K(572928K), 0.0016528 secs] [Times: user=0.00 sys=0.00, real=0.00 secs] 
1379.173: [GC (Allocation Failure) [PSYoungGen: 60944K->1485K(61440K)] 437780K->378329K(572928K), 0.0016826 secs] [Times: user=0.01 sys=0.00, real=0.00 secs] 
1379.517: [GC (Allocation Failure) [PSYoungGen: 60877K->1584K(61440K)] 437721K->378428K(572928K), 0.0016792 secs] [Times: user=0.01 sys=0.00, real=0.00 secs] 
1379.862: [GC (Allocation Failure) [PSYoungGen: 60976K->1549K(61440K)] 437820K->378393K(572928K), 0.0015945 secs] [Times: user=0.01 sys=0.00, real=0.00 secs] 
1380.134: [GC (Allocation Failure) [PSYoungGen: 60941K->1376K(61440K)] 437785K->378220K(572928K), 0.0026463 secs] [Times: user=0.01 sys=0.00, real=0.00 secs] 
1380.379: [GC (Allocation Failure) [PSYoungGen: 60768K->1376K(61440K)] 437612K->378220K(572928K), 0.0019620 secs] [Times: user=0.00 sys=0.00, real=0.00 secs] 
1380.627: [GC (Allocation Failure) [PSYoungGen: 60768K->1408K(61440K)] 437612K->378252K(572928K), 0.0027172 secs] [Times: user=0.01 sys=0.00, real=0.00 secs] 
1381.095: [GC (Allocation Failure) [PSYoungGen: 60800K->1376K(61440K)] 437644K->378220K(572928K), 0.0032111 secs] [Times: user=0.01 sys=0.01, real=0.00 secs] 
1381.655: [GC (Allocation Failure) [PSYoungGen: 60742K->1421K(61440K)] 437586K->378265K(572928K), 0.0019580 secs] [Times: user=0.01 sys=0.00, real=0.00 secs] 
1382.022: [GC (Allocation Failure) [PSYoungGen: 60813K->1488K(61440K)] 437657K->378332K(572928K), 0.0017496 secs] [Times: user=0.00 sys=0.00, real=0.01 secs] 
1382.367: [GC (Allocation Failure) [PSYoungGen: 60880K->1517K(61440K)] 437724K->378369K(572928K), 0.0016235 secs] [Times: user=0.00 sys=0.00, real=0.00 secs] 
1382.716: [GC (Allocation Failure) [PSYoungGen: 60909K->1456K(61440K)] 437761K->378308K(572928K), 0.0016174 secs] [Times: user=0.00 sys=0.00, real=0.00 secs] 
1383.077: [GC (Allocation Failure) [PSYoungGen: 60848K->1696K(61440K)] 437700K->378548K(572928K), 0.0017860 secs] [Times: user=0.01 sys=0.00, real=0.00 secs] 
1383.377: [GC (Allocation Failure) [PSYoungGen: 61088K->1376K(61440K)] 437940K->378228K(572928K), 0.0017432 secs] [Times: user=0.01 sys=0.00, real=0.00 secs] 
1383.624: [GC (Allocation Failure) [PSYoungGen: 60768K->1376K(61440K)] 437620K->378228K(572928K), 0.0017500 secs] [Times: user=0.01 sys=0.00, real=0.00 secs] 
1383.871: [GC (Allocation Failure) [PSYoungGen: 60768K->1344K(61440K)] 437620K->378196K(572928K), 0.0017678 secs] [Times: user=0.01 sys=0.00, real=0.01 secs] 
1384.118: [GC (Allocation Failure) [PSYoungGen: 60736K->1344K(61440K)] 437588K->378220K(572928K), 0.0017255 secs] [Times: user=0.01 sys=0.00, real=0.00 secs] 
1384.474: [GC (Allocation Failure) [PSYoungGen: 60713K->1421K(61440K)] 437590K->378297K(572928K), 0.0021142 secs] [Times: user=0.01 sys=0.00, real=0.00 secs] 
1384.854: [GC (Allocation Failure) [PSYoungGen: 60813K->1517K(61440K)] 437689K->378393K(572928K), 0.0015731 secs] [Times: user=0.01 sys=0.00, real=0.00 secs] 
1385.197: [GC (Allocation Failure) [PSYoungGen: 60909K->1517K(61440K)] 437785K->378401K(572928K), 0.0016024 secs] [Times: user=0.01 sys=0.00, real=0.00 secs] 
1385.541: [GC (Allocation Failure) [PSYoungGen: 60909K->1520K(61440K)] 437793K->378404K(572928K), 0.0016329 secs] [Times: user=0.00 sys=0.00, real=0.01 secs] 
1385.883: [GC (Allocation Failure) [PSYoungGen: 60912K->1424K(61440K)] 437796K->378308K(572928K), 0.0019078 secs] [Times: user=0.01 sys=0.00, real=0.00 secs] 
1386.192: [GC (Allocation Failure) [PSYoungGen: 60816K->1360K(61440K)] 437700K->378244K(572928K), 0.0022451 secs] [Times: user=0.01 sys=0.00, real=0.01 secs] 
1386.499: [GC (Allocation Failure) [PSYoungGen: 60752K->1344K(61440K)] 437636K->378228K(572928K), 0.0021140 secs] [Times: user=0.01 sys=0.00, real=0.00 secs] 
1386.747: [GC (Allocation Failure) [PSYoungGen: 60736K->1312K(61440K)] 437620K->378196K(572928K), 0.0019585 secs] [Times: user=0.01 sys=0.01, real=0.00 secs] 
1386.993: [GC (Allocation Failure) [PSYoungGen: 60704K->1408K(61440K)] 437588K->378292K(572928K), 0.0020268 secs] [Times: user=0.01 sys=0.00, real=0.00 secs] 
1387.318: [GC (Allocation Failure) [PSYoungGen: 60800K->1421K(61440K)] 437684K->378305K(572928K), 0.0016887 secs] [Times: user=0.01 sys=0.00, real=0.00 secs] 
1387.668: [GC (Allocation Failure) [PSYoungGen: 60811K->1520K(61440K)] 437696K->378420K(572928K), 0.0017077 secs] [Times: user=0.01 sys=0.00, real=0.00 secs] 
1388.014: [GC (Allocation Failure) [PSYoungGen: 60912K->1552K(61440K)] 437812K->378452K(572928K), 0.0015969 secs] [Times: user=0.01 sys=0.00, real=0.00 secs] 
1388.359: [GC (Allocation Failure) [PSYoungGen: 60944K->1488K(61440K)] 437844K->378388K(572928K), 0.0015601 secs] [Times: user=0.01 sys=0.00, real=0.00 secs] 
1388.824: [GC (Allocation Failure) [PSYoungGen: 60880K->1440K(61440K)] 437780K->378340K(572928K), 0.0018214 secs] [Times: user=0.01 sys=0.01, real=0.00 secs] 
1389.320: [GC (Allocation Failure) [PSYoungGen: 60832K->1376K(61440K)] 437732K->378276K(572928K), 0.0017594 secs] [Times: user=0.01 sys=0.00, real=0.00 secs] 
1389.822: [GC (Allocation Failure) [PSYoungGen: 60768K->1360K(61440K)] 437668K->378260K(572928K), 0.0017796 secs] [Times: user=0.00 sys=0.00, real=0.01 secs] 
1390.223: [GC (Allocation Failure) [PSYoungGen: 60752K->1376K(61440K)] 437652K->378276K(572928K), 0.0019014 secs] [Times: user=0.01 sys=0.00, real=0.00 secs] 
1390.470: [GC (Allocation Failure) [PSYoungGen: 60768K->1408K(61440K)] 437668K->378308K(572928K), 0.0017093 secs] [Times: user=0.01 sys=0.00, real=0.00 secs] 
1390.808: [GC (Allocation Failure) [PSYoungGen: 60777K->1488K(61440K)] 437677K->378388K(572928K), 0.0015351 secs] [Times: user=0.01 sys=0.00, real=0.00 secs] 
1391.153: [GC (Allocation Failure) [PSYoungGen: 60880K->1517K(61440K)] 437780K->378433K(572928K), 0.0015763 secs] [Times: user=0.00 sys=0.00, real=0.00 secs] 
1391.560: [GC (Allocation Failure) [PSYoungGen: 60909K->1517K(61440K)] 437825K->378433K(572928K), 0.0017635 secs] [Times: user=0.00 sys=0.00, real=0.01 secs] 
1391.905: [GC (Allocation Failure) [PSYoungGen: 60909K->1520K(61440K)] 437825K->378436K(572928K), 0.0019125 secs] [Times: user=0.01 sys=0.00, real=0.00 secs] 
1393.096: [GC (Allocation Failure) [PSYoungGen: 60912K->1408K(61440K)] 437828K->378324K(572928K), 0.0043141 secs] [Times: user=0.02 sys=0.00, real=0.00 secs] 
1393.856: [GC (Allocation Failure) [PSYoungGen: 60800K->1344K(61440K)] 437716K->378260K(572928K), 0.0024605 secs] [Times: user=0.01 sys=0.00, real=0.00 secs] 
1394.207: [GC (Allocation Failure) [PSYoungGen: 60736K->1408K(61440K)] 437652K->378324K(572928K), 0.0020150 secs] [Times: user=0.01 sys=0.00, real=0.00 secs] 
1394.454: [GC (Allocation Failure) [PSYoungGen: 60800K->1408K(61440K)] 437716K->378324K(572928K), 0.0019470 secs] [Times: user=0.01 sys=0.00, real=0.00 secs] 
1394.700: [GC (Allocation Failure) [PSYoungGen: 60800K->1360K(61440K)] 437716K->378276K(572928K), 0.0019225 secs] [Times: user=0.01 sys=0.00, real=0.01 secs] 
1395.169: [GC (Allocation Failure) [PSYoungGen: 60752K->1552K(61440K)] 437668K->378468K(572928K), 0.0016282 secs] [Times: user=0.01 sys=0.00, real=0.00 secs] 
1395.515: [GC (Allocation Failure) [PSYoungGen: 60940K->1520K(61440K)] 437856K->378444K(572928K), 0.0016469 secs] [Times: user=0.01 sys=0.00, real=0.00 secs] 
1395.860: [GC (Allocation Failure) [PSYoungGen: 60912K->1517K(61440K)] 437836K->378465K(572928K), 0.0015949 secs] [Times: user=0.01 sys=0.00, real=0.00 secs] 
1396.204: [GC (Allocation Failure) [PSYoungGen: 60909K->1520K(61440K)] 437857K->378468K(572928K), 0.0016781 secs] [Times: user=0.01 sys=0.00, real=0.00 secs] 
1398.016: [GC (Allocation Failure) [PSYoungGen: 60912K->1392K(61440K)] 437860K->378340K(572928K), 0.0040339 secs] [Times: user=0.01 sys=0.00, real=0.00 secs] 
1398.275: [GC (Allocation Failure) [PSYoungGen: 60784K->1408K(61440K)] 437732K->378356K(572928K), 0.0020923 secs] [Times: user=0.01 sys=0.00, real=0.00 secs] 
1398.522: [GC (Allocation Failure) [PSYoungGen: 60800K->1376K(61440K)] 437748K->378324K(572928K), 0.0018773 secs] [Times: user=0.01 sys=0.00, real=0.01 secs] 
1398.774: [GC (Allocation Failure) [PSYoungGen: 60768K->1376K(61440K)] 437716K->378324K(572928K), 0.0019665 secs] [Times: user=0.00 sys=0.01, real=0.00 secs] 
1399.031: [GC (Allocation Failure) [PSYoungGen: 60668K->288K(61440K)] 437616K->377236K(572928K), 0.0020038 secs] [Times: user=0.01 sys=0.00, real=0.01 secs] 
1399.392: [GC (Allocation Failure) [PSYoungGen: 59680K->1565K(61440K)] 436628K->378513K(572928K), 0.0016385 secs] [Times: user=0.01 sys=0.00, real=0.00 secs] 
1399.738: [GC (Allocation Failure) [PSYoungGen: 60957K->1517K(61440K)] 437905K->378473K(572928K), 0.0016246 secs] [Times: user=0.00 sys=0.00, real=0.00 secs] 
1400.145: [GC (Allocation Failure) [PSYoungGen: 60909K->1552K(61440K)] 437865K->378508K(572928K), 0.0016435 secs] [Times: user=0.00 sys=0.00, real=0.00 secs] 
1400.490: [GC (Allocation Failure) [PSYoungGen: 60944K->1517K(61440K)] 437900K->378473K(572928K), 0.0016357 secs] [Times: user=0.01 sys=0.00, real=0.00 secs] 
1400.837: [GC (Allocation Failure) [PSYoungGen: 60909K->1376K(61440K)] 437865K->378332K(572928K), 0.0020490 secs] [Times: user=0.01 sys=0.00, real=0.00 secs] 
1401.100: [GC (Allocation Failure) [PSYoungGen: 60768K->1408K(61440K)] 437724K->378364K(572928K), 0.0019329 secs] [Times: user=0.00 sys=0.00, real=0.01 secs] 
1401.359: [GC (Allocation Failure) [PSYoungGen: 60800K->1408K(61440K)] 437756K->378364K(572928K), 0.0017946 secs] [Times: user=0.01 sys=0.00, real=0.00 secs] 
1401.654: [GC (Allocation Failure) [PSYoungGen: 60800K->1344K(61440K)] 437756K->378300K(572928K), 0.0019652 secs] [Times: user=0.01 sys=0.00, real=0.00 secs] 
1401.973: [GC (Allocation Failure) [PSYoungGen: 60736K->1501K(61440K)] 437692K->378457K(572928K), 0.0015772 secs] [Times: user=0.01 sys=0.00, real=0.00 secs] 
1402.317: [GC (Allocation Failure) [PSYoungGen: 60893K->1552K(61440K)] 437849K->378508K(572928K), 0.0016451 secs] [Times: user=0.00 sys=0.00, real=0.00 secs] 
1402.726: [GC (Allocation Failure) [PSYoungGen: 60919K->1517K(61440K)] 437875K->378481K(572928K), 0.0018776 secs] [Times: user=0.00 sys=0.00, real=0.00 secs] 
1403.072: [GC (Allocation Failure) [PSYoungGen: 60898K->1485K(61440K)] 437863K->378449K(572928K), 0.0018291 secs] [Times: user=0.01 sys=0.00, real=0.00 secs] 
1403.430: [GC (Allocation Failure) [PSYoungGen: 60877K->1552K(61440K)] 437841K->378516K(572928K), 0.0017197 secs] [Times: user=0.01 sys=0.00, real=0.01 secs] 
1404.055: [GC (Allocation Failure) [PSYoungGen: 60944K->1344K(61440K)] 437908K->378308K(572928K), 0.0025772 secs] [Times: user=0.01 sys=0.00, real=0.00 secs] 
1404.594: [GC (Allocation Failure) [PSYoungGen: 60736K->1344K(61440K)] 437700K->378332K(572928K), 0.0023799 secs] [Times: user=0.01 sys=0.00, real=0.00 secs] 
1405.173: [GC (Allocation Failure) [PSYoungGen: 60736K->1376K(61440K)] 437724K->378364K(572928K), 0.0024022 secs] [Times: user=0.01 sys=0.00, real=0.00 secs] 
1405.650: [GC (Allocation Failure) [PSYoungGen: 60768K->1344K(61440K)] 437756K->378332K(572928K), 0.0023727 secs] [Times: user=0.01 sys=0.00, real=0.01 secs] 
1406.155: [GC (Allocation Failure) [PSYoungGen: 60710K->1453K(61440K)] 437698K->378441K(572928K), 0.0016490 secs] [Times: user=0.01 sys=0.00, real=0.00 secs] 
1406.500: [GC (Allocation Failure) [PSYoungGen: 60845K->1549K(61440K)] 437833K->378537K(572928K), 0.0015999 secs] [Times: user=0.00 sys=0.00, real=0.00 secs] 
1406.845: [GC (Allocation Failure) [PSYoungGen: 60941K->1485K(61440K)] 437929K->378481K(572928K), 0.0015978 secs] [Times: user=0.01 sys=0.00, real=0.00 secs] 
1407.190: [GC (Allocation Failure) [PSYoungGen: 60877K->1549K(61440K)] 437873K->378545K(572928K), 0.0015740 secs] [Times: user=0.00 sys=0.00, real=0.00 secs] 
1407.640: [GC (Allocation Failure) [PSYoungGen: 60941K->1424K(61440K)] 437937K->378420K(572928K), 0.0019394 secs] [Times: user=0.01 sys=0.00, real=0.01 secs] 
1408.170: [GC (Allocation Failure) [PSYoungGen: 60816K->1376K(61440K)] 437812K->378372K(572928K), 0.0017940 secs] [Times: user=0.01 sys=0.00, real=0.00 secs] 
1408.417: [GC (Allocation Failure) [PSYoungGen: 60768K->1312K(61440K)] 437764K->378308K(572928K), 0.0020328 secs] [Times: user=0.01 sys=0.00, real=0.00 secs] 
1408.664: [GC (Allocation Failure) [PSYoungGen: 60704K->1328K(61440K)] 437700K->378324K(572928K), 0.0020712 secs] [Times: user=0.01 sys=0.00, real=0.00 secs] 
1408.911: [GC (Allocation Failure) [PSYoungGen: 60720K->1344K(61440K)] 437716K->378340K(572928K), 0.0018830 secs] [Times: user=0.00 sys=0.00, real=0.01 secs] 
1409.222: [GC (Allocation Failure) [PSYoungGen: 60714K->1421K(61440K)] 437710K->378417K(572928K), 0.0016735 secs] [Times: user=0.01 sys=0.00, real=0.01 secs] 
1409.573: [GC (Allocation Failure) [PSYoungGen: 60813K->1517K(61440K)] 437809K->378529K(572928K), 0.0015499 secs] [Times: user=0.01 sys=0.00, real=0.00 secs] 
1409.920: [GC (Allocation Failure) [PSYoungGen: 60909K->1517K(61440K)] 437921K->378529K(572928K), 0.0016655 secs] [Times: user=0.01 sys=0.00, real=0.01 secs] 
1410.266: [GC (Allocation Failure) [PSYoungGen: 60909K->1549K(61440K)] 437921K->378561K(572928K), 0.0015936 secs] [Times: user=0.01 sys=0.00, real=0.00 secs] 
1410.753: [GC (Allocation Failure) [PSYoungGen: 60941K->1488K(61440K)] 437953K->378500K(572928K), 0.0018410 secs] [Times: user=0.00 sys=0.00, real=0.00 secs] 
1411.233: [GC (Allocation Failure) [PSYoungGen: 60880K->1376K(61440K)] 437892K->378388K(572928K), 0.0017565 secs] [Times: user=0.01 sys=0.00, real=0.00 secs] 
1411.495: [GC (Allocation Failure) [PSYoungGen: 60768K->1376K(61440K)] 437780K->378388K(572928K), 0.0031786 secs] [Times: user=0.02 sys=0.00, real=0.00 secs] 
1411.979: [GC (Allocation Failure) [PSYoungGen: 60768K->1376K(61440K)] 437780K->378388K(572928K), 0.0027996 secs] [Times: user=0.01 sys=0.00, real=0.01 secs] 
1412.618: [GC (Allocation Failure) [PSYoungGen: 60768K->1376K(61440K)] 437780K->378388K(572928K), 0.0029402 secs] [Times: user=0.01 sys=0.00, real=0.00 secs] 
1413.278: [GC (Allocation Failure) [PSYoungGen: 60768K->1456K(61440K)] 437780K->378468K(572928K), 0.0028449 secs] [Times: user=0.01 sys=0.00, real=0.00 secs] 
1413.679: [GC (Allocation Failure) [PSYoungGen: 60836K->1552K(61440K)] 437848K->378580K(572928K), 0.0016639 secs] [Times: user=0.01 sys=0.00, real=0.00 secs] 
1414.085: [GC (Allocation Failure) [PSYoungGen: 60944K->1581K(61440K)] 437972K->378609K(572928K), 0.0016486 secs] [Times: user=0.01 sys=0.00, real=0.00 secs] 
1414.430: [GC (Allocation Failure) [PSYoungGen: 60973K->1581K(61440K)] 438001K->378609K(572928K), 0.0016512 secs] [Times: user=0.00 sys=0.00, real=0.00 secs] 
1415.209: [GC (Allocation Failure) [PSYoungGen: 60973K->1456K(61440K)] 438001K->378484K(572928K), 0.0034826 secs] [Times: user=0.01 sys=0.00, real=0.01 secs] 
1415.853: [GC (Allocation Failure) [PSYoungGen: 60848K->1376K(61440K)] 437876K->378404K(572928K), 0.0028577 secs] [Times: user=0.01 sys=0.00, real=0.00 secs] 
1416.378: [GC (Allocation Failure) [PSYoungGen: 60768K->1376K(61440K)] 437796K->378420K(572928K), 0.0025003 secs] [Times: user=0.01 sys=0.00, real=0.00 secs] 
1416.659: [GC (Allocation Failure) [PSYoungGen: 60768K->1360K(61440K)] 437812K->378404K(572928K), 0.0020465 secs] [Times: user=0.01 sys=0.00, real=0.00 secs] 
1416.919: [GC (Allocation Failure) [PSYoungGen: 60752K->1376K(61440K)] 437796K->378420K(572928K), 0.0018732 secs] [Times: user=0.01 sys=0.00, real=0.00 secs] 
1417.258: [GC (Allocation Failure) [PSYoungGen: 60768K->1533K(61440K)] 437812K->378577K(572928K), 0.0015553 secs] [Times: user=0.01 sys=0.00, real=0.00 secs] 
1417.605: [GC (Allocation Failure) [PSYoungGen: 60925K->1517K(61440K)] 437969K->378569K(572928K), 0.0016845 secs] [Times: user=0.01 sys=0.00, real=0.00 secs] 
1417.954: [GC (Allocation Failure) [PSYoungGen: 60909K->1552K(61440K)] 437961K->378604K(572928K), 0.0016070 secs] [Times: user=0.01 sys=0.00, real=0.00 secs] 
1418.302: [GC (Allocation Failure) [PSYoungGen: 60944K->1517K(61440K)] 437996K->378569K(572928K), 0.0016277 secs] [Times: user=0.00 sys=0.00, real=0.00 secs] 
1418.820: [GC (Allocation Failure) [PSYoungGen: 60909K->1440K(61440K)] 437961K->378492K(572928K), 0.0019789 secs] [Times: user=0.00 sys=0.00, real=0.01 secs] 
1419.320: [GC (Allocation Failure) [PSYoungGen: 60832K->1344K(61440K)] 437884K->378396K(572928K), 0.0022000 secs] [Times: user=0.01 sys=0.00, real=0.01 secs] 
1419.825: [GC (Allocation Failure) [PSYoungGen: 60736K->1408K(61440K)] 437788K->378460K(572928K), 0.0023596 secs] [Times: user=0.01 sys=0.00, real=0.00 secs] 
1420.293: [GC (Allocation Failure) [PSYoungGen: 60800K->1344K(61440K)] 437852K->378396K(572928K), 0.0019808 secs] [Times: user=0.01 sys=0.00, real=0.00 secs] 
1420.540: [GC (Allocation Failure) [PSYoungGen: 60736K->1408K(61440K)] 437788K->378460K(572928K), 0.0021177 secs] [Times: user=0.01 sys=0.00, real=0.01 secs] 
1420.924: [GC (Allocation Failure) [PSYoungGen: 60800K->1485K(61440K)] 437852K->378537K(572928K), 0.0015580 secs] [Times: user=0.00 sys=0.00, real=0.00 secs] 
1421.330: [GC (Allocation Failure) [PSYoungGen: 60846K->1517K(61440K)] 437898K->378585K(572928K), 0.0017549 secs] [Times: user=0.01 sys=0.00, real=0.00 secs] 
1421.676: [GC (Allocation Failure) [PSYoungGen: 60909K->1549K(61440K)] 437977K->378617K(572928K), 0.0016391 secs] [Times: user=0.01 sys=0.00, real=0.00 secs] 
1422.024: [GC (Allocation Failure) [PSYoungGen: 60941K->1520K(61440K)] 438009K->378588K(572928K), 0.0016673 secs] [Times: user=0.01 sys=0.00, real=0.00 secs] 
1422.767: [GC (Allocation Failure) [PSYoungGen: 60912K->1408K(61440K)] 437980K->378476K(572928K), 0.0029239 secs] [Times: user=0.02 sys=0.00, real=0.00 secs] 
1423.248: [GC (Allocation Failure) [PSYoungGen: 60800K->1376K(61440K)] 437868K->378444K(572928K), 0.0033753 secs] [Times: user=0.01 sys=0.00, real=0.00 secs] 
1423.715: [GC (Allocation Failure) [PSYoungGen: 60768K->1328K(61440K)] 437836K->378396K(572928K), 0.0023517 secs] [Times: user=0.01 sys=0.00, real=0.00 secs] 
1424.314: [GC (Allocation Failure) [PSYoungGen: 60720K->1344K(61440K)] 437788K->378412K(572928K), 0.0025004 secs] [Times: user=0.01 sys=0.00, real=0.00 secs] 
1424.967: [GC (Allocation Failure) [PSYoungGen: 60736K->1437K(61440K)] 437804K->378505K(572928K), 0.0025979 secs] [Times: user=0.01 sys=0.00, real=0.00 secs] 
1425.459: [GC (Allocation Failure) [PSYoungGen: 60823K->1549K(61440K)] 437891K->378617K(572928K), 0.0016252 secs] [Times: user=0.01 sys=0.00, real=0.00 secs] 
1425.866: [GC (Allocation Failure) [PSYoungGen: 60941K->1517K(61440K)] 438009K->378593K(572928K), 0.0017725 secs] [Times: user=0.01 sys=0.00, real=0.00 secs] 
1426.211: [GC (Allocation Failure) [PSYoungGen: 60877K->1488K(61440K)] 437953K->378580K(572928K), 0.0016565 secs] [Times: user=0.01 sys=0.00, real=0.01 secs] 
1426.555: [GC (Allocation Failure) [PSYoungGen: 60880K->1533K(61440K)] 437972K->378625K(572928K), 0.0018046 secs] [Times: user=0.00 sys=0.00, real=0.00 secs] 
1427.070: [GC (Allocation Failure) [PSYoungGen: 60925K->1440K(61440K)] 438017K->378532K(572928K), 0.0029366 secs] [Times: user=0.01 sys=0.00, real=0.01 secs] 
1427.609: [GC (Allocation Failure) [PSYoungGen: 60832K->1376K(61440K)] 437924K->378468K(572928K), 0.0026489 secs] [Times: user=0.01 sys=0.00, real=0.01 secs] 
1428.099: [GC (Allocation Failure) [PSYoungGen: 60768K->1344K(61440K)] 437860K->378436K(572928K), 0.0024360 secs] [Times: user=0.01 sys=0.00, real=0.00 secs] 
1428.572: [GC (Allocation Failure) [PSYoungGen: 60736K->1344K(61440K)] 437828K->378436K(572928K), 0.0023593 secs] [Times: user=0.01 sys=0.00, real=0.01 secs] 
1429.046: [GC (Allocation Failure) [PSYoungGen: 60736K->1469K(61440K)] 437828K->378561K(572928K), 0.0017886 secs] [Times: user=0.01 sys=0.00, real=0.00 secs] 
1429.392: [GC (Allocation Failure) [PSYoungGen: 60861K->1552K(61440K)] 437953K->378644K(572928K), 0.0016256 secs] [Times: user=0.01 sys=0.00, real=0.00 secs] 
1429.737: [GC (Allocation Failure) [PSYoungGen: 60944K->1549K(61440K)] 438036K->378649K(572928K), 0.0016552 secs] [Times: user=0.00 sys=0.00, real=0.00 secs] 
1430.088: [GC (Allocation Failure) [PSYoungGen: 60941K->1520K(61440K)] 438041K->378620K(572928K), 0.0015418 secs] [Times: user=0.01 sys=0.00, real=0.00 secs] 
1430.505: [GC (Allocation Failure) [PSYoungGen: 60912K->2016K(61440K)] 438012K->379124K(572928K), 0.0020412 secs] [Times: user=0.01 sys=0.00, real=0.00 secs] 
1430.752: [GC (Allocation Failure) [PSYoungGen: 61408K->1344K(61440K)] 438516K->378452K(572928K), 0.0017597 secs] [Times: user=0.01 sys=0.00, real=0.00 secs] 
1430.999: [GC (Allocation Failure) [PSYoungGen: 60736K->1408K(61440K)] 437844K->378516K(572928K), 0.0019072 secs] [Times: user=0.00 sys=0.00, real=0.00 secs] 
1431.251: [GC (Allocation Failure) [PSYoungGen: 60800K->1344K(61440K)] 437908K->378452K(572928K), 0.0019382 secs] [Times: user=0.00 sys=0.00, real=0.01 secs] 
1431.498: [GC (Allocation Failure) [PSYoungGen: 60736K->1376K(61440K)] 437844K->378484K(572928K), 0.0016275 secs] [Times: user=0.00 sys=0.00, real=0.00 secs] 
1431.807: [GC (Allocation Failure) [PSYoungGen: 60744K->1453K(61440K)] 437852K->378561K(572928K), 0.0015357 secs] [Times: user=0.01 sys=0.00, real=0.00 secs] 
1432.152: [GC (Allocation Failure) [PSYoungGen: 60845K->1517K(61440K)] 437953K->378625K(572928K), 0.0016463 secs] [Times: user=0.00 sys=0.00, real=0.01 secs] 
1432.496: [GC (Allocation Failure) [PSYoungGen: 60909K->1549K(61440K)] 438017K->378673K(572928K), 0.0016006 secs] [Times: user=0.01 sys=0.00, real=0.00 secs] 
1432.843: [GC (Allocation Failure) [PSYoungGen: 60941K->1517K(61440K)] 438065K->378641K(572928K), 0.0015707 secs] [Times: user=0.01 sys=0.00, real=0.00 secs] 
1433.182: [GC (Allocation Failure) [PSYoungGen: 60909K->1488K(61440K)] 438033K->378612K(572928K), 0.0016611 secs] [Times: user=0.01 sys=0.00, real=0.01 secs] 
1433.428: [GC (Allocation Failure) [PSYoungGen: 60880K->1408K(61440K)] 438004K->378532K(572928K), 0.0014253 secs] [Times: user=0.01 sys=0.00, real=0.00 secs] 
1433.674: [GC (Allocation Failure) [PSYoungGen: 60800K->1376K(61440K)] 437924K->378524K(572928K), 0.0019609 secs] [Times: user=0.01 sys=0.00, real=0.00 secs] 
1433.921: [GC (Allocation Failure) [PSYoungGen: 60768K->1376K(61440K)] 437916K->378524K(572928K), 0.0022851 secs] [Times: user=0.01 sys=0.00, real=0.01 secs] 
1434.171: [GC (Allocation Failure) [PSYoungGen: 60768K->1376K(61440K)] 437916K->378524K(572928K), 0.0027781 secs] [Times: user=0.01 sys=0.00, real=0.01 secs] 
1434.550: [GC (Allocation Failure) [PSYoungGen: 60768K->1453K(61440K)] 437916K->378601K(572928K), 0.0016740 secs] [Times: user=0.01 sys=0.00, real=0.01 secs] 
1434.897: [GC (Allocation Failure) [PSYoungGen: 60834K->1485K(61440K)] 437982K->378649K(572928K), 0.0015741 secs] [Times: user=0.00 sys=0.00, real=0.00 secs] 
1435.243: [GC (Allocation Failure) [PSYoungGen: 60877K->1488K(61440K)] 438041K->378652K(572928K), 0.0017064 secs] [Times: user=0.01 sys=0.00, real=0.00 secs] 
1435.587: [GC (Allocation Failure) [PSYoungGen: 60880K->1517K(61440K)] 438044K->378681K(572928K), 0.0016040 secs] [Times: user=0.00 sys=0.00, real=0.00 secs] 
1435.907: [GC (Allocation Failure) [PSYoungGen: 60909K->1424K(61440K)] 438073K->378588K(572928K), 0.0017321 secs] [Times: user=0.01 sys=0.00, real=0.00 secs] 
1436.154: [GC (Allocation Failure) [PSYoungGen: 60816K->1376K(61440K)] 437980K->378540K(572928K), 0.0016132 secs] [Times: user=0.01 sys=0.00, real=0.00 secs] 
1436.400: [GC (Allocation Failure) [PSYoungGen: 60768K->1376K(61440K)] 437932K->378540K(572928K), 0.0017418 secs] [Times: user=0.01 sys=0.00, real=0.00 secs] 
1436.647: [GC (Allocation Failure) [PSYoungGen: 60768K->1344K(61440K)] 437932K->378508K(572928K), 0.0021677 secs] [Times: user=0.01 sys=0.00, real=0.00 secs] 
1436.985: [GC (Allocation Failure) [PSYoungGen: 60736K->1344K(61440K)] 437900K->378508K(572928K), 0.0024641 secs] [Times: user=0.01 sys=0.00, real=0.00 secs] 
1437.421: [GC (Allocation Failure) [PSYoungGen: 60736K->1456K(61440K)] 437900K->378620K(572928K), 0.0016035 secs] [Times: user=0.01 sys=0.00, real=0.01 secs] 
1437.827: [GC (Allocation Failure) [PSYoungGen: 60848K->1517K(61440K)] 438012K->378689K(572928K), 0.0016437 secs] [Times: user=0.00 sys=0.00, real=0.00 secs] 
1438.177: [GC (Allocation Failure) [PSYoungGen: 60909K->1453K(61440K)] 438081K->378625K(572928K), 0.0016249 secs] [Times: user=0.01 sys=0.00, real=0.00 secs] 
1438.522: [GC (Allocation Failure) [PSYoungGen: 60845K->1549K(61440K)] 438017K->378721K(572928K), 0.0016595 secs] [Times: user=0.00 sys=0.00, real=0.01 secs] 
1438.959: [GC (Allocation Failure) [PSYoungGen: 60941K->1424K(61440K)] 438113K->378604K(572928K), 0.0026416 secs] [Times: user=0.01 sys=0.00, real=0.01 secs] 
1439.395: [GC (Allocation Failure) [PSYoungGen: 60816K->1376K(61440K)] 437996K->378556K(572928K), 0.0025018 secs] [Times: user=0.01 sys=0.01, real=0.00 secs] 
1439.875: [GC (Allocation Failure) [PSYoungGen: 60768K->1376K(61440K)] 437948K->378556K(572928K), 0.0030263 secs] [Times: user=0.01 sys=0.00, real=0.00 secs] 
1440.211: [GC (Allocation Failure) [PSYoungGen: 60768K->1376K(61440K)] 437948K->378556K(572928K), 0.0062141 secs] [Times: user=0.02 sys=0.00, real=0.01 secs] 
1440.548: [GC (Allocation Failure) [PSYoungGen: 60768K->1376K(61440K)] 437948K->378556K(572928K), 0.0019896 secs] [Times: user=0.01 sys=0.00, real=0.00 secs] 
1441.023: [GC (Allocation Failure) [PSYoungGen: 60768K->1536K(61440K)] 437948K->378716K(572928K), 0.0015728 secs] [Times: user=0.00 sys=0.00, real=0.00 secs] 
1441.368: [GC (Allocation Failure) [PSYoungGen: 60928K->1565K(61440K)] 438108K->378753K(572928K), 0.0016186 secs] [Times: user=0.01 sys=0.00, real=0.00 secs] 
1441.712: [GC (Allocation Failure) [PSYoungGen: 60931K->1549K(61440K)] 438119K->378737K(572928K), 0.0016454 secs] [Times: user=0.01 sys=0.00, real=0.01 secs] 
1442.120: [GC (Allocation Failure) [PSYoungGen: 60941K->1520K(61440K)] 438129K->378708K(572928K), 0.0016604 secs] [Times: user=0.01 sys=0.00, real=0.01 secs] 
1442.404: [GC (Allocation Failure) [PSYoungGen: 60912K->1440K(61440K)] 438100K->378628K(572928K), 0.0025886 secs] [Times: user=0.01 sys=0.00, real=0.00 secs] 
1442.654: [GC (Allocation Failure) [PSYoungGen: 60832K->1376K(61440K)] 438020K->378564K(572928K), 0.0020494 secs] [Times: user=0.01 sys=0.00, real=0.00 secs] 
1442.901: [GC (Allocation Failure) [PSYoungGen: 60768K->1408K(61440K)] 437956K->378596K(572928K), 0.0019924 secs] [Times: user=0.01 sys=0.00, real=0.01 secs] 
1443.148: [GC (Allocation Failure) [PSYoungGen: 60800K->1440K(61440K)] 437988K->378628K(572928K), 0.0019415 secs] [Times: user=0.01 sys=0.00, real=0.00 secs] 
1443.529: [GC (Allocation Failure) [PSYoungGen: 60832K->1501K(61440K)] 438020K->378689K(572928K), 0.0020119 secs] [Times: user=0.01 sys=0.00, real=0.00 secs] 
1443.904: [GC (Allocation Failure) [PSYoungGen: 60874K->1549K(61440K)] 438062K->378737K(572928K), 0.0015931 secs] [Times: user=0.01 sys=0.00, real=0.00 secs] 
1444.249: [GC (Allocation Failure) [PSYoungGen: 60941K->1517K(61440K)] 438129K->378721K(572928K), 0.0015661 secs] [Times: user=0.01 sys=0.00, real=0.00 secs] 
1444.593: [GC (Allocation Failure) [PSYoungGen: 60894K->1517K(61440K)] 438099K->378745K(572928K), 0.0015670 secs] [Times: user=0.01 sys=0.00, real=0.00 secs] 
1444.938: [GC (Allocation Failure) [PSYoungGen: 60909K->1552K(61440K)] 438137K->378780K(572928K), 0.0015545 secs] [Times: user=0.01 sys=0.00, real=0.00 secs] 
1445.214: [GC (Allocation Failure) [PSYoungGen: 60944K->1392K(61440K)] 438172K->378620K(572928K), 0.0017590 secs] [Times: user=0.00 sys=0.00, real=0.00 secs] 
1445.461: [GC (Allocation Failure) [PSYoungGen: 60784K->1408K(61440K)] 438012K->378636K(572928K), 0.0017125 secs] [Times: user=0.01 sys=0.00, real=0.01 secs] 
1445.707: [GC (Allocation Failure) [PSYoungGen: 60800K->1376K(61440K)] 438028K->378604K(572928K), 0.0019612 secs] [Times: user=0.01 sys=0.00, real=0.00 secs] 
1445.998: [GC (Allocation Failure) [PSYoungGen: 60768K->1344K(61440K)] 437996K->378572K(572928K), 0.0021660 secs] [Times: user=0.01 sys=0.00, real=0.00 secs] 
1446.565: [GC (Allocation Failure) [PSYoungGen: 60707K->1453K(61440K)] 437936K->378681K(572928K), 0.0018815 secs] [Times: user=0.01 sys=0.00, real=0.00 secs] 
1446.918: [GC (Allocation Failure) [PSYoungGen: 60845K->1552K(61440K)] 438073K->378780K(572928K), 0.0015988 secs] [Times: user=0.00 sys=0.00, real=0.00 secs] 
1447.263: [GC (Allocation Failure) [PSYoungGen: 60944K->1485K(61440K)] 438172K->378721K(572928K), 0.0016073 secs] [Times: user=0.00 sys=0.00, real=0.00 secs] 
1447.607: [GC (Allocation Failure) [PSYoungGen: 60877K->1517K(61440K)] 438113K->378753K(572928K), 0.0015962 secs] [Times: user=0.01 sys=0.00, real=0.00 secs] 
1447.959: [GC (Allocation Failure) [PSYoungGen: 60909K->1760K(61440K)] 438145K->378996K(572928K), 0.0017849 secs] [Times: user=0.01 sys=0.01, real=0.00 secs] 
1448.203: [GC (Allocation Failure) [PSYoungGen: 61152K->1344K(61440K)] 438388K->378580K(572928K), 0.0017153 secs] [Times: user=0.01 sys=0.00, real=0.00 secs] 
1448.450: [GC (Allocation Failure) [PSYoungGen: 60736K->1344K(61440K)] 437972K->378580K(572928K), 0.0016744 secs] [Times: user=0.01 sys=0.00, real=0.00 secs] 
1448.696: [GC (Allocation Failure) [PSYoungGen: 60736K->1344K(61440K)] 437972K->378580K(572928K), 0.0017614 secs] [Times: user=0.00 sys=0.00, real=0.00 secs] 
1448.950: [GC (Allocation Failure) [PSYoungGen: 60736K->1440K(61440K)] 437972K->378676K(572928K), 0.0029380 secs] [Times: user=0.01 sys=0.01, real=0.01 secs] 
1449.321: [GC (Allocation Failure) [PSYoungGen: 60832K->1453K(61440K)] 438068K->378689K(572928K), 0.0015691 secs] [Times: user=0.01 sys=0.00, real=0.01 secs] 
1449.664: [GC (Allocation Failure) [PSYoungGen: 60845K->1549K(61440K)] 438081K->378785K(572928K), 0.0015965 secs] [Times: user=0.01 sys=0.00, real=0.00 secs] 
1450.010: [GC (Allocation Failure) [PSYoungGen: 60941K->1517K(61440K)] 438177K->378761K(572928K), 0.0016396 secs] [Times: user=0.00 sys=0.01, real=0.00 secs] 
1450.403: [GC (Allocation Failure) [PSYoungGen: 60904K->1517K(61440K)] 438148K->378761K(572928K), 0.0016006 secs] [Times: user=0.01 sys=0.00, real=0.00 secs] 
1450.884: [GC (Allocation Failure) [PSYoungGen: 60909K->1488K(61440K)] 438153K->378740K(572928K), 0.0023055 secs] [Times: user=0.01 sys=0.00, real=0.00 secs] 
1451.178: [GC (Allocation Failure) [PSYoungGen: 60880K->1344K(61440K)] 438132K->378596K(572928K), 0.0020203 secs] [Times: user=0.01 sys=0.00, real=0.00 secs] 
1451.456: [GC (Allocation Failure) [PSYoungGen: 60736K->1312K(61440K)] 437988K->378564K(572928K), 0.0019676 secs] [Times: user=0.01 sys=0.00, real=0.00 secs] 
1451.703: [GC (Allocation Failure) [PSYoungGen: 60704K->1376K(61440K)] 437956K->378628K(572928K), 0.0020126 secs] [Times: user=0.01 sys=0.00, real=0.00 secs] 
1451.958: [GC (Allocation Failure) [PSYoungGen: 60768K->1376K(61440K)] 438020K->378628K(572928K), 0.0024195 secs] [Times: user=0.01 sys=0.01, real=0.00 secs] 
1452.440: [GC (Allocation Failure) [PSYoungGen: 60768K->1520K(61440K)] 438020K->378780K(572928K), 0.0015439 secs] [Times: user=0.00 sys=0.00, real=0.00 secs] 
1452.787: [GC (Allocation Failure) [PSYoungGen: 60912K->1520K(61440K)] 438172K->378788K(572928K), 0.0016207 secs] [Times: user=0.01 sys=0.00, real=0.00 secs] 
1453.134: [GC (Allocation Failure) [PSYoungGen: 60912K->1549K(61440K)] 438180K->378817K(572928K), 0.0016124 secs] [Times: user=0.00 sys=0.00, real=0.00 secs] 
1453.479: [GC (Allocation Failure) [PSYoungGen: 60941K->1485K(61440K)] 438209K->378753K(572928K), 0.0016114 secs] [Times: user=0.01 sys=0.00, real=0.00 secs] 
1453.820: [GC (Allocation Failure) [PSYoungGen: 60877K->1456K(61440K)] 438145K->378724K(572928K), 0.0023651 secs] [Times: user=0.01 sys=0.00, real=0.01 secs] 
1454.123: [GC (Allocation Failure) [PSYoungGen: 60848K->1408K(61440K)] 438116K->378684K(572928K), 0.0018131 secs] [Times: user=0.00 sys=0.00, real=0.00 secs] 
1454.370: [GC (Allocation Failure) [PSYoungGen: 60800K->1392K(61440K)] 438076K->378676K(572928K), 0.0017816 secs] [Times: user=0.01 sys=0.00, real=0.01 secs] 
1454.617: [GC (Allocation Failure) [PSYoungGen: 60784K->1376K(61440K)] 438068K->378660K(572928K), 0.0018218 secs] [Times: user=0.01 sys=0.00, real=0.00 secs] 
1454.863: [GC (Allocation Failure) [PSYoungGen: 60768K->1376K(61440K)] 438052K->378660K(572928K), 0.0017497 secs] [Times: user=0.01 sys=0.00, real=0.00 secs] 
1455.208: [GC (Allocation Failure) [PSYoungGen: 60749K->1517K(61440K)] 438033K->378801K(572928K), 0.0016083 secs] [Times: user=0.01 sys=0.00, real=0.00 secs] 
1455.554: [GC (Allocation Failure) [PSYoungGen: 60909K->1520K(61440K)] 438193K->378812K(572928K), 0.0016689 secs] [Times: user=0.01 sys=0.00, real=0.00 secs] 
1455.898: [GC (Allocation Failure) [PSYoungGen: 60912K->1520K(61440K)] 438204K->378812K(572928K), 0.0017333 secs] [Times: user=0.01 sys=0.00, real=0.00 secs] 
1456.245: [GC (Allocation Failure) [PSYoungGen: 60912K->1517K(61440K)] 438204K->378809K(572928K), 0.0016025 secs] [Times: user=0.01 sys=0.00, real=0.00 secs] 
1456.564: [GC (Allocation Failure) [PSYoungGen: 60909K->1360K(61440K)] 438201K->378652K(572928K), 0.0017186 secs] [Times: user=0.00 sys=0.00, real=0.00 secs] 
1457.012: [GC (Allocation Failure) [PSYoungGen: 60752K->1344K(61440K)] 438044K->378636K(572928K), 0.0018202 secs] [Times: user=0.01 sys=0.00, real=0.00 secs] 
1457.458: [GC (Allocation Failure) [PSYoungGen: 60736K->1344K(61440K)] 438028K->378636K(572928K), 0.0016765 secs] [Times: user=0.00 sys=0.00, real=0.00 secs] 
1457.961: [GC (Allocation Failure) [PSYoungGen: 60736K->1344K(61440K)] 438028K->378636K(572928K), 0.0023960 secs] [Times: user=0.01 sys=0.00, real=0.01 secs] 
1458.460: [GC (Allocation Failure) [PSYoungGen: 60736K->1376K(61440K)] 438028K->378668K(572928K), 0.0026553 secs] [Times: user=0.01 sys=0.00, real=0.01 secs] 
1458.968: [GC (Allocation Failure) [PSYoungGen: 60768K->1453K(61440K)] 438060K->378745K(572928K), 0.0016576 secs] [Times: user=0.01 sys=0.00, real=0.00 secs] 
1459.313: [GC (Allocation Failure) [PSYoungGen: 60845K->1549K(61440K)] 438137K->378857K(572928K), 0.0017124 secs] [Times: user=0.01 sys=0.00, real=0.00 secs] 
1459.721: [GC (Allocation Failure) [PSYoungGen: 60941K->1488K(61440K)] 438249K->378796K(572928K), 0.0016601 secs] [Times: user=0.01 sys=0.00, real=0.01 secs] 
1460.068: [GC (Allocation Failure) [PSYoungGen: 60880K->1584K(61440K)] 438188K->378892K(572928K), 0.0016321 secs] [Times: user=0.00 sys=0.00, real=0.00 secs] 
1460.373: [GC (Allocation Failure) [PSYoungGen: 60976K->1424K(61440K)] 438284K->378732K(572928K), 0.0020658 secs] [Times: user=0.01 sys=0.00, real=0.00 secs] 
1460.620: [GC (Allocation Failure) [PSYoungGen: 60816K->1344K(61440K)] 438124K->378652K(572928K), 0.0020043 secs] [Times: user=0.01 sys=0.00, real=0.01 secs] 
1461.010: [GC (Allocation Failure) [PSYoungGen: 60736K->1344K(61440K)] 438044K->378652K(572928K), 0.0019659 secs] [Times: user=0.01 sys=0.00, real=0.01 secs] 
1461.468: [GC (Allocation Failure) [PSYoungGen: 60736K->1344K(61440K)] 438044K->378652K(572928K), 0.0018476 secs] [Times: user=0.01 sys=0.00, real=0.00 secs] 
1462.092: [GC (Allocation Failure) [PSYoungGen: 60736K->1376K(61440K)] 438044K->378684K(572928K), 0.0020188 secs] [Times: user=0.01 sys=0.00, real=0.01 secs] 
1462.523: [GC (Allocation Failure) [PSYoungGen: 60757K->1597K(61440K)] 438066K->378913K(572928K), 0.0017751 secs] [Times: user=0.00 sys=0.00, real=0.00 secs] 
1462.870: [GC (Allocation Failure) [PSYoungGen: 60989K->1485K(61440K)] 438305K->378809K(572928K), 0.0015699 secs] [Times: user=0.01 sys=0.00, real=0.00 secs] 
1463.278: [GC (Allocation Failure) [PSYoungGen: 60854K->1485K(61440K)] 438178K->378809K(572928K), 0.0016185 secs] [Times: user=0.00 sys=0.00, real=0.00 secs] 
1463.684: [GC (Allocation Failure) [PSYoungGen: 60877K->1549K(61440K)] 438201K->378873K(572928K), 0.0016086 secs] [Times: user=0.00 sys=0.00, real=0.00 secs] 
1463.954: [GC (Allocation Failure) [PSYoungGen: 60941K->1408K(61440K)] 438265K->378732K(572928K), 0.0020439 secs] [Times: user=0.01 sys=0.00, real=0.00 secs] 
1464.201: [GC (Allocation Failure) [PSYoungGen: 60800K->1344K(61440K)] 438124K->378668K(572928K), 0.0017647 secs] [Times: user=0.01 sys=0.00, real=0.01 secs] 
1464.448: [GC (Allocation Failure) [PSYoungGen: 60736K->1312K(61440K)] 438060K->378636K(572928K), 0.0017934 secs] [Times: user=0.00 sys=0.00, real=0.00 secs] 
1464.694: [GC (Allocation Failure) [PSYoungGen: 60704K->1312K(61440K)] 438028K->378660K(572928K), 0.0019618 secs] [Times: user=0.01 sys=0.00, real=0.00 secs] 
1465.044: [GC (Allocation Failure) [PSYoungGen: 60704K->1389K(61440K)] 438052K->378737K(572928K), 0.0024492 secs] [Times: user=0.01 sys=0.00, real=0.00 secs] 
1465.481: [GC (Allocation Failure) [PSYoungGen: 60781K->1456K(61440K)] 438129K->378804K(572928K), 0.0016419 secs] [Times: user=0.00 sys=0.00, real=0.01 secs] 
1465.826: [GC (Allocation Failure) [PSYoungGen: 60848K->1517K(61440K)] 438196K->378873K(572928K), 0.0015745 secs] [Times: user=0.00 sys=0.00, real=0.00 secs] 
1466.172: [GC (Allocation Failure) [PSYoungGen: 60909K->1517K(61440K)] 438265K->378873K(572928K), 0.0016284 secs] [Times: user=0.01 sys=0.00, real=0.01 secs] 
1466.550: [GC (Allocation Failure) [PSYoungGen: 60909K->1504K(61440K)] 438265K->378860K(572928K), 0.0018656 secs] [Times: user=0.01 sys=0.00, real=0.01 secs] 
1466.801: [GC (Allocation Failure) [PSYoungGen: 60896K->1376K(61440K)] 438252K->378732K(572928K), 0.0023654 secs] [Times: user=0.01 sys=0.00, real=0.01 secs] 
1467.040: [GC (Allocation Failure) [PSYoungGen: 60768K->1312K(61440K)] 438124K->378668K(572928K), 0.0019798 secs] [Times: user=0.01 sys=0.00, real=0.00 secs] 
1467.302: [GC (Allocation Failure) [PSYoungGen: 60704K->1344K(61440K)] 438060K->378708K(572928K), 0.0018104 secs] [Times: user=0.01 sys=0.00, real=0.01 secs] 
1467.548: [GC (Allocation Failure) [PSYoungGen: 60736K->1312K(61440K)] 438100K->378676K(572928K), 0.0018101 secs] [Times: user=0.01 sys=0.00, real=0.00 secs] 
1467.859: [GC (Allocation Failure) [PSYoungGen: 60696K->1421K(61440K)] 438060K->378785K(572928K), 0.0016291 secs] [Times: user=0.00 sys=0.01, real=0.00 secs] 
1468.266: [GC (Allocation Failure) [PSYoungGen: 60813K->1520K(61440K)] 438177K->378884K(572928K), 0.0016460 secs] [Times: user=0.01 sys=0.00, real=0.00 secs] 
1468.670: [GC (Allocation Failure) [PSYoungGen: 60912K->1517K(61440K)] 438276K->378889K(572928K), 0.0016402 secs] [Times: user=0.01 sys=0.00, real=0.00 secs] 
1469.014: [GC (Allocation Failure) [PSYoungGen: 60909K->1549K(61440K)] 438281K->378921K(572928K), 0.0018099 secs] [Times: user=0.00 sys=0.00, real=0.00 secs] 
1469.447: [GC (Allocation Failure) [PSYoungGen: 60941K->1440K(61440K)] 438313K->378812K(572928K), 0.0019506 secs] [Times: user=0.01 sys=0.00, real=0.00 secs] 
1469.962: [GC (Allocation Failure) [PSYoungGen: 60832K->1344K(61440K)] 438204K->378716K(572928K), 0.0029054 secs] [Times: user=0.01 sys=0.01, real=0.00 secs] 
1470.485: [GC (Allocation Failure) [PSYoungGen: 60736K->1376K(61440K)] 438108K->378748K(572928K), 0.0031815 secs] [Times: user=0.02 sys=0.00, real=0.00 secs] 
1470.940: [GC (Allocation Failure) [PSYoungGen: 60768K->1344K(61440K)] 438140K->378716K(572928K), 0.0020554 secs] [Times: user=0.01 sys=0.00, real=0.01 secs] 
1471.264: [GC (Allocation Failure) [PSYoungGen: 60736K->1344K(61440K)] 438108K->378716K(572928K), 0.0018979 secs] [Times: user=0.01 sys=0.00, real=0.00 secs] 
1471.628: [GC (Allocation Failure) [PSYoungGen: 60717K->1456K(61440K)] 438089K->378828K(572928K), 0.0015797 secs] [Times: user=0.01 sys=0.00, real=0.00 secs] 
1471.971: [GC (Allocation Failure) [PSYoungGen: 60848K->1552K(61440K)] 438220K->378932K(572928K), 0.0016095 secs] [Times: user=0.01 sys=0.00, real=0.01 secs] 
1472.316: [GC (Allocation Failure) [PSYoungGen: 60944K->1552K(61440K)] 438324K->378932K(572928K), 0.0016431 secs] [Times: user=0.01 sys=0.00, real=0.00 secs] 
1472.661: [GC (Allocation Failure) [PSYoungGen: 60944K->1584K(61440K)] 438324K->378964K(572928K), 0.0015926 secs] [Times: user=0.00 sys=0.00, real=0.01 secs] 
1473.149: [GC (Allocation Failure) [PSYoungGen: 60976K->1504K(61440K)] 438356K->378884K(572928K), 0.0020943 secs] [Times: user=0.01 sys=0.00, real=0.00 secs] 
1473.763: [GC (Allocation Failure) [PSYoungGen: 60896K->1344K(61440K)] 438276K->378724K(572928K), 0.0019917 secs] [Times: user=0.01 sys=0.00, real=0.00 secs] 
1474.535: [GC (Allocation Failure) [PSYoungGen: 60736K->1376K(61440K)] 438116K->378756K(572928K), 0.0021277 secs] [Times: user=0.01 sys=0.00, real=0.00 secs] 
1475.101: [GC (Allocation Failure) [PSYoungGen: 60768K->1344K(61440K)] 438148K->378724K(572928K), 0.0022781 secs] [Times: user=0.01 sys=0.00, real=0.01 secs] 
1475.787: [GC (Allocation Failure) [PSYoungGen: 60736K->1360K(61440K)] 438116K->378740K(572928K), 0.0023025 secs] [Times: user=0.01 sys=0.00, real=0.00 secs] 
1476.325: [GC (Allocation Failure) [PSYoungGen: 60752K->1549K(61440K)] 438132K->378953K(572928K), 0.0016256 secs] [Times: user=0.00 sys=0.00, real=0.00 secs] 
1476.669: [GC (Allocation Failure) [PSYoungGen: 60941K->1517K(61440K)] 438345K->378937K(572928K), 0.0015865 secs] [Times: user=0.01 sys=0.00, real=0.00 secs] 
1477.014: [GC (Allocation Failure) [PSYoungGen: 60909K->1517K(61440K)] 438329K->378937K(572928K), 0.0015907 secs] [Times: user=0.01 sys=0.00, real=0.00 secs] 
1477.359: [GC (Allocation Failure) [PSYoungGen: 60909K->1549K(61440K)] 438329K->378969K(572928K), 0.0016156 secs] [Times: user=0.01 sys=0.00, real=0.00 secs] 
1477.731: [GC (Allocation Failure) [PSYoungGen: 60941K->1424K(61440K)] 438361K->378844K(572928K), 0.0017247 secs] [Times: user=0.01 sys=0.00, real=0.01 secs] 
1478.076: [GC (Allocation Failure) [PSYoungGen: 60816K->1344K(61440K)] 438236K->378764K(572928K), 0.0016809 secs] [Times: user=0.01 sys=0.00, real=0.00 secs] 
1478.557: [GC (Allocation Failure) [PSYoungGen: 60736K->1344K(61440K)] 438156K->378764K(572928K), 0.0017872 secs] [Times: user=0.01 sys=0.00, real=0.00 secs] 
1479.287: [GC (Allocation Failure) [PSYoungGen: 60736K->1360K(61440K)] 438156K->378780K(572928K), 0.0035397 secs] [Times: user=0.02 sys=0.00, real=0.00 secs] 
1480.170: [GC (Allocation Failure) [PSYoungGen: 60752K->1376K(61440K)] 438172K->378796K(572928K), 0.0041196 secs] [Times: user=0.01 sys=0.00, real=0.01 secs] 
1481.065: [GC (Allocation Failure) [PSYoungGen: 60768K->1488K(61440K)] 438188K->378908K(572928K), 0.0016226 secs] [Times: user=0.00 sys=0.00, real=0.00 secs] 
1481.421: [GC (Allocation Failure) [PSYoungGen: 60880K->1517K(61440K)] 438300K->378945K(572928K), 0.0017285 secs] [Times: user=0.00 sys=0.00, real=0.01 secs] 
1481.826: [GC (Allocation Failure) [PSYoungGen: 60909K->1581K(61440K)] 438337K->379009K(572928K), 0.0016783 secs] [Times: user=0.01 sys=0.00, real=0.00 secs] 
1482.226: [GC (Allocation Failure) [PSYoungGen: 60973K->1520K(61440K)] 438401K->378948K(572928K), 0.0016442 secs] [Times: user=0.01 sys=0.00, real=0.00 secs] 
1482.609: [GC (Allocation Failure) [PSYoungGen: 60912K->1376K(61440K)] 438340K->378804K(572928K), 0.0024758 secs] [Times: user=0.01 sys=0.00, real=0.00 secs] 
1482.891: [GC (Allocation Failure) [PSYoungGen: 60768K->1376K(61440K)] 438196K->378804K(572928K), 0.0020538 secs] [Times: user=0.00 sys=0.00, real=0.01 secs] 
1483.138: [GC (Allocation Failure) [PSYoungGen: 60768K->1376K(61440K)] 438196K->378804K(572928K), 0.0019348 secs] [Times: user=0.00 sys=0.00, real=0.00 secs] 
1483.756: [GC (Allocation Failure) [PSYoungGen: 60768K->1376K(61440K)] 438196K->378804K(572928K), 0.0022803 secs] [Times: user=0.01 sys=0.00, real=0.00 secs] 
1484.320: [GC (Allocation Failure) [PSYoungGen: 60768K->1344K(61440K)] 438196K->378772K(572928K), 0.0024507 secs] [Times: user=0.01 sys=0.00, real=0.01 secs] 
1484.797: [GC (Allocation Failure) [PSYoungGen: 60736K->1485K(61440K)] 438164K->378913K(572928K), 0.0016404 secs] [Times: user=0.01 sys=0.00, real=0.00 secs] 
1485.142: [GC (Allocation Failure) [PSYoungGen: 60877K->1581K(61440K)] 438305K->379025K(572928K), 0.0016005 secs] [Times: user=0.01 sys=0.00, real=0.00 secs] 
1485.489: [GC (Allocation Failure) [PSYoungGen: 60973K->1549K(61440K)] 438417K->378993K(572928K), 0.0015935 secs] [Times: user=0.01 sys=0.00, real=0.00 secs] 
1485.835: [GC (Allocation Failure) [PSYoungGen: 60941K->1549K(61440K)] 438385K->378993K(572928K), 0.0015979 secs] [Times: user=0.00 sys=0.00, real=0.00 secs] 
1486.605: [GC (Allocation Failure) [PSYoungGen: 60941K->1376K(61440K)] 438385K->378844K(572928K), 0.0028480 secs] [Times: user=0.01 sys=0.01, real=0.00 secs] 
1486.983: [GC (Allocation Failure) [PSYoungGen: 60768K->1360K(61440K)] 438236K->378828K(572928K), 0.0017696 secs] [Times: user=0.01 sys=0.00, real=0.00 secs] 
1487.449: [GC (Allocation Failure) [PSYoungGen: 60752K->1376K(61440K)] 438220K->378844K(572928K), 0.0021913 secs] [Times: user=0.01 sys=0.00, real=0.00 secs] 
1487.909: [GC (Allocation Failure) [PSYoungGen: 60768K->1344K(61440K)] 438236K->378812K(572928K), 0.0022288 secs] [Times: user=0.01 sys=0.00, real=0.00 secs] 
1488.389: [GC (Allocation Failure) [PSYoungGen: 60736K->1437K(61440K)] 438204K->378905K(572928K), 0.0020838 secs] [Times: user=0.01 sys=0.00, real=0.00 secs] 
1488.853: [GC (Allocation Failure) [PSYoungGen: 60829K->1552K(61440K)] 438297K->379020K(572928K), 0.0016466 secs] [Times: user=0.00 sys=0.00, real=0.00 secs] 
1489.260: [GC (Allocation Failure) [PSYoungGen: 60944K->1488K(61440K)] 438412K->378972K(572928K), 0.0016709 secs] [Times: user=0.00 sys=0.00, real=0.01 secs] 
1489.668: [GC (Allocation Failure) [PSYoungGen: 60880K->1517K(61440K)] 438364K->379001K(572928K), 0.0016718 secs] [Times: user=0.00 sys=0.00, real=0.00 secs] 
1490.012: [GC (Allocation Failure) [PSYoungGen: 60909K->1517K(61440K)] 438393K->379001K(572928K), 0.0016037 secs] [Times: user=0.01 sys=0.00, real=0.01 secs] 
1490.318: [GC (Allocation Failure) [PSYoungGen: 60909K->1360K(61440K)] 438393K->378844K(572928K), 0.0021650 secs] [Times: user=0.01 sys=0.00, real=0.00 secs] 
1490.703: [GC (Allocation Failure) [PSYoungGen: 60752K->1376K(61440K)] 438236K->378860K(572928K), 0.0018652 secs] [Times: user=0.01 sys=0.00, real=0.00 secs] 
1491.195: [GC (Allocation Failure) [PSYoungGen: 60768K->1344K(61440K)] 438252K->378828K(572928K), 0.0019043 secs] [Times: user=0.01 sys=0.00, real=0.00 secs] 
1491.685: [GC (Allocation Failure) [PSYoungGen: 60736K->1392K(61440K)] 438220K->378876K(572928K), 0.0018239 secs] [Times: user=0.00 sys=0.00, real=0.00 secs] 
1492.239: [GC (Allocation Failure) [PSYoungGen: 60784K->1424K(61440K)] 438268K->378908K(572928K), 0.0014999 secs] [Times: user=0.01 sys=0.00, real=0.00 secs] 
1492.584: [GC (Allocation Failure) [PSYoungGen: 60812K->1552K(61440K)] 438296K->379036K(572928K), 0.0017125 secs] [Times: user=0.01 sys=0.00, real=0.00 secs] 
1492.931: [GC (Allocation Failure) [PSYoungGen: 60944K->1584K(61440K)] 438428K->379076K(572928K), 0.0016882 secs] [Times: user=0.01 sys=0.00, real=0.01 secs] 
1493.278: [GC (Allocation Failure) [PSYoungGen: 60976K->1485K(61440K)] 438468K->378977K(572928K), 0.0016150 secs] [Times: user=0.01 sys=0.00, real=0.00 secs] 
1493.701: [GC (Allocation Failure) [PSYoungGen: 60877K->1984K(61440K)] 438369K->379476K(572928K), 0.0018807 secs] [Times: user=0.01 sys=0.00, real=0.01 secs] 
1493.966: [GC (Allocation Failure) [PSYoungGen: 61376K->1328K(61440K)] 438868K->378820K(572928K), 0.0019163 secs] [Times: user=0.00 sys=0.00, real=0.00 secs] 
1494.213: [GC (Allocation Failure) [PSYoungGen: 60720K->1344K(61440K)] 438212K->378836K(572928K), 0.0019815 secs] [Times: user=0.00 sys=0.00, real=0.00 secs] 
1494.463: [GC (Allocation Failure) [PSYoungGen: 60736K->1376K(61440K)] 438228K->378868K(572928K), 0.0020982 secs] [Times: user=0.01 sys=0.00, real=0.00 secs] 
1494.710: [GC (Allocation Failure) [PSYoungGen: 60768K->1312K(61440K)] 438260K->378828K(572928K), 0.0020637 secs] [Times: user=0.01 sys=0.00, real=0.01 secs] 
1495.080: [GC (Allocation Failure) [PSYoungGen: 60704K->1453K(61440K)] 438220K->378969K(572928K), 0.0020734 secs] [Times: user=0.01 sys=0.00, real=0.01 secs] 
1495.449: [GC (Allocation Failure) [PSYoungGen: 60845K->1517K(61440K)] 438361K->379033K(572928K), 0.0016009 secs] [Times: user=0.01 sys=0.00, real=0.00 secs] 
1495.795: [GC (Allocation Failure) [PSYoungGen: 60909K->1549K(61440K)] 438425K->379081K(572928K), 0.0015964 secs] [Times: user=0.01 sys=0.00, real=0.00 secs] 
1496.141: [GC (Allocation Failure) [PSYoungGen: 60941K->1517K(61440K)] 438473K->379049K(572928K), 0.0015922 secs] [Times: user=0.01 sys=0.00, real=0.01 secs] 
1496.505: [GC (Allocation Failure) [PSYoungGen: 60909K->1472K(61440K)] 438441K->379004K(572928K), 0.0020527 secs] [Times: user=0.00 sys=0.00, real=0.00 secs] 
1496.791: [GC (Allocation Failure) [PSYoungGen: 60864K->1344K(61440K)] 438396K->378876K(572928K), 0.0020709 secs] [Times: user=0.01 sys=0.00, real=0.01 secs] 
1497.160: [GC (Allocation Failure) [PSYoungGen: 60736K->1376K(61440K)] 438268K->378916K(572928K), 0.0019231 secs] [Times: user=0.01 sys=0.00, real=0.01 secs] 
1497.595: [GC (Allocation Failure) [PSYoungGen: 60768K->1376K(61440K)] 438308K->378916K(572928K), 0.0018972 secs] [Times: user=0.01 sys=0.00, real=0.00 secs] 
1498.040: [GC (Allocation Failure) [PSYoungGen: 60768K->1312K(61440K)] 438308K->378852K(572928K), 0.0019677 secs] [Times: user=0.00 sys=0.00, real=0.01 secs] 
1498.582: [GC (Allocation Failure) [PSYoungGen: 60687K->1488K(61440K)] 438227K->379028K(572928K), 0.0015436 secs] [Times: user=0.01 sys=0.00, real=0.01 secs] 
1498.927: [GC (Allocation Failure) [PSYoungGen: 60880K->1485K(61440K)] 438420K->379033K(572928K), 0.0016057 secs] [Times: user=0.01 sys=0.00, real=0.00 secs] 
1499.270: [GC (Allocation Failure) [PSYoungGen: 60877K->1597K(61440K)] 438425K->379145K(572928K), 0.0016376 secs] [Times: user=0.01 sys=0.00, real=0.01 secs] 
1499.615: [GC (Allocation Failure) [PSYoungGen: 60989K->1549K(61440K)] 438537K->379097K(572928K), 0.0016038 secs] [Times: user=0.00 sys=0.00, real=0.00 secs] 
1500.085: [GC (Allocation Failure) [PSYoungGen: 60941K->1440K(61440K)] 438489K->378988K(572928K), 0.0032545 secs] [Times: user=0.01 sys=0.00, real=0.00 secs] 
1500.616: [GC (Allocation Failure) [PSYoungGen: 60832K->1344K(61440K)] 438380K->378892K(572928K), 0.0028859 secs] [Times: user=0.01 sys=0.00, real=0.00 secs] 
1501.119: [GC (Allocation Failure) [PSYoungGen: 60736K->1344K(61440K)] 438284K->378892K(572928K), 0.0028363 secs] [Times: user=0.02 sys=0.00, real=0.00 secs] 
1501.498: [GC (Allocation Failure) [PSYoungGen: 60736K->1344K(61440K)] 438284K->378892K(572928K), 0.0020500 secs] [Times: user=0.01 sys=0.00, real=0.00 secs] 
1501.941: [GC (Allocation Failure) [PSYoungGen: 60736K->1344K(61440K)] 438284K->378892K(572928K), 0.0018718 secs] [Times: user=0.01 sys=0.00, real=0.01 secs] 
1502.423: [GC (Allocation Failure) [PSYoungGen: 60712K->1488K(61440K)] 438261K->379036K(572928K), 0.0015472 secs] [Times: user=0.01 sys=0.00, real=0.00 secs] 
1502.770: [GC (Allocation Failure) [PSYoungGen: 60880K->1581K(61440K)] 438428K->379137K(572928K), 0.0017625 secs] [Times: user=0.01 sys=0.00, real=0.01 secs] 
1503.114: [GC (Allocation Failure) [PSYoungGen: 60973K->1565K(61440K)] 438529K->379121K(572928K), 0.0016492 secs] [Times: user=0.01 sys=0.00, real=0.00 secs] 
1503.461: [GC (Allocation Failure) [PSYoungGen: 60957K->1517K(61440K)] 438513K->379073K(572928K), 0.0016644 secs] [Times: user=0.01 sys=0.00, real=0.01 secs] 
1504.749: [GC (Allocation Failure) [PSYoungGen: 60909K->1424K(61440K)] 438465K->378980K(572928K), 0.0049434 secs] [Times: user=0.02 sys=0.00, real=0.01 secs] 
1505.235: [GC (Allocation Failure) [PSYoungGen: 60816K->1344K(61440K)] 438372K->378900K(572928K), 0.0023471 secs] [Times: user=0.01 sys=0.00, real=0.00 secs] 
1505.702: [GC (Allocation Failure) [PSYoungGen: 60736K->1376K(61440K)] 438292K->378932K(572928K), 0.0021903 secs] [Times: user=0.00 sys=0.00, real=0.01 secs] 
1505.949: [GC (Allocation Failure) [PSYoungGen: 60768K->1376K(61440K)] 438324K->378932K(572928K), 0.0018734 secs] [Times: user=0.01 sys=0.00, real=0.00 secs] 
1506.259: [GC (Allocation Failure) [PSYoungGen: 60768K->1312K(61440K)] 438324K->378884K(572928K), 0.0019867 secs] [Times: user=0.00 sys=0.00, real=0.00 secs] 
1506.724: [GC (Allocation Failure) [PSYoungGen: 60682K->1520K(61440K)] 438254K->379092K(572928K), 0.0019508 secs] [Times: user=0.00 sys=0.00, real=0.00 secs] 
1507.071: [GC (Allocation Failure) [PSYoungGen: 60912K->1485K(61440K)] 438484K->379065K(572928K), 0.0016261 secs] [Times: user=0.00 sys=0.00, real=0.01 secs] 
1507.414: [GC (Allocation Failure) [PSYoungGen: 60875K->1517K(61440K)] 438455K->379097K(572928K), 0.0016539 secs] [Times: user=0.01 sys=0.00, real=0.00 secs] 
1507.763: [GC (Allocation Failure) [PSYoungGen: 60909K->1485K(61440K)] 438489K->379065K(572928K), 0.0015599 secs] [Times: user=0.01 sys=0.00, real=0.00 secs] 
1509.162: [GC (Allocation Failure) [PSYoungGen: 60877K->1360K(61440K)] 438457K->378940K(572928K), 0.0042798 secs] [Times: user=0.02 sys=0.00, real=0.01 secs] 
1509.821: [GC (Allocation Failure) [PSYoungGen: 60752K->1376K(61440K)] 438332K->378956K(572928K), 0.0030919 secs] [Times: user=0.01 sys=0.00, real=0.01 secs] 
1510.335: [GC (Allocation Failure) [PSYoungGen: 60768K->1376K(61440K)] 438348K->378956K(572928K), 0.0029712 secs] [Times: user=0.01 sys=0.00, real=0.00 secs] 
1510.734: [GC (Allocation Failure) [PSYoungGen: 60768K->1408K(61440K)] 438348K->378988K(572928K), 0.0020069 secs] [Times: user=0.01 sys=0.00, real=0.00 secs] 
1511.033: [GC (Allocation Failure) [PSYoungGen: 60800K->1469K(61440K)] 438380K->379049K(572928K), 0.0019928 secs] [Times: user=0.01 sys=0.00, real=0.00 secs] 
1511.395: [GC (Allocation Failure) [PSYoungGen: 60861K->1517K(61440K)] 438441K->379097K(572928K), 0.0015813 secs] [Times: user=0.01 sys=0.00, real=0.00 secs] 
1511.739: [GC (Allocation Failure) [PSYoungGen: 60909K->1520K(61440K)] 438489K->379108K(572928K), 0.0018415 secs] [Times: user=0.01 sys=0.00, real=0.00 secs] 
1512.143: [GC (Allocation Failure) [PSYoungGen: 60912K->1549K(61440K)] 438500K->379137K(572928K), 0.0016019 secs] [Times: user=0.01 sys=0.00, real=0.00 secs] 
1512.547: [GC (Allocation Failure) [PSYoungGen: 60941K->1520K(61440K)] 438529K->379108K(572928K), 0.0016407 secs] [Times: user=0.00 sys=0.00, real=0.00 secs] 
1513.179: [GC (Allocation Failure) [PSYoungGen: 60912K->1376K(61440K)] 438500K->378964K(572928K), 0.0031138 secs] [Times: user=0.01 sys=0.00, real=0.01 secs] 
1513.767: [GC (Allocation Failure) [PSYoungGen: 60768K->1344K(61440K)] 438356K->378932K(572928K), 0.0027772 secs] [Times: user=0.01 sys=0.00, real=0.00 secs] 
1514.264: [GC (Allocation Failure) [PSYoungGen: 60736K->1344K(61440K)] 438324K->378932K(572928K), 0.0025503 secs] [Times: user=0.01 sys=0.00, real=0.00 secs] 
1514.693: [GC (Allocation Failure) [PSYoungGen: 60736K->1376K(61440K)] 438324K->378964K(572928K), 0.0021880 secs] [Times: user=0.01 sys=0.00, real=0.00 secs] 
1515.043: [GC (Allocation Failure) [PSYoungGen: 60768K->1469K(61440K)] 438356K->379057K(572928K), 0.0016062 secs] [Times: user=0.01 sys=0.00, real=0.00 secs] 
1515.448: [GC (Allocation Failure) [PSYoungGen: 60861K->1584K(61440K)] 438449K->379172K(572928K), 0.0016341 secs] [Times: user=0.00 sys=0.00, real=0.00 secs] 
1515.793: [GC (Allocation Failure) [PSYoungGen: 60976K->1549K(61440K)] 438564K->379161K(572928K), 0.0015832 secs] [Times: user=0.01 sys=0.00, real=0.00 secs] 
1516.139: [GC (Allocation Failure) [PSYoungGen: 60941K->1485K(61440K)] 438553K->379097K(572928K), 0.0016140 secs] [Times: user=0.01 sys=0.00, real=0.00 secs] 
1516.542: [GC (Allocation Failure) [PSYoungGen: 60877K->1600K(61440K)] 438489K->379212K(572928K), 0.0018165 secs] [Times: user=0.01 sys=0.00, real=0.00 secs] 
1517.046: [GC (Allocation Failure) [PSYoungGen: 60992K->1376K(61440K)] 438604K->378988K(572928K), 0.0026706 secs] [Times: user=0.01 sys=0.00, real=0.00 secs] 
1517.577: [GC (Allocation Failure) [PSYoungGen: 60768K->1344K(61440K)] 438380K->378956K(572928K), 0.0025030 secs] [Times: user=0.01 sys=0.00, real=0.00 secs] 
1518.065: [GC (Allocation Failure) [PSYoungGen: 60736K->1344K(61440K)] 438348K->378956K(572928K), 0.0025325 secs] [Times: user=0.02 sys=0.00, real=0.00 secs] 
1518.541: [GC (Allocation Failure) [PSYoungGen: 60736K->1376K(61440K)] 438348K->378988K(572928K), 0.0028958 secs] [Times: user=0.01 sys=0.00, real=0.01 secs] 
1518.966: [GC (Allocation Failure) [PSYoungGen: 60768K->1421K(61440K)] 438380K->379033K(572928K), 0.0016544 secs] [Times: user=0.01 sys=0.00, real=0.00 secs] 
1519.312: [GC (Allocation Failure) [PSYoungGen: 60813K->1520K(61440K)] 438425K->379132K(572928K), 0.0016058 secs] [Times: user=0.01 sys=0.00, real=0.00 secs] 
1519.664: [GC (Allocation Failure) [PSYoungGen: 60912K->1520K(61440K)] 438524K->379140K(572928K), 0.0017208 secs] [Times: user=0.00 sys=0.00, real=0.00 secs] 
1520.009: [GC (Allocation Failure) [PSYoungGen: 60912K->1520K(61440K)] 438532K->379140K(572928K), 0.0017561 secs] [Times: user=0.01 sys=0.00, real=0.00 secs] 
1520.548: [GC (Allocation Failure) [PSYoungGen: 60912K->1472K(61440K)] 438532K->379092K(572928K), 0.0023878 secs] [Times: user=0.01 sys=0.00, real=0.00 secs] 
1521.447: [GC (Allocation Failure) [PSYoungGen: 60864K->1376K(61440K)] 438484K->378996K(572928K), 0.0023815 secs] [Times: user=0.01 sys=0.00, real=0.00 secs] 
1522.406: [GC (Allocation Failure) [PSYoungGen: 60768K->1376K(61440K)] 438388K->378996K(572928K), 0.0026721 secs] [Times: user=0.01 sys=0.00, real=0.00 secs] 
1523.336: [GC (Allocation Failure) [PSYoungGen: 60768K->1376K(61440K)] 438388K->378996K(572928K), 0.0026488 secs] [Times: user=0.01 sys=0.01, real=0.00 secs] 
1524.076: [GC (Allocation Failure) [PSYoungGen: 60768K->1376K(61440K)] 438388K->378996K(572928K), 0.0043783 secs] [Times: user=0.02 sys=0.00, real=0.00 secs] 
1524.759: [GC (Allocation Failure) [PSYoungGen: 60747K->1485K(61440K)] 438368K->379105K(572928K), 0.0016313 secs] [Times: user=0.01 sys=0.00, real=0.00 secs] 
1525.104: [GC (Allocation Failure) [PSYoungGen: 60877K->1549K(61440K)] 438497K->379177K(572928K), 0.0016287 secs] [Times: user=0.01 sys=0.00, real=0.00 secs] 
1525.449: [GC (Allocation Failure) [PSYoungGen: 60941K->1552K(61440K)] 438569K->379180K(572928K), 0.0016315 secs] [Times: user=0.00 sys=0.00, real=0.00 secs] 
1525.794: [GC (Allocation Failure) [PSYoungGen: 60944K->1581K(61440K)] 438572K->379209K(572928K), 0.0016409 secs] [Times: user=0.01 sys=0.00, real=0.00 secs] 
1526.317: [GC (Allocation Failure) [PSYoungGen: 60973K->1408K(61440K)] 438601K->379036K(572928K), 0.0019587 secs] [Times: user=0.01 sys=0.00, real=0.00 secs] 
1526.600: [GC (Allocation Failure) [PSYoungGen: 60800K->1344K(61440K)] 438428K->378972K(572928K), 0.0021786 secs] [Times: user=0.01 sys=0.00, real=0.00 secs] 
1526.847: [GC (Allocation Failure) [PSYoungGen: 60736K->1376K(61440K)] 438364K->379004K(572928K), 0.0022480 secs] [Times: user=0.01 sys=0.00, real=0.00 secs] 
1527.095: [GC (Allocation Failure) [PSYoungGen: 60768K->1344K(61440K)] 438396K->378996K(572928K), 0.0024052 secs] [Times: user=0.01 sys=0.00, real=0.00 secs] 
1527.391: [GC (Allocation Failure) [PSYoungGen: 60736K->1408K(61440K)] 438388K->379060K(572928K), 0.0020346 secs] [Times: user=0.01 sys=0.00, real=0.01 secs] 
1527.735: [GC (Allocation Failure) [PSYoungGen: 60800K->1517K(61440K)] 438452K->379169K(572928K), 0.0016345 secs] [Times: user=0.01 sys=0.00, real=0.00 secs] 
1528.082: [GC (Allocation Failure) [PSYoungGen: 60909K->1517K(61440K)] 438561K->379177K(572928K), 0.0015828 secs] [Times: user=0.01 sys=0.00, real=0.00 secs] 
1528.427: [GC (Allocation Failure) [PSYoungGen: 60909K->1549K(61440K)] 438569K->379209K(572928K), 0.0016203 secs] [Times: user=0.00 sys=0.00, real=0.00 secs] 
1528.776: [GC (Allocation Failure) [PSYoungGen: 60941K->1520K(61440K)] 438601K->379180K(572928K), 0.0015476 secs] [Times: user=0.01 sys=0.00, real=0.00 secs] 
1529.109: [GC (Allocation Failure) [PSYoungGen: 60912K->1440K(61440K)] 438572K->379100K(572928K), 0.0018932 secs] [Times: user=0.01 sys=0.00, real=0.00 secs] 
1529.356: [GC (Allocation Failure) [PSYoungGen: 60832K->1344K(61440K)] 438492K->379004K(572928K), 0.0017963 secs] [Times: user=0.00 sys=0.00, real=0.00 secs] 
1529.603: [GC (Allocation Failure) [PSYoungGen: 60736K->1408K(61440K)] 438396K->379068K(572928K), 0.0018271 secs] [Times: user=0.01 sys=0.00, real=0.00 secs] 
1529.849: [GC (Allocation Failure) [PSYoungGen: 60800K->1344K(61440K)] 438460K->379004K(572928K), 0.0017472 secs] [Times: user=0.01 sys=0.00, real=0.00 secs] 
1530.108: [GC (Allocation Failure) [PSYoungGen: 60736K->1312K(61440K)] 438396K->378972K(572928K), 0.0017504 secs] [Times: user=0.01 sys=0.00, real=0.00 secs] 
1530.478: [GC (Allocation Failure) [PSYoungGen: 60704K->1520K(61440K)] 438364K->379180K(572928K), 0.0015754 secs] [Times: user=0.01 sys=0.00, real=0.00 secs] 
1530.823: [GC (Allocation Failure) [PSYoungGen: 60912K->1549K(61440K)] 438572K->379225K(572928K), 0.0015897 secs] [Times: user=0.01 sys=0.00, real=0.00 secs] 
1531.167: [GC (Allocation Failure) [PSYoungGen: 60941K->1597K(61440K)] 438617K->379273K(572928K), 0.0016212 secs] [Times: user=0.01 sys=0.00, real=0.00 secs] 
1531.513: [GC (Allocation Failure) [PSYoungGen: 60989K->1520K(61440K)] 438665K->379196K(572928K), 0.0016761 secs] [Times: user=0.00 sys=0.00, real=0.00 secs] 
1531.873: [GC (Allocation Failure) [PSYoungGen: 60912K->1440K(61440K)] 438588K->379116K(572928K), 0.0018473 secs] [Times: user=0.01 sys=0.00, real=0.00 secs] 
1532.127: [GC (Allocation Failure) [PSYoungGen: 60832K->1376K(61440K)] 438508K->379052K(572928K), 0.0017962 secs] [Times: user=0.01 sys=0.00, real=0.00 secs] 
1532.373: [GC (Allocation Failure) [PSYoungGen: 60768K->1312K(61440K)] 438444K->378988K(572928K), 0.0017786 secs] [Times: user=0.00 sys=0.00, real=0.00 secs] 
1532.693: [GC (Allocation Failure) [PSYoungGen: 60704K->1376K(61440K)] 438380K->379052K(572928K), 0.0036929 secs] [Times: user=0.02 sys=0.00, real=0.00 secs] 
1533.163: [GC (Allocation Failure) [PSYoungGen: 60768K->1376K(61440K)] 438444K->379052K(572928K), 0.0022689 secs] [Times: user=0.01 sys=0.00, real=0.00 secs] 
1533.555: [GC (Allocation Failure) [PSYoungGen: 60768K->1517K(61440K)] 438444K->379193K(572928K), 0.0016182 secs] [Times: user=0.01 sys=0.00, real=0.00 secs] 
1533.962: [GC (Allocation Failure) [PSYoungGen: 60900K->1552K(61440K)] 438576K->379236K(572928K), 0.0016719 secs] [Times: user=0.01 sys=0.00, real=0.01 secs] 
1534.312: [GC (Allocation Failure) [PSYoungGen: 60944K->1485K(61440K)] 438628K->379169K(572928K), 0.0016365 secs] [Times: user=0.01 sys=0.00, real=0.00 secs] 
1534.722: [GC (Allocation Failure) [PSYoungGen: 60877K->1517K(61440K)] 438561K->379201K(572928K), 0.0019208 secs] [Times: user=0.01 sys=0.00, real=0.01 secs] 
1535.130: [GC (Allocation Failure) [PSYoungGen: 60909K->1408K(61440K)] 438593K->379092K(572928K), 0.0029672 secs] [Times: user=0.01 sys=0.01, real=0.01 secs] 
1535.434: [GC (Allocation Failure) [PSYoungGen: 60800K->1312K(61440K)] 438484K->378996K(572928K), 0.0020244 secs] [Times: user=0.01 sys=0.00, real=0.00 secs] 
1535.700: [GC (Allocation Failure) [PSYoungGen: 60704K->1360K(61440K)] 438388K->379044K(572928K), 0.0022569 secs] [Times: user=0.01 sys=0.00, real=0.01 secs] 
1535.948: [GC (Allocation Failure) [PSYoungGen: 60752K->1312K(61440K)] 438436K->378996K(572928K), 0.0018923 secs] [Times: user=0.00 sys=0.00, real=0.00 secs] 
1536.240: [GC (Allocation Failure) [PSYoungGen: 60704K->1469K(61440K)] 438388K->379153K(572928K), 0.0015483 secs] [Times: user=0.01 sys=0.00, real=0.00 secs] 
1536.584: [GC (Allocation Failure) [PSYoungGen: 60861K->1517K(61440K)] 438545K->379201K(572928K), 0.0015989 secs] [Times: user=0.01 sys=0.00, real=0.00 secs] 
1536.928: [GC (Allocation Failure) [PSYoungGen: 60909K->1549K(61440K)] 438593K->379241K(572928K), 0.0015916 secs] [Times: user=0.00 sys=0.00, real=0.00 secs] 
1537.271: [GC (Allocation Failure) [PSYoungGen: 60941K->1517K(61440K)] 438633K->379209K(572928K), 0.0015597 secs] [Times: user=0.01 sys=0.00, real=0.01 secs] 
1537.674: [GC (Allocation Failure) [PSYoungGen: 60909K->288K(61440K)] 438601K->377980K(572928K), 0.0014640 secs] [Times: user=0.00 sys=0.00, real=0.00 secs] 
1538.206: [GC (Allocation Failure) [PSYoungGen: 59680K->1376K(61440K)] 437372K->379068K(572928K), 0.0022592 secs] [Times: user=0.01 sys=0.00, real=0.00 secs] 
1538.512: [GC (Allocation Failure) [PSYoungGen: 60768K->1376K(61440K)] 438460K->379068K(572928K), 0.0020365 secs] [Times: user=0.01 sys=0.00, real=0.00 secs] 
1538.790: [GC (Allocation Failure) [PSYoungGen: 60768K->1376K(61440K)] 438460K->379068K(572928K), 0.0019904 secs] [Times: user=0.00 sys=0.00, real=0.01 secs] 
1539.037: [GC (Allocation Failure) [PSYoungGen: 60768K->1344K(61440K)] 438460K->379036K(572928K), 0.0018896 secs] [Times: user=0.00 sys=0.00, real=0.00 secs] 
1539.340: [GC (Allocation Failure) [PSYoungGen: 60736K->1440K(61440K)] 438428K->379132K(572928K), 0.0015505 secs] [Times: user=0.01 sys=0.00, real=0.00 secs] 
1539.687: [GC (Allocation Failure) [PSYoungGen: 60832K->1517K(61440K)] 438524K->379209K(572928K), 0.0016948 secs] [Times: user=0.00 sys=0.00, real=0.00 secs] 
1540.032: [GC (Allocation Failure) [PSYoungGen: 60909K->1517K(61440K)] 438601K->379225K(572928K), 0.0016361 secs] [Times: user=0.01 sys=0.00, real=0.00 secs] 
1540.378: [GC (Allocation Failure) [PSYoungGen: 60909K->1533K(61440K)] 438617K->379241K(572928K), 0.0016148 secs] [Times: user=0.00 sys=0.00, real=0.00 secs] 
1540.856: [GC (Allocation Failure) [PSYoungGen: 60925K->1440K(61440K)] 438633K->379148K(572928K), 0.0018748 secs] [Times: user=0.01 sys=0.00, real=0.00 secs] 
1541.316: [GC (Allocation Failure) [PSYoungGen: 60832K->1376K(61440K)] 438540K->379084K(572928K), 0.0018785 secs] [Times: user=0.00 sys=0.00, real=0.00 secs] 
1541.806: [GC (Allocation Failure) [PSYoungGen: 60768K->1344K(61440K)] 438476K->379052K(572928K), 0.0019451 secs] [Times: user=0.01 sys=0.00, real=0.00 secs] 
1542.401: [GC (Allocation Failure) [PSYoungGen: 60736K->1312K(61440K)] 438444K->379020K(572928K), 0.0019541 secs] [Times: user=0.01 sys=0.00, real=0.01 secs] 
1542.906: [GC (Allocation Failure) [PSYoungGen: 60704K->1408K(61440K)] 438412K->379116K(572928K), 0.0022508 secs] [Times: user=0.01 sys=0.00, real=0.00 secs] 
1543.451: [GC (Allocation Failure) [PSYoungGen: 60783K->1485K(61440K)] 438492K->379193K(572928K), 0.0016152 secs] [Times: user=0.00 sys=0.00, real=0.01 secs] 
1543.868: [GC (Allocation Failure) [PSYoungGen: 60877K->1552K(61440K)] 438585K->379268K(572928K), 0.0016600 secs] [Times: user=0.00 sys=0.00, real=0.00 secs] 
1544.212: [GC (Allocation Failure) [PSYoungGen: 60944K->1517K(61440K)] 438660K->379241K(572928K), 0.0016812 secs] [Times: user=0.01 sys=0.00, real=0.00 secs] 
1544.557: [GC (Allocation Failure) [PSYoungGen: 60909K->1581K(61440K)] 438633K->379305K(572928K), 0.0019675 secs] [Times: user=0.01 sys=0.00, real=0.00 secs] 
1544.869: [GC (Allocation Failure) [PSYoungGen: 60973K->1440K(61440K)] 438697K->379164K(572928K), 0.0018978 secs] [Times: user=0.01 sys=0.00, real=0.00 secs] 
1545.117: [GC (Allocation Failure) [PSYoungGen: 60832K->1344K(61440K)] 438556K->379076K(572928K), 0.0022230 secs] [Times: user=0.01 sys=0.00, real=0.00 secs] 
1545.443: [GC (Allocation Failure) [PSYoungGen: 60736K->1344K(61440K)] 438468K->379076K(572928K), 0.0020650 secs] [Times: user=0.00 sys=0.00, real=0.00 secs] 
1545.895: [GC (Allocation Failure) [PSYoungGen: 60736K->1376K(61440K)] 438468K->379108K(572928K), 0.0025778 secs] [Times: user=0.01 sys=0.00, real=0.00 secs] 
1546.360: [GC (Allocation Failure) [PSYoungGen: 60768K->1360K(61440K)] 438500K->379092K(572928K), 0.0026709 secs] [Times: user=0.01 sys=0.00, real=0.01 secs] 
1546.850: [GC (Allocation Failure) [PSYoungGen: 60736K->1440K(61440K)] 438468K->379172K(572928K), 0.0017240 secs] [Times: user=0.01 sys=0.00, real=0.00 secs] 
1547.195: [GC (Allocation Failure) [PSYoungGen: 60832K->1565K(61440K)] 438564K->379313K(572928K), 0.0016687 secs] [Times: user=0.00 sys=0.00, real=0.00 secs] 
1547.540: [GC (Allocation Failure) [PSYoungGen: 60957K->1517K(61440K)] 438705K->379265K(572928K), 0.0016219 secs] [Times: user=0.01 sys=0.00, real=0.00 secs] 
1547.885: [GC (Allocation Failure) [PSYoungGen: 60909K->1549K(61440K)] 438657K->379297K(572928K), 0.0016010 secs] [Times: user=0.01 sys=0.00, real=0.00 secs] 
1548.180: [GC (Allocation Failure) [PSYoungGen: 60941K->1456K(61440K)] 438689K->379204K(572928K), 0.0016161 secs] [Times: user=0.00 sys=0.00, real=0.00 secs] 
1548.426: [GC (Allocation Failure) [PSYoungGen: 60848K->1376K(61440K)] 438596K->379124K(572928K), 0.0014790 secs] [Times: user=0.00 sys=0.00, real=0.00 secs] 
1548.707: [GC (Allocation Failure) [PSYoungGen: 60768K->1312K(61440K)] 438516K->379060K(572928K), 0.0015071 secs] [Times: user=0.00 sys=0.00, real=0.00 secs] 
1549.037: [GC (Allocation Failure) [PSYoungGen: 60704K->1344K(61440K)] 438452K->379092K(572928K), 0.0034471 secs] [Times: user=0.01 sys=0.00, real=0.00 secs] 
1549.446: [GC (Allocation Failure) [PSYoungGen: 60736K->1376K(61440K)] 438484K->379124K(572928K), 0.0028028 secs] [Times: user=0.01 sys=0.00, real=0.00 secs] 
1549.934: [GC (Allocation Failure) [PSYoungGen: 60744K->1488K(61440K)] 438492K->379244K(572928K), 0.0017357 secs] [Times: user=0.01 sys=0.00, real=0.00 secs] 
1550.280: [GC (Allocation Failure) [PSYoungGen: 60880K->1584K(61440K)] 438636K->379348K(572928K), 0.0016563 secs] [Times: user=0.01 sys=0.00, real=0.01 secs] 
1550.683: [GC (Allocation Failure) [PSYoungGen: 60947K->1485K(61440K)] 438711K->379249K(572928K), 0.0015987 secs] [Times: user=0.01 sys=0.00, real=0.00 secs] 
1551.028: [GC (Allocation Failure) [PSYoungGen: 60877K->1552K(61440K)] 438641K->379316K(572928K), 0.0016922 secs] [Times: user=0.01 sys=0.00, real=0.00 secs] 
1551.483: [GC (Allocation Failure) [PSYoungGen: 60944K->1408K(61440K)] 438708K->379172K(572928K), 0.0026785 secs] [Times: user=0.01 sys=0.00, real=0.00 secs] 
1551.943: [GC (Allocation Failure) [PSYoungGen: 60800K->1408K(61440K)] 438564K->379172K(572928K), 0.0025823 secs] [Times: user=0.01 sys=0.00, real=0.00 secs] 
1552.249: [GC (Allocation Failure) [PSYoungGen: 60800K->1408K(61440K)] 438564K->379172K(572928K), 0.0019984 secs] [Times: user=0.00 sys=0.00, real=0.00 secs] 
1552.495: [GC (Allocation Failure) [PSYoungGen: 60800K->1344K(61440K)] 438564K->379108K(572928K), 0.0020803 secs] [Times: user=0.01 sys=0.00, real=0.00 secs] 
1552.742: [GC (Allocation Failure) [PSYoungGen: 60736K->1408K(61440K)] 438500K->379172K(572928K), 0.0019232 secs] [Times: user=0.01 sys=0.00, real=0.00 secs] 
1553.114: [GC (Allocation Failure) [PSYoungGen: 60779K->1485K(61440K)] 438543K->379249K(572928K), 0.0015597 secs] [Times: user=0.01 sys=0.00, real=0.00 secs] 
1553.461: [GC (Allocation Failure) [PSYoungGen: 60877K->1549K(61440K)] 438641K->379321K(572928K), 0.0015878 secs] [Times: user=0.01 sys=0.00, real=0.01 secs] 
1553.808: [GC (Allocation Failure) [PSYoungGen: 60941K->1552K(61440K)] 438713K->379324K(572928K), 0.0015703 secs] [Times: user=0.01 sys=0.00, real=0.00 secs] 
1554.210: [GC (Allocation Failure) [PSYoungGen: 60944K->1552K(61440K)] 438716K->379324K(572928K), 0.0016320 secs] [Times: user=0.01 sys=0.00, real=0.01 secs] 
1555.281: [GC (Allocation Failure) [PSYoungGen: 60944K->1376K(61440K)] 438716K->379180K(572928K), 0.0035788 secs] [Times: user=0.01 sys=0.00, real=0.01 secs] 
1556.031: [GC (Allocation Failure) [PSYoungGen: 60768K->1344K(61440K)] 438572K->379148K(572928K), 0.0028975 secs] [Times: user=0.01 sys=0.00, real=0.01 secs] 
1556.843: [GC (Allocation Failure) [PSYoungGen: 60736K->1376K(61440K)] 438540K->379188K(572928K), 0.0031082 secs] [Times: user=0.01 sys=0.00, real=0.00 secs] 
1557.609: [GC (Allocation Failure) [PSYoungGen: 60768K->1344K(61440K)] 438580K->379156K(572928K), 0.0030076 secs] [Times: user=0.02 sys=0.00, real=0.01 secs] 
1558.579: [GC (Allocation Failure) [PSYoungGen: 60734K->1485K(61440K)] 438546K->379297K(572928K), 0.0052456 secs] [Times: user=0.02 sys=0.00, real=0.01 secs] 
1559.040: [GC (Allocation Failure) [PSYoungGen: 60877K->1552K(61440K)] 438689K->379364K(572928K), 0.0016597 secs] [Times: user=0.00 sys=0.00, real=0.01 secs] 
1559.446: [GC (Allocation Failure) [PSYoungGen: 60944K->1549K(61440K)] 438756K->379369K(572928K), 0.0016766 secs] [Times: user=0.01 sys=0.00, real=0.00 secs] 
1559.791: [GC (Allocation Failure) [PSYoungGen: 60941K->1584K(61440K)] 438761K->379404K(572928K), 0.0017012 secs] [Times: user=0.00 sys=0.00, real=0.01 secs] 
1560.136: [GC (Allocation Failure) [PSYoungGen: 60976K->1549K(61440K)] 438796K->379369K(572928K), 0.0016316 secs] [Times: user=0.01 sys=0.00, real=0.00 secs] 
1561.280: [GC (Allocation Failure) [PSYoungGen: 60941K->1376K(61440K)] 438761K->379196K(572928K), 0.0029276 secs] [Times: user=0.01 sys=0.00, real=0.01 secs] 
1561.729: [GC (Allocation Failure) [PSYoungGen: 60768K->1376K(61440K)] 438588K->379196K(572928K), 0.0020937 secs] [Times: user=0.01 sys=0.00, real=0.00 secs] 
1562.266: [GC (Allocation Failure) [PSYoungGen: 60768K->1344K(61440K)] 438588K->379164K(572928K), 0.0022916 secs] [Times: user=0.01 sys=0.00, real=0.00 secs] 
1562.798: [GC (Allocation Failure) [PSYoungGen: 60736K->1376K(61440K)] 438556K->379196K(572928K), 0.0023711 secs] [Times: user=0.01 sys=0.00, real=0.00 secs] 
1563.476: [GC (Allocation Failure) [PSYoungGen: 60742K->1405K(61440K)] 438562K->379225K(572928K), 0.0019839 secs] [Times: user=0.01 sys=0.00, real=0.00 secs] 
1563.851: [GC (Allocation Failure) [PSYoungGen: 60797K->1533K(61440K)] 438617K->379353K(572928K), 0.0015598 secs] [Times: user=0.01 sys=0.00, real=0.01 secs] 
1564.248: [GC (Allocation Failure) [PSYoungGen: 60925K->1584K(61440K)] 438745K->379412K(572928K), 0.0016948 secs] [Times: user=0.01 sys=0.00, real=0.00 secs] 
1564.650: [GC (Allocation Failure) [PSYoungGen: 60976K->1549K(61440K)] 438804K->379377K(572928K), 0.0016499 secs] [Times: user=0.01 sys=0.00, real=0.01 secs] 
1565.019: [GC (Allocation Failure) [PSYoungGen: 60941K->2016K(61440K)] 438769K->379844K(572928K), 0.0019313 secs] [Times: user=0.01 sys=0.00, real=0.00 secs] 
1565.502: [GC (Allocation Failure) [PSYoungGen: 61408K->1344K(61440K)] 439236K->379172K(572928K), 0.0025753 secs] [Times: user=0.02 sys=0.00, real=0.01 secs] 
1565.978: [GC (Allocation Failure) [PSYoungGen: 60736K->1408K(61440K)] 438564K->379236K(572928K), 0.0026477 secs] [Times: user=0.01 sys=0.00, real=0.00 secs] 
1566.261: [GC (Allocation Failure) [PSYoungGen: 60800K->1376K(61440K)] 438628K->379228K(572928K), 0.0019782 secs] [Times: user=0.01 sys=0.00, real=0.01 secs] 
1566.507: [GC (Allocation Failure) [PSYoungGen: 60768K->1360K(61440K)] 438620K->379212K(572928K), 0.0020701 secs] [Times: user=0.01 sys=0.00, real=0.00 secs] 
1566.819: [GC (Allocation Failure) [PSYoungGen: 60726K->1456K(61440K)] 438579K->379308K(572928K), 0.0015138 secs] [Times: user=0.01 sys=0.00, real=0.00 secs] 
1567.163: [GC (Allocation Failure) [PSYoungGen: 60848K->1549K(61440K)] 438700K->379401K(572928K), 0.0016242 secs] [Times: user=0.01 sys=0.00, real=0.00 secs] 
1567.509: [GC (Allocation Failure) [PSYoungGen: 60941K->1549K(61440K)] 438793K->379417K(572928K), 0.0015844 secs] [Times: user=0.01 sys=0.00, real=0.00 secs] 
1567.854: [GC (Allocation Failure) [PSYoungGen: 60941K->1549K(61440K)] 438809K->379417K(572928K), 0.0015695 secs] [Times: user=0.00 sys=0.00, real=0.00 secs] 
1568.285: [GC (Allocation Failure) [PSYoungGen: 60941K->1456K(61440K)] 438809K->379324K(572928K), 0.0019451 secs] [Times: user=0.01 sys=0.00, real=0.00 secs] 
1568.638: [GC (Allocation Failure) [PSYoungGen: 60848K->1344K(61440K)] 438716K->379212K(572928K), 0.0022689 secs] [Times: user=0.01 sys=0.00, real=0.00 secs] 
1568.908: [GC (Allocation Failure) [PSYoungGen: 60736K->1376K(61440K)] 438604K->379244K(572928K), 0.0019385 secs] [Times: user=0.00 sys=0.00, real=0.00 secs] 
1569.162: [GC (Allocation Failure) [PSYoungGen: 60768K->1376K(61440K)] 438636K->379244K(572928K), 0.0019936 secs] [Times: user=0.01 sys=0.00, real=0.00 secs] 
1569.433: [GC (Allocation Failure) [PSYoungGen: 60768K->1344K(61440K)] 438636K->379212K(572928K), 0.0018932 secs] [Times: user=0.01 sys=0.00, real=0.00 secs] 
1569.801: [GC (Allocation Failure) [PSYoungGen: 60715K->1485K(61440K)] 438583K->379353K(572928K), 0.0016748 secs] [Times: user=0.00 sys=0.00, real=0.01 secs] 
1570.146: [GC (Allocation Failure) [PSYoungGen: 60877K->1549K(61440K)] 438745K->379433K(572928K), 0.0015877 secs] [Times: user=0.01 sys=0.00, real=0.00 secs] 
1570.490: [GC (Allocation Failure) [PSYoungGen: 60941K->1549K(61440K)] 438825K->379433K(572928K), 0.0016355 secs] [Times: user=0.00 sys=0.00, real=0.00 secs] 
1570.835: [GC (Allocation Failure) [PSYoungGen: 60941K->1565K(61440K)] 438825K->379449K(572928K), 0.0015633 secs] [Times: user=0.01 sys=0.00, real=0.00 secs] 
1571.488: [GC (Allocation Failure) [PSYoungGen: 60957K->1488K(61440K)] 438841K->379372K(572928K), 0.0020759 secs] [Times: user=0.01 sys=0.00, real=0.00 secs] 
1572.051: [GC (Allocation Failure) [PSYoungGen: 60880K->1344K(61440K)] 438764K->379228K(572928K), 0.0019337 secs] [Times: user=0.00 sys=0.00, real=0.01 secs] 
1572.729: [GC (Allocation Failure) [PSYoungGen: 60736K->1376K(61440K)] 438620K->379260K(572928K), 0.0019571 secs] [Times: user=0.00 sys=0.00, real=0.00 secs] 
1573.412: [GC (Allocation Failure) [PSYoungGen: 60768K->1344K(61440K)] 438652K->379228K(572928K), 0.0026112 secs] [Times: user=0.01 sys=0.00, real=0.01 secs] 
1573.975: [GC (Allocation Failure) [PSYoungGen: 60736K->1376K(61440K)] 438620K->379260K(572928K), 0.0022249 secs] [Times: user=0.01 sys=0.00, real=0.00 secs] 
1574.552: [GC (Allocation Failure) [PSYoungGen: 60768K->1456K(61440K)] 438652K->379348K(572928K), 0.0017012 secs] [Times: user=0.01 sys=0.00, real=0.00 secs] 
1574.898: [GC (Allocation Failure) [PSYoungGen: 60848K->1488K(61440K)] 438740K->379388K(572928K), 0.0016290 secs] [Times: user=0.01 sys=0.00, real=0.00 secs] 
1575.245: [GC (Allocation Failure) [PSYoungGen: 60880K->1517K(61440K)] 438780K->379417K(572928K), 0.0015808 secs] [Times: user=0.01 sys=0.00, real=0.00 secs] 
1575.592: [GC (Allocation Failure) [PSYoungGen: 60909K->1581K(61440K)] 438809K->379481K(572928K), 0.0016268 secs] [Times: user=0.01 sys=0.00, real=0.00 secs] 
1576.030: [GC (Allocation Failure) [PSYoungGen: 60973K->1456K(61440K)] 438873K->379388K(572928K), 0.0017800 secs] [Times: user=0.00 sys=0.00, real=0.00 secs] 
1576.606: [GC (Allocation Failure) [PSYoungGen: 60848K->1376K(61440K)] 438780K->379308K(572928K), 0.0022132 secs] [Times: user=0.01 sys=0.00, real=0.00 secs] 
1577.105: [GC (Allocation Failure) [PSYoungGen: 60768K->1376K(61440K)] 438700K->379308K(572928K), 0.0020804 secs] [Times: user=0.01 sys=0.00, real=0.00 secs] 
1577.596: [GC (Allocation Failure) [PSYoungGen: 60768K->1376K(61440K)] 438700K->379308K(572928K), 0.0020911 secs] [Times: user=0.01 sys=0.00, real=0.00 secs] 
1578.138: [GC (Allocation Failure) [PSYoungGen: 60768K->1376K(61440K)] 438700K->379308K(572928K), 0.0021406 secs] [Times: user=0.01 sys=0.00, real=0.00 secs] 
1578.617: [GC (Allocation Failure) [PSYoungGen: 60768K->1469K(61440K)] 438700K->379401K(572928K), 0.0015898 secs] [Times: user=0.01 sys=0.00, real=0.00 secs] 
1578.964: [GC (Allocation Failure) [PSYoungGen: 60861K->1488K(61440K)] 438793K->379436K(572928K), 0.0015546 secs] [Times: user=0.01 sys=0.00, real=0.00 secs] 
1579.376: [GC (Allocation Failure) [PSYoungGen: 60880K->1581K(61440K)] 438828K->379529K(572928K), 0.0016764 secs] [Times: user=0.01 sys=0.00, real=0.00 secs] 
1579.720: [GC (Allocation Failure) [PSYoungGen: 60973K->1552K(61440K)] 438921K->379500K(572928K), 0.0016543 secs] [Times: user=0.00 sys=0.00, real=0.01 secs] 
1580.064: [GC (Allocation Failure) [PSYoungGen: 60944K->1408K(61440K)] 438892K->379356K(572928K), 0.0025953 secs] [Times: user=0.01 sys=0.00, real=0.00 secs] 
1580.436: [GC (Allocation Failure) [PSYoungGen: 60800K->1376K(61440K)] 438748K->379324K(572928K), 0.0019223 secs] [Times: user=0.01 sys=0.00, real=0.00 secs] 
1580.711: [GC (Allocation Failure) [PSYoungGen: 60768K->1344K(61440K)] 438716K->379292K(572928K), 0.0019617 secs] [Times: user=0.01 sys=0.00, real=0.01 secs] 
1581.081: [GC (Allocation Failure) [PSYoungGen: 60736K->1408K(61440K)] 438684K->379356K(572928K), 0.0019479 secs] [Times: user=0.01 sys=0.00, real=0.01 secs] 
1581.471: [GC (Allocation Failure) [PSYoungGen: 60800K->1376K(61440K)] 438748K->379324K(572928K), 0.0019637 secs] [Times: user=0.01 sys=0.00, real=0.01 secs] 
1581.884: [GC (Allocation Failure) [PSYoungGen: 60744K->1597K(61440K)] 438692K->379545K(572928K), 0.0015995 secs] [Times: user=0.01 sys=0.00, real=0.00 secs] 
1582.230: [GC (Allocation Failure) [PSYoungGen: 60989K->1552K(61440K)] 438937K->379508K(572928K), 0.0016195 secs] [Times: user=0.01 sys=0.00, real=0.01 secs] 
1582.574: [GC (Allocation Failure) [PSYoungGen: 60928K->1517K(61440K)] 438884K->379473K(572928K), 0.0015684 secs] [Times: user=0.01 sys=0.00, real=0.00 secs] 
1582.980: [GC (Allocation Failure) [PSYoungGen: 60909K->1517K(61440K)] 438865K->379473K(572928K), 0.0016642 secs] [Times: user=0.01 sys=0.00, real=0.01 secs] 
1583.608: [GC (Allocation Failure) [PSYoungGen: 60909K->1408K(61440K)] 438865K->379364K(572928K), 0.0027129 secs] [Times: user=0.01 sys=0.00, real=0.00 secs] 
1583.957: [GC (Allocation Failure) [PSYoungGen: 60800K->1376K(61440K)] 438756K->379332K(572928K), 0.0020057 secs] [Times: user=0.01 sys=0.00, real=0.00 secs] 
1584.230: [GC (Allocation Failure) [PSYoungGen: 60768K->1344K(61440K)] 438724K->379300K(572928K), 0.0031910 secs] [Times: user=0.01 sys=0.00, real=0.01 secs] 
1584.671: [GC (Allocation Failure) [PSYoungGen: 60736K->1312K(61440K)] 438692K->379268K(572928K), 0.0018593 secs] [Times: user=0.01 sys=0.00, real=0.01 secs] 
1585.134: [GC (Allocation Failure) [PSYoungGen: 60704K->1501K(61440K)] 438660K->379481K(572928K), 0.0018333 secs] [Times: user=0.01 sys=0.00, real=0.00 secs] 
1585.492: [GC (Allocation Failure) [PSYoungGen: 60893K->1517K(61440K)] 438873K->379497K(572928K), 0.0015874 secs] [Times: user=0.01 sys=0.00, real=0.00 secs] 
1585.837: [GC (Allocation Failure) [PSYoungGen: 60890K->1485K(61440K)] 438871K->379481K(572928K), 0.0015620 secs] [Times: user=0.01 sys=0.00, real=0.00 secs] 
1586.240: [GC (Allocation Failure) [PSYoungGen: 60870K->1517K(61440K)] 438866K->379513K(572928K), 0.0016816 secs] [Times: user=0.00 sys=0.00, real=0.01 secs] 
1586.640: [GC (Allocation Failure) [PSYoungGen: 60909K->448K(61440K)] 438905K->378444K(572928K), 0.0015985 secs] [Times: user=0.00 sys=0.00, real=0.00 secs] 
1587.193: [GC (Allocation Failure) [PSYoungGen: 59840K->1408K(61440K)] 437836K->379404K(572928K), 0.0028452 secs] [Times: user=0.01 sys=0.00, real=0.00 secs] 
1587.748: [GC (Allocation Failure) [PSYoungGen: 60800K->1376K(61440K)] 438796K->379372K(572928K), 0.0023932 secs] [Times: user=0.01 sys=0.00, real=0.00 secs] 
1588.132: [GC (Allocation Failure) [PSYoungGen: 60768K->1376K(61440K)] 438764K->379372K(572928K), 0.0020703 secs] [Times: user=0.00 sys=0.01, real=0.00 secs] 
1588.386: [GC (Allocation Failure) [PSYoungGen: 60768K->1376K(61440K)] 438764K->379372K(572928K), 0.0019692 secs] [Times: user=0.01 sys=0.00, real=0.00 secs] 
1588.813: [GC (Allocation Failure) [PSYoungGen: 60768K->1440K(61440K)] 438764K->379436K(572928K), 0.0015234 secs] [Times: user=0.00 sys=0.00, real=0.00 secs] 
1589.162: [GC (Allocation Failure) [PSYoungGen: 60832K->1517K(61440K)] 438828K->379513K(572928K), 0.0017627 secs] [Times: user=0.00 sys=0.00, real=0.01 secs] 
1589.513: [GC (Allocation Failure) [PSYoungGen: 60909K->1552K(61440K)] 438905K->379556K(572928K), 0.0016390 secs] [Times: user=0.00 sys=0.00, real=0.00 secs] 
1589.921: [GC (Allocation Failure) [PSYoungGen: 60944K->1517K(61440K)] 438948K->379521K(572928K), 0.0016565 secs] [Times: user=0.00 sys=0.00, real=0.01 secs] 
1590.691: [GC (Allocation Failure) [PSYoungGen: 60909K->1984K(61440K)] 438913K->379996K(572928K), 0.0023332 secs] [Times: user=0.01 sys=0.00, real=0.01 secs] 
1591.793: [GC (Allocation Failure) [PSYoungGen: 61376K->1376K(61440K)] 439388K->379388K(572928K), 0.0024429 secs] [Times: user=0.01 sys=0.00, real=0.00 secs] 
1592.033: [GC (Allocation Failure) [PSYoungGen: 60768K->1344K(61440K)] 438780K->379356K(572928K), 0.0019062 secs] [Times: user=0.01 sys=0.00, real=0.00 secs] 
1592.279: [GC (Allocation Failure) [PSYoungGen: 60736K->1376K(61440K)] 438748K->379388K(572928K), 0.0020533 secs] [Times: user=0.01 sys=0.00, real=0.00 secs] 
1592.526: [GC (Allocation Failure) [PSYoungGen: 60768K->1408K(61440K)] 438780K->379420K(572928K), 0.0019041 secs] [Times: user=0.01 sys=0.00, real=0.00 secs] 
1592.861: [GC (Allocation Failure) [PSYoungGen: 60777K->1456K(61440K)] 438789K->379468K(572928K), 0.0016502 secs] [Times: user=0.01 sys=0.00, real=0.01 secs] 
1593.206: [GC (Allocation Failure) [PSYoungGen: 60848K->1549K(61440K)] 438860K->379561K(572928K), 0.0016070 secs] [Times: user=0.01 sys=0.00, real=0.00 secs] 
1593.551: [GC (Allocation Failure) [PSYoungGen: 60941K->1552K(61440K)] 438953K->379580K(572928K), 0.0016332 secs] [Times: user=0.01 sys=0.00, real=0.01 secs] 
1593.896: [GC (Allocation Failure) [PSYoungGen: 60944K->1584K(61440K)] 438972K->379612K(572928K), 0.0031554 secs] [Times: user=0.02 sys=0.00, real=0.00 secs] 
1594.271: [GC (Allocation Failure) [PSYoungGen: 60976K->1504K(61440K)] 439004K->379532K(572928K), 0.0019549 secs] [Times: user=0.01 sys=0.00, real=0.01 secs] 
1594.560: [GC (Allocation Failure) [PSYoungGen: 60896K->1376K(61440K)] 438924K->379404K(572928K), 0.0018009 secs] [Times: user=0.01 sys=0.00, real=0.01 secs] 
1595.080: [GC (Allocation Failure) [PSYoungGen: 60768K->1376K(61440K)] 438796K->379404K(572928K), 0.0020907 secs] [Times: user=0.01 sys=0.00, real=0.00 secs] 
1595.552: [GC (Allocation Failure) [PSYoungGen: 60768K->1376K(61440K)] 438796K->379436K(572928K), 0.0023751 secs] [Times: user=0.01 sys=0.00, real=0.01 secs] 
1596.062: [GC (Allocation Failure) [PSYoungGen: 60768K->1376K(61440K)] 438828K->379436K(572928K), 0.0024214 secs] [Times: user=0.01 sys=0.00, real=0.00 secs] 
1596.530: [GC (Allocation Failure) [PSYoungGen: 60768K->1485K(61440K)] 438828K->379545K(572928K), 0.0015446 secs] [Times: user=0.01 sys=0.00, real=0.00 secs] 
1596.876: [GC (Allocation Failure) [PSYoungGen: 60851K->1488K(61440K)] 438911K->379564K(572928K), 0.0015956 secs] [Times: user=0.01 sys=0.00, real=0.00 secs] 
1597.281: [GC (Allocation Failure) [PSYoungGen: 60880K->1517K(61440K)] 438956K->379593K(572928K), 0.0016544 secs] [Times: user=0.00 sys=0.00, real=0.01 secs] 
1597.626: [GC (Allocation Failure) [PSYoungGen: 60909K->1485K(61440K)] 438985K->379561K(572928K), 0.0015924 secs] [Times: user=0.00 sys=0.00, real=0.00 secs] 
1597.996: [GC (Allocation Failure) [PSYoungGen: 60877K->1392K(61440K)] 438953K->379468K(572928K), 0.0026283 secs] [Times: user=0.00 sys=0.00, real=0.00 secs] 
1598.374: [GC (Allocation Failure) [PSYoungGen: 60784K->1344K(61440K)] 438860K->379420K(572928K), 0.0021020 secs] [Times: user=0.01 sys=0.00, real=0.00 secs] 
1598.866: [GC (Allocation Failure) [PSYoungGen: 60736K->1376K(61440K)] 438812K->379452K(572928K), 0.0048529 secs] [Times: user=0.01 sys=0.00, real=0.00 secs] 
1599.422: [GC (Allocation Failure) [PSYoungGen: 60768K->1344K(61440K)] 438844K->379420K(572928K), 0.0021087 secs] [Times: user=0.01 sys=0.00, real=0.00 secs] 
1599.998: [GC (Allocation Failure) [PSYoungGen: 60736K->1376K(61440K)] 438812K->379452K(572928K), 0.0023162 secs] [Times: user=0.01 sys=0.00, real=0.00 secs] 
1600.667: [GC (Allocation Failure) [PSYoungGen: 60745K->1517K(61440K)] 438821K->379593K(572928K), 0.0018197 secs] [Times: user=0.01 sys=0.00, real=0.00 secs] 
1601.012: [GC (Allocation Failure) [PSYoungGen: 60909K->1520K(61440K)] 438985K->379604K(572928K), 0.0016935 secs] [Times: user=0.01 sys=0.00, real=0.00 secs] 
1601.356: [GC (Allocation Failure) [PSYoungGen: 60912K->1520K(61440K)] 438996K->379604K(572928K), 0.0018195 secs] [Times: user=0.00 sys=0.00, real=0.00 secs] 
1601.702: [GC (Allocation Failure) [PSYoungGen: 60912K->1485K(61440K)] 438996K->379569K(572928K), 0.0016303 secs] [Times: user=0.00 sys=0.01, real=0.01 secs] 
1602.058: [GC (Allocation Failure) [PSYoungGen: 60877K->1376K(61440K)] 438961K->379460K(572928K), 0.0018231 secs] [Times: user=0.01 sys=0.00, real=0.00 secs] 
1602.480: [GC (Allocation Failure) [PSYoungGen: 60768K->1344K(61440K)] 438852K->379428K(572928K), 0.0021820 secs] [Times: user=0.01 sys=0.00, real=0.01 secs] 
1603.172: [GC (Allocation Failure) [PSYoungGen: 60736K->1344K(61440K)] 438820K->379428K(572928K), 0.0028961 secs] [Times: user=0.01 sys=0.00, real=0.00 secs] 
1603.753: [GC (Allocation Failure) [PSYoungGen: 60736K->1376K(61440K)] 438820K->379460K(572928K), 0.0031376 secs] [Times: user=0.01 sys=0.00, real=0.00 secs] 
1604.440: [GC (Allocation Failure) [PSYoungGen: 60768K->1376K(61440K)] 438852K->379460K(572928K), 0.0028207 secs] [Times: user=0.01 sys=0.01, real=0.01 secs] 
1604.955: [GC (Allocation Failure) [PSYoungGen: 60768K->1488K(61440K)] 438852K->379572K(572928K), 0.0015836 secs] [Times: user=0.01 sys=0.00, real=0.00 secs] 
1605.302: [GC (Allocation Failure) [PSYoungGen: 60880K->1520K(61440K)] 438964K->379612K(572928K), 0.0015991 secs] [Times: user=0.01 sys=0.00, real=0.01 secs] 
1605.710: [GC (Allocation Failure) [PSYoungGen: 60912K->1552K(61440K)] 439004K->379644K(572928K), 0.0017951 secs] [Times: user=0.00 sys=0.00, real=0.00 secs] 
1606.131: [GC (Allocation Failure) [PSYoungGen: 60944K->1517K(61440K)] 439036K->379609K(572928K), 0.0018396 secs] [Times: user=0.00 sys=0.00, real=0.01 secs] 
1606.597: [GC (Allocation Failure) [PSYoungGen: 60909K->1392K(61440K)] 439001K->379508K(572928K), 0.0023198 secs] [Times: user=0.01 sys=0.00, real=0.00 secs] 
1606.838: [GC (Allocation Failure) [PSYoungGen: 60784K->1312K(61440K)] 438900K->379428K(572928K), 0.0018761 secs] [Times: user=0.01 sys=0.00, real=0.00 secs] 
1607.085: [GC (Allocation Failure) [PSYoungGen: 60704K->1376K(61440K)] 438820K->379492K(572928K), 0.0019398 secs] [Times: user=0.01 sys=0.00, real=0.00 secs] 
1607.331: [GC (Allocation Failure) [PSYoungGen: 60768K->1344K(61440K)] 438884K->379460K(572928K), 0.0019966 secs] [Times: user=0.00 sys=0.00, real=0.01 secs] 
1607.606: [GC (Allocation Failure) [PSYoungGen: 60715K->1424K(61440K)] 438831K->379540K(572928K), 0.0018701 secs] [Times: user=0.01 sys=0.00, real=0.00 secs] 
1607.961: [GC (Allocation Failure) [PSYoungGen: 60816K->1581K(61440K)] 438932K->379697K(572928K), 0.0016173 secs] [Times: user=0.00 sys=0.00, real=0.01 secs] 
1608.306: [GC (Allocation Failure) [PSYoungGen: 60973K->1456K(61440K)] 439089K->379588K(572928K), 0.0016009 secs] [Times: user=0.01 sys=0.00, real=0.00 secs] 
1608.650: [GC (Allocation Failure) [PSYoungGen: 60848K->1552K(61440K)] 438980K->379684K(572928K), 0.0015970 secs] [Times: user=0.00 sys=0.00, real=0.00 secs] 
1608.996: [GC (Allocation Failure) [PSYoungGen: 60944K->1453K(61440K)] 439076K->379585K(572928K), 0.0016026 secs] [Times: user=0.00 sys=0.00, real=0.00 secs] 
1609.299: [GC (Allocation Failure) [PSYoungGen: 60845K->1408K(61440K)] 438977K->379540K(572928K), 0.0020624 secs] [Times: user=0.01 sys=0.00, real=0.00 secs] 
1609.579: [GC (Allocation Failure) [PSYoungGen: 60800K->1376K(61440K)] 438932K->379508K(572928K), 0.0020255 secs] [Times: user=0.00 sys=0.00, real=0.00 secs] 
1609.874: [GC (Allocation Failure) [PSYoungGen: 60768K->1344K(61440K)] 438900K->379476K(572928K), 0.0019594 secs] [Times: user=0.00 sys=0.00, real=0.00 secs] 
1610.121: [GC (Allocation Failure) [PSYoungGen: 60736K->1328K(61440K)] 438868K->379460K(572928K), 0.0020286 secs] [Times: user=0.01 sys=0.00, real=0.01 secs] 
1610.467: [GC (Allocation Failure) [PSYoungGen: 60689K->1437K(61440K)] 438821K->379569K(572928K), 0.0024635 secs] [Times: user=0.01 sys=0.00, real=0.00 secs] 
1610.883: [GC (Allocation Failure) [PSYoungGen: 60829K->1517K(61440K)] 438961K->379649K(572928K), 0.0015975 secs] [Times: user=0.00 sys=0.00, real=0.00 secs] 
1611.226: [GC (Allocation Failure) [PSYoungGen: 60909K->1517K(61440K)] 439041K->379657K(572928K), 0.0016347 secs] [Times: user=0.01 sys=0.00, real=0.00 secs] 
1611.571: [GC (Allocation Failure) [PSYoungGen: 60909K->1485K(61440K)] 439049K->379625K(572928K), 0.0015860 secs] [Times: user=0.01 sys=0.00, real=0.01 secs] 
1611.941: [GC (Allocation Failure) [PSYoungGen: 60877K->1728K(61440K)] 439017K->379868K(572928K), 0.0018864 secs] [Times: user=0.01 sys=0.00, real=0.01 secs] 
1612.195: [GC (Allocation Failure) [PSYoungGen: 61120K->1376K(61440K)] 439260K->379516K(572928K), 0.0023310 secs] [Times: user=0.01 sys=0.00, real=0.00 secs] 
1612.472: [GC (Allocation Failure) [PSYoungGen: 60768K->1360K(61440K)] 438908K->379500K(572928K), 0.0018694 secs] [Times: user=0.01 sys=0.00, real=0.01 secs] 
1612.750: [GC (Allocation Failure) [PSYoungGen: 60752K->1376K(61440K)] 438892K->379516K(572928K), 0.0018840 secs] [Times: user=0.01 sys=0.00, real=0.01 secs] 
1613.005: [GC (Allocation Failure) [PSYoungGen: 60768K->1344K(61440K)] 438908K->379484K(572928K), 0.0020248 secs] [Times: user=0.01 sys=0.00, real=0.00 secs] 
1613.401: [GC (Allocation Failure) [PSYoungGen: 60736K->1485K(61440K)] 438876K->379625K(572928K), 0.0016446 secs] [Times: user=0.01 sys=0.00, real=0.01 secs] 
1613.747: [GC (Allocation Failure) [PSYoungGen: 60877K->1517K(61440K)] 439017K->379657K(572928K), 0.0015857 secs] [Times: user=0.01 sys=0.00, real=0.00 secs] 
1614.094: [GC (Allocation Failure) [PSYoungGen: 60909K->1520K(61440K)] 439049K->379684K(572928K), 0.0016086 secs] [Times: user=0.01 sys=0.00, real=0.00 secs] 
1614.439: [GC (Allocation Failure) [PSYoungGen: 60912K->1485K(61440K)] 439076K->379649K(572928K), 0.0015909 secs] [Times: user=0.00 sys=0.00, real=0.00 secs] 
1614.821: [GC (Allocation Failure) [PSYoungGen: 60877K->1440K(61440K)] 439041K->379604K(572928K), 0.0018731 secs] [Times: user=0.01 sys=0.00, real=0.01 secs] 
1615.195: [GC (Allocation Failure) [PSYoungGen: 60832K->1312K(61440K)] 438996K->379476K(572928K), 0.0016199 secs] [Times: user=0.01 sys=0.00, real=0.00 secs] 
1615.681: [GC (Allocation Failure) [PSYoungGen: 60704K->1312K(61440K)] 438868K->379476K(572928K), 0.0021190 secs] [Times: user=0.01 sys=0.00, real=0.01 secs] 
1616.243: [GC (Allocation Failure) [PSYoungGen: 60704K->1376K(61440K)] 438868K->379540K(572928K), 0.0026782 secs] [Times: user=0.01 sys=0.00, real=0.00 secs] 
1616.942: [GC (Allocation Failure) [PSYoungGen: 60768K->1376K(61440K)] 438932K->379540K(572928K), 0.0043695 secs] [Times: user=0.02 sys=0.00, real=0.00 secs] 
1617.631: [GC (Allocation Failure) [PSYoungGen: 60747K->1504K(61440K)] 438911K->379668K(572928K), 0.0016223 secs] [Times: user=0.01 sys=0.00, real=0.01 secs] 
1617.981: [GC (Allocation Failure) [PSYoungGen: 60896K->1549K(61440K)] 439060K->379721K(572928K), 0.0016730 secs] [Times: user=0.01 sys=0.00, real=0.01 secs] 
1618.325: [GC (Allocation Failure) [PSYoungGen: 60941K->1488K(61440K)] 439113K->379660K(572928K), 0.0015625 secs] [Times: user=0.01 sys=0.00, real=0.00 secs] 
1618.729: [GC (Allocation Failure) [PSYoungGen: 60880K->1581K(61440K)] 439052K->379753K(572928K), 0.0016525 secs] [Times: user=0.01 sys=0.00, real=0.00 secs] 
1619.221: [GC (Allocation Failure) [PSYoungGen: 60973K->1408K(61440K)] 439145K->379580K(572928K), 0.0027846 secs] [Times: user=0.01 sys=0.00, real=0.01 secs] 
1619.744: [GC (Allocation Failure) [PSYoungGen: 60800K->1376K(61440K)] 438972K->379548K(572928K), 0.0028000 secs] [Times: user=0.01 sys=0.01, real=0.00 secs] 
1620.412: [GC (Allocation Failure) [PSYoungGen: 60768K->1408K(61440K)] 438940K->379580K(572928K), 0.0027356 secs] [Times: user=0.01 sys=0.00, real=0.01 secs] 
1620.930: [GC (Allocation Failure) [PSYoungGen: 60800K->1376K(61440K)] 438972K->379548K(572928K), 0.0022668 secs] [Times: user=0.01 sys=0.00, real=0.01 secs] 
1621.400: [GC (Allocation Failure) [PSYoungGen: 60768K->1376K(61440K)] 438940K->379548K(572928K), 0.0022408 secs] [Times: user=0.01 sys=0.00, real=0.01 secs] 
1621.876: [GC (Allocation Failure) [PSYoungGen: 60768K->1501K(61440K)] 438940K->379673K(572928K), 0.0015918 secs] [Times: user=0.01 sys=0.00, real=0.00 secs] 
1622.281: [GC (Allocation Failure) [PSYoungGen: 60893K->1485K(61440K)] 439065K->379673K(572928K), 0.0016372 secs] [Times: user=0.01 sys=0.00, real=0.01 secs] 
1622.625: [GC (Allocation Failure) [PSYoungGen: 60877K->1520K(61440K)] 439065K->379708K(572928K), 0.0016581 secs] [Times: user=0.01 sys=0.00, real=0.00 secs] 
1622.970: [GC (Allocation Failure) [PSYoungGen: 60912K->1488K(61440K)] 439100K->379676K(572928K), 0.0016764 secs] [Times: user=0.01 sys=0.00, real=0.00 secs] 
1623.283: [GC (Allocation Failure) [PSYoungGen: 60880K->1472K(61440K)] 439068K->379660K(572928K), 0.0021468 secs] [Times: user=0.01 sys=0.00, real=0.00 secs] 
1623.531: [GC (Allocation Failure) [PSYoungGen: 60864K->1344K(61440K)] 439052K->379532K(572928K), 0.0020667 secs] [Times: user=0.01 sys=0.00, real=0.01 secs] 
1623.778: [GC (Allocation Failure) [PSYoungGen: 60736K->1344K(61440K)] 438924K->379532K(572928K), 0.0017915 secs] [Times: user=0.00 sys=0.00, real=0.00 secs] 
1624.025: [GC (Allocation Failure) [PSYoungGen: 60736K->1328K(61440K)] 438924K->379516K(572928K), 0.0021192 secs] [Times: user=0.01 sys=0.00, real=0.00 secs] 
1624.271: [GC (Allocation Failure) [PSYoungGen: 60720K->1376K(61440K)] 438908K->379564K(572928K), 0.0018930 secs] [Times: user=0.00 sys=0.00, real=0.01 secs] 
1624.628: [GC (Allocation Failure) [PSYoungGen: 60768K->1520K(61440K)] 438956K->379708K(572928K), 0.0015808 secs] [Times: user=0.00 sys=0.00, real=0.00 secs] 
1624.984: [GC (Allocation Failure) [PSYoungGen: 60912K->1517K(61440K)] 439100K->379729K(572928K), 0.0015639 secs] [Times: user=0.01 sys=0.00, real=0.00 secs] 
1625.388: [GC (Allocation Failure) [PSYoungGen: 60909K->1552K(61440K)] 439121K->379764K(572928K), 0.0016733 secs] [Times: user=0.01 sys=0.00, real=0.00 secs] 
1625.735: [GC (Allocation Failure) [PSYoungGen: 60944K->1517K(61440K)] 439156K->379729K(572928K), 0.0016822 secs] [Times: user=0.01 sys=0.00, real=0.00 secs] 
1626.119: [GC (Allocation Failure) [PSYoungGen: 60909K->1408K(61440K)] 439121K->379620K(572928K), 0.0021423 secs] [Times: user=0.00 sys=0.00, real=0.00 secs] 
1626.366: [GC (Allocation Failure) [PSYoungGen: 60800K->1344K(61440K)] 439012K->379556K(572928K), 0.0018679 secs] [Times: user=0.01 sys=0.01, real=0.00 secs] 
1626.613: [GC (Allocation Failure) [PSYoungGen: 60736K->1328K(61440K)] 438948K->379540K(572928K), 0.0019835 secs] [Times: user=0.01 sys=0.00, real=0.00 secs] 
1626.860: [GC (Allocation Failure) [PSYoungGen: 60720K->1376K(61440K)] 438932K->379588K(572928K), 0.0027913 secs] [Times: user=0.01 sys=0.00, real=0.01 secs] 
1627.147: [GC (Allocation Failure) [PSYoungGen: 60768K->288K(61440K)] 438980K->378500K(572928K), 0.0022449 secs] [Times: user=0.01 sys=0.00, real=0.00 secs] 
1627.599: [GC (Allocation Failure) [PSYoungGen: 59680K->1517K(61440K)] 437892K->379729K(572928K), 0.0016321 secs] [Times: user=0.00 sys=0.00, real=0.00 secs] 
1627.945: [GC (Allocation Failure) [PSYoungGen: 60909K->1517K(61440K)] 439121K->379745K(572928K), 0.0016218 secs] [Times: user=0.01 sys=0.00, real=0.00 secs] 
1628.291: [GC (Allocation Failure) [PSYoungGen: 60893K->1501K(61440K)] 439121K->379729K(572928K), 0.0016377 secs] [Times: user=0.01 sys=0.00, real=0.01 secs] 
1628.636: [GC (Allocation Failure) [PSYoungGen: 60893K->1549K(61440K)] 439121K->379777K(572928K), 0.0015600 secs] [Times: user=0.01 sys=0.00, real=0.00 secs] 
1629.220: [GC (Allocation Failure) [PSYoungGen: 60941K->1376K(61440K)] 439169K->379604K(572928K), 0.0020139 secs] [Times: user=0.01 sys=0.00, real=0.00 secs] 
1629.748: [GC (Allocation Failure) [PSYoungGen: 60768K->1344K(61440K)] 438996K->379572K(572928K), 0.0021185 secs] [Times: user=0.01 sys=0.00, real=0.00 secs] 
1630.288: [GC (Allocation Failure) [PSYoungGen: 60736K->1408K(61440K)] 438964K->379636K(572928K), 0.0021974 secs] [Times: user=0.01 sys=0.00, real=0.00 secs] 
1630.565: [GC (Allocation Failure) [PSYoungGen: 60800K->1392K(61440K)] 439028K->379620K(572928K), 0.0018878 secs] [Times: user=0.01 sys=0.00, real=0.00 secs] 
1630.851: [GC (Allocation Failure) [PSYoungGen: 60784K->1488K(61440K)] 439012K->379716K(572928K), 0.0015791 secs] [Times: user=0.01 sys=0.00, real=0.01 secs] 
1631.199: [GC (Allocation Failure) [PSYoungGen: 60880K->1520K(61440K)] 439108K->379748K(572928K), 0.0016391 secs] [Times: user=0.01 sys=0.00, real=0.00 secs] 
1631.545: [GC (Allocation Failure) [PSYoungGen: 60912K->1549K(61440K)] 439140K->379793K(572928K), 0.0016339 secs] [Times: user=0.01 sys=0.00, real=0.00 secs] 
1631.889: [GC (Allocation Failure) [PSYoungGen: 60939K->1520K(61440K)] 439183K->379764K(572928K), 0.0016960 secs] [Times: user=0.01 sys=0.00, real=0.00 secs] 
1632.229: [GC (Allocation Failure) [PSYoungGen: 60863K->320K(61440K)] 439107K->378564K(572928K), 0.0016401 secs] [Times: user=0.01 sys=0.00, real=0.00 secs] 
1632.765: [GC (Allocation Failure) [PSYoungGen: 59712K->1392K(61440K)] 437956K->379636K(572928K), 0.0021895 secs] [Times: user=0.00 sys=0.00, real=0.00 secs] 
1633.012: [GC (Allocation Failure) [PSYoungGen: 60784K->1408K(61440K)] 439028K->379652K(572928K), 0.0020005 secs] [Times: user=0.00 sys=0.00, real=0.00 secs] 
1633.259: [GC (Allocation Failure) [PSYoungGen: 60800K->1344K(61440K)] 439044K->379588K(572928K), 0.0019804 secs] [Times: user=0.01 sys=0.00, real=0.00 secs] 
1633.506: [GC (Allocation Failure) [PSYoungGen: 60736K->1376K(61440K)] 438980K->379620K(572928K), 0.0020361 secs] [Times: user=0.01 sys=0.00, real=0.00 secs] 
1633.826: [GC (Allocation Failure) [PSYoungGen: 60768K->1453K(61440K)] 439012K->379697K(572928K), 0.0016304 secs] [Times: user=0.00 sys=0.00, real=0.00 secs] 
1634.173: [GC (Allocation Failure) [PSYoungGen: 60845K->1517K(61440K)] 439089K->379761K(572928K), 0.0015962 secs] [Times: user=0.01 sys=0.00, real=0.00 secs] 
1634.581: [GC (Allocation Failure) [PSYoungGen: 60909K->1517K(61440K)] 439153K->379793K(572928K), 0.0019370 secs] [Times: user=0.01 sys=0.00, real=0.01 secs] 
1634.982: [GC (Allocation Failure) [PSYoungGen: 60909K->1552K(61440K)] 439185K->379828K(572928K), 0.0017526 secs] [Times: user=0.01 sys=0.00, real=0.00 secs] 
1635.763: [GC (Allocation Failure) [PSYoungGen: 60944K->1984K(61440K)] 439220K->380260K(572928K), 0.0032806 secs] [Times: user=0.02 sys=0.01, real=0.00 secs] 
1636.609: [GC (Allocation Failure) [PSYoungGen: 61376K->1376K(61440K)] 439652K->379652K(572928K), 0.0025744 secs] [Times: user=0.01 sys=0.00, real=0.01 secs] 
1637.181: [GC (Allocation Failure) [PSYoungGen: 60768K->1376K(61440K)] 439044K->379652K(572928K), 0.0026678 secs] [Times: user=0.01 sys=0.00, real=0.01 secs] 
1637.939: [GC (Allocation Failure) [PSYoungGen: 60768K->1344K(61440K)] 439044K->379620K(572928K), 0.0042197 secs] [Times: user=0.01 sys=0.00, real=0.01 secs] 
1638.629: [GC (Allocation Failure) [PSYoungGen: 60736K->1344K(61440K)] 439012K->379620K(572928K), 0.0034991 secs] [Times: user=0.01 sys=0.00, real=0.01 secs] 
1639.323: [GC (Allocation Failure) [PSYoungGen: 60736K->1453K(61440K)] 439012K->379729K(572928K), 0.0016200 secs] [Times: user=0.00 sys=0.00, real=0.00 secs] 
1639.730: [GC (Allocation Failure) [PSYoungGen: 60835K->1549K(61440K)] 439111K->379833K(572928K), 0.0016396 secs] [Times: user=0.01 sys=0.00, real=0.01 secs] 
1640.152: [GC (Allocation Failure) [PSYoungGen: 60941K->1517K(61440K)] 439225K->379809K(572928K), 0.0017563 secs] [Times: user=0.01 sys=0.00, real=0.00 secs] 
1640.514: [GC (Allocation Failure) [PSYoungGen: 60909K->1552K(61440K)] 439201K->379844K(572928K), 0.0016399 secs] [Times: user=0.00 sys=0.00, real=0.00 secs] 
1641.027: [GC (Allocation Failure) [PSYoungGen: 60944K->1472K(61440K)] 439236K->379764K(572928K), 0.0031571 secs] [Times: user=0.01 sys=0.00, real=0.00 secs] 
1641.571: [GC (Allocation Failure) [PSYoungGen: 60864K->1344K(61440K)] 439156K->379636K(572928K), 0.0027401 secs] [Times: user=0.01 sys=0.00, real=0.01 secs] 
1642.028: [GC (Allocation Failure) [PSYoungGen: 60736K->1312K(61440K)] 439028K->379604K(572928K), 0.0023085 secs] [Times: user=0.01 sys=0.00, real=0.00 secs] 
1642.476: [GC (Allocation Failure) [PSYoungGen: 60704K->1312K(61440K)] 438996K->379604K(572928K), 0.0022438 secs] [Times: user=0.01 sys=0.00, real=0.00 secs] 
1642.958: [GC (Allocation Failure) [PSYoungGen: 60704K->1408K(61440K)] 438996K->379700K(572928K), 0.0020896 secs] [Times: user=0.01 sys=0.00, real=0.00 secs] 
1643.469: [GC (Allocation Failure) [PSYoungGen: 60800K->1533K(61440K)] 439092K->379825K(572928K), 0.0016334 secs] [Times: user=0.00 sys=0.00, real=0.00 secs] 
1643.871: [GC (Allocation Failure) [PSYoungGen: 60925K->1549K(61440K)] 439217K->379849K(572928K), 0.0017454 secs] [Times: user=0.01 sys=0.00, real=0.01 secs] 
1644.217: [GC (Allocation Failure) [PSYoungGen: 60941K->1549K(61440K)] 439241K->379849K(572928K), 0.0016645 secs] [Times: user=0.01 sys=0.00, real=0.00 secs] 
1644.569: [GC (Allocation Failure) [PSYoungGen: 60941K->1549K(61440K)] 439241K->379849K(572928K), 0.0016248 secs] [Times: user=0.01 sys=0.00, real=0.00 secs] 
1644.968: [GC (Allocation Failure) [PSYoungGen: 60941K->1392K(61440K)] 439241K->379692K(572928K), 0.0025789 secs] [Times: user=0.01 sys=0.00, real=0.00 secs] 
1645.433: [GC (Allocation Failure) [PSYoungGen: 60784K->1312K(61440K)] 439084K->379612K(572928K), 0.0022796 secs] [Times: user=0.01 sys=0.00, real=0.00 secs] 
1645.888: [GC (Allocation Failure) [PSYoungGen: 60704K->1344K(61440K)] 439004K->379668K(572928K), 0.0019963 secs] [Times: user=0.01 sys=0.00, real=0.00 secs] 
1646.357: [GC (Allocation Failure) [PSYoungGen: 60736K->1344K(61440K)] 439060K->379668K(572928K), 0.0020067 secs] [Times: user=0.01 sys=0.00, real=0.00 secs] 
1646.846: [GC (Allocation Failure) [PSYoungGen: 60736K->1344K(61440K)] 439060K->379668K(572928K), 0.0021340 secs] [Times: user=0.01 sys=0.00, real=0.00 secs] 
1647.260: [GC (Allocation Failure) [PSYoungGen: 60736K->1517K(61440K)] 439060K->379841K(572928K), 0.0016412 secs] [Times: user=0.00 sys=0.00, real=0.00 secs] 
1647.610: [GC (Allocation Failure) [PSYoungGen: 60909K->1517K(61440K)] 439233K->379857K(572928K), 0.0015963 secs] [Times: user=0.00 sys=0.00, real=0.01 secs] 
1647.956: [GC (Allocation Failure) [PSYoungGen: 60909K->1520K(61440K)] 439249K->379860K(572928K), 0.0015604 secs] [Times: user=0.01 sys=0.00, real=0.00 secs] 
1648.304: [GC (Allocation Failure) [PSYoungGen: 60912K->1552K(61440K)] 439252K->379892K(572928K), 0.0015931 secs] [Times: user=0.01 sys=0.00, real=0.00 secs] 
1648.623: [GC (Allocation Failure) [PSYoungGen: 60944K->1424K(61440K)] 439284K->379764K(572928K), 0.0015562 secs] [Times: user=0.00 sys=0.00, real=0.00 secs] 
1649.033: [GC (Allocation Failure) [PSYoungGen: 60816K->1344K(61440K)] 439156K->379684K(572928K), 0.0026139 secs] [Times: user=0.00 sys=0.00, real=0.00 secs] 
1649.452: [GC (Allocation Failure) [PSYoungGen: 60736K->1376K(61440K)] 439076K->379716K(572928K), 0.0028116 secs] [Times: user=0.01 sys=0.00, real=0.01 secs] 
1649.870: [GC (Allocation Failure) [PSYoungGen: 60768K->1344K(61440K)] 439108K->379684K(572928K), 0.0023638 secs] [Times: user=0.01 sys=0.00, real=0.01 secs] 
1650.366: [GC (Allocation Failure) [PSYoungGen: 60736K->1408K(61440K)] 439076K->379748K(572928K), 0.0020239 secs] [Times: user=0.01 sys=0.00, real=0.00 secs] 
1650.754: [GC (Allocation Failure) [PSYoungGen: 60774K->1501K(61440K)] 439114K->379841K(572928K), 0.0016410 secs] [Times: user=0.00 sys=0.00, real=0.00 secs] 
1651.099: [GC (Allocation Failure) [PSYoungGen: 60893K->1549K(61440K)] 439233K->379897K(572928K), 0.0015563 secs] [Times: user=0.01 sys=0.00, real=0.00 secs] 
1651.443: [GC (Allocation Failure) [PSYoungGen: 60941K->1549K(61440K)] 439289K->379897K(572928K), 0.0016645 secs] [Times: user=0.00 sys=0.00, real=0.00 secs] 
1651.789: [GC (Allocation Failure) [PSYoungGen: 60941K->1549K(61440K)] 439289K->379897K(572928K), 0.0015970 secs] [Times: user=0.01 sys=0.00, real=0.00 secs] 
1652.405: [GC (Allocation Failure) [PSYoungGen: 60941K->1408K(61440K)] 439289K->379756K(572928K), 0.0022444 secs] [Times: user=0.01 sys=0.00, real=0.00 secs] 
1653.242: [GC (Allocation Failure) [PSYoungGen: 60800K->1376K(61440K)] 439148K->379724K(572928K), 0.0026353 secs] [Times: user=0.01 sys=0.00, real=0.00 secs] 
1654.141: [GC (Allocation Failure) [PSYoungGen: 60768K->1344K(61440K)] 439116K->379700K(572928K), 0.0029370 secs] [Times: user=0.01 sys=0.00, real=0.01 secs] 
1654.968: [GC (Allocation Failure) [PSYoungGen: 60736K->1376K(61440K)] 439092K->379732K(572928K), 0.0028474 secs] [Times: user=0.01 sys=0.00, real=0.00 secs] 
1655.711: [GC (Allocation Failure) [PSYoungGen: 60764K->1437K(61440K)] 439120K->379793K(572928K), 0.0022981 secs] [Times: user=0.01 sys=0.00, real=0.01 secs] 
1656.103: [GC (Allocation Failure) [PSYoungGen: 60829K->1552K(61440K)] 439185K->379908K(572928K), 0.0016235 secs] [Times: user=0.01 sys=0.00, real=0.00 secs] 
1656.449: [GC (Allocation Failure) [PSYoungGen: 60944K->1581K(61440K)] 439300K->379945K(572928K), 0.0015895 secs] [Times: user=0.00 sys=0.00, real=0.00 secs] 
1656.794: [GC (Allocation Failure) [PSYoungGen: 60973K->1549K(61440K)] 439337K->379937K(572928K), 0.0016208 secs] [Times: user=0.00 sys=0.00, real=0.00 secs] 
1657.139: [GC (Allocation Failure) [PSYoungGen: 60941K->1517K(61440K)] 439329K->379905K(572928K), 0.0016170 secs] [Times: user=0.01 sys=0.00, real=0.00 secs] 
1657.811: [GC (Allocation Failure) [PSYoungGen: 60909K->1408K(61440K)] 439297K->379796K(572928K), 0.0022298 secs] [Times: user=0.01 sys=0.00, real=0.01 secs] 
1658.443: [GC (Allocation Failure) [PSYoungGen: 60800K->1344K(61440K)] 439188K->379732K(572928K), 0.0024603 secs] [Times: user=0.01 sys=0.00, real=0.00 secs] 
1659.155: [GC (Allocation Failure) [PSYoungGen: 60736K->1376K(61440K)] 439124K->379764K(572928K), 0.0040515 secs] [Times: user=0.01 sys=0.00, real=0.00 secs] 
1659.723: [GC (Allocation Failure) [PSYoungGen: 60768K->1376K(61440K)] 439156K->379764K(572928K), 0.0028517 secs] [Times: user=0.01 sys=0.00, real=0.00 secs] 
1660.277: [GC (Allocation Failure) [PSYoungGen: 60768K->1469K(61440K)] 439156K->379857K(572928K), 0.0020317 secs] [Times: user=0.01 sys=0.00, real=0.00 secs] 
1660.642: [GC (Allocation Failure) [PSYoungGen: 60861K->1552K(61440K)] 439249K->379940K(572928K), 0.0016837 secs] [Times: user=0.01 sys=0.00, real=0.01 secs] 
1660.985: [GC (Allocation Failure) [PSYoungGen: 60912K->1485K(61440K)] 439301K->379881K(572928K), 0.0016032 secs] [Times: user=0.00 sys=0.00, real=0.00 secs] 
1661.330: [GC (Allocation Failure) [PSYoungGen: 60877K->1549K(61440K)] 439273K->379945K(572928K), 0.0016895 secs] [Times: user=0.00 sys=0.00, real=0.00 secs] 
1661.716: [GC (Allocation Failure) [PSYoungGen: 60941K->1744K(61440K)] 439337K->380140K(572928K), 0.0019497 secs] [Times: user=0.01 sys=0.00, real=0.00 secs] 
1662.409: [GC (Allocation Failure) [PSYoungGen: 61136K->1376K(61440K)] 439532K->379772K(572928K), 0.0038730 secs] [Times: user=0.02 sys=0.00, real=0.01 secs] 
1663.205: [GC (Allocation Failure) [PSYoungGen: 60768K->1376K(61440K)] 439164K->379772K(572928K), 0.0026955 secs] [Times: user=0.01 sys=0.00, real=0.00 secs] 
1663.682: [GC (Allocation Failure) [PSYoungGen: 60768K->1408K(61440K)] 439164K->379804K(572928K), 0.0024809 secs] [Times: user=0.02 sys=0.00, real=0.01 secs] 
1664.192: [GC (Allocation Failure) [PSYoungGen: 60800K->1360K(61440K)] 439196K->379756K(572928K), 0.0025007 secs] [Times: user=0.00 sys=0.00, real=0.01 secs] 
1664.715: [GC (Allocation Failure) [PSYoungGen: 60750K->1520K(61440K)] 439146K->379916K(572928K), 0.0015186 secs] [Times: user=0.01 sys=0.00, real=0.00 secs] 
1665.063: [GC (Allocation Failure) [PSYoungGen: 60912K->1517K(61440K)] 439308K->379913K(572928K), 0.0017363 secs] [Times: user=0.01 sys=0.00, real=0.00 secs] 
1665.408: [GC (Allocation Failure) [PSYoungGen: 60909K->1520K(61440K)] 439305K->379924K(572928K), 0.0015502 secs] [Times: user=0.01 sys=0.00, real=0.00 secs] 
1665.757: [GC (Allocation Failure) [PSYoungGen: 60912K->1613K(61440K)] 439316K->380017K(572928K), 0.0044497 secs] [Times: user=0.02 sys=0.00, real=0.00 secs] 
1666.133: [GC (Allocation Failure) [PSYoungGen: 61005K->1472K(61440K)] 439409K->379892K(572928K), 0.0019139 secs] [Times: user=0.01 sys=0.00, real=0.00 secs] 
1666.406: [GC (Allocation Failure) [PSYoungGen: 60864K->1376K(61440K)] 439284K->379796K(572928K), 0.0017982 secs] [Times: user=0.01 sys=0.00, real=0.00 secs] 
1666.912: [GC (Allocation Failure) [PSYoungGen: 60768K->1312K(61440K)] 439188K->379732K(572928K), 0.0020595 secs] [Times: user=0.01 sys=0.00, real=0.01 secs] 
1667.475: [GC (Allocation Failure) [PSYoungGen: 60704K->1376K(61440K)] 439124K->379796K(572928K), 0.0022209 secs] [Times: user=0.00 sys=0.00, real=0.00 secs] 
1668.230: [GC (Allocation Failure) [PSYoungGen: 60768K->1344K(61440K)] 439188K->379764K(572928K), 0.0021726 secs] [Times: user=0.01 sys=0.00, real=0.01 secs] 
1668.866: [GC (Allocation Failure) [PSYoungGen: 60736K->1453K(61440K)] 439156K->379873K(572928K), 0.0015523 secs] [Times: user=0.01 sys=0.00, real=0.00 secs] 
1669.212: [GC (Allocation Failure) [PSYoungGen: 60840K->1549K(61440K)] 439260K->379977K(572928K), 0.0015560 secs] [Times: user=0.00 sys=0.00, real=0.00 secs] 
1669.560: [GC (Allocation Failure) [PSYoungGen: 60941K->1517K(61440K)] 439369K->379945K(572928K), 0.0016125 secs] [Times: user=0.01 sys=0.00, real=0.00 secs] 
1669.908: [GC (Allocation Failure) [PSYoungGen: 60909K->1552K(61440K)] 439337K->379980K(572928K), 0.0015554 secs] [Times: user=0.00 sys=0.00, real=0.00 secs] 
1670.832: [GC (Allocation Failure) [PSYoungGen: 60944K->1472K(61440K)] 439372K->379900K(572928K), 0.0033865 secs] [Times: user=0.01 sys=0.01, real=0.01 secs] 
1671.419: [GC (Allocation Failure) [PSYoungGen: 60864K->1376K(61440K)] 439292K->379804K(572928K), 0.0020125 secs] [Times: user=0.01 sys=0.00, real=0.00 secs] 
1671.681: [GC (Allocation Failure) [PSYoungGen: 60768K->1376K(61440K)] 439196K->379804K(572928K), 0.0019642 secs] [Times: user=0.01 sys=0.00, real=0.01 secs] 
1671.936: [GC (Allocation Failure) [PSYoungGen: 60768K->1376K(61440K)] 439196K->379804K(572928K), 0.0019859 secs] [Times: user=0.01 sys=0.00, real=0.00 secs] 
1672.335: [GC (Allocation Failure) [PSYoungGen: 60768K->1376K(61440K)] 439196K->379804K(572928K), 0.0019901 secs] [Times: user=0.01 sys=0.00, real=0.00 secs] 
1672.728: [GC (Allocation Failure) [PSYoungGen: 60768K->1517K(61440K)] 439196K->379945K(572928K), 0.0015794 secs] [Times: user=0.01 sys=0.00, real=0.00 secs] 
1673.073: [GC (Allocation Failure) [PSYoungGen: 60909K->1549K(61440K)] 439337K->379993K(572928K), 0.0015812 secs] [Times: user=0.01 sys=0.00, real=0.00 secs] 
1673.419: [GC (Allocation Failure) [PSYoungGen: 60941K->1549K(61440K)] 439385K->379993K(572928K), 0.0015849 secs] [Times: user=0.01 sys=0.00, real=0.00 secs] 
1673.764: [GC (Allocation Failure) [PSYoungGen: 60941K->1517K(61440K)] 439385K->379961K(572928K), 0.0015966 secs] [Times: user=0.01 sys=0.00, real=0.00 secs] 
1674.310: [GC (Allocation Failure) [PSYoungGen: 60909K->1504K(61440K)] 439353K->379948K(572928K), 0.0018592 secs] [Times: user=0.01 sys=0.00, real=0.01 secs] 
1675.128: [GC (Allocation Failure) [PSYoungGen: 60896K->1376K(61440K)] 439340K->379820K(572928K), 0.0022548 secs] [Times: user=0.01 sys=0.00, real=0.00 secs] 
1676.257: [GC (Allocation Failure) [PSYoungGen: 60768K->1344K(61440K)] 439212K->379788K(572928K), 0.0025719 secs] [Times: user=0.01 sys=0.00, real=0.00 secs] 
1676.896: [GC (Allocation Failure) [PSYoungGen: 60736K->1376K(61440K)] 439180K->379844K(572928K), 0.0023137 secs] [Times: user=0.01 sys=0.00, real=0.00 secs] 
1677.310: [GC (Allocation Failure) [PSYoungGen: 60768K->1408K(61440K)] 439236K->379876K(572928K), 0.0023872 secs] [Times: user=0.01 sys=0.00, real=0.01 secs] 
1677.786: [GC (Allocation Failure) [PSYoungGen: 60787K->1456K(61440K)] 439255K->379924K(572928K), 0.0016503 secs] [Times: user=0.01 sys=0.00, real=0.00 secs] 
1678.132: [GC (Allocation Failure) [PSYoungGen: 60848K->1517K(61440K)] 439316K->379993K(572928K), 0.0015830 secs] [Times: user=0.01 sys=0.00, real=0.00 secs] 
1678.477: [GC (Allocation Failure) [PSYoungGen: 60909K->1517K(61440K)] 439385K->379993K(572928K), 0.0016044 secs] [Times: user=0.00 sys=0.00, real=0.00 secs] 
1678.821: [GC (Allocation Failure) [PSYoungGen: 60909K->1485K(61440K)] 439385K->379961K(572928K), 0.0015883 secs] [Times: user=0.01 sys=0.00, real=0.01 secs] 
1680.429: [GC (Allocation Failure) [PSYoungGen: 60877K->1440K(61440K)] 439353K->379916K(572928K), 0.0028845 secs] [Times: user=0.01 sys=0.00, real=0.00 secs] 
1680.948: [GC (Allocation Failure) [PSYoungGen: 60832K->1376K(61440K)] 439308K->379852K(572928K), 0.0019929 secs] [Times: user=0.00 sys=0.00, real=0.00 secs] 
1681.271: [GC (Allocation Failure) [PSYoungGen: 60768K->1360K(61440K)] 439244K->379836K(572928K), 0.0019426 secs] [Times: user=0.00 sys=0.00, real=0.01 secs] 
1681.518: [GC (Allocation Failure) [PSYoungGen: 60752K->1360K(61440K)] 439228K->379836K(572928K), 0.0019701 secs] [Times: user=0.01 sys=0.00, real=0.00 secs] 
1681.764: [GC (Allocation Failure) [PSYoungGen: 60752K->1408K(61440K)] 439228K->379884K(572928K), 0.0017234 secs] [Times: user=0.00 sys=0.00, real=0.00 secs] 
1682.140: [GC (Allocation Failure) [PSYoungGen: 60777K->1520K(61440K)] 439253K->379996K(572928K), 0.0015931 secs] [Times: user=0.01 sys=0.00, real=0.00 secs] 
1682.487: [GC (Allocation Failure) [PSYoungGen: 60912K->1549K(61440K)] 439388K->380033K(572928K), 0.0016242 secs] [Times: user=0.01 sys=0.00, real=0.00 secs] 
1682.832: [GC (Allocation Failure) [PSYoungGen: 60941K->1549K(61440K)] 439425K->380033K(572928K), 0.0015481 secs] [Times: user=0.01 sys=0.00, real=0.01 secs] 
1683.176: [GC (Allocation Failure) [PSYoungGen: 60941K->1549K(61440K)] 439425K->380033K(572928K), 0.0016072 secs] [Times: user=0.01 sys=0.00, real=0.00 secs] 
1684.050: [GC (Allocation Failure) [PSYoungGen: 60941K->1424K(61440K)] 439425K->379908K(572928K), 0.0026924 secs] [Times: user=0.01 sys=0.00, real=0.01 secs] 
1684.622: [GC (Allocation Failure) [PSYoungGen: 60816K->1344K(61440K)] 439300K->379828K(572928K), 0.0023776 secs] [Times: user=0.01 sys=0.00, real=0.00 secs] 
1685.174: [GC (Allocation Failure) [PSYoungGen: 60736K->1376K(61440K)] 439220K->379860K(572928K), 0.0021511 secs] [Times: user=0.01 sys=0.00, real=0.00 secs] 
1685.491: [GC (Allocation Failure) [PSYoungGen: 60768K->1408K(61440K)] 439252K->379892K(572928K), 0.0019976 secs] [Times: user=0.01 sys=0.00, real=0.01 secs] 
1685.902: [GC (Allocation Failure) [PSYoungGen: 60800K->1405K(61440K)] 439284K->379889K(572928K), 0.0014717 secs] [Times: user=0.01 sys=0.00, real=0.01 secs] 
1686.315: [GC (Allocation Failure) [PSYoungGen: 60793K->1584K(61440K)] 439277K->380068K(572928K), 0.0015427 secs] [Times: user=0.01 sys=0.00, real=0.00 secs] 
1686.665: [GC (Allocation Failure) [PSYoungGen: 60976K->1520K(61440K)] 439460K->380036K(572928K), 0.0016505 secs] [Times: user=0.00 sys=0.00, real=0.00 secs] 
1687.010: [GC (Allocation Failure) [PSYoungGen: 60912K->1520K(61440K)] 439428K->380036K(572928K), 0.0015975 secs] [Times: user=0.00 sys=0.00, real=0.00 secs] 
1687.355: [GC (Allocation Failure) [PSYoungGen: 60912K->256K(61440K)] 439428K->378772K(572928K), 0.0016128 secs] [Times: user=0.01 sys=0.00, real=0.00 secs] 
1688.063: [GC (Allocation Failure) [PSYoungGen: 59648K->1344K(61440K)] 438164K->379860K(572928K), 0.0028846 secs] [Times: user=0.01 sys=0.00, real=0.00 secs] 
1688.554: [GC (Allocation Failure) [PSYoungGen: 60736K->1344K(61440K)] 439252K->379860K(572928K), 0.0031340 secs] [Times: user=0.02 sys=0.00, real=0.00 secs] 
1688.947: [GC (Allocation Failure) [PSYoungGen: 60736K->1376K(61440K)] 439252K->379892K(572928K), 0.0019751 secs] [Times: user=0.01 sys=0.00, real=0.00 secs] 
1689.220: [GC (Allocation Failure) [PSYoungGen: 60768K->1344K(61440K)] 439284K->379860K(572928K), 0.0020011 secs] [Times: user=0.00 sys=0.00, real=0.01 secs] 
1689.583: [GC (Allocation Failure) [PSYoungGen: 60736K->1485K(61440K)] 439252K->380001K(572928K), 0.0015517 secs] [Times: user=0.01 sys=0.00, real=0.00 secs] 
1689.930: [GC (Allocation Failure) [PSYoungGen: 60877K->1552K(61440K)] 439393K->380068K(572928K), 0.0016021 secs] [Times: user=0.01 sys=0.00, real=0.00 secs] 
1690.274: [GC (Allocation Failure) [PSYoungGen: 60944K->1552K(61440K)] 439460K->380076K(572928K), 0.0016075 secs] [Times: user=0.00 sys=0.00, real=0.00 secs] 
1690.621: [GC (Allocation Failure) [PSYoungGen: 60944K->1517K(61440K)] 439468K->380041K(572928K), 0.0015932 secs] [Times: user=0.01 sys=0.00, real=0.01 secs] 
1691.347: [GC (Allocation Failure) [PSYoungGen: 60909K->1952K(61440K)] 439433K->380476K(572928K), 0.0045013 secs] [Times: user=0.02 sys=0.00, real=0.01 secs] 
1692.713: [GC (Allocation Failure) [PSYoungGen: 61344K->1408K(61440K)] 439868K->379932K(572928K), 0.0030268 secs] [Times: user=0.01 sys=0.01, real=0.00 secs] 
1693.275: [GC (Allocation Failure) [PSYoungGen: 60800K->1344K(61440K)] 439324K->379868K(572928K), 0.0021973 secs] [Times: user=0.01 sys=0.00, real=0.00 secs] 
1693.544: [GC (Allocation Failure) [PSYoungGen: 60736K->1376K(61440K)] 439260K->379900K(572928K), 0.0020148 secs] [Times: user=0.01 sys=0.00, real=0.00 secs] 
1693.824: [GC (Allocation Failure) [PSYoungGen: 60768K->1392K(61440K)] 439292K->379916K(572928K), 0.0018830 secs] [Times: user=0.00 sys=0.00, real=0.00 secs] 
1694.141: [GC (Allocation Failure) [PSYoungGen: 60784K->1517K(61440K)] 439308K->380041K(572928K), 0.0016443 secs] [Times: user=0.01 sys=0.00, real=0.01 secs] 
1694.487: [GC (Allocation Failure) [PSYoungGen: 60906K->1520K(61440K)] 439430K->380052K(572928K), 0.0015847 secs] [Times: user=0.01 sys=0.00, real=0.00 secs] 
1694.837: [GC (Allocation Failure) [PSYoungGen: 60912K->1501K(61440K)] 439444K->380049K(572928K), 0.0016243 secs] [Times: user=0.01 sys=0.00, real=0.00 secs] 
1695.182: [GC (Allocation Failure) [PSYoungGen: 60893K->1517K(61440K)] 439441K->380065K(572928K), 0.0015827 secs] [Times: user=0.01 sys=0.00, real=0.00 secs] 
1695.904: [GC (Allocation Failure) [PSYoungGen: 60909K->1488K(61440K)] 439457K->380036K(572928K), 0.0025816 secs] [Times: user=0.01 sys=0.00, real=0.00 secs] 
1697.202: [GC (Allocation Failure) [PSYoungGen: 60880K->1344K(61440K)] 439428K->379908K(572928K), 0.0047413 secs] [Times: user=0.02 sys=0.00, real=0.01 secs] 
1697.965: [GC (Allocation Failure) [PSYoungGen: 60736K->1376K(61440K)] 439300K->379940K(572928K), 0.0026204 secs] [Times: user=0.01 sys=0.00, real=0.00 secs] 
1698.672: [GC (Allocation Failure) [PSYoungGen: 60768K->1376K(61440K)] 439332K->379940K(572928K), 0.0030849 secs] [Times: user=0.02 sys=0.00, real=0.00 secs] 
1699.002: [GC (Allocation Failure) [PSYoungGen: 60768K->1376K(61440K)] 439332K->379940K(572928K), 0.0018773 secs] [Times: user=0.01 sys=0.00, real=0.01 secs] 
1699.336: [GC (Allocation Failure) [PSYoungGen: 60768K->1520K(61440K)] 439332K->380084K(572928K), 0.0016028 secs] [Times: user=0.01 sys=0.00, real=0.00 secs] 
1699.683: [GC (Allocation Failure) [PSYoungGen: 60912K->1517K(61440K)] 439476K->380097K(572928K), 0.0015945 secs] [Times: user=0.00 sys=0.00, real=0.00 secs] 
1700.032: [GC (Allocation Failure) [PSYoungGen: 60909K->1552K(61440K)] 439489K->380132K(572928K), 0.0016008 secs] [Times: user=0.01 sys=0.00, real=0.01 secs] 
1700.377: [GC (Allocation Failure) [PSYoungGen: 60944K->1517K(61440K)] 439524K->380097K(572928K), 0.0016340 secs] [Times: user=0.01 sys=0.00, real=0.00 secs] 
1700.831: [GC (Allocation Failure) [PSYoungGen: 60909K->1488K(61440K)] 439489K->380068K(572928K), 0.0018940 secs] [Times: user=0.00 sys=0.00, real=0.01 secs] 
1701.254: [GC (Allocation Failure) [PSYoungGen: 60880K->1328K(61440K)] 439460K->379908K(572928K), 0.0017326 secs] [Times: user=0.00 sys=0.00, real=0.00 secs] 
1701.802: [GC (Allocation Failure) [PSYoungGen: 60720K->1360K(61440K)] 439300K->379940K(572928K), 0.0024316 secs] [Times: user=0.01 sys=0.00, real=0.00 secs] 
1702.289: [GC (Allocation Failure) [PSYoungGen: 60752K->1392K(61440K)] 439332K->379972K(572928K), 0.0020286 secs] [Times: user=0.01 sys=0.00, real=0.00 secs] 
1702.760: [GC (Allocation Failure) [PSYoungGen: 60784K->1392K(61440K)] 439364K->379972K(572928K), 0.0021329 secs] [Times: user=0.00 sys=0.00, real=0.01 secs] 
1703.265: [GC (Allocation Failure) [PSYoungGen: 60784K->1488K(61440K)] 439364K->380068K(572928K), 0.0016390 secs] [Times: user=0.01 sys=0.00, real=0.00 secs] 
1703.611: [GC (Allocation Failure) [PSYoungGen: 60880K->1520K(61440K)] 439460K->380116K(572928K), 0.0015668 secs] [Times: user=0.01 sys=0.00, real=0.01 secs] 
1704.013: [GC (Allocation Failure) [PSYoungGen: 60912K->1581K(61440K)] 439508K->380177K(572928K), 0.0017336 secs] [Times: user=0.00 sys=0.00, real=0.00 secs] 
1704.358: [GC (GCLocker Initiated GC) [PSYoungGen: 60973K->1517K(61440K)] 439569K->380113K(572928K), 0.0016643 secs] [Times: user=0.01 sys=0.00, real=0.00 secs] 
1704.676: [GC (Allocation Failure) [PSYoungGen: 60909K->1472K(61440K)] 439508K->380071K(572928K), 0.0025409 secs] [Times: user=0.01 sys=0.00, real=0.00 secs] 
1704.924: [GC (Allocation Failure) [PSYoungGen: 60864K->1392K(61440K)] 439463K->379991K(572928K), 0.0019834 secs] [Times: user=0.01 sys=0.00, real=0.00 secs] 
1705.171: [GC (Allocation Failure) [PSYoungGen: 60784K->1344K(61440K)] 439383K->379967K(572928K), 0.0019645 secs] [Times: user=0.01 sys=0.01, real=0.01 secs] 
1705.417: [GC (Allocation Failure) [PSYoungGen: 60736K->1344K(61440K)] 439359K->379967K(572928K), 0.0018870 secs] [Times: user=0.01 sys=0.00, real=0.00 secs] 
1705.664: [GC (Allocation Failure) [PSYoungGen: 60736K->1408K(61440K)] 439359K->380031K(572928K), 0.0026179 secs] [Times: user=0.01 sys=0.00, real=0.00 secs] 
1706.072: [GC (Allocation Failure) [PSYoungGen: 60800K->1552K(61440K)] 439423K->380175K(572928K), 0.0015716 secs] [Times: user=0.00 sys=0.00, real=0.00 secs] 
1706.417: [GC (Allocation Failure) [PSYoungGen: 60943K->1584K(61440K)] 439566K->380223K(572928K), 0.0015585 secs] [Times: user=0.01 sys=0.00, real=0.00 secs] 
1706.768: [GC (Allocation Failure) [PSYoungGen: 60976K->1549K(61440K)] 439615K->380188K(572928K), 0.0014766 secs] [Times: user=0.01 sys=0.00, real=0.00 secs] 
1707.117: [GC (Allocation Failure) [PSYoungGen: 60941K->1645K(61440K)] 439580K->380284K(572928K), 0.0017149 secs] [Times: user=0.01 sys=0.00, real=0.00 secs] 
1708.101: [GC (Allocation Failure) [PSYoungGen: 61037K->1472K(61440K)] 439676K->380111K(572928K), 0.0036436 secs] [Times: user=0.01 sys=0.00, real=0.01 secs] 
1708.535: [GC (Allocation Failure) [PSYoungGen: 60864K->1472K(61440K)] 439503K->380111K(572928K), 0.0021870 secs] [Times: user=0.00 sys=0.00, real=0.00 secs] 
1708.909: [GC (Allocation Failure) [PSYoungGen: 60864K->1440K(61440K)] 439503K->380079K(572928K), 0.0020962 secs] [Times: user=0.01 sys=0.00, real=0.00 secs] 
1709.156: [GC (Allocation Failure) [PSYoungGen: 60832K->1408K(61440K)] 439471K->380047K(572928K), 0.0020710 secs] [Times: user=0.01 sys=0.00, real=0.00 secs] 
1709.478: [GC (Allocation Failure) [PSYoungGen: 60800K->1520K(61440K)] 439439K->380159K(572928K), 0.0018186 secs] [Times: user=0.01 sys=0.00, real=0.00 secs] 
1709.833: [GC (Allocation Failure) [PSYoungGen: 60912K->1629K(61440K)] 439551K->380268K(572928K), 0.0016001 secs] [Times: user=0.00 sys=0.00, real=0.00 secs] 
1710.178: [GC (Allocation Failure) [PSYoungGen: 61021K->1517K(61440K)] 439660K->380220K(572928K), 0.0016257 secs] [Times: user=0.01 sys=0.00, real=0.00 secs] 
1710.522: [GC (Allocation Failure) [PSYoungGen: 60909K->1552K(61440K)] 439612K->380255K(572928K), 0.0016691 secs] [Times: user=0.01 sys=0.00, real=0.00 secs] 
1710.867: [GC (Allocation Failure) [PSYoungGen: 60944K->1520K(61440K)] 439647K->380223K(572928K), 0.0015559 secs] [Times: user=0.00 sys=0.00, real=0.00 secs] 
1713.013: [GC (Allocation Failure) [PSYoungGen: 60912K->1392K(61440K)] 439615K->380095K(572928K), 0.0043642 secs] [Times: user=0.01 sys=0.00, real=0.00 secs] 
1713.692: [GC (Allocation Failure) [PSYoungGen: 60784K->1408K(61440K)] 439487K->380111K(572928K), 0.0030665 secs] [Times: user=0.01 sys=0.00, real=0.01 secs] 
1714.240: [GC (Allocation Failure) [PSYoungGen: 60800K->1376K(61440K)] 439503K->380079K(572928K), 0.0031227 secs] [Times: user=0.02 sys=0.00, real=0.01 secs] 
1714.989: [GC (Allocation Failure) [PSYoungGen: 60768K->1376K(61440K)] 439471K->380079K(572928K), 0.0042755 secs] [Times: user=0.02 sys=0.00, real=0.01 secs] 
1715.793: [GC (Allocation Failure) [PSYoungGen: 60768K->1453K(61440K)] 439471K->380156K(572928K), 0.0022406 secs] [Times: user=0.00 sys=0.00, real=0.00 secs] 
1716.240: [GC (Allocation Failure) [PSYoungGen: 60819K->1520K(61440K)] 439523K->380223K(572928K), 0.0016723 secs] [Times: user=0.01 sys=0.00, real=0.01 secs] 
1716.587: [GC (Allocation Failure) [PSYoungGen: 60912K->1520K(61440K)] 439615K->380239K(572928K), 0.0016713 secs] [Times: user=0.01 sys=0.00, real=0.00 secs] 
1716.932: [GC (Allocation Failure) [PSYoungGen: 60912K->1581K(61440K)] 439631K->380300K(572928K), 0.0016565 secs] [Times: user=0.01 sys=0.00, real=0.01 secs] 
1717.273: [GC (Allocation Failure) [PSYoungGen: 60555K->2032K(61440K)] 439275K->380751K(572928K), 0.0018926 secs] [Times: user=0.01 sys=0.00, real=0.00 secs] 
1717.527: [GC (Allocation Failure) [PSYoungGen: 61424K->1376K(61440K)] 440143K->380119K(572928K), 0.0025730 secs] [Times: user=0.01 sys=0.00, real=0.00 secs] 
1717.887: [GC (Allocation Failure) [PSYoungGen: 60768K->1344K(61440K)] 439511K->380087K(572928K), 0.0020615 secs] [Times: user=0.01 sys=0.00, real=0.00 secs] 
1718.313: [GC (Allocation Failure) [PSYoungGen: 60736K->1376K(61440K)] 439479K->380119K(572928K), 0.0020632 secs] [Times: user=0.01 sys=0.00, real=0.00 secs] 
1718.831: [GC (Allocation Failure) [PSYoungGen: 60768K->1376K(61440K)] 439511K->380119K(572928K), 0.0019249 secs] [Times: user=0.01 sys=0.00, real=0.01 secs] 
1719.310: [GC (Allocation Failure) [PSYoungGen: 60745K->1389K(61440K)] 439488K->380132K(572928K), 0.0015859 secs] [Times: user=0.01 sys=0.00, real=0.00 secs] 
1719.655: [GC (Allocation Failure) [PSYoungGen: 60781K->1520K(61440K)] 439524K->380263K(572928K), 0.0066349 secs] [Times: user=0.04 sys=0.00, real=0.01 secs] 
1720.011: [GC (Allocation Failure) [PSYoungGen: 60912K->1485K(61440K)] 439655K->380236K(572928K), 0.0015888 secs] [Times: user=0.01 sys=0.00, real=0.01 secs] 
1720.356: [GC (Allocation Failure) [PSYoungGen: 60877K->1517K(61440K)] 439628K->380268K(572928K), 0.0015644 secs] [Times: user=0.01 sys=0.00, real=0.00 secs] 
1720.826: [GC (Allocation Failure) [PSYoungGen: 60909K->1440K(61440K)] 439660K->380191K(572928K), 0.0018867 secs] [Times: user=0.00 sys=0.00, real=0.00 secs] 
1721.109: [GC (Allocation Failure) [PSYoungGen: 60832K->1376K(61440K)] 439583K->380127K(572928K), 0.0018092 secs] [Times: user=0.00 sys=0.00, real=0.00 secs] 
1721.356: [GC (Allocation Failure) [PSYoungGen: 60768K->1344K(61440K)] 439519K->380095K(572928K), 0.0017885 secs] [Times: user=0.01 sys=0.00, real=0.00 secs] 
1721.645: [GC (Allocation Failure) [PSYoungGen: 60736K->1376K(61440K)] 439487K->380127K(572928K), 0.0019068 secs] [Times: user=0.01 sys=0.00, real=0.00 secs] 
1722.137: [GC (Allocation Failure) [PSYoungGen: 60768K->1344K(61440K)] 439519K->380095K(572928K), 0.0020510 secs] [Times: user=0.00 sys=0.00, real=0.00 secs] 
1722.602: [GC (Allocation Failure) [PSYoungGen: 60736K->1517K(61440K)] 439487K->380268K(572928K), 0.0015616 secs] [Times: user=0.01 sys=0.00, real=0.01 secs] 
1722.948: [GC (Allocation Failure) [PSYoungGen: 60893K->1517K(61440K)] 439644K->380276K(572928K), 0.0015889 secs] [Times: user=0.01 sys=0.00, real=0.00 secs] 
1723.293: [GC (GCLocker Initiated GC) [PSYoungGen: 60909K->1552K(61440K)] 439668K->380311K(572928K), 0.0015887 secs] [Times: user=0.01 sys=0.00, real=0.00 secs] 
1723.638: [GC (Allocation Failure) [PSYoungGen: 60944K->1469K(61440K)] 439961K->380486K(572928K), 0.0015748 secs] [Times: user=0.00 sys=0.00, real=0.00 secs] 
1723.979: [GC (Allocation Failure) [PSYoungGen: 60861K->1504K(61440K)] 439878K->380521K(572928K), 0.0018515 secs] [Times: user=0.00 sys=0.00, real=0.00 secs] 
1724.326: [GC (Allocation Failure) [PSYoungGen: 60896K->1424K(61440K)] 439913K->380441K(572928K), 0.0017904 secs] [Times: user=0.00 sys=0.00, real=0.00 secs] 
1724.573: [GC (Allocation Failure) [PSYoungGen: 60816K->1360K(61440K)] 439833K->380409K(572928K), 0.0017728 secs] [Times: user=0.01 sys=0.00, real=0.00 secs] 
1724.861: [GC (Allocation Failure) [PSYoungGen: 60752K->1408K(61440K)] 439801K->380457K(572928K), 0.0026910 secs] [Times: user=0.01 sys=0.00, real=0.01 secs] 
1725.143: [GC (Allocation Failure) [PSYoungGen: 60800K->1440K(61440K)] 439849K->380489K(572928K), 0.0020964 secs] [Times: user=0.01 sys=0.00, real=0.00 secs] 
1725.493: [GC (Allocation Failure) [PSYoungGen: 60821K->1549K(61440K)] 439870K->380598K(572928K), 0.0016384 secs] [Times: user=0.01 sys=0.00, real=0.00 secs] 
1725.839: [GC (Allocation Failure) [PSYoungGen: 60941K->1581K(61440K)] 439990K->380646K(572928K), 0.0016006 secs] [Times: user=0.00 sys=0.00, real=0.00 secs] 
1726.184: [GC (Allocation Failure) [PSYoungGen: 60973K->1581K(61440K)] 440038K->380646K(572928K), 0.0016055 secs] [Times: user=0.01 sys=0.00, real=0.00 secs] 
1726.530: [GC (Allocation Failure) [PSYoungGen: 60973K->1565K(61440K)] 440038K->380630K(572928K), 0.0016311 secs] [Times: user=0.00 sys=0.00, real=0.01 secs] 
1726.844: [GC (Allocation Failure) [PSYoungGen: 60957K->1472K(61440K)] 440022K->380537K(572928K), 0.0018697 secs] [Times: user=0.01 sys=0.00, real=0.00 secs] 
1727.091: [GC (Allocation Failure) [PSYoungGen: 60864K->1440K(61440K)] 439929K->380505K(572928K), 0.0017849 secs] [Times: user=0.01 sys=0.00, real=0.01 secs] 
1727.338: [GC (Allocation Failure) [PSYoungGen: 60832K->1376K(61440K)] 439897K->380497K(572928K), 0.0016815 secs] [Times: user=0.00 sys=0.00, real=0.00 secs] 
1727.605: [GC (Allocation Failure) [PSYoungGen: 60768K->1344K(61440K)] 439889K->380465K(572928K), 0.0017934 secs] [Times: user=0.01 sys=0.00, real=0.00 secs] 
1727.992: [GC (Allocation Failure) [PSYoungGen: 60736K->1376K(61440K)] 439857K->380497K(572928K), 0.0018205 secs] [Times: user=0.00 sys=0.00, real=0.01 secs] 
1728.406: [GC (Allocation Failure) [PSYoungGen: 60768K->1485K(61440K)] 439889K->380614K(572928K), 0.0016724 secs] [Times: user=0.00 sys=0.00, real=0.00 secs] 
1728.751: [GC (Allocation Failure) [PSYoungGen: 60877K->1549K(61440K)] 440006K->380702K(572928K), 0.0016095 secs] [Times: user=0.01 sys=0.00, real=0.01 secs] 
1729.160: [GC (Allocation Failure) [PSYoungGen: 60941K->1581K(61440K)] 440094K->380734K(572928K), 0.0016697 secs] [Times: user=0.01 sys=0.00, real=0.00 secs] 
1729.565: [GC (Allocation Failure) [PSYoungGen: 60973K->1581K(61440K)] 440126K->380734K(572928K), 0.0016704 secs] [Times: user=0.01 sys=0.00, real=0.00 secs] 
1730.101: [GC (Allocation Failure) [PSYoungGen: 60973K->1440K(61440K)] 440126K->380593K(572928K), 0.0025142 secs] [Times: user=0.01 sys=0.00, real=0.01 secs] 
1730.605: [GC (Allocation Failure) [PSYoungGen: 60832K->1408K(61440K)] 439985K->380561K(572928K), 0.0027007 secs] [Times: user=0.01 sys=0.00, real=0.00 secs] 
1730.970: [GC (Allocation Failure) [PSYoungGen: 60800K->1408K(61440K)] 439953K->380569K(572928K), 0.0023265 secs] [Times: user=0.01 sys=0.00, real=0.01 secs] 
1731.208: [GC (Allocation Failure) [PSYoungGen: 60800K->1376K(61440K)] 439961K->380537K(572928K), 0.0021640 secs] [Times: user=0.00 sys=0.00, real=0.00 secs] 
1731.505: [GC (Allocation Failure) [PSYoungGen: 60768K->1469K(61440K)] 439929K->380630K(572928K), 0.0020159 secs] [Times: user=0.01 sys=0.00, real=0.00 secs] 
1731.883: [GC (Allocation Failure) [PSYoungGen: 60861K->1581K(61440K)] 440022K->380742K(572928K), 0.0016913 secs] [Times: user=0.01 sys=0.00, real=0.00 secs] 
1732.231: [GC (Allocation Failure) [PSYoungGen: 60957K->1469K(61440K)] 440118K->380646K(572928K), 0.0016397 secs] [Times: user=0.01 sys=0.00, real=0.01 secs] 
1732.577: [GC (Allocation Failure) [PSYoungGen: 60861K->1517K(61440K)] 440038K->380694K(572928K), 0.0015957 secs] [Times: user=0.00 sys=0.00, real=0.00 secs] 
1732.921: [GC (Allocation Failure) [PSYoungGen: 60909K->1517K(61440K)] 440086K->380694K(572928K), 0.0016132 secs] [Times: user=0.01 sys=0.00, real=0.01 secs] 
1733.597: [GC (Allocation Failure) [PSYoungGen: 60909K->1376K(61440K)] 440086K->380553K(572928K), 0.0019766 secs] [Times: user=0.01 sys=0.00, real=0.00 secs] 
1734.136: [GC (Allocation Failure) [PSYoungGen: 60768K->1312K(61440K)] 439945K->380489K(572928K), 0.0019791 secs] [Times: user=0.01 sys=0.00, real=0.00 secs] 
1734.383: [GC (Allocation Failure) [PSYoungGen: 60704K->1376K(61440K)] 439881K->380561K(572928K), 0.0020110 secs] [Times: user=0.01 sys=0.00, real=0.00 secs] 
1734.630: [GC (Allocation Failure) [PSYoungGen: 60768K->1328K(61440K)] 439953K->380513K(572928K), 0.0021658 secs] [Times: user=0.01 sys=0.00, real=0.01 secs] 
1734.956: [GC (Allocation Failure) [PSYoungGen: 60720K->1456K(61440K)] 439905K->380673K(572928K), 0.0022762 secs] [Times: user=0.01 sys=0.00, real=0.00 secs] 
1735.375: [GC (Allocation Failure) [PSYoungGen: 60848K->1549K(61440K)] 440065K->380766K(572928K), 0.0015601 secs] [Times: user=0.01 sys=0.00, real=0.00 secs] 
1735.783: [GC (Allocation Failure) [PSYoungGen: 60941K->1488K(61440K)] 440158K->380721K(572928K), 0.0016171 secs] [Times: user=0.01 sys=0.00, real=0.00 secs] 
1736.130: [GC (Allocation Failure) [PSYoungGen: 60880K->1517K(61440K)] 440113K->380750K(572928K), 0.0016775 secs] [Times: user=0.01 sys=0.00, real=0.00 secs] 
1736.556: [GC (Allocation Failure) [PSYoungGen: 60659K->1632K(61440K)] 439892K->380865K(572928K), 0.0019599 secs] [Times: user=0.00 sys=0.00, real=0.00 secs] 
1736.909: [GC (Allocation Failure) [PSYoungGen: 61024K->1344K(61440K)] 440257K->380577K(572928K), 0.0024165 secs] [Times: user=0.01 sys=0.00, real=0.00 secs] 
1737.149: [GC (Allocation Failure) [PSYoungGen: 60736K->1408K(61440K)] 439969K->380641K(572928K), 0.0018705 secs] [Times: user=0.00 sys=0.00, real=0.00 secs] 
1737.455: [GC (Allocation Failure) [PSYoungGen: 60800K->1344K(61440K)] 440033K->380577K(572928K), 0.0019192 secs] [Times: user=0.01 sys=0.00, real=0.00 secs] 
1737.702: [GC (Allocation Failure) [PSYoungGen: 60736K->1344K(61440K)] 439969K->380577K(572928K), 0.0017352 secs] [Times: user=0.01 sys=0.00, real=0.00 secs] 
1738.112: [GC (Allocation Failure) [PSYoungGen: 60736K->1485K(61440K)] 439969K->380718K(572928K), 0.0020528 secs] [Times: user=0.00 sys=0.00, real=0.00 secs] 
1738.479: [GC (Allocation Failure) [PSYoungGen: 60877K->1501K(61440K)] 440110K->380734K(572928K), 0.0015996 secs] [Times: user=0.01 sys=0.00, real=0.00 secs] 
1738.824: [GC (Allocation Failure) [PSYoungGen: 60893K->1485K(61440K)] 440126K->380734K(572928K), 0.0016324 secs] [Times: user=0.01 sys=0.00, real=0.00 secs] 
1739.225: [GC (Allocation Failure) [PSYoungGen: 60877K->1549K(61440K)] 440126K->380798K(572928K), 0.0016745 secs] [Times: user=0.00 sys=0.00, real=0.00 secs] 
1739.568: [GC (Allocation Failure) [PSYoungGen: 60941K->1488K(61440K)] 440190K->380737K(572928K), 0.0018383 secs] [Times: user=0.00 sys=0.00, real=0.00 secs] 
1739.823: [GC (Allocation Failure) [PSYoungGen: 60880K->1376K(61440K)] 440129K->380625K(572928K), 0.0023647 secs] [Times: user=0.01 sys=0.00, real=0.00 secs] 
1740.063: [GC (Allocation Failure) [PSYoungGen: 60768K->1344K(61440K)] 440017K->380593K(572928K), 0.0018945 secs] [Times: user=0.00 sys=0.00, real=0.00 secs] 
1740.310: [GC (Allocation Failure) [PSYoungGen: 60736K->1344K(61440K)] 439985K->380593K(572928K), 0.0019200 secs] [Times: user=0.01 sys=0.00, real=0.01 secs] 
1740.557: [GC (Allocation Failure) [PSYoungGen: 60736K->1312K(61440K)] 439985K->380561K(572928K), 0.0017581 secs] [Times: user=0.01 sys=0.00, real=0.00 secs] 
1740.878: [GC (Allocation Failure) [PSYoungGen: 60704K->1485K(61440K)] 439953K->380734K(572928K), 0.0015956 secs] [Times: user=0.01 sys=0.00, real=0.00 secs] 
1741.284: [GC (Allocation Failure) [PSYoungGen: 60877K->1549K(61440K)] 440126K->380806K(572928K), 0.0017709 secs] [Times: user=0.00 sys=0.00, real=0.00 secs] 
1741.630: [GC (Allocation Failure) [PSYoungGen: 60941K->1549K(61440K)] 440198K->380806K(572928K), 0.0016773 secs] [Times: user=0.01 sys=0.00, real=0.00 secs] 
1741.974: [GC (Allocation Failure) [PSYoungGen: 60941K->1549K(61440K)] 440198K->380806K(572928K), 0.0016749 secs] [Times: user=0.01 sys=0.00, real=0.00 secs] 
1742.527: [GC (Allocation Failure) [PSYoungGen: 60941K->1440K(61440K)] 440198K->380697K(572928K), 0.0026617 secs] [Times: user=0.01 sys=0.01, real=0.00 secs] 
1743.115: [GC (Allocation Failure) [PSYoungGen: 60832K->1408K(61440K)] 440089K->380665K(572928K), 0.0026606 secs] [Times: user=0.01 sys=0.00, real=0.00 secs] 
1743.649: [GC (Allocation Failure) [PSYoungGen: 60800K->1312K(61440K)] 440057K->380569K(572928K), 0.0040784 secs] [Times: user=0.01 sys=0.00, real=0.01 secs] 
1744.147: [GC (Allocation Failure) [PSYoungGen: 60704K->1344K(61440K)] 439961K->380601K(572928K), 0.0022400 secs] [Times: user=0.01 sys=0.00, real=0.00 secs] 
1744.773: [GC (Allocation Failure) [PSYoungGen: 60736K->1344K(61440K)] 439993K->380601K(572928K), 0.0021911 secs] [Times: user=0.01 sys=0.00, real=0.00 secs] 
1745.400: [GC (Allocation Failure) [PSYoungGen: 60736K->1485K(61440K)] 439993K->380758K(572928K), 0.0015633 secs] [Times: user=0.01 sys=0.00, real=0.01 secs] 
1745.747: [GC (Allocation Failure) [PSYoungGen: 60877K->1485K(61440K)] 440150K->380774K(572928K), 0.0015584 secs] [Times: user=0.01 sys=0.00, real=0.00 secs] 
1746.092: [GC (Allocation Failure) [PSYoungGen: 60877K->1469K(61440K)] 440166K->380758K(572928K), 0.0016011 secs] [Times: user=0.01 sys=0.00, real=0.00 secs] 
1746.436: [GC (Allocation Failure) [PSYoungGen: 60861K->1565K(61440K)] 440150K->380854K(572928K), 0.0016129 secs] [Times: user=0.01 sys=0.00, real=0.00 secs] 
1747.681: [GC (Allocation Failure) [PSYoungGen: 60957K->1424K(61440K)] 440246K->380713K(572928K), 0.0036128 secs] [Times: user=0.02 sys=0.00, real=0.01 secs] 
1748.128: [GC (Allocation Failure) [PSYoungGen: 60816K->1392K(61440K)] 440105K->380681K(572928K), 0.0023775 secs] [Times: user=0.01 sys=0.00, real=0.00 secs] 
1748.609: [GC (Allocation Failure) [PSYoungGen: 60784K->1376K(61440K)] 440073K->380665K(572928K), 0.0024124 secs] [Times: user=0.01 sys=0.00, real=0.00 secs] 
1749.052: [GC (Allocation Failure) [PSYoungGen: 60768K->1376K(61440K)] 440057K->380665K(572928K), 0.0025505 secs] [Times: user=0.01 sys=0.00, real=0.01 secs] 
1749.489: [GC (Allocation Failure) [PSYoungGen: 60768K->1344K(61440K)] 440057K->380633K(572928K), 0.0028380 secs] [Times: user=0.01 sys=0.00, real=0.01 secs] 
1750.098: [GC (Allocation Failure) [PSYoungGen: 60736K->1520K(61440K)] 440025K->380809K(572928K), 0.0017646 secs] [Times: user=0.01 sys=0.00, real=0.00 secs] 
1750.447: [GC (Allocation Failure) [PSYoungGen: 60912K->1581K(61440K)] 440201K->380886K(572928K), 0.0016834 secs] [Times: user=0.01 sys=0.00, real=0.00 secs] 
1750.851: [GC (Allocation Failure) [PSYoungGen: 60973K->1517K(61440K)] 440278K->380830K(572928K), 0.0016367 secs] [Times: user=0.01 sys=0.00, real=0.01 secs] 
1751.196: [GC (Allocation Failure) [PSYoungGen: 60909K->1517K(61440K)] 440222K->380830K(572928K), 0.0015541 secs] [Times: user=0.01 sys=0.00, real=0.00 secs] 
1751.528: [GC (Allocation Failure) [PSYoungGen: 60909K->1408K(61440K)] 440222K->380721K(572928K), 0.0021635 secs] [Times: user=0.01 sys=0.00, real=0.00 secs] 
1751.776: [GC (Allocation Failure) [PSYoungGen: 60800K->1312K(61440K)] 440113K->380625K(572928K), 0.0019629 secs] [Times: user=0.01 sys=0.00, real=0.00 secs] 
1752.022: [GC (Allocation Failure) [PSYoungGen: 60704K->1408K(61440K)] 440017K->380721K(572928K), 0.0019231 secs] [Times: user=0.01 sys=0.00, real=0.00 secs] 
1752.269: [GC (Allocation Failure) [PSYoungGen: 60800K->1344K(61440K)] 440113K->380657K(572928K), 0.0017659 secs] [Times: user=0.01 sys=0.00, real=0.00 secs] 
1752.515: [GC (Allocation Failure) [PSYoungGen: 60736K->1376K(61440K)] 440049K->380689K(572928K), 0.0018163 secs] [Times: user=0.00 sys=0.00, real=0.00 secs] 
1752.897: [GC (Allocation Failure) [PSYoungGen: 60768K->1549K(61440K)] 440081K->380862K(572928K), 0.0016820 secs] [Times: user=0.01 sys=0.00, real=0.00 secs] 
1753.242: [GC (Allocation Failure) [PSYoungGen: 60921K->1517K(61440K)] 440234K->380838K(572928K), 0.0016065 secs] [Times: user=0.01 sys=0.00, real=0.00 secs] 
1753.587: [GC (Allocation Failure) [PSYoungGen: 60909K->1517K(61440K)] 440230K->380838K(572928K), 0.0016104 secs] [Times: user=0.01 sys=0.00, real=0.00 secs] 
1753.931: [GC (Allocation Failure) [PSYoungGen: 60909K->1517K(61440K)] 440230K->380838K(572928K), 0.0015970 secs] [Times: user=0.00 sys=0.00, real=0.01 secs] 
1755.399: [GC (Allocation Failure) [PSYoungGen: 60909K->1376K(61440K)] 440230K->380721K(572928K), 0.0030250 secs] [Times: user=0.01 sys=0.00, real=0.01 secs] 
1756.181: [GC (Allocation Failure) [PSYoungGen: 60768K->1344K(61440K)] 440113K->380689K(572928K), 0.0027498 secs] [Times: user=0.01 sys=0.00, real=0.01 secs] 
1756.668: [GC (Allocation Failure) [PSYoungGen: 60736K->1376K(61440K)] 440081K->380721K(572928K), 0.0027895 secs] [Times: user=0.01 sys=0.00, real=0.00 secs] 
1757.158: [GC (Allocation Failure) [PSYoungGen: 60768K->1376K(61440K)] 440113K->380721K(572928K), 0.0031159 secs] [Times: user=0.01 sys=0.00, real=0.00 secs] 
1757.655: [GC (Allocation Failure) [PSYoungGen: 60768K->1392K(61440K)] 440113K->380737K(572928K), 0.0020913 secs] [Times: user=0.00 sys=0.00, real=0.00 secs] 
1758.117: [GC (Allocation Failure) [PSYoungGen: 60784K->1584K(61440K)] 440129K->380929K(572928K), 0.0016972 secs] [Times: user=0.01 sys=0.00, real=0.00 secs] 
1758.464: [GC (Allocation Failure) [PSYoungGen: 60976K->1488K(61440K)] 440321K->380849K(572928K), 0.0016669 secs] [Times: user=0.01 sys=0.00, real=0.00 secs] 
1758.808: [GC (Allocation Failure) [PSYoungGen: 60880K->1533K(61440K)] 440241K->380894K(572928K), 0.0016555 secs] [Times: user=0.01 sys=0.00, real=0.00 secs] 
1759.164: [GC (Allocation Failure) [PSYoungGen: 60925K->256K(61440K)] 440286K->379617K(572928K), 0.0015287 secs] [Times: user=0.01 sys=0.00, real=0.00 secs] 
1759.585: [GC (Allocation Failure) [PSYoungGen: 59648K->1376K(61440K)] 439009K->380737K(572928K), 0.0026774 secs] [Times: user=0.01 sys=0.00, real=0.00 secs] 
1760.024: [GC (Allocation Failure) [PSYoungGen: 60768K->1376K(61440K)] 440129K->380737K(572928K), 0.0021654 secs] [Times: user=0.00 sys=0.00, real=0.00 secs] 
1760.479: [GC (Allocation Failure) [PSYoungGen: 60768K->1376K(61440K)] 440129K->380737K(572928K), 0.0020425 secs] [Times: user=0.01 sys=0.00, real=0.00 secs] 
1761.137: [GC (Allocation Failure) [PSYoungGen: 60768K->1344K(61440K)] 440129K->380705K(572928K), 0.0024058 secs] [Times: user=0.01 sys=0.00, real=0.00 secs] 
1761.803: [GC (Allocation Failure) [PSYoungGen: 60736K->1437K(61440K)] 440097K->380798K(572928K), 0.0014635 secs] [Times: user=0.01 sys=0.00, real=0.00 secs] 
1762.211: [GC (Allocation Failure) [PSYoungGen: 60829K->1581K(61440K)] 440190K->380942K(572928K), 0.0016265 secs] [Times: user=0.00 sys=0.00, real=0.01 secs] 
1762.559: [GC (Allocation Failure) [PSYoungGen: 60973K->1549K(61440K)] 440334K->380918K(572928K), 0.0016363 secs] [Times: user=0.01 sys=0.00, real=0.00 secs] 
1762.965: [GC (Allocation Failure) [PSYoungGen: 60941K->1581K(61440K)] 440310K->380950K(572928K), 0.0016160 secs] [Times: user=0.01 sys=0.00, real=0.00 secs] 
1763.323: [GC (Allocation Failure) [PSYoungGen: 60973K->1952K(61440K)] 440342K->381321K(572928K), 0.0020402 secs] [Times: user=0.01 sys=0.00, real=0.00 secs] 
1763.644: [GC (Allocation Failure) [PSYoungGen: 61344K->1376K(61440K)] 440713K->380745K(572928K), 0.0021673 secs] [Times: user=0.01 sys=0.00, real=0.00 secs] 
1763.870: [GC (Allocation Failure) [PSYoungGen: 60768K->1344K(61440K)] 440137K->380713K(572928K), 0.0018768 secs] [Times: user=0.00 sys=0.00, real=0.01 secs] 
1764.178: [GC (Allocation Failure) [PSYoungGen: 60736K->1376K(61440K)] 440105K->380745K(572928K), 0.0019401 secs] [Times: user=0.01 sys=0.00, real=0.00 secs] 
1764.539: [GC (Allocation Failure) [PSYoungGen: 60768K->1360K(61440K)] 440137K->380729K(572928K), 0.0019227 secs] [Times: user=0.01 sys=0.01, real=0.00 secs] 
1764.951: [GC (Allocation Failure) [PSYoungGen: 60752K->1485K(61440K)] 440121K->380854K(572928K), 0.0016252 secs] [Times: user=0.01 sys=0.00, real=0.01 secs] 
1765.302: [GC (Allocation Failure) [PSYoungGen: 60875K->1517K(61440K)] 440244K->380910K(572928K), 0.0015696 secs] [Times: user=0.01 sys=0.00, real=0.00 secs] 
1765.652: [GC (Allocation Failure) [PSYoungGen: 60909K->1472K(61440K)] 440302K->380881K(572928K), 0.0016216 secs] [Times: user=0.01 sys=0.00, real=0.00 secs] 
1765.997: [GC (Allocation Failure) [PSYoungGen: 60864K->1485K(61440K)] 440273K->380894K(572928K), 0.0016657 secs] [Times: user=0.01 sys=0.00, real=0.00 secs] 
1766.331: [GC (Allocation Failure) [PSYoungGen: 60877K->1440K(61440K)] 440286K->380849K(572928K), 0.0019557 secs] [Times: user=0.01 sys=0.00, real=0.01 secs] 
1766.578: [GC (Allocation Failure) [PSYoungGen: 60832K->1376K(61440K)] 440241K->380785K(572928K), 0.0017311 secs] [Times: user=0.01 sys=0.00, real=0.00 secs] 
1766.825: [GC (Allocation Failure) [PSYoungGen: 60768K->1360K(61440K)] 440177K->380769K(572928K), 0.0018306 secs] [Times: user=0.00 sys=0.01, real=0.00 secs] 
1767.071: [GC (Allocation Failure) [PSYoungGen: 60752K->1360K(61440K)] 440161K->380769K(572928K), 0.0017029 secs] [Times: user=0.01 sys=0.00, real=0.01 secs] 
1767.318: [GC (Allocation Failure) [PSYoungGen: 60752K->1408K(61440K)] 440161K->380817K(572928K), 0.0017466 secs] [Times: user=0.01 sys=0.00, real=0.00 secs] 
1767.643: [GC (Allocation Failure) [PSYoungGen: 60800K->1485K(61440K)] 440209K->380894K(572928K), 0.0016928 secs] [Times: user=0.00 sys=0.00, real=0.00 secs] 
1767.990: [GC (Allocation Failure) [PSYoungGen: 60847K->1453K(61440K)] 440256K->380878K(572928K), 0.0015892 secs] [Times: user=0.00 sys=0.00, real=0.01 secs] 
1768.344: [GC (Allocation Failure) [PSYoungGen: 60845K->1517K(61440K)] 440270K->380942K(572928K), 0.0015434 secs] [Times: user=0.01 sys=0.00, real=0.00 secs] 
1768.691: [GC (Allocation Failure) [PSYoungGen: 60909K->1485K(61440K)] 440334K->380910K(572928K), 0.0016026 secs] [Times: user=0.00 sys=0.00, real=0.01 secs] 
1769.216: [GC (Allocation Failure) [PSYoungGen: 60877K->1456K(61440K)] 440302K->380889K(572928K), 0.0016532 secs] [Times: user=0.01 sys=0.00, real=0.00 secs] 
1769.773: [GC (Allocation Failure) [PSYoungGen: 60848K->1344K(61440K)] 440281K->380777K(572928K), 0.0039459 secs] [Times: user=0.01 sys=0.00, real=0.00 secs] 
1770.272: [GC (Allocation Failure) [PSYoungGen: 60736K->1344K(61440K)] 440169K->380777K(572928K), 0.0024879 secs] [Times: user=0.00 sys=0.00, real=0.00 secs] 
1770.740: [GC (Allocation Failure) [PSYoungGen: 60736K->1376K(61440K)] 440169K->380809K(572928K), 0.0024951 secs] [Times: user=0.01 sys=0.00, real=0.01 secs] 
1771.206: [GC (Allocation Failure) [PSYoungGen: 60768K->1376K(61440K)] 440201K->380809K(572928K), 0.0023349 secs] [Times: user=0.01 sys=0.00, real=0.00 secs] 
1771.663: [GC (Allocation Failure) [PSYoungGen: 60746K->1536K(61440K)] 440179K->380969K(572928K), 0.0017857 secs] [Times: user=0.01 sys=0.00, real=0.00 secs] 
1772.009: [GC (Allocation Failure) [PSYoungGen: 60928K->1565K(61440K)] 440361K->381014K(572928K), 0.0016197 secs] [Times: user=0.01 sys=0.00, real=0.00 secs] 
1772.354: [GC (Allocation Failure) [PSYoungGen: 60925K->1501K(61440K)] 440374K->380950K(572928K), 0.0016442 secs] [Times: user=0.01 sys=0.00, real=0.00 secs] 
1772.701: [GC (Allocation Failure) [PSYoungGen: 60893K->1501K(61440K)] 440342K->380950K(572928K), 0.0015946 secs] [Times: user=0.01 sys=0.00, real=0.01 secs] 
1773.025: [GC (Allocation Failure) [PSYoungGen: 60893K->1408K(61440K)] 440342K->380857K(572928K), 0.0021058 secs] [Times: user=0.01 sys=0.00, real=0.00 secs] 
1773.440: [GC (Allocation Failure) [PSYoungGen: 60800K->1344K(61440K)] 440249K->380793K(572928K), 0.0024323 secs] [Times: user=0.01 sys=0.00, real=0.01 secs] 
1773.917: [GC (Allocation Failure) [PSYoungGen: 60736K->1344K(61440K)] 440185K->380793K(572928K), 0.0027866 secs] [Times: user=0.01 sys=0.01, real=0.00 secs] 
1774.567: [GC (Allocation Failure) [PSYoungGen: 60736K->1376K(61440K)] 440185K->380825K(572928K), 0.0031255 secs] [Times: user=0.01 sys=0.00, real=0.00 secs] 
1775.248: [GC (Allocation Failure) [PSYoungGen: 60768K->1344K(61440K)] 440217K->380793K(572928K), 0.0028502 secs] [Times: user=0.01 sys=0.00, real=0.00 secs] 
1775.747: [GC (Allocation Failure) [PSYoungGen: 60715K->1488K(61440K)] 440164K->380937K(572928K), 0.0016064 secs] [Times: user=0.01 sys=0.00, real=0.00 secs] 
1776.094: [GC (Allocation Failure) [PSYoungGen: 60880K->1533K(61440K)] 440329K->381006K(572928K), 0.0016805 secs] [Times: user=0.01 sys=0.00, real=0.00 secs] 
1776.437: [GC (Allocation Failure) [PSYoungGen: 60916K->1488K(61440K)] 440390K->380961K(572928K), 0.0015613 secs] [Times: user=0.00 sys=0.00, real=0.00 secs] 
1776.840: [GC (Allocation Failure) [PSYoungGen: 60880K->1517K(61440K)] 440353K->380990K(572928K), 0.0015586 secs] [Times: user=0.01 sys=0.00, real=0.00 secs] 
1777.175: [GC (Allocation Failure) [PSYoungGen: 60909K->1408K(61440K)] 440382K->380881K(572928K), 0.0020534 secs] [Times: user=0.01 sys=0.00, real=0.00 secs] 
1777.537: [GC (Allocation Failure) [PSYoungGen: 60800K->1312K(61440K)] 440273K->380785K(572928K), 0.0019217 secs] [Times: user=0.01 sys=0.00, real=0.00 secs] 
1777.864: [GC (Allocation Failure) [PSYoungGen: 60704K->1376K(61440K)] 440177K->380849K(572928K), 0.0020495 secs] [Times: user=0.01 sys=0.00, real=0.00 secs] 
1778.175: [GC (Allocation Failure) [PSYoungGen: 60768K->1376K(61440K)] 440241K->380849K(572928K), 0.0019377 secs] [Times: user=0.00 sys=0.00, real=0.00 secs] 
1778.474: [GC (Allocation Failure) [PSYoungGen: 60768K->1453K(61440K)] 440241K->380926K(572928K), 0.0082209 secs] [Times: user=0.04 sys=0.00, real=0.01 secs] 
1778.946: [GC (Allocation Failure) [PSYoungGen: 60845K->1520K(61440K)] 440318K->380993K(572928K), 0.0016694 secs] [Times: user=0.01 sys=0.00, real=0.00 secs] 
1779.290: [GC (Allocation Failure) [PSYoungGen: 60912K->1517K(61440K)] 440385K->381006K(572928K), 0.0016008 secs] [Times: user=0.00 sys=0.00, real=0.01 secs] 
1779.635: [GC (Allocation Failure) [PSYoungGen: 60909K->1517K(61440K)] 440398K->381006K(572928K), 0.0015937 secs] [Times: user=0.01 sys=0.01, real=0.00 secs] 
1779.980: [GC (Allocation Failure) [PSYoungGen: 60909K->1581K(61440K)] 440398K->381070K(572928K), 0.0016882 secs] [Times: user=0.01 sys=0.00, real=0.00 secs] 
1780.310: [GC (Allocation Failure) [PSYoungGen: 60973K->1408K(61440K)] 440462K->380897K(572928K), 0.0028060 secs] [Times: user=0.01 sys=0.00, real=0.01 secs] 
1780.550: [GC (Allocation Failure) [PSYoungGen: 60800K->1408K(61440K)] 440289K->380897K(572928K), 0.0021014 secs] [Times: user=0.01 sys=0.00, real=0.01 secs] 
1780.838: [GC (Allocation Failure) [PSYoungGen: 60800K->1376K(61440K)] 440289K->380865K(572928K), 0.0020303 secs] [Times: user=0.01 sys=0.00, real=0.00 secs] 
1781.094: [GC (Allocation Failure) [PSYoungGen: 60768K->1344K(61440K)] 440257K->380833K(572928K), 0.0019030 secs] [Times: user=0.01 sys=0.00, real=0.00 secs] 
1781.545: [GC (Allocation Failure) [PSYoungGen: 60736K->1389K(61440K)] 440225K->380878K(572928K), 0.0022153 secs] [Times: user=0.01 sys=0.00, real=0.00 secs] 
1781.958: [GC (Allocation Failure) [PSYoungGen: 60777K->1549K(61440K)] 440266K->381038K(572928K), 0.0015505 secs] [Times: user=0.01 sys=0.00, real=0.00 secs] 
1782.304: [GC (Allocation Failure) [PSYoungGen: 60941K->1581K(61440K)] 440430K->381078K(572928K), 0.0016809 secs] [Times: user=0.01 sys=0.00, real=0.00 secs] 
1782.711: [GC (Allocation Failure) [PSYoungGen: 60973K->1549K(61440K)] 440470K->381046K(572928K), 0.0016426 secs] [Times: user=0.00 sys=0.00, real=0.01 secs] 
1783.050: [GC (Allocation Failure) [PSYoungGen: 60621K->2032K(61440K)] 440118K->381529K(572928K), 0.0016283 secs] [Times: user=0.00 sys=0.00, real=0.00 secs] 
1783.382: [GC (Allocation Failure) [PSYoungGen: 61424K->1376K(61440K)] 440921K->380873K(572928K), 0.0025072 secs] [Times: user=0.01 sys=0.00, real=0.00 secs] 
1783.832: [GC (Allocation Failure) [PSYoungGen: 60768K->1376K(61440K)] 440265K->380873K(572928K), 0.0024719 secs] [Times: user=0.01 sys=0.00, real=0.00 secs] 
1784.487: [GC (Allocation Failure) [PSYoungGen: 60768K->1376K(61440K)] 440265K->380873K(572928K), 0.0027535 secs] [Times: user=0.01 sys=0.00, real=0.00 secs] 
1785.173: [GC (Allocation Failure) [PSYoungGen: 60768K->1376K(61440K)] 440265K->380897K(572928K), 0.0028808 secs] [Times: user=0.02 sys=0.00, real=0.00 secs] 
1786.146: [GC (Allocation Failure) [PSYoungGen: 60768K->1485K(61440K)] 440289K->381006K(572928K), 0.0018724 secs] [Times: user=0.00 sys=0.00, real=0.00 secs] 
1786.495: [GC (Allocation Failure) [PSYoungGen: 60877K->1533K(61440K)] 440398K->381054K(572928K), 0.0016292 secs] [Times: user=0.01 sys=0.00, real=0.00 secs] 
1786.840: [GC (Allocation Failure) [PSYoungGen: 60925K->1565K(61440K)] 440446K->381094K(572928K), 0.0016136 secs] [Times: user=0.01 sys=0.00, real=0.01 secs] 
1787.187: [GC (Allocation Failure) [PSYoungGen: 60957K->1565K(61440K)] 440486K->381094K(572928K), 0.0015933 secs] [Times: user=0.00 sys=0.00, real=0.00 secs] 
1787.664: [GC (Allocation Failure) [PSYoungGen: 60957K->1440K(61440K)] 440486K->380969K(572928K), 0.0019296 secs] [Times: user=0.01 sys=0.00, real=0.00 secs] 
1787.911: [GC (Allocation Failure) [PSYoungGen: 60832K->1408K(61440K)] 440361K->380937K(572928K), 0.0018466 secs] [Times: user=0.01 sys=0.00, real=0.01 secs] 
1788.159: [GC (Allocation Failure) [PSYoungGen: 60800K->1344K(61440K)] 440329K->380881K(572928K), 0.0018831 secs] [Times: user=0.01 sys=0.00, real=0.00 secs] 
1788.405: [GC (Allocation Failure) [PSYoungGen: 60736K->1392K(61440K)] 440273K->380929K(572928K), 0.0018407 secs] [Times: user=0.01 sys=0.00, real=0.00 secs] 
1788.652: [GC (Allocation Failure) [PSYoungGen: 60784K->1312K(61440K)] 440321K->380849K(572928K), 0.0018139 secs] [Times: user=0.00 sys=0.00, real=0.00 secs] 
1788.983: [GC (Allocation Failure) [PSYoungGen: 60704K->1488K(61440K)] 440241K->381025K(572928K), 0.0015229 secs] [Times: user=0.01 sys=0.00, real=0.00 secs] 
1789.329: [GC (Allocation Failure) [PSYoungGen: 60866K->1549K(61440K)] 440403K->381102K(572928K), 0.0015589 secs] [Times: user=0.01 sys=0.00, real=0.00 secs] 
1789.739: [GC (Allocation Failure) [PSYoungGen: 60941K->1549K(61440K)] 440494K->381102K(572928K), 0.0016749 secs] [Times: user=0.01 sys=0.00, real=0.00 secs] 
1790.085: [GC (Allocation Failure) [PSYoungGen: 60941K->1517K(61440K)] 440494K->381070K(572928K), 0.0016526 secs] [Times: user=0.01 sys=0.00, real=0.00 secs] 
1790.484: [GC (Allocation Failure) [PSYoungGen: 60909K->1456K(61440K)] 440462K->381009K(572928K), 0.0025272 secs] [Times: user=0.01 sys=0.00, real=0.00 secs] 
1790.749: [GC (Allocation Failure) [PSYoungGen: 60848K->1344K(61440K)] 440401K->380897K(572928K), 0.0025821 secs] [Times: user=0.01 sys=0.00, real=0.00 secs] 
1790.996: [GC (Allocation Failure) [PSYoungGen: 60736K->1344K(61440K)] 440289K->380897K(572928K), 0.0018140 secs] [Times: user=0.00 sys=0.00, real=0.00 secs] 
1791.366: [GC (Allocation Failure) [PSYoungGen: 60736K->1376K(61440K)] 440289K->380929K(572928K), 0.0020622 secs] [Times: user=0.01 sys=0.00, real=0.00 secs] 
1791.665: [GC (Allocation Failure) [PSYoungGen: 60768K->1376K(61440K)] 440321K->380929K(572928K), 0.0021392 secs] [Times: user=0.01 sys=0.00, real=0.00 secs] 
1792.072: [GC (Allocation Failure) [PSYoungGen: 60768K->1488K(61440K)] 440321K->381041K(572928K), 0.0015096 secs] [Times: user=0.01 sys=0.00, real=0.01 secs] 
1792.419: [GC (Allocation Failure) [PSYoungGen: 60880K->1581K(61440K)] 440433K->381150K(572928K), 0.0015497 secs] [Times: user=0.00 sys=0.00, real=0.00 secs] 
1792.823: [GC (Allocation Failure) [PSYoungGen: 60973K->1501K(61440K)] 440542K->381070K(572928K), 0.0016763 secs] [Times: user=0.00 sys=0.00, real=0.00 secs] 
1793.168: [GC (Allocation Failure) [PSYoungGen: 60893K->1584K(61440K)] 440462K->381153K(572928K), 0.0016304 secs] [Times: user=0.01 sys=0.00, real=0.00 secs] 
1793.520: [GC (Allocation Failure) [PSYoungGen: 60976K->1440K(61440K)] 440545K->381009K(572928K), 0.0025594 secs] [Times: user=0.01 sys=0.00, real=0.01 secs] 
1793.768: [GC (Allocation Failure) [PSYoungGen: 60832K->1344K(61440K)] 440401K->380913K(572928K), 0.0018951 secs] [Times: user=0.01 sys=0.00, real=0.00 secs] 
1794.030: [GC (Allocation Failure) [PSYoungGen: 60736K->1312K(61440K)] 440305K->380881K(572928K), 0.0019896 secs] [Times: user=0.00 sys=0.00, real=0.01 secs] 
1794.365: [GC (Allocation Failure) [PSYoungGen: 60704K->1376K(61440K)] 440273K->380977K(572928K), 0.0019141 secs] [Times: user=0.01 sys=0.00, real=0.00 secs] 
1794.705: [GC (Allocation Failure) [PSYoungGen: 60768K->1360K(61440K)] 440369K->380961K(572928K), 0.0019968 secs] [Times: user=0.01 sys=0.00, real=0.00 secs] 
1795.084: [GC (Allocation Failure) [PSYoungGen: 60729K->1488K(61440K)] 440330K->381089K(572928K), 0.0015800 secs] [Times: user=0.01 sys=0.00, real=0.00 secs] 
1795.432: [GC (Allocation Failure) [PSYoungGen: 60880K->1488K(61440K)] 440481K->381105K(572928K), 0.0015910 secs] [Times: user=0.00 sys=0.00, real=0.00 secs] 
1795.779: [GC (Allocation Failure) [PSYoungGen: 60874K->1520K(61440K)] 440491K->381137K(572928K), 0.0016105 secs] [Times: user=0.00 sys=0.00, real=0.00 secs] 
1796.125: [GC (Allocation Failure) [PSYoungGen: 60912K->1469K(61440K)] 440529K->381086K(572928K), 0.0015884 secs] [Times: user=0.01 sys=0.00, real=0.00 secs] 
1796.779: [GC (Allocation Failure) [PSYoungGen: 60861K->1408K(61440K)] 440478K->381025K(572928K), 0.0018596 secs] [Times: user=0.01 sys=0.00, real=0.00 secs] 
1797.316: [GC (Allocation Failure) [PSYoungGen: 60800K->1344K(61440K)] 440417K->380961K(572928K), 0.0018348 secs] [Times: user=0.00 sys=0.00, real=0.00 secs] 
1797.667: [GC (Allocation Failure) [PSYoungGen: 60736K->1328K(61440K)] 440353K->380945K(572928K), 0.0018213 secs] [Times: user=0.01 sys=0.00, real=0.00 secs] 
1798.126: [GC (Allocation Failure) [PSYoungGen: 60720K->1344K(61440K)] 440337K->380961K(572928K), 0.0021029 secs] [Times: user=0.01 sys=0.00, real=0.00 secs] 
1798.642: [GC (Allocation Failure) [PSYoungGen: 60609K->256K(61440K)] 440226K->379873K(572928K), 0.0035143 secs] [Times: user=0.02 sys=0.00, real=0.00 secs] 
1799.130: [GC (Allocation Failure) [PSYoungGen: 59648K->1520K(61440K)] 439265K->381137K(572928K), 0.0016266 secs] [Times: user=0.00 sys=0.00, real=0.00 secs] 
1799.539: [GC (Allocation Failure) [PSYoungGen: 60912K->1584K(61440K)] 440529K->381217K(572928K), 0.0017762 secs] [Times: user=0.00 sys=0.00, real=0.00 secs] 
1799.886: [GC (Allocation Failure) [PSYoungGen: 60976K->1517K(61440K)] 440609K->381150K(572928K), 0.0016621 secs] [Times: user=0.00 sys=0.00, real=0.00 secs] 
1800.300: [GC (Allocation Failure) [PSYoungGen: 60909K->1549K(61440K)] 440542K->381182K(572928K), 0.0016545 secs] [Times: user=0.01 sys=0.00, real=0.00 secs] 
1800.738: [GC (Allocation Failure) [PSYoungGen: 60941K->1376K(61440K)] 440574K->381009K(572928K), 0.0026443 secs] [Times: user=0.01 sys=0.00, real=0.00 secs] 
1801.035: [GC (Allocation Failure) [PSYoungGen: 60768K->1344K(61440K)] 440401K->380977K(572928K), 0.0020337 secs] [Times: user=0.00 sys=0.00, real=0.00 secs] 
1801.283: [GC (Allocation Failure) [PSYoungGen: 60736K->1408K(61440K)] 440369K->381041K(572928K), 0.0018713 secs] [Times: user=0.01 sys=0.00, real=0.00 secs] 
1801.582: [GC (Allocation Failure) [PSYoungGen: 60800K->1408K(61440K)] 440433K->381041K(572928K), 0.0019062 secs] [Times: user=0.01 sys=0.00, real=0.01 secs] 
1801.883: [GC (Allocation Failure) [PSYoungGen: 60800K->1437K(61440K)] 440433K->381070K(572928K), 0.0015218 secs] [Times: user=0.00 sys=0.00, real=0.00 secs] 
1802.230: [GC (Allocation Failure) [PSYoungGen: 60829K->1581K(61440K)] 440462K->381214K(572928K), 0.0016204 secs] [Times: user=0.01 sys=0.00, real=0.00 secs] 
1802.575: [GC (Allocation Failure) [PSYoungGen: 60973K->1501K(61440K)] 440606K->381150K(572928K), 0.0016877 secs] [Times: user=0.01 sys=0.00, real=0.00 secs] 
1802.920: [GC (Allocation Failure) [PSYoungGen: 60893K->1517K(61440K)] 440542K->381166K(572928K), 0.0016030 secs] [Times: user=0.00 sys=0.00, real=0.01 secs] 
1803.288: [GC (Allocation Failure) [PSYoungGen: 60909K->1600K(61440K)] 440558K->381249K(572928K), 0.0018427 secs] [Times: user=0.01 sys=0.00, real=0.00 secs] 
1803.533: [GC (Allocation Failure) [PSYoungGen: 60992K->1408K(61440K)] 440641K->381057K(572928K), 0.0016842 secs] [Times: user=0.01 sys=0.00, real=0.00 secs] 
1803.781: [GC (Allocation Failure) [PSYoungGen: 60800K->1408K(61440K)] 440449K->381057K(572928K), 0.0018597 secs] [Times: user=0.01 sys=0.00, real=0.01 secs] 
1804.056: [GC (Allocation Failure) [PSYoungGen: 60800K->1344K(61440K)] 440449K->381017K(572928K), 0.0017762 secs] [Times: user=0.00 sys=0.00, real=0.00 secs] 
1804.302: [GC (Allocation Failure) [PSYoungGen: 60736K->1376K(61440K)] 440409K->381049K(572928K), 0.0018370 secs] [Times: user=0.01 sys=0.00, real=0.00 secs] 
1804.603: [GC (Allocation Failure) [PSYoungGen: 60768K->1453K(61440K)] 440441K->381126K(572928K), 0.0015402 secs] [Times: user=0.00 sys=0.00, real=0.00 secs] 
1805.016: [GC (Allocation Failure) [PSYoungGen: 60845K->1549K(61440K)] 440518K->381222K(572928K), 0.0018772 secs] [Times: user=0.00 sys=0.00, real=0.00 secs] 
1805.361: [GC (Allocation Failure) [PSYoungGen: 60941K->1485K(61440K)] 440614K->381166K(572928K), 0.0016718 secs] [Times: user=0.01 sys=0.00, real=0.01 secs] 
1805.727: [GC (Allocation Failure) [PSYoungGen: 60877K->1517K(61440K)] 440558K->381198K(572928K), 0.0017473 secs] [Times: user=0.01 sys=0.00, real=0.00 secs] 
1806.084: [GC (Allocation Failure) [PSYoungGen: 60909K->1472K(61440K)] 440590K->381153K(572928K), 0.0017652 secs] [Times: user=0.01 sys=0.00, real=0.00 secs] 
1806.350: [GC (Allocation Failure) [PSYoungGen: 60864K->1344K(61440K)] 440545K->381025K(572928K), 0.0016654 secs] [Times: user=0.00 sys=0.00, real=0.01 secs] 
1806.597: [GC (Allocation Failure) [PSYoungGen: 60736K->1344K(61440K)] 440417K->381025K(572928K), 0.0017794 secs] [Times: user=0.01 sys=0.00, real=0.00 secs] 
1806.844: [GC (Allocation Failure) [PSYoungGen: 60736K->1344K(61440K)] 440417K->381025K(572928K), 0.0019744 secs] [Times: user=0.01 sys=0.00, real=0.00 secs] 
1807.091: [GC (Allocation Failure) [PSYoungGen: 60736K->1344K(61440K)] 440417K->381025K(572928K), 0.0019364 secs] [Times: user=0.01 sys=0.00, real=0.01 secs] 
1807.411: [GC (Allocation Failure) [PSYoungGen: 60736K->1453K(61440K)] 440417K->381134K(572928K), 0.0015201 secs] [Times: user=0.00 sys=0.00, real=0.01 secs] 
1807.757: [GC (Allocation Failure) [PSYoungGen: 60835K->1485K(61440K)] 440516K->381182K(572928K), 0.0017484 secs] [Times: user=0.01 sys=0.00, real=0.00 secs] 
1808.104: [GC (Allocation Failure) [PSYoungGen: 60877K->1517K(61440K)] 440574K->381214K(572928K), 0.0015956 secs] [Times: user=0.01 sys=0.00, real=0.00 secs] 
1808.450: [GC (Allocation Failure) [PSYoungGen: 60909K->1501K(61440K)] 440606K->381198K(572928K), 0.0016220 secs] [Times: user=0.01 sys=0.00, real=0.00 secs] 
1808.786: [GC (Allocation Failure) [PSYoungGen: 60893K->1392K(61440K)] 440590K->381089K(572928K), 0.0019574 secs] [Times: user=0.01 sys=0.00, real=0.00 secs] 
1809.033: [GC (Allocation Failure) [PSYoungGen: 60784K->1312K(61440K)] 440481K->381009K(572928K), 0.0017813 secs] [Times: user=0.00 sys=0.00, real=0.00 secs] 
1809.280: [GC (Allocation Failure) [PSYoungGen: 60704K->1376K(61440K)] 440401K->381073K(572928K), 0.0015826 secs] [Times: user=0.01 sys=0.00, real=0.00 secs] 
1809.526: [GC (Allocation Failure) [PSYoungGen: 60768K->1408K(61440K)] 440465K->381105K(572928K), 0.0016603 secs] [Times: user=0.01 sys=0.00, real=0.00 secs] 
1809.772: [GC (Allocation Failure) [PSYoungGen: 60800K->1344K(61440K)] 440497K->381041K(572928K), 0.0020517 secs] [Times: user=0.01 sys=0.00, real=0.00 secs] 
1810.135: [GC (Allocation Failure) [PSYoungGen: 60736K->1501K(61440K)] 440433K->381198K(572928K), 0.0016784 secs] [Times: user=0.01 sys=0.00, real=0.00 secs] 
1810.483: [GC (Allocation Failure) [PSYoungGen: 60863K->1581K(61440K)] 440560K->381286K(572928K), 0.0015588 secs] [Times: user=0.01 sys=0.00, real=0.00 secs] 
1810.830: [GC (Allocation Failure) [PSYoungGen: 60973K->1517K(61440K)] 440678K->381222K(572928K), 0.0016179 secs] [Times: user=0.00 sys=0.00, real=0.00 secs] 
1811.176: [GC (Allocation Failure) [PSYoungGen: 60909K->1517K(61440K)] 440614K->381222K(572928K), 0.0015901 secs] [Times: user=0.00 sys=0.00, real=0.00 secs] 
1811.527: [GC (Allocation Failure) [PSYoungGen: 60909K->1456K(61440K)] 440614K->381161K(572928K), 0.0019500 secs] [Times: user=0.01 sys=0.00, real=0.00 secs] 
1811.812: [GC (Allocation Failure) [PSYoungGen: 60848K->1344K(61440K)] 440553K->381049K(572928K), 0.0018748 secs] [Times: user=0.01 sys=0.00, real=0.00 secs] 
1812.431: [GC (Allocation Failure) [PSYoungGen: 60736K->1344K(61440K)] 440441K->381049K(572928K), 0.0021113 secs] [Times: user=0.01 sys=0.00, real=0.01 secs] 
1813.233: [GC (Allocation Failure) [PSYoungGen: 60736K->1376K(61440K)] 440441K->381089K(572928K), 0.0029515 secs] [Times: user=0.01 sys=0.00, real=0.00 secs] 
1814.093: [GC (Allocation Failure) [PSYoungGen: 60768K->1408K(61440K)] 440481K->381121K(572928K), 0.0030008 secs] [Times: user=0.01 sys=0.00, real=0.00 secs] 
1814.636: [GC (Allocation Failure) [PSYoungGen: 60778K->1472K(61440K)] 440491K->381185K(572928K), 0.0015750 secs] [Times: user=0.00 sys=0.00, real=0.00 secs] 
1814.982: [GC (Allocation Failure) [PSYoungGen: 60864K->1501K(61440K)] 440577K->381230K(572928K), 0.0016211 secs] [Times: user=0.01 sys=0.00, real=0.00 secs] 
1815.325: [GC (Allocation Failure) [PSYoungGen: 60893K->1485K(61440K)] 440622K->381238K(572928K), 0.0015893 secs] [Times: user=0.01 sys=0.00, real=0.00 secs] 
1815.672: [GC (Allocation Failure) [PSYoungGen: 60877K->1517K(61440K)] 440630K->381278K(572928K), 0.0016390 secs] [Times: user=0.00 sys=0.00, real=0.00 secs] 
1816.037: [GC (Allocation Failure) [PSYoungGen: 60909K->1376K(61440K)] 440670K->381137K(572928K), 0.0019187 secs] [Times: user=0.00 sys=0.00, real=0.00 secs] 
1816.434: [GC (Allocation Failure) [PSYoungGen: 60768K->1408K(61440K)] 440529K->381169K(572928K), 0.0018762 secs] [Times: user=0.01 sys=0.00, real=0.00 secs] 
1816.897: [GC (Allocation Failure) [PSYoungGen: 60800K->1344K(61440K)] 440561K->381105K(572928K), 0.0021693 secs] [Times: user=0.01 sys=0.00, real=0.00 secs] 
1817.374: [GC (Allocation Failure) [PSYoungGen: 60736K->1344K(61440K)] 440497K->381105K(572928K), 0.0024492 secs] [Times: user=0.01 sys=0.00, real=0.00 secs] 
1817.865: [GC (Allocation Failure) [PSYoungGen: 60736K->1376K(61440K)] 440497K->381137K(572928K), 0.0030317 secs] [Times: user=0.01 sys=0.00, real=0.00 secs] 
1818.341: [GC (Allocation Failure) [PSYoungGen: 60746K->1520K(61440K)] 440507K->381281K(572928K), 0.0015749 secs] [Times: user=0.01 sys=0.00, real=0.01 secs] 
1818.688: [GC (Allocation Failure) [PSYoungGen: 60912K->1501K(61440K)] 440673K->381278K(572928K), 0.0016899 secs] [Times: user=0.01 sys=0.00, real=0.00 secs] 
1819.033: [GC (Allocation Failure) [PSYoungGen: 60893K->1581K(61440K)] 440670K->381358K(572928K), 0.0015937 secs] [Times: user=0.01 sys=0.00, real=0.00 secs] 
1819.382: [GC (Allocation Failure) [PSYoungGen: 60973K->1517K(61440K)] 440750K->381294K(572928K), 0.0015943 secs] [Times: user=0.01 sys=0.00, real=0.00 secs] 
1819.845: [GC (Allocation Failure) [PSYoungGen: 60909K->1440K(61440K)] 440686K->381217K(572928K), 0.0020797 secs] [Times: user=0.01 sys=0.00, real=0.00 secs] 
1820.349: [GC (Allocation Failure) [PSYoungGen: 60832K->1376K(61440K)] 440609K->381153K(572928K), 0.0022074 secs] [Times: user=0.00 sys=0.01, real=0.00 secs] 
1821.024: [GC (Allocation Failure) [PSYoungGen: 60768K->1376K(61440K)] 440545K->381153K(572928K), 0.0032188 secs] [Times: user=0.01 sys=0.00, real=0.00 secs] 
1821.651: [GC (Allocation Failure) [PSYoungGen: 60768K->1376K(61440K)] 440545K->381153K(572928K), 0.0028169 secs] [Times: user=0.01 sys=0.00, real=0.01 secs] 
1822.418: [GC (Allocation Failure) [PSYoungGen: 60747K->1437K(61440K)] 440524K->381214K(572928K), 0.0023430 secs] [Times: user=0.01 sys=0.00, real=0.00 secs] 
1822.811: [GC (Allocation Failure) [PSYoungGen: 60829K->1581K(61440K)] 440606K->381358K(572928K), 0.0015950 secs] [Times: user=0.00 sys=0.00, real=0.01 secs] 
1823.156: [GC (Allocation Failure) [PSYoungGen: 60973K->1581K(61440K)] 440750K->381366K(572928K), 0.0017745 secs] [Times: user=0.00 sys=0.00, real=0.00 secs] 
1823.501: [GC (Allocation Failure) [PSYoungGen: 60973K->1549K(61440K)] 440758K->381334K(572928K), 0.0015969 secs] [Times: user=0.01 sys=0.00, real=0.01 secs] 
1823.846: [GC (Allocation Failure) [PSYoungGen: 60941K->1552K(61440K)] 440726K->381337K(572928K), 0.0016799 secs] [Times: user=0.01 sys=0.01, real=0.00 secs] 
1824.635: [GC (Allocation Failure) [PSYoungGen: 60944K->1376K(61440K)] 440729K->381161K(572928K), 0.0022202 secs] [Times: user=0.00 sys=0.00, real=0.00 secs] 
1825.043: [GC (Allocation Failure) [PSYoungGen: 60768K->1344K(61440K)] 440553K->381129K(572928K), 0.0028741 secs] [Times: user=0.01 sys=0.00, real=0.00 secs] 
1825.331: [GC (Allocation Failure) [PSYoungGen: 60736K->1376K(61440K)] 440521K->381161K(572928K), 0.0025061 secs] [Times: user=0.01 sys=0.00, real=0.01 secs] 
1825.577: [GC (Allocation Failure) [PSYoungGen: 60768K->1344K(61440K)] 440553K->381129K(572928K), 0.0017647 secs] [Times: user=0.01 sys=0.00, real=0.00 secs] 
1825.928: [GC (Allocation Failure) [PSYoungGen: 60710K->1456K(61440K)] 440495K->381273K(572928K), 0.0015033 secs] [Times: user=0.00 sys=0.00, real=0.00 secs] 
1826.274: [GC (Allocation Failure) [PSYoungGen: 60848K->1549K(61440K)] 440665K->381366K(572928K), 0.0015907 secs] [Times: user=0.01 sys=0.00, real=0.00 secs] 
1826.618: [GC (Allocation Failure) [PSYoungGen: 60941K->1549K(61440K)] 440758K->381382K(572928K), 0.0016376 secs] [Times: user=0.01 sys=0.00, real=0.00 secs] 
1826.963: [GC (Allocation Failure) [PSYoungGen: 60941K->1517K(61440K)] 440774K->381350K(572928K), 0.0015894 secs] [Times: user=0.00 sys=0.00, real=0.00 secs] 
1827.400: [GC (Allocation Failure) [PSYoungGen: 60909K->1984K(61440K)] 440742K->382329K(572928K), 0.0017933 secs] [Times: user=0.00 sys=0.00, real=0.00 secs] 
1827.919: [GC (Allocation Failure) [PSYoungGen: 61376K->1344K(61440K)] 441721K->381689K(572928K), 0.0018248 secs] [Times: user=0.01 sys=0.00, real=0.00 secs] 
1828.171: [GC (Allocation Failure) [PSYoungGen: 60736K->1408K(61440K)] 441081K->381753K(572928K), 0.0024834 secs] [Times: user=0.01 sys=0.00, real=0.01 secs] 
1828.428: [GC (Allocation Failure) [PSYoungGen: 60800K->1376K(61440K)] 441145K->381721K(572928K), 0.0024179 secs] [Times: user=0.01 sys=0.00, real=0.00 secs] 
1828.675: [GC (Allocation Failure) [PSYoungGen: 60768K->1344K(61440K)] 441113K->381689K(572928K), 0.0020050 secs] [Times: user=0.01 sys=0.00, real=0.00 secs] 
1829.125: [GC (Allocation Failure) [PSYoungGen: 60712K->1485K(61440K)] 441057K->381830K(572928K), 0.0017149 secs] [Times: user=0.01 sys=0.00, real=0.00 secs] 
1829.471: [GC (Allocation Failure) [PSYoungGen: 60877K->1501K(61440K)] 441222K->381846K(572928K), 0.0017539 secs] [Times: user=0.00 sys=0.00, real=0.01 secs] 
1829.825: [GC (Allocation Failure) [PSYoungGen: 60893K->1533K(61440K)] 441238K->381894K(572928K), 0.0015362 secs] [Times: user=0.01 sys=0.00, real=0.00 secs] 
1830.174: [GC (Allocation Failure) [PSYoungGen: 60925K->1533K(61440K)] 441286K->381894K(572928K), 0.0016301 secs] [Times: user=0.00 sys=0.00, real=0.00 secs] 
1830.539: [GC (Allocation Failure) [PSYoungGen: 60925K->1472K(61440K)] 441286K->381833K(572928K), 0.0019374 secs] [Times: user=0.01 sys=0.00, real=0.00 secs] 
1830.828: [GC (Allocation Failure) [PSYoungGen: 60864K->1344K(61440K)] 441225K->381705K(572928K), 0.0019652 secs] [Times: user=0.01 sys=0.00, real=0.00 secs] 
1831.078: [GC (Allocation Failure) [PSYoungGen: 60736K->1344K(61440K)] 441097K->381705K(572928K), 0.0017902 secs] [Times: user=0.01 sys=0.00, real=0.00 secs] 
1831.332: [GC (Allocation Failure) [PSYoungGen: 60736K->1344K(61440K)] 441097K->381705K(572928K), 0.0018775 secs] [Times: user=0.00 sys=0.00, real=0.00 secs] 
1831.669: [GC (Allocation Failure) [PSYoungGen: 60736K->1344K(61440K)] 441097K->381705K(572928K), 0.0019242 secs] [Times: user=0.00 sys=0.01, real=0.00 secs] 
1832.124: [GC (Allocation Failure) [PSYoungGen: 60712K->1472K(61440K)] 441073K->381833K(572928K), 0.0015778 secs] [Times: user=0.01 sys=0.00, real=0.00 secs] 
1832.470: [GC (Allocation Failure) [PSYoungGen: 60864K->1533K(61440K)] 441225K->381902K(572928K), 0.0016372 secs] [Times: user=0.01 sys=0.00, real=0.00 secs] 
1832.814: [GC (Allocation Failure) [PSYoungGen: 60925K->1520K(61440K)] 441294K->381889K(572928K), 0.0015890 secs] [Times: user=0.00 sys=0.00, real=0.00 secs] 
1833.162: [GC (Allocation Failure) [PSYoungGen: 60912K->1533K(61440K)] 441281K->381902K(572928K), 0.0016013 secs] [Times: user=0.01 sys=0.00, real=0.01 secs] 
1833.684: [GC (Allocation Failure) [PSYoungGen: 60925K->1424K(61440K)] 441294K->381793K(572928K), 0.0019181 secs] [Times: user=0.01 sys=0.00, real=0.00 secs] 
1834.314: [GC (Allocation Failure) [PSYoungGen: 60816K->1408K(61440K)] 441185K->381777K(572928K), 0.0043894 secs] [Times: user=0.02 sys=0.00, real=0.00 secs] 
1834.735: [GC (Allocation Failure) [PSYoungGen: 60800K->1376K(61440K)] 441169K->381777K(572928K), 0.0020898 secs] [Times: user=0.01 sys=0.00, real=0.00 secs] 
1835.135: [GC (Allocation Failure) [PSYoungGen: 60768K->1408K(61440K)] 441169K->381809K(572928K), 0.0020995 secs] [Times: user=0.01 sys=0.00, real=0.00 secs] 
1835.584: [GC (Allocation Failure) [PSYoungGen: 60800K->1376K(61440K)] 441201K->381777K(572928K), 0.0024720 secs] [Times: user=0.01 sys=0.00, real=0.00 secs] 
1836.016: [GC (Allocation Failure) [PSYoungGen: 60768K->1485K(61440K)] 441169K->381886K(572928K), 0.0016729 secs] [Times: user=0.01 sys=0.00, real=0.00 secs] 
1836.360: [GC (Allocation Failure) [PSYoungGen: 60877K->1533K(61440K)] 441278K->381950K(572928K), 0.0015937 secs] [Times: user=0.00 sys=0.00, real=0.01 secs] 
1836.704: [GC (Allocation Failure) [PSYoungGen: 60925K->1552K(61440K)] 441342K->381969K(572928K), 0.0015962 secs] [Times: user=0.01 sys=0.00, real=0.00 secs] 
1837.049: [GC (Allocation Failure) [PSYoungGen: 60944K->1485K(61440K)] 441361K->381902K(572928K), 0.0015978 secs] [Times: user=0.01 sys=0.00, real=0.00 secs] 
1837.361: [GC (Allocation Failure) [PSYoungGen: 60877K->1440K(61440K)] 441294K->381857K(572928K), 0.0018230 secs] [Times: user=0.01 sys=0.00, real=0.01 secs] 
1837.647: [GC (Allocation Failure) [PSYoungGen: 60832K->1392K(61440K)] 441249K->381809K(572928K), 0.0018902 secs] [Times: user=0.01 sys=0.00, real=0.00 secs] 
1837.894: [GC (Allocation Failure) [PSYoungGen: 60784K->1376K(61440K)] 441201K->381793K(572928K), 0.0018314 secs] [Times: user=0.01 sys=0.00, real=0.00 secs] 
1838.218: [GC (Allocation Failure) [PSYoungGen: 60768K->1344K(61440K)] 441185K->381761K(572928K), 0.0027199 secs] [Times: user=0.01 sys=0.00, real=0.00 secs] 
1838.718: [GC (Allocation Failure) [PSYoungGen: 60736K->1376K(61440K)] 441153K->381793K(572928K), 0.0031494 secs] [Times: user=0.02 sys=0.00, real=0.00 secs] 
1839.213: [GC (Allocation Failure) [PSYoungGen: 60746K->1520K(61440K)] 441163K->381937K(572928K), 0.0016263 secs] [Times: user=0.00 sys=0.00, real=0.00 secs] 
1839.559: [GC (Allocation Failure) [PSYoungGen: 60912K->1517K(61440K)] 441329K->381950K(572928K), 0.0015760 secs] [Times: user=0.01 sys=0.00, real=0.00 secs] 
1839.903: [GC (Allocation Failure) [PSYoungGen: 60909K->1549K(61440K)] 441342K->381982K(572928K), 0.0015752 secs] [Times: user=0.00 sys=0.00, real=0.00 secs] 
1840.297: [GC (Allocation Failure) [PSYoungGen: 60941K->1565K(61440K)] 441374K->381998K(572928K), 0.0017577 secs] [Times: user=0.01 sys=0.00, real=0.00 secs] 
1841.024: [GC (Allocation Failure) [PSYoungGen: 60957K->1472K(61440K)] 441390K->381905K(572928K), 0.0040779 secs] [Times: user=0.01 sys=0.00, real=0.00 secs] 
1841.551: [GC (Allocation Failure) [PSYoungGen: 60864K->1344K(61440K)] 441297K->381777K(572928K), 0.0027106 secs] [Times: user=0.01 sys=0.00, real=0.01 secs] 
1842.082: [GC (Allocation Failure) [PSYoungGen: 60736K->1376K(61440K)] 441169K->381809K(572928K), 0.0027177 secs] [Times: user=0.01 sys=0.00, real=0.00 secs] 
1842.628: [GC (Allocation Failure) [PSYoungGen: 60768K->1376K(61440K)] 441201K->381809K(572928K), 0.0024516 secs] [Times: user=0.01 sys=0.00, real=0.00 secs] 
1842.982: [GC (Allocation Failure) [PSYoungGen: 60762K->1456K(61440K)] 441195K->381889K(572928K), 0.0020536 secs] [Times: user=0.01 sys=0.00, real=0.01 secs] 
1843.338: [GC (Allocation Failure) [PSYoungGen: 60848K->1520K(61440K)] 441281K->381953K(572928K), 0.0018058 secs] [Times: user=0.01 sys=0.00, real=0.00 secs] 
1843.683: [GC (Allocation Failure) [PSYoungGen: 60912K->1520K(61440K)] 441345K->381969K(572928K), 0.0015809 secs] [Times: user=0.00 sys=0.00, real=0.00 secs] 
1844.028: [GC (Allocation Failure) [PSYoungGen: 60912K->1613K(61440K)] 441361K->382062K(572928K), 0.0016961 secs] [Times: user=0.01 sys=0.00, real=0.00 secs] 
1844.373: [GC (Allocation Failure) [PSYoungGen: 61005K->1520K(61440K)] 441454K->381969K(572928K), 0.0015967 secs] [Times: user=0.00 sys=0.00, real=0.00 secs] 
1845.092: [GC (Allocation Failure) [PSYoungGen: 60912K->1360K(61440K)] 441361K->381809K(572928K), 0.0033988 secs] [Times: user=0.02 sys=0.00, real=0.00 secs] 
1845.643: [GC (Allocation Failure) [PSYoungGen: 60752K->1376K(61440K)] 441201K->381825K(572928K), 0.0029947 secs] [Times: user=0.01 sys=0.00, real=0.00 secs] 
1846.035: [GC (Allocation Failure) [PSYoungGen: 60768K->1376K(61440K)] 441217K->381849K(572928K), 0.0021183 secs] [Times: user=0.01 sys=0.00, real=0.00 secs] 
1846.287: [GC (Allocation Failure) [PSYoungGen: 60768K->1344K(61440K)] 441241K->381817K(572928K), 0.0019339 secs] [Times: user=0.01 sys=0.00, real=0.00 secs] 
1846.575: [GC (Allocation Failure) [PSYoungGen: 60711K->1469K(61440K)] 441184K->381942K(572928K), 0.0014692 secs] [Times: user=0.00 sys=0.00, real=0.00 secs] 
1846.977: [GC (Allocation Failure) [PSYoungGen: 60861K->1517K(61440K)] 441334K->381990K(572928K), 0.0016725 secs] [Times: user=0.01 sys=0.00, real=0.00 secs] 
1847.321: [GC (Allocation Failure) [PSYoungGen: 60909K->1517K(61440K)] 441382K->382006K(572928K), 0.0016463 secs] [Times: user=0.01 sys=0.00, real=0.01 secs] 
1847.666: [GC (Allocation Failure) [PSYoungGen: 60909K->1533K(61440K)] 441398K->382022K(572928K), 0.0016694 secs] [Times: user=0.00 sys=0.00, real=0.00 secs] 
1848.069: [GC (Allocation Failure) [PSYoungGen: 60925K->1728K(61440K)] 441414K->382217K(572928K), 0.0017011 secs] [Times: user=0.01 sys=0.00, real=0.00 secs] 
1848.642: [GC (Allocation Failure) [PSYoungGen: 61120K->1376K(61440K)] 441609K->381865K(572928K), 0.0031233 secs] [Times: user=0.02 sys=0.00, real=0.01 secs] 
1849.206: [GC (Allocation Failure) [PSYoungGen: 60768K->1376K(61440K)] 441257K->381865K(572928K), 0.0031892 secs] [Times: user=0.01 sys=0.00, real=0.00 secs] 
1849.678: [GC (Allocation Failure) [PSYoungGen: 60768K->1344K(61440K)] 441257K->381833K(572928K), 0.0027787 secs] [Times: user=0.01 sys=0.00, real=0.00 secs] 
1849.924: [GC (Allocation Failure) [PSYoungGen: 60736K->1360K(61440K)] 441225K->381849K(572928K), 0.0021025 secs] [Times: user=0.01 sys=0.00, real=0.00 secs] 
1850.246: [GC (Allocation Failure) [PSYoungGen: 60725K->1440K(61440K)] 441214K->381929K(572928K), 0.0041366 secs] [Times: user=0.02 sys=0.00, real=0.00 secs] 
1850.600: [GC (Allocation Failure) [PSYoungGen: 60832K->1517K(61440K)] 441321K->382006K(572928K), 0.0015717 secs] [Times: user=0.01 sys=0.00, real=0.00 secs] 
1851.004: [GC (Allocation Failure) [PSYoungGen: 60909K->1549K(61440K)] 441398K->382054K(572928K), 0.0016466 secs] [Times: user=0.00 sys=0.00, real=0.00 secs] 
1851.350: [GC (Allocation Failure) [PSYoungGen: 60941K->1549K(61440K)] 441446K->382054K(572928K), 0.0016495 secs] [Times: user=0.00 sys=0.00, real=0.00 secs] 
1851.765: [GC (Allocation Failure) [PSYoungGen: 60941K->1424K(61440K)] 441446K->381929K(572928K), 0.0020606 secs] [Times: user=0.00 sys=0.00, real=0.00 secs] 
1852.012: [GC (Allocation Failure) [PSYoungGen: 60816K->1376K(61440K)] 441321K->381881K(572928K), 0.0020359 secs] [Times: user=0.00 sys=0.00, real=0.00 secs] 
1852.259: [GC (Allocation Failure) [PSYoungGen: 60768K->1328K(61440K)] 441273K->381849K(572928K), 0.0019550 secs] [Times: user=0.01 sys=0.00, real=0.00 secs] 
1852.506: [GC (Allocation Failure) [PSYoungGen: 60720K->1344K(61440K)] 441241K->381865K(572928K), 0.0018871 secs] [Times: user=0.01 sys=0.00, real=0.00 secs] 
1852.809: [GC (Allocation Failure) [PSYoungGen: 60736K->1408K(61440K)] 441257K->381929K(572928K), 0.0019405 secs] [Times: user=0.01 sys=0.00, real=0.00 secs] 
1853.213: [GC (Allocation Failure) [PSYoungGen: 60790K->1549K(61440K)] 441311K->382070K(572928K), 0.0017587 secs] [Times: user=0.01 sys=0.00, real=0.00 secs] 
1853.559: [GC (Allocation Failure) [PSYoungGen: 60941K->1517K(61440K)] 441462K->382054K(572928K), 0.0015713 secs] [Times: user=0.01 sys=0.00, real=0.00 secs] 
1853.968: [GC (Allocation Failure) [PSYoungGen: 60909K->1517K(61440K)] 441446K->382054K(572928K), 0.0016494 secs] [Times: user=0.00 sys=0.00, real=0.00 secs] 
1854.371: [GC (Allocation Failure) [PSYoungGen: 60909K->1549K(61440K)] 441446K->382102K(572928K), 0.0015696 secs] [Times: user=0.01 sys=0.00, real=0.01 secs] 
1854.701: [GC (Allocation Failure) [PSYoungGen: 60941K->1472K(61440K)] 441494K->382025K(572928K), 0.0021089 secs] [Times: user=0.01 sys=0.00, real=0.01 secs] 
1854.948: [GC (Allocation Failure) [PSYoungGen: 60864K->1376K(61440K)] 441417K->381929K(572928K), 0.0020134 secs] [Times: user=0.01 sys=0.00, real=0.00 secs] 
1855.195: [GC (Allocation Failure) [PSYoungGen: 60768K->1376K(61440K)] 441321K->381929K(572928K), 0.0019354 secs] [Times: user=0.01 sys=0.00, real=0.00 secs] 
1855.475: [GC (Allocation Failure) [PSYoungGen: 60768K->1408K(61440K)] 441321K->381961K(572928K), 0.0019993 secs] [Times: user=0.01 sys=0.00, real=0.00 secs] 
1855.738: [GC (Allocation Failure) [PSYoungGen: 60800K->1408K(61440K)] 441353K->381961K(572928K), 0.0019989 secs] [Times: user=0.01 sys=0.00, real=0.00 secs] 
1856.108: [GC (Allocation Failure) [PSYoungGen: 60800K->1517K(61440K)] 441353K->382070K(572928K), 0.0016491 secs] [Times: user=0.01 sys=0.00, real=0.00 secs] 
1856.453: [GC (Allocation Failure) [PSYoungGen: 60909K->1520K(61440K)] 441462K->382081K(572928K), 0.0015805 secs] [Times: user=0.01 sys=0.00, real=0.00 secs] 
1856.870: [GC (Allocation Failure) [PSYoungGen: 60912K->1456K(61440K)] 441473K->382017K(572928K), 0.0016777 secs] [Times: user=0.00 sys=0.00, real=0.01 secs] 
1857.216: [GC (Allocation Failure) [PSYoungGen: 60848K->1533K(61440K)] 441409K->382094K(572928K), 0.0016269 secs] [Times: user=0.00 sys=0.00, real=0.00 secs] 
1857.710: [GC (Allocation Failure) [PSYoungGen: 60925K->1408K(61440K)] 441486K->381969K(572928K), 0.0026378 secs] [Times: user=0.01 sys=0.00, real=0.01 secs] 
1858.286: [GC (Allocation Failure) [PSYoungGen: 60800K->1408K(61440K)] 441361K->381969K(572928K), 0.0026090 secs] [Times: user=0.01 sys=0.00, real=0.00 secs] 
1858.792: [GC (Allocation Failure) [PSYoungGen: 60800K->1376K(61440K)] 441361K->381937K(572928K), 0.0023311 secs] [Times: user=0.00 sys=0.00, real=0.00 secs] 
1859.314: [GC (Allocation Failure) [PSYoungGen: 60768K->1408K(61440K)] 441329K->381969K(572928K), 0.0025650 secs] [Times: user=0.01 sys=0.00, real=0.00 secs] 
1859.585: [GC (Allocation Failure) [PSYoungGen: 60800K->1408K(61440K)] 441361K->381969K(572928K), 0.0020129 secs] [Times: user=0.01 sys=0.00, real=0.00 secs] 
1859.950: [GC (Allocation Failure) [PSYoungGen: 60800K->1472K(61440K)] 441361K->382033K(572928K), 0.0022316 secs] [Times: user=0.01 sys=0.00, real=0.01 secs] 
1860.296: [GC (Allocation Failure) [PSYoungGen: 60864K->1552K(61440K)] 441425K->382121K(572928K), 0.0016447 secs] [Times: user=0.00 sys=0.00, real=0.00 secs] 
1860.649: [GC (Allocation Failure) [PSYoungGen: 60944K->1485K(61440K)] 441513K->382054K(572928K), 0.0016262 secs] [Times: user=0.01 sys=0.00, real=0.00 secs] 
1860.998: [GC (Allocation Failure) [PSYoungGen: 60877K->1549K(61440K)] 441446K->382118K(572928K), 0.0016092 secs] [Times: user=0.01 sys=0.00, real=0.00 secs] 
1861.495: [GC (Allocation Failure) [PSYoungGen: 60941K->1376K(61440K)] 441510K->381945K(572928K), 0.0017882 secs] [Times: user=0.00 sys=0.00, real=0.00 secs] 
1861.970: [GC (Allocation Failure) [PSYoungGen: 60768K->1408K(61440K)] 441337K->381977K(572928K), 0.0018267 secs] [Times: user=0.00 sys=0.00, real=0.00 secs] 
1862.436: [GC (Allocation Failure) [PSYoungGen: 60800K->1312K(61440K)] 441369K->381881K(572928K), 0.0018191 secs] [Times: user=0.01 sys=0.00, real=0.00 secs] 
1863.087: [GC (Allocation Failure) [PSYoungGen: 60704K->1408K(61440K)] 441273K->381977K(572928K), 0.0019288 secs] [Times: user=0.01 sys=0.00, real=0.00 secs] 
1863.682: [GC (Allocation Failure) [PSYoungGen: 60800K->1344K(61440K)] 441369K->381913K(572928K), 0.0020093 secs] [Times: user=0.00 sys=0.00, real=0.00 secs] 
1864.062: [GC (Allocation Failure) [PSYoungGen: 60736K->1565K(61440K)] 441305K->382134K(572928K), 0.0017313 secs] [Times: user=0.01 sys=0.00, real=0.00 secs] 
1864.474: [GC (Allocation Failure) [PSYoungGen: 60957K->1549K(61440K)] 441526K->382134K(572928K), 0.0016613 secs] [Times: user=0.00 sys=0.00, real=0.00 secs] 
1864.822: [GC (Allocation Failure) [PSYoungGen: 60913K->1517K(61440K)] 441498K->382102K(572928K), 0.0016836 secs] [Times: user=0.01 sys=0.00, real=0.00 secs] 
1865.168: [GC (Allocation Failure) [PSYoungGen: 60909K->1485K(61440K)] 441494K->382070K(572928K), 0.0015903 secs] [Times: user=0.01 sys=0.00, real=0.00 secs] 
1865.866: [GC (Allocation Failure) [PSYoungGen: 60877K->1360K(61440K)] 441462K->381961K(572928K), 0.0030752 secs] [Times: user=0.01 sys=0.00, real=0.00 secs] 
1866.311: [GC (Allocation Failure) [PSYoungGen: 60752K->1312K(61440K)] 441353K->381913K(572928K), 0.0021629 secs] [Times: user=0.01 sys=0.00, real=0.01 secs] 
1866.552: [GC (Allocation Failure) [PSYoungGen: 60704K->1376K(61440K)] 441305K->381977K(572928K), 0.0020064 secs] [Times: user=0.01 sys=0.00, real=0.00 secs] 
1866.799: [GC (Allocation Failure) [PSYoungGen: 60768K->1344K(61440K)] 441369K->381945K(572928K), 0.0019181 secs] [Times: user=0.01 sys=0.00, real=0.00 secs] 
1867.082: [GC (Allocation Failure) [PSYoungGen: 60708K->1437K(61440K)] 441309K->382038K(572928K), 0.0015048 secs] [Times: user=0.00 sys=0.00, real=0.01 secs] 
1867.428: [GC (Allocation Failure) [PSYoungGen: 60829K->1565K(61440K)] 441430K->382166K(572928K), 0.0015964 secs] [Times: user=0.00 sys=0.00, real=0.00 secs] 
1867.773: [GC (Allocation Failure) [PSYoungGen: 60957K->1549K(61440K)] 441558K->382166K(572928K), 0.0015783 secs] [Times: user=0.00 sys=0.00, real=0.00 secs] 
1868.118: [GC (Allocation Failure) [PSYoungGen: 60941K->1549K(61440K)] 441558K->382166K(572928K), 0.0015507 secs] [Times: user=0.01 sys=0.00, real=0.00 secs] 
1868.459: [GC (Allocation Failure) [PSYoungGen: 60842K->256K(61440K)] 441460K->380873K(572928K), 0.0016450 secs] [Times: user=0.01 sys=0.00, real=0.00 secs] 
1868.968: [GC (Allocation Failure) [PSYoungGen: 59648K->1376K(61440K)] 440265K->381993K(572928K), 0.0018962 secs] [Times: user=0.01 sys=0.00, real=0.00 secs] 
1869.484: [GC (Allocation Failure) [PSYoungGen: 60768K->1376K(61440K)] 441385K->381993K(572928K), 0.0044322 secs] [Times: user=0.02 sys=0.00, real=0.00 secs] 
1869.862: [GC (Allocation Failure) [PSYoungGen: 60768K->1376K(61440K)] 441385K->381993K(572928K), 0.0021721 secs] [Times: user=0.01 sys=0.00, real=0.00 secs] 
1870.265: [GC (Allocation Failure) [PSYoungGen: 60768K->1408K(61440K)] 441385K->382025K(572928K), 0.0022543 secs] [Times: user=0.00 sys=0.00, real=0.00 secs] 
1870.747: [GC (Allocation Failure) [PSYoungGen: 60800K->1440K(61440K)] 441417K->382057K(572928K), 0.0035675 secs] [Times: user=0.01 sys=0.00, real=0.00 secs] 
1871.103: [GC (Allocation Failure) [PSYoungGen: 60832K->1581K(61440K)] 441449K->382198K(572928K), 0.0015847 secs] [Times: user=0.01 sys=0.00, real=0.00 secs] 
1871.446: [GC (Allocation Failure) [PSYoungGen: 60973K->1517K(61440K)] 441590K->382150K(572928K), 0.0016059 secs] [Times: user=0.00 sys=0.00, real=0.00 secs] 
1871.793: [GC (Allocation Failure) [PSYoungGen: 60909K->1485K(61440K)] 441542K->382118K(572928K), 0.0017225 secs] [Times: user=0.01 sys=0.00, real=0.00 secs] 
1872.153: [GC (Allocation Failure) [PSYoungGen: 60877K->2000K(61440K)] 441510K->382633K(572928K), 0.0018206 secs] [Times: user=0.01 sys=0.00, real=0.00 secs] 
1872.624: [GC (Allocation Failure) [PSYoungGen: 61392K->1376K(61440K)] 442025K->382009K(572928K), 0.0018193 secs] [Times: user=0.01 sys=0.00, real=0.00 secs] 
1873.114: [GC (Allocation Failure) [PSYoungGen: 60768K->1312K(61440K)] 441401K->381945K(572928K), 0.0017363 secs] [Times: user=0.01 sys=0.00, real=0.00 secs] 
1873.465: [GC (Allocation Failure) [PSYoungGen: 60704K->1408K(61440K)] 441337K->382041K(572928K), 0.0018792 secs] [Times: user=0.00 sys=0.00, real=0.00 secs] 
1873.827: [GC (Allocation Failure) [PSYoungGen: 60800K->1408K(61440K)] 441433K->382041K(572928K), 0.0017686 secs] [Times: user=0.01 sys=0.00, real=0.00 secs] 
1874.198: [GC (Allocation Failure) [PSYoungGen: 60800K->1488K(61440K)] 441433K->382121K(572928K), 0.0015609 secs] [Times: user=0.00 sys=0.00, real=0.00 secs] 
1874.544: [GC (Allocation Failure) [PSYoungGen: 60880K->1517K(61440K)] 441513K->382158K(572928K), 0.0015758 secs] [Times: user=0.01 sys=0.00, real=0.00 secs] 
1874.889: [GC (Allocation Failure) [PSYoungGen: 60909K->1533K(61440K)] 441550K->382182K(572928K), 0.0015491 secs] [Times: user=0.00 sys=0.00, real=0.00 secs] 
1875.293: [GC (Allocation Failure) [PSYoungGen: 60925K->1520K(61440K)] 441574K->382201K(572928K), 0.0016753 secs] [Times: user=0.01 sys=0.00, real=0.00 secs] 
1876.591: [GC (Allocation Failure) [PSYoungGen: 60912K->1440K(61440K)] 441593K->382121K(572928K), 0.0042559 secs] [Times: user=0.02 sys=0.00, real=0.01 secs] 
1877.509: [GC (Allocation Failure) [PSYoungGen: 60832K->1328K(61440K)] 441513K->382009K(572928K), 0.0040731 secs] [Times: user=0.01 sys=0.00, real=0.01 secs] 
1878.089: [GC (Allocation Failure) [PSYoungGen: 60720K->1344K(61440K)] 441401K->382025K(572928K), 0.0023943 secs] [Times: user=0.01 sys=0.00, real=0.00 secs] 
1878.550: [GC (Allocation Failure) [PSYoungGen: 60736K->1376K(61440K)] 441417K->382057K(572928K), 0.0025611 secs] [Times: user=0.01 sys=0.00, real=0.01 secs] 
1879.003: [GC (Allocation Failure) [PSYoungGen: 60768K->1376K(61440K)] 441449K->382057K(572928K), 0.0025728 secs] [Times: user=0.01 sys=0.00, real=0.00 secs] 
1879.534: [GC (Allocation Failure) [PSYoungGen: 60756K->1485K(61440K)] 441437K->382166K(572928K), 0.0015914 secs] [Times: user=0.01 sys=0.00, real=0.00 secs] 
1879.881: [GC (Allocation Failure) [PSYoungGen: 60855K->1549K(61440K)] 441536K->382238K(572928K), 0.0015887 secs] [Times: user=0.00 sys=0.00, real=0.01 secs] 
1880.225: [GC (Allocation Failure) [PSYoungGen: 60941K->1549K(61440K)] 441630K->382238K(572928K), 0.0016190 secs] [Times: user=0.01 sys=0.00, real=0.00 secs] 
1880.570: [GC (Allocation Failure) [PSYoungGen: 60941K->1581K(61440K)] 441630K->382270K(572928K), 0.0016777 secs] [Times: user=0.01 sys=0.00, real=0.00 secs] 
1881.179: [GC (Allocation Failure) [PSYoungGen: 60973K->1472K(61440K)] 441662K->382161K(572928K), 0.0017613 secs] [Times: user=0.01 sys=0.00, real=0.00 secs] 
1881.844: [GC (Allocation Failure) [PSYoungGen: 60864K->1408K(61440K)] 441553K->382097K(572928K), 0.0040651 secs] [Times: user=0.02 sys=0.00, real=0.00 secs] 
1882.339: [GC (Allocation Failure) [PSYoungGen: 60800K->1376K(61440K)] 441489K->382065K(572928K), 0.0024557 secs] [Times: user=0.01 sys=0.00, real=0.00 secs] 
1882.775: [GC (Allocation Failure) [PSYoungGen: 60768K->1344K(61440K)] 441457K->382033K(572928K), 0.0019390 secs] [Times: user=0.01 sys=0.00, real=0.00 secs] 
1883.022: [GC (Allocation Failure) [PSYoungGen: 60736K->1376K(61440K)] 441425K->382065K(572928K), 0.0018312 secs] [Times: user=0.01 sys=0.00, real=0.00 secs] 
1883.357: [GC (Allocation Failure) [PSYoungGen: 60768K->1488K(61440K)] 441457K->382177K(572928K), 0.0015612 secs] [Times: user=0.01 sys=0.00, real=0.00 secs] 
1883.702: [GC (Allocation Failure) [PSYoungGen: 60880K->1485K(61440K)] 441569K->382190K(572928K), 0.0015715 secs] [Times: user=0.01 sys=0.00, real=0.00 secs] 
1884.046: [GC (Allocation Failure) [PSYoungGen: 60877K->1517K(61440K)] 441582K->382222K(572928K), 0.0015803 secs] [Times: user=0.00 sys=0.00, real=0.00 secs] 
1884.391: [GC (Allocation Failure) [PSYoungGen: 60909K->1517K(61440K)] 441614K->382222K(572928K), 0.0015638 secs] [Times: user=0.01 sys=0.00, real=0.01 secs] 
1884.875: [GC (Allocation Failure) [PSYoungGen: 60909K->1424K(61440K)] 441614K->382129K(572928K), 0.0021850 secs] [Times: user=0.01 sys=0.00, real=0.00 secs] 
1885.286: [GC (Allocation Failure) [PSYoungGen: 60816K->1376K(61440K)] 441521K->382081K(572928K), 0.0020363 secs] [Times: user=0.00 sys=0.00, real=0.00 secs] 
1885.799: [GC (Allocation Failure) [PSYoungGen: 60768K->1376K(61440K)] 441473K->382113K(572928K), 0.0033777 secs] [Times: user=0.01 sys=0.00, real=0.01 secs] 
1886.296: [GC (Allocation Failure) [PSYoungGen: 60768K->1376K(61440K)] 441505K->382113K(572928K), 0.0027722 secs] [Times: user=0.01 sys=0.00, real=0.00 secs] 
1886.968: [GC (Allocation Failure) [PSYoungGen: 60768K->1344K(61440K)] 441505K->382081K(572928K), 0.0026231 secs] [Times: user=0.01 sys=0.00, real=0.00 secs] 
1887.426: [GC (Allocation Failure) [PSYoungGen: 60715K->1485K(61440K)] 441452K->382222K(572928K), 0.0017103 secs] [Times: user=0.01 sys=0.00, real=0.00 secs] 
1887.773: [GC (Allocation Failure) [PSYoungGen: 60877K->1517K(61440K)] 441614K->382270K(572928K), 0.0015554 secs] [Times: user=0.01 sys=0.00, real=0.00 secs] 
1888.120: [GC (Allocation Failure) [PSYoungGen: 60901K->1517K(61440K)] 441654K->382270K(572928K), 0.0015934 secs] [Times: user=0.01 sys=0.00, real=0.00 secs] 
1888.464: [GC (Allocation Failure) [PSYoungGen: 60909K->1549K(61440K)] 441662K->382302K(572928K), 0.0015687 secs] [Times: user=0.01 sys=0.00, real=0.00 secs] 
1889.527: [GC (Allocation Failure) [PSYoungGen: 60941K->1456K(61440K)] 441694K->382209K(572928K), 0.0041796 secs] [Times: user=0.02 sys=0.00, real=0.00 secs] 
1890.244: [GC (Allocation Failure) [PSYoungGen: 60848K->1344K(61440K)] 441601K->382097K(572928K), 0.0036265 secs] [Times: user=0.01 sys=0.00, real=0.00 secs] 
1890.801: [GC (Allocation Failure) [PSYoungGen: 60736K->1312K(61440K)] 441489K->382065K(572928K), 0.0028313 secs] [Times: user=0.01 sys=0.00, real=0.01 secs] 
1891.318: [GC (Allocation Failure) [PSYoungGen: 60704K->1376K(61440K)] 441457K->382129K(572928K), 0.0021467 secs] [Times: user=0.01 sys=0.00, real=0.00 secs] 
1891.864: [GC (Allocation Failure) [PSYoungGen: 60768K->1456K(61440K)] 441521K->382209K(572928K), 0.0025192 secs] [Times: user=0.01 sys=0.00, real=0.00 secs] 
1892.283: [GC (Allocation Failure) [PSYoungGen: 60848K->1581K(61440K)] 441601K->382334K(572928K), 0.0017122 secs] [Times: user=0.01 sys=0.00, real=0.00 secs] 
1892.630: [GC (Allocation Failure) [PSYoungGen: 60973K->1549K(61440K)] 441726K->382310K(572928K), 0.0016015 secs] [Times: user=0.01 sys=0.00, real=0.00 secs] 
1892.974: [GC (Allocation Failure) [PSYoungGen: 60941K->1549K(61440K)] 441702K->382310K(572928K), 0.0017017 secs] [Times: user=0.01 sys=0.00, real=0.00 secs] 
1893.319: [GC (Allocation Failure) [PSYoungGen: 60941K->1549K(61440K)] 441702K->382310K(572928K), 0.0016110 secs] [Times: user=0.01 sys=0.00, real=0.00 secs] 
1893.718: [GC (Allocation Failure) [PSYoungGen: 60941K->1392K(61440K)] 441702K->382153K(572928K), 0.0018846 secs] [Times: user=0.01 sys=0.00, real=0.00 secs] 
1894.126: [GC (Allocation Failure) [PSYoungGen: 60784K->1344K(61440K)] 441545K->382105K(572928K), 0.0018240 secs] [Times: user=0.01 sys=0.00, real=0.00 secs] 
1894.583: [GC (Allocation Failure) [PSYoungGen: 60736K->1376K(61440K)] 441497K->382137K(572928K), 0.0018145 secs] [Times: user=0.01 sys=0.00, real=0.00 secs] 
1895.080: [GC (Allocation Failure) [PSYoungGen: 60768K->1344K(61440K)] 441529K->382105K(572928K), 0.0019278 secs] [Times: user=0.01 sys=0.00, real=0.01 secs] 
1895.572: [GC (Allocation Failure) [PSYoungGen: 60736K->1469K(61440K)] 441497K->382230K(572928K), 0.0023232 secs] [Times: user=0.01 sys=0.00, real=0.00 secs] 
1895.992: [GC (Allocation Failure) [PSYoungGen: 60861K->1552K(61440K)] 441622K->382313K(572928K), 0.0019410 secs] [Times: user=0.01 sys=0.00, real=0.01 secs] 
1896.341: [GC (Allocation Failure) [PSYoungGen: 60944K->1552K(61440K)] 441705K->382337K(572928K), 0.0017339 secs] [Times: user=0.01 sys=0.00, real=0.01 secs] 
1896.689: [GC (Allocation Failure) [PSYoungGen: 60944K->1517K(61440K)] 441729K->382302K(572928K), 0.0015895 secs] [Times: user=0.01 sys=0.00, real=0.00 secs] 
1897.067: [GC (Allocation Failure) [PSYoungGen: 60909K->1792K(61440K)] 441694K->382577K(572928K), 0.0018328 secs] [Times: user=0.01 sys=0.00, real=0.00 secs] 
1897.350: [GC (Allocation Failure) [PSYoungGen: 61184K->1376K(61440K)] 441969K->382161K(572928K), 0.0024225 secs] [Times: user=0.01 sys=0.00, real=0.01 secs] 
1897.751: [GC (Allocation Failure) [PSYoungGen: 60768K->1408K(61440K)] 441553K->382193K(572928K), 0.0020186 secs] [Times: user=0.00 sys=0.00, real=0.01 secs] 
1898.227: [GC (Allocation Failure) [PSYoungGen: 60800K->1344K(61440K)] 441585K->382129K(572928K), 0.0020322 secs] [Times: user=0.01 sys=0.00, real=0.00 secs] 
1898.680: [GC (Allocation Failure) [PSYoungGen: 60736K->1360K(61440K)] 441521K->382145K(572928K), 0.0019441 secs] [Times: user=0.00 sys=0.00, real=0.00 secs] 
1899.164: [GC (Allocation Failure) [PSYoungGen: 60739K->1488K(61440K)] 441524K->382281K(572928K), 0.0015802 secs] [Times: user=0.00 sys=0.00, real=0.00 secs] 
1899.509: [GC (Allocation Failure) [PSYoungGen: 60880K->1565K(61440K)] 441673K->382358K(572928K), 0.0016995 secs] [Times: user=0.01 sys=0.00, real=0.00 secs] 
1899.854: [GC (Allocation Failure) [PSYoungGen: 60957K->1549K(61440K)] 441750K->382358K(572928K), 0.0016266 secs] [Times: user=0.01 sys=0.00, real=0.00 secs] 
1900.200: [GC (Allocation Failure) [PSYoungGen: 60941K->1549K(61440K)] 441750K->382358K(572928K), 0.0016652 secs] [Times: user=0.01 sys=0.00, real=0.00 secs] 
1900.601: [GC (Allocation Failure) [PSYoungGen: 60941K->1472K(61440K)] 441750K->382281K(572928K), 0.0017330 secs] [Times: user=0.01 sys=0.00, real=0.01 secs] 
1901.204: [GC (Allocation Failure) [PSYoungGen: 60864K->1376K(61440K)] 441673K->382185K(572928K), 0.0019865 secs] [Times: user=0.01 sys=0.00, real=0.00 secs] 
1901.777: [GC (Allocation Failure) [PSYoungGen: 60768K->1376K(61440K)] 441577K->382185K(572928K), 0.0021840 secs] [Times: user=0.00 sys=0.00, real=0.00 secs] 
1902.319: [GC (Allocation Failure) [PSYoungGen: 60768K->1328K(61440K)] 441577K->382137K(572928K), 0.0021475 secs] [Times: user=0.01 sys=0.00, real=0.00 secs] 
1902.962: [GC (Allocation Failure) [PSYoungGen: 60720K->1376K(61440K)] 441529K->382185K(572928K), 0.0029335 secs] [Times: user=0.02 sys=0.00, real=0.00 secs] 
1903.632: [GC (Allocation Failure) [PSYoungGen: 60768K->1485K(61440K)] 441577K->382294K(572928K), 0.0016149 secs] [Times: user=0.01 sys=0.00, real=0.00 secs] 
1904.037: [GC (Allocation Failure) [PSYoungGen: 60845K->1581K(61440K)] 441655K->382406K(572928K), 0.0016879 secs] [Times: user=0.01 sys=0.00, real=0.00 secs] 
1904.388: [GC (Allocation Failure) [PSYoungGen: 60973K->1552K(61440K)] 441798K->382377K(572928K), 0.0016890 secs] [Times: user=0.01 sys=0.00, real=0.00 secs] 
1904.732: [GC (Allocation Failure) [PSYoungGen: 60944K->1581K(61440K)] 441769K->382406K(572928K), 0.0019425 secs] [Times: user=0.01 sys=0.00, real=0.01 secs] 
1906.138: [GC (Allocation Failure) [PSYoungGen: 60973K->1392K(61440K)] 441798K->382225K(572928K), 0.0028688 secs] [Times: user=0.01 sys=0.00, real=0.00 secs] 
1906.389: [GC (Allocation Failure) [PSYoungGen: 60784K->1376K(61440K)] 441617K->382209K(572928K), 0.0020169 secs] [Times: user=0.01 sys=0.01, real=0.00 secs] 
1906.636: [GC (Allocation Failure) [PSYoungGen: 60768K->1344K(61440K)] 441601K->382209K(572928K), 0.0020001 secs] [Times: user=0.01 sys=0.00, real=0.00 secs] 
1906.883: [GC (Allocation Failure) [PSYoungGen: 60736K->1344K(61440K)] 441601K->382209K(572928K), 0.0019593 secs] [Times: user=0.01 sys=0.00, real=0.00 secs] 
1907.130: [GC (Allocation Failure) [PSYoungGen: 60736K->1376K(61440K)] 441601K->382241K(572928K), 0.0018136 secs] [Times: user=0.01 sys=0.00, real=0.00 secs] 
1907.471: [GC (Allocation Failure) [PSYoungGen: 60754K->1456K(61440K)] 441619K->382321K(572928K), 0.0016654 secs] [Times: user=0.00 sys=0.00, real=0.01 secs] 
1907.816: [GC (Allocation Failure) [PSYoungGen: 60848K->1517K(61440K)] 441713K->382398K(572928K), 0.0016222 secs] [Times: user=0.01 sys=0.00, real=0.00 secs] 
1908.159: [GC (Allocation Failure) [PSYoungGen: 60909K->1565K(61440K)] 441790K->382446K(572928K), 0.0017730 secs] [Times: user=0.01 sys=0.00, real=0.00 secs] 
1908.506: [GC (Allocation Failure) [PSYoungGen: 60957K->1533K(61440K)] 441838K->382414K(572928K), 0.0015605 secs] [Times: user=0.01 sys=0.00, real=0.00 secs] 
1909.710: [GC (Allocation Failure) [PSYoungGen: 60925K->1456K(61440K)] 441806K->382345K(572928K), 0.0043617 secs] [Times: user=0.02 sys=0.00, real=0.01 secs] 
1910.233: [GC (Allocation Failure) [PSYoungGen: 60848K->1408K(61440K)] 441737K->382297K(572928K), 0.0025922 secs] [Times: user=0.01 sys=0.00, real=0.00 secs] 
1910.474: [GC (Allocation Failure) [PSYoungGen: 60800K->1408K(61440K)] 441689K->382297K(572928K), 0.0019197 secs] [Times: user=0.01 sys=0.00, real=0.00 secs] 
1910.721: [GC (Allocation Failure) [PSYoungGen: 60800K->1408K(61440K)] 441689K->382297K(572928K), 0.0018919 secs] [Times: user=0.00 sys=0.00, real=0.01 secs] 
1910.968: [GC (Allocation Failure) [PSYoungGen: 60800K->1376K(61440K)] 441689K->382265K(572928K), 0.0018420 secs] [Times: user=0.01 sys=0.00, real=0.00 secs] 
1911.345: [GC (Allocation Failure) [PSYoungGen: 60768K->1517K(61440K)] 441657K->382406K(572928K), 0.0016084 secs] [Times: user=0.01 sys=0.00, real=0.00 secs] 
1911.754: [GC (Allocation Failure) [PSYoungGen: 60909K->1517K(61440K)] 441798K->382414K(572928K), 0.0017908 secs] [Times: user=0.01 sys=0.00, real=0.00 secs] 
1912.106: [GC (Allocation Failure) [PSYoungGen: 60909K->1581K(61440K)] 441806K->382478K(572928K), 0.0016416 secs] [Times: user=0.01 sys=0.00, real=0.00 secs] 
1912.450: [GC (Allocation Failure) [PSYoungGen: 60973K->1613K(61440K)] 441870K->382510K(572928K), 0.0015528 secs] [Times: user=0.01 sys=0.00, real=0.00 secs] 
1912.790: [GC (Allocation Failure) [PSYoungGen: 61005K->1408K(61440K)] 441902K->382305K(572928K), 0.0027856 secs] [Times: user=0.01 sys=0.00, real=0.01 secs] 
1913.081: [GC (Allocation Failure) [PSYoungGen: 60800K->1376K(61440K)] 441697K->382273K(572928K), 0.0019910 secs] [Times: user=0.01 sys=0.00, real=0.01 secs] 
1913.488: [GC (Allocation Failure) [PSYoungGen: 60768K->1440K(61440K)] 441665K->382337K(572928K), 0.0019564 secs] [Times: user=0.01 sys=0.00, real=0.00 secs] 
1913.914: [GC (Allocation Failure) [PSYoungGen: 60832K->1344K(61440K)] 441729K->382241K(572928K), 0.0019436 secs] [Times: user=0.01 sys=0.00, real=0.00 secs] 
1914.413: [GC (Allocation Failure) [PSYoungGen: 60736K->1376K(61440K)] 441633K->382273K(572928K), 0.0035722 secs] [Times: user=0.01 sys=0.00, real=0.00 secs] 
1914.887: [GC (Allocation Failure) [PSYoungGen: 60768K->1597K(61440K)] 441665K->382494K(572928K), 0.0015962 secs] [Times: user=0.00 sys=0.00, real=0.00 secs] 
1915.232: [GC (Allocation Failure) [PSYoungGen: 60989K->1517K(61440K)] 441886K->382446K(572928K), 0.0015845 secs] [Times: user=0.01 sys=0.00, real=0.00 secs] 
1915.577: [GC (Allocation Failure) [PSYoungGen: 60909K->1533K(61440K)] 441838K->382462K(572928K), 0.0016255 secs] [Times: user=0.00 sys=0.00, real=0.00 secs] 
1915.922: [GC (Allocation Failure) [PSYoungGen: 60925K->1533K(61440K)] 441854K->382462K(572928K), 0.0015684 secs] [Times: user=0.01 sys=0.00, real=0.00 secs] 
1916.278: [GC (Allocation Failure) [PSYoungGen: 60925K->1408K(61440K)] 441854K->382337K(572928K), 0.0018655 secs] [Times: user=0.00 sys=0.00, real=0.00 secs] 
1916.525: [GC (Allocation Failure) [PSYoungGen: 60800K->1376K(61440K)] 441729K->382305K(572928K), 0.0017888 secs] [Times: user=0.01 sys=0.00, real=0.00 secs] 
1916.771: [GC (Allocation Failure) [PSYoungGen: 60768K->1344K(61440K)] 441697K->382273K(572928K), 0.0016611 secs] [Times: user=0.00 sys=0.00, real=0.01 secs] 
1917.018: [GC (Allocation Failure) [PSYoungGen: 60736K->1408K(61440K)] 441665K->382337K(572928K), 0.0017214 secs] [Times: user=0.00 sys=0.00, real=0.00 secs] 
1917.307: [GC (Allocation Failure) [PSYoungGen: 60769K->1405K(61440K)] 441698K->382334K(572928K), 0.0014892 secs] [Times: user=0.00 sys=0.00, real=0.00 secs] 
1917.653: [GC (Allocation Failure) [PSYoungGen: 60797K->1549K(61440K)] 441726K->382478K(572928K), 0.0015744 secs] [Times: user=0.00 sys=0.00, real=0.00 secs] 
1918.060: [GC (Allocation Failure) [PSYoungGen: 60941K->1613K(61440K)] 441870K->382558K(572928K), 0.0017620 secs] [Times: user=0.01 sys=0.00, real=0.01 secs] 
1918.407: [GC (Allocation Failure) [PSYoungGen: 61005K->1488K(61440K)] 441950K->382433K(572928K), 0.0016763 secs] [Times: user=0.01 sys=0.00, real=0.00 secs] 
1918.752: [GC (Allocation Failure) [PSYoungGen: 60880K->1488K(61440K)] 441825K->382433K(572928K), 0.0016255 secs] [Times: user=0.01 sys=0.00, real=0.00 secs] 
1919.042: [GC (Allocation Failure) [PSYoungGen: 60880K->1376K(61440K)] 441825K->382321K(572928K), 0.0020007 secs] [Times: user=0.01 sys=0.00, real=0.00 secs] 
1919.289: [GC (Allocation Failure) [PSYoungGen: 60768K->1376K(61440K)] 441713K->382321K(572928K), 0.0018601 secs] [Times: user=0.01 sys=0.00, real=0.00 secs] 
1919.536: [GC (Allocation Failure) [PSYoungGen: 60768K->1360K(61440K)] 441713K->382305K(572928K), 0.0018147 secs] [Times: user=0.01 sys=0.00, real=0.00 secs] 
1919.783: [GC (Allocation Failure) [PSYoungGen: 60752K->1376K(61440K)] 441697K->382321K(572928K), 0.0018703 secs] [Times: user=0.01 sys=0.00, real=0.00 secs] 
1920.094: [GC (Allocation Failure) [PSYoungGen: 60740K->1453K(61440K)] 441685K->382398K(572928K), 0.0016369 secs] [Times: user=0.00 sys=0.00, real=0.00 secs] 
1920.439: [GC (Allocation Failure) [PSYoungGen: 60845K->1485K(61440K)] 441790K->382430K(572928K), 0.0016413 secs] [Times: user=0.01 sys=0.00, real=0.00 secs] 
1920.790: [GC (Allocation Failure) [PSYoungGen: 60877K->1517K(61440K)] 441822K->382478K(572928K), 0.0016081 secs] [Times: user=0.01 sys=0.00, real=0.00 secs] 
1921.135: [GC (Allocation Failure) [PSYoungGen: 60909K->1501K(61440K)] 441870K->382462K(572928K), 0.0015767 secs] [Times: user=0.01 sys=0.00, real=0.00 secs] 
1921.515: [GC (Allocation Failure) [PSYoungGen: 60893K->2016K(61440K)] 441854K->382977K(572928K), 0.0019262 secs] [Times: user=0.00 sys=0.00, real=0.00 secs] 
1921.798: [GC (Allocation Failure) [PSYoungGen: 61408K->1376K(61440K)] 442369K->382337K(572928K), 0.0017928 secs] [Times: user=0.01 sys=0.00, real=0.00 secs] 
1922.093: [GC (Allocation Failure) [PSYoungGen: 60768K->1376K(61440K)] 441729K->382337K(572928K), 0.0017843 secs] [Times: user=0.01 sys=0.00, real=0.00 secs] 
1922.453: [GC (Allocation Failure) [PSYoungGen: 60768K->1344K(61440K)] 441729K->382305K(572928K), 0.0031294 secs] [Times: user=0.01 sys=0.00, real=0.00 secs] 
1923.191: [GC (Allocation Failure) [PSYoungGen: 60736K->1344K(61440K)] 441697K->382305K(572928K), 0.0024901 secs] [Times: user=0.01 sys=0.00, real=0.01 secs] 
1923.987: [GC (Allocation Failure) [PSYoungGen: 60736K->1421K(61440K)] 441697K->382382K(572928K), 0.0015715 secs] [Times: user=0.01 sys=0.00, real=0.00 secs] 
1924.333: [GC (Allocation Failure) [PSYoungGen: 60810K->1517K(61440K)] 441771K->382478K(572928K), 0.0015864 secs] [Times: user=0.00 sys=0.00, real=0.00 secs] 
1924.680: [GC (Allocation Failure) [PSYoungGen: 60909K->1485K(61440K)] 441870K->382478K(572928K), 0.0016401 secs] [Times: user=0.00 sys=0.00, real=0.00 secs] 
1925.024: [GC (Allocation Failure) [PSYoungGen: 60877K->1453K(61440K)] 441870K->382446K(572928K), 0.0016900 secs] [Times: user=0.01 sys=0.00, real=0.00 secs] 
1925.526: [GC (Allocation Failure) [PSYoungGen: 60845K->1456K(61440K)] 441838K->382449K(572928K), 0.0019253 secs] [Times: user=0.01 sys=0.00, real=0.00 secs] 
1925.773: [GC (Allocation Failure) [PSYoungGen: 60848K->1344K(61440K)] 441841K->382337K(572928K), 0.0018682 secs] [Times: user=0.01 sys=0.00, real=0.00 secs] 
1926.020: [GC (Allocation Failure) [PSYoungGen: 60736K->1312K(61440K)] 441729K->382305K(572928K), 0.0019178 secs] [Times: user=0.01 sys=0.00, real=0.01 secs] 
1926.267: [GC (Allocation Failure) [PSYoungGen: 60704K->1344K(61440K)] 441697K->382337K(572928K), 0.0020233 secs] [Times: user=0.01 sys=0.00, real=0.00 secs] 
1926.514: [GC (Allocation Failure) [PSYoungGen: 60736K->1376K(61440K)] 441729K->382369K(572928K), 0.0019135 secs] [Times: user=0.01 sys=0.00, real=0.00 secs] 
1926.908: [GC (Allocation Failure) [PSYoungGen: 60768K->1485K(61440K)] 441761K->382478K(572928K), 0.0016947 secs] [Times: user=0.01 sys=0.00, real=0.00 secs] 
1927.254: [GC (Allocation Failure) [PSYoungGen: 60877K->1549K(61440K)] 441870K->382550K(572928K), 0.0015815 secs] [Times: user=0.01 sys=0.00, real=0.00 secs] 
1927.601: [GC (Allocation Failure) [PSYoungGen: 60941K->1565K(61440K)] 441942K->382566K(572928K), 0.0016178 secs] [Times: user=0.00 sys=0.00, real=0.01 secs] 
1927.947: [GC (Allocation Failure) [PSYoungGen: 60957K->1533K(61440K)] 441958K->382534K(572928K), 0.0016091 secs] [Times: user=0.01 sys=0.00, real=0.00 secs] 
1928.369: [GC (Allocation Failure) [PSYoungGen: 60925K->1456K(61440K)] 441926K->382457K(572928K), 0.0020931 secs] [Times: user=0.01 sys=0.00, real=0.00 secs] 
1928.624: [GC (Allocation Failure) [PSYoungGen: 60848K->1344K(61440K)] 441849K->382345K(572928K), 0.0025895 secs] [Times: user=0.01 sys=0.00, real=0.00 secs] 
1928.900: [GC (Allocation Failure) [PSYoungGen: 60736K->1344K(61440K)] 441737K->382345K(572928K), 0.0020188 secs] [Times: user=0.01 sys=0.00, real=0.01 secs] 
1929.218: [GC (Allocation Failure) [PSYoungGen: 60736K->1344K(61440K)] 441737K->382353K(572928K), 0.0020458 secs] [Times: user=0.01 sys=0.00, real=0.00 secs] 
1929.508: [GC (Allocation Failure) [PSYoungGen: 60736K->1344K(61440K)] 441745K->382353K(572928K), 0.0019121 secs] [Times: user=0.01 sys=0.00, real=0.00 secs] 
1929.901: [GC (Allocation Failure) [PSYoungGen: 60712K->1520K(61440K)] 441721K->382529K(572928K), 0.0016304 secs] [Times: user=0.00 sys=0.00, real=0.01 secs] 
1930.246: [GC (Allocation Failure) [PSYoungGen: 60912K->1549K(61440K)] 441921K->382574K(572928K), 0.0015767 secs] [Times: user=0.01 sys=0.00, real=0.00 secs] 
1930.650: [GC (Allocation Failure) [PSYoungGen: 60941K->1517K(61440K)] 441966K->382542K(572928K), 0.0016339 secs] [Times: user=0.00 sys=0.00, real=0.00 secs] 
1931.052: [GC (Allocation Failure) [PSYoungGen: 60909K->1552K(61440K)] 441934K->382577K(572928K), 0.0016341 secs] [Times: user=0.01 sys=0.00, real=0.00 secs] 
1932.537: [GC (Allocation Failure) [PSYoungGen: 60944K->1424K(61440K)] 441969K->382449K(572928K), 0.0043278 secs] [Times: user=0.02 sys=0.00, real=0.00 secs] 
1933.374: [GC (Allocation Failure) [PSYoungGen: 60816K->1408K(61440K)] 441841K->382433K(572928K), 0.0026026 secs] [Times: user=0.01 sys=0.00, real=0.00 secs] 
1933.615: [GC (Allocation Failure) [PSYoungGen: 60800K->1392K(61440K)] 441825K->382417K(572928K), 0.0020318 secs] [Times: user=0.01 sys=0.00, real=0.00 secs] 
1933.869: [GC (Allocation Failure) [PSYoungGen: 60784K->1344K(61440K)] 441809K->382369K(572928K), 0.0018606 secs] [Times: user=0.01 sys=0.00, real=0.00 secs] 
1934.115: [GC (Allocation Failure) [PSYoungGen: 60736K->1376K(61440K)] 441761K->382409K(572928K), 0.0019659 secs] [Times: user=0.00 sys=0.00, real=0.00 secs] 
1934.468: [GC (Allocation Failure) [PSYoungGen: 60768K->1520K(61440K)] 441801K->382553K(572928K), 0.0015930 secs] [Times: user=0.01 sys=0.00, real=0.00 secs] 
1934.814: [GC (Allocation Failure) [PSYoungGen: 60910K->1584K(61440K)] 441943K->382625K(572928K), 0.0017257 secs] [Times: user=0.01 sys=0.00, real=0.00 secs] 
1935.161: [GC (Allocation Failure) [PSYoungGen: 60976K->1597K(61440K)] 442017K->382638K(572928K), 0.0015980 secs] [Times: user=0.01 sys=0.00, real=0.01 secs] 
1935.507: [GC (Allocation Failure) [PSYoungGen: 60989K->1552K(61440K)] 442030K->382593K(572928K), 0.0016115 secs] [Times: user=0.01 sys=0.00, real=0.00 secs] 
1936.043: [GC (Allocation Failure) [PSYoungGen: 60944K->1424K(61440K)] 441985K->382497K(572928K), 0.0018859 secs] [Times: user=0.00 sys=0.00, real=0.00 secs] 
1936.432: [GC (Allocation Failure) [PSYoungGen: 60816K->1344K(61440K)] 441889K->382417K(572928K), 0.0018752 secs] [Times: user=0.01 sys=0.00, real=0.00 secs] 
1936.822: [GC (Allocation Failure) [PSYoungGen: 60736K->1376K(61440K)] 441809K->382449K(572928K), 0.0020053 secs] [Times: user=0.00 sys=0.00, real=0.00 secs] 
1937.069: [GC (Allocation Failure) [PSYoungGen: 60768K->1376K(61440K)] 441841K->382449K(572928K), 0.0019503 secs] [Times: user=0.00 sys=0.00, real=0.00 secs] 
1937.375: [GC (Allocation Failure) [PSYoungGen: 60766K->1437K(61440K)] 441839K->382510K(572928K), 0.0019339 secs] [Times: user=0.01 sys=0.00, real=0.00 secs] 
1937.733: [GC (Allocation Failure) [PSYoungGen: 60829K->1517K(61440K)] 441902K->382590K(572928K), 0.0015949 secs] [Times: user=0.01 sys=0.00, real=0.00 secs] 
1938.078: [GC (Allocation Failure) [PSYoungGen: 60909K->1469K(61440K)] 441982K->382558K(572928K), 0.0015739 secs] [Times: user=0.01 sys=0.00, real=0.00 secs] 
1938.423: [GC (Allocation Failure) [PSYoungGen: 60861K->1549K(61440K)] 441950K->382638K(572928K), 0.0016375 secs] [Times: user=0.01 sys=0.00, real=0.00 secs] 
1938.769: [GC (Allocation Failure) [PSYoungGen: 60941K->1517K(61440K)] 442030K->382606K(572928K), 0.0015878 secs] [Times: user=0.00 sys=0.01, real=0.00 secs] 
1939.647: [GC (Allocation Failure) [PSYoungGen: 60909K->1408K(61440K)] 441998K->382497K(572928K), 0.0026007 secs] [Times: user=0.01 sys=0.00, real=0.00 secs] 
1940.394: [GC (Allocation Failure) [PSYoungGen: 60800K->1376K(61440K)] 441889K->382465K(572928K), 0.0036006 secs] [Times: user=0.01 sys=0.00, real=0.00 secs] 
1941.043: [GC (Allocation Failure) [PSYoungGen: 60768K->1344K(61440K)] 441857K->382433K(572928K), 0.0027779 secs] [Times: user=0.01 sys=0.00, real=0.00 secs] 
1941.752: [GC (Allocation Failure) [PSYoungGen: 60736K->1312K(61440K)] 441825K->382401K(572928K), 0.0024024 secs] [Times: user=0.01 sys=0.00, real=0.00 secs] 
1942.420: [GC (Allocation Failure) [PSYoungGen: 60704K->1421K(61440K)] 441793K->382510K(572928K), 0.0019568 secs] [Times: user=0.01 sys=0.00, real=0.00 secs] 
1942.792: [GC (Allocation Failure) [PSYoungGen: 60813K->1565K(61440K)] 441902K->382654K(572928K), 0.0015911 secs] [Times: user=0.00 sys=0.00, real=0.00 secs] 
1943.140: [GC (Allocation Failure) [PSYoungGen: 60957K->1485K(61440K)] 442046K->382590K(572928K), 0.0015845 secs] [Times: user=0.01 sys=0.00, real=0.01 secs] 
1943.485: [GC (Allocation Failure) [PSYoungGen: 60860K->1469K(61440K)] 441965K->382574K(572928K), 0.0015806 secs] [Times: user=0.01 sys=0.00, real=0.00 secs] 
1943.984: [GC (Allocation Failure) [PSYoungGen: 60861K->2032K(61440K)] 441966K->383153K(572928K), 0.0023803 secs] [Times: user=0.01 sys=0.00, real=0.00 secs] 
1944.925: [GC (Allocation Failure) [PSYoungGen: 61424K->1376K(61440K)] 442545K->382497K(572928K), 0.0043166 secs] [Times: user=0.02 sys=0.00, real=0.00 secs] 
1945.582: [GC (Allocation Failure) [PSYoungGen: 60768K->1376K(61440K)] 441889K->382497K(572928K), 0.0027653 secs] [Times: user=0.01 sys=0.00, real=0.00 secs] 
1946.512: [GC (Allocation Failure) [PSYoungGen: 60768K->1376K(61440K)] 441889K->382497K(572928K), 0.0035955 secs] [Times: user=0.02 sys=0.00, real=0.00 secs] 
1947.332: [GC (Allocation Failure) [PSYoungGen: 60768K->1376K(61440K)] 441889K->382497K(572928K), 0.0043949 secs] [Times: user=0.02 sys=0.00, real=0.00 secs] 
1948.059: [GC (Allocation Failure) [PSYoungGen: 60757K->1485K(61440K)] 441879K->382606K(572928K), 0.0018745 secs] [Times: user=0.01 sys=0.00, real=0.00 secs] 
1948.410: [GC (Allocation Failure) [PSYoungGen: 60877K->1501K(61440K)] 441998K->382622K(572928K), 0.0016295 secs] [Times: user=0.01 sys=0.00, real=0.00 secs] 
1948.753: [GC (Allocation Failure) [PSYoungGen: 60893K->1517K(61440K)] 442014K->382662K(572928K), 0.0016414 secs] [Times: user=0.01 sys=0.00, real=0.00 secs] 
1949.098: [GC (Allocation Failure) [PSYoungGen: 60909K->1517K(61440K)] 442054K->382662K(572928K), 0.0016154 secs] [Times: user=0.01 sys=0.00, real=0.00 secs] 
1949.473: [GC (Allocation Failure) [PSYoungGen: 60909K->1472K(61440K)] 442054K->382617K(572928K), 0.0019429 secs] [Times: user=0.00 sys=0.00, real=0.00 secs] 
1949.749: [GC (Allocation Failure) [PSYoungGen: 60864K->1408K(61440K)] 442009K->382553K(572928K), 0.0023797 secs] [Times: user=0.01 sys=0.00, real=0.00 secs] 
1950.005: [GC (Allocation Failure) [PSYoungGen: 60800K->1408K(61440K)] 441945K->382553K(572928K), 0.0019868 secs] [Times: user=0.01 sys=0.00, real=0.00 secs] 
1950.252: [GC (Allocation Failure) [PSYoungGen: 60800K->1344K(61440K)] 441945K->382489K(572928K), 0.0019010 secs] [Times: user=0.01 sys=0.00, real=0.00 secs] 
1950.499: [GC (Allocation Failure) [PSYoungGen: 60736K->1376K(61440K)] 441881K->382521K(572928K), 0.0019692 secs] [Times: user=0.01 sys=0.00, real=0.00 secs] 
1950.838: [GC (Allocation Failure) [PSYoungGen: 60768K->1453K(61440K)] 441913K->382598K(572928K), 0.0016854 secs] [Times: user=0.01 sys=0.00, real=0.00 secs] 
1951.183: [GC (Allocation Failure) [PSYoungGen: 60845K->1517K(61440K)] 441990K->382670K(572928K), 0.0016527 secs] [Times: user=0.00 sys=0.00, real=0.00 secs] 
1951.528: [GC (Allocation Failure) [PSYoungGen: 60909K->1533K(61440K)] 442062K->382686K(572928K), 0.0015582 secs] [Times: user=0.00 sys=0.00, real=0.00 secs] 
1951.878: [GC (Allocation Failure) [PSYoungGen: 60925K->1520K(61440K)] 442078K->382673K(572928K), 0.0017196 secs] [Times: user=0.00 sys=0.00, real=0.00 secs] 
1952.289: [GC (Allocation Failure) [PSYoungGen: 60912K->1408K(61440K)] 442065K->382561K(572928K), 0.0019675 secs] [Times: user=0.00 sys=0.00, real=0.00 secs] 
1952.568: [GC (Allocation Failure) [PSYoungGen: 60800K->1408K(61440K)] 441953K->382561K(572928K), 0.0018894 secs] [Times: user=0.01 sys=0.00, real=0.00 secs] 
1952.828: [GC (Allocation Failure) [PSYoungGen: 60800K->1376K(61440K)] 441953K->382529K(572928K), 0.0019735 secs] [Times: user=0.01 sys=0.00, real=0.00 secs] 
1953.075: [GC (Allocation Failure) [PSYoungGen: 60768K->1312K(61440K)] 441921K->382465K(572928K), 0.0019378 secs] [Times: user=0.01 sys=0.00, real=0.00 secs] 
1953.322: [GC (Allocation Failure) [PSYoungGen: 60704K->1376K(61440K)] 441857K->382529K(572928K), 0.0019377 secs] [Times: user=0.01 sys=0.00, real=0.01 secs] 
1953.676: [GC (Allocation Failure) [PSYoungGen: 60748K->1517K(61440K)] 441901K->382694K(572928K), 0.0015884 secs] [Times: user=0.01 sys=0.00, real=0.00 secs] 
1954.022: [GC (Allocation Failure) [PSYoungGen: 60909K->1584K(61440K)] 442086K->382777K(572928K), 0.0016447 secs] [Times: user=0.01 sys=0.00, real=0.01 secs] 
1954.366: [GC (Allocation Failure) [PSYoungGen: 60954K->1456K(61440K)] 442147K->382649K(572928K), 0.0015897 secs] [Times: user=0.01 sys=0.00, real=0.00 secs] 
1954.712: [GC (Allocation Failure) [PSYoungGen: 60848K->1517K(61440K)] 442041K->382710K(572928K), 0.0015930 secs] [Times: user=0.01 sys=0.00, real=0.01 secs] 
1956.032: [GC (Allocation Failure) [PSYoungGen: 60909K->1408K(61440K)] 442102K->382601K(572928K), 0.0044322 secs] [Times: user=0.01 sys=0.00, real=0.00 secs] 
1956.723: [GC (Allocation Failure) [PSYoungGen: 60800K->1376K(61440K)] 441993K->382569K(572928K), 0.0037241 secs] [Times: user=0.01 sys=0.00, real=0.00 secs] 
1957.209: [GC (Allocation Failure) [PSYoungGen: 60768K->1376K(61440K)] 441961K->382569K(572928K), 0.0030753 secs] [Times: user=0.01 sys=0.00, real=0.00 secs] 
1957.711: [GC (Allocation Failure) [PSYoungGen: 60768K->1344K(61440K)] 441961K->382537K(572928K), 0.0032087 secs] [Times: user=0.01 sys=0.00, real=0.01 secs] 
1958.372: [GC (Allocation Failure) [PSYoungGen: 60736K->1312K(61440K)] 441929K->382505K(572928K), 0.0029297 secs] [Times: user=0.01 sys=0.00, real=0.00 secs] 
1958.910: [GC (Allocation Failure) [PSYoungGen: 60704K->1504K(61440K)] 441897K->382697K(572928K), 0.0016079 secs] [Times: user=0.00 sys=0.01, real=0.00 secs] 
1959.257: [GC (Allocation Failure) [PSYoungGen: 60894K->1549K(61440K)] 442088K->382758K(572928K), 0.0016618 secs] [Times: user=0.00 sys=0.00, real=0.00 secs] 
1959.663: [GC (Allocation Failure) [PSYoungGen: 60941K->1485K(61440K)] 442150K->382694K(572928K), 0.0016700 secs] [Times: user=0.01 sys=0.00, real=0.00 secs] 
1960.068: [GC (Allocation Failure) [PSYoungGen: 60877K->1549K(61440K)] 442086K->382758K(572928K), 0.0016351 secs] [Times: user=0.00 sys=0.00, real=0.00 secs] 
1960.401: [GC (Allocation Failure) [PSYoungGen: 60941K->1392K(61440K)] 442150K->382601K(572928K), 0.0022813 secs] [Times: user=0.01 sys=0.00, real=0.01 secs] 
1960.821: [GC (Allocation Failure) [PSYoungGen: 60784K->1344K(61440K)] 441993K->382553K(572928K), 0.0022047 secs] [Times: user=0.01 sys=0.00, real=0.01 secs] 
1961.358: [GC (Allocation Failure) [PSYoungGen: 60736K->1376K(61440K)] 441945K->382585K(572928K), 0.0020565 secs] [Times: user=0.01 sys=0.00, real=0.00 secs] 
1962.079: [GC (Allocation Failure) [PSYoungGen: 60768K->1376K(61440K)] 441977K->382585K(572928K), 0.0042502 secs] [Times: user=0.01 sys=0.00, real=0.01 secs] 
1962.805: [GC (Allocation Failure) [PSYoungGen: 60636K->256K(61440K)] 441845K->381465K(572928K), 0.0037180 secs] [Times: user=0.02 sys=0.00, real=0.00 secs] 
1963.259: [GC (Allocation Failure) [PSYoungGen: 59648K->1616K(61440K)] 440857K->382825K(572928K), 0.0017119 secs] [Times: user=0.01 sys=0.00, real=0.00 secs] 
1963.673: [GC (Allocation Failure) [PSYoungGen: 61008K->1581K(61440K)] 442217K->382798K(572928K), 0.0017450 secs] [Times: user=0.00 sys=0.00, real=0.00 secs] 
1964.018: [GC (Allocation Failure) [PSYoungGen: 60973K->1552K(61440K)] 442190K->382769K(572928K), 0.0016954 secs] [Times: user=0.01 sys=0.00, real=0.00 secs] 
1964.363: [GC (Allocation Failure) [PSYoungGen: 60944K->1565K(61440K)] 442161K->382782K(572928K), 0.0017155 secs] [Times: user=0.01 sys=0.00, real=0.00 secs] 
1965.293: [GC (Allocation Failure) [PSYoungGen: 60957K->1408K(61440K)] 442174K->382625K(572928K), 0.0025802 secs] [Times: user=0.01 sys=0.00, real=0.00 secs] 
1965.646: [GC (Allocation Failure) [PSYoungGen: 60800K->1408K(61440K)] 442017K->382625K(572928K), 0.0019480 secs] [Times: user=0.01 sys=0.00, real=0.00 secs] 
1965.915: [GC (Allocation Failure) [PSYoungGen: 60800K->1344K(61440K)] 442017K->382561K(572928K), 0.0019595 secs] [Times: user=0.01 sys=0.00, real=0.00 secs] 
1966.187: [GC (Allocation Failure) [PSYoungGen: 60736K->1344K(61440K)] 441953K->382593K(572928K), 0.0018512 secs] [Times: user=0.01 sys=0.00, real=0.00 secs] 
1966.513: [GC (Allocation Failure) [PSYoungGen: 60706K->1437K(61440K)] 441956K->382686K(572928K), 0.0017047 secs] [Times: user=0.01 sys=0.00, real=0.00 secs] 
1966.862: [GC (Allocation Failure) [PSYoungGen: 60829K->1517K(61440K)] 442078K->382766K(572928K), 0.0015998 secs] [Times: user=0.01 sys=0.00, real=0.00 secs] 
1967.207: [GC (Allocation Failure) [PSYoungGen: 60909K->1520K(61440K)] 442158K->382777K(572928K), 0.0016008 secs] [Times: user=0.01 sys=0.00, real=0.00 secs] 
1967.552: [GC (Allocation Failure) [PSYoungGen: 60912K->1501K(61440K)] 442169K->382758K(572928K), 0.0016125 secs] [Times: user=0.00 sys=0.00, real=0.01 secs] 
1967.902: [GC (Allocation Failure) [PSYoungGen: 60893K->1520K(61440K)] 442150K->382777K(572928K), 0.0017497 secs] [Times: user=0.01 sys=0.00, real=0.01 secs] 
1968.488: [GC (Allocation Failure) [PSYoungGen: 60912K->1344K(61440K)] 442169K->382601K(572928K), 0.0018670 secs] [Times: user=0.01 sys=0.00, real=0.00 secs] 
1968.863: [GC (Allocation Failure) [PSYoungGen: 60736K->1344K(61440K)] 441993K->382601K(572928K), 0.0020376 secs] [Times: user=0.01 sys=0.00, real=0.00 secs] 
1969.110: [GC (Allocation Failure) [PSYoungGen: 60736K->1408K(61440K)] 441993K->382665K(572928K), 0.0018035 secs] [Times: user=0.00 sys=0.00, real=0.01 secs] 
1969.426: [GC (Allocation Failure) [PSYoungGen: 60800K->1344K(61440K)] 442057K->382601K(572928K), 0.0020309 secs] [Times: user=0.01 sys=0.00, real=0.00 secs] 
1969.892: [GC (Allocation Failure) [PSYoungGen: 60736K->1456K(61440K)] 441993K->382713K(572928K), 0.0015961 secs] [Times: user=0.01 sys=0.00, real=0.00 secs] 
1970.239: [GC (Allocation Failure) [PSYoungGen: 60844K->1485K(61440K)] 442101K->382742K(572928K), 0.0017141 secs] [Times: user=0.01 sys=0.00, real=0.00 secs] 
1970.646: [GC (Allocation Failure) [PSYoungGen: 60877K->1517K(61440K)] 442134K->382790K(572928K), 0.0016832 secs] [Times: user=0.01 sys=0.01, real=0.00 secs] 
1970.991: [GC (Allocation Failure) [PSYoungGen: 60909K->1517K(61440K)] 442182K->382790K(572928K), 0.0016834 secs] [Times: user=0.01 sys=0.00, real=0.01 secs] 
1971.472: [GC (Allocation Failure) [PSYoungGen: 60909K->1408K(61440K)] 442182K->382681K(572928K), 0.0023739 secs] [Times: user=0.01 sys=0.00, real=0.00 secs] 
1971.862: [GC (Allocation Failure) [PSYoungGen: 60800K->1344K(61440K)] 442073K->382617K(572928K), 0.0019996 secs] [Times: user=0.01 sys=0.00, real=0.00 secs] 
1972.109: [GC (Allocation Failure) [PSYoungGen: 60736K->1312K(61440K)] 442009K->382585K(572928K), 0.0019566 secs] [Times: user=0.01 sys=0.00, real=0.00 secs] 
1972.356: [GC (Allocation Failure) [PSYoungGen: 60704K->1408K(61440K)] 441977K->382681K(572928K), 0.0019045 secs] [Times: user=0.01 sys=0.00, real=0.00 secs] 
1972.643: [GC (Allocation Failure) [PSYoungGen: 60800K->1408K(61440K)] 442073K->382681K(572928K), 0.0018391 secs] [Times: user=0.01 sys=0.00, real=0.00 secs] 
1973.020: [GC (Allocation Failure) [PSYoungGen: 60800K->1469K(61440K)] 442073K->382742K(572928K), 0.0016095 secs] [Times: user=0.00 sys=0.00, real=0.00 secs] 
1973.375: [GC (Allocation Failure) [PSYoungGen: 60854K->1549K(61440K)] 442127K->382830K(572928K), 0.0016179 secs] [Times: user=0.01 sys=0.00, real=0.00 secs] 
1973.723: [GC (Allocation Failure) [PSYoungGen: 60941K->1488K(61440K)] 442222K->382777K(572928K), 0.0016226 secs] [Times: user=0.01 sys=0.00, real=0.00 secs] 
1974.067: [GC (Allocation Failure) [PSYoungGen: 60880K->1565K(61440K)] 442169K->382854K(572928K), 0.0016002 secs] [Times: user=0.01 sys=0.00, real=0.00 secs] 
1974.598: [GC (Allocation Failure) [PSYoungGen: 60957K->1392K(61440K)] 442246K->382697K(572928K), 0.0020648 secs] [Times: user=0.01 sys=0.00, real=0.00 secs] 
1975.201: [GC (Allocation Failure) [PSYoungGen: 60784K->1376K(61440K)] 442089K->382681K(572928K), 0.0039668 secs] [Times: user=0.01 sys=0.00, real=0.01 secs] 
1975.723: [GC (Allocation Failure) [PSYoungGen: 60768K->1344K(61440K)] 442073K->382649K(572928K), 0.0023697 secs] [Times: user=0.01 sys=0.00, real=0.00 secs] 
1976.063: [GC (Allocation Failure) [PSYoungGen: 60736K->1360K(61440K)] 442041K->382665K(572928K), 0.0021477 secs] [Times: user=0.01 sys=0.00, real=0.00 secs] 
1976.310: [GC (Allocation Failure) [PSYoungGen: 60752K->1376K(61440K)] 442057K->382681K(572928K), 0.0019996 secs] [Times: user=0.01 sys=0.00, real=0.01 secs] 
1976.724: [GC (Allocation Failure) [PSYoungGen: 60748K->1453K(61440K)] 442054K->382758K(572928K), 0.0016660 secs] [Times: user=0.01 sys=0.00, real=0.00 secs] 
1977.072: [GC (Allocation Failure) [PSYoungGen: 60845K->1581K(61440K)] 442150K->382902K(572928K), 0.0015568 secs] [Times: user=0.00 sys=0.00, real=0.00 secs] 
1977.416: [GC (Allocation Failure) [PSYoungGen: 60973K->1549K(61440K)] 442294K->382870K(572928K), 0.0016701 secs] [Times: user=0.00 sys=0.00, real=0.00 secs] 
1977.764: [GC (Allocation Failure) [PSYoungGen: 60941K->1517K(61440K)] 442262K->382838K(572928K), 0.0017400 secs] [Times: user=0.00 sys=0.00, real=0.00 secs] 
1978.103: [GC (Allocation Failure) [PSYoungGen: 60909K->1424K(61440K)] 442230K->382745K(572928K), 0.0020367 secs] [Times: user=0.01 sys=0.00, real=0.00 secs] 
1978.366: [GC (Allocation Failure) [PSYoungGen: 60816K->1344K(61440K)] 442137K->382665K(572928K), 0.0017841 secs] [Times: user=0.01 sys=0.00, real=0.00 secs] 
1978.613: [GC (Allocation Failure) [PSYoungGen: 60736K->1376K(61440K)] 442057K->382697K(572928K), 0.0018431 secs] [Times: user=0.01 sys=0.00, real=0.00 secs] 
1978.860: [GC (Allocation Failure) [PSYoungGen: 60768K->1376K(61440K)] 442089K->382697K(572928K), 0.0017836 secs] [Times: user=0.00 sys=0.00, real=0.00 secs] 
1979.157: [GC (Allocation Failure) [PSYoungGen: 60768K->1344K(61440K)] 442089K->382673K(572928K), 0.0020892 secs] [Times: user=0.01 sys=0.00, real=0.00 secs] 
1979.544: [GC (Allocation Failure) [PSYoungGen: 60736K->1485K(61440K)] 442065K->382814K(572928K), 0.0016069 secs] [Times: user=0.00 sys=0.00, real=0.00 secs] 
1979.891: [GC (Allocation Failure) [PSYoungGen: 60877K->1501K(61440K)] 442206K->382846K(572928K), 0.0016019 secs] [Times: user=0.01 sys=0.00, real=0.01 secs] 
1980.238: [GC (Allocation Failure) [PSYoungGen: 60893K->1517K(61440K)] 442238K->382862K(572928K), 0.0015971 secs] [Times: user=0.00 sys=0.00, real=0.00 secs] 
1980.584: [GC (Allocation Failure) [PSYoungGen: 60909K->1549K(61440K)] 442254K->382894K(572928K), 0.0015758 secs] [Times: user=0.00 sys=0.00, real=0.00 secs] 
1980.985: [GC (Allocation Failure) [PSYoungGen: 60941K->1424K(61440K)] 442286K->382769K(572928K), 0.0021036 secs] [Times: user=0.01 sys=0.00, real=0.00 secs] 
1981.239: [GC (Allocation Failure) [PSYoungGen: 60816K->1376K(61440K)] 442161K->382721K(572928K), 0.0019479 secs] [Times: user=0.01 sys=0.00, real=0.00 secs] 
1981.728: [GC (Allocation Failure) [PSYoungGen: 60768K->1376K(61440K)] 442113K->382721K(572928K), 0.0020965 secs] [Times: user=0.01 sys=0.00, real=0.00 secs] 
1982.222: [GC (Allocation Failure) [PSYoungGen: 60768K->1344K(61440K)] 442113K->382689K(572928K), 0.0034626 secs] [Times: user=0.02 sys=0.01, real=0.00 secs] 
1982.713: [GC (Allocation Failure) [PSYoungGen: 60736K->1376K(61440K)] 442081K->382721K(572928K), 0.0037806 secs] [Times: user=0.01 sys=0.00, real=0.00 secs] 
1983.270: [GC (Allocation Failure) [PSYoungGen: 60768K->1565K(61440K)] 442113K->382910K(572928K), 0.0015543 secs] [Times: user=0.01 sys=0.00, real=0.00 secs] 
1983.623: [GC (Allocation Failure) [PSYoungGen: 60953K->1517K(61440K)] 442298K->382870K(572928K), 0.0015427 secs] [Times: user=0.01 sys=0.00, real=0.00 secs] 
1984.030: [GC (Allocation Failure) [PSYoungGen: 60909K->1549K(61440K)] 442262K->382902K(572928K), 0.0016943 secs] [Times: user=0.01 sys=0.00, real=0.00 secs] 
1984.376: [GC (Allocation Failure) [PSYoungGen: 60941K->1581K(61440K)] 442294K->382934K(572928K), 0.0019249 secs] [Times: user=0.01 sys=0.00, real=0.00 secs] 
1984.666: [GC (Allocation Failure) [PSYoungGen: 60973K->1424K(61440K)] 442326K->382777K(572928K), 0.0021127 secs] [Times: user=0.01 sys=0.00, real=0.00 secs] 
1984.913: [GC (Allocation Failure) [PSYoungGen: 60816K->1312K(61440K)] 442169K->382681K(572928K), 0.0020954 secs] [Times: user=0.01 sys=0.00, real=0.00 secs] 
1985.183: [GC (Allocation Failure) [PSYoungGen: 60704K->1312K(61440K)] 442073K->382681K(572928K), 0.0019608 secs] [Times: user=0.01 sys=0.00, real=0.00 secs] 
1985.429: [GC (Allocation Failure) [PSYoungGen: 60704K->1376K(61440K)] 442073K->382745K(572928K), 0.0019066 secs] [Times: user=0.01 sys=0.00, real=0.00 secs] 
1985.728: [GC (Allocation Failure) [PSYoungGen: 60768K->1405K(61440K)] 442137K->382774K(572928K), 0.0019336 secs] [Times: user=0.01 sys=0.00, real=0.00 secs] 
1986.076: [GC (Allocation Failure) [PSYoungGen: 60797K->1501K(61440K)] 442166K->382870K(572928K), 0.0015899 secs] [Times: user=0.01 sys=0.00, real=0.00 secs] 
1986.421: [GC (Allocation Failure) [PSYoungGen: 60893K->1533K(61440K)] 442262K->382918K(572928K), 0.0016302 secs] [Times: user=0.00 sys=0.00, real=0.01 secs] 
1986.765: [GC (Allocation Failure) [PSYoungGen: 60896K->1469K(61440K)] 442281K->382854K(572928K), 0.0016495 secs] [Times: user=0.01 sys=0.00, real=0.00 secs] 
1987.113: [GC (Allocation Failure) [PSYoungGen: 60861K->400K(61440K)] 442246K->381785K(572928K), 0.0017232 secs] [Times: user=0.01 sys=0.00, real=0.00 secs] 
1987.604: [GC (Allocation Failure) [PSYoungGen: 59792K->1360K(61440K)] 441177K->382745K(572928K), 0.0019070 secs] [Times: user=0.01 sys=0.00, real=0.00 secs] 
1987.876: [GC (Allocation Failure) [PSYoungGen: 60752K->1312K(61440K)] 442137K->382697K(572928K), 0.0019262 secs] [Times: user=0.00 sys=0.00, real=0.00 secs] 
1988.123: [GC (Allocation Failure) [PSYoungGen: 60704K->1376K(61440K)] 442089K->382761K(572928K), 0.0017560 secs] [Times: user=0.01 sys=0.00, real=0.00 secs] 
1988.370: [GC (Allocation Failure) [PSYoungGen: 60768K->1312K(61440K)] 442153K->382697K(572928K), 0.0017989 secs] [Times: user=0.01 sys=0.00, real=0.00 secs] 
1988.685: [GC (Allocation Failure) [PSYoungGen: 60704K->1456K(61440K)] 442089K->382841K(572928K), 0.0016018 secs] [Times: user=0.01 sys=0.00, real=0.00 secs] 
1989.089: [GC (Allocation Failure) [PSYoungGen: 60847K->1581K(61440K)] 442232K->382966K(572928K), 0.0016945 secs] [Times: user=0.01 sys=0.00, real=0.00 secs] 
1989.434: [GC (Allocation Failure) [PSYoungGen: 60973K->1549K(61440K)] 442358K->382950K(572928K), 0.0016285 secs] [Times: user=0.00 sys=0.00, real=0.00 secs] 
1989.778: [GC (Allocation Failure) [PSYoungGen: 60941K->1549K(61440K)] 442342K->382950K(572928K), 0.0017416 secs] [Times: user=0.01 sys=0.00, real=0.00 secs] 
1990.509: [GC (Allocation Failure) [PSYoungGen: 60941K->1984K(61440K)] 442342K->383385K(572928K), 0.0023519 secs] [Times: user=0.01 sys=0.00, real=0.00 secs] 
1991.112: [GC (Allocation Failure) [PSYoungGen: 61376K->1360K(61440K)] 442777K->382761K(572928K), 0.0024272 secs] [Times: user=0.01 sys=0.00, real=0.01 secs] 
1991.436: [GC (Allocation Failure) [PSYoungGen: 60752K->1344K(61440K)] 442153K->382745K(572928K), 0.0021007 secs] [Times: user=0.01 sys=0.00, real=0.00 secs] 
1991.683: [GC (Allocation Failure) [PSYoungGen: 60736K->1312K(61440K)] 442137K->382713K(572928K), 0.0019225 secs] [Times: user=0.00 sys=0.00, real=0.00 secs] 
1991.929: [GC (Allocation Failure) [PSYoungGen: 60704K->1344K(61440K)] 442105K->382745K(572928K), 0.0017756 secs] [Times: user=0.01 sys=0.00, real=0.00 secs] 
1992.251: [GC (Allocation Failure) [PSYoungGen: 60736K->1453K(61440K)] 442137K->382854K(572928K), 0.0015267 secs] [Times: user=0.01 sys=0.00, real=0.01 secs] 
1992.659: [GC (Allocation Failure) [PSYoungGen: 60845K->1517K(61440K)] 442246K->382918K(572928K), 0.0016627 secs] [Times: user=0.01 sys=0.00, real=0.00 secs] 
1993.004: [GC (Allocation Failure) [PSYoungGen: 60909K->1517K(61440K)] 442310K->382934K(572928K), 0.0019669 secs] [Times: user=0.00 sys=0.00, real=0.00 secs] 
1993.348: [GC (Allocation Failure) [PSYoungGen: 60886K->1581K(61440K)] 442303K->382998K(572928K), 0.0019455 secs] [Times: user=0.01 sys=0.00, real=0.00 secs] 
1994.627: [GC (Allocation Failure) [PSYoungGen: 60973K->1408K(61440K)] 442390K->382825K(572928K), 0.0046027 secs] [Times: user=0.02 sys=0.00, real=0.00 secs] 
1995.550: [GC (Allocation Failure) [PSYoungGen: 60800K->1376K(61440K)] 442217K->382793K(572928K), 0.0029233 secs] [Times: user=0.01 sys=0.00, real=0.01 secs] 
1996.188: [GC (Allocation Failure) [PSYoungGen: 60768K->1376K(61440K)] 442185K->382793K(572928K), 0.0024611 secs] [Times: user=0.01 sys=0.00, real=0.00 secs] 
1996.438: [GC (Allocation Failure) [PSYoungGen: 60768K->1344K(61440K)] 442185K->382777K(572928K), 0.0031744 secs] [Times: user=0.01 sys=0.00, real=0.00 secs] 
1996.687: [GC (Allocation Failure) [PSYoungGen: 60736K->1408K(61440K)] 442169K->382841K(572928K), 0.0020968 secs] [Times: user=0.01 sys=0.00, real=0.00 secs] 
1997.021: [GC (Allocation Failure) [PSYoungGen: 60778K->1485K(61440K)] 442211K->382918K(572928K), 0.0015500 secs] [Times: user=0.00 sys=0.00, real=0.01 secs] 
1997.368: [GC (Allocation Failure) [PSYoungGen: 60877K->1549K(61440K)] 442310K->382998K(572928K), 0.0016546 secs] [Times: user=0.01 sys=0.00, real=0.00 secs] 
1997.712: [GC (Allocation Failure) [PSYoungGen: 60941K->1565K(61440K)] 442390K->383014K(572928K), 0.0016288 secs] [Times: user=0.00 sys=0.00, real=0.00 secs] 
1998.059: [GC (Allocation Failure) [PSYoungGen: 60957K->1549K(61440K)] 442406K->382998K(572928K), 0.0016409 secs] [Times: user=0.01 sys=0.00, real=0.00 secs] 
1998.597: [GC (Allocation Failure) [PSYoungGen: 60941K->1440K(61440K)] 442390K->382889K(572928K), 0.0018952 secs] [Times: user=0.01 sys=0.00, real=0.00 secs] 
1999.159: [GC (Allocation Failure) [PSYoungGen: 60832K->1344K(61440K)] 442281K->382793K(572928K), 0.0021742 secs] [Times: user=0.01 sys=0.00, real=0.00 secs] 
1999.623: [GC (Allocation Failure) [PSYoungGen: 60736K->1360K(61440K)] 442185K->382809K(572928K), 0.0020455 secs] [Times: user=0.01 sys=0.00, real=0.00 secs] 
1999.920: [GC (Allocation Failure) [PSYoungGen: 60752K->1376K(61440K)] 442201K->382825K(572928K), 0.0020088 secs] [Times: user=0.01 sys=0.00, real=0.01 secs] 
2000.167: [GC (Allocation Failure) [PSYoungGen: 60768K->1408K(61440K)] 442217K->382857K(572928K), 0.0021255 secs] [Times: user=0.01 sys=0.00, real=0.00 secs] 
2000.514: [GC (Allocation Failure) [PSYoungGen: 60800K->1533K(61440K)] 442249K->382982K(572928K), 0.0015775 secs] [Times: user=0.01 sys=0.00, real=0.00 secs] 
2000.861: [GC (Allocation Failure) [PSYoungGen: 60901K->1485K(61440K)] 442350K->382950K(572928K), 0.0015976 secs] [Times: user=0.00 sys=0.00, real=0.01 secs] 
2001.206: [GC (Allocation Failure) [PSYoungGen: 60877K->1549K(61440K)] 442342K->383014K(572928K), 0.0015760 secs] [Times: user=0.01 sys=0.00, real=0.00 secs] 
2001.611: [GC (Allocation Failure) [PSYoungGen: 60941K->1485K(61440K)] 442406K->382950K(572928K), 0.0016708 secs] [Times: user=0.00 sys=0.00, real=0.01 secs] 
2002.898: [GC (Allocation Failure) [PSYoungGen: 60877K->1424K(61440K)] 442342K->382889K(572928K), 0.0044103 secs] [Times: user=0.02 sys=0.00, real=0.01 secs] 
2003.785: [GC (Allocation Failure) [PSYoungGen: 60816K->1376K(61440K)] 442281K->382841K(572928K), 0.0032947 secs] [Times: user=0.01 sys=0.01, real=0.00 secs] 
2004.401: [GC (Allocation Failure) [PSYoungGen: 60768K->1360K(61440K)] 442233K->382825K(572928K), 0.0037765 secs] [Times: user=0.02 sys=0.00, real=0.01 secs] 
2004.866: [GC (Allocation Failure) [PSYoungGen: 60752K->1376K(61440K)] 442217K->382841K(572928K), 0.0026241 secs] [Times: user=0.01 sys=0.00, real=0.00 secs] 
2005.449: [GC (Allocation Failure) [PSYoungGen: 60768K->1312K(61440K)] 442233K->382777K(572928K), 0.0031434 secs] [Times: user=0.01 sys=0.00, real=0.01 secs] 
2005.963: [GC (Allocation Failure) [PSYoungGen: 60704K->1485K(61440K)] 442169K->382950K(572928K), 0.0015889 secs] [Times: user=0.01 sys=0.00, real=0.00 secs] 
2006.366: [GC (Allocation Failure) [PSYoungGen: 60877K->1565K(61440K)] 442342K->383038K(572928K), 0.0016908 secs] [Times: user=0.01 sys=0.00, real=0.00 secs] 
2006.765: [GC (Allocation Failure) [PSYoungGen: 60957K->1517K(61440K)] 442430K->383006K(572928K), 0.0015563 secs] [Times: user=0.01 sys=0.00, real=0.00 secs] 
2007.116: [GC (Allocation Failure) [PSYoungGen: 60909K->1517K(61440K)] 442398K->383006K(572928K), 0.0016521 secs] [Times: user=0.01 sys=0.00, real=0.00 secs] 
2007.758: [GC (Allocation Failure) [PSYoungGen: 60909K->1408K(61440K)] 442398K->382897K(572928K), 0.0050570 secs] [Times: user=0.02 sys=0.01, real=0.01 secs] 
2008.426: [GC (Allocation Failure) [PSYoungGen: 60800K->1376K(61440K)] 442289K->382865K(572928K), 0.0030239 secs] [Times: user=0.01 sys=0.00, real=0.00 secs] 
2009.097: [GC (Allocation Failure) [PSYoungGen: 60768K->1376K(61440K)] 442257K->382865K(572928K), 0.0028099 secs] [Times: user=0.01 sys=0.00, real=0.00 secs] 
2009.837: [GC (Allocation Failure) [PSYoungGen: 60768K->1376K(61440K)] 442257K->382865K(572928K), 0.0043099 secs] [Times: user=0.02 sys=0.00, real=0.00 secs] 
2010.468: [GC (Allocation Failure) [PSYoungGen: 60768K->1360K(61440K)] 442257K->382849K(572928K), 0.0026749 secs] [Times: user=0.01 sys=0.00, real=0.00 secs] 
2010.882: [GC (Allocation Failure) [PSYoungGen: 60752K->1581K(61440K)] 442241K->383070K(572928K), 0.0016736 secs] [Times: user=0.01 sys=0.00, real=0.00 secs] 
2011.228: [GC (Allocation Failure) [PSYoungGen: 60973K->1533K(61440K)] 442462K->383038K(572928K), 0.0015816 secs] [Times: user=0.01 sys=0.00, real=0.00 secs] 
2011.632: [GC (Allocation Failure) [PSYoungGen: 60925K->1549K(61440K)] 442430K->383054K(572928K), 0.0016077 secs] [Times: user=0.01 sys=0.00, real=0.00 secs] 
2011.977: [GC (Allocation Failure) [PSYoungGen: 60941K->1488K(61440K)] 442446K->382993K(572928K), 0.0016078 secs] [Times: user=0.01 sys=0.00, real=0.00 secs] 
2012.454: [GC (Allocation Failure) [PSYoungGen: 60880K->1376K(61440K)] 442385K->382881K(572928K), 0.0023416 secs] [Times: user=0.01 sys=0.00, real=0.00 secs] 
2012.967: [GC (Allocation Failure) [PSYoungGen: 60768K->1376K(61440K)] 442273K->382881K(572928K), 0.0022598 secs] [Times: user=0.01 sys=0.00, real=0.00 secs] 
2013.526: [GC (Allocation Failure) [PSYoungGen: 60768K->1376K(61440K)] 442273K->382881K(572928K), 0.0025826 secs] [Times: user=0.01 sys=0.00, real=0.00 secs] 
2013.892: [GC (Allocation Failure) [PSYoungGen: 60768K->1392K(61440K)] 442273K->382897K(572928K), 0.0020435 secs] [Times: user=0.01 sys=0.00, real=0.01 secs] 
2014.204: [GC (Allocation Failure) [PSYoungGen: 60784K->1501K(61440K)] 442289K->383006K(572928K), 0.0015639 secs] [Times: user=0.01 sys=0.00, real=0.00 secs] 
2014.560: [GC (Allocation Failure) [PSYoungGen: 60893K->1565K(61440K)] 442398K->383070K(572928K), 0.0016806 secs] [Times: user=0.01 sys=0.00, real=0.00 secs] 
2014.966: [GC (Allocation Failure) [PSYoungGen: 60957K->1485K(61440K)] 442462K->383006K(572928K), 0.0016286 secs] [Times: user=0.01 sys=0.00, real=0.00 secs] 
2015.314: [GC (Allocation Failure) [PSYoungGen: 60877K->1501K(61440K)] 442398K->383022K(572928K), 0.0016268 secs] [Times: user=0.01 sys=0.00, real=0.00 secs] 
2015.683: [GC (Allocation Failure) [PSYoungGen: 60893K->1760K(61440K)] 442414K->383305K(572928K), 0.0018925 secs] [Times: user=0.01 sys=0.00, real=0.00 secs] 
2016.295: [GC (Allocation Failure) [PSYoungGen: 61152K->1376K(61440K)] 442697K->382921K(572928K), 0.0028543 secs] [Times: user=0.01 sys=0.00, real=0.00 secs] 
2016.781: [GC (Allocation Failure) [PSYoungGen: 60768K->1360K(61440K)] 442313K->382905K(572928K), 0.0033395 secs] [Times: user=0.02 sys=0.00, real=0.01 secs] 
2017.271: [GC (Allocation Failure) [PSYoungGen: 60752K->1344K(61440K)] 442297K->382889K(572928K), 0.0021612 secs] [Times: user=0.01 sys=0.00, real=0.01 secs] 
2017.639: [GC (Allocation Failure) [PSYoungGen: 60736K->1344K(61440K)] 442281K->382889K(572928K), 0.0020674 secs] [Times: user=0.00 sys=0.00, real=0.00 secs] 
2018.097: [GC (Allocation Failure) [PSYoungGen: 60717K->1485K(61440K)] 442262K->383030K(572928K), 0.0016303 secs] [Times: user=0.00 sys=0.00, real=0.00 secs] 
2018.441: [GC (Allocation Failure) [PSYoungGen: 60877K->1549K(61440K)] 442422K->383094K(572928K), 0.0015679 secs] [Times: user=0.00 sys=0.00, real=0.01 secs] 
2018.847: [GC (Allocation Failure) [PSYoungGen: 60941K->1517K(61440K)] 442486K->383078K(572928K), 0.0016340 secs] [Times: user=0.00 sys=0.00, real=0.00 secs] 
2019.196: [GC (Allocation Failure) [PSYoungGen: 60909K->1549K(61440K)] 442470K->383110K(572928K), 0.0016690 secs] [Times: user=0.01 sys=0.00, real=0.00 secs] 
2020.014: [GC (Allocation Failure) [PSYoungGen: 60941K->1456K(61440K)] 442502K->383017K(572928K), 0.0032198 secs] [Times: user=0.01 sys=0.00, real=0.00 secs] 
2021.272: [GC (Allocation Failure) [PSYoungGen: 60848K->1376K(61440K)] 442409K->382937K(572928K), 0.0042204 secs] [Times: user=0.01 sys=0.00, real=0.01 secs] 
2022.820: [GC (Allocation Failure) [PSYoungGen: 60768K->1360K(61440K)] 442329K->382921K(572928K), 0.0042398 secs] [Times: user=0.02 sys=0.00, real=0.01 secs] 
2023.324: [GC (Allocation Failure) [PSYoungGen: 60752K->1344K(61440K)] 442313K->382905K(572928K), 0.0023702 secs] [Times: user=0.01 sys=0.00, real=0.00 secs] 
2023.645: [GC (Allocation Failure) [PSYoungGen: 60736K->1344K(61440K)] 442297K->382905K(572928K), 0.0019376 secs] [Times: user=0.01 sys=0.00, real=0.00 secs] 
2023.981: [GC (Allocation Failure) [PSYoungGen: 60736K->1504K(61440K)] 442297K->383065K(572928K), 0.0015743 secs] [Times: user=0.01 sys=0.00, real=0.01 secs] 
2024.327: [GC (Allocation Failure) [PSYoungGen: 60890K->1517K(61440K)] 442451K->383094K(572928K), 0.0016760 secs] [Times: user=0.01 sys=0.00, real=0.00 secs] 
2024.683: [GC (Allocation Failure) [PSYoungGen: 60909K->1549K(61440K)] 442486K->383126K(572928K), 0.0015692 secs] [Times: user=0.01 sys=0.00, real=0.00 secs] 
2025.083: [GC (Allocation Failure) [PSYoungGen: 60941K->1549K(61440K)] 442518K->383126K(572928K), 0.0016843 secs] [Times: user=0.01 sys=0.00, real=0.00 secs] 
2026.116: [GC (Allocation Failure) [PSYoungGen: 60941K->1424K(61440K)] 442518K->383001K(572928K), 0.0029171 secs] [Times: user=0.01 sys=0.00, real=0.00 secs] 
2026.609: [GC (Allocation Failure) [PSYoungGen: 60816K->1376K(61440K)] 442393K->382953K(572928K), 0.0024291 secs] [Times: user=0.01 sys=0.00, real=0.00 secs] 
2027.114: [GC (Allocation Failure) [PSYoungGen: 60768K->1376K(61440K)] 442345K->382953K(572928K), 0.0027438 secs] [Times: user=0.01 sys=0.00, real=0.00 secs] 
2027.577: [GC (Allocation Failure) [PSYoungGen: 60768K->1376K(61440K)] 442345K->382953K(572928K), 0.0022783 secs] [Times: user=0.01 sys=0.00, real=0.00 secs] 
2028.027: [GC (Allocation Failure) [PSYoungGen: 60768K->1408K(61440K)] 442345K->382985K(572928K), 0.0028814 secs] [Times: user=0.01 sys=0.00, real=0.00 secs] 
2028.571: [GC (Allocation Failure) [PSYoungGen: 60800K->1501K(61440K)] 442377K->383094K(572928K), 0.0015449 secs] [Times: user=0.01 sys=0.00, real=0.01 secs] 
2028.917: [GC (Allocation Failure) [PSYoungGen: 60893K->1565K(61440K)] 442486K->383174K(572928K), 0.0016157 secs] [Times: user=0.01 sys=0.00, real=0.00 secs] 
2029.262: [GC (Allocation Failure) [PSYoungGen: 60957K->1533K(61440K)] 442566K->383142K(572928K), 0.0016319 secs] [Times: user=0.01 sys=0.00, real=0.01 secs] 
2029.608: [GC (Allocation Failure) [PSYoungGen: 60925K->1517K(61440K)] 442534K->383126K(572928K), 0.0015941 secs] [Times: user=0.00 sys=0.00, real=0.00 secs] 
2030.213: [GC (Allocation Failure) [PSYoungGen: 60909K->1440K(61440K)] 442518K->383049K(572928K), 0.0021191 secs] [Times: user=0.00 sys=0.00, real=0.00 secs] 
2030.663: [GC (Allocation Failure) [PSYoungGen: 60832K->1376K(61440K)] 442441K->382985K(572928K), 0.0020020 secs] [Times: user=0.01 sys=0.00, real=0.00 secs] 
2030.910: [GC (Allocation Failure) [PSYoungGen: 60768K->1312K(61440K)] 442377K->382921K(572928K), 0.0020591 secs] [Times: user=0.01 sys=0.00, real=0.01 secs] 
2031.157: [GC (Allocation Failure) [PSYoungGen: 60704K->1312K(61440K)] 442313K->382921K(572928K), 0.0019863 secs] [Times: user=0.01 sys=0.00, real=0.00 secs] 
2031.404: [GC (Allocation Failure) [PSYoungGen: 60704K->1408K(61440K)] 442313K->383017K(572928K), 0.0019928 secs] [Times: user=0.01 sys=0.00, real=0.00 secs] 
2031.769: [GC (Allocation Failure) [PSYoungGen: 60800K->1456K(61440K)] 442409K->383065K(572928K), 0.0016410 secs] [Times: user=0.01 sys=0.00, real=0.00 secs] 
2032.115: [GC (Allocation Failure) [PSYoungGen: 60848K->1549K(61440K)] 442457K->383174K(572928K), 0.0015800 secs] [Times: user=0.00 sys=0.00, real=0.00 secs] 
2032.462: [GC (Allocation Failure) [PSYoungGen: 60941K->1485K(61440K)] 442566K->383110K(572928K), 0.0016042 secs] [Times: user=0.00 sys=0.00, real=0.00 secs] 
2032.868: [GC (Allocation Failure) [PSYoungGen: 60877K->1533K(61440K)] 442502K->383158K(572928K), 0.0016749 secs] [Times: user=0.00 sys=0.00, real=0.00 secs] 
2033.435: [GC (Allocation Failure) [PSYoungGen: 60925K->1376K(61440K)] 442550K->383001K(572928K), 0.0021326 secs] [Times: user=0.01 sys=0.00, real=0.00 secs] 
2033.716: [GC (Allocation Failure) [PSYoungGen: 60768K->1376K(61440K)] 442393K->383001K(572928K), 0.0018284 secs] [Times: user=0.01 sys=0.00, real=0.00 secs] 
2034.151: [GC (Allocation Failure) [PSYoungGen: 60768K->1344K(61440K)] 442393K->382969K(572928K), 0.0018647 secs] [Times: user=0.01 sys=0.00, real=0.01 secs] 
2034.625: [GC (Allocation Failure) [PSYoungGen: 60736K->1376K(61440K)] 442361K->383001K(572928K), 0.0020360 secs] [Times: user=0.01 sys=0.00, real=0.00 secs] 
2035.087: [GC (Allocation Failure) [PSYoungGen: 60768K->1344K(61440K)] 442393K->382985K(572928K), 0.0019682 secs] [Times: user=0.00 sys=0.00, real=0.00 secs] 
2035.466: [GC (Allocation Failure) [PSYoungGen: 60736K->1533K(61440K)] 442377K->383174K(572928K), 0.0015815 secs] [Times: user=0.00 sys=0.00, real=0.00 secs] 
2035.811: [GC (Allocation Failure) [PSYoungGen: 60925K->1501K(61440K)] 442566K->383158K(572928K), 0.0015652 secs] [Times: user=0.00 sys=0.00, real=0.01 secs] 
2036.219: [GC (Allocation Failure) [PSYoungGen: 60893K->1549K(61440K)] 442550K->383206K(572928K), 0.0016739 secs] [Times: user=0.01 sys=0.00, real=0.00 secs] 
2036.619: [GC (Allocation Failure) [PSYoungGen: 60941K->1488K(61440K)] 442598K->383145K(572928K), 0.0016509 secs] [Times: user=0.01 sys=0.00, real=0.00 secs] 
2037.270: [GC (Allocation Failure) [PSYoungGen: 60880K->1392K(61440K)] 442537K->383049K(572928K), 0.0025253 secs] [Times: user=0.01 sys=0.00, real=0.01 secs] 
2037.765: [GC (Allocation Failure) [PSYoungGen: 60784K->1408K(61440K)] 442441K->383065K(572928K), 0.0020823 secs] [Times: user=0.01 sys=0.00, real=0.00 secs] 
2038.159: [GC (Allocation Failure) [PSYoungGen: 60800K->1344K(61440K)] 442457K->383001K(572928K), 0.0020231 secs] [Times: user=0.00 sys=0.00, real=0.00 secs] 
2038.419: [GC (Allocation Failure) [PSYoungGen: 60736K->1312K(61440K)] 442393K->382969K(572928K), 0.0019251 secs] [Times: user=0.01 sys=0.00, real=0.00 secs] 
2038.767: [GC (Allocation Failure) [PSYoungGen: 60704K->1437K(61440K)] 442361K->383094K(572928K), 0.0015534 secs] [Times: user=0.00 sys=0.01, real=0.00 secs] 
2039.113: [GC (Allocation Failure) [PSYoungGen: 60829K->1581K(61440K)] 442486K->383238K(572928K), 0.0016343 secs] [Times: user=0.00 sys=0.00, real=0.00 secs] 
2039.460: [GC (Allocation Failure) [PSYoungGen: 60973K->1584K(61440K)] 442630K->383249K(572928K), 0.0017355 secs] [Times: user=0.01 sys=0.00, real=0.00 secs] 
2039.805: [GC (Allocation Failure) [PSYoungGen: 60976K->1517K(61440K)] 442641K->383182K(572928K), 0.0016101 secs] [Times: user=0.01 sys=0.00, real=0.00 secs] 
2040.151: [GC (Allocation Failure) [PSYoungGen: 60664K->320K(61440K)] 442329K->381985K(572928K), 0.0017331 secs] [Times: user=0.01 sys=0.00, real=0.01 secs] 
2040.461: [GC (Allocation Failure) [PSYoungGen: 59712K->1376K(61440K)] 441377K->383041K(572928K), 0.0019184 secs] [Times: user=0.00 sys=0.00, real=0.01 secs] 
2040.712: [GC (Allocation Failure) [PSYoungGen: 60768K->1344K(61440K)] 442433K->383009K(572928K), 0.0018033 secs] [Times: user=0.00 sys=0.00, real=0.00 secs] 
2040.959: [GC (Allocation Failure) [PSYoungGen: 60736K->1328K(61440K)] 442401K->383001K(572928K), 0.0020555 secs] [Times: user=0.01 sys=0.00, real=0.00 secs] 
2041.206: [GC (Allocation Failure) [PSYoungGen: 60720K->1376K(61440K)] 442393K->383049K(572928K), 0.0019367 secs] [Times: user=0.01 sys=0.00, real=0.00 secs] 
2041.559: [GC (Allocation Failure) [PSYoungGen: 60765K->1405K(61440K)] 442438K->383078K(572928K), 0.0014871 secs] [Times: user=0.01 sys=0.00, real=0.00 secs] 
2041.904: [GC (Allocation Failure) [PSYoungGen: 60797K->1549K(61440K)] 442470K->383222K(572928K), 0.0015776 secs] [Times: user=0.00 sys=0.00, real=0.00 secs] 
2042.250: [GC (Allocation Failure) [PSYoungGen: 60941K->1549K(61440K)] 442614K->383230K(572928K), 0.0016010 secs] [Times: user=0.01 sys=0.00, real=0.00 secs] 
2042.597: [GC (Allocation Failure) [PSYoungGen: 60941K->1533K(61440K)] 442622K->383214K(572928K), 0.0016041 secs] [Times: user=0.01 sys=0.00, real=0.00 secs] 
2043.151: [GC (Allocation Failure) [PSYoungGen: 60925K->1440K(61440K)] 442606K->383121K(572928K), 0.0019908 secs] [Times: user=0.01 sys=0.00, real=0.01 secs] 
2043.615: [GC (Allocation Failure) [PSYoungGen: 60832K->1376K(61440K)] 442513K->383057K(572928K), 0.0018443 secs] [Times: user=0.01 sys=0.00, real=0.00 secs] 
2044.229: [GC (Allocation Failure) [PSYoungGen: 60768K->1408K(61440K)] 442449K->383089K(572928K), 0.0019217 secs] [Times: user=0.01 sys=0.00, real=0.00 secs] 
2044.872: [GC (Allocation Failure) [PSYoungGen: 60800K->1408K(61440K)] 442481K->383113K(572928K), 0.0020138 secs] [Times: user=0.01 sys=0.00, real=0.01 secs] 
2045.534: [GC (Allocation Failure) [PSYoungGen: 60800K->1344K(61440K)] 442505K->383049K(572928K), 0.0020426 secs] [Times: user=0.01 sys=0.00, real=0.00 secs] 
2046.143: [GC (Allocation Failure) [PSYoungGen: 60736K->1405K(61440K)] 442441K->383110K(572928K), 0.0015570 secs] [Times: user=0.01 sys=0.00, real=0.00 secs] 
2046.489: [GC (Allocation Failure) [PSYoungGen: 60793K->1517K(61440K)] 442498K->383230K(572928K), 0.0015608 secs] [Times: user=0.00 sys=0.00, real=0.00 secs] 
2046.889: [GC (Allocation Failure) [PSYoungGen: 60909K->1581K(61440K)] 442622K->383302K(572928K), 0.0016317 secs] [Times: user=0.00 sys=0.00, real=0.00 secs] 
2047.236: [GC (Allocation Failure) [PSYoungGen: 60973K->1517K(61440K)] 442694K->383238K(572928K), 0.0015822 secs] [Times: user=0.01 sys=0.00, real=0.00 secs] 
2047.755: [GC (Allocation Failure) [PSYoungGen: 60909K->1440K(61440K)] 442630K->383161K(572928K), 0.0023236 secs] [Times: user=0.01 sys=0.00, real=0.00 secs] 
2048.449: [GC (Allocation Failure) [PSYoungGen: 60832K->1344K(61440K)] 442553K->383065K(572928K), 0.0029281 secs] [Times: user=0.01 sys=0.00, real=0.00 secs] 
2048.899: [GC (Allocation Failure) [PSYoungGen: 60736K->1376K(61440K)] 442457K->383097K(572928K), 0.0026744 secs] [Times: user=0.01 sys=0.00, real=0.01 secs] 
2049.385: [GC (Allocation Failure) [PSYoungGen: 60768K->1376K(61440K)] 442489K->383097K(572928K), 0.0023042 secs] [Times: user=0.01 sys=0.00, real=0.00 secs] 
2049.923: [GC (Allocation Failure) [PSYoungGen: 60768K->1360K(61440K)] 442489K->383081K(572928K), 0.0020774 secs] [Times: user=0.00 sys=0.00, real=0.00 secs] 
2050.460: [GC (Allocation Failure) [PSYoungGen: 60752K->1488K(61440K)] 442473K->383209K(572928K), 0.0016453 secs] [Times: user=0.01 sys=0.00, real=0.01 secs] 
2050.865: [GC (Allocation Failure) [PSYoungGen: 60880K->1485K(61440K)] 442601K->383222K(572928K), 0.0016475 secs] [Times: user=0.01 sys=0.00, real=0.00 secs] 
2051.213: [GC (Allocation Failure) [PSYoungGen: 60877K->1517K(61440K)] 442614K->383254K(572928K), 0.0016560 secs] [Times: user=0.01 sys=0.00, real=0.00 secs] 
2051.559: [GC (Allocation Failure) [PSYoungGen: 60909K->1549K(61440K)] 442646K->383286K(572928K), 0.0016676 secs] [Times: user=0.01 sys=0.00, real=0.00 secs] 
2052.082: [GC (Allocation Failure) [PSYoungGen: 60941K->1504K(61440K)] 442678K->383241K(572928K), 0.0036402 secs] [Times: user=0.01 sys=0.00, real=0.00 secs] 
2053.497: [GC (Allocation Failure) [PSYoungGen: 60896K->1376K(61440K)] 442633K->383113K(572928K), 0.0029078 secs] [Times: user=0.01 sys=0.00, real=0.00 secs] 
2054.273: [GC (Allocation Failure) [PSYoungGen: 60768K->1328K(61440K)] 442505K->383065K(572928K), 0.0037516 secs] [Times: user=0.01 sys=0.00, real=0.00 secs] 
2055.015: [GC (Allocation Failure) [PSYoungGen: 60720K->1344K(61440K)] 442457K->383081K(572928K), 0.0028418 secs] [Times: user=0.01 sys=0.00, real=0.00 secs] 
2055.296: [GC (Allocation Failure) [PSYoungGen: 60736K->1376K(61440K)] 442473K->383113K(572928K), 0.0027265 secs] [Times: user=0.01 sys=0.00, real=0.00 secs] 
2055.732: [GC (Allocation Failure) [PSYoungGen: 60760K->1453K(61440K)] 442497K->383190K(572928K), 0.0015791 secs] [Times: user=0.00 sys=0.00, real=0.01 secs] 
2056.077: [GC (Allocation Failure) [PSYoungGen: 60845K->1533K(61440K)] 442582K->383286K(572928K), 0.0015998 secs] [Times: user=0.01 sys=0.00, real=0.00 secs] 
2056.422: [GC (Allocation Failure) [PSYoungGen: 60925K->1533K(61440K)] 442678K->383286K(572928K), 0.0015563 secs] [Times: user=0.00 sys=0.00, real=0.01 secs] 
2056.836: [GC (Allocation Failure) [PSYoungGen: 60925K->1517K(61440K)] 442678K->383270K(572928K), 0.0016528 secs] [Times: user=0.00 sys=0.01, real=0.00 secs] 
2057.269: [GC (Allocation Failure) [PSYoungGen: 60909K->1424K(61440K)] 442662K->383209K(572928K), 0.0025072 secs] [Times: user=0.01 sys=0.00, real=0.00 secs] 
2057.517: [GC (Allocation Failure) [PSYoungGen: 60816K->1376K(61440K)] 442601K->383161K(572928K), 0.0019660 secs] [Times: user=0.01 sys=0.00, real=0.00 secs] 
2057.764: [GC (Allocation Failure) [PSYoungGen: 60768K->1344K(61440K)] 442553K->383129K(572928K), 0.0019626 secs] [Times: user=0.01 sys=0.00, real=0.00 secs] 
2058.011: [GC (Allocation Failure) [PSYoungGen: 60736K->1376K(61440K)] 442521K->383161K(572928K), 0.0019308 secs] [Times: user=0.01 sys=0.00, real=0.01 secs] 
2058.257: [GC (Allocation Failure) [PSYoungGen: 60768K->1344K(61440K)] 442553K->383129K(572928K), 0.0017763 secs] [Times: user=0.01 sys=0.00, real=0.00 secs] 
2058.626: [GC (Allocation Failure) [PSYoungGen: 60717K->1520K(61440K)] 442502K->383305K(572928K), 0.0017030 secs] [Times: user=0.01 sys=0.00, real=0.00 secs] 
2058.972: [GC (Allocation Failure) [PSYoungGen: 60912K->1517K(61440K)] 442697K->383318K(572928K), 0.0016078 secs] [Times: user=0.01 sys=0.00, real=0.01 secs] 
2059.316: [GC (Allocation Failure) [PSYoungGen: 60909K->1533K(61440K)] 442710K->383334K(572928K), 0.0017122 secs] [Times: user=0.00 sys=0.00, real=0.00 secs] 
2059.663: [GC (Allocation Failure) [PSYoungGen: 60925K->1485K(61440K)] 442726K->383286K(572928K), 0.0015821 secs] [Times: user=0.01 sys=0.00, real=0.00 secs] 
2060.775: [GC (Allocation Failure) [PSYoungGen: 60877K->1408K(61440K)] 442678K->383209K(572928K), 0.0021271 secs] [Times: user=0.00 sys=0.00, real=0.00 secs] 
2061.623: [GC (Allocation Failure) [PSYoungGen: 60800K->1376K(61440K)] 442601K->383177K(572928K), 0.0034598 secs] [Times: user=0.01 sys=0.00, real=0.00 secs] 
2062.192: [GC (Allocation Failure) [PSYoungGen: 60768K->1376K(61440K)] 442569K->383177K(572928K), 0.0036037 secs] [Times: user=0.02 sys=0.00, real=0.00 secs] 
2062.634: [GC (Allocation Failure) [PSYoungGen: 60768K->1344K(61440K)] 442569K->383145K(572928K), 0.0028393 secs] [Times: user=0.02 sys=0.00, real=0.00 secs] 
2063.138: [GC (Allocation Failure) [PSYoungGen: 60736K->1405K(61440K)] 442537K->383206K(572928K), 0.0028002 secs] [Times: user=0.01 sys=0.00, real=0.00 secs] 
2063.548: [GC (Allocation Failure) [PSYoungGen: 60797K->1533K(61440K)] 442598K->383334K(572928K), 0.0016017 secs] [Times: user=0.01 sys=0.00, real=0.00 secs] 
2063.894: [GC (Allocation Failure) [PSYoungGen: 60908K->1517K(61440K)] 442709K->383326K(572928K), 0.0017281 secs] [Times: user=0.01 sys=0.00, real=0.00 secs] 
2064.241: [GC (Allocation Failure) [PSYoungGen: 60909K->1517K(61440K)] 442718K->383326K(572928K), 0.0015891 secs] [Times: user=0.01 sys=0.00, real=0.01 secs] 
2064.586: [GC (Allocation Failure) [PSYoungGen: 60909K->1581K(61440K)] 442718K->383390K(572928K), 0.0015915 secs] [Times: user=0.00 sys=0.00, real=0.00 secs] 
2064.930: [GC (Allocation Failure) [PSYoungGen: 60973K->1408K(61440K)] 442782K->383217K(572928K), 0.0018052 secs] [Times: user=0.01 sys=0.00, real=0.01 secs] 
2065.284: [GC (Allocation Failure) [PSYoungGen: 60800K->1344K(61440K)] 442609K->383153K(572928K), 0.0018924 secs] [Times: user=0.01 sys=0.00, real=0.00 secs] 
2065.531: [GC (Allocation Failure) [PSYoungGen: 60736K->1376K(61440K)] 442545K->383185K(572928K), 0.0044638 secs] [Times: user=0.02 sys=0.00, real=0.01 secs] 
2065.864: [GC (Allocation Failure) [PSYoungGen: 60768K->1408K(61440K)] 442577K->383217K(572928K), 0.0020322 secs] [Times: user=0.01 sys=0.00, real=0.00 secs] 
2066.193: [GC (Allocation Failure) [PSYoungGen: 60795K->1501K(61440K)] 442604K->383334K(572928K), 0.0015865 secs] [Times: user=0.01 sys=0.00, real=0.00 secs] 
2066.601: [GC (Allocation Failure) [PSYoungGen: 60893K->1533K(61440K)] 442726K->383366K(572928K), 0.0016620 secs] [Times: user=0.01 sys=0.00, real=0.01 secs] 
2066.946: [GC (Allocation Failure) [PSYoungGen: 60925K->1485K(61440K)] 442758K->383334K(572928K), 0.0016022 secs] [Times: user=0.01 sys=0.00, real=0.00 secs] 
2067.290: [GC (Allocation Failure) [PSYoungGen: 60877K->1453K(61440K)] 442726K->383302K(572928K), 0.0016445 secs] [Times: user=0.00 sys=0.00, real=0.00 secs] 
2067.724: [GC (Allocation Failure) [PSYoungGen: 60845K->1936K(61440K)] 442694K->383785K(572928K), 0.0020343 secs] [Times: user=0.00 sys=0.00, real=0.00 secs] 
2068.415: [GC (Allocation Failure) [PSYoungGen: 61328K->1376K(61440K)] 443177K->383225K(572928K), 0.0029341 secs] [Times: user=0.01 sys=0.00, real=0.00 secs] 
2068.703: [GC (Allocation Failure) [PSYoungGen: 60768K->1376K(61440K)] 442617K->383225K(572928K), 0.0020233 secs] [Times: user=0.01 sys=0.00, real=0.00 secs] 
2068.950: [GC (Allocation Failure) [PSYoungGen: 60768K->1328K(61440K)] 442617K->383177K(572928K), 0.0019524 secs] [Times: user=0.01 sys=0.00, real=0.01 secs] 
2069.223: [GC (Allocation Failure) [PSYoungGen: 60720K->1344K(61440K)] 442569K->383193K(572928K), 0.0018244 secs] [Times: user=0.00 sys=0.00, real=0.00 secs] 
2069.726: [GC (Allocation Failure) [PSYoungGen: 60736K->1485K(61440K)] 442585K->383334K(572928K), 0.0020474 secs] [Times: user=0.01 sys=0.00, real=0.00 secs] 
2070.087: [GC (Allocation Failure) [PSYoungGen: 60877K->1552K(61440K)] 442726K->383401K(572928K), 0.0018562 secs] [Times: user=0.01 sys=0.00, real=0.00 secs] 
2070.433: [GC (Allocation Failure) [PSYoungGen: 60944K->1549K(61440K)] 442793K->383406K(572928K), 0.0016474 secs] [Times: user=0.01 sys=0.00, real=0.00 secs] 
2070.777: [GC (Allocation Failure) [PSYoungGen: 60941K->1517K(61440K)] 442798K->383374K(572928K), 0.0015589 secs] [Times: user=0.00 sys=0.00, real=0.00 secs] 
2071.379: [GC (Allocation Failure) [PSYoungGen: 60909K->1504K(61440K)] 442766K->383361K(572928K), 0.0019106 secs] [Times: user=0.00 sys=0.00, real=0.00 secs] 
2072.190: [GC (Allocation Failure) [PSYoungGen: 60896K->1376K(61440K)] 442753K->383233K(572928K), 0.0029799 secs] [Times: user=0.02 sys=0.00, real=0.01 secs] 
2072.823: [GC (Allocation Failure) [PSYoungGen: 60768K->1376K(61440K)] 442625K->383233K(572928K), 0.0031922 secs] [Times: user=0.01 sys=0.00, real=0.00 secs] 
2073.326: [GC (Allocation Failure) [PSYoungGen: 60768K->1376K(61440K)] 442625K->383233K(572928K), 0.0025287 secs] [Times: user=0.01 sys=0.00, real=0.00 secs] 
2073.831: [GC (Allocation Failure) [PSYoungGen: 60768K->1376K(61440K)] 442625K->383233K(572928K), 0.0029310 secs] [Times: user=0.01 sys=0.00, real=0.01 secs] 
2074.323: [GC (Allocation Failure) [PSYoungGen: 60768K->1552K(61440K)] 442625K->383409K(572928K), 0.0015782 secs] [Times: user=0.01 sys=0.00, real=0.00 secs] 
2074.668: [GC (Allocation Failure) [PSYoungGen: 60944K->1565K(61440K)] 442801K->383430K(572928K), 0.0016017 secs] [Times: user=0.01 sys=0.00, real=0.00 secs] 
2075.013: [GC (Allocation Failure) [PSYoungGen: 60957K->1501K(61440K)] 442822K->383366K(572928K), 0.0016327 secs] [Times: user=0.00 sys=0.00, real=0.00 secs] 
2075.358: [GC (Allocation Failure) [PSYoungGen: 60893K->1501K(61440K)] 442758K->383366K(572928K), 0.0015993 secs] [Times: user=0.01 sys=0.00, real=0.00 secs] 
2075.825: [GC (Allocation Failure) [PSYoungGen: 60893K->1424K(61440K)] 442758K->383289K(572928K), 0.0022076 secs] [Times: user=0.01 sys=0.00, real=0.00 secs] 
2076.242: [GC (Allocation Failure) [PSYoungGen: 60816K->1344K(61440K)] 442681K->383233K(572928K), 0.0020064 secs] [Times: user=0.01 sys=0.00, real=0.01 secs] 
2076.740: [GC (Allocation Failure) [PSYoungGen: 60736K->1376K(61440K)] 442625K->383265K(572928K), 0.0023829 secs] [Times: user=0.01 sys=0.00, real=0.01 secs] 
2077.293: [GC (Allocation Failure) [PSYoungGen: 60768K->1376K(61440K)] 442657K->383265K(572928K), 0.0025655 secs] [Times: user=0.01 sys=0.00, real=0.00 secs] 
2077.859: [GC (Allocation Failure) [PSYoungGen: 60768K->1376K(61440K)] 442657K->383265K(572928K), 0.0036160 secs] [Times: user=0.01 sys=0.00, real=0.01 secs] 
2078.403: [GC (Allocation Failure) [PSYoungGen: 60760K->1517K(61440K)] 442649K->383406K(572928K), 0.0015728 secs] [Times: user=0.00 sys=0.00, real=0.00 secs] 
2078.748: [GC (Allocation Failure) [PSYoungGen: 60909K->1517K(61440K)] 442798K->383422K(572928K), 0.0016324 secs] [Times: user=0.00 sys=0.00, real=0.00 secs] 
2079.094: [GC (Allocation Failure) [PSYoungGen: 60909K->1517K(61440K)] 442814K->383422K(572928K), 0.0016721 secs] [Times: user=0.00 sys=0.00, real=0.00 secs] 
2079.440: [GC (Allocation Failure) [PSYoungGen: 60909K->1517K(61440K)] 442814K->383422K(572928K), 0.0015756 secs] [Times: user=0.01 sys=0.00, real=0.00 secs] 
2079.786: [GC (Allocation Failure) [PSYoungGen: 60909K->1392K(61440K)] 442814K->383297K(572928K), 0.0018802 secs] [Times: user=0.01 sys=0.00, real=0.00 secs] 
2080.033: [GC (Allocation Failure) [PSYoungGen: 60784K->1344K(61440K)] 442689K->383249K(572928K), 0.0018692 secs] [Times: user=0.01 sys=0.00, real=0.00 secs] 
2080.280: [GC (Allocation Failure) [PSYoungGen: 60736K->1344K(61440K)] 442641K->383249K(572928K), 0.0019094 secs] [Times: user=0.01 sys=0.00, real=0.01 secs] 
2080.527: [GC (Allocation Failure) [PSYoungGen: 60736K->1360K(61440K)] 442641K->383265K(572928K), 0.0018164 secs] [Times: user=0.01 sys=0.00, real=0.00 secs] 
2080.773: [GC (Allocation Failure) [PSYoungGen: 60752K->1408K(61440K)] 442657K->383313K(572928K), 0.0018467 secs] [Times: user=0.01 sys=0.00, real=0.00 secs] 
2081.137: [GC (Allocation Failure) [PSYoungGen: 60800K->1485K(61440K)] 442705K->383390K(572928K), 0.0015630 secs] [Times: user=0.01 sys=0.00, real=0.00 secs] 
2081.483: [GC (Allocation Failure) [PSYoungGen: 60846K->1520K(61440K)] 442751K->383441K(572928K), 0.0015478 secs] [Times: user=0.01 sys=0.00, real=0.00 secs] 
2081.829: [GC (Allocation Failure) [PSYoungGen: 60912K->1520K(61440K)] 442833K->383441K(572928K), 0.0016296 secs] [Times: user=0.00 sys=0.00, real=0.00 secs] 
2082.173: [GC (Allocation Failure) [PSYoungGen: 60912K->1533K(61440K)] 442833K->383454K(572928K), 0.0016401 secs] [Times: user=0.01 sys=0.00, real=0.00 secs] 
2082.726: [GC (Allocation Failure) [PSYoungGen: 60925K->1408K(61440K)] 442846K->383329K(572928K), 0.0027784 secs] [Times: user=0.01 sys=0.00, real=0.00 secs] 
2083.084: [GC (Allocation Failure) [PSYoungGen: 60800K->1376K(61440K)] 442721K->383297K(572928K), 0.0020578 secs] [Times: user=0.01 sys=0.00, real=0.00 secs] 
2083.330: [GC (Allocation Failure) [PSYoungGen: 60768K->1344K(61440K)] 442689K->383265K(572928K), 0.0020605 secs] [Times: user=0.00 sys=0.00, real=0.01 secs] 
2083.651: [GC (Allocation Failure) [PSYoungGen: 60736K->1312K(61440K)] 442657K->383233K(572928K), 0.0020004 secs] [Times: user=0.01 sys=0.00, real=0.01 secs] 
2083.933: [GC (Allocation Failure) [PSYoungGen: 60704K->1405K(61440K)] 442625K->383350K(572928K), 0.0020485 secs] [Times: user=0.01 sys=0.00, real=0.00 secs] 
2084.299: [GC (Allocation Failure) [PSYoungGen: 60797K->1533K(61440K)] 442742K->383478K(572928K), 0.0015626 secs] [Times: user=0.01 sys=0.00, real=0.00 secs] 
2084.644: [GC (Allocation Failure) [PSYoungGen: 60925K->1517K(61440K)] 442870K->383478K(572928K), 0.0015951 secs] [Times: user=0.00 sys=0.00, real=0.00 secs] 
2084.989: [GC (Allocation Failure) [PSYoungGen: 60909K->1533K(61440K)] 442870K->383494K(572928K), 0.0016310 secs] [Times: user=0.01 sys=0.00, real=0.00 secs] 
2085.334: [GC (Allocation Failure) [PSYoungGen: 60925K->1517K(61440K)] 442886K->383478K(572928K), 0.0015651 secs] [Times: user=0.01 sys=0.00, real=0.00 secs] 
2085.624: [GC (Allocation Failure) [PSYoungGen: 60909K->1408K(61440K)] 442870K->383369K(572928K), 0.0016801 secs] [Times: user=0.01 sys=0.00, real=0.00 secs] 
2085.870: [GC (Allocation Failure) [PSYoungGen: 60800K->1344K(61440K)] 442761K->383305K(572928K), 0.0016964 secs] [Times: user=0.01 sys=0.00, real=0.01 secs] 
2086.116: [GC (Allocation Failure) [PSYoungGen: 60736K->1344K(61440K)] 442697K->383305K(572928K), 0.0017213 secs] [Times: user=0.01 sys=0.00, real=0.00 secs] 
2086.427: [GC (Allocation Failure) [PSYoungGen: 60736K->1344K(61440K)] 442697K->383305K(572928K), 0.0017279 secs] [Times: user=0.00 sys=0.01, real=0.00 secs] 
2086.770: [GC (Allocation Failure) [PSYoungGen: 60735K->1424K(61440K)] 442696K->383385K(572928K), 0.0015244 secs] [Times: user=0.00 sys=0.00, real=0.00 secs] 
2087.115: [GC (Allocation Failure) [PSYoungGen: 60816K->1533K(61440K)] 442777K->383494K(572928K), 0.0016244 secs] [Times: user=0.01 sys=0.00, real=0.00 secs] 
2087.461: [GC (Allocation Failure) [PSYoungGen: 60925K->1517K(61440K)] 442886K->383494K(572928K), 0.0016040 secs] [Times: user=0.01 sys=0.00, real=0.01 secs] 
2087.808: [GC (Allocation Failure) [PSYoungGen: 60909K->1517K(61440K)] 442886K->383494K(572928K), 0.0015937 secs] [Times: user=0.01 sys=0.00, real=0.00 secs] 
2088.177: [GC (Allocation Failure) [PSYoungGen: 60909K->1744K(61440K)] 442886K->383721K(572928K), 0.0017720 secs] [Times: user=0.01 sys=0.00, real=0.00 secs] 
2088.818: [GC (Allocation Failure) [PSYoungGen: 61136K->1376K(61440K)] 443113K->383353K(572928K), 0.0026476 secs] [Times: user=0.01 sys=0.00, real=0.00 secs] 
2089.647: [GC (Allocation Failure) [PSYoungGen: 60768K->1376K(61440K)] 442745K->383353K(572928K), 0.0039995 secs] [Times: user=0.02 sys=0.00, real=0.00 secs] 
2090.381: [GC (Allocation Failure) [PSYoungGen: 60768K->1376K(61440K)] 442745K->383353K(572928K), 0.0031701 secs] [Times: user=0.01 sys=0.00, real=0.01 secs] 
2090.913: [GC (Allocation Failure) [PSYoungGen: 60768K->1344K(61440K)] 442745K->383321K(572928K), 0.0032085 secs] [Times: user=0.02 sys=0.00, real=0.00 secs] 
2091.455: [GC (Allocation Failure) [PSYoungGen: 60709K->1485K(61440K)] 442686K->383462K(572928K), 0.0015825 secs] [Times: user=0.01 sys=0.00, real=0.00 secs] 
2091.800: [GC (Allocation Failure) [PSYoungGen: 60877K->1533K(61440K)] 442854K->383510K(572928K), 0.0016191 secs] [Times: user=0.01 sys=0.00, real=0.00 secs] 
2092.145: [GC (Allocation Failure) [PSYoungGen: 60925K->1501K(61440K)] 442902K->383486K(572928K), 0.0016342 secs] [Times: user=0.01 sys=0.00, real=0.00 secs] 
2092.498: [GC (Allocation Failure) [PSYoungGen: 60893K->1501K(61440K)] 442878K->383486K(572928K), 0.0016105 secs] [Times: user=0.00 sys=0.00, real=0.00 secs] 
2092.933: [GC (Allocation Failure) [PSYoungGen: 60893K->1472K(61440K)] 442878K->383457K(572928K), 0.0021137 secs] [Times: user=0.01 sys=0.00, real=0.00 secs] 
2093.846: [GC (Allocation Failure) [PSYoungGen: 60864K->1376K(61440K)] 442849K->383361K(572928K), 0.0020233 secs] [Times: user=0.01 sys=0.00, real=0.00 secs] 
2094.624: [GC (Allocation Failure) [PSYoungGen: 60768K->1408K(61440K)] 442753K->383393K(572928K), 0.0024299 secs] [Times: user=0.01 sys=0.00, real=0.00 secs] 
2095.370: [GC (Allocation Failure) [PSYoungGen: 60800K->1376K(61440K)] 442785K->383361K(572928K), 0.0028391 secs] [Times: user=0.01 sys=0.00, real=0.01 secs] 
2095.877: [GC (Allocation Failure) [PSYoungGen: 60768K->1376K(61440K)] 442753K->383361K(572928K), 0.0021125 secs] [Times: user=0.01 sys=0.00, real=0.00 secs] 
2096.503: [GC (Allocation Failure) [PSYoungGen: 60768K->1485K(61440K)] 442753K->383470K(572928K), 0.0015415 secs] [Times: user=0.01 sys=0.00, real=0.00 secs] 
2096.904: [GC (Allocation Failure) [PSYoungGen: 60874K->1565K(61440K)] 442859K->383566K(572928K), 0.0016915 secs] [Times: user=0.01 sys=0.00, real=0.00 secs] 
2097.303: [GC (Allocation Failure) [PSYoungGen: 60957K->1517K(61440K)] 442958K->383518K(572928K), 0.0016674 secs] [Times: user=0.01 sys=0.00, real=0.00 secs] 
2097.713: [GC (Allocation Failure) [PSYoungGen: 60909K->1517K(61440K)] 442910K->383542K(572928K), 0.0016761 secs] [Times: user=0.01 sys=0.00, real=0.00 secs] 
2098.313: [GC (Allocation Failure) [PSYoungGen: 60909K->1440K(61440K)] 442934K->383465K(572928K), 0.0039443 secs] [Times: user=0.02 sys=0.00, real=0.00 secs] 
2098.823: [GC (Allocation Failure) [PSYoungGen: 60832K->1376K(61440K)] 442857K->383401K(572928K), 0.0023867 secs] [Times: user=0.01 sys=0.00, real=0.00 secs] 
2099.226: [GC (Allocation Failure) [PSYoungGen: 60768K->1344K(61440K)] 442793K->383369K(572928K), 0.0022713 secs] [Times: user=0.01 sys=0.00, real=0.00 secs] 
2099.746: [GC (Allocation Failure) [PSYoungGen: 60736K->1376K(61440K)] 442761K->383401K(572928K), 0.0022669 secs] [Times: user=0.01 sys=0.00, real=0.00 secs] 
2100.300: [GC (Allocation Failure) [PSYoungGen: 60768K->1376K(61440K)] 442793K->383401K(572928K), 0.0031443 secs] [Times: user=0.01 sys=0.00, real=0.01 secs] 
2100.989: [GC (Allocation Failure) [PSYoungGen: 60768K->1456K(61440K)] 442793K->383481K(572928K), 0.0016143 secs] [Times: user=0.01 sys=0.00, real=0.00 secs] 
2101.400: [GC (Allocation Failure) [PSYoungGen: 60848K->1549K(61440K)] 442873K->383582K(572928K), 0.0016465 secs] [Times: user=0.01 sys=0.00, real=0.00 secs] 
2101.744: [GC (Allocation Failure) [PSYoungGen: 60941K->1517K(61440K)] 442974K->383550K(572928K), 0.0016804 secs] [Times: user=0.01 sys=0.00, real=0.00 secs] 
2102.089: [GC (Allocation Failure) [PSYoungGen: 60909K->1549K(61440K)] 442942K->383582K(572928K), 0.0016447 secs] [Times: user=0.01 sys=0.00, real=0.00 secs] 
2102.877: [GC (Allocation Failure) [PSYoungGen: 60941K->1440K(61440K)] 442974K->383473K(572928K), 0.0041020 secs] [Times: user=0.02 sys=0.00, real=0.00 secs] 
2103.635: [GC (Allocation Failure) [PSYoungGen: 60832K->1360K(61440K)] 442865K->383393K(572928K), 0.0035254 secs] [Times: user=0.01 sys=0.00, real=0.00 secs] 
2104.151: [GC (Allocation Failure) [PSYoungGen: 60752K->1376K(61440K)] 442785K->383409K(572928K), 0.0025924 secs] [Times: user=0.01 sys=0.00, real=0.01 secs] 
2104.670: [GC (Allocation Failure) [PSYoungGen: 60768K->1344K(61440K)] 442801K->383377K(572928K), 0.0024007 secs] [Times: user=0.01 sys=0.00, real=0.01 secs] 
2105.143: [GC (Allocation Failure) [PSYoungGen: 60736K->1376K(61440K)] 442769K->383409K(572928K), 0.0023533 secs] [Times: user=0.01 sys=0.00, real=0.00 secs] 
2105.582: [GC (Allocation Failure) [PSYoungGen: 60749K->1549K(61440K)] 442782K->383582K(572928K), 0.0015850 secs] [Times: user=0.00 sys=0.00, real=0.01 secs] 
2105.927: [GC (Allocation Failure) [PSYoungGen: 60941K->1549K(61440K)] 442974K->383598K(572928K), 0.0015622 secs] [Times: user=0.00 sys=0.00, real=0.00 secs] 
2106.272: [GC (Allocation Failure) [PSYoungGen: 60910K->1485K(61440K)] 442959K->383534K(572928K), 0.0016151 secs] [Times: user=0.00 sys=0.00, real=0.01 secs] 
2106.627: [GC (Allocation Failure) [PSYoungGen: 60877K->1533K(61440K)] 442926K->383606K(572928K), 0.0016225 secs] [Times: user=0.01 sys=0.00, real=0.00 secs] 
2107.032: [GC (Allocation Failure) [PSYoungGen: 60925K->1376K(61440K)] 442998K->383449K(572928K), 0.0019642 secs] [Times: user=0.01 sys=0.00, real=0.00 secs] 
2107.357: [GC (Allocation Failure) [PSYoungGen: 60768K->1312K(61440K)] 442841K->383385K(572928K), 0.0020563 secs] [Times: user=0.01 sys=0.00, real=0.00 secs] 
2107.932: [GC (Allocation Failure) [PSYoungGen: 60704K->1376K(61440K)] 442777K->383449K(572928K), 0.0021833 secs] [Times: user=0.01 sys=0.00, real=0.00 secs] 
2108.437: [GC (Allocation Failure) [PSYoungGen: 60768K->1360K(61440K)] 442841K->383433K(572928K), 0.0020490 secs] [Times: user=0.00 sys=0.00, real=0.00 secs] 
2109.093: [GC (Allocation Failure) [PSYoungGen: 60752K->1344K(61440K)] 442825K->383417K(572928K), 0.0020017 secs] [Times: user=0.01 sys=0.00, real=0.00 secs] 
2109.474: [GC (Allocation Failure) [PSYoungGen: 60736K->1584K(61440K)] 442809K->383657K(572928K), 0.0016356 secs] [Times: user=0.00 sys=0.00, real=0.00 secs] 
2109.882: [GC (Allocation Failure) [PSYoungGen: 60976K->1581K(61440K)] 443049K->383670K(572928K), 0.0016431 secs] [Times: user=0.00 sys=0.00, real=0.01 secs] 
2110.285: [GC (Allocation Failure) [PSYoungGen: 60973K->1581K(61440K)] 443062K->383670K(572928K), 0.0017009 secs] [Times: user=0.01 sys=0.00, real=0.00 secs] 
2110.631: [GC (Allocation Failure) [PSYoungGen: 60973K->1565K(61440K)] 443062K->383654K(572928K), 0.0016770 secs] [Times: user=0.00 sys=0.00, real=0.01 secs] 
2110.924: [GC (Allocation Failure) [PSYoungGen: 60957K->1408K(61440K)] 443046K->383497K(572928K), 0.0026442 secs] [Times: user=0.01 sys=0.00, real=0.00 secs] 
2111.172: [GC (Allocation Failure) [PSYoungGen: 60800K->1376K(61440K)] 442889K->383465K(572928K), 0.0018519 secs] [Times: user=0.01 sys=0.00, real=0.00 secs] 
2111.419: [GC (Allocation Failure) [PSYoungGen: 60768K->1344K(61440K)] 442857K->383433K(572928K), 0.0018880 secs] [Times: user=0.00 sys=0.00, real=0.00 secs] 
2111.666: [GC (Allocation Failure) [PSYoungGen: 60736K->1376K(61440K)] 442825K->383465K(572928K), 0.0019383 secs] [Times: user=0.01 sys=0.00, real=0.00 secs] 
2112.156: [GC (Allocation Failure) [PSYoungGen: 60768K->1437K(61440K)] 442857K->383526K(572928K), 0.0017853 secs] [Times: user=0.01 sys=0.00, real=0.00 secs] 
2112.506: [GC (Allocation Failure) [PSYoungGen: 60829K->1552K(61440K)] 442918K->383641K(572928K), 0.0016372 secs] [Times: user=0.01 sys=0.00, real=0.00 secs] 
2112.856: [GC (Allocation Failure) [PSYoungGen: 60944K->1517K(61440K)] 443033K->383622K(572928K), 0.0015669 secs] [Times: user=0.00 sys=0.00, real=0.00 secs] 
2113.204: [GC (Allocation Failure) [PSYoungGen: 60909K->1517K(61440K)] 443014K->383622K(572928K), 0.0015993 secs] [Times: user=0.01 sys=0.00, real=0.00 secs] 
2113.548: [GC (Allocation Failure) [PSYoungGen: 60901K->288K(61440K)] 443006K->382393K(572928K), 0.0015550 secs] [Times: user=0.01 sys=0.00, real=0.00 secs] 
2113.822: [GC (Allocation Failure) [PSYoungGen: 59680K->1376K(61440K)] 441785K->383481K(572928K), 0.0016510 secs] [Times: user=0.00 sys=0.00, real=0.00 secs] 
2114.069: [GC (Allocation Failure) [PSYoungGen: 60768K->1344K(61440K)] 442873K->383465K(572928K), 0.0016688 secs] [Times: user=0.00 sys=0.00, real=0.00 secs] 
2114.316: [GC (Allocation Failure) [PSYoungGen: 60736K->1376K(61440K)] 442857K->383497K(572928K), 0.0016214 secs] [Times: user=0.01 sys=0.00, real=0.00 secs] 
2114.562: [GC (Allocation Failure) [PSYoungGen: 60768K->1376K(61440K)] 442889K->383497K(572928K), 0.0018632 secs] [Times: user=0.01 sys=0.00, real=0.01 secs] 
2114.912: [GC (Allocation Failure) [PSYoungGen: 60768K->1453K(61440K)] 442889K->383574K(572928K), 0.0016105 secs] [Times: user=0.01 sys=0.00, real=0.00 secs] 
2115.324: [GC (Allocation Failure) [PSYoungGen: 60845K->1549K(61440K)] 442966K->383670K(572928K), 0.0016620 secs] [Times: user=0.01 sys=0.00, real=0.00 secs] 
2115.734: [GC (Allocation Failure) [PSYoungGen: 60941K->1485K(61440K)] 443062K->383614K(572928K), 0.0016744 secs] [Times: user=0.00 sys=0.00, real=0.00 secs] 
2116.080: [GC (Allocation Failure) [PSYoungGen: 60877K->1552K(61440K)] 443006K->383681K(572928K), 0.0016678 secs] [Times: user=0.01 sys=0.00, real=0.00 secs] 
2116.548: [GC (Allocation Failure) [PSYoungGen: 60944K->1952K(61440K)] 443073K->384081K(572928K), 0.0021432 secs] [Times: user=0.01 sys=0.00, real=0.00 secs] 
2116.892: [GC (Allocation Failure) [PSYoungGen: 61344K->1344K(61440K)] 443473K->383473K(572928K), 0.0019410 secs] [Times: user=0.01 sys=0.00, real=0.01 secs] 
2117.261: [GC (Allocation Failure) [PSYoungGen: 60736K->1376K(61440K)] 442865K->383505K(572928K), 0.0018856 secs] [Times: user=0.01 sys=0.00, real=0.01 secs] 
2117.681: [GC (Allocation Failure) [PSYoungGen: 60768K->1376K(61440K)] 442897K->383505K(572928K), 0.0019896 secs] [Times: user=0.01 sys=0.00, real=0.01 secs] 
2118.138: [GC (Allocation Failure) [PSYoungGen: 60768K->1312K(61440K)] 442897K->383441K(572928K), 0.0021478 secs] [Times: user=0.00 sys=0.00, real=0.00 secs] 
2118.649: [GC (Allocation Failure) [PSYoungGen: 60682K->1453K(61440K)] 442811K->383582K(572928K), 0.0016928 secs] [Times: user=0.00 sys=0.00, real=0.00 secs] 
2118.995: [GC (Allocation Failure) [PSYoungGen: 60845K->1517K(61440K)] 442974K->383654K(572928K), 0.0015903 secs] [Times: user=0.01 sys=0.00, real=0.00 secs] 
2119.338: [GC (Allocation Failure) [PSYoungGen: 60909K->1549K(61440K)] 443046K->383694K(572928K), 0.0016503 secs] [Times: user=0.00 sys=0.00, real=0.00 secs] 
2119.683: [GC (Allocation Failure) [PSYoungGen: 60941K->1549K(61440K)] 443086K->383694K(572928K), 0.0015946 secs] [Times: user=0.01 sys=0.00, real=0.00 secs] 
2120.046: [GC (Allocation Failure) [PSYoungGen: 60941K->1472K(61440K)] 443086K->383617K(572928K), 0.0018942 secs] [Times: user=0.01 sys=0.00, real=0.00 secs] 
2120.293: [GC (Allocation Failure) [PSYoungGen: 60864K->1408K(61440K)] 443009K->383553K(572928K), 0.0017846 secs] [Times: user=0.00 sys=0.00, real=0.00 secs] 
2120.750: [GC (Allocation Failure) [PSYoungGen: 60800K->1376K(61440K)] 442945K->383521K(572928K), 0.0019084 secs] [Times: user=0.00 sys=0.00, real=0.01 secs] 
2121.274: [GC (Allocation Failure) [PSYoungGen: 60768K->1344K(61440K)] 442913K->383489K(572928K), 0.0020709 secs] [Times: user=0.01 sys=0.00, real=0.00 secs] 
2121.787: [GC (Allocation Failure) [PSYoungGen: 60736K->1376K(61440K)] 442881K->383521K(572928K), 0.0019161 secs] [Times: user=0.01 sys=0.01, real=0.00 secs] 
2122.308: [GC (Allocation Failure) [PSYoungGen: 60768K->1485K(61440K)] 442913K->383630K(572928K), 0.0014995 secs] [Times: user=0.00 sys=0.00, real=0.00 secs] 
2122.713: [GC (Allocation Failure) [PSYoungGen: 60853K->1517K(61440K)] 442998K->383678K(572928K), 0.0016399 secs] [Times: user=0.01 sys=0.00, real=0.00 secs] 
2123.120: [GC (Allocation Failure) [PSYoungGen: 60909K->1549K(61440K)] 443070K->383710K(572928K), 0.0016674 secs] [Times: user=0.01 sys=0.00, real=0.00 secs] 
2123.467: [GC (Allocation Failure) [PSYoungGen: 60941K->1549K(61440K)] 443102K->383710K(572928K), 0.0016667 secs] [Times: user=0.00 sys=0.00, real=0.00 secs] 
2123.767: [GC (Allocation Failure) [PSYoungGen: 60941K->1456K(61440K)] 443102K->383617K(572928K), 0.0022006 secs] [Times: user=0.00 sys=0.00, real=0.00 secs] 
2124.017: [GC (Allocation Failure) [PSYoungGen: 60848K->1344K(61440K)] 443009K->383505K(572928K), 0.0018467 secs] [Times: user=0.00 sys=0.00, real=0.00 secs] 
2124.266: [GC (Allocation Failure) [PSYoungGen: 60736K->1376K(61440K)] 442897K->383537K(572928K), 0.0020130 secs] [Times: user=0.01 sys=0.00, real=0.00 secs] 
2124.513: [GC (Allocation Failure) [PSYoungGen: 60768K->1376K(61440K)] 442929K->383537K(572928K), 0.0019369 secs] [Times: user=0.01 sys=0.00, real=0.00 secs] 
2124.760: [GC (Allocation Failure) [PSYoungGen: 60768K->1376K(61440K)] 442929K->383553K(572928K), 0.0019899 secs] [Times: user=0.00 sys=0.00, real=0.01 secs] 
2125.120: [GC (Allocation Failure) [PSYoungGen: 60768K->1456K(61440K)] 442945K->383633K(572928K), 0.0015580 secs] [Times: user=0.01 sys=0.00, real=0.00 secs] 
2125.465: [GC (Allocation Failure) [PSYoungGen: 60848K->1488K(61440K)] 443025K->383681K(572928K), 0.0016040 secs] [Times: user=0.00 sys=0.00, real=0.00 secs] 
2125.809: [GC (Allocation Failure) [PSYoungGen: 60880K->1533K(61440K)] 443073K->383726K(572928K), 0.0016195 secs] [Times: user=0.01 sys=0.00, real=0.00 secs] 
2126.155: [GC (Allocation Failure) [PSYoungGen: 60925K->1488K(61440K)] 443118K->383681K(572928K), 0.0016490 secs] [Times: user=0.01 sys=0.00, real=0.00 secs] 
2126.471: [GC (Allocation Failure) [PSYoungGen: 60880K->1408K(61440K)] 443073K->383601K(572928K), 0.0018592 secs] [Times: user=0.01 sys=0.00, real=0.01 secs] 
2126.750: [GC (Allocation Failure) [PSYoungGen: 60800K->1376K(61440K)] 442993K->383569K(572928K), 0.0017763 secs] [Times: user=0.01 sys=0.00, real=0.01 secs] 
2126.997: [GC (Allocation Failure) [PSYoungGen: 60768K->1376K(61440K)] 442961K->383569K(572928K), 0.0016260 secs] [Times: user=0.01 sys=0.00, real=0.00 secs] 
2127.244: [GC (Allocation Failure) [PSYoungGen: 60768K->1376K(61440K)] 442961K->383569K(572928K), 0.0027005 secs] [Times: user=0.01 sys=0.00, real=0.00 secs] 
2127.492: [GC (Allocation Failure) [PSYoungGen: 60768K->1376K(61440K)] 442961K->383569K(572928K), 0.0019715 secs] [Times: user=0.01 sys=0.00, real=0.00 secs] 
2127.925: [GC (Allocation Failure) [PSYoungGen: 60744K->1520K(61440K)] 442937K->383713K(572928K), 0.0016053 secs] [Times: user=0.01 sys=0.00, real=0.00 secs] 
2128.273: [GC (Allocation Failure) [PSYoungGen: 60912K->1549K(61440K)] 443105K->383750K(572928K), 0.0015610 secs] [Times: user=0.01 sys=0.00, real=0.00 secs] 
2128.618: [GC (Allocation Failure) [PSYoungGen: 60941K->1581K(61440K)] 443142K->383782K(572928K), 0.0015907 secs] [Times: user=0.01 sys=0.00, real=0.00 secs] 
2128.963: [GC (Allocation Failure) [PSYoungGen: 60973K->1517K(61440K)] 443174K->383718K(572928K), 0.0016110 secs] [Times: user=0.01 sys=0.00, real=0.00 secs] 
2129.252: [GC (Allocation Failure) [PSYoungGen: 60909K->1376K(61440K)] 443110K->383577K(572928K), 0.0017245 secs] [Times: user=0.01 sys=0.00, real=0.01 secs] 
2129.498: [GC (Allocation Failure) [PSYoungGen: 60768K->1376K(61440K)] 442969K->383577K(572928K), 0.0018321 secs] [Times: user=0.01 sys=0.00, real=0.00 secs] 
2129.746: [GC (Allocation Failure) [PSYoungGen: 60768K->1376K(61440K)] 442969K->383577K(572928K), 0.0016011 secs] [Times: user=0.00 sys=0.00, real=0.00 secs] 
2129.992: [GC (Allocation Failure) [PSYoungGen: 60768K->1376K(61440K)] 442969K->383577K(572928K), 0.0017128 secs] [Times: user=0.01 sys=0.00, real=0.01 secs] 
2130.258: [GC (Allocation Failure) [PSYoungGen: 60768K->1437K(61440K)] 442969K->383638K(572928K), 0.0015615 secs] [Times: user=0.01 sys=0.00, real=0.00 secs] 
2130.607: [GC (Allocation Failure) [PSYoungGen: 60803K->1485K(61440K)] 443004K->383686K(572928K), 0.0015806 secs] [Times: user=0.00 sys=0.00, real=0.00 secs] 
2130.952: [GC (Allocation Failure) [PSYoungGen: 60877K->1517K(61440K)] 443078K->383734K(572928K), 0.0015683 secs] [Times: user=0.01 sys=0.00, real=0.00 secs] 
2131.358: [GC (Allocation Failure) [PSYoungGen: 60883K->1565K(61440K)] 443100K->383782K(572928K), 0.0016980 secs] [Times: user=0.00 sys=0.00, real=0.00 secs] 
2131.764: [GC (Allocation Failure) [PSYoungGen: 60957K->1549K(61440K)] 443174K->383766K(572928K), 0.0016773 secs] [Times: user=0.01 sys=0.00, real=0.00 secs] 
2132.050: [GC (Allocation Failure) [PSYoungGen: 60941K->1408K(61440K)] 443158K->383625K(572928K), 0.0020486 secs] [Times: user=0.00 sys=0.00, real=0.00 secs] 
2132.301: [GC (Allocation Failure) [PSYoungGen: 60800K->1344K(61440K)] 443017K->383561K(572928K), 0.0021363 secs] [Times: user=0.01 sys=0.00, real=0.01 secs] 
2132.548: [GC (Allocation Failure) [PSYoungGen: 60736K->1328K(61440K)] 442953K->383545K(572928K), 0.0019684 secs] [Times: user=0.01 sys=0.00, real=0.00 secs] 
2132.795: [GC (Allocation Failure) [PSYoungGen: 60720K->1344K(61440K)] 442937K->383561K(572928K), 0.0019201 secs] [Times: user=0.00 sys=0.00, real=0.00 secs] 
2133.094: [GC (Allocation Failure) [PSYoungGen: 60736K->1437K(61440K)] 442953K->383654K(572928K), 0.0015392 secs] [Times: user=0.01 sys=0.00, real=0.00 secs] 
2133.440: [GC (Allocation Failure) [PSYoungGen: 60829K->1520K(61440K)] 443046K->383737K(572928K), 0.0016324 secs] [Times: user=0.01 sys=0.00, real=0.00 secs] 
2133.786: [GC (Allocation Failure) [PSYoungGen: 60912K->1549K(61440K)] 443129K->383798K(572928K), 0.0016315 secs] [Times: user=0.01 sys=0.00, real=0.00 secs] 
2134.132: [GC (Allocation Failure) [PSYoungGen: 60941K->1565K(61440K)] 443190K->383814K(572928K), 0.0016120 secs] [Times: user=0.00 sys=0.00, real=0.00 secs] 
2135.061: [GC (Allocation Failure) [PSYoungGen: 60957K->1952K(61440K)] 443206K->384201K(572928K), 0.0025718 secs] [Times: user=0.01 sys=0.01, real=0.01 secs] 
2136.142: [GC (Allocation Failure) [PSYoungGen: 61344K->1328K(61440K)] 443593K->383577K(572928K), 0.0031848 secs] [Times: user=0.01 sys=0.00, real=0.00 secs] 
2136.853: [GC (Allocation Failure) [PSYoungGen: 60720K->1344K(61440K)] 442969K->383593K(572928K), 0.0027046 secs] [Times: user=0.01 sys=0.00, real=0.00 secs] 
2137.371: [GC (Allocation Failure) [PSYoungGen: 60736K->1344K(61440K)] 442985K->383593K(572928K), 0.0027203 secs] [Times: user=0.01 sys=0.00, real=0.01 secs] 
2137.913: [GC (Allocation Failure) [PSYoungGen: 60736K->1312K(61440K)] 442985K->383561K(572928K), 0.0024231 secs] [Times: user=0.01 sys=0.00, real=0.00 secs] 
2138.348: [GC (Allocation Failure) [PSYoungGen: 60692K->1421K(61440K)] 442941K->383670K(572928K), 0.0015901 secs] [Times: user=0.00 sys=0.00, real=0.00 secs] 
2138.693: [GC (Allocation Failure) [PSYoungGen: 60813K->1517K(61440K)] 443062K->383766K(572928K), 0.0016541 secs] [Times: user=0.01 sys=0.00, real=0.00 secs] 
2139.038: [GC (Allocation Failure) [PSYoungGen: 60909K->1517K(61440K)] 443158K->383782K(572928K), 0.0015922 secs] [Times: user=0.01 sys=0.00, real=0.00 secs] 
2139.384: [GC (Allocation Failure) [PSYoungGen: 60909K->1549K(61440K)] 443174K->383814K(572928K), 0.0017122 secs] [Times: user=0.00 sys=0.00, real=0.00 secs] 
2139.824: [GC (Allocation Failure) [PSYoungGen: 60941K->1456K(61440K)] 443206K->383721K(572928K), 0.0018583 secs] [Times: user=0.00 sys=0.00, real=0.00 secs] 
2140.113: [GC (Allocation Failure) [PSYoungGen: 60848K->1408K(61440K)] 443113K->383673K(572928K), 0.0018482 secs] [Times: user=0.01 sys=0.00, real=0.00 secs] 
2140.405: [GC (Allocation Failure) [PSYoungGen: 60800K->1376K(61440K)] 443065K->383641K(572928K), 0.0020506 secs] [Times: user=0.01 sys=0.00, real=0.00 secs] 
2140.691: [GC (Allocation Failure) [PSYoungGen: 60768K->1328K(61440K)] 443033K->383593K(572928K), 0.0020371 secs] [Times: user=0.00 sys=0.00, real=0.01 secs] 
2140.966: [GC (Allocation Failure) [PSYoungGen: 60720K->1376K(61440K)] 442985K->383641K(572928K), 0.0019506 secs] [Times: user=0.00 sys=0.00, real=0.00 secs] 
2141.301: [GC (Allocation Failure) [PSYoungGen: 60768K->1456K(61440K)] 443033K->383721K(572928K), 0.0015939 secs] [Times: user=0.00 sys=0.00, real=0.01 secs] 
2141.708: [GC (Allocation Failure) [PSYoungGen: 60830K->1517K(61440K)] 443095K->383798K(572928K), 0.0016475 secs] [Times: user=0.01 sys=0.00, real=0.00 secs] 
2142.053: [GC (Allocation Failure) [PSYoungGen: 60909K->1552K(61440K)] 443190K->383833K(572928K), 0.0022955 secs] [Times: user=0.01 sys=0.00, real=0.00 secs] 
2142.402: [GC (Allocation Failure) [PSYoungGen: 60944K->1485K(61440K)] 443225K->383766K(572928K), 0.0016138 secs] [Times: user=0.01 sys=0.00, real=0.00 secs] 
2142.873: [GC (Allocation Failure) [PSYoungGen: 60877K->1472K(61440K)] 443158K->383753K(572928K), 0.0023866 secs] [Times: user=0.01 sys=0.00, real=0.00 secs] 
2143.169: [GC (Allocation Failure) [PSYoungGen: 60864K->1344K(61440K)] 443145K->383625K(572928K), 0.0021514 secs] [Times: user=0.01 sys=0.00, real=0.00 secs] 
2143.452: [GC (Allocation Failure) [PSYoungGen: 60736K->1376K(61440K)] 443017K->383657K(572928K), 0.0020126 secs] [Times: user=0.01 sys=0.00, real=0.01 secs] 
2143.698: [GC (Allocation Failure) [PSYoungGen: 60768K->1376K(61440K)] 443049K->383657K(572928K), 0.0019002 secs] [Times: user=0.01 sys=0.00, real=0.00 secs] 
2143.948: [GC (Allocation Failure) [PSYoungGen: 60768K->1344K(61440K)] 443049K->383649K(572928K), 0.0019058 secs] [Times: user=0.01 sys=0.00, real=0.00 secs] 
2144.299: [GC (Allocation Failure) [PSYoungGen: 60736K->1453K(61440K)] 443041K->383758K(572928K), 0.0016744 secs] [Times: user=0.00 sys=0.00, real=0.00 secs] 
2144.645: [GC (Allocation Failure) [PSYoungGen: 60845K->1533K(61440K)] 443150K->383854K(572928K), 0.0017107 secs] [Times: user=0.01 sys=0.00, real=0.00 secs] 
2144.990: [GC (Allocation Failure) [PSYoungGen: 60925K->1485K(61440K)] 443246K->383806K(572928K), 0.0015914 secs] [Times: user=0.01 sys=0.00, real=0.00 secs] 
2145.335: [GC (Allocation Failure) [PSYoungGen: 60877K->1581K(61440K)] 443198K->383902K(572928K), 0.0016178 secs] [Times: user=0.01 sys=0.00, real=0.00 secs] 
2145.931: [GC (Allocation Failure) [PSYoungGen: 60973K->1392K(61440K)] 443294K->383713K(572928K), 0.0020111 secs] [Times: user=0.01 sys=0.00, real=0.01 secs] 
2146.671: [GC (Allocation Failure) [PSYoungGen: 60784K->1360K(61440K)] 443105K->383681K(572928K), 0.0029372 secs] [Times: user=0.01 sys=0.00, real=0.01 secs] 
2147.292: [GC (Allocation Failure) [PSYoungGen: 60752K->1344K(61440K)] 443073K->383665K(572928K), 0.0031855 secs] [Times: user=0.01 sys=0.00, real=0.01 secs] 
2147.813: [GC (Allocation Failure) [PSYoungGen: 60736K->1376K(61440K)] 443057K->383697K(572928K), 0.0028503 secs] [Times: user=0.01 sys=0.00, real=0.00 secs] 
2148.313: [GC (Allocation Failure) [PSYoungGen: 60768K->1376K(61440K)] 443089K->383697K(572928K), 0.0019652 secs] [Times: user=0.01 sys=0.00, real=0.00 secs] 
2148.837: [GC (Allocation Failure) [PSYoungGen: 60747K->1488K(61440K)] 443068K->383809K(572928K), 0.0016220 secs] [Times: user=0.01 sys=0.00, real=0.00 secs] 
2149.182: [GC (Allocation Failure) [PSYoungGen: 60880K->1613K(61440K)] 443201K->383950K(572928K), 0.0016946 secs] [Times: user=0.00 sys=0.00, real=0.00 secs] 
2149.527: [GC (Allocation Failure) [PSYoungGen: 61005K->1533K(61440K)] 443342K->383870K(572928K), 0.0016636 secs] [Times: user=0.00 sys=0.00, real=0.00 secs] 
2149.877: [GC (Allocation Failure) [PSYoungGen: 60925K->1581K(61440K)] 443262K->383918K(572928K), 0.0016912 secs] [Times: user=0.01 sys=0.00, real=0.00 secs] 
2150.484: [GC (Allocation Failure) [PSYoungGen: 60973K->1376K(61440K)] 443310K->383713K(572928K), 0.0026852 secs] [Times: user=0.01 sys=0.00, real=0.00 secs] 
2150.726: [GC (Allocation Failure) [PSYoungGen: 60768K->1344K(61440K)] 443105K->383681K(572928K), 0.0018889 secs] [Times: user=0.00 sys=0.00, real=0.00 secs] 
2150.973: [GC (Allocation Failure) [PSYoungGen: 60736K->1344K(61440K)] 443073K->383681K(572928K), 0.0019286 secs] [Times: user=0.01 sys=0.00, real=0.00 secs] 
2151.220: [GC (Allocation Failure) [PSYoungGen: 60736K->1376K(61440K)] 443073K->383713K(572928K), 0.0018468 secs] [Times: user=0.01 sys=0.01, real=0.00 secs] 
2151.479: [GC (Allocation Failure) [PSYoungGen: 60736K->1437K(61440K)] 443073K->383774K(572928K), 0.0018126 secs] [Times: user=0.01 sys=0.00, real=0.00 secs] 
2151.836: [GC (Allocation Failure) [PSYoungGen: 60829K->1501K(61440K)] 443166K->383838K(572928K), 0.0015989 secs] [Times: user=0.01 sys=0.00, real=0.00 secs] 
2152.182: [GC (Allocation Failure) [PSYoungGen: 60893K->1501K(61440K)] 443230K->383854K(572928K), 0.0015742 secs] [Times: user=0.00 sys=0.00, real=0.01 secs] 
2152.532: [GC (Allocation Failure) [PSYoungGen: 60893K->1485K(61440K)] 443246K->383838K(572928K), 0.0016451 secs] [Times: user=0.01 sys=0.00, real=0.01 secs] 
2152.878: [GC (Allocation Failure) [PSYoungGen: 60877K->1549K(61440K)] 443230K->383902K(572928K), 0.0015729 secs] [Times: user=0.01 sys=0.00, real=0.00 secs] 
2153.147: [GC (Allocation Failure) [PSYoungGen: 60941K->1424K(61440K)] 443294K->383777K(572928K), 0.0016724 secs] [Times: user=0.01 sys=0.01, real=0.00 secs] 
2153.394: [GC (Allocation Failure) [PSYoungGen: 60816K->1360K(61440K)] 443169K->383713K(572928K), 0.0018410 secs] [Times: user=0.01 sys=0.00, real=0.00 secs] 
2153.642: [GC (Allocation Failure) [PSYoungGen: 60752K->1360K(61440K)] 443105K->383713K(572928K), 0.0028239 secs] [Times: user=0.01 sys=0.00, real=0.00 secs] 
2153.926: [GC (Allocation Failure) [PSYoungGen: 60752K->1344K(61440K)] 443105K->383713K(572928K), 0.0021305 secs] [Times: user=0.01 sys=0.00, real=0.00 secs] 
2154.446: [GC (Allocation Failure) [PSYoungGen: 60736K->1485K(61440K)] 443105K->383854K(572928K), 0.0020722 secs] [Times: user=0.01 sys=0.00, real=0.00 secs] 
2154.814: [GC (Allocation Failure) [PSYoungGen: 60877K->1501K(61440K)] 443246K->383870K(572928K), 0.0015462 secs] [Times: user=0.01 sys=0.00, real=0.00 secs] 
2155.160: [GC (Allocation Failure) [PSYoungGen: 60893K->1517K(61440K)] 443262K->383902K(572928K), 0.0015927 secs] [Times: user=0.01 sys=0.00, real=0.00 secs] 
2155.504: [GC (Allocation Failure) [PSYoungGen: 60909K->1517K(61440K)] 443294K->383902K(572928K), 0.0015827 secs] [Times: user=0.01 sys=0.00, real=0.00 secs] 
2155.895: [GC (Allocation Failure) [PSYoungGen: 60909K->1760K(61440K)] 443294K->384145K(572928K), 0.0018329 secs] [Times: user=0.01 sys=0.00, real=0.00 secs] 
2156.191: [GC (Allocation Failure) [PSYoungGen: 61152K->1360K(61440K)] 443537K->383745K(572928K), 0.0018173 secs] [Times: user=0.00 sys=0.00, real=0.01 secs] 
2156.497: [GC (Allocation Failure) [PSYoungGen: 60752K->1408K(61440K)] 443137K->383793K(572928K), 0.0020104 secs] [Times: user=0.01 sys=0.00, real=0.00 secs] 
2156.796: [GC (Allocation Failure) [PSYoungGen: 60800K->1376K(61440K)] 443185K->383761K(572928K), 0.0020596 secs] [Times: user=0.00 sys=0.00, real=0.00 secs] 
2157.066: [GC (Allocation Failure) [PSYoungGen: 60768K->1376K(61440K)] 443153K->383761K(572928K), 0.0020072 secs] [Times: user=0.01 sys=0.00, real=0.00 secs] 
2157.401: [GC (Allocation Failure) [PSYoungGen: 60765K->1421K(61440K)] 443150K->383806K(572928K), 0.0016185 secs] [Times: user=0.00 sys=0.00, real=0.01 secs] 
2157.748: [GC (Allocation Failure) [PSYoungGen: 60813K->1533K(61440K)] 443198K->383918K(572928K), 0.0018499 secs] [Times: user=0.01 sys=0.00, real=0.00 secs] 
2158.103: [GC (Allocation Failure) [PSYoungGen: 60925K->1517K(61440K)] 443310K->383910K(572928K), 0.0016327 secs] [Times: user=0.01 sys=0.00, real=0.00 secs] 
2158.450: [GC (Allocation Failure) [PSYoungGen: 60909K->1501K(61440K)] 443302K->383894K(572928K), 0.0015580 secs] [Times: user=0.00 sys=0.00, real=0.00 secs] 
2159.084: [GC (Allocation Failure) [PSYoungGen: 60893K->1456K(61440K)] 443286K->383849K(572928K), 0.0021187 secs] [Times: user=0.01 sys=0.00, real=0.00 secs] 
2159.824: [GC (Allocation Failure) [PSYoungGen: 60848K->1344K(61440K)] 443241K->383737K(572928K), 0.0029736 secs] [Times: user=0.01 sys=0.00, real=0.00 secs] 
2160.665: [GC (Allocation Failure) [PSYoungGen: 60736K->1376K(61440K)] 443129K->383769K(572928K), 0.0042121 secs] [Times: user=0.02 sys=0.00, real=0.00 secs] 
2161.452: [GC (Allocation Failure) [PSYoungGen: 60768K->1376K(61440K)] 443161K->383769K(572928K), 0.0032151 secs] [Times: user=0.01 sys=0.00, real=0.01 secs] 
2161.962: [GC (Allocation Failure) [PSYoungGen: 60768K->1376K(61440K)] 443161K->383769K(572928K), 0.0031814 secs] [Times: user=0.02 sys=0.00, real=0.00 secs] 
2162.510: [GC (Allocation Failure) [PSYoungGen: 60768K->1533K(61440K)] 443161K->383926K(572928K), 0.0014901 secs] [Times: user=0.01 sys=0.00, real=0.00 secs] 
2162.855: [GC (Allocation Failure) [PSYoungGen: 60925K->1517K(61440K)] 443318K->383926K(572928K), 0.0015920 secs] [Times: user=0.01 sys=0.00, real=0.00 secs] 
2163.203: [GC (Allocation Failure) [PSYoungGen: 60909K->1549K(61440K)] 443318K->383958K(572928K), 0.0015995 secs] [Times: user=0.01 sys=0.00, real=0.00 secs] 
2163.547: [GC (Allocation Failure) [PSYoungGen: 60941K->1533K(61440K)] 443350K->383942K(572928K), 0.0016343 secs] [Times: user=0.00 sys=0.00, real=0.00 secs] 
2163.955: [GC (Allocation Failure) [PSYoungGen: 60925K->1392K(61440K)] 443334K->383801K(572928K), 0.0019691 secs] [Times: user=0.00 sys=0.00, real=0.00 secs] 
2164.201: [GC (Allocation Failure) [PSYoungGen: 60784K->1344K(61440K)] 443193K->383753K(572928K), 0.0018244 secs] [Times: user=0.01 sys=0.00, real=0.01 secs] 
2164.660: [GC (Allocation Failure) [PSYoungGen: 60736K->1408K(61440K)] 443145K->383817K(572928K), 0.0028038 secs] [Times: user=0.01 sys=0.00, real=0.01 secs] 
2165.183: [GC (Allocation Failure) [PSYoungGen: 60800K->1344K(61440K)] 443209K->383753K(572928K), 0.0028498 secs] [Times: user=0.01 sys=0.00, real=0.00 secs] 
2165.633: [GC (Allocation Failure) [PSYoungGen: 60736K->1344K(61440K)] 443145K->383753K(572928K), 0.0026482 secs] [Times: user=0.01 sys=0.00, real=0.00 secs] 
2166.066: [GC (Allocation Failure) [PSYoungGen: 60736K->1517K(61440K)] 443145K->383926K(572928K), 0.0015571 secs] [Times: user=0.01 sys=0.00, real=0.00 secs] 
2166.472: [GC (Allocation Failure) [PSYoungGen: 60880K->1485K(61440K)] 443289K->383918K(572928K), 0.0017011 secs] [Times: user=0.01 sys=0.00, real=0.00 secs] 
2166.817: [GC (Allocation Failure) [PSYoungGen: 60877K->1549K(61440K)] 443310K->383982K(572928K), 0.0016244 secs] [Times: user=0.01 sys=0.00, real=0.00 secs] 
2167.219: [GC (Allocation Failure) [PSYoungGen: 60941K->1520K(61440K)] 443374K->383953K(572928K), 0.0016471 secs] [Times: user=0.01 sys=0.00, real=0.00 secs] 
2167.964: [GC (Allocation Failure) [PSYoungGen: 60912K->1424K(61440K)] 443345K->383857K(572928K), 0.0059952 secs] [Times: user=0.03 sys=0.00, real=0.00 secs] 
2168.289: [GC (Allocation Failure) [PSYoungGen: 60816K->1312K(61440K)] 443249K->383745K(572928K), 0.0021139 secs] [Times: user=0.01 sys=0.00, real=0.00 secs] 
2168.831: [GC (Allocation Failure) [PSYoungGen: 60704K->1280K(61440K)] 443137K->383713K(572928K), 0.0024782 secs] [Times: user=0.01 sys=0.00, real=0.01 secs] 
2169.661: [GC (Allocation Failure) [PSYoungGen: 60672K->1312K(61440K)] 443105K->383745K(572928K), 0.0021045 secs] [Times: user=0.01 sys=0.00, real=0.01 secs] 
2170.131: [GC (Allocation Failure) [PSYoungGen: 60704K->1344K(61440K)] 443137K->383777K(572928K), 0.0019714 secs] [Times: user=0.01 sys=0.00, real=0.01 secs] 
2170.568: [GC (Allocation Failure) [PSYoungGen: 60714K->1488K(61440K)] 443147K->383921K(572928K), 0.0015654 secs] [Times: user=0.01 sys=0.00, real=0.00 secs] 
2170.914: [GC (Allocation Failure) [PSYoungGen: 60880K->1520K(61440K)] 443313K->383961K(572928K), 0.0016651 secs] [Times: user=0.00 sys=0.00, real=0.00 secs] 
2171.259: [GC (Allocation Failure) [PSYoungGen: 60900K->1472K(61440K)] 443341K->383913K(572928K), 0.0016422 secs] [Times: user=0.01 sys=0.00, real=0.00 secs] 
2171.604: [GC (Allocation Failure) [PSYoungGen: 60864K->1517K(61440K)] 443305K->383958K(572928K), 0.0016584 secs] [Times: user=0.01 sys=0.00, real=0.00 secs] 
2171.924: [GC (Allocation Failure) [PSYoungGen: 60909K->1408K(61440K)] 443350K->383849K(572928K), 0.0017224 secs] [Times: user=0.00 sys=0.00, real=0.00 secs] 
2172.182: [GC (Allocation Failure) [PSYoungGen: 60800K->1344K(61440K)] 443241K->383785K(572928K), 0.0018176 secs] [Times: user=0.00 sys=0.00, real=0.00 secs] 
2172.429: [GC (Allocation Failure) [PSYoungGen: 60736K->1344K(61440K)] 443177K->383785K(572928K), 0.0015881 secs] [Times: user=0.01 sys=0.00, real=0.00 secs] 
2172.675: [GC (Allocation Failure) [PSYoungGen: 60736K->1344K(61440K)] 443177K->383785K(572928K), 0.0017287 secs] [Times: user=0.01 sys=0.00, real=0.00 secs] 
2172.951: [GC (Allocation Failure) [PSYoungGen: 60736K->240K(61440K)] 443177K->382681K(572928K), 0.0017932 secs] [Times: user=0.00 sys=0.00, real=0.01 secs] 
2173.303: [GC (Allocation Failure) [PSYoungGen: 59632K->1501K(61440K)] 442073K->383942K(572928K), 0.0016229 secs] [Times: user=0.01 sys=0.00, real=0.00 secs] 
2173.707: [GC (Allocation Failure) [PSYoungGen: 60893K->1549K(61440K)] 443334K->384006K(572928K), 0.0016392 secs] [Times: user=0.00 sys=0.00, real=0.00 secs] 
2174.053: [GC (Allocation Failure) [PSYoungGen: 60941K->1565K(61440K)] 443398K->384022K(572928K), 0.0016257 secs] [Times: user=0.00 sys=0.00, real=0.00 secs] 
2174.471: [GC (Allocation Failure) [PSYoungGen: 60957K->1533K(61440K)] 443414K->383990K(572928K), 0.0016888 secs] [Times: user=0.01 sys=0.00, real=0.01 secs] 
2174.775: [GC (Allocation Failure) [PSYoungGen: 60925K->1408K(61440K)] 443382K->383889K(572928K), 0.0020710 secs] [Times: user=0.01 sys=0.00, real=0.00 secs] 
2175.109: [GC (Allocation Failure) [PSYoungGen: 60800K->1344K(61440K)] 443281K->383825K(572928K), 0.0020751 secs] [Times: user=0.01 sys=0.00, real=0.00 secs] 
2175.584: [GC (Allocation Failure) [PSYoungGen: 60736K->1328K(61440K)] 443217K->383809K(572928K), 0.0020700 secs] [Times: user=0.01 sys=0.00, real=0.00 secs] 
2176.222: [GC (Allocation Failure) [PSYoungGen: 60720K->1344K(61440K)] 443201K->383825K(572928K), 0.0022967 secs] [Times: user=0.01 sys=0.00, real=0.00 secs] 
2176.854: [GC (Allocation Failure) [PSYoungGen: 60736K->1424K(61440K)] 443217K->383905K(572928K), 0.0020410 secs] [Times: user=0.01 sys=0.00, real=0.00 secs] 
2177.228: [GC (Allocation Failure) [PSYoungGen: 60787K->1453K(61440K)] 443268K->383934K(572928K), 0.0015855 secs] [Times: user=0.01 sys=0.00, real=0.00 secs] 
2177.574: [GC (Allocation Failure) [PSYoungGen: 60845K->1517K(61440K)] 443326K->384006K(572928K), 0.0016704 secs] [Times: user=0.01 sys=0.00, real=0.00 secs] 
2177.918: [GC (Allocation Failure) [PSYoungGen: 60881K->1517K(61440K)] 443370K->384006K(572928K), 0.0015707 secs] [Times: user=0.01 sys=0.00, real=0.00 secs] 
2178.300: [GC (Allocation Failure) [PSYoungGen: 60909K->1536K(61440K)] 443398K->384025K(572928K), 0.0017521 secs] [Times: user=0.01 sys=0.00, real=0.01 secs] 
2178.571: [GC (Allocation Failure) [PSYoungGen: 60928K->1312K(61440K)] 443417K->383801K(572928K), 0.0021077 secs] [Times: user=0.01 sys=0.00, real=0.01 secs] 
2178.818: [GC (Allocation Failure) [PSYoungGen: 60704K->1344K(61440K)] 443193K->383833K(572928K), 0.0022118 secs] [Times: user=0.01 sys=0.00, real=0.00 secs] 
2179.066: [GC (Allocation Failure) [PSYoungGen: 60736K->1376K(61440K)] 443225K->383865K(572928K), 0.0022879 secs] [Times: user=0.01 sys=0.00, real=0.00 secs] 
2179.314: [GC (Allocation Failure) [PSYoungGen: 60768K->1376K(61440K)] 443257K->383865K(572928K), 0.0020858 secs] [Times: user=0.00 sys=0.00, real=0.00 secs] 
2179.632: [GC (Allocation Failure) [PSYoungGen: 60768K->1485K(61440K)] 443257K->383974K(572928K), 0.0015307 secs] [Times: user=0.01 sys=0.00, real=0.00 secs] 
2179.979: [GC (Allocation Failure) [PSYoungGen: 60874K->1469K(61440K)] 443363K->383958K(572928K), 0.0016336 secs] [Times: user=0.00 sys=0.00, real=0.00 secs] 
2180.387: [GC (Allocation Failure) [PSYoungGen: 60861K->1517K(61440K)] 443350K->384022K(572928K), 0.0016910 secs] [Times: user=0.01 sys=0.00, real=0.00 secs] 
2180.789: [GC (Allocation Failure) [PSYoungGen: 60909K->1520K(61440K)] 443414K->384025K(572928K), 0.0016337 secs] [Times: user=0.00 sys=0.00, real=0.00 secs] 
2181.158: [GC (Allocation Failure) [PSYoungGen: 60912K->1472K(61440K)] 443417K->383977K(572928K), 0.0020970 secs] [Times: user=0.01 sys=0.00, real=0.00 secs] 
2181.500: [GC (Allocation Failure) [PSYoungGen: 60864K->1376K(61440K)] 443369K->383881K(572928K), 0.0019902 secs] [Times: user=0.01 sys=0.00, real=0.01 secs] 
2181.747: [GC (Allocation Failure) [PSYoungGen: 60768K->1376K(61440K)] 443273K->383881K(572928K), 0.0018545 secs] [Times: user=0.01 sys=0.00, real=0.00 secs] 
2182.005: [GC (Allocation Failure) [PSYoungGen: 60768K->1376K(61440K)] 443273K->383881K(572928K), 0.0018636 secs] [Times: user=0.01 sys=0.00, real=0.00 secs] 
2182.374: [GC (Allocation Failure) [PSYoungGen: 60768K->1376K(61440K)] 443273K->383881K(572928K), 0.0019572 secs] [Times: user=0.01 sys=0.00, real=0.00 secs] 
2182.729: [GC (Allocation Failure) [PSYoungGen: 60768K->1424K(61440K)] 443273K->383929K(572928K), 0.0016437 secs] [Times: user=0.00 sys=0.00, real=0.00 secs] 
2183.077: [GC (Allocation Failure) [PSYoungGen: 60806K->1549K(61440K)] 443311K->384070K(572928K), 0.0015551 secs] [Times: user=0.01 sys=0.00, real=0.00 secs] 
2183.490: [GC (Allocation Failure) [PSYoungGen: 60941K->1549K(61440K)] 443462K->384070K(572928K), 0.0016938 secs] [Times: user=0.00 sys=0.00, real=0.01 secs] 
2183.899: [GC (Allocation Failure) [PSYoungGen: 60941K->1613K(61440K)] 443462K->384134K(572928K), 0.0016897 secs] [Times: user=0.00 sys=0.00, real=0.00 secs] 
2184.429: [GC (Allocation Failure) [PSYoungGen: 61005K->1472K(61440K)] 443526K->384009K(572928K), 0.0022931 secs] [Times: user=0.01 sys=0.00, real=0.00 secs] 
2185.034: [GC (Allocation Failure) [PSYoungGen: 60864K->1344K(61440K)] 443401K->383881K(572928K), 0.0025877 secs] [Times: user=0.01 sys=0.00, real=0.00 secs] 
2185.659: [GC (Allocation Failure) [PSYoungGen: 60736K->1376K(61440K)] 443273K->383913K(572928K), 0.0023920 secs] [Times: user=0.01 sys=0.00, real=0.00 secs] 
2186.289: [GC (Allocation Failure) [PSYoungGen: 60768K->1344K(61440K)] 443305K->383881K(572928K), 0.0028185 secs] [Times: user=0.01 sys=0.00, real=0.00 secs] 
2187.035: [GC (Allocation Failure) [PSYoungGen: 60736K->1344K(61440K)] 443273K->383881K(572928K), 0.0027721 secs] [Times: user=0.01 sys=0.00, real=0.00 secs] 
2187.752: [GC (Allocation Failure) [PSYoungGen: 60736K->1488K(61440K)] 443273K->384025K(572928K), 0.0016316 secs] [Times: user=0.01 sys=0.00, real=0.00 secs] 
2188.100: [GC (Allocation Failure) [PSYoungGen: 60880K->1485K(61440K)] 443417K->384038K(572928K), 0.0016282 secs] [Times: user=0.01 sys=0.00, real=0.01 secs] 
2188.449: [GC (Allocation Failure) [PSYoungGen: 60877K->1517K(61440K)] 443430K->384070K(572928K), 0.0016745 secs] [Times: user=0.01 sys=0.00, real=0.00 secs] 
2188.803: [GC (Allocation Failure) [PSYoungGen: 60909K->1485K(61440K)] 443462K->384038K(572928K), 0.0016274 secs] [Times: user=0.01 sys=0.00, real=0.00 secs] 
2189.373: [GC (Allocation Failure) [PSYoungGen: 60877K->1488K(61440K)] 443430K->384041K(572928K), 0.0018228 secs] [Times: user=0.01 sys=0.00, real=0.00 secs] 
2190.084: [GC (Allocation Failure) [PSYoungGen: 60880K->1360K(61440K)] 443433K->383913K(572928K), 0.0017534 secs] [Times: user=0.01 sys=0.00, real=0.00 secs] 
2190.650: [GC (Allocation Failure) [PSYoungGen: 60752K->1376K(61440K)] 443305K->383929K(572928K), 0.0017787 secs] [Times: user=0.01 sys=0.00, real=0.01 secs] 
2191.271: [GC (Allocation Failure) [PSYoungGen: 60768K->1376K(61440K)] 443321K->383929K(572928K), 0.0022592 secs] [Times: user=0.01 sys=0.00, real=0.01 secs] 
2191.902: [GC (Allocation Failure) [PSYoungGen: 60768K->1376K(61440K)] 443321K->383929K(572928K), 0.0022061 secs] [Times: user=0.01 sys=0.00, real=0.00 secs] 
2192.450: [GC (Allocation Failure) [PSYoungGen: 60747K->1488K(61440K)] 443300K->384041K(572928K), 0.0016501 secs] [Times: user=0.01 sys=0.00, real=0.00 secs] 
2192.796: [GC (Allocation Failure) [PSYoungGen: 60880K->1520K(61440K)] 443433K->384081K(572928K), 0.0015694 secs] [Times: user=0.00 sys=0.00, real=0.00 secs] 
2193.143: [GC (Allocation Failure) [PSYoungGen: 60911K->1485K(61440K)] 443472K->384046K(572928K), 0.0016146 secs] [Times: user=0.00 sys=0.00, real=0.00 secs] 
2193.489: [GC (Allocation Failure) [PSYoungGen: 60877K->1533K(61440K)] 443438K->384094K(572928K), 0.0015815 secs] [Times: user=0.00 sys=0.00, real=0.00 secs] 
2193.906: [GC (Allocation Failure) [PSYoungGen: 60925K->1408K(61440K)] 443486K->383969K(572928K), 0.0021993 secs] [Times: user=0.01 sys=0.00, real=0.00 secs] 
2194.156: [GC (Allocation Failure) [PSYoungGen: 60800K->1344K(61440K)] 443361K->383905K(572928K), 0.0020278 secs] [Times: user=0.01 sys=0.00, real=0.00 secs] 
2194.444: [GC (Allocation Failure) [PSYoungGen: 60736K->1408K(61440K)] 443297K->383969K(572928K), 0.0019827 secs] [Times: user=0.01 sys=0.00, real=0.00 secs] 
2194.779: [GC (Allocation Failure) [PSYoungGen: 60800K->1344K(61440K)] 443361K->383905K(572928K), 0.0021054 secs] [Times: user=0.01 sys=0.00, real=0.00 secs] 
2195.032: [GC (Allocation Failure) [PSYoungGen: 60736K->1408K(61440K)] 443297K->383969K(572928K), 0.0019443 secs] [Times: user=0.01 sys=0.00, real=0.00 secs] 
2195.452: [GC (Allocation Failure) [PSYoungGen: 60779K->1517K(61440K)] 443340K->384078K(572928K), 0.0015511 secs] [Times: user=0.01 sys=0.00, real=0.00 secs] 
2195.798: [GC (Allocation Failure) [PSYoungGen: 60909K->1456K(61440K)] 443470K->384033K(572928K), 0.0016222 secs] [Times: user=0.00 sys=0.00, real=0.00 secs] 
2196.144: [GC (Allocation Failure) [PSYoungGen: 60833K->1517K(61440K)] 443410K->384094K(572928K), 0.0016012 secs] [Times: user=0.01 sys=0.00, real=0.00 secs] 
2196.488: [GC (Allocation Failure) [PSYoungGen: 60909K->1485K(61440K)] 443486K->384062K(572928K), 0.0016058 secs] [Times: user=0.00 sys=0.00, real=0.00 secs] 
2196.927: [GC (Allocation Failure) [PSYoungGen: 60877K->1408K(61440K)] 443454K->383985K(572928K), 0.0018577 secs] [Times: user=0.01 sys=0.00, real=0.00 secs] 
2197.182: [GC (Allocation Failure) [PSYoungGen: 60800K->1344K(61440K)] 443377K->383921K(572928K), 0.0020111 secs] [Times: user=0.01 sys=0.00, real=0.00 secs] 
2197.479: [GC (Allocation Failure) [PSYoungGen: 60736K->1312K(61440K)] 443313K->383889K(572928K), 0.0019402 secs] [Times: user=0.01 sys=0.01, real=0.00 secs] 
2197.731: [GC (Allocation Failure) [PSYoungGen: 60704K->1344K(61440K)] 443281K->383921K(572928K), 0.0019429 secs] [Times: user=0.01 sys=0.00, real=0.01 secs] 
2198.062: [GC (Allocation Failure) [PSYoungGen: 60736K->1469K(61440K)] 443313K->384046K(572928K), 0.0018886 secs] [Times: user=0.01 sys=0.00, real=0.00 secs] 
2198.496: [GC (Allocation Failure) [PSYoungGen: 60854K->1533K(61440K)] 443432K->384110K(572928K), 0.0018078 secs] [Times: user=0.01 sys=0.00, real=0.00 secs] 
2198.848: [GC (Allocation Failure) [PSYoungGen: 60925K->1517K(61440K)] 443502K->384110K(572928K), 0.0016256 secs] [Times: user=0.00 sys=0.00, real=0.00 secs] 
2199.260: [GC (Allocation Failure) [PSYoungGen: 60909K->1504K(61440K)] 443502K->384097K(572928K), 0.0016710 secs] [Times: user=0.01 sys=0.00, real=0.01 secs] 
2199.605: [GC (Allocation Failure) [PSYoungGen: 60896K->1549K(61440K)] 443489K->384142K(572928K), 0.0015796 secs] [Times: user=0.01 sys=0.00, real=0.00 secs] 
2200.338: [GC (Allocation Failure) [PSYoungGen: 60941K->1408K(61440K)] 443534K->384001K(572928K), 0.0035573 secs] [Times: user=0.02 sys=0.00, real=0.00 secs] 
2200.595: [GC (Allocation Failure) [PSYoungGen: 60800K->1344K(61440K)] 443393K->383937K(572928K), 0.0021868 secs] [Times: user=0.00 sys=0.00, real=0.00 secs] 
2200.878: [GC (Allocation Failure) [PSYoungGen: 60736K->1376K(61440K)] 443329K->383969K(572928K), 0.0023430 secs] [Times: user=0.01 sys=0.00, real=0.00 secs] 
2201.117: [GC (Allocation Failure) [PSYoungGen: 60768K->1376K(61440K)] 443361K->383969K(572928K), 0.0020970 secs] [Times: user=0.01 sys=0.00, real=0.00 secs] 
2201.426: [GC (Allocation Failure) [PSYoungGen: 60740K->1520K(61440K)] 443333K->384113K(572928K), 0.0015946 secs] [Times: user=0.01 sys=0.00, real=0.00 secs] 
2201.772: [GC (Allocation Failure) [PSYoungGen: 60912K->1501K(61440K)] 443505K->384094K(572928K), 0.0016023 secs] [Times: user=0.01 sys=0.00, real=0.00 secs] 
2202.181: [GC (Allocation Failure) [PSYoungGen: 60893K->1501K(61440K)] 443486K->384110K(572928K), 0.0017001 secs] [Times: user=0.01 sys=0.00, real=0.01 secs] 
2202.529: [GC (Allocation Failure) [PSYoungGen: 60893K->1517K(61440K)] 443502K->384126K(572928K), 0.0016616 secs] [Times: user=0.01 sys=0.00, real=0.00 secs] 
2202.928: [GC (Allocation Failure) [PSYoungGen: 60909K->2016K(61440K)] 443518K->384625K(572928K), 0.0018306 secs] [Times: user=0.01 sys=0.00, real=0.00 secs] 
2203.456: [GC (Allocation Failure) [PSYoungGen: 61408K->1376K(61440K)] 444017K->383985K(572928K), 0.0028395 secs] [Times: user=0.01 sys=0.00, real=0.00 secs] 
2203.907: [GC (Allocation Failure) [PSYoungGen: 60768K->1344K(61440K)] 443377K->383953K(572928K), 0.0028251 secs] [Times: user=0.01 sys=0.00, real=0.00 secs] 
2204.375: [GC (Allocation Failure) [PSYoungGen: 60736K->1408K(61440K)] 443345K->384017K(572928K), 0.0026259 secs] [Times: user=0.01 sys=0.00, real=0.00 secs] 
2204.897: [GC (Allocation Failure) [PSYoungGen: 60800K->1408K(61440K)] 443409K->384017K(572928K), 0.0021483 secs] [Times: user=0.01 sys=0.00, real=0.00 secs] 
2205.371: [GC (Allocation Failure) [PSYoungGen: 60800K->1485K(61440K)] 443409K->384118K(572928K), 0.0017245 secs] [Times: user=0.01 sys=0.00, real=0.01 secs] 
2205.716: [GC (Allocation Failure) [PSYoungGen: 60877K->1517K(61440K)] 443510K->384150K(572928K), 0.0015459 secs] [Times: user=0.01 sys=0.00, real=0.00 secs] 
2206.061: [GC (Allocation Failure) [PSYoungGen: 60909K->1517K(61440K)] 443542K->384158K(572928K), 0.0015363 secs] [Times: user=0.01 sys=0.00, real=0.01 secs] 
2206.447: [GC (Allocation Failure) [PSYoungGen: 60909K->1501K(61440K)] 443550K->384142K(572928K), 0.0016648 secs] [Times: user=0.00 sys=0.00, real=0.00 secs] 
2206.784: [GC (Allocation Failure) [PSYoungGen: 60893K->1424K(61440K)] 443534K->384065K(572928K), 0.0020169 secs] [Times: user=0.01 sys=0.00, real=0.00 secs] 
2207.031: [GC (Allocation Failure) [PSYoungGen: 60816K->1344K(61440K)] 443457K->383985K(572928K), 0.0018451 secs] [Times: user=0.01 sys=0.00, real=0.01 secs] 
2207.278: [GC (Allocation Failure) [PSYoungGen: 60736K->1376K(61440K)] 443377K->384017K(572928K), 0.0019132 secs] [Times: user=0.00 sys=0.00, real=0.00 secs] 
2207.689: [GC (Allocation Failure) [PSYoungGen: 60768K->1376K(61440K)] 443409K->384017K(572928K), 0.0018135 secs] [Times: user=0.01 sys=0.00, real=0.00 secs] 
2208.158: [GC (Allocation Failure) [PSYoungGen: 60768K->1312K(61440K)] 443409K->383953K(572928K), 0.0017764 secs] [Times: user=0.00 sys=0.00, real=0.00 secs] 
2208.589: [GC (Allocation Failure) [PSYoungGen: 60704K->1488K(61440K)] 443345K->384129K(572928K), 0.0016477 secs] [Times: user=0.00 sys=0.00, real=0.00 secs] 
2208.935: [GC (Allocation Failure) [PSYoungGen: 60876K->1533K(61440K)] 443517K->384182K(572928K), 0.0016176 secs] [Times: user=0.01 sys=0.00, real=0.00 secs] 
2209.291: [GC (Allocation Failure) [PSYoungGen: 60925K->1549K(61440K)] 443574K->384198K(572928K), 0.0016109 secs] [Times: user=0.01 sys=0.00, real=0.01 secs] 
2209.636: [GC (Allocation Failure) [PSYoungGen: 60941K->1504K(61440K)] 443590K->384153K(572928K), 0.0016022 secs] [Times: user=0.01 sys=0.00, real=0.00 secs] 
2209.940: [GC (Allocation Failure) [PSYoungGen: 60896K->1440K(61440K)] 443545K->384089K(572928K), 0.0017593 secs] [Times: user=0.01 sys=0.00, real=0.00 secs] 
2210.186: [GC (Allocation Failure) [PSYoungGen: 60832K->1376K(61440K)] 443481K->384025K(572928K), 0.0015142 secs] [Times: user=0.00 sys=0.00, real=0.00 secs] 
2210.433: [GC (Allocation Failure) [PSYoungGen: 60768K->1392K(61440K)] 443417K->384041K(572928K), 0.0015072 secs] [Times: user=0.00 sys=0.00, real=0.00 secs] 
2210.679: [GC (Allocation Failure) [PSYoungGen: 60784K->1376K(61440K)] 443433K->384025K(572928K), 0.0014591 secs] [Times: user=0.01 sys=0.00, real=0.00 secs] 
2210.982: [GC (Allocation Failure) [PSYoungGen: 60768K->1408K(61440K)] 443417K->384057K(572928K), 0.0017317 secs] [Times: user=0.01 sys=0.00, real=0.00 secs] 
2211.318: [GC (Allocation Failure) [PSYoungGen: 60800K->1472K(61440K)] 443449K->384121K(572928K), 0.0016742 secs] [Times: user=0.01 sys=0.00, real=0.00 secs] 
2211.665: [GC (Allocation Failure) [PSYoungGen: 60864K->1501K(61440K)] 443513K->384166K(572928K), 0.0016317 secs] [Times: user=0.01 sys=0.00, real=0.00 secs] 
2212.010: [GC (Allocation Failure) [PSYoungGen: 60893K->1552K(61440K)] 443558K->384217K(572928K), 0.0016994 secs] [Times: user=0.00 sys=0.00, real=0.00 secs] 
2212.357: [GC (Allocation Failure) [PSYoungGen: 60944K->1533K(61440K)] 443609K->384198K(572928K), 0.0016083 secs] [Times: user=0.00 sys=0.00, real=0.00 secs] 
2212.638: [GC (Allocation Failure) [PSYoungGen: 60925K->1456K(61440K)] 443590K->384121K(572928K), 0.0017282 secs] [Times: user=0.01 sys=0.00, real=0.00 secs] 
2212.915: [GC (Allocation Failure) [PSYoungGen: 60848K->1376K(61440K)] 443513K->384041K(572928K), 0.0017148 secs] [Times: user=0.01 sys=0.00, real=0.00 secs] 
2213.161: [GC (Allocation Failure) [PSYoungGen: 60768K->1376K(61440K)] 443433K->384041K(572928K), 0.0019569 secs] [Times: user=0.01 sys=0.00, real=0.01 secs] 
2213.471: [GC (Allocation Failure) [PSYoungGen: 60768K->1344K(61440K)] 443433K->384009K(572928K), 0.0023225 secs] [Times: user=0.01 sys=0.00, real=0.01 secs] 
2213.725: [GC (Allocation Failure) [PSYoungGen: 60736K->1328K(61440K)] 443401K->384009K(572928K), 0.0022104 secs] [Times: user=0.01 sys=0.00, real=0.00 secs] 
2214.083: [GC (Allocation Failure) [PSYoungGen: 60720K->1421K(61440K)] 443401K->384102K(572928K), 0.0015672 secs] [Times: user=0.01 sys=0.00, real=0.00 secs] 
2214.430: [GC (Allocation Failure) [PSYoungGen: 60813K->1485K(61440K)] 443494K->384182K(572928K), 0.0016014 secs] [Times: user=0.01 sys=0.00, real=0.00 secs] 
2214.775: [GC (Allocation Failure) [PSYoungGen: 60877K->1469K(61440K)] 443574K->384166K(572928K), 0.0015560 secs] [Times: user=0.01 sys=0.00, real=0.00 secs] 
2215.183: [GC (Allocation Failure) [PSYoungGen: 60861K->1485K(61440K)] 443558K->384182K(572928K), 0.0016554 secs] [Times: user=0.01 sys=0.00, real=0.00 secs] 
2215.493: [GC (Allocation Failure) [PSYoungGen: 60877K->1408K(61440K)] 443574K->384105K(572928K), 0.0020777 secs] [Times: user=0.00 sys=0.00, real=0.00 secs] 
2215.751: [GC (Allocation Failure) [PSYoungGen: 60800K->1312K(61440K)] 443497K->384009K(572928K), 0.0020160 secs] [Times: user=0.01 sys=0.00, real=0.01 secs] 
2216.050: [GC (Allocation Failure) [PSYoungGen: 60704K->1376K(61440K)] 443401K->384081K(572928K), 0.0020805 secs] [Times: user=0.01 sys=0.00, real=0.01 secs] 
2216.349: [GC (Allocation Failure) [PSYoungGen: 60768K->1376K(61440K)] 443473K->384081K(572928K), 0.0019532 secs] [Times: user=0.00 sys=0.00, real=0.00 secs] 
2216.641: [GC (Allocation Failure) [PSYoungGen: 60768K->1437K(61440K)] 443473K->384142K(572928K), 0.0018359 secs] [Times: user=0.01 sys=0.00, real=0.01 secs] 
2216.996: [GC (Allocation Failure) [PSYoungGen: 60829K->1453K(61440K)] 443534K->384158K(572928K), 0.0016794 secs] [Times: user=0.01 sys=0.00, real=0.00 secs] 
2217.345: [GC (Allocation Failure) [PSYoungGen: 60845K->1533K(61440K)] 443550K->384254K(572928K), 0.0016122 secs] [Times: user=0.01 sys=0.00, real=0.00 secs] 
2217.691: [GC (Allocation Failure) [PSYoungGen: 60925K->1453K(61440K)] 443646K->384174K(572928K), 0.0016228 secs] [Times: user=0.01 sys=0.00, real=0.01 secs] 
2218.036: [GC (Allocation Failure) [PSYoungGen: 60845K->1517K(61440K)] 443566K->384238K(572928K), 0.0016480 secs] [Times: user=0.01 sys=0.00, real=0.00 secs] 
2218.312: [GC (Allocation Failure) [PSYoungGen: 60909K->1392K(61440K)] 443630K->384113K(572928K), 0.0018619 secs] [Times: user=0.00 sys=0.00, real=0.00 secs] 
2218.559: [GC (Allocation Failure) [PSYoungGen: 60784K->1408K(61440K)] 443505K->384129K(572928K), 0.0019158 secs] [Times: user=0.01 sys=0.00, real=0.00 secs] 
2218.806: [GC (Allocation Failure) [PSYoungGen: 60800K->1344K(61440K)] 443521K->384065K(572928K), 0.0018981 secs] [Times: user=0.01 sys=0.00, real=0.00 secs] 
2219.053: [GC (Allocation Failure) [PSYoungGen: 60736K->1344K(61440K)] 443457K->384065K(572928K), 0.0016949 secs] [Times: user=0.00 sys=0.00, real=0.00 secs] 
2219.359: [GC (Allocation Failure) [PSYoungGen: 60706K->1485K(61440K)] 443427K->384206K(572928K), 0.0019473 secs] [Times: user=0.01 sys=0.00, real=0.00 secs] 
2219.805: [GC (Allocation Failure) [PSYoungGen: 60877K->1520K(61440K)] 443598K->384241K(572928K), 0.0017018 secs] [Times: user=0.01 sys=0.00, real=0.00 secs] 
2220.151: [GC (Allocation Failure) [PSYoungGen: 60912K->1533K(61440K)] 443633K->384270K(572928K), 0.0016164 secs] [Times: user=0.01 sys=0.00, real=0.01 secs] 
2220.556: [GC (Allocation Failure) [PSYoungGen: 60925K->1581K(61440K)] 443662K->384318K(572928K), 0.0016722 secs] [Times: user=0.01 sys=0.00, real=0.00 secs] 
2221.058: [GC (Allocation Failure) [PSYoungGen: 60973K->2000K(61440K)] 443710K->384737K(572928K), 0.0020130 secs] [Times: user=0.01 sys=0.00, real=0.00 secs] 
2221.685: [GC (Allocation Failure) [PSYoungGen: 61392K->1376K(61440K)] 444129K->384113K(572928K), 0.0031154 secs] [Times: user=0.01 sys=0.00, real=0.00 secs] 
2222.273: [GC (Allocation Failure) [PSYoungGen: 60768K->1376K(61440K)] 443505K->384113K(572928K), 0.0028565 secs] [Times: user=0.02 sys=0.00, real=0.00 secs] 
2222.969: [GC (Allocation Failure) [PSYoungGen: 60768K->1344K(61440K)] 443505K->384081K(572928K), 0.0030240 secs] [Times: user=0.01 sys=0.00, real=0.01 secs] 
2223.471: [GC (Allocation Failure) [PSYoungGen: 60736K->1392K(61440K)] 443473K->384129K(572928K), 0.0039450 secs] [Times: user=0.01 sys=0.00, real=0.01 secs] 
2223.996: [GC (Allocation Failure) [PSYoungGen: 60783K->1453K(61440K)] 443520K->384190K(572928K), 0.0016520 secs] [Times: user=0.01 sys=0.00, real=0.00 secs] 
2224.341: [GC (Allocation Failure) [PSYoungGen: 60845K->1501K(61440K)] 443582K->384238K(572928K), 0.0016280 secs] [Times: user=0.00 sys=0.00, real=0.01 secs] 
2224.686: [GC (Allocation Failure) [PSYoungGen: 60893K->1517K(61440K)] 443630K->384270K(572928K), 0.0016639 secs] [Times: user=0.01 sys=0.00, real=0.00 secs] 
2225.031: [GC (Allocation Failure) [PSYoungGen: 60909K->1517K(61440K)] 443662K->384270K(572928K), 0.0016518 secs] [Times: user=0.00 sys=0.00, real=0.01 secs] 
2225.496: [GC (Allocation Failure) [PSYoungGen: 60909K->1488K(61440K)] 443662K->384241K(572928K), 0.0020454 secs] [Times: user=0.01 sys=0.00, real=0.00 secs] 
2226.034: [GC (Allocation Failure) [PSYoungGen: 60880K->1312K(61440K)] 443633K->384089K(572928K), 0.0019242 secs] [Times: user=0.01 sys=0.00, real=0.00 secs] 
2226.528: [GC (Allocation Failure) [PSYoungGen: 60704K->1376K(61440K)] 443481K->384153K(572928K), 0.0026351 secs] [Times: user=0.01 sys=0.00, real=0.00 secs] 
2226.964: [GC (Allocation Failure) [PSYoungGen: 60768K->1344K(61440K)] 443545K->384121K(572928K), 0.0023602 secs] [Times: user=0.01 sys=0.00, real=0.00 secs] 
2227.487: [GC (Allocation Failure) [PSYoungGen: 60736K->1408K(61440K)] 443513K->384185K(572928K), 0.0031120 secs] [Times: user=0.01 sys=0.00, real=0.00 secs] 
2228.020: [GC (Allocation Failure) [PSYoungGen: 60800K->1456K(61440K)] 443577K->384233K(572928K), 0.0016447 secs] [Times: user=0.01 sys=0.00, real=0.00 secs] 
2228.367: [GC (Allocation Failure) [PSYoungGen: 60836K->1533K(61440K)] 443613K->384318K(572928K), 0.0016368 secs] [Times: user=0.01 sys=0.00, real=0.00 secs] 
2228.718: [GC (Allocation Failure) [PSYoungGen: 60925K->1533K(61440K)] 443710K->384318K(572928K), 0.0016234 secs] [Times: user=0.01 sys=0.00, real=0.00 secs] 
2229.063: [GC (Allocation Failure) [PSYoungGen: 60925K->1533K(61440K)] 443710K->384318K(572928K), 0.0016130 secs] [Times: user=0.00 sys=0.00, real=0.00 secs] 
2229.546: [GC (Allocation Failure) [PSYoungGen: 60925K->1424K(61440K)] 443710K->384209K(572928K), 0.0020153 secs] [Times: user=0.01 sys=0.00, real=0.00 secs] 
2229.797: [GC (Allocation Failure) [PSYoungGen: 60816K->1376K(61440K)] 443601K->384161K(572928K), 0.0020064 secs] [Times: user=0.01 sys=0.00, real=0.00 secs] 
2230.182: [GC (Allocation Failure) [PSYoungGen: 60768K->1344K(61440K)] 443553K->384129K(572928K), 0.0020526 secs] [Times: user=0.01 sys=0.00, real=0.01 secs] 
2230.703: [GC (Allocation Failure) [PSYoungGen: 60736K->1376K(61440K)] 443521K->384161K(572928K), 0.0026643 secs] [Times: user=0.02 sys=0.00, real=0.00 secs] 
2231.307: [GC (Allocation Failure) [PSYoungGen: 60768K->1344K(61440K)] 443553K->384129K(572928K), 0.0027906 secs] [Times: user=0.02 sys=0.00, real=0.00 secs] 
2231.962: [GC (Allocation Failure) [PSYoungGen: 60736K->1485K(61440K)] 443521K->384270K(572928K), 0.0015281 secs] [Times: user=0.01 sys=0.00, real=0.00 secs] 
2232.368: [GC (Allocation Failure) [PSYoungGen: 60877K->1549K(61440K)] 443662K->384350K(572928K), 0.0016331 secs] [Times: user=0.00 sys=0.00, real=0.00 secs] 
2232.714: [GC (Allocation Failure) [PSYoungGen: 60941K->1549K(61440K)] 443742K->384350K(572928K), 0.0016633 secs] [Times: user=0.00 sys=0.00, real=0.00 secs] 
2233.058: [GC (Allocation Failure) [PSYoungGen: 60941K->1549K(61440K)] 443742K->384350K(572928K), 0.0016956 secs] [Times: user=0.01 sys=0.00, real=0.00 secs] 
2233.396: [GC (Allocation Failure) [PSYoungGen: 60941K->1456K(61440K)] 443742K->384257K(572928K), 0.0025008 secs] [Times: user=0.01 sys=0.00, real=0.00 secs] 
2233.644: [GC (Allocation Failure) [PSYoungGen: 60848K->1344K(61440K)] 443649K->384145K(572928K), 0.0021163 secs] [Times: user=0.01 sys=0.00, real=0.00 secs] 
2233.891: [GC (Allocation Failure) [PSYoungGen: 60736K->1376K(61440K)] 443537K->384177K(572928K), 0.0019973 secs] [Times: user=0.01 sys=0.00, real=0.01 secs] 
2234.138: [GC (Allocation Failure) [PSYoungGen: 60768K->1328K(61440K)] 443569K->384129K(572928K), 0.0019600 secs] [Times: user=0.01 sys=0.00, real=0.00 secs] 
2234.384: [GC (Allocation Failure) [PSYoungGen: 60720K->1408K(61440K)] 443521K->384209K(572928K), 0.0022971 secs] [Times: user=0.01 sys=0.00, real=0.00 secs] 
2234.798: [GC (Allocation Failure) [PSYoungGen: 60779K->1488K(61440K)] 443581K->384305K(572928K), 0.0015934 secs] [Times: user=0.01 sys=0.00, real=0.00 secs] 
2235.145: [GC (Allocation Failure) [PSYoungGen: 60880K->1501K(61440K)] 443697K->384326K(572928K), 0.0016087 secs] [Times: user=0.01 sys=0.00, real=0.00 secs] 
2235.491: [GC (Allocation Failure) [PSYoungGen: 60893K->1501K(61440K)] 443718K->384326K(572928K), 0.0016253 secs] [Times: user=0.01 sys=0.00, real=0.01 secs] 
2235.835: [GC (Allocation Failure) [PSYoungGen: 60893K->1453K(61440K)] 443718K->384278K(572928K), 0.0015767 secs] [Times: user=0.01 sys=0.00, real=0.00 secs] 
2236.158: [GC (Allocation Failure) [PSYoungGen: 60845K->1424K(61440K)] 443670K->384249K(572928K), 0.0017299 secs] [Times: user=0.00 sys=0.00, real=0.00 secs] 
2236.404: [GC (Allocation Failure) [PSYoungGen: 60816K->1376K(61440K)] 443641K->384201K(572928K), 0.0017357 secs] [Times: user=0.01 sys=0.00, real=0.00 secs] 
2236.651: [GC (Allocation Failure) [PSYoungGen: 60768K->1376K(61440K)] 443593K->384201K(572928K), 0.0016669 secs] [Times: user=0.01 sys=0.00, real=0.01 secs] 
2236.897: [GC (Allocation Failure) [PSYoungGen: 60768K->1344K(61440K)] 443593K->384169K(572928K), 0.0016200 secs] [Times: user=0.01 sys=0.00, real=0.00 secs] 
2237.143: [GC (Allocation Failure) [PSYoungGen: 60736K->1360K(61440K)] 443561K->384185K(572928K), 0.0016782 secs] [Times: user=0.01 sys=0.00, real=0.00 secs] 
2237.551: [GC (Allocation Failure) [PSYoungGen: 60752K->1517K(61440K)] 443577K->384342K(572928K), 0.0016136 secs] [Times: user=0.00 sys=0.01, real=0.01 secs] 
2237.896: [GC (Allocation Failure) [PSYoungGen: 60909K->1517K(61440K)] 443734K->384350K(572928K), 0.0015958 secs] [Times: user=0.01 sys=0.00, real=0.00 secs] 
2238.240: [GC (Allocation Failure) [PSYoungGen: 60909K->1517K(61440K)] 443742K->384350K(572928K), 0.0016054 secs] [Times: user=0.00 sys=0.00, real=0.00 secs] 
2238.588: [GC (Allocation Failure) [PSYoungGen: 60909K->1517K(61440K)] 443742K->384350K(572928K), 0.0015978 secs] [Times: user=0.00 sys=0.00, real=0.00 secs] 
2239.342: [GC (Allocation Failure) [PSYoungGen: 60909K->1408K(61440K)] 443742K->384241K(572928K), 0.0033359 secs] [Times: user=0.01 sys=0.00, real=0.01 secs] 
2239.868: [GC (Allocation Failure) [PSYoungGen: 60800K->1376K(61440K)] 443633K->384209K(572928K), 0.0031316 secs] [Times: user=0.01 sys=0.00, real=0.00 secs] 
2240.347: [GC (Allocation Failure) [PSYoungGen: 60768K->1344K(61440K)] 443601K->384177K(572928K), 0.0024265 secs] [Times: user=0.01 sys=0.00, real=0.00 secs] 
2240.833: [GC (Allocation Failure) [PSYoungGen: 60736K->1312K(61440K)] 443569K->384145K(572928K), 0.0021609 secs] [Times: user=0.01 sys=0.00, real=0.00 secs] 
2241.137: [GC (Allocation Failure) [PSYoungGen: 60704K->1437K(61440K)] 443537K->384270K(572928K), 0.0015891 secs] [Times: user=0.00 sys=0.00, real=0.00 secs] 
2241.482: [GC (Allocation Failure) [PSYoungGen: 60829K->1581K(61440K)] 443662K->384414K(572928K), 0.0016626 secs] [Times: user=0.01 sys=0.00, real=0.00 secs] 
2241.828: [GC (Allocation Failure) [PSYoungGen: 60973K->1549K(61440K)] 443806K->384398K(572928K), 0.0016152 secs] [Times: user=0.00 sys=0.01, real=0.00 secs] 
2242.174: [GC (Allocation Failure) [PSYoungGen: 60941K->1517K(61440K)] 443790K->384366K(572928K), 0.0016355 secs] [Times: user=0.00 sys=0.00, real=0.00 secs] 
2242.934: [GC (Allocation Failure) [PSYoungGen: 60909K->1536K(61440K)] 443758K->384385K(572928K), 0.0021531 secs] [Times: user=0.01 sys=0.00, real=0.00 secs] 
2243.263: [GC (Allocation Failure) [PSYoungGen: 60928K->1376K(61440K)] 443777K->384225K(572928K), 0.0020475 secs] [Times: user=0.01 sys=0.00, real=0.00 secs] 
2243.516: [GC (Allocation Failure) [PSYoungGen: 60768K->1408K(61440K)] 443617K->384257K(572928K), 0.0027480 secs] [Times: user=0.01 sys=0.00, real=0.00 secs] 
2243.758: [GC (Allocation Failure) [PSYoungGen: 60800K->1312K(61440K)] 443649K->384161K(572928K), 0.0019911 secs] [Times: user=0.01 sys=0.00, real=0.00 secs] 
2244.005: [GC (Allocation Failure) [PSYoungGen: 60704K->1376K(61440K)] 443553K->384225K(572928K), 0.0019315 secs] [Times: user=0.01 sys=0.00, real=0.00 secs] 
2244.311: [GC (Allocation Failure) [PSYoungGen: 60768K->1421K(61440K)] 443617K->384270K(572928K), 0.0014863 secs] [Times: user=0.01 sys=0.00, real=0.01 secs] 
2244.721: [GC (Allocation Failure) [PSYoungGen: 60813K->1581K(61440K)] 443662K->384430K(572928K), 0.0018492 secs] [Times: user=0.01 sys=0.00, real=0.01 secs] 
2245.067: [GC (Allocation Failure) [PSYoungGen: 60973K->1517K(61440K)] 443822K->384390K(572928K), 0.0016306 secs] [Times: user=0.01 sys=0.00, real=0.00 secs] 
2245.470: [GC (Allocation Failure) [PSYoungGen: 60909K->1453K(61440K)] 443782K->384326K(572928K), 0.0016205 secs] [Times: user=0.01 sys=0.00, real=0.01 secs] 
2245.895: [GC (Allocation Failure) [PSYoungGen: 60845K->1440K(61440K)] 443718K->384313K(572928K), 0.0021107 secs] [Times: user=0.00 sys=0.00, real=0.00 secs] 
2246.260: [GC (Allocation Failure) [PSYoungGen: 60832K->1344K(61440K)] 443705K->384217K(572928K), 0.0021552 secs] [Times: user=0.01 sys=0.00, real=0.01 secs] 
2246.562: [GC (Allocation Failure) [PSYoungGen: 60736K->1376K(61440K)] 443609K->384249K(572928K), 0.0018549 secs] [Times: user=0.01 sys=0.00, real=0.01 secs] 
2246.820: [GC (Allocation Failure) [PSYoungGen: 60768K->1376K(61440K)] 443641K->384249K(572928K), 0.0017767 secs] [Times: user=0.01 sys=0.00, real=0.00 secs] 
2247.101: [GC (Allocation Failure) [PSYoungGen: 60768K->1376K(61440K)] 443641K->384249K(572928K), 0.0017796 secs] [Times: user=0.01 sys=0.00, real=0.01 secs] 
2247.494: [GC (Allocation Failure) [PSYoungGen: 60768K->1437K(61440K)] 443641K->384310K(572928K), 0.0015209 secs] [Times: user=0.01 sys=0.00, real=0.00 secs] 
2247.840: [GC (Allocation Failure) [PSYoungGen: 60823K->1533K(61440K)] 443696K->384414K(572928K), 0.0016001 secs] [Times: user=0.00 sys=0.00, real=0.00 secs] 
2248.191: [GC (Allocation Failure) [PSYoungGen: 60925K->1456K(61440K)] 443806K->384337K(572928K), 0.0016420 secs] [Times: user=0.01 sys=0.00, real=0.01 secs] 
2248.538: [GC (Allocation Failure) [PSYoungGen: 60848K->1517K(61440K)] 443729K->384398K(572928K), 0.0015832 secs] [Times: user=0.00 sys=0.00, real=0.00 secs] 
2249.025: [GC (Allocation Failure) [PSYoungGen: 60909K->1504K(61440K)] 443790K->384385K(572928K), 0.0017807 secs] [Times: user=0.01 sys=0.00, real=0.00 secs] 
2249.348: [GC (Allocation Failure) [PSYoungGen: 60896K->1344K(61440K)] 443777K->384225K(572928K), 0.0017941 secs] [Times: user=0.01 sys=0.00, real=0.00 secs] 
2249.659: [GC (Allocation Failure) [PSYoungGen: 60736K->1344K(61440K)] 443617K->384225K(572928K), 0.0023870 secs] [Times: user=0.01 sys=0.00, real=0.00 secs] 
2249.905: [GC (Allocation Failure) [PSYoungGen: 60736K->1376K(61440K)] 443617K->384257K(572928K), 0.0027923 secs] [Times: user=0.01 sys=0.00, real=0.00 secs] 
2250.150: [GC (Allocation Failure) [PSYoungGen: 60768K->1376K(61440K)] 443649K->384257K(572928K), 0.0020916 secs] [Times: user=0.01 sys=0.00, real=0.01 secs] 
2250.499: [GC (Allocation Failure) [PSYoungGen: 60768K->1488K(61440K)] 443649K->384369K(572928K), 0.0015557 secs] [Times: user=0.00 sys=0.00, real=0.00 secs] 
2250.849: [GC (Allocation Failure) [PSYoungGen: 60848K->1517K(61440K)] 443729K->384406K(572928K), 0.0016189 secs] [Times: user=0.00 sys=0.01, real=0.00 secs] 
2251.194: [GC (Allocation Failure) [PSYoungGen: 60909K->1517K(61440K)] 443798K->384406K(572928K), 0.0015954 secs] [Times: user=0.00 sys=0.00, real=0.00 secs] 
2251.538: [GC (Allocation Failure) [PSYoungGen: 60909K->1549K(61440K)] 443798K->384438K(572928K), 0.0016046 secs] [Times: user=0.01 sys=0.00, real=0.00 secs] 
2252.657: [GC (Allocation Failure) [PSYoungGen: 60941K->1440K(61440K)] 443830K->384329K(572928K), 0.0043289 secs] [Times: user=0.01 sys=0.00, real=0.00 secs] 
2253.721: [GC (Allocation Failure) [PSYoungGen: 60832K->1376K(61440K)] 443721K->384265K(572928K), 0.0043143 secs] [Times: user=0.02 sys=0.00, real=0.01 secs] 
2254.310: [GC (Allocation Failure) [PSYoungGen: 60768K->1376K(61440K)] 443657K->384265K(572928K), 0.0026199 secs] [Times: user=0.01 sys=0.00, real=0.01 secs] 
2254.803: [GC (Allocation Failure) [PSYoungGen: 60768K->1376K(61440K)] 443657K->384265K(572928K), 0.0022396 secs] [Times: user=0.01 sys=0.00, real=0.00 secs] 
2255.380: [GC (Allocation Failure) [PSYoungGen: 60768K->1376K(61440K)] 443657K->384265K(572928K), 0.0023117 secs] [Times: user=0.01 sys=0.00, real=0.01 secs] 
2256.031: [GC (Allocation Failure) [PSYoungGen: 60768K->1488K(61440K)] 443657K->384377K(572928K), 0.0016689 secs] [Times: user=0.01 sys=0.00, real=0.01 secs] 
2256.376: [GC (Allocation Failure) [PSYoungGen: 60880K->1485K(61440K)] 443769K->384406K(572928K), 0.0016619 secs] [Times: user=0.00 sys=0.00, real=0.00 secs] 
2256.720: [GC (Allocation Failure) [PSYoungGen: 60877K->1485K(61440K)] 443798K->384406K(572928K), 0.0016386 secs] [Times: user=0.01 sys=0.00, real=0.00 secs] 
2257.065: [GC (Allocation Failure) [PSYoungGen: 60877K->1549K(61440K)] 443798K->384470K(572928K), 0.0016551 secs] [Times: user=0.01 sys=0.00, real=0.00 secs] 
2257.355: [GC (Allocation Failure) [PSYoungGen: 60941K->1392K(61440K)] 443862K->384313K(572928K), 0.0024600 secs] [Times: user=0.01 sys=0.01, real=0.00 secs] 
2257.603: [GC (Allocation Failure) [PSYoungGen: 60784K->1376K(61440K)] 443705K->384297K(572928K), 0.0020037 secs] [Times: user=0.00 sys=0.00, real=0.00 secs] 
2257.850: [GC (Allocation Failure) [PSYoungGen: 60768K->1344K(61440K)] 443689K->384265K(572928K), 0.0019528 secs] [Times: user=0.01 sys=0.00, real=0.01 secs] 
2258.097: [GC (Allocation Failure) [PSYoungGen: 60736K->1376K(61440K)] 443657K->384297K(572928K), 0.0020041 secs] [Times: user=0.01 sys=0.00, real=0.00 secs] 
2258.343: [GC (Allocation Failure) [PSYoungGen: 60768K->1376K(61440K)] 443689K->384297K(572928K), 0.0019473 secs] [Times: user=0.01 sys=0.00, real=0.00 secs] 
2258.704: [GC (Allocation Failure) [PSYoungGen: 60746K->1453K(61440K)] 443667K->384374K(572928K), 0.0015525 secs] [Times: user=0.01 sys=0.00, real=0.00 secs] 
2259.115: [GC (Allocation Failure) [PSYoungGen: 60845K->1549K(61440K)] 443766K->384486K(572928K), 0.0016334 secs] [Times: user=0.01 sys=0.00, real=0.00 secs] 
2259.459: [GC (Allocation Failure) [PSYoungGen: 60923K->1453K(61440K)] 443860K->384390K(572928K), 0.0016755 secs] [Times: user=0.01 sys=0.00, real=0.00 secs] 
2259.806: [GC (Allocation Failure) [PSYoungGen: 60845K->1501K(61440K)] 443782K->384438K(572928K), 0.0016236 secs] [Times: user=0.00 sys=0.00, real=0.00 secs] 
2260.407: [GC (Allocation Failure) [PSYoungGen: 60893K->1440K(61440K)] 443830K->384377K(572928K), 0.0019103 secs] [Times: user=0.01 sys=0.00, real=0.00 secs] 
2260.941: [GC (Allocation Failure) [PSYoungGen: 60832K->1376K(61440K)] 443769K->384313K(572928K), 0.0032587 secs] [Times: user=0.01 sys=0.00, real=0.01 secs] 
2261.201: [GC (Allocation Failure) [PSYoungGen: 60768K->1376K(61440K)] 443705K->384313K(572928K), 0.0019365 secs] [Times: user=0.01 sys=0.00, real=0.01 secs] 
2261.447: [GC (Allocation Failure) [PSYoungGen: 60768K->1376K(61440K)] 443705K->384313K(572928K), 0.0020111 secs] [Times: user=0.01 sys=0.00, real=0.00 secs] 
2261.764: [GC (Allocation Failure) [PSYoungGen: 60768K->1405K(61440K)] 443705K->384342K(572928K), 0.0016057 secs] [Times: user=0.01 sys=0.00, real=0.00 secs] 
2262.110: [GC (Allocation Failure) [PSYoungGen: 60791K->1549K(61440K)] 443728K->384486K(572928K), 0.0016336 secs] [Times: user=0.00 sys=0.00, real=0.01 secs] 
2262.455: [GC (Allocation Failure) [PSYoungGen: 60941K->1549K(61440K)] 443878K->384502K(572928K), 0.0016116 secs] [Times: user=0.00 sys=0.00, real=0.00 secs] 
2262.801: [GC (Allocation Failure) [PSYoungGen: 60941K->1488K(61440K)] 443894K->384441K(572928K), 0.0016377 secs] [Times: user=0.00 sys=0.00, real=0.01 secs] 
2263.151: [GC (Allocation Failure) [PSYoungGen: 60880K->384K(61440K)] 443833K->383337K(572928K), 0.0015659 secs] [Times: user=0.01 sys=0.00, real=0.01 secs] 
2263.804: [GC (Allocation Failure) [PSYoungGen: 59776K->1440K(61440K)] 442729K->384393K(572928K), 0.0020462 secs] [Times: user=0.01 sys=0.00, real=0.00 secs] 
2264.269: [GC (Allocation Failure) [PSYoungGen: 60832K->1328K(61440K)] 443785K->384281K(572928K), 0.0020378 secs] [Times: user=0.01 sys=0.00, real=0.00 secs] 
2264.627: [GC (Allocation Failure) [PSYoungGen: 60720K->1344K(61440K)] 443673K->384297K(572928K), 0.0020067 secs] [Times: user=0.01 sys=0.00, real=0.00 secs] 
2264.894: [GC (Allocation Failure) [PSYoungGen: 60736K->1344K(61440K)] 443689K->384321K(572928K), 0.0017725 secs] [Times: user=0.00 sys=0.00, real=0.00 secs] 
2265.264: [GC (Allocation Failure) [PSYoungGen: 60707K->1437K(61440K)] 443685K->384414K(572928K), 0.0018527 secs] [Times: user=0.00 sys=0.00, real=0.00 secs] 
2265.659: [GC (Allocation Failure) [PSYoungGen: 60829K->1549K(61440K)] 443806K->384526K(572928K), 0.0016545 secs] [Times: user=0.00 sys=0.00, real=0.00 secs] 
2266.004: [GC (Allocation Failure) [PSYoungGen: 60941K->1520K(61440K)] 443918K->384513K(572928K), 0.0017602 secs] [Times: user=0.00 sys=0.00, real=0.00 secs] 
2266.349: [GC (Allocation Failure) [PSYoungGen: 60912K->1488K(61440K)] 443905K->384481K(572928K), 0.0016701 secs] [Times: user=0.01 sys=0.00, real=0.00 secs] 
2266.749: [GC (Allocation Failure) [PSYoungGen: 60880K->2000K(61440K)] 443873K->384993K(572928K), 0.0019361 secs] [Times: user=0.01 sys=0.00, real=0.00 secs] 
2266.999: [GC (Allocation Failure) [PSYoungGen: 61392K->1344K(61440K)] 444385K->384337K(572928K), 0.0021640 secs] [Times: user=0.01 sys=0.00, real=0.00 secs] 
2267.244: [GC (Allocation Failure) [PSYoungGen: 60736K->1376K(61440K)] 443729K->384369K(572928K), 0.0020034 secs] [Times: user=0.01 sys=0.00, real=0.00 secs] 
2267.491: [GC (Allocation Failure) [PSYoungGen: 60768K->1376K(61440K)] 443761K->384369K(572928K), 0.0020084 secs] [Times: user=0.01 sys=0.00, real=0.01 secs] 
2267.738: [GC (Allocation Failure) [PSYoungGen: 60768K->1408K(61440K)] 443761K->384401K(572928K), 0.0019961 secs] [Times: user=0.01 sys=0.00, real=0.00 secs] 
2268.065: [GC (Allocation Failure) [PSYoungGen: 60776K->1421K(61440K)] 443769K->384414K(572928K), 0.0016326 secs] [Times: user=0.00 sys=0.00, real=0.00 secs] 
2268.411: [GC (Allocation Failure) [PSYoungGen: 60813K->1533K(61440K)] 443806K->384526K(572928K), 0.0016315 secs] [Times: user=0.01 sys=0.00, real=0.01 secs] 
2268.758: [GC (Allocation Failure) [PSYoungGen: 60925K->1549K(61440K)] 443918K->384558K(572928K), 0.0016334 secs] [Times: user=0.01 sys=0.00, real=0.00 secs] 
2269.108: [GC (Allocation Failure) [PSYoungGen: 60941K->1533K(61440K)] 443950K->384542K(572928K), 0.0016567 secs] [Times: user=0.01 sys=0.00, real=0.00 secs] 
2270.269: [GC (Allocation Failure) [PSYoungGen: 60925K->1440K(61440K)] 443934K->384449K(572928K), 0.0043525 secs] [Times: user=0.02 sys=0.00, real=0.01 secs] 
2270.806: [GC (Allocation Failure) [PSYoungGen: 60832K->1376K(61440K)] 443841K->384385K(572928K), 0.0024146 secs] [Times: user=0.01 sys=0.00, real=0.00 secs] 
2271.153: [GC (Allocation Failure) [PSYoungGen: 60768K->1328K(61440K)] 443777K->384337K(572928K), 0.0019620 secs] [Times: user=0.00 sys=0.00, real=0.00 secs] 
2271.399: [GC (Allocation Failure) [PSYoungGen: 60720K->1344K(61440K)] 443729K->384353K(572928K), 0.0019177 secs] [Times: user=0.01 sys=0.00, real=0.00 secs] 
2271.660: [GC (Allocation Failure) [PSYoungGen: 60736K->1376K(61440K)] 443745K->384385K(572928K), 0.0018592 secs] [Times: user=0.01 sys=0.00, real=0.01 secs] 
2272.002: [GC (Allocation Failure) [PSYoungGen: 60744K->1488K(61440K)] 443753K->384497K(572928K), 0.0015448 secs] [Times: user=0.01 sys=0.00, real=0.00 secs] 
2272.380: [GC (Allocation Failure) [PSYoungGen: 60880K->1517K(61440K)] 443889K->384534K(572928K), 0.0017173 secs] [Times: user=0.01 sys=0.00, real=0.00 secs] 
2272.724: [GC (Allocation Failure) [PSYoungGen: 60909K->1549K(61440K)] 443926K->384566K(572928K), 0.0016503 secs] [Times: user=0.01 sys=0.00, real=0.00 secs] 
2273.070: [GC (Allocation Failure) [PSYoungGen: 60941K->1533K(61440K)] 443958K->384550K(572928K), 0.0016830 secs] [Times: user=0.00 sys=0.00, real=0.01 secs] 
2273.711: [GC (Allocation Failure) [PSYoungGen: 60925K->1456K(61440K)] 443942K->384473K(572928K), 0.0035812 secs] [Times: user=0.02 sys=0.00, real=0.01 secs] 
2274.425: [GC (Allocation Failure) [PSYoungGen: 60848K->1344K(61440K)] 443865K->384361K(572928K), 0.0023587 secs] [Times: user=0.01 sys=0.00, real=0.00 secs] 
2274.918: [GC (Allocation Failure) [PSYoungGen: 60736K->1408K(61440K)] 443753K->384425K(572928K), 0.0021805 secs] [Times: user=0.01 sys=0.00, real=0.00 secs] 
2275.267: [GC (Allocation Failure) [PSYoungGen: 60800K->1376K(61440K)] 443817K->384393K(572928K), 0.0019558 secs] [Times: user=0.01 sys=0.00, real=0.00 secs] 
2275.543: [GC (Allocation Failure) [PSYoungGen: 60768K->1328K(61440K)] 443785K->384345K(572928K), 0.0020024 secs] [Times: user=0.01 sys=0.00, real=0.00 secs] 
2275.899: [GC (Allocation Failure) [PSYoungGen: 60720K->1453K(61440K)] 443737K->384486K(572928K), 0.0015678 secs] [Times: user=0.01 sys=0.00, real=0.00 secs] 
2276.245: [GC (Allocation Failure) [PSYoungGen: 60845K->1549K(61440K)] 443878K->384590K(572928K), 0.0015966 secs] [Times: user=0.01 sys=0.00, real=0.00 secs] 
2276.590: [GC (Allocation Failure) [PSYoungGen: 60941K->1517K(61440K)] 443982K->384558K(572928K), 0.0015982 secs] [Times: user=0.00 sys=0.00, real=0.01 secs] 
2276.937: [GC (Allocation Failure) [PSYoungGen: 60909K->1485K(61440K)] 443950K->384526K(572928K), 0.0016107 secs] [Times: user=0.00 sys=0.00, real=0.00 secs] 
2277.437: [GC (Allocation Failure) [PSYoungGen: 60877K->1392K(61440K)] 443918K->384433K(572928K), 0.0019373 secs] [Times: user=0.01 sys=0.00, real=0.00 secs] 
2278.162: [GC (Allocation Failure) [PSYoungGen: 60784K->1360K(61440K)] 443825K->384401K(572928K), 0.0041206 secs] [Times: user=0.02 sys=0.00, real=0.00 secs] 
2279.015: [GC (Allocation Failure) [PSYoungGen: 60752K->1376K(61440K)] 443793K->384417K(572928K), 0.0036426 secs] [Times: user=0.02 sys=0.00, real=0.00 secs] 
2279.641: [GC (Allocation Failure) [PSYoungGen: 60768K->1376K(61440K)] 443809K->384417K(572928K), 0.0030535 secs] [Times: user=0.02 sys=0.00, real=0.01 secs] 
2280.275: [GC (Allocation Failure) [PSYoungGen: 60768K->1376K(61440K)] 443809K->384417K(572928K), 0.0030129 secs] [Times: user=0.01 sys=0.00, real=0.00 secs] 
2280.824: [GC (Allocation Failure) [PSYoungGen: 60756K->1485K(61440K)] 443797K->384526K(572928K), 0.0016027 secs] [Times: user=0.01 sys=0.00, real=0.00 secs] 
2281.225: [GC (Allocation Failure) [PSYoungGen: 60877K->1613K(61440K)] 443918K->384662K(572928K), 0.0016928 secs] [Times: user=0.00 sys=0.00, real=0.00 secs] 
2281.570: [GC (Allocation Failure) [PSYoungGen: 61005K->1549K(61440K)] 444054K->384598K(572928K), 0.0016722 secs] [Times: user=0.01 sys=0.00, real=0.00 secs] 
2281.983: [GC (Allocation Failure) [PSYoungGen: 60941K->1645K(61440K)] 443990K->384694K(572928K), 0.0016966 secs] [Times: user=0.00 sys=0.00, real=0.00 secs] 
2282.530: [GC (Allocation Failure) [PSYoungGen: 61037K->1424K(61440K)] 444086K->384473K(572928K), 0.0027290 secs] [Times: user=0.01 sys=0.00, real=0.01 secs] 
2283.039: [GC (Allocation Failure) [PSYoungGen: 60816K->1312K(61440K)] 443865K->384361K(572928K), 0.0041497 secs] [Times: user=0.02 sys=0.00, real=0.01 secs] 
2283.304: [GC (Allocation Failure) [PSYoungGen: 60704K->1376K(61440K)] 443753K->384425K(572928K), 0.0022948 secs] [Times: user=0.01 sys=0.00, real=0.00 secs] 
2283.551: [GC (Allocation Failure) [PSYoungGen: 60768K->1344K(61440K)] 443817K->384393K(572928K), 0.0019216 secs] [Times: user=0.01 sys=0.00, real=0.01 secs] 
2284.004: [GC (Allocation Failure) [PSYoungGen: 60736K->1469K(61440K)] 443785K->384518K(572928K), 0.0023640 secs] [Times: user=0.01 sys=0.00, real=0.00 secs] 
2284.390: [GC (Allocation Failure) [PSYoungGen: 60861K->1565K(61440K)] 443910K->384614K(572928K), 0.0016208 secs] [Times: user=0.01 sys=0.00, real=0.00 secs] 
2284.735: [GC (Allocation Failure) [PSYoungGen: 60957K->1581K(61440K)] 444006K->384646K(572928K), 0.0016015 secs] [Times: user=0.01 sys=0.00, real=0.00 secs] 
2285.082: [GC (Allocation Failure) [PSYoungGen: 60973K->1533K(61440K)] 444038K->384598K(572928K), 0.0016981 secs] [Times: user=0.01 sys=0.00, real=0.00 secs] 
2285.486: [GC (Allocation Failure) [PSYoungGen: 60925K->1533K(61440K)] 443990K->384614K(572928K), 0.0016836 secs] [Times: user=0.01 sys=0.00, real=0.00 secs] 
2286.675: [GC (Allocation Failure) [PSYoungGen: 60925K->1408K(61440K)] 444006K->384489K(572928K), 0.0035507 secs] [Times: user=0.02 sys=0.00, real=0.00 secs] 
2287.666: [GC (Allocation Failure) [PSYoungGen: 60800K->1376K(61440K)] 443881K->384457K(572928K), 0.0042828 secs] [Times: user=0.02 sys=0.01, real=0.00 secs] 
2288.239: [GC (Allocation Failure) [PSYoungGen: 60768K->1376K(61440K)] 443849K->384457K(572928K), 0.0019366 secs] [Times: user=0.01 sys=0.00, real=0.00 secs] 
2288.632: [GC (Allocation Failure) [PSYoungGen: 60768K->1376K(61440K)] 443849K->384457K(572928K), 0.0020607 secs] [Times: user=0.01 sys=0.00, real=0.01 secs] 
2288.927: [GC (Allocation Failure) [PSYoungGen: 60742K->1488K(61440K)] 443823K->384569K(572928K), 0.0015787 secs] [Times: user=0.00 sys=0.00, real=0.00 secs] 
2289.275: [GC (Allocation Failure) [PSYoungGen: 60880K->1581K(61440K)] 443961K->384662K(572928K), 0.0016261 secs] [Times: user=0.01 sys=0.00, real=0.00 secs] 
2289.621: [GC (Allocation Failure) [PSYoungGen: 60973K->1549K(61440K)] 444054K->384638K(572928K), 0.0015806 secs] [Times: user=0.01 sys=0.00, real=0.01 secs] 
2289.969: [GC (Allocation Failure) [PSYoungGen: 60941K->1549K(61440K)] 444030K->384638K(572928K), 0.0015759 secs] [Times: user=0.01 sys=0.00, real=0.00 secs] 
2290.371: [GC (Allocation Failure) [PSYoungGen: 60941K->1728K(61440K)] 444030K->384817K(572928K), 0.0019070 secs] [Times: user=0.01 sys=0.00, real=0.01 secs] 
2290.851: [GC (Allocation Failure) [PSYoungGen: 61120K->1360K(61440K)] 444209K->384449K(572928K), 0.0020071 secs] [Times: user=0.00 sys=0.00, real=0.01 secs] 
2291.098: [GC (Allocation Failure) [PSYoungGen: 60752K->1376K(61440K)] 443841K->384465K(572928K), 0.0020356 secs] [Times: user=0.01 sys=0.00, real=0.00 secs] 
2291.346: [GC (Allocation Failure) [PSYoungGen: 60768K->1344K(61440K)] 443857K->384433K(572928K), 0.0019438 secs] [Times: user=0.01 sys=0.00, real=0.00 secs] 
2291.665: [GC (Allocation Failure) [PSYoungGen: 60736K->1376K(61440K)] 443825K->384465K(572928K), 0.0019368 secs] [Times: user=0.00 sys=0.00, real=0.00 secs] 
2291.971: [GC (Allocation Failure) [PSYoungGen: 60742K->1456K(61440K)] 443831K->384545K(572928K), 0.0016469 secs] [Times: user=0.01 sys=0.00, real=0.01 secs] 
2292.317: [GC (Allocation Failure) [PSYoungGen: 60848K->1488K(61440K)] 443937K->384577K(572928K), 0.0016359 secs] [Times: user=0.00 sys=0.00, real=0.00 secs] 
2292.662: [GC (Allocation Failure) [PSYoungGen: 60880K->1533K(61440K)] 443969K->384638K(572928K), 0.0016022 secs] [Times: user=0.00 sys=0.00, real=0.01 secs] 
2293.068: [GC (Allocation Failure) [PSYoungGen: 60925K->1517K(61440K)] 444030K->384630K(572928K), 0.0016359 secs] [Times: user=0.00 sys=0.00, real=0.00 secs] 
2293.459: [GC (Allocation Failure) [PSYoungGen: 60909K->1456K(61440K)] 444022K->384569K(572928K), 0.0022944 secs] [Times: user=0.01 sys=0.00, real=0.00 secs] 
2293.738: [GC (Allocation Failure) [PSYoungGen: 60848K->1344K(61440K)] 443961K->384457K(572928K), 0.0020491 secs] [Times: user=0.01 sys=0.00, real=0.00 secs] 
2293.985: [GC (Allocation Failure) [PSYoungGen: 60736K->1376K(61440K)] 443849K->384489K(572928K), 0.0020348 secs] [Times: user=0.00 sys=0.00, real=0.00 secs] 
2294.359: [GC (Allocation Failure) [PSYoungGen: 60768K->1344K(61440K)] 443881K->384473K(572928K), 0.0020983 secs] [Times: user=0.00 sys=0.00, real=0.00 secs] 
2294.838: [GC (Allocation Failure) [PSYoungGen: 60736K->1344K(61440K)] 443865K->384473K(572928K), 0.0020490 secs] [Times: user=0.01 sys=0.00, real=0.00 secs] 
2295.285: [GC (Allocation Failure) [PSYoungGen: 60736K->1453K(61440K)] 443865K->384582K(572928K), 0.0015576 secs] [Times: user=0.00 sys=0.00, real=0.00 secs] 
2295.631: [GC (Allocation Failure) [PSYoungGen: 60837K->1517K(61440K)] 443966K->384662K(572928K), 0.0016032 secs] [Times: user=0.01 sys=0.00, real=0.01 secs] 
2295.977: [GC (Allocation Failure) [PSYoungGen: 60909K->1517K(61440K)] 444054K->384662K(572928K), 0.0016034 secs] [Times: user=0.01 sys=0.00, real=0.00 secs] 
2296.321: [GC (Allocation Failure) [PSYoungGen: 60909K->1485K(61440K)] 444054K->384630K(572928K), 0.0015994 secs] [Times: user=0.01 sys=0.00, real=0.01 secs] 
2296.739: [GC (Allocation Failure) [PSYoungGen: 60877K->1472K(61440K)] 444022K->384617K(572928K), 0.0018185 secs] [Times: user=0.01 sys=0.00, real=0.00 secs] 
2297.266: [GC (Allocation Failure) [PSYoungGen: 60864K->1408K(61440K)] 444009K->384553K(572928K), 0.0018633 secs] [Times: user=0.01 sys=0.00, real=0.00 secs] 
2297.603: [GC (Allocation Failure) [PSYoungGen: 60800K->1344K(61440K)] 443945K->384489K(572928K), 0.0019591 secs] [Times: user=0.00 sys=0.00, real=0.00 secs] 
2297.850: [GC (Allocation Failure) [PSYoungGen: 60736K->1344K(61440K)] 443881K->384489K(572928K), 0.0018078 secs] [Times: user=0.01 sys=0.01, real=0.01 secs] 
2298.097: [GC (Allocation Failure) [PSYoungGen: 60736K->1376K(61440K)] 443881K->384521K(572928K), 0.0018399 secs] [Times: user=0.01 sys=0.00, real=0.00 secs] 
2298.442: [GC (Allocation Failure) [PSYoungGen: 60748K->1421K(61440K)] 443893K->384566K(572928K), 0.0015574 secs] [Times: user=0.01 sys=0.00, real=0.00 secs] 
2298.787: [GC (Allocation Failure) [PSYoungGen: 60813K->1520K(61440K)] 443958K->384681K(572928K), 0.0015850 secs] [Times: user=0.01 sys=0.00, real=0.00 secs] 
2299.136: [GC (Allocation Failure) [PSYoungGen: 60912K->1520K(61440K)] 444073K->384681K(572928K), 0.0016022 secs] [Times: user=0.01 sys=0.00, real=0.00 secs] 
2299.484: [GC (Allocation Failure) [PSYoungGen: 60912K->1533K(61440K)] 444073K->384694K(572928K), 0.0016372 secs] [Times: user=0.00 sys=0.00, real=0.00 secs] 
2299.835: [GC (Allocation Failure) [PSYoungGen: 60925K->1408K(61440K)] 444086K->384569K(572928K), 0.0019857 secs] [Times: user=0.00 sys=0.00, real=0.00 secs] 
2300.119: [GC (Allocation Failure) [PSYoungGen: 60800K->1344K(61440K)] 443961K->384505K(572928K), 0.0019899 secs] [Times: user=0.00 sys=0.00, real=0.00 secs] 
2300.366: [GC (Allocation Failure) [PSYoungGen: 60736K->1376K(61440K)] 443897K->384537K(572928K), 0.0018528 secs] [Times: user=0.01 sys=0.00, real=0.00 secs] 
2300.613: [GC (Allocation Failure) [PSYoungGen: 60768K->1312K(61440K)] 443929K->384473K(572928K), 0.0017456 secs] [Times: user=0.01 sys=0.00, real=0.00 secs] 
2300.860: [GC (Allocation Failure) [PSYoungGen: 60704K->1408K(61440K)] 443865K->384569K(572928K), 0.0018295 secs] [Times: user=0.01 sys=0.00, real=0.00 secs] 
2301.303: [GC (Allocation Failure) [PSYoungGen: 60800K->1552K(61440K)] 443961K->384713K(572928K), 0.0016451 secs] [Times: user=0.01 sys=0.00, real=0.00 secs] 
2301.654: [GC (Allocation Failure) [PSYoungGen: 60944K->1533K(61440K)] 444105K->384702K(572928K), 0.0015608 secs] [Times: user=0.01 sys=0.00, real=0.00 secs] 
2301.999: [GC (Allocation Failure) [PSYoungGen: 60925K->1549K(61440K)] 444094K->384718K(572928K), 0.0016551 secs] [Times: user=0.01 sys=0.00, real=0.00 secs] 
2302.344: [GC (Allocation Failure) [PSYoungGen: 60941K->1517K(61440K)] 444110K->384686K(572928K), 0.0015802 secs] [Times: user=0.01 sys=0.00, real=0.00 secs] 
2302.670: [GC (Allocation Failure) [PSYoungGen: 60909K->1408K(61440K)] 444078K->384577K(572928K), 0.0017974 secs] [Times: user=0.01 sys=0.00, real=0.00 secs] 
2302.916: [GC (Allocation Failure) [PSYoungGen: 60800K->1408K(61440K)] 443969K->384577K(572928K), 0.0016577 secs] [Times: user=0.00 sys=0.00, real=0.00 secs] 
2303.239: [GC (Allocation Failure) [PSYoungGen: 60800K->1376K(61440K)] 443969K->384545K(572928K), 0.0020860 secs] [Times: user=0.01 sys=0.00, real=0.00 secs] 
2303.632: [GC (Allocation Failure) [PSYoungGen: 60768K->1344K(61440K)] 443937K->384513K(572928K), 0.0020005 secs] [Times: user=0.01 sys=0.00, real=0.00 secs] 
2304.213: [GC (Allocation Failure) [PSYoungGen: 60603K->256K(61440K)] 443772K->383441K(572928K), 0.0031566 secs] [Times: user=0.01 sys=0.00, real=0.00 secs] 
2304.696: [GC (Allocation Failure) [PSYoungGen: 59648K->1517K(61440K)] 442833K->384702K(572928K), 0.0016574 secs] [Times: user=0.01 sys=0.00, real=0.00 secs] 
2305.042: [GC (Allocation Failure) [PSYoungGen: 60909K->1517K(61440K)] 444094K->384718K(572928K), 0.0016095 secs] [Times: user=0.01 sys=0.00, real=0.01 secs] 
2305.386: [GC (Allocation Failure) [PSYoungGen: 60909K->1549K(61440K)] 444110K->384750K(572928K), 0.0016292 secs] [Times: user=0.00 sys=0.00, real=0.00 secs] 
2305.731: [GC (Allocation Failure) [PSYoungGen: 60941K->1517K(61440K)] 444142K->384718K(572928K), 0.0015962 secs] [Times: user=0.01 sys=0.00, real=0.01 secs] 
2306.038: [GC (Allocation Failure) [PSYoungGen: 60909K->1376K(61440K)] 444110K->384577K(572928K), 0.0027036 secs] [Times: user=0.01 sys=0.00, real=0.00 secs] 
2306.358: [GC (Allocation Failure) [PSYoungGen: 60768K->1344K(61440K)] 443969K->384545K(572928K), 0.0021983 secs] [Times: user=0.00 sys=0.00, real=0.00 secs] 
2307.045: [GC (Allocation Failure) [PSYoungGen: 60736K->1344K(61440K)] 443937K->384545K(572928K), 0.0019263 secs] [Times: user=0.01 sys=0.00, real=0.00 secs] 
2307.726: [GC (Allocation Failure) [PSYoungGen: 60736K->1344K(61440K)] 443937K->384545K(572928K), 0.0023094 secs] [Times: user=0.01 sys=0.00, real=0.00 secs] 
2308.492: [GC (Allocation Failure) [PSYoungGen: 60706K->1405K(61440K)] 443907K->384606K(572928K), 0.0021248 secs] [Times: user=0.01 sys=0.00, real=0.01 secs] 
2308.857: [GC (Allocation Failure) [PSYoungGen: 60797K->1549K(61440K)] 443998K->384750K(572928K), 0.0016718 secs] [Times: user=0.00 sys=0.00, real=0.00 secs] 
2309.204: [GC (Allocation Failure) [PSYoungGen: 60941K->1581K(61440K)] 444142K->384798K(572928K), 0.0016177 secs] [Times: user=0.00 sys=0.00, real=0.00 secs] 
2309.549: [GC (Allocation Failure) [PSYoungGen: 60973K->1616K(61440K)] 444190K->384833K(572928K), 0.0018613 secs] [Times: user=0.00 sys=0.00, real=0.00 secs] 
2309.912: [GC (Allocation Failure) [PSYoungGen: 61008K->1568K(61440K)] 444225K->384785K(572928K), 0.0016496 secs] [Times: user=0.01 sys=0.00, real=0.01 secs] 
2310.154: [GC (Allocation Failure) [PSYoungGen: 60960K->1376K(61440K)] 444177K->384593K(572928K), 0.0017958 secs] [Times: user=0.01 sys=0.00, real=0.00 secs] 
2310.400: [GC (Allocation Failure) [PSYoungGen: 60768K->1376K(61440K)] 443985K->384593K(572928K), 0.0018809 secs] [Times: user=0.01 sys=0.00, real=0.01 secs] 
2310.647: [GC (Allocation Failure) [PSYoungGen: 60768K->1360K(61440K)] 443985K->384577K(572928K), 0.0017789 secs] [Times: user=0.01 sys=0.00, real=0.00 secs] 
2310.893: [GC (Allocation Failure) [PSYoungGen: 60752K->1328K(61440K)] 443969K->384545K(572928K), 0.0018292 secs] [Times: user=0.01 sys=0.00, real=0.00 secs] 
2311.200: [GC (Allocation Failure) [PSYoungGen: 60693K->1453K(61440K)] 443910K->384670K(572928K), 0.0016136 secs] [Times: user=0.01 sys=0.00, real=0.00 secs] 
2311.550: [GC (Allocation Failure) [PSYoungGen: 60845K->1549K(61440K)] 444062K->384766K(572928K), 0.0015668 secs] [Times: user=0.01 sys=0.00, real=0.00 secs] 
2311.900: [GC (Allocation Failure) [PSYoungGen: 60941K->1533K(61440K)] 444158K->384766K(572928K), 0.0016194 secs] [Times: user=0.01 sys=0.00, real=0.00 secs] 
2312.246: [GC (Allocation Failure) [PSYoungGen: 60925K->1549K(61440K)] 444158K->384782K(572928K), 0.0015781 secs] [Times: user=0.00 sys=0.00, real=0.00 secs] 
2312.829: [GC (Allocation Failure) [PSYoungGen: 60941K->1504K(61440K)] 444174K->384737K(572928K), 0.0021311 secs] [Times: user=0.01 sys=0.00, real=0.00 secs] 
2313.580: [GC (Allocation Failure) [PSYoungGen: 60896K->1344K(61440K)] 444129K->384577K(572928K), 0.0024039 secs] [Times: user=0.01 sys=0.00, real=0.01 secs] 
2314.126: [GC (Allocation Failure) [PSYoungGen: 60736K->1376K(61440K)] 443969K->384609K(572928K), 0.0024875 secs] [Times: user=0.01 sys=0.00, real=0.00 secs] 
2314.430: [GC (Allocation Failure) [PSYoungGen: 60768K->1376K(61440K)] 444001K->384609K(572928K), 0.0025776 secs] [Times: user=0.01 sys=0.00, real=0.01 secs] 
2314.685: [GC (Allocation Failure) [PSYoungGen: 60768K->1312K(61440K)] 444001K->384569K(572928K), 0.0019985 secs] [Times: user=0.01 sys=0.00, real=0.00 secs] 
2315.012: [GC (Allocation Failure) [PSYoungGen: 60685K->1456K(61440K)] 443942K->384713K(572928K), 0.0017265 secs] [Times: user=0.01 sys=0.00, real=0.01 secs] 
2315.357: [GC (Allocation Failure) [PSYoungGen: 60848K->1485K(61440K)] 444105K->384750K(572928K), 0.0016110 secs] [Times: user=0.00 sys=0.00, real=0.00 secs] 
2315.703: [GC (Allocation Failure) [PSYoungGen: 60877K->1517K(61440K)] 444142K->384782K(572928K), 0.0015956 secs] [Times: user=0.01 sys=0.00, real=0.00 secs] 
2316.050: [GC (Allocation Failure) [PSYoungGen: 60909K->1581K(61440K)] 444174K->384846K(572928K), 0.0016358 secs] [Times: user=0.01 sys=0.00, real=0.00 secs] 
2316.487: [GC (Allocation Failure) [PSYoungGen: 60973K->1488K(61440K)] 444238K->384753K(572928K), 0.0020143 secs] [Times: user=0.01 sys=0.00, real=0.00 secs] 
2316.991: [GC (Allocation Failure) [PSYoungGen: 60880K->1376K(61440K)] 444145K->384641K(572928K), 0.0022550 secs] [Times: user=0.01 sys=0.00, real=0.01 secs] 
2317.506: [GC (Allocation Failure) [PSYoungGen: 60768K->1376K(61440K)] 444033K->384641K(572928K), 0.0031106 secs] [Times: user=0.01 sys=0.01, real=0.00 secs] 
2317.892: [GC (Allocation Failure) [PSYoungGen: 60768K->1344K(61440K)] 444033K->384609K(572928K), 0.0020007 secs] [Times: user=0.01 sys=0.00, real=0.00 secs] 
2318.154: [GC (Allocation Failure) [PSYoungGen: 60736K->1344K(61440K)] 444001K->384609K(572928K), 0.0020098 secs] [Times: user=0.01 sys=0.00, real=0.00 secs] 
2318.595: [GC (Allocation Failure) [PSYoungGen: 60716K->1485K(61440K)] 443981K->384750K(572928K), 0.0015609 secs] [Times: user=0.01 sys=0.00, real=0.00 secs] 
2318.941: [GC (Allocation Failure) [PSYoungGen: 60877K->1552K(61440K)] 444142K->384825K(572928K), 0.0016007 secs] [Times: user=0.01 sys=0.00, real=0.01 secs] 
2319.290: [GC (Allocation Failure) [PSYoungGen: 60944K->1501K(61440K)] 444217K->384774K(572928K), 0.0016404 secs] [Times: user=0.00 sys=0.00, real=0.00 secs] 
2319.638: [GC (Allocation Failure) [PSYoungGen: 60893K->1501K(61440K)] 444166K->384774K(572928K), 0.0015703 secs] [Times: user=0.01 sys=0.00, real=0.00 secs] 
2320.546: [GC (Allocation Failure) [PSYoungGen: 60893K->1456K(61440K)] 444166K->384729K(572928K), 0.0038660 secs] [Times: user=0.01 sys=0.00, real=0.00 secs] 
2321.616: [GC (Allocation Failure) [PSYoungGen: 60848K->1376K(61440K)] 444121K->384649K(572928K), 0.0042889 secs] [Times: user=0.02 sys=0.00, real=0.00 secs] 
2322.410: [GC (Allocation Failure) [PSYoungGen: 60768K->1376K(61440K)] 444041K->384649K(572928K), 0.0031124 secs] [Times: user=0.01 sys=0.00, real=0.01 secs] 
2322.659: [GC (Allocation Failure) [PSYoungGen: 60768K->1344K(61440K)] 444041K->384617K(572928K), 0.0019493 secs] [Times: user=0.01 sys=0.00, real=0.00 secs] 
2322.934: [GC (Allocation Failure) [PSYoungGen: 60736K->1312K(61440K)] 444009K->384585K(572928K), 0.0021411 secs] [Times: user=0.01 sys=0.00, real=0.00 secs] 
2323.284: [GC (Allocation Failure) [PSYoungGen: 60704K->1456K(61440K)] 443977K->384729K(572928K), 0.0015867 secs] [Times: user=0.01 sys=0.00, real=0.00 secs] 
2323.631: [GC (Allocation Failure) [PSYoungGen: 60848K->1517K(61440K)] 444121K->384798K(572928K), 0.0015769 secs] [Times: user=0.01 sys=0.00, real=0.01 secs] 
2323.975: [GC (Allocation Failure) [PSYoungGen: 60909K->1533K(61440K)] 444190K->384814K(572928K), 0.0016364 secs] [Times: user=0.00 sys=0.00, real=0.00 secs] 
2324.323: [GC (Allocation Failure) [PSYoungGen: 60925K->1485K(61440K)] 444206K->384766K(572928K), 0.0016384 secs] [Times: user=0.00 sys=0.00, real=0.00 secs] 
2324.861: [GC (Allocation Failure) [PSYoungGen: 60877K->1440K(61440K)] 444158K->384721K(572928K), 0.0019106 secs] [Times: user=0.01 sys=0.00, real=0.01 secs] 
2325.348: [GC (Allocation Failure) [PSYoungGen: 60832K->1328K(61440K)] 444113K->384609K(572928K), 0.0022523 secs] [Times: user=0.00 sys=0.00, real=0.00 secs] 
2325.929: [GC (Allocation Failure) [PSYoungGen: 60720K->1312K(61440K)] 444001K->384593K(572928K), 0.0020063 secs] [Times: user=0.00 sys=0.00, real=0.00 secs] 
2326.190: [GC (Allocation Failure) [PSYoungGen: 60704K->1344K(61440K)] 443985K->384625K(572928K), 0.0019722 secs] [Times: user=0.01 sys=0.00, real=0.01 secs] 
2326.464: [GC (Allocation Failure) [PSYoungGen: 60736K->1376K(61440K)] 444017K->384681K(572928K), 0.0019094 secs] [Times: user=0.00 sys=0.00, real=0.00 secs] 
2326.855: [GC (Allocation Failure) [PSYoungGen: 60768K->1485K(61440K)] 444073K->384790K(572928K), 0.0015619 secs] [Times: user=0.01 sys=0.00, real=0.00 secs] 
2327.199: [GC (Allocation Failure) [PSYoungGen: 60877K->1485K(61440K)] 444182K->384806K(572928K), 0.0016036 secs] [Times: user=0.00 sys=0.00, real=0.00 secs] 
2327.543: [GC (Allocation Failure) [PSYoungGen: 60877K->1581K(61440K)] 444198K->384902K(572928K), 0.0016060 secs] [Times: user=0.01 sys=0.00, real=0.00 secs] 
2327.890: [GC (Allocation Failure) [PSYoungGen: 60973K->1549K(61440K)] 444294K->384870K(572928K), 0.0017761 secs] [Times: user=0.01 sys=0.00, real=0.01 secs] 
2328.186: [GC (Allocation Failure) [PSYoungGen: 60941K->1408K(61440K)] 444262K->384729K(572928K), 0.0019138 secs] [Times: user=0.01 sys=0.00, real=0.00 secs] 
2328.433: [GC (Allocation Failure) [PSYoungGen: 60800K->1344K(61440K)] 444121K->384665K(572928K), 0.0018075 secs] [Times: user=0.01 sys=0.00, real=0.00 secs] 
2328.680: [GC (Allocation Failure) [PSYoungGen: 60736K->1360K(61440K)] 444057K->384681K(572928K), 0.0017782 secs] [Times: user=0.01 sys=0.00, real=0.01 secs] 
2328.927: [GC (Allocation Failure) [PSYoungGen: 60752K->1344K(61440K)] 444073K->384665K(572928K), 0.0018498 secs] [Times: user=0.01 sys=0.00, real=0.00 secs] 
2329.211: [GC (Allocation Failure) [PSYoungGen: 60721K->1424K(61440K)] 444042K->384745K(572928K), 0.0016338 secs] [Times: user=0.01 sys=0.00, real=0.01 secs] 
2329.559: [GC (Allocation Failure) [PSYoungGen: 60816K->1584K(61440K)] 444137K->384905K(572928K), 0.0016920 secs] [Times: user=0.01 sys=0.00, real=0.00 secs] 
2329.905: [GC (Allocation Failure) [PSYoungGen: 60976K->1485K(61440K)] 444297K->384822K(572928K), 0.0016254 secs] [Times: user=0.01 sys=0.00, real=0.00 secs] 
2330.250: [GC (Allocation Failure) [PSYoungGen: 60877K->1517K(61440K)] 444214K->384854K(572928K), 0.0016069 secs] [Times: user=0.01 sys=0.00, real=0.00 secs] 
2330.594: [GC (Allocation Failure) [PSYoungGen: 60909K->1485K(61440K)] 444246K->384822K(572928K), 0.0016600 secs] [Times: user=0.00 sys=0.00, real=0.00 secs] 
2331.182: [GC (Allocation Failure) [PSYoungGen: 60877K->1440K(61440K)] 444214K->384777K(572928K), 0.0018221 secs] [Times: user=0.01 sys=0.00, real=0.00 secs] 
2331.621: [GC (Allocation Failure) [PSYoungGen: 60832K->1408K(61440K)] 444169K->384745K(572928K), 0.0033265 secs] [Times: user=0.01 sys=0.01, real=0.01 secs] 
2332.176: [GC (Allocation Failure) [PSYoungGen: 60800K->1344K(61440K)] 444137K->384681K(572928K), 0.0029380 secs] [Times: user=0.01 sys=0.00, real=0.00 secs] 
2332.698: [GC (Allocation Failure) [PSYoungGen: 60736K->1376K(61440K)] 444073K->384713K(572928K), 0.0021601 secs] [Times: user=0.01 sys=0.00, real=0.00 secs] 
2333.244: [GC (Allocation Failure) [PSYoungGen: 60743K->1453K(61440K)] 444080K->384790K(572928K), 0.0015230 secs] [Times: user=0.00 sys=0.00, real=0.00 secs] 
2333.589: [GC (Allocation Failure) [PSYoungGen: 60845K->1533K(61440K)] 444182K->384870K(572928K), 0.0016338 secs] [Times: user=0.01 sys=0.00, real=0.00 secs] 
2333.941: [GC (Allocation Failure) [PSYoungGen: 60925K->1517K(61440K)] 444262K->384870K(572928K), 0.0016049 secs] [Times: user=0.00 sys=0.00, real=0.01 secs] 
2334.288: [GC (Allocation Failure) [PSYoungGen: 60909K->1581K(61440K)] 444262K->384934K(572928K), 0.0016459 secs] [Times: user=0.01 sys=0.00, real=0.00 secs] 
2334.661: [GC (Allocation Failure) [PSYoungGen: 60973K->2016K(61440K)] 444326K->385369K(572928K), 0.0017951 secs] [Times: user=0.01 sys=0.00, real=0.01 secs] 
2335.258: [GC (Allocation Failure) [PSYoungGen: 61408K->1408K(61440K)] 444761K->384761K(572928K), 0.0018500 secs] [Times: user=0.01 sys=0.00, real=0.00 secs] 
2335.879: [GC (Allocation Failure) [PSYoungGen: 60800K->1408K(61440K)] 444153K->384785K(572928K), 0.0023388 secs] [Times: user=0.01 sys=0.00, real=0.00 secs] 
2336.477: [GC (Allocation Failure) [PSYoungGen: 60800K->1344K(61440K)] 444177K->384721K(572928K), 0.0020668 secs] [Times: user=0.01 sys=0.00, real=0.00 secs] 
2336.965: [GC (Allocation Failure) [PSYoungGen: 60736K->1376K(61440K)] 444113K->384753K(572928K), 0.0021979 secs] [Times: user=0.01 sys=0.00, real=0.00 secs] 
2337.519: [GC (Allocation Failure) [PSYoungGen: 60768K->1408K(61440K)] 444145K->384785K(572928K), 0.0016442 secs] [Times: user=0.01 sys=0.00, real=0.00 secs] 
2337.865: [GC (Allocation Failure) [PSYoungGen: 60800K->1469K(61440K)] 444177K->384846K(572928K), 0.0016087 secs] [Times: user=0.01 sys=0.00, real=0.00 secs] 
2338.210: [GC (Allocation Failure) [PSYoungGen: 60861K->1549K(61440K)] 444238K->384934K(572928K), 0.0015942 secs] [Times: user=0.00 sys=0.01, real=0.00 secs] 
2338.555: [GC (Allocation Failure) [PSYoungGen: 60941K->1485K(61440K)] 444326K->384870K(572928K), 0.0016018 secs] [Times: user=0.00 sys=0.00, real=0.00 secs] 
2339.091: [GC (Allocation Failure) [PSYoungGen: 60877K->1472K(61440K)] 444262K->384857K(572928K), 0.0023426 secs] [Times: user=0.01 sys=0.00, real=0.01 secs] 
2339.728: [GC (Allocation Failure) [PSYoungGen: 60864K->1376K(61440K)] 444249K->384761K(572928K), 0.0032206 secs] [Times: user=0.02 sys=0.00, real=0.00 secs] 
2340.228: [GC (Allocation Failure) [PSYoungGen: 60768K->1376K(61440K)] 444153K->384761K(572928K), 0.0028458 secs] [Times: user=0.01 sys=0.00, real=0.00 secs] 
2340.937: [GC (Allocation Failure) [PSYoungGen: 60768K->1376K(61440K)] 444153K->384761K(572928K), 0.0028185 secs] [Times: user=0.01 sys=0.00, real=0.00 secs] 
2341.534: [GC (Allocation Failure) [PSYoungGen: 60768K->1376K(61440K)] 444153K->384761K(572928K), 0.0042405 secs] [Times: user=0.02 sys=0.00, real=0.00 secs] 
2342.078: [GC (Allocation Failure) [PSYoungGen: 60768K->1485K(61440K)] 444153K->384870K(572928K), 0.0016450 secs] [Times: user=0.00 sys=0.00, real=0.00 secs] 
2342.433: [GC (Allocation Failure) [PSYoungGen: 60865K->1565K(61440K)] 444250K->384958K(572928K), 0.0016230 secs] [Times: user=0.00 sys=0.00, real=0.00 secs] 
2342.779: [GC (Allocation Failure) [PSYoungGen: 60957K->1520K(61440K)] 444350K->384913K(572928K), 0.0017482 secs] [Times: user=0.01 sys=0.00, real=0.00 secs] 
2343.124: [GC (Allocation Failure) [PSYoungGen: 60912K->1517K(61440K)] 444305K->384910K(572928K), 0.0016239 secs] [Times: user=0.01 sys=0.00, real=0.00 secs] 
2343.496: [GC (Allocation Failure) [PSYoungGen: 60909K->1472K(61440K)] 444302K->384865K(572928K), 0.0026077 secs] [Times: user=0.01 sys=0.00, real=0.00 secs] 
2343.759: [GC (Allocation Failure) [PSYoungGen: 60864K->1376K(61440K)] 444257K->384769K(572928K), 0.0021096 secs] [Times: user=0.00 sys=0.00, real=0.00 secs] 
2344.041: [GC (Allocation Failure) [PSYoungGen: 60768K->1376K(61440K)] 444161K->384769K(572928K), 0.0019628 secs] [Times: user=0.01 sys=0.00, real=0.01 secs] 
2344.391: [GC (Allocation Failure) [PSYoungGen: 60768K->1344K(61440K)] 444161K->384737K(572928K), 0.0019956 secs] [Times: user=0.01 sys=0.00, real=0.01 secs] 
2344.645: [GC (Allocation Failure) [PSYoungGen: 60736K->1376K(61440K)] 444129K->384769K(572928K), 0.0018185 secs] [Times: user=0.00 sys=0.00, real=0.00 secs] 
2344.981: [GC (Allocation Failure) [PSYoungGen: 60768K->1469K(61440K)] 444161K->384862K(572928K), 0.0016824 secs] [Times: user=0.01 sys=0.00, real=0.01 secs] 
2345.331: [GC (Allocation Failure) [PSYoungGen: 60861K->1549K(61440K)] 444254K->384966K(572928K), 0.0016603 secs] [Times: user=0.00 sys=0.00, real=0.01 secs] 
2345.674: [GC (Allocation Failure) [PSYoungGen: 60941K->1485K(61440K)] 444358K->384902K(572928K), 0.0016429 secs] [Times: user=0.01 sys=0.00, real=0.00 secs] 
2346.020: [GC (Allocation Failure) [PSYoungGen: 60877K->1517K(61440K)] 444294K->384934K(572928K), 0.0016300 secs] [Times: user=0.01 sys=0.00, real=0.01 secs] 
2346.323: [GC (Allocation Failure) [PSYoungGen: 60909K->1424K(61440K)] 444326K->384841K(572928K), 0.0016622 secs] [Times: user=0.01 sys=0.01, real=0.00 secs] 
2346.570: [GC (Allocation Failure) [PSYoungGen: 60816K->1376K(61440K)] 444233K->384793K(572928K), 0.0016149 secs] [Times: user=0.01 sys=0.00, real=0.00 secs] 
2346.816: [GC (Allocation Failure) [PSYoungGen: 60768K->1376K(61440K)] 444185K->384793K(572928K), 0.0016139 secs] [Times: user=0.01 sys=0.00, real=0.00 secs] 
2347.062: [GC (Allocation Failure) [PSYoungGen: 60768K->1344K(61440K)] 444185K->384761K(572928K), 0.0015524 secs] [Times: user=0.00 sys=0.00, real=0.00 secs] 
2347.309: [GC (Allocation Failure) [PSYoungGen: 60736K->1360K(61440K)] 444153K->384777K(572928K), 0.0015543 secs] [Times: user=0.00 sys=0.00, real=0.00 secs] 
2347.667: [GC (Allocation Failure) [PSYoungGen: 60752K->1520K(61440K)] 444169K->384937K(572928K), 0.0015743 secs] [Times: user=0.00 sys=0.00, real=0.00 secs] 
2348.078: [GC (Allocation Failure) [PSYoungGen: 60911K->1533K(61440K)] 444328K->384966K(572928K), 0.0016682 secs] [Times: user=0.01 sys=0.00, real=0.00 secs] 
2348.422: [GC (GCLocker Initiated GC) [PSYoungGen: 60925K->1488K(61440K)] 444358K->384921K(572928K), 0.0016766 secs] [Times: user=0.00 sys=0.00, real=0.00 secs] 
2348.828: [GC (Allocation Failure) [PSYoungGen: 60880K->1501K(61440K)] 444538K->385159K(572928K), 0.0017861 secs] [Times: user=0.01 sys=0.00, real=0.00 secs] 
2349.927: [GC (Allocation Failure) [PSYoungGen: 60893K->1472K(61440K)] 444551K->385130K(572928K), 0.0036435 secs] [Times: user=0.01 sys=0.00, real=0.00 secs] 
2350.696: [GC (Allocation Failure) [PSYoungGen: 60864K->1440K(61440K)] 444522K->385098K(572928K), 0.0031605 secs] [Times: user=0.01 sys=0.00, real=0.00 secs] 
2351.179: [GC (Allocation Failure) [PSYoungGen: 60832K->1472K(61440K)] 444490K->385130K(572928K), 0.0048087 secs] [Times: user=0.02 sys=0.00, real=0.01 secs] 
2351.642: [GC (Allocation Failure) [PSYoungGen: 60864K->1472K(61440K)] 444522K->385130K(572928K), 0.0026274 secs] [Times: user=0.01 sys=0.00, real=0.00 secs] 
2351.947: [GC (Allocation Failure) [PSYoungGen: 60845K->1533K(61440K)] 444504K->385191K(572928K), 0.0022032 secs] [Times: user=0.01 sys=0.00, real=0.00 secs] 
2352.414: [GC (Allocation Failure) [PSYoungGen: 60925K->1613K(61440K)] 444583K->385272K(572928K), 0.0016516 secs] [Times: user=0.01 sys=0.00, real=0.00 secs] 
2352.768: [GC (Allocation Failure) [PSYoungGen: 61005K->1645K(61440K)] 444664K->385320K(572928K), 0.0017400 secs] [Times: user=0.01 sys=0.00, real=0.00 secs] 
2353.175: [GC (Allocation Failure) [PSYoungGen: 61037K->1581K(61440K)] 444712K->385255K(572928K), 0.0016597 secs] [Times: user=0.01 sys=0.00, real=0.00 secs] 
2353.526: [GC (Allocation Failure) [PSYoungGen: 60973K->1680K(61440K)] 444647K->385354K(572928K), 0.0017653 secs] [Times: user=0.01 sys=0.00, real=0.00 secs] 
2354.096: [GC (Allocation Failure) [PSYoungGen: 61072K->1472K(61440K)] 444746K->385146K(572928K), 0.0025049 secs] [Times: user=0.01 sys=0.00, real=0.00 secs] 
2354.633: [GC (Allocation Failure) [PSYoungGen: 60864K->1440K(61440K)] 444538K->385114K(572928K), 0.0025100 secs] [Times: user=0.01 sys=0.00, real=0.00 secs] 
2355.120: [GC (Allocation Failure) [PSYoungGen: 60832K->1344K(61440K)] 444506K->385066K(572928K), 0.0027838 secs] [Times: user=0.02 sys=0.00, real=0.01 secs] 
2355.477: [GC (Allocation Failure) [PSYoungGen: 60736K->1408K(61440K)] 444458K->385130K(572928K), 0.0022132 secs] [Times: user=0.01 sys=0.00, real=0.00 secs] 
2355.799: [GC (Allocation Failure) [PSYoungGen: 60770K->1437K(61440K)] 444493K->385159K(572928K), 0.0015263 secs] [Times: user=0.01 sys=0.00, real=0.00 secs] 
2356.143: [GC (Allocation Failure) [PSYoungGen: 60829K->1517K(61440K)] 444551K->385279K(572928K), 0.0016080 secs] [Times: user=0.01 sys=0.00, real=0.00 secs] 
2356.488: [GC (Allocation Failure) [PSYoungGen: 60909K->1533K(61440K)] 444671K->385319K(572928K), 0.0015673 secs] [Times: user=0.00 sys=0.00, real=0.00 secs] 
2356.891: [GC (Allocation Failure) [PSYoungGen: 60925K->1485K(61440K)] 444711K->385271K(572928K), 0.0016672 secs] [Times: user=0.01 sys=0.00, real=0.01 secs] 
2357.278: [GC (Allocation Failure) [PSYoungGen: 60877K->1728K(61440K)] 444663K->385514K(572928K), 0.0017099 secs] [Times: user=0.01 sys=0.00, real=0.00 secs] 
2357.842: [GC (Allocation Failure) [PSYoungGen: 61120K->1376K(61440K)] 444906K->385162K(572928K), 0.0025056 secs] [Times: user=0.01 sys=0.01, real=0.00 secs] 
2358.378: [GC (Allocation Failure) [PSYoungGen: 60768K->1344K(61440K)] 444554K->385130K(572928K), 0.0026495 secs] [Times: user=0.01 sys=0.00, real=0.00 secs] 
2358.879: [GC (Allocation Failure) [PSYoungGen: 60736K->1344K(61440K)] 444522K->385130K(572928K), 0.0026809 secs] [Times: user=0.01 sys=0.00, real=0.01 secs] 
2359.192: [GC (Allocation Failure) [PSYoungGen: 60736K->1408K(61440K)] 444522K->385194K(572928K), 0.0020211 secs] [Times: user=0.01 sys=0.00, real=0.00 secs] 
2359.651: [GC (Allocation Failure) [PSYoungGen: 60800K->1485K(61440K)] 444586K->385272K(572928K), 0.0016419 secs] [Times: user=0.01 sys=0.00, real=0.01 secs] 
2360.000: [GC (Allocation Failure) [PSYoungGen: 60877K->1549K(61440K)] 444664K->385336K(572928K), 0.0016561 secs] [Times: user=0.01 sys=0.00, real=0.00 secs] 
2360.345: [GC (Allocation Failure) [PSYoungGen: 60941K->1485K(61440K)] 444728K->385287K(572928K), 0.0016164 secs] [Times: user=0.01 sys=0.00, real=0.00 secs] 
2360.689: [GC (Allocation Failure) [PSYoungGen: 60870K->1517K(61440K)] 444673K->385319K(572928K), 0.0015758 secs] [Times: user=0.00 sys=0.00, real=0.00 secs] 
2361.490: [GC (Allocation Failure) [PSYoungGen: 60909K->1472K(61440K)] 444711K->385274K(572928K), 0.0024632 secs] [Times: user=0.01 sys=0.00, real=0.01 secs] 
2362.656: [GC (Allocation Failure) [PSYoungGen: 60864K->1376K(61440K)] 444666K->385178K(572928K), 0.0043197 secs] [Times: user=0.02 sys=0.00, real=0.00 secs] 
2363.416: [GC (Allocation Failure) [PSYoungGen: 60768K->1376K(61440K)] 444570K->385178K(572928K), 0.0026891 secs] [Times: user=0.01 sys=0.00, real=0.00 secs] 
2363.884: [GC (Allocation Failure) [PSYoungGen: 60768K->1376K(61440K)] 444570K->385178K(572928K), 0.0021450 secs] [Times: user=0.01 sys=0.00, real=0.00 secs] 
2364.383: [GC (Allocation Failure) [PSYoungGen: 60768K->1408K(61440K)] 444570K->385210K(572928K), 0.0021911 secs] [Times: user=0.01 sys=0.00, real=0.00 secs] 
2364.997: [GC (Allocation Failure) [PSYoungGen: 60800K->1456K(61440K)] 444602K->385258K(572928K), 0.0015966 secs] [Times: user=0.01 sys=0.00, real=0.00 secs] 
2365.343: [GC (Allocation Failure) [PSYoungGen: 60839K->1581K(61440K)] 444642K->385400K(572928K), 0.0015717 secs] [Times: user=0.01 sys=0.00, real=0.00 secs] 
2365.689: [GC (Allocation Failure) [PSYoungGen: 60973K->1581K(61440K)] 444792K->385400K(572928K), 0.0016852 secs] [Times: user=0.01 sys=0.00, real=0.00 secs] 
2366.034: [GC (Allocation Failure) [PSYoungGen: 60973K->1581K(61440K)] 444792K->385400K(572928K), 0.0015845 secs] [Times: user=0.01 sys=0.00, real=0.00 secs] 
2366.367: [GC (Allocation Failure) [PSYoungGen: 60973K->1440K(61440K)] 444792K->385258K(572928K), 0.0022166 secs] [Times: user=0.01 sys=0.00, real=0.00 secs] 
2366.615: [GC (Allocation Failure) [PSYoungGen: 60832K->1312K(61440K)] 444650K->385154K(572928K), 0.0020520 secs] [Times: user=0.01 sys=0.00, real=0.00 secs] 
2367.059: [GC (Allocation Failure) [PSYoungGen: 60704K->1376K(61440K)] 444546K->385218K(572928K), 0.0020540 secs] [Times: user=0.01 sys=0.00, real=0.00 secs] 
2367.557: [GC (Allocation Failure) [PSYoungGen: 60768K->1328K(61440K)] 444610K->385170K(572928K), 0.0020389 secs] [Times: user=0.01 sys=0.00, real=0.00 secs] 
2368.050: [GC (Allocation Failure) [PSYoungGen: 60720K->1376K(61440K)] 444562K->385218K(572928K), 0.0028520 secs] [Times: user=0.01 sys=0.01, real=0.01 secs] 
2368.546: [GC (Allocation Failure) [PSYoungGen: 60768K->1501K(61440K)] 444610K->385343K(572928K), 0.0015591 secs] [Times: user=0.00 sys=0.00, real=0.00 secs] 
2368.891: [GC (Allocation Failure) [PSYoungGen: 60863K->1485K(61440K)] 444706K->385343K(572928K), 0.0015955 secs] [Times: user=0.00 sys=0.00, real=0.01 secs] 
2369.237: [GC (Allocation Failure) [PSYoungGen: 60877K->1517K(61440K)] 444735K->385383K(572928K), 0.0016092 secs] [Times: user=0.00 sys=0.00, real=0.00 secs] 
2369.587: [GC (Allocation Failure) [PSYoungGen: 60909K->1549K(61440K)] 444775K->385416K(572928K), 0.0016025 secs] [Times: user=0.00 sys=0.00, real=0.00 secs] 
2370.415: [GC (Allocation Failure) [PSYoungGen: 60941K->1504K(61440K)] 444808K->385370K(572928K), 0.0025228 secs] [Times: user=0.01 sys=0.00, real=0.00 secs] 
2371.147: [GC (Allocation Failure) [PSYoungGen: 60896K->1344K(61440K)] 444762K->385210K(572928K), 0.0033057 secs] [Times: user=0.01 sys=0.00, real=0.00 secs] 
2371.754: [GC (Allocation Failure) [PSYoungGen: 60736K->1376K(61440K)] 444602K->385250K(572928K), 0.0033918 secs] [Times: user=0.01 sys=0.00, real=0.00 secs] 
2372.267: [GC (Allocation Failure) [PSYoungGen: 60768K->1360K(61440K)] 444642K->385234K(572928K), 0.0022395 secs] [Times: user=0.01 sys=0.00, real=0.00 secs] 
2372.805: [GC (Allocation Failure) [PSYoungGen: 60752K->1408K(61440K)] 444626K->385282K(572928K), 0.0023915 secs] [Times: user=0.01 sys=0.00, real=0.00 secs] 
2373.344: [GC (Allocation Failure) [PSYoungGen: 60800K->1485K(61440K)] 444674K->385359K(572928K), 0.0015932 secs] [Times: user=0.01 sys=0.00, real=0.00 secs] 
2373.689: [GC (Allocation Failure) [PSYoungGen: 60877K->1581K(61440K)] 444751K->385472K(572928K), 0.0016302 secs] [Times: user=0.01 sys=0.00, real=0.00 secs] 
2374.033: [GC (Allocation Failure) [PSYoungGen: 60973K->1581K(61440K)] 444864K->385472K(572928K), 0.0016553 secs] [Times: user=0.01 sys=0.00, real=0.00 secs] 
2374.380: [GC (Allocation Failure) [PSYoungGen: 60973K->1581K(61440K)] 444864K->385472K(572928K), 0.0017956 secs] [Times: user=0.01 sys=0.00, real=0.01 secs] 
2374.788: [GC (Allocation Failure) [PSYoungGen: 60973K->1376K(61440K)] 444864K->385274K(572928K), 0.0019628 secs] [Times: user=0.01 sys=0.00, real=0.00 secs] 
2375.199: [GC (Allocation Failure) [PSYoungGen: 60768K->1376K(61440K)] 444666K->385274K(572928K), 0.0018941 secs] [Times: user=0.01 sys=0.00, real=0.00 secs] 
2375.720: [GC (Allocation Failure) [PSYoungGen: 60768K->1312K(61440K)] 444666K->385210K(572928K), 0.0020771 secs] [Times: user=0.01 sys=0.00, real=0.00 secs] 
2376.310: [GC (Allocation Failure) [PSYoungGen: 60704K->1312K(61440K)] 444602K->385210K(572928K), 0.0022762 secs] [Times: user=0.01 sys=0.00, real=0.01 secs] 
2377.132: [GC (Allocation Failure) [PSYoungGen: 60704K->1344K(61440K)] 444602K->385266K(572928K), 0.0026645 secs] [Times: user=0.01 sys=0.00, real=0.01 secs] 
2377.571: [GC (Allocation Failure) [PSYoungGen: 60736K->1552K(61440K)] 444658K->385474K(572928K), 0.0015988 secs] [Times: user=0.00 sys=0.00, real=0.01 secs] 
2377.917: [GC (Allocation Failure) [PSYoungGen: 60944K->1549K(61440K)] 444866K->385488K(572928K), 0.0015974 secs] [Times: user=0.01 sys=0.00, real=0.00 secs] 
2378.261: [GC (Allocation Failure) [PSYoungGen: 60941K->1549K(61440K)] 444880K->385488K(572928K), 0.0016064 secs] [Times: user=0.00 sys=0.00, real=0.01 secs] 
2378.606: [GC (Allocation Failure) [PSYoungGen: 60941K->1520K(61440K)] 444880K->385458K(572928K), 0.0015962 secs] [Times: user=0.01 sys=0.00, real=0.00 secs] 
2378.978: [GC (Allocation Failure) [PSYoungGen: 60912K->1344K(61440K)] 444850K->385290K(572928K), 0.0019168 secs] [Times: user=0.01 sys=0.00, real=0.00 secs] 
2379.438: [GC (Allocation Failure) [PSYoungGen: 60736K->1408K(61440K)] 444682K->385354K(572928K), 0.0017711 secs] [Times: user=0.01 sys=0.00, real=0.00 secs] 
2379.976: [GC (Allocation Failure) [PSYoungGen: 60800K->1408K(61440K)] 444746K->385354K(572928K), 0.0018844 secs] [Times: user=0.01 sys=0.00, real=0.00 secs] 
2380.492: [GC (Allocation Failure) [PSYoungGen: 60800K->1424K(61440K)] 444746K->385370K(572928K), 0.0020673 secs] [Times: user=0.01 sys=0.00, real=0.01 secs] 
2381.068: [GC (Allocation Failure) [PSYoungGen: 60812K->1437K(61440K)] 444759K->385383K(572928K), 0.0019344 secs] [Times: user=0.01 sys=0.00, real=0.00 secs] 
2381.425: [GC (GCLocker Initiated GC) [PSYoungGen: 60829K->1613K(61440K)] 444775K->385560K(572928K), 0.0015909 secs] [Times: user=0.01 sys=0.00, real=0.00 secs] 
2381.832: [GC (Allocation Failure) [PSYoungGen: 61005K->1552K(61440K)] 445209K->385772K(572928K), 0.0017573 secs] [Times: user=0.00 sys=0.00, real=0.00 secs] 
2382.177: [GC (Allocation Failure) [PSYoungGen: 60944K->1565K(61440K)] 445164K->385785K(572928K), 0.0017011 secs] [Times: user=0.01 sys=0.00, real=0.00 secs] 
2382.577: [GC (Allocation Failure) [PSYoungGen: 60957K->1581K(61440K)] 445177K->385801K(572928K), 0.0016741 secs] [Times: user=0.01 sys=0.00, real=0.00 secs] 
2383.002: [GC (Allocation Failure) [PSYoungGen: 60973K->1440K(61440K)] 445193K->385660K(572928K), 0.0024498 secs] [Times: user=0.01 sys=0.00, real=0.01 secs] 
2383.458: [GC (Allocation Failure) [PSYoungGen: 60832K->1408K(61440K)] 445052K->385628K(572928K), 0.0020485 secs] [Times: user=0.00 sys=0.00, real=0.00 secs] 
2383.950: [GC (Allocation Failure) [PSYoungGen: 60800K->1424K(61440K)] 445020K->385644K(572928K), 0.0021624 secs] [Times: user=0.00 sys=0.00, real=0.01 secs] 
2384.441: [GC (Allocation Failure) [PSYoungGen: 60816K->1440K(61440K)] 445036K->385660K(572928K), 0.0021904 secs] [Times: user=0.01 sys=0.00, real=0.01 secs] 
2384.954: [GC (Allocation Failure) [PSYoungGen: 60832K->1501K(61440K)] 445052K->385721K(572928K), 0.0016317 secs] [Times: user=0.00 sys=0.00, real=0.00 secs] 
2385.301: [GC (Allocation Failure) [PSYoungGen: 60888K->1613K(61440K)] 445109K->385833K(572928K), 0.0016269 secs] [Times: user=0.00 sys=0.00, real=0.01 secs] 
2385.648: [GC (Allocation Failure) [PSYoungGen: 61005K->1613K(61440K)] 445225K->385857K(572928K), 0.0016096 secs] [Times: user=0.01 sys=0.00, real=0.00 secs] 
2385.992: [GC (Allocation Failure) [PSYoungGen: 61005K->1613K(61440K)] 445249K->385889K(572928K), 0.0016152 secs] [Times: user=0.01 sys=0.00, real=0.00 secs] 
2386.376: [GC (Allocation Failure) [PSYoungGen: 61005K->2016K(61440K)] 445281K->386292K(572928K), 0.0018769 secs] [Times: user=0.01 sys=0.00, real=0.00 secs] 
2386.623: [GC (Allocation Failure) [PSYoungGen: 61408K->1440K(61440K)] 445684K->385716K(572928K), 0.0017591 secs] [Times: user=0.01 sys=0.00, real=0.00 secs] 
2386.970: [GC (Allocation Failure) [PSYoungGen: 60832K->1376K(61440K)] 445108K->385700K(572928K), 0.0018493 secs] [Times: user=0.01 sys=0.00, real=0.00 secs] 
2387.217: [GC (Allocation Failure) [PSYoungGen: 60768K->1376K(61440K)] 445092K->385700K(572928K), 0.0018934 secs] [Times: user=0.00 sys=0.00, real=0.00 secs] 
2387.464: [GC (Allocation Failure) [PSYoungGen: 60768K->1344K(61440K)] 445092K->385676K(572928K), 0.0019131 secs] [Times: user=0.01 sys=0.00, real=0.00 secs] 
2387.815: [GC (Allocation Failure) [PSYoungGen: 60736K->1453K(61440K)] 445068K->385785K(572928K), 0.0015978 secs] [Times: user=0.00 sys=0.00, real=0.00 secs] 
2388.161: [GC (Allocation Failure) [PSYoungGen: 60845K->1520K(61440K)] 445177K->385852K(572928K), 0.0016661 secs] [Times: user=0.01 sys=0.00, real=0.01 secs] 
2388.508: [GC (Allocation Failure) [PSYoungGen: 60912K->1517K(61440K)] 445244K->385865K(572928K), 0.0016012 secs] [Times: user=0.00 sys=0.00, real=0.00 secs] 
2388.854: [GC (Allocation Failure) [PSYoungGen: 60909K->1549K(61440K)] 445257K->385897K(572928K), 0.0016603 secs] [Times: user=0.00 sys=0.00, real=0.00 secs] 
2389.351: [GC (Allocation Failure) [PSYoungGen: 60941K->1472K(61440K)] 445289K->385820K(572928K), 0.0020894 secs] [Times: user=0.00 sys=0.00, real=0.01 secs] 
2389.963: [GC (Allocation Failure) [PSYoungGen: 60864K->1344K(61440K)] 445212K->385692K(572928K), 0.0030775 secs] [Times: user=0.01 sys=0.00, real=0.00 secs] 
2390.215: [GC (Allocation Failure) [PSYoungGen: 60736K->1344K(61440K)] 445084K->385692K(572928K), 0.0023582 secs] [Times: user=0.01 sys=0.00, real=0.00 secs] 
2390.463: [GC (Allocation Failure) [PSYoungGen: 60736K->1408K(61440K)] 445084K->385756K(572928K), 0.0021182 secs] [Times: user=0.01 sys=0.00, real=0.00 secs] 
2390.710: [GC (Allocation Failure) [PSYoungGen: 60800K->1376K(61440K)] 445148K->385724K(572928K), 0.0017677 secs] [Times: user=0.01 sys=0.00, real=0.00 secs] 
2391.026: [GC (Allocation Failure) [PSYoungGen: 60768K->1520K(61440K)] 445116K->385868K(572928K), 0.0015517 secs] [Times: user=0.01 sys=0.00, real=0.00 secs] 
2391.372: [GC (Allocation Failure) [PSYoungGen: 60893K->1552K(61440K)] 445241K->385916K(572928K), 0.0016179 secs] [Times: user=0.01 sys=0.00, real=0.00 secs] 
2391.719: [GC (Allocation Failure) [PSYoungGen: 60944K->1552K(61440K)] 445308K->385916K(572928K), 0.0016964 secs] [Times: user=0.00 sys=0.00, real=0.00 secs] 
2392.065: [GC (Allocation Failure) [PSYoungGen: 60944K->1565K(61440K)] 445308K->385929K(572928K), 0.0016298 secs] [Times: user=0.01 sys=0.00, real=0.00 secs] 
2392.468: [GC (Allocation Failure) [PSYoungGen: 60957K->1440K(61440K)] 445321K->385804K(572928K), 0.0017121 secs] [Times: user=0.00 sys=0.00, real=0.00 secs] 
2392.969: [GC (Allocation Failure) [PSYoungGen: 60832K->1312K(61440K)] 445196K->385676K(572928K), 0.0022409 secs] [Times: user=0.01 sys=0.01, real=0.00 secs] 
2393.372: [GC (Allocation Failure) [PSYoungGen: 60704K->1376K(61440K)] 445068K->385740K(572928K), 0.0020294 secs] [Times: user=0.01 sys=0.01, real=0.00 secs] 
2393.728: [GC (Allocation Failure) [PSYoungGen: 60768K->1376K(61440K)] 445132K->385740K(572928K), 0.0021172 secs] [Times: user=0.00 sys=0.00, real=0.00 secs] 
2394.209: [GC (Allocation Failure) [PSYoungGen: 60768K->1376K(61440K)] 445132K->385740K(572928K), 0.0040210 secs] [Times: user=0.02 sys=0.00, real=0.01 secs] 
2394.784: [GC (Allocation Failure) [PSYoungGen: 60768K->1549K(61440K)] 445132K->385913K(572928K), 0.0016422 secs] [Times: user=0.01 sys=0.00, real=0.00 secs] 
2395.191: [GC (Allocation Failure) [PSYoungGen: 60941K->1565K(61440K)] 445305K->385953K(572928K), 0.0017027 secs] [Times: user=0.01 sys=0.00, real=0.01 secs] 
2395.539: [GC (Allocation Failure) [PSYoungGen: 60957K->1584K(61440K)] 445345K->385972K(572928K), 0.0016621 secs] [Times: user=0.00 sys=0.00, real=0.00 secs] 
2395.884: [GC (Allocation Failure) [PSYoungGen: 60976K->1533K(61440K)] 445364K->385921K(572928K), 0.0016890 secs] [Times: user=0.01 sys=0.00, real=0.00 secs] 
2396.422: [GC (Allocation Failure) [PSYoungGen: 60925K->1424K(61440K)] 445313K->385812K(572928K), 0.0042578 secs] [Times: user=0.02 sys=0.00, real=0.00 secs] 
2396.746: [GC (Allocation Failure) [PSYoungGen: 60816K->1360K(61440K)] 445204K->385748K(572928K), 0.0022501 secs] [Times: user=0.01 sys=0.00, real=0.00 secs] 
2397.160: [GC (Allocation Failure) [PSYoungGen: 60752K->1344K(61440K)] 445140K->385732K(572928K), 0.0022313 secs] [Times: user=0.01 sys=0.00, real=0.01 secs] 
2397.616: [GC (Allocation Failure) [PSYoungGen: 60736K->1344K(61440K)] 445124K->385732K(572928K), 0.0022330 secs] [Times: user=0.01 sys=0.00, real=0.00 secs] 
2398.060: [GC (Allocation Failure) [PSYoungGen: 60736K->1344K(61440K)] 445124K->385732K(572928K), 0.0023269 secs] [Times: user=0.01 sys=0.00, real=0.01 secs] 
2398.488: [GC (Allocation Failure) [PSYoungGen: 60736K->1517K(61440K)] 445124K->385905K(572928K), 0.0015679 secs] [Times: user=0.00 sys=0.00, real=0.00 secs] 
2398.834: [GC (Allocation Failure) [PSYoungGen: 60907K->1520K(61440K)] 445296K->385916K(572928K), 0.0016284 secs] [Times: user=0.01 sys=0.00, real=0.00 secs] 
2399.181: [GC (Allocation Failure) [PSYoungGen: 60912K->1581K(61440K)] 445308K->385977K(572928K), 0.0016201 secs] [Times: user=0.01 sys=0.00, real=0.01 secs] 
2399.526: [GC (Allocation Failure) [PSYoungGen: 60973K->1549K(61440K)] 445369K->385945K(572928K), 0.0016531 secs] [Times: user=0.00 sys=0.00, real=0.00 secs] 
2399.827: [GC (Allocation Failure) [PSYoungGen: 60941K->1376K(61440K)] 445337K->385772K(572928K), 0.0019770 secs] [Times: user=0.01 sys=0.00, real=0.00 secs] 
2400.090: [GC (Allocation Failure) [PSYoungGen: 60768K->1408K(61440K)] 445164K->385804K(572928K), 0.0018333 secs] [Times: user=0.01 sys=0.00, real=0.01 secs] 
2400.338: [GC (Allocation Failure) [PSYoungGen: 60800K->1408K(61440K)] 445196K->385804K(572928K), 0.0019144 secs] [Times: user=0.01 sys=0.00, real=0.00 secs] 
2400.804: [GC (Allocation Failure) [PSYoungGen: 60800K->1376K(61440K)] 445196K->385772K(572928K), 0.0020513 secs] [Times: user=0.01 sys=0.00, real=0.00 secs] 
2401.424: [GC (Allocation Failure) [PSYoungGen: 60766K->1405K(61440K)] 445162K->385801K(572928K), 0.0021302 secs] [Times: user=0.00 sys=0.00, real=0.00 secs] 
2401.801: [GC (Allocation Failure) [PSYoungGen: 60797K->1549K(61440K)] 445193K->385945K(572928K), 0.0017667 secs] [Times: user=0.01 sys=0.00, real=0.01 secs] 
2402.146: [GC (Allocation Failure) [PSYoungGen: 60941K->1504K(61440K)] 445337K->385916K(572928K), 0.0016117 secs] [Times: user=0.00 sys=0.00, real=0.00 secs] 
2402.491: [GC (Allocation Failure) [PSYoungGen: 60896K->1597K(61440K)] 445308K->386009K(572928K), 0.0016080 secs] [Times: user=0.01 sys=0.00, real=0.01 secs] 
2402.836: [GC (Allocation Failure) [PSYoungGen: 60989K->1520K(61440K)] 445401K->385932K(572928K), 0.0016187 secs] [Times: user=0.01 sys=0.00, real=0.00 secs] 
2403.383: [GC (Allocation Failure) [PSYoungGen: 60912K->1440K(61440K)] 445324K->385852K(572928K), 0.0018615 secs] [Times: user=0.00 sys=0.00, real=0.00 secs] 
2403.663: [GC (Allocation Failure) [PSYoungGen: 60832K->1408K(61440K)] 445244K->385820K(572928K), 0.0019173 secs] [Times: user=0.01 sys=0.00, real=0.00 secs] 
2403.910: [GC (Allocation Failure) [PSYoungGen: 60800K->1408K(61440K)] 445212K->385820K(572928K), 0.0016690 secs] [Times: user=0.01 sys=0.00, real=0.00 secs] 
2404.156: [GC (Allocation Failure) [PSYoungGen: 60800K->1328K(61440K)] 445212K->385740K(572928K), 0.0019527 secs] [Times: user=0.01 sys=0.00, real=0.00 secs] 
2404.445: [GC (Allocation Failure) [PSYoungGen: 60720K->1437K(61440K)] 445132K->385865K(572928K), 0.0015666 secs] [Times: user=0.00 sys=0.00, real=0.00 secs] 
2404.795: [GC (Allocation Failure) [PSYoungGen: 60829K->1565K(61440K)] 445257K->385993K(572928K), 0.0016042 secs] [Times: user=0.00 sys=0.00, real=0.00 secs] 
2405.139: [GC (Allocation Failure) [PSYoungGen: 60957K->1549K(61440K)] 445385K->385993K(572928K), 0.0015862 secs] [Times: user=0.00 sys=0.00, real=0.00 secs] 
2405.547: [GC (Allocation Failure) [PSYoungGen: 60941K->1552K(61440K)] 445385K->385996K(572928K), 0.0017180 secs] [Times: user=0.01 sys=0.00, real=0.00 secs] 
2405.979: [GC (Allocation Failure) [PSYoungGen: 60944K->1728K(61440K)] 445388K->386172K(572928K), 0.0019387 secs] [Times: user=0.00 sys=0.00, real=0.00 secs] 
2406.709: [GC (Allocation Failure) [PSYoungGen: 61120K->1312K(61440K)] 445564K->385756K(572928K), 0.0022257 secs] [Times: user=0.01 sys=0.00, real=0.00 secs] 
2407.445: [GC (Allocation Failure) [PSYoungGen: 60704K->1376K(61440K)] 445148K->385820K(572928K), 0.0040480 secs] [Times: user=0.02 sys=0.00, real=0.00 secs] 
2408.027: [GC (Allocation Failure) [PSYoungGen: 60768K->1344K(61440K)] 445212K->385788K(572928K), 0.0028868 secs] [Times: user=0.01 sys=0.00, real=0.00 secs] 
2408.316: [GC (Allocation Failure) [PSYoungGen: 60736K->1328K(61440K)] 445180K->385772K(572928K), 0.0020194 secs] [Times: user=0.01 sys=0.00, real=0.00 secs] 
2408.643: [GC (Allocation Failure) [PSYoungGen: 60720K->1453K(61440K)] 445164K->385897K(572928K), 0.0015992 secs] [Times: user=0.01 sys=0.00, real=0.00 secs] 
2408.990: [GC (Allocation Failure) [PSYoungGen: 60845K->1549K(61440K)] 445289K->385993K(572928K), 0.0016352 secs] [Times: user=0.01 sys=0.00, real=0.00 secs] 
2409.336: [GC (Allocation Failure) [PSYoungGen: 60941K->1520K(61440K)] 445385K->385972K(572928K), 0.0016217 secs] [Times: user=0.01 sys=0.00, real=0.00 secs] 
2409.682: [GC (Allocation Failure) [PSYoungGen: 60912K->1552K(61440K)] 445364K->386004K(572928K), 0.0016111 secs] [Times: user=0.01 sys=0.00, real=0.00 secs] 
2410.428: [GC (Allocation Failure) [PSYoungGen: 60944K->1472K(61440K)] 445396K->385924K(572928K), 0.0023038 secs] [Times: user=0.01 sys=0.00, real=0.00 secs] 
2412.232: [GC (Allocation Failure) [PSYoungGen: 60864K->1344K(61440K)] 445316K->385796K(572928K), 0.0027519 secs] [Times: user=0.01 sys=0.00, real=0.00 secs] 
2413.373: [GC (Allocation Failure) [PSYoungGen: 60736K->1408K(61440K)] 445188K->385860K(572928K), 0.0025231 secs] [Times: user=0.01 sys=0.00, real=0.00 secs] 
2414.040: [GC (Allocation Failure) [PSYoungGen: 60800K->1344K(61440K)] 445252K->385796K(572928K), 0.0060987 secs] [Times: user=0.03 sys=0.00, real=0.01 secs] 
2414.315: [GC (Allocation Failure) [PSYoungGen: 60736K->1408K(61440K)] 445188K->385860K(572928K), 0.0019989 secs] [Times: user=0.01 sys=0.01, real=0.00 secs] 
2414.685: [GC (Allocation Failure) [PSYoungGen: 60800K->1549K(61440K)] 445252K->386001K(572928K), 0.0016324 secs] [Times: user=0.01 sys=0.00, real=0.00 secs] 
2415.032: [GC (Allocation Failure) [PSYoungGen: 60941K->1597K(61440K)] 445393K->386065K(572928K), 0.0016864 secs] [Times: user=0.01 sys=0.00, real=0.00 secs] 
2415.375: [GC (Allocation Failure) [PSYoungGen: 60989K->1597K(61440K)] 445457K->386065K(572928K), 0.0016283 secs] [Times: user=0.00 sys=0.00, real=0.00 secs] 
2415.721: [GC (Allocation Failure) [PSYoungGen: 60989K->1581K(61440K)] 445457K->386049K(572928K), 0.0016401 secs] [Times: user=0.01 sys=0.00, real=0.01 secs] 
2416.359: [GC (Allocation Failure) [PSYoungGen: 60973K->1456K(61440K)] 445441K->385932K(572928K), 0.0025185 secs] [Times: user=0.01 sys=0.00, real=0.00 secs] 
2417.765: [GC (Allocation Failure) [PSYoungGen: 60848K->1408K(61440K)] 445324K->385884K(572928K), 0.0038865 secs] [Times: user=0.01 sys=0.00, real=0.00 secs] 
2418.586: [GC (Allocation Failure) [PSYoungGen: 60800K->1376K(61440K)] 445276K->385852K(572928K), 0.0044125 secs] [Times: user=0.02 sys=0.00, real=0.00 secs] 
2419.446: [GC (Allocation Failure) [PSYoungGen: 60768K->1376K(61440K)] 445244K->385852K(572928K), 0.0038915 secs] [Times: user=0.02 sys=0.01, real=0.00 secs] 
2420.308: [GC (Allocation Failure) [PSYoungGen: 60768K->1376K(61440K)] 445244K->385860K(572928K), 0.0038290 secs] [Times: user=0.01 sys=0.01, real=0.00 secs] 
2421.005: [GC (Allocation Failure) [PSYoungGen: 60750K->1597K(61440K)] 445234K->386081K(572928K), 0.0015898 secs] [Times: user=0.01 sys=0.00, real=0.00 secs] 
2421.351: [GC (Allocation Failure) [PSYoungGen: 60989K->1581K(61440K)] 445473K->386097K(572928K), 0.0016930 secs] [Times: user=0.01 sys=0.00, real=0.01 secs] 
2421.696: [GC (Allocation Failure) [PSYoungGen: 60973K->1581K(61440K)] 445489K->386097K(572928K), 0.0016114 secs] [Times: user=0.00 sys=0.00, real=0.00 secs] 
2422.042: [GC (Allocation Failure) [PSYoungGen: 60973K->1552K(61440K)] 445489K->386068K(572928K), 0.0016065 secs] [Times: user=0.01 sys=0.00, real=0.00 secs] 
2422.392: [GC (Allocation Failure) [PSYoungGen: 60944K->1424K(61440K)] 445460K->385940K(572928K), 0.0020300 secs] [Times: user=0.01 sys=0.00, real=0.00 secs] 
2422.783: [GC (Allocation Failure) [PSYoungGen: 60816K->1376K(61440K)] 445332K->385892K(572928K), 0.0018284 secs] [Times: user=0.00 sys=0.00, real=0.00 secs] 
2423.525: [GC (Allocation Failure) [PSYoungGen: 60768K->1344K(61440K)] 445284K->385860K(572928K), 0.0024884 secs] [Times: user=0.01 sys=0.00, real=0.00 secs] 
2424.229: [GC (Allocation Failure) [PSYoungGen: 60736K->1376K(61440K)] 445252K->385892K(572928K), 0.0085316 secs] [Times: user=0.03 sys=0.00, real=0.01 secs] 
2425.107: [GC (Allocation Failure) [PSYoungGen: 60768K->1376K(61440K)] 445284K->385892K(572928K), 0.0024230 secs] [Times: user=0.01 sys=0.00, real=0.00 secs] 
2425.739: [GC (Allocation Failure) [PSYoungGen: 60751K->1504K(61440K)] 445267K->386020K(572928K), 0.0017279 secs] [Times: user=0.01 sys=0.00, real=0.00 secs] 
2426.141: [GC (Allocation Failure) [PSYoungGen: 60896K->1533K(61440K)] 445412K->386065K(572928K), 0.0016228 secs] [Times: user=0.01 sys=0.00, real=0.01 secs] 
2426.485: [GC (Allocation Failure) [PSYoungGen: 60925K->1520K(61440K)] 445457K->386052K(572928K), 0.0016451 secs] [Times: user=0.01 sys=0.00, real=0.00 secs] 
2426.829: [GC (Allocation Failure) [PSYoungGen: 60912K->1552K(61440K)] 445444K->386084K(572928K), 0.0017688 secs] [Times: user=0.01 sys=0.00, real=0.00 secs] 
2427.207: [GC (Allocation Failure) [PSYoungGen: 60944K->1408K(61440K)] 445476K->385964K(572928K), 0.0024448 secs] [Times: user=0.01 sys=0.00, real=0.00 secs] 
2427.506: [GC (Allocation Failure) [PSYoungGen: 60800K->1312K(61440K)] 445356K->385868K(572928K), 0.0020287 secs] [Times: user=0.01 sys=0.00, real=0.00 secs] 
2427.912: [GC (Allocation Failure) [PSYoungGen: 60704K->1360K(61440K)] 445260K->385916K(572928K), 0.0021443 secs] [Times: user=0.01 sys=0.00, real=0.01 secs] 
2428.486: [GC (Allocation Failure) [PSYoungGen: 60752K->1376K(61440K)] 445308K->385932K(572928K), 0.0028229 secs] [Times: user=0.02 sys=0.00, real=0.00 secs] 
2429.050: [GC (Allocation Failure) [PSYoungGen: 60768K->1344K(61440K)] 445324K->385908K(572928K), 0.0029488 secs] [Times: user=0.01 sys=0.00, real=0.01 secs] 
2429.496: [GC (Allocation Failure) [PSYoungGen: 60736K->1520K(61440K)] 445300K->386084K(572928K), 0.0016031 secs] [Times: user=0.01 sys=0.00, real=0.00 secs] 
2429.842: [GC (Allocation Failure) [PSYoungGen: 60904K->1533K(61440K)] 445468K->386113K(572928K), 0.0016024 secs] [Times: user=0.01 sys=0.00, real=0.01 secs] 
2430.188: [GC (Allocation Failure) [PSYoungGen: 60921K->1549K(61440K)] 445502K->386129K(572928K), 0.0016244 secs] [Times: user=0.01 sys=0.00, real=0.00 secs] 
2430.533: [GC (Allocation Failure) [PSYoungGen: 60941K->1501K(61440K)] 445521K->386081K(572928K), 0.0016526 secs] [Times: user=0.00 sys=0.00, real=0.00 secs] 
2431.078: [GC (Allocation Failure) [PSYoungGen: 60893K->1440K(61440K)] 445473K->386020K(572928K), 0.0018700 secs] [Times: user=0.00 sys=0.00, real=0.00 secs] 
2431.571: [GC (Allocation Failure) [PSYoungGen: 60832K->1376K(61440K)] 445412K->385956K(572928K), 0.0031822 secs] [Times: user=0.01 sys=0.00, real=0.01 secs] 
2432.158: [GC (Allocation Failure) [PSYoungGen: 60768K->1376K(61440K)] 445348K->385956K(572928K), 0.0028436 secs] [Times: user=0.01 sys=0.00, real=0.00 secs] 
2432.896: [GC (Allocation Failure) [PSYoungGen: 60768K->1312K(61440K)] 445348K->385892K(572928K), 0.0030276 secs] [Times: user=0.01 sys=0.00, real=0.00 secs] 
2433.784: [GC (Allocation Failure) [PSYoungGen: 60704K->1437K(61440K)] 445284K->386017K(572928K), 0.0023110 secs] [Times: user=0.01 sys=0.00, real=0.00 secs] 
2434.179: [GC (Allocation Failure) [PSYoungGen: 60799K->1565K(61440K)] 445379K->386145K(572928K), 0.0016164 secs] [Times: user=0.00 sys=0.00, real=0.00 secs] 
2434.529: [GC (Allocation Failure) [PSYoungGen: 60957K->1517K(61440K)] 445537K->386113K(572928K), 0.0015838 secs] [Times: user=0.00 sys=0.00, real=0.00 secs] 
2434.882: [GC (Allocation Failure) [PSYoungGen: 60909K->1504K(61440K)] 445505K->386100K(572928K), 0.0016571 secs] [Times: user=0.01 sys=0.00, real=0.00 secs] 
2435.231: [GC (Allocation Failure) [PSYoungGen: 60896K->1581K(61440K)] 445492K->386177K(572928K), 0.0016381 secs] [Times: user=0.01 sys=0.00, real=0.01 secs] 
2436.391: [GC (Allocation Failure) [PSYoungGen: 60973K->1408K(61440K)] 445569K->386004K(572928K), 0.0023258 secs] [Times: user=0.01 sys=0.00, real=0.01 secs] 
2437.479: [GC (Allocation Failure) [PSYoungGen: 60800K->1344K(61440K)] 445396K->385972K(572928K), 0.0028109 secs] [Times: user=0.01 sys=0.00, real=0.01 secs] 
2438.068: [GC (Allocation Failure) [PSYoungGen: 60736K->1344K(61440K)] 445364K->385972K(572928K), 0.0025359 secs] [Times: user=0.01 sys=0.00, real=0.00 secs] 
2438.736: [GC (Allocation Failure) [PSYoungGen: 60736K->1376K(61440K)] 445364K->386004K(572928K), 0.0024986 secs] [Times: user=0.01 sys=0.00, real=0.00 secs] 
2439.485: [GC (Allocation Failure) [PSYoungGen: 60768K->1485K(61440K)] 445396K->386113K(572928K), 0.0018236 secs] [Times: user=0.00 sys=0.00, real=0.00 secs] 
2439.834: [GC (Allocation Failure) [PSYoungGen: 60877K->1533K(61440K)] 445505K->386161K(572928K), 0.0016199 secs] [Times: user=0.01 sys=0.00, real=0.00 secs] 
2440.183: [GC (Allocation Failure) [PSYoungGen: 60925K->1536K(61440K)] 445553K->386180K(572928K), 0.0016335 secs] [Times: user=0.01 sys=0.00, real=0.00 secs] 
2440.528: [GC (Allocation Failure) [PSYoungGen: 60928K->1533K(61440K)] 445572K->386177K(572928K), 0.0015698 secs] [Times: user=0.00 sys=0.00, real=0.00 secs] 
2440.952: [GC (Allocation Failure) [PSYoungGen: 60925K->2016K(61440K)] 445569K->386660K(572928K), 0.0018560 secs] [Times: user=0.01 sys=0.00, real=0.01 secs] 
2441.610: [GC (Allocation Failure) [PSYoungGen: 61408K->1360K(61440K)] 446052K->386004K(572928K), 0.0042241 secs] [Times: user=0.01 sys=0.00, real=0.01 secs] 
2442.268: [GC (Allocation Failure) [PSYoungGen: 60752K->1344K(61440K)] 445396K->385988K(572928K), 0.0028542 secs] [Times: user=0.01 sys=0.00, real=0.00 secs] 
2442.813: [GC (Allocation Failure) [PSYoungGen: 60736K->1376K(61440K)] 445380K->386020K(572928K), 0.0030241 secs] [Times: user=0.01 sys=0.00, real=0.00 secs] 
2443.354: [GC (Allocation Failure) [PSYoungGen: 60768K->1344K(61440K)] 445412K->385988K(572928K), 0.0028850 secs] [Times: user=0.01 sys=0.00, real=0.00 secs] 
2443.920: [GC (Allocation Failure) [PSYoungGen: 60736K->1485K(61440K)] 445380K->386129K(572928K), 0.0016197 secs] [Times: user=0.01 sys=0.00, real=0.01 secs] 
2444.267: [GC (Allocation Failure) [PSYoungGen: 60874K->1520K(61440K)] 445519K->386164K(572928K), 0.0016280 secs] [Times: user=0.01 sys=0.00, real=0.00 secs] 
2444.613: [GC (Allocation Failure) [PSYoungGen: 60912K->1533K(61440K)] 445556K->386185K(572928K), 0.0016813 secs] [Times: user=0.01 sys=0.00, real=0.00 secs] 
2444.969: [GC (Allocation Failure) [PSYoungGen: 60925K->1549K(61440K)] 445577K->386201K(572928K), 0.0016416 secs] [Times: user=0.01 sys=0.00, real=0.00 secs] 
2445.324: [GC (Allocation Failure) [PSYoungGen: 60941K->1424K(61440K)] 445593K->386076K(572928K), 0.0018851 secs] [Times: user=0.01 sys=0.01, real=0.00 secs] 
2445.571: [GC (Allocation Failure) [PSYoungGen: 60816K->1408K(61440K)] 445468K->386060K(572928K), 0.0017149 secs] [Times: user=0.01 sys=0.00, real=0.01 secs] 
2445.818: [GC (Allocation Failure) [PSYoungGen: 60800K->1344K(61440K)] 445452K->386020K(572928K), 0.0016815 secs] [Times: user=0.01 sys=0.00, real=0.00 secs] 
2446.140: [GC (Allocation Failure) [PSYoungGen: 60736K->1376K(61440K)] 445412K->386052K(572928K), 0.0017824 secs] [Times: user=0.01 sys=0.00, real=0.00 secs] 
2446.415: [GC (Allocation Failure) [PSYoungGen: 60768K->1376K(61440K)] 445444K->386052K(572928K), 0.0019246 secs] [Times: user=0.01 sys=0.00, real=0.00 secs] 
2446.758: [GC (Allocation Failure) [PSYoungGen: 60768K->1472K(61440K)] 445444K->386148K(572928K), 0.0016841 secs] [Times: user=0.00 sys=0.00, real=0.00 secs] 
2447.105: [GC (Allocation Failure) [PSYoungGen: 60854K->1517K(61440K)] 445530K->386209K(572928K), 0.0015868 secs] [Times: user=0.00 sys=0.00, real=0.00 secs] 
2447.452: [GC (Allocation Failure) [PSYoungGen: 60909K->1533K(61440K)] 445601K->386225K(572928K), 0.0016027 secs] [Times: user=0.00 sys=0.00, real=0.00 secs] 
2447.797: [GC (Allocation Failure) [PSYoungGen: 60925K->1520K(61440K)] 445617K->386212K(572928K), 0.0017770 secs] [Times: user=0.01 sys=0.00, real=0.00 secs] 
2448.375: [GC (Allocation Failure) [PSYoungGen: 60912K->1456K(61440K)] 445604K->386148K(572928K), 0.0018270 secs] [Times: user=0.01 sys=0.00, real=0.00 secs] 
2449.072: [GC (Allocation Failure) [PSYoungGen: 60848K->1344K(61440K)] 445540K->386036K(572928K), 0.0040700 secs] [Times: user=0.01 sys=0.00, real=0.01 secs] 
2449.345: [GC (Allocation Failure) [PSYoungGen: 60736K->1376K(61440K)] 445428K->386068K(572928K), 0.0018754 secs] [Times: user=0.01 sys=0.00, real=0.00 secs] 
2449.652: [GC (Allocation Failure) [PSYoungGen: 60768K->1376K(61440K)] 445460K->386068K(572928K), 0.0018874 secs] [Times: user=0.01 sys=0.00, real=0.00 secs] 
2450.110: [GC (Allocation Failure) [PSYoungGen: 60768K->1344K(61440K)] 445460K->386036K(572928K), 0.0021735 secs] [Times: user=0.01 sys=0.00, real=0.01 secs] 
2450.509: [GC (Allocation Failure) [PSYoungGen: 60714K->1469K(61440K)] 445406K->386161K(572928K), 0.0015401 secs] [Times: user=0.00 sys=0.00, real=0.00 secs] 
2450.914: [GC (Allocation Failure) [PSYoungGen: 60861K->1565K(61440K)] 445553K->386273K(572928K), 0.0016859 secs] [Times: user=0.01 sys=0.00, real=0.00 secs] 
2451.262: [GC (Allocation Failure) [PSYoungGen: 60957K->1520K(61440K)] 445665K->386228K(572928K), 0.0023361 secs] [Times: user=0.01 sys=0.00, real=0.01 secs] 
2451.608: [GC (Allocation Failure) [PSYoungGen: 60912K->1565K(61440K)] 445620K->386273K(572928K), 0.0017157 secs] [Times: user=0.01 sys=0.00, real=0.00 secs] 
2451.942: [GC (Allocation Failure) [PSYoungGen: 60957K->1424K(61440K)] 445665K->386132K(572928K), 0.0023130 secs] [Times: user=0.01 sys=0.00, real=0.00 secs] 
2452.190: [GC (Allocation Failure) [PSYoungGen: 60816K->1376K(61440K)] 445524K->386084K(572928K), 0.0020043 secs] [Times: user=0.01 sys=0.00, real=0.01 secs] 
2452.437: [GC (Allocation Failure) [PSYoungGen: 60768K->1408K(61440K)] 445476K->386116K(572928K), 0.0019953 secs] [Times: user=0.01 sys=0.00, real=0.00 secs] 
2452.709: [GC (Allocation Failure) [PSYoungGen: 60800K->1376K(61440K)] 445508K->386084K(572928K), 0.0017975 secs] [Times: user=0.01 sys=0.00, real=0.00 secs] 
2453.097: [GC (Allocation Failure) [PSYoungGen: 60768K->1408K(61440K)] 445476K->386116K(572928K), 0.0019446 secs] [Times: user=0.01 sys=0.00, real=0.00 secs] 
2453.474: [GC (Allocation Failure) [PSYoungGen: 60800K->1536K(61440K)] 445508K->386244K(572928K), 0.0016593 secs] [Times: user=0.00 sys=0.00, real=0.00 secs] 
2453.823: [GC (Allocation Failure) [PSYoungGen: 60928K->1533K(61440K)] 445636K->386257K(572928K), 0.0016056 secs] [Times: user=0.00 sys=0.00, real=0.00 secs] 
2454.173: [GC (Allocation Failure) [PSYoungGen: 60901K->1501K(61440K)] 445626K->386241K(572928K), 0.0016122 secs] [Times: user=0.01 sys=0.00, real=0.00 secs] 
2454.519: [GC (Allocation Failure) [PSYoungGen: 60893K->1485K(61440K)] 445633K->386225K(572928K), 0.0016524 secs] [Times: user=0.01 sys=0.00, real=0.00 secs] 
2455.013: [GC (Allocation Failure) [PSYoungGen: 60877K->1408K(61440K)] 445617K->386148K(572928K), 0.0016515 secs] [Times: user=0.00 sys=0.00, real=0.00 secs] 
2455.577: [GC (Allocation Failure) [PSYoungGen: 60800K->1392K(61440K)] 445540K->386132K(572928K), 0.0020380 secs] [Times: user=0.01 sys=0.00, real=0.00 secs] 
2456.182: [GC (Allocation Failure) [PSYoungGen: 60784K->1344K(61440K)] 445524K->386084K(572928K), 0.0022685 secs] [Times: user=0.00 sys=0.01, real=0.00 secs] 
2456.667: [GC (Allocation Failure) [PSYoungGen: 60736K->1344K(61440K)] 445476K->386084K(572928K), 0.0037080 secs] [Times: user=0.01 sys=0.00, real=0.00 secs] 
2457.094: [GC (Allocation Failure) [PSYoungGen: 60736K->1424K(61440K)] 445476K->386164K(572928K), 0.0024512 secs] [Times: user=0.01 sys=0.00, real=0.00 secs] 
2457.507: [GC (Allocation Failure) [PSYoungGen: 60797K->1504K(61440K)] 445537K->386244K(572928K), 0.0015947 secs] [Times: user=0.01 sys=0.00, real=0.00 secs] 
2457.853: [GC (Allocation Failure) [PSYoungGen: 60879K->1520K(61440K)] 445620K->386268K(572928K), 0.0016251 secs] [Times: user=0.00 sys=0.00, real=0.00 secs] 
2458.200: [GC (Allocation Failure) [PSYoungGen: 60912K->1549K(61440K)] 445660K->386297K(572928K), 0.0016109 secs] [Times: user=0.01 sys=0.00, real=0.00 secs] 
2458.545: [GC (Allocation Failure) [PSYoungGen: 60941K->1517K(61440K)] 445689K->386265K(572928K), 0.0016384 secs] [Times: user=0.01 sys=0.00, real=0.00 secs] 
2459.145: [GC (Allocation Failure) [PSYoungGen: 60909K->1376K(61440K)] 445657K->386124K(572928K), 0.0022569 secs] [Times: user=0.01 sys=0.00, real=0.00 secs] 
2459.738: [GC (Allocation Failure) [PSYoungGen: 60768K->1408K(61440K)] 445516K->386156K(572928K), 0.0027587 secs] [Times: user=0.01 sys=0.00, real=0.00 secs] 
2460.407: [GC (Allocation Failure) [PSYoungGen: 60800K->1376K(61440K)] 445548K->386124K(572928K), 0.0028474 secs] [Times: user=0.01 sys=0.00, real=0.00 secs] 
2460.921: [GC (Allocation Failure) [PSYoungGen: 60768K->1312K(61440K)] 445516K->386060K(572928K), 0.0030260 secs] [Times: user=0.01 sys=0.00, real=0.01 secs] 
2461.468: [GC (Allocation Failure) [PSYoungGen: 60704K->1437K(61440K)] 445452K->386185K(572928K), 0.0019715 secs] [Times: user=0.01 sys=0.00, real=0.00 secs] 
2461.823: [GC (Allocation Failure) [PSYoungGen: 60829K->1565K(61440K)] 445577K->386313K(572928K), 0.0016016 secs] [Times: user=0.01 sys=0.00, real=0.00 secs] 
2462.169: [GC (Allocation Failure) [PSYoungGen: 60957K->1533K(61440K)] 445705K->386289K(572928K), 0.0016382 secs] [Times: user=0.01 sys=0.00, real=0.00 secs] 
2462.515: [GC (Allocation Failure) [PSYoungGen: 60925K->1533K(61440K)] 445681K->386289K(572928K), 0.0016265 secs] [Times: user=0.01 sys=0.00, real=0.00 secs] 
2462.947: [GC (Allocation Failure) [PSYoungGen: 60691K->1776K(61440K)] 445447K->386532K(572928K), 0.0018945 secs] [Times: user=0.01 sys=0.00, real=0.00 secs] 
2463.210: [GC (Allocation Failure) [PSYoungGen: 61168K->1376K(61440K)] 445924K->386132K(572928K), 0.0020164 secs] [Times: user=0.00 sys=0.00, real=0.00 secs] 
2463.480: [GC (Allocation Failure) [PSYoungGen: 60768K->1376K(61440K)] 445524K->386132K(572928K), 0.0020060 secs] [Times: user=0.01 sys=0.00, real=0.00 secs] 
2463.728: [GC (Allocation Failure) [PSYoungGen: 60768K->1376K(61440K)] 445524K->386132K(572928K), 0.0031955 secs] [Times: user=0.01 sys=0.00, real=0.00 secs] 
2463.976: [GC (Allocation Failure) [PSYoungGen: 60768K->1344K(61440K)] 445524K->386100K(572928K), 0.0021477 secs] [Times: user=0.01 sys=0.00, real=0.00 secs] 
2464.294: [GC (Allocation Failure) [PSYoungGen: 60736K->1517K(61440K)] 445492K->386273K(572928K), 0.0015365 secs] [Times: user=0.01 sys=0.00, real=0.00 secs] 
2464.641: [GC (Allocation Failure) [PSYoungGen: 60909K->1552K(61440K)] 445665K->386308K(572928K), 0.0015743 secs] [Times: user=0.00 sys=0.01, real=0.01 secs] 
2464.987: [GC (Allocation Failure) [PSYoungGen: 60944K->1613K(61440K)] 445700K->386393K(572928K), 0.0016131 secs] [Times: user=0.01 sys=0.00, real=0.00 secs] 
2465.342: [GC (Allocation Failure) [PSYoungGen: 61005K->1549K(61440K)] 445785K->386329K(572928K), 0.0016059 secs] [Times: user=0.00 sys=0.00, real=0.00 secs] 
2465.689: [GC (Allocation Failure) [PSYoungGen: 60941K->1488K(61440K)] 445721K->386268K(572928K), 0.0018698 secs] [Times: user=0.01 sys=0.00, real=0.00 secs] 
2465.936: [GC (Allocation Failure) [PSYoungGen: 60880K->1408K(61440K)] 445660K->386188K(572928K), 0.0018231 secs] [Times: user=0.01 sys=0.00, real=0.00 secs] 
2466.182: [GC (Allocation Failure) [PSYoungGen: 60800K->1376K(61440K)] 445580K->386156K(572928K), 0.0018147 secs] [Times: user=0.01 sys=0.00, real=0.00 secs] 
2466.580: [GC (Allocation Failure) [PSYoungGen: 60768K->1344K(61440K)] 445548K->386124K(572928K), 0.0017912 secs] [Times: user=0.01 sys=0.00, real=0.01 secs] 
2467.037: [GC (Allocation Failure) [PSYoungGen: 60736K->1376K(61440K)] 445516K->386156K(572928K), 0.0019013 secs] [Times: user=0.00 sys=0.00, real=0.00 secs] 
2467.447: [GC (Allocation Failure) [PSYoungGen: 60768K->1485K(61440K)] 445548K->386265K(572928K), 0.0015041 secs] [Times: user=0.01 sys=0.00, real=0.00 secs] 
2467.852: [GC (Allocation Failure) [PSYoungGen: 60877K->1533K(61440K)] 445657K->386329K(572928K), 0.0016487 secs] [Times: user=0.01 sys=0.00, real=0.00 secs] 
2468.259: [GC (Allocation Failure) [PSYoungGen: 60925K->1552K(61440K)] 445721K->386348K(572928K), 0.0016590 secs] [Times: user=0.00 sys=0.00, real=0.00 secs] 
2468.666: [GC (Allocation Failure) [PSYoungGen: 60944K->1565K(61440K)] 445740K->386361K(572928K), 0.0016742 secs] [Times: user=0.01 sys=0.00, real=0.00 secs] 
2468.970: [GC (Allocation Failure) [PSYoungGen: 60957K->1472K(61440K)] 445753K->386268K(572928K), 0.0019859 secs] [Times: user=0.01 sys=0.00, real=0.01 secs] 
2469.257: [GC (Allocation Failure) [PSYoungGen: 60864K->1344K(61440K)] 445660K->386140K(572928K), 0.0023386 secs] [Times: user=0.01 sys=0.00, real=0.00 secs] 
2469.652: [GC (Allocation Failure) [PSYoungGen: 60736K->1344K(61440K)] 445532K->386140K(572928K), 0.0019230 secs] [Times: user=0.01 sys=0.00, real=0.01 secs] 
2470.278: [GC (Allocation Failure) [PSYoungGen: 60736K->1328K(61440K)] 445532K->386124K(572928K), 0.0023126 secs] [Times: user=0.01 sys=0.00, real=0.00 secs] 
2470.921: [GC (Allocation Failure) [PSYoungGen: 60720K->1376K(61440K)] 445516K->386172K(572928K), 0.0041971 secs] [Times: user=0.02 sys=0.00, real=0.01 secs] 
2471.554: [GC (Allocation Failure) [PSYoungGen: 60768K->1469K(61440K)] 445564K->386265K(572928K), 0.0015805 secs] [Times: user=0.01 sys=0.00, real=0.00 secs] 
2471.901: [GC (Allocation Failure) [PSYoungGen: 60829K->1536K(61440K)] 445625K->386340K(572928K), 0.0016309 secs] [Times: user=0.01 sys=0.00, real=0.01 secs] 
2472.245: [GC (Allocation Failure) [PSYoungGen: 60928K->1568K(61440K)] 445732K->386372K(572928K), 0.0016179 secs] [Times: user=0.01 sys=0.00, real=0.00 secs] 
2472.590: [GC (Allocation Failure) [PSYoungGen: 60960K->1501K(61440K)] 445764K->386305K(572928K), 0.0016289 secs] [Times: user=0.01 sys=0.00, real=0.01 secs] 
2473.154: [GC (Allocation Failure) [PSYoungGen: 60893K->1488K(61440K)] 445697K->386292K(572928K), 0.0017807 secs] [Times: user=0.00 sys=0.00, real=0.00 secs] 
2473.708: [GC (Allocation Failure) [PSYoungGen: 60880K->1344K(61440K)] 445684K->386148K(572928K), 0.0019888 secs] [Times: user=0.01 sys=0.00, real=0.00 secs] 
2474.146: [GC (Allocation Failure) [PSYoungGen: 60736K->1344K(61440K)] 445540K->386148K(572928K), 0.0022716 secs] [Times: user=0.01 sys=0.00, real=0.00 secs] 
2474.615: [GC (Allocation Failure) [PSYoungGen: 60736K->1344K(61440K)] 445540K->386148K(572928K), 0.0021768 secs] [Times: user=0.01 sys=0.00, real=0.00 secs] 
2475.032: [GC (Allocation Failure) [PSYoungGen: 60736K->1344K(61440K)] 445540K->386148K(572928K), 0.0025446 secs] [Times: user=0.01 sys=0.00, real=0.00 secs] 
2475.475: [GC (Allocation Failure) [PSYoungGen: 60715K->1520K(61440K)] 445519K->386324K(572928K), 0.0019501 secs] [Times: user=0.00 sys=0.00, real=0.00 secs] 
2475.904: [GC (Allocation Failure) [PSYoungGen: 60912K->1581K(61440K)] 445716K->386401K(572928K), 0.0016433 secs] [Times: user=0.01 sys=0.00, real=0.00 secs] 
2476.248: [GC (Allocation Failure) [PSYoungGen: 60942K->1565K(61440K)] 445762K->386401K(572928K), 0.0017109 secs] [Times: user=0.00 sys=0.00, real=0.00 secs] 
2476.593: [GC (Allocation Failure) [PSYoungGen: 60957K->1533K(61440K)] 445793K->386369K(572928K), 0.0016740 secs] [Times: user=0.00 sys=0.00, real=0.00 secs] 
2476.934: [GC (Allocation Failure) [PSYoungGen: 60925K->1392K(61440K)] 445761K->386228K(572928K), 0.0029300 secs] [Times: user=0.01 sys=0.00, real=0.00 secs] 
2477.258: [GC (Allocation Failure) [PSYoungGen: 60784K->1376K(61440K)] 445620K->386212K(572928K), 0.0020700 secs] [Times: user=0.01 sys=0.00, real=0.00 secs] 
2477.505: [GC (Allocation Failure) [PSYoungGen: 60768K->1376K(61440K)] 445604K->386212K(572928K), 0.0020064 secs] [Times: user=0.01 sys=0.00, real=0.00 secs] 
2477.763: [GC (Allocation Failure) [PSYoungGen: 60768K->1344K(61440K)] 445604K->386180K(572928K), 0.0020821 secs] [Times: user=0.01 sys=0.00, real=0.00 secs] 
2478.009: [GC (Allocation Failure) [PSYoungGen: 60736K->1344K(61440K)] 445572K->386180K(572928K), 0.0018927 secs] [Times: user=0.01 sys=0.00, real=0.00 secs] 
2478.402: [GC (Allocation Failure) [PSYoungGen: 60736K->1501K(61440K)] 445572K->386337K(572928K), 0.0016107 secs] [Times: user=0.01 sys=0.00, real=0.01 secs] 
2478.747: [GC (Allocation Failure) [PSYoungGen: 60893K->1517K(61440K)] 445729K->386361K(572928K), 0.0015909 secs] [Times: user=0.01 sys=0.00, real=0.00 secs] 
2479.091: [GC (Allocation Failure) [PSYoungGen: 60909K->1533K(61440K)] 445753K->386377K(572928K), 0.0016136 secs] [Times: user=0.01 sys=0.00, real=0.01 secs] 
2479.437: [GC (GCLocker Initiated GC) [PSYoungGen: 60925K->1501K(61440K)] 445769K->386345K(572928K), 0.0015839 secs] [Times: user=0.00 sys=0.00, real=0.00 secs] 
2480.418: [GC (Allocation Failure) [PSYoungGen: 60893K->1408K(61440K)] 445740K->386255K(572928K), 0.0024861 secs] [Times: user=0.01 sys=0.00, real=0.00 secs] 
2481.129: [GC (Allocation Failure) [PSYoungGen: 60800K->1344K(61440K)] 445647K->386191K(572928K), 0.0028681 secs] [Times: user=0.02 sys=0.00, real=0.00 secs] 
2481.839: [GC (Allocation Failure) [PSYoungGen: 60736K->1344K(61440K)] 445583K->386191K(572928K), 0.0027890 secs] [Times: user=0.01 sys=0.00, real=0.01 secs] 
2482.540: [GC (Allocation Failure) [PSYoungGen: 60736K->1376K(61440K)] 445583K->386223K(572928K), 0.0028116 secs] [Times: user=0.01 sys=0.00, real=0.01 secs] 
2483.056: [GC (Allocation Failure) [PSYoungGen: 60745K->1469K(61440K)] 445593K->386316K(572928K), 0.0019050 secs] [Times: user=0.01 sys=0.00, real=0.00 secs] 
2483.429: [GC (Allocation Failure) [PSYoungGen: 60861K->1565K(61440K)] 445708K->386412K(572928K), 0.0016423 secs] [Times: user=0.01 sys=0.00, real=0.00 secs] 
2483.773: [GC (Allocation Failure) [PSYoungGen: 60957K->1565K(61440K)] 445804K->386428K(572928K), 0.0016240 secs] [Times: user=0.00 sys=0.00, real=0.00 secs] 
2484.119: [GC (Allocation Failure) [PSYoungGen: 60957K->1597K(61440K)] 445820K->386460K(572928K), 0.0016735 secs] [Times: user=0.00 sys=0.00, real=0.00 secs] 
2484.467: [GC (Allocation Failure) [PSYoungGen: 60989K->1533K(61440K)] 445852K->386396K(572928K), 0.0017020 secs] [Times: user=0.01 sys=0.00, real=0.00 secs] 
2484.765: [GC (Allocation Failure) [PSYoungGen: 60925K->1456K(61440K)] 445788K->386319K(572928K), 0.0018936 secs] [Times: user=0.01 sys=0.00, real=0.00 secs] 
2485.056: [GC (Allocation Failure) [PSYoungGen: 60848K->1440K(61440K)] 445711K->386303K(572928K), 0.0018112 secs] [Times: user=0.01 sys=0.00, real=0.00 secs] 
2485.410: [GC (Allocation Failure) [PSYoungGen: 60832K->1440K(61440K)] 445695K->386303K(572928K), 0.0018189 secs] [Times: user=0.00 sys=0.00, real=0.00 secs] 
2485.918: [GC (Allocation Failure) [PSYoungGen: 60832K->1392K(61440K)] 445695K->386255K(572928K), 0.0018900 secs] [Times: user=0.01 sys=0.00, real=0.00 secs] 
2486.420: [GC (Allocation Failure) [PSYoungGen: 60784K->1469K(61440K)] 445647K->386348K(572928K), 0.0015412 secs] [Times: user=0.00 sys=0.00, real=0.00 secs] 
2486.766: [GC (Allocation Failure) [PSYoungGen: 60861K->1565K(61440K)] 445740K->386444K(572928K), 0.0016249 secs] [Times: user=0.01 sys=0.00, real=0.00 secs] 
2487.111: [GC (Allocation Failure) [PSYoungGen: 60957K->1533K(61440K)] 445836K->386468K(572928K), 0.0016530 secs] [Times: user=0.01 sys=0.00, real=0.01 secs] 
2487.457: [GC (Allocation Failure) [PSYoungGen: 60925K->1501K(61440K)] 445860K->386436K(572928K), 0.0016483 secs] [Times: user=0.00 sys=0.00, real=0.00 secs] 
2487.823: [GC (Allocation Failure) [PSYoungGen: 60893K->1984K(61440K)] 445828K->386919K(572928K), 0.0017548 secs] [Times: user=0.00 sys=0.00, real=0.00 secs] 
2488.394: [GC (Allocation Failure) [PSYoungGen: 61376K->1344K(61440K)] 446311K->386279K(572928K), 0.0020270 secs] [Times: user=0.01 sys=0.00, real=0.00 secs] 
2488.928: [GC (Allocation Failure) [PSYoungGen: 60736K->1408K(61440K)] 445671K->386343K(572928K), 0.0020208 secs] [Times: user=0.01 sys=0.00, real=0.00 secs] 
2489.425: [GC (Allocation Failure) [PSYoungGen: 60800K->1376K(61440K)] 445735K->386311K(572928K), 0.0020371 secs] [Times: user=0.01 sys=0.00, real=0.00 secs] 
2489.949: [GC (Allocation Failure) [PSYoungGen: 60768K->1328K(61440K)] 445703K->386263K(572928K), 0.0017539 secs] [Times: user=0.00 sys=0.00, real=0.00 secs] 
2490.529: [GC (Allocation Failure) [PSYoungGen: 60720K->1453K(61440K)] 445655K->386388K(572928K), 0.0015199 secs] [Times: user=0.01 sys=0.00, real=0.00 secs] 
2490.875: [GC (Allocation Failure) [PSYoungGen: 60845K->1517K(61440K)] 445780K->386452K(572928K), 0.0015681 secs] [Times: user=0.01 sys=0.00, real=0.00 secs] 
2491.277: [GC (Allocation Failure) [PSYoungGen: 60909K->1552K(61440K)] 445844K->386503K(572928K), 0.0016690 secs] [Times: user=0.00 sys=0.00, real=0.00 secs] 
2491.624: [GC (Allocation Failure) [PSYoungGen: 60944K->1581K(61440K)] 445895K->386532K(572928K), 0.0017110 secs] [Times: user=0.01 sys=0.00, real=0.00 secs] 
2492.004: [GC (Allocation Failure) [PSYoungGen: 60973K->1504K(61440K)] 445924K->386455K(572928K), 0.0020315 secs] [Times: user=0.01 sys=0.00, real=0.00 secs] 
2492.251: [GC (Allocation Failure) [PSYoungGen: 60896K->1408K(61440K)] 445847K->386359K(572928K), 0.0020933 secs] [Times: user=0.01 sys=0.00, real=0.01 secs] 
2492.685: [GC (Allocation Failure) [PSYoungGen: 60800K->1408K(61440K)] 445751K->386359K(572928K), 0.0020200 secs] [Times: user=0.01 sys=0.00, real=0.00 secs] 
2493.217: [GC (Allocation Failure) [PSYoungGen: 60800K->1392K(61440K)] 445751K->386343K(572928K), 0.0027133 secs] [Times: user=0.01 sys=0.00, real=0.00 secs] 
2493.711: [GC (Allocation Failure) [PSYoungGen: 60784K->1344K(61440K)] 445735K->386295K(572928K), 0.0023325 secs] [Times: user=0.01 sys=0.00, real=0.01 secs] 
2494.331: [GC (Allocation Failure) [PSYoungGen: 60736K->1421K(61440K)] 445687K->386372K(572928K), 0.0015678 secs] [Times: user=0.00 sys=0.00, real=0.01 secs] 
2494.676: [GC (Allocation Failure) [PSYoungGen: 60813K->1552K(61440K)] 445764K->386519K(572928K), 0.0016656 secs] [Times: user=0.01 sys=0.00, real=0.00 secs] 
2495.021: [GC (Allocation Failure) [PSYoungGen: 60944K->1565K(61440K)] 445911K->386532K(572928K), 0.0016216 secs] [Times: user=0.01 sys=0.00, real=0.01 secs] 
2495.367: [GC (Allocation Failure) [PSYoungGen: 60957K->1565K(61440K)] 445924K->386532K(572928K), 0.0017087 secs] [Times: user=0.00 sys=0.00, real=0.00 secs] 
2495.711: [GC (Allocation Failure) [PSYoungGen: 60957K->1424K(61440K)] 445924K->386407K(572928K), 0.0023676 secs] [Times: user=0.01 sys=0.00, real=0.01 secs] 
2496.055: [GC (Allocation Failure) [PSYoungGen: 60816K->1344K(61440K)] 445799K->386327K(572928K), 0.0021185 secs] [Times: user=0.01 sys=0.00, real=0.00 secs] 
2496.324: [GC (Allocation Failure) [PSYoungGen: 60736K->1344K(61440K)] 445719K->386327K(572928K), 0.0020194 secs] [Times: user=0.01 sys=0.00, real=0.00 secs] 
2496.575: [GC (Allocation Failure) [PSYoungGen: 60736K->1344K(61440K)] 445719K->386327K(572928K), 0.0021398 secs] [Times: user=0.01 sys=0.00, real=0.00 secs] 
2496.826: [GC (Allocation Failure) [PSYoungGen: 60736K->1360K(61440K)] 445719K->386343K(572928K), 0.0019187 secs] [Times: user=0.00 sys=0.00, real=0.00 secs] 
2497.295: [GC (Allocation Failure) [PSYoungGen: 60752K->1424K(61440K)] 445735K->386407K(572928K), 0.0015708 secs] [Times: user=0.00 sys=0.00, real=0.00 secs] 
2497.640: [GC (Allocation Failure) [PSYoungGen: 60816K->1469K(61440K)] 445799K->386468K(572928K), 0.0016042 secs] [Times: user=0.00 sys=0.00, real=0.00 secs] 
2497.984: [GC (Allocation Failure) [PSYoungGen: 60861K->1520K(61440K)] 445860K->386519K(572928K), 0.0016590 secs] [Times: user=0.01 sys=0.00, real=0.00 secs] 
2498.329: [GC (Allocation Failure) [PSYoungGen: 60912K->1533K(61440K)] 445911K->386532K(572928K), 0.0016211 secs] [Times: user=0.01 sys=0.00, real=0.00 secs] 
2499.111: [GC (Allocation Failure) [PSYoungGen: 60925K->1376K(61440K)] 445924K->386375K(572928K), 0.0042191 secs] [Times: user=0.01 sys=0.00, real=0.01 secs] 
2499.725: [GC (Allocation Failure) [PSYoungGen: 60768K->1312K(61440K)] 445767K->386311K(572928K), 0.0028438 secs] [Times: user=0.01 sys=0.00, real=0.00 secs] 
2500.262: [GC (Allocation Failure) [PSYoungGen: 60704K->1376K(61440K)] 445703K->386375K(572928K), 0.0026988 secs] [Times: user=0.01 sys=0.00, real=0.00 secs] 
2500.693: [GC (Allocation Failure) [PSYoungGen: 60768K->1376K(61440K)] 445767K->386375K(572928K), 0.0024071 secs] [Times: user=0.01 sys=0.00, real=0.00 secs] 
2501.085: [GC (Allocation Failure) [PSYoungGen: 60768K->1344K(61440K)] 445767K->386343K(572928K), 0.0023129 secs] [Times: user=0.01 sys=0.00, real=0.00 secs] 
2501.553: [GC (Allocation Failure) [PSYoungGen: 60736K->1533K(61440K)] 445735K->386532K(572928K), 0.0017711 secs] [Times: user=0.01 sys=0.00, real=0.00 secs] 
2501.898: [GC (Allocation Failure) [PSYoungGen: 60895K->1565K(61440K)] 445894K->386580K(572928K), 0.0016278 secs] [Times: user=0.01 sys=0.00, real=0.00 secs] 
2502.245: [GC (Allocation Failure) [PSYoungGen: 60957K->1600K(61440K)] 445972K->386615K(572928K), 0.0015800 secs] [Times: user=0.01 sys=0.00, real=0.00 secs] 
2502.590: [GC (Allocation Failure) [PSYoungGen: 60992K->1565K(61440K)] 446007K->386580K(572928K), 0.0016071 secs] [Times: user=0.01 sys=0.00, real=0.00 secs] 
2502.914: [GC (Allocation Failure) [PSYoungGen: 60957K->1408K(61440K)] 445972K->386423K(572928K), 0.0025912 secs] [Times: user=0.01 sys=0.00, real=0.00 secs] 
2503.196: [GC (Allocation Failure) [PSYoungGen: 60800K->1376K(61440K)] 445815K->386391K(572928K), 0.0021387 secs] [Times: user=0.01 sys=0.00, real=0.00 secs] 
2503.460: [GC (Allocation Failure) [PSYoungGen: 60768K->1408K(61440K)] 445783K->386423K(572928K), 0.0020558 secs] [Times: user=0.01 sys=0.00, real=0.01 secs] 
2503.805: [GC (Allocation Failure) [PSYoungGen: 60800K->1376K(61440K)] 445815K->386391K(572928K), 0.0019598 secs] [Times: user=0.01 sys=0.00, real=0.00 secs] 
2504.384: [GC (Allocation Failure) [PSYoungGen: 60768K->1437K(61440K)] 445783K->386452K(572928K), 0.0022019 secs] [Times: user=0.01 sys=0.00, real=0.00 secs] 
2504.761: [GC (Allocation Failure) [PSYoungGen: 60829K->1581K(61440K)] 445844K->386596K(572928K), 0.0015939 secs] [Times: user=0.00 sys=0.00, real=0.01 secs] 
2505.166: [GC (Allocation Failure) [PSYoungGen: 60973K->1613K(61440K)] 445988K->386660K(572928K), 0.0018450 secs] [Times: user=0.01 sys=0.00, real=0.00 secs] 
2505.513: [GC (Allocation Failure) [PSYoungGen: 60973K->1549K(61440K)] 446021K->386596K(572928K), 0.0016212 secs] [Times: user=0.00 sys=0.00, real=0.00 secs] 
2505.917: [GC (Allocation Failure) [PSYoungGen: 60941K->1520K(61440K)] 445988K->386567K(572928K), 0.0019541 secs] [Times: user=0.01 sys=0.00, real=0.00 secs] 
2506.205: [GC (Allocation Failure) [PSYoungGen: 60912K->1376K(61440K)] 445959K->386423K(572928K), 0.0021035 secs] [Times: user=0.01 sys=0.00, real=0.00 secs] 
2506.452: [GC (Allocation Failure) [PSYoungGen: 60768K->1376K(61440K)] 445815K->386423K(572928K), 0.0019155 secs] [Times: user=0.01 sys=0.00, real=0.01 secs] 
2507.010: [GC (Allocation Failure) [PSYoungGen: 60768K->1376K(61440K)] 445815K->386423K(572928K), 0.0020106 secs] [Times: user=0.01 sys=0.00, real=0.00 secs] 
2507.582: [GC (Allocation Failure) [PSYoungGen: 60768K->1344K(61440K)] 445815K->386391K(572928K), 0.0023496 secs] [Times: user=0.01 sys=0.00, real=0.01 secs] 
2508.236: [GC (Allocation Failure) [PSYoungGen: 60736K->1437K(61440K)] 445783K->386484K(572928K), 0.0020326 secs] [Times: user=0.01 sys=0.00, real=0.00 secs] 
2508.599: [GC (Allocation Failure) [PSYoungGen: 60829K->1504K(61440K)] 445876K->386551K(572928K), 0.0016211 secs] [Times: user=0.01 sys=0.00, real=0.00 secs] 
2508.945: [GC (Allocation Failure) [PSYoungGen: 60896K->1549K(61440K)] 445943K->386612K(572928K), 0.0016234 secs] [Times: user=0.00 sys=0.00, real=0.00 secs] 
2509.290: [GC (Allocation Failure) [PSYoungGen: 60941K->1549K(61440K)] 446004K->386612K(572928K), 0.0016408 secs] [Times: user=0.00 sys=0.00, real=0.00 secs] 
2509.627: [GC (Allocation Failure) [PSYoungGen: 60941K->2032K(61440K)] 446004K->387095K(572928K), 0.0015703 secs] [Times: user=0.00 sys=0.00, real=0.00 secs] 
2510.060: [GC (Allocation Failure) [PSYoungGen: 61424K->1376K(61440K)] 446487K->386439K(572928K), 0.0017953 secs] [Times: user=0.01 sys=0.00, real=0.01 secs] 
2510.578: [GC (Allocation Failure) [PSYoungGen: 60768K->1344K(61440K)] 445831K->386407K(572928K), 0.0018964 secs] [Times: user=0.01 sys=0.00, real=0.00 secs] 
2511.067: [GC (Allocation Failure) [PSYoungGen: 60736K->1408K(61440K)] 445799K->386471K(572928K), 0.0020207 secs] [Times: user=0.01 sys=0.00, real=0.00 secs] 
2511.733: [GC (Allocation Failure) [PSYoungGen: 60800K->1376K(61440K)] 445863K->386439K(572928K), 0.0024602 secs] [Times: user=0.01 sys=0.00, real=0.00 secs] 
2512.266: [GC (Allocation Failure) [PSYoungGen: 60757K->1453K(61440K)] 445821K->386516K(572928K), 0.0015164 secs] [Times: user=0.01 sys=0.00, real=0.00 secs] 
2512.612: [GC (Allocation Failure) [PSYoungGen: 60845K->1565K(61440K)] 445908K->386628K(572928K), 0.0016044 secs] [Times: user=0.01 sys=0.00, real=0.00 secs] 
2512.960: [GC (Allocation Failure) [PSYoungGen: 60957K->1501K(61440K)] 446020K->386572K(572928K), 0.0016082 secs] [Times: user=0.00 sys=0.00, real=0.01 secs] 
2513.306: [GC (Allocation Failure) [PSYoungGen: 60893K->1501K(61440K)] 445964K->386572K(572928K), 0.0016283 secs] [Times: user=0.00 sys=0.00, real=0.00 secs] 
2513.750: [GC (Allocation Failure) [PSYoungGen: 60893K->1472K(61440K)] 445964K->386543K(572928K), 0.0017380 secs] [Times: user=0.00 sys=0.00, real=0.00 secs] 
2514.440: [GC (Allocation Failure) [PSYoungGen: 60864K->1376K(61440K)] 445935K->386447K(572928K), 0.0040248 secs] [Times: user=0.01 sys=0.00, real=0.01 secs] 
2514.962: [GC (Allocation Failure) [PSYoungGen: 60768K->1344K(61440K)] 445839K->386415K(572928K), 0.0024773 secs] [Times: user=0.01 sys=0.00, real=0.00 secs] 
2515.419: [GC (Allocation Failure) [PSYoungGen: 60736K->1344K(61440K)] 445807K->386415K(572928K), 0.0022243 secs] [Times: user=0.01 sys=0.00, real=0.00 secs] 
2515.965: [GC (Allocation Failure) [PSYoungGen: 60736K->1376K(61440K)] 445807K->386447K(572928K), 0.0023923 secs] [Times: user=0.01 sys=0.00, real=0.00 secs] 
2516.508: [GC (Allocation Failure) [PSYoungGen: 60768K->1549K(61440K)] 445839K->386636K(572928K), 0.0039390 secs] [Times: user=0.02 sys=0.00, real=0.01 secs] 
2516.865: [GC (Allocation Failure) [PSYoungGen: 60925K->1501K(61440K)] 446012K->386604K(572928K), 0.0016319 secs] [Times: user=0.01 sys=0.00, real=0.00 secs] 
2517.211: [GC (Allocation Failure) [PSYoungGen: 60893K->1549K(61440K)] 445996K->386652K(572928K), 0.0015892 secs] [Times: user=0.00 sys=0.00, real=0.01 secs] 
2517.613: [GC (Allocation Failure) [PSYoungGen: 60941K->1504K(61440K)] 446044K->386607K(572928K), 0.0016941 secs] [Times: user=0.01 sys=0.00, real=0.00 secs] 
2518.001: [GC (Allocation Failure) [PSYoungGen: 60896K->1456K(61440K)] 445999K->386559K(572928K), 0.0021479 secs] [Times: user=0.01 sys=0.00, real=0.01 secs] 
2518.262: [GC (Allocation Failure) [PSYoungGen: 60848K->1344K(61440K)] 445951K->386447K(572928K), 0.0021029 secs] [Times: user=0.00 sys=0.00, real=0.00 secs] 
2518.509: [GC (Allocation Failure) [PSYoungGen: 60736K->1376K(61440K)] 445839K->386479K(572928K), 0.0020433 secs] [Times: user=0.01 sys=0.00, real=0.00 secs] 
2518.776: [GC (Allocation Failure) [PSYoungGen: 60768K->1376K(61440K)] 445871K->386479K(572928K), 0.0024677 secs] [Times: user=0.01 sys=0.00, real=0.00 secs] 
2519.086: [GC (Allocation Failure) [PSYoungGen: 60768K->1376K(61440K)] 445871K->386479K(572928K), 0.0018779 secs] [Times: user=0.01 sys=0.00, real=0.00 secs] 
2519.428: [GC (Allocation Failure) [PSYoungGen: 60768K->1533K(61440K)] 445871K->386636K(572928K), 0.0015708 secs] [Times: user=0.00 sys=0.00, real=0.00 secs] 
2519.774: [GC (Allocation Failure) [PSYoungGen: 60925K->1533K(61440K)] 446028K->386644K(572928K), 0.0016076 secs] [Times: user=0.01 sys=0.00, real=0.00 secs] 
2520.120: [GC (Allocation Failure) [PSYoungGen: 60925K->1597K(61440K)] 446036K->386708K(572928K), 0.0016112 secs] [Times: user=0.01 sys=0.00, real=0.00 secs] 
2520.468: [GC (Allocation Failure) [PSYoungGen: 60989K->1501K(61440K)] 446100K->386612K(572928K), 0.0015855 secs] [Times: user=0.01 sys=0.00, real=0.00 secs] 
2520.961: [GC (Allocation Failure) [PSYoungGen: 60893K->1472K(61440K)] 446004K->386583K(572928K), 0.0019838 secs] [Times: user=0.01 sys=0.00, real=0.01 secs] 
2521.481: [GC (Allocation Failure) [PSYoungGen: 60864K->1376K(61440K)] 445975K->386487K(572928K), 0.0039958 secs] [Times: user=0.02 sys=0.00, real=0.01 secs] 
2521.947: [GC (Allocation Failure) [PSYoungGen: 60768K->1344K(61440K)] 445879K->386455K(572928K), 0.0024853 secs] [Times: user=0.01 sys=0.00, real=0.00 secs] 
2522.370: [GC (Allocation Failure) [PSYoungGen: 60736K->1344K(61440K)] 445847K->386455K(572928K), 0.0022467 secs] [Times: user=0.01 sys=0.00, real=0.00 secs] 
2522.799: [GC (Allocation Failure) [PSYoungGen: 60736K->1376K(61440K)] 445847K->386487K(572928K), 0.0023139 secs] [Times: user=0.01 sys=0.00, real=0.00 secs] 
2523.219: [GC (Allocation Failure) [PSYoungGen: 60747K->1533K(61440K)] 445858K->386644K(572928K), 0.0016108 secs] [Times: user=0.01 sys=0.00, real=0.00 secs] 
2523.565: [GC (Allocation Failure) [PSYoungGen: 60925K->1485K(61440K)] 446036K->386612K(572928K), 0.0016456 secs] [Times: user=0.01 sys=0.00, real=0.00 secs] 
2523.910: [GC (Allocation Failure) [PSYoungGen: 60877K->1565K(61440K)] 446004K->386692K(572928K), 0.0016753 secs] [Times: user=0.01 sys=0.00, real=0.00 secs] 
2524.256: [GC (Allocation Failure) [PSYoungGen: 60957K->1469K(61440K)] 446084K->386596K(572928K), 0.0016486 secs] [Times: user=0.01 sys=0.00, real=0.00 secs] 
2524.565: [GC (Allocation Failure) [PSYoungGen: 60861K->1392K(61440K)] 445988K->386519K(572928K), 0.0018306 secs] [Times: user=0.01 sys=0.00, real=0.00 secs] 
2524.812: [GC (Allocation Failure) [PSYoungGen: 60784K->1312K(61440K)] 445911K->386463K(572928K), 0.0016649 secs] [Times: user=0.01 sys=0.00, real=0.00 secs] 
2525.062: [GC (Allocation Failure) [PSYoungGen: 60704K->1408K(61440K)] 445855K->386559K(572928K), 0.0016248 secs] [Times: user=0.01 sys=0.00, real=0.00 secs] 
2525.350: [GC (Allocation Failure) [PSYoungGen: 60800K->1344K(61440K)] 445951K->386495K(572928K), 0.0027156 secs] [Times: user=0.01 sys=0.00, real=0.01 secs] 
2525.600: [GC (Allocation Failure) [PSYoungGen: 60736K->1376K(61440K)] 445887K->386527K(572928K), 0.0019594 secs] [Times: user=0.01 sys=0.00, real=0.01 secs] 
2526.009: [GC (Allocation Failure) [PSYoungGen: 60745K->1533K(61440K)] 445897K->386684K(572928K), 0.0016582 secs] [Times: user=0.01 sys=0.00, real=0.00 secs] 
2526.421: [GC (Allocation Failure) [PSYoungGen: 60925K->1568K(61440K)] 446076K->386727K(572928K), 0.0017125 secs] [Times: user=0.01 sys=0.00, real=0.01 secs] 
2526.775: [GC (Allocation Failure) [PSYoungGen: 60960K->1584K(61440K)] 446119K->386743K(572928K), 0.0016408 secs] [Times: user=0.01 sys=0.00, real=0.00 secs] 
2527.183: [GC (Allocation Failure) [PSYoungGen: 60976K->1533K(61440K)] 446135K->386692K(572928K), 0.0017029 secs] [Times: user=0.01 sys=0.00, real=0.00 secs] 
2527.683: [GC (Allocation Failure) [PSYoungGen: 60925K->1408K(61440K)] 446084K->386567K(572928K), 0.0027556 secs] [Times: user=0.01 sys=0.00, real=0.00 secs] 
2528.189: [GC (Allocation Failure) [PSYoungGen: 60800K->1344K(61440K)] 445959K->386503K(572928K), 0.0027599 secs] [Times: user=0.02 sys=0.00, real=0.01 secs] 
2528.699: [GC (Allocation Failure) [PSYoungGen: 60736K->1360K(61440K)] 445895K->386519K(572928K), 0.0022531 secs] [Times: user=0.01 sys=0.00, real=0.00 secs] 
2529.203: [GC (Allocation Failure) [PSYoungGen: 60752K->1344K(61440K)] 445911K->386503K(572928K), 0.0024677 secs] [Times: user=0.01 sys=0.00, real=0.00 secs] 
2529.795: [GC (Allocation Failure) [PSYoungGen: 60736K->1437K(61440K)] 445895K->386596K(572928K), 0.0025829 secs] [Times: user=0.01 sys=0.00, real=0.00 secs] 
2530.265: [GC (Allocation Failure) [PSYoungGen: 60829K->1501K(61440K)] 445988K->386660K(572928K), 0.0016775 secs] [Times: user=0.00 sys=0.00, real=0.00 secs] 
2530.614: [GC (Allocation Failure) [PSYoungGen: 60893K->1565K(61440K)] 446052K->386732K(572928K), 0.0015801 secs] [Times: user=0.01 sys=0.00, real=0.00 secs] 
2530.958: [GC (Allocation Failure) [PSYoungGen: 60957K->1597K(61440K)] 446124K->386764K(572928K), 0.0018489 secs] [Times: user=0.01 sys=0.00, real=0.00 secs] 
2531.365: [GC (Allocation Failure) [PSYoungGen: 60989K->288K(61440K)] 446156K->385455K(572928K), 0.0016292 secs] [Times: user=0.01 sys=0.00, real=0.00 secs] 
2531.658: [GC (Allocation Failure) [PSYoungGen: 59680K->1376K(61440K)] 444847K->386543K(572928K), 0.0027539 secs] [Times: user=0.02 sys=0.00, real=0.00 secs] 
2531.970: [GC (Allocation Failure) [PSYoungGen: 60768K->1376K(61440K)] 445935K->386543K(572928K), 0.0021165 secs] [Times: user=0.01 sys=0.00, real=0.01 secs] 
2532.217: [GC (Allocation Failure) [PSYoungGen: 60768K->1440K(61440K)] 445935K->386607K(572928K), 0.0019777 secs] [Times: user=0.00 sys=0.00, real=0.00 secs] 
2532.464: [GC (Allocation Failure) [PSYoungGen: 60832K->1376K(61440K)] 445999K->386543K(572928K), 0.0018627 secs] [Times: user=0.01 sys=0.00, real=0.00 secs] 
2532.787: [GC (Allocation Failure) [PSYoungGen: 60768K->1469K(61440K)] 445935K->386636K(572928K), 0.0015637 secs] [Times: user=0.01 sys=0.00, real=0.00 secs] 
2533.134: [GC (Allocation Failure) [PSYoungGen: 60861K->1565K(61440K)] 446028K->386732K(572928K), 0.0015951 secs] [Times: user=0.01 sys=0.00, real=0.00 secs] 
2533.480: [GC (Allocation Failure) [PSYoungGen: 60957K->1520K(61440K)] 446124K->386695K(572928K), 0.0016458 secs] [Times: user=0.00 sys=0.00, real=0.00 secs] 
2533.885: [GC (Allocation Failure) [PSYoungGen: 60912K->1565K(61440K)] 446087K->386740K(572928K), 0.0019689 secs] [Times: user=0.01 sys=0.00, real=0.00 secs] 
2534.264: [GC (Allocation Failure) [PSYoungGen: 60957K->1504K(61440K)] 446132K->386679K(572928K), 0.0021167 secs] [Times: user=0.01 sys=0.00, real=0.00 secs] 
2534.512: [GC (Allocation Failure) [PSYoungGen: 60896K->1376K(61440K)] 446071K->386575K(572928K), 0.0021023 secs] [Times: user=0.01 sys=0.00, real=0.00 secs] 
2534.790: [GC (Allocation Failure) [PSYoungGen: 60768K->1376K(61440K)] 445967K->386583K(572928K), 0.0019214 secs] [Times: user=0.01 sys=0.00, real=0.00 secs] 
2535.037: [GC (Allocation Failure) [PSYoungGen: 60768K->1344K(61440K)] 445975K->386551K(572928K), 0.0017750 secs] [Times: user=0.01 sys=0.00, real=0.00 secs] 
2535.514: [GC (Allocation Failure) [PSYoungGen: 60736K->1344K(61440K)] 445943K->386551K(572928K), 0.0020557 secs] [Times: user=0.00 sys=0.00, real=0.00 secs] 
2536.124: [GC (Allocation Failure) [PSYoungGen: 60736K->1453K(61440K)] 445943K->386660K(572928K), 0.0015908 secs] [Times: user=0.01 sys=0.00, real=0.00 secs] 
2536.468: [GC (Allocation Failure) [PSYoungGen: 60845K->1581K(61440K)] 446052K->386796K(572928K), 0.0016293 secs] [Times: user=0.00 sys=0.00, real=0.00 secs] 
2536.814: [GC (Allocation Failure) [PSYoungGen: 60973K->1613K(61440K)] 446188K->386836K(572928K), 0.0016475 secs] [Times: user=0.00 sys=0.00, real=0.00 secs] 
2537.169: [GC (Allocation Failure) [PSYoungGen: 61005K->1565K(61440K)] 446228K->386788K(572928K), 0.0016393 secs] [Times: user=0.01 sys=0.00, real=0.00 secs] 
2537.516: [GC (Allocation Failure) [PSYoungGen: 60957K->1488K(61440K)] 446180K->386711K(572928K), 0.0015853 secs] [Times: user=0.01 sys=0.00, real=0.00 secs] 
2537.762: [GC (Allocation Failure) [PSYoungGen: 60880K->1408K(61440K)] 446103K->386631K(572928K), 0.0015283 secs] [Times: user=0.01 sys=0.00, real=0.00 secs] 
2538.009: [GC (Allocation Failure) [PSYoungGen: 60800K->1376K(61440K)] 446023K->386599K(572928K), 0.0015019 secs] [Times: user=0.00 sys=0.00, real=0.00 secs] 
2538.261: [GC (Allocation Failure) [PSYoungGen: 60768K->1344K(61440K)] 445991K->386567K(572928K), 0.0015298 secs] [Times: user=0.00 sys=0.00, real=0.01 secs] 
2538.533: [GC (Allocation Failure) [PSYoungGen: 60736K->1360K(61440K)] 445959K->386583K(572928K), 0.0019914 secs] [Times: user=0.01 sys=0.00, real=0.00 secs] 
2538.876: [GC (Allocation Failure) [PSYoungGen: 60733K->1485K(61440K)] 445957K->386708K(572928K), 0.0015552 secs] [Times: user=0.00 sys=0.00, real=0.00 secs] 
2539.221: [GC (Allocation Failure) [PSYoungGen: 60877K->1536K(61440K)] 446100K->386775K(572928K), 0.0016631 secs] [Times: user=0.01 sys=0.00, real=0.01 secs] 
2539.567: [GC (Allocation Failure) [PSYoungGen: 60928K->1552K(61440K)] 446167K->386791K(572928K), 0.0016190 secs] [Times: user=0.00 sys=0.00, real=0.00 secs] 
2539.913: [GC (Allocation Failure) [PSYoungGen: 60944K->1597K(61440K)] 446183K->386836K(572928K), 0.0016111 secs] [Times: user=0.01 sys=0.00, real=0.00 secs] 
2540.916: [GC (Allocation Failure) [PSYoungGen: 60989K->1424K(61440K)] 446228K->386663K(572928K), 0.0025516 secs] [Times: user=0.01 sys=0.00, real=0.00 secs] 
2541.907: [GC (Allocation Failure) [PSYoungGen: 60816K->1344K(61440K)] 446055K->386583K(572928K), 0.0028041 secs] [Times: user=0.01 sys=0.00, real=0.00 secs] 
2542.758: [GC (Allocation Failure) [PSYoungGen: 60736K->1376K(61440K)] 445975K->386615K(572928K), 0.0025911 secs] [Times: user=0.01 sys=0.00, real=0.00 secs] 
2543.126: [GC (Allocation Failure) [PSYoungGen: 60768K->1344K(61440K)] 446007K->386583K(572928K), 0.0020390 secs] [Times: user=0.01 sys=0.00, real=0.00 secs] 
2543.403: [GC (Allocation Failure) [PSYoungGen: 60736K->1408K(61440K)] 445975K->386647K(572928K), 0.0019847 secs] [Times: user=0.00 sys=0.00, real=0.00 secs] 
2543.797: [GC (Allocation Failure) [PSYoungGen: 60800K->1469K(61440K)] 446039K->386708K(572928K), 0.0015864 secs] [Times: user=0.00 sys=0.00, real=0.00 secs] 
2544.143: [GC (Allocation Failure) [PSYoungGen: 60861K->1501K(61440K)] 446100K->386756K(572928K), 0.0016292 secs] [Times: user=0.01 sys=0.00, real=0.00 secs] 
2544.490: [GC (Allocation Failure) [PSYoungGen: 60893K->1504K(61440K)] 446148K->386759K(572928K), 0.0016366 secs] [Times: user=0.01 sys=0.00, real=0.00 secs] 
2544.837: [GC (Allocation Failure) [PSYoungGen: 60896K->1597K(61440K)] 446151K->386852K(572928K), 0.0017870 secs] [Times: user=0.01 sys=0.00, real=0.00 secs] 
2545.997: [GC (Allocation Failure) [PSYoungGen: 60989K->1360K(61440K)] 446244K->386615K(572928K), 0.0043871 secs] [Times: user=0.02 sys=0.00, real=0.00 secs] 
2546.944: [GC (Allocation Failure) [PSYoungGen: 60752K->1344K(61440K)] 446007K->386599K(572928K), 0.0028049 secs] [Times: user=0.01 sys=0.00, real=0.00 secs] 
2547.204: [GC (Allocation Failure) [PSYoungGen: 60736K->1408K(61440K)] 445991K->386663K(572928K), 0.0020807 secs] [Times: user=0.01 sys=0.00, real=0.00 secs] 
2547.451: [GC (Allocation Failure) [PSYoungGen: 60800K->1408K(61440K)] 446055K->386687K(572928K), 0.0018488 secs] [Times: user=0.01 sys=0.00, real=0.01 secs] 
2547.705: [GC (Allocation Failure) [PSYoungGen: 60800K->1344K(61440K)] 446079K->386623K(572928K), 0.0020346 secs] [Times: user=0.01 sys=0.00, real=0.00 secs] 
2548.064: [GC (Allocation Failure) [PSYoungGen: 60736K->1517K(61440K)] 446015K->386796K(572928K), 0.0015678 secs] [Times: user=0.00 sys=0.00, real=0.00 secs] 
2548.413: [GC (Allocation Failure) [PSYoungGen: 60909K->1469K(61440K)] 446188K->386764K(572928K), 0.0016323 secs] [Times: user=0.00 sys=0.00, real=0.00 secs] 
2548.757: [GC (Allocation Failure) [PSYoungGen: 60861K->1552K(61440K)] 446156K->386847K(572928K), 0.0016117 secs] [Times: user=0.00 sys=0.00, real=0.00 secs] 
2549.104: [GC (Allocation Failure) [PSYoungGen: 60944K->1581K(61440K)] 446239K->386876K(572928K), 0.0016218 secs] [Times: user=0.00 sys=0.00, real=0.00 secs] 
2550.111: [GC (Allocation Failure) [PSYoungGen: 60973K->1376K(61440K)] 446268K->386671K(572928K), 0.0023146 secs] [Times: user=0.01 sys=0.00, real=0.01 secs] 
2551.002: [GC (Allocation Failure) [PSYoungGen: 60768K->1344K(61440K)] 446063K->386639K(572928K), 0.0026806 secs] [Times: user=0.01 sys=0.00, real=0.01 secs] 
2551.594: [GC (Allocation Failure) [PSYoungGen: 60736K->1360K(61440K)] 446031K->386655K(572928K), 0.0019748 secs] [Times: user=0.01 sys=0.00, real=0.00 secs] 
2551.841: [GC (Allocation Failure) [PSYoungGen: 60752K->1376K(61440K)] 446047K->386671K(572928K), 0.0019443 secs] [Times: user=0.00 sys=0.01, real=0.01 secs] 
2552.121: [GC (Allocation Failure) [PSYoungGen: 60768K->1501K(61440K)] 446063K->386796K(572928K), 0.0018539 secs] [Times: user=0.01 sys=0.00, real=0.01 secs] 
2552.474: [GC (Allocation Failure) [PSYoungGen: 60893K->1533K(61440K)] 446188K->386828K(572928K), 0.0017345 secs] [Times: user=0.01 sys=0.00, real=0.00 secs] 
2552.820: [GC (Allocation Failure) [PSYoungGen: 60925K->1533K(61440K)] 446220K->386836K(572928K), 0.0015822 secs] [Times: user=0.01 sys=0.00, real=0.00 secs] 
2553.224: [GC (Allocation Failure) [PSYoungGen: 60925K->1581K(61440K)] 446228K->386884K(572928K), 0.0016727 secs] [Times: user=0.01 sys=0.00, real=0.00 secs] 
2553.628: [GC (Allocation Failure) [PSYoungGen: 60973K->1517K(61440K)] 446276K->386820K(572928K), 0.0015967 secs] [Times: user=0.01 sys=0.00, real=0.00 secs] 
2554.904: [GC (Allocation Failure) [PSYoungGen: 60909K->1376K(61440K)] 446212K->386679K(572928K), 0.0028337 secs] [Times: user=0.01 sys=0.00, real=0.00 secs] 
2555.678: [GC (Allocation Failure) [PSYoungGen: 60768K->1344K(61440K)] 446071K->386647K(572928K), 0.0035643 secs] [Times: user=0.02 sys=0.00, real=0.01 secs] 
2556.323: [GC (Allocation Failure) [PSYoungGen: 60736K->1328K(61440K)] 446039K->386631K(572928K), 0.0028400 secs] [Times: user=0.01 sys=0.00, real=0.00 secs] 
2556.744: [GC (Allocation Failure) [PSYoungGen: 60720K->1408K(61440K)] 446023K->386711K(572928K), 0.0026786 secs] [Times: user=0.01 sys=0.00, real=0.00 secs] 
2557.247: [GC (Allocation Failure) [PSYoungGen: 60773K->1437K(61440K)] 446076K->386740K(572928K), 0.0020215 secs] [Times: user=0.01 sys=0.00, real=0.00 secs] 
2557.614: [GC (Allocation Failure) [PSYoungGen: 60829K->1485K(61440K)] 446132K->386812K(572928K), 0.0016164 secs] [Times: user=0.00 sys=0.00, real=0.00 secs] 
2558.019: [GC (Allocation Failure) [PSYoungGen: 60877K->1552K(61440K)] 446204K->386895K(572928K), 0.0016629 secs] [Times: user=0.01 sys=0.00, real=0.00 secs] 
2558.364: [GC (Allocation Failure) [PSYoungGen: 60944K->1565K(61440K)] 446287K->386908K(572928K), 0.0016825 secs] [Times: user=0.01 sys=0.00, real=0.00 secs] 
2558.795: [GC (Allocation Failure) [PSYoungGen: 60957K->1760K(61440K)] 446300K->387103K(572928K), 0.0018555 secs] [Times: user=0.00 sys=0.00, real=0.00 secs] 
2559.042: [GC (Allocation Failure) [PSYoungGen: 61152K->1408K(61440K)] 446495K->386759K(572928K), 0.0021399 secs] [Times: user=0.01 sys=0.00, real=0.00 secs] 
2559.289: [GC (Allocation Failure) [PSYoungGen: 60800K->1408K(61440K)] 446151K->386759K(572928K), 0.0019635 secs] [Times: user=0.01 sys=0.00, real=0.00 secs] 
2559.563: [GC (Allocation Failure) [PSYoungGen: 60800K->1376K(61440K)] 446151K->386727K(572928K), 0.0030022 secs] [Times: user=0.02 sys=0.00, real=0.00 secs] 
2560.037: [GC (Allocation Failure) [PSYoungGen: 60768K->1376K(61440K)] 446119K->386727K(572928K), 0.0023199 secs] [Times: user=0.00 sys=0.00, real=0.00 secs] 
2560.460: [GC (Allocation Failure) [PSYoungGen: 60744K->1485K(61440K)] 446095K->386836K(572928K), 0.0015714 secs] [Times: user=0.00 sys=0.00, real=0.01 secs] 
2560.866: [GC (Allocation Failure) [PSYoungGen: 60877K->1581K(61440K)] 446228K->386932K(572928K), 0.0017063 secs] [Times: user=0.01 sys=0.00, real=0.00 secs] 
2561.270: [GC (Allocation Failure) [PSYoungGen: 60973K->1565K(61440K)] 446324K->386924K(572928K), 0.0016723 secs] [Times: user=0.01 sys=0.00, real=0.00 secs] 
2561.673: [GC (Allocation Failure) [PSYoungGen: 60957K->1597K(61440K)] 446316K->386956K(572928K), 0.0016672 secs] [Times: user=0.01 sys=0.00, real=0.00 secs] 
2562.192: [GC (Allocation Failure) [PSYoungGen: 60989K->1456K(61440K)] 446348K->386815K(572928K), 0.0023614 secs] [Times: user=0.01 sys=0.00, real=0.01 secs] 
2562.679: [GC (Allocation Failure) [PSYoungGen: 60848K->1328K(61440K)] 446207K->386687K(572928K), 0.0020602 secs] [Times: user=0.01 sys=0.00, real=0.00 secs] 
2562.926: [GC (Allocation Failure) [PSYoungGen: 60720K->1392K(61440K)] 446079K->386751K(572928K), 0.0020434 secs] [Times: user=0.01 sys=0.00, real=0.00 secs] 
2563.239: [GC (Allocation Failure) [PSYoungGen: 60784K->1376K(61440K)] 446143K->386735K(572928K), 0.0020235 secs] [Times: user=0.01 sys=0.00, real=0.00 secs] 
2563.485: [GC (Allocation Failure) [PSYoungGen: 60768K->1344K(61440K)] 446127K->386703K(572928K), 0.0019593 secs] [Times: user=0.00 sys=0.00, real=0.00 secs] 
2563.860: [GC (Allocation Failure) [PSYoungGen: 60719K->1472K(61440K)] 446078K->386831K(572928K), 0.0015100 secs] [Times: user=0.01 sys=0.00, real=0.00 secs] 
2564.270: [GC (Allocation Failure) [PSYoungGen: 60864K->1565K(61440K)] 446223K->386940K(572928K), 0.0016728 secs] [Times: user=0.01 sys=0.00, real=0.00 secs] 
2564.615: [GC (Allocation Failure) [PSYoungGen: 60957K->1597K(61440K)] 446332K->387004K(572928K), 0.0016630 secs] [Times: user=0.01 sys=0.00, real=0.00 secs] 
2565.023: [GC (Allocation Failure) [PSYoungGen: 60989K->1549K(61440K)] 446396K->386956K(572928K), 0.0016300 secs] [Times: user=0.01 sys=0.00, real=0.00 secs] 
2565.365: [GC (Allocation Failure) [PSYoungGen: 60941K->1424K(61440K)] 446348K->386831K(572928K), 0.0024152 secs] [Times: user=0.01 sys=0.00, real=0.00 secs] 
2565.614: [GC (Allocation Failure) [PSYoungGen: 60816K->1360K(61440K)] 446223K->386767K(572928K), 0.0021083 secs] [Times: user=0.01 sys=0.00, real=0.00 secs] 
2565.861: [GC (Allocation Failure) [PSYoungGen: 60752K->1376K(61440K)] 446159K->386783K(572928K), 0.0020514 secs] [Times: user=0.01 sys=0.00, real=0.01 secs] 
2566.108: [GC (Allocation Failure) [PSYoungGen: 60768K->1344K(61440K)] 446175K->386751K(572928K), 0.0019425 secs] [Times: user=0.01 sys=0.00, real=0.00 secs] 
2566.498: [GC (Allocation Failure) [PSYoungGen: 60736K->1376K(61440K)] 446143K->386783K(572928K), 0.0019202 secs] [Times: user=0.01 sys=0.00, real=0.00 secs] 
2566.995: [GC (Allocation Failure) [PSYoungGen: 60744K->1437K(61440K)] 446152K->386844K(572928K), 0.0016923 secs] [Times: user=0.01 sys=0.00, real=0.00 secs] 
2567.343: [GC (Allocation Failure) [PSYoungGen: 60829K->1533K(61440K)] 446236K->386956K(572928K), 0.0016967 secs] [Times: user=0.01 sys=0.00, real=0.00 secs] 
2567.688: [GC (Allocation Failure) [PSYoungGen: 60925K->1501K(61440K)] 446348K->386924K(572928K), 0.0016338 secs] [Times: user=0.00 sys=0.00, real=0.00 secs] 
2568.044: [GC (Allocation Failure) [PSYoungGen: 60893K->1533K(61440K)] 446316K->386956K(572928K), 0.0016557 secs] [Times: user=0.01 sys=0.01, real=0.00 secs] 
2568.642: [GC (Allocation Failure) [PSYoungGen: 60925K->1424K(61440K)] 446348K->386847K(572928K), 0.0023626 secs] [Times: user=0.01 sys=0.00, real=0.00 secs] 
2568.937: [GC (Allocation Failure) [PSYoungGen: 60816K->1376K(61440K)] 446239K->386799K(572928K), 0.0019982 secs] [Times: user=0.01 sys=0.00, real=0.00 secs] 
2569.234: [GC (Allocation Failure) [PSYoungGen: 60768K->1376K(61440K)] 446191K->386807K(572928K), 0.0021035 secs] [Times: user=0.01 sys=0.00, real=0.00 secs] 
2569.481: [GC (Allocation Failure) [PSYoungGen: 60768K->1376K(61440K)] 446199K->386807K(572928K), 0.0020644 secs] [Times: user=0.01 sys=0.00, real=0.01 secs] 
2569.728: [GC (Allocation Failure) [PSYoungGen: 60768K->1344K(61440K)] 446199K->386775K(572928K), 0.0019979 secs] [Times: user=0.00 sys=0.00, real=0.00 secs] 
2570.100: [GC (Allocation Failure) [PSYoungGen: 60736K->1485K(61440K)] 446167K->386916K(572928K), 0.0015757 secs] [Times: user=0.01 sys=0.00, real=0.00 secs] 
2570.445: [GC (Allocation Failure) [PSYoungGen: 60877K->1533K(61440K)] 446308K->386980K(572928K), 0.0016136 secs] [Times: user=0.00 sys=0.00, real=0.00 secs] 
2570.792: [GC (Allocation Failure) [PSYoungGen: 60925K->1581K(61440K)] 446372K->387028K(572928K), 0.0015975 secs] [Times: user=0.00 sys=0.00, real=0.00 secs] 
2571.201: [GC (Allocation Failure) [PSYoungGen: 60973K->1565K(61440K)] 446420K->387012K(572928K), 0.0017082 secs] [Times: user=0.01 sys=0.00, real=0.01 secs] 
2571.921: [GC (Allocation Failure) [PSYoungGen: 60957K->1408K(61440K)] 446404K->386855K(572928K), 0.0040643 secs] [Times: user=0.02 sys=0.00, real=0.01 secs] 
2572.657: [GC (Allocation Failure) [PSYoungGen: 60800K->1376K(61440K)] 446247K->386823K(572928K), 0.0035762 secs] [Times: user=0.02 sys=0.00, real=0.00 secs] 
2573.216: [GC (Allocation Failure) [PSYoungGen: 60768K->1376K(61440K)] 446215K->386823K(572928K), 0.0032238 secs] [Times: user=0.01 sys=0.00, real=0.00 secs] 
2573.520: [GC (Allocation Failure) [PSYoungGen: 60768K->1408K(61440K)] 446215K->386855K(572928K), 0.0019976 secs] [Times: user=0.01 sys=0.00, real=0.00 secs] 
2573.784: [GC (Allocation Failure) [PSYoungGen: 60680K->320K(61440K)] 446128K->385767K(572928K), 0.0020245 secs] [Times: user=0.01 sys=0.00, real=0.00 secs] 
2574.228: [GC (Allocation Failure) [PSYoungGen: 59712K->1565K(61440K)] 445159K->387012K(572928K), 0.0019598 secs] [Times: user=0.00 sys=0.00, real=0.00 secs] 
2574.580: [GC (Allocation Failure) [PSYoungGen: 60957K->1469K(61440K)] 446404K->386924K(572928K), 0.0016129 secs] [Times: user=0.01 sys=0.00, real=0.01 secs] 
2574.929: [GC (Allocation Failure) [PSYoungGen: 60861K->1533K(61440K)] 446316K->386988K(572928K), 0.0016136 secs] [Times: user=0.01 sys=0.00, real=0.00 secs] 
2575.274: [GC (Allocation Failure) [PSYoungGen: 60925K->1552K(61440K)] 446380K->387023K(572928K), 0.0015890 secs] [Times: user=0.00 sys=0.00, real=0.00 secs] 
2575.622: [GC (Allocation Failure) [PSYoungGen: 60944K->1408K(61440K)] 446415K->386879K(572928K), 0.0029263 secs] [Times: user=0.01 sys=0.00, real=0.00 secs] 
2575.869: [GC (Allocation Failure) [PSYoungGen: 60800K->1344K(61440K)] 446271K->386815K(572928K), 0.0028152 secs] [Times: user=0.01 sys=0.00, real=0.00 secs] 
2576.118: [GC (Allocation Failure) [PSYoungGen: 60736K->1376K(61440K)] 446207K->386847K(572928K), 0.0021382 secs] [Times: user=0.00 sys=0.00, real=0.00 secs] 
2576.476: [GC (Allocation Failure) [PSYoungGen: 60768K->1344K(61440K)] 446239K->386815K(572928K), 0.0022059 secs] [Times: user=0.01 sys=0.00, real=0.00 secs] 
2576.792: [GC (Allocation Failure) [PSYoungGen: 60735K->1405K(61440K)] 446206K->386876K(572928K), 0.0017594 secs] [Times: user=0.00 sys=0.00, real=0.01 secs] 
2577.140: [GC (Allocation Failure) [PSYoungGen: 60797K->1565K(61440K)] 446268K->387036K(572928K), 0.0016004 secs] [Times: user=0.01 sys=0.00, real=0.00 secs] 
2577.486: [GC (Allocation Failure) [PSYoungGen: 60957K->1533K(61440K)] 446428K->387020K(572928K), 0.0016005 secs] [Times: user=0.00 sys=0.00, real=0.00 secs] 
2577.833: [GC (Allocation Failure) [PSYoungGen: 60925K->1517K(61440K)] 446412K->387004K(572928K), 0.0017851 secs] [Times: user=0.00 sys=0.00, real=0.00 secs] 
2578.206: [GC (Allocation Failure) [PSYoungGen: 60909K->1552K(61440K)] 446396K->387039K(572928K), 0.0019775 secs] [Times: user=0.01 sys=0.00, real=0.00 secs] 
2578.796: [GC (Allocation Failure) [PSYoungGen: 60944K->1392K(61440K)] 446431K->386879K(572928K), 0.0019278 secs] [Times: user=0.01 sys=0.01, real=0.00 secs] 
2579.425: [GC (Allocation Failure) [PSYoungGen: 60784K->1376K(61440K)] 446271K->386863K(572928K), 0.0029723 secs] [Times: user=0.01 sys=0.00, real=0.00 secs] 
2580.165: [GC (Allocation Failure) [PSYoungGen: 60768K->1328K(61440K)] 446255K->386815K(572928K), 0.0031851 secs] [Times: user=0.01 sys=0.00, real=0.00 secs] 
2580.787: [GC (Allocation Failure) [PSYoungGen: 60720K->1376K(61440K)] 446207K->386863K(572928K), 0.0034725 secs] [Times: user=0.02 sys=0.00, real=0.00 secs] 
2581.369: [GC (Allocation Failure) [PSYoungGen: 60768K->1485K(61440K)] 446255K->386972K(572928K), 0.0019741 secs] [Times: user=0.01 sys=0.00, real=0.00 secs] 
2581.723: [GC (Allocation Failure) [PSYoungGen: 60877K->1613K(61440K)] 446364K->387100K(572928K), 0.0016618 secs] [Times: user=0.01 sys=0.00, real=0.00 secs] 
2582.127: [GC (Allocation Failure) [PSYoungGen: 61005K->1552K(61440K)] 446492K->387055K(572928K), 0.0016618 secs] [Times: user=0.01 sys=0.00, real=0.00 secs] 
2582.530: [GC (Allocation Failure) [PSYoungGen: 60944K->1565K(61440K)] 446447K->387068K(572928K), 0.0017122 secs] [Times: user=0.01 sys=0.00, real=0.01 secs] 
2582.930: [GC (Allocation Failure) [PSYoungGen: 60957K->1488K(61440K)] 446460K->386991K(572928K), 0.0020297 secs] [Times: user=0.01 sys=0.00, real=0.01 secs] 
2583.178: [GC (Allocation Failure) [PSYoungGen: 60880K->1376K(61440K)] 446383K->386879K(572928K), 0.0022420 secs] [Times: user=0.01 sys=0.00, real=0.00 secs] 
2583.454: [GC (Allocation Failure) [PSYoungGen: 60768K->1376K(61440K)] 446271K->386887K(572928K), 0.0019373 secs] [Times: user=0.01 sys=0.00, real=0.00 secs] 
2583.701: [GC (Allocation Failure) [PSYoungGen: 60768K->1376K(61440K)] 446279K->386887K(572928K), 0.0018289 secs] [Times: user=0.00 sys=0.00, real=0.01 secs] 
2583.947: [GC (Allocation Failure) [PSYoungGen: 60768K->1408K(61440K)] 446279K->386919K(572928K), 0.0019843 secs] [Times: user=0.01 sys=0.00, real=0.00 secs] 
2584.274: [GC (Allocation Failure) [PSYoungGen: 60800K->1453K(61440K)] 446311K->386964K(572928K), 0.0015750 secs] [Times: user=0.01 sys=0.00, real=0.00 secs] 
2584.620: [GC (Allocation Failure) [PSYoungGen: 60842K->1533K(61440K)] 446353K->387060K(572928K), 0.0016038 secs] [Times: user=0.00 sys=0.00, real=0.01 secs] 
2584.967: [GC (Allocation Failure) [PSYoungGen: 60925K->1533K(61440K)] 446452K->387060K(572928K), 0.0016441 secs] [Times: user=0.00 sys=0.00, real=0.00 secs] 
2585.312: [GC (Allocation Failure) [PSYoungGen: 60925K->1581K(61440K)] 446452K->387124K(572928K), 0.0016149 secs] [Times: user=0.01 sys=0.00, real=0.00 secs] 
2585.658: [GC (Allocation Failure) [PSYoungGen: 60973K->1456K(61440K)] 446516K->386999K(572928K), 0.0020141 secs] [Times: user=0.01 sys=0.00, real=0.00 secs] 
2585.913: [GC (Allocation Failure) [PSYoungGen: 60848K->1344K(61440K)] 446391K->386887K(572928K), 0.0017510 secs] [Times: user=0.01 sys=0.00, real=0.00 secs] 
2586.162: [GC (Allocation Failure) [PSYoungGen: 60736K->1392K(61440K)] 446279K->386935K(572928K), 0.0019631 secs] [Times: user=0.01 sys=0.00, real=0.01 secs] 
2586.501: [GC (Allocation Failure) [PSYoungGen: 60784K->1376K(61440K)] 446327K->386919K(572928K), 0.0019168 secs] [Times: user=0.00 sys=0.00, real=0.01 secs] 
2586.749: [GC (Allocation Failure) [PSYoungGen: 60768K->1376K(61440K)] 446311K->386919K(572928K), 0.0019882 secs] [Times: user=0.00 sys=0.00, real=0.00 secs] 
2587.118: [GC (Allocation Failure) [PSYoungGen: 60745K->1488K(61440K)] 446289K->387031K(572928K), 0.0015612 secs] [Times: user=0.01 sys=0.00, real=0.00 secs] 
2587.464: [GC (Allocation Failure) [PSYoungGen: 60853K->1501K(61440K)] 446397K->387060K(572928K), 0.0016381 secs] [Times: user=0.01 sys=0.00, real=0.00 secs] 
2587.808: [GC (Allocation Failure) [PSYoungGen: 60893K->1517K(61440K)] 446452K->387076K(572928K), 0.0016023 secs] [Times: user=0.01 sys=0.00, real=0.00 secs] 
2588.154: [GC (Allocation Failure) [PSYoungGen: 60909K->1533K(61440K)] 446468K->387092K(572928K), 0.0016526 secs] [Times: user=0.01 sys=0.00, real=0.00 secs] 
2588.561: [GC (Allocation Failure) [PSYoungGen: 60925K->1424K(61440K)] 446484K->386983K(572928K), 0.0017058 secs] [Times: user=0.01 sys=0.00, real=0.01 secs] 
2589.085: [GC (Allocation Failure) [PSYoungGen: 60816K->1312K(61440K)] 446375K->386871K(572928K), 0.0021909 secs] [Times: user=0.00 sys=0.00, real=0.00 secs] 
2589.555: [GC (Allocation Failure) [PSYoungGen: 60704K->1376K(61440K)] 446263K->386935K(572928K), 0.0019959 secs] [Times: user=0.01 sys=0.00, real=0.00 secs] 
2590.190: [GC (Allocation Failure) [PSYoungGen: 60768K->1312K(61440K)] 446327K->386871K(572928K), 0.0028529 secs] [Times: user=0.02 sys=0.00, real=0.01 secs] 
2590.930: [GC (Allocation Failure) [PSYoungGen: 60704K->1344K(61440K)] 446263K->386903K(572928K), 0.0028336 secs] [Times: user=0.01 sys=0.00, real=0.01 secs] 
2591.472: [GC (Allocation Failure) [PSYoungGen: 60713K->1536K(61440K)] 446272K->387095K(572928K), 0.0016010 secs] [Times: user=0.00 sys=0.01, real=0.00 secs] 
2591.819: [GC (Allocation Failure) [PSYoungGen: 60928K->1533K(61440K)] 446487K->387108K(572928K), 0.0016240 secs] [Times: user=0.01 sys=0.00, real=0.00 secs] 
2592.162: [GC (Allocation Failure) [PSYoungGen: 60921K->1533K(61440K)] 446496K->387108K(572928K), 0.0016068 secs] [Times: user=0.00 sys=0.00, real=0.00 secs] 
2592.507: [GC (Allocation Failure) [PSYoungGen: 60925K->1552K(61440K)] 446500K->387127K(572928K), 0.0016548 secs] [Times: user=0.01 sys=0.00, real=0.00 secs] 
2593.184: [GC (Allocation Failure) [PSYoungGen: 60944K->1408K(61440K)] 446519K->386983K(572928K), 0.0023849 secs] [Times: user=0.01 sys=0.00, real=0.00 secs] 
2593.872: [GC (Allocation Failure) [PSYoungGen: 60800K->1344K(61440K)] 446375K->386919K(572928K), 0.0021097 secs] [Times: user=0.01 sys=0.00, real=0.01 secs] 
2594.593: [GC (Allocation Failure) [PSYoungGen: 60736K->1344K(61440K)] 446311K->386919K(572928K), 0.0019283 secs] [Times: user=0.01 sys=0.00, real=0.00 secs] 
2595.041: [GC (Allocation Failure) [PSYoungGen: 60736K->1517K(61440K)] 446311K->387092K(572928K), 0.0015911 secs] [Times: user=0.01 sys=0.00, real=0.01 secs] 
2595.283: [GC (Allocation Failure) [PSYoungGen: 60897K->1549K(61440K)] 446473K->387124K(572928K), 0.0016211 secs] [Times: user=0.01 sys=0.00, real=0.00 secs] 
2595.523: [GC (Allocation Failure) [PSYoungGen: 60941K->1501K(61440K)] 446516K->387076K(572928K), 0.0016244 secs] [Times: user=0.01 sys=0.00, real=0.00 secs] 
2595.762: [GC (Allocation Failure) [PSYoungGen: 60893K->1597K(61440K)] 446468K->387188K(572928K), 0.0016031 secs] [Times: user=0.01 sys=0.00, real=0.00 secs] 
2596.076: [GC (Allocation Failure) [PSYoungGen: 60989K->1424K(61440K)] 446580K->387031K(572928K), 0.0017442 secs] [Times: user=0.01 sys=0.00, real=0.00 secs] 
2596.484: [GC (Allocation Failure) [PSYoungGen: 60816K->1312K(61440K)] 446423K->386919K(572928K), 0.0017619 secs] [Times: user=0.01 sys=0.00, real=0.00 secs] 
2596.848: [GC (Allocation Failure) [PSYoungGen: 60704K->1312K(61440K)] 446311K->386919K(572928K), 0.0017280 secs] [Times: user=0.01 sys=0.00, real=0.00 secs] 
2597.312: [GC (Allocation Failure) [PSYoungGen: 60704K->1376K(61440K)] 446311K->386983K(572928K), 0.0022060 secs] [Times: user=0.01 sys=0.00, real=0.00 secs] 
2598.181: [GC (Allocation Failure) [PSYoungGen: 60768K->1376K(61440K)] 446375K->386983K(572928K), 0.0031697 secs] [Times: user=0.01 sys=0.00, real=0.01 secs] 
2598.872: [GC (Allocation Failure) [PSYoungGen: 60768K->1517K(61440K)] 446375K->387124K(572928K), 0.0016031 secs] [Times: user=0.00 sys=0.00, real=0.01 secs] 
2599.218: [GC (Allocation Failure) [PSYoungGen: 60909K->1533K(61440K)] 446516K->387140K(572928K), 0.0016075 secs] [Times: user=0.01 sys=0.00, real=0.00 secs] 
2599.563: [GC (Allocation Failure) [PSYoungGen: 60925K->1565K(61440K)] 446532K->387172K(572928K), 0.0016206 secs] [Times: user=0.01 sys=0.00, real=0.00 secs] 
2599.909: [GC (Allocation Failure) [PSYoungGen: 60957K->1552K(61440K)] 446564K->387167K(572928K), 0.0016103 secs] [Times: user=0.01 sys=0.00, real=0.00 secs] 
2600.971: [GC (Allocation Failure) [PSYoungGen: 60944K->1424K(61440K)] 446559K->387039K(572928K), 0.0038060 secs] [Times: user=0.02 sys=0.00, real=0.01 secs] 
2601.304: [GC (Allocation Failure) [PSYoungGen: 60816K->1344K(61440K)] 446431K->386959K(572928K), 0.0026141 secs] [Times: user=0.01 sys=0.00, real=0.00 secs] 
2601.551: [GC (Allocation Failure) [PSYoungGen: 60736K->1344K(61440K)] 446351K->386959K(572928K), 0.0019716 secs] [Times: user=0.01 sys=0.00, real=0.01 secs] 
2601.831: [GC (Allocation Failure) [PSYoungGen: 60736K->1312K(61440K)] 446351K->386927K(572928K), 0.0020351 secs] [Times: user=0.01 sys=0.00, real=0.01 secs] 
2602.081: [GC (Allocation Failure) [PSYoungGen: 60704K->1328K(61440K)] 446319K->386943K(572928K), 0.0022595 secs] [Times: user=0.01 sys=0.00, real=0.01 secs] 
2602.492: [GC (Allocation Failure) [PSYoungGen: 60720K->1504K(61440K)] 446335K->387119K(572928K), 0.0016088 secs] [Times: user=0.01 sys=0.00, real=0.01 secs] 
2602.837: [GC (Allocation Failure) [PSYoungGen: 60896K->1565K(61440K)] 446511K->387196K(572928K), 0.0015971 secs] [Times: user=0.01 sys=0.00, real=0.00 secs] 
2603.183: [GC (Allocation Failure) [PSYoungGen: 60957K->1549K(61440K)] 446588K->387180K(572928K), 0.0016090 secs] [Times: user=0.01 sys=0.00, real=0.00 secs] 
2603.528: [GC (Allocation Failure) [PSYoungGen: 60941K->1533K(61440K)] 446572K->387164K(572928K), 0.0016436 secs] [Times: user=0.00 sys=0.00, real=0.00 secs] 
2604.725: [GC (Allocation Failure) [PSYoungGen: 60925K->1424K(61440K)] 446556K->387055K(572928K), 0.0022172 secs] [Times: user=0.01 sys=0.00, real=0.00 secs] 
2605.011: [GC (Allocation Failure) [PSYoungGen: 60816K->1376K(61440K)] 446447K->387007K(572928K), 0.0020019 secs] [Times: user=0.00 sys=0.00, real=0.01 secs] 
2605.262: [GC (Allocation Failure) [PSYoungGen: 60768K->1424K(61440K)] 446399K->387055K(572928K), 0.0019698 secs] [Times: user=0.01 sys=0.00, real=0.01 secs] 
2605.509: [GC (Allocation Failure) [PSYoungGen: 60816K->1344K(61440K)] 446447K->386983K(572928K), 0.0019912 secs] [Times: user=0.01 sys=0.00, real=0.00 secs] 
2605.826: [GC (Allocation Failure) [PSYoungGen: 60729K->1453K(61440K)] 446369K->387092K(572928K), 0.0019897 secs] [Times: user=0.00 sys=0.00, real=0.00 secs] 
2606.190: [GC (Allocation Failure) [PSYoungGen: 60845K->1600K(61440K)] 446484K->387239K(572928K), 0.0016467 secs] [Times: user=0.00 sys=0.00, real=0.00 secs] 
2606.535: [GC (Allocation Failure) [PSYoungGen: 60992K->1517K(61440K)] 446631K->387172K(572928K), 0.0016052 secs] [Times: user=0.01 sys=0.00, real=0.00 secs] 
2606.885: [GC (Allocation Failure) [PSYoungGen: 60909K->1565K(61440K)] 446564K->387220K(572928K), 0.0017785 secs] [Times: user=0.00 sys=0.00, real=0.00 secs] 
2607.230: [GC (Allocation Failure) [PSYoungGen: 60957K->1533K(61440K)] 446612K->387188K(572928K), 0.0016130 secs] [Times: user=0.01 sys=0.00, real=0.01 secs] 
2607.991: [GC (Allocation Failure) [PSYoungGen: 60925K->1392K(61440K)] 446580K->387047K(572928K), 0.0023629 secs] [Times: user=0.01 sys=0.00, real=0.01 secs] 
2608.643: [GC (Allocation Failure) [PSYoungGen: 60784K->1360K(61440K)] 446439K->387015K(572928K), 0.0029346 secs] [Times: user=0.01 sys=0.01, real=0.00 secs] 
2609.438: [GC (Allocation Failure) [PSYoungGen: 60752K->1328K(61440K)] 446407K->386983K(572928K), 0.0030367 secs] [Times: user=0.01 sys=0.00, real=0.00 secs] 
2610.157: [GC (Allocation Failure) [PSYoungGen: 60720K->1344K(61440K)] 446375K->386999K(572928K), 0.0041709 secs] [Times: user=0.01 sys=0.00, real=0.00 secs] 
2611.237: [GC (Allocation Failure) [PSYoungGen: 60729K->1437K(61440K)] 446385K->387092K(572928K), 0.0023695 secs] [Times: user=0.01 sys=0.00, real=0.00 secs] 
2611.626: [GC (Allocation Failure) [PSYoungGen: 60829K->1597K(61440K)] 446484K->387252K(572928K), 0.0016994 secs] [Times: user=0.00 sys=0.00, real=0.00 secs] 
2611.971: [GC (Allocation Failure) [PSYoungGen: 60989K->1501K(61440K)] 446644K->387164K(572928K), 0.0016265 secs] [Times: user=0.00 sys=0.00, real=0.01 secs] 
2612.316: [GC (Allocation Failure) [PSYoungGen: 60893K->1533K(61440K)] 446556K->387196K(572928K), 0.0016717 secs] [Times: user=0.00 sys=0.00, real=0.00 secs] 
2612.655: [GC (Allocation Failure) [PSYoungGen: 60925K->1632K(61440K)] 446588K->387295K(572928K), 0.0015411 secs] [Times: user=0.00 sys=0.00, real=0.00 secs] 
2613.371: [GC (Allocation Failure) [PSYoungGen: 61024K->1408K(61440K)] 446687K->387071K(572928K), 0.0022619 secs] [Times: user=0.01 sys=0.00, real=0.01 secs] 
2613.619: [GC (Allocation Failure) [PSYoungGen: 60800K->1344K(61440K)] 446463K->387007K(572928K), 0.0021224 secs] [Times: user=0.01 sys=0.00, real=0.00 secs] 
2614.149: [GC (Allocation Failure) [PSYoungGen: 60736K->1376K(61440K)] 446399K->387039K(572928K), 0.0019657 secs] [Times: user=0.01 sys=0.00, real=0.00 secs] 
2614.772: [GC (Allocation Failure) [PSYoungGen: 60768K->1344K(61440K)] 446431K->387007K(572928K), 0.0029268 secs] [Times: user=0.01 sys=0.00, real=0.01 secs] 
2615.407: [GC (Allocation Failure) [PSYoungGen: 60736K->1485K(61440K)] 446399K->387148K(572928K), 0.0020636 secs] [Times: user=0.01 sys=0.00, real=0.00 secs] 
2615.767: [GC (Allocation Failure) [PSYoungGen: 60877K->1565K(61440K)] 446540K->387228K(572928K), 0.0016601 secs] [Times: user=0.01 sys=0.00, real=0.00 secs] 
2616.114: [GC (Allocation Failure) [PSYoungGen: 60957K->1568K(61440K)] 446620K->387239K(572928K), 0.0016660 secs] [Times: user=0.00 sys=0.00, real=0.00 secs] 
2616.464: [GC (Allocation Failure) [PSYoungGen: 60960K->1504K(61440K)] 446631K->387175K(572928K), 0.0016351 secs] [Times: user=0.01 sys=0.00, real=0.00 secs] 
2616.833: [GC (Allocation Failure) [PSYoungGen: 60896K->1472K(61440K)] 446567K->387159K(572928K), 0.0021380 secs] [Times: user=0.01 sys=0.00, real=0.00 secs] 
2617.095: [GC (Allocation Failure) [PSYoungGen: 60864K->1376K(61440K)] 446551K->387063K(572928K), 0.0022673 secs] [Times: user=0.01 sys=0.00, real=0.00 secs] 
2617.399: [GC (Allocation Failure) [PSYoungGen: 60768K->1344K(61440K)] 446455K->387031K(572928K), 0.0019865 secs] [Times: user=0.01 sys=0.00, real=0.00 secs] 
2617.706: [GC (Allocation Failure) [PSYoungGen: 60736K->1344K(61440K)] 446423K->387031K(572928K), 0.0019347 secs] [Times: user=0.01 sys=0.00, real=0.00 secs] 
2617.958: [GC (Allocation Failure) [PSYoungGen: 60736K->1376K(61440K)] 446423K->387063K(572928K), 0.0019931 secs] [Times: user=0.01 sys=0.00, real=0.00 secs] 
2618.284: [GC (Allocation Failure) [PSYoungGen: 60768K->1469K(61440K)] 446455K->387156K(572928K), 0.0015781 secs] [Times: user=0.00 sys=0.00, real=0.00 secs] 
2618.631: [GC (Allocation Failure) [PSYoungGen: 60855K->1549K(61440K)] 446543K->387252K(572928K), 0.0016225 secs] [Times: user=0.00 sys=0.00, real=0.01 secs] 
2618.980: [GC (Allocation Failure) [PSYoungGen: 60941K->1488K(61440K)] 446644K->387191K(572928K), 0.0026682 secs] [Times: user=0.01 sys=0.00, real=0.01 secs] 
2619.335: [GC (Allocation Failure) [PSYoungGen: 60880K->1581K(61440K)] 446583K->387284K(572928K), 0.0016113 secs] [Times: user=0.01 sys=0.00, real=0.00 secs] 
2619.763: [GC (Allocation Failure) [PSYoungGen: 60973K->1488K(61440K)] 446676K->387191K(572928K), 0.0019921 secs] [Times: user=0.01 sys=0.00, real=0.00 secs] 
2620.147: [GC (Allocation Failure) [PSYoungGen: 60880K->1360K(61440K)] 446583K->387063K(572928K), 0.0017744 secs] [Times: user=0.00 sys=0.00, real=0.00 secs] 
2620.641: [GC (Allocation Failure) [PSYoungGen: 60752K->1312K(61440K)] 446455K->387015K(572928K), 0.0028833 secs] [Times: user=0.02 sys=0.00, real=0.01 secs] 
2621.140: [GC (Allocation Failure) [PSYoungGen: 60704K->1376K(61440K)] 446407K->387079K(572928K), 0.0030164 secs] [Times: user=0.01 sys=0.01, real=0.01 secs] 
2621.619: [GC (Allocation Failure) [PSYoungGen: 60768K->1360K(61440K)] 446471K->387063K(572928K), 0.0032023 secs] [Times: user=0.01 sys=0.00, real=0.01 secs] 
2622.108: [GC (Allocation Failure) [PSYoungGen: 60752K->1517K(61440K)] 446455K->387220K(572928K), 0.0015210 secs] [Times: user=0.01 sys=0.00, real=0.00 secs] 
2622.453: [GC (Allocation Failure) [PSYoungGen: 60909K->1517K(61440K)] 446612K->387228K(572928K), 0.0015555 secs] [Times: user=0.00 sys=0.00, real=0.00 secs] 
2622.855: [GC (Allocation Failure) [PSYoungGen: 60909K->1568K(61440K)] 446620K->387279K(572928K), 0.0016717 secs] [Times: user=0.00 sys=0.00, real=0.00 secs] 
2623.202: [GC (Allocation Failure) [PSYoungGen: 60960K->1565K(61440K)] 446671K->387276K(572928K), 0.0016949 secs] [Times: user=0.00 sys=0.00, real=0.01 secs] 
2623.548: [GC (Allocation Failure) [PSYoungGen: 60957K->1408K(61440K)] 446668K->387119K(572928K), 0.0022009 secs] [Times: user=0.01 sys=0.00, real=0.00 secs] 
2624.033: [GC (Allocation Failure) [PSYoungGen: 60800K->1344K(61440K)] 446511K->387055K(572928K), 0.0028034 secs] [Times: user=0.01 sys=0.00, real=0.00 secs] 
2624.497: [GC (Allocation Failure) [PSYoungGen: 60736K->1376K(61440K)] 446447K->387095K(572928K), 0.0039526 secs] [Times: user=0.02 sys=0.00, real=0.00 secs] 
2624.972: [GC (Allocation Failure) [PSYoungGen: 60768K->1376K(61440K)] 446487K->387095K(572928K), 0.0027910 secs] [Times: user=0.01 sys=0.00, real=0.00 secs] 
2625.477: [GC (Allocation Failure) [PSYoungGen: 60768K->1344K(61440K)] 446487K->387063K(572928K), 0.0027089 secs] [Times: user=0.01 sys=0.00, real=0.00 secs] 
2626.264: [GC (Allocation Failure) [PSYoungGen: 60725K->1520K(61440K)] 446444K->387263K(572928K), 0.0016783 secs] [Times: user=0.00 sys=0.00, real=0.00 secs] 
2626.611: [GC (Allocation Failure) [PSYoungGen: 60912K->1565K(61440K)] 446655K->387324K(572928K), 0.0016626 secs] [Times: user=0.00 sys=0.00, real=0.01 secs] 
2626.956: [GC (Allocation Failure) [PSYoungGen: 60934K->1533K(61440K)] 446694K->387292K(572928K), 0.0016785 secs] [Times: user=0.01 sys=0.00, real=0.00 secs] 
2627.302: [GC (Allocation Failure) [PSYoungGen: 60925K->1536K(61440K)] 446684K->387295K(572928K), 0.0016617 secs] [Times: user=0.01 sys=0.00, real=0.00 secs] 
2627.730: [GC (Allocation Failure) [PSYoungGen: 60928K->1424K(61440K)] 446687K->387183K(572928K), 0.0018760 secs] [Times: user=0.00 sys=0.00, real=0.01 secs] 
2628.218: [GC (Allocation Failure) [PSYoungGen: 60816K->1376K(61440K)] 446575K->387135K(572928K), 0.0019644 secs] [Times: user=0.01 sys=0.00, real=0.00 secs] 
2628.735: [GC (Allocation Failure) [PSYoungGen: 60768K->1360K(61440K)] 446527K->387119K(572928K), 0.0023490 secs] [Times: user=0.01 sys=0.00, real=0.00 secs] 
2629.288: [GC (Allocation Failure) [PSYoungGen: 60752K->1376K(61440K)] 446511K->387135K(572928K), 0.0034493 secs] [Times: user=0.01 sys=0.00, real=0.00 secs] 
2629.811: [GC (Allocation Failure) [PSYoungGen: 60768K->1376K(61440K)] 446527K->387135K(572928K), 0.0027251 secs] [Times: user=0.01 sys=0.00, real=0.01 secs] 
2630.256: [GC (Allocation Failure) [PSYoungGen: 60768K->1533K(61440K)] 446527K->387292K(572928K), 0.0015911 secs] [Times: user=0.01 sys=0.00, real=0.00 secs] 
2630.662: [GC (Allocation Failure) [PSYoungGen: 60925K->1613K(61440K)] 446684K->387388K(572928K), 0.0016813 secs] [Times: user=0.01 sys=0.00, real=0.00 secs] 
2631.066: [GC (Allocation Failure) [PSYoungGen: 61005K->1584K(61440K)] 446780K->387359K(572928K), 0.0016387 secs] [Times: user=0.00 sys=0.00, real=0.00 secs] 
2631.416: [GC (Allocation Failure) [PSYoungGen: 60976K->1552K(61440K)] 446751K->387327K(572928K), 0.0016732 secs] [Times: user=0.00 sys=0.00, real=0.00 secs] 
2632.292: [GC (Allocation Failure) [PSYoungGen: 60944K->1360K(61440K)] 446719K->387135K(572928K), 0.0039838 secs] [Times: user=0.02 sys=0.00, real=0.00 secs] 
2633.289: [GC (Allocation Failure) [PSYoungGen: 60752K->1376K(61440K)] 446527K->387151K(572928K), 0.0030826 secs] [Times: user=0.01 sys=0.00, real=0.01 secs] 
2634.198: [GC (Allocation Failure) [PSYoungGen: 60768K->1344K(61440K)] 446543K->387119K(572928K), 0.0035377 secs] [Times: user=0.01 sys=0.00, real=0.00 secs] 
2634.942: [GC (Allocation Failure) [PSYoungGen: 60736K->1312K(61440K)] 446511K->387087K(572928K), 0.0027409 secs] [Times: user=0.01 sys=0.00, real=0.01 secs] 
2635.476: [GC (Allocation Failure) [PSYoungGen: 60673K->1488K(61440K)] 446449K->387263K(572928K), 0.0025068 secs] [Times: user=0.01 sys=0.00, real=0.00 secs] 
2635.956: [GC (Allocation Failure) [PSYoungGen: 60880K->1565K(61440K)] 446655K->387340K(572928K), 0.0017050 secs] [Times: user=0.00 sys=0.00, real=0.00 secs] 
2636.380: [GC (Allocation Failure) [PSYoungGen: 60957K->1549K(61440K)] 446732K->387340K(572928K), 0.0018371 secs] [Times: user=0.01 sys=0.00, real=0.01 secs] 
2636.729: [GC (Allocation Failure) [PSYoungGen: 60941K->1565K(61440K)] 446732K->387356K(572928K), 0.0016721 secs] [Times: user=0.01 sys=0.00, real=0.00 secs] 
2637.075: [GC (Allocation Failure) [PSYoungGen: 60957K->1520K(61440K)] 446748K->387311K(572928K), 0.0015260 secs] [Times: user=0.01 sys=0.00, real=0.00 secs] 
2638.802: [GC (Allocation Failure) [PSYoungGen: 60912K->1376K(61440K)] 446703K->387191K(572928K), 0.0042766 secs] [Times: user=0.01 sys=0.00, real=0.00 secs] 
2639.590: [GC (Allocation Failure) [PSYoungGen: 60768K->1376K(61440K)] 446583K->387191K(572928K), 0.0034290 secs] [Times: user=0.01 sys=0.00, real=0.01 secs] 
2640.095: [GC (Allocation Failure) [PSYoungGen: 60768K->1344K(61440K)] 446583K->387159K(572928K), 0.0024134 secs] [Times: user=0.01 sys=0.00, real=0.00 secs] 
2640.738: [GC (Allocation Failure) [PSYoungGen: 60736K->1344K(61440K)] 446551K->387159K(572928K), 0.0024120 secs] [Times: user=0.00 sys=0.00, real=0.00 secs] 
2641.473: [GC (Allocation Failure) [PSYoungGen: 60709K->1424K(61440K)] 446525K->387239K(572928K), 0.0018161 secs] [Times: user=0.01 sys=0.00, real=0.00 secs] 
2641.831: [GC (Allocation Failure) [PSYoungGen: 60816K->1501K(61440K)] 446631K->387316K(572928K), 0.0016185 secs] [Times: user=0.01 sys=0.00, real=0.01 secs] 
2642.176: [GC (Allocation Failure) [PSYoungGen: 60893K->1549K(61440K)] 446708K->387372K(572928K), 0.0016301 secs] [Times: user=0.01 sys=0.00, real=0.00 secs] 
2642.521: [GC (Allocation Failure) [PSYoungGen: 60941K->1517K(61440K)] 446764K->387340K(572928K), 0.0015893 secs] [Times: user=0.00 sys=0.00, real=0.01 secs] 
2642.952: [GC (Allocation Failure) [PSYoungGen: 60909K->2000K(61440K)] 446732K->387823K(572928K), 0.0018706 secs] [Times: user=0.00 sys=0.00, real=0.01 secs] 
2643.317: [GC (Allocation Failure) [PSYoungGen: 61392K->1344K(61440K)] 447215K->387167K(572928K), 0.0020335 secs] [Times: user=0.01 sys=0.00, real=0.00 secs] 
2643.567: [GC (Allocation Failure) [PSYoungGen: 60736K->1328K(61440K)] 446559K->387151K(572928K), 0.0022304 secs] [Times: user=0.01 sys=0.00, real=0.00 secs] 
2643.831: [GC (Allocation Failure) [PSYoungGen: 60720K->1312K(61440K)] 446543K->387135K(572928K), 0.0029103 secs] [Times: user=0.01 sys=0.00, real=0.01 secs] 
2644.088: [GC (Allocation Failure) [PSYoungGen: 60704K->1376K(61440K)] 446527K->387199K(572928K), 0.0021269 secs] [Times: user=0.00 sys=0.00, real=0.00 secs] 
2644.412: [GC (Allocation Failure) [PSYoungGen: 60744K->1453K(61440K)] 446568K->387276K(572928K), 0.0015609 secs] [Times: user=0.01 sys=0.00, real=0.01 secs] 
2644.757: [GC (Allocation Failure) [PSYoungGen: 60845K->1520K(61440K)] 446668K->387343K(572928K), 0.0016804 secs] [Times: user=0.01 sys=0.00, real=0.00 secs] 
2645.102: [GC (Allocation Failure) [PSYoungGen: 60912K->1613K(61440K)] 446735K->387452K(572928K), 0.0016222 secs] [Times: user=0.01 sys=0.00, real=0.01 secs] 
2645.446: [GC (Allocation Failure) [PSYoungGen: 61005K->1568K(61440K)] 446844K->387431K(572928K), 0.0017835 secs] [Times: user=0.00 sys=0.00, real=0.00 secs] 
2646.263: [GC (Allocation Failure) [PSYoungGen: 60960K->1472K(61440K)] 446823K->387335K(572928K), 0.0039920 secs] [Times: user=0.01 sys=0.00, real=0.00 secs] 
2646.762: [GC (Allocation Failure) [PSYoungGen: 60864K->1376K(61440K)] 446727K->387239K(572928K), 0.0026931 secs] [Times: user=0.01 sys=0.00, real=0.00 secs] 
2647.031: [GC (Allocation Failure) [PSYoungGen: 60768K->1376K(61440K)] 446631K->387239K(572928K), 0.0021579 secs] [Times: user=0.01 sys=0.01, real=0.01 secs] 
2647.306: [GC (Allocation Failure) [PSYoungGen: 60768K->1376K(61440K)] 446631K->387239K(572928K), 0.0020398 secs] [Times: user=0.01 sys=0.00, real=0.00 secs] 
2647.560: [GC (Allocation Failure) [PSYoungGen: 60768K->1376K(61440K)] 446631K->387239K(572928K), 0.0024225 secs] [Times: user=0.01 sys=0.00, real=0.01 secs] 
2647.978: [GC (Allocation Failure) [PSYoungGen: 60768K->1485K(61440K)] 446631K->387348K(572928K), 0.0016009 secs] [Times: user=0.01 sys=0.00, real=0.00 secs] 
2648.324: [GC (Allocation Failure) [PSYoungGen: 60877K->1517K(61440K)] 446740K->387388K(572928K), 0.0016132 secs] [Times: user=0.00 sys=0.00, real=0.00 secs] 
2648.669: [GC (Allocation Failure) [PSYoungGen: 60909K->1533K(61440K)] 446780K->387404K(572928K), 0.0017913 secs] [Times: user=0.01 sys=0.00, real=0.00 secs] 
2649.015: [GC (Allocation Failure) [PSYoungGen: 60925K->1549K(61440K)] 446796K->387420K(572928K), 0.0015813 secs] [Times: user=0.01 sys=0.00, real=0.00 secs] 
2649.903: [GC (Allocation Failure) [PSYoungGen: 60941K->1456K(61440K)] 446812K->387327K(572928K), 0.0033249 secs] [Times: user=0.02 sys=0.00, real=0.00 secs] 
2650.816: [GC (Allocation Failure) [PSYoungGen: 60848K->1360K(61440K)] 446719K->387231K(572928K), 0.0043015 secs] [Times: user=0.02 sys=0.00, real=0.00 secs] 
2651.751: [GC (Allocation Failure) [PSYoungGen: 60752K->1344K(61440K)] 446623K->387215K(572928K), 0.0036165 secs] [Times: user=0.02 sys=0.00, real=0.01 secs] 
2652.478: [GC (Allocation Failure) [PSYoungGen: 60736K->1376K(61440K)] 446607K->387247K(572928K), 0.0037796 secs] [Times: user=0.01 sys=0.00, real=0.00 secs] 
2652.999: [GC (Allocation Failure) [PSYoungGen: 60768K->1376K(61440K)] 446639K->387247K(572928K), 0.0027858 secs] [Times: user=0.01 sys=0.00, real=0.00 secs] 
2653.480: [GC (Allocation Failure) [PSYoungGen: 60768K->1501K(61440K)] 446639K->387372K(572928K), 0.0016200 secs] [Times: user=0.01 sys=0.00, real=0.00 secs] 
2653.826: [GC (Allocation Failure) [PSYoungGen: 60893K->1469K(61440K)] 446764K->387348K(572928K), 0.0016446 secs] [Times: user=0.01 sys=0.00, real=0.00 secs] 
2654.170: [GC (Allocation Failure) [PSYoungGen: 60861K->1533K(61440K)] 446740K->387412K(572928K), 0.0016155 secs] [Times: user=0.00 sys=0.00, real=0.01 secs] 
2654.516: [GC (Allocation Failure) [PSYoungGen: 60925K->1501K(61440K)] 446804K->387380K(572928K), 0.0015891 secs] [Times: user=0.00 sys=0.00, real=0.00 secs] 
2654.897: [GC (Allocation Failure) [PSYoungGen: 60893K->1392K(61440K)] 446772K->387271K(572928K), 0.0018473 secs] [Times: user=0.01 sys=0.00, real=0.00 secs] 
2655.154: [GC (Allocation Failure) [PSYoungGen: 60784K->1376K(61440K)] 446663K->387255K(572928K), 0.0018975 secs] [Times: user=0.01 sys=0.00, real=0.00 secs] 
2655.499: [GC (Allocation Failure) [PSYoungGen: 60768K->1360K(61440K)] 446647K->387247K(572928K), 0.0021125 secs] [Times: user=0.01 sys=0.00, real=0.00 secs] 
2655.763: [GC (Allocation Failure) [PSYoungGen: 60752K->1376K(61440K)] 446639K->387263K(572928K), 0.0026205 secs] [Times: user=0.01 sys=0.00, real=0.00 secs] 
2656.007: [GC (Allocation Failure) [PSYoungGen: 60768K->1312K(61440K)] 446655K->387199K(572928K), 0.0020051 secs] [Times: user=0.01 sys=0.00, real=0.00 secs] 
2656.426: [GC (Allocation Failure) [PSYoungGen: 60704K->1472K(61440K)] 446591K->387367K(572928K), 0.0016282 secs] [Times: user=0.00 sys=0.00, real=0.00 secs] 
2656.775: [GC (Allocation Failure) [PSYoungGen: 60864K->1501K(61440K)] 446759K->387404K(572928K), 0.0016959 secs] [Times: user=0.00 sys=0.00, real=0.00 secs] 
2657.121: [GC (Allocation Failure) [PSYoungGen: 60893K->1581K(61440K)] 446796K->387484K(572928K), 0.0016173 secs] [Times: user=0.01 sys=0.00, real=0.01 secs] 
2657.467: [GC (Allocation Failure) [PSYoungGen: 60973K->1517K(61440K)] 446876K->387420K(572928K), 0.0016193 secs] [Times: user=0.01 sys=0.00, real=0.00 secs] 
2657.797: [GC (Allocation Failure) [PSYoungGen: 60909K->1424K(61440K)] 446812K->387327K(572928K), 0.0017495 secs] [Times: user=0.00 sys=0.00, real=0.00 secs] 
2658.044: [GC (Allocation Failure) [PSYoungGen: 60816K->1376K(61440K)] 446719K->387279K(572928K), 0.0019185 secs] [Times: user=0.00 sys=0.00, real=0.00 secs] 
2658.337: [GC (Allocation Failure) [PSYoungGen: 60768K->1376K(61440K)] 446671K->387279K(572928K), 0.0017937 secs] [Times: user=0.00 sys=0.00, real=0.00 secs] 
2658.584: [GC (Allocation Failure) [PSYoungGen: 60768K->1376K(61440K)] 446671K->387279K(572928K), 0.0018009 secs] [Times: user=0.01 sys=0.00, real=0.00 secs] 
2658.859: [GC (Allocation Failure) [PSYoungGen: 60741K->1405K(61440K)] 446645K->387308K(572928K), 0.0018393 secs] [Times: user=0.01 sys=0.00, real=0.00 secs] 
2659.210: [GC (Allocation Failure) [PSYoungGen: 60797K->1581K(61440K)] 446700K->387484K(572928K), 0.0017946 secs] [Times: user=0.01 sys=0.00, real=0.00 secs] 
2659.555: [GC (Allocation Failure) [PSYoungGen: 60973K->1600K(61440K)] 446876K->387519K(572928K), 0.0016088 secs] [Times: user=0.01 sys=0.00, real=0.00 secs] 
2659.900: [GC (Allocation Failure) [PSYoungGen: 60992K->1581K(61440K)] 446911K->387500K(572928K), 0.0016325 secs] [Times: user=0.01 sys=0.00, real=0.00 secs] 
2660.255: [GC (Allocation Failure) [PSYoungGen: 60973K->1549K(61440K)] 446892K->387468K(572928K), 0.0015922 secs] [Times: user=0.01 sys=0.00, real=0.00 secs] 
2660.552: [GC (Allocation Failure) [PSYoungGen: 60941K->1408K(61440K)] 446860K->387327K(572928K), 0.0018463 secs] [Times: user=0.01 sys=0.00, real=0.00 secs] 
2660.806: [GC (Allocation Failure) [PSYoungGen: 60800K->1376K(61440K)] 446719K->387295K(572928K), 0.0018436 secs] [Times: user=0.01 sys=0.00, real=0.00 secs] 
2661.214: [GC (Allocation Failure) [PSYoungGen: 60768K->1408K(61440K)] 446687K->387327K(572928K), 0.0017353 secs] [Times: user=0.00 sys=0.00, real=0.00 secs] 
2661.676: [GC (Allocation Failure) [PSYoungGen: 60800K->1376K(61440K)] 446719K->387295K(572928K), 0.0018721 secs] [Times: user=0.01 sys=0.00, real=0.00 secs] 
2662.190: [GC (Allocation Failure) [PSYoungGen: 60768K->1469K(61440K)] 446687K->387388K(572928K), 0.0022140 secs] [Times: user=0.01 sys=0.00, real=0.01 secs] 
2662.564: [GC (Allocation Failure) [PSYoungGen: 60861K->1568K(61440K)] 446780K->387487K(572928K), 0.0016518 secs] [Times: user=0.01 sys=0.00, real=0.00 secs] 
2662.909: [GC (Allocation Failure) [PSYoungGen: 60960K->1584K(61440K)] 446879K->387511K(572928K), 0.0016491 secs] [Times: user=0.00 sys=0.01, real=0.00 secs] 
2663.253: [GC (Allocation Failure) [PSYoungGen: 60976K->1549K(61440K)] 446903K->387476K(572928K), 0.0016002 secs] [Times: user=0.01 sys=0.00, real=0.00 secs] 
2663.707: [GC (Allocation Failure) [PSYoungGen: 60941K->1664K(61440K)] 446868K->387591K(572928K), 0.0019900 secs] [Times: user=0.01 sys=0.00, real=0.00 secs] 
2664.293: [GC (Allocation Failure) [PSYoungGen: 61056K->1344K(61440K)] 446983K->387271K(572928K), 0.0041417 secs] [Times: user=0.01 sys=0.00, real=0.00 secs] 
2664.666: [GC (Allocation Failure) [PSYoungGen: 60736K->1376K(61440K)] 446663K->387303K(572928K), 0.0021552 secs] [Times: user=0.01 sys=0.00, real=0.00 secs] 
2664.962: [GC (Allocation Failure) [PSYoungGen: 60768K->1344K(61440K)] 446695K->387287K(572928K), 0.0021448 secs] [Times: user=0.00 sys=0.00, real=0.00 secs] 
2665.250: [GC (Allocation Failure) [PSYoungGen: 60736K->1344K(61440K)] 446679K->387287K(572928K), 0.0020290 secs] [Times: user=0.00 sys=0.00, real=0.01 secs] 
2665.564: [GC (Allocation Failure) [PSYoungGen: 60736K->1453K(61440K)] 446679K->387396K(572928K), 0.0015928 secs] [Times: user=0.00 sys=0.00, real=0.00 secs] 
2665.910: [GC (Allocation Failure) [PSYoungGen: 60845K->1533K(61440K)] 446788K->387476K(572928K), 0.0015990 secs] [Times: user=0.01 sys=0.00, real=0.00 secs] 
2666.255: [GC (Allocation Failure) [PSYoungGen: 60925K->1501K(61440K)] 446868K->387460K(572928K), 0.0015949 secs] [Times: user=0.00 sys=0.00, real=0.00 secs] 
2666.605: [GC (Allocation Failure) [PSYoungGen: 60893K->1485K(61440K)] 446852K->387444K(572928K), 0.0016025 secs] [Times: user=0.01 sys=0.00, real=0.00 secs] 
2667.010: [GC (Allocation Failure) [PSYoungGen: 60877K->1536K(61440K)] 446836K->387495K(572928K), 0.0018177 secs] [Times: user=0.01 sys=0.00, real=0.01 secs] 
2667.527: [GC (Allocation Failure) [PSYoungGen: 60928K->1424K(61440K)] 446887K->387383K(572928K), 0.0019213 secs] [Times: user=0.01 sys=0.00, real=0.00 secs] 
2668.085: [GC (Allocation Failure) [PSYoungGen: 60816K->1392K(61440K)] 446775K->387351K(572928K), 0.0029487 secs] [Times: user=0.01 sys=0.00, real=0.00 secs] 
2668.621: [GC (Allocation Failure) [PSYoungGen: 60784K->1344K(61440K)] 446743K->387303K(572928K), 0.0024279 secs] [Times: user=0.01 sys=0.00, real=0.01 secs] 
2669.285: [GC (Allocation Failure) [PSYoungGen: 60736K->1424K(61440K)] 446695K->387383K(572928K), 0.0039782 secs] [Times: user=0.01 sys=0.00, real=0.00 secs] 
2669.781: [GC (Allocation Failure) [PSYoungGen: 60816K->1549K(61440K)] 446775K->387508K(572928K), 0.0015762 secs] [Times: user=0.00 sys=0.00, real=0.01 secs] 
2670.182: [GC (Allocation Failure) [PSYoungGen: 60927K->1565K(61440K)] 446886K->387532K(572928K), 0.0016979 secs] [Times: user=0.01 sys=0.00, real=0.00 secs] 
2670.539: [GC (Allocation Failure) [PSYoungGen: 60957K->1565K(61440K)] 446924K->387532K(572928K), 0.0015883 secs] [Times: user=0.01 sys=0.00, real=0.00 secs] 
2670.885: [GC (Allocation Failure) [PSYoungGen: 60957K->1584K(61440K)] 446924K->387551K(572928K), 0.0016077 secs] [Times: user=0.01 sys=0.00, real=0.00 secs] 
2671.568: [GC (Allocation Failure) [PSYoungGen: 60976K->1440K(61440K)] 446943K->387407K(572928K), 0.0033338 secs] [Times: user=0.02 sys=0.00, real=0.00 secs] 
2672.455: [GC (Allocation Failure) [PSYoungGen: 60832K->1360K(61440K)] 446799K->387327K(572928K), 0.0037924 secs] [Times: user=0.01 sys=0.01, real=0.00 secs] 
2673.165: [GC (Allocation Failure) [PSYoungGen: 60752K->1392K(61440K)] 446719K->387359K(572928K), 0.0034015 secs] [Times: user=0.01 sys=0.00, real=0.00 secs] 
2673.666: [GC (Allocation Failure) [PSYoungGen: 60784K->1392K(61440K)] 446751K->387359K(572928K), 0.0027000 secs] [Times: user=0.01 sys=0.00, real=0.00 secs] 
2674.176: [GC (Allocation Failure) [PSYoungGen: 60784K->1392K(61440K)] 446751K->387359K(572928K), 0.0027395 secs] [Times: user=0.01 sys=0.00, real=0.00 secs] 
2674.653: [GC (Allocation Failure) [PSYoungGen: 60784K->1565K(61440K)] 446751K->387532K(572928K), 0.0015850 secs] [Times: user=0.00 sys=0.00, real=0.00 secs] 
2675.000: [GC (Allocation Failure) [PSYoungGen: 60957K->1517K(61440K)] 446924K->387516K(572928K), 0.0015728 secs] [Times: user=0.00 sys=0.00, real=0.00 secs] 
2675.344: [GC (Allocation Failure) [PSYoungGen: 60909K->1536K(61440K)] 446908K->387535K(572928K), 0.0016238 secs] [Times: user=0.01 sys=0.00, real=0.00 secs] 
2675.691: [GC (Allocation Failure) [PSYoungGen: 60928K->1581K(61440K)] 446927K->387580K(572928K), 0.0016531 secs] [Times: user=0.01 sys=0.00, real=0.01 secs] 
2676.072: [GC (Allocation Failure) [PSYoungGen: 60973K->1456K(61440K)] 446972K->387455K(572928K), 0.0019298 secs] [Times: user=0.01 sys=0.00, real=0.01 secs] 
2676.325: [GC (Allocation Failure) [PSYoungGen: 60848K->1376K(61440K)] 446847K->387391K(572928K), 0.0017688 secs] [Times: user=0.01 sys=0.00, real=0.00 secs] 
2676.576: [GC (Allocation Failure) [PSYoungGen: 60768K->1344K(61440K)] 446783K->387359K(572928K), 0.0017523 secs] [Times: user=0.01 sys=0.00, real=0.00 secs] 
2676.823: [GC (Allocation Failure) [PSYoungGen: 60736K->1344K(61440K)] 446751K->387359K(572928K), 0.0018859 secs] [Times: user=0.01 sys=0.00, real=0.00 secs] 
2677.069: [GC (Allocation Failure) [PSYoungGen: 60736K->1344K(61440K)] 446751K->387359K(572928K), 0.0020546 secs] [Times: user=0.01 sys=0.00, real=0.00 secs] 
2677.459: [GC (Allocation Failure) [PSYoungGen: 60720K->1485K(61440K)] 446735K->387500K(572928K), 0.0016308 secs] [Times: user=0.01 sys=0.00, real=0.00 secs] 
2677.862: [GC (Allocation Failure) [PSYoungGen: 60877K->1565K(61440K)] 446892K->387588K(572928K), 0.0016804 secs] [Times: user=0.01 sys=0.00, real=0.00 secs] 
2678.207: [GC (Allocation Failure) [PSYoungGen: 60930K->1533K(61440K)] 446954K->387556K(572928K), 0.0016672 secs] [Times: user=0.01 sys=0.00, real=0.00 secs] 
2678.552: [GC (Allocation Failure) [PSYoungGen: 60925K->1485K(61440K)] 446948K->387508K(572928K), 0.0019205 secs] [Times: user=0.00 sys=0.00, real=0.00 secs] 
2679.838: [GC (Allocation Failure) [PSYoungGen: 60877K->1440K(61440K)] 446900K->387463K(572928K), 0.0043425 secs] [Times: user=0.02 sys=0.00, real=0.01 secs] 
2680.667: [GC (Allocation Failure) [PSYoungGen: 60832K->1376K(61440K)] 446855K->387399K(572928K), 0.0036797 secs] [Times: user=0.01 sys=0.00, real=0.00 secs] 
2681.185: [GC (Allocation Failure) [PSYoungGen: 60768K->1344K(61440K)] 446791K->387367K(572928K), 0.0029004 secs] [Times: user=0.01 sys=0.00, real=0.00 secs] 
2681.657: [GC (Allocation Failure) [PSYoungGen: 60736K->1344K(61440K)] 446759K->387367K(572928K), 0.0027107 secs] [Times: user=0.01 sys=0.00, real=0.00 secs] 
2682.141: [GC (Allocation Failure) [PSYoungGen: 60736K->1376K(61440K)] 446759K->387399K(572928K), 0.0028403 secs] [Times: user=0.01 sys=0.00, real=0.01 secs] 
2682.635: [GC (Allocation Failure) [PSYoungGen: 60768K->1565K(61440K)] 446791K->387588K(572928K), 0.0016888 secs] [Times: user=0.01 sys=0.00, real=0.00 secs] 
2683.042: [GC (Allocation Failure) [PSYoungGen: 60949K->1565K(61440K)] 446972K->387604K(572928K), 0.0016421 secs] [Times: user=0.01 sys=0.00, real=0.00 secs] 
2683.389: [GC (Allocation Failure) [PSYoungGen: 60957K->1584K(61440K)] 446996K->387623K(572928K), 0.0016731 secs] [Times: user=0.01 sys=0.00, real=0.00 secs] 
2683.801: [GC (Allocation Failure) [PSYoungGen: 60976K->1533K(61440K)] 447015K->387572K(572928K), 0.0016703 secs] [Times: user=0.00 sys=0.00, real=0.01 secs] 
2684.291: [GC (Allocation Failure) [PSYoungGen: 60925K->1408K(61440K)] 446964K->387447K(572928K), 0.0027345 secs] [Times: user=0.01 sys=0.00, real=0.01 secs] 
2684.548: [GC (Allocation Failure) [PSYoungGen: 60800K->1376K(61440K)] 446839K->387415K(572928K), 0.0019833 secs] [Times: user=0.00 sys=0.00, real=0.00 secs] 
2684.839: [GC (Allocation Failure) [PSYoungGen: 60768K->1344K(61440K)] 446807K->387383K(572928K), 0.0021480 secs] [Times: user=0.01 sys=0.00, real=0.00 secs] 
2685.087: [GC (Allocation Failure) [PSYoungGen: 60736K->1376K(61440K)] 446775K->387415K(572928K), 0.0019761 secs] [Times: user=0.01 sys=0.00, real=0.00 secs] 
2685.425: [GC (Allocation Failure) [PSYoungGen: 60768K->1421K(61440K)] 446807K->387460K(572928K), 0.0019557 secs] [Times: user=0.01 sys=0.00, real=0.00 secs] 
2685.772: [GC (Allocation Failure) [PSYoungGen: 60813K->1549K(61440K)] 446852K->387588K(572928K), 0.0015876 secs] [Times: user=0.01 sys=0.00, real=0.00 secs] 
2686.181: [GC (Allocation Failure) [PSYoungGen: 60941K->1533K(61440K)] 446980K->387588K(572928K), 0.0016683 secs] [Times: user=0.01 sys=0.00, real=0.01 secs] 
2686.526: [GC (Allocation Failure) [PSYoungGen: 60925K->1536K(61440K)] 446980K->387591K(572928K), 0.0016710 secs] [Times: user=0.01 sys=0.00, real=0.00 secs] 
2686.933: [GC (Allocation Failure) [PSYoungGen: 60928K->256K(61440K)] 446983K->386311K(572928K), 0.0017183 secs] [Times: user=0.01 sys=0.00, real=0.00 secs] 
2687.655: [GC (Allocation Failure) [PSYoungGen: 59648K->1376K(61440K)] 445703K->387431K(572928K), 0.0025682 secs] [Times: user=0.01 sys=0.00, real=0.00 secs] 
2688.360: [GC (Allocation Failure) [PSYoungGen: 60768K->1376K(61440K)] 446823K->387431K(572928K), 0.0041029 secs] [Times: user=0.01 sys=0.00, real=0.01 secs] 
2688.956: [GC (Allocation Failure) [PSYoungGen: 60768K->1344K(61440K)] 446823K->387399K(572928K), 0.0027076 secs] [Times: user=0.01 sys=0.00, real=0.00 secs] 
2689.491: [GC (Allocation Failure) [PSYoungGen: 60736K->1376K(61440K)] 446791K->387431K(572928K), 0.0029402 secs] [Times: user=0.01 sys=0.00, real=0.01 secs] 
2690.059: [GC (Allocation Failure) [PSYoungGen: 60741K->1485K(61440K)] 446796K->387540K(572928K), 0.0018961 secs] [Times: user=0.01 sys=0.00, real=0.00 secs] 
2690.409: [GC (Allocation Failure) [PSYoungGen: 60877K->1501K(61440K)] 446932K->387556K(572928K), 0.0016353 secs] [Times: user=0.01 sys=0.00, real=0.00 secs] 
2690.757: [GC (Allocation Failure) [PSYoungGen: 60893K->1517K(61440K)] 446948K->387580K(572928K), 0.0035992 secs] [Times: user=0.01 sys=0.00, real=0.00 secs] 
2691.110: [GC (Allocation Failure) [PSYoungGen: 60909K->1565K(61440K)] 446972K->387628K(572928K), 0.0016109 secs] [Times: user=0.01 sys=0.00, real=0.00 secs] 
2691.543: [GC (Allocation Failure) [PSYoungGen: 60957K->1984K(61440K)] 447020K->388047K(572928K), 0.0019167 secs] [Times: user=0.01 sys=0.00, real=0.00 secs] 
2692.102: [GC (Allocation Failure) [PSYoungGen: 61376K->1344K(61440K)] 447439K->387407K(572928K), 0.0026683 secs] [Times: user=0.01 sys=0.00, real=0.00 secs] 
2692.597: [GC (Allocation Failure) [PSYoungGen: 60736K->1344K(61440K)] 446799K->387407K(572928K), 0.0028754 secs] [Times: user=0.01 sys=0.01, real=0.00 secs] 
2693.191: [GC (Allocation Failure) [PSYoungGen: 60736K->1344K(61440K)] 446799K->387407K(572928K), 0.0026045 secs] [Times: user=0.01 sys=0.00, real=0.01 secs] 
2693.830: [GC (Allocation Failure) [PSYoungGen: 60736K->1344K(61440K)] 446799K->387407K(572928K), 0.0025427 secs] [Times: user=0.01 sys=0.00, real=0.01 secs] 
2694.491: [GC (Allocation Failure) [PSYoungGen: 60718K->1453K(61440K)] 446781K->387516K(572928K), 0.0016270 secs] [Times: user=0.01 sys=0.00, real=0.01 secs] 
2694.839: [GC (Allocation Failure) [PSYoungGen: 60845K->1549K(61440K)] 446908K->387620K(572928K), 0.0016171 secs] [Times: user=0.00 sys=0.00, real=0.00 secs] 
2695.184: [GC (Allocation Failure) [PSYoungGen: 60941K->1501K(61440K)] 447012K->387588K(572928K), 0.0016377 secs] [Times: user=0.01 sys=0.00, real=0.00 secs] 
2695.529: [GC (Allocation Failure) [PSYoungGen: 60893K->1533K(61440K)] 446980K->387620K(572928K), 0.0016461 secs] [Times: user=0.01 sys=0.00, real=0.00 secs] 
2695.907: [GC (Allocation Failure) [PSYoungGen: 60925K->1424K(61440K)] 447012K->387511K(572928K), 0.0019078 secs] [Times: user=0.01 sys=0.00, real=0.00 secs] 
2696.154: [GC (Allocation Failure) [PSYoungGen: 60816K->1344K(61440K)] 446903K->387455K(572928K), 0.0019682 secs] [Times: user=0.01 sys=0.00, real=0.00 secs] 
2696.401: [GC (Allocation Failure) [PSYoungGen: 60736K->1376K(61440K)] 446847K->387487K(572928K), 0.0019218 secs] [Times: user=0.01 sys=0.00, real=0.01 secs] 
2696.728: [GC (Allocation Failure) [PSYoungGen: 60768K->1312K(61440K)] 446879K->387423K(572928K), 0.0017626 secs] [Times: user=0.00 sys=0.00, real=0.00 secs] 
2697.169: [GC (Allocation Failure) [PSYoungGen: 60704K->1408K(61440K)] 446815K->387519K(572928K), 0.0018955 secs] [Times: user=0.01 sys=0.00, real=0.00 secs] 
2697.830: [GC (Allocation Failure) [PSYoungGen: 60782K->1517K(61440K)] 446893K->387628K(572928K), 0.0015431 secs] [Times: user=0.01 sys=0.00, real=0.01 secs] 
2698.175: [GC (Allocation Failure) [PSYoungGen: 60909K->1501K(61440K)] 447020K->387628K(572928K), 0.0016081 secs] [Times: user=0.01 sys=0.00, real=0.00 secs] 
2698.520: [GC (Allocation Failure) [PSYoungGen: 60893K->1549K(61440K)] 447020K->387676K(572928K), 0.0015786 secs] [Times: user=0.00 sys=0.00, real=0.00 secs] 
2698.867: [GC (Allocation Failure) [PSYoungGen: 60941K->1581K(61440K)] 447068K->387708K(572928K), 0.0016131 secs] [Times: user=0.01 sys=0.00, real=0.00 secs] 
2699.442: [GC (Allocation Failure) [PSYoungGen: 60973K->1488K(61440K)] 447100K->387615K(572928K), 0.0022251 secs] [Times: user=0.01 sys=0.00, real=0.00 secs] 
2700.005: [GC (Allocation Failure) [PSYoungGen: 60880K->1376K(61440K)] 447007K->387503K(572928K), 0.0022893 secs] [Times: user=0.01 sys=0.00, real=0.00 secs] 
2700.522: [GC (Allocation Failure) [PSYoungGen: 60768K->1376K(61440K)] 446895K->387503K(572928K), 0.0024430 secs] [Times: user=0.01 sys=0.00, real=0.01 secs] 
2700.974: [GC (Allocation Failure) [PSYoungGen: 60768K->1408K(61440K)] 446895K->387535K(572928K), 0.0031857 secs] [Times: user=0.01 sys=0.00, real=0.00 secs] 
2701.258: [GC (Allocation Failure) [PSYoungGen: 60800K->1376K(61440K)] 446927K->387503K(572928K), 0.0019262 secs] [Times: user=0.00 sys=0.00, real=0.00 secs] 
2701.614: [GC (Allocation Failure) [PSYoungGen: 60736K->1485K(61440K)] 446863K->387612K(572928K), 0.0017381 secs] [Times: user=0.01 sys=0.00, real=0.00 secs] 
2701.963: [GC (Allocation Failure) [PSYoungGen: 60855K->1504K(61440K)] 446982K->387647K(572928K), 0.0016281 secs] [Times: user=0.01 sys=0.00, real=0.00 secs] 
2702.307: [GC (Allocation Failure) [PSYoungGen: 60896K->1549K(61440K)] 447039K->387692K(572928K), 0.0016132 secs] [Times: user=0.01 sys=0.00, real=0.00 secs] 
2702.653: [GC (Allocation Failure) [PSYoungGen: 60941K->1565K(61440K)] 447084K->387708K(572928K), 0.0016662 secs] [Times: user=0.00 sys=0.00, real=0.00 secs] 
2703.540: [GC (Allocation Failure) [PSYoungGen: 60957K->1392K(61440K)] 447100K->387535K(572928K), 0.0031235 secs] [Times: user=0.02 sys=0.00, real=0.01 secs] 
2704.115: [GC (Allocation Failure) [PSYoungGen: 60784K->1376K(61440K)] 446927K->387519K(572928K), 0.0028498 secs] [Times: user=0.01 sys=0.00, real=0.00 secs] 
2704.629: [GC (Allocation Failure) [PSYoungGen: 60768K->1344K(61440K)] 446911K->387487K(572928K), 0.0025630 secs] [Times: user=0.01 sys=0.00, real=0.00 secs] 
2705.073: [GC (Allocation Failure) [PSYoungGen: 60736K->1376K(61440K)] 446879K->387519K(572928K), 0.0028342 secs] [Times: user=0.02 sys=0.00, real=0.00 secs] 
2705.761: [GC (Allocation Failure) [PSYoungGen: 60768K->1408K(61440K)] 446911K->387551K(572928K), 0.0026733 secs] [Times: user=0.01 sys=0.00, real=0.01 secs] 
2706.235: [GC (Allocation Failure) [PSYoungGen: 60800K->1485K(61440K)] 446943K->387628K(572928K), 0.0015578 secs] [Times: user=0.00 sys=0.00, real=0.00 secs] 
2706.636: [GC (Allocation Failure) [PSYoungGen: 60877K->1581K(61440K)] 447020K->387764K(572928K), 0.0016900 secs] [Times: user=0.01 sys=0.00, real=0.00 secs] 
2707.045: [GC (Allocation Failure) [PSYoungGen: 60973K->1613K(61440K)] 447156K->387796K(572928K), 0.0017019 secs] [Times: user=0.00 sys=0.00, real=0.00 secs] 
2707.445: [GC (Allocation Failure) [PSYoungGen: 61005K->1533K(61440K)] 447188K->387716K(572928K), 0.0016872 secs] [Times: user=0.01 sys=0.00, real=0.00 secs] 
2708.123: [GC (Allocation Failure) [PSYoungGen: 60925K->1408K(61440K)] 447108K->387591K(572928K), 0.0041979 secs] [Times: user=0.01 sys=0.01, real=0.00 secs] 
2708.766: [GC (Allocation Failure) [PSYoungGen: 60800K->1344K(61440K)] 446983K->387527K(572928K), 0.0034920 secs] [Times: user=0.02 sys=0.00, real=0.00 secs] 
2709.476: [GC (Allocation Failure) [PSYoungGen: 60736K->1328K(61440K)] 446919K->387511K(572928K), 0.0032513 secs] [Times: user=0.01 sys=0.00, real=0.00 secs] 
2710.235: [GC (Allocation Failure) [PSYoungGen: 60720K->1376K(61440K)] 446903K->387559K(572928K), 0.0030803 secs] [Times: user=0.01 sys=0.00, real=0.00 secs] 
2711.114: [GC (Allocation Failure) [PSYoungGen: 60761K->1405K(61440K)] 446945K->387588K(572928K), 0.0036748 secs] [Times: user=0.01 sys=0.00, real=0.00 secs] 
2711.580: [GC (Allocation Failure) [PSYoungGen: 60797K->1565K(61440K)] 446980K->387748K(572928K), 0.0016999 secs] [Times: user=0.01 sys=0.00, real=0.01 secs] 
2711.930: [GC (Allocation Failure) [PSYoungGen: 60957K->1504K(61440K)] 447140K->387703K(572928K), 0.0015528 secs] [Times: user=0.00 sys=0.00, real=0.00 secs] 
2712.276: [GC (Allocation Failure) [PSYoungGen: 60896K->1584K(61440K)] 447095K->387783K(572928K), 0.0016252 secs] [Times: user=0.01 sys=0.00, real=0.00 secs] 
2712.621: [GC (Allocation Failure) [PSYoungGen: 60976K->1549K(61440K)] 447175K->387748K(572928K), 0.0016142 secs] [Times: user=0.01 sys=0.00, real=0.01 secs] 
2713.195: [GC (Allocation Failure) [PSYoungGen: 60941K->1376K(61440K)] 447140K->387575K(572928K), 0.0020148 secs] [Times: user=0.01 sys=0.00, real=0.00 secs] 
2713.702: [GC (Allocation Failure) [PSYoungGen: 60768K->1376K(61440K)] 446967K->387575K(572928K), 0.0031546 secs] [Times: user=0.01 sys=0.00, real=0.01 secs] 
2714.189: [GC (Allocation Failure) [PSYoungGen: 60768K->1344K(61440K)] 446967K->387543K(572928K), 0.0025127 secs] [Times: user=0.01 sys=0.00, real=0.00 secs] 
2714.828: [GC (Allocation Failure) [PSYoungGen: 60736K->1344K(61440K)] 446935K->387543K(572928K), 0.0024758 secs] [Times: user=0.01 sys=0.00, real=0.00 secs] 
2715.574: [GC (Allocation Failure) [PSYoungGen: 60736K->1501K(61440K)] 446935K->387700K(572928K), 0.0022665 secs] [Times: user=0.01 sys=0.00, real=0.00 secs] 
2715.955: [GC (Allocation Failure) [PSYoungGen: 60893K->1584K(61440K)] 447092K->387783K(572928K), 0.0018078 secs] [Times: user=0.01 sys=0.00, real=0.00 secs] 
2716.298: [GC (Allocation Failure) [PSYoungGen: 60952K->1533K(61440K)] 447152K->387740K(572928K), 0.0016167 secs] [Times: user=0.01 sys=0.00, real=0.00 secs] 
2716.643: [GC (Allocation Failure) [PSYoungGen: 60897K->1549K(61440K)] 447104K->387756K(572928K), 0.0016390 secs] [Times: user=0.00 sys=0.00, real=0.00 secs] 
2717.078: [GC (Allocation Failure) [PSYoungGen: 60941K->1744K(61440K)] 447148K->387975K(572928K), 0.0019168 secs] [Times: user=0.01 sys=0.01, real=0.00 secs] 
2717.731: [GC (Allocation Failure) [PSYoungGen: 61136K->1312K(61440K)] 447367K->387543K(572928K), 0.0028472 secs] [Times: user=0.01 sys=0.00, real=0.01 secs] 
2718.244: [GC (Allocation Failure) [PSYoungGen: 60704K->1376K(61440K)] 446935K->387607K(572928K), 0.0027343 secs] [Times: user=0.01 sys=0.01, real=0.00 secs] 
2718.566: [GC (Allocation Failure) [PSYoungGen: 60768K->1344K(61440K)] 446999K->387575K(572928K), 0.0020646 secs] [Times: user=0.01 sys=0.00, real=0.00 secs] 
2718.839: [GC (Allocation Failure) [PSYoungGen: 60736K->1344K(61440K)] 446967K->387575K(572928K), 0.0019200 secs] [Times: user=0.01 sys=0.00, real=0.00 secs] 
2719.318: [GC (Allocation Failure) [PSYoungGen: 60736K->1421K(61440K)] 446967K->387652K(572928K), 0.0021753 secs] [Times: user=0.01 sys=0.00, real=0.00 secs] 
2719.690: [GC (Allocation Failure) [PSYoungGen: 60807K->1597K(61440K)] 447039K->387828K(572928K), 0.0016688 secs] [Times: user=0.01 sys=0.00, real=0.01 secs] 
2720.036: [GC (Allocation Failure) [PSYoungGen: 60989K->1533K(61440K)] 447220K->387772K(572928K), 0.0016578 secs] [Times: user=0.00 sys=0.00, real=0.00 secs] 
2720.442: [GC (Allocation Failure) [PSYoungGen: 60925K->1565K(61440K)] 447164K->387804K(572928K), 0.0017019 secs] [Times: user=0.00 sys=0.00, real=0.00 secs] 
2720.804: [GC (Allocation Failure) [PSYoungGen: 60957K->1488K(61440K)] 447196K->387727K(572928K), 0.0020198 secs] [Times: user=0.01 sys=0.00, real=0.00 secs] 
2721.061: [GC (Allocation Failure) [PSYoungGen: 60880K->1376K(61440K)] 447119K->387615K(572928K), 0.0022352 secs] [Times: user=0.01 sys=0.00, real=0.01 secs] 
2721.305: [GC (Allocation Failure) [PSYoungGen: 60768K->1376K(61440K)] 447007K->387615K(572928K), 0.0018815 secs] [Times: user=0.01 sys=0.00, real=0.00 secs] 
2721.552: [GC (Allocation Failure) [PSYoungGen: 60768K->1360K(61440K)] 447007K->387599K(572928K), 0.0018600 secs] [Times: user=0.01 sys=0.00, real=0.01 secs] 
2721.798: [GC (Allocation Failure) [PSYoungGen: 60752K->1344K(61440K)] 446991K->387583K(572928K), 0.0018923 secs] [Times: user=0.01 sys=0.00, real=0.00 secs] 
2722.110: [GC (Allocation Failure) [PSYoungGen: 60736K->1488K(61440K)] 446975K->387727K(572928K), 0.0015557 secs] [Times: user=0.01 sys=0.00, real=0.00 secs] 
2722.455: [GC (Allocation Failure) [PSYoungGen: 60880K->1613K(61440K)] 447119K->387868K(572928K), 0.0016121 secs] [Times: user=0.01 sys=0.00, real=0.00 secs] 
2722.801: [GC (Allocation Failure) [PSYoungGen: 61005K->1565K(61440K)] 447260K->387820K(572928K), 0.0016077 secs] [Times: user=0.00 sys=0.00, real=0.01 secs] 
2723.146: [GC (Allocation Failure) [PSYoungGen: 60957K->1488K(61440K)] 447212K->387743K(572928K), 0.0016491 secs] [Times: user=0.00 sys=0.00, real=0.00 secs] 
2723.632: [GC (Allocation Failure) [PSYoungGen: 60880K->1456K(61440K)] 447135K->387711K(572928K), 0.0017791 secs] [Times: user=0.00 sys=0.00, real=0.00 secs] 
2724.310: [GC (Allocation Failure) [PSYoungGen: 60848K->1344K(61440K)] 447103K->387599K(572928K), 0.0022007 secs] [Times: user=0.01 sys=0.00, real=0.01 secs] 
2724.935: [GC (Allocation Failure) [PSYoungGen: 60736K->1312K(61440K)] 446991K->387591K(572928K), 0.0023272 secs] [Times: user=0.01 sys=0.00, real=0.00 secs] 
2725.519: [GC (Allocation Failure) [PSYoungGen: 60704K->1312K(61440K)] 446983K->387591K(572928K), 0.0027445 secs] [Times: user=0.01 sys=0.00, real=0.00 secs] 
2726.089: [GC (Allocation Failure) [PSYoungGen: 60704K->1376K(61440K)] 446983K->387655K(572928K), 0.0029986 secs] [Times: user=0.01 sys=0.00, real=0.01 secs] 
2726.635: [GC (Allocation Failure) [PSYoungGen: 60768K->1501K(61440K)] 447047K->387780K(572928K), 0.0017074 secs] [Times: user=0.01 sys=0.00, real=0.00 secs] 
2726.983: [GC (Allocation Failure) [PSYoungGen: 60893K->1565K(61440K)] 447172K->387860K(572928K), 0.0016825 secs] [Times: user=0.01 sys=0.00, real=0.00 secs] 
2727.328: [GC (Allocation Failure) [PSYoungGen: 60957K->1600K(61440K)] 447252K->387895K(572928K), 0.0016900 secs] [Times: user=0.00 sys=0.00, real=0.00 secs] 
2727.726: [GC (Allocation Failure) [PSYoungGen: 60992K->1517K(61440K)] 447287K->387812K(572928K), 0.0016512 secs] [Times: user=0.01 sys=0.00, real=0.00 secs] 
2728.075: [GC (Allocation Failure) [PSYoungGen: 60909K->1456K(61440K)] 447204K->387751K(572928K), 0.0023342 secs] [Times: user=0.01 sys=0.01, real=0.00 secs] 
2728.418: [GC (Allocation Failure) [PSYoungGen: 60848K->1344K(61440K)] 447143K->387639K(572928K), 0.0022499 secs] [Times: user=0.01 sys=0.00, real=0.00 secs] 
2728.909: [GC (Allocation Failure) [PSYoungGen: 60736K->1344K(61440K)] 447031K->387639K(572928K), 0.0020224 secs] [Times: user=0.01 sys=0.00, real=0.00 secs] 
2729.405: [GC (Allocation Failure) [PSYoungGen: 60736K->1376K(61440K)] 447031K->387671K(572928K), 0.0024405 secs] [Times: user=0.01 sys=0.00, real=0.00 secs] 
2729.917: [GC (Allocation Failure) [PSYoungGen: 60768K->1344K(61440K)] 447063K->387639K(572928K), 0.0024975 secs] [Times: user=0.01 sys=0.00, real=0.00 secs] 
2730.372: [GC (Allocation Failure) [PSYoungGen: 60736K->1472K(61440K)] 447031K->387767K(572928K), 0.0015962 secs] [Times: user=0.01 sys=0.00, real=0.00 secs] 
2730.718: [GC (Allocation Failure) [PSYoungGen: 60864K->1501K(61440K)] 447159K->387804K(572928K), 0.0016265 secs] [Times: user=0.01 sys=0.00, real=0.00 secs] 
2731.063: [GC (Allocation Failure) [PSYoungGen: 60893K->1485K(61440K)] 447196K->387788K(572928K), 0.0016357 secs] [Times: user=0.00 sys=0.00, real=0.00 secs] 
2731.411: [GC (Allocation Failure) [PSYoungGen: 60877K->1581K(61440K)] 447180K->387884K(572928K), 0.0016067 secs] [Times: user=0.00 sys=0.00, real=0.01 secs] 
2731.758: [GC (Allocation Failure) [PSYoungGen: 60973K->1408K(61440K)] 447276K->387711K(572928K), 0.0025405 secs] [Times: user=0.01 sys=0.00, real=0.00 secs] 
2732.008: [GC (Allocation Failure) [PSYoungGen: 60800K->1376K(61440K)] 447103K->387679K(572928K), 0.0020385 secs] [Times: user=0.01 sys=0.00, real=0.00 secs] 
2732.262: [GC (Allocation Failure) [PSYoungGen: 60768K->1392K(61440K)] 447071K->387695K(572928K), 0.0019315 secs] [Times: user=0.01 sys=0.00, real=0.00 secs] 
2732.545: [GC (Allocation Failure) [PSYoungGen: 60784K->1408K(61440K)] 447087K->387711K(572928K), 0.0025911 secs] [Times: user=0.02 sys=0.00, real=0.00 secs] 
2732.793: [GC (Allocation Failure) [PSYoungGen: 60800K->1376K(61440K)] 447103K->387679K(572928K), 0.0021904 secs] [Times: user=0.00 sys=0.00, real=0.00 secs] 
2733.223: [GC (Allocation Failure) [PSYoungGen: 60768K->1517K(61440K)] 447071K->387820K(572928K), 0.0016211 secs] [Times: user=0.00 sys=0.00, real=0.00 secs] 
2733.569: [GC (Allocation Failure) [PSYoungGen: 60909K->1536K(61440K)] 447212K->387855K(572928K), 0.0016309 secs] [Times: user=0.00 sys=0.00, real=0.00 secs] 
2733.913: [GC (Allocation Failure) [PSYoungGen: 60928K->1533K(61440K)] 447247K->387852K(572928K), 0.0016125 secs] [Times: user=0.01 sys=0.00, real=0.00 secs] 
2734.260: [GC (Allocation Failure) [PSYoungGen: 60925K->1549K(61440K)] 447244K->387868K(572928K), 0.0016328 secs] [Times: user=0.01 sys=0.00, real=0.01 secs] 
2735.378: [GC (Allocation Failure) [PSYoungGen: 60941K->1424K(61440K)] 447260K->387767K(572928K), 0.0024912 secs] [Times: user=0.01 sys=0.00, real=0.00 secs] 
2736.045: [GC (Allocation Failure) [PSYoungGen: 60816K->1360K(61440K)] 447159K->387703K(572928K), 0.0028129 secs] [Times: user=0.01 sys=0.00, real=0.00 secs] 
2736.733: [GC (Allocation Failure) [PSYoungGen: 60752K->1376K(61440K)] 447095K->387719K(572928K), 0.0026579 secs] [Times: user=0.01 sys=0.00, real=0.00 secs] 
2737.297: [GC (Allocation Failure) [PSYoungGen: 60768K->1344K(61440K)] 447111K->387687K(572928K), 0.0027868 secs] [Times: user=0.01 sys=0.00, real=0.00 secs] 
2737.959: [GC (Allocation Failure) [PSYoungGen: 60736K->1469K(61440K)] 447079K->387812K(572928K), 0.0020835 secs] [Times: user=0.00 sys=0.00, real=0.00 secs] 
2738.331: [GC (Allocation Failure) [PSYoungGen: 60861K->1517K(61440K)] 447204K->387860K(572928K), 0.0016442 secs] [Times: user=0.01 sys=0.00, real=0.01 secs] 
2738.676: [GC (Allocation Failure) [PSYoungGen: 60909K->1600K(61440K)] 447252K->387959K(572928K), 0.0016191 secs] [Times: user=0.01 sys=0.00, real=0.00 secs] 
2739.022: [GC (Allocation Failure) [PSYoungGen: 60992K->1501K(61440K)] 447351K->387860K(572928K), 0.0016004 secs] [Times: user=0.01 sys=0.00, real=0.01 secs] 
2739.367: [GC (Allocation Failure) [PSYoungGen: 60893K->256K(61440K)] 447252K->386615K(572928K), 0.0016082 secs] [Times: user=0.01 sys=0.00, real=0.00 secs] 
2740.283: [GC (Allocation Failure) [PSYoungGen: 59648K->1376K(61440K)] 446007K->387735K(572928K), 0.0024721 secs] [Times: user=0.01 sys=0.00, real=0.00 secs] 
2740.923: [GC (Allocation Failure) [PSYoungGen: 60768K->1376K(61440K)] 447127K->387735K(572928K), 0.0025097 secs] [Times: user=0.01 sys=0.00, real=0.00 secs] 
2741.586: [GC (Allocation Failure) [PSYoungGen: 60768K->1376K(61440K)] 447127K->387735K(572928K), 0.0024276 secs] [Times: user=0.01 sys=0.00, real=0.00 secs] 
2742.518: [GC (Allocation Failure) [PSYoungGen: 60768K->1376K(61440K)] 447127K->387735K(572928K), 0.0054821 secs] [Times: user=0.02 sys=0.00, real=0.01 secs] 
2743.446: [GC (Allocation Failure) [PSYoungGen: 60746K->1485K(61440K)] 447106K->387844K(572928K), 0.0020485 secs] [Times: user=0.00 sys=0.00, real=0.00 secs] 
2743.807: [GC (Allocation Failure) [PSYoungGen: 60877K->1568K(61440K)] 447236K->387927K(572928K), 0.0016886 secs] [Times: user=0.01 sys=0.00, real=0.00 secs] 
2744.153: [GC (Allocation Failure) [PSYoungGen: 60960K->1565K(61440K)] 447319K->387932K(572928K), 0.0016940 secs] [Times: user=0.01 sys=0.00, real=0.00 secs] 
2744.561: [GC (Allocation Failure) [PSYoungGen: 60957K->1581K(61440K)] 447324K->387948K(572928K), 0.0016677 secs] [Times: user=0.01 sys=0.00, real=0.01 secs] 
2744.933: [GC (Allocation Failure) [PSYoungGen: 60973K->2016K(61440K)] 447340K->388383K(572928K), 0.0020183 secs] [Times: user=0.00 sys=0.00, real=0.00 secs] 
2745.194: [GC (Allocation Failure) [PSYoungGen: 61408K->1376K(61440K)] 447775K->387743K(572928K), 0.0021157 secs] [Times: user=0.01 sys=0.00, real=0.00 secs] 
2745.446: [GC (Allocation Failure) [PSYoungGen: 60768K->1376K(61440K)] 447135K->387743K(572928K), 0.0020269 secs] [Times: user=0.01 sys=0.00, real=0.00 secs] 
2745.785: [GC (Allocation Failure) [PSYoungGen: 60768K->1344K(61440K)] 447135K->387711K(572928K), 0.0021178 secs] [Times: user=0.01 sys=0.00, real=0.00 secs] 
2746.209: [GC (Allocation Failure) [PSYoungGen: 60736K->1376K(61440K)] 447103K->387743K(572928K), 0.0020703 secs] [Times: user=0.01 sys=0.01, real=0.00 secs] 
2746.694: [GC (Allocation Failure) [PSYoungGen: 60768K->1472K(61440K)] 447135K->387863K(572928K), 0.0015430 secs] [Times: user=0.00 sys=0.00, real=0.00 secs] 
2747.043: [GC (Allocation Failure) [PSYoungGen: 60858K->1549K(61440K)] 447250K->387948K(572928K), 0.0017419 secs] [Times: user=0.00 sys=0.00, real=0.00 secs] 
2747.390: [GC (Allocation Failure) [PSYoungGen: 60941K->1501K(61440K)] 447340K->387908K(572928K), 0.0015785 secs] [Times: user=0.01 sys=0.00, real=0.00 secs] 
2747.735: [GC (Allocation Failure) [PSYoungGen: 60893K->1552K(61440K)] 447300K->387959K(572928K), 0.0016114 secs] [Times: user=0.01 sys=0.00, real=0.00 secs] 
2748.217: [GC (Allocation Failure) [PSYoungGen: 60944K->1456K(61440K)] 447351K->387863K(572928K), 0.0019309 secs] [Times: user=0.01 sys=0.00, real=0.00 secs] 
2748.731: [GC (Allocation Failure) [PSYoungGen: 60848K->1392K(61440K)] 447255K->387799K(572928K), 0.0044584 secs] [Times: user=0.01 sys=0.00, real=0.01 secs] 
2749.169: [GC (Allocation Failure) [PSYoungGen: 60784K->1408K(61440K)] 447191K->387815K(572928K), 0.0027537 secs] [Times: user=0.01 sys=0.00, real=0.00 secs] 
2749.410: [GC (Allocation Failure) [PSYoungGen: 60800K->1344K(61440K)] 447207K->387751K(572928K), 0.0021724 secs] [Times: user=0.01 sys=0.00, real=0.01 secs] 
2749.882: [GC (Allocation Failure) [PSYoungGen: 60736K->1376K(61440K)] 447143K->387783K(572928K), 0.0019557 secs] [Times: user=0.00 sys=0.00, real=0.00 secs] 
2750.355: [GC (Allocation Failure) [PSYoungGen: 60768K->1517K(61440K)] 447175K->387924K(572928K), 0.0016523 secs] [Times: user=0.01 sys=0.00, real=0.00 secs] 
2750.701: [GC (Allocation Failure) [PSYoungGen: 60885K->1533K(61440K)] 447293K->387948K(572928K), 0.0015949 secs] [Times: user=0.00 sys=0.00, real=0.01 secs] 
2751.107: [GC (Allocation Failure) [PSYoungGen: 60925K->1600K(61440K)] 447340K->388015K(572928K), 0.0017054 secs] [Times: user=0.00 sys=0.00, real=0.00 secs] 
2751.451: [GC (Allocation Failure) [PSYoungGen: 60992K->1536K(61440K)] 447407K->387951K(572928K), 0.0016749 secs] [Times: user=0.01 sys=0.00, real=0.01 secs] 
2751.877: [GC (Allocation Failure) [PSYoungGen: 60928K->1456K(61440K)] 447343K->387871K(572928K), 0.0022820 secs] [Times: user=0.01 sys=0.00, real=0.00 secs] 
2752.179: [GC (Allocation Failure) [PSYoungGen: 60848K->1344K(61440K)] 447263K->387759K(572928K), 0.0020819 secs] [Times: user=0.01 sys=0.00, real=0.00 secs] 
2752.448: [GC (Allocation Failure) [PSYoungGen: 60736K->1376K(61440K)] 447151K->387791K(572928K), 0.0018099 secs] [Times: user=0.01 sys=0.00, real=0.00 secs] 
2752.699: [GC (Allocation Failure) [PSYoungGen: 60768K->1376K(61440K)] 447183K->387791K(572928K), 0.0018540 secs] [Times: user=0.01 sys=0.00, real=0.00 secs] 
2752.952: [GC (Allocation Failure) [PSYoungGen: 60768K->1376K(61440K)] 447183K->387791K(572928K), 0.0019888 secs] [Times: user=0.01 sys=0.00, real=0.00 secs] 
2753.304: [GC (Allocation Failure) [PSYoungGen: 60768K->1485K(61440K)] 447183K->387900K(572928K), 0.0015549 secs] [Times: user=0.01 sys=0.00, real=0.00 secs] 
2753.651: [GC (Allocation Failure) [PSYoungGen: 60877K->1552K(61440K)] 447292K->387983K(572928K), 0.0016291 secs] [Times: user=0.00 sys=0.00, real=0.01 secs] 
2753.997: [GC (Allocation Failure) [PSYoungGen: 60944K->1533K(61440K)] 447375K->387964K(572928K), 0.0016187 secs] [Times: user=0.01 sys=0.00, real=0.00 secs] 
2754.341: [GC (Allocation Failure) [PSYoungGen: 60925K->1472K(61440K)] 447356K->387911K(572928K), 0.0016069 secs] [Times: user=0.01 sys=0.00, real=0.01 secs] 
2754.777: [GC (Allocation Failure) [PSYoungGen: 60864K->1408K(61440K)] 447303K->387847K(572928K), 0.0020780 secs] [Times: user=0.01 sys=0.00, real=0.00 secs] 
2755.113: [GC (Allocation Failure) [PSYoungGen: 60800K->1312K(61440K)] 447239K->387751K(572928K), 0.0020361 secs] [Times: user=0.01 sys=0.00, real=0.00 secs] 
2755.520: [GC (Allocation Failure) [PSYoungGen: 60704K->1376K(61440K)] 447143K->387815K(572928K), 0.0017862 secs] [Times: user=0.00 sys=0.00, real=0.00 secs] 
2755.932: [GC (Allocation Failure) [PSYoungGen: 60768K->1392K(61440K)] 447207K->387831K(572928K), 0.0018133 secs] [Times: user=0.01 sys=0.00, real=0.00 secs] 
2756.505: [GC (Allocation Failure) [PSYoungGen: 60784K->1360K(61440K)] 447223K->387799K(572928K), 0.0021741 secs] [Times: user=0.01 sys=0.00, real=0.00 secs] 
2756.928: [GC (Allocation Failure) [PSYoungGen: 60752K->1501K(61440K)] 447191K->387940K(572928K), 0.0016292 secs] [Times: user=0.00 sys=0.00, real=0.00 secs] 
2757.279: [GC (Allocation Failure) [PSYoungGen: 60893K->1549K(61440K)] 447332K->388004K(572928K), 0.0016062 secs] [Times: user=0.00 sys=0.00, real=0.00 secs] 
2757.625: [GC (Allocation Failure) [PSYoungGen: 60941K->1501K(61440K)] 447396K->387956K(572928K), 0.0016193 secs] [Times: user=0.00 sys=0.00, real=0.00 secs] 
2757.970: [GC (Allocation Failure) [PSYoungGen: 60893K->1520K(61440K)] 447348K->387975K(572928K), 0.0016306 secs] [Times: user=0.01 sys=0.00, real=0.00 secs] 
2758.401: [GC (Allocation Failure) [PSYoungGen: 60912K->1424K(61440K)] 447367K->387879K(572928K), 0.0019768 secs] [Times: user=0.01 sys=0.00, real=0.01 secs] 
2758.810: [GC (Allocation Failure) [PSYoungGen: 60816K->1376K(61440K)] 447271K->387831K(572928K), 0.0037887 secs] [Times: user=0.02 sys=0.00, real=0.01 secs] 
2759.280: [GC (Allocation Failure) [PSYoungGen: 60768K->1376K(61440K)] 447223K->387831K(572928K), 0.0028366 secs] [Times: user=0.01 sys=0.01, real=0.01 secs] 
2759.858: [GC (Allocation Failure) [PSYoungGen: 60768K->1376K(61440K)] 447223K->387831K(572928K), 0.0027643 secs] [Times: user=0.01 sys=0.00, real=0.00 secs] 
2760.497: [GC (Allocation Failure) [PSYoungGen: 60747K->1469K(61440K)] 447203K->387924K(572928K), 0.0028982 secs] [Times: user=0.01 sys=0.00, real=0.00 secs] 
2760.932: [GC (Allocation Failure) [PSYoungGen: 60861K->1581K(61440K)] 447316K->388036K(572928K), 0.0015986 secs] [Times: user=0.00 sys=0.00, real=0.00 secs] 
2761.335: [GC (Allocation Failure) [PSYoungGen: 60973K->1616K(61440K)] 447428K->388087K(572928K), 0.0019449 secs] [Times: user=0.00 sys=0.00, real=0.00 secs] 
2761.680: [GC (Allocation Failure) [PSYoungGen: 61008K->1533K(61440K)] 447479K->388004K(572928K), 0.0017009 secs] [Times: user=0.01 sys=0.00, real=0.01 secs] 
2762.089: [GC (Allocation Failure) [PSYoungGen: 60925K->1597K(61440K)] 447396K->388068K(572928K), 0.0017504 secs] [Times: user=0.01 sys=0.00, real=0.00 secs] 
2762.357: [GC (Allocation Failure) [PSYoungGen: 60989K->1408K(61440K)] 447460K->387879K(572928K), 0.0021728 secs] [Times: user=0.01 sys=0.00, real=0.00 secs] 
2762.605: [GC (Allocation Failure) [PSYoungGen: 60800K->1344K(61440K)] 447271K->387815K(572928K), 0.0020446 secs] [Times: user=0.01 sys=0.00, real=0.00 secs] 
2763.011: [GC (Allocation Failure) [PSYoungGen: 60736K->1424K(61440K)] 447207K->387895K(572928K), 0.0017935 secs] [Times: user=0.01 sys=0.00, real=0.01 secs] 
2763.484: [GC (Allocation Failure) [PSYoungGen: 60816K->1408K(61440K)] 447287K->387879K(572928K), 0.0018237 secs] [Times: user=0.01 sys=0.00, real=0.00 secs] 
2764.097: [GC (Allocation Failure) [PSYoungGen: 60769K->1456K(61440K)] 447241K->387927K(572928K), 0.0022356 secs] [Times: user=0.01 sys=0.00, real=0.00 secs] 
2764.477: [GC (Allocation Failure) [PSYoungGen: 60848K->1565K(61440K)] 447319K->388036K(572928K), 0.0016228 secs] [Times: user=0.01 sys=0.00, real=0.00 secs] 
2764.821: [GC (Allocation Failure) [PSYoungGen: 60957K->1533K(61440K)] 447428K->388020K(572928K), 0.0016401 secs] [Times: user=0.01 sys=0.00, real=0.01 secs] 
2765.167: [GC (Allocation Failure) [PSYoungGen: 60925K->1504K(61440K)] 447412K->387991K(572928K), 0.0016542 secs] [Times: user=0.00 sys=0.00, real=0.00 secs] 
2765.536: [GC (Allocation Failure) [PSYoungGen: 60896K->1760K(61440K)] 447383K->388279K(572928K), 0.0020061 secs] [Times: user=0.01 sys=0.00, real=0.00 secs] 
2766.159: [GC (Allocation Failure) [PSYoungGen: 61152K->1408K(61440K)] 447671K->387927K(572928K), 0.0035137 secs] [Times: user=0.02 sys=0.00, real=0.01 secs] 
2766.728: [GC (Allocation Failure) [PSYoungGen: 60800K->1344K(61440K)] 447319K->387863K(572928K), 0.0028442 secs] [Times: user=0.01 sys=0.00, real=0.00 secs] 
2767.279: [GC (Allocation Failure) [PSYoungGen: 60736K->1376K(61440K)] 447255K->387895K(572928K), 0.0028030 secs] [Times: user=0.01 sys=0.00, real=0.01 secs] 
2767.649: [GC (Allocation Failure) [PSYoungGen: 60768K->1376K(61440K)] 447287K->387895K(572928K), 0.0021485 secs] [Times: user=0.01 sys=0.00, real=0.00 secs] 
2767.979: [GC (Allocation Failure) [PSYoungGen: 60768K->1389K(61440K)] 447287K->387908K(572928K), 0.0016496 secs] [Times: user=0.01 sys=0.00, real=0.00 secs] 
2768.324: [GC (Allocation Failure) [PSYoungGen: 60781K->1485K(61440K)] 447300K->388004K(572928K), 0.0016425 secs] [Times: user=0.01 sys=0.00, real=0.00 secs] 
2768.669: [GC (Allocation Failure) [PSYoungGen: 60877K->1533K(61440K)] 447396K->388068K(572928K), 0.0015850 secs] [Times: user=0.01 sys=0.00, real=0.00 secs] 
2769.088: [GC (Allocation Failure) [PSYoungGen: 60925K->1565K(61440K)] 447460K->388100K(572928K), 0.0016551 secs] [Times: user=0.00 sys=0.00, real=0.00 secs] 
2769.548: [GC (Allocation Failure) [PSYoungGen: 60957K->1440K(61440K)] 447492K->387975K(572928K), 0.0020712 secs] [Times: user=0.01 sys=0.00, real=0.00 secs] 
2770.100: [GC (Allocation Failure) [PSYoungGen: 60832K->1344K(61440K)] 447367K->387879K(572928K), 0.0033104 secs] [Times: user=0.01 sys=0.00, real=0.01 secs] 
2770.660: [GC (Allocation Failure) [PSYoungGen: 60736K->1312K(61440K)] 447271K->387847K(572928K), 0.0029844 secs] [Times: user=0.01 sys=0.00, real=0.01 secs] 
2771.227: [GC (Allocation Failure) [PSYoungGen: 60704K->1344K(61440K)] 447239K->387879K(572928K), 0.0027627 secs] [Times: user=0.02 sys=0.00, real=0.00 secs] 
2771.718: [GC (Allocation Failure) [PSYoungGen: 60736K->1312K(61440K)] 447271K->387847K(572928K), 0.0024848 secs] [Times: user=0.01 sys=0.00, real=0.00 secs] 
2772.222: [GC (Allocation Failure) [PSYoungGen: 60704K->1469K(61440K)] 447239K->388004K(572928K), 0.0015872 secs] [Times: user=0.01 sys=0.00, real=0.01 secs] 
2772.570: [GC (Allocation Failure) [PSYoungGen: 60848K->1565K(61440K)] 447383K->388116K(572928K), 0.0016048 secs] [Times: user=0.01 sys=0.00, real=0.00 secs] 
2772.927: [GC (Allocation Failure) [PSYoungGen: 60957K->1581K(61440K)] 447508K->388132K(572928K), 0.0016049 secs] [Times: user=0.01 sys=0.00, real=0.00 secs] 
2773.272: [GC (Allocation Failure) [PSYoungGen: 60973K->1581K(61440K)] 447524K->388132K(572928K), 0.0015856 secs] [Times: user=0.00 sys=0.00, real=0.00 secs] 
2773.605: [GC (Allocation Failure) [PSYoungGen: 60973K->1488K(61440K)] 447524K->388039K(572928K), 0.0017782 secs] [Times: user=0.01 sys=0.00, real=0.00 secs] 
2773.866: [GC (Allocation Failure) [PSYoungGen: 60880K->1328K(61440K)] 447431K->387887K(572928K), 0.0018673 secs] [Times: user=0.01 sys=0.00, real=0.00 secs] 
2774.115: [GC (Allocation Failure) [PSYoungGen: 60720K->1376K(61440K)] 447279K->387935K(572928K), 0.0016701 secs] [Times: user=0.01 sys=0.00, real=0.00 secs] 
2774.444: [GC (Allocation Failure) [PSYoungGen: 60768K->1344K(61440K)] 447327K->387903K(572928K), 0.0017909 secs] [Times: user=0.01 sys=0.00, real=0.00 secs] 
2774.691: [GC (Allocation Failure) [PSYoungGen: 60736K->1376K(61440K)] 447295K->387935K(572928K), 0.0018946 secs] [Times: user=0.00 sys=0.00, real=0.01 secs] 
2775.042: [GC (Allocation Failure) [PSYoungGen: 60768K->1485K(61440K)] 447327K->388060K(572928K), 0.0016308 secs] [Times: user=0.01 sys=0.00, real=0.00 secs] 
2775.386: [GC (Allocation Failure) [PSYoungGen: 60877K->1549K(61440K)] 447452K->388140K(572928K), 0.0016336 secs] [Times: user=0.01 sys=0.00, real=0.00 secs] 
2775.731: [GC (Allocation Failure) [PSYoungGen: 60941K->1565K(61440K)] 447532K->388156K(572928K), 0.0016400 secs] [Times: user=0.01 sys=0.00, real=0.01 secs] 
2776.076: [GC (Allocation Failure) [PSYoungGen: 60957K->1581K(61440K)] 447548K->388172K(572928K), 0.0016005 secs] [Times: user=0.01 sys=0.00, real=0.00 secs] 
2776.669: [GC (Allocation Failure) [PSYoungGen: 60973K->1424K(61440K)] 447564K->388015K(572928K), 0.0019652 secs] [Times: user=0.00 sys=0.00, real=0.00 secs] 
2777.195: [GC (Allocation Failure) [PSYoungGen: 60816K->1376K(61440K)] 447407K->387967K(572928K), 0.0023444 secs] [Times: user=0.01 sys=0.00, real=0.00 secs] 
2777.438: [GC (Allocation Failure) [PSYoungGen: 60768K->1376K(61440K)] 447359K->387967K(572928K), 0.0022323 secs] [Times: user=0.01 sys=0.00, real=0.00 secs] 
2777.978: [GC (Allocation Failure) [PSYoungGen: 60768K->1344K(61440K)] 447359K->387935K(572928K), 0.0021696 secs] [Times: user=0.01 sys=0.00, real=0.00 secs] 
2778.494: [GC (Allocation Failure) [PSYoungGen: 60736K->1344K(61440K)] 447327K->387935K(572928K), 0.0022953 secs] [Times: user=0.01 sys=0.00, real=0.00 secs] 
2779.056: [GC (Allocation Failure) [PSYoungGen: 60736K->1536K(61440K)] 447327K->388127K(572928K), 0.0016144 secs] [Times: user=0.01 sys=0.00, real=0.00 secs] 
2779.402: [GC (Allocation Failure) [PSYoungGen: 60927K->1533K(61440K)] 447519K->388140K(572928K), 0.0016556 secs] [Times: user=0.00 sys=0.00, real=0.00 secs] 
2779.750: [GC (Allocation Failure) [PSYoungGen: 60925K->1517K(61440K)] 447532K->388124K(572928K), 0.0016373 secs] [Times: user=0.00 sys=0.00, real=0.00 secs] 
2780.095: [GC (Allocation Failure) [PSYoungGen: 60909K->1581K(61440K)] 447516K->388188K(572928K), 0.0016642 secs] [Times: user=0.00 sys=0.00, real=0.00 secs] 
2781.129: [GC (Allocation Failure) [PSYoungGen: 60973K->1408K(61440K)] 447580K->388015K(572928K), 0.0049136 secs] [Times: user=0.02 sys=0.00, real=0.01 secs] 
2781.688: [GC (Allocation Failure) [PSYoungGen: 60800K->1344K(61440K)] 447407K->387951K(572928K), 0.0029509 secs] [Times: user=0.01 sys=0.00, real=0.00 secs] 
2782.237: [GC (Allocation Failure) [PSYoungGen: 60736K->1376K(61440K)] 447343K->387983K(572928K), 0.0028746 secs] [Times: user=0.01 sys=0.00, real=0.00 secs] 
2782.770: [GC (Allocation Failure) [PSYoungGen: 60768K->1376K(61440K)] 447375K->387983K(572928K), 0.0023698 secs] [Times: user=0.01 sys=0.00, real=0.01 secs] 
2783.031: [GC (Allocation Failure) [PSYoungGen: 60768K->1376K(61440K)] 447375K->387983K(572928K), 0.0018392 secs] [Times: user=0.01 sys=0.00, real=0.01 secs] 
2783.403: [GC (Allocation Failure) [PSYoungGen: 60768K->1565K(61440K)] 447375K->388172K(572928K), 0.0016241 secs] [Times: user=0.00 sys=0.00, real=0.00 secs] 
2783.748: [GC (Allocation Failure) [PSYoungGen: 60957K->1597K(61440K)] 447564K->388220K(572928K), 0.0016262 secs] [Times: user=0.01 sys=0.00, real=0.00 secs] 
2784.093: [GC (Allocation Failure) [PSYoungGen: 60989K->1549K(61440K)] 447612K->388172K(572928K), 0.0016195 secs] [Times: user=0.01 sys=0.00, real=0.00 secs] 
2784.437: [GC (Allocation Failure) [PSYoungGen: 60941K->1581K(61440K)] 447564K->388204K(572928K), 0.0015888 secs] [Times: user=0.00 sys=0.00, real=0.00 secs] 
2786.022: [GC (Allocation Failure) [PSYoungGen: 60973K->1376K(61440K)] 447596K->387999K(572928K), 0.0036511 secs] [Times: user=0.02 sys=0.00, real=0.00 secs] 
2786.857: [GC (Allocation Failure) [PSYoungGen: 60768K->1376K(61440K)] 447391K->387999K(572928K), 0.0025746 secs] [Times: user=0.01 sys=0.00, real=0.00 secs] 
2787.267: [GC (Allocation Failure) [PSYoungGen: 60768K->1344K(61440K)] 447391K->387983K(572928K), 0.0021085 secs] [Times: user=0.01 sys=0.00, real=0.00 secs] 
2787.514: [GC (Allocation Failure) [PSYoungGen: 60736K->1376K(61440K)] 447375K->388015K(572928K), 0.0019198 secs] [Times: user=0.01 sys=0.00, real=0.00 secs] 
2787.791: [GC (Allocation Failure) [PSYoungGen: 60738K->1469K(61440K)] 447377K->388108K(572928K), 0.0016013 secs] [Times: user=0.01 sys=0.00, real=0.01 secs] 
2788.137: [GC (Allocation Failure) [PSYoungGen: 60861K->1517K(61440K)] 447500K->388156K(572928K), 0.0016728 secs] [Times: user=0.01 sys=0.00, real=0.00 secs] 
2788.485: [GC (Allocation Failure) [PSYoungGen: 60909K->1517K(61440K)] 447548K->388172K(572928K), 0.0016377 secs] [Times: user=0.01 sys=0.00, real=0.00 secs] 
2788.831: [GC (Allocation Failure) [PSYoungGen: 60909K->1501K(61440K)] 447564K->388156K(572928K), 0.0016157 secs] [Times: user=0.00 sys=0.00, real=0.01 secs] 
2789.176: [GC (Allocation Failure) [PSYoungGen: 60853K->320K(61440K)] 447508K->386975K(572928K), 0.0015802 secs] [Times: user=0.01 sys=0.00, real=0.00 secs] 
2789.936: [GC (Allocation Failure) [PSYoungGen: 59712K->1376K(61440K)] 446367K->388031K(572928K), 0.0036411 secs] [Times: user=0.01 sys=0.00, real=0.00 secs] 
2790.465: [GC (Allocation Failure) [PSYoungGen: 60768K->1376K(61440K)] 447423K->388031K(572928K), 0.0030151 secs] [Times: user=0.02 sys=0.00, real=0.00 secs] 
2790.952: [GC (Allocation Failure) [PSYoungGen: 60768K->1344K(61440K)] 447423K->387999K(572928K), 0.0041274 secs] [Times: user=0.02 sys=0.00, real=0.00 secs] 
2791.541: [GC (Allocation Failure) [PSYoungGen: 60736K->1360K(61440K)] 447391K->388015K(572928K), 0.0022159 secs] [Times: user=0.01 sys=0.01, real=0.01 secs] 
2792.217: [GC (Allocation Failure) [PSYoungGen: 60752K->1453K(61440K)] 447407K->388108K(572928K), 0.0021416 secs] [Times: user=0.01 sys=0.00, real=0.00 secs] 
2792.671: [GC (Allocation Failure) [PSYoungGen: 60845K->1584K(61440K)] 447500K->388239K(572928K), 0.0016962 secs] [Times: user=0.01 sys=0.00, real=0.01 secs] 
2793.016: [GC (Allocation Failure) [PSYoungGen: 60976K->1584K(61440K)] 447631K->388247K(572928K), 0.0016589 secs] [Times: user=0.01 sys=0.00, real=0.00 secs] 
2793.369: [GC (Allocation Failure) [PSYoungGen: 60976K->1568K(61440K)] 447639K->388231K(572928K), 0.0016526 secs] [Times: user=0.00 sys=0.00, real=0.00 secs] 
2793.774: [GC (Allocation Failure) [PSYoungGen: 60960K->1984K(61440K)] 447623K->388647K(572928K), 0.0021428 secs] [Times: user=0.01 sys=0.00, real=0.00 secs] 
2794.254: [GC (Allocation Failure) [PSYoungGen: 61376K->1312K(61440K)] 448039K->387975K(572928K), 0.0033454 secs] [Times: user=0.02 sys=0.00, real=0.00 secs] 
2794.761: [GC (Allocation Failure) [PSYoungGen: 60704K->1376K(61440K)] 447367K->388039K(572928K), 0.0024901 secs] [Times: user=0.01 sys=0.00, real=0.01 secs] 
2795.329: [GC (Allocation Failure) [PSYoungGen: 60768K->1344K(61440K)] 447431K->388007K(572928K), 0.0024806 secs] [Times: user=0.01 sys=0.00, real=0.00 secs] 
2795.910: [GC (Allocation Failure) [PSYoungGen: 60736K->1344K(61440K)] 447399K->388007K(572928K), 0.0024192 secs] [Times: user=0.01 sys=0.00, real=0.01 secs] 
2796.484: [GC (Allocation Failure) [PSYoungGen: 60736K->1520K(61440K)] 447399K->388183K(572928K), 0.0016331 secs] [Times: user=0.00 sys=0.00, real=0.00 secs] 
2796.831: [GC (Allocation Failure) [PSYoungGen: 60907K->1517K(61440K)] 447571K->388196K(572928K), 0.0015983 secs] [Times: user=0.00 sys=0.00, real=0.01 secs] 
2797.183: [GC (Allocation Failure) [PSYoungGen: 60909K->1533K(61440K)] 447588K->388220K(572928K), 0.0016412 secs] [Times: user=0.01 sys=0.00, real=0.00 secs] 
2797.530: [GC (Allocation Failure) [PSYoungGen: 60925K->1552K(61440K)] 447612K->388239K(572928K), 0.0018104 secs] [Times: user=0.01 sys=0.00, real=0.01 secs] 
2798.484: [GC (Allocation Failure) [PSYoungGen: 60944K->1440K(61440K)] 447631K->388127K(572928K), 0.0031213 secs] [Times: user=0.01 sys=0.00, real=0.00 secs] 
2799.372: [GC (Allocation Failure) [PSYoungGen: 60832K->1408K(61440K)] 447519K->388095K(572928K), 0.0036699 secs] [Times: user=0.02 sys=0.00, real=0.01 secs] 
2799.866: [GC (Allocation Failure) [PSYoungGen: 60800K->1408K(61440K)] 447487K->388095K(572928K), 0.0027731 secs] [Times: user=0.01 sys=0.01, real=0.00 secs] 
2800.294: [GC (Allocation Failure) [PSYoungGen: 60800K->1344K(61440K)] 447487K->388031K(572928K), 0.0021055 secs] [Times: user=0.01 sys=0.00, real=0.00 secs] 
2800.689: [GC (Allocation Failure) [PSYoungGen: 60736K->1344K(61440K)] 447423K->388031K(572928K), 0.0019789 secs] [Times: user=0.01 sys=0.00, real=0.00 secs] 
2801.221: [GC (Allocation Failure) [PSYoungGen: 60736K->1520K(61440K)] 447423K->388207K(572928K), 0.0016200 secs] [Times: user=0.00 sys=0.00, real=0.01 secs] 
2801.567: [GC (Allocation Failure) [PSYoungGen: 60891K->1565K(61440K)] 447579K->388260K(572928K), 0.0016016 secs] [Times: user=0.01 sys=0.00, real=0.00 secs] 
2801.974: [GC (Allocation Failure) [PSYoungGen: 60957K->1565K(61440K)] 447652K->388260K(572928K), 0.0019278 secs] [Times: user=0.01 sys=0.00, real=0.00 secs] 
2802.382: [GC (Allocation Failure) [PSYoungGen: 60957K->1485K(61440K)] 447652K->388180K(572928K), 0.0016237 secs] [Times: user=0.00 sys=0.00, real=0.01 secs] 
2802.830: [GC (Allocation Failure) [PSYoungGen: 60877K->1424K(61440K)] 447572K->388119K(572928K), 0.0020043 secs] [Times: user=0.01 sys=0.00, real=0.01 secs] 
2803.325: [GC (Allocation Failure) [PSYoungGen: 60816K->1376K(61440K)] 447511K->388071K(572928K), 0.0018613 secs] [Times: user=0.01 sys=0.00, real=0.00 secs] 
2803.816: [GC (Allocation Failure) [PSYoungGen: 60768K->1344K(61440K)] 447463K->388039K(572928K), 0.0018191 secs] [Times: user=0.00 sys=0.00, real=0.00 secs] 
2804.231: [GC (Allocation Failure) [PSYoungGen: 60736K->1360K(61440K)] 447431K->388055K(572928K), 0.0020499 secs] [Times: user=0.01 sys=0.00, real=0.01 secs] 
2804.478: [GC (Allocation Failure) [PSYoungGen: 60752K->1344K(61440K)] 447447K->388039K(572928K), 0.0020202 secs] [Times: user=0.00 sys=0.00, real=0.00 secs] 
2804.820: [GC (Allocation Failure) [PSYoungGen: 60736K->1456K(61440K)] 447431K->388151K(572928K), 0.0015924 secs] [Times: user=0.01 sys=0.00, real=0.00 secs] 
2805.166: [GC (Allocation Failure) [PSYoungGen: 60842K->1533K(61440K)] 447537K->388236K(572928K), 0.0016385 secs] [Times: user=0.01 sys=0.00, real=0.00 secs] 
2805.513: [GC (Allocation Failure) [PSYoungGen: 60925K->1488K(61440K)] 447628K->388207K(572928K), 0.0016551 secs] [Times: user=0.00 sys=0.00, real=0.00 secs] 
2805.858: [GC (Allocation Failure) [PSYoungGen: 60880K->1549K(61440K)] 447599K->388268K(572928K), 0.0016412 secs] [Times: user=0.01 sys=0.00, real=0.00 secs] 
2806.160: [GC (Allocation Failure) [PSYoungGen: 60941K->1360K(61440K)] 447660K->388079K(572928K), 0.0018735 secs] [Times: user=0.00 sys=0.00, real=0.01 secs] 
2806.434: [GC (Allocation Failure) [PSYoungGen: 60752K->1376K(61440K)] 447471K->388095K(572928K), 0.0017741 secs] [Times: user=0.00 sys=0.00, real=0.00 secs] 
2806.808: [GC (Allocation Failure) [PSYoungGen: 60768K->1408K(61440K)] 447487K->388127K(572928K), 0.0017690 secs] [Times: user=0.00 sys=0.00, real=0.00 secs] 
2807.219: [GC (Allocation Failure) [PSYoungGen: 60800K->1312K(61440K)] 447519K->388031K(572928K), 0.0020123 secs] [Times: user=0.01 sys=0.00, real=0.00 secs] 
2807.742: [GC (Allocation Failure) [PSYoungGen: 60704K->1344K(61440K)] 447423K->388063K(572928K), 0.0021098 secs] [Times: user=0.00 sys=0.00, real=0.00 secs] 
2808.154: [GC (Allocation Failure) [PSYoungGen: 60736K->1501K(61440K)] 447455K->388220K(572928K), 0.0016140 secs] [Times: user=0.01 sys=0.00, real=0.00 secs] 
2808.501: [GC (Allocation Failure) [PSYoungGen: 60893K->1501K(61440K)] 447612K->388228K(572928K), 0.0016383 secs] [Times: user=0.01 sys=0.00, real=0.01 secs] 
2808.844: [GC (Allocation Failure) [PSYoungGen: 60893K->1501K(61440K)] 447620K->388228K(572928K), 0.0016189 secs] [Times: user=0.01 sys=0.00, real=0.00 secs] 
2809.191: [GC (Allocation Failure) [PSYoungGen: 60893K->1533K(61440K)] 447620K->388260K(572928K), 0.0015800 secs] [Times: user=0.00 sys=0.00, real=0.01 secs] 
2809.741: [GC (Allocation Failure) [PSYoungGen: 60925K->1376K(61440K)] 447652K->388103K(572928K), 0.0021625 secs] [Times: user=0.00 sys=0.00, real=0.01 secs] 
2810.001: [GC (Allocation Failure) [PSYoungGen: 60768K->1344K(61440K)] 447495K->388071K(572928K), 0.0019264 secs] [Times: user=0.01 sys=0.00, real=0.01 secs] 
2810.334: [GC (Allocation Failure) [PSYoungGen: 60736K->1376K(61440K)] 447463K->388103K(572928K), 0.0020311 secs] [Times: user=0.01 sys=0.00, real=0.00 secs] 
2810.636: [GC (Allocation Failure) [PSYoungGen: 60768K->1344K(61440K)] 447495K->388071K(572928K), 0.0019423 secs] [Times: user=0.01 sys=0.01, real=0.00 secs] 
2810.924: [GC (Allocation Failure) [PSYoungGen: 60736K->1453K(61440K)] 447463K->388180K(572928K), 0.0020448 secs] [Times: user=0.00 sys=0.00, real=0.00 secs] 
2811.288: [GC (Allocation Failure) [PSYoungGen: 60845K->1565K(61440K)] 447572K->388292K(572928K), 0.0015728 secs] [Times: user=0.01 sys=0.00, real=0.00 secs] 
2811.633: [GC (Allocation Failure) [PSYoungGen: 60950K->1504K(61440K)] 447678K->388247K(572928K), 0.0016567 secs] [Times: user=0.01 sys=0.00, real=0.00 secs] 
2811.980: [GC (Allocation Failure) [PSYoungGen: 60896K->1501K(61440K)] 447639K->388244K(572928K), 0.0016150 secs] [Times: user=0.01 sys=0.00, real=0.00 secs] 
2812.327: [GC (Allocation Failure) [PSYoungGen: 60893K->1536K(61440K)] 447636K->388279K(572928K), 0.0015792 secs] [Times: user=0.01 sys=0.00, real=0.00 secs] 
2812.673: [GC (Allocation Failure) [PSYoungGen: 60928K->1440K(61440K)] 447671K->388183K(572928K), 0.0018668 secs] [Times: user=0.01 sys=0.00, real=0.00 secs] 
2813.148: [GC (Allocation Failure) [PSYoungGen: 60832K->1344K(61440K)] 447575K->388087K(572928K), 0.0028674 secs] [Times: user=0.01 sys=0.00, real=0.00 secs] 
2813.606: [GC (Allocation Failure) [PSYoungGen: 60736K->1408K(61440K)] 447479K->388151K(572928K), 0.0026624 secs] [Times: user=0.01 sys=0.00, real=0.00 secs] 
2814.136: [GC (Allocation Failure) [PSYoungGen: 60800K->1312K(61440K)] 447543K->388055K(572928K), 0.0024025 secs] [Times: user=0.01 sys=0.00, real=0.00 secs] 
2814.791: [GC (Allocation Failure) [PSYoungGen: 60679K->1437K(61440K)] 447422K->388180K(572928K), 0.0019009 secs] [Times: user=0.01 sys=0.00, real=0.01 secs] 
2815.151: [GC (Allocation Failure) [PSYoungGen: 60829K->1565K(61440K)] 447572K->388332K(572928K), 0.0016362 secs] [Times: user=0.00 sys=0.00, real=0.01 secs] 
2815.497: [GC (Allocation Failure) [PSYoungGen: 60957K->1485K(61440K)] 447724K->388268K(572928K), 0.0015935 secs] [Times: user=0.01 sys=0.00, real=0.00 secs] 
2815.842: [GC (Allocation Failure) [PSYoungGen: 60877K->1501K(61440K)] 447660K->388284K(572928K), 0.0016160 secs] [Times: user=0.00 sys=0.00, real=0.00 secs] 
2816.407: [GC (Allocation Failure) [PSYoungGen: 60893K->1728K(61440K)] 447676K->388511K(572928K), 0.0019227 secs] [Times: user=0.01 sys=0.00, real=0.00 secs] 
2816.660: [GC (Allocation Failure) [PSYoungGen: 61120K->1408K(61440K)] 447903K->388191K(572928K), 0.0021657 secs] [Times: user=0.01 sys=0.00, real=0.01 secs] 
2816.908: [GC (Allocation Failure) [PSYoungGen: 60800K->1376K(61440K)] 447583K->388159K(572928K), 0.0020784 secs] [Times: user=0.00 sys=0.00, real=0.00 secs] 
2817.224: [GC (Allocation Failure) [PSYoungGen: 60768K->1344K(61440K)] 447551K->388127K(572928K), 0.0019170 secs] [Times: user=0.01 sys=0.00, real=0.00 secs] 
2817.697: [GC (Allocation Failure) [PSYoungGen: 60736K->1408K(61440K)] 447519K->388191K(572928K), 0.0021668 secs] [Times: user=0.01 sys=0.00, real=0.00 secs] 
2818.141: [GC (Allocation Failure) [PSYoungGen: 60775K->1485K(61440K)] 447559K->388268K(572928K), 0.0015260 secs] [Times: user=0.01 sys=0.00, real=0.01 secs] 
2818.486: [GC (Allocation Failure) [PSYoungGen: 60877K->1520K(61440K)] 447660K->388303K(572928K), 0.0016343 secs] [Times: user=0.00 sys=0.00, real=0.00 secs] 
2818.831: [GC (Allocation Failure) [PSYoungGen: 60912K->1501K(61440K)] 447695K->388300K(572928K), 0.0016055 secs] [Times: user=0.01 sys=0.00, real=0.01 secs] 
2819.176: [GC (Allocation Failure) [PSYoungGen: 60893K->1549K(61440K)] 447692K->388348K(572928K), 0.0016601 secs] [Times: user=0.01 sys=0.00, real=0.00 secs] 
2819.547: [GC (Allocation Failure) [PSYoungGen: 60941K->1488K(61440K)] 447740K->388287K(572928K), 0.0018259 secs] [Times: user=0.00 sys=0.00, real=0.00 secs] 
2819.820: [GC (Allocation Failure) [PSYoungGen: 60880K->1376K(61440K)] 447679K->388175K(572928K), 0.0016604 secs] [Times: user=0.01 sys=0.00, real=0.00 secs] 
2820.077: [GC (Allocation Failure) [PSYoungGen: 60768K->1344K(61440K)] 447567K->388143K(572928K), 0.0018962 secs] [Times: user=0.00 sys=0.00, real=0.00 secs] 
2820.388: [GC (Allocation Failure) [PSYoungGen: 60736K->1344K(61440K)] 447535K->388143K(572928K), 0.0026919 secs] [Times: user=0.01 sys=0.00, real=0.00 secs] 
2820.638: [GC (Allocation Failure) [PSYoungGen: 60736K->1376K(61440K)] 447535K->388175K(572928K), 0.0023266 secs] [Times: user=0.01 sys=0.00, real=0.00 secs] 
2821.045: [GC (Allocation Failure) [PSYoungGen: 60768K->1536K(61440K)] 447567K->388335K(572928K), 0.0015661 secs] [Times: user=0.01 sys=0.00, real=0.00 secs] 
2821.392: [GC (Allocation Failure) [PSYoungGen: 60923K->1517K(61440K)] 447723K->388324K(572928K), 0.0016303 secs] [Times: user=0.01 sys=0.00, real=0.01 secs] 
2821.738: [GC (Allocation Failure) [PSYoungGen: 60909K->1517K(61440K)] 447716K->388324K(572928K), 0.0016331 secs] [Times: user=0.01 sys=0.00, real=0.00 secs] 
2822.083: [GC (Allocation Failure) [PSYoungGen: 60909K->1517K(61440K)] 447716K->388324K(572928K), 0.0016280 secs] [Times: user=0.00 sys=0.00, real=0.00 secs] 
2822.392: [GC (Allocation Failure) [PSYoungGen: 60909K->1472K(61440K)] 447716K->388279K(572928K), 0.0016210 secs] [Times: user=0.00 sys=0.00, real=0.01 secs] 
2822.934: [GC (Allocation Failure) [PSYoungGen: 60864K->1376K(61440K)] 447671K->388183K(572928K), 0.0019565 secs] [Times: user=0.01 sys=0.00, real=0.00 secs] 
2823.540: [GC (Allocation Failure) [PSYoungGen: 60768K->1376K(61440K)] 447575K->388183K(572928K), 0.0031194 secs] [Times: user=0.01 sys=0.00, real=0.01 secs] 
2824.228: [GC (Allocation Failure) [PSYoungGen: 60768K->1376K(61440K)] 447575K->388183K(572928K), 0.0041900 secs] [Times: user=0.02 sys=0.00, real=0.01 secs] 
2824.935: [GC (Allocation Failure) [PSYoungGen: 60768K->1376K(61440K)] 447575K->388183K(572928K), 0.0042048 secs] [Times: user=0.02 sys=0.00, real=0.00 secs] 
2825.473: [GC (Allocation Failure) [PSYoungGen: 60747K->1485K(61440K)] 447555K->388316K(572928K), 0.0016836 secs] [Times: user=0.01 sys=0.00, real=0.00 secs] 
2825.819: [GC (Allocation Failure) [PSYoungGen: 60877K->1501K(61440K)] 447708K->388348K(572928K), 0.0016426 secs] [Times: user=0.00 sys=0.00, real=0.00 secs] 
2826.164: [GC (Allocation Failure) [PSYoungGen: 60893K->1517K(61440K)] 447740K->388364K(572928K), 0.0016109 secs] [Times: user=0.01 sys=0.00, real=0.00 secs] 
2826.512: [GC (Allocation Failure) [PSYoungGen: 60909K->1552K(61440K)] 447756K->388399K(572928K), 0.0016334 secs] [Times: user=0.01 sys=0.00, real=0.01 secs] 
2826.855: [GC (Allocation Failure) [PSYoungGen: 60944K->1472K(61440K)] 447791K->388319K(572928K), 0.0019530 secs] [Times: user=0.01 sys=0.00, real=0.00 secs] 
2827.147: [GC (Allocation Failure) [PSYoungGen: 60864K->1408K(61440K)] 447711K->388255K(572928K), 0.0018779 secs] [Times: user=0.01 sys=0.00, real=0.00 secs] 
2827.404: [GC (Allocation Failure) [PSYoungGen: 60800K->1408K(61440K)] 447647K->388255K(572928K), 0.0018465 secs] [Times: user=0.00 sys=0.00, real=0.00 secs] 
2827.704: [GC (Allocation Failure) [PSYoungGen: 60800K->1408K(61440K)] 447647K->388255K(572928K), 0.0019528 secs] [Times: user=0.01 sys=0.00, real=0.00 secs] 
2827.950: [GC (Allocation Failure) [PSYoungGen: 60800K->1344K(61440K)] 447647K->388191K(572928K), 0.0019877 secs] [Times: user=0.01 sys=0.00, real=0.01 secs] 
2828.341: [GC (Allocation Failure) [PSYoungGen: 60736K->1520K(61440K)] 447583K->388367K(572928K), 0.0015762 secs] [Times: user=0.01 sys=0.00, real=0.01 secs] 
2828.689: [GC (Allocation Failure) [PSYoungGen: 60908K->1565K(61440K)] 447756K->388420K(572928K), 0.0016972 secs] [Times: user=0.01 sys=0.00, real=0.00 secs] 
2829.037: [GC (Allocation Failure) [PSYoungGen: 60957K->1549K(61440K)] 447812K->388404K(572928K), 0.0016806 secs] [Times: user=0.01 sys=0.00, real=0.00 secs] 
2829.448: [GC (Allocation Failure) [PSYoungGen: 60941K->1536K(61440K)] 447796K->388391K(572928K), 0.0016917 secs] [Times: user=0.01 sys=0.00, real=0.00 secs] 
2829.925: [GC (Allocation Failure) [PSYoungGen: 60928K->1408K(61440K)] 447783K->388263K(572928K), 0.0023830 secs] [Times: user=0.01 sys=0.00, real=0.00 secs] 
2830.409: [GC (Allocation Failure) [PSYoungGen: 60800K->1360K(61440K)] 447655K->388215K(572928K), 0.0021254 secs] [Times: user=0.01 sys=0.00, real=0.00 secs] 
2830.985: [GC (Allocation Failure) [PSYoungGen: 60752K->1376K(61440K)] 447607K->388231K(572928K), 0.0024000 secs] [Times: user=0.00 sys=0.00, real=0.00 secs] 
2831.471: [GC (Allocation Failure) [PSYoungGen: 60768K->1328K(61440K)] 447623K->388183K(572928K), 0.0024443 secs] [Times: user=0.01 sys=0.00, real=0.01 secs] 
2832.093: [GC (Allocation Failure) [PSYoungGen: 60720K->1376K(61440K)] 447575K->388231K(572928K), 0.0026909 secs] [Times: user=0.01 sys=0.00, real=0.00 secs] 
2832.535: [GC (Allocation Failure) [PSYoungGen: 60768K->1504K(61440K)] 447623K->388359K(572928K), 0.0016248 secs] [Times: user=0.00 sys=0.00, real=0.00 secs] 
2832.941: [GC (Allocation Failure) [PSYoungGen: 60896K->1581K(61440K)] 447751K->388444K(572928K), 0.0016743 secs] [Times: user=0.01 sys=0.00, real=0.01 secs] 
2833.285: [GC (Allocation Failure) [PSYoungGen: 60943K->1533K(61440K)] 447806K->388396K(572928K), 0.0016966 secs] [Times: user=0.00 sys=0.00, real=0.00 secs] 
2833.630: [GC (Allocation Failure) [PSYoungGen: 60925K->1549K(61440K)] 447788K->388412K(572928K), 0.0016541 secs] [Times: user=0.01 sys=0.00, real=0.00 secs] 
2834.254: [GC (Allocation Failure) [PSYoungGen: 60941K->1376K(61440K)] 447804K->388239K(572928K), 0.0047830 secs] [Times: user=0.02 sys=0.00, real=0.00 secs] 
2834.873: [GC (Allocation Failure) [PSYoungGen: 60768K->1344K(61440K)] 447631K->388207K(572928K), 0.0030342 secs] [Times: user=0.01 sys=0.01, real=0.00 secs] 
2835.575: [GC (Allocation Failure) [PSYoungGen: 60736K->1376K(61440K)] 447599K->388239K(572928K), 0.0032815 secs] [Times: user=0.01 sys=0.00, real=0.00 secs] 
2836.282: [GC (Allocation Failure) [PSYoungGen: 60768K->1376K(61440K)] 447631K->388239K(572928K), 0.0028491 secs] [Times: user=0.01 sys=0.00, real=0.01 secs] 
2836.827: [GC (Allocation Failure) [PSYoungGen: 60741K->1421K(61440K)] 447604K->388300K(572928K), 0.0023637 secs] [Times: user=0.01 sys=0.00, real=0.00 secs] 
2837.212: [GC (Allocation Failure) [PSYoungGen: 60813K->1549K(61440K)] 447692K->388428K(572928K), 0.0017758 secs] [Times: user=0.01 sys=0.00, real=0.00 secs] 
2837.561: [GC (Allocation Failure) [PSYoungGen: 60941K->1597K(61440K)] 447820K->388484K(572928K), 0.0016284 secs] [Times: user=0.01 sys=0.00, real=0.01 secs] 
2837.906: [GC (Allocation Failure) [PSYoungGen: 60989K->1533K(61440K)] 447876K->388420K(572928K), 0.0016178 secs] [Times: user=0.01 sys=0.00, real=0.00 secs] 
2838.309: [GC (Allocation Failure) [PSYoungGen: 60831K->256K(61440K)] 447719K->387143K(572928K), 0.0016068 secs] [Times: user=0.01 sys=0.00, real=0.00 secs] 
2838.698: [GC (Allocation Failure) [PSYoungGen: 59648K->1376K(61440K)] 446535K->388263K(572928K), 0.0021652 secs] [Times: user=0.01 sys=0.00, real=0.00 secs] 
2838.945: [GC (Allocation Failure) [PSYoungGen: 60768K->1408K(61440K)] 447655K->388295K(572928K), 0.0019940 secs] [Times: user=0.00 sys=0.00, real=0.00 secs] 
2839.192: [GC (Allocation Failure) [PSYoungGen: 60800K->1424K(61440K)] 447687K->388311K(572928K), 0.0019348 secs] [Times: user=0.01 sys=0.00, real=0.00 secs] 
2839.439: [GC (Allocation Failure) [PSYoungGen: 60816K->1424K(61440K)] 447703K->388311K(572928K), 0.0019510 secs] [Times: user=0.01 sys=0.00, real=0.00 secs] 
2839.879: [GC (Allocation Failure) [PSYoungGen: 60816K->1472K(61440K)] 447703K->388359K(572928K), 0.0016774 secs] [Times: user=0.01 sys=0.00, real=0.00 secs] 
2840.270: [GC (Allocation Failure) [PSYoungGen: 60864K->1549K(61440K)] 447751K->388436K(572928K), 0.0016580 secs] [Times: user=0.01 sys=0.00, real=0.00 secs] 
2840.614: [GC (Allocation Failure) [PSYoungGen: 60941K->1600K(61440K)] 447828K->388503K(572928K), 0.0016786 secs] [Times: user=0.00 sys=0.00, real=0.00 secs] 
2840.960: [GC (Allocation Failure) [PSYoungGen: 60992K->1565K(61440K)] 447895K->388468K(572928K), 0.0017019 secs] [Times: user=0.01 sys=0.00, real=0.00 secs] 
2841.458: [GC (Allocation Failure) [PSYoungGen: 60957K->1488K(61440K)] 447860K->388391K(572928K), 0.0018837 secs] [Times: user=0.00 sys=0.00, real=0.00 secs] 
2842.296: [GC (Allocation Failure) [PSYoungGen: 60880K->1376K(61440K)] 447783K->388279K(572928K), 0.0042297 secs] [Times: user=0.02 sys=0.00, real=0.00 secs] 
2843.248: [GC (Allocation Failure) [PSYoungGen: 60768K->1344K(61440K)] 447671K->388247K(572928K), 0.0031821 secs] [Times: user=0.01 sys=0.00, real=0.00 secs] 
2843.968: [GC (Allocation Failure) [PSYoungGen: 60736K->1344K(61440K)] 447639K->388247K(572928K), 0.0036545 secs] [Times: user=0.02 sys=0.00, real=0.01 secs] 
2844.617: [GC (Allocation Failure) [PSYoungGen: 60736K->1344K(61440K)] 447639K->388247K(572928K), 0.0047433 secs] [Times: user=0.02 sys=0.00, real=0.01 secs] 
2845.363: [GC (Allocation Failure) [PSYoungGen: 60736K->1440K(61440K)] 447639K->388343K(572928K), 0.0016307 secs] [Times: user=0.01 sys=0.00, real=0.00 secs] 
2845.708: [GC (Allocation Failure) [PSYoungGen: 60832K->1517K(61440K)] 447735K->388428K(572928K), 0.0016151 secs] [Times: user=0.01 sys=0.00, real=0.00 secs] 
2846.053: [GC (Allocation Failure) [PSYoungGen: 60909K->1501K(61440K)] 447820K->388420K(572928K), 0.0016830 secs] [Times: user=0.01 sys=0.00, real=0.00 secs] 
2846.397: [GC (Allocation Failure) [PSYoungGen: 60869K->1501K(61440K)] 447789K->388420K(572928K), 0.0016178 secs] [Times: user=0.00 sys=0.00, real=0.00 secs] 
2846.748: [GC (Allocation Failure) [PSYoungGen: 60893K->1424K(61440K)] 447812K->388359K(572928K), 0.0018857 secs] [Times: user=0.01 sys=0.00, real=0.00 secs] 
2847.058: [GC (Allocation Failure) [PSYoungGen: 60816K->1344K(61440K)] 447751K->388279K(572928K), 0.0018407 secs] [Times: user=0.00 sys=0.00, real=0.00 secs] 
2847.314: [GC (Allocation Failure) [PSYoungGen: 60736K->1328K(61440K)] 447671K->388263K(572928K), 0.0019831 secs] [Times: user=0.01 sys=0.00, real=0.00 secs] 
2847.570: [GC (Allocation Failure) [PSYoungGen: 60720K->1376K(61440K)] 447655K->388311K(572928K), 0.0017788 secs] [Times: user=0.01 sys=0.00, real=0.01 secs] 
2847.817: [GC (Allocation Failure) [PSYoungGen: 60768K->1344K(61440K)] 447703K->388279K(572928K), 0.0017328 secs] [Times: user=0.01 sys=0.00, real=0.00 secs] 
2848.179: [GC (Allocation Failure) [PSYoungGen: 60736K->1469K(61440K)] 447671K->388404K(572928K), 0.0015531 secs] [Times: user=0.00 sys=0.00, real=0.00 secs] 
2848.526: [GC (Allocation Failure) [PSYoungGen: 60861K->1533K(61440K)] 447796K->388484K(572928K), 0.0016481 secs] [Times: user=0.00 sys=0.00, real=0.00 secs] 
2848.873: [GC (Allocation Failure) [PSYoungGen: 60925K->1533K(61440K)] 447876K->388484K(572928K), 0.0016323 secs] [Times: user=0.01 sys=0.00, real=0.00 secs] 
2849.219: [GC (Allocation Failure) [PSYoungGen: 60925K->1549K(61440K)] 447876K->388500K(572928K), 0.0016595 secs] [Times: user=0.01 sys=0.00, real=0.00 secs] 
2849.563: [GC (Allocation Failure) [PSYoungGen: 60941K->1456K(61440K)] 447892K->388407K(572928K), 0.0018683 secs] [Times: user=0.01 sys=0.00, real=0.00 secs] 
2849.810: [GC (Allocation Failure) [PSYoungGen: 60848K->1344K(61440K)] 447799K->388295K(572928K), 0.0019273 secs] [Times: user=0.01 sys=0.00, real=0.01 secs] 
2850.057: [GC (Allocation Failure) [PSYoungGen: 60736K->1408K(61440K)] 447687K->388359K(572928K), 0.0017668 secs] [Times: user=0.01 sys=0.00, real=0.00 secs] 
2850.304: [GC (Allocation Failure) [PSYoungGen: 60800K->1376K(61440K)] 447751K->388327K(572928K), 0.0018845 secs] [Times: user=0.01 sys=0.00, real=0.00 secs] 
2850.550: [GC (Allocation Failure) [PSYoungGen: 60768K->1376K(61440K)] 447719K->388327K(572928K), 0.0021241 secs] [Times: user=0.01 sys=0.00, real=0.01 secs] 
2850.951: [GC (Allocation Failure) [PSYoungGen: 60768K->1533K(61440K)] 447719K->388484K(572928K), 0.0015999 secs] [Times: user=0.01 sys=0.00, real=0.01 secs] 
2851.297: [GC (Allocation Failure) [PSYoungGen: 60925K->1533K(61440K)] 447876K->388500K(572928K), 0.0016377 secs] [Times: user=0.01 sys=0.00, real=0.00 secs] 
2851.642: [GC (Allocation Failure) [PSYoungGen: 60925K->1533K(61440K)] 447892K->388500K(572928K), 0.0016138 secs] [Times: user=0.01 sys=0.00, real=0.01 secs] 
2851.988: [GC (Allocation Failure) [PSYoungGen: 60925K->1533K(61440K)] 447892K->388500K(572928K), 0.0016970 secs] [Times: user=0.01 sys=0.00, real=0.00 secs] 
2852.303: [GC (Allocation Failure) [PSYoungGen: 60925K->1344K(61440K)] 447892K->388311K(572928K), 0.0017481 secs] [Times: user=0.00 sys=0.01, real=0.00 secs] 
2852.553: [GC (Allocation Failure) [PSYoungGen: 60736K->1344K(61440K)] 447703K->388311K(572928K), 0.0015415 secs] [Times: user=0.00 sys=0.00, real=0.00 secs] 
2853.015: [GC (Allocation Failure) [PSYoungGen: 60736K->1376K(61440K)] 447703K->388343K(572928K), 0.0022838 secs] [Times: user=0.01 sys=0.00, real=0.00 secs] 
2853.471: [GC (Allocation Failure) [PSYoungGen: 60768K->1344K(61440K)] 447735K->388311K(572928K), 0.0022496 secs] [Times: user=0.01 sys=0.00, real=0.01 secs] 
2853.939: [GC (Allocation Failure) [PSYoungGen: 60736K->1408K(61440K)] 447703K->388375K(572928K), 0.0020181 secs] [Times: user=0.01 sys=0.00, real=0.00 secs] 
2854.365: [GC (Allocation Failure) [PSYoungGen: 60776K->1520K(61440K)] 447744K->388511K(572928K), 0.0015839 secs] [Times: user=0.00 sys=0.00, real=0.00 secs] 
2854.711: [GC (Allocation Failure) [PSYoungGen: 60912K->1517K(61440K)] 447903K->388516K(572928K), 0.0045901 secs] [Times: user=0.02 sys=0.00, real=0.01 secs] 
2855.122: [GC (Allocation Failure) [PSYoungGen: 60901K->1533K(61440K)] 447901K->388532K(572928K), 0.0016977 secs] [Times: user=0.01 sys=0.00, real=0.00 secs] 
2855.527: [GC (Allocation Failure) [PSYoungGen: 60925K->1533K(61440K)] 447924K->388532K(572928K), 0.0017061 secs] [Times: user=0.01 sys=0.00, real=0.00 secs] 
2855.811: [GC (Allocation Failure) [PSYoungGen: 60925K->1424K(61440K)] 447924K->388423K(572928K), 0.0024123 secs] [Times: user=0.01 sys=0.00, real=0.01 secs] 
2856.059: [GC (Allocation Failure) [PSYoungGen: 60816K->1360K(61440K)] 447815K->388359K(572928K), 0.0020101 secs] [Times: user=0.01 sys=0.00, real=0.00 secs] 
2856.370: [GC (Allocation Failure) [PSYoungGen: 60752K->1376K(61440K)] 447751K->388375K(572928K), 0.0020440 secs] [Times: user=0.01 sys=0.00, real=0.01 secs] 
2856.719: [GC (Allocation Failure) [PSYoungGen: 60768K->1344K(61440K)] 447767K->388343K(572928K), 0.0020497 secs] [Times: user=0.01 sys=0.00, real=0.00 secs] 
2857.294: [GC (Allocation Failure) [PSYoungGen: 60736K->1488K(61440K)] 447735K->388487K(572928K), 0.0020495 secs] [Times: user=0.00 sys=0.00, real=0.00 secs] 
2857.752: [GC (Allocation Failure) [PSYoungGen: 60880K->1549K(61440K)] 447879K->388548K(572928K), 0.0016064 secs] [Times: user=0.01 sys=0.00, real=0.00 secs] 
2858.102: [GC (Allocation Failure) [PSYoungGen: 60941K->1520K(61440K)] 447940K->388535K(572928K), 0.0016810 secs] [Times: user=0.01 sys=0.00, real=0.01 secs] 
2858.447: [GC (Allocation Failure) [PSYoungGen: 60912K->1549K(61440K)] 447927K->388564K(572928K), 0.0016425 secs] [Times: user=0.01 sys=0.00, real=0.00 secs] 
2858.792: [GC (Allocation Failure) [PSYoungGen: 60941K->1485K(61440K)] 447956K->388500K(572928K), 0.0015733 secs] [Times: user=0.00 sys=0.00, real=0.00 secs] 
2859.154: [GC (Allocation Failure) [PSYoungGen: 60877K->1360K(61440K)] 447892K->388383K(572928K), 0.0025227 secs] [Times: user=0.01 sys=0.00, real=0.00 secs] 
2859.414: [GC (Allocation Failure) [PSYoungGen: 60752K->1408K(61440K)] 447775K->388431K(572928K), 0.0020690 secs] [Times: user=0.00 sys=0.00, real=0.00 secs] 
2859.780: [GC (Allocation Failure) [PSYoungGen: 60800K->1376K(61440K)] 447823K->388399K(572928K), 0.0025902 secs] [Times: user=0.01 sys=0.00, real=0.01 secs] 
2860.267: [GC (Allocation Failure) [PSYoungGen: 60768K->1376K(61440K)] 447791K->388399K(572928K), 0.0028682 secs] [Times: user=0.01 sys=0.00, real=0.00 secs] 
2860.972: [GC (Allocation Failure) [PSYoungGen: 60768K->1437K(61440K)] 447791K->388460K(572928K), 0.0018747 secs] [Times: user=0.01 sys=0.00, real=0.01 secs] 
2861.404: [GC (Allocation Failure) [PSYoungGen: 60829K->1581K(61440K)] 447852K->388604K(572928K), 0.0016682 secs] [Times: user=0.00 sys=0.00, real=0.00 secs] 
2861.749: [GC (Allocation Failure) [PSYoungGen: 60973K->1597K(61440K)] 447996K->388636K(572928K), 0.0016884 secs] [Times: user=0.01 sys=0.01, real=0.00 secs] 
2862.160: [GC (Allocation Failure) [PSYoungGen: 60989K->1600K(61440K)] 448028K->388639K(572928K), 0.0016713 secs] [Times: user=0.01 sys=0.00, real=0.00 secs] 
2862.740: [GC (Allocation Failure) [PSYoungGen: 60992K->2032K(61440K)] 448031K->389591K(572928K), 0.0022608 secs] [Times: user=0.01 sys=0.00, real=0.01 secs] 
2863.976: [GC (Allocation Failure) [PSYoungGen: 61424K->1408K(61440K)] 448983K->388967K(572928K), 0.0042121 secs] [Times: user=0.02 sys=0.00, real=0.00 secs] 
2864.334: [GC (Allocation Failure) [PSYoungGen: 60800K->1376K(61440K)] 448359K->388935K(572928K), 0.0019633 secs] [Times: user=0.01 sys=0.00, real=0.00 secs] 
2864.602: [GC (Allocation Failure) [PSYoungGen: 60768K->1408K(61440K)] 448327K->388967K(572928K), 0.0019539 secs] [Times: user=0.00 sys=0.00, real=0.00 secs] 
2864.948: [GC (Allocation Failure) [PSYoungGen: 60800K->1408K(61440K)] 448359K->388967K(572928K), 0.0018882 secs] [Times: user=0.01 sys=0.00, real=0.00 secs] 
2865.388: [GC (Allocation Failure) [PSYoungGen: 60800K->1485K(61440K)] 448359K->389044K(572928K), 0.0015160 secs] [Times: user=0.01 sys=0.00, real=0.00 secs] 
2865.733: [GC (Allocation Failure) [PSYoungGen: 60877K->1645K(61440K)] 448436K->389204K(572928K), 0.0016552 secs] [Times: user=0.01 sys=0.00, real=0.00 secs] 
2866.142: [GC (Allocation Failure) [PSYoungGen: 61037K->1581K(61440K)] 448596K->389172K(572928K), 0.0016762 secs] [Times: user=0.00 sys=0.00, real=0.00 secs] 
2866.488: [GC (Allocation Failure) [PSYoungGen: 60973K->1597K(61440K)] 448564K->389188K(572928K), 0.0016691 secs] [Times: user=0.01 sys=0.00, real=0.00 secs] 
2867.237: [GC (Allocation Failure) [PSYoungGen: 60989K->1520K(61440K)] 448580K->389111K(572928K), 0.0038957 secs] [Times: user=0.02 sys=0.00, real=0.00 secs] 
2868.228: [GC (Allocation Failure) [PSYoungGen: 60912K->1376K(61440K)] 448503K->388967K(572928K), 0.0037291 secs] [Times: user=0.01 sys=0.00, real=0.00 secs] 
2868.934: [GC (Allocation Failure) [PSYoungGen: 60768K->1360K(61440K)] 448359K->388959K(572928K), 0.0032191 secs] [Times: user=0.02 sys=0.00, real=0.00 secs] 
2869.504: [GC (Allocation Failure) [PSYoungGen: 60752K->1392K(61440K)] 448351K->388991K(572928K), 0.0027757 secs] [Times: user=0.01 sys=0.00, real=0.00 secs] 
2869.924: [GC (Allocation Failure) [PSYoungGen: 60784K->1440K(61440K)] 448383K->389039K(572928K), 0.0021902 secs] [Times: user=0.01 sys=0.00, real=0.00 secs] 
2870.315: [GC (Allocation Failure) [PSYoungGen: 60832K->1581K(61440K)] 448431K->389180K(572928K), 0.0015705 secs] [Times: user=0.00 sys=0.00, real=0.00 secs] 
2870.662: [GC (Allocation Failure) [PSYoungGen: 60956K->1536K(61440K)] 448556K->389159K(572928K), 0.0016313 secs] [Times: user=0.00 sys=0.00, real=0.00 secs] 
2871.008: [GC (Allocation Failure) [PSYoungGen: 60928K->1565K(61440K)] 448551K->389188K(572928K), 0.0016172 secs] [Times: user=0.01 sys=0.00, real=0.00 secs] 
2871.355: [GC (Allocation Failure) [PSYoungGen: 60957K->1549K(61440K)] 448580K->389172K(572928K), 0.0016111 secs] [Times: user=0.01 sys=0.00, real=0.00 secs] 
2872.306: [GC (Allocation Failure) [PSYoungGen: 60941K->1440K(61440K)] 448564K->389063K(572928K), 0.0032108 secs] [Times: user=0.01 sys=0.00, real=0.00 secs] 
2872.811: [GC (Allocation Failure) [PSYoungGen: 60832K->1376K(61440K)] 448455K->388999K(572928K), 0.0026943 secs] [Times: user=0.02 sys=0.00, real=0.01 secs] 
2873.392: [GC (Allocation Failure) [PSYoungGen: 60768K->1344K(61440K)] 448391K->388967K(572928K), 0.0025829 secs] [Times: user=0.01 sys=0.00, real=0.01 secs] 
2874.047: [GC (Allocation Failure) [PSYoungGen: 60736K->1376K(61440K)] 448359K->388999K(572928K), 0.0033227 secs] [Times: user=0.01 sys=0.00, real=0.00 secs] 
2874.576: [GC (Allocation Failure) [PSYoungGen: 60768K->1344K(61440K)] 448391K->388967K(572928K), 0.0027929 secs] [Times: user=0.01 sys=0.00, real=0.00 secs] 
2875.134: [GC (Allocation Failure) [PSYoungGen: 60736K->1533K(61440K)] 448359K->389156K(572928K), 0.0015223 secs] [Times: user=0.01 sys=0.00, real=0.00 secs] 
2875.492: [GC (Allocation Failure) [PSYoungGen: 60925K->1565K(61440K)] 448548K->389204K(572928K), 0.0015976 secs] [Times: user=0.00 sys=0.00, real=0.00 secs] 
2875.837: [GC (Allocation Failure) [PSYoungGen: 60957K->1549K(61440K)] 448596K->389188K(572928K), 0.0016162 secs] [Times: user=0.01 sys=0.00, real=0.00 secs] 
2876.182: [GC (Allocation Failure) [PSYoungGen: 60941K->1533K(61440K)] 448580K->389172K(572928K), 0.0015808 secs] [Times: user=0.01 sys=0.00, real=0.01 secs] 
2876.754: [GC (Allocation Failure) [PSYoungGen: 60925K->1424K(61440K)] 448564K->389087K(572928K), 0.0020829 secs] [Times: user=0.01 sys=0.00, real=0.00 secs] 
2877.435: [GC (Allocation Failure) [PSYoungGen: 60816K->1376K(61440K)] 448479K->389039K(572928K), 0.0018955 secs] [Times: user=0.00 sys=0.00, real=0.00 secs] 
2877.943: [GC (Allocation Failure) [PSYoungGen: 60768K->1376K(61440K)] 448431K->389039K(572928K), 0.0041030 secs] [Times: user=0.01 sys=0.00, real=0.00 secs] 
2878.546: [GC (Allocation Failure) [PSYoungGen: 60768K->1344K(61440K)] 448431K->389007K(572928K), 0.0031899 secs] [Times: user=0.01 sys=0.00, real=0.00 secs] 
2879.194: [GC (Allocation Failure) [PSYoungGen: 60736K->1312K(61440K)] 448399K->388975K(572928K), 0.0028434 secs] [Times: user=0.02 sys=0.00, real=0.00 secs] 
2879.687: [GC (Allocation Failure) [PSYoungGen: 60678K->1469K(61440K)] 448342K->389132K(572928K), 0.0015781 secs] [Times: user=0.00 sys=0.00, real=0.00 secs] 
2880.036: [GC (Allocation Failure) [PSYoungGen: 60861K->1533K(61440K)] 448524K->389212K(572928K), 0.0016872 secs] [Times: user=0.00 sys=0.00, real=0.00 secs] 
2880.380: [GC (Allocation Failure) [PSYoungGen: 60925K->1613K(61440K)] 448604K->389292K(572928K), 0.0016198 secs] [Times: user=0.01 sys=0.00, real=0.00 secs] 
2880.726: [GC (Allocation Failure) [PSYoungGen: 61005K->1552K(61440K)] 448684K->389231K(572928K), 0.0016176 secs] [Times: user=0.01 sys=0.00, real=0.00 secs] 
2881.366: [GC (Allocation Failure) [PSYoungGen: 60944K->1440K(61440K)] 448623K->389119K(572928K), 0.0021608 secs] [Times: user=0.01 sys=0.00, real=0.00 secs] 
2881.613: [GC (Allocation Failure) [PSYoungGen: 60832K->1408K(61440K)] 448511K->389087K(572928K), 0.0020662 secs] [Times: user=0.01 sys=0.00, real=0.00 secs] 
2881.866: [GC (Allocation Failure) [PSYoungGen: 60800K->1376K(61440K)] 448479K->389055K(572928K), 0.0030717 secs] [Times: user=0.02 sys=0.00, real=0.00 secs] 
2882.127: [GC (Allocation Failure) [PSYoungGen: 60768K->1376K(61440K)] 448447K->389055K(572928K), 0.0030997 secs] [Times: user=0.01 sys=0.00, real=0.00 secs] 
2882.428: [GC (Allocation Failure) [PSYoungGen: 60634K->240K(61440K)] 448314K->387919K(572928K), 0.0020817 secs] [Times: user=0.01 sys=0.00, real=0.00 secs] 
2882.807: [GC (Allocation Failure) [PSYoungGen: 59632K->1533K(61440K)] 447311K->389212K(572928K), 0.0015772 secs] [Times: user=0.01 sys=0.00, real=0.00 secs] 
2883.156: [GC (Allocation Failure) [PSYoungGen: 60925K->1549K(61440K)] 448604K->389244K(572928K), 0.0016247 secs] [Times: user=0.01 sys=0.00, real=0.00 secs] 
2883.502: [GC (Allocation Failure) [PSYoungGen: 60941K->1549K(61440K)] 448636K->389244K(572928K), 0.0016369 secs] [Times: user=0.00 sys=0.00, real=0.00 secs] 
2883.847: [GC (Allocation Failure) [PSYoungGen: 60941K->1584K(61440K)] 448636K->389279K(572928K), 0.0016693 secs] [Times: user=0.00 sys=0.00, real=0.00 secs] 
2884.128: [GC (Allocation Failure) [PSYoungGen: 60976K->1408K(61440K)] 448671K->389103K(572928K), 0.0019010 secs] [Times: user=0.01 sys=0.00, real=0.00 secs] 
2884.375: [GC (Allocation Failure) [PSYoungGen: 60800K->1408K(61440K)] 448495K->389127K(572928K), 0.0018290 secs] [Times: user=0.01 sys=0.00, real=0.00 secs] 
2884.621: [GC (Allocation Failure) [PSYoungGen: 60800K->1408K(61440K)] 448519K->389127K(572928K), 0.0016793 secs] [Times: user=0.00 sys=0.00, real=0.01 secs] 
2884.867: [GC (Allocation Failure) [PSYoungGen: 60800K->1376K(61440K)] 448519K->389095K(572928K), 0.0022931 secs] [Times: user=0.00 sys=0.00, real=0.00 secs] 
2885.182: [GC (Allocation Failure) [PSYoungGen: 60736K->1424K(61440K)] 448455K->389143K(572928K), 0.0018461 secs] [Times: user=0.01 sys=0.00, real=0.00 secs] 
2885.535: [GC (Allocation Failure) [PSYoungGen: 60816K->1552K(61440K)] 448535K->389271K(572928K), 0.0016123 secs] [Times: user=0.01 sys=0.00, real=0.00 secs] 
2885.953: [GC (Allocation Failure) [PSYoungGen: 60944K->1565K(61440K)] 448663K->389300K(572928K), 0.0017097 secs] [Times: user=0.01 sys=0.00, real=0.00 secs] 
2886.362: [GC (Allocation Failure) [PSYoungGen: 60957K->1565K(61440K)] 448692K->389300K(572928K), 0.0016997 secs] [Times: user=0.01 sys=0.00, real=0.01 secs] 
2886.728: [GC (Allocation Failure) [PSYoungGen: 60957K->1472K(61440K)] 448692K->389207K(572928K), 0.0020011 secs] [Times: user=0.01 sys=0.00, real=0.00 secs] 
2887.318: [GC (Allocation Failure) [PSYoungGen: 60864K->1360K(61440K)] 448599K->389095K(572928K), 0.0029277 secs] [Times: user=0.01 sys=0.00, real=0.00 secs] 
2887.806: [GC (Allocation Failure) [PSYoungGen: 60752K->1376K(61440K)] 448487K->389111K(572928K), 0.0029781 secs] [Times: user=0.01 sys=0.00, real=0.00 secs] 
2888.310: [GC (Allocation Failure) [PSYoungGen: 60768K->1376K(61440K)] 448503K->389111K(572928K), 0.0028089 secs] [Times: user=0.02 sys=0.00, real=0.01 secs] 
2888.719: [GC (Allocation Failure) [PSYoungGen: 60768K->1344K(61440K)] 448503K->389079K(572928K), 0.0022467 secs] [Times: user=0.01 sys=0.00, real=0.00 secs] 
2889.172: [GC (Allocation Failure) [PSYoungGen: 60736K->1440K(61440K)] 448471K->389175K(572928K), 0.0016569 secs] [Times: user=0.01 sys=0.00, real=0.01 secs] 
2889.518: [GC (Allocation Failure) [PSYoungGen: 60832K->1613K(61440K)] 448567K->389348K(572928K), 0.0016047 secs] [Times: user=0.01 sys=0.00, real=0.00 secs] 
2889.864: [GC (Allocation Failure) [PSYoungGen: 61005K->1520K(61440K)] 448740K->389271K(572928K), 0.0015938 secs] [Times: user=0.00 sys=0.00, real=0.00 secs] 
2890.209: [GC (Allocation Failure) [PSYoungGen: 60901K->1549K(61440K)] 448652K->389300K(572928K), 0.0016260 secs] [Times: user=0.01 sys=0.00, real=0.00 secs] 
2890.758: [GC (Allocation Failure) [PSYoungGen: 60941K->1440K(61440K)] 448692K->389191K(572928K), 0.0024411 secs] [Times: user=0.00 sys=0.00, real=0.00 secs] 
2891.640: [GC (Allocation Failure) [PSYoungGen: 60832K->1376K(61440K)] 448583K->389127K(572928K), 0.0025658 secs] [Times: user=0.01 sys=0.00, real=0.01 secs] 
2892.416: [GC (Allocation Failure) [PSYoungGen: 60768K->1376K(61440K)] 448519K->389127K(572928K), 0.0028481 secs] [Times: user=0.01 sys=0.00, real=0.00 secs] 
2893.097: [GC (Allocation Failure) [PSYoungGen: 60768K->1344K(61440K)] 448519K->389095K(572928K), 0.0028304 secs] [Times: user=0.01 sys=0.00, real=0.00 secs] 
2893.587: [GC (Allocation Failure) [PSYoungGen: 60736K->1360K(61440K)] 448487K->389111K(572928K), 0.0020924 secs] [Times: user=0.01 sys=0.00, real=0.00 secs] 
2893.955: [GC (Allocation Failure) [PSYoungGen: 60730K->1453K(61440K)] 448482K->389204K(572928K), 0.0015748 secs] [Times: user=0.01 sys=0.00, real=0.00 secs] 
2894.300: [GC (Allocation Failure) [PSYoungGen: 60845K->1517K(61440K)] 448596K->389284K(572928K), 0.0016079 secs] [Times: user=0.01 sys=0.00, real=0.01 secs] 
2894.649: [GC (Allocation Failure) [PSYoungGen: 60909K->1485K(61440K)] 448676K->389252K(572928K), 0.0016451 secs] [Times: user=0.00 sys=0.00, real=0.00 secs] 
2894.994: [GC (Allocation Failure) [PSYoungGen: 60877K->1552K(61440K)] 448644K->389327K(572928K), 0.0016684 secs] [Times: user=0.01 sys=0.00, real=0.00 secs] 
2895.784: [GC (Allocation Failure) [PSYoungGen: 60944K->1472K(61440K)] 448719K->389247K(572928K), 0.0030760 secs] [Times: user=0.01 sys=0.00, real=0.00 secs] 
2896.437: [GC (Allocation Failure) [PSYoungGen: 60864K->1328K(61440K)] 448639K->389103K(572928K), 0.0036806 secs] [Times: user=0.02 sys=0.00, real=0.00 secs] 
2896.964: [GC (Allocation Failure) [PSYoungGen: 60720K->1376K(61440K)] 448495K->389159K(572928K), 0.0026912 secs] [Times: user=0.01 sys=0.00, real=0.00 secs] 
2897.618: [GC (Allocation Failure) [PSYoungGen: 60768K->1344K(61440K)] 448551K->389127K(572928K), 0.0027098 secs] [Times: user=0.01 sys=0.00, real=0.00 secs] 
2898.122: [GC (Allocation Failure) [PSYoungGen: 60736K->1360K(61440K)] 448519K->389151K(572928K), 0.0027406 secs] [Times: user=0.01 sys=0.00, real=0.01 secs] 
2898.649: [GC (Allocation Failure) [PSYoungGen: 60752K->1488K(61440K)] 448543K->389279K(572928K), 0.0016299 secs] [Times: user=0.00 sys=0.00, real=0.00 secs] 
2898.998: [GC (Allocation Failure) [PSYoungGen: 60880K->1565K(61440K)] 448671K->389364K(572928K), 0.0016863 secs] [Times: user=0.01 sys=0.00, real=0.00 secs] 
2899.343: [GC (Allocation Failure) [PSYoungGen: 60957K->1533K(61440K)] 448756K->389332K(572928K), 0.0016564 secs] [Times: user=0.01 sys=0.00, real=0.00 secs] 
2899.689: [GC (Allocation Failure) [PSYoungGen: 60925K->1520K(61440K)] 448724K->389319K(572928K), 0.0016003 secs] [Times: user=0.01 sys=0.00, real=0.00 secs] 
2900.253: [GC (Allocation Failure) [PSYoungGen: 60912K->1440K(61440K)] 448711K->389239K(572928K), 0.0017476 secs] [Times: user=0.00 sys=0.00, real=0.00 secs] 
2900.841: [GC (Allocation Failure) [PSYoungGen: 60832K->1376K(61440K)] 448631K->389175K(572928K), 0.0018265 secs] [Times: user=0.01 sys=0.00, real=0.01 secs] 
2901.139: [GC (Allocation Failure) [PSYoungGen: 60768K->1344K(61440K)] 448567K->389143K(572928K), 0.0018864 secs] [Times: user=0.00 sys=0.00, real=0.00 secs] 
2901.386: [GC (Allocation Failure) [PSYoungGen: 60736K->1408K(61440K)] 448535K->389207K(572928K), 0.0018555 secs] [Times: user=0.00 sys=0.00, real=0.00 secs] 
2901.633: [GC (Allocation Failure) [PSYoungGen: 60800K->1376K(61440K)] 448599K->389175K(572928K), 0.0020364 secs] [Times: user=0.00 sys=0.00, real=0.00 secs] 
2901.993: [GC (Allocation Failure) [PSYoungGen: 60745K->1472K(61440K)] 448545K->389271K(572928K), 0.0016011 secs] [Times: user=0.01 sys=0.00, real=0.00 secs] 
2902.339: [GC (Allocation Failure) [PSYoungGen: 60864K->1597K(61440K)] 448663K->389412K(572928K), 0.0016116 secs] [Times: user=0.01 sys=0.00, real=0.00 secs] 
2902.683: [GC (Allocation Failure) [PSYoungGen: 60961K->1488K(61440K)] 448777K->389303K(572928K), 0.0016344 secs] [Times: user=0.01 sys=0.00, real=0.00 secs] 
2903.030: [GC (Allocation Failure) [PSYoungGen: 60880K->1517K(61440K)] 448695K->389332K(572928K), 0.0016576 secs] [Times: user=0.00 sys=0.00, real=0.00 secs] 
2903.336: [GC (Allocation Failure) [PSYoungGen: 60909K->1392K(61440K)] 448724K->389207K(572928K), 0.0016710 secs] [Times: user=0.01 sys=0.00, real=0.00 secs] 
2903.686: [GC (Allocation Failure) [PSYoungGen: 60784K->1376K(61440K)] 448599K->389191K(572928K), 0.0016622 secs] [Times: user=0.01 sys=0.00, real=0.00 secs] 
2904.181: [GC (Allocation Failure) [PSYoungGen: 60768K->1376K(61440K)] 448583K->389191K(572928K), 0.0037093 secs] [Times: user=0.02 sys=0.00, real=0.01 secs] 
2904.655: [GC (Allocation Failure) [PSYoungGen: 60768K->1376K(61440K)] 448583K->389191K(572928K), 0.0025403 secs] [Times: user=0.01 sys=0.00, real=0.00 secs] 
2905.146: [GC (Allocation Failure) [PSYoungGen: 60768K->1376K(61440K)] 448583K->389215K(572928K), 0.0036650 secs] [Times: user=0.01 sys=0.00, real=0.00 secs] 
2905.661: [GC (Allocation Failure) [PSYoungGen: 60747K->1504K(61440K)] 448587K->389343K(572928K), 0.0016090 secs] [Times: user=0.00 sys=0.00, real=0.01 secs] 
2906.010: [GC (Allocation Failure) [PSYoungGen: 60896K->1520K(61440K)] 448735K->389367K(572928K), 0.0018036 secs] [Times: user=0.01 sys=0.00, real=0.01 secs] 
2906.444: [GC (Allocation Failure) [PSYoungGen: 60912K->1565K(61440K)] 448759K->389412K(572928K), 0.0016582 secs] [Times: user=0.01 sys=0.00, real=0.00 secs] 
2906.847: [GC (Allocation Failure) [PSYoungGen: 60957K->1549K(61440K)] 448804K->389396K(572928K), 0.0016526 secs] [Times: user=0.01 sys=0.00, real=0.00 secs] 
2907.407: [GC (Allocation Failure) [PSYoungGen: 60941K->1440K(61440K)] 448788K->389287K(572928K), 0.0031211 secs] [Times: user=0.01 sys=0.00, real=0.00 secs] 
2907.931: [GC (Allocation Failure) [PSYoungGen: 60832K->1376K(61440K)] 448679K->389223K(572928K), 0.0028602 secs] [Times: user=0.02 sys=0.00, real=0.01 secs] 
2908.436: [GC (Allocation Failure) [PSYoungGen: 60768K->1376K(61440K)] 448615K->389223K(572928K), 0.0026847 secs] [Times: user=0.01 sys=0.00, real=0.00 secs] 
2908.939: [GC (Allocation Failure) [PSYoungGen: 60768K->1376K(61440K)] 448615K->389223K(572928K), 0.0026133 secs] [Times: user=0.01 sys=0.00, real=0.00 secs] 
2909.550: [GC (Allocation Failure) [PSYoungGen: 60768K->1437K(61440K)] 448615K->389284K(572928K), 0.0031571 secs] [Times: user=0.01 sys=0.00, real=0.01 secs] 
2909.976: [GC (Allocation Failure) [PSYoungGen: 60829K->1565K(61440K)] 448676K->389412K(572928K), 0.0017227 secs] [Times: user=0.01 sys=0.00, real=0.00 secs] 
2910.322: [GC (Allocation Failure) [PSYoungGen: 60957K->1536K(61440K)] 448804K->389399K(572928K), 0.0016268 secs] [Times: user=0.00 sys=0.00, real=0.00 secs] 
2910.669: [GC (Allocation Failure) [PSYoungGen: 60928K->1552K(61440K)] 448791K->389415K(572928K), 0.0016279 secs] [Times: user=0.00 sys=0.00, real=0.00 secs] 
2911.014: [GC (Allocation Failure) [PSYoungGen: 60944K->1565K(61440K)] 448807K->389428K(572928K), 0.0016251 secs] [Times: user=0.01 sys=0.00, real=0.00 secs] 
2911.709: [GC (Allocation Failure) [PSYoungGen: 60957K->1472K(61440K)] 448820K->389335K(572928K), 0.0024157 secs] [Times: user=0.01 sys=0.00, real=0.00 secs] 
2912.325: [GC (Allocation Failure) [PSYoungGen: 60864K->1344K(61440K)] 448727K->389207K(572928K), 0.0024287 secs] [Times: user=0.01 sys=0.00, real=0.00 secs] 
2913.123: [GC (Allocation Failure) [PSYoungGen: 60736K->1344K(61440K)] 448599K->389207K(572928K), 0.0030280 secs] [Times: user=0.01 sys=0.00, real=0.00 secs] 
2914.006: [GC (Allocation Failure) [PSYoungGen: 60736K->1344K(61440K)] 448599K->389207K(572928K), 0.0032022 secs] [Times: user=0.01 sys=0.00, real=0.00 secs] 
2914.745: [GC (Allocation Failure) [PSYoungGen: 60725K->1501K(61440K)] 448589K->389364K(572928K), 0.0021365 secs] [Times: user=0.01 sys=0.01, real=0.00 secs] 
2915.115: [GC (Allocation Failure) [PSYoungGen: 60893K->1565K(61440K)] 448756K->389428K(572928K), 0.0016922 secs] [Times: user=0.01 sys=0.00, real=0.00 secs] 
2915.460: [GC (Allocation Failure) [PSYoungGen: 60957K->1565K(61440K)] 448820K->389436K(572928K), 0.0016486 secs] [Times: user=0.00 sys=0.00, real=0.00 secs] 
2915.805: [GC (Allocation Failure) [PSYoungGen: 60957K->1504K(61440K)] 448828K->389375K(572928K), 0.0015811 secs] [Times: user=0.00 sys=0.00, real=0.00 secs] 
2916.245: [GC (Allocation Failure) [PSYoungGen: 60896K->1792K(61440K)] 448767K->389663K(572928K), 0.0035647 secs] [Times: user=0.01 sys=0.01, real=0.00 secs] 
2916.742: [GC (Allocation Failure) [PSYoungGen: 61184K->1408K(61440K)] 449055K->389279K(572928K), 0.0019844 secs] [Times: user=0.01 sys=0.00, real=0.00 secs] 
2917.286: [GC (Allocation Failure) [PSYoungGen: 60800K->1344K(61440K)] 448671K->389231K(572928K), 0.0020731 secs] [Times: user=0.01 sys=0.00, real=0.00 secs] 
2917.743: [GC (Allocation Failure) [PSYoungGen: 60736K->1360K(61440K)] 448623K->389247K(572928K), 0.0021129 secs] [Times: user=0.01 sys=0.00, real=0.00 secs] 
2917.989: [GC (Allocation Failure) [PSYoungGen: 60752K->1312K(61440K)] 448639K->389199K(572928K), 0.0021030 secs] [Times: user=0.00 sys=0.00, real=0.00 secs] 
2918.311: [GC (Allocation Failure) [PSYoungGen: 60681K->1485K(61440K)] 448568K->389372K(572928K), 0.0015309 secs] [Times: user=0.01 sys=0.00, real=0.01 secs] 
2918.658: [GC (Allocation Failure) [PSYoungGen: 60877K->1549K(61440K)] 448764K->389436K(572928K), 0.0016058 secs] [Times: user=0.00 sys=0.00, real=0.00 secs] 
2919.003: [GC (Allocation Failure) [PSYoungGen: 60941K->1533K(61440K)] 448828K->389436K(572928K), 0.0016105 secs] [Times: user=0.00 sys=0.00, real=0.00 secs] 
2919.349: [GC (Allocation Failure) [PSYoungGen: 60925K->1565K(61440K)] 448828K->389468K(572928K), 0.0016536 secs] [Times: user=0.01 sys=0.00, real=0.00 secs] 
2919.705: [GC (Allocation Failure) [PSYoungGen: 60957K->1472K(61440K)] 448860K->389375K(572928K), 0.0019023 secs] [Times: user=0.01 sys=0.00, real=0.00 secs] 
2919.965: [GC (Allocation Failure) [PSYoungGen: 60864K->1392K(61440K)] 448767K->389295K(572928K), 0.0016371 secs] [Times: user=0.00 sys=0.00, real=0.00 secs] 
2920.212: [GC (Allocation Failure) [PSYoungGen: 60784K->1344K(61440K)] 448687K->389247K(572928K), 0.0026023 secs] [Times: user=0.01 sys=0.00, real=0.01 secs] 
2920.483: [GC (Allocation Failure) [PSYoungGen: 60736K->1392K(61440K)] 448639K->389295K(572928K), 0.0024199 secs] [Times: user=0.01 sys=0.00, real=0.00 secs] 
2920.730: [GC (Allocation Failure) [PSYoungGen: 60784K->1408K(61440K)] 448687K->389311K(572928K), 0.0024854 secs] [Times: user=0.01 sys=0.00, real=0.01 secs] 
2921.068: [GC (Allocation Failure) [PSYoungGen: 60800K->1485K(61440K)] 448703K->389388K(572928K), 0.0016918 secs] [Times: user=0.01 sys=0.00, real=0.00 secs] 
2921.415: [GC (Allocation Failure) [PSYoungGen: 60870K->1584K(61440K)] 448773K->389495K(572928K), 0.0016153 secs] [Times: user=0.01 sys=0.00, real=0.00 secs] 
2921.824: [GC (Allocation Failure) [PSYoungGen: 60976K->1597K(61440K)] 448887K->389508K(572928K), 0.0016819 secs] [Times: user=0.01 sys=0.00, real=0.00 secs] 
2922.228: [GC (Allocation Failure) [PSYoungGen: 60989K->1600K(61440K)] 448900K->389511K(572928K), 0.0017126 secs] [Times: user=0.00 sys=0.00, real=0.00 secs] 
2922.700: [GC (Allocation Failure) [PSYoungGen: 60992K->1456K(61440K)] 448903K->389367K(572928K), 0.0026555 secs] [Times: user=0.01 sys=0.00, real=0.01 secs] 
2923.200: [GC (Allocation Failure) [PSYoungGen: 60848K->1376K(61440K)] 448759K->389287K(572928K), 0.0022774 secs] [Times: user=0.01 sys=0.00, real=0.01 secs] 
2923.711: [GC (Allocation Failure) [PSYoungGen: 60768K->1312K(61440K)] 448679K->389223K(572928K), 0.0023987 secs] [Times: user=0.01 sys=0.00, real=0.01 secs] 
2924.266: [GC (Allocation Failure) [PSYoungGen: 60704K->1376K(61440K)] 448615K->389287K(572928K), 0.0038953 secs] [Times: user=0.02 sys=0.00, real=0.00 secs] 
2924.699: [GC (Allocation Failure) [PSYoungGen: 60768K->1376K(61440K)] 448679K->389287K(572928K), 0.0024609 secs] [Times: user=0.01 sys=0.00, real=0.00 secs] 
2925.146: [GC (Allocation Failure) [PSYoungGen: 60744K->1485K(61440K)] 448656K->389412K(572928K), 0.0015625 secs] [Times: user=0.01 sys=0.00, real=0.00 secs] 
2925.491: [GC (Allocation Failure) [PSYoungGen: 60877K->1533K(61440K)] 448804K->389476K(572928K), 0.0015808 secs] [Times: user=0.01 sys=0.00, real=0.01 secs] 
2925.899: [GC (Allocation Failure) [PSYoungGen: 60905K->1517K(61440K)] 448848K->389460K(572928K), 0.0016086 secs] [Times: user=0.01 sys=0.00, real=0.00 secs] 
2926.244: [GC (Allocation Failure) [PSYoungGen: 60909K->1520K(61440K)] 448852K->389463K(572928K), 0.0016326 secs] [Times: user=0.01 sys=0.00, real=0.00 secs] 
2926.580: [GC (Allocation Failure) [PSYoungGen: 60912K->1424K(61440K)] 448855K->389367K(572928K), 0.0019616 secs] [Times: user=0.01 sys=0.00, real=0.00 secs] 
2926.868: [GC (Allocation Failure) [PSYoungGen: 60816K->1344K(61440K)] 448759K->389287K(572928K), 0.0022000 secs] [Times: user=0.01 sys=0.00, real=0.00 secs] 
2927.266: [GC (Allocation Failure) [PSYoungGen: 60736K->1344K(61440K)] 448679K->389287K(572928K), 0.0019967 secs] [Times: user=0.01 sys=0.00, real=0.00 secs] 
2927.513: [GC (Allocation Failure) [PSYoungGen: 60736K->1376K(61440K)] 448679K->389319K(572928K), 0.0019420 secs] [Times: user=0.00 sys=0.01, real=0.00 secs] 
2927.759: [GC (Allocation Failure) [PSYoungGen: 60768K->1376K(61440K)] 448711K->389319K(572928K), 0.0020638 secs] [Times: user=0.00 sys=0.00, real=0.00 secs] 
2928.165: [GC (Allocation Failure) [PSYoungGen: 60768K->1485K(61440K)] 448711K->389428K(572928K), 0.0015739 secs] [Times: user=0.00 sys=0.00, real=0.00 secs] 
2928.512: [GC (Allocation Failure) [PSYoungGen: 60877K->1552K(61440K)] 448820K->389503K(572928K), 0.0015973 secs] [Times: user=0.01 sys=0.00, real=0.00 secs] 
2928.921: [GC (Allocation Failure) [PSYoungGen: 60944K->1517K(61440K)] 448895K->389468K(572928K), 0.0017048 secs] [Times: user=0.01 sys=0.00, real=0.01 secs] 
2929.337: [GC (Allocation Failure) [PSYoungGen: 60909K->1581K(61440K)] 448860K->389532K(572928K), 0.0016775 secs] [Times: user=0.00 sys=0.00, real=0.00 secs] 
2929.978: [GC (Allocation Failure) [PSYoungGen: 60973K->1392K(61440K)] 448924K->389343K(572928K), 0.0019538 secs] [Times: user=0.01 sys=0.00, real=0.00 secs] 
2930.480: [GC (Allocation Failure) [PSYoungGen: 60784K->1376K(61440K)] 448735K->389327K(572928K), 0.0024294 secs] [Times: user=0.01 sys=0.00, real=0.01 secs] 
2930.911: [GC (Allocation Failure) [PSYoungGen: 60768K->1376K(61440K)] 448719K->389327K(572928K), 0.0031108 secs] [Times: user=0.01 sys=0.00, real=0.01 secs] 
2931.393: [GC (Allocation Failure) [PSYoungGen: 60768K->1344K(61440K)] 448719K->389295K(572928K), 0.0024848 secs] [Times: user=0.01 sys=0.00, real=0.00 secs] 
2931.939: [GC (Allocation Failure) [PSYoungGen: 60736K->1376K(61440K)] 448687K->389327K(572928K), 0.0025378 secs] [Times: user=0.00 sys=0.00, real=0.01 secs] 
2932.388: [GC (Allocation Failure) [PSYoungGen: 60746K->1597K(61440K)] 448698K->389548K(572928K), 0.0016383 secs] [Times: user=0.01 sys=0.00, real=0.00 secs] 
2932.737: [GC (Allocation Failure) [PSYoungGen: 60989K->1549K(61440K)] 448940K->389508K(572928K), 0.0016828 secs] [Times: user=0.01 sys=0.00, real=0.00 secs] 
2933.083: [GC (Allocation Failure) [PSYoungGen: 60923K->1517K(61440K)] 448883K->389476K(572928K), 0.0016026 secs] [Times: user=0.01 sys=0.00, real=0.00 secs] 
2933.432: [GC (Allocation Failure) [PSYoungGen: 60909K->1485K(61440K)] 448868K->389444K(572928K), 0.0016224 secs] [Times: user=0.01 sys=0.00, real=0.01 secs] 
2933.727: [GC (Allocation Failure) [PSYoungGen: 60877K->1440K(61440K)] 448836K->389399K(572928K), 0.0015899 secs] [Times: user=0.00 sys=0.00, real=0.00 secs] 
2933.973: [GC (Allocation Failure) [PSYoungGen: 60832K->1344K(61440K)] 448791K->389303K(572928K), 0.0015808 secs] [Times: user=0.00 sys=0.00, real=0.00 secs] 
2934.219: [GC (Allocation Failure) [PSYoungGen: 60736K->1344K(61440K)] 448695K->389303K(572928K), 0.0018647 secs] [Times: user=0.01 sys=0.00, real=0.00 secs] 
2934.571: [GC (Allocation Failure) [PSYoungGen: 60736K->1408K(61440K)] 448695K->389367K(572928K), 0.0029674 secs] [Times: user=0.01 sys=0.00, real=0.01 secs] 
2935.101: [GC (Allocation Failure) [PSYoungGen: 60770K->1501K(61440K)] 448730K->389460K(572928K), 0.0020358 secs] [Times: user=0.00 sys=0.00, real=0.01 secs] 
2935.466: [GC (Allocation Failure) [PSYoungGen: 60893K->1552K(61440K)] 448852K->389527K(572928K), 0.0016898 secs] [Times: user=0.01 sys=0.00, real=0.00 secs] 
2935.810: [GC (Allocation Failure) [PSYoungGen: 60944K->1533K(61440K)] 448919K->389524K(572928K), 0.0016310 secs] [Times: user=0.01 sys=0.00, real=0.00 secs] 
2936.156: [GC (Allocation Failure) [PSYoungGen: 60925K->1533K(61440K)] 448916K->389524K(572928K), 0.0016074 secs] [Times: user=0.00 sys=0.00, real=0.00 secs] 
2936.558: [GC (Allocation Failure) [PSYoungGen: 60829K->320K(61440K)] 448821K->388311K(572928K), 0.0016401 secs] [Times: user=0.01 sys=0.00, real=0.00 secs] 
2937.698: [GC (Allocation Failure) [PSYoungGen: 59712K->1376K(61440K)] 447703K->389367K(572928K), 0.0039207 secs] [Times: user=0.02 sys=0.00, real=0.00 secs] 
2938.358: [GC (Allocation Failure) [PSYoungGen: 60768K->1376K(61440K)] 448759K->389367K(572928K), 0.0033686 secs] [Times: user=0.01 sys=0.00, real=0.00 secs] 
2938.921: [GC (Allocation Failure) [PSYoungGen: 60768K->1376K(61440K)] 448759K->389367K(572928K), 0.0028945 secs] [Times: user=0.01 sys=0.00, real=0.01 secs] 
2939.335: [GC (Allocation Failure) [PSYoungGen: 60768K->1312K(61440K)] 448759K->389303K(572928K), 0.0022727 secs] [Times: user=0.01 sys=0.01, real=0.00 secs] 
2939.685: [GC (Allocation Failure) [PSYoungGen: 60704K->1421K(61440K)] 448695K->389412K(572928K), 0.0015245 secs] [Times: user=0.00 sys=0.00, real=0.00 secs] 
2940.031: [GC (Allocation Failure) [PSYoungGen: 60813K->1533K(61440K)] 448804K->389524K(572928K), 0.0016910 secs] [Times: user=0.00 sys=0.00, real=0.01 secs] 
2940.377: [GC (Allocation Failure) [PSYoungGen: 60925K->1568K(61440K)] 448916K->389567K(572928K), 0.0016191 secs] [Times: user=0.00 sys=0.00, real=0.00 secs] 
2940.783: [GC (Allocation Failure) [PSYoungGen: 60960K->1501K(61440K)] 448959K->389500K(572928K), 0.0016407 secs] [Times: user=0.01 sys=0.00, real=0.00 secs] 
2941.690: [GC (Allocation Failure) [PSYoungGen: 60893K->1984K(61440K)] 448892K->389983K(572928K), 0.0046811 secs] [Times: user=0.02 sys=0.00, real=0.01 secs] 
2942.786: [GC (Allocation Failure) [PSYoungGen: 61376K->1376K(61440K)] 449375K->389375K(572928K), 0.0031633 secs] [Times: user=0.01 sys=0.00, real=0.00 secs] 
2943.250: [GC (Allocation Failure) [PSYoungGen: 60768K->1344K(61440K)] 448767K->389343K(572928K), 0.0028452 secs] [Times: user=0.02 sys=0.00, real=0.01 secs] 
2943.743: [GC (Allocation Failure) [PSYoungGen: 60736K->1344K(61440K)] 448735K->389343K(572928K), 0.0025352 secs] [Times: user=0.01 sys=0.00, real=0.00 secs] 
2944.223: [GC (Allocation Failure) [PSYoungGen: 60736K->1344K(61440K)] 448735K->389343K(572928K), 0.0023243 secs] [Times: user=0.01 sys=0.00, real=0.00 secs] 
2944.814: [GC (Allocation Failure) [PSYoungGen: 60715K->1453K(61440K)] 448714K->389452K(572928K), 0.0016003 secs] [Times: user=0.01 sys=0.00, real=0.00 secs] 
2945.161: [GC (Allocation Failure) [PSYoungGen: 60845K->1501K(61440K)] 448844K->389508K(572928K), 0.0016134 secs] [Times: user=0.00 sys=0.00, real=0.01 secs] 
2945.506: [GC (Allocation Failure) [PSYoungGen: 60893K->1533K(61440K)] 448900K->389548K(572928K), 0.0016253 secs] [Times: user=0.01 sys=0.00, real=0.00 secs] 
2945.852: [GC (Allocation Failure) [PSYoungGen: 60925K->1485K(61440K)] 448940K->389500K(572928K), 0.0015946 secs] [Times: user=0.01 sys=0.00, real=0.00 secs] 
2946.691: [GC (Allocation Failure) [PSYoungGen: 60877K->1408K(61440K)] 448892K->389423K(572928K), 0.0039123 secs] [Times: user=0.01 sys=0.00, real=0.01 secs] 
2947.269: [GC (Allocation Failure) [PSYoungGen: 60800K->1360K(61440K)] 448815K->389391K(572928K), 0.0027852 secs] [Times: user=0.01 sys=0.00, real=0.01 secs] 
2947.775: [GC (Allocation Failure) [PSYoungGen: 60752K->1344K(61440K)] 448783K->389375K(572928K), 0.0026064 secs] [Times: user=0.01 sys=0.00, real=0.00 secs] 
2948.333: [GC (Allocation Failure) [PSYoungGen: 60736K->1344K(61440K)] 448767K->389375K(572928K), 0.0026989 secs] [Times: user=0.01 sys=0.00, real=0.00 secs] 
2949.026: [GC (Allocation Failure) [PSYoungGen: 60736K->1376K(61440K)] 448767K->389407K(572928K), 0.0024126 secs] [Times: user=0.01 sys=0.00, real=0.00 secs] 
2949.560: [GC (Allocation Failure) [PSYoungGen: 60768K->1549K(61440K)] 448799K->389580K(572928K), 0.0016304 secs] [Times: user=0.01 sys=0.00, real=0.01 secs] 
2949.907: [GC (Allocation Failure) [PSYoungGen: 60941K->1536K(61440K)] 448972K->389583K(572928K), 0.0017044 secs] [Times: user=0.00 sys=0.00, real=0.00 secs] 
2950.252: [GC (Allocation Failure) [PSYoungGen: 60928K->1533K(61440K)] 448975K->389580K(572928K), 0.0016742 secs] [Times: user=0.01 sys=0.00, real=0.00 secs] 
2950.597: [GC (Allocation Failure) [PSYoungGen: 60925K->1565K(61440K)] 448972K->389612K(572928K), 0.0017260 secs] [Times: user=0.01 sys=0.00, real=0.00 secs] 
2951.343: [GC (Allocation Failure) [PSYoungGen: 60957K->1424K(61440K)] 449004K->389471K(572928K), 0.0028061 secs] [Times: user=0.01 sys=0.00, real=0.00 secs] 
2951.912: [GC (Allocation Failure) [PSYoungGen: 60816K->1312K(61440K)] 448863K->389359K(572928K), 0.0025791 secs] [Times: user=0.01 sys=0.00, real=0.00 secs] 
2952.485: [GC (Allocation Failure) [PSYoungGen: 60704K->1376K(61440K)] 448751K->389423K(572928K), 0.0032317 secs] [Times: user=0.02 sys=0.00, real=0.00 secs] 
2953.240: [GC (Allocation Failure) [PSYoungGen: 60768K->1408K(61440K)] 448815K->389455K(572928K), 0.0022271 secs] [Times: user=0.01 sys=0.00, real=0.01 secs] 
2953.914: [GC (Allocation Failure) [PSYoungGen: 60800K->1408K(61440K)] 448847K->389455K(572928K), 0.0020222 secs] [Times: user=0.01 sys=0.00, real=0.00 secs] 
2954.269: [GC (Allocation Failure) [PSYoungGen: 60800K->1469K(61440K)] 448847K->389516K(572928K), 0.0016160 secs] [Times: user=0.01 sys=0.00, real=0.00 secs] 
2954.615: [GC (Allocation Failure) [PSYoungGen: 60861K->1520K(61440K)] 448908K->389583K(572928K), 0.0019323 secs] [Times: user=0.01 sys=0.00, real=0.00 secs] 
2954.959: [GC (Allocation Failure) [PSYoungGen: 60912K->1520K(61440K)] 448975K->389583K(572928K), 0.0016665 secs] [Times: user=0.01 sys=0.00, real=0.00 secs] 
2955.304: [GC (Allocation Failure) [PSYoungGen: 60912K->1597K(61440K)] 448975K->389660K(572928K), 0.0017177 secs] [Times: user=0.01 sys=0.00, real=0.00 secs] 
2955.671: [GC (Allocation Failure) [PSYoungGen: 60989K->1360K(61440K)] 449052K->389423K(572928K), 0.0020528 secs] [Times: user=0.01 sys=0.00, real=0.01 secs] 
2956.061: [GC (Allocation Failure) [PSYoungGen: 60752K->1376K(61440K)] 448815K->389471K(572928K), 0.0020189 secs] [Times: user=0.01 sys=0.00, real=0.01 secs] 
2956.542: [GC (Allocation Failure) [PSYoungGen: 60768K->1360K(61440K)] 448863K->389455K(572928K), 0.0020093 secs] [Times: user=0.01 sys=0.00, real=0.00 secs] 
2957.056: [GC (Allocation Failure) [PSYoungGen: 60752K->1376K(61440K)] 448847K->389471K(572928K), 0.0021065 secs] [Times: user=0.00 sys=0.00, real=0.00 secs] 
2957.553: [GC (Allocation Failure) [PSYoungGen: 60768K->1344K(61440K)] 448863K->389439K(572928K), 0.0018520 secs] [Times: user=0.01 sys=0.00, real=0.00 secs] 
2957.969: [GC (Allocation Failure) [PSYoungGen: 60736K->1501K(61440K)] 448831K->389596K(572928K), 0.0015851 secs] [Times: user=0.01 sys=0.00, real=0.00 secs] 
2958.314: [GC (Allocation Failure) [PSYoungGen: 60893K->1504K(61440K)] 448988K->389607K(572928K), 0.0016414 secs] [Times: user=0.00 sys=0.00, real=0.00 secs] 
2958.664: [GC (Allocation Failure) [PSYoungGen: 60874K->1520K(61440K)] 448978K->389623K(572928K), 0.0015864 secs] [Times: user=0.01 sys=0.00, real=0.00 secs] 
2959.070: [GC (Allocation Failure) [PSYoungGen: 60912K->1549K(61440K)] 449015K->389652K(572928K), 0.0015868 secs] [Times: user=0.01 sys=0.00, real=0.00 secs] 
2959.423: [GC (Allocation Failure) [PSYoungGen: 60941K->1408K(61440K)] 449044K->389511K(572928K), 0.0020115 secs] [Times: user=0.01 sys=0.00, real=0.00 secs] 
2959.875: [GC (Allocation Failure) [PSYoungGen: 60800K->1344K(61440K)] 448903K->389447K(572928K), 0.0022554 secs] [Times: user=0.01 sys=0.00, real=0.00 secs] 
2960.390: [GC (Allocation Failure) [PSYoungGen: 60736K->1344K(61440K)] 448839K->389447K(572928K), 0.0022542 secs] [Times: user=0.01 sys=0.00, real=0.01 secs] 
2960.874: [GC (Allocation Failure) [PSYoungGen: 60736K->1344K(61440K)] 448839K->389447K(572928K), 0.0029749 secs] [Times: user=0.01 sys=0.00, real=0.00 secs] 
2961.369: [GC (Allocation Failure) [PSYoungGen: 60736K->1405K(61440K)] 448839K->389508K(572928K), 0.0027843 secs] [Times: user=0.01 sys=0.00, real=0.00 secs] 
2961.774: [GC (Allocation Failure) [PSYoungGen: 60797K->1533K(61440K)] 448900K->389636K(572928K), 0.0016450 secs] [Times: user=0.00 sys=0.00, real=0.00 secs] 
2962.120: [GC (Allocation Failure) [PSYoungGen: 60925K->1552K(61440K)] 449028K->389663K(572928K), 0.0016005 secs] [Times: user=0.01 sys=0.00, real=0.00 secs] 
2962.464: [GC (Allocation Failure) [PSYoungGen: 60944K->1533K(61440K)] 449055K->389644K(572928K), 0.0016254 secs] [Times: user=0.01 sys=0.00, real=0.00 secs] 
2962.810: [GC (Allocation Failure) [PSYoungGen: 60925K->1520K(61440K)] 449036K->389631K(572928K), 0.0016272 secs] [Times: user=0.00 sys=0.00, real=0.00 secs] 
2963.469: [GC (Allocation Failure) [PSYoungGen: 60912K->1408K(61440K)] 449023K->389519K(572928K), 0.0019144 secs] [Times: user=0.01 sys=0.00, real=0.00 secs] 
2963.795: [GC (Allocation Failure) [PSYoungGen: 60800K->1376K(61440K)] 448911K->389487K(572928K), 0.0041084 secs] [Times: user=0.02 sys=0.00, real=0.00 secs] 
2964.055: [GC (Allocation Failure) [PSYoungGen: 60768K->1376K(61440K)] 448879K->389487K(572928K), 0.0021188 secs] [Times: user=0.01 sys=0.00, real=0.00 secs] 
2964.303: [GC (Allocation Failure) [PSYoungGen: 60768K->1344K(61440K)] 448879K->389455K(572928K), 0.0018888 secs] [Times: user=0.01 sys=0.00, real=0.00 secs] 
2964.599: [GC (Allocation Failure) [PSYoungGen: 60736K->1437K(61440K)] 448847K->389548K(572928K), 0.0016116 secs] [Times: user=0.01 sys=0.00, real=0.00 secs] 
2964.947: [GC (Allocation Failure) [PSYoungGen: 60822K->1501K(61440K)] 448934K->389628K(572928K), 0.0018006 secs] [Times: user=0.00 sys=0.00, real=0.00 secs] 
2965.295: [GC (Allocation Failure) [PSYoungGen: 60893K->1501K(61440K)] 449020K->389636K(572928K), 0.0015837 secs] [Times: user=0.00 sys=0.00, real=0.00 secs] 
2965.703: [GC (Allocation Failure) [PSYoungGen: 60893K->1533K(61440K)] 449028K->389668K(572928K), 0.0016563 secs] [Times: user=0.00 sys=0.00, real=0.00 secs] 
2966.063: [GC (Allocation Failure) [PSYoungGen: 60925K->1760K(61440K)] 449060K->389895K(572928K), 0.0018678 secs] [Times: user=0.01 sys=0.00, real=0.00 secs] 
2966.312: [GC (Allocation Failure) [PSYoungGen: 61152K->1408K(61440K)] 449287K->389543K(572928K), 0.0019980 secs] [Times: user=0.01 sys=0.00, real=0.00 secs] 
2966.648: [GC (Allocation Failure) [PSYoungGen: 60800K->1376K(61440K)] 448935K->389511K(572928K), 0.0022889 secs] [Times: user=0.01 sys=0.00, real=0.00 secs] 
2967.141: [GC (Allocation Failure) [PSYoungGen: 60768K->1344K(61440K)] 448903K->389479K(572928K), 0.0027418 secs] [Times: user=0.01 sys=0.00, real=0.01 secs] 
2967.638: [GC (Allocation Failure) [PSYoungGen: 60736K->1376K(61440K)] 448871K->389511K(572928K), 0.0023397 secs] [Times: user=0.01 sys=0.00, real=0.00 secs] 
2968.168: [GC (Allocation Failure) [PSYoungGen: 60748K->1453K(61440K)] 448884K->389588K(572928K), 0.0016173 secs] [Times: user=0.01 sys=0.00, real=0.00 secs] 
2968.518: [GC (Allocation Failure) [PSYoungGen: 60845K->1565K(61440K)] 448980K->389700K(572928K), 0.0016470 secs] [Times: user=0.01 sys=0.00, real=0.00 secs] 
2968.864: [GC (Allocation Failure) [PSYoungGen: 60957K->1488K(61440K)] 449092K->389631K(572928K), 0.0016440 secs] [Times: user=0.01 sys=0.00, real=0.00 secs] 
2969.210: [GC (Allocation Failure) [PSYoungGen: 60880K->1533K(61440K)] 449023K->389684K(572928K), 0.0015919 secs] [Times: user=0.01 sys=0.00, real=0.01 secs] 
2969.568: [GC (Allocation Failure) [PSYoungGen: 60925K->1504K(61440K)] 449076K->389655K(572928K), 0.0018148 secs] [Times: user=0.01 sys=0.00, real=0.00 secs] 
2969.843: [GC (Allocation Failure) [PSYoungGen: 60896K->1376K(61440K)] 449047K->389527K(572928K), 0.0017257 secs] [Times: user=0.01 sys=0.00, real=0.00 secs] 
2970.194: [GC (Allocation Failure) [PSYoungGen: 60768K->1376K(61440K)] 448919K->389527K(572928K), 0.0018491 secs] [Times: user=0.01 sys=0.01, real=0.00 secs] 
2970.662: [GC (Allocation Failure) [PSYoungGen: 60768K->1376K(61440K)] 448919K->389527K(572928K), 0.0017918 secs] [Times: user=0.01 sys=0.00, real=0.00 secs] 
2971.103: [GC (Allocation Failure) [PSYoungGen: 60768K->1376K(61440K)] 448919K->389527K(572928K), 0.0018339 secs] [Times: user=0.01 sys=0.00, real=0.00 secs] 
2971.636: [GC (Allocation Failure) [PSYoungGen: 60768K->1520K(61440K)] 448919K->389671K(572928K), 0.0015827 secs] [Times: user=0.01 sys=0.00, real=0.00 secs] 
2971.982: [GC (Allocation Failure) [PSYoungGen: 60908K->1565K(61440K)] 449059K->389724K(572928K), 0.0017080 secs] [Times: user=0.01 sys=0.00, real=0.00 secs] 
2972.330: [GC (Allocation Failure) [PSYoungGen: 60957K->1533K(61440K)] 449116K->389692K(572928K), 0.0022008 secs] [Times: user=0.01 sys=0.00, real=0.00 secs] 
2972.674: [GC (Allocation Failure) [PSYoungGen: 60925K->1581K(61440K)] 449084K->389740K(572928K), 0.0016440 secs] [Times: user=0.00 sys=0.00, real=0.00 secs] 
2972.989: [GC (Allocation Failure) [PSYoungGen: 60973K->1440K(61440K)] 449132K->389599K(572928K), 0.0016590 secs] [Times: user=0.00 sys=0.00, real=0.00 secs] 
2973.236: [GC (Allocation Failure) [PSYoungGen: 60832K->1360K(61440K)] 448991K->389519K(572928K), 0.0015204 secs] [Times: user=0.00 sys=0.00, real=0.00 secs] 
2973.589: [GC (Allocation Failure) [PSYoungGen: 60752K->1408K(61440K)] 448911K->389567K(572928K), 0.0017289 secs] [Times: user=0.01 sys=0.00, real=0.00 secs] 
2974.101: [GC (Allocation Failure) [PSYoungGen: 60800K->1312K(61440K)] 448959K->389471K(572928K), 0.0022223 secs] [Times: user=0.00 sys=0.00, real=0.01 secs] 
2974.619: [GC (Allocation Failure) [PSYoungGen: 60704K->1344K(61440K)] 448863K->389503K(572928K), 0.0024273 secs] [Times: user=0.01 sys=0.00, real=0.01 secs] 
2975.189: [GC (Allocation Failure) [PSYoungGen: 60714K->1453K(61440K)] 448874K->389636K(572928K), 0.0015939 secs] [Times: user=0.00 sys=0.00, real=0.00 secs] 
2975.535: [GC (Allocation Failure) [PSYoungGen: 60845K->1517K(61440K)] 449028K->389716K(572928K), 0.0015810 secs] [Times: user=0.01 sys=0.00, real=0.00 secs] 
2975.942: [GC (Allocation Failure) [PSYoungGen: 60909K->1552K(61440K)] 449108K->389751K(572928K), 0.0016624 secs] [Times: user=0.01 sys=0.00, real=0.01 secs] 
2976.343: [GC (Allocation Failure) [PSYoungGen: 60944K->1549K(61440K)] 449143K->389748K(572928K), 0.0016251 secs] [Times: user=0.01 sys=0.00, real=0.00 secs] 
2976.853: [GC (Allocation Failure) [PSYoungGen: 60941K->1424K(61440K)] 449140K->389623K(572928K), 0.0038178 secs] [Times: user=0.01 sys=0.00, real=0.00 secs] 
2977.490: [GC (Allocation Failure) [PSYoungGen: 60816K->1376K(61440K)] 449015K->389575K(572928K), 0.0026426 secs] [Times: user=0.01 sys=0.00, real=0.01 secs] 
2978.172: [GC (Allocation Failure) [PSYoungGen: 60768K->1376K(61440K)] 448967K->389575K(572928K), 0.0041646 secs] [Times: user=0.02 sys=0.00, real=0.00 secs] 
2978.921: [GC (Allocation Failure) [PSYoungGen: 60768K->1376K(61440K)] 448967K->389575K(572928K), 0.0044137 secs] [Times: user=0.02 sys=0.00, real=0.01 secs] 
2979.690: [GC (Allocation Failure) [PSYoungGen: 60768K->1376K(61440K)] 448967K->389575K(572928K), 0.0045601 secs] [Times: user=0.01 sys=0.00, real=0.01 secs] 
2980.241: [GC (Allocation Failure) [PSYoungGen: 60768K->1533K(61440K)] 448967K->389732K(572928K), 0.0016240 secs] [Times: user=0.01 sys=0.00, real=0.01 secs] 
2980.586: [GC (Allocation Failure) [PSYoungGen: 60925K->1552K(61440K)] 449124K->389759K(572928K), 0.0016782 secs] [Times: user=0.01 sys=0.00, real=0.00 secs] 
2980.984: [GC (Allocation Failure) [PSYoungGen: 60944K->1549K(61440K)] 449151K->389756K(572928K), 0.0017159 secs] [Times: user=0.01 sys=0.00, real=0.00 secs] 
2981.331: [GC (Allocation Failure) [PSYoungGen: 60941K->1597K(61440K)] 449148K->389804K(572928K), 0.0019758 secs] [Times: user=0.01 sys=0.00, real=0.01 secs] 
2981.605: [GC (Allocation Failure) [PSYoungGen: 60989K->1424K(61440K)] 449196K->389631K(572928K), 0.0023396 secs] [Times: user=0.01 sys=0.00, real=0.00 secs] 
2981.891: [GC (Allocation Failure) [PSYoungGen: 60816K->1408K(61440K)] 449023K->389615K(572928K), 0.0018162 secs] [Times: user=0.01 sys=0.00, real=0.01 secs] 
2982.138: [GC (Allocation Failure) [PSYoungGen: 60800K->1344K(61440K)] 449007K->389551K(572928K), 0.0019996 secs] [Times: user=0.01 sys=0.00, real=0.00 secs] 
2982.400: [GC (Allocation Failure) [PSYoungGen: 60736K->1328K(61440K)] 448943K->389535K(572928K), 0.0017707 secs] [Times: user=0.01 sys=0.00, real=0.01 secs] 
2982.646: [GC (Allocation Failure) [PSYoungGen: 60720K->1376K(61440K)] 448927K->389583K(572928K), 0.0018039 secs] [Times: user=0.01 sys=0.00, real=0.00 secs] 
2983.053: [GC (Allocation Failure) [PSYoungGen: 60768K->1597K(61440K)] 448975K->389804K(572928K), 0.0015690 secs] [Times: user=0.01 sys=0.00, real=0.00 secs] 
2983.399: [GC (Allocation Failure) [PSYoungGen: 60975K->1565K(61440K)] 449183K->389788K(572928K), 0.0016506 secs] [Times: user=0.01 sys=0.00, real=0.00 secs] 
2983.750: [GC (Allocation Failure) [PSYoungGen: 60957K->1517K(61440K)] 449180K->389740K(572928K), 0.0016381 secs] [Times: user=0.01 sys=0.00, real=0.01 secs] 
2984.095: [GC (Allocation Failure) [PSYoungGen: 60909K->1549K(61440K)] 449132K->389772K(572928K), 0.0016574 secs] [Times: user=0.01 sys=0.00, real=0.00 secs] 
2985.261: [GC (Allocation Failure) [PSYoungGen: 60941K->1408K(61440K)] 449164K->389631K(572928K), 0.0037283 secs] [Times: user=0.02 sys=0.00, real=0.01 secs] 
2985.546: [GC (Allocation Failure) [PSYoungGen: 60800K->1344K(61440K)] 449023K->389583K(572928K), 0.0019717 secs] [Times: user=0.01 sys=0.00, real=0.00 secs] 
2985.807: [GC (Allocation Failure) [PSYoungGen: 60736K->1344K(61440K)] 448975K->389583K(572928K), 0.0020885 secs] [Times: user=0.01 sys=0.00, real=0.00 secs] 
2986.054: [GC (Allocation Failure) [PSYoungGen: 60736K->1328K(61440K)] 448975K->389567K(572928K), 0.0018554 secs] [Times: user=0.01 sys=0.00, real=0.00 secs] 
2986.338: [GC (Allocation Failure) [PSYoungGen: 60692K->1437K(61440K)] 448932K->389676K(572928K), 0.0016305 secs] [Times: user=0.01 sys=0.00, real=0.00 secs] 
2986.684: [GC (Allocation Failure) [PSYoungGen: 60829K->1549K(61440K)] 449068K->389788K(572928K), 0.0015794 secs] [Times: user=0.01 sys=0.00, real=0.00 secs] 
2987.087: [GC (Allocation Failure) [PSYoungGen: 60941K->1517K(61440K)] 449180K->389772K(572928K), 0.0016581 secs] [Times: user=0.01 sys=0.00, real=0.00 secs] 
2987.487: [GC (Allocation Failure) [PSYoungGen: 60909K->1501K(61440K)] 449164K->389756K(572928K), 0.0016817 secs] [Times: user=0.01 sys=0.00, real=0.00 secs] 
2987.828: [GC (Allocation Failure) [PSYoungGen: 60893K->1344K(61440K)] 449148K->389599K(572928K), 0.0016382 secs] [Times: user=0.00 sys=0.00, real=0.00 secs] 
2988.246: [GC (Allocation Failure) [PSYoungGen: 60736K->1376K(61440K)] 448991K->389631K(572928K), 0.0021716 secs] [Times: user=0.01 sys=0.00, real=0.00 secs] 
2988.490: [GC (Allocation Failure) [PSYoungGen: 60768K->1360K(61440K)] 449023K->389615K(572928K), 0.0018907 secs] [Times: user=0.01 sys=0.00, real=0.01 secs] 
2988.737: [GC (Allocation Failure) [PSYoungGen: 60752K->1312K(61440K)] 449007K->389567K(572928K), 0.0020017 secs] [Times: user=0.01 sys=0.00, real=0.00 secs] 
2988.988: [GC (Allocation Failure) [PSYoungGen: 60704K->1376K(61440K)] 448959K->389631K(572928K), 0.0031970 secs] [Times: user=0.01 sys=0.00, real=0.00 secs] 
2989.404: [GC (Allocation Failure) [PSYoungGen: 60747K->1552K(61440K)] 449003K->389807K(572928K), 0.0016351 secs] [Times: user=0.01 sys=0.00, real=0.00 secs] 
2989.749: [GC (Allocation Failure) [PSYoungGen: 60944K->1613K(61440K)] 449199K->389868K(572928K), 0.0016487 secs] [Times: user=0.00 sys=0.00, real=0.00 secs] 
2990.095: [GC (Allocation Failure) [PSYoungGen: 61005K->1565K(61440K)] 449260K->389836K(572928K), 0.0017918 secs] [Times: user=0.01 sys=0.00, real=0.00 secs] 
2990.444: [GC (Allocation Failure) [PSYoungGen: 60957K->1629K(61440K)] 449228K->389900K(572928K), 0.0016253 secs] [Times: user=0.01 sys=0.00, real=0.00 secs] 
2990.794: [GC (Allocation Failure) [PSYoungGen: 61021K->1504K(61440K)] 449292K->389775K(572928K), 0.0018649 secs] [Times: user=0.01 sys=0.00, real=0.00 secs] 
2991.051: [GC (Allocation Failure) [PSYoungGen: 60896K->1408K(61440K)] 449167K->389679K(572928K), 0.0017900 secs] [Times: user=0.01 sys=0.00, real=0.01 secs] 
2991.304: [GC (Allocation Failure) [PSYoungGen: 60800K->1376K(61440K)] 449071K->389647K(572928K), 0.0016400 secs] [Times: user=0.01 sys=0.00, real=0.00 secs] 
2991.560: [GC (Allocation Failure) [PSYoungGen: 60768K->1376K(61440K)] 449039K->389647K(572928K), 0.0018230 secs] [Times: user=0.01 sys=0.00, real=0.00 secs] 
2991.814: [GC (Allocation Failure) [PSYoungGen: 60768K->1440K(61440K)] 449039K->389711K(572928K), 0.0017167 secs] [Times: user=0.00 sys=0.00, real=0.00 secs] 
2992.159: [GC (Allocation Failure) [PSYoungGen: 60814K->1549K(61440K)] 449085K->389820K(572928K), 0.0015832 secs] [Times: user=0.01 sys=0.00, real=0.00 secs] 
2992.504: [GC (Allocation Failure) [PSYoungGen: 60941K->1504K(61440K)] 449212K->389783K(572928K), 0.0016425 secs] [Times: user=0.01 sys=0.00, real=0.00 secs] 
2992.849: [GC (Allocation Failure) [PSYoungGen: 60896K->1565K(61440K)] 449175K->389852K(572928K), 0.0015896 secs] [Times: user=0.01 sys=0.00, real=0.00 secs] 
2993.194: [GC (Allocation Failure) [PSYoungGen: 60957K->1581K(61440K)] 449244K->389868K(572928K), 0.0016402 secs] [Times: user=0.00 sys=0.00, real=0.00 secs] 
2993.743: [GC (Allocation Failure) [PSYoungGen: 60973K->1488K(61440K)] 449260K->389775K(572928K), 0.0022847 secs] [Times: user=0.01 sys=0.00, real=0.00 secs] 
2994.237: [GC (Allocation Failure) [PSYoungGen: 60880K->1392K(61440K)] 449167K->389679K(572928K), 0.0022344 secs] [Times: user=0.01 sys=0.00, real=0.00 secs] 
2994.565: [GC (Allocation Failure) [PSYoungGen: 60784K->1376K(61440K)] 449071K->389703K(572928K), 0.0018678 secs] [Times: user=0.00 sys=0.00, real=0.00 secs] 
2994.812: [GC (Allocation Failure) [PSYoungGen: 60768K->1376K(61440K)] 449095K->389703K(572928K), 0.0019359 secs] [Times: user=0.01 sys=0.01, real=0.01 secs] 
2995.104: [GC (Allocation Failure) [PSYoungGen: 60768K->1376K(61440K)] 449095K->389703K(572928K), 0.0020695 secs] [Times: user=0.01 sys=0.00, real=0.00 secs] 
2995.488: [GC (Allocation Failure) [PSYoungGen: 60747K->1517K(61440K)] 449075K->389844K(572928K), 0.0015516 secs] [Times: user=0.01 sys=0.00, real=0.00 secs] 
2995.836: [GC (Allocation Failure) [PSYoungGen: 60909K->1549K(61440K)] 449236K->389884K(572928K), 0.0016190 secs] [Times: user=0.01 sys=0.00, real=0.00 secs] 
2996.181: [GC (Allocation Failure) [PSYoungGen: 60941K->1549K(61440K)] 449276K->389884K(572928K), 0.0016746 secs] [Times: user=0.01 sys=0.00, real=0.01 secs] 
2996.528: [GC (Allocation Failure) [PSYoungGen: 60941K->1549K(61440K)] 449276K->389884K(572928K), 0.0016215 secs] [Times: user=0.01 sys=0.00, real=0.00 secs] 
2996.847: [GC (Allocation Failure) [PSYoungGen: 60941K->1472K(61440K)] 449276K->389807K(572928K), 0.0017140 secs] [Times: user=0.00 sys=0.00, real=0.00 secs] 
2997.093: [GC (Allocation Failure) [PSYoungGen: 60864K->1360K(61440K)] 449199K->389695K(572928K), 0.0018399 secs] [Times: user=0.01 sys=0.00, real=0.00 secs] 
2997.341: [GC (Allocation Failure) [PSYoungGen: 60752K->1408K(61440K)] 449087K->389743K(572928K), 0.0017308 secs] [Times: user=0.01 sys=0.00, real=0.01 secs] 
2997.588: [GC (Allocation Failure) [PSYoungGen: 60800K->1408K(61440K)] 449135K->389743K(572928K), 0.0016884 secs] [Times: user=0.01 sys=0.00, real=0.00 secs] 
2997.834: [GC (Allocation Failure) [PSYoungGen: 60800K->1392K(61440K)] 449135K->389727K(572928K), 0.0017608 secs] [Times: user=0.01 sys=0.00, real=0.00 secs] 
2998.187: [GC (Allocation Failure) [PSYoungGen: 60784K->1485K(61440K)] 449119K->389820K(572928K), 0.0016945 secs] [Times: user=0.01 sys=0.00, real=0.00 secs] 
2998.544: [GC (Allocation Failure) [PSYoungGen: 60877K->1565K(61440K)] 449212K->389916K(572928K), 0.0016112 secs] [Times: user=0.01 sys=0.00, real=0.00 secs] 
2998.950: [GC (Allocation Failure) [PSYoungGen: 60957K->1565K(61440K)] 449308K->389916K(572928K), 0.0016555 secs] [Times: user=0.01 sys=0.00, real=0.00 secs] 
2999.295: [GC (Allocation Failure) [PSYoungGen: 60957K->1581K(61440K)] 449308K->389932K(572928K), 0.0016801 secs] [Times: user=0.00 sys=0.00, real=0.00 secs] 
2999.888: [GC (Allocation Failure) [PSYoungGen: 60973K->1408K(61440K)] 449324K->389759K(572928K), 0.0028614 secs] [Times: user=0.01 sys=0.00, real=0.00 secs] 
3000.475: [GC (Allocation Failure) [PSYoungGen: 60800K->1376K(61440K)] 449151K->389727K(572928K), 0.0025764 secs] [Times: user=0.01 sys=0.00, real=0.00 secs] 
3000.951: [GC (Allocation Failure) [PSYoungGen: 60768K->1344K(61440K)] 449119K->389695K(572928K), 0.0026675 secs] [Times: user=0.01 sys=0.00, real=0.01 secs] 
3001.579: [GC (Allocation Failure) [PSYoungGen: 60736K->1344K(61440K)] 449087K->389695K(572928K), 0.0025763 secs] [Times: user=0.01 sys=0.00, real=0.00 secs] 
3002.146: [GC (Allocation Failure) [PSYoungGen: 60736K->1312K(61440K)] 449087K->389663K(572928K), 0.0028286 secs] [Times: user=0.01 sys=0.00, real=0.00 secs] 
3002.759: [GC (Allocation Failure) [PSYoungGen: 60681K->1565K(61440K)] 449032K->389916K(572928K), 0.0016673 secs] [Times: user=0.01 sys=0.00, real=0.00 secs] 
3003.164: [GC (Allocation Failure) [PSYoungGen: 60957K->1581K(61440K)] 449308K->389948K(572928K), 0.0016686 secs] [Times: user=0.01 sys=0.00, real=0.00 secs] 
3003.509: [GC (Allocation Failure) [PSYoungGen: 60973K->1584K(61440K)] 449340K->389951K(572928K), 0.0016656 secs] [Times: user=0.00 sys=0.00, real=0.00 secs] 
3003.856: [GC (Allocation Failure) [PSYoungGen: 60976K->1581K(61440K)] 449343K->389948K(572928K), 0.0015776 secs] [Times: user=0.00 sys=0.00, real=0.00 secs] 
3004.147: [GC (Allocation Failure) [PSYoungGen: 60973K->1424K(61440K)] 449340K->389791K(572928K), 0.0025571 secs] [Times: user=0.01 sys=0.00, real=0.00 secs] 
3004.407: [GC (Allocation Failure) [PSYoungGen: 60816K->1408K(61440K)] 449183K->389775K(572928K), 0.0020199 secs] [Times: user=0.00 sys=0.01, real=0.00 secs] 
3004.737: [GC (Allocation Failure) [PSYoungGen: 60800K->1344K(61440K)] 449167K->389711K(572928K), 0.0019449 secs] [Times: user=0.01 sys=0.00, real=0.00 secs] 
3005.221: [GC (Allocation Failure) [PSYoungGen: 60736K->1344K(61440K)] 449103K->389711K(572928K), 0.0019329 secs] [Times: user=0.01 sys=0.00, real=0.01 secs] 
3005.855: [GC (Allocation Failure) [PSYoungGen: 60736K->1469K(61440K)] 449103K->389836K(572928K), 0.0019862 secs] [Times: user=0.01 sys=0.00, real=0.00 secs] 
3006.222: [GC (Allocation Failure) [PSYoungGen: 60861K->1517K(61440K)] 449228K->389916K(572928K), 0.0015819 secs] [Times: user=0.01 sys=0.00, real=0.01 secs] 
3006.627: [GC (Allocation Failure) [PSYoungGen: 60909K->1533K(61440K)] 449308K->389948K(572928K), 0.0016753 secs] [Times: user=0.01 sys=0.00, real=0.00 secs] 
3006.973: [GC (Allocation Failure) [PSYoungGen: 60925K->1549K(61440K)] 449340K->389964K(572928K), 0.0016692 secs] [Times: user=0.01 sys=0.00, real=0.00 secs] 
3007.381: [GC (Allocation Failure) [PSYoungGen: 60941K->1485K(61440K)] 449356K->389900K(572928K), 0.0016641 secs] [Times: user=0.01 sys=0.00, real=0.01 secs] 
3007.809: [GC (Allocation Failure) [PSYoungGen: 60877K->1408K(61440K)] 449292K->389823K(572928K), 0.0024983 secs] [Times: user=0.01 sys=0.00, real=0.00 secs] 
3008.052: [GC (Allocation Failure) [PSYoungGen: 60800K->1344K(61440K)] 449215K->389759K(572928K), 0.0019776 secs] [Times: user=0.01 sys=0.00, real=0.01 secs] 
3008.346: [GC (Allocation Failure) [PSYoungGen: 60736K->1344K(61440K)] 449151K->389759K(572928K), 0.0020866 secs] [Times: user=0.01 sys=0.00, real=0.00 secs] 
3008.625: [GC (Allocation Failure) [PSYoungGen: 60736K->1360K(61440K)] 449151K->389775K(572928K), 0.0019860 secs] [Times: user=0.01 sys=0.00, real=0.00 secs] 
3008.972: [GC (Allocation Failure) [PSYoungGen: 60741K->1405K(61440K)] 449157K->389820K(572928K), 0.0016085 secs] [Times: user=0.00 sys=0.00, real=0.00 secs] 
3009.317: [GC (Allocation Failure) [PSYoungGen: 60797K->1517K(61440K)] 449212K->389932K(572928K), 0.0016478 secs] [Times: user=0.01 sys=0.00, real=0.00 secs] 
3009.661: [GC (Allocation Failure) [PSYoungGen: 60909K->1549K(61440K)] 449324K->389980K(572928K), 0.0016518 secs] [Times: user=0.00 sys=0.00, real=0.01 secs] 
3010.006: [GC (Allocation Failure) [PSYoungGen: 60941K->1568K(61440K)] 449372K->389999K(572928K), 0.0017083 secs] [Times: user=0.00 sys=0.00, real=0.00 secs] 
3010.366: [GC (Allocation Failure) [PSYoungGen: 60960K->2016K(61440K)] 449391K->390447K(572928K), 0.0017627 secs] [Times: user=0.01 sys=0.00, real=0.00 secs] 
3010.658: [GC (Allocation Failure) [PSYoungGen: 61408K->1312K(61440K)] 449839K->389743K(572928K), 0.0018474 secs] [Times: user=0.01 sys=0.00, real=0.00 secs] 
3010.938: [GC (Allocation Failure) [PSYoungGen: 60704K->1344K(61440K)] 449135K->389775K(572928K), 0.0019205 secs] [Times: user=0.00 sys=0.01, real=0.00 secs] 
3011.186: [GC (Allocation Failure) [PSYoungGen: 60736K->1376K(61440K)] 449167K->389807K(572928K), 0.0027509 secs] [Times: user=0.01 sys=0.00, real=0.00 secs] 
3011.501: [GC (Allocation Failure) [PSYoungGen: 60768K->1344K(61440K)] 449199K->389775K(572928K), 0.0027271 secs] [Times: user=0.01 sys=0.00, real=0.01 secs] 
3011.919: [GC (Allocation Failure) [PSYoungGen: 60710K->1440K(61440K)] 449142K->389871K(572928K), 0.0015303 secs] [Times: user=0.00 sys=0.00, real=0.00 secs] 
3012.265: [GC (Allocation Failure) [PSYoungGen: 60832K->1565K(61440K)] 449263K->389996K(572928K), 0.0016194 secs] [Times: user=0.00 sys=0.00, real=0.00 secs] 
3012.610: [GC (Allocation Failure) [PSYoungGen: 60957K->1565K(61440K)] 449388K->390004K(572928K), 0.0016218 secs] [Times: user=0.01 sys=0.00, real=0.01 secs] 
3012.956: [GC (Allocation Failure) [PSYoungGen: 60957K->1581K(61440K)] 449396K->390020K(572928K), 0.0016608 secs] [Times: user=0.00 sys=0.00, real=0.00 secs] 
3013.429: [GC (Allocation Failure) [PSYoungGen: 60973K->1440K(61440K)] 449412K->389879K(572928K), 0.0017746 secs] [Times: user=0.01 sys=0.00, real=0.00 secs] 
3014.024: [GC (Allocation Failure) [PSYoungGen: 60832K->1360K(61440K)] 449271K->389799K(572928K), 0.0018895 secs] [Times: user=0.01 sys=0.00, real=0.00 secs] 
3014.526: [GC (Allocation Failure) [PSYoungGen: 60752K->1376K(61440K)] 449191K->389815K(572928K), 0.0028718 secs] [Times: user=0.01 sys=0.00, real=0.00 secs] 
3014.839: [GC (Allocation Failure) [PSYoungGen: 60768K->1344K(61440K)] 449207K->389799K(572928K), 0.0020232 secs] [Times: user=0.01 sys=0.00, real=0.00 secs] 
3015.087: [GC (Allocation Failure) [PSYoungGen: 60736K->1360K(61440K)] 449191K->389823K(572928K), 0.0019616 secs] [Times: user=0.01 sys=0.00, real=0.00 secs] 
3015.551: [GC (Allocation Failure) [PSYoungGen: 60752K->1472K(61440K)] 449215K->389935K(572928K), 0.0017208 secs] [Times: user=0.01 sys=0.00, real=0.01 secs] 
3015.897: [GC (Allocation Failure) [PSYoungGen: 60864K->1517K(61440K)] 449327K->389988K(572928K), 0.0015871 secs] [Times: user=0.01 sys=0.00, real=0.00 secs] 
3016.305: [GC (Allocation Failure) [PSYoungGen: 60909K->1533K(61440K)] 449380K->390004K(572928K), 0.0016724 secs] [Times: user=0.01 sys=0.00, real=0.00 secs] 
3016.651: [GC (Allocation Failure) [PSYoungGen: 60925K->1533K(61440K)] 449396K->390004K(572928K), 0.0019239 secs] [Times: user=0.01 sys=0.00, real=0.01 secs] 
3017.071: [GC (Allocation Failure) [PSYoungGen: 60925K->1424K(61440K)] 449396K->389895K(572928K), 0.0024617 secs] [Times: user=0.01 sys=0.00, real=0.01 secs] 
3017.552: [GC (Allocation Failure) [PSYoungGen: 60816K->1376K(61440K)] 449287K->389847K(572928K), 0.0020226 secs] [Times: user=0.01 sys=0.00, real=0.01 secs] 
3017.799: [GC (Allocation Failure) [PSYoungGen: 60768K->1376K(61440K)] 449239K->389847K(572928K), 0.0020177 secs] [Times: user=0.00 sys=0.00, real=0.00 secs] 
3018.121: [GC (Allocation Failure) [PSYoungGen: 60768K->1376K(61440K)] 449239K->389847K(572928K), 0.0020301 secs] [Times: user=0.01 sys=0.00, real=0.01 secs] 
3018.368: [GC (Allocation Failure) [PSYoungGen: 60768K->1328K(61440K)] 449239K->389799K(572928K), 0.0020039 secs] [Times: user=0.00 sys=0.00, real=0.00 secs] 
3018.724: [GC (Allocation Failure) [PSYoungGen: 60720K->1520K(61440K)] 449191K->389991K(572928K), 0.0016025 secs] [Times: user=0.00 sys=0.00, real=0.00 secs] 
3019.081: [GC (Allocation Failure) [PSYoungGen: 60884K->1549K(61440K)] 449355K->390036K(572928K), 0.0016262 secs] [Times: user=0.00 sys=0.00, real=0.01 secs] 
3019.425: [GC (Allocation Failure) [PSYoungGen: 60941K->1501K(61440K)] 449428K->389988K(572928K), 0.0016155 secs] [Times: user=0.00 sys=0.00, real=0.00 secs] 
3019.771: [GC (Allocation Failure) [PSYoungGen: 60893K->1533K(61440K)] 449380K->390020K(572928K), 0.0016226 secs] [Times: user=0.01 sys=0.00, real=0.01 secs] 
3020.426: [GC (Allocation Failure) [PSYoungGen: 60925K->1408K(61440K)] 449412K->389895K(572928K), 0.0021300 secs] [Times: user=0.00 sys=0.00, real=0.00 secs] 
3021.006: [GC (Allocation Failure) [PSYoungGen: 60800K->1408K(61440K)] 449287K->389895K(572928K), 0.0020164 secs] [Times: user=0.01 sys=0.00, real=0.00 secs] 
3021.552: [GC (Allocation Failure) [PSYoungGen: 60800K->1376K(61440K)] 449287K->389863K(572928K), 0.0021931 secs] [Times: user=0.01 sys=0.00, real=0.00 secs] 
3022.164: [GC (Allocation Failure) [PSYoungGen: 60768K->1376K(61440K)] 449255K->389863K(572928K), 0.0023879 secs] [Times: user=0.01 sys=0.00, real=0.00 secs] 
3022.771: [GC (Allocation Failure) [PSYoungGen: 60768K->1376K(61440K)] 449255K->389863K(572928K), 0.0022908 secs] [Times: user=0.01 sys=0.00, real=0.01 secs] 
3023.230: [GC (Allocation Failure) [PSYoungGen: 60758K->1533K(61440K)] 449245K->390020K(572928K), 0.0015476 secs] [Times: user=0.00 sys=0.00, real=0.00 secs] 
3023.575: [GC (Allocation Failure) [PSYoungGen: 60925K->1581K(61440K)] 449412K->390076K(572928K), 0.0016217 secs] [Times: user=0.01 sys=0.00, real=0.00 secs] 
3023.925: [GC (Allocation Failure) [PSYoungGen: 60973K->1536K(61440K)] 449468K->390031K(572928K), 0.0016372 secs] [Times: user=0.01 sys=0.00, real=0.00 secs] 
3024.273: [GC (Allocation Failure) [PSYoungGen: 60928K->1552K(61440K)] 449423K->390047K(572928K), 0.0015866 secs] [Times: user=0.01 sys=0.00, real=0.00 secs] 
3025.086: [GC (Allocation Failure) [PSYoungGen: 60944K->1408K(61440K)] 449439K->389903K(572928K), 0.0020144 secs] [Times: user=0.01 sys=0.00, real=0.00 secs] 
3025.943: [GC (Allocation Failure) [PSYoungGen: 60800K->1376K(61440K)] 449295K->389871K(572928K), 0.0028521 secs] [Times: user=0.01 sys=0.00, real=0.00 secs] 
3026.498: [GC (Allocation Failure) [PSYoungGen: 60768K->1312K(61440K)] 449263K->389807K(572928K), 0.0032238 secs] [Times: user=0.02 sys=0.00, real=0.00 secs] 
3027.026: [GC (Allocation Failure) [PSYoungGen: 60704K->1344K(61440K)] 449199K->389855K(572928K), 0.0026203 secs] [Times: user=0.01 sys=0.00, real=0.00 secs] 
3027.715: [GC (Allocation Failure) [PSYoungGen: 60736K->1405K(61440K)] 449247K->389916K(572928K), 0.0030417 secs] [Times: user=0.02 sys=0.00, real=0.00 secs] 
3028.152: [GC (Allocation Failure) [PSYoungGen: 60797K->1517K(61440K)] 449308K->390028K(572928K), 0.0016371 secs] [Times: user=0.00 sys=0.00, real=0.00 secs] 
3028.501: [GC (Allocation Failure) [PSYoungGen: 60909K->1533K(61440K)] 449420K->390052K(572928K), 0.0016762 secs] [Times: user=0.01 sys=0.00, real=0.01 secs] 
3028.848: [GC (Allocation Failure) [PSYoungGen: 60925K->1488K(61440K)] 449444K->390007K(572928K), 0.0016491 secs] [Times: user=0.00 sys=0.01, real=0.00 secs] 
3029.204: [GC (Allocation Failure) [PSYoungGen: 60880K->1520K(61440K)] 449399K->390039K(572928K), 0.0016646 secs] [Times: user=0.01 sys=0.00, real=0.00 secs] 
3029.575: [GC (Allocation Failure) [PSYoungGen: 60912K->1408K(61440K)] 449431K->389927K(572928K), 0.0020881 secs] [Times: user=0.00 sys=0.00, real=0.00 secs] 
3029.822: [GC (Allocation Failure) [PSYoungGen: 60800K->1376K(61440K)] 449319K->389895K(572928K), 0.0020876 secs] [Times: user=0.00 sys=0.00, real=0.01 secs] 
3030.069: [GC (Allocation Failure) [PSYoungGen: 60768K->1376K(61440K)] 449287K->389895K(572928K), 0.0019166 secs] [Times: user=0.01 sys=0.00, real=0.00 secs] 
3030.401: [GC (Allocation Failure) [PSYoungGen: 60768K->1344K(61440K)] 449287K->389863K(572928K), 0.0019697 secs] [Times: user=0.01 sys=0.00, real=0.01 secs] 
3030.726: [GC (Allocation Failure) [PSYoungGen: 60736K->1469K(61440K)] 449255K->389988K(572928K), 0.0015329 secs] [Times: user=0.01 sys=0.00, real=0.00 secs] 
3031.073: [GC (Allocation Failure) [PSYoungGen: 60861K->1504K(61440K)] 449380K->390023K(572928K), 0.0016329 secs] [Times: user=0.01 sys=0.00, real=0.00 secs] 
3031.481: [GC (Allocation Failure) [PSYoungGen: 60896K->1565K(61440K)] 449415K->390100K(572928K), 0.0017141 secs] [Times: user=0.00 sys=0.00, real=0.01 secs] 
3031.826: [GC (Allocation Failure) [PSYoungGen: 60957K->1552K(61440K)] 449492K->390087K(572928K), 0.0016751 secs] [Times: user=0.00 sys=0.00, real=0.00 secs] 
3032.310: [GC (Allocation Failure) [PSYoungGen: 60944K->1776K(61440K)] 449479K->390311K(572928K), 0.0023752 secs] [Times: user=0.01 sys=0.00, real=0.01 secs] 
3033.379: [GC (Allocation Failure) [PSYoungGen: 61168K->1344K(61440K)] 449703K->389879K(572928K), 0.0041908 secs] [Times: user=0.02 sys=0.00, real=0.01 secs] 
3033.990: [GC (Allocation Failure) [PSYoungGen: 60736K->1376K(61440K)] 449271K->389911K(572928K), 0.0029895 secs] [Times: user=0.01 sys=0.00, real=0.01 secs] 
3034.455: [GC (Allocation Failure) [PSYoungGen: 60768K->1344K(61440K)] 449303K->389879K(572928K), 0.0026963 secs] [Times: user=0.01 sys=0.00, real=0.00 secs] 
3034.831: [GC (Allocation Failure) [PSYoungGen: 60736K->1344K(61440K)] 449271K->389879K(572928K), 0.0024808 secs] [Times: user=0.01 sys=0.00, real=0.01 secs] 
3035.268: [GC (Allocation Failure) [PSYoungGen: 60730K->1421K(61440K)] 449266K->389956K(572928K), 0.0015662 secs] [Times: user=0.01 sys=0.00, real=0.00 secs] 
3035.612: [GC (Allocation Failure) [PSYoungGen: 60813K->1549K(61440K)] 449348K->390116K(572928K), 0.0016408 secs] [Times: user=0.01 sys=0.00, real=0.00 secs] 
3035.957: [GC (Allocation Failure) [PSYoungGen: 60941K->1517K(61440K)] 449508K->390100K(572928K), 0.0016172 secs] [Times: user=0.01 sys=0.00, real=0.00 secs] 
3036.303: [GC (Allocation Failure) [PSYoungGen: 60909K->1565K(61440K)] 449492K->390148K(572928K), 0.0017820 secs] [Times: user=0.01 sys=0.00, real=0.00 secs] 
3036.925: [GC (Allocation Failure) [PSYoungGen: 60957K->1424K(61440K)] 449540K->390007K(572928K), 0.0024776 secs] [Times: user=0.01 sys=0.01, real=0.00 secs] 
3037.819: [GC (Allocation Failure) [PSYoungGen: 60816K->1360K(61440K)] 449399K->389943K(572928K), 0.0033417 secs] [Times: user=0.01 sys=0.01, real=0.01 secs] 
3038.473: [GC (Allocation Failure) [PSYoungGen: 60752K->1376K(61440K)] 449335K->389959K(572928K), 0.0034535 secs] [Times: user=0.01 sys=0.00, real=0.00 secs] 
3039.143: [GC (Allocation Failure) [PSYoungGen: 60768K->1312K(61440K)] 449351K->389895K(572928K), 0.0030770 secs] [Times: user=0.01 sys=0.00, real=0.00 secs] 
3039.791: [GC (Allocation Failure) [PSYoungGen: 60704K->1312K(61440K)] 449287K->389895K(572928K), 0.0030208 secs] [Times: user=0.01 sys=0.00, real=0.01 secs] 
3040.525: [GC (Allocation Failure) [PSYoungGen: 60704K->1520K(61440K)] 449287K->390103K(572928K), 0.0015753 secs] [Times: user=0.01 sys=0.00, real=0.00 secs] 
3040.870: [GC (Allocation Failure) [PSYoungGen: 60912K->1565K(61440K)] 449495K->390164K(572928K), 0.0016786 secs] [Times: user=0.01 sys=0.00, real=0.00 secs] 
3041.215: [GC (Allocation Failure) [PSYoungGen: 60957K->1565K(61440K)] 449556K->390164K(572928K), 0.0016479 secs] [Times: user=0.01 sys=0.00, real=0.00 secs] 
3041.559: [GC (Allocation Failure) [PSYoungGen: 60957K->1568K(61440K)] 449556K->390167K(572928K), 0.0015980 secs] [Times: user=0.00 sys=0.00, real=0.00 secs] 
3041.927: [GC (Allocation Failure) [PSYoungGen: 60960K->1440K(61440K)] 449559K->390039K(572928K), 0.0020111 secs] [Times: user=0.00 sys=0.00, real=0.00 secs] 
3042.175: [GC (Allocation Failure) [PSYoungGen: 60832K->1376K(61440K)] 449431K->389975K(572928K), 0.0017499 secs] [Times: user=0.01 sys=0.00, real=0.00 secs] 
3042.421: [GC (Allocation Failure) [PSYoungGen: 60768K->1344K(61440K)] 449367K->389943K(572928K), 0.0023888 secs] [Times: user=0.01 sys=0.00, real=0.01 secs] 
3042.998: [GC (Allocation Failure) [PSYoungGen: 60736K->1344K(61440K)] 449335K->389943K(572928K), 0.0027817 secs] [Times: user=0.01 sys=0.01, real=0.00 secs] 
3043.688: [GC (Allocation Failure) [PSYoungGen: 60736K->1344K(61440K)] 449335K->389943K(572928K), 0.0023462 secs] [Times: user=0.01 sys=0.00, real=0.00 secs] 
3044.381: [GC (Allocation Failure) [PSYoungGen: 60736K->1456K(61440K)] 449335K->390055K(572928K), 0.0016066 secs] [Times: user=0.00 sys=0.00, real=0.01 secs] 
3044.728: [GC (Allocation Failure) [PSYoungGen: 60848K->1581K(61440K)] 449447K->390196K(572928K), 0.0016648 secs] [Times: user=0.01 sys=0.00, real=0.00 secs] 
3045.073: [GC (Allocation Failure) [PSYoungGen: 60973K->1517K(61440K)] 449588K->390132K(572928K), 0.0016627 secs] [Times: user=0.01 sys=0.00, real=0.00 secs] 
3045.419: [GC (Allocation Failure) [PSYoungGen: 60909K->1565K(61440K)] 449524K->390180K(572928K), 0.0016867 secs] [Times: user=0.01 sys=0.00, real=0.00 secs] 
3045.859: [GC (Allocation Failure) [PSYoungGen: 60957K->1456K(61440K)] 449572K->390087K(572928K), 0.0019845 secs] [Times: user=0.01 sys=0.00, real=0.00 secs] 
3046.319: [GC (Allocation Failure) [PSYoungGen: 60848K->1328K(61440K)] 449479K->389959K(572928K), 0.0018387 secs] [Times: user=0.01 sys=0.00, real=0.00 secs] 
3046.840: [GC (Allocation Failure) [PSYoungGen: 60720K->1312K(61440K)] 449351K->389943K(572928K), 0.0024683 secs] [Times: user=0.01 sys=0.00, real=0.01 secs] 
3047.406: [GC (Allocation Failure) [PSYoungGen: 60704K->1296K(61440K)] 449335K->389927K(572928K), 0.0031691 secs] [Times: user=0.01 sys=0.00, real=0.00 secs] 
3048.076: [GC (Allocation Failure) [PSYoungGen: 60688K->1344K(61440K)] 449319K->389975K(572928K), 0.0040152 secs] [Times: user=0.02 sys=0.00, real=0.00 secs] 
3048.613: [GC (Allocation Failure) [PSYoungGen: 60736K->1485K(61440K)] 449367K->390116K(572928K), 0.0015455 secs] [Times: user=0.01 sys=0.00, real=0.00 secs] 
3049.018: [GC (Allocation Failure) [PSYoungGen: 60877K->1520K(61440K)] 449508K->390167K(572928K), 0.0016388 secs] [Times: user=0.01 sys=0.00, real=0.00 secs] 
3049.367: [GC (Allocation Failure) [PSYoungGen: 60912K->1581K(61440K)] 449559K->390228K(572928K), 0.0018744 secs] [Times: user=0.01 sys=0.00, real=0.00 secs] 
3049.774: [GC (Allocation Failure) [PSYoungGen: 60973K->1581K(61440K)] 449620K->390228K(572928K), 0.0017120 secs] [Times: user=0.00 sys=0.00, real=0.00 secs] 
3050.089: [GC (Allocation Failure) [PSYoungGen: 60973K->1376K(61440K)] 449620K->390023K(572928K), 0.0026762 secs] [Times: user=0.01 sys=0.00, real=0.01 secs] 
3050.338: [GC (Allocation Failure) [PSYoungGen: 60768K->1312K(61440K)] 449415K->389959K(572928K), 0.0019757 secs] [Times: user=0.01 sys=0.00, real=0.00 secs] 
3050.585: [GC (Allocation Failure) [PSYoungGen: 60704K->1360K(61440K)] 449351K->390007K(572928K), 0.0019470 secs] [Times: user=0.01 sys=0.00, real=0.00 secs] 
3050.832: [GC (Allocation Failure) [PSYoungGen: 60752K->1408K(61440K)] 449399K->390055K(572928K), 0.0018809 secs] [Times: user=0.01 sys=0.00, real=0.00 secs] 
3051.078: [GC (Allocation Failure) [PSYoungGen: 60800K->1312K(61440K)] 449447K->389959K(572928K), 0.0018610 secs] [Times: user=0.01 sys=0.00, real=0.00 secs] 
3051.447: [GC (Allocation Failure) [PSYoungGen: 60704K->1533K(61440K)] 449351K->390180K(572928K), 0.0016214 secs] [Times: user=0.01 sys=0.00, real=0.00 secs] 
3051.791: [GC (Allocation Failure) [PSYoungGen: 60925K->1581K(61440K)] 449572K->390244K(572928K), 0.0017207 secs] [Times: user=0.01 sys=0.00, real=0.01 secs] 
3052.136: [GC (Allocation Failure) [PSYoungGen: 60946K->1565K(61440K)] 449609K->390228K(572928K), 0.0016128 secs] [Times: user=0.01 sys=0.00, real=0.00 secs] 
3052.481: [GC (Allocation Failure) [PSYoungGen: 60957K->1501K(61440K)] 449620K->390164K(572928K), 0.0016527 secs] [Times: user=0.00 sys=0.00, real=0.01 secs] 
3052.760: [GC (Allocation Failure) [PSYoungGen: 60893K->1408K(61440K)] 449556K->390071K(572928K), 0.0018367 secs] [Times: user=0.01 sys=0.00, real=0.01 secs] 
3053.007: [GC (Allocation Failure) [PSYoungGen: 60800K->1376K(61440K)] 449463K->390039K(572928K), 0.0017780 secs] [Times: user=0.01 sys=0.00, real=0.00 secs] 
3053.253: [GC (Allocation Failure) [PSYoungGen: 60768K->1344K(61440K)] 449431K->390007K(572928K), 0.0017099 secs] [Times: user=0.01 sys=0.00, real=0.00 secs] 
3053.590: [GC (Allocation Failure) [PSYoungGen: 60736K->1360K(61440K)] 449399K->390047K(572928K), 0.0019943 secs] [Times: user=0.01 sys=0.00, real=0.00 secs] 
3054.059: [GC (Allocation Failure) [PSYoungGen: 60723K->1456K(61440K)] 449411K->390143K(572928K), 0.0017926 secs] [Times: user=0.01 sys=0.00, real=0.00 secs] 
3054.411: [GC (Allocation Failure) [PSYoungGen: 60848K->1581K(61440K)] 449535K->390268K(572928K), 0.0016185 secs] [Times: user=0.00 sys=0.00, real=0.01 secs] 
3054.758: [GC (Allocation Failure) [PSYoungGen: 60973K->1549K(61440K)] 449660K->390244K(572928K), 0.0016170 secs] [Times: user=0.00 sys=0.00, real=0.00 secs] 
3055.104: [GC (Allocation Failure) [PSYoungGen: 60941K->1501K(61440K)] 449636K->390196K(572928K), 0.0015912 secs] [Times: user=0.01 sys=0.00, real=0.00 secs] 
3055.510: [GC (Allocation Failure) [PSYoungGen: 60803K->320K(61440K)] 449499K->389015K(572928K), 0.0016268 secs] [Times: user=0.00 sys=0.00, real=0.01 secs] 
3055.821: [GC (Allocation Failure) [PSYoungGen: 59712K->1376K(61440K)] 448407K->390071K(572928K), 0.0027423 secs] [Times: user=0.01 sys=0.00, real=0.01 secs] 
3056.117: [GC (Allocation Failure) [PSYoungGen: 60768K->1408K(61440K)] 449463K->390103K(572928K), 0.0018972 secs] [Times: user=0.01 sys=0.00, real=0.00 secs] 
3056.455: [GC (Allocation Failure) [PSYoungGen: 60800K->1344K(61440K)] 449495K->390039K(572928K), 0.0020056 secs] [Times: user=0.01 sys=0.00, real=0.00 secs] 
3056.714: [GC (Allocation Failure) [PSYoungGen: 60736K->1344K(61440K)] 449431K->390039K(572928K), 0.0019295 secs] [Times: user=0.00 sys=0.00, real=0.00 secs] 
3057.036: [GC (Allocation Failure) [PSYoungGen: 60736K->1469K(61440K)] 449431K->390164K(572928K), 0.0016192 secs] [Times: user=0.00 sys=0.00, real=0.00 secs] 
3057.381: [GC (Allocation Failure) [PSYoungGen: 60861K->1533K(61440K)] 449556K->390228K(572928K), 0.0016411 secs] [Times: user=0.01 sys=0.00, real=0.01 secs] 
3057.727: [GC (Allocation Failure) [PSYoungGen: 60925K->1581K(61440K)] 449620K->390284K(572928K), 0.0016159 secs] [Times: user=0.00 sys=0.00, real=0.00 secs] 
3058.074: [GC (Allocation Failure) [PSYoungGen: 60973K->1565K(61440K)] 449676K->390268K(572928K), 0.0016230 secs] [Times: user=0.00 sys=0.00, real=0.00 secs] 
3058.505: [GC (Allocation Failure) [PSYoungGen: 60957K->1984K(61440K)] 449660K->390687K(572928K), 0.0021617 secs] [Times: user=0.01 sys=0.00, real=0.00 secs] 
3059.304: [GC (Allocation Failure) [PSYoungGen: 61376K->1408K(61440K)] 450079K->390111K(572928K), 0.0022442 secs] [Times: user=0.01 sys=0.00, real=0.00 secs] 
3060.003: [GC (Allocation Failure) [PSYoungGen: 60800K->1376K(61440K)] 449503K->390079K(572928K), 0.0021963 secs] [Times: user=0.01 sys=0.00, real=0.00 secs] 
3060.705: [GC (Allocation Failure) [PSYoungGen: 60768K->1376K(61440K)] 449471K->390079K(572928K), 0.0022295 secs] [Times: user=0.01 sys=0.00, real=0.00 secs] 
3061.508: [GC (Allocation Failure) [PSYoungGen: 60768K->1408K(61440K)] 449471K->390111K(572928K), 0.0023987 secs] [Times: user=0.01 sys=0.00, real=0.00 secs] 
3062.263: [GC (Allocation Failure) [PSYoungGen: 60799K->1517K(61440K)] 449503K->390220K(572928K), 0.0015359 secs] [Times: user=0.00 sys=0.00, real=0.00 secs] 
3062.608: [GC (Allocation Failure) [PSYoungGen: 60880K->1552K(61440K)] 449584K->390263K(572928K), 0.0016196 secs] [Times: user=0.01 sys=0.00, real=0.00 secs] 
3062.955: [GC (Allocation Failure) [PSYoungGen: 60944K->1597K(61440K)] 449655K->390316K(572928K), 0.0016276 secs] [Times: user=0.00 sys=0.00, real=0.00 secs] 
3063.302: [GC (Allocation Failure) [PSYoungGen: 60989K->1581K(61440K)] 449708K->390300K(572928K), 0.0016238 secs] [Times: user=0.01 sys=0.00, real=0.00 secs] 
3064.094: [GC (Allocation Failure) [PSYoungGen: 60973K->1488K(61440K)] 449692K->390207K(572928K), 0.0023638 secs] [Times: user=0.01 sys=0.00, real=0.00 secs] 
3065.198: [GC (Allocation Failure) [PSYoungGen: 60880K->1376K(61440K)] 449599K->390095K(572928K), 0.0025685 secs] [Times: user=0.01 sys=0.00, real=0.00 secs] 
3066.072: [GC (Allocation Failure) [PSYoungGen: 60768K->1312K(61440K)] 449487K->390031K(572928K), 0.0026675 secs] [Times: user=0.01 sys=0.00, real=0.00 secs] 
3066.798: [GC (Allocation Failure) [PSYoungGen: 60704K->1376K(61440K)] 449423K->390095K(572928K), 0.0031193 secs] [Times: user=0.01 sys=0.00, real=0.00 secs] 
3067.533: [GC (Allocation Failure) [PSYoungGen: 60768K->1344K(61440K)] 449487K->390063K(572928K), 0.0032011 secs] [Times: user=0.01 sys=0.01, real=0.00 secs] 
3068.085: [GC (Allocation Failure) [PSYoungGen: 60736K->1504K(61440K)] 449455K->390223K(572928K), 0.0015835 secs] [Times: user=0.00 sys=0.00, real=0.00 secs] 
3068.430: [GC (Allocation Failure) [PSYoungGen: 60887K->1501K(61440K)] 449607K->390228K(572928K), 0.0017339 secs] [Times: user=0.00 sys=0.00, real=0.00 secs] 
3068.776: [GC (Allocation Failure) [PSYoungGen: 60893K->1469K(61440K)] 449620K->390212K(572928K), 0.0016039 secs] [Times: user=0.01 sys=0.00, real=0.00 secs] 
3069.122: [GC (Allocation Failure) [PSYoungGen: 60861K->1552K(61440K)] 449604K->390295K(572928K), 0.0016674 secs] [Times: user=0.01 sys=0.00, real=0.00 secs] 
3069.489: [GC (Allocation Failure) [PSYoungGen: 60944K->1440K(61440K)] 449687K->390183K(572928K), 0.0018638 secs] [Times: user=0.01 sys=0.00, real=0.00 secs] 
3069.793: [GC (Allocation Failure) [PSYoungGen: 60832K->1344K(61440K)] 449575K->390087K(572928K), 0.0018075 secs] [Times: user=0.01 sys=0.00, real=0.00 secs] 
3070.299: [GC (Allocation Failure) [PSYoungGen: 60736K->1344K(61440K)] 449479K->390087K(572928K), 0.0020997 secs] [Times: user=0.00 sys=0.00, real=0.00 secs] 
3070.857: [GC (Allocation Failure) [PSYoungGen: 60736K->1376K(61440K)] 449479K->390119K(572928K), 0.0032344 secs] [Times: user=0.01 sys=0.00, real=0.00 secs] 
3071.397: [GC (Allocation Failure) [PSYoungGen: 60768K->1344K(61440K)] 449511K->390087K(572928K), 0.0032242 secs] [Times: user=0.01 sys=0.00, real=0.00 secs] 
3071.881: [GC (Allocation Failure) [PSYoungGen: 60719K->1536K(61440K)] 449462K->390279K(572928K), 0.0016128 secs] [Times: user=0.01 sys=0.00, real=0.01 secs] 
3072.227: [GC (Allocation Failure) [PSYoungGen: 60928K->1581K(61440K)] 449671K->390332K(572928K), 0.0016293 secs] [Times: user=0.01 sys=0.00, real=0.00 secs] 
3072.571: [GC (Allocation Failure) [PSYoungGen: 60956K->1501K(61440K)] 449708K->390252K(572928K), 0.0016224 secs] [Times: user=0.00 sys=0.00, real=0.01 secs] 
3072.916: [GC (Allocation Failure) [PSYoungGen: 60893K->1549K(61440K)] 449644K->390300K(572928K), 0.0016342 secs] [Times: user=0.01 sys=0.00, real=0.00 secs] 
3073.251: [GC (Allocation Failure) [PSYoungGen: 60941K->1392K(61440K)] 449692K->390143K(572928K), 0.0018450 secs] [Times: user=0.00 sys=0.00, real=0.01 secs] 
3073.682: [GC (Allocation Failure) [PSYoungGen: 60784K->1408K(61440K)] 449535K->390159K(572928K), 0.0018883 secs] [Times: user=0.01 sys=0.00, real=0.00 secs] 
3074.461: [GC (Allocation Failure) [PSYoungGen: 60800K->1328K(61440K)] 449551K->390079K(572928K), 0.0042541 secs] [Times: user=0.02 sys=0.00, real=0.01 secs] 
3075.077: [GC (Allocation Failure) [PSYoungGen: 60720K->1344K(61440K)] 449471K->390095K(572928K), 0.0029168 secs] [Times: user=0.01 sys=0.00, real=0.00 secs] 
3075.702: [GC (Allocation Failure) [PSYoungGen: 60736K->1328K(61440K)] 449487K->390079K(572928K), 0.0029183 secs] [Times: user=0.01 sys=0.00, real=0.01 secs] 
3076.260: [GC (Allocation Failure) [PSYoungGen: 60720K->1504K(61440K)] 449471K->390271K(572928K), 0.0016565 secs] [Times: user=0.01 sys=0.00, real=0.01 secs] 
3076.661: [GC (Allocation Failure) [PSYoungGen: 60896K->1565K(61440K)] 449663K->390340K(572928K), 0.0016727 secs] [Times: user=0.00 sys=0.00, real=0.01 secs] 
3077.066: [GC (Allocation Failure) [PSYoungGen: 60957K->1552K(61440K)] 449732K->390327K(572928K), 0.0016746 secs] [Times: user=0.01 sys=0.00, real=0.00 secs] 
3077.473: [GC (Allocation Failure) [PSYoungGen: 60944K->1584K(61440K)] 449719K->390359K(572928K), 0.0017081 secs] [Times: user=0.00 sys=0.00, real=0.00 secs] 
3077.886: [GC (Allocation Failure) [PSYoungGen: 60976K->1392K(61440K)] 449751K->390167K(572928K), 0.0020970 secs] [Times: user=0.01 sys=0.00, real=0.00 secs] 
3078.229: [GC (Allocation Failure) [PSYoungGen: 60784K->1376K(61440K)] 449559K->390151K(572928K), 0.0020058 secs] [Times: user=0.01 sys=0.00, real=0.00 secs] 
3078.701: [GC (Allocation Failure) [PSYoungGen: 60768K->1344K(61440K)] 449543K->390119K(572928K), 0.0019363 secs] [Times: user=0.01 sys=0.00, real=0.01 secs] 
3079.232: [GC (Allocation Failure) [PSYoungGen: 60736K->1408K(61440K)] 449511K->390183K(572928K), 0.0019877 secs] [Times: user=0.01 sys=0.00, real=0.01 secs] 
3079.774: [GC (Allocation Failure) [PSYoungGen: 60664K->320K(61440K)] 449440K->389095K(572928K), 0.0020640 secs] [Times: user=0.00 sys=0.00, real=0.00 secs] 
3080.135: [GC (Allocation Failure) [PSYoungGen: 59712K->1581K(61440K)] 448487K->390356K(572928K), 0.0016145 secs] [Times: user=0.01 sys=0.00, real=0.00 secs] 
3080.489: [GC (Allocation Failure) [PSYoungGen: 60973K->1568K(61440K)] 449748K->390359K(572928K), 0.0016163 secs] [Times: user=0.00 sys=0.00, real=0.00 secs] 
3080.839: [GC (Allocation Failure) [PSYoungGen: 60960K->1597K(61440K)] 449751K->390388K(572928K), 0.0016219 secs] [Times: user=0.00 sys=0.00, real=0.00 secs] 
3081.185: [GC (Allocation Failure) [PSYoungGen: 60989K->1517K(61440K)] 449780K->390308K(572928K), 0.0016492 secs] [Times: user=0.01 sys=0.00, real=0.00 secs] 
3081.448: [GC (Allocation Failure) [PSYoungGen: 60909K->1456K(61440K)] 449700K->390247K(572928K), 0.0017544 secs] [Times: user=0.01 sys=0.00, real=0.00 secs] 
3081.695: [GC (Allocation Failure) [PSYoungGen: 60848K->1376K(61440K)] 449639K->390167K(572928K), 0.0015228 secs] [Times: user=0.01 sys=0.00, real=0.00 secs] 
3081.942: [GC (Allocation Failure) [PSYoungGen: 60768K->1408K(61440K)] 449559K->390199K(572928K), 0.0021580 secs] [Times: user=0.01 sys=0.00, real=0.00 secs] 
3082.190: [GC (Allocation Failure) [PSYoungGen: 60800K->1376K(61440K)] 449591K->390167K(572928K), 0.0021267 secs] [Times: user=0.01 sys=0.01, real=0.01 secs] 
3082.529: [GC (Allocation Failure) [PSYoungGen: 60768K->1501K(61440K)] 449559K->390292K(572928K), 0.0021230 secs] [Times: user=0.01 sys=0.00, real=0.00 secs] 
3082.954: [GC (Allocation Failure) [PSYoungGen: 60887K->1597K(61440K)] 449679K->390388K(572928K), 0.0016267 secs] [Times: user=0.00 sys=0.00, real=0.00 secs] 
3083.301: [GC (Allocation Failure) [PSYoungGen: 60989K->1533K(61440K)] 449780K->390332K(572928K), 0.0016952 secs] [Times: user=0.01 sys=0.00, real=0.01 secs] 
3083.645: [GC (Allocation Failure) [PSYoungGen: 60925K->1581K(61440K)] 449724K->390380K(572928K), 0.0016233 secs] [Times: user=0.00 sys=0.00, real=0.00 secs] 
3084.054: [GC (Allocation Failure) [PSYoungGen: 60973K->1536K(61440K)] 449772K->390335K(572928K), 0.0018980 secs] [Times: user=0.00 sys=0.00, real=0.00 secs] 
3084.637: [GC (Allocation Failure) [PSYoungGen: 60928K->1344K(61440K)] 449727K->390159K(572928K), 0.0029039 secs] [Times: user=0.01 sys=0.00, real=0.00 secs] 
3085.097: [GC (Allocation Failure) [PSYoungGen: 60736K->1408K(61440K)] 449551K->390223K(572928K), 0.0022835 secs] [Times: user=0.01 sys=0.00, real=0.00 secs] 
3085.399: [GC (Allocation Failure) [PSYoungGen: 60800K->1328K(61440K)] 449615K->390143K(572928K), 0.0020117 secs] [Times: user=0.01 sys=0.00, real=0.00 secs] 
3085.923: [GC (Allocation Failure) [PSYoungGen: 60720K->1344K(61440K)] 449535K->390159K(572928K), 0.0027816 secs] [Times: user=0.01 sys=0.00, real=0.00 secs] 
3086.525: [GC (Allocation Failure) [PSYoungGen: 60717K->1437K(61440K)] 449532K->390252K(572928K), 0.0019156 secs] [Times: user=0.01 sys=0.00, real=0.00 secs] 
3086.880: [GC (Allocation Failure) [PSYoungGen: 60829K->1565K(61440K)] 449644K->390380K(572928K), 0.0016927 secs] [Times: user=0.01 sys=0.00, real=0.00 secs] 
3087.230: [GC (Allocation Failure) [PSYoungGen: 60957K->1549K(61440K)] 449772K->390380K(572928K), 0.0016175 secs] [Times: user=0.01 sys=0.00, real=0.00 secs] 
3087.576: [GC (Allocation Failure) [PSYoungGen: 60941K->1533K(61440K)] 449772K->390364K(572928K), 0.0016364 secs] [Times: user=0.01 sys=0.00, real=0.00 secs] 
3088.201: [GC (Allocation Failure) [PSYoungGen: 60925K->1440K(61440K)] 449756K->390271K(572928K), 0.0023509 secs] [Times: user=0.01 sys=0.00, real=0.01 secs] 
3088.755: [GC (Allocation Failure) [PSYoungGen: 60832K->1312K(61440K)] 449663K->390143K(572928K), 0.0022815 secs] [Times: user=0.01 sys=0.00, real=0.00 secs] 
3089.387: [GC (Allocation Failure) [PSYoungGen: 60704K->1376K(61440K)] 449535K->390207K(572928K), 0.0024844 secs] [Times: user=0.01 sys=0.00, real=0.00 secs] 
3089.756: [GC (Allocation Failure) [PSYoungGen: 60768K->1376K(61440K)] 449599K->390207K(572928K), 0.0021762 secs] [Times: user=0.01 sys=0.00, real=0.00 secs] 
3090.335: [GC (Allocation Failure) [PSYoungGen: 60768K->1376K(61440K)] 449599K->390207K(572928K), 0.0022500 secs] [Times: user=0.00 sys=0.00, real=0.00 secs] 
3090.968: [GC (Allocation Failure) [PSYoungGen: 60768K->1520K(61440K)] 449599K->390351K(572928K), 0.0015369 secs] [Times: user=0.01 sys=0.00, real=0.00 secs] 
3091.315: [GC (Allocation Failure) [PSYoungGen: 60912K->1552K(61440K)] 449743K->390391K(572928K), 0.0015822 secs] [Times: user=0.00 sys=0.00, real=0.00 secs] 
3091.723: [GC (Allocation Failure) [PSYoungGen: 60944K->1565K(61440K)] 449783K->390404K(572928K), 0.0016765 secs] [Times: user=0.01 sys=0.00, real=0.00 secs] 
3092.127: [GC (Allocation Failure) [PSYoungGen: 60945K->1501K(61440K)] 449785K->390340K(572928K), 0.0019691 secs] [Times: user=0.01 sys=0.00, real=0.00 secs] 
3092.642: [GC (Allocation Failure) [PSYoungGen: 60893K->1424K(61440K)] 449732K->390263K(572928K), 0.0027491 secs] [Times: user=0.01 sys=0.00, real=0.00 secs] 
3092.951: [GC (Allocation Failure) [PSYoungGen: 60816K->1360K(61440K)] 449655K->390199K(572928K), 0.0021659 secs] [Times: user=0.01 sys=0.01, real=0.01 secs] 
3093.203: [GC (Allocation Failure) [PSYoungGen: 60752K->1344K(61440K)] 449591K->390183K(572928K), 0.0020193 secs] [Times: user=0.00 sys=0.00, real=0.00 secs] 
3093.458: [GC (Allocation Failure) [PSYoungGen: 60736K->1376K(61440K)] 449575K->390215K(572928K), 0.0019311 secs] [Times: user=0.01 sys=0.00, real=0.00 secs] 
3093.736: [GC (Allocation Failure) [PSYoungGen: 60768K->1344K(61440K)] 449607K->390183K(572928K), 0.0019681 secs] [Times: user=0.01 sys=0.00, real=0.00 secs] 
3094.101: [GC (Allocation Failure) [PSYoungGen: 60714K->1517K(61440K)] 449554K->390356K(572928K), 0.0015653 secs] [Times: user=0.01 sys=0.00, real=0.01 secs] 
3094.448: [GC (Allocation Failure) [PSYoungGen: 60909K->1501K(61440K)] 449748K->390356K(572928K), 0.0017107 secs] [Times: user=0.00 sys=0.00, real=0.00 secs] 
3094.857: [GC (Allocation Failure) [PSYoungGen: 60893K->1533K(61440K)] 449748K->390388K(572928K), 0.0016601 secs] [Times: user=0.01 sys=0.00, real=0.00 secs] 
3095.204: [GC (Allocation Failure) [PSYoungGen: 60925K->1504K(61440K)] 449780K->390383K(572928K), 0.0016920 secs] [Times: user=0.01 sys=0.00, real=0.00 secs] 
3095.990: [GC (Allocation Failure) [PSYoungGen: 60896K->1440K(61440K)] 449775K->390319K(572928K), 0.0027294 secs] [Times: user=0.01 sys=0.00, real=0.01 secs] 
3096.234: [GC (Allocation Failure) [PSYoungGen: 60832K->1376K(61440K)] 449711K->390255K(572928K), 0.0018958 secs] [Times: user=0.01 sys=0.00, real=0.00 secs] 
3096.480: [GC (Allocation Failure) [PSYoungGen: 60768K->1376K(61440K)] 449647K->390255K(572928K), 0.0020086 secs] [Times: user=0.00 sys=0.00, real=0.01 secs] 
3096.727: [GC (Allocation Failure) [PSYoungGen: 60768K->1344K(61440K)] 449647K->390223K(572928K), 0.0019240 secs] [Times: user=0.00 sys=0.00, real=0.00 secs] 
3096.974: [GC (Allocation Failure) [PSYoungGen: 60736K->1376K(61440K)] 449615K->390255K(572928K), 0.0018023 secs] [Times: user=0.01 sys=0.00, real=0.00 secs] 
3097.459: [GC (Allocation Failure) [PSYoungGen: 60768K->1453K(61440K)] 449647K->390332K(572928K), 0.0015776 secs] [Times: user=0.01 sys=0.00, real=0.00 secs] 
3097.804: [GC (Allocation Failure) [PSYoungGen: 60845K->1517K(61440K)] 449724K->390412K(572928K), 0.0017428 secs] [Times: user=0.01 sys=0.00, real=0.00 secs] 
3098.208: [GC (Allocation Failure) [PSYoungGen: 60909K->1501K(61440K)] 449804K->390396K(572928K), 0.0016659 secs] [Times: user=0.00 sys=0.00, real=0.00 secs] 
3098.553: [GC (Allocation Failure) [PSYoungGen: 60893K->1520K(61440K)] 449788K->390415K(572928K), 0.0016678 secs] [Times: user=0.01 sys=0.01, real=0.00 secs] 
3098.856: [GC (Allocation Failure) [PSYoungGen: 60912K->1440K(61440K)] 449807K->390335K(572928K), 0.0026906 secs] [Times: user=0.01 sys=0.00, real=0.00 secs] 
3099.105: [GC (Allocation Failure) [PSYoungGen: 60832K->1376K(61440K)] 449727K->390271K(572928K), 0.0019730 secs] [Times: user=0.01 sys=0.00, real=0.00 secs] 
3099.490: [GC (Allocation Failure) [PSYoungGen: 60768K->1344K(61440K)] 449663K->390239K(572928K), 0.0020612 secs] [Times: user=0.01 sys=0.00, real=0.01 secs] 
3099.943: [GC (Allocation Failure) [PSYoungGen: 60736K->1376K(61440K)] 449631K->390271K(572928K), 0.0019711 secs] [Times: user=0.01 sys=0.00, real=0.00 secs] 
3100.438: [GC (Allocation Failure) [PSYoungGen: 60768K->1376K(61440K)] 449663K->390271K(572928K), 0.0020425 secs] [Times: user=0.01 sys=0.00, real=0.00 secs] 
3100.816: [GC (Allocation Failure) [PSYoungGen: 60768K->1501K(61440K)] 449663K->390396K(572928K), 0.0015560 secs] [Times: user=0.01 sys=0.00, real=0.00 secs] 
3101.225: [GC (Allocation Failure) [PSYoungGen: 60893K->1549K(61440K)] 449788K->390452K(572928K), 0.0016904 secs] [Times: user=0.01 sys=0.00, real=0.00 secs] 
3101.629: [GC (Allocation Failure) [PSYoungGen: 60941K->1517K(61440K)] 449844K->390420K(572928K), 0.0016417 secs] [Times: user=0.01 sys=0.00, real=0.00 secs] 
3101.975: [GC (Allocation Failure) [PSYoungGen: 60879K->1565K(61440K)] 449783K->390468K(572928K), 0.0016925 secs] [Times: user=0.01 sys=0.00, real=0.00 secs] 
3102.270: [GC (Allocation Failure) [PSYoungGen: 60957K->1392K(61440K)] 449860K->390295K(572928K), 0.0023060 secs] [Times: user=0.01 sys=0.00, real=0.01 secs] 
3102.517: [GC (Allocation Failure) [PSYoungGen: 60784K->1344K(61440K)] 449687K->390247K(572928K), 0.0021810 secs] [Times: user=0.01 sys=0.00, real=0.00 secs] 
3102.764: [GC (Allocation Failure) [PSYoungGen: 60736K->1344K(61440K)] 449639K->390247K(572928K), 0.0020165 secs] [Times: user=0.00 sys=0.00, real=0.00 secs] 
3103.126: [GC (Allocation Failure) [PSYoungGen: 60736K->1376K(61440K)] 449639K->390279K(572928K), 0.0019824 secs] [Times: user=0.01 sys=0.00, real=0.00 secs] 
3103.657: [GC (Allocation Failure) [PSYoungGen: 60742K->1469K(61440K)] 449646K->390372K(572928K), 0.0017832 secs] [Times: user=0.01 sys=0.00, real=0.00 secs] 
3104.014: [GC (Allocation Failure) [PSYoungGen: 60861K->1517K(61440K)] 449764K->390420K(572928K), 0.0016933 secs] [Times: user=0.01 sys=0.00, real=0.00 secs] 
3104.361: [GC (Allocation Failure) [PSYoungGen: 60909K->1549K(61440K)] 449812K->390468K(572928K), 0.0016526 secs] [Times: user=0.01 sys=0.00, real=0.01 secs] 
3104.708: [GC (Allocation Failure) [PSYoungGen: 60941K->1533K(61440K)] 449860K->390476K(572928K), 0.0016966 secs] [Times: user=0.01 sys=0.00, real=0.00 secs] 
3105.053: [GC (Allocation Failure) [PSYoungGen: 60925K->1485K(61440K)] 449868K->390428K(572928K), 0.0016276 secs] [Times: user=0.01 sys=0.00, real=0.00 secs] 
3105.327: [GC (Allocation Failure) [PSYoungGen: 60877K->1440K(61440K)] 449820K->390383K(572928K), 0.0017156 secs] [Times: user=0.01 sys=0.00, real=0.00 secs] 
3105.574: [GC (Allocation Failure) [PSYoungGen: 60832K->1360K(61440K)] 449775K->390303K(572928K), 0.0017858 secs] [Times: user=0.01 sys=0.00, real=0.00 secs] 
3105.821: [GC (Allocation Failure) [PSYoungGen: 60752K->1376K(61440K)] 449695K->390319K(572928K), 0.0017166 secs] [Times: user=0.00 sys=0.01, real=0.01 secs] 
3106.067: [GC (Allocation Failure) [PSYoungGen: 60768K->1344K(61440K)] 449711K->390287K(572928K), 0.0018097 secs] [Times: user=0.01 sys=0.00, real=0.00 secs] 
3106.361: [GC (Allocation Failure) [PSYoungGen: 60715K->1469K(61440K)] 449659K->390412K(572928K), 0.0016468 secs] [Times: user=0.01 sys=0.00, real=0.01 secs] 
3106.707: [GC (Allocation Failure) [PSYoungGen: 60861K->1549K(61440K)] 449804K->390492K(572928K), 0.0016113 secs] [Times: user=0.00 sys=0.00, real=0.00 secs] 
3107.050: [GC (Allocation Failure) [PSYoungGen: 60941K->1533K(61440K)] 449884K->390492K(572928K), 0.0016093 secs] [Times: user=0.01 sys=0.00, real=0.00 secs] 
3107.395: [GC (Allocation Failure) [PSYoungGen: 60925K->1517K(61440K)] 449884K->390476K(572928K), 0.0016504 secs] [Times: user=0.00 sys=0.00, real=0.00 secs] 
3107.772: [GC (Allocation Failure) [PSYoungGen: 60909K->1952K(61440K)] 449868K->390911K(572928K), 0.0020073 secs] [Times: user=0.01 sys=0.00, real=0.00 secs] 
3108.036: [GC (Allocation Failure) [PSYoungGen: 61344K->1344K(61440K)] 450303K->390303K(572928K), 0.0018034 secs] [Times: user=0.01 sys=0.00, real=0.00 secs] 
3108.339: [GC (Allocation Failure) [PSYoungGen: 60736K->1328K(61440K)] 449695K->390287K(572928K), 0.0019187 secs] [Times: user=0.01 sys=0.00, real=0.00 secs] 
3108.586: [GC (Allocation Failure) [PSYoungGen: 60720K->1376K(61440K)] 449679K->390335K(572928K), 0.0017941 secs] [Times: user=0.01 sys=0.00, real=0.00 secs] 
3108.953: [GC (Allocation Failure) [PSYoungGen: 60768K->1328K(61440K)] 449727K->390287K(572928K), 0.0018078 secs] [Times: user=0.00 sys=0.00, real=0.00 secs] 
3109.429: [GC (Allocation Failure) [PSYoungGen: 60720K->1453K(61440K)] 449679K->390412K(572928K), 0.0015476 secs] [Times: user=0.01 sys=0.00, real=0.00 secs] 
3109.777: [GC (Allocation Failure) [PSYoungGen: 60836K->1501K(61440K)] 449795K->390460K(572928K), 0.0016749 secs] [Times: user=0.01 sys=0.00, real=0.00 secs] 
3110.123: [GC (Allocation Failure) [PSYoungGen: 60893K->1536K(61440K)] 449852K->390503K(572928K), 0.0016467 secs] [Times: user=0.01 sys=0.00, real=0.00 secs] 
3110.467: [GC (Allocation Failure) [PSYoungGen: 60928K->1549K(61440K)] 449895K->390516K(572928K), 0.0017635 secs] [Times: user=0.00 sys=0.00, real=0.00 secs] 
3110.811: [GC (Allocation Failure) [PSYoungGen: 60941K->1472K(61440K)] 449908K->390439K(572928K), 0.0017922 secs] [Times: user=0.01 sys=0.00, real=0.01 secs] 
3111.059: [GC (Allocation Failure) [PSYoungGen: 60864K->1344K(61440K)] 449831K->390311K(572928K), 0.0017729 secs] [Times: user=0.01 sys=0.00, real=0.00 secs] 
3111.305: [GC (Allocation Failure) [PSYoungGen: 60736K->1360K(61440K)] 449703K->390327K(572928K), 0.0017553 secs] [Times: user=0.01 sys=0.00, real=0.00 secs] 
3111.590: [GC (Allocation Failure) [PSYoungGen: 60752K->1376K(61440K)] 449719K->390343K(572928K), 0.0017845 secs] [Times: user=0.01 sys=0.00, real=0.01 secs] 
3111.837: [GC (Allocation Failure) [PSYoungGen: 60768K->1376K(61440K)] 449735K->390343K(572928K), 0.0018687 secs] [Times: user=0.01 sys=0.01, real=0.00 secs] 
3112.195: [GC (Allocation Failure) [PSYoungGen: 60746K->1485K(61440K)] 449713K->390452K(572928K), 0.0015199 secs] [Times: user=0.01 sys=0.00, real=0.00 secs] 
3112.540: [GC (Allocation Failure) [PSYoungGen: 60877K->1565K(61440K)] 449844K->390540K(572928K), 0.0015952 secs] [Times: user=0.00 sys=0.00, real=0.00 secs] 
3112.884: [GC (Allocation Failure) [PSYoungGen: 60957K->1549K(61440K)] 449932K->390524K(572928K), 0.0016232 secs] [Times: user=0.01 sys=0.00, real=0.00 secs] 
3113.231: [GC (Allocation Failure) [PSYoungGen: 60941K->1533K(61440K)] 449916K->390508K(572928K), 0.0016163 secs] [Times: user=0.00 sys=0.00, real=0.01 secs] 
3113.595: [GC (Allocation Failure) [PSYoungGen: 60925K->1456K(61440K)] 449900K->390431K(572928K), 0.0019008 secs] [Times: user=0.01 sys=0.00, real=0.00 secs] 
3113.842: [GC (Allocation Failure) [PSYoungGen: 60848K->1376K(61440K)] 449823K->390351K(572928K), 0.0016590 secs] [Times: user=0.01 sys=0.00, real=0.00 secs] 
3114.127: [GC (Allocation Failure) [PSYoungGen: 60768K->1344K(61440K)] 449743K->390343K(572928K), 0.0016946 secs] [Times: user=0.01 sys=0.00, real=0.00 secs] 
3114.379: [GC (Allocation Failure) [PSYoungGen: 60736K->1376K(61440K)] 449735K->390375K(572928K), 0.0028767 secs] [Times: user=0.01 sys=0.00, real=0.00 secs] 
3114.626: [GC (Allocation Failure) [PSYoungGen: 60768K->1344K(61440K)] 449767K->390343K(572928K), 0.0022770 secs] [Times: user=0.01 sys=0.00, real=0.00 secs] 
3115.018: [GC (Allocation Failure) [PSYoungGen: 60704K->1456K(61440K)] 449703K->390455K(572928K), 0.0016618 secs] [Times: user=0.01 sys=0.00, real=0.00 secs] 
3115.364: [GC (Allocation Failure) [PSYoungGen: 60848K->1565K(61440K)] 449847K->390572K(572928K), 0.0017064 secs] [Times: user=0.00 sys=0.00, real=0.00 secs] 
3115.709: [GC (Allocation Failure) [PSYoungGen: 60957K->1536K(61440K)] 449964K->390543K(572928K), 0.0016055 secs] [Times: user=0.01 sys=0.00, real=0.00 secs] 
3116.060: [GC (Allocation Failure) [PSYoungGen: 60928K->1533K(61440K)] 449935K->390540K(572928K), 0.0018103 secs] [Times: user=0.00 sys=0.00, real=0.01 secs] 
3116.413: [GC (Allocation Failure) [PSYoungGen: 60925K->1408K(61440K)] 449932K->390415K(572928K), 0.0019064 secs] [Times: user=0.01 sys=0.00, real=0.00 secs] 
3116.662: [GC (Allocation Failure) [PSYoungGen: 60800K->1312K(61440K)] 449807K->390319K(572928K), 0.0016593 secs] [Times: user=0.01 sys=0.00, real=0.00 secs] 
3117.037: [GC (Allocation Failure) [PSYoungGen: 60704K->1376K(61440K)] 449711K->390383K(572928K), 0.0019235 secs] [Times: user=0.00 sys=0.00, real=0.00 secs] 
3117.538: [GC (Allocation Failure) [PSYoungGen: 60768K->1376K(61440K)] 449775K->390383K(572928K), 0.0022788 secs] [Times: user=0.01 sys=0.00, real=0.00 secs] 
3118.056: [GC (Allocation Failure) [PSYoungGen: 60768K->1376K(61440K)] 449775K->390383K(572928K), 0.0022819 secs] [Times: user=0.01 sys=0.00, real=0.00 secs] 
3118.458: [GC (Allocation Failure) [PSYoungGen: 60761K->1581K(61440K)] 449768K->390588K(572928K), 0.0016143 secs] [Times: user=0.01 sys=0.00, real=0.00 secs] 
3118.803: [GC (Allocation Failure) [PSYoungGen: 60973K->1581K(61440K)] 449980K->390604K(572928K), 0.0015670 secs] [Times: user=0.00 sys=0.00, real=0.00 secs] 
3119.149: [GC (Allocation Failure) [PSYoungGen: 60973K->1549K(61440K)] 449996K->390572K(572928K), 0.0016022 secs] [Times: user=0.01 sys=0.00, real=0.00 secs] 
3119.497: [GC (Allocation Failure) [PSYoungGen: 60941K->1533K(61440K)] 449964K->390556K(572928K), 0.0016230 secs] [Times: user=0.01 sys=0.00, real=0.00 secs] 
3120.117: [GC (Allocation Failure) [PSYoungGen: 60925K->1408K(61440K)] 449948K->390431K(572928K), 0.0022250 secs] [Times: user=0.01 sys=0.00, real=0.00 secs] 
3120.550: [GC (Allocation Failure) [PSYoungGen: 60800K->1376K(61440K)] 449823K->390399K(572928K), 0.0026366 secs] [Times: user=0.01 sys=0.00, real=0.01 secs] 
3120.795: [GC (Allocation Failure) [PSYoungGen: 60768K->1376K(61440K)] 449791K->390399K(572928K), 0.0020043 secs] [Times: user=0.01 sys=0.00, real=0.00 secs] 
3121.041: [GC (Allocation Failure) [PSYoungGen: 60768K->1376K(61440K)] 449791K->390399K(572928K), 0.0019320 secs] [Times: user=0.01 sys=0.00, real=0.01 secs] 
3121.325: [GC (Allocation Failure) [PSYoungGen: 60767K->1437K(61440K)] 449791K->390460K(572928K), 0.0018745 secs] [Times: user=0.01 sys=0.00, real=0.00 secs] 
3121.762: [GC (Allocation Failure) [PSYoungGen: 60829K->1504K(61440K)] 449852K->390527K(572928K), 0.0016973 secs] [Times: user=0.01 sys=0.00, real=0.01 secs] 
3122.168: [GC (Allocation Failure) [PSYoungGen: 60896K->1584K(61440K)] 449919K->390623K(572928K), 0.0016788 secs] [Times: user=0.01 sys=0.00, real=0.00 secs] 
3122.512: [GC (Allocation Failure) [PSYoungGen: 60976K->1581K(61440K)] 450015K->390620K(572928K), 0.0016752 secs] [Times: user=0.01 sys=0.00, real=0.00 secs] 
3122.926: [GC (Allocation Failure) [PSYoungGen: 60973K->1549K(61440K)] 450012K->390588K(572928K), 0.0019172 secs] [Times: user=0.00 sys=0.00, real=0.00 secs] 
3123.898: [GC (Allocation Failure) [PSYoungGen: 60941K->1376K(61440K)] 449980K->390415K(572928K), 0.0042581 secs] [Times: user=0.01 sys=0.00, real=0.01 secs] 
3124.541: [GC (Allocation Failure) [PSYoungGen: 60768K->1344K(61440K)] 449807K->390383K(572928K), 0.0039329 secs] [Times: user=0.01 sys=0.00, real=0.01 secs] 
3125.053: [GC (Allocation Failure) [PSYoungGen: 60736K->1344K(61440K)] 449775K->390383K(572928K), 0.0026711 secs] [Times: user=0.01 sys=0.00, real=0.00 secs] 
3125.574: [GC (Allocation Failure) [PSYoungGen: 60736K->1328K(61440K)] 449775K->390367K(572928K), 0.0025598 secs] [Times: user=0.01 sys=0.00, real=0.00 secs] 
3126.253: [GC (Allocation Failure) [PSYoungGen: 60720K->1421K(61440K)] 449759K->390484K(572928K), 0.0017948 secs] [Times: user=0.01 sys=0.00, real=0.00 secs] 
3126.599: [GC (Allocation Failure) [PSYoungGen: 60813K->1581K(61440K)] 449876K->390644K(572928K), 0.0017965 secs] [Times: user=0.01 sys=0.00, real=0.00 secs] 
3126.944: [GC (Allocation Failure) [PSYoungGen: 60973K->1565K(61440K)] 450036K->390644K(572928K), 0.0016222 secs] [Times: user=0.01 sys=0.00, real=0.00 secs] 
3127.288: [GC (Allocation Failure) [PSYoungGen: 60957K->1584K(61440K)] 450036K->390663K(572928K), 0.0016121 secs] [Times: user=0.01 sys=0.00, real=0.00 secs] 
3127.685: [GC (Allocation Failure) [PSYoungGen: 60976K->1728K(61440K)] 450055K->390807K(572928K), 0.0018158 secs] [Times: user=0.01 sys=0.00, real=0.00 secs] 
3128.338: [GC (Allocation Failure) [PSYoungGen: 61120K->1376K(61440K)] 450199K->390455K(572928K), 0.0021100 secs] [Times: user=0.01 sys=0.00, real=0.00 secs] 
3128.924: [GC (Allocation Failure) [PSYoungGen: 60768K->1344K(61440K)] 449847K->390423K(572928K), 0.0035044 secs] [Times: user=0.01 sys=0.00, real=0.00 secs] 
3129.656: [GC (Allocation Failure) [PSYoungGen: 60736K->1376K(61440K)] 449815K->390455K(572928K), 0.0035828 secs] [Times: user=0.01 sys=0.00, real=0.00 secs] 
3130.353: [GC (Allocation Failure) [PSYoungGen: 60768K->1376K(61440K)] 449847K->390455K(572928K), 0.0036577 secs] [Times: user=0.02 sys=0.00, real=0.00 secs] 
3131.028: [GC (Allocation Failure) [PSYoungGen: 60738K->1453K(61440K)] 449817K->390532K(572928K), 0.0019036 secs] [Times: user=0.01 sys=0.00, real=0.00 secs] 
3131.376: [GC (Allocation Failure) [PSYoungGen: 60845K->1584K(61440K)] 449924K->390663K(572928K), 0.0016092 secs] [Times: user=0.01 sys=0.00, real=0.00 secs] 
3131.730: [GC (Allocation Failure) [PSYoungGen: 60976K->1520K(61440K)] 450055K->390607K(572928K), 0.0015904 secs] [Times: user=0.00 sys=0.00, real=0.01 secs] 
3132.077: [GC (Allocation Failure) [PSYoungGen: 60912K->1597K(61440K)] 449999K->390684K(572928K), 0.0016186 secs] [Times: user=0.01 sys=0.00, real=0.00 secs] 
3132.514: [GC (Allocation Failure) [PSYoungGen: 60989K->1472K(61440K)] 450076K->390559K(572928K), 0.0020966 secs] [Times: user=0.01 sys=0.00, real=0.00 secs] 
3133.117: [GC (Allocation Failure) [PSYoungGen: 60864K->1344K(61440K)] 449951K->390431K(572928K), 0.0020853 secs] [Times: user=0.01 sys=0.00, real=0.00 secs] 
3133.730: [GC (Allocation Failure) [PSYoungGen: 60736K->1328K(61440K)] 449823K->390415K(572928K), 0.0022764 secs] [Times: user=0.01 sys=0.00, real=0.01 secs] 
3134.288: [GC (Allocation Failure) [PSYoungGen: 60720K->1344K(61440K)] 449807K->390431K(572928K), 0.0022768 secs] [Times: user=0.01 sys=0.00, real=0.00 secs] 
3134.912: [GC (Allocation Failure) [PSYoungGen: 60736K->1344K(61440K)] 449823K->390431K(572928K), 0.0022336 secs] [Times: user=0.00 sys=0.00, real=0.00 secs] 
3135.396: [GC (Allocation Failure) [PSYoungGen: 60719K->1517K(61440K)] 449807K->390604K(572928K), 0.0015646 secs] [Times: user=0.01 sys=0.00, real=0.00 secs] 
3135.743: [GC (Allocation Failure) [PSYoungGen: 60909K->1552K(61440K)] 449996K->390647K(572928K), 0.0017125 secs] [Times: user=0.01 sys=0.00, real=0.00 secs] 
3136.088: [GC (Allocation Failure) [PSYoungGen: 60944K->1565K(61440K)] 450039K->390660K(572928K), 0.0016096 secs] [Times: user=0.01 sys=0.00, real=0.00 secs] 
3136.432: [GC (Allocation Failure) [PSYoungGen: 60957K->1597K(61440K)] 450052K->390692K(572928K), 0.0017122 secs] [Times: user=0.01 sys=0.00, real=0.00 secs] 
3137.109: [GC (Allocation Failure) [PSYoungGen: 60989K->1424K(61440K)] 450084K->390543K(572928K), 0.0024508 secs] [Times: user=0.01 sys=0.00, real=0.00 secs] 
3137.814: [GC (Allocation Failure) [PSYoungGen: 60816K->1360K(61440K)] 449935K->390479K(572928K), 0.0024384 secs] [Times: user=0.01 sys=0.00, real=0.00 secs] 
3138.308: [GC (Allocation Failure) [PSYoungGen: 60752K->1376K(61440K)] 449871K->390495K(572928K), 0.0026808 secs] [Times: user=0.01 sys=0.00, real=0.00 secs] 
3138.809: [GC (Allocation Failure) [PSYoungGen: 60768K->1344K(61440K)] 449887K->390463K(572928K), 0.0032060 secs] [Times: user=0.01 sys=0.00, real=0.01 secs] 
3139.147: [GC (Allocation Failure) [PSYoungGen: 60736K->1376K(61440K)] 449855K->390495K(572928K), 0.0020253 secs] [Times: user=0.01 sys=0.00, real=0.00 secs] 
3139.555: [GC (Allocation Failure) [PSYoungGen: 60768K->1485K(61440K)] 449887K->390604K(572928K), 0.0015308 secs] [Times: user=0.01 sys=0.00, real=0.00 secs] 
3139.906: [GC (Allocation Failure) [PSYoungGen: 60877K->1501K(61440K)] 449996K->390628K(572928K), 0.0016557 secs] [Times: user=0.01 sys=0.00, real=0.00 secs] 
3140.253: [GC (Allocation Failure) [PSYoungGen: 60893K->1549K(61440K)] 450020K->390676K(572928K), 0.0016595 secs] [Times: user=0.01 sys=0.00, real=0.00 secs] 
3140.599: [GC (Allocation Failure) [PSYoungGen: 60941K->1536K(61440K)] 450068K->390663K(572928K), 0.0016493 secs] [Times: user=0.00 sys=0.00, real=0.00 secs] 
3141.212: [GC (Allocation Failure) [PSYoungGen: 60928K->1424K(61440K)] 450055K->390551K(572928K), 0.0020146 secs] [Times: user=0.01 sys=0.00, real=0.00 secs] 
3141.704: [GC (Allocation Failure) [PSYoungGen: 60816K->1376K(61440K)] 449943K->390503K(572928K), 0.0026530 secs] [Times: user=0.01 sys=0.00, real=0.00 secs] 
3141.946: [GC (Allocation Failure) [PSYoungGen: 60768K->1376K(61440K)] 449895K->390503K(572928K), 0.0025234 secs] [Times: user=0.01 sys=0.00, real=0.00 secs] 
3142.390: [GC (Allocation Failure) [PSYoungGen: 60768K->1376K(61440K)] 449895K->390503K(572928K), 0.0021769 secs] [Times: user=0.01 sys=0.00, real=0.01 secs] 
3142.849: [GC (Allocation Failure) [PSYoungGen: 60768K->1376K(61440K)] 449895K->390503K(572928K), 0.0039197 secs] [Times: user=0.02 sys=0.00, real=0.01 secs] 
3143.363: [GC (Allocation Failure) [PSYoungGen: 60768K->1504K(61440K)] 449895K->390631K(572928K), 0.0015735 secs] [Times: user=0.01 sys=0.00, real=0.00 secs] 
3143.709: [GC (Allocation Failure) [PSYoungGen: 60896K->1504K(61440K)] 450023K->390647K(572928K), 0.0017273 secs] [Times: user=0.00 sys=0.00, real=0.00 secs] 
3144.054: [GC (Allocation Failure) [PSYoungGen: 60896K->1533K(61440K)] 450039K->390676K(572928K), 0.0016771 secs] [Times: user=0.01 sys=0.00, real=0.00 secs] 
3144.478: [GC (Allocation Failure) [PSYoungGen: 60925K->1565K(61440K)] 450068K->390708K(572928K), 0.0017074 secs] [Times: user=0.01 sys=0.00, real=0.00 secs] 
3145.146: [GC (Allocation Failure) [PSYoungGen: 60957K->1408K(61440K)] 450100K->390551K(572928K), 0.0036324 secs] [Times: user=0.01 sys=0.00, real=0.00 secs] 
3145.866: [GC (Allocation Failure) [PSYoungGen: 60800K->1376K(61440K)] 449943K->390543K(572928K), 0.0030676 secs] [Times: user=0.02 sys=0.01, real=0.00 secs] 
3146.391: [GC (Allocation Failure) [PSYoungGen: 60768K->1344K(61440K)] 449935K->390511K(572928K), 0.0027319 secs] [Times: user=0.01 sys=0.00, real=0.01 secs] 
3146.712: [GC (Allocation Failure) [PSYoungGen: 60736K->1376K(61440K)] 449903K->390543K(572928K), 0.0020715 secs] [Times: user=0.01 sys=0.00, real=0.01 secs] 
3146.959: [GC (Allocation Failure) [PSYoungGen: 60768K->1376K(61440K)] 449935K->390543K(572928K), 0.0019864 secs] [Times: user=0.01 sys=0.00, real=0.00 secs] 
3147.328: [GC (Allocation Failure) [PSYoungGen: 60768K->1501K(61440K)] 449935K->390668K(572928K), 0.0016483 secs] [Times: user=0.01 sys=0.00, real=0.00 secs] 
3147.674: [GC (Allocation Failure) [PSYoungGen: 60884K->1488K(61440K)] 450052K->390671K(572928K), 0.0016344 secs] [Times: user=0.01 sys=0.00, real=0.00 secs] 
3148.021: [GC (Allocation Failure) [PSYoungGen: 60880K->1517K(61440K)] 450063K->390700K(572928K), 0.0016462 secs] [Times: user=0.00 sys=0.00, real=0.01 secs] 
3148.432: [GC (Allocation Failure) [PSYoungGen: 60909K->1549K(61440K)] 450092K->390732K(572928K), 0.0016801 secs] [Times: user=0.01 sys=0.00, real=0.00 secs] 
3149.243: [GC (Allocation Failure) [PSYoungGen: 60941K->1408K(61440K)] 450124K->390591K(572928K), 0.0032472 secs] [Times: user=0.01 sys=0.00, real=0.00 secs] 
3149.893: [GC (Allocation Failure) [PSYoungGen: 60800K->1344K(61440K)] 449983K->390527K(572928K), 0.0029313 secs] [Times: user=0.01 sys=0.00, real=0.00 secs] 
3150.693: [GC (Allocation Failure) [PSYoungGen: 60736K->1376K(61440K)] 449919K->390559K(572928K), 0.0041869 secs] [Times: user=0.02 sys=0.00, real=0.00 secs] 
3151.588: [GC (Allocation Failure) [PSYoungGen: 60768K->1344K(61440K)] 449951K->390527K(572928K), 0.0036183 secs] [Times: user=0.02 sys=0.00, real=0.00 secs] 
3152.004: [GC (Allocation Failure) [PSYoungGen: 60736K->1437K(61440K)] 449919K->390620K(572928K), 0.0024292 secs] [Times: user=0.01 sys=0.00, real=0.00 secs] 
3152.375: [GC (Allocation Failure) [PSYoungGen: 60829K->1565K(61440K)] 450012K->390748K(572928K), 0.0016473 secs] [Times: user=0.01 sys=0.00, real=0.00 secs] 
3152.720: [GC (Allocation Failure) [PSYoungGen: 60957K->1549K(61440K)] 450140K->390740K(572928K), 0.0016156 secs] [Times: user=0.01 sys=0.00, real=0.00 secs] 
3153.065: [GC (Allocation Failure) [PSYoungGen: 60941K->1549K(61440K)] 450132K->390740K(572928K), 0.0017913 secs] [Times: user=0.00 sys=0.00, real=0.00 secs] 
3153.429: [GC (Allocation Failure) [PSYoungGen: 60941K->320K(61440K)] 450132K->389511K(572928K), 0.0016552 secs] [Times: user=0.00 sys=0.00, real=0.00 secs] 
3153.977: [GC (Allocation Failure) [PSYoungGen: 59712K->1376K(61440K)] 448903K->390567K(572928K), 0.0019632 secs] [Times: user=0.01 sys=0.00, real=0.00 secs] 
3154.413: [GC (Allocation Failure) [PSYoungGen: 60768K->1344K(61440K)] 449959K->390535K(572928K), 0.0018982 secs] [Times: user=0.01 sys=0.00, real=0.00 secs] 
3154.937: [GC (Allocation Failure) [PSYoungGen: 60736K->1344K(61440K)] 449927K->390535K(572928K), 0.0024825 secs] [Times: user=0.01 sys=0.00, real=0.00 secs] 
3155.464: [GC (Allocation Failure) [PSYoungGen: 60736K->1344K(61440K)] 449927K->390535K(572928K), 0.0023887 secs] [Times: user=0.01 sys=0.00, real=0.00 secs] 
3156.008: [GC (Allocation Failure) [PSYoungGen: 60707K->1469K(61440K)] 449898K->390660K(572928K), 0.0018084 secs] [Times: user=0.01 sys=0.00, real=0.00 secs] 
3156.353: [GC (Allocation Failure) [PSYoungGen: 60861K->1597K(61440K)] 450052K->390788K(572928K), 0.0016977 secs] [Times: user=0.01 sys=0.00, real=0.00 secs] 
3156.761: [GC (Allocation Failure) [PSYoungGen: 60989K->1533K(61440K)] 450180K->390748K(572928K), 0.0016741 secs] [Times: user=0.00 sys=0.00, real=0.01 secs] 
3157.106: [GC (Allocation Failure) [PSYoungGen: 60925K->1565K(61440K)] 450140K->390780K(572928K), 0.0016835 secs] [Times: user=0.01 sys=0.00, real=0.00 secs] 
3157.475: [GC (Allocation Failure) [PSYoungGen: 60957K->1952K(61440K)] 450172K->391167K(572928K), 0.0022171 secs] [Times: user=0.01 sys=0.00, real=0.00 secs] 
3158.008: [GC (Allocation Failure) [PSYoungGen: 61344K->1376K(61440K)] 450559K->390591K(572928K), 0.0026053 secs] [Times: user=0.01 sys=0.00, real=0.00 secs] 
3158.490: [GC (Allocation Failure) [PSYoungGen: 60768K->1344K(61440K)] 449983K->390559K(572928K), 0.0029104 secs] [Times: user=0.01 sys=0.00, real=0.01 secs] 
3158.996: [GC (Allocation Failure) [PSYoungGen: 60736K->1360K(61440K)] 449951K->390575K(572928K), 0.0028352 secs] [Times: user=0.01 sys=0.00, real=0.00 secs] 
3159.376: [GC (Allocation Failure) [PSYoungGen: 60752K->1408K(61440K)] 449967K->390623K(572928K), 0.0022303 secs] [Times: user=0.01 sys=0.00, real=0.00 secs] 
3159.843: [GC (Allocation Failure) [PSYoungGen: 60800K->1453K(61440K)] 450015K->390668K(572928K), 0.0015374 secs] [Times: user=0.01 sys=0.00, real=0.00 secs] 
3160.190: [GC (Allocation Failure) [PSYoungGen: 60845K->1549K(61440K)] 450060K->390772K(572928K), 0.0015864 secs] [Times: user=0.01 sys=0.00, real=0.00 secs] 
3160.534: [GC (Allocation Failure) [PSYoungGen: 60941K->1552K(61440K)] 450164K->390783K(572928K), 0.0016239 secs] [Times: user=0.01 sys=0.00, real=0.00 secs] 
3160.880: [GC (Allocation Failure) [PSYoungGen: 60944K->1565K(61440K)] 450175K->390796K(572928K), 0.0016184 secs] [Times: user=0.00 sys=0.00, real=0.00 secs] 
3161.355: [GC (Allocation Failure) [PSYoungGen: 60957K->1472K(61440K)] 450188K->390703K(572928K), 0.0018655 secs] [Times: user=0.01 sys=0.00, real=0.00 secs] 
3161.929: [GC (Allocation Failure) [PSYoungGen: 60864K->1344K(61440K)] 450095K->390575K(572928K), 0.0037207 secs] [Times: user=0.02 sys=0.00, real=0.01 secs] 
3163.034: [GC (Allocation Failure) [PSYoungGen: 60736K->1344K(61440K)] 449967K->390575K(572928K), 0.0032798 secs] [Times: user=0.01 sys=0.00, real=0.00 secs] 
3163.530: [GC (Allocation Failure) [PSYoungGen: 60736K->1376K(61440K)] 449967K->390607K(572928K), 0.0024944 secs] [Times: user=0.01 sys=0.00, real=0.01 secs] 
3164.041: [GC (Allocation Failure) [PSYoungGen: 60768K->1376K(61440K)] 449999K->390607K(572928K), 0.0023704 secs] [Times: user=0.01 sys=0.00, real=0.01 secs] 
3164.505: [GC (Allocation Failure) [PSYoungGen: 60768K->1437K(61440K)] 449999K->390668K(572928K), 0.0015951 secs] [Times: user=0.00 sys=0.00, real=0.00 secs] 
3164.853: [GC (Allocation Failure) [PSYoungGen: 60799K->1549K(61440K)] 450031K->390796K(572928K), 0.0016406 secs] [Times: user=0.00 sys=0.00, real=0.00 secs] 
3165.201: [GC (Allocation Failure) [PSYoungGen: 60941K->1501K(61440K)] 450188K->390748K(572928K), 0.0015988 secs] [Times: user=0.00 sys=0.00, real=0.01 secs] 
3165.602: [GC (Allocation Failure) [PSYoungGen: 60893K->1568K(61440K)] 450140K->390815K(572928K), 0.0017186 secs] [Times: user=0.01 sys=0.00, real=0.00 secs] 
3165.946: [GC (Allocation Failure) [PSYoungGen: 60960K->1424K(61440K)] 450207K->390671K(572928K), 0.0021008 secs] [Times: user=0.01 sys=0.00, real=0.00 secs] 
3166.346: [GC (Allocation Failure) [PSYoungGen: 60816K->1376K(61440K)] 450063K->390639K(572928K), 0.0020329 secs] [Times: user=0.01 sys=0.00, real=0.00 secs] 
3166.775: [GC (Allocation Failure) [PSYoungGen: 60768K->1344K(61440K)] 450031K->390607K(572928K), 0.0020228 secs] [Times: user=0.01 sys=0.00, real=0.00 secs] 
3167.249: [GC (Allocation Failure) [PSYoungGen: 60736K->1376K(61440K)] 449999K->390639K(572928K), 0.0035797 secs] [Times: user=0.01 sys=0.00, real=0.01 secs] 
3167.720: [GC (Allocation Failure) [PSYoungGen: 60768K->1376K(61440K)] 450031K->390639K(572928K), 0.0027056 secs] [Times: user=0.01 sys=0.00, real=0.01 secs] 
3168.245: [GC (Allocation Failure) [PSYoungGen: 60768K->1488K(61440K)] 450031K->390751K(572928K), 0.0015705 secs] [Times: user=0.01 sys=0.00, real=0.00 secs] 
3168.590: [GC (Allocation Failure) [PSYoungGen: 60880K->1504K(61440K)] 450143K->390775K(572928K), 0.0016401 secs] [Times: user=0.01 sys=0.00, real=0.01 secs] 
3168.935: [GC (Allocation Failure) [PSYoungGen: 60896K->1520K(61440K)] 450167K->390791K(572928K), 0.0016309 secs] [Times: user=0.01 sys=0.00, real=0.00 secs] 
3169.282: [GC (Allocation Failure) [PSYoungGen: 60912K->1584K(61440K)] 450183K->390855K(572928K), 0.0016658 secs] [Times: user=0.01 sys=0.00, real=0.01 secs] 
3169.564: [GC (Allocation Failure) [PSYoungGen: 60976K->1440K(61440K)] 450247K->390711K(572928K), 0.0032575 secs] [Times: user=0.02 sys=0.00, real=0.00 secs] 
3169.996: [GC (Allocation Failure) [PSYoungGen: 60832K->1360K(61440K)] 450103K->390631K(572928K), 0.0034968 secs] [Times: user=0.02 sys=0.00, real=0.00 secs] 
3170.511: [GC (Allocation Failure) [PSYoungGen: 60752K->1408K(61440K)] 450023K->390679K(572928K), 0.0028101 secs] [Times: user=0.01 sys=0.00, real=0.01 secs] 
3171.064: [GC (Allocation Failure) [PSYoungGen: 60800K->1440K(61440K)] 450071K->390711K(572928K), 0.0024016 secs] [Times: user=0.01 sys=0.00, real=0.00 secs] 
3171.675: [GC (Allocation Failure) [PSYoungGen: 60832K->1408K(61440K)] 450103K->390679K(572928K), 0.0025370 secs] [Times: user=0.01 sys=0.00, real=0.00 secs] 
3172.210: [GC (Allocation Failure) [PSYoungGen: 60800K->1600K(61440K)] 450071K->390871K(572928K), 0.0017727 secs] [Times: user=0.01 sys=0.00, real=0.01 secs] 
3172.560: [GC (Allocation Failure) [PSYoungGen: 60992K->1613K(61440K)] 450263K->390900K(572928K), 0.0016302 secs] [Times: user=0.01 sys=0.00, real=0.00 secs] 
3172.970: [GC (Allocation Failure) [PSYoungGen: 61005K->1581K(61440K)] 450292K->390868K(572928K), 0.0016369 secs] [Times: user=0.01 sys=0.00, real=0.00 secs] 
3173.318: [GC (Allocation Failure) [PSYoungGen: 60973K->1584K(61440K)] 450260K->390871K(572928K), 0.0016854 secs] [Times: user=0.01 sys=0.00, real=0.00 secs] 
3174.000: [GC (Allocation Failure) [PSYoungGen: 60976K->1472K(61440K)] 450263K->390759K(572928K), 0.0032783 secs] [Times: user=0.01 sys=0.00, real=0.01 secs] 
3174.521: [GC (Allocation Failure) [PSYoungGen: 60864K->1408K(61440K)] 450151K->390695K(572928K), 0.0032484 secs] [Times: user=0.01 sys=0.00, real=0.01 secs] 
3174.983: [GC (Allocation Failure) [PSYoungGen: 60800K->1408K(61440K)] 450087K->390695K(572928K), 0.0024392 secs] [Times: user=0.01 sys=0.00, real=0.00 secs] 
3175.403: [GC (Allocation Failure) [PSYoungGen: 60800K->1376K(61440K)] 450087K->390663K(572928K), 0.0021580 secs] [Times: user=0.00 sys=0.00, real=0.00 secs] 
3175.856: [GC (Allocation Failure) [PSYoungGen: 60761K->1520K(61440K)] 450048K->390807K(572928K), 0.0024186 secs] [Times: user=0.01 sys=0.00, real=0.00 secs] 
3176.339: [GC (Allocation Failure) [PSYoungGen: 60912K->1517K(61440K)] 450199K->390836K(572928K), 0.0017147 secs] [Times: user=0.00 sys=0.00, real=0.00 secs] 
3176.688: [GC (Allocation Failure) [PSYoungGen: 60909K->1549K(61440K)] 450228K->390884K(572928K), 0.0016306 secs] [Times: user=0.01 sys=0.00, real=0.00 secs] 
3177.034: [GC (Allocation Failure) [PSYoungGen: 60941K->1533K(61440K)] 450276K->390868K(572928K), 0.0016806 secs] [Times: user=0.01 sys=0.00, real=0.00 secs] 
3177.384: [GC (Allocation Failure) [PSYoungGen: 60925K->1533K(61440K)] 450260K->390868K(572928K), 0.0016700 secs] [Times: user=0.01 sys=0.00, real=0.00 secs] 
3178.185: [GC (Allocation Failure) [PSYoungGen: 60925K->1408K(61440K)] 450260K->390743K(572928K), 0.0031314 secs] [Times: user=0.01 sys=0.00, real=0.00 secs] 
3179.083: [GC (Allocation Failure) [PSYoungGen: 60800K->1376K(61440K)] 450135K->390711K(572928K), 0.0036397 secs] [Times: user=0.01 sys=0.00, real=0.00 secs] 
3179.859: [GC (Allocation Failure) [PSYoungGen: 60768K->1376K(61440K)] 450103K->390711K(572928K), 0.0029584 secs] [Times: user=0.01 sys=0.00, real=0.01 secs] 
3180.406: [GC (Allocation Failure) [PSYoungGen: 60768K->1376K(61440K)] 450103K->390711K(572928K), 0.0028077 secs] [Times: user=0.01 sys=0.00, real=0.00 secs] 
3180.874: [GC (Allocation Failure) [PSYoungGen: 60768K->1405K(61440K)] 450103K->390740K(572928K), 0.0020043 secs] [Times: user=0.01 sys=0.00, real=0.00 secs] 
3181.241: [GC (Allocation Failure) [PSYoungGen: 60797K->1581K(61440K)] 450132K->390916K(572928K), 0.0016396 secs] [Times: user=0.01 sys=0.00, real=0.01 secs] 
3181.587: [GC (Allocation Failure) [PSYoungGen: 60973K->1517K(61440K)] 450308K->390868K(572928K), 0.0017086 secs] [Times: user=0.00 sys=0.00, real=0.00 secs] 
3181.938: [GC (Allocation Failure) [PSYoungGen: 60909K->1517K(61440K)] 450260K->390868K(572928K), 0.0016661 secs] [Times: user=0.00 sys=0.00, real=0.00 secs] 
3182.300: [GC (Allocation Failure) [PSYoungGen: 60673K->1776K(61440K)] 450025K->391127K(572928K), 0.0017932 secs] [Times: user=0.00 sys=0.00, real=0.00 secs] 
3183.023: [GC (Allocation Failure) [PSYoungGen: 61168K->1344K(61440K)] 450519K->390695K(572928K), 0.0025199 secs] [Times: user=0.01 sys=0.00, real=0.00 secs] 
3183.950: [GC (Allocation Failure) [PSYoungGen: 60736K->1344K(61440K)] 450087K->390695K(572928K), 0.0027822 secs] [Times: user=0.01 sys=0.00, real=0.01 secs] 
3184.708: [GC (Allocation Failure) [PSYoungGen: 60736K->1376K(61440K)] 450087K->390727K(572928K), 0.0042009 secs] [Times: user=0.01 sys=0.00, real=0.01 secs] 
3185.393: [GC (Allocation Failure) [PSYoungGen: 60768K->1312K(61440K)] 450119K->390663K(572928K), 0.0028572 secs] [Times: user=0.01 sys=0.00, real=0.00 secs] 
3185.910: [GC (Allocation Failure) [PSYoungGen: 60704K->1485K(61440K)] 450055K->390836K(572928K), 0.0015195 secs] [Times: user=0.01 sys=0.00, real=0.01 secs] 
3186.256: [GC (Allocation Failure) [PSYoungGen: 60877K->1581K(61440K)] 450228K->390932K(572928K), 0.0016147 secs] [Times: user=0.01 sys=0.00, real=0.00 secs] 
3186.600: [GC (Allocation Failure) [PSYoungGen: 60973K->1581K(61440K)] 450324K->390940K(572928K), 0.0016273 secs] [Times: user=0.01 sys=0.00, real=0.01 secs] 
3186.946: [GC (Allocation Failure) [PSYoungGen: 60973K->1552K(61440K)] 450332K->390943K(572928K), 0.0016254 secs] [Times: user=0.00 sys=0.00, real=0.00 secs] 
3187.375: [GC (Allocation Failure) [PSYoungGen: 60944K->1408K(61440K)] 450335K->390799K(572928K), 0.0019538 secs] [Times: user=0.01 sys=0.00, real=0.00 secs] 
3188.098: [GC (Allocation Failure) [PSYoungGen: 60800K->1344K(61440K)] 450191K->390735K(572928K), 0.0024598 secs] [Times: user=0.01 sys=0.00, real=0.00 secs] 
3188.824: [GC (Allocation Failure) [PSYoungGen: 60736K->1376K(61440K)] 450127K->390767K(572928K), 0.0025085 secs] [Times: user=0.01 sys=0.00, real=0.00 secs] 
3189.497: [GC (Allocation Failure) [PSYoungGen: 60768K->1344K(61440K)] 450159K->390735K(572928K), 0.0029789 secs] [Times: user=0.01 sys=0.00, real=0.00 secs] 
3190.125: [GC (Allocation Failure) [PSYoungGen: 60736K->1360K(61440K)] 450127K->390751K(572928K), 0.0043857 secs] [Times: user=0.01 sys=0.01, real=0.00 secs] 
3190.869: [GC (Allocation Failure) [PSYoungGen: 60726K->1488K(61440K)] 450118K->390879K(572928K), 0.0015402 secs] [Times: user=0.00 sys=0.00, real=0.00 secs] 
3191.215: [GC (Allocation Failure) [PSYoungGen: 60880K->1533K(61440K)] 450271K->390932K(572928K), 0.0016996 secs] [Times: user=0.01 sys=0.00, real=0.00 secs] 
3191.559: [GC (Allocation Failure) [PSYoungGen: 60925K->1552K(61440K)] 450324K->390951K(572928K), 0.0016970 secs] [Times: user=0.01 sys=0.00, real=0.00 secs] 
3191.964: [GC (Allocation Failure) [PSYoungGen: 60944K->1533K(61440K)] 450343K->390932K(572928K), 0.0017140 secs] [Times: user=0.01 sys=0.00, real=0.00 secs] 
3192.433: [GC (Allocation Failure) [PSYoungGen: 60925K->1488K(61440K)] 450324K->390887K(572928K), 0.0022556 secs] [Times: user=0.01 sys=0.00, real=0.00 secs] 
3193.095: [GC (Allocation Failure) [PSYoungGen: 60880K->1312K(61440K)] 450279K->390711K(572928K), 0.0021569 secs] [Times: user=0.01 sys=0.00, real=0.00 secs] 
3193.582: [GC (Allocation Failure) [PSYoungGen: 60704K->1344K(61440K)] 450103K->390743K(572928K), 0.0022758 secs] [Times: user=0.01 sys=0.00, real=0.01 secs] 
3194.171: [GC (Allocation Failure) [PSYoungGen: 60736K->1376K(61440K)] 450135K->390775K(572928K), 0.0024596 secs] [Times: user=0.01 sys=0.00, real=0.01 secs] 
3194.678: [GC (Allocation Failure) [PSYoungGen: 60768K->1328K(61440K)] 450167K->390727K(572928K), 0.0024602 secs] [Times: user=0.01 sys=0.00, real=0.00 secs] 
3195.265: [GC (Allocation Failure) [PSYoungGen: 60696K->1488K(61440K)] 450096K->390887K(572928K), 0.0017142 secs] [Times: user=0.01 sys=0.00, real=0.00 secs] 
3195.610: [GC (Allocation Failure) [PSYoungGen: 60880K->1536K(61440K)] 450279K->390943K(572928K), 0.0016505 secs] [Times: user=0.00 sys=0.00, real=0.01 secs] 
3195.954: [GC (Allocation Failure) [PSYoungGen: 60928K->1549K(61440K)] 450335K->390956K(572928K), 0.0016481 secs] [Times: user=0.01 sys=0.00, real=0.00 secs] 
3196.304: [GC (Allocation Failure) [PSYoungGen: 60941K->1549K(61440K)] 450348K->390956K(572928K), 0.0016195 secs] [Times: user=0.00 sys=0.00, real=0.00 secs] 
3196.644: [GC (Allocation Failure) [PSYoungGen: 60941K->1424K(61440K)] 450348K->390855K(572928K), 0.0018168 secs] [Times: user=0.00 sys=0.00, real=0.00 secs] 
3196.953: [GC (Allocation Failure) [PSYoungGen: 60816K->1344K(61440K)] 450247K->390775K(572928K), 0.0018228 secs] [Times: user=0.01 sys=0.00, real=0.00 secs] 
3197.260: [GC (Allocation Failure) [PSYoungGen: 60736K->1376K(61440K)] 450167K->390807K(572928K), 0.0019327 secs] [Times: user=0.01 sys=0.00, real=0.01 secs] 
3197.512: [GC (Allocation Failure) [PSYoungGen: 60768K->1344K(61440K)] 450199K->390775K(572928K), 0.0020950 secs] [Times: user=0.01 sys=0.00, real=0.01 secs] 
3198.072: [GC (Allocation Failure) [PSYoungGen: 60736K->1376K(61440K)] 450167K->390807K(572928K), 0.0019454 secs] [Times: user=0.01 sys=0.00, real=0.00 secs] 
3198.547: [GC (Allocation Failure) [PSYoungGen: 60749K->1453K(61440K)] 450180K->390884K(572928K), 0.0015812 secs] [Times: user=0.01 sys=0.00, real=0.00 secs] 
3198.893: [GC (Allocation Failure) [PSYoungGen: 60845K->1501K(61440K)] 450276K->390948K(572928K), 0.0016225 secs] [Times: user=0.00 sys=0.00, real=0.00 secs] 
3199.238: [GC (Allocation Failure) [PSYoungGen: 60893K->1565K(61440K)] 450340K->391012K(572928K), 0.0017908 secs] [Times: user=0.01 sys=0.00, real=0.00 secs] 
3199.582: [GC (Allocation Failure) [PSYoungGen: 60957K->1533K(61440K)] 450404K->390980K(572928K), 0.0015952 secs] [Times: user=0.01 sys=0.00, real=0.00 secs] 
3199.883: [GC (Allocation Failure) [PSYoungGen: 60925K->1408K(61440K)] 450372K->390855K(572928K), 0.0017010 secs] [Times: user=0.01 sys=0.00, real=0.00 secs] 
3200.130: [GC (Allocation Failure) [PSYoungGen: 60800K->1344K(61440K)] 450247K->390791K(572928K), 0.0020512 secs] [Times: user=0.01 sys=0.00, real=0.00 secs] 
3200.637: [GC (Allocation Failure) [PSYoungGen: 60736K->1376K(61440K)] 450183K->390823K(572928K), 0.0034543 secs] [Times: user=0.01 sys=0.00, real=0.00 secs] 
3201.187: [GC (Allocation Failure) [PSYoungGen: 60768K->1376K(61440K)] 450215K->390823K(572928K), 0.0027506 secs] [Times: user=0.01 sys=0.00, real=0.00 secs] 
3201.784: [GC (Allocation Failure) [PSYoungGen: 60768K->1344K(61440K)] 450215K->390791K(572928K), 0.0031459 secs] [Times: user=0.02 sys=0.00, real=0.00 secs] 
3202.236: [GC (Allocation Failure) [PSYoungGen: 60713K->1613K(61440K)] 450161K->391060K(572928K), 0.0015778 secs] [Times: user=0.01 sys=0.00, real=0.00 secs] 
3202.582: [GC (Allocation Failure) [PSYoungGen: 61005K->1533K(61440K)] 450452K->390996K(572928K), 0.0016505 secs] [Times: user=0.01 sys=0.00, real=0.00 secs] 
3202.927: [GC (Allocation Failure) [PSYoungGen: 60910K->1565K(61440K)] 450374K->391028K(572928K), 0.0016120 secs] [Times: user=0.00 sys=0.00, real=0.00 secs] 
3203.277: [GC (Allocation Failure) [PSYoungGen: 60957K->1520K(61440K)] 450420K->390983K(572928K), 0.0015478 secs] [Times: user=0.01 sys=0.00, real=0.00 secs] 
3203.858: [GC (Allocation Failure) [PSYoungGen: 60912K->1440K(61440K)] 450375K->390903K(572928K), 0.0018445 secs] [Times: user=0.01 sys=0.00, real=0.00 secs] 
3204.609: [GC (Allocation Failure) [PSYoungGen: 60832K->1312K(61440K)] 450295K->390775K(572928K), 0.0035122 secs] [Times: user=0.01 sys=0.01, real=0.01 secs] 
3205.454: [GC (Allocation Failure) [PSYoungGen: 60704K->1376K(61440K)] 450167K->390839K(572928K), 0.0036494 secs] [Times: user=0.02 sys=0.00, real=0.00 secs] 
3206.165: [GC (Allocation Failure) [PSYoungGen: 60768K->1376K(61440K)] 450231K->390839K(572928K), 0.0037279 secs] [Times: user=0.02 sys=0.00, real=0.00 secs] 
3206.797: [GC (Allocation Failure) [PSYoungGen: 60768K->1437K(61440K)] 450231K->390924K(572928K), 0.0024198 secs] [Times: user=0.01 sys=0.00, real=0.00 secs] 
3207.188: [GC (Allocation Failure) [PSYoungGen: 60829K->1565K(61440K)] 450316K->391052K(572928K), 0.0015854 secs] [Times: user=0.00 sys=0.00, real=0.00 secs] 
3207.534: [GC (Allocation Failure) [PSYoungGen: 60957K->1549K(61440K)] 450444K->391052K(572928K), 0.0015904 secs] [Times: user=0.01 sys=0.00, real=0.00 secs] 
3207.881: [GC (Allocation Failure) [PSYoungGen: 60941K->1533K(61440K)] 450444K->391036K(572928K), 0.0016575 secs] [Times: user=0.01 sys=0.00, real=0.01 secs] 
3208.229: [GC (Allocation Failure) [PSYoungGen: 60925K->1552K(61440K)] 450428K->391055K(572928K), 0.0015805 secs] [Times: user=0.01 sys=0.00, real=0.00 secs] 
3208.559: [GC (Allocation Failure) [PSYoungGen: 60944K->1376K(61440K)] 450447K->390879K(572928K), 0.0017723 secs] [Times: user=0.01 sys=0.00, real=0.00 secs] 
3209.174: [GC (Allocation Failure) [PSYoungGen: 60768K->1376K(61440K)] 450271K->390887K(572928K), 0.0017708 secs] [Times: user=0.01 sys=0.00, real=0.00 secs] 
3209.775: [GC (Allocation Failure) [PSYoungGen: 60768K->1408K(61440K)] 450279K->390919K(572928K), 0.0019950 secs] [Times: user=0.01 sys=0.00, real=0.00 secs] 
3210.368: [GC (Allocation Failure) [PSYoungGen: 60800K->1408K(61440K)] 450311K->390919K(572928K), 0.0023853 secs] [Times: user=0.01 sys=0.00, real=0.00 secs] 
3210.816: [GC (Allocation Failure) [PSYoungGen: 60800K->1469K(61440K)] 450311K->390980K(572928K), 0.0017066 secs] [Times: user=0.01 sys=0.00, real=0.00 secs] 
3211.161: [GC (Allocation Failure) [PSYoungGen: 60861K->1501K(61440K)] 450372K->391012K(572928K), 0.0015944 secs] [Times: user=0.01 sys=0.00, real=0.01 secs] 
3211.506: [GC (Allocation Failure) [PSYoungGen: 60893K->1581K(61440K)] 450404K->391108K(572928K), 0.0017922 secs] [Times: user=0.01 sys=0.00, real=0.00 secs] 
3211.851: [GC (Allocation Failure) [PSYoungGen: 60973K->1568K(61440K)] 450500K->391095K(572928K), 0.0017895 secs] [Times: user=0.01 sys=0.00, real=0.01 secs] 
3212.205: [GC (Allocation Failure) [PSYoungGen: 60960K->2032K(61440K)] 450487K->391559K(572928K), 0.0019189 secs] [Times: user=0.01 sys=0.00, real=0.00 secs] 
3212.453: [GC (Allocation Failure) [PSYoungGen: 61424K->1360K(61440K)] 450951K->390887K(572928K), 0.0016467 secs] [Times: user=0.01 sys=0.00, real=0.00 secs] 
3212.699: [GC (Allocation Failure) [PSYoungGen: 60752K->1360K(61440K)] 450279K->390887K(572928K), 0.0018370 secs] [Times: user=0.01 sys=0.00, real=0.00 secs] 
3212.946: [GC (Allocation Failure) [PSYoungGen: 60752K->1376K(61440K)] 450279K->390903K(572928K), 0.0017969 secs] [Times: user=0.01 sys=0.00, real=0.00 secs] 
3213.193: [GC (Allocation Failure) [PSYoungGen: 60768K->1376K(61440K)] 450295K->390903K(572928K), 0.0019703 secs] [Times: user=0.01 sys=0.00, real=0.00 secs] 
3213.580: [GC (Allocation Failure) [PSYoungGen: 60768K->1517K(61440K)] 450295K->391044K(572928K), 0.0015993 secs] [Times: user=0.01 sys=0.00, real=0.00 secs] 
3213.930: [GC (Allocation Failure) [PSYoungGen: 60909K->1552K(61440K)] 450436K->391079K(572928K), 0.0016648 secs] [Times: user=0.01 sys=0.00, real=0.00 secs] 
3214.276: [GC (Allocation Failure) [PSYoungGen: 60944K->1565K(61440K)] 450471K->391100K(572928K), 0.0016625 secs] [Times: user=0.01 sys=0.00, real=0.00 secs] 
3214.621: [GC (Allocation Failure) [PSYoungGen: 60957K->1517K(61440K)] 450492K->391092K(572928K), 0.0016232 secs] [Times: user=0.01 sys=0.00, real=0.01 secs] 
3214.942: [GC (Allocation Failure) [PSYoungGen: 60909K->1472K(61440K)] 450484K->391047K(572928K), 0.0018240 secs] [Times: user=0.01 sys=0.00, real=0.01 secs] 
3215.189: [GC (Allocation Failure) [PSYoungGen: 60864K->1376K(61440K)] 450439K->390951K(572928K), 0.0014924 secs] [Times: user=0.00 sys=0.01, real=0.00 secs] 
3215.435: [GC (Allocation Failure) [PSYoungGen: 60768K->1344K(61440K)] 450343K->390919K(572928K), 0.0016792 secs] [Times: user=0.00 sys=0.00, real=0.00 secs] 
3215.681: [GC (Allocation Failure) [PSYoungGen: 60736K->1344K(61440K)] 450311K->390919K(572928K), 0.0015069 secs] [Times: user=0.01 sys=0.00, real=0.01 secs] 
3216.062: [GC (Allocation Failure) [PSYoungGen: 60736K->1312K(61440K)] 450311K->390887K(572928K), 0.0019259 secs] [Times: user=0.01 sys=0.00, real=0.00 secs] 
3216.420: [GC (Allocation Failure) [PSYoungGen: 60687K->1485K(61440K)] 450263K->391060K(572928K), 0.0016482 secs] [Times: user=0.01 sys=0.00, real=0.01 secs] 
3216.765: [GC (Allocation Failure) [PSYoungGen: 60877K->1552K(61440K)] 450452K->391143K(572928K), 0.0016267 secs] [Times: user=0.01 sys=0.00, real=0.00 secs] 
3217.109: [GC (Allocation Failure) [PSYoungGen: 60944K->1549K(61440K)] 450535K->391140K(572928K), 0.0016384 secs] [Times: user=0.00 sys=0.00, real=0.00 secs] 
3217.461: [GC (Allocation Failure) [PSYoungGen: 60941K->1533K(61440K)] 450532K->391124K(572928K), 0.0016211 secs] [Times: user=0.01 sys=0.00, real=0.01 secs] 
3217.834: [GC (Allocation Failure) [PSYoungGen: 60925K->1456K(61440K)] 450516K->391047K(572928K), 0.0018782 secs] [Times: user=0.01 sys=0.00, real=0.00 secs] 
3218.098: [GC (Allocation Failure) [PSYoungGen: 60848K->1408K(61440K)] 450439K->390999K(572928K), 0.0018063 secs] [Times: user=0.01 sys=0.00, real=0.00 secs] 
3218.354: [GC (Allocation Failure) [PSYoungGen: 60800K->1376K(61440K)] 450391K->390967K(572928K), 0.0031916 secs] [Times: user=0.01 sys=0.00, real=0.00 secs] 
3218.611: [GC (Allocation Failure) [PSYoungGen: 60768K->1376K(61440K)] 450359K->390967K(572928K), 0.0023026 secs] [Times: user=0.00 sys=0.00, real=0.01 secs] 
3218.867: [GC (Allocation Failure) [PSYoungGen: 60768K->1344K(61440K)] 450359K->390935K(572928K), 0.0022618 secs] [Times: user=0.01 sys=0.00, real=0.00 secs] 
3219.320: [GC (Allocation Failure) [PSYoungGen: 60715K->1501K(61440K)] 450307K->391092K(572928K), 0.0015839 secs] [Times: user=0.01 sys=0.00, real=0.00 secs] 
3219.665: [GC (Allocation Failure) [PSYoungGen: 60893K->1549K(61440K)] 450484K->391148K(572928K), 0.0015951 secs] [Times: user=0.00 sys=0.00, real=0.00 secs] 
3220.010: [GC (Allocation Failure) [PSYoungGen: 60910K->1533K(61440K)] 450510K->391132K(572928K), 0.0017004 secs] [Times: user=0.01 sys=0.00, real=0.00 secs] 
3220.356: [GC (Allocation Failure) [PSYoungGen: 60925K->1536K(61440K)] 450524K->391135K(572928K), 0.0016161 secs] [Times: user=0.01 sys=0.00, real=0.00 secs] 
3220.676: [GC (Allocation Failure) [PSYoungGen: 60928K->1360K(61440K)] 450527K->390959K(572928K), 0.0016202 secs] [Times: user=0.01 sys=0.00, real=0.00 secs] 
3220.923: [GC (Allocation Failure) [PSYoungGen: 60752K->1344K(61440K)] 450351K->390943K(572928K), 0.0015572 secs] [Times: user=0.01 sys=0.00, real=0.00 secs] 
3221.169: [GC (Allocation Failure) [PSYoungGen: 60736K->1376K(61440K)] 450335K->390975K(572928K), 0.0016548 secs] [Times: user=0.01 sys=0.00, real=0.00 secs] 
3221.416: [GC (Allocation Failure) [PSYoungGen: 60768K->1408K(61440K)] 450367K->391007K(572928K), 0.0026703 secs] [Times: user=0.01 sys=0.00, real=0.00 secs] 
3221.665: [GC (Allocation Failure) [PSYoungGen: 60800K->1360K(61440K)] 450399K->390959K(572928K), 0.0025102 secs] [Times: user=0.01 sys=0.00, real=0.00 secs] 
3222.049: [GC (Allocation Failure) [PSYoungGen: 60752K->1533K(61440K)] 450351K->391132K(572928K), 0.0015651 secs] [Times: user=0.01 sys=0.00, real=0.00 secs] 
3222.394: [GC (Allocation Failure) [PSYoungGen: 60904K->1533K(61440K)] 450504K->391140K(572928K), 0.0016235 secs] [Times: user=0.00 sys=0.00, real=0.00 secs] 
3222.739: [GC (Allocation Failure) [PSYoungGen: 60925K->1501K(61440K)] 450532K->391108K(572928K), 0.0016212 secs] [Times: user=0.01 sys=0.00, real=0.00 secs] 
3223.086: [GC (Allocation Failure) [PSYoungGen: 60893K->1549K(61440K)] 450500K->391156K(572928K), 0.0016226 secs] [Times: user=0.01 sys=0.00, real=0.00 secs] 
3223.960: [GC (Allocation Failure) [PSYoungGen: 60941K->1408K(61440K)] 450548K->391015K(572928K), 0.0029812 secs] [Times: user=0.01 sys=0.00, real=0.01 secs] 
3224.455: [GC (Allocation Failure) [PSYoungGen: 60800K->1376K(61440K)] 450407K->390983K(572928K), 0.0025519 secs] [Times: user=0.01 sys=0.00, real=0.00 secs] 
3224.935: [GC (Allocation Failure) [PSYoungGen: 60768K->1376K(61440K)] 450375K->390999K(572928K), 0.0028825 secs] [Times: user=0.01 sys=0.00, real=0.00 secs] 
3225.490: [GC (Allocation Failure) [PSYoungGen: 60768K->1344K(61440K)] 450391K->390967K(572928K), 0.0026915 secs] [Times: user=0.01 sys=0.01, real=0.01 secs] 
3226.364: [GC (Allocation Failure) [PSYoungGen: 60736K->1424K(61440K)] 450359K->391047K(572928K), 0.0028121 secs] [Times: user=0.01 sys=0.00, real=0.00 secs] 
3226.796: [GC (Allocation Failure) [PSYoungGen: 60816K->1536K(61440K)] 450439K->391159K(572928K), 0.0016056 secs] [Times: user=0.00 sys=0.00, real=0.00 secs] 
3227.141: [GC (Allocation Failure) [PSYoungGen: 60928K->1517K(61440K)] 450551K->391148K(572928K), 0.0016070 secs] [Times: user=0.00 sys=0.00, real=0.01 secs] 
3227.487: [GC (Allocation Failure) [PSYoungGen: 60909K->1504K(61440K)] 450540K->391135K(572928K), 0.0016781 secs] [Times: user=0.01 sys=0.00, real=0.00 secs] 
3227.833: [GC (Allocation Failure) [PSYoungGen: 60896K->1485K(61440K)] 450527K->391116K(572928K), 0.0016516 secs] [Times: user=0.00 sys=0.00, real=0.00 secs] 
3229.082: [GC (Allocation Failure) [PSYoungGen: 60877K->1424K(61440K)] 450508K->391055K(572928K), 0.0032966 secs] [Times: user=0.01 sys=0.00, real=0.00 secs] 
3229.557: [GC (Allocation Failure) [PSYoungGen: 60816K->1344K(61440K)] 450447K->390975K(572928K), 0.0026301 secs] [Times: user=0.01 sys=0.00, real=0.00 secs] 
3230.044: [GC (Allocation Failure) [PSYoungGen: 60736K->1376K(61440K)] 450367K->391007K(572928K), 0.0028965 secs] [Times: user=0.01 sys=0.00, real=0.00 secs] 
3230.625: [GC (Allocation Failure) [PSYoungGen: 60768K->1344K(61440K)] 450399K->390975K(572928K), 0.0028832 secs] [Times: user=0.01 sys=0.00, real=0.00 secs] 
3231.138: [GC (Allocation Failure) [PSYoungGen: 60736K->1485K(61440K)] 450367K->391116K(572928K), 0.0018749 secs] [Times: user=0.00 sys=0.00, real=0.00 secs] 
3231.494: [GC (Allocation Failure) [PSYoungGen: 60877K->1565K(61440K)] 450508K->391196K(572928K), 0.0017719 secs] [Times: user=0.01 sys=0.00, real=0.00 secs] 
3231.840: [GC (Allocation Failure) [PSYoungGen: 60957K->1533K(61440K)] 450588K->391180K(572928K), 0.0016269 secs] [Times: user=0.01 sys=0.00, real=0.01 secs] 
3232.241: [GC (Allocation Failure) [PSYoungGen: 60925K->1568K(61440K)] 450572K->391215K(572928K), 0.0017048 secs] [Times: user=0.01 sys=0.00, real=0.01 secs] 
3232.646: [GC (Allocation Failure) [PSYoungGen: 60960K->1568K(61440K)] 450607K->391215K(572928K), 0.0018969 secs] [Times: user=0.01 sys=0.00, real=0.00 secs] 
3233.368: [GC (Allocation Failure) [PSYoungGen: 60960K->1376K(61440K)] 450607K->391023K(572928K), 0.0023271 secs] [Times: user=0.01 sys=0.00, real=0.00 secs] 
3233.922: [GC (Allocation Failure) [PSYoungGen: 60768K->1376K(61440K)] 450415K->391023K(572928K), 0.0025483 secs] [Times: user=0.01 sys=0.00, real=0.00 secs] 
3234.584: [GC (Allocation Failure) [PSYoungGen: 60768K->1408K(61440K)] 450415K->391055K(572928K), 0.0031058 secs] [Times: user=0.01 sys=0.00, real=0.00 secs] 
3235.061: [GC (Allocation Failure) [PSYoungGen: 60800K->1376K(61440K)] 450447K->391023K(572928K), 0.0028115 secs] [Times: user=0.01 sys=0.00, real=0.01 secs] 
3235.579: [GC (Allocation Failure) [PSYoungGen: 60768K->1520K(61440K)] 450415K->391167K(572928K), 0.0015633 secs] [Times: user=0.01 sys=0.00, real=0.00 secs] 
3235.925: [GC (Allocation Failure) [PSYoungGen: 60912K->1565K(61440K)] 450559K->391212K(572928K), 0.0016062 secs] [Times: user=0.01 sys=0.00, real=0.00 secs] 
3236.271: [GC (Allocation Failure) [PSYoungGen: 60957K->1469K(61440K)] 450604K->391132K(572928K), 0.0017031 secs] [Times: user=0.00 sys=0.00, real=0.01 secs] 
3236.615: [GC (Allocation Failure) [PSYoungGen: 60853K->1533K(61440K)] 450516K->391196K(572928K), 0.0016165 secs] [Times: user=0.01 sys=0.00, real=0.00 secs] 
3237.327: [GC (Allocation Failure) [PSYoungGen: 60925K->1456K(61440K)] 450588K->391119K(572928K), 0.0027177 secs] [Times: user=0.01 sys=0.00, real=0.00 secs] 
3238.568: [GC (Allocation Failure) [PSYoungGen: 60848K->1376K(61440K)] 450511K->391039K(572928K), 0.0031031 secs] [Times: user=0.01 sys=0.01, real=0.00 secs] 
3239.209: [GC (Allocation Failure) [PSYoungGen: 60768K->1376K(61440K)] 450431K->391047K(572928K), 0.0022131 secs] [Times: user=0.01 sys=0.00, real=0.00 secs] 
3239.721: [GC (Allocation Failure) [PSYoungGen: 60768K->1376K(61440K)] 450439K->391047K(572928K), 0.0028043 secs] [Times: user=0.01 sys=0.00, real=0.01 secs] 
3240.193: [GC (Allocation Failure) [PSYoungGen: 60768K->1344K(61440K)] 450439K->391015K(572928K), 0.0024946 secs] [Times: user=0.01 sys=0.01, real=0.00 secs] 
3240.809: [GC (Allocation Failure) [PSYoungGen: 60736K->1488K(61440K)] 450407K->391159K(572928K), 0.0015751 secs] [Times: user=0.00 sys=0.00, real=0.00 secs] 
3241.155: [GC (Allocation Failure) [PSYoungGen: 60868K->1568K(61440K)] 450539K->391255K(572928K), 0.0016353 secs] [Times: user=0.01 sys=0.00, real=0.00 secs] 
3241.502: [GC (Allocation Failure) [PSYoungGen: 60960K->1581K(61440K)] 450647K->391268K(572928K), 0.0017990 secs] [Times: user=0.01 sys=0.00, real=0.01 secs] 
3241.902: [GC (Allocation Failure) [PSYoungGen: 60973K->1581K(61440K)] 450660K->391268K(572928K), 0.0016787 secs] [Times: user=0.00 sys=0.00, real=0.01 secs] 
3242.305: [GC (Allocation Failure) [PSYoungGen: 60973K->1424K(61440K)] 450660K->391111K(572928K), 0.0023534 secs] [Times: user=0.01 sys=0.00, real=0.00 secs] 
3242.564: [GC (Allocation Failure) [PSYoungGen: 60816K->1392K(61440K)] 450503K->391079K(572928K), 0.0021458 secs] [Times: user=0.01 sys=0.00, real=0.00 secs] 
3242.988: [GC (Allocation Failure) [PSYoungGen: 60784K->1312K(61440K)] 450471K->390999K(572928K), 0.0021519 secs] [Times: user=0.01 sys=0.00, real=0.00 secs] 
3243.428: [GC (Allocation Failure) [PSYoungGen: 60704K->1376K(61440K)] 450391K->391063K(572928K), 0.0019820 secs] [Times: user=0.01 sys=0.00, real=0.00 secs] 
3243.969: [GC (Allocation Failure) [PSYoungGen: 60768K->1376K(61440K)] 450455K->391063K(572928K), 0.0020021 secs] [Times: user=0.01 sys=0.00, real=0.00 secs] 
3244.598: [GC (Allocation Failure) [PSYoungGen: 60768K->1533K(61440K)] 450455K->391220K(572928K), 0.0016873 secs] [Times: user=0.01 sys=0.00, real=0.00 secs] 
3245.007: [GC (Allocation Failure) [PSYoungGen: 60925K->1552K(61440K)] 450612K->391255K(572928K), 0.0016535 secs] [Times: user=0.01 sys=0.00, real=0.00 secs] 
3245.420: [GC (Allocation Failure) [PSYoungGen: 60944K->1597K(61440K)] 450647K->391300K(572928K), 0.0018124 secs] [Times: user=0.01 sys=0.00, real=0.01 secs] 
3245.782: [GC (Allocation Failure) [PSYoungGen: 60989K->1533K(61440K)] 450692K->391260K(572928K), 0.0019258 secs] [Times: user=0.01 sys=0.01, real=0.01 secs] 
3246.106: [GC (Allocation Failure) [PSYoungGen: 60925K->1440K(61440K)] 450652K->391167K(572928K), 0.0018393 secs] [Times: user=0.00 sys=0.00, real=0.00 secs] 
3246.353: [GC (Allocation Failure) [PSYoungGen: 60832K->1312K(61440K)] 450559K->391039K(572928K), 0.0017490 secs] [Times: user=0.01 sys=0.00, real=0.00 secs] 
3246.599: [GC (Allocation Failure) [PSYoungGen: 60704K->1344K(61440K)] 450431K->391071K(572928K), 0.0016500 secs] [Times: user=0.00 sys=0.00, real=0.00 secs] 
3246.866: [GC (Allocation Failure) [PSYoungGen: 60736K->1376K(61440K)] 450463K->391103K(572928K), 0.0031927 secs] [Times: user=0.01 sys=0.00, real=0.00 secs] 
3247.113: [GC (Allocation Failure) [PSYoungGen: 60768K->1344K(61440K)] 450495K->391071K(572928K), 0.0025399 secs] [Times: user=0.01 sys=0.00, real=0.00 secs] 
3247.502: [GC (Allocation Failure) [PSYoungGen: 60717K->1485K(61440K)] 450445K->391212K(572928K), 0.0015713 secs] [Times: user=0.00 sys=0.00, real=0.01 secs] 
3247.847: [GC (Allocation Failure) [PSYoungGen: 60877K->1533K(61440K)] 450604K->391276K(572928K), 0.0017744 secs] [Times: user=0.00 sys=0.00, real=0.00 secs] 
3248.191: [GC (Allocation Failure) [PSYoungGen: 60893K->1549K(61440K)] 450637K->391292K(572928K), 0.0017791 secs] [Times: user=0.00 sys=0.00, real=0.01 secs] 
3248.537: [GC (Allocation Failure) [PSYoungGen: 60941K->1501K(61440K)] 450684K->391244K(572928K), 0.0016112 secs] [Times: user=0.01 sys=0.00, real=0.00 secs] 
3249.112: [GC (Allocation Failure) [PSYoungGen: 60893K->1424K(61440K)] 450636K->391167K(572928K), 0.0019681 secs] [Times: user=0.01 sys=0.00, real=0.00 secs] 
3249.951: [GC (Allocation Failure) [PSYoungGen: 60816K->1312K(61440K)] 450559K->391055K(572928K), 0.0020543 secs] [Times: user=0.01 sys=0.00, real=0.01 secs] 
3250.669: [GC (Allocation Failure) [PSYoungGen: 60704K->1376K(61440K)] 450447K->391119K(572928K), 0.0021924 secs] [Times: user=0.00 sys=0.00, real=0.00 secs] 
3251.198: [GC (Allocation Failure) [PSYoungGen: 60768K->1344K(61440K)] 450511K->391087K(572928K), 0.0021946 secs] [Times: user=0.01 sys=0.00, real=0.00 secs] 
3251.668: [GC (Allocation Failure) [PSYoungGen: 60736K->1376K(61440K)] 450479K->391119K(572928K), 0.0022762 secs] [Times: user=0.01 sys=0.00, real=0.00 secs] 
3252.101: [GC (Allocation Failure) [PSYoungGen: 60768K->1533K(61440K)] 450511K->391276K(572928K), 0.0016317 secs] [Times: user=0.01 sys=0.00, real=0.01 secs] 
3252.446: [GC (Allocation Failure) [PSYoungGen: 60918K->1533K(61440K)] 450662K->391292K(572928K), 0.0016257 secs] [Times: user=0.00 sys=0.00, real=0.00 secs] 
3252.793: [GC (Allocation Failure) [PSYoungGen: 60925K->1581K(61440K)] 450684K->391340K(572928K), 0.0016181 secs] [Times: user=0.01 sys=0.00, real=0.00 secs] 
3253.139: [GC (Allocation Failure) [PSYoungGen: 60973K->1533K(61440K)] 450732K->391292K(572928K), 0.0016084 secs] [Times: user=0.01 sys=0.01, real=0.00 secs] 
3253.440: [GC (Allocation Failure) [PSYoungGen: 60925K->1392K(61440K)] 450684K->391151K(572928K), 0.0017957 secs] [Times: user=0.01 sys=0.00, real=0.01 secs] 
3253.855: [GC (Allocation Failure) [PSYoungGen: 60784K->1344K(61440K)] 450543K->391103K(572928K), 0.0017812 secs] [Times: user=0.01 sys=0.00, real=0.00 secs] 
3254.380: [GC (Allocation Failure) [PSYoungGen: 60736K->1328K(61440K)] 450495K->391087K(572928K), 0.0019793 secs] [Times: user=0.01 sys=0.00, real=0.01 secs] 
3254.870: [GC (Allocation Failure) [PSYoungGen: 60720K->1344K(61440K)] 450479K->391111K(572928K), 0.0024288 secs] [Times: user=0.01 sys=0.00, real=0.01 secs] 
3255.408: [GC (Allocation Failure) [PSYoungGen: 60707K->1424K(61440K)] 450475K->391191K(572928K), 0.0026342 secs] [Times: user=0.01 sys=0.00, real=0.00 secs] 
3255.813: [GC (Allocation Failure) [PSYoungGen: 60816K->1549K(61440K)] 450583K->391316K(572928K), 0.0015935 secs] [Times: user=0.01 sys=0.00, real=0.00 secs] 
3256.214: [GC (Allocation Failure) [PSYoungGen: 60941K->1597K(61440K)] 450708K->391380K(572928K), 0.0016657 secs] [Times: user=0.01 sys=0.00, real=0.00 secs] 
3256.621: [GC (Allocation Failure) [PSYoungGen: 60989K->1520K(61440K)] 450772K->391311K(572928K), 0.0016735 secs] [Times: user=0.00 sys=0.00, real=0.01 secs] 
3256.965: [GC (Allocation Failure) [PSYoungGen: 60912K->1536K(61440K)] 450703K->391327K(572928K), 0.0017025 secs] [Times: user=0.01 sys=0.00, real=0.00 secs] 
3257.243: [GC (Allocation Failure) [PSYoungGen: 60928K->1408K(61440K)] 450719K->391199K(572928K), 0.0024202 secs] [Times: user=0.01 sys=0.00, real=0.00 secs] 
3257.487: [GC (Allocation Failure) [PSYoungGen: 60800K->1376K(61440K)] 450591K->391167K(572928K), 0.0019103 secs] [Times: user=0.00 sys=0.00, real=0.00 secs] 
3257.734: [GC (Allocation Failure) [PSYoungGen: 60768K->1344K(61440K)] 450559K->391135K(572928K), 0.0019359 secs] [Times: user=0.01 sys=0.00, real=0.00 secs] 
3257.981: [GC (Allocation Failure) [PSYoungGen: 60736K->1328K(61440K)] 450527K->391119K(572928K), 0.0019158 secs] [Times: user=0.00 sys=0.00, real=0.01 secs] 
3258.278: [GC (Allocation Failure) [PSYoungGen: 60720K->1453K(61440K)] 450511K->391244K(572928K), 0.0015862 secs] [Times: user=0.00 sys=0.00, real=0.00 secs] 
3258.623: [GC (Allocation Failure) [PSYoungGen: 60845K->1485K(61440K)] 450636K->391276K(572928K), 0.0016158 secs] [Times: user=0.00 sys=0.00, real=0.00 secs] 
3258.968: [GC (Allocation Failure) [PSYoungGen: 60877K->1549K(61440K)] 450668K->391356K(572928K), 0.0016393 secs] [Times: user=0.00 sys=0.00, real=0.00 secs] 
3259.313: [GC (Allocation Failure) [PSYoungGen: 60941K->1613K(61440K)] 450748K->391420K(572928K), 0.0016023 secs] [Times: user=0.01 sys=0.00, real=0.00 secs] 
3259.752: [GC (Allocation Failure) [PSYoungGen: 61005K->2016K(61440K)] 450812K->391823K(572928K), 0.0021135 secs] [Times: user=0.01 sys=0.00, real=0.00 secs] 
3260.003: [GC (Allocation Failure) [PSYoungGen: 61408K->1440K(61440K)] 451215K->391247K(572928K), 0.0019535 secs] [Times: user=0.01 sys=0.00, real=0.00 secs] 
3260.256: [GC (Allocation Failure) [PSYoungGen: 60832K->1376K(61440K)] 450639K->391183K(572928K), 0.0019571 secs] [Times: user=0.01 sys=0.00, real=0.00 secs] 
3260.508: [GC (Allocation Failure) [PSYoungGen: 60768K->1408K(61440K)] 450575K->391215K(572928K), 0.0019382 secs] [Times: user=0.00 sys=0.00, real=0.00 secs] 
3260.760: [GC (Allocation Failure) [PSYoungGen: 60800K->1408K(61440K)] 450607K->391215K(572928K), 0.0018093 secs] [Times: user=0.01 sys=0.00, real=0.01 secs] 
3261.075: [GC (Allocation Failure) [PSYoungGen: 60800K->1453K(61440K)] 450607K->391260K(572928K), 0.0015799 secs] [Times: user=0.01 sys=0.00, real=0.00 secs] 
3261.421: [GC (Allocation Failure) [PSYoungGen: 60845K->1581K(61440K)] 450652K->391388K(572928K), 0.0016091 secs] [Times: user=0.01 sys=0.00, real=0.01 secs] 
3261.766: [GC (Allocation Failure) [PSYoungGen: 60973K->1533K(61440K)] 450780K->391356K(572928K), 0.0016776 secs] [Times: user=0.01 sys=0.00, real=0.00 secs] 
3262.113: [GC (Allocation Failure) [PSYoungGen: 60925K->1597K(61440K)] 450748K->391420K(572928K), 0.0016395 secs] [Times: user=0.01 sys=0.00, real=0.00 secs] 
3262.455: [GC (Allocation Failure) [PSYoungGen: 60989K->1456K(61440K)] 450812K->391279K(572928K), 0.0019209 secs] [Times: user=0.00 sys=0.00, real=0.00 secs] 
3262.711: [GC (Allocation Failure) [PSYoungGen: 60848K->1376K(61440K)] 450671K->391199K(572928K), 0.0016918 secs] [Times: user=0.01 sys=0.00, real=0.01 secs] 
3262.977: [GC (Allocation Failure) [PSYoungGen: 60768K->1408K(61440K)] 450591K->391231K(572928K), 0.0017596 secs] [Times: user=0.01 sys=0.00, real=0.00 secs] 
3263.378: [GC (Allocation Failure) [PSYoungGen: 60800K->1440K(61440K)] 450623K->391263K(572928K), 0.0018442 secs] [Times: user=0.01 sys=0.00, real=0.00 secs] 
3263.822: [GC (Allocation Failure) [PSYoungGen: 60832K->1408K(61440K)] 450655K->391231K(572928K), 0.0018385 secs] [Times: user=0.01 sys=0.00, real=0.00 secs] 
3264.372: [GC (Allocation Failure) [PSYoungGen: 60800K->1517K(61440K)] 450623K->391372K(572928K), 0.0015490 secs] [Times: user=0.01 sys=0.00, real=0.00 secs] 
3264.719: [GC (Allocation Failure) [PSYoungGen: 60901K->1485K(61440K)] 450757K->391356K(572928K), 0.0017269 secs] [Times: user=0.01 sys=0.00, real=0.00 secs] 
3265.139: [GC (Allocation Failure) [PSYoungGen: 60877K->1552K(61440K)] 450748K->391423K(572928K), 0.0016980 secs] [Times: user=0.01 sys=0.00, real=0.00 secs] 
3265.488: [GC (Allocation Failure) [PSYoungGen: 60944K->1520K(61440K)] 450815K->391391K(572928K), 0.0019331 secs] [Times: user=0.01 sys=0.00, real=0.00 secs] 
3265.834: [GC (Allocation Failure) [PSYoungGen: 60912K->1472K(61440K)] 450783K->391343K(572928K), 0.0022338 secs] [Times: user=0.01 sys=0.00, real=0.00 secs] 
3266.082: [GC (Allocation Failure) [PSYoungGen: 60864K->1376K(61440K)] 450735K->391247K(572928K), 0.0019794 secs] [Times: user=0.00 sys=0.00, real=0.00 secs] 
3266.348: [GC (Allocation Failure) [PSYoungGen: 60768K->1376K(61440K)] 450639K->391247K(572928K), 0.0018108 secs] [Times: user=0.01 sys=0.00, real=0.00 secs] 
3266.628: [GC (Allocation Failure) [PSYoungGen: 60768K->1376K(61440K)] 450639K->391247K(572928K), 0.0018255 secs] [Times: user=0.01 sys=0.00, real=0.00 secs] 
3266.925: [GC (Allocation Failure) [PSYoungGen: 60768K->1360K(61440K)] 450639K->391231K(572928K), 0.0019784 secs] [Times: user=0.00 sys=0.00, real=0.00 secs] 
3267.272: [GC (Allocation Failure) [PSYoungGen: 60730K->1517K(61440K)] 450602K->391388K(572928K), 0.0016683 secs] [Times: user=0.00 sys=0.00, real=0.01 secs] 
3267.680: [GC (Allocation Failure) [PSYoungGen: 60909K->1565K(61440K)] 450780K->391444K(572928K), 0.0017105 secs] [Times: user=0.01 sys=0.00, real=0.00 secs] 
3268.085: [GC (Allocation Failure) [PSYoungGen: 60933K->1533K(61440K)] 450813K->391412K(572928K), 0.0016140 secs] [Times: user=0.01 sys=0.00, real=0.00 secs] 
3268.434: [GC (Allocation Failure) [PSYoungGen: 60925K->1517K(61440K)] 450804K->391396K(572928K), 0.0017108 secs] [Times: user=0.00 sys=0.00, real=0.00 secs] 
3268.817: [GC (Allocation Failure) [PSYoungGen: 60909K->1408K(61440K)] 450788K->391287K(572928K), 0.0026283 secs] [Times: user=0.01 sys=0.00, real=0.00 secs] 
3269.069: [GC (Allocation Failure) [PSYoungGen: 60800K->1376K(61440K)] 450679K->391255K(572928K), 0.0020455 secs] [Times: user=0.01 sys=0.00, real=0.00 secs] 
3269.315: [GC (Allocation Failure) [PSYoungGen: 60768K->1344K(61440K)] 450647K->391223K(572928K), 0.0020702 secs] [Times: user=0.00 sys=0.00, real=0.00 secs] 
3269.562: [GC (Allocation Failure) [PSYoungGen: 60736K->1408K(61440K)] 450615K->391287K(572928K), 0.0018797 secs] [Times: user=0.01 sys=0.00, real=0.00 secs] 
3269.809: [GC (Allocation Failure) [PSYoungGen: 60800K->1376K(61440K)] 450679K->391255K(572928K), 0.0019215 secs] [Times: user=0.01 sys=0.00, real=0.00 secs] 
3270.171: [GC (Allocation Failure) [PSYoungGen: 60768K->1488K(61440K)] 450647K->391367K(572928K), 0.0015884 secs] [Times: user=0.01 sys=0.00, real=0.01 secs] 
3270.518: [GC (Allocation Failure) [PSYoungGen: 60880K->1533K(61440K)] 450759K->391420K(572928K), 0.0016720 secs] [Times: user=0.01 sys=0.00, real=0.00 secs] 
3270.927: [GC (Allocation Failure) [PSYoungGen: 60925K->1584K(61440K)] 450812K->391471K(572928K), 0.0016645 secs] [Times: user=0.00 sys=0.00, real=0.00 secs] 
3271.272: [GC (Allocation Failure) [PSYoungGen: 60976K->1552K(61440K)] 450863K->391439K(572928K), 0.0018779 secs] [Times: user=0.01 sys=0.00, real=0.01 secs] 
3271.598: [GC (Allocation Failure) [PSYoungGen: 60944K->1376K(61440K)] 450831K->391263K(572928K), 0.0022259 secs] [Times: user=0.00 sys=0.00, real=0.00 secs] 
3271.978: [GC (Allocation Failure) [PSYoungGen: 60768K->1376K(61440K)] 450655K->391263K(572928K), 0.0023884 secs] [Times: user=0.01 sys=0.00, real=0.00 secs] 
3272.464: [GC (Allocation Failure) [PSYoungGen: 60768K->1344K(61440K)] 450655K->391231K(572928K), 0.0025147 secs] [Times: user=0.01 sys=0.00, real=0.00 secs] 
3272.978: [GC (Allocation Failure) [PSYoungGen: 60736K->1376K(61440K)] 450623K->391263K(572928K), 0.0031185 secs] [Times: user=0.02 sys=0.00, real=0.00 secs] 
3273.605: [GC (Allocation Failure) [PSYoungGen: 60768K->1405K(61440K)] 450655K->391292K(572928K), 0.0026430 secs] [Times: user=0.01 sys=0.00, real=0.00 secs] 
3274.011: [GC (Allocation Failure) [PSYoungGen: 60797K->1520K(61440K)] 450684K->391407K(572928K), 0.0016144 secs] [Times: user=0.01 sys=0.00, real=0.01 secs] 
3274.393: [GC (Allocation Failure) [PSYoungGen: 60912K->1597K(61440K)] 450799K->391500K(572928K), 0.0016622 secs] [Times: user=0.01 sys=0.00, real=0.00 secs] 
3274.737: [GC (Allocation Failure) [PSYoungGen: 60989K->1565K(61440K)] 450892K->391492K(572928K), 0.0016650 secs] [Times: user=0.00 sys=0.00, real=0.00 secs] 
3275.088: [GC (Allocation Failure) [PSYoungGen: 60957K->1565K(61440K)] 450884K->391492K(572928K), 0.0016691 secs] [Times: user=0.00 sys=0.00, real=0.00 secs] 
3276.220: [GC (Allocation Failure) [PSYoungGen: 60957K->1440K(61440K)] 450884K->391367K(572928K), 0.0057161 secs] [Times: user=0.02 sys=0.00, real=0.01 secs] 
3276.781: [GC (Allocation Failure) [PSYoungGen: 60832K->1344K(61440K)] 450759K->391271K(572928K), 0.0031998 secs] [Times: user=0.01 sys=0.00, real=0.01 secs] 
3277.033: [GC (Allocation Failure) [PSYoungGen: 60736K->1376K(61440K)] 450663K->391303K(572928K), 0.0020046 secs] [Times: user=0.01 sys=0.00, real=0.00 secs] 
3277.291: [GC (Allocation Failure) [PSYoungGen: 60768K->1376K(61440K)] 450695K->391303K(572928K), 0.0018036 secs] [Times: user=0.01 sys=0.00, real=0.01 secs] 
3277.577: [GC (Allocation Failure) [PSYoungGen: 60741K->1501K(61440K)] 450669K->391428K(572928K), 0.0015292 secs] [Times: user=0.00 sys=0.00, real=0.00 secs] 
3277.921: [GC (Allocation Failure) [PSYoungGen: 60893K->1533K(61440K)] 450820K->391460K(572928K), 0.0016511 secs] [Times: user=0.01 sys=0.00, real=0.01 secs] 
3278.265: [GC (Allocation Failure) [PSYoungGen: 60925K->1533K(61440K)] 450852K->391468K(572928K), 0.0016207 secs] [Times: user=0.01 sys=0.00, real=0.00 secs] 
3278.611: [GC (Allocation Failure) [PSYoungGen: 60925K->1517K(61440K)] 450860K->391452K(572928K), 0.0016255 secs] [Times: user=0.01 sys=0.00, real=0.01 secs] 
3278.981: [GC (Allocation Failure) [PSYoungGen: 60909K->1728K(61440K)] 450844K->391663K(572928K), 0.0019773 secs] [Times: user=0.01 sys=0.00, real=0.01 secs] 
3279.270: [GC (Allocation Failure) [PSYoungGen: 61120K->1376K(61440K)] 451055K->391311K(572928K), 0.0019155 secs] [Times: user=0.01 sys=0.00, real=0.01 secs] 
3279.562: [GC (Allocation Failure) [PSYoungGen: 60768K->1344K(61440K)] 450703K->391279K(572928K), 0.0017165 secs] [Times: user=0.01 sys=0.00, real=0.01 secs] 
3279.873: [GC (Allocation Failure) [PSYoungGen: 60736K->1376K(61440K)] 450671K->391311K(572928K), 0.0019670 secs] [Times: user=0.01 sys=0.00, real=0.00 secs] 
3280.120: [GC (Allocation Failure) [PSYoungGen: 60768K->1376K(61440K)] 450703K->391311K(572928K), 0.0020082 secs] [Times: user=0.01 sys=0.00, real=0.01 secs] 
3280.466: [GC (Allocation Failure) [PSYoungGen: 60743K->1389K(61440K)] 450679K->391324K(572928K), 0.0016067 secs] [Times: user=0.00 sys=0.00, real=0.00 secs] 
3280.813: [GC (Allocation Failure) [PSYoungGen: 60781K->1501K(61440K)] 450716K->391436K(572928K), 0.0016425 secs] [Times: user=0.01 sys=0.00, real=0.00 secs] 
3281.162: [GC (Allocation Failure) [PSYoungGen: 60893K->1533K(61440K)] 450828K->391484K(572928K), 0.0016465 secs] [Times: user=0.00 sys=0.00, real=0.01 secs] 
3281.507: [GC (Allocation Failure) [PSYoungGen: 60925K->1597K(61440K)] 450876K->391548K(572928K), 0.0016317 secs] [Times: user=0.00 sys=0.00, real=0.00 secs] 
3281.874: [GC (Allocation Failure) [PSYoungGen: 60989K->1488K(61440K)] 450940K->391439K(572928K), 0.0019161 secs] [Times: user=0.01 sys=0.00, real=0.00 secs] 
3282.121: [GC (Allocation Failure) [PSYoungGen: 60880K->1376K(61440K)] 450831K->391327K(572928K), 0.0019652 secs] [Times: user=0.01 sys=0.00, real=0.01 secs] 
3282.368: [GC (Allocation Failure) [PSYoungGen: 60768K->1408K(61440K)] 450719K->391359K(572928K), 0.0018647 secs] [Times: user=0.00 sys=0.00, real=0.00 secs] 
3282.724: [GC (Allocation Failure) [PSYoungGen: 60800K->1408K(61440K)] 450751K->391359K(572928K), 0.0018428 secs] [Times: user=0.01 sys=0.00, real=0.00 secs] 
3283.131: [GC (Allocation Failure) [PSYoungGen: 60800K->1376K(61440K)] 450751K->391327K(572928K), 0.0019848 secs] [Times: user=0.00 sys=0.00, real=0.01 secs] 
3283.557: [GC (Allocation Failure) [PSYoungGen: 60768K->1517K(61440K)] 450719K->391468K(572928K), 0.0016143 secs] [Times: user=0.00 sys=0.00, real=0.00 secs] 
3283.904: [GC (Allocation Failure) [PSYoungGen: 60907K->1533K(61440K)] 450858K->391500K(572928K), 0.0016391 secs] [Times: user=0.00 sys=0.00, real=0.00 secs] 
3284.250: [GC (Allocation Failure) [PSYoungGen: 60925K->1533K(61440K)] 450892K->391524K(572928K), 0.0018024 secs] [Times: user=0.01 sys=0.00, real=0.00 secs] 
3284.595: [GC (Allocation Failure) [PSYoungGen: 60925K->1565K(61440K)] 450916K->391556K(572928K), 0.0016341 secs] [Times: user=0.01 sys=0.00, real=0.00 secs] 
3285.024: [GC (Allocation Failure) [PSYoungGen: 60957K->1440K(61440K)] 450948K->391431K(572928K), 0.0015276 secs] [Times: user=0.00 sys=0.00, real=0.00 secs] 
3285.558: [GC (Allocation Failure) [PSYoungGen: 60832K->1376K(61440K)] 450823K->391367K(572928K), 0.0017530 secs] [Times: user=0.00 sys=0.00, real=0.00 secs] 
3285.944: [GC (Allocation Failure) [PSYoungGen: 60768K->1376K(61440K)] 450759K->391367K(572928K), 0.0016874 secs] [Times: user=0.01 sys=0.00, real=0.00 secs] 
3286.266: [GC (Allocation Failure) [PSYoungGen: 60768K->1376K(61440K)] 450759K->391367K(572928K), 0.0017393 secs] [Times: user=0.01 sys=0.00, real=0.00 secs] 
3286.833: [GC (Allocation Failure) [PSYoungGen: 60768K->1344K(61440K)] 450759K->391335K(572928K), 0.0020378 secs] [Times: user=0.00 sys=0.00, real=0.00 secs] 
3287.280: [GC (Allocation Failure) [PSYoungGen: 60736K->1485K(61440K)] 450727K->391476K(572928K), 0.0016798 secs] [Times: user=0.00 sys=0.00, real=0.00 secs] 
3287.627: [GC (Allocation Failure) [PSYoungGen: 60877K->1533K(61440K)] 450868K->391540K(572928K), 0.0015819 secs] [Times: user=0.00 sys=0.00, real=0.00 secs] 
3288.026: [GC (Allocation Failure) [PSYoungGen: 60925K->1613K(61440K)] 450932K->391620K(572928K), 0.0017044 secs] [Times: user=0.01 sys=0.00, real=0.00 secs] 
3288.429: [GC (Allocation Failure) [PSYoungGen: 61005K->1581K(61440K)] 451012K->391588K(572928K), 0.0016721 secs] [Times: user=0.01 sys=0.00, real=0.00 secs] 
3289.300: [GC (Allocation Failure) [PSYoungGen: 60973K->1424K(61440K)] 450980K->391431K(572928K), 0.0045292 secs] [Times: user=0.01 sys=0.00, real=0.01 secs] 
3290.312: [GC (Allocation Failure) [PSYoungGen: 60816K->1312K(61440K)] 450823K->391319K(572928K), 0.0028827 secs] [Times: user=0.01 sys=0.00, real=0.01 secs] 
3290.603: [GC (Allocation Failure) [PSYoungGen: 60704K->1376K(61440K)] 450711K->391383K(572928K), 0.0020858 secs] [Times: user=0.01 sys=0.00, real=0.00 secs] 
3290.879: [GC (Allocation Failure) [PSYoungGen: 60768K->1344K(61440K)] 450775K->391351K(572928K), 0.0018922 secs] [Times: user=0.01 sys=0.00, real=0.00 secs] 
3291.169: [GC (Allocation Failure) [PSYoungGen: 60736K->1376K(61440K)] 450743K->391383K(572928K), 0.0019481 secs] [Times: user=0.00 sys=0.00, real=0.00 secs] 
3291.516: [GC (Allocation Failure) [PSYoungGen: 60744K->1501K(61440K)] 450752K->391508K(572928K), 0.0016878 secs] [Times: user=0.00 sys=0.00, real=0.00 secs] 
3291.862: [GC (Allocation Failure) [PSYoungGen: 60893K->1520K(61440K)] 450900K->391543K(572928K), 0.0016601 secs] [Times: user=0.01 sys=0.00, real=0.00 secs] 
3292.251: [GC (Allocation Failure) [PSYoungGen: 60880K->1565K(61440K)] 450903K->391588K(572928K), 0.0017052 secs] [Times: user=0.00 sys=0.00, real=0.01 secs] 
3292.595: [GC (Allocation Failure) [PSYoungGen: 60957K->1565K(61440K)] 450980K->391588K(572928K), 0.0016718 secs] [Times: user=0.01 sys=0.00, real=0.00 secs] 
3293.294: [GC (Allocation Failure) [PSYoungGen: 60957K->1408K(61440K)] 450980K->391431K(572928K), 0.0026874 secs] [Times: user=0.01 sys=0.00, real=0.00 secs] 
3294.001: [GC (Allocation Failure) [PSYoungGen: 60800K->1376K(61440K)] 450823K->391399K(572928K), 0.0026534 secs] [Times: user=0.01 sys=0.00, real=0.01 secs] 
3294.670: [GC (Allocation Failure) [PSYoungGen: 60768K->1344K(61440K)] 450791K->391367K(572928K), 0.0028640 secs] [Times: user=0.01 sys=0.00, real=0.01 secs] 
3295.493: [GC (Allocation Failure) [PSYoungGen: 60736K->1344K(61440K)] 450759K->391367K(572928K), 0.0049768 secs] [Times: user=0.02 sys=0.00, real=0.00 secs] 
3295.987: [GC (Allocation Failure) [PSYoungGen: 60736K->1328K(61440K)] 450759K->391351K(572928K), 0.0030243 secs] [Times: user=0.01 sys=0.00, real=0.00 secs] 
3296.542: [GC (Allocation Failure) [PSYoungGen: 60698K->1565K(61440K)] 450721K->391588K(572928K), 0.0016774 secs] [Times: user=0.01 sys=0.00, real=0.00 secs] 
3296.887: [GC (Allocation Failure) [PSYoungGen: 60957K->1581K(61440K)] 450980K->391628K(572928K), 0.0016152 secs] [Times: user=0.01 sys=0.00, real=0.00 secs] 
3297.232: [GC (Allocation Failure) [PSYoungGen: 60973K->1533K(61440K)] 451020K->391580K(572928K), 0.0016531 secs] [Times: user=0.01 sys=0.00, real=0.00 secs] 
3297.577: [GC (Allocation Failure) [PSYoungGen: 60925K->1517K(61440K)] 450972K->391564K(572928K), 0.0015921 secs] [Times: user=0.00 sys=0.00, real=0.00 secs] 
3298.307: [GC (Allocation Failure) [PSYoungGen: 60909K->1408K(61440K)] 450956K->391455K(572928K), 0.0024671 secs] [Times: user=0.01 sys=0.00, real=0.00 secs] 
3298.930: [GC (Allocation Failure) [PSYoungGen: 60800K->1376K(61440K)] 450847K->391423K(572928K), 0.0023995 secs] [Times: user=0.00 sys=0.00, real=0.01 secs] 
3299.570: [GC (Allocation Failure) [PSYoungGen: 60768K->1344K(61440K)] 450815K->391391K(572928K), 0.0048008 secs] [Times: user=0.02 sys=0.00, real=0.01 secs] 
3300.229: [GC (Allocation Failure) [PSYoungGen: 60736K->1312K(61440K)] 450783K->391359K(572928K), 0.0032486 secs] [Times: user=0.01 sys=0.00, real=0.01 secs] 
3300.871: [GC (Allocation Failure) [PSYoungGen: 60704K->1437K(61440K)] 450751K->391484K(572928K), 0.0022733 secs] [Times: user=0.01 sys=0.00, real=0.01 secs] 
3301.255: [GC (Allocation Failure) [PSYoungGen: 60829K->1581K(61440K)] 450876K->391628K(572928K), 0.0018495 secs] [Times: user=0.01 sys=0.00, real=0.00 secs] 
3301.600: [GC (Allocation Failure) [PSYoungGen: 60973K->1581K(61440K)] 451020K->391644K(572928K), 0.0016303 secs] [Times: user=0.01 sys=0.00, real=0.00 secs] 
3302.004: [GC (Allocation Failure) [PSYoungGen: 60973K->1597K(61440K)] 451036K->391660K(572928K), 0.0019355 secs] [Times: user=0.01 sys=0.00, real=0.00 secs] 
3302.352: [GC (Allocation Failure) [PSYoungGen: 60989K->256K(61440K)] 451052K->390319K(572928K), 0.0015898 secs] [Times: user=0.01 sys=0.00, real=0.00 secs] 
3302.726: [GC (Allocation Failure) [PSYoungGen: 59648K->1376K(61440K)] 449711K->391439K(572928K), 0.0020802 secs] [Times: user=0.01 sys=0.00, real=0.00 secs] 
3302.973: [GC (Allocation Failure) [PSYoungGen: 60768K->1344K(61440K)] 450831K->391407K(572928K), 0.0020772 secs] [Times: user=0.01 sys=0.00, real=0.00 secs] 
3303.221: [GC (Allocation Failure) [PSYoungGen: 60736K->1376K(61440K)] 450799K->391439K(572928K), 0.0019381 secs] [Times: user=0.00 sys=0.00, real=0.01 secs] 
3303.467: [GC (Allocation Failure) [PSYoungGen: 60768K->1344K(61440K)] 450831K->391407K(572928K), 0.0020781 secs] [Times: user=0.00 sys=0.00, real=0.00 secs] 
3303.774: [GC (Allocation Failure) [PSYoungGen: 60736K->1456K(61440K)] 450799K->391519K(572928K), 0.0015239 secs] [Times: user=0.01 sys=0.00, real=0.00 secs] 
3304.121: [GC (Allocation Failure) [PSYoungGen: 60848K->1549K(61440K)] 450911K->391612K(572928K), 0.0016262 secs] [Times: user=0.01 sys=0.00, real=0.01 secs] 
3304.466: [GC (Allocation Failure) [PSYoungGen: 60941K->1517K(61440K)] 451004K->391588K(572928K), 0.0016158 secs] [Times: user=0.01 sys=0.00, real=0.00 secs] 
3304.811: [GC (Allocation Failure) [PSYoungGen: 60909K->1597K(61440K)] 450980K->391668K(572928K), 0.0016460 secs] [Times: user=0.01 sys=0.00, real=0.01 secs] 
3305.310: [GC (Allocation Failure) [PSYoungGen: 60989K->1440K(61440K)] 451060K->391527K(572928K), 0.0020227 secs] [Times: user=0.01 sys=0.00, real=0.00 secs] 
3305.904: [GC (Allocation Failure) [PSYoungGen: 60832K->1376K(61440K)] 450919K->391463K(572928K), 0.0019186 secs] [Times: user=0.00 sys=0.00, real=0.00 secs] 
3306.505: [GC (Allocation Failure) [PSYoungGen: 60768K->1376K(61440K)] 450855K->391463K(572928K), 0.0021055 secs] [Times: user=0.01 sys=0.00, real=0.00 secs] 
3307.069: [GC (Allocation Failure) [PSYoungGen: 60768K->1376K(61440K)] 450855K->391463K(572928K), 0.0022173 secs] [Times: user=0.01 sys=0.00, real=0.00 secs] 
3307.886: [GC (Allocation Failure) [PSYoungGen: 60768K->1344K(61440K)] 450855K->391431K(572928K), 0.0021710 secs] [Times: user=0.01 sys=0.00, real=0.00 secs] 
3308.474: [GC (Allocation Failure) [PSYoungGen: 60736K->1421K(61440K)] 450823K->391508K(572928K), 0.0015562 secs] [Times: user=0.01 sys=0.00, real=0.00 secs] 
3308.820: [GC (Allocation Failure) [PSYoungGen: 60811K->1549K(61440K)] 450899K->391644K(572928K), 0.0015890 secs] [Times: user=0.00 sys=0.00, real=0.00 secs] 
3309.166: [GC (Allocation Failure) [PSYoungGen: 60941K->1517K(61440K)] 451036K->391620K(572928K), 0.0016511 secs] [Times: user=0.01 sys=0.00, real=0.00 secs] 
3309.511: [GC (Allocation Failure) [PSYoungGen: 60909K->1501K(61440K)] 451012K->391604K(572928K), 0.0015860 secs] [Times: user=0.01 sys=0.00, real=0.01 secs] 
3309.886: [GC (Allocation Failure) [PSYoungGen: 60893K->1472K(61440K)] 450996K->391575K(572928K), 0.0019320 secs] [Times: user=0.01 sys=0.00, real=0.00 secs] 
3310.165: [GC (Allocation Failure) [PSYoungGen: 60864K->1376K(61440K)] 450967K->391479K(572928K), 0.0016759 secs] [Times: user=0.01 sys=0.00, real=0.00 secs] 
3310.463: [GC (Allocation Failure) [PSYoungGen: 60768K->1408K(61440K)] 450871K->391511K(572928K), 0.0018086 secs] [Times: user=0.01 sys=0.00, real=0.00 secs] 
3310.779: [GC (Allocation Failure) [PSYoungGen: 60800K->1376K(61440K)] 450903K->391479K(572928K), 0.0020356 secs] [Times: user=0.01 sys=0.00, real=0.00 secs] 
3311.026: [GC (Allocation Failure) [PSYoungGen: 60768K->1376K(61440K)] 450871K->391479K(572928K), 0.0018933 secs] [Times: user=0.00 sys=0.00, real=0.00 secs] 
3311.364: [GC (Allocation Failure) [PSYoungGen: 60745K->1520K(61440K)] 450849K->391623K(572928K), 0.0015505 secs] [Times: user=0.01 sys=0.00, real=0.00 secs] 
3311.710: [GC (Allocation Failure) [PSYoungGen: 60912K->1517K(61440K)] 451015K->391636K(572928K), 0.0015858 secs] [Times: user=0.01 sys=0.00, real=0.00 secs] 
3312.055: [GC (Allocation Failure) [PSYoungGen: 60909K->1520K(61440K)] 451028K->391639K(572928K), 0.0016376 secs] [Times: user=0.00 sys=0.00, real=0.00 secs] 
3312.401: [GC (Allocation Failure) [PSYoungGen: 60912K->1581K(61440K)] 451031K->391700K(572928K), 0.0016679 secs] [Times: user=0.00 sys=0.00, real=0.01 secs] 
3312.834: [GC (Allocation Failure) [PSYoungGen: 60973K->1488K(61440K)] 451092K->391607K(572928K), 0.0021794 secs] [Times: user=0.01 sys=0.00, real=0.00 secs] 
3313.340: [GC (Allocation Failure) [PSYoungGen: 60880K->1344K(61440K)] 450999K->391463K(572928K), 0.0030089 secs] [Times: user=0.01 sys=0.00, real=0.01 secs] 
3313.853: [GC (Allocation Failure) [PSYoungGen: 60736K->1344K(61440K)] 450855K->391463K(572928K), 0.0026903 secs] [Times: user=0.01 sys=0.00, real=0.00 secs] 
3314.292: [GC (Allocation Failure) [PSYoungGen: 60736K->1376K(61440K)] 450855K->391495K(572928K), 0.0025580 secs] [Times: user=0.01 sys=0.00, real=0.00 secs] 
3314.685: [GC (Allocation Failure) [PSYoungGen: 60768K->1376K(61440K)] 450887K->391519K(572928K), 0.0024512 secs] [Times: user=0.01 sys=0.00, real=0.00 secs] 
3315.206: [GC (Allocation Failure) [PSYoungGen: 60768K->1501K(61440K)] 450911K->391644K(572928K), 0.0015973 secs] [Times: user=0.01 sys=0.00, real=0.00 secs] 
3315.551: [GC (Allocation Failure) [PSYoungGen: 60893K->1533K(61440K)] 451036K->391692K(572928K), 0.0015841 secs] [Times: user=0.01 sys=0.00, real=0.01 secs] 
3315.957: [GC (Allocation Failure) [PSYoungGen: 60925K->1533K(61440K)] 451084K->391692K(572928K), 0.0016344 secs] [Times: user=0.01 sys=0.00, real=0.00 secs] 
3316.311: [GC (Allocation Failure) [PSYoungGen: 60925K->1568K(61440K)] 451084K->391727K(572928K), 0.0017154 secs] [Times: user=0.00 sys=0.00, real=0.01 secs] 
3316.673: [GC (Allocation Failure) [PSYoungGen: 60960K->1392K(61440K)] 451119K->391551K(572928K), 0.0020686 secs] [Times: user=0.01 sys=0.00, real=0.00 secs] 
3316.949: [GC (Allocation Failure) [PSYoungGen: 60784K->1376K(61440K)] 450943K->391535K(572928K), 0.0020745 secs] [Times: user=0.01 sys=0.00, real=0.00 secs] 
3317.291: [GC (Allocation Failure) [PSYoungGen: 60768K->1376K(61440K)] 450927K->391535K(572928K), 0.0019358 secs] [Times: user=0.01 sys=0.00, real=0.01 secs] 
3317.594: [GC (Allocation Failure) [PSYoungGen: 60768K->1344K(61440K)] 450927K->391503K(572928K), 0.0019888 secs] [Times: user=0.01 sys=0.00, real=0.00 secs] 
3317.842: [GC (Allocation Failure) [PSYoungGen: 60736K->1344K(61440K)] 450895K->391503K(572928K), 0.0020686 secs] [Times: user=0.01 sys=0.00, real=0.01 secs] 
3318.237: [GC (Allocation Failure) [PSYoungGen: 60712K->1533K(61440K)] 450872K->391692K(572928K), 0.0018361 secs] [Times: user=0.00 sys=0.00, real=0.00 secs] 
3318.584: [GC (Allocation Failure) [PSYoungGen: 60925K->1501K(61440K)] 451084K->391668K(572928K), 0.0016719 secs] [Times: user=0.01 sys=0.00, real=0.00 secs] 
3318.929: [GC (Allocation Failure) [PSYoungGen: 60881K->1501K(61440K)] 451049K->391668K(572928K), 0.0016482 secs] [Times: user=0.00 sys=0.00, real=0.00 secs] 
3319.274: [GC (Allocation Failure) [PSYoungGen: 60893K->1533K(61440K)] 451060K->391700K(572928K), 0.0016573 secs] [Times: user=0.01 sys=0.00, real=0.00 secs] 
3319.577: [GC (Allocation Failure) [PSYoungGen: 60925K->1440K(61440K)] 451092K->391607K(572928K), 0.0017995 secs] [Times: user=0.00 sys=0.00, real=0.00 secs] 
3320.099: [GC (Allocation Failure) [PSYoungGen: 60832K->1408K(61440K)] 450999K->391575K(572928K), 0.0017702 secs] [Times: user=0.01 sys=0.00, real=0.00 secs] 
3320.614: [GC (Allocation Failure) [PSYoungGen: 60800K->1376K(61440K)] 450967K->391543K(572928K), 0.0020369 secs] [Times: user=0.00 sys=0.00, real=0.00 secs] 
3321.269: [GC (Allocation Failure) [PSYoungGen: 60768K->1360K(61440K)] 450935K->391527K(572928K), 0.0020392 secs] [Times: user=0.01 sys=0.00, real=0.00 secs] 
3322.165: [GC (Allocation Failure) [PSYoungGen: 60752K->1424K(61440K)] 450919K->391591K(572928K), 0.0035448 secs] [Times: user=0.01 sys=0.00, real=0.00 secs] 
3322.661: [GC (Allocation Failure) [PSYoungGen: 60816K->1501K(61440K)] 450983K->391668K(572928K), 0.0018942 secs] [Times: user=0.01 sys=0.00, real=0.01 secs] 
3323.062: [GC (Allocation Failure) [PSYoungGen: 60893K->1549K(61440K)] 451060K->391724K(572928K), 0.0016344 secs] [Times: user=0.01 sys=0.00, real=0.01 secs] 
3323.406: [GC (Allocation Failure) [PSYoungGen: 60941K->1581K(61440K)] 451116K->391756K(572928K), 0.0016755 secs] [Times: user=0.00 sys=0.00, real=0.00 secs] 
3323.753: [GC (Allocation Failure) [PSYoungGen: 60973K->1568K(61440K)] 451148K->391743K(572928K), 0.0019590 secs] [Times: user=0.00 sys=0.00, real=0.00 secs] 
3324.029: [GC (Allocation Failure) [PSYoungGen: 60960K->1408K(61440K)] 451135K->391583K(572928K), 0.0029256 secs] [Times: user=0.01 sys=0.00, real=0.01 secs] 
3324.275: [GC (Allocation Failure) [PSYoungGen: 60800K->1344K(61440K)] 450975K->391519K(572928K), 0.0020590 secs] [Times: user=0.01 sys=0.00, real=0.00 secs] 
3324.626: [GC (Allocation Failure) [PSYoungGen: 60736K->1344K(61440K)] 450911K->391519K(572928K), 0.0020714 secs] [Times: user=0.00 sys=0.00, real=0.00 secs] 
3325.092: [GC (Allocation Failure) [PSYoungGen: 60736K->1376K(61440K)] 450911K->391551K(572928K), 0.0019699 secs] [Times: user=0.01 sys=0.00, real=0.01 secs] 
3325.643: [GC (Allocation Failure) [PSYoungGen: 60768K->1437K(61440K)] 450943K->391612K(572928K), 0.0024595 secs] [Times: user=0.01 sys=0.00, real=0.00 secs] 
3326.041: [GC (Allocation Failure) [PSYoungGen: 60829K->1488K(61440K)] 451004K->391687K(572928K), 0.0015787 secs] [Times: user=0.00 sys=0.00, real=0.01 secs] 
3326.394: [GC (Allocation Failure) [PSYoungGen: 60880K->1565K(61440K)] 451079K->391772K(572928K), 0.0016111 secs] [Times: user=0.01 sys=0.00, real=0.00 secs] 
3326.742: [GC (Allocation Failure) [PSYoungGen: 60957K->1581K(61440K)] 451164K->391788K(572928K), 0.0016651 secs] [Times: user=0.01 sys=0.00, real=0.00 secs] 
3327.116: [GC (Allocation Failure) [PSYoungGen: 60973K->1776K(61440K)] 451180K->391983K(572928K), 0.0018957 secs] [Times: user=0.01 sys=0.00, real=0.00 secs] 
3327.571: [GC (Allocation Failure) [PSYoungGen: 61168K->1376K(61440K)] 451375K->391583K(572928K), 0.0023467 secs] [Times: user=0.01 sys=0.00, real=0.01 secs] 
3327.819: [GC (Allocation Failure) [PSYoungGen: 60768K->1376K(61440K)] 450975K->391583K(572928K), 0.0021498 secs] [Times: user=0.01 sys=0.00, real=0.00 secs] 
3328.066: [GC (Allocation Failure) [PSYoungGen: 60768K->1344K(61440K)] 450975K->391551K(572928K), 0.0021259 secs] [Times: user=0.01 sys=0.00, real=0.00 secs] 
3328.420: [GC (Allocation Failure) [PSYoungGen: 60736K->1344K(61440K)] 450943K->391551K(572928K), 0.0022459 secs] [Times: user=0.01 sys=0.00, real=0.01 secs] 
3328.927: [GC (Allocation Failure) [PSYoungGen: 60736K->1389K(61440K)] 450943K->391596K(572928K), 0.0015305 secs] [Times: user=0.01 sys=0.00, real=0.00 secs] 
3329.273: [GC (Allocation Failure) [PSYoungGen: 60781K->1597K(61440K)] 450988K->391804K(572928K), 0.0016319 secs] [Times: user=0.01 sys=0.00, real=0.00 secs] 
3329.619: [GC (Allocation Failure) [PSYoungGen: 60989K->1501K(61440K)] 451196K->391724K(572928K), 0.0016667 secs] [Times: user=0.01 sys=0.00, real=0.00 secs] 
3329.965: [GC (Allocation Failure) [PSYoungGen: 60893K->1517K(61440K)] 451116K->391740K(572928K), 0.0016206 secs] [Times: user=0.00 sys=0.00, real=0.00 secs] 
3330.633: [GC (Allocation Failure) [PSYoungGen: 60909K->1488K(61440K)] 451132K->391711K(572928K), 0.0023479 secs] [Times: user=0.01 sys=0.00, real=0.00 secs] 
3331.584: [GC (Allocation Failure) [PSYoungGen: 60880K->1360K(61440K)] 451103K->391583K(572928K), 0.0027852 secs] [Times: user=0.01 sys=0.00, real=0.00 secs] 
3332.319: [GC (Allocation Failure) [PSYoungGen: 60752K->1344K(61440K)] 450975K->391567K(572928K), 0.0029044 secs] [Times: user=0.01 sys=0.00, real=0.00 secs] 
3332.886: [GC (Allocation Failure) [PSYoungGen: 60736K->1344K(61440K)] 450959K->391567K(572928K), 0.0032425 secs] [Times: user=0.01 sys=0.00, real=0.00 secs] 
3333.395: [GC (Allocation Failure) [PSYoungGen: 60736K->1344K(61440K)] 450959K->391567K(572928K), 0.0026601 secs] [Times: user=0.01 sys=0.00, real=0.00 secs] 
3333.874: [GC (Allocation Failure) [PSYoungGen: 60736K->1504K(61440K)] 450959K->391727K(572928K), 0.0015554 secs] [Times: user=0.00 sys=0.00, real=0.00 secs] 
3334.220: [GC (Allocation Failure) [PSYoungGen: 60881K->1568K(61440K)] 451105K->391807K(572928K), 0.0015874 secs] [Times: user=0.01 sys=0.00, real=0.01 secs] 
3334.568: [GC (Allocation Failure) [PSYoungGen: 60960K->1565K(61440K)] 451199K->391804K(572928K), 0.0016279 secs] [Times: user=0.01 sys=0.00, real=0.00 secs] 
3334.914: [GC (Allocation Failure) [PSYoungGen: 60957K->1520K(61440K)] 451196K->391759K(572928K), 0.0016685 secs] [Times: user=0.01 sys=0.00, real=0.00 secs] 
3335.830: [GC (Allocation Failure) [PSYoungGen: 60912K->1456K(61440K)] 451151K->391695K(572928K), 0.0022850 secs] [Times: user=0.01 sys=0.00, real=0.01 secs] 
3336.398: [GC (Allocation Failure) [PSYoungGen: 60848K->1408K(61440K)] 451087K->391647K(572928K), 0.0020401 secs] [Times: user=0.01 sys=0.00, real=0.00 secs] 
3336.650: [GC (Allocation Failure) [PSYoungGen: 60800K->1376K(61440K)] 451039K->391615K(572928K), 0.0019406 secs] [Times: user=0.00 sys=0.01, real=0.01 secs] 
3336.897: [GC (Allocation Failure) [PSYoungGen: 60768K->1376K(61440K)] 451007K->391647K(572928K), 0.0020090 secs] [Times: user=0.01 sys=0.00, real=0.00 secs] 
3337.143: [GC (Allocation Failure) [PSYoungGen: 60768K->1376K(61440K)] 451039K->391647K(572928K), 0.0018528 secs] [Times: user=0.01 sys=0.00, real=0.00 secs] 
3337.482: [GC (Allocation Failure) [PSYoungGen: 60768K->1469K(61440K)] 451039K->391740K(572928K), 0.0015506 secs] [Times: user=0.00 sys=0.00, real=0.00 secs] 
3337.828: [GC (Allocation Failure) [PSYoungGen: 60861K->1552K(61440K)] 451132K->391839K(572928K), 0.0016185 secs] [Times: user=0.01 sys=0.00, real=0.00 secs] 
3338.173: [GC (Allocation Failure) [PSYoungGen: 60944K->1533K(61440K)] 451231K->391820K(572928K), 0.0016179 secs] [Times: user=0.01 sys=0.00, real=0.00 secs] 
3338.519: [GC (Allocation Failure) [PSYoungGen: 60925K->1520K(61440K)] 451212K->391807K(572928K), 0.0016403 secs] [Times: user=0.01 sys=0.00, real=0.00 secs] 
3338.952: [GC (Allocation Failure) [PSYoungGen: 60912K->1456K(61440K)] 451199K->391743K(572928K), 0.0017322 secs] [Times: user=0.01 sys=0.00, real=0.01 secs] 
3339.465: [GC (Allocation Failure) [PSYoungGen: 60848K->1344K(61440K)] 451135K->391631K(572928K), 0.0016768 secs] [Times: user=0.01 sys=0.00, real=0.00 secs] 
3339.938: [GC (Allocation Failure) [PSYoungGen: 60736K->1344K(61440K)] 451023K->391631K(572928K), 0.0022085 secs] [Times: user=0.01 sys=0.00, real=0.00 secs] 
3340.185: [GC (Allocation Failure) [PSYoungGen: 60736K->1408K(61440K)] 451023K->391695K(572928K), 0.0020870 secs] [Times: user=0.00 sys=0.01, real=0.00 secs] 
3340.432: [GC (Allocation Failure) [PSYoungGen: 60800K->1376K(61440K)] 451087K->391663K(572928K), 0.0021322 secs] [Times: user=0.01 sys=0.01, real=0.01 secs] 
3340.809: [GC (Allocation Failure) [PSYoungGen: 60768K->1485K(61440K)] 451055K->391772K(572928K), 0.0016163 secs] [Times: user=0.01 sys=0.00, real=0.00 secs] 
3341.159: [GC (Allocation Failure) [PSYoungGen: 60877K->1501K(61440K)] 451164K->391804K(572928K), 0.0015842 secs] [Times: user=0.00 sys=0.00, real=0.00 secs] 
3341.566: [GC (Allocation Failure) [PSYoungGen: 60893K->1565K(61440K)] 451196K->391868K(572928K), 0.0016522 secs] [Times: user=0.01 sys=0.00, real=0.00 secs] 
3341.917: [GC (Allocation Failure) [PSYoungGen: 60957K->1581K(61440K)] 451260K->391884K(572928K), 0.0016671 secs] [Times: user=0.01 sys=0.00, real=0.00 secs] 
3342.585: [GC (Allocation Failure) [PSYoungGen: 60973K->1408K(61440K)] 451276K->391711K(572928K), 0.0032594 secs] [Times: user=0.01 sys=0.00, real=0.00 secs] 
3343.101: [GC (Allocation Failure) [PSYoungGen: 60800K->1376K(61440K)] 451103K->391679K(572928K), 0.0026519 secs] [Times: user=0.01 sys=0.00, real=0.01 secs] 
3343.511: [GC (Allocation Failure) [PSYoungGen: 60768K->1408K(61440K)] 451071K->391711K(572928K), 0.0024460 secs] [Times: user=0.01 sys=0.00, real=0.01 secs] 
3343.987: [GC (Allocation Failure) [PSYoungGen: 60800K->1392K(61440K)] 451103K->391695K(572928K), 0.0021974 secs] [Times: user=0.01 sys=0.00, real=0.00 secs] 
3344.486: [GC (Allocation Failure) [PSYoungGen: 60784K->1376K(61440K)] 451087K->391679K(572928K), 0.0021987 secs] [Times: user=0.01 sys=0.00, real=0.00 secs] 
3344.883: [GC (Allocation Failure) [PSYoungGen: 60768K->1536K(61440K)] 451071K->391839K(572928K), 0.0016602 secs] [Times: user=0.01 sys=0.00, real=0.00 secs] 
3345.232: [GC (Allocation Failure) [PSYoungGen: 60914K->1552K(61440K)] 451217K->391863K(572928K), 0.0016185 secs] [Times: user=0.01 sys=0.00, real=0.00 secs] 
3345.579: [GC (Allocation Failure) [PSYoungGen: 60944K->1520K(61440K)] 451255K->391839K(572928K), 0.0016260 secs] [Times: user=0.01 sys=0.00, real=0.00 secs] 
3345.926: [GC (Allocation Failure) [PSYoungGen: 60912K->1517K(61440K)] 451231K->391836K(572928K), 0.0016476 secs] [Times: user=0.00 sys=0.00, real=0.00 secs] 
3346.240: [GC (Allocation Failure) [PSYoungGen: 60909K->1408K(61440K)] 451228K->391727K(572928K), 0.0027782 secs] [Times: user=0.01 sys=0.00, real=0.01 secs] 
3346.497: [GC (Allocation Failure) [PSYoungGen: 60800K->1392K(61440K)] 451119K->391711K(572928K), 0.0018138 secs] [Times: user=0.01 sys=0.00, real=0.00 secs] 
3346.803: [GC (Allocation Failure) [PSYoungGen: 60784K->1376K(61440K)] 451103K->391695K(572928K), 0.0062931 secs] [Times: user=0.03 sys=0.00, real=0.00 secs] 
3347.066: [GC (Allocation Failure) [PSYoungGen: 60768K->1376K(61440K)] 451087K->391695K(572928K), 0.0019610 secs] [Times: user=0.01 sys=0.00, real=0.00 secs] 
3347.611: [GC (Allocation Failure) [PSYoungGen: 60768K->1456K(61440K)] 451087K->391775K(572928K), 0.0019294 secs] [Times: user=0.01 sys=0.00, real=0.01 secs] 
3347.965: [GC (Allocation Failure) [PSYoungGen: 60848K->1533K(61440K)] 451167K->391852K(572928K), 0.0015897 secs] [Times: user=0.00 sys=0.00, real=0.00 secs] 
3348.310: [GC (Allocation Failure) [PSYoungGen: 60925K->1520K(61440K)] 451244K->391855K(572928K), 0.0016688 secs] [Times: user=0.00 sys=0.00, real=0.01 secs] 
3348.719: [GC (Allocation Failure) [PSYoungGen: 60912K->1533K(61440K)] 451247K->391868K(572928K), 0.0019634 secs] [Times: user=0.01 sys=0.00, real=0.00 secs] 
3349.058: [GC (Allocation Failure) [PSYoungGen: 60925K->1536K(61440K)] 451260K->391879K(572928K), 0.0016436 secs] [Times: user=0.00 sys=0.00, real=0.00 secs] 
3349.790: [GC (Allocation Failure) [PSYoungGen: 60928K->1376K(61440K)] 451271K->391719K(572928K), 0.0024506 secs] [Times: user=0.01 sys=0.00, real=0.01 secs] 
3350.264: [GC (Allocation Failure) [PSYoungGen: 60768K->1376K(61440K)] 451111K->391719K(572928K), 0.0024749 secs] [Times: user=0.01 sys=0.00, real=0.00 secs] 
3350.798: [GC (Allocation Failure) [PSYoungGen: 60768K->1344K(61440K)] 451111K->391695K(572928K), 0.0023177 secs] [Times: user=0.01 sys=0.00, real=0.00 secs] 
3351.198: [GC (Allocation Failure) [PSYoungGen: 60736K->1440K(61440K)] 451087K->391791K(572928K), 0.0021320 secs] [Times: user=0.00 sys=0.00, real=0.00 secs] 
3351.510: [GC (Allocation Failure) [PSYoungGen: 60832K->1453K(61440K)] 451183K->391804K(572928K), 0.0015834 secs] [Times: user=0.01 sys=0.00, real=0.01 secs] 
3351.855: [GC (Allocation Failure) [PSYoungGen: 60845K->1581K(61440K)] 451196K->391932K(572928K), 0.0016480 secs] [Times: user=0.01 sys=0.00, real=0.00 secs] 
3352.201: [GC (Allocation Failure) [PSYoungGen: 60973K->1552K(61440K)] 451324K->391919K(572928K), 0.0016637 secs] [Times: user=0.00 sys=0.00, real=0.01 secs] 
3352.546: [GC (Allocation Failure) [PSYoungGen: 60944K->1613K(61440K)] 451311K->391980K(572928K), 0.0016308 secs] [Times: user=0.00 sys=0.00, real=0.00 secs] 
3353.061: [GC (Allocation Failure) [PSYoungGen: 61005K->1504K(61440K)] 451372K->391871K(572928K), 0.0019890 secs] [Times: user=0.01 sys=0.00, real=0.01 secs] 
3353.783: [GC (Allocation Failure) [PSYoungGen: 60896K->1392K(61440K)] 451263K->391759K(572928K), 0.0032072 secs] [Times: user=0.01 sys=0.00, real=0.00 secs] 
3354.261: [GC (Allocation Failure) [PSYoungGen: 60784K->1408K(61440K)] 451151K->391775K(572928K), 0.0027673 secs] [Times: user=0.01 sys=0.00, real=0.01 secs] 
3354.711: [GC (Allocation Failure) [PSYoungGen: 60800K->1392K(61440K)] 451167K->391759K(572928K), 0.0031039 secs] [Times: user=0.01 sys=0.00, real=0.01 secs] 
3355.153: [GC (Allocation Failure) [PSYoungGen: 60784K->1344K(61440K)] 451151K->391711K(572928K), 0.0032144 secs] [Times: user=0.01 sys=0.00, real=0.00 secs] 
3355.716: [GC (Allocation Failure) [PSYoungGen: 60736K->1485K(61440K)] 451103K->391852K(572928K), 0.0015620 secs] [Times: user=0.00 sys=0.00, real=0.00 secs] 
3356.065: [GC (Allocation Failure) [PSYoungGen: 60877K->1549K(61440K)] 451244K->391948K(572928K), 0.0016801 secs] [Times: user=0.00 sys=0.00, real=0.00 secs] 
3356.414: [GC (Allocation Failure) [PSYoungGen: 60941K->1517K(61440K)] 451340K->391916K(572928K), 0.0017643 secs] [Times: user=0.01 sys=0.00, real=0.00 secs] 
3356.762: [GC (Allocation Failure) [PSYoungGen: 60909K->1597K(61440K)] 451308K->391996K(572928K), 0.0016505 secs] [Times: user=0.01 sys=0.00, real=0.00 secs] 
3357.867: [GC (Allocation Failure) [PSYoungGen: 60989K->1408K(61440K)] 451388K->391807K(572928K), 0.0030520 secs] [Times: user=0.01 sys=0.00, real=0.00 secs] 
3359.427: [GC (Allocation Failure) [PSYoungGen: 60800K->1344K(61440K)] 451199K->391743K(572928K), 0.0036897 secs] [Times: user=0.01 sys=0.00, real=0.00 secs] 
3360.111: [GC (Allocation Failure) [PSYoungGen: 60736K->1360K(61440K)] 451135K->391759K(572928K), 0.0023237 secs] [Times: user=0.01 sys=0.00, real=0.01 secs] 
3360.554: [GC (Allocation Failure) [PSYoungGen: 60752K->1344K(61440K)] 451151K->391743K(572928K), 0.0021096 secs] [Times: user=0.00 sys=0.00, real=0.00 secs] 
3360.988: [GC (Allocation Failure) [PSYoungGen: 60736K->1344K(61440K)] 451135K->391743K(572928K), 0.0025579 secs] [Times: user=0.01 sys=0.00, real=0.00 secs] 
3361.518: [GC (Allocation Failure) [PSYoungGen: 60721K->1485K(61440K)] 451121K->391884K(572928K), 0.0015927 secs] [Times: user=0.01 sys=0.00, real=0.00 secs] 
3361.864: [GC (Allocation Failure) [PSYoungGen: 60877K->1533K(61440K)] 451276K->391948K(572928K), 0.0016312 secs] [Times: user=0.00 sys=0.00, real=0.00 secs] 
3362.209: [GC (Allocation Failure) [PSYoungGen: 60925K->1517K(61440K)] 451340K->391932K(572928K), 0.0016138 secs] [Times: user=0.01 sys=0.00, real=0.00 secs] 
3362.556: [GC (Allocation Failure) [PSYoungGen: 60909K->1552K(61440K)] 451324K->391967K(572928K), 0.0016367 secs] [Times: user=0.00 sys=0.00, real=0.00 secs] 
3363.014: [GC (Allocation Failure) [PSYoungGen: 60944K->1456K(61440K)] 451359K->391871K(572928K), 0.0017881 secs] [Times: user=0.01 sys=0.00, real=0.00 secs] 
3363.461: [GC (Allocation Failure) [PSYoungGen: 60848K->1376K(61440K)] 451263K->391791K(572928K), 0.0017742 secs] [Times: user=0.00 sys=0.00, real=0.01 secs] 
3363.944: [GC (Allocation Failure) [PSYoungGen: 60768K->1376K(61440K)] 451183K->391791K(572928K), 0.0018724 secs] [Times: user=0.01 sys=0.00, real=0.00 secs] 
3364.432: [GC (Allocation Failure) [PSYoungGen: 60768K->1376K(61440K)] 451183K->391791K(572928K), 0.0020509 secs] [Times: user=0.00 sys=0.00, real=0.01 secs] 
3364.938: [GC (Allocation Failure) [PSYoungGen: 60768K->1376K(61440K)] 451183K->391791K(572928K), 0.0020172 secs] [Times: user=0.01 sys=0.00, real=0.00 secs] 
3365.368: [GC (Allocation Failure) [PSYoungGen: 60764K->1501K(61440K)] 451180K->391916K(572928K), 0.0015718 secs] [Times: user=0.01 sys=0.00, real=0.00 secs] 
3365.713: [GC (Allocation Failure) [PSYoungGen: 60893K->1533K(61440K)] 451308K->391964K(572928K), 0.0016234 secs] [Times: user=0.01 sys=0.00, real=0.00 secs] 
3366.059: [GC (Allocation Failure) [PSYoungGen: 60925K->1517K(61440K)] 451356K->391964K(572928K), 0.0016182 secs] [Times: user=0.01 sys=0.00, real=0.00 secs] 
3366.409: [GC (Allocation Failure) [PSYoungGen: 60909K->1520K(61440K)] 451356K->391967K(572928K), 0.0016523 secs] [Times: user=0.00 sys=0.00, real=0.00 secs] 
3366.799: [GC (Allocation Failure) [PSYoungGen: 60912K->1424K(61440K)] 451359K->391871K(572928K), 0.0018700 secs] [Times: user=0.01 sys=0.00, real=0.00 secs] 
3367.050: [GC (Allocation Failure) [PSYoungGen: 60816K->1376K(61440K)] 451263K->391823K(572928K), 0.0020270 secs] [Times: user=0.01 sys=0.00, real=0.01 secs] 
3367.414: [GC (Allocation Failure) [PSYoungGen: 60768K->1344K(61440K)] 451215K->391791K(572928K), 0.0019173 secs] [Times: user=0.01 sys=0.00, real=0.00 secs] 
3367.667: [GC (Allocation Failure) [PSYoungGen: 60736K->1376K(61440K)] 451183K->391823K(572928K), 0.0018226 secs] [Times: user=0.01 sys=0.00, real=0.00 secs] 
3367.917: [GC (Allocation Failure) [PSYoungGen: 60768K->1376K(61440K)] 451215K->391823K(572928K), 0.0018431 secs] [Times: user=0.01 sys=0.00, real=0.00 secs] 
3368.302: [GC (Allocation Failure) [PSYoungGen: 60768K->1517K(61440K)] 451215K->391964K(572928K), 0.0015863 secs] [Times: user=0.00 sys=0.00, real=0.00 secs] 
3368.708: [GC (Allocation Failure) [PSYoungGen: 60909K->1581K(61440K)] 451356K->392036K(572928K), 0.0016645 secs] [Times: user=0.01 sys=0.00, real=0.00 secs] 
3369.052: [GC (Allocation Failure) [PSYoungGen: 60973K->1568K(61440K)] 451428K->392023K(572928K), 0.0016263 secs] [Times: user=0.00 sys=0.00, real=0.00 secs] 
3369.459: [GC (Allocation Failure) [PSYoungGen: 60960K->1565K(61440K)] 451415K->392020K(572928K), 0.0016541 secs] [Times: user=0.01 sys=0.00, real=0.00 secs] 
3369.764: [GC (Allocation Failure) [PSYoungGen: 60957K->1376K(61440K)] 451412K->391831K(572928K), 0.0020794 secs] [Times: user=0.01 sys=0.00, real=0.00 secs] 
3370.011: [GC (Allocation Failure) [PSYoungGen: 60768K->1344K(61440K)] 451223K->391799K(572928K), 0.0022416 secs] [Times: user=0.01 sys=0.00, real=0.01 secs] 
3370.258: [GC (Allocation Failure) [PSYoungGen: 60736K->1376K(61440K)] 451191K->391831K(572928K), 0.0018710 secs] [Times: user=0.01 sys=0.00, real=0.00 secs] 
3370.505: [GC (Allocation Failure) [PSYoungGen: 60768K->1376K(61440K)] 451223K->391831K(572928K), 0.0020077 secs] [Times: user=0.01 sys=0.00, real=0.00 secs] 
3370.785: [GC (Allocation Failure) [PSYoungGen: 60768K->1501K(61440K)] 451223K->391956K(572928K), 0.0018697 secs] [Times: user=0.00 sys=0.00, real=0.00 secs] 
3371.137: [GC (Allocation Failure) [PSYoungGen: 60886K->1533K(61440K)] 451342K->391988K(572928K), 0.0016458 secs] [Times: user=0.01 sys=0.00, real=0.00 secs] 
3371.547: [GC (Allocation Failure) [PSYoungGen: 60925K->1568K(61440K)] 451380K->392039K(572928K), 0.0017222 secs] [Times: user=0.01 sys=0.00, real=0.00 secs] 
3371.891: [GC (Allocation Failure) [PSYoungGen: 60929K->1552K(61440K)] 451400K->392023K(572928K), 0.0016261 secs] [Times: user=0.00 sys=0.00, real=0.01 secs] 
3372.299: [GC (Allocation Failure) [PSYoungGen: 60944K->1597K(61440K)] 451415K->392068K(572928K), 0.0016679 secs] [Times: user=0.01 sys=0.00, real=0.00 secs] 
3373.855: [GC (Allocation Failure) [PSYoungGen: 60989K->1376K(61440K)] 451460K->391855K(572928K), 0.0044263 secs] [Times: user=0.02 sys=0.00, real=0.00 secs] 
3374.288: [GC (Allocation Failure) [PSYoungGen: 60768K->1376K(61440K)] 451247K->391855K(572928K), 0.0020482 secs] [Times: user=0.01 sys=0.00, real=0.00 secs] 
3374.723: [GC (Allocation Failure) [PSYoungGen: 60768K->1360K(61440K)] 451247K->391839K(572928K), 0.0019496 secs] [Times: user=0.01 sys=0.00, real=0.00 secs] 
3375.212: [GC (Allocation Failure) [PSYoungGen: 60752K->1376K(61440K)] 451231K->391855K(572928K), 0.0039892 secs] [Times: user=0.02 sys=0.00, real=0.00 secs] 
3375.777: [GC (Allocation Failure) [PSYoungGen: 60740K->1437K(61440K)] 451219K->391932K(572928K), 0.0020281 secs] [Times: user=0.01 sys=0.00, real=0.00 secs] 
3376.142: [GC (Allocation Failure) [PSYoungGen: 60829K->1472K(61440K)] 451324K->391967K(572928K), 0.0016637 secs] [Times: user=0.01 sys=0.00, real=0.01 secs] 
3376.492: [GC (Allocation Failure) [PSYoungGen: 60864K->1581K(61440K)] 451359K->392092K(572928K), 0.0016418 secs] [Times: user=0.01 sys=0.00, real=0.00 secs] 
3376.838: [GC (Allocation Failure) [PSYoungGen: 60973K->1517K(61440K)] 451484K->392028K(572928K), 0.0016263 secs] [Times: user=0.01 sys=0.00, real=0.00 secs] 
3377.191: [GC (Allocation Failure) [PSYoungGen: 60909K->2000K(61440K)] 451420K->392511K(572928K), 0.0017952 secs] [Times: user=0.01 sys=0.00, real=0.01 secs] 
3377.438: [GC (Allocation Failure) [PSYoungGen: 61392K->1344K(61440K)] 451903K->391855K(572928K), 0.0018695 secs] [Times: user=0.00 sys=0.00, real=0.00 secs] 
3377.685: [GC (Allocation Failure) [PSYoungGen: 60736K->1392K(61440K)] 451247K->391903K(572928K), 0.0016944 secs] [Times: user=0.01 sys=0.00, real=0.00 secs] 
3377.931: [GC (Allocation Failure) [PSYoungGen: 60784K->1376K(61440K)] 451295K->391887K(572928K), 0.0018930 secs] [Times: user=0.01 sys=0.00, real=0.01 secs] 
3378.178: [GC (Allocation Failure) [PSYoungGen: 60768K->1376K(61440K)] 451279K->391887K(572928K), 0.0022266 secs] [Times: user=0.01 sys=0.00, real=0.00 secs] 
3378.517: [GC (Allocation Failure) [PSYoungGen: 60768K->1453K(61440K)] 451279K->391964K(572928K), 0.0016308 secs] [Times: user=0.00 sys=0.00, real=0.00 secs] 
3378.863: [GC (Allocation Failure) [PSYoungGen: 60845K->1581K(61440K)] 451356K->392092K(572928K), 0.0016208 secs] [Times: user=0.01 sys=0.00, real=0.00 secs] 
3379.208: [GC (Allocation Failure) [PSYoungGen: 60973K->1549K(61440K)] 451484K->392076K(572928K), 0.0015972 secs] [Times: user=0.01 sys=0.00, real=0.00 secs] 
3379.612: [GC (Allocation Failure) [PSYoungGen: 60941K->1597K(61440K)] 451468K->392124K(572928K), 0.0017010 secs] [Times: user=0.01 sys=0.00, real=0.00 secs] 
3380.122: [GC (Allocation Failure) [PSYoungGen: 60989K->1424K(61440K)] 451516K->391951K(572928K), 0.0029534 secs] [Times: user=0.01 sys=0.00, real=0.00 secs] 
3380.701: [GC (Allocation Failure) [PSYoungGen: 60816K->1376K(61440K)] 451343K->391903K(572928K), 0.0029014 secs] [Times: user=0.01 sys=0.00, real=0.01 secs] 
3381.279: [GC (Allocation Failure) [PSYoungGen: 60768K->1344K(61440K)] 451295K->391871K(572928K), 0.0041627 secs] [Times: user=0.02 sys=0.00, real=0.01 secs] 
3381.925: [GC (Allocation Failure) [PSYoungGen: 60736K->1376K(61440K)] 451263K->391903K(572928K), 0.0031963 secs] [Times: user=0.01 sys=0.00, real=0.00 secs] 
3382.492: [GC (Allocation Failure) [PSYoungGen: 60768K->1344K(61440K)] 451295K->391871K(572928K), 0.0036781 secs] [Times: user=0.02 sys=0.00, real=0.01 secs] 
3383.329: [GC (Allocation Failure) [PSYoungGen: 60736K->1517K(61440K)] 451263K->392044K(572928K), 0.0017271 secs] [Times: user=0.01 sys=0.00, real=0.00 secs] 
3383.676: [GC (Allocation Failure) [PSYoungGen: 60896K->1581K(61440K)] 451423K->392124K(572928K), 0.0016651 secs] [Times: user=0.01 sys=0.00, real=0.00 secs] 
3384.092: [GC (Allocation Failure) [PSYoungGen: 60973K->1581K(61440K)] 451516K->392124K(572928K), 0.0016894 secs] [Times: user=0.01 sys=0.00, real=0.00 secs] 
3384.499: [GC (Allocation Failure) [PSYoungGen: 60973K->1581K(61440K)] 451516K->392124K(572928K), 0.0017153 secs] [Times: user=0.01 sys=0.00, real=0.00 secs] 
3385.030: [GC (Allocation Failure) [PSYoungGen: 60973K->1424K(61440K)] 451516K->391967K(572928K), 0.0030616 secs] [Times: user=0.01 sys=0.00, real=0.01 secs] 
3385.346: [GC (Allocation Failure) [PSYoungGen: 60816K->1376K(61440K)] 451359K->391919K(572928K), 0.0025323 secs] [Times: user=0.01 sys=0.00, real=0.00 secs] 
3385.606: [GC (Allocation Failure) [PSYoungGen: 60768K->1376K(61440K)] 451311K->391919K(572928K), 0.0019506 secs] [Times: user=0.01 sys=0.00, real=0.00 secs] 
3385.853: [GC (Allocation Failure) [PSYoungGen: 60768K->1344K(61440K)] 451311K->391887K(572928K), 0.0021256 secs] [Times: user=0.00 sys=0.00, real=0.00 secs] 
3386.123: [GC (Allocation Failure) [PSYoungGen: 60736K->1344K(61440K)] 451279K->391903K(572928K), 0.0020825 secs] [Times: user=0.01 sys=0.00, real=0.00 secs] 
3386.503: [GC (Allocation Failure) [PSYoungGen: 60736K->1485K(61440K)] 451295K->392044K(572928K), 0.0015814 secs] [Times: user=0.00 sys=0.00, real=0.00 secs] 
3386.852: [GC (Allocation Failure) [PSYoungGen: 60877K->1549K(61440K)] 451436K->392116K(572928K), 0.0016474 secs] [Times: user=0.01 sys=0.00, real=0.01 secs] 
3387.199: [GC (Allocation Failure) [PSYoungGen: 60941K->1517K(61440K)] 451508K->392084K(572928K), 0.0016426 secs] [Times: user=0.01 sys=0.00, real=0.00 secs] 
3387.544: [GC (Allocation Failure) [PSYoungGen: 60896K->1533K(61440K)] 451463K->392100K(572928K), 0.0016475 secs] [Times: user=0.01 sys=0.00, real=0.00 secs] 
3387.854: [GC (Allocation Failure) [PSYoungGen: 60925K->1376K(61440K)] 451492K->391943K(572928K), 0.0017998 secs] [Times: user=0.01 sys=0.00, real=0.00 secs] 
3388.108: [GC (Allocation Failure) [PSYoungGen: 60768K->1328K(61440K)] 451335K->391895K(572928K), 0.0016653 secs] [Times: user=0.00 sys=0.00, real=0.00 secs] 
3388.371: [GC (Allocation Failure) [PSYoungGen: 60720K->1376K(61440K)] 451287K->391943K(572928K), 0.0016984 secs] [Times: user=0.01 sys=0.00, real=0.01 secs] 
3388.625: [GC (Allocation Failure) [PSYoungGen: 60768K->1360K(61440K)] 451335K->391927K(572928K), 0.0017569 secs] [Times: user=0.01 sys=0.00, real=0.00 secs] 
3388.898: [GC (Allocation Failure) [PSYoungGen: 60752K->1408K(61440K)] 451319K->391975K(572928K), 0.0018626 secs] [Times: user=0.01 sys=0.01, real=0.00 secs] 
3389.269: [GC (Allocation Failure) [PSYoungGen: 60800K->1517K(61440K)] 451367K->392084K(572928K), 0.0017669 secs] [Times: user=0.01 sys=0.00, real=0.00 secs] 
3389.615: [GC (Allocation Failure) [PSYoungGen: 60902K->1552K(61440K)] 451470K->392135K(572928K), 0.0016433 secs] [Times: user=0.01 sys=0.00, real=0.00 secs] 
3389.962: [GC (Allocation Failure) [PSYoungGen: 60944K->1549K(61440K)] 451527K->392132K(572928K), 0.0016328 secs] [Times: user=0.00 sys=0.00, real=0.01 secs] 
3390.306: [GC (Allocation Failure) [PSYoungGen: 60941K->1597K(61440K)] 451524K->392180K(572928K), 0.0018273 secs] [Times: user=0.01 sys=0.00, real=0.00 secs] 
3391.062: [GC (Allocation Failure) [PSYoungGen: 60989K->1392K(61440K)] 451572K->391975K(572928K), 0.0026248 secs] [Times: user=0.01 sys=0.00, real=0.01 secs] 
3391.627: [GC (Allocation Failure) [PSYoungGen: 60784K->1408K(61440K)] 451367K->391991K(572928K), 0.0031743 secs] [Times: user=0.02 sys=0.00, real=0.00 secs] 
3391.943: [GC (Allocation Failure) [PSYoungGen: 60800K->1408K(61440K)] 451383K->391991K(572928K), 0.0019562 secs] [Times: user=0.01 sys=0.00, real=0.00 secs] 
3392.189: [GC (Allocation Failure) [PSYoungGen: 60800K->1376K(61440K)] 451383K->391959K(572928K), 0.0020853 secs] [Times: user=0.01 sys=0.00, real=0.00 secs] 
3392.477: [GC (Allocation Failure) [PSYoungGen: 60768K->1437K(61440K)] 451351K->392020K(572928K), 0.0023299 secs] [Times: user=0.01 sys=0.00, real=0.00 secs] 
3392.941: [GC (Allocation Failure) [PSYoungGen: 60821K->1565K(61440K)] 451405K->392148K(572928K), 0.0017030 secs] [Times: user=0.00 sys=0.00, real=0.01 secs] 
3393.287: [GC (Allocation Failure) [PSYoungGen: 60957K->1533K(61440K)] 451540K->392132K(572928K), 0.0016247 secs] [Times: user=0.01 sys=0.00, real=0.00 secs] 
3393.632: [GC (Allocation Failure) [PSYoungGen: 60925K->1568K(61440K)] 451524K->392167K(572928K), 0.0016521 secs] [Times: user=0.01 sys=0.00, real=0.01 secs] 
3393.976: [GC (Allocation Failure) [PSYoungGen: 60960K->1549K(61440K)] 451559K->392148K(572928K), 0.0017305 secs] [Times: user=0.00 sys=0.00, real=0.00 secs] 
3394.261: [GC (Allocation Failure) [PSYoungGen: 60941K->1424K(61440K)] 451540K->392023K(572928K), 0.0026284 secs] [Times: user=0.00 sys=0.00, real=0.01 secs] 
3394.508: [GC (Allocation Failure) [PSYoungGen: 60816K->1376K(61440K)] 451415K->391975K(572928K), 0.0020290 secs] [Times: user=0.01 sys=0.00, real=0.00 secs] 
3394.755: [GC (Allocation Failure) [PSYoungGen: 60768K->1376K(61440K)] 451367K->391991K(572928K), 0.0019169 secs] [Times: user=0.01 sys=0.00, real=0.00 secs] 
3395.001: [GC (Allocation Failure) [PSYoungGen: 60768K->1376K(61440K)] 451383K->391991K(572928K), 0.0019855 secs] [Times: user=0.01 sys=0.00, real=0.01 secs] 
3395.328: [GC (Allocation Failure) [PSYoungGen: 60736K->1453K(61440K)] 451352K->392068K(572928K), 0.0022122 secs] [Times: user=0.01 sys=0.00, real=0.00 secs] 
3395.784: [GC (Allocation Failure) [PSYoungGen: 60845K->1533K(61440K)] 451460K->392148K(572928K), 0.0019690 secs] [Times: user=0.00 sys=0.00, real=0.00 secs] 
3396.128: [GC (Allocation Failure) [PSYoungGen: 60925K->1565K(61440K)] 451540K->392204K(572928K), 0.0017112 secs] [Times: user=0.01 sys=0.00, real=0.00 secs] 
3396.478: [GC (Allocation Failure) [PSYoungGen: 60957K->1549K(61440K)] 451596K->392188K(572928K), 0.0016884 secs] [Times: user=0.01 sys=0.00, real=0.00 secs] 
3396.943: [GC (Allocation Failure) [PSYoungGen: 60941K->1728K(61440K)] 451580K->392367K(572928K), 0.0019293 secs] [Times: user=0.00 sys=0.00, real=0.00 secs] 
3397.815: [GC (Allocation Failure) [PSYoungGen: 61120K->1376K(61440K)] 451759K->392015K(572928K), 0.0042342 secs] [Times: user=0.01 sys=0.00, real=0.00 secs] 
3398.385: [GC (Allocation Failure) [PSYoungGen: 60768K->1376K(61440K)] 451407K->392015K(572928K), 0.0027080 secs] [Times: user=0.01 sys=0.00, real=0.00 secs] 
3398.938: [GC (Allocation Failure) [PSYoungGen: 60768K->1376K(61440K)] 451407K->392015K(572928K), 0.0028688 secs] [Times: user=0.01 sys=0.00, real=0.00 secs] 
3399.507: [GC (Allocation Failure) [PSYoungGen: 60768K->1344K(61440K)] 451407K->391983K(572928K), 0.0040366 secs] [Times: user=0.01 sys=0.01, real=0.00 secs] 
3400.136: [GC (Allocation Failure) [PSYoungGen: 60704K->1485K(61440K)] 451344K->392124K(572928K), 0.0017176 secs] [Times: user=0.01 sys=0.00, real=0.00 secs] 
3400.481: [GC (Allocation Failure) [PSYoungGen: 60877K->1584K(61440K)] 451516K->392223K(572928K), 0.0016325 secs] [Times: user=0.01 sys=0.00, real=0.01 secs] 
3400.826: [GC (Allocation Failure) [PSYoungGen: 60976K->1501K(61440K)] 451615K->392156K(572928K), 0.0016059 secs] [Times: user=0.00 sys=0.00, real=0.00 secs] 
3401.171: [GC (Allocation Failure) [PSYoungGen: 60893K->1581K(61440K)] 451548K->392236K(572928K), 0.0016577 secs] [Times: user=0.01 sys=0.00, real=0.01 secs] 
3401.707: [GC (Allocation Failure) [PSYoungGen: 60973K->1424K(61440K)] 451628K->392079K(572928K), 0.0021205 secs] [Times: user=0.01 sys=0.00, real=0.00 secs] 
3402.280: [GC (Allocation Failure) [PSYoungGen: 60816K->1344K(61440K)] 451471K->391999K(572928K), 0.0023752 secs] [Times: user=0.01 sys=0.00, real=0.01 secs] 
3402.977: [GC (Allocation Failure) [PSYoungGen: 60736K->1376K(61440K)] 451391K->392031K(572928K), 0.0035804 secs] [Times: user=0.01 sys=0.00, real=0.00 secs] 
3403.504: [GC (Allocation Failure) [PSYoungGen: 60768K->1312K(61440K)] 451423K->391967K(572928K), 0.0027804 secs] [Times: user=0.01 sys=0.00, real=0.00 secs] 
3404.020: [GC (Allocation Failure) [PSYoungGen: 60704K->1344K(61440K)] 451359K->391999K(572928K), 0.0033268 secs] [Times: user=0.01 sys=0.00, real=0.01 secs] 
3404.607: [GC (Allocation Failure) [PSYoungGen: 60736K->1437K(61440K)] 451391K->392092K(572928K), 0.0015849 secs] [Times: user=0.00 sys=0.00, real=0.00 secs] 
3404.953: [GC (Allocation Failure) [PSYoungGen: 60817K->1533K(61440K)] 451472K->392204K(572928K), 0.0016522 secs] [Times: user=0.01 sys=0.00, real=0.00 secs] 
3405.304: [GC (Allocation Failure) [PSYoungGen: 60925K->1565K(61440K)] 451596K->392236K(572928K), 0.0017719 secs] [Times: user=0.01 sys=0.00, real=0.00 secs] 
3405.649: [GC (Allocation Failure) [PSYoungGen: 60957K->1565K(61440K)] 451628K->392236K(572928K), 0.0017984 secs] [Times: user=0.01 sys=0.00, real=0.00 secs] 
3406.014: [GC (Allocation Failure) [PSYoungGen: 60957K->1424K(61440K)] 451628K->392095K(572928K), 0.0019458 secs] [Times: user=0.01 sys=0.00, real=0.00 secs] 
3406.322: [GC (Allocation Failure) [PSYoungGen: 60816K->1344K(61440K)] 451487K->392039K(572928K), 0.0017562 secs] [Times: user=0.01 sys=0.00, real=0.01 secs] 
3406.601: [GC (Allocation Failure) [PSYoungGen: 60736K->1328K(61440K)] 451431K->392023K(572928K), 0.0017536 secs] [Times: user=0.01 sys=0.00, real=0.01 secs] 
3406.858: [GC (Allocation Failure) [PSYoungGen: 60720K->1408K(61440K)] 451415K->392103K(572928K), 0.0018153 secs] [Times: user=0.01 sys=0.00, real=0.00 secs] 
3407.114: [GC (Allocation Failure) [PSYoungGen: 60800K->1376K(61440K)] 451495K->392071K(572928K), 0.0017616 secs] [Times: user=0.01 sys=0.00, real=0.00 secs] 
3407.454: [GC (Allocation Failure) [PSYoungGen: 60768K->1469K(61440K)] 451463K->392164K(572928K), 0.0015724 secs] [Times: user=0.00 sys=0.00, real=0.00 secs] 
3407.798: [GC (Allocation Failure) [PSYoungGen: 60861K->1517K(61440K)] 451556K->392228K(572928K), 0.0016402 secs] [Times: user=0.01 sys=0.00, real=0.00 secs] 
3408.143: [GC (Allocation Failure) [PSYoungGen: 60909K->1501K(61440K)] 451620K->392212K(572928K), 0.0016458 secs] [Times: user=0.00 sys=0.00, real=0.00 secs] 
3408.498: [GC (Allocation Failure) [PSYoungGen: 60893K->1517K(61440K)] 451604K->392228K(572928K), 0.0016171 secs] [Times: user=0.01 sys=0.00, real=0.00 secs] 
3409.002: [GC (Allocation Failure) [PSYoungGen: 60909K->1456K(61440K)] 451620K->392167K(572928K), 0.0018920 secs] [Times: user=0.01 sys=0.01, real=0.01 secs] 
3409.345: [GC (Allocation Failure) [PSYoungGen: 60848K->1376K(61440K)] 451559K->392087K(572928K), 0.0026499 secs] [Times: user=0.01 sys=0.00, real=0.00 secs] 
3409.593: [GC (Allocation Failure) [PSYoungGen: 60768K->1376K(61440K)] 451479K->392087K(572928K), 0.0034317 secs] [Times: user=0.02 sys=0.00, real=0.00 secs] 
3409.853: [GC (Allocation Failure) [PSYoungGen: 60768K->1360K(61440K)] 451479K->392071K(572928K), 0.0023446 secs] [Times: user=0.01 sys=0.00, real=0.00 secs] 
3410.096: [GC (Allocation Failure) [PSYoungGen: 60752K->1360K(61440K)] 451463K->392071K(572928K), 0.0019595 secs] [Times: user=0.01 sys=0.00, real=0.00 secs] 
3410.471: [GC (Allocation Failure) [PSYoungGen: 60752K->1565K(61440K)] 451463K->392276K(572928K), 0.0016074 secs] [Times: user=0.01 sys=0.00, real=0.01 secs] 
3410.816: [GC (Allocation Failure) [PSYoungGen: 60957K->1597K(61440K)] 451668K->392316K(572928K), 0.0016405 secs] [Times: user=0.01 sys=0.00, real=0.00 secs] 
3411.161: [GC (Allocation Failure) [PSYoungGen: 60989K->1469K(61440K)] 451708K->392188K(572928K), 0.0017779 secs] [Times: user=0.01 sys=0.00, real=0.01 secs] 
3411.509: [GC (Allocation Failure) [PSYoungGen: 60861K->1584K(61440K)] 451580K->392303K(572928K), 0.0015927 secs] [Times: user=0.00 sys=0.00, real=0.00 secs] 
3411.947: [GC (Allocation Failure) [PSYoungGen: 60976K->1376K(61440K)] 451695K->392095K(572928K), 0.0019230 secs] [Times: user=0.01 sys=0.00, real=0.00 secs] 
3412.197: [GC (Allocation Failure) [PSYoungGen: 60768K->1376K(61440K)] 451487K->392095K(572928K), 0.0019822 secs] [Times: user=0.00 sys=0.00, real=0.00 secs] 
3412.444: [GC (Allocation Failure) [PSYoungGen: 60768K->1376K(61440K)] 451487K->392095K(572928K), 0.0028156 secs] [Times: user=0.01 sys=0.00, real=0.00 secs] 
3412.694: [GC (Allocation Failure) [PSYoungGen: 60768K->1376K(61440K)] 451487K->392095K(572928K), 0.0026179 secs] [Times: user=0.01 sys=0.01, real=0.00 secs] 
3412.940: [GC (Allocation Failure) [PSYoungGen: 60768K->1376K(61440K)] 451487K->392095K(572928K), 0.0019653 secs] [Times: user=0.00 sys=0.00, real=0.01 secs] 
3413.314: [GC (Allocation Failure) [PSYoungGen: 60755K->1565K(61440K)] 451474K->392284K(572928K), 0.0016548 secs] [Times: user=0.01 sys=0.00, real=0.00 secs] 
3413.660: [GC (Allocation Failure) [PSYoungGen: 60957K->1533K(61440K)] 451676K->392268K(572928K), 0.0016219 secs] [Times: user=0.01 sys=0.00, real=0.00 secs] 
3414.005: [GC (Allocation Failure) [PSYoungGen: 60913K->1517K(61440K)] 451649K->392276K(572928K), 0.0016547 secs] [Times: user=0.01 sys=0.00, real=0.00 secs] 
3414.350: [GC (Allocation Failure) [PSYoungGen: 60909K->1552K(61440K)] 451668K->392311K(572928K), 0.0016376 secs] [Times: user=0.00 sys=0.00, real=0.00 secs] 
3416.266: [GC (Allocation Failure) [PSYoungGen: 60944K->1392K(61440K)] 451703K->392151K(572928K), 0.0046900 secs] [Times: user=0.02 sys=0.00, real=0.00 secs] 
3417.023: [GC (Allocation Failure) [PSYoungGen: 60784K->1344K(61440K)] 451543K->392103K(572928K), 0.0025083 secs] [Times: user=0.01 sys=0.00, real=0.00 secs] 
3417.508: [GC (Allocation Failure) [PSYoungGen: 60736K->1376K(61440K)] 451495K->392135K(572928K), 0.0024974 secs] [Times: user=0.01 sys=0.01, real=0.00 secs] 
3418.010: [GC (Allocation Failure) [PSYoungGen: 60768K->1344K(61440K)] 451527K->392103K(572928K), 0.0027248 secs] [Times: user=0.01 sys=0.00, real=0.01 secs] 
3418.900: [GC (Allocation Failure) [PSYoungGen: 60711K->1485K(61440K)] 451470K->392244K(572928K), 0.0023741 secs] [Times: user=0.01 sys=0.01, real=0.01 secs] 
3419.297: [GC (Allocation Failure) [PSYoungGen: 60877K->1565K(61440K)] 451636K->392324K(572928K), 0.0016859 secs] [Times: user=0.01 sys=0.00, real=0.00 secs] 
3419.703: [GC (Allocation Failure) [PSYoungGen: 60957K->1552K(61440K)] 451716K->392327K(572928K), 0.0017114 secs] [Times: user=0.01 sys=0.00, real=0.00 secs] 
3420.102: [GC (Allocation Failure) [PSYoungGen: 60944K->1581K(61440K)] 451719K->392356K(572928K), 0.0017007 secs] [Times: user=0.01 sys=0.00, real=0.00 secs] 
3420.452: [GC (Allocation Failure) [PSYoungGen: 60880K->320K(61440K)] 451656K->391095K(572928K), 0.0016172 secs] [Times: user=0.00 sys=0.00, real=0.01 secs] 
3421.405: [GC (Allocation Failure) [PSYoungGen: 59712K->1392K(61440K)] 450487K->392167K(572928K), 0.0051920 secs] [Times: user=0.02 sys=0.00, real=0.00 secs] 
3422.018: [GC (Allocation Failure) [PSYoungGen: 60784K->1328K(61440K)] 451559K->392103K(572928K), 0.0028854 secs] [Times: user=0.02 sys=0.00, real=0.00 secs] 
3422.517: [GC (Allocation Failure) [PSYoungGen: 60720K->1376K(61440K)] 451495K->392151K(572928K), 0.0030391 secs] [Times: user=0.01 sys=0.00, real=0.00 secs] 
3422.991: [GC (Allocation Failure) [PSYoungGen: 60768K->1376K(61440K)] 451543K->392151K(572928K), 0.0029048 secs] [Times: user=0.01 sys=0.00, real=0.01 secs] 
3423.487: [GC (Allocation Failure) [PSYoungGen: 60768K->1424K(61440K)] 451543K->392199K(572928K), 0.0018531 secs] [Times: user=0.01 sys=0.00, real=0.00 secs] 
3423.834: [GC (Allocation Failure) [PSYoungGen: 60816K->1565K(61440K)] 451591K->392340K(572928K), 0.0016536 secs] [Times: user=0.01 sys=0.00, real=0.00 secs] 
3424.236: [GC (Allocation Failure) [PSYoungGen: 60957K->1565K(61440K)] 451732K->392348K(572928K), 0.0016926 secs] [Times: user=0.01 sys=0.00, real=0.00 secs] 
3424.582: [GC (Allocation Failure) [PSYoungGen: 60935K->1533K(61440K)] 451719K->392316K(572928K), 0.0017185 secs] [Times: user=0.01 sys=0.00, real=0.01 secs] 
3424.968: [GC (Allocation Failure) [PSYoungGen: 60925K->2000K(61440K)] 451708K->392783K(572928K), 0.0019912 secs] [Times: user=0.01 sys=0.00, real=0.00 secs] 
3425.271: [GC (Allocation Failure) [PSYoungGen: 61392K->1376K(61440K)] 452175K->392159K(572928K), 0.0020409 secs] [Times: user=0.00 sys=0.01, real=0.01 secs] 
3425.681: [GC (Allocation Failure) [PSYoungGen: 60768K->1376K(61440K)] 451551K->392159K(572928K), 0.0020930 secs] [Times: user=0.00 sys=0.00, real=0.01 secs] 
3426.182: [GC (Allocation Failure) [PSYoungGen: 60768K->1344K(61440K)] 451551K->392151K(572928K), 0.0021979 secs] [Times: user=0.00 sys=0.00, real=0.01 secs] 
3426.817: [GC (Allocation Failure) [PSYoungGen: 60736K->1344K(61440K)] 451543K->392151K(572928K), 0.0023873 secs] [Times: user=0.01 sys=0.00, real=0.00 secs] 
3427.461: [GC (Allocation Failure) [PSYoungGen: 60714K->1453K(61440K)] 451522K->392260K(572928K), 0.0015466 secs] [Times: user=0.00 sys=0.00, real=0.01 secs] 
3427.805: [GC (Allocation Failure) [PSYoungGen: 60845K->1504K(61440K)] 451652K->392319K(572928K), 0.0016431 secs] [Times: user=0.01 sys=0.00, real=0.00 secs] 
3428.152: [GC (Allocation Failure) [PSYoungGen: 60896K->1504K(61440K)] 451711K->392327K(572928K), 0.0015883 secs] [Times: user=0.01 sys=0.00, real=0.01 secs] 
3428.497: [GC (Allocation Failure) [PSYoungGen: 60896K->1517K(61440K)] 451719K->392340K(572928K), 0.0015862 secs] [Times: user=0.01 sys=0.00, real=0.00 secs] 
3428.852: [GC (Allocation Failure) [PSYoungGen: 60909K->1472K(61440K)] 451732K->392295K(572928K), 0.0019482 secs] [Times: user=0.01 sys=0.00, real=0.00 secs] 
3429.101: [GC (Allocation Failure) [PSYoungGen: 60864K->1376K(61440K)] 451687K->392199K(572928K), 0.0018615 secs] [Times: user=0.00 sys=0.00, real=0.01 secs] 
3429.348: [GC (Allocation Failure) [PSYoungGen: 60768K->1408K(61440K)] 451591K->392231K(572928K), 0.0018476 secs] [Times: user=0.00 sys=0.00, real=0.00 secs] 
3429.642: [GC (Allocation Failure) [PSYoungGen: 60800K->1392K(61440K)] 451623K->392215K(572928K), 0.0016422 secs] [Times: user=0.00 sys=0.00, real=0.00 secs] 
3429.899: [GC (Allocation Failure) [PSYoungGen: 60784K->1376K(61440K)] 451607K->392199K(572928K), 0.0018421 secs] [Times: user=0.01 sys=0.00, real=0.00 secs] 
3430.228: [GC (Allocation Failure) [PSYoungGen: 60744K->1485K(61440K)] 451568K->392308K(572928K), 0.0015812 secs] [Times: user=0.01 sys=0.00, real=0.00 secs] 
3430.573: [GC (Allocation Failure) [PSYoungGen: 60877K->1549K(61440K)] 451700K->392388K(572928K), 0.0016255 secs] [Times: user=0.01 sys=0.00, real=0.00 secs] 
3430.918: [GC (Allocation Failure) [PSYoungGen: 60941K->1520K(61440K)] 451780K->392359K(572928K), 0.0016438 secs] [Times: user=0.01 sys=0.00, real=0.00 secs] 
3431.265: [GC (Allocation Failure) [PSYoungGen: 60912K->1552K(61440K)] 451751K->392391K(572928K), 0.0017133 secs] [Times: user=0.01 sys=0.00, real=0.00 secs] 
3431.644: [GC (Allocation Failure) [PSYoungGen: 60944K->1488K(61440K)] 451783K->392327K(572928K), 0.0018237 secs] [Times: user=0.01 sys=0.00, real=0.00 secs] 
3431.963: [GC (Allocation Failure) [PSYoungGen: 60880K->1328K(61440K)] 451719K->392167K(572928K), 0.0017813 secs] [Times: user=0.01 sys=0.00, real=0.00 secs] 
3432.210: [GC (Allocation Failure) [PSYoungGen: 60720K->1360K(61440K)] 451559K->392199K(572928K), 0.0018585 secs] [Times: user=0.01 sys=0.00, real=0.00 secs] 
3432.457: [GC (Allocation Failure) [PSYoungGen: 60752K->1376K(61440K)] 451591K->392215K(572928K), 0.0018242 secs] [Times: user=0.01 sys=0.00, real=0.00 secs] 
3432.703: [GC (Allocation Failure) [PSYoungGen: 60768K->1376K(61440K)] 451607K->392215K(572928K), 0.0018336 secs] [Times: user=0.01 sys=0.00, real=0.00 secs] 
3433.136: [GC (Allocation Failure) [PSYoungGen: 60768K->1549K(61440K)] 451607K->392388K(572928K), 0.0016757 secs] [Times: user=0.00 sys=0.00, real=0.00 secs] 
3433.481: [GC (Allocation Failure) [PSYoungGen: 60941K->1565K(61440K)] 451780K->392420K(572928K), 0.0016663 secs] [Times: user=0.01 sys=0.00, real=0.01 secs] 
3433.827: [GC (Allocation Failure) [PSYoungGen: 60957K->1533K(61440K)] 451812K->392404K(572928K), 0.0029415 secs] [Times: user=0.01 sys=0.00, real=0.00 secs] 
3434.174: [GC (Allocation Failure) [PSYoungGen: 60925K->1517K(61440K)] 451796K->392388K(572928K), 0.0016130 secs] [Times: user=0.00 sys=0.00, real=0.00 secs] 
3434.611: [GC (Allocation Failure) [PSYoungGen: 60909K->1376K(61440K)] 451780K->392247K(572928K), 0.0021864 secs] [Times: user=0.01 sys=0.00, real=0.01 secs] 
3435.218: [GC (Allocation Failure) [PSYoungGen: 60768K->1376K(61440K)] 451639K->392247K(572928K), 0.0022646 secs] [Times: user=0.01 sys=0.00, real=0.00 secs] 
3435.784: [GC (Allocation Failure) [PSYoungGen: 60768K->1344K(61440K)] 451639K->392215K(572928K), 0.0022831 secs] [Times: user=0.01 sys=0.00, real=0.00 secs] 
3436.393: [GC (Allocation Failure) [PSYoungGen: 60736K->1312K(61440K)] 451607K->392183K(572928K), 0.0025598 secs] [Times: user=0.01 sys=0.00, real=0.00 secs] 
3436.861: [GC (Allocation Failure) [PSYoungGen: 60704K->1344K(61440K)] 451575K->392215K(572928K), 0.0025575 secs] [Times: user=0.01 sys=0.00, real=0.01 secs] 
3437.268: [GC (Allocation Failure) [PSYoungGen: 60726K->1456K(61440K)] 451598K->392327K(572928K), 0.0016597 secs] [Times: user=0.01 sys=0.00, real=0.00 secs] 
3437.614: [GC (Allocation Failure) [PSYoungGen: 60848K->1517K(61440K)] 451719K->392404K(572928K), 0.0016181 secs] [Times: user=0.00 sys=0.00, real=0.00 secs] 
3437.961: [GC (Allocation Failure) [PSYoungGen: 60909K->1549K(61440K)] 451796K->392436K(572928K), 0.0016191 secs] [Times: user=0.00 sys=0.00, real=0.01 secs] 
3438.306: [GC (Allocation Failure) [PSYoungGen: 60941K->1568K(61440K)] 451828K->392455K(572928K), 0.0016328 secs] [Times: user=0.01 sys=0.00, real=0.00 secs] 
3438.868: [GC (Allocation Failure) [PSYoungGen: 60960K->1376K(61440K)] 451847K->392263K(572928K), 0.0021150 secs] [Times: user=0.01 sys=0.00, real=0.00 secs] 
3439.418: [GC (Allocation Failure) [PSYoungGen: 60768K->1376K(61440K)] 451655K->392263K(572928K), 0.0022226 secs] [Times: user=0.01 sys=0.00, real=0.00 secs] 
3439.773: [GC (Allocation Failure) [PSYoungGen: 60768K->1408K(61440K)] 451655K->392295K(572928K), 0.0020700 secs] [Times: user=0.01 sys=0.00, real=0.00 secs] 
3440.020: [GC (Allocation Failure) [PSYoungGen: 60800K->1424K(61440K)] 451687K->392311K(572928K), 0.0021017 secs] [Times: user=0.01 sys=0.00, real=0.01 secs] 
3440.285: [GC (Allocation Failure) [PSYoungGen: 60816K->1488K(61440K)] 451703K->392375K(572928K), 0.0021005 secs] [Times: user=0.01 sys=0.00, real=0.00 secs] 
3440.645: [GC (Allocation Failure) [PSYoungGen: 60880K->1616K(61440K)] 451767K->392503K(572928K), 0.0016299 secs] [Times: user=0.00 sys=0.00, real=0.00 secs] 
3440.990: [GC (Allocation Failure) [PSYoungGen: 61008K->1581K(61440K)] 451895K->392484K(572928K), 0.0016118 secs] [Times: user=0.01 sys=0.00, real=0.00 secs] 
3441.338: [GC (Allocation Failure) [PSYoungGen: 60973K->1584K(61440K)] 451876K->392487K(572928K), 0.0016400 secs] [Times: user=0.01 sys=0.00, real=0.00 secs] 
3441.685: [GC (Allocation Failure) [PSYoungGen: 60976K->1565K(61440K)] 451879K->392468K(572928K), 0.0016474 secs] [Times: user=0.01 sys=0.00, real=0.00 secs] 
3442.343: [GC (Allocation Failure) [PSYoungGen: 60957K->1440K(61440K)] 451860K->392343K(572928K), 0.0019535 secs] [Times: user=0.01 sys=0.00, real=0.00 secs] 
3442.590: [GC (Allocation Failure) [PSYoungGen: 60832K->1408K(61440K)] 451735K->392311K(572928K), 0.0018954 secs] [Times: user=0.01 sys=0.00, real=0.01 secs] 
3442.837: [GC (Allocation Failure) [PSYoungGen: 60800K->1408K(61440K)] 451703K->392319K(572928K), 0.0021129 secs] [Times: user=0.01 sys=0.00, real=0.00 secs] 
3443.084: [GC (Allocation Failure) [PSYoungGen: 60800K->1408K(61440K)] 451711K->392319K(572928K), 0.0020191 secs] [Times: user=0.01 sys=0.00, real=0.00 secs] 
3443.387: [GC (Allocation Failure) [PSYoungGen: 60774K->1501K(61440K)] 451685K->392412K(572928K), 0.0015502 secs] [Times: user=0.00 sys=0.00, real=0.00 secs] 
3443.732: [GC (Allocation Failure) [PSYoungGen: 60893K->1584K(61440K)] 451804K->392495K(572928K), 0.0016409 secs] [Times: user=0.01 sys=0.00, real=0.00 secs] 
3444.077: [GC (Allocation Failure) [PSYoungGen: 60976K->1597K(61440K)] 451887K->392516K(572928K), 0.0016243 secs] [Times: user=0.00 sys=0.00, real=0.00 secs] 
3444.422: [GC (Allocation Failure) [PSYoungGen: 60989K->1517K(61440K)] 451908K->392476K(572928K), 0.0015894 secs] [Times: user=0.01 sys=0.00, real=0.01 secs] 
3444.882: [GC (Allocation Failure) [PSYoungGen: 60909K->1728K(61440K)] 451868K->392687K(572928K), 0.0018642 secs] [Times: user=0.01 sys=0.00, real=0.00 secs] 
3445.482: [GC (Allocation Failure) [PSYoungGen: 61120K->1344K(61440K)] 452079K->392303K(572928K), 0.0021808 secs] [Times: user=0.01 sys=0.00, real=0.00 secs] 
3446.050: [GC (Allocation Failure) [PSYoungGen: 60736K->1328K(61440K)] 451695K->392287K(572928K), 0.0021880 secs] [Times: user=0.01 sys=0.00, real=0.01 secs] 
3446.768: [GC (Allocation Failure) [PSYoungGen: 60720K->1344K(61440K)] 451679K->392303K(572928K), 0.0020398 secs] [Times: user=0.01 sys=0.00, real=0.00 secs] 
3447.403: [GC (Allocation Failure) [PSYoungGen: 60736K->1376K(61440K)] 451695K->392335K(572928K), 0.0022615 secs] [Times: user=0.01 sys=0.00, real=0.00 secs] 
3447.916: [GC (Allocation Failure) [PSYoungGen: 60768K->1421K(61440K)] 451727K->392380K(572928K), 0.0015336 secs] [Times: user=0.01 sys=0.00, real=0.00 secs] 
3448.263: [GC (Allocation Failure) [PSYoungGen: 60813K->1469K(61440K)] 451772K->392428K(572928K), 0.0016003 secs] [Times: user=0.01 sys=0.00, real=0.00 secs] 
3448.610: [GC (Allocation Failure) [PSYoungGen: 60861K->1536K(61440K)] 451820K->392511K(572928K), 0.0016184 secs] [Times: user=0.01 sys=0.00, real=0.00 secs] 
3448.955: [GC (Allocation Failure) [PSYoungGen: 60928K->1549K(61440K)] 451903K->392524K(572928K), 0.0016507 secs] [Times: user=0.01 sys=0.00, real=0.00 secs] 
3449.312: [GC (Allocation Failure) [PSYoungGen: 60941K->1472K(61440K)] 451916K->392447K(572928K), 0.0017614 secs] [Times: user=0.01 sys=0.00, real=0.00 secs] 
3449.559: [GC (Allocation Failure) [PSYoungGen: 60864K->1360K(61440K)] 451839K->392335K(572928K), 0.0016352 secs] [Times: user=0.00 sys=0.00, real=0.00 secs] 
3449.843: [GC (Allocation Failure) [PSYoungGen: 60752K->1408K(61440K)] 451727K->392383K(572928K), 0.0020796 secs] [Times: user=0.01 sys=0.00, real=0.00 secs] 
3450.197: [GC (Allocation Failure) [PSYoungGen: 60800K->1376K(61440K)] 451775K->392351K(572928K), 0.0028147 secs] [Times: user=0.01 sys=0.00, real=0.00 secs] 
3450.574: [GC (Allocation Failure) [PSYoungGen: 60768K->1360K(61440K)] 451743K->392335K(572928K), 0.0026693 secs] [Times: user=0.01 sys=0.00, real=0.00 secs] 
3451.089: [GC (Allocation Failure) [PSYoungGen: 60752K->1517K(61440K)] 451727K->392492K(572928K), 0.0015682 secs] [Times: user=0.01 sys=0.00, real=0.00 secs] 
3451.434: [GC (Allocation Failure) [PSYoungGen: 60909K->1501K(61440K)] 451884K->392492K(572928K), 0.0016428 secs] [Times: user=0.01 sys=0.00, real=0.00 secs] 
3451.783: [GC (Allocation Failure) [PSYoungGen: 60893K->1517K(61440K)] 451884K->392508K(572928K), 0.0016192 secs] [Times: user=0.01 sys=0.00, real=0.00 secs] 
3452.128: [GC (Allocation Failure) [PSYoungGen: 60909K->1552K(61440K)] 451900K->392543K(572928K), 0.0016188 secs] [Times: user=0.00 sys=0.00, real=0.00 secs] 
3452.481: [GC (Allocation Failure) [PSYoungGen: 60944K->1456K(61440K)] 451935K->392447K(572928K), 0.0018764 secs] [Times: user=0.01 sys=0.00, real=0.01 secs] 
3452.738: [GC (Allocation Failure) [PSYoungGen: 60848K->1344K(61440K)] 451839K->392335K(572928K), 0.0017494 secs] [Times: user=0.01 sys=0.00, real=0.00 secs] 
3452.985: [GC (Allocation Failure) [PSYoungGen: 60736K->1376K(61440K)] 451727K->392367K(572928K), 0.0016826 secs] [Times: user=0.00 sys=0.00, real=0.00 secs] 
3453.381: [GC (Allocation Failure) [PSYoungGen: 60768K->1376K(61440K)] 451759K->392367K(572928K), 0.0021923 secs] [Times: user=0.00 sys=0.01, real=0.01 secs] 
3453.885: [GC (Allocation Failure) [PSYoungGen: 60768K->1344K(61440K)] 451759K->392335K(572928K), 0.0022937 secs] [Times: user=0.01 sys=0.00, real=0.00 secs] 
3454.333: [GC (Allocation Failure) [PSYoungGen: 60736K->1520K(61440K)] 451727K->392511K(572928K), 0.0015932 secs] [Times: user=0.01 sys=0.00, real=0.00 secs] 
3454.679: [GC (Allocation Failure) [PSYoungGen: 60912K->1565K(61440K)] 451903K->392580K(572928K), 0.0016350 secs] [Times: user=0.01 sys=0.00, real=0.00 secs] 
3455.023: [GC (Allocation Failure) [PSYoungGen: 60957K->1533K(61440K)] 451972K->392548K(572928K), 0.0016613 secs] [Times: user=0.00 sys=0.00, real=0.00 secs] 
3455.369: [GC (Allocation Failure) [PSYoungGen: 60925K->1533K(61440K)] 451940K->392548K(572928K), 0.0016342 secs] [Times: user=0.00 sys=0.00, real=0.00 secs] 
3455.860: [GC (Allocation Failure) [PSYoungGen: 60925K->1456K(61440K)] 451940K->392471K(572928K), 0.0021452 secs] [Times: user=0.01 sys=0.00, real=0.01 secs] 
3456.107: [GC (Allocation Failure) [PSYoungGen: 60848K->1376K(61440K)] 451863K->392391K(572928K), 0.0019260 secs] [Times: user=0.00 sys=0.00, real=0.00 secs] 
3456.354: [GC (Allocation Failure) [PSYoungGen: 60768K->1408K(61440K)] 451783K->392423K(572928K), 0.0020339 secs] [Times: user=0.01 sys=0.00, real=0.00 secs] 
3456.710: [GC (Allocation Failure) [PSYoungGen: 60800K->1376K(61440K)] 451815K->392391K(572928K), 0.0020590 secs] [Times: user=0.01 sys=0.00, real=0.01 secs] 
3457.148: [GC (Allocation Failure) [PSYoungGen: 60768K->1376K(61440K)] 451783K->392391K(572928K), 0.0019877 secs] [Times: user=0.00 sys=0.00, real=0.00 secs] 
3457.555: [GC (Allocation Failure) [PSYoungGen: 60768K->1517K(61440K)] 451783K->392532K(572928K), 0.0016257 secs] [Times: user=0.01 sys=0.00, real=0.00 secs] 
3457.901: [GC (Allocation Failure) [PSYoungGen: 60909K->1517K(61440K)] 451924K->392548K(572928K), 0.0015967 secs] [Times: user=0.00 sys=0.00, real=0.01 secs] 
3458.246: [GC (Allocation Failure) [PSYoungGen: 60909K->1549K(61440K)] 451940K->392580K(572928K), 0.0015957 secs] [Times: user=0.01 sys=0.00, real=0.00 secs] 
3458.651: [GC (Allocation Failure) [PSYoungGen: 60941K->1568K(61440K)] 451972K->392599K(572928K), 0.0017046 secs] [Times: user=0.00 sys=0.00, real=0.01 secs] 
3459.207: [GC (Allocation Failure) [PSYoungGen: 60960K->1424K(61440K)] 451991K->392455K(572928K), 0.0019481 secs] [Times: user=0.01 sys=0.00, real=0.00 secs] 
3459.784: [GC (Allocation Failure) [PSYoungGen: 60816K->1376K(61440K)] 451847K->392407K(572928K), 0.0019208 secs] [Times: user=0.01 sys=0.00, real=0.00 secs] 
3460.091: [GC (Allocation Failure) [PSYoungGen: 60768K->1408K(61440K)] 451799K->392439K(572928K), 0.0028629 secs] [Times: user=0.01 sys=0.00, real=0.01 secs] 
3460.339: [GC (Allocation Failure) [PSYoungGen: 60800K->1344K(61440K)] 451831K->392375K(572928K), 0.0022121 secs] [Times: user=0.01 sys=0.00, real=0.00 secs] 
3460.586: [GC (Allocation Failure) [PSYoungGen: 60736K->1328K(61440K)] 451767K->392359K(572928K), 0.0022373 secs] [Times: user=0.01 sys=0.00, real=0.00 secs] 
3461.055: [GC (Allocation Failure) [PSYoungGen: 60696K->1533K(61440K)] 451727K->392564K(572928K), 0.0016577 secs] [Times: user=0.01 sys=0.00, real=0.00 secs] 
3461.401: [GC (Allocation Failure) [PSYoungGen: 60925K->1581K(61440K)] 451956K->392620K(572928K), 0.0019643 secs] [Times: user=0.01 sys=0.00, real=0.01 secs] 
3461.747: [GC (Allocation Failure) [PSYoungGen: 60973K->1581K(61440K)] 452012K->392620K(572928K), 0.0017140 secs] [Times: user=0.01 sys=0.00, real=0.00 secs] 
3462.096: [GC (Allocation Failure) [PSYoungGen: 60973K->1552K(61440K)] 452012K->392591K(572928K), 0.0020469 secs] [Times: user=0.01 sys=0.00, real=0.00 secs] 
3462.612: [GC (Allocation Failure) [PSYoungGen: 60944K->1360K(61440K)] 451983K->392399K(572928K), 0.0036284 secs] [Times: user=0.02 sys=0.00, real=0.00 secs] 
3463.175: [GC (Allocation Failure) [PSYoungGen: 60752K->1344K(61440K)] 451791K->392383K(572928K), 0.0036932 secs] [Times: user=0.01 sys=0.00, real=0.00 secs] 
3463.548: [GC (Allocation Failure) [PSYoungGen: 60736K->1360K(61440K)] 451775K->392399K(572928K), 0.0021903 secs] [Times: user=0.01 sys=0.00, real=0.00 secs] 
3463.794: [GC (Allocation Failure) [PSYoungGen: 60752K->1376K(61440K)] 451791K->392415K(572928K), 0.0019265 secs] [Times: user=0.00 sys=0.00, real=0.00 secs] 
3464.088: [GC (Allocation Failure) [PSYoungGen: 60739K->1437K(61440K)] 451779K->392476K(572928K), 0.0015495 secs] [Times: user=0.01 sys=0.00, real=0.00 secs] 
3464.433: [GC (Allocation Failure) [PSYoungGen: 60829K->1581K(61440K)] 451868K->392620K(572928K), 0.0016242 secs] [Times: user=0.01 sys=0.00, real=0.00 secs] 
3464.778: [GC (Allocation Failure) [PSYoungGen: 60973K->1533K(61440K)] 452012K->392588K(572928K), 0.0019644 secs] [Times: user=0.00 sys=0.00, real=0.00 secs] 
3465.186: [GC (Allocation Failure) [PSYoungGen: 60925K->1565K(61440K)] 451980K->392620K(572928K), 0.0017228 secs] [Times: user=0.00 sys=0.00, real=0.00 secs] 
3465.583: [GC (Allocation Failure) [PSYoungGen: 60859K->352K(61440K)] 451914K->391407K(572928K), 0.0016359 secs] [Times: user=0.01 sys=0.00, real=0.00 secs] 
3466.705: [GC (Allocation Failure) [PSYoungGen: 59744K->1376K(61440K)] 450799K->392431K(572928K), 0.0043651 secs] [Times: user=0.02 sys=0.00, real=0.00 secs] 
3467.212: [GC (Allocation Failure) [PSYoungGen: 60768K->1376K(61440K)] 451823K->392431K(572928K), 0.0035278 secs] [Times: user=0.01 sys=0.00, real=0.01 secs] 
3467.721: [GC (Allocation Failure) [PSYoungGen: 60768K->1344K(61440K)] 451823K->392399K(572928K), 0.0026424 secs] [Times: user=0.01 sys=0.00, real=0.01 secs] 
3468.525: [GC (Allocation Failure) [PSYoungGen: 60736K->1376K(61440K)] 451791K->392431K(572928K), 0.0029179 secs] [Times: user=0.01 sys=0.00, real=0.00 secs] 
3469.090: [GC (Allocation Failure) [PSYoungGen: 60768K->1421K(61440K)] 451823K->392476K(572928K), 0.0020706 secs] [Times: user=0.01 sys=0.00, real=0.00 secs] 
3469.437: [GC (Allocation Failure) [PSYoungGen: 60813K->1565K(61440K)] 451868K->392620K(572928K), 0.0016494 secs] [Times: user=0.01 sys=0.00, real=0.00 secs] 
3469.787: [GC (Allocation Failure) [PSYoungGen: 60957K->1533K(61440K)] 452012K->392596K(572928K), 0.0016045 secs] [Times: user=0.01 sys=0.00, real=0.00 secs] 
3470.136: [GC (Allocation Failure) [PSYoungGen: 60925K->1549K(61440K)] 451988K->392612K(572928K), 0.0016594 secs] [Times: user=0.00 sys=0.00, real=0.00 secs] 
3470.625: [GC (Allocation Failure) [PSYoungGen: 60941K->1920K(61440K)] 452004K->392983K(572928K), 0.0020006 secs] [Times: user=0.01 sys=0.00, real=0.00 secs] 
3471.231: [GC (Allocation Failure) [PSYoungGen: 61312K->1344K(61440K)] 452375K->392407K(572928K), 0.0037758 secs] [Times: user=0.02 sys=0.00, real=0.01 secs] 
3471.892: [GC (Allocation Failure) [PSYoungGen: 60736K->1376K(61440K)] 451799K->392439K(572928K), 0.0048934 secs] [Times: user=0.02 sys=0.00, real=0.01 secs] 
3472.505: [GC (Allocation Failure) [PSYoungGen: 60768K->1328K(61440K)] 451831K->392391K(572928K), 0.0029090 secs] [Times: user=0.02 sys=0.00, real=0.00 secs] 
3472.966: [GC (Allocation Failure) [PSYoungGen: 60720K->1344K(61440K)] 451783K->392407K(572928K), 0.0026605 secs] [Times: user=0.01 sys=0.00, real=0.00 secs] 
3473.481: [GC (Allocation Failure) [PSYoungGen: 60711K->1485K(61440K)] 451774K->392548K(572928K), 0.0016475 secs] [Times: user=0.00 sys=0.00, real=0.01 secs] 
3473.826: [GC (Allocation Failure) [PSYoungGen: 60877K->1581K(61440K)] 451940K->392652K(572928K), 0.0015709 secs] [Times: user=0.01 sys=0.00, real=0.00 secs] 
3474.172: [GC (Allocation Failure) [PSYoungGen: 60973K->1565K(61440K)] 452044K->392644K(572928K), 0.0016172 secs] [Times: user=0.01 sys=0.00, real=0.00 secs] 
3474.517: [GC (Allocation Failure) [PSYoungGen: 60957K->1552K(61440K)] 452036K->392631K(572928K), 0.0016012 secs] [Times: user=0.01 sys=0.00, real=0.00 secs] 
3476.216: [GC (Allocation Failure) [PSYoungGen: 60944K->1568K(61440K)] 452023K->392655K(572928K), 0.0061453 secs] [Times: user=0.03 sys=0.00, real=0.01 secs] 
3476.509: [GC (Allocation Failure) [PSYoungGen: 60960K->2016K(60416K)] 452047K->396008K(571904K), 0.0038744 secs] [Times: user=0.02 sys=0.01, real=0.01 secs] 
3479.257: [GC (Allocation Failure) [PSYoungGen: 60384K->3040K(61440K)] 454376K->406387K(572928K), 0.0172930 secs] [Times: user=0.08 sys=0.02, real=0.02 secs] 
3482.916: [GC (Allocation Failure) [PSYoungGen: 61408K->7136K(58368K)] 464755K->426563K(569856K), 0.0691922 secs] [Times: user=0.03 sys=0.26, real=0.07 secs] 
3483.422: [GC (Allocation Failure) [PSYoungGen: 54577K->14304K(65536K)] 474004K->446515K(577024K), 0.0194938 secs] [Times: user=0.10 sys=0.01, real=0.01 secs] 
3483.544: [GC (Allocation Failure) [PSYoungGen: 65504K->21472K(70144K)] 497715K->467451K(581632K), 0.0151360 secs] [Times: user=0.07 sys=0.01, real=0.01 secs] 
3484.010: [GC (GCLocker Initiated GC) [PSYoungGen: 70112K->30688K(79360K)] 516092K->487924K(590848K), 0.0154321 secs] [Times: user=0.09 sys=0.00, real=0.02 secs] 
3484.120: [GC (Allocation Failure) [PSYoungGen: 79328K->40416K(86016K)] 536567K->508079K(597504K), 0.0192629 secs] [Times: user=0.08 sys=0.02, real=0.02 secs] 
3484.977: [GC (Allocation Failure) [PSYoungGen: 85984K->51680K(97280K)] 553647K->527141K(608768K), 0.0331643 secs] [Times: user=0.15 sys=0.04, real=0.03 secs] 
3485.164: [GC (Allocation Failure) [PSYoungGen: 97248K->63968K(100864K)] 572709K->554646K(612352K), 0.0394226 secs] [Times: user=0.12 sys=0.11, real=0.04 secs] 
3485.267: [GC (Allocation Failure) [PSYoungGen: 100832K->70688K(117760K)] 591510K->562078K(629248K), 0.0150651 secs] [Times: user=0.08 sys=0.00, real=0.01 secs] 
3489.007: [GC (Allocation Failure) [PSYoungGen: 107552K->84832K(121856K)] 598942K->576254K(633344K), 0.0742887 secs] [Times: user=0.33 sys=0.11, real=0.07 secs] 
3489.427: [Full GC (Ergonomics) [PSYoungGen: 115040K->0K(121856K)] [ParOldGen: 507806K->210431K(529920K)] 622846K->210431K(651776K), [Metaspace: 59841K->59745K(1105920K)], 0.5413672 secs] [Times: user=2.55 sys=0.02, real=0.54 secs] 
3490.007: [GC (Allocation Failure) [PSYoungGen: 30208K->13056K(135680K)] 240639K->223487K(665600K), 0.0169893 secs] [Times: user=0.10 sys=0.00, real=0.02 secs] 
3496.271: [GC (Allocation Failure) [PSYoungGen: 43264K->21088K(129536K)] 253695K->231519K(659456K), 0.0319887 secs] [Times: user=0.19 sys=0.00, real=0.04 secs] 
3496.364: [GC (Allocation Failure) [PSYoungGen: 56928K->23392K(134144K)] 267359K->246687K(664064K), 0.0425484 secs] [Times: user=0.25 sys=0.00, real=0.04 secs] 
3497.416: [GC (Allocation Failure) [PSYoungGen: 59232K->6872K(133120K)] 282527K->253519K(663040K), 0.0394773 secs] [Times: user=0.23 sys=0.00, real=0.04 secs] 
3497.543: [GC (Allocation Failure) [PSYoungGen: 49880K->576K(134656K)] 296527K->253863K(664576K), 0.0095271 secs] [Times: user=0.06 sys=0.00, real=0.01 secs] 
3497.738: [GC (Allocation Failure) [PSYoungGen: 43584K->4160K(136192K)] 296871K->257639K(666112K), 0.0029403 secs] [Times: user=0.01 sys=0.01, real=0.00 secs] 
3497.799: [GC (Allocation Failure) [PSYoungGen: 55360K->17728K(138752K)] 308839K->274797K(668672K), 0.0051669 secs] [Times: user=0.03 sys=0.00, real=0.01 secs] 
3497.918: [GC (Allocation Failure) [PSYoungGen: 68928K->21504K(133120K)] 325997K->293473K(663040K), 0.0121989 secs] [Times: user=0.07 sys=0.00, real=0.01 secs] 
3498.019: [GC (GCLocker Initiated GC) [PSYoungGen: 82432K->26944K(138240K)] 354401K->318201K(668160K), 0.0122617 secs] [Times: user=0.07 sys=0.00, real=0.01 secs] 
3498.114: [GC (Allocation Failure) [PSYoungGen: 87872K->26016K(137728K)] 379132K->344000K(667648K), 0.0162137 secs] [Times: user=0.09 sys=0.00, real=0.01 secs] 
3498.227: [GC (Allocation Failure) [PSYoungGen: 98720K->34688K(141824K)] 416704K->378532K(671744K), 0.0249293 secs] [Times: user=0.14 sys=0.00, real=0.02 secs] 
3498.379: [GC (Allocation Failure) [PSYoungGen: 107392K->31296K(151552K)] 451236K->409708K(681472K), 0.0260028 secs] [Times: user=0.15 sys=0.00, real=0.03 secs] 
3498.502: [GC (Allocation Failure) [PSYoungGen: 112732K->33024K(153600K)] 491145K->442636K(683520K), 0.0762732 secs] [Times: user=0.46 sys=0.00, real=0.07 secs] 
3499.134: [GC (Allocation Failure) [PSYoungGen: 120064K->45376K(165888K)] 529676K->487924K(695808K), 0.0387638 secs] [Times: user=0.22 sys=0.01, real=0.04 secs] 
3500.081: [GC (Allocation Failure) [PSYoungGen: 146240K->19424K(168960K)] 588788K->507172K(698880K), 0.0290182 secs] [Times: user=0.17 sys=0.00, real=0.03 secs] 
3500.110: [Full GC (Ergonomics) [PSYoungGen: 19424K->0K(168960K)] [ParOldGen: 487748K->252559K(624128K)] 507172K->252559K(793088K), [Metaspace: 59949K->59949K(1105920K)], 0.6374681 secs] [Times: user=2.62 sys=0.00, real=0.64 secs] 
3502.017: [GC (Allocation Failure) [PSYoungGen: 100864K->23904K(175616K)] 353423K->276471K(799744K), 0.0210836 secs] [Times: user=0.11 sys=0.00, real=0.02 secs] 
3502.944: [GC (GCLocker Initiated GC) [PSYoungGen: 142176K->45344K(180736K)] 394743K->320021K(804864K), 0.0224392 secs] [Times: user=0.13 sys=0.01, real=0.02 secs] 
3503.107: [GC (Allocation Failure) [PSYoungGen: 163616K->61920K(195584K)] 438332K->376628K(819712K), 0.0297655 secs] [Times: user=0.14 sys=0.04, real=0.03 secs] 
3505.030: [GC (GCLocker Initiated GC) [PSYoungGen: 191456K->51904K(203776K)] 506166K->420262K(827904K), 0.0329279 secs] [Times: user=0.20 sys=0.00, real=0.04 secs] 
3505.343: [GC (Allocation Failure) [PSYoungGen: 181440K->77280K(196608K)] 549866K->499906K(820736K), 0.0467969 secs] [Times: user=0.27 sys=0.01, real=0.04 secs] 
3506.293: [GC (Allocation Failure) [PSYoungGen: 196576K->16896K(228352K)] 619202K->500514K(852480K), 0.0338078 secs] [Times: user=0.19 sys=0.01, real=0.03 secs] 
3506.488: [GC (Allocation Failure) [PSYoungGen: 136192K->39616K(234496K)] 619810K->539690K(858624K), 0.0213150 secs] [Times: user=0.12 sys=0.00, real=0.02 secs] 
3506.765: [GC (Allocation Failure) [PSYoungGen: 173926K->57632K(240128K)] 674001K->593399K(864256K), 0.0313978 secs] [Times: user=0.18 sys=0.01, real=0.03 secs] 
3507.034: [GC (Allocation Failure) [PSYoungGen: 196896K->61888K(262144K)] 732663K->650747K(886272K), 0.0450044 secs] [Times: user=0.14 sys=0.10, real=0.04 secs] 
3507.079: [Full GC (Ergonomics) [PSYoungGen: 61888K->0K(262144K)] [ParOldGen: 588859K->165072K(587264K)] 650747K->165072K(849408K), [Metaspace: 59961K->59961K(1105920K)], 0.3787911 secs] [Times: user=1.74 sys=0.00, real=0.38 secs] 
3507.643: [GC (Allocation Failure) [PSYoungGen: 161280K->93888K(263680K)] 326352K->258960K(850944K), 0.0254269 secs] [Times: user=0.14 sys=0.00, real=0.02 secs] 
3508.659: [GC (Allocation Failure) [PSYoungGen: 255168K->26944K(294400K)] 420240K->269388K(881664K), 0.0426208 secs] [Times: user=0.25 sys=0.00, real=0.04 secs] 
3509.918: [GC (Allocation Failure) [PSYoungGen: 212288K->72224K(297472K)] 454732K->339897K(884736K), 0.0217747 secs] [Times: user=0.13 sys=0.00, real=0.02 secs] 
3510.164: [GC (Allocation Failure) [PSYoungGen: 257568K->82752K(321024K)] 525241K->417593K(908288K), 0.0415074 secs] [Times: user=0.23 sys=0.01, real=0.04 secs] 
3510.718: [GC (Allocation Failure) [PSYoungGen: 286408K->120800K(326656K)] 621249K->537409K(913920K), 0.0465804 secs] [Times: user=0.25 sys=0.00, real=0.05 secs] 
3512.020: [GC (Allocation Failure) [PSYoungGen: 326624K->44352K(393216K)] 743233K->547109K(980480K), 0.0940663 secs] [Times: user=0.29 sys=0.21, real=0.10 secs] 
3512.114: [Full GC (Ergonomics) [PSYoungGen: 44352K->0K(393216K)] [ParOldGen: 502757K->59933K(547328K)] 547109K->59933K(940544K), [Metaspace: 59968K->59968K(1105920K)], 0.1532611 secs] [Times: user=0.69 sys=0.00, real=0.15 secs] 
3512.561: [GC (Allocation Failure) [PSYoungGen: 236544K->98080K(399872K)] 296477K->158013K(947200K), 0.0206467 secs] [Times: user=0.12 sys=0.00, real=0.03 secs] 
3513.313: [GC (Allocation Failure) [PSYoungGen: 334624K->108320K(430592K)] 394557K->257381K(977920K), 0.0667820 secs] [Times: user=0.35 sys=0.04, real=0.06 secs] 
3514.560: [GC (GCLocker Initiated GC) [PSYoungGen: 373536K->62944K(435712K)] 522598K->320270K(983040K), 0.0524614 secs] [Times: user=0.31 sys=0.00, real=0.06 secs] 
3514.937: [GC (Allocation Failure) [PSYoungGen: 328160K->116480K(456704K)] 585492K->429965K(1004032K), 0.0476794 secs] [Times: user=0.24 sys=0.04, real=0.05 secs] 
3516.211: [GC (Allocation Failure) [PSYoungGen: 410880K->87680K(464384K)] 724365K->509245K(1011712K), 0.0564827 secs] [Times: user=0.34 sys=0.00, real=0.06 secs] 
3516.268: [Full GC (Ergonomics) [PSYoungGen: 87680K->0K(464384K)] [ParOldGen: 421565K->28143K(574976K)] 509245K->28143K(1039360K), [Metaspace: 59979K->59979K(1105920K)], 0.0449038 secs] [Times: user=0.15 sys=0.00, real=0.05 secs] 
3516.710: [GC (Allocation Failure) [PSYoungGen: 294400K->121088K(494080K)] 322543K->149231K(1069056K), 0.0332093 secs] [Times: user=0.14 sys=0.06, real=0.04 secs] 
3518.000: [GC (Allocation Failure) [PSYoungGen: 450304K->117184K(501248K)] 478447K->257143K(1076224K), 0.0603630 secs] [Times: user=0.36 sys=0.00, real=0.06 secs] 
3519.866: [GC (Allocation Failure) [PSYoungGen: 446400K->119776K(515584K)] 586359K->376467K(1090560K), 0.0558087 secs] [Times: user=0.31 sys=0.01, real=0.06 secs] 
3521.552: [GC (Allocation Failure) [PSYoungGen: 459232K->128352K(467968K)] 715923K->494407K(1042944K), 0.0612810 secs] [Times: user=0.36 sys=0.00, real=0.07 secs] 
3522.183: [GC (Allocation Failure) [PSYoungGen: 467808K->118272K(512512K)] 833863K->612615K(1087488K), 0.0553905 secs] [Times: user=0.32 sys=0.00, real=0.05 secs] 
3522.238: [Full GC (Ergonomics) [PSYoungGen: 118272K->0K(512512K)] [ParOldGen: 494343K->133817K(757248K)] 612615K->133817K(1269760K), [Metaspace: 59982K->59982K(1105920K)], 0.3023287 secs] [Times: user=1.39 sys=0.00, real=0.30 secs] 
3523.738: [GC (Allocation Failure) [PSYoungGen: 327168K->130432K(457728K)] 460985K->264249K(1214976K), 0.0466756 secs] [Times: user=0.27 sys=0.00, real=0.05 secs] 
3524.400: [GC (Allocation Failure) [PSYoungGen: 457600K->105952K(515584K)] 591417K->369805K(1272832K), 0.0677196 secs] [Times: user=0.39 sys=0.00, real=0.07 secs] 
3525.849: [GC (Allocation Failure) [PSYoungGen: 429749K->179136K(505344K)] 693603K->538930K(1262592K), 0.0690428 secs] [Times: user=0.41 sys=0.00, real=0.07 secs] 
3528.283: [GC (Allocation Failure) [PSYoungGen: 505280K->94560K(498176K)] 865074K->596586K(1255424K), 0.0585444 secs] [Times: user=0.35 sys=0.00, real=0.05 secs] 
3528.695: [GC (Allocation Failure) [PSYoungGen: 399200K->134304K(439296K)] 901226K->720975K(1196544K), 0.0552975 secs] [Times: user=0.31 sys=0.02, real=0.05 secs] 
3528.750: [Full GC (Ergonomics) [PSYoungGen: 134304K->0K(439296K)] [ParOldGen: 586671K->234192K(906752K)] 720975K->234192K(1346048K), [Metaspace: 59989K->59989K(1105920K)], 0.5491883 secs] [Times: user=2.57 sys=0.00, real=0.55 secs] 
3530.518: [GC (Allocation Failure) [PSYoungGen: 304640K->79168K(504320K)] 538832K->313360K(1411072K), 0.0573947 secs] [Times: user=0.33 sys=0.00, real=0.06 secs] 
3531.060: [GC (Allocation Failure) [PSYoungGen: 382297K->130016K(500736K)] 616490K->436777K(1407488K), 0.0449218 secs] [Times: user=0.27 sys=0.00, real=0.05 secs] 
3532.330: [GC (Allocation Failure) [PSYoungGen: 436192K->92000K(496640K)] 742953K->519853K(1403392K), 0.0830855 secs] [Times: user=0.49 sys=0.01, real=0.09 secs] 
3533.027: [GC (Allocation Failure) [PSYoungGen: 401760K->132096K(498688K)] 829613K->648374K(1405440K), 0.0460818 secs] [Times: user=0.28 sys=0.00, real=0.05 secs] 
3535.055: [GC (Allocation Failure) [PSYoungGen: 441856K->98240K(498688K)] 958134K->737774K(1405440K), 0.0807796 secs] [Times: user=0.36 sys=0.12, real=0.08 secs] 
3535.813: [GC (Allocation Failure) [PSYoungGen: 418240K->127200K(503808K)] 1057774K->864064K(1410560K), 0.0578697 secs] [Times: user=0.30 sys=0.04, real=0.05 secs] 
3535.870: [Full GC (Ergonomics) [PSYoungGen: 127200K->0K(503808K)] [ParOldGen: 736864K->148700K(851968K)] 864064K->148700K(1355776K), [Metaspace: 59997K->59997K(1105920K)], 0.3429234 secs] [Times: user=1.58 sys=0.00, real=0.35 secs] 
3538.860: [GC (Allocation Failure) [PSYoungGen: 320000K->114944K(503296K)] 468700K->263644K(1355264K), 0.0411344 secs] [Times: user=0.24 sys=0.01, real=0.04 secs] 
3539.736: [GC (Allocation Failure) [PSYoungGen: 446720K->119168K(509440K)] 595420K->382893K(1361408K), 0.0568211 secs] [Times: user=0.34 sys=0.00, real=0.06 secs] 
3542.221: [GC (Allocation Failure) [PSYoungGen: 450944K->129440K(519680K)] 714669K->501308K(1371648K), 0.0624467 secs] [Times: user=0.37 sys=0.00, real=0.07 secs] 
3542.961: [GC (Allocation Failure) [PSYoungGen: 476576K->119168K(521728K)] 848444K->620380K(1373696K), 0.0569129 secs] [Times: user=0.33 sys=0.00, real=0.06 secs] 
3545.675: [GC (Allocation Failure) [PSYoungGen: 466304K->129248K(522240K)] 967516K->738792K(1374208K), 0.0620936 secs] [Times: user=0.36 sys=0.00, real=0.06 secs] 
3546.158: [GC (Allocation Failure) [PSYoungGen: 480992K->126176K(522240K)] 1090536K->864920K(1374208K), 0.0569118 secs] [Times: user=0.34 sys=0.00, real=0.06 secs] 
3546.215: [Full GC (Ergonomics) [PSYoungGen: 126176K->0K(522240K)] [ParOldGen: 738744K->142756K(904192K)] 864920K->142756K(1426432K), [Metaspace: 60012K->60012K(1105920K)], 0.3285606 secs] [Times: user=1.51 sys=0.00, real=0.33 secs] 
3547.782: [GC (Allocation Failure) [PSYoungGen: 351744K->121760K(522240K)] 494500K->264516K(1426432K), 0.0417353 secs] [Times: user=0.24 sys=0.00, real=0.04 secs] 
3548.643: [GC (Allocation Failure) [PSYoungGen: 480672K->135552K(524800K)] 623428K->400092K(1428992K), 0.0598043 secs] [Times: user=0.35 sys=0.00, real=0.06 secs] 
3550.055: [GC (Allocation Failure) [PSYoungGen: 494464K->4352K(502272K)] 759004K->268924K(1406464K), 0.0040812 secs] [Times: user=0.02 sys=0.00, real=0.00 secs] 
3551.858: [GC (Allocation Failure) [PSYoungGen: 338688K->133536K(467968K)] 603260K->400601K(1372160K), 0.0275665 secs] [Times: user=0.16 sys=0.00, real=0.03 secs] 
3553.216: [GC (Allocation Failure) [PSYoungGen: 467872K->184800K(435200K)] 734937K->504713K(1339392K), 0.0789098 secs] [Times: user=0.37 sys=0.10, real=0.08 secs] 
3553.751: [GC (Allocation Failure) [PSYoungGen: 435168K->96384K(474624K)] 755081K->600593K(1378816K), 0.0641946 secs] [Times: user=0.38 sys=0.00, real=0.07 secs] 
3554.156: [GC (Allocation Failure) [PSYoungGen: 346752K->147872K(470016K)] 850961K->739477K(1374208K), 0.0526555 secs] [Times: user=0.31 sys=0.00, real=0.05 secs] 
3555.322: [GC (Allocation Failure) [PSYoungGen: 403872K->63872K(475136K)] 995477K->770213K(1379328K), 0.0529094 secs] [Times: user=0.31 sys=0.00, real=0.05 secs] 
3555.375: [Full GC (Ergonomics) [PSYoungGen: 63872K->0K(475136K)] [ParOldGen: 706341K->45801K(861696K)] 770213K->45801K(1336832K), [Metaspace: 60025K->60025K(1105920K)], 0.0863860 secs] [Times: user=0.36 sys=0.01, real=0.08 secs] 
3556.037: [GC (Allocation Failure) [PSYoungGen: 256000K->106720K(462848K)] 301801K->152521K(1324544K), 0.0231775 secs] [Times: user=0.13 sys=0.00, real=0.02 secs] 
3556.577: [GC (Allocation Failure) [PSYoungGen: 366816K->153984K(471040K)] 412617K->297449K(1332736K), 0.0534942 secs] [Times: user=0.31 sys=0.01, real=0.05 secs] 
3557.693: [GC (Allocation Failure) [PSYoungGen: 414080K->64608K(483328K)] 557545K->325157K(1345024K), 0.0825799 secs] [Times: user=0.49 sys=0.00, real=0.08 secs] 
3558.106: [GC (Allocation Failure) [PSYoungGen: 332384K->117184K(385024K)] 592933K->436542K(1246720K), 0.0411742 secs] [Times: user=0.24 sys=0.00, real=0.04 secs] 
3559.647: [GC (Allocation Failure) [PSYoungGen: 384960K->80896K(477184K)] 704318K->509006K(1338880K), 0.0877195 secs] [Times: user=0.52 sys=0.00, real=0.09 secs] 
3560.711: [GC (Allocation Failure) [PSYoungGen: 351744K->107360K(474112K)] 779854K->615087K(1335808K), 0.0424107 secs] [Times: user=0.25 sys=0.01, real=0.05 secs] 
3561.627: [GC (Allocation Failure) [PSYoungGen: 378208K->122144K(487936K)] 885935K->728543K(1349632K), 0.0686554 secs] [Times: user=0.41 sys=0.00, real=0.07 secs] 
3562.885: [GC (Allocation Failure) [PSYoungGen: 415520K->77952K(483840K)] 1021919K->806047K(1345536K), 0.0548537 secs] [Times: user=0.32 sys=0.00, real=0.05 secs] 
3562.940: [Full GC (Ergonomics) [PSYoungGen: 77952K->0K(483840K)] [ParOldGen: 728095K->85201K(917504K)] 806047K->85201K(1401344K), [Metaspace: 60032K->60032K(1105920K)], 0.1801103 secs] [Times: user=0.79 sys=0.00, real=0.18 secs] 
3563.460: [GC (Allocation Failure) [PSYoungGen: 282207K->121856K(505344K)] 367409K->207057K(1422848K), 0.0253151 secs] [Times: user=0.14 sys=0.00, real=0.03 secs] 
3564.944: [GC (Allocation Failure) [PSYoungGen: 438784K->95264K(502272K)] 523985K->293229K(1419776K), 0.1042326 secs] [Times: user=0.62 sys=0.00, real=0.10 secs] 
3565.454: [GC (Allocation Failure) [PSYoungGen: 412192K->136000K(502272K)] 610157K->425326K(1419776K), 0.0468725 secs] [Times: user=0.28 sys=0.00, real=0.04 secs] 
3567.739: [GC (Allocation Failure) [PSYoungGen: 458048K->100928K(505344K)] 747374K->517254K(1422848K), 0.1465418 secs] [Times: user=0.88 sys=0.00, real=0.15 secs] 
3568.877: [GC (Allocation Failure) [PSYoungGen: 422976K->132192K(511488K)] 839302K->645279K(1428992K), 0.0499163 secs] [Times: user=0.29 sys=0.00, real=0.05 secs] 
3570.158: [GC (Allocation Failure) [PSYoungGen: 466016K->109280K(513024K)] 979103K->745315K(1430528K), 0.0656933 secs] [Times: user=0.39 sys=0.00, real=0.07 secs] 
3570.781: [GC (Allocation Failure) [PSYoungGen: 443104K->134784K(512512K)] 1079139K->878272K(1430016K), 0.0550790 secs] [Times: user=0.31 sys=0.01, real=0.06 secs] 
3570.836: [Full GC (Ergonomics) [PSYoungGen: 134784K->0K(512512K)] [ParOldGen: 743488K->154520K(1026560K)] 878272K->154520K(1539072K), [Metaspace: 60045K->60045K(1105920K)], 0.3609194 secs] [Times: user=1.68 sys=0.01, real=0.36 secs] 
3572.411: [GC (Allocation Failure) [PSYoungGen: 339456K->112096K(515072K)] 493976K->266616K(1541632K), 0.0396006 secs] [Times: user=0.23 sys=0.00, real=0.04 secs] 
3573.265: [GC (Allocation Failure) [PSYoungGen: 451552K->135008K(518144K)] 606072K->400221K(1544704K), 0.0560498 secs] [Times: user=0.33 sys=0.00, real=0.05 secs] 
3574.605: [GC (GCLocker Initiated GC) [PSYoungGen: 483168K->115072K(520192K)] 748381K->505657K(1546752K), 0.0634591 secs] [Times: user=0.38 sys=0.00, real=0.06 secs] 
3575.684: [GC (Allocation Failure) [PSYoungGen: 463232K->139424K(519680K)] 853821K->644391K(1546240K), 0.0952964 secs] [Times: user=0.56 sys=0.00, real=0.09 secs] 
3577.609: [GC (GCLocker Initiated GC) [PSYoungGen: 492704K->116000K(523264K)] 997671K->751554K(1549824K), 0.0659742 secs] [Times: user=0.39 sys=0.00, real=0.07 secs] 
3578.231: [GC (Allocation Failure) [PSYoungGen: 469280K->151840K(518144K)] 1104873K->901625K(1544704K), 0.0572564 secs] [Times: user=0.32 sys=0.01, real=0.06 secs] 
3580.695: [GC (Allocation Failure) [PSYoungGen: 504608K->114016K(525824K)] 1254393K->998153K(1552384K), 0.0907204 secs] [Times: user=0.38 sys=0.16, real=0.09 secs] 
3580.786: [Full GC (Ergonomics) [PSYoungGen: 114016K->0K(525824K)] [ParOldGen: 884137K->35050K(964096K)] 998153K->35050K(1489920K), [Metaspace: 60049K->60049K(1105920K)], 0.0580322 secs] [Times: user=0.21 sys=0.00, real=0.06 secs] 
3581.689: [GC (Allocation Failure) [PSYoungGen: 352768K->145728K(521216K)] 387818K->180778K(1485312K), 0.0291696 secs] [Times: user=0.17 sys=0.00, real=0.03 secs] 
3583.104: [GC (Allocation Failure) [PSYoungGen: 497472K->114144K(525312K)] 532522K->285226K(1489408K), 0.0915089 secs] [Times: user=0.54 sys=0.01, real=0.09 secs] 
3583.975: [GC (Allocation Failure) [PSYoungGen: 465888K->146880K(520192K)] 636970K->428767K(1484288K), 0.0772508 secs] [Times: user=0.46 sys=0.00, real=0.08 secs] 
3586.455: [GC (GCLocker Initiated GC) [PSYoungGen: 496576K->109632K(524288K)] 778465K->530033K(1488384K), 0.0654260 secs] [Times: user=0.39 sys=0.00, real=0.06 secs] 
3586.944: [GC (Allocation Failure) [PSYoungGen: 459328K->149792K(516608K)] 879798K->675643K(1480704K), 0.0531233 secs] [Times: user=0.31 sys=0.00, real=0.05 secs] 
3588.442: [GC (GCLocker Initiated GC) [PSYoungGen: 494368K->104608K(521728K)] 1020219K->771243K(1485824K), 0.0731000 secs] [Times: user=0.42 sys=0.02, real=0.07 secs] 
3589.007: [GC (GCLocker Initiated GC) [PSYoungGen: 449184K->146784K(516096K)] 1115821K->914245K(1480192K), 0.0514235 secs] [Times: user=0.31 sys=0.00, real=0.05 secs] 
3591.350: [GC (Allocation Failure) [PSYoungGen: 487264K->103552K(519680K)] 1254796K->1009116K(1483776K), 0.1358074 secs] [Times: user=0.76 sys=0.05, real=0.14 secs] 
3591.486: [Full GC (Ergonomics) [PSYoungGen: 103552K->0K(519680K)] [ParOldGen: 905564K->51427K(1019392K)] 1009116K->51427K(1539072K), [Metaspace: 60060K->60060K(1105920K)], 0.1216995 secs] [Times: user=0.55 sys=0.00, real=0.12 secs] 
3592.047: [GC (Allocation Failure) [PSYoungGen: 340480K->145888K(516096K)] 391907K->197315K(1535488K), 0.0291941 secs] [Times: user=0.16 sys=0.00, real=0.03 secs] 
3593.804: [GC (Allocation Failure) [PSYoungGen: 484320K->104512K(518656K)] 535747K->293323K(1538048K), 0.0946851 secs] [Times: user=0.55 sys=0.01, real=0.09 secs] 
3594.419: [GC (Allocation Failure) [PSYoungGen: 442944K->142656K(517120K)] 631755K->431059K(1536512K), 0.0500743 secs] [Times: user=0.30 sys=0.00, real=0.05 secs] 
3595.822: [GC (Allocation Failure) [PSYoungGen: 481088K->105824K(444416K)] 769491K->527748K(1463808K), 0.0901012 secs] [Times: user=0.53 sys=0.00, real=0.09 secs] 
3596.353: [GC (Allocation Failure) [PSYoungGen: 444256K->143296K(516608K)] 866180K->666484K(1536000K), 0.0512607 secs] [Times: user=0.30 sys=0.00, real=0.05 secs] 
3597.890: [GC (GCLocker Initiated GC) [PSYoungGen: 481728K->107808K(518144K)] 1004916K->765224K(1537536K), 0.1342831 secs] [Times: user=0.80 sys=0.00, real=0.14 secs] 
3598.901: [GC (Allocation Failure) [PSYoungGen: 446240K->141792K(517632K)] 1103727K->903724K(1537024K), 0.0821255 secs] [Times: user=0.48 sys=0.00, real=0.09 secs] 
3600.677: [GC (GCLocker Initiated GC) [PSYoungGen: 481760K->104096K(518656K)] 1243695K->999531K(1538048K), 0.0663874 secs] [Times: user=0.39 sys=0.00, real=0.07 secs] 
3600.743: [Full GC (Ergonomics) [PSYoungGen: 104096K->0K(518656K)] [ParOldGen: 895435K->41518K(1034752K)] 999531K->41518K(1553408K), [Metaspace: 60193K->60193K(1105920K)], 0.0733436 secs] [Times: user=0.28 sys=0.00, real=0.07 secs] 
3601.222: [GC (Allocation Failure) [PSYoungGen: 339968K->141504K(518144K)] 381556K->183093K(1552896K), 0.0280046 secs] [Times: user=0.16 sys=0.01, real=0.02 secs] 
3602.845: [GC (Allocation Failure) [PSYoungGen: 482496K->106400K(519680K)] 524085K->280433K(1554432K), 0.1451190 secs] [Times: user=0.85 sys=0.01, real=0.14 secs] 
3603.520: [GC (Allocation Failure) [PSYoungGen: 447392K->140960K(518656K)] 621425K->418357K(1553408K), 0.0514817 secs] [Times: user=0.30 sys=0.00, real=0.06 secs] 
3605.858: [GC (Allocation Failure) [PSYoungGen: 482976K->109408K(519680K)] 760373K->518713K(1554432K), 0.1722812 secs] [Times: user=1.02 sys=0.01, real=0.17 secs] 
3606.630: [GC (Allocation Failure) [PSYoungGen: 451424K->140160K(518656K)] 860729K->656138K(1553408K), 0.0535072 secs] [Times: user=0.32 sys=0.00, real=0.06 secs] 
3608.364: [GC (Allocation Failure) [PSYoungGen: 483712K->108480K(519680K)] 999690K->755706K(1554432K), 0.0651787 secs] [Times: user=0.38 sys=0.01, real=0.06 secs] 
3608.887: [GC (Allocation Failure) [PSYoungGen: 452032K->144608K(519168K)] 1099258K->897183K(1553920K), 0.0533497 secs] [Times: user=0.31 sys=0.00, real=0.05 secs] 
3610.447: [GC (Allocation Failure) [PSYoungGen: 489696K->107648K(521728K)] 1242271K->995631K(1556480K), 0.0993540 secs] [Times: user=0.59 sys=0.00, real=0.10 secs] 
3610.547: [Full GC (Ergonomics) [PSYoungGen: 107648K->0K(521728K)] [ParOldGen: 887983K->37893K(1055744K)] 995631K->37893K(1577472K), [Metaspace: 60210K->60210K(1105920K)], 0.0737827 secs] [Times: user=0.29 sys=0.00, real=0.07 secs] 
3611.199: [GC (Allocation Failure) [PSYoungGen: 345088K->144608K(519168K)] 382981K->182501K(1574912K), 0.0290443 secs] [Times: user=0.16 sys=0.00, real=0.03 secs] 
3613.268: [GC (Allocation Failure) [PSYoungGen: 489184K->107392K(521728K)] 527077K->280797K(1577472K), 0.1624681 secs] [Times: user=0.87 sys=0.00, real=0.16 secs] 
3614.293: [GC (Allocation Failure) [PSYoungGen: 451968K->144160K(518656K)] 625373K->421442K(1574400K), 0.0519170 secs] [Times: user=0.30 sys=0.00, real=0.05 secs] 
3616.653: [GC (GCLocker Initiated GC) [PSYoungGen: 487712K->107296K(521216K)] 764994K->519718K(1576960K), 0.0641858 secs] [Times: user=0.38 sys=0.01, real=0.06 secs] 
3617.204: [GC (Allocation Failure) [PSYoungGen: 450848K->149760K(514048K)] 863309K->666013K(1569792K), 0.0526690 secs] [Times: user=0.31 sys=0.00, real=0.05 secs] 
3618.752: [GC (GCLocker Initiated GC) [PSYoungGen: 488192K->107840K(518656K)] 1004445K->755885K(1574400K), 0.0677895 secs] [Times: user=0.40 sys=0.00, real=0.06 secs] 
3619.465: [GC (Allocation Failure) [PSYoungGen: 446272K->141632K(517632K)] 1094387K->894032K(1573376K), 0.0523283 secs] [Times: user=0.31 sys=0.00, real=0.05 secs] 
3621.008: [GC (Allocation Failure) [PSYoungGen: 482112K->108864K(519168K)] 1234512K->993432K(1574912K), 0.0750910 secs] [Times: user=0.44 sys=0.00, real=0.08 secs] 
3621.083: [Full GC (Ergonomics) [PSYoungGen: 108864K->0K(519168K)] [ParOldGen: 884568K->36457K(1083904K)] 993432K->36457K(1603072K), [Metaspace: 60227K->60227K(1105920K)], 0.0598480 secs] [Times: user=0.22 sys=0.00, real=0.06 secs] 
3622.085: [GC (Allocation Failure) [PSYoungGen: 340480K->150080K(514048K)] 376937K->186537K(1597952K), 0.0285182 secs] [Times: user=0.17 sys=0.00, real=0.03 secs] 
3623.881: [GC (Allocation Failure) [PSYoungGen: 487488K->105312K(518144K)] 523945K->275161K(1602048K), 0.0633239 secs] [Times: user=0.38 sys=0.00, real=0.07 secs] 
3624.350: [GC (Allocation Failure) [PSYoungGen: 442720K->142080K(517632K)] 612569K->414861K(1601536K), 0.0520916 secs] [Times: user=0.31 sys=0.00, real=0.06 secs] 
3625.754: [GC (Allocation Failure) [PSYoungGen: 480512K->105600K(444416K)] 753293K->511477K(1528320K), 0.0795803 secs] [Times: user=0.47 sys=0.00, real=0.08 secs] 
3626.423: [GC (Allocation Failure) [PSYoungGen: 444032K->140672K(517632K)] 849909K->649586K(1601536K), 0.0520553 secs] [Times: user=0.31 sys=0.00, real=0.05 secs] 
3627.991: [GC (GCLocker Initiated GC) [PSYoungGen: 479616K->107008K(518144K)] 988531K->747591K(1602048K), 0.0934640 secs] [Times: user=0.56 sys=0.00, real=0.10 secs] 
3628.993: [GC (Allocation Failure) [PSYoungGen: 445952K->138688K(518144K)] 1086538K->884237K(1602048K), 0.0528022 secs] [Times: user=0.31 sys=0.00, real=0.05 secs] 
3631.195: [GC (GCLocker Initiated GC) [PSYoungGen: 479680K->110048K(518144K)] 1225229K->985697K(1602048K), 0.0643388 secs] [Times: user=0.38 sys=0.00, real=0.06 secs] 
3631.755: [GC (Allocation Failure) [PSYoungGen: 451040K->138688K(518656K)] 1326692K->1122257K(1602560K), 0.0572253 secs] [Times: user=0.30 sys=0.03, real=0.06 secs] 
3631.812: [Full GC (Ergonomics) [PSYoungGen: 138688K->0K(518656K)] [ParOldGen: 983569K->164102K(1241088K)] 1122257K->164102K(1759744K), [Metaspace: 60230K->60230K(1105920K)], 0.3792516 secs] [Times: user=1.76 sys=0.00, real=0.37 secs] 
3633.471: [GC (GCLocker Initiated GC) [PSYoungGen: 344064K->109056K(519168K)] 508167K->273159K(1760256K), 0.0455854 secs] [Times: user=0.26 sys=0.01, real=0.05 secs] 
3634.195: [GC (Allocation Failure) [PSYoungGen: 453120K->149920K(516608K)] 617226K->420821K(1757696K), 0.0556444 secs] [Times: user=0.33 sys=0.00, real=0.05 secs] 
3635.604: [GC (Allocation Failure) [PSYoungGen: 493472K->110080K(521216K)] 764373K->513469K(1762304K), 0.0902152 secs] [Times: user=0.53 sys=0.01, real=0.09 secs] 
3637.176: [GC (Allocation Failure) [PSYoungGen: 453632K->139776K(519168K)] 857021K->651074K(1760256K), 0.0845444 secs] [Times: user=0.50 sys=0.00, real=0.08 secs] 
3638.548: [GC (Allocation Failure) [PSYoungGen: 485376K->108800K(521216K)] 996674K->751394K(1762304K), 0.0653683 secs] [Times: user=0.38 sys=0.01, real=0.07 secs] 
3639.345: [GC (Allocation Failure) [PSYoungGen: 454400K->140096K(523264K)] 1096994K->888871K(1764352K), 0.0530371 secs] [Times: user=0.31 sys=0.00, real=0.05 secs] 
3640.709: [GC (GCLocker Initiated GC) [PSYoungGen: 489280K->115040K(464384K)] 1238055K->994171K(1705472K), 0.0661942 secs] [Times: user=0.39 sys=0.00, real=0.07 secs] 
3641.507: [GC (Allocation Failure) [PSYoungGen: 464224K->150784K(517632K)] 1343394K->1142535K(1758720K), 0.0556641 secs] [Times: user=0.33 sys=0.01, real=0.06 secs] 
3642.863: [GC (Allocation Failure) [PSYoungGen: 496384K->111936K(522240K)] 1488135K->1236863K(1763328K), 0.0775997 secs] [Times: user=0.38 sys=0.09, real=0.07 secs] 
3642.941: [Full GC (Ergonomics) [PSYoungGen: 111936K->0K(522240K)] [ParOldGen: 1124927K->33988K(1149440K)] 1236863K->33988K(1671680K), [Metaspace: 60233K->60233K(1105920K)], 0.0541739 secs] [Times: user=0.18 sys=0.00, real=0.06 secs] 
3643.583: [GC (Allocation Failure) [PSYoungGen: 345600K->143040K(521216K)] 379588K->177028K(1670656K), 0.0286042 secs] [Times: user=0.17 sys=0.00, real=0.03 secs] 
3645.495: [GC (GCLocker Initiated GC) [PSYoungGen: 489664K->107328K(522752K)] 523652K->275900K(1672192K), 0.0651577 secs] [Times: user=0.39 sys=0.00, real=0.06 secs] 
3645.988: [GC (Allocation Failure) [PSYoungGen: 453952K->146048K(519168K)] 622563K->419104K(1668608K), 0.0521564 secs] [Times: user=0.31 sys=0.00, real=0.05 secs] 
3647.929: [GC (Allocation Failure) [PSYoungGen: 490624K->108576K(521728K)] 763680K->518532K(1671168K), 0.1590228 secs] [Times: user=0.95 sys=0.00, real=0.16 secs] 
3649.186: [GC (Allocation Failure) [PSYoungGen: 453152K->143904K(520192K)] 863108K->659201K(1669632K), 0.0524994 secs] [Times: user=0.31 sys=0.00, real=0.05 secs] 
3651.291: [GC (Allocation Failure) [PSYoungGen: 488480K->107008K(521728K)] 1003777K->757077K(1671168K), 0.1456481 secs] [Times: user=0.87 sys=0.00, real=0.15 secs] 
3652.549: [GC (Allocation Failure) [PSYoungGen: 451584K->144128K(519680K)] 1101653K->898212K(1669120K), 0.0526577 secs] [Times: user=0.31 sys=0.00, real=0.05 secs] 
3653.970: [GC (Allocation Failure) [PSYoungGen: 487680K->109856K(453632K)] 1241764K->999596K(1603072K), 0.0657157 secs] [Times: user=0.39 sys=0.01, real=0.07 secs] 
3654.479: [GC (Allocation Failure) [PSYoungGen: 453408K->142272K(519168K)] 1343148K->1138857K(1668608K), 0.0600643 secs] [Times: user=0.31 sys=0.01, real=0.06 secs] 
3654.539: [Full GC (Ergonomics) [PSYoungGen: 142272K->0K(519168K)] [ParOldGen: 996585K->180449K(1338880K)] 1138857K->180449K(1858048K), [Metaspace: 60239K->60239K(1105920K)], 0.4284988 secs] [Times: user=1.98 sys=0.00, real=0.43 secs] 
3656.329: [GC (Allocation Failure) [PSYoungGen: 343552K->108480K(520704K)] 524001K->288929K(1859584K), 0.0346629 secs] [Times: user=0.20 sys=0.00, real=0.04 secs] 
3657.541: [GC (Allocation Failure) [PSYoungGen: 452032K->143232K(519680K)] 632481K->428830K(1858560K), 0.0533847 secs] [Times: user=0.32 sys=0.00, real=0.06 secs] 
3659.029: [GC (Allocation Failure) [PSYoungGen: 487808K->112192K(521216K)] 773406K->531546K(1860096K), 0.0827539 secs] [Times: user=0.48 sys=0.01, real=0.09 secs] 
3659.756: [GC (Allocation Failure) [PSYoungGen: 456768K->140960K(521216K)] 876122K->667415K(1860096K), 0.0755771 secs] [Times: user=0.45 sys=0.00, real=0.07 secs] 
3661.396: [GC (Allocation Failure) [PSYoungGen: 487584K->110208K(521728K)] 1014039K->769215K(1860608K), 0.0965533 secs] [Times: user=0.57 sys=0.00, real=0.10 secs] 
3662.032: [GC (Allocation Failure) [PSYoungGen: 456832K->145824K(520192K)] 1115839K->911028K(1859072K), 0.0539628 secs] [Times: user=0.31 sys=0.00, real=0.05 secs] 
3663.986: [GC (Allocation Failure) [PSYoungGen: 492448K->106080K(522752K)] 1257652K->1008260K(1861632K), 0.1152648 secs] [Times: user=0.68 sys=0.00, real=0.11 secs] 
3664.864: [GC (Allocation Failure) [PSYoungGen: 452704K->146688K(518656K)] 1354884K->1150532K(1857536K), 0.0530576 secs] [Times: user=0.32 sys=0.00, real=0.05 secs] 
3666.753: [GC (Allocation Failure) [PSYoungGen: 490240K->108768K(521216K)] 1494084K->1250073K(1860096K), 0.1076302 secs] [Times: user=0.62 sys=0.02, real=0.10 secs] 
3667.336: [GC (Allocation Failure) [PSYoungGen: 452320K->142432K(520704K)] 1593625K->1388633K(1859584K), 0.0641900 secs] [Times: user=0.29 sys=0.09, real=0.06 secs] 
3667.401: [Full GC (Ergonomics) [PSYoungGen: 142432K->0K(520704K)] [ParOldGen: 1246201K->184375K(1388032K)] 1388633K->184375K(1908736K), [Metaspace: 60262K->60262K(1105920K)], 0.4568742 secs] [Times: user=2.12 sys=0.00, real=0.46 secs] 
3669.049: [GC (GCLocker Initiated GC) [PSYoungGen: 344576K->111488K(456192K)] 528953K->295865K(1844224K), 0.0335183 secs] [Times: user=0.19 sys=0.00, real=0.04 secs] 
3669.555: [GC (Allocation Failure) [PSYoungGen: 456064K->155744K(511488K)] 640480K->447589K(1899520K), 0.0543003 secs] [Times: user=0.32 sys=0.00, real=0.05 secs] 
3671.409: [GC (Allocation Failure) [PSYoungGen: 492128K->101472K(517632K)] 783973K->531805K(1905664K), 0.1140225 secs] [Times: user=0.68 sys=0.01, real=0.12 secs] 
3671.978: [GC (Allocation Failure) [PSYoungGen: 437856K->144384K(516096K)] 868189K->672210K(1904128K), 0.0504812 secs] [Times: user=0.30 sys=0.00, real=0.05 secs] 
3674.159: [GC (Allocation Failure) [PSYoungGen: 479744K->102368K(517120K)] 1007570K->765870K(1905152K), 0.1028348 secs] [Times: user=0.61 sys=0.00, real=0.11 secs] 
3674.693: [GC (Allocation Failure) [PSYoungGen: 437728K->140864K(516608K)] 1101230K->903301K(1904640K), 0.0509724 secs] [Times: user=0.31 sys=0.00, real=0.05 secs] 
3676.623: [GC (Allocation Failure) [PSYoungGen: 476736K->105056K(441344K)] 1239173K->999945K(1829376K), 0.0640086 secs] [Times: user=0.38 sys=0.00, real=0.06 secs] 
3677.105: [GC (Allocation Failure) [PSYoungGen: 440928K->139616K(515584K)] 1335817K->1136630K(1903616K), 0.0520518 secs] [Times: user=0.30 sys=0.01, real=0.05 secs] 
3678.668: [GC (Allocation Failure) [PSYoungGen: 476000K->106304K(516096K)] 1473014K->1233650K(1904128K), 0.0900920 secs] [Times: user=0.54 sys=0.00, real=0.09 secs] 
3679.639: [GC (Allocation Failure) [PSYoungGen: 442688K->137696K(518144K)] 1570034K->1368727K(1906176K), 0.0522223 secs] [Times: user=0.31 sys=0.00, real=0.05 secs] 
3679.691: [Full GC (Ergonomics) [PSYoungGen: 137696K->0K(518144K)] [ParOldGen: 1231031K->167835K(1398272K)] 1368727K->167835K(1916416K), [Metaspace: 60267K->60267K(1105920K)], 0.3972074 secs] [Times: user=1.85 sys=0.00, real=0.40 secs] 
3681.406: [GC (Allocation Failure) [PSYoungGen: 340480K->108800K(517632K)] 508315K->276636K(1915904K), 0.0381332 secs] [Times: user=0.22 sys=0.00, real=0.04 secs] 
3682.273: [GC (Allocation Failure) [PSYoungGen: 449280K->139264K(518656K)] 617116K->414264K(1916928K), 0.0540863 secs] [Times: user=0.32 sys=0.00, real=0.05 secs] 
3684.513: [GC (Allocation Failure) [PSYoungGen: 482816K->110784K(519168K)] 757816K->516484K(1917440K), 0.0648656 secs] [Times: user=0.38 sys=0.00, real=0.06 secs] 
3685.120: [GC (Allocation Failure) [PSYoungGen: 454336K->155840K(511488K)] 860036K->669588K(1909760K), 0.0547170 secs] [Times: user=0.31 sys=0.01, real=0.06 secs] 
3686.570: [GC (Allocation Failure) [PSYoungGen: 494272K->109440K(518656K)] 1008020K->752416K(1916928K), 0.0662934 secs] [Times: user=0.40 sys=0.00, real=0.07 secs] 
3687.247: [GC (Allocation Failure) [PSYoungGen: 447872K->138080K(515072K)] 1090848K->888081K(1913344K), 0.0528998 secs] [Times: user=0.32 sys=0.00, real=0.05 secs] 
3688.673: [GC (Allocation Failure) [PSYoungGen: 479072K->111072K(518144K)] 1229073K->989401K(1916416K), 0.0671765 secs] [Times: user=0.39 sys=0.00, real=0.06 secs] 
3689.444: [GC (Allocation Failure) [PSYoungGen: 452064K->139072K(521728K)] 1330393K->1127203K(1920000K), 0.0544725 secs] [Times: user=0.32 sys=0.00, real=0.05 secs] 
3691.115: [GC (GCLocker Initiated GC) [PSYoungGen: 486208K->109536K(522240K)] 1474339K->1228195K(1920512K), 0.0652446 secs] [Times: user=0.38 sys=0.00, real=0.06 secs] 
3691.662: [GC (Allocation Failure) [PSYoungGen: 456672K->153024K(514560K)] 1575334K->1379067K(1912832K), 0.0547287 secs] [Times: user=0.32 sys=0.00, real=0.05 secs] 
3693.037: [GC (Allocation Failure) [PSYoungGen: 494528K->107808K(520192K)] 1720571K->1469375K(1918464K), 0.1041075 secs] [Times: user=0.42 sys=0.16, real=0.10 secs] 
3693.141: [Full GC (Ergonomics) [PSYoungGen: 107808K->0K(520192K)] [ParOldGen: 1361567K->27937K(1336832K)] 1469375K->27937K(1857024K), [Metaspace: 60275K->60275K(1105920K)], 0.0507800 secs] [Times: user=0.17 sys=0.00, real=0.06 secs] 
3694.124: [GC (Allocation Failure) [PSYoungGen: 341504K->139808K(518656K)] 369441K->167745K(1855488K), 0.0277550 secs] [Times: user=0.16 sys=0.00, real=0.03 secs] 
3695.673: [GC (Allocation Failure) [PSYoungGen: 482848K->111520K(520192K)] 510785K->269913K(1857024K), 0.0959455 secs] [Times: user=0.57 sys=0.00, real=0.09 secs] 
3696.707: [GC (Allocation Failure) [PSYoungGen: 454560K->140288K(519680K)] 612953K->408586K(1856512K), 0.0539097 secs] [Times: user=0.32 sys=0.00, real=0.05 secs] 
3698.476: [GC (Allocation Failure) [PSYoungGen: 484657K->108928K(520704K)] 752955K->509010K(1857536K), 0.0647664 secs] [Times: user=0.38 sys=0.00, real=0.06 secs] 
3699.072: [GC (Allocation Failure) [PSYoungGen: 454016K->142880K(520192K)] 854098K->649639K(1857024K), 0.0530229 secs] [Times: user=0.32 sys=0.00, real=0.05 secs] 
3700.446: [GC (Allocation Failure) [PSYoungGen: 489504K->109664K(522240K)] 996263K->749507K(1859072K), 0.0656664 secs] [Times: user=0.39 sys=0.00, real=0.06 secs] 
3701.380: [GC (Allocation Failure) [PSYoungGen: 456288K->145024K(520192K)] 1096131K->891456K(1857024K), 0.0531681 secs] [Times: user=0.31 sys=0.00, real=0.06 secs] 
3703.200: [GC (GCLocker Initiated GC) [PSYoungGen: 491648K->108000K(522752K)] 1238080K->990440K(1859584K), 0.1494358 secs] [Times: user=0.89 sys=0.00, real=0.15 secs] 
3704.353: [GC (Allocation Failure) [PSYoungGen: 454624K->153120K(514048K)] 1337103K->1140652K(1850880K), 0.0535773 secs] [Times: user=0.32 sys=0.00, real=0.05 secs] 
3705.692: [GC (Allocation Failure) [PSYoungGen: 492576K->108480K(519168K)] 1480108K->1232284K(1856000K), 0.0960861 secs] [Times: user=0.52 sys=0.00, real=0.09 secs] 
3706.246: [GC (Allocation Failure) [PSYoungGen: 447936K->139360K(516608K)] 1571740K->1369224K(1853440K), 0.0531491 secs] [Times: user=0.31 sys=0.00, real=0.05 secs] 
3706.299: [Full GC (Ergonomics) [PSYoungGen: 139360K->0K(516608K)] [ParOldGen: 1229864K->173933K(1398272K)] 1369224K->173933K(1914880K), [Metaspace: 60276K->60276K(1105920K)], 0.4100069 secs] [Times: user=1.90 sys=0.00, real=0.41 secs] 
3708.369: [GC (Allocation Failure) [PSYoungGen: 340992K->105536K(518656K)] 514925K->279469K(1916928K), 0.0706461 secs] [Times: user=0.42 sys=0.00, real=0.07 secs] 
3709.184: [GC (Allocation Failure) [PSYoungGen: 446528K->142080K(520192K)] 620461K->418338K(1918464K), 0.0527124 secs] [Times: user=0.31 sys=0.00, real=0.05 secs] 
3710.919: [GC (Allocation Failure) [PSYoungGen: 485632K->110368K(454144K)] 761890K->519226K(1852416K), 0.1508824 secs] [Times: user=0.89 sys=0.01, real=0.15 secs] 
3711.915: [GC (Allocation Failure) [PSYoungGen: 453920K->139968K(520192K)] 862778K->656503K(1918464K), 0.0532302 secs] [Times: user=0.32 sys=0.00, real=0.05 secs] 
3713.755: [GC (Allocation Failure) [PSYoungGen: 484544K->111360K(520192K)] 1001079K->759295K(1918464K), 0.0645951 secs] [Times: user=0.38 sys=0.01, real=0.06 secs] 
3714.358: [GC (Allocation Failure) [PSYoungGen: 455936K->145216K(518656K)] 1103871K->901148K(1916928K), 0.0542980 secs] [Times: user=0.32 sys=0.00, real=0.06 secs] 
3715.931: [GC (Allocation Failure) [PSYoungGen: 490304K->107488K(521216K)] 1246236K->999528K(1919488K), 0.0863291 secs] [Times: user=0.45 sys=0.00, real=0.09 secs] 
3716.754: [GC (Allocation Failure) [PSYoungGen: 452576K->144224K(520192K)] 1344616K->1140309K(1918464K), 0.0537820 secs] [Times: user=0.31 sys=0.00, real=0.05 secs] 
3718.351: [GC (Allocation Failure) [PSYoungGen: 489824K->109664K(522240K)] 1485909K->1240673K(1920512K), 0.1194814 secs] [Times: user=0.72 sys=0.00, real=0.12 secs] 
3719.128: [GC (Allocation Failure) [PSYoungGen: 455264K->144896K(519168K)] 1586273K->1382942K(1917440K), 0.0548940 secs] [Times: user=0.32 sys=0.00, real=0.06 secs] 
3719.183: [Full GC (Ergonomics) [PSYoungGen: 144896K->0K(519168K)] [ParOldGen: 1238046K->180054K(1398272K)] 1382942K->180054K(1917440K), [Metaspace: 60289K->60289K(1105920K)], 0.4345102 secs] [Times: user=2.02 sys=0.00, real=0.43 secs] 
3720.873: [GC (Allocation Failure) [PSYoungGen: 344576K->110304K(521728K)] 524630K->290358K(1920000K), 0.0340771 secs] [Times: user=0.20 sys=0.00, real=0.03 secs] 
3721.506: [GC (Allocation Failure) [PSYoungGen: 454880K->146752K(517632K)] 634934K->431131K(1915904K), 0.0531754 secs] [Times: user=0.32 sys=0.00, real=0.05 secs] 
3723.138: [GC (GCLocker Initiated GC) [PSYoungGen: 489280K->104992K(520704K)] 773660K->527236K(1918976K), 0.1441287 secs] [Times: user=0.86 sys=0.00, real=0.15 secs] 
3723.967: [GC (Allocation Failure) [PSYoungGen: 447520K->144416K(518144K)] 869771K->667312K(1916416K), 0.0512247 secs] [Times: user=0.30 sys=0.00, real=0.05 secs] 
3725.703: [GC (GCLocker Initiated GC) [PSYoungGen: 485920K->106304K(520192K)] 1008816K->764248K(1918464K), 0.1364232 secs] [Times: user=0.81 sys=0.01, real=0.13 secs] 
3726.474: [GC (Allocation Failure) [PSYoungGen: 447808K->143392K(518656K)] 1105791K->904982K(1916928K), 0.0524228 secs] [Times: user=0.30 sys=0.00, real=0.05 secs] 
3727.966: [GC (GCLocker Initiated GC) [PSYoungGen: 484896K->107136K(520192K)] 1246486K->1003466K(1918464K), 0.0653998 secs] [Times: user=0.38 sys=0.01, real=0.06 secs] 
3728.452: [GC (Allocation Failure) [PSYoungGen: 448640K->144032K(518656K)] 1344973K->1143834K(1916928K), 0.0530173 secs] [Times: user=0.31 sys=0.00, real=0.05 secs] 
3730.031: [GC (GCLocker Initiated GC) [PSYoungGen: 485536K->104448K(520192K)] 1485338K->1239006K(1918464K), 0.0945754 secs] [Times: user=0.56 sys=0.00, real=0.10 secs] 
3730.893: [GC (Allocation Failure) [PSYoungGen: 445952K->143712K(518144K)] 1580513K->1379816K(1916416K), 0.0526574 secs] [Times: user=0.31 sys=0.00, real=0.05 secs] 
3730.945: [Full GC (Ergonomics) [PSYoungGen: 143712K->0K(518144K)] [ParOldGen: 1236104K->178808K(1398272K)] 1379816K->178808K(1916416K), [Metaspace: 60290K->60290K(1105920K)], 0.4230482 secs] [Times: user=1.96 sys=0.00, real=0.42 secs] 
3733.060: [GC (Allocation Failure) [PSYoungGen: 340480K->107232K(448000K)] 519288K->286040K(1846272K), 0.0921446 secs] [Times: user=0.54 sys=0.00, real=0.09 secs] 
3734.539: [GC (Allocation Failure) [PSYoungGen: 447712K->140896K(518144K)] 626520K->424425K(1916416K), 0.0530515 secs] [Times: user=0.31 sys=0.00, real=0.06 secs] 
3736.405: [GC (GCLocker Initiated GC) [PSYoungGen: 481888K->104960K(519168K)] 765417K->520737K(1917440K), 0.0716262 secs] [Times: user=0.41 sys=0.00, real=0.07 secs] 
3737.281: [GC (Allocation Failure) [PSYoungGen: 445952K->150272K(513024K)] 861732K->667719K(1911296K), 0.0523670 secs] [Times: user=0.30 sys=0.00, real=0.06 secs] 
3739.393: [GC (Allocation Failure) [PSYoungGen: 486656K->104992K(517632K)] 1004103K->755371K(1915904K), 0.1113891 secs] [Times: user=0.66 sys=0.01, real=0.11 secs] 
3741.203: [GC (Allocation Failure) [PSYoungGen: 441376K->137216K(514560K)] 1091755K->889320K(1912832K), 0.0521782 secs] [Times: user=0.31 sys=0.00, real=0.05 secs] 
3742.498: [GC (Allocation Failure) [PSYoungGen: 475648K->108384K(517120K)] 1227752K->988680K(1915392K), 0.0650514 secs] [Times: user=0.39 sys=0.00, real=0.07 secs] 
3743.162: [GC (Allocation Failure) [PSYoungGen: 446816K->146240K(516608K)] 1327112K->1133272K(1914880K), 0.0544686 secs] [Times: user=0.32 sys=0.00, real=0.05 secs] 
3745.681: [GC (Allocation Failure) [PSYoungGen: 486720K->108032K(519680K)] 1473752K->1224680K(1917952K), 0.0650523 secs] [Times: user=0.39 sys=0.01, real=0.07 secs] 
3746.468: [GC (Allocation Failure) [PSYoungGen: 448512K->138656K(518656K)] 1565160K->1361500K(1916928K), 0.0550013 secs] [Times: user=0.33 sys=0.00, real=0.06 secs] 
3748.382: [GC (Allocation Failure) [PSYoungGen: 481184K->110624K(519680K)] 1704028K->1462760K(1917952K), 0.0679789 secs] [Times: user=0.40 sys=0.01, real=0.07 secs] 
3748.450: [Full GC (Ergonomics) [PSYoungGen: 110624K->0K(519680K)] [ParOldGen: 1352136K->22452K(1398272K)] 1462760K->22452K(1917952K), [Metaspace: 60305K->60305K(1105920K)], 0.0338511 secs] [Times: user=0.09 sys=0.00, real=0.04 secs] 
3750.566: [GC (GCLocker Initiated GC) [PSYoungGen: 342528K->136032K(520704K)] 364981K->158485K(1918976K), 0.0269685 secs] [Times: user=0.16 sys=0.00, real=0.03 secs] 
3751.841: [GC (GCLocker Initiated GC) [PSYoungGen: 482144K->113824K(520192K)] 504599K->262455K(1918464K), 0.0636322 secs] [Times: user=0.38 sys=0.01, real=0.07 secs] 
3752.432: [GC (Allocation Failure) [PSYoungGen: 459936K->143104K(518656K)] 608570K->403767K(1916928K), 0.0539599 secs] [Times: user=0.32 sys=0.00, real=0.06 secs] 
3753.859: [GC (Allocation Failure) [PSYoungGen: 490752K->108128K(521216K)] 751415K->502575K(1919488K), 0.0647776 secs] [Times: user=0.38 sys=0.00, real=0.07 secs] 
3754.920: [GC (Allocation Failure) [PSYoungGen: 455776K->140960K(524800K)] 850223K->641708K(1923072K), 0.0534911 secs] [Times: user=0.32 sys=0.00, real=0.06 secs] 
3756.778: [GC (Allocation Failure) [PSYoungGen: 493728K->114816K(467968K)] 994476K->746732K(1866240K), 0.1529672 secs] [Times: user=0.91 sys=0.01, real=0.15 secs] 
3757.966: [GC (Allocation Failure) [PSYoungGen: 467584K->145376K(521216K)] 1099500K->889473K(1919488K), 0.0555582 secs] [Times: user=0.33 sys=0.00, real=0.05 secs] 
3759.264: [GC (Allocation Failure) [PSYoungGen: 496096K->111168K(524288K)] 1240193K->991649K(1922560K), 0.0676148 secs] [Times: user=0.41 sys=0.00, real=0.07 secs] 
3759.798: [GC (Allocation Failure) [PSYoungGen: 461888K->147744K(520192K)] 1342369K->1136581K(1918464K), 0.0559840 secs] [Times: user=0.33 sys=0.00, real=0.06 secs] 
3761.510: [GC (Allocation Failure) [PSYoungGen: 496416K->108448K(523776K)] 1485253K->1236190K(1922048K), 0.1215915 secs] [Times: user=0.72 sys=0.00, real=0.12 secs] 
3762.279: [GC (Allocation Failure) [PSYoungGen: 457120K->145344K(520192K)] 1584862K->1377886K(1918464K), 0.0540000 secs] [Times: user=0.32 sys=0.00, real=0.06 secs] 
3762.333: [Full GC (Ergonomics) [PSYoungGen: 145344K->0K(520192K)] [ParOldGen: 1232542K->183187K(1398272K)] 1377886K->183187K(1918464K), [Metaspace: 60311K->60311K(1105920K)], 0.4378344 secs] [Times: user=2.03 sys=0.00, real=0.43 secs] 
3764.573: [GC (Allocation Failure) [PSYoungGen: 346624K->108416K(522752K)] 529811K->291603K(1921024K), 0.0670187 secs] [Times: user=0.39 sys=0.00, real=0.06 secs] 
3765.204: [GC (Allocation Failure) [PSYoungGen: 455040K->146368K(518144K)] 638227K->434124K(1916416K), 0.0527946 secs] [Times: user=0.31 sys=0.00, real=0.05 secs] 
3766.939: [GC (Allocation Failure) [PSYoungGen: 489920K->108576K(521216K)] 777676K->533732K(1919488K), 0.0657647 secs] [Times: user=0.39 sys=0.00, real=0.07 secs] 
3767.458: [GC (Allocation Failure) [PSYoungGen: 452128K->144832K(519168K)] 877284K->674281K(1917440K), 0.0521332 secs] [Times: user=0.31 sys=0.00, real=0.05 secs] 
3769.107: [GC (Allocation Failure) [PSYoungGen: 488384K->104960K(521216K)] 1017833K->770113K(1919488K), 0.0947704 secs] [Times: user=0.56 sys=0.00, real=0.09 secs] 
3769.677: [GC (Allocation Failure) [PSYoungGen: 448512K->145824K(517120K)] 1113665K->912239K(1915392K), 0.0519529 secs] [Times: user=0.30 sys=0.00, real=0.05 secs] 
3771.996: [GC (Allocation Failure) [PSYoungGen: 486304K->104576K(519680K)] 1252719K->1008007K(1917952K), 0.1331079 secs] [Times: user=0.79 sys=0.01, real=0.13 secs] 
3772.853: [GC (Allocation Failure) [PSYoungGen: 445056K->145088K(516096K)] 1348487K->1149096K(1914368K), 0.0512817 secs] [Times: user=0.30 sys=0.00, real=0.05 secs] 
3774.608: [GC (GCLocker Initiated GC) [PSYoungGen: 483520K->103424K(518656K)] 1487528K->1243820K(1916928K), 0.0660332 secs] [Times: user=0.39 sys=0.00, real=0.07 secs] 
3775.154: [GC (Allocation Failure) [PSYoungGen: 441856K->151552K(510976K)] 1582255K->1391214K(1909248K), 0.0520511 secs] [Times: user=0.31 sys=0.00, real=0.05 secs] 
3775.206: [Full GC (Ergonomics) [PSYoungGen: 151552K->0K(510976K)] [ParOldGen: 1239662K->181467K(1398272K)] 1391214K->181467K(1909248K), [Metaspace: 60313K->60313K(1105920K)], 0.4388706 secs] [Times: user=2.05 sys=0.00, real=0.44 secs] 
3776.909: [GC (GCLocker Initiated GC) [PSYoungGen: 332288K->102688K(515584K)] 513755K->284155K(1913856K), 0.0446503 secs] [Times: user=0.26 sys=0.00, real=0.05 secs] 
3777.670: [GC (Allocation Failure) [PSYoungGen: 434976K->148832K(509952K)] 616514K->429779K(1908224K), 0.0519941 secs] [Times: user=0.31 sys=0.00, real=0.06 secs] 
3779.311: [GC (Allocation Failure) [PSYoungGen: 477024K->102560K(513536K)] 757971K->515215K(1911808K), 0.1016138 secs] [Times: user=0.61 sys=0.00, real=0.11 secs] 
3780.402: [GC (Allocation Failure) [PSYoungGen: 430752K->135488K(507904K)] 843407K->648252K(1906176K), 0.0515667 secs] [Times: user=0.30 sys=0.00, real=0.05 secs] 
3781.686: [GC (Allocation Failure) [PSYoungGen: 465216K->105216K(511488K)] 977980K->744604K(1909760K), 0.0649066 secs] [Times: user=0.39 sys=0.00, real=0.06 secs] 
3782.182: [GC (Allocation Failure) [PSYoungGen: 434944K->132224K(510464K)] 1074332K->875261K(1908736K), 0.0533673 secs] [Times: user=0.31 sys=0.00, real=0.05 secs] 
3783.589: [GC (Allocation Failure) [PSYoungGen: 469632K->115744K(514560K)] 1212669K->981265K(1912832K), 0.0652889 secs] [Times: user=0.39 sys=0.00, real=0.07 secs] 
3784.890: [GC (Allocation Failure) [PSYoungGen: 453152K->129600K(515072K)] 1318673K->1109566K(1913344K), 0.0562953 secs] [Times: user=0.33 sys=0.00, real=0.06 secs] 
3786.232: [GC (Allocation Failure) [PSYoungGen: 477760K->2464K(350720K)] 1457726K->982566K(1748992K), 0.0042880 secs] [Times: user=0.02 sys=0.00, real=0.00 secs] 
3787.123: [GC (Allocation Failure) [PSYoungGen: 350624K->135872K(509952K)] 1330726K->1117213K(1908224K), 0.0286079 secs] [Times: user=0.17 sys=0.00, real=0.02 secs] 
3788.841: [GC (Allocation Failure) [PSYoungGen: 458944K->110464K(433664K)] 1440285K->1218925K(1831936K), 0.0650589 secs] [Times: user=0.39 sys=0.00, real=0.07 secs] 
3789.305: [GC (Allocation Failure) [PSYoungGen: 433536K->122112K(508928K)] 1541997K->1340989K(1907200K), 0.0547095 secs] [Times: user=0.33 sys=0.00, real=0.05 secs] 
3789.360: [Full GC (Ergonomics) [PSYoungGen: 122112K->0K(508928K)] [ParOldGen: 1218877K->137690K(1398272K)] 1340989K->137690K(1907200K), [Metaspace: 60314K->60314K(1105920K)], 0.3156946 secs] [Times: user=1.44 sys=0.00, real=0.32 secs] 
3790.888: [GC (Allocation Failure) [PSYoungGen: 327680K->126368K(505344K)] 465370K->264058K(1903616K), 0.0430688 secs] [Times: user=0.25 sys=0.01, real=0.04 secs] 
3791.697: [GC (Allocation Failure) [PSYoungGen: 454048K->108160K(516608K)] 591738K->371854K(1914880K), 0.0633599 secs] [Times: user=0.37 sys=0.00, real=0.06 secs] 
3793.013: [GC (Allocation Failure) [PSYoungGen: 452736K->141152K(515584K)] 716430K->502109K(1913856K), 0.0611433 secs] [Times: user=0.36 sys=0.00, real=0.06 secs] 
3794.090: [GC (Allocation Failure) [PSYoungGen: 485728K->108960K(523776K)] 846685K->610257K(1922048K), 0.0580566 secs] [Times: user=0.34 sys=0.00, real=0.06 secs] 
3795.418: [GC (Allocation Failure) [PSYoungGen: 461728K->139264K(523776K)] 963025K->738998K(1922048K), 0.0615020 secs] [Times: user=0.37 sys=0.00, real=0.06 secs] 
3796.193: [GC (Allocation Failure) [PSYoungGen: 492032K->117344K(520192K)] 1091766K->856318K(1918464K), 0.0590106 secs] [Times: user=0.35 sys=0.00, real=0.05 secs] 
3797.541: [GC (Allocation Failure) [PSYoungGen: 471648K->130848K(522752K)] 1210622K->976679K(1921024K), 0.0618159 secs] [Times: user=0.37 sys=0.00, real=0.07 secs] 
3798.854: [GC (Allocation Failure) [PSYoungGen: 485152K->127936K(526848K)] 1330983K->1104527K(1925120K), 0.0579797 secs] [Times: user=0.34 sys=0.00, real=0.06 secs] 
3800.228: [GC (Allocation Failure) [PSYoungGen: 490432K->3232K(366080K)] 1467023K->979871K(1764352K), 0.0036942 secs] [Times: user=0.01 sys=0.00, real=0.00 secs] 
3801.147: [GC (Allocation Failure) [PSYoungGen: 365728K->144864K(504832K)] 1342367K->1123416K(1903104K), 0.0295112 secs] [Times: user=0.18 sys=0.00, real=0.03 secs] 
3802.635: [GC (Allocation Failure) [PSYoungGen: 467936K->104288K(510976K)] 1446488K->1218628K(1909248K), 0.0660145 secs] [Times: user=0.39 sys=0.00, real=0.06 secs] 
3803.319: [GC (Allocation Failure) [PSYoungGen: 427360K->129792K(509952K)] 1541700K->1346929K(1908224K), 0.0515212 secs] [Times: user=0.30 sys=0.00, real=0.05 secs] 
3803.371: [Full GC (Ergonomics) [PSYoungGen: 129792K->0K(509952K)] [ParOldGen: 1217136K->146669K(1398272K)] 1346929K->146669K(1908224K), [Metaspace: 60315K->60315K(1105920K)], 0.3298572 secs] [Times: user=1.51 sys=0.00, real=0.33 secs] 
3804.898: [GC (Allocation Failure) [PSYoungGen: 329216K->118016K(510464K)] 475885K->264685K(1908736K), 0.0417641 secs] [Times: user=0.24 sys=0.01, real=0.04 secs] 
3805.716: [GC (Allocation Failure) [PSYoungGen: 447232K->118976K(513536K)] 593901K->383129K(1911808K), 0.0576910 secs] [Times: user=0.34 sys=0.00, real=0.06 secs] 
3807.028: [GC (Allocation Failure) [PSYoungGen: 459968K->129440K(513024K)] 724121K->502426K(1911296K), 0.0621012 secs] [Times: user=0.37 sys=0.00, real=0.06 secs] 
3808.585: [GC (Allocation Failure) [PSYoungGen: 470432K->118816K(518656K)] 843418K->620334K(1916928K), 0.0566393 secs] [Times: user=0.34 sys=0.00, real=0.05 secs] 
3810.213: [GC (Allocation Failure) [PSYoungGen: 474144K->129344K(522240K)] 975662K->739411K(1920512K), 0.0622426 secs] [Times: user=0.37 sys=0.00, real=0.06 secs] 
3810.831: [GC (Allocation Failure) [PSYoungGen: 484672K->129216K(530944K)] 1094739K->868563K(1929216K), 0.0579016 secs] [Times: user=0.34 sys=0.00, real=0.06 secs] 
3812.196: [GC (Allocation Failure) [PSYoungGen: 494272K->3808K(369152K)] 1233619K->743251K(1767424K), 0.0032122 secs] [Times: user=0.01 sys=0.00, real=0.00 secs] 
3813.001: [GC (Allocation Failure) [PSYoungGen: 368864K->146816K(503296K)] 1108307K->888614K(1901568K), 0.0296041 secs] [Times: user=0.17 sys=0.01, real=0.03 secs] 
3814.984: [GC (Allocation Failure) [PSYoungGen: 468864K->102912K(510464K)] 1210662K->982278K(1908736K), 0.0660830 secs] [Times: user=0.39 sys=0.00, real=0.06 secs] 
3815.766: [GC (GCLocker Initiated GC) [PSYoungGen: 424960K->129824K(509440K)] 1304327K->1110832K(1907712K), 0.0512868 secs] [Times: user=0.30 sys=0.00, real=0.05 secs] 
3817.095: [GC (Allocation Failure) [PSYoungGen: 458016K->115648K(510464K)] 1439025K->1217745K(1908736K), 0.0632554 secs] [Times: user=0.38 sys=0.00, real=0.06 secs] 
3818.005: [GC (Allocation Failure) [PSYoungGen: 443840K->119392K(513024K)] 1545937K->1337041K(1911296K), 0.0540855 secs] [Times: user=0.32 sys=0.00, real=0.05 secs] 
3818.059: [Full GC (Ergonomics) [PSYoungGen: 119392K->0K(513024K)] [ParOldGen: 1217649K->135455K(1398272K)] 1337041K->135455K(1911296K), [Metaspace: 60317K->60317K(1105920K)], 0.3125623 secs] [Times: user=1.44 sys=0.00, real=0.32 secs] 
3819.582: [GC (Allocation Failure) [PSYoungGen: 338944K->129024K(511488K)] 474399K->264479K(1909760K), 0.0461770 secs] [Times: user=0.27 sys=0.00, real=0.04 secs] 
3820.774: [GC (Allocation Failure) [PSYoungGen: 467968K->116800K(517632K)] 603423K->380771K(1915904K), 0.0644955 secs] [Times: user=0.38 sys=0.00, real=0.06 secs] 
3822.114: [GC (Allocation Failure) [PSYoungGen: 470592K->131904K(521216K)] 734563K->502434K(1919488K), 0.0619538 secs] [Times: user=0.37 sys=0.00, real=0.06 secs] 
3823.503: [GC (Allocation Failure) [PSYoungGen: 485696K->127168K(529408K)] 856226K->628682K(1927680K), 0.0715874 secs] [Times: user=0.42 sys=0.00, real=0.07 secs] 
3824.967: [GC (Allocation Failure) [PSYoungGen: 490176K->2816K(366080K)] 991690K->504370K(1764352K), 0.0025529 secs] [Times: user=0.01 sys=0.00, real=0.00 secs] 
3826.156: [GC (Allocation Failure) [PSYoungGen: 365824K->140032K(506880K)] 867378K->642854K(1905152K), 0.0281885 secs] [Times: user=0.16 sys=0.00, real=0.03 secs] 
3827.424: [GC (Allocation Failure) [PSYoungGen: 465152K->3104K(328704K)] 967974K->506042K(1726976K), 0.0022925 secs] [Times: user=0.01 sys=0.00, real=0.00 secs] 
3829.642: [GC (Allocation Failure) [PSYoungGen: 328224K->124288K(502272K)] 831162K->628310K(1900544K), 0.0258137 secs] [Times: user=0.14 sys=0.00, real=0.02 secs] 
3830.895: [GC (Allocation Failure) [PSYoungGen: 429440K->196576K(501760K)] 933462K->740654K(1900032K), 0.0610396 secs] [Times: user=0.36 sys=0.00, real=0.06 secs] 
3831.437: [GC (Allocation Failure) [PSYoungGen: 496015K->93248K(438272K)] 1040094K->834202K(1836544K), 0.0767774 secs] [Times: user=0.45 sys=0.00, real=0.08 secs] 
3831.835: [GC (Allocation Failure) [PSYoungGen: 334400K->105280K(470016K)] 1075354K->933759K(1868288K), 0.0488625 secs] [Times: user=0.29 sys=0.00, real=0.05 secs] 
3833.088: [GC (Allocation Failure) [PSYoungGen: 346432K->58880K(456704K)] 1174911K->992267K(1854976K), 0.0621182 secs] [Times: user=0.36 sys=0.00, real=0.06 secs] 
3834.100: [GC (Allocation Failure) [PSYoungGen: 310272K->99936K(468480K)] 1243659K->1090484K(1866752K), 0.0485993 secs] [Times: user=0.29 sys=0.00, real=0.05 secs] 
3834.449: [GC (GCLocker Initiated GC) [PSYoungGen: 351328K->115456K(467968K)] 1341878K->1196830K(1866240K), 0.0527728 secs] [Times: user=0.31 sys=0.00, real=0.06 secs] 
3836.340: [GC (Allocation Failure) [PSYoungGen: 390400K->69312K(475648K)] 1475875K->1270027K(1873920K), 0.0575656 secs] [Times: user=0.34 sys=0.00, real=0.06 secs] 
3836.398: [Full GC (Ergonomics) [PSYoungGen: 69312K->0K(475648K)] [ParOldGen: 1200715K->66871K(1398272K)] 1270027K->66871K(1873920K), [Metaspace: 60331K->60331K(1105920K)], 0.1550850 secs] [Times: user=0.61 sys=0.01, real=0.16 secs] 
3836.898: [GC (Allocation Failure) [PSYoungGen: 274944K->117856K(486912K)] 341815K->184727K(1885184K), 0.0320524 secs] [Times: user=0.19 sys=0.00, real=0.03 secs] 
3838.631: [GC (GCLocker Initiated GC) [PSYoungGen: 418400K->91520K(494080K)] 485271K->267107K(1892352K), 0.0599130 secs] [Times: user=0.35 sys=0.01, real=0.06 secs] 
3839.086: [GC (Allocation Failure) [PSYoungGen: 392064K->131712K(503808K)] 567654K->397051K(1902080K), 0.0469509 secs] [Times: user=0.28 sys=0.00, real=0.05 secs] 
3840.433: [GC (Allocation Failure) [PSYoungGen: 448640K->119584K(505856K)] 713979K->499187K(1904128K), 0.0618257 secs] [Times: user=0.37 sys=0.00, real=0.06 secs] 
3841.759: [GC (Allocation Failure) [PSYoungGen: 436512K->105376K(495616K)] 816115K->604515K(1893888K), 0.0535635 secs] [Times: user=0.31 sys=0.01, real=0.06 secs] 
3842.319: [GC (Allocation Failure) [PSYoungGen: 427796K->177312K(501760K)] 926935K->771478K(1900032K), 0.0584894 secs] [Times: user=0.35 sys=0.00, real=0.06 secs] 
3844.536: [GC (Allocation Failure) [PSYoungGen: 501408K->86688K(505344K)] 1095574K->823894K(1903616K), 0.0615399 secs] [Times: user=0.36 sys=0.00, real=0.06 secs] 
3844.952: [GC (Allocation Failure) [PSYoungGen: 394912K->135808K(501760K)] 1132118K->954147K(1900032K), 0.0534488 secs] [Times: user=0.32 sys=0.00, real=0.05 secs] 
3846.196: [GC (Allocation Failure) [PSYoungGen: 444032K->82592K(501760K)] 1262371K->1036611K(1900032K), 0.0604117 secs] [Times: user=0.36 sys=0.00, real=0.06 secs] 
3846.612: [GC (Allocation Failure) [PSYoungGen: 380201K->128288K(502272K)] 1334220K->1158031K(1900544K), 0.0462390 secs] [Times: user=0.27 sys=0.00, real=0.05 secs] 
3849.209: [GC (Allocation Failure) [PSYoungGen: 439072K->91072K(500224K)] 1468815K->1240619K(1898496K), 0.1238813 secs] [Times: user=0.68 sys=0.00, real=0.13 secs] 
3849.931: [GC (Allocation Failure) [PSYoungGen: 408512K->134368K(503296K)] 1558059K->1371523K(1901568K), 0.0479777 secs] [Times: user=0.28 sys=0.01, real=0.05 secs] 
3849.979: [Full GC (Ergonomics) [PSYoungGen: 134368K->0K(503296K)] [ParOldGen: 1237155K->172513K(1398272K)] 1371523K->172513K(1901568K), [Metaspace: 60344K->60344K(1105920K)], 0.4071752 secs] [Times: user=1.88 sys=0.00, real=0.41 secs] 
3852.090: [GC (Allocation Failure) [PSYoungGen: 317440K->99296K(504320K)] 489953K->271809K(1902592K), 0.0685166 secs] [Times: user=0.40 sys=0.00, real=0.07 secs] 
3853.354: [GC (Allocation Failure) [PSYoungGen: 424928K->131712K(507904K)] 597441K->402238K(1906176K), 0.0507690 secs] [Times: user=0.30 sys=0.00, real=0.05 secs] 
3854.663: [GC (Allocation Failure) [PSYoungGen: 457344K->111104K(503808K)] 727870K->504190K(1902080K), 0.0632980 secs] [Times: user=0.37 sys=0.01, real=0.06 secs] 
3855.294: [GC (Allocation Failure) [PSYoungGen: 444928K->130560K(509952K)] 838014K->633489K(1908224K), 0.0527449 secs] [Times: user=0.31 sys=0.00, real=0.05 secs] 
3856.606: [GC (Allocation Failure) [PSYoungGen: 464384K->116224K(511488K)] 967313K->740353K(1909760K), 0.0630304 secs] [Times: user=0.38 sys=0.00, real=0.06 secs] 
3857.711: [GC (GCLocker Initiated GC) [PSYoungGen: 462848K->128320K(517120K)] 1086978K->868642K(1915392K), 0.0545556 secs] [Times: user=0.32 sys=0.00, real=0.06 secs] 
3859.064: [GC (Allocation Failure) [PSYoungGen: 474944K->120832K(520704K)] 1215267K->978431K(1918976K), 0.0628786 secs] [Times: user=0.38 sys=0.00, real=0.06 secs] 
3860.933: [GC (Allocation Failure) [PSYoungGen: 479232K->133984K(524800K)] 1336831K->1112015K(1923072K), 0.0567433 secs] [Times: user=0.34 sys=0.00, real=0.05 secs] 
3862.348: [GC (Allocation Failure) [PSYoungGen: 492384K->4768K(502272K)] 1470415K->982831K(1900544K), 0.0038578 secs] [Times: user=0.02 sys=0.00, real=0.00 secs] 
3863.051: [GC (Allocation Failure) [PSYoungGen: 339104K->134656K(469504K)] 1317167K->1115539K(1867776K), 0.0283345 secs] [Times: user=0.17 sys=0.00, real=0.03 secs] 
3864.339: [GC (Allocation Failure) [PSYoungGen: 468992K->112640K(520704K)] 1449875K->1218699K(1918976K), 0.0651004 secs] [Times: user=0.38 sys=0.01, real=0.07 secs] 
3865.666: [GC (Allocation Failure) [PSYoungGen: 448512K->129728K(514048K)] 1554571K->1347072K(1912320K), 0.0533640 secs] [Times: user=0.32 sys=0.00, real=0.05 secs] 
3865.719: [Full GC (Ergonomics) [PSYoungGen: 129728K->0K(514048K)] [ParOldGen: 1217344K->146301K(1398272K)] 1347072K->146301K(1912320K), [Metaspace: 60348K->60348K(1105920K)], 0.3466309 secs] [Times: user=1.60 sys=0.00, real=0.35 secs] 
3867.300: [GC (Allocation Failure) [PSYoungGen: 335872K->117408K(516096K)] 482173K->263709K(1914368K), 0.0412269 secs] [Times: user=0.24 sys=0.01, real=0.04 secs] 
3868.304: [GC (Allocation Failure) [PSYoungGen: 457888K->126912K(514560K)] 604189K->390701K(1912832K), 0.0588955 secs] [Times: user=0.35 sys=0.01, real=0.06 secs] 
3869.796: [GC (Allocation Failure) [PSYoungGen: 467392K->121024K(521216K)] 731181K->501274K(1919488K), 0.0625082 secs] [Times: user=0.37 sys=0.00, real=0.06 secs] 
3870.438: [GC (Allocation Failure) [PSYoungGen: 472768K->133792K(521728K)] 853018K->635050K(1920000K), 0.0559538 secs] [Times: user=0.33 sys=0.00, real=0.06 secs] 
3871.779: [GC (Allocation Failure) [PSYoungGen: 485536K->2848K(499712K)] 986794K->504202K(1897984K), 0.0025305 secs] [Times: user=0.01 sys=0.00, real=0.00 secs] 
3872.822: [GC (Allocation Failure) [PSYoungGen: 331040K->128864K(457216K)] 832394K->631447K(1855488K), 0.0263099 secs] [Times: user=0.15 sys=0.00, real=0.03 secs] 
3874.111: [GC (Allocation Failure) [PSYoungGen: 457056K->118400K(516608K)] 959639K->740691K(1914880K), 0.0636230 secs] [Times: user=0.38 sys=0.00, real=0.07 secs] 
3875.688: [GC (Allocation Failure) [PSYoungGen: 449152K->117216K(448000K)] 1071443K->857467K(1846272K), 0.0544058 secs] [Times: user=0.32 sys=0.00, real=0.06 secs] 
3876.972: [GC (Allocation Failure) [PSYoungGen: 447968K->131328K(507904K)] 1188219K->978167K(1906176K), 0.0621403 secs] [Times: user=0.36 sys=0.00, real=0.06 secs] 
3877.602: [GC (Allocation Failure) [PSYoungGen: 461056K->118304K(508928K)] 1307895K->1096431K(1907200K), 0.0565196 secs] [Times: user=0.33 sys=0.00, real=0.05 secs] 
3878.881: [GC (Allocation Failure) [PSYoungGen: 448032K->139360K(513024K)] 1426159K->1215700K(1911296K), 0.0620307 secs] [Times: user=0.37 sys=0.00, real=0.07 secs] 
3880.447: [GC (Allocation Failure) [PSYoungGen: 477280K->101472K(516608K)] 1553620K->1317132K(1914880K), 0.0586803 secs] [Times: user=0.34 sys=0.00, real=0.06 secs] 
3880.506: [Full GC (Ergonomics) [PSYoungGen: 101472K->0K(516608K)] [ParOldGen: 1215660K->117015K(1398272K)] 1317132K->117015K(1914880K), [Metaspace: 60348K->60348K(1105920K)], 0.2706277 secs] [Times: user=1.21 sys=0.00, real=0.27 secs] 
3881.474: [GC (Allocation Failure) [PSYoungGen: 336073K->174560K(485376K)] 453088K->299287K(1883648K), 0.0480123 secs] [Times: user=0.27 sys=0.02, real=0.05 secs] 
3882.799: [GC (Allocation Failure) [PSYoungGen: 485344K->86464K(504832K)] 610071K->350935K(1903104K), 0.0660665 secs] [Times: user=0.39 sys=0.00, real=0.07 secs] 
3883.436: [GC (Allocation Failure) [PSYoungGen: 397248K->134080K(500224K)] 661719K->479656K(1898496K), 0.0511877 secs] [Times: user=0.30 sys=0.00, real=0.05 secs] 
3886.344: [GC (Allocation Failure) [PSYoungGen: 446400K->79712K(503296K)] 791976K->559224K(1901568K), 0.0705539 secs] [Times: user=0.42 sys=0.00, real=0.07 secs] 
3886.789: [GC (Allocation Failure) [PSYoungGen: 389124K->132928K(506368K)] 868636K->686031K(1904640K), 0.0460055 secs] [Times: user=0.27 sys=0.00, real=0.05 secs] 
3890.432: [GC (GCLocker Initiated GC) [PSYoungGen: 450368K->93408K(411136K)] 1003473K->770349K(1809408K), 0.1393213 secs] [Times: user=0.77 sys=0.00, real=0.13 secs] 
3891.378: [GC (Allocation Failure) [PSYoungGen: 410848K->141312K(503296K)] 1087828K->907716K(1901568K), 0.0479020 secs] [Times: user=0.29 sys=0.00, real=0.05 secs] 
3892.616: [GC (GCLocker Initiated GC) [PSYoungGen: 458240K->100864K(506368K)] 1224644K->991441K(1904640K), 0.0630910 secs] [Times: user=0.37 sys=0.00, real=0.06 secs] 
3893.271: [GC (Allocation Failure) [PSYoungGen: 417792K->127040K(505856K)] 1308439K->1116652K(1904128K), 0.0520068 secs] [Times: user=0.30 sys=0.00, real=0.06 secs] 
3894.738: [GC (Allocation Failure) [PSYoungGen: 451648K->112960K(506880K)] 1441260K->1219532K(1905152K), 0.0628015 secs] [Times: user=0.37 sys=0.00, real=0.06 secs] 
3896.590: [GC (Allocation Failure) [PSYoungGen: 437568K->119296K(512000K)] 1544140K->1338400K(1910272K), 0.0537876 secs] [Times: user=0.32 sys=0.00, real=0.06 secs] 
3896.644: [Full GC (Ergonomics) [PSYoungGen: 119296K->0K(512000K)] [ParOldGen: 1219104K->134898K(1398272K)] 1338400K->134898K(1910272K), [Metaspace: 60348K->60348K(1105920K)], 0.3113956 secs] [Times: user=1.44 sys=0.00, real=0.31 secs] 
3898.205: [GC (Allocation Failure) [PSYoungGen: 339968K->128864K(511488K)] 474866K->263762K(1909760K), 0.0458066 secs] [Times: user=0.27 sys=0.00, real=0.04 secs] 
3898.849: [GC (Allocation Failure) [PSYoungGen: 468832K->119520K(519680K)] 603730K->383306K(1917952K), 0.0659854 secs] [Times: user=0.39 sys=0.00, real=0.07 secs] 
3901.246: [GC (Allocation Failure) [PSYoungGen: 476384K->129152K(522752K)] 740170K->502062K(1921024K), 0.0621419 secs] [Times: user=0.37 sys=0.01, real=0.06 secs] 
3902.124: [GC (Allocation Failure) [PSYoungGen: 486016K->129984K(531456K)] 858926K->631566K(1929728K), 0.0574779 secs] [Times: user=0.34 sys=0.01, real=0.05 secs] 
3904.341: [GC (Allocation Failure) [PSYoungGen: 497600K->3808K(371712K)] 999182K->505426K(1769984K), 0.0039253 secs] [Times: user=0.02 sys=0.00, real=0.01 secs] 
3905.855: [GC (Allocation Failure) [PSYoungGen: 371424K->144544K(506368K)] 873042K->648135K(1904640K), 0.0296114 secs] [Times: user=0.17 sys=0.00, real=0.03 secs] 
3907.920: [GC (GCLocker Initiated GC) [PSYoungGen: 470688K->106336K(432640K)] 974279K->745003K(1830912K), 0.0659959 secs] [Times: user=0.39 sys=0.00, real=0.07 secs] 
3908.632: [GC (Allocation Failure) [PSYoungGen: 432480K->129408K(512000K)] 1071186K->872743K(1910272K), 0.0517825 secs] [Times: user=0.30 sys=0.00, real=0.06 secs] 
3909.989: [GC (Allocation Failure) [PSYoungGen: 461696K->115360K(512000K)] 1205031K->978407K(1910272K), 0.0624260 secs] [Times: user=0.37 sys=0.00, real=0.06 secs] 
3911.381: [GC (Allocation Failure) [PSYoungGen: 447648K->124384K(514560K)] 1310695K->1102775K(1912832K), 0.0538170 secs] [Times: user=0.31 sys=0.00, real=0.06 secs] 
3912.801: [GC (Allocation Failure) [PSYoungGen: 465376K->123904K(513024K)] 1443767K->1216044K(1911296K), 0.0630600 secs] [Times: user=0.38 sys=0.00, real=0.07 secs] 
3913.896: [GC (Allocation Failure) [PSYoungGen: 464896K->122816K(524288K)] 1557036K->1338812K(1922560K), 0.0565209 secs] [Times: user=0.34 sys=0.00, real=0.06 secs] 
3913.952: [Full GC (Ergonomics) [PSYoungGen: 122816K->0K(524288K)] [ParOldGen: 1215996K->138836K(1398272K)] 1338812K->138836K(1922560K), [Metaspace: 60348K->60348K(1105920K)], 0.3104677 secs] [Times: user=1.42 sys=0.00, real=0.31 secs] 
3915.526: [GC (Allocation Failure) [PSYoungGen: 355840K->125728K(522752K)] 494676K->264564K(1921024K), 0.0455385 secs] [Times: user=0.27 sys=0.00, real=0.05 secs] 
3916.039: [GC (Allocation Failure) [PSYoungGen: 481568K->137664K(526336K)] 620404K->402296K(1924608K), 0.0630149 secs] [Times: user=0.37 sys=0.00, real=0.06 secs] 
3917.473: [GC (Allocation Failure) [PSYoungGen: 498624K->7072K(368128K)] 763256K->271960K(1766400K), 0.0039169 secs] [Times: user=0.01 sys=0.00, real=0.00 secs] 
3918.754: [GC (Allocation Failure) [PSYoungGen: 368032K->147104K(502272K)] 632920K->416757K(1900544K), 0.0305877 secs] [Times: user=0.18 sys=0.00, real=0.03 secs] 
3920.059: [GC (Allocation Failure) [PSYoungGen: 467104K->101216K(509440K)] 736757K->508533K(1907712K), 0.0655202 secs] [Times: user=0.38 sys=0.01, real=0.07 secs] 
3921.124: [GC (Allocation Failure) [PSYoungGen: 421216K->136256K(507904K)] 828533K->643418K(1906176K), 0.0506109 secs] [Times: user=0.30 sys=0.00, real=0.05 secs] 
3922.680: [GC (Allocation Failure) [PSYoungGen: 460864K->115936K(440832K)] 968026K->742394K(1839104K), 0.0630061 secs] [Times: user=0.37 sys=0.00, real=0.07 secs] 
3923.330: [GC (Allocation Failure) [PSYoungGen: 440544K->120544K(512512K)] 1067004K->862852K(1910784K), 0.0541474 secs] [Times: user=0.32 sys=0.00, real=0.06 secs] 
3924.719: [GC (Allocation Failure) [PSYoungGen: 453856K->127616K(508928K)] 1196164K->980153K(1907200K), 0.0623312 secs] [Times: user=0.37 sys=0.00, real=0.06 secs] 
3925.744: [GC (Allocation Failure) [PSYoungGen: 460928K->111168K(518144K)] 1313465K->1090841K(1916416K), 0.0555826 secs] [Times: user=0.33 sys=0.00, real=0.05 secs] 
3927.121: [GC (Allocation Failure) [PSYoungGen: 460352K->137376K(518144K)] 1440025K->1217518K(1916416K), 0.0620614 secs] [Times: user=0.36 sys=0.00, real=0.07 secs] 
3928.325: [GC (Allocation Failure) [PSYoungGen: 486560K->117248K(521728K)] 1566702K->1334174K(1920000K), 0.0586908 secs] [Times: user=0.35 sys=0.00, real=0.06 secs] 
3928.384: [Full GC (Ergonomics) [PSYoungGen: 117248K->0K(521728K)] [ParOldGen: 1216926K->133337K(1398272K)] 1334174K->133337K(1920000K), [Metaspace: 60351K->60351K(1105920K)], 0.3064103 secs] [Times: user=1.40 sys=0.01, real=0.30 secs] 
3930.286: [GC (Allocation Failure) [PSYoungGen: 357888K->130592K(524288K)] 491225K->263929K(1922560K), 0.0441136 secs] [Times: user=0.27 sys=0.00, real=0.04 secs] 
3931.067: [GC (Allocation Failure) [PSYoungGen: 488480K->130176K(531456K)] 621817K->394145K(1929728K), 0.0656751 secs] [Times: user=0.39 sys=0.00, real=0.07 secs] 
3932.449: [GC (Allocation Failure) [PSYoungGen: 496256K->4736K(371200K)] 760225K->268737K(1769472K), 0.0025293 secs] [Times: user=0.01 sys=0.00, real=0.00 secs] 
3933.730: [GC (Allocation Failure) [PSYoungGen: 370816K->148096K(503296K)] 634817K->415310K(1901568K), 0.0301514 secs] [Times: user=0.17 sys=0.00, real=0.03 secs] 
3935.070: [GC (Allocation Failure) [PSYoungGen: 470144K->101760K(510464K)] 737358K->508018K(1908736K), 0.0655776 secs] [Times: user=0.39 sys=0.00, real=0.07 secs] 
3935.810: [GC (Allocation Failure) [PSYoungGen: 423808K->129088K(507904K)] 830066K->636119K(1906176K), 0.0501981 secs] [Times: user=0.30 sys=0.00, real=0.05 secs] 
3937.209: [GC (Allocation Failure) [PSYoungGen: 456768K->114304K(509952K)] 963799K->741631K(1908224K), 0.0619831 secs] [Times: user=0.37 sys=0.00, real=0.06 secs] 
3937.975: [GC (Allocation Failure) [PSYoungGen: 441984K->122400K(514048K)] 1069311K->864011K(1912320K), 0.0537560 secs] [Times: user=0.31 sys=0.00, real=0.05 secs] 
3939.377: [GC (Allocation Failure) [PSYoungGen: 461344K->125600K(512000K)] 1202955K->979468K(1910272K), 0.0628589 secs] [Times: user=0.37 sys=0.00, real=0.06 secs] 
3940.943: [GC (Allocation Failure) [PSYoungGen: 464544K->117888K(520192K)] 1318412K->1097260K(1918464K), 0.0564220 secs] [Times: user=0.33 sys=0.00, real=0.05 secs] 
3942.327: [GC (Allocation Failure) [PSYoungGen: 472192K->130432K(521216K)] 1451564K->1217128K(1919488K), 0.0620520 secs] [Times: user=0.37 sys=0.00, real=0.06 secs] 
3943.158: [GC (Allocation Failure) [PSYoungGen: 484736K->129536K(531968K)] 1571432K->1346625K(1930240K), 0.0586435 secs] [Times: user=0.35 sys=0.00, real=0.06 secs] 
3943.217: [Full GC (Ergonomics) [PSYoungGen: 129536K->0K(531968K)] [ParOldGen: 1217088K->146046K(1398272K)] 1346625K->146046K(1930240K), [Metaspace: 60351K->60351K(1105920K)], 0.3333566 secs] [Times: user=1.53 sys=0.00, real=0.33 secs] 
3945.340: [GC (Allocation Failure) [PSYoungGen: 365056K->121376K(486912K)] 511102K->267422K(1885184K), 0.0427849 secs] [Times: user=0.26 sys=0.00, real=0.05 secs] 
3946.376: [GC (Allocation Failure) [PSYoungGen: 486432K->151584K(520192K)] 632478K->417905K(1918464K), 0.0607346 secs] [Times: user=0.36 sys=0.00, real=0.06 secs] 
3947.825: [GC (Allocation Failure) [PSYoungGen: 508448K->116416K(527872K)] 774769K->516249K(1926144K), 0.0684870 secs] [Times: user=0.41 sys=0.00, real=0.07 secs] 
3948.900: [GC (Allocation Failure) [PSYoungGen: 473280K->147936K(521728K)] 873113K->662081K(1920000K), 0.0556844 secs] [Times: user=0.33 sys=0.00, real=0.06 secs] 
3950.264: [GC (Allocation Failure) [PSYoungGen: 502752K->112960K(526848K)] 1016897K->765625K(1925120K), 0.0658334 secs] [Times: user=0.39 sys=0.00, real=0.06 secs] 
3950.822: [GC (Allocation Failure) [PSYoungGen: 467776K->148864K(520192K)] 1120441K->912209K(1918464K), 0.0556157 secs] [Times: user=0.32 sys=0.00, real=0.05 secs] 
3952.274: [GC (Allocation Failure) [PSYoungGen: 499584K->108864K(524800K)] 1262929K->1012449K(1923072K), 0.0660579 secs] [Times: user=0.39 sys=0.00, real=0.06 secs] 
3952.999: [GC (Allocation Failure) [PSYoungGen: 459584K->149216K(517632K)] 1363169K->1157718K(1915904K), 0.0537826 secs] [Times: user=0.32 sys=0.00, real=0.06 secs] 
3955.721: [GC (Allocation Failure) [PSYoungGen: 494816K->105120K(522240K)] 1503318K->1254246K(1920512K), 0.1524761 secs] [Times: user=0.91 sys=0.01, real=0.16 secs] 
3956.613: [GC (Allocation Failure) [PSYoungGen: 450720K->147936K(516096K)] 1599846K->1397863K(1914368K), 0.0518859 secs] [Times: user=0.31 sys=0.00, real=0.05 secs] 
3956.665: [Full GC (Ergonomics) [PSYoungGen: 147936K->0K(516096K)] [ParOldGen: 1249927K->193614K(1398272K)] 1397863K->193614K(1914368K), [Metaspace: 60351K->60351K(1105920K)], 0.4803980 secs] [Times: user=2.25 sys=0.00, real=0.48 secs] 
3958.407: [GC (GCLocker Initiated GC) [PSYoungGen: 340480K->102656K(519680K)] 534095K->296271K(1917952K), 0.0345156 secs] [Times: user=0.19 sys=0.00, real=0.03 secs] 
3959.186: [GC (Allocation Failure) [PSYoungGen: 443136K->145440K(516608K)] 636754K->438247K(1914880K), 0.0496460 secs] [Times: user=0.30 sys=0.00, real=0.05 secs] 
3961.945: [GC (Allocation Failure) [PSYoungGen: 483872K->102240K(518656K)] 776679K->532023K(1916928K), 0.1122975 secs] [Times: user=0.67 sys=0.00, real=0.11 secs] 
3962.543: [GC (Allocation Failure) [PSYoungGen: 440672K->145280K(514560K)] 870455K->672988K(1912832K), 0.0503478 secs] [Times: user=0.30 sys=0.00, real=0.05 secs] 
3964.886: [GC (Allocation Failure) [PSYoungGen: 480640K->101408K(517120K)] 1008348K->765504K(1915392K), 0.1359250 secs] [Times: user=0.80 sys=0.01, real=0.14 secs] 
3965.697: [GC (Allocation Failure) [PSYoungGen: 436768K->140064K(517120K)] 1100864K->901645K(1915392K), 0.0511835 secs] [Times: user=0.30 sys=0.00, real=0.05 secs] 
3967.017: [GC (Allocation Failure) [PSYoungGen: 476960K->107200K(444416K)] 1238541K->999709K(1842688K), 0.0641423 secs] [Times: user=0.38 sys=0.00, real=0.06 secs] 
3967.657: [GC (Allocation Failure) [PSYoungGen: 444096K->139904K(515584K)] 1336605K->1136754K(1913856K), 0.0527939 secs] [Times: user=0.32 sys=0.00, real=0.05 secs] 
3969.037: [GC (GCLocker Initiated GC) [PSYoungGen: 477312K->107776K(516096K)] 1474163K->1235655K(1914368K), 0.0675873 secs] [Times: user=0.39 sys=0.00, real=0.07 secs] 
3969.899: [GC (Allocation Failure) [PSYoungGen: 445184K->138912K(518144K)] 1573064K->1371757K(1916416K), 0.0531050 secs] [Times: user=0.31 sys=0.00, real=0.05 secs] 
3969.952: [Full GC (Ergonomics) [PSYoungGen: 138912K->0K(518144K)] [ParOldGen: 1232845K->170902K(1398272K)] 1371757K->170902K(1916416K), [Metaspace: 60351K->60351K(1105920K)], 0.4051671 secs] [Times: user=1.88 sys=0.00, real=0.41 secs] 
3972.003: [GC (Allocation Failure) [PSYoungGen: 341504K->107616K(518656K)] 512406K->278518K(1916928K), 0.1011524 secs] [Times: user=0.59 sys=0.00, real=0.10 secs] 
3973.496: [GC (Allocation Failure) [PSYoungGen: 449120K->139552K(518656K)] 620022K->414703K(1916928K), 0.0530757 secs] [Times: user=0.31 sys=0.00, real=0.05 secs] 
3974.802: [GC (Allocation Failure) [PSYoungGen: 483616K->110624K(519680K)] 758767K->516343K(1917952K), 0.0768747 secs] [Times: user=0.45 sys=0.00, real=0.07 secs] 
3975.423: [GC (GCLocker Initiated GC) [PSYoungGen: 454688K->138976K(521216K)] 860410K->652778K(1919488K), 0.0533376 secs] [Times: user=0.31 sys=0.00, real=0.05 secs] 
3976.936: [GC (Allocation Failure) [PSYoungGen: 487136K->111840K(521728K)] 1000940K->755360K(1920000K), 0.0952334 secs] [Times: user=0.56 sys=0.00, real=0.09 secs] 
3978.099: [GC (Allocation Failure) [PSYoungGen: 460000K->142784K(520704K)] 1103520K->895061K(1918976K), 0.0543865 secs] [Times: user=0.32 sys=0.00, real=0.06 secs] 
3979.717: [GC (Allocation Failure) [PSYoungGen: 492480K->112032K(523264K)] 1244757K->997713K(1921536K), 0.0733853 secs] [Times: user=0.44 sys=0.00, real=0.07 secs] 
3980.516: [GC (Allocation Failure) [PSYoungGen: 461728K->145152K(521728K)] 1347409K->1140450K(1920000K), 0.0544325 secs] [Times: user=0.32 sys=0.00, real=0.05 secs] 
3982.746: [GC (Allocation Failure) [PSYoungGen: 495814K->109920K(524800K)] 1491113K->1241594K(1923072K), 0.0682967 secs] [Times: user=0.38 sys=0.00, real=0.07 secs] 
3983.489: [GC (Allocation Failure) [PSYoungGen: 460640K->147104K(519680K)] 1592314K->1385595K(1917952K), 0.0539865 secs] [Times: user=0.32 sys=0.00, real=0.06 secs] 
3983.543: [Full GC (Ergonomics) [PSYoungGen: 147104K->0K(519680K)] [ParOldGen: 1238491K->183948K(1398272K)] 1385595K->183948K(1917952K), [Metaspace: 60352K->60352K(1105920K)], 0.4498280 secs] [Times: user=2.11 sys=0.00, real=0.45 secs] 
3985.882: [GC (Allocation Failure) [PSYoungGen: 347648K->107200K(523264K)] 531596K->291148K(1921536K), 0.0592145 secs] [Times: user=0.35 sys=0.00, real=0.06 secs] 
3986.749: [GC (Allocation Failure) [PSYoungGen: 454848K->147328K(517632K)] 638796K->434321K(1915904K), 0.0522453 secs] [Times: user=0.31 sys=0.00, real=0.05 secs] 
3988.237: [GC (Allocation Failure) [PSYoungGen: 490880K->107168K(521216K)] 777873K->532289K(1919488K), 0.0652593 secs] [Times: user=0.38 sys=0.00, real=0.07 secs] 
3988.775: [GC (GCLocker Initiated GC) [PSYoungGen: 450720K->140352K(520704K)] 875842K->669451K(1918976K), 0.0551300 secs] [Times: user=0.32 sys=0.00, real=0.05 secs] 
3990.878: [GC (Allocation Failure) [PSYoungGen: 485440K->109600K(455168K)] 1014576K->770688K(1853440K), 0.0633051 secs] [Times: user=0.38 sys=0.00, real=0.06 secs] 
3991.405: [GC (Allocation Failure) [PSYoungGen: 454688K->146112K(518656K)] 1115776K->912733K(1916928K), 0.0534305 secs] [Times: user=0.32 sys=0.01, real=0.05 secs] 
3993.326: [GC (Allocation Failure) [PSYoungGen: 490176K->106688K(521216K)] 1256797K->1010145K(1919488K), 0.1479613 secs] [Times: user=0.88 sys=0.00, real=0.15 secs] 
3994.239: [GC (Allocation Failure) [PSYoungGen: 450752K->145984K(517120K)] 1354209K->1152477K(1915392K), 0.0527958 secs] [Times: user=0.31 sys=0.01, real=0.06 secs] 
3995.836: [GC (Allocation Failure) [PSYoungGen: 487488K->105952K(520192K)] 1493981K->1249749K(1918464K), 0.1264742 secs] [Times: user=0.75 sys=0.00, real=0.13 secs] 
3996.426: [GC (Allocation Failure) [PSYoungGen: 447456K->146208K(516608K)] 1591253K->1392130K(1914880K), 0.0525164 secs] [Times: user=0.31 sys=0.00, real=0.05 secs] 
3996.479: [Full GC (Ergonomics) [PSYoungGen: 146208K->0K(516608K)] [ParOldGen: 1245922K->190753K(1398272K)] 1392130K->190753K(1914880K), [Metaspace: 60362K->60362K(1105920K)], 0.4632568 secs] [Times: user=2.17 sys=0.00, real=0.47 secs] 
3998.155: [GC (Allocation Failure) [PSYoungGen: 339456K->103232K(519168K)] 530209K->293985K(1917440K), 0.0321172 secs] [Times: user=0.19 sys=0.00, real=0.03 secs] 
3998.670: [GC (Allocation Failure) [PSYoungGen: 442688K->143936K(517120K)] 633441K->433958K(1915392K), 0.0500371 secs] [Times: user=0.29 sys=0.00, real=0.05 secs] 
4000.622: [GC (Allocation Failure) [PSYoungGen: 482368K->103808K(518656K)] 772390K->528590K(1916928K), 0.1204489 secs] [Times: user=0.71 sys=0.00, real=0.13 secs] 
4001.348: [GC (Allocation Failure) [PSYoungGen: 442240K->143840K(516096K)] 867022K->668879K(1914368K), 0.0510963 secs] [Times: user=0.30 sys=0.00, real=0.05 secs] 
4002.660: [GC (Allocation Failure) [PSYoungGen: 481248K->105440K(518144K)] 1006287K->765207K(1916416K), 0.0657888 secs] [Times: user=0.39 sys=0.00, real=0.07 secs] 
4003.768: [GC (Allocation Failure) [PSYoungGen: 442848K->143328K(516608K)] 1102615K->905352K(1914880K), 0.0580750 secs] [Times: user=0.35 sys=0.00, real=0.06 secs] 
4005.084: [GC (Allocation Failure) [PSYoungGen: 481248K->104480K(518144K)] 1243272K->1001408K(1916416K), 0.0646982 secs] [Times: user=0.38 sys=0.00, real=0.06 secs] 
4005.596: [GC (Allocation Failure) [PSYoungGen: 442400K->141120K(517632K)] 1339328K->1139397K(1915904K), 0.0527540 secs] [Times: user=0.31 sys=0.00, real=0.05 secs] 
4007.567: [GC (Allocation Failure) [PSYoungGen: 480064K->107072K(446464K)] 1478341K->1237025K(1844736K), 0.1294998 secs] [Times: user=0.77 sys=0.01, real=0.13 secs] 
4008.881: [GC (Allocation Failure) [PSYoungGen: 446016K->140544K(516608K)] 1575969K->1374358K(1914880K), 0.0538714 secs] [Times: user=0.32 sys=0.00, real=0.06 secs] 
4008.935: [Full GC (Ergonomics) [PSYoungGen: 140544K->0K(516608K)] [ParOldGen: 1233814K->173438K(1398272K)] 1374358K->173438K(1914880K), [Metaspace: 60362K->60362K(1105920K)], 0.4230843 secs] [Times: user=1.98 sys=0.00, real=0.42 secs] 
4010.676: [GC (Allocation Failure) [PSYoungGen: 339456K->107520K(517632K)] 512894K->280958K(1915904K), 0.0440482 secs] [Times: user=0.26 sys=0.01, real=0.04 secs] 
4011.468: [GC (Allocation Failure) [PSYoungGen: 446976K->140544K(518656K)] 620414K->419133K(1916928K), 0.0536026 secs] [Times: user=0.32 sys=0.00, real=0.06 secs] 
4013.512: [GC (Allocation Failure) [PSYoungGen: 483072K->109760K(519680K)] 761661K->520109K(1917952K), 0.0793147 secs] [Times: user=0.40 sys=0.01, real=0.08 secs] 
4014.160: [GC (Allocation Failure) [PSYoungGen: 452288K->143296K(518144K)] 862637K->660326K(1916416K), 0.0536033 secs] [Times: user=0.31 sys=0.00, real=0.06 secs] 
4015.713: [GC (Allocation Failure) [PSYoungGen: 486848K->107968K(520192K)] 1003878K->758746K(1918464K), 0.1099487 secs] [Times: user=0.64 sys=0.00, real=0.11 secs] 
4016.705: [GC (Allocation Failure) [PSYoungGen: 451520K->143808K(519168K)] 1102298K->899607K(1917440K), 0.0528689 secs] [Times: user=0.31 sys=0.00, real=0.05 secs] 
4018.134: [GC (Allocation Failure) [PSYoungGen: 488384K->108736K(521728K)] 1244183K->999055K(1920000K), 0.0647326 secs] [Times: user=0.38 sys=0.00, real=0.06 secs] 
4018.957: [GC (Allocation Failure) [PSYoungGen: 453312K->144832K(518144K)] 1343631K->1142192K(1916416K), 0.0536764 secs] [Times: user=0.32 sys=0.01, real=0.05 secs] 
4020.523: [GC (Allocation Failure) [PSYoungGen: 488384K->105600K(521216K)] 1485744K->1239320K(1919488K), 0.0649332 secs] [Times: user=0.38 sys=0.01, real=0.06 secs] 
4021.239: [GC (Allocation Failure) [PSYoungGen: 449152K->142656K(519168K)] 1582872K->1378797K(1917440K), 0.0531933 secs] [Times: user=0.32 sys=0.00, real=0.06 secs] 
4021.292: [Full GC (Ergonomics) [PSYoungGen: 142656K->0K(519168K)] [ParOldGen: 1236141K->176594K(1398272K)] 1378797K->176594K(1917440K), [Metaspace: 60362K->60362K(1105920K)], 0.4278239 secs] [Times: user=2.00 sys=0.00, real=0.42 secs] 
4023.294: [GC (Allocation Failure) [PSYoungGen: 343552K->105920K(521216K)] 520146K->282514K(1919488K), 0.0503060 secs] [Times: user=0.29 sys=0.01, real=0.05 secs] 
4024.957: [GC (Allocation Failure) [PSYoungGen: 449472K->142784K(519168K)] 626066K->422233K(1917440K), 0.0525031 secs] [Times: user=0.31 sys=0.00, real=0.05 secs] 
4026.342: [GC (Allocation Failure) [PSYoungGen: 486336K->110048K(453632K)] 765785K->522858K(1851904K), 0.0764311 secs] [Times: user=0.45 sys=0.00, real=0.07 secs] 
4026.925: [GC (Allocation Failure) [PSYoungGen: 453600K->141408K(519168K)] 866410K->661774K(1917440K), 0.0533235 secs] [Times: user=0.32 sys=0.00, real=0.05 secs] 
4028.516: [GC (GCLocker Initiated GC) [PSYoungGen: 485472K->108160K(520704K)] 1005838K->761278K(1918976K), 0.0639285 secs] [Times: user=0.38 sys=0.01, real=0.06 secs] 
4029.250: [GC (Allocation Failure) [PSYoungGen: 452224K->151968K(514048K)] 1105381K->910434K(1912320K), 0.0538830 secs] [Times: user=0.31 sys=0.00, real=0.06 secs] 
4030.981: [GC (Allocation Failure) [PSYoungGen: 491424K->105728K(519168K)] 1249890K->998618K(1917440K), 0.1075641 secs] [Times: user=0.64 sys=0.00, real=0.11 secs] 
4032.083: [GC (Allocation Failure) [PSYoungGen: 445184K->139968K(517632K)] 1338074K->1136207K(1915904K), 0.0522502 secs] [Times: user=0.30 sys=0.01, real=0.05 secs] 
4033.731: [GC (GCLocker Initiated GC) [PSYoungGen: 480960K->107488K(519168K)] 1477200K->1234688K(1917440K), 0.0634234 secs] [Times: user=0.38 sys=0.00, real=0.07 secs] 
4034.336: [GC (Allocation Failure) [PSYoungGen: 448480K->152192K(513024K)] 1575719K->1384075K(1911296K), 0.0539124 secs] [Times: user=0.32 sys=0.00, real=0.05 secs] 
4035.769: [GC (Allocation Failure) [PSYoungGen: 488576K->103360K(517632K)] 1720459K->1470124K(1915904K), 0.0695323 secs] [Times: user=0.41 sys=0.01, real=0.07 secs] 
4035.839: [Full GC (Ergonomics) [PSYoungGen: 103360K->0K(517632K)] [ParOldGen: 1366763K->30476K(1398272K)] 1470124K->30476K(1915904K), [Metaspace: 60365K->60365K(1105920K)], 0.0512743 secs] [Times: user=0.17 sys=0.00, real=0.05 secs] 
4036.606: [GC (Allocation Failure) [PSYoungGen: 336384K->140512K(516608K)] 366860K->170988K(1914880K), 0.0283430 secs] [Times: user=0.16 sys=0.00, real=0.03 secs] 
4038.228: [GC (Allocation Failure) [PSYoungGen: 477920K->107296K(517632K)] 508396K->268988K(1915904K), 0.1108535 secs] [Times: user=0.65 sys=0.00, real=0.11 secs] 
4039.579: [GC (Allocation Failure) [PSYoungGen: 444704K->138528K(517632K)] 606396K->405145K(1915904K), 0.0518364 secs] [Times: user=0.31 sys=0.00, real=0.05 secs] 
4040.936: [GC (Allocation Failure) [PSYoungGen: 477984K->108352K(517632K)] 744601K->504033K(1915904K), 0.0670198 secs] [Times: user=0.39 sys=0.00, real=0.07 secs] 
4041.645: [GC (Allocation Failure) [PSYoungGen: 447808K->140576K(518144K)] 843489K->642598K(1916416K), 0.0528905 secs] [Times: user=0.31 sys=0.00, real=0.05 secs] 
4043.200: [GC (Allocation Failure) [PSYoungGen: 482592K->109760K(518656K)] 984614K->743222K(1916928K), 0.0724633 secs] [Times: user=0.43 sys=0.00, real=0.08 secs] 
4044.395: [GC (Allocation Failure) [PSYoungGen: 451776K->140352K(519680K)] 1085238K->881447K(1917952K), 0.0531006 secs] [Times: user=0.32 sys=0.00, real=0.05 secs] 
4045.978: [GC (Allocation Failure) [PSYoungGen: 485440K->110752K(520704K)] 1226535K->982955K(1918976K), 0.1158229 secs] [Times: user=0.69 sys=0.01, real=0.12 secs] 
4047.750: [GC (Allocation Failure) [PSYoungGen: 455840K->138688K(521216K)] 1328043K->1119323K(1919488K), 0.0537569 secs] [Times: user=0.31 sys=0.00, real=0.06 secs] 
4049.092: [GC (GCLocker Initiated GC) [PSYoungGen: 486848K->112992K(521728K)] 1467484K->1223260K(1920000K), 0.0662429 secs] [Times: user=0.39 sys=0.00, real=0.07 secs] 
4049.981: [GC (Allocation Failure) [PSYoungGen: 461152K->143072K(521216K)] 1571490K->1364207K(1919488K), 0.0546896 secs] [Times: user=0.32 sys=0.00, real=0.06 secs] 
4051.415: [GC (GCLocker Initiated GC) [PSYoungGen: 493280K->109632K(523264K)] 1714415K->1464591K(1921536K), 0.0685176 secs] [Times: user=0.41 sys=0.01, real=0.07 secs] 
4051.483: [Full GC (Ergonomics) [PSYoungGen: 109632K->0K(523264K)] [ParOldGen: 1354959K->30886K(1398272K)] 1464591K->30886K(1921536K), [Metaspace: 60365K->60365K(1105920K)], 0.0540121 secs] [Times: user=0.18 sys=0.00, real=0.05 secs] 
4052.755: [GC (Allocation Failure) [PSYoungGen: 350208K->153152K(516096K)] 381097K->184041K(1914368K), 0.0295527 secs] [Times: user=0.17 sys=0.00, real=0.03 secs] 
4054.191: [GC (Allocation Failure) [PSYoungGen: 497728K->109024K(521728K)] 528617K->275881K(1920000K), 0.0739683 secs] [Times: user=0.43 sys=0.00, real=0.08 secs] 
4054.914: [GC (Allocation Failure) [PSYoungGen: 453600K->142752K(521216K)] 620457K->416654K(1919488K), 0.0530108 secs] [Times: user=0.31 sys=0.00, real=0.05 secs] 
4057.269: [GC (Allocation Failure) [PSYoungGen: 488352K->108608K(454656K)] 762254K->516742K(1852928K), 0.0645067 secs] [Times: user=0.38 sys=0.01, real=0.07 secs] 
4058.024: [GC (Allocation Failure) [PSYoungGen: 454208K->143712K(519680K)] 862342K->657978K(1917952K), 0.0532230 secs] [Times: user=0.31 sys=0.00, real=0.05 secs] 
4060.017: [GC (Allocation Failure) [PSYoungGen: 488288K->107296K(521728K)] 1002554K->756546K(1920000K), 0.1168221 secs] [Times: user=0.69 sys=0.01, real=0.12 secs] 
4061.246: [GC (Allocation Failure) [PSYoungGen: 451872K->143648K(520192K)] 1101122K->897443K(1918464K), 0.0528364 secs] [Times: user=0.31 sys=0.00, real=0.05 secs] 
4062.988: [GC (Allocation Failure) [PSYoungGen: 488224K->111008K(455680K)] 1242019K->999611K(1853952K), 0.1072529 secs] [Times: user=0.63 sys=0.01, real=0.11 secs] 
4064.031: [GC (Allocation Failure) [PSYoungGen: 455584K->142432K(520192K)] 1344187K->1137632K(1918464K), 0.0527464 secs] [Times: user=0.31 sys=0.00, real=0.06 secs] 
4065.385: [GC (Allocation Failure) [PSYoungGen: 487520K->112448K(521216K)] 1482720K->1241092K(1919488K), 0.0681402 secs] [Times: user=0.40 sys=0.00, real=0.07 secs] 
4066.006: [GC (Allocation Failure) [PSYoungGen: 457536K->147808K(518656K)] 1586180K->1384593K(1916928K), 0.0541655 secs] [Times: user=0.32 sys=0.00, real=0.05 secs] 
4066.060: [Full GC (Ergonomics) [PSYoungGen: 147808K->0K(518656K)] [ParOldGen: 1236785K->188203K(1398272K)] 1384593K->188203K(1916928K), [Metaspace: 60365K->60365K(1105920K)], 0.4589503 secs] [Times: user=2.15 sys=0.00, real=0.46 secs] 
4068.061: [GC (Allocation Failure) [PSYoungGen: 344576K->103584K(521728K)] 532779K->291788K(1920000K), 0.0399649 secs] [Times: user=0.23 sys=0.00, real=0.04 secs] 
4068.679: [GC (Allocation Failure) [PSYoungGen: 448160K->146336K(517120K)] 636364K->434072K(1915392K), 0.0506736 secs] [Times: user=0.30 sys=0.00, real=0.05 secs] 
4070.608: [GC (Allocation Failure) [PSYoungGen: 486816K->106272K(519680K)] 774552K->531184K(1917952K), 0.1123401 secs] [Times: user=0.67 sys=0.01, real=0.11 secs] 
4071.444: [GC (Allocation Failure) [PSYoungGen: 446752K->142048K(519168K)] 871664K->669808K(1917440K), 0.0533254 secs] [Times: user=0.31 sys=0.00, real=0.05 secs] 
4073.290: [GC (Allocation Failure) [PSYoungGen: 483552K->105632K(447488K)] 1011312K->767040K(1845760K), 0.0637802 secs] [Times: user=0.37 sys=0.00, real=0.07 secs] 
4073.792: [GC (Allocation Failure) [PSYoungGen: 447136K->146240K(516608K)] 1108544K->909245K(1914880K), 0.0522992 secs] [Times: user=0.31 sys=0.00, real=0.05 secs] 
4076.230: [GC (Allocation Failure) [PSYoungGen: 485696K->103616K(519168K)] 1248701K->1003821K(1917440K), 0.1461446 secs] [Times: user=0.87 sys=0.01, real=0.15 secs] 
4077.303: [GC (Allocation Failure) [PSYoungGen: 443072K->140480K(519168K)] 1343277K->1140842K(1917440K), 0.0513402 secs] [Times: user=0.31 sys=0.00, real=0.05 secs] 
4078.861: [GC (Allocation Failure) [PSYoungGen: 480960K->107424K(448000K)] 1481322K->1238770K(1846272K), 0.0644780 secs] [Times: user=0.38 sys=0.00, real=0.07 secs] 
4079.738: [GC (GCLocker Initiated GC) [PSYoungGen: 447904K->140096K(517632K)] 1579250K->1376642K(1915904K), 0.0533975 secs] [Times: user=0.31 sys=0.01, real=0.05 secs] 
4079.791: [Full GC (Ergonomics) [PSYoungGen: 140096K->0K(517632K)] [ParOldGen: 1236546K->175163K(1398272K)] 1376642K->175163K(1915904K), [Metaspace: 60366K->60366K(1105920K)], 0.4187346 secs] [Times: user=1.94 sys=0.00, real=0.42 secs] 
4081.471: [GC (GCLocker Initiated GC) [PSYoungGen: 340480K->106592K(518144K)] 515646K->281758K(1916416K), 0.0353254 secs] [Times: user=0.20 sys=0.01, real=0.04 secs] 
4082.454: [GC (Allocation Failure) [PSYoungGen: 447072K->141664K(518144K)] 622308K->420680K(1916416K), 0.0528995 secs] [Times: user=0.31 sys=0.00, real=0.05 secs] 
4084.272: [GC (Allocation Failure) [PSYoungGen: 484192K->108000K(519680K)] 763208K->519576K(1917952K), 0.1086820 secs] [Times: user=0.64 sys=0.01, real=0.10 secs] 
4085.726: [GC (Allocation Failure) [PSYoungGen: 450528K->140288K(520192K)] 862104K->656741K(1918464K), 0.0528043 secs] [Times: user=0.32 sys=0.00, real=0.05 secs] 
4087.054: [GC (Allocation Failure) [PSYoungGen: 485376K->111680K(521216K)] 1001829K->758597K(1919488K), 0.0644326 secs] [Times: user=0.38 sys=0.00, real=0.06 secs] 
4087.619: [GC (Allocation Failure) [PSYoungGen: 456768K->143392K(519168K)] 1103685K->899526K(1917440K), 0.0543236 secs] [Times: user=0.32 sys=0.00, real=0.06 secs] 
4089.047: [GC (GCLocker Initiated GC) [PSYoungGen: 488992K->108800K(521216K)] 1245126K->999570K(1919488K), 0.0833594 secs] [Times: user=0.50 sys=0.01, real=0.08 secs] 
4089.756: [GC (Allocation Failure) [PSYoungGen: 454400K->145888K(519168K)] 1345173K->1142642K(1917440K), 0.0538816 secs] [Times: user=0.32 sys=0.00, real=0.05 secs] 
4092.027: [GC (Allocation Failure) [PSYoungGen: 491488K->107200K(522240K)] 1488242K->1240858K(1920512K), 0.1712582 secs] [Times: user=1.02 sys=0.01, real=0.17 secs] 
4093.114: [GC (Allocation Failure) [PSYoungGen: 452800K->141216K(521728K)] 1586458K->1379039K(1920000K), 0.0530628 secs] [Times: user=0.31 sys=0.00, real=0.05 secs] 
4093.168: [Full GC (Ergonomics) [PSYoungGen: 141216K->0K(521728K)] [ParOldGen: 1237823K->175914K(1398272K)] 1379039K->175914K(1920000K), [Metaspace: 60366K->60366K(1105920K)], 0.4213946 secs] [Times: user=1.96 sys=0.00, real=0.42 secs] 
4094.892: [GC (Allocation Failure) [PSYoungGen: 346624K->110272K(457216K)] 522538K->286186K(1855488K), 0.0355532 secs] [Times: user=0.21 sys=0.00, real=0.03 secs] 
4095.481: [GC (GCLocker Initiated GC) [PSYoungGen: 456896K->145056K(519168K)] 632810K->429489K(1917440K), 0.0625503 secs] [Times: user=0.33 sys=0.00, real=0.07 secs] 
4097.127: [GC (Allocation Failure) [PSYoungGen: 490144K->107712K(521728K)] 774648K->528856K(1920000K), 0.1191245 secs] [Times: user=0.71 sys=0.01, real=0.12 secs] 
4097.944: [GC (Allocation Failure) [PSYoungGen: 452800K->144224K(519168K)] 873944K->669081K(1917440K), 0.0523454 secs] [Times: user=0.31 sys=0.01, real=0.05 secs] 
4099.988: [GC (Allocation Failure) [PSYoungGen: 488800K->107584K(521728K)] 1013657K->767513K(1920000K), 0.1455041 secs] [Times: user=0.86 sys=0.01, real=0.15 secs] 
4101.008: [GC (Allocation Failure) [PSYoungGen: 452160K->145632K(518656K)] 1112089K->909446K(1916928K), 0.0528180 secs] [Times: user=0.31 sys=0.00, real=0.05 secs] 
4102.406: [GC (Allocation Failure) [PSYoungGen: 489184K->109280K(521216K)] 1252998K->1010022K(1919488K), 0.0957757 secs] [Times: user=0.57 sys=0.00, real=0.09 secs] 
4103.055: [GC (Allocation Failure) [PSYoungGen: 452832K->146976K(517120K)] 1353574K->1152983K(1915392K), 0.0533401 secs] [Times: user=0.31 sys=0.00, real=0.05 secs] 
4104.482: [GC (Allocation Failure) [PSYoungGen: 488480K->103520K(520192K)] 1494487K->1247707K(1918464K), 0.1069883 secs] [Times: user=0.64 sys=0.00, real=0.10 secs] 
4105.197: [GC (Allocation Failure) [PSYoungGen: 445024K->146240K(516096K)] 1589211K->1389936K(1914368K), 0.0510381 secs] [Times: user=0.31 sys=0.00, real=0.05 secs] 
4105.248: [Full GC (Ergonomics) [PSYoungGen: 146240K->0K(516096K)] [ParOldGen: 1243696K->187021K(1398272K)] 1389936K->187021K(1914368K), [Metaspace: 60367K->60367K(1105920K)], 0.4464911 secs] [Times: user=2.08 sys=0.00, real=0.45 secs] 
4108.028: [GC (Allocation Failure) [PSYoungGen: 338432K->101920K(518656K)] 525453K->288942K(1916928K), 0.0842170 secs] [Times: user=0.49 sys=0.01, real=0.09 secs] 
4108.883: [GC (Allocation Failure) [PSYoungGen: 440352K->143040K(516608K)] 627374K->428134K(1914880K), 0.0504332 secs] [Times: user=0.29 sys=0.00, real=0.05 secs] 
4110.342: [GC (Allocation Failure) [PSYoungGen: 480448K->105248K(518144K)] 765542K->524402K(1916416K), 0.0941335 secs] [Times: user=0.56 sys=0.00, real=0.10 secs] 
4111.113: [GC (Allocation Failure) [PSYoungGen: 442656K->140192K(518144K)] 861810K->662603K(1916416K), 0.0520561 secs] [Times: user=0.31 sys=0.00, real=0.05 secs] 
4112.683: [GC (Allocation Failure) [PSYoungGen: 479136K->109728K(449024K)] 1001547K->763731K(1847296K), 0.0664444 secs] [Times: user=0.39 sys=0.00, real=0.06 secs] 
4113.522: [GC (Allocation Failure) [PSYoungGen: 448672K->138848K(516608K)] 1102675K->899296K(1914880K), 0.0529085 secs] [Times: user=0.31 sys=0.00, real=0.06 secs] 
4116.503: [GC (Allocation Failure) [PSYoungGen: 478816K->106624K(517120K)] 1239264K->996160K(1915392K), 0.1194280 secs] [Times: user=0.71 sys=0.00, real=0.12 secs] 
4117.615: [GC (Allocation Failure) [PSYoungGen: 446592K->140320K(519168K)] 1336128K->1133449K(1917440K), 0.0529421 secs] [Times: user=0.31 sys=0.00, real=0.05 secs] 
4118.937: [GC (Allocation Failure) [PSYoungGen: 484384K->110560K(520192K)] 1477513K->1235077K(1918464K), 0.0660127 secs] [Times: user=0.39 sys=0.00, real=0.07 secs] 
4119.450: [GC (Allocation Failure) [PSYoungGen: 454624K->140480K(520192K)] 1579141K->1372498K(1918464K), 0.0539533 secs] [Times: user=0.31 sys=0.00, real=0.06 secs] 
4121.363: [GC (Allocation Failure) [PSYoungGen: 487104K->111168K(521216K)] 1719122K->1474282K(1919488K), 0.1153097 secs] [Times: user=0.68 sys=0.00, real=0.11 secs] 
4121.478: [Full GC (Ergonomics) [PSYoungGen: 111168K->0K(521216K)] [ParOldGen: 1363114K->34953K(1398272K)] 1474282K->34953K(1919488K), [Metaspace: 60367K->60367K(1105920K)], 0.0906219 secs] [Times: user=0.35 sys=0.00, real=0.09 secs] 
4122.250: [GC (Allocation Failure) [PSYoungGen: 346624K->144864K(520704K)] 381577K->179817K(1918976K), 0.0291142 secs] [Times: user=0.17 sys=0.00, real=0.03 secs] 
4124.274: [GC (Allocation Failure) [PSYoungGen: 493024K->107072K(523264K)] 527977K->277441K(1921536K), 0.1154182 secs] [Times: user=0.68 sys=0.00, real=0.11 secs] 
4125.463: [GC (Allocation Failure) [PSYoungGen: 455232K->141312K(522240K)] 625601K->415578K(1920512K), 0.0518596 secs] [Times: user=0.30 sys=0.00, real=0.05 secs] 
4126.803: [GC (GCLocker Initiated GC) [PSYoungGen: 489984K->113760K(462848K)] 764250K->520186K(1861120K), 0.0672302 secs] [Times: user=0.39 sys=0.00, real=0.06 secs] 
4127.544: [GC (Allocation Failure) [PSYoungGen: 462432K->147168K(518656K)] 868861K->664409K(1916928K), 0.0553198 secs] [Times: user=0.33 sys=0.00, real=0.05 secs] 
4129.398: [GC (Allocation Failure) [PSYoungGen: 493792K->104896K(522240K)] 1011033K->760369K(1920512K), 0.0981549 secs] [Times: user=0.58 sys=0.00, real=0.10 secs] 
4130.049: [GC (Allocation Failure) [PSYoungGen: 451520K->146720K(518144K)] 1106993K->902974K(1916416K), 0.0523328 secs] [Times: user=0.31 sys=0.00, real=0.05 secs] 
4131.986: [GC (GCLocker Initiated GC) [PSYoungGen: 490272K->106240K(521216K)] 1246526K->999858K(1919488K), 0.1387457 secs] [Times: user=0.82 sys=0.01, real=0.14 secs] 
4133.000: [GC (Allocation Failure) [PSYoungGen: 449792K->144192K(518656K)] 1343481K->1139942K(1916928K), 0.0526231 secs] [Times: user=0.31 sys=0.00, real=0.06 secs] 
4134.363: [GC (Allocation Failure) [PSYoungGen: 486720K->108704K(520704K)] 1482470K->1239838K(1918976K), 0.0836650 secs] [Times: user=0.49 sys=0.01, real=0.08 secs] 
4135.154: [GC (Allocation Failure) [PSYoungGen: 451232K->142944K(519168K)] 1582366K->1378859K(1917440K), 0.0532752 secs] [Times: user=0.32 sys=0.00, real=0.05 secs] 
4135.207: [Full GC (Ergonomics) [PSYoungGen: 142944K->0K(519168K)] [ParOldGen: 1235915K->183106K(1398272K)] 1378859K->183106K(1917440K), [Metaspace: 60368K->60368K(1105920K)], 0.4394820 secs] [Times: user=2.05 sys=0.00, real=0.44 secs] 
4138.034: [GC (Allocation Failure) [PSYoungGen: 343040K->104896K(520704K)] 526146K->288002K(1918976K), 0.1003026 secs] [Times: user=0.59 sys=0.01, real=0.10 secs] 
4138.939: [GC (Allocation Failure) [PSYoungGen: 447936K->143744K(519168K)] 631042K->429331K(1917440K), 0.0521999 secs] [Times: user=0.30 sys=0.00, real=0.05 secs] 
4140.312: [GC (Allocation Failure) [PSYoungGen: 486272K->108416K(451072K)] 771859K->528923K(1849344K), 0.1043191 secs] [Times: user=0.62 sys=0.00, real=0.10 secs] 
4141.212: [GC (Allocation Failure) [PSYoungGen: 450944K->141152K(519168K)] 871451K->666756K(1917440K), 0.0533889 secs] [Times: user=0.31 sys=0.00, real=0.06 secs] 
4142.846: [GC (Allocation Failure) [PSYoungGen: 484192K->109792K(520192K)] 1009796K->768028K(1918464K), 0.0656704 secs] [Times: user=0.39 sys=0.00, real=0.06 secs] 
4143.389: [GC (Allocation Failure) [PSYoungGen: 452832K->145248K(518144K)] 1111068K->909001K(1916416K), 0.0537327 secs] [Times: user=0.30 sys=0.01, real=0.06 secs] 
4145.189: [GC (Allocation Failure) [PSYoungGen: 488288K->106112K(520704K)] 1252041K->1005705K(1918976K), 0.0766498 secs] [Times: user=0.45 sys=0.00, real=0.08 secs] 
4145.909: [GC (GCLocker Initiated GC) [PSYoungGen: 449152K->146272K(517632K)] 1348745K->1148781K(1915904K), 0.0542157 secs] [Times: user=0.32 sys=0.00, real=0.06 secs] 
4148.117: [GC (Allocation Failure) [PSYoungGen: 487776K->104480K(520192K)] 1490290K->1244470K(1918464K), 0.0665085 secs] [Times: user=0.39 sys=0.00, real=0.07 secs] 
4149.088: [GC (Allocation Failure) [PSYoungGen: 445984K->142016K(519168K)] 1585974K->1383321K(1917440K), 0.0653324 secs] [Times: user=0.38 sys=0.00, real=0.07 secs] 
4149.153: [Full GC (Ergonomics) [PSYoungGen: 142016K->0K(519168K)] [ParOldGen: 1241305K->181015K(1398272K)] 1383321K->181015K(1917440K), [Metaspace: 60375K->60375K(1105920K)], 0.4304524 secs] [Times: user=2.00 sys=0.01, real=0.43 secs] 
4150.986: [GC (GCLocker Initiated GC) [PSYoungGen: 341504K->106752K(448512K)] 522519K->287767K(1846784K), 0.0513320 secs] [Times: user=0.30 sys=0.00, real=0.05 secs] 
4151.761: [GC (Allocation Failure) [PSYoungGen: 448256K->142880K(517120K)] 629274K->427349K(1915392K), 0.0525360 secs] [Times: user=0.31 sys=0.01, real=0.06 secs] 
4153.261: [GC (Allocation Failure) [PSYoungGen: 483360K->107168K(519168K)] 767829K->525097K(1917440K), 0.0846494 secs] [Times: user=0.50 sys=0.00, real=0.09 secs] 
4153.913: [GC (Allocation Failure) [PSYoungGen: 447648K->143968K(518144K)] 865577K->666034K(1916416K), 0.0526283 secs] [Times: user=0.31 sys=0.00, real=0.05 secs] 
4155.825: [GC (Allocation Failure) [PSYoungGen: 485472K->104480K(520192K)] 1007538K->761730K(1918464K), 0.0770616 secs] [Times: user=0.45 sys=0.00, real=0.08 secs] 
4156.534: [GC (GCLocker Initiated GC) [PSYoungGen: 445984K->142432K(518656K)] 1103234K->901835K(1916928K), 0.0523941 secs] [Times: user=0.31 sys=0.00, real=0.05 secs] 
4158.566: [GC (GCLocker Initiated GC) [PSYoungGen: 483936K->103872K(520192K)] 1243341K->997213K(1918464K), 0.1076403 secs] [Times: user=0.64 sys=0.00, real=0.11 secs] 
4159.312: [GC (Allocation Failure) [PSYoungGen: 445376K->151136K(512512K)] 1338756K->1145555K(1910784K), 0.0531988 secs] [Times: user=0.31 sys=0.00, real=0.05 secs] 
4161.163: [GC (Allocation Failure) [PSYoungGen: 486496K->104928K(517120K)] 1480915K->1232731K(1915392K), 0.1395315 secs] [Times: user=0.83 sys=0.00, real=0.14 secs] 
4162.050: [GC (Allocation Failure) [PSYoungGen: 440288K->139840K(515584K)] 1568091K->1369948K(1913856K), 0.0531539 secs] [Times: user=0.31 sys=0.00, real=0.06 secs] 
4163.680: [GC (Allocation Failure) [PSYoungGen: 476736K->106208K(517120K)] 1706844K->1467076K(1915392K), 0.0680515 secs] [Times: user=0.40 sys=0.00, real=0.07 secs] 
4163.748: [Full GC (Ergonomics) [PSYoungGen: 106208K->0K(517120K)] [ParOldGen: 1360868K->26546K(1398272K)] 1467076K->26546K(1915392K), [Metaspace: 60392K->60392K(1105920K)], 0.0423109 secs] [Times: user=0.13 sys=0.01, real=0.04 secs] 
4164.319: [GC (GCLocker Initiated GC) [PSYoungGen: 336896K->137440K(518144K)] 363442K->163986K(1916416K), 0.0274196 secs] [Times: user=0.16 sys=0.00, real=0.03 secs] 
4165.892: [GC (Allocation Failure) [PSYoungGen: 477920K->107360K(518144K)] 504469K->262325K(1916416K), 0.0792987 secs] [Times: user=0.47 sys=0.00, real=0.08 secs] 
4166.892: [GC (Allocation Failure) [PSYoungGen: 447840K->138592K(518656K)] 602805K->399145K(1916928K), 0.0520723 secs] [Times: user=0.31 sys=0.00, real=0.05 secs] 
4168.427: [GC (Allocation Failure) [PSYoungGen: 481632K->111744K(519168K)] 742185K->501421K(1917440K), 0.0699315 secs] [Times: user=0.41 sys=0.01, real=0.07 secs] 
4170.174: [GC (Allocation Failure) [PSYoungGen: 454784K->136896K(520192K)] 844461K->636450K(1918464K), 0.0533695 secs] [Times: user=0.32 sys=0.00, real=0.05 secs] 
4171.509: [GC (Allocation Failure) [PSYoungGen: 484032K->114912K(520192K)] 983586K->741422K(1918464K), 0.0747696 secs] [Times: user=0.45 sys=0.00, real=0.08 secs] 
4172.130: [GC (Allocation Failure) [PSYoungGen: 462048K->142176K(520704K)] 1088558K->881411K(1918976K), 0.0551428 secs] [Times: user=0.32 sys=0.00, real=0.06 secs] 
4173.713: [GC (Allocation Failure) [PSYoungGen: 492896K->112384K(522752K)] 1232131K->984631K(1921024K), 0.0691431 secs] [Times: user=0.41 sys=0.00, real=0.07 secs] 
4174.566: [GC (Allocation Failure) [PSYoungGen: 463104K->144896K(522752K)] 1335351K->1127284K(1921024K), 0.0549851 secs] [Times: user=0.32 sys=0.00, real=0.05 secs] 
4176.740: [GC (Allocation Failure) [PSYoungGen: 497664K->112352K(525824K)] 1480052K->1230208K(1924096K), 0.1329857 secs] [Times: user=0.79 sys=0.01, real=0.14 secs] 
4177.757: [GC (Allocation Failure) [PSYoungGen: 465120K->146784K(521216K)] 1582976K->1373889K(1919488K), 0.0544060 secs] [Times: user=0.32 sys=0.00, real=0.05 secs] 
4179.119: [GC (Allocation Failure) [PSYoungGen: 497504K->110624K(524800K)] 1724609K->1475765K(1923072K), 0.0745940 secs] [Times: user=0.44 sys=0.00, real=0.08 secs] 
4179.193: [Full GC (Ergonomics) [PSYoungGen: 110624K->0K(524800K)] [ParOldGen: 1365141K->42958K(1398272K)] 1475765K->42958K(1923072K), [Metaspace: 60392K->60392K(1105920K)], 0.0861690 secs] [Times: user=0.35 sys=0.00, real=0.08 secs] 
4179.874: [GC (Allocation Failure) [PSYoungGen: 350720K->147456K(520192K)] 393678K->190414K(1918464K), 0.0305223 secs] [Times: user=0.18 sys=0.00, real=0.03 secs] 
4181.895: [GC (Allocation Failure) [PSYoungGen: 495104K->108896K(523264K)] 538062K->290110K(1921536K), 0.1045706 secs] [Times: user=0.62 sys=0.00, real=0.10 secs] 
4182.618: [GC (Allocation Failure) [PSYoungGen: 456544K->147392K(518656K)] 637758K->433299K(1916928K), 0.0520891 secs] [Times: user=0.30 sys=0.00, real=0.05 secs] 
4184.791: [GC (Allocation Failure) [PSYoungGen: 491968K->107552K(521728K)] 777875K->531879K(1920000K), 0.1125822 secs] [Times: user=0.66 sys=0.00, real=0.12 secs] 
4185.580: [GC (Allocation Failure) [PSYoungGen: 452128K->145408K(518656K)] 876455K->672899K(1916928K), 0.0517296 secs] [Times: user=0.31 sys=0.00, real=0.05 secs] 
4186.952: [GC (Allocation Failure) [PSYoungGen: 487936K->110656K(520704K)] 1015427K->774899K(1918976K), 0.0658210 secs] [Times: user=0.39 sys=0.00, real=0.06 secs] 
4187.496: [GC (Allocation Failure) [PSYoungGen: 453184K->146976K(517632K)] 1117427K->915372K(1915904K), 0.0526551 secs] [Times: user=0.31 sys=0.00, real=0.05 secs] 
4189.359: [GC (Allocation Failure) [PSYoungGen: 488480K->103840K(520192K)] 1256876K->1010556K(1918464K), 0.1259944 secs] [Times: user=0.75 sys=0.00, real=0.13 secs] 
4189.989: [GC (Allocation Failure) [PSYoungGen: 445344K->144960K(517632K)] 1352060K->1151477K(1915904K), 0.0509478 secs] [Times: user=0.31 sys=0.00, real=0.05 secs] 
4192.158: [GC (GCLocker Initiated GC) [PSYoungGen: 484416K->103648K(519168K)] 1490933K->1246361K(1917440K), 0.1514553 secs] [Times: user=0.90 sys=0.01, real=0.15 secs] 
4192.811: [GC (Allocation Failure) [PSYoungGen: 443104K->153632K(509952K)] 1585856K->1395717K(1908224K), 0.0521084 secs] [Times: user=0.31 sys=0.00, real=0.06 secs] 
4192.863: [Full GC (Ergonomics) [PSYoungGen: 153632K->0K(509952K)] [ParOldGen: 1242085K->191692K(1398272K)] 1395717K->191692K(1908224K), [Metaspace: 60392K->60392K(1105920K)], 0.4557085 secs] [Times: user=2.12 sys=0.00, real=0.45 secs] 
4194.560: [GC (Allocation Failure) [PSYoungGen: 331264K->102880K(515072K)] 522956K->294572K(1913344K), 0.0319934 secs] [Times: user=0.19 sys=0.00, real=0.04 secs] 
4195.376: [GC (Allocation Failure) [PSYoungGen: 434144K->139904K(513024K)] 625836K->427489K(1911296K), 0.0487170 secs] [Times: user=0.29 sys=0.00, real=0.05 secs] 
4196.865: [GC (Allocation Failure) [PSYoungGen: 472192K->104608K(514560K)] 759777K->522785K(1912832K), 0.0911630 secs] [Times: user=0.54 sys=0.00, real=0.09 secs] 
4197.765: [GC (Allocation Failure) [PSYoungGen: 436896K->138816K(515584K)] 855073K->658669K(1913856K), 0.0515069 secs] [Times: user=0.30 sys=0.00, real=0.05 secs] 
4200.224: [GC (Allocation Failure) [PSYoungGen: 474688K->105120K(516096K)] 994541K->754477K(1914368K), 0.1470034 secs] [Times: user=0.87 sys=0.00, real=0.14 secs] 
4201.394: [GC (Allocation Failure) [PSYoungGen: 440992K->137088K(517632K)] 1090349K->888506K(1915904K), 0.0518601 secs] [Times: user=0.31 sys=0.00, real=0.05 secs] 
4202.735: [GC (GCLocker Initiated GC) [PSYoungGen: 476544K->109248K(517120K)] 1227962K->988974K(1915392K), 0.0639267 secs] [Times: user=0.37 sys=0.00, real=0.06 secs] 
4203.361: [GC (Allocation Failure) [PSYoungGen: 448704K->139840K(517120K)] 1328501K->1126662K(1915392K), 0.0535808 secs] [Times: user=0.32 sys=0.00, real=0.06 secs] 
4204.793: [GC (GCLocker Initiated GC) [PSYoungGen: 481856K->109024K(518144K)] 1468679K->1226551K(1916416K), 0.0803979 secs] [Times: user=0.48 sys=0.01, real=0.08 secs] 
4206.460: [GC (Allocation Failure) [PSYoungGen: 451040K->137760K(521728K)] 1568637K->1362274K(1920000K), 0.0534927 secs] [Times: user=0.31 sys=0.00, real=0.06 secs] 
4207.901: [GC (Allocation Failure) [PSYoungGen: 485408K->113504K(521728K)] 1709922K->1465858K(1920000K), 0.0674907 secs] [Times: user=0.40 sys=0.00, real=0.07 secs] 
4207.969: [Full GC (Ergonomics) [PSYoungGen: 113504K->0K(521728K)] [ParOldGen: 1352354K->27461K(1398272K)] 1465858K->27461K(1920000K), [Metaspace: 60397K->60397K(1105920K)], 0.0435621 secs] [Times: user=0.14 sys=0.00, real=0.05 secs] 
4208.949: [GC (GCLocker Initiated GC) [PSYoungGen: 347648K->141056K(519680K)] 375109K->168517K(1917952K), 0.0280946 secs] [Times: user=0.16 sys=0.00, real=0.03 secs] 
4210.777: [GC (Allocation Failure) [PSYoungGen: 489728K->111776K(521728K)] 517194K->271550K(1920000K), 0.0676924 secs] [Times: user=0.40 sys=0.00, real=0.07 secs] 
4211.479: [GC (Allocation Failure) [PSYoungGen: 460448K->144576K(522240K)] 620222K->414275K(1920512K), 0.0529759 secs] [Times: user=0.31 sys=0.00, real=0.06 secs] 
4213.220: [GC (Allocation Failure) [PSYoungGen: 496320K->111808K(525312K)] 766019K->516987K(1923584K), 0.0971578 secs] [Times: user=0.58 sys=0.00, real=0.10 secs] 
4214.749: [GC (Allocation Failure) [PSYoungGen: 463552K->147136K(520704K)] 868731K->661022K(1918976K), 0.0539146 secs] [Times: user=0.32 sys=0.00, real=0.06 secs] 
4216.136: [GC (Allocation Failure) [PSYoungGen: 496832K->111776K(524288K)] 1010718K->763603K(1922560K), 0.0687158 secs] [Times: user=0.41 sys=0.00, real=0.07 secs] 
4216.702: [GC (GCLocker Initiated GC) [PSYoungGen: 461472K->146528K(520192K)] 1113299K->906562K(1918464K), 0.0545504 secs] [Times: user=0.32 sys=0.01, real=0.05 secs] 
4218.203: [GC (Allocation Failure) [PSYoungGen: 494176K->108576K(523264K)] 1254213K->1006085K(1921536K), 0.0783607 secs] [Times: user=0.46 sys=0.00, real=0.07 secs] 
4218.838: [GC (Allocation Failure) [PSYoungGen: 456224K->149024K(516608K)] 1353733K->1151002K(1914880K), 0.0528873 secs] [Times: user=0.31 sys=0.00, real=0.05 secs] 
4221.140: [GC (Allocation Failure) [PSYoungGen: 491552K->103776K(520704K)] 1493530K->1245962K(1918976K), 0.1184684 secs] [Times: user=0.70 sys=0.01, real=0.12 secs] 
4221.792: [GC (Allocation Failure) [PSYoungGen: 446304K->145536K(517632K)] 1588490K->1387787K(1915904K), 0.0519385 secs] [Times: user=0.31 sys=0.00, real=0.05 secs] 
4221.844: [Full GC (Ergonomics) [PSYoungGen: 145536K->0K(517632K)] [ParOldGen: 1242251K->190211K(1398272K)] 1387787K->190211K(1915904K), [Metaspace: 60398K->60398K(1105920K)], 0.4602801 secs] [Times: user=2.15 sys=0.00, real=0.46 secs] 
4223.673: [GC (Allocation Failure) [PSYoungGen: 340480K->104480K(519680K)] 530691K->294691K(1917952K), 0.0345783 secs] [Times: user=0.19 sys=0.01, real=0.03 secs] 
4224.231: [GC (GCLocker Initiated GC) [PSYoungGen: 444960K->144256K(517632K)] 635172K->435857K(1915904K), 0.0509802 secs] [Times: user=0.30 sys=0.00, real=0.06 secs] 
4225.699: [GC (Allocation Failure) [PSYoungGen: 483712K->103136K(519168K)] 775315K->530499K(1917440K), 0.1066005 secs] [Times: user=0.62 sys=0.01, real=0.11 secs] 
4226.752: [GC (Allocation Failure) [PSYoungGen: 442592K->143648K(517120K)] 869955K->669480K(1915392K), 0.0500945 secs] [Times: user=0.30 sys=0.00, real=0.05 secs] 
4228.712: [GC (Allocation Failure) [PSYoungGen: 481581K->104992K(518656K)] 1007413K->765140K(1916928K), 0.1556603 secs] [Times: user=0.83 sys=0.00, real=0.15 secs] 
4230.020: [GC (Allocation Failure) [PSYoungGen: 443424K->141376K(517632K)] 1103572K->903377K(1915904K), 0.0515256 secs] [Times: user=0.31 sys=0.00, real=0.05 secs] 
4231.390: [GC (Allocation Failure) [PSYoungGen: 480320K->105984K(445440K)] 1242321K->1000409K(1843712K), 0.0741735 secs] [Times: user=0.44 sys=0.00, real=0.08 secs] 
4232.059: [GC (Allocation Failure) [PSYoungGen: 444928K->141440K(517120K)] 1339353K->1138962K(1915392K), 0.0524714 secs] [Times: user=0.31 sys=0.00, real=0.05 secs] 
4233.477: [GC (Allocation Failure) [PSYoungGen: 480896K->106272K(518144K)] 1478418K->1236458K(1916416K), 0.0968951 secs] [Times: user=0.57 sys=0.00, real=0.10 secs] 
4234.220: [GC (Allocation Failure) [PSYoungGen: 445728K->141984K(517632K)] 1575914K->1375487K(1915904K), 0.0526996 secs] [Times: user=0.31 sys=0.00, real=0.06 secs] 
4234.273: [Full GC (Ergonomics) [PSYoungGen: 141984K->0K(517632K)] [ParOldGen: 1233503K->174956K(1398272K)] 1375487K->174956K(1915904K), [Metaspace: 60398K->60398K(1105920K)], 0.4211617 secs] [Times: user=1.97 sys=0.00, real=0.42 secs] 
4236.596: [GC (Allocation Failure) [PSYoungGen: 340992K->107296K(519168K)] 515948K->282252K(1917440K), 0.1027808 secs] [Times: user=0.60 sys=0.00, real=0.10 secs] 
4237.748: [GC (Allocation Failure) [PSYoungGen: 448288K->141632K(518656K)] 623244K->420489K(1916928K), 0.0526893 secs] [Times: user=0.32 sys=0.00, real=0.05 secs] 
4239.049: [GC (GCLocker Initiated GC) [PSYoungGen: 484160K->106592K(520192K)] 763019K->518371K(1918464K), 0.0810770 secs] [Times: user=0.48 sys=0.00, real=0.08 secs] 
4239.810: [GC (Allocation Failure) [PSYoungGen: 449120K->142016K(519168K)] 860902K->658069K(1917440K), 0.0528160 secs] [Times: user=0.31 sys=0.00, real=0.06 secs] 
4241.543: [GC (Allocation Failure) [PSYoungGen: 485568K->108128K(520704K)] 1001621K->757153K(1918976K), 0.0950423 secs] [Times: user=0.56 sys=0.00, real=0.09 secs] 
4242.796: [GC (Allocation Failure) [PSYoungGen: 451680K->142464K(519680K)] 1100705K->896670K(1917952K), 0.0528257 secs] [Times: user=0.31 sys=0.00, real=0.05 secs] 
4244.315: [GC (Allocation Failure) [PSYoungGen: 487040K->108224K(521216K)] 1241246K->995502K(1919488K), 0.0919818 secs] [Times: user=0.54 sys=0.00, real=0.09 secs] 
4245.606: [GC (Allocation Failure) [PSYoungGen: 452800K->142976K(519680K)] 1340078K->1135371K(1917952K), 0.0533602 secs] [Times: user=0.31 sys=0.00, real=0.05 secs] 
4246.922: [GC (Allocation Failure) [PSYoungGen: 488064K->111200K(521728K)] 1480459K->1237211K(1920000K), 0.0788645 secs] [Times: user=0.47 sys=0.00, real=0.07 secs] 
4247.540: [GC (Allocation Failure) [PSYoungGen: 456288K->145280K(518656K)] 1582299K->1379776K(1916928K), 0.0540038 secs] [Times: user=0.32 sys=0.00, real=0.06 secs] 
4247.594: [Full GC (Ergonomics) [PSYoungGen: 145280K->0K(518656K)] [ParOldGen: 1234496K->177491K(1398272K)] 1379776K->177491K(1916928K), [Metaspace: 60398K->60398K(1105920K)], 0.4341702 secs] [Times: user=2.04 sys=0.00, real=0.43 secs] 
4249.714: [GC (Allocation Failure) [PSYoungGen: 344576K->106432K(521728K)] 522067K->283923K(1920000K), 0.0628234 secs] [Times: user=0.37 sys=0.00, real=0.06 secs] 
4250.683: [GC (Allocation Failure) [PSYoungGen: 451008K->143776K(519680K)] 628499K->424840K(1917952K), 0.0526227 secs] [Times: user=0.31 sys=0.00, real=0.05 secs] 
4252.339: [GC (Allocation Failure) [PSYoungGen: 488352K->107136K(521728K)] 769416K->522728K(1920000K), 0.0901737 secs] [Times: user=0.54 sys=0.00, real=0.09 secs] 
4253.295: [GC (Allocation Failure) [PSYoungGen: 451712K->142080K(520192K)] 867304K->662233K(1918464K), 0.0526967 secs] [Times: user=0.31 sys=0.00, real=0.05 secs] 
4255.474: [GC (Allocation Failure) [PSYoungGen: 486656K->104896K(521728K)] 1006809K->758369K(1920000K), 0.1329774 secs] [Times: user=0.79 sys=0.00, real=0.13 secs] 
4256.232: [GC (Allocation Failure) [PSYoungGen: 449472K->145312K(518144K)] 1102945K->901342K(1916416K), 0.0527923 secs] [Times: user=0.31 sys=0.00, real=0.06 secs] 
4258.673: [GC (GCLocker Initiated GC) [PSYoungGen: 487840K->104960K(520704K)] 1243870K->997678K(1918976K), 0.1660100 secs] [Times: user=0.99 sys=0.00, real=0.16 secs] 
4260.279: [GC (Allocation Failure) [PSYoungGen: 447488K->143776K(518144K)] 1340209K->1137974K(1916416K), 0.0524658 secs] [Times: user=0.31 sys=0.00, real=0.05 secs] 
4261.826: [GC (Allocation Failure) [PSYoungGen: 485280K->106336K(520192K)] 1479478K->1235318K(1918464K), 0.0665233 secs] [Times: user=0.39 sys=0.00, real=0.07 secs] 
4262.923: [GC (GCLocker Initiated GC) [PSYoungGen: 447840K->142432K(519680K)] 1576822K->1375379K(1917952K), 0.0859703 secs] [Times: user=0.51 sys=0.00, real=0.08 secs] 
4263.009: [Full GC (Ergonomics) [PSYoungGen: 142432K->0K(519680K)] [ParOldGen: 1232947K->173445K(1398272K)] 1375379K->173445K(1917952K), [Metaspace: 60398K->60398K(1105920K)], 0.4258596 secs] [Times: user=1.98 sys=0.01, real=0.43 secs] 
4265.069: [GC (GCLocker Initiated GC) [PSYoungGen: 342528K->104480K(447488K)] 515976K->277928K(1845760K), 0.0747136 secs] [Times: user=0.44 sys=0.01, real=0.08 secs] 
4266.283: [GC (Allocation Failure) [PSYoungGen: 447008K->140960K(518656K)] 620459K->415672K(1916928K), 0.0521285 secs] [Times: user=0.31 sys=0.00, real=0.05 secs] 
4268.080: [GC (Allocation Failure) [PSYoungGen: 482976K->109600K(452096K)] 757688K->515864K(1850368K), 0.1055013 secs] [Times: user=0.63 sys=0.01, real=0.11 secs] 
4269.319: [GC (Allocation Failure) [PSYoungGen: 451616K->140128K(519168K)] 857880K->653213K(1917440K), 0.0533810 secs] [Times: user=0.32 sys=0.00, real=0.06 secs] 
4270.649: [GC (GCLocker Initiated GC) [PSYoungGen: 483680K->110592K(519680K)] 996767K->754567K(1917952K), 0.0873829 secs] [Times: user=0.52 sys=0.00, real=0.09 secs] 
4271.372: [GC (Allocation Failure) [PSYoungGen: 454144K->142464K(518656K)] 1098190K->894099K(1916928K), 0.0539755 secs] [Times: user=0.32 sys=0.00, real=0.05 secs] 
4272.764: [GC (Allocation Failure) [PSYoungGen: 487552K->109792K(520704K)] 1239187K->994735K(1918976K), 0.0666587 secs] [Times: user=0.39 sys=0.00, real=0.06 secs] 
4273.919: [GC (Allocation Failure) [PSYoungGen: 454880K->143520K(521216K)] 1339823K->1135004K(1919488K), 0.0538051 secs] [Times: user=0.32 sys=0.01, real=0.06 secs] 
4275.514: [GC (Allocation Failure) [PSYoungGen: 491168K->111808K(459776K)] 1482652K->1237544K(1858048K), 0.0793016 secs] [Times: user=0.47 sys=0.00, real=0.08 secs] 
4276.197: [GC (Allocation Failure) [PSYoungGen: 459456K->153984K(513536K)] 1585192K->1388956K(1911808K), 0.0554926 secs] [Times: user=0.33 sys=0.00, real=0.06 secs] 
4276.253: [Full GC (Ergonomics) [PSYoungGen: 153984K->0K(513536K)] [ParOldGen: 1234972K->179981K(1398272K)] 1388956K->179981K(1911808K), [Metaspace: 60398K->60398K(1105920K)], 0.4174800 secs] [Times: user=1.93 sys=0.00, real=0.41 secs] 
4278.162: [GC (GCLocker Initiated GC) [PSYoungGen: 340480K->103968K(519680K)] 520464K->283952K(1917952K), 0.0337279 secs] [Times: user=0.20 sys=0.00, real=0.03 secs] 
4278.814: [GC (Allocation Failure) [PSYoungGen: 444448K->143392K(517632K)] 624471K->424902K(1915904K), 0.0525782 secs] [Times: user=0.31 sys=0.00, real=0.05 secs] 
4280.480: [GC (Allocation Failure) [PSYoungGen: 482848K->104992K(519168K)] 764358K->521118K(1917440K), 0.1389765 secs] [Times: user=0.82 sys=0.00, real=0.14 secs] 
4281.687: [GC (Allocation Failure) [PSYoungGen: 444448K->140544K(518656K)] 860574K->658659K(1916928K), 0.0517238 secs] [Times: user=0.30 sys=0.00, real=0.05 secs] 
4283.269: [GC (Allocation Failure) [PSYoungGen: 481024K->106656K(447488K)] 999139K->756383K(1845760K), 0.1235567 secs] [Times: user=0.73 sys=0.00, real=0.13 secs] 
4284.374: [GC (Allocation Failure) [PSYoungGen: 447136K->140544K(517632K)] 1096863K->894262K(1915904K), 0.0524622 secs] [Times: user=0.31 sys=0.00, real=0.05 secs] 
4285.681: [GC (Allocation Failure) [PSYoungGen: 481536K->108704K(518656K)] 1235254K->994015K(1916928K), 0.0832367 secs] [Times: user=0.49 sys=0.00, real=0.09 secs] 
4286.232: [GC (Allocation Failure) [PSYoungGen: 449696K->141632K(518144K)] 1335007K->1133075K(1916416K), 0.0535518 secs] [Times: user=0.32 sys=0.01, real=0.05 secs] 
4287.688: [GC (Allocation Failure) [PSYoungGen: 484672K->109120K(519680K)] 1476115K->1233015K(1917952K), 0.0656388 secs] [Times: user=0.39 sys=0.00, real=0.07 secs] 
4288.544: [GC (Allocation Failure) [PSYoungGen: 452160K->142848K(520192K)] 1576055K->1372724K(1918464K), 0.0540999 secs] [Times: user=0.31 sys=0.00, real=0.05 secs] 
4290.311: [GC (GCLocker Initiated GC) [PSYoungGen: 488448K->109664K(521728K)] 1718324K->1473004K(1920000K), 0.1059558 secs] [Times: user=0.63 sys=0.00, real=0.11 secs] 
4290.417: [Full GC (Ergonomics) [PSYoungGen: 109664K->0K(521728K)] [ParOldGen: 1363340K->32651K(1398272K)] 1473004K->32651K(1920000K), [Metaspace: 60402K->60402K(1105920K)], 0.0782964 secs] [Times: user=0.28 sys=0.00, real=0.08 secs] 
4291.555: [GC (Allocation Failure) [PSYoungGen: 345600K->143840K(520192K)] 378322K->176562K(1918464K), 0.0288159 secs] [Times: user=0.17 sys=0.00, real=0.03 secs] 
4292.832: [GC (Allocation Failure) [PSYoungGen: 489952K->107904K(522240K)] 522674K->275482K(1920512K), 0.0793811 secs] [Times: user=0.47 sys=0.00, real=0.07 secs] 
4293.413: [GC (GCLocker Initiated GC) [PSYoungGen: 454016K->142592K(521216K)] 621594K->415303K(1919488K), 0.0524879 secs] [Times: user=0.30 sys=0.00, real=0.05 secs] 
4295.228: [GC (Allocation Failure) [PSYoungGen: 489216K->107648K(522752K)] 761928K->513568K(1921024K), 0.1119004 secs] [Times: user=0.67 sys=0.01, real=0.11 secs] 
4296.445: [GC (Allocation Failure) [PSYoungGen: 454272K->142912K(521216K)] 860192K->653509K(1919488K), 0.0525737 secs] [Times: user=0.31 sys=0.00, real=0.05 secs] 
4298.257: [GC (Allocation Failure) [PSYoungGen: 489536K->110528K(457216K)] 1000133K->754693K(1855488K), 0.1163388 secs] [Times: user=0.69 sys=0.00, real=0.12 secs] 
4299.512: [GC (GCLocker Initiated GC) [PSYoungGen: 457152K->139264K(521728K)] 1101317K->891594K(1920000K), 0.0535430 secs] [Times: user=0.31 sys=0.01, real=0.05 secs] 
4300.873: [GC (Allocation Failure) [PSYoungGen: 486912K->112352K(522240K)] 1239245K->994909K(1920512K), 0.0737971 secs] [Times: user=0.43 sys=0.01, real=0.07 secs] 
4301.577: [GC (Allocation Failure) [PSYoungGen: 460000K->146272K(519168K)] 1342557K->1138506K(1917440K), 0.0545570 secs] [Times: user=0.33 sys=0.00, real=0.05 secs] 
4303.413: [GC (Allocation Failure) [PSYoungGen: 493408K->107712K(522240K)] 1485642K->1237262K(1920512K), 0.0703138 secs] [Times: user=0.41 sys=0.00, real=0.07 secs] 
4304.561: [GC (Allocation Failure) [PSYoungGen: 454848K->146176K(519168K)] 1584398K->1379203K(1917440K), 0.0531695 secs] [Times: user=0.31 sys=0.01, real=0.06 secs] 
4304.614: [Full GC (Ergonomics) [PSYoungGen: 146176K->0K(519168K)] [ParOldGen: 1233027K->183585K(1398272K)] 1379203K->183585K(1917440K), [Metaspace: 60402K->60402K(1105920K)], 0.4410126 secs] [Times: user=2.06 sys=0.00, real=0.44 secs] 
4306.503: [GC (Allocation Failure) [PSYoungGen: 345600K->106848K(522240K)] 529185K->290433K(1920512K), 0.0703410 secs] [Times: user=0.41 sys=0.01, real=0.07 secs] 
4307.344: [GC (Allocation Failure) [PSYoungGen: 452448K->145280K(518656K)] 636033K->431454K(1916928K), 0.0522450 secs] [Times: user=0.30 sys=0.01, real=0.05 secs] 
4308.712: [GC (Allocation Failure) [PSYoungGen: 488832K->111584K(521216K)] 775006K->533990K(1919488K), 0.0757948 secs] [Times: user=0.45 sys=0.01, real=0.07 secs] 
4309.362: [GC (Allocation Failure) [PSYoungGen: 455136K->145376K(518656K)] 877542K->673267K(1916928K), 0.0528854 secs] [Times: user=0.31 sys=0.00, real=0.05 secs] 
4311.630: [GC (GCLocker Initiated GC) [PSYoungGen: 488928K->104800K(521216K)] 1016820K->768700K(1919488K), 0.1575399 secs] [Times: user=0.94 sys=0.00, real=0.16 secs] 
4312.654: [GC (Allocation Failure) [PSYoungGen: 448352K->153984K(510976K)] 1112255K->918640K(1909248K), 0.0516734 secs] [Times: user=0.30 sys=0.00, real=0.05 secs] 
4314.210: [GC (Allocation Failure) [PSYoungGen: 488320K->103776K(516608K)] 1252976K->1005116K(1914880K), 0.0948151 secs] [Times: user=0.56 sys=0.01, real=0.10 secs] 
4314.802: [GC (Allocation Failure) [PSYoungGen: 438112K->142752K(516096K)] 1339452K->1143881K(1914368K), 0.0509453 secs] [Times: user=0.30 sys=0.00, real=0.05 secs] 
4316.194: [GC (GCLocker Initiated GC) [PSYoungGen: 478112K->104288K(439808K)] 1479241K->1239341K(1838080K), 0.0647507 secs] [Times: user=0.38 sys=0.00, real=0.06 secs] 
4317.138: [GC (Allocation Failure) [PSYoungGen: 439648K->146304K(513536K)] 1574740K->1382553K(1911808K), 0.0520310 secs] [Times: user=0.31 sys=0.00, real=0.05 secs] 
4317.190: [Full GC (Ergonomics) [PSYoungGen: 146304K->0K(513536K)] [ParOldGen: 1236249K->173290K(1398272K)] 1382553K->173290K(1911808K), [Metaspace: 60404K->60404K(1105920K)], 0.4122456 secs] [Times: user=1.92 sys=0.00, real=0.42 secs] 
4318.985: [GC (Allocation Failure) [PSYoungGen: 333312K->104960K(516096K)] 506602K->278250K(1914368K), 0.0401633 secs] [Times: user=0.24 sys=0.00, real=0.04 secs] 
4320.532: [GC (Allocation Failure) [PSYoungGen: 438272K->135584K(512512K)] 611562K->411215K(1910784K), 0.0521275 secs] [Times: user=0.31 sys=0.00, real=0.05 secs] 
4321.854: [GC (GCLocker Initiated GC) [PSYoungGen: 470944K->107904K(514560K)] 746576K->509208K(1912832K), 0.0624919 secs] [Times: user=0.37 sys=0.01, real=0.06 secs] 
4322.589: [GC (Allocation Failure) [PSYoungGen: 443264K->138688K(519680K)] 844570K->646711K(1917952K), 0.0526707 secs] [Times: user=0.31 sys=0.01, real=0.05 secs] 
4323.922: [GC (GCLocker Initiated GC) [PSYoungGen: 481216K->109408K(452096K)] 989239K->747263K(1850368K), 0.0646853 secs] [Times: user=0.38 sys=0.00, real=0.07 secs] 
4324.834: [GC (Allocation Failure) [PSYoungGen: 451936K->147488K(515584K)] 1089830K->892923K(1913856K), 0.0539385 secs] [Times: user=0.32 sys=0.00, real=0.05 secs] 
4326.157: [GC (Allocation Failure) [PSYoungGen: 488480K->110304K(519168K)] 1233915K->985739K(1917440K), 0.0680048 secs] [Times: user=0.41 sys=0.00, real=0.07 secs] 
4327.762: [GC (Allocation Failure) [PSYoungGen: 451296K->138240K(518144K)] 1326731K->1121827K(1916416K), 0.0543643 secs] [Times: user=0.32 sys=0.00, real=0.05 secs] 
4329.165: [GC (Allocation Failure) [PSYoungGen: 482816K->112000K(520192K)] 1466403K->1224727K(1918464K), 0.0771023 secs] [Times: user=0.45 sys=0.00, real=0.08 secs] 
4330.357: [GC (GCLocker Initiated GC) [PSYoungGen: 456576K->137312K(522752K)] 1569303K->1360674K(1921024K), 0.0547486 secs] [Times: user=0.32 sys=0.00, real=0.05 secs] 
4331.735: [GC (GCLocker Initiated GC) [PSYoungGen: 487008K->113024K(522752K)] 1710372K->1465008K(1921024K), 0.0686303 secs] [Times: user=0.40 sys=0.00, real=0.07 secs] 
4331.803: [Full GC (Ergonomics) [PSYoungGen: 113024K->0K(522752K)] [ParOldGen: 1351984K->24643K(1398272K)] 1465008K->24643K(1921024K), [Metaspace: 60405K->60405K(1105920K)], 0.0394994 secs] [Times: user=0.11 sys=0.00, real=0.04 secs] 
4332.410: [GC (Allocation Failure) [PSYoungGen: 349696K->145440K(520192K)] 374378K->170122K(1918464K), 0.0289544 secs] [Times: user=0.17 sys=0.00, real=0.03 secs] 
4334.030: [GC (Allocation Failure) [PSYoungGen: 495136K->110880K(523264K)] 519818K->272010K(1921536K), 0.0945708 secs] [Times: user=0.57 sys=0.00, real=0.10 secs] 
4335.061: [GC (Allocation Failure) [PSYoungGen: 460576K->146528K(520192K)] 621706K->415515K(1918464K), 0.0535345 secs] [Times: user=0.31 sys=0.00, real=0.06 secs] 
4336.859: [GC (Allocation Failure) [PSYoungGen: 495200K->108992K(523776K)] 764187K->515739K(1922048K), 0.1175255 secs] [Times: user=0.70 sys=0.00, real=0.12 secs] 
4338.049: [GC (Allocation Failure) [PSYoungGen: 457664K->144672K(521216K)] 864411K->657552K(1919488K), 0.0528062 secs] [Times: user=0.31 sys=0.00, real=0.05 secs] 
4339.762: [GC (Allocation Failure) [PSYoungGen: 492320K->106752K(523264K)] 1005200K->755504K(1921536K), 0.1447779 secs] [Times: user=0.86 sys=0.00, real=0.14 secs] 
4340.577: [GC (Allocation Failure) [PSYoungGen: 454400K->146688K(518144K)] 1103152K->899169K(1916416K), 0.0525231 secs] [Times: user=0.31 sys=0.00, real=0.05 secs] 
4342.942: [GC (Allocation Failure) [PSYoungGen: 490240K->103872K(521216K)] 1242721K->994193K(1919488K), 0.1604931 secs] [Times: user=0.95 sys=0.01, real=0.16 secs] 
4344.658: [GC (Allocation Failure) [PSYoungGen: 447424K->141152K(521216K)] 1337745K->1132022K(1919488K), 0.0517503 secs] [Times: user=0.30 sys=0.00, real=0.05 secs] 
4346.036: [GC (GCLocker Initiated GC) [PSYoungGen: 485728K->109920K(454656K)] 1476598K->1232750K(1852928K), 0.0871153 secs] [Times: user=0.52 sys=0.01, real=0.09 secs] 
4346.618: [GC (Allocation Failure) [PSYoungGen: 454496K->145472K(517632K)] 1577329K->1375714K(1915904K), 0.0539336 secs] [Times: user=0.32 sys=0.00, real=0.05 secs] 
4346.672: [Full GC (Ergonomics) [PSYoungGen: 145472K->0K(517632K)] [ParOldGen: 1230242K->179700K(1398272K)] 1375714K->179700K(1915904K), [Metaspace: 60405K->60405K(1105920K)], 0.4190433 secs] [Times: user=1.93 sys=0.01, real=0.42 secs] 
4349.109: [GC (GCLocker Initiated GC) [PSYoungGen: 342528K->105056K(520192K)] 522230K->284758K(1918464K), 0.0946698 secs] [Times: user=0.55 sys=0.01, real=0.10 secs] 
4350.039: [GC (Allocation Failure) [PSYoungGen: 447584K->142016K(520192K)] 627357K->423522K(1918464K), 0.0519121 secs] [Times: user=0.31 sys=0.01, real=0.05 secs] 
4352.940: [GC (Allocation Failure) [PSYoungGen: 485568K->109344K(453120K)] 767074K->523198K(1851392K), 0.1151787 secs] [Times: user=0.68 sys=0.00, real=0.12 secs] 
4353.990: [GC (Allocation Failure) [PSYoungGen: 452896K->150720K(514048K)] 866750K->671219K(1912320K), 0.0535733 secs] [Times: user=0.31 sys=0.00, real=0.06 secs] 
4355.698: [GC (Allocation Failure) [PSYoungGen: 489152K->107392K(518656K)] 1009651K->760967K(1916928K), 0.0849269 secs] [Times: user=0.51 sys=0.00, real=0.09 secs] 
4356.627: [GC (Allocation Failure) [PSYoungGen: 445824K->139488K(516608K)] 1099399K->897443K(1914880K), 0.0525859 secs] [Times: user=0.31 sys=0.00, real=0.05 secs] 
4358.025: [GC (Allocation Failure) [PSYoungGen: 479968K->108960K(518656K)] 1237923K->997008K(1916928K), 0.0799091 secs] [Times: user=0.47 sys=0.00, real=0.08 secs] 
4359.056: [GC (Allocation Failure) [PSYoungGen: 449440K->140128K(520192K)] 1337488K->1134256K(1918464K), 0.0529101 secs] [Times: user=0.31 sys=0.00, real=0.05 secs] 
4360.649: [GC (Allocation Failure) [PSYoungGen: 484192K->111008K(455168K)] 1478320K->1236008K(1853440K), 0.0813368 secs] [Times: user=0.49 sys=0.00, real=0.08 secs] 
4361.667: [GC (Allocation Failure) [PSYoungGen: 455072K->143200K(518144K)] 1580072K->1376141K(1916416K), 0.0556519 secs] [Times: user=0.33 sys=0.00, real=0.06 secs] 
4363.050: [GC (Allocation Failure) [PSYoungGen: 487264K->108288K(520192K)] 1720205K->1475125K(1918464K), 0.0957785 secs] [Times: user=0.57 sys=0.00, real=0.10 secs] 
4363.145: [Full GC (Ergonomics) [PSYoungGen: 108288K->0K(520192K)] [ParOldGen: 1366837K->35523K(1398272K)] 1475125K->35523K(1918464K), [Metaspace: 60405K->60405K(1105920K)], 0.0665352 secs] [Times: user=0.24 sys=0.00, real=0.07 secs] 
4363.772: [GC (Allocation Failure) [PSYoungGen: 344064K->144736K(519680K)] 379587K->180259K(1917952K), 0.0289477 secs] [Times: user=0.17 sys=0.00, real=0.02 secs] 
4365.446: [GC (Allocation Failure) [PSYoungGen: 490336K->106208K(522240K)] 525859K->278091K(1920512K), 0.0760018 secs] [Times: user=0.45 sys=0.00, real=0.08 secs] 
4366.508: [GC (Allocation Failure) [PSYoungGen: 451808K->145280K(518656K)] 623691K->419232K(1916928K), 0.0512454 secs] [Times: user=0.30 sys=0.00, real=0.05 secs] 
4368.765: [GC (GCLocker Initiated GC) [PSYoungGen: 488832K->105344K(521216K)] 762784K->515644K(1919488K), 0.1388258 secs] [Times: user=0.82 sys=0.00, real=0.14 secs] 
4370.079: [GC (Allocation Failure) [PSYoungGen: 448896K->144928K(518144K)] 859267K->657592K(1916416K), 0.0516309 secs] [Times: user=0.30 sys=0.00, real=0.05 secs] 
4371.602: [GC (Allocation Failure) [PSYoungGen: 486432K->106784K(520192K)] 999096K->755744K(1918464K), 0.0696059 secs] [Times: user=0.41 sys=0.00, real=0.06 secs] 
4372.266: [GC (Allocation Failure) [PSYoungGen: 448288K->142080K(519680K)] 1097248K->894967K(1917952K), 0.0524738 secs] [Times: user=0.31 sys=0.01, real=0.05 secs] 
4373.764: [GC (Allocation Failure) [PSYoungGen: 484608K->107712K(450560K)] 1237495K->993539K(1848832K), 0.1138664 secs] [Times: user=0.67 sys=0.01, real=0.11 secs] 
4374.609: [GC (Allocation Failure) [PSYoungGen: 450240K->144160K(517632K)] 1336067K->1135406K(1915904K), 0.0536315 secs] [Times: user=0.32 sys=0.00, real=0.06 secs] 
4376.772: [GC (GCLocker Initiated GC) [PSYoungGen: 485664K->104512K(519680K)] 1476910K->1231158K(1917952K), 0.1451284 secs] [Times: user=0.86 sys=0.00, real=0.14 secs] 
4378.017: [GC (Allocation Failure) [PSYoungGen: 446016K->143680K(518656K)] 1572701K->1371274K(1916928K), 0.0526838 secs] [Times: user=0.31 sys=0.00, real=0.05 secs] 
4379.401: [GC (Allocation Failure) [PSYoungGen: 485184K->105440K(520192K)] 1712778K->1467690K(1918464K), 0.0836974 secs] [Times: user=0.49 sys=0.00, real=0.09 secs] 
4379.485: [Full GC (Ergonomics) [PSYoungGen: 105440K->0K(520192K)] [ParOldGen: 1362250K->34590K(1398272K)] 1467690K->34590K(1918464K), [Metaspace: 60405K->60405K(1105920K)], 0.0653696 secs] [Times: user=0.25 sys=0.00, real=0.06 secs] 
4380.071: [GC (Allocation Failure) [PSYoungGen: 341504K->143776K(517632K)] 376094K->178366K(1915904K), 0.0286240 secs] [Times: user=0.16 sys=0.01, real=0.03 secs] 
4381.628: [GC (GCLocker Initiated GC) [PSYoungGen: 484256K->105856K(519680K)] 518846K->275634K(1917952K), 0.0818043 secs] [Times: user=0.48 sys=0.01, real=0.08 secs] 
4383.265: [GC (Allocation Failure) [PSYoungGen: 446336K->147712K(514560K)] 616153K->420358K(1912832K), 0.0520248 secs] [Times: user=0.31 sys=0.00, real=0.05 secs] 
4384.853: [GC (Allocation Failure) [PSYoungGen: 485120K->109472K(518144K)] 757766K->512270K(1916416K), 0.1433279 secs] [Times: user=0.85 sys=0.01, real=0.14 secs] 
4385.787: [GC (Allocation Failure) [PSYoungGen: 446880K->139936K(518144K)] 849678K->649186K(1916416K), 0.0528136 secs] [Times: user=0.31 sys=0.00, real=0.05 secs] 
4387.129: [GC (Allocation Failure) [PSYoungGen: 479904K->107968K(518656K)] 989154K->747302K(1916928K), 0.0641778 secs] [Times: user=0.38 sys=0.00, real=0.07 secs] 
4387.802: [GC (Allocation Failure) [PSYoungGen: 447936K->142240K(517632K)] 1087270K->887743K(1915904K), 0.0528007 secs] [Times: user=0.31 sys=0.00, real=0.05 secs] 
4389.543: [GC (Allocation Failure) [PSYoungGen: 483232K->106656K(518656K)] 1228735K->986015K(1916928K), 0.0896856 secs] [Times: user=0.53 sys=0.00, real=0.09 secs] 
4390.726: [GC (Allocation Failure) [PSYoungGen: 447648K->138752K(520704K)] 1327010K->1123437K(1918976K), 0.0532206 secs] [Times: user=0.31 sys=0.01, real=0.05 secs] 
4392.551: [GC (Allocation Failure) [PSYoungGen: 483328K->110016K(520704K)] 1468013K->1224749K(1918976K), 0.0696317 secs] [Times: user=0.42 sys=0.00, real=0.07 secs] 
4394.018: [GC (Allocation Failure) [PSYoungGen: 454592K->149824K(515584K)] 1569325K->1372194K(1913856K), 0.0541438 secs] [Times: user=0.32 sys=0.00, real=0.06 secs] 
4395.361: [GC (GCLocker Initiated GC) [PSYoungGen: 491328K->108352K(520192K)] 1713699K->1462971K(1918464K), 0.0786332 secs] [Times: user=0.46 sys=0.00, real=0.08 secs] 
4395.439: [Full GC (Ergonomics) [PSYoungGen: 108352K->0K(520192K)] [ParOldGen: 1354619K->29554K(1398272K)] 1462971K->29554K(1918464K), [Metaspace: 60405K->60405K(1105920K)], 0.0498054 secs] [Times: user=0.17 sys=0.00, real=0.05 secs] 
4396.036: [GC (GCLocker Initiated GC) [PSYoungGen: 341504K->139552K(518144K)] 371064K->169112K(1916416K), 0.0277246 secs] [Times: user=0.16 sys=0.00, real=0.03 secs] 
4397.732: [GC (Allocation Failure) [PSYoungGen: 483104K->110624K(520192K)] 512668K->270416K(1918464K), 0.1211450 secs] [Times: user=0.72 sys=0.00, real=0.12 secs] 
4399.236: [GC (Allocation Failure) [PSYoungGen: 454176K->139264K(522240K)] 613968K->407601K(1920512K), 0.0527747 secs] [Times: user=0.31 sys=0.00, real=0.05 secs] 
4400.713: [GC (GCLocker Initiated GC) [PSYoungGen: 486912K->112064K(522240K)] 755249K->510265K(1920512K), 0.0864690 secs] [Times: user=0.51 sys=0.00, real=0.08 secs] 
4402.308: [GC (Allocation Failure) [PSYoungGen: 459712K->150304K(517120K)] 857951K->658012K(1915392K), 0.0542603 secs] [Times: user=0.32 sys=0.00, real=0.06 secs] 
4403.676: [GC (Allocation Failure) [PSYoungGen: 494880K->111040K(521728K)] 1002588K->751588K(1920000K), 0.0864853 secs] [Times: user=0.52 sys=0.00, real=0.09 secs] 
4404.305: [GC (Allocation Failure) [PSYoungGen: 455616K->143744K(520704K)] 1096164K->892569K(1918976K), 0.0534704 secs] [Times: user=0.32 sys=0.00, real=0.05 secs] 
4405.931: [GC (Allocation Failure) [PSYoungGen: 489344K->108448K(522240K)] 1238169K->991773K(1920512K), 0.1270169 secs] [Times: user=0.75 sys=0.00, real=0.13 secs] 
4406.917: [GC (Allocation Failure) [PSYoungGen: 454048K->144128K(519680K)] 1337373K->1133098K(1917952K), 0.0536081 secs] [Times: user=0.32 sys=0.00, real=0.05 secs] 
4408.700: [GC (Allocation Failure) [PSYoungGen: 488704K->109056K(521728K)] 1477674K->1232774K(1920000K), 0.1406318 secs] [Times: user=0.82 sys=0.01, real=0.14 secs] 
4409.741: [GC (Allocation Failure) [PSYoungGen: 453632K->143872K(519680K)] 1577350K->1373275K(1917952K), 0.0541185 secs] [Times: user=0.32 sys=0.00, real=0.06 secs] 
4411.040: [GC (Allocation Failure) [PSYoungGen: 488448K->109440K(521728K)] 1717851K->1473555K(1920000K), 0.0657714 secs] [Times: user=0.39 sys=0.00, real=0.07 secs] 
4411.106: [Full GC (Ergonomics) [PSYoungGen: 109440K->0K(521728K)] [ParOldGen: 1364115K->40814K(1398272K)] 1473555K->40814K(1920000K), [Metaspace: 60406K->60406K(1105920K)], 0.0808745 secs] [Times: user=0.32 sys=0.00, real=0.08 secs] 
4411.657: [GC (Allocation Failure) [PSYoungGen: 344576K->144992K(519680K)] 385390K->185806K(1917952K), 0.0286186 secs] [Times: user=0.16 sys=0.00, real=0.03 secs] 
4413.221: [GC (Allocation Failure) [PSYoungGen: 489568K->108800K(521728K)] 530382K->285895K(1920000K), 0.0908435 secs] [Times: user=0.54 sys=0.01, real=0.10 secs] 
4414.150: [GC (Allocation Failure) [PSYoungGen: 453376K->143456K(520192K)] 630471K->422679K(1918464K), 0.0512136 secs] [Times: user=0.30 sys=0.00, real=0.05 secs] 
4416.172: [GC (Allocation Failure) [PSYoungGen: 488032K->110272K(455168K)] 767255K->523539K(1853440K), 0.1186945 secs] [Times: user=0.70 sys=0.00, real=0.11 secs] 
4417.055: [GC (Allocation Failure) [PSYoungGen: 454848K->145344K(518656K)] 868115K->663124K(1916928K), 0.0529092 secs] [Times: user=0.30 sys=0.00, real=0.05 secs] 
4418.359: [GC (Allocation Failure) [PSYoungGen: 488896K->109056K(521216K)] 1006676K->763180K(1919488K), 0.0649184 secs] [Times: user=0.39 sys=0.00, real=0.07 secs] 
4418.928: [GC (Allocation Failure) [PSYoungGen: 452608K->146496K(518144K)] 1106732K->906565K(1916416K), 0.0533814 secs] [Times: user=0.31 sys=0.00, real=0.05 secs] 
4420.586: [GC (Allocation Failure) [PSYoungGen: 489024K->104832K(520704K)] 1249093K->1002741K(1918976K), 0.0842381 secs] [Times: user=0.50 sys=0.00, real=0.08 secs] 
4421.372: [GC (Allocation Failure) [PSYoungGen: 447360K->146080K(516608K)] 1345269K->1144442K(1914880K), 0.0511913 secs] [Times: user=0.31 sys=0.00, real=0.05 secs] 
4423.339: [GC (Allocation Failure) [PSYoungGen: 485536K->106112K(519168K)] 1483898K->1241754K(1917440K), 0.1338390 secs] [Times: user=0.79 sys=0.00, real=0.14 secs] 
4424.634: [GC (Allocation Failure) [PSYoungGen: 445568K->150720K(512512K)] 1581210K->1388015K(1910784K), 0.0526408 secs] [Times: user=0.31 sys=0.00, real=0.05 secs] 
4424.686: [Full GC (Ergonomics) [PSYoungGen: 150720K->0K(512512K)] [ParOldGen: 1237295K->183975K(1398272K)] 1388015K->183975K(1910784K), [Metaspace: 60406K->60406K(1105920K)], 0.4331646 secs] [Times: user=2.01 sys=0.00, real=0.43 secs] 
4426.356: [GC (GCLocker Initiated GC) [PSYoungGen: 334336K->106080K(516608K)] 518311K->290055K(1914880K), 0.0359240 secs] [Times: user=0.21 sys=0.00, real=0.04 secs] 
4426.894: [GC (Allocation Failure) [PSYoungGen: 440416K->139424K(514048K)] 624394K->425495K(1912320K), 0.0513488 secs] [Times: user=0.31 sys=0.00, real=0.05 secs] 
4428.333: [GC (GCLocker Initiated GC) [PSYoungGen: 475296K->105216K(516096K)] 761368K->521264K(1914368K), 0.0922790 secs] [Times: user=0.55 sys=0.00, real=0.09 secs] 
4429.222: [GC (Allocation Failure) [PSYoungGen: 441088K->139776K(518144K)] 857207K->658252K(1916416K), 0.0521155 secs] [Times: user=0.30 sys=0.00, real=0.06 secs] 
4430.996: [GC (Allocation Failure) [PSYoungGen: 479744K->106688K(518656K)] 998220K->755884K(1916928K), 0.0866477 secs] [Times: user=0.52 sys=0.01, real=0.09 secs] 
4432.329: [GC (Allocation Failure) [PSYoungGen: 446656K->141568K(518144K)] 1095852K->894656K(1916416K), 0.0525312 secs] [Times: user=0.31 sys=0.01, real=0.05 secs] 
4433.754: [GC (Allocation Failure) [PSYoungGen: 482560K->106304K(519168K)] 1235648K->991760K(1917440K), 0.0886625 secs] [Times: user=0.52 sys=0.00, real=0.09 secs] 
4434.575: [GC (Allocation Failure) [PSYoungGen: 447296K->140160K(518656K)] 1332752K->1129853K(1916928K), 0.0533022 secs] [Times: user=0.31 sys=0.01, real=0.05 secs] 
4436.078: [GC (Allocation Failure) [PSYoungGen: 482688K->109696K(519680K)] 1472381K->1230341K(1917952K), 0.0972852 secs] [Times: user=0.57 sys=0.01, real=0.10 secs] 
4437.282: [GC (Allocation Failure) [PSYoungGen: 452224K->140736K(519168K)] 1572869K->1368962K(1917440K), 0.0541343 secs] [Times: user=0.32 sys=0.00, real=0.05 secs] 
4439.250: [GC (Allocation Failure) [PSYoungGen: 485312K->109696K(520192K)] 1713538K->1469566K(1918464K), 0.0663970 secs] [Times: user=0.40 sys=0.00, real=0.07 secs] 
4439.317: [Full GC (Ergonomics) [PSYoungGen: 109696K->0K(520192K)] [ParOldGen: 1359870K->30321K(1398272K)] 1469566K->30321K(1918464K), [Metaspace: 60406K->60406K(1105920K)], 0.0535153 secs] [Times: user=0.17 sys=0.00, real=0.05 secs] 
4440.715: [GC (Allocation Failure) [PSYoungGen: 344576K->140608K(521216K)] 374897K->170930K(1919488K), 0.0275616 secs] [Times: user=0.16 sys=0.00, real=0.03 secs] 
4442.000: [GC (GCLocker Initiated GC) [PSYoungGen: 488256K->113152K(522240K)] 518579K->274287K(1920512K), 0.0634518 secs] [Times: user=0.38 sys=0.00, real=0.07 secs] 
4442.626: [GC (Allocation Failure) [PSYoungGen: 460800K->145088K(519680K)] 621936K->416605K(1917952K), 0.0542290 secs] [Times: user=0.32 sys=0.00, real=0.05 secs] 
4444.191: [GC (Allocation Failure) [PSYoungGen: 492736K->110432K(522752K)] 764253K->517453K(1921024K), 0.0959727 secs] [Times: user=0.54 sys=0.01, real=0.10 secs] 
4445.106: [GC (GCLocker Initiated GC) [PSYoungGen: 458080K->144864K(520704K)] 865101K->659289K(1918976K), 0.0539272 secs] [Times: user=0.32 sys=0.00, real=0.05 secs] 
4447.132: [GC (Allocation Failure) [PSYoungGen: 492512K->107392K(523264K)] 1006940K->757328K(1921536K), 0.1173455 secs] [Times: user=0.69 sys=0.01, real=0.11 secs] 
4448.237: [GC (Allocation Failure) [PSYoungGen: 455040K->145248K(519680K)] 1104976K->899129K(1917952K), 0.0534754 secs] [Times: user=0.31 sys=0.00, real=0.05 secs] 
4449.532: [GC (Allocation Failure) [PSYoungGen: 490848K->110368K(522240K)] 1244729K->1000537K(1920512K), 0.0650521 secs] [Times: user=0.39 sys=0.00, real=0.06 secs] 
4450.139: [GC (Allocation Failure) [PSYoungGen: 455968K->145696K(519168K)] 1346137K->1142493K(1917440K), 0.0543846 secs] [Times: user=0.31 sys=0.00, real=0.06 secs] 
4451.648: [GC (Allocation Failure) [PSYoungGen: 490272K->107680K(521728K)] 1487069K->1240981K(1920000K), 0.0773314 secs] [Times: user=0.46 sys=0.00, real=0.08 secs] 
4452.256: [GC (Allocation Failure) [PSYoungGen: 452256K->147264K(517120K)] 1585557K->1384346K(1915392K), 0.0534771 secs] [Times: user=0.32 sys=0.00, real=0.05 secs] 
4452.310: [Full GC (Ergonomics) [PSYoungGen: 147264K->0K(517120K)] [ParOldGen: 1237082K->188229K(1398272K)] 1384346K->188229K(1915392K), [Metaspace: 60406K->60406K(1105920K)], 0.4590143 secs] [Times: user=2.16 sys=0.00, real=0.46 secs] 
4455.169: [GC (GCLocker Initiated GC) [PSYoungGen: 341504K->103488K(520192K)] 529733K->291717K(1918464K), 0.0836629 secs] [Times: user=0.50 sys=0.00, real=0.09 secs] 
4456.267: [GC (Allocation Failure) [PSYoungGen: 444992K->158752K(506880K)] 633226K->445994K(1905152K), 0.0513080 secs] [Times: user=0.30 sys=0.00, real=0.05 secs] 
4457.620: [GC (GCLocker Initiated GC) [PSYoungGen: 487968K->102016K(514048K)] 775210K->530934K(1912320K), 0.0969300 secs] [Times: user=0.58 sys=0.01, real=0.10 secs] 
4458.227: [GC (Allocation Failure) [PSYoungGen: 431232K->138880K(510976K)] 860222K->666914K(1909248K), 0.0512598 secs] [Times: user=0.30 sys=0.00, real=0.05 secs] 
4459.863: [GC (Allocation Failure) [PSYoungGen: 469120K->102240K(513024K)] 997154K->760138K(1911296K), 0.1136621 secs] [Times: user=0.67 sys=0.00, real=0.11 secs] 
4461.237: [GC (Allocation Failure) [PSYoungGen: 432480K->135680K(512512K)] 1090378K->893383K(1910784K), 0.0512504 secs] [Times: user=0.30 sys=0.01, real=0.05 secs] 
4462.597: [GC (Allocation Failure) [PSYoungGen: 470528K->107808K(514560K)] 1228231K->991859K(1912832K), 0.0667626 secs] [Times: user=0.40 sys=0.00, real=0.07 secs] 
4463.997: [GC (Allocation Failure) [PSYoungGen: 442656K->135008K(516096K)] 1326707K->1125564K(1914368K), 0.0536967 secs] [Times: user=0.32 sys=0.00, real=0.05 secs] 
4465.593: [GC (Allocation Failure) [PSYoungGen: 476512K->111392K(517632K)] 1467068K->1228244K(1915904K), 0.0651808 secs] [Times: user=0.38 sys=0.00, real=0.06 secs] 
4466.594: [GC (Allocation Failure) [PSYoungGen: 452896K->135936K(522240K)] 1569748K->1362329K(1920512K), 0.0541429 secs] [Times: user=0.32 sys=0.00, real=0.05 secs] 
4467.969: [GC (Allocation Failure) [PSYoungGen: 484608K->116352K(521728K)] 1711001K->1469025K(1920000K), 0.0653561 secs] [Times: user=0.39 sys=0.01, real=0.07 secs] 
4468.034: [Full GC (Ergonomics) [PSYoungGen: 116352K->0K(521728K)] [ParOldGen: 1352673K->21220K(1398272K)] 1469025K->21220K(1920000K), [Metaspace: 60406K->60406K(1105920K)], 0.0292822 secs] [Times: user=0.08 sys=0.00, real=0.03 secs] 
4470.168: [GC (Allocation Failure) [PSYoungGen: 348672K->138752K(521728K)] 369892K->159972K(1920000K), 0.0273500 secs] [Times: user=0.16 sys=0.00, real=0.03 secs] 
4471.462: [GC (GCLocker Initiated GC) [PSYoungGen: 490496K->113120K(522240K)] 511716K->263777K(1920512K), 0.0638604 secs] [Times: user=0.37 sys=0.00, real=0.06 secs] 
4472.639: [GC (Allocation Failure) [PSYoungGen: 464864K->150816K(520192K)] 615559K->413216K(1918464K), 0.0541856 secs] [Times: user=0.32 sys=0.00, real=0.06 secs] 
4474.396: [GC (Allocation Failure) [PSYoungGen: 502560K->113376K(525312K)] 764960K->509960K(1923584K), 0.0672104 secs] [Times: user=0.40 sys=0.00, real=0.07 secs] 
4475.603: [GC (Allocation Failure) [PSYoungGen: 465120K->144160K(523264K)] 861704K->651261K(1921536K), 0.0541722 secs] [Times: user=0.32 sys=0.00, real=0.05 secs] 
4477.261: [GC (Allocation Failure) [PSYoungGen: 495904K->113280K(525312K)] 1003005K->755201K(1923584K), 0.0730316 secs] [Times: user=0.43 sys=0.00, real=0.08 secs] 
4478.307: [GC (Allocation Failure) [PSYoungGen: 465024K->147104K(521216K)] 1106945K->899226K(1919488K), 0.0546298 secs] [Times: user=0.32 sys=0.00, real=0.05 secs] 
4479.818: [GC (Allocation Failure) [PSYoungGen: 496800K->110528K(524288K)] 1248922K->1000442K(1922560K), 0.0874200 secs] [Times: user=0.52 sys=0.01, real=0.09 secs] 
4480.632: [GC (Allocation Failure) [PSYoungGen: 460224K->149312K(517632K)] 1350138K->1145391K(1915904K), 0.0540344 secs] [Times: user=0.32 sys=0.00, real=0.06 secs] 
4482.117: [GC (GCLocker Initiated GC) [PSYoungGen: 493888K->106944K(521728K)] 1489968K->1243368K(1920000K), 0.0655486 secs] [Times: user=0.39 sys=0.01, real=0.07 secs] 
4482.751: [GC (Allocation Failure) [PSYoungGen: 451520K->147776K(517120K)] 1587982K->1387271K(1915392K), 0.0526829 secs] [Times: user=0.31 sys=0.00, real=0.06 secs] 
4482.803: [Full GC (Ergonomics) [PSYoungGen: 147776K->0K(517120K)] [ParOldGen: 1239495K->191185K(1398272K)] 1387271K->191185K(1915392K), [Metaspace: 60406K->60406K(1105920K)], 0.4650905 secs] [Times: user=2.17 sys=0.00, real=0.46 secs] 
4485.559: [GC (Allocation Failure) [PSYoungGen: 341504K->103488K(520192K)] 532689K->294673K(1918464K), 0.0698127 secs] [Times: user=0.41 sys=0.00, real=0.07 secs] 
4486.583: [GC (Allocation Failure) [PSYoungGen: 444992K->143296K(518656K)] 636177K->434418K(1916928K), 0.0501061 secs] [Times: user=0.29 sys=0.00, real=0.05 secs] 
4488.000: [GC (GCLocker Initiated GC) [PSYoungGen: 483776K->107008K(448000K)] 774898K->532434K(1846272K), 0.0642947 secs] [Times: user=0.38 sys=0.00, real=0.07 secs] 
4488.560: [GC (Allocation Failure) [PSYoungGen: 447488K->154240K(509952K)] 872953K->682950K(1908224K), 0.0529211 secs] [Times: user=0.31 sys=0.00, real=0.06 secs] 
4489.990: [GC (GCLocker Initiated GC) [PSYoungGen: 486528K->101184K(515584K)] 1015238K->767350K(1913856K), 0.0642210 secs] [Times: user=0.38 sys=0.00, real=0.07 secs] 
4490.724: [GC (Allocation Failure) [PSYoungGen: 433472K->140448K(514560K)] 1099645K->903866K(1912832K), 0.0502820 secs] [Times: user=0.30 sys=0.00, real=0.05 secs] 
4492.501: [GC (Allocation Failure) [PSYoungGen: 473760K->103328K(515584K)] 1237178K->997870K(1913856K), 0.1588346 secs] [Times: user=0.94 sys=0.01, real=0.16 secs] 
4493.932: [GC (Allocation Failure) [PSYoungGen: 436640K->137952K(516096K)] 1331182K->1132443K(1914368K), 0.0516618 secs] [Times: user=0.31 sys=0.00, real=0.05 secs] 
4495.334: [GC (Allocation Failure) [PSYoungGen: 473824K->107456K(516096K)] 1468315K->1230395K(1914368K), 0.0684446 secs] [Times: user=0.40 sys=0.00, real=0.07 secs] 
4496.360: [GC (Allocation Failure) [PSYoungGen: 443328K->137248K(516608K)] 1566267K->1365432K(1914880K), 0.0527466 secs] [Times: user=0.31 sys=0.01, real=0.06 secs] 
4497.694: [GC (Allocation Failure) [PSYoungGen: 476192K->109344K(516096K)] 1704376K->1465720K(1914368K), 0.0641683 secs] [Times: user=0.38 sys=0.01, real=0.06 secs] 
4497.758: [Full GC (Ergonomics) [PSYoungGen: 109344K->0K(516096K)] [ParOldGen: 1356375K->26590K(1398272K)] 1465720K->26590K(1914368K), [Metaspace: 60416K->60416K(1105920K)], 0.0433305 secs] [Times: user=0.14 sys=0.00, real=0.04 secs] 
4498.481: [GC (Allocation Failure) [PSYoungGen: 338944K->141152K(518144K)] 365534K->167742K(1916416K), 0.0281005 secs] [Times: user=0.17 sys=0.00, real=0.03 secs] 
4500.041: [GC (Allocation Failure) [PSYoungGen: 484192K->108064K(519168K)] 510782K->266830K(1917440K), 0.0952760 secs] [Times: user=0.56 sys=0.00, real=0.10 secs] 
4501.691: [GC (Allocation Failure) [PSYoungGen: 451104K->140896K(520192K)] 609870K->405426K(1918464K), 0.0524111 secs] [Times: user=0.31 sys=0.00, real=0.06 secs] 
4503.322: [GC (Allocation Failure) [PSYoungGen: 487008K->111008K(521728K)] 751538K->507058K(1920000K), 0.1311142 secs] [Times: user=0.78 sys=0.00, real=0.14 secs] 
4504.034: [GC (Allocation Failure) [PSYoungGen: 457120K->141728K(520704K)] 853170K->647007K(1918976K), 0.0533538 secs] [Times: user=0.31 sys=0.00, real=0.05 secs] 
4505.567: [GC (Allocation Failure) [PSYoungGen: 489376K->111936K(522240K)] 994655K->750287K(1920512K), 0.0643092 secs] [Times: user=0.38 sys=0.00, real=0.06 secs] 
4506.831: [GC (Allocation Failure) [PSYoungGen: 459584K->142944K(521216K)] 1097935K->890228K(1919488K), 0.0543314 secs] [Times: user=0.32 sys=0.00, real=0.06 secs] 
4508.609: [GC (Allocation Failure) [PSYoungGen: 492128K->109632K(523264K)] 1239412K->990468K(1921536K), 0.1131279 secs] [Times: user=0.67 sys=0.00, real=0.12 secs] 
4510.232: [GC (Allocation Failure) [PSYoungGen: 458816K->144672K(521216K)] 1339652K->1132021K(1919488K), 0.0539295 secs] [Times: user=0.32 sys=0.00, real=0.05 secs] 
4511.744: [GC (Allocation Failure) [PSYoungGen: 493344K->112352K(523776K)] 1480693K->1234989K(1922048K), 0.0913076 secs] [Times: user=0.54 sys=0.00, real=0.09 secs] 
4512.475: [GC (GCLocker Initiated GC) [PSYoungGen: 461024K->142208K(522240K)] 1583661K->1375218K(1920512K), 0.0588736 secs] [Times: user=0.35 sys=0.00, real=0.06 secs] 
4512.534: [Full GC (Ergonomics) [PSYoungGen: 142208K->0K(522240K)] [ParOldGen: 1233010K->180326K(1398272K)] 1375218K->180326K(1920512K), [Metaspace: 60430K->60430K(1105920K)], 0.4319546 secs] [Times: user=1.99 sys=0.01, real=0.43 secs] 
4515.588: [GC (Allocation Failure) [PSYoungGen: 349696K->105408K(523776K)] 530026K->285738K(1922048K), 0.0930029 secs] [Times: user=0.55 sys=0.01, real=0.09 secs] 
4517.341: [GC (Allocation Failure) [PSYoungGen: 455104K->144224K(520704K)] 635434K->427015K(1918976K), 0.0521327 secs] [Times: user=0.31 sys=0.00, real=0.06 secs] 
4518.710: [GC (Allocation Failure) [PSYoungGen: 491872K->109792K(523264K)] 774663K->527495K(1921536K), 0.0639616 secs] [Times: user=0.38 sys=0.00, real=0.07 secs] 
4519.651: [GC (Allocation Failure) [PSYoungGen: 457440K->143264K(521216K)] 875143K->667068K(1919488K), 0.0534449 secs] [Times: user=0.32 sys=0.00, real=0.06 secs] 
4521.054: [GC (GCLocker Initiated GC) [PSYoungGen: 490912K->110976K(523264K)] 1014717K->769197K(1921536K), 0.0653349 secs] [Times: user=0.39 sys=0.00, real=0.06 secs] 
4521.826: [GC (Allocation Failure) [PSYoungGen: 458624K->148768K(518144K)] 1116848K->914177K(1916416K), 0.0540080 secs] [Times: user=0.32 sys=0.00, real=0.05 secs] 
4524.182: [GC (Allocation Failure) [PSYoungGen: 493344K->105632K(521728K)] 1258753K->1011105K(1920000K), 0.1410655 secs] [Times: user=0.84 sys=0.00, real=0.14 secs] 
4525.182: [GC (Allocation Failure) [PSYoungGen: 450208K->146080K(517632K)] 1355681K->1152878K(1915904K), 0.0523342 secs] [Times: user=0.31 sys=0.00, real=0.05 secs] 
4527.344: [GC (Allocation Failure) [PSYoungGen: 487584K->106816K(520192K)] 1494382K->1250606K(1918464K), 0.1628129 secs] [Times: user=0.97 sys=0.01, real=0.16 secs] 
4528.223: [GC (Allocation Failure) [PSYoungGen: 448320K->142880K(519680K)] 1592110K->1390139K(1917952K), 0.0529540 secs] [Times: user=0.31 sys=0.00, real=0.05 secs] 
4528.276: [Full GC (Ergonomics) [PSYoungGen: 142880K->0K(519680K)] [ParOldGen: 1247259K->189388K(1398272K)] 1390139K->189388K(1917952K), [Metaspace: 60430K->60430K(1105920K)], 0.4563414 secs] [Times: user=2.11 sys=0.00, real=0.46 secs] 
4530.036: [GC (Allocation Failure) [PSYoungGen: 342528K->108640K(451584K)] 531916K->298028K(1849856K), 0.0328809 secs] [Times: user=0.19 sys=0.00, real=0.03 secs] 
4530.714: [GC (Allocation Failure) [PSYoungGen: 451168K->145312K(518144K)] 640556K->438921K(1916416K), 0.0515476 secs] [Times: user=0.30 sys=0.00, real=0.05 secs] 
4532.595: [GC (Allocation Failure) [PSYoungGen: 486816K->106208K(520192K)] 780425K->536061K(1918464K), 0.1113124 secs] [Times: user=0.67 sys=0.00, real=0.11 secs] 
4533.486: [GC (Allocation Failure) [PSYoungGen: 447712K->144800K(517632K)] 877565K->677032K(1915904K), 0.0511513 secs] [Times: user=0.30 sys=0.00, real=0.05 secs] 
4534.923: [GC (Allocation Failure) [PSYoungGen: 485280K->106912K(519680K)] 1017512K->774900K(1917952K), 0.0779219 secs] [Times: user=0.46 sys=0.00, real=0.07 secs] 
4535.616: [GC (Allocation Failure) [PSYoungGen: 447392K->143136K(518144K)] 1115380K->914629K(1916416K), 0.0526050 secs] [Times: user=0.31 sys=0.00, real=0.05 secs] 
4536.963: [GC (Allocation Failure) [PSYoungGen: 483616K->108064K(449024K)] 1255109K->1013829K(1847296K), 0.0653519 secs] [Times: user=0.38 sys=0.00, real=0.06 secs] 
4537.501: [GC (Allocation Failure) [PSYoungGen: 448544K->144032K(517632K)] 1354309K->1154066K(1915904K), 0.0529988 secs] [Times: user=0.31 sys=0.01, real=0.06 secs] 
4540.458: [GC (Allocation Failure) [PSYoungGen: 484512K->102240K(519168K)] 1494546K->1247290K(1917440K), 0.1635188 secs] [Times: user=0.97 sys=0.00, real=0.16 secs] 
4541.515: [GC (Allocation Failure) [PSYoungGen: 442720K->144352K(517120K)] 1587770K->1387423K(1915392K), 0.0508924 secs] [Times: user=0.30 sys=0.00, real=0.05 secs] 
4541.566: [Full GC (Ergonomics) [PSYoungGen: 144352K->0K(517120K)] [ParOldGen: 1243071K->185349K(1398272K)] 1387423K->185349K(1915392K), [Metaspace: 60430K->60430K(1105920K)], 0.4456502 secs] [Times: user=2.08 sys=0.00, real=0.45 secs] 
4543.360: [GC (Allocation Failure) [PSYoungGen: 339456K->106272K(519168K)] 524805K->291621K(1917440K), 0.0450641 secs] [Times: user=0.27 sys=0.00, real=0.05 secs] 
4544.206: [GC (Allocation Failure) [PSYoungGen: 445728K->141984K(518656K)] 631077K->429933K(1916928K), 0.0519226 secs] [Times: user=0.31 sys=0.00, real=0.05 secs] 
4545.532: [GC (Allocation Failure) [PSYoungGen: 482464K->107488K(448000K)] 770413K->528702K(1846272K), 0.0638588 secs] [Times: user=0.37 sys=0.01, real=0.06 secs] 
4546.345: [GC (Allocation Failure) [PSYoungGen: 447968K->142784K(517120K)] 869182K->667218K(1915392K), 0.0519206 secs] [Times: user=0.30 sys=0.00, real=0.05 secs] 
4548.209: [GC (Allocation Failure) [PSYoungGen: 482752K->108160K(518656K)] 1007186K->765722K(1916928K), 0.0895603 secs] [Times: user=0.53 sys=0.01, real=0.09 secs] 
4549.488: [GC (Allocation Failure) [PSYoungGen: 448128K->141472K(518656K)] 1105690K->903471K(1916928K), 0.0531926 secs] [Times: user=0.32 sys=0.00, real=0.05 secs] 
4551.099: [GC (Allocation Failure) [PSYoungGen: 483488K->109120K(519680K)] 1245487K->1003491K(1917952K), 0.0730101 secs] [Times: user=0.44 sys=0.00, real=0.07 secs] 
4551.689: [GC (Allocation Failure) [PSYoungGen: 451136K->144160K(518144K)] 1345507K->1145144K(1916416K), 0.0538834 secs] [Times: user=0.32 sys=0.00, real=0.06 secs] 
4553.312: [GC (Allocation Failure) [PSYoungGen: 486688K->105504K(520192K)] 1487672K->1242104K(1918464K), 0.0742007 secs] [Times: user=0.44 sys=0.00, real=0.08 secs] 
4554.168: [GC (Allocation Failure) [PSYoungGen: 448032K->142720K(519680K)] 1584632K->1382021K(1917952K), 0.0534275 secs] [Times: user=0.31 sys=0.00, real=0.06 secs] 
4554.222: [Full GC (Ergonomics) [PSYoungGen: 142720K->0K(519680K)] [ParOldGen: 1239301K->180187K(1398272K)] 1382021K->180187K(1917952K), [Metaspace: 60430K->60430K(1105920K)], 0.4371741 secs] [Times: user=2.04 sys=0.01, real=0.43 secs] 
4556.554: [GC (Allocation Failure) [PSYoungGen: 343552K->108224K(452096K)] 523739K->288412K(1850368K), 0.0589873 secs] [Times: user=0.34 sys=0.01, real=0.06 secs] 
4557.812: [GC (Allocation Failure) [PSYoungGen: 451776K->141632K(519168K)] 631964K->426620K(1917440K), 0.0529078 secs] [Times: user=0.31 sys=0.00, real=0.05 secs] 
4559.170: [GC (GCLocker Initiated GC) [PSYoungGen: 485184K->108704K(520704K)] 770173K->526009K(1918976K), 0.0643542 secs] [Times: user=0.38 sys=0.00, real=0.07 secs] 
4559.860: [GC (Allocation Failure) [PSYoungGen: 452256K->153184K(512000K)] 869600K->677084K(1910272K), 0.0538403 secs] [Times: user=0.32 sys=0.00, real=0.06 secs] 
4561.815: [GC (GCLocker Initiated GC) [PSYoungGen: 490592K->101312K(518144K)] 1014493K->761733K(1916416K), 0.1043830 secs] [Times: user=0.61 sys=0.00, real=0.10 secs] 
4562.712: [GC (Allocation Failure) [PSYoungGen: 438720K->149152K(512000K)] 1099180K->907384K(1910272K), 0.0506858 secs] [Times: user=0.29 sys=0.00, real=0.05 secs] 
4564.246: [GC (Allocation Failure) [PSYoungGen: 481440K->107456K(515584K)] 1239672K->997584K(1913856K), 0.1173869 secs] [Times: user=0.69 sys=0.01, real=0.12 secs] 
4566.244: [GC (Allocation Failure) [PSYoungGen: 439744K->135232K(511488K)] 1329872K->1130000K(1909760K), 0.0523522 secs] [Times: user=0.31 sys=0.00, real=0.05 secs] 
4567.599: [GC (Allocation Failure) [PSYoungGen: 470080K->107616K(514048K)] 1464848K->1227632K(1912320K), 0.0659622 secs] [Times: user=0.39 sys=0.01, real=0.07 secs] 
4568.333: [GC (GCLocker Initiated GC) [PSYoungGen: 442464K->136288K(517120K)] 1562481K->1361878K(1915392K), 0.0529398 secs] [Times: user=0.31 sys=0.00, real=0.05 secs] 
4569.729: [GC (Allocation Failure) [PSYoungGen: 478816K->110240K(518656K)] 1704409K->1462721K(1916928K), 0.0645160 secs] [Times: user=0.39 sys=0.00, real=0.07 secs] 
4569.793: [Full GC (Ergonomics) [PSYoungGen: 110240K->0K(518656K)] [ParOldGen: 1352481K->21448K(1398272K)] 1462721K->21448K(1916928K), [Metaspace: 60432K->60432K(1105920K)], 0.0420361 secs] [Times: user=0.14 sys=0.00, real=0.04 secs] 
4570.611: [GC (Allocation Failure) [PSYoungGen: 342528K->139808K(520704K)] 363976K->161256K(1918976K), 0.0276258 secs] [Times: user=0.16 sys=0.01, real=0.03 secs] 
4571.983: [GC (GCLocker Initiated GC) [PSYoungGen: 486944K->112832K(521728K)] 508392K->264536K(1920000K), 0.0653557 secs] [Times: user=0.39 sys=0.01, real=0.06 secs] 
4573.726: [GC (Allocation Failure) [PSYoungGen: 459968K->149248K(517632K)] 611711K->411760K(1915904K), 0.0537592 secs] [Times: user=0.32 sys=0.00, real=0.05 secs] 
4575.085: [GC (Allocation Failure) [PSYoungGen: 494848K->110496K(522240K)] 757360K->504664K(1920512K), 0.0639570 secs] [Times: user=0.37 sys=0.01, real=0.06 secs] 
4576.050: [GC (GCLocker Initiated GC) [PSYoungGen: 456096K->142752K(520704K)] 850264K->645509K(1918976K), 0.0537934 secs] [Times: user=0.31 sys=0.00, real=0.06 secs] 
4577.724: [GC (Allocation Failure) [PSYoungGen: 489376K->110080K(522752K)] 992135K->746903K(1921024K), 0.0945360 secs] [Times: user=0.56 sys=0.00, real=0.09 secs] 
4578.602: [GC (Allocation Failure) [PSYoungGen: 456704K->143712K(520704K)] 1093527K->888560K(1918976K), 0.0524703 secs] [Times: user=0.31 sys=0.00, real=0.05 secs] 
4580.558: [GC (GCLocker Initiated GC) [PSYoungGen: 490336K->109056K(522752K)] 1235186K->988698K(1921024K), 0.1639986 secs] [Times: user=0.98 sys=0.00, real=0.17 secs] 
4582.193: [GC (Allocation Failure) [PSYoungGen: 455680K->143456K(520704K)] 1335325K->1129345K(1918976K), 0.0538303 secs] [Times: user=0.31 sys=0.00, real=0.05 secs] 
4583.586: [GC (GCLocker Initiated GC) [PSYoungGen: 490080K->106720K(522752K)] 1475970K->1227162K(1921024K), 0.0958857 secs] [Times: user=0.57 sys=0.00, real=0.10 secs] 
4584.460: [GC (Allocation Failure) [PSYoungGen: 453344K->145888K(519168K)] 1573789K->1370217K(1917440K), 0.0534989 secs] [Times: user=0.32 sys=0.01, real=0.06 secs] 
4585.889: [GC (Allocation Failure) [PSYoungGen: 490464K->107584K(521728K)] 1714793K->1469085K(1920000K), 0.0956869 secs] [Times: user=0.56 sys=0.00, real=0.10 secs] 
4585.985: [Full GC (Ergonomics) [PSYoungGen: 107584K->0K(521728K)] [ParOldGen: 1361501K->35442K(1398272K)] 1469085K->35442K(1920000K), [Metaspace: 60432K->60432K(1105920K)], 0.0724407 secs] [Times: user=0.28 sys=0.00, real=0.07 secs] 
4586.757: [GC (Allocation Failure) [PSYoungGen: 344576K->143840K(519168K)] 380018K->179282K(1917440K), 0.0285577 secs] [Times: user=0.17 sys=0.00, real=0.03 secs] 
4588.790: [GC (Allocation Failure) [PSYoungGen: 487392K->108160K(521216K)] 522834K->278134K(1919488K), 0.1452135 secs] [Times: user=0.87 sys=0.00, real=0.15 secs] 
4589.969: [GC (Allocation Failure) [PSYoungGen: 451712K->142976K(519680K)] 621686K->417987K(1917952K), 0.0522799 secs] [Times: user=0.31 sys=0.00, real=0.05 secs] 
4591.393: [GC (Allocation Failure) [PSYoungGen: 487040K->108256K(521216K)] 762051K->516787K(1919488K), 0.0871757 secs] [Times: user=0.52 sys=0.00, real=0.08 secs] 
4591.968: [GC (Allocation Failure) [PSYoungGen: 452320K->145376K(518144K)] 860851K->659704K(1916416K), 0.0521832 secs] [Times: user=0.31 sys=0.00, real=0.05 secs] 
4593.431: [GC (Allocation Failure) [PSYoungGen: 487904K->107200K(520704K)] 1002232K->758104K(1918976K), 0.0634510 secs] [Times: user=0.38 sys=0.00, real=0.07 secs] 
4594.263: [GC (Allocation Failure) [PSYoungGen: 449728K->142976K(519680K)] 1100632K->898856K(1917952K), 0.0523376 secs] [Times: user=0.31 sys=0.00, real=0.05 secs] 
4596.254: [GC (Allocation Failure) [PSYoungGen: 486528K->107712K(521216K)] 1242408K->997469K(1919488K), 0.1341682 secs] [Times: user=0.79 sys=0.01, real=0.13 secs] 
4597.332: [GC (Allocation Failure) [PSYoungGen: 451264K->143328K(519680K)] 1341021K->1137912K(1917952K), 0.0526290 secs] [Times: user=0.31 sys=0.00, real=0.06 secs] 
4599.213: [GC (Allocation Failure) [PSYoungGen: 486880K->106688K(521216K)] 1481464K->1235516K(1919488K), 0.0656438 secs] [Times: user=0.39 sys=0.00, real=0.06 secs] 
4599.717: [GC (Allocation Failure) [PSYoungGen: 450240K->144576K(518656K)] 1579068K->1378097K(1916928K), 0.0532121 secs] [Times: user=0.32 sys=0.00, real=0.05 secs] 
4599.770: [Full GC (Ergonomics) [PSYoungGen: 144576K->0K(518656K)] [ParOldGen: 1233521K->181812K(1398272K)] 1378097K->181812K(1916928K), [Metaspace: 60432K->60432K(1105920K)], 0.4351946 secs] [Times: user=2.02 sys=0.00, real=0.44 secs] 
4601.556: [GC (Allocation Failure) [PSYoungGen: 342528K->107232K(520704K)] 524340K->289044K(1918976K), 0.0356747 secs] [Times: user=0.21 sys=0.00, real=0.03 secs] 
4602.423: [GC (Allocation Failure) [PSYoungGen: 449760K->144704K(518144K)] 631572K->429773K(1916416K), 0.0525295 secs] [Times: user=0.31 sys=0.00, real=0.05 secs] 
4604.449: [GC (Allocation Failure) [PSYoungGen: 486208K->107072K(520192K)] 771277K->527469K(1918464K), 0.0893468 secs] [Times: user=0.53 sys=0.00, real=0.09 secs] 
4605.185: [GC (Allocation Failure) [PSYoungGen: 448576K->144160K(518144K)] 868973K->667685K(1916416K), 0.0524273 secs] [Times: user=0.30 sys=0.00, real=0.05 secs] 
4606.612: [GC (Allocation Failure) [PSYoungGen: 485664K->106848K(520192K)] 1009189K->765433K(1918464K), 0.0929974 secs] [Times: user=0.55 sys=0.00, real=0.09 secs] 
4607.243: [GC (Allocation Failure) [PSYoungGen: 448352K->145248K(517632K)] 1106937K->907385K(1915904K), 0.0529761 secs] [Times: user=0.31 sys=0.00, real=0.05 secs] 
4609.257: [GC (Allocation Failure) [PSYoungGen: 485728K->103744K(519680K)] 1247865K->1002622K(1917952K), 0.1179522 secs] [Times: user=0.70 sys=0.01, real=0.12 secs] 
4610.306: [GC (Allocation Failure) [PSYoungGen: 444224K->142464K(518656K)] 1343102K->1141610K(1916928K), 0.0516872 secs] [Times: user=0.30 sys=0.00, real=0.05 secs] 
4612.350: [GC (GCLocker Initiated GC) [PSYoungGen: 482944K->105248K(445952K)] 1482091K->1237607K(1844224K), 0.1345042 secs] [Times: user=0.79 sys=0.01, real=0.14 secs] 
4613.354: [GC (GCLocker Initiated GC) [PSYoungGen: 445728K->141376K(518144K)] 1578091K->1376411K(1916416K), 0.0537998 secs] [Times: user=0.32 sys=0.00, real=0.05 secs] 
4613.407: [Full GC (Ergonomics) [PSYoungGen: 141376K->0K(518144K)] [ParOldGen: 1235035K->174702K(1398272K)] 1376411K->174702K(1916416K), [Metaspace: 60432K->60432K(1105920K)], 0.4140479 secs] [Times: user=1.91 sys=0.01, real=0.41 secs] 
4615.532: [GC (Allocation Failure) [PSYoungGen: 340480K->105920K(519168K)] 515187K->280627K(1917440K), 0.0383783 secs] [Times: user=0.23 sys=0.00, real=0.03 secs] 
4616.247: [GC (Allocation Failure) [PSYoungGen: 446400K->141728K(517632K)] 621107K->419416K(1915904K), 0.0523038 secs] [Times: user=0.31 sys=0.00, real=0.05 secs] 
4617.644: [GC (Allocation Failure) [PSYoungGen: 482720K->107648K(519168K)] 760408K->517732K(1917440K), 0.0776846 secs] [Times: user=0.46 sys=0.01, real=0.07 secs] 
4619.433: [GC (Allocation Failure) [PSYoungGen: 448640K->140864K(519168K)] 858724K->655620K(1917440K), 0.0525498 secs] [Times: user=0.31 sys=0.00, real=0.05 secs] 
4620.859: [GC (Allocation Failure) [PSYoungGen: 483904K->110432K(520192K)] 998660K->756644K(1918464K), 0.0912758 secs] [Times: user=0.54 sys=0.01, real=0.09 secs] 
4621.951: [GC (Allocation Failure) [PSYoungGen: 453472K->140384K(519168K)] 1099684K->894752K(1917440K), 0.0531281 secs] [Times: user=0.31 sys=0.01, real=0.06 secs] 
4623.374: [GC (Allocation Failure) [PSYoungGen: 484960K->110624K(520192K)] 1239328K->996152K(1918464K), 0.0870979 secs] [Times: user=0.52 sys=0.00, real=0.08 secs] 
4624.117: [GC (Allocation Failure) [PSYoungGen: 455200K->145248K(518656K)] 1340728K->1138949K(1916928K), 0.0552116 secs] [Times: user=0.32 sys=0.00, real=0.06 secs] 
4626.256: [GC (Allocation Failure) [PSYoungGen: 490848K->106752K(521728K)] 1484549K->1237077K(1920000K), 0.1286851 secs] [Times: user=0.76 sys=0.00, real=0.13 secs] 
4627.816: [GC (Allocation Failure) [PSYoungGen: 452352K->143264K(520192K)] 1582677K->1377466K(1918464K), 0.0539892 secs] [Times: user=0.31 sys=0.00, real=0.05 secs] 
4627.870: [Full GC (Ergonomics) [PSYoungGen: 143264K->0K(520192K)] [ParOldGen: 1234202K->175961K(1398272K)] 1377466K->175961K(1918464K), [Metaspace: 60432K->60432K(1105920K)], 0.4254471 secs] [Times: user=1.99 sys=0.01, real=0.43 secs] 
4629.678: [GC (Allocation Failure) [PSYoungGen: 345600K->108672K(522240K)] 521561K->284633K(1920512K), 0.0379272 secs] [Times: user=0.23 sys=0.00, real=0.04 secs] 
4630.663: [GC (Allocation Failure) [PSYoungGen: 454272K->143360K(520192K)] 630233K->425046K(1918464K), 0.0537232 secs] [Times: user=0.31 sys=0.00, real=0.05 secs] 
4632.094: [GC (Allocation Failure) [PSYoungGen: 488960K->110496K(456192K)] 770646K->526374K(1854464K), 0.0686861 secs] [Times: user=0.41 sys=0.01, real=0.07 secs] 
4632.999: [GC (Allocation Failure) [PSYoungGen: 456096K->151136K(514560K)] 871974K->674198K(1912832K), 0.0536665 secs] [Times: user=0.32 sys=0.00, real=0.06 secs] 
4634.952: [GC (GCLocker Initiated GC) [PSYoungGen: 491616K->106784K(519680K)] 1014680K->763456K(1917952K), 0.1432972 secs] [Times: user=0.84 sys=0.01, real=0.14 secs] 
4636.315: [GC (Allocation Failure) [PSYoungGen: 447264K->142208K(518656K)] 1104007K->902255K(1916928K), 0.0518482 secs] [Times: user=0.31 sys=0.00, real=0.05 secs] 
4637.835: [GC (Allocation Failure) [PSYoungGen: 483712K->109152K(451072K)] 1243759K->1002244K(1849344K), 0.1034317 secs] [Times: user=0.61 sys=0.01, real=0.10 secs] 
4639.155: [GC (Allocation Failure) [PSYoungGen: 450656K->138400K(520192K)] 1343748K->1137624K(1918464K), 0.0525654 secs] [Times: user=0.31 sys=0.00, real=0.05 secs] 
4640.618: [GC (Allocation Failure) [PSYoungGen: 481952K->112320K(519680K)] 1481176K->1240596K(1917952K), 0.1008645 secs] [Times: user=0.60 sys=0.01, real=0.10 secs] 
4641.738: [GC (Allocation Failure) [PSYoungGen: 455872K->140736K(518656K)] 1584148K->1378393K(1916928K), 0.0543742 secs] [Times: user=0.32 sys=0.00, real=0.06 secs] 
4641.792: [Full GC (Ergonomics) [PSYoungGen: 140736K->0K(518656K)] [ParOldGen: 1237657K->177473K(1398272K)] 1378393K->177473K(1916928K), [Metaspace: 60432K->60432K(1105920K)], 0.4261882 secs] [Times: user=1.99 sys=0.00, real=0.42 secs] 
4643.985: [GC (Allocation Failure) [PSYoungGen: 345088K->110272K(519680K)] 522561K->287745K(1917952K), 0.0724552 secs] [Times: user=0.43 sys=0.00, real=0.07 secs] 
4645.106: [GC (GCLocker Initiated GC) [PSYoungGen: 455360K->142080K(521728K)] 632835K->427031K(1920000K), 0.0532953 secs] [Times: user=0.31 sys=0.00, real=0.05 secs] 
4646.461: [GC (Allocation Failure) [PSYoungGen: 491264K->110080K(523264K)] 776285K->528377K(1921536K), 0.0640382 secs] [Times: user=0.38 sys=0.00, real=0.07 secs] 
4647.126: [GC (Allocation Failure) [PSYoungGen: 459264K->148608K(519168K)] 877561K->674038K(1917440K), 0.0539735 secs] [Times: user=0.32 sys=0.00, real=0.05 secs] 
4648.814: [GC (Allocation Failure) [PSYoungGen: 495232K->106624K(522752K)] 1020662K->772150K(1921024K), 0.1057753 secs] [Times: user=0.63 sys=0.00, real=0.10 secs] 
4649.875: [GC (Allocation Failure) [PSYoungGen: 453248K->148160K(516608K)] 1118774K->915747K(1914880K), 0.0559860 secs] [Times: user=0.32 sys=0.00, real=0.05 secs] 
4652.284: [GC (Allocation Failure) [PSYoungGen: 489664K->104768K(520192K)] 1257251K->1011699K(1918464K), 0.1340893 secs] [Times: user=0.80 sys=0.00, real=0.13 secs] 
4653.366: [GC (Allocation Failure) [PSYoungGen: 446272K->145984K(516608K)] 1353203K->1153324K(1914880K), 0.0516692 secs] [Times: user=0.31 sys=0.00, real=0.05 secs] 
4654.686: [GC (Allocation Failure) [PSYoungGen: 485440K->105056K(519168K)] 1492780K->1249532K(1917440K), 0.0655831 secs] [Times: user=0.39 sys=0.01, real=0.06 secs] 
4655.480: [GC (Allocation Failure) [PSYoungGen: 444512K->144640K(516608K)] 1588988K->1390925K(1914880K), 0.0523686 secs] [Times: user=0.31 sys=0.00, real=0.06 secs] 
4655.533: [Full GC (Ergonomics) [PSYoungGen: 144640K->0K(516608K)] [ParOldGen: 1246285K->188163K(1398272K)] 1390925K->188163K(1914880K), [Metaspace: 60432K->60432K(1105920K)], 0.4573827 secs] [Times: user=2.13 sys=0.00, real=0.45 secs] 
4657.938: [GC (Allocation Failure) [PSYoungGen: 338432K->101792K(518656K)] 526595K->289955K(1916928K), 0.0485267 secs] [Times: user=0.29 sys=0.00, real=0.05 secs] 
4658.999: [GC (Allocation Failure) [PSYoungGen: 440224K->150848K(510464K)] 628387K->436956K(1908736K), 0.0508025 secs] [Times: user=0.30 sys=0.00, real=0.05 secs] 
4661.399: [GC (Allocation Failure) [PSYoungGen: 482112K->102464K(515072K)] 768220K->522316K(1913344K), 0.1428346 secs] [Times: user=0.85 sys=0.01, real=0.14 secs] 
4662.488: [GC (Allocation Failure) [PSYoungGen: 433728K->136736K(510464K)] 853580K->655837K(1908736K), 0.0508711 secs] [Times: user=0.30 sys=0.00, real=0.05 secs] 
4663.797: [GC (Allocation Failure) [PSYoungGen: 469536K->107296K(513536K)] 988637K->753925K(1911808K), 0.0643009 secs] [Times: user=0.38 sys=0.01, real=0.06 secs] 
4664.630: [GC (Allocation Failure) [PSYoungGen: 440096K->145632K(515072K)] 1086725K->896301K(1913344K), 0.0530130 secs] [Times: user=0.32 sys=0.00, real=0.06 secs] 
4665.948: [GC (Allocation Failure) [PSYoungGen: 482016K->107424K(517632K)] 1232685K->986021K(1915904K), 0.0639956 secs] [Times: user=0.38 sys=0.00, real=0.07 secs] 
4666.779: [GC (Allocation Failure) [PSYoungGen: 443808K->137952K(517632K)] 1322405K->1122194K(1915904K), 0.0530274 secs] [Times: user=0.31 sys=0.00, real=0.06 secs] 
4668.164: [GC (GCLocker Initiated GC) [PSYoungGen: 476896K->108736K(517632K)] 1461138K->1221590K(1915904K), 0.0685571 secs] [Times: user=0.41 sys=0.00, real=0.07 secs] 
4669.857: [GC (Allocation Failure) [PSYoungGen: 447680K->136288K(518144K)] 1560573K->1356421K(1916416K), 0.0540120 secs] [Times: user=0.32 sys=0.00, real=0.05 secs] 
4671.165: [GC (Allocation Failure) [PSYoungGen: 478304K->112256K(517632K)] 1698437K->1459469K(1915904K), 0.0652680 secs] [Times: user=0.38 sys=0.00, real=0.06 secs] 
4671.230: [Full GC (Ergonomics) [PSYoungGen: 112256K->0K(517632K)] [ParOldGen: 1347213K->19841K(1398272K)] 1459469K->19841K(1915904K), [Metaspace: 60432K->60432K(1105920K)], 0.0301509 secs] [Times: user=0.08 sys=0.00, real=0.03 secs] 
4672.003: [GC (Allocation Failure) [PSYoungGen: 342016K->139264K(518656K)] 361857K->159105K(1916928K), 0.0275957 secs] [Times: user=0.17 sys=0.00, real=0.02 secs] 
4673.684: [GC (Allocation Failure) [PSYoungGen: 485376K->109504K(519680K)] 505217K->259933K(1917952K), 0.0701460 secs] [Times: user=0.42 sys=0.00, real=0.07 secs] 
4675.267: [GC (Allocation Failure) [PSYoungGen: 455616K->138784K(523776K)] 606045K->397158K(1922048K), 0.0530229 secs] [Times: user=0.31 sys=0.00, real=0.05 secs] 
4677.014: [GC (Allocation Failure) [PSYoungGen: 491040K->115456K(524288K)] 749414K->503174K(1922560K), 0.0794769 secs] [Times: user=0.48 sys=0.00, real=0.08 secs] 
4678.523: [GC (Allocation Failure) [PSYoungGen: 467712K->142528K(522752K)] 855430K->643699K(1921024K), 0.0550176 secs] [Times: user=0.32 sys=0.00, real=0.05 secs] 
4679.852: [GC (Allocation Failure) [PSYoungGen: 495808K->114688K(524800K)] 996979K->748859K(1923072K), 0.0655705 secs] [Times: user=0.39 sys=0.01, real=0.06 secs] 
4680.460: [GC (Allocation Failure) [PSYoungGen: 467968K->148448K(521728K)] 1102139K->894728K(1920000K), 0.0546728 secs] [Times: user=0.32 sys=0.00, real=0.06 secs] 
4682.737: [GC (Allocation Failure) [PSYoungGen: 501216K->110080K(525824K)] 1247496K->995820K(1924096K), 0.1668639 secs] [Times: user=0.98 sys=0.00, real=0.17 secs] 
4684.111: [GC (Allocation Failure) [PSYoungGen: 462848K->147072K(520192K)] 1348588K->1139737K(1918464K), 0.0541689 secs] [Times: user=0.32 sys=0.00, real=0.06 secs] 
4686.089: [GC (Allocation Failure) [PSYoungGen: 495744K->109344K(523776K)] 1488409K->1239833K(1922048K), 0.0961576 secs] [Times: user=0.57 sys=0.01, real=0.10 secs] 
4687.094: [GC (GCLocker Initiated GC) [PSYoungGen: 458016K->147328K(519168K)] 1588505K->1382566K(1917440K), 0.0536958 secs] [Times: user=0.32 sys=0.00, real=0.05 secs] 
4687.148: [Full GC (Ergonomics) [PSYoungGen: 147328K->0K(519168K)] [ParOldGen: 1235238K->186727K(1398272K)] 1382566K->186727K(1917440K), [Metaspace: 60432K->60432K(1105920K)], 0.4513526 secs] [Times: user=2.11 sys=0.00, real=0.45 secs] 
4688.887: [GC (Allocation Failure) [PSYoungGen: 345600K->110016K(522240K)] 532330K->296746K(1920512K), 0.0448488 secs] [Times: user=0.26 sys=0.00, real=0.04 secs] 
4689.529: [GC (Allocation Failure) [PSYoungGen: 455616K->155136K(512512K)] 642346K->447355K(1910784K), 0.0531988 secs] [Times: user=0.31 sys=0.00, real=0.06 secs] 
4691.267: [GC (Allocation Failure) [PSYoungGen: 492544K->104000K(518144K)] 784763K->533903K(1916416K), 0.1360492 secs] [Times: user=0.80 sys=0.00, real=0.14 secs] 
4692.040: [GC (Allocation Failure) [PSYoungGen: 441408K->143456K(517120K)] 871311K->673208K(1915392K), 0.0503295 secs] [Times: user=0.29 sys=0.00, real=0.05 secs] 
4694.340: [GC (Allocation Failure) [PSYoungGen: 480864K->103840K(518144K)] 1010616K->767808K(1916416K), 0.1485145 secs] [Times: user=0.88 sys=0.01, real=0.15 secs] 
4695.487: [GC (Allocation Failure) [PSYoungGen: 441248K->141952K(517632K)] 1105216K->905389K(1915904K), 0.0510986 secs] [Times: user=0.31 sys=0.00, real=0.05 secs] 
4696.902: [GC (Allocation Failure) [PSYoungGen: 479872K->104000K(518144K)] 1243309K->1000497K(1916416K), 0.0756942 secs] [Times: user=0.45 sys=0.00, real=0.07 secs] 
4697.865: [GC (Allocation Failure) [PSYoungGen: 441920K->139872K(518144K)] 1338417K->1137782K(1916416K), 0.0515777 secs] [Times: user=0.30 sys=0.00, real=0.05 secs] 
4699.455: [GC (GCLocker Initiated GC) [PSYoungGen: 478816K->106400K(445440K)] 1476726K->1235202K(1843712K), 0.0647989 secs] [Times: user=0.39 sys=0.00, real=0.06 secs] 
4700.835: [GC (Allocation Failure) [PSYoungGen: 445344K->141568K(516608K)] 1574153K->1373329K(1914880K), 0.0525814 secs] [Times: user=0.31 sys=0.00, real=0.05 secs] 
4700.888: [Full GC (Ergonomics) [PSYoungGen: 141568K->0K(516608K)] [ParOldGen: 1231761K->172603K(1398272K)] 1373329K->172603K(1914880K), [Metaspace: 60434K->60434K(1105920K)], 0.4173974 secs] [Times: user=1.95 sys=0.00, real=0.42 secs] 
4702.613: [GC (Allocation Failure) [PSYoungGen: 339456K->108352K(517632K)] 512059K->280955K(1915904K), 0.0354881 secs] [Times: user=0.21 sys=0.00, real=0.03 secs] 
4703.415: [GC (GCLocker Initiated GC) [PSYoungGen: 447808K->139552K(519168K)] 620411K->418072K(1917440K), 0.0537183 secs] [Times: user=0.31 sys=0.01, real=0.05 secs] 
4704.762: [GC (Allocation Failure) [PSYoungGen: 482592K->110112K(519680K)] 761115K->518779K(1917952K), 0.0652500 secs] [Times: user=0.38 sys=0.00, real=0.07 secs] 
4705.536: [GC (Allocation Failure) [PSYoungGen: 453152K->144352K(517632K)] 861819K->660808K(1915904K), 0.0532450 secs] [Times: user=0.32 sys=0.00, real=0.05 secs] 
4707.259: [GC (Allocation Failure) [PSYoungGen: 487904K->107104K(520192K)] 1004360K->759216K(1918464K), 0.0915206 secs] [Times: user=0.54 sys=0.00, real=0.09 secs] 
4708.639: [GC (Allocation Failure) [PSYoungGen: 450656K->142112K(520704K)] 1102768K->899032K(1918976K), 0.0524782 secs] [Times: user=0.31 sys=0.00, real=0.05 secs] 
4710.411: [GC (Allocation Failure) [PSYoungGen: 487712K->110016K(455680K)] 1244632K->999808K(1853952K), 0.1222131 secs] [Times: user=0.73 sys=0.00, real=0.13 secs] 
4711.284: [GC (Allocation Failure) [PSYoungGen: 455616K->143872K(518656K)] 1345408K->1141420K(1916928K), 0.0545833 secs] [Times: user=0.33 sys=0.00, real=0.05 secs] 
4712.729: [GC (Allocation Failure) [PSYoungGen: 488448K->108896K(521216K)] 1485996K->1241037K(1919488K), 0.0829064 secs] [Times: user=0.49 sys=0.00, real=0.08 secs] 
4713.710: [GC (Allocation Failure) [PSYoungGen: 453472K->145152K(519168K)] 1585613K->1383353K(1917440K), 0.0536451 secs] [Times: user=0.32 sys=0.00, real=0.06 secs] 
4713.764: [Full GC (Ergonomics) [PSYoungGen: 145152K->0K(519168K)] [ParOldGen: 1238201K->180817K(1398272K)] 1383353K->180817K(1917440K), [Metaspace: 60434K->60434K(1105920K)], 0.4344951 secs] [Times: user=2.02 sys=0.00, real=0.43 secs] 
4716.407: [GC (Allocation Failure) [PSYoungGen: 344269K->106720K(521728K)] 525087K->287537K(1920000K), 0.0871855 secs] [Times: user=0.50 sys=0.00, real=0.09 secs] 
4717.465: [GC (Allocation Failure) [PSYoungGen: 451296K->143680K(519168K)] 632113K->428366K(1917440K), 0.0526130 secs] [Times: user=0.31 sys=0.00, real=0.05 secs] 
4718.966: [GC (GCLocker Initiated GC) [PSYoungGen: 487232K->108992K(521216K)] 771919K->528231K(1919488K), 0.1056826 secs] [Times: user=0.62 sys=0.00, real=0.10 secs] 
4720.000: [GC (Allocation Failure) [PSYoungGen: 452544K->142368K(520192K)] 871786K->667334K(1918464K), 0.0527317 secs] [Times: user=0.31 sys=0.00, real=0.06 secs] 
4721.453: [GC (Allocation Failure) [PSYoungGen: 486944K->110048K(521216K)] 1011910K->768006K(1919488K), 0.0983125 secs] [Times: user=0.59 sys=0.00, real=0.09 secs] 
4722.182: [GC (GCLocker Initiated GC) [PSYoungGen: 454624K->144416K(518656K)] 1112582K->909027K(1916928K), 0.0534514 secs] [Times: user=0.32 sys=0.00, real=0.05 secs] 
4724.999: [GC (GCLocker Initiated GC) [PSYoungGen: 488480K->105920K(521216K)] 1253105K->1006017K(1919488K), 0.1530499 secs] [Times: user=0.90 sys=0.00, real=0.15 secs] 
4726.613: [GC (Allocation Failure) [PSYoungGen: 449984K->145376K(518144K)] 1350084K->1146908K(1916416K), 0.0524007 secs] [Times: user=0.31 sys=0.00, real=0.05 secs] 
4727.934: [GC (Allocation Failure) [PSYoungGen: 487904K->108960K(520704K)] 1489436K->1246684K(1918976K), 0.0718499 secs] [Times: user=0.43 sys=0.01, real=0.07 secs] 
4728.919: [GC (Allocation Failure) [PSYoungGen: 451488K->141952K(520192K)] 1589212K->1384793K(1918464K), 0.0548425 secs] [Times: user=0.32 sys=0.00, real=0.06 secs] 
4728.974: [Full GC (Ergonomics) [PSYoungGen: 141952K->0K(520192K)] [ParOldGen: 1242841K->181583K(1398272K)] 1384793K->181583K(1918464K), [Metaspace: 60434K->60434K(1105920K)], 0.4300374 secs] [Times: user=2.00 sys=0.00, real=0.43 secs] 
4730.871: [GC (Allocation Failure) [PSYoungGen: 344064K->107104K(521216K)] 525647K->288687K(1919488K), 0.0515746 secs] [Times: user=0.30 sys=0.00, real=0.06 secs] 
4731.977: [GC (Allocation Failure) [PSYoungGen: 451168K->144512K(519168K)] 632751K->429180K(1917440K), 0.0525281 secs] [Times: user=0.30 sys=0.00, real=0.05 secs] 
4733.691: [GC (Allocation Failure) [PSYoungGen: 488064K->106848K(521216K)] 772732K->526716K(1919488K), 0.1121397 secs] [Times: user=0.67 sys=0.00, real=0.12 secs] 
4734.961: [GC (GCLocker Initiated GC) [PSYoungGen: 450400K->144256K(518656K)] 870268K->666976K(1916928K), 0.0514170 secs] [Times: user=0.30 sys=0.01, real=0.06 secs] 
4736.409: [GC (Allocation Failure) [PSYoungGen: 486784K->109504K(520704K)] 1009506K->767378K(1918976K), 0.0697298 secs] [Times: user=0.41 sys=0.00, real=0.07 secs] 
4737.181: [GC (Allocation Failure) [PSYoungGen: 452032K->152576K(512512K)] 1109906K->915851K(1910784K), 0.0541840 secs] [Times: user=0.32 sys=0.00, real=0.06 secs] 
4738.606: [GC (GCLocker Initiated GC) [PSYoungGen: 488960K->106336K(517632K)] 1252235K->1005203K(1915904K), 0.0686393 secs] [Times: user=0.40 sys=0.00, real=0.07 secs] 
4739.282: [GC (Allocation Failure) [PSYoungGen: 442720K->151872K(510464K)] 1341626K->1153199K(1908736K), 0.0536885 secs] [Times: user=0.31 sys=0.00, real=0.05 secs] 
4741.577: [GC (Allocation Failure) [PSYoungGen: 483136K->99136K(515072K)] 1484463K->1235291K(1913344K), 0.1288345 secs] [Times: user=0.68 sys=0.00, real=0.13 secs] 
4742.596: [GC (Allocation Failure) [PSYoungGen: 430400K->138432K(512512K)] 1566555K->1370520K(1910784K), 0.0502431 secs] [Times: user=0.30 sys=0.00, real=0.05 secs] 
4742.646: [Full GC (Ergonomics) [PSYoungGen: 138432K->0K(512512K)] [ParOldGen: 1232088K->170320K(1398272K)] 1370520K->170320K(1910784K), [Metaspace: 60434K->60434K(1105920K)], 0.4096079 secs] [Times: user=1.91 sys=0.00, real=0.41 secs] 
4744.272: [GC (GCLocker Initiated GC) [PSYoungGen: 331776K->104928K(514048K)] 502097K->275249K(1912320K), 0.0370254 secs] [Times: user=0.22 sys=0.01, real=0.03 secs] 
4745.283: [GC (Allocation Failure) [PSYoungGen: 436704K->145536K(513536K)] 607064K->419171K(1911808K), 0.0534286 secs] [Times: user=0.32 sys=0.00, real=0.05 secs] 
4746.839: [GC (Allocation Failure) [PSYoungGen: 478848K->105728K(516096K)] 752483K->508139K(1914368K), 0.0765561 secs] [Times: user=0.45 sys=0.00, real=0.08 secs] 
4747.739: [GC (Allocation Failure) [PSYoungGen: 439040K->136256K(512512K)] 841451K->642552K(1910784K), 0.0513407 secs] [Times: user=0.30 sys=0.00, real=0.05 secs] 
4749.110: [GC (Allocation Failure) [PSYoungGen: 471616K->110176K(514560K)] 977912K->743120K(1912832K), 0.0637416 secs] [Times: user=0.37 sys=0.00, real=0.07 secs] 
4750.415: [GC (Allocation Failure) [PSYoungGen: 445536K->134720K(518144K)] 1078480K->876236K(1916416K), 0.0535559 secs] [Times: user=0.31 sys=0.00, real=0.05 secs] 
4751.753: [GC (Allocation Failure) [PSYoungGen: 477760K->114464K(518656K)] 1219276K->981196K(1916928K), 0.0676933 secs] [Times: user=0.37 sys=0.00, real=0.06 secs] 
4753.102: [GC (Allocation Failure) [PSYoungGen: 457504K->135264K(520704K)] 1324236K->1115041K(1918976K), 0.0543557 secs] [Times: user=0.32 sys=0.00, real=0.05 secs] 
4754.463: [GC (Allocation Failure) [PSYoungGen: 483936K->114784K(520192K)] 1463713K->1220777K(1918464K), 0.0640700 secs] [Times: user=0.38 sys=0.00, real=0.06 secs] 
4755.305: [GC (Allocation Failure) [PSYoungGen: 463456K->149920K(519680K)] 1569449K->1369169K(1917952K), 0.0553858 secs] [Times: user=0.33 sys=0.00, real=0.05 secs] 
4756.885: [GC (Allocation Failure) [PSYoungGen: 500640K->111040K(524288K)] 1719889K->1462777K(1922560K), 0.1053461 secs] [Times: user=0.62 sys=0.00, real=0.10 secs] 
4756.991: [Full GC (Ergonomics) [PSYoungGen: 111040K->0K(524288K)] [ParOldGen: 1351736K->23079K(1398272K)] 1462777K->23079K(1922560K), [Metaspace: 60434K->60434K(1105920K)], 0.0432969 secs] [Times: user=0.12 sys=0.00, real=0.05 secs] 
4759.111: [GC (Allocation Failure) [PSYoungGen: 350720K->142464K(523776K)] 373799K->165543K(1922048K), 0.0280337 secs] [Times: user=0.16 sys=0.00, real=0.03 secs] 
4760.431: [GC (Allocation Failure) [PSYoungGen: 494208K->115424K(467456K)] 517287K->271543K(1865728K), 0.0645780 secs] [Times: user=0.38 sys=0.00, real=0.07 secs] 
4761.336: [GC (Allocation Failure) [PSYoungGen: 467168K->145088K(521728K)] 623287K->413476K(1920000K), 0.0545905 secs] [Times: user=0.32 sys=0.00, real=0.05 secs] 
4763.263: [GC (Allocation Failure) [PSYoungGen: 495808K->108192K(524288K)] 764196K->512992K(1922560K), 0.1481287 secs] [Times: user=0.88 sys=0.00, real=0.14 secs] 
4764.420: [GC (Allocation Failure) [PSYoungGen: 458912K->146336K(521216K)] 863712K->655873K(1919488K), 0.0532105 secs] [Times: user=0.31 sys=0.00, real=0.06 secs] 
4766.531: [GC (Allocation Failure) [PSYoungGen: 495008K->111904K(523776K)] 1004545K->758581K(1922048K), 0.1577718 secs] [Times: user=0.94 sys=0.00, real=0.16 secs] 
4767.927: [GC (Allocation Failure) [PSYoungGen: 460576K->144704K(520704K)] 1107253K->900522K(1918976K), 0.0544895 secs] [Times: user=0.32 sys=0.00, real=0.05 secs] 
4769.472: [GC (Allocation Failure) [PSYoungGen: 492352K->111040K(523264K)] 1248170K->1002274K(1921536K), 0.1277092 secs] [Times: user=0.76 sys=0.00, real=0.12 secs] 
4770.309: [GC (Allocation Failure) [PSYoungGen: 458688K->146368K(520192K)] 1349922K->1144622K(1918464K), 0.0549590 secs] [Times: user=0.33 sys=0.00, real=0.06 secs] 
4772.438: [GC (Allocation Failure) [PSYoungGen: 492992K->110144K(522752K)] 1491246K->1246286K(1921024K), 0.1100074 secs] [Times: user=0.66 sys=0.01, real=0.11 secs] 
4773.450: [GC (Allocation Failure) [PSYoungGen: 456768K->145248K(520192K)] 1592910K->1387231K(1918464K), 0.0531319 secs] [Times: user=0.31 sys=0.01, real=0.06 secs] 
4773.503: [Full GC (Ergonomics) [PSYoungGen: 145248K->0K(520192K)] [ParOldGen: 1241983K->191517K(1398272K)] 1387231K->191517K(1918464K), [Metaspace: 60434K->60434K(1105920K)], 0.4602914 secs] [Times: user=2.15 sys=0.00, real=0.46 secs] 
4776.400: [GC (Allocation Failure) [PSYoungGen: 345600K->106912K(522240K)] 537117K->298429K(1920512K), 0.0832007 secs] [Times: user=0.49 sys=0.00, real=0.09 secs] 
4777.343: [GC (Allocation Failure) [PSYoungGen: 452512K->145376K(519168K)] 644029K->440202K(1917440K), 0.0511703 secs] [Times: user=0.31 sys=0.00, real=0.05 secs] 
4778.687: [GC (GCLocker Initiated GC) [PSYoungGen: 488928K->108480K(521216K)] 783754K->539526K(1919488K), 0.0657999 secs] [Times: user=0.40 sys=0.00, real=0.07 secs] 
4779.244: [GC (Allocation Failure) [PSYoungGen: 452032K->155616K(510464K)] 883117K->690854K(1908736K), 0.0526185 secs] [Times: user=0.31 sys=0.00, real=0.05 secs] 
4780.910: [GC (Allocation Failure) [PSYoungGen: 489952K->99296K(516608K)] 1025190K->773314K(1914880K), 0.0950565 secs] [Times: user=0.56 sys=0.00, real=0.10 secs] 
4781.637: [GC (Allocation Failure) [PSYoungGen: 433632K->142944K(515072K)] 1107650K->912739K(1913344K), 0.0492191 secs] [Times: user=0.29 sys=0.00, real=0.05 secs] 
4783.490: [GC (Allocation Failure) [PSYoungGen: 476256K->103552K(437248K)] 1246051K->1007403K(1835520K), 0.1053251 secs] [Times: user=0.62 sys=0.01, real=0.11 secs] 
4784.793: [GC (Allocation Failure) [PSYoungGen: 436864K->140800K(515584K)] 1340715K->1144264K(1913856K), 0.0504751 secs] [Times: user=0.29 sys=0.01, real=0.05 secs] 
4786.106: [GC (Allocation Failure) [PSYoungGen: 475136K->104224K(515584K)] 1478600K->1239280K(1913856K), 0.0634397 secs] [Times: user=0.37 sys=0.00, real=0.06 secs] 
4786.934: [GC (Allocation Failure) [PSYoungGen: 438560K->146656K(513536K)] 1573616K->1384113K(1911808K), 0.0527953 secs] [Times: user=0.31 sys=0.00, real=0.05 secs] 
4786.987: [Full GC (Ergonomics) [PSYoungGen: 146656K->0K(513536K)] [ParOldGen: 1237456K->174587K(1398272K)] 1384113K->174587K(1911808K), [Metaspace: 60434K->60434K(1105920K)], 0.4197277 secs] [Times: user=1.95 sys=0.00, real=0.42 secs] 
4788.828: [GC (Allocation Failure) [PSYoungGen: 333824K->102304K(516096K)] 508411K->276891K(1914368K), 0.0505178 secs] [Times: user=0.30 sys=0.00, real=0.05 secs] 
4790.385: [GC (Allocation Failure) [PSYoungGen: 436128K->136576K(513536K)] 610715K->410776K(1911808K), 0.0514911 secs] [Times: user=0.31 sys=0.00, real=0.05 secs] 
4791.833: [GC (Allocation Failure) [PSYoungGen: 471936K->108032K(515584K)] 746136K->509304K(1913856K), 0.0859935 secs] [Times: user=0.51 sys=0.00, real=0.08 secs] 
4792.883: [GC (GCLocker Initiated GC) [PSYoungGen: 443392K->137184K(518144K)] 844664K->645031K(1916416K), 0.0524035 secs] [Times: user=0.31 sys=0.00, real=0.05 secs] 
4794.194: [GC (Allocation Failure) [PSYoungGen: 478176K->109760K(518144K)] 986026K->745370K(1916416K), 0.0643269 secs] [Times: user=0.38 sys=0.00, real=0.06 secs] 
4794.956: [GC (Allocation Failure) [PSYoungGen: 450752K->138944K(518656K)] 1086362K->883272K(1916928K), 0.0533856 secs] [Times: user=0.32 sys=0.00, real=0.05 secs] 
4797.438: [GC (GCLocker Initiated GC) [PSYoungGen: 483008K->108544K(519168K)] 1227338K->982986K(1917440K), 0.0795590 secs] [Times: user=0.47 sys=0.01, real=0.08 secs] 
4799.617: [GC (Allocation Failure) [PSYoungGen: 452608K->136896K(522240K)] 1327121K->1118710K(1920512K), 0.0535707 secs] [Times: user=0.32 sys=0.00, real=0.05 secs] 
4801.456: [GC (Allocation Failure) [PSYoungGen: 486080K->113984K(522240K)] 1467894K->1223286K(1920512K), 0.0649216 secs] [Times: user=0.38 sys=0.00, real=0.06 secs] 
4802.694: [GC (Allocation Failure) [PSYoungGen: 463168K->140000K(521216K)] 1572470K->1362176K(1919488K), 0.0544616 secs] [Times: user=0.32 sys=0.00, real=0.05 secs] 
4805.010: [GC (Allocation Failure) [PSYoungGen: 491232K->113632K(522752K)] 1713408K->1466720K(1921024K), 0.0988029 secs] [Times: user=0.59 sys=0.00, real=0.10 secs] 
4805.109: [Full GC (Ergonomics) [PSYoungGen: 113632K->0K(522752K)] [ParOldGen: 1353088K->25535K(1398272K)] 1466720K->25535K(1921024K), [Metaspace: 60434K->60434K(1105920K)], 0.0506678 secs] [Times: user=0.15 sys=0.00, real=0.05 secs] 
4806.693: [GC (Allocation Failure) [PSYoungGen: 351232K->143776K(523776K)] 376767K->169311K(1922048K), 0.0287133 secs] [Times: user=0.17 sys=0.00, real=0.02 secs] 
4808.676: [GC (Allocation Failure) [PSYoungGen: 498592K->114176K(526336K)] 524127K->274127K(1924608K), 0.1153716 secs] [Times: user=0.69 sys=0.00, real=0.11 secs] 
4810.959: [GC (Allocation Failure) [PSYoungGen: 468992K->145152K(523264K)] 628943K->416411K(1921536K), 0.0542619 secs] [Times: user=0.32 sys=0.00, real=0.06 secs] 
4812.256: [GC (GCLocker Initiated GC) [PSYoungGen: 498944K->111872K(526336K)] 770204K->518904K(1924608K), 0.0643595 secs] [Times: user=0.38 sys=0.00, real=0.06 secs] 
4813.289: [GC (Allocation Failure) [PSYoungGen: 465664K->145376K(523264K)] 872766K->660923K(1921536K), 0.0537373 secs] [Times: user=0.32 sys=0.00, real=0.06 secs] 
4814.710: [GC (GCLocker Initiated GC) [PSYoungGen: 498144K->114976K(525824K)] 1013691K->766651K(1924096K), 0.0678413 secs] [Times: user=0.40 sys=0.00, real=0.07 secs] 
4816.008: [GC (Allocation Failure) [PSYoungGen: 467744K->155744K(515584K)] 1119458K->918359K(1913856K), 0.0549733 secs] [Times: user=0.32 sys=0.00, real=0.06 secs] 
4818.006: [GC (Allocation Failure) [PSYoungGen: 500320K->108576K(521728K)] 1262935K->1009471K(1920000K), 0.1214934 secs] [Times: user=0.72 sys=0.00, real=0.12 secs] 
4818.649: [GC (Allocation Failure) [PSYoungGen: 453152K->146464K(518656K)] 1354047K->1151964K(1916928K), 0.0530511 secs] [Times: user=0.31 sys=0.00, real=0.05 secs] 
4820.040: [GC (Allocation Failure) [PSYoungGen: 488992K->108352K(520704K)] 1494492K->1251300K(1918976K), 0.0665499 secs] [Times: user=0.40 sys=0.00, real=0.07 secs] 
4820.652: [GC (Allocation Failure) [PSYoungGen: 450880K->144768K(518656K)] 1593828K->1392049K(1916928K), 0.0533893 secs] [Times: user=0.32 sys=0.00, real=0.05 secs] 
4820.706: [Full GC (Ergonomics) [PSYoungGen: 144768K->0K(518656K)] [ParOldGen: 1247281K->196693K(1398272K)] 1392049K->196693K(1916928K), [Metaspace: 60434K->60434K(1105920K)], 0.4835428 secs] [Times: user=2.26 sys=0.00, real=0.48 secs] 
4822.593: [GC (Allocation Failure) [PSYoungGen: 341504K->105568K(520192K)] 538197K->302261K(1918464K), 0.0414292 secs] [Times: user=0.24 sys=0.00, real=0.04 secs] 
4823.215: [GC (Allocation Failure) [PSYoungGen: 447072K->144992K(518144K)] 643765K->442898K(1916416K), 0.0499811 secs] [Times: user=0.29 sys=0.00, real=0.05 secs] 
4825.733: [GC (Allocation Failure) [PSYoungGen: 485472K->104960K(519680K)] 783378K->538722K(1917952K), 0.1114083 secs] [Times: user=0.66 sys=0.00, real=0.11 secs] 
4826.741: [GC (Allocation Failure) [PSYoungGen: 445440K->143968K(517632K)] 879202K->679011K(1915904K), 0.0506400 secs] [Times: user=0.30 sys=0.00, real=0.06 secs] 
4828.158: [GC (Allocation Failure) [PSYoungGen: 483424K->105600K(519168K)] 1018467K->776019K(1917440K), 0.0661873 secs] [Times: user=0.39 sys=0.00, real=0.07 secs] 
4828.795: [GC (Allocation Failure) [PSYoungGen: 445056K->144736K(516608K)] 1115475K->917600K(1914880K), 0.0515722 secs] [Times: user=0.30 sys=0.00, real=0.05 secs] 
4830.128: [GC (GCLocker Initiated GC) [PSYoungGen: 483168K->102560K(518656K)] 1256032K->1011680K(1916928K), 0.0641758 secs] [Times: user=0.38 sys=0.00, real=0.07 secs] 
4831.475: [GC (Allocation Failure) [PSYoungGen: 440992K->142880K(517632K)] 1350115K->1150152K(1915904K), 0.0503193 secs] [Times: user=0.30 sys=0.00, real=0.05 secs] 
4833.676: [GC (Allocation Failure) [PSYoungGen: 481312K->103904K(442368K)] 1488584K->1244800K(1840640K), 0.1361056 secs] [Times: user=0.77 sys=0.00, real=0.14 secs] 
4835.028: [GC (Allocation Failure) [PSYoungGen: 442336K->143008K(516608K)] 1583232K->1383577K(1914880K), 0.0518666 secs] [Times: user=0.30 sys=0.00, real=0.05 secs] 
4835.080: [Full GC (Ergonomics) [PSYoungGen: 143008K->0K(516608K)] [ParOldGen: 1240569K->182734K(1398272K)] 1383577K->182734K(1914880K), [Metaspace: 60434K->60434K(1105920K)], 0.4470352 secs] [Times: user=2.10 sys=0.00, real=0.45 secs] 
4836.762: [GC (Allocation Failure) [PSYoungGen: 337920K->105824K(518144K)] 520654K->288558K(1916416K), 0.0344952 secs] [Times: user=0.20 sys=0.00, real=0.03 secs] 
4837.631: [GC (Allocation Failure) [PSYoungGen: 443744K->141664K(517632K)] 626478K->426507K(1915904K), 0.0519416 secs] [Times: user=0.31 sys=0.00, real=0.06 secs] 
4839.396: [GC (Allocation Failure) [PSYoungGen: 480608K->106656K(445952K)] 765451K->524483K(1844224K), 0.1164674 secs] [Times: user=0.69 sys=0.00, real=0.12 secs] 
4840.857: [GC (Allocation Failure) [PSYoungGen: 445600K->141472K(517120K)] 863427K->662568K(1915392K), 0.0515214 secs] [Times: user=0.30 sys=0.00, real=0.05 secs] 
4842.475: [GC (Allocation Failure) [PSYoungGen: 480928K->108192K(518144K)] 1002024K->761456K(1916416K), 0.0725106 secs] [Times: user=0.43 sys=0.00, real=0.07 secs] 
4843.741: [GC (Allocation Failure) [PSYoungGen: 447648K->139520K(518144K)] 1100912K->898197K(1916416K), 0.0526837 secs] [Times: user=0.31 sys=0.00, real=0.06 secs] 
4845.060: [GC (Allocation Failure) [PSYoungGen: 481536K->109664K(518656K)] 1240213K->998541K(1916928K), 0.0637515 secs] [Times: user=0.38 sys=0.00, real=0.07 secs] 
4845.668: [GC (Allocation Failure) [PSYoungGen: 451680K->143904K(518656K)] 1340557K->1140226K(1916928K), 0.0538582 secs] [Times: user=0.32 sys=0.00, real=0.06 secs] 
4847.370: [GC (GCLocker Initiated GC) [PSYoungGen: 487968K->106848K(520704K)] 1484290K->1238294K(1918976K), 0.0772989 secs] [Times: user=0.46 sys=0.00, real=0.08 secs] 
4848.866: [GC (Allocation Failure) [PSYoungGen: 450912K->151040K(514560K)] 1582397K->1386633K(1912832K), 0.0540962 secs] [Times: user=0.31 sys=0.00, real=0.05 secs] 
4848.921: [Full GC (Ergonomics) [PSYoungGen: 151040K->0K(514560K)] [ParOldGen: 1235593K->176866K(1398272K)] 1386633K->176866K(1912832K), [Metaspace: 60434K->60434K(1105920K)], 0.4214472 secs] [Times: user=1.96 sys=0.00, real=0.43 secs] 
4851.659: [GC (Allocation Failure) [PSYoungGen: 339456K->105792K(519168K)] 516322K->282658K(1917440K), 0.0516209 secs] [Times: user=0.30 sys=0.01, real=0.05 secs] 
4852.793: [GC (Allocation Failure) [PSYoungGen: 445248K->139168K(517632K)] 622114K->418947K(1915904K), 0.0526901 secs] [Times: user=0.30 sys=0.01, real=0.05 secs] 
4854.072: [GC (Allocation Failure) [PSYoungGen: 480160K->110464K(519168K)] 759939K->520395K(1917440K), 0.0642535 secs] [Times: user=0.38 sys=0.00, real=0.06 secs] 
4855.117: [GC (Allocation Failure) [PSYoungGen: 451456K->141504K(518656K)] 861387K->658808K(1916928K), 0.0530865 secs] [Times: user=0.32 sys=0.00, real=0.05 secs] 
4856.665: [GC (Allocation Failure) [PSYoungGen: 484544K->107936K(519680K)] 1001848K->757264K(1917952K), 0.0921984 secs] [Times: user=0.55 sys=0.00, real=0.09 secs] 
4858.408: [GC (Allocation Failure) [PSYoungGen: 450976K->139968K(521216K)] 1100304K->894508K(1919488K), 0.0537613 secs] [Times: user=0.32 sys=0.00, real=0.06 secs] 
4859.850: [GC (Allocation Failure) [PSYoungGen: 486080K->112224K(458752K)] 1240620K->996825K(1857024K), 0.0653408 secs] [Times: user=0.38 sys=0.00, real=0.07 secs] 
4860.606: [GC (Allocation Failure) [PSYoungGen: 458336K->144256K(518656K)] 1342937K->1139139K(1916928K), 0.0561523 secs] [Times: user=0.33 sys=0.00, real=0.06 secs] 
4862.085: [GC (GCLocker Initiated GC) [PSYoungGen: 489856K->107808K(521216K)] 1484739K->1237835K(1919488K), 0.1064409 secs] [Times: user=0.64 sys=0.00, real=0.11 secs] 
4862.838: [GC (GCLocker Initiated GC) [PSYoungGen: 453408K->143904K(520704K)] 1583437K->1379740K(1918976K), 0.0548400 secs] [Times: user=0.32 sys=0.00, real=0.06 secs] 
4862.893: [Full GC (Ergonomics) [PSYoungGen: 143904K->0K(520704K)] [ParOldGen: 1235836K->178356K(1398272K)] 1379740K->178356K(1918976K), [Metaspace: 60498K->60498K(1105920K)], 0.4319532 secs] [Times: user=2.00 sys=0.00, real=0.43 secs] 
4865.463: [GC (Allocation Failure) [PSYoungGen: 346624K->106752K(522752K)] 524982K->285110K(1921024K), 0.0772025 secs] [Times: user=0.45 sys=0.00, real=0.07 secs] 
4866.896: [GC (Allocation Failure) [PSYoungGen: 453376K->143680K(520192K)] 631734K->425683K(1918464K), 0.0528917 secs] [Times: user=0.31 sys=0.00, real=0.05 secs] 
4868.742: [GC (Allocation Failure) [PSYoungGen: 489280K->107744K(522240K)] 771283K->524519K(1920512K), 0.1210913 secs] [Times: user=0.72 sys=0.00, real=0.12 secs] 
4869.910: [GC (Allocation Failure) [PSYoungGen: 453344K->143776K(519168K)] 870119K->665296K(1917440K), 0.0520188 secs] [Times: user=0.30 sys=0.00, real=0.06 secs] 
4871.875: [GC (GCLocker Initiated GC) [PSYoungGen: 488352K->109376K(521728K)] 1009872K->765805K(1920000K), 0.0874396 secs] [Times: user=0.52 sys=0.01, real=0.09 secs] 
4872.993: [GC (Allocation Failure) [PSYoungGen: 453952K->151136K(514048K)] 1110451K->912840K(1912320K), 0.0532814 secs] [Times: user=0.31 sys=0.00, real=0.05 secs] 
4874.682: [GC (Allocation Failure) [PSYoungGen: 490592K->109280K(519168K)] 1252296K->1003868K(1917440K), 0.0744681 secs] [Times: user=0.42 sys=0.01, real=0.07 secs] 
4875.495: [GC (Allocation Failure) [PSYoungGen: 448736K->143776K(518144K)] 1343324K->1143713K(1916416K), 0.0534090 secs] [Times: user=0.31 sys=0.01, real=0.05 secs] 
4877.435: [GC (Allocation Failure) [PSYoungGen: 484256K->106528K(519680K)] 1484193K->1240993K(1917952K), 0.0872644 secs] [Times: user=0.52 sys=0.00, real=0.09 secs] 
4878.491: [GC (Allocation Failure) [PSYoungGen: 447008K->141984K(519168K)] 1581473K->1379806K(1917440K), 0.0531518 secs] [Times: user=0.32 sys=0.00, real=0.06 secs] 
4878.544: [Full GC (Ergonomics) [PSYoungGen: 141984K->0K(519168K)] [ParOldGen: 1237822K->178731K(1398272K)] 1379806K->178731K(1917440K), [Metaspace: 60498K->60498K(1105920K)], 0.4368113 secs] [Times: user=2.04 sys=0.00, real=0.43 secs] 
4880.504: [GC (GCLocker Initiated GC) [PSYoungGen: 341504K->106624K(519680K)] 520235K->285355K(1917952K), 0.0479632 secs] [Times: user=0.28 sys=0.01, real=0.04 secs] 
4881.101: [GC (Allocation Failure) [PSYoungGen: 448128K->142976K(518144K)] 626862K->425315K(1916416K), 0.0527786 secs] [Times: user=0.31 sys=0.01, real=0.06 secs] 
4882.701: [GC (Allocation Failure) [PSYoungGen: 484480K->109504K(519680K)] 766819K->525515K(1917952K), 0.1385487 secs] [Times: user=0.82 sys=0.00, real=0.14 secs] 
4884.097: [GC (Allocation Failure) [PSYoungGen: 451008K->139264K(520192K)] 867019K->661415K(1918464K), 0.0524285 secs] [Times: user=0.31 sys=0.00, real=0.05 secs] 
4886.325: [GC (Allocation Failure) [PSYoungGen: 483328K->108896K(520192K)] 1005479K->760951K(1918464K), 0.0678978 secs] [Times: user=0.40 sys=0.00, real=0.07 secs] 
4887.175: [GC (Allocation Failure) [PSYoungGen: 452960K->141184K(519168K)] 1105015K->899180K(1917440K), 0.0533829 secs] [Times: user=0.31 sys=0.00, real=0.05 secs] 
4888.530: [GC (Allocation Failure) [PSYoungGen: 486272K->111392K(520704K)] 1244268K->1001308K(1918976K), 0.0659402 secs] [Times: user=0.39 sys=0.00, real=0.07 secs] 
4889.282: [GC (GCLocker Initiated GC) [PSYoungGen: 456480K->143360K(520192K)] 1346396K->1142369K(1918464K), 0.0543333 secs] [Times: user=0.32 sys=0.00, real=0.05 secs] 
4891.712: [GC (Allocation Failure) [PSYoungGen: 490496K->108096K(522240K)] 1491562K->1243162K(1920512K), 0.1606273 secs] [Times: user=0.95 sys=0.01, real=0.16 secs] 
4892.872: [GC (Allocation Failure) [PSYoungGen: 455232K->146528K(519168K)] 1590298K->1387599K(1917440K), 0.0535768 secs] [Times: user=0.32 sys=0.00, real=0.06 secs] 
4892.925: [Full GC (Ergonomics) [PSYoungGen: 146528K->0K(519168K)] [ParOldGen: 1241071K->183869K(1398272K)] 1387599K->183869K(1917440K), [Metaspace: 60498K->60498K(1105920K)], 0.4490700 secs] [Times: user=2.09 sys=0.00, real=0.45 secs] 
4894.828: [GC (Allocation Failure) [PSYoungGen: 345600K->106784K(522240K)] 529469K->290654K(1920512K), 0.0613705 secs] [Times: user=0.36 sys=0.00, real=0.06 secs] 
4896.009: [GC (Allocation Failure) [PSYoungGen: 452384K->145824K(518656K)] 636254K->432066K(1916928K), 0.0520496 secs] [Times: user=0.31 sys=0.00, real=0.05 secs] 
4897.375: [GC (Allocation Failure) [PSYoungGen: 489376K->106816K(521216K)] 775618K->529678K(1919488K), 0.0641069 secs] [Times: user=0.38 sys=0.00, real=0.06 secs] 
4898.572: [GC (Allocation Failure) [PSYoungGen: 450368K->143616K(518656K)] 873230K->669287K(1916928K), 0.0514415 secs] [Times: user=0.30 sys=0.00, real=0.05 secs] 
4900.426: [GC (GCLocker Initiated GC) [PSYoungGen: 486144K->107744K(520704K)] 1011815K->767647K(1918976K), 0.1121391 secs] [Times: user=0.67 sys=0.00, real=0.11 secs] 
4902.192: [GC (Allocation Failure) [PSYoungGen: 450272K->151424K(513536K)] 1110246K->915291K(1911808K), 0.0531862 secs] [Times: user=0.31 sys=0.00, real=0.05 secs] 
4903.681: [GC (Allocation Failure) [PSYoungGen: 488832K->104736K(518144K)] 1252699K->1002619K(1916416K), 0.0967342 secs] [Times: user=0.58 sys=0.00, real=0.10 secs] 
4904.345: [GC (Allocation Failure) [PSYoungGen: 442144K->150464K(512000K)] 1340027K->1151082K(1910272K), 0.0528272 secs] [Times: user=0.32 sys=0.00, real=0.05 secs] 
4906.187: [GC (Allocation Failure) [PSYoungGen: 482752K->101216K(515584K)] 1483370K->1235562K(1913856K), 0.1063807 secs] [Times: user=0.63 sys=0.00, real=0.11 secs] 
4907.678: [GC (Allocation Failure) [PSYoungGen: 433504K->138144K(512512K)] 1567850K->1370391K(1910784K), 0.0508742 secs] [Times: user=0.29 sys=0.00, real=0.05 secs] 
4907.729: [Full GC (Ergonomics) [PSYoungGen: 138144K->0K(512512K)] [ParOldGen: 1232247K->168441K(1398272K)] 1370391K->168441K(1910784K), [Metaspace: 60498K->60498K(1105920K)], 0.4030804 secs] [Times: user=1.88 sys=0.00, real=0.40 secs] 
4909.654: [GC (GCLocker Initiated GC) [PSYoungGen: 333312K->106560K(514560K)] 501754K->275002K(1912832K), 0.0859762 secs] [Times: user=0.51 sys=0.00, real=0.08 secs] 
4911.208: [GC (Allocation Failure) [PSYoungGen: 439872K->135424K(515584K)] 608320K->407877K(1913856K), 0.0531530 secs] [Times: user=0.31 sys=0.00, real=0.05 secs] 
4912.524: [GC (Allocation Failure) [PSYoungGen: 473856K->108992K(516608K)] 746309K->507373K(1914880K), 0.0641233 secs] [Times: user=0.38 sys=0.01, real=0.06 secs] 
4913.453: [GC (GCLocker Initiated GC) [PSYoungGen: 447424K->137312K(519168K)] 845805K->642974K(1917440K), 0.0526863 secs] [Times: user=0.31 sys=0.00, real=0.05 secs] 
4914.919: [GC (Allocation Failure) [PSYoungGen: 480864K->109888K(519168K)] 986528K->743580K(1917440K), 0.0914863 secs] [Times: user=0.55 sys=0.00, real=0.09 secs] 
4917.138: [GC (Allocation Failure) [PSYoungGen: 453440K->136928K(520704K)] 1087132K->878833K(1918976K), 0.0534578 secs] [Times: user=0.31 sys=0.00, real=0.05 secs] 
4918.505: [GC (Allocation Failure) [PSYoungGen: 484576K->112608K(520704K)] 1226481K->981857K(1918976K), 0.0644533 secs] [Times: user=0.39 sys=0.00, real=0.06 secs] 
4919.692: [GC (Allocation Failure) [PSYoungGen: 460256K->140416K(521728K)] 1329505K->1120630K(1920000K), 0.0543932 secs] [Times: user=0.32 sys=0.00, real=0.06 secs] 
4921.006: [GC (Allocation Failure) [PSYoungGen: 491648K->112032K(523264K)] 1471862K->1223402K(1921536K), 0.0660711 secs] [Times: user=0.39 sys=0.00, real=0.07 secs] 
4921.731: [GC (Allocation Failure) [PSYoungGen: 463264K->145280K(522240K)] 1574634K->1367163K(1920512K), 0.0551474 secs] [Times: user=0.32 sys=0.00, real=0.06 secs] 
4923.367: [GC (Allocation Failure) [PSYoungGen: 498048K->112064K(525824K)] 1719931K->1470183K(1924096K), 0.1140096 secs] [Times: user=0.68 sys=0.00, real=0.11 secs] 
4923.481: [Full GC (Ergonomics) [PSYoungGen: 112064K->0K(525824K)] [ParOldGen: 1358119K->30376K(1398272K)] 1470183K->30376K(1924096K), [Metaspace: 60499K->60499K(1105920K)], 0.0750554 secs] [Times: user=0.26 sys=0.00, real=0.08 secs] 
4925.547: [GC (GCLocker Initiated GC) [PSYoungGen: 352768K->142080K(524288K)] 383144K->172456K(1922560K), 0.0283033 secs] [Times: user=0.17 sys=0.00, real=0.03 secs] 
4927.296: [GC (Allocation Failure) [PSYoungGen: 495872K->112576K(526336K)] 526250K->275610K(1924608K), 0.1419429 secs] [Times: user=0.84 sys=0.01, real=0.14 secs] 
4928.472: [GC (Allocation Failure) [PSYoungGen: 466368K->147424K(521216K)] 629402K->419679K(1919488K), 0.0537666 secs] [Times: user=0.31 sys=0.01, real=0.06 secs] 
4929.908: [GC (Allocation Failure) [PSYoungGen: 498144K->111840K(524800K)] 770399K->522315K(1923072K), 0.0660404 secs] [Times: user=0.39 sys=0.00, real=0.07 secs] 
4930.992: [GC (Allocation Failure) [PSYoungGen: 462560K->144992K(521728K)] 873035K->663188K(1920000K), 0.0539588 secs] [Times: user=0.32 sys=0.00, real=0.05 secs] 
4933.018: [GC (Allocation Failure) [PSYoungGen: 494688K->109760K(524288K)] 1012884K->763504K(1922560K), 0.1025537 secs] [Times: user=0.60 sys=0.00, real=0.10 secs] 
4934.022: [GC (Allocation Failure) [PSYoungGen: 459456K->149696K(517632K)] 1113200K->909739K(1915904K), 0.0546445 secs] [Times: user=0.32 sys=0.00, real=0.06 secs] 
4936.070: [GC (Allocation Failure) [PSYoungGen: 494272K->104320K(521728K)] 1254315K->1005455K(1920000K), 0.1277063 secs] [Times: user=0.75 sys=0.01, real=0.13 secs] 
4937.157: [GC (Allocation Failure) [PSYoungGen: 448896K->145632K(517632K)] 1350031K->1146632K(1915904K), 0.0511933 secs] [Times: user=0.31 sys=0.00, real=0.05 secs] 
4938.855: [GC (Allocation Failure) [PSYoungGen: 487136K->108096K(520192K)] 1488136K->1245584K(1918464K), 0.0658179 secs] [Times: user=0.39 sys=0.01, real=0.06 secs] 
4939.929: [GC (Allocation Failure) [PSYoungGen: 449600K->142944K(519168K)] 1587088K->1384393K(1917440K), 0.0528321 secs] [Times: user=0.31 sys=0.00, real=0.05 secs] 
4939.982: [Full GC (Ergonomics) [PSYoungGen: 142944K->0K(519168K)] [ParOldGen: 1241449K->188430K(1398272K)] 1384393K->188430K(1917440K), [Metaspace: 60517K->60517K(1105920K)], 0.4599295 secs] [Times: user=2.16 sys=0.00, real=0.46 secs] 
4942.312: [GC (Allocation Failure) [PSYoungGen: 342528K->108288K(451072K)] 530958K->296718K(1849344K), 0.0719347 secs] [Times: user=0.42 sys=0.00, real=0.08 secs] 
4943.312: [GC (Allocation Failure) [PSYoungGen: 450816K->145760K(517632K)] 639246K->438719K(1915904K), 0.0516123 secs] [Times: user=0.30 sys=0.00, real=0.05 secs] 
4945.396: [GC (Allocation Failure) [PSYoungGen: 487264K->105952K(520192K)] 780223K->535415K(1918464K), 0.1520945 secs] [Times: user=0.89 sys=0.01, real=0.15 secs] 
4946.692: [GC (Allocation Failure) [PSYoungGen: 447456K->143968K(517632K)] 876919K->675168K(1915904K), 0.0513299 secs] [Times: user=0.30 sys=0.00, real=0.05 secs] 
4948.533: [GC (GCLocker Initiated GC) [PSYoungGen: 484448K->104160K(519680K)] 1015648K->770708K(1917952K), 0.1356611 secs] [Times: user=0.80 sys=0.01, real=0.13 secs] 
4949.857: [GC (Allocation Failure) [PSYoungGen: 444640K->143968K(517120K)] 1111259K->910272K(1915392K), 0.0517271 secs] [Times: user=0.30 sys=0.00, real=0.05 secs] 
4951.568: [GC (Allocation Failure) [PSYoungGen: 483424K->106176K(519168K)] 1249728K->1007224K(1917440K), 0.1337182 secs] [Times: user=0.79 sys=0.00, real=0.13 secs] 
4952.965: [GC (Allocation Failure) [PSYoungGen: 445632K->143456K(517120K)] 1346680K->1146221K(1915392K), 0.0529886 secs] [Times: user=0.31 sys=0.00, real=0.05 secs] 
4954.372: [GC (Allocation Failure) [PSYoungGen: 482912K->106304K(519168K)] 1485677K->1243261K(1917440K), 0.0949783 secs] [Times: user=0.57 sys=0.00, real=0.09 secs] 
4955.400: [GC (Allocation Failure) [PSYoungGen: 445760K->143360K(517632K)] 1582717K->1383358K(1915904K), 0.0541142 secs] [Times: user=0.32 sys=0.00, real=0.06 secs] 
4955.454: [Full GC (Ergonomics) [PSYoungGen: 143360K->0K(517632K)] [ParOldGen: 1239998K->181699K(1398272K)] 1383358K->181699K(1915904K), [Metaspace: 60517K->60517K(1105920K)], 0.4399092 secs] [Times: user=2.05 sys=0.00, real=0.44 secs] 
4957.178: [GC (Allocation Failure) [PSYoungGen: 339968K->105536K(519168K)] 521667K->287236K(1917440K), 0.0332583 secs] [Times: user=0.19 sys=0.00, real=0.03 secs] 
4958.563: [GC (Allocation Failure) [PSYoungGen: 445504K->141824K(518656K)] 627204K->426224K(1916928K), 0.0517427 secs] [Times: user=0.31 sys=0.00, real=0.05 secs] 
4960.162: [GC (Allocation Failure) [PSYoungGen: 482816K->107072K(448512K)] 767216K->523968K(1846784K), 0.0979492 secs] [Times: user=0.57 sys=0.00, real=0.10 secs] 
4961.511: [GC (Allocation Failure) [PSYoungGen: 448064K->141856K(517632K)] 864960K->662421K(1915904K), 0.0522135 secs] [Times: user=0.31 sys=0.00, real=0.06 secs] 
4962.861: [GC (Allocation Failure) [PSYoungGen: 482848K->109152K(519168K)] 1003413K->762269K(1917440K), 0.0677467 secs] [Times: user=0.40 sys=0.00, real=0.07 secs] 
4963.762: [GC (Allocation Failure) [PSYoungGen: 450144K->140096K(518656K)] 1103261K->899946K(1916928K), 0.0532602 secs] [Times: user=0.32 sys=0.00, real=0.06 secs] 
4965.588: [GC (Allocation Failure) [PSYoungGen: 483136K->108256K(519680K)] 1242986K->999034K(1917952K), 0.0654217 secs] [Times: user=0.39 sys=0.00, real=0.07 secs] 
4966.863: [GC (Allocation Failure) [PSYoungGen: 451296K->142496K(519680K)] 1342074K->1138723K(1917952K), 0.0543888 secs] [Times: user=0.32 sys=0.00, real=0.05 secs] 
4968.989: [GC (Allocation Failure) [PSYoungGen: 487584K->110400K(521216K)] 1483811K->1239959K(1919488K), 0.0765295 secs] [Times: user=0.46 sys=0.01, real=0.08 secs] 
4970.212: [GC (Allocation Failure) [PSYoungGen: 455488K->142336K(520704K)] 1585047K->1379728K(1918976K), 0.0546520 secs] [Times: user=0.32 sys=0.01, real=0.05 secs] 
4970.267: [Full GC (Ergonomics) [PSYoungGen: 142336K->0K(520704K)] [ParOldGen: 1237392K->178269K(1398272K)] 1379728K->178269K(1918976K), [Metaspace: 60519K->60519K(1105920K)], 0.4326153 secs] [Times: user=2.01 sys=0.00, real=0.43 secs] 
4971.929: [GC (Allocation Failure) [PSYoungGen: 346624K->110368K(522240K)] 524893K->288638K(1920512K), 0.0348854 secs] [Times: user=0.21 sys=0.00, real=0.04 secs] 
4972.612: [GC (Allocation Failure) [PSYoungGen: 456992K->146016K(519168K)] 635262K->430798K(1917440K), 0.0539094 secs] [Times: user=0.32 sys=0.00, real=0.05 secs] 
4974.654: [GC (Allocation Failure) [PSYoungGen: 491616K->107680K(522240K)] 776398K->529206K(1920512K), 0.1263296 secs] [Times: user=0.75 sys=0.00, real=0.12 secs] 
4975.569: [GC (GCLocker Initiated GC) [PSYoungGen: 453280K->145344K(519168K)] 874807K->670943K(1917440K), 0.0519667 secs] [Times: user=0.31 sys=0.00, real=0.05 secs] 
4977.363: [GC (Allocation Failure) [PSYoungGen: 489920K->108288K(521728K)] 1015522K->770090K(1920000K), 0.0889559 secs] [Times: user=0.47 sys=0.01, real=0.09 secs] 
4978.510: [GC (Allocation Failure) [PSYoungGen: 452864K->145344K(518144K)] 1114666K->911491K(1916416K), 0.0539230 secs] [Times: user=0.31 sys=0.00, real=0.06 secs] 
4979.935: [GC (Allocation Failure) [PSYoungGen: 487872K->108128K(520704K)] 1254019K->1010423K(1918976K), 0.0740019 secs] [Times: user=0.43 sys=0.00, real=0.07 secs] 
4980.581: [GC (Allocation Failure) [PSYoungGen: 450656K->144640K(518656K)] 1352951K->1152032K(1916928K), 0.0530957 secs] [Times: user=0.32 sys=0.00, real=0.06 secs] 
4982.874: [GC (Allocation Failure) [PSYoungGen: 487168K->106176K(520704K)] 1494560K->1249144K(1918976K), 0.1452478 secs] [Times: user=0.86 sys=0.00, real=0.14 secs] 
4984.264: [GC (Allocation Failure) [PSYoungGen: 448704K->144480K(518144K)] 1591672K->1389552K(1916416K), 0.0530403 secs] [Times: user=0.31 sys=0.01, real=0.05 secs] 
4984.317: [Full GC (Ergonomics) [PSYoungGen: 144480K->0K(518144K)] [ParOldGen: 1245072K->187208K(1398272K)] 1389552K->187208K(1916416K), [Metaspace: 60523K->60523K(1105920K)], 0.4462503 secs] [Times: user=2.08 sys=0.00, real=0.45 secs] 
4986.823: [GC (Allocation Failure) [PSYoungGen: 341504K->104736K(520192K)] 528712K->291944K(1918464K), 0.0730270 secs] [Times: user=0.43 sys=0.00, real=0.07 secs] 
4988.002: [GC (Allocation Failure) [PSYoungGen: 446240K->142880K(519168K)] 633448K->430781K(1917440K), 0.0512630 secs] [Times: user=0.30 sys=0.00, real=0.05 secs] 
4989.423: [GC (GCLocker Initiated GC) [PSYoungGen: 484384K->108608K(450560K)] 772293K->530645K(1848832K), 0.1005645 secs] [Times: user=0.60 sys=0.00, real=0.10 secs] 
4990.430: [GC (Allocation Failure) [PSYoungGen: 450112K->141792K(518144K)] 872152K->668153K(1916416K), 0.0524454 secs] [Times: user=0.30 sys=0.00, real=0.06 secs] 
4992.294: [GC (Allocation Failure) [PSYoungGen: 483296K->109184K(519168K)] 1009657K->767593K(1917440K), 0.1161454 secs] [Times: user=0.69 sys=0.00, real=0.11 secs] 
4993.534: [GC (Allocation Failure) [PSYoungGen: 450688K->144576K(517632K)] 1109097K->908290K(1915904K), 0.0532710 secs] [Times: user=0.31 sys=0.00, real=0.05 secs] 
4995.332: [GC (Allocation Failure) [PSYoungGen: 486592K->107360K(520192K)] 1250306K->1006346K(1918464K), 0.1053700 secs] [Times: user=0.62 sys=0.00, real=0.10 secs] 
4996.253: [GC (GCLocker Initiated GC) [PSYoungGen: 449376K->143712K(518656K)] 1348362K->1146295K(1916928K), 0.0532081 secs] [Times: user=0.31 sys=0.00, real=0.05 secs] 
4997.676: [GC (Allocation Failure) [PSYoungGen: 486240K->105504K(520704K)] 1488830K->1243062K(1918976K), 0.0659557 secs] [Times: user=0.39 sys=0.00, real=0.06 secs] 
4998.487: [GC (Allocation Failure) [PSYoungGen: 448032K->145280K(517120K)] 1585590K->1385087K(1915392K), 0.0529979 secs] [Times: user=0.31 sys=0.00, real=0.05 secs] 
4998.540: [Full GC (Ergonomics) [PSYoungGen: 145280K->0K(517120K)] [ParOldGen: 1239807K->183819K(1398272K)] 1385087K->183819K(1915392K), [Metaspace: 60523K->60523K(1105920K)], 0.4382295 secs] [Times: user=2.03 sys=0.00, real=0.44 secs] 
5000.902: [GC (Allocation Failure) [PSYoungGen: 340480K->106528K(519680K)] 524299K->290347K(1917952K), 0.0654358 secs] [Times: user=0.38 sys=0.00, real=0.06 secs] 
5002.673: [GC (Allocation Failure) [PSYoungGen: 447008K->141536K(519168K)] 630827K->427652K(1917440K), 0.0520816 secs] [Times: user=0.31 sys=0.00, real=0.05 secs] 
5004.555: [GC (Allocation Failure) [PSYoungGen: 483552K->110912K(453120K)] 769668K->529348K(1851392K), 0.0798818 secs] [Times: user=0.47 sys=0.00, real=0.08 secs] 
5005.671: [GC (Allocation Failure) [PSYoungGen: 452928K->141664K(518144K)] 871364K->665041K(1916416K), 0.0522522 secs] [Times: user=0.31 sys=0.00, real=0.06 secs] 
5007.234: [GC (Allocation Failure) [PSYoungGen: 484192K->109952K(519168K)] 1007569K->765941K(1917440K), 0.0692331 secs] [Times: user=0.41 sys=0.00, real=0.07 secs] 
5008.731: [GC (Allocation Failure) [PSYoungGen: 452480K->142304K(519680K)] 1108469K->904105K(1917952K), 0.0536757 secs] [Times: user=0.32 sys=0.00, real=0.06 secs] 
5010.682: [GC (Allocation Failure) [PSYoungGen: 487392K->110336K(521216K)] 1249193K->1005002K(1919488K), 0.1406104 secs] [Times: user=0.84 sys=0.00, real=0.14 secs] 
5012.179: [GC (Allocation Failure) [PSYoungGen: 455424K->144672K(519680K)] 1350090K->1145434K(1917952K), 0.0545872 secs] [Times: user=0.32 sys=0.00, real=0.06 secs] 
5013.819: [GC (Allocation Failure) [PSYoungGen: 490272K->109856K(522240K)] 1491034K->1245946K(1920512K), 0.1335132 secs] [Times: user=0.79 sys=0.00, real=0.14 secs] 
5014.920: [GC (Allocation Failure) [PSYoungGen: 455456K->147200K(518144K)] 1591546K->1389019K(1916416K), 0.0550461 secs] [Times: user=0.33 sys=0.00, real=0.06 secs] 
5014.975: [Full GC (Ergonomics) [PSYoungGen: 147200K->0K(518144K)] [ParOldGen: 1241819K->187058K(1398272K)] 1389019K->187058K(1916416K), [Metaspace: 60523K->60523K(1105920K)], 0.4562247 secs] [Times: user=2.14 sys=0.00, real=0.45 secs] 
5017.021: [GC (Allocation Failure) [PSYoungGen: 343552K->105600K(521216K)] 530610K->292658K(1919488K), 0.0483280 secs] [Times: user=0.28 sys=0.00, real=0.05 secs] 
5017.913: [GC (Allocation Failure) [PSYoungGen: 449152K->144896K(517632K)] 636210K->433907K(1915904K), 0.0515610 secs] [Times: user=0.30 sys=0.00, real=0.05 secs] 
5020.459: [GC (Allocation Failure) [PSYoungGen: 486400K->104256K(520192K)] 775411K->528891K(1918464K), 0.1588802 secs] [Times: user=0.95 sys=0.00, real=0.16 secs] 
5021.812: [GC (Allocation Failure) [PSYoungGen: 445760K->144096K(517632K)] 870395K->668944K(1915904K), 0.0507447 secs] [Times: user=0.30 sys=0.00, real=0.05 secs] 
5023.149: [GC (Allocation Failure) [PSYoungGen: 484576K->108800K(519680K)] 1009424K->768512K(1917952K), 0.0633303 secs] [Times: user=0.37 sys=0.00, real=0.07 secs] 
5024.101: [GC (Allocation Failure) [PSYoungGen: 449280K->143296K(518144K)] 1108992K->906421K(1916416K), 0.0524537 secs] [Times: user=0.31 sys=0.01, real=0.06 secs] 
5025.683: [GC (GCLocker Initiated GC) [PSYoungGen: 484288K->106784K(519680K)] 1247414K->1004390K(1917952K), 0.0995165 secs] [Times: user=0.59 sys=0.00, real=0.10 secs] 
5026.653: [GC (Allocation Failure) [PSYoungGen: 447776K->152416K(512512K)] 1345421K->1152994K(1910784K), 0.0529117 secs] [Times: user=0.31 sys=0.01, real=0.05 secs] 
5028.629: [GC (Allocation Failure) [PSYoungGen: 487776K->104800K(517120K)] 1488354K->1240310K(1915392K), 0.1212652 secs] [Times: user=0.69 sys=0.01, real=0.12 secs] 
5030.029: [GC (Allocation Failure) [PSYoungGen: 440160K->139872K(515584K)] 1575670K->1376938K(1913856K), 0.0520947 secs] [Times: user=0.31 sys=0.00, real=0.05 secs] 
5030.081: [Full GC (Ergonomics) [PSYoungGen: 139872K->0K(515584K)] [ParOldGen: 1237066K->175658K(1398272K)] 1376938K->175658K(1913856K), [Metaspace: 60523K->60523K(1105920K)], 0.4263024 secs] [Times: user=1.99 sys=0.00, real=0.43 secs] 
5031.799: [GC (Allocation Failure) [PSYoungGen: 336896K->105600K(517120K)] 512554K->281258K(1915392K), 0.0475139 secs] [Times: user=0.28 sys=0.00, real=0.05 secs] 
5032.557: [GC (Allocation Failure) [PSYoungGen: 442496K->141728K(517632K)] 618154K->420787K(1915904K), 0.0528624 secs] [Times: user=0.32 sys=0.00, real=0.05 secs] 
5034.151: [GC (Allocation Failure) [PSYoungGen: 480672K->105728K(444928K)] 759731K->517571K(1843200K), 0.0805978 secs] [Times: user=0.48 sys=0.00, real=0.08 secs] 
5035.509: [GC (Allocation Failure) [PSYoungGen: 444672K->140256K(517632K)] 856515K->654980K(1915904K), 0.0521445 secs] [Times: user=0.30 sys=0.00, real=0.05 secs] 
5037.336: [GC (Allocation Failure) [PSYoungGen: 480224K->107936K(518144K)] 994948K->753536K(1916416K), 0.0953293 secs] [Times: user=0.57 sys=0.00, real=0.09 secs] 
5039.297: [GC (Allocation Failure) [PSYoungGen: 447904K->146944K(516096K)] 1093504K->898469K(1914368K), 0.0537067 secs] [Times: user=0.32 sys=0.00, real=0.05 secs] 
5040.587: [GC (Allocation Failure) [PSYoungGen: 486912K->107552K(519168K)] 1238437K->988789K(1917440K), 0.0646007 secs] [Times: user=0.39 sys=0.00, real=0.06 secs] 
5041.798: [GC (Allocation Failure) [PSYoungGen: 447520K->139520K(519680K)] 1328757K->1125785K(1917952K), 0.0530452 secs] [Times: user=0.31 sys=0.00, real=0.05 secs] 
5043.139: [GC (GCLocker Initiated GC) [PSYoungGen: 482048K->110912K(453632K)] 1468315K->1227199K(1851904K), 0.0640192 secs] [Times: user=0.38 sys=0.00, real=0.07 secs] 
5045.055: [GC (Allocation Failure) [PSYoungGen: 453440K->138080K(519168K)] 1569730K->1363083K(1917440K), 0.0540533 secs] [Times: user=0.32 sys=0.00, real=0.05 secs] 
5046.541: [GC (Allocation Failure) [PSYoungGen: 482144K->113280K(519168K)] 1707147K->1466415K(1917440K), 0.0843194 secs] [Times: user=0.50 sys=0.00, real=0.09 secs] 
5046.626: [Full GC (Ergonomics) [PSYoungGen: 113280K->0K(519168K)] [ParOldGen: 1353135K->26230K(1398272K)] 1466415K->26230K(1917440K), [Metaspace: 60526K->60526K(1105920K)], 0.0429418 secs] [Times: user=0.13 sys=0.00, real=0.04 secs] 
5047.681: [GC (Allocation Failure) [PSYoungGen: 344064K->141632K(519680K)] 370294K->167862K(1917952K), 0.0281931 secs] [Times: user=0.17 sys=0.00, real=0.03 secs] 
5049.095: [GC (Allocation Failure) [PSYoungGen: 488768K->110656K(521216K)] 514998K->269334K(1919488K), 0.0670828 secs] [Times: user=0.40 sys=0.00, real=0.07 secs] 
5049.831: [GC (Allocation Failure) [PSYoungGen: 457792K->145056K(521728K)] 616470K->412306K(1920000K), 0.0536381 secs] [Times: user=0.32 sys=0.00, real=0.06 secs] 
5051.995: [GC (Allocation Failure) [PSYoungGen: 494752K->109056K(524288K)] 762002K->512554K(1922560K), 0.1185542 secs] [Times: user=0.70 sys=0.00, real=0.12 secs] 
5053.628: [GC (Allocation Failure) [PSYoungGen: 458752K->146080K(519680K)] 862250K->655259K(1917952K), 0.0531225 secs] [Times: user=0.31 sys=0.00, real=0.05 secs] 
5055.550: [GC (Allocation Failure) [PSYoungGen: 492704K->109920K(522752K)] 1001883K->755811K(1921024K), 0.1364501 secs] [Times: user=0.81 sys=0.00, real=0.14 secs] 
5056.906: [GC (Allocation Failure) [PSYoungGen: 456544K->143616K(520704K)] 1102435K->896360K(1918976K), 0.0526229 secs] [Times: user=0.31 sys=0.00, real=0.05 secs] 
5058.276: [GC (GCLocker Initiated GC) [PSYoungGen: 490240K->110848K(522752K)] 1242984K->998304K(1921024K), 0.0638055 secs] [Times: user=0.38 sys=0.00, real=0.06 secs] 
5059.318: [GC (Allocation Failure) [PSYoungGen: 457472K->152512K(514560K)] 1344966K->1147419K(1912832K), 0.0543396 secs] [Times: user=0.31 sys=0.00, real=0.06 secs] 
5061.547: [GC (Allocation Failure) [PSYoungGen: 492992K->105984K(519680K)] 1487899K->1236203K(1917952K), 0.1283515 secs] [Times: user=0.76 sys=0.00, real=0.13 secs] 
5062.904: [GC (GCLocker Initiated GC) [PSYoungGen: 446464K->141952K(519168K)] 1576684K->1374253K(1917440K), 0.0523042 secs] [Times: user=0.31 sys=0.00, real=0.05 secs] 
5062.956: [Full GC (Ergonomics) [PSYoungGen: 141952K->0K(519168K)] [ParOldGen: 1232301K->179092K(1398272K)] 1374253K->179092K(1917440K), [Metaspace: 60529K->60529K(1105920K)], 0.4257441 secs] [Times: user=1.98 sys=0.00, real=0.43 secs] 
5064.962: [GC (Allocation Failure) [PSYoungGen: 341504K->106432K(448000K)] 520598K->285526K(1846272K), 0.0716018 secs] [Times: user=0.42 sys=0.00, real=0.08 secs] 
5065.947: [GC (Allocation Failure) [PSYoungGen: 447936K->142336K(518656K)] 627030K->424743K(1916928K), 0.0522785 secs] [Times: user=0.31 sys=0.00, real=0.05 secs] 
5067.376: [GC (Allocation Failure) [PSYoungGen: 483840K->107296K(519680K)] 766247K->522631K(1917952K), 0.0633965 secs] [Times: user=0.37 sys=0.00, real=0.06 secs] 
5068.136: [GC (Allocation Failure) [PSYoungGen: 448800K->143904K(518656K)] 864135K->664548K(1916928K), 0.0531139 secs] [Times: user=0.31 sys=0.00, real=0.05 secs] 
5070.206: [GC (GCLocker Initiated GC) [PSYoungGen: 485920K->104224K(520192K)] 1006567K->759807K(1918464K), 0.1379608 secs] [Times: user=0.82 sys=0.01, real=0.14 secs] 
5072.372: [GC (Allocation Failure) [PSYoungGen: 446240K->142592K(518656K)] 1101826K->899395K(1916928K), 0.0523640 secs] [Times: user=0.31 sys=0.00, real=0.06 secs] 
5073.805: [GC (Allocation Failure) [PSYoungGen: 484096K->108000K(449536K)] 1240899K->998055K(1847808K), 0.0654163 secs] [Times: user=0.39 sys=0.00, real=0.06 secs] 
5075.009: [GC (Allocation Failure) [PSYoungGen: 449504K->141376K(518656K)] 1339559K->1136167K(1916928K), 0.0526257 secs] [Times: user=0.31 sys=0.00, real=0.05 secs] 
5076.369: [GC (Allocation Failure) [PSYoungGen: 483392K->108544K(519680K)] 1478183K->1235736K(1917952K), 0.0644223 secs] [Times: user=0.38 sys=0.00, real=0.07 secs] 
5077.133: [GC (Allocation Failure) [PSYoungGen: 450560K->142688K(518656K)] 1577752K->1375676K(1916928K), 0.0537495 secs] [Times: user=0.31 sys=0.00, real=0.05 secs] 
5077.187: [Full GC (Ergonomics) [PSYoungGen: 142688K->0K(518656K)] [ParOldGen: 1232988K->172424K(1398272K)] 1375676K->172424K(1916928K), [Metaspace: 60529K->60529K(1105920K)], 0.4069863 secs] [Times: user=1.89 sys=0.00, real=0.41 secs] 
5079.459: [GC (GCLocker Initiated GC) [PSYoungGen: 343040K->106688K(520192K)] 515464K->279112K(1918464K), 0.0926433 secs] [Times: user=0.54 sys=0.00, real=0.09 secs] 
5081.472: [GC (Allocation Failure) [PSYoungGen: 449728K->140768K(520192K)] 622155K->416744K(1918464K), 0.0525788 secs] [Times: user=0.31 sys=0.00, real=0.06 secs] 
5082.953: [GC (Allocation Failure) [PSYoungGen: 485856K->111296K(521216K)] 761832K->518584K(1919488K), 0.0795950 secs] [Times: user=0.47 sys=0.01, real=0.08 secs] 
5084.101: [GC (Allocation Failure) [PSYoungGen: 456384K->141024K(520704K)] 863672K->657267K(1918976K), 0.0539257 secs] [Times: user=0.32 sys=0.00, real=0.06 secs] 
5085.465: [GC (GCLocker Initiated GC) [PSYoungGen: 487648K->113088K(521728K)] 1003893K->761413K(1920000K), 0.0660712 secs] [Times: user=0.40 sys=0.00, real=0.06 secs] 
5086.274: [GC (Allocation Failure) [PSYoungGen: 459712K->144672K(519680K)] 1108039K->903240K(1917952K), 0.0542586 secs] [Times: user=0.32 sys=0.00, real=0.05 secs] 
5088.425: [GC (GCLocker Initiated GC) [PSYoungGen: 491808K->108416K(522240K)] 1250384K->1002248K(1920512K), 0.1194742 secs] [Times: user=0.71 sys=0.01, real=0.12 secs] 
5089.655: [GC (GCLocker Initiated GC) [PSYoungGen: 455552K->144768K(521216K)] 1349387K->1143928K(1919488K), 0.0533251 secs] [Times: user=0.31 sys=0.00, real=0.05 secs] 
5091.153: [GC (GCLocker Initiated GC) [PSYoungGen: 492416K->108448K(523264K)] 1491580K->1243288K(1921536K), 0.0930279 secs] [Times: user=0.55 sys=0.00, real=0.09 secs] 
5092.363: [GC (Allocation Failure) [PSYoungGen: 456096K->145120K(519680K)] 1590939K->1384800K(1917952K), 0.0532233 secs] [Times: user=0.32 sys=0.00, real=0.05 secs] 
5092.416: [Full GC (Ergonomics) [PSYoungGen: 145120K->0K(519680K)] [ParOldGen: 1239680K->182679K(1398272K)] 1384800K->182679K(1917952K), [Metaspace: 60529K->60529K(1105920K)], 0.4377046 secs] [Times: user=2.03 sys=0.01, real=0.44 secs] 
5094.206: [GC (Allocation Failure) [PSYoungGen: 345600K->107360K(522240K)] 528279K->290040K(1920512K), 0.0492305 secs] [Times: user=0.29 sys=0.00, real=0.05 secs] 
5095.606: [GC (GCLocker Initiated GC) [PSYoungGen: 452960K->144960K(518656K)] 635641K->431366K(1916928K), 0.0529971 secs] [Times: user=0.31 sys=0.00, real=0.05 secs] 
5097.804: [GC (Allocation Failure) [PSYoungGen: 488512K->106560K(521216K)] 774920K->529080K(1919488K), 0.0837242 secs] [Times: user=0.50 sys=0.00, real=0.08 secs] 
5099.616: [GC (Allocation Failure) [PSYoungGen: 450112K->142176K(520704K)] 872634K->667731K(1918976K), 0.0521567 secs] [Times: user=0.31 sys=0.00, real=0.05 secs] 
5101.753: [GC (Allocation Failure) [PSYoungGen: 486752K->107328K(452096K)] 1012307K->766143K(1850368K), 0.0907451 secs] [Times: user=0.54 sys=0.00, real=0.09 secs] 
5102.603: [GC (Allocation Failure) [PSYoungGen: 451904K->144896K(519168K)] 1110719K->907404K(1917440K), 0.0527080 secs] [Times: user=0.31 sys=0.00, real=0.05 secs] 
5104.720: [GC (Allocation Failure) [PSYoungGen: 488448K->107008K(521216K)] 1250956K->1005260K(1919488K), 0.1175339 secs] [Times: user=0.70 sys=0.00, real=0.12 secs] 
5105.594: [GC (Allocation Failure) [PSYoungGen: 450560K->145568K(517632K)] 1348812K->1146889K(1915904K), 0.0526924 secs] [Times: user=0.31 sys=0.00, real=0.05 secs] 
5107.700: [GC (Allocation Failure) [PSYoungGen: 487072K->106592K(520192K)] 1488393K->1244285K(1918464K), 0.1257709 secs] [Times: user=0.75 sys=0.01, real=0.13 secs] 
5108.800: [GC (Allocation Failure) [PSYoungGen: 448096K->144448K(517632K)] 1585789K->1384554K(1915904K), 0.0530977 secs] [Times: user=0.31 sys=0.00, real=0.06 secs] 
5108.853: [Full GC (Ergonomics) [PSYoungGen: 144448K->0K(517632K)] [ParOldGen: 1240106K->182897K(1398272K)] 1384554K->182897K(1915904K), [Metaspace: 60529K->60529K(1105920K)], 0.4332801 secs] [Times: user=2.00 sys=0.00, real=0.43 secs] 
5110.854: [GC (Allocation Failure) [PSYoungGen: 340480K->106112K(519680K)] 523377K->289009K(1917952K), 0.0430550 secs] [Times: user=0.25 sys=0.00, real=0.04 secs] 
5111.884: [GC (Allocation Failure) [PSYoungGen: 446592K->142240K(519168K)] 629489K->427174K(1917440K), 0.0520166 secs] [Times: user=0.31 sys=0.00, real=0.05 secs] 
5113.481: [GC (Allocation Failure) [PSYoungGen: 483744K->112384K(454144K)] 768678K->529810K(1852416K), 0.1114295 secs] [Times: user=0.66 sys=0.00, real=0.12 secs] 
5114.988: [GC (Allocation Failure) [PSYoungGen: 453888K->143584K(516096K)] 871314K->667826K(1914368K), 0.0532670 secs] [Times: user=0.32 sys=0.00, real=0.05 secs] 
5117.387: [GC (Allocation Failure) [PSYoungGen: 484064K->105056K(518144K)] 1008306K->764115K(1916416K), 0.0707000 secs] [Times: user=0.42 sys=0.00, real=0.07 secs] 
5118.382: [GC (Allocation Failure) [PSYoungGen: 445536K->142752K(519680K)] 1104595K->904486K(1917952K), 0.0737128 secs] [Times: user=0.44 sys=0.01, real=0.07 secs] 
5120.013: [GC (Allocation Failure) [PSYoungGen: 486304K->107936K(521216K)] 1248038K->1003950K(1919488K), 0.0692528 secs] [Times: user=0.41 sys=0.00, real=0.07 secs] 
5121.318: [GC (Allocation Failure) [PSYoungGen: 451488K->142304K(520192K)] 1347502K->1143967K(1918464K), 0.0540666 secs] [Times: user=0.32 sys=0.00, real=0.06 secs] 
5123.878: [GC (GCLocker Initiated GC) [PSYoungGen: 486368K->106944K(521216K)] 1488031K->1242375K(1919488K), 0.1500537 secs] [Times: user=0.89 sys=0.00, real=0.15 secs] 
5125.480: [GC (Allocation Failure) [PSYoungGen: 451008K->151040K(514048K)] 1586478K->1390269K(1912320K), 0.0542444 secs] [Times: user=0.32 sys=0.00, real=0.06 secs] 
5125.535: [Full GC (Ergonomics) [PSYoungGen: 151040K->0K(514048K)] [ParOldGen: 1239229K->178864K(1398272K)] 1390269K->178864K(1912320K), [Metaspace: 60530K->60530K(1105920K)], 0.4267250 secs] [Times: user=1.98 sys=0.00, real=0.42 secs] 
5127.408: [GC (Allocation Failure) [PSYoungGen: 338432K->104864K(518656K)] 517296K->283728K(1916928K), 0.0498701 secs] [Times: user=0.29 sys=0.00, real=0.05 secs] 
5128.422: [GC (Allocation Failure) [PSYoungGen: 443296K->141856K(518144K)] 622160K->422989K(1916416K), 0.0525210 secs] [Times: user=0.30 sys=0.00, real=0.05 secs] 
5130.981: [GC (Allocation Failure) [PSYoungGen: 481312K->104000K(443904K)] 762445K->518293K(1842176K), 0.1738206 secs] [Times: user=0.82 sys=0.01, real=0.18 secs] 
5133.190: [GC (Allocation Failure) [PSYoungGen: 443456K->139200K(518656K)] 857749K->654729K(1916928K), 0.0511943 secs] [Times: user=0.30 sys=0.00, real=0.05 secs] 
5134.603: [GC (Allocation Failure) [PSYoungGen: 479680K->108384K(518656K)] 995209K->753745K(1916928K), 0.0659581 secs] [Times: user=0.39 sys=0.00, real=0.06 secs] 
5135.637: [GC (Allocation Failure) [PSYoungGen: 448864K->141792K(517120K)] 1094225K->893470K(1915392K), 0.0533481 secs] [Times: user=0.31 sys=0.01, real=0.05 secs] 
5136.959: [GC (Allocation Failure) [PSYoungGen: 482784K->108544K(518656K)] 1234462K->992646K(1916928K), 0.0647047 secs] [Times: user=0.38 sys=0.00, real=0.07 secs] 
5137.800: [GC (Allocation Failure) [PSYoungGen: 449536K->143136K(518144K)] 1333638K->1133358K(1916416K), 0.0536209 secs] [Times: user=0.32 sys=0.01, real=0.06 secs] 
5140.011: [GC (Allocation Failure) [PSYoungGen: 486176K->106656K(520192K)] 1476398K->1231546K(1918464K), 0.0890084 secs] [Times: user=0.53 sys=0.00, real=0.09 secs] 
5141.640: [GC (Allocation Failure) [PSYoungGen: 449696K->142304K(520192K)] 1574586K->1370727K(1918464K), 0.0528722 secs] [Times: user=0.31 sys=0.00, real=0.06 secs] 
5143.220: [GC (Allocation Failure) [PSYoungGen: 486880K->110624K(455680K)] 1715303K->1471939K(1853952K), 0.1093310 secs] [Times: user=0.65 sys=0.00, real=0.11 secs] 
5143.329: [Full GC (Ergonomics) [PSYoungGen: 110624K->0K(455680K)] [ParOldGen: 1361315K->32150K(1398272K)] 1471939K->32150K(1853952K), [Metaspace: 60569K->60569K(1105920K)], 0.0849015 secs] [Times: user=0.32 sys=0.00, real=0.09 secs] 
5144.324: [GC (Allocation Failure) [PSYoungGen: 344576K->143776K(518656K)] 376726K->175926K(1916928K), 0.0288032 secs] [Times: user=0.17 sys=0.00, real=0.03 secs] 
5145.701: [GC (GCLocker Initiated GC) [PSYoungGen: 487840K->108448K(520704K)] 519990K->275198K(1918976K), 0.0656496 secs] [Times: user=0.39 sys=0.00, real=0.07 secs] 
5146.451: [GC (Allocation Failure) [PSYoungGen: 452512K->143200K(520192K)] 619265K->415750K(1918464K), 0.0525829 secs] [Times: user=0.31 sys=0.00, real=0.06 secs] 
5148.228: [GC (Allocation Failure) [PSYoungGen: 488800K->108960K(522240K)] 761350K->515334K(1920512K), 0.0988320 secs] [Times: user=0.58 sys=0.00, real=0.10 secs] 
5150.107: [GC (Allocation Failure) [PSYoungGen: 454560K->142304K(520704K)] 860934K->654795K(1918976K), 0.0527675 secs] [Times: user=0.31 sys=0.01, real=0.05 secs] 
5151.706: [GC (Allocation Failure) [PSYoungGen: 488416K->110944K(522240K)] 1000907K->756427K(1920512K), 0.0838101 secs] [Times: user=0.50 sys=0.00, real=0.08 secs] 
5152.591: [GC (Allocation Failure) [PSYoungGen: 457056K->145984K(519680K)] 1102539K->899992K(1917952K), 0.0539176 secs] [Times: user=0.32 sys=0.00, real=0.06 secs] 
5154.481: [GC (Allocation Failure) [PSYoungGen: 491584K->107200K(522240K)] 1245592K->998448K(1920512K), 0.1594344 secs] [Times: user=0.95 sys=0.01, real=0.16 secs] 
5155.517: [GC (GCLocker Initiated GC) [PSYoungGen: 452800K->144544K(518656K)] 1344048K->1138853K(1916928K), 0.0525123 secs] [Times: user=0.31 sys=0.00, real=0.05 secs] 
5157.776: [GC (Allocation Failure) [PSYoungGen: 488096K->105536K(521216K)] 1482408K->1235336K(1919488K), 0.1522794 secs] [Times: user=0.90 sys=0.00, real=0.15 secs] 
5159.262: [GC (Allocation Failure) [PSYoungGen: 449088K->143488K(519680K)] 1578888K->1375313K(1917952K), 0.0519415 secs] [Times: user=0.31 sys=0.00, real=0.05 secs] 
5159.314: [Full GC (Ergonomics) [PSYoungGen: 143488K->0K(519680K)] [ParOldGen: 1231825K->179276K(1398272K)] 1375313K->179276K(1917952K), [Metaspace: 60569K->60569K(1105920K)], 0.4346227 secs] [Times: user=2.03 sys=0.00, real=0.43 secs] 
5161.616: [GC (Allocation Failure) [PSYoungGen: 343552K->107584K(521216K)] 522828K->286861K(1919488K), 0.0927658 secs] [Times: user=0.54 sys=0.01, real=0.09 secs] 
5163.197: [GC (Allocation Failure) [PSYoungGen: 451136K->140672K(520704K)] 630413K->424277K(1918976K), 0.0528066 secs] [Times: user=0.31 sys=0.00, real=0.05 secs] 
5164.536: [GC (Allocation Failure) [PSYoungGen: 485248K->113472K(458240K)] 768853K->528805K(1856512K), 0.0637974 secs] [Times: user=0.38 sys=0.00, real=0.06 secs] 
5165.470: [GC (Allocation Failure) [PSYoungGen: 458048K->144416K(518144K)] 873381K->667194K(1916416K), 0.0534572 secs] [Times: user=0.32 sys=0.00, real=0.06 secs] 
5167.815: [GC (Allocation Failure) [PSYoungGen: 488480K->107392K(520192K)] 1011258K->765210K(1918464K), 0.1174026 secs] [Times: user=0.70 sys=0.00, real=0.12 secs] 
5169.586: [GC (Allocation Failure) [PSYoungGen: 451456K->143328K(520192K)] 1109274K->904747K(1918464K), 0.0532173 secs] [Times: user=0.32 sys=0.00, real=0.05 secs] 
5171.154: [GC (GCLocker Initiated GC) [PSYoungGen: 488928K->109216K(522240K)] 1250348K->1004772K(1920512K), 0.1261974 secs] [Times: user=0.75 sys=0.00, real=0.12 secs] 
5172.474: [GC (GCLocker Initiated GC) [PSYoungGen: 454816K->142912K(520704K)] 1350375K->1144151K(1918976K), 0.0537226 secs] [Times: user=0.32 sys=0.00, real=0.05 secs] 
5174.580: [GC (Allocation Failure) [PSYoungGen: 489024K->108160K(522240K)] 1490267K->1243115K(1920512K), 0.1247320 secs] [Times: user=0.74 sys=0.01, real=0.13 secs] 
5175.577: [GC (Allocation Failure) [PSYoungGen: 454272K->146528K(518144K)] 1589227K->1387768K(1916416K), 0.0523623 secs] [Times: user=0.31 sys=0.00, real=0.05 secs] 
5175.630: [Full GC (Ergonomics) [PSYoungGen: 146528K->0K(518144K)] [ParOldGen: 1241240K->184232K(1398272K)] 1387768K->184232K(1916416K), [Metaspace: 60569K->60569K(1105920K)], 0.4464142 secs] [Times: user=2.09 sys=0.00, real=0.45 secs] 
5178.186: [GC (Allocation Failure) [PSYoungGen: 343552K->104448K(521216K)] 527784K->288680K(1919488K), 0.0717691 secs] [Times: user=0.42 sys=0.00, real=0.07 secs] 
5179.699: [GC (GCLocker Initiated GC) [PSYoungGen: 448000K->144576K(518144K)] 632232K->429461K(1916416K), 0.0516927 secs] [Times: user=0.31 sys=0.00, real=0.05 secs] 
5181.183: [GC (Allocation Failure) [PSYoungGen: 486080K->104384K(520192K)] 773017K->527057K(1918464K), 0.0748670 secs] [Times: user=0.44 sys=0.00, real=0.07 secs] 
5181.932: [GC (GCLocker Initiated GC) [PSYoungGen: 445888K->144256K(517632K)] 868562K->670348K(1915904K), 0.0524099 secs] [Times: user=0.30 sys=0.00, real=0.05 secs] 
5184.215: [GC (Allocation Failure) [PSYoungGen: 484736K->104672K(519680K)] 1010899K->766539K(1917952K), 0.1315307 secs] [Times: user=0.79 sys=0.01, real=0.13 secs] 
5186.087: [GC (Allocation Failure) [PSYoungGen: 445152K->142016K(518144K)] 1107019K->905779K(1916416K), 0.0520951 secs] [Times: user=0.31 sys=0.00, real=0.05 secs] 
5187.509: [GC (GCLocker Initiated GC) [PSYoungGen: 482496K->106048K(446976K)] 1246260K->1002668K(1845248K), 0.0893674 secs] [Times: user=0.53 sys=0.00, real=0.09 secs] 
5188.658: [GC (Allocation Failure) [PSYoungGen: 446528K->142976K(517632K)] 1343219K->1142984K(1915904K), 0.0527429 secs] [Times: user=0.31 sys=0.00, real=0.05 secs] 
5190.417: [GC (Allocation Failure) [PSYoungGen: 483456K->105344K(519168K)] 1483464K->1239496K(1917440K), 0.0964450 secs] [Times: user=0.58 sys=0.00, real=0.10 secs] 
5191.842: [GC (Allocation Failure) [PSYoungGen: 445824K->140480K(519680K)] 1579976K->1377377K(1917952K), 0.0527924 secs] [Times: user=0.31 sys=0.00, real=0.06 secs] 
5191.894: [Full GC (Ergonomics) [PSYoungGen: 140480K->0K(519680K)] [ParOldGen: 1236897K->172000K(1398272K)] 1377377K->172000K(1917952K), [Metaspace: 60569K->60569K(1105920K)], 0.4105213 secs] [Times: user=1.91 sys=0.00, real=0.41 secs] 
5194.111: [GC (Allocation Failure) [PSYoungGen: 342528K->106048K(520192K)] 514528K->278048K(1918464K), 0.0693224 secs] [Times: user=0.40 sys=0.00, real=0.07 secs] 
5196.007: [GC (Allocation Failure) [PSYoungGen: 448576K->140224K(519168K)] 620576K->415640K(1917440K), 0.0524363 secs] [Times: user=0.31 sys=0.01, real=0.05 secs] 
5197.343: [GC (Allocation Failure) [PSYoungGen: 483264K->109024K(520192K)] 758680K->515424K(1918464K), 0.0640653 secs] [Times: user=0.38 sys=0.00, real=0.06 secs] 
5198.128: [GC (Allocation Failure) [PSYoungGen: 452064K->143424K(518144K)] 858464K->656745K(1916416K), 0.0531081 secs] [Times: user=0.31 sys=0.01, real=0.05 secs] 
5199.981: [GC (Allocation Failure) [PSYoungGen: 486976K->107744K(520192K)] 1000297K->755609K(1918464K), 0.1506601 secs] [Times: user=0.89 sys=0.00, real=0.15 secs] 
5201.494: [GC (Allocation Failure) [PSYoungGen: 451296K->142496K(520192K)] 1099161K->894734K(1918464K), 0.0528630 secs] [Times: user=0.31 sys=0.00, real=0.05 secs] 
5203.370: [GC (Allocation Failure) [PSYoungGen: 488096K->109056K(522240K)] 1240334K->994326K(1920512K), 0.1277717 secs] [Times: user=0.76 sys=0.00, real=0.13 secs] 
5205.315: [GC (Allocation Failure) [PSYoungGen: 454656K->141536K(521216K)] 1339926K->1132698K(1919488K), 0.0534822 secs] [Times: user=0.31 sys=0.00, real=0.05 secs] 
5206.657: [GC (Allocation Failure) [PSYoungGen: 488160K->111712K(458752K)] 1479322K->1234974K(1857024K), 0.0655165 secs] [Times: user=0.39 sys=0.00, real=0.07 secs] 
5207.456: [GC (Allocation Failure) [PSYoungGen: 458336K->144544K(519168K)] 1581598K->1377247K(1917440K), 0.0549882 secs] [Times: user=0.32 sys=0.01, real=0.05 secs] 
5209.582: [GC (Allocation Failure) [PSYoungGen: 490656K->109376K(521728K)] 1723359K->1477511K(1920000K), 0.1487639 secs] [Times: user=0.88 sys=0.01, real=0.14 secs] 
5209.731: [Full GC (Ergonomics) [PSYoungGen: 109376K->0K(521728K)] [ParOldGen: 1368135K->37108K(1398272K)] 1477511K->37108K(1920000K), [Metaspace: 60569K->60569K(1105920K)], 0.1150651 secs] [Times: user=0.45 sys=0.00, real=0.12 secs] 
5211.379: [GC (Allocation Failure) [PSYoungGen: 346112K->144000K(520704K)] 383220K->181108K(1918976K), 0.0286288 secs] [Times: user=0.16 sys=0.01, real=0.03 secs] 
5213.235: [GC (Allocation Failure) [PSYoungGen: 490624K->109120K(522752K)] 527732K->281092K(1921024K), 0.1169093 secs] [Times: user=0.70 sys=0.00, real=0.12 secs] 
5214.056: [GC (Allocation Failure) [PSYoungGen: 455744K->144704K(519680K)] 627716K->422920K(1917952K), 0.0528794 secs] [Times: user=0.31 sys=0.00, real=0.05 secs] 
5215.645: [GC (Allocation Failure) [PSYoungGen: 490304K->110400K(522240K)] 768520K->524089K(1920512K), 0.0689165 secs] [Times: user=0.40 sys=0.01, real=0.07 secs] 
5216.612: [GC (Allocation Failure) [PSYoungGen: 456000K->147744K(518144K)] 869689K->665213K(1916416K), 0.0525603 secs] [Times: user=0.31 sys=0.00, real=0.05 secs] 
5218.855: [GC (Allocation Failure) [PSYoungGen: 491296K->107552K(521216K)] 1008765K->763885K(1919488K), 0.1199428 secs] [Times: user=0.70 sys=0.01, real=0.12 secs] 
5220.617: [GC (Allocation Failure) [PSYoungGen: 451104K->143168K(519680K)] 1107437K->902790K(1917952K), 0.0527346 secs] [Times: user=0.31 sys=0.00, real=0.05 secs] 
5222.582: [GC (Allocation Failure) [PSYoungGen: 486720K->107072K(521216K)] 1246342K->1000662K(1919488K), 0.1084361 secs] [Times: user=0.65 sys=0.00, real=0.10 secs] 
5224.611: [GC (Allocation Failure) [PSYoungGen: 450624K->143936K(518656K)] 1344214K->1140155K(1916928K), 0.0525207 secs] [Times: user=0.31 sys=0.00, real=0.06 secs] 
5226.575: [GC (Allocation Failure) [PSYoungGen: 486464K->107840K(520704K)] 1482683K->1238543K(1918976K), 0.1334157 secs] [Times: user=0.79 sys=0.00, real=0.13 secs] 
5228.556: [GC (Allocation Failure) [PSYoungGen: 450368K->150272K(514560K)] 1581071K->1384556K(1912832K), 0.0534464 secs] [Times: user=0.32 sys=0.00, real=0.05 secs] 
5228.610: [Full GC (Ergonomics) [PSYoungGen: 150272K->0K(514560K)] [ParOldGen: 1234284K->181849K(1398272K)] 1384556K->181849K(1912832K), [Metaspace: 60569K->60569K(1105920K)], 0.4370668 secs] [Times: user=2.03 sys=0.00, real=0.44 secs] 
5230.719: [GC (Allocation Failure) [PSYoungGen: 338432K->104064K(518656K)] 520281K->285913K(1916928K), 0.0505726 secs] [Times: user=0.30 sys=0.00, real=0.05 secs] 
5232.044: [GC (Allocation Failure) [PSYoungGen: 442496K->140160K(517632K)] 624345K->422742K(1915904K), 0.0513213 secs] [Times: user=0.30 sys=0.00, real=0.05 secs] 
5233.516: [GC (Allocation Failure) [PSYoungGen: 479616K->109376K(518656K)] 762198K->523190K(1916928K), 0.0677639 secs] [Times: user=0.38 sys=0.00, real=0.07 secs] 
5234.876: [GC (Allocation Failure) [PSYoungGen: 448832K->139200K(518656K)] 862646K->659779K(1916928K), 0.0527927 secs] [Times: user=0.31 sys=0.00, real=0.05 secs] 
5236.414: [GC (Allocation Failure) [PSYoungGen: 480704K->109888K(518656K)] 1001283K->760335K(1916928K), 0.0967978 secs] [Times: user=0.57 sys=0.00, real=0.09 secs] 
5237.795: [GC (Allocation Failure) [PSYoungGen: 451392K->141056K(518656K)] 1101839K->898028K(1916928K), 0.0535955 secs] [Times: user=0.31 sys=0.00, real=0.05 secs] 
5239.404: [GC (GCLocker Initiated GC) [PSYoungGen: 484608K->110912K(519680K)] 1241580K->999024K(1917952K), 0.0702530 secs] [Times: user=0.41 sys=0.00, real=0.07 secs] 
5240.216: [GC (GCLocker Initiated GC) [PSYoungGen: 454464K->141728K(519680K)] 1342578K->1138631K(1917952K), 0.0540898 secs] [Times: user=0.32 sys=0.00, real=0.05 secs] 
5242.108: [GC (GCLocker Initiated GC) [PSYoungGen: 487840K->108416K(521216K)] 1484745K->1238045K(1919488K), 0.1697506 secs] [Times: user=1.01 sys=0.00, real=0.17 secs] 
5243.808: [GC (Allocation Failure) [PSYoungGen: 454528K->151648K(515584K)] 1584160K->1386741K(1913856K), 0.0541150 secs] [Times: user=0.32 sys=0.00, real=0.06 secs] 
5243.862: [Full GC (Ergonomics) [PSYoungGen: 151648K->0K(515584K)] [ParOldGen: 1235093K->177224K(1398272K)] 1386741K->177224K(1913856K), [Metaspace: 60569K->60569K(1105920K)], 0.4276463 secs] [Times: user=1.99 sys=0.00, real=0.42 secs] 
5246.074: [GC (Allocation Failure) [PSYoungGen: 342528K->106656K(520704K)] 519752K->283880K(1918976K), 0.0884605 secs] [Times: user=0.52 sys=0.00, real=0.09 secs] 
5248.477: [GC (Allocation Failure) [PSYoungGen: 449184K->140352K(520192K)] 626408K->421109K(1918464K), 0.0528540 secs] [Times: user=0.31 sys=0.00, real=0.05 secs] 
5250.105: [GC (Allocation Failure) [PSYoungGen: 484416K->108576K(521216K)] 765173K->520297K(1919488K), 0.0752918 secs] [Times: user=0.45 sys=0.00, real=0.07 secs] 
5250.921: [GC (Allocation Failure) [PSYoungGen: 452640K->143936K(519680K)] 864361K->660910K(1917952K), 0.0529778 secs] [Times: user=0.31 sys=0.00, real=0.06 secs] 
5252.276: [GC (Allocation Failure) [PSYoungGen: 488000K->109760K(521216K)] 1004974K->761246K(1919488K), 0.0646098 secs] [Times: user=0.38 sys=0.00, real=0.06 secs] 
5253.861: [GC (Allocation Failure) [PSYoungGen: 453824K->142560K(519680K)] 1105310K->901415K(1917952K), 0.0534320 secs] [Times: user=0.31 sys=0.00, real=0.06 secs] 
5255.656: [GC (Allocation Failure) [PSYoungGen: 487129K->106656K(521216K)] 1245984K->999203K(1919488K), 0.0994365 secs] [Times: user=0.59 sys=0.00, real=0.10 secs] 
5257.557: [GC (Allocation Failure) [PSYoungGen: 451232K->143136K(519680K)] 1343779K->1139190K(1917952K), 0.0529478 secs] [Times: user=0.31 sys=0.00, real=0.05 secs] 
5258.897: [GC (Allocation Failure) [PSYoungGen: 487712K->110464K(455168K)] 1483766K->1240750K(1853440K), 0.0659758 secs] [Times: user=0.39 sys=0.00, real=0.07 secs] 
5260.335: [GC (Allocation Failure) [PSYoungGen: 455040K->141376K(520192K)] 1585326K->1379115K(1918464K), 0.0537773 secs] [Times: user=0.32 sys=0.00, real=0.05 secs] 
5260.389: [Full GC (Ergonomics) [PSYoungGen: 141376K->0K(520192K)] [ParOldGen: 1237739K->178195K(1398272K)] 1379115K->178195K(1918464K), [Metaspace: 60575K->60575K(1105920K)], 0.4226824 secs] [Times: user=1.96 sys=0.00, real=0.42 secs] 
5262.616: [GC (GCLocker Initiated GC) [PSYoungGen: 345600K->109216K(521216K)] 523795K->287411K(1919488K), 0.0934558 secs] [Times: user=0.55 sys=0.00, real=0.09 secs] 
5264.130: [GC (Allocation Failure) [PSYoungGen: 454816K->142944K(521216K)] 633015K->427164K(1919488K), 0.0533401 secs] [Times: user=0.31 sys=0.01, real=0.06 secs] 
5265.903: [GC (Allocation Failure) [PSYoungGen: 490080K->112128K(459776K)] 774300K->530116K(1858048K), 0.0918863 secs] [Times: user=0.55 sys=0.01, real=0.09 secs] 
5267.101: [GC (GCLocker Initiated GC) [PSYoungGen: 459264K->146624K(518656K)] 877252K->670264K(1916928K), 0.0527722 secs] [Times: user=0.30 sys=0.01, real=0.06 secs] 
5268.529: [GC (Allocation Failure) [PSYoungGen: 492224K->112320K(522240K)] 1015867K->773351K(1920512K), 0.0988509 secs] [Times: user=0.58 sys=0.00, real=0.10 secs] 
5269.483: [GC (Allocation Failure) [PSYoungGen: 457920K->145792K(519680K)] 1118951K->912956K(1917952K), 0.0537786 secs] [Times: user=0.31 sys=0.01, real=0.05 secs] 
5271.791: [GC (Allocation Failure) [PSYoungGen: 491392K->105216K(522240K)] 1258556K->1009376K(1920512K), 0.1550331 secs] [Times: user=0.92 sys=0.01, real=0.16 secs] 
5273.691: [GC (Allocation Failure) [PSYoungGen: 450816K->144384K(519168K)] 1354976K->1149613K(1917440K), 0.0525840 secs] [Times: user=0.31 sys=0.00, real=0.06 secs] 
5275.452: [GC (Allocation Failure) [PSYoungGen: 487936K->106656K(521216K)] 1493165K->1246989K(1919488K), 0.1199345 secs] [Times: user=0.70 sys=0.01, real=0.12 secs] 
5277.310: [GC (Allocation Failure) [PSYoungGen: 450208K->144736K(518656K)] 1590541K->1387046K(1916928K), 0.0527557 secs] [Times: user=0.31 sys=0.00, real=0.06 secs] 
5277.363: [Full GC (Ergonomics) [PSYoungGen: 144736K->0K(518656K)] [ParOldGen: 1242310K->186380K(1398272K)] 1387046K->186380K(1916928K), [Metaspace: 60576K->60576K(1105920K)], 0.4498237 secs] [Times: user=2.10 sys=0.00, real=0.45 secs] 
5280.059: [GC (Allocation Failure) [PSYoungGen: 342528K->107200K(520704K)] 528908K->293580K(1918976K), 0.0745316 secs] [Times: user=0.43 sys=0.01, real=0.08 secs] 
5280.874: [GC (Allocation Failure) [PSYoungGen: 449728K->146848K(516096K)] 636108K->433865K(1914368K), 0.0510582 secs] [Times: user=0.30 sys=0.00, real=0.05 secs] 
5283.547: [GC (Allocation Failure) [PSYoungGen: 486304K->103648K(519168K)] 773321K->528713K(1917440K), 0.1468641 secs] [Times: user=0.87 sys=0.00, real=0.15 secs] 
5284.710: [GC (Allocation Failure) [PSYoungGen: 443104K->143712K(517632K)] 868169K->667842K(1915904K), 0.0530522 secs] [Times: user=0.25 sys=0.00, real=0.06 secs] 
5286.307: [GC (Allocation Failure) [PSYoungGen: 481612K->105216K(519168K)] 1005743K->763750K(1917440K), 0.0902072 secs] [Times: user=0.54 sys=0.00, real=0.09 secs] 
5287.591: [GC (Allocation Failure) [PSYoungGen: 444672K->140960K(518144K)] 1103206K->901923K(1916416K), 0.0518819 secs] [Times: user=0.31 sys=0.00, real=0.06 secs] 
5289.429: [GC (Allocation Failure) [PSYoungGen: 480928K->105632K(445952K)] 1241891K->998547K(1844224K), 0.1180477 secs] [Times: user=0.70 sys=0.00, real=0.12 secs] 
5291.333: [GC (Allocation Failure) [PSYoungGen: 445600K->141440K(517632K)] 1338515K->1136736K(1915904K), 0.0518213 secs] [Times: user=0.31 sys=0.00, real=0.05 secs] 
5292.871: [GC (Allocation Failure) [PSYoungGen: 481920K->108960K(518656K)] 1477216K->1236208K(1916928K), 0.0878936 secs] [Times: user=0.52 sys=0.00, real=0.09 secs] 
5293.866: [GC (Allocation Failure) [PSYoungGen: 449440K->139968K(519168K)] 1576688K->1373784K(1917440K), 0.0536888 secs] [Times: user=0.31 sys=0.01, real=0.05 secs] 
5293.919: [Full GC (Ergonomics) [PSYoungGen: 139968K->0K(519168K)] [ParOldGen: 1233816K->172999K(1398272K)] 1373784K->172999K(1917440K), [Metaspace: 60577K->60577K(1105920K)], 0.4156506 secs] [Times: user=1.93 sys=0.00, real=0.42 secs] 
5296.448: [GC (Allocation Failure) [PSYoungGen: 343040K->107584K(519680K)] 516039K->280583K(1917952K), 0.0348918 secs] [Times: user=0.20 sys=0.00, real=0.04 secs] 
5297.857: [GC (Allocation Failure) [PSYoungGen: 450624K->140864K(519168K)] 623623K->418716K(1917440K), 0.0537483 secs] [Times: user=0.31 sys=0.00, real=0.05 secs] 
5299.676: [GC (Allocation Failure) [PSYoungGen: 485440K->110464K(520704K)] 763292K->519516K(1918976K), 0.1250398 secs] [Times: user=0.74 sys=0.01, real=0.12 secs] 
5300.744: [GC (Allocation Failure) [PSYoungGen: 455040K->143872K(519168K)] 864092K->660565K(1917440K), 0.0537196 secs] [Times: user=0.31 sys=0.00, real=0.05 secs] 
5302.050: [GC (Allocation Failure) [PSYoungGen: 489472K->109664K(521728K)] 1006165K->761017K(1920000K), 0.0642811 secs] [Times: user=0.38 sys=0.00, real=0.07 secs] 
5303.359: [GC (Allocation Failure) [PSYoungGen: 455264K->153568K(513024K)] 1106617K->911360K(1911296K), 0.0535302 secs] [Times: user=0.31 sys=0.00, real=0.06 secs] 
5304.668: [GC (GCLocker Initiated GC) [PSYoungGen: 493024K->107104K(519168K)] 1250816K->1001336K(1917440K), 0.0635640 secs] [Times: user=0.38 sys=0.00, real=0.06 secs] 
5306.192: [GC (Allocation Failure) [PSYoungGen: 446560K->140512K(518144K)] 1340795K->1139196K(1916416K), 0.0525638 secs] [Times: user=0.31 sys=0.00, real=0.06 secs] 
5307.669: [GC (Allocation Failure) [PSYoungGen: 482016K->107872K(519680K)] 1480700K->1237792K(1917952K), 0.0794323 secs] [Times: user=0.47 sys=0.00, real=0.08 secs] 
5309.556: [GC (Allocation Failure) [PSYoungGen: 449376K->141920K(518656K)] 1579296K->1376509K(1916928K), 0.0532871 secs] [Times: user=0.31 sys=0.00, real=0.05 secs] 
5309.610: [Full GC (Ergonomics) [PSYoungGen: 141920K->0K(518656K)] [ParOldGen: 1234588K->174947K(1398272K)] 1376509K->174947K(1916928K), [Metaspace: 60577K->60577K(1105920K)], 0.4277796 secs] [Times: user=2.01 sys=0.00, real=0.43 secs] 
5311.293: [GC (Allocation Failure) [PSYoungGen: 342528K->109984K(520192K)] 517475K->284932K(1918464K), 0.0451137 secs] [Times: user=0.26 sys=0.00, real=0.04 secs] 
5312.449: [GC (Allocation Failure) [PSYoungGen: 452512K->141024K(519168K)] 627460K->422988K(1917440K), 0.0540133 secs] [Times: user=0.32 sys=0.00, real=0.06 secs] 
5313.993: [GC (Allocation Failure) [PSYoungGen: 485088K->109248K(520192K)] 767052K->522844K(1918464K), 0.1094808 secs] [Times: user=0.65 sys=0.01, real=0.11 secs] 
5315.226: [GC (Allocation Failure) [PSYoungGen: 453312K->143584K(519680K)] 866908K->663565K(1917952K), 0.0535017 secs] [Times: user=0.32 sys=0.00, real=0.05 secs] 
5317.100: [GC (Allocation Failure) [PSYoungGen: 489184K->108640K(521728K)] 1009165K->762821K(1920000K), 0.1634139 secs] [Times: user=0.96 sys=0.01, real=0.17 secs] 
5318.914: [GC (Allocation Failure) [PSYoungGen: 454240K->142208K(521216K)] 1108421K->901742K(1919488K), 0.0532279 secs] [Times: user=0.31 sys=0.00, real=0.05 secs] 
5320.246: [GC (Allocation Failure) [PSYoungGen: 488832K->109664K(456704K)] 1248366K->1002110K(1854976K), 0.0649591 secs] [Times: user=0.39 sys=0.00, real=0.06 secs] 
5321.314: [GC (Allocation Failure) [PSYoungGen: 456288K->143936K(520192K)] 1348734K->1143283K(1918464K), 0.0537928 secs] [Times: user=0.32 sys=0.00, real=0.05 secs] 
5323.217: [GC (Allocation Failure) [PSYoungGen: 490048K->108768K(522240K)] 1489395K->1243067K(1920512K), 0.1543376 secs] [Times: user=0.92 sys=0.00, real=0.15 secs] 
5324.122: [GC (Allocation Failure) [PSYoungGen: 454880K->146336K(518656K)] 1589179K->1385388K(1916928K), 0.0538899 secs] [Times: user=0.32 sys=0.00, real=0.05 secs] 
5324.176: [Full GC (Ergonomics) [PSYoungGen: 146336K->0K(518656K)] [ParOldGen: 1239052K->183573K(1398272K)] 1385388K->183573K(1916928K), [Metaspace: 60577K->60577K(1105920K)], 0.4437441 secs] [Times: user=2.07 sys=0.01, real=0.44 secs] 
5326.477: [GC (GCLocker Initiated GC) [PSYoungGen: 344576K->106976K(521728K)] 528149K->290549K(1920000K), 0.0910178 secs] [Times: user=0.54 sys=0.00, real=0.09 secs] 
5327.744: [GC (Allocation Failure) [PSYoungGen: 451552K->144704K(519168K)] 635164K->431125K(1917440K), 0.0523299 secs] [Times: user=0.31 sys=0.00, real=0.05 secs] 
5329.125: [GC (Allocation Failure) [PSYoungGen: 488256K->109728K(521216K)] 774677K->531621K(1919488K), 0.0660996 secs] [Times: user=0.39 sys=0.00, real=0.06 secs] 
5329.902: [GC (Allocation Failure) [PSYoungGen: 453280K->153792K(512000K)] 875173K->681162K(1910272K), 0.0532257 secs] [Times: user=0.31 sys=0.01, real=0.05 secs] 
5331.631: [GC (Allocation Failure) [PSYoungGen: 488131K->101856K(517632K)] 1015501K->765526K(1915904K), 0.0888457 secs] [Times: user=0.53 sys=0.00, real=0.09 secs] 
5333.098: [GC (GCLocker Initiated GC) [PSYoungGen: 438240K->141472K(517632K)] 1101912K->903429K(1915904K), 0.0511295 secs] [Times: user=0.30 sys=0.00, real=0.05 secs] 
5334.725: [GC (Allocation Failure) [PSYoungGen: 478880K->104192K(441856K)] 1240838K->998662K(1840128K), 0.1040571 secs] [Times: user=0.61 sys=0.00, real=0.10 secs] 
5336.088: [GC (Allocation Failure) [PSYoungGen: 441600K->141664K(516096K)] 1336070K->1137387K(1914368K), 0.0525905 secs] [Times: user=0.31 sys=0.00, real=0.05 secs] 
5337.493: [GC (Allocation Failure) [PSYoungGen: 478560K->104672K(517120K)] 1474283K->1233107K(1915392K), 0.0932775 secs] [Times: user=0.55 sys=0.00, real=0.09 secs] 
5339.033: [GC (Allocation Failure) [PSYoungGen: 441568K->139104K(518144K)] 1570003K->1369596K(1916416K), 0.0528568 secs] [Times: user=0.31 sys=0.00, real=0.05 secs] 
5340.349: [GC (Allocation Failure) [PSYoungGen: 478560K->108192K(518144K)] 1709052K->1468288K(1916416K), 0.0646797 secs] [Times: user=0.38 sys=0.00, real=0.07 secs] 
5340.413: [Full GC (Ergonomics) [PSYoungGen: 108192K->0K(518144K)] [ParOldGen: 1360096K->28363K(1398272K)] 1468288K->28363K(1916416K), [Metaspace: 60577K->60544K(1105920K)], 0.0608260 secs] [Times: user=0.18 sys=0.00, real=0.06 secs] 
5342.095: [GC (Allocation Failure) [PSYoungGen: 339456K->137920K(518656K)] 367819K->166283K(1916928K), 0.0272186 secs] [Times: user=0.16 sys=0.00, real=0.03 secs] 
5343.379: [GC (GCLocker Initiated GC) [PSYoungGen: 479936K->109600K(518144K)] 508300K->266472K(1916416K), 0.0627663 secs] [Times: user=0.37 sys=0.00, real=0.06 secs] 
5344.818: [GC (Allocation Failure) [PSYoungGen: 451616K->146816K(516608K)] 608527K->411195K(1914880K), 0.0530698 secs] [Times: user=0.31 sys=0.00, real=0.05 secs] 
5346.160: [GC (GCLocker Initiated GC) [PSYoungGen: 489344K->111200K(520192K)] 753725K->504773K(1918464K), 0.0676750 secs] [Times: user=0.39 sys=0.00, real=0.07 secs] 
5347.940: [GC (Allocation Failure) [PSYoungGen: 453728K->139264K(520192K)] 847372K->641537K(1918464K), 0.0532023 secs] [Times: user=0.31 sys=0.00, real=0.06 secs] 
5349.320: [GC (GCLocker Initiated GC) [PSYoungGen: 485376K->112096K(521216K)] 987650K->744094K(1919488K), 0.0650385 secs] [Times: user=0.38 sys=0.00, real=0.07 secs] 
5350.459: [GC (Allocation Failure) [PSYoungGen: 458208K->151008K(516096K)] 1090245K->893258K(1914368K), 0.0552235 secs] [Times: user=0.33 sys=0.00, real=0.06 secs] 
5351.901: [GC (Allocation Failure) [PSYoungGen: 494560K->109472K(521216K)] 1236810K->985294K(1919488K), 0.0699020 secs] [Times: user=0.41 sys=0.00, real=0.07 secs] 
5353.515: [GC (Allocation Failure) [PSYoungGen: 453024K->141984K(521216K)] 1328846K->1124411K(1919488K), 0.0547852 secs] [Times: user=0.32 sys=0.00, real=0.05 secs] 
5354.918: [GC (Allocation Failure) [PSYoungGen: 487584K->111872K(457728K)] 1470011K->1226835K(1856000K), 0.0681815 secs] [Times: user=0.40 sys=0.00, real=0.07 secs] 
5356.611: [GC (Allocation Failure) [PSYoungGen: 457472K->141184K(520192K)] 1572435K->1365463K(1918464K), 0.0542289 secs] [Times: user=0.31 sys=0.00, real=0.06 secs] 
5358.147: [GC (Allocation Failure) [PSYoungGen: 486784K->110016K(521216K)] 1711063K->1466236K(1919488K), 0.0843330 secs] [Times: user=0.50 sys=0.00, real=0.08 secs] 
5358.231: [Full GC (Ergonomics) [PSYoungGen: 110016K->0K(521216K)] [ParOldGen: 1356219K->33660K(1398272K)] 1466236K->33660K(1919488K), [Metaspace: 60544K->60544K(1105920K)], 0.0594068 secs] [Times: user=0.20 sys=0.01, real=0.06 secs] 
5359.897: [GC (Allocation Failure) [PSYoungGen: 345600K->143456K(520192K)] 379260K->177116K(1918464K), 0.0287592 secs] [Times: user=0.16 sys=0.00, real=0.03 secs] 
5361.812: [GC (Allocation Failure) [PSYoungGen: 490080K->109888K(522240K)] 523740K->277884K(1920512K), 0.0679491 secs] [Times: user=0.40 sys=0.01, real=0.06 secs] 
5363.293: [GC (GCLocker Initiated GC) [PSYoungGen: 456512K->140992K(522240K)] 624508K->415837K(1920512K), 0.0528538 secs] [Times: user=0.32 sys=0.00, real=0.05 secs] 
5364.654: [GC (GCLocker Initiated GC) [PSYoungGen: 489664K->111040K(523264K)] 764511K->517463K(1921536K), 0.0631866 secs] [Times: user=0.37 sys=0.00, real=0.06 secs] 
5365.459: [GC (Allocation Failure) [PSYoungGen: 459712K->144480K(520704K)] 866138K->659031K(1918976K), 0.0531152 secs] [Times: user=0.31 sys=0.00, real=0.06 secs] 
5367.602: [GC (Allocation Failure) [PSYoungGen: 492640K->109024K(523264K)] 1007191K->758279K(1921536K), 0.1600197 secs] [Times: user=0.94 sys=0.00, real=0.16 secs] 
5369.355: [GC (Allocation Failure) [PSYoungGen: 457184K->143584K(521728K)] 1106439K->899092K(1920000K), 0.0535998 secs] [Times: user=0.31 sys=0.00, real=0.05 secs] 
5370.779: [GC (GCLocker Initiated GC) [PSYoungGen: 492256K->109024K(523776K)] 1247765K->998957K(1922048K), 0.0960650 secs] [Times: user=0.57 sys=0.00, real=0.10 secs] 
5371.727: [GC (Allocation Failure) [PSYoungGen: 457696K->146560K(519168K)] 1347699K->1142212K(1917440K), 0.0535088 secs] [Times: user=0.32 sys=0.00, real=0.05 secs] 
5373.310: [GC (Allocation Failure) [PSYoungGen: 492160K->110688K(522240K)] 1487812K->1244036K(1920512K), 0.0976526 secs] [Times: user=0.58 sys=0.00, real=0.10 secs] 
5374.332: [GC (Allocation Failure) [PSYoungGen: 456288K->145376K(519168K)] 1589636K->1385025K(1917440K), 0.0539146 secs] [Times: user=0.32 sys=0.00, real=0.06 secs] 
5374.386: [Full GC (Ergonomics) [PSYoungGen: 145376K->0K(519168K)] [ParOldGen: 1239649K->189689K(1398272K)] 1385025K->189689K(1917440K), [Metaspace: 60544K->60544K(1105920K)], 0.4555950 secs] [Times: user=2.12 sys=0.01, real=0.45 secs] 
5376.492: [GC (GCLocker Initiated GC) [PSYoungGen: 344576K->108704K(521728K)] 534265K->298394K(1920000K), 0.0661880 secs] [Times: user=0.39 sys=0.00, real=0.07 secs] 
5377.709: [GC (Allocation Failure) [PSYoungGen: 453280K->144352K(519680K)] 643040K->438693K(1917952K), 0.0520850 secs] [Times: user=0.31 sys=0.00, real=0.05 secs] 
5379.470: [GC (Allocation Failure) [PSYoungGen: 488928K->109344K(521728K)] 783269K->538905K(1920000K), 0.0941079 secs] [Times: user=0.56 sys=0.00, real=0.10 secs] 
5380.273: [GC (Allocation Failure) [PSYoungGen: 453920K->144448K(520192K)] 883481K->679310K(1918464K), 0.0521698 secs] [Times: user=0.31 sys=0.00, real=0.05 secs] 
5381.883: [GC (GCLocker Initiated GC) [PSYoungGen: 489024K->107296K(521728K)] 1023886K->777362K(1920000K), 0.0651054 secs] [Times: user=0.38 sys=0.01, real=0.06 secs] 
5382.676: [GC (Allocation Failure) [PSYoungGen: 451872K->146144K(517632K)] 1122009K->919510K(1915904K), 0.0521739 secs] [Times: user=0.31 sys=0.00, real=0.05 secs] 
5384.315: [GC (Allocation Failure) [PSYoungGen: 487648K->106912K(520192K)] 1261014K->1017310K(1918464K), 0.0652558 secs] [Times: user=0.39 sys=0.00, real=0.06 secs] 
5385.823: [GC (Allocation Failure) [PSYoungGen: 448416K->144096K(518656K)] 1358814K->1156930K(1916928K), 0.0513469 secs] [Times: user=0.31 sys=0.00, real=0.05 secs] 
5387.322: [GC (Allocation Failure) [PSYoungGen: 485600K->108480K(450048K)] 1498434K->1256339K(1848320K), 0.1008440 secs] [Times: user=0.52 sys=0.01, real=0.10 secs] 
5387.967: [GC (Allocation Failure) [PSYoungGen: 449984K->144576K(517632K)] 1597843K->1397311K(1915904K), 0.0521156 secs] [Times: user=0.30 sys=0.00, real=0.05 secs] 
5388.019: [Full GC (Ergonomics) [PSYoungGen: 144576K->0K(517632K)] [ParOldGen: 1252735K->195579K(1398272K)] 1397311K->195579K(1915904K), [Metaspace: 60545K->59670K(1105920K)], 0.4841577 secs] [Times: user=2.27 sys=0.01, real=0.49 secs] 
5390.071: [GC (Allocation Failure) [PSYoungGen: 340992K->101696K(519680K)] 536571K->297275K(1917952K), 0.0697585 secs] [Times: user=0.40 sys=0.01, real=0.07 secs] 
5391.610: [GC (Allocation Failure) [PSYoungGen: 442688K->144384K(517632K)] 638267K->437320K(1915904K), 0.0488122 secs] [Times: user=0.29 sys=0.00, real=0.05 secs] 
5393.491: [GC (GCLocker Initiated GC) [PSYoungGen: 483840K->104096K(519168K)] 776777K->532321K(1917440K), 0.1653112 secs] [Times: user=0.98 sys=0.00, real=0.17 secs] 
5394.775: [GC (Allocation Failure) [PSYoungGen: 443552K->151872K(510976K)] 871780K->679878K(1909248K), 0.0511115 secs] [Times: user=0.31 sys=0.00, real=0.05 secs] 
5396.126: [GC (Allocation Failure) [PSYoungGen: 484160K->101568K(515584K)] 1012166K->764270K(1913856K), 0.0641488 secs] [Times: user=0.38 sys=0.00, real=0.06 secs] 
5397.069: [GC (Allocation Failure) [PSYoungGen: 433856K->139584K(513536K)] 1096558K->901195K(1911808K), 0.0513003 secs] [Times: user=0.30 sys=0.00, real=0.05 secs] 
5398.391: [GC (Allocation Failure) [PSYoungGen: 472896K->104736K(515072K)] 1234507K->997155K(1913344K), 0.0651326 secs] [Times: user=0.39 sys=0.00, real=0.07 secs] 
5400.427: [GC (Allocation Failure) [PSYoungGen: 438048K->136384K(515072K)] 1330467K->1130648K(1913344K), 0.0517592 secs] [Times: user=0.30 sys=0.00, real=0.05 secs] 
5401.774: [GC (Allocation Failure) [PSYoungGen: 473280K->106752K(516096K)] 1467544K->1227920K(1914368K), 0.0628925 secs] [Times: user=0.37 sys=0.00, real=0.06 secs] 
5403.414: [GC (Allocation Failure) [PSYoungGen: 443648K->137632K(518144K)] 1564816K->1363932K(1916416K), 0.0543204 secs] [Times: user=0.32 sys=0.00, real=0.05 secs] 
5405.279: [GC (Allocation Failure) [PSYoungGen: 479136K->109088K(518144K)] 1705436K->1464077K(1916416K), 0.0654396 secs] [Times: user=0.39 sys=0.00, real=0.07 secs] 
5405.345: [Full GC (Ergonomics) [PSYoungGen: 109088K->0K(518144K)] [ParOldGen: 1354988K->24353K(1398272K)] 1464077K->24353K(1916416K), [Metaspace: 59671K->59671K(1105920K)], 0.0395542 secs] [Times: user=0.11 sys=0.00, real=0.04 secs] 
5406.879: [GC (Allocation Failure) [PSYoungGen: 341504K->137824K(519168K)] 365857K->162178K(1917440K), 0.0277176 secs] [Times: user=0.16 sys=0.00, real=0.03 secs] 
5408.707: [GC (Allocation Failure) [PSYoungGen: 482912K->112320K(519680K)] 507266K->264970K(1917952K), 0.0643865 secs] [Times: user=0.39 sys=0.00, real=0.07 secs] 
5409.704: [GC (Allocation Failure) [PSYoungGen: 457408K->142016K(519680K)] 610058K->404854K(1917952K), 0.0536264 secs] [Times: user=0.32 sys=0.00, real=0.05 secs] 
5411.093: [GC (Allocation Failure) [PSYoungGen: 490176K->112000K(521728K)] 753014K->507414K(1920000K), 0.0642206 secs] [Times: user=0.38 sys=0.00, real=0.06 secs] 
5412.481: [GC (Allocation Failure) [PSYoungGen: 460160K->144416K(521728K)] 855574K->649887K(1920000K), 0.0537499 secs] [Times: user=0.31 sys=0.00, real=0.06 secs] 
5413.964: [GC (Allocation Failure) [PSYoungGen: 495136K->109824K(524800K)] 1000607K->750871K(1923072K), 0.0908531 secs] [Times: user=0.54 sys=0.00, real=0.09 secs] 
5415.403: [GC (Allocation Failure) [PSYoungGen: 460544K->146048K(520704K)] 1101591K->893764K(1918976K), 0.0540869 secs] [Times: user=0.32 sys=0.00, real=0.05 secs] 
5417.081: [GC (Allocation Failure) [PSYoungGen: 494720K->109888K(523776K)] 1242436K->994404K(1922048K), 0.1037611 secs] [Times: user=0.61 sys=0.00, real=0.11 secs] 
5418.878: [GC (Allocation Failure) [PSYoungGen: 458560K->143520K(520704K)] 1343076K->1134891K(1918976K), 0.0543739 secs] [Times: user=0.32 sys=0.00, real=0.06 secs] 
5420.331: [GC (Allocation Failure) [PSYoungGen: 491168K->112640K(523264K)] 1482539K->1237795K(1921536K), 0.0668414 secs] [Times: user=0.40 sys=0.00, real=0.07 secs] 
5421.278: [GC (GCLocker Initiated GC) [PSYoungGen: 460288K->145120K(520704K)] 1585444K->1378825K(1918976K), 0.0551455 secs] [Times: user=0.33 sys=0.00, real=0.06 secs] 
5421.334: [Full GC (Ergonomics) [PSYoungGen: 145120K->0K(520704K)] [ParOldGen: 1233704K->183702K(1398272K)] 1378825K->183702K(1918976K), [Metaspace: 59671K->59671K(1105920K)], 0.4435769 secs] [Times: user=2.08 sys=0.00, real=0.44 secs] 
5423.120: [GC (Allocation Failure) [PSYoungGen: 347648K->110528K(523264K)] 531352K->294232K(1921536K), 0.0548380 secs] [Times: user=0.32 sys=0.00, real=0.06 secs] 
5424.606: [GC (Allocation Failure) [PSYoungGen: 458176K->145088K(520192K)] 641880K->435224K(1918464K), 0.0530266 secs] [Times: user=0.31 sys=0.01, real=0.05 secs] 
5426.193: [GC (Allocation Failure) [PSYoungGen: 491712K->110304K(522752K)] 781848K->536300K(1921024K), 0.0951721 secs] [Times: user=0.56 sys=0.00, real=0.09 secs] 
5427.050: [GC (Allocation Failure) [PSYoungGen: 456928K->146912K(518656K)] 882924K->679281K(1916928K), 0.0525498 secs] [Times: user=0.31 sys=0.00, real=0.06 secs] 
5428.766: [GC (Allocation Failure) [PSYoungGen: 491488K->107424K(521728K)] 1023857K->777433K(1920000K), 0.1382234 secs] [Times: user=0.82 sys=0.01, real=0.14 secs] 
5429.567: [GC (GCLocker Initiated GC) [PSYoungGen: 452000K->147168K(517120K)] 1122011K->921015K(1915392K), 0.0522058 secs] [Times: user=0.31 sys=0.00, real=0.05 secs] 
5431.129: [GC (Allocation Failure) [PSYoungGen: 488672K->104480K(520192K)] 1262522K->1016906K(1918464K), 0.0769065 secs] [Times: user=0.45 sys=0.01, real=0.08 secs] 
5432.253: [GC (Allocation Failure) [PSYoungGen: 445984K->145440K(517120K)] 1358410K->1158322K(1915392K), 0.0510039 secs] [Times: user=0.30 sys=0.00, real=0.05 secs] 
5434.378: [GC (GCLocker Initiated GC) [PSYoungGen: 484896K->103456K(519168K)] 1497779K->1253067K(1917440K), 0.1447138 secs] [Times: user=0.86 sys=0.01, real=0.15 secs] 
5435.607: [GC (Allocation Failure) [PSYoungGen: 442912K->141920K(518144K)] 1592526K->1390626K(1916416K), 0.0505098 secs] [Times: user=0.29 sys=0.00, real=0.05 secs] 
5435.658: [Full GC (Ergonomics) [PSYoungGen: 141920K->0K(518144K)] [ParOldGen: 1248706K->189499K(1398272K)] 1390626K->189499K(1916416K), [Metaspace: 59671K->59671K(1105920K)], 0.4621507 secs] [Times: user=2.16 sys=0.00, real=0.46 secs] 
5437.561: [GC (Allocation Failure) [PSYoungGen: 339456K->106912K(446464K)] 528955K->296411K(1844736K), 0.0693317 secs] [Times: user=0.41 sys=0.00, real=0.07 secs] 
5438.867: [GC (Allocation Failure) [PSYoungGen: 446368K->141248K(517120K)] 635867K->433504K(1915392K), 0.0506403 secs] [Times: user=0.30 sys=0.00, real=0.05 secs] 
5440.576: [GC (Allocation Failure) [PSYoungGen: 480704K->105568K(518144K)] 772960K->529728K(1916416K), 0.0912283 secs] [Times: user=0.54 sys=0.00, real=0.09 secs] 
5441.331: [GC (Allocation Failure) [PSYoungGen: 445024K->142976K(517120K)] 869184K->668717K(1915392K), 0.0515604 secs] [Times: user=0.30 sys=0.00, real=0.06 secs] 
5442.988: [GC (Allocation Failure) [PSYoungGen: 483456K->107968K(519168K)] 1009197K->766853K(1917440K), 0.1000733 secs] [Times: user=0.59 sys=0.00, real=0.10 secs] 
5444.347: [GC (Allocation Failure) [PSYoungGen: 448448K->142784K(518656K)] 1107333K->905970K(1916928K), 0.0534591 secs] [Times: user=0.32 sys=0.00, real=0.05 secs] 
5445.728: [GC (Allocation Failure) [PSYoungGen: 484800K->108544K(520192K)] 1247986K->1005338K(1918464K), 0.0652683 secs] [Times: user=0.39 sys=0.00, real=0.07 secs] 
5446.455: [GC (Allocation Failure) [PSYoungGen: 450560K->145888K(517632K)] 1347354K->1147647K(1915904K), 0.0539021 secs] [Times: user=0.32 sys=0.00, real=0.05 secs] 
5448.195: [GC (Allocation Failure) [PSYoungGen: 487392K->104416K(520192K)] 1489151K->1243191K(1918464K), 0.1255069 secs] [Times: user=0.74 sys=0.00, real=0.12 secs] 
5449.216: [GC (Allocation Failure) [PSYoungGen: 445920K->144096K(517632K)] 1584695K->1383235K(1915904K), 0.0525348 secs] [Times: user=0.31 sys=0.00, real=0.05 secs] 
5449.269: [Full GC (Ergonomics) [PSYoungGen: 144096K->0K(517632K)] [ParOldGen: 1239139K->182174K(1398272K)] 1383235K->182174K(1915904K), [Metaspace: 59671K->59671K(1105920K)], 0.4448512 secs] [Times: user=2.08 sys=0.00, real=0.45 secs] 
5451.444: [GC (GCLocker Initiated GC) [PSYoungGen: 340480K->104864K(519680K)] 522655K->287039K(1917952K), 0.0817311 secs] [Times: user=0.48 sys=0.01, real=0.08 secs] 
5453.466: [GC (Allocation Failure) [PSYoungGen: 445344K->139264K(519680K)] 627588K->423113K(1917952K), 0.0513670 secs] [Times: user=0.30 sys=0.00, real=0.05 secs] 
5455.106: [GC (GCLocker Initiated GC) [PSYoungGen: 481280K->107776K(450048K)] 765129K->521925K(1848320K), 0.1261978 secs] [Times: user=0.75 sys=0.01, real=0.12 secs] 
5456.716: [GC (Allocation Failure) [PSYoungGen: 449792K->140064K(517632K)] 864013K->658897K(1915904K), 0.0520691 secs] [Times: user=0.30 sys=0.00, real=0.05 secs] 
5458.178: [GC (Allocation Failure) [PSYoungGen: 482080K->109600K(518656K)] 1000913K->759177K(1916928K), 0.0784535 secs] [Times: user=0.46 sys=0.00, real=0.08 secs] 
5459.293: [GC (Allocation Failure) [PSYoungGen: 451616K->142560K(518656K)] 1101193K->898874K(1916928K), 0.0536069 secs] [Times: user=0.32 sys=0.00, real=0.05 secs] 
5460.677: [GC (GCLocker Initiated GC) [PSYoungGen: 487136K->109792K(520704K)] 1243451K->999267K(1918976K), 0.0737007 secs] [Times: user=0.44 sys=0.00, real=0.07 secs] 
5461.785: [GC (Allocation Failure) [PSYoungGen: 454368K->151104K(515584K)] 1343849K->1147640K(1913856K), 0.0538395 secs] [Times: user=0.32 sys=0.00, real=0.05 secs] 
5463.149: [GC (Allocation Failure) [PSYoungGen: 492608K->107328K(520192K)] 1489144K->1237904K(1918464K), 0.0811348 secs] [Times: user=0.48 sys=0.01, real=0.08 secs] 
5464.508: [GC (Allocation Failure) [PSYoungGen: 448832K->140608K(519680K)] 1579408K->1375485K(1917952K), 0.0530323 secs] [Times: user=0.31 sys=0.00, real=0.05 secs] 
5464.561: [Full GC (Ergonomics) [PSYoungGen: 140608K->0K(519680K)] [ParOldGen: 1234877K->174582K(1398272K)] 1375485K->174582K(1917952K), [Metaspace: 59671K->59671K(1105920K)], 0.4118842 secs] [Times: user=1.91 sys=0.00, real=0.42 secs] 
5466.233: [GC (Allocation Failure) [PSYoungGen: 343040K->106624K(520704K)] 517622K->281206K(1918976K), 0.0376873 secs] [Times: user=0.22 sys=0.00, real=0.03 secs] 
5467.983: [GC (Allocation Failure) [PSYoungGen: 449664K->142208K(519680K)] 624246K->420579K(1917952K), 0.0531301 secs] [Times: user=0.31 sys=0.00, real=0.05 secs] 
5469.349: [GC (Allocation Failure) [PSYoungGen: 485760K->108864K(520704K)] 764131K->520047K(1918976K), 0.0744855 secs] [Times: user=0.44 sys=0.00, real=0.08 secs] 
5470.769: [GC (Allocation Failure) [PSYoungGen: 452416K->142848K(518656K)] 863599K->659399K(1916928K), 0.0525985 secs] [Times: user=0.31 sys=0.00, real=0.06 secs] 
5472.134: [GC (Allocation Failure) [PSYoungGen: 486400K->110432K(520704K)] 1002951K->760523K(1918976K), 0.0653854 secs] [Times: user=0.39 sys=0.00, real=0.06 secs] 
5472.976: [GC (Allocation Failure) [PSYoungGen: 453984K->143232K(519168K)] 1104075K->901308K(1917440K), 0.0539562 secs] [Times: user=0.32 sys=0.00, real=0.05 secs] 
5474.563: [GC (Allocation Failure) [PSYoungGen: 487808K->109024K(521216K)] 1245884K->1001052K(1919488K), 0.1020221 secs] [Times: user=0.60 sys=0.00, real=0.10 secs] 
5476.404: [GC (Allocation Failure) [PSYoungGen: 453600K->140640K(521216K)] 1345628K->1138841K(1919488K), 0.0530862 secs] [Times: user=0.31 sys=0.00, real=0.05 secs] 
5477.879: [GC (Allocation Failure) [PSYoungGen: 487264K->111424K(458240K)] 1485465K->1240949K(1856512K), 0.0647700 secs] [Times: user=0.38 sys=0.00, real=0.07 secs] 
5478.704: [GC (Allocation Failure) [PSYoungGen: 458048K->144704K(519168K)] 1587573K->1382674K(1917440K), 0.0542861 secs] [Times: user=0.32 sys=0.00, real=0.05 secs] 
5478.758: [Full GC (Ergonomics) [PSYoungGen: 144704K->0K(519168K)] [ParOldGen: 1237970K->180835K(1398272K)] 1382674K->180835K(1917440K), [Metaspace: 59671K->59651K(1105920K)], 0.4388915 secs] [Times: user=2.01 sys=0.00, real=0.44 secs] 
5480.532: [GC (GCLocker Initiated GC) [PSYoungGen: 346112K->110112K(521728K)] 526948K->290948K(1920000K), 0.0624533 secs] [Times: user=0.37 sys=0.01, real=0.07 secs] 
5482.162: [GC (Allocation Failure) [PSYoungGen: 456224K->143232K(521216K)] 637129K->429910K(1919488K), 0.0529884 secs] [Times: user=0.32 sys=0.00, real=0.05 secs] 
5483.833: [GC (Allocation Failure) [PSYoungGen: 490880K->111104K(523264K)] 777558K->531406K(1921536K), 0.1246837 secs] [Times: user=0.74 sys=0.01, real=0.12 secs] 
5485.296: [GC (Allocation Failure) [PSYoungGen: 458752K->145824K(520192K)] 879054K->672579K(1918464K), 0.0531764 secs] [Times: user=0.31 sys=0.00, real=0.05 secs] 
5486.734: [GC (Allocation Failure) [PSYoungGen: 492448K->110560K(522752K)] 1019203K->773523K(1921024K), 0.0754011 secs] [Times: user=0.45 sys=0.00, real=0.07 secs] 
5487.817: [GC (Allocation Failure) [PSYoungGen: 457184K->144960K(519680K)] 1120147K->914448K(1917952K), 0.0532668 secs] [Times: user=0.31 sys=0.00, real=0.05 secs] 
5489.219: [GC (GCLocker Initiated GC) [PSYoungGen: 490560K->108384K(522240K)] 1260048K->1013608K(1920512K), 0.0646309 secs] [Times: user=0.38 sys=0.00, real=0.07 secs] 
5489.966: [GC (Allocation Failure) [PSYoungGen: 453984K->156384K(511488K)] 1359211K->1165928K(1909760K), 0.0531274 secs] [Times: user=0.31 sys=0.00, real=0.05 secs] 
5491.904: [GC (Allocation Failure) [PSYoungGen: 492768K->103456K(517632K)] 1502312K->1252328K(1915904K), 0.1388134 secs] [Times: user=0.82 sys=0.00, real=0.14 secs] 
5493.416: [GC (Allocation Failure) [PSYoungGen: 439840K->141696K(517632K)] 1588712K->1389260K(1915904K), 0.0516290 secs] [Times: user=0.31 sys=0.00, real=0.05 secs] 
5493.467: [Full GC (Ergonomics) [PSYoungGen: 141696K->0K(517632K)] [ParOldGen: 1247564K->188403K(1398272K)] 1389260K->188403K(1915904K), [Metaspace: 59651K->59651K(1105920K)], 0.4553824 secs] [Times: user=2.12 sys=0.00, real=0.46 secs] 
5495.109: [GC (Allocation Failure) [PSYoungGen: 337408K->105440K(442880K)] 525811K->293843K(1841152K), 0.0322835 secs] [Times: user=0.19 sys=0.00, real=0.03 secs] 
5496.335: [GC (Allocation Failure) [PSYoungGen: 442848K->142432K(516096K)] 631251K->431752K(1914368K), 0.0502749 secs] [Times: user=0.30 sys=0.00, real=0.05 secs] 
5497.696: [GC (Allocation Failure) [PSYoungGen: 479328K->106400K(517120K)] 768648K->528816K(1915392K), 0.0632217 secs] [Times: user=0.38 sys=0.00, real=0.06 secs] 
5498.543: [GC (Allocation Failure) [PSYoungGen: 443296K->142528K(517120K)] 865712K->667453K(1915392K), 0.0521381 secs] [Times: user=0.30 sys=0.00, real=0.05 secs] 
5500.394: [GC (GCLocker Initiated GC) [PSYoungGen: 480960K->103616K(518144K)] 1005885K->761709K(1916416K), 0.1644163 secs] [Times: user=0.97 sys=0.01, real=0.16 secs] 
5502.276: [GC (Allocation Failure) [PSYoungGen: 442048K->148512K(513536K)] 1100180K->907304K(1911808K), 0.0522171 secs] [Times: user=0.31 sys=0.00, real=0.05 secs] 
5503.654: [GC (Allocation Failure) [PSYoungGen: 483872K->105376K(517120K)] 1242664K->995597K(1915392K), 0.0870411 secs] [Times: user=0.52 sys=0.00, real=0.08 secs] 
5505.706: [GC (Allocation Failure) [PSYoungGen: 440736K->136224K(512512K)] 1330957K->1129345K(1910784K), 0.0524862 secs] [Times: user=0.30 sys=0.00, real=0.05 secs] 
5506.994: [GC (Allocation Failure) [PSYoungGen: 473120K->107616K(515584K)] 1466241K->1227997K(1913856K), 0.0649743 secs] [Times: user=0.38 sys=0.00, real=0.06 secs] 
5509.298: [GC (Allocation Failure) [PSYoungGen: 444512K->137472K(518144K)] 1564893K->1363090K(1916416K), 0.0546531 secs] [Times: user=0.32 sys=0.00, real=0.06 secs] 
5510.690: [GC (Allocation Failure) [PSYoungGen: 481024K->110496K(519680K)] 1706642K->1464598K(1917952K), 0.0648812 secs] [Times: user=0.38 sys=0.00, real=0.07 secs] 
5510.755: [Full GC (Ergonomics) [PSYoungGen: 110496K->0K(519680K)] [ParOldGen: 1354102K->25675K(1398272K)] 1464598K->25675K(1917952K), [Metaspace: 59652K->59652K(1105920K)], 0.0434737 secs] [Times: user=0.13 sys=0.01, real=0.04 secs] 
5512.325: [GC (Allocation Failure) [PSYoungGen: 343552K->139104K(520704K)] 369227K->164779K(1918976K), 0.0278796 secs] [Times: user=0.16 sys=0.00, real=0.03 secs] 
5514.276: [GC (Allocation Failure) [PSYoungGen: 486240K->111840K(521728K)] 511915K->267715K(1920000K), 0.0642170 secs] [Times: user=0.38 sys=0.00, real=0.06 secs] 
5515.038: [GC (Allocation Failure) [PSYoungGen: 458976K->143008K(520704K)] 614851K->408640K(1918976K), 0.0534429 secs] [Times: user=0.32 sys=0.00, real=0.05 secs] 
5516.391: [GC (Allocation Failure) [PSYoungGen: 491680K->112544K(522752K)] 757312K->511712K(1921024K), 0.0643480 secs] [Times: user=0.38 sys=0.00, real=0.07 secs] 
5518.002: [GC (Allocation Failure) [PSYoungGen: 461216K->145792K(521216K)] 860384K->654009K(1919488K), 0.0538834 secs] [Times: user=0.31 sys=0.00, real=0.05 secs] 
5519.430: [GC (Allocation Failure) [PSYoungGen: 495488K->111296K(524288K)] 1003705K->756393K(1922560K), 0.0678603 secs] [Times: user=0.40 sys=0.01, real=0.07 secs] 
5521.032: [GC (Allocation Failure) [PSYoungGen: 460992K->144768K(521216K)] 1106089K->898182K(1919488K), 0.0536590 secs] [Times: user=0.32 sys=0.00, real=0.05 secs] 
5522.838: [GC (Allocation Failure) [PSYoungGen: 493440K->108704K(523776K)] 1246854K->998030K(1922048K), 0.0737411 secs] [Times: user=0.44 sys=0.00, real=0.08 secs] 
5524.210: [GC (Allocation Failure) [PSYoungGen: 457376K->148160K(518144K)] 1346702K->1141679K(1916416K), 0.0526617 secs] [Times: user=0.31 sys=0.00, real=0.06 secs] 
5526.494: [GC (Allocation Failure) [PSYoungGen: 492736K->105824K(521728K)] 1486255K->1238583K(1920000K), 0.1662364 secs] [Times: user=0.98 sys=0.01, real=0.16 secs] 
5527.707: [GC (Allocation Failure) [PSYoungGen: 450400K->145568K(518656K)] 1583159K->1380576K(1916928K), 0.0518445 secs] [Times: user=0.31 sys=0.00, real=0.05 secs] 
5527.759: [Full GC (Ergonomics) [PSYoungGen: 145568K->0K(518656K)] [ParOldGen: 1235008K->185534K(1398272K)] 1380576K->185534K(1916928K), [Metaspace: 59652K->59652K(1105920K)], 0.4488434 secs] [Times: user=2.08 sys=0.01, real=0.45 secs] 
5529.855: [GC (Allocation Failure) [PSYoungGen: 342528K->104640K(520704K)] 528062K->290174K(1918976K), 0.0503956 secs] [Times: user=0.30 sys=0.00, real=0.05 secs] 
5530.850: [GC (Allocation Failure) [PSYoungGen: 447168K->145824K(516608K)] 632702K->431979K(1914880K), 0.0517681 secs] [Times: user=0.31 sys=0.00, real=0.06 secs] 
5532.551: [GC (Allocation Failure) [PSYoungGen: 485280K->104512K(519168K)] 771435K->527643K(1917440K), 0.0822384 secs] [Times: user=0.49 sys=0.00, real=0.09 secs] 
5533.666: [GC (Allocation Failure) [PSYoungGen: 443968K->143232K(517632K)] 867099K->666684K(1915904K), 0.0512295 secs] [Times: user=0.30 sys=0.00, real=0.05 secs] 
5535.150: [GC (Allocation Failure) [PSYoungGen: 482688K->104288K(519168K)] 1006140K->762032K(1917440K), 0.0741343 secs] [Times: user=0.44 sys=0.00, real=0.08 secs] 
5536.786: [GC (Allocation Failure) [PSYoungGen: 443744K->141248K(518144K)] 1101488K->899321K(1916416K), 0.0510212 secs] [Times: user=0.30 sys=0.00, real=0.05 secs] 
5538.068: [GC (Allocation Failure) [PSYoungGen: 481216K->108032K(448512K)] 1239289K->998001K(1846784K), 0.0642740 secs] [Times: user=0.38 sys=0.00, real=0.07 secs] 
5539.437: [GC (Allocation Failure) [PSYoungGen: 448000K->140384K(518144K)] 1337969K->1135037K(1916416K), 0.0535188 secs] [Times: user=0.31 sys=0.00, real=0.05 secs] 
5540.777: [GC (GCLocker Initiated GC) [PSYoungGen: 481376K->108992K(518656K)] 1476031K->1233979K(1916928K), 0.0671615 secs] [Times: user=0.39 sys=0.00, real=0.07 secs] 
5542.878: [GC (Allocation Failure) [PSYoungGen: 449984K->139872K(519168K)] 1574978K->1370587K(1917440K), 0.0551035 secs] [Times: user=0.32 sys=0.00, real=0.06 secs] 
5544.212: [GC (Allocation Failure) [PSYoungGen: 483424K->110400K(519680K)] 1714139K->1471507K(1917952K), 0.0668668 secs] [Times: user=0.40 sys=0.00, real=0.07 secs] 
5544.279: [Full GC (Ergonomics) [PSYoungGen: 110400K->0K(519680K)] [ParOldGen: 1361107K->31607K(1398272K)] 1471507K->31607K(1917952K), [Metaspace: 59655K->59655K(1105920K)], 0.1017046 secs] [Times: user=0.43 sys=0.00, real=0.10 secs] 
5545.301: [GC (Allocation Failure) [PSYoungGen: 343552K->144384K(518144K)] 375159K->175991K(1916416K), 0.0288144 secs] [Times: user=0.16 sys=0.00, real=0.03 secs] 
5546.574: [GC (Allocation Failure) [PSYoungGen: 488960K->107392K(520704K)] 520567K->274407K(1918976K), 0.0635460 secs] [Times: user=0.37 sys=0.00, real=0.06 secs] 
5547.807: [GC (GCLocker Initiated GC) [PSYoungGen: 451968K->144032K(520192K)] 618983K->416052K(1918464K), 0.0523494 secs] [Times: user=0.31 sys=0.00, real=0.05 secs] 
5549.434: [GC (Allocation Failure) [PSYoungGen: 489632K->107808K(522240K)] 761656K->514936K(1920512K), 0.0670682 secs] [Times: user=0.40 sys=0.00, real=0.06 secs] 
5551.113: [GC (Allocation Failure) [PSYoungGen: 453408K->141792K(521728K)] 860536K->653829K(1920000K), 0.0524913 secs] [Times: user=0.31 sys=0.00, real=0.05 secs] 
5552.475: [GC (Allocation Failure) [PSYoungGen: 488416K->111104K(458240K)] 1000453K->755429K(1856512K), 0.0734484 secs] [Times: user=0.44 sys=0.00, real=0.07 secs] 
5553.839: [GC (Allocation Failure) [PSYoungGen: 457728K->142816K(520192K)] 1102053K->895518K(1918464K), 0.0534131 secs] [Times: user=0.31 sys=0.00, real=0.06 secs] 
5555.243: [GC (Allocation Failure) [PSYoungGen: 488928K->111616K(521728K)] 1241630K->997506K(1920000K), 0.0676960 secs] [Times: user=0.40 sys=0.00, real=0.06 secs] 
5556.356: [GC (Allocation Failure) [PSYoungGen: 457728K->145600K(520192K)] 1343618K->1138503K(1918464K), 0.0535124 secs] [Times: user=0.32 sys=0.00, real=0.05 secs] 
5558.274: [GC (Allocation Failure) [PSYoungGen: 492224K->108544K(522752K)] 1485127K->1237855K(1921024K), 0.1176572 secs] [Times: user=0.70 sys=0.01, real=0.12 secs] 
5559.360: [GC (Allocation Failure) [PSYoungGen: 455168K->146880K(518144K)] 1584479K->1380556K(1916416K), 0.0535063 secs] [Times: user=0.31 sys=0.00, real=0.06 secs] 
5559.414: [Full GC (Ergonomics) [PSYoungGen: 146880K->0K(518144K)] [ParOldGen: 1233676K->185088K(1398272K)] 1380556K->185088K(1916416K), [Metaspace: 59655K->59655K(1105920K)], 0.4497701 secs] [Times: user=2.10 sys=0.00, real=0.45 secs] 
5561.657: [GC (Allocation Failure) [PSYoungGen: 343552K->105792K(521216K)] 528640K->290880K(1919488K), 0.0894083 secs] [Times: user=0.52 sys=0.00, real=0.09 secs] 
5563.030: [GC (Allocation Failure) [PSYoungGen: 449344K->143392K(519680K)] 634432K->430165K(1917952K), 0.0513223 secs] [Times: user=0.31 sys=0.00, real=0.05 secs] 
5564.332: [GC (Allocation Failure) [PSYoungGen: 486944K->108704K(521216K)] 773717K->529585K(1919488K), 0.0638446 secs] [Times: user=0.38 sys=0.00, real=0.07 secs] 
5565.322: [GC (Allocation Failure) [PSYoungGen: 452256K->145888K(517632K)] 873137K->671240K(1915904K), 0.0525682 secs] [Times: user=0.31 sys=0.00, real=0.05 secs] 
5566.935: [GC (Allocation Failure) [PSYoungGen: 487392K->104800K(520192K)] 1012744K->767196K(1918464K), 0.0951335 secs] [Times: user=0.56 sys=0.00, real=0.09 secs] 
5568.146: [GC (Allocation Failure) [PSYoungGen: 446304K->142304K(518656K)] 1108700K->905497K(1916928K), 0.0512520 secs] [Times: user=0.30 sys=0.00, real=0.05 secs] 
5569.540: [GC (Allocation Failure) [PSYoungGen: 483808K->108448K(450048K)] 1247001K->1004681K(1848320K), 0.0704692 secs] [Times: user=0.41 sys=0.00, real=0.07 secs] 
5570.279: [GC (Allocation Failure) [PSYoungGen: 449952K->144480K(517632K)] 1346185K->1145222K(1915904K), 0.0527911 secs] [Times: user=0.31 sys=0.00, real=0.05 secs] 
5571.908: [GC (Allocation Failure) [PSYoungGen: 485472K->108128K(519680K)] 1486214K->1244022K(1917952K), 0.1054568 secs] [Times: user=0.63 sys=0.01, real=0.11 secs] 
5572.692: [GC (Allocation Failure) [PSYoungGen: 449120K->143456K(518656K)] 1585014K->1383323K(1916928K), 0.0535656 secs] [Times: user=0.31 sys=0.00, real=0.05 secs] 
5572.746: [Full GC (Ergonomics) [PSYoungGen: 143456K->0K(518656K)] [ParOldGen: 1239867K->181022K(1398272K)] 1383323K->181022K(1916928K), [Metaspace: 59655K->59655K(1105920K)], 0.4331393 secs] [Times: user=2.02 sys=0.00, real=0.43 secs] 
5574.685: [GC (GCLocker Initiated GC) [PSYoungGen: 342016K->107712K(520192K)] 523038K->288734K(1918464K), 0.0736629 secs] [Times: user=0.43 sys=0.00, real=0.07 secs] 
5576.618: [GC (GCLocker Initiated GC) [PSYoungGen: 449728K->140992K(520192K)] 630754K->425363K(1918464K), 0.0525375 secs] [Times: user=0.31 sys=0.00, real=0.05 secs] 
5577.979: [GC (GCLocker Initiated GC) [PSYoungGen: 484544K->108768K(452608K)] 768917K->524285K(1850880K), 0.0665018 secs] [Times: user=0.39 sys=0.00, real=0.07 secs] 
5579.253: [GC (Allocation Failure) [PSYoungGen: 452320K->149472K(515584K)] 867840K->670693K(1913856K), 0.0531492 secs] [Times: user=0.31 sys=0.00, real=0.05 secs] 
5580.542: [GC (Allocation Failure) [PSYoungGen: 489952K->109088K(519680K)] 1011173K->762353K(1917952K), 0.0640938 secs] [Times: user=0.38 sys=0.00, real=0.06 secs] 
5581.371: [GC (Allocation Failure) [PSYoungGen: 449568K->142048K(519680K)] 1102833K->901850K(1917952K), 0.0534683 secs] [Times: user=0.32 sys=0.00, real=0.06 secs] 
5582.856: [GC (GCLocker Initiated GC) [PSYoungGen: 484576K->105920K(448512K)] 1244378K->998626K(1846784K), 0.0729886 secs] [Times: user=0.43 sys=0.01, real=0.07 secs] 
5584.391: [GC (Allocation Failure) [PSYoungGen: 448448K->141504K(519168K)] 1341157K->1137640K(1917440K), 0.0528715 secs] [Times: user=0.31 sys=0.00, real=0.06 secs] 
5585.927: [GC (Allocation Failure) [PSYoungGen: 484032K->109792K(520192K)] 1480168K->1238688K(1918464K), 0.0931148 secs] [Times: user=0.55 sys=0.00, real=0.09 secs] 
5587.313: [GC (Allocation Failure) [PSYoungGen: 452320K->140704K(519680K)] 1581216K->1376453K(1917952K), 0.0543239 secs] [Times: user=0.32 sys=0.00, real=0.05 secs] 
5587.367: [Full GC (Ergonomics) [PSYoungGen: 140704K->0K(519680K)] [ParOldGen: 1235749K->173954K(1398272K)] 1376453K->173954K(1917952K), [Metaspace: 59655K->59655K(1105920K)], 0.4243616 secs] [Times: user=1.99 sys=0.01, real=0.42 secs] 
5588.998: [GC (Allocation Failure) [PSYoungGen: 344064K->107072K(520192K)] 518018K->281026K(1918464K), 0.0350917 secs] [Times: user=0.20 sys=0.01, real=0.04 secs] 
5591.033: [GC (Allocation Failure) [PSYoungGen: 451136K->143040K(519680K)] 625090K->420627K(1917952K), 0.0536021 secs] [Times: user=0.32 sys=0.00, real=0.05 secs] 
5592.359: [GC (GCLocker Initiated GC) [PSYoungGen: 488128K->110496K(521728K)] 765715K->521739K(1920000K), 0.0649869 secs] [Times: user=0.38 sys=0.00, real=0.07 secs] 
5593.580: [GC (Allocation Failure) [PSYoungGen: 455584K->151808K(514560K)] 866866K->670689K(1912832K), 0.0539587 secs] [Times: user=0.31 sys=0.00, real=0.06 secs] 
5594.883: [GC (Allocation Failure) [PSYoungGen: 492288K->105568K(519680K)] 1011169K->759125K(1917952K), 0.0645073 secs] [Times: user=0.38 sys=0.01, real=0.06 secs] 
5595.700: [GC (Allocation Failure) [PSYoungGen: 446048K->143680K(518144K)] 1099605K->899906K(1916416K), 0.0519801 secs] [Times: user=0.31 sys=0.00, real=0.06 secs] 
5596.993: [GC (Allocation Failure) [PSYoungGen: 484160K->105504K(519680K)] 1240386K->996562K(1917952K), 0.0648571 secs] [Times: user=0.39 sys=0.00, real=0.06 secs] 
5598.526: [GC (Allocation Failure) [PSYoungGen: 445984K->141472K(518656K)] 1337042K->1135103K(1916928K), 0.0524737 secs] [Times: user=0.31 sys=0.00, real=0.05 secs] 
5599.865: [GC (Allocation Failure) [PSYoungGen: 482464K->109152K(450560K)] 1476095K->1234827K(1848832K), 0.0659303 secs] [Times: user=0.39 sys=0.00, real=0.06 secs] 
5601.083: [GC (Allocation Failure) [PSYoungGen: 450144K->140064K(518656K)] 1575819K->1372184K(1916928K), 0.0543546 secs] [Times: user=0.31 sys=0.00, real=0.05 secs] 
5602.428: [GC (GCLocker Initiated GC) [PSYoungGen: 482080K->110048K(519168K)] 1714200K->1472928K(1917440K), 0.0766117 secs] [Times: user=0.44 sys=0.01, real=0.08 secs] 
5602.505: [Full GC (Ergonomics) [PSYoungGen: 110048K->0K(519168K)] [ParOldGen: 1362880K->33808K(1398272K)] 1472928K->33808K(1917440K), [Metaspace: 59655K->59655K(1105920K)], 0.0706610 secs] [Times: user=0.24 sys=0.00, real=0.07 secs] 
5603.693: [GC (Allocation Failure) [PSYoungGen: 342016K->141984K(518144K)] 375827K->175795K(1916416K), 0.0284625 secs] [Times: user=0.17 sys=0.00, real=0.02 secs] 
5605.130: [GC (Allocation Failure) [PSYoungGen: 485536K->108128K(519680K)] 519347K->274507K(1917952K), 0.0745878 secs] [Times: user=0.43 sys=0.00, real=0.08 secs] 
5607.314: [GC (Allocation Failure) [PSYoungGen: 451680K->140576K(521216K)] 618059K->412008K(1919488K), 0.0516884 secs] [Times: user=0.31 sys=0.00, real=0.05 secs] 
5608.632: [GC (Allocation Failure) [PSYoungGen: 487712K->111616K(522240K)] 759144K->514112K(1920512K), 0.0629451 secs] [Times: user=0.37 sys=0.00, real=0.07 secs] 
5609.961: [GC (Allocation Failure) [PSYoungGen: 458752K->142656K(521216K)] 861248K->654021K(1919488K), 0.0537981 secs] [Times: user=0.31 sys=0.00, real=0.06 secs] 
5611.271: [GC (Allocation Failure) [PSYoungGen: 490816K->110656K(522752K)] 1002181K->755357K(1921024K), 0.0644734 secs] [Times: user=0.39 sys=0.00, real=0.07 secs] 
5612.039: [GC (Allocation Failure) [PSYoungGen: 458816K->144832K(521216K)] 1103517K->897602K(1919488K), 0.0535822 secs] [Times: user=0.31 sys=0.00, real=0.06 secs] 
5613.564: [GC (Allocation Failure) [PSYoungGen: 493504K->110080K(523776K)] 1246274K->998386K(1922048K), 0.0849165 secs] [Times: user=0.50 sys=0.00, real=0.08 secs] 
5614.938: [GC (Allocation Failure) [PSYoungGen: 458752K->146848K(518656K)] 1347058K->1140975K(1916928K), 0.0533029 secs] [Times: user=0.31 sys=0.00, real=0.05 secs] 
5616.819: [GC (Allocation Failure) [PSYoungGen: 492448K->108288K(522240K)] 1486575K->1240015K(1920512K), 0.1034026 secs] [Times: user=0.61 sys=0.00, real=0.11 secs] 
5617.987: [GC (Allocation Failure) [PSYoungGen: 453888K->153632K(513536K)] 1585615K->1389372K(1911808K), 0.0532487 secs] [Times: user=0.32 sys=0.00, real=0.05 secs] 
5618.041: [Full GC (Ergonomics) [PSYoungGen: 153632K->0K(513536K)] [ParOldGen: 1235739K->186050K(1398272K)] 1389372K->186050K(1911808K), [Metaspace: 59655K->59655K(1105920K)], 0.4451279 secs] [Times: user=2.07 sys=0.00, real=0.45 secs] 
5619.885: [GC (Allocation Failure) [PSYoungGen: 338432K->105280K(518656K)] 524482K->291330K(1916928K), 0.0678136 secs] [Times: user=0.40 sys=0.00, real=0.07 secs] 
5621.608: [GC (Allocation Failure) [PSYoungGen: 443712K->140896K(517632K)] 629762K->428022K(1915904K), 0.0508146 secs] [Times: user=0.30 sys=0.00, real=0.05 secs] 
5623.103: [GC (Allocation Failure) [PSYoungGen: 480352K->109088K(518656K)] 767478K->527806K(1916928K), 0.0725180 secs] [Times: user=0.43 sys=0.01, real=0.07 secs] 
5624.210: [GC (Allocation Failure) [PSYoungGen: 448544K->141344K(517632K)] 867262K->663139K(1915904K), 0.0534463 secs] [Times: user=0.32 sys=0.00, real=0.06 secs] 
5625.574: [GC (Allocation Failure) [PSYoungGen: 481824K->107904K(518656K)] 1003619K->761671K(1916928K), 0.0723777 secs] [Times: user=0.43 sys=0.00, real=0.07 secs] 
5626.913: [GC (Allocation Failure) [PSYoungGen: 448384K->139744K(519168K)] 1102151K->898580K(1917440K), 0.0531477 secs] [Times: user=0.31 sys=0.00, real=0.05 secs] 
5628.208: [GC (Allocation Failure) [PSYoungGen: 482784K->111968K(519680K)] 1241620K->1001196K(1917952K), 0.0651371 secs] [Times: user=0.38 sys=0.00, real=0.07 secs] 
5629.103: [GC (Allocation Failure) [PSYoungGen: 455008K->141792K(519168K)] 1344236K->1139873K(1917440K), 0.0543922 secs] [Times: user=0.32 sys=0.00, real=0.05 secs] 
5630.509: [GC (Allocation Failure) [PSYoungGen: 486880K->108096K(520192K)] 1484961K->1238537K(1918464K), 0.0649182 secs] [Times: user=0.38 sys=0.00, real=0.07 secs] 
5631.731: [GC (Allocation Failure) [PSYoungGen: 453184K->145248K(520192K)] 1583625K->1380872K(1918464K), 0.0534208 secs] [Times: user=0.31 sys=0.00, real=0.06 secs] 
5631.785: [Full GC (Ergonomics) [PSYoungGen: 145248K->0K(520192K)] [ParOldGen: 1235624K->180359K(1398272K)] 1380872K->180359K(1918464K), [Metaspace: 59655K->59655K(1105920K)], 0.4338573 secs] [Times: user=2.02 sys=0.00, real=0.43 secs] 
5633.958: [GC (Allocation Failure) [PSYoungGen: 346624K->107136K(522752K)] 526983K->287496K(1921024K), 0.0987762 secs] [Times: user=0.58 sys=0.00, real=0.10 secs] 
5635.034: [GC (Allocation Failure) [PSYoungGen: 453760K->147808K(517120K)] 634120K->431228K(1915392K), 0.0528813 secs] [Times: user=0.32 sys=0.00, real=0.05 secs] 
5636.473: [GC (Allocation Failure) [PSYoungGen: 490336K->105728K(520704K)] 773756K->528040K(1918976K), 0.0880942 secs] [Times: user=0.53 sys=0.00, real=0.08 secs] 
5637.922: [GC (Allocation Failure) [PSYoungGen: 448256K->145440K(517120K)] 870568K->669533K(1915392K), 0.0527039 secs] [Times: user=0.31 sys=0.00, real=0.06 secs] 
5639.643: [GC (Allocation Failure) [PSYoungGen: 485920K->103744K(519680K)] 1010013K->764333K(1917952K), 0.1218484 secs] [Times: user=0.72 sys=0.00, real=0.12 secs] 
5641.094: [GC (Allocation Failure) [PSYoungGen: 444224K->144512K(516608K)] 1104813K->904594K(1914880K), 0.0515330 secs] [Times: user=0.31 sys=0.00, real=0.05 secs] 
5642.652: [GC (Allocation Failure) [PSYoungGen: 482944K->104480K(518656K)] 1243026K->1000138K(1916928K), 0.0881287 secs] [Times: user=0.53 sys=0.00, real=0.08 secs] 
5644.034: [GC (GCLocker Initiated GC) [PSYoungGen: 442912K->141504K(518656K)] 1338570K->1138683K(1916928K), 0.0527914 secs] [Times: user=0.31 sys=0.00, real=0.05 secs] 
5645.590: [GC (Allocation Failure) [PSYoungGen: 481472K->106304K(446464K)] 1478722K->1236246K(1844736K), 0.0822443 secs] [Times: user=0.49 sys=0.00, real=0.09 secs] 
5647.549: [GC (Allocation Failure) [PSYoungGen: 446272K->140448K(518144K)] 1576214K->1373371K(1916416K), 0.0533167 secs] [Times: user=0.31 sys=0.00, real=0.06 secs] 
5647.602: [Full GC (Ergonomics) [PSYoungGen: 140448K->0K(518144K)] [ParOldGen: 1232922K->172511K(1398272K)] 1373371K->172511K(1916416K), [Metaspace: 59655K->59655K(1105920K)], 0.4164916 secs] [Times: user=1.95 sys=0.00, real=0.41 secs] 
5649.235: [GC (Allocation Failure) [PSYoungGen: 340480K->107936K(518656K)] 512991K->280447K(1916928K), 0.0348246 secs] [Times: user=0.21 sys=0.00, real=0.03 secs] 
5651.103: [GC (Allocation Failure) [PSYoungGen: 448416K->140448K(518144K)] 620927K->418132K(1916416K), 0.0533336 secs] [Times: user=0.31 sys=0.00, real=0.05 secs] 
5652.396: [GC (Allocation Failure) [PSYoungGen: 482464K->108320K(519168K)] 760148K->517368K(1917440K), 0.0636530 secs] [Times: user=0.38 sys=0.00, real=0.06 secs] 
5654.076: [GC (Allocation Failure) [PSYoungGen: 450336K->141280K(518656K)] 859384K->656065K(1916928K), 0.0531443 secs] [Times: user=0.32 sys=0.00, real=0.05 secs] 
5655.374: [GC (Allocation Failure) [PSYoungGen: 485344K->109376K(520192K)] 1000129K->756473K(1918464K), 0.0639376 secs] [Times: user=0.38 sys=0.00, real=0.06 secs] 
5657.218: [GC (Allocation Failure) [PSYoungGen: 453440K->142080K(520704K)] 1100537K->895686K(1918976K), 0.0539008 secs] [Times: user=0.32 sys=0.00, real=0.06 secs] 
5658.518: [GC (Allocation Failure) [PSYoungGen: 488704K->107744K(522240K)] 1242310K->994502K(1920512K), 0.0660242 secs] [Times: user=0.39 sys=0.00, real=0.07 secs] 
5660.158: [GC (Allocation Failure) [PSYoungGen: 454368K->143616K(520192K)] 1341126K->1135579K(1918464K), 0.0537161 secs] [Times: user=0.32 sys=0.00, real=0.05 secs] 
5661.518: [GC (Allocation Failure) [PSYoungGen: 490240K->110496K(522752K)] 1482203K->1236951K(1921024K), 0.0651513 secs] [Times: user=0.39 sys=0.00, real=0.07 secs] 
5663.504: [GC (Allocation Failure) [PSYoungGen: 457120K->141248K(521216K)] 1583575K->1375419K(1919488K), 0.0546470 secs] [Times: user=0.32 sys=0.00, real=0.05 secs] 
5663.558: [Full GC (Ergonomics) [PSYoungGen: 141248K->0K(521216K)] [ParOldGen: 1234171K->174219K(1398272K)] 1375419K->174219K(1919488K), [Metaspace: 59655K->59655K(1105920K)], 0.4258999 secs] [Times: user=1.99 sys=0.00, real=0.43 secs] 
5665.201: [GC (Allocation Failure) [PSYoungGen: 347648K->114560K(462336K)] 521867K->288779K(1860608K), 0.0351585 secs] [Times: user=0.21 sys=0.00, real=0.04 secs] 
5667.308: [GC (Allocation Failure) [PSYoungGen: 462208K->141024K(520704K)] 636427K->424236K(1918976K), 0.0541412 secs] [Times: user=0.32 sys=0.00, real=0.05 secs] 
5668.717: [GC (Allocation Failure) [PSYoungGen: 489696K->113664K(522240K)] 772908K->528536K(1920512K), 0.0637862 secs] [Times: user=0.38 sys=0.00, real=0.06 secs] 
5669.876: [GC (Allocation Failure) [PSYoungGen: 462336K->145280K(521728K)] 877208K->669617K(1920000K), 0.0537169 secs] [Times: user=0.31 sys=0.01, real=0.05 secs] 
5671.375: [GC (Allocation Failure) [PSYoungGen: 496000K->112000K(524288K)] 1020337K->772453K(1922560K), 0.0751095 secs] [Times: user=0.45 sys=0.01, real=0.07 secs] 
5672.215: [GC (Allocation Failure) [PSYoungGen: 462720K->149088K(519168K)] 1123173K->917182K(1917440K), 0.0538095 secs] [Times: user=0.32 sys=0.00, real=0.05 secs] 
5674.264: [GC (Allocation Failure) [PSYoungGen: 496736K->105248K(523264K)] 1264830K->1013378K(1921536K), 0.1492803 secs] [Times: user=0.75 sys=0.01, real=0.15 secs] 
5675.458: [GC (Allocation Failure) [PSYoungGen: 452896K->145504K(519680K)] 1361026K->1154898K(1917952K), 0.0510115 secs] [Times: user=0.30 sys=0.00, real=0.05 secs] 
5677.043: [GC (Allocation Failure) [PSYoungGen: 490080K->109856K(521728K)] 1499474K->1255810K(1920000K), 0.0795047 secs] [Times: user=0.47 sys=0.01, real=0.08 secs] 
5678.302: [GC (Allocation Failure) [PSYoungGen: 454432K->143392K(520192K)] 1600386K->1394784K(1918464K), 0.0522087 secs] [Times: user=0.31 sys=0.00, real=0.06 secs] 
5678.354: [Full GC (Ergonomics) [PSYoungGen: 143392K->0K(520192K)] [ParOldGen: 1251392K->193558K(1398272K)] 1394784K->193558K(1918464K), [Metaspace: 59655K->59655K(1105920K)], 0.4717022 secs] [Times: user=2.21 sys=0.00, real=0.47 secs] 
5680.197: [GC (Allocation Failure) [PSYoungGen: 344576K->108672K(453632K)] 538134K->302230K(1851904K), 0.0330625 secs] [Times: user=0.19 sys=0.00, real=0.03 secs] 
5680.870: [GC (Allocation Failure) [PSYoungGen: 453248K->145152K(518656K)] 646806K->443290K(1916928K), 0.0512395 secs] [Times: user=0.30 sys=0.00, real=0.05 secs] 
5682.814: [GC (Allocation Failure) [PSYoungGen: 488704K->105856K(521216K)] 786842K->540267K(1919488K), 0.1327415 secs] [Times: user=0.79 sys=0.00, real=0.13 secs] 
5683.946: [GC (Allocation Failure) [PSYoungGen: 449408K->144864K(518656K)] 883819K->681447K(1916928K), 0.0504964 secs] [Times: user=0.30 sys=0.00, real=0.05 secs] 
5686.256: [GC (Allocation Failure) [PSYoungGen: 487392K->103360K(520704K)] 1023975K->776255K(1918976K), 0.1154168 secs] [Times: user=0.69 sys=0.01, real=0.11 secs] 
5687.023: [GC (GCLocker Initiated GC) [PSYoungGen: 445888K->145280K(517120K)] 1118783K->917500K(1915392K), 0.0502864 secs] [Times: user=0.30 sys=0.00, real=0.05 secs] 
5688.833: [GC (Allocation Failure) [PSYoungGen: 484736K->105824K(519168K)] 1256960K->1014644K(1917440K), 0.1572040 secs] [Times: user=0.93 sys=0.00, real=0.15 secs] 
5690.483: [GC (Allocation Failure) [PSYoungGen: 445280K->149312K(513536K)] 1354100K->1160239K(1911808K), 0.0510706 secs] [Times: user=0.30 sys=0.00, real=0.05 secs] 
5692.298: [GC (Allocation Failure) [PSYoungGen: 484672K->103872K(517120K)] 1495599K->1246799K(1915392K), 0.1632650 secs] [Times: user=0.97 sys=0.00, real=0.16 secs] 
5693.758: [GC (Allocation Failure) [PSYoungGen: 439232K->149408K(511488K)] 1582159K->1391964K(1909760K), 0.0518566 secs] [Times: user=0.31 sys=0.00, real=0.05 secs] 
5693.810: [Full GC (Ergonomics) [PSYoungGen: 149408K->0K(511488K)] [ParOldGen: 1242556K->181897K(1398272K)] 1391964K->181897K(1909760K), [Metaspace: 59655K->59655K(1105920K)], 0.4364222 secs] [Times: user=2.03 sys=0.00, real=0.44 secs] 
5695.445: [GC (Allocation Failure) [PSYoungGen: 331264K->101952K(515072K)] 513161K->283849K(1913344K), 0.0327867 secs] [Times: user=0.19 sys=0.00, real=0.03 secs] 
5697.736: [GC (Allocation Failure) [PSYoungGen: 433216K->135040K(509952K)] 615113K->415961K(1908224K), 0.0502949 secs] [Times: user=0.29 sys=0.00, real=0.05 secs] 
5699.024: [GC (Allocation Failure) [PSYoungGen: 467328K->105184K(513024K)] 748249K->511621K(1911296K), 0.0632446 secs] [Times: user=0.37 sys=0.01, real=0.06 secs] 
5700.802: [GC (Allocation Failure) [PSYoungGen: 437472K->133984K(514048K)] 843909K->643450K(1912320K), 0.0515611 secs] [Times: user=0.31 sys=0.00, real=0.06 secs] 
5702.095: [GC (Allocation Failure) [PSYoungGen: 473440K->109664K(516608K)] 982906K->743894K(1914880K), 0.0637291 secs] [Times: user=0.38 sys=0.00, real=0.06 secs] 
5703.399: [GC (Allocation Failure) [PSYoungGen: 449120K->138144K(521728K)] 1083350K->879867K(1920000K), 0.0539478 secs] [Times: user=0.32 sys=0.00, real=0.06 secs] 
5704.757: [GC (Allocation Failure) [PSYoungGen: 485280K->112000K(521728K)] 1227003K->982443K(1920000K), 0.0652645 secs] [Times: user=0.39 sys=0.00, real=0.07 secs] 
5706.336: [GC (Allocation Failure) [PSYoungGen: 459136K->141568K(519680K)] 1329579K->1121836K(1917952K), 0.0549709 secs] [Times: user=0.32 sys=0.00, real=0.05 secs] 
5707.725: [GC (GCLocker Initiated GC) [PSYoungGen: 489216K->111968K(521728K)] 1469485K->1224165K(1920000K), 0.0669382 secs] [Times: user=0.40 sys=0.00, real=0.06 secs] 
5709.145: [GC (Allocation Failure) [PSYoungGen: 459616K->142368K(522240K)] 1571816K->1364501K(1920512K), 0.0561570 secs] [Times: user=0.34 sys=0.00, real=0.05 secs] 
5710.463: [GC (Allocation Failure) [PSYoungGen: 493088K->110656K(524288K)] 1715221K->1465957K(1922560K), 0.0683983 secs] [Times: user=0.40 sys=0.01, real=0.06 secs] 
5710.532: [Full GC (Ergonomics) [PSYoungGen: 110656K->0K(524288K)] [ParOldGen: 1355301K->27138K(1398272K)] 1465957K->27138K(1922560K), [Metaspace: 59655K->59655K(1105920K)], 0.0470882 secs] [Times: user=0.15 sys=0.00, real=0.04 secs] 
5711.922: [GC (Allocation Failure) [PSYoungGen: 350720K->145952K(520704K)] 377858K->173090K(1918976K), 0.0287646 secs] [Times: user=0.17 sys=0.00, real=0.03 secs] 
5713.202: [GC (Allocation Failure) [PSYoungGen: 495648K->110656K(524288K)] 522786K->274778K(1922560K), 0.0651881 secs] [Times: user=0.39 sys=0.00, real=0.07 secs] 
5715.195: [GC (Allocation Failure) [PSYoungGen: 460352K->146016K(520192K)] 624474K->417645K(1918464K), 0.0539760 secs] [Times: user=0.29 sys=0.00, real=0.05 secs] 
5716.542: [GC (Allocation Failure) [PSYoungGen: 493664K->108736K(523264K)] 765293K->517429K(1921536K), 0.0646281 secs] [Times: user=0.38 sys=0.00, real=0.06 secs] 
5717.857: [GC (Allocation Failure) [PSYoungGen: 456384K->144352K(520704K)] 865077K->658762K(1918976K), 0.0528994 secs] [Times: user=0.31 sys=0.01, real=0.05 secs] 
5719.156: [GC (Allocation Failure) [PSYoungGen: 490976K->110144K(522752K)] 1005386K->759458K(1921024K), 0.0652061 secs] [Times: user=0.39 sys=0.00, real=0.06 secs] 
5720.721: [GC (Allocation Failure) [PSYoungGen: 456768K->143008K(521216K)] 1106082K->898427K(1919488K), 0.0530618 secs] [Times: user=0.31 sys=0.01, real=0.06 secs] 
5722.025: [GC (GCLocker Initiated GC) [PSYoungGen: 490144K->110272K(522752K)] 1245563K->998791K(1921024K), 0.0648380 secs] [Times: user=0.39 sys=0.00, real=0.06 secs] 
5723.113: [GC (Allocation Failure) [PSYoungGen: 457408K->148032K(518144K)] 1345930K->1142991K(1916416K), 0.0549378 secs] [Times: user=0.32 sys=0.00, real=0.05 secs] 
5724.767: [GC (Allocation Failure) [PSYoungGen: 492608K->106464K(521728K)] 1487567K->1240807K(1920000K), 0.0910500 secs] [Times: user=0.54 sys=0.00, real=0.09 secs] 
5725.735: [GC (Allocation Failure) [PSYoungGen: 451040K->146816K(517632K)] 1585383K->1383244K(1915904K), 0.0530672 secs] [Times: user=0.31 sys=0.00, real=0.05 secs] 
5725.788: [Full GC (Ergonomics) [PSYoungGen: 146816K->0K(517632K)] [ParOldGen: 1236428K->187864K(1398272K)] 1383244K->187864K(1915904K), [Metaspace: 59655K->59655K(1105920K)], 0.4516538 secs] [Times: user=2.10 sys=0.00, real=0.45 secs] 
5727.890: [GC (Allocation Failure) [PSYoungGen: 341504K->106496K(520192K)] 529368K->294360K(1918464K), 0.0596776 secs] [Times: user=0.35 sys=0.01, real=0.06 secs] 
5729.703: [GC (Allocation Failure) [PSYoungGen: 448000K->142080K(519680K)] 635864K->432085K(1917952K), 0.0512616 secs] [Times: user=0.30 sys=0.00, real=0.05 secs] 
5731.115: [GC (Allocation Failure) [PSYoungGen: 484608K->107488K(450048K)] 774613K->530805K(1848320K), 0.0639925 secs] [Times: user=0.38 sys=0.00, real=0.06 secs] 
5732.648: [GC (Allocation Failure) [PSYoungGen: 450016K->143040K(518656K)] 873333K->669718K(1916928K), 0.0520036 secs] [Times: user=0.30 sys=0.00, real=0.05 secs] 
5734.057: [GC (Allocation Failure) [PSYoungGen: 485056K->108288K(520192K)] 1011734K->768442K(1918464K), 0.0726820 secs] [Times: user=0.44 sys=0.00, real=0.07 secs] 
5734.720: [GC (Allocation Failure) [PSYoungGen: 450304K->144736K(518144K)] 1110458K->909038K(1916416K), 0.0523839 secs] [Times: user=0.31 sys=0.00, real=0.06 secs] 
5736.238: [GC (Allocation Failure) [PSYoungGen: 486752K->107200K(520192K)] 1251054K->1006758K(1918464K), 0.0856553 secs] [Times: user=0.51 sys=0.00, real=0.09 secs] 
5737.520: [GC (Allocation Failure) [PSYoungGen: 449216K->145696K(517120K)] 1348774K->1148323K(1915392K), 0.0526429 secs] [Times: user=0.31 sys=0.00, real=0.06 secs] 
5739.197: [GC (Allocation Failure) [PSYoungGen: 486176K->106496K(519680K)] 1488803K->1245867K(1917952K), 0.1061754 secs] [Times: user=0.63 sys=0.00, real=0.11 secs] 
5740.873: [GC (Allocation Failure) [PSYoungGen: 446976K->151008K(513024K)] 1586347K->1393000K(1911296K), 0.0523653 secs] [Times: user=0.31 sys=0.01, real=0.05 secs] 
5740.926: [Full GC (Ergonomics) [PSYoungGen: 151008K->0K(513024K)] [ParOldGen: 1241992K->184094K(1398272K)] 1393000K->184094K(1911296K), [Metaspace: 59655K->59655K(1105920K)], 0.4488501 secs] [Times: user=2.09 sys=0.00, real=0.45 secs] 
5742.605: [GC (Allocation Failure) [PSYoungGen: 335360K->103520K(517120K)] 519454K->287614K(1915392K), 0.0353223 secs] [Times: user=0.21 sys=0.00, real=0.03 secs] 
5744.129: [GC (Allocation Failure) [PSYoungGen: 438880K->140128K(516096K)] 622974K->423371K(1914368K), 0.0504924 secs] [Times: user=0.29 sys=0.00, real=0.05 secs] 
5745.430: [GC (Allocation Failure) [PSYoungGen: 476512K->105856K(517120K)] 759755K->519947K(1915392K), 0.0641446 secs] [Times: user=0.38 sys=0.00, real=0.07 secs] 
5747.279: [GC (Allocation Failure) [PSYoungGen: 442240K->147008K(514048K)] 856331K->664002K(1912320K), 0.0521648 secs] [Times: user=0.31 sys=0.00, real=0.05 secs] 
5748.716: [GC (Allocation Failure) [PSYoungGen: 482368K->105376K(517120K)] 999362K->752114K(1915392K), 0.0906679 secs] [Times: user=0.54 sys=0.00, real=0.09 secs] 
5750.103: [GC (Allocation Failure) [PSYoungGen: 440736K->138752K(516096K)] 1087474K->888199K(1914368K), 0.0522547 secs] [Times: user=0.31 sys=0.00, real=0.05 secs] 
5751.400: [GC (Allocation Failure) [PSYoungGen: 476160K->106944K(517120K)] 1225607K->986047K(1915392K), 0.0639358 secs] [Times: user=0.38 sys=0.00, real=0.07 secs] 
5752.192: [GC (Allocation Failure) [PSYoungGen: 444352K->138368K(518144K)] 1323455K->1123234K(1916416K), 0.0531170 secs] [Times: user=0.31 sys=0.00, real=0.06 secs] 
5753.759: [GC (Allocation Failure) [PSYoungGen: 478848K->108768K(518144K)] 1463714K->1222822K(1916416K), 0.0648241 secs] [Times: user=0.38 sys=0.00, real=0.07 secs] 
5754.916: [GC (Allocation Failure) [PSYoungGen: 449248K->141120K(517120K)] 1563302K->1362311K(1915392K), 0.0537805 secs] [Times: user=0.32 sys=0.00, real=0.05 secs] 
5756.224: [GC (Allocation Failure) [PSYoungGen: 483136K->109600K(518656K)] 1704327K->1462963K(1916928K), 0.0706353 secs] [Times: user=0.38 sys=0.00, real=0.07 secs] 
5756.295: [Full GC (Ergonomics) [PSYoungGen: 109600K->0K(518656K)] [ParOldGen: 1353363K->24176K(1398272K)] 1462963K->24176K(1916928K), [Metaspace: 59655K->59655K(1105920K)], 0.0419039 secs] [Times: user=0.11 sys=0.00, real=0.04 secs] 
5757.395: [GC (Allocation Failure) [PSYoungGen: 342016K->139968K(520192K)] 366192K->164144K(1918464K), 0.0281793 secs] [Times: user=0.17 sys=0.01, real=0.03 secs] 
5758.929: [GC (GCLocker Initiated GC) [PSYoungGen: 486080K->109824K(521216K)] 510258K->265230K(1919488K), 0.0643207 secs] [Times: user=0.38 sys=0.01, real=0.07 secs] 
5761.056: [GC (Allocation Failure) [PSYoungGen: 455936K->139872K(521216K)] 611412K->402801K(1919488K), 0.0527568 secs] [Times: user=0.31 sys=0.00, real=0.05 secs] 
5762.358: [GC (Allocation Failure) [PSYoungGen: 488544K->112448K(522240K)] 751473K->506093K(1920512K), 0.0641060 secs] [Times: user=0.38 sys=0.00, real=0.07 secs] 
5764.482: [GC (Allocation Failure) [PSYoungGen: 461120K->142496K(521728K)] 854765K->646298K(1920000K), 0.0537740 secs] [Times: user=0.32 sys=0.00, real=0.05 secs] 
5765.924: [GC (Allocation Failure) [PSYoungGen: 493216K->111552K(523776K)] 997018K->748910K(1922048K), 0.0671186 secs] [Times: user=0.40 sys=0.01, real=0.06 secs] 
5767.561: [GC (Allocation Failure) [PSYoungGen: 462272K->145056K(521728K)] 1099630K->891531K(1920000K), 0.0540458 secs] [Times: user=0.31 sys=0.00, real=0.06 secs] 
5768.954: [GC (Allocation Failure) [PSYoungGen: 495776K->109952K(524800K)] 1242251K->992587K(1923072K), 0.0656419 secs] [Times: user=0.39 sys=0.00, real=0.06 secs] 
5770.383: [GC (Allocation Failure) [PSYoungGen: 460672K->145344K(520704K)] 1343307K->1135184K(1918976K), 0.0536239 secs] [Times: user=0.32 sys=0.00, real=0.05 secs] 
5771.765: [GC (Allocation Failure) [PSYoungGen: 494016K->110976K(523776K)] 1483856K->1236848K(1922048K), 0.0648906 secs] [Times: user=0.38 sys=0.01, real=0.06 secs] 
5772.905: [GC (Allocation Failure) [PSYoungGen: 459648K->144832K(520704K)] 1585520K->1377853K(1918976K), 0.0543873 secs] [Times: user=0.32 sys=0.00, real=0.05 secs] 
5772.960: [Full GC (Ergonomics) [PSYoungGen: 144832K->0K(520704K)] [ParOldGen: 1233021K->182050K(1398272K)] 1377853K->182050K(1918976K), [Metaspace: 59655K->59655K(1105920K)], 0.4471215 secs] [Times: user=2.09 sys=0.00, real=0.45 secs] 
5774.885: [GC (Allocation Failure) [PSYoungGen: 347648K->109376K(523264K)] 529698K->291426K(1921536K), 0.0494945 secs] [Times: user=0.29 sys=0.00, real=0.05 secs] 
5776.741: [GC (Allocation Failure) [PSYoungGen: 457024K->144224K(521216K)] 639074K->431679K(1919488K), 0.0544322 secs] [Times: user=0.26 sys=0.00, real=0.06 secs] 
5778.134: [GC (Allocation Failure) [PSYoungGen: 491872K->106976K(523264K)] 779327K->529351K(1921536K), 0.0871044 secs] [Times: user=0.52 sys=0.01, real=0.08 secs] 
5779.417: [GC (Allocation Failure) [PSYoungGen: 454624K->155136K(512000K)] 876999K->680416K(1910272K), 0.0521426 secs] [Times: user=0.31 sys=0.00, real=0.05 secs] 
5781.076: [GC (Allocation Failure) [PSYoungGen: 492544K->104544K(518144K)] 1017824K->767704K(1916416K), 0.0634854 secs] [Times: user=0.38 sys=0.01, real=0.06 secs] 
5782.197: [GC (Allocation Failure) [PSYoungGen: 441952K->141056K(517632K)] 1105112K->904804K(1915904K), 0.0512914 secs] [Times: user=0.30 sys=0.00, real=0.05 secs] 
5783.593: [GC (GCLocker Initiated GC) [PSYoungGen: 480000K->108000K(446976K)] 1243750K->1002994K(1845248K), 0.0639112 secs] [Times: user=0.38 sys=0.00, real=0.06 secs] 
5784.832: [GC (Allocation Failure) [PSYoungGen: 446944K->143904K(516608K)] 1342009K->1143344K(1914880K), 0.0525240 secs] [Times: user=0.31 sys=0.00, real=0.05 secs] 
5786.155: [GC (Allocation Failure) [PSYoungGen: 482848K->105696K(518144K)] 1482288K->1240316K(1916416K), 0.0648899 secs] [Times: user=0.38 sys=0.00, real=0.06 secs] 
5788.133: [GC (Allocation Failure) [PSYoungGen: 444640K->149888K(513024K)] 1579260K->1386917K(1911296K), 0.0530055 secs] [Times: user=0.31 sys=0.00, real=0.05 secs] 
5788.186: [Full GC (Ergonomics) [PSYoungGen: 149888K->0K(513024K)] [ParOldGen: 1237029K->177525K(1398272K)] 1386917K->177525K(1911296K), [Metaspace: 59655K->59655K(1105920K)], 0.4325266 secs] [Times: user=2.02 sys=0.00, real=0.43 secs] 
5789.812: [GC (Allocation Failure) [PSYoungGen: 335360K->101920K(517120K)] 512885K->279445K(1915392K), 0.0335304 secs] [Times: user=0.20 sys=0.00, real=0.04 secs] 
5790.945: [GC (Allocation Failure) [PSYoungGen: 437280K->140928K(517120K)] 614805K->417434K(1915392K), 0.0514914 secs] [Times: user=0.31 sys=0.00, real=0.05 secs] 
5792.334: [GC (Allocation Failure) [PSYoungGen: 477312K->104704K(441344K)] 753818K->513106K(1839616K), 0.0637097 secs] [Times: user=0.38 sys=0.00, real=0.06 secs] 
5793.709: [GC (Allocation Failure) [PSYoungGen: 441088K->140384K(515584K)] 849490K->651042K(1913856K), 0.0516570 secs] [Times: user=0.31 sys=0.00, real=0.05 secs] 
5795.198: [GC (Allocation Failure) [PSYoungGen: 476768K->104416K(516096K)] 987426K->746630K(1914368K), 0.0641420 secs] [Times: user=0.38 sys=0.00, real=0.07 secs] 
5796.744: [GC (Allocation Failure) [PSYoungGen: 440800K->137248K(518656K)] 1083014K->881395K(1916928K), 0.0523530 secs] [Times: user=0.31 sys=0.00, real=0.05 secs] 
5798.042: [GC (GCLocker Initiated GC) [PSYoungGen: 477728K->109696K(518144K)] 1221875K->982063K(1916416K), 0.0661148 secs] [Times: user=0.39 sys=0.00, real=0.06 secs] 
5799.625: [GC (Allocation Failure) [PSYoungGen: 450176K->144608K(515584K)] 1322546K->1124863K(1913856K), 0.0545408 secs] [Times: user=0.32 sys=0.00, real=0.05 secs] 
5800.940: [GC (Allocation Failure) [PSYoungGen: 485088K->111616K(518144K)] 1465343K->1218839K(1916416K), 0.0648919 secs] [Times: user=0.38 sys=0.00, real=0.07 secs] 
5801.788: [GC (Allocation Failure) [PSYoungGen: 452096K->138944K(521216K)] 1559319K->1356416K(1919488K), 0.0545912 secs] [Times: user=0.32 sys=0.00, real=0.06 secs] 
5803.113: [GC (Allocation Failure) [PSYoungGen: 485056K->112416K(521216K)] 1702530K->1459450K(1919488K), 0.0682703 secs] [Times: user=0.41 sys=0.01, real=0.06 secs] 
5803.182: [Full GC (Ergonomics) [PSYoungGen: 112416K->0K(521216K)] [ParOldGen: 1347034K->20782K(1398272K)] 1459450K->20782K(1919488K), [Metaspace: 59655K->59655K(1105920K)], 0.0309504 secs] [Times: user=0.08 sys=0.00, real=0.04 secs] 
5803.978: [GC (Allocation Failure) [PSYoungGen: 346112K->141152K(519680K)] 366894K->161934K(1917952K), 0.0281544 secs] [Times: user=0.16 sys=0.00, real=0.03 secs] 
5805.285: [GC (Allocation Failure) [PSYoungGen: 488288K->111904K(521216K)] 509070K->264486K(1919488K), 0.0644036 secs] [Times: user=0.38 sys=0.00, real=0.06 secs] 
5806.217: [GC (Allocation Failure) [PSYoungGen: 459040K->142272K(521728K)] 611622K->404799K(1920000K), 0.0534653 secs] [Times: user=0.32 sys=0.01, real=0.05 secs] 
5807.538: [GC (Allocation Failure) [PSYoungGen: 492480K->113088K(523776K)] 755007K->508731K(1922048K), 0.0645860 secs] [Times: user=0.38 sys=0.00, real=0.07 secs] 
5808.388: [GC (Allocation Failure) [PSYoungGen: 463296K->146560K(520704K)] 858939K->652426K(1918976K), 0.0541647 secs] [Times: user=0.32 sys=0.00, real=0.06 secs] 
5809.875: [GC (Allocation Failure) [PSYoungGen: 496256K->111360K(524288K)] 1002122K->755122K(1922560K), 0.0656480 secs] [Times: user=0.39 sys=0.00, real=0.06 secs] 
5811.445: [GC (GCLocker Initiated GC) [PSYoungGen: 461056K->145120K(521216K)] 1104821K->897754K(1919488K), 0.0537790 secs] [Times: user=0.32 sys=0.00, real=0.05 secs] 
5813.349: [GC (Allocation Failure) [PSYoungGen: 493792K->109728K(523776K)] 1246428K->998705K(1922048K), 0.0756359 secs] [Times: user=0.45 sys=0.00, real=0.08 secs] 
5814.570: [GC (Allocation Failure) [PSYoungGen: 458400K->144928K(521216K)] 1347377K->1139813K(1919488K), 0.0537895 secs] [Times: user=0.32 sys=0.00, real=0.06 secs] 
5815.927: [GC (GCLocker Initiated GC) [PSYoungGen: 492576K->111104K(523264K)] 1487464K->1241624K(1921536K), 0.0949650 secs] [Times: user=0.56 sys=0.00, real=0.10 secs] 
5817.145: [GC (Allocation Failure) [PSYoungGen: 458752K->146176K(519168K)] 1589275K->1384156K(1917440K), 0.0541777 secs] [Times: user=0.32 sys=0.00, real=0.05 secs] 
5817.199: [Full GC (Ergonomics) [PSYoungGen: 146176K->0K(519168K)] [ParOldGen: 1237980K->187093K(1398272K)] 1384156K->187093K(1917440K), [Metaspace: 59655K->59655K(1105920K)], 0.4569615 secs] [Times: user=2.13 sys=0.00, real=0.46 secs] 
5819.172: [GC (Allocation Failure) [PSYoungGen: 345600K->107776K(522240K)] 532693K->294869K(1920512K), 0.0703773 secs] [Times: user=0.41 sys=0.00, real=0.07 secs] 
5819.846: [GC (Allocation Failure) [PSYoungGen: 453376K->146560K(518656K)] 640469K->437110K(1916928K), 0.0519981 secs] [Times: user=0.31 sys=0.00, real=0.05 secs] 
5821.336: [GC (Allocation Failure) [PSYoungGen: 490112K->109024K(521216K)] 780662K->537174K(1919488K), 0.0687984 secs] [Times: user=0.41 sys=0.00, real=0.07 secs] 
5822.249: [GC (Allocation Failure) [PSYoungGen: 452576K->144448K(519680K)] 880726K->677000K(1917952K), 0.0511368 secs] [Times: user=0.31 sys=0.00, real=0.05 secs] 
5823.676: [GC (GCLocker Initiated GC) [PSYoungGen: 488000K->108128K(521216K)] 1020552K->775800K(1919488K), 0.0671684 secs] [Times: user=0.40 sys=0.00, real=0.07 secs] 
5824.345: [GC (Allocation Failure) [PSYoungGen: 451680K->147136K(516608K)] 1119355K->919275K(1914880K), 0.0526054 secs] [Times: user=0.31 sys=0.00, real=0.05 secs] 
5826.496: [GC (Allocation Failure) [PSYoungGen: 487616K->103232K(519680K)] 1259755K->1013835K(1917952K), 0.1558901 secs] [Times: user=0.92 sys=0.00, real=0.16 secs] 
5827.518: [GC (Allocation Failure) [PSYoungGen: 443712K->142848K(518656K)] 1354315K->1152456K(1916928K), 0.0502576 secs] [Times: user=0.29 sys=0.00, real=0.05 secs] 
5829.120: [GC (GCLocker Initiated GC) [PSYoungGen: 483328K->106048K(446976K)] 1492936K->1249564K(1845248K), 0.1037641 secs] [Times: user=0.61 sys=0.00, real=0.11 secs] 
5830.693: [GC (Allocation Failure) [PSYoungGen: 446528K->143808K(517120K)] 1590047K->1388652K(1915392K), 0.0519048 secs] [Times: user=0.31 sys=0.00, real=0.05 secs] 
5830.745: [Full GC (Ergonomics) [PSYoungGen: 143808K->0K(517120K)] [ParOldGen: 1244844K->187705K(1398272K)] 1388652K->187705K(1915392K), [Metaspace: 59655K->59655K(1105920K)], 0.4544770 secs] [Times: user=2.12 sys=0.00, real=0.45 secs] 
5832.412: [GC (Allocation Failure) [PSYoungGen: 339456K->104992K(519168K)] 527161K->292697K(1917440K), 0.0337748 secs] [Times: user=0.20 sys=0.00, real=0.03 secs] 
5834.291: [GC (Allocation Failure) [PSYoungGen: 444448K->140800K(519168K)] 632153K->429617K(1917440K), 0.0504626 secs] [Times: user=0.30 sys=0.00, real=0.05 secs] 
5835.574: [GC (GCLocker Initiated GC) [PSYoungGen: 481792K->107744K(449024K)] 770610K->528334K(1847296K), 0.0629372 secs] [Times: user=0.37 sys=0.00, real=0.06 secs] 
5836.288: [GC (Allocation Failure) [PSYoungGen: 448736K->152256K(512000K)] 869329K->676456K(1910272K), 0.0521015 secs] [Times: user=0.30 sys=0.00, real=0.05 secs] 
5837.621: [GC (Allocation Failure) [PSYoungGen: 487616K->107104K(517120K)] 1011816K->766188K(1915392K), 0.0645186 secs] [Times: user=0.38 sys=0.00, real=0.07 secs] 
5838.715: [GC (Allocation Failure) [PSYoungGen: 442464K->141824K(516096K)] 1101548K->902657K(1914368K), 0.0517136 secs] [Times: user=0.31 sys=0.00, real=0.05 secs] 
5840.081: [GC (Allocation Failure) [PSYoungGen: 479232K->104960K(517632K)] 1240065K->998897K(1915904K), 0.0636678 secs] [Times: user=0.37 sys=0.00, real=0.07 secs] 
5842.177: [GC (Allocation Failure) [PSYoungGen: 442368K->138784K(518656K)] 1336305K->1134501K(1916928K), 0.0523747 secs] [Times: user=0.31 sys=0.00, real=0.05 secs] 
5843.463: [GC (Allocation Failure) [PSYoungGen: 478752K->107648K(448000K)] 1474469K->1233142K(1846272K), 0.0642517 secs] [Times: user=0.38 sys=0.00, real=0.06 secs] 
5844.830: [GC (Allocation Failure) [PSYoungGen: 447616K->140832K(517120K)] 1573110K->1371417K(1915392K), 0.0533824 secs] [Times: user=0.31 sys=0.00, real=0.06 secs] 
5846.482: [GC (Allocation Failure) [PSYoungGen: 481312K->106464K(518144K)] 1711897K->1469049K(1916416K), 0.0653363 secs] [Times: user=0.39 sys=0.00, real=0.06 secs] 
5846.548: [Full GC (Ergonomics) [PSYoungGen: 106464K->0K(518144K)] [ParOldGen: 1362585K->29095K(1398272K)] 1469049K->29095K(1916416K), [Metaspace: 59655K->59655K(1105920K)], 0.0496513 secs] [Times: user=0.16 sys=0.00, real=0.05 secs] 
5847.843: [GC (Allocation Failure) [PSYoungGen: 340480K->140672K(519168K)] 369575K->169767K(1917440K), 0.0281586 secs] [Times: user=0.16 sys=0.00, real=0.02 secs] 
5849.200: [GC (GCLocker Initiated GC) [PSYoungGen: 484224K->107776K(520192K)] 513319K->268351K(1918464K), 0.0634606 secs] [Times: user=0.37 sys=0.00, real=0.07 secs] 
5850.146: [GC (Allocation Failure) [PSYoungGen: 451328K->143360K(519168K)] 611906K->409647K(1917440K), 0.0525567 secs] [Times: user=0.31 sys=0.00, real=0.05 secs] 
5851.451: [GC (Allocation Failure) [PSYoungGen: 487936K->107712K(521216K)] 754223K->508267K(1919488K), 0.0643310 secs] [Times: user=0.38 sys=0.00, real=0.07 secs] 
5852.993: [GC (Allocation Failure) [PSYoungGen: 452288K->142528K(520192K)] 852843K->648402K(1918464K), 0.0525526 secs] [Times: user=0.31 sys=0.00, real=0.05 secs] 
5854.300: [GC (GCLocker Initiated GC) [PSYoungGen: 488128K->110336K(456192K)] 994002K->749398K(1854464K), 0.0643287 secs] [Times: user=0.38 sys=0.01, real=0.07 secs] 
5855.460: [GC (Allocation Failure) [PSYoungGen: 455936K->141888K(520192K)] 1095003K->888860K(1918464K), 0.0538059 secs] [Times: user=0.31 sys=0.01, real=0.06 secs] 
5856.769: [GC (Allocation Failure) [PSYoungGen: 488000K->111424K(521728K)] 1234972K->990972K(1920000K), 0.0651288 secs] [Times: user=0.39 sys=0.00, real=0.07 secs] 
5857.594: [GC (Allocation Failure) [PSYoungGen: 457536K->145792K(519168K)] 1337084K->1134081K(1917440K), 0.0547681 secs] [Times: user=0.33 sys=0.00, real=0.05 secs] 
5858.980: [GC (Allocation Failure) [PSYoungGen: 491904K->108384K(522240K)] 1480193K->1233497K(1920512K), 0.0649958 secs] [Times: user=0.38 sys=0.00, real=0.07 secs] 
5860.405: [GC (Allocation Failure) [PSYoungGen: 454496K->144992K(519168K)] 1579609K->1375488K(1917440K), 0.0533390 secs] [Times: user=0.32 sys=0.00, real=0.05 secs] 
5861.705: [GC (Allocation Failure) [PSYoungGen: 489568K->109728K(521728K)] 1720064K->1476328K(1920000K), 0.0647647 secs] [Times: user=0.38 sys=0.00, real=0.06 secs] 
5861.769: [Full GC (Ergonomics) [PSYoungGen: 109728K->0K(521728K)] [ParOldGen: 1366600K->40224K(1398272K)] 1476328K->40224K(1920000K), [Metaspace: 59655K->59655K(1105920K)], 0.0798893 secs] [Times: user=0.31 sys=0.00, real=0.08 secs] 
5863.239: [GC (Allocation Failure) [PSYoungGen: 344576K->145376K(518656K)] 384800K->185600K(1916928K), 0.0292890 secs] [Times: user=0.17 sys=0.00, real=0.03 secs] 
5864.490: [GC (GCLocker Initiated GC) [PSYoungGen: 488928K->106816K(521216K)] 529152K->283624K(1919488K), 0.0642087 secs] [Times: user=0.38 sys=0.01, real=0.07 secs] 
5866.161: [GC (Allocation Failure) [PSYoungGen: 450368K->152416K(513536K)] 627179K->431640K(1911808K), 0.0514266 secs] [Times: user=0.30 sys=0.00, real=0.06 secs] 
5867.467: [GC (GCLocker Initiated GC) [PSYoungGen: 489824K->104064K(518144K)] 769049K->518497K(1916416K), 0.0637566 secs] [Times: user=0.38 sys=0.00, real=0.06 secs] 
5868.583: [GC (Allocation Failure) [PSYoungGen: 441472K->139904K(517120K)] 855944K->655919K(1915392K), 0.0513680 secs] [Times: user=0.30 sys=0.00, real=0.05 secs] 
5869.880: [GC (Allocation Failure) [PSYoungGen: 478336K->106880K(518144K)] 994351K->753607K(1916416K), 0.0631235 secs] [Times: user=0.38 sys=0.00, real=0.07 secs] 
5870.746: [GC (Allocation Failure) [PSYoungGen: 445312K->140864K(517120K)] 1092039K->891960K(1915392K), 0.0523169 secs] [Times: user=0.31 sys=0.00, real=0.05 secs] 
5872.037: [GC (Allocation Failure) [PSYoungGen: 480320K->109056K(518144K)] 1231416K->991844K(1916416K), 0.0660454 secs] [Times: user=0.40 sys=0.00, real=0.07 secs] 
5873.825: [GC (Allocation Failure) [PSYoungGen: 448512K->138464K(518656K)] 1331300K->1127765K(1916928K), 0.0546466 secs] [Times: user=0.32 sys=0.00, real=0.05 secs] 
5875.124: [GC (Allocation Failure) [PSYoungGen: 480992K->107392K(518656K)] 1470293K->1225733K(1916928K), 0.0663915 secs] [Times: user=0.39 sys=0.00, real=0.06 secs] 
5876.674: [GC (Allocation Failure) [PSYoungGen: 449920K->141632K(520192K)] 1568261K->1364210K(1918464K), 0.0543393 secs] [Times: user=0.32 sys=0.00, real=0.05 secs] 
5877.978: [GC (Allocation Failure) [PSYoungGen: 487232K->111552K(521216K)] 1709810K->1466642K(1919488K), 0.0674462 secs] [Times: user=0.40 sys=0.00, real=0.07 secs] 
5878.046: [Full GC (Ergonomics) [PSYoungGen: 111552K->0K(521216K)] [ParOldGen: 1355090K->32764K(1398272K)] 1466642K->32764K(1919488K), [Metaspace: 59655K->59655K(1105920K)], 0.0601793 secs] [Times: user=0.21 sys=0.00, real=0.06 secs] 
5879.341: [GC (Allocation Failure) [PSYoungGen: 345600K->141760K(521216K)] 378364K->174524K(1919488K), 0.0283451 secs] [Times: user=0.17 sys=0.00, real=0.03 secs] 
5880.627: [GC (Allocation Failure) [PSYoungGen: 489408K->112064K(522240K)] 522172K->277356K(1920512K), 0.0643034 secs] [Times: user=0.38 sys=0.01, real=0.06 secs] 
5881.991: [GC (Allocation Failure) [PSYoungGen: 459712K->142432K(521728K)] 625004K->416872K(1920000K), 0.0531107 secs] [Times: user=0.31 sys=0.00, real=0.06 secs] 
5883.281: [GC (GCLocker Initiated GC) [PSYoungGen: 491616K->112448K(523264K)] 766057K->520177K(1921536K), 0.0641500 secs] [Times: user=0.37 sys=0.01, real=0.07 secs] 
5884.367: [GC (Allocation Failure) [PSYoungGen: 461632K->146688K(520704K)] 869368K->662837K(1918976K), 0.0539929 secs] [Times: user=0.32 sys=0.00, real=0.05 secs] 
5885.670: [GC (Allocation Failure) [PSYoungGen: 495360K->109472K(523776K)] 1011511K->763303K(1922048K), 0.0642797 secs] [Times: user=0.38 sys=0.00, real=0.07 secs] 
5886.401: [GC (Allocation Failure) [PSYoungGen: 458144K->148704K(518144K)] 1111975K->908939K(1916416K), 0.0532987 secs] [Times: user=0.32 sys=0.00, real=0.06 secs] 
5887.946: [GC (Allocation Failure) [PSYoungGen: 493280K->107744K(521728K)] 1253515K->1007963K(1920000K), 0.0976219 secs] [Times: user=0.58 sys=0.00, real=0.10 secs] 
5889.097: [GC (Allocation Failure) [PSYoungGen: 452320K->143776K(519168K)] 1352539K->1148027K(1917440K), 0.0522231 secs] [Times: user=0.30 sys=0.01, real=0.05 secs] 
5890.754: [GC (Allocation Failure) [PSYoungGen: 487328K->108000K(521216K)] 1491579K->1246819K(1919488K), 0.0955802 secs] [Times: user=0.56 sys=0.00, real=0.09 secs] 
5891.644: [GC (Allocation Failure) [PSYoungGen: 451552K->145184K(518144K)] 1590371K->1387896K(1916416K), 0.0525602 secs] [Times: user=0.31 sys=0.00, real=0.05 secs] 
5891.696: [Full GC (Ergonomics) [PSYoungGen: 145184K->0K(518144K)] [ParOldGen: 1242712K->191994K(1398272K)] 1387896K->191994K(1916416K), [Metaspace: 59655K->59655K(1105920K)], 0.4563153 secs] [Times: user=2.11 sys=0.00, real=0.46 secs] 
5893.582: [GC (Allocation Failure) [PSYoungGen: 342528K->106080K(520704K)] 534522K->298074K(1918976K), 0.0476784 secs] [Times: user=0.27 sys=0.00, real=0.04 secs] 
5894.476: [GC (Allocation Failure) [PSYoungGen: 448608K->145312K(518144K)] 640602K->439223K(1916416K), 0.0504624 secs] [Times: user=0.30 sys=0.00, real=0.05 secs] 
5896.174: [GC (GCLocker Initiated GC) [PSYoungGen: 486816K->103328K(520192K)] 780727K->533527K(1918464K), 0.1077930 secs] [Times: user=0.64 sys=0.00, real=0.11 secs] 
5896.894: [GC (Allocation Failure) [PSYoungGen: 444832K->144448K(517632K)] 875034K->674043K(1915904K), 0.0501897 secs] [Times: user=0.29 sys=0.00, real=0.05 secs] 
5898.154: [GC (Allocation Failure) [PSYoungGen: 483904K->105856K(519168K)] 1013499K->771259K(1917440K), 0.0646365 secs] [Times: user=0.38 sys=0.00, real=0.06 secs] 
5899.484: [GC (Allocation Failure) [PSYoungGen: 445312K->143072K(517632K)] 1110715K->910096K(1915904K), 0.0509053 secs] [Times: user=0.30 sys=0.00, real=0.05 secs] 
5901.227: [GC (Allocation Failure) [PSYoungGen: 482528K->106976K(446464K)] 1249552K->1008124K(1844736K), 0.0648192 secs] [Times: user=0.38 sys=0.00, real=0.07 secs] 
5902.063: [GC (Allocation Failure) [PSYoungGen: 446432K->142048K(517632K)] 1347580K->1146000K(1915904K), 0.0518733 secs] [Times: user=0.31 sys=0.00, real=0.05 secs] 
5903.363: [GC (Allocation Failure) [PSYoungGen: 482016K->106624K(518656K)] 1485968K->1242976K(1916928K), 0.0634919 secs] [Times: user=0.37 sys=0.00, real=0.06 secs] 
5904.126: [GC (Allocation Failure) [PSYoungGen: 446592K->144800K(517632K)] 1582944K->1384141K(1915904K), 0.0534355 secs] [Times: user=0.31 sys=0.00, real=0.05 secs] 
5904.179: [Full GC (Ergonomics) [PSYoungGen: 144800K->0K(517632K)] [ParOldGen: 1239341K->183205K(1398272K)] 1384141K->183205K(1915904K), [Metaspace: 59655K->59655K(1105920K)], 0.4372094 secs] [Times: user=2.04 sys=0.00, real=0.44 secs] 
5905.815: [GC (Allocation Failure) [PSYoungGen: 340480K->105504K(519680K)] 523685K->288709K(1917952K), 0.0329748 secs] [Times: user=0.19 sys=0.00, real=0.03 secs] 
5907.393: [GC (Allocation Failure) [PSYoungGen: 445984K->142240K(519168K)] 629189K->427030K(1917440K), 0.0514994 secs] [Times: user=0.31 sys=0.00, real=0.05 secs] 
5908.806: [GC (GCLocker Initiated GC) [PSYoungGen: 483744K->105600K(447488K)] 768534K->523546K(1845760K), 0.0820212 secs] [Times: user=0.49 sys=0.00, real=0.08 secs] 
5910.473: [GC (Allocation Failure) [PSYoungGen: 447104K->149568K(513536K)] 865053K->670322K(1911808K), 0.0531067 secs] [Times: user=0.31 sys=0.00, real=0.05 secs] 
5911.817: [GC (Allocation Failure) [PSYoungGen: 485952K->105952K(517632K)] 1006706K->759118K(1915904K), 0.0638404 secs] [Times: user=0.38 sys=0.01, real=0.06 secs] 
5913.457: [GC (Allocation Failure) [PSYoungGen: 442336K->138976K(515584K)] 1095502K->895303K(1913856K), 0.0522812 secs] [Times: user=0.31 sys=0.00, real=0.05 secs] 
5914.752: [GC (Allocation Failure) [PSYoungGen: 477408K->106816K(517632K)] 1233735K->992991K(1915904K), 0.0640085 secs] [Times: user=0.38 sys=0.00, real=0.06 secs] 
5916.059: [GC (GCLocker Initiated GC) [PSYoungGen: 445248K->139200K(519168K)] 1331423K->1129906K(1917440K), 0.0535504 secs] [Times: user=0.31 sys=0.00, real=0.06 secs] 
5917.379: [GC (Allocation Failure) [PSYoungGen: 481216K->108000K(450048K)] 1471925K->1228905K(1848320K), 0.0656643 secs] [Times: user=0.39 sys=0.00, real=0.07 secs] 
5918.283: [GC (GCLocker Initiated GC) [PSYoungGen: 450016K->141216K(517632K)] 1570923K->1368680K(1915904K), 0.0527196 secs] [Times: user=0.31 sys=0.00, real=0.05 secs] 
5919.688: [GC (Allocation Failure) [PSYoungGen: 483744K->107424K(519168K)] 1711209K->1467149K(1917440K), 0.0668092 secs] [Times: user=0.39 sys=0.00, real=0.07 secs] 
5919.755: [Full GC (Ergonomics) [PSYoungGen: 107424K->0K(519168K)] [ParOldGen: 1359725K->27029K(1398272K)] 1467149K->27029K(1917440K), [Metaspace: 59655K->59655K(1105920K)], 0.0548699 secs] [Times: user=0.19 sys=0.00, real=0.05 secs] 
5920.882: [GC (Allocation Failure) [PSYoungGen: 342528K->140576K(520704K)] 369557K->167605K(1918976K), 0.0278655 secs] [Times: user=0.16 sys=0.00, real=0.02 secs] 
5922.143: [GC (GCLocker Initiated GC) [PSYoungGen: 486688K->111584K(521728K)] 513719K->269959K(1920000K), 0.0637536 secs] [Times: user=0.37 sys=0.01, real=0.06 secs] 
5923.645: [GC (Allocation Failure) [PSYoungGen: 457696K->141856K(519680K)] 616074K->408875K(1917952K), 0.0532462 secs] [Times: user=0.31 sys=0.00, real=0.05 secs] 
5924.959: [GC (Allocation Failure) [PSYoungGen: 488480K->112960K(521728K)] 755499K->512195K(1920000K), 0.0645695 secs] [Times: user=0.38 sys=0.01, real=0.07 secs] 
5926.496: [GC (Allocation Failure) [PSYoungGen: 459584K->142112K(520704K)] 858819K->651408K(1918976K), 0.0531446 secs] [Times: user=0.31 sys=0.00, real=0.05 secs] 
5927.818: [GC (Allocation Failure) [PSYoungGen: 490784K->112736K(522752K)] 1000080K->754856K(1921024K), 0.0638404 secs] [Times: user=0.37 sys=0.01, real=0.06 secs] 
5928.696: [GC (Allocation Failure) [PSYoungGen: 461408K->145408K(521216K)] 1103528K->897193K(1919488K), 0.0538311 secs] [Times: user=0.31 sys=0.00, real=0.05 secs] 
5930.042: [GC (Allocation Failure) [PSYoungGen: 495104K->110304K(524288K)] 1246889K->998165K(1922560K), 0.0655107 secs] [Times: user=0.38 sys=0.00, real=0.07 secs] 
5931.081: [GC (Allocation Failure) [PSYoungGen: 460000K->146848K(520192K)] 1347861K->1141513K(1918464K), 0.0538521 secs] [Times: user=0.31 sys=0.00, real=0.06 secs] 
5932.417: [GC (Allocation Failure) [PSYoungGen: 494496K->108736K(523264K)] 1489161K->1241057K(1921536K), 0.0656578 secs] [Times: user=0.39 sys=0.00, real=0.07 secs] 
5934.149: [GC (Allocation Failure) [PSYoungGen: 456384K->145824K(519680K)] 1588705K->1382918K(1917952K), 0.0535940 secs] [Times: user=0.32 sys=0.00, real=0.06 secs] 
5934.203: [Full GC (Ergonomics) [PSYoungGen: 145824K->0K(519680K)] [ParOldGen: 1237094K->188227K(1398272K)] 1382918K->188227K(1917952K), [Metaspace: 59655K->59655K(1105920K)], 0.4506248 secs] [Times: user=2.09 sys=0.00, real=0.45 secs] 
5935.849: [GC (Allocation Failure) [PSYoungGen: 345600K->105312K(522240K)] 533827K->293539K(1920512K), 0.0323960 secs] [Times: user=0.19 sys=0.00, real=0.03 secs] 
5937.141: [GC (Allocation Failure) [PSYoungGen: 450912K->147040K(517120K)] 639139K->436936K(1915392K), 0.0509057 secs] [Times: user=0.30 sys=0.00, real=0.06 secs] 
5938.547: [GC (Allocation Failure) [PSYoungGen: 488544K->106272K(520192K)] 778440K->534552K(1918464K), 0.0658692 secs] [Times: user=0.39 sys=0.00, real=0.07 secs] 
5940.122: [GC (Allocation Failure) [PSYoungGen: 447776K->141632K(519680K)] 876056K->672325K(1917952K), 0.0510312 secs] [Times: user=0.30 sys=0.00, real=0.05 secs] 
5941.655: [GC (Allocation Failure) [PSYoungGen: 484160K->109120K(452096K)] 1014853K->772593K(1850368K), 0.0783324 secs] [Times: user=0.47 sys=0.00, real=0.08 secs] 
5942.922: [GC (GCLocker Initiated GC) [PSYoungGen: 451648K->141504K(518656K)] 1115121K->910632K(1916928K), 0.0518515 secs] [Times: user=0.31 sys=0.00, real=0.06 secs] 
5944.235: [GC (GCLocker Initiated GC) [PSYoungGen: 484032K->110144K(519680K)] 1253163K->1011371K(1917952K), 0.0647601 secs] [Times: user=0.38 sys=0.00, real=0.06 secs] 
5945.614: [GC (Allocation Failure) [PSYoungGen: 452672K->148992K(516608K)] 1353938K->1156451K(1914880K), 0.0536101 secs] [Times: user=0.32 sys=0.00, real=0.05 secs] 
5947.231: [GC (Allocation Failure) [PSYoungGen: 490496K->108704K(520192K)] 1497955K->1247763K(1918464K), 0.0642044 secs] [Times: user=0.38 sys=0.00, real=0.07 secs] 
5948.292: [GC (Allocation Failure) [PSYoungGen: 450208K->144000K(518144K)] 1589267K->1388111K(1916416K), 0.0526753 secs] [Times: user=0.30 sys=0.01, real=0.05 secs] 
5948.345: [Full GC (Ergonomics) [PSYoungGen: 144000K->0K(518144K)] [ParOldGen: 1244111K->186199K(1398272K)] 1388111K->186199K(1916416K), [Metaspace: 59655K->59655K(1105920K)], 0.4539078 secs] [Times: user=2.13 sys=0.00, real=0.45 secs] 
5950.203: [GC (Allocation Failure) [PSYoungGen: 341504K->105920K(520192K)] 527703K->292119K(1918464K), 0.0461693 secs] [Times: user=0.27 sys=0.00, real=0.04 secs] 
5951.410: [GC (Allocation Failure) [PSYoungGen: 447424K->143392K(518656K)] 633623K->431520K(1916928K), 0.0508240 secs] [Times: user=0.30 sys=0.00, real=0.05 secs] 
5952.674: [GC (Allocation Failure) [PSYoungGen: 484896K->106784K(520192K)] 773024K->529384K(1918464K), 0.0632338 secs] [Times: user=0.38 sys=0.00, real=0.06 secs] 
5954.216: [GC (Allocation Failure) [PSYoungGen: 448288K->142624K(519168K)] 870888K->667845K(1917440K), 0.0519124 secs] [Times: user=0.31 sys=0.00, real=0.05 secs] 
5955.878: [GC (Allocation Failure) [PSYoungGen: 484640K->109984K(452096K)] 1009861K->768185K(1850368K), 0.0674094 secs] [Times: user=0.39 sys=0.00, real=0.07 secs] 
5957.403: [GC (Allocation Failure) [PSYoungGen: 452000K->141088K(519168K)] 1110201K->904874K(1917440K), 0.0532401 secs] [Times: user=0.31 sys=0.00, real=0.05 secs] 
5958.802: [GC (Allocation Failure) [PSYoungGen: 484128K->111136K(519680K)] 1247914K->1006818K(1917952K), 0.0668578 secs] [Times: user=0.40 sys=0.00, real=0.07 secs] 
5959.441: [GC (Allocation Failure) [PSYoungGen: 454176K->145568K(518144K)] 1349858K->1147775K(1916416K), 0.0540775 secs] [Times: user=0.32 sys=0.00, real=0.06 secs] 
5960.907: [GC (GCLocker Initiated GC) [PSYoungGen: 489120K->107104K(520704K)] 1491327K->1245895K(1918976K), 0.0838000 secs] [Times: user=0.49 sys=0.00, real=0.08 secs] 
5961.869: [GC (Allocation Failure) [PSYoungGen: 450656K->144544K(519168K)] 1589486K->1386279K(1917440K), 0.0536362 secs] [Times: user=0.32 sys=0.00, real=0.06 secs] 
5961.922: [Full GC (Ergonomics) [PSYoungGen: 144544K->0K(519168K)] [ParOldGen: 1241735K->183451K(1398272K)] 1386279K->183451K(1917440K), [Metaspace: 59655K->59655K(1105920K)], 0.4497592 secs] [Times: user=2.10 sys=0.00, real=0.45 secs] 
5963.552: [GC (Allocation Failure) [PSYoungGen: 343552K->107488K(521216K)] 527003K->290939K(1919488K), 0.0333029 secs] [Times: user=0.19 sys=0.00, real=0.04 secs] 
5965.783: [GC (Allocation Failure) [PSYoungGen: 451040K->140416K(521216K)] 634491K->427308K(1919488K), 0.0518893 secs] [Times: user=0.30 sys=0.00, real=0.05 secs] 
5967.071: [GC (Allocation Failure) [PSYoungGen: 485504K->109440K(454656K)] 772396K->527668K(1852928K), 0.0640395 secs] [Times: user=0.38 sys=0.01, real=0.07 secs] 
5967.772: [GC (Allocation Failure) [PSYoungGen: 454528K->144512K(518144K)] 872756K->668497K(1916416K), 0.0531343 secs] [Times: user=0.31 sys=0.00, real=0.06 secs] 
5969.092: [GC (Allocation Failure) [PSYoungGen: 488064K->108960K(520704K)] 1012049K->767921K(1918976K), 0.0643605 secs] [Times: user=0.38 sys=0.01, real=0.07 secs] 
5970.002: [GC (GCLocker Initiated GC) [PSYoungGen: 452512K->145184K(518656K)] 1111473K->910220K(1916928K), 0.0539642 secs] [Times: user=0.32 sys=0.00, real=0.06 secs] 
5971.458: [GC (Allocation Failure) [PSYoungGen: 488736K->107520K(521216K)] 1253775K->1009119K(1919488K), 0.0658896 secs] [Times: user=0.38 sys=0.00, real=0.07 secs] 
5972.993: [GC (Allocation Failure) [PSYoungGen: 451072K->141760K(520704K)] 1352671K->1147284K(1918976K), 0.0529668 secs] [Times: user=0.32 sys=0.00, real=0.05 secs] 
5974.601: [GC (GCLocker Initiated GC) [PSYoungGen: 486848K->106528K(521728K)] 1492373K->1244925K(1920000K), 0.0671156 secs] [Times: user=0.40 sys=0.00, real=0.07 secs] 
5976.030: [GC (Allocation Failure) [PSYoungGen: 451616K->145600K(517632K)] 1590050K->1386527K(1915904K), 0.0526854 secs] [Times: user=0.32 sys=0.00, real=0.06 secs] 
5976.083: [Full GC (Ergonomics) [PSYoungGen: 145600K->0K(517632K)] [ParOldGen: 1240927K->184891K(1398272K)] 1386527K->184891K(1915904K), [Metaspace: 59655K->59655K(1105920K)], 0.4480895 secs] [Times: user=2.08 sys=0.00, real=0.44 secs] 
5977.844: [GC (Allocation Failure) [PSYoungGen: 342528K->106848K(520704K)] 527419K->291739K(1918976K), 0.0326919 secs] [Times: user=0.19 sys=0.00, real=0.03 secs] 
5978.965: [GC (Allocation Failure) [PSYoungGen: 449376K->143040K(518656K)] 634267K->430583K(1916928K), 0.0516909 secs] [Times: user=0.31 sys=0.00, real=0.05 secs] 
5980.262: [GC (GCLocker Initiated GC) [PSYoungGen: 485568K->108928K(451584K)] 773111K->530235K(1849856K), 0.0644499 secs] [Times: user=0.38 sys=0.00, real=0.06 secs] 
5980.983: [GC (Allocation Failure) [PSYoungGen: 451456K->146336K(517120K)] 872766K->672826K(1915392K), 0.0530043 secs] [Times: user=0.31 sys=0.00, real=0.05 secs] 
5982.716: [GC (Allocation Failure) [PSYoungGen: 487840K->104480K(520192K)] 1014330K->768474K(1918464K), 0.1315615 secs] [Times: user=0.78 sys=0.00, real=0.13 secs] 
5983.607: [GC (Allocation Failure) [PSYoungGen: 445984K->144288K(518144K)] 1109978K->909267K(1916416K), 0.0515054 secs] [Times: user=0.30 sys=0.00, real=0.05 secs] 
5984.885: [GC (GCLocker Initiated GC) [PSYoungGen: 484768K->107168K(519680K)] 1249751K->1007120K(1917952K), 0.0643013 secs] [Times: user=0.37 sys=0.00, real=0.06 secs] 
5986.518: [GC (Allocation Failure) [PSYoungGen: 447648K->149792K(514048K)] 1347602K->1152927K(1912320K), 0.0528752 secs] [Times: user=0.31 sys=0.00, real=0.05 secs] 
5987.797: [GC (Allocation Failure) [PSYoungGen: 486176K->105888K(517632K)] 1489311K->1241719K(1915904K), 0.0655668 secs] [Times: user=0.39 sys=0.00, real=0.07 secs] 
5988.882: [GC (Allocation Failure) [PSYoungGen: 442272K->139040K(515072K)] 1578103K->1376692K(1913344K), 0.0531861 secs] [Times: user=0.31 sys=0.00, real=0.06 secs] 
5988.935: [Full GC (Ergonomics) [PSYoungGen: 139040K->0K(515072K)] [ParOldGen: 1237652K->175380K(1398272K)] 1376692K->175380K(1913344K), [Metaspace: 59655K->59655K(1105920K)], 0.4190639 secs] [Times: user=1.95 sys=0.00, real=0.42 secs] 
5990.577: [GC (Allocation Failure) [PSYoungGen: 337920K->107328K(517120K)] 513300K->282709K(1915392K), 0.0345353 secs] [Times: user=0.20 sys=0.00, real=0.03 secs] 
5992.159: [GC (Allocation Failure) [PSYoungGen: 445248K->137024K(517120K)] 620629K->416641K(1915392K), 0.0524269 secs] [Times: user=0.31 sys=0.00, real=0.05 secs] 
5993.481: [GC (Allocation Failure) [PSYoungGen: 479040K->109088K(518656K)] 758657K->515969K(1916928K), 0.0632487 secs] [Times: user=0.38 sys=0.01, real=0.07 secs] 
5994.538: [GC (Allocation Failure) [PSYoungGen: 451104K->143872K(519680K)] 857985K->657102K(1917952K), 0.0531163 secs] [Times: user=0.31 sys=0.00, real=0.05 secs] 
5995.838: [GC (Allocation Failure) [PSYoungGen: 488960K->107776K(521728K)] 1002190K->755778K(1920000K), 0.0662578 secs] [Times: user=0.39 sys=0.00, real=0.07 secs] 
5996.662: [GC (Allocation Failure) [PSYoungGen: 452864K->143552K(519680K)] 1100866K->896511K(1917952K), 0.0530807 secs] [Times: user=0.31 sys=0.00, real=0.05 secs] 
5998.048: [GC (Allocation Failure) [PSYoungGen: 488128K->109344K(454144K)] 1241087K->996655K(1852416K), 0.0639442 secs] [Times: user=0.38 sys=0.00, real=0.06 secs] 
6000.041: [GC (Allocation Failure) [PSYoungGen: 453920K->140512K(520192K)] 1341231K->1134508K(1918464K), 0.0536961 secs] [Times: user=0.32 sys=0.00, real=0.06 secs] 
6001.390: [GC (Allocation Failure) [PSYoungGen: 486112K->111552K(521216K)] 1480108K->1236780K(1919488K), 0.0650819 secs] [Times: user=0.39 sys=0.00, real=0.07 secs] 
6003.255: [GC (Allocation Failure) [PSYoungGen: 457152K->140672K(520192K)] 1582380K->1374857K(1918464K), 0.0540468 secs] [Times: user=0.32 sys=0.00, real=0.05 secs] 
6003.309: [Full GC (Ergonomics) [PSYoungGen: 140672K->0K(520192K)] [ParOldGen: 1234185K->173500K(1398272K)] 1374857K->173500K(1918464K), [Metaspace: 59656K->59656K(1105920K)], 0.4225813 secs] [Times: user=1.97 sys=0.00, real=0.42 secs] 
6004.948: [GC (Allocation Failure) [PSYoungGen: 347136K->110944K(521728K)] 520636K->284444K(1920000K), 0.0347883 secs] [Times: user=0.21 sys=0.00, real=0.04 secs] 
6006.409: [GC (Allocation Failure) [PSYoungGen: 458080K->142848K(521216K)] 631580K->423421K(1919488K), 0.0541322 secs] [Times: user=0.32 sys=0.00, real=0.06 secs] 
6007.713: [GC (Allocation Failure) [PSYoungGen: 492032K->111584K(523264K)] 772605K->525657K(1921536K), 0.0650201 secs] [Times: user=0.39 sys=0.01, real=0.06 secs] 
6008.645: [GC (Allocation Failure) [PSYoungGen: 460768K->146944K(519680K)] 874841K->668562K(1917952K), 0.0537972 secs] [Times: user=0.32 sys=0.00, real=0.05 secs] 
6010.020: [GC (Allocation Failure) [PSYoungGen: 494592K->109504K(523264K)] 1016210K->769074K(1921536K), 0.0666770 secs] [Times: user=0.40 sys=0.00, real=0.07 secs] 
6011.496: [GC (Allocation Failure) [PSYoungGen: 457152K->145728K(520192K)] 1116722K->910903K(1918464K), 0.0539613 secs] [Times: user=0.32 sys=0.00, real=0.05 secs] 
6012.982: [GC (Allocation Failure) [PSYoungGen: 492352K->108160K(522752K)] 1257527K->1010215K(1921024K), 0.0919462 secs] [Times: user=0.55 sys=0.00, real=0.09 secs] 
6014.315: [GC (Allocation Failure) [PSYoungGen: 454784K->146464K(518144K)] 1356839K->1152552K(1916416K), 0.0532950 secs] [Times: user=0.32 sys=0.00, real=0.05 secs] 
6015.713: [GC (Allocation Failure) [PSYoungGen: 490016K->107456K(521216K)] 1496104K->1251208K(1919488K), 0.0657017 secs] [Times: user=0.39 sys=0.00, real=0.06 secs] 
6016.802: [GC (Allocation Failure) [PSYoungGen: 451008K->144672K(518656K)] 1594760K->1392085K(1916928K), 0.0529273 secs] [Times: user=0.31 sys=0.01, real=0.06 secs] 
6016.855: [Full GC (Ergonomics) [PSYoungGen: 144672K->0K(518656K)] [ParOldGen: 1247413K->192299K(1398272K)] 1392085K->192299K(1916928K), [Metaspace: 59656K->59656K(1105920K)], 0.4663584 secs] [Times: user=2.17 sys=0.00, real=0.46 secs] 
6018.921: [GC (Allocation Failure) [PSYoungGen: 342528K->106784K(520704K)] 534827K->299083K(1918976K), 0.0482074 secs] [Times: user=0.28 sys=0.00, real=0.05 secs] 
6020.901: [GC (Allocation Failure) [PSYoungGen: 449312K->142304K(520192K)] 641611K->436967K(1918464K), 0.0499771 secs] [Times: user=0.30 sys=0.00, real=0.05 secs] 
6022.174: [GC (GCLocker Initiated GC) [PSYoungGen: 485856K->108768K(452608K)] 780520K->536985K(1850880K), 0.0641052 secs] [Times: user=0.38 sys=0.00, real=0.06 secs] 
6023.666: [GC (Allocation Failure) [PSYoungGen: 452320K->143232K(518144K)] 880606K->676283K(1916416K), 0.0523626 secs] [Times: user=0.31 sys=0.00, real=0.05 secs] 
6025.067: [GC (Allocation Failure) [PSYoungGen: 485760K->107520K(520192K)] 1018811K->774511K(1918464K), 0.0675687 secs] [Times: user=0.40 sys=0.00, real=0.07 secs] 
6026.117: [GC (Allocation Failure) [PSYoungGen: 450048K->142208K(519680K)] 1117039K->911952K(1917952K), 0.0511101 secs] [Times: user=0.30 sys=0.00, real=0.05 secs] 
6027.531: [GC (Allocation Failure) [PSYoungGen: 486272K->111648K(456192K)] 1256016K->1014352K(1854464K), 0.0686837 secs] [Times: user=0.40 sys=0.00, real=0.07 secs] 
6028.289: [GC (Allocation Failure) [PSYoungGen: 455712K->145536K(518144K)] 1358416K->1155100K(1916416K), 0.0542374 secs] [Times: user=0.32 sys=0.00, real=0.06 secs] 
6029.921: [GC (Allocation Failure) [PSYoungGen: 489088K->106752K(520704K)] 1498652K->1253185K(1918976K), 0.1155593 secs] [Times: user=0.69 sys=0.00, real=0.12 secs] 
6030.644: [GC (Allocation Failure) [PSYoungGen: 450304K->147584K(516096K)] 1596737K->1396557K(1914368K), 0.0531069 secs] [Times: user=0.31 sys=0.00, real=0.05 secs] 
6030.698: [Full GC (Ergonomics) [PSYoungGen: 147584K->0K(516096K)] [ParOldGen: 1248973K->195544K(1398272K)] 1396557K->195544K(1914368K), [Metaspace: 59656K->59656K(1105920K)], 0.4850473 secs] [Times: user=2.28 sys=0.00, real=0.49 secs] 
6032.946: [GC (Allocation Failure) [PSYoungGen: 340480K->103296K(519680K)] 536024K->298840K(1917952K), 0.0883428 secs] [Times: user=0.48 sys=0.01, real=0.09 secs] 
6033.933: [GC (Allocation Failure) [PSYoungGen: 443776K->144000K(517632K)] 639320K->438373K(1915904K), 0.0492257 secs] [Times: user=0.29 sys=0.00, real=0.05 secs] 
6035.231: [GC (Allocation Failure) [PSYoungGen: 483456K->103776K(519168K)] 777829K->533661K(1917440K), 0.0641236 secs] [Times: user=0.38 sys=0.00, real=0.07 secs] 
6036.924: [GC (Allocation Failure) [PSYoungGen: 443232K->140768K(518144K)] 873117K->670394K(1916416K), 0.0502235 secs] [Times: user=0.29 sys=0.00, real=0.05 secs] 
6038.329: [GC (Allocation Failure) [PSYoungGen: 480736K->107744K(448000K)] 1010362K->768990K(1846272K), 0.0640073 secs] [Times: user=0.38 sys=0.00, real=0.07 secs] 
6039.001: [GC (Allocation Failure) [PSYoungGen: 447712K->143616K(517120K)] 1108958K->908666K(1915392K), 0.0521924 secs] [Times: user=0.31 sys=0.00, real=0.06 secs] 
6040.559: [GC (Allocation Failure) [PSYoungGen: 483584K->105952K(518656K)] 1248634K->1005591K(1916928K), 0.1206961 secs] [Times: user=0.72 sys=0.00, real=0.12 secs] 
6041.499: [GC (Allocation Failure) [PSYoungGen: 445920K->151072K(512512K)] 1345559K->1153083K(1910784K), 0.0526150 secs] [Times: user=0.30 sys=0.01, real=0.05 secs] 
6042.777: [GC (Allocation Failure) [PSYoungGen: 486432K->106208K(517120K)] 1488443K->1241963K(1915392K), 0.0646889 secs] [Times: user=0.38 sys=0.00, real=0.07 secs] 
6044.146: [GC (Allocation Failure) [PSYoungGen: 441568K->138912K(515072K)] 1577323K->1377808K(1913344K), 0.0525343 secs] [Times: user=0.31 sys=0.00, real=0.05 secs] 
6044.198: [Full GC (Ergonomics) [PSYoungGen: 138912K->0K(515072K)] [ParOldGen: 1238896K->177376K(1398272K)] 1377808K->177376K(1913344K), [Metaspace: 59656K->59656K(1105920K)], 0.4256449 secs] [Times: user=1.97 sys=0.00, real=0.43 secs] 
6045.829: [GC (GCLocker Initiated GC) [PSYoungGen: 337408K->107264K(517120K)] 514784K->284640K(1915392K), 0.0346611 secs] [Times: user=0.20 sys=0.01, real=0.04 secs] 
6046.790: [GC (Allocation Failure) [PSYoungGen: 444672K->139072K(519168K)] 622051K->421172K(1917440K), 0.0530508 secs] [Times: user=0.31 sys=0.00, real=0.06 secs] 
6048.100: [GC (GCLocker Initiated GC) [PSYoungGen: 480576K->108384K(519168K)] 762676K->519932K(1917440K), 0.0635486 secs] [Times: user=0.38 sys=0.00, real=0.07 secs] 
6048.654: [GC (Allocation Failure) [PSYoungGen: 449888K->143744K(517120K)] 861507K->661014K(1915392K), 0.0531451 secs] [Times: user=0.31 sys=0.00, real=0.05 secs] 
6050.032: [GC (Allocation Failure) [PSYoungGen: 485248K->107840K(519168K)] 1002518K->760026K(1917440K), 0.0646215 secs] [Times: user=0.39 sys=0.00, real=0.07 secs] 
6051.684: [GC (Allocation Failure) [PSYoungGen: 449344K->140960K(520192K)] 1101530K->898471K(1918464K), 0.0525332 secs] [Times: user=0.31 sys=0.00, real=0.05 secs] 
6053.069: [GC (Allocation Failure) [PSYoungGen: 485536K->107296K(521216K)] 1243047K->996863K(1919488K), 0.0654937 secs] [Times: user=0.39 sys=0.00, real=0.07 secs] 
6054.754: [GC (Allocation Failure) [PSYoungGen: 451872K->140992K(519680K)] 1341439K->1135020K(1917952K), 0.0535039 secs] [Times: user=0.32 sys=0.00, real=0.05 secs] 
6056.063: [GC (Allocation Failure) [PSYoungGen: 486080K->111200K(521216K)] 1480108K->1236660K(1919488K), 0.0650656 secs] [Times: user=0.39 sys=0.00, real=0.06 secs] 
6057.801: [GC (Allocation Failure) [PSYoungGen: 456288K->140768K(520704K)] 1581748K->1374464K(1918976K), 0.0539304 secs] [Times: user=0.32 sys=0.00, real=0.06 secs] 
6059.145: [GC (Allocation Failure) [PSYoungGen: 487904K->112128K(521728K)] 1721600K->1477557K(1920000K), 0.0674735 secs] [Times: user=0.40 sys=0.00, real=0.07 secs] 
6059.213: [Full GC (Ergonomics) [PSYoungGen: 112128K->0K(521728K)] [ParOldGen: 1365428K->38989K(1398272K)] 1477557K->38989K(1920000K), [Metaspace: 59656K->59656K(1105920K)], 0.0845140 secs] [Times: user=0.31 sys=0.01, real=0.08 secs] 
6060.578: [GC (Allocation Failure) [PSYoungGen: 347136K->143872K(520192K)] 386125K->182862K(1918464K), 0.0282455 secs] [Times: user=0.16 sys=0.00, real=0.03 secs] 
6061.903: [GC (Allocation Failure) [PSYoungGen: 492032K->112160K(522752K)] 531022K->286062K(1921024K), 0.0644323 secs] [Times: user=0.38 sys=0.00, real=0.06 secs] 
6063.254: [GC (Allocation Failure) [PSYoungGen: 460320K->146528K(519680K)] 634222K->426317K(1917952K), 0.0530618 secs] [Times: user=0.32 sys=0.00, real=0.05 secs] 
6064.545: [GC (GCLocker Initiated GC) [PSYoungGen: 494176K->108320K(523264K)] 773966K->525422K(1921536K), 0.0646649 secs] [Times: user=0.39 sys=0.00, real=0.06 secs] 
6065.496: [GC (Allocation Failure) [PSYoungGen: 455968K->156288K(511488K)] 873073K->677429K(1909760K), 0.0527405 secs] [Times: user=0.31 sys=0.01, real=0.05 secs] 
6066.803: [GC (Allocation Failure) [PSYoungGen: 493696K->104032K(518144K)] 1014837K->764237K(1916416K), 0.0723179 secs] [Times: user=0.43 sys=0.01, real=0.07 secs] 
6067.789: [GC (Allocation Failure) [PSYoungGen: 441440K->143744K(517120K)] 1101645K->904606K(1915392K), 0.0514826 secs] [Times: user=0.30 sys=0.00, real=0.05 secs] 
6069.104: [GC (Allocation Failure) [PSYoungGen: 481152K->105024K(442880K)] 1242014K->1000678K(1841152K), 0.0645263 secs] [Times: user=0.38 sys=0.00, real=0.06 secs] 
6070.719: [GC (Allocation Failure) [PSYoungGen: 442432K->139872K(517632K)] 1338086K->1136875K(1915904K), 0.0517855 secs] [Times: user=0.31 sys=0.00, real=0.05 secs] 
6071.999: [GC (Allocation Failure) [PSYoungGen: 478304K->107008K(517632K)] 1475307K->1234723K(1915904K), 0.0643862 secs] [Times: user=0.38 sys=0.00, real=0.07 secs] 
6073.429: [GC (Allocation Failure) [PSYoungGen: 445440K->140096K(518144K)] 1573155K->1371728K(1916416K), 0.0523258 secs] [Times: user=0.31 sys=0.00, real=0.05 secs] 
6073.481: [Full GC (Ergonomics) [PSYoungGen: 140096K->0K(518144K)] [ParOldGen: 1231632K->175043K(1398272K)] 1371728K->175043K(1916416K), [Metaspace: 59656K->59656K(1105920K)], 0.4226368 secs] [Times: user=1.97 sys=0.01, real=0.43 secs] 
6075.127: [GC (GCLocker Initiated GC) [PSYoungGen: 340480K->106432K(518144K)] 515523K->281475K(1916416K), 0.0347622 secs] [Times: user=0.20 sys=0.00, real=0.04 secs] 
6076.902: [GC (Allocation Failure) [PSYoungGen: 446912K->137472K(520192K)] 621958K->416083K(1918464K), 0.0526091 secs] [Times: user=0.31 sys=0.00, real=0.05 secs] 
6078.199: [GC (GCLocker Initiated GC) [PSYoungGen: 481536K->110944K(519680K)] 760148K->517732K(1917952K), 0.0648715 secs] [Times: user=0.38 sys=0.00, real=0.07 secs] 
6079.553: [GC (Allocation Failure) [PSYoungGen: 455008K->140480K(519680K)] 861834K->655647K(1917952K), 0.0535606 secs] [Times: user=0.31 sys=0.00, real=0.05 secs] 
6080.926: [GC (Allocation Failure) [PSYoungGen: 486592K->111584K(520704K)] 1001759K->758007K(1918976K), 0.0643673 secs] [Times: user=0.38 sys=0.00, real=0.06 secs] 
6081.824: [GC (Allocation Failure) [PSYoungGen: 457696K->143968K(520192K)] 1104119K->899347K(1918464K), 0.0541790 secs] [Times: user=0.32 sys=0.00, real=0.05 secs] 
6083.228: [GC (Allocation Failure) [PSYoungGen: 492128K->110656K(522752K)] 1247507K->1000915K(1921024K), 0.0672057 secs] [Times: user=0.40 sys=0.00, real=0.07 secs] 
6084.596: [GC (Allocation Failure) [PSYoungGen: 458816K->146368K(520192K)] 1349075K->1144632K(1918464K), 0.0551200 secs] [Times: user=0.33 sys=0.00, real=0.05 secs] 
6086.001: [GC (GCLocker Initiated GC) [PSYoungGen: 494016K->107584K(523264K)] 1492280K->1243496K(1921536K), 0.0649153 secs] [Times: user=0.38 sys=0.00, real=0.07 secs] 
6087.206: [GC (Allocation Failure) [PSYoungGen: 455232K->145664K(519680K)] 1591215K->1385444K(1917952K), 0.0533496 secs] [Times: user=0.31 sys=0.00, real=0.05 secs] 
6087.259: [Full GC (Ergonomics) [PSYoungGen: 145664K->0K(519680K)] [ParOldGen: 1239780K->184414K(1398272K)] 1385444K->184414K(1917952K), [Metaspace: 59656K->59656K(1105920K)], 0.4520226 secs] [Times: user=2.12 sys=0.00, real=0.45 secs] 
6088.927: [GC (Allocation Failure) [PSYoungGen: 345600K->106432K(522240K)] 530014K->290846K(1920512K), 0.0338405 secs] [Times: user=0.20 sys=0.00, real=0.03 secs] 
6090.451: [GC (Allocation Failure) [PSYoungGen: 452032K->143232K(520192K)] 636446K->430175K(1918464K), 0.0517015 secs] [Times: user=0.31 sys=0.00, real=0.06 secs] 
6091.736: [GC (GCLocker Initiated GC) [PSYoungGen: 487808K->108544K(453632K)] 774751K->529463K(1851904K), 0.0637178 secs] [Times: user=0.38 sys=0.00, real=0.06 secs] 
6092.709: [GC (Allocation Failure) [PSYoungGen: 453120K->145344K(518656K)] 874042K->670703K(1916928K), 0.0520765 secs] [Times: user=0.30 sys=0.00, real=0.05 secs] 
6094.021: [GC (Allocation Failure) [PSYoungGen: 488896K->106752K(521216K)] 1014255K->768423K(1919488K), 0.0640471 secs] [Times: user=0.37 sys=0.00, real=0.07 secs] 
6095.286: [GC (Allocation Failure) [PSYoungGen: 450304K->144512K(518656K)] 1111975K->908868K(1916928K), 0.0526518 secs] [Times: user=0.31 sys=0.00, real=0.05 secs] 
6096.569: [GC (GCLocker Initiated GC) [PSYoungGen: 487040K->106208K(520704K)] 1251396K->1006168K(1918976K), 0.0644073 secs] [Times: user=0.38 sys=0.01, real=0.07 secs] 
6098.242: [GC (Allocation Failure) [PSYoungGen: 448736K->142368K(519168K)] 1348699K->1144496K(1917440K), 0.0515688 secs] [Times: user=0.31 sys=0.00, real=0.05 secs] 
6099.554: [GC (Allocation Failure) [PSYoungGen: 484896K->107520K(450560K)] 1487024K->1242896K(1848832K), 0.0641510 secs] [Times: user=0.38 sys=0.01, real=0.06 secs] 
6101.142: [GC (Allocation Failure) [PSYoungGen: 450048K->141888K(519168K)] 1585424K->1380645K(1917440K), 0.0530891 secs] [Times: user=0.31 sys=0.00, real=0.06 secs] 
6101.195: [Full GC (Ergonomics) [PSYoungGen: 141888K->0K(519168K)] [ParOldGen: 1238757K->180959K(1398272K)] 1380645K->180959K(1917440K), [Metaspace: 59656K->59656K(1105920K)], 0.4410721 secs] [Times: user=2.06 sys=0.00, real=0.44 secs] 
6102.874: [GC (Allocation Failure) [PSYoungGen: 343040K->106528K(520192K)] 523999K->287487K(1918464K), 0.0337839 secs] [Times: user=0.20 sys=0.00, real=0.03 secs] 
6104.277: [GC (Allocation Failure) [PSYoungGen: 449568K->143168K(519168K)] 630527K->426668K(1917440K), 0.0519366 secs] [Times: user=0.31 sys=0.00, real=0.05 secs] 
6105.582: [GC (Allocation Failure) [PSYoungGen: 486720K->109568K(453632K)] 770220K->527068K(1851904K), 0.0641544 secs] [Times: user=0.38 sys=0.00, real=0.06 secs] 
6106.700: [GC (Allocation Failure) [PSYoungGen: 453120K->144224K(518144K)] 870620K->667547K(1916416K), 0.0528772 secs] [Times: user=0.31 sys=0.00, real=0.06 secs] 
6108.075: [GC (Allocation Failure) [PSYoungGen: 487264K->106496K(520704K)] 1010587K->765179K(1918976K), 0.0648241 secs] [Times: user=0.38 sys=0.01, real=0.06 secs] 
6108.822: [GC (Allocation Failure) [PSYoungGen: 449536K->144128K(518144K)] 1108219K->906386K(1916416K), 0.0522663 secs] [Times: user=0.31 sys=0.00, real=0.06 secs] 
6110.111: [GC (Allocation Failure) [PSYoungGen: 486656K->109344K(520704K)] 1248914K->1006610K(1918976K), 0.0650721 secs] [Times: user=0.38 sys=0.00, real=0.07 secs] 
6111.409: [GC (Allocation Failure) [PSYoungGen: 451872K->142176K(519168K)] 1349138K->1144991K(1917440K), 0.0527410 secs] [Times: user=0.31 sys=0.00, real=0.05 secs] 
6112.697: [GC (Allocation Failure) [PSYoungGen: 485728K->108960K(520704K)] 1488543K->1244507K(1918976K), 0.0648542 secs] [Times: user=0.39 sys=0.00, real=0.07 secs] 
6114.115: [GC (Allocation Failure) [PSYoungGen: 452512K->142528K(519680K)] 1588059K->1382744K(1917952K), 0.0529067 secs] [Times: user=0.32 sys=0.00, real=0.05 secs] 
6114.168: [Full GC (Ergonomics) [PSYoungGen: 142528K->0K(519680K)] [ParOldGen: 1240216K->181917K(1398272K)] 1382744K->181917K(1917952K), [Metaspace: 59656K->59656K(1105920K)], 0.4241691 secs] [Times: user=1.95 sys=0.01, real=0.42 secs] 
6115.797: [GC (Allocation Failure) [PSYoungGen: 344576K->109792K(521216K)] 526493K->291709K(1919488K), 0.0338361 secs] [Times: user=0.20 sys=0.00, real=0.03 secs] 
6116.847: [GC (Allocation Failure) [PSYoungGen: 454368K->150368K(515072K)] 636285K->438318K(1913344K), 0.0530463 secs] [Times: user=0.32 sys=0.00, real=0.05 secs] 
6118.480: [GC (GCLocker Initiated GC) [PSYoungGen: 490848K->108608K(519680K)] 778798K->529066K(1917952K), 0.0645186 secs] [Times: user=0.38 sys=0.01, real=0.07 secs] 
6119.719: [GC (Allocation Failure) [PSYoungGen: 449088K->141664K(518656K)] 869553K->666792K(1916928K), 0.0523280 secs] [Times: user=0.31 sys=0.00, real=0.05 secs] 
6121.008: [GC (GCLocker Initiated GC) [PSYoungGen: 484192K->107872K(520192K)] 1009321K->765373K(1918464K), 0.0656629 secs] [Times: user=0.39 sys=0.00, real=0.07 secs] 
6121.735: [GC (Allocation Failure) [PSYoungGen: 450400K->146272K(517632K)] 1107904K->907640K(1915904K), 0.0532589 secs] [Times: user=0.32 sys=0.00, real=0.05 secs] 
6123.016: [GC (GCLocker Initiated GC) [PSYoungGen: 487776K->105472K(520192K)] 1249144K->1004089K(1918464K), 0.0649904 secs] [Times: user=0.39 sys=0.00, real=0.06 secs] 
6124.302: [GC (Allocation Failure) [PSYoungGen: 446976K->144736K(517120K)] 1345663K->1144684K(1915392K), 0.0534203 secs] [Times: user=0.32 sys=0.00, real=0.05 secs] 
6125.694: [GC (Allocation Failure) [PSYoungGen: 484192K->106464K(519168K)] 1484140K->1242352K(1917440K), 0.0649044 secs] [Times: user=0.39 sys=0.00, real=0.06 secs] 
6127.237: [GC (Allocation Failure) [PSYoungGen: 445920K->141856K(518144K)] 1581808K->1380541K(1916416K), 0.0537992 secs] [Times: user=0.31 sys=0.00, real=0.05 secs] 
6127.291: [Full GC (Ergonomics) [PSYoungGen: 141856K->0K(518144K)] [ParOldGen: 1238685K->178814K(1398272K)] 1380541K->178814K(1916416K), [Metaspace: 59656K->59656K(1105920K)], 0.4281282 secs] [Times: user=1.99 sys=0.00, real=0.43 secs] 
6128.925: [GC (Allocation Failure) [PSYoungGen: 340480K->106816K(519168K)] 519294K->285630K(1917440K), 0.0339189 secs] [Times: user=0.20 sys=0.00, real=0.03 secs] 
6130.396: [GC (Allocation Failure) [PSYoungGen: 447296K->138816K(519680K)] 626110K->421999K(1917952K), 0.0524515 secs] [Times: user=0.31 sys=0.00, real=0.05 secs] 
6131.690: [GC (GCLocker Initiated GC) [PSYoungGen: 481344K->107104K(519680K)] 764527K->519855K(1917952K), 0.0635782 secs] [Times: user=0.37 sys=0.00, real=0.07 secs] 
6133.308: [GC (Allocation Failure) [PSYoungGen: 449632K->140000K(518656K)] 862454K->656933K(1916928K), 0.0521740 secs] [Times: user=0.31 sys=0.00, real=0.05 secs] 
6134.648: [GC (Allocation Failure) [PSYoungGen: 483552K->110976K(519680K)] 1000485K->758733K(1917952K), 0.0644757 secs] [Times: user=0.37 sys=0.00, real=0.07 secs] 
6136.348: [GC (Allocation Failure) [PSYoungGen: 454528K->141664K(519680K)] 1102285K->897574K(1917952K), 0.0539536 secs] [Times: user=0.31 sys=0.00, real=0.06 secs] 
6137.672: [GC (GCLocker Initiated GC) [PSYoungGen: 487776K->107904K(521216K)] 1243686K->996334K(1919488K), 0.0645498 secs] [Times: user=0.38 sys=0.01, real=0.07 secs] 
6138.988: [GC (Allocation Failure) [PSYoungGen: 454016K->143520K(520704K)] 1342449K->1136830K(1918976K), 0.0531137 secs] [Times: user=0.31 sys=0.01, real=0.05 secs] 
6140.285: [GC (Allocation Failure) [PSYoungGen: 491168K->112032K(523264K)] 1484478K->1239626K(1921536K), 0.0655287 secs] [Times: user=0.38 sys=0.00, real=0.06 secs] 
6142.098: [GC (Allocation Failure) [PSYoungGen: 459680K->140576K(522240K)] 1587274K->1377134K(1920512K), 0.0546809 secs] [Times: user=0.32 sys=0.01, real=0.06 secs] 
6142.153: [Full GC (Ergonomics) [PSYoungGen: 140576K->0K(522240K)] [ParOldGen: 1236558K->176662K(1398272K)] 1377134K->176662K(1920512K), [Metaspace: 59656K->59656K(1105920K)], 0.4257269 secs] [Times: user=1.98 sys=0.00, real=0.42 secs] 
6143.796: [GC (Allocation Failure) [PSYoungGen: 349184K->111744K(523264K)] 525846K->288406K(1921536K), 0.0346532 secs] [Times: user=0.21 sys=0.00, real=0.03 secs] 
6145.643: [GC (Allocation Failure) [PSYoungGen: 460928K->145120K(520192K)] 637590K->429379K(1918464K), 0.0540190 secs] [Times: user=0.32 sys=0.00, real=0.05 secs] 
6146.991: [GC (GCLocker Initiated GC) [PSYoungGen: 493792K->109696K(523264K)] 778051K->530103K(1921536K), 0.0642092 secs] [Times: user=0.38 sys=0.00, real=0.07 secs] 
6148.507: [GC (Allocation Failure) [PSYoungGen: 458368K->145024K(520192K)] 878846K->671323K(1918464K), 0.0530688 secs] [Times: user=0.31 sys=0.00, real=0.05 secs] 
6149.792: [GC (Allocation Failure) [PSYoungGen: 492672K->109184K(523264K)] 1018971K->771243K(1921536K), 0.0651485 secs] [Times: user=0.38 sys=0.00, real=0.06 secs] 
6150.472: [GC (Allocation Failure) [PSYoungGen: 456832K->146848K(519168K)] 1118891K->914128K(1917440K), 0.0522134 secs] [Times: user=0.31 sys=0.00, real=0.05 secs] 
6151.757: [GC (Allocation Failure) [PSYoungGen: 492448K->108608K(522240K)] 1259728K->1013648K(1920512K), 0.0650338 secs] [Times: user=0.39 sys=0.00, real=0.07 secs] 
6153.546: [GC (Allocation Failure) [PSYoungGen: 454208K->144992K(519680K)] 1359248K->1154780K(1917952K), 0.0532064 secs] [Times: user=0.32 sys=0.00, real=0.05 secs] 
6154.831: [GC (Allocation Failure) [PSYoungGen: 489568K->106368K(521728K)] 1499356K->1252384K(1920000K), 0.0650784 secs] [Times: user=0.39 sys=0.00, real=0.07 secs] 
6155.893: [GC (Allocation Failure) [PSYoungGen: 450944K->145152K(518656K)] 1596960K->1393016K(1916928K), 0.0518207 secs] [Times: user=0.30 sys=0.00, real=0.05 secs] 
6155.945: [Full GC (Ergonomics) [PSYoungGen: 145152K->0K(518656K)] [ParOldGen: 1247864K->190979K(1398272K)] 1393016K->190979K(1916928K), [Metaspace: 59656K->59656K(1105920K)], 0.4558483 secs] [Times: user=2.04 sys=0.00, real=0.45 secs] 
6157.599: [GC (Allocation Failure) [PSYoungGen: 342528K->108576K(520704K)] 533507K->299555K(1918976K), 0.0326717 secs] [Times: user=0.19 sys=0.01, real=0.03 secs] 
6158.728: [GC (Allocation Failure) [PSYoungGen: 451104K->142112K(520192K)] 642083K->437648K(1918464K), 0.0508798 secs] [Times: user=0.30 sys=0.00, real=0.05 secs] 
6160.003: [GC (GCLocker Initiated GC) [PSYoungGen: 485664K->108992K(452608K)] 781200K->536920K(1850880K), 0.0632616 secs] [Times: user=0.37 sys=0.00, real=0.06 secs] 
6160.749: [GC (Allocation Failure) [PSYoungGen: 452544K->155552K(510976K)] 880511K->688476K(1909248K), 0.0531347 secs] [Times: user=0.31 sys=0.00, real=0.06 secs] 
6162.270: [GC (Allocation Failure) [PSYoungGen: 490912K->101824K(517120K)] 1023836K->773356K(1915392K), 0.0648906 secs] [Times: user=0.38 sys=0.00, real=0.07 secs] 
6163.404: [GC (Allocation Failure) [PSYoungGen: 437184K->143328K(516096K)] 1108716K->912519K(1914368K), 0.0493808 secs] [Times: user=0.29 sys=0.00, real=0.05 secs] 
6164.765: [GC (Allocation Failure) [PSYoungGen: 478688K->103552K(517120K)] 1247879K->1007395K(1915392K), 0.0683490 secs] [Times: user=0.40 sys=0.00, real=0.07 secs] 
6166.370: [GC (Allocation Failure) [PSYoungGen: 438912K->138912K(516096K)] 1342755K->1142104K(1914368K), 0.0500397 secs] [Times: user=0.30 sys=0.00, real=0.05 secs] 
6167.664: [GC (Allocation Failure) [PSYoungGen: 474186K->106080K(516608K)] 1477379K->1239072K(1914880K), 0.0630050 secs] [Times: user=0.37 sys=0.01, real=0.06 secs] 
6168.458: [GC (Allocation Failure) [PSYoungGen: 442464K->140192K(516608K)] 1575456K->1376361K(1914880K), 0.0522399 secs] [Times: user=0.31 sys=0.00, real=0.05 secs] 
6168.510: [Full GC (Ergonomics) [PSYoungGen: 140192K->0K(516608K)] [ParOldGen: 1236169K->175997K(1398272K)] 1376361K->175997K(1914880K), [Metaspace: 59656K->59656K(1105920K)], 0.4269087 secs] [Times: user=1.99 sys=0.00, real=0.43 secs] 
6170.125: [GC (Allocation Failure) [PSYoungGen: 338432K->105952K(517120K)] 514429K->281949K(1915392K), 0.0344665 secs] [Times: user=0.20 sys=0.00, real=0.03 secs] 
6171.004: [GC (Allocation Failure) [PSYoungGen: 444384K->140896K(518144K)] 620381K->420109K(1916416K), 0.0526670 secs] [Times: user=0.31 sys=0.00, real=0.05 secs] 
6172.386: [GC (Allocation Failure) [PSYoungGen: 481888K->108384K(519168K)] 761101K->519234K(1917440K), 0.0630392 secs] [Times: user=0.38 sys=0.00, real=0.06 secs] 
6173.284: [GC (Allocation Failure) [PSYoungGen: 449376K->143008K(517120K)] 860226K->658710K(1915392K), 0.0524680 secs] [Times: user=0.31 sys=0.00, real=0.05 secs] 
6174.579: [GC (Allocation Failure) [PSYoungGen: 484512K->105984K(519168K)] 1000214K->755766K(1917440K), 0.0649909 secs] [Times: user=0.38 sys=0.01, real=0.07 secs] 
6175.747: [GC (Allocation Failure) [PSYoungGen: 447488K->143264K(519168K)] 1097270K->896405K(1917440K), 0.0529095 secs] [Times: user=0.31 sys=0.00, real=0.05 secs] 
6177.033: [GC (GCLocker Initiated GC) [PSYoungGen: 486816K->108992K(521216K)] 1239958K->996450K(1919488K), 0.0650097 secs] [Times: user=0.39 sys=0.01, real=0.06 secs] 
6178.219: [GC (Allocation Failure) [PSYoungGen: 452544K->140832K(520192K)] 1340004K->1134497K(1918464K), 0.0534115 secs] [Times: user=0.31 sys=0.00, real=0.06 secs] 
6179.588: [GC (Allocation Failure) [PSYoungGen: 485408K->110688K(455680K)] 1479073K->1235961K(1853952K), 0.0646326 secs] [Times: user=0.38 sys=0.00, real=0.07 secs] 
6180.276: [GC (Allocation Failure) [PSYoungGen: 455264K->143392K(518656K)] 1580537K->1376518K(1916928K), 0.0543884 secs] [Times: user=0.31 sys=0.00, real=0.05 secs] 
6180.330: [Full GC (Ergonomics) [PSYoungGen: 143392K->0K(518656K)] [ParOldGen: 1233126K->175584K(1398272K)] 1376518K->175584K(1916928K), [Metaspace: 59656K->59656K(1105920K)], 0.4273756 secs] [Times: user=2.00 sys=0.00, real=0.43 secs] 
6181.954: [GC (GCLocker Initiated GC) [PSYoungGen: 344576K->107520K(520704K)] 520160K->283105K(1918976K), 0.0347770 secs] [Times: user=0.20 sys=0.00, real=0.03 secs] 
6182.442: [GC (Allocation Failure) [PSYoungGen: 452096K->143168K(520192K)] 627751K->423660K(1918464K), 0.0536005 secs] [Times: user=0.32 sys=0.00, real=0.06 secs] 
6183.725: [GC (Allocation Failure) [PSYoungGen: 488768K->108448K(522240K)] 769260K->522748K(1920512K), 0.0647777 secs] [Times: user=0.38 sys=0.01, real=0.06 secs] 
6184.354: [GC (Allocation Failure) [PSYoungGen: 454048K->143808K(520192K)] 868348K->663777K(1918464K), 0.0526351 secs] [Times: user=0.31 sys=0.01, real=0.05 secs] 
Heap
 PSYoungGen      total 520192K, used 432362K [0x00000000d5580000, 0x0000000100000000, 0x0000000100000000)
  eden space 34560