5.514: [GC (Allocation Failure) [PSYoungGen: 128000K->12484K(148992K)] 128000K->12564K(488960K), 0.0213033 secs] [Times: user=0.02 sys=0.01, real=0.02 secs] 
5.905: [GC (Metadata GC Threshold) [PSYoungGen: 48880K->6101K(148992K)] 48960K->6197K(488960K), 0.0046595 secs] [Times: user=0.01 sys=0.01, real=0.00 secs] 
5.910: [Full GC (Metadata GC Threshold) [PSYoungGen: 6101K->0K(148992K)] [ParOldGen: 96K->5939K(178688K)] 6197K->5939K(327680K), [Metaspace: 20446K->20446K(1067008K)], 0.0203412 secs] [Times: user=0.06 sys=0.01, real=0.02 secs] 
7.348: [GC (Allocation Failure) [PSYoungGen: 128000K->9809K(148992K)] 133939K->15756K(327680K), 0.0034037 secs] [Times: user=0.01 sys=0.00, real=0.00 secs] 
7.929: [GC (Metadata GC Threshold) [PSYoungGen: 38159K->4656K(148992K)] 44106K->10611K(327680K), 0.0028515 secs] [Times: user=0.01 sys=0.00, real=0.00 secs] 
7.931: [Full GC (Metadata GC Threshold) [PSYoungGen: 4656K->0K(148992K)] [ParOldGen: 5955K->8879K(300032K)] 10611K->8879K(449024K), [Metaspace: 33716K->33716K(1079296K)], 0.0381729 secs] [Times: user=0.08 sys=0.00, real=0.04 secs] 
9.371: [GC (Allocation Failure) [PSYoungGen: 128000K->12779K(148992K)] 136879K->21667K(449024K), 0.0043277 secs] [Times: user=0.01 sys=0.00, real=0.01 secs] 
10.261: [GC (Allocation Failure) [PSYoungGen: 139542K->12678K(180224K)] 148429K->54342K(480256K), 0.0134837 secs] [Times: user=0.06 sys=0.00, real=0.01 secs] 
11.463: [GC (Allocation Failure) [PSYoungGen: 174752K->4806K(181248K)] 216416K->112014K(481280K), 0.0108917 secs] [Times: user=0.06 sys=0.01, real=0.01 secs] 
12.619: [GC (Allocation Failure) [PSYoungGen: 163392K->4768K(248320K)] 270600K->177519K(548352K), 0.0165693 secs] [Times: user=0.08 sys=0.02, real=0.02 secs] 
15.042: [GC (Allocation Failure) [PSYoungGen: 230289K->9787K(248320K)] 403041K->182547K(548352K), 0.0060566 secs] [Times: user=0.02 sys=0.01, real=0.01 secs] 
16.093: [GC (Allocation Failure) [PSYoungGen: 241211K->5276K(304640K)] 413971K->243579K(604672K), 0.0096505 secs] [Times: user=0.04 sys=0.01, real=0.01 secs] 
16.103: [Full GC (Ergonomics) [PSYoungGen: 5276K->0K(304640K)] [ParOldGen: 238303K->176529K(642560K)] 243579K->176529K(947200K), [Metaspace: 53139K->53139K(1097728K)], 0.0667028 secs] [Times: user=0.28 sys=0.00, real=0.07 secs] 
17.824: [GC (Allocation Failure) [PSYoungGen: 288256K->1472K(304640K)] 464785K->210777K(947200K), 0.0037537 secs] [Times: user=0.01 sys=0.00, real=0.01 secs] 
20.613: [GC (Allocation Failure) [PSYoungGen: 289728K->10079K(357888K)] 499033K->227585K(1000448K), 0.0040314 secs] [Times: user=0.02 sys=0.00, real=0.01 secs] 
24.920: [GC (Allocation Failure) [PSYoungGen: 357727K->1629K(366592K)] 575233K->219134K(1009152K), 0.0021910 secs] [Times: user=0.01 sys=0.01, real=0.00 secs] 
27.657: [GC (Allocation Failure) [PSYoungGen: 351325K->1677K(410112K)] 568830K->219190K(1052672K), 0.0021416 secs] [Times: user=0.01 sys=0.00, real=0.00 secs] 
31.254: [GC (Allocation Failure) [PSYoungGen: 402061K->1677K(417280K)] 619574K->219190K(1059840K), 0.0022429 secs] [Times: user=0.01 sys=0.00, real=0.01 secs] 
34.237: [GC (Allocation Failure) [PSYoungGen: 402061K->1677K(466432K)] 619574K->284734K(1108992K), 0.0088569 secs] [Times: user=0.04 sys=0.01, real=0.01 secs] 
38.205: [GC (Allocation Failure) [PSYoungGen: 451213K->1677K(465920K)] 734270K->284742K(1108480K), 0.0026295 secs] [Times: user=0.01 sys=0.00, real=0.00 secs] 
41.720: [GC (Allocation Failure) [PSYoungGen: 451213K->1709K(486400K)] 734278K->284774K(1128960K), 0.0019521 secs] [Times: user=0.00 sys=0.00, real=0.00 secs] 
45.257: [GC (Allocation Failure) [PSYoungGen: 477869K->1709K(492032K)] 760934K->284782K(1134592K), 0.0035449 secs] [Times: user=0.01 sys=0.00, real=0.00 secs] 
49.932: [GC (Allocation Failure) [PSYoungGen: 477869K->1709K(507904K)] 760942K->284782K(1150464K), 0.0022216 secs] [Times: user=0.00 sys=0.00, real=0.00 secs] 
57.380: [GC (Allocation Failure) [PSYoungGen: 499373K->1709K(512512K)] 782446K->284790K(1155072K), 0.0028048 secs] [Times: user=0.02 sys=0.00, real=0.00 secs] 
61.346: [GC (Allocation Failure) [PSYoungGen: 499373K->1709K(525824K)] 782454K->284790K(1168384K), 0.0021968 secs] [Times: user=0.01 sys=0.00, real=0.00 secs] 
66.032: [GC (Allocation Failure) [PSYoungGen: 516269K->1709K(528384K)] 799350K->284790K(1170944K), 0.0021941 secs] [Times: user=0.01 sys=0.00, real=0.00 secs] 
70.513: [GC (Allocation Failure) [PSYoungGen: 516269K->1709K(538624K)] 799350K->284790K(1181184K), 0.0022589 secs] [Times: user=0.01 sys=0.00, real=0.00 secs] 
79.933: [GC (Allocation Failure) [PSYoungGen: 530093K->1741K(515584K)] 813174K->284830K(1158144K), 0.0030172 secs] [Times: user=0.01 sys=0.00, real=0.01 secs] 
86.167: [GC (Allocation Failure) [PSYoungGen: 515277K->3728K(503296K)] 798366K->286918K(1145856K), 0.0022853 secs] [Times: user=0.00 sys=0.00, real=0.00 secs] 
90.354: [GC (Allocation Failure) [PSYoungGen: 502928K->1520K(486912K)] 786118K->284894K(1129472K), 0.0018042 secs] [Times: user=0.01 sys=0.00, real=0.01 secs] 
94.117: [GC (Allocation Failure) [PSYoungGen: 486896K->1536K(474112K)] 770270K->284950K(1116672K), 0.0018663 secs] [Times: user=0.01 sys=0.00, real=0.00 secs] 
98.986: [GC (Allocation Failure) [PSYoungGen: 473600K->1520K(460800K)] 757014K->284958K(1103360K), 0.0036714 secs] [Times: user=0.02 sys=0.00, real=0.00 secs] 
102.998: [GC (Allocation Failure) [PSYoungGen: 460784K->1472K(448512K)] 744222K->284934K(1091072K), 0.0019534 secs] [Times: user=0.00 sys=0.01, real=0.00 secs] 
107.463: [GC (Allocation Failure) [PSYoungGen: 448448K->1424K(436736K)] 731910K->284910K(1079296K), 0.0028877 secs] [Times: user=0.01 sys=0.00, real=0.01 secs] 
113.182: [GC (Allocation Failure) [PSYoungGen: 436624K->1488K(425472K)] 720110K->285006K(1068032K), 0.0019659 secs] [Times: user=0.01 sys=0.00, real=0.00 secs] 
116.962: [GC (Allocation Failure) [PSYoungGen: 425424K->1472K(414720K)] 708942K->284998K(1057280K), 0.0022353 secs] [Times: user=0.01 sys=0.00, real=0.00 secs] 
120.992: [GC (Allocation Failure) [PSYoungGen: 414656K->3536K(406528K)] 698182K->287094K(1049088K), 0.0019655 secs] [Times: user=0.01 sys=0.00, real=0.00 secs] 
123.625: [GC (Allocation Failure) [PSYoungGen: 406480K->1488K(394240K)] 690038K->285070K(1036800K), 0.0020870 secs] [Times: user=0.01 sys=0.00, real=0.00 secs] 
126.883: [GC (Allocation Failure) [PSYoungGen: 394192K->1456K(384512K)] 677774K->285070K(1027072K), 0.0019371 secs] [Times: user=0.01 sys=0.00, real=0.01 secs] 
129.528: [GC (Allocation Failure) [PSYoungGen: 384432K->1456K(375296K)] 668046K->285102K(1017856K), 0.0015672 secs] [Times: user=0.00 sys=0.00, real=0.00 secs] 
133.492: [GC (Allocation Failure) [PSYoungGen: 375216K->5584K(370688K)] 658862K->293334K(1013248K), 0.0024720 secs] [Times: user=0.01 sys=0.00, real=0.00 secs] 
136.607: [GC (Allocation Failure) [PSYoungGen: 370640K->1456K(357888K)] 658390K->289222K(1000448K), 0.0019120 secs] [Times: user=0.01 sys=0.00, real=0.00 secs] 
138.858: [GC (Allocation Failure) [PSYoungGen: 357808K->1440K(349696K)] 645574K->289230K(992256K), 0.0018090 secs] [Times: user=0.01 sys=0.00, real=0.00 secs] 
142.910: [GC (Allocation Failure) [PSYoungGen: 349600K->1408K(341504K)] 637390K->289214K(984064K), 0.0026314 secs] [Times: user=0.01 sys=0.00, real=0.00 secs] 
146.093: [GC (Allocation Failure) [PSYoungGen: 341376K->1408K(333824K)] 629182K->289246K(976384K), 0.0018949 secs] [Times: user=0.00 sys=0.00, real=0.00 secs] 
149.337: [GC (Allocation Failure) [PSYoungGen: 333696K->1424K(326656K)] 621534K->289278K(969216K), 0.0022929 secs] [Times: user=0.01 sys=0.00, real=0.00 secs] 
152.474: [GC (Allocation Failure) [PSYoungGen: 326544K->1392K(319488K)] 614398K->289254K(962048K), 0.0015744 secs] [Times: user=0.01 sys=0.00, real=0.01 secs] 
154.772: [GC (Allocation Failure) [PSYoungGen: 319344K->2432K(313856K)] 607206K->290302K(956416K), 0.0018894 secs] [Times: user=0.01 sys=0.00, real=0.00 secs] 
159.403: [GC (Allocation Failure) [PSYoungGen: 313728K->3488K(308224K)] 601598K->291358K(950784K), 0.0020563 secs] [Times: user=0.01 sys=0.00, real=0.01 secs] 
162.189: [GC (Allocation Failure) [PSYoungGen: 308128K->3456K(301568K)] 595998K->291334K(944128K), 0.0019706 secs] [Times: user=0.01 sys=0.00, real=0.00 secs] 
165.779: [GC (Allocation Failure) [PSYoungGen: 301440K->2464K(294400K)] 589318K->290350K(936960K), 0.0020125 secs] [Times: user=0.00 sys=0.00, real=0.00 secs] 
168.647: [GC (Allocation Failure) [PSYoungGen: 294304K->192K(286208K)] 582190K->288094K(928768K), 0.0018219 secs] [Times: user=0.01 sys=0.00, real=0.00 secs] 
170.043: [GC (Allocation Failure) [PSYoungGen: 285888K->1392K(281600K)] 573790K->289310K(924160K), 0.0019155 secs] [Times: user=0.01 sys=0.00, real=0.01 secs] 
171.823: [GC (Allocation Failure) [PSYoungGen: 281456K->1424K(275968K)] 569374K->289350K(918528K), 0.0018860 secs] [Times: user=0.00 sys=0.00, real=0.01 secs] 
175.986: [GC (Allocation Failure) [PSYoungGen: 275856K->1408K(270336K)] 563782K->289350K(912896K), 0.0039902 secs] [Times: user=0.02 sys=0.00, real=0.00 secs] 
178.520: [GC (Allocation Failure) [PSYoungGen: 270208K->1424K(265216K)] 558150K->289374K(907776K), 0.0019385 secs] [Times: user=0.01 sys=0.00, real=0.00 secs] 
182.241: [GC (Allocation Failure) [PSYoungGen: 265104K->1472K(260096K)] 553054K->289430K(902656K), 0.0044757 secs] [Times: user=0.02 sys=0.00, real=0.01 secs] 
186.262: [GC (Allocation Failure) [PSYoungGen: 260032K->1440K(254976K)] 547990K->289398K(897536K), 0.0037657 secs] [Times: user=0.01 sys=0.00, real=0.01 secs] 
189.043: [GC (Allocation Failure) [PSYoungGen: 254880K->4528K(253440K)] 542838K->297614K(896000K), 0.0020642 secs] [Times: user=0.01 sys=0.00, real=0.01 secs] 
190.472: [GC (Allocation Failure) [PSYoungGen: 253360K->1360K(245760K)] 546446K->294446K(888320K), 0.0017282 secs] [Times: user=0.00 sys=0.00, real=0.00 secs] 
192.263: [GC (Allocation Failure) [PSYoungGen: 245584K->1440K(241152K)] 538670K->294534K(883712K), 0.0021058 secs] [Times: user=0.01 sys=0.00, real=0.01 secs] 
193.712: [GC (Allocation Failure) [PSYoungGen: 241056K->1440K(237056K)] 534150K->294550K(879616K), 0.0021509 secs] [Times: user=0.01 sys=0.00, real=0.00 secs] 
196.485: [GC (Allocation Failure) [PSYoungGen: 236960K->1408K(232960K)] 530070K->294526K(875520K), 0.0025506 secs] [Times: user=0.01 sys=0.00, real=0.01 secs] 
198.382: [GC (Allocation Failure) [PSYoungGen: 232832K->3488K(230912K)] 525950K->296606K(873472K), 0.0018944 secs] [Times: user=0.01 sys=0.00, real=0.00 secs] 
200.119: [GC (Allocation Failure) [PSYoungGen: 230816K->1408K(224768K)] 523934K->294542K(867328K), 0.0018572 secs] [Times: user=0.01 sys=0.00, real=0.00 secs] 
204.490: [GC (Allocation Failure) [PSYoungGen: 224640K->1392K(221184K)] 517774K->294534K(863744K), 0.0020100 secs] [Times: user=0.01 sys=0.00, real=0.00 secs] 
207.736: [GC (Allocation Failure) [PSYoungGen: 221040K->1472K(217600K)] 514182K->294622K(860160K), 0.0028298 secs] [Times: user=0.01 sys=0.00, real=0.00 secs] 
210.246: [GC (Allocation Failure) [PSYoungGen: 217536K->192K(212992K)] 510686K->293350K(855552K), 0.0019865 secs] [Times: user=0.01 sys=0.00, real=0.00 secs] 
211.676: [GC (Allocation Failure) [PSYoungGen: 212672K->1408K(210432K)] 505830K->294582K(852992K), 0.0019119 secs] [Times: user=0.01 sys=0.00, real=0.00 secs] 
214.286: [GC (Allocation Failure) [PSYoungGen: 210304K->1408K(206848K)] 503478K->294582K(849408K), 0.0045478 secs] [Times: user=0.01 sys=0.00, real=0.00 secs] 
216.729: [GC (Allocation Failure) [PSYoungGen: 206720K->2432K(204800K)] 499894K->295606K(847360K), 0.0018904 secs] [Times: user=0.01 sys=0.00, real=0.00 secs] 
218.306: [GC (Allocation Failure) [PSYoungGen: 204672K->1376K(200704K)] 497846K->294558K(843264K), 0.0018917 secs] [Times: user=0.01 sys=0.00, real=0.00 secs] 
219.902: [GC (Allocation Failure) [PSYoungGen: 200544K->1408K(197632K)] 493726K->294590K(840192K), 0.0019477 secs] [Times: user=0.01 sys=0.00, real=0.00 secs] 
221.208: [GC (Allocation Failure) [PSYoungGen: 197504K->1440K(194560K)] 490686K->294630K(837120K), 0.0014588 secs] [Times: user=0.00 sys=0.00, real=0.00 secs] 
223.407: [GC (Allocation Failure) [PSYoungGen: 194464K->1408K(191488K)] 487654K->294598K(834048K), 0.0029143 secs] [Times: user=0.01 sys=0.00, real=0.00 secs] 
224.693: [GC (Allocation Failure) [PSYoungGen: 191360K->1424K(188416K)] 484550K->294622K(830976K), 0.0017522 secs] [Times: user=0.00 sys=0.00, real=0.00 secs] 
225.560: [GC (Allocation Failure) [PSYoungGen: 188304K->1408K(185856K)] 481502K->294614K(828416K), 0.0017550 secs] [Times: user=0.01 sys=0.00, real=0.00 secs] 
226.784: [GC (Allocation Failure) [PSYoungGen: 185728K->1408K(183296K)] 478934K->294622K(825856K), 0.0019526 secs] [Times: user=0.01 sys=0.00, real=0.01 secs] 
228.095: [GC (Allocation Failure) [PSYoungGen: 183168K->2400K(181760K)] 476382K->296638K(824320K), 0.0017940 secs] [Times: user=0.01 sys=0.00, real=0.01 secs] 
229.765: [GC (Allocation Failure) [PSYoungGen: 181600K->352K(177152K)] 475838K->294590K(819712K), 0.0022363 secs] [Times: user=0.01 sys=0.00, real=0.01 secs] 
232.059: [GC (Allocation Failure) [PSYoungGen: 176992K->1440K(175616K)] 471230K->295678K(818176K), 0.0019809 secs] [Times: user=0.01 sys=0.00, real=0.00 secs] 
232.836: [GC (Allocation Failure) [PSYoungGen: 175520K->1376K(173056K)] 469758K->295622K(815616K), 0.0018452 secs] [Times: user=0.01 sys=0.00, real=0.00 secs] 
235.404: [GC (Allocation Failure) [PSYoungGen: 172896K->1424K(170496K)] 467142K->295670K(813056K), 0.0026702 secs] [Times: user=0.01 sys=0.00, real=0.01 secs] 
236.459: [GC (Allocation Failure) [PSYoungGen: 170384K->1376K(168448K)] 464630K->295630K(811008K), 0.0019112 secs] [Times: user=0.01 sys=0.00, real=0.00 secs] 
240.731: [GC (Allocation Failure) [PSYoungGen: 168288K->1408K(166400K)] 462542K->295662K(808960K), 0.0038046 secs] [Times: user=0.01 sys=0.00, real=0.00 secs] 
242.552: [GC (Allocation Failure) [PSYoungGen: 166272K->1408K(164352K)] 460526K->295662K(806912K), 0.0017448 secs] [Times: user=0.01 sys=0.00, real=0.00 secs] 
244.577: [GC (Allocation Failure) [PSYoungGen: 164224K->1408K(162304K)] 458478K->295670K(804864K), 0.0027073 secs] [Times: user=0.01 sys=0.00, real=0.00 secs] 
246.309: [GC (Allocation Failure) [PSYoungGen: 162176K->2400K(161280K)] 456438K->297686K(803840K), 0.0023475 secs] [Times: user=0.01 sys=0.00, real=0.00 secs] 
249.086: [GC (Allocation Failure) [PSYoungGen: 161120K->320K(157184K)] 456406K->295630K(799744K), 0.0031523 secs] [Times: user=0.01 sys=0.00, real=0.00 secs] 
251.291: [GC (Allocation Failure) [PSYoungGen: 156992K->2432K(157696K)] 452302K->298766K(800256K), 0.0017699 secs] [Times: user=0.01 sys=0.00, real=0.00 secs] 
252.408: [GC (Allocation Failure) [PSYoungGen: 157056K->320K(153088K)] 453390K->296670K(795648K), 0.0018413 secs] [Times: user=0.01 sys=0.00, real=0.00 secs] 
253.838: [GC (Allocation Failure) [PSYoungGen: 152896K->2400K(153088K)] 449246K->299774K(795648K), 0.0017156 secs] [Times: user=0.00 sys=0.00, real=0.00 secs] 
255.155: [GC (Allocation Failure) [PSYoungGen: 152928K->320K(148992K)] 450302K->297702K(791552K), 0.0022563 secs] [Times: user=0.00 sys=0.00, real=0.01 secs] 
256.987: [GC (Allocation Failure) [PSYoungGen: 148800K->3424K(150016K)] 446182K->300806K(792576K), 0.0019728 secs] [Times: user=0.01 sys=0.00, real=0.00 secs] 
257.968: [GC (Allocation Failure) [PSYoungGen: 149856K->1376K(146432K)] 447238K->298758K(788992K), 0.0027802 secs] [Times: user=0.01 sys=0.00, real=0.00 secs] 
259.632: [GC (Allocation Failure) [PSYoungGen: 146272K->2400K(145920K)] 443654K->299790K(788480K), 0.0017645 secs] [Times: user=0.01 sys=0.00, real=0.00 secs] 
260.712: [GC (Allocation Failure) [PSYoungGen: 145760K->1376K(143360K)] 443150K->298766K(785920K), 0.0027666 secs] [Times: user=0.01 sys=0.00, real=0.01 secs] 
262.515: [GC (Allocation Failure) [PSYoungGen: 143200K->1392K(141824K)] 440590K->298782K(784384K), 0.0014377 secs] [Times: user=0.00 sys=0.00, real=0.01 secs] 
263.282: [GC (Allocation Failure) [PSYoungGen: 141680K->1424K(140288K)] 439070K->298822K(782848K), 0.0016747 secs] [Times: user=0.01 sys=0.01, real=0.00 secs] 
264.138: [GC (Allocation Failure) [PSYoungGen: 140176K->1376K(138752K)] 437574K->298774K(781312K), 0.0021181 secs] [Times: user=0.01 sys=0.00, real=0.00 secs] 
266.310: [GC (Allocation Failure) [PSYoungGen: 138592K->1424K(137216K)] 435990K->298822K(779776K), 0.0031706 secs] [Times: user=0.02 sys=0.00, real=0.00 secs] 
267.748: [GC (Allocation Failure) [PSYoungGen: 137104K->1376K(135680K)] 434502K->298774K(778240K), 0.0029891 secs] [Times: user=0.01 sys=0.00, real=0.00 secs] 
269.545: [GC (Allocation Failure) [PSYoungGen: 135520K->1440K(134144K)] 432918K->298846K(776704K), 0.0024395 secs] [Times: user=0.01 sys=0.00, real=0.00 secs] 
271.110: [GC (Allocation Failure) [PSYoungGen: 134048K->1344K(132608K)] 431454K->298758K(775168K), 0.0021554 secs] [Times: user=0.01 sys=0.00, real=0.00 secs] 
272.728: [GC (Allocation Failure) [PSYoungGen: 132416K->2432K(132096K)] 429830K->300878K(774656K), 0.0017289 secs] [Times: user=0.00 sys=0.00, real=0.00 secs] 
273.349: [GC (Allocation Failure) [PSYoungGen: 131968K->368K(128512K)] 430414K->298814K(771072K), 0.0017880 secs] [Times: user=0.00 sys=0.00, real=0.00 secs] 
274.369: [GC (Allocation Failure) [PSYoungGen: 128368K->352K(126976K)] 426814K->298798K(769536K), 0.0029159 secs] [Times: user=0.01 sys=0.01, real=0.00 secs] 
276.030: [GC (Allocation Failure) [PSYoungGen: 126816K->1440K(128000K)] 425262K->299886K(770560K), 0.0024562 secs] [Times: user=0.01 sys=0.00, real=0.00 secs] 
277.390: [GC (Allocation Failure) [PSYoungGen: 126368K->1376K(125440K)] 424814K->299822K(768000K), 0.0023913 secs] [Times: user=0.01 sys=0.00, real=0.00 secs] 
279.056: [GC (Allocation Failure) [PSYoungGen: 125280K->1440K(124416K)] 423726K->308078K(766976K), 0.0024214 secs] [Times: user=0.01 sys=0.00, real=0.00 secs] 
279.820: [GC (Allocation Failure) [PSYoungGen: 124320K->1360K(123392K)] 430958K->308006K(765952K), 0.0019132 secs] [Times: user=0.01 sys=0.00, real=0.00 secs] 
280.529: [GC (Allocation Failure) [PSYoungGen: 123216K->1389K(122368K)] 429862K->308035K(764928K), 0.0014952 secs] [Times: user=0.00 sys=0.00, real=0.00 secs] 
282.604: [GC (Allocation Failure) [PSYoungGen: 122221K->1440K(121344K)] 428867K->308086K(763904K), 0.0026017 secs] [Times: user=0.01 sys=0.00, real=0.01 secs] 
283.619: [GC (Allocation Failure) [PSYoungGen: 121248K->1376K(120320K)] 427894K->308030K(762880K), 0.0024091 secs] [Times: user=0.01 sys=0.00, real=0.00 secs] 
287.361: [GC (Allocation Failure) [PSYoungGen: 120160K->1408K(119296K)] 426814K->308062K(761856K), 0.0037698 secs] [Times: user=0.02 sys=0.00, real=0.00 secs] 
288.602: [GC (Allocation Failure) [PSYoungGen: 119168K->1344K(118272K)] 425822K->307998K(760832K), 0.0033356 secs] [Times: user=0.01 sys=0.01, real=0.01 secs] 
290.093: [GC (Allocation Failure) [PSYoungGen: 118080K->1344K(117248K)] 424734K->307998K(759808K), 0.0045597 secs] [Times: user=0.02 sys=0.00, real=0.01 secs] 
292.299: [GC (Allocation Failure) [PSYoungGen: 117056K->1376K(116224K)] 423710K->308030K(758784K), 0.0046520 secs] [Times: user=0.02 sys=0.00, real=0.00 secs] 
294.399: [GC (Allocation Failure) [PSYoungGen: 116064K->1360K(115200K)] 422718K->308022K(757760K), 0.0035185 secs] [Times: user=0.01 sys=0.00, real=0.00 secs] 
295.817: [GC (Allocation Failure) [PSYoungGen: 115024K->1408K(114176K)] 421686K->312174K(756736K), 0.0017633 secs] [Times: user=0.01 sys=0.00, real=0.00 secs] 
297.388: [GC (Allocation Failure) [PSYoungGen: 114048K->1328K(113152K)] 424814K->312094K(755712K), 0.0038821 secs] [Times: user=0.01 sys=0.00, real=0.00 secs] 
298.491: [GC (Allocation Failure) [PSYoungGen: 112944K->1344K(112128K)] 423710K->312110K(754688K), 0.0026751 secs] [Times: user=0.01 sys=0.00, real=0.00 secs] 
299.882: [GC (Allocation Failure) [PSYoungGen: 111936K->1376K(111104K)] 422702K->312142K(753664K), 0.0016852 secs] [Times: user=0.00 sys=0.00, real=0.00 secs] 
300.790: [GC (Allocation Failure) [PSYoungGen: 110944K->1360K(110080K)] 421710K->312126K(752640K), 0.0020250 secs] [Times: user=0.01 sys=0.00, real=0.00 secs] 
301.827: [GC (Allocation Failure) [PSYoungGen: 109904K->1360K(109056K)] 420670K->312126K(751616K), 0.0019647 secs] [Times: user=0.01 sys=0.00, real=0.00 secs] 
303.220: [GC (Allocation Failure) [PSYoungGen: 108880K->1376K(108032K)] 419646K->312150K(750592K), 0.0019008 secs] [Times: user=0.01 sys=0.00, real=0.00 secs] 
304.407: [GC (Allocation Failure) [PSYoungGen: 107872K->1376K(107008K)] 418646K->312150K(749568K), 0.0024128 secs] [Times: user=0.01 sys=0.01, real=0.00 secs] 
305.805: [GC (Allocation Failure) [PSYoungGen: 106848K->1328K(105984K)] 417622K->312110K(748544K), 0.0014103 secs] [Times: user=0.00 sys=0.00, real=0.00 secs] 
306.991: [GC (Allocation Failure) [PSYoungGen: 105776K->1408K(104960K)] 416558K->312190K(747520K), 0.0036391 secs] [Times: user=0.01 sys=0.00, real=0.00 secs] 
307.600: [GC (Allocation Failure) [PSYoungGen: 104832K->1312K(103936K)] 415614K->312102K(746496K), 0.0019588 secs] [Times: user=0.00 sys=0.00, real=0.00 secs] 
308.655: [GC (Allocation Failure) [PSYoungGen: 103712K->1504K(102912K)] 414502K->312382K(745472K), 0.0016114 secs] [Times: user=0.00 sys=0.00, real=0.00 secs] 
309.919: [GC (Allocation Failure) [PSYoungGen: 102880K->1312K(101888K)] 413758K->312198K(744448K), 0.0040779 secs] [Times: user=0.01 sys=0.00, real=0.00 secs] 
311.204: [GC (Allocation Failure) [PSYoungGen: 101664K->1312K(100864K)] 412550K->312198K(743424K), 0.0041285 secs] [Times: user=0.01 sys=0.00, real=0.01 secs] 
313.272: [GC (Allocation Failure) [PSYoungGen: 100640K->1920K(100864K)] 411526K->312814K(743424K), 0.0020181 secs] [Times: user=0.01 sys=0.00, real=0.00 secs] 
313.717: [GC (Allocation Failure) [PSYoungGen: 100736K->352K(98816K)] 411630K->312270K(741376K), 0.0019058 secs] [Times: user=0.01 sys=0.00, real=0.00 secs] 
314.167: [GC (Allocation Failure) [PSYoungGen: 98656K->352K(99840K)] 410574K->312278K(742400K), 0.0016642 secs] [Times: user=0.01 sys=0.00, real=0.00 secs] 
315.480: [GC (Allocation Failure) [PSYoungGen: 98144K->1440K(98816K)] 410070K->313374K(741376K), 0.0016302 secs] [Times: user=0.01 sys=0.00, real=0.00 secs] 
315.896: [GC (Allocation Failure) [PSYoungGen: 98720K->1376K(98304K)] 410654K->313310K(740864K), 0.0021340 secs] [Times: user=0.01 sys=0.00, real=0.00 secs] 
316.298: [GC (Allocation Failure) [PSYoungGen: 98144K->1392K(97792K)] 410078K->313326K(740352K), 0.0016443 secs] [Times: user=0.01 sys=0.00, real=0.00 secs] 
317.130: [GC (Allocation Failure) [PSYoungGen: 97648K->1389K(97280K)] 409582K->313323K(739840K), 0.0014864 secs] [Times: user=0.00 sys=0.01, real=0.00 secs] 
318.942: [GC (Allocation Failure) [PSYoungGen: 97133K->1408K(96768K)] 409067K->313350K(739328K), 0.0031153 secs] [Times: user=0.01 sys=0.00, real=0.01 secs] 
319.943: [GC (Allocation Failure) [PSYoungGen: 96640K->1440K(96256K)] 408582K->313382K(738816K), 0.0052714 secs] [Times: user=0.02 sys=0.01, real=0.01 secs] 
320.969: [GC (Allocation Failure) [PSYoungGen: 96160K->1376K(95744K)] 408102K->313318K(738304K), 0.0031628 secs] [Times: user=0.02 sys=0.00, real=0.00 secs] 
322.675: [GC (Allocation Failure) [PSYoungGen: 95584K->1408K(95232K)] 407526K->313350K(737792K), 0.0026905 secs] [Times: user=0.01 sys=0.00, real=0.01 secs] 
323.893: [GC (Allocation Failure) [PSYoungGen: 95104K->1408K(94720K)] 407046K->313350K(737280K), 0.0026834 secs] [Times: user=0.01 sys=0.00, real=0.01 secs] 
325.249: [GC (Allocation Failure) [PSYoungGen: 94592K->1344K(94208K)] 406534K->313302K(736768K), 0.0033601 secs] [Times: user=0.01 sys=0.00, real=0.00 secs] 
326.775: [GC (Allocation Failure) [PSYoungGen: 94016K->1408K(93696K)] 405974K->313366K(736256K), 0.0018304 secs] [Times: user=0.01 sys=0.00, real=0.01 secs] 
327.351: [GC (Allocation Failure) [PSYoungGen: 93568K->1376K(93184K)] 405526K->313334K(735744K), 0.0017237 secs] [Times: user=0.00 sys=0.00, real=0.00 secs] 
327.744: [GC (Allocation Failure) [PSYoungGen: 93024K->1360K(92672K)] 404982K->313334K(735232K), 0.0016900 secs] [Times: user=0.01 sys=0.00, real=0.01 secs] 
329.079: [GC (Allocation Failure) [PSYoungGen: 92496K->1376K(92160K)] 404470K->313358K(734720K), 0.0026586 secs] [Times: user=0.01 sys=0.00, real=0.00 secs] 
329.510: [GC (Allocation Failure) [PSYoungGen: 92000K->1376K(91648K)] 403982K->313358K(734208K), 0.0017837 secs] [Times: user=0.01 sys=0.00, real=0.00 secs] 
330.467: [GC (Allocation Failure) [PSYoungGen: 91488K->1376K(91136K)] 403470K->313358K(733696K), 0.0033058 secs] [Times: user=0.01 sys=0.00, real=0.00 secs] 
331.917: [GC (Allocation Failure) [PSYoungGen: 90976K->1440K(90624K)] 402958K->313422K(733184K), 0.0025862 secs] [Times: user=0.01 sys=0.00, real=0.00 secs] 
332.393: [GC (Allocation Failure) [PSYoungGen: 90528K->1376K(90112K)] 402510K->313358K(732672K), 0.0018839 secs] [Times: user=0.00 sys=0.00, real=0.00 secs] 
332.777: [GC (Allocation Failure) [PSYoungGen: 89952K->1376K(89600K)] 401934K->313358K(732160K), 0.0016370 secs] [Times: user=0.00 sys=0.00, real=0.00 secs] 
333.186: [GC (Allocation Failure) [PSYoungGen: 89440K->1408K(89088K)] 401422K->313398K(731648K), 0.0020414 secs] [Times: user=0.01 sys=0.00, real=0.00 secs] 
334.633: [GC (Allocation Failure) [PSYoungGen: 88960K->1408K(88576K)] 400950K->313398K(731136K), 0.0021081 secs] [Times: user=0.01 sys=0.00, real=0.01 secs] 
335.691: [GC (Allocation Failure) [PSYoungGen: 88448K->1376K(88064K)] 400438K->313366K(730624K), 0.0022004 secs] [Times: user=0.01 sys=0.00, real=0.00 secs] 
336.819: [GC (Allocation Failure) [PSYoungGen: 87904K->1360K(87552K)] 399894K->313350K(730112K), 0.0019845 secs] [Times: user=0.01 sys=0.00, real=0.00 secs] 
337.918: [GC (Allocation Failure) [PSYoungGen: 87376K->1440K(87040K)] 399366K->315478K(729600K), 0.0063480 secs] [Times: user=0.02 sys=0.00, real=0.00 secs] 
338.697: [GC (Allocation Failure) [PSYoungGen: 86944K->1408K(86528K)] 400982K->315446K(729088K), 0.0016739 secs] [Times: user=0.00 sys=0.00, real=0.00 secs] 
339.239: [GC (Allocation Failure) [PSYoungGen: 86400K->1376K(86016K)] 400438K->315414K(728576K), 0.0019601 secs] [Times: user=0.00 sys=0.00, real=0.00 secs] 
339.667: [GC (Allocation Failure) [PSYoungGen: 85856K->1408K(85504K)] 399894K->315446K(728064K), 0.0017320 secs] [Times: user=0.00 sys=0.00, real=0.00 secs] 
340.801: [GC (Allocation Failure) [PSYoungGen: 85376K->1408K(84992K)] 399414K->315446K(727552K), 0.0020734 secs] [Times: user=0.01 sys=0.00, real=0.00 secs] 
341.511: [GC (Allocation Failure) [PSYoungGen: 84864K->336K(83456K)] 398902K->315422K(726016K), 0.0029952 secs] [Times: user=0.01 sys=0.00, real=0.00 secs] 
342.204: [GC (Allocation Failure) [PSYoungGen: 83280K->384K(84480K)] 398366K->315470K(727040K), 0.0036392 secs] [Times: user=0.01 sys=0.01, real=0.01 secs] 
343.393: [GC (Allocation Failure) [PSYoungGen: 82816K->1856K(83968K)] 397902K->316942K(726528K), 0.0017705 secs] [Times: user=0.01 sys=0.00, real=0.00 secs] 
344.213: [GC (Allocation Failure) [PSYoungGen: 83776K->1344K(82944K)] 398862K->316430K(725504K), 0.0039824 secs] [Times: user=0.01 sys=0.00, real=0.01 secs] 
344.976: [GC (Allocation Failure) [PSYoungGen: 82752K->352K(81408K)] 397838K->316462K(723968K), 0.0030543 secs] [Times: user=0.01 sys=0.00, real=0.00 secs] 
345.937: [GC (Allocation Failure) [PSYoungGen: 81248K->320K(80896K)] 397358K->316430K(723456K), 0.0029107 secs] [Times: user=0.01 sys=0.00, real=0.00 secs] 
347.281: [GC (Allocation Failure) [PSYoungGen: 80704K->1376K(81408K)] 396814K->317486K(723968K), 0.0029013 secs] [Times: user=0.01 sys=0.00, real=0.00 secs] 
348.244: [GC (Allocation Failure) [PSYoungGen: 81248K->1376K(80896K)] 397358K->317494K(723456K), 0.0062498 secs] [Times: user=0.02 sys=0.00, real=0.01 secs] 
349.018: [GC (Allocation Failure) [PSYoungGen: 80736K->1344K(80384K)] 396854K->317462K(722944K), 0.0027129 secs] [Times: user=0.02 sys=0.00, real=0.00 secs] 
349.972: [GC (Allocation Failure) [PSYoungGen: 80192K->1376K(79872K)] 396310K->317494K(722432K), 0.0031144 secs] [Times: user=0.01 sys=0.00, real=0.01 secs] 
350.992: [GC (Allocation Failure) [PSYoungGen: 79712K->1408K(79360K)] 395830K->317542K(721920K), 0.0017818 secs] [Times: user=0.01 sys=0.00, real=0.00 secs] 
351.466: [GC (Allocation Failure) [PSYoungGen: 79232K->1344K(78848K)] 395366K->317486K(721408K), 0.0018591 secs] [Times: user=0.01 sys=0.00, real=0.00 secs] 
351.987: [GC (Allocation Failure) [PSYoungGen: 78656K->1344K(78336K)] 394798K->317486K(720896K), 0.0019143 secs] [Times: user=0.01 sys=0.00, real=0.00 secs] 
352.723: [GC (Allocation Failure) [PSYoungGen: 78144K->1357K(77824K)] 394286K->317500K(720384K), 0.0016306 secs] [Times: user=0.01 sys=0.00, real=0.00 secs] 
354.858: [GC (Allocation Failure) [PSYoungGen: 77645K->1376K(77312K)] 393788K->317518K(719872K), 0.0044094 secs] [Times: user=0.02 sys=0.00, real=0.00 secs] 
355.975: [GC (Allocation Failure) [PSYoungGen: 77152K->1344K(76800K)] 393294K->317486K(719360K), 0.0033219 secs] [Times: user=0.01 sys=0.00, real=0.01 secs] 
356.563: [GC (Allocation Failure) [PSYoungGen: 76608K->1376K(76288K)] 392750K->317518K(718848K), 0.0020287 secs] [Times: user=0.01 sys=0.00, real=0.01 secs] 
357.669: [GC (Allocation Failure) [PSYoungGen: 76128K->1328K(75776K)] 392270K->317470K(718336K), 0.0014660 secs] [Times: user=0.00 sys=0.00, real=0.00 secs] 
358.426: [GC (Allocation Failure) [PSYoungGen: 75568K->1408K(75264K)] 391710K->317558K(717824K), 0.0030347 secs] [Times: user=0.01 sys=0.00, real=0.00 secs] 
358.735: [GC (Allocation Failure) [PSYoungGen: 75136K->1376K(74752K)] 391286K->317526K(717312K), 0.0017658 secs] [Times: user=0.01 sys=0.00, real=0.01 secs] 
359.038: [GC (Allocation Failure) [PSYoungGen: 74592K->1344K(74240K)] 390742K->317494K(716800K), 0.0017919 secs] [Times: user=0.01 sys=0.00, real=0.00 secs] 
359.449: [GC (Allocation Failure) [PSYoungGen: 74048K->1360K(73728K)] 390198K->317526K(716288K), 0.0015114 secs] [Times: user=0.01 sys=0.00, real=0.00 secs] 
360.105: [GC (Allocation Failure) [PSYoungGen: 73552K->1360K(73216K)] 389718K->317534K(715776K), 0.0017690 secs] [Times: user=0.01 sys=0.00, real=0.00 secs] 
360.403: [GC (Allocation Failure) [PSYoungGen: 73040K->1344K(72704K)] 389214K->317518K(715264K), 0.0018576 secs] [Times: user=0.01 sys=0.00, real=0.01 secs] 
360.699: [GC (Allocation Failure) [PSYoungGen: 72512K->1376K(72192K)] 388686K->317550K(714752K), 0.0018397 secs] [Times: user=0.01 sys=0.00, real=0.00 secs] 
360.992: [GC (Allocation Failure) [PSYoungGen: 72032K->1344K(71680K)] 388206K->317526K(714240K), 0.0019110 secs] [Times: user=0.01 sys=0.00, real=0.00 secs] 
362.533: [GC (Allocation Failure) [PSYoungGen: 71488K->1376K(71168K)] 387670K->317566K(713728K), 0.0043949 secs] [Times: user=0.02 sys=0.00, real=0.01 secs] 
363.498: [GC (Allocation Failure) [PSYoungGen: 71008K->1344K(70656K)] 387198K->317534K(713216K), 0.0031242 secs] [Times: user=0.01 sys=0.00, real=0.00 secs] 
364.123: [GC (Allocation Failure) [PSYoungGen: 70464K->1344K(70144K)] 386654K->317534K(712704K), 0.0022888 secs] [Times: user=0.01 sys=0.00, real=0.01 secs] 
364.908: [GC (Allocation Failure) [PSYoungGen: 69952K->1376K(69632K)] 386142K->317566K(712192K), 0.0040535 secs] [Times: user=0.01 sys=0.00, real=0.00 secs] 
366.195: [GC (Allocation Failure) [PSYoungGen: 69472K->1376K(69632K)] 385662K->317566K(712192K), 0.0017849 secs] [Times: user=0.00 sys=0.00, real=0.00 secs] 
366.923: [GC (Allocation Failure) [PSYoungGen: 69472K->1376K(69632K)] 385662K->317566K(712192K), 0.0019336 secs] [Times: user=0.01 sys=0.00, real=0.00 secs] 
367.518: [GC (Allocation Failure) [PSYoungGen: 69472K->1344K(69632K)] 385662K->317534K(712192K), 0.0018077 secs] [Times: user=0.01 sys=0.00, real=0.00 secs] 
368.120: [GC (Allocation Failure) [PSYoungGen: 69440K->1376K(69632K)] 385630K->317574K(712192K), 0.0019653 secs] [Times: user=0.00 sys=0.00, real=0.00 secs] 
369.048: [GC (Allocation Failure) [PSYoungGen: 69472K->365K(68608K)] 385670K->317588K(711168K), 0.0014594 secs] [Times: user=0.01 sys=0.00, real=0.00 secs] 
370.142: [GC (Allocation Failure) [PSYoungGen: 68461K->1392K(70144K)] 385684K->318614K(712704K), 0.0019545 secs] [Times: user=0.01 sys=0.00, real=0.00 secs] 
370.941: [GC (Allocation Failure) [PSYoungGen: 69488K->1344K(69632K)] 386710K->318566K(712192K), 0.0029345 secs] [Times: user=0.01 sys=0.01, real=0.00 secs] 
371.839: [GC (Allocation Failure) [PSYoungGen: 69440K->1376K(69632K)] 386662K->318598K(712192K), 0.0032053 secs] [Times: user=0.01 sys=0.00, real=0.00 secs] 
372.609: [GC (Allocation Failure) [PSYoungGen: 69472K->1344K(69632K)] 386694K->318566K(712192K), 0.0024860 secs] [Times: user=0.01 sys=0.00, real=0.00 secs] 
373.862: [GC (Allocation Failure) [PSYoungGen: 69440K->1408K(69632K)] 386662K->318630K(712192K), 0.0019841 secs] [Times: user=0.01 sys=0.00, real=0.00 secs] 
374.627: [GC (Allocation Failure) [PSYoungGen: 69504K->1344K(69632K)] 386726K->318566K(712192K), 0.0016943 secs] [Times: user=0.01 sys=0.00, real=0.00 secs] 
375.634: [GC (Allocation Failure) [PSYoungGen: 69440K->1344K(69632K)] 386662K->318582K(712192K), 0.0020620 secs] [Times: user=0.01 sys=0.00, real=0.01 secs] 
376.415: [GC (Allocation Failure) [PSYoungGen: 69440K->1344K(69632K)] 386678K->318590K(712192K), 0.0025515 secs] [Times: user=0.01 sys=0.00, real=0.00 secs] 
377.425: [GC (Allocation Failure) [PSYoungGen: 69440K->1344K(69632K)] 386686K->318590K(712192K), 0.0019078 secs] [Times: user=0.01 sys=0.00, real=0.01 secs] 
377.868: [GC (Allocation Failure) [PSYoungGen: 69440K->1328K(69632K)] 386686K->318574K(712192K), 0.0018717 secs] [Times: user=0.00 sys=0.00, real=0.00 secs] 
378.434: [GC (Allocation Failure) [PSYoungGen: 69424K->1312K(69632K)] 386670K->318558K(712192K), 0.0019518 secs] [Times: user=0.00 sys=0.00, real=0.01 secs] 
379.116: [GC (Allocation Failure) [PSYoungGen: 69408K->1312K(69632K)] 386654K->318558K(712192K), 0.0020629 secs] [Times: user=0.01 sys=0.00, real=0.00 secs] 
380.150: [GC (Allocation Failure) [PSYoungGen: 69408K->1360K(69632K)] 386654K->318614K(712192K), 0.0018199 secs] [Times: user=0.01 sys=0.00, real=0.00 secs] 
380.783: [GC (Allocation Failure) [PSYoungGen: 69456K->320K(68608K)] 386710K->318606K(711168K), 0.0016212 secs] [Times: user=0.01 sys=0.00, real=0.00 secs] 
381.066: [GC (Allocation Failure) [PSYoungGen: 68416K->304K(70144K)] 386702K->318598K(712704K), 0.0016890 secs] [Times: user=0.01 sys=0.00, real=0.00 secs] 
381.349: [GC (Allocation Failure) [PSYoungGen: 68400K->288K(68608K)] 386694K->318590K(711168K), 0.0017256 secs] [Times: user=0.01 sys=0.00, real=0.00 secs] 
381.631: [GC (Allocation Failure) [PSYoungGen: 68384K->320K(70144K)] 386686K->318622K(712704K), 0.0018567 secs] [Times: user=0.01 sys=0.00, real=0.00 secs] 
382.911: [GC (Allocation Failure) [PSYoungGen: 68416K->1376K(69632K)] 386718K->319678K(712192K), 0.0021267 secs] [Times: user=0.01 sys=0.00, real=0.00 secs] 
383.485: [GC (Allocation Failure) [PSYoungGen: 69472K->1344K(69632K)] 387774K->319646K(712192K), 0.0022040 secs] [Times: user=0.01 sys=0.00, real=0.01 secs] 
384.091: [GC (Allocation Failure) [PSYoungGen: 69440K->1360K(69632K)] 387742K->319662K(712192K), 0.0028785 secs] [Times: user=0.01 sys=0.00, real=0.00 secs] 
384.688: [GC (Allocation Failure) [PSYoungGen: 69456K->1344K(69632K)] 387758K->319646K(712192K), 0.0021305 secs] [Times: user=0.00 sys=0.00, real=0.00 secs] 
385.627: [GC (Allocation Failure) [PSYoungGen: 69440K->1504K(69632K)] 387742K->320004K(712192K), 0.0016037 secs] [Times: user=0.01 sys=0.00, real=0.00 secs] 
387.137: [GC (Allocation Failure) [PSYoungGen: 69600K->1312K(69632K)] 388100K->319812K(712192K), 0.0041777 secs] [Times: user=0.01 sys=0.00, real=0.00 secs] 
388.231: [GC (Allocation Failure) [PSYoungGen: 69408K->1280K(69632K)] 387908K->319780K(712192K), 0.0029416 secs] [Times: user=0.01 sys=0.00, real=0.00 secs] 
388.888: [GC (Allocation Failure) [PSYoungGen: 69376K->1296K(69632K)] 387876K->319796K(712192K), 0.0030229 secs] [Times: user=0.01 sys=0.00, real=0.00 secs] 
389.460: [GC (Allocation Failure) [PSYoungGen: 69392K->1312K(69632K)] 387892K->319820K(712192K), 0.0023128 secs] [Times: user=0.01 sys=0.00, real=0.00 secs] 
390.623: [GC (Allocation Failure) [PSYoungGen: 69408K->1616K(70144K)] 387916K->320124K(712704K), 0.0019328 secs] [Times: user=0.01 sys=0.00, real=0.00 secs] 
391.436: [GC (Allocation Failure) [PSYoungGen: 69712K->528K(69120K)] 388220K->320060K(711680K), 0.0022817 secs] [Times: user=0.01 sys=0.00, real=0.00 secs] 
392.801: [GC (Allocation Failure) [PSYoungGen: 68624K->496K(68608K)] 388156K->320028K(711168K), 0.0030851 secs] [Times: user=0.01 sys=0.00, real=0.00 secs] 
393.362: [GC (Allocation Failure) [PSYoungGen: 68592K->512K(69120K)] 388124K->320044K(711680K), 0.0023715 secs] [Times: user=0.01 sys=0.00, real=0.00 secs] 
394.724: [GC (Allocation Failure) [PSYoungGen: 68608K->1552K(70144K)] 388140K->321092K(712704K), 0.0018901 secs] [Times: user=0.01 sys=0.00, real=0.01 secs] 
396.090: [GC (Allocation Failure) [PSYoungGen: 69648K->1504K(69632K)] 389188K->321044K(712192K), 0.0028290 secs] [Times: user=0.01 sys=0.00, real=0.00 secs] 
397.980: [GC (Allocation Failure) [PSYoungGen: 69600K->1504K(69632K)] 389140K->321044K(712192K), 0.0029632 secs] [Times: user=0.01 sys=0.00, real=0.00 secs] 
399.767: [GC (Allocation Failure) [PSYoungGen: 69600K->1520K(69632K)] 389140K->321060K(712192K), 0.0038743 secs] [Times: user=0.01 sys=0.01, real=0.00 secs] 
401.077: [GC (Allocation Failure) [PSYoungGen: 69616K->1520K(69632K)] 389156K->321060K(712192K), 0.0015554 secs] [Times: user=0.00 sys=0.00, real=0.00 secs] 
402.158: [GC (Allocation Failure) [PSYoungGen: 69616K->1584K(70144K)] 389156K->321124K(712704K), 0.0035138 secs] [Times: user=0.02 sys=0.00, real=0.00 secs] 
402.838: [GC (Allocation Failure) [PSYoungGen: 69680K->1408K(69632K)] 389220K->321108K(712192K), 0.0029951 secs] [Times: user=0.01 sys=0.00, real=0.00 secs] 
403.698: [GC (Allocation Failure) [PSYoungGen: 69504K->1408K(69632K)] 389204K->321108K(712192K), 0.0031079 secs] [Times: user=0.01 sys=0.00, real=0.00 secs] 
404.439: [GC (Allocation Failure) [PSYoungGen: 69504K->1392K(69632K)] 389204K->321100K(712192K), 0.0048752 secs] [Times: user=0.02 sys=0.00, real=0.00 secs] 
405.767: [GC (Allocation Failure) [PSYoungGen: 69488K->1408K(69632K)] 389196K->321124K(712192K), 0.0026486 secs] [Times: user=0.01 sys=0.00, real=0.00 secs] 
406.530: [GC (Allocation Failure) [PSYoungGen: 69504K->1408K(69632K)] 389220K->321124K(712192K), 0.0031498 secs] [Times: user=0.01 sys=0.00, real=0.00 secs] 
407.103: [GC (Allocation Failure) [PSYoungGen: 69504K->1376K(69632K)] 389220K->321100K(712192K), 0.0024062 secs] [Times: user=0.01 sys=0.01, real=0.01 secs] 
407.939: [GC (Allocation Failure) [PSYoungGen: 69472K->1360K(69632K)] 389196K->321084K(712192K), 0.0042795 secs] [Times: user=0.02 sys=0.00, real=0.00 secs] 
409.402: [GC (Allocation Failure) [PSYoungGen: 69456K->1408K(69632K)] 389180K->321132K(712192K), 0.0025981 secs] [Times: user=0.00 sys=0.00, real=0.00 secs] 
410.811: [GC (Allocation Failure) [PSYoungGen: 69504K->1376K(69632K)] 389228K->321100K(712192K), 0.0047114 secs] [Times: user=0.01 sys=0.00, real=0.01 secs] 
411.480: [GC (Allocation Failure) [PSYoungGen: 69472K->1376K(69632K)] 389196K->321116K(712192K), 0.0029418 secs] [Times: user=0.01 sys=0.00, real=0.00 secs] 
411.998: [GC (Allocation Failure) [PSYoungGen: 69472K->1344K(69632K)] 389212K->321084K(712192K), 0.0026784 secs] [Times: user=0.01 sys=0.00, real=0.00 secs] 
413.058: [GC (Allocation Failure) [PSYoungGen: 69440K->1328K(69632K)] 389180K->321084K(712192K), 0.0018792 secs] [Times: user=0.01 sys=0.00, real=0.00 secs] 
414.475: [GC (Allocation Failure) [PSYoungGen: 69424K->1376K(69632K)] 389180K->321140K(712192K), 0.0033644 secs] [Times: user=0.01 sys=0.00, real=0.01 secs] 
415.147: [GC (Allocation Failure) [PSYoungGen: 69472K->1408K(69632K)] 389236K->321172K(712192K), 0.0028046 secs] [Times: user=0.01 sys=0.00, real=0.00 secs] 
415.659: [GC (Allocation Failure) [PSYoungGen: 69504K->1440K(69632K)] 389268K->321204K(712192K), 0.0021307 secs] [Times: user=0.01 sys=0.00, real=0.00 secs] 
416.391: [GC (Allocation Failure) [PSYoungGen: 69536K->1376K(69632K)] 389300K->321140K(712192K), 0.0022047 secs] [Times: user=0.01 sys=0.00, real=0.00 secs] 
417.380: [GC (Allocation Failure) [PSYoungGen: 69472K->1440K(69632K)] 389236K->321204K(712192K), 0.0017716 secs] [Times: user=0.01 sys=0.00, real=0.00 secs] 
417.662: [GC (Allocation Failure) [PSYoungGen: 69536K->1376K(69632K)] 389300K->321140K(712192K), 0.0016140 secs] [Times: user=0.00 sys=0.00, real=0.00 secs] 
417.945: [GC (Allocation Failure) [PSYoungGen: 69472K->1408K(69632K)] 389236K->321180K(712192K), 0.0017001 secs] [Times: user=0.00 sys=0.00, real=0.00 secs] 
418.227: [GC (Allocation Failure) [PSYoungGen: 69504K->1376K(69632K)] 389276K->321148K(712192K), 0.0016219 secs] [Times: user=0.01 sys=0.00, real=0.00 secs] 
419.124: [GC (Allocation Failure) [PSYoungGen: 69472K->1664K(70144K)] 389244K->321436K(712704K), 0.0017500 secs] [Times: user=0.01 sys=0.00, real=0.01 secs] 
419.405: [GC (Allocation Failure) [PSYoungGen: 69760K->352K(68608K)] 389532K->321156K(711168K), 0.0019434 secs] [Times: user=0.00 sys=0.00, real=0.00 secs] 
419.708: [GC (Allocation Failure) [PSYoungGen: 68448K->352K(70144K)] 389252K->321156K(712704K), 0.0017457 secs] [Times: user=0.01 sys=0.00, real=0.00 secs] 
420.199: [GC (Allocation Failure) [PSYoungGen: 68448K->352K(68608K)] 389252K->321156K(711168K), 0.0018359 secs] [Times: user=0.00 sys=0.00, real=0.00 secs] 
420.871: [GC (Allocation Failure) [PSYoungGen: 68448K->352K(68608K)] 389252K->321156K(711168K), 0.0037693 secs] [Times: user=0.02 sys=0.00, real=0.01 secs] 
422.696: [GC (Allocation Failure) [PSYoungGen: 68448K->1440K(69632K)] 389252K->322252K(712192K), 0.0042897 secs] [Times: user=0.02 sys=0.00, real=0.00 secs] 
423.920: [GC (Allocation Failure) [PSYoungGen: 69536K->1376K(69632K)] 390348K->322204K(712192K), 0.0039299 secs] [Times: user=0.01 sys=0.00, real=0.00 secs] 
424.531: [GC (Allocation Failure) [PSYoungGen: 69472K->1408K(69632K)] 390300K->322244K(712192K), 0.0021520 secs] [Times: user=0.01 sys=0.00, real=0.00 secs] 
424.827: [GC (Allocation Failure) [PSYoungGen: 69504K->1376K(69632K)] 390340K->322212K(712192K), 0.0019206 secs] [Times: user=0.01 sys=0.00, real=0.00 secs] 
425.853: [GC (Allocation Failure) [PSYoungGen: 69472K->1424K(69632K)] 390308K->322268K(712192K), 0.0024019 secs] [Times: user=0.01 sys=0.00, real=0.01 secs] 
426.763: [GC (Allocation Failure) [PSYoungGen: 69520K->1408K(69632K)] 390364K->322252K(712192K), 0.0026653 secs] [Times: user=0.00 sys=0.00, real=0.01 secs] 
427.448: [GC (Allocation Failure) [PSYoungGen: 69504K->1408K(69632K)] 390348K->322252K(712192K), 0.0020798 secs] [Times: user=0.00 sys=0.00, real=0.00 secs] 
428.298: [GC (Allocation Failure) [PSYoungGen: 69504K->1376K(69632K)] 390348K->322220K(712192K), 0.0034682 secs] [Times: user=0.01 sys=0.00, real=0.00 secs] 
429.214: [GC (Allocation Failure) [PSYoungGen: 69472K->1392K(69632K)] 390316K->322245K(712192K), 0.0015851 secs] [Times: user=0.01 sys=0.00, real=0.01 secs] 
430.240: [GC (Allocation Failure) [PSYoungGen: 69488K->1408K(69632K)] 390341K->322268K(712192K), 0.0030760 secs] [Times: user=0.01 sys=0.00, real=0.00 secs] 
430.691: [GC (Allocation Failure) [PSYoungGen: 69504K->1376K(69632K)] 390364K->322236K(712192K), 0.0022432 secs] [Times: user=0.01 sys=0.00, real=0.00 secs] 
431.354: [GC (Allocation Failure) [PSYoungGen: 69472K->1376K(69632K)] 390332K->322236K(712192K), 0.0024508 secs] [Times: user=0.01 sys=0.00, real=0.01 secs] 
432.021: [GC (Allocation Failure) [PSYoungGen: 69472K->1408K(69632K)] 390332K->322268K(712192K), 0.0021952 secs] [Times: user=0.01 sys=0.00, real=0.00 secs] 
433.199: [GC (Allocation Failure) [PSYoungGen: 69504K->1440K(69632K)] 390364K->322300K(712192K), 0.0021097 secs] [Times: user=0.01 sys=0.00, real=0.00 secs] 
433.811: [GC (Allocation Failure) [PSYoungGen: 69536K->1376K(69632K)] 390396K->322236K(712192K), 0.0019003 secs] [Times: user=0.01 sys=0.00, real=0.00 secs] 
434.367: [GC (Allocation Failure) [PSYoungGen: 69472K->1344K(69632K)] 390332K->322220K(712192K), 0.0026192 secs] [Times: user=0.01 sys=0.00, real=0.00 secs] 
434.992: [GC (Allocation Failure) [PSYoungGen: 69440K->1376K(69632K)] 390316K->322252K(712192K), 0.0025558 secs] [Times: user=0.01 sys=0.00, real=0.00 secs] 
436.227: [GC (Allocation Failure) [PSYoungGen: 69472K->1408K(69632K)] 390348K->322284K(712192K), 0.0022435 secs] [Times: user=0.01 sys=0.00, real=0.00 secs] 
436.932: [GC (Allocation Failure) [PSYoungGen: 69504K->1344K(69632K)] 390380K->322220K(712192K), 0.0031820 secs] [Times: user=0.01 sys=0.00, real=0.01 secs] 
437.274: [GC (Allocation Failure) [PSYoungGen: 69440K->1376K(69632K)] 390316K->322260K(712192K), 0.0021532 secs] [Times: user=0.01 sys=0.00, real=0.01 secs] 
437.557: [GC (Allocation Failure) [PSYoungGen: 69472K->1344K(69632K)] 390356K->322228K(712192K), 0.0018040 secs] [Times: user=0.01 sys=0.00, real=0.00 secs] 
438.031: [GC (GCLocker Initiated GC) [PSYoungGen: 69440K->1360K(69632K)] 390324K->322253K(712192K), 0.0014468 secs] [Times: user=0.01 sys=0.00, real=0.00 secs] 
438.865: [GC (Allocation Failure) [PSYoungGen: 69456K->1344K(69632K)] 390352K->322248K(712192K), 0.0015004 secs] [Times: user=0.01 sys=0.00, real=0.00 secs] 
439.434: [GC (Allocation Failure) [PSYoungGen: 69440K->1344K(69632K)] 390344K->322248K(712192K), 0.0018327 secs] [Times: user=0.00 sys=0.00, real=0.01 secs] 
439.981: [GC (Allocation Failure) [PSYoungGen: 69440K->1344K(69632K)] 390344K->322256K(712192K), 0.0017505 secs] [Times: user=0.01 sys=0.00, real=0.00 secs] 
440.650: [GC (Allocation Failure) [PSYoungGen: 69440K->1328K(69632K)] 390352K->322240K(712192K), 0.0019243 secs] [Times: user=0.01 sys=0.00, real=0.00 secs] 
441.797: [GC (Allocation Failure) [PSYoungGen: 69424K->1424K(69632K)] 390336K->322336K(712192K), 0.0016152 secs] [Times: user=0.01 sys=0.00, real=0.00 secs] 
442.860: [GC (Allocation Failure) [PSYoungGen: 69520K->1392K(69632K)] 390432K->322304K(712192K), 0.0018600 secs] [Times: user=0.01 sys=0.00, real=0.00 secs] 
443.905: [GC (Allocation Failure) [PSYoungGen: 69488K->1376K(69632K)] 390400K->322288K(712192K), 0.0018101 secs] [Times: user=0.01 sys=0.00, real=0.01 secs] 
444.565: [GC (Allocation Failure) [PSYoungGen: 69472K->1392K(69632K)] 390384K->322304K(712192K), 0.0019916 secs] [Times: user=0.01 sys=0.00, real=0.00 secs] 
445.367: [GC (Allocation Failure) [PSYoungGen: 69162K->224K(68608K)] 390074K->321136K(711168K), 0.0014349 secs] [Times: user=0.00 sys=0.00, real=0.00 secs] 
446.091: [GC (Allocation Failure) [PSYoungGen: 68320K->1408K(70144K)] 389232K->322320K(712704K), 0.0020247 secs] [Times: user=0.01 sys=0.00, real=0.00 secs] 
446.574: [GC (Allocation Failure) [PSYoungGen: 69504K->1424K(69632K)] 390416K->322336K(712192K), 0.0019034 secs] [Times: user=0.00 sys=0.01, real=0.01 secs] 
446.868: [GC (Allocation Failure) [PSYoungGen: 69520K->1376K(69632K)] 390432K->322288K(712192K), 0.0020582 secs] [Times: user=0.01 sys=0.00, real=0.00 secs] 
447.169: [GC (Allocation Failure) [PSYoungGen: 69472K->1376K(69632K)] 390384K->322288K(712192K), 0.0019092 secs] [Times: user=0.00 sys=0.00, real=0.00 secs] 
448.164: [GC (Allocation Failure) [PSYoungGen: 69472K->1440K(69632K)] 390384K->322352K(712192K), 0.0017563 secs] [Times: user=0.01 sys=0.00, real=0.01 secs] 
448.768: [GC (Allocation Failure) [PSYoungGen: 69536K->1408K(69632K)] 390448K->322328K(712192K), 0.0017956 secs] [Times: user=0.01 sys=0.00, real=0.00 secs] 
449.395: [GC (Allocation Failure) [PSYoungGen: 69504K->1376K(69632K)] 390424K->322352K(712192K), 0.0021868 secs] [Times: user=0.01 sys=0.00, real=0.00 secs] 
449.953: [GC (Allocation Failure) [PSYoungGen: 69472K->1360K(69632K)] 390448K->322336K(712192K), 0.0020656 secs] [Times: user=0.01 sys=0.00, real=0.01 secs] 
451.520: [GC (Allocation Failure) [PSYoungGen: 69456K->1376K(69632K)] 390432K->322352K(712192K), 0.0015849 secs] [Times: user=0.00 sys=0.00, real=0.00 secs] 
451.803: [GC (Allocation Failure) [PSYoungGen: 69472K->1344K(69632K)] 390448K->322320K(712192K), 0.0014112 secs] [Times: user=0.01 sys=0.00, real=0.00 secs] 
452.286: [GC (Allocation Failure) [PSYoungGen: 69440K->1344K(69632K)] 390416K->322320K(712192K), 0.0016582 secs] [Times: user=0.00 sys=0.00, real=0.00 secs] 
452.826: [GC (Allocation Failure) [PSYoungGen: 69440K->1344K(69632K)] 390416K->322320K(712192K), 0.0015032 secs] [Times: user=0.01 sys=0.00, real=0.00 secs] 
453.454: [GC (Allocation Failure) [PSYoungGen: 69440K->1357K(69632K)] 390416K->322333K(712192K), 0.0014234 secs] [Times: user=0.00 sys=0.00, real=0.01 secs] 
454.664: [GC (Allocation Failure) [PSYoungGen: 69453K->1376K(69632K)] 390429K->322352K(712192K), 0.0027539 secs] [Times: user=0.01 sys=0.00, real=0.01 secs] 
455.184: [GC (Allocation Failure) [PSYoungGen: 69472K->1376K(69632K)] 390448K->322352K(712192K), 0.0026458 secs] [Times: user=0.01 sys=0.00, real=0.01 secs] 
455.825: [GC (Allocation Failure) [PSYoungGen: 69472K->1344K(69632K)] 390448K->322328K(712192K), 0.0058311 secs] [Times: user=0.03 sys=0.00, real=0.00 secs] 
456.226: [GC (Allocation Failure) [PSYoungGen: 69440K->1376K(69632K)] 390424K->322360K(712192K), 0.0021766 secs] [Times: user=0.01 sys=0.00, real=0.00 secs] 
457.563: [GC (Allocation Failure) [PSYoungGen: 69472K->336K(68608K)] 390456K->322344K(711168K), 0.0020895 secs] [Times: user=0.00 sys=0.00, real=0.01 secs] 
458.693: [GC (Allocation Failure) [PSYoungGen: 68432K->320K(70144K)] 390440K->322328K(712704K), 0.0024917 secs] [Times: user=0.01 sys=0.00, real=0.01 secs] 
459.643: [GC (Allocation Failure) [PSYoungGen: 68416K->320K(68608K)] 390424K->322336K(711168K), 0.0029660 secs] [Times: user=0.01 sys=0.00, real=0.01 secs] 
460.477: [GC (Allocation Failure) [PSYoungGen: 68416K->320K(70144K)] 390432K->322336K(712704K), 0.0024132 secs] [Times: user=0.01 sys=0.00, real=0.00 secs] 
461.597: [GC (Allocation Failure) [PSYoungGen: 68416K->1888K(70144K)] 390432K->323904K(712704K), 0.0016283 secs] [Times: user=0.00 sys=0.00, real=0.00 secs] 
461.881: [GC (Allocation Failure) [PSYoungGen: 69984K->1344K(69632K)] 392000K->323360K(712192K), 0.0018104 secs] [Times: user=0.00 sys=0.00, real=0.00 secs] 
462.163: [GC (Allocation Failure) [PSYoungGen: 69440K->1344K(69632K)] 391456K->323360K(712192K), 0.0018408 secs] [Times: user=0.01 sys=0.00, real=0.01 secs] 
462.446: [GC (Allocation Failure) [PSYoungGen: 69440K->1344K(69632K)] 391456K->323360K(712192K), 0.0017367 secs] [Times: user=0.00 sys=0.00, real=0.00 secs] 
462.729: [GC (Allocation Failure) [PSYoungGen: 69440K->1312K(69632K)] 391456K->323328K(712192K), 0.0018690 secs] [Times: user=0.01 sys=0.00, real=0.00 secs] 
464.165: [GC (Allocation Failure) [PSYoungGen: 69408K->1392K(69632K)] 391424K->323408K(712192K), 0.0030620 secs] [Times: user=0.01 sys=0.00, real=0.00 secs] 
465.207: [GC (Allocation Failure) [PSYoungGen: 69488K->1344K(69632K)] 391504K->323360K(712192K), 0.0037884 secs] [Times: user=0.02 sys=0.00, real=0.00 secs] 
466.387: [GC (Allocation Failure) [PSYoungGen: 69440K->1344K(69632K)] 391456K->323360K(712192K), 0.0047141 secs] [Times: user=0.02 sys=0.00, real=0.00 secs] 
467.934: [GC (Allocation Failure) [PSYoungGen: 69440K->1344K(69632K)] 391456K->323360K(712192K), 0.0043477 secs] [Times: user=0.01 sys=0.00, real=0.01 secs] 
469.787: [GC (Allocation Failure) [PSYoungGen: 69440K->1376K(69632K)] 391456K->323400K(712192K), 0.0039318 secs] [Times: user=0.02 sys=0.00, real=0.00 secs] 
470.946: [GC (Allocation Failure) [PSYoungGen: 69472K->1344K(69632K)] 391496K->323368K(712192K), 0.0037088 secs] [Times: user=0.02 sys=0.00, real=0.00 secs] 
471.984: [GC (Allocation Failure) [PSYoungGen: 69440K->1344K(69632K)] 391464K->323376K(712192K), 0.0032997 secs] [Times: user=0.01 sys=0.00, real=0.01 secs] 
472.626: [GC (Allocation Failure) [PSYoungGen: 69440K->1376K(69632K)] 391472K->323416K(712192K), 0.0019498 secs] [Times: user=0.00 sys=0.00, real=0.00 secs] 
473.754: [GC (Allocation Failure) [PSYoungGen: 69472K->1357K(69632K)] 391512K->323397K(712192K), 0.0014360 secs] [Times: user=0.01 sys=0.00, real=0.01 secs] 
474.809: [GC (Allocation Failure) [PSYoungGen: 69453K->1344K(69632K)] 391493K->323384K(712192K), 0.0043815 secs] [Times: user=0.01 sys=0.00, real=0.00 secs] 
475.439: [GC (Allocation Failure) [PSYoungGen: 69440K->1376K(69632K)] 391480K->323416K(712192K), 0.0031888 secs] [Times: user=0.01 sys=0.00, real=0.00 secs] 
476.096: [GC (Allocation Failure) [PSYoungGen: 69472K->1344K(69632K)] 391512K->323384K(712192K), 0.0025149 secs] [Times: user=0.01 sys=0.00, real=0.00 secs] 
476.926: [GC (Allocation Failure) [PSYoungGen: 69440K->1344K(69632K)] 391480K->323384K(712192K), 0.0032058 secs] [Times: user=0.02 sys=0.00, real=0.00 secs] 
478.475: [GC (Allocation Failure) [PSYoungGen: 69440K->1408K(69632K)] 391480K->323448K(712192K), 0.0022017 secs] [Times: user=0.00 sys=0.00, real=0.01 secs] 
479.536: [GC (Allocation Failure) [PSYoungGen: 69504K->1344K(69632K)] 391544K->323384K(712192K), 0.0047217 secs] [Times: user=0.01 sys=0.01, real=0.00 secs] 
480.219: [GC (Allocation Failure) [PSYoungGen: 69440K->1344K(69632K)] 391480K->323392K(712192K), 0.0036259 secs] [Times: user=0.02 sys=0.00, real=0.00 secs] 
480.776: [GC (Allocation Failure) [PSYoungGen: 69440K->1328K(69632K)] 391488K->323376K(712192K), 0.0026328 secs] [Times: user=0.01 sys=0.00, real=0.00 secs] 
482.135: [GC (Allocation Failure) [PSYoungGen: 69424K->1376K(69632K)] 391472K->323424K(712192K), 0.0025220 secs] [Times: user=0.01 sys=0.00, real=0.01 secs] 
482.806: [GC (Allocation Failure) [PSYoungGen: 69472K->1344K(69632K)] 391520K->323408K(712192K), 0.0026298 secs] [Times: user=0.01 sys=0.00, real=0.00 secs] 
483.408: [GC (Allocation Failure) [PSYoungGen: 69440K->1344K(69632K)] 391504K->323416K(712192K), 0.0023641 secs] [Times: user=0.01 sys=0.00, real=0.00 secs] 
484.065: [GC (Allocation Failure) [PSYoungGen: 69440K->1344K(69632K)] 391512K->323416K(712192K), 0.0023261 secs] [Times: user=0.01 sys=0.00, real=0.00 secs] 
484.815: [GC (Allocation Failure) [PSYoungGen: 69440K->1360K(69632K)] 391512K->323432K(712192K), 0.0019283 secs] [Times: user=0.01 sys=0.00, real=0.01 secs] 
485.676: [GC (Allocation Failure) [PSYoungGen: 69456K->1392K(69632K)] 391528K->323464K(712192K), 0.0028359 secs] [Times: user=0.00 sys=0.01, real=0.00 secs] 
486.017: [GC (Allocation Failure) [PSYoungGen: 69488K->1344K(69632K)] 391560K->323416K(712192K), 0.0018891 secs] [Times: user=0.01 sys=0.00, real=0.00 secs] 
486.322: [GC (Allocation Failure) [PSYoungGen: 69440K->1312K(69632K)] 391512K->323400K(712192K), 0.0020105 secs] [Times: user=0.01 sys=0.00, real=0.00 secs] 
486.716: [GC (Allocation Failure) [PSYoungGen: 69408K->304K(68608K)] 391496K->323416K(711168K), 0.0022528 secs] [Times: user=0.01 sys=0.00, real=0.00 secs] 
488.437: [GC (Allocation Failure) [PSYoungGen: 68400K->1408K(70144K)] 391512K->324520K(712704K), 0.0037140 secs] [Times: user=0.02 sys=0.00, real=0.00 secs] 
488.735: [GC (Allocation Failure) [PSYoungGen: 69504K->1312K(69632K)] 392616K->324424K(712192K), 0.0019105 secs] [Times: user=0.01 sys=0.00, real=0.00 secs] 
489.018: [GC (Allocation Failure) [PSYoungGen: 69408K->1344K(69632K)] 392520K->324464K(712192K), 0.0020804 secs] [Times: user=0.01 sys=0.00, real=0.00 secs] 
489.301: [GC (Allocation Failure) [PSYoungGen: 69440K->1312K(69632K)] 392560K->324432K(712192K), 0.0016849 secs] [Times: user=0.01 sys=0.00, real=0.00 secs] 
490.023: [GC (Allocation Failure) [PSYoungGen: 69408K->1648K(70144K)] 392528K->324776K(712704K), 0.0018247 secs] [Times: user=0.01 sys=0.00, real=0.00 secs] 
490.316: [GC (Allocation Failure) [PSYoungGen: 69744K->352K(68608K)] 392872K->324504K(711168K), 0.0016876 secs] [Times: user=0.00 sys=0.00, real=0.00 secs] 
490.599: [GC (Allocation Failure) [PSYoungGen: 68448K->352K(70144K)] 392600K->324512K(712704K), 0.0014189 secs] [Times: user=0.00 sys=0.00, real=0.00 secs] 
490.882: [GC (Allocation Failure) [PSYoungGen: 68448K->352K(68608K)] 392608K->324512K(711168K), 0.0017174 secs] [Times: user=0.01 sys=0.00, real=0.00 secs] 
491.164: [GC (Allocation Failure) [PSYoungGen: 68448K->336K(70144K)] 392608K->324496K(712704K), 0.0014628 secs] [Times: user=0.00 sys=0.00, real=0.01 secs] 
492.001: [GC (Allocation Failure) [PSYoungGen: 68432K->1408K(69632K)] 392592K->325568K(712192K), 0.0015441 secs] [Times: user=0.00 sys=0.00, real=0.00 secs] 
492.283: [GC (Allocation Failure) [PSYoungGen: 69504K->1344K(69632K)] 393664K->325504K(712192K), 0.0016764 secs] [Times: user=0.00 sys=0.00, real=0.00 secs] 
492.566: [GC (Allocation Failure) [PSYoungGen: 69440K->1376K(69632K)] 393600K->325544K(712192K), 0.0017544 secs] [Times: user=0.01 sys=0.00, real=0.00 secs] 
492.952: [GC (Allocation Failure) [PSYoungGen: 69472K->1376K(69632K)] 393640K->325544K(712192K), 0.0017117 secs] [Times: user=0.01 sys=0.00, real=0.00 secs] 
494.034: [GC (Allocation Failure) [PSYoungGen: 69472K->1408K(69632K)] 393640K->325576K(712192K), 0.0020264 secs] [Times: user=0.01 sys=0.00, real=0.01 secs] 
495.008: [GC (Allocation Failure) [PSYoungGen: 69504K->1344K(69632K)] 393672K->325512K(712192K), 0.0045759 secs] [Times: user=0.02 sys=0.00, real=0.00 secs] 
495.986: [GC (Allocation Failure) [PSYoungGen: 69440K->1376K(69632K)] 393608K->325552K(712192K), 0.0041606 secs] [Times: user=0.02 sys=0.00, real=0.00 secs] 
496.595: [GC (Allocation Failure) [PSYoungGen: 69472K->1376K(69632K)] 393648K->325552K(712192K), 0.0023545 secs] [Times: user=0.01 sys=0.00, real=0.00 secs] 
497.435: [GC (Allocation Failure) [PSYoungGen: 69472K->1392K(69632K)] 393648K->325576K(712192K), 0.0015229 secs] [Times: user=0.00 sys=0.00, real=0.01 secs] 
498.198: [GC (Allocation Failure) [PSYoungGen: 69488K->1440K(69632K)] 393672K->325632K(712192K), 0.0020619 secs] [Times: user=0.01 sys=0.00, real=0.00 secs] 
498.512: [GC (Allocation Failure) [PSYoungGen: 69536K->1344K(69632K)] 393728K->325544K(712192K), 0.0018953 secs] [Times: user=0.00 sys=0.00, real=0.00 secs] 
498.854: [GC (Allocation Failure) [PSYoungGen: 69440K->1376K(69632K)] 393640K->325576K(712192K), 0.0019696 secs] [Times: user=0.00 sys=0.00, real=0.01 secs] 
499.370: [GC (Allocation Failure) [PSYoungGen: 69472K->1344K(69632K)] 393672K->325544K(712192K), 0.0016583 secs] [Times: user=0.01 sys=0.00, real=0.00 secs] 
500.377: [GC (Allocation Failure) [PSYoungGen: 69440K->1408K(69632K)] 393640K->325608K(712192K), 0.0016867 secs] [Times: user=0.01 sys=0.00, real=0.00 secs] 
501.165: [GC (Allocation Failure) [PSYoungGen: 69504K->1408K(69632K)] 393704K->325608K(712192K), 0.0051314 secs] [Times: user=0.02 sys=0.00, real=0.01 secs] 
501.680: [GC (Allocation Failure) [PSYoungGen: 69504K->1376K(69632K)] 393704K->325576K(712192K), 0.0027275 secs] [Times: user=0.01 sys=0.00, real=0.00 secs] 
502.708: [GC (Allocation Failure) [PSYoungGen: 69472K->1360K(69632K)] 393672K->325560K(712192K), 0.0036182 secs] [Times: user=0.01 sys=0.00, real=0.00 secs] 
503.894: [GC (Allocation Failure) [PSYoungGen: 69456K->1344K(69632K)] 393656K->325544K(712192K), 0.0017777 secs] [Times: user=0.01 sys=0.00, real=0.01 secs] 
504.177: [GC (Allocation Failure) [PSYoungGen: 69440K->1344K(69632K)] 393640K->325544K(712192K), 0.0016941 secs] [Times: user=0.01 sys=0.00, real=0.00 secs] 
504.460: [GC (Allocation Failure) [PSYoungGen: 69440K->1312K(69632K)] 393640K->325512K(712192K), 0.0017329 secs] [Times: user=0.01 sys=0.00, real=0.00 secs] 
504.742: [GC (Allocation Failure) [PSYoungGen: 69408K->1344K(69632K)] 393608K->325544K(712192K), 0.0016895 secs] [Times: user=0.00 sys=0.00, real=0.00 secs] 
505.199: [GC (Allocation Failure) [PSYoungGen: 69440K->1357K(69632K)] 393640K->325557K(712192K), 0.0015649 secs] [Times: user=0.01 sys=0.00, real=0.00 secs] 
507.400: [GC (Allocation Failure) [PSYoungGen: 69453K->1392K(69632K)] 393653K->325592K(712192K), 0.0108460 secs] [Times: user=0.05 sys=0.00, real=0.01 secs] 
508.271: [GC (Allocation Failure) [PSYoungGen: 69488K->1344K(69632K)] 393688K->325552K(712192K), 0.0026957 secs] [Times: user=0.00 sys=0.00, real=0.00 secs] 
509.060: [GC (Allocation Failure) [PSYoungGen: 69440K->1344K(69632K)] 393648K->325560K(712192K), 0.0026375 secs] [Times: user=0.01 sys=0.00, real=0.00 secs] 
509.694: [GC (Allocation Failure) [PSYoungGen: 69440K->1360K(69632K)] 393656K->325576K(712192K), 0.0026482 secs] [Times: user=0.01 sys=0.00, real=0.01 secs] 
511.567: [GC (Allocation Failure) [PSYoungGen: 69456K->1376K(69632K)] 393672K->325600K(712192K), 0.0042283 secs] [Times: user=0.02 sys=0.01, real=0.00 secs] 
512.294: [GC (Allocation Failure) [PSYoungGen: 69472K->1344K(69632K)] 393696K->325568K(712192K), 0.0031965 secs] [Times: user=0.01 sys=0.00, real=0.01 secs] 
513.139: [GC (Allocation Failure) [PSYoungGen: 69440K->1328K(69632K)] 393664K->325568K(712192K), 0.0023965 secs] [Times: user=0.01 sys=0.00, real=0.00 secs] 
513.658: [GC (Allocation Failure) [PSYoungGen: 69424K->1344K(69632K)] 393664K->325584K(712192K), 0.0023391 secs] [Times: user=0.01 sys=0.00, real=0.00 secs] 
514.818: [GC (Allocation Failure) [PSYoungGen: 69440K->352K(68608K)] 393680K->326128K(711168K), 0.0016310 secs] [Times: user=0.00 sys=0.00, real=0.00 secs] 
515.668: [GC (Allocation Failure) [PSYoungGen: 68448K->336K(70144K)] 394224K->326112K(712704K), 0.0037473 secs] [Times: user=0.01 sys=0.00, real=0.00 secs] 
516.422: [GC (Allocation Failure) [PSYoungGen: 68432K->320K(68608K)] 394208K->326096K(711168K), 0.0026098 secs] [Times: user=0.01 sys=0.00, real=0.00 secs] 
517.160: [GC (Allocation Failure) [PSYoungGen: 68416K->320K(70144K)] 394192K->326096K(712704K), 0.0026042 secs] [Times: user=0.01 sys=0.00, real=0.00 secs] 
517.966: [GC (Allocation Failure) [PSYoungGen: 68416K->320K(68608K)] 394192K->326096K(711168K), 0.0025618 secs] [Times: user=0.01 sys=0.00, real=0.00 secs] 
519.147: [GC (Allocation Failure) [PSYoungGen: 68416K->1408K(70144K)] 394192K->327184K(712704K), 0.0018071 secs] [Times: user=0.00 sys=0.00, real=0.00 secs] 
519.802: [GC (Allocation Failure) [PSYoungGen: 69504K->1344K(69632K)] 395280K->327120K(712192K), 0.0018463 secs] [Times: user=0.01 sys=0.00, real=0.00 secs] 
520.085: [GC (Allocation Failure) [PSYoungGen: 69440K->1344K(69632K)] 395216K->327120K(712192K), 0.0018617 secs] [Times: user=0.01 sys=0.00, real=0.00 secs] 
520.467: [GC (Allocation Failure) [PSYoungGen: 69440K->1376K(69632K)] 395216K->327160K(712192K), 0.0016474 secs] [Times: user=0.01 sys=0.00, real=0.00 secs] 
521.409: [GC (Allocation Failure) [PSYoungGen: 69472K->1376K(69632K)] 395256K->327168K(712192K), 0.0017480 secs] [Times: user=0.01 sys=0.00, real=0.00 secs] 
521.754: [GC (Allocation Failure) [PSYoungGen: 69472K->1408K(69632K)] 395264K->327200K(712192K), 0.0020383 secs] [Times: user=0.01 sys=0.00, real=0.01 secs] 
522.037: [GC (Allocation Failure) [PSYoungGen: 69504K->1408K(69632K)] 395296K->327208K(712192K), 0.0018809 secs] [Times: user=0.01 sys=0.00, real=0.00 secs] 
522.479: [GC (Allocation Failure) [PSYoungGen: 69504K->1376K(69632K)] 395304K->327176K(712192K), 0.0019558 secs] [Times: user=0.01 sys=0.00, real=0.00 secs] 
523.166: [GC (Allocation Failure) [PSYoungGen: 69472K->1328K(69632K)] 395272K->327128K(712192K), 0.0015168 secs] [Times: user=0.00 sys=0.00, real=0.00 secs] 
524.838: [GC (Allocation Failure) [PSYoungGen: 69424K->1408K(69632K)] 395224K->327208K(712192K), 0.0039689 secs] [Times: user=0.02 sys=0.00, real=0.00 secs] 
525.644: [GC (Allocation Failure) [PSYoungGen: 69504K->1408K(69632K)] 395304K->327208K(712192K), 0.0034078 secs] [Times: user=0.01 sys=0.00, real=0.01 secs] 
526.432: [GC (Allocation Failure) [PSYoungGen: 69504K->1376K(69632K)] 395304K->327176K(712192K), 0.0031537 secs] [Times: user=0.01 sys=0.00, real=0.00 secs] 
527.225: [GC (Allocation Failure) [PSYoungGen: 69472K->1392K(69632K)] 395272K->327192K(712192K), 0.0033094 secs] [Times: user=0.00 sys=0.00, real=0.01 secs] 
528.126: [GC (Allocation Failure) [PSYoungGen: 69488K->1408K(69632K)] 395288K->327208K(712192K), 0.0016832 secs] [Times: user=0.01 sys=0.00, real=0.00 secs] 
528.516: [GC (Allocation Failure) [PSYoungGen: 69504K->1408K(69632K)] 395304K->327216K(712192K), 0.0019186 secs] [Times: user=0.01 sys=0.00, real=0.00 secs] 
528.830: [GC (Allocation Failure) [PSYoungGen: 69504K->1344K(69632K)] 395312K->327160K(712192K), 0.0016772 secs] [Times: user=0.01 sys=0.00, real=0.00 secs] 
529.139: [GC (Allocation Failure) [PSYoungGen: 69440K->1376K(69632K)] 395256K->327192K(712192K), 0.0018573 secs] [Times: user=0.00 sys=0.00, real=0.00 secs] 
529.919: [GC (Allocation Failure) [PSYoungGen: 69472K->1408K(69632K)] 395288K->327224K(712192K), 0.0016717 secs] [Times: user=0.01 sys=0.00, real=0.00 secs] 
530.233: [GC (Allocation Failure) [PSYoungGen: 69504K->1376K(69632K)] 395320K->327192K(712192K), 0.0016193 secs] [Times: user=0.01 sys=0.00, real=0.00 secs] 
530.601: [GC (Allocation Failure) [PSYoungGen: 69472K->1344K(69632K)] 395288K->327168K(712192K), 0.0016480 secs] [Times: user=0.01 sys=0.00, real=0.00 secs] 
530.941: [GC (Allocation Failure) [PSYoungGen: 69440K->1344K(69632K)] 395264K->327168K(712192K), 0.0019465 secs] [Times: user=0.00 sys=0.00, real=0.00 secs] 
531.461: [GC (Allocation Failure) [PSYoungGen: 69440K->1357K(69632K)] 395264K->327181K(712192K), 0.0013544 secs] [Times: user=0.01 sys=0.00, real=0.00 secs] 
533.138: [GC (Allocation Failure) [PSYoungGen: 69453K->1376K(69632K)] 395277K->327200K(712192K), 0.0033948 secs] [Times: user=0.02 sys=0.00, real=0.00 secs] 
533.880: [GC (Allocation Failure) [PSYoungGen: 69472K->1376K(69632K)] 395296K->327200K(712192K), 0.0031468 secs] [Times: user=0.02 sys=0.00, real=0.00 secs] 
534.485: [GC (Allocation Failure) [PSYoungGen: 69472K->1344K(69632K)] 395296K->327168K(712192K), 0.0026051 secs] [Times: user=0.01 sys=0.00, real=0.00 secs] 
534.849: [GC (Allocation Failure) [PSYoungGen: 69440K->1376K(69632K)] 395264K->327200K(712192K), 0.0018404 secs] [Times: user=0.01 sys=0.00, real=0.00 secs] 
536.045: [GC (Allocation Failure) [PSYoungGen: 69472K->1376K(69632K)] 395296K->327200K(712192K), 0.0020599 secs] [Times: user=0.01 sys=0.00, real=0.00 secs] 
536.747: [GC (Allocation Failure) [PSYoungGen: 69472K->1344K(69632K)] 395296K->327184K(712192K), 0.0029026 secs] [Times: user=0.01 sys=0.00, real=0.00 secs] 
537.830: [GC (Allocation Failure) [PSYoungGen: 69440K->1344K(69632K)] 395280K->327200K(712192K), 0.0027166 secs] [Times: user=0.01 sys=0.00, real=0.00 secs] 
538.751: [GC (Allocation Failure) [PSYoungGen: 69440K->1344K(69632K)] 395296K->327200K(712192K), 0.0022811 secs] [Times: user=0.01 sys=0.00, real=0.00 secs] 
540.085: [GC (Allocation Failure) [PSYoungGen: 69440K->864K(69120K)] 395296K->327744K(711680K), 0.0016214 secs] [Times: user=0.01 sys=0.00, real=0.01 secs] 
540.609: [GC (Allocation Failure) [PSYoungGen: 68960K->352K(68608K)] 395840K->327232K(711168K), 0.0017605 secs] [Times: user=0.01 sys=0.00, real=0.00 secs] 
540.921: [GC (Allocation Failure) [PSYoungGen: 68448K->336K(70144K)] 395328K->327216K(712704K), 0.0015505 secs] [Times: user=0.01 sys=0.00, real=0.00 secs] 
541.382: [GC (Allocation Failure) [PSYoungGen: 68432K->320K(68608K)] 395312K->327200K(711168K), 0.0018948 secs] [Times: user=0.00 sys=0.00, real=0.00 secs] 
542.021: [GC (Allocation Failure) [PSYoungGen: 68416K->304K(70144K)] 395296K->327184K(712704K), 0.0020495 secs] [Times: user=0.01 sys=0.00, real=0.00 secs] 
543.224: [GC (Allocation Failure) [PSYoungGen: 68400K->1376K(69632K)] 395280K->328256K(712192K), 0.0017641 secs] [Times: user=0.00 sys=0.00, real=0.01 secs] 
544.074: [GC (Allocation Failure) [PSYoungGen: 69472K->1328K(69632K)] 396352K->328208K(712192K), 0.0018864 secs] [Times: user=0.01 sys=0.00, real=0.01 secs] 
544.717: [GC (Allocation Failure) [PSYoungGen: 69424K->1344K(69632K)] 396304K->328224K(712192K), 0.0019211 secs] [Times: user=0.01 sys=0.00, real=0.00 secs] 
545.242: [GC (Allocation Failure) [PSYoungGen: 69440K->1376K(69632K)] 396320K->328256K(712192K), 0.0020514 secs] [Times: user=0.00 sys=0.01, real=0.00 secs] 
546.089: [GC (Allocation Failure) [PSYoungGen: 69472K->1408K(69632K)] 396352K->328288K(712192K), 0.0016736 secs] [Times: user=0.01 sys=0.00, real=0.00 secs] 
546.557: [GC (Allocation Failure) [PSYoungGen: 69504K->1312K(69632K)] 396384K->328192K(712192K), 0.0019862 secs] [Times: user=0.01 sys=0.00, real=0.00 secs] 
547.119: [GC (Allocation Failure) [PSYoungGen: 69408K->1408K(69632K)] 396288K->328296K(712192K), 0.0018983 secs] [Times: user=0.01 sys=0.00, real=0.00 secs] 
547.760: [GC (Allocation Failure) [PSYoungGen: 69504K->1408K(69632K)] 396392K->328312K(712192K), 0.0019627 secs] [Times: user=0.01 sys=0.01, real=0.00 secs] 
548.740: [GC (Allocation Failure) [PSYoungGen: 69504K->1389K(69632K)] 396408K->328293K(712192K), 0.0014176 secs] [Times: user=0.01 sys=0.01, real=0.00 secs] 
549.423: [GC (Allocation Failure) [PSYoungGen: 69485K->1408K(69632K)] 396389K->328320K(712192K), 0.0027213 secs] [Times: user=0.01 sys=0.01, real=0.01 secs] 
549.708: [GC (Allocation Failure) [PSYoungGen: 69504K->1392K(69632K)] 396416K->328312K(712192K), 0.0018368 secs] [Times: user=0.00 sys=0.00, real=0.00 secs] 
550.014: [GC (Allocation Failure) [PSYoungGen: 69488K->1392K(69632K)] 396408K->328312K(712192K), 0.0020553 secs] [Times: user=0.00 sys=0.00, real=0.01 secs] 
550.582: [GC (Allocation Failure) [PSYoungGen: 69488K->1360K(69632K)] 396408K->328280K(712192K), 0.0022045 secs] [Times: user=0.01 sys=0.00, real=0.00 secs] 
551.469: [GC (Allocation Failure) [PSYoungGen: 69456K->1408K(69632K)] 396376K->328328K(712192K), 0.0018935 secs] [Times: user=0.01 sys=0.00, real=0.00 secs] 
551.838: [GC (Allocation Failure) [PSYoungGen: 69504K->1408K(69632K)] 396424K->328328K(712192K), 0.0016228 secs] [Times: user=0.01 sys=0.00, real=0.00 secs] 
552.306: [GC (Allocation Failure) [PSYoungGen: 69504K->1408K(69632K)] 396424K->328328K(712192K), 0.0019184 secs] [Times: user=0.01 sys=0.00, real=0.00 secs] 
552.899: [GC (Allocation Failure) [PSYoungGen: 69504K->1392K(69632K)] 396424K->328312K(712192K), 0.0017995 secs] [Times: user=0.01 sys=0.00, real=0.00 secs] 
553.818: [GC (Allocation Failure) [PSYoungGen: 69488K->1472K(69632K)] 396408K->328400K(712192K), 0.0016602 secs] [Times: user=0.01 sys=0.00, real=0.00 secs] 
554.430: [GC (Allocation Failure) [PSYoungGen: 69568K->1440K(69632K)] 396496K->328368K(712192K), 0.0029389 secs] [Times: user=0.01 sys=0.00, real=0.00 secs] 
555.008: [GC (Allocation Failure) [PSYoungGen: 69536K->1408K(69632K)] 396464K->328336K(712192K), 0.0027663 secs] [Times: user=0.01 sys=0.00, real=0.00 secs] 
555.587: [GC (Allocation Failure) [PSYoungGen: 69504K->1408K(69632K)] 396432K->328336K(712192K), 0.0023323 secs] [Times: user=0.01 sys=0.00, real=0.00 secs] 
556.314: [GC (Allocation Failure) [PSYoungGen: 69504K->1389K(69632K)] 396432K->328357K(712192K), 0.0014935 secs] [Times: user=0.00 sys=0.00, real=0.01 secs] 
557.197: [GC (Allocation Failure) [PSYoungGen: 69485K->1424K(69632K)] 396453K->328392K(712192K), 0.0016340 secs] [Times: user=0.00 sys=0.00, real=0.00 secs] 
557.788: [GC (Allocation Failure) [PSYoungGen: 69520K->1376K(69632K)] 396488K->328360K(712192K), 0.0043316 secs] [Times: user=0.01 sys=0.00, real=0.00 secs] 
558.204: [GC (Allocation Failure) [PSYoungGen: 69472K->1376K(69632K)] 396456K->328360K(712192K), 0.0018511 secs] [Times: user=0.01 sys=0.00, real=0.01 secs] 
558.535: [GC (Allocation Failure) [PSYoungGen: 69472K->1408K(69632K)] 396456K->328392K(712192K), 0.0020710 secs] [Times: user=0.01 sys=0.00, real=0.00 secs] 
559.478: [GC (Allocation Failure) [PSYoungGen: 69504K->1408K(69632K)] 396488K->328392K(712192K), 0.0015254 secs] [Times: user=0.00 sys=0.00, real=0.00 secs] 
560.248: [GC (Allocation Failure) [PSYoungGen: 69504K->1360K(69632K)] 396488K->328344K(712192K), 0.0018018 secs] [Times: user=0.01 sys=0.00, real=0.00 secs] 
560.991: [GC (Allocation Failure) [PSYoungGen: 69456K->1392K(69632K)] 396440K->328376K(712192K), 0.0015420 secs] [Times: user=0.01 sys=0.00, real=0.00 secs] 
561.835: [GC (Allocation Failure) [PSYoungGen: 69488K->1440K(69632K)] 396472K->328424K(712192K), 0.0019249 secs] [Times: user=0.01 sys=0.00, real=0.00 secs] 
562.872: [GC (Allocation Failure) [PSYoungGen: 69536K->1504K(69632K)] 396520K->328694K(712192K), 0.0017598 secs] [Times: user=0.01 sys=0.00, real=0.00 secs] 
563.443: [GC (Allocation Failure) [PSYoungGen: 69600K->1248K(69632K)] 396790K->328446K(712192K), 0.0017966 secs] [Times: user=0.01 sys=0.00, real=0.00 secs] 
564.002: [GC (Allocation Failure) [PSYoungGen: 69344K->1280K(69632K)] 396542K->328478K(712192K), 0.0016705 secs] [Times: user=0.00 sys=0.00, real=0.00 secs] 
564.397: [GC (Allocation Failure) [PSYoungGen: 69376K->1280K(69632K)] 396574K->328478K(712192K), 0.0020037 secs] [Times: user=0.01 sys=0.00, real=0.00 secs] 
564.680: [GC (Allocation Failure) [PSYoungGen: 69376K->1280K(69632K)] 396574K->328478K(712192K), 0.0017604 secs] [Times: user=0.00 sys=0.00, real=0.00 secs] 
566.036: [GC (Allocation Failure) [PSYoungGen: 69376K->1488K(69632K)] 396574K->328686K(712192K), 0.0021172 secs] [Times: user=0.00 sys=0.00, real=0.00 secs] 
567.345: [GC (Allocation Failure) [PSYoungGen: 69584K->1504K(69632K)] 396782K->328702K(712192K), 0.0032278 secs] [Times: user=0.02 sys=0.00, real=0.01 secs] 
568.218: [GC (Allocation Failure) [PSYoungGen: 69600K->1456K(69632K)] 396798K->328654K(712192K), 0.0036694 secs] [Times: user=0.02 sys=0.00, real=0.00 secs] 
568.851: [GC (Allocation Failure) [PSYoungGen: 69552K->1440K(69632K)] 396750K->328638K(712192K), 0.0023562 secs] [Times: user=0.01 sys=0.00, real=0.00 secs] 
570.975: [GC (Allocation Failure) [PSYoungGen: 69536K->1488K(69632K)] 396734K->328694K(712192K), 0.0046307 secs] [Times: user=0.02 sys=0.00, real=0.01 secs] 
572.182: [GC (Allocation Failure) [PSYoungGen: 69584K->1440K(69632K)] 396790K->328646K(712192K), 0.0025469 secs] [Times: user=0.01 sys=0.00, real=0.00 secs] 
572.645: [GC (Allocation Failure) [PSYoungGen: 69536K->1456K(69632K)] 396742K->328662K(712192K), 0.0025274 secs] [Times: user=0.01 sys=0.00, real=0.01 secs] 
573.233: [GC (Allocation Failure) [PSYoungGen: 69552K->1456K(69632K)] 396758K->328662K(712192K), 0.0020193 secs] [Times: user=0.01 sys=0.00, real=0.01 secs] 
574.164: [GC (Allocation Failure) [PSYoungGen: 69552K->1453K(69632K)] 396758K->328659K(712192K), 0.0021817 secs] [Times: user=0.01 sys=0.00, real=0.01 secs] 
575.174: [GC (Allocation Failure) [PSYoungGen: 69549K->1472K(69632K)] 396755K->328686K(712192K), 0.0017650 secs] [Times: user=0.00 sys=0.00, real=0.01 secs] 
575.912: [GC (Allocation Failure) [PSYoungGen: 69568K->1376K(69632K)] 396782K->328698K(712192K), 0.0034649 secs] [Times: user=0.02 sys=0.00, real=0.01 secs] 
576.499: [GC (Allocation Failure) [PSYoungGen: 69472K->1376K(69632K)] 396794K->328698K(712192K), 0.0031022 secs] [Times: user=0.02 sys=0.00, real=0.00 secs] 
577.032: [GC (Allocation Failure) [PSYoungGen: 69472K->1376K(69632K)] 396794K->328698K(712192K), 0.0031946 secs] [Times: user=0.01 sys=0.00, real=0.00 secs] 
577.868: [GC (Allocation Failure) [PSYoungGen: 69472K->1392K(69632K)] 396794K->328714K(712192K), 0.0017569 secs] [Times: user=0.01 sys=0.00, real=0.00 secs] 
578.151: [GC (Allocation Failure) [PSYoungGen: 69488K->1376K(69632K)] 396810K->328698K(712192K), 0.0017856 secs] [Times: user=0.00 sys=0.00, real=0.00 secs] 
578.656: [GC (Allocation Failure) [PSYoungGen: 69472K->1408K(69632K)] 396794K->328730K(712192K), 0.0023225 secs] [Times: user=0.01 sys=0.00, real=0.00 secs] 
579.217: [GC (Allocation Failure) [PSYoungGen: 69504K->1408K(69632K)] 396826K->328730K(712192K), 0.0026724 secs] [Times: user=0.01 sys=0.01, real=0.00 secs] 
580.668: [GC (Allocation Failure) [PSYoungGen: 69504K->1408K(69632K)] 396826K->328738K(712192K), 0.0044369 secs] [Times: user=0.01 sys=0.00, real=0.00 secs] 
582.445: [GC (Allocation Failure) [PSYoungGen: 69504K->1376K(69632K)] 396834K->328706K(712192K), 0.0041732 secs] [Times: user=0.01 sys=0.00, real=0.01 secs] 
583.646: [GC (Allocation Failure) [PSYoungGen: 69472K->352K(68608K)] 396802K->328706K(711168K), 0.0026178 secs] [Times: user=0.02 sys=0.00, real=0.00 secs] 
584.312: [GC (Allocation Failure) [PSYoungGen: 68448K->352K(70144K)] 396802K->328706K(712704K), 0.0027717 secs] [Times: user=0.01 sys=0.00, real=0.00 secs] 
584.952: [GC (Allocation Failure) [PSYoungGen: 68448K->1392K(69632K)] 396802K->329746K(712192K), 0.0020529 secs] [Times: user=0.00 sys=0.00, real=0.00 secs] 
585.927: [GC (Allocation Failure) [PSYoungGen: 69488K->1392K(69632K)] 397842K->329746K(712192K), 0.0019071 secs] [Times: user=0.00 sys=0.00, real=0.00 secs] 
586.594: [GC (Allocation Failure) [PSYoungGen: 69488K->1376K(69632K)] 397842K->329730K(712192K), 0.0019987 secs] [Times: user=0.01 sys=0.00, real=0.01 secs] 
587.124: [GC (Allocation Failure) [PSYoungGen: 69472K->1360K(69632K)] 397826K->329722K(712192K), 0.0019385 secs] [Times: user=0.00 sys=0.00, real=0.01 secs] 
587.667: [GC (Allocation Failure) [PSYoungGen: 69456K->1360K(69632K)] 397818K->329722K(712192K), 0.0017312 secs] [Times: user=0.00 sys=0.00, real=0.00 secs] 
589.109: [GC (Allocation Failure) [PSYoungGen: 69456K->1360K(69632K)] 397818K->329722K(712192K), 0.0027224 secs] [Times: user=0.01 sys=0.00, real=0.00 secs] 
589.900: [GC (Allocation Failure) [PSYoungGen: 69456K->1376K(69632K)] 397818K->329738K(712192K), 0.0021326 secs] [Times: user=0.00 sys=0.00, real=0.00 secs] 
590.378: [GC (Allocation Failure) [PSYoungGen: 69472K->1344K(69632K)] 397834K->329722K(712192K), 0.0017417 secs] [Times: user=0.01 sys=0.00, real=0.00 secs] 
591.332: [GC (Allocation Failure) [PSYoungGen: 69440K->1344K(69632K)] 397818K->329730K(712192K), 0.0025303 secs] [Times: user=0.01 sys=0.01, real=0.00 secs] 
592.868: [GC (Allocation Failure) [PSYoungGen: 69440K->128K(68608K)] 397826K->328514K(711168K), 0.0016064 secs] [Times: user=0.01 sys=0.00, real=0.00 secs] 
594.200: [GC (Allocation Failure) [PSYoungGen: 68224K->1344K(69632K)] 396610K->329730K(712192K), 0.0046199 secs] [Times: user=0.02 sys=0.00, real=0.00 secs] 
594.882: [GC (Allocation Failure) [PSYoungGen: 69440K->1344K(69632K)] 397826K->329730K(712192K), 0.0028672 secs] [Times: user=0.01 sys=0.00, real=0.01 secs] 
595.173: [GC (Allocation Failure) [PSYoungGen: 69440K->1344K(69632K)] 397826K->329730K(712192K), 0.0016469 secs] [Times: user=0.00 sys=0.00, real=0.01 secs] 
595.487: [GC (Allocation Failure) [PSYoungGen: 69440K->1344K(69632K)] 397826K->329730K(712192K), 0.0019589 secs] [Times: user=0.00 sys=0.00, real=0.00 secs] 
598.408: [GC (Allocation Failure) [PSYoungGen: 69440K->1392K(69632K)] 397826K->329778K(712192K), 0.0037334 secs] [Times: user=0.02 sys=0.00, real=0.00 secs] 
599.092: [GC (Allocation Failure) [PSYoungGen: 69488K->1344K(69632K)] 397874K->329730K(712192K), 0.0032424 secs] [Times: user=0.01 sys=0.00, real=0.01 secs] 
599.366: [GC (Allocation Failure) [PSYoungGen: 69440K->1344K(69632K)] 397826K->329742K(712192K), 0.0017971 secs] [Times: user=0.01 sys=0.00, real=0.00 secs] 
599.649: [GC (Allocation Failure) [PSYoungGen: 69440K->1376K(69632K)] 397838K->329774K(712192K), 0.0017985 secs] [Times: user=0.00 sys=0.00, real=0.00 secs] 
600.858: [GC (Allocation Failure) [PSYoungGen: 69472K->1376K(69632K)] 397870K->329774K(712192K), 0.0025477 secs] [Times: user=0.01 sys=0.00, real=0.00 secs] 
601.890: [GC (Allocation Failure) [PSYoungGen: 69472K->1328K(69632K)] 397870K->329726K(712192K), 0.0028807 secs] [Times: user=0.01 sys=0.00, real=0.00 secs] 
602.799: [GC (Allocation Failure) [PSYoungGen: 69424K->1344K(69632K)] 397822K->329750K(712192K), 0.0036900 secs] [Times: user=0.01 sys=0.01, real=0.00 secs] 
603.594: [GC (Allocation Failure) [PSYoungGen: 69440K->1376K(69632K)] 397846K->329782K(712192K), 0.0023674 secs] [Times: user=0.01 sys=0.00, real=0.01 secs] 
604.527: [GC (Allocation Failure) [PSYoungGen: 69472K->1360K(69632K)] 397878K->329766K(712192K), 0.0014864 secs] [Times: user=0.01 sys=0.00, real=0.00 secs] 
605.230: [GC (Allocation Failure) [PSYoungGen: 69456K->1376K(69632K)] 397862K->329782K(712192K), 0.0026698 secs] [Times: user=0.01 sys=0.00, real=0.00 secs] 
605.764: [GC (Allocation Failure) [PSYoungGen: 69472K->1376K(69632K)] 397878K->329782K(712192K), 0.0020154 secs] [Times: user=0.01 sys=0.00, real=0.01 secs] 
606.332: [GC (Allocation Failure) [PSYoungGen: 69472K->1344K(69632K)] 397878K->329750K(712192K), 0.0027706 secs] [Times: user=0.01 sys=0.00, real=0.01 secs] 
607.013: [GC (Allocation Failure) [PSYoungGen: 69440K->1344K(69632K)] 397846K->329750K(712192K), 0.0024125 secs] [Times: user=0.01 sys=0.00, real=0.01 secs] 
608.199: [GC (Allocation Failure) [PSYoungGen: 69440K->1376K(69632K)] 397846K->329782K(712192K), 0.0020850 secs] [Times: user=0.01 sys=0.00, real=0.00 secs] 
608.885: [GC (Allocation Failure) [PSYoungGen: 69472K->1312K(69632K)] 397878K->329718K(712192K), 0.0019412 secs] [Times: user=0.01 sys=0.00, real=0.01 secs] 
609.654: [GC (Allocation Failure) [PSYoungGen: 69408K->1328K(69632K)] 397814K->329742K(712192K), 0.0048799 secs] [Times: user=0.02 sys=0.00, real=0.01 secs] 
610.393: [GC (Allocation Failure) [PSYoungGen: 69424K->1344K(69632K)] 397838K->329758K(712192K), 0.0026203 secs] [Times: user=0.01 sys=0.00, real=0.01 secs] 
611.458: [GC (Allocation Failure) [PSYoungGen: 69440K->864K(69120K)] 397854K->330302K(711680K), 0.0017676 secs] [Times: user=0.01 sys=0.00, real=0.00 secs] 
611.788: [GC (Allocation Failure) [PSYoungGen: 68960K->320K(68608K)] 398398K->329758K(711168K), 0.0018245 secs] [Times: user=0.01 sys=0.00, real=0.00 secs] 
612.071: [GC (Allocation Failure) [PSYoungGen: 68416K->320K(70144K)] 397854K->329758K(712704K), 0.0017096 secs] [Times: user=0.00 sys=0.00, real=0.00 secs] 
612.354: [GC (Allocation Failure) [PSYoungGen: 68416K->304K(68608K)] 397854K->329742K(711168K), 0.0020386 secs] [Times: user=0.01 sys=0.00, real=0.01 secs] 
612.658: [GC (Allocation Failure) [PSYoungGen: 68392K->256K(70144K)] 397830K->329694K(712704K), 0.0018782 secs] [Times: user=0.01 sys=0.00, real=0.00 secs] 
613.383: [GC (Allocation Failure) [PSYoungGen: 68352K->1344K(69632K)] 397790K->330782K(712192K), 0.0015827 secs] [Times: user=0.01 sys=0.00, real=0.01 secs] 
613.666: [GC (Allocation Failure) [PSYoungGen: 69440K->1344K(69632K)] 398878K->330782K(712192K), 0.0017016 secs] [Times: user=0.00 sys=0.00, real=0.00 secs] 
613.950: [GC (Allocation Failure) [PSYoungGen: 69440K->1344K(69632K)] 398878K->330782K(712192K), 0.0016946 secs] [Times: user=0.01 sys=0.01, real=0.00 secs] 
614.232: [GC (Allocation Failure) [PSYoungGen: 69440K->1344K(69632K)] 398878K->330782K(712192K), 0.0019320 secs] [Times: user=0.00 sys=0.00, real=0.00 secs] 
614.979: [GC (Allocation Failure) [PSYoungGen: 69440K->1408K(69632K)] 398878K->330846K(712192K), 0.0016468 secs] [Times: user=0.01 sys=0.00, real=0.00 secs] 
615.262: [GC (Allocation Failure) [PSYoungGen: 69504K->1344K(69632K)] 398942K->330782K(712192K), 0.0018015 secs] [Times: user=0.01 sys=0.01, real=0.00 secs] 
615.545: [GC (Allocation Failure) [PSYoungGen: 69440K->1376K(69632K)] 398878K->330830K(712192K), 0.0023973 secs] [Times: user=0.00 sys=0.00, real=0.01 secs] 
615.846: [GC (Allocation Failure) [PSYoungGen: 69472K->1344K(69632K)] 398926K->330806K(712192K), 0.0019310 secs] [Times: user=0.00 sys=0.00, real=0.00 secs] 
616.831: [GC (Allocation Failure) [PSYoungGen: 69160K->224K(68608K)] 398622K->329694K(711168K), 0.0014791 secs] [Times: user=0.01 sys=0.00, real=0.00 secs] 
617.488: [GC (Allocation Failure) [PSYoungGen: 68320K->1312K(70656K)] 397790K->330790K(713216K), 0.0016127 secs] [Times: user=0.00 sys=0.00, real=0.00 secs] 
617.780: [GC (Allocation Failure) [PSYoungGen: 69408K->1344K(69632K)] 398886K->330830K(712192K), 0.0017882 secs] [Times: user=0.00 sys=0.00, real=0.00 secs] 
618.138: [GC (Allocation Failure) [PSYoungGen: 69440K->1376K(69632K)] 398926K->330862K(712192K), 0.0021994 secs] [Times: user=0.01 sys=0.00, real=0.00 secs] 
618.421: [GC (Allocation Failure) [PSYoungGen: 69472K->1408K(69632K)] 398958K->330894K(712192K), 0.0018325 secs] [Times: user=0.01 sys=0.00, real=0.00 secs] 
619.206: [GC (Allocation Failure) [PSYoungGen: 69504K->1408K(69632K)] 398990K->330894K(712192K), 0.0017079 secs] [Times: user=0.01 sys=0.00, real=0.00 secs] 
619.488: [GC (Allocation Failure) [PSYoungGen: 69504K->1376K(69632K)] 398990K->330862K(712192K), 0.0017642 secs] [Times: user=0.00 sys=0.00, real=0.00 secs] 
619.771: [GC (Allocation Failure) [PSYoungGen: 69472K->1376K(69632K)] 398958K->330870K(712192K), 0.0019190 secs] [Times: user=0.00 sys=0.00, real=0.00 secs] 
620.054: [GC (Allocation Failure) [PSYoungGen: 69472K->1376K(69632K)] 398966K->330870K(712192K), 0.0015442 secs] [Times: user=0.00 sys=0.00, real=0.01 secs] 
621.172: [GC (Allocation Failure) [PSYoungGen: 69472K->1392K(69632K)] 398966K->330886K(712192K), 0.0028838 secs] [Times: user=0.01 sys=0.00, real=0.01 secs] 
621.658: [GC (Allocation Failure) [PSYoungGen: 69488K->1376K(69632K)] 398982K->330870K(712192K), 0.0024798 secs] [Times: user=0.01 sys=0.00, real=0.00 secs] 
622.241: [GC (Allocation Failure) [PSYoungGen: 69472K->1376K(69632K)] 398966K->330870K(712192K), 0.0021182 secs] [Times: user=0.01 sys=0.00, real=0.00 secs] 
622.774: [GC (Allocation Failure) [PSYoungGen: 69472K->1376K(69632K)] 398966K->330870K(712192K), 0.0020422 secs] [Times: user=0.01 sys=0.00, real=0.01 secs] 
623.529: [GC (Allocation Failure) [PSYoungGen: 69472K->1392K(69632K)] 398966K->330886K(712192K), 0.0015216 secs] [Times: user=0.00 sys=0.00, real=0.00 secs] 
624.504: [GC (Allocation Failure) [PSYoungGen: 69488K->1408K(69632K)] 398982K->330902K(712192K), 0.0020559 secs] [Times: user=0.00 sys=0.00, real=0.01 secs] 
625.126: [GC (Allocation Failure) [PSYoungGen: 69504K->1376K(69632K)] 398998K->330870K(712192K), 0.0021388 secs] [Times: user=0.01 sys=0.01, real=0.00 secs] 
625.881: [GC (Allocation Failure) [PSYoungGen: 69472K->1328K(69632K)] 398966K->330838K(712192K), 0.0026031 secs] [Times: user=0.01 sys=0.00, real=0.00 secs] 
626.889: [GC (Allocation Failure) [PSYoungGen: 69424K->1344K(69632K)] 398934K->330854K(712192K), 0.0041028 secs] [Times: user=0.01 sys=0.00, real=0.00 secs] 
628.281: [GC (Allocation Failure) [PSYoungGen: 69440K->1360K(69632K)] 398950K->330886K(712192K), 0.0019166 secs] [Times: user=0.01 sys=0.00, real=0.00 secs] 
629.181: [GC (Allocation Failure) [PSYoungGen: 69456K->1392K(69632K)] 398982K->330918K(712192K), 0.0023431 secs] [Times: user=0.00 sys=0.00, real=0.00 secs] 
630.160: [GC (Allocation Failure) [PSYoungGen: 69488K->1376K(69632K)] 399014K->330910K(712192K), 0.0022295 secs] [Times: user=0.00 sys=0.00, real=0.00 secs] 
631.127: [GC (Allocation Failure) [PSYoungGen: 69472K->1376K(69632K)] 399006K->330910K(712192K), 0.0029416 secs] [Times: user=0.01 sys=0.00, real=0.00 secs] 
632.339: [GC (Allocation Failure) [PSYoungGen: 69472K->896K(69120K)] 399006K->331454K(711680K), 0.0020660 secs] [Times: user=0.01 sys=0.00, real=0.00 secs] 
632.715: [GC (Allocation Failure) [PSYoungGen: 68992K->384K(68608K)] 399550K->330942K(711168K), 0.0017046 secs] [Times: user=0.00 sys=0.00, real=0.01 secs] 
633.025: [GC (Allocation Failure) [PSYoungGen: 68480K->320K(68608K)] 399038K->330886K(711168K), 0.0019742 secs] [Times: user=0.00 sys=0.00, real=0.00 secs] 
633.593: [GC (Allocation Failure) [PSYoungGen: 68416K->320K(70144K)] 398982K->330886K(712704K), 0.0017976 secs] [Times: user=0.01 sys=0.00, real=0.01 secs] 
634.121: [GC (Allocation Failure) [PSYoungGen: 68416K->320K(68608K)] 398982K->330886K(711168K), 0.0022677 secs] [Times: user=0.01 sys=0.00, real=0.00 secs] 
635.320: [GC (Allocation Failure) [PSYoungGen: 68416K->1408K(69632K)] 398982K->331974K(712192K), 0.0022004 secs] [Times: user=0.01 sys=0.00, real=0.00 secs] 
635.855: [GC (Allocation Failure) [PSYoungGen: 69504K->1408K(69632K)] 400070K->331974K(712192K), 0.0037816 secs] [Times: user=0.02 sys=0.00, real=0.00 secs] 
636.563: [GC (Allocation Failure) [PSYoungGen: 69504K->1376K(69632K)] 400070K->331942K(712192K), 0.0027633 secs] [Times: user=0.01 sys=0.00, real=0.01 secs] 
637.424: [GC (Allocation Failure) [PSYoungGen: 69472K->1376K(69632K)] 400038K->331942K(712192K), 0.0039414 secs] [Times: user=0.01 sys=0.00, real=0.01 secs] 
638.588: [GC (Allocation Failure) [PSYoungGen: 69472K->1408K(69632K)] 400038K->331982K(712192K), 0.0017728 secs] [Times: user=0.00 sys=0.00, real=0.00 secs] 
639.271: [GC (Allocation Failure) [PSYoungGen: 69504K->1376K(69632K)] 400078K->331950K(712192K), 0.0018405 secs] [Times: user=0.01 sys=0.00, real=0.00 secs] 
640.010: [GC (Allocation Failure) [PSYoungGen: 69472K->1344K(69632K)] 400046K->331942K(712192K), 0.0031496 secs] [Times: user=0.01 sys=0.00, real=0.00 secs] 
640.928: [GC (Allocation Failure) [PSYoungGen: 69440K->1376K(69632K)] 400038K->331974K(712192K), 0.0045001 secs] [Times: user=0.02 sys=0.00, real=0.00 secs] 
642.273: [GC (Allocation Failure) [PSYoungGen: 69472K->1328K(69632K)] 400070K->331926K(712192K), 0.0015042 secs] [Times: user=0.00 sys=0.00, real=0.00 secs] 
643.246: [GC (Allocation Failure) [PSYoungGen: 69424K->1376K(69632K)] 400022K->331974K(712192K), 0.0026641 secs] [Times: user=0.01 sys=0.00, real=0.00 secs] 
643.962: [GC (Allocation Failure) [PSYoungGen: 69472K->1376K(69632K)] 400070K->331974K(712192K), 0.0033908 secs] [Times: user=0.01 sys=0.00, real=0.01 secs] 
644.626: [GC (Allocation Failure) [PSYoungGen: 69472K->1344K(69632K)] 400070K->331942K(712192K), 0.0029381 secs] [Times: user=0.00 sys=0.01, real=0.00 secs] 
645.123: [GC (Allocation Failure) [PSYoungGen: 69440K->1376K(69632K)] 400038K->331974K(712192K), 0.0022594 secs] [Times: user=0.01 sys=0.00, real=0.01 secs] 
646.951: [GC (Allocation Failure) [PSYoungGen: 69472K->1376K(69632K)] 400070K->331974K(712192K), 0.0043869 secs] [Times: user=0.01 sys=0.00, real=0.01 secs] 
647.986: [GC (Allocation Failure) [PSYoungGen: 69472K->1376K(69632K)] 400070K->331974K(712192K), 0.0031500 secs] [Times: user=0.01 sys=0.00, real=0.00 secs] 
648.372: [GC (Allocation Failure) [PSYoungGen: 69472K->1376K(69632K)] 400070K->331974K(712192K), 0.0017598 secs] [Times: user=0.00 sys=0.00, real=0.00 secs] 
648.973: [GC (Allocation Failure) [PSYoungGen: 69472K->1312K(69632K)] 400070K->331910K(712192K), 0.0021918 secs] [Times: user=0.00 sys=0.00, real=0.01 secs] 
650.218: [GC (Allocation Failure) [PSYoungGen: 69408K->1376K(69632K)] 400006K->331974K(712192K), 0.0021500 secs] [Times: user=0.01 sys=0.00, real=0.00 secs] 
650.978: [GC (Allocation Failure) [PSYoungGen: 69472K->1344K(69632K)] 400070K->331942K(712192K), 0.0031494 secs] [Times: user=0.01 sys=0.00, real=0.00 secs] 
651.946: [GC (Allocation Failure) [PSYoungGen: 69440K->1344K(69632K)] 400038K->331950K(712192K), 0.0042766 secs] [Times: user=0.01 sys=0.00, real=0.00 secs] 
652.592: [GC (Allocation Failure) [PSYoungGen: 69440K->1344K(69632K)] 400046K->331950K(712192K), 0.0026189 secs] [Times: user=0.01 sys=0.00, real=0.00 secs] 
653.444: [GC (Allocation Failure) [PSYoungGen: 69440K->1328K(69632K)] 400046K->331934K(712192K), 0.0014009 secs] [Times: user=0.00 sys=0.00, real=0.01 secs] 
654.023: [GC (Allocation Failure) [PSYoungGen: 69424K->1376K(69632K)] 400030K->331982K(712192K), 0.0018479 secs] [Times: user=0.01 sys=0.00, real=0.00 secs] 
654.306: [GC (Allocation Failure) [PSYoungGen: 69472K->1312K(69632K)] 400078K->331918K(712192K), 0.0042901 secs] [Times: user=0.02 sys=0.00, real=0.00 secs] 
654.820: [GC (Allocation Failure) [PSYoungGen: 69408K->1376K(69632K)] 400014K->331982K(712192K), 0.0017716 secs] [Times: user=0.01 sys=0.00, real=0.00 secs] 
655.370: [GC (Allocation Failure) [PSYoungGen: 69472K->1360K(69632K)] 400078K->331966K(712192K), 0.0017064 secs] [Times: user=0.01 sys=0.00, real=0.00 secs] 
656.917: [GC (Allocation Failure) [PSYoungGen: 69456K->1408K(69632K)] 400062K->332014K(712192K), 0.0039510 secs] [Times: user=0.01 sys=0.01, real=0.00 secs] 
658.049: [GC (Allocation Failure) [PSYoungGen: 69504K->1376K(69632K)] 400110K->331982K(712192K), 0.0036893 secs] [Times: user=0.01 sys=0.00, real=0.00 secs] 
658.735: [GC (Allocation Failure) [PSYoungGen: 69472K->1376K(69632K)] 400078K->331982K(712192K), 0.0026348 secs] [Times: user=0.01 sys=0.00, real=0.00 secs] 
659.162: [GC (Allocation Failure) [PSYoungGen: 69472K->1376K(69632K)] 400078K->331998K(712192K), 0.0021960 secs] [Times: user=0.01 sys=0.00, real=0.00 secs] 
660.471: [GC (Allocation Failure) [PSYoungGen: 69472K->1920K(70144K)] 400094K->332542K(712704K), 0.0019147 secs] [Times: user=0.01 sys=0.00, real=0.00 secs] 
661.757: [GC (Allocation Failure) [PSYoungGen: 70016K->288K(68608K)] 400638K->331934K(711168K), 0.0034252 secs] [Times: user=0.02 sys=0.00, real=0.00 secs] 
662.645: [GC (Allocation Failure) [PSYoungGen: 68384K->304K(70144K)] 400030K->331950K(712704K), 0.0029367 secs] [Times: user=0.01 sys=0.00, real=0.00 secs] 
663.244: [GC (Allocation Failure) [PSYoungGen: 68400K->320K(68608K)] 400046K->331966K(711168K), 0.0025872 secs] [Times: user=0.01 sys=0.00, real=0.01 secs] 
663.852: [GC (Allocation Failure) [PSYoungGen: 68416K->320K(70656K)] 400062K->331966K(713216K), 0.0021568 secs] [Times: user=0.01 sys=0.00, real=0.00 secs] 
665.522: [GC (Allocation Failure) [PSYoungGen: 68416K->1376K(69632K)] 400062K->333022K(712192K), 0.0020805 secs] [Times: user=0.00 sys=0.00, real=0.00 secs] 
666.162: [GC (Allocation Failure) [PSYoungGen: 69472K->1376K(69632K)] 401118K->333022K(712192K), 0.0021064 secs] [Times: user=0.01 sys=0.00, real=0.00 secs] 
666.539: [GC (Allocation Failure) [PSYoungGen: 69472K->1376K(69632K)] 401118K->333022K(712192K), 0.0019549 secs] [Times: user=0.01 sys=0.00, real=0.00 secs] 
666.844: [GC (Allocation Failure) [PSYoungGen: 69472K->1344K(70656K)] 401118K->332990K(713216K), 0.0017021 secs] [Times: user=0.01 sys=0.00, real=0.01 secs] 
667.983: [GC (Allocation Failure) [PSYoungGen: 69440K->1408K(70656K)] 401086K->333054K(713216K), 0.0016923 secs] [Times: user=0.01 sys=0.00, real=0.00 secs] 
668.422: [GC (Allocation Failure) [PSYoungGen: 69504K->1344K(70656K)] 401150K->332990K(713216K), 0.0015985 secs] [Times: user=0.01 sys=0.00, real=0.00 secs] 
668.992: [GC (Allocation Failure) [PSYoungGen: 69440K->1376K(70656K)] 401086K->333030K(713216K), 0.0018572 secs] [Times: user=0.00 sys=0.00, real=0.00 secs] 
669.585: [GC (Allocation Failure) [PSYoungGen: 69472K->1344K(69632K)] 401126K->333006K(712192K), 0.0021429 secs] [Times: user=0.01 sys=0.00, real=0.00 secs] 
670.499: [GC (Allocation Failure) [PSYoungGen: 69440K->1360K(70144K)] 401102K->333022K(712704K), 0.0013757 secs] [Times: user=0.00 sys=0.00, real=0.00 secs] 
671.392: [GC (Allocation Failure) [PSYoungGen: 69456K->1376K(70144K)] 401118K->333038K(712704K), 0.0019934 secs] [Times: user=0.01 sys=0.00, real=0.00 secs] 
672.059: [GC (Allocation Failure) [PSYoungGen: 69472K->1344K(70144K)] 401134K->333006K(712704K), 0.0029475 secs] [Times: user=0.01 sys=0.00, real=0.00 secs] 
672.624: [GC (Allocation Failure) [PSYoungGen: 69440K->1328K(70144K)] 401102K->332990K(712704K), 0.0024665 secs] [Times: user=0.01 sys=0.00, real=0.01 secs] 
673.236: [GC (Allocation Failure) [PSYoungGen: 69424K->1344K(70144K)] 401086K->333006K(712704K), 0.0021861 secs] [Times: user=0.01 sys=0.00, real=0.00 secs] 
674.386: [GC (Allocation Failure) [PSYoungGen: 69440K->1408K(70144K)] 401102K->333078K(712704K), 0.0017957 secs] [Times: user=0.01 sys=0.00, real=0.00 secs] 
675.527: [GC (Allocation Failure) [PSYoungGen: 69504K->1360K(70144K)] 401174K->333030K(712704K), 0.0037293 secs] [Times: user=0.01 sys=0.00, real=0.00 secs] 
676.573: [GC (Allocation Failure) [PSYoungGen: 69456K->1440K(70144K)] 401126K->333110K(712704K), 0.0043286 secs] [Times: user=0.01 sys=0.00, real=0.01 secs] 
677.358: [GC (Allocation Failure) [PSYoungGen: 69536K->1408K(70144K)] 401206K->333078K(712704K), 0.0028956 secs] [Times: user=0.01 sys=0.00, real=0.00 secs] 
678.497: [GC (Allocation Failure) [PSYoungGen: 69504K->1408K(70144K)] 401174K->333086K(712704K), 0.0019345 secs] [Times: user=0.01 sys=0.00, real=0.00 secs] 
678.781: [GC (Allocation Failure) [PSYoungGen: 69504K->1376K(70144K)] 401182K->333054K(712704K), 0.0017950 secs] [Times: user=0.01 sys=0.00, real=0.00 secs] 
679.088: [GC (Allocation Failure) [PSYoungGen: 69472K->1408K(70144K)] 401150K->333094K(712704K), 0.0017584 secs] [Times: user=0.01 sys=0.00, real=0.00 secs] 
679.407: [GC (Allocation Failure) [PSYoungGen: 69504K->1328K(70144K)] 401190K->333014K(712704K), 0.0018150 secs] [Times: user=0.01 sys=0.00, real=0.00 secs] 
679.901: [GC (Allocation Failure) [PSYoungGen: 69424K->1389K(70144K)] 401110K->333075K(712704K), 0.0014147 secs] [Times: user=0.01 sys=0.00, real=0.00 secs] 
682.627: [GC (Allocation Failure) [PSYoungGen: 69485K->1440K(70144K)] 401171K->333126K(712704K), 0.0037604 secs] [Times: user=0.02 sys=0.00, real=0.00 secs] 
683.202: [GC (Allocation Failure) [PSYoungGen: 69536K->1376K(70144K)] 401222K->333062K(712704K), 0.0037116 secs] [Times: user=0.01 sys=0.00, real=0.01 secs] 
683.767: [GC (Allocation Failure) [PSYoungGen: 69472K->1376K(70144K)] 401158K->333062K(712704K), 0.0029887 secs] [Times: user=0.01 sys=0.00, real=0.00 secs] 
684.333: [GC (Allocation Failure) [PSYoungGen: 69472K->1376K(70144K)] 401158K->333062K(712704K), 0.0025749 secs] [Times: user=0.01 sys=0.00, real=0.01 secs] 
685.299: [GC (Allocation Failure) [PSYoungGen: 69472K->1408K(70144K)] 401158K->333094K(712704K), 0.0018606 secs] [Times: user=0.01 sys=0.00, real=0.00 secs] 
685.611: [GC (Allocation Failure) [PSYoungGen: 69504K->1408K(70144K)] 401190K->333094K(712704K), 0.0018684 secs] [Times: user=0.01 sys=0.00, real=0.00 secs] 
685.942: [GC (Allocation Failure) [PSYoungGen: 69504K->1376K(70144K)] 401190K->333070K(712704K), 0.0019172 secs] [Times: user=0.01 sys=0.00, real=0.00 secs] 
686.244: [GC (Allocation Failure) [PSYoungGen: 69472K->1408K(70144K)] 401166K->333102K(712704K), 0.0020951 secs] [Times: user=0.00 sys=0.00, real=0.01 secs] 
686.993: [GC (Allocation Failure) [PSYoungGen: 69504K->1888K(70144K)] 401198K->333582K(712704K), 0.0016548 secs] [Times: user=0.00 sys=0.00, real=0.00 secs] 
687.320: [GC (Allocation Failure) [PSYoungGen: 69984K->1360K(70144K)] 401678K->333054K(712704K), 0.0016868 secs] [Times: user=0.01 sys=0.00, real=0.00 secs] 
687.614: [GC (Allocation Failure) [PSYoungGen: 69456K->1344K(70144K)] 401150K->333054K(712704K), 0.0015757 secs] [Times: user=0.00 sys=0.00, real=0.01 secs] 
688.106: [GC (Allocation Failure) [PSYoungGen: 69440K->1312K(70144K)] 401150K->333030K(712704K), 0.0019295 secs] [Times: user=0.01 sys=0.00, real=0.00 secs] 
688.752: [GC (Allocation Failure) [PSYoungGen: 69408K->1376K(70144K)] 401126K->333094K(712704K), 0.0021128 secs] [Times: user=0.01 sys=0.01, real=0.00 secs] 
689.538: [GC (Allocation Failure) [PSYoungGen: 69472K->1440K(70144K)] 401190K->333166K(712704K), 0.0017186 secs] [Times: user=0.01 sys=0.00, real=0.00 secs] 
689.824: [GC (Allocation Failure) [PSYoungGen: 69536K->1392K(70144K)] 401262K->333118K(712704K), 0.0016715 secs] [Times: user=0.01 sys=0.00, real=0.01 secs] 
690.107: [GC (Allocation Failure) [PSYoungGen: 69488K->1376K(70144K)] 401214K->333102K(712704K), 0.0018676 secs] [Times: user=0.01 sys=0.00, real=0.00 secs] 
690.395: [GC (Allocation Failure) [PSYoungGen: 69472K->1408K(70144K)] 401198K->333134K(712704K), 0.0021460 secs] [Times: user=0.00 sys=0.01, real=0.01 secs] 
691.497: [GC (Allocation Failure) [PSYoungGen: 69504K->1408K(70144K)] 401230K->333142K(712704K), 0.0017955 secs] [Times: user=0.00 sys=0.00, real=0.00 secs] 
692.041: [GC (Allocation Failure) [PSYoungGen: 69504K->1376K(70144K)] 401238K->333110K(712704K), 0.0019574 secs] [Times: user=0.01 sys=0.00, real=0.00 secs] 
692.653: [GC (Allocation Failure) [PSYoungGen: 69472K->1344K(70144K)] 401206K->333078K(712704K), 0.0025441 secs] [Times: user=0.01 sys=0.00, real=0.01 secs] 
693.516: [GC (Allocation Failure) [PSYoungGen: 69440K->1376K(70144K)] 401174K->333110K(712704K), 0.0031849 secs] [Times: user=0.01 sys=0.00, real=0.00 secs] 
694.652: [GC (Allocation Failure) [PSYoungGen: 69472K->317K(70144K)] 401206K->332051K(712704K), 0.0013895 secs] [Times: user=0.01 sys=0.00, real=0.00 secs] 
695.472: [GC (Allocation Failure) [PSYoungGen: 68413K->1440K(70144K)] 400147K->333174K(712704K), 0.0016767 secs] [Times: user=0.01 sys=0.00, real=0.00 secs] 
696.229: [GC (Allocation Failure) [PSYoungGen: 69536K->1376K(70144K)] 401270K->333110K(712704K), 0.0019975 secs] [Times: user=0.01 sys=0.01, real=0.00 secs] 
697.109: [GC (Allocation Failure) [PSYoungGen: 69472K->1408K(70144K)] 401206K->333142K(712704K), 0.0024460 secs] [Times: user=0.01 sys=0.00, real=0.00 secs] 
697.796: [GC (Allocation Failure) [PSYoungGen: 69504K->1408K(70144K)] 401238K->333142K(712704K), 0.0029529 secs] [Times: user=0.01 sys=0.00, real=0.00 secs] 
698.622: [GC (Allocation Failure) [PSYoungGen: 69504K->1360K(70144K)] 401238K->333110K(712704K), 0.0017969 secs] [Times: user=0.01 sys=0.00, real=0.00 secs] 
698.905: [GC (Allocation Failure) [PSYoungGen: 69456K->1376K(70144K)] 401206K->333126K(712704K), 0.0017677 secs] [Times: user=0.01 sys=0.00, real=0.00 secs] 
699.188: [GC (Allocation Failure) [PSYoungGen: 69472K->1328K(70144K)] 401222K->333086K(712704K), 0.0016907 secs] [Times: user=0.01 sys=0.00, real=0.00 secs] 
699.515: [GC (Allocation Failure) [PSYoungGen: 69424K->1328K(70144K)] 401182K->333086K(712704K), 0.0017008 secs] [Times: user=0.00 sys=0.00, real=0.01 secs] 
700.572: [GC (Allocation Failure) [PSYoungGen: 69424K->1376K(70144K)] 401182K->333134K(712704K), 0.0021785 secs] [Times: user=0.01 sys=0.00, real=0.00 secs] 
701.242: [GC (Allocation Failure) [PSYoungGen: 69472K->1344K(70144K)] 401230K->333102K(712704K), 0.0026083 secs] [Times: user=0.01 sys=0.00, real=0.00 secs] 
701.538: [GC (Allocation Failure) [PSYoungGen: 69440K->1344K(70144K)] 401198K->333110K(712704K), 0.0018446 secs] [Times: user=0.01 sys=0.00, real=0.00 secs] 
701.906: [GC (Allocation Failure) [PSYoungGen: 69440K->1376K(70144K)] 401206K->333142K(712704K), 0.0017574 secs] [Times: user=0.00 sys=0.00, real=0.00 secs] 
702.431: [GC (Allocation Failure) [PSYoungGen: 69472K->1360K(69632K)] 401238K->333126K(712192K), 0.0015139 secs] [Times: user=0.00 sys=0.00, real=0.00 secs] 
705.059: [GC (Allocation Failure) [PSYoungGen: 69456K->1376K(69632K)] 401222K->333142K(712192K), 0.0031202 secs] [Times: user=0.01 sys=0.00, real=0.00 secs] 
705.441: [GC (Allocation Failure) [PSYoungGen: 69472K->320K(69120K)] 401238K->333110K(711680K), 0.0020502 secs] [Times: user=0.01 sys=0.00, real=0.00 secs] 
705.724: [GC (Allocation Failure) [PSYoungGen: 68416K->288K(70144K)] 401206K->333078K(712704K), 0.0017387 secs] [Times: user=0.01 sys=0.00, real=0.01 secs] 
706.119: [GC (Allocation Failure) [PSYoungGen: 68384K->288K(70144K)] 401174K->333078K(712704K), 0.0018469 secs] [Times: user=0.00 sys=0.00, real=0.00 secs] 
707.041: [GC (Allocation Failure) [PSYoungGen: 68384K->1376K(70144K)] 401174K->334166K(712704K), 0.0015207 secs] [Times: user=0.01 sys=0.00, real=0.00 secs] 
707.618: [GC (Allocation Failure) [PSYoungGen: 69472K->1344K(70144K)] 402262K->334134K(712704K), 0.0019339 secs] [Times: user=0.00 sys=0.00, real=0.00 secs] 
707.966: [GC (Allocation Failure) [PSYoungGen: 69440K->1344K(70144K)] 402230K->334150K(712704K), 0.0019794 secs] [Times: user=0.01 sys=0.00, real=0.00 secs] 
708.360: [GC (Allocation Failure) [PSYoungGen: 69440K->1344K(70144K)] 402246K->334150K(712704K), 0.0019545 secs] [Times: user=0.01 sys=0.00, real=0.00 secs] 
709.264: [GC (Allocation Failure) [PSYoungGen: 69440K->1888K(70144K)] 402246K->334694K(712704K), 0.0017702 secs] [Times: user=0.00 sys=0.00, real=0.01 secs] 
709.922: [GC (Allocation Failure) [PSYoungGen: 69984K->1344K(70656K)] 402790K->334150K(713216K), 0.0017916 secs] [Times: user=0.01 sys=0.00, real=0.00 secs] 
710.573: [GC (Allocation Failure) [PSYoungGen: 69440K->1312K(69632K)] 402246K->334118K(712192K), 0.0021077 secs] [Times: user=0.00 sys=0.00, real=0.01 secs] 
711.145: [GC (Allocation Failure) [PSYoungGen: 69408K->1344K(70144K)] 402214K->334150K(712704K), 0.0019326 secs] [Times: user=0.01 sys=0.00, real=0.01 secs] 
711.771: [GC (Allocation Failure) [PSYoungGen: 69440K->1360K(70144K)] 402246K->334166K(712704K), 0.0019317 secs] [Times: user=0.01 sys=0.00, real=0.00 secs] 
712.498: [GC (Allocation Failure) [PSYoungGen: 69456K->1376K(70144K)] 402262K->334190K(712704K), 0.0015339 secs] [Times: user=0.01 sys=0.00, real=0.00 secs] 
712.781: [GC (Allocation Failure) [PSYoungGen: 69472K->1408K(70144K)] 402286K->334222K(712704K), 0.0014835 secs] [Times: user=0.00 sys=0.00, real=0.00 secs] 
713.153: [GC (Allocation Failure) [PSYoungGen: 69504K->1376K(70144K)] 402318K->334190K(712704K), 0.0016428 secs] [Times: user=0.01 sys=0.00, real=0.00 secs] 
713.699: [GC (Allocation Failure) [PSYoungGen: 69472K->1376K(70144K)] 402286K->334190K(712704K), 0.0018753 secs] [Times: user=0.00 sys=0.00, real=0.00 secs] 
714.811: [GC (Allocation Failure) [PSYoungGen: 69472K->1408K(70144K)] 402286K->334222K(712704K), 0.0018209 secs] [Times: user=0.00 sys=0.00, real=0.00 secs] 
715.363: [GC (Allocation Failure) [PSYoungGen: 69504K->1376K(70144K)] 402318K->334190K(712704K), 0.0025460 secs] [Times: user=0.01 sys=0.00, real=0.01 secs] 
715.939: [GC (Allocation Failure) [PSYoungGen: 69472K->1408K(70144K)] 402286K->334222K(712704K), 0.0025715 secs] [Times: user=0.01 sys=0.01, real=0.00 secs] 
716.500: [GC (Allocation Failure) [PSYoungGen: 69504K->1408K(70144K)] 402318K->334222K(712704K), 0.0032063 secs] [Times: user=0.01 sys=0.00, real=0.00 secs] 
717.256: [GC (Allocation Failure) [PSYoungGen: 69504K->1360K(70144K)] 402318K->334190K(712704K), 0.0012947 secs] [Times: user=0.00 sys=0.00, real=0.00 secs] 
718.286: [GC (Allocation Failure) [PSYoungGen: 69456K->1392K(70144K)] 402286K->334222K(712704K), 0.0020051 secs] [Times: user=0.00 sys=0.00, real=0.00 secs] 
718.986: [GC (Allocation Failure) [PSYoungGen: 69488K->1440K(70144K)] 402318K->334270K(712704K), 0.0031276 secs] [Times: user=0.01 sys=0.00, real=0.00 secs] 
719.813: [GC (Allocation Failure) [PSYoungGen: 69536K->1376K(70144K)] 402366K->334206K(712704K), 0.0040383 secs] [Times: user=0.02 sys=0.00, real=0.01 secs] 
720.772: [GC (Allocation Failure) [PSYoungGen: 69472K->1408K(70144K)] 402302K->334238K(712704K), 0.0036794 secs] [Times: user=0.02 sys=0.00, real=0.01 secs] 
721.735: [GC (Allocation Failure) [PSYoungGen: 69504K->1424K(70144K)] 402334K->334254K(712704K), 0.0018134 secs] [Times: user=0.01 sys=0.00, real=0.01 secs] 
722.126: [GC (Allocation Failure) [PSYoungGen: 69520K->1440K(70144K)] 402350K->334270K(712704K), 0.0016760 secs] [Times: user=0.01 sys=0.00, real=0.00 secs] 
722.689: [GC (Allocation Failure) [PSYoungGen: 69536K->1328K(70144K)] 402366K->334166K(712704K), 0.0032425 secs] [Times: user=0.01 sys=0.00, real=0.00 secs] 
723.333: [GC (Allocation Failure) [PSYoungGen: 69424K->1344K(70144K)] 402262K->334182K(712704K), 0.0029213 secs] [Times: user=0.01 sys=0.00, real=0.01 secs] 
725.038: [GC (Allocation Failure) [PSYoungGen: 69440K->1376K(70144K)] 402278K->334214K(712704K), 0.0036773 secs] [Times: user=0.01 sys=0.00, real=0.00 secs] 
726.469: [GC (Allocation Failure) [PSYoungGen: 69472K->1376K(70144K)] 402310K->334214K(712704K), 0.0036735 secs] [Times: user=0.01 sys=0.00, real=0.00 secs] 
727.103: [GC (Allocation Failure) [PSYoungGen: 69472K->1344K(70144K)] 402310K->334190K(712704K), 0.0024690 secs] [Times: user=0.01 sys=0.00, real=0.01 secs] 
727.673: [GC (Allocation Failure) [PSYoungGen: 69440K->1344K(70144K)] 402286K->334190K(712704K), 0.0020345 secs] [Times: user=0.01 sys=0.00, real=0.01 secs] 
728.546: [GC (Allocation Failure) [PSYoungGen: 69440K->1360K(69632K)] 402286K->334206K(712192K), 0.0013695 secs] [Times: user=0.01 sys=0.00, real=0.00 secs] 
729.388: [GC (Allocation Failure) [PSYoungGen: 69456K->1360K(69632K)] 402302K->334214K(712192K), 0.0020674 secs] [Times: user=0.01 sys=0.00, real=0.00 secs] 
729.948: [GC (Allocation Failure) [PSYoungGen: 69456K->1376K(69632K)] 402310K->334230K(712192K), 0.0019736 secs] [Times: user=0.01 sys=0.00, real=0.00 secs] 
730.271: [GC (Allocation Failure) [PSYoungGen: 69472K->1376K(69632K)] 402326K->334238K(712192K), 0.0018069 secs] [Times: user=0.01 sys=0.00, real=0.00 secs] 
730.557: [GC (Allocation Failure) [PSYoungGen: 69472K->1376K(69632K)] 402334K->334238K(712192K), 0.0026922 secs] [Times: user=0.01 sys=0.00, real=0.00 secs] 
731.915: [GC (Allocation Failure) [PSYoungGen: 69472K->1408K(69632K)] 402334K->334270K(712192K), 0.0036395 secs] [Times: user=0.01 sys=0.00, real=0.01 secs] 
732.579: [GC (Allocation Failure) [PSYoungGen: 69504K->1344K(69632K)] 402366K->334206K(712192K), 0.0029935 secs] [Times: user=0.01 sys=0.01, real=0.00 secs] 
733.127: [GC (Allocation Failure) [PSYoungGen: 69440K->1376K(69632K)] 402302K->334238K(712192K), 0.0025026 secs] [Times: user=0.01 sys=0.00, real=0.00 secs] 
733.638: [GC (Allocation Failure) [PSYoungGen: 69472K->1376K(69632K)] 402334K->334238K(712192K), 0.0026367 secs] [Times: user=0.01 sys=0.00, real=0.00 secs] 
735.374: [GC (Allocation Failure) [PSYoungGen: 69472K->896K(69632K)] 402334K->334782K(712192K), 0.0019100 secs] [Times: user=0.00 sys=0.00, real=0.01 secs] 
735.996: [GC (Allocation Failure) [PSYoungGen: 68992K->352K(69632K)] 402878K->334238K(712192K), 0.0029155 secs] [Times: user=0.01 sys=0.00, real=0.00 secs] 
736.559: [GC (Allocation Failure) [PSYoungGen: 68448K->384K(70144K)] 402334K->334278K(712704K), 0.0023448 secs] [Times: user=0.01 sys=0.00, real=0.00 secs] 
737.073: [GC (Allocation Failure) [PSYoungGen: 68480K->352K(70144K)] 402374K->334246K(712704K), 0.0017853 secs] [Times: user=0.01 sys=0.00, real=0.00 secs] 
737.355: [GC (Allocation Failure) [PSYoungGen: 68448K->352K(70144K)] 402342K->334246K(712704K), 0.0016761 secs] [Times: user=0.00 sys=0.00, real=0.00 secs] 
738.276: [GC (Allocation Failure) [PSYoungGen: 68448K->1376K(70144K)] 402342K->335278K(712704K), 0.0016749 secs] [Times: user=0.01 sys=0.00, real=0.00 secs] 
738.816: [GC (Allocation Failure) [PSYoungGen: 69472K->1376K(70144K)] 403374K->335286K(712704K), 0.0030078 secs] [Times: user=0.01 sys=0.00, real=0.00 secs] 
739.375: [GC (Allocation Failure) [PSYoungGen: 69472K->1312K(70144K)] 403382K->335238K(712704K), 0.0029458 secs] [Times: user=0.01 sys=0.00, real=0.01 secs] 
739.986: [GC (Allocation Failure) [PSYoungGen: 69408K->1344K(70144K)] 403334K->335270K(712704K), 0.0024996 secs] [Times: user=0.01 sys=0.00, real=0.00 secs] 
740.951: [GC (Allocation Failure) [PSYoungGen: 69440K->1376K(70144K)] 403366K->335302K(712704K), 0.0015920 secs] [Times: user=0.00 sys=0.00, real=0.00 secs] 
741.501: [GC (Allocation Failure) [PSYoungGen: 69472K->1344K(70144K)] 403398K->335270K(712704K), 0.0019263 secs] [Times: user=0.01 sys=0.00, real=0.00 secs] 
741.987: [GC (Allocation Failure) [PSYoungGen: 69440K->1344K(70144K)] 403366K->335270K(712704K), 0.0025916 secs] [Times: user=0.01 sys=0.00, real=0.00 secs] 
742.265: [GC (Allocation Failure) [PSYoungGen: 69440K->1376K(70144K)] 403366K->335302K(712704K), 0.0018262 secs] [Times: user=0.01 sys=0.00, real=0.01 secs] 
742.955: [GC (Allocation Failure) [PSYoungGen: 69472K->1341K(70144K)] 403398K->335267K(712704K), 0.0014981 secs] [Times: user=0.01 sys=0.00, real=0.00 secs] 
743.282: [GC (Allocation Failure) [PSYoungGen: 69437K->1392K(70144K)] 403363K->335318K(712704K), 0.0015288 secs] [Times: user=0.00 sys=0.00, real=0.00 secs] 
743.564: [GC (Allocation Failure) [PSYoungGen: 69488K->1344K(70144K)] 403414K->335278K(712704K), 0.0016249 secs] [Times: user=0.01 sys=0.00, real=0.01 secs] 
743.847: [GC (Allocation Failure) [PSYoungGen: 69440K->1344K(70144K)] 403374K->335278K(712704K), 0.0017404 secs] [Times: user=0.01 sys=0.00, real=0.00 secs] 
744.129: [GC (Allocation Failure) [PSYoungGen: 69440K->1344K(70144K)] 403374K->335278K(712704K), 0.0016872 secs] [Times: user=0.01 sys=0.00, real=0.00 secs] 
745.976: [GC (Allocation Failure) [PSYoungGen: 69440K->1376K(70144K)] 403374K->335318K(712704K), 0.0045160 secs] [Times: user=0.02 sys=0.00, real=0.00 secs] 
746.992: [GC (Allocation Failure) [PSYoungGen: 69472K->1344K(70144K)] 403414K->335286K(712704K), 0.0021995 secs] [Times: user=0.00 sys=0.00, real=0.00 secs] 
747.771: [GC (Allocation Failure) [PSYoungGen: 69440K->1344K(70144K)] 403382K->335302K(712704K), 0.0026323 secs] [Times: user=0.01 sys=0.00, real=0.00 secs] 
748.429: [GC (Allocation Failure) [PSYoungGen: 69440K->1344K(70144K)] 403398K->335302K(712704K), 0.0034353 secs] [Times: user=0.02 sys=0.00, real=0.00 secs] 
749.669: [GC (Allocation Failure) [PSYoungGen: 69440K->1312K(70144K)] 403398K->335270K(712704K), 0.0015172 secs] [Times: user=0.01 sys=0.00, real=0.00 secs] 
750.622: [GC (Allocation Failure) [PSYoungGen: 69408K->1344K(70144K)] 403366K->335302K(712704K), 0.0021723 secs] [Times: user=0.01 sys=0.00, real=0.00 secs] 
751.599: [GC (Allocation Failure) [PSYoungGen: 69440K->1344K(70144K)] 403398K->335310K(712704K), 0.0020984 secs] [Times: user=0.01 sys=0.00, real=0.00 secs] 
752.611: [GC (Allocation Failure) [PSYoungGen: 69440K->1376K(70144K)] 403406K->335342K(712704K), 0.0019424 secs] [Times: user=0.01 sys=0.00, real=0.00 secs] 
752.894: [GC (Allocation Failure) [PSYoungGen: 69472K->1344K(70144K)] 403438K->335310K(712704K), 0.0017260 secs] [Times: user=0.00 sys=0.00, real=0.01 secs] 
753.177: [GC (Allocation Failure) [PSYoungGen: 69440K->1312K(70144K)] 403406K->335278K(712704K), 0.0017162 secs] [Times: user=0.00 sys=0.00, real=0.00 secs] 
753.459: [GC (Allocation Failure) [PSYoungGen: 69408K->1312K(70144K)] 403374K->335278K(712704K), 0.0018526 secs] [Times: user=0.00 sys=0.00, real=0.00 secs] 
754.240: [GC (Allocation Failure) [PSYoungGen: 69408K->1328K(70144K)] 403374K->335302K(712704K), 0.0015636 secs] [Times: user=0.00 sys=0.00, real=0.00 secs] 
754.718: [GC (Allocation Failure) [PSYoungGen: 69424K->1408K(70144K)] 403398K->335382K(712704K), 0.0019876 secs] [Times: user=0.01 sys=0.00, real=0.00 secs] 
755.095: [GC (Allocation Failure) [PSYoungGen: 69504K->1312K(70144K)] 403478K->335286K(712704K), 0.0014507 secs] [Times: user=0.01 sys=0.00, real=0.00 secs] 
755.614: [GC (Allocation Failure) [PSYoungGen: 69408K->1312K(69632K)] 403382K->335286K(712192K), 0.0016552 secs] [Times: user=0.00 sys=0.00, real=0.01 secs] 
756.106: [GC (Allocation Failure) [PSYoungGen: 69408K->1344K(69632K)] 403382K->335326K(712192K), 0.0019272 secs] [Times: user=0.01 sys=0.00, real=0.00 secs] 
757.152: [GC (Allocation Failure) [PSYoungGen: 69440K->320K(69120K)] 403422K->335326K(711680K), 0.0016488 secs] [Times: user=0.01 sys=0.00, real=0.00 secs] 
757.714: [GC (Allocation Failure) [PSYoungGen: 68416K->288K(70144K)] 403422K->335294K(712704K), 0.0017235 secs] [Times: user=0.01 sys=0.00, real=0.01 secs] 
758.321: [GC (Allocation Failure) [PSYoungGen: 68384K->288K(70144K)] 403390K->335310K(712704K), 0.0019776 secs] [Times: user=0.00 sys=0.00, real=0.00 secs] 
758.941: [GC (Allocation Failure) [PSYoungGen: 68384K->320K(70144K)] 403406K->335342K(712704K), 0.0021422 secs] [Times: user=0.01 sys=0.00, real=0.00 secs] 
759.985: [GC (Allocation Failure) [PSYoungGen: 68416K->1856K(69632K)] 403438K->336878K(712192K), 0.0017063 secs] [Times: user=0.01 sys=0.01, real=0.00 secs] 
760.385: [GC (Allocation Failure) [PSYoungGen: 69440K->1328K(70144K)] 404462K->336350K(712704K), 0.0018375 secs] [Times: user=0.01 sys=0.00, real=0.00 secs] 
760.688: [GC (Allocation Failure) [PSYoungGen: 68912K->1344K(70144K)] 403934K->336366K(712704K), 0.0019413 secs] [Times: user=0.01 sys=0.00, real=0.00 secs] 
760.975: [GC (Allocation Failure) [PSYoungGen: 68928K->1360K(70144K)] 403950K->336382K(712704K), 0.0023767 secs] [Times: user=0.01 sys=0.00, real=0.01 secs] 
761.250: [GC (Allocation Failure) [PSYoungGen: 68944K->1344K(70144K)] 403966K->336366K(712704K), 0.0019513 secs] [Times: user=0.01 sys=0.00, real=0.00 secs] 
762.546: [GC (Allocation Failure) [PSYoungGen: 68928K->1392K(70144K)] 403950K->336414K(712704K), 0.0023145 secs] [Times: user=0.01 sys=0.00, real=0.00 secs] 
763.390: [GC (Allocation Failure) [PSYoungGen: 68976K->1360K(70144K)] 403998K->336382K(712704K), 0.0044854 secs] [Times: user=0.01 sys=0.00, real=0.00 secs] 
763.993: [GC (Allocation Failure) [PSYoungGen: 68944K->1360K(69120K)] 403966K->336382K(711680K), 0.0026827 secs] [Times: user=0.01 sys=0.00, real=0.01 secs] 
764.698: [GC (Allocation Failure) [PSYoungGen: 68944K->1376K(69632K)] 403966K->336398K(712192K), 0.0041139 secs] [Times: user=0.02 sys=0.00, real=0.00 secs] 
765.701: [GC (Allocation Failure) [PSYoungGen: 68960K->1376K(69632K)] 403982K->336398K(712192K), 0.0014771 secs] [Times: user=0.01 sys=0.00, real=0.00 secs] 
766.031: [GC (Allocation Failure) [PSYoungGen: 68960K->1344K(69632K)] 403982K->336366K(712192K), 0.0016230 secs] [Times: user=0.01 sys=0.00, real=0.00 secs] 
766.686: [GC (Allocation Failure) [PSYoungGen: 68928K->1344K(69632K)] 403950K->336374K(712192K), 0.0017924 secs] [Times: user=0.01 sys=0.00, real=0.00 secs] 
767.370: [GC (Allocation Failure) [PSYoungGen: 68928K->1344K(69632K)] 403958K->336374K(712192K), 0.0026620 secs] [Times: user=0.01 sys=0.00, real=0.00 secs] 
768.358: [GC (Allocation Failure) [PSYoungGen: 68928K->1357K(69632K)] 403958K->336395K(712192K), 0.0013918 secs] [Times: user=0.01 sys=0.00, real=0.00 secs] 
769.381: [GC (Allocation Failure) [PSYoungGen: 68941K->1376K(69632K)] 403979K->336414K(712192K), 0.0019779 secs] [Times: user=0.01 sys=0.00, real=0.00 secs] 
770.216: [GC (Allocation Failure) [PSYoungGen: 68960K->1360K(69632K)] 403998K->336398K(712192K), 0.0045165 secs] [Times: user=0.01 sys=0.00, real=0.00 secs] 
770.948: [GC (Allocation Failure) [PSYoungGen: 68944K->1344K(69632K)] 403982K->336382K(712192K), 0.0025171 secs] [Times: user=0.01 sys=0.01, real=0.00 secs] 
771.815: [GC (Allocation Failure) [PSYoungGen: 68928K->1296K(69632K)] 403966K->336334K(712192K), 0.0037439 secs] [Times: user=0.02 sys=0.00, real=0.00 secs] 
773.325: [GC (Allocation Failure) [PSYoungGen: 68880K->1408K(69632K)] 403918K->336446K(712192K), 0.0022183 secs] [Times: user=0.00 sys=0.00, real=0.00 secs] 
774.534: [GC (Allocation Failure) [PSYoungGen: 68992K->1344K(69632K)] 404030K->336382K(712192K), 0.0029413 secs] [Times: user=0.02 sys=0.00, real=0.01 secs] 
775.460: [GC (Allocation Failure) [PSYoungGen: 68928K->1344K(69632K)] 403966K->336382K(712192K), 0.0030204 secs] [Times: user=0.01 sys=0.00, real=0.00 secs] 
776.126: [GC (Allocation Failure) [PSYoungGen: 68928K->1408K(69632K)] 403966K->336446K(712192K), 0.0036489 secs] [Times: user=0.02 sys=0.00, real=0.00 secs] 
777.156: [GC (Allocation Failure) [PSYoungGen: 68992K->1632K(69632K)] 404030K->336670K(712192K), 0.0016158 secs] [Times: user=0.00 sys=0.00, real=0.00 secs] 
778.115: [GC (Allocation Failure) [PSYoungGen: 69216K->1344K(69632K)] 404254K->336382K(712192K), 0.0031658 secs] [Times: user=0.01 sys=0.00, real=0.01 secs] 
779.114: [GC (Allocation Failure) [PSYoungGen: 68928K->1344K(69632K)] 403966K->336382K(712192K), 0.0035314 secs] [Times: user=0.01 sys=0.00, real=0.01 secs] 
779.731: [GC (Allocation Failure) [PSYoungGen: 68928K->1328K(69632K)] 403966K->336366K(712192K), 0.0030902 secs] [Times: user=0.01 sys=0.00, real=0.00 secs] 
780.413: [GC (Allocation Failure) [PSYoungGen: 68912K->1344K(69632K)] 403950K->336382K(712192K), 0.0030148 secs] [Times: user=0.01 sys=0.00, real=0.01 secs] 
782.324: [GC (Allocation Failure) [PSYoungGen: 68928K->1376K(69632K)] 403966K->336414K(712192K), 0.0044265 secs] [Times: user=0.01 sys=0.00, real=0.01 secs] 
783.337: [GC (Allocation Failure) [PSYoungGen: 68960K->1376K(69632K)] 403998K->336422K(712192K), 0.0036743 secs] [Times: user=0.01 sys=0.00, real=0.00 secs] 
784.355: [GC (Allocation Failure) [PSYoungGen: 68960K->1344K(69632K)] 404006K->336390K(712192K), 0.0044457 secs] [Times: user=0.01 sys=0.00, real=0.01 secs] 
785.191: [GC (Allocation Failure) [PSYoungGen: 68928K->1344K(69632K)] 403974K->336390K(712192K), 0.0043633 secs] [Times: user=0.01 sys=0.00, real=0.01 secs] 
786.405: [GC (Allocation Failure) [PSYoungGen: 68928K->1408K(69632K)] 403974K->336454K(712192K), 0.0015456 secs] [Times: user=0.01 sys=0.00, real=0.00 secs] 
786.704: [GC (Allocation Failure) [PSYoungGen: 68992K->1344K(69120K)] 404038K->336390K(711680K), 0.0016715 secs] [Times: user=0.00 sys=0.00, real=0.01 secs] 
786.993: [GC (Allocation Failure) [PSYoungGen: 68928K->1312K(69120K)] 403974K->336358K(711680K), 0.0018948 secs] [Times: user=0.01 sys=0.01, real=0.00 secs] 
787.282: [GC (Allocation Failure) [PSYoungGen: 68896K->288K(68608K)] 403942K->336358K(711168K), 0.0019254 secs] [Times: user=0.00 sys=0.00, real=0.00 secs] 
787.738: [GC (Allocation Failure) [PSYoungGen: 67872K->1357K(69632K)] 403942K->337427K(712192K), 0.0013698 secs] [Times: user=0.00 sys=0.00, real=0.00 secs] 
788.909: [GC (Allocation Failure) [PSYoungGen: 68941K->1408K(69632K)] 405011K->337478K(712192K), 0.0028257 secs] [Times: user=0.01 sys=0.00, real=0.00 secs] 
789.972: [GC (Allocation Failure) [PSYoungGen: 68992K->1360K(69632K)] 405062K->337430K(712192K), 0.0036033 secs] [Times: user=0.01 sys=0.00, real=0.01 secs] 
790.645: [GC (Allocation Failure) [PSYoungGen: 68944K->1344K(69632K)] 405014K->337422K(712192K), 0.0022537 secs] [Times: user=0.01 sys=0.00, real=0.00 secs] 
790.920: [GC (Allocation Failure) [PSYoungGen: 68928K->1360K(69632K)] 405006K->337438K(712192K), 0.0018210 secs] [Times: user=0.00 sys=0.00, real=0.00 secs] 
791.746: [GC (Allocation Failure) [PSYoungGen: 68944K->1376K(69632K)] 405022K->337454K(712192K), 0.0021151 secs] [Times: user=0.01 sys=0.00, real=0.00 secs] 
792.028: [GC (Allocation Failure) [PSYoungGen: 68960K->1328K(69632K)] 405038K->337406K(712192K), 0.0018476 secs] [Times: user=0.01 sys=0.00, real=0.00 secs] 
792.389: [GC (Allocation Failure) [PSYoungGen: 68912K->1344K(69632K)] 404990K->337422K(712192K), 0.0017505 secs] [Times: user=0.00 sys=0.00, real=0.00 secs] 
792.669: [GC (Allocation Failure) [PSYoungGen: 68928K->1344K(69632K)] 405006K->337422K(712192K), 0.0017305 secs] [Times: user=0.01 sys=0.00, real=0.00 secs] 
793.372: [GC (Allocation Failure) [PSYoungGen: 68928K->1312K(69632K)] 405006K->337390K(712192K), 0.0014509 secs] [Times: user=0.01 sys=0.00, real=0.00 secs] 
793.699: [GC (Allocation Failure) [PSYoungGen: 68896K->1344K(69632K)] 404974K->337422K(712192K), 0.0017141 secs] [Times: user=0.00 sys=0.00, real=0.00 secs] 
793.980: [GC (Allocation Failure) [PSYoungGen: 68928K->1344K(69120K)] 405006K->337422K(711680K), 0.0016404 secs] [Times: user=0.01 sys=0.00, real=0.00 secs] 
794.270: [GC (Allocation Failure) [PSYoungGen: 68928K->1328K(69120K)] 405006K->337406K(711680K), 0.0017612 secs] [Times: user=0.01 sys=0.00, real=0.00 secs] 
794.550: [GC (Allocation Failure) [PSYoungGen: 68912K->320K(68608K)] 404990K->337422K(711168K), 0.0017100 secs] [Times: user=0.01 sys=0.00, real=0.00 secs] 
795.754: [GC (Allocation Failure) [PSYoungGen: 67904K->1360K(69632K)] 405006K->338462K(712192K), 0.0017773 secs] [Times: user=0.00 sys=0.00, real=0.01 secs] 
796.468: [GC (Allocation Failure) [PSYoungGen: 68944K->1376K(69632K)] 406046K->338478K(712192K), 0.0038313 secs] [Times: user=0.01 sys=0.00, real=0.00 secs] 
797.554: [GC (Allocation Failure) [PSYoungGen: 68960K->1328K(69632K)] 406062K->338446K(712192K), 0.0035598 secs] [Times: user=0.02 sys=0.00, real=0.01 secs] 
798.613: [GC (Allocation Failure) [PSYoungGen: 68912K->1344K(69632K)] 406030K->338462K(712192K), 0.0031313 secs] [Times: user=0.02 sys=0.00, real=0.01 secs] 
800.037: [GC (Allocation Failure) [PSYoungGen: 68928K->1376K(69632K)] 406046K->338494K(712192K), 0.0016834 secs] [Times: user=0.01 sys=0.00, real=0.00 secs] 
800.449: [GC (Allocation Failure) [PSYoungGen: 68960K->1328K(69632K)] 406078K->338446K(712192K), 0.0014732 secs] [Times: user=0.00 sys=0.00, real=0.00 secs] 
800.970: [GC (Allocation Failure) [PSYoungGen: 68912K->1344K(69632K)] 406030K->338462K(712192K), 0.0016897 secs] [Times: user=0.00 sys=0.00, real=0.00 secs] 
801.486: [GC (Allocation Failure) [PSYoungGen: 68928K->1408K(69632K)] 406046K->338526K(712192K), 0.0028754 secs] [Times: user=0.01 sys=0.00, real=0.00 secs] 
802.110: [GC (Allocation Failure) [PSYoungGen: 68992K->1360K(69632K)] 406110K->338478K(712192K), 0.0013549 secs] [Times: user=0.01 sys=0.00, real=0.00 secs] 
802.830: [GC (Allocation Failure) [PSYoungGen: 68944K->1376K(69632K)] 406062K->338502K(712192K), 0.0018419 secs] [Times: user=0.00 sys=0.00, real=0.00 secs] 
803.163: [GC (Allocation Failure) [PSYoungGen: 68960K->1376K(69632K)] 406086K->338502K(712192K), 0.0017550 secs] [Times: user=0.01 sys=0.00, real=0.01 secs] 
803.559: [GC (Allocation Failure) [PSYoungGen: 68960K->1344K(69632K)] 406086K->338470K(712192K), 0.0017269 secs] [Times: user=0.01 sys=0.00, real=0.00 secs] 
804.021: [GC (Allocation Failure) [PSYoungGen: 68928K->1344K(69632K)] 406054K->338470K(712192K), 0.0018567 secs] [Times: user=0.01 sys=0.00, real=0.00 secs] 
805.009: [GC (Allocation Failure) [PSYoungGen: 68928K->1376K(69632K)] 406054K->338502K(712192K), 0.0015715 secs] [Times: user=0.01 sys=0.00, real=0.00 secs] 
805.876: [GC (Allocation Failure) [PSYoungGen: 68960K->1376K(69632K)] 406086K->338502K(712192K), 0.0015577 secs] [Times: user=0.01 sys=0.00, real=0.00 secs] 
806.620: [GC (Allocation Failure) [PSYoungGen: 68960K->1312K(69632K)] 406086K->338438K(712192K), 0.0016044 secs] [Times: user=0.01 sys=0.00, real=0.00 secs] 
807.061: [GC (Allocation Failure) [PSYoungGen: 68896K->1312K(69120K)] 406022K->338438K(711680K), 0.0019415 secs] [Times: user=0.00 sys=0.00, real=0.00 secs] 
807.728: [GC (Allocation Failure) [PSYoungGen: 68896K->1357K(69120K)] 406022K->338483K(711680K), 0.0013822 secs] [Times: user=0.00 sys=0.00, real=0.00 secs] 
808.089: [GC (Allocation Failure) [PSYoungGen: 68941K->1376K(69120K)] 406067K->338518K(711680K), 0.0015541 secs] [Times: user=0.00 sys=0.00, real=0.00 secs] 
808.369: [GC (Allocation Failure) [PSYoungGen: 68960K->1328K(69120K)] 406102K->338470K(711680K), 0.0015890 secs] [Times: user=0.00 sys=0.00, real=0.00 secs] 
808.649: [GC (Allocation Failure) [PSYoungGen: 68912K->1344K(69120K)] 406054K->338486K(711680K), 0.0015747 secs] [Times: user=0.01 sys=0.00, real=0.00 secs] 
808.928: [GC (Allocation Failure) [PSYoungGen: 68928K->1344K(69120K)] 406070K->338486K(711680K), 0.0015115 secs] [Times: user=0.01 sys=0.00, real=0.00 secs] 
810.085: [GC (Allocation Failure) [PSYoungGen: 68928K->1376K(69120K)] 406070K->338526K(711680K), 0.0025230 secs] [Times: user=0.01 sys=0.00, real=0.00 secs] 
810.966: [GC (Allocation Failure) [PSYoungGen: 68960K->1344K(69120K)] 406110K->338494K(711680K), 0.0036212 secs] [Times: user=0.01 sys=0.00, real=0.00 secs] 
811.832: [GC (Allocation Failure) [PSYoungGen: 68928K->1376K(69120K)] 406078K->338534K(711680K), 0.0025921 secs] [Times: user=0.01 sys=0.00, real=0.00 secs] 
812.768: [GC (Allocation Failure) [PSYoungGen: 68960K->1376K(69120K)] 406118K->338534K(711680K), 0.0032094 secs] [Times: user=0.01 sys=0.01, real=0.00 secs] 
814.200: [GC (Allocation Failure) [PSYoungGen: 68960K->1408K(69120K)] 406118K->338566K(711680K), 0.0021346 secs] [Times: user=0.01 sys=0.00, real=0.00 secs] 
815.186: [GC (Allocation Failure) [PSYoungGen: 68992K->1376K(69120K)] 406150K->338534K(711680K), 0.0021719 secs] [Times: user=0.01 sys=0.00, real=0.00 secs] 
815.809: [GC (Allocation Failure) [PSYoungGen: 68960K->1312K(69120K)] 406118K->338470K(711680K), 0.0022760 secs] [Times: user=0.00 sys=0.00, real=0.00 secs] 
816.359: [GC (Allocation Failure) [PSYoungGen: 68896K->1344K(69120K)] 406054K->338502K(711680K), 0.0023136 secs] [Times: user=0.01 sys=0.00, real=0.00 secs] 
817.030: [GC (Allocation Failure) [PSYoungGen: 68928K->1344K(69120K)] 406086K->338502K(711680K), 0.0025134 secs] [Times: user=0.01 sys=0.00, real=0.00 secs] 
817.914: [GC (Allocation Failure) [PSYoungGen: 68928K->1376K(69120K)] 406086K->338542K(711680K), 0.0018875 secs] [Times: user=0.00 sys=0.00, real=0.01 secs] 
818.200: [GC (Allocation Failure) [PSYoungGen: 68960K->1360K(69120K)] 406126K->338526K(711680K), 0.0016197 secs] [Times: user=0.01 sys=0.00, real=0.00 secs] 
818.481: [GC (Allocation Failure) [PSYoungGen: 68944K->1360K(69120K)] 406110K->338534K(711680K), 0.0016846 secs] [Times: user=0.01 sys=0.00, real=0.00 secs] 
818.863: [GC (Allocation Failure) [PSYoungGen: 68944K->1360K(69120K)] 406118K->338534K(711680K), 0.0018275 secs] [Times: user=0.01 sys=0.00, real=0.00 secs] 
819.802: [GC (Allocation Failure) [PSYoungGen: 68944K->1408K(69120K)] 406118K->338582K(711680K), 0.0018059 secs] [Times: user=0.01 sys=0.00, real=0.00 secs] 
820.402: [GC (Allocation Failure) [PSYoungGen: 68992K->1376K(69120K)] 406166K->338550K(711680K), 0.0017962 secs] [Times: user=0.01 sys=0.00, real=0.00 secs] 
820.802: [GC (Allocation Failure) [PSYoungGen: 68960K->1408K(69120K)] 406134K->338590K(711680K), 0.0019439 secs] [Times: user=0.00 sys=0.00, real=0.00 secs] 
821.083: [GC (Allocation Failure) [PSYoungGen: 68992K->1376K(69120K)] 406174K->338558K(711680K), 0.0031838 secs] [Times: user=0.01 sys=0.00, real=0.01 secs] 
821.866: [GC (Allocation Failure) [PSYoungGen: 68960K->1392K(69120K)] 406142K->338574K(711680K), 0.0013829 secs] [Times: user=0.01 sys=0.00, real=0.00 secs] 
822.631: [GC (Allocation Failure) [PSYoungGen: 68976K->1408K(69120K)] 406158K->338598K(711680K), 0.0021559 secs] [Times: user=0.01 sys=0.00, real=0.00 secs] 
823.096: [GC (Allocation Failure) [PSYoungGen: 68992K->1376K(69120K)] 406182K->338566K(711680K), 0.0017915 secs] [Times: user=0.01 sys=0.00, real=0.00 secs] 
823.381: [GC (Allocation Failure) [PSYoungGen: 68960K->1376K(69120K)] 406150K->338566K(711680K), 0.0019166 secs] [Times: user=0.01 sys=0.00, real=0.00 secs] 
823.662: [GC (Allocation Failure) [PSYoungGen: 68960K->1408K(69120K)] 406150K->338598K(711680K), 0.0016189 secs] [Times: user=0.01 sys=0.00, real=0.00 secs] 
824.384: [GC (Allocation Failure) [PSYoungGen: 68992K->1440K(69120K)] 406182K->338638K(711680K), 0.0017315 secs] [Times: user=0.00 sys=0.00, real=0.01 secs] 
824.665: [GC (Allocation Failure) [PSYoungGen: 69024K->1376K(69120K)] 406222K->338574K(711680K), 0.0016653 secs] [Times: user=0.00 sys=0.00, real=0.01 secs] 
824.945: [GC (Allocation Failure) [PSYoungGen: 68960K->1376K(69120K)] 406158K->338598K(711680K), 0.0017189 secs] [Times: user=0.01 sys=0.00, real=0.00 secs] 
825.226: [GC (Allocation Failure) [PSYoungGen: 68960K->1376K(69120K)] 406182K->338598K(711680K), 0.0021411 secs] [Times: user=0.01 sys=0.00, real=0.00 secs] 
826.061: [GC (Allocation Failure) [PSYoungGen: 68960K->864K(69120K)] 406182K->339110K(711680K), 0.0019291 secs] [Times: user=0.01 sys=0.00, real=0.00 secs] 
827.026: [GC (Allocation Failure) [PSYoungGen: 68448K->352K(68608K)] 406694K->338598K(711168K), 0.0025275 secs] [Times: user=0.01 sys=0.00, real=0.00 secs] 
827.758: [GC (Allocation Failure) [PSYoungGen: 67424K->384K(69120K)] 405670K->338630K(711680K), 0.0025331 secs] [Times: user=0.01 sys=0.00, real=0.00 secs] 
828.443: [GC (Allocation Failure) [PSYoungGen: 67456K->336K(69120K)] 405702K->338582K(711680K), 0.0023998 secs] [Times: user=0.00 sys=0.00, real=0.01 secs] 
828.974: [GC (Allocation Failure) [PSYoungGen: 67408K->352K(69120K)] 405654K->338598K(711680K), 0.0022256 secs] [Times: user=0.01 sys=0.00, real=0.01 secs] 
830.260: [GC (Allocation Failure) [PSYoungGen: 67424K->1440K(69120K)] 405670K->339694K(711680K), 0.0023235 secs] [Times: user=0.01 sys=0.00, real=0.00 secs] 
831.049: [GC (Allocation Failure) [PSYoungGen: 68512K->1376K(69120K)] 406766K->339630K(711680K), 0.0025696 secs] [Times: user=0.00 sys=0.00, real=0.00 secs] 
831.843: [GC (Allocation Failure) [PSYoungGen: 68448K->1376K(69120K)] 406702K->339638K(711680K), 0.0029698 secs] [Times: user=0.01 sys=0.00, real=0.01 secs] 
832.511: [GC (Allocation Failure) [PSYoungGen: 68448K->1376K(69120K)] 406710K->339638K(711680K), 0.0030041 secs] [Times: user=0.01 sys=0.00, real=0.00 secs] 
833.382: [GC (Allocation Failure) [PSYoungGen: 68448K->1440K(68608K)] 406710K->339710K(711168K), 0.0016859 secs] [Times: user=0.01 sys=0.00, real=0.00 secs] 
833.687: [GC (Allocation Failure) [PSYoungGen: 68000K->1344K(68096K)] 406270K->339614K(710656K), 0.0019254 secs] [Times: user=0.01 sys=0.00, real=0.00 secs] 
833.975: [GC (Allocation Failure) [PSYoungGen: 67904K->1312K(68608K)] 406174K->339590K(711168K), 0.0017023 secs] [Times: user=0.00 sys=0.00, real=0.00 secs] 
834.252: [GC (Allocation Failure) [PSYoungGen: 67872K->1344K(68608K)] 406150K->339622K(711168K), 0.0018595 secs] [Times: user=0.01 sys=0.00, real=0.00 secs] 
834.686: [GC (Allocation Failure) [PSYoungGen: 67904K->1360K(68608K)] 406182K->339638K(711168K), 0.0024943 secs] [Times: user=0.01 sys=0.00, real=0.00 secs] 
835.436: [GC (Allocation Failure) [PSYoungGen: 67920K->1376K(68608K)] 406198K->339654K(711168K), 0.0027257 secs] [Times: user=0.01 sys=0.00, real=0.00 secs] 
835.980: [GC (Allocation Failure) [PSYoungGen: 67936K->1328K(68608K)] 406214K->339622K(711168K), 0.0022919 secs] [Times: user=0.01 sys=0.00, real=0.00 secs] 
836.572: [GC (Allocation Failure) [PSYoungGen: 67888K->1344K(68608K)] 406182K->339638K(711168K), 0.0039914 secs] [Times: user=0.02 sys=0.00, real=0.01 secs] 
837.332: [GC (Allocation Failure) [PSYoungGen: 67904K->1344K(68608K)] 406198K->339638K(711168K), 0.0037522 secs] [Times: user=0.01 sys=0.00, real=0.01 secs] 
838.826: [GC (Allocation Failure) [PSYoungGen: 67904K->1376K(68608K)] 406198K->339686K(711168K), 0.0024122 secs] [Times: user=0.01 sys=0.00, real=0.00 secs] 
839.792: [GC (Allocation Failure) [PSYoungGen: 67936K->1360K(68608K)] 406246K->339670K(711168K), 0.0031987 secs] [Times: user=0.01 sys=0.00, real=0.01 secs] 
840.604: [GC (Allocation Failure) [PSYoungGen: 67920K->1344K(68608K)] 406230K->339662K(711168K), 0.0029050 secs] [Times: user=0.01 sys=0.00, real=0.01 secs] 
841.519: [GC (Allocation Failure) [PSYoungGen: 67904K->1344K(68608K)] 406222K->339662K(711168K), 0.0038034 secs] [Times: user=0.02 sys=0.00, real=0.00 secs] 
842.703: [GC (Allocation Failure) [PSYoungGen: 67904K->1360K(68608K)] 406222K->339678K(711168K), 0.0014409 secs] [Times: user=0.00 sys=0.00, real=0.00 secs] 
843.687: [GC (Allocation Failure) [PSYoungGen: 67920K->1344K(68608K)] 406238K->339662K(711168K), 0.0021028 secs] [Times: user=0.01 sys=0.00, real=0.00 secs] 
844.234: [GC (Allocation Failure) [PSYoungGen: 67904K->1376K(68608K)] 406222K->339702K(711168K), 0.0020883 secs] [Times: user=0.01 sys=0.00, real=0.01 secs] 
844.957: [GC (Allocation Failure) [PSYoungGen: 67936K->1344K(68608K)] 406262K->339670K(711168K), 0.0021484 secs] [Times: user=0.00 sys=0.00, real=0.00 secs] 
845.742: [GC (Allocation Failure) [PSYoungGen: 67904K->1344K(68608K)] 406230K->339670K(711168K), 0.0027336 secs] [Times: user=0.01 sys=0.00, real=0.00 secs] 
846.720: [GC (Allocation Failure) [PSYoungGen: 67904K->1344K(68608K)] 406230K->339670K(711168K), 0.0016946 secs] [Times: user=0.00 sys=0.00, real=0.00 secs] 
847.048: [GC (Allocation Failure) [PSYoungGen: 67904K->1312K(68608K)] 406230K->339638K(711168K), 0.0016940 secs] [Times: user=0.00 sys=0.00, real=0.00 secs] 
847.377: [GC (Allocation Failure) [PSYoungGen: 67872K->1360K(68608K)] 406198K->339686K(711168K), 0.0017866 secs] [Times: user=0.00 sys=0.00, real=0.00 secs] 
847.733: [GC (Allocation Failure) [PSYoungGen: 67920K->1344K(68608K)] 406246K->339670K(711168K), 0.0018725 secs] [Times: user=0.01 sys=0.00, real=0.00 secs] 
848.287: [GC (Allocation Failure) [PSYoungGen: 67904K->1360K(68608K)] 406230K->339686K(711168K), 0.0014202 secs] [Times: user=0.00 sys=0.00, real=0.00 secs] 
849.120: [GC (Allocation Failure) [PSYoungGen: 67920K->1376K(68608K)] 406246K->339702K(711168K), 0.0019902 secs] [Times: user=0.01 sys=0.00, real=0.00 secs] 
849.805: [GC (Allocation Failure) [PSYoungGen: 67936K->1344K(68096K)] 406262K->339686K(710656K), 0.0020301 secs] [Times: user=0.01 sys=0.00, real=0.00 secs] 
850.551: [GC (Allocation Failure) [PSYoungGen: 67904K->1344K(68096K)] 406246K->339686K(710656K), 0.0022381 secs] [Times: user=0.01 sys=0.00, real=0.00 secs] 
851.559: [GC (Allocation Failure) [PSYoungGen: 67904K->320K(67584K)] 406246K->339686K(710144K), 0.0037055 secs] [Times: user=0.01 sys=0.00, real=0.00 secs] 
853.030: [GC (Allocation Failure) [PSYoungGen: 66880K->1376K(68608K)] 406246K->340742K(711168K), 0.0020447 secs] [Times: user=0.01 sys=0.00, real=0.00 secs] 
853.769: [GC (Allocation Failure) [PSYoungGen: 67936K->1376K(68608K)] 407302K->340742K(711168K), 0.0020049 secs] [Times: user=0.01 sys=0.00, real=0.00 secs] 
854.341: [GC (Allocation Failure) [PSYoungGen: 67936K->1376K(68608K)] 407302K->340742K(711168K), 0.0018199 secs] [Times: user=0.01 sys=0.00, real=0.00 secs] 
855.147: [GC (Allocation Failure) [PSYoungGen: 67936K->1344K(68608K)] 407302K->340710K(711168K), 0.0030173 secs] [Times: user=0.01 sys=0.00, real=0.00 secs] 
856.290: [GC (Allocation Failure) [PSYoungGen: 67904K->1360K(68608K)] 407270K->340726K(711168K), 0.0013392 secs] [Times: user=0.01 sys=0.00, real=0.00 secs] 
857.230: [GC (Allocation Failure) [PSYoungGen: 67920K->1408K(68608K)] 407286K->340782K(711168K), 0.0023335 secs] [Times: user=0.01 sys=0.00, real=0.00 secs] 
857.743: [GC (Allocation Failure) [PSYoungGen: 67968K->1360K(68608K)] 407342K->340734K(711168K), 0.0020723 secs] [Times: user=0.01 sys=0.00, real=0.01 secs] 
858.316: [GC (Allocation Failure) [PSYoungGen: 67920K->1376K(68608K)] 407294K->340750K(711168K), 0.0020541 secs] [Times: user=0.00 sys=0.00, real=0.00 secs] 
859.000: [GC (Allocation Failure) [PSYoungGen: 67936K->1376K(68608K)] 407310K->340758K(711168K), 0.0027850 secs] [Times: user=0.01 sys=0.00, real=0.00 secs] 
860.113: [GC (Allocation Failure) [PSYoungGen: 67936K->1408K(68608K)] 407318K->340790K(711168K), 0.0019146 secs] [Times: user=0.01 sys=0.01, real=0.00 secs] 
860.886: [GC (Allocation Failure) [PSYoungGen: 67968K->1376K(68608K)] 407350K->340766K(711168K), 0.0021233 secs] [Times: user=0.01 sys=0.00, real=0.00 secs] 
861.587: [GC (Allocation Failure) [PSYoungGen: 67936K->1344K(68608K)] 407326K->340742K(711168K), 0.0020907 secs] [Times: user=0.01 sys=0.00, real=0.00 secs] 
862.236: [GC (Allocation Failure) [PSYoungGen: 67904K->1376K(68608K)] 407302K->340782K(711168K), 0.0018493 secs] [Times: user=0.01 sys=0.00, real=0.00 secs] 
863.090: [GC (Allocation Failure) [PSYoungGen: 67936K->1389K(68608K)] 407342K->340795K(711168K), 0.0014139 secs] [Times: user=0.01 sys=0.00, real=0.00 secs] 
863.562: [GC (Allocation Failure) [PSYoungGen: 67949K->1408K(68608K)] 407355K->340814K(711168K), 0.0015519 secs] [Times: user=0.01 sys=0.00, real=0.00 secs] 
863.837: [GC (Allocation Failure) [PSYoungGen: 67968K->1392K(68608K)] 407374K->340798K(711168K), 0.0015217 secs] [Times: user=0.00 sys=0.00, real=0.00 secs] 
864.116: [GC (Allocation Failure) [PSYoungGen: 67952K->1376K(68608K)] 407358K->340782K(711168K), 0.0029024 secs] [Times: user=0.02 sys=0.00, real=0.00 secs] 
864.513: [GC (Allocation Failure) [PSYoungGen: 67936K->1392K(68608K)] 407342K->340798K(711168K), 0.0020931 secs] [Times: user=0.01 sys=0.00, real=0.01 secs] 
865.576: [GC (Allocation Failure) [PSYoungGen: 67952K->1440K(68608K)] 407358K->340846K(711168K), 0.0022148 secs] [Times: user=0.00 sys=0.00, real=0.00 secs] 
866.158: [GC (Allocation Failure) [PSYoungGen: 68000K->1408K(68608K)] 407406K->340814K(711168K), 0.0023117 secs] [Times: user=0.01 sys=0.00, real=0.00 secs] 
866.470: [GC (Allocation Failure) [PSYoungGen: 67968K->1344K(68608K)] 407374K->340758K(711168K), 0.0019237 secs] [Times: user=0.00 sys=0.00, real=0.00 secs] 
866.753: [GC (Allocation Failure) [PSYoungGen: 67904K->1376K(68096K)] 407318K->340790K(710656K), 0.0018286 secs] [Times: user=0.01 sys=0.01, real=0.00 secs] 
867.534: [GC (Allocation Failure) [PSYoungGen: 67933K->128K(68096K)] 407348K->339558K(710656K), 0.0015829 secs] [Times: user=0.00 sys=0.00, real=0.01 secs] 
867.862: [GC (Allocation Failure) [PSYoungGen: 66688K->1376K(68608K)] 406118K->340806K(711168K), 0.0019563 secs] [Times: user=0.00 sys=0.00, real=0.00 secs] 
868.296: [GC (Allocation Failure) [PSYoungGen: 67936K->1344K(68608K)] 407366K->340774K(711168K), 0.0020601 secs] [Times: user=0.01 sys=0.00, real=0.00 secs] 
868.795: [GC (Allocation Failure) [PSYoungGen: 67904K->1312K(68608K)] 407334K->340742K(711168K), 0.0020495 secs] [Times: user=0.01 sys=0.00, real=0.00 secs] 
869.290: [GC (Allocation Failure) [PSYoungGen: 67872K->1312K(68608K)] 407302K->340742K(711168K), 0.0029223 secs] [Times: user=0.01 sys=0.00, real=0.00 secs] 
870.555: [GC (Allocation Failure) [PSYoungGen: 67872K->1408K(68608K)] 407302K->340838K(711168K), 0.0016796 secs] [Times: user=0.01 sys=0.00, real=0.01 secs] 
871.170: [GC (Allocation Failure) [PSYoungGen: 67968K->1344K(68608K)] 407398K->340774K(711168K), 0.0036952 secs] [Times: user=0.01 sys=0.00, real=0.00 secs] 
871.834: [GC (Allocation Failure) [PSYoungGen: 67904K->1344K(68608K)] 407334K->340774K(711168K), 0.0044166 secs] [Times: user=0.02 sys=0.00, real=0.01 secs] 
872.423: [GC (Allocation Failure) [PSYoungGen: 67904K->1312K(68608K)] 407334K->340742K(711168K), 0.0030778 secs] [Times: user=0.02 sys=0.00, real=0.01 secs] 
873.409: [GC (Allocation Failure) [PSYoungGen: 67872K->1552K(68608K)] 407302K->340982K(711168K), 0.0018451 secs] [Times: user=0.01 sys=0.00, real=0.00 secs] 
873.690: [GC (Allocation Failure) [PSYoungGen: 68112K->1328K(68608K)] 407542K->340758K(711168K), 0.0017708 secs] [Times: user=0.01 sys=0.00, real=0.00 secs] 
874.052: [GC (Allocation Failure) [PSYoungGen: 67888K->1360K(68608K)] 407318K->340806K(711168K), 0.0019224 secs] [Times: user=0.01 sys=0.00, real=0.00 secs] 
874.329: [GC (Allocation Failure) [PSYoungGen: 67920K->1424K(68608K)] 407366K->340870K(711168K), 0.0019137 secs] [Times: user=0.01 sys=0.00, real=0.00 secs] 
874.620: [GC (Allocation Failure) [PSYoungGen: 67984K->1360K(68608K)] 407430K->340806K(711168K), 0.0019076 secs] [Times: user=0.00 sys=0.00, real=0.00 secs] 
875.654: [GC (Allocation Failure) [PSYoungGen: 67920K->1392K(68608K)] 407366K->340838K(711168K), 0.0018892 secs] [Times: user=0.00 sys=0.00, real=0.01 secs] 
876.248: [GC (Allocation Failure) [PSYoungGen: 67952K->1392K(68608K)] 407398K->340838K(711168K), 0.0038278 secs] [Times: user=0.01 sys=0.00, real=0.00 secs] 
876.850: [GC (Allocation Failure) [PSYoungGen: 67952K->1392K(68608K)] 407398K->340846K(711168K), 0.0024894 secs] [Times: user=0.01 sys=0.00, real=0.00 secs] 
877.427: [GC (Allocation Failure) [PSYoungGen: 67952K->1360K(68608K)] 407406K->340830K(711168K), 0.0025284 secs] [Times: user=0.01 sys=0.00, real=0.00 secs] 
878.402: [GC (Allocation Failure) [PSYoungGen: 67920K->1904K(68608K)] 407390K->341382K(711168K), 0.0018063 secs] [Times: user=0.00 sys=0.00, real=0.00 secs] 
878.756: [GC (Allocation Failure) [PSYoungGen: 68464K->1424K(68608K)] 407942K->340902K(711168K), 0.0017496 secs] [Times: user=0.01 sys=0.00, real=0.00 secs] 
879.036: [GC (Allocation Failure) [PSYoungGen: 67984K->1424K(68608K)] 407462K->340910K(711168K), 0.0018480 secs] [Times: user=0.01 sys=0.00, real=0.00 secs] 
879.312: [GC (Allocation Failure) [PSYoungGen: 67984K->1424K(68608K)] 407470K->340910K(711168K), 0.0018858 secs] [Times: user=0.01 sys=0.00, real=0.00 secs] 
879.640: [GC (Allocation Failure) [PSYoungGen: 67984K->1392K(68608K)] 407470K->340878K(711168K), 0.0019981 secs] [Times: user=0.01 sys=0.00, real=0.00 secs] 
880.665: [GC (Allocation Failure) [PSYoungGen: 67952K->1392K(68608K)] 407438K->340886K(711168K), 0.0019759 secs] [Times: user=0.01 sys=0.00, real=0.00 secs] 
881.371: [GC (Allocation Failure) [PSYoungGen: 67952K->1392K(68608K)] 407446K->340918K(711168K), 0.0043050 secs] [Times: user=0.02 sys=0.00, real=0.01 secs] 
882.193: [GC (Allocation Failure) [PSYoungGen: 67952K->1376K(68608K)] 407478K->340902K(711168K), 0.0044652 secs] [Times: user=0.02 sys=0.00, real=0.01 secs] 
883.025: [GC (Allocation Failure) [PSYoungGen: 67936K->1472K(68608K)] 407462K->340998K(711168K), 0.0029463 secs] [Times: user=0.01 sys=0.00, real=0.00 secs] 
884.096: [GC (Allocation Failure) [PSYoungGen: 68032K->1424K(68608K)] 407558K->340950K(711168K), 0.0017164 secs] [Times: user=0.01 sys=0.00, real=0.00 secs] 
885.536: [GC (Allocation Failure) [PSYoungGen: 67984K->1376K(68608K)] 407510K->340902K(711168K), 0.0033556 secs] [Times: user=0.01 sys=0.00, real=0.00 secs] 
886.242: [GC (Allocation Failure) [PSYoungGen: 67936K->1376K(68608K)] 407462K->340902K(711168K), 0.0029675 secs] [Times: user=0.01 sys=0.00, real=0.00 secs] 
886.806: [GC (Allocation Failure) [PSYoungGen: 67936K->1360K(68608K)] 407462K->340886K(711168K), 0.0024310 secs] [Times: user=0.01 sys=0.00, real=0.00 secs] 
887.388: [GC (Allocation Failure) [PSYoungGen: 67920K->1376K(68608K)] 407446K->340902K(711168K), 0.0022981 secs] [Times: user=0.01 sys=0.00, real=0.00 secs] 
888.299: [GC (Allocation Failure) [PSYoungGen: 67936K->1440K(68608K)] 407462K->340966K(711168K), 0.0017238 secs] [Times: user=0.01 sys=0.00, real=0.00 secs] 
888.977: [GC (Allocation Failure) [PSYoungGen: 68000K->1360K(68608K)] 407526K->340910K(711168K), 0.0018028 secs] [Times: user=0.01 sys=0.00, real=0.00 secs] 
889.845: [GC (Allocation Failure) [PSYoungGen: 67920K->1376K(68096K)] 407470K->340926K(710656K), 0.0024308 secs] [Times: user=0.00 sys=0.00, real=0.01 secs] 
890.695: [GC (Allocation Failure) [PSYoungGen: 67936K->1360K(68096K)] 407486K->340910K(710656K), 0.0026997 secs] [Times: user=0.01 sys=0.00, real=0.00 secs] 
891.749: [GC (Allocation Failure) [PSYoungGen: 67920K->1440K(68096K)] 407470K->340990K(710656K), 0.0016399 secs] [Times: user=0.00 sys=0.00, real=0.00 secs] 
892.301: [GC (Allocation Failure) [PSYoungGen: 68000K->1376K(68096K)] 407550K->340926K(710656K), 0.0017224 secs] [Times: user=0.01 sys=0.00, real=0.00 secs] 
893.045: [GC (Allocation Failure) [PSYoungGen: 67936K->1376K(68096K)] 407486K->340934K(710656K), 0.0019925 secs] [Times: user=0.01 sys=0.00, real=0.00 secs] 
893.885: [GC (Allocation Failure) [PSYoungGen: 67936K->1344K(68096K)] 407494K->340902K(710656K), 0.0025484 secs] [Times: user=0.01 sys=0.00, real=0.01 secs] 
894.740: [GC (Allocation Failure) [PSYoungGen: 67904K->1296K(68096K)] 407462K->340854K(710656K), 0.0024769 secs] [Times: user=0.01 sys=0.00, real=0.00 secs] 
895.922: [GC (Allocation Failure) [PSYoungGen: 67856K->1328K(68096K)] 407414K->340886K(710656K), 0.0017835 secs] [Times: user=0.01 sys=0.00, real=0.00 secs] 
896.753: [GC (Allocation Failure) [PSYoungGen: 67888K->1360K(68096K)] 407446K->340918K(710656K), 0.0023729 secs] [Times: user=0.01 sys=0.00, real=0.01 secs] 
897.457: [GC (Allocation Failure) [PSYoungGen: 67920K->1344K(68096K)] 407478K->340902K(710656K), 0.0031828 secs] [Times: user=0.02 sys=0.00, real=0.00 secs] 
898.320: [GC (Allocation Failure) [PSYoungGen: 67904K->1344K(68096K)] 407462K->340902K(710656K), 0.0041111 secs] [Times: user=0.02 sys=0.00, real=0.00 secs] 
899.426: [GC (Allocation Failure) [PSYoungGen: 67904K->1376K(68096K)] 407462K->340934K(710656K), 0.0016004 secs] [Times: user=0.01 sys=0.00, real=0.00 secs] 
899.738: [GC (Allocation Failure) [PSYoungGen: 67936K->1344K(68096K)] 407494K->340902K(710656K), 0.0018963 secs] [Times: user=0.01 sys=0.00, real=0.00 secs] 
900.021: [GC (Allocation Failure) [PSYoungGen: 67904K->1376K(68096K)] 407462K->340942K(710656K), 0.0016475 secs] [Times: user=0.01 sys=0.00, real=0.00 secs] 
900.330: [GC (Allocation Failure) [PSYoungGen: 67936K->1376K(68096K)] 407502K->340942K(710656K), 0.0022168 secs] [Times: user=0.01 sys=0.00, real=0.00 secs] 
900.664: [GC (Allocation Failure) [PSYoungGen: 67927K->256K(67584K)] 407494K->339822K(710144K), 0.0017243 secs] [Times: user=0.00 sys=0.00, real=0.01 secs] 
901.458: [GC (Allocation Failure) [PSYoungGen: 66304K->1376K(68096K)] 405870K->340942K(710656K), 0.0017443 secs] [Times: user=0.00 sys=0.00, real=0.00 secs] 
901.748: [GC (Allocation Failure) [PSYoungGen: 67424K->1376K(68096K)] 406990K->340942K(710656K), 0.0018687 secs] [Times: user=0.01 sys=0.00, real=0.00 secs] 
902.066: [GC (Allocation Failure) [PSYoungGen: 67424K->1344K(68096K)] 406990K->340910K(710656K), 0.0019111 secs] [Times: user=0.01 sys=0.00, real=0.00 secs] 
902.356: [GC (Allocation Failure) [PSYoungGen: 67392K->1328K(68096K)] 406958K->340894K(710656K), 0.0018674 secs] [Times: user=0.01 sys=0.00, real=0.00 secs] 
903.905: [GC (Allocation Failure) [PSYoungGen: 67376K->1376K(68096K)] 406942K->340942K(710656K), 0.0044660 secs] [Times: user=0.01 sys=0.00, real=0.01 secs] 
904.595: [GC (Allocation Failure) [PSYoungGen: 67424K->1344K(68096K)] 406990K->340910K(710656K), 0.0029917 secs] [Times: user=0.01 sys=0.00, real=0.00 secs] 
905.072: [GC (Allocation Failure) [PSYoungGen: 67392K->1376K(68096K)] 406958K->340942K(710656K), 0.0019150 secs] [Times: user=0.01 sys=0.00, real=0.00 secs] 
905.346: [GC (Allocation Failure) [PSYoungGen: 67424K->1344K(68096K)] 406990K->340910K(710656K), 0.0020198 secs] [Times: user=0.01 sys=0.00, real=0.00 secs] 
905.822: [GC (Allocation Failure) [PSYoungGen: 67392K->1296K(68096K)] 406958K->340862K(710656K), 0.0022417 secs] [Times: user=0.01 sys=0.00, real=0.00 secs] 
906.654: [GC (Allocation Failure) [PSYoungGen: 67344K->1376K(68096K)] 406910K->340950K(710656K), 0.0019265 secs] [Times: user=0.00 sys=0.00, real=0.01 secs] 
907.231: [GC (Allocation Failure) [PSYoungGen: 67424K->1376K(68096K)] 406998K->340950K(710656K), 0.0028550 secs] [Times: user=0.01 sys=0.00, real=0.00 secs] 
907.888: [GC (Allocation Failure) [PSYoungGen: 67424K->1344K(68096K)] 406998K->340918K(710656K), 0.0023714 secs] [Times: user=0.01 sys=0.01, real=0.00 secs] 
908.462: [GC (Allocation Failure) [PSYoungGen: 67392K->1376K(67584K)] 406966K->340950K(710144K), 0.0021206 secs] [Times: user=0.01 sys=0.00, real=0.00 secs] 
909.488: [GC (Allocation Failure) [PSYoungGen: 67424K->1344K(67584K)] 406998K->340918K(710144K), 0.0016600 secs] [Times: user=0.01 sys=0.00, real=0.00 secs] 
909.774: [GC (Allocation Failure) [PSYoungGen: 67392K->1344K(67584K)] 406966K->340918K(710144K), 0.0016675 secs] [Times: user=0.00 sys=0.00, real=0.01 secs] 
910.127: [GC (Allocation Failure) [PSYoungGen: 67392K->1344K(67584K)] 406966K->340918K(710144K), 0.0016706 secs] [Times: user=0.00 sys=0.00, real=0.00 secs] 
910.617: [GC (Allocation Failure) [PSYoungGen: 67392K->1344K(67584K)] 406966K->340918K(710144K), 0.0019382 secs] [Times: user=0.00 sys=0.00, real=0.00 secs] 
911.218: [GC (Allocation Failure) [PSYoungGen: 67392K->1344K(67584K)] 406966K->340918K(710144K), 0.0022445 secs] [Times: user=0.01 sys=0.00, real=0.00 secs] 
912.931: [GC (Allocation Failure) [PSYoungGen: 67392K->1360K(67584K)] 406966K->340934K(710144K), 0.0032032 secs] [Times: user=0.01 sys=0.00, real=0.00 secs] 
913.762: [GC (Allocation Failure) [PSYoungGen: 67408K->1360K(67584K)] 406982K->340950K(710144K), 0.0043980 secs] [Times: user=0.02 sys=0.00, real=0.01 secs] 
914.534: [GC (Allocation Failure) [PSYoungGen: 67408K->1376K(67584K)] 406998K->340966K(710144K), 0.0030121 secs] [Times: user=0.01 sys=0.00, real=0.01 secs] 
915.055: [GC (Allocation Failure) [PSYoungGen: 67424K->1344K(67584K)] 407014K->340934K(710144K), 0.0030951 secs] [Times: user=0.01 sys=0.00, real=0.00 secs] 
916.123: [GC (Allocation Failure) [PSYoungGen: 67392K->1376K(67584K)] 406982K->340966K(710144K), 0.0017010 secs] [Times: user=0.00 sys=0.00, real=0.00 secs] 
916.970: [GC (Allocation Failure) [PSYoungGen: 67424K->1344K(67584K)] 407014K->340934K(710144K), 0.0044257 secs] [Times: user=0.02 sys=0.00, real=0.00 secs] 
917.840: [GC (Allocation Failure) [PSYoungGen: 67392K->1344K(67584K)] 406982K->340942K(710144K), 0.0037746 secs] [Times: user=0.02 sys=0.00, real=0.00 secs] 
918.577: [GC (Allocation Failure) [PSYoungGen: 67392K->1344K(67584K)] 406990K->340942K(710144K), 0.0025533 secs] [Times: user=0.01 sys=0.00, real=0.00 secs] 
918.843: [GC (Allocation Failure) [PSYoungGen: 67392K->1312K(67584K)] 406990K->340918K(710144K), 0.0017973 secs] [Times: user=0.00 sys=0.00, real=0.00 secs] 
920.443: [GC (Allocation Failure) [PSYoungGen: 67360K->1408K(67584K)] 406966K->341014K(710144K), 0.0029718 secs] [Times: user=0.01 sys=0.00, real=0.01 secs] 
921.643: [GC (Allocation Failure) [PSYoungGen: 67456K->1344K(67584K)] 407062K->340950K(710144K), 0.0032028 secs] [Times: user=0.01 sys=0.00, real=0.01 secs] 
922.152: [GC (Allocation Failure) [PSYoungGen: 67392K->1360K(67584K)] 406998K->340966K(710144K), 0.0043987 secs] [Times: user=0.02 sys=0.00, real=0.01 secs] 
922.429: [GC (Allocation Failure) [PSYoungGen: 67408K->1344K(67584K)] 407014K->340950K(710144K), 0.0018813 secs] [Times: user=0.01 sys=0.01, real=0.00 secs] 
923.320: [GC (Allocation Failure) [PSYoungGen: 67392K->1408K(67584K)] 406998K->341014K(710144K), 0.0018094 secs] [Times: user=0.01 sys=0.00, real=0.00 secs] 
924.296: [GC (Allocation Failure) [PSYoungGen: 67456K->1376K(67584K)] 407062K->340982K(710144K), 0.0020846 secs] [Times: user=0.01 sys=0.00, real=0.00 secs] 
925.317: [GC (Allocation Failure) [PSYoungGen: 67424K->1344K(67584K)] 407030K->340950K(710144K), 0.0026771 secs] [Times: user=0.01 sys=0.00, real=0.00 secs] 
926.175: [GC (Allocation Failure) [PSYoungGen: 67392K->1344K(67584K)] 406998K->340950K(710144K), 0.0022869 secs] [Times: user=0.01 sys=0.00, real=0.01 secs] 
926.664: [GC (Allocation Failure) [PSYoungGen: 67392K->1344K(67584K)] 406998K->340950K(710144K), 0.0026714 secs] [Times: user=0.01 sys=0.00, real=0.01 secs] 
928.451: [GC (Allocation Failure) [PSYoungGen: 67392K->1344K(67584K)] 406998K->340950K(710144K), 0.0023425 secs] [Times: user=0.01 sys=0.00, real=0.00 secs] 
929.046: [GC (Allocation Failure) [PSYoungGen: 67392K->1344K(67584K)] 406998K->340958K(710144K), 0.0020884 secs] [Times: user=0.01 sys=0.00, real=0.00 secs] 
929.723: [GC (Allocation Failure) [PSYoungGen: 67392K->1376K(67584K)] 407006K->340990K(710144K), 0.0020692 secs] [Times: user=0.00 sys=0.00, real=0.00 secs] 
930.368: [GC (Allocation Failure) [PSYoungGen: 67424K->1312K(67584K)] 407038K->340926K(710144K), 0.0025006 secs] [Times: user=0.01 sys=0.00, real=0.00 secs] 
931.394: [GC (Allocation Failure) [PSYoungGen: 67360K->864K(67584K)] 406974K->341510K(710144K), 0.0019583 secs] [Times: user=0.01 sys=0.00, real=0.01 secs] 
932.129: [GC (Allocation Failure) [PSYoungGen: 66912K->352K(67072K)] 407558K->340998K(709632K), 0.0022313 secs] [Times: user=0.00 sys=0.00, real=0.00 secs] 
932.733: [GC (Allocation Failure) [PSYoungGen: 65888K->320K(67584K)] 406534K->340966K(710144K), 0.0022546 secs] [Times: user=0.01 sys=0.00, real=0.01 secs] 
933.336: [GC (Allocation Failure) [PSYoungGen: 65856K->320K(67584K)] 406502K->340966K(710144K), 0.0021845 secs] [Times: user=0.01 sys=0.01, real=0.00 secs] 
934.029: [GC (Allocation Failure) [PSYoungGen: 65856K->320K(67584K)] 406502K->340966K(710144K), 0.0030579 secs] [Times: user=0.02 sys=0.00, real=0.00 secs] 
935.093: [GC (Allocation Failure) [PSYoungGen: 65856K->1376K(67584K)] 406502K->342022K(710144K), 0.0018020 secs] [Times: user=0.01 sys=0.00, real=0.00 secs] 
935.634: [GC (Allocation Failure) [PSYoungGen: 66912K->1344K(67584K)] 407558K->341990K(710144K), 0.0019064 secs] [Times: user=0.00 sys=0.00, real=0.01 secs] 
936.149: [GC (Allocation Failure) [PSYoungGen: 66880K->1376K(67584K)] 407526K->342022K(710144K), 0.0019321 secs] [Times: user=0.00 sys=0.00, real=0.00 secs] 
936.425: [GC (Allocation Failure) [PSYoungGen: 66912K->1328K(67584K)] 407558K->341974K(710144K), 0.0016723 secs] [Times: user=0.01 sys=0.00, real=0.01 secs] 
937.160: [GC (Allocation Failure) [PSYoungGen: 66864K->1472K(67584K)] 407510K->342118K(710144K), 0.0016946 secs] [Times: user=0.01 sys=0.00, real=0.00 secs] 
937.436: [GC (Allocation Failure) [PSYoungGen: 67008K->1344K(67584K)] 407654K->341990K(710144K), 0.0016871 secs] [Times: user=0.01 sys=0.00, real=0.00 secs] 
937.708: [GC (Allocation Failure) [PSYoungGen: 66880K->1376K(67584K)] 407526K->342038K(710144K), 0.0016163 secs] [Times: user=0.00 sys=0.00, real=0.00 secs] 
937.980: [GC (Allocation Failure) [PSYoungGen: 66912K->1360K(67584K)] 407574K->342022K(710144K), 0.0020178 secs] [Times: user=0.01 sys=0.00, real=0.00 secs] 
938.252: [GC (Allocation Failure) [PSYoungGen: 66896K->1376K(67584K)] 407558K->342038K(710144K), 0.0020528 secs] [Times: user=0.01 sys=0.00, real=0.00 secs] 
939.953: [GC (Allocation Failure) [PSYoungGen: 66912K->1344K(67584K)] 407574K->342006K(710144K), 0.0045250 secs] [Times: user=0.02 sys=0.00, real=0.01 secs] 
940.843: [GC (Allocation Failure) [PSYoungGen: 66880K->1344K(67584K)] 407542K->342006K(710144K), 0.0032140 secs] [Times: user=0.01 sys=0.00, real=0.01 secs] 
941.674: [GC (Allocation Failure) [PSYoungGen: 66880K->1344K(67584K)] 407542K->342006K(710144K), 0.0030739 secs] [Times: user=0.01 sys=0.00, real=0.01 secs] 
942.406: [GC (Allocation Failure) [PSYoungGen: 66880K->1344K(67584K)] 407542K->342006K(710144K), 0.0030449 secs] [Times: user=0.01 sys=0.00, real=0.00 secs] 
943.382: [GC (Allocation Failure) [PSYoungGen: 66880K->1357K(67584K)] 407542K->342019K(710144K), 0.0014100 secs] [Times: user=0.01 sys=0.00, real=0.00 secs] 
943.776: [GC (Allocation Failure) [PSYoungGen: 66893K->1376K(67584K)] 407555K->342038K(710144K), 0.0016345 secs] [Times: user=0.00 sys=0.00, real=0.00 secs] 
944.048: [GC (Allocation Failure) [PSYoungGen: 66912K->1376K(67584K)] 407574K->342038K(710144K), 0.0017495 secs] [Times: user=0.01 sys=0.00, real=0.00 secs] 
944.320: [GC (Allocation Failure) [PSYoungGen: 66912K->1312K(67584K)] 407574K->341974K(710144K), 0.0016406 secs] [Times: user=0.01 sys=0.00, real=0.00 secs] 
944.596: [GC (Allocation Failure) [PSYoungGen: 66848K->1328K(67584K)] 407510K->341990K(710144K), 0.0016307 secs] [Times: user=0.01 sys=0.00, real=0.00 secs] 
945.756: [GC (Allocation Failure) [PSYoungGen: 66864K->1408K(67584K)] 407526K->342070K(710144K), 0.0025825 secs] [Times: user=0.01 sys=0.00, real=0.00 secs] 
946.158: [GC (Allocation Failure) [PSYoungGen: 66944K->1376K(67584K)] 407606K->342038K(710144K), 0.0018415 secs] [Times: user=0.01 sys=0.00, real=0.00 secs] 
946.661: [GC (Allocation Failure) [PSYoungGen: 66912K->1376K(67584K)] 407574K->342038K(710144K), 0.0018861 secs] [Times: user=0.01 sys=0.00, real=0.00 secs] 
947.586: [GC (Allocation Failure) [PSYoungGen: 66912K->1344K(67584K)] 407574K->342006K(710144K), 0.0045864 secs] [Times: user=0.01 sys=0.01, real=0.00 secs] 
948.846: [GC (Allocation Failure) [PSYoungGen: 66880K->1392K(67584K)] 407542K->342062K(710144K), 0.0015550 secs] [Times: user=0.01 sys=0.01, real=0.00 secs] 
950.153: [GC (Allocation Failure) [PSYoungGen: 66928K->1360K(67584K)] 407598K->342030K(710144K), 0.0025317 secs] [Times: user=0.01 sys=0.00, real=0.01 secs] 
950.935: [GC (Allocation Failure) [PSYoungGen: 66896K->1376K(67584K)] 407566K->342046K(710144K), 0.0017562 secs] [Times: user=0.01 sys=0.00, real=0.00 secs] 
951.224: [GC (Allocation Failure) [PSYoungGen: 66912K->1344K(67584K)] 407582K->342014K(710144K), 0.0018890 secs] [Times: user=0.00 sys=0.00, real=0.01 secs] 
951.702: [GC (Allocation Failure) [PSYoungGen: 66880K->1312K(67584K)] 407550K->341982K(710144K), 0.0020196 secs] [Times: user=0.01 sys=0.00, real=0.00 secs] 
953.453: [GC (Allocation Failure) [PSYoungGen: 66848K->1376K(67584K)] 407518K->342046K(710144K), 0.0033949 secs] [Times: user=0.01 sys=0.00, real=0.01 secs] 
954.487: [GC (Allocation Failure) [PSYoungGen: 66912K->1328K(67584K)] 407582K->341998K(710144K), 0.0033262 secs] [Times: user=0.02 sys=0.00, real=0.00 secs] 
955.542: [GC (Allocation Failure) [PSYoungGen: 66864K->1344K(67072K)] 407534K->342014K(709632K), 0.0039005 secs] [Times: user=0.01 sys=0.00, real=0.01 secs] 
956.406: [GC (Allocation Failure) [PSYoungGen: 66880K->1328K(67072K)] 407550K->341998K(709632K), 0.0024589 secs] [Times: user=0.01 sys=0.01, real=0.00 secs] 
957.088: [GC (Allocation Failure) [PSYoungGen: 66864K->1328K(67072K)] 407534K->341998K(709632K), 0.0017767 secs] [Times: user=0.01 sys=0.00, real=0.00 secs] 
958.060: [GC (Allocation Failure) [PSYoungGen: 66864K->1408K(67072K)] 407534K->342078K(709632K), 0.0025753 secs] [Times: user=0.01 sys=0.00, real=0.00 secs] 
958.643: [GC (Allocation Failure) [PSYoungGen: 66944K->1344K(67072K)] 407614K->342014K(709632K), 0.0045657 secs] [Times: user=0.02 sys=0.01, real=0.01 secs] 
959.448: [GC (Allocation Failure) [PSYoungGen: 66880K->1312K(67072K)] 407550K->341982K(709632K), 0.0044386 secs] [Times: user=0.01 sys=0.00, real=0.00 secs] 
960.229: [GC (Allocation Failure) [PSYoungGen: 66848K->1344K(67072K)] 407518K->342014K(709632K), 0.0030644 secs] [Times: user=0.02 sys=0.00, real=0.00 secs] 
961.297: [GC (Allocation Failure) [PSYoungGen: 66880K->1376K(67072K)] 407550K->342046K(709632K), 0.0018329 secs] [Times: user=0.01 sys=0.00, real=0.00 secs] 
961.860: [GC (Allocation Failure) [PSYoungGen: 66912K->1344K(67072K)] 407582K->342030K(709632K), 0.0030037 secs] [Times: user=0.01 sys=0.00, real=0.00 secs] 
962.414: [GC (Allocation Failure) [PSYoungGen: 66880K->1328K(67072K)] 407566K->342014K(709632K), 0.0025975 secs] [Times: user=0.01 sys=0.00, real=0.01 secs] 
962.951: [GC (Allocation Failure) [PSYoungGen: 66864K->1376K(67072K)] 407550K->342062K(709632K), 0.0029587 secs] [Times: user=0.01 sys=0.00, real=0.00 secs] 
963.249: [GC (Allocation Failure) [PSYoungGen: 66912K->1344K(67072K)] 407598K->342030K(709632K), 0.0018027 secs] [Times: user=0.01 sys=0.00, real=0.00 secs] 
964.356: [GC (Allocation Failure) [PSYoungGen: 66880K->1376K(67072K)] 407566K->342062K(709632K), 0.0025518 secs] [Times: user=0.01 sys=0.00, real=0.00 secs] 
964.957: [GC (Allocation Failure) [PSYoungGen: 66912K->1344K(67072K)] 407598K->342030K(709632K), 0.0029894 secs] [Times: user=0.02 sys=0.00, real=0.00 secs] 
965.438: [GC (Allocation Failure) [PSYoungGen: 66880K->1376K(67072K)] 407566K->342062K(709632K), 0.0020851 secs] [Times: user=0.01 sys=0.00, real=0.00 secs] 
965.845: [GC (Allocation Failure) [PSYoungGen: 66912K->1344K(67072K)] 407598K->342030K(709632K), 0.0019685 secs] [Times: user=0.01 sys=0.00, real=0.00 secs] 
966.833: [GC (Allocation Failure) [PSYoungGen: 66880K->864K(67072K)] 407566K->342574K(709632K), 0.0017924 secs] [Times: user=0.01 sys=0.00, real=0.00 secs] 
967.685: [GC (Allocation Failure) [PSYoungGen: 66400K->320K(66560K)] 408110K->342030K(709120K), 0.0029481 secs] [Times: user=0.01 sys=0.01, real=0.01 secs] 
968.292: [GC (Allocation Failure) [PSYoungGen: 65344K->320K(67072K)] 407054K->342046K(709632K), 0.0028693 secs] [Times: user=0.01 sys=0.00, real=0.00 secs] 
968.852: [GC (Allocation Failure) [PSYoungGen: 65344K->352K(67072K)] 407070K->342078K(709632K), 0.0025326 secs] [Times: user=0.01 sys=0.00, real=0.00 secs] 
969.458: [GC (Allocation Failure) [PSYoungGen: 65376K->288K(67072K)] 407102K->342014K(709632K), 0.0022558 secs] [Times: user=0.01 sys=0.00, real=0.00 secs] 
970.538: [GC (Allocation Failure) [PSYoungGen: 65312K->1360K(67072K)] 407038K->343094K(709632K), 0.0019455 secs] [Times: user=0.01 sys=0.00, real=0.00 secs] 
971.154: [GC (Allocation Failure) [PSYoungGen: 66384K->1344K(67072K)] 408118K->343078K(709632K), 0.0020529 secs] [Times: user=0.01 sys=0.00, real=0.01 secs] 
971.761: [GC (Allocation Failure) [PSYoungGen: 66368K->1328K(67072K)] 408102K->343062K(709632K), 0.0018407 secs] [Times: user=0.00 sys=0.00, real=0.00 secs] 
972.335: [GC (Allocation Failure) [PSYoungGen: 66352K->1328K(67072K)] 408086K->343062K(709632K), 0.0018408 secs] [Times: user=0.01 sys=0.00, real=0.00 secs] 
973.301: [GC (Allocation Failure) [PSYoungGen: 66352K->1357K(67072K)] 408086K->343091K(709632K), 0.0014868 secs] [Times: user=0.01 sys=0.00, real=0.00 secs] 
974.223: [GC (Allocation Failure) [PSYoungGen: 66381K->1376K(67072K)] 408115K->343110K(709632K), 0.0019873 secs] [Times: user=0.01 sys=0.00, real=0.00 secs] 
975.046: [GC (Allocation Failure) [PSYoungGen: 66400K->1344K(67072K)] 408134K->343078K(709632K), 0.0019564 secs] [Times: user=0.01 sys=0.00, real=0.00 secs] 
975.591: [GC (Allocation Failure) [PSYoungGen: 66368K->1344K(67072K)] 408102K->343078K(709632K), 0.0019640 secs] [Times: user=0.01 sys=0.00, real=0.00 secs] 
976.059: [GC (Allocation Failure) [PSYoungGen: 66368K->1344K(67072K)] 408102K->343078K(709632K), 0.0018302 secs] [Times: user=0.00 sys=0.00, real=0.00 secs] 
977.044: [GC (Allocation Failure) [PSYoungGen: 66368K->1440K(67072K)] 408102K->343174K(709632K), 0.0016886 secs] [Times: user=0.01 sys=0.00, real=0.01 secs] 
977.638: [GC (Allocation Failure) [PSYoungGen: 66464K->1344K(67072K)] 408198K->343086K(709632K), 0.0037688 secs] [Times: user=0.02 sys=0.00, real=0.00 secs] 
978.030: [GC (Allocation Failure) [PSYoungGen: 66368K->1376K(67072K)] 408110K->343126K(709632K), 0.0019510 secs] [Times: user=0.01 sys=0.00, real=0.00 secs] 
978.341: [GC (Allocation Failure) [PSYoungGen: 66400K->1408K(67072K)] 408150K->343166K(709632K), 0.0016811 secs] [Times: user=0.01 sys=0.00, real=0.00 secs] 
978.770: [GC (Allocation Failure) [PSYoungGen: 66432K->1360K(67072K)] 408190K->343126K(709632K), 0.0014208 secs] [Times: user=0.01 sys=0.00, real=0.00 secs] 
980.024: [GC (Allocation Failure) [PSYoungGen: 66384K->1376K(67072K)] 408150K->343150K(709632K), 0.0026423 secs] [Times: user=0.01 sys=0.00, real=0.01 secs] 
980.852: [GC (Allocation Failure) [PSYoungGen: 66400K->1344K(67072K)] 408174K->343126K(709632K), 0.0029922 secs] [Times: user=0.01 sys=0.00, real=0.01 secs] 
981.450: [GC (Allocation Failure) [PSYoungGen: 66368K->1360K(67072K)] 408150K->343142K(709632K), 0.0026464 secs] [Times: user=0.01 sys=0.00, real=0.00 secs] 
982.258: [GC (Allocation Failure) [PSYoungGen: 66384K->1344K(67072K)] 408166K->343126K(709632K), 0.0032233 secs] [Times: user=0.02 sys=0.00, real=0.00 secs] 
983.208: [GC (Allocation Failure) [PSYoungGen: 66368K->1376K(67072K)] 408150K->343158K(709632K), 0.0017584 secs] [Times: user=0.01 sys=0.00, real=0.00 secs] 
983.773: [GC (Allocation Failure) [PSYoungGen: 66400K->1344K(67072K)] 408182K->343126K(709632K), 0.0030285 secs] [Times: user=0.01 sys=0.00, real=0.01 secs] 
984.227: [GC (Allocation Failure) [PSYoungGen: 66368K->1344K(67072K)] 408150K->343126K(709632K), 0.0043977 secs] [Times: user=0.02 sys=0.01, real=0.00 secs] 
984.785: [GC (Allocation Failure) [PSYoungGen: 66368K->1376K(67072K)] 408150K->343158K(709632K), 0.0020308 secs] [Times: user=0.01 sys=0.00, real=0.01 secs] 
985.282: [GC (Allocation Failure) [PSYoungGen: 66400K->1376K(67072K)] 408182K->343158K(709632K), 0.0021259 secs] [Times: user=0.01 sys=0.00, real=0.00 secs] 
986.060: [GC (Allocation Failure) [PSYoungGen: 66400K->1408K(67072K)] 408182K->343190K(709632K), 0.0016716 secs] [Times: user=0.01 sys=0.00, real=0.00 secs] 
986.523: [GC (Allocation Failure) [PSYoungGen: 66432K->1376K(67072K)] 408214K->343158K(709632K), 0.0016500 secs] [Times: user=0.01 sys=0.00, real=0.01 secs] 
987.126: [GC (Allocation Failure) [PSYoungGen: 66400K->1344K(67072K)] 408182K->343126K(709632K), 0.0018115 secs] [Times: user=0.00 sys=0.00, real=0.00 secs] 
987.723: [GC (Allocation Failure) [PSYoungGen: 66368K->1376K(67072K)] 408150K->343166K(709632K), 0.0032749 secs] [Times: user=0.01 sys=0.00, real=0.01 secs] 
988.738: [GC (Allocation Failure) [PSYoungGen: 66400K->1536K(67072K)] 408190K->343326K(709632K), 0.0015718 secs] [Times: user=0.01 sys=0.00, real=0.00 secs] 
989.012: [GC (Allocation Failure) [PSYoungGen: 66560K->1328K(67072K)] 408350K->343118K(709632K), 0.0017074 secs] [Times: user=0.00 sys=0.00, real=0.00 secs] 
989.406: [GC (Allocation Failure) [PSYoungGen: 66352K->1376K(67072K)] 408142K->343166K(709632K), 0.0015156 secs] [Times: user=0.01 sys=0.00, real=0.00 secs] 
989.955: [GC (Allocation Failure) [PSYoungGen: 66400K->1344K(67072K)] 408190K->343134K(709632K), 0.0025678 secs] [Times: user=0.00 sys=0.00, real=0.01 secs] 
990.485: [GC (Allocation Failure) [PSYoungGen: 66368K->1344K(67072K)] 408158K->343134K(709632K), 0.0025180 secs] [Times: user=0.01 sys=0.00, real=0.01 secs] 
991.455: [GC (Allocation Failure) [PSYoungGen: 66368K->1376K(67072K)] 408158K->343166K(709632K), 0.0024825 secs] [Times: user=0.01 sys=0.00, real=0.00 secs] 
991.728: [GC (Allocation Failure) [PSYoungGen: 66400K->1376K(66560K)] 408190K->343166K(709120K), 0.0019031 secs] [Times: user=0.00 sys=0.00, real=0.00 secs] 
991.999: [GC (Allocation Failure) [PSYoungGen: 66400K->1344K(66560K)] 408190K->343134K(709120K), 0.0018943 secs] [Times: user=0.01 sys=0.00, real=0.00 secs] 
992.269: [GC (Allocation Failure) [PSYoungGen: 66368K->1344K(66560K)] 408158K->343134K(709120K), 0.0018901 secs] [Times: user=0.00 sys=0.00, real=0.00 secs] 
992.824: [GC (Allocation Failure) [PSYoungGen: 66368K->1357K(66560K)] 408158K->343147K(709120K), 0.0014213 secs] [Times: user=0.01 sys=0.00, real=0.01 secs] 
993.271: [GC (Allocation Failure) [PSYoungGen: 66381K->1376K(66560K)] 408171K->343166K(709120K), 0.0016999 secs] [Times: user=0.01 sys=0.00, real=0.00 secs] 
993.541: [GC (Allocation Failure) [PSYoungGen: 66400K->1376K(66560K)] 408190K->343166K(709120K), 0.0017720 secs] [Times: user=0.01 sys=0.00, real=0.00 secs] 
993.900: [GC (Allocation Failure) [PSYoungGen: 66400K->1344K(66560K)] 408190K->343134K(709120K), 0.0018286 secs] [Times: user=0.01 sys=0.00, real=0.00 secs] 
994.457: [GC (Allocation Failure) [PSYoungGen: 66368K->1392K(66560K)] 408158K->343182K(709120K), 0.0029478 secs] [Times: user=0.01 sys=0.00, real=0.00 secs] 
995.461: [GC (Allocation Failure) [PSYoungGen: 66416K->1408K(66560K)] 408206K->343198K(709120K), 0.0015996 secs] [Times: user=0.01 sys=0.00, real=0.00 secs] 
995.838: [GC (Allocation Failure) [PSYoungGen: 66432K->1376K(66560K)] 408222K->343174K(709120K), 0.0028190 secs] [Times: user=0.02 sys=0.00, real=0.00 secs] 
996.126: [GC (Allocation Failure) [PSYoungGen: 66400K->1312K(66560K)] 408198K->343110K(709120K), 0.0017979 secs] [Times: user=0.01 sys=0.00, real=0.00 secs] 
996.674: [GC (Allocation Failure) [PSYoungGen: 66336K->1344K(66560K)] 408134K->343142K(709120K), 0.0026836 secs] [Times: user=0.01 sys=0.00, real=0.01 secs] 
997.212: [GC (Allocation Failure) [PSYoungGen: 66362K->256K(66560K)] 408161K->342054K(709120K), 0.0027425 secs] [Times: user=0.01 sys=0.01, real=0.00 secs] 
998.054: [GC (Allocation Failure) [PSYoungGen: 65280K->1360K(67072K)] 407078K->343158K(709632K), 0.0016218 secs] [Times: user=0.00 sys=0.00, real=0.01 secs] 
998.694: [GC (Allocation Failure) [PSYoungGen: 66384K->1344K(67072K)] 408182K->343150K(709632K), 0.0019749 secs] [Times: user=0.01 sys=0.01, real=0.01 secs] 
999.440: [GC (Allocation Failure) [PSYoungGen: 66368K->1376K(67072K)] 408174K->343182K(709632K), 0.0029909 secs] [Times: user=0.02 sys=0.00, real=0.00 secs] 
1000.097: [GC (Allocation Failure) [PSYoungGen: 66400K->1344K(67072K)] 408206K->343150K(709632K), 0.0029645 secs] [Times: user=0.02 sys=0.00, real=0.00 secs] 
1001.262: [GC (Allocation Failure) [PSYoungGen: 66368K->1904K(67072K)] 408174K->343710K(709632K), 0.0016181 secs] [Times: user=0.01 sys=0.00, real=0.00 secs] 
1001.957: [GC (Allocation Failure) [PSYoungGen: 66928K->1392K(67072K)] 408734K->343198K(709632K), 0.0043580 secs] [Times: user=0.02 sys=0.00, real=0.00 secs] 
1002.503: [GC (Allocation Failure) [PSYoungGen: 66416K->1376K(67072K)] 408222K->343182K(709632K), 0.0025477 secs] [Times: user=0.00 sys=0.00, real=0.01 secs] 
1003.285: [GC (Allocation Failure) [PSYoungGen: 66400K->1360K(67072K)] 408206K->343166K(709632K), 0.0029364 secs] [Times: user=0.01 sys=0.00, real=0.00 secs] 
1004.043: [GC (Allocation Failure) [PSYoungGen: 66384K->1376K(67072K)] 408190K->343182K(709632K), 0.0022142 secs] [Times: user=0.01 sys=0.00, real=0.01 secs] 
1005.427: [GC (Allocation Failure) [PSYoungGen: 66400K->1360K(67072K)] 408206K->343166K(709632K), 0.0018632 secs] [Times: user=0.00 sys=0.00, real=0.00 secs] 
1005.698: [GC (Allocation Failure) [PSYoungGen: 66384K->1344K(67072K)] 408190K->343150K(709632K), 0.0017817 secs] [Times: user=0.01 sys=0.00, real=0.00 secs] 
1005.968: [GC (Allocation Failure) [PSYoungGen: 66368K->1376K(67072K)] 408174K->343182K(709632K), 0.0018094 secs] [Times: user=0.00 sys=0.00, real=0.00 secs] 
1006.476: [GC (Allocation Failure) [PSYoungGen: 66400K->1376K(67072K)] 408206K->343182K(709632K), 0.0018807 secs] [Times: user=0.00 sys=0.00, real=0.00 secs] 
1007.507: [GC (Allocation Failure) [PSYoungGen: 66400K->1360K(67072K)] 408206K->343166K(709632K), 0.0015266 secs] [Times: user=0.01 sys=0.00, real=0.00 secs] 
1007.909: [GC (Allocation Failure) [PSYoungGen: 66384K->1408K(67072K)] 408190K->343214K(709632K), 0.0020590 secs] [Times: user=0.01 sys=0.00, real=0.00 secs] 
1008.174: [GC (Allocation Failure) [PSYoungGen: 66432K->1376K(67072K)] 408238K->343190K(709632K), 0.0019144 secs] [Times: user=0.01 sys=0.00, real=0.01 secs] 
1008.444: [GC (Allocation Failure) [PSYoungGen: 66400K->1344K(66560K)] 408214K->343158K(709120K), 0.0019730 secs] [Times: user=0.00 sys=0.00, real=0.01 secs] 
1008.915: [GC (Allocation Failure) [PSYoungGen: 66368K->1344K(66560K)] 408182K->343158K(709120K), 0.0024029 secs] [Times: user=0.01 sys=0.00, real=0.01 secs] 
1009.801: [GC (Allocation Failure) [PSYoungGen: 66368K->368K(66048K)] 408182K->343206K(708608K), 0.0017463 secs] [Times: user=0.01 sys=0.00, real=0.00 secs] 
1010.338: [GC (Allocation Failure) [PSYoungGen: 65392K->304K(67072K)] 408230K->343142K(709632K), 0.0017427 secs] [Times: user=0.01 sys=0.00, real=0.00 secs] 
1011.037: [GC (Allocation Failure) [PSYoungGen: 65328K->320K(67072K)] 408166K->343158K(709632K), 0.0023250 secs] [Times: user=0.01 sys=0.00, real=0.00 secs] 
1011.770: [GC (Allocation Failure) [PSYoungGen: 65344K->320K(67072K)] 408182K->343158K(709632K), 0.0021881 secs] [Times: user=0.01 sys=0.00, real=0.00 secs] 
1012.806: [GC (Allocation Failure) [PSYoungGen: 65344K->1360K(67072K)] 408182K->344198K(709632K), 0.0014266 secs] [Times: user=0.00 sys=0.00, real=0.00 secs] 
1013.370: [GC (Allocation Failure) [PSYoungGen: 66384K->1360K(67072K)] 409222K->344198K(709632K), 0.0016058 secs] [Times: user=0.01 sys=0.01, real=0.00 secs] 
1013.640: [GC (Allocation Failure) [PSYoungGen: 66384K->1344K(67072K)] 409222K->344182K(709632K), 0.0017465 secs] [Times: user=0.01 sys=0.00, real=0.00 secs] 
1013.928: [GC (Allocation Failure) [PSYoungGen: 66368K->1376K(67072K)] 409206K->344214K(709632K), 0.0026678 secs] [Times: user=0.01 sys=0.00, real=0.00 secs] 
1014.216: [GC (Allocation Failure) [PSYoungGen: 66400K->1344K(67072K)] 409238K->344182K(709632K), 0.0022264 secs] [Times: user=0.01 sys=0.00, real=0.00 secs] 
1015.128: [GC (Allocation Failure) [PSYoungGen: 66368K->1344K(67072K)] 409206K->344182K(709632K), 0.0016388 secs] [Times: user=0.01 sys=0.00, real=0.00 secs] 
1015.707: [GC (Allocation Failure) [PSYoungGen: 66368K->1376K(67072K)] 409206K->344214K(709632K), 0.0016786 secs] [Times: user=0.00 sys=0.00, real=0.00 secs] 
1016.118: [GC (Allocation Failure) [PSYoungGen: 66400K->1344K(67072K)] 409238K->344190K(709632K), 0.0020899 secs] [Times: user=0.00 sys=0.00, real=0.00 secs] 
1016.387: [GC (Allocation Failure) [PSYoungGen: 66368K->1376K(67072K)] 409214K->344222K(709632K), 0.0016889 secs] [Times: user=0.01 sys=0.00, real=0.00 secs] 
1016.657: [GC (Allocation Failure) [PSYoungGen: 66400K->1344K(67072K)] 409246K->344190K(709632K), 0.0016828 secs] [Times: user=0.01 sys=0.00, real=0.00 secs] 
1018.159: [GC (Allocation Failure) [PSYoungGen: 66368K->1376K(67072K)] 409214K->344222K(709632K), 0.0045149 secs] [Times: user=0.02 sys=0.00, real=0.00 secs] 
1019.462: [GC (Allocation Failure) [PSYoungGen: 66400K->1344K(67072K)] 409246K->344198K(709632K), 0.0044921 secs] [Times: user=0.02 sys=0.01, real=0.01 secs] 
1020.123: [GC (Allocation Failure) [PSYoungGen: 66368K->1376K(67072K)] 409222K->344230K(709632K), 0.0029834 secs] [Times: user=0.01 sys=0.00, real=0.01 secs] 
1020.675: [GC (Allocation Failure) [PSYoungGen: 66400K->1328K(67072K)] 409254K->344182K(709632K), 0.0025136 secs] [Times: user=0.01 sys=0.00, real=0.00 secs] 
1021.890: [GC (Allocation Failure) [PSYoungGen: 66352K->1632K(67072K)] 409206K->344494K(709632K), 0.0016806 secs] [Times: user=0.01 sys=0.00, real=0.00 secs] 
1022.643: [GC (Allocation Failure) [PSYoungGen: 66656K->1344K(67072K)] 409518K->344206K(709632K), 0.0019466 secs] [Times: user=0.00 sys=0.00, real=0.00 secs] 
1022.930: [GC (Allocation Failure) [PSYoungGen: 66368K->1360K(67072K)] 409230K->344222K(709632K), 0.0017999 secs] [Times: user=0.00 sys=0.00, real=0.00 secs] 
1023.200: [GC (Allocation Failure) [PSYoungGen: 66384K->1328K(67072K)] 409246K->344190K(709632K), 0.0016421 secs] [Times: user=0.01 sys=0.00, real=0.00 secs] 
1023.632: [GC (Allocation Failure) [PSYoungGen: 66352K->1344K(67072K)] 409214K->344206K(709632K), 0.0016227 secs] [Times: user=0.00 sys=0.00, real=0.00 secs] 
1024.897: [GC (Allocation Failure) [PSYoungGen: 66368K->1376K(67072K)] 409230K->344238K(709632K), 0.0026521 secs] [Times: user=0.01 sys=0.00, real=0.00 secs] 
1025.466: [GC (Allocation Failure) [PSYoungGen: 66400K->1344K(67072K)] 409262K->344206K(709632K), 0.0023751 secs] [Times: user=0.00 sys=0.00, real=0.00 secs] 
1025.918: [GC (Allocation Failure) [PSYoungGen: 66368K->1344K(67072K)] 409230K->344206K(709632K), 0.0021244 secs] [Times: user=0.01 sys=0.00, real=0.00 secs] 
1026.482: [GC (Allocation Failure) [PSYoungGen: 66368K->1312K(67072K)] 409230K->344174K(709632K), 0.0024308 secs] [Times: user=0.01 sys=0.00, real=0.00 secs] 
1027.330: [GC (Allocation Failure) [PSYoungGen: 66336K->1328K(67072K)] 409198K->344190K(709632K), 0.0014376 secs] [Times: user=0.01 sys=0.00, real=0.00 secs] 
1027.796: [GC (Allocation Failure) [PSYoungGen: 66352K->1440K(67072K)] 409214K->344310K(709632K), 0.0018108 secs] [Times: user=0.01 sys=0.00, real=0.00 secs] 
1028.144: [GC (Allocation Failure) [PSYoungGen: 66464K->1376K(67072K)] 409334K->344262K(709632K), 0.0017950 secs] [Times: user=0.01 sys=0.00, real=0.01 secs] 
1028.808: [GC (Allocation Failure) [PSYoungGen: 66400K->1376K(67072K)] 409286K->344262K(709632K), 0.0018659 secs] [Times: user=0.01 sys=0.00, real=0.00 secs] 
1029.532: [GC (Allocation Failure) [PSYoungGen: 66400K->1376K(67072K)] 409286K->344262K(709632K), 0.0025068 secs] [Times: user=0.01 sys=0.00, real=0.00 secs] 
1030.878: [GC (Allocation Failure) [PSYoungGen: 66400K->1376K(67072K)] 409286K->344262K(709632K), 0.0019344 secs] [Times: user=0.00 sys=0.00, real=0.00 secs] 
1031.794: [GC (Allocation Failure) [PSYoungGen: 66400K->1344K(67072K)] 409286K->344238K(709632K), 0.0020902 secs] [Times: user=0.01 sys=0.00, real=0.01 secs] 
1032.591: [GC (Allocation Failure) [PSYoungGen: 66368K->1376K(66560K)] 409262K->344270K(709120K), 0.0021170 secs] [Times: user=0.01 sys=0.00, real=0.00 secs] 
1033.170: [GC (Allocation Failure) [PSYoungGen: 66400K->1376K(66560K)] 409294K->344270K(709120K), 0.0023989 secs] [Times: user=0.00 sys=0.00, real=0.00 secs] 
1033.578: [GC (Allocation Failure) [PSYoungGen: 66390K->256K(66048K)] 409284K->343150K(708608K), 0.0018632 secs] [Times: user=0.01 sys=0.00, real=0.00 secs] 
1034.324: [GC (Allocation Failure) [PSYoungGen: 65280K->1376K(67072K)] 408174K->344270K(709632K), 0.0016160 secs] [Times: user=0.00 sys=0.00, real=0.01 secs] 
1034.600: [GC (Allocation Failure) [PSYoungGen: 66400K->1328K(67072K)] 409294K->344222K(709632K), 0.0017726 secs] [Times: user=0.01 sys=0.00, real=0.00 secs] 
1034.902: [GC (Allocation Failure) [PSYoungGen: 66352K->1376K(67072K)] 409246K->344270K(709632K), 0.0018360 secs] [Times: user=0.01 sys=0.00, real=0.00 secs] 
1035.172: [GC (Allocation Failure) [PSYoungGen: 66400K->1328K(67072K)] 409294K->344222K(709632K), 0.0018838 secs] [Times: user=0.01 sys=0.00, real=0.00 secs] 
1035.976: [GC (Allocation Failure) [PSYoungGen: 66352K->1376K(67072K)] 409246K->344270K(709632K), 0.0018651 secs] [Times: user=0.01 sys=0.00, real=0.00 secs] 
1036.285: [GC (Allocation Failure) [PSYoungGen: 66400K->1344K(67072K)] 409294K->344238K(709632K), 0.0017726 secs] [Times: user=0.00 sys=0.00, real=0.01 secs] 
1036.555: [GC (Allocation Failure) [PSYoungGen: 66368K->1344K(67072K)] 409262K->344254K(709632K), 0.0018357 secs] [Times: user=0.00 sys=0.00, real=0.01 secs] 
1036.862: [GC (Allocation Failure) [PSYoungGen: 66368K->1344K(67072K)] 409278K->344278K(709632K), 0.0018193 secs] [Times: user=0.01 sys=0.00, real=0.00 secs] 
1037.159: [GC (Allocation Failure) [PSYoungGen: 66368K->1344K(67072K)] 409302K->344278K(709632K), 0.0019053 secs] [Times: user=0.01 sys=0.00, real=0.00 secs] 
1038.828: [GC (Allocation Failure) [PSYoungGen: 66368K->1376K(67072K)] 409302K->344310K(709632K), 0.0044639 secs] [Times: user=0.01 sys=0.00, real=0.00 secs] 
1039.570: [GC (Allocation Failure) [PSYoungGen: 66400K->1344K(67072K)] 409334K->344286K(709632K), 0.0021957 secs] [Times: user=0.00 sys=0.00, real=0.00 secs] 
1040.316: [GC (Allocation Failure) [PSYoungGen: 66368K->1376K(67072K)] 409310K->344318K(709632K), 0.0022537 secs] [Times: user=0.01 sys=0.00, real=0.00 secs] 
1040.780: [GC (Allocation Failure) [PSYoungGen: 66400K->1376K(67072K)] 409342K->344318K(709632K), 0.0018074 secs] [Times: user=0.01 sys=0.00, real=0.00 secs] 
1041.498: [GC (Allocation Failure) [PSYoungGen: 66400K->96K(67072K)] 409342K->343038K(709632K), 0.0013594 secs] [Times: user=0.01 sys=0.00, real=0.00 secs] 
1042.108: [GC (Allocation Failure) [PSYoungGen: 65120K->1376K(67072K)] 408062K->344326K(709632K), 0.0020532 secs] [Times: user=0.01 sys=0.00, real=0.00 secs] 
1042.379: [GC (Allocation Failure) [PSYoungGen: 66400K->1376K(67072K)] 409350K->344326K(709632K), 0.0019048 secs] [Times: user=0.01 sys=0.00, real=0.00 secs] 
1042.707: [GC (Allocation Failure) [PSYoungGen: 66400K->1376K(67072K)] 409350K->344326K(709632K), 0.0029163 secs] [Times: user=0.01 sys=0.00, real=0.00 secs] 
1043.244: [GC (Allocation Failure) [PSYoungGen: 66400K->1376K(67072K)] 409350K->344326K(709632K), 0.0021292 secs] [Times: user=0.01 sys=0.00, real=0.01 secs] 
1044.279: [GC (Allocation Failure) [PSYoungGen: 66400K->1408K(67072K)] 409350K->344358K(709632K), 0.0018900 secs] [Times: user=0.00 sys=0.00, real=0.00 secs] 
1045.022: [GC (Allocation Failure) [PSYoungGen: 66432K->1408K(67072K)] 409382K->344358K(709632K), 0.0018908 secs] [Times: user=0.01 sys=0.00, real=0.00 secs] 
1045.797: [GC (Allocation Failure) [PSYoungGen: 66432K->1408K(67072K)] 409382K->344358K(709632K), 0.0018155 secs] [Times: user=0.01 sys=0.00, real=0.00 secs] 
1046.637: [GC (Allocation Failure) [PSYoungGen: 66432K->1376K(67072K)] 409382K->344326K(709632K), 0.0019170 secs] [Times: user=0.00 sys=0.00, real=0.00 secs] 
1047.684: [GC (Allocation Failure) [PSYoungGen: 66400K->1357K(67072K)] 409350K->344307K(709632K), 0.0015236 secs] [Times: user=0.00 sys=0.00, real=0.01 secs] 
1048.337: [GC (Allocation Failure) [PSYoungGen: 66381K->1424K(67072K)] 409331K->344374K(709632K), 0.0016858 secs] [Times: user=0.01 sys=0.00, real=0.00 secs] 
1048.827: [GC (Allocation Failure) [PSYoungGen: 66448K->1376K(67072K)] 409398K->344334K(709632K), 0.0019226 secs] [Times: user=0.01 sys=0.00, real=0.00 secs] 
1049.380: [GC (Allocation Failure) [PSYoungGen: 66400K->1408K(67072K)] 409358K->344366K(709632K), 0.0018304 secs] [Times: user=0.01 sys=0.00, real=0.00 secs] 
1049.982: [GC (Allocation Failure) [PSYoungGen: 66432K->1344K(67072K)] 409390K->344302K(709632K), 0.0021271 secs] [Times: user=0.01 sys=0.00, real=0.00 secs] 
1050.926: [GC (Allocation Failure) [PSYoungGen: 66368K->1360K(67072K)] 409326K->344318K(709632K), 0.0017838 secs] [Times: user=0.01 sys=0.00, real=0.00 secs] 
1051.274: [GC (Allocation Failure) [PSYoungGen: 66384K->1376K(67072K)] 409342K->344334K(709632K), 0.0018536 secs] [Times: user=0.01 sys=0.00, real=0.01 secs] 
1051.865: [GC (Allocation Failure) [PSYoungGen: 66400K->1344K(67072K)] 409358K->344310K(709632K), 0.0019461 secs] [Times: user=0.01 sys=0.00, real=0.00 secs] 
1052.441: [GC (Allocation Failure) [PSYoungGen: 66368K->1344K(67072K)] 409334K->344310K(709632K), 0.0019738 secs] [Times: user=0.01 sys=0.00, real=0.00 secs] 
1053.297: [GC (Allocation Failure) [PSYoungGen: 66368K->1328K(67072K)] 409334K->344294K(709632K), 0.0026658 secs] [Times: user=0.01 sys=0.00, real=0.00 secs] 
1054.193: [GC (Allocation Failure) [PSYoungGen: 66352K->1408K(67072K)] 409318K->344374K(709632K), 0.0015300 secs] [Times: user=0.01 sys=0.00, real=0.00 secs] 
1054.573: [GC (Allocation Failure) [PSYoungGen: 66432K->1392K(67072K)] 409398K->344358K(709632K), 0.0018509 secs] [Times: user=0.01 sys=0.00, real=0.00 secs] 
1055.076: [GC (Allocation Failure) [PSYoungGen: 66416K->1408K(67072K)] 409382K->344374K(709632K), 0.0017796 secs] [Times: user=0.00 sys=0.00, real=0.00 secs] 
1055.712: [GC (Allocation Failure) [PSYoungGen: 66432K->1360K(66560K)] 409398K->344326K(709120K), 0.0019593 secs] [Times: user=0.01 sys=0.00, real=0.00 secs] 
1056.717: [GC (Allocation Failure) [PSYoungGen: 66384K->1504K(66560K)] 409350K->344558K(709120K), 0.0016302 secs] [Times: user=0.01 sys=0.00, real=0.00 secs] 
1057.024: [GC (Allocation Failure) [PSYoungGen: 66528K->1296K(67072K)] 409582K->344374K(709632K), 0.0016858 secs] [Times: user=0.00 sys=0.00, real=0.01 secs] 
1057.306: [GC (Allocation Failure) [PSYoungGen: 66320K->1248K(67072K)] 409398K->344326K(709632K), 0.0017660 secs] [Times: user=0.01 sys=0.00, real=0.00 secs] 
1057.606: [GC (Allocation Failure) [PSYoungGen: 66272K->1280K(67072K)] 409350K->344358K(709632K), 0.0017992 secs] [Times: user=0.01 sys=0.00, real=0.00 secs] 
1057.878: [GC (Allocation Failure) [PSYoungGen: 66304K->1280K(67072K)] 409382K->344358K(709632K), 0.0018400 secs] [Times: user=0.01 sys=0.00, real=0.00 secs] 
1059.257: [GC (Allocation Failure) [PSYoungGen: 66304K->1376K(67072K)] 409382K->345478K(709632K), 0.0037063 secs] [Times: user=0.01 sys=0.00, real=0.00 secs] 
1060.053: [GC (Allocation Failure) [PSYoungGen: 66400K->1344K(67072K)] 410502K->345446K(709632K), 0.0030013 secs] [Times: user=0.01 sys=0.00, real=0.01 secs] 
1061.257: [GC (Allocation Failure) [PSYoungGen: 66368K->1344K(66560K)] 410470K->345446K(709120K), 0.0020499 secs] [Times: user=0.00 sys=0.00, real=0.00 secs] 
1061.814: [GC (Allocation Failure) [PSYoungGen: 66368K->1376K(66560K)] 410470K->345478K(709120K), 0.0021186 secs] [Times: user=0.01 sys=0.00, real=0.01 secs] 
1062.655: [GC (Allocation Failure) [PSYoungGen: 66400K->333K(66048K)] 410502K->345459K(708608K), 0.0015155 secs] [Times: user=0.01 sys=0.01, real=0.01 secs] 
1063.538: [GC (Allocation Failure) [PSYoungGen: 65357K->1408K(67072K)] 410483K->346534K(709632K), 0.0021002 secs] [Times: user=0.01 sys=0.00, real=0.00 secs] 
1064.352: [GC (Allocation Failure) [PSYoungGen: 66432K->1440K(67072K)] 411558K->346566K(709632K), 0.0022617 secs] [Times: user=0.01 sys=0.00, real=0.00 secs] 
1065.111: [GC (Allocation Failure) [PSYoungGen: 66464K->1376K(67072K)] 411590K->346502K(709632K), 0.0027793 secs] [Times: user=0.01 sys=0.00, real=0.00 secs] 
1065.691: [GC (Allocation Failure) [PSYoungGen: 66400K->1360K(67072K)] 411526K->346486K(709632K), 0.0026838 secs] [Times: user=0.01 sys=0.00, real=0.00 secs] 
1066.832: [GC (Allocation Failure) [PSYoungGen: 66384K->1392K(67072K)] 411510K->346518K(709632K), 0.0015200 secs] [Times: user=0.01 sys=0.00, real=0.00 secs] 
1067.398: [GC (Allocation Failure) [PSYoungGen: 66416K->1344K(67072K)] 411542K->346494K(709632K), 0.0017272 secs] [Times: user=0.01 sys=0.00, real=0.00 secs] 
1067.951: [GC (Allocation Failure) [PSYoungGen: 66368K->1328K(67072K)] 411518K->346478K(709632K), 0.0020854 secs] [Times: user=0.01 sys=0.01, real=0.00 secs] 
1068.421: [GC (Allocation Failure) [PSYoungGen: 66352K->1376K(67072K)] 411502K->346526K(709632K), 0.0019008 secs] [Times: user=0.01 sys=0.00, real=0.00 secs] 
1068.692: [GC (Allocation Failure) [PSYoungGen: 66400K->1344K(67072K)] 411550K->346494K(709632K), 0.0017134 secs] [Times: user=0.01 sys=0.00, real=0.00 secs] 
1069.874: [GC (Allocation Failure) [PSYoungGen: 66368K->1408K(67072K)] 411518K->346566K(709632K), 0.0018915 secs] [Times: user=0.00 sys=0.00, real=0.01 secs] 
1070.492: [GC (Allocation Failure) [PSYoungGen: 66432K->1296K(67072K)] 411590K->346454K(709632K), 0.0026817 secs] [Times: user=0.01 sys=0.00, real=0.00 secs] 
1071.303: [GC (Allocation Failure) [PSYoungGen: 66320K->1312K(67072K)] 411478K->346470K(709632K), 0.0029526 secs] [Times: user=0.01 sys=0.00, real=0.01 secs] 
1072.130: [GC (Allocation Failure) [PSYoungGen: 66336K->1360K(67072K)] 411494K->346518K(709632K), 0.0021969 secs] [Times: user=0.01 sys=0.00, real=0.00 secs] 
1073.207: [GC (Allocation Failure) [PSYoungGen: 66384K->1376K(67072K)] 411542K->346542K(709632K), 0.0017502 secs] [Times: user=0.00 sys=0.00, real=0.00 secs] 
1073.745: [GC (Allocation Failure) [PSYoungGen: 66400K->1344K(66560K)] 411566K->346510K(709120K), 0.0017994 secs] [Times: user=0.00 sys=0.00, real=0.01 secs] 
1074.374: [GC (Allocation Failure) [PSYoungGen: 66368K->1344K(66560K)] 411534K->346510K(709120K), 0.0036662 secs] [Times: user=0.02 sys=0.00, real=0.01 secs] 
1075.133: [GC (Allocation Failure) [PSYoungGen: 66368K->1344K(66560K)] 411534K->346510K(709120K), 0.0029781 secs] [Times: user=0.01 sys=0.00, real=0.01 secs] 
1075.615: [GC (Allocation Failure) [PSYoungGen: 66368K->1376K(66560K)] 411534K->346542K(709120K), 0.0019677 secs] [Times: user=0.01 sys=0.00, real=0.01 secs] 
1076.897: [GC (Allocation Failure) [PSYoungGen: 66400K->1344K(66560K)] 411566K->346510K(709120K), 0.0020888 secs] [Times: user=0.00 sys=0.00, real=0.00 secs] 
1077.735: [GC (Allocation Failure) [PSYoungGen: 66368K->1328K(66560K)] 411534K->346494K(709120K), 0.0026158 secs] [Times: user=0.01 sys=0.00, real=0.00 secs] 
1078.578: [GC (Allocation Failure) [PSYoungGen: 66352K->1312K(66560K)] 411518K->346478K(709120K), 0.0025271 secs] [Times: user=0.01 sys=0.00, real=0.00 secs] 
1079.517: [GC (Allocation Failure) [PSYoungGen: 66336K->1376K(66560K)] 411502K->346550K(709120K), 0.0026837 secs] [Times: user=0.01 sys=0.00, real=0.00 secs] 
1080.587: [GC (Allocation Failure) [PSYoungGen: 66400K->1360K(66560K)] 411574K->346534K(709120K), 0.0015095 secs] [Times: user=0.00 sys=0.00, real=0.00 secs] 
1081.753: [GC (Allocation Failure) [PSYoungGen: 66384K->1376K(66560K)] 411558K->346550K(709120K), 0.0026650 secs] [Times: user=0.01 sys=0.00, real=0.01 secs] 
1082.240: [GC (Allocation Failure) [PSYoungGen: 66400K->1344K(66560K)] 411574K->346518K(709120K), 0.0019629 secs] [Times: user=0.01 sys=0.00, real=0.00 secs] 
1082.753: [GC (Allocation Failure) [PSYoungGen: 66368K->1344K(66560K)] 411542K->346518K(709120K), 0.0019992 secs] [Times: user=0.01 sys=0.00, real=0.01 secs] 
1083.275: [GC (Allocation Failure) [PSYoungGen: 66368K->1344K(66560K)] 411542K->346518K(709120K), 0.0017388 secs] [Times: user=0.01 sys=0.00, real=0.00 secs] 
1084.178: [GC (Allocation Failure) [PSYoungGen: 66368K->1408K(66560K)] 411542K->346582K(709120K), 0.0017508 secs] [Times: user=0.01 sys=0.00, real=0.00 secs] 
1084.506: [GC (Allocation Failure) [PSYoungGen: 66432K->1376K(66560K)] 411606K->346558K(709120K), 0.0018476 secs] [Times: user=0.00 sys=0.01, real=0.00 secs] 
1084.785: [GC (Allocation Failure) [PSYoungGen: 66400K->1408K(66560K)] 411582K->346590K(709120K), 0.0016522 secs] [Times: user=0.01 sys=0.00, real=0.01 secs] 
1085.095: [GC (Allocation Failure) [PSYoungGen: 66432K->1408K(66560K)] 411614K->346590K(709120K), 0.0018388 secs] [Times: user=0.01 sys=0.00, real=0.00 secs] 
1085.543: [GC (Allocation Failure) [PSYoungGen: 66432K->1360K(66560K)] 411614K->346542K(709120K), 0.0016182 secs] [Times: user=0.01 sys=0.00, real=0.00 secs] 
1086.150: [GC (Allocation Failure) [PSYoungGen: 66384K->1360K(66560K)] 411566K->346542K(709120K), 0.0017978 secs] [Times: user=0.01 sys=0.00, real=0.00 secs] 
1086.473: [GC (Allocation Failure) [PSYoungGen: 66384K->1344K(66560K)] 411566K->346526K(709120K), 0.0018363 secs] [Times: user=0.01 sys=0.00, real=0.00 secs] 
1086.750: [GC (Allocation Failure) [PSYoungGen: 66368K->1376K(66560K)] 411550K->346558K(709120K), 0.0015434 secs] [Times: user=0.00 sys=0.00, real=0.00 secs] 
1087.076: [GC (Allocation Failure) [PSYoungGen: 66400K->1344K(66560K)] 411582K->346542K(709120K), 0.0019964 secs] [Times: user=0.00 sys=0.00, real=0.00 secs] 
1087.864: [GC (Allocation Failure) [PSYoungGen: 66368K->1376K(66560K)] 411566K->346574K(709120K), 0.0019001 secs] [Times: user=0.01 sys=0.00, real=0.01 secs] 
1088.218: [GC (Allocation Failure) [PSYoungGen: 66400K->1344K(66560K)] 411598K->346542K(709120K), 0.0018704 secs] [Times: user=0.01 sys=0.00, real=0.00 secs] 
1088.540: [GC (Allocation Failure) [PSYoungGen: 66368K->1376K(66560K)] 411566K->346574K(709120K), 0.0017866 secs] [Times: user=0.00 sys=0.00, real=0.00 secs] 
1089.050: [GC (Allocation Failure) [PSYoungGen: 66400K->1344K(66560K)] 411598K->346542K(709120K), 0.0018308 secs] [Times: user=0.01 sys=0.00, real=0.00 secs] 
1089.867: [GC (Allocation Failure) [PSYoungGen: 66368K->1344K(66560K)] 411566K->346542K(709120K), 0.0037824 secs] [Times: user=0.02 sys=0.00, real=0.00 secs] 
1090.713: [GC (Allocation Failure) [PSYoungGen: 66368K->1376K(66560K)] 411566K->346582K(709120K), 0.0017332 secs] [Times: user=0.01 sys=0.00, real=0.01 secs] 
1090.984: [GC (Allocation Failure) [PSYoungGen: 66400K->1312K(66560K)] 411606K->346518K(709120K), 0.0016941 secs] [Times: user=0.01 sys=0.00, real=0.01 secs] 
1091.254: [GC (Allocation Failure) [PSYoungGen: 66336K->1344K(66560K)] 411542K->346550K(709120K), 0.0017762 secs] [Times: user=0.01 sys=0.00, real=0.01 secs] 
1091.531: [GC (Allocation Failure) [PSYoungGen: 66368K->1344K(66560K)] 411574K->346550K(709120K), 0.0016496 secs] [Times: user=0.01 sys=0.00, real=0.00 secs] 
1092.471: [GC (Allocation Failure) [PSYoungGen: 65869K->1504K(66560K)] 411076K->346811K(709120K), 0.0028893 secs] [Times: user=0.01 sys=0.00, real=0.00 secs] 
1093.656: [GC (Allocation Failure) [PSYoungGen: 66528K->1280K(66560K)] 411835K->346587K(709120K), 0.0037748 secs] [Times: user=0.02 sys=0.00, real=0.00 secs] 
1094.339: [GC (Allocation Failure) [PSYoungGen: 66304K->1280K(66560K)] 411611K->346587K(709120K), 0.0026018 secs] [Times: user=0.01 sys=0.00, real=0.00 secs] 
1094.927: [GC (Allocation Failure) [PSYoungGen: 66304K->1280K(66560K)] 411611K->346587K(709120K), 0.0024328 secs] [Times: user=0.01 sys=0.00, real=0.00 secs] 
1095.450: [GC (Allocation Failure) [PSYoungGen: 66304K->1248K(66560K)] 411611K->346555K(709120K), 0.0024010 secs] [Times: user=0.01 sys=0.00, real=0.00 secs] 
1096.257: [GC (Allocation Failure) [PSYoungGen: 66272K->1504K(66560K)] 411579K->346811K(709120K), 0.0015893 secs] [Times: user=0.01 sys=0.00, real=0.00 secs] 
1096.528: [GC (Allocation Failure) [PSYoungGen: 66528K->1520K(67072K)] 411835K->346835K(709632K), 0.0018369 secs] [Times: user=0.01 sys=0.00, real=0.00 secs] 
1096.800: [GC (Allocation Failure) [PSYoungGen: 66544K->1504K(67072K)] 411859K->346835K(709632K), 0.0016328 secs] [Times: user=0.01 sys=0.00, real=0.00 secs] 
1097.070: [GC (Allocation Failure) [PSYoungGen: 66528K->1472K(67072K)] 411859K->346803K(709632K), 0.0016610 secs] [Times: user=0.01 sys=0.00, real=0.00 secs] 
1097.666: [GC (Allocation Failure) [PSYoungGen: 66496K->1488K(67072K)] 411827K->346827K(709632K), 0.0015839 secs] [Times: user=0.01 sys=0.00, real=0.00 secs] 
1098.070: [GC (Allocation Failure) [PSYoungGen: 66512K->1536K(67072K)] 411851K->346883K(709632K), 0.0015281 secs] [Times: user=0.01 sys=0.00, real=0.00 secs] 
1098.340: [GC (Allocation Failure) [PSYoungGen: 66560K->1520K(67072K)] 411907K->346875K(709632K), 0.0015550 secs] [Times: user=0.01 sys=0.00, real=0.00 secs] 
1098.610: [GC (Allocation Failure) [PSYoungGen: 66544K->1504K(67072K)] 411899K->346859K(709632K), 0.0015525 secs] [Times: user=0.00 sys=0.00, real=0.00 secs] 
1098.879: [GC (Allocation Failure) [PSYoungGen: 66528K->1536K(67072K)] 411883K->346891K(709632K), 0.0015727 secs] [Times: user=0.00 sys=0.00, real=0.00 secs] 
1099.587: [GC (Allocation Failure) [PSYoungGen: 66560K->1536K(67072K)] 411915K->346891K(709632K), 0.0015810 secs] [Times: user=0.01 sys=0.00, real=0.00 secs] 
1099.857: [GC (Allocation Failure) [PSYoungGen: 66560K->1408K(67072K)] 411915K->346895K(709632K), 0.0016967 secs] [Times: user=0.00 sys=0.00, real=0.00 secs] 
1100.127: [GC (Allocation Failure) [PSYoungGen: 66432K->1440K(67072K)] 411919K->346927K(709632K), 0.0017292 secs] [Times: user=0.00 sys=0.00, real=0.00 secs] 
1100.490: [GC (Allocation Failure) [PSYoungGen: 66464K->1440K(67072K)] 411951K->346927K(709632K), 0.0028953 secs] [Times: user=0.01 sys=0.00, real=0.00 secs] 
1101.090: [GC (Allocation Failure) [PSYoungGen: 66464K->1392K(67072K)] 411951K->346879K(709632K), 0.0017363 secs] [Times: user=0.00 sys=0.00, real=0.00 secs] 
1102.201: [GC (Allocation Failure) [PSYoungGen: 66416K->1440K(67072K)] 411903K->346927K(709632K), 0.0023136 secs] [Times: user=0.01 sys=0.00, real=0.00 secs] 
1102.844: [GC (Allocation Failure) [PSYoungGen: 66464K->1344K(67072K)] 411951K->346863K(709632K), 0.0030057 secs] [Times: user=0.01 sys=0.00, real=0.01 secs] 
1103.617: [GC (Allocation Failure) [PSYoungGen: 66368K->1376K(67072K)] 411887K->346895K(709632K), 0.0026757 secs] [Times: user=0.01 sys=0.00, real=0.00 secs] 
1104.425: [GC (Allocation Failure) [PSYoungGen: 66400K->1344K(67072K)] 411919K->346863K(709632K), 0.0043720 secs] [Times: user=0.02 sys=0.00, real=0.01 secs] 
1105.801: [GC (Allocation Failure) [PSYoungGen: 66368K->1392K(67072K)] 411887K->346911K(709632K), 0.0019961 secs] [Times: user=0.00 sys=0.00, real=0.00 secs] 
1106.829: [GC (Allocation Failure) [PSYoungGen: 66416K->1376K(67072K)] 411935K->346895K(709632K), 0.0037410 secs] [Times: user=0.01 sys=0.00, real=0.00 secs] 
1107.864: [GC (Allocation Failure) [PSYoungGen: 66400K->1344K(67072K)] 411919K->346879K(709632K), 0.0038779 secs] [Times: user=0.01 sys=0.00, real=0.01 secs] 
1108.791: [GC (Allocation Failure) [PSYoungGen: 66368K->1344K(67072K)] 411903K->346879K(709632K), 0.0044912 secs] [Times: user=0.02 sys=0.00, real=0.01 secs] 
1109.816: [GC (Allocation Failure) [PSYoungGen: 66368K->1376K(67072K)] 411903K->346911K(709632K), 0.0041201 secs] [Times: user=0.01 sys=0.00, real=0.00 secs] 
1110.703: [GC (Allocation Failure) [PSYoungGen: 66400K->1360K(67072K)] 411935K->346895K(709632K), 0.0014462 secs] [Times: user=0.01 sys=0.00, real=0.00 secs] 
1111.269: [GC (Allocation Failure) [PSYoungGen: 66384K->1312K(67072K)] 411919K->346847K(709632K), 0.0018334 secs] [Times: user=0.00 sys=0.00, real=0.00 secs] 
1111.842: [GC (Allocation Failure) [PSYoungGen: 66336K->1312K(67072K)] 411871K->346847K(709632K), 0.0024449 secs] [Times: user=0.01 sys=0.00, real=0.00 secs] 
1112.415: [GC (Allocation Failure) [PSYoungGen: 66336K->1344K(66560K)] 411871K->346879K(709120K), 0.0019496 secs] [Times: user=0.01 sys=0.00, real=0.01 secs] 
1113.443: [GC (Allocation Failure) [PSYoungGen: 66368K->1440K(66048K)] 411903K->346975K(708608K), 0.0016191 secs] [Times: user=0.01 sys=0.00, real=0.00 secs] 
1114.358: [GC (Allocation Failure) [PSYoungGen: 65952K->1328K(66048K)] 411487K->346863K(708608K), 0.0021206 secs] [Times: user=0.01 sys=0.00, real=0.00 secs] 
1115.279: [GC (Allocation Failure) [PSYoungGen: 65840K->1312K(66048K)] 411375K->346847K(708608K), 0.0019240 secs] [Times: user=0.01 sys=0.00, real=0.00 secs] 
1115.807: [GC (Allocation Failure) [PSYoungGen: 65824K->1360K(66048K)] 411359K->346895K(708608K), 0.0019746 secs] [Times: user=0.01 sys=0.00, real=0.00 secs] 
1116.146: [GC (Allocation Failure) [PSYoungGen: 65872K->1296K(66048K)] 411407K->346831K(708608K), 0.0018150 secs] [Times: user=0.00 sys=0.00, real=0.00 secs] 
1117.199: [GC (Allocation Failure) [PSYoungGen: 65808K->1376K(66048K)] 411343K->346911K(708608K), 0.0021585 secs] [Times: user=0.01 sys=0.00, real=0.00 secs] 
1118.127: [GC (Allocation Failure) [PSYoungGen: 65888K->1344K(66048K)] 411423K->346879K(708608K), 0.0038851 secs] [Times: user=0.02 sys=0.00, real=0.00 secs] 
1118.975: [GC (Allocation Failure) [PSYoungGen: 65856K->1344K(66048K)] 411391K->346879K(708608K), 0.0045032 secs] [Times: user=0.02 sys=0.00, real=0.00 secs] 
1119.757: [GC (Allocation Failure) [PSYoungGen: 65856K->1328K(66048K)] 411391K->346863K(708608K), 0.0043552 secs] [Times: user=0.02 sys=0.00, real=0.00 secs] 
1120.778: [GC (Allocation Failure) [PSYoungGen: 65840K->1360K(66048K)] 411375K->346903K(708608K), 0.0018932 secs] [Times: user=0.01 sys=0.00, real=0.00 secs] 
1121.735: [GC (Allocation Failure) [PSYoungGen: 65872K->1392K(66048K)] 411415K->346935K(708608K), 0.0019534 secs] [Times: user=0.01 sys=0.00, real=0.01 secs] 
1122.284: [GC (Allocation Failure) [PSYoungGen: 65904K->1344K(66048K)] 411447K->346887K(708608K), 0.0019680 secs] [Times: user=0.01 sys=0.00, real=0.01 secs] 
1122.787: [GC (Allocation Failure) [PSYoungGen: 65856K->1344K(66048K)] 411399K->346887K(708608K), 0.0038753 secs] [Times: user=0.02 sys=0.00, real=0.00 secs] 
1123.654: [GC (Allocation Failure) [PSYoungGen: 65856K->1312K(66048K)] 411399K->346855K(708608K), 0.0031855 secs] [Times: user=0.01 sys=0.00, real=0.01 secs] 
1125.024: [GC (Allocation Failure) [PSYoungGen: 65824K->1376K(66048K)] 411367K->346919K(708608K), 0.0021175 secs] [Times: user=0.01 sys=0.00, real=0.01 secs] 
1126.384: [GC (Allocation Failure) [PSYoungGen: 65888K->1344K(66048K)] 411431K->346895K(708608K), 0.0031186 secs] [Times: user=0.01 sys=0.00, real=0.01 secs] 
1127.833: [GC (Allocation Failure) [PSYoungGen: 65856K->1376K(66048K)] 411407K->346927K(708608K), 0.0038173 secs] [Times: user=0.02 sys=0.00, real=0.01 secs] 
1128.783: [GC (Allocation Failure) [PSYoungGen: 65888K->1344K(66048K)] 411439K->346895K(708608K), 0.0021727 secs] [Times: user=0.01 sys=0.00, real=0.00 secs] 
1129.621: [GC (Allocation Failure) [PSYoungGen: 65856K->1344K(66048K)] 411407K->346895K(708608K), 0.0019771 secs] [Times: user=0.01 sys=0.00, real=0.00 secs] 
1130.613: [GC (Allocation Failure) [PSYoungGen: 65856K->1376K(66048K)] 411407K->346927K(708608K), 0.0018889 secs] [Times: user=0.01 sys=0.00, real=0.01 secs] 
1131.159: [GC (Allocation Failure) [PSYoungGen: 65888K->1344K(66048K)] 411439K->346895K(708608K), 0.0019942 secs] [Times: user=0.01 sys=0.00, real=0.00 secs] 
1131.696: [GC (Allocation Failure) [PSYoungGen: 65856K->1344K(66048K)] 411407K->346903K(708608K), 0.0019292 secs] [Times: user=0.01 sys=0.00, real=0.00 secs] 
1132.029: [GC (Allocation Failure) [PSYoungGen: 65856K->1344K(66048K)] 411415K->346903K(708608K), 0.0016771 secs] [Times: user=0.01 sys=0.00, real=0.00 secs] 
1132.679: [GC (Allocation Failure) [PSYoungGen: 65856K->1328K(66048K)] 411415K->346887K(708608K), 0.0014198 secs] [Times: user=0.00 sys=0.00, real=0.00 secs] 
1133.547: [GC (Allocation Failure) [PSYoungGen: 65840K->1376K(66048K)] 411399K->346935K(708608K), 0.0019742 secs] [Times: user=0.01 sys=0.00, real=0.00 secs] 
1134.111: [GC (Allocation Failure) [PSYoungGen: 65888K->1344K(66048K)] 411447K->346903K(708608K), 0.0020885 secs] [Times: user=0.01 sys=0.00, real=0.00 secs] 
1134.483: [GC (Allocation Failure) [PSYoungGen: 65856K->1360K(66048K)] 411415K->346919K(708608K), 0.0016859 secs] [Times: user=0.00 sys=0.00, real=0.00 secs] 
1134.799: [GC (Allocation Failure) [PSYoungGen: 65872K->1344K(66048K)] 411431K->346903K(708608K), 0.0016940 secs] [Times: user=0.00 sys=0.00, real=0.00 secs] 
1135.580: [GC (Allocation Failure) [PSYoungGen: 65856K->1344K(66048K)] 411415K->346903K(708608K), 0.0018382 secs] [Times: user=0.01 sys=0.00, real=0.00 secs] 
1135.849: [GC (Allocation Failure) [PSYoungGen: 65856K->1344K(66048K)] 411415K->346903K(708608K), 0.0018341 secs] [Times: user=0.00 sys=0.00, real=0.00 secs] 
1136.146: [GC (Allocation Failure) [PSYoungGen: 65856K->1344K(66048K)] 411415K->346903K(708608K), 0.0018536 secs] [Times: user=0.01 sys=0.00, real=0.00 secs] 
1136.419: [GC (Allocation Failure) [PSYoungGen: 65856K->1344K(66048K)] 411415K->346903K(708608K), 0.0016767 secs] [Times: user=0.01 sys=0.01, real=0.00 secs] 
1136.758: [GC (Allocation Failure) [PSYoungGen: 65849K->208K(65536K)] 411408K->345783K(708096K), 0.0017133 secs] [Times: user=0.01 sys=0.00, real=0.00 secs] 
1137.599: [GC (Allocation Failure) [PSYoungGen: 64208K->1376K(66048K)] 409783K->346951K(708608K), 0.0017360 secs] [Times: user=0.01 sys=0.00, real=0.00 secs] 
1138.142: [GC (Allocation Failure) [PSYoungGen: 65376K->1360K(66048K)] 410951K->346935K(708608K), 0.0018383 secs] [Times: user=0.01 sys=0.00, real=0.00 secs] 
1138.653: [GC (Allocation Failure) [PSYoungGen: 65360K->1376K(66048K)] 410935K->346951K(708608K), 0.0018309 secs] [Times: user=0.01 sys=0.00, real=0.00 secs] 
1139.235: [GC (Allocation Failure) [PSYoungGen: 65376K->1328K(66048K)] 410951K->346903K(708608K), 0.0020793 secs] [Times: user=0.01 sys=0.00, real=0.01 secs] 
1140.281: [GC (Allocation Failure) [PSYoungGen: 65328K->1648K(66048K)] 410903K->347223K(708608K), 0.0018671 secs] [Times: user=0.01 sys=0.00, real=0.00 secs] 
1140.786: [GC (Allocation Failure) [PSYoungGen: 65648K->1376K(66048K)] 411223K->346951K(708608K), 0.0018541 secs] [Times: user=0.01 sys=0.00, real=0.00 secs] 
1141.309: [GC (Allocation Failure) [PSYoungGen: 65376K->1376K(66048K)] 410951K->346951K(708608K), 0.0029943 secs] [Times: user=0.01 sys=0.00, real=0.00 secs] 
1141.832: [GC (Allocation Failure) [PSYoungGen: 65376K->1376K(66048K)] 410951K->346951K(708608K), 0.0025167 secs] [Times: user=0.01 sys=0.00, real=0.00 secs] 
1142.341: [GC (Allocation Failure) [PSYoungGen: 65376K->1360K(66048K)] 410951K->346935K(708608K), 0.0037530 secs] [Times: user=0.01 sys=0.01, real=0.00 secs] 
1143.466: [GC (Allocation Failure) [PSYoungGen: 65360K->1392K(66048K)] 410935K->346967K(708608K), 0.0018720 secs] [Times: user=0.00 sys=0.00, real=0.00 secs] 
1144.035: [GC (Allocation Failure) [PSYoungGen: 65392K->1344K(66048K)] 410967K->346919K(708608K), 0.0029933 secs] [Times: user=0.01 sys=0.00, real=0.00 secs] 
1144.550: [GC (Allocation Failure) [PSYoungGen: 65344K->1376K(66048K)] 410919K->346951K(708608K), 0.0025541 secs] [Times: user=0.01 sys=0.00, real=0.00 secs] 
1145.050: [GC (Allocation Failure) [PSYoungGen: 65376K->1344K(66048K)] 410951K->346919K(708608K), 0.0025019 secs] [Times: user=0.01 sys=0.00, real=0.00 secs] 
1145.366: [GC (Allocation Failure) [PSYoungGen: 65344K->1328K(66048K)] 410919K->346903K(708608K), 0.0017509 secs] [Times: user=0.01 sys=0.00, real=0.00 secs] 
1146.056: [GC (Allocation Failure) [PSYoungGen: 65328K->1392K(66048K)] 410903K->346967K(708608K), 0.0016739 secs] [Times: user=0.01 sys=0.00, real=0.00 secs] 
1146.421: [GC (Allocation Failure) [PSYoungGen: 65392K->1328K(65536K)] 410967K->346927K(708096K), 0.0017356 secs] [Times: user=0.01 sys=0.00, real=0.00 secs] 
1146.872: [GC (Allocation Failure) [PSYoungGen: 65328K->1344K(65536K)] 410927K->346959K(708096K), 0.0015712 secs] [Times: user=0.00 sys=0.00, real=0.00 secs] 
1147.373: [GC (Allocation Failure) [PSYoungGen: 65344K->304K(65024K)] 410959K->346943K(707584K), 0.0027308 secs] [Times: user=0.01 sys=0.00, real=0.01 secs] 
1148.449: [GC (Allocation Failure) [PSYoungGen: 64304K->1888K(66048K)] 410943K->348527K(708608K), 0.0015099 secs] [Times: user=0.01 sys=0.00, real=0.00 secs] 
1148.774: [GC (Allocation Failure) [PSYoungGen: 65888K->1344K(66048K)] 412527K->347983K(708608K), 0.0015382 secs] [Times: user=0.00 sys=0.00, real=0.01 secs] 
1149.412: [GC (Allocation Failure) [PSYoungGen: 65344K->1376K(66048K)] 411983K->348015K(708608K), 0.0044744 secs] [Times: user=0.02 sys=0.00, real=0.01 secs] 
1150.044: [GC (Allocation Failure) [PSYoungGen: 65376K->1376K(66048K)] 412015K->348015K(708608K), 0.0047553 secs] [Times: user=0.02 sys=0.00, real=0.01 secs] 
1150.683: [GC (Allocation Failure) [PSYoungGen: 65376K->1344K(66048K)] 412015K->347983K(708608K), 0.0037548 secs] [Times: user=0.02 sys=0.00, real=0.01 secs] 
1151.888: [GC (Allocation Failure) [PSYoungGen: 65344K->1376K(66048K)] 411983K->348015K(708608K), 0.0016502 secs] [Times: user=0.00 sys=0.00, real=0.00 secs] 
1152.566: [GC (Allocation Failure) [PSYoungGen: 65376K->1376K(66048K)] 412015K->348015K(708608K), 0.0038064 secs] [Times: user=0.02 sys=0.01, real=0.00 secs] 
1153.152: [GC (Allocation Failure) [PSYoungGen: 65376K->1376K(66048K)] 412015K->348015K(708608K), 0.0025310 secs] [Times: user=0.01 sys=0.00, real=0.00 secs] 
1153.988: [GC (Allocation Failure) [PSYoungGen: 65376K->1328K(66048K)] 412015K->347967K(708608K), 0.0026239 secs] [Times: user=0.01 sys=0.00, real=0.00 secs] 
1154.925: [GC (Allocation Failure) [PSYoungGen: 65328K->1360K(66048K)] 411967K->347999K(708608K), 0.0018889 secs] [Times: user=0.00 sys=0.00, real=0.01 secs] 
1155.640: [GC (Allocation Failure) [PSYoungGen: 65360K->1376K(66048K)] 411999K->348015K(708608K), 0.0018212 secs] [Times: user=0.01 sys=0.00, real=0.00 secs] 
1155.960: [GC (Allocation Failure) [PSYoungGen: 65376K->1344K(66048K)] 412015K->347999K(708608K), 0.0019233 secs] [Times: user=0.00 sys=0.00, real=0.00 secs] 
1156.226: [GC (Allocation Failure) [PSYoungGen: 65344K->1376K(66048K)] 411999K->348031K(708608K), 0.0018181 secs] [Times: user=0.01 sys=0.00, real=0.00 secs] 
1156.532: [GC (Allocation Failure) [PSYoungGen: 65376K->1376K(66048K)] 412031K->348031K(708608K), 0.0017946 secs] [Times: user=0.01 sys=0.00, real=0.00 secs] 
1157.646: [GC (Allocation Failure) [PSYoungGen: 65376K->1888K(66048K)] 412031K->349055K(708608K), 0.0035925 secs] [Times: user=0.01 sys=0.00, real=0.00 secs] 
1158.618: [GC (Allocation Failure) [PSYoungGen: 65888K->1312K(66048K)] 413055K->348487K(708608K), 0.0025099 secs] [Times: user=0.01 sys=0.00, real=0.00 secs] 
1159.138: [GC (Allocation Failure) [PSYoungGen: 65312K->1392K(66048K)] 412487K->348567K(708608K), 0.0036279 secs] [Times: user=0.02 sys=0.00, real=0.00 secs] 
1159.661: [GC (Allocation Failure) [PSYoungGen: 65392K->1344K(66048K)] 412567K->348519K(708608K), 0.0022653 secs] [Times: user=0.01 sys=0.00, real=0.00 secs] 
1160.019: [GC (Allocation Failure) [PSYoungGen: 65344K->1344K(66048K)] 412519K->348519K(708608K), 0.0018824 secs] [Times: user=0.01 sys=0.00, real=0.00 secs] 
1160.943: [GC (Allocation Failure) [PSYoungGen: 65344K->1376K(66048K)] 412519K->348551K(708608K), 0.0030576 secs] [Times: user=0.01 sys=0.00, real=0.01 secs] 
1161.469: [GC (Allocation Failure) [PSYoungGen: 65376K->1344K(66048K)] 412551K->348519K(708608K), 0.0031929 secs] [Times: user=0.01 sys=0.00, real=0.00 secs] 
1162.145: [GC (Allocation Failure) [PSYoungGen: 65344K->1328K(66048K)] 412519K->348503K(708608K), 0.0024323 secs] [Times: user=0.01 sys=0.00, real=0.00 secs] 
1162.965: [GC (Allocation Failure) [PSYoungGen: 65328K->1344K(66048K)] 412503K->348519K(708608K), 0.0027190 secs] [Times: user=0.01 sys=0.00, real=0.00 secs] 
1163.989: [GC (Allocation Failure) [PSYoungGen: 65344K->1360K(66048K)] 412519K->348535K(708608K), 0.0016359 secs] [Times: user=0.00 sys=0.00, real=0.00 secs] 
1165.008: [GC (Allocation Failure) [PSYoungGen: 65360K->1376K(66048K)] 412535K->348551K(708608K), 0.0018473 secs] [Times: user=0.01 sys=0.00, real=0.00 secs] 
1165.538: [GC (Allocation Failure) [PSYoungGen: 65376K->1376K(65536K)] 412551K->348551K(708096K), 0.0019234 secs] [Times: user=0.01 sys=0.01, real=0.00 secs] 
1166.040: [GC (Allocation Failure) [PSYoungGen: 65376K->1344K(65536K)] 412551K->348519K(708096K), 0.0019989 secs] [Times: user=0.01 sys=0.00, real=0.00 secs] 
1166.415: [GC (Allocation Failure) [PSYoungGen: 65344K->288K(65024K)] 412519K->348487K(707584K), 0.0028526 secs] [Times: user=0.01 sys=0.00, real=0.00 secs] 
1168.591: [GC (Allocation Failure) [PSYoungGen: 64288K->1408K(66048K)] 412487K->349607K(708608K), 0.0030514 secs] [Times: user=0.01 sys=0.00, real=0.00 secs] 
1169.422: [GC (Allocation Failure) [PSYoungGen: 65408K->1376K(66048K)] 413607K->349575K(708608K), 0.0020611 secs] [Times: user=0.01 sys=0.00, real=0.00 secs] 
1170.138: [GC (Allocation Failure) [PSYoungGen: 65376K->1344K(66048K)] 413575K->349551K(708608K), 0.0018180 secs] [Times: user=0.01 sys=0.00, real=0.00 secs] 
1170.857: [GC (Allocation Failure) [PSYoungGen: 65344K->1344K(66048K)] 413551K->349551K(708608K), 0.0023498 secs] [Times: user=0.01 sys=0.00, real=0.00 secs] 
1171.685: [GC (Allocation Failure) [PSYoungGen: 65344K->1344K(66048K)] 413551K->349551K(708608K), 0.0026485 secs] [Times: user=0.01 sys=0.00, real=0.00 secs] 
1173.234: [GC (Allocation Failure) [PSYoungGen: 65344K->1376K(66048K)] 413551K->349583K(708608K), 0.0025557 secs] [Times: user=0.01 sys=0.00, real=0.01 secs] 
1173.904: [GC (Allocation Failure) [PSYoungGen: 65376K->1344K(66048K)] 413583K->349551K(708608K), 0.0023611 secs] [Times: user=0.01 sys=0.00, real=0.01 secs] 
1174.191: [GC (Allocation Failure) [PSYoungGen: 65344K->1344K(66048K)] 413551K->349551K(708608K), 0.0018910 secs] [Times: user=0.01 sys=0.00, real=0.00 secs] 
1174.536: [GC (Allocation Failure) [PSYoungGen: 65344K->1344K(66048K)] 413551K->349551K(708608K), 0.0019607 secs] [Times: user=0.01 sys=0.01, real=0.00 secs] 
1175.206: [GC (Allocation Failure) [PSYoungGen: 65344K->1360K(66048K)] 413551K->349567K(708608K), 0.0014810 secs] [Times: user=0.00 sys=0.00, real=0.00 secs] 
1176.097: [GC (Allocation Failure) [PSYoungGen: 65360K->1376K(66048K)] 413567K->349583K(708608K), 0.0019248 secs] [Times: user=0.01 sys=0.00, real=0.00 secs] 
1176.672: [GC (Allocation Failure) [PSYoungGen: 65376K->1376K(66048K)] 413583K->349583K(708608K), 0.0020499 secs] [Times: user=0.01 sys=0.00, real=0.00 secs] 
1177.008: [GC (Allocation Failure) [PSYoungGen: 65376K->1312K(66048K)] 413583K->349519K(708608K), 0.0018234 secs] [Times: user=0.01 sys=0.00, real=0.00 secs] 
1177.398: [GC (Allocation Failure) [PSYoungGen: 65312K->1376K(65536K)] 413519K->349583K(708096K), 0.0018049 secs] [Times: user=0.01 sys=0.00, real=0.00 secs] 
1178.226: [GC (Allocation Failure) [PSYoungGen: 65376K->1344K(65536K)] 413583K->349551K(708096K), 0.0018217 secs] [Times: user=0.00 sys=0.00, real=0.00 secs] 
1178.492: [GC (Allocation Failure) [PSYoungGen: 65344K->320K(65024K)] 413551K->349559K(707584K), 0.0016054 secs] [Times: user=0.00 sys=0.00, real=0.00 secs] 
1179.040: [GC (Allocation Failure) [PSYoungGen: 64320K->288K(66048K)] 413559K->349527K(708608K), 0.0021825 secs] [Times: user=0.00 sys=0.01, real=0.00 secs] 
1179.642: [GC (Allocation Failure) [PSYoungGen: 64288K->320K(66048K)] 413527K->349559K(708608K), 0.0018744 secs] [Times: user=0.01 sys=0.00, real=0.00 secs] 
1180.250: [GC (Allocation Failure) [PSYoungGen: 64320K->320K(66048K)] 413559K->349559K(708608K), 0.0019475 secs] [Times: user=0.01 sys=0.00, real=0.00 secs] 
1181.235: [GC (Allocation Failure) [PSYoungGen: 64320K->1376K(66048K)] 413559K->350615K(708608K), 0.0017883 secs] [Times: user=0.00 sys=0.00, real=0.01 secs] 
1182.148: [GC (Allocation Failure) [PSYoungGen: 65376K->1344K(66048K)] 414615K->350583K(708608K), 0.0026136 secs] [Times: user=0.01 sys=0.01, real=0.00 secs] 
1182.691: [GC (Allocation Failure) [PSYoungGen: 65344K->1344K(66048K)] 414583K->350583K(708608K), 0.0026863 secs] [Times: user=0.01 sys=0.00, real=0.00 secs] 
1183.119: [GC (Allocation Failure) [PSYoungGen: 65344K->1376K(66048K)] 414583K->350615K(708608K), 0.0020482 secs] [Times: user=0.00 sys=0.00, real=0.00 secs] 
1183.972: [GC (Allocation Failure) [PSYoungGen: 65376K->1360K(66048K)] 414615K->350599K(708608K), 0.0014819 secs] [Times: user=0.01 sys=0.00, real=0.00 secs] 
1185.195: [GC (Allocation Failure) [PSYoungGen: 65360K->1376K(66048K)] 414599K->350615K(708608K), 0.0045277 secs] [Times: user=0.02 sys=0.00, real=0.00 secs] 
1186.269: [GC (Allocation Failure) [PSYoungGen: 65376K->1312K(66048K)] 414615K->350551K(708608K), 0.0030925 secs] [Times: user=0.02 sys=0.00, real=0.00 secs] 
1187.018: [GC (Allocation Failure) [PSYoungGen: 65312K->1344K(66048K)] 414551K->350583K(708608K), 0.0020713 secs] [Times: user=0.01 sys=0.00, real=0.00 secs] 
1187.645: [GC (Allocation Failure) [PSYoungGen: 65344K->1344K(66048K)] 414583K->350583K(708608K), 0.0021169 secs] [Times: user=0.01 sys=0.00, real=0.00 secs] 
1188.581: [GC (Allocation Failure) [PSYoungGen: 65344K->1376K(66048K)] 414583K->350615K(708608K), 0.0016818 secs] [Times: user=0.00 sys=0.00, real=0.00 secs] 
1188.850: [GC (Allocation Failure) [PSYoungGen: 65376K->1344K(66048K)] 414615K->350591K(708608K), 0.0018171 secs] [Times: user=0.00 sys=0.00, real=0.00 secs] 
1189.179: [GC (Allocation Failure) [PSYoungGen: 65344K->1376K(66048K)] 414591K->350623K(708608K), 0.0052462 secs] [Times: user=0.02 sys=0.00, real=0.00 secs] 
1189.619: [GC (Allocation Failure) [PSYoungGen: 65376K->1344K(66048K)] 414623K->350591K(708608K), 0.0017163 secs] [Times: user=0.01 sys=0.00, real=0.00 secs] 
1190.162: [GC (Allocation Failure) [PSYoungGen: 65344K->1344K(66048K)] 414591K->350591K(708608K), 0.0017790 secs] [Times: user=0.00 sys=0.00, real=0.00 secs] 
1190.915: [GC (Allocation Failure) [PSYoungGen: 65344K->1376K(66048K)] 414591K->350623K(708608K), 0.0015421 secs] [Times: user=0.01 sys=0.00, real=0.01 secs] 
1191.225: [GC (Allocation Failure) [PSYoungGen: 65376K->1344K(66048K)] 414623K->350591K(708608K), 0.0017387 secs] [Times: user=0.01 sys=0.00, real=0.01 secs] 
1191.490: [GC (Allocation Failure) [PSYoungGen: 65344K->1376K(66048K)] 414591K->350623K(708608K), 0.0016626 secs] [Times: user=0.00 sys=0.00, real=0.00 secs] 
1191.771: [GC (Allocation Failure) [PSYoungGen: 65376K->1344K(66048K)] 414623K->350591K(708608K), 0.0015277 secs] [Times: user=0.01 sys=0.00, real=0.00 secs] 
1192.454: [GC (Allocation Failure) [PSYoungGen: 65344K->1360K(66048K)] 414591K->350607K(708608K), 0.0014832 secs] [Times: user=0.00 sys=0.00, real=0.01 secs] 
1193.954: [GC (Allocation Failure) [PSYoungGen: 65360K->1360K(66048K)] 414607K->350607K(708608K), 0.0035136 secs] [Times: user=0.01 sys=0.00, real=0.01 secs] 
1194.549: [GC (Allocation Failure) [PSYoungGen: 65360K->1376K(66048K)] 414607K->350623K(708608K), 0.0034012 secs] [Times: user=0.01 sys=0.00, real=0.00 secs] 
1195.091: [GC (Allocation Failure) [PSYoungGen: 65376K->1376K(66048K)] 414623K->350623K(708608K), 0.0026987 secs] [Times: user=0.01 sys=0.00, real=0.00 secs] 
1195.364: [GC (Allocation Failure) [PSYoungGen: 65376K->1344K(66048K)] 414623K->350591K(708608K), 0.0017394 secs] [Times: user=0.01 sys=0.00, real=0.01 secs] 
1196.145: [GC (Allocation Failure) [PSYoungGen: 65344K->1408K(66048K)] 414591K->350655K(708608K), 0.0015848 secs] [Times: user=0.01 sys=0.00, real=0.00 secs] 
1196.842: [GC (Allocation Failure) [PSYoungGen: 65408K->1344K(66048K)] 414655K->350615K(708608K), 0.0022134 secs] [Times: user=0.01 sys=0.00, real=0.00 secs] 
1197.572: [GC (Allocation Failure) [PSYoungGen: 65344K->1344K(66048K)] 414615K->350615K(708608K), 0.0038167 secs] [Times: user=0.01 sys=0.00, real=0.01 secs] 
1198.290: [GC (Allocation Failure) [PSYoungGen: 65344K->1344K(66048K)] 414615K->350615K(708608K), 0.0039049 secs] [Times: user=0.02 sys=0.00, real=0.00 secs] 
1198.837: [GC (Allocation Failure) [PSYoungGen: 65344K->1344K(66048K)] 414615K->350615K(708608K), 0.0026854 secs] [Times: user=0.01 sys=0.00, real=0.00 secs] 
1199.639: [GC (Allocation Failure) [PSYoungGen: 65344K->1408K(66048K)] 414615K->350679K(708608K), 0.0018509 secs] [Times: user=0.01 sys=0.00, real=0.00 secs] 
1200.042: [GC (Allocation Failure) [PSYoungGen: 65408K->1344K(65536K)] 414679K->350615K(708096K), 0.0016640 secs] [Times: user=0.00 sys=0.00, real=0.00 secs] 
1200.512: [GC (Allocation Failure) [PSYoungGen: 65344K->1344K(65536K)] 414615K->350615K(708096K), 0.0016285 secs] [Times: user=0.01 sys=0.00, real=0.00 secs] 
1200.952: [GC (Allocation Failure) [PSYoungGen: 65344K->1344K(65536K)] 414615K->350615K(708096K), 0.0021818 secs] [Times: user=0.00 sys=0.00, real=0.00 secs] 
1201.982: [GC (Allocation Failure) [PSYoungGen: 65344K->1360K(65536K)] 414615K->350631K(708096K), 0.0014405 secs] [Times: user=0.01 sys=0.00, real=0.00 secs] 
1202.307: [GC (Allocation Failure) [PSYoungGen: 65360K->1360K(65536K)] 414631K->350631K(708096K), 0.0025547 secs] [Times: user=0.01 sys=0.00, real=0.00 secs] 
1202.696: [GC (Allocation Failure) [PSYoungGen: 65360K->1344K(65536K)] 414631K->350631K(708096K), 0.0018805 secs] [Times: user=0.00 sys=0.00, real=0.00 secs] 
1203.170: [GC (Allocation Failure) [PSYoungGen: 65344K->1328K(65536K)] 414631K->350615K(708096K), 0.0019402 secs] [Times: user=0.01 sys=0.00, real=0.00 secs] 
1203.630: [GC (Allocation Failure) [PSYoungGen: 65328K->1344K(65536K)] 414615K->350631K(708096K), 0.0018274 secs] [Times: user=0.00 sys=0.00, real=0.00 secs] 
1204.621: [GC (Allocation Failure) [PSYoungGen: 65344K->1344K(65536K)] 414631K->350639K(708096K), 0.0016896 secs] [Times: user=0.01 sys=0.01, real=0.00 secs] 
1205.532: [GC (Allocation Failure) [PSYoungGen: 65344K->1344K(65536K)] 414639K->350655K(708096K), 0.0020801 secs] [Times: user=0.01 sys=0.00, real=0.00 secs] 
1206.192: [GC (Allocation Failure) [PSYoungGen: 65344K->1344K(65536K)] 414655K->350655K(708096K), 0.0021189 secs] [Times: user=0.01 sys=0.00, real=0.00 secs] 
1206.949: [GC (Allocation Failure) [PSYoungGen: 65344K->1328K(65536K)] 414655K->350639K(708096K), 0.0030666 secs] [Times: user=0.01 sys=0.00, real=0.00 secs] 
1207.699: [GC (Allocation Failure) [PSYoungGen: 65328K->1312K(65536K)] 414639K->350639K(708096K), 0.0030297 secs] [Times: user=0.01 sys=0.00, real=0.00 secs] 
1208.541: [GC (Allocation Failure) [PSYoungGen: 65312K->1344K(65536K)] 414639K->350679K(708096K), 0.0015226 secs] [Times: user=0.01 sys=0.00, real=0.00 secs] 
1208.807: [GC (Allocation Failure) [PSYoungGen: 65344K->1376K(65536K)] 414679K->350711K(708096K), 0.0015466 secs] [Times: user=0.01 sys=0.00, real=0.00 secs] 
1209.072: [GC (Allocation Failure) [PSYoungGen: 65376K->1408K(65536K)] 414711K->350743K(708096K), 0.0016795 secs] [Times: user=0.01 sys=0.00, real=0.00 secs] 
1209.338: [GC (Allocation Failure) [PSYoungGen: 65408K->1344K(65536K)] 414743K->350679K(708096K), 0.0017320 secs] [Times: user=0.00 sys=0.00, real=0.00 secs] 
1210.072: [GC (Allocation Failure) [PSYoungGen: 65113K->224K(65024K)] 414448K->349559K(707584K), 0.0012788 secs] [Times: user=0.00 sys=0.00, real=0.00 secs] 
1210.920: [GC (Allocation Failure) [PSYoungGen: 63712K->1376K(65536K)] 413047K->350719K(708096K), 0.0029122 secs] [Times: user=0.01 sys=0.00, real=0.00 secs] 
1211.667: [GC (Allocation Failure) [PSYoungGen: 64864K->1376K(65536K)] 414207K->350719K(708096K), 0.0029619 secs] [Times: user=0.01 sys=0.00, real=0.00 secs] 
1212.654: [GC (Allocation Failure) [PSYoungGen: 64864K->1376K(65536K)] 414207K->350719K(708096K), 0.0032310 secs] [Times: user=0.01 sys=0.00, real=0.01 secs] 
1213.437: [GC (Allocation Failure) [PSYoungGen: 64864K->1376K(65536K)] 414207K->350719K(708096K), 0.0038464 secs] [Times: user=0.02 sys=0.00, real=0.00 secs] 
1215.006: [GC (Allocation Failure) [PSYoungGen: 64864K->1408K(65536K)] 414207K->350759K(708096K), 0.0044462 secs] [Times: user=0.02 sys=0.00, real=0.00 secs] 
1215.634: [GC (Allocation Failure) [PSYoungGen: 64896K->1408K(65536K)] 414247K->350767K(708096K), 0.0025496 secs] [Times: user=0.01 sys=0.00, real=0.01 secs] 
1216.383: [GC (Allocation Failure) [PSYoungGen: 64896K->1440K(65536K)] 414255K->350799K(708096K), 0.0023809 secs] [Times: user=0.00 sys=0.00, real=0.01 secs] 
1217.093: [GC (Allocation Failure) [PSYoungGen: 64928K->1376K(65536K)] 414287K->350735K(708096K), 0.0043918 secs] [Times: user=0.01 sys=0.00, real=0.01 secs] 
1217.702: [GC (Allocation Failure) [PSYoungGen: 64864K->1408K(65536K)] 414223K->350767K(708096K), 0.0038694 secs] [Times: user=0.02 sys=0.00, real=0.01 secs] 
1218.831: [GC (Allocation Failure) [PSYoungGen: 64896K->1392K(65536K)] 414255K->350767K(708096K), 0.0017469 secs] [Times: user=0.01 sys=0.00, real=0.00 secs] 
1219.489: [GC (Allocation Failure) [PSYoungGen: 64880K->1376K(65536K)] 414255K->350767K(708096K), 0.0030424 secs] [Times: user=0.01 sys=0.00, real=0.00 secs] 
1220.059: [GC (Allocation Failure) [PSYoungGen: 64864K->1376K(65536K)] 414255K->350775K(708096K), 0.0020299 secs] [Times: user=0.01 sys=0.00, real=0.00 secs] 
1220.540: [GC (Allocation Failure) [PSYoungGen: 64864K->1408K(65536K)] 414263K->350815K(708096K), 0.0018128 secs] [Times: user=0.01 sys=0.00, real=0.00 secs] 
1221.113: [GC (Allocation Failure) [PSYoungGen: 64896K->1360K(65536K)] 414303K->350767K(708096K), 0.0014831 secs] [Times: user=0.00 sys=0.00, real=0.00 secs] 
1221.799: [GC (Allocation Failure) [PSYoungGen: 64848K->1472K(65536K)] 414255K->350895K(708096K), 0.0018311 secs] [Times: user=0.01 sys=0.00, real=0.00 secs] 
1222.302: [GC (Allocation Failure) [PSYoungGen: 64960K->1376K(65536K)] 414383K->350807K(708096K), 0.0037634 secs] [Times: user=0.02 sys=0.00, real=0.01 secs] 
1222.898: [GC (Allocation Failure) [PSYoungGen: 64864K->1408K(65536K)] 414295K->350839K(708096K), 0.0029916 secs] [Times: user=0.01 sys=0.00, real=0.00 secs] 
1223.419: [GC (Allocation Failure) [PSYoungGen: 64896K->1376K(65536K)] 414327K->350807K(708096K), 0.0025311 secs] [Times: user=0.01 sys=0.00, real=0.00 secs] 
1224.411: [GC (Allocation Failure) [PSYoungGen: 64864K->1472K(65536K)] 414295K->350903K(708096K), 0.0017482 secs] [Times: user=0.01 sys=0.00, real=0.00 secs] 
1224.942: [GC (Allocation Failure) [PSYoungGen: 64960K->1376K(65536K)] 414391K->350823K(708096K), 0.0017934 secs] [Times: user=0.00 sys=0.00, real=0.00 secs] 
1225.525: [GC (Allocation Failure) [PSYoungGen: 64864K->1376K(65536K)] 414311K->350823K(708096K), 0.0045301 secs] [Times: user=0.01 sys=0.00, real=0.00 secs] 
1225.928: [GC (Allocation Failure) [PSYoungGen: 64864K->1408K(65024K)] 414311K->350855K(707584K), 0.0022264 secs] [Times: user=0.01 sys=0.00, real=0.00 secs] 
1226.345: [GC (Allocation Failure) [PSYoungGen: 64896K->1344K(65024K)] 414343K->350791K(707584K), 0.0017887 secs] [Times: user=0.00 sys=0.00, real=0.00 secs] 
1228.797: [GC (Allocation Failure) [PSYoungGen: 64832K->384K(64512K)] 414279K->350863K(707072K), 0.0048264 secs] [Times: user=0.02 sys=0.01, real=0.00 secs] 
1229.873: [GC (Allocation Failure) [PSYoungGen: 63872K->384K(65536K)] 414351K->350879K(708096K), 0.0024350 secs] [Times: user=0.01 sys=0.01, real=0.01 secs] 
1230.448: [GC (Allocation Failure) [PSYoungGen: 63872K->320K(65536K)] 414367K->350815K(708096K), 0.0034936 secs] [Times: user=0.02 sys=0.00, real=0.00 secs] 
1230.909: [GC (Allocation Failure) [PSYoungGen: 63808K->384K(65536K)] 414303K->350879K(708096K), 0.0020868 secs] [Times: user=0.01 sys=0.00, real=0.00 secs] 
1231.594: [GC (Allocation Failure) [PSYoungGen: 63872K->1392K(65536K)] 414367K->351887K(708096K), 0.0014261 secs] [Times: user=0.01 sys=0.00, real=0.01 secs] 
1232.148: [GC (Allocation Failure) [PSYoungGen: 64880K->1440K(65536K)] 415375K->351935K(708096K), 0.0016208 secs] [Times: user=0.00 sys=0.00, real=0.00 secs] 
1232.465: [GC (Allocation Failure) [PSYoungGen: 64928K->1360K(65536K)] 415423K->351855K(708096K), 0.0018531 secs] [Times: user=0.01 sys=0.00, real=0.01 secs] 
1232.781: [GC (Allocation Failure) [PSYoungGen: 64848K->1344K(65536K)] 415343K->351839K(708096K), 0.0016675 secs] [Times: user=0.00 sys=0.00, real=0.00 secs] 
1233.092: [GC (Allocation Failure) [PSYoungGen: 64832K->1408K(65536K)] 415327K->351903K(708096K), 0.0018185 secs] [Times: user=0.01 sys=0.00, real=0.00 secs] 
1233.870: [GC (Allocation Failure) [PSYoungGen: 64896K->1952K(65536K)] 415391K->352447K(708096K), 0.0017801 secs] [Times: user=0.01 sys=0.00, real=0.00 secs] 
1234.420: [GC (Allocation Failure) [PSYoungGen: 65440K->1408K(66048K)] 415935K->351903K(708608K), 0.0017376 secs] [Times: user=0.01 sys=0.00, real=0.00 secs] 
1234.994: [GC (Allocation Failure) [PSYoungGen: 64896K->1440K(66048K)] 415391K->351935K(708608K), 0.0016942 secs] [Times: user=0.00 sys=0.00, real=0.01 secs] 
1235.452: [GC (Allocation Failure) [PSYoungGen: 64928K->1376K(66048K)] 415423K->351871K(708608K), 0.0016542 secs] [Times: user=0.01 sys=0.00, real=0.00 secs] 
1236.029: [GC (Allocation Failure) [PSYoungGen: 64864K->1408K(66048K)] 415359K->351903K(708608K), 0.0017730 secs] [Times: user=0.01 sys=0.00, real=0.00 secs] 
1237.600: [GC (Allocation Failure) [PSYoungGen: 64896K->1408K(65024K)] 415391K->351903K(707584K), 0.0022977 secs] [Times: user=0.01 sys=0.00, real=0.00 secs] 
1238.662: [GC (Allocation Failure) [PSYoungGen: 64896K->1344K(65536K)] 415391K->351855K(708096K), 0.0045287 secs] [Times: user=0.02 sys=0.00, real=0.01 secs] 
1239.379: [GC (Allocation Failure) [PSYoungGen: 64832K->1328K(65536K)] 415343K->351839K(708096K), 0.0044621 secs] [Times: user=0.02 sys=0.00, real=0.00 secs] 
1240.184: [GC (Allocation Failure) [PSYoungGen: 64816K->1360K(65536K)] 415327K->351871K(708096K), 0.0045204 secs] [Times: user=0.01 sys=0.00, real=0.01 secs] 
1241.046: [GC (Allocation Failure) [PSYoungGen: 64848K->1328K(65536K)] 415359K->351839K(708096K), 0.0028500 secs] [Times: user=0.02 sys=0.00, real=0.00 secs] 
1242.119: [GC (Allocation Failure) [PSYoungGen: 64816K->1408K(65536K)] 415327K->351919K(708096K), 0.0017647 secs] [Times: user=0.01 sys=0.00, real=0.00 secs] 
1242.663: [GC (Allocation Failure) [PSYoungGen: 64896K->1344K(65536K)] 415407K->351855K(708096K), 0.0038980 secs] [Times: user=0.02 sys=0.00, real=0.01 secs] 
1243.194: [GC (Allocation Failure) [PSYoungGen: 64832K->1344K(65536K)] 415343K->351855K(708096K), 0.0029981 secs] [Times: user=0.01 sys=0.00, real=0.01 secs] 
1243.725: [GC (Allocation Failure) [PSYoungGen: 64832K->1344K(65536K)] 415343K->351855K(708096K), 0.0027225 secs] [Times: user=0.01 sys=0.00, real=0.00 secs] 
1244.645: [GC (Allocation Failure) [PSYoungGen: 64832K->1520K(65536K)] 415343K->352031K(708096K), 0.0016931 secs] [Times: user=0.01 sys=0.00, real=0.00 secs] 
1244.922: [GC (Allocation Failure) [PSYoungGen: 65008K->1344K(65536K)] 415519K->351863K(708096K), 0.0018312 secs] [Times: user=0.01 sys=0.00, real=0.00 secs] 
1245.214: [GC (Allocation Failure) [PSYoungGen: 64832K->1312K(65536K)] 415351K->351831K(708096K), 0.0018367 secs] [Times: user=0.00 sys=0.00, real=0.01 secs] 
1245.492: [GC (Allocation Failure) [PSYoungGen: 64800K->1328K(65536K)] 415319K->351847K(708096K), 0.0016329 secs] [Times: user=0.01 sys=0.00, real=0.00 secs] 
1245.952: [GC (Allocation Failure) [PSYoungGen: 64816K->1344K(65536K)] 415335K->351863K(708096K), 0.0018885 secs] [Times: user=0.00 sys=0.00, real=0.00 secs] 
1246.860: [GC (Allocation Failure) [PSYoungGen: 64832K->1344K(65536K)] 415351K->351863K(708096K), 0.0018605 secs] [Times: user=0.00 sys=0.00, real=0.00 secs] 
1247.418: [GC (Allocation Failure) [PSYoungGen: 64832K->1344K(65536K)] 415351K->351863K(708096K), 0.0025746 secs] [Times: user=0.01 sys=0.00, real=0.00 secs] 
1247.964: [GC (Allocation Failure) [PSYoungGen: 64832K->1344K(65024K)] 415351K->351871K(707584K), 0.0025326 secs] [Times: user=0.01 sys=0.00, real=0.01 secs] 
1248.237: [GC (Allocation Failure) [PSYoungGen: 64832K->1344K(65024K)] 415359K->351871K(707584K), 0.0019903 secs] [Times: user=0.01 sys=0.00, real=0.00 secs] 
1248.560: [GC (Allocation Failure) [PSYoungGen: 64832K->320K(64512K)] 415359K->351871K(707072K), 0.0019237 secs] [Times: user=0.00 sys=0.00, real=0.00 secs] 
1249.285: [GC (Allocation Failure) [PSYoungGen: 63808K->1408K(65536K)] 415359K->352959K(708096K), 0.0018676 secs] [Times: user=0.00 sys=0.00, real=0.01 secs] 
1249.548: [GC (Allocation Failure) [PSYoungGen: 64896K->1344K(65536K)] 416447K->352895K(708096K), 0.0018550 secs] [Times: user=0.01 sys=0.00, real=0.00 secs] 
1249.812: [GC (Allocation Failure) [PSYoungGen: 64832K->1328K(65536K)] 416383K->352879K(708096K), 0.0018286 secs] [Times: user=0.01 sys=0.00, real=0.00 secs] 
1250.106: [GC (Allocation Failure) [PSYoungGen: 64816K->1344K(65536K)] 416367K->352895K(708096K), 0.0017017 secs] [Times: user=0.01 sys=0.00, real=0.00 secs] 
1250.868: [GC (Allocation Failure) [PSYoungGen: 64832K->304K(65536K)] 416383K->351855K(708096K), 0.0013793 secs] [Times: user=0.00 sys=0.00, real=0.00 secs] 
1251.403: [GC (Allocation Failure) [PSYoungGen: 63792K->1376K(65536K)] 415343K->352935K(708096K), 0.0021396 secs] [Times: user=0.01 sys=0.01, real=0.00 secs] 
1251.956: [GC (Allocation Failure) [PSYoungGen: 64864K->1328K(65536K)] 416423K->352887K(708096K), 0.0020243 secs] [Times: user=0.00 sys=0.00, real=0.00 secs] 
1252.726: [GC (Allocation Failure) [PSYoungGen: 64816K->1344K(65536K)] 416375K->352903K(708096K), 0.0023286 secs] [Times: user=0.01 sys=0.01, real=0.00 secs] 
1253.457: [GC (Allocation Failure) [PSYoungGen: 64832K->1344K(65536K)] 416391K->352903K(708096K), 0.0025034 secs] [Times: user=0.01 sys=0.00, real=0.00 secs] 
1254.405: [GC (Allocation Failure) [PSYoungGen: 64832K->1392K(65536K)] 416391K->352951K(708096K), 0.0017844 secs] [Times: user=0.01 sys=0.00, real=0.00 secs] 
1254.669: [GC (Allocation Failure) [PSYoungGen: 64880K->1312K(65536K)] 416439K->352871K(708096K), 0.0018152 secs] [Times: user=0.00 sys=0.00, real=0.00 secs] 
1254.933: [GC (Allocation Failure) [PSYoungGen: 64800K->1344K(65536K)] 416359K->352903K(708096K), 0.0017941 secs] [Times: user=0.00 sys=0.00, real=0.00 secs] 
1255.197: [GC (Allocation Failure) [PSYoungGen: 64832K->1328K(65536K)] 416391K->352903K(708096K), 0.0016059 secs] [Times: user=0.00 sys=0.00, real=0.00 secs] 
1255.460: [GC (Allocation Failure) [PSYoungGen: 64816K->1376K(65536K)] 416391K->352951K(708096K), 0.0016133 secs] [Times: user=0.00 sys=0.00, real=0.00 secs] 
1256.598: [GC (Allocation Failure) [PSYoungGen: 64864K->1376K(65536K)] 416439K->352951K(708096K), 0.0023803 secs] [Times: user=0.01 sys=0.00, real=0.00 secs] 
1257.171: [GC (Allocation Failure) [PSYoungGen: 64864K->1344K(65536K)] 416439K->352919K(708096K), 0.0026276 secs] [Times: user=0.01 sys=0.00, real=0.00 secs] 
1257.621: [GC (Allocation Failure) [PSYoungGen: 64832K->1344K(65536K)] 416407K->352919K(708096K), 0.0023686 secs] [Times: user=0.01 sys=0.00, real=0.00 secs] 
1258.048: [GC (Allocation Failure) [PSYoungGen: 64832K->1344K(65536K)] 416407K->352927K(708096K), 0.0024247 secs] [Times: user=0.01 sys=0.00, real=0.00 secs] 
1258.966: [GC (Allocation Failure) [PSYoungGen: 64832K->1296K(65536K)] 416415K->352879K(708096K), 0.0015250 secs] [Times: user=0.01 sys=0.00, real=0.00 secs] 
1259.818: [GC (Allocation Failure) [PSYoungGen: 64784K->1376K(65536K)] 416367K->352959K(708096K), 0.0025511 secs] [Times: user=0.01 sys=0.00, real=0.00 secs] 
1260.527: [GC (Allocation Failure) [PSYoungGen: 64864K->1312K(65536K)] 416447K->352895K(708096K), 0.0022549 secs] [Times: user=0.01 sys=0.00, real=0.00 secs] 
1261.371: [GC (Allocation Failure) [PSYoungGen: 64800K->1344K(65536K)] 416383K->352927K(708096K), 0.0027017 secs] [Times: user=0.01 sys=0.00, real=0.00 secs] 
1262.200: [GC (Allocation Failure) [PSYoungGen: 64832K->1344K(65536K)] 416415K->352927K(708096K), 0.0026954 secs] [Times: user=0.01 sys=0.00, real=0.00 secs] 
1263.297: [GC (Allocation Failure) [PSYoungGen: 64832K->1376K(65024K)] 416415K->352959K(707584K), 0.0018785 secs] [Times: user=0.01 sys=0.00, real=0.00 secs] 
1263.930: [GC (Allocation Failure) [PSYoungGen: 64864K->1344K(65024K)] 416447K->352927K(707584K), 0.0021584 secs] [Times: user=0.01 sys=0.00, real=0.00 secs] 
1264.668: [GC (Allocation Failure) [PSYoungGen: 64832K->320K(64512K)] 416415K->352927K(707072K), 0.0023952 secs] [Times: user=0.01 sys=0.00, real=0.00 secs] 
1265.382: [GC (Allocation Failure) [PSYoungGen: 63808K->320K(65536K)] 416415K->352927K(708096K), 0.0025757 secs] [Times: user=0.01 sys=0.00, real=0.00 secs] 
1266.118: [GC (Allocation Failure) [PSYoungGen: 63808K->320K(65536K)] 416415K->352927K(708096K), 0.0025787 secs] [Times: user=0.01 sys=0.00, real=0.00 secs] 
1267.608: [GC (Allocation Failure) [PSYoungGen: 63808K->1360K(65536K)] 416415K->353967K(708096K), 0.0026527 secs] [Times: user=0.01 sys=0.00, real=0.00 secs] 
1268.373: [GC (Allocation Failure) [PSYoungGen: 64848K->1376K(65536K)] 417455K->353983K(708096K), 0.0030614 secs] [Times: user=0.02 sys=0.00, real=0.01 secs] 
1269.243: [GC (Allocation Failure) [PSYoungGen: 64864K->1344K(65536K)] 417471K->353951K(708096K), 0.0040222 secs] [Times: user=0.01 sys=0.00, real=0.01 secs] 
1270.014: [GC (Allocation Failure) [PSYoungGen: 64832K->1328K(65536K)] 417439K->353935K(708096K), 0.0023963 secs] [Times: user=0.01 sys=0.00, real=0.01 secs] 
1270.762: [GC (Allocation Failure) [PSYoungGen: 64816K->1328K(65536K)] 417423K->353943K(708096K), 0.0016710 secs] [Times: user=0.01 sys=0.00, real=0.00 secs] 
1271.717: [GC (Allocation Failure) [PSYoungGen: 64816K->1376K(65536K)] 417431K->353991K(708096K), 0.0023727 secs] [Times: user=0.01 sys=0.00, real=0.00 secs] 
1272.374: [GC (Allocation Failure) [PSYoungGen: 64864K->1344K(65536K)] 417479K->353967K(708096K), 0.0027257 secs] [Times: user=0.01 sys=0.00, real=0.01 secs] 
1272.970: [GC (Allocation Failure) [PSYoungGen: 64832K->1344K(65536K)] 417455K->353967K(708096K), 0.0036310 secs] [Times: user=0.02 sys=0.00, real=0.00 secs] 
1273.554: [GC (Allocation Failure) [PSYoungGen: 64832K->1376K(65536K)] 417455K->353999K(708096K), 0.0028864 secs] [Times: user=0.01 sys=0.00, real=0.01 secs] 
1274.526: [GC (Allocation Failure) [PSYoungGen: 64864K->1920K(65024K)] 417487K->354543K(707584K), 0.0019766 secs] [Times: user=0.01 sys=0.00, real=0.00 secs] 
1275.102: [GC (Allocation Failure) [PSYoungGen: 64896K->1312K(64512K)] 417519K->353935K(707072K), 0.0021582 secs] [Times: user=0.00 sys=0.00, real=0.00 secs] 
1275.638: [GC (Allocation Failure) [PSYoungGen: 64288K->1344K(65024K)] 416911K->353967K(707584K), 0.0019997 secs] [Times: user=0.01 sys=0.00, real=0.00 secs] 
1276.157: [GC (Allocation Failure) [PSYoungGen: 64320K->1376K(65024K)] 416943K->353999K(707584K), 0.0020787 secs] [Times: user=0.01 sys=0.00, real=0.00 secs] 
1276.510: [GC (Allocation Failure) [PSYoungGen: 64352K->1376K(65024K)] 416975K->353999K(707584K), 0.0018959 secs] [Times: user=0.01 sys=0.00, real=0.00 secs] 
1277.256: [GC (Allocation Failure) [PSYoungGen: 64352K->1376K(65024K)] 416975K->353999K(707584K), 0.0017350 secs] [Times: user=0.00 sys=0.00, real=0.00 secs] 
1277.518: [GC (Allocation Failure) [PSYoungGen: 64352K->1344K(65024K)] 416975K->353967K(707584K), 0.0016775 secs] [Times: user=0.01 sys=0.00, real=0.00 secs] 
1277.930: [GC (Allocation Failure) [PSYoungGen: 64320K->1344K(65024K)] 416943K->353975K(707584K), 0.0015045 secs] [Times: user=0.01 sys=0.00, real=0.00 secs] 
1278.452: [GC (Allocation Failure) [PSYoungGen: 64320K->1328K(65024K)] 416951K->353959K(707584K), 0.0016678 secs] [Times: user=0.01 sys=0.00, real=0.00 secs] 
1278.998: [GC (Allocation Failure) [PSYoungGen: 64304K->1376K(65024K)] 416935K->354007K(707584K), 0.0016236 secs] [Times: user=0.00 sys=0.00, real=0.00 secs] 
1279.767: [GC (Allocation Failure) [PSYoungGen: 64352K->1408K(65024K)] 416983K->354039K(707584K), 0.0019201 secs] [Times: user=0.01 sys=0.00, real=0.00 secs] 
1280.073: [GC (Allocation Failure) [PSYoungGen: 64384K->1344K(65024K)] 417015K->353975K(707584K), 0.0019163 secs] [Times: user=0.01 sys=0.00, real=0.00 secs] 
1280.368: [GC (Allocation Failure) [PSYoungGen: 64320K->1312K(65024K)] 416951K->353943K(707584K), 0.0019638 secs] [Times: user=0.01 sys=0.00, real=0.00 secs] 
1280.629: [GC (Allocation Failure) [PSYoungGen: 64288K->1344K(65024K)] 416919K->353975K(707584K), 0.0017218 secs] [Times: user=0.00 sys=0.00, real=0.00 secs] 
1281.320: [GC (Allocation Failure) [PSYoungGen: 64320K->1360K(65024K)] 416951K->353991K(707584K), 0.0015139 secs] [Times: user=0.01 sys=0.00, real=0.00 secs] 
1282.423: [GC (Allocation Failure) [PSYoungGen: 64336K->1408K(65024K)] 416967K->354039K(707584K), 0.0017240 secs] [Times: user=0.00 sys=0.00, real=0.01 secs] 
1283.250: [GC (Allocation Failure) [PSYoungGen: 64384K->1344K(65024K)] 417015K->353975K(707584K), 0.0018757 secs] [Times: user=0.01 sys=0.00, real=0.00 secs] 
1284.011: [GC (Allocation Failure) [PSYoungGen: 64320K->1376K(65024K)] 416951K->354007K(707584K), 0.0019599 secs] [Times: user=0.00 sys=0.00, real=0.00 secs] 
1284.468: [GC (Allocation Failure) [PSYoungGen: 64352K->1344K(64512K)] 416983K->353975K(707072K), 0.0021726 secs] [Times: user=0.01 sys=0.00, real=0.00 secs] 
1285.447: [GC (Allocation Failure) [PSYoungGen: 64320K->1408K(64512K)] 416951K->354039K(707072K), 0.0016867 secs] [Times: user=0.01 sys=0.01, real=0.00 secs] 
1286.035: [GC (Allocation Failure) [PSYoungGen: 64384K->352K(64000K)] 417015K->354023K(706560K), 0.0016539 secs] [Times: user=0.00 sys=0.00, real=0.00 secs] 
1286.335: [GC (Allocation Failure) [PSYoungGen: 63328K->320K(65024K)] 416999K->353991K(707584K), 0.0018209 secs] [Times: user=0.00 sys=0.00, real=0.01 secs] 
1286.596: [GC (Allocation Failure) [PSYoungGen: 63296K->320K(65024K)] 416967K->353999K(707584K), 0.0017275 secs] [Times: user=0.01 sys=0.00, real=0.00 secs] 
1287.033: [GC (Allocation Failure) [PSYoungGen: 63296K->352K(65024K)] 416975K->354031K(707584K), 0.0018524 secs] [Times: user=0.01 sys=0.00, real=0.00 secs] 
1288.060: [GC (Allocation Failure) [PSYoungGen: 63328K->1376K(65024K)] 417007K->355055K(707584K), 0.0031870 secs] [Times: user=0.02 sys=0.00, real=0.00 secs] 
1288.595: [GC (Allocation Failure) [PSYoungGen: 64352K->1344K(65024K)] 418031K->355023K(707584K), 0.0025024 secs] [Times: user=0.01 sys=0.00, real=0.00 secs] 
1288.996: [GC (Allocation Failure) [PSYoungGen: 64320K->1344K(65024K)] 417999K->355023K(707584K), 0.0018246 secs] [Times: user=0.01 sys=0.00, real=0.00 secs] 
1289.258: [GC (Allocation Failure) [PSYoungGen: 64320K->1360K(65024K)] 417999K->355039K(707584K), 0.0019684 secs] [Times: user=0.01 sys=0.00, real=0.00 secs] 
1289.568: [GC (Allocation Failure) [PSYoungGen: 64324K->224K(64512K)] 418004K->353903K(707072K), 0.0015902 secs] [Times: user=0.01 sys=0.00, real=0.00 secs] 
1291.008: [GC (Allocation Failure) [PSYoungGen: 62688K->1408K(65024K)] 416367K->355087K(707584K), 0.0030179 secs] [Times: user=0.01 sys=0.00, real=0.00 secs] 
1291.955: [GC (Allocation Failure) [PSYoungGen: 63872K->1344K(65024K)] 417551K->355023K(707584K), 0.0032047 secs] [Times: user=0.02 sys=0.01, real=0.01 secs] 
1292.564: [GC (Allocation Failure) [PSYoungGen: 63808K->1344K(65024K)] 417487K->355023K(707584K), 0.0024456 secs] [Times: user=0.01 sys=0.00, real=0.01 secs] 
1293.028: [GC (Allocation Failure) [PSYoungGen: 63808K->1344K(65024K)] 417487K->355023K(707584K), 0.0024208 secs] [Times: user=0.01 sys=0.00, real=0.00 secs] 
1293.842: [GC (Allocation Failure) [PSYoungGen: 63808K->1360K(65024K)] 417487K->355039K(707584K), 0.0013640 secs] [Times: user=0.01 sys=0.00, real=0.00 secs] 
1294.559: [GC (Allocation Failure) [PSYoungGen: 63824K->1376K(65024K)] 417503K->355055K(707584K), 0.0017012 secs] [Times: user=0.01 sys=0.00, real=0.00 secs] 
1294.903: [GC (Allocation Failure) [PSYoungGen: 63840K->1376K(64000K)] 417519K->355055K(706560K), 0.0017569 secs] [Times: user=0.01 sys=0.00, real=0.01 secs] 
1295.210: [GC (Allocation Failure) [PSYoungGen: 63840K->1344K(64512K)] 417519K->355023K(707072K), 0.0020109 secs] [Times: user=0.00 sys=0.00, real=0.00 secs] 
1295.776: [GC (Allocation Failure) [PSYoungGen: 63808K->1344K(64512K)] 417487K->355023K(707072K), 0.0019913 secs] [Times: user=0.01 sys=0.00, real=0.00 secs] 
1296.925: [GC (Allocation Failure) [PSYoungGen: 63808K->1408K(64512K)] 417487K->355087K(707072K), 0.0016809 secs] [Times: user=0.01 sys=0.00, real=0.01 secs] 
1297.185: [GC (Allocation Failure) [PSYoungGen: 63872K->1328K(64512K)] 417551K->355023K(707072K), 0.0016895 secs] [Times: user=0.00 sys=0.00, real=0.01 secs] 
1297.444: [GC (Allocation Failure) [PSYoungGen: 63792K->1344K(64512K)] 417487K->355039K(707072K), 0.0018533 secs] [Times: user=0.01 sys=0.00, real=0.01 secs] 
1297.704: [GC (Allocation Failure) [PSYoungGen: 63808K->1376K(64512K)] 417503K->355071K(707072K), 0.0016333 secs] [Times: user=0.00 sys=0.00, real=0.01 secs] 
1297.963: [GC (Allocation Failure) [PSYoungGen: 63840K->1344K(64512K)] 417535K->355039K(707072K), 0.0021687 secs] [Times: user=0.01 sys=0.00, real=0.01 secs] 
1298.728: [GC (Allocation Failure) [PSYoungGen: 63808K->1392K(64512K)] 417503K->355087K(707072K), 0.0016987 secs] [Times: user=0.01 sys=0.00, real=0.00 secs] 
1299.151: [GC (Allocation Failure) [PSYoungGen: 63856K->1344K(64512K)] 417551K->355039K(707072K), 0.0017653 secs] [Times: user=0.00 sys=0.00, real=0.00 secs] 
1299.675: [GC (Allocation Failure) [PSYoungGen: 63808K->1344K(64512K)] 417503K->355039K(707072K), 0.0018313 secs] [Times: user=0.00 sys=0.00, real=0.01 secs] 
1300.187: [GC (Allocation Failure) [PSYoungGen: 63808K->1344K(64512K)] 417503K->355039K(707072K), 0.0025570 secs] [Times: user=0.01 sys=0.00, real=0.00 secs] 
1300.705: [GC (Allocation Failure) [PSYoungGen: 63808K->1344K(64512K)] 417503K->355039K(707072K), 0.0024762 secs] [Times: user=0.01 sys=0.00, real=0.00 secs] 
1302.027: [GC (Allocation Failure) [PSYoungGen: 63808K->1408K(64512K)] 417503K->355103K(707072K), 0.0053020 secs] [Times: user=0.02 sys=0.00, real=0.00 secs] 
1302.902: [GC (Allocation Failure) [PSYoungGen: 63872K->1344K(64512K)] 417567K->355039K(707072K), 0.0026929 secs] [Times: user=0.01 sys=0.00, real=0.00 secs] 
1303.439: [GC (Allocation Failure) [PSYoungGen: 63808K->1344K(64512K)] 417503K->355039K(707072K), 0.0026441 secs] [Times: user=0.01 sys=0.00, real=0.00 secs] 
1303.951: [GC (Allocation Failure) [PSYoungGen: 63808K->1328K(64512K)] 417503K->355023K(707072K), 0.0030438 secs] [Times: user=0.02 sys=0.00, real=0.00 secs] 
1304.766: [GC (Allocation Failure) [PSYoungGen: 63792K->1328K(64512K)] 417487K->355023K(707072K), 0.0015005 secs] [Times: user=0.01 sys=0.00, real=0.00 secs] 
1305.349: [GC (Allocation Failure) [PSYoungGen: 63792K->1376K(64512K)] 417487K->355071K(707072K), 0.0017425 secs] [Times: user=0.01 sys=0.00, real=0.00 secs] 
1305.618: [GC (Allocation Failure) [PSYoungGen: 63840K->1344K(64512K)] 417535K->355039K(707072K), 0.0017818 secs] [Times: user=0.00 sys=0.00, real=0.00 secs] 
1305.918: [GC (Allocation Failure) [PSYoungGen: 63808K->1344K(64000K)] 417503K->355039K(706560K), 0.0018432 secs] [Times: user=0.00 sys=0.00, real=0.00 secs] 
1306.193: [GC (Allocation Failure) [PSYoungGen: 63808K->1344K(64000K)] 417503K->355039K(706560K), 0.0016816 secs] [Times: user=0.00 sys=0.00, real=0.00 secs] 
1306.954: [GC (Allocation Failure) [PSYoungGen: 63808K->848K(64000K)] 417503K->355583K(706560K), 0.0017402 secs] [Times: user=0.01 sys=0.00, real=0.01 secs] 
1307.260: [GC (Allocation Failure) [PSYoungGen: 63312K->320K(64512K)] 418047K->355055K(707072K), 0.0017596 secs] [Times: user=0.01 sys=0.00, real=0.00 secs] 
1307.531: [GC (Allocation Failure) [PSYoungGen: 62784K->288K(64512K)] 417519K->355023K(707072K), 0.0017213 secs] [Times: user=0.00 sys=0.00, real=0.00 secs] 
1307.790: [GC (Allocation Failure) [PSYoungGen: 62752K->288K(64512K)] 417487K->355023K(707072K), 0.0016137 secs] [Times: user=0.01 sys=0.00, real=0.00 secs] 
1308.049: [GC (Allocation Failure) [PSYoungGen: 62752K->320K(64512K)] 417487K->355055K(707072K), 0.0015707 secs] [Times: user=0.01 sys=0.00, real=0.00 secs] 
1308.750: [GC (Allocation Failure) [PSYoungGen: 62784K->1408K(64512K)] 417519K->356143K(707072K), 0.0016629 secs] [Times: user=0.01 sys=0.01, real=0.00 secs] 
1309.071: [GC (Allocation Failure) [PSYoungGen: 63872K->1376K(64512K)] 418607K->356111K(707072K), 0.0017791 secs] [Times: user=0.01 sys=0.00, real=0.00 secs] 
1309.365: [GC (Allocation Failure) [PSYoungGen: 63840K->1344K(64512K)] 418575K->356079K(707072K), 0.0018309 secs] [Times: user=0.01 sys=0.00, real=0.00 secs] 
1309.625: [GC (Allocation Failure) [PSYoungGen: 63808K->1344K(64512K)] 418543K->356079K(707072K), 0.0018881 secs] [Times: user=0.01 sys=0.00, real=0.00 secs] 
1309.884: [GC (Allocation Failure) [PSYoungGen: 63808K->1312K(64000K)] 418543K->356047K(706560K), 0.0017283 secs] [Times: user=0.00 sys=0.00, real=0.01 secs] 
1311.438: [GC (Allocation Failure) [PSYoungGen: 63776K->1376K(64512K)] 418511K->356111K(707072K), 0.0028942 secs] [Times: user=0.01 sys=0.00, real=0.00 secs] 
1311.707: [GC (Allocation Failure) [PSYoungGen: 63840K->1376K(64512K)] 418575K->356119K(707072K), 0.0022356 secs] [Times: user=0.01 sys=0.00, real=0.00 secs] 
1311.972: [GC (Allocation Failure) [PSYoungGen: 63840K->1376K(64512K)] 418583K->356119K(707072K), 0.0017530 secs] [Times: user=0.01 sys=0.00, real=0.00 secs] 
1312.309: [GC (Allocation Failure) [PSYoungGen: 63840K->1376K(64512K)] 418583K->356119K(707072K), 0.0018704 secs] [Times: user=0.00 sys=0.00, real=0.00 secs] 
1312.915: [GC (Allocation Failure) [PSYoungGen: 63840K->1360K(64512K)] 418583K->356103K(707072K), 0.0014073 secs] [Times: user=0.01 sys=0.00, real=0.01 secs] 
1313.858: [GC (Allocation Failure) [PSYoungGen: 63824K->1408K(64512K)] 418567K->356151K(707072K), 0.0016773 secs] [Times: user=0.01 sys=0.00, real=0.00 secs] 
1314.519: [GC (Allocation Failure) [PSYoungGen: 63872K->1344K(64512K)] 418615K->356087K(707072K), 0.0018487 secs] [Times: user=0.01 sys=0.00, real=0.00 secs] 
1315.224: [GC (Allocation Failure) [PSYoungGen: 63808K->1344K(64512K)] 418551K->356087K(707072K), 0.0021545 secs] [Times: user=0.01 sys=0.00, real=0.01 secs] 
1315.761: [GC (Allocation Failure) [PSYoungGen: 63808K->1360K(64512K)] 418551K->356103K(707072K), 0.0021474 secs] [Times: user=0.01 sys=0.00, real=0.00 secs] 
1316.539: [GC (Allocation Failure) [PSYoungGen: 63824K->1456K(64512K)] 418567K->356215K(707072K), 0.0017828 secs] [Times: user=0.01 sys=0.00, real=0.00 secs] 
1317.207: [GC (Allocation Failure) [PSYoungGen: 63920K->1344K(64512K)] 418679K->356103K(707072K), 0.0016820 secs] [Times: user=0.01 sys=0.00, real=0.00 secs] 
1317.731: [GC (Allocation Failure) [PSYoungGen: 63808K->1328K(64512K)] 418567K->356087K(707072K), 0.0017578 secs] [Times: user=0.00 sys=0.00, real=0.00 secs] 
1318.012: [GC (Allocation Failure) [PSYoungGen: 63792K->1328K(64512K)] 418551K->356087K(707072K), 0.0020406 secs] [Times: user=0.01 sys=0.00, real=0.00 secs] 
1318.272: [GC (Allocation Failure) [PSYoungGen: 63792K->1344K(64512K)] 418551K->356103K(707072K), 0.0019609 secs] [Times: user=0.00 sys=0.00, real=0.00 secs] 
1319.188: [GC (Allocation Failure) [PSYoungGen: 63808K->1408K(64512K)] 418567K->356167K(707072K), 0.0016778 secs] [Times: user=0.00 sys=0.00, real=0.00 secs] 
1319.919: [GC (Allocation Failure) [PSYoungGen: 63872K->1344K(64512K)] 418631K->356103K(707072K), 0.0021774 secs] [Times: user=0.01 sys=0.00, real=0.00 secs] 
1320.566: [GC (Allocation Failure) [PSYoungGen: 63808K->1376K(64512K)] 418567K->356135K(707072K), 0.0020649 secs] [Times: user=0.01 sys=0.00, real=0.00 secs] 
1321.325: [GC (Allocation Failure) [PSYoungGen: 63840K->1344K(64512K)] 418599K->356103K(707072K), 0.0024123 secs] [Times: user=0.01 sys=0.00, real=0.00 secs] 
1322.124: [GC (Allocation Failure) [PSYoungGen: 63808K->1376K(64512K)] 418567K->356135K(707072K), 0.0025187 secs] [Times: user=0.01 sys=0.00, real=0.01 secs] 
1323.408: [GC (Allocation Failure) [PSYoungGen: 63840K->1360K(64512K)] 418599K->356119K(707072K), 0.0023158 secs] [Times: user=0.01 sys=0.00, real=0.00 secs] 
1324.183: [GC (Allocation Failure) [PSYoungGen: 63824K->1312K(64512K)] 418583K->356071K(707072K), 0.0023006 secs] [Times: user=0.01 sys=0.00, real=0.01 secs] 
1324.684: [GC (Allocation Failure) [PSYoungGen: 63776K->1344K(64512K)] 418535K->356103K(707072K), 0.0020106 secs] [Times: user=0.01 sys=0.00, real=0.01 secs] 
1324.944: [GC (Allocation Failure) [PSYoungGen: 63808K->1376K(64512K)] 418567K->356135K(707072K), 0.0017524 secs] [Times: user=0.01 sys=0.00, real=0.01 secs] 
1325.216: [GC (Allocation Failure) [PSYoungGen: 63840K->1360K(64512K)] 418599K->356119K(707072K), 0.0018139 secs] [Times: user=0.01 sys=0.00, real=0.00 secs] 
1326.024: [GC (Allocation Failure) [PSYoungGen: 63824K->1376K(64512K)] 418583K->356135K(707072K), 0.0015586 secs] [Times: user=0.01 sys=0.00, real=0.01 secs] 
1326.449: [GC (Allocation Failure) [PSYoungGen: 63840K->1376K(64512K)] 418599K->356135K(707072K), 0.0016111 secs] [Times: user=0.01 sys=0.00, real=0.00 secs] 
1326.929: [GC (Allocation Failure) [PSYoungGen: 63840K->1328K(64000K)] 418599K->356087K(706560K), 0.0018204 secs] [Times: user=0.01 sys=0.00, real=0.00 secs] 
1327.508: [GC (Allocation Failure) [PSYoungGen: 63792K->1344K(64000K)] 418551K->356119K(706560K), 0.0017507 secs] [Times: user=0.01 sys=0.01, real=0.00 secs] 
1328.313: [GC (Allocation Failure) [PSYoungGen: 63808K->1360K(64000K)] 418583K->356135K(706560K), 0.0014716 secs] [Times: user=0.01 sys=0.00, real=0.00 secs] 
1329.054: [GC (Allocation Failure) [PSYoungGen: 63824K->1408K(64000K)] 418599K->356183K(706560K), 0.0020413 secs] [Times: user=0.01 sys=0.00, real=0.01 secs] 
1329.576: [GC (Allocation Failure) [PSYoungGen: 63872K->1376K(64000K)] 418647K->356151K(706560K), 0.0030593 secs] [Times: user=0.01 sys=0.00, real=0.00 secs] 
1329.827: [GC (Allocation Failure) [PSYoungGen: 63840K->1312K(64000K)] 418615K->356087K(706560K), 0.0016771 secs] [Times: user=0.00 sys=0.00, real=0.00 secs] 
1330.086: [GC (Allocation Failure) [PSYoungGen: 63776K->1344K(64000K)] 418551K->356119K(706560K), 0.0017156 secs] [Times: user=0.01 sys=0.00, real=0.00 secs] 
1330.957: [GC (Allocation Failure) [PSYoungGen: 63808K->1344K(64000K)] 418583K->356119K(706560K), 0.0016374 secs] [Times: user=0.01 sys=0.00, real=0.00 secs] 
1331.510: [GC (Allocation Failure) [PSYoungGen: 63808K->1344K(64000K)] 418583K->356127K(706560K), 0.0016734 secs] [Times: user=0.00 sys=0.00, real=0.00 secs] 
1332.221: [GC (Allocation Failure) [PSYoungGen: 63808K->1344K(64000K)] 418591K->356127K(706560K), 0.0020293 secs] [Times: user=0.00 sys=0.00, real=0.00 secs] 
1332.898: [GC (Allocation Failure) [PSYoungGen: 63808K->1344K(64000K)] 418591K->356127K(706560K), 0.0018847 secs] [Times: user=0.01 sys=0.00, real=0.00 secs] 
1333.682: [GC (Allocation Failure) [PSYoungGen: 63808K->1344K(64000K)] 418591K->356127K(706560K), 0.0032430 secs] [Times: user=0.01 sys=0.00, real=0.01 secs] 
1334.987: [GC (Allocation Failure) [PSYoungGen: 63808K->1376K(64000K)] 418591K->356159K(706560K), 0.0020111 secs] [Times: user=0.01 sys=0.00, real=0.00 secs] 
1336.155: [GC (Allocation Failure) [PSYoungGen: 63840K->1360K(64000K)] 418623K->356143K(706560K), 0.0025711 secs] [Times: user=0.01 sys=0.01, real=0.01 secs] 
1336.898: [GC (Allocation Failure) [PSYoungGen: 63824K->1344K(64000K)] 418607K->356127K(706560K), 0.0032670 secs] [Times: user=0.01 sys=0.00, real=0.00 secs] 
1337.585: [GC (Allocation Failure) [PSYoungGen: 63808K->1344K(64000K)] 418591K->356127K(706560K), 0.0024212 secs] [Times: user=0.01 sys=0.00, real=0.00 secs] 
1338.114: [GC (Allocation Failure) [PSYoungGen: 63808K->1344K(64000K)] 418591K->356135K(706560K), 0.0026936 secs] [Times: user=0.01 sys=0.00, real=0.01 secs] 
1339.234: [GC (Allocation Failure) [PSYoungGen: 63808K->1376K(64000K)] 418599K->356175K(706560K), 0.0016597 secs] [Times: user=0.01 sys=0.00, real=0.01 secs] 
1339.808: [GC (Allocation Failure) [PSYoungGen: 63840K->1344K(64000K)] 418639K->356151K(706560K), 0.0021859 secs] [Times: user=0.00 sys=0.00, real=0.00 secs] 
1340.347: [GC (Allocation Failure) [PSYoungGen: 63808K->1344K(64000K)] 418615K->356151K(706560K), 0.0020673 secs] [Times: user=0.00 sys=0.00, real=0.00 secs] 
1340.872: [GC (Allocation Failure) [PSYoungGen: 63808K->1376K(64000K)] 418615K->356191K(706560K), 0.0021415 secs] [Times: user=0.00 sys=0.00, real=0.00 secs] 
1341.526: [GC (Allocation Failure) [PSYoungGen: 63840K->1360K(64000K)] 418655K->356175K(706560K), 0.0015068 secs] [Times: user=0.00 sys=0.00, real=0.00 secs] 
1342.372: [GC (Allocation Failure) [PSYoungGen: 63824K->1376K(64000K)] 418639K->356191K(706560K), 0.0020238 secs] [Times: user=0.01 sys=0.00, real=0.00 secs] 
1342.632: [GC (Allocation Failure) [PSYoungGen: 63840K->1328K(64000K)] 418655K->356143K(706560K), 0.0017849 secs] [Times: user=0.01 sys=0.00, real=0.00 secs] 
1342.892: [GC (Allocation Failure) [PSYoungGen: 63792K->1344K(64000K)] 418607K->356159K(706560K), 0.0019581 secs] [Times: user=0.00 sys=0.00, real=0.00 secs] 
1343.151: [GC (Allocation Failure) [PSYoungGen: 63808K->1344K(64000K)] 418623K->356159K(706560K), 0.0018048 secs] [Times: user=0.00 sys=0.00, real=0.00 secs] 
1344.073: [GC (Allocation Failure) [PSYoungGen: 63808K->608K(64000K)] 418623K->356447K(706560K), 0.0018212 secs] [Times: user=0.01 sys=0.00, real=0.00 secs] 
1344.926: [GC (Allocation Failure) [PSYoungGen: 63072K->320K(63488K)] 418911K->356159K(706048K), 0.0022406 secs] [Times: user=0.01 sys=0.00, real=0.00 secs] 
1345.920: [GC (Allocation Failure) [PSYoungGen: 62272K->320K(64000K)] 418111K->356159K(706560K), 0.0040156 secs] [Times: user=0.01 sys=0.00, real=0.00 secs] 
1346.743: [GC (Allocation Failure) [PSYoungGen: 62272K->288K(64000K)] 418111K->356127K(706560K), 0.0036243 secs] [Times: user=0.01 sys=0.00, real=0.01 secs] 
1347.311: [GC (Allocation Failure) [PSYoungGen: 62240K->304K(64000K)] 418079K->356143K(706560K), 0.0025987 secs] [Times: user=0.01 sys=0.00, real=0.00 secs] 
1348.286: [GC (Allocation Failure) [PSYoungGen: 62256K->1376K(64000K)] 418095K->357231K(706560K), 0.0017152 secs] [Times: user=0.00 sys=0.00, real=0.00 secs] 
1348.704: [GC (Allocation Failure) [PSYoungGen: 63328K->1376K(64000K)] 419183K->357239K(706560K), 0.0017684 secs] [Times: user=0.00 sys=0.00, real=0.01 secs] 
1348.962: [GC (Allocation Failure) [PSYoungGen: 63328K->1376K(64000K)] 419191K->357239K(706560K), 0.0016975 secs] [Times: user=0.00 sys=0.00, real=0.00 secs] 
1349.219: [GC (Allocation Failure) [PSYoungGen: 63328K->1344K(64000K)] 419191K->357207K(706560K), 0.0018899 secs] [Times: user=0.01 sys=0.00, real=0.00 secs] 
1349.548: [GC (Allocation Failure) [PSYoungGen: 63296K->1376K(64000K)] 419159K->357239K(706560K), 0.0017333 secs] [Times: user=0.00 sys=0.00, real=0.00 secs] 
1350.406: [GC (Allocation Failure) [PSYoungGen: 63328K->1360K(64000K)] 419191K->357223K(706560K), 0.0015588 secs] [Times: user=0.01 sys=0.00, real=0.00 secs] 
1350.982: [GC (Allocation Failure) [PSYoungGen: 63312K->1376K(64000K)] 419175K->357239K(706560K), 0.0017173 secs] [Times: user=0.00 sys=0.00, real=0.00 secs] 
1351.592: [GC (Allocation Failure) [PSYoungGen: 63328K->1328K(64000K)] 419191K->357191K(706560K), 0.0016898 secs] [Times: user=0.00 sys=0.00, real=0.00 secs] 
1352.221: [GC (Allocation Failure) [PSYoungGen: 63280K->1344K(64000K)] 419143K->357207K(706560K), 0.0018134 secs] [Times: user=0.00 sys=0.00, real=0.00 secs] 
1352.955: [GC (Allocation Failure) [PSYoungGen: 63296K->1376K(64000K)] 419159K->357239K(706560K), 0.0017951 secs] [Times: user=0.01 sys=0.00, real=0.01 secs] 
1353.813: [GC (Allocation Failure) [PSYoungGen: 63328K->1376K(64000K)] 419191K->357239K(706560K), 0.0018579 secs] [Times: user=0.01 sys=0.00, real=0.01 secs] 
1354.090: [GC (Allocation Failure) [PSYoungGen: 63328K->1344K(64000K)] 419191K->357207K(706560K), 0.0017800 secs] [Times: user=0.01 sys=0.00, real=0.00 secs] 
1354.400: [GC (Allocation Failure) [PSYoungGen: 63296K->1376K(64000K)] 419159K->357239K(706560K), 0.0023440 secs] [Times: user=0.01 sys=0.00, real=0.00 secs] 
1354.928: [GC (Allocation Failure) [PSYoungGen: 63328K->1344K(64000K)] 419191K->357207K(706560K), 0.0026052 secs] [Times: user=0.01 sys=0.00, real=0.00 secs] 
1355.631: [GC (Allocation Failure) [PSYoungGen: 63296K->1328K(64000K)] 419159K->357191K(706560K), 0.0014696 secs] [Times: user=0.01 sys=0.00, real=0.00 secs] 
1356.380: [GC (Allocation Failure) [PSYoungGen: 63280K->1376K(64000K)] 419143K->357255K(706560K), 0.0019759 secs] [Times: user=0.01 sys=0.00, real=0.00 secs] 
1356.644: [GC (Allocation Failure) [PSYoungGen: 63328K->1344K(64000K)] 419207K->357223K(706560K), 0.0017752 secs] [Times: user=0.00 sys=0.00, real=0.01 secs] 
1356.914: [GC (Allocation Failure) [PSYoungGen: 63296K->1344K(64000K)] 419175K->357223K(706560K), 0.0017585 secs] [Times: user=0.01 sys=0.00, real=0.01 secs] 
1357.180: [GC (Allocation Failure) [PSYoungGen: 63296K->1376K(64000K)] 419175K->357255K(706560K), 0.0017150 secs] [Times: user=0.01 sys=0.00, real=0.00 secs] 
1357.944: [GC (Allocation Failure) [PSYoungGen: 63328K->1408K(64000K)] 419207K->357287K(706560K), 0.0017666 secs] [Times: user=0.01 sys=0.00, real=0.01 secs] 
1358.333: [GC (Allocation Failure) [PSYoungGen: 63360K->1376K(64000K)] 419239K->357255K(706560K), 0.0015763 secs] [Times: user=0.01 sys=0.00, real=0.00 secs] 
1358.817: [GC (Allocation Failure) [PSYoungGen: 63328K->1344K(64000K)] 419207K->357223K(706560K), 0.0018255 secs] [Times: user=0.01 sys=0.00, real=0.00 secs] 
1359.465: [GC (Allocation Failure) [PSYoungGen: 63296K->1344K(64000K)] 419175K->357223K(706560K), 0.0024015 secs] [Times: user=0.01 sys=0.00, real=0.01 secs] 
1360.312: [GC (Allocation Failure) [PSYoungGen: 63296K->1344K(64000K)] 419175K->357223K(706560K), 0.0026944 secs] [Times: user=0.01 sys=0.00, real=0.01 secs] 
1361.678: [GC (Allocation Failure) [PSYoungGen: 63296K->1408K(64000K)] 419175K->357287K(706560K), 0.0018778 secs] [Times: user=0.01 sys=0.00, real=0.00 secs] 
1362.522: [GC (Allocation Failure) [PSYoungGen: 63360K->1376K(64000K)] 419239K->357263K(706560K), 0.0042028 secs] [Times: user=0.02 sys=0.00, real=0.01 secs] 
1363.389: [GC (Allocation Failure) [PSYoungGen: 63328K->1344K(64000K)] 419215K->357231K(706560K), 0.0047799 secs] [Times: user=0.02 sys=0.00, real=0.00 secs] 
1364.309: [GC (Allocation Failure) [PSYoungGen: 63296K->1344K(64000K)] 419183K->357231K(706560K), 0.0044339 secs] [Times: user=0.01 sys=0.00, real=0.00 secs] 
1365.169: [GC (Allocation Failure) [PSYoungGen: 63296K->1328K(64000K)] 419183K->357215K(706560K), 0.0029538 secs] [Times: user=0.01 sys=0.01, real=0.00 secs] 
1366.494: [GC (Allocation Failure) [PSYoungGen: 63280K->1360K(63488K)] 419167K->357247K(706048K), 0.0021726 secs] [Times: user=0.00 sys=0.00, real=0.01 secs] 
1366.820: [GC (Allocation Failure) [PSYoungGen: 63312K->1312K(63488K)] 419199K->357207K(706048K), 0.0020575 secs] [Times: user=0.01 sys=0.00, real=0.00 secs] 
1367.135: [GC (Allocation Failure) [PSYoungGen: 63264K->1328K(63488K)] 419159K->357223K(706048K), 0.0017841 secs] [Times: user=0.00 sys=0.00, real=0.01 secs] 
1368.002: [GC (Allocation Failure) [PSYoungGen: 63280K->1344K(63488K)] 419175K->357239K(706048K), 0.0029931 secs] [Times: user=0.02 sys=0.00, real=0.01 secs] 
1369.005: [GC (Allocation Failure) [PSYoungGen: 63296K->1344K(63488K)] 419191K->357239K(706048K), 0.0039593 secs] [Times: user=0.02 sys=0.00, real=0.01 secs] 
1369.887: [GC (Allocation Failure) [PSYoungGen: 63296K->1344K(63488K)] 419191K->357247K(706048K), 0.0016848 secs] [Times: user=0.00 sys=0.00, real=0.00 secs] 
1370.165: [GC (Allocation Failure) [PSYoungGen: 63296K->1344K(63488K)] 419199K->357247K(706048K), 0.0016831 secs] [Times: user=0.00 sys=0.00, real=0.01 secs] 
1370.424: [GC (Allocation Failure) [PSYoungGen: 63296K->1344K(63488K)] 419199K->357247K(706048K), 0.0017558 secs] [Times: user=0.01 sys=0.00, real=0.01 secs] 
1370.681: [GC (Allocation Failure) [PSYoungGen: 63296K->1344K(63488K)] 419199K->357247K(706048K), 0.0018616 secs] [Times: user=0.01 sys=0.00, real=0.00 secs] 
1371.188: [GC (Allocation Failure) [PSYoungGen: 63296K->1357K(63488K)] 419199K->357261K(706048K), 0.0014295 secs] [Times: user=0.00 sys=0.00, real=0.00 secs] 
1372.016: [GC (Allocation Failure) [PSYoungGen: 63309K->1360K(63488K)] 419213K->357263K(706048K), 0.0017527 secs] [Times: user=0.00 sys=0.00, real=0.00 secs] 
1372.879: [GC (Allocation Failure) [PSYoungGen: 63312K->1344K(63488K)] 419215K->357247K(706048K), 0.0045823 secs] [Times: user=0.01 sys=0.00, real=0.00 secs] 
1373.497: [GC (Allocation Failure) [PSYoungGen: 63296K->1344K(63488K)] 419199K->357247K(706048K), 0.0029848 secs] [Times: user=0.01 sys=0.00, real=0.00 secs] 
1374.447: [GC (Allocation Failure) [PSYoungGen: 63296K->1344K(63488K)] 419199K->357247K(706048K), 0.0031231 secs] [Times: user=0.01 sys=0.00, real=0.00 secs] 
1375.741: [GC (Allocation Failure) [PSYoungGen: 63296K->1357K(63488K)] 419199K->357261K(706048K), 0.0015188 secs] [Times: user=0.01 sys=0.00, real=0.00 secs] 
1376.094: [GC (Allocation Failure) [PSYoungGen: 63309K->1376K(63488K)] 419213K->357279K(706048K), 0.0017094 secs] [Times: user=0.00 sys=0.00, real=0.01 secs] 
1376.526: [GC (Allocation Failure) [PSYoungGen: 63328K->1344K(63488K)] 419231K->357247K(706048K), 0.0023830 secs] [Times: user=0.01 sys=0.00, real=0.00 secs] 
1377.088: [GC (Allocation Failure) [PSYoungGen: 63296K->1376K(63488K)] 419199K->357279K(706048K), 0.0021316 secs] [Times: user=0.01 sys=0.00, real=0.00 secs] 
1377.617: [GC (Allocation Failure) [PSYoungGen: 63328K->1344K(63488K)] 419231K->357263K(706048K), 0.0037108 secs] [Times: user=0.01 sys=0.00, real=0.00 secs] 
1378.687: [GC (Allocation Failure) [PSYoungGen: 63296K->1376K(63488K)] 419215K->357295K(706048K), 0.0014957 secs] [Times: user=0.00 sys=0.00, real=0.00 secs] 
1378.944: [GC (Allocation Failure) [PSYoungGen: 63328K->1344K(63488K)] 419247K->357263K(706048K), 0.0015622 secs] [Times: user=0.00 sys=0.00, real=0.01 secs] 
1379.202: [GC (Allocation Failure) [PSYoungGen: 63296K->1376K(63488K)] 419215K->357295K(706048K), 0.0013771 secs] [Times: user=0.00 sys=0.00, real=0.00 secs] 
1379.458: [GC (Allocation Failure) [PSYoungGen: 63328K->1344K(63488K)] 419247K->357263K(706048K), 0.0018878 secs] [Times: user=0.01 sys=0.00, real=0.00 secs] 
1379.716: [GC (Allocation Failure) [PSYoungGen: 63296K->1376K(63488K)] 419215K->357295K(706048K), 0.0020109 secs] [Times: user=0.01 sys=0.00, real=0.00 secs] 
1380.538: [GC (Allocation Failure) [PSYoungGen: 63328K->1376K(63488K)] 419247K->357295K(706048K), 0.0015770 secs] [Times: user=0.00 sys=0.00, real=0.00 secs] 
1380.795: [GC (Allocation Failure) [PSYoungGen: 63328K->1376K(63488K)] 419247K->357303K(706048K), 0.0016626 secs] [Times: user=0.01 sys=0.00, real=0.00 secs] 
1381.053: [GC (Allocation Failure) [PSYoungGen: 63328K->1408K(63488K)] 419255K->357335K(706048K), 0.0015633 secs] [Times: user=0.01 sys=0.00, real=0.00 secs] 
1381.310: [GC (Allocation Failure) [PSYoungGen: 63360K->1376K(63488K)] 419287K->357303K(706048K), 0.0017525 secs] [Times: user=0.01 sys=0.00, real=0.00 secs] 
1381.567: [GC (Allocation Failure) [PSYoungGen: 63328K->1344K(63488K)] 419255K->357271K(706048K), 0.0016984 secs] [Times: user=0.01 sys=0.00, real=0.00 secs] 
1382.279: [GC (Allocation Failure) [PSYoungGen: 63296K->1376K(63488K)] 419223K->357303K(706048K), 0.0016275 secs] [Times: user=0.00 sys=0.00, real=0.00 secs] 
1382.536: [GC (Allocation Failure) [PSYoungGen: 63328K->1360K(63488K)] 419255K->357295K(706048K), 0.0013824 secs] [Times: user=0.00 sys=0.00, real=0.00 secs] 
1382.793: [GC (Allocation Failure) [PSYoungGen: 63312K->1344K(63488K)] 419247K->357279K(706048K), 0.0014279 secs] [Times: user=0.00 sys=0.00, real=0.00 secs] 
1383.050: [GC (Allocation Failure) [PSYoungGen: 63296K->1344K(63488K)] 419231K->357279K(706048K), 0.0014112 secs] [Times: user=0.01 sys=0.00, real=0.00 secs] 
1383.462: [GC (Allocation Failure) [PSYoungGen: 63296K->1357K(63488K)] 419231K->357293K(706048K), 0.0015164 secs] [Times: user=0.01 sys=0.00, real=0.00 secs] 
1384.402: [GC (Allocation Failure) [PSYoungGen: 63309K->1376K(63488K)] 419245K->357327K(706048K), 0.0018474 secs] [Times: user=0.01 sys=0.00, real=0.00 secs] 
1385.007: [GC (Allocation Failure) [PSYoungGen: 63328K->1344K(63488K)] 419279K->357295K(706048K), 0.0020696 secs] [Times: user=0.01 sys=0.00, real=0.00 secs] 
1385.467: [GC (Allocation Failure) [PSYoungGen: 63296K->1344K(63488K)] 419247K->357295K(706048K), 0.0019780 secs] [Times: user=0.00 sys=0.00, real=0.00 secs] 
1386.360: [GC (Allocation Failure) [PSYoungGen: 63296K->1344K(63488K)] 419247K->357295K(706048K), 0.0025444 secs] [Times: user=0.01 sys=0.00, real=0.00 secs] 
1387.567: [GC (Allocation Failure) [PSYoungGen: 63296K->1296K(63488K)] 419247K->357247K(706048K), 0.0013901 secs] [Times: user=0.01 sys=0.00, real=0.00 secs] 
1389.095: [GC (Allocation Failure) [PSYoungGen: 63248K->1376K(63488K)] 419199K->357327K(706048K), 0.0040364 secs] [Times: user=0.01 sys=0.00, real=0.00 secs] 
1389.653: [GC (Allocation Failure) [PSYoungGen: 63328K->1360K(63488K)] 419279K->357311K(706048K), 0.0033906 secs] [Times: user=0.02 sys=0.00, real=0.01 secs] 
1390.129: [GC (Allocation Failure) [PSYoungGen: 63312K->1344K(63488K)] 419263K->357295K(706048K), 0.0025199 secs] [Times: user=0.01 sys=0.00, real=0.00 secs] 
1390.403: [GC (Allocation Failure) [PSYoungGen: 63296K->1376K(63488K)] 419247K->357327K(706048K), 0.0020565 secs] [Times: user=0.01 sys=0.00, real=0.01 secs] 
1391.554: [GC (Allocation Failure) [PSYoungGen: 63328K->864K(63488K)] 419279K->357839K(706048K), 0.0022797 secs] [Times: user=0.01 sys=0.00, real=0.01 secs] 
1391.913: [GC (Allocation Failure) [PSYoungGen: 62816K->320K(63488K)] 419791K->357295K(706048K), 0.0016913 secs] [Times: user=0.00 sys=0.00, real=0.01 secs] 
1392.171: [GC (Allocation Failure) [PSYoungGen: 62272K->320K(64000K)] 419247K->357295K(706560K), 0.0018162 secs] [Times: user=0.01 sys=0.00, real=0.00 secs] 
1392.428: [GC (Allocation Failure) [PSYoungGen: 62272K->336K(64000K)] 419247K->357311K(706560K), 0.0018503 secs] [Times: user=0.00 sys=0.00, real=0.00 secs] 
1392.685: [GC (Allocation Failure) [PSYoungGen: 62288K->288K(64000K)] 419263K->357263K(706560K), 0.0018112 secs] [Times: user=0.01 sys=0.00, real=0.00 secs] 
1393.566: [GC (Allocation Failure) [PSYoungGen: 62240K->1376K(64000K)] 419215K->358351K(706560K), 0.0019883 secs] [Times: user=0.01 sys=0.00, real=0.00 secs] 
1394.330: [GC (Allocation Failure) [PSYoungGen: 63328K->1344K(64000K)] 420303K->358319K(706560K), 0.0023126 secs] [Times: user=0.01 sys=0.00, real=0.00 secs] 
1394.845: [GC (Allocation Failure) [PSYoungGen: 63296K->1344K(64000K)] 420271K->358319K(706560K), 0.0020308 secs] [Times: user=0.01 sys=0.00, real=0.01 secs] 
1395.156: [GC (Allocation Failure) [PSYoungGen: 63296K->1344K(64000K)] 420271K->358319K(706560K), 0.0018422 secs] [Times: user=0.01 sys=0.00, real=0.00 secs] 
1395.496: [GC (Allocation Failure) [PSYoungGen: 63296K->1344K(64000K)] 420271K->358319K(706560K), 0.0016082 secs] [Times: user=0.00 sys=0.00, real=0.00 secs] 
1397.905: [GC (Allocation Failure) [PSYoungGen: 63296K->1344K(64000K)] 420271K->358319K(706560K), 0.0045964 secs] [Times: user=0.02 sys=0.00, real=0.01 secs] 
1398.280: [GC (Allocation Failure) [PSYoungGen: 63296K->1344K(64000K)] 420271K->358335K(706560K), 0.0019405 secs] [Times: user=0.00 sys=0.00, real=0.00 secs] 
1398.551: [GC (Allocation Failure) [PSYoungGen: 63296K->1344K(64000K)] 420287K->358335K(706560K), 0.0019059 secs] [Times: user=0.01 sys=0.00, real=0.00 secs] 
1398.988: [GC (Allocation Failure) [PSYoungGen: 63296K->1344K(64000K)] 420287K->358335K(706560K), 0.0018725 secs] [Times: user=0.01 sys=0.00, real=0.00 secs] 
1399.539: [GC (Allocation Failure) [PSYoungGen: 63288K->256K(64000K)] 420280K->357247K(706560K), 0.0035708 secs] [Times: user=0.01 sys=0.00, real=0.00 secs] 
1400.395: [GC (Allocation Failure) [PSYoungGen: 62208K->1376K(64000K)] 419199K->358367K(706560K), 0.0017038 secs] [Times: user=0.00 sys=0.00, real=0.01 secs] 
1400.652: [GC (Allocation Failure) [PSYoungGen: 63328K->1344K(64000K)] 420319K->358335K(706560K), 0.0017118 secs] [Times: user=0.01 sys=0.00, real=0.00 secs] 
1400.929: [GC (Allocation Failure) [PSYoungGen: 63296K->1376K(64000K)] 420287K->358367K(706560K), 0.0016910 secs] [Times: user=0.00 sys=0.00, real=0.00 secs] 
1401.450: [GC (Allocation Failure) [PSYoungGen: 63328K->1376K(64000K)] 420319K->358367K(706560K), 0.0017675 secs] [Times: user=0.01 sys=0.00, real=0.00 secs] 
1402.267: [GC (Allocation Failure) [PSYoungGen: 63328K->1360K(64000K)] 420319K->358351K(706560K), 0.0015318 secs] [Times: user=0.01 sys=0.00, real=0.00 secs] 
1402.794: [GC (Allocation Failure) [PSYoungGen: 63312K->1376K(64000K)] 420303K->358375K(706560K), 0.0017398 secs] [Times: user=0.01 sys=0.00, real=0.01 secs] 
1403.051: [GC (Allocation Failure) [PSYoungGen: 63328K->1344K(64000K)] 420327K->358343K(706560K), 0.0015650 secs] [Times: user=0.01 sys=0.00, real=0.00 secs] 
1403.308: [GC (Allocation Failure) [PSYoungGen: 63296K->1376K(64000K)] 420295K->358375K(706560K), 0.0018729 secs] [Times: user=0.01 sys=0.00, real=0.00 secs] 
1403.565: [GC (Allocation Failure) [PSYoungGen: 63328K->1312K(64000K)] 420327K->358311K(706560K), 0.0018512 secs] [Times: user=0.01 sys=0.00, real=0.00 secs] 
1404.268: [GC (Allocation Failure) [PSYoungGen: 63264K->1872K(64000K)] 420263K->358871K(706560K), 0.0017346 secs] [Times: user=0.01 sys=0.00, real=0.00 secs] 
1404.572: [GC (Allocation Failure) [PSYoungGen: 63824K->1376K(64000K)] 420823K->358391K(706560K), 0.0015923 secs] [Times: user=0.00 sys=0.00, real=0.00 secs] 
1404.959: [GC (Allocation Failure) [PSYoungGen: 63328K->1344K(64000K)] 420343K->358359K(706560K), 0.0015553 secs] [Times: user=0.00 sys=0.00, real=0.00 secs] 
1405.444: [GC (Allocation Failure) [PSYoungGen: 63296K->1376K(64000K)] 420311K->358391K(706560K), 0.0026469 secs] [Times: user=0.01 sys=0.00, real=0.01 secs] 
1405.941: [GC (Allocation Failure) [PSYoungGen: 63328K->1376K(64000K)] 420343K->358391K(706560K), 0.0023049 secs] [Times: user=0.01 sys=0.00, real=0.00 secs] 
1406.920: [GC (Allocation Failure) [PSYoungGen: 63328K->1344K(64000K)] 420343K->358359K(706560K), 0.0018611 secs] [Times: user=0.01 sys=0.00, real=0.00 secs] 
1407.177: [GC (Allocation Failure) [PSYoungGen: 63296K->1344K(64000K)] 420311K->358359K(706560K), 0.0016500 secs] [Times: user=0.01 sys=0.00, real=0.00 secs] 
1407.610: [GC (Allocation Failure) [PSYoungGen: 63296K->1312K(64000K)] 420311K->358327K(706560K), 0.0017211 secs] [Times: user=0.00 sys=0.00, real=0.00 secs] 
1408.136: [GC (Allocation Failure) [PSYoungGen: 63264K->1376K(64000K)] 420279K->358391K(706560K), 0.0019797 secs] [Times: user=0.01 sys=0.00, real=0.00 secs] 
1408.671: [GC (Allocation Failure) [PSYoungGen: 63328K->1312K(64000K)] 420343K->358327K(706560K), 0.0023516 secs] [Times: user=0.01 sys=0.00, real=0.00 secs] 
1409.597: [GC (Allocation Failure) [PSYoungGen: 63264K->1328K(64000K)] 420279K->358343K(706560K), 0.0017828 secs] [Times: user=0.01 sys=0.01, real=0.00 secs] 
1410.346: [GC (Allocation Failure) [PSYoungGen: 63280K->1344K(64000K)] 420295K->358367K(706560K), 0.0038854 secs] [Times: user=0.01 sys=0.00, real=0.00 secs] 
1411.087: [GC (Allocation Failure) [PSYoungGen: 63296K->1376K(64000K)] 420319K->358399K(706560K), 0.0036432 secs] [Times: user=0.02 sys=0.00, real=0.00 secs] 
1411.764: [GC (Allocation Failure) [PSYoungGen: 63328K->1344K(64000K)] 420351K->358367K(706560K), 0.0032553 secs] [Times: user=0.02 sys=0.00, real=0.01 secs] 
1412.264: [GC (Allocation Failure) [PSYoungGen: 63296K->1344K(64000K)] 420319K->358367K(706560K), 0.0021016 secs] [Times: user=0.01 sys=0.01, real=0.01 secs] 
1412.998: [GC (Allocation Failure) [PSYoungGen: 63296K->1408K(64000K)] 420319K->358431K(706560K), 0.0015607 secs] [Times: user=0.01 sys=0.00, real=0.00 secs] 
1413.256: [GC (Allocation Failure) [PSYoungGen: 63360K->1376K(64000K)] 420383K->358399K(706560K), 0.0017982 secs] [Times: user=0.00 sys=0.00, real=0.00 secs] 
1413.513: [GC (Allocation Failure) [PSYoungGen: 63328K->1344K(63488K)] 420351K->358367K(706048K), 0.0016971 secs] [Times: user=0.01 sys=0.00, real=0.00 secs] 
1413.770: [GC (Allocation Failure) [PSYoungGen: 63296K->1360K(63488K)] 420319K->358383K(706048K), 0.0015536 secs] [Times: user=0.00 sys=0.00, real=0.00 secs] 
1414.294: [GC (Allocation Failure) [PSYoungGen: 63312K->1328K(63488K)] 420335K->358351K(706048K), 0.0014579 secs] [Times: user=0.01 sys=0.00, real=0.01 secs] 
1414.798: [GC (Allocation Failure) [PSYoungGen: 63280K->1376K(63488K)] 420303K->358399K(706048K), 0.0018484 secs] [Times: user=0.01 sys=0.00, real=0.00 secs] 
1415.056: [GC (Allocation Failure) [PSYoungGen: 63328K->1376K(63488K)] 420351K->358399K(706048K), 0.0030601 secs] [Times: user=0.01 sys=0.00, real=0.00 secs] 
1415.314: [GC (Allocation Failure) [PSYoungGen: 63328K->1344K(63488K)] 420351K->358367K(706048K), 0.0017430 secs] [Times: user=0.01 sys=0.00, real=0.01 secs] 
1415.571: [GC (Allocation Failure) [PSYoungGen: 63296K->1344K(63488K)] 420319K->358375K(706048K), 0.0017060 secs] [Times: user=0.01 sys=0.00, real=0.00 secs] 
1416.941: [GC (Allocation Failure) [PSYoungGen: 63296K->1504K(63488K)] 420327K->358599K(706048K), 0.0023305 secs] [Times: user=0.01 sys=0.00, real=0.00 secs] 
1417.672: [GC (Allocation Failure) [PSYoungGen: 63456K->1312K(63488K)] 420551K->358415K(706048K), 0.0025971 secs] [Times: user=0.01 sys=0.00, real=0.00 secs] 
1418.319: [GC (Allocation Failure) [PSYoungGen: 63264K->1312K(63488K)] 420367K->358415K(706048K), 0.0025143 secs] [Times: user=0.01 sys=0.00, real=0.00 secs] 
1418.815: [GC (Allocation Failure) [PSYoungGen: 63264K->1280K(63488K)] 420367K->358383K(706048K), 0.0025469 secs] [Times: user=0.01 sys=0.00, real=0.01 secs] 
1419.159: [GC (Allocation Failure) [PSYoungGen: 63232K->1312K(63488K)] 420335K->358415K(706048K), 0.0019419 secs] [Times: user=0.01 sys=0.00, real=0.00 secs] 
1420.446: [GC (Allocation Failure) [PSYoungGen: 63264K->1424K(63488K)] 420367K->358527K(706048K), 0.0023842 secs] [Times: user=0.01 sys=0.00, real=0.00 secs] 
1420.984: [GC (Allocation Failure) [PSYoungGen: 63376K->1376K(63488K)] 420479K->358479K(706048K), 0.0018393 secs] [Times: user=0.00 sys=0.00, real=0.01 secs] 
1421.460: [GC (Allocation Failure) [PSYoungGen: 63328K->1376K(63488K)] 420431K->358479K(706048K), 0.0021770 secs] [Times: user=0.01 sys=0.00, real=0.00 secs] 
1422.093: [GC (Allocation Failure) [PSYoungGen: 63328K->1408K(63488K)] 420431K->358511K(706048K), 0.0026529 secs] [Times: user=0.01 sys=0.00, real=0.01 secs] 
1422.709: [GC (Allocation Failure) [PSYoungGen: 63360K->1376K(63488K)] 420463K->358479K(706048K), 0.0020142 secs] [Times: user=0.01 sys=0.00, real=0.00 secs] 
1423.560: [GC (Allocation Failure) [PSYoungGen: 63328K->1424K(63488K)] 420431K->358527K(706048K), 0.0016051 secs] [Times: user=0.00 sys=0.00, real=0.00 secs] 
1424.188: [GC (Allocation Failure) [PSYoungGen: 63376K->1376K(63488K)] 420479K->358479K(706048K), 0.0016285 secs] [Times: user=0.01 sys=0.00, real=0.00 secs] 
1424.727: [GC (Allocation Failure) [PSYoungGen: 63328K->1376K(63488K)] 420431K->358479K(706048K), 0.0021172 secs] [Times: user=0.01 sys=0.00, real=0.00 secs] 
1425.336: [GC (Allocation Failure) [PSYoungGen: 63328K->1376K(63488K)] 420431K->358479K(706048K), 0.0020655 secs] [Times: user=0.00 sys=0.00, real=0.00 secs] 
1425.940: [GC (Allocation Failure) [PSYoungGen: 63328K->1376K(63488K)] 420431K->358479K(706048K), 0.0019722 secs] [Times: user=0.00 sys=0.00, real=0.00 secs] 
1426.927: [GC (Allocation Failure) [PSYoungGen: 63328K->1376K(63488K)] 420431K->358519K(706048K), 0.0018396 secs] [Times: user=0.01 sys=0.00, real=0.00 secs] 
1427.470: [GC (Allocation Failure) [PSYoungGen: 63328K->1344K(63488K)] 420471K->358487K(706048K), 0.0021052 secs] [Times: user=0.01 sys=0.01, real=0.00 secs] 
1427.934: [GC (Allocation Failure) [PSYoungGen: 63296K->1344K(63488K)] 420439K->358495K(706048K), 0.0021463 secs] [Times: user=0.01 sys=0.00, real=0.01 secs] 
1428.192: [GC (Allocation Failure) [PSYoungGen: 63296K->1376K(63488K)] 420447K->358527K(706048K), 0.0016968 secs] [Times: user=0.01 sys=0.00, real=0.00 secs] 
1428.750: [GC (Allocation Failure) [PSYoungGen: 63328K->1360K(63488K)] 420479K->358511K(706048K), 0.0016537 secs] [Times: user=0.00 sys=0.00, real=0.00 secs] 
1429.503: [GC (Allocation Failure) [PSYoungGen: 63312K->1408K(63488K)] 420463K->358559K(706048K), 0.0027619 secs] [Times: user=0.01 sys=0.00, real=0.01 secs] 
1430.010: [GC (Allocation Failure) [PSYoungGen: 63360K->1408K(63488K)] 420511K->358559K(706048K), 0.0025846 secs] [Times: user=0.01 sys=0.00, real=0.00 secs] 
1430.405: [GC (Allocation Failure) [PSYoungGen: 63360K->1328K(63488K)] 420511K->358479K(706048K), 0.0021849 secs] [Times: user=0.01 sys=0.00, real=0.00 secs] 
1430.943: [GC (Allocation Failure) [PSYoungGen: 63280K->1344K(63488K)] 420431K->358495K(706048K), 0.0022823 secs] [Times: user=0.01 sys=0.00, real=0.01 secs] 
1431.878: [GC (Allocation Failure) [PSYoungGen: 63296K->1456K(63488K)] 420447K->358607K(706048K), 0.0018881 secs] [Times: user=0.01 sys=0.00, real=0.00 secs] 
1432.545: [GC (Allocation Failure) [PSYoungGen: 63408K->1344K(63488K)] 420559K->358495K(706048K), 0.0026333 secs] [Times: user=0.01 sys=0.00, real=0.01 secs] 
1433.509: [GC (Allocation Failure) [PSYoungGen: 63296K->1344K(63488K)] 420447K->358495K(706048K), 0.0044904 secs] [Times: user=0.01 sys=0.00, real=0.00 secs] 
1434.212: [GC (Allocation Failure) [PSYoungGen: 63296K->1344K(63488K)] 420447K->358495K(706048K), 0.0037050 secs] [Times: user=0.02 sys=0.00, real=0.01 secs] 
1434.907: [GC (Allocation Failure) [PSYoungGen: 63296K->1360K(63488K)] 420447K->358511K(706048K), 0.0037049 secs] [Times: user=0.01 sys=0.00, real=0.00 secs] 
1435.988: [GC (Allocation Failure) [PSYoungGen: 63312K->1376K(63488K)] 420463K->358527K(706048K), 0.0016702 secs] [Times: user=0.01 sys=0.00, real=0.00 secs] 
1436.979: [GC (Allocation Failure) [PSYoungGen: 63328K->1344K(63488K)] 420479K->358495K(706048K), 0.0033085 secs] [Times: user=0.01 sys=0.01, real=0.00 secs] 
1437.983: [GC (Allocation Failure) [PSYoungGen: 63296K->1344K(63488K)] 420447K->358495K(706048K), 0.0030203 secs] [Times: user=0.01 sys=0.00, real=0.01 secs] 
1439.229: [GC (Allocation Failure) [PSYoungGen: 63296K->1344K(63488K)] 420447K->358503K(706048K), 0.0044593 secs] [Times: user=0.02 sys=0.01, real=0.00 secs] 
1439.979: [GC (Allocation Failure) [PSYoungGen: 63296K->1328K(63488K)] 420455K->358487K(706048K), 0.0025300 secs] [Times: user=0.01 sys=0.00, real=0.00 secs] 
1441.145: [GC (Allocation Failure) [PSYoungGen: 63280K->1328K(63488K)] 420439K->358487K(706048K), 0.0020962 secs] [Times: user=0.01 sys=0.00, real=0.01 secs] 
1441.943: [GC (Allocation Failure) [PSYoungGen: 63280K->1328K(63488K)] 420439K->358487K(706048K), 0.0031997 secs] [Times: user=0.01 sys=0.00, real=0.01 secs] 
1442.468: [GC (Allocation Failure) [PSYoungGen: 63280K->1344K(63488K)] 420439K->358503K(706048K), 0.0033045 secs] [Times: user=0.02 sys=0.00, real=0.00 secs] 
1442.998: [GC (Allocation Failure) [PSYoungGen: 63296K->1344K(63488K)] 420455K->358503K(706048K), 0.0025800 secs] [Times: user=0.01 sys=0.00, real=0.00 secs] 
1443.279: [GC (Allocation Failure) [PSYoungGen: 63296K->1328K(63488K)] 420455K->358487K(706048K), 0.0018204 secs] [Times: user=0.01 sys=0.00, real=0.00 secs] 
1444.045: [GC (Allocation Failure) [PSYoungGen: 63280K->1344K(63488K)] 420439K->358503K(706048K), 0.0017969 secs] [Times: user=0.01 sys=0.00, real=0.00 secs] 
1444.382: [GC (Allocation Failure) [PSYoungGen: 63296K->1344K(63488K)] 420455K->358503K(706048K), 0.0017430 secs] [Times: user=0.00 sys=0.00, real=0.00 secs] 
1444.737: [GC (Allocation Failure) [PSYoungGen: 63296K->1344K(63488K)] 420455K->358503K(706048K), 0.0018257 secs] [Times: user=0.01 sys=0.00, real=0.00 secs] 
1445.294: [GC (Allocation Failure) [PSYoungGen: 63296K->1344K(63488K)] 420455K->358503K(706048K), 0.0018834 secs] [Times: user=0.01 sys=0.00, real=0.01 secs] 
1446.256: [GC (Allocation Failure) [PSYoungGen: 63296K->1360K(63488K)] 420455K->358519K(706048K), 0.0016074 secs] [Times: user=0.00 sys=0.00, real=0.00 secs] 
1446.814: [GC (Allocation Failure) [PSYoungGen: 63312K->1376K(63488K)] 420471K->358535K(706048K), 0.0017357 secs] [Times: user=0.00 sys=0.00, real=0.01 secs] 
1447.131: [GC (Allocation Failure) [PSYoungGen: 63328K->1344K(63488K)] 420487K->358503K(706048K), 0.0018754 secs] [Times: user=0.01 sys=0.00, real=0.00 secs] 
1447.389: [GC (Allocation Failure) [PSYoungGen: 63296K->1344K(63488K)] 420455K->358519K(706048K), 0.0017669 secs] [Times: user=0.01 sys=0.00, real=0.00 secs] 
1447.688: [GC (Allocation Failure) [PSYoungGen: 63296K->1376K(63488K)] 420471K->358551K(706048K), 0.0018310 secs] [Times: user=0.01 sys=0.00, real=0.00 secs] 
1448.402: [GC (Allocation Failure) [PSYoungGen: 63328K->128K(62976K)] 420503K->357303K(705536K), 0.0015215 secs] [Times: user=0.00 sys=0.00, real=0.00 secs] 
1449.852: [GC (Allocation Failure) [PSYoungGen: 61568K->1344K(63488K)] 418743K->358519K(706048K), 0.0045574 secs] [Times: user=0.01 sys=0.00, real=0.01 secs] 
1451.269: [GC (Allocation Failure) [PSYoungGen: 62784K->1328K(63488K)] 419959K->358503K(706048K), 0.0046084 secs] [Times: user=0.01 sys=0.00, real=0.00 secs] 
1452.244: [GC (Allocation Failure) [PSYoungGen: 62768K->1344K(63488K)] 419943K->358519K(706048K), 0.0045366 secs] [Times: user=0.02 sys=0.00, real=0.01 secs] 
1453.203: [GC (Allocation Failure) [PSYoungGen: 62784K->1344K(63488K)] 419959K->358519K(706048K), 0.0044897 secs] [Times: user=0.01 sys=0.00, real=0.01 secs] 
1454.045: [GC (Allocation Failure) [PSYoungGen: 62784K->1888K(63488K)] 419959K->359063K(706048K), 0.0017485 secs] [Times: user=0.01 sys=0.00, real=0.00 secs] 
1454.573: [GC (Allocation Failure) [PSYoungGen: 63328K->1344K(63488K)] 420503K->358519K(706048K), 0.0017060 secs] [Times: user=0.01 sys=0.00, real=0.01 secs] 
1455.102: [GC (Allocation Failure) [PSYoungGen: 62784K->1344K(63488K)] 419959K->358519K(706048K), 0.0030551 secs] [Times: user=0.01 sys=0.00, real=0.00 secs] 
1455.678: [GC (Allocation Failure) [PSYoungGen: 62784K->1376K(63488K)] 419959K->358551K(706048K), 0.0042242 secs] [Times: user=0.02 sys=0.00, real=0.00 secs] 
1456.206: [GC (Allocation Failure) [PSYoungGen: 62816K->1344K(63488K)] 419991K->358519K(706048K), 0.0030179 secs] [Times: user=0.01 sys=0.00, real=0.00 secs] 
1457.389: [GC (Allocation Failure) [PSYoungGen: 62784K->1376K(63488K)] 419959K->358559K(706048K), 0.0022467 secs] [Times: user=0.01 sys=0.00, real=0.00 secs] 
1458.132: [GC (Allocation Failure) [PSYoungGen: 62816K->1376K(63488K)] 419999K->358559K(706048K), 0.0047250 secs] [Times: user=0.02 sys=0.00, real=0.01 secs] 
1458.853: [GC (Allocation Failure) [PSYoungGen: 62816K->1376K(63488K)] 419999K->358559K(706048K), 0.0039699 secs] [Times: user=0.01 sys=0.00, real=0.01 secs] 
1459.558: [GC (Allocation Failure) [PSYoungGen: 62816K->1424K(63488K)] 419999K->358615K(706048K), 0.0026937 secs] [Times: user=0.01 sys=0.00, real=0.00 secs] 
1460.194: [GC (Allocation Failure) [PSYoungGen: 62864K->1440K(63488K)] 420055K->358631K(706048K), 0.0029963 secs] [Times: user=0.01 sys=0.00, real=0.01 secs] 
1461.171: [GC (Allocation Failure) [PSYoungGen: 62880K->1440K(63488K)] 420071K->358639K(706048K), 0.0016747 secs] [Times: user=0.01 sys=0.00, real=0.00 secs] 
1461.795: [GC (Allocation Failure) [PSYoungGen: 62880K->1408K(63488K)] 420079K->358615K(706048K), 0.0019346 secs] [Times: user=0.01 sys=0.00, real=0.01 secs] 
1462.536: [GC (Allocation Failure) [PSYoungGen: 62848K->1408K(63488K)] 420055K->358615K(706048K), 0.0033344 secs] [Times: user=0.01 sys=0.00, real=0.00 secs] 
1463.565: [GC (Allocation Failure) [PSYoungGen: 62848K->1376K(63488K)] 420055K->358583K(706048K), 0.0041056 secs] [Times: user=0.01 sys=0.00, real=0.00 secs] 
1464.432: [GC (Allocation Failure) [PSYoungGen: 62816K->1408K(63488K)] 420023K->358615K(706048K), 0.0038011 secs] [Times: user=0.01 sys=0.00, real=0.01 secs] 
1465.657: [GC (Allocation Failure) [PSYoungGen: 62848K->1408K(63488K)] 420055K->358615K(706048K), 0.0023514 secs] [Times: user=0.01 sys=0.00, real=0.00 secs] 
1466.290: [GC (Allocation Failure) [PSYoungGen: 62848K->1376K(63488K)] 420055K->358583K(706048K), 0.0021575 secs] [Times: user=0.01 sys=0.00, real=0.00 secs] 
1466.904: [GC (Allocation Failure) [PSYoungGen: 62816K->1376K(62976K)] 420023K->358583K(705536K), 0.0022194 secs] [Times: user=0.01 sys=0.00, real=0.01 secs] 
1467.629: [GC (Allocation Failure) [PSYoungGen: 62816K->1376K(62976K)] 420023K->358583K(705536K), 0.0024255 secs] [Times: user=0.01 sys=0.00, real=0.00 secs] 
1468.393: [GC (Allocation Failure) [PSYoungGen: 62816K->336K(62464K)] 420023K->358567K(705024K), 0.0020594 secs] [Times: user=0.00 sys=0.00, real=0.01 secs] 
1469.713: [GC (Allocation Failure) [PSYoungGen: 61776K->1376K(63488K)] 420007K->359623K(706048K), 0.0027372 secs] [Times: user=0.01 sys=0.00, real=0.01 secs] 
1470.692: [GC (Allocation Failure) [PSYoungGen: 62816K->1376K(63488K)] 421063K->359631K(706048K), 0.0031986 secs] [Times: user=0.01 sys=0.00, real=0.01 secs] 
1472.013: [GC (Allocation Failure) [PSYoungGen: 62816K->1344K(63488K)] 421071K->359599K(706048K), 0.0038373 secs] [Times: user=0.02 sys=0.00, real=0.01 secs] 
1472.873: [GC (Allocation Failure) [PSYoungGen: 62784K->1344K(63488K)] 421039K->359599K(706048K), 0.0038752 secs] [Times: user=0.02 sys=0.00, real=0.01 secs] 
1474.017: [GC (Allocation Failure) [PSYoungGen: 62784K->1360K(63488K)] 421039K->359615K(706048K), 0.0014062 secs] [Times: user=0.01 sys=0.00, real=0.00 secs] 
1474.486: [GC (Allocation Failure) [PSYoungGen: 62800K->1360K(63488K)] 421055K->359615K(706048K), 0.0016026 secs] [Times: user=0.01 sys=0.00, real=0.00 secs] 
1474.741: [GC (Allocation Failure) [PSYoungGen: 62800K->1344K(63488K)] 421055K->359599K(706048K), 0.0015598 secs] [Times: user=0.00 sys=0.00, real=0.00 secs] 
1474.996: [GC (Allocation Failure) [PSYoungGen: 62784K->1328K(63488K)] 421039K->359583K(706048K), 0.0019124 secs] [Times: user=0.01 sys=0.00, real=0.00 secs] 
1475.252: [GC (Allocation Failure) [PSYoungGen: 62768K->1312K(63488K)] 421023K->359567K(706048K), 0.0024948 secs] [Times: user=0.01 sys=0.00, real=0.00 secs] 
1476.760: [GC (Allocation Failure) [PSYoungGen: 62752K->1472K(63488K)] 421007K->359727K(706048K), 0.0034179 secs] [Times: user=0.01 sys=0.00, real=0.00 secs] 
1477.188: [GC (Allocation Failure) [PSYoungGen: 62912K->1312K(63488K)] 421167K->359567K(706048K), 0.0018063 secs] [Times: user=0.01 sys=0.00, real=0.00 secs] 
1477.670: [GC (Allocation Failure) [PSYoungGen: 62752K->1280K(63488K)] 421007K->359535K(706048K), 0.0017757 secs] [Times: user=0.01 sys=0.00, real=0.00 secs] 
1478.852: [GC (Allocation Failure) [PSYoungGen: 62720K->1328K(62976K)] 420975K->359583K(705536K), 0.0031329 secs] [Times: user=0.02 sys=0.00, real=0.00 secs] 
1479.775: [GC (Allocation Failure) [PSYoungGen: 62768K->1312K(62976K)] 421023K->359567K(705536K), 0.0032161 secs] [Times: user=0.01 sys=0.00, real=0.00 secs] 
1481.121: [GC (Allocation Failure) [PSYoungGen: 62752K->1312K(62976K)] 421007K->359575K(705536K), 0.0016277 secs] [Times: user=0.01 sys=0.00, real=0.00 secs] 
1481.934: [GC (Allocation Failure) [PSYoungGen: 62752K->1328K(62976K)] 421015K->359591K(705536K), 0.0023847 secs] [Times: user=0.01 sys=0.00, real=0.01 secs] 
1482.863: [GC (Allocation Failure) [PSYoungGen: 62768K->1328K(62976K)] 421031K->359591K(705536K), 0.0023181 secs] [Times: user=0.01 sys=0.00, real=0.01 secs] 
1483.498: [GC (Allocation Failure) [PSYoungGen: 62768K->1312K(62976K)] 421031K->359575K(705536K), 0.0020394 secs] [Times: user=0.01 sys=0.00, real=0.00 secs] 
1484.130: [GC (Allocation Failure) [PSYoungGen: 62752K->1344K(62976K)] 421015K->359607K(705536K), 0.0025204 secs] [Times: user=0.01 sys=0.00, real=0.00 secs] 
1485.279: [GC (Allocation Failure) [PSYoungGen: 62784K->1344K(62976K)] 421047K->359607K(705536K), 0.0020155 secs] [Times: user=0.01 sys=0.00, real=0.00 secs] 
1485.601: [GC (Allocation Failure) [PSYoungGen: 62784K->1344K(62976K)] 421047K->359607K(705536K), 0.0020409 secs] [Times: user=0.00 sys=0.00, real=0.00 secs] 
1485.966: [GC (Allocation Failure) [PSYoungGen: 62784K->1296K(62976K)] 421047K->359559K(705536K), 0.0019435 secs] [Times: user=0.01 sys=0.00, real=0.00 secs] 
1486.513: [GC (Allocation Failure) [PSYoungGen: 62736K->1376K(62976K)] 420999K->359639K(705536K), 0.0039444 secs] [Times: user=0.02 sys=0.00, real=0.01 secs] 
1487.044: [GC (Allocation Failure) [PSYoungGen: 62816K->1312K(62976K)] 421079K->359575K(705536K), 0.0021982 secs] [Times: user=0.01 sys=0.00, real=0.01 secs] 
1488.188: [GC (Allocation Failure) [PSYoungGen: 62752K->1408K(62976K)] 421015K->359671K(705536K), 0.0026138 secs] [Times: user=0.01 sys=0.00, real=0.00 secs] 
1488.784: [GC (Allocation Failure) [PSYoungGen: 62848K->1312K(62976K)] 421111K->359575K(705536K), 0.0026531 secs] [Times: user=0.01 sys=0.00, real=0.01 secs] 
1489.330: [GC (Allocation Failure) [PSYoungGen: 62752K->1328K(62976K)] 421015K->359591K(705536K), 0.0037551 secs] [Times: user=0.02 sys=0.00, real=0.00 secs] 
1489.663: [GC (Allocation Failure) [PSYoungGen: 62768K->1344K(62976K)] 421031K->359615K(705536K), 0.0017873 secs] [Times: user=0.01 sys=0.00, real=0.00 secs] 
1489.918: [GC (Allocation Failure) [PSYoungGen: 62784K->1344K(62976K)] 421055K->359615K(705536K), 0.0017431 secs] [Times: user=0.01 sys=0.00, real=0.00 secs] 
1490.614: [GC (Allocation Failure) [PSYoungGen: 62784K->1392K(62976K)] 421055K->359663K(705536K), 0.0017466 secs] [Times: user=0.01 sys=0.00, real=0.01 secs] 
1490.869: [GC (Allocation Failure) [PSYoungGen: 62832K->1328K(62976K)] 421103K->359599K(705536K), 0.0017655 secs] [Times: user=0.00 sys=0.00, real=0.00 secs] 
1491.124: [GC (Allocation Failure) [PSYoungGen: 62768K->1328K(62976K)] 421039K->359599K(705536K), 0.0016196 secs] [Times: user=0.00 sys=0.00, real=0.01 secs] 
1491.380: [GC (Allocation Failure) [PSYoungGen: 62768K->1328K(62976K)] 421039K->359599K(705536K), 0.0025801 secs] [Times: user=0.01 sys=0.00, real=0.00 secs] 
1492.520: [GC (Allocation Failure) [PSYoungGen: 62768K->1360K(62976K)] 421039K->359631K(705536K), 0.0016143 secs] [Times: user=0.00 sys=0.00, real=0.00 secs] 
1493.595: [GC (Allocation Failure) [PSYoungGen: 62800K->1408K(62976K)] 421071K->359679K(705536K), 0.0025235 secs] [Times: user=0.01 sys=0.00, real=0.00 secs] 
1494.439: [GC (Allocation Failure) [PSYoungGen: 62848K->1344K(62976K)] 421119K->359615K(705536K), 0.0030484 secs] [Times: user=0.02 sys=0.00, real=0.00 secs] 
1495.142: [GC (Allocation Failure) [PSYoungGen: 62784K->1376K(62976K)] 421055K->359647K(705536K), 0.0029291 secs] [Times: user=0.01 sys=0.00, real=0.00 secs] 
1495.673: [GC (Allocation Failure) [PSYoungGen: 62816K->1376K(62976K)] 421087K->359647K(705536K), 0.0026720 secs] [Times: user=0.01 sys=0.00, real=0.01 secs] 
1496.661: [GC (Allocation Failure) [PSYoungGen: 62816K->1360K(62976K)] 421087K->359631K(705536K), 0.0021568 secs] [Times: user=0.01 sys=0.00, real=0.00 secs] 
1496.950: [GC (Allocation Failure) [PSYoungGen: 62800K->1344K(62976K)] 421071K->359623K(705536K), 0.0017710 secs] [Times: user=0.01 sys=0.00, real=0.00 secs] 
1497.226: [GC (Allocation Failure) [PSYoungGen: 62784K->1344K(62976K)] 421063K->359623K(705536K), 0.0017272 secs] [Times: user=0.00 sys=0.00, real=0.00 secs] 
1497.491: [GC (Allocation Failure) [PSYoungGen: 62784K->1344K(62976K)] 421063K->359623K(705536K), 0.0017738 secs] [Times: user=0.01 sys=0.00, real=0.00 secs] 
1497.746: [GC (Allocation Failure) [PSYoungGen: 62784K->1312K(62976K)] 421063K->359591K(705536K), 0.0015118 secs] [Times: user=0.01 sys=0.00, real=0.00 secs] 
1498.429: [GC (Allocation Failure) [PSYoungGen: 62752K->864K(62976K)] 421031K->360167K(705536K), 0.0017769 secs] [Times: user=0.01 sys=0.00, real=0.00 secs] 
1498.735: [GC (Allocation Failure) [PSYoungGen: 62304K->320K(62976K)] 421607K->359623K(705536K), 0.0015745 secs] [Times: user=0.01 sys=0.00, real=0.01 secs] 
1499.249: [GC (Allocation Failure) [PSYoungGen: 61760K->320K(63488K)] 421063K->359623K(706048K), 0.0016192 secs] [Times: user=0.01 sys=0.00, real=0.00 secs] 
1499.743: [GC (Allocation Failure) [PSYoungGen: 61760K->320K(63488K)] 421063K->359623K(706048K), 0.0029349 secs] [Times: user=0.01 sys=0.00, real=0.01 secs] 
1500.248: [GC (Allocation Failure) [PSYoungGen: 61760K->320K(63488K)] 421063K->359623K(706048K), 0.0025522 secs] [Times: user=0.01 sys=0.00, real=0.00 secs] 
1501.277: [GC (Allocation Failure) [PSYoungGen: 61760K->1376K(63488K)] 421063K->360679K(706048K), 0.0017584 secs] [Times: user=0.01 sys=0.00, real=0.00 secs] 
1501.811: [GC (Allocation Failure) [PSYoungGen: 62816K->1344K(63488K)] 422119K->360647K(706048K), 0.0022560 secs] [Times: user=0.01 sys=0.00, real=0.00 secs] 
1502.067: [GC (Allocation Failure) [PSYoungGen: 62784K->1376K(63488K)] 422087K->360679K(706048K), 0.0017631 secs] [Times: user=0.01 sys=0.01, real=0.00 secs] 
1502.392: [GC (Allocation Failure) [PSYoungGen: 62816K->1344K(63488K)] 422119K->360647K(706048K), 0.0019084 secs] [Times: user=0.01 sys=0.00, real=0.00 secs] 
1502.689: [GC (Allocation Failure) [PSYoungGen: 62784K->1328K(63488K)] 422087K->360631K(706048K), 0.0017903 secs] [Times: user=0.01 sys=0.00, real=0.00 secs] 
1503.517: [GC (Allocation Failure) [PSYoungGen: 62768K->1376K(63488K)] 422071K->360679K(706048K), 0.0016970 secs] [Times: user=0.00 sys=0.00, real=0.00 secs] 
1504.022: [GC (Allocation Failure) [PSYoungGen: 62816K->1344K(63488K)] 422119K->360647K(706048K), 0.0017312 secs] [Times: user=0.01 sys=0.00, real=0.00 secs] 
1504.550: [GC (Allocation Failure) [PSYoungGen: 62784K->1376K(63488K)] 422087K->360679K(706048K), 0.0016856 secs] [Times: user=0.01 sys=0.00, real=0.00 secs] 
1505.049: [GC (Allocation Failure) [PSYoungGen: 62816K->1376K(63488K)] 422119K->360679K(706048K), 0.0018706 secs] [Times: user=0.01 sys=0.00, real=0.00 secs] 
1505.489: [GC (Allocation Failure) [PSYoungGen: 62816K->1344K(63488K)] 422119K->360647K(706048K), 0.0017523 secs] [Times: user=0.01 sys=0.00, real=0.00 secs] 
1506.392: [GC (Allocation Failure) [PSYoungGen: 62784K->1344K(63488K)] 422087K->360663K(706048K), 0.0017627 secs] [Times: user=0.00 sys=0.00, real=0.00 secs] 
1506.938: [GC (Allocation Failure) [PSYoungGen: 62784K->1376K(63488K)] 422103K->360695K(706048K), 0.0028972 secs] [Times: user=0.01 sys=0.00, real=0.00 secs] 
1507.313: [GC (Allocation Failure) [PSYoungGen: 62816K->1344K(63488K)] 422135K->360663K(706048K), 0.0017889 secs] [Times: user=0.01 sys=0.00, real=0.01 secs] 
1507.637: [GC (Allocation Failure) [PSYoungGen: 62784K->1312K(63488K)] 422103K->360631K(706048K), 0.0018350 secs] [Times: user=0.00 sys=0.00, real=0.00 secs] 
1508.012: [GC (Allocation Failure) [PSYoungGen: 62752K->1328K(63488K)] 422071K->360647K(706048K), 0.0018477 secs] [Times: user=0.01 sys=0.00, real=0.00 secs] 
1509.012: [GC (Allocation Failure) [PSYoungGen: 62768K->1376K(63488K)] 422087K->360703K(706048K), 0.0019868 secs] [Times: user=0.00 sys=0.00, real=0.00 secs] 
1509.534: [GC (Allocation Failure) [PSYoungGen: 62816K->1312K(63488K)] 422143K->360639K(706048K), 0.0018639 secs] [Times: user=0.00 sys=0.00, real=0.01 secs] 
1509.962: [GC (Allocation Failure) [PSYoungGen: 62752K->1344K(63488K)] 422079K->360671K(706048K), 0.0019996 secs] [Times: user=0.00 sys=0.00, real=0.00 secs] 
1510.233: [GC (Allocation Failure) [PSYoungGen: 62784K->1344K(63488K)] 422111K->360671K(706048K), 0.0018151 secs] [Times: user=0.01 sys=0.00, real=0.01 secs] 
1510.926: [GC (Allocation Failure) [PSYoungGen: 62784K->1325K(63488K)] 422111K->360653K(706048K), 0.0014073 secs] [Times: user=0.01 sys=0.00, real=0.00 secs] 
1511.353: [GC (Allocation Failure) [PSYoungGen: 62765K->1344K(63488K)] 422093K->360671K(706048K), 0.0019022 secs] [Times: user=0.00 sys=0.00, real=0.00 secs] 
1511.609: [GC (Allocation Failure) [PSYoungGen: 62784K->1344K(63488K)] 422111K->360671K(706048K), 0.0018305 secs] [Times: user=0.01 sys=0.00, real=0.00 secs] 
1511.864: [GC (Allocation Failure) [PSYoungGen: 62784K->1312K(63488K)] 422111K->360639K(706048K), 0.0018273 secs] [Times: user=0.00 sys=0.00, real=0.01 secs] 
1512.119: [GC (Allocation Failure) [PSYoungGen: 62752K->1344K(63488K)] 422079K->360671K(706048K), 0.0016607 secs] [Times: user=0.01 sys=0.00, real=0.00 secs] 
1513.178: [GC (Allocation Failure) [PSYoungGen: 62784K->1536K(63488K)] 422111K->360863K(706048K), 0.0015333 secs] [Times: user=0.00 sys=0.00, real=0.00 secs] 
1513.429: [GC (Allocation Failure) [PSYoungGen: 62976K->1344K(63488K)] 422303K->360671K(706048K), 0.0017993 secs] [Times: user=0.01 sys=0.00, real=0.00 secs] 
1513.701: [GC (Allocation Failure) [PSYoungGen: 62784K->1344K(63488K)] 422111K->360671K(706048K), 0.0017707 secs] [Times: user=0.01 sys=0.00, real=0.00 secs] 
1513.964: [GC (Allocation Failure) [PSYoungGen: 62784K->1344K(63488K)] 422111K->360671K(706048K), 0.0016988 secs] [Times: user=0.01 sys=0.00, real=0.01 secs] 
1514.348: [GC (Allocation Failure) [PSYoungGen: 62784K->1376K(63488K)] 422111K->360703K(706048K), 0.0019210 secs] [Times: user=0.00 sys=0.00, real=0.00 secs] 
1515.170: [GC (Allocation Failure) [PSYoungGen: 62816K->1408K(63488K)] 422143K->360743K(706048K), 0.0016726 secs] [Times: user=0.01 sys=0.00, real=0.00 secs] 
1515.703: [GC (Allocation Failure) [PSYoungGen: 62848K->1376K(63488K)] 422183K->360711K(706048K), 0.0019238 secs] [Times: user=0.01 sys=0.00, real=0.01 secs] 
1516.105: [GC (Allocation Failure) [PSYoungGen: 62816K->1408K(63488K)] 422151K->360743K(706048K), 0.0018238 secs] [Times: user=0.01 sys=0.00, real=0.00 secs] 
1516.365: [GC (Allocation Failure) [PSYoungGen: 62848K->1376K(63488K)] 422183K->360711K(706048K), 0.0020355 secs] [Times: user=0.01 sys=0.00, real=0.00 secs] 
1516.829: [GC (Allocation Failure) [PSYoungGen: 62816K->1376K(62976K)] 422151K->360711K(705536K), 0.0018482 secs] [Times: user=0.01 sys=0.00, real=0.00 secs] 
1518.342: [GC (Allocation Failure) [PSYoungGen: 62816K->1376K(62976K)] 422151K->360711K(705536K), 0.0028337 secs] [Times: user=0.01 sys=0.00, real=0.01 secs] 
1519.335: [GC (Allocation Failure) [PSYoungGen: 62816K->320K(62464K)] 422151K->360679K(705024K), 0.0030203 secs] [Times: user=0.01 sys=0.00, real=0.01 secs] 
1519.905: [GC (Allocation Failure) [PSYoungGen: 61760K->320K(63488K)] 422119K->360679K(706048K), 0.0025779 secs] [Times: user=0.01 sys=0.01, real=0.01 secs] 
1520.249: [GC (Allocation Failure) [PSYoungGen: 61760K->320K(63488K)] 422119K->360679K(706048K), 0.0017784 secs] [Times: user=0.00 sys=0.00, real=0.00 secs] 
1520.539: [GC (Allocation Failure) [PSYoungGen: 61760K->288K(63488K)] 422119K->360647K(706048K), 0.0018501 secs] [Times: user=0.00 sys=0.00, real=0.00 secs] 
1521.450: [GC (Allocation Failure) [PSYoungGen: 61728K->1376K(63488K)] 422087K->361735K(706048K), 0.0018183 secs] [Times: user=0.00 sys=0.00, real=0.00 secs] 
1522.184: [GC (Allocation Failure) [PSYoungGen: 62816K->1312K(63488K)] 423175K->361671K(706048K), 0.0040688 secs] [Times: user=0.01 sys=0.00, real=0.01 secs] 
1522.934: [GC (Allocation Failure) [PSYoungGen: 62752K->1344K(63488K)] 423111K->361703K(706048K), 0.0045569 secs] [Times: user=0.01 sys=0.00, real=0.01 secs] 
1523.563: [GC (Allocation Failure) [PSYoungGen: 62784K->1344K(63488K)] 423143K->361703K(706048K), 0.0030282 secs] [Times: user=0.01 sys=0.00, real=0.01 secs] 
1524.106: [GC (Allocation Failure) [PSYoungGen: 62784K->1344K(63488K)] 423143K->361703K(706048K), 0.0025627 secs] [Times: user=0.01 sys=0.00, real=0.00 secs] 
1525.211: [GC (Allocation Failure) [PSYoungGen: 62784K->1376K(63488K)] 423143K->361735K(706048K), 0.0020423 secs] [Times: user=0.01 sys=0.00, real=0.00 secs] 
1525.988: [GC (Allocation Failure) [PSYoungGen: 62816K->1376K(63488K)] 423175K->361735K(706048K), 0.0026870 secs] [Times: user=0.01 sys=0.00, real=0.00 secs] 
1526.608: [GC (Allocation Failure) [PSYoungGen: 62816K->1344K(63488K)] 423175K->361703K(706048K), 0.0018029 secs] [Times: user=0.01 sys=0.00, real=0.00 secs] 
1527.144: [GC (Allocation Failure) [PSYoungGen: 62784K->1376K(63488K)] 423143K->361735K(706048K), 0.0019770 secs] [Times: user=0.01 sys=0.00, real=0.01 secs] 
1527.826: [GC (Allocation Failure) [PSYoungGen: 62816K->1360K(63488K)] 423175K->361719K(706048K), 0.0015127 secs] [Times: user=0.01 sys=0.00, real=0.00 secs] 
1528.879: [GC (Allocation Failure) [PSYoungGen: 62800K->1376K(63488K)] 423159K->361743K(706048K), 0.0026892 secs] [Times: user=0.01 sys=0.00, real=0.00 secs] 
1529.652: [GC (Allocation Failure) [PSYoungGen: 62816K->1344K(63488K)] 423183K->361711K(706048K), 0.0021350 secs] [Times: user=0.01 sys=0.00, real=0.00 secs] 
1530.384: [GC (Allocation Failure) [PSYoungGen: 62784K->1344K(63488K)] 423151K->361711K(706048K), 0.0046124 secs] [Times: user=0.01 sys=0.00, real=0.01 secs] 
1531.065: [GC (Allocation Failure) [PSYoungGen: 62784K->1344K(63488K)] 423151K->361711K(706048K), 0.0025506 secs] [Times: user=0.01 sys=0.00, real=0.00 secs] 
1531.889: [GC (Allocation Failure) [PSYoungGen: 62784K->1357K(63488K)] 423151K->361725K(706048K), 0.0013884 secs] [Times: user=0.00 sys=0.01, real=0.00 secs] 
1532.898: [GC (Allocation Failure) [PSYoungGen: 62797K->1344K(63488K)] 423165K->361711K(706048K), 0.0026474 secs] [Times: user=0.01 sys=0.00, real=0.00 secs] 
1533.585: [GC (Allocation Failure) [PSYoungGen: 62784K->1376K(63488K)] 423151K->361743K(706048K), 0.0037094 secs] [Times: user=0.02 sys=0.00, real=0.00 secs] 
1534.187: [GC (Allocation Failure) [PSYoungGen: 62816K->1344K(63488K)] 423183K->361711K(706048K), 0.0025063 secs] [Times: user=0.01 sys=0.00, real=0.00 secs] 
1534.696: [GC (Allocation Failure) [PSYoungGen: 62784K->1328K(63488K)] 423151K->361695K(706048K), 0.0020637 secs] [Times: user=0.01 sys=0.00, real=0.00 secs] 
1536.317: [GC (Allocation Failure) [PSYoungGen: 62768K->1888K(63488K)] 423135K->362255K(706048K), 0.0046434 secs] [Times: user=0.02 sys=0.01, real=0.00 secs] 
1537.129: [GC (Allocation Failure) [PSYoungGen: 63328K->1344K(63488K)] 423695K->361711K(706048K), 0.0023997 secs] [Times: user=0.01 sys=0.00, real=0.00 secs] 
1537.506: [GC (Allocation Failure) [PSYoungGen: 62784K->1360K(63488K)] 423151K->361727K(706048K), 0.0020301 secs] [Times: user=0.01 sys=0.00, real=0.00 secs] 
1537.909: [GC (Allocation Failure) [PSYoungGen: 62800K->1344K(63488K)] 423167K->361711K(706048K), 0.0018543 secs] [Times: user=0.01 sys=0.00, real=0.00 secs] 
1538.375: [GC (Allocation Failure) [PSYoungGen: 62784K->1360K(63488K)] 423151K->361727K(706048K), 0.0036446 secs] [Times: user=0.01 sys=0.00, real=0.00 secs] 
1539.654: [GC (Allocation Failure) [PSYoungGen: 62800K->1376K(63488K)] 423167K->361743K(706048K), 0.0020712 secs] [Times: user=0.01 sys=0.00, real=0.01 secs] 
1540.503: [GC (Allocation Failure) [PSYoungGen: 62816K->1344K(63488K)] 423183K->361719K(706048K), 0.0038373 secs] [Times: user=0.01 sys=0.00, real=0.01 secs] 
1541.002: [GC (Allocation Failure) [PSYoungGen: 62784K->1344K(63488K)] 423159K->361719K(706048K), 0.0030122 secs] [Times: user=0.02 sys=0.00, real=0.01 secs] 
1541.625: [GC (Allocation Failure) [PSYoungGen: 62784K->1376K(63488K)] 423159K->361751K(706048K), 0.0026795 secs] [Times: user=0.01 sys=0.01, real=0.00 secs] 
1542.290: [GC (Allocation Failure) [PSYoungGen: 62816K->1344K(63488K)] 423191K->361719K(706048K), 0.0025633 secs] [Times: user=0.01 sys=0.00, real=0.00 secs] 
1543.321: [GC (Allocation Failure) [PSYoungGen: 62784K->1408K(63488K)] 423159K->361783K(706048K), 0.0017337 secs] [Times: user=0.01 sys=0.00, real=0.00 secs] 
1543.577: [GC (Allocation Failure) [PSYoungGen: 62848K->1376K(63488K)] 423223K->361751K(706048K), 0.0019004 secs] [Times: user=0.01 sys=0.00, real=0.00 secs] 
1543.832: [GC (Allocation Failure) [PSYoungGen: 62816K->1376K(63488K)] 423191K->361751K(706048K), 0.0018109 secs] [Times: user=0.00 sys=0.00, real=0.00 secs] 
1544.087: [GC (Allocation Failure) [PSYoungGen: 62816K->1344K(62976K)] 423191K->361719K(705536K), 0.0017805 secs] [Times: user=0.00 sys=0.00, real=0.00 secs] 
1544.418: [GC (Allocation Failure) [PSYoungGen: 62784K->1344K(62976K)] 423159K->361719K(705536K), 0.0020971 secs] [Times: user=0.01 sys=0.00, real=0.00 secs] 
1545.122: [GC (Allocation Failure) [PSYoungGen: 62784K->384K(62464K)] 423159K->361783K(705024K), 0.0015584 secs] [Times: user=0.00 sys=0.00, real=0.00 secs] 
1545.376: [GC (Allocation Failure) [PSYoungGen: 61824K->352K(63488K)] 423223K->361751K(706048K), 0.0013505 secs] [Times: user=0.00 sys=0.00, real=0.00 secs] 
1545.630: [GC (Allocation Failure) [PSYoungGen: 61792K->336K(63488K)] 423191K->361735K(706048K), 0.0015638 secs] [Times: user=0.01 sys=0.00, real=0.00 secs] 
1545.885: [GC (Allocation Failure) [PSYoungGen: 61776K->336K(63488K)] 423175K->361743K(706048K), 0.0014676 secs] [Times: user=0.00 sys=0.00, real=0.00 secs] 
1546.140: [GC (Allocation Failure) [PSYoungGen: 61776K->352K(63488K)] 423183K->361759K(706048K), 0.0014721 secs] [Times: user=0.00 sys=0.00, real=0.00 secs] 
1547.528: [GC (Allocation Failure) [PSYoungGen: 61792K->1408K(63488K)] 423199K->362815K(706048K), 0.0027235 secs] [Times: user=0.02 sys=0.00, real=0.00 secs] 
1548.058: [GC (Allocation Failure) [PSYoungGen: 62848K->1344K(63488K)] 424255K->362751K(706048K), 0.0019974 secs] [Times: user=0.01 sys=0.00, real=0.00 secs] 
1548.353: [GC (Allocation Failure) [PSYoungGen: 62784K->1376K(63488K)] 424191K->362783K(706048K), 0.0019235 secs] [Times: user=0.01 sys=0.00, real=0.00 secs] 
1548.633: [GC (Allocation Failure) [PSYoungGen: 62816K->1344K(64000K)] 424223K->362751K(706560K), 0.0019907 secs] [Times: user=0.00 sys=0.00, real=0.00 secs] 
1549.456: [GC (Allocation Failure) [PSYoungGen: 62784K->1328K(64000K)] 424191K->362736K(706560K), 0.0014323 secs] [Times: user=0.01 sys=0.00, real=0.00 secs] 
1549.928: [GC (Allocation Failure) [PSYoungGen: 62768K->1408K(64000K)] 424176K->362815K(706560K), 0.0016528 secs] [Times: user=0.01 sys=0.00, real=0.00 secs] 
1550.199: [GC (Allocation Failure) [PSYoungGen: 62848K->1344K(64000K)] 424255K->362751K(706560K), 0.0015432 secs] [Times: user=0.00 sys=0.00, real=0.00 secs] 
1550.588: [GC (Allocation Failure) [PSYoungGen: 62784K->1344K(62976K)] 424191K->362751K(705536K), 0.0017893 secs] [Times: user=0.00 sys=0.00, real=0.00 secs] 
1551.005: [GC (Allocation Failure) [PSYoungGen: 62784K->1360K(63488K)] 424191K->362767K(706048K), 0.0018081 secs] [Times: user=0.01 sys=0.00, real=0.00 secs] 
1551.893: [GC (Allocation Failure) [PSYoungGen: 62800K->128K(62976K)] 424207K->361535K(705536K), 0.0015580 secs] [Times: user=0.00 sys=0.00, real=0.00 secs] 
1552.493: [GC (Allocation Failure) [PSYoungGen: 61056K->1344K(63488K)] 422463K->362751K(706048K), 0.0020962 secs] [Times: user=0.01 sys=0.00, real=0.01 secs] 
1553.061: [GC (Allocation Failure) [PSYoungGen: 62272K->1360K(63488K)] 423679K->362767K(706048K), 0.0019743 secs] [Times: user=0.00 sys=0.01, real=0.00 secs] 
1553.785: [GC (Allocation Failure) [PSYoungGen: 62288K->1344K(63488K)] 423695K->362751K(706048K), 0.0026537 secs] [Times: user=0.01 sys=0.00, real=0.00 secs] 
1554.494: [GC (Allocation Failure) [PSYoungGen: 62272K->1328K(62464K)] 423679K->362735K(705024K), 0.0027459 secs] [Times: user=0.01 sys=0.01, real=0.01 secs] 
1555.925: [GC (Allocation Failure) [PSYoungGen: 61854K->1648K(62976K)] 423262K->363056K(705536K), 0.0029037 secs] [Times: user=0.01 sys=0.00, real=0.00 secs] 
1557.140: [GC (Allocation Failure) [PSYoungGen: 62576K->1344K(63488K)] 423984K->362751K(706048K), 0.0030087 secs] [Times: user=0.01 sys=0.00, real=0.00 secs] 
1558.096: [GC (Allocation Failure) [PSYoungGen: 62272K->1376K(63488K)] 423679K->362791K(706048K), 0.0042229 secs] [Times: user=0.02 sys=0.00, real=0.00 secs] 
1558.825: [GC (Allocation Failure) [PSYoungGen: 62304K->1376K(62464K)] 423719K->362791K(705024K), 0.0030991 secs] [Times: user=0.01 sys=0.00, real=0.01 secs] 
1559.459: [GC (Allocation Failure) [PSYoungGen: 62304K->1344K(62976K)] 423719K->362759K(705536K), 0.0026322 secs] [Times: user=0.01 sys=0.00, real=0.00 secs] 
1560.633: [GC (Allocation Failure) [PSYoungGen: 62272K->1408K(62976K)] 423687K->362823K(705536K), 0.0016369 secs] [Times: user=0.00 sys=0.00, real=0.00 secs] 
1561.306: [GC (Allocation Failure) [PSYoungGen: 62336K->1344K(62976K)] 423751K->362759K(705536K), 0.0017656 secs] [Times: user=0.00 sys=0.00, real=0.00 secs] 
1561.928: [GC (Allocation Failure) [PSYoungGen: 62272K->1376K(62976K)] 423687K->362791K(705536K), 0.0031264 secs] [Times: user=0.01 sys=0.00, real=0.00 secs] 
1562.390: [GC (Allocation Failure) [PSYoungGen: 62304K->1344K(62976K)] 423719K->362759K(705536K), 0.0027478 secs] [Times: user=0.01 sys=0.00, real=0.00 secs] 
1562.953: [GC (Allocation Failure) [PSYoungGen: 62272K->1360K(62976K)] 423687K->362775K(705536K), 0.0027050 secs] [Times: user=0.01 sys=0.00, real=0.01 secs] 
1563.908: [GC (Allocation Failure) [PSYoungGen: 62288K->1408K(62976K)] 423703K->362823K(705536K), 0.0017814 secs] [Times: user=0.01 sys=0.00, real=0.00 secs] 
1564.437: [GC (Allocation Failure) [PSYoungGen: 62336K->1344K(62976K)] 423751K->362759K(705536K), 0.0027139 secs] [Times: user=0.01 sys=0.00, real=0.00 secs] 
1564.958: [GC (Allocation Failure) [PSYoungGen: 62272K->1344K(62976K)] 423687K->362759K(705536K), 0.0028701 secs] [Times: user=0.01 sys=0.00, real=0.00 secs] 
1565.453: [GC (Allocation Failure) [PSYoungGen: 62272K->1376K(62976K)] 423687K->362791K(705536K), 0.0023787 secs] [Times: user=0.01 sys=0.00, real=0.01 secs] 
1566.047: [GC (Allocation Failure) [PSYoungGen: 62304K->1344K(62976K)] 423719K->362759K(705536K), 0.0023056 secs] [Times: user=0.00 sys=0.00, real=0.00 secs] 
1566.878: [GC (Allocation Failure) [PSYoungGen: 62272K->1344K(62976K)] 423687K->362775K(705536K), 0.0017002 secs] [Times: user=0.01 sys=0.00, real=0.00 secs] 
1567.231: [GC (Allocation Failure) [PSYoungGen: 62272K->1376K(62976K)] 423703K->362807K(705536K), 0.0016796 secs] [Times: user=0.01 sys=0.00, real=0.00 secs] 
1567.560: [GC (Allocation Failure) [PSYoungGen: 62304K->1312K(62976K)] 423735K->362751K(705536K), 0.0029779 secs] [Times: user=0.01 sys=0.00, real=0.00 secs] 
1567.957: [GC (Allocation Failure) [PSYoungGen: 62240K->1312K(62976K)] 423679K->362751K(705536K), 0.0025628 secs] [Times: user=0.01 sys=0.00, real=0.00 secs] 
1568.346: [GC (Allocation Failure) [PSYoungGen: 62240K->1344K(62976K)] 423679K->362783K(705536K), 0.0025709 secs] [Times: user=0.01 sys=0.00, real=0.00 secs] 
1569.264: [GC (Allocation Failure) [PSYoungGen: 62272K->1344K(62976K)] 423711K->362783K(705536K), 0.0015918 secs] [Times: user=0.01 sys=0.00, real=0.01 secs] 
1569.521: [GC (Allocation Failure) [PSYoungGen: 62272K->1312K(62464K)] 423711K->362751K(705024K), 0.0016760 secs] [Times: user=0.00 sys=0.00, real=0.00 secs] 
1569.774: [GC (Allocation Failure) [PSYoungGen: 62240K->1344K(62464K)] 423679K->362783K(705024K), 0.0018314 secs] [Times: user=0.01 sys=0.00, real=0.01 secs] 
1570.027: [GC (Allocation Failure) [PSYoungGen: 62272K->320K(61952K)] 423711K->362783K(704512K), 0.0017425 secs] [Times: user=0.01 sys=0.00, real=0.00 secs] 
1570.280: [GC (Allocation Failure) [PSYoungGen: 61248K->288K(62976K)] 423711K->362751K(705536K), 0.0017315 secs] [Times: user=0.00 sys=0.01, real=0.00 secs] 
1570.992: [GC (Allocation Failure) [PSYoungGen: 61216K->1376K(62976K)] 423679K->363839K(705536K), 0.0017286 secs] [Times: user=0.01 sys=0.00, real=0.00 secs] 
1571.245: [GC (Allocation Failure) [PSYoungGen: 62304K->1344K(62976K)] 424767K->363807K(705536K), 0.0016164 secs] [Times: user=0.01 sys=0.00, real=0.00 secs] 
1571.498: [GC (Allocation Failure) [PSYoungGen: 62272K->1344K(62976K)] 424735K->363807K(705536K), 0.0016571 secs] [Times: user=0.01 sys=0.01, real=0.00 secs] 
1571.824: [GC (Allocation Failure) [PSYoungGen: 62272K->1344K(62976K)] 424735K->363807K(705536K), 0.0017538 secs] [Times: user=0.01 sys=0.00, real=0.01 secs] 
1572.346: [GC (Allocation Failure) [PSYoungGen: 62272K->1328K(62976K)] 424735K->363792K(705536K), 0.0019279 secs] [Times: user=0.00 sys=0.00, real=0.00 secs] 
1573.232: [GC (Allocation Failure) [PSYoungGen: 62256K->1376K(62976K)] 424720K->363839K(705536K), 0.0017286 secs] [Times: user=0.01 sys=0.00, real=0.00 secs] 
1573.600: [GC (Allocation Failure) [PSYoungGen: 62304K->1376K(62976K)] 424767K->363839K(705536K), 0.0017109 secs] [Times: user=0.01 sys=0.01, real=0.00 secs] 
1573.854: [GC (Allocation Failure) [PSYoungGen: 62304K->1376K(62976K)] 424767K->363855K(705536K), 0.0016259 secs] [Times: user=0.00 sys=0.00, real=0.01 secs] 
1574.107: [GC (Allocation Failure) [PSYoungGen: 62304K->1344K(62976K)] 424783K->363839K(705536K), 0.0016651 secs] [Times: user=0.00 sys=0.00, real=0.00 secs] 
1574.695: [GC (Allocation Failure) [PSYoungGen: 62272K->1360K(62976K)] 424767K->363856K(705536K), 0.0015632 secs] [Times: user=0.00 sys=0.00, real=0.00 secs] 
1575.157: [GC (Allocation Failure) [PSYoungGen: 62288K->1344K(62976K)] 424784K->363847K(705536K), 0.0017029 secs] [Times: user=0.00 sys=0.00, real=0.00 secs] 
1575.410: [GC (Allocation Failure) [PSYoungGen: 62272K->1312K(62976K)] 424775K->363815K(705536K), 0.0015556 secs] [Times: user=0.01 sys=0.00, real=0.00 secs] 
1575.663: [GC (Allocation Failure) [PSYoungGen: 62240K->1344K(62976K)] 424743K->363855K(705536K), 0.0017307 secs] [Times: user=0.00 sys=0.00, real=0.00 secs] 
1575.915: [GC (Allocation Failure) [PSYoungGen: 62272K->1312K(62976K)] 424783K->363823K(705536K), 0.0015458 secs] [Times: user=0.01 sys=0.00, real=0.00 secs] 
1576.581: [GC (GCLocker Initiated GC) [PSYoungGen: 62240K->1328K(62976K)] 424752K->363840K(705536K), 0.0015011 secs] [Times: user=0.01 sys=0.00, real=0.00 secs] 
1576.864: [GC (Allocation Failure) [PSYoungGen: 62256K->1408K(62976K)] 424771K->363931K(705536K), 0.0015450 secs] [Times: user=0.00 sys=0.01, real=0.01 secs] 
1577.117: [GC (Allocation Failure) [PSYoungGen: 62336K->1344K(62976K)] 424859K->363867K(705536K), 0.0015744 secs] [Times: user=0.01 sys=0.00, real=0.00 secs] 
1577.369: [GC (Allocation Failure) [PSYoungGen: 62272K->1344K(62976K)] 424795K->363867K(705536K), 0.0017782 secs] [Times: user=0.01 sys=0.00, real=0.00 secs] 
1577.623: [GC (Allocation Failure) [PSYoungGen: 62272K->1376K(62976K)] 424795K->363899K(705536K), 0.0019902 secs] [Times: user=0.01 sys=0.00, real=0.01 secs] 
1578.324: [GC (Allocation Failure) [PSYoungGen: 62304K->2000K(62976K)] 424827K->364523K(705536K), 0.0014729 secs] [Times: user=0.00 sys=0.00, real=0.01 secs] 
1578.576: [GC (Allocation Failure) [PSYoungGen: 62928K->1376K(62976K)] 425451K->363907K(705536K), 0.0018047 secs] [Times: user=0.01 sys=0.00, real=0.00 secs] 
1578.829: [GC (Allocation Failure) [PSYoungGen: 62304K->1392K(62976K)] 424835K->363923K(705536K), 0.0014558 secs] [Times: user=0.00 sys=0.00, real=0.00 secs] 
1579.081: [GC (Allocation Failure) [PSYoungGen: 62320K->1440K(62976K)] 424851K->363971K(705536K), 0.0014706 secs] [Times: user=0.00 sys=0.00, real=0.00 secs] 
1579.334: [GC (Allocation Failure) [PSYoungGen: 62368K->1440K(62976K)] 424899K->363971K(705536K), 0.0014757 secs] [Times: user=0.00 sys=0.00, real=0.01 secs] 
1580.006: [GC (Allocation Failure) [PSYoungGen: 62368K->1408K(62976K)] 424899K->363939K(705536K), 0.0014153 secs] [Times: user=0.00 sys=0.00, real=0.00 secs] 
1580.258: [GC (Allocation Failure) [PSYoungGen: 62336K->1440K(62976K)] 424867K->363979K(705536K), 0.0014165 secs] [Times: user=0.01 sys=0.00, real=0.00 secs] 
1580.586: [GC (Allocation Failure) [PSYoungGen: 62368K->1472K(62976K)] 424907K->364011K(705536K), 0.0017644 secs] [Times: user=0.01 sys=0.00, real=0.00 secs] 
1581.044: [GC (Allocation Failure) [PSYoungGen: 62400K->1440K(62976K)] 424939K->363979K(705536K), 0.0037613 secs] [Times: user=0.02 sys=0.00, real=0.01 secs] 
1581.510: [GC (Allocation Failure) [PSYoungGen: 62368K->1408K(62976K)] 424907K->363947K(705536K), 0.0032736 secs] [Times: user=0.01 sys=0.00, real=0.00 secs] 
1582.923: [GC (Allocation Failure) [PSYoungGen: 62336K->1440K(62976K)] 424875K->363987K(705536K), 0.0038421 secs] [Times: user=0.02 sys=0.00, real=0.01 secs] 
1583.591: [GC (Allocation Failure) [PSYoungGen: 62368K->1344K(62976K)] 424915K->363963K(705536K), 0.0021647 secs] [Times: user=0.01 sys=0.00, real=0.00 secs] 
1584.103: [GC (Allocation Failure) [PSYoungGen: 62272K->1312K(62976K)] 424891K->363931K(705536K), 0.0023573 secs] [Times: user=0.01 sys=0.00, real=0.01 secs] 
1584.578: [GC (Allocation Failure) [PSYoungGen: 62240K->1344K(62976K)] 424859K->363963K(705536K), 0.0021922 secs] [Times: user=0.01 sys=0.00, real=0.00 secs] 
1585.097: [GC (Allocation Failure) [PSYoungGen: 62272K->1312K(62976K)] 424891K->363931K(705536K), 0.0025647 secs] [Times: user=0.01 sys=0.00, real=0.00 secs] 
1586.242: [GC (Allocation Failure) [PSYoungGen: 62240K->1376K(62976K)] 424859K->364019K(705536K), 0.0019417 secs] [Times: user=0.01 sys=0.00, real=0.00 secs] 
1586.775: [GC (Allocation Failure) [PSYoungGen: 62304K->1344K(62976K)] 424947K->363987K(705536K), 0.0019199 secs] [Times: user=0.01 sys=0.00, real=0.01 secs] 
1587.029: [GC (Allocation Failure) [PSYoungGen: 62272K->1376K(62976K)] 424915K->364019K(705536K), 0.0023388 secs] [Times: user=0.01 sys=0.00, real=0.00 secs] 
1587.283: [GC (Allocation Failure) [PSYoungGen: 62304K->1344K(62464K)] 424947K->363987K(705024K), 0.0020911 secs] [Times: user=0.01 sys=0.00, real=0.00 secs] 
1587.782: [GC (Allocation Failure) [PSYoungGen: 62272K->1376K(62464K)] 424915K->364019K(705024K), 0.0017563 secs] [Times: user=0.01 sys=0.00, real=0.00 secs] 
1588.677: [GC (Allocation Failure) [PSYoungGen: 62304K->1376K(62464K)] 424947K->364019K(705024K), 0.0016649 secs] [Times: user=0.00 sys=0.00, real=0.00 secs] 
1589.169: [GC (Allocation Failure) [PSYoungGen: 62304K->1344K(62464K)] 424947K->363987K(705024K), 0.0030034 secs] [Times: user=0.01 sys=0.00, real=0.00 secs] 
1589.412: [GC (Allocation Failure) [PSYoungGen: 62272K->1344K(62464K)] 424915K->363987K(705024K), 0.0018054 secs] [Times: user=0.01 sys=0.00, real=0.00 secs] 
1589.893: [GC (Allocation Failure) [PSYoungGen: 62272K->1344K(62464K)] 424915K->363987K(705024K), 0.0030571 secs] [Times: user=0.01 sys=0.00, real=0.01 secs] 
1590.534: [GC (Allocation Failure) [PSYoungGen: 62272K->1328K(62464K)] 424915K->363971K(705024K), 0.0031302 secs] [Times: user=0.01 sys=0.00, real=0.01 secs] 
1591.727: [GC (Allocation Failure) [PSYoungGen: 62256K->1408K(62464K)] 424899K->364059K(705024K), 0.0018230 secs] [Times: user=0.00 sys=0.00, real=0.00 secs] 
1592.643: [GC (Allocation Failure) [PSYoungGen: 62336K->1376K(62464K)] 424987K->364035K(705024K), 0.0025886 secs] [Times: user=0.01 sys=0.00, real=0.01 secs] 
1593.233: [GC (Allocation Failure) [PSYoungGen: 62304K->1408K(62464K)] 424963K->364067K(705024K), 0.0026141 secs] [Times: user=0.01 sys=0.00, real=0.01 secs] 
1593.928: [GC (Allocation Failure) [PSYoungGen: 62336K->1392K(62464K)] 424995K->364051K(705024K), 0.0035532 secs] [Times: user=0.02 sys=0.00, real=0.00 secs] 
1594.722: [GC (Allocation Failure) [PSYoungGen: 62320K->1360K(62464K)] 424979K->364019K(705024K), 0.0021175 secs] [Times: user=0.01 sys=0.00, real=0.00 secs] 
1596.334: [GC (Allocation Failure) [PSYoungGen: 62288K->1472K(62464K)] 424947K->364139K(705024K), 0.0033079 secs] [Times: user=0.01 sys=0.00, real=0.01 secs] 
1596.994: [GC (Allocation Failure) [PSYoungGen: 62400K->1408K(62464K)] 425067K->364075K(705024K), 0.0033397 secs] [Times: user=0.01 sys=0.00, real=0.01 secs] 
1597.633: [GC (Allocation Failure) [PSYoungGen: 62336K->1376K(62464K)] 425003K->364043K(705024K), 0.0031216 secs] [Times: user=0.01 sys=0.00, real=0.01 secs] 
1598.394: [GC (Allocation Failure) [PSYoungGen: 62304K->1376K(62464K)] 424971K->364043K(705024K), 0.0040178 secs] [Times: user=0.02 sys=0.00, real=0.01 secs] 
1599.422: [GC (Allocation Failure) [PSYoungGen: 62304K->1389K(62464K)] 424971K->364056K(705024K), 0.0014453 secs] [Times: user=0.01 sys=0.00, real=0.00 secs] 
1599.919: [GC (Allocation Failure) [PSYoungGen: 62317K->1440K(62464K)] 424984K->364115K(705024K), 0.0039590 secs] [Times: user=0.02 sys=0.00, real=0.00 secs] 
1600.224: [GC (Allocation Failure) [PSYoungGen: 62368K->1408K(62464K)] 425043K->364083K(705024K), 0.0018291 secs] [Times: user=0.01 sys=0.00, real=0.01 secs] 
1600.542: [GC (Allocation Failure) [PSYoungGen: 62336K->1376K(62464K)] 425011K->364051K(705024K), 0.0017293 secs] [Times: user=0.00 sys=0.00, real=0.00 secs] 
1600.805: [GC (Allocation Failure) [PSYoungGen: 62304K->1392K(62464K)] 424979K->364067K(705024K), 0.0017668 secs] [Times: user=0.00 sys=0.00, real=0.00 secs] 
1601.599: [GC (Allocation Failure) [PSYoungGen: 62320K->1389K(62464K)] 424995K->364064K(705024K), 0.0014493 secs] [Times: user=0.00 sys=0.00, real=0.00 secs] 
1602.323: [GC (Allocation Failure) [PSYoungGen: 62317K->1440K(62464K)] 424992K->364131K(705024K), 0.0019320 secs] [Times: user=0.01 sys=0.00, real=0.01 secs] 
1603.261: [GC (Allocation Failure) [PSYoungGen: 62368K->1408K(62464K)] 425059K->364099K(705024K), 0.0023980 secs] [Times: user=0.01 sys=0.00, real=0.00 secs] 
1603.978: [GC (Allocation Failure) [PSYoungGen: 62336K->1376K(62464K)] 425027K->364067K(705024K), 0.0026365 secs] [Times: user=0.01 sys=0.00, real=0.00 secs] 
1605.039: [GC (Allocation Failure) [PSYoungGen: 62304K->1392K(62464K)] 424995K->364083K(705024K), 0.0031800 secs] [Times: user=0.02 sys=0.00, real=0.00 secs] 
1606.542: [GC (Allocation Failure) [PSYoungGen: 62320K->1520K(62464K)] 425011K->364393K(705024K), 0.0030919 secs] [Times: user=0.01 sys=0.00, real=0.01 secs] 
1607.387: [GC (Allocation Failure) [PSYoungGen: 62448K->1264K(62976K)] 425321K->364137K(705536K), 0.0055388 secs] [Times: user=0.02 sys=0.01, real=0.00 secs] 
1608.052: [GC (Allocation Failure) [PSYoungGen: 62192K->1296K(62976K)] 425065K->364169K(705536K), 0.0025111 secs] [Times: user=0.01 sys=0.00, real=0.00 secs] 
1608.920: [GC (Allocation Failure) [PSYoungGen: 62224K->1280K(62976K)] 425097K->364153K(705536K), 0.0039054 secs] [Times: user=0.01 sys=0.00, real=0.00 secs] 
1609.827: [GC (Allocation Failure) [PSYoungGen: 62208K->1280K(62976K)] 425081K->364161K(705536K), 0.0043239 secs] [Times: user=0.02 sys=0.00, real=0.00 secs] 
1611.325: [GC (Allocation Failure) [PSYoungGen: 62208K->1488K(62976K)] 425089K->364369K(705536K), 0.0020298 secs] [Times: user=0.00 sys=0.00, real=0.01 secs] 
1612.223: [GC (Allocation Failure) [PSYoungGen: 62416K->1472K(62976K)] 425297K->364353K(705536K), 0.0029714 secs] [Times: user=0.01 sys=0.00, real=0.01 secs] 
1612.506: [GC (Allocation Failure) [PSYoungGen: 62400K->1440K(62976K)] 425281K->364321K(705536K), 0.0021458 secs] [Times: user=0.01 sys=0.00, real=0.00 secs] 
1612.936: [GC (Allocation Failure) [PSYoungGen: 62368K->1472K(62976K)] 425249K->364353K(705536K), 0.0021691 secs] [Times: user=0.01 sys=0.01, real=0.00 secs] 
1613.472: [GC (Allocation Failure) [PSYoungGen: 62400K->1456K(62976K)] 425281K->364337K(705536K), 0.0019724 secs] [Times: user=0.01 sys=0.00, real=0.00 secs] 
1614.486: [GC (Allocation Failure) [PSYoungGen: 62384K->1472K(62976K)] 425265K->364353K(705536K), 0.0017726 secs] [Times: user=0.01 sys=0.00, real=0.00 secs] 
1615.023: [GC (Allocation Failure) [PSYoungGen: 62400K->1488K(62976K)] 425281K->364369K(705536K), 0.0019975 secs] [Times: user=0.01 sys=0.00, real=0.00 secs] 
1615.546: [GC (Allocation Failure) [PSYoungGen: 62416K->1472K(62976K)] 425297K->364353K(705536K), 0.0021348 secs] [Times: user=0.01 sys=0.00, real=0.00 secs] 
1616.051: [GC (Allocation Failure) [PSYoungGen: 62400K->1488K(62976K)] 425281K->364369K(705536K), 0.0031347 secs] [Times: user=0.01 sys=0.00, real=0.00 secs] 
1616.468: [GC (Allocation Failure) [PSYoungGen: 62416K->1456K(62976K)] 425297K->364337K(705536K), 0.0019179 secs] [Times: user=0.01 sys=0.00, real=0.00 secs] 
1617.287: [GC (Allocation Failure) [PSYoungGen: 62384K->1408K(62976K)] 425265K->364421K(705536K), 0.0020012 secs] [Times: user=0.01 sys=0.00, real=0.00 secs] 
1617.803: [GC (Allocation Failure) [PSYoungGen: 62336K->1376K(62976K)] 425349K->364389K(705536K), 0.0020024 secs] [Times: user=0.01 sys=0.01, real=0.01 secs] 
1618.303: [GC (Allocation Failure) [PSYoungGen: 62304K->1344K(62976K)] 425317K->364365K(705536K), 0.0021773 secs] [Times: user=0.00 sys=0.00, real=0.01 secs] 
1618.564: [GC (Allocation Failure) [PSYoungGen: 62272K->1344K(62976K)] 425293K->364365K(705536K), 0.0018851 secs] [Times: user=0.01 sys=0.00, real=0.01 secs] 
1618.817: [GC (Allocation Failure) [PSYoungGen: 62272K->1344K(62976K)] 425293K->364365K(705536K), 0.0017665 secs] [Times: user=0.01 sys=0.00, real=0.00 secs] 
1619.506: [GC (Allocation Failure) [PSYoungGen: 62272K->1376K(62976K)] 425293K->364397K(705536K), 0.0015977 secs] [Times: user=0.00 sys=0.00, real=0.00 secs] 
1619.842: [GC (Allocation Failure) [PSYoungGen: 62304K->1296K(62976K)] 425325K->364317K(705536K), 0.0016387 secs] [Times: user=0.00 sys=0.00, real=0.00 secs] 
1620.314: [GC (Allocation Failure) [PSYoungGen: 62224K->1376K(62976K)] 425245K->364397K(705536K), 0.0030271 secs] [Times: user=0.01 sys=0.00, real=0.01 secs] 
1620.814: [GC (Allocation Failure) [PSYoungGen: 62304K->1376K(62976K)] 425325K->364397K(705536K), 0.0031260 secs] [Times: user=0.01 sys=0.00, real=0.01 secs] 
1621.308: [GC (Allocation Failure) [PSYoungGen: 62304K->1376K(62464K)] 425325K->364397K(705024K), 0.0024071 secs] [Times: user=0.01 sys=0.00, real=0.00 secs] 
1622.286: [GC (Allocation Failure) [PSYoungGen: 62304K->1408K(62464K)] 425325K->364429K(705024K), 0.0018656 secs] [Times: user=0.01 sys=0.00, real=0.00 secs] 
1622.802: [GC (Allocation Failure) [PSYoungGen: 62336K->1376K(62464K)] 425357K->364397K(705024K), 0.0017448 secs] [Times: user=0.01 sys=0.00, real=0.00 secs] 
1623.666: [GC (Allocation Failure) [PSYoungGen: 62304K->1408K(62464K)] 425325K->364429K(705024K), 0.0022748 secs] [Times: user=0.00 sys=0.00, real=0.00 secs] 
1624.793: [GC (Allocation Failure) [PSYoungGen: 62336K->1408K(62464K)] 425357K->364429K(705024K), 0.0032673 secs] [Times: user=0.02 sys=0.00, real=0.01 secs] 
1625.608: [GC (Allocation Failure) [PSYoungGen: 62330K->288K(61952K)] 425351K->363309K(704512K), 0.0031626 secs] [Times: user=0.01 sys=0.00, real=0.00 secs] 
1626.626: [GC (Allocation Failure) [PSYoungGen: 60704K->1408K(62464K)] 423725K->364429K(705024K), 0.0016928 secs] [Times: user=0.01 sys=0.00, real=0.00 secs] 
1627.131: [GC (Allocation Failure) [PSYoungGen: 61824K->1360K(62464K)] 424845K->364381K(705024K), 0.0030844 secs] [Times: user=0.01 sys=0.00, real=0.00 secs] 
1627.730: [GC (Allocation Failure) [PSYoungGen: 61776K->1376K(62464K)] 424797K->364413K(705024K), 0.0031144 secs] [Times: user=0.01 sys=0.00, real=0.00 secs] 
1628.249: [GC (Allocation Failure) [PSYoungGen: 61792K->1344K(62464K)] 424829K->364381K(705024K), 0.0028051 secs] [Times: user=0.01 sys=0.00, real=0.00 secs] 
1628.956: [GC (Allocation Failure) [PSYoungGen: 61760K->1357K(62464K)] 424797K->364394K(705024K), 0.0016085 secs] [Times: user=0.01 sys=0.00, real=0.00 secs] 
1630.067: [GC (Allocation Failure) [PSYoungGen: 61773K->1408K(62464K)] 424810K->364445K(705024K), 0.0021858 secs] [Times: user=0.01 sys=0.00, real=0.00 secs] 
1630.662: [GC (Allocation Failure) [PSYoungGen: 61824K->1376K(62464K)] 424861K->364413K(705024K), 0.0026166 secs] [Times: user=0.01 sys=0.00, real=0.00 secs] 
1631.134: [GC (Allocation Failure) [PSYoungGen: 61792K->1376K(62464K)] 424829K->364413K(705024K), 0.0023533 secs] [Times: user=0.01 sys=0.00, real=0.01 secs] 
1631.633: [GC (Allocation Failure) [PSYoungGen: 61792K->1376K(62464K)] 424829K->364413K(705024K), 0.0023491 secs] [Times: user=0.01 sys=0.00, real=0.00 secs] 
1632.443: [GC (Allocation Failure) [PSYoungGen: 61792K->1357K(62464K)] 424829K->364394K(705024K), 0.0014660 secs] [Times: user=0.01 sys=0.00, real=0.00 secs] 
1633.124: [GC (Allocation Failure) [PSYoungGen: 61773K->1408K(62464K)] 424810K->364445K(705024K), 0.0038327 secs] [Times: user=0.02 sys=0.00, real=0.01 secs] 
1633.581: [GC (Allocation Failure) [PSYoungGen: 61824K->1360K(62464K)] 424861K->364397K(705024K), 0.0022827 secs] [Times: user=0.01 sys=0.00, real=0.00 secs] 
1634.034: [GC (Allocation Failure) [PSYoungGen: 61776K->1344K(62464K)] 424813K->364381K(705024K), 0.0020983 secs] [Times: user=0.01 sys=0.00, real=0.01 secs] 
1634.557: [GC (Allocation Failure) [PSYoungGen: 61760K->1376K(61952K)] 424797K->364413K(704512K), 0.0037638 secs] [Times: user=0.01 sys=0.00, real=0.00 secs] 
1635.454: [GC (Allocation Failure) [PSYoungGen: 61792K->1357K(61952K)] 424829K->364394K(704512K), 0.0015795 secs] [Times: user=0.01 sys=0.00, real=0.01 secs] 
1636.310: [GC (Allocation Failure) [PSYoungGen: 61773K->352K(61440K)] 424810K->364421K(704000K), 0.0028356 secs] [Times: user=0.01 sys=0.01, real=0.00 secs] 
1636.854: [GC (Allocation Failure) [PSYoungGen: 60768K->320K(62464K)] 424837K->364389K(705024K), 0.0042267 secs] [Times: user=0.02 sys=0.00, real=0.01 secs] 
1637.427: [GC (Allocation Failure) [PSYoungGen: 60736K->320K(62464K)] 424805K->364389K(705024K), 0.0022740 secs] [Times: user=0.01 sys=0.00, real=0.00 secs] 
1637.938: [GC (Allocation Failure) [PSYoungGen: 60736K->320K(62464K)] 424805K->364397K(705024K), 0.0020343 secs] [Times: user=0.01 sys=0.00, real=0.00 secs] 
1638.761: [GC (Allocation Failure) [PSYoungGen: 60736K->1357K(62464K)] 424813K->365434K(705024K), 0.0016019 secs] [Times: user=0.01 sys=0.00, real=0.00 secs] 
1639.103: [GC (Allocation Failure) [PSYoungGen: 61773K->1408K(62464K)] 425850K->365493K(705024K), 0.0026533 secs] [Times: user=0.01 sys=0.00, real=0.01 secs] 
1639.372: [GC (Allocation Failure) [PSYoungGen: 61824K->1376K(62464K)] 425909K->365461K(705024K), 0.0019001 secs] [Times: user=0.00 sys=0.00, real=0.00 secs] 
1639.671: [GC (Allocation Failure) [PSYoungGen: 61792K->1376K(62464K)] 425877K->365461K(705024K), 0.0018373 secs] [Times: user=0.01 sys=0.00, real=0.00 secs] 
1639.965: [GC (Allocation Failure) [PSYoungGen: 61792K->1376K(62464K)] 425877K->365461K(705024K), 0.0016768 secs] [Times: user=0.01 sys=0.00, real=0.01 secs] 
1640.768: [GC (Allocation Failure) [PSYoungGen: 61792K->1568K(62464K)] 425877K->365653K(705024K), 0.0018786 secs] [Times: user=0.01 sys=0.00, real=0.00 secs] 
1642.606: [GC (Allocation Failure) [PSYoungGen: 61984K->1376K(62976K)] 426069K->365461K(705536K), 0.0043552 secs] [Times: user=0.02 sys=0.00, real=0.00 secs] 
1643.212: [GC (Allocation Failure) [PSYoungGen: 61792K->1376K(61952K)] 425877K->365461K(704512K), 0.0030738 secs] [Times: user=0.02 sys=0.00, real=0.00 secs] 
1643.512: [GC (Allocation Failure) [PSYoungGen: 61792K->1360K(62464K)] 425877K->365445K(705024K), 0.0018901 secs] [Times: user=0.01 sys=0.00, real=0.00 secs] 
1643.763: [GC (Allocation Failure) [PSYoungGen: 61776K->1376K(62464K)] 425861K->365461K(705024K), 0.0017161 secs] [Times: user=0.00 sys=0.00, real=0.01 secs] 
1644.697: [GC (Allocation Failure) [PSYoungGen: 61792K->1920K(61952K)] 425877K->366005K(704512K), 0.0020055 secs] [Times: user=0.00 sys=0.00, real=0.00 secs] 
1645.304: [GC (Allocation Failure) [PSYoungGen: 61824K->1376K(62464K)] 425909K->365461K(705024K), 0.0025436 secs] [Times: user=0.01 sys=0.00, real=0.01 secs] 
1645.541: [GC (Allocation Failure) [PSYoungGen: 61280K->1408K(61440K)] 425365K->365493K(704000K), 0.0023893 secs] [Times: user=0.01 sys=0.00, real=0.00 secs] 
1645.922: [GC (Allocation Failure) [PSYoungGen: 61312K->1408K(61952K)] 425397K->365493K(704512K), 0.0020744 secs] [Times: user=0.01 sys=0.00, real=0.00 secs] 
1646.419: [GC (Allocation Failure) [PSYoungGen: 61312K->1376K(61952K)] 425397K->365469K(704512K), 0.0020757 secs] [Times: user=0.01 sys=0.00, real=0.00 secs] 
1647.957: [GC (Allocation Failure) [PSYoungGen: 61280K->1920K(61952K)] 425373K->366013K(704512K), 0.0022751 secs] [Times: user=0.01 sys=0.00, real=0.00 secs] 
1648.218: [GC (Allocation Failure) [PSYoungGen: 61824K->1344K(61440K)] 425917K->365445K(704000K), 0.0028401 secs] [Times: user=0.01 sys=0.00, real=0.00 secs] 
1648.475: [GC (Allocation Failure) [PSYoungGen: 61248K->1344K(61952K)] 425349K->365445K(704512K), 0.0019702 secs] [Times: user=0.01 sys=0.00, real=0.00 secs] 
1648.725: [GC (Allocation Failure) [PSYoungGen: 61248K->1344K(61952K)] 425349K->365445K(704512K), 0.0019296 secs] [Times: user=0.01 sys=0.00, real=0.01 secs] 
1648.974: [GC (Allocation Failure) [PSYoungGen: 61248K->1376K(61952K)] 425349K->365477K(704512K), 0.0017705 secs] [Times: user=0.01 sys=0.00, real=0.01 secs] 
1649.741: [GC (Allocation Failure) [PSYoungGen: 61280K->1408K(61952K)] 425381K->365509K(704512K), 0.0017224 secs] [Times: user=0.01 sys=0.00, real=0.00 secs] 
1649.990: [GC (Allocation Failure) [PSYoungGen: 61312K->1376K(61952K)] 425413K->365477K(704512K), 0.0019961 secs] [Times: user=0.00 sys=0.00, real=0.00 secs] 
1650.240: [GC (Allocation Failure) [PSYoungGen: 61280K->1408K(61952K)] 425381K->365509K(704512K), 0.0025782 secs] [Times: user=0.01 sys=0.00, real=0.00 secs] 
1650.490: [GC (Allocation Failure) [PSYoungGen: 61312K->1440K(61952K)] 425413K->365541K(704512K), 0.0031324 secs] [Times: user=0.01 sys=0.00, real=0.00 secs] 
1650.741: [GC (Allocation Failure) [PSYoungGen: 61344K->1344K(61952K)] 425445K->365445K(704512K), 0.0018372 secs] [Times: user=0.01 sys=0.00, real=0.00 secs] 
1651.523: [GC (Allocation Failure) [PSYoungGen: 61248K->1392K(61952K)] 425349K->365493K(704512K), 0.0017151 secs] [Times: user=0.00 sys=0.00, real=0.00 secs] 
1651.771: [GC (Allocation Failure) [PSYoungGen: 61296K->1344K(61952K)] 425397K->365445K(704512K), 0.0017019 secs] [Times: user=0.00 sys=0.00, real=0.00 secs] 
1652.020: [GC (Allocation Failure) [PSYoungGen: 61248K->1376K(61952K)] 425349K->365477K(704512K), 0.0019028 secs] [Times: user=0.00 sys=0.00, real=0.00 secs] 
1652.269: [GC (Allocation Failure) [PSYoungGen: 61280K->1312K(61952K)] 425381K->365413K(704512K), 0.0023282 secs] [Times: user=0.01 sys=0.00, real=0.00 secs] 
1652.519: [GC (Allocation Failure) [PSYoungGen: 61216K->1344K(61952K)] 425317K->365445K(704512K), 0.0022299 secs] [Times: user=0.01 sys=0.00, real=0.00 secs] 
1653.256: [GC (Allocation Failure) [PSYoungGen: 61248K->1344K(61952K)] 425349K->365461K(704512K), 0.0016952 secs] [Times: user=0.00 sys=0.00, real=0.00 secs] 
1653.504: [GC (Allocation Failure) [PSYoungGen: 61248K->1312K(61952K)] 425365K->365429K(704512K), 0.0016624 secs] [Times: user=0.01 sys=0.00, real=0.01 secs] 
1653.823: [GC (Allocation Failure) [PSYoungGen: 61216K->1344K(61952K)] 425333K->365461K(704512K), 0.0019717 secs] [Times: user=0.01 sys=0.00, real=0.00 secs] 
1654.072: [GC (Allocation Failure) [PSYoungGen: 61248K->1376K(61952K)] 425365K->365493K(704512K), 0.0016979 secs] [Times: user=0.00 sys=0.00, real=0.00 secs] 
1654.321: [GC (Allocation Failure) [PSYoungGen: 61280K->1344K(61440K)] 425397K->365461K(704000K), 0.0027368 secs] [Times: user=0.01 sys=0.00, real=0.00 secs] 
1655.162: [GC (Allocation Failure) [PSYoungGen: 61248K->1376K(61440K)] 425365K->365493K(704000K), 0.0017965 secs] [Times: user=0.01 sys=0.00, real=0.00 secs] 
1655.419: [GC (Allocation Failure) [PSYoungGen: 61280K->304K(60928K)] 425397K->365445K(703488K), 0.0018007 secs] [Times: user=0.01 sys=0.00, real=0.00 secs] 
1655.668: [GC (Allocation Failure) [PSYoungGen: 60208K->320K(61952K)] 425349K->365461K(704512K), 0.0016782 secs] [Times: user=0.01 sys=0.00, real=0.00 secs] 
1655.918: [GC (Allocation Failure) [PSYoungGen: 60224K->320K(61952K)] 425365K->365461K(704512K), 0.0016664 secs] [Times: user=0.01 sys=0.00, real=0.00 secs] 
1656.257: [GC (Allocation Failure) [PSYoungGen: 60224K->320K(61952K)] 425365K->365461K(704512K), 0.0016681 secs] [Times: user=0.00 sys=0.00, real=0.00 secs] 
1657.200: [GC (Allocation Failure) [PSYoungGen: 60224K->1376K(61952K)] 425365K->366517K(704512K), 0.0020491 secs] [Times: user=0.00 sys=0.00, real=0.00 secs] 
1657.512: [GC (Allocation Failure) [PSYoungGen: 61280K->1344K(61952K)] 426421K->366485K(704512K), 0.0020726 secs] [Times: user=0.01 sys=0.00, real=0.00 secs] 
1657.982: [GC (Allocation Failure) [PSYoungGen: 61248K->1344K(61952K)] 426389K->366485K(704512K), 0.0021540 secs] [Times: user=0.00 sys=0.00, real=0.00 secs] 
1658.492: [GC (Allocation Failure) [PSYoungGen: 61248K->1376K(61952K)] 426389K->366517K(704512K), 0.0042890 secs] [Times: user=0.02 sys=0.00, real=0.01 secs] 
1658.985: [GC (Allocation Failure) [PSYoungGen: 61280K->1344K(61952K)] 426421K->366485K(704512K), 0.0031686 secs] [Times: user=0.01 sys=0.00, real=0.00 secs] 
1660.062: [GC (Allocation Failure) [PSYoungGen: 61248K->1408K(61952K)] 426389K->366557K(704512K), 0.0023887 secs] [Times: user=0.01 sys=0.00, real=0.00 secs] 
1660.687: [GC (Allocation Failure) [PSYoungGen: 61312K->1344K(61952K)] 426461K->366493K(704512K), 0.0108671 secs] [Times: user=0.04 sys=0.00, real=0.01 secs] 
1661.424: [GC (Allocation Failure) [PSYoungGen: 61248K->1376K(61952K)] 426397K->366525K(704512K), 0.0033184 secs] [Times: user=0.01 sys=0.00, real=0.01 secs] 
1662.166: [GC (Allocation Failure) [PSYoungGen: 61280K->1344K(61952K)] 426429K->366493K(704512K), 0.0040083 secs] [Times: user=0.01 sys=0.00, real=0.00 secs] 
1662.782: [GC (Allocation Failure) [PSYoungGen: 61248K->1344K(61952K)] 426397K->366493K(704512K), 0.0039297 secs] [Times: user=0.01 sys=0.00, real=0.01 secs] 
1663.872: [GC (Allocation Failure) [PSYoungGen: 61248K->1408K(61952K)] 426397K->366557K(704512K), 0.0017300 secs] [Times: user=0.01 sys=0.00, real=0.00 secs] 
1664.501: [GC (Allocation Failure) [PSYoungGen: 61312K->1376K(61952K)] 426461K->366525K(704512K), 0.0020369 secs] [Times: user=0.00 sys=0.00, real=0.00 secs] 
1665.057: [GC (Allocation Failure) [PSYoungGen: 61280K->1344K(61952K)] 426429K->366493K(704512K), 0.0020638 secs] [Times: user=0.01 sys=0.00, real=0.00 secs] 
1665.470: [GC (Allocation Failure) [PSYoungGen: 61248K->1376K(61952K)] 426397K->366525K(704512K), 0.0050503 secs] [Times: user=0.02 sys=0.00, real=0.00 secs] 
1665.934: [GC (Allocation Failure) [PSYoungGen: 61280K->1376K(61952K)] 426429K->366525K(704512K), 0.0028074 secs] [Times: user=0.01 sys=0.00, real=0.01 secs] 
1667.142: [GC (Allocation Failure) [PSYoungGen: 61280K->1376K(61952K)] 426429K->366525K(704512K), 0.0033192 secs] [Times: user=0.01 sys=0.00, real=0.01 secs] 
1667.701: [GC (Allocation Failure) [PSYoungGen: 61280K->1344K(61952K)] 426429K->366493K(704512K), 0.0027771 secs] [Times: user=0.01 sys=0.00, real=0.00 secs] 
1668.239: [GC (Allocation Failure) [PSYoungGen: 61248K->1376K(61952K)] 426397K->366533K(704512K), 0.0022746 secs] [Times: user=0.00 sys=0.00, real=0.00 secs] 
1668.736: [GC (Allocation Failure) [PSYoungGen: 61280K->1328K(61952K)] 426437K->366485K(704512K), 0.0021937 secs] [Times: user=0.01 sys=0.00, real=0.00 secs] 
1669.247: [GC (Allocation Failure) [PSYoungGen: 61232K->1344K(61952K)] 426389K->366501K(704512K), 0.0021224 secs] [Times: user=0.01 sys=0.00, real=0.00 secs] 
1670.236: [GC (Allocation Failure) [PSYoungGen: 61248K->1408K(61952K)] 426405K->366565K(704512K), 0.0016107 secs] [Times: user=0.01 sys=0.00, real=0.00 secs] 
1670.888: [GC (Allocation Failure) [PSYoungGen: 61312K->1344K(61952K)] 426469K->366501K(704512K), 0.0030875 secs] [Times: user=0.01 sys=0.00, real=0.00 secs] 
1671.405: [GC (Allocation Failure) [PSYoungGen: 61248K->1376K(61952K)] 426405K->366533K(704512K), 0.0030436 secs] [Times: user=0.02 sys=0.00, real=0.00 secs] 
1671.894: [GC (Allocation Failure) [PSYoungGen: 61280K->1376K(61952K)] 426437K->366533K(704512K), 0.0028017 secs] [Times: user=0.02 sys=0.00, real=0.01 secs] 
1672.166: [GC (Allocation Failure) [PSYoungGen: 61280K->1360K(61952K)] 426437K->366517K(704512K), 0.0017712 secs] [Times: user=0.01 sys=0.00, real=0.00 secs] 
1673.075: [GC (Allocation Failure) [PSYoungGen: 61264K->1408K(61952K)] 426421K->366573K(704512K), 0.0017543 secs] [Times: user=0.01 sys=0.00, real=0.01 secs] 
1673.699: [GC (Allocation Failure) [PSYoungGen: 61312K->1376K(61952K)] 426477K->366541K(704512K), 0.0021638 secs] [Times: user=0.01 sys=0.01, real=0.00 secs] 
1674.454: [GC (Allocation Failure) [PSYoungGen: 61280K->1376K(61952K)] 426445K->366541K(704512K), 0.0039077 secs] [Times: user=0.01 sys=0.00, real=0.01 secs] 
1675.236: [GC (Allocation Failure) [PSYoungGen: 61280K->1376K(61952K)] 426445K->366541K(704512K), 0.0038448 secs] [Times: user=0.02 sys=0.00, real=0.00 secs] 
1675.740: [GC (Allocation Failure) [PSYoungGen: 61280K->1376K(61952K)] 426445K->366541K(704512K), 0.0027280 secs] [Times: user=0.01 sys=0.00, real=0.00 secs] 
1676.663: [GC (Allocation Failure) [PSYoungGen: 61280K->1376K(61440K)] 426445K->366541K(704000K), 0.0016252 secs] [Times: user=0.00 sys=0.00, real=0.01 secs] 
1677.262: [GC (Allocation Failure) [PSYoungGen: 61280K->1344K(61440K)] 426445K->366509K(704000K), 0.0018623 secs] [Times: user=0.01 sys=0.00, real=0.00 secs] 
1677.855: [GC (Allocation Failure) [PSYoungGen: 61248K->320K(60928K)] 426413K->366525K(703488K), 0.0021811 secs] [Times: user=0.01 sys=0.00, real=0.00 secs] 
1678.204: [GC (Allocation Failure) [PSYoungGen: 60224K->320K(61952K)] 426429K->366525K(704512K), 0.0019102 secs] [Times: user=0.01 sys=0.00, real=0.01 secs] 
1678.471: [GC (Allocation Failure) [PSYoungGen: 60224K->288K(61952K)] 426429K->366493K(704512K), 0.0021886 secs] [Times: user=0.01 sys=0.00, real=0.00 secs] 
1679.488: [GC (Allocation Failure) [PSYoungGen: 60192K->1376K(61952K)] 426397K->367581K(704512K), 0.0021830 secs] [Times: user=0.00 sys=0.00, real=0.00 secs] 
1680.131: [GC (Allocation Failure) [PSYoungGen: 61280K->1344K(61952K)] 427485K->367549K(704512K), 0.0023486 secs] [Times: user=0.01 sys=0.00, real=0.00 secs] 
1680.989: [GC (Allocation Failure) [PSYoungGen: 61248K->1376K(61952K)] 427453K->367581K(704512K), 0.0025640 secs] [Times: user=0.01 sys=0.00, real=0.00 secs] 
1681.635: [GC (Allocation Failure) [PSYoungGen: 61280K->1328K(61952K)] 427485K->367533K(704512K), 0.0026402 secs] [Times: user=0.01 sys=0.00, real=0.01 secs] 
1682.322: [GC (Allocation Failure) [PSYoungGen: 61232K->1312K(61952K)] 427437K->367517K(704512K), 0.0024736 secs] [Times: user=0.01 sys=0.00, real=0.00 secs] 
1683.367: [GC (Allocation Failure) [PSYoungGen: 61216K->1376K(61952K)] 427421K->367581K(704512K), 0.0019265 secs] [Times: user=0.01 sys=0.00, real=0.00 secs] 
1683.895: [GC (Allocation Failure) [PSYoungGen: 61280K->1312K(61952K)] 427485K->367517K(704512K), 0.0017627 secs] [Times: user=0.01 sys=0.01, real=0.00 secs] 
1684.241: [GC (Allocation Failure) [PSYoungGen: 61216K->1344K(61952K)] 427421K->367549K(704512K), 0.0018903 secs] [Times: user=0.01 sys=0.00, real=0.00 secs] 
1684.524: [GC (Allocation Failure) [PSYoungGen: 61248K->1344K(61952K)] 427453K->367549K(704512K), 0.0019362 secs] [Times: user=0.00 sys=0.00, real=0.01 secs] 
1684.896: [GC (Allocation Failure) [PSYoungGen: 61248K->1344K(61952K)] 427453K->367549K(704512K), 0.0021279 secs] [Times: user=0.01 sys=0.00, real=0.00 secs] 
1685.901: [GC (Allocation Failure) [PSYoungGen: 61248K->1408K(61952K)] 427453K->367613K(704512K), 0.0019501 secs] [Times: user=0.01 sys=0.00, real=0.00 secs] 
1686.455: [GC (Allocation Failure) [PSYoungGen: 61312K->1344K(61952K)] 427517K->367549K(704512K), 0.0022605 secs] [Times: user=0.01 sys=0.00, real=0.01 secs] 
1686.752: [GC (Allocation Failure) [PSYoungGen: 61248K->1360K(61952K)] 427453K->367565K(704512K), 0.0018540 secs] [Times: user=0.01 sys=0.00, real=0.00 secs] 
1687.001: [GC (Allocation Failure) [PSYoungGen: 61264K->1328K(61952K)] 427469K->367557K(704512K), 0.0017402 secs] [Times: user=0.01 sys=0.00, real=0.00 secs] 
1687.371: [GC (Allocation Failure) [PSYoungGen: 61232K->1344K(61952K)] 427461K->367573K(704512K), 0.0018601 secs] [Times: user=0.01 sys=0.01, real=0.00 secs] 
1688.817: [GC (Allocation Failure) [PSYoungGen: 61248K->1376K(61952K)] 427477K->367605K(704512K), 0.0027219 secs] [Times: user=0.00 sys=0.00, real=0.00 secs] 
1689.063: [GC (Allocation Failure) [PSYoungGen: 61280K->1344K(61952K)] 427509K->367573K(704512K), 0.0019648 secs] [Times: user=0.01 sys=0.00, real=0.00 secs] 
1689.404: [GC (Allocation Failure) [PSYoungGen: 61248K->1344K(61952K)] 427477K->367573K(704512K), 0.0019601 secs] [Times: user=0.01 sys=0.00, real=0.01 secs] 
1689.864: [GC (Allocation Failure) [PSYoungGen: 61248K->1344K(61952K)] 427477K->367573K(704512K), 0.0019117 secs] [Times: user=0.01 sys=0.00, real=0.01 secs] 
1690.332: [GC (Allocation Failure) [PSYoungGen: 61248K->1376K(61952K)] 427477K->367605K(704512K), 0.0018333 secs] [Times: user=0.01 sys=0.00, real=0.00 secs] 
1691.842: [GC (Allocation Failure) [PSYoungGen: 61280K->1344K(61952K)] 427509K->367573K(704512K), 0.0027936 secs] [Times: user=0.01 sys=0.00, real=0.00 secs] 
1692.097: [GC (Allocation Failure) [PSYoungGen: 61248K->1376K(61952K)] 427477K->367605K(704512K), 0.0024378 secs] [Times: user=0.01 sys=0.00, real=0.00 secs] 
1692.369: [GC (Allocation Failure) [PSYoungGen: 61280K->1376K(61952K)] 427509K->367605K(704512K), 0.0018701 secs] [Times: user=0.01 sys=0.00, real=0.00 secs] 
1692.995: [GC (Allocation Failure) [PSYoungGen: 61280K->1360K(61952K)] 427509K->367589K(704512K), 0.0023091 secs] [Times: user=0.01 sys=0.00, real=0.01 secs] 
1693.649: [GC (Allocation Failure) [PSYoungGen: 61264K->1376K(61952K)] 427493K->367605K(704512K), 0.0026279 secs] [Times: user=0.01 sys=0.00, real=0.00 secs] 
1695.922: [GC (Allocation Failure) [PSYoungGen: 61280K->1408K(61952K)] 427509K->367637K(704512K), 0.0045282 secs] [Times: user=0.02 sys=0.00, real=0.01 secs] 
1696.889: [GC (Allocation Failure) [PSYoungGen: 61312K->1376K(61952K)] 427541K->367605K(704512K), 0.0030868 secs] [Times: user=0.01 sys=0.00, real=0.00 secs] 
1697.224: [GC (Allocation Failure) [PSYoungGen: 61280K->1376K(61952K)] 427509K->367605K(704512K), 0.0019049 secs] [Times: user=0.01 sys=0.00, real=0.01 secs] 
1697.473: [GC (Allocation Failure) [PSYoungGen: 61280K->1344K(61440K)] 427509K->367573K(704000K), 0.0020977 secs] [Times: user=0.01 sys=0.00, real=0.01 secs] 
1697.862: [GC (Allocation Failure) [PSYoungGen: 61248K->1344K(61440K)] 427477K->367581K(704000K), 0.0019002 secs] [Times: user=0.01 sys=0.00, real=0.00 secs] 
1698.840: [GC (Allocation Failure) [PSYoungGen: 61248K->1376K(61440K)] 427485K->367621K(704000K), 0.0027782 secs] [Times: user=0.01 sys=0.00, real=0.00 secs] 
1699.351: [GC (Allocation Failure) [PSYoungGen: 61280K->1344K(61440K)] 427525K->367597K(704000K), 0.0027625 secs] [Times: user=0.01 sys=0.00, real=0.00 secs] 
1699.856: [GC (Allocation Failure) [PSYoungGen: 61248K->1344K(61440K)] 427501K->367597K(704000K), 0.0025556 secs] [Times: user=0.01 sys=0.00, real=0.00 secs] 
1700.335: [GC (Allocation Failure) [PSYoungGen: 61248K->1376K(61440K)] 427501K->367637K(704000K), 0.0021138 secs] [Times: user=0.00 sys=0.00, real=0.00 secs] 
1701.097: [GC (Allocation Failure) [PSYoungGen: 61280K->1344K(61440K)] 427541K->367605K(704000K), 0.0047620 secs] [Times: user=0.02 sys=0.00, real=0.00 secs] 
1702.463: [GC (Allocation Failure) [PSYoungGen: 61248K->1408K(61440K)] 427509K->367669K(704000K), 0.0046293 secs] [Times: user=0.02 sys=0.00, real=0.01 secs] 
1703.241: [GC (Allocation Failure) [PSYoungGen: 61312K->1408K(61440K)] 427573K->367669K(704000K), 0.0045252 secs] [Times: user=0.02 sys=0.00, real=0.01 secs] 
1704.000: [GC (Allocation Failure) [PSYoungGen: 61312K->1360K(61440K)] 427573K->367621K(704000K), 0.0031910 secs] [Times: user=0.01 sys=0.00, real=0.00 secs] 
1704.590: [GC (Allocation Failure) [PSYoungGen: 61264K->1376K(61440K)] 427525K->367637K(704000K), 0.0030182 secs] [Times: user=0.02 sys=0.00, real=0.00 secs] 
1705.156: [GC (Allocation Failure) [PSYoungGen: 61271K->1360K(61440K)] 427532K->367621K(704000K), 0.0029704 secs] [Times: user=0.01 sys=0.00, real=0.00 secs] 
1705.920: [GC (Allocation Failure) [PSYoungGen: 61264K->1360K(61440K)] 427525K->367629K(704000K), 0.0016734 secs] [Times: user=0.00 sys=0.00, real=0.00 secs] 
1706.223: [GC (Allocation Failure) [PSYoungGen: 61264K->1376K(61440K)] 427533K->367645K(704000K), 0.0019019 secs] [Times: user=0.01 sys=0.00, real=0.00 secs] 
1706.714: [GC (Allocation Failure) [PSYoungGen: 61280K->1376K(61440K)] 427549K->367645K(704000K), 0.0017331 secs] [Times: user=0.01 sys=0.00, real=0.01 secs] 
1707.203: [GC (Allocation Failure) [PSYoungGen: 61280K->1376K(61440K)] 427549K->367645K(704000K), 0.0019328 secs] [Times: user=0.01 sys=0.00, real=0.00 secs] 
1707.763: [GC (Allocation Failure) [PSYoungGen: 61280K->1389K(61440K)] 427549K->367658K(704000K), 0.0017931 secs] [Times: user=0.01 sys=0.00, real=0.00 secs] 
1708.841: [GC (Allocation Failure) [PSYoungGen: 61293K->1392K(61440K)] 427562K->367669K(704000K), 0.0020621 secs] [Times: user=0.01 sys=0.00, real=0.00 secs] 
1709.366: [GC (Allocation Failure) [PSYoungGen: 61296K->1392K(61440K)] 427573K->367669K(704000K), 0.0030665 secs] [Times: user=0.01 sys=0.00, real=0.00 secs] 
1709.931: [GC (Allocation Failure) [PSYoungGen: 61296K->1408K(61440K)] 427573K->367685K(704000K), 0.0021302 secs] [Times: user=0.00 sys=0.00, real=0.00 secs] 
1710.431: [GC (Allocation Failure) [PSYoungGen: 61312K->1376K(61440K)] 427589K->367653K(704000K), 0.0023825 secs] [Times: user=0.01 sys=0.00, real=0.00 secs] 
1710.987: [GC (Allocation Failure) [PSYoungGen: 61280K->1389K(61440K)] 427557K->367666K(704000K), 0.0014499 secs] [Times: user=0.00 sys=0.00, real=0.00 secs] 
1711.629: [GC (Allocation Failure) [PSYoungGen: 61293K->1440K(61440K)] 427570K->367717K(704000K), 0.0017952 secs] [Times: user=0.01 sys=0.00, real=0.00 secs] 
1711.926: [GC (Allocation Failure) [PSYoungGen: 61344K->1408K(61440K)] 427621K->367685K(704000K), 0.0026042 secs] [Times: user=0.01 sys=0.00, real=0.00 secs] 
1712.175: [GC (Allocation Failure) [PSYoungGen: 61312K->1408K(61440K)] 427589K->367685K(704000K), 0.0019215 secs] [Times: user=0.00 sys=0.00, real=0.00 secs] 
1712.454: [GC (Allocation Failure) [PSYoungGen: 61312K->1344K(61440K)] 427589K->367621K(704000K), 0.0018032 secs] [Times: user=0.01 sys=0.00, real=0.01 secs] 
1713.097: [GC (Allocation Failure) [PSYoungGen: 61248K->1389K(61440K)] 427525K->367666K(704000K), 0.0015178 secs] [Times: user=0.00 sys=0.00, real=0.00 secs] 
1714.052: [GC (Allocation Failure) [PSYoungGen: 61293K->1376K(61440K)] 427570K->367653K(704000K), 0.0017790 secs] [Times: user=0.01 sys=0.00, real=0.00 secs] 
1714.470: [GC (Allocation Failure) [PSYoungGen: 61280K->1408K(61440K)] 427557K->367685K(704000K), 0.0020934 secs] [Times: user=0.01 sys=0.00, real=0.00 secs] 
1714.979: [GC (Allocation Failure) [PSYoungGen: 61312K->1344K(61440K)] 427589K->367621K(704000K), 0.0030797 secs] [Times: user=0.01 sys=0.00, real=0.00 secs] 
1715.444: [GC (Allocation Failure) [PSYoungGen: 61248K->1360K(61440K)] 427525K->367637K(704000K), 0.0026540 secs] [Times: user=0.01 sys=0.00, real=0.01 secs] 
1716.196: [GC (Allocation Failure) [PSYoungGen: 61264K->1357K(61440K)] 427541K->367650K(704000K), 0.0015355 secs] [Times: user=0.01 sys=0.00, real=0.00 secs] 
1717.089: [GC (Allocation Failure) [PSYoungGen: 61261K->1376K(61440K)] 427554K->367685K(704000K), 0.0020861 secs] [Times: user=0.00 sys=0.00, real=0.00 secs] 
1717.844: [GC (Allocation Failure) [PSYoungGen: 61280K->1376K(61440K)] 427589K->367685K(704000K), 0.0030666 secs] [Times: user=0.01 sys=0.00, real=0.01 secs] 
1718.415: [GC (Allocation Failure) [PSYoungGen: 61280K->1376K(61440K)] 427589K->367685K(704000K), 0.0021213 secs] [Times: user=0.00 sys=0.00, real=0.01 secs] 
1718.836: [GC (Allocation Failure) [PSYoungGen: 61280K->1376K(61440K)] 427589K->367685K(704000K), 0.0019816 secs] [Times: user=0.01 sys=0.00, real=0.00 secs] 
1719.583: [GC (Allocation Failure) [PSYoungGen: 61280K->1325K(61440K)] 427589K->367634K(704000K), 0.0015212 secs] [Times: user=0.00 sys=0.00, real=0.00 secs] 
1720.339: [GC (Allocation Failure) [PSYoungGen: 61229K->1392K(61440K)] 427538K->367701K(704000K), 0.0031800 secs] [Times: user=0.01 sys=0.00, real=0.00 secs] 
1720.858: [GC (Allocation Failure) [PSYoungGen: 61296K->1376K(61440K)] 427605K->367685K(704000K), 0.0022283 secs] [Times: user=0.01 sys=0.00, real=0.00 secs] 
1721.404: [GC (Allocation Failure) [PSYoungGen: 61280K->1376K(61440K)] 427589K->367685K(704000K), 0.0038635 secs] [Times: user=0.01 sys=0.00, real=0.01 secs] 
1722.078: [GC (Allocation Failure) [PSYoungGen: 61280K->1376K(61440K)] 427589K->367685K(704000K), 0.0030793 secs] [Times: user=0.01 sys=0.00, real=0.00 secs] 
1722.880: [GC (Allocation Failure) [PSYoungGen: 61280K->1357K(61440K)] 427589K->367666K(704000K), 0.0014900 secs] [Times: user=0.01 sys=0.00, real=0.00 secs] 
1724.152: [GC (Allocation Failure) [PSYoungGen: 61261K->1376K(61440K)] 427570K->367685K(704000K), 0.0046836 secs] [Times: user=0.02 sys=0.00, real=0.01 secs] 
1724.738: [GC (Allocation Failure) [PSYoungGen: 61280K->1344K(61440K)] 427589K->367653K(704000K), 0.0026741 secs] [Times: user=0.01 sys=0.00, real=0.00 secs] 
1725.214: [GC (Allocation Failure) [PSYoungGen: 61248K->1376K(61440K)] 427557K->367685K(704000K), 0.0027424 secs] [Times: user=0.01 sys=0.00, real=0.01 secs] 
1725.888: [GC (Allocation Failure) [PSYoungGen: 61280K->1344K(61440K)] 427589K->367653K(704000K), 0.0032211 secs] [Times: user=0.01 sys=0.00, real=0.00 secs] 
1726.961: [GC (Allocation Failure) [PSYoungGen: 61248K->1357K(61440K)] 427557K->367666K(704000K), 0.0015483 secs] [Times: user=0.00 sys=0.00, real=0.00 secs] 
1727.602: [GC (Allocation Failure) [PSYoungGen: 61261K->1376K(61440K)] 427570K->367685K(704000K), 0.0019138 secs] [Times: user=0.00 sys=0.00, real=0.00 secs] 
1727.852: [GC (Allocation Failure) [PSYoungGen: 61280K->1376K(61440K)] 427589K->367685K(704000K), 0.0017812 secs] [Times: user=0.01 sys=0.00, real=0.00 secs] 
1728.347: [GC (Allocation Failure) [PSYoungGen: 61280K->1376K(61440K)] 427589K->367693K(704000K), 0.0019341 secs] [Times: user=0.01 sys=0.00, real=0.00 secs] 
1729.101: [GC (Allocation Failure) [PSYoungGen: 61280K->1376K(61440K)] 427597K->367693K(704000K), 0.0026332 secs] [Times: user=0.01 sys=0.00, real=0.00 secs] 
1730.070: [GC (Allocation Failure) [PSYoungGen: 61280K->1325K(61440K)] 427597K->367642K(704000K), 0.0014427 secs] [Times: user=0.01 sys=0.00, real=0.00 secs] 
1730.788: [GC (Allocation Failure) [PSYoungGen: 61229K->1408K(61440K)] 427546K->367725K(704000K), 0.0020507 secs] [Times: user=0.01 sys=0.00, real=0.00 secs] 
1731.280: [GC (Allocation Failure) [PSYoungGen: 61312K->1376K(61440K)] 427629K->367693K(704000K), 0.0024713 secs] [Times: user=0.01 sys=0.00, real=0.00 secs] 
1731.807: [GC (Allocation Failure) [PSYoungGen: 61280K->1408K(61440K)] 427597K->367725K(704000K), 0.0023476 secs] [Times: user=0.01 sys=0.00, real=0.00 secs] 
1732.266: [GC (Allocation Failure) [PSYoungGen: 61312K->1376K(61440K)] 427629K->367693K(704000K), 0.0023062 secs] [Times: user=0.01 sys=0.00, real=0.00 secs] 
1732.900: [GC (Allocation Failure) [PSYoungGen: 61280K->1389K(61440K)] 427597K->367706K(704000K), 0.0014278 secs] [Times: user=0.00 sys=0.00, real=0.00 secs] 
1734.046: [GC (Allocation Failure) [PSYoungGen: 61293K->1376K(61440K)] 427610K->367693K(704000K), 0.0023433 secs] [Times: user=0.01 sys=0.00, real=0.00 secs] 
1734.330: [GC (Allocation Failure) [PSYoungGen: 61280K->1344K(61440K)] 427597K->367661K(704000K), 0.0019969 secs] [Times: user=0.01 sys=0.00, real=0.00 secs] 
1734.588: [GC (Allocation Failure) [PSYoungGen: 61248K->1344K(61440K)] 427565K->367661K(704000K), 0.0018731 secs] [Times: user=0.00 sys=0.00, real=0.00 secs] 
1735.087: [GC (Allocation Failure) [PSYoungGen: 61248K->1344K(61440K)] 427565K->367661K(704000K), 0.0019175 secs] [Times: user=0.01 sys=0.00, real=0.00 secs] 
1735.939: [GC (Allocation Failure) [PSYoungGen: 61248K->1357K(61440K)] 427565K->367674K(704000K), 0.0014269 secs] [Times: user=0.00 sys=0.00, real=0.00 secs] 
1736.530: [GC (Allocation Failure) [PSYoungGen: 61261K->1408K(61440K)] 427578K->367725K(704000K), 0.0019271 secs] [Times: user=0.01 sys=0.00, real=0.00 secs] 
1736.793: [GC (Allocation Failure) [PSYoungGen: 61312K->1344K(61440K)] 427629K->367661K(704000K), 0.0019645 secs] [Times: user=0.01 sys=0.00, real=0.01 secs] 
1737.090: [GC (Allocation Failure) [PSYoungGen: 61248K->1344K(61440K)] 427565K->367677K(704000K), 0.0020042 secs] [Times: user=0.01 sys=0.00, real=0.00 secs] 
1737.533: [GC (Allocation Failure) [PSYoungGen: 61248K->1376K(61440K)] 427581K->367709K(704000K), 0.0018092 secs] [Times: user=0.01 sys=0.00, real=0.00 secs] 
1738.627: [GC (Allocation Failure) [PSYoungGen: 61280K->128K(61440K)] 427613K->366461K(704000K), 0.0014435 secs] [Times: user=0.01 sys=0.00, real=0.00 secs] 
1738.905: [GC (Allocation Failure) [PSYoungGen: 60032K->1344K(61952K)] 426365K->367677K(704512K), 0.0017264 secs] [Times: user=0.01 sys=0.00, real=0.00 secs] 
1739.154: [GC (Allocation Failure) [PSYoungGen: 61248K->1344K(61952K)] 427581K->367677K(704512K), 0.0016869 secs] [Times: user=0.01 sys=0.01, real=0.01 secs] 
1739.403: [GC (Allocation Failure) [PSYoungGen: 61248K->1344K(61952K)] 427581K->367677K(704512K), 0.0015466 secs] [Times: user=0.01 sys=0.00, real=0.00 secs] 
1739.651: [GC (Allocation Failure) [PSYoungGen: 61248K->1376K(61952K)] 427581K->367709K(704512K), 0.0017119 secs] [Times: user=0.00 sys=0.00, real=0.00 secs] 
1740.328: [GC (Allocation Failure) [PSYoungGen: 61280K->1376K(61952K)] 427613K->367709K(704512K), 0.0015955 secs] [Times: user=0.01 sys=0.00, real=0.00 secs] 
1740.599: [GC (Allocation Failure) [PSYoungGen: 61280K->1344K(61952K)] 427613K->367685K(704512K), 0.0018454 secs] [Times: user=0.01 sys=0.00, real=0.00 secs] 
1740.883: [GC (Allocation Failure) [PSYoungGen: 61248K->1344K(61952K)] 427589K->367685K(704512K), 0.0017882 secs] [Times: user=0.01 sys=0.00, real=0.00 secs] 
1741.486: [GC (Allocation Failure) [PSYoungGen: 61248K->1344K(61952K)] 427589K->367685K(704512K), 0.0027965 secs] [Times: user=0.01 sys=0.00, real=0.00 secs] 
1742.095: [GC (Allocation Failure) [PSYoungGen: 61248K->1376K(61952K)] 427589K->367717K(704512K), 0.0026665 secs] [Times: user=0.02 sys=0.00, real=0.01 secs] 
1743.267: [GC (Allocation Failure) [PSYoungGen: 61280K->1536K(61952K)] 427621K->367877K(704512K), 0.0017241 secs] [Times: user=0.01 sys=0.00, real=0.00 secs] 
1743.559: [GC (Allocation Failure) [PSYoungGen: 61440K->1376K(61952K)] 427781K->367717K(704512K), 0.0022035 secs] [Times: user=0.01 sys=0.01, real=0.00 secs] 
1743.832: [GC (Allocation Failure) [PSYoungGen: 61280K->1376K(61952K)] 427621K->367717K(704512K), 0.0017922 secs] [Times: user=0.01 sys=0.00, real=0.00 secs] 
1744.114: [GC (Allocation Failure) [PSYoungGen: 61280K->1344K(61952K)] 427621K->367685K(704512K), 0.0017478 secs] [Times: user=0.01 sys=0.00, real=0.01 secs] 
1744.363: [GC (Allocation Failure) [PSYoungGen: 61248K->1344K(61952K)] 427589K->367685K(704512K), 0.0018034 secs] [Times: user=0.00 sys=0.00, real=0.00 secs] 
1745.101: [GC (Allocation Failure) [PSYoungGen: 61248K->1600K(61952K)] 427589K->367957K(704512K), 0.0018632 secs] [Times: user=0.01 sys=0.00, real=0.00 secs] 
1745.347: [GC (Allocation Failure) [PSYoungGen: 61504K->1360K(61952K)] 427861K->367717K(704512K), 0.0016090 secs] [Times: user=0.01 sys=0.00, real=0.00 secs] 
1745.636: [GC (Allocation Failure) [PSYoungGen: 61264K->1344K(61952K)] 427621K->367701K(704512K), 0.0017657 secs] [Times: user=0.01 sys=0.00, real=0.00 secs] 
1745.885: [GC (Allocation Failure) [PSYoungGen: 61248K->1360K(61952K)] 427605K->367717K(704512K), 0.0015835 secs] [Times: user=0.01 sys=0.00, real=0.01 secs] 
1746.133: [GC (Allocation Failure) [PSYoungGen: 61264K->1360K(61952K)] 427621K->367717K(704512K), 0.0015517 secs] [Times: user=0.00 sys=0.00, real=0.00 secs] 
1747.109: [GC (Allocation Failure) [PSYoungGen: 61264K->1888K(61952K)] 427621K->368245K(704512K), 0.0020594 secs] [Times: user=0.01 sys=0.00, real=0.00 secs] 
1747.623: [GC (Allocation Failure) [PSYoungGen: 61792K->1344K(61952K)] 428149K->367701K(704512K), 0.0018727 secs] [Times: user=0.01 sys=0.00, real=0.00 secs] 
1747.868: [GC (Allocation Failure) [PSYoungGen: 61248K->1360K(61952K)] 427605K->367717K(704512K), 0.0018860 secs] [Times: user=0.01 sys=0.00, real=0.00 secs] 
1748.117: [GC (Allocation Failure) [PSYoungGen: 61264K->1312K(61952K)] 427621K->367669K(704512K), 0.0019206 secs] [Times: user=0.01 sys=0.00, real=0.00 secs] 
1748.469: [GC (Allocation Failure) [PSYoungGen: 61216K->1360K(61952K)] 427573K->367717K(704512K), 0.0018916 secs] [Times: user=0.01 sys=0.00, real=0.00 secs] 
1749.297: [GC (Allocation Failure) [PSYoungGen: 61264K->1888K(61952K)] 427621K->368245K(704512K), 0.0018134 secs] [Times: user=0.00 sys=0.00, real=0.00 secs] 
1749.833: [GC (Allocation Failure) [PSYoungGen: 61792K->1376K(61952K)] 428149K->367733K(704512K), 0.0019815 secs] [Times: user=0.01 sys=0.00, real=0.01 secs] 
1750.246: [GC (Allocation Failure) [PSYoungGen: 61280K->1376K(61952K)] 427637K->367733K(704512K), 0.0019433 secs] [Times: user=0.01 sys=0.00, real=0.00 secs] 
1750.495: [GC (Allocation Failure) [PSYoungGen: 61280K->1312K(61952K)] 427637K->367669K(704512K), 0.0019281 secs] [Times: user=0.01 sys=0.00, real=0.01 secs] 
1750.789: [GC (Allocation Failure) [PSYoungGen: 61216K->1312K(61952K)] 427573K->367669K(704512K), 0.0018424 secs] [Times: user=0.01 sys=0.00, real=0.00 secs] 
1751.619: [GC (Allocation Failure) [PSYoungGen: 61216K->1440K(61952K)] 427573K->367797K(704512K), 0.0016880 secs] [Times: user=0.01 sys=0.00, real=0.00 secs] 
1752.202: [GC (Allocation Failure) [PSYoungGen: 61344K->1376K(61952K)] 427701K->367733K(704512K), 0.0016952 secs] [Times: user=0.01 sys=0.00, real=0.00 secs] 
1752.640: [GC (Allocation Failure) [PSYoungGen: 61280K->1376K(61952K)] 427637K->367733K(704512K), 0.0021999 secs] [Times: user=0.01 sys=0.00, real=0.00 secs] 
1753.025: [GC (Allocation Failure) [PSYoungGen: 61280K->1376K(61952K)] 427637K->367733K(704512K), 0.0021233 secs] [Times: user=0.01 sys=0.00, real=0.00 secs] 
1753.672: [GC (Allocation Failure) [PSYoungGen: 61280K->1408K(61952K)] 427637K->367765K(704512K), 0.0030863 secs] [Times: user=0.02 sys=0.00, real=0.01 secs] 
1754.823: [GC (Allocation Failure) [PSYoungGen: 61312K->1408K(61952K)] 427669K->367765K(704512K), 0.0017010 secs] [Times: user=0.00 sys=0.00, real=0.00 secs] 
1755.118: [GC (Allocation Failure) [PSYoungGen: 61312K->1360K(61952K)] 427669K->367717K(704512K), 0.0019069 secs] [Times: user=0.00 sys=0.00, real=0.00 secs] 
1755.390: [GC (Allocation Failure) [PSYoungGen: 61264K->1344K(61952K)] 427621K->367709K(704512K), 0.0018778 secs] [Times: user=0.01 sys=0.00, real=0.00 secs] 
1755.639: [GC (Allocation Failure) [PSYoungGen: 61248K->1344K(61952K)] 427613K->367725K(704512K), 0.0025762 secs] [Times: user=0.01 sys=0.00, real=0.00 secs] 
1755.959: [GC (Allocation Failure) [PSYoungGen: 61248K->1376K(61952K)] 427629K->367757K(704512K), 0.0022936 secs] [Times: user=0.01 sys=0.00, real=0.00 secs] 
1756.695: [GC (Allocation Failure) [PSYoungGen: 61280K->1376K(61952K)] 427661K->367757K(704512K), 0.0018217 secs] [Times: user=0.00 sys=0.00, real=0.00 secs] 
1756.976: [GC (Allocation Failure) [PSYoungGen: 61280K->1312K(61440K)] 427661K->367693K(704000K), 0.0017812 secs] [Times: user=0.01 sys=0.00, real=0.00 secs] 
1757.245: [GC (Allocation Failure) [PSYoungGen: 61216K->1344K(61440K)] 427597K->367725K(704000K), 0.0017673 secs] [Times: user=0.00 sys=0.00, real=0.01 secs] 
1757.494: [GC (Allocation Failure) [PSYoungGen: 61248K->320K(60928K)] 427629K->367725K(703488K), 0.0016764 secs] [Times: user=0.01 sys=0.00, real=0.01 secs] 
1757.743: [GC (Allocation Failure) [PSYoungGen: 60224K->288K(61952K)] 427629K->367693K(704512K), 0.0017118 secs] [Times: user=0.00 sys=0.00, real=0.00 secs] 
1758.460: [GC (Allocation Failure) [PSYoungGen: 60192K->1408K(61952K)] 427597K->368813K(704512K), 0.0017654 secs] [Times: user=0.01 sys=0.00, real=0.00 secs] 
1758.709: [GC (Allocation Failure) [PSYoungGen: 61312K->1328K(61952K)] 428717K->368733K(704512K), 0.0018182 secs] [Times: user=0.01 sys=0.00, real=0.00 secs] 
1759.011: [GC (Allocation Failure) [PSYoungGen: 61232K->1344K(61952K)] 428637K->368749K(704512K), 0.0017155 secs] [Times: user=0.01 sys=0.00, real=0.00 secs] 
1759.260: [GC (Allocation Failure) [PSYoungGen: 61248K->1344K(61952K)] 428653K->368749K(704512K), 0.0017480 secs] [Times: user=0.01 sys=0.00, real=0.00 secs] 
1759.609: [GC (Allocation Failure) [PSYoungGen: 61248K->1376K(61952K)] 428653K->368781K(704512K), 0.0027371 secs] [Times: user=0.02 sys=0.00, real=0.00 secs] 
1760.520: [GC (Allocation Failure) [PSYoungGen: 61280K->1408K(61952K)] 428685K->368813K(704512K), 0.0017597 secs] [Times: user=0.00 sys=0.00, real=0.00 secs] 
1761.037: [GC (Allocation Failure) [PSYoungGen: 61312K->1376K(61952K)] 428717K->368781K(704512K), 0.0020762 secs] [Times: user=0.01 sys=0.00, real=0.00 secs] 
1761.531: [GC (Allocation Failure) [PSYoungGen: 61280K->1376K(61952K)] 428685K->368781K(704512K), 0.0026451 secs] [Times: user=0.01 sys=0.00, real=0.00 secs] 
1761.821: [GC (Allocation Failure) [PSYoungGen: 61280K->1376K(61952K)] 428685K->368781K(704512K), 0.0023174 secs] [Times: user=0.01 sys=0.00, real=0.00 secs] 
1762.070: [GC (Allocation Failure) [PSYoungGen: 61280K->1376K(61952K)] 428685K->368781K(704512K), 0.0019471 secs] [Times: user=0.01 sys=0.00, real=0.00 secs] 
1762.972: [GC (Allocation Failure) [PSYoungGen: 61280K->1376K(61952K)] 428685K->368781K(704512K), 0.0015331 secs] [Times: user=0.00 sys=0.00, real=0.00 secs] 
1763.221: [GC (Allocation Failure) [PSYoungGen: 61280K->1376K(61952K)] 428685K->368781K(704512K), 0.0016808 secs] [Times: user=0.01 sys=0.00, real=0.00 secs] 
1763.470: [GC (Allocation Failure) [PSYoungGen: 61280K->1376K(61952K)] 428685K->368781K(704512K), 0.0017501 secs] [Times: user=0.00 sys=0.00, real=0.00 secs] 
1763.721: [GC (Allocation Failure) [PSYoungGen: 61280K->1344K(61952K)] 428685K->368749K(704512K), 0.0029939 secs] [Times: user=0.02 sys=0.00, real=0.00 secs] 
1763.970: [GC (Allocation Failure) [PSYoungGen: 61248K->1344K(61952K)] 428653K->368749K(704512K), 0.0019558 secs] [Times: user=0.00 sys=0.00, real=0.00 secs] 
1766.266: [GC (Allocation Failure) [PSYoungGen: 61248K->1344K(61952K)] 428653K->368765K(704512K), 0.0046148 secs] [Times: user=0.02 sys=0.00, real=0.00 secs] 
1767.321: [GC (Allocation Failure) [PSYoungGen: 61248K->1376K(61952K)] 428669K->368797K(704512K), 0.0033291 secs] [Times: user=0.01 sys=0.00, real=0.00 secs] 
1768.007: [GC (Allocation Failure) [PSYoungGen: 61280K->1344K(61952K)] 428701K->368773K(704512K), 0.0031281 secs] [Times: user=0.01 sys=0.00, real=0.00 secs] 
1768.667: [GC (Allocation Failure) [PSYoungGen: 61248K->1408K(61952K)] 428677K->368837K(704512K), 0.0027567 secs] [Times: user=0.01 sys=0.00, real=0.00 secs] 
1769.536: [GC (Allocation Failure) [PSYoungGen: 61312K->1408K(61952K)] 428741K->368837K(704512K), 0.0027670 secs] [Times: user=0.01 sys=0.00, real=0.00 secs] 
1770.578: [GC (Allocation Failure) [PSYoungGen: 61312K->1440K(61952K)] 428741K->368869K(704512K), 0.0019301 secs] [Times: user=0.01 sys=0.00, real=0.00 secs] 
1770.840: [GC (Allocation Failure) [PSYoungGen: 61344K->1376K(61952K)] 428773K->368805K(704512K), 0.0017448 secs] [Times: user=0.00 sys=0.00, real=0.00 secs] 
1771.114: [GC (Allocation Failure) [PSYoungGen: 61280K->1392K(61952K)] 428709K->368821K(704512K), 0.0020589 secs] [Times: user=0.01 sys=0.00, real=0.01 secs] 
1771.446: [GC (Allocation Failure) [PSYoungGen: 61296K->1408K(61952K)] 428725K->368837K(704512K), 0.0019265 secs] [Times: user=0.01 sys=0.00, real=0.00 secs] 
1771.894: [GC (Allocation Failure) [PSYoungGen: 61312K->1408K(61952K)] 428741K->368837K(704512K), 0.0019278 secs] [Times: user=0.01 sys=0.00, real=0.01 secs] 
1773.339: [GC (Allocation Failure) [PSYoungGen: 61312K->1392K(61952K)] 428741K->368821K(704512K), 0.0018582 secs] [Times: user=0.01 sys=0.00, real=0.00 secs] 
1773.923: [GC (Allocation Failure) [PSYoungGen: 61296K->1408K(61952K)] 428725K->368837K(704512K), 0.0021726 secs] [Times: user=0.01 sys=0.00, real=0.01 secs] 
1774.725: [GC (Allocation Failure) [PSYoungGen: 61312K->1408K(61952K)] 428741K->368837K(704512K), 0.0027789 secs] [Times: user=0.01 sys=0.00, real=0.00 secs] 
1775.497: [GC (Allocation Failure) [PSYoungGen: 61312K->1408K(61440K)] 428741K->368837K(704000K), 0.0033274 secs] [Times: user=0.02 sys=0.00, real=0.00 secs] 
1776.244: [GC (Allocation Failure) [PSYoungGen: 61312K->1408K(61440K)] 428741K->368837K(704000K), 0.0034551 secs] [Times: user=0.01 sys=0.00, real=0.01 secs] 
1777.253: [GC (Allocation Failure) [PSYoungGen: 61312K->384K(60928K)] 428741K->368837K(703488K), 0.0017891 secs] [Times: user=0.01 sys=0.01, real=0.01 secs] 
1777.763: [GC (Allocation Failure) [PSYoungGen: 60288K->352K(61952K)] 428741K->368805K(704512K), 0.0018958 secs] [Times: user=0.00 sys=0.00, real=0.00 secs] 
1778.243: [GC (Allocation Failure) [PSYoungGen: 60256K->288K(61952K)] 428709K->368757K(704512K), 0.0017424 secs] [Times: user=0.00 sys=0.00, real=0.01 secs] 
1778.741: [GC (Allocation Failure) [PSYoungGen: 60192K->320K(61952K)] 428661K->368789K(704512K), 0.0018113 secs] [Times: user=0.01 sys=0.00, real=0.00 secs] 
1779.236: [GC (Allocation Failure) [PSYoungGen: 60224K->320K(61952K)] 428693K->368789K(704512K), 0.0017965 secs] [Times: user=0.01 sys=0.00, real=0.00 secs] 
1779.997: [GC (Allocation Failure) [PSYoungGen: 60224K->1376K(61952K)] 428693K->369845K(704512K), 0.0017590 secs] [Times: user=0.00 sys=0.00, real=0.00 secs] 
1780.534: [GC (Allocation Failure) [PSYoungGen: 61280K->1344K(61440K)] 429749K->369813K(704000K), 0.0016210 secs] [Times: user=0.01 sys=0.00, real=0.01 secs] 
1781.200: [GC (Allocation Failure) [PSYoungGen: 60736K->1376K(61952K)] 429205K->369845K(704512K), 0.0033642 secs] [Times: user=0.01 sys=0.00, real=0.00 secs] 
1781.814: [GC (Allocation Failure) [PSYoungGen: 60768K->1344K(61952K)] 429237K->369813K(704512K), 0.0031273 secs] [Times: user=0.02 sys=0.00, real=0.01 secs] 
1782.518: [GC (Allocation Failure) [PSYoungGen: 60736K->1344K(61952K)] 429205K->369813K(704512K), 0.0039918 secs] [Times: user=0.01 sys=0.00, real=0.00 secs] 
1784.423: [GC (Allocation Failure) [PSYoungGen: 60736K->1408K(61952K)] 429205K->369885K(704512K), 0.0047359 secs] [Times: user=0.02 sys=0.00, real=0.01 secs] 
1785.025: [GC (Allocation Failure) [PSYoungGen: 60800K->1376K(61952K)] 429277K->369853K(704512K), 0.0031354 secs] [Times: user=0.01 sys=0.00, real=0.00 secs] 
1785.260: [GC (Allocation Failure) [PSYoungGen: 60768K->1344K(61952K)] 429245K->369821K(704512K), 0.0018185 secs] [Times: user=0.01 sys=0.00, real=0.00 secs] 
1785.507: [GC (Allocation Failure) [PSYoungGen: 60736K->1312K(60928K)] 429213K->369789K(703488K), 0.0019569 secs] [Times: user=0.00 sys=0.00, real=0.00 secs] 
1785.964: [GC (Allocation Failure) [PSYoungGen: 60704K->1344K(61440K)] 429181K->369821K(704000K), 0.0017033 secs] [Times: user=0.01 sys=0.00, real=0.01 secs] 
1786.864: [GC (Allocation Failure) [PSYoungGen: 60736K->1344K(61440K)] 429213K->369829K(704000K), 0.0017608 secs] [Times: user=0.01 sys=0.00, real=0.01 secs] 
1787.445: [GC (Allocation Failure) [PSYoungGen: 60736K->1344K(61440K)] 429221K->369829K(704000K), 0.0017244 secs] [Times: user=0.00 sys=0.00, real=0.01 secs] 
1787.698: [GC (Allocation Failure) [PSYoungGen: 60736K->1344K(61440K)] 429221K->369845K(704000K), 0.0018274 secs] [Times: user=0.01 sys=0.00, real=0.00 secs] 
1787.950: [GC (Allocation Failure) [PSYoungGen: 60736K->1360K(61440K)] 429237K->369861K(704000K), 0.0018407 secs] [Times: user=0.00 sys=0.00, real=0.00 secs] 
1788.526: [GC (Allocation Failure) [PSYoungGen: 60752K->1344K(61440K)] 429253K->369845K(704000K), 0.0019812 secs] [Times: user=0.01 sys=0.00, real=0.00 secs] 
1789.492: [GC (Allocation Failure) [PSYoungGen: 60736K->1392K(61440K)] 429237K->369893K(704000K), 0.0016542 secs] [Times: user=0.01 sys=0.00, real=0.00 secs] 
1789.756: [GC (Allocation Failure) [PSYoungGen: 60784K->1344K(61440K)] 429285K->369845K(704000K), 0.0018280 secs] [Times: user=0.00 sys=0.00, real=0.00 secs] 
1790.003: [GC (Allocation Failure) [PSYoungGen: 60736K->1344K(61440K)] 429237K->369845K(704000K), 0.0017373 secs] [Times: user=0.00 sys=0.01, real=0.00 secs] 
1790.584: [GC (Allocation Failure) [PSYoungGen: 60736K->1376K(61440K)] 429237K->369877K(704000K), 0.0022105 secs] [Times: user=0.01 sys=0.00, real=0.01 secs] 
1791.205: [GC (Allocation Failure) [PSYoungGen: 60768K->1328K(61440K)] 429269K->369829K(704000K), 0.0033260 secs] [Times: user=0.01 sys=0.00, real=0.00 secs] 
1792.199: [GC (Allocation Failure) [PSYoungGen: 60720K->1408K(61440K)] 429221K->369909K(704000K), 0.0017241 secs] [Times: user=0.00 sys=0.00, real=0.00 secs] 
1792.728: [GC (Allocation Failure) [PSYoungGen: 60800K->1344K(61440K)] 429301K->369845K(704000K), 0.0019190 secs] [Times: user=0.01 sys=0.01, real=0.00 secs] 
1793.250: [GC (Allocation Failure) [PSYoungGen: 60736K->1376K(61440K)] 429237K->369877K(704000K), 0.0027543 secs] [Times: user=0.01 sys=0.00, real=0.00 secs] 
1793.664: [GC (Allocation Failure) [PSYoungGen: 60768K->1344K(61440K)] 429269K->369845K(704000K), 0.0019248 secs] [Times: user=0.01 sys=0.00, real=0.01 secs] 
1793.910: [GC (Allocation Failure) [PSYoungGen: 60736K->1312K(61440K)] 429237K->369813K(704000K), 0.0031176 secs] [Times: user=0.01 sys=0.00, real=0.00 secs] 
1794.679: [GC (Allocation Failure) [PSYoungGen: 60704K->1344K(61440K)] 429205K->369845K(704000K), 0.0016212 secs] [Times: user=0.01 sys=0.00, real=0.00 secs] 
1794.925: [GC (Allocation Failure) [PSYoungGen: 60736K->1344K(61440K)] 429237K->369845K(704000K), 0.0017546 secs] [Times: user=0.01 sys=0.00, real=0.00 secs] 
1795.172: [GC (Allocation Failure) [PSYoungGen: 60736K->1312K(61440K)] 429237K->369813K(704000K), 0.0016972 secs] [Times: user=0.01 sys=0.00, real=0.00 secs] 
1795.493: [GC (Allocation Failure) [PSYoungGen: 60704K->1344K(60928K)] 429205K->369869K(703488K), 0.0020536 secs] [Times: user=0.01 sys=0.00, real=0.01 secs] 
1795.740: [GC (Allocation Failure) [PSYoungGen: 60736K->1376K(60928K)] 429261K->369901K(703488K), 0.0018664 secs] [Times: user=0.01 sys=0.00, real=0.00 secs] 
1797.248: [GC (Allocation Failure) [PSYoungGen: 60768K->1376K(60928K)] 429293K->369901K(703488K), 0.0023032 secs] [Times: user=0.01 sys=0.00, real=0.00 secs] 
1797.761: [GC (Allocation Failure) [PSYoungGen: 60768K->1376K(60928K)] 429293K->369901K(703488K), 0.0018838 secs] [Times: user=0.00 sys=0.00, real=0.00 secs] 
1798.261: [GC (Allocation Failure) [PSYoungGen: 60768K->1360K(60928K)] 429293K->369885K(703488K), 0.0018686 secs] [Times: user=0.01 sys=0.00, real=0.00 secs] 
1798.515: [GC (Allocation Failure) [PSYoungGen: 60752K->1312K(60928K)] 429277K->369837K(703488K), 0.0020922 secs] [Times: user=0.01 sys=0.01, real=0.01 secs] 
1798.762: [GC (Allocation Failure) [PSYoungGen: 60704K->1376K(60928K)] 429229K->369901K(703488K), 0.0018854 secs] [Times: user=0.01 sys=0.00, real=0.00 secs] 
1799.657: [GC (Allocation Failure) [PSYoungGen: 60768K->1376K(60928K)] 429293K->369901K(703488K), 0.0015905 secs] [Times: user=0.01 sys=0.00, real=0.00 secs] 
1800.228: [GC (Allocation Failure) [PSYoungGen: 60768K->1376K(60928K)] 429293K->369901K(703488K), 0.0022199 secs] [Times: user=0.01 sys=0.00, real=0.00 secs] 
1800.728: [GC (Allocation Failure) [PSYoungGen: 60768K->1344K(60928K)] 429293K->369869K(703488K), 0.0026356 secs] [Times: user=0.01 sys=0.00, real=0.00 secs] 
1801.225: [GC (Allocation Failure) [PSYoungGen: 60736K->1376K(60928K)] 429261K->369901K(703488K), 0.0020603 secs] [Times: user=0.00 sys=0.00, real=0.00 secs] 
1801.492: [GC (Allocation Failure) [PSYoungGen: 60768K->1344K(60928K)] 429293K->369869K(703488K), 0.0019624 secs] [Times: user=0.01 sys=0.00, real=0.00 secs] 
1802.301: [GC (Allocation Failure) [PSYoungGen: 60736K->1392K(60928K)] 429261K->369917K(703488K), 0.0017851 secs] [Times: user=0.01 sys=0.01, real=0.00 secs] 
1802.872: [GC (Allocation Failure) [PSYoungGen: 60784K->1312K(60928K)] 429309K->369837K(703488K), 0.0017693 secs] [Times: user=0.01 sys=0.00, real=0.00 secs] 
1803.376: [GC (Allocation Failure) [PSYoungGen: 60704K->1344K(60928K)] 429229K->369869K(703488K), 0.0018853 secs] [Times: user=0.01 sys=0.00, real=0.00 secs] 
1803.802: [GC (Allocation Failure) [PSYoungGen: 60736K->1376K(60928K)] 429261K->369901K(703488K), 0.0020197 secs] [Times: user=0.01 sys=0.00, real=0.00 secs] 
1804.049: [GC (Allocation Failure) [PSYoungGen: 60768K->1376K(60928K)] 429293K->369901K(703488K), 0.0019763 secs] [Times: user=0.00 sys=0.00, real=0.00 secs] 
1804.932: [GC (Allocation Failure) [PSYoungGen: 60768K->1376K(60928K)] 429293K->369901K(703488K), 0.0019357 secs] [Times: user=0.00 sys=0.00, real=0.00 secs] 
1805.537: [GC (Allocation Failure) [PSYoungGen: 60768K->1344K(60928K)] 429293K->369869K(703488K), 0.0039212 secs] [Times: user=0.02 sys=0.00, real=0.00 secs] 
1806.236: [GC (Allocation Failure) [PSYoungGen: 60736K->1344K(60928K)] 429261K->369885K(703488K), 0.0030904 secs] [Times: user=0.01 sys=0.00, real=0.00 secs] 
1806.921: [GC (Allocation Failure) [PSYoungGen: 60736K->1312K(60928K)] 429277K->369853K(703488K), 0.0046433 secs] [Times: user=0.02 sys=0.00, real=0.01 secs] 
1807.408: [GC (Allocation Failure) [PSYoungGen: 60704K->1376K(60928K)] 429245K->369917K(703488K), 0.0025921 secs] [Times: user=0.01 sys=0.00, real=0.00 secs] 
1808.237: [GC (Allocation Failure) [PSYoungGen: 60768K->1376K(60928K)] 429309K->369917K(703488K), 0.0016304 secs] [Times: user=0.01 sys=0.00, real=0.00 secs] 
1808.638: [GC (Allocation Failure) [PSYoungGen: 60768K->1344K(60928K)] 429309K->369885K(703488K), 0.0024681 secs] [Times: user=0.01 sys=0.00, real=0.00 secs] 
1809.140: [GC (Allocation Failure) [PSYoungGen: 60736K->1344K(60928K)] 429277K->369885K(703488K), 0.0019284 secs] [Times: user=0.01 sys=0.00, real=0.00 secs] 
1809.640: [GC (Allocation Failure) [PSYoungGen: 60736K->1344K(60928K)] 429277K->369885K(703488K), 0.0021367 secs] [Times: user=0.01 sys=0.00, real=0.00 secs] 
1810.167: [GC (Allocation Failure) [PSYoungGen: 60736K->1344K(60928K)] 429277K->369885K(703488K), 0.0021554 secs] [Times: user=0.01 sys=0.00, real=0.00 secs] 
1811.103: [GC (Allocation Failure) [PSYoungGen: 60736K->1376K(60928K)] 429277K->369917K(703488K), 0.0017746 secs] [Times: user=0.00 sys=0.00, real=0.01 secs] 
1811.446: [GC (Allocation Failure) [PSYoungGen: 60768K->1344K(60928K)] 429309K->369885K(703488K), 0.0018493 secs] [Times: user=0.01 sys=0.00, real=0.00 secs] 
1811.699: [GC (Allocation Failure) [PSYoungGen: 60736K->1360K(60928K)] 429277K->369901K(703488K), 0.0017815 secs] [Times: user=0.00 sys=0.00, real=0.00 secs] 
1811.958: [GC (Allocation Failure) [PSYoungGen: 60752K->1376K(60928K)] 429293K->369917K(703488K), 0.0017438 secs] [Times: user=0.01 sys=0.00, real=0.00 secs] 
1812.215: [GC (Allocation Failure) [PSYoungGen: 60768K->1344K(60928K)] 429309K->369885K(703488K), 0.0017246 secs] [Times: user=0.01 sys=0.00, real=0.00 secs] 
1812.967: [GC (Allocation Failure) [PSYoungGen: 60736K->1376K(60928K)] 429277K->369925K(703488K), 0.0017362 secs] [Times: user=0.01 sys=0.00, real=0.00 secs] 
1813.257: [GC (Allocation Failure) [PSYoungGen: 60768K->1344K(60928K)] 429317K->369893K(703488K), 0.0018583 secs] [Times: user=0.01 sys=0.00, real=0.00 secs] 
1813.570: [GC (Allocation Failure) [PSYoungGen: 60736K->1360K(60928K)] 429285K->369909K(703488K), 0.0017598 secs] [Times: user=0.01 sys=0.00, real=0.00 secs] 
1813.845: [GC (Allocation Failure) [PSYoungGen: 60752K->1344K(60928K)] 429301K->369893K(703488K), 0.0017789 secs] [Times: user=0.01 sys=0.00, real=0.00 secs] 
1814.302: [GC (Allocation Failure) [PSYoungGen: 60736K->1344K(60928K)] 429285K->369901K(703488K), 0.0027938 secs] [Times: user=0.01 sys=0.00, real=0.00 secs] 
1815.322: [GC (Allocation Failure) [PSYoungGen: 60736K->1376K(60928K)] 429293K->369949K(703488K), 0.0019358 secs] [Times: user=0.01 sys=0.00, real=0.00 secs] 
1815.877: [GC (Allocation Failure) [PSYoungGen: 60768K->1344K(60928K)] 429341K->369917K(703488K), 0.0022032 secs] [Times: user=0.01 sys=0.00, real=0.00 secs] 
1816.375: [GC (Allocation Failure) [PSYoungGen: 60736K->1344K(60928K)] 429309K->369925K(703488K), 0.0019715 secs] [Times: user=0.00 sys=0.00, real=0.00 secs] 
1816.622: [GC (Allocation Failure) [PSYoungGen: 60736K->1344K(60928K)] 429317K->369925K(703488K), 0.0018545 secs] [Times: user=0.01 sys=0.00, real=0.00 secs] 
1816.869: [GC (Allocation Failure) [PSYoungGen: 60736K->1344K(60928K)] 429317K->369933K(703488K), 0.0018063 secs] [Times: user=0.00 sys=0.00, real=0.00 secs] 
1817.672: [GC (Allocation Failure) [PSYoungGen: 60736K->1376K(60928K)] 429325K->369965K(703488K), 0.0016735 secs] [Times: user=0.01 sys=0.00, real=0.00 secs] 
1818.198: [GC (Allocation Failure) [PSYoungGen: 60768K->1360K(60928K)] 429357K->369949K(703488K), 0.0017772 secs] [Times: user=0.01 sys=0.00, real=0.00 secs] 
1818.731: [GC (Allocation Failure) [PSYoungGen: 60752K->1376K(60928K)] 429341K->369965K(703488K), 0.0017311 secs] [Times: user=0.01 sys=0.00, real=0.00 secs] 
1819.073: [GC (Allocation Failure) [PSYoungGen: 60768K->1376K(60928K)] 429357K->369965K(703488K), 0.0019816 secs] [Times: user=0.01 sys=0.00, real=0.01 secs] 
1819.371: [GC (Allocation Failure) [PSYoungGen: 60768K->1344K(60928K)] 429357K->369933K(703488K), 0.0017027 secs] [Times: user=0.01 sys=0.00, real=0.00 secs] 
1820.342: [GC (Allocation Failure) [PSYoungGen: 60736K->1376K(60928K)] 429325K->369965K(703488K), 0.0018580 secs] [Times: user=0.01 sys=0.00, real=0.00 secs] 
1821.220: [GC (Allocation Failure) [PSYoungGen: 60768K->1312K(60928K)] 429357K->369901K(703488K), 0.0020964 secs] [Times: user=0.01 sys=0.00, real=0.00 secs] 
1822.025: [GC (Allocation Failure) [PSYoungGen: 60704K->1344K(60928K)] 429293K->369933K(703488K), 0.0021653 secs] [Times: user=0.01 sys=0.01, real=0.01 secs] 
1822.880: [GC (Allocation Failure) [PSYoungGen: 60736K->1344K(60928K)] 429325K->369933K(703488K), 0.0023643 secs] [Times: user=0.01 sys=0.00, real=0.00 secs] 
1823.821: [GC (Allocation Failure) [PSYoungGen: 60736K->1344K(60928K)] 429325K->369933K(703488K), 0.0030674 secs] [Times: user=0.01 sys=0.00, real=0.00 secs] 
1824.779: [GC (Allocation Failure) [PSYoungGen: 60736K->1344K(60928K)] 429325K->369933K(703488K), 0.0017824 secs] [Times: user=0.01 sys=0.00, real=0.00 secs] 
1825.536: [GC (Allocation Failure) [PSYoungGen: 60736K->1344K(60928K)] 429325K->369933K(703488K), 0.0020014 secs] [Times: user=0.01 sys=0.00, real=0.00 secs] 
1825.783: [GC (Allocation Failure) [PSYoungGen: 60736K->1328K(60928K)] 429325K->369917K(703488K), 0.0018894 secs] [Times: user=0.01 sys=0.00, real=0.01 secs] 
1826.126: [GC (Allocation Failure) [PSYoungGen: 60720K->1357K(60928K)] 429309K->369946K(703488K), 0.0014409 secs] [Times: user=0.00 sys=0.00, real=0.00 secs] 
1826.576: [GC (Allocation Failure) [PSYoungGen: 60749K->1376K(60928K)] 429338K->369965K(703488K), 0.0016682 secs] [Times: user=0.01 sys=0.00, real=0.00 secs] 
1826.872: [GC (Allocation Failure) [PSYoungGen: 60768K->1296K(60928K)] 429357K->369885K(703488K), 0.0017774 secs] [Times: user=0.01 sys=0.00, real=0.00 secs] 
1827.121: [GC (Allocation Failure) [PSYoungGen: 60688K->1312K(60928K)] 429277K->369917K(703488K), 0.0017778 secs] [Times: user=0.01 sys=0.00, real=0.00 secs] 
1827.390: [GC (Allocation Failure) [PSYoungGen: 60704K->1312K(60928K)] 429309K->369917K(703488K), 0.0017736 secs] [Times: user=0.00 sys=0.00, real=0.00 secs] 
1827.852: [GC (Allocation Failure) [PSYoungGen: 60704K->1325K(60928K)] 429309K->369930K(703488K), 0.0014963 secs] [Times: user=0.00 sys=0.00, real=0.00 secs] 
1828.746: [GC (Allocation Failure) [PSYoungGen: 60717K->1392K(60928K)] 429322K->369997K(703488K), 0.0020934 secs] [Times: user=0.01 sys=0.00, real=0.00 secs] 
1829.596: [GC (Allocation Failure) [PSYoungGen: 60784K->1280K(60928K)] 429389K->369885K(703488K), 0.0026091 secs] [Times: user=0.01 sys=0.00, real=0.00 secs] 
1830.478: [GC (Allocation Failure) [PSYoungGen: 60672K->1312K(60928K)] 429277K->369917K(703488K), 0.0031155 secs] [Times: user=0.01 sys=0.00, real=0.00 secs] 
1831.203: [GC (Allocation Failure) [PSYoungGen: 60704K->1344K(60928K)] 429309K->369949K(703488K), 0.0031230 secs] [Times: user=0.01 sys=0.00, real=0.01 secs] 
1831.884: [GC (Allocation Failure) [PSYoungGen: 60736K->1357K(60928K)] 429341K->369962K(703488K), 0.0018605 secs] [Times: user=0.00 sys=0.00, real=0.01 secs] 
1833.819: [GC (Allocation Failure) [PSYoungGen: 60749K->1376K(60928K)] 429354K->369981K(703488K), 0.0047341 secs] [Times: user=0.02 sys=0.00, real=0.00 secs] 
1834.857: [GC (Allocation Failure) [PSYoungGen: 60768K->1344K(60928K)] 429373K->369949K(703488K), 0.0032213 secs] [Times: user=0.01 sys=0.00, real=0.00 secs] 
1835.360: [GC (Allocation Failure) [PSYoungGen: 60736K->1344K(60928K)] 429341K->369949K(703488K), 0.0025988 secs] [Times: user=0.01 sys=0.00, real=0.00 secs] 
1835.952: [GC (Allocation Failure) [PSYoungGen: 60736K->1280K(60928K)] 429341K->369885K(703488K), 0.0030809 secs] [Times: user=0.02 sys=0.00, real=0.00 secs] 
1836.436: [GC (Allocation Failure) [PSYoungGen: 60672K->1296K(60928K)] 429277K->369901K(703488K), 0.0018557 secs] [Times: user=0.01 sys=0.00, real=0.00 secs] 
1837.098: [GC (Allocation Failure) [PSYoungGen: 60688K->1376K(60928K)] 429293K->369981K(703488K), 0.0017722 secs] [Times: user=0.01 sys=0.00, real=0.00 secs] 
1837.365: [GC (Allocation Failure) [PSYoungGen: 60768K->1376K(60928K)] 429373K->369981K(703488K), 0.0017993 secs] [Times: user=0.00 sys=0.00, real=0.01 secs] 
1837.612: [GC (Allocation Failure) [PSYoungGen: 60768K->1344K(60928K)] 429373K->369949K(703488K), 0.0017451 secs] [Times: user=0.01 sys=0.00, real=0.00 secs] 
1837.864: [GC (Allocation Failure) [PSYoungGen: 60736K->1344K(60928K)] 429341K->369949K(703488K), 0.0022490 secs] [Times: user=0.01 sys=0.00, real=0.01 secs] 
1838.183: [GC (Allocation Failure) [PSYoungGen: 60736K->1328K(60928K)] 429341K->369933K(703488K), 0.0017551 secs] [Times: user=0.00 sys=0.00, real=0.00 secs] 
1839.104: [GC (Allocation Failure) [PSYoungGen: 60720K->1408K(60928K)] 429325K->370021K(703488K), 0.0020185 secs] [Times: user=0.01 sys=0.00, real=0.01 secs] 
1839.628: [GC (Allocation Failure) [PSYoungGen: 60800K->1344K(60928K)] 429413K->369957K(703488K), 0.0022059 secs] [Times: user=0.01 sys=0.00, real=0.00 secs] 
1840.122: [GC (Allocation Failure) [PSYoungGen: 60736K->1376K(60928K)] 429349K->369989K(703488K), 0.0030389 secs] [Times: user=0.01 sys=0.01, real=0.01 secs] 
1840.548: [GC (Allocation Failure) [PSYoungGen: 60768K->1376K(60928K)] 429381K->369989K(703488K), 0.0022371 secs] [Times: user=0.01 sys=0.00, real=0.00 secs] 
1840.937: [GC (Allocation Failure) [PSYoungGen: 60768K->1328K(60928K)] 429381K->369941K(703488K), 0.0020191 secs] [Times: user=0.01 sys=0.00, real=0.00 secs] 
1842.008: [GC (Allocation Failure) [PSYoungGen: 60720K->1344K(60928K)] 429333K->369957K(703488K), 0.0022897 secs] [Times: user=0.01 sys=0.00, real=0.00 secs] 
1842.633: [GC (Allocation Failure) [PSYoungGen: 60736K->1344K(60928K)] 429349K->369957K(703488K), 0.0019187 secs] [Times: user=0.01 sys=0.00, real=0.00 secs] 
1842.894: [GC (Allocation Failure) [PSYoungGen: 60736K->1344K(60928K)] 429349K->369957K(703488K), 0.0018250 secs] [Times: user=0.01 sys=0.00, real=0.01 secs] 
1843.141: [GC (Allocation Failure) [PSYoungGen: 60736K->1344K(60928K)] 429349K->369957K(703488K), 0.0019398 secs] [Times: user=0.01 sys=0.00, real=0.00 secs] 
1843.531: [GC (Allocation Failure) [PSYoungGen: 60731K->224K(60416K)] 429344K->368837K(702976K), 0.0020477 secs] [Times: user=0.01 sys=0.00, real=0.00 secs] 
1845.843: [GC (Allocation Failure) [PSYoungGen: 59104K->1392K(60928K)] 427717K->370005K(703488K), 0.0046828 secs] [Times: user=0.02 sys=0.00, real=0.01 secs] 
1846.934: [GC (Allocation Failure) [PSYoungGen: 60272K->1344K(60928K)] 428885K->369957K(703488K), 0.0046717 secs] [Times: user=0.02 sys=0.00, real=0.01 secs] 
1847.259: [GC (Allocation Failure) [PSYoungGen: 60224K->1344K(60928K)] 428837K->369957K(703488K), 0.0020318 secs] [Times: user=0.01 sys=0.00, real=0.00 secs] 
1847.504: [GC (Allocation Failure) [PSYoungGen: 60224K->1376K(60928K)] 428837K->369989K(703488K), 0.0020076 secs] [Times: user=0.01 sys=0.00, real=0.01 secs] 
1847.749: [GC (Allocation Failure) [PSYoungGen: 60256K->1360K(60928K)] 428869K->369997K(703488K), 0.0023411 secs] [Times: user=0.01 sys=0.00, real=0.00 secs] 
1849.342: [GC (Allocation Failure) [PSYoungGen: 60240K->1408K(60928K)] 428877K->370045K(703488K), 0.0033640 secs] [Times: user=0.01 sys=0.00, real=0.01 secs] 
1850.613: [GC (Allocation Failure) [PSYoungGen: 60288K->1344K(60928K)] 428925K->369981K(703488K), 0.0032779 secs] [Times: user=0.02 sys=0.00, real=0.01 secs] 
1851.286: [GC (Allocation Failure) [PSYoungGen: 60224K->1376K(60928K)] 428861K->370013K(703488K), 0.0039001 secs] [Times: user=0.01 sys=0.00, real=0.00 secs] 
1851.592: [GC (Allocation Failure) [PSYoungGen: 60256K->1376K(60928K)] 428893K->370013K(703488K), 0.0020259 secs] [Times: user=0.01 sys=0.00, real=0.00 secs] 
1852.127: [GC (Allocation Failure) [PSYoungGen: 60256K->1376K(60928K)] 428893K->370013K(703488K), 0.0021361 secs] [Times: user=0.01 sys=0.00, real=0.00 secs] 
1853.765: [GC (Allocation Failure) [PSYoungGen: 60256K->1376K(60928K)] 428893K->370013K(703488K), 0.0033049 secs] [Times: user=0.01 sys=0.00, real=0.00 secs] 
1854.546: [GC (Allocation Failure) [PSYoungGen: 60256K->1344K(60928K)] 428893K->369981K(703488K), 0.0028287 secs] [Times: user=0.01 sys=0.00, real=0.00 secs] 
1855.059: [GC (Allocation Failure) [PSYoungGen: 60224K->1360K(60928K)] 428861K->369997K(703488K), 0.0023458 secs] [Times: user=0.01 sys=0.00, real=0.00 secs] 
1855.304: [GC (Allocation Failure) [PSYoungGen: 60240K->1376K(60928K)] 428877K->370013K(703488K), 0.0019182 secs] [Times: user=0.01 sys=0.00, real=0.01 secs] 
1855.608: [GC (Allocation Failure) [PSYoungGen: 60256K->1344K(60416K)] 428893K->369981K(702976K), 0.0020378 secs] [Times: user=0.01 sys=0.00, real=0.00 secs] 
1856.346: [GC (Allocation Failure) [PSYoungGen: 60224K->1408K(60416K)] 428861K->370045K(702976K), 0.0018464 secs] [Times: user=0.01 sys=0.01, real=0.00 secs] 
1856.591: [GC (Allocation Failure) [PSYoungGen: 60288K->1376K(60416K)] 428925K->370013K(702976K), 0.0017138 secs] [Times: user=0.00 sys=0.00, real=0.00 secs] 
1856.866: [GC (Allocation Failure) [PSYoungGen: 60256K->1344K(60416K)] 428893K->369981K(702976K), 0.0017548 secs] [Times: user=0.00 sys=0.00, real=0.00 secs] 
1857.202: [GC (Allocation Failure) [PSYoungGen: 60224K->1344K(60416K)] 428861K->369981K(702976K), 0.0037111 secs] [Times: user=0.02 sys=0.00, real=0.01 secs] 
1857.449: [GC (Allocation Failure) [PSYoungGen: 60224K->1344K(60416K)] 428861K->369981K(702976K), 0.0018994 secs] [Times: user=0.01 sys=0.01, real=0.00 secs] 
1858.285: [GC (Allocation Failure) [PSYoungGen: 60224K->1408K(60416K)] 428861K->370053K(702976K), 0.0017315 secs] [Times: user=0.01 sys=0.00, real=0.00 secs] 
1858.804: [GC (Allocation Failure) [PSYoungGen: 60288K->1376K(60416K)] 428933K->370021K(702976K), 0.0020344 secs] [Times: user=0.01 sys=0.00, real=0.01 secs] 
1859.222: [GC (Allocation Failure) [PSYoungGen: 60256K->1344K(60416K)] 428901K->369989K(702976K), 0.0030726 secs] [Times: user=0.01 sys=0.00, real=0.01 secs] 
1859.665: [GC (Allocation Failure) [PSYoungGen: 60224K->1376K(60416K)] 428869K->370021K(702976K), 0.0031092 secs] [Times: user=0.01 sys=0.00, real=0.00 secs] 
1860.124: [GC (Allocation Failure) [PSYoungGen: 60256K->1376K(60416K)] 428901K->370021K(702976K), 0.0031371 secs] [Times: user=0.01 sys=0.00, real=0.01 secs] 
1861.191: [GC (Allocation Failure) [PSYoungGen: 60256K->1408K(60416K)] 428901K->370061K(702976K), 0.0018987 secs] [Times: user=0.00 sys=0.01, real=0.00 secs] 
1861.981: [GC (Allocation Failure) [PSYoungGen: 60288K->1344K(60416K)] 428941K->369997K(702976K), 0.0028612 secs] [Times: user=0.01 sys=0.00, real=0.00 secs] 
1862.790: [GC (Allocation Failure) [PSYoungGen: 60224K->1376K(60416K)] 428877K->370029K(702976K), 0.0032420 secs] [Times: user=0.01 sys=0.00, real=0.00 secs] 
1863.494: [GC (Allocation Failure) [PSYoungGen: 60256K->1376K(60416K)] 428909K->370029K(702976K), 0.0031301 secs] [Times: user=0.01 sys=0.00, real=0.01 secs] 
1864.059: [GC (Allocation Failure) [PSYoungGen: 60256K->1376K(60416K)] 428909K->370029K(702976K), 0.0030326 secs] [Times: user=0.02 sys=0.00, real=0.00 secs] 
1865.164: [GC (Allocation Failure) [PSYoungGen: 60256K->1360K(60416K)] 428909K->370013K(702976K), 0.0021368 secs] [Times: user=0.01 sys=0.00, real=0.01 secs] 
1866.041: [GC (Allocation Failure) [PSYoungGen: 60240K->1376K(60416K)] 428893K->370029K(702976K), 0.0026661 secs] [Times: user=0.01 sys=0.00, real=0.00 secs] 
1866.657: [GC (Allocation Failure) [PSYoungGen: 60256K->1360K(60416K)] 428909K->370013K(702976K), 0.0024632 secs] [Times: user=0.01 sys=0.00, real=0.00 secs] 
1867.486: [GC (Allocation Failure) [PSYoungGen: 60240K->1312K(60416K)] 428893K->369965K(702976K), 0.0027842 secs] [Times: user=0.01 sys=0.00, real=0.00 secs] 
1868.143: [GC (Allocation Failure) [PSYoungGen: 60192K->1376K(60416K)] 428845K->370029K(702976K), 0.0034659 secs] [Times: user=0.02 sys=0.00, real=0.01 secs] 
1869.201: [GC (Allocation Failure) [PSYoungGen: 60256K->1408K(60416K)] 428909K->370069K(702976K), 0.0016930 secs] [Times: user=0.01 sys=0.00, real=0.00 secs] 
1869.498: [GC (Allocation Failure) [PSYoungGen: 60288K->1344K(60416K)] 428949K->370005K(702976K), 0.0018372 secs] [Times: user=0.01 sys=0.00, real=0.00 secs] 
1869.755: [GC (Allocation Failure) [PSYoungGen: 60224K->1376K(60416K)] 428885K->370037K(702976K), 0.0017773 secs] [Times: user=0.00 sys=0.00, real=0.00 secs] 
1870.032: [GC (Allocation Failure) [PSYoungGen: 60256K->1344K(60416K)] 428917K->370005K(702976K), 0.0029902 secs] [Times: user=0.01 sys=0.00, real=0.00 secs] 
1870.297: [GC (Allocation Failure) [PSYoungGen: 60224K->1376K(60416K)] 428885K->370037K(702976K), 0.0019898 secs] [Times: user=0.00 sys=0.00, real=0.00 secs] 
1871.087: [GC (Allocation Failure) [PSYoungGen: 60256K->1376K(60416K)] 428917K->370037K(702976K), 0.0016012 secs] [Times: user=0.01 sys=0.00, real=0.00 secs] 
1871.638: [GC (Allocation Failure) [PSYoungGen: 60256K->1344K(60416K)] 428917K->370005K(702976K), 0.0019431 secs] [Times: user=0.01 sys=0.00, real=0.00 secs] 
1872.119: [GC (Allocation Failure) [PSYoungGen: 60224K->1344K(60416K)] 428885K->370005K(702976K), 0.0038010 secs] [Times: user=0.01 sys=0.00, real=0.00 secs] 
1872.603: [GC (Allocation Failure) [PSYoungGen: 60224K->1376K(60416K)] 428885K->370037K(702976K), 0.0030393 secs] [Times: user=0.02 sys=0.00, real=0.01 secs] 
1873.059: [GC (Allocation Failure) [PSYoungGen: 60256K->1328K(60416K)] 428917K->369989K(702976K), 0.0025346 secs] [Times: user=0.01 sys=0.00, real=0.00 secs] 
1873.754: [GC (Allocation Failure) [PSYoungGen: 60208K->864K(60416K)] 428869K->370549K(702976K), 0.0016372 secs] [Times: user=0.01 sys=0.00, real=0.01 secs] 
1873.999: [GC (Allocation Failure) [PSYoungGen: 59744K->320K(60416K)] 429429K->370005K(702976K), 0.0015183 secs] [Times: user=0.01 sys=0.00, real=0.00 secs] 
1874.244: [GC (Allocation Failure) [PSYoungGen: 59200K->320K(60928K)] 428885K->370005K(703488K), 0.0017991 secs] [Times: user=0.01 sys=0.00, real=0.01 secs] 
1874.529: [GC (Allocation Failure) [PSYoungGen: 59200K->288K(60928K)] 428885K->369973K(703488K), 0.0016006 secs] [Times: user=0.01 sys=0.00, real=0.00 secs] 
1874.869: [GC (Allocation Failure) [PSYoungGen: 59168K->320K(60928K)] 428853K->370021K(703488K), 0.0016672 secs] [Times: user=0.01 sys=0.00, real=0.00 secs] 
1875.869: [GC (Allocation Failure) [PSYoungGen: 59200K->1600K(60928K)] 428901K->371309K(703488K), 0.0016315 secs] [Times: user=0.01 sys=0.00, real=0.00 secs] 
1876.392: [GC (Allocation Failure) [PSYoungGen: 60480K->1360K(60928K)] 430189K->371069K(703488K), 0.0019900 secs] [Times: user=0.01 sys=0.00, real=0.00 secs] 
1876.637: [GC (Allocation Failure) [PSYoungGen: 60240K->1360K(60928K)] 429949K->371069K(703488K), 0.0018770 secs] [Times: user=0.01 sys=0.00, real=0.00 secs] 
1876.972: [GC (Allocation Failure) [PSYoungGen: 60240K->1312K(60416K)] 429949K->371021K(702976K), 0.0024353 secs] [Times: user=0.00 sys=0.00, real=0.00 secs] 
1877.425: [GC (Allocation Failure) [PSYoungGen: 60192K->1344K(60928K)] 429901K->371053K(703488K), 0.0031282 secs] [Times: user=0.01 sys=0.01, real=0.01 secs] 
1878.413: [GC (Allocation Failure) [PSYoungGen: 60224K->1408K(60928K)] 429933K->371117K(703488K), 0.0019010 secs] [Times: user=0.01 sys=0.00, real=0.00 secs] 
1879.000: [GC (Allocation Failure) [PSYoungGen: 60288K->1376K(60928K)] 429997K->371085K(703488K), 0.0031275 secs] [Times: user=0.01 sys=0.00, real=0.00 secs] 
1879.799: [GC (Allocation Failure) [PSYoungGen: 60256K->1376K(60928K)] 429965K->371085K(703488K), 0.0039764 secs] [Times: user=0.02 sys=0.00, real=0.00 secs] 
1880.689: [GC (Allocation Failure) [PSYoungGen: 60256K->1376K(60928K)] 429965K->371085K(703488K), 0.0039051 secs] [Times: user=0.01 sys=0.00, real=0.00 secs] 
1881.622: [GC (Allocation Failure) [PSYoungGen: 60256K->1376K(60928K)] 429965K->371085K(703488K), 0.0028009 secs] [Times: user=0.01 sys=0.00, real=0.01 secs] 
1882.858: [GC (Allocation Failure) [PSYoungGen: 60256K->1325K(60928K)] 429965K->371034K(703488K), 0.0015079 secs] [Times: user=0.00 sys=0.00, real=0.00 secs] 
1883.311: [GC (Allocation Failure) [PSYoungGen: 60205K->1408K(60928K)] 429914K->371117K(703488K), 0.0018670 secs] [Times: user=0.01 sys=0.00, real=0.00 secs] 
1883.594: [GC (Allocation Failure) [PSYoungGen: 60288K->1312K(60928K)] 429997K->371021K(703488K), 0.0017771 secs] [Times: user=0.01 sys=0.00, real=0.01 secs] 
1883.839: [GC (Allocation Failure) [PSYoungGen: 60192K->1344K(60928K)] 429901K->371053K(703488K), 0.0019567 secs] [Times: user=0.00 sys=0.00, real=0.00 secs] 
1884.095: [GC (Allocation Failure) [PSYoungGen: 60224K->1344K(60928K)] 429933K->371053K(703488K), 0.0018648 secs] [Times: user=0.01 sys=0.00, real=0.01 secs] 
1884.651: [GC (Allocation Failure) [PSYoungGen: 60224K->1357K(60928K)] 429933K->371066K(703488K), 0.0014311 secs] [Times: user=0.01 sys=0.00, real=0.00 secs] 
1885.935: [GC (Allocation Failure) [PSYoungGen: 60237K->1408K(60928K)] 429946K->371117K(703488K), 0.0033426 secs] [Times: user=0.01 sys=0.00, real=0.01 secs] 
1886.711: [GC (Allocation Failure) [PSYoungGen: 60288K->1344K(60928K)] 429997K->371053K(703488K), 0.0048407 secs] [Times: user=0.02 sys=0.00, real=0.01 secs] 
1887.079: [GC (Allocation Failure) [PSYoungGen: 60224K->1376K(60928K)] 429933K->371085K(703488K), 0.0020584 secs] [Times: user=0.01 sys=0.00, real=0.00 secs] 
1887.341: [GC (Allocation Failure) [PSYoungGen: 60256K->1376K(60928K)] 429965K->371085K(703488K), 0.0018423 secs] [Times: user=0.01 sys=0.00, real=0.00 secs] 
1888.160: [GC (Allocation Failure) [PSYoungGen: 60256K->1357K(60928K)] 429965K->371074K(703488K), 0.0015961 secs] [Times: user=0.00 sys=0.00, real=0.00 secs] 
1888.719: [GC (Allocation Failure) [PSYoungGen: 60237K->1376K(60928K)] 429954K->371093K(703488K), 0.0024585 secs] [Times: user=0.00 sys=0.00, real=0.00 secs] 
1888.957: [GC (Allocation Failure) [PSYoungGen: 60256K->1328K(60928K)] 429973K->371045K(703488K), 0.0019568 secs] [Times: user=0.00 sys=0.00, real=0.00 secs] 
1889.202: [GC (Allocation Failure) [PSYoungGen: 60208K->1344K(60928K)] 429925K->371061K(703488K), 0.0017652 secs] [Times: user=0.01 sys=0.00, real=0.00 secs] 
1889.446: [GC (Allocation Failure) [PSYoungGen: 60224K->1328K(60928K)] 429941K->371045K(703488K), 0.0017884 secs] [Times: user=0.01 sys=0.00, real=0.00 secs] 
1889.851: [GC (Allocation Failure) [PSYoungGen: 60208K->1357K(60928K)] 429925K->371074K(703488K), 0.0014837 secs] [Times: user=0.01 sys=0.00, real=0.00 secs] 
1890.852: [GC (Allocation Failure) [PSYoungGen: 60237K->1360K(60928K)] 429954K->371077K(703488K), 0.0018399 secs] [Times: user=0.00 sys=0.00, real=0.00 secs] 
1891.620: [GC (Allocation Failure) [PSYoungGen: 60240K->1376K(60928K)] 429957K->371093K(703488K), 0.0030676 secs] [Times: user=0.01 sys=0.00, real=0.00 secs] 
1892.016: [GC (Allocation Failure) [PSYoungGen: 60256K->1344K(60416K)] 429973K->371061K(702976K), 0.0019589 secs] [Times: user=0.01 sys=0.00, real=0.00 secs] 
1892.639: [GC (Allocation Failure) [PSYoungGen: 60224K->1344K(60416K)] 429941K->371061K(702976K), 0.0022253 secs] [Times: user=0.01 sys=0.00, real=0.00 secs] 
1893.508: [GC (Allocation Failure) [PSYoungGen: 60224K->1360K(60416K)] 429941K->371077K(702976K), 0.0025267 secs] [Times: user=0.01 sys=0.00, real=0.00 secs] 
1894.272: [GC (Allocation Failure) [PSYoungGen: 60240K->1408K(60416K)] 429957K->371125K(702976K), 0.0022095 secs] [Times: user=0.00 sys=0.00, real=0.00 secs] 
1894.607: [GC (Allocation Failure) [PSYoungGen: 60288K->1376K(60416K)] 430005K->371093K(702976K), 0.0021563 secs] [Times: user=0.01 sys=0.00, real=0.00 secs] 
1895.082: [GC (Allocation Failure) [PSYoungGen: 60256K->1328K(60416K)] 429973K->371045K(702976K), 0.0022121 secs] [Times: user=0.01 sys=0.00, real=0.00 secs] 
1895.562: [GC (Allocation Failure) [PSYoungGen: 60208K->1376K(60416K)] 429925K->371093K(702976K), 0.0021672 secs] [Times: user=0.00 sys=0.00, real=0.00 secs] 
1896.092: [GC (Allocation Failure) [PSYoungGen: 60256K->1344K(60416K)] 429973K->371077K(702976K), 0.0021982 secs] [Times: user=0.01 sys=0.00, real=0.00 secs] 
1897.039: [GC (Allocation Failure) [PSYoungGen: 60224K->1376K(60416K)] 429957K->371109K(702976K), 0.0020187 secs] [Times: user=0.01 sys=0.00, real=0.00 secs] 
1897.632: [GC (Allocation Failure) [PSYoungGen: 60256K->1344K(60416K)] 429989K->371077K(702976K), 0.0023334 secs] [Times: user=0.01 sys=0.00, real=0.00 secs] 
1898.298: [GC (Allocation Failure) [PSYoungGen: 60224K->1376K(60416K)] 429957K->371117K(702976K), 0.0023165 secs] [Times: user=0.01 sys=0.00, real=0.00 secs] 
1898.900: [GC (Allocation Failure) [PSYoungGen: 60256K->1376K(60416K)] 429997K->371117K(702976K), 0.0021502 secs] [Times: user=0.00 sys=0.00, real=0.00 secs] 
1899.394: [GC (Allocation Failure) [PSYoungGen: 60256K->1376K(60416K)] 429997K->371117K(702976K), 0.0039344 secs] [Times: user=0.01 sys=0.00, real=0.01 secs] 
1900.860: [GC (Allocation Failure) [PSYoungGen: 60256K->1376K(60416K)] 429997K->371117K(702976K), 0.0046725 secs] [Times: user=0.02 sys=0.00, real=0.01 secs] 
1901.568: [GC (Allocation Failure) [PSYoungGen: 60256K->1376K(60416K)] 429997K->371117K(702976K), 0.0038420 secs] [Times: user=0.02 sys=0.00, real=0.00 secs] 
1901.884: [GC (Allocation Failure) [PSYoungGen: 60256K->1376K(60416K)] 429997K->371117K(702976K), 0.0020252 secs] [Times: user=0.01 sys=0.00, real=0.01 secs] 
1902.163: [GC (Allocation Failure) [PSYoungGen: 60256K->1376K(60416K)] 429997K->371117K(702976K), 0.0019178 secs] [Times: user=0.01 sys=0.00, real=0.01 secs] 
1902.417: [GC (Allocation Failure) [PSYoungGen: 60256K->1344K(60416K)] 429997K->371085K(702976K), 0.0018665 secs] [Times: user=0.01 sys=0.00, real=0.00 secs] 
1903.118: [GC (Allocation Failure) [PSYoungGen: 60224K->1376K(60416K)] 429965K->371117K(702976K), 0.0018237 secs] [Times: user=0.00 sys=0.00, real=0.00 secs] 
1903.383: [GC (Allocation Failure) [PSYoungGen: 60256K->1312K(60416K)] 429997K->371053K(702976K), 0.0015793 secs] [Times: user=0.00 sys=0.00, real=0.00 secs] 
1903.627: [GC (Allocation Failure) [PSYoungGen: 60192K->1376K(60416K)] 429933K->371117K(702976K), 0.0016711 secs] [Times: user=0.00 sys=0.00, real=0.00 secs] 
1903.872: [GC (Allocation Failure) [PSYoungGen: 60256K->1344K(60416K)] 429997K->371085K(702976K), 0.0016815 secs] [Times: user=0.01 sys=0.00, real=0.00 secs] 
1904.116: [GC (Allocation Failure) [PSYoungGen: 60224K->1344K(60416K)] 429965K->371085K(702976K), 0.0017463 secs] [Times: user=0.01 sys=0.00, real=0.00 secs] 
1905.065: [GC (Allocation Failure) [PSYoungGen: 60224K->1408K(60416K)] 429965K->371149K(702976K), 0.0018079 secs] [Times: user=0.01 sys=0.01, real=0.00 secs] 
1905.729: [GC (Allocation Failure) [PSYoungGen: 60288K->1360K(60416K)] 430029K->371101K(702976K), 0.0021514 secs] [Times: user=0.01 sys=0.00, real=0.00 secs] 
1906.489: [GC (Allocation Failure) [PSYoungGen: 60240K->1312K(60416K)] 429981K->371061K(702976K), 0.0039220 secs] [Times: user=0.01 sys=0.00, real=0.00 secs] 
1907.317: [GC (Allocation Failure) [PSYoungGen: 60192K->1312K(60416K)] 429941K->371061K(702976K), 0.0030446 secs] [Times: user=0.01 sys=0.00, real=0.00 secs] 
1907.826: [GC (Allocation Failure) [PSYoungGen: 60192K->1344K(60416K)] 429941K->371093K(702976K), 0.0024661 secs] [Times: user=0.01 sys=0.00, real=0.00 secs] 
1908.666: [GC (Allocation Failure) [PSYoungGen: 60224K->1376K(60416K)] 429973K->371125K(702976K), 0.0017366 secs] [Times: user=0.01 sys=0.00, real=0.00 secs] 
1908.911: [GC (Allocation Failure) [PSYoungGen: 60256K->1344K(60416K)] 430005K->371093K(702976K), 0.0018592 secs] [Times: user=0.01 sys=0.00, real=0.00 secs] 
1909.332: [GC (Allocation Failure) [PSYoungGen: 60224K->1344K(60416K)] 429973K->371093K(702976K), 0.0018280 secs] [Times: user=0.01 sys=0.00, real=0.00 secs] 
1909.828: [GC (Allocation Failure) [PSYoungGen: 60224K->1376K(60416K)] 429973K->371125K(702976K), 0.0023053 secs] [Times: user=0.01 sys=0.00, real=0.00 secs] 
1910.325: [GC (Allocation Failure) [PSYoungGen: 60256K->1344K(60416K)] 430005K->371093K(702976K), 0.0027195 secs] [Times: user=0.01 sys=0.00, real=0.00 secs] 
1911.840: [GC (Allocation Failure) [PSYoungGen: 60224K->1376K(60416K)] 429973K->371125K(702976K), 0.0027105 secs] [Times: user=0.01 sys=0.00, real=0.00 secs] 
1912.596: [GC (Allocation Failure) [PSYoungGen: 60256K->1376K(60416K)] 430005K->371125K(702976K), 0.0033290 secs] [Times: user=0.02 sys=0.00, real=0.00 secs] 
1913.531: [GC (Allocation Failure) [PSYoungGen: 60256K->1312K(60416K)] 430005K->371061K(702976K), 0.0042083 secs] [Times: user=0.01 sys=0.00, real=0.01 secs] 
1914.306: [GC (Allocation Failure) [PSYoungGen: 60192K->1344K(60416K)] 429941K->371093K(702976K), 0.0039712 secs] [Times: user=0.02 sys=0.00, real=0.00 secs] 
1914.990: [GC (Allocation Failure) [PSYoungGen: 60224K->1360K(60416K)] 429973K->371109K(702976K), 0.0031756 secs] [Times: user=0.01 sys=0.00, real=0.00 secs] 
1915.928: [GC (Allocation Failure) [PSYoungGen: 60240K->1408K(60416K)] 429989K->371157K(702976K), 0.0017309 secs] [Times: user=0.00 sys=0.00, real=0.00 secs] 
1916.172: [GC (Allocation Failure) [PSYoungGen: 60288K->1344K(60416K)] 430037K->371093K(702976K), 0.0018108 secs] [Times: user=0.00 sys=0.00, real=0.00 secs] 
1916.530: [GC (Allocation Failure) [PSYoungGen: 60224K->1344K(60416K)] 429973K->371093K(702976K), 0.0019728 secs] [Times: user=0.01 sys=0.00, real=0.00 secs] 
1917.025: [GC (Allocation Failure) [PSYoungGen: 60224K->1376K(60416K)] 429973K->371125K(702976K), 0.0031546 secs] [Times: user=0.01 sys=0.00, real=0.01 secs] 
1917.522: [GC (Allocation Failure) [PSYoungGen: 60256K->1376K(60416K)] 430005K->371125K(702976K), 0.0076893 secs] [Times: user=0.03 sys=0.00, real=0.01 secs] 
1918.802: [GC (Allocation Failure) [PSYoungGen: 60256K->1408K(60416K)] 430005K->371165K(702976K), 0.0025733 secs] [Times: user=0.01 sys=0.00, real=0.00 secs] 
1919.101: [GC (Allocation Failure) [PSYoungGen: 60288K->1360K(60416K)] 430045K->371117K(702976K), 0.0019809 secs] [Times: user=0.00 sys=0.00, real=0.00 secs] 
1919.385: [GC (Allocation Failure) [PSYoungGen: 60240K->1344K(60416K)] 429997K->371101K(702976K), 0.0018581 secs] [Times: user=0.00 sys=0.00, real=0.00 secs] 
1919.630: [GC (Allocation Failure) [PSYoungGen: 60224K->1344K(60416K)] 429981K->371101K(702976K), 0.0018304 secs] [Times: user=0.01 sys=0.00, real=0.00 secs] 
1919.904: [GC (Allocation Failure) [PSYoungGen: 60224K->1376K(60416K)] 429981K->371133K(702976K), 0.0016741 secs] [Times: user=0.01 sys=0.00, real=0.01 secs] 
1920.793: [GC (Allocation Failure) [PSYoungGen: 60256K->1408K(60416K)] 430013K->371165K(702976K), 0.0021138 secs] [Times: user=0.01 sys=0.00, real=0.01 secs] 
1921.665: [GC (Allocation Failure) [PSYoungGen: 60288K->1376K(60416K)] 430045K->371133K(702976K), 0.0025468 secs] [Times: user=0.01 sys=0.00, real=0.01 secs] 
1922.449: [GC (Allocation Failure) [PSYoungGen: 60256K->1376K(60416K)] 430013K->371133K(702976K), 0.0027580 secs] [Times: user=0.01 sys=0.00, real=0.00 secs] 
1922.938: [GC (Allocation Failure) [PSYoungGen: 60256K->1376K(60416K)] 430013K->371133K(702976K), 0.0019693 secs] [Times: user=0.01 sys=0.00, real=0.00 secs] 
1923.184: [GC (Allocation Failure) [PSYoungGen: 60256K->1376K(60416K)] 430013K->371133K(702976K), 0.0018734 secs] [Times: user=0.01 sys=0.00, real=0.01 secs] 
1924.194: [GC (Allocation Failure) [PSYoungGen: 60256K->864K(60416K)] 430013K->371645K(702976K), 0.0020460 secs] [Times: user=0.01 sys=0.01, real=0.01 secs] 
1925.009: [GC (Allocation Failure) [PSYoungGen: 59744K->336K(60416K)] 430525K->371117K(702976K), 0.0030308 secs] [Times: user=0.01 sys=0.00, real=0.00 secs] 
1925.564: [GC (Allocation Failure) [PSYoungGen: 59216K->320K(60928K)] 429997K->371101K(703488K), 0.0030262 secs] [Times: user=0.01 sys=0.00, real=0.01 secs] 
1926.227: [GC (Allocation Failure) [PSYoungGen: 59200K->320K(60928K)] 429981K->371101K(703488K), 0.0037491 secs] [Times: user=0.02 sys=0.00, real=0.00 secs] 
1926.733: [GC (Allocation Failure) [PSYoungGen: 59200K->288K(60928K)] 429981K->371069K(703488K), 0.0036172 secs] [Times: user=0.01 sys=0.00, real=0.01 secs] 
1927.798: [GC (Allocation Failure) [PSYoungGen: 59168K->1632K(60928K)] 429949K->372429K(703488K), 0.0016437 secs] [Times: user=0.00 sys=0.00, real=0.00 secs] 
1928.105: [GC (Allocation Failure) [PSYoungGen: 60512K->1328K(60928K)] 431309K->372133K(703488K), 0.0018910 secs] [Times: user=0.01 sys=0.00, real=0.01 secs] 
1928.443: [GC (Allocation Failure) [PSYoungGen: 60208K->1312K(60928K)] 431013K->372117K(703488K), 0.0017442 secs] [Times: user=0.01 sys=0.00, real=0.01 secs] 
1928.717: [GC (Allocation Failure) [PSYoungGen: 60192K->1344K(60928K)] 430997K->372149K(703488K), 0.0019156 secs] [Times: user=0.01 sys=0.00, real=0.00 secs] 
1928.999: [GC (Allocation Failure) [PSYoungGen: 60224K->1376K(60928K)] 431029K->372181K(703488K), 0.0023616 secs] [Times: user=0.01 sys=0.00, real=0.00 secs] 
1929.802: [GC (Allocation Failure) [PSYoungGen: 60256K->1472K(60416K)] 431061K->372277K(702976K), 0.0017599 secs] [Times: user=0.01 sys=0.00, real=0.00 secs] 
1930.698: [GC (Allocation Failure) [PSYoungGen: 59840K->1376K(60928K)] 430645K->372181K(703488K), 0.0025897 secs] [Times: user=0.01 sys=0.00, real=0.00 secs] 
1931.723: [GC (Allocation Failure) [PSYoungGen: 59744K->1312K(59904K)] 430549K->372117K(702464K), 0.0046258 secs] [Times: user=0.02 sys=0.00, real=0.01 secs] 
1932.521: [GC (Allocation Failure) [PSYoungGen: 59680K->1376K(60416K)] 430485K->372181K(702976K), 0.0039575 secs] [Times: user=0.02 sys=0.00, real=0.01 secs] 
1933.233: [GC (Allocation Failure) [PSYoungGen: 59744K->1344K(60416K)] 430549K->372149K(702976K), 0.0031663 secs] [Times: user=0.01 sys=0.01, real=0.01 secs] 
1934.059: [GC (Allocation Failure) [PSYoungGen: 59712K->1357K(60416K)] 430517K->372162K(702976K), 0.0015144 secs] [Times: user=0.01 sys=0.00, real=0.00 secs] 
1934.432: [GC (Allocation Failure) [PSYoungGen: 59725K->1376K(60416K)] 430530K->372181K(702976K), 0.0017513 secs] [Times: user=0.00 sys=0.00, real=0.00 secs] 
1935.048: [GC (Allocation Failure) [PSYoungGen: 59744K->1344K(60416K)] 430549K->372149K(702976K), 0.0046955 secs] [Times: user=0.02 sys=0.00, real=0.00 secs] 
1935.733: [GC (Allocation Failure) [PSYoungGen: 59712K->1376K(60416K)] 430517K->372181K(702976K), 0.0030499 secs] [Times: user=0.02 sys=0.00, real=0.01 secs] 
1936.440: [GC (Allocation Failure) [PSYoungGen: 59744K->1376K(60416K)] 430549K->372181K(702976K), 0.0030803 secs] [Times: user=0.01 sys=0.00, real=0.00 secs] 
1937.429: [GC (Allocation Failure) [PSYoungGen: 59744K->1357K(60416K)] 430549K->372170K(702976K), 0.0013741 secs] [Times: user=0.01 sys=0.00, real=0.00 secs] 
1938.075: [GC (Allocation Failure) [PSYoungGen: 59725K->1408K(60416K)] 430538K->372229K(702976K), 0.0031480 secs] [Times: user=0.01 sys=0.00, real=0.00 secs] 
1938.365: [GC (Allocation Failure) [PSYoungGen: 59776K->1376K(60416K)] 430597K->372197K(702976K), 0.0019493 secs] [Times: user=0.01 sys=0.00, real=0.00 secs] 
1938.721: [GC (Allocation Failure) [PSYoungGen: 59744K->1344K(60416K)] 430565K->372165K(702976K), 0.0017550 secs] [Times: user=0.01 sys=0.00, real=0.00 secs] 
1939.127: [GC (Allocation Failure) [PSYoungGen: 59712K->1376K(60416K)] 430533K->372205K(702976K), 0.0020199 secs] [Times: user=0.01 sys=0.00, real=0.00 secs] 
1939.596: [GC (GCLocker Initiated GC) [PSYoungGen: 59744K->1360K(60416K)] 430573K->372197K(702976K), 0.0018033 secs] [Times: user=0.01 sys=0.00, real=0.00 secs] 
1942.100: [GC (Allocation Failure) [PSYoungGen: 59728K->1376K(60416K)] 430568K->372216K(702976K), 0.0032295 secs] [Times: user=0.01 sys=0.00, real=0.00 secs] 
1943.412: [GC (Allocation Failure) [PSYoungGen: 59744K->1408K(60416K)] 430584K->372248K(702976K), 0.0032039 secs] [Times: user=0.01 sys=0.00, real=0.01 secs] 
1944.075: [GC (Allocation Failure) [PSYoungGen: 59776K->1392K(60416K)] 430616K->372232K(702976K), 0.0031780 secs] [Times: user=0.01 sys=0.00, real=0.01 secs] 
1944.672: [GC (Allocation Failure) [PSYoungGen: 59760K->1472K(60416K)] 430600K->372312K(702976K), 0.0044852 secs] [Times: user=0.02 sys=0.00, real=0.01 secs] 
1945.470: [GC (Allocation Failure) [PSYoungGen: 59840K->1408K(60416K)] 430680K->372248K(702976K), 0.0045737 secs] [Times: user=0.02 sys=0.00, real=0.00 secs] 
1946.558: [GC (Allocation Failure) [PSYoungGen: 59776K->1504K(60416K)] 430616K->372344K(702976K), 0.0017375 secs] [Times: user=0.01 sys=0.00, real=0.00 secs] 
1947.280: [GC (Allocation Failure) [PSYoungGen: 59872K->1440K(60416K)] 430712K->372280K(702976K), 0.0019877 secs] [Times: user=0.01 sys=0.00, real=0.00 secs] 
1947.843: [GC (Allocation Failure) [PSYoungGen: 59808K->1472K(60416K)] 430648K->372312K(702976K), 0.0023773 secs] [Times: user=0.01 sys=0.00, real=0.01 secs] 
1948.502: [GC (Allocation Failure) [PSYoungGen: 59840K->1456K(60416K)] 430680K->372296K(702976K), 0.0022741 secs] [Times: user=0.01 sys=0.00, real=0.00 secs] 
1949.047: [GC (Allocation Failure) [PSYoungGen: 59824K->1440K(60416K)] 430664K->372280K(702976K), 0.0020662 secs] [Times: user=0.00 sys=0.00, real=0.00 secs] 
1949.917: [GC (Allocation Failure) [PSYoungGen: 59808K->1504K(60416K)] 430648K->372360K(702976K), 0.0019798 secs] [Times: user=0.01 sys=0.00, real=0.00 secs] 
1950.629: [GC (Allocation Failure) [PSYoungGen: 59872K->1440K(60416K)] 430728K->372296K(702976K), 0.0026979 secs] [Times: user=0.01 sys=0.00, real=0.00 secs] 
1951.488: [GC (Allocation Failure) [PSYoungGen: 59808K->1456K(60416K)] 430664K->372312K(702976K), 0.0027091 secs] [Times: user=0.01 sys=0.00, real=0.00 secs] 
1952.055: [GC (Allocation Failure) [PSYoungGen: 59824K->1408K(60416K)] 430680K->372264K(702976K), 0.0020212 secs] [Times: user=0.01 sys=0.00, real=0.01 secs] 
1952.634: [GC (Allocation Failure) [PSYoungGen: 59776K->1472K(60416K)] 430632K->372336K(702976K), 0.0021141 secs] [Times: user=0.01 sys=0.00, real=0.01 secs] 
1953.588: [GC (Allocation Failure) [PSYoungGen: 59840K->1408K(60416K)] 430704K->372328K(702976K), 0.0018910 secs] [Times: user=0.01 sys=0.00, real=0.00 secs] 
1954.510: [GC (Allocation Failure) [PSYoungGen: 59776K->1344K(60416K)] 430696K->372264K(702976K), 0.0042336 secs] [Times: user=0.02 sys=0.00, real=0.00 secs] 
1955.378: [GC (Allocation Failure) [PSYoungGen: 59712K->1376K(60416K)] 430632K->372296K(702976K), 0.0038677 secs] [Times: user=0.01 sys=0.00, real=0.00 secs] 
1955.966: [GC (Allocation Failure) [PSYoungGen: 59744K->1376K(60416K)] 430664K->372296K(702976K), 0.0030164 secs] [Times: user=0.01 sys=0.00, real=0.00 secs] 
1956.538: [GC (Allocation Failure) [PSYoungGen: 59744K->1344K(60416K)] 430664K->372264K(702976K), 0.0029878 secs] [Times: user=0.02 sys=0.00, real=0.00 secs] 
1957.554: [GC (Allocation Failure) [PSYoungGen: 59712K->1392K(60416K)] 430632K->372312K(702976K), 0.0017730 secs] [Times: user=0.00 sys=0.00, real=0.01 secs] 
1957.818: [GC (Allocation Failure) [PSYoungGen: 59760K->1344K(60416K)] 430680K->372264K(702976K), 0.0019118 secs] [Times: user=0.01 sys=0.00, real=0.00 secs] 
1958.061: [GC (Allocation Failure) [PSYoungGen: 59712K->1376K(60416K)] 430632K->372296K(702976K), 0.0017204 secs] [Times: user=0.01 sys=0.00, real=0.00 secs] 
1958.431: [GC (Allocation Failure) [PSYoungGen: 59744K->1376K(59904K)] 430664K->372304K(702464K), 0.0025927 secs] [Times: user=0.01 sys=0.00, real=0.00 secs] 
1958.916: [GC (Allocation Failure) [PSYoungGen: 59744K->1344K(59904K)] 430672K->372272K(702464K), 0.0030249 secs] [Times: user=0.02 sys=0.00, real=0.00 secs] 
1960.154: [GC (Allocation Failure) [PSYoungGen: 59712K->1408K(59904K)] 430640K->372336K(702464K), 0.0022664 secs] [Times: user=0.01 sys=0.00, real=0.01 secs] 
1961.417: [GC (Allocation Failure) [PSYoungGen: 59776K->1376K(59904K)] 430704K->372304K(702464K), 0.0028008 secs] [Times: user=0.01 sys=0.00, real=0.00 secs] 
1962.016: [GC (Allocation Failure) [PSYoungGen: 59744K->1344K(59904K)] 430672K->372272K(702464K), 0.0023917 secs] [Times: user=0.01 sys=0.00, real=0.00 secs] 
1962.443: [GC (Allocation Failure) [PSYoungGen: 59712K->1328K(59904K)] 430640K->372256K(702464K), 0.0022418 secs] [Times: user=0.01 sys=0.00, real=0.01 secs] 
1962.909: [GC (Allocation Failure) [PSYoungGen: 59696K->1376K(59904K)] 430624K->372304K(702464K), 0.0031362 secs] [Times: user=0.01 sys=0.00, real=0.00 secs] 
1964.927: [GC (Allocation Failure) [PSYoungGen: 59744K->832K(59392K)] 430672K->372784K(701952K), 0.0027891 secs] [Times: user=0.01 sys=0.00, real=0.00 secs] 
1965.466: [GC (Allocation Failure) [PSYoungGen: 58688K->352K(59904K)] 430640K->372304K(702464K), 0.0021228 secs] [Times: user=0.01 sys=0.00, real=0.00 secs] 
1965.835: [GC (Allocation Failure) [PSYoungGen: 58208K->336K(59904K)] 430160K->372288K(702464K), 0.0019523 secs] [Times: user=0.01 sys=0.00, real=0.01 secs] 
1966.075: [GC (Allocation Failure) [PSYoungGen: 58192K->320K(59904K)] 430144K->372272K(702464K), 0.0017107 secs] [Times: user=0.00 sys=0.00, real=0.01 secs] 
1966.363: [GC (Allocation Failure) [PSYoungGen: 58176K->320K(59904K)] 430128K->372272K(702464K), 0.0016900 secs] [Times: user=0.00 sys=0.00, real=0.00 secs] 
1967.019: [GC (Allocation Failure) [PSYoungGen: 58176K->1325K(59904K)] 430128K->373277K(702464K), 0.0014858 secs] [Times: user=0.00 sys=0.00, real=0.00 secs] 
1968.569: [GC (Allocation Failure) [PSYoungGen: 59181K->1376K(59904K)] 431133K->373328K(702464K), 0.0047756 secs] [Times: user=0.02 sys=0.00, real=0.00 secs] 
1969.042: [GC (Allocation Failure) [PSYoungGen: 59232K->1344K(59904K)] 431184K->373304K(702464K), 0.0022463 secs] [Times: user=0.01 sys=0.00, real=0.00 secs] 
1969.453: [GC (Allocation Failure) [PSYoungGen: 59200K->1376K(59904K)] 431160K->373336K(702464K), 0.0021232 secs] [Times: user=0.00 sys=0.00, real=0.01 secs] 
1969.869: [GC (Allocation Failure) [PSYoungGen: 59232K->1344K(59904K)] 431192K->373304K(702464K), 0.0022551 secs] [Times: user=0.01 sys=0.00, real=0.00 secs] 
1970.664: [GC (Allocation Failure) [PSYoungGen: 59200K->1357K(59904K)] 431160K->373317K(702464K), 0.0014474 secs] [Times: user=0.01 sys=0.00, real=0.01 secs] 
1972.395: [GC (Allocation Failure) [PSYoungGen: 59213K->1376K(59904K)] 431173K->373336K(702464K), 0.0035138 secs] [Times: user=0.01 sys=0.00, real=0.00 secs] 
1972.693: [GC (Allocation Failure) [PSYoungGen: 59232K->1344K(59904K)] 431192K->373304K(702464K), 0.0019895 secs] [Times: user=0.01 sys=0.00, real=0.01 secs] 
1973.092: [GC (Allocation Failure) [PSYoungGen: 59200K->1344K(59904K)] 431160K->373304K(702464K), 0.0026157 secs] [Times: user=0.01 sys=0.00, real=0.01 secs] 
1973.527: [GC (Allocation Failure) [PSYoungGen: 59200K->1376K(59904K)] 431160K->373336K(702464K), 0.0025781 secs] [Times: user=0.01 sys=0.00, real=0.00 secs] 
1974.043: [GC (Allocation Failure) [PSYoungGen: 59232K->1376K(59904K)] 431192K->373336K(702464K), 0.0031767 secs] [Times: user=0.01 sys=0.00, real=0.01 secs] 
1975.519: [GC (Allocation Failure) [PSYoungGen: 59232K->1408K(59904K)] 431192K->373368K(702464K), 0.0031912 secs] [Times: user=0.01 sys=0.00, real=0.00 secs] 
1976.009: [GC (Allocation Failure) [PSYoungGen: 59264K->1376K(59904K)] 431224K->373336K(702464K), 0.0022861 secs] [Times: user=0.00 sys=0.00, real=0.00 secs] 
1976.406: [GC (Allocation Failure) [PSYoungGen: 59232K->1344K(59904K)] 431192K->373304K(702464K), 0.0023183 secs] [Times: user=0.01 sys=0.00, real=0.00 secs] 
1976.685: [GC (Allocation Failure) [PSYoungGen: 59200K->1376K(59904K)] 431160K->373336K(702464K), 0.0018741 secs] [Times: user=0.01 sys=0.00, real=0.01 secs] 
1976.924: [GC (Allocation Failure) [PSYoungGen: 59232K->1376K(59904K)] 431192K->373336K(702464K), 0.0017330 secs] [Times: user=0.00 sys=0.00, real=0.01 secs] 
1977.626: [GC (Allocation Failure) [PSYoungGen: 59232K->1408K(59904K)] 431192K->373384K(702464K), 0.0017730 secs] [Times: user=0.00 sys=0.00, real=0.00 secs] 
1977.866: [GC (Allocation Failure) [PSYoungGen: 59264K->1376K(59904K)] 431240K->373352K(702464K), 0.0017550 secs] [Times: user=0.01 sys=0.00, real=0.00 secs] 
1978.107: [GC (Allocation Failure) [PSYoungGen: 59232K->1408K(59904K)] 431208K->373392K(702464K), 0.0023852 secs] [Times: user=0.01 sys=0.00, real=0.00 secs] 
1978.348: [GC (Allocation Failure) [PSYoungGen: 59264K->1408K(59904K)] 431248K->373392K(702464K), 0.0020122 secs] [Times: user=0.01 sys=0.00, real=0.00 secs] 
1978.615: [GC (Allocation Failure) [PSYoungGen: 59264K->1408K(59904K)] 431248K->373392K(702464K), 0.0025671 secs] [Times: user=0.01 sys=0.00, real=0.01 secs] 
1979.487: [GC (Allocation Failure) [PSYoungGen: 59264K->1472K(59904K)] 431248K->373456K(702464K), 0.0017428 secs] [Times: user=0.00 sys=0.00, real=0.00 secs] 
1980.122: [GC (Allocation Failure) [PSYoungGen: 59328K->1376K(59904K)] 431312K->373360K(702464K), 0.0026128 secs] [Times: user=0.01 sys=0.00, real=0.00 secs] 
1980.558: [GC (Allocation Failure) [PSYoungGen: 59232K->1360K(59904K)] 431216K->373344K(702464K), 0.0033909 secs] [Times: user=0.02 sys=0.00, real=0.00 secs] 
1981.369: [GC (Allocation Failure) [PSYoungGen: 59216K->1408K(59904K)] 431200K->373392K(702464K), 0.0039004 secs] [Times: user=0.02 sys=0.00, real=0.00 secs] 
1982.048: [GC (Allocation Failure) [PSYoungGen: 59264K->1376K(59904K)] 431248K->373360K(702464K), 0.0037200 secs] [Times: user=0.01 sys=0.00, real=0.00 secs] 
1983.320: [GC (Allocation Failure) [PSYoungGen: 59232K->1408K(59904K)] 431216K->373392K(702464K), 0.0017740 secs] [Times: user=0.01 sys=0.00, real=0.00 secs] 
1984.384: [GC (Allocation Failure) [PSYoungGen: 59264K->1408K(59904K)] 431248K->373392K(702464K), 0.0018945 secs] [Times: user=0.01 sys=0.00, real=0.01 secs] 
1984.957: [GC (Allocation Failure) [PSYoungGen: 59264K->1408K(59904K)] 431248K->373392K(702464K), 0.0018988 secs] [Times: user=0.00 sys=0.00, real=0.00 secs] 
1985.408: [GC (Allocation Failure) [PSYoungGen: 59264K->1376K(59904K)] 431248K->373360K(702464K), 0.0019782 secs] [Times: user=0.01 sys=0.00, real=0.00 secs] 
1985.874: [GC (Allocation Failure) [PSYoungGen: 59232K->1408K(59904K)] 431216K->373392K(702464K), 0.0020525 secs] [Times: user=0.01 sys=0.00, real=0.01 secs] 
1987.386: [GC (Allocation Failure) [PSYoungGen: 59264K->1632K(59904K)] 431248K->373624K(702464K), 0.0020369 secs] [Times: user=0.01 sys=0.00, real=0.00 secs] 
1988.766: [GC (Allocation Failure) [PSYoungGen: 59488K->1360K(59904K)] 431480K->373352K(702464K), 0.0036816 secs] [Times: user=0.01 sys=0.00, real=0.00 secs] 
1989.645: [GC (Allocation Failure) [PSYoungGen: 59216K->1376K(59904K)] 431208K->373384K(702464K), 0.0071377 secs] [Times: user=0.03 sys=0.00, real=0.01 secs] 
1990.186: [GC (Allocation Failure) [PSYoungGen: 59232K->1376K(59904K)] 431240K->373384K(702464K), 0.0026689 secs] [Times: user=0.01 sys=0.00, real=0.00 secs] 
1990.546: [GC (Allocation Failure) [PSYoungGen: 59232K->1344K(59904K)] 431240K->373352K(702464K), 0.0019449 secs] [Times: user=0.00 sys=0.00, real=0.00 secs] 
1991.153: [GC (Allocation Failure) [PSYoungGen: 59200K->1357K(59904K)] 431208K->373365K(702464K), 0.0014448 secs] [Times: user=0.00 sys=0.00, real=0.00 secs] 
1991.932: [GC (Allocation Failure) [PSYoungGen: 59213K->1408K(59904K)] 431221K->373416K(702464K), 0.0019489 secs] [Times: user=0.01 sys=0.00, real=0.00 secs] 
1992.491: [GC (Allocation Failure) [PSYoungGen: 59264K->1344K(59904K)] 431272K->373352K(702464K), 0.0040621 secs] [Times: user=0.01 sys=0.00, real=0.01 secs] 
1992.909: [GC (Allocation Failure) [PSYoungGen: 59200K->1376K(59904K)] 431208K->373384K(702464K), 0.0020725 secs] [Times: user=0.00 sys=0.00, real=0.00 secs] 
1993.297: [GC (Allocation Failure) [PSYoungGen: 59232K->1360K(59392K)] 431240K->373368K(701952K), 0.0043507 secs] [Times: user=0.01 sys=0.00, real=0.00 secs] 
1994.149: [GC (Allocation Failure) [PSYoungGen: 59216K->1328K(59392K)] 431224K->373336K(701952K), 0.0018209 secs] [Times: user=0.00 sys=0.00, real=0.00 secs] 
1995.399: [GC (Allocation Failure) [PSYoungGen: 59184K->1376K(59392K)] 431192K->373384K(701952K), 0.0049285 secs] [Times: user=0.02 sys=0.00, real=0.00 secs] 
1996.312: [GC (Allocation Failure) [PSYoungGen: 59232K->1344K(59392K)] 431240K->373352K(701952K), 0.0042922 secs] [Times: user=0.01 sys=0.00, real=0.01 secs] 
1996.992: [GC (Allocation Failure) [PSYoungGen: 59200K->1376K(59392K)] 431208K->373384K(701952K), 0.0032741 secs] [Times: user=0.01 sys=0.00, real=0.01 secs] 
1997.563: [GC (Allocation Failure) [PSYoungGen: 59232K->1376K(59392K)] 431240K->373384K(701952K), 0.0039441 secs] [Times: user=0.02 sys=0.00, real=0.01 secs] 
1998.399: [GC (Allocation Failure) [PSYoungGen: 59232K->1344K(59392K)] 431240K->373352K(701952K), 0.0046081 secs] [Times: user=0.02 sys=0.00, real=0.00 secs] 
1999.894: [GC (Allocation Failure) [PSYoungGen: 59200K->1376K(59392K)] 431208K->373392K(701952K), 0.0020504 secs] [Times: user=0.01 sys=0.00, real=0.01 secs] 
2000.136: [GC (Allocation Failure) [PSYoungGen: 59232K->1344K(59392K)] 431248K->373360K(701952K), 0.0018201 secs] [Times: user=0.01 sys=0.00, real=0.00 secs] 
2000.411: [GC (Allocation Failure) [PSYoungGen: 59200K->1344K(59392K)] 431216K->373360K(701952K), 0.0018218 secs] [Times: user=0.01 sys=0.00, real=0.00 secs] 
2000.690: [GC (Allocation Failure) [PSYoungGen: 59200K->1312K(59392K)] 431216K->373328K(701952K), 0.0018813 secs] [Times: user=0.01 sys=0.00, real=0.00 secs] 
2000.956: [GC (Allocation Failure) [PSYoungGen: 59168K->1376K(59392K)] 431184K->373392K(701952K), 0.0019453 secs] [Times: user=0.01 sys=0.00, real=0.00 secs] 
2002.666: [GC (Allocation Failure) [PSYoungGen: 59232K->1376K(59392K)] 431248K->373392K(701952K), 0.0046780 secs] [Times: user=0.02 sys=0.01, real=0.00 secs] 
2003.332: [GC (Allocation Failure) [PSYoungGen: 59232K->1344K(59392K)] 431248K->373360K(701952K), 0.0026611 secs] [Times: user=0.01 sys=0.00, real=0.00 secs] 
2003.943: [GC (Allocation Failure) [PSYoungGen: 59200K->1344K(59392K)] 431216K->373360K(701952K), 0.0027448 secs] [Times: user=0.01 sys=0.00, real=0.01 secs] 
2004.603: [GC (Allocation Failure) [PSYoungGen: 59200K->1376K(59392K)] 431216K->373392K(701952K), 0.0024896 secs] [Times: user=0.01 sys=0.00, real=0.01 secs] 
2005.355: [GC (Allocation Failure) [PSYoungGen: 59232K->1344K(59392K)] 431248K->373360K(701952K), 0.0045814 secs] [Times: user=0.02 sys=0.00, real=0.01 secs] 
2006.626: [GC (Allocation Failure) [PSYoungGen: 59200K->1376K(59392K)] 431216K->373392K(701952K), 0.0017249 secs] [Times: user=0.00 sys=0.00, real=0.00 secs] 
2007.577: [GC (Allocation Failure) [PSYoungGen: 59232K->1360K(59392K)] 431248K->373376K(701952K), 0.0046144 secs] [Times: user=0.02 sys=0.00, real=0.00 secs] 
2008.518: [GC (Allocation Failure) [PSYoungGen: 59216K->1360K(59392K)] 431232K->373376K(701952K), 0.0046814 secs] [Times: user=0.02 sys=0.00, real=0.00 secs] 
2009.627: [GC (Allocation Failure) [PSYoungGen: 59216K->1328K(59392K)] 431232K->373344K(701952K), 0.0039544 secs] [Times: user=0.02 sys=0.00, real=0.00 secs] 
2010.534: [GC (Allocation Failure) [PSYoungGen: 59184K->1376K(59392K)] 431200K->373400K(701952K), 0.0038667 secs] [Times: user=0.02 sys=0.00, real=0.01 secs] 
2011.559: [GC (Allocation Failure) [PSYoungGen: 59232K->1408K(59392K)] 431256K->373432K(701952K), 0.0016662 secs] [Times: user=0.00 sys=0.00, real=0.00 secs] 
2012.273: [GC (Allocation Failure) [PSYoungGen: 59264K->1376K(59392K)] 431288K->373400K(701952K), 0.0018379 secs] [Times: user=0.01 sys=0.00, real=0.01 secs] 
2012.882: [GC (Allocation Failure) [PSYoungGen: 59232K->1376K(59392K)] 431256K->373400K(701952K), 0.0031311 secs] [Times: user=0.01 sys=0.00, real=0.01 secs] 
2013.356: [GC (Allocation Failure) [PSYoungGen: 59232K->1376K(59392K)] 431256K->373400K(701952K), 0.0021865 secs] [Times: user=0.01 sys=0.00, real=0.00 secs] 
2013.813: [GC (Allocation Failure) [PSYoungGen: 59232K->1376K(59392K)] 431256K->373400K(701952K), 0.0023332 secs] [Times: user=0.01 sys=0.00, real=0.01 secs] 
2014.772: [GC (Allocation Failure) [PSYoungGen: 59139K->160K(58880K)] 431163K->372192K(701440K), 0.0015223 secs] [Times: user=0.01 sys=0.00, real=0.00 secs] 
2015.727: [GC (Allocation Failure) [PSYoungGen: 57504K->1344K(59392K)] 429536K->373376K(701952K), 0.0030845 secs] [Times: user=0.01 sys=0.00, real=0.00 secs] 
2016.203: [GC (Allocation Failure) [PSYoungGen: 58688K->1376K(59392K)] 430720K->373408K(701952K), 0.0031597 secs] [Times: user=0.02 sys=0.00, real=0.01 secs] 
2016.613: [GC (Allocation Failure) [PSYoungGen: 58720K->1376K(59392K)] 430752K->373408K(701952K), 0.0024076 secs] [Times: user=0.01 sys=0.00, real=0.01 secs] 
2016.879: [GC (Allocation Failure) [PSYoungGen: 58720K->1344K(59392K)] 430752K->373376K(701952K), 0.0017558 secs] [Times: user=0.01 sys=0.00, real=0.00 secs] 
2017.399: [GC (Allocation Failure) [PSYoungGen: 58688K->1357K(59392K)] 430720K->373389K(701952K), 0.0015341 secs] [Times: user=0.01 sys=0.00, real=0.00 secs] 
2018.284: [GC (Allocation Failure) [PSYoungGen: 58701K->1376K(59392K)] 430733K->373408K(701952K), 0.0020627 secs] [Times: user=0.01 sys=0.00, real=0.01 secs] 
2019.005: [GC (Allocation Failure) [PSYoungGen: 58720K->1344K(59392K)] 430752K->373384K(701952K), 0.0046720 secs] [Times: user=0.02 sys=0.00, real=0.01 secs] 
2019.760: [GC (Allocation Failure) [PSYoungGen: 58688K->1376K(59392K)] 430728K->373416K(701952K), 0.0046769 secs] [Times: user=0.02 sys=0.00, real=0.00 secs] 
2020.350: [GC (Allocation Failure) [PSYoungGen: 58720K->1376K(59392K)] 430760K->373416K(701952K), 0.0031370 secs] [Times: user=0.01 sys=0.00, real=0.00 secs] 
2020.643: [GC (Allocation Failure) [PSYoungGen: 58720K->1376K(59392K)] 430760K->373416K(701952K), 0.0018644 secs] [Times: user=0.01 sys=0.00, real=0.00 secs] 
2021.446: [GC (Allocation Failure) [PSYoungGen: 58720K->1376K(59392K)] 430760K->373416K(701952K), 0.0018285 secs] [Times: user=0.01 sys=0.00, real=0.00 secs] 
2021.756: [GC (Allocation Failure) [PSYoungGen: 58720K->1344K(59392K)] 430760K->373384K(701952K), 0.0017872 secs] [Times: user=0.01 sys=0.00, real=0.00 secs] 
2022.213: [GC (Allocation Failure) [PSYoungGen: 58688K->1376K(59392K)] 430728K->373416K(701952K), 0.0018713 secs] [Times: user=0.01 sys=0.00, real=0.00 secs] 
2022.693: [GC (Allocation Failure) [PSYoungGen: 58720K->1376K(59392K)] 430760K->373416K(701952K), 0.0020065 secs] [Times: user=0.01 sys=0.00, real=0.01 secs] 
2023.166: [GC (Allocation Failure) [PSYoungGen: 58720K->1376K(59392K)] 430760K->373416K(701952K), 0.0021041 secs] [Times: user=0.01 sys=0.00, real=0.00 secs] 
2024.167: [GC (Allocation Failure) [PSYoungGen: 58720K->1408K(59392K)] 430760K->373448K(701952K), 0.0016948 secs] [Times: user=0.00 sys=0.00, real=0.00 secs] 
2024.659: [GC (Allocation Failure) [PSYoungGen: 58752K->1360K(58880K)] 430792K->373400K(701440K), 0.0018712 secs] [Times: user=0.00 sys=0.00, real=0.00 secs] 
2025.118: [GC (Allocation Failure) [PSYoungGen: 58704K->1296K(58880K)] 430744K->373336K(701440K), 0.0018377 secs] [Times: user=0.00 sys=0.00, real=0.00 secs] 
2025.649: [GC (Allocation Failure) [PSYoungGen: 58640K->1376K(58880K)] 430680K->373416K(701440K), 0.0021156 secs] [Times: user=0.01 sys=0.00, real=0.00 secs] 
2026.138: [GC (Allocation Failure) [PSYoungGen: 58720K->1344K(58880K)] 430760K->373384K(701440K), 0.0021703 secs] [Times: user=0.00 sys=0.00, real=0.00 secs] 
2026.956: [GC (Allocation Failure) [PSYoungGen: 58688K->1376K(58880K)] 430728K->373432K(701440K), 0.0017463 secs] [Times: user=0.01 sys=0.00, real=0.00 secs] 
2027.204: [GC (Allocation Failure) [PSYoungGen: 58720K->1328K(58880K)] 430776K->373384K(701440K), 0.0017645 secs] [Times: user=0.00 sys=0.00, real=0.01 secs] 
2027.511: [GC (Allocation Failure) [PSYoungGen: 58672K->1344K(58880K)] 430728K->373400K(701440K), 0.0017121 secs] [Times: user=0.00 sys=0.00, real=0.00 secs] 
2027.774: [GC (Allocation Failure) [PSYoungGen: 58688K->1376K(58880K)] 430744K->373432K(701440K), 0.0018918 secs] [Times: user=0.01 sys=0.00, real=0.01 secs] 
2028.012: [GC (Allocation Failure) [PSYoungGen: 58720K->1344K(58880K)] 430776K->373400K(701440K), 0.0016725 secs] [Times: user=0.01 sys=0.00, real=0.00 secs] 
2028.770: [GC (Allocation Failure) [PSYoungGen: 58688K->1280K(58880K)] 430744K->373336K(701440K), 0.0015526 secs] [Times: user=0.00 sys=0.00, real=0.00 secs] 
2029.548: [GC (Allocation Failure) [PSYoungGen: 58624K->1312K(58880K)] 430680K->373368K(701440K), 0.0022909 secs] [Times: user=0.01 sys=0.00, real=0.00 secs] 
2030.205: [GC (Allocation Failure) [PSYoungGen: 58656K->1312K(58880K)] 430712K->373368K(701440K), 0.0028372 secs] [Times: user=0.01 sys=0.00, real=0.00 secs] 
2030.894: [GC (Allocation Failure) [PSYoungGen: 58656K->1376K(58880K)] 430712K->373432K(701440K), 0.0026796 secs] [Times: user=0.01 sys=0.00, real=0.01 secs] 
2031.585: [GC (Allocation Failure) [PSYoungGen: 58720K->1376K(58880K)] 430776K->373432K(701440K), 0.0027276 secs] [Times: user=0.01 sys=0.00, real=0.01 secs] 
2032.508: [GC (Allocation Failure) [PSYoungGen: 58720K->1357K(58880K)] 430776K->373413K(701440K), 0.0014660 secs] [Times: user=0.01 sys=0.00, real=0.00 secs] 
2033.849: [GC (Allocation Failure) [PSYoungGen: 58701K->1408K(58880K)] 430757K->373464K(701440K), 0.0038139 secs] [Times: user=0.01 sys=0.00, real=0.00 secs] 
2034.505: [GC (Allocation Failure) [PSYoungGen: 58752K->1344K(58880K)] 430808K->373400K(701440K), 0.0027244 secs] [Times: user=0.01 sys=0.00, real=0.00 secs] 
2035.514: [GC (Allocation Failure) [PSYoungGen: 58688K->1408K(58880K)] 430744K->373464K(701440K), 0.0027746 secs] [Times: user=0.01 sys=0.00, real=0.01 secs] 
2036.340: [GC (Allocation Failure) [PSYoungGen: 58752K->1392K(58880K)] 430808K->373448K(701440K), 0.0027732 secs] [Times: user=0.01 sys=0.00, real=0.00 secs] 
2037.122: [GC (Allocation Failure) [PSYoungGen: 58736K->1376K(58880K)] 430792K->373432K(701440K), 0.0047849 secs] [Times: user=0.02 sys=0.00, real=0.01 secs] 
2038.134: [GC (Allocation Failure) [PSYoungGen: 58720K->1408K(58880K)] 430776K->373464K(701440K), 0.0018794 secs] [Times: user=0.01 sys=0.00, real=0.01 secs] 
2038.400: [GC (Allocation Failure) [PSYoungGen: 58752K->1360K(58880K)] 430808K->373416K(701440K), 0.0020157 secs] [Times: user=0.01 sys=0.00, real=0.00 secs] 
2038.638: [GC (Allocation Failure) [PSYoungGen: 58704K->1344K(58880K)] 430760K->373400K(701440K), 0.0023306 secs] [Times: user=0.01 sys=0.00, real=0.00 secs] 
2038.877: [GC (Allocation Failure) [PSYoungGen: 58688K->1328K(58880K)] 430744K->373392K(701440K), 0.0018883 secs] [Times: user=0.00 sys=0.00, real=0.00 secs] 
2039.115: [GC (Allocation Failure) [PSYoungGen: 58672K->1344K(58880K)] 430736K->373408K(701440K), 0.0018351 secs] [Times: user=0.01 sys=0.00, real=0.00 secs] 
2039.810: [GC (Allocation Failure) [PSYoungGen: 58688K->1376K(58880K)] 430752K->373440K(701440K), 0.0016648 secs] [Times: user=0.01 sys=0.00, real=0.00 secs] 
2040.049: [GC (Allocation Failure) [PSYoungGen: 58720K->1312K(58880K)] 430784K->373376K(701440K), 0.0018131 secs] [Times: user=0.01 sys=0.00, real=0.00 secs] 
2040.343: [GC (Allocation Failure) [PSYoungGen: 58656K->1376K(58880K)] 430720K->373440K(701440K), 0.0019193 secs] [Times: user=0.01 sys=0.00, real=0.01 secs] 
2040.783: [GC (Allocation Failure) [PSYoungGen: 58720K->1376K(58880K)] 430784K->373440K(701440K), 0.0041798 secs] [Times: user=0.02 sys=0.00, real=0.01 secs] 
2041.297: [GC (Allocation Failure) [PSYoungGen: 58720K->1344K(58880K)] 430784K->373408K(701440K), 0.0023407 secs] [Times: user=0.01 sys=0.01, real=0.00 secs] 
2042.223: [GC (Allocation Failure) [PSYoungGen: 58688K->1408K(58880K)] 430752K->373472K(701440K), 0.0016777 secs] [Times: user=0.00 sys=0.00, real=0.00 secs] 
2043.025: [GC (Allocation Failure) [PSYoungGen: 58752K->1376K(58880K)] 430816K->373440K(701440K), 0.0046690 secs] [Times: user=0.01 sys=0.00, real=0.00 secs] 
2043.778: [GC (Allocation Failure) [PSYoungGen: 58720K->1376K(58880K)] 430784K->373440K(701440K), 0.0033390 secs] [Times: user=0.01 sys=0.00, real=0.00 secs] 
2044.414: [GC (Allocation Failure) [PSYoungGen: 58720K->1376K(58880K)] 430784K->373440K(701440K), 0.0029984 secs] [Times: user=0.01 sys=0.00, real=0.01 secs] 
2044.934: [GC (Allocation Failure) [PSYoungGen: 58720K->1328K(58880K)] 430784K->373392K(701440K), 0.0023628 secs] [Times: user=0.01 sys=0.00, real=0.01 secs] 
2046.013: [GC (Allocation Failure) [PSYoungGen: 58672K->1456K(58880K)] 430736K->373536K(701440K), 0.0015739 secs] [Times: user=0.01 sys=0.00, real=0.00 secs] 
2046.269: [GC (Allocation Failure) [PSYoungGen: 58800K->1344K(58880K)] 430880K->373424K(701440K), 0.0018504 secs] [Times: user=0.01 sys=0.00, real=0.00 secs] 
2046.672: [GC (Allocation Failure) [PSYoungGen: 58688K->1328K(58880K)] 430768K->373408K(701440K), 0.0019171 secs] [Times: user=0.01 sys=0.00, real=0.00 secs] 
2047.110: [GC (Allocation Failure) [PSYoungGen: 58672K->1344K(58880K)] 430752K->373424K(701440K), 0.0040039 secs] [Times: user=0.02 sys=0.00, real=0.00 secs] 
2047.575: [GC (Allocation Failure) [PSYoungGen: 58688K->1376K(58880K)] 430768K->373456K(701440K), 0.0025926 secs] [Times: user=0.01 sys=0.00, real=0.01 secs] 
2048.246: [GC (Allocation Failure) [PSYoungGen: 58720K->1357K(58880K)] 430800K->373437K(701440K), 0.0015054 secs] [Times: user=0.01 sys=0.00, real=0.00 secs] 
2048.774: [GC (Allocation Failure) [PSYoungGen: 58701K->1408K(58880K)] 430781K->373488K(701440K), 0.0016357 secs] [Times: user=0.01 sys=0.00, real=0.01 secs] 
2049.023: [GC (Allocation Failure) [PSYoungGen: 58752K->1376K(58880K)] 430832K->373456K(701440K), 0.0017200 secs] [Times: user=0.00 sys=0.00, real=0.00 secs] 
2049.351: [GC (Allocation Failure) [PSYoungGen: 58720K->1376K(58880K)] 430800K->373456K(701440K), 0.0021926 secs] [Times: user=0.01 sys=0.00, real=0.00 secs] 
2049.589: [GC (Allocation Failure) [PSYoungGen: 58720K->1344K(58880K)] 430800K->373424K(701440K), 0.0018167 secs] [Times: user=0.01 sys=0.00, real=0.00 secs] 
2049.827: [GC (Allocation Failure) [PSYoungGen: 58688K->1344K(58880K)] 430768K->373424K(701440K), 0.0016816 secs] [Times: user=0.00 sys=0.00, real=0.00 secs] 
2050.563: [GC (Allocation Failure) [PSYoungGen: 58688K->1376K(58880K)] 430768K->373456K(701440K), 0.0017656 secs] [Times: user=0.01 sys=0.00, real=0.00 secs] 
2050.833: [GC (Allocation Failure) [PSYoungGen: 58720K->1344K(58880K)] 430800K->373424K(701440K), 0.0017679 secs] [Times: user=0.01 sys=0.00, real=0.00 secs] 
2051.071: [GC (Allocation Failure) [PSYoungGen: 58688K->1344K(58880K)] 430768K->373424K(701440K), 0.0017224 secs] [Times: user=0.00 sys=0.00, real=0.00 secs] 
2051.310: [GC (Allocation Failure) [PSYoungGen: 58688K->1360K(58880K)] 430768K->373440K(701440K), 0.0017425 secs] [Times: user=0.01 sys=0.00, real=0.00 secs] 
2051.582: [GC (Allocation Failure) [PSYoungGen: 58704K->1344K(58880K)] 430784K->373432K(701440K), 0.0018325 secs] [Times: user=0.00 sys=0.00, real=0.00 secs] 
2052.548: [GC (Allocation Failure) [PSYoungGen: 58688K->1344K(58880K)] 430776K->373432K(701440K), 0.0017724 secs] [Times: user=0.00 sys=0.00, real=0.00 secs] 
2053.267: [GC (Allocation Failure) [PSYoungGen: 58688K->1344K(58880K)] 430776K->373432K(701440K), 0.0019579 secs] [Times: user=0.01 sys=0.00, real=0.00 secs] 
2054.055: [GC (Allocation Failure) [PSYoungGen: 58688K->1376K(58880K)] 430776K->373464K(701440K), 0.0025803 secs] [Times: user=0.01 sys=0.00, real=0.00 secs] 
2054.797: [GC (Allocation Failure) [PSYoungGen: 58720K->1376K(58880K)] 430808K->373472K(701440K), 0.0027928 secs] [Times: user=0.01 sys=0.00, real=0.00 secs] 
2055.471: [GC (Allocation Failure) [PSYoungGen: 58720K->1360K(58880K)] 430816K->373480K(701440K), 0.0027514 secs] [Times: user=0.01 sys=0.00, real=0.00 secs] 
2056.478: [GC (Allocation Failure) [PSYoungGen: 58704K->1360K(58880K)] 430824K->373480K(701440K), 0.0016562 secs] [Times: user=0.01 sys=0.00, real=0.00 secs] 
2057.306: [GC (Allocation Failure) [PSYoungGen: 58704K->1344K(58880K)] 430824K->373472K(701440K), 0.0033273 secs] [Times: user=0.01 sys=0.00, real=0.00 secs] 
2058.144: [GC (Allocation Failure) [PSYoungGen: 58688K->1312K(58880K)] 430816K->373448K(701440K), 0.0045960 secs] [Times: user=0.02 sys=0.00, real=0.01 secs] 
2058.743: [GC (Allocation Failure) [PSYoungGen: 58656K->1344K(58880K)] 430792K->373480K(701440K), 0.0030974 secs] [Times: user=0.01 sys=0.00, real=0.01 secs] 
2059.125: [GC (Allocation Failure) [PSYoungGen: 58688K->1376K(58880K)] 430824K->373520K(701440K), 0.0027481 secs] [Times: user=0.01 sys=0.00, real=0.01 secs] 
2060.188: [GC (Allocation Failure) [PSYoungGen: 58720K->1504K(58880K)] 430864K->373752K(701440K), 0.0019756 secs] [Times: user=0.00 sys=0.00, real=0.00 secs] 
2061.052: [GC (Allocation Failure) [PSYoungGen: 58848K->1296K(58880K)] 431096K->373544K(701440K), 0.0040186 secs] [Times: user=0.01 sys=0.00, real=0.01 secs] 
2061.791: [GC (Allocation Failure) [PSYoungGen: 58640K->1296K(58880K)] 430888K->373544K(701440K), 0.0030373 secs] [Times: user=0.01 sys=0.00, real=0.00 secs] 
2062.287: [GC (Allocation Failure) [PSYoungGen: 58640K->1280K(58880K)] 430888K->373528K(701440K), 0.0030068 secs] [Times: user=0.01 sys=0.00, real=0.00 secs] 
2062.723: [GC (Allocation Failure) [PSYoungGen: 58624K->1264K(58880K)] 430872K->373512K(701440K), 0.0023065 secs] [Times: user=0.01 sys=0.00, real=0.01 secs] 
2063.513: [GC (Allocation Failure) [PSYoungGen: 58608K->1357K(58880K)] 430856K->373605K(701440K), 0.0014789 secs] [Times: user=0.01 sys=0.00, real=0.00 secs] 
2064.178: [GC (Allocation Failure) [PSYoungGen: 58701K->1376K(58880K)] 430949K->373624K(701440K), 0.0018779 secs] [Times: user=0.01 sys=0.00, real=0.00 secs] 
2064.702: [GC (Allocation Failure) [PSYoungGen: 58720K->1344K(58880K)] 430968K->373592K(701440K), 0.0018481 secs] [Times: user=0.01 sys=0.00, real=0.00 secs] 
2064.941: [GC (Allocation Failure) [PSYoungGen: 58688K->1376K(58880K)] 430936K->373624K(701440K), 0.0025004 secs] [Times: user=0.01 sys=0.00, real=0.00 secs] 
2065.188: [GC (Allocation Failure) [PSYoungGen: 58720K->1376K(58880K)] 430968K->373624K(701440K), 0.0026561 secs] [Times: user=0.01 sys=0.00, real=0.00 secs] 
2065.635: [GC (Allocation Failure) [PSYoungGen: 58720K->1344K(58880K)] 430968K->373592K(701440K), 0.0019929 secs] [Times: user=0.01 sys=0.00, real=0.00 secs] 
2066.631: [GC (Allocation Failure) [PSYoungGen: 58688K->1408K(58880K)] 430936K->373656K(701440K), 0.0021126 secs] [Times: user=0.01 sys=0.00, real=0.00 secs] 
2067.111: [GC (Allocation Failure) [PSYoungGen: 58752K->1344K(58880K)] 431000K->373600K(701440K), 0.0039481 secs] [Times: user=0.01 sys=0.00, real=0.01 secs] 
2067.567: [GC (Allocation Failure) [PSYoungGen: 58688K->1376K(58880K)] 430944K->373632K(701440K), 0.0030868 secs] [Times: user=0.01 sys=0.00, real=0.00 secs] 
2068.011: [GC (Allocation Failure) [PSYoungGen: 58720K->1376K(58880K)] 430976K->373632K(701440K), 0.0020927 secs] [Times: user=0.00 sys=0.00, real=0.00 secs] 
2068.492: [GC (Allocation Failure) [PSYoungGen: 58720K->1376K(58880K)] 430976K->373640K(701440K), 0.0022557 secs] [Times: user=0.01 sys=0.01, real=0.00 secs] 
2069.479: [GC (Allocation Failure) [PSYoungGen: 58720K->1376K(58880K)] 430984K->373640K(701440K), 0.0017780 secs] [Times: user=0.01 sys=0.00, real=0.00 secs] 
2070.106: [GC (Allocation Failure) [PSYoungGen: 58720K->1344K(58880K)] 430984K->373608K(701440K), 0.0045993 secs] [Times: user=0.01 sys=0.00, real=0.00 secs] 
2070.864: [GC (Allocation Failure) [PSYoungGen: 58688K->1344K(58880K)] 430952K->373608K(701440K), 0.0038022 secs] [Times: user=0.01 sys=0.00, real=0.01 secs] 
2071.499: [GC (Allocation Failure) [PSYoungGen: 58688K->1360K(58880K)] 430952K->373624K(701440K), 0.0031243 secs] [Times: user=0.01 sys=0.00, real=0.00 secs] 
2072.027: [GC (Allocation Failure) [PSYoungGen: 58704K->1376K(58880K)] 430968K->373640K(701440K), 0.0029554 secs] [Times: user=0.01 sys=0.00, real=0.00 secs] 
2073.476: [GC (Allocation Failure) [PSYoungGen: 58720K->1408K(58880K)] 430984K->373672K(701440K), 0.0023264 secs] [Times: user=0.01 sys=0.00, real=0.00 secs] 
2074.238: [GC (Allocation Failure) [PSYoungGen: 58752K->1344K(58880K)] 431016K->373608K(701440K), 0.0039749 secs] [Times: user=0.01 sys=0.00, real=0.00 secs] 
2074.710: [GC (Allocation Failure) [PSYoungGen: 58688K->1328K(58880K)] 430952K->373592K(701440K), 0.0031148 secs] [Times: user=0.02 sys=0.00, real=0.00 secs] 
2075.279: [GC (Allocation Failure) [PSYoungGen: 58672K->1360K(58880K)] 430936K->373624K(701440K), 0.0027540 secs] [Times: user=0.01 sys=0.00, real=0.00 secs] 
2075.693: [GC (Allocation Failure) [PSYoungGen: 58704K->1376K(58880K)] 430968K->373640K(701440K), 0.0026117 secs] [Times: user=0.01 sys=0.00, real=0.01 secs] 
2076.552: [GC (Allocation Failure) [PSYoungGen: 58720K->1504K(58880K)] 430984K->373856K(701440K), 0.0017384 secs] [Times: user=0.00 sys=0.00, real=0.00 secs] 
2077.479: [GC (Allocation Failure) [PSYoungGen: 58848K->1280K(58880K)] 431200K->373632K(701440K), 0.0044914 secs] [Times: user=0.02 sys=0.00, real=0.00 secs] 
2077.990: [GC (Allocation Failure) [PSYoungGen: 58624K->1312K(58880K)] 430976K->373664K(701440K), 0.0025326 secs] [Times: user=0.01 sys=0.00, real=0.00 secs] 
2078.556: [GC (Allocation Failure) [PSYoungGen: 58656K->1312K(58880K)] 431008K->373680K(701440K), 0.0027734 secs] [Times: user=0.01 sys=0.00, real=0.00 secs] 
2079.201: [GC (Allocation Failure) [PSYoungGen: 58656K->1280K(58880K)] 431024K->373648K(701440K), 0.0040451 secs] [Times: user=0.02 sys=0.00, real=0.00 secs] 
2080.059: [GC (Allocation Failure) [PSYoungGen: 58624K->1389K(58880K)] 430992K->373757K(701440K), 0.0015278 secs] [Times: user=0.01 sys=0.00, real=0.00 secs] 
2080.708: [GC (Allocation Failure) [PSYoungGen: 58733K->1440K(58880K)] 431101K->373808K(701440K), 0.0018001 secs] [Times: user=0.00 sys=0.00, real=0.00 secs] 
2081.183: [GC (Allocation Failure) [PSYoungGen: 58784K->1408K(58880K)] 431152K->373776K(701440K), 0.0023976 secs] [Times: user=0.01 sys=0.00, real=0.01 secs] 
2081.696: [GC (Allocation Failure) [PSYoungGen: 58752K->1424K(58880K)] 431120K->373792K(701440K), 0.0020959 secs] [Times: user=0.01 sys=0.00, real=0.00 secs] 
2082.201: [GC (Allocation Failure) [PSYoungGen: 58768K->1424K(58880K)] 431136K->373792K(701440K), 0.0022160 secs] [Times: user=0.00 sys=0.00, real=0.00 secs] 
2082.734: [GC (Allocation Failure) [PSYoungGen: 58763K->304K(58368K)] 431131K->372680K(700928K), 0.0019552 secs] [Times: user=0.00 sys=0.00, real=0.01 secs] 
2083.521: [GC (Allocation Failure) [PSYoungGen: 57136K->1472K(58880K)] 429512K->373848K(701440K), 0.0018954 secs] [Times: user=0.00 sys=0.01, real=0.00 secs] 
2083.785: [GC (Allocation Failure) [PSYoungGen: 58304K->1440K(58880K)] 430680K->373816K(701440K), 0.0017488 secs] [Times: user=0.01 sys=0.00, real=0.01 secs] 
2084.068: [GC (Allocation Failure) [PSYoungGen: 58272K->1440K(58880K)] 430648K->373816K(701440K), 0.0017449 secs] [Times: user=0.00 sys=0.00, real=0.00 secs] 
2084.304: [GC (Allocation Failure) [PSYoungGen: 58272K->1472K(58880K)] 430648K->373848K(701440K), 0.0018158 secs] [Times: user=0.01 sys=0.01, real=0.01 secs] 
2084.540: [GC (Allocation Failure) [PSYoungGen: 58304K->1408K(58880K)] 430680K->373856K(701440K), 0.0017161 secs] [Times: user=0.01 sys=0.00, real=0.00 secs] 
2086.057: [GC (Allocation Failure) [PSYoungGen: 58240K->1408K(58880K)] 430688K->373856K(701440K), 0.0020113 secs] [Times: user=0.01 sys=0.00, real=0.00 secs] 
2086.354: [GC (Allocation Failure) [PSYoungGen: 58240K->1376K(58880K)] 430688K->373840K(701440K), 0.0026561 secs] [Times: user=0.01 sys=0.00, real=0.01 secs] 
2086.592: [GC (Allocation Failure) [PSYoungGen: 58208K->1408K(58880K)] 430672K->373872K(701440K), 0.0021234 secs] [Times: user=0.01 sys=0.00, real=0.00 secs] 
2086.828: [GC (Allocation Failure) [PSYoungGen: 58240K->1360K(58880K)] 430704K->373824K(701440K), 0.0023323 secs] [Times: user=0.01 sys=0.00, real=0.00 secs] 
2087.065: [GC (Allocation Failure) [PSYoungGen: 58192K->1376K(58880K)] 430656K->373840K(701440K), 0.0018700 secs] [Times: user=0.01 sys=0.00, real=0.00 secs] 
2088.109: [GC (Allocation Failure) [PSYoungGen: 58208K->1440K(58880K)] 430672K->373912K(701440K), 0.0028667 secs] [Times: user=0.00 sys=0.01, real=0.00 secs] 
2089.253: [GC (Allocation Failure) [PSYoungGen: 58272K->1376K(58880K)] 430744K->373848K(701440K), 0.0026299 secs] [Times: user=0.01 sys=0.00, real=0.01 secs] 
2089.797: [GC (Allocation Failure) [PSYoungGen: 58208K->1376K(58880K)] 430680K->373848K(701440K), 0.0023583 secs] [Times: user=0.01 sys=0.00, real=0.00 secs] 
2090.163: [GC (Allocation Failure) [PSYoungGen: 58208K->1376K(58880K)] 430680K->373848K(701440K), 0.0019831 secs] [Times: user=0.01 sys=0.00, real=0.01 secs] 
2090.403: [GC (Allocation Failure) [PSYoungGen: 58208K->1376K(58880K)] 430680K->373848K(701440K), 0.0017680 secs] [Times: user=0.01 sys=0.00, real=0.01 secs] 
2091.072: [GC (Allocation Failure) [PSYoungGen: 58208K->1357K(58368K)] 430680K->373829K(700928K), 0.0014586 secs] [Times: user=0.01 sys=0.00, real=0.00 secs] 
2091.807: [GC (Allocation Failure) [PSYoungGen: 58189K->1408K(58368K)] 430661K->373880K(700928K), 0.0022724 secs] [Times: user=0.01 sys=0.00, real=0.00 secs] 
2092.293: [GC (Allocation Failure) [PSYoungGen: 58240K->288K(57856K)] 430712K->373784K(700416K), 0.0042248 secs] [Times: user=0.02 sys=0.00, real=0.01 secs] 
2092.971: [GC (Allocation Failure) [PSYoungGen: 57120K->336K(58880K)] 430616K->373832K(701440K), 0.0026687 secs] [Times: user=0.01 sys=0.00, real=0.00 secs] 
2093.666: [GC (Allocation Failure) [PSYoungGen: 57168K->320K(58880K)] 430664K->373816K(701440K), 0.0030408 secs] [Times: user=0.01 sys=0.00, real=0.00 secs] 
2094.469: [GC (Allocation Failure) [PSYoungGen: 57152K->1360K(58880K)] 430648K->374856K(701440K), 0.0021811 secs] [Times: user=0.01 sys=0.00, real=0.00 secs] 
2095.168: [GC (Allocation Failure) [PSYoungGen: 58192K->1408K(58880K)] 431688K->374904K(701440K), 0.0019013 secs] [Times: user=0.01 sys=0.00, real=0.00 secs] 
2095.459: [GC (Allocation Failure) [PSYoungGen: 58240K->1344K(58880K)] 431736K->374840K(701440K), 0.0018944 secs] [Times: user=0.01 sys=0.00, real=0.00 secs] 
2096.057: [GC (Allocation Failure) [PSYoungGen: 58176K->1376K(58880K)] 431672K->374872K(701440K), 0.0019803 secs] [Times: user=0.01 sys=0.00, real=0.00 secs] 
2096.783: [GC (Allocation Failure) [PSYoungGen: 58208K->1344K(58880K)] 431704K->374840K(701440K), 0.0023918 secs] [Times: user=0.01 sys=0.00, real=0.01 secs] 
2097.529: [GC (Allocation Failure) [PSYoungGen: 58176K->1360K(58880K)] 431672K->374880K(701440K), 0.0026631 secs] [Times: user=0.01 sys=0.00, real=0.00 secs] 
2098.639: [GC (Allocation Failure) [PSYoungGen: 58192K->1392K(58880K)] 431712K->374912K(701440K), 0.0019145 secs] [Times: user=0.01 sys=0.00, real=0.00 secs] 
2098.950: [GC (Allocation Failure) [PSYoungGen: 58224K->1344K(58880K)] 431744K->374864K(701440K), 0.0018951 secs] [Times: user=0.01 sys=0.00, real=0.00 secs] 
2099.209: [GC (Allocation Failure) [PSYoungGen: 58176K->1376K(58880K)] 431696K->374896K(701440K), 0.0018239 secs] [Times: user=0.00 sys=0.00, real=0.00 secs] 
2099.536: [GC (Allocation Failure) [PSYoungGen: 58208K->1376K(58880K)] 431728K->374896K(701440K), 0.0018489 secs] [Times: user=0.00 sys=0.00, real=0.00 secs] 
2100.002: [GC (Allocation Failure) [PSYoungGen: 58208K->1376K(58880K)] 431728K->374896K(701440K), 0.0018254 secs] [Times: user=0.01 sys=0.00, real=0.00 secs] 
2100.917: [GC (Allocation Failure) [PSYoungGen: 58208K->1376K(58880K)] 431728K->374896K(701440K), 0.0017803 secs] [Times: user=0.01 sys=0.00, real=0.00 secs] 
2101.395: [GC (Allocation Failure) [PSYoungGen: 58208K->1376K(58880K)] 431728K->374896K(701440K), 0.0018687 secs] [Times: user=0.01 sys=0.00, real=0.01 secs] 
2101.632: [GC (Allocation Failure) [PSYoungGen: 58208K->1344K(58880K)] 431728K->374864K(701440K), 0.0025723 secs] [Times: user=0.01 sys=0.00, real=0.00 secs] 
2101.979: [GC (Allocation Failure) [PSYoungGen: 58176K->1344K(58880K)] 431696K->374864K(701440K), 0.0026959 secs] [Times: user=0.01 sys=0.00, real=0.00 secs] 
2102.206: [GC (Allocation Failure) [PSYoungGen: 58176K->1344K(58880K)] 431696K->374864K(701440K), 0.0017652 secs] [Times: user=0.01 sys=0.00, real=0.00 secs] 
2102.964: [GC (Allocation Failure) [PSYoungGen: 58104K->192K(58880K)] 431625K->373712K(701440K), 0.0014745 secs] [Times: user=0.00 sys=0.00, real=0.01 secs] 
2103.255: [GC (Allocation Failure) [PSYoungGen: 57024K->1344K(58880K)] 430544K->374864K(701440K), 0.0020753 secs] [Times: user=0.01 sys=0.00, real=0.01 secs] 
2103.653: [GC (Allocation Failure) [PSYoungGen: 58176K->1344K(58880K)] 431696K->374864K(701440K), 0.0018343 secs] [Times: user=0.01 sys=0.00, real=0.00 secs] 
2104.086: [GC (Allocation Failure) [PSYoungGen: 58176K->1344K(58880K)] 431696K->374864K(701440K), 0.0019624 secs] [Times: user=0.01 sys=0.00, real=0.00 secs] 
2104.518: [GC (Allocation Failure) [PSYoungGen: 58176K->1344K(58880K)] 431696K->374864K(701440K), 0.0026657 secs] [Times: user=0.01 sys=0.00, real=0.00 secs] 
2105.130: [GC (Allocation Failure) [PSYoungGen: 58176K->1296K(58880K)] 431696K->374832K(701440K), 0.0020880 secs] [Times: user=0.01 sys=0.00, real=0.00 secs] 
2105.816: [GC (Allocation Failure) [PSYoungGen: 58128K->1408K(58880K)] 431664K->374944K(701440K), 0.0018801 secs] [Times: user=0.01 sys=0.00, real=0.00 secs] 
2106.052: [GC (Allocation Failure) [PSYoungGen: 58240K->1344K(58880K)] 431776K->374880K(701440K), 0.0018467 secs] [Times: user=0.01 sys=0.00, real=0.00 secs] 
2106.288: [GC (Allocation Failure) [PSYoungGen: 58176K->1344K(58880K)] 431712K->374880K(701440K), 0.0017317 secs] [Times: user=0.00 sys=0.00, real=0.00 secs] 
2106.573: [GC (Allocation Failure) [PSYoungGen: 58176K->1344K(58880K)] 431712K->374880K(701440K), 0.0016833 secs] [Times: user=0.00 sys=0.00, real=0.00 secs] 
2106.916: [GC (Allocation Failure) [PSYoungGen: 58176K->1312K(58880K)] 431712K->374856K(701440K), 0.0017776 secs] [Times: user=0.01 sys=0.00, real=0.00 secs] 
2107.820: [GC (Allocation Failure) [PSYoungGen: 58144K->1408K(58880K)] 431688K->374952K(701440K), 0.0019742 secs] [Times: user=0.00 sys=0.00, real=0.00 secs] 
2108.258: [GC (Allocation Failure) [PSYoungGen: 58240K->1344K(58880K)] 431784K->374888K(701440K), 0.0019875 secs] [Times: user=0.01 sys=0.00, real=0.00 secs] 
2108.503: [GC (Allocation Failure) [PSYoungGen: 58176K->1344K(58880K)] 431720K->374888K(701440K), 0.0021477 secs] [Times: user=0.00 sys=0.00, real=0.01 secs] 
2108.748: [GC (Allocation Failure) [PSYoungGen: 58176K->1344K(58880K)] 431720K->374888K(701440K), 0.0020942 secs] [Times: user=0.01 sys=0.00, real=0.00 secs] 
2108.984: [GC (Allocation Failure) [PSYoungGen: 58176K->1360K(58880K)] 431720K->374904K(701440K), 0.0021842 secs] [Times: user=0.01 sys=0.00, real=0.01 secs] 
2110.019: [GC (Allocation Failure) [PSYoungGen: 58192K->1408K(58880K)] 431736K->374952K(701440K), 0.0016966 secs] [Times: user=0.00 sys=0.00, real=0.00 secs] 
2110.738: [GC (Allocation Failure) [PSYoungGen: 58240K->1376K(58880K)] 431784K->374920K(701440K), 0.0038842 secs] [Times: user=0.01 sys=0.00, real=0.00 secs] 
2111.242: [GC (Allocation Failure) [PSYoungGen: 58208K->1376K(58880K)] 431752K->374920K(701440K), 0.0030894 secs] [Times: user=0.02 sys=0.00, real=0.01 secs] 
2111.651: [GC (Allocation Failure) [PSYoungGen: 58208K->1376K(58880K)] 431752K->374920K(701440K), 0.0026452 secs] [Times: user=0.01 sys=0.00, real=0.00 secs] 
2112.143: [GC (Allocation Failure) [PSYoungGen: 58208K->1376K(58880K)] 431752K->374920K(701440K), 0.0023580 secs] [Times: user=0.01 sys=0.00, real=0.01 secs] 
2113.214: [GC (Allocation Failure) [PSYoungGen: 58208K->1440K(58880K)] 431752K->374984K(701440K), 0.0018583 secs] [Times: user=0.01 sys=0.00, real=0.01 secs] 
2113.922: [GC (Allocation Failure) [PSYoungGen: 58272K->1376K(58880K)] 431816K->374920K(701440K), 0.0039750 secs] [Times: user=0.01 sys=0.00, real=0.01 secs] 
2114.422: [GC (Allocation Failure) [PSYoungGen: 58208K->1376K(58880K)] 431752K->374920K(701440K), 0.0033048 secs] [Times: user=0.01 sys=0.00, real=0.01 secs] 
2114.978: [GC (Allocation Failure) [PSYoungGen: 58208K->1376K(58368K)] 431752K->374920K(700928K), 0.0027016 secs] [Times: user=0.01 sys=0.00, real=0.00 secs] 
2115.582: [GC (Allocation Failure) [PSYoungGen: 58208K->1408K(57856K)] 431752K->374952K(700416K), 0.0025941 secs] [Times: user=0.01 sys=0.00, real=0.00 secs] 
2116.318: [GC (Allocation Failure) [PSYoungGen: 57728K->1389K(57856K)] 431272K->374933K(700416K), 0.0018873 secs] [Times: user=0.00 sys=0.00, real=0.00 secs] 
2117.113: [GC (Allocation Failure) [PSYoungGen: 57709K->1344K(57856K)] 431253K->374896K(700416K), 0.0022523 secs] [Times: user=0.01 sys=0.00, real=0.00 secs] 
2117.347: [GC (Allocation Failure) [PSYoungGen: 57664K->1344K(57856K)] 431216K->374896K(700416K), 0.0018683 secs] [Times: user=0.01 sys=0.00, real=0.00 secs] 
2117.679: [GC (Allocation Failure) [PSYoungGen: 57664K->1344K(57856K)] 431216K->374896K(700416K), 0.0019684 secs] [Times: user=0.01 sys=0.00, real=0.00 secs] 
2118.122: [GC (Allocation Failure) [PSYoungGen: 57664K->1376K(57856K)] 431216K->374928K(700416K), 0.0019261 secs] [Times: user=0.01 sys=0.00, real=0.00 secs] 
2118.529: [GC (Allocation Failure) [PSYoungGen: 57696K->1344K(57856K)] 431248K->374896K(700416K), 0.0019012 secs] [Times: user=0.01 sys=0.00, real=0.00 secs] 
2119.356: [GC (Allocation Failure) [PSYoungGen: 57664K->1376K(57856K)] 431216K->374928K(700416K), 0.0022230 secs] [Times: user=0.01 sys=0.00, real=0.00 secs] 
2119.734: [GC (Allocation Failure) [PSYoungGen: 57696K->1344K(57856K)] 431248K->374896K(700416K), 0.0018128 secs] [Times: user=0.00 sys=0.00, real=0.01 secs] 
2119.969: [GC (Allocation Failure) [PSYoungGen: 57664K->1344K(57856K)] 431216K->374896K(700416K), 0.0017359 secs] [Times: user=0.01 sys=0.00, real=0.00 secs] 
2120.352: [GC (Allocation Failure) [PSYoungGen: 57664K->1328K(57856K)] 431216K->374880K(700416K), 0.0019167 secs] [Times: user=0.01 sys=0.00, real=0.00 secs] 
2120.833: [GC (Allocation Failure) [PSYoungGen: 57648K->1344K(57856K)] 431200K->374896K(700416K), 0.0020998 secs] [Times: user=0.01 sys=0.00, real=0.00 secs] 
2121.937: [GC (Allocation Failure) [PSYoungGen: 57664K->1408K(57856K)] 431216K->374960K(700416K), 0.0052600 secs] [Times: user=0.02 sys=0.00, real=0.00 secs] 
2122.472: [GC (Allocation Failure) [PSYoungGen: 57728K->1344K(57856K)] 431280K->374896K(700416K), 0.0022869 secs] [Times: user=0.01 sys=0.00, real=0.00 secs] 
2123.270: [GC (Allocation Failure) [PSYoungGen: 57664K->1376K(57856K)] 431216K->374928K(700416K), 0.0026136 secs] [Times: user=0.01 sys=0.00, real=0.00 secs] 
2124.163: [GC (Allocation Failure) [PSYoungGen: 57696K->1376K(57856K)] 431248K->374928K(700416K), 0.0027996 secs] [Times: user=0.01 sys=0.00, real=0.01 secs] 
2125.110: [GC (Allocation Failure) [PSYoungGen: 57696K->1328K(57856K)] 431248K->374880K(700416K), 0.0033589 secs] [Times: user=0.01 sys=0.00, real=0.00 secs] 
2126.097: [GC (Allocation Failure) [PSYoungGen: 57648K->1357K(57856K)] 431200K->374909K(700416K), 0.0015486 secs] [Times: user=0.01 sys=0.00, real=0.00 secs] 
2126.504: [GC (Allocation Failure) [PSYoungGen: 57677K->1376K(57856K)] 431229K->374928K(700416K), 0.0017243 secs] [Times: user=0.01 sys=0.00, real=0.01 secs] 
2126.738: [GC (Allocation Failure) [PSYoungGen: 57696K->1344K(57856K)] 431248K->374896K(700416K), 0.0018317 secs] [Times: user=0.01 sys=0.00, real=0.00 secs] 
2126.997: [GC (Allocation Failure) [PSYoungGen: 57664K->1344K(57856K)] 431216K->374912K(700416K), 0.0023327 secs] [Times: user=0.01 sys=0.00, real=0.00 secs] 
2127.466: [GC (Allocation Failure) [PSYoungGen: 57664K->1344K(57856K)] 431232K->374912K(700416K), 0.0017730 secs] [Times: user=0.01 sys=0.00, real=0.00 secs] 
2128.022: [GC (Allocation Failure) [PSYoungGen: 57664K->1344K(57856K)] 431232K->374912K(700416K), 0.0020539 secs] [Times: user=0.01 sys=0.00, real=0.00 secs] 
2128.826: [GC (Allocation Failure) [PSYoungGen: 57664K->1408K(57856K)] 431232K->374976K(700416K), 0.0024710 secs] [Times: user=0.01 sys=0.00, real=0.00 secs] 
2129.062: [GC (Allocation Failure) [PSYoungGen: 57728K->1344K(57856K)] 431296K->374912K(700416K), 0.0018798 secs] [Times: user=0.01 sys=0.00, real=0.00 secs] 
2129.355: [GC (Allocation Failure) [PSYoungGen: 57664K->1328K(57856K)] 431232K->374896K(700416K), 0.0018707 secs] [Times: user=0.01 sys=0.00, real=0.00 secs] 
2129.852: [GC (Allocation Failure) [PSYoungGen: 57648K->1344K(57856K)] 431216K->374912K(700416K), 0.0020992 secs] [Times: user=0.00 sys=0.00, real=0.00 secs] 
2130.329: [GC (Allocation Failure) [PSYoungGen: 57664K->1344K(57856K)] 431232K->374912K(700416K), 0.0022702 secs] [Times: user=0.01 sys=0.00, real=0.00 secs] 
2131.130: [GC (Allocation Failure) [PSYoungGen: 57664K->1376K(57856K)] 431232K->374944K(700416K), 0.0018002 secs] [Times: user=0.00 sys=0.00, real=0.00 secs] 
2131.392: [GC (Allocation Failure) [PSYoungGen: 57696K->1344K(57856K)] 431264K->374912K(700416K), 0.0018053 secs] [Times: user=0.01 sys=0.00, real=0.00 secs] 
2131.626: [GC (Allocation Failure) [PSYoungGen: 57664K->1344K(57856K)] 431232K->374912K(700416K), 0.0018312 secs] [Times: user=0.01 sys=0.00, real=0.00 secs] 
2131.885: [GC (Allocation Failure) [PSYoungGen: 57664K->1360K(57856K)] 431232K->374928K(700416K), 0.0020942 secs] [Times: user=0.01 sys=0.00, real=0.00 secs] 
2132.157: [GC (Allocation Failure) [PSYoungGen: 57680K->1376K(57856K)] 431248K->374944K(700416K), 0.0041152 secs] [Times: user=0.01 sys=0.00, real=0.00 secs] 
2133.223: [GC (Allocation Failure) [PSYoungGen: 57696K->1520K(57856K)] 431264K->375088K(700416K), 0.0020682 secs] [Times: user=0.00 sys=0.00, real=0.01 secs] 
2133.679: [GC (Allocation Failure) [PSYoungGen: 57840K->1328K(57856K)] 431408K->374896K(700416K), 0.0019201 secs] [Times: user=0.00 sys=0.00, real=0.00 secs] 
2134.122: [GC (Allocation Failure) [PSYoungGen: 57648K->1328K(57856K)] 431216K->374896K(700416K), 0.0033696 secs] [Times: user=0.01 sys=0.00, real=0.01 secs] 
2134.828: [GC (Allocation Failure) [PSYoungGen: 57648K->1376K(57856K)] 431216K->374944K(700416K), 0.0031380 secs] [Times: user=0.01 sys=0.01, real=0.00 secs] 
2135.418: [GC (Allocation Failure) [PSYoungGen: 57696K->1344K(57856K)] 431264K->374928K(700416K), 0.0031435 secs] [Times: user=0.02 sys=0.00, real=0.00 secs] 
2136.226: [GC (Allocation Failure) [PSYoungGen: 57664K->1325K(57856K)] 431248K->374909K(700416K), 0.0017378 secs] [Times: user=0.01 sys=0.00, real=0.00 secs] 
2136.975: [GC (Allocation Failure) [PSYoungGen: 57645K->1376K(57856K)] 431229K->374960K(700416K), 0.0017916 secs] [Times: user=0.01 sys=0.00, real=0.01 secs] 
2137.390: [GC (Allocation Failure) [PSYoungGen: 57696K->1344K(57856K)] 431280K->374928K(700416K), 0.0017549 secs] [Times: user=0.01 sys=0.00, real=0.00 secs] 
2137.624: [GC (Allocation Failure) [PSYoungGen: 57664K->1344K(57856K)] 431248K->374928K(700416K), 0.0017526 secs] [Times: user=0.01 sys=0.00, real=0.01 secs] 
2137.858: [GC (Allocation Failure) [PSYoungGen: 57664K->1344K(57856K)] 431248K->374928K(700416K), 0.0017732 secs] [Times: user=0.01 sys=0.00, real=0.00 secs] 
2138.300: [GC (Allocation Failure) [PSYoungGen: 57664K->1344K(57856K)] 431248K->374936K(700416K), 0.0018659 secs] [Times: user=0.00 sys=0.00, real=0.00 secs] 
2139.051: [GC (Allocation Failure) [PSYoungGen: 57664K->1440K(57856K)] 431256K->375032K(700416K), 0.0016663 secs] [Times: user=0.00 sys=0.00, real=0.00 secs] 
2139.488: [GC (Allocation Failure) [PSYoungGen: 57760K->1376K(57856K)] 431352K->374968K(700416K), 0.0018904 secs] [Times: user=0.01 sys=0.00, real=0.00 secs] 
2139.931: [GC (Allocation Failure) [PSYoungGen: 57696K->1408K(57856K)] 431288K->375000K(700416K), 0.0023288 secs] [Times: user=0.01 sys=0.00, real=0.00 secs] 
2140.396: [GC (Allocation Failure) [PSYoungGen: 57728K->1408K(57856K)] 431320K->375000K(700416K), 0.0023284 secs] [Times: user=0.01 sys=0.00, real=0.00 secs] 
2140.889: [GC (Allocation Failure) [PSYoungGen: 57728K->1408K(57856K)] 431320K->375008K(700416K), 0.0027121 secs] [Times: user=0.01 sys=0.00, real=0.00 secs] 
2141.915: [GC (Allocation Failure) [PSYoungGen: 57728K->1344K(57856K)] 431328K->374944K(700416K), 0.0015837 secs] [Times: user=0.01 sys=0.00, real=0.00 secs] 
2142.526: [GC (Allocation Failure) [PSYoungGen: 57664K->1376K(57856K)] 431264K->374976K(700416K), 0.0018523 secs] [Times: user=0.00 sys=0.00, real=0.00 secs] 
2142.958: [GC (Allocation Failure) [PSYoungGen: 57696K->1344K(57856K)] 431296K->374944K(700416K), 0.0020422 secs] [Times: user=0.01 sys=0.00, real=0.00 secs] 
2143.646: [GC (Allocation Failure) [PSYoungGen: 57664K->1344K(57856K)] 431264K->374944K(700416K), 0.0026255 secs] [Times: user=0.01 sys=0.00, real=0.00 secs] 
2144.355: [GC (Allocation Failure) [PSYoungGen: 57664K->1376K(57856K)] 431264K->374976K(700416K), 0.0033736 secs] [Times: user=0.02 sys=0.00, real=0.00 secs] 
2145.407: [GC (Allocation Failure) [PSYoungGen: 57696K->1357K(57856K)] 431296K->374957K(700416K), 0.0015663 secs] [Times: user=0.00 sys=0.00, real=0.00 secs] 
2145.861: [GC (Allocation Failure) [PSYoungGen: 57677K->1376K(57856K)] 431277K->374976K(700416K), 0.0018639 secs] [Times: user=0.01 sys=0.00, real=0.00 secs] 
2146.095: [GC (Allocation Failure) [PSYoungGen: 57696K->1344K(57856K)] 431296K->374944K(700416K), 0.0016730 secs] [Times: user=0.00 sys=0.00, real=0.00 secs] 
2146.427: [GC (Allocation Failure) [PSYoungGen: 57664K->1328K(57856K)] 431264K->374928K(700416K), 0.0018489 secs] [Times: user=0.00 sys=0.00, real=0.00 secs] 
2146.892: [GC (Allocation Failure) [PSYoungGen: 57648K->1376K(57856K)] 431248K->374992K(700416K), 0.0018107 secs] [Times: user=0.00 sys=0.00, real=0.00 secs] 
2147.483: [GC (Allocation Failure) [PSYoungGen: 57696K->1312K(57856K)] 431312K->374928K(700416K), 0.0019911 secs] [Times: user=0.01 sys=0.00, real=0.01 secs] 
2148.490: [GC (Allocation Failure) [PSYoungGen: 57632K->1376K(57856K)] 431248K->374992K(700416K), 0.0019847 secs] [Times: user=0.01 sys=0.00, real=0.00 secs] 
2149.224: [GC (Allocation Failure) [PSYoungGen: 57696K->1344K(57856K)] 431312K->374960K(700416K), 0.0039086 secs] [Times: user=0.02 sys=0.00, real=0.01 secs] 
2149.785: [GC (Allocation Failure) [PSYoungGen: 57664K->1344K(57856K)] 431280K->374960K(700416K), 0.0031100 secs] [Times: user=0.01 sys=0.00, real=0.00 secs] 
2150.299: [GC (Allocation Failure) [PSYoungGen: 57664K->1360K(57856K)] 431280K->374976K(700416K), 0.0024855 secs] [Times: user=0.01 sys=0.00, real=0.00 secs] 
2150.806: [GC (Allocation Failure) [PSYoungGen: 57680K->1344K(57856K)] 431296K->374960K(700416K), 0.0024534 secs] [Times: user=0.01 sys=0.00, real=0.00 secs] 
2152.185: [GC (Allocation Failure) [PSYoungGen: 57664K->1392K(57856K)] 431280K->375008K(700416K), 0.0047450 secs] [Times: user=0.02 sys=0.00, real=0.01 secs] 
2153.168: [GC (Allocation Failure) [PSYoungGen: 57712K->1376K(57856K)] 431328K->374992K(700416K), 0.0039592 secs] [Times: user=0.01 sys=0.00, real=0.00 secs] 
2153.829: [GC (Allocation Failure) [PSYoungGen: 57696K->1360K(57856K)] 431312K->374976K(700416K), 0.0037973 secs] [Times: user=0.02 sys=0.01, real=0.00 secs] 
2154.379: [GC (Allocation Failure) [PSYoungGen: 57680K->1376K(57856K)] 431296K->374992K(700416K), 0.0025615 secs] [Times: user=0.01 sys=0.00, real=0.00 secs] 
2154.894: [GC (Allocation Failure) [PSYoungGen: 57696K->1344K(57856K)] 431312K->374960K(700416K), 0.0027441 secs] [Times: user=0.01 sys=0.00, real=0.01 secs] 
2155.757: [GC (Allocation Failure) [PSYoungGen: 57664K->1280K(57856K)] 431280K->374896K(700416K), 0.0015841 secs] [Times: user=0.00 sys=0.00, real=0.00 secs] 
2157.722: [GC (Allocation Failure) [PSYoungGen: 57600K->1344K(57856K)] 431216K->374960K(700416K), 0.0032024 secs] [Times: user=0.02 sys=0.00, real=0.01 secs] 
2158.166: [GC (Allocation Failure) [PSYoungGen: 57664K->1344K(57856K)] 431280K->374960K(700416K), 0.0021328 secs] [Times: user=0.01 sys=0.00, real=0.00 secs] 
2158.760: [GC (Allocation Failure) [PSYoungGen: 57664K->1344K(57856K)] 431280K->374960K(700416K), 0.0021585 secs] [Times: user=0.01 sys=0.00, real=0.00 secs] 
2159.399: [GC (Allocation Failure) [PSYoungGen: 57664K->1376K(57856K)] 431280K->374992K(700416K), 0.0021793 secs] [Times: user=0.01 sys=0.00, real=0.00 secs] 
2160.128: [GC (Allocation Failure) [PSYoungGen: 57696K->1360K(57856K)] 431312K->374992K(700416K), 0.0025675 secs] [Times: user=0.01 sys=0.00, real=0.00 secs] 
2160.998: [GC (Allocation Failure) [PSYoungGen: 57680K->1344K(57856K)] 431312K->374976K(700416K), 0.0016970 secs] [Times: user=0.01 sys=0.00, real=0.00 secs] 
2161.491: [GC (Allocation Failure) [PSYoungGen: 57664K->1376K(57856K)] 431296K->375008K(700416K), 0.0025624 secs] [Times: user=0.01 sys=0.00, real=0.00 secs] 
2162.017: [GC (Allocation Failure) [PSYoungGen: 57696K->1376K(57856K)] 431328K->375008K(700416K), 0.0047712 secs] [Times: user=0.02 sys=0.00, real=0.00 secs] 
2162.559: [GC (Allocation Failure) [PSYoungGen: 57696K->1344K(57856K)] 431328K->374976K(700416K), 0.0032453 secs] [Times: user=0.02 sys=0.00, real=0.00 secs] 
2163.111: [GC (Allocation Failure) [PSYoungGen: 57664K->1328K(57856K)] 431296K->374960K(700416K), 0.0026853 secs] [Times: user=0.01 sys=0.00, real=0.00 secs] 
2165.988: [GC (Allocation Failure) [PSYoungGen: 57648K->1376K(57856K)] 431280K->375008K(700416K), 0.0046934 secs] [Times: user=0.01 sys=0.00, real=0.00 secs] 
2166.761: [GC (Allocation Failure) [PSYoungGen: 57696K->1344K(57856K)] 431328K->374976K(700416K), 0.0031067 secs] [Times: user=0.01 sys=0.00, real=0.00 secs] 
2167.087: [GC (Allocation Failure) [PSYoungGen: 57664K->1344K(57856K)] 431296K->374976K(700416K), 0.0020236 secs] [Times: user=0.01 sys=0.00, real=0.00 secs] 
2167.321: [GC (Allocation Failure) [PSYoungGen: 57664K->1344K(57856K)] 431296K->374976K(700416K), 0.0020615 secs] [Times: user=0.01 sys=0.00, real=0.00 secs] 
2167.555: [GC (Allocation Failure) [PSYoungGen: 57664K->1312K(57856K)] 431296K->374944K(700416K), 0.0018457 secs] [Times: user=0.01 sys=0.01, real=0.01 secs] 
2168.583: [GC (Allocation Failure) [PSYoungGen: 57632K->864K(57856K)] 431264K->375520K(700416K), 0.0021469 secs] [Times: user=0.00 sys=0.00, real=0.01 secs] 
2169.635: [GC (Allocation Failure) [PSYoungGen: 57184K->336K(57856K)] 431840K->375000K(700416K), 0.0023095 secs] [Times: user=0.01 sys=0.00, real=0.00 secs] 
2170.378: [GC (Allocation Failure) [PSYoungGen: 56656K->352K(58368K)] 431320K->375016K(700928K), 0.0028050 secs] [Times: user=0.01 sys=0.00, real=0.00 secs] 
2171.065: [GC (Allocation Failure) [PSYoungGen: 56672K->320K(58368K)] 431336K->374984K(700928K), 0.0026904 secs] [Times: user=0.01 sys=0.01, real=0.00 secs] 
2171.915: [GC (Allocation Failure) [PSYoungGen: 56640K->320K(58368K)] 431304K->374984K(700928K), 0.0028811 secs] [Times: user=0.01 sys=0.00, real=0.01 secs] 
2172.630: [GC (Allocation Failure) [PSYoungGen: 56640K->1325K(58368K)] 431304K->375989K(700928K), 0.0014516 secs] [Times: user=0.01 sys=0.00, real=0.00 secs] 
2173.348: [GC (Allocation Failure) [PSYoungGen: 57645K->1408K(58368K)] 432309K->376072K(700928K), 0.0020078 secs] [Times: user=0.00 sys=0.00, real=0.00 secs] 
2173.855: [GC (Allocation Failure) [PSYoungGen: 57728K->1376K(58368K)] 432392K->376040K(700928K), 0.0023376 secs] [Times: user=0.01 sys=0.00, real=0.00 secs] 
2174.404: [GC (Allocation Failure) [PSYoungGen: 57696K->1376K(58368K)] 432360K->376040K(700928K), 0.0026751 secs] [Times: user=0.01 sys=0.00, real=0.01 secs] 
2174.860: [GC (Allocation Failure) [PSYoungGen: 57696K->1408K(58368K)] 432360K->376072K(700928K), 0.0020843 secs] [Times: user=0.01 sys=0.00, real=0.00 secs] 
2175.104: [GC (Allocation Failure) [PSYoungGen: 57728K->1376K(58368K)] 432392K->376040K(700928K), 0.0019232 secs] [Times: user=0.01 sys=0.00, real=0.01 secs] 
2175.796: [GC (Allocation Failure) [PSYoungGen: 57696K->1344K(58368K)] 432360K->376008K(700928K), 0.0018055 secs] [Times: user=0.00 sys=0.00, real=0.00 secs] 
2176.031: [GC (Allocation Failure) [PSYoungGen: 57664K->1376K(58368K)] 432328K->376040K(700928K), 0.0018321 secs] [Times: user=0.01 sys=0.00, real=0.00 secs] 
2176.287: [GC (Allocation Failure) [PSYoungGen: 57696K->1344K(58368K)] 432360K->376008K(700928K), 0.0018586 secs] [Times: user=0.01 sys=0.01, real=0.00 secs] 
2176.561: [GC (Allocation Failure) [PSYoungGen: 57664K->1376K(58368K)] 432328K->376048K(700928K), 0.0017382 secs] [Times: user=0.01 sys=0.00, real=0.00 secs] 
2176.864: [GC (Allocation Failure) [PSYoungGen: 57696K->1344K(58368K)] 432368K->376032K(700928K), 0.0020800 secs] [Times: user=0.01 sys=0.00, real=0.01 secs] 
2177.634: [GC (Allocation Failure) [PSYoungGen: 57664K->1376K(58368K)] 432352K->376072K(700928K), 0.0018154 secs] [Times: user=0.01 sys=0.00, real=0.01 secs] 
2177.898: [GC (Allocation Failure) [PSYoungGen: 57696K->1344K(58368K)] 432392K->376048K(700928K), 0.0016969 secs] [Times: user=0.01 sys=0.00, real=0.00 secs] 
2178.135: [GC (Allocation Failure) [PSYoungGen: 57664K->1376K(58368K)] 432368K->376080K(700928K), 0.0017033 secs] [Times: user=0.01 sys=0.00, real=0.00 secs] 
2178.423: [GC (Allocation Failure) [PSYoungGen: 57696K->1376K(58368K)] 432400K->376080K(700928K), 0.0018352 secs] [Times: user=0.01 sys=0.00, real=0.01 secs] 
2178.657: [GC (Allocation Failure) [PSYoungGen: 57696K->1344K(58368K)] 432400K->376048K(700928K), 0.0017152 secs] [Times: user=0.00 sys=0.00, real=0.00 secs] 
2179.461: [GC (Allocation Failure) [PSYoungGen: 57664K->128K(58368K)] 432368K->374832K(700928K), 0.0013982 secs] [Times: user=0.00 sys=0.00, real=0.00 secs] 
2180.404: [GC (Allocation Failure) [PSYoungGen: 56448K->1360K(58368K)] 431152K->376064K(700928K), 0.0027362 secs] [Times: user=0.01 sys=0.00, real=0.01 secs] 
2181.438: [GC (Allocation Failure) [PSYoungGen: 57680K->1376K(58368K)] 432384K->376080K(700928K), 0.0140946 secs] [Times: user=0.06 sys=0.00, real=0.01 secs] 
2182.135: [GC (Allocation Failure) [PSYoungGen: 57696K->1376K(58368K)] 432400K->376080K(700928K), 0.0032052 secs] [Times: user=0.01 sys=0.00, real=0.00 secs] 
2182.697: [GC (Allocation Failure) [PSYoungGen: 57696K->1376K(58368K)] 432400K->376080K(700928K), 0.0020304 secs] [Times: user=0.00 sys=0.00, real=0.00 secs] 
2183.155: [GC (Allocation Failure) [PSYoungGen: 57686K->256K(58368K)] 432391K->374960K(700928K), 0.0022224 secs] [Times: user=0.01 sys=0.00, real=0.00 secs] 
2184.126: [GC (Allocation Failure) [PSYoungGen: 56576K->1376K(58368K)] 431280K->376080K(700928K), 0.0022706 secs] [Times: user=0.01 sys=0.00, real=0.00 secs] 
2184.622: [GC (Allocation Failure) [PSYoungGen: 57696K->1344K(58368K)] 432400K->376048K(700928K), 0.0022323 secs] [Times: user=0.01 sys=0.00, real=0.00 secs] 
2185.119: [GC (Allocation Failure) [PSYoungGen: 57664K->1344K(58368K)] 432368K->376048K(700928K), 0.0023582 secs] [Times: user=0.01 sys=0.00, real=0.00 secs] 
2185.356: [GC (Allocation Failure) [PSYoungGen: 57664K->1312K(58368K)] 432368K->376016K(700928K), 0.0019089 secs] [Times: user=0.01 sys=0.00, real=0.00 secs] 
2185.737: [GC (Allocation Failure) [PSYoungGen: 57632K->1376K(58368K)] 432336K->376080K(700928K), 0.0021352 secs] [Times: user=0.01 sys=0.00, real=0.00 secs] 
2186.936: [GC (Allocation Failure) [PSYoungGen: 57696K->1360K(58368K)] 432400K->376080K(700928K), 0.0021030 secs] [Times: user=0.01 sys=0.00, real=0.00 secs] 
2187.532: [GC (Allocation Failure) [PSYoungGen: 57680K->1312K(58368K)] 432400K->376032K(700928K), 0.0020958 secs] [Times: user=0.01 sys=0.00, real=0.00 secs] 
2188.158: [GC (Allocation Failure) [PSYoungGen: 57632K->1280K(58368K)] 432352K->376000K(700928K), 0.0026201 secs] [Times: user=0.01 sys=0.00, real=0.00 secs] 
2188.886: [GC (Allocation Failure) [PSYoungGen: 57600K->1312K(58368K)] 432320K->376032K(700928K), 0.0026625 secs] [Times: user=0.01 sys=0.00, real=0.00 secs] 
2189.410: [GC (Allocation Failure) [PSYoungGen: 57632K->1360K(58368K)] 432352K->376080K(700928K), 0.0026326 secs] [Times: user=0.01 sys=0.00, real=0.00 secs] 
2190.498: [GC (Allocation Failure) [PSYoungGen: 57680K->1888K(58368K)] 432400K->376608K(700928K), 0.0025786 secs] [Times: user=0.01 sys=0.00, real=0.00 secs] 
2190.767: [GC (Allocation Failure) [PSYoungGen: 58208K->1312K(58368K)] 432928K->376032K(700928K), 0.0016753 secs] [Times: user=0.01 sys=0.00, real=0.00 secs] 
2191.000: [GC (Allocation Failure) [PSYoungGen: 57632K->1344K(58368K)] 432352K->376064K(700928K), 0.0019206 secs] [Times: user=0.01 sys=0.00, real=0.00 secs] 
2191.235: [GC (Allocation Failure) [PSYoungGen: 57664K->1344K(58368K)] 432384K->376064K(700928K), 0.0022642 secs] [Times: user=0.01 sys=0.01, real=0.00 secs] 
2191.469: [GC (Allocation Failure) [PSYoungGen: 57664K->1312K(58368K)] 432384K->376032K(700928K), 0.0018926 secs] [Times: user=0.01 sys=0.00, real=0.00 secs] 
2192.254: [GC (Allocation Failure) [PSYoungGen: 57632K->1357K(58368K)] 432352K->376077K(700928K), 0.0015629 secs] [Times: user=0.00 sys=0.00, real=0.01 secs] 
2192.776: [GC (Allocation Failure) [PSYoungGen: 57677K->1344K(58368K)] 432397K->376064K(700928K), 0.0019504 secs] [Times: user=0.00 sys=0.00, real=0.00 secs] 
2193.010: [GC (Allocation Failure) [PSYoungGen: 57664K->1344K(58368K)] 432384K->376064K(700928K), 0.0018673 secs] [Times: user=0.01 sys=0.00, real=0.00 secs] 
2193.275: [GC (Allocation Failure) [PSYoungGen: 57664K->1328K(58368K)] 432384K->376048K(700928K), 0.0021078 secs] [Times: user=0.01 sys=0.00, real=0.00 secs] 
2193.639: [GC (Allocation Failure) [PSYoungGen: 57648K->1280K(58368K)] 432368K->376000K(700928K), 0.0020768 secs] [Times: user=0.01 sys=0.00, real=0.00 secs] 
2194.080: [GC (Allocation Failure) [PSYoungGen: 57600K->1328K(58368K)] 432320K->376048K(700928K), 0.0027403 secs] [Times: user=0.01 sys=0.00, real=0.00 secs] 
2195.175: [GC (Allocation Failure) [PSYoungGen: 57648K->1376K(58368K)] 432368K->376096K(700928K), 0.0046486 secs] [Times: user=0.02 sys=0.00, real=0.00 secs] 
2195.913: [GC (Allocation Failure) [PSYoungGen: 57696K->1328K(58368K)] 432416K->376064K(700928K), 0.0046877 secs] [Times: user=0.02 sys=0.00, real=0.01 secs] 
2196.598: [GC (Allocation Failure) [PSYoungGen: 57648K->1312K(57856K)] 432384K->376048K(700416K), 0.0031986 secs] [Times: user=0.01 sys=0.00, real=0.00 secs] 
2197.097: [GC (Allocation Failure) [PSYoungGen: 57632K->1280K(57856K)] 432368K->376016K(700416K), 0.0023966 secs] [Times: user=0.01 sys=0.00, real=0.00 secs] 
2197.785: [GC (Allocation Failure) [PSYoungGen: 57600K->304K(57344K)] 432336K->376072K(699904K), 0.0024941 secs] [Times: user=0.01 sys=0.00, real=0.00 secs] 
2199.037: [GC (Allocation Failure) [PSYoungGen: 56624K->1440K(58368K)] 432392K->377208K(700928K), 0.0022368 secs] [Times: user=0.01 sys=0.00, real=0.00 secs] 
2200.353: [GC (Allocation Failure) [PSYoungGen: 57760K->1344K(58368K)] 433528K->377112K(700928K), 0.0047627 secs] [Times: user=0.02 sys=0.00, real=0.01 secs] 
2200.927: [GC (Allocation Failure) [PSYoungGen: 57664K->1408K(58368K)] 433432K->377176K(700928K), 0.0030795 secs] [Times: user=0.01 sys=0.00, real=0.00 secs] 
2201.542: [GC (Allocation Failure) [PSYoungGen: 57728K->1408K(58368K)] 433496K->377176K(700928K), 0.0031190 secs] [Times: user=0.01 sys=0.00, real=0.01 secs] 
2202.400: [GC (Allocation Failure) [PSYoungGen: 57728K->1376K(58368K)] 433496K->377144K(700928K), 0.0031415 secs] [Times: user=0.02 sys=0.00, real=0.00 secs] 
2203.388: [GC (Allocation Failure) [PSYoungGen: 57696K->1357K(58368K)] 433464K->377125K(700928K), 0.0015013 secs] [Times: user=0.00 sys=0.00, real=0.00 secs] 
2204.539: [GC (Allocation Failure) [PSYoungGen: 57677K->1408K(58368K)] 433445K->377176K(700928K), 0.0031092 secs] [Times: user=0.01 sys=0.00, real=0.00 secs] 
2204.925: [GC (Allocation Failure) [PSYoungGen: 57728K->1328K(58368K)] 433496K->377096K(700928K), 0.0021337 secs] [Times: user=0.01 sys=0.00, real=0.01 secs] 
2205.669: [GC (Allocation Failure) [PSYoungGen: 57648K->1344K(58368K)] 433416K->377112K(700928K), 0.0024215 secs] [Times: user=0.01 sys=0.00, real=0.00 secs] 
2206.561: [GC (Allocation Failure) [PSYoungGen: 57664K->1344K(58368K)] 433432K->377112K(700928K), 0.0034713 secs] [Times: user=0.01 sys=0.00, real=0.01 secs] 
2207.522: [GC (Allocation Failure) [PSYoungGen: 57664K->1360K(58368K)] 433432K->377128K(700928K), 0.0046434 secs] [Times: user=0.02 sys=0.00, real=0.01 secs] 
2208.993: [GC (Allocation Failure) [PSYoungGen: 57680K->1376K(58368K)] 433448K->377144K(700928K), 0.0039823 secs] [Times: user=0.02 sys=0.00, real=0.01 secs] 
2209.535: [GC (Allocation Failure) [PSYoungGen: 57696K->1344K(58368K)] 433464K->377112K(700928K), 0.0027386 secs] [Times: user=0.01 sys=0.00, real=0.00 secs] 
2210.068: [GC (Allocation Failure) [PSYoungGen: 57664K->1376K(58368K)] 433432K->377144K(700928K), 0.0025857 secs] [Times: user=0.01 sys=0.00, real=0.00 secs] 
2210.605: [GC (Allocation Failure) [PSYoungGen: 57696K->1296K(58368K)] 433464K->377064K(700928K), 0.0026294 secs] [Times: user=0.01 sys=0.00, real=0.00 secs] 
2211.150: [GC (Allocation Failure) [PSYoungGen: 57616K->1376K(58368K)] 433384K->377152K(700928K), 0.0025677 secs] [Times: user=0.01 sys=0.00, real=0.00 secs] 
2212.344: [GC (Allocation Failure) [PSYoungGen: 57696K->1376K(58368K)] 433472K->377152K(700928K), 0.0023960 secs] [Times: user=0.01 sys=0.00, real=0.01 secs] 
2212.896: [GC (Allocation Failure) [PSYoungGen: 57696K->1312K(57856K)] 433472K->377088K(700416K), 0.0025992 secs] [Times: user=0.00 sys=0.00, real=0.00 secs] 
2213.421: [GC (Allocation Failure) [PSYoungGen: 57632K->1344K(57856K)] 433408K->377120K(700416K), 0.0027794 secs] [Times: user=0.01 sys=0.00, real=0.00 secs] 
2213.921: [GC (Allocation Failure) [PSYoungGen: 57664K->320K(57344K)] 433440K->377120K(699904K), 0.0023661 secs] [Times: user=0.00 sys=0.00, real=0.00 secs] 
2214.523: [GC (Allocation Failure) [PSYoungGen: 56640K->288K(58368K)] 433440K->377088K(700928K), 0.0030419 secs] [Times: user=0.01 sys=0.00, real=0.01 secs] 
2215.593: [GC (Allocation Failure) [PSYoungGen: 56608K->1440K(58368K)] 433408K->378240K(700928K), 0.0017801 secs] [Times: user=0.01 sys=0.00, real=0.01 secs] 
2215.854: [GC (Allocation Failure) [PSYoungGen: 57760K->1376K(58368K)] 434560K->378176K(700928K), 0.0018740 secs] [Times: user=0.01 sys=0.00, real=0.01 secs] 
2216.222: [GC (Allocation Failure) [PSYoungGen: 57696K->1376K(58368K)] 434496K->378176K(700928K), 0.0017885 secs] [Times: user=0.00 sys=0.00, real=0.00 secs] 
2216.631: [GC (Allocation Failure) [PSYoungGen: 57696K->1376K(58368K)] 434496K->378176K(700928K), 0.0032080 secs] [Times: user=0.02 sys=0.00, real=0.00 secs] 
2217.047: [GC (Allocation Failure) [PSYoungGen: 57696K->1376K(58368K)] 434496K->378176K(700928K), 0.0025896 secs] [Times: user=0.01 sys=0.00, real=0.00 secs] 
2217.657: [GC (Allocation Failure) [PSYoungGen: 57696K->1360K(58368K)] 434496K->378184K(700928K), 0.0018005 secs] [Times: user=0.01 sys=0.00, real=0.00 secs] 
2218.609: [GC (Allocation Failure) [PSYoungGen: 57680K->1408K(58368K)] 434504K->378232K(700928K), 0.0040329 secs] [Times: user=0.02 sys=0.00, real=0.00 secs] 
2219.213: [GC (Allocation Failure) [PSYoungGen: 57728K->1344K(58368K)] 434552K->378168K(700928K), 0.0034012 secs] [Times: user=0.01 sys=0.00, real=0.01 secs] 
2219.718: [GC (Allocation Failure) [PSYoungGen: 57664K->1344K(58368K)] 434488K->378168K(700928K), 0.0026122 secs] [Times: user=0.01 sys=0.00, real=0.00 secs] 
2220.210: [GC (Allocation Failure) [PSYoungGen: 57664K->1344K(58368K)] 434488K->378168K(700928K), 0.0024236 secs] [Times: user=0.01 sys=0.00, real=0.00 secs] 
2220.915: [GC (Allocation Failure) [PSYoungGen: 57664K->1376K(58368K)] 434488K->378200K(700928K), 0.0027777 secs] [Times: user=0.01 sys=0.00, real=0.00 secs] 
2222.011: [GC (Allocation Failure) [PSYoungGen: 57696K->1408K(58368K)] 434520K->378232K(700928K), 0.0018711 secs] [Times: user=0.01 sys=0.00, real=0.00 secs] 
2222.505: [GC (Allocation Failure) [PSYoungGen: 57728K->1344K(58368K)] 434552K->378168K(700928K), 0.0025497 secs] [Times: user=0.02 sys=0.00, real=0.00 secs] 
2222.995: [GC (Allocation Failure) [PSYoungGen: 57664K->1344K(58368K)] 434488K->378168K(700928K), 0.0031193 secs] [Times: user=0.01 sys=0.00, real=0.01 secs] 
2223.373: [GC (Allocation Failure) [PSYoungGen: 57664K->1376K(58368K)] 434488K->378200K(700928K), 0.0024323 secs] [Times: user=0.01 sys=0.00, real=0.01 secs] 
2223.727: [GC (Allocation Failure) [PSYoungGen: 57696K->1344K(58368K)] 434520K->378176K(700928K), 0.0023107 secs] [Times: user=0.01 sys=0.00, real=0.00 secs] 
2224.657: [GC (Allocation Failure) [PSYoungGen: 57664K->1360K(58368K)] 434496K->378192K(700928K), 0.0017521 secs] [Times: user=0.01 sys=0.00, real=0.00 secs] 
2225.008: [GC (Allocation Failure) [PSYoungGen: 57680K->1360K(58368K)] 434512K->378192K(700928K), 0.0017221 secs] [Times: user=0.01 sys=0.00, real=0.00 secs] 
2225.552: [GC (Allocation Failure) [PSYoungGen: 57680K->1360K(58368K)] 434512K->378192K(700928K), 0.0018398 secs] [Times: user=0.01 sys=0.00, real=0.00 secs] 
2226.096: [GC (Allocation Failure) [PSYoungGen: 57680K->1392K(58368K)] 434512K->378224K(700928K), 0.0019505 secs] [Times: user=0.00 sys=0.00, real=0.00 secs] 
2226.791: [GC (Allocation Failure) [PSYoungGen: 57712K->1328K(58368K)] 434544K->378160K(700928K), 0.0048102 secs] [Times: user=0.02 sys=0.00, real=0.01 secs] 
2227.674: [GC (Allocation Failure) [PSYoungGen: 57648K->1325K(58368K)] 434480K->378173K(700928K), 0.0015759 secs] [Times: user=0.01 sys=0.00, real=0.01 secs] 
2229.078: [GC (Allocation Failure) [PSYoungGen: 57645K->1424K(58368K)] 434493K->378272K(700928K), 0.0047614 secs] [Times: user=0.02 sys=0.00, real=0.00 secs] 
2230.302: [GC (Allocation Failure) [PSYoungGen: 57744K->1360K(57856K)] 434592K->378208K(700416K), 0.0048323 secs] [Times: user=0.02 sys=0.00, real=0.01 secs] 
2230.915: [GC (Allocation Failure) [PSYoungGen: 57680K->1392K(57856K)] 434528K->378240K(700416K), 0.0031359 secs] [Times: user=0.01 sys=0.00, real=0.00 secs] 
2231.698: [GC (Allocation Failure) [PSYoungGen: 57712K->1392K(57856K)] 434560K->378240K(700416K), 0.0043504 secs] [Times: user=0.02 sys=0.00, real=0.00 secs] 
2232.474: [GC (Allocation Failure) [PSYoungGen: 57712K->1360K(57856K)] 434560K->378208K(700416K), 0.0039129 secs] [Times: user=0.01 sys=0.00, real=0.01 secs] 
2233.339: [GC (Allocation Failure) [PSYoungGen: 57680K->1424K(57856K)] 434528K->378272K(700416K), 0.0016595 secs] [Times: user=0.00 sys=0.00, real=0.00 secs] 
2233.573: [GC (Allocation Failure) [PSYoungGen: 57744K->1392K(57856K)] 434592K->378240K(700416K), 0.0018758 secs] [Times: user=0.01 sys=0.00, real=0.00 secs] 
2233.807: [GC (Allocation Failure) [PSYoungGen: 57712K->1392K(57856K)] 434560K->378240K(700416K), 0.0018302 secs] [Times: user=0.00 sys=0.00, real=0.00 secs] 
2234.041: [GC (Allocation Failure) [PSYoungGen: 57712K->1360K(57856K)] 434560K->378208K(700416K), 0.0017009 secs] [Times: user=0.01 sys=0.00, real=0.00 secs] 
2234.274: [GC (Allocation Failure) [PSYoungGen: 57680K->1344K(57856K)] 434528K->378216K(700416K), 0.0018177 secs] [Times: user=0.01 sys=0.00, real=0.01 secs] 
2235.117: [GC (Allocation Failure) [PSYoungGen: 57664K->1408K(57856K)] 434536K->378280K(700416K), 0.0017239 secs] [Times: user=0.01 sys=0.00, real=0.00 secs] 
2235.688: [GC (Allocation Failure) [PSYoungGen: 57728K->1376K(57856K)] 434600K->378248K(700416K), 0.0046345 secs] [Times: user=0.02 sys=0.00, real=0.00 secs] 
2236.298: [GC (Allocation Failure) [PSYoungGen: 57696K->1376K(57856K)] 434568K->378248K(700416K), 0.0030717 secs] [Times: user=0.01 sys=0.00, real=0.00 secs] 
2236.923: [GC (Allocation Failure) [PSYoungGen: 57696K->1344K(57856K)] 434568K->378216K(700416K), 0.0031566 secs] [Times: user=0.02 sys=0.00, real=0.01 secs] 
2237.466: [GC (Allocation Failure) [PSYoungGen: 57664K->1344K(57856K)] 434536K->378216K(700416K), 0.0031585 secs] [Times: user=0.01 sys=0.00, real=0.00 secs] 
2238.349: [GC (Allocation Failure) [PSYoungGen: 57664K->160K(57856K)] 434536K->377040K(700416K), 0.0015784 secs] [Times: user=0.01 sys=0.00, real=0.00 secs] 
2238.983: [GC (Allocation Failure) [PSYoungGen: 56480K->1328K(58368K)] 433360K->378208K(700928K), 0.0018382 secs] [Times: user=0.01 sys=0.00, real=0.00 secs] 
2239.518: [GC (Allocation Failure) [PSYoungGen: 57648K->1344K(58368K)] 434528K->378224K(700928K), 0.0017781 secs] [Times: user=0.00 sys=0.00, real=0.00 secs] 
2240.218: [GC (Allocation Failure) [PSYoungGen: 57664K->1344K(58368K)] 434544K->378224K(700928K), 0.0017165 secs] [Times: user=0.00 sys=0.00, real=0.00 secs] 
2240.677: [GC (Allocation Failure) [PSYoungGen: 57664K->1344K(58368K)] 434544K->378224K(700928K), 0.0017875 secs] [Times: user=0.00 sys=0.00, real=0.00 secs] 
2241.178: [GC (Allocation Failure) [PSYoungGen: 57664K->1328K(58368K)] 434544K->378224K(700928K), 0.0017286 secs] [Times: user=0.01 sys=0.00, real=0.00 secs] 
2241.947: [GC (Allocation Failure) [PSYoungGen: 57648K->1408K(58368K)] 434544K->378304K(700928K), 0.0019231 secs] [Times: user=0.01 sys=0.01, real=0.00 secs] 
2242.181: [GC (Allocation Failure) [PSYoungGen: 57728K->1344K(58368K)] 434624K->378240K(700928K), 0.0019338 secs] [Times: user=0.01 sys=0.00, real=0.00 secs] 
2242.456: [GC (Allocation Failure) [PSYoungGen: 57664K->1344K(58368K)] 434560K->378240K(700928K), 0.0020155 secs] [Times: user=0.01 sys=0.00, real=0.00 secs] 
2242.690: [GC (Allocation Failure) [PSYoungGen: 57664K->1312K(58368K)] 434560K->378208K(700928K), 0.0025928 secs] [Times: user=0.01 sys=0.00, real=0.00 secs] 
2242.925: [GC (Allocation Failure) [PSYoungGen: 57632K->1376K(58368K)] 434528K->378272K(700928K), 0.0019000 secs] [Times: user=0.01 sys=0.00, real=0.00 secs] 
2243.761: [GC (Allocation Failure) [PSYoungGen: 57696K->1376K(58368K)] 434592K->378272K(700928K), 0.0016085 secs] [Times: user=0.01 sys=0.00, real=0.00 secs] 
2244.232: [GC (Allocation Failure) [PSYoungGen: 57696K->1376K(58368K)] 434592K->378272K(700928K), 0.0018995 secs] [Times: user=0.01 sys=0.00, real=0.00 secs] 
2244.467: [GC (Allocation Failure) [PSYoungGen: 57696K->1344K(58368K)] 434592K->378240K(700928K), 0.0018327 secs] [Times: user=0.01 sys=0.00, real=0.00 secs] 
2244.702: [GC (Allocation Failure) [PSYoungGen: 57664K->1344K(57856K)] 434560K->378240K(700416K), 0.0026640 secs] [Times: user=0.01 sys=0.00, real=0.00 secs] 
2244.937: [GC (Allocation Failure) [PSYoungGen: 57664K->1312K(57856K)] 434560K->378224K(700416K), 0.0026146 secs] [Times: user=0.01 sys=0.00, real=0.00 secs] 
2245.809: [GC (Allocation Failure) [PSYoungGen: 57632K->864K(57856K)] 434544K->378800K(700416K), 0.0020346 secs] [Times: user=0.00 sys=0.00, real=0.00 secs] 
2247.815: [GC (Allocation Failure) [PSYoungGen: 57184K->320K(58368K)] 435120K->378256K(700928K), 0.0044888 secs] [Times: user=0.02 sys=0.00, real=0.00 secs] 
2248.577: [GC (Allocation Failure) [PSYoungGen: 56640K->320K(58368K)] 434576K->378256K(700928K), 0.0041964 secs] [Times: user=0.02 sys=0.01, real=0.00 secs] 
2249.210: [GC (Allocation Failure) [PSYoungGen: 56640K->320K(58368K)] 434576K->378256K(700928K), 0.0029583 secs] [Times: user=0.01 sys=0.00, real=0.00 secs] 
2249.841: [GC (Allocation Failure) [PSYoungGen: 56640K->320K(58368K)] 434576K->378256K(700928K), 0.0027320 secs] [Times: user=0.01 sys=0.00, real=0.00 secs] 
2250.610: [GC (Allocation Failure) [PSYoungGen: 56640K->1357K(58368K)] 434576K->379293K(700928K), 0.0015803 secs] [Times: user=0.00 sys=0.00, real=0.00 secs] 
2252.096: [GC (Allocation Failure) [PSYoungGen: 57677K->1408K(58368K)] 435613K->379344K(700928K), 0.0040166 secs] [Times: user=0.01 sys=0.01, real=0.00 secs] 
2252.832: [GC (Allocation Failure) [PSYoungGen: 57728K->1360K(58368K)] 435664K->379296K(700928K), 0.0040372 secs] [Times: user=0.02 sys=0.00, real=0.01 secs] 
2253.633: [GC (Allocation Failure) [PSYoungGen: 57680K->1344K(58368K)] 435616K->379280K(700928K), 0.0031285 secs] [Times: user=0.02 sys=0.00, real=0.01 secs] 
2254.126: [GC (Allocation Failure) [PSYoungGen: 57664K->1328K(58368K)] 435600K->379264K(700928K), 0.0026285 secs] [Times: user=0.01 sys=0.00, real=0.00 secs] 
2254.750: [GC (Allocation Failure) [PSYoungGen: 57648K->1344K(58368K)] 435584K->379280K(700928K), 0.0048081 secs] [Times: user=0.02 sys=0.00, real=0.00 secs] 
2255.703: [GC (Allocation Failure) [PSYoungGen: 57664K->1376K(58368K)] 435600K->379312K(700928K), 0.0023956 secs] [Times: user=0.01 sys=0.00, real=0.01 secs] 
2255.939: [GC (Allocation Failure) [PSYoungGen: 57696K->1344K(58368K)] 435632K->379280K(700928K), 0.0019412 secs] [Times: user=0.01 sys=0.00, real=0.00 secs] 
2256.173: [GC (Allocation Failure) [PSYoungGen: 57664K->1376K(58368K)] 435600K->379312K(700928K), 0.0018328 secs] [Times: user=0.00 sys=0.00, real=0.00 secs] 
2256.407: [GC (Allocation Failure) [PSYoungGen: 57696K->1344K(58368K)] 435632K->379280K(700928K), 0.0019874 secs] [Times: user=0.01 sys=0.00, real=0.00 secs] 
2256.640: [GC (Allocation Failure) [PSYoungGen: 57664K->1344K(58368K)] 435600K->379280K(700928K), 0.0022183 secs] [Times: user=0.00 sys=0.00, real=0.00 secs] 
2257.426: [GC (Allocation Failure) [PSYoungGen: 57664K->1408K(58368K)] 435600K->379344K(700928K), 0.0017937 secs] [Times: user=0.01 sys=0.00, real=0.00 secs] 
2257.667: [GC (Allocation Failure) [PSYoungGen: 57728K->1312K(58368K)] 435664K->379256K(700928K), 0.0024046 secs] [Times: user=0.01 sys=0.01, real=0.00 secs] 
2257.894: [GC (Allocation Failure) [PSYoungGen: 57632K->1344K(58368K)] 435576K->379288K(700928K), 0.0019730 secs] [Times: user=0.01 sys=0.00, real=0.01 secs] 
2258.128: [GC (Allocation Failure) [PSYoungGen: 57664K->1344K(58368K)] 435608K->379288K(700928K), 0.0021265 secs] [Times: user=0.01 sys=0.00, real=0.00 secs] 
2258.519: [GC (Allocation Failure) [PSYoungGen: 57664K->1344K(58368K)] 435608K->379288K(700928K), 0.0018537 secs] [Times: user=0.00 sys=0.00, real=0.00 secs] 
2259.307: [GC (Allocation Failure) [PSYoungGen: 57664K->1357K(58368K)] 435608K->379301K(700928K), 0.0015471 secs] [Times: user=0.01 sys=0.00, real=0.00 secs] 
2260.233: [GC (Allocation Failure) [PSYoungGen: 57677K->1408K(58368K)] 435621K->379352K(700928K), 0.0020957 secs] [Times: user=0.00 sys=0.00, real=0.00 secs] 
2260.725: [GC (Allocation Failure) [PSYoungGen: 57728K->1376K(58368K)] 435672K->379320K(700928K), 0.0022360 secs] [Times: user=0.01 sys=0.00, real=0.00 secs] 
2261.087: [GC (Allocation Failure) [PSYoungGen: 57696K->1408K(58368K)] 435640K->379352K(700928K), 0.0019586 secs] [Times: user=0.01 sys=0.00, real=0.00 secs] 
2261.361: [GC (Allocation Failure) [PSYoungGen: 57728K->1376K(58368K)] 435672K->379320K(700928K), 0.0020700 secs] [Times: user=0.00 sys=0.00, real=0.00 secs] 
2261.595: [GC (Allocation Failure) [PSYoungGen: 57696K->1376K(58368K)] 435640K->379320K(700928K), 0.0019824 secs] [Times: user=0.01 sys=0.00, real=0.00 secs] 
2262.376: [GC (Allocation Failure) [PSYoungGen: 57696K->1376K(58368K)] 435640K->379320K(700928K), 0.0019322 secs] [Times: user=0.00 sys=0.00, real=0.00 secs] 
2262.611: [GC (Allocation Failure) [PSYoungGen: 57696K->1376K(58368K)] 435640K->379320K(700928K), 0.0019962 secs] [Times: user=0.01 sys=0.00, real=0.00 secs] 
2262.895: [GC (Allocation Failure) [PSYoungGen: 57696K->1344K(58368K)] 435640K->379288K(700928K), 0.0038308 secs] [Times: user=0.01 sys=0.00, real=0.01 secs] 
2263.190: [GC (Allocation Failure) [PSYoungGen: 57664K->1344K(58368K)] 435608K->379288K(700928K), 0.0018924 secs] [Times: user=0.01 sys=0.00, real=0.00 secs] 
2263.594: [GC (Allocation Failure) [PSYoungGen: 57664K->1376K(58368K)] 435608K->379320K(700928K), 0.0020525 secs] [Times: user=0.01 sys=0.00, real=0.01 secs] 
2264.583: [GC (Allocation Failure) [PSYoungGen: 57696K->1344K(58368K)] 435640K->379288K(700928K), 0.0025756 secs] [Times: user=0.01 sys=0.00, real=0.01 secs] 
2265.065: [GC (Allocation Failure) [PSYoungGen: 57664K->1376K(58368K)] 435608K->379328K(700928K), 0.0033620 secs] [Times: user=0.01 sys=0.00, real=0.00 secs] 
2265.568: [GC (Allocation Failure) [PSYoungGen: 57696K->1376K(58368K)] 435648K->379328K(700928K), 0.0021705 secs] [Times: user=0.00 sys=0.00, real=0.00 secs] 
2266.027: [GC (Allocation Failure) [PSYoungGen: 57696K->1344K(57856K)] 435648K->379296K(700416K), 0.0023005 secs] [Times: user=0.00 sys=0.00, real=0.00 secs] 
2266.470: [GC (Allocation Failure) [PSYoungGen: 57664K->1344K(57856K)] 435616K->379296K(700416K), 0.0025208 secs] [Times: user=0.01 sys=0.00, real=0.00 secs] 
2267.407: [GC (Allocation Failure) [PSYoungGen: 57664K->608K(57344K)] 435616K->379584K(699904K), 0.0016962 secs] [Times: user=0.01 sys=0.00, real=0.00 secs] 
2268.273: [GC (Allocation Failure) [PSYoungGen: 56928K->320K(58368K)] 435904K->379296K(700928K), 0.0046781 secs] [Times: user=0.02 sys=0.00, real=0.01 secs] 
2268.887: [GC (Allocation Failure) [PSYoungGen: 56640K->352K(58368K)] 435616K->379328K(700928K), 0.0032713 secs] [Times: user=0.01 sys=0.00, real=0.00 secs] 
2269.578: [GC (Allocation Failure) [PSYoungGen: 56672K->320K(58368K)] 435648K->379296K(700928K), 0.0030465 secs] [Times: user=0.01 sys=0.00, real=0.00 secs] 
2270.312: [GC (Allocation Failure) [PSYoungGen: 56640K->288K(58368K)] 435616K->379264K(700928K), 0.0047285 secs] [Times: user=0.02 sys=0.00, real=0.01 secs] 
2271.181: [GC (Allocation Failure) [PSYoungGen: 56608K->1357K(58368K)] 435584K->380333K(700928K), 0.0015102 secs] [Times: user=0.01 sys=0.00, real=0.00 secs] 
2272.816: [GC (Allocation Failure) [PSYoungGen: 57677K->1408K(58368K)] 436653K->380384K(700928K), 0.0032017 secs] [Times: user=0.02 sys=0.00, real=0.00 secs] 
2273.278: [GC (Allocation Failure) [PSYoungGen: 57728K->1376K(58368K)] 436704K->380352K(700928K), 0.0026967 secs] [Times: user=0.01 sys=0.00, real=0.00 secs] 
2273.912: [GC (Allocation Failure) [PSYoungGen: 57696K->1312K(58880K)] 436672K->380288K(701440K), 0.0044577 secs] [Times: user=0.02 sys=0.00, real=0.01 secs] 
2274.559: [GC (Allocation Failure) [PSYoungGen: 57632K->1312K(57856K)] 436608K->380288K(700416K), 0.0047801 secs] [Times: user=0.02 sys=0.01, real=0.00 secs] 
2275.187: [GC (Allocation Failure) [PSYoungGen: 57632K->1344K(58368K)] 436608K->380320K(700928K), 0.0040171 secs] [Times: user=0.02 sys=0.00, real=0.00 secs] 
2276.127: [GC (Allocation Failure) [PSYoungGen: 57664K->1408K(58368K)] 436640K->380384K(700928K), 0.0016964 secs] [Times: user=0.01 sys=0.00, real=0.00 secs] 
2276.395: [GC (Allocation Failure) [PSYoungGen: 57728K->1376K(57856K)] 436704K->380352K(700416K), 0.0017678 secs] [Times: user=0.01 sys=0.00, real=0.01 secs] 
2276.826: [GC (Allocation Failure) [PSYoungGen: 57696K->1376K(58368K)] 436672K->380352K(700928K), 0.0018884 secs] [Times: user=0.01 sys=0.00, real=0.00 secs] 
2277.267: [GC (Allocation Failure) [PSYoungGen: 57696K->1296K(58368K)] 436672K->380272K(700928K), 0.0028357 secs] [Times: user=0.01 sys=0.00, real=0.00 secs] 
2277.686: [GC (Allocation Failure) [PSYoungGen: 57616K->1360K(58368K)] 436592K->380336K(700928K), 0.0025055 secs] [Times: user=0.01 sys=0.00, real=0.00 secs] 
2278.753: [GC (Allocation Failure) [PSYoungGen: 57680K->1344K(58368K)] 436656K->380328K(700928K), 0.0016509 secs] [Times: user=0.00 sys=0.00, real=0.00 secs] 
2279.579: [GC (Allocation Failure) [PSYoungGen: 57664K->1344K(58368K)] 436648K->380328K(700928K), 0.0022287 secs] [Times: user=0.01 sys=0.00, real=0.00 secs] 
2280.287: [GC (Allocation Failure) [PSYoungGen: 57664K->1344K(58368K)] 436648K->380328K(700928K), 0.0032433 secs] [Times: user=0.01 sys=0.00, real=0.00 secs] 
2281.032: [GC (Allocation Failure) [PSYoungGen: 57664K->1376K(58368K)] 436648K->380360K(700928K), 0.0047200 secs] [Times: user=0.01 sys=0.00, real=0.01 secs] 
2281.556: [GC (Allocation Failure) [PSYoungGen: 57696K->1376K(58368K)] 436680K->380360K(700928K), 0.0031734 secs] [Times: user=0.01 sys=0.00, real=0.00 secs] 
2282.407: [GC (Allocation Failure) [PSYoungGen: 57696K->1357K(58368K)] 436680K->380341K(700928K), 0.0014522 secs] [Times: user=0.00 sys=0.00, real=0.00 secs] 
2283.003: [GC (Allocation Failure) [PSYoungGen: 57677K->1344K(58368K)] 436661K->380328K(700928K), 0.0020469 secs] [Times: user=0.00 sys=0.00, real=0.01 secs] 
2283.238: [GC (Allocation Failure) [PSYoungGen: 57664K->1312K(58368K)] 436648K->380296K(700928K), 0.0020234 secs] [Times: user=0.01 sys=0.00, real=0.00 secs] 
2283.472: [GC (Allocation Failure) [PSYoungGen: 57632K->1344K(58368K)] 436616K->380328K(700928K), 0.0020340 secs] [Times: user=0.01 sys=0.00, real=0.00 secs] 
2283.706: [GC (Allocation Failure) [PSYoungGen: 57664K->1344K(58368K)] 436648K->380328K(700928K), 0.0017583 secs] [Times: user=0.00 sys=0.00, real=0.00 secs] 
2283.940: [GC (Allocation Failure) [PSYoungGen: 57664K->1408K(58368K)] 436648K->380392K(700928K), 0.0019334 secs] [Times: user=0.01 sys=0.00, real=0.00 secs] 
2285.200: [GC (Allocation Failure) [PSYoungGen: 57728K->1328K(58368K)] 436712K->380312K(700928K), 0.0048105 secs] [Times: user=0.02 sys=0.00, real=0.01 secs] 
2285.854: [GC (Allocation Failure) [PSYoungGen: 57648K->1360K(58368K)] 436632K->380344K(700928K), 0.0031087 secs] [Times: user=0.01 sys=0.00, real=0.01 secs] 
2286.421: [GC (Allocation Failure) [PSYoungGen: 57680K->1344K(58368K)] 436664K->380328K(700928K), 0.0032553 secs] [Times: user=0.01 sys=0.00, real=0.00 secs] 
2286.793: [GC (Allocation Failure) [PSYoungGen: 57664K->1376K(58368K)] 436648K->380360K(700928K), 0.0026232 secs] [Times: user=0.01 sys=0.00, real=0.01 secs] 
2287.239: [GC (Allocation Failure) [PSYoungGen: 57696K->1344K(58368K)] 436680K->380344K(700928K), 0.0032071 secs] [Times: user=0.01 sys=0.00, real=0.00 secs] 
2288.690: [GC (Allocation Failure) [PSYoungGen: 57664K->1408K(58368K)] 436664K->380408K(700928K), 0.0025846 secs] [Times: user=0.01 sys=0.00, real=0.00 secs] 
2289.528: [GC (Allocation Failure) [PSYoungGen: 57728K->1408K(58368K)] 436728K->380408K(700928K), 0.0040175 secs] [Times: user=0.02 sys=0.01, real=0.00 secs] 
2289.992: [GC (Allocation Failure) [PSYoungGen: 57728K->1408K(58368K)] 436728K->380408K(700928K), 0.0031628 secs] [Times: user=0.01 sys=0.00, real=0.01 secs] 
2290.392: [GC (Allocation Failure) [PSYoungGen: 57728K->1408K(58368K)] 436728K->380408K(700928K), 0.0039333 secs] [Times: user=0.02 sys=0.00, real=0.01 secs] 
2290.841: [GC (Allocation Failure) [PSYoungGen: 57728K->1344K(58368K)] 436728K->380344K(700928K), 0.0026453 secs] [Times: user=0.01 sys=0.01, real=0.00 secs] 
2291.790: [GC (Allocation Failure) [PSYoungGen: 57522K->1520K(58368K)] 436523K->380520K(700928K), 0.0019242 secs] [Times: user=0.01 sys=0.00, real=0.00 secs] 
2292.336: [GC (Allocation Failure) [PSYoungGen: 57840K->1328K(58368K)] 436840K->380328K(700928K), 0.0019573 secs] [Times: user=0.00 sys=0.00, real=0.00 secs] 
2292.862: [GC (Allocation Failure) [PSYoungGen: 57648K->1376K(58368K)] 436648K->380376K(700928K), 0.0022193 secs] [Times: user=0.01 sys=0.00, real=0.00 secs] 
2293.500: [GC (Allocation Failure) [PSYoungGen: 57696K->1376K(58368K)] 436696K->380376K(700928K), 0.0022349 secs] [Times: user=0.01 sys=0.00, real=0.00 secs] 
2294.250: [GC (Allocation Failure) [PSYoungGen: 57696K->1344K(58368K)] 436696K->380344K(700928K), 0.0048111 secs] [Times: user=0.01 sys=0.00, real=0.00 secs] 
2295.133: [GC (Allocation Failure) [PSYoungGen: 57664K->1360K(57856K)] 436664K->380360K(700416K), 0.0020239 secs] [Times: user=0.00 sys=0.00, real=0.01 secs] 
2295.964: [GC (Allocation Failure) [PSYoungGen: 57680K->1376K(57856K)] 436680K->380376K(700416K), 0.0020446 secs] [Times: user=0.01 sys=0.01, real=0.01 secs] 
2296.421: [GC (Allocation Failure) [PSYoungGen: 57696K->320K(57344K)] 436696K->380344K(699904K), 0.0025188 secs] [Times: user=0.01 sys=0.00, real=0.00 secs] 
2296.850: [GC (Allocation Failure) [PSYoungGen: 56640K->320K(58368K)] 436664K->380344K(700928K), 0.0021154 secs] [Times: user=0.01 sys=0.00, real=0.00 secs] 
2297.313: [GC (Allocation Failure) [PSYoungGen: 56640K->320K(58368K)] 436664K->380344K(700928K), 0.0021209 secs] [Times: user=0.01 sys=0.00, real=0.01 secs] 
2297.772: [GC (Allocation Failure) [PSYoungGen: 56640K->336K(58368K)] 436664K->380376K(700928K), 0.0019976 secs] [Times: user=0.01 sys=0.01, real=0.00 secs] 
2298.523: [GC (Allocation Failure) [PSYoungGen: 56656K->1408K(58368K)] 436696K->381456K(700928K), 0.0017093 secs] [Times: user=0.01 sys=0.00, real=0.00 secs] 
2298.757: [GC (Allocation Failure) [PSYoungGen: 57728K->1344K(58368K)] 437776K->381400K(700928K), 0.0018424 secs] [Times: user=0.01 sys=0.00, real=0.00 secs] 
2299.125: [GC (Allocation Failure) [PSYoungGen: 57664K->1312K(58368K)] 437720K->381368K(700928K), 0.0018977 secs] [Times: user=0.01 sys=0.00, real=0.00 secs] 
2299.587: [GC (Allocation Failure) [PSYoungGen: 57632K->1408K(58368K)] 437688K->381464K(700928K), 0.0061900 secs] [Times: user=0.03 sys=0.00, real=0.00 secs] 
2300.101: [GC (Allocation Failure) [PSYoungGen: 57728K->1344K(58368K)] 437784K->381400K(700928K), 0.0018524 secs] [Times: user=0.01 sys=0.00, real=0.00 secs] 
2301.067: [GC (Allocation Failure) [PSYoungGen: 57664K->1408K(58368K)] 437720K->381464K(700928K), 0.0018813 secs] [Times: user=0.00 sys=0.00, real=0.00 secs] 
2301.662: [GC (Allocation Failure) [PSYoungGen: 57728K->1344K(58368K)] 437784K->381400K(700928K), 0.0019224 secs] [Times: user=0.01 sys=0.00, real=0.00 secs] 
2302.274: [GC (Allocation Failure) [PSYoungGen: 57664K->1376K(58368K)] 437720K->381432K(700928K), 0.0024485 secs] [Times: user=0.01 sys=0.00, real=0.01 secs] 
2302.840: [GC (Allocation Failure) [PSYoungGen: 57696K->1376K(58368K)] 437752K->381432K(700928K), 0.0024958 secs] [Times: user=0.01 sys=0.00, real=0.00 secs] 
2303.210: [GC (Allocation Failure) [PSYoungGen: 57696K->1376K(58368K)] 437752K->381432K(700928K), 0.0024110 secs] [Times: user=0.01 sys=0.00, real=0.00 secs] 
2303.938: [GC (Allocation Failure) [PSYoungGen: 57696K->1357K(58368K)] 437752K->381413K(700928K), 0.0015046 secs] [Times: user=0.01 sys=0.00, real=0.00 secs] 
2304.853: [GC (Allocation Failure) [PSYoungGen: 57677K->1408K(58368K)] 437733K->381464K(700928K), 0.0023831 secs] [Times: user=0.01 sys=0.00, real=0.01 secs] 
2305.553: [GC (Allocation Failure) [PSYoungGen: 57728K->1376K(58368K)] 437784K->381432K(700928K), 0.0034532 secs] [Times: user=0.01 sys=0.00, real=0.01 secs] 
2306.033: [GC (Allocation Failure) [PSYoungGen: 57696K->1376K(58368K)] 437752K->381432K(700928K), 0.0031432 secs] [Times: user=0.01 sys=0.00, real=0.01 secs] 
2306.567: [GC (Allocation Failure) [PSYoungGen: 57696K->1376K(58368K)] 437752K->381432K(700928K), 0.0047204 secs] [Times: user=0.01 sys=0.00, real=0.00 secs] 
2307.032: [GC (Allocation Failure) [PSYoungGen: 57696K->1344K(58368K)] 437752K->381416K(700928K), 0.0028325 secs] [Times: user=0.01 sys=0.00, real=0.00 secs] 
2308.194: [GC (Allocation Failure) [PSYoungGen: 57664K->1376K(58368K)] 437736K->381448K(700928K), 0.0048642 secs] [Times: user=0.02 sys=0.00, real=0.01 secs] 
2308.887: [GC (Allocation Failure) [PSYoungGen: 57696K->1376K(58368K)] 437768K->381448K(700928K), 0.0025963 secs] [Times: user=0.01 sys=0.00, real=0.00 secs] 
2309.481: [GC (Allocation Failure) [PSYoungGen: 57696K->1328K(58368K)] 437768K->381400K(700928K), 0.0026270 secs] [Times: user=0.01 sys=0.00, real=0.00 secs] 
2310.271: [GC (Allocation Failure) [PSYoungGen: 57648K->1344K(58368K)] 437720K->381416K(700928K), 0.0045992 secs] [Times: user=0.02 sys=0.00, real=0.01 secs] 
2310.873: [GC (Allocation Failure) [PSYoungGen: 57664K->1328K(58368K)] 437736K->381408K(700928K), 0.0040238 secs] [Times: user=0.02 sys=0.00, real=0.01 secs] 
2312.131: [GC (Allocation Failure) [PSYoungGen: 57648K->1328K(58368K)] 437728K->381408K(700928K), 0.0023809 secs] [Times: user=0.01 sys=0.00, real=0.00 secs] 
2312.684: [GC (Allocation Failure) [PSYoungGen: 57648K->1344K(58368K)] 437728K->381424K(700928K), 0.0028243 secs] [Times: user=0.01 sys=0.00, real=0.01 secs] 
2313.260: [GC (Allocation Failure) [PSYoungGen: 57664K->1344K(58368K)] 437744K->381424K(700928K), 0.0028549 secs] [Times: user=0.01 sys=0.00, real=0.00 secs] 
2313.867: [GC (Allocation Failure) [PSYoungGen: 57664K->1376K(58368K)] 437744K->381456K(700928K), 0.0028336 secs] [Times: user=0.01 sys=0.00, real=0.00 secs] 
2314.450: [GC (Allocation Failure) [PSYoungGen: 57696K->1376K(58368K)] 437776K->381456K(700928K), 0.0027700 secs] [Times: user=0.01 sys=0.00, real=0.00 secs] 
2315.348: [GC (Allocation Failure) [PSYoungGen: 57696K->160K(58368K)] 437776K->380240K(700928K), 0.0016036 secs] [Times: user=0.01 sys=0.00, real=0.00 secs] 
2315.731: [GC (Allocation Failure) [PSYoungGen: 56480K->1376K(58368K)] 436560K->381456K(700928K), 0.0019266 secs] [Times: user=0.01 sys=0.00, real=0.00 secs] 
2315.976: [GC (Allocation Failure) [PSYoungGen: 57696K->1344K(58368K)] 437776K->381424K(700928K), 0.0020518 secs] [Times: user=0.01 sys=0.00, real=0.00 secs] 
2316.210: [GC (Allocation Failure) [PSYoungGen: 57664K->1344K(58368K)] 437744K->381424K(700928K), 0.0018773 secs] [Times: user=0.01 sys=0.00, real=0.00 secs] 
2316.444: [GC (Allocation Failure) [PSYoungGen: 57664K->1344K(58368K)] 437744K->381424K(700928K), 0.0020986 secs] [Times: user=0.01 sys=0.00, real=0.01 secs] 
2316.715: [GC (Allocation Failure) [PSYoungGen: 57664K->1357K(58368K)] 437744K->381453K(700928K), 0.0020286 secs] [Times: user=0.01 sys=0.00, real=0.00 secs] 
2317.672: [GC (Allocation Failure) [PSYoungGen: 57677K->1360K(58368K)] 437773K->381456K(700928K), 0.0031897 secs] [Times: user=0.01 sys=0.00, real=0.01 secs] 
2318.463: [GC (Allocation Failure) [PSYoungGen: 57680K->1360K(58368K)] 437776K->381456K(700928K), 0.0028396 secs] [Times: user=0.01 sys=0.00, real=0.01 secs] 
2319.159: [GC (Allocation Failure) [PSYoungGen: 57680K->1344K(58368K)] 437776K->381440K(700928K), 0.0031559 secs] [Times: user=0.01 sys=0.00, real=0.00 secs] 
2319.879: [GC (Allocation Failure) [PSYoungGen: 57664K->1408K(58368K)] 437760K->381504K(700928K), 0.0032067 secs] [Times: user=0.01 sys=0.01, real=0.00 secs] 
2320.581: [GC (Allocation Failure) [PSYoungGen: 57728K->1408K(58368K)] 437824K->381512K(700928K), 0.0026332 secs] [Times: user=0.01 sys=0.00, real=0.00 secs] 
2321.608: [GC (Allocation Failure) [PSYoungGen: 57728K->1408K(58368K)] 437832K->381512K(700928K), 0.0017313 secs] [Times: user=0.01 sys=0.00, real=0.00 secs] 
2322.138: [GC (Allocation Failure) [PSYoungGen: 57728K->1344K(58368K)] 437832K->381448K(700928K), 0.0018829 secs] [Times: user=0.00 sys=0.00, real=0.00 secs] 
2322.726: [GC (Allocation Failure) [PSYoungGen: 57664K->1376K(58368K)] 437768K->381480K(700928K), 0.0019849 secs] [Times: user=0.00 sys=0.00, real=0.00 secs] 
2322.960: [GC (Allocation Failure) [PSYoungGen: 57696K->1344K(58368K)] 437800K->381448K(700928K), 0.0020130 secs] [Times: user=0.01 sys=0.00, real=0.00 secs] 
2323.195: [GC (Allocation Failure) [PSYoungGen: 57664K->1376K(58368K)] 437768K->381480K(700928K), 0.0018636 secs] [Times: user=0.01 sys=0.00, real=0.01 secs] 
2323.955: [GC (Allocation Failure) [PSYoungGen: 57696K->1856K(58368K)] 437800K->381960K(700928K), 0.0019195 secs] [Times: user=0.00 sys=0.00, real=0.01 secs] 
2324.899: [GC (Allocation Failure) [PSYoungGen: 58176K->1344K(58368K)] 438280K->381448K(700928K), 0.0022789 secs] [Times: user=0.01 sys=0.00, real=0.00 secs] 
2325.464: [GC (Allocation Failure) [PSYoungGen: 57664K->1376K(58368K)] 437768K->381480K(700928K), 0.0031831 secs] [Times: user=0.01 sys=0.00, real=0.01 secs] 
2325.996: [GC (Allocation Failure) [PSYoungGen: 57696K->1376K(58368K)] 437800K->381480K(700928K), 0.0023844 secs] [Times: user=0.01 sys=0.00, real=0.00 secs] 
2326.421: [GC (Allocation Failure) [PSYoungGen: 57696K->1376K(58368K)] 437800K->381480K(700928K), 0.0019104 secs] [Times: user=0.01 sys=0.00, real=0.00 secs] 
2326.894: [GC (Allocation Failure) [PSYoungGen: 57696K->1357K(58368K)] 437800K->381461K(700928K), 0.0016168 secs] [Times: user=0.01 sys=0.00, real=0.01 secs] 
2327.626: [GC (Allocation Failure) [PSYoungGen: 57677K->1408K(58368K)] 437781K->381528K(700928K), 0.0019190 secs] [Times: user=0.01 sys=0.00, real=0.00 secs] 
2328.132: [GC (Allocation Failure) [PSYoungGen: 57728K->1328K(58368K)] 437848K->381448K(700928K), 0.0019943 secs] [Times: user=0.01 sys=0.00, real=0.00 secs] 
2328.573: [GC (Allocation Failure) [PSYoungGen: 57648K->1344K(58368K)] 437768K->381464K(700928K), 0.0019181 secs] [Times: user=0.01 sys=0.00, real=0.01 secs] 
2329.020: [GC (Allocation Failure) [PSYoungGen: 57664K->1376K(58368K)] 437784K->381496K(700928K), 0.0021365 secs] [Times: user=0.01 sys=0.00, real=0.00 secs] 
2329.395: [GC (Allocation Failure) [PSYoungGen: 57696K->1376K(58368K)] 437816K->381496K(700928K), 0.0019660 secs] [Times: user=0.01 sys=0.00, real=0.00 secs] 
2330.399: [GC (Allocation Failure) [PSYoungGen: 57696K->1376K(57856K)] 437816K->381496K(700416K), 0.0020274 secs] [Times: user=0.01 sys=0.00, real=0.00 secs] 
2331.214: [GC (Allocation Failure) [PSYoungGen: 57696K->1328K(57856K)] 437816K->381448K(700416K), 0.0020963 secs] [Times: user=0.01 sys=0.00, real=0.01 secs] 
2332.047: [GC (Allocation Failure) [PSYoungGen: 57648K->1376K(57856K)] 437768K->381496K(700416K), 0.0026399 secs] [Times: user=0.01 sys=0.00, real=0.00 secs] 
2332.867: [GC (Allocation Failure) [PSYoungGen: 57696K->1328K(57856K)] 437816K->381448K(700416K), 0.0034508 secs] [Times: user=0.01 sys=0.00, real=0.00 secs] 
2333.448: [GC (Allocation Failure) [PSYoungGen: 57648K->1344K(57856K)] 437768K->381464K(700416K), 0.0033786 secs] [Times: user=0.01 sys=0.00, real=0.00 secs] 
2334.380: [GC (Allocation Failure) [PSYoungGen: 57664K->1376K(57856K)] 437784K->381496K(700416K), 0.0017624 secs] [Times: user=0.01 sys=0.00, real=0.00 secs] 
2335.166: [GC (Allocation Failure) [PSYoungGen: 57696K->1344K(57856K)] 437816K->381464K(700416K), 0.0023820 secs] [Times: user=0.01 sys=0.00, real=0.00 secs] 
2335.834: [GC (Allocation Failure) [PSYoungGen: 57664K->1376K(57856K)] 437784K->381496K(700416K), 0.0026393 secs] [Times: user=0.01 sys=0.00, real=0.01 secs] 
2336.387: [GC (Allocation Failure) [PSYoungGen: 57696K->1376K(57856K)] 437816K->381496K(700416K), 0.0027668 secs] [Times: user=0.01 sys=0.00, real=0.00 secs] 
2337.024: [GC (Allocation Failure) [PSYoungGen: 57696K->1344K(57856K)] 437816K->381464K(700416K), 0.0028558 secs] [Times: user=0.01 sys=0.00, real=0.01 secs] 
2338.074: [GC (Allocation Failure) [PSYoungGen: 57664K->1357K(57856K)] 437784K->381477K(700416K), 0.0015124 secs] [Times: user=0.01 sys=0.00, real=0.01 secs] 
2338.575: [GC (Allocation Failure) [PSYoungGen: 57677K->1376K(57856K)] 437797K->381504K(700416K), 0.0022303 secs] [Times: user=0.01 sys=0.00, real=0.00 secs] 
2339.002: [GC (Allocation Failure) [PSYoungGen: 57696K->1296K(57856K)] 437824K->381424K(700416K), 0.0021113 secs] [Times: user=0.01 sys=0.00, real=0.00 secs] 
2339.407: [GC (Allocation Failure) [PSYoungGen: 57616K->1376K(57856K)] 437744K->381504K(700416K), 0.0021438 secs] [Times: user=0.01 sys=0.00, real=0.00 secs] 
2339.908: [GC (Allocation Failure) [PSYoungGen: 57696K->1376K(57856K)] 437824K->381504K(700416K), 0.0023085 secs] [Times: user=0.01 sys=0.00, real=0.00 secs] 
2340.464: [GC (Allocation Failure) [PSYoungGen: 57696K->1376K(57856K)] 437824K->381504K(700416K), 0.0022835 secs] [Times: user=0.00 sys=0.00, real=0.01 secs] 
2341.364: [GC (Allocation Failure) [PSYoungGen: 57696K->1408K(57856K)] 437824K->381536K(700416K), 0.0017343 secs] [Times: user=0.00 sys=0.00, real=0.01 secs] 
2341.957: [GC (Allocation Failure) [PSYoungGen: 57728K->1344K(57856K)] 437856K->381472K(700416K), 0.0019473 secs] [Times: user=0.01 sys=0.00, real=0.00 secs] 
2342.580: [GC (Allocation Failure) [PSYoungGen: 57664K->1344K(57856K)] 437792K->381472K(700416K), 0.0017264 secs] [Times: user=0.01 sys=0.00, real=0.00 secs] 
2343.287: [GC (Allocation Failure) [PSYoungGen: 57664K->1376K(57856K)] 437792K->381504K(700416K), 0.0021434 secs] [Times: user=0.00 sys=0.00, real=0.00 secs] 
2343.877: [GC (Allocation Failure) [PSYoungGen: 57696K->1376K(57856K)] 437824K->381504K(700416K), 0.0023618 secs] [Times: user=0.01 sys=0.00, real=0.00 secs] 
2344.809: [GC (Allocation Failure) [PSYoungGen: 57696K->1408K(57856K)] 437824K->381536K(700416K), 0.0019201 secs] [Times: user=0.00 sys=0.00, real=0.00 secs] 
2345.278: [GC (Allocation Failure) [PSYoungGen: 57728K->1376K(57856K)] 437856K->381504K(700416K), 0.0018701 secs] [Times: user=0.00 sys=0.00, real=0.00 secs] 
2345.755: [GC (Allocation Failure) [PSYoungGen: 57696K->1376K(57856K)] 437824K->381504K(700416K), 0.0031724 secs] [Times: user=0.02 sys=0.00, real=0.00 secs] 
2346.049: [GC (Allocation Failure) [PSYoungGen: 57696K->1344K(57856K)] 437824K->381472K(700416K), 0.0018936 secs] [Times: user=0.01 sys=0.00, real=0.00 secs] 
2346.283: [GC (Allocation Failure) [PSYoungGen: 57664K->1344K(57856K)] 437792K->381488K(700416K), 0.0018690 secs] [Times: user=0.01 sys=0.00, real=0.01 secs] 
2347.103: [GC (Allocation Failure) [PSYoungGen: 57664K->1504K(57856K)] 437808K->381742K(700416K), 0.0019727 secs] [Times: user=0.01 sys=0.00, real=0.01 secs] 
2347.678: [GC (Allocation Failure) [PSYoungGen: 57824K->1312K(57856K)] 438062K->381550K(700416K), 0.0028222 secs] [Times: user=0.01 sys=0.00, real=0.00 secs] 
2348.244: [GC (Allocation Failure) [PSYoungGen: 57632K->1296K(57856K)] 437870K->381534K(700416K), 0.0033810 secs] [Times: user=0.02 sys=0.00, real=0.01 secs] 
2348.722: [GC (Allocation Failure) [PSYoungGen: 57616K->1344K(57856K)] 437854K->381582K(700416K), 0.0039703 secs] [Times: user=0.02 sys=0.00, real=0.01 secs] 
2349.230: [GC (Allocation Failure) [PSYoungGen: 57664K->1296K(57856K)] 437902K->381534K(700416K), 0.0031026 secs] [Times: user=0.01 sys=0.00, real=0.00 secs] 
2349.907: [GC (Allocation Failure) [PSYoungGen: 57616K->1341K(57856K)] 437854K->381579K(700416K), 0.0018468 secs] [Times: user=0.00 sys=0.00, real=0.00 secs] 
2350.837: [GC (Allocation Failure) [PSYoungGen: 57661K->1504K(57856K)] 437899K->381742K(700416K), 0.0020767 secs] [Times: user=0.01 sys=0.00, real=0.00 secs] 
2351.336: [GC (Allocation Failure) [PSYoungGen: 57824K->1472K(57344K)] 438062K->381710K(699904K), 0.0019423 secs] [Times: user=0.01 sys=0.00, real=0.00 secs] 
2351.869: [GC (Allocation Failure) [PSYoungGen: 57280K->1440K(57856K)] 437518K->381678K(700416K), 0.0023833 secs] [Times: user=0.01 sys=0.00, real=0.00 secs] 
2352.159: [GC (Allocation Failure) [PSYoungGen: 57248K->1472K(57856K)] 437486K->381710K(700416K), 0.0018639 secs] [Times: user=0.01 sys=0.00, real=0.00 secs] 
2352.433: [GC (Allocation Failure) [PSYoungGen: 57280K->1440K(57856K)] 437518K->381678K(700416K), 0.0017068 secs] [Times: user=0.01 sys=0.00, real=0.00 secs] 
2353.888: [GC (Allocation Failure) [PSYoungGen: 57248K->1504K(57856K)] 437486K->381742K(700416K), 0.0047245 secs] [Times: user=0.02 sys=0.00, real=0.00 secs] 
2354.475: [GC (Allocation Failure) [PSYoungGen: 57312K->1472K(57856K)] 437550K->381710K(700416K), 0.0023571 secs] [Times: user=0.01 sys=0.00, real=0.00 secs] 
2355.186: [GC (Allocation Failure) [PSYoungGen: 57280K->1472K(57856K)] 437518K->381710K(700416K), 0.0026348 secs] [Times: user=0.01 sys=0.00, real=0.00 secs] 
2355.682: [GC (Allocation Failure) [PSYoungGen: 57280K->1456K(57856K)] 437518K->381694K(700416K), 0.0025536 secs] [Times: user=0.02 sys=0.00, real=0.00 secs] 
2356.136: [GC (Allocation Failure) [PSYoungGen: 57264K->1408K(57856K)] 437502K->381724K(700416K), 0.0025015 secs] [Times: user=0.01 sys=0.00, real=0.00 secs] 
2357.018: [GC (Allocation Failure) [PSYoungGen: 57216K->1664K(57856K)] 437532K->381980K(700416K), 0.0017554 secs] [Times: user=0.01 sys=0.00, real=0.00 secs] 
2357.251: [GC (Allocation Failure) [PSYoungGen: 57472K->1344K(57856K)] 437788K->381684K(700416K), 0.0016918 secs] [Times: user=0.01 sys=0.00, real=0.00 secs] 
2357.501: [GC (Allocation Failure) [PSYoungGen: 57152K->1360K(57856K)] 437492K->381700K(700416K), 0.0016946 secs] [Times: user=0.01 sys=0.00, real=0.00 secs] 
2357.937: [GC (Allocation Failure) [PSYoungGen: 57168K->1344K(57856K)] 437508K->381684K(700416K), 0.0014292 secs] [Times: user=0.01 sys=0.00, real=0.00 secs] 
2358.404: [GC (Allocation Failure) [PSYoungGen: 57152K->1328K(57856K)] 437492K->381668K(700416K), 0.0018387 secs] [Times: user=0.00 sys=0.00, real=0.01 secs] 
2358.927: [GC (Allocation Failure) [PSYoungGen: 57136K->1357K(57856K)] 437476K->381705K(700416K), 0.0014656 secs] [Times: user=0.00 sys=0.00, real=0.00 secs] 
2359.819: [GC (Allocation Failure) [PSYoungGen: 57165K->1376K(57856K)] 437513K->381724K(700416K), 0.0019159 secs] [Times: user=0.00 sys=0.00, real=0.00 secs] 
2360.322: [GC (Allocation Failure) [PSYoungGen: 57184K->1376K(57856K)] 437532K->381724K(700416K), 0.0018406 secs] [Times: user=0.01 sys=0.00, real=0.00 secs] 
2360.789: [GC (Allocation Failure) [PSYoungGen: 57184K->1376K(57856K)] 437532K->381724K(700416K), 0.0017685 secs] [Times: user=0.01 sys=0.00, real=0.00 secs] 
2361.045: [GC (Allocation Failure) [PSYoungGen: 57184K->1376K(57856K)] 437532K->381724K(700416K), 0.0018869 secs] [Times: user=0.00 sys=0.00, real=0.00 secs] 
2361.297: [GC (Allocation Failure) [PSYoungGen: 57184K->1344K(57856K)] 437532K->381692K(700416K), 0.0017843 secs] [Times: user=0.01 sys=0.00, real=0.00 secs] 
2362.724: [GC (Allocation Failure) [PSYoungGen: 57152K->1360K(57856K)] 437500K->381708K(700416K), 0.0024879 secs] [Times: user=0.01 sys=0.00, real=0.01 secs] 
2363.496: [GC (Allocation Failure) [PSYoungGen: 57168K->1376K(57344K)] 437516K->381724K(699904K), 0.0027185 secs] [Times: user=0.01 sys=0.00, real=0.00 secs] 
2364.279: [GC (Allocation Failure) [PSYoungGen: 57184K->1296K(57344K)] 437532K->381644K(699904K), 0.0028548 secs] [Times: user=0.01 sys=0.00, real=0.00 secs] 
2365.125: [GC (Allocation Failure) [PSYoungGen: 57104K->1376K(57344K)] 437452K->381724K(699904K), 0.0033793 secs] [Times: user=0.01 sys=0.00, real=0.00 secs] 
2365.711: [GC (Allocation Failure) [PSYoungGen: 57184K->1344K(57344K)] 437532K->381692K(699904K), 0.0021819 secs] [Times: user=0.01 sys=0.00, real=0.00 secs] 
2366.662: [GC (Allocation Failure) [PSYoungGen: 57152K->1504K(57344K)] 437500K->382044K(699904K), 0.0018840 secs] [Times: user=0.01 sys=0.00, real=0.00 secs] 
2368.642: [GC (Allocation Failure) [PSYoungGen: 57312K->1280K(57856K)] 437852K->381828K(700416K), 0.0033744 secs] [Times: user=0.01 sys=0.00, real=0.01 secs] 
2369.714: [GC (Allocation Failure) [PSYoungGen: 57088K->1280K(57856K)] 437636K->381828K(700416K), 0.0035056 secs] [Times: user=0.01 sys=0.00, real=0.01 secs] 
2370.270: [GC (Allocation Failure) [PSYoungGen: 57088K->1264K(57856K)] 437636K->381812K(700416K), 0.0027322 secs] [Times: user=0.01 sys=0.00, real=0.00 secs] 
2370.761: [GC (Allocation Failure) [PSYoungGen: 57072K->1264K(57856K)] 437620K->381812K(700416K), 0.0027594 secs] [Times: user=0.01 sys=0.00, real=0.00 secs] 
2371.383: [GC (Allocation Failure) [PSYoungGen: 57072K->1360K(57856K)] 437620K->381908K(700416K), 0.0026933 secs] [Times: user=0.01 sys=0.00, real=0.01 secs] 
2372.410: [GC (Allocation Failure) [PSYoungGen: 57168K->1488K(57856K)] 437716K->382036K(700416K), 0.0021205 secs] [Times: user=0.01 sys=0.00, real=0.00 secs] 
2372.966: [GC (Allocation Failure) [PSYoungGen: 57296K->1472K(57856K)] 437844K->382020K(700416K), 0.0038826 secs] [Times: user=0.02 sys=0.00, real=0.00 secs] 
2373.253: [GC (Allocation Failure) [PSYoungGen: 57280K->1472K(57856K)] 437828K->382020K(700416K), 0.0019825 secs] [Times: user=0.01 sys=0.00, real=0.00 secs] 
2373.491: [GC (Allocation Failure) [PSYoungGen: 57280K->1472K(57856K)] 437828K->382020K(700416K), 0.0019125 secs] [Times: user=0.01 sys=0.00, real=0.00 secs] 
2373.732: [GC (Allocation Failure) [PSYoungGen: 57280K->1472K(57856K)] 437828K->382020K(700416K), 0.0018445 secs] [Times: user=0.01 sys=0.00, real=0.00 secs] 
2374.664: [GC (Allocation Failure) [PSYoungGen: 57280K->1472K(57856K)] 437828K->382020K(700416K), 0.0022545 secs] [Times: user=0.01 sys=0.01, real=0.01 secs] 
2375.327: [GC (Allocation Failure) [PSYoungGen: 57280K->1456K(57856K)] 437828K->382004K(700416K), 0.0041259 secs] [Times: user=0.02 sys=0.00, real=0.00 secs] 
2375.790: [GC (Allocation Failure) [PSYoungGen: 57264K->1456K(57856K)] 437812K->382004K(700416K), 0.0029068 secs] [Times: user=0.01 sys=0.00, real=0.00 secs] 
2376.260: [GC (Allocation Failure) [PSYoungGen: 57264K->1456K(57856K)] 437812K->382004K(700416K), 0.0028332 secs] [Times: user=0.01 sys=0.00, real=0.00 secs] 
2376.703: [GC (Allocation Failure) [PSYoungGen: 57264K->1376K(57856K)] 437812K->382032K(700416K), 0.0023906 secs] [Times: user=0.01 sys=0.00, real=0.01 secs] 
2377.536: [GC (Allocation Failure) [PSYoungGen: 57184K->1424K(57856K)] 437840K->382096K(700416K), 0.0019603 secs] [Times: user=0.01 sys=0.00, real=0.00 secs] 
2377.785: [GC (Allocation Failure) [PSYoungGen: 57232K->1376K(57856K)] 437904K->382048K(700416K), 0.0018551 secs] [Times: user=0.01 sys=0.00, real=0.00 secs] 
2378.097: [GC (Allocation Failure) [PSYoungGen: 57184K->1376K(57856K)] 437856K->382048K(700416K), 0.0016881 secs] [Times: user=0.01 sys=0.00, real=0.00 secs] 
2378.355: [GC (Allocation Failure) [PSYoungGen: 57184K->1408K(57856K)] 437856K->382080K(700416K), 0.0017700 secs] [Times: user=0.01 sys=0.00, real=0.00 secs] 
2378.587: [GC (Allocation Failure) [PSYoungGen: 57216K->1376K(57856K)] 437888K->382048K(700416K), 0.0018888 secs] [Times: user=0.01 sys=0.00, real=0.00 secs] 
2378.883: [GC (Allocation Failure) [PSYoungGen: 57184K->1392K(57344K)] 437856K->382072K(699904K), 0.0019011 secs] [Times: user=0.01 sys=0.00, real=0.01 secs] 
2379.628: [GC (Allocation Failure) [PSYoungGen: 57200K->1408K(57344K)] 437880K->382088K(699904K), 0.0018265 secs] [Times: user=0.01 sys=0.00, real=0.00 secs] 
2380.061: [GC (Allocation Failure) [PSYoungGen: 57216K->352K(56832K)] 437896K->382056K(699392K), 0.0018056 secs] [Times: user=0.01 sys=0.01, real=0.00 secs] 
2380.625: [GC (Allocation Failure) [PSYoungGen: 56160K->368K(57856K)] 437864K->382072K(700416K), 0.0019913 secs] [Times: user=0.00 sys=0.00, real=0.00 secs] 
2381.140: [GC (Allocation Failure) [PSYoungGen: 56176K->368K(57856K)] 437880K->382072K(700416K), 0.0020338 secs] [Times: user=0.01 sys=0.00, real=0.00 secs] 
2381.662: [GC (Allocation Failure) [PSYoungGen: 56176K->352K(57856K)] 437880K->382056K(700416K), 0.0020062 secs] [Times: user=0.01 sys=0.00, real=0.00 secs] 
2382.531: [GC (Allocation Failure) [PSYoungGen: 56160K->1408K(57856K)] 437864K->383112K(700416K), 0.0017949 secs] [Times: user=0.01 sys=0.00, real=0.00 secs] 
2382.783: [GC (Allocation Failure) [PSYoungGen: 57216K->1376K(57856K)] 438920K->383080K(700416K), 0.0019592 secs] [Times: user=0.01 sys=0.00, real=0.01 secs] 
2383.129: [GC (Allocation Failure) [PSYoungGen: 57184K->1376K(57856K)] 438888K->383080K(700416K), 0.0018612 secs] [Times: user=0.01 sys=0.00, real=0.00 secs] 
2383.494: [GC (Allocation Failure) [PSYoungGen: 57184K->1376K(57856K)] 438888K->383080K(700416K), 0.0018850 secs] [Times: user=0.01 sys=0.00, real=0.01 secs] 
2383.920: [GC (Allocation Failure) [PSYoungGen: 57184K->1344K(57856K)] 438888K->383048K(700416K), 0.0019503 secs] [Times: user=0.01 sys=0.00, real=0.00 secs] 
2384.815: [GC (Allocation Failure) [PSYoungGen: 57152K->1408K(57856K)] 438856K->383120K(700416K), 0.0031741 secs] [Times: user=0.01 sys=0.00, real=0.01 secs] 
2385.842: [GC (Allocation Failure) [PSYoungGen: 57216K->1408K(57856K)] 438928K->383136K(700416K), 0.0028393 secs] [Times: user=0.02 sys=0.00, real=0.01 secs] 
2386.478: [GC (Allocation Failure) [PSYoungGen: 57216K->1440K(57856K)] 438944K->383168K(700416K), 0.0026690 secs] [Times: user=0.01 sys=0.00, real=0.00 secs] 
2387.114: [GC (Allocation Failure) [PSYoungGen: 57248K->1472K(57856K)] 438976K->383200K(700416K), 0.0027972 secs] [Times: user=0.01 sys=0.00, real=0.01 secs] 
2387.701: [GC (Allocation Failure) [PSYoungGen: 57280K->1440K(57856K)] 439008K->383168K(700416K), 0.0031621 secs] [Times: user=0.01 sys=0.00, real=0.00 secs] 
2388.307: [GC (Allocation Failure) [PSYoungGen: 57248K->1392K(57856K)] 438976K->383120K(700416K), 0.0033244 secs] [Times: user=0.01 sys=0.00, real=0.00 secs] 
2389.084: [GC (Allocation Failure) [PSYoungGen: 57200K->1408K(57856K)] 438928K->383136K(700416K), 0.0019167 secs] [Times: user=0.01 sys=0.00, real=0.01 secs] 
2389.316: [GC (Allocation Failure) [PSYoungGen: 57216K->1408K(57856K)] 438944K->383136K(700416K), 0.0018834 secs] [Times: user=0.00 sys=0.00, real=0.00 secs] 
2389.548: [GC (Allocation Failure) [PSYoungGen: 57216K->1472K(57856K)] 438944K->383200K(700416K), 0.0017204 secs] [Times: user=0.01 sys=0.00, real=0.00 secs] 
2389.779: [GC (Allocation Failure) [PSYoungGen: 57280K->1376K(57856K)] 439008K->383104K(700416K), 0.0018030 secs] [Times: user=0.00 sys=0.00, real=0.00 secs] 
2390.011: [GC (Allocation Failure) [PSYoungGen: 57184K->1408K(57856K)] 438912K->383136K(700416K), 0.0019732 secs] [Times: user=0.01 sys=0.00, real=0.00 secs] 
2391.268: [GC (Allocation Failure) [PSYoungGen: 57216K->1440K(57856K)] 438944K->383168K(700416K), 0.0021248 secs] [Times: user=0.01 sys=0.01, real=0.00 secs] 
2391.501: [GC (Allocation Failure) [PSYoungGen: 57248K->1408K(57856K)] 438976K->383136K(700416K), 0.0019567 secs] [Times: user=0.01 sys=0.00, real=0.00 secs] 
2391.733: [GC (Allocation Failure) [PSYoungGen: 57216K->1376K(57856K)] 438944K->383104K(700416K), 0.0019050 secs] [Times: user=0.01 sys=0.00, real=0.00 secs] 
2392.065: [GC (Allocation Failure) [PSYoungGen: 57184K->1424K(57856K)] 438912K->383152K(700416K), 0.0018973 secs] [Times: user=0.01 sys=0.00, real=0.01 secs] 
2392.447: [GC (Allocation Failure) [PSYoungGen: 57232K->1408K(57856K)] 438960K->383152K(700416K), 0.0019095 secs] [Times: user=0.01 sys=0.01, real=0.00 secs] 
2393.263: [GC (Allocation Failure) [PSYoungGen: 57167K->192K(57856K)] 438911K->381936K(700416K), 0.0014731 secs] [Times: user=0.01 sys=0.00, real=0.00 secs] 
2394.190: [GC (Allocation Failure) [PSYoungGen: 56000K->1408K(57856K)] 437744K->383152K(700416K), 0.0032986 secs] [Times: user=0.01 sys=0.00, real=0.00 secs] 
2394.659: [GC (Allocation Failure) [PSYoungGen: 57216K->1328K(57856K)] 438960K->383072K(700416K), 0.0024822 secs] [Times: user=0.01 sys=0.00, real=0.00 secs] 
2395.071: [GC (Allocation Failure) [PSYoungGen: 57136K->1408K(57856K)] 438880K->383152K(700416K), 0.0034063 secs] [Times: user=0.02 sys=0.00, real=0.00 secs] 
2395.523: [GC (Allocation Failure) [PSYoungGen: 57216K->1408K(57856K)] 438960K->383168K(700416K), 0.0032112 secs] [Times: user=0.02 sys=0.00, real=0.01 secs] 
2395.970: [GC (Allocation Failure) [PSYoungGen: 57216K->1408K(57856K)] 438976K->383168K(700416K), 0.0026912 secs] [Times: user=0.01 sys=0.00, real=0.00 secs] 
2397.005: [GC (Allocation Failure) [PSYoungGen: 57216K->1440K(57856K)] 438976K->383200K(700416K), 0.0024218 secs] [Times: user=0.01 sys=0.00, real=0.00 secs] 
2397.679: [GC (Allocation Failure) [PSYoungGen: 57248K->1376K(57856K)] 439008K->383136K(700416K), 0.0041480 secs] [Times: user=0.01 sys=0.00, real=0.00 secs] 
2398.401: [GC (Allocation Failure) [PSYoungGen: 57184K->1376K(57856K)] 438944K->383136K(700416K), 0.0043813 secs] [Times: user=0.01 sys=0.00, real=0.01 secs] 
2399.201: [GC (Allocation Failure) [PSYoungGen: 57184K->1408K(57856K)] 438944K->383168K(700416K), 0.0027522 secs] [Times: user=0.01 sys=0.01, real=0.00 secs] 
2400.015: [GC (Allocation Failure) [PSYoungGen: 57216K->1376K(57856K)] 438976K->383136K(700416K), 0.0028115 secs] [Times: user=0.01 sys=0.00, real=0.01 secs] 
2401.301: [GC (Allocation Failure) [PSYoungGen: 57184K->1440K(57856K)] 438944K->383200K(700416K), 0.0027110 secs] [Times: user=0.01 sys=0.00, real=0.00 secs] 
2402.267: [GC (Allocation Failure) [PSYoungGen: 57248K->1376K(57856K)] 439008K->383136K(700416K), 0.0028266 secs] [Times: user=0.01 sys=0.00, real=0.00 secs] 
2402.704: [GC (Allocation Failure) [PSYoungGen: 57184K->1376K(57856K)] 438944K->383136K(700416K), 0.0021523 secs] [Times: user=0.01 sys=0.00, real=0.01 secs] 
2402.978: [GC (Allocation Failure) [PSYoungGen: 57184K->1376K(57856K)] 438944K->383136K(700416K), 0.0020090 secs] [Times: user=0.01 sys=0.00, real=0.00 secs] 
2403.387: [GC (Allocation Failure) [PSYoungGen: 57184K->1392K(57856K)] 438944K->383152K(700416K), 0.0019635 secs] [Times: user=0.00 sys=0.00, real=0.00 secs] 
2404.141: [GC (Allocation Failure) [PSYoungGen: 57200K->1357K(57856K)] 438960K->383117K(700416K), 0.0015075 secs] [Times: user=0.00 sys=0.00, real=0.00 secs] 
2404.704: [GC (Allocation Failure) [PSYoungGen: 57165K->1440K(57856K)] 438925K->383200K(700416K), 0.0020107 secs] [Times: user=0.01 sys=0.00, real=0.01 secs] 
2405.228: [GC (Allocation Failure) [PSYoungGen: 57248K->1344K(57856K)] 439008K->383104K(700416K), 0.0044284 secs] [Times: user=0.02 sys=0.00, real=0.00 secs] 
2405.665: [GC (Allocation Failure) [PSYoungGen: 57152K->1376K(57856K)] 438912K->383136K(700416K), 0.0026001 secs] [Times: user=0.01 sys=0.00, real=0.00 secs] 
2406.152: [GC (Allocation Failure) [PSYoungGen: 57184K->1408K(57856K)] 438944K->383168K(700416K), 0.0040686 secs] [Times: user=0.01 sys=0.00, real=0.01 secs] 
2406.774: [GC (Allocation Failure) [PSYoungGen: 57216K->1376K(57856K)] 438976K->383136K(700416K), 0.0042947 secs] [Times: user=0.01 sys=0.00, real=0.01 secs] 
2407.603: [GC (Allocation Failure) [PSYoungGen: 57184K->1408K(57856K)] 438944K->383168K(700416K), 0.0017640 secs] [Times: user=0.01 sys=0.00, real=0.01 secs] 
2407.836: [GC (Allocation Failure) [PSYoungGen: 57216K->1376K(57344K)] 438976K->383152K(699904K), 0.0016515 secs] [Times: user=0.00 sys=0.00, real=0.00 secs] 
2408.068: [GC (Allocation Failure) [PSYoungGen: 57184K->1408K(57344K)] 438960K->383184K(699904K), 0.0018077 secs] [Times: user=0.01 sys=0.00, real=0.00 secs] 
2408.300: [GC (Allocation Failure) [PSYoungGen: 57216K->352K(56832K)] 438992K->383152K(699392K), 0.0017280 secs] [Times: user=0.01 sys=0.00, real=0.00 secs] 
2408.588: [GC (Allocation Failure) [PSYoungGen: 56160K->368K(57856K)] 438960K->383168K(700416K), 0.0017730 secs] [Times: user=0.00 sys=0.00, real=0.00 secs] 
2409.406: [GC (Allocation Failure) [PSYoungGen: 56176K->1472K(57856K)] 438976K->384272K(700416K), 0.0020044 secs] [Times: user=0.01 sys=0.00, real=0.00 secs] 
2410.059: [GC (Allocation Failure) [PSYoungGen: 57280K->1376K(57856K)] 440080K->384176K(700416K), 0.0019565 secs] [Times: user=0.01 sys=0.00, real=0.00 secs] 
2410.601: [GC (Allocation Failure) [PSYoungGen: 57184K->1376K(57856K)] 439984K->384176K(700416K), 0.0032192 secs] [Times: user=0.01 sys=0.00, real=0.00 secs] 
2411.211: [GC (Allocation Failure) [PSYoungGen: 57184K->1376K(57856K)] 439984K->384176K(700416K), 0.0032565 secs] [Times: user=0.01 sys=0.00, real=0.00 secs] 
2411.856: [GC (Allocation Failure) [PSYoungGen: 57184K->1408K(57856K)] 439984K->384208K(700416K), 0.0031506 secs] [Times: user=0.01 sys=0.00, real=0.00 secs] 
2412.904: [GC (Allocation Failure) [PSYoungGen: 57216K->1389K(57856K)] 440016K->384189K(700416K), 0.0015041 secs] [Times: user=0.00 sys=0.00, real=0.01 secs] 
2414.302: [GC (Allocation Failure) [PSYoungGen: 57197K->1440K(57856K)] 439997K->384240K(700416K), 0.0040333 secs] [Times: user=0.01 sys=0.00, real=0.01 secs] 
2415.165: [GC (Allocation Failure) [PSYoungGen: 57248K->1408K(57856K)] 440048K->384208K(700416K), 0.0027088 secs] [Times: user=0.01 sys=0.00, real=0.00 secs] 
2415.929: [GC (Allocation Failure) [PSYoungGen: 57216K->1376K(57856K)] 440016K->384176K(700416K), 0.0027971 secs] [Times: user=0.01 sys=0.00, real=0.00 secs] 
2416.569: [GC (Allocation Failure) [PSYoungGen: 57184K->1392K(57856K)] 439984K->384192K(700416K), 0.0031325 secs] [Times: user=0.01 sys=0.00, real=0.00 secs] 
2416.844: [GC (Allocation Failure) [PSYoungGen: 57200K->1376K(57856K)] 440000K->384184K(700416K), 0.0020025 secs] [Times: user=0.00 sys=0.00, real=0.01 secs] 
2418.067: [GC (Allocation Failure) [PSYoungGen: 57184K->1440K(57856K)] 439992K->384248K(700416K), 0.0022287 secs] [Times: user=0.01 sys=0.00, real=0.00 secs] 
2419.048: [GC (Allocation Failure) [PSYoungGen: 57248K->1376K(57856K)] 440056K->384192K(700416K), 0.0046601 secs] [Times: user=0.02 sys=0.00, real=0.00 secs] 
2419.958: [GC (Allocation Failure) [PSYoungGen: 57184K->1376K(57856K)] 440000K->384192K(700416K), 0.0036119 secs] [Times: user=0.01 sys=0.01, real=0.00 secs] 
2420.909: [GC (Allocation Failure) [PSYoungGen: 57184K->1376K(57856K)] 440000K->384192K(700416K), 0.0027759 secs] [Times: user=0.01 sys=0.00, real=0.00 secs] 
2421.603: [GC (Allocation Failure) [PSYoungGen: 57184K->1408K(57856K)] 440000K->384232K(700416K), 0.0034849 secs] [Times: user=0.01 sys=0.00, real=0.01 secs] 
2422.576: [GC (Allocation Failure) [PSYoungGen: 57216K->1440K(57856K)] 440040K->384272K(700416K), 0.0019289 secs] [Times: user=0.01 sys=0.00, real=0.00 secs] 
2423.276: [GC (Allocation Failure) [PSYoungGen: 57248K->1392K(57856K)] 440080K->384224K(700416K), 0.0030264 secs] [Times: user=0.01 sys=0.00, real=0.00 secs] 
2423.983: [GC (Allocation Failure) [PSYoungGen: 57200K->1376K(57856K)] 440032K->384208K(700416K), 0.0036010 secs] [Times: user=0.01 sys=0.00, real=0.01 secs] 
2424.630: [GC (Allocation Failure) [PSYoungGen: 57184K->1408K(57856K)] 440016K->384240K(700416K), 0.0040874 secs] [Times: user=0.02 sys=0.00, real=0.00 secs] 
2425.299: [GC (Allocation Failure) [PSYoungGen: 57216K->1376K(57856K)] 440048K->384208K(700416K), 0.0048497 secs] [Times: user=0.02 sys=0.00, real=0.00 secs] 
2426.332: [GC (Allocation Failure) [PSYoungGen: 57184K->1389K(57856K)] 440016K->384221K(700416K), 0.0015426 secs] [Times: user=0.01 sys=0.00, real=0.00 secs] 
2426.933: [GC (Allocation Failure) [PSYoungGen: 57197K->1376K(57856K)] 440029K->384208K(700416K), 0.0020005 secs] [Times: user=0.01 sys=0.00, real=0.01 secs] 
2427.382: [GC (Allocation Failure) [PSYoungGen: 57184K->1344K(57344K)] 440016K->384176K(699904K), 0.0048033 secs] [Times: user=0.02 sys=0.00, real=0.01 secs] 
2427.863: [GC (Allocation Failure) [PSYoungGen: 57152K->1408K(57344K)] 439984K->384240K(699904K), 0.0031999 secs] [Times: user=0.01 sys=0.01, real=0.01 secs] 
2428.326: [GC (Allocation Failure) [PSYoungGen: 57216K->1408K(57344K)] 440048K->384248K(699904K), 0.0031292 secs] [Times: user=0.02 sys=0.00, real=0.00 secs] 
2428.720: [GC (Allocation Failure) [PSYoungGen: 57216K->1376K(57344K)] 440056K->384224K(699904K), 0.0023285 secs] [Times: user=0.01 sys=0.00, real=0.00 secs] 
2430.162: [GC (Allocation Failure) [PSYoungGen: 57184K->1440K(57344K)] 440032K->384288K(699904K), 0.0026564 secs] [Times: user=0.01 sys=0.00, real=0.01 secs] 
2430.680: [GC (Allocation Failure) [PSYoungGen: 57248K->1408K(57344K)] 440096K->384256K(699904K), 0.0027538 secs] [Times: user=0.01 sys=0.00, real=0.00 secs] 
2431.390: [GC (Allocation Failure) [PSYoungGen: 57216K->1408K(57344K)] 440064K->384256K(699904K), 0.0031390 secs] [Times: user=0.01 sys=0.00, real=0.00 secs] 
2432.134: [GC (Allocation Failure) [PSYoungGen: 57216K->1376K(57344K)] 440064K->384224K(699904K), 0.0027982 secs] [Times: user=0.01 sys=0.00, real=0.01 secs] 
2432.809: [GC (Allocation Failure) [PSYoungGen: 57184K->1376K(57344K)] 440032K->384224K(699904K), 0.0032199 secs] [Times: user=0.02 sys=0.00, real=0.00 secs] 
2434.032: [GC (Allocation Failure) [PSYoungGen: 57184K->1392K(57344K)] 440032K->384240K(699904K), 0.0022674 secs] [Times: user=0.01 sys=0.00, real=0.00 secs] 
2434.836: [GC (Allocation Failure) [PSYoungGen: 57200K->1376K(57344K)] 440048K->384224K(699904K), 0.0047577 secs] [Times: user=0.01 sys=0.00, real=0.00 secs] 
2435.694: [GC (Allocation Failure) [PSYoungGen: 57184K->1376K(57344K)] 440032K->384224K(699904K), 0.0043339 secs] [Times: user=0.02 sys=0.00, real=0.01 secs] 
2436.458: [GC (Allocation Failure) [PSYoungGen: 57184K->1376K(57344K)] 440032K->384224K(699904K), 0.0059310 secs] [Times: user=0.02 sys=0.00, real=0.00 secs] 
2437.078: [GC (Allocation Failure) [PSYoungGen: 57184K->1328K(57344K)] 440032K->384176K(699904K), 0.0032079 secs] [Times: user=0.01 sys=0.00, real=0.00 secs] 
2437.776: [GC (Allocation Failure) [PSYoungGen: 57136K->1357K(57344K)] 439984K->384205K(699904K), 0.0015473 secs] [Times: user=0.01 sys=0.00, real=0.00 secs] 
2438.309: [GC (Allocation Failure) [PSYoungGen: 57165K->1376K(57344K)] 440013K->384224K(699904K), 0.0018997 secs] [Times: user=0.01 sys=0.00, real=0.00 secs] 
2438.541: [GC (Allocation Failure) [PSYoungGen: 57184K->1376K(57344K)] 440032K->384224K(699904K), 0.0019278 secs] [Times: user=0.00 sys=0.00, real=0.00 secs] 
2438.881: [GC (Allocation Failure) [PSYoungGen: 57184K->1376K(57344K)] 440032K->384232K(699904K), 0.0018625 secs] [Times: user=0.01 sys=0.00, real=0.00 secs] 
2439.347: [GC (Allocation Failure) [PSYoungGen: 57184K->1376K(57344K)] 440040K->384232K(699904K), 0.0018546 secs] [Times: user=0.01 sys=0.00, real=0.00 secs] 
2439.880: [GC (Allocation Failure) [PSYoungGen: 57184K->1376K(57344K)] 440040K->384232K(699904K), 0.0018740 secs] [Times: user=0.01 sys=0.00, real=0.00 secs] 
2441.544: [GC (Allocation Failure) [PSYoungGen: 57184K->1408K(57344K)] 440040K->384264K(699904K), 0.0040829 secs] [Times: user=0.01 sys=0.00, real=0.01 secs] 
2442.203: [GC (Allocation Failure) [PSYoungGen: 57216K->1392K(57344K)] 440072K->384248K(699904K), 0.0033077 secs] [Times: user=0.02 sys=0.00, real=0.01 secs] 
2442.850: [GC (Allocation Failure) [PSYoungGen: 57200K->1376K(57344K)] 440056K->384232K(699904K), 0.0039470 secs] [Times: user=0.01 sys=0.00, real=0.00 secs] 
2443.412: [GC (Allocation Failure) [PSYoungGen: 57184K->1376K(57344K)] 440040K->384232K(699904K), 0.0030792 secs] [Times: user=0.02 sys=0.00, real=0.01 secs] 
2443.861: [GC (Allocation Failure) [PSYoungGen: 57184K->1360K(57344K)] 440040K->384216K(699904K), 0.0031402 secs] [Times: user=0.01 sys=0.00, real=0.00 secs] 
2444.729: [GC (Allocation Failure) [PSYoungGen: 57168K->1408K(57344K)] 440024K->384264K(699904K), 0.0019186 secs] [Times: user=0.01 sys=0.01, real=0.00 secs] 
2445.020: [GC (Allocation Failure) [PSYoungGen: 57216K->1376K(57344K)] 440072K->384232K(699904K), 0.0019040 secs] [Times: user=0.01 sys=0.00, real=0.00 secs] 
2445.263: [GC (Allocation Failure) [PSYoungGen: 57184K->1392K(57344K)] 440040K->384248K(699904K), 0.0018963 secs] [Times: user=0.01 sys=0.00, real=0.01 secs] 
2445.527: [GC (Allocation Failure) [PSYoungGen: 57200K->1344K(57344K)] 440056K->384200K(699904K), 0.0018505 secs] [Times: user=0.01 sys=0.00, real=0.00 secs] 
2445.759: [GC (Allocation Failure) [PSYoungGen: 57152K->1376K(57344K)] 440008K->384232K(699904K), 0.0018559 secs] [Times: user=0.01 sys=0.00, real=0.00 secs] 
2446.299: [GC (Allocation Failure) [PSYoungGen: 57184K->1357K(57344K)] 440040K->384221K(699904K), 0.0014621 secs] [Times: user=0.01 sys=0.00, real=0.00 secs] 
2446.742: [GC (Allocation Failure) [PSYoungGen: 57165K->1408K(57344K)] 440029K->384272K(699904K), 0.0016569 secs] [Times: user=0.01 sys=0.00, real=0.00 secs] 
2446.973: [GC (Allocation Failure) [PSYoungGen: 57216K->1376K(57344K)] 440080K->384240K(699904K), 0.0016597 secs] [Times: user=0.00 sys=0.00, real=0.00 secs] 
2447.289: [GC (Allocation Failure) [PSYoungGen: 57184K->1376K(57344K)] 440048K->384240K(699904K), 0.0017845 secs] [Times: user=0.01 sys=0.00, real=0.00 secs] 
2447.699: [GC (Allocation Failure) [PSYoungGen: 57184K->1344K(57344K)] 440048K->384208K(699904K), 0.0018050 secs] [Times: user=0.00 sys=0.00, real=0.00 secs] 
2448.127: [GC (Allocation Failure) [PSYoungGen: 57152K->1408K(57344K)] 440016K->384272K(699904K), 0.0019006 secs] [Times: user=0.00 sys=0.00, real=0.00 secs] 
2449.005: [GC (Allocation Failure) [PSYoungGen: 57216K->1408K(57344K)] 440080K->384272K(699904K), 0.0017562 secs] [Times: user=0.01 sys=0.00, real=0.00 secs] 
2449.237: [GC (Allocation Failure) [PSYoungGen: 57216K->1408K(57344K)] 440080K->384272K(699904K), 0.0017712 secs] [Times: user=0.01 sys=0.00, real=0.00 secs] 
2449.469: [GC (Allocation Failure) [PSYoungGen: 57216K->1376K(57344K)] 440080K->384240K(699904K), 0.0017840 secs] [Times: user=0.00 sys=0.00, real=0.00 secs] 
2449.774: [GC (Allocation Failure) [PSYoungGen: 57184K->1312K(57344K)] 440048K->384176K(699904K), 0.0017148 secs] [Times: user=0.01 sys=0.00, real=0.01 secs] 
2450.121: [GC (Allocation Failure) [PSYoungGen: 57120K->1376K(57344K)] 439984K->384240K(699904K), 0.0017110 secs] [Times: user=0.01 sys=0.00, real=0.00 secs] 
2450.974: [GC (Allocation Failure) [PSYoungGen: 57184K->1376K(57344K)] 440048K->384240K(699904K), 0.0021685 secs] [Times: user=0.01 sys=0.00, real=0.01 secs] 
2451.481: [GC (Allocation Failure) [PSYoungGen: 57184K->1376K(57344K)] 440048K->384240K(699904K), 0.0022085 secs] [Times: user=0.01 sys=0.00, real=0.00 secs] 
2451.790: [GC (Allocation Failure) [PSYoungGen: 57184K->1408K(57344K)] 440048K->384272K(699904K), 0.0019592 secs] [Times: user=0.01 sys=0.00, real=0.00 secs] 
2452.023: [GC (Allocation Failure) [PSYoungGen: 57216K->1376K(57344K)] 440080K->384240K(699904K), 0.0019559 secs] [Times: user=0.01 sys=0.00, real=0.00 secs] 
2452.254: [GC (Allocation Failure) [PSYoungGen: 57184K->1408K(57344K)] 440048K->384272K(699904K), 0.0019210 secs] [Times: user=0.01 sys=0.00, real=0.01 secs] 
2452.728: [GC (Allocation Failure) [PSYoungGen: 57216K->1389K(57344K)] 440080K->384253K(699904K), 0.0015427 secs] [Times: user=0.01 sys=0.00, real=0.00 secs] 
2454.117: [GC (Allocation Failure) [PSYoungGen: 57197K->1408K(57344K)] 440061K->384272K(699904K), 0.0044598 secs] [Times: user=0.02 sys=0.00, real=0.00 secs] 
2455.379: [GC (Allocation Failure) [PSYoungGen: 57216K->1392K(57344K)] 440080K->384256K(699904K), 0.0047563 secs] [Times: user=0.02 sys=0.00, real=0.00 secs] 
2456.225: [GC (Allocation Failure) [PSYoungGen: 57200K->1376K(57344K)] 440064K->384240K(699904K), 0.0040355 secs] [Times: user=0.02 sys=0.00, real=0.01 secs] 
2456.980: [GC (Allocation Failure) [PSYoungGen: 57184K->1376K(57344K)] 440048K->384248K(699904K), 0.0040034 secs] [Times: user=0.01 sys=0.00, real=0.00 secs] 
2457.690: [GC (Allocation Failure) [PSYoungGen: 57184K->1376K(57344K)] 440056K->384248K(699904K), 0.0060866 secs] [Times: user=0.02 sys=0.01, real=0.01 secs] 
2458.576: [GC (Allocation Failure) [PSYoungGen: 57184K->1440K(57344K)] 440056K->384320K(699904K), 0.0017395 secs] [Times: user=0.01 sys=0.00, real=0.00 secs] 
2458.823: [GC (Allocation Failure) [PSYoungGen: 57248K->1376K(57344K)] 440128K->384256K(699904K), 0.0017700 secs] [Times: user=0.01 sys=0.00, real=0.00 secs] 
2459.055: [GC (Allocation Failure) [PSYoungGen: 57184K->1408K(57344K)] 440064K->384288K(699904K), 0.0017544 secs] [Times: user=0.01 sys=0.00, real=0.01 secs] 
2459.286: [GC (Allocation Failure) [PSYoungGen: 57216K->1376K(57344K)] 440096K->384256K(699904K), 0.0017317 secs] [Times: user=0.00 sys=0.00, real=0.00 secs] 
2459.518: [GC (Allocation Failure) [PSYoungGen: 57184K->1408K(57344K)] 440064K->384288K(699904K), 0.0020712 secs] [Times: user=0.01 sys=0.00, real=0.00 secs] 
2460.185: [GC (Allocation Failure) [PSYoungGen: 57216K->1376K(57344K)] 440096K->384256K(699904K), 0.0031807 secs] [Times: user=0.01 sys=0.00, real=0.00 secs] 
2460.442: [GC (Allocation Failure) [PSYoungGen: 57184K->1376K(57344K)] 440064K->384256K(699904K), 0.0019056 secs] [Times: user=0.01 sys=0.00, real=0.00 secs] 
2460.682: [GC (Allocation Failure) [PSYoungGen: 57184K->1408K(57344K)] 440064K->384288K(699904K), 0.0019628 secs] [Times: user=0.01 sys=0.00, real=0.00 secs] 
2460.914: [GC (Allocation Failure) [PSYoungGen: 57216K->1408K(57344K)] 440096K->384288K(699904K), 0.0017376 secs] [Times: user=0.01 sys=0.00, real=0.01 secs] 
2461.146: [GC (Allocation Failure) [PSYoungGen: 57216K->1408K(57344K)] 440096K->384288K(699904K), 0.0018363 secs] [Times: user=0.01 sys=0.00, real=0.00 secs] 
2461.679: [GC (Allocation Failure) [PSYoungGen: 57216K->1389K(57344K)] 440096K->384269K(699904K), 0.0016373 secs] [Times: user=0.00 sys=0.00, real=0.00 secs] 
2462.452: [GC (Allocation Failure) [PSYoungGen: 57197K->1408K(57344K)] 440077K->384288K(699904K), 0.0040230 secs] [Times: user=0.01 sys=0.00, real=0.01 secs] 
2462.923: [GC (Allocation Failure) [PSYoungGen: 57216K->1440K(57344K)] 440096K->384320K(699904K), 0.0031318 secs] [Times: user=0.01 sys=0.00, real=0.01 secs] 
2463.345: [GC (Allocation Failure) [PSYoungGen: 57248K->1440K(57344K)] 440128K->384320K(699904K), 0.0022148 secs] [Times: user=0.01 sys=0.00, real=0.01 secs] 
2463.827: [GC (Allocation Failure) [PSYoungGen: 57248K->1440K(57344K)] 440128K->384320K(699904K), 0.0022010 secs] [Times: user=0.00 sys=0.00, real=0.00 secs] 
2464.220: [GC (Allocation Failure) [PSYoungGen: 57248K->1392K(57344K)] 440128K->384304K(699904K), 0.0022807 secs] [Times: user=0.01 sys=0.00, real=0.00 secs] 
2465.679: [GC (Allocation Failure) [PSYoungGen: 57200K->1376K(57344K)] 440112K->384288K(699904K), 0.0048643 secs] [Times: user=0.02 sys=0.01, real=0.00 secs] 
2466.373: [GC (Allocation Failure) [PSYoungGen: 57184K->1408K(57344K)] 440096K->384320K(699904K), 0.0032139 secs] [Times: user=0.01 sys=0.00, real=0.01 secs] 
2466.845: [GC (Allocation Failure) [PSYoungGen: 57216K->1408K(57344K)] 440128K->384320K(699904K), 0.0031481 secs] [Times: user=0.01 sys=0.00, real=0.01 secs] 
2467.237: [GC (Allocation Failure) [PSYoungGen: 57216K->1376K(57344K)] 440128K->384288K(699904K), 0.0022444 secs] [Times: user=0.01 sys=0.00, real=0.00 secs] 
2467.463: [GC (Allocation Failure) [PSYoungGen: 57184K->1376K(57344K)] 440096K->384288K(699904K), 0.0018392 secs] [Times: user=0.01 sys=0.00, real=0.00 secs] 
2468.386: [GC (Allocation Failure) [PSYoungGen: 57184K->1440K(57344K)] 440096K->384352K(699904K), 0.0018713 secs] [Times: user=0.01 sys=0.00, real=0.00 secs] 
2469.011: [GC (Allocation Failure) [PSYoungGen: 57248K->1344K(57344K)] 440160K->384256K(699904K), 0.0030245 secs] [Times: user=0.01 sys=0.00, real=0.00 secs] 
2469.540: [GC (Allocation Failure) [PSYoungGen: 57152K->1376K(57344K)] 440064K->384288K(699904K), 0.0025345 secs] [Times: user=0.01 sys=0.00, real=0.00 secs] 
2470.295: [GC (Allocation Failure) [PSYoungGen: 57184K->1392K(57344K)] 440096K->384304K(699904K), 0.0028876 secs] [Times: user=0.01 sys=0.00, real=0.01 secs] 
2470.969: [GC (Allocation Failure) [PSYoungGen: 57200K->1408K(57344K)] 440112K->384320K(699904K), 0.0028616 secs] [Times: user=0.01 sys=0.00, real=0.00 secs] 
2472.028: [GC (Allocation Failure) [PSYoungGen: 57216K->1357K(57344K)] 440128K->384277K(699904K), 0.0015456 secs] [Times: user=0.00 sys=0.01, real=0.00 secs] 
2472.536: [GC (Allocation Failure) [PSYoungGen: 57165K->1408K(57344K)] 440085K->384328K(699904K), 0.0015556 secs] [Times: user=0.01 sys=0.00, real=0.00 secs] 
2472.776: [GC (Allocation Failure) [PSYoungGen: 57216K->1408K(57344K)] 440136K->384328K(699904K), 0.0016845 secs] [Times: user=0.01 sys=0.00, real=0.00 secs] 
2473.028: [GC (Allocation Failure) [PSYoungGen: 57216K->1392K(57344K)] 440136K->384312K(699904K), 0.0015772 secs] [Times: user=0.01 sys=0.00, real=0.00 secs] 
2473.259: [GC (Allocation Failure) [PSYoungGen: 57200K->1408K(57344K)] 440120K->384328K(699904K), 0.0015703 secs] [Times: user=0.01 sys=0.00, real=0.00 secs] 
2473.490: [GC (Allocation Failure) [PSYoungGen: 57216K->1408K(57344K)] 440136K->384328K(699904K), 0.0015979 secs] [Times: user=0.01 sys=0.00, real=0.00 secs] 
2474.247: [GC (Allocation Failure) [PSYoungGen: 57216K->1440K(57344K)] 440136K->384360K(699904K), 0.0016046 secs] [Times: user=0.01 sys=0.00, real=0.00 secs] 
2474.726: [GC (Allocation Failure) [PSYoungGen: 57248K->1376K(57344K)] 440168K->384296K(699904K), 0.0016809 secs] [Times: user=0.01 sys=0.00, real=0.00 secs] 
2475.219: [GC (Allocation Failure) [PSYoungGen: 57184K->1376K(57344K)] 440104K->384296K(699904K), 0.0019066 secs] [Times: user=0.00 sys=0.01, real=0.00 secs] 
2475.850: [GC (Allocation Failure) [PSYoungGen: 57184K->1376K(57344K)] 440104K->384296K(699904K), 0.0018777 secs] [Times: user=0.01 sys=0.00, real=0.00 secs] 
2476.308: [GC (Allocation Failure) [PSYoungGen: 57184K->1408K(57344K)] 440104K->384344K(699904K), 0.0019525 secs] [Times: user=0.01 sys=0.00, real=0.00 secs] 
2477.281: [GC (Allocation Failure) [PSYoungGen: 57216K->896K(57344K)] 440152K->384856K(699904K), 0.0019265 secs] [Times: user=0.00 sys=0.00, real=0.00 secs] 
2477.793: [GC (Allocation Failure) [PSYoungGen: 56704K->352K(57344K)] 440664K->384312K(699904K), 0.0019179 secs] [Times: user=0.01 sys=0.00, real=0.00 secs] 
2478.069: [GC (Allocation Failure) [PSYoungGen: 56160K->368K(57856K)] 440120K->384328K(700416K), 0.0018691 secs] [Times: user=0.01 sys=0.00, real=0.00 secs] 
2478.360: [GC (Allocation Failure) [PSYoungGen: 56176K->352K(57856K)] 440136K->384312K(700416K), 0.0018641 secs] [Times: user=0.01 sys=0.00, real=0.00 secs] 
2478.592: [GC (Allocation Failure) [PSYoungGen: 56160K->352K(57856K)] 440120K->384312K(700416K), 0.0020180 secs] [Times: user=0.01 sys=0.00, real=0.00 secs] 
2479.022: [GC (Allocation Failure) [PSYoungGen: 56160K->1357K(57856K)] 440120K->385325K(700416K), 0.0025102 secs] [Times: user=0.01 sys=0.00, real=0.00 secs] 
2479.982: [GC (Allocation Failure) [PSYoungGen: 57165K->1408K(57856K)] 441133K->385376K(700416K), 0.0025227 secs] [Times: user=0.01 sys=0.00, real=0.00 secs] 
2480.583: [GC (Allocation Failure) [PSYoungGen: 57216K->1376K(57856K)] 441184K->385344K(700416K), 0.0024482 secs] [Times: user=0.01 sys=0.00, real=0.01 secs] 
2481.005: [GC (Allocation Failure) [PSYoungGen: 57184K->1376K(57856K)] 441152K->385344K(700416K), 0.0022761 secs] [Times: user=0.01 sys=0.00, real=0.00 secs] 
2481.426: [GC (Allocation Failure) [PSYoungGen: 57184K->1376K(57856K)] 441152K->385344K(700416K), 0.0022000 secs] [Times: user=0.01 sys=0.00, real=0.00 secs] 
2481.846: [GC (Allocation Failure) [PSYoungGen: 57184K->1376K(57856K)] 441152K->385344K(700416K), 0.0022757 secs] [Times: user=0.01 sys=0.00, real=0.00 secs] 
2482.695: [GC (Allocation Failure) [PSYoungGen: 57184K->1440K(57856K)] 441152K->385408K(700416K), 0.0018247 secs] [Times: user=0.01 sys=0.00, real=0.00 secs] 
2483.249: [GC (Allocation Failure) [PSYoungGen: 57248K->1360K(57856K)] 441216K->385328K(700416K), 0.0018948 secs] [Times: user=0.01 sys=0.00, real=0.00 secs] 
2483.839: [GC (Allocation Failure) [PSYoungGen: 57168K->1376K(57856K)] 441136K->385344K(700416K), 0.0022160 secs] [Times: user=0.01 sys=0.00, real=0.00 secs] 
2484.291: [GC (Allocation Failure) [PSYoungGen: 57184K->1376K(57856K)] 441152K->385344K(700416K), 0.0022357 secs] [Times: user=0.01 sys=0.00, real=0.00 secs] 
2484.898: [GC (Allocation Failure) [PSYoungGen: 57184K->1408K(57856K)] 441152K->385376K(700416K), 0.0023141 secs] [Times: user=0.01 sys=0.00, real=0.00 secs] 
2485.900: [GC (Allocation Failure) [PSYoungGen: 57216K->1696K(57856K)] 441184K->385664K(700416K), 0.0018139 secs] [Times: user=0.00 sys=0.00, real=0.00 secs] 
2486.152: [GC (Allocation Failure) [PSYoungGen: 57504K->1344K(57856K)] 441472K->385320K(700416K), 0.0016323 secs] [Times: user=0.00 sys=0.00, real=0.00 secs] 
2486.394: [GC (Allocation Failure) [PSYoungGen: 57152K->1360K(57856K)] 441128K->385336K(700416K), 0.0015700 secs] [Times: user=0.01 sys=0.00, real=0.01 secs] 
2486.676: [GC (Allocation Failure) [PSYoungGen: 57168K->1408K(57856K)] 441144K->385384K(700416K), 0.0021019 secs] [Times: user=0.01 sys=0.00, real=0.00 secs] 
2486.936: [GC (Allocation Failure) [PSYoungGen: 57216K->1408K(57856K)] 441192K->385384K(700416K), 0.0024042 secs] [Times: user=0.01 sys=0.00, real=0.00 secs] 
2487.314: [GC (Allocation Failure) [PSYoungGen: 57216K->1389K(57856K)] 441192K->385365K(700416K), 0.0015143 secs] [Times: user=0.01 sys=0.00, real=0.01 secs] 
2488.103: [GC (Allocation Failure) [PSYoungGen: 57197K->1440K(57856K)] 441173K->385416K(700416K), 0.0020940 secs] [Times: user=0.01 sys=0.00, real=0.01 secs] 
2488.352: [GC (Allocation Failure) [PSYoungGen: 57248K->1376K(57856K)] 441224K->385352K(700416K), 0.0018653 secs] [Times: user=0.01 sys=0.00, real=0.00 secs] 
2488.623: [GC (Allocation Failure) [PSYoungGen: 57184K->1376K(57856K)] 441160K->385352K(700416K), 0.0023530 secs] [Times: user=0.01 sys=0.00, real=0.01 secs] 
2489.085: [GC (Allocation Failure) [PSYoungGen: 57184K->1392K(57856K)] 441160K->385368K(700416K), 0.0029681 secs] [Times: user=0.01 sys=0.00, real=0.00 secs] 
2489.549: [GC (Allocation Failure) [PSYoungGen: 57200K->1376K(57856K)] 441176K->385352K(700416K), 0.0027648 secs] [Times: user=0.01 sys=0.00, real=0.00 secs] 
2490.363: [GC (Allocation Failure) [PSYoungGen: 57184K->1376K(57856K)] 441160K->385352K(700416K), 0.0017190 secs] [Times: user=0.01 sys=0.00, real=0.01 secs] 
2490.837: [GC (Allocation Failure) [PSYoungGen: 57184K->1344K(57856K)] 441160K->385320K(700416K), 0.0019580 secs] [Times: user=0.01 sys=0.00, real=0.00 secs] 
2491.373: [GC (Allocation Failure) [PSYoungGen: 57152K->1408K(57856K)] 441128K->385384K(700416K), 0.0022173 secs] [Times: user=0.01 sys=0.00, real=0.01 secs] 
2492.192: [GC (Allocation Failure) [PSYoungGen: 57216K->1408K(57856K)] 441192K->385384K(700416K), 0.0034715 secs] [Times: user=0.01 sys=0.00, real=0.01 secs] 
2492.974: [GC (Allocation Failure) [PSYoungGen: 57216K->1376K(57856K)] 441192K->385360K(700416K), 0.0034016 secs] [Times: user=0.01 sys=0.00, real=0.01 secs] 
2494.362: [GC (Allocation Failure) [PSYoungGen: 57184K->1664K(57856K)] 441168K->385648K(700416K), 0.0018206 secs] [Times: user=0.01 sys=0.00, real=0.00 secs] 
2495.168: [GC (Allocation Failure) [PSYoungGen: 57472K->1360K(57856K)] 441456K->385344K(700416K), 0.0019384 secs] [Times: user=0.01 sys=0.00, real=0.00 secs] 
2495.628: [GC (Allocation Failure) [PSYoungGen: 57168K->1360K(57856K)] 441152K->385344K(700416K), 0.0021576 secs] [Times: user=0.01 sys=0.00, real=0.00 secs] 
2496.115: [GC (Allocation Failure) [PSYoungGen: 57168K->1408K(57856K)] 441152K->385392K(700416K), 0.0022635 secs] [Times: user=0.01 sys=0.00, real=0.00 secs] 
2496.691: [GC (Allocation Failure) [PSYoungGen: 57216K->1360K(57856K)] 441200K->385344K(700416K), 0.0027559 secs] [Times: user=0.01 sys=0.00, real=0.00 secs] 
2497.545: [GC (Allocation Failure) [PSYoungGen: 57168K->1360K(57856K)] 441152K->385360K(700416K), 0.0020749 secs] [Times: user=0.01 sys=0.00, real=0.00 secs] 
2498.605: [GC (Allocation Failure) [PSYoungGen: 57168K->1408K(57856K)] 441168K->385408K(700416K), 0.0016509 secs] [Times: user=0.00 sys=0.01, real=0.01 secs] 
2499.100: [GC (Allocation Failure) [PSYoungGen: 57216K->1376K(57856K)] 441216K->385376K(700416K), 0.0038551 secs] [Times: user=0.02 sys=0.00, real=0.00 secs] 
2499.722: [GC (Allocation Failure) [PSYoungGen: 57184K->1376K(57856K)] 441184K->385376K(700416K), 0.0048987 secs] [Times: user=0.02 sys=0.00, real=0.01 secs] 
2500.436: [GC (Allocation Failure) [PSYoungGen: 57184K->1408K(57856K)] 441184K->385408K(700416K), 0.0046936 secs] [Times: user=0.02 sys=0.00, real=0.00 secs] 
2501.093: [GC (Allocation Failure) [PSYoungGen: 57216K->1344K(57344K)] 441216K->385344K(699904K), 0.0032281 secs] [Times: user=0.01 sys=0.00, real=0.01 secs] 
2502.181: [GC (Allocation Failure) [PSYoungGen: 57152K->1424K(57344K)] 441152K->385424K(699904K), 0.0020099 secs] [Times: user=0.01 sys=0.00, real=0.00 secs] 
2502.703: [GC (Allocation Failure) [PSYoungGen: 57232K->352K(56832K)] 441232K->385376K(699392K), 0.0022642 secs] [Times: user=0.01 sys=0.00, real=0.00 secs] 
2503.243: [GC (Allocation Failure) [PSYoungGen: 56160K->384K(57856K)] 441184K->385408K(700416K), 0.0034194 secs] [Times: user=0.02 sys=0.00, real=0.01 secs] 
2503.717: [GC (Allocation Failure) [PSYoungGen: 56192K->320K(57856K)] 441216K->385344K(700416K), 0.0022706 secs] [Times: user=0.01 sys=0.00, real=0.00 secs] 
2504.141: [GC (Allocation Failure) [PSYoungGen: 56128K->352K(57856K)] 441152K->385376K(700416K), 0.0021532 secs] [Times: user=0.01 sys=0.01, real=0.00 secs] 
2504.975: [GC (Allocation Failure) [PSYoungGen: 56160K->1728K(57344K)] 441184K->386752K(699904K), 0.0018246 secs] [Times: user=0.01 sys=0.00, real=0.01 secs] 
2505.577: [GC (Allocation Failure) [PSYoungGen: 57024K->1408K(57856K)] 442048K->386432K(700416K), 0.0021104 secs] [Times: user=0.01 sys=0.00, real=0.00 secs] 
2505.971: [GC (Allocation Failure) [PSYoungGen: 56704K->1376K(57856K)] 441728K->386400K(700416K), 0.0025853 secs] [Times: user=0.01 sys=0.00, real=0.00 secs] 
2506.202: [GC (Allocation Failure) [PSYoungGen: 56672K->1376K(57856K)] 441696K->386400K(700416K), 0.0020292 secs] [Times: user=0.00 sys=0.00, real=0.00 secs] 
2506.491: [GC (Allocation Failure) [PSYoungGen: 56672K->1360K(57856K)] 441696K->386384K(700416K), 0.0019376 secs] [Times: user=0.01 sys=0.00, real=0.00 secs] 
2506.942: [GC (Allocation Failure) [PSYoungGen: 56656K->1408K(57856K)] 441680K->386448K(700416K), 0.0025171 secs] [Times: user=0.01 sys=0.00, real=0.00 secs] 
2508.000: [GC (Allocation Failure) [PSYoungGen: 56704K->1440K(57856K)] 441744K->386480K(700416K), 0.0017842 secs] [Times: user=0.01 sys=0.00, real=0.00 secs] 
2508.713: [GC (Allocation Failure) [PSYoungGen: 56736K->1376K(56832K)] 441776K->386416K(699392K), 0.0021217 secs] [Times: user=0.01 sys=0.00, real=0.00 secs] 
2509.574: [GC (Allocation Failure) [PSYoungGen: 56672K->1376K(57344K)] 441712K->386416K(699904K), 0.0032021 secs] [Times: user=0.01 sys=0.00, real=0.01 secs] 
2510.211: [GC (Allocation Failure) [PSYoungGen: 56672K->1344K(57344K)] 441712K->386384K(699904K), 0.0030257 secs] [Times: user=0.01 sys=0.00, real=0.00 secs] 
2510.871: [GC (Allocation Failure) [PSYoungGen: 56640K->1360K(57344K)] 441680K->386408K(699904K), 0.0046451 secs] [Times: user=0.02 sys=0.00, real=0.01 secs] 
2511.847: [GC (Allocation Failure) [PSYoungGen: 56656K->1440K(57344K)] 441704K->386488K(699904K), 0.0017195 secs] [Times: user=0.01 sys=0.00, real=0.00 secs] 
2512.437: [GC (Allocation Failure) [PSYoungGen: 56736K->1408K(57344K)] 441784K->386456K(699904K), 0.0022228 secs] [Times: user=0.01 sys=0.00, real=0.00 secs] 
2512.924: [GC (Allocation Failure) [PSYoungGen: 56704K->1408K(57344K)] 441752K->386456K(699904K), 0.0042861 secs] [Times: user=0.02 sys=0.00, real=0.01 secs] 
2513.247: [GC (Allocation Failure) [PSYoungGen: 56704K->1376K(57344K)] 441752K->386424K(699904K), 0.0017803 secs] [Times: user=0.01 sys=0.00, real=0.00 secs] 
2513.603: [GC (Allocation Failure) [PSYoungGen: 56672K->1376K(57344K)] 441720K->386424K(699904K), 0.0019044 secs] [Times: user=0.01 sys=0.00, real=0.00 secs] 
2514.485: [GC (Allocation Failure) [PSYoungGen: 56672K->1389K(57344K)] 441720K->386437K(699904K), 0.0015245 secs] [Times: user=0.01 sys=0.01, real=0.01 secs] 
2514.907: [GC (Allocation Failure) [PSYoungGen: 56685K->1440K(57344K)] 441733K->386488K(699904K), 0.0017741 secs] [Times: user=0.01 sys=0.00, real=0.00 secs] 
2515.321: [GC (Allocation Failure) [PSYoungGen: 56736K->1408K(57344K)] 441784K->386456K(699904K), 0.0019981 secs] [Times: user=0.01 sys=0.00, real=0.00 secs] 
2515.828: [GC (Allocation Failure) [PSYoungGen: 56704K->1408K(57344K)] 441752K->386456K(699904K), 0.0024100 secs] [Times: user=0.01 sys=0.00, real=0.00 secs] 
2516.319: [GC (Allocation Failure) [PSYoungGen: 56704K->1408K(57344K)] 441752K->386456K(699904K), 0.0023995 secs] [Times: user=0.01 sys=0.00, real=0.00 secs] 
2517.083: [GC (Allocation Failure) [PSYoungGen: 56704K->1376K(57344K)] 441752K->386440K(699904K), 0.0035792 secs] [Times: user=0.01 sys=0.00, real=0.01 secs] 
2518.358: [GC (Allocation Failure) [PSYoungGen: 56672K->1376K(57344K)] 441736K->386440K(699904K), 0.0019988 secs] [Times: user=0.00 sys=0.00, real=0.00 secs] 
2519.712: [GC (Allocation Failure) [PSYoungGen: 56672K->1408K(57344K)] 441736K->386472K(699904K), 0.0047896 secs] [Times: user=0.02 sys=0.00, real=0.01 secs] 
2521.147: [GC (Allocation Failure) [PSYoungGen: 56704K->1376K(57344K)] 441768K->386440K(699904K), 0.0047946 secs] [Times: user=0.02 sys=0.00, real=0.00 secs] 
2521.518: [GC (Allocation Failure) [PSYoungGen: 56672K->1376K(57344K)] 441736K->386440K(699904K), 0.0021058 secs] [Times: user=0.01 sys=0.00, real=0.00 secs] 
2521.747: [GC (Allocation Failure) [PSYoungGen: 56672K->1376K(57344K)] 441736K->386440K(699904K), 0.0018452 secs] [Times: user=0.01 sys=0.00, real=0.00 secs] 
2522.604: [GC (Allocation Failure) [PSYoungGen: 56672K->1936K(57344K)] 441736K->387000K(699904K), 0.0018996 secs] [Times: user=0.00 sys=0.00, real=0.01 secs] 
2523.435: [GC (Allocation Failure) [PSYoungGen: 57232K->1408K(57344K)] 442296K->386472K(699904K), 0.0047113 secs] [Times: user=0.02 sys=0.00, real=0.00 secs] 
2524.146: [GC (Allocation Failure) [PSYoungGen: 56704K->1376K(57344K)] 441768K->386440K(699904K), 0.0047536 secs] [Times: user=0.02 sys=0.00, real=0.00 secs] 
2524.604: [GC (Allocation Failure) [PSYoungGen: 56672K->1376K(57344K)] 441736K->386440K(699904K), 0.0025392 secs] [Times: user=0.01 sys=0.00, real=0.01 secs] 
2525.096: [GC (Allocation Failure) [PSYoungGen: 56672K->1408K(57344K)] 441736K->386472K(699904K), 0.0024716 secs] [Times: user=0.01 sys=0.00, real=0.00 secs] 
2525.719: [GC (Allocation Failure) [PSYoungGen: 56704K->1392K(57344K)] 441768K->386464K(699904K), 0.0021655 secs] [Times: user=0.01 sys=0.00, real=0.00 secs] 
2526.806: [GC (Allocation Failure) [PSYoungGen: 56688K->1408K(57344K)] 441760K->386480K(699904K), 0.0017793 secs] [Times: user=0.01 sys=0.00, real=0.00 secs] 
2527.447: [GC (Allocation Failure) [PSYoungGen: 56704K->1376K(57344K)] 441776K->386448K(699904K), 0.0038331 secs] [Times: user=0.02 sys=0.00, real=0.00 secs] 
2528.201: [GC (Allocation Failure) [PSYoungGen: 56672K->1376K(57344K)] 441744K->386448K(699904K), 0.0036753 secs] [Times: user=0.01 sys=0.00, real=0.00 secs] 
2528.996: [GC (Allocation Failure) [PSYoungGen: 56672K->1360K(57344K)] 441744K->386432K(699904K), 0.0042032 secs] [Times: user=0.01 sys=0.00, real=0.00 secs] 
2529.732: [GC (Allocation Failure) [PSYoungGen: 56656K->1360K(57344K)] 441728K->386440K(699904K), 0.0040956 secs] [Times: user=0.01 sys=0.00, real=0.01 secs] 
2530.801: [GC (Allocation Failure) [PSYoungGen: 56656K->1472K(57344K)] 441736K->386552K(699904K), 0.0018430 secs] [Times: user=0.01 sys=0.01, real=0.00 secs] 
2531.262: [GC (Allocation Failure) [PSYoungGen: 56768K->1376K(57344K)] 441848K->386456K(699904K), 0.0048395 secs] [Times: user=0.02 sys=0.00, real=0.01 secs] 
2531.718: [GC (Allocation Failure) [PSYoungGen: 56672K->1376K(57344K)] 441752K->386456K(699904K), 0.0041421 secs] [Times: user=0.01 sys=0.00, real=0.00 secs] 
2532.013: [GC (Allocation Failure) [PSYoungGen: 56672K->1376K(57344K)] 441752K->386456K(699904K), 0.0019126 secs] [Times: user=0.00 sys=0.00, real=0.00 secs] 
2532.256: [GC (Allocation Failure) [PSYoungGen: 56672K->1408K(56832K)] 441752K->386488K(699392K), 0.0019732 secs] [Times: user=0.01 sys=0.00, real=0.00 secs] 
2532.909: [GC (Allocation Failure) [PSYoungGen: 56704K->1389K(56832K)] 441784K->386469K(699392K), 0.0015743 secs] [Times: user=0.00 sys=0.00, real=0.00 secs] 
2533.586: [GC (Allocation Failure) [PSYoungGen: 56685K->336K(56320K)] 441765K->386440K(698880K), 0.0018724 secs] [Times: user=0.01 sys=0.00, real=0.00 secs] 
2534.093: [GC (Allocation Failure) [PSYoungGen: 55632K->352K(57344K)] 441736K->386456K(699904K), 0.0026859 secs] [Times: user=0.01 sys=0.00, real=0.01 secs] 
2534.322: [GC (Allocation Failure) [PSYoungGen: 55648K->368K(57344K)] 441752K->386472K(699904K), 0.0018154 secs] [Times: user=0.01 sys=0.00, real=0.00 secs] 
2534.551: [GC (Allocation Failure) [PSYoungGen: 55664K->352K(57344K)] 441768K->386456K(699904K), 0.0018361 secs] [Times: user=0.01 sys=0.01, real=0.00 secs] 
2534.960: [GC (Allocation Failure) [PSYoungGen: 55648K->384K(57344K)] 441752K->386488K(699904K), 0.0018221 secs] [Times: user=0.01 sys=0.00, real=0.00 secs] 
2536.279: [GC (Allocation Failure) [PSYoungGen: 55680K->1424K(57344K)] 441784K->387536K(699904K), 0.0024501 secs] [Times: user=0.01 sys=0.00, real=0.00 secs] 
2536.798: [GC (Allocation Failure) [PSYoungGen: 56720K->1312K(57344K)] 442832K->387432K(699904K), 0.0021674 secs] [Times: user=0.01 sys=0.00, real=0.00 secs] 
2537.354: [GC (Allocation Failure) [PSYoungGen: 56608K->1376K(57344K)] 442728K->387496K(699904K), 0.0024914 secs] [Times: user=0.01 sys=0.00, real=0.01 secs] 
2537.987: [GC (Allocation Failure) [PSYoungGen: 56672K->1392K(57856K)] 442792K->387520K(700416K), 0.0025163 secs] [Times: user=0.01 sys=0.00, real=0.00 secs] 
2538.429: [GC (Allocation Failure) [PSYoungGen: 56688K->1408K(57856K)] 442816K->387544K(700416K), 0.0026880 secs] [Times: user=0.01 sys=0.00, real=0.00 secs] 
2539.489: [GC (Allocation Failure) [PSYoungGen: 56704K->1920K(57856K)] 442840K->388056K(700416K), 0.0018939 secs] [Times: user=0.00 sys=0.00, real=0.00 secs] 
2539.719: [GC (Allocation Failure) [PSYoungGen: 57216K->1376K(57856K)] 443352K->387512K(700416K), 0.0018409 secs] [Times: user=0.01 sys=0.00, real=0.00 secs] 
2540.059: [GC (Allocation Failure) [PSYoungGen: 56672K->1344K(57856K)] 442808K->387480K(700416K), 0.0020753 secs] [Times: user=0.00 sys=0.00, real=0.00 secs] 
2540.335: [GC (Allocation Failure) [PSYoungGen: 56640K->1376K(57856K)] 442776K->387512K(700416K), 0.0021863 secs] [Times: user=0.01 sys=0.00, real=0.01 secs] 
2540.571: [GC (Allocation Failure) [PSYoungGen: 56672K->1408K(57856K)] 442808K->387544K(700416K), 0.0027294 secs] [Times: user=0.01 sys=0.01, real=0.00 secs] 
2541.000: [GC (Allocation Failure) [PSYoungGen: 56704K->1357K(56832K)] 442840K->387493K(699392K), 0.0016746 secs] [Times: user=0.00 sys=0.00, real=0.00 secs] 
2541.554: [GC (Allocation Failure) [PSYoungGen: 56653K->1408K(57344K)] 442789K->387544K(699904K), 0.0017577 secs] [Times: user=0.01 sys=0.00, real=0.01 secs] 
2541.784: [GC (Allocation Failure) [PSYoungGen: 56704K->1376K(57344K)] 442840K->387512K(699904K), 0.0016816 secs] [Times: user=0.01 sys=0.00, real=0.01 secs] 
2542.032: [GC (Allocation Failure) [PSYoungGen: 56672K->1408K(57344K)] 442808K->387544K(699904K), 0.0017073 secs] [Times: user=0.01 sys=0.00, real=0.00 secs] 
2542.261: [GC (Allocation Failure) [PSYoungGen: 56704K->1360K(57344K)] 442840K->387496K(699904K), 0.0021604 secs] [Times: user=0.01 sys=0.00, real=0.00 secs] 
2542.504: [GC (Allocation Failure) [PSYoungGen: 56656K->1408K(57344K)] 442792K->387544K(699904K), 0.0027004 secs] [Times: user=0.01 sys=0.00, real=0.01 secs] 
2543.937: [GC (Allocation Failure) [PSYoungGen: 56704K->1440K(57344K)] 442840K->387576K(699904K), 0.0034783 secs] [Times: user=0.02 sys=0.00, real=0.00 secs] 
2544.489: [GC (Allocation Failure) [PSYoungGen: 56736K->1408K(57344K)] 442872K->387544K(699904K), 0.0044064 secs] [Times: user=0.02 sys=0.00, real=0.00 secs] 
2545.040: [GC (Allocation Failure) [PSYoungGen: 56704K->1376K(57344K)] 442840K->387520K(699904K), 0.0026521 secs] [Times: user=0.01 sys=0.00, real=0.00 secs] 
2545.562: [GC (Allocation Failure) [PSYoungGen: 56672K->1376K(57344K)] 442816K->387520K(699904K), 0.0031785 secs] [Times: user=0.01 sys=0.00, real=0.01 secs] 
2546.026: [GC (Allocation Failure) [PSYoungGen: 56672K->1376K(57344K)] 442816K->387520K(699904K), 0.0028617 secs] [Times: user=0.01 sys=0.00, real=0.00 secs] 
2546.891: [GC (Allocation Failure) [PSYoungGen: 56630K->192K(57344K)] 442774K->386336K(699904K), 0.0015623 secs] [Times: user=0.01 sys=0.00, real=0.00 secs] 
2547.207: [GC (Allocation Failure) [PSYoungGen: 55488K->1344K(57344K)] 441632K->387488K(699904K), 0.0018452 secs] [Times: user=0.01 sys=0.00, real=0.00 secs] 
2547.437: [GC (Allocation Failure) [PSYoungGen: 56640K->1344K(57344K)] 442784K->387488K(699904K), 0.0019209 secs] [Times: user=0.01 sys=0.00, real=0.00 secs] 
2547.667: [GC (Allocation Failure) [PSYoungGen: 56640K->1360K(57344K)] 442784K->387504K(699904K), 0.0018990 secs] [Times: user=0.01 sys=0.00, real=0.00 secs] 
2547.937: [GC (Allocation Failure) [PSYoungGen: 56656K->1376K(57344K)] 442800K->387520K(699904K), 0.0020266 secs] [Times: user=0.01 sys=0.00, real=0.00 secs] 
2548.219: [GC (Allocation Failure) [PSYoungGen: 56672K->1376K(57344K)] 442816K->387520K(699904K), 0.0019896 secs] [Times: user=0.01 sys=0.00, real=0.00 secs] 
2549.625: [GC (Allocation Failure) [PSYoungGen: 56672K->1440K(57344K)] 442816K->387584K(699904K), 0.0041109 secs] [Times: user=0.02 sys=0.00, real=0.01 secs] 
2550.347: [GC (Allocation Failure) [PSYoungGen: 56736K->1408K(57344K)] 442880K->387552K(699904K), 0.0047167 secs] [Times: user=0.02 sys=0.00, real=0.00 secs] 
2550.949: [GC (Allocation Failure) [PSYoungGen: 56704K->1392K(57344K)] 442848K->387536K(699904K), 0.0026972 secs] [Times: user=0.01 sys=0.00, real=0.00 secs] 
2551.170: [GC (Allocation Failure) [PSYoungGen: 56688K->1376K(57344K)] 442832K->387520K(699904K), 0.0018863 secs] [Times: user=0.01 sys=0.00, real=0.00 secs] 
2551.399: [GC (Allocation Failure) [PSYoungGen: 56672K->1344K(57344K)] 442816K->387488K(699904K), 0.0018842 secs] [Times: user=0.01 sys=0.00, real=0.00 secs] 
2552.571: [GC (Allocation Failure) [PSYoungGen: 56640K->1440K(57344K)] 442784K->387584K(699904K), 0.0033015 secs] [Times: user=0.01 sys=0.00, real=0.00 secs] 
2553.254: [GC (Allocation Failure) [PSYoungGen: 56736K->1360K(57344K)] 442880K->387504K(699904K), 0.0033875 secs] [Times: user=0.01 sys=0.00, real=0.01 secs] 
2553.955: [GC (Allocation Failure) [PSYoungGen: 56656K->1360K(57344K)] 442800K->387504K(699904K), 0.0032338 secs] [Times: user=0.01 sys=0.00, real=0.00 secs] 
2554.572: [GC (Allocation Failure) [PSYoungGen: 56656K->1376K(57344K)] 442800K->387520K(699904K), 0.0030910 secs] [Times: user=0.01 sys=0.00, real=0.01 secs] 
2554.990: [GC (Allocation Failure) [PSYoungGen: 56672K->1376K(57344K)] 442816K->387520K(699904K), 0.0019145 secs] [Times: user=0.00 sys=0.01, real=0.00 secs] 
2555.487: [GC (Allocation Failure) [PSYoungGen: 56672K->1357K(57344K)] 442816K->387501K(699904K), 0.0015021 secs] [Times: user=0.01 sys=0.00, real=0.00 secs] 
2556.006: [GC (Allocation Failure) [PSYoungGen: 56653K->1376K(57344K)] 442797K->387520K(699904K), 0.0020646 secs] [Times: user=0.01 sys=0.00, real=0.00 secs] 
2556.238: [GC (Allocation Failure) [PSYoungGen: 56672K->1376K(57344K)] 442816K->387520K(699904K), 0.0016972 secs] [Times: user=0.01 sys=0.00, real=0.00 secs] 
2556.526: [GC (Allocation Failure) [PSYoungGen: 56672K->1344K(57344K)] 442816K->387504K(699904K), 0.0019123 secs] [Times: user=0.01 sys=0.00, real=0.00 secs] 
2556.760: [GC (Allocation Failure) [PSYoungGen: 56640K->1344K(56832K)] 442800K->387504K(699392K), 0.0018355 secs] [Times: user=0.01 sys=0.00, real=0.00 secs] 
2557.013: [GC (Allocation Failure) [PSYoungGen: 56640K->1344K(56832K)] 442800K->387504K(699392K), 0.0020353 secs] [Times: user=0.01 sys=0.00, real=0.00 secs] 
2558.556: [GC (Allocation Failure) [PSYoungGen: 56640K->352K(56320K)] 442800K->387544K(698880K), 0.0036537 secs] [Times: user=0.01 sys=0.01, real=0.00 secs] 
2559.311: [GC (Allocation Failure) [PSYoungGen: 55648K->352K(57344K)] 442840K->387544K(699904K), 0.0026898 secs] [Times: user=0.01 sys=0.00, real=0.00 secs] 
2560.620: [GC (Allocation Failure) [PSYoungGen: 55648K->320K(57344K)] 442840K->387512K(699904K), 0.0040451 secs] [Times: user=0.02 sys=0.00, real=0.00 secs] 
2561.812: [GC (Allocation Failure) [PSYoungGen: 55616K->1357K(57344K)] 442808K->388549K(699904K), 0.0015768 secs] [Times: user=0.00 sys=0.00, real=0.00 secs] 
2562.365: [GC (Allocation Failure) [PSYoungGen: 56653K->1408K(57344K)] 443845K->388600K(699904K), 0.0019048 secs] [Times: user=0.01 sys=0.00, real=0.01 secs] 
2562.921: [GC (Allocation Failure) [PSYoungGen: 56704K->1312K(57344K)] 443896K->388504K(699904K), 0.0046986 secs] [Times: user=0.02 sys=0.00, real=0.01 secs] 
2563.584: [GC (Allocation Failure) [PSYoungGen: 56608K->1344K(57344K)] 443800K->388536K(699904K), 0.0047794 secs] [Times: user=0.02 sys=0.00, real=0.01 secs] 
2564.261: [GC (Allocation Failure) [PSYoungGen: 56640K->1376K(57344K)] 443832K->388568K(699904K), 0.0047359 secs] [Times: user=0.02 sys=0.00, real=0.01 secs] 
2565.079: [GC (Allocation Failure) [PSYoungGen: 56672K->1376K(57344K)] 443864K->388568K(699904K), 0.0047576 secs] [Times: user=0.02 sys=0.00, real=0.00 secs] 
2566.213: [GC (Allocation Failure) [PSYoungGen: 56672K->1376K(57344K)] 443864K->388568K(699904K), 0.0017661 secs] [Times: user=0.00 sys=0.00, real=0.00 secs] 
2566.666: [GC (Allocation Failure) [PSYoungGen: 56672K->1344K(57344K)] 443864K->388536K(699904K), 0.0024474 secs] [Times: user=0.00 sys=0.00, real=0.00 secs] 
2567.185: [GC (Allocation Failure) [PSYoungGen: 56640K->1328K(57344K)] 443832K->388520K(699904K), 0.0049675 secs] [Times: user=0.02 sys=0.00, real=0.01 secs] 
2567.721: [GC (Allocation Failure) [PSYoungGen: 56624K->1360K(57344K)] 443816K->388552K(699904K), 0.0040371 secs] [Times: user=0.02 sys=0.00, real=0.01 secs] 
2568.246: [GC (Allocation Failure) [PSYoungGen: 56656K->1360K(57344K)] 443848K->388560K(699904K), 0.0031687 secs] [Times: user=0.02 sys=0.00, real=0.00 secs] 
2569.178: [GC (Allocation Failure) [PSYoungGen: 56656K->1280K(57344K)] 443856K->388480K(699904K), 0.0017288 secs] [Times: user=0.00 sys=0.00, real=0.00 secs] 
2569.459: [GC (Allocation Failure) [PSYoungGen: 56576K->1376K(57344K)] 443776K->388584K(699904K), 0.0018939 secs] [Times: user=0.01 sys=0.00, real=0.00 secs] 
2569.710: [GC (Allocation Failure) [PSYoungGen: 56672K->1376K(57344K)] 443880K->388584K(699904K), 0.0017906 secs] [Times: user=0.01 sys=0.00, real=0.00 secs] 
2570.127: [GC (Allocation Failure) [PSYoungGen: 56672K->1376K(57344K)] 443880K->388584K(699904K), 0.0019705 secs] [Times: user=0.01 sys=0.00, real=0.00 secs] 
2570.608: [GC (Allocation Failure) [PSYoungGen: 56672K->1376K(57344K)] 443880K->388584K(699904K), 0.0020321 secs] [Times: user=0.00 sys=0.00, real=0.00 secs] 
2571.058: [GC (Allocation Failure) [PSYoungGen: 56672K->1408K(57344K)] 443880K->388616K(699904K), 0.0018376 secs] [Times: user=0.01 sys=0.00, real=0.00 secs] 
2572.025: [GC (Allocation Failure) [PSYoungGen: 56704K->1392K(57344K)] 443912K->388600K(699904K), 0.0018384 secs] [Times: user=0.01 sys=0.00, real=0.00 secs] 
2572.654: [GC (Allocation Failure) [PSYoungGen: 56688K->1376K(57344K)] 443896K->388584K(699904K), 0.0031904 secs] [Times: user=0.02 sys=0.00, real=0.01 secs] 
2573.253: [GC (Allocation Failure) [PSYoungGen: 56672K->1408K(57344K)] 443880K->388616K(699904K), 0.0034342 secs] [Times: user=0.01 sys=0.00, real=0.01 secs] 
2573.896: [GC (Allocation Failure) [PSYoungGen: 56704K->1408K(57344K)] 443912K->388616K(699904K), 0.0028222 secs] [Times: user=0.02 sys=0.00, real=0.00 secs] 
2574.565: [GC (Allocation Failure) [PSYoungGen: 56704K->1376K(57344K)] 443912K->388584K(699904K), 0.0028574 secs] [Times: user=0.01 sys=0.00, real=0.00 secs] 
2575.582: [GC (Allocation Failure) [PSYoungGen: 56672K->1392K(57344K)] 443880K->388600K(699904K), 0.0019332 secs] [Times: user=0.01 sys=0.00, real=0.00 secs] 
2576.339: [GC (Allocation Failure) [PSYoungGen: 56688K->1408K(57344K)] 443896K->388616K(699904K), 0.0027156 secs] [Times: user=0.01 sys=0.00, real=0.00 secs] 
2576.843: [GC (Allocation Failure) [PSYoungGen: 56704K->1376K(57344K)] 443912K->388584K(699904K), 0.0027732 secs] [Times: user=0.01 sys=0.00, real=0.01 secs] 
2577.313: [GC (Allocation Failure) [PSYoungGen: 56672K->1376K(57344K)] 443880K->388600K(699904K), 0.0021001 secs] [Times: user=0.01 sys=0.00, real=0.01 secs] 
2577.588: [GC (Allocation Failure) [PSYoungGen: 56672K->1344K(57344K)] 443896K->388568K(699904K), 0.0019620 secs] [Times: user=0.01 sys=0.00, real=0.00 secs] 
2578.139: [GC (Allocation Failure) [PSYoungGen: 56640K->1357K(57344K)] 443864K->388581K(699904K), 0.0017389 secs] [Times: user=0.01 sys=0.00, real=0.00 secs] 
2579.122: [GC (Allocation Failure) [PSYoungGen: 56653K->1440K(57344K)] 443877K->388664K(699904K), 0.0027318 secs] [Times: user=0.01 sys=0.00, real=0.00 secs] 
2579.607: [GC (Allocation Failure) [PSYoungGen: 56736K->1408K(57344K)] 443960K->388632K(699904K), 0.0024720 secs] [Times: user=0.01 sys=0.00, real=0.00 secs] 
2580.021: [GC (Allocation Failure) [PSYoungGen: 56704K->1376K(56832K)] 443928K->388600K(699392K), 0.0023623 secs] [Times: user=0.01 sys=0.00, real=0.00 secs] 
2580.668: [GC (Allocation Failure) [PSYoungGen: 56672K->1408K(56832K)] 443896K->388632K(699392K), 0.0023508 secs] [Times: user=0.00 sys=0.00, real=0.00 secs] 
2581.354: [GC (Allocation Failure) [PSYoungGen: 56704K->1376K(56832K)] 443928K->388600K(699392K), 0.0022529 secs] [Times: user=0.01 sys=0.00, real=0.01 secs] 
2582.288: [GC (Allocation Failure) [PSYoungGen: 56672K->1376K(56832K)] 443896K->388600K(699392K), 0.0019543 secs] [Times: user=0.00 sys=0.00, real=0.00 secs] 
2582.563: [GC (Allocation Failure) [PSYoungGen: 56672K->1360K(56832K)] 443896K->388584K(699392K), 0.0019004 secs] [Times: user=0.01 sys=0.00, real=0.00 secs] 
2582.893: [GC (Allocation Failure) [PSYoungGen: 56656K->1392K(56832K)] 443880K->388616K(699392K), 0.0019692 secs] [Times: user=0.01 sys=0.00, real=0.00 secs] 
2583.134: [GC (Allocation Failure) [PSYoungGen: 56688K->1376K(56832K)] 443912K->388600K(699392K), 0.0019061 secs] [Times: user=0.01 sys=0.00, real=0.01 secs] 
2583.370: [GC (Allocation Failure) [PSYoungGen: 56672K->1376K(56832K)] 443896K->388600K(699392K), 0.0019564 secs] [Times: user=0.00 sys=0.00, real=0.00 secs] 
2584.168: [GC (Allocation Failure) [PSYoungGen: 56672K->1504K(56832K)] 443896K->388926K(699392K), 0.0017282 secs] [Times: user=0.01 sys=0.00, real=0.00 secs] 
2585.399: [GC (Allocation Failure) [PSYoungGen: 56800K->1280K(57344K)] 444222K->388702K(699904K), 0.0045378 secs] [Times: user=0.01 sys=0.00, real=0.00 secs] 
2586.207: [GC (Allocation Failure) [PSYoungGen: 56576K->1312K(57344K)] 443998K->388734K(699904K), 0.0031968 secs] [Times: user=0.01 sys=0.00, real=0.00 secs] 
2586.818: [GC (Allocation Failure) [PSYoungGen: 56608K->1312K(57344K)] 444030K->388734K(699904K), 0.0035802 secs] [Times: user=0.02 sys=0.00, real=0.00 secs] 
2587.323: [GC (Allocation Failure) [PSYoungGen: 56608K->1312K(57344K)] 444030K->388750K(699904K), 0.0027097 secs] [Times: user=0.01 sys=0.00, real=0.01 secs] 
2587.833: [GC (Allocation Failure) [PSYoungGen: 56608K->1312K(57344K)] 444046K->388750K(699904K), 0.0025776 secs] [Times: user=0.02 sys=0.00, real=0.01 secs] 
2589.217: [GC (Allocation Failure) [PSYoungGen: 56608K->1504K(57344K)] 444046K->388942K(699904K), 0.0043383 secs] [Times: user=0.02 sys=0.00, real=0.00 secs] 
2589.823: [GC (Allocation Failure) [PSYoungGen: 56800K->1504K(57344K)] 444238K->388942K(699904K), 0.0026244 secs] [Times: user=0.01 sys=0.00, real=0.01 secs] 
2590.097: [GC (Allocation Failure) [PSYoungGen: 56800K->1536K(57344K)] 444238K->388974K(699904K), 0.0020847 secs] [Times: user=0.00 sys=0.00, real=0.00 secs] 
2590.327: [GC (Allocation Failure) [PSYoungGen: 56832K->1424K(57344K)] 444270K->388862K(699904K), 0.0019613 secs] [Times: user=0.01 sys=0.00, real=0.00 secs] 
2590.556: [GC (Allocation Failure) [PSYoungGen: 56720K->1472K(57344K)] 444158K->388910K(699904K), 0.0019441 secs] [Times: user=0.01 sys=0.00, real=0.00 secs] 
2591.847: [GC (Allocation Failure) [PSYoungGen: 56768K->1504K(57344K)] 444206K->388942K(699904K), 0.0049730 secs] [Times: user=0.02 sys=0.00, real=0.00 secs] 
2592.620: [GC (Allocation Failure) [PSYoungGen: 56800K->1440K(57344K)] 444238K->388878K(699904K), 0.0028980 secs] [Times: user=0.01 sys=0.00, real=0.00 secs] 
2593.140: [GC (Allocation Failure) [PSYoungGen: 56736K->1472K(57344K)] 444174K->388910K(699904K), 0.0025622 secs] [Times: user=0.01 sys=0.00, real=0.00 secs] 
2593.654: [GC (Allocation Failure) [PSYoungGen: 56768K->1520K(57344K)] 444206K->388958K(699904K), 0.0025157 secs] [Times: user=0.01 sys=0.00, real=0.01 secs] 
2594.091: [GC (Allocation Failure) [PSYoungGen: 56816K->1344K(57344K)] 444254K->388898K(699904K), 0.0025312 secs] [Times: user=0.01 sys=0.00, real=0.00 secs] 
2594.751: [GC (Allocation Failure) [PSYoungGen: 56640K->1389K(57344K)] 444194K->388943K(699904K), 0.0016013 secs] [Times: user=0.01 sys=0.00, real=0.00 secs] 
2595.343: [GC (Allocation Failure) [PSYoungGen: 56685K->1440K(57344K)] 444239K->388994K(699904K), 0.0019431 secs] [Times: user=0.00 sys=0.00, real=0.01 secs] 
2595.573: [GC (Allocation Failure) [PSYoungGen: 56736K->1376K(57344K)] 444290K->388930K(699904K), 0.0017546 secs] [Times: user=0.01 sys=0.00, real=0.01 secs] 
2595.803: [GC (Allocation Failure) [PSYoungGen: 56672K->1408K(57344K)] 444226K->388962K(699904K), 0.0017780 secs] [Times: user=0.01 sys=0.00, real=0.00 secs] 
2596.185: [GC (Allocation Failure) [PSYoungGen: 56704K->1392K(57344K)] 444258K->388954K(699904K), 0.0022562 secs] [Times: user=0.01 sys=0.00, real=0.01 secs] 
2596.620: [GC (Allocation Failure) [PSYoungGen: 56688K->1376K(57344K)] 444250K->388954K(699904K), 0.0024424 secs] [Times: user=0.01 sys=0.00, real=0.00 secs] 
2597.571: [GC (Allocation Failure) [PSYoungGen: 56672K->1408K(57344K)] 444250K->388986K(699904K), 0.0019812 secs] [Times: user=0.01 sys=0.00, real=0.00 secs] 
2598.047: [GC (Allocation Failure) [PSYoungGen: 56704K->1376K(57344K)] 444282K->388954K(699904K), 0.0047604 secs] [Times: user=0.01 sys=0.00, real=0.00 secs] 
2598.601: [GC (Allocation Failure) [PSYoungGen: 56672K->1392K(56832K)] 444250K->388970K(699392K), 0.0028132 secs] [Times: user=0.02 sys=0.00, real=0.00 secs] 
2599.066: [GC (Allocation Failure) [PSYoungGen: 56688K->1376K(56832K)] 444266K->388954K(699392K), 0.0027409 secs] [Times: user=0.01 sys=0.00, real=0.00 secs] 
2599.570: [GC (Allocation Failure) [PSYoungGen: 56672K->1360K(56832K)] 444250K->388946K(699392K), 0.0022521 secs] [Times: user=0.01 sys=0.00, real=0.00 secs] 
2600.444: [GC (Allocation Failure) [PSYoungGen: 56656K->1424K(56832K)] 444242K->389522K(699392K), 0.0019674 secs] [Times: user=0.01 sys=0.00, real=0.01 secs] 
2601.205: [GC (Allocation Failure) [PSYoungGen: 56720K->1360K(56832K)] 444818K->389458K(699392K), 0.0040255 secs] [Times: user=0.02 sys=0.00, real=0.00 secs] 
2601.754: [GC (Allocation Failure) [PSYoungGen: 56656K->1408K(56832K)] 444754K->389506K(699392K), 0.0032537 secs] [Times: user=0.01 sys=0.00, real=0.01 secs] 
2602.286: [GC (Allocation Failure) [PSYoungGen: 56704K->1408K(56832K)] 444802K->389506K(699392K), 0.0031366 secs] [Times: user=0.02 sys=0.00, real=0.00 secs] 
2602.835: [GC (Allocation Failure) [PSYoungGen: 56704K->1376K(56832K)] 444802K->389474K(699392K), 0.0026667 secs] [Times: user=0.01 sys=0.00, real=0.01 secs] 
2603.534: [GC (Allocation Failure) [PSYoungGen: 56672K->1360K(56832K)] 444770K->389458K(699392K), 0.0021702 secs] [Times: user=0.01 sys=0.00, real=0.01 secs] 
2604.917: [GC (Allocation Failure) [PSYoungGen: 56656K->1440K(56832K)] 444754K->389538K(699392K), 0.0033843 secs] [Times: user=0.02 sys=0.00, real=0.00 secs] 
2605.713: [GC (Allocation Failure) [PSYoungGen: 56736K->1376K(56832K)] 444834K->389474K(699392K), 0.0046871 secs] [Times: user=0.02 sys=0.00, real=0.01 secs] 
2606.405: [GC (Allocation Failure) [PSYoungGen: 56672K->1360K(56832K)] 444770K->389458K(699392K), 0.0040175 secs] [Times: user=0.02 sys=0.00, real=0.01 secs] 
2607.012: [GC (Allocation Failure) [PSYoungGen: 56656K->1408K(56832K)] 444754K->389506K(699392K), 0.0039870 secs] [Times: user=0.02 sys=0.00, real=0.01 secs] 
2607.412: [GC (Allocation Failure) [PSYoungGen: 56704K->1360K(56832K)] 444802K->389458K(699392K), 0.0028378 secs] [Times: user=0.01 sys=0.00, real=0.00 secs] 
2608.881: [GC (Allocation Failure) [PSYoungGen: 56656K->1440K(56832K)] 444754K->389546K(699392K), 0.0024733 secs] [Times: user=0.01 sys=0.00, real=0.00 secs] 
2609.345: [GC (Allocation Failure) [PSYoungGen: 56736K->1408K(56832K)] 444842K->389514K(699392K), 0.0022921 secs] [Times: user=0.01 sys=0.00, real=0.01 secs] 
2609.786: [GC (Allocation Failure) [PSYoungGen: 56704K->1408K(56832K)] 444810K->389514K(699392K), 0.0022251 secs] [Times: user=0.01 sys=0.00, real=0.00 secs] 
2610.223: [GC (Allocation Failure) [PSYoungGen: 56704K->1408K(56832K)] 444810K->389514K(699392K), 0.0031910 secs] [Times: user=0.02 sys=0.00, real=0.01 secs] 
2610.456: [GC (Allocation Failure) [PSYoungGen: 56704K->1408K(56832K)] 444810K->389514K(699392K), 0.0024758 secs] [Times: user=0.01 sys=0.00, real=0.00 secs] 
2611.085: [GC (Allocation Failure) [PSYoungGen: 56704K->1389K(56832K)] 444810K->389495K(699392K), 0.0015064 secs] [Times: user=0.01 sys=0.00, real=0.00 secs] 
2611.622: [GC (Allocation Failure) [PSYoungGen: 56685K->1440K(56832K)] 444791K->389546K(699392K), 0.0017266 secs] [Times: user=0.01 sys=0.00, real=0.00 secs] 
2612.160: [GC (Allocation Failure) [PSYoungGen: 56736K->1408K(56832K)] 444842K->389514K(699392K), 0.0029641 secs] [Times: user=0.01 sys=0.00, real=0.00 secs] 
2612.754: [GC (Allocation Failure) [PSYoungGen: 56704K->1376K(56832K)] 444810K->389482K(699392K), 0.0034372 secs] [Times: user=0.02 sys=0.00, real=0.01 secs] 
2613.120: [GC (Allocation Failure) [PSYoungGen: 56672K->1408K(56832K)] 444778K->389514K(699392K), 0.0026973 secs] [Times: user=0.01 sys=0.00, real=0.00 secs] 
2613.488: [GC (Allocation Failure) [PSYoungGen: 56704K->1408K(56832K)] 444810K->389514K(699392K), 0.0021448 secs] [Times: user=0.00 sys=0.00, real=0.00 secs] 
2614.615: [GC (Allocation Failure) [PSYoungGen: 56704K->1440K(56832K)] 444810K->389546K(699392K), 0.0022546 secs] [Times: user=0.01 sys=0.00, real=0.00 secs] 
2615.500: [GC (Allocation Failure) [PSYoungGen: 56736K->1344K(56832K)] 444842K->389450K(699392K), 0.0048852 secs] [Times: user=0.02 sys=0.00, real=0.00 secs] 
2616.156: [GC (Allocation Failure) [PSYoungGen: 56640K->1392K(56832K)] 444746K->389498K(699392K), 0.0039798 secs] [Times: user=0.02 sys=0.00, real=0.00 secs] 
2616.901: [GC (Allocation Failure) [PSYoungGen: 56688K->1392K(56832K)] 444794K->389498K(699392K), 0.0040665 secs] [Times: user=0.02 sys=0.00, real=0.01 secs] 
2617.487: [GC (Allocation Failure) [PSYoungGen: 56688K->1376K(56832K)] 444794K->389498K(699392K), 0.0028181 secs] [Times: user=0.01 sys=0.00, real=0.00 secs] 
2618.417: [GC (Allocation Failure) [PSYoungGen: 56672K->1376K(56832K)] 444794K->389498K(699392K), 0.0015609 secs] [Times: user=0.01 sys=0.00, real=0.00 secs] 
2618.646: [GC (Allocation Failure) [PSYoungGen: 56672K->1376K(56832K)] 444794K->389498K(699392K), 0.0015247 secs] [Times: user=0.01 sys=0.01, real=0.00 secs] 
2618.875: [GC (Allocation Failure) [PSYoungGen: 56672K->1376K(56832K)] 444794K->389498K(699392K), 0.0014840 secs] [Times: user=0.00 sys=0.00, real=0.00 secs] 
2619.104: [GC (Allocation Failure) [PSYoungGen: 56672K->1360K(56832K)] 444794K->389482K(699392K), 0.0018806 secs] [Times: user=0.00 sys=0.00, real=0.01 secs] 
2619.334: [GC (Allocation Failure) [PSYoungGen: 56656K->1376K(56832K)] 444778K->389498K(699392K), 0.0023732 secs] [Times: user=0.01 sys=0.00, real=0.01 secs] 
2619.766: [GC (Allocation Failure) [PSYoungGen: 56672K->1389K(56832K)] 444794K->389511K(699392K), 0.0015325 secs] [Times: user=0.01 sys=0.00, real=0.00 secs] 
2620.480: [GC (Allocation Failure) [PSYoungGen: 56685K->1408K(56832K)] 444807K->389530K(699392K), 0.0017540 secs] [Times: user=0.01 sys=0.00, real=0.00 secs] 
2620.988: [GC (Allocation Failure) [PSYoungGen: 56704K->1328K(56832K)] 444826K->389450K(699392K), 0.0018533 secs] [Times: user=0.01 sys=0.00, real=0.00 secs] 
2621.460: [GC (Allocation Failure) [PSYoungGen: 56624K->1344K(56832K)] 444746K->389466K(699392K), 0.0026680 secs] [Times: user=0.01 sys=0.00, real=0.00 secs] 
2621.822: [GC (Allocation Failure) [PSYoungGen: 56640K->1408K(56832K)] 444762K->389530K(699392K), 0.0026533 secs] [Times: user=0.01 sys=0.00, real=0.00 secs] 
2622.247: [GC (Allocation Failure) [PSYoungGen: 56704K->1376K(56832K)] 444826K->389498K(699392K), 0.0027407 secs] [Times: user=0.01 sys=0.00, real=0.00 secs] 
2623.211: [GC (Allocation Failure) [PSYoungGen: 56672K->1376K(56832K)] 444794K->389498K(699392K), 0.0019533 secs] [Times: user=0.01 sys=0.00, real=0.00 secs] 
2623.746: [GC (Allocation Failure) [PSYoungGen: 56672K->1344K(56832K)] 444794K->389466K(699392K), 0.0019940 secs] [Times: user=0.01 sys=0.00, real=0.00 secs] 
2624.225: [GC (Allocation Failure) [PSYoungGen: 56640K->1376K(56832K)] 444762K->389498K(699392K), 0.0026521 secs] [Times: user=0.01 sys=0.00, real=0.01 secs] 
2624.558: [GC (Allocation Failure) [PSYoungGen: 56672K->1344K(56832K)] 444794K->389466K(699392K), 0.0021083 secs] [Times: user=0.00 sys=0.00, real=0.00 secs] 
2624.788: [GC (Allocation Failure) [PSYoungGen: 56640K->1344K(56832K)] 444762K->389474K(699392K), 0.0019504 secs] [Times: user=0.01 sys=0.00, real=0.00 secs] 
2625.609: [GC (Allocation Failure) [PSYoungGen: 56589K->192K(56832K)] 444720K->388322K(699392K), 0.0016458 secs] [Times: user=0.01 sys=0.00, real=0.00 secs] 
2625.929: [GC (Allocation Failure) [PSYoungGen: 55488K->1344K(57344K)] 443618K->389474K(699904K), 0.0019648 secs] [Times: user=0.00 sys=0.01, real=0.00 secs] 
2626.159: [GC (Allocation Failure) [PSYoungGen: 56640K->1376K(57344K)] 444770K->389506K(699904K), 0.0019604 secs] [Times: user=0.01 sys=0.00, real=0.00 secs] 
2626.422: [GC (Allocation Failure) [PSYoungGen: 56672K->1344K(57344K)] 444802K->389474K(699904K), 0.0019817 secs] [Times: user=0.01 sys=0.00, real=0.00 secs] 
2626.853: [GC (Allocation Failure) [PSYoungGen: 56640K->1376K(57344K)] 444770K->389506K(699904K), 0.0019373 secs] [Times: user=0.01 sys=0.00, real=0.00 secs] 
2627.321: [GC (Allocation Failure) [PSYoungGen: 56672K->1376K(57344K)] 444802K->389506K(699904K), 0.0019846 secs] [Times: user=0.01 sys=0.00, real=0.00 secs] 
2628.152: [GC (Allocation Failure) [PSYoungGen: 56672K->1408K(57344K)] 444802K->389538K(699904K), 0.0018009 secs] [Times: user=0.00 sys=0.00, real=0.00 secs] 
2628.421: [GC (Allocation Failure) [PSYoungGen: 56704K->1376K(57344K)] 444834K->389506K(699904K), 0.0018630 secs] [Times: user=0.01 sys=0.00, real=0.00 secs] 
2628.650: [GC (Allocation Failure) [PSYoungGen: 56672K->1344K(57344K)] 444802K->389474K(699904K), 0.0017529 secs] [Times: user=0.01 sys=0.00, real=0.00 secs] 
2629.011: [GC (Allocation Failure) [PSYoungGen: 56640K->1376K(57344K)] 444770K->389506K(699904K), 0.0017571 secs] [Times: user=0.01 sys=0.00, real=0.00 secs] 
2629.451: [GC (Allocation Failure) [PSYoungGen: 56672K->1344K(57344K)] 444802K->389474K(699904K), 0.0018330 secs] [Times: user=0.01 sys=0.00, real=0.00 secs] 
2630.430: [GC (Allocation Failure) [PSYoungGen: 56640K->1408K(57344K)] 444770K->389538K(699904K), 0.0022474 secs] [Times: user=0.01 sys=0.00, real=0.00 secs] 
2631.061: [GC (Allocation Failure) [PSYoungGen: 56704K->1360K(57344K)] 444834K->389490K(699904K), 0.0023020 secs] [Times: user=0.01 sys=0.00, real=0.00 secs] 
2631.555: [GC (Allocation Failure) [PSYoungGen: 56656K->1376K(57344K)] 444786K->389506K(699904K), 0.0034511 secs] [Times: user=0.01 sys=0.00, real=0.00 secs] 
2632.054: [GC (Allocation Failure) [PSYoungGen: 56672K->1376K(57344K)] 444802K->389506K(699904K), 0.0034563 secs] [Times: user=0.02 sys=0.00, real=0.01 secs] 
2632.469: [GC (Allocation Failure) [PSYoungGen: 56672K->1376K(57344K)] 444802K->389506K(699904K), 0.0023244 secs] [Times: user=0.01 sys=0.00, real=0.00 secs] 
2633.001: [GC (Allocation Failure) [PSYoungGen: 56672K->1357K(56832K)] 444802K->389487K(699392K), 0.0016718 secs] [Times: user=0.00 sys=0.00, real=0.00 secs] 
2633.774: [GC (Allocation Failure) [PSYoungGen: 56653K->1376K(56832K)] 444783K->389506K(699392K), 0.0022052 secs] [Times: user=0.01 sys=0.00, real=0.01 secs] 
2634.290: [GC (Allocation Failure) [PSYoungGen: 56672K->1344K(56832K)] 444802K->389474K(699392K), 0.0044493 secs] [Times: user=0.02 sys=0.00, real=0.00 secs] 
2634.836: [GC (Allocation Failure) [PSYoungGen: 56640K->1376K(56832K)] 444770K->389506K(699392K), 0.0032050 secs] [Times: user=0.02 sys=0.00, real=0.00 secs] 
2635.436: [GC (Allocation Failure) [PSYoungGen: 56672K->1408K(56832K)] 444802K->389538K(699392K), 0.0040914 secs] [Times: user=0.02 sys=0.00, real=0.00 secs] 
2635.847: [GC (Allocation Failure) [PSYoungGen: 56704K->1376K(56832K)] 444834K->389522K(699392K), 0.0026324 secs] [Times: user=0.01 sys=0.00, real=0.00 secs] 
2636.876: [GC (Allocation Failure) [PSYoungGen: 56672K->1408K(56832K)] 444818K->389554K(699392K), 0.0018912 secs] [Times: user=0.01 sys=0.00, real=0.00 secs] 
2637.662: [GC (Allocation Failure) [PSYoungGen: 56704K->1376K(56832K)] 444850K->389522K(699392K), 0.0047143 secs] [Times: user=0.02 sys=0.00, real=0.01 secs] 
2638.365: [GC (Allocation Failure) [PSYoungGen: 56672K->1328K(56832K)] 444818K->389474K(699392K), 0.0034563 secs] [Times: user=0.01 sys=0.00, real=0.01 secs] 
2638.661: [GC (Allocation Failure) [PSYoungGen: 56624K->1344K(56832K)] 444770K->389490K(699392K), 0.0019524 secs] [Times: user=0.01 sys=0.00, real=0.00 secs] 
2638.936: [GC (Allocation Failure) [PSYoungGen: 56640K->1408K(56832K)] 444786K->389554K(699392K), 0.0019176 secs] [Times: user=0.01 sys=0.00, real=0.00 secs] 
2639.795: [GC (Allocation Failure) [PSYoungGen: 56704K->1504K(56832K)] 444850K->389658K(699392K), 0.0018891 secs] [Times: user=0.01 sys=0.00, real=0.01 secs] 
2640.312: [GC (Allocation Failure) [PSYoungGen: 56800K->1376K(56832K)] 444954K->389530K(699392K), 0.0036373 secs] [Times: user=0.01 sys=0.00, real=0.01 secs] 
2640.785: [GC (Allocation Failure) [PSYoungGen: 56672K->1408K(56832K)] 444826K->389562K(699392K), 0.0027085 secs] [Times: user=0.01 sys=0.00, real=0.00 secs] 
2641.193: [GC (Allocation Failure) [PSYoungGen: 56704K->1376K(56832K)] 444858K->389530K(699392K), 0.0019778 secs] [Times: user=0.01 sys=0.00, real=0.00 secs] 
2641.428: [GC (Allocation Failure) [PSYoungGen: 56672K->1376K(56832K)] 444826K->389530K(699392K), 0.0029188 secs] [Times: user=0.01 sys=0.00, real=0.00 secs] 
2641.662: [GC (Allocation Failure) [PSYoungGen: 56672K->1376K(56832K)] 444826K->389530K(699392K), 0.0019084 secs] [Times: user=0.01 sys=0.00, real=0.00 secs] 
2642.399: [GC (Allocation Failure) [PSYoungGen: 56672K->1408K(56832K)] 444826K->389562K(699392K), 0.0019096 secs] [Times: user=0.00 sys=0.00, real=0.00 secs] 
2642.638: [GC (Allocation Failure) [PSYoungGen: 56704K->1376K(56832K)] 444858K->389530K(699392K), 0.0018654 secs] [Times: user=0.00 sys=0.00, real=0.00 secs] 
2642.927: [GC (Allocation Failure) [PSYoungGen: 56672K->1376K(56832K)] 444826K->389530K(699392K), 0.0018689 secs] [Times: user=0.01 sys=0.00, real=0.00 secs] 
2643.208: [GC (Allocation Failure) [PSYoungGen: 56672K->1376K(56832K)] 444826K->389530K(699392K), 0.0017353 secs] [Times: user=0.01 sys=0.00, real=0.00 secs] 
2643.474: [GC (Allocation Failure) [PSYoungGen: 56672K->1376K(56832K)] 444826K->389530K(699392K), 0.0017929 secs] [Times: user=0.01 sys=0.00, real=0.01 secs] 
2645.010: [GC (Allocation Failure) [PSYoungGen: 56672K->1392K(56832K)] 444826K->389546K(699392K), 0.0043964 secs] [Times: user=0.01 sys=0.00, real=0.00 secs] 
2646.820: [GC (Allocation Failure) [PSYoungGen: 56688K->1376K(56832K)] 444842K->389546K(699392K), 0.0043875 secs] [Times: user=0.02 sys=0.00, real=0.00 secs] 
2647.524: [GC (Allocation Failure) [PSYoungGen: 56672K->1344K(56832K)] 444842K->389514K(699392K), 0.0043116 secs] [Times: user=0.02 sys=0.00, real=0.01 secs] 
2648.428: [GC (Allocation Failure) [PSYoungGen: 56640K->1376K(56832K)] 444810K->389546K(699392K), 0.0043159 secs] [Times: user=0.02 sys=0.00, real=0.00 secs] 
2649.092: [GC (Allocation Failure) [PSYoungGen: 56672K->1360K(56832K)] 444842K->389530K(699392K), 0.0043717 secs] [Times: user=0.02 sys=0.00, real=0.01 secs] 
2650.071: [GC (Allocation Failure) [PSYoungGen: 56656K->1389K(56832K)] 444826K->389559K(699392K), 0.0014660 secs] [Times: user=0.01 sys=0.00, real=0.00 secs] 
2651.082: [GC (Allocation Failure) [PSYoungGen: 56685K->1408K(56832K)] 444855K->389578K(699392K), 0.0022872 secs] [Times: user=0.00 sys=0.00, real=0.00 secs] 
2652.331: [GC (Allocation Failure) [PSYoungGen: 56704K->1408K(56832K)] 444874K->389578K(699392K), 0.0024429 secs] [Times: user=0.01 sys=0.00, real=0.00 secs] 
2653.839: [GC (Allocation Failure) [PSYoungGen: 56704K->1408K(56832K)] 444874K->389578K(699392K), 0.0026777 secs] [Times: user=0.02 sys=0.00, real=0.00 secs] 
2654.769: [GC (Allocation Failure) [PSYoungGen: 56704K->1408K(56832K)] 444874K->389578K(699392K), 0.0028232 secs] [Times: user=0.01 sys=0.00, real=0.00 secs] 
2655.407: [GC (Allocation Failure) [PSYoungGen: 56704K->1408K(56832K)] 444874K->389578K(699392K), 0.0031778 secs] [Times: user=0.02 sys=0.00, real=0.00 secs] 
2656.565: [GC (Allocation Failure) [PSYoungGen: 56704K->1376K(56832K)] 444874K->389546K(699392K), 0.0019271 secs] [Times: user=0.01 sys=0.00, real=0.00 secs] 
2656.872: [GC (Allocation Failure) [PSYoungGen: 56672K->1376K(56832K)] 444842K->389546K(699392K), 0.0021017 secs] [Times: user=0.01 sys=0.00, real=0.00 secs] 
2657.102: [GC (Allocation Failure) [PSYoungGen: 56672K->1376K(56832K)] 444842K->389546K(699392K), 0.0019083 secs] [Times: user=0.01 sys=0.00, real=0.00 secs] 
2657.332: [GC (Allocation Failure) [PSYoungGen: 56672K->1344K(56832K)] 444842K->389514K(699392K), 0.0018447 secs] [Times: user=0.01 sys=0.00, real=0.00 secs] 
2657.604: [GC (Allocation Failure) [PSYoungGen: 56640K->1376K(56832K)] 444810K->389546K(699392K), 0.0019928 secs] [Times: user=0.01 sys=0.00, real=0.01 secs] 
2658.295: [GC (Allocation Failure) [PSYoungGen: 56672K->1504K(56832K)] 444842K->389872K(699392K), 0.0016251 secs] [Times: user=0.01 sys=0.00, real=0.00 secs] 
2658.650: [GC (Allocation Failure) [PSYoungGen: 56800K->1280K(57344K)] 445168K->389656K(699904K), 0.0018638 secs] [Times: user=0.01 sys=0.00, real=0.00 secs] 
2659.110: [GC (Allocation Failure) [PSYoungGen: 56576K->1248K(57344K)] 444952K->389624K(699904K), 0.0018025 secs] [Times: user=0.01 sys=0.00, real=0.00 secs] 
2659.526: [GC (Allocation Failure) [PSYoungGen: 56544K->1280K(57344K)] 444920K->389656K(699904K), 0.0019423 secs] [Times: user=0.01 sys=0.00, real=0.00 secs] 
2659.942: [GC (Allocation Failure) [PSYoungGen: 56576K->1280K(57344K)] 444952K->389664K(699904K), 0.0019180 secs] [Times: user=0.01 sys=0.00, real=0.00 secs] 
2660.424: [GC (Allocation Failure) [PSYoungGen: 56576K->1280K(57344K)] 444960K->389664K(699904K), 0.0019591 secs] [Times: user=0.01 sys=0.00, real=0.01 secs] 
2662.175: [GC (Allocation Failure) [PSYoungGen: 56576K->1520K(57344K)] 444960K->389904K(699904K), 0.0029486 secs] [Times: user=0.01 sys=0.00, real=0.00 secs] 
2662.707: [GC (Allocation Failure) [PSYoungGen: 56816K->1536K(57344K)] 445200K->389920K(699904K), 0.0022995 secs] [Times: user=0.01 sys=0.00, real=0.00 secs] 
2663.013: [GC (Allocation Failure) [PSYoungGen: 56832K->1536K(57344K)] 445216K->389920K(699904K), 0.0019551 secs] [Times: user=0.01 sys=0.00, real=0.00 secs] 
2663.286: [GC (Allocation Failure) [PSYoungGen: 56832K->1488K(57344K)] 445216K->389872K(699904K), 0.0018628 secs] [Times: user=0.00 sys=0.00, real=0.00 secs] 
2663.649: [GC (Allocation Failure) [PSYoungGen: 56784K->1520K(57344K)] 445168K->389912K(699904K), 0.0020196 secs] [Times: user=0.01 sys=0.00, real=0.00 secs] 
2664.478: [GC (Allocation Failure) [PSYoungGen: 56816K->1552K(57344K)] 445208K->389944K(699904K), 0.0017337 secs] [Times: user=0.01 sys=0.00, real=0.00 secs] 
2665.063: [GC (Allocation Failure) [PSYoungGen: 56848K->1504K(57344K)] 445240K->389896K(699904K), 0.0021046 secs] [Times: user=0.01 sys=0.00, real=0.01 secs] 
2665.550: [GC (Allocation Failure) [PSYoungGen: 56800K->1472K(57344K)] 445192K->389864K(699904K), 0.0017128 secs] [Times: user=0.01 sys=0.00, real=0.00 secs] 
2666.070: [GC (Allocation Failure) [PSYoungGen: 56768K->1536K(57344K)] 445160K->389928K(699904K), 0.0018198 secs] [Times: user=0.01 sys=0.00, real=0.00 secs] 
2666.605: [GC (Allocation Failure) [PSYoungGen: 56832K->1376K(57344K)] 445224K->389888K(699904K), 0.0021324 secs] [Times: user=0.00 sys=0.00, real=0.01 secs] 
2667.248: [GC (Allocation Failure) [PSYoungGen: 56672K->1357K(57344K)] 445184K->389869K(699904K), 0.0015217 secs] [Times: user=0.01 sys=0.00, real=0.00 secs] 
2668.179: [GC (Allocation Failure) [PSYoungGen: 56653K->1424K(57344K)] 445165K->389936K(699904K), 0.0020296 secs] [Times: user=0.01 sys=0.00, real=0.00 secs] 
2669.024: [GC (Allocation Failure) [PSYoungGen: 56720K->1376K(57344K)] 445232K->389888K(699904K), 0.0027096 secs] [Times: user=0.01 sys=0.00, real=0.01 secs] 
2669.684: [GC (Allocation Failure) [PSYoungGen: 56672K->1408K(57344K)] 445184K->389920K(699904K), 0.0028957 secs] [Times: user=0.01 sys=0.00, real=0.01 secs] 
2670.216: [GC (Allocation Failure) [PSYoungGen: 56704K->1408K(57344K)] 445216K->389920K(699904K), 0.0032058 secs] [Times: user=0.01 sys=0.00, real=0.00 secs] 
2670.670: [GC (Allocation Failure) [PSYoungGen: 56704K->1408K(57344K)] 445216K->389920K(699904K), 0.0032946 secs] [Times: user=0.01 sys=0.00, real=0.00 secs] 
2672.365: [GC (Allocation Failure) [PSYoungGen: 56704K->1408K(57344K)] 445216K->389920K(699904K), 0.0073293 secs] [Times: user=0.03 sys=0.00, real=0.01 secs] 
2673.672: [GC (Allocation Failure) [PSYoungGen: 56704K->1376K(57344K)] 445216K->389888K(699904K), 0.0046156 secs] [Times: user=0.02 sys=0.00, real=0.01 secs] 
2674.257: [GC (Allocation Failure) [PSYoungGen: 56672K->1392K(57344K)] 445184K->389904K(699904K), 0.0032009 secs] [Times: user=0.02 sys=0.00, real=0.00 secs] 
2674.981: [GC (Allocation Failure) [PSYoungGen: 56688K->1408K(57344K)] 445200K->389920K(699904K), 0.0031896 secs] [Times: user=0.02 sys=0.00, real=0.00 secs] 
2675.753: [GC (Allocation Failure) [PSYoungGen: 56704K->1408K(57344K)] 445216K->389920K(699904K), 0.0026817 secs] [Times: user=0.01 sys=0.00, real=0.01 secs] 
2676.914: [GC (Allocation Failure) [PSYoungGen: 56704K->1632K(57344K)] 445216K->390144K(699904K), 0.0017600 secs] [Times: user=0.00 sys=0.00, real=0.01 secs] 
2677.246: [GC (Allocation Failure) [PSYoungGen: 56928K->1376K(57344K)] 445440K->389888K(699904K), 0.0019284 secs] [Times: user=0.01 sys=0.00, real=0.00 secs] 
2677.736: [GC (Allocation Failure) [PSYoungGen: 56672K->1376K(57344K)] 445184K->389888K(699904K), 0.0032095 secs] [Times: user=0.02 sys=0.00, real=0.00 secs] 
2678.175: [GC (Allocation Failure) [PSYoungGen: 56672K->1408K(57344K)] 445184K->389920K(699904K), 0.0027197 secs] [Times: user=0.01 sys=0.00, real=0.01 secs] 
2678.702: [GC (Allocation Failure) [PSYoungGen: 56704K->1408K(57344K)] 445216K->389928K(699904K), 0.0026206 secs] [Times: user=0.01 sys=0.00, real=0.00 secs] 
2679.223: [GC (Allocation Failure) [PSYoungGen: 56704K->1408K(57344K)] 445224K->389936K(699904K), 0.0027297 secs] [Times: user=0.01 sys=0.00, real=0.01 secs] 
2680.121: [GC (Allocation Failure) [PSYoungGen: 56704K->1408K(57344K)] 445232K->389936K(699904K), 0.0018105 secs] [Times: user=0.01 sys=0.00, real=0.00 secs] 
2680.707: [GC (Allocation Failure) [PSYoungGen: 56704K->1376K(56832K)] 445232K->389904K(699392K), 0.0034318 secs] [Times: user=0.02 sys=0.01, real=0.00 secs] 
2681.124: [GC (Allocation Failure) [PSYoungGen: 56672K->1408K(56832K)] 445200K->389936K(699392K), 0.0024523 secs] [Times: user=0.01 sys=0.00, real=0.01 secs] 
2681.363: [GC (Allocation Failure) [PSYoungGen: 56704K->1408K(56832K)] 445232K->389936K(699392K), 0.0020113 secs] [Times: user=0.01 sys=0.00, real=0.00 secs] 
2681.612: [GC (Allocation Failure) [PSYoungGen: 56704K->1376K(56832K)] 445232K->389904K(699392K), 0.0020239 secs] [Times: user=0.01 sys=0.00, real=0.00 secs] 
2682.463: [GC (Allocation Failure) [PSYoungGen: 56672K->1408K(56832K)] 445200K->389936K(699392K), 0.0018344 secs] [Times: user=0.01 sys=0.00, real=0.00 secs] 
2682.964: [GC (Allocation Failure) [PSYoungGen: 56704K->1344K(56832K)] 445232K->389872K(699392K), 0.0020179 secs] [Times: user=0.01 sys=0.00, real=0.01 secs] 
2683.467: [GC (Allocation Failure) [PSYoungGen: 56640K->1344K(56832K)] 445168K->389872K(699392K), 0.0018283 secs] [Times: user=0.01 sys=0.00, real=0.00 secs] 
2683.865: [GC (Allocation Failure) [PSYoungGen: 56640K->1344K(56832K)] 445168K->389872K(699392K), 0.0019855 secs] [Times: user=0.00 sys=0.00, real=0.00 secs] 
2684.355: [GC (Allocation Failure) [PSYoungGen: 56640K->1344K(56832K)] 445168K->389872K(699392K), 0.0019570 secs] [Times: user=0.01 sys=0.00, real=0.00 secs] 
2685.339: [GC (Allocation Failure) [PSYoungGen: 56640K->1389K(56832K)] 445168K->389917K(699392K), 0.0014736 secs] [Times: user=0.00 sys=0.00, real=0.00 secs] 
2685.854: [GC (Allocation Failure) [PSYoungGen: 56685K->1376K(56832K)] 445213K->389904K(699392K), 0.0020297 secs] [Times: user=0.01 sys=0.00, real=0.01 secs] 
2686.131: [GC (Allocation Failure) [PSYoungGen: 56672K->1344K(56832K)] 445200K->389888K(699392K), 0.0020304 secs] [Times: user=0.01 sys=0.00, real=0.00 secs] 
2686.361: [GC (Allocation Failure) [PSYoungGen: 56640K->1344K(56832K)] 445184K->389888K(699392K), 0.0021353 secs] [Times: user=0.01 sys=0.00, real=0.00 secs] 
2686.590: [GC (Allocation Failure) [PSYoungGen: 56640K->1344K(56832K)] 445184K->389888K(699392K), 0.0018909 secs] [Times: user=0.01 sys=0.00, real=0.00 secs] 
2686.840: [GC (Allocation Failure) [PSYoungGen: 56640K->1376K(56832K)] 445184K->389920K(699392K), 0.0017921 secs] [Times: user=0.00 sys=0.00, real=0.00 secs] 
2688.030: [GC (Allocation Failure) [PSYoungGen: 56672K->1440K(56832K)] 445216K->389984K(699392K), 0.0022986 secs] [Times: user=0.01 sys=0.00, real=0.00 secs] 
2689.009: [GC (Allocation Failure) [PSYoungGen: 56736K->1392K(56832K)] 445280K->389936K(699392K), 0.0027946 secs] [Times: user=0.01 sys=0.01, real=0.00 secs] 
2689.642: [GC (Allocation Failure) [PSYoungGen: 56688K->1376K(56832K)] 445232K->389920K(699392K), 0.0027981 secs] [Times: user=0.01 sys=0.00, real=0.00 secs] 
2690.405: [GC (Allocation Failure) [PSYoungGen: 56672K->1376K(56832K)] 445216K->389920K(699392K), 0.0028742 secs] [Times: user=0.02 sys=0.00, real=0.01 secs] 
2690.975: [GC (Allocation Failure) [PSYoungGen: 56672K->1408K(56832K)] 445216K->389952K(699392K), 0.0028695 secs] [Times: user=0.01 sys=0.00, real=0.01 secs] 
2692.024: [GC (Allocation Failure) [PSYoungGen: 56704K->1392K(56832K)] 445248K->390448K(699392K), 0.0019663 secs] [Times: user=0.01 sys=0.00, real=0.01 secs] 
2692.443: [GC (Allocation Failure) [PSYoungGen: 56688K->1408K(56832K)] 445744K->390464K(699392K), 0.0019391 secs] [Times: user=0.00 sys=0.00, real=0.00 secs] 
2692.946: [GC (Allocation Failure) [PSYoungGen: 56704K->1344K(56832K)] 445760K->390400K(699392K), 0.0044825 secs] [Times: user=0.01 sys=0.00, real=0.00 secs] 
2693.375: [GC (Allocation Failure) [PSYoungGen: 56640K->1376K(56832K)] 445696K->390432K(699392K), 0.0028192 secs] [Times: user=0.01 sys=0.00, real=0.00 secs] 
2693.795: [GC (Allocation Failure) [PSYoungGen: 56672K->1376K(56832K)] 445728K->390432K(699392K), 0.0031865 secs] [Times: user=0.01 sys=0.00, real=0.01 secs] 
2694.324: [GC (Allocation Failure) [PSYoungGen: 56672K->1392K(56832K)] 445728K->390448K(699392K), 0.0020411 secs] [Times: user=0.01 sys=0.00, real=0.01 secs] 
2695.090: [GC (Allocation Failure) [PSYoungGen: 56688K->1408K(56832K)] 445744K->390464K(699392K), 0.0020231 secs] [Times: user=0.01 sys=0.00, real=0.00 secs] 
2695.406: [GC (Allocation Failure) [PSYoungGen: 56704K->1376K(56832K)] 445760K->390432K(699392K), 0.0019772 secs] [Times: user=0.00 sys=0.00, real=0.00 secs] 
2695.823: [GC (Allocation Failure) [PSYoungGen: 56672K->1408K(56832K)] 445728K->390464K(699392K), 0.0033142 secs] [Times: user=0.01 sys=0.00, real=0.01 secs] 
2696.236: [GC (Allocation Failure) [PSYoungGen: 56704K->1408K(56832K)] 445760K->390464K(699392K), 0.0032674 secs] [Times: user=0.01 sys=0.00, real=0.00 secs] 
2696.651: [GC (Allocation Failure) [PSYoungGen: 56704K->1376K(56832K)] 445760K->390448K(699392K), 0.0027169 secs] [Times: user=0.01 sys=0.00, real=0.00 secs] 
2697.526: [GC (Allocation Failure) [PSYoungGen: 56672K->1408K(56832K)] 445744K->390480K(699392K), 0.0020893 secs] [Times: user=0.01 sys=0.00, real=0.00 secs] 
2697.814: [GC (Allocation Failure) [PSYoungGen: 56704K->1344K(56832K)] 445776K->390416K(699392K), 0.0025078 secs] [Times: user=0.01 sys=0.00, real=0.01 secs] 
2698.244: [GC (Allocation Failure) [PSYoungGen: 56640K->1408K(56832K)] 445712K->390480K(699392K), 0.0021426 secs] [Times: user=0.01 sys=0.00, real=0.01 secs] 
2698.778: [GC (Allocation Failure) [PSYoungGen: 56704K->1376K(56832K)] 445776K->390448K(699392K), 0.0034012 secs] [Times: user=0.01 sys=0.00, real=0.00 secs] 
2699.264: [GC (Allocation Failure) [PSYoungGen: 56672K->1408K(56832K)] 445744K->390488K(699392K), 0.0031639 secs] [Times: user=0.01 sys=0.00, real=0.01 secs] 
2700.204: [GC (Allocation Failure) [PSYoungGen: 56704K->1357K(56832K)] 445784K->390437K(699392K), 0.0015247 secs] [Times: user=0.00 sys=0.00, real=0.01 secs] 
2700.535: [GC (Allocation Failure) [PSYoungGen: 56653K->1424K(56832K)] 445733K->390504K(699392K), 0.0018176 secs] [Times: user=0.01 sys=0.00, real=0.00 secs] 
2700.806: [GC (Allocation Failure) [PSYoungGen: 56720K->1376K(56832K)] 445800K->390456K(699392K), 0.0018719 secs] [Times: user=0.01 sys=0.00, real=0.00 secs] 
2701.044: [GC (Allocation Failure) [PSYoungGen: 56672K->1376K(56832K)] 445752K->390456K(699392K), 0.0019063 secs] [Times: user=0.01 sys=0.00, real=0.01 secs] 
2701.274: [GC (Allocation Failure) [PSYoungGen: 56672K->1360K(56832K)] 445752K->390440K(699392K), 0.0018010 secs] [Times: user=0.00 sys=0.00, real=0.01 secs] 
2701.504: [GC (Allocation Failure) [PSYoungGen: 56656K->1376K(56832K)] 445736K->390456K(699392K), 0.0016974 secs] [Times: user=0.00 sys=0.00, real=0.01 secs] 
2702.185: [GC (Allocation Failure) [PSYoungGen: 56672K->1408K(56832K)] 445752K->390488K(699392K), 0.0017984 secs] [Times: user=0.01 sys=0.00, real=0.00 secs] 
2702.480: [GC (Allocation Failure) [PSYoungGen: 56704K->1344K(56832K)] 445784K->390424K(699392K), 0.0017001 secs] [Times: user=0.00 sys=0.00, real=0.00 secs] 
2702.903: [GC (Allocation Failure) [PSYoungGen: 56640K->1376K(56832K)] 445720K->390456K(699392K), 0.0029737 secs] [Times: user=0.02 sys=0.00, real=0.01 secs] 
2703.265: [GC (Allocation Failure) [PSYoungGen: 56672K->1408K(56832K)] 445752K->390488K(699392K), 0.0026782 secs] [Times: user=0.01 sys=0.00, real=0.01 secs] 
2703.666: [GC (Allocation Failure) [PSYoungGen: 56704K->1408K(56832K)] 445784K->390488K(699392K), 0.0026038 secs] [Times: user=0.01 sys=0.00, real=0.00 secs] 
2704.788: [GC (Allocation Failure) [PSYoungGen: 56704K->1440K(56832K)] 445784K->390520K(699392K), 0.0018997 secs] [Times: user=0.01 sys=0.00, real=0.00 secs] 
2705.744: [GC (Allocation Failure) [PSYoungGen: 56736K->1376K(56832K)] 445816K->390472K(699392K), 0.0028184 secs] [Times: user=0.01 sys=0.00, real=0.01 secs] 
2706.509: [GC (Allocation Failure) [PSYoungGen: 56672K->1392K(56832K)] 445768K->390488K(699392K), 0.0033273 secs] [Times: user=0.01 sys=0.00, real=0.00 secs] 
2707.216: [GC (Allocation Failure) [PSYoungGen: 56688K->1376K(56832K)] 445784K->390472K(699392K), 0.0029445 secs] [Times: user=0.01 sys=0.00, real=0.00 secs] 
2707.837: [GC (Allocation Failure) [PSYoungGen: 56672K->1376K(56832K)] 445768K->390472K(699392K), 0.0028326 secs] [Times: user=0.01 sys=0.00, real=0.00 secs] 
2708.536: [GC (Allocation Failure) [PSYoungGen: 56672K->1389K(56832K)] 445768K->390485K(699392K), 0.0014726 secs] [Times: user=0.01 sys=0.00, real=0.00 secs] 
2709.481: [GC (Allocation Failure) [PSYoungGen: 56685K->1408K(56832K)] 445781K->390504K(699392K), 0.0022501 secs] [Times: user=0.01 sys=0.00, real=0.00 secs] 
2710.172: [GC (Allocation Failure) [PSYoungGen: 56704K->1408K(56832K)] 445800K->390504K(699392K), 0.0030711 secs] [Times: user=0.01 sys=0.00, real=0.01 secs] 
2711.039: [GC (Allocation Failure) [PSYoungGen: 56704K->1408K(56832K)] 445800K->390504K(699392K), 0.0032095 secs] [Times: user=0.02 sys=0.00, real=0.00 secs] 
2711.897: [GC (Allocation Failure) [PSYoungGen: 56704K->1376K(56832K)] 445800K->390472K(699392K), 0.0042923 secs] [Times: user=0.02 sys=0.00, real=0.00 secs] 
2712.651: [GC (Allocation Failure) [PSYoungGen: 56672K->1408K(56832K)] 445768K->390504K(699392K), 0.0040502 secs] [Times: user=0.01 sys=0.00, real=0.01 secs] 
2713.959: [GC (Allocation Failure) [PSYoungGen: 56704K->1440K(56832K)] 445800K->390536K(699392K), 0.0019574 secs] [Times: user=0.00 sys=0.00, real=0.00 secs] 
2714.554: [GC (Allocation Failure) [PSYoungGen: 56736K->1376K(56832K)] 445832K->390472K(699392K), 0.0023257 secs] [Times: user=0.01 sys=0.00, real=0.01 secs] 
2715.453: [GC (Allocation Failure) [PSYoungGen: 56672K->1376K(56832K)] 445768K->390472K(699392K), 0.0024845 secs] [Times: user=0.01 sys=0.00, real=0.01 secs] 
2716.434: [GC (Allocation Failure) [PSYoungGen: 56672K->1344K(56832K)] 445768K->390440K(699392K), 0.0026060 secs] [Times: user=0.01 sys=0.00, real=0.01 secs] 
2717.214: [GC (Allocation Failure) [PSYoungGen: 56640K->1376K(56832K)] 445736K->390472K(699392K), 0.0027205 secs] [Times: user=0.01 sys=0.00, real=0.01 secs] 
2719.616: [GC (Allocation Failure) [PSYoungGen: 56672K->160K(56320K)] 445768K->389256K(698880K), 0.0016037 secs] [Times: user=0.01 sys=0.00, real=0.00 secs] 
2720.688: [GC (Allocation Failure) [PSYoungGen: 54944K->1376K(56832K)] 444040K->390472K(699392K), 0.0028312 secs] [Times: user=0.02 sys=0.00, real=0.00 secs] 
2721.691: [GC (Allocation Failure) [PSYoungGen: 56160K->1408K(56832K)] 445256K->390504K(699392K), 0.0034437 secs] [Times: user=0.01 sys=0.00, real=0.00 secs] 
2722.020: [GC (Allocation Failure) [PSYoungGen: 56192K->1408K(56832K)] 445288K->390504K(699392K), 0.0019817 secs] [Times: user=0.01 sys=0.00, real=0.00 secs] 
2722.248: [GC (Allocation Failure) [PSYoungGen: 56192K->1408K(56832K)] 445288K->390512K(699392K), 0.0021239 secs] [Times: user=0.01 sys=0.00, real=0.00 secs] 
2722.476: [GC (Allocation Failure) [PSYoungGen: 56192K->1408K(56832K)] 445296K->390520K(699392K), 0.0019416 secs] [Times: user=0.01 sys=0.00, real=0.00 secs] 
2723.648: [GC (Allocation Failure) [PSYoungGen: 56192K->1440K(56832K)] 445304K->390552K(699392K), 0.0025308 secs] [Times: user=0.01 sys=0.00, real=0.00 secs] 
2724.460: [GC (Allocation Failure) [PSYoungGen: 56224K->1408K(56832K)] 445336K->390520K(699392K), 0.0025071 secs] [Times: user=0.01 sys=0.00, real=0.00 secs] 
2725.267: [GC (Allocation Failure) [PSYoungGen: 56192K->1344K(56832K)] 445304K->390456K(699392K), 0.0023632 secs] [Times: user=0.01 sys=0.00, real=0.00 secs] 
2725.678: [GC (Allocation Failure) [PSYoungGen: 56128K->1376K(56832K)] 445240K->390488K(699392K), 0.0029407 secs] [Times: user=0.01 sys=0.00, real=0.00 secs] 
2725.926: [GC (Allocation Failure) [PSYoungGen: 56160K->1376K(56832K)] 445272K->390488K(699392K), 0.0018678 secs] [Times: user=0.01 sys=0.00, real=0.00 secs] 
2726.760: [GC (Allocation Failure) [PSYoungGen: 56075K->1616K(56832K)] 445188K->390728K(699392K), 0.0028160 secs] [Times: user=0.01 sys=0.00, real=0.00 secs] 
2727.008: [GC (Allocation Failure) [PSYoungGen: 56400K->1408K(56832K)] 445512K->390520K(699392K), 0.0018407 secs] [Times: user=0.01 sys=0.00, real=0.00 secs] 
2727.247: [GC (Allocation Failure) [PSYoungGen: 56192K->1376K(56832K)] 445304K->390488K(699392K), 0.0019146 secs] [Times: user=0.01 sys=0.00, real=0.00 secs] 
2727.558: [GC (Allocation Failure) [PSYoungGen: 56160K->1344K(56832K)] 445272K->390456K(699392K), 0.0017995 secs] [Times: user=0.01 sys=0.00, real=0.00 secs] 
2727.813: [GC (Allocation Failure) [PSYoungGen: 56128K->1408K(56832K)] 445240K->390536K(699392K), 0.0017361 secs] [Times: user=0.01 sys=0.00, real=0.01 secs] 
2728.041: [GC (Allocation Failure) [PSYoungGen: 56192K->1344K(56832K)] 445320K->390472K(699392K), 0.0018731 secs] [Times: user=0.00 sys=0.00, real=0.00 secs] 
2728.780: [GC (Allocation Failure) [PSYoungGen: 56128K->1376K(56832K)] 445256K->390504K(699392K), 0.0017394 secs] [Times: user=0.01 sys=0.00, real=0.00 secs] 
2729.046: [GC (Allocation Failure) [PSYoungGen: 56160K->1376K(56832K)] 445288K->390504K(699392K), 0.0017183 secs] [Times: user=0.01 sys=0.00, real=0.00 secs] 
2729.499: [GC (Allocation Failure) [PSYoungGen: 56160K->1376K(56320K)] 445288K->390504K(698880K), 0.0018773 secs] [Times: user=0.00 sys=0.00, real=0.00 secs] 
2729.894: [GC (Allocation Failure) [PSYoungGen: 56160K->1376K(56320K)] 445288K->390504K(698880K), 0.0017550 secs] [Times: user=0.01 sys=0.00, real=0.01 secs] 
2730.313: [GC (Allocation Failure) [PSYoungGen: 56160K->1392K(56320K)] 445288K->390520K(698880K), 0.0020209 secs] [Times: user=0.01 sys=0.00, real=0.01 secs] 
2731.148: [GC (Allocation Failure) [PSYoungGen: 56176K->1440K(56320K)] 445304K->390568K(698880K), 0.0017676 secs] [Times: user=0.00 sys=0.00, real=0.00 secs] 
2731.503: [GC (Allocation Failure) [PSYoungGen: 56224K->1376K(56320K)] 445352K->390504K(698880K), 0.0021025 secs] [Times: user=0.00 sys=0.00, real=0.00 secs] 
2731.767: [GC (Allocation Failure) [PSYoungGen: 56160K->1376K(56320K)] 445288K->390504K(698880K), 0.0019419 secs] [Times: user=0.01 sys=0.00, real=0.00 secs] 
2732.066: [GC (Allocation Failure) [PSYoungGen: 56160K->1376K(56320K)] 445288K->390504K(698880K), 0.0019197 secs] [Times: user=0.01 sys=0.00, real=0.00 secs] 
2732.542: [GC (Allocation Failure) [PSYoungGen: 56160K->1376K(56320K)] 445288K->390504K(698880K), 0.0021132 secs] [Times: user=0.01 sys=0.00, real=0.00 secs] 
2733.378: [GC (Allocation Failure) [PSYoungGen: 56160K->1357K(56320K)] 445288K->390485K(698880K), 0.0015769 secs] [Times: user=0.00 sys=0.00, real=0.00 secs] 
2733.959: [GC (Allocation Failure) [PSYoungGen: 56141K->1376K(56320K)] 445269K->390504K(698880K), 0.0020505 secs] [Times: user=0.01 sys=0.00, real=0.00 secs] 
2734.187: [GC (Allocation Failure) [PSYoungGen: 56160K->1344K(56320K)] 445288K->390472K(698880K), 0.0020706 secs] [Times: user=0.01 sys=0.01, real=0.00 secs] 
2734.415: [GC (Allocation Failure) [PSYoungGen: 56128K->1376K(56320K)] 445256K->390504K(698880K), 0.0019413 secs] [Times: user=0.01 sys=0.00, real=0.00 secs] 
2734.643: [GC (Allocation Failure) [PSYoungGen: 56160K->1376K(56320K)] 445288K->390520K(698880K), 0.0021417 secs] [Times: user=0.00 sys=0.00, real=0.01 secs] 
2734.871: [GC (Allocation Failure) [PSYoungGen: 56160K->1376K(56320K)] 445304K->390520K(698880K), 0.0020044 secs] [Times: user=0.01 sys=0.00, real=0.00 secs] 
2735.576: [GC (Allocation Failure) [PSYoungGen: 56160K->1440K(56320K)] 445304K->390584K(698880K), 0.0018732 secs] [Times: user=0.01 sys=0.01, real=0.00 secs] 
2735.804: [GC (Allocation Failure) [PSYoungGen: 56224K->1344K(56320K)] 445368K->390488K(698880K), 0.0017944 secs] [Times: user=0.01 sys=0.00, real=0.01 secs] 
2736.032: [GC (Allocation Failure) [PSYoungGen: 56128K->1376K(56320K)] 445272K->390520K(698880K), 0.0017556 secs] [Times: user=0.01 sys=0.00, real=0.00 secs] 
2736.361: [GC (Allocation Failure) [PSYoungGen: 56160K->1328K(56320K)] 445304K->390472K(698880K), 0.0018952 secs] [Times: user=0.01 sys=0.00, real=0.00 secs] 
2736.720: [GC (Allocation Failure) [PSYoungGen: 56112K->1344K(56320K)] 445256K->390496K(698880K), 0.0018684 secs] [Times: user=0.00 sys=0.00, real=0.00 secs] 
2737.447: [GC (Allocation Failure) [PSYoungGen: 56128K->1325K(56320K)] 445280K->390477K(698880K), 0.0015410 secs] [Times: user=0.00 sys=0.00, real=0.00 secs] 
2738.341: [GC (Allocation Failure) [PSYoungGen: 56109K->1440K(56320K)] 445261K->390592K(698880K), 0.0034253 secs] [Times: user=0.01 sys=0.00, real=0.00 secs] 
2739.056: [GC (Allocation Failure) [PSYoungGen: 56224K->1376K(56320K)] 445376K->390528K(698880K), 0.0050738 secs] [Times: user=0.02 sys=0.00, real=0.00 secs] 
2739.780: [GC (Allocation Failure) [PSYoungGen: 56160K->1376K(56320K)] 445312K->390528K(698880K), 0.0031758 secs] [Times: user=0.01 sys=0.00, real=0.00 secs] 
2740.105: [GC (Allocation Failure) [PSYoungGen: 56160K->1344K(56320K)] 445312K->390496K(698880K), 0.0022024 secs] [Times: user=0.01 sys=0.00, real=0.01 secs] 
2740.449: [GC (Allocation Failure) [PSYoungGen: 56128K->1376K(56320K)] 445280K->390528K(698880K), 0.0019283 secs] [Times: user=0.00 sys=0.00, real=0.00 secs] 
2742.231: [GC (Allocation Failure) [PSYoungGen: 56160K->1408K(56320K)] 445312K->390560K(698880K), 0.0040642 secs] [Times: user=0.01 sys=0.01, real=0.01 secs] 
2743.664: [GC (Allocation Failure) [PSYoungGen: 56192K->1408K(56320K)] 445344K->390560K(698880K), 0.0046910 secs] [Times: user=0.01 sys=0.00, real=0.01 secs] 
2744.568: [GC (Allocation Failure) [PSYoungGen: 56192K->1408K(56320K)] 445344K->390560K(698880K), 0.0040265 secs] [Times: user=0.02 sys=0.00, real=0.00 secs] 
2745.027: [GC (Allocation Failure) [PSYoungGen: 56192K->1408K(56320K)] 445344K->390560K(698880K), 0.0032567 secs] [Times: user=0.01 sys=0.00, real=0.00 secs] 
2745.472: [GC (Allocation Failure) [PSYoungGen: 56192K->1360K(56320K)] 445344K->390512K(698880K), 0.0045511 secs] [Times: user=0.02 sys=0.00, real=0.01 secs] 
2746.454: [GC (Allocation Failure) [PSYoungGen: 56144K->1440K(56320K)] 445296K->390592K(698880K), 0.0015933 secs] [Times: user=0.01 sys=0.00, real=0.01 secs] 
2746.876: [GC (Allocation Failure) [PSYoungGen: 56224K->1408K(56320K)] 445376K->390560K(698880K), 0.0017182 secs] [Times: user=0.01 sys=0.00, real=0.00 secs] 
2747.103: [GC (Allocation Failure) [PSYoungGen: 56192K->1344K(56320K)] 445344K->390496K(698880K), 0.0017377 secs] [Times: user=0.01 sys=0.00, real=0.00 secs] 
2747.362: [GC (Allocation Failure) [PSYoungGen: 56128K->1376K(56320K)] 445280K->390528K(698880K), 0.0020081 secs] [Times: user=0.01 sys=0.00, real=0.00 secs] 
2747.897: [GC (Allocation Failure) [PSYoungGen: 56160K->1376K(56320K)] 445312K->390528K(698880K), 0.0028773 secs] [Times: user=0.01 sys=0.01, real=0.00 secs] 
2748.340: [GC (Allocation Failure) [PSYoungGen: 56160K->1408K(56320K)] 445312K->390568K(698880K), 0.0026070 secs] [Times: user=0.01 sys=0.00, real=0.00 secs] 
2749.465: [GC (Allocation Failure) [PSYoungGen: 56192K->1408K(56320K)] 445352K->390568K(698880K), 0.0027542 secs] [Times: user=0.02 sys=0.00, real=0.00 secs] 
2750.150: [GC (Allocation Failure) [PSYoungGen: 56192K->1408K(56320K)] 445352K->390568K(698880K), 0.0032095 secs] [Times: user=0.01 sys=0.00, real=0.00 secs] 
2750.607: [GC (Allocation Failure) [PSYoungGen: 56192K->1376K(56320K)] 445352K->390536K(698880K), 0.0031369 secs] [Times: user=0.01 sys=0.00, real=0.00 secs] 
2751.095: [GC (Allocation Failure) [PSYoungGen: 56160K->1376K(56320K)] 445320K->390536K(698880K), 0.0026981 secs] [Times: user=0.01 sys=0.00, real=0.00 secs] 
2751.442: [GC (Allocation Failure) [PSYoungGen: 56160K->1360K(56320K)] 445320K->390520K(698880K), 0.0027314 secs] [Times: user=0.01 sys=0.01, real=0.00 secs] 
2752.290: [GC (Allocation Failure) [PSYoungGen: 56144K->896K(56320K)] 445304K->391080K(698880K), 0.0018043 secs] [Times: user=0.01 sys=0.00, real=0.00 secs] 
2752.532: [GC (Allocation Failure) [PSYoungGen: 55680K->352K(56320K)] 445864K->390536K(698880K), 0.0024014 secs] [Times: user=0.01 sys=0.00, real=0.00 secs] 
2752.792: [GC (Allocation Failure) [PSYoungGen: 55136K->352K(56832K)] 445320K->390536K(699392K), 0.0018421 secs] [Times: user=0.00 sys=0.00, real=0.00 secs] 
2753.019: [GC (Allocation Failure) [PSYoungGen: 55136K->352K(56832K)] 445320K->390536K(699392K), 0.0018529 secs] [Times: user=0.01 sys=0.00, real=0.00 secs] 
2753.246: [GC (Allocation Failure) [PSYoungGen: 55136K->320K(56832K)] 445320K->390512K(699392K), 0.0019933 secs] [Times: user=0.01 sys=0.00, real=0.00 secs] 
2753.546: [GC (Allocation Failure) [PSYoungGen: 55104K->1389K(56832K)] 445296K->391581K(699392K), 0.0014734 secs] [Times: user=0.01 sys=0.00, real=0.00 secs] 
2754.379: [GC (Allocation Failure) [PSYoungGen: 56173K->1392K(56832K)] 446365K->391584K(699392K), 0.0022578 secs] [Times: user=0.01 sys=0.00, real=0.00 secs] 
2754.843: [GC (Allocation Failure) [PSYoungGen: 56176K->1344K(56832K)] 446368K->391536K(699392K), 0.0021256 secs] [Times: user=0.01 sys=0.00, real=0.01 secs] 
2755.327: [GC (Allocation Failure) [PSYoungGen: 56128K->1328K(56832K)] 446320K->391536K(699392K), 0.0021787 secs] [Times: user=0.01 sys=0.00, real=0.00 secs] 
2755.880: [GC (Allocation Failure) [PSYoungGen: 56112K->1344K(56832K)] 446320K->391552K(699392K), 0.0024028 secs] [Times: user=0.01 sys=0.00, real=0.00 secs] 
2756.596: [GC (Allocation Failure) [PSYoungGen: 56128K->1408K(56832K)] 446336K->391616K(699392K), 0.0031725 secs] [Times: user=0.02 sys=0.00, real=0.00 secs] 
2757.542: [GC (Allocation Failure) [PSYoungGen: 56192K->1344K(56832K)] 446400K->391552K(699392K), 0.0017331 secs] [Times: user=0.01 sys=0.00, real=0.00 secs] 
2757.769: [GC (Allocation Failure) [PSYoungGen: 56128K->1376K(56832K)] 446336K->391584K(699392K), 0.0017009 secs] [Times: user=0.01 sys=0.00, real=0.00 secs] 
2757.996: [GC (Allocation Failure) [PSYoungGen: 56160K->1328K(56832K)] 446368K->391536K(699392K), 0.0017972 secs] [Times: user=0.01 sys=0.00, real=0.00 secs] 
2758.224: [GC (Allocation Failure) [PSYoungGen: 56112K->1376K(56832K)] 446320K->391584K(699392K), 0.0017560 secs] [Times: user=0.00 sys=0.00, real=0.01 secs] 
2758.451: [GC (Allocation Failure) [PSYoungGen: 56160K->1376K(56832K)] 446368K->391592K(699392K), 0.0022699 secs] [Times: user=0.01 sys=0.00, real=0.00 secs] 
2758.958: [GC (Allocation Failure) [PSYoungGen: 56160K->1357K(56832K)] 446376K->391573K(699392K), 0.0016357 secs] [Times: user=0.01 sys=0.00, real=0.00 secs] 
2759.397: [GC (Allocation Failure) [PSYoungGen: 56141K->1376K(56832K)] 446357K->391592K(699392K), 0.0018511 secs] [Times: user=0.01 sys=0.00, real=0.00 secs] 
2759.625: [GC (Allocation Failure) [PSYoungGen: 56160K->1344K(56832K)] 446376K->391560K(699392K), 0.0018148 secs] [Times: user=0.01 sys=0.00, real=0.00 secs] 
2759.853: [GC (Allocation Failure) [PSYoungGen: 56128K->1376K(56832K)] 446344K->391592K(699392K), 0.0016564 secs] [Times: user=0.01 sys=0.00, real=0.00 secs] 
2760.244: [GC (Allocation Failure) [PSYoungGen: 56160K->1312K(56832K)] 446376K->391528K(699392K), 0.0018661 secs] [Times: user=0.01 sys=0.00, real=0.01 secs] 
2760.650: [GC (Allocation Failure) [PSYoungGen: 56096K->1376K(56832K)] 446312K->391600K(699392K), 0.0023238 secs] [Times: user=0.01 sys=0.00, real=0.00 secs] 
2761.667: [GC (Allocation Failure) [PSYoungGen: 56160K->1408K(56832K)] 446384K->391632K(699392K), 0.0019548 secs] [Times: user=0.01 sys=0.00, real=0.00 secs] 
2762.311: [GC (Allocation Failure) [PSYoungGen: 56192K->1344K(56832K)] 446416K->391568K(699392K), 0.0020387 secs] [Times: user=0.01 sys=0.00, real=0.00 secs] 
2762.852: [GC (Allocation Failure) [PSYoungGen: 56128K->1408K(56832K)] 446352K->391632K(699392K), 0.0026886 secs] [Times: user=0.02 sys=0.00, real=0.00 secs] 
2763.570: [GC (Allocation Failure) [PSYoungGen: 56192K->1376K(56832K)] 446416K->391600K(699392K), 0.0034682 secs] [Times: user=0.02 sys=0.00, real=0.00 secs] 
2764.229: [GC (Allocation Failure) [PSYoungGen: 56160K->1376K(56832K)] 446384K->391600K(699392K), 0.0032055 secs] [Times: user=0.01 sys=0.00, real=0.00 secs] 
2765.089: [GC (Allocation Failure) [PSYoungGen: 56160K->1389K(56832K)] 446384K->391613K(699392K), 0.0014773 secs] [Times: user=0.00 sys=0.00, real=0.00 secs] 
2765.383: [GC (Allocation Failure) [PSYoungGen: 56173K->1392K(56832K)] 446397K->391632K(699392K), 0.0018497 secs] [Times: user=0.00 sys=0.00, real=0.00 secs] 
2765.611: [GC (Allocation Failure) [PSYoungGen: 56176K->1344K(56832K)] 446416K->391584K(699392K), 0.0018586 secs] [Times: user=0.01 sys=0.00, real=0.00 secs] 
2766.177: [GC (Allocation Failure) [PSYoungGen: 56128K->1376K(56832K)] 446368K->391616K(699392K), 0.0019154 secs] [Times: user=0.01 sys=0.00, real=0.00 secs] 
2766.765: [GC (Allocation Failure) [PSYoungGen: 56160K->1376K(56832K)] 446400K->391616K(699392K), 0.0027690 secs] [Times: user=0.01 sys=0.00, real=0.00 secs] 
2767.417: [GC (Allocation Failure) [PSYoungGen: 56160K->1360K(56832K)] 446400K->391600K(699392K), 0.0039007 secs] [Times: user=0.01 sys=0.00, real=0.00 secs] 
2769.137: [GC (Allocation Failure) [PSYoungGen: 56144K->1376K(56832K)] 446384K->391616K(699392K), 0.0029314 secs] [Times: user=0.02 sys=0.00, real=0.00 secs] 
2770.039: [GC (Allocation Failure) [PSYoungGen: 56160K->1376K(56832K)] 446400K->391616K(699392K), 0.0032797 secs] [Times: user=0.01 sys=0.00, real=0.00 secs] 
2770.620: [GC (Allocation Failure) [PSYoungGen: 56160K->1408K(56832K)] 446400K->391648K(699392K), 0.0026957 secs] [Times: user=0.01 sys=0.01, real=0.00 secs] 
2771.017: [GC (Allocation Failure) [PSYoungGen: 56192K->1312K(56320K)] 446432K->391552K(698880K), 0.0025307 secs] [Times: user=0.01 sys=0.00, real=0.00 secs] 
2771.406: [GC (Allocation Failure) [PSYoungGen: 56096K->1376K(56320K)] 446336K->391616K(698880K), 0.0025138 secs] [Times: user=0.01 sys=0.00, real=0.00 secs] 
2772.241: [GC (Allocation Failure) [PSYoungGen: 56160K->608K(55808K)] 446400K->391872K(698368K), 0.0017006 secs] [Times: user=0.01 sys=0.01, real=0.00 secs] 
2772.836: [GC (Allocation Failure) [PSYoungGen: 55392K->352K(56832K)] 446656K->391616K(699392K), 0.0020345 secs] [Times: user=0.01 sys=0.00, real=0.00 secs] 
2773.310: [GC (Allocation Failure) [PSYoungGen: 55136K->336K(56832K)] 446400K->391600K(699392K), 0.0021632 secs] [Times: user=0.00 sys=0.00, real=0.00 secs] 
2773.714: [GC (Allocation Failure) [PSYoungGen: 55120K->288K(56832K)] 446384K->391552K(699392K), 0.0026233 secs] [Times: user=0.01 sys=0.00, real=0.01 secs] 
2774.276: [GC (Allocation Failure) [PSYoungGen: 55072K->384K(56832K)] 446336K->391648K(699392K), 0.0026016 secs] [Times: user=0.01 sys=0.00, real=0.00 secs] 
2774.928: [GC (Allocation Failure) [PSYoungGen: 55168K->320K(56832K)] 446432K->391584K(699392K), 0.0029502 secs] [Times: user=0.02 sys=0.00, real=0.00 secs] 
2777.020: [GC (Allocation Failure) [PSYoungGen: 55104K->1376K(56832K)] 446368K->392640K(699392K), 0.0050174 secs] [Times: user=0.02 sys=0.00, real=0.01 secs] 
2777.675: [GC (Allocation Failure) [PSYoungGen: 56160K->1408K(56832K)] 447424K->392672K(699392K), 0.0038473 secs] [Times: user=0.01 sys=0.00, real=0.00 secs] 
2778.327: [GC (Allocation Failure) [PSYoungGen: 56192K->1408K(57344K)] 447456K->392672K(699904K), 0.0035699 secs] [Times: user=0.02 sys=0.00, real=0.00 secs] 
2778.763: [GC (Allocation Failure) [PSYoungGen: 56192K->1376K(57344K)] 447456K->392648K(699904K), 0.0044271 secs] [Times: user=0.02 sys=0.00, real=0.01 secs] 
2779.265: [GC (Allocation Failure) [PSYoungGen: 56160K->1392K(57344K)] 447432K->392680K(699904K), 0.0027150 secs] [Times: user=0.01 sys=0.00, real=0.01 secs] 
2780.314: [GC (Allocation Failure) [PSYoungGen: 56176K->1392K(57344K)] 447464K->392680K(699904K), 0.0021546 secs] [Times: user=0.01 sys=0.00, real=0.01 secs] 
2780.702: [GC (Allocation Failure) [PSYoungGen: 56176K->1344K(57344K)] 447464K->392640K(699904K), 0.0022600 secs] [Times: user=0.01 sys=0.00, real=0.00 secs] 
2780.971: [GC (Allocation Failure) [PSYoungGen: 56128K->1344K(57344K)] 447424K->392640K(699904K), 0.0020861 secs] [Times: user=0.01 sys=0.00, real=0.00 secs] 
2781.205: [GC (Allocation Failure) [PSYoungGen: 56128K->1344K(57344K)] 447424K->392640K(699904K), 0.0020485 secs] [Times: user=0.00 sys=0.00, real=0.00 secs] 
2781.432: [GC (Allocation Failure) [PSYoungGen: 56128K->1376K(57344K)] 447424K->392672K(699904K), 0.0020047 secs] [Times: user=0.01 sys=0.00, real=0.00 secs] 
2781.931: [GC (Allocation Failure) [PSYoungGen: 56160K->1357K(56320K)] 447456K->392653K(698880K), 0.0018964 secs] [Times: user=0.00 sys=0.00, real=0.00 secs] 
2782.705: [GC (Allocation Failure) [PSYoungGen: 56141K->1408K(56832K)] 447437K->392704K(699392K), 0.0031483 secs] [Times: user=0.01 sys=0.00, real=0.01 secs] 
2783.215: [GC (Allocation Failure) [PSYoungGen: 56192K->1408K(56832K)] 447488K->392704K(699392K), 0.0027511 secs] [Times: user=0.01 sys=0.00, real=0.00 secs] 
2783.820: [GC (Allocation Failure) [PSYoungGen: 56192K->1392K(56832K)] 447488K->392688K(699392K), 0.0040347 secs] [Times: user=0.02 sys=0.00, real=0.00 secs] 
2784.294: [GC (Allocation Failure) [PSYoungGen: 56176K->1408K(56832K)] 447472K->392704K(699392K), 0.0032547 secs] [Times: user=0.02 sys=0.00, real=0.01 secs] 
2784.763: [GC (Allocation Failure) [PSYoungGen: 56192K->1408K(56832K)] 447488K->392704K(699392K), 0.0039392 secs] [Times: user=0.02 sys=0.00, real=0.01 secs] 
2785.668: [GC (Allocation Failure) [PSYoungGen: 56192K->1376K(56832K)] 447488K->392672K(699392K), 0.0018586 secs] [Times: user=0.01 sys=0.00, real=0.00 secs] 
2785.895: [GC (Allocation Failure) [PSYoungGen: 56160K->1376K(56832K)] 447456K->392696K(699392K), 0.0018541 secs] [Times: user=0.01 sys=0.00, real=0.00 secs] 
2786.123: [GC (Allocation Failure) [PSYoungGen: 56160K->1376K(56832K)] 447480K->392696K(699392K), 0.0018991 secs] [Times: user=0.01 sys=0.00, real=0.01 secs] 
2786.351: [GC (Allocation Failure) [PSYoungGen: 56160K->1376K(56832K)] 447480K->392696K(699392K), 0.0019060 secs] [Times: user=0.01 sys=0.00, real=0.00 secs] 
2786.579: [GC (Allocation Failure) [PSYoungGen: 56160K->1344K(56832K)] 447480K->392664K(699392K), 0.0018583 secs] [Times: user=0.01 sys=0.00, real=0.00 secs] 
2787.216: [GC (Allocation Failure) [PSYoungGen: 56128K->1389K(56832K)] 447448K->392709K(699392K), 0.0015259 secs] [Times: user=0.00 sys=0.00, real=0.00 secs] 
2787.957: [GC (Allocation Failure) [PSYoungGen: 56173K->1344K(56832K)] 447493K->392664K(699392K), 0.0019359 secs] [Times: user=0.01 sys=0.00, real=0.00 secs] 
2788.671: [GC (Allocation Failure) [PSYoungGen: 56128K->1408K(56832K)] 447448K->392728K(699392K), 0.0026773 secs] [Times: user=0.02 sys=0.00, real=0.00 secs] 
2789.312: [GC (Allocation Failure) [PSYoungGen: 56192K->1392K(56832K)] 447512K->392712K(699392K), 0.0035147 secs] [Times: user=0.01 sys=0.00, real=0.01 secs] 
2790.042: [GC (Allocation Failure) [PSYoungGen: 56176K->1408K(56832K)] 447496K->392728K(699392K), 0.0048133 secs] [Times: user=0.02 sys=0.00, real=0.01 secs] 
2790.848: [GC (Allocation Failure) [PSYoungGen: 56192K->1360K(56832K)] 447512K->392680K(699392K), 0.0047356 secs] [Times: user=0.02 sys=0.00, real=0.00 secs] 
2792.266: [GC (Allocation Failure) [PSYoungGen: 56144K->1440K(56832K)] 447464K->392760K(699392K), 0.0026855 secs] [Times: user=0.01 sys=0.00, real=0.00 secs] 
2792.954: [GC (Allocation Failure) [PSYoungGen: 56224K->1344K(56832K)] 447544K->392664K(699392K), 0.0036922 secs] [Times: user=0.01 sys=0.00, real=0.01 secs] 
2793.346: [GC (Allocation Failure) [PSYoungGen: 56128K->1344K(56832K)] 447448K->392664K(699392K), 0.0023097 secs] [Times: user=0.01 sys=0.00, real=0.00 secs] 
2793.677: [GC (Allocation Failure) [PSYoungGen: 56128K->1408K(56832K)] 447448K->392728K(699392K), 0.0019829 secs] [Times: user=0.00 sys=0.00, real=0.00 secs] 
2794.111: [GC (Allocation Failure) [PSYoungGen: 56192K->1344K(56832K)] 447512K->392664K(699392K), 0.0020085 secs] [Times: user=0.01 sys=0.00, real=0.00 secs] 
2794.910: [GC (Allocation Failure) [PSYoungGen: 56128K->1280K(56832K)] 447448K->392600K(699392K), 0.0015534 secs] [Times: user=0.01 sys=0.00, real=0.00 secs] 
2795.636: [GC (Allocation Failure) [PSYoungGen: 56064K->1376K(56832K)] 447384K->392696K(699392K), 0.0019069 secs] [Times: user=0.01 sys=0.00, real=0.00 secs] 
2796.265: [GC (Allocation Failure) [PSYoungGen: 56160K->1408K(56832K)] 447480K->392728K(699392K), 0.0031700 secs] [Times: user=0.01 sys=0.00, real=0.01 secs] 
2796.782: [GC (Allocation Failure) [PSYoungGen: 56192K->1408K(56832K)] 447512K->392728K(699392K), 0.0032030 secs] [Times: user=0.01 sys=0.00, real=0.01 secs] 
2797.281: [GC (Allocation Failure) [PSYoungGen: 56192K->1408K(56832K)] 447512K->392728K(699392K), 0.0027350 secs] [Times: user=0.00 sys=0.00, real=0.00 secs] 
2797.721: [GC (Allocation Failure) [PSYoungGen: 56192K->1408K(56832K)] 447512K->392744K(699392K), 0.0021844 secs] [Times: user=0.00 sys=0.00, real=0.00 secs] 
2798.728: [GC (Allocation Failure) [PSYoungGen: 56192K->1376K(56320K)] 447528K->392712K(698880K), 0.0022865 secs] [Times: user=0.01 sys=0.00, real=0.00 secs] 
2799.487: [GC (Allocation Failure) [PSYoungGen: 56160K->1360K(56320K)] 447496K->392696K(698880K), 0.0049471 secs] [Times: user=0.02 sys=0.00, real=0.00 secs] 
2799.910: [GC (Allocation Failure) [PSYoungGen: 56144K->336K(55808K)] 447480K->392696K(698368K), 0.0025142 secs] [Times: user=0.01 sys=0.00, real=0.00 secs] 
2800.416: [GC (Allocation Failure) [PSYoungGen: 55120K->352K(56832K)] 447480K->392712K(699392K), 0.0028583 secs] [Times: user=0.01 sys=0.00, real=0.00 secs] 
2801.006: [GC (Allocation Failure) [PSYoungGen: 55136K->384K(56832K)] 447496K->392752K(699392K), 0.0027297 secs] [Times: user=0.01 sys=0.00, real=0.00 secs] 
2801.889: [GC (Allocation Failure) [PSYoungGen: 55168K->1920K(56832K)] 447536K->394288K(699392K), 0.0018232 secs] [Times: user=0.01 sys=0.00, real=0.00 secs] 
2802.174: [GC (Allocation Failure) [PSYoungGen: 56704K->1344K(57344K)] 449072K->393712K(699904K), 0.0017529 secs] [Times: user=0.01 sys=0.00, real=0.01 secs] 
2802.428: [GC (Allocation Failure) [PSYoungGen: 56128K->1344K(56320K)] 448496K->393712K(698880K), 0.0019277 secs] [Times: user=0.01 sys=0.00, real=0.00 secs] 
2802.778: [GC (Allocation Failure) [PSYoungGen: 56128K->1408K(56832K)] 448496K->393776K(699392K), 0.0030625 secs] [Times: user=0.01 sys=0.00, real=0.00 secs] 
2803.241: [GC (Allocation Failure) [PSYoungGen: 56192K->1376K(56832K)] 448560K->393744K(699392K), 0.0029243 secs] [Times: user=0.01 sys=0.00, real=0.00 secs] 
2803.751: [GC (Allocation Failure) [PSYoungGen: 56159K->240K(56320K)] 448527K->392616K(698880K), 0.0020157 secs] [Times: user=0.00 sys=0.00, real=0.00 secs] 
2804.850: [GC (Allocation Failure) [PSYoungGen: 54512K->1408K(56832K)] 446888K->393784K(699392K), 0.0047716 secs] [Times: user=0.02 sys=0.00, real=0.00 secs] 
2805.404: [GC (Allocation Failure) [PSYoungGen: 55680K->1360K(56832K)] 448056K->393736K(699392K), 0.0040245 secs] [Times: user=0.01 sys=0.00, real=0.01 secs] 
2805.912: [GC (Allocation Failure) [PSYoungGen: 55632K->1408K(56832K)] 448008K->393784K(699392K), 0.0032176 secs] [Times: user=0.01 sys=0.00, real=0.01 secs] 
2806.417: [GC (Allocation Failure) [PSYoungGen: 55680K->1344K(55808K)] 448056K->393720K(698368K), 0.0032781 secs] [Times: user=0.02 sys=0.00, real=0.00 secs] 
2806.749: [GC (Allocation Failure) [PSYoungGen: 55616K->1408K(56320K)] 447992K->393800K(698880K), 0.0023395 secs] [Times: user=0.01 sys=0.00, real=0.00 secs] 
2807.613: [GC (Allocation Failure) [PSYoungGen: 55680K->1408K(56320K)] 448072K->393800K(698880K), 0.0018267 secs] [Times: user=0.01 sys=0.00, real=0.01 secs] 
2808.458: [GC (Allocation Failure) [PSYoungGen: 55680K->1376K(56320K)] 448072K->393768K(698880K), 0.0023439 secs] [Times: user=0.01 sys=0.00, real=0.00 secs] 
2809.244: [GC (Allocation Failure) [PSYoungGen: 55648K->1376K(56320K)] 448040K->393768K(698880K), 0.0021875 secs] [Times: user=0.01 sys=0.00, real=0.01 secs] 
2809.929: [GC (Allocation Failure) [PSYoungGen: 55648K->1392K(56320K)] 448040K->393784K(698880K), 0.0023882 secs] [Times: user=0.01 sys=0.00, real=0.00 secs] 
2810.524: [GC (Allocation Failure) [PSYoungGen: 55664K->1376K(56320K)] 448056K->393768K(698880K), 0.0022386 secs] [Times: user=0.01 sys=0.00, real=0.01 secs] 
2811.159: [GC (Allocation Failure) [PSYoungGen: 55648K->1408K(56320K)] 448040K->393800K(698880K), 0.0024745 secs] [Times: user=0.01 sys=0.00, real=0.00 secs] 
2812.330: [GC (Allocation Failure) [PSYoungGen: 55680K->1408K(56320K)] 448072K->393800K(698880K), 0.0018228 secs] [Times: user=0.01 sys=0.00, real=0.00 secs] 
2812.946: [GC (Allocation Failure) [PSYoungGen: 55680K->1376K(56320K)] 448072K->393768K(698880K), 0.0019367 secs] [Times: user=0.01 sys=0.00, real=0.00 secs] 
2813.716: [GC (Allocation Failure) [PSYoungGen: 55648K->1392K(56320K)] 448040K->393784K(698880K), 0.0018762 secs] [Times: user=0.00 sys=0.00, real=0.00 secs] 
2814.404: [GC (Allocation Failure) [PSYoungGen: 55664K->1408K(56320K)] 448056K->393800K(698880K), 0.0065026 secs] [Times: user=0.03 sys=0.00, real=0.01 secs] 
2814.921: [GC (Allocation Failure) [PSYoungGen: 55680K->1376K(56320K)] 448072K->393776K(698880K), 0.0027295 secs] [Times: user=0.01 sys=0.01, real=0.00 secs] 
2815.899: [GC (Allocation Failure) [PSYoungGen: 55648K->1920K(56320K)] 448048K->394320K(698880K), 0.0018459 secs] [Times: user=0.01 sys=0.00, real=0.00 secs] 
2816.141: [GC (Allocation Failure) [PSYoungGen: 56192K->1408K(56320K)] 448592K->393808K(698880K), 0.0017863 secs] [Times: user=0.01 sys=0.00, real=0.00 secs] 
2816.417: [GC (Allocation Failure) [PSYoungGen: 55680K->1408K(56320K)] 448080K->393808K(698880K), 0.0017583 secs] [Times: user=0.01 sys=0.00, real=0.00 secs] 
2816.649: [GC (Allocation Failure) [PSYoungGen: 55680K->1408K(56320K)] 448080K->393808K(698880K), 0.0017399 secs] [Times: user=0.00 sys=0.00, real=0.00 secs] 
2816.929: [GC (Allocation Failure) [PSYoungGen: 55680K->1376K(56320K)] 448080K->393776K(698880K), 0.0019528 secs] [Times: user=0.00 sys=0.00, real=0.00 secs] 
2817.210: [GC (Allocation Failure) [PSYoungGen: 55643K->256K(56320K)] 448043K->392672K(698880K), 0.0018575 secs] [Times: user=0.01 sys=0.00, real=0.00 secs] 
2818.245: [GC (Allocation Failure) [PSYoungGen: 54528K->1440K(56320K)] 446944K->393856K(698880K), 0.0027252 secs] [Times: user=0.01 sys=0.00, real=0.01 secs] 
2818.890: [GC (Allocation Failure) [PSYoungGen: 55712K->1392K(56320K)] 448128K->393808K(698880K), 0.0042428 secs] [Times: user=0.01 sys=0.00, real=0.00 secs] 
2819.536: [GC (Allocation Failure) [PSYoungGen: 55664K->1344K(56320K)] 448080K->393760K(698880K), 0.0032902 secs] [Times: user=0.01 sys=0.01, real=0.00 secs] 
2820.231: [GC (Allocation Failure) [PSYoungGen: 55616K->1408K(56320K)] 448032K->393824K(698880K), 0.0047482 secs] [Times: user=0.02 sys=0.00, real=0.01 secs] 
2820.807: [GC (Allocation Failure) [PSYoungGen: 55680K->1376K(56320K)] 448096K->393792K(698880K), 0.0031653 secs] [Times: user=0.01 sys=0.00, real=0.00 secs] 
2821.833: [GC (Allocation Failure) [PSYoungGen: 55648K->1440K(56320K)] 448064K->393856K(698880K), 0.0021530 secs] [Times: user=0.01 sys=0.00, real=0.00 secs] 
2822.455: [GC (Allocation Failure) [PSYoungGen: 55712K->1392K(56320K)] 448128K->393808K(698880K), 0.0026484 secs] [Times: user=0.01 sys=0.00, real=0.01 secs] 
2823.133: [GC (Allocation Failure) [PSYoungGen: 55664K->1376K(56320K)] 448080K->393792K(698880K), 0.0040385 secs] [Times: user=0.02 sys=0.00, real=0.01 secs] 
2823.801: [GC (Allocation Failure) [PSYoungGen: 55648K->1344K(56320K)] 448064K->393760K(698880K), 0.0043661 secs] [Times: user=0.02 sys=0.00, real=0.01 secs] 
2824.437: [GC (Allocation Failure) [PSYoungGen: 55616K->1408K(56320K)] 448032K->393824K(698880K), 0.0031935 secs] [Times: user=0.01 sys=0.00, real=0.00 secs] 
2825.077: [GC (Allocation Failure) [PSYoungGen: 55670K->1264K(56320K)] 448087K->393680K(698880K), 0.0028068 secs] [Times: user=0.01 sys=0.00, real=0.00 secs] 
2825.965: [GC (Allocation Failure) [PSYoungGen: 55536K->1440K(56320K)] 447952K->393856K(698880K), 0.0021620 secs] [Times: user=0.01 sys=0.00, real=0.00 secs] 
2826.320: [GC (Allocation Failure) [PSYoungGen: 55712K->1376K(56320K)] 448128K->393792K(698880K), 0.0020818 secs] [Times: user=0.01 sys=0.00, real=0.00 secs] 
2826.877: [GC (Allocation Failure) [PSYoungGen: 55648K->1376K(56320K)] 448064K->393792K(698880K), 0.0021203 secs] [Times: user=0.01 sys=0.00, real=0.00 secs] 
2827.525: [GC (Allocation Failure) [PSYoungGen: 55648K->1344K(56320K)] 448064K->393760K(698880K), 0.0022568 secs] [Times: user=0.01 sys=0.00, real=0.00 secs] 
2828.151: [GC (Allocation Failure) [PSYoungGen: 55616K->1376K(56320K)] 448032K->393800K(698880K), 0.0032634 secs] [Times: user=0.01 sys=0.00, real=0.00 secs] 
2829.216: [GC (Allocation Failure) [PSYoungGen: 55648K->1408K(56320K)] 448072K->393832K(698880K), 0.0052922 secs] [Times: user=0.01 sys=0.00, real=0.00 secs] 
2829.447: [GC (Allocation Failure) [PSYoungGen: 55680K->1376K(56320K)] 448104K->393800K(698880K), 0.0018852 secs] [Times: user=0.01 sys=0.00, real=0.00 secs] 
2829.672: [GC (Allocation Failure) [PSYoungGen: 55648K->1376K(56320K)] 448072K->393800K(698880K), 0.0017570 secs] [Times: user=0.01 sys=0.00, real=0.00 secs] 
2830.130: [GC (Allocation Failure) [PSYoungGen: 55648K->1344K(55808K)] 448072K->393768K(698368K), 0.0023795 secs] [Times: user=0.01 sys=0.00, real=0.00 secs] 
2830.617: [GC (Allocation Failure) [PSYoungGen: 55616K->1408K(55808K)] 448040K->393832K(698368K), 0.0023735 secs] [Times: user=0.01 sys=0.00, real=0.00 secs] 
2831.336: [GC (Allocation Failure) [PSYoungGen: 55680K->365K(55296K)] 448104K->393813K(697856K), 0.0031826 secs] [Times: user=0.01 sys=0.01, real=0.00 secs] 
2832.581: [GC (Allocation Failure) [PSYoungGen: 54637K->1440K(56320K)] 448085K->394888K(698880K), 0.0019469 secs] [Times: user=0.01 sys=0.00, real=0.00 secs] 
2833.330: [GC (Allocation Failure) [PSYoungGen: 55712K->1376K(56320K)] 449160K->394824K(698880K), 0.0035601 secs] [Times: user=0.01 sys=0.00, real=0.00 secs] 
2833.691: [GC (Allocation Failure) [PSYoungGen: 55648K->1344K(56320K)] 449096K->394792K(698880K), 0.0025035 secs] [Times: user=0.01 sys=0.00, real=0.00 secs] 
2834.233: [GC (Allocation Failure) [PSYoungGen: 55616K->1376K(56320K)] 449064K->394824K(698880K), 0.0024253 secs] [Times: user=0.01 sys=0.00, real=0.01 secs] 
2834.891: [GC (Allocation Failure) [PSYoungGen: 55648K->1360K(56320K)] 449096K->394808K(698880K), 0.0022524 secs] [Times: user=0.01 sys=0.00, real=0.00 secs] 
2835.984: [GC (Allocation Failure) [PSYoungGen: 55632K->1408K(56320K)] 449080K->394856K(698880K), 0.0018970 secs] [Times: user=0.01 sys=0.00, real=0.01 secs] 
2836.579: [GC (Allocation Failure) [PSYoungGen: 55680K->1376K(56320K)] 449128K->394824K(698880K), 0.0022569 secs] [Times: user=0.01 sys=0.00, real=0.00 secs] 
2836.918: [GC (Allocation Failure) [PSYoungGen: 55648K->1344K(56320K)] 449096K->394792K(698880K), 0.0026441 secs] [Times: user=0.01 sys=0.00, real=0.00 secs] 
2837.148: [GC (Allocation Failure) [PSYoungGen: 55616K->1376K(56320K)] 449064K->394840K(698880K), 0.0023939 secs] [Times: user=0.01 sys=0.00, real=0.00 secs] 
2837.474: [GC (Allocation Failure) [PSYoungGen: 55648K->1376K(56320K)] 449112K->394848K(698880K), 0.0024915 secs] [Times: user=0.01 sys=0.00, real=0.01 secs] 
2838.031: [GC (Allocation Failure) [PSYoungGen: 55648K->1392K(56320K)] 449120K->394864K(698880K), 0.0021966 secs] [Times: user=0.00 sys=0.00, real=0.00 secs] 
2838.953: [GC (Allocation Failure) [PSYoungGen: 55664K->1392K(56320K)] 449136K->394864K(698880K), 0.0045736 secs] [Times: user=0.02 sys=0.00, real=0.01 secs] 
2839.399: [GC (Allocation Failure) [PSYoungGen: 55664K->1360K(56320K)] 449136K->394832K(698880K), 0.0021597 secs] [Times: user=0.00 sys=0.00, real=0.00 secs] 
2839.625: [GC (Allocation Failure) [PSYoungGen: 55632K->1376K(56320K)] 449104K->394848K(698880K), 0.0019499 secs] [Times: user=0.01 sys=0.00, real=0.00 secs] 
2839.883: [GC (Allocation Failure) [PSYoungGen: 55648K->1408K(56320K)] 449120K->394880K(698880K), 0.0017925 secs] [Times: user=0.01 sys=0.00, real=0.01 secs] 
2840.208: [GC (Allocation Failure) [PSYoungGen: 55680K->1376K(56320K)] 449152K->394848K(698880K), 0.0019573 secs] [Times: user=0.00 sys=0.00, real=0.00 secs] 
2841.143: [GC (Allocation Failure) [PSYoungGen: 55648K->1440K(56320K)] 449120K->394912K(698880K), 0.0020598 secs] [Times: user=0.01 sys=0.00, real=0.01 secs] 
2841.720: [GC (Allocation Failure) [PSYoungGen: 55712K->1360K(55808K)] 449184K->394832K(698368K), 0.0021032 secs] [Times: user=0.01 sys=0.00, real=0.00 secs] 
2842.153: [GC (Allocation Failure) [PSYoungGen: 55632K->1344K(55808K)] 449104K->394816K(698368K), 0.0024090 secs] [Times: user=0.01 sys=0.00, real=0.01 secs] 
2842.416: [GC (Allocation Failure) [PSYoungGen: 55616K->320K(55296K)] 449088K->394816K(697856K), 0.0019851 secs] [Times: user=0.01 sys=0.00, real=0.00 secs] 
2842.787: [GC (Allocation Failure) [PSYoungGen: 54592K->304K(56320K)] 449088K->394808K(698880K), 0.0018669 secs] [Times: user=0.01 sys=0.00, real=0.00 secs] 
2843.343: [GC (Allocation Failure) [PSYoungGen: 54576K->1360K(56320K)] 449080K->395864K(698880K), 0.0019182 secs] [Times: user=0.01 sys=0.00, real=0.01 secs] 
2844.310: [GC (Allocation Failure) [PSYoungGen: 55632K->1392K(56320K)] 450136K->395896K(698880K), 0.0040577 secs] [Times: user=0.01 sys=0.00, real=0.00 secs] 
2844.993: [GC (Allocation Failure) [PSYoungGen: 55664K->1408K(56320K)] 450168K->395912K(698880K), 0.0040901 secs] [Times: user=0.02 sys=0.00, real=0.01 secs] 
2845.481: [GC (Allocation Failure) [PSYoungGen: 55680K->1408K(56320K)] 450184K->395912K(698880K), 0.0031891 secs] [Times: user=0.02 sys=0.01, real=0.00 secs] 
2846.075: [GC (Allocation Failure) [PSYoungGen: 55680K->1376K(56320K)] 450184K->395888K(698880K), 0.0047711 secs] [Times: user=0.02 sys=0.01, real=0.00 secs] 
2846.735: [GC (Allocation Failure) [PSYoungGen: 55648K->1376K(56320K)] 450160K->395888K(698880K), 0.0040803 secs] [Times: user=0.02 sys=0.00, real=0.01 secs] 
2847.829: [GC (Allocation Failure) [PSYoungGen: 55648K->1376K(56320K)] 450160K->395888K(698880K), 0.0019623 secs] [Times: user=0.01 sys=0.00, real=0.00 secs] 
2848.642: [GC (Allocation Failure) [PSYoungGen: 55648K->1360K(56320K)] 450160K->395872K(698880K), 0.0048045 secs] [Times: user=0.02 sys=0.00, real=0.01 secs] 
2849.373: [GC (Allocation Failure) [PSYoungGen: 55632K->1344K(56320K)] 450144K->395856K(698880K), 0.0035083 secs] [Times: user=0.02 sys=0.00, real=0.01 secs] 
2849.740: [GC (Allocation Failure) [PSYoungGen: 55616K->1376K(56320K)] 450128K->395888K(698880K), 0.0026664 secs] [Times: user=0.01 sys=0.00, real=0.00 secs] 
2849.964: [GC (Allocation Failure) [PSYoungGen: 55648K->1408K(56320K)] 450160K->395928K(698880K), 0.0019800 secs] [Times: user=0.01 sys=0.00, real=0.01 secs] 
2850.655: [GC (Allocation Failure) [PSYoungGen: 55680K->1389K(56320K)] 450200K->395909K(698880K), 0.0016119 secs] [Times: user=0.00 sys=0.00, real=0.00 secs] 
2853.142: [GC (Allocation Failure) [PSYoungGen: 55661K->1408K(56320K)] 450181K->395928K(698880K), 0.0045759 secs] [Times: user=0.02 sys=0.00, real=0.01 secs] 
2854.155: [GC (Allocation Failure) [PSYoungGen: 55680K->1344K(56320K)] 450200K->395864K(698880K), 0.0034050 secs] [Times: user=0.01 sys=0.00, real=0.01 secs] 
2854.420: [GC (Allocation Failure) [PSYoungGen: 55616K->1376K(56320K)] 450136K->395896K(698880K), 0.0020968 secs] [Times: user=0.01 sys=0.00, real=0.00 secs] 
2854.812: [GC (Allocation Failure) [PSYoungGen: 55648K->1376K(56320K)] 450168K->395896K(698880K), 0.0019129 secs] [Times: user=0.01 sys=0.00, real=0.00 secs] 
2855.282: [GC (Allocation Failure) [PSYoungGen: 55648K->1344K(56320K)] 450168K->395864K(698880K), 0.0019650 secs] [Times: user=0.00 sys=0.00, real=0.00 secs] 
2856.187: [GC (Allocation Failure) [PSYoungGen: 55616K->1408K(56320K)] 450136K->395928K(698880K), 0.0019071 secs] [Times: user=0.01 sys=0.00, real=0.00 secs] 
2856.568: [GC (Allocation Failure) [PSYoungGen: 55680K->1376K(56320K)] 450200K->395896K(698880K), 0.0020308 secs] [Times: user=0.01 sys=0.00, real=0.00 secs] 
2856.814: [GC (Allocation Failure) [PSYoungGen: 55648K->1344K(56320K)] 450168K->395864K(698880K), 0.0021719 secs] [Times: user=0.01 sys=0.00, real=0.01 secs] 
2857.187: [GC (Allocation Failure) [PSYoungGen: 55616K->1376K(56320K)] 450136K->395896K(698880K), 0.0020499 secs] [Times: user=0.01 sys=0.00, real=0.00 secs] 
2857.782: [GC (Allocation Failure) [PSYoungGen: 55648K->1376K(56320K)] 450168K->395896K(698880K), 0.0022273 secs] [Times: user=0.01 sys=0.00, real=0.00 secs] 
2858.516: [GC (Allocation Failure) [PSYoungGen: 55648K->1389K(56320K)] 450168K->395917K(698880K), 0.0015563 secs] [Times: user=0.01 sys=0.00, real=0.00 secs] 
2859.273: [GC (Allocation Failure) [PSYoungGen: 55661K->1408K(56320K)] 450189K->395936K(698880K), 0.0018157 secs] [Times: user=0.01 sys=0.00, real=0.00 secs] 
2859.644: [GC (Allocation Failure) [PSYoungGen: 55680K->1408K(56320K)] 450208K->395936K(698880K), 0.0019882 secs] [Times: user=0.01 sys=0.00, real=0.01 secs] 
2860.103: [GC (Allocation Failure) [PSYoungGen: 55680K->1344K(55808K)] 450208K->395872K(698368K), 0.0019429 secs] [Times: user=0.01 sys=0.00, real=0.00 secs] 
2860.624: [GC (Allocation Failure) [PSYoungGen: 55616K->1408K(55808K)] 450144K->395936K(698368K), 0.0021860 secs] [Times: user=0.01 sys=0.00, real=0.01 secs] 
2861.175: [GC (Allocation Failure) [PSYoungGen: 55680K->1376K(55808K)] 450208K->395904K(698368K), 0.0023006 secs] [Times: user=0.01 sys=0.00, real=0.01 secs] 
2862.459: [GC (Allocation Failure) [PSYoungGen: 55648K->1376K(55808K)] 450176K->395904K(698368K), 0.0048463 secs] [Times: user=0.02 sys=0.00, real=0.00 secs] 
2863.356: [GC (Allocation Failure) [PSYoungGen: 55648K->1376K(55808K)] 450176K->395904K(698368K), 0.0049197 secs] [Times: user=0.02 sys=0.00, real=0.00 secs] 
2863.861: [GC (Allocation Failure) [PSYoungGen: 55648K->1376K(55808K)] 450176K->395904K(698368K), 0.0032866 secs] [Times: user=0.01 sys=0.00, real=0.00 secs] 
2864.407: [GC (Allocation Failure) [PSYoungGen: 55648K->1312K(55808K)] 450176K->395840K(698368K), 0.0028340 secs] [Times: user=0.02 sys=0.00, real=0.00 secs] 
2864.981: [GC (Allocation Failure) [PSYoungGen: 55584K->1360K(55808K)] 450112K->395904K(698368K), 0.0023899 secs] [Times: user=0.01 sys=0.00, real=0.00 secs] 
2865.690: [GC (Allocation Failure) [PSYoungGen: 55632K->1389K(55808K)] 450176K->395933K(698368K), 0.0014783 secs] [Times: user=0.01 sys=0.00, real=0.00 secs] 
2867.076: [GC (Allocation Failure) [PSYoungGen: 55661K->1408K(55808K)] 450205K->395952K(698368K), 0.0037387 secs] [Times: user=0.01 sys=0.00, real=0.00 secs] 
2867.611: [GC (Allocation Failure) [PSYoungGen: 55680K->1408K(55808K)] 450224K->395952K(698368K), 0.0026971 secs] [Times: user=0.01 sys=0.00, real=0.00 secs] 
2868.012: [GC (Allocation Failure) [PSYoungGen: 55680K->1376K(55808K)] 450224K->395920K(698368K), 0.0027432 secs] [Times: user=0.02 sys=0.00, real=0.00 secs] 
2868.617: [GC (Allocation Failure) [PSYoungGen: 55648K->1344K(55808K)] 450192K->395896K(698368K), 0.0025968 secs] [Times: user=0.01 sys=0.00, real=0.00 secs] 
2869.204: [GC (Allocation Failure) [PSYoungGen: 55616K->1408K(55808K)] 450168K->395960K(698368K), 0.0028842 secs] [Times: user=0.01 sys=0.00, real=0.01 secs] 
2870.184: [GC (Allocation Failure) [PSYoungGen: 55680K->1408K(55808K)] 450232K->395960K(698368K), 0.0024078 secs] [Times: user=0.01 sys=0.01, real=0.01 secs] 
2870.410: [GC (Allocation Failure) [PSYoungGen: 55680K->1408K(55808K)] 450232K->395960K(698368K), 0.0019295 secs] [Times: user=0.01 sys=0.00, real=0.00 secs] 
2870.643: [GC (Allocation Failure) [PSYoungGen: 55680K->1376K(55808K)] 450232K->395928K(698368K), 0.0019336 secs] [Times: user=0.00 sys=0.00, real=0.00 secs] 
2870.897: [GC (Allocation Failure) [PSYoungGen: 55648K->1376K(55808K)] 450200K->395928K(698368K), 0.0021036 secs] [Times: user=0.01 sys=0.00, real=0.00 secs] 
2871.154: [GC (Allocation Failure) [PSYoungGen: 55648K->1360K(55808K)] 450200K->395912K(698368K), 0.0019028 secs] [Times: user=0.01 sys=0.00, real=0.01 secs] 
2871.590: [GC (Allocation Failure) [PSYoungGen: 55632K->1389K(55808K)] 450184K->395941K(698368K), 0.0015093 secs] [Times: user=0.00 sys=0.00, real=0.00 secs] 
2872.111: [GC (Allocation Failure) [PSYoungGen: 55661K->1440K(55808K)] 450213K->395992K(698368K), 0.0017802 secs] [Times: user=0.01 sys=0.01, real=0.00 secs] 
2872.336: [GC (Allocation Failure) [PSYoungGen: 55712K->1344K(55808K)] 450264K->395896K(698368K), 0.0017688 secs] [Times: user=0.01 sys=0.00, real=0.00 secs] 
2872.593: [GC (Allocation Failure) [PSYoungGen: 55616K->1344K(55808K)] 450168K->395896K(698368K), 0.0016672 secs] [Times: user=0.00 sys=0.00, real=0.00 secs] 
2872.853: [GC (Allocation Failure) [PSYoungGen: 55616K->1376K(55808K)] 450168K->395928K(698368K), 0.0018553 secs] [Times: user=0.01 sys=0.00, real=0.01 secs] 
2873.211: [GC (Allocation Failure) [PSYoungGen: 55648K->1376K(55808K)] 450200K->395928K(698368K), 0.0018329 secs] [Times: user=0.01 sys=0.00, real=0.00 secs] 
2874.344: [GC (Allocation Failure) [PSYoungGen: 55648K->1408K(55808K)] 450200K->395960K(698368K), 0.0032505 secs] [Times: user=0.02 sys=0.00, real=0.01 secs] 
2874.610: [GC (Allocation Failure) [PSYoungGen: 55680K->1344K(55808K)] 450232K->395912K(698368K), 0.0018798 secs] [Times: user=0.01 sys=0.00, real=0.00 secs] 
2874.836: [GC (Allocation Failure) [PSYoungGen: 55616K->1376K(55808K)] 450184K->395944K(698368K), 0.0020689 secs] [Times: user=0.00 sys=0.00, real=0.00 secs] 
2875.115: [GC (Allocation Failure) [PSYoungGen: 55648K->1360K(55808K)] 450216K->395928K(698368K), 0.0020205 secs] [Times: user=0.01 sys=0.00, real=0.00 secs] 
2875.448: [GC (Allocation Failure) [PSYoungGen: 55632K->1376K(55808K)] 450200K->395952K(698368K), 0.0021232 secs] [Times: user=0.01 sys=0.00, real=0.00 secs] 
2876.053: [GC (Allocation Failure) [PSYoungGen: 55648K->1357K(55808K)] 450224K->395933K(698368K), 0.0015762 secs] [Times: user=0.01 sys=0.00, real=0.00 secs] 
2876.760: [GC (Allocation Failure) [PSYoungGen: 55629K->1376K(55808K)] 450205K->395952K(698368K), 0.0019313 secs] [Times: user=0.01 sys=0.00, real=0.00 secs] 
2877.069: [GC (Allocation Failure) [PSYoungGen: 55648K->1376K(55808K)] 450224K->395952K(698368K), 0.0019572 secs] [Times: user=0.01 sys=0.00, real=0.00 secs] 
2877.295: [GC (Allocation Failure) [PSYoungGen: 55648K->1376K(55808K)] 450224K->395952K(698368K), 0.0019231 secs] [Times: user=0.01 sys=0.00, real=0.01 secs] 
2877.520: [GC (Allocation Failure) [PSYoungGen: 55648K->1344K(55808K)] 450224K->395920K(698368K), 0.0020614 secs] [Times: user=0.01 sys=0.00, real=0.00 secs] 
2877.746: [GC (Allocation Failure) [PSYoungGen: 55616K->1408K(55808K)] 450192K->395992K(698368K), 0.0018531 secs] [Times: user=0.00 sys=0.00, real=0.00 secs] 
2878.874: [GC (Allocation Failure) [PSYoungGen: 55680K->1392K(55808K)] 450264K->395976K(698368K), 0.0028677 secs] [Times: user=0.01 sys=0.00, real=0.01 secs] 
2880.272: [GC (Allocation Failure) [PSYoungGen: 55664K->1392K(55808K)] 450248K->395976K(698368K), 0.0032426 secs] [Times: user=0.01 sys=0.00, real=0.01 secs] 
2881.335: [GC (Allocation Failure) [PSYoungGen: 55664K->1392K(55808K)] 450248K->395976K(698368K), 0.0027370 secs] [Times: user=0.01 sys=0.00, real=0.01 secs] 
2881.799: [GC (Allocation Failure) [PSYoungGen: 55664K->1376K(55808K)] 450248K->395960K(698368K), 0.0028679 secs] [Times: user=0.01 sys=0.00, real=0.00 secs] 
2882.227: [GC (Allocation Failure) [PSYoungGen: 55648K->1376K(55808K)] 450232K->395960K(698368K), 0.0029092 secs] [Times: user=0.01 sys=0.00, real=0.00 secs] 
2882.902: [GC (Allocation Failure) [PSYoungGen: 55648K->1357K(55808K)] 450232K->395941K(698368K), 0.0015272 secs] [Times: user=0.01 sys=0.00, real=0.00 secs] 
2883.730: [GC (Allocation Failure) [PSYoungGen: 55629K->1376K(55808K)] 450213K->395960K(698368K), 0.0019172 secs] [Times: user=0.00 sys=0.00, real=0.00 secs] 
2884.574: [GC (Allocation Failure) [PSYoungGen: 55648K->1376K(55808K)] 450232K->395960K(698368K), 0.0019595 secs] [Times: user=0.01 sys=0.00, real=0.01 secs] 
2885.402: [GC (Allocation Failure) [PSYoungGen: 55648K->1408K(55808K)] 450232K->395992K(698368K), 0.0021694 secs] [Times: user=0.01 sys=0.00, real=0.00 secs] 
2886.010: [GC (Allocation Failure) [PSYoungGen: 55680K->1376K(55808K)] 450264K->395960K(698368K), 0.0022792 secs] [Times: user=0.01 sys=0.00, real=0.00 secs] 
2886.484: [GC (Allocation Failure) [PSYoungGen: 55648K->1376K(55808K)] 450232K->395960K(698368K), 0.0023325 secs] [Times: user=0.01 sys=0.00, real=0.01 secs] 
2887.349: [GC (Allocation Failure) [PSYoungGen: 55648K->1376K(55808K)] 450232K->395960K(698368K), 0.0018703 secs] [Times: user=0.01 sys=0.00, real=0.00 secs] 
2887.605: [GC (Allocation Failure) [PSYoungGen: 55648K->1344K(55808K)] 450232K->395928K(698368K), 0.0018942 secs] [Times: user=0.01 sys=0.00, real=0.01 secs] 
2887.830: [GC (Allocation Failure) [PSYoungGen: 55616K->1360K(55808K)] 450200K->395944K(698368K), 0.0018274 secs] [Times: user=0.01 sys=0.00, real=0.00 secs] 
2888.058: [GC (Allocation Failure) [PSYoungGen: 55632K->1376K(55808K)] 450216K->395960K(698368K), 0.0018919 secs] [Times: user=0.01 sys=0.00, real=0.00 secs] 
2888.283: [GC (Allocation Failure) [PSYoungGen: 55648K->1408K(55808K)] 450232K->396000K(698368K), 0.0018320 secs] [Times: user=0.00 sys=0.00, real=0.01 secs] 
2888.801: [GC (Allocation Failure) [PSYoungGen: 55680K->1357K(55808K)] 450272K->395949K(698368K), 0.0016454 secs] [Times: user=0.00 sys=0.00, real=0.00 secs] 
2889.232: [GC (Allocation Failure) [PSYoungGen: 55629K->1440K(55808K)] 450221K->396032K(698368K), 0.0019243 secs] [Times: user=0.01 sys=0.00, real=0.00 secs] 
2889.464: [GC (Allocation Failure) [PSYoungGen: 55712K->1344K(55808K)] 450304K->395936K(698368K), 0.0017400 secs] [Times: user=0.00 sys=0.00, real=0.01 secs] 
2889.694: [GC (Allocation Failure) [PSYoungGen: 55616K->1328K(55808K)] 450208K->395920K(698368K), 0.0018764 secs] [Times: user=0.01 sys=0.00, real=0.01 secs] 
2889.966: [GC (Allocation Failure) [PSYoungGen: 55600K->1376K(55808K)] 450192K->395968K(698368K), 0.0019642 secs] [Times: user=0.01 sys=0.00, real=0.00 secs] 
2890.192: [GC (Allocation Failure) [PSYoungGen: 55648K->1344K(55808K)] 450240K->395936K(698368K), 0.0018575 secs] [Times: user=0.01 sys=0.00, real=0.00 secs] 
2891.075: [GC (Allocation Failure) [PSYoungGen: 55616K->1440K(55808K)] 450208K->396032K(698368K), 0.0024774 secs] [Times: user=0.01 sys=0.00, real=0.00 secs] 
2891.578: [GC (Allocation Failure) [PSYoungGen: 55712K->1376K(55808K)] 450304K->395968K(698368K), 0.0038886 secs] [Times: user=0.02 sys=0.00, real=0.00 secs] 
2892.200: [GC (Allocation Failure) [PSYoungGen: 55648K->1392K(55808K)] 450240K->395984K(698368K), 0.0040917 secs] [Times: user=0.02 sys=0.00, real=0.00 secs] 
2892.752: [GC (Allocation Failure) [PSYoungGen: 55664K->1392K(55808K)] 450256K->395984K(698368K), 0.0031744 secs] [Times: user=0.01 sys=0.00, real=0.00 secs] 
2893.387: [GC (Allocation Failure) [PSYoungGen: 55664K->1376K(55808K)] 450256K->395968K(698368K), 0.0026934 secs] [Times: user=0.01 sys=0.00, real=0.00 secs] 
2894.154: [GC (Allocation Failure) [PSYoungGen: 55648K->1357K(55808K)] 450240K->395957K(698368K), 0.0016057 secs] [Times: user=0.01 sys=0.00, real=0.01 secs] 
2895.380: [GC (Allocation Failure) [PSYoungGen: 55629K->1408K(55808K)] 450229K->396008K(698368K), 0.0029579 secs] [Times: user=0.02 sys=0.01, real=0.00 secs] 
2896.388: [GC (Allocation Failure) [PSYoungGen: 55680K->1376K(55808K)] 450280K->395984K(698368K), 0.0044554 secs] [Times: user=0.02 sys=0.00, real=0.00 secs] 
2897.234: [GC (Allocation Failure) [PSYoungGen: 55648K->1376K(55808K)] 450256K->395984K(698368K), 0.0043968 secs] [Times: user=0.01 sys=0.00, real=0.01 secs] 
2898.072: [GC (Allocation Failure) [PSYoungGen: 55648K->1376K(55808K)] 450256K->395984K(698368K), 0.0043722 secs] [Times: user=0.02 sys=0.00, real=0.01 secs] 
2898.736: [GC (Allocation Failure) [PSYoungGen: 55648K->1376K(55808K)] 450256K->395992K(698368K), 0.0044086 secs] [Times: user=0.02 sys=0.00, real=0.00 secs] 
2899.605: [GC (Allocation Failure) [PSYoungGen: 55648K->1344K(55808K)] 450264K->395960K(698368K), 0.0017961 secs] [Times: user=0.01 sys=0.00, real=0.01 secs] 
2899.863: [GC (Allocation Failure) [PSYoungGen: 55616K->1312K(55808K)] 450232K->395928K(698368K), 0.0017632 secs] [Times: user=0.01 sys=0.00, real=0.00 secs] 
2900.122: [GC (Allocation Failure) [PSYoungGen: 55584K->1344K(55808K)] 450200K->395960K(698368K), 0.0018801 secs] [Times: user=0.01 sys=0.00, real=0.00 secs] 
2900.441: [GC (Allocation Failure) [PSYoungGen: 55616K->1376K(55808K)] 450232K->396000K(698368K), 0.0018183 secs] [Times: user=0.01 sys=0.00, real=0.00 secs] 
2900.818: [GC (Allocation Failure) [PSYoungGen: 55648K->1344K(55808K)] 450272K->395968K(698368K), 0.0019809 secs] [Times: user=0.01 sys=0.00, real=0.00 secs] 
2901.531: [GC (Allocation Failure) [PSYoungGen: 55616K->1389K(55808K)] 450240K->396013K(698368K), 0.0015472 secs] [Times: user=0.00 sys=0.00, real=0.00 secs] 
2902.132: [GC (Allocation Failure) [PSYoungGen: 55661K->1376K(55808K)] 450285K->396000K(698368K), 0.0018597 secs] [Times: user=0.01 sys=0.00, real=0.00 secs] 
2902.414: [GC (Allocation Failure) [PSYoungGen: 55648K->1376K(55808K)] 450272K->396000K(698368K), 0.0020629 secs] [Times: user=0.00 sys=0.00, real=0.01 secs] 
2902.890: [GC (Allocation Failure) [PSYoungGen: 55648K->1376K(55808K)] 450272K->396000K(698368K), 0.0034504 secs] [Times: user=0.02 sys=0.00, real=0.00 secs] 
2903.576: [GC (Allocation Failure) [PSYoungGen: 55648K->1344K(55808K)] 450272K->395968K(698368K), 0.0048914 secs] [Times: user=0.02 sys=0.00, real=0.00 secs] 
2904.231: [GC (Allocation Failure) [PSYoungGen: 55616K->1408K(55808K)] 450240K->396032K(698368K), 0.0041078 secs] [Times: user=0.01 sys=0.00, real=0.01 secs] 
2906.022: [GC (Allocation Failure) [PSYoungGen: 55680K->1376K(55808K)] 450304K->396000K(698368K), 0.0040315 secs] [Times: user=0.02 sys=0.00, real=0.01 secs] 
2906.433: [GC (Allocation Failure) [PSYoungGen: 55648K->1408K(55808K)] 450272K->396032K(698368K), 0.0027229 secs] [Times: user=0.01 sys=0.00, real=0.01 secs] 
2906.972: [GC (Allocation Failure) [PSYoungGen: 55680K->1376K(55808K)] 450304K->396008K(698368K), 0.0026409 secs] [Times: user=0.01 sys=0.00, real=0.00 secs] 
2907.451: [GC (Allocation Failure) [PSYoungGen: 55648K->1376K(55808K)] 450280K->396008K(698368K), 0.0027827 secs] [Times: user=0.01 sys=0.00, real=0.00 secs] 
2907.824: [GC (Allocation Failure) [PSYoungGen: 55648K->1392K(55808K)] 450280K->396024K(698368K), 0.0025375 secs] [Times: user=0.01 sys=0.00, real=0.01 secs] 
2908.515: [GC (Allocation Failure) [PSYoungGen: 55664K->1389K(55808K)] 450296K->396021K(698368K), 0.0015614 secs] [Times: user=0.01 sys=0.00, real=0.00 secs] 
2909.174: [GC (Allocation Failure) [PSYoungGen: 55661K->1376K(55808K)] 450293K->396008K(698368K), 0.0017726 secs] [Times: user=0.01 sys=0.00, real=0.01 secs] 
2909.793: [GC (Allocation Failure) [PSYoungGen: 55648K->1408K(55808K)] 450280K->396040K(698368K), 0.0025569 secs] [Times: user=0.01 sys=0.00, real=0.01 secs] 
2910.423: [GC (Allocation Failure) [PSYoungGen: 55680K->1376K(55808K)] 450312K->396008K(698368K), 0.0028069 secs] [Times: user=0.01 sys=0.00, real=0.01 secs] 
2910.888: [GC (Allocation Failure) [PSYoungGen: 55648K->1408K(55808K)] 450280K->396040K(698368K), 0.0032689 secs] [Times: user=0.01 sys=0.00, real=0.00 secs] 
2911.283: [GC (Allocation Failure) [PSYoungGen: 55680K->1376K(55808K)] 450312K->396008K(698368K), 0.0022149 secs] [Times: user=0.01 sys=0.00, real=0.01 secs] 
2912.531: [GC (Allocation Failure) [PSYoungGen: 55648K->1440K(55808K)] 450280K->396072K(698368K), 0.0030487 secs] [Times: user=0.01 sys=0.00, real=0.00 secs] 
2913.045: [GC (Allocation Failure) [PSYoungGen: 55712K->1408K(55808K)] 450344K->396040K(698368K), 0.0035767 secs] [Times: user=0.02 sys=0.00, real=0.00 secs] 
2913.721: [GC (Allocation Failure) [PSYoungGen: 55680K->1376K(55808K)] 450312K->396008K(698368K), 0.0032517 secs] [Times: user=0.01 sys=0.00, real=0.00 secs] 
2914.290: [GC (Allocation Failure) [PSYoungGen: 55648K->1408K(55808K)] 450280K->396040K(698368K), 0.0033531 secs] [Times: user=0.01 sys=0.00, real=0.00 secs] 
2915.039: [GC (Allocation Failure) [PSYoungGen: 55680K->1392K(55808K)] 450312K->396024K(698368K), 0.0031940 secs] [Times: user=0.02 sys=0.00, real=0.00 secs] 
2916.026: [GC (Allocation Failure) [PSYoungGen: 55664K->1325K(55808K)] 450296K->395957K(698368K), 0.0014803 secs] [Times: user=0.01 sys=0.00, real=0.00 secs] 
2916.449: [GC (Allocation Failure) [PSYoungGen: 55597K->1408K(55808K)] 450229K->396040K(698368K), 0.0017161 secs] [Times: user=0.01 sys=0.00, real=0.00 secs] 
2916.924: [GC (Allocation Failure) [PSYoungGen: 55680K->1360K(55808K)] 450312K->395992K(698368K), 0.0040400 secs] [Times: user=0.01 sys=0.00, real=0.01 secs] 
2917.387: [GC (Allocation Failure) [PSYoungGen: 55632K->1392K(55808K)] 450264K->396024K(698368K), 0.0032424 secs] [Times: user=0.01 sys=0.00, real=0.00 secs] 
2917.821: [GC (Allocation Failure) [PSYoungGen: 55664K->1408K(55808K)] 450296K->396056K(698368K), 0.0032496 secs] [Times: user=0.02 sys=0.01, real=0.00 secs] 
2918.256: [GC (Allocation Failure) [PSYoungGen: 55680K->1408K(55808K)] 450328K->396056K(698368K), 0.0026609 secs] [Times: user=0.01 sys=0.00, real=0.00 secs] 
2919.665: [GC (Allocation Failure) [PSYoungGen: 55680K->1440K(55808K)] 450328K->396088K(698368K), 0.0027614 secs] [Times: user=0.01 sys=0.00, real=0.01 secs] 
2920.057: [GC (Allocation Failure) [PSYoungGen: 55712K->1376K(55808K)] 450360K->396024K(698368K), 0.0024123 secs] [Times: user=0.01 sys=0.00, real=0.00 secs] 
2920.606: [GC (Allocation Failure) [PSYoungGen: 55648K->1376K(55808K)] 450296K->396024K(698368K), 0.0033050 secs] [Times: user=0.01 sys=0.00, real=0.00 secs] 
2921.332: [GC (Allocation Failure) [PSYoungGen: 55648K->1408K(55808K)] 450296K->396056K(698368K), 0.0034160 secs] [Times: user=0.01 sys=0.00, real=0.01 secs] 
2921.948: [GC (Allocation Failure) [PSYoungGen: 55680K->1344K(55808K)] 450328K->395992K(698368K), 0.0033452 secs] [Times: user=0.01 sys=0.00, real=0.00 secs] 
2922.941: [GC (Allocation Failure) [PSYoungGen: 55616K->1357K(55808K)] 450264K->396005K(698368K), 0.0015593 secs] [Times: user=0.01 sys=0.00, real=0.00 secs] 
2923.266: [GC (Allocation Failure) [PSYoungGen: 55629K->1392K(55808K)] 450277K->396040K(698368K), 0.0017443 secs] [Times: user=0.01 sys=0.00, real=0.00 secs] 
2923.500: [GC (Allocation Failure) [PSYoungGen: 55664K->1376K(55808K)] 450312K->396024K(698368K), 0.0016875 secs] [Times: user=0.00 sys=0.00, real=0.00 secs] 
2923.745: [GC (Allocation Failure) [PSYoungGen: 55648K->1344K(55808K)] 450296K->395992K(698368K), 0.0017841 secs] [Times: user=0.01 sys=0.00, real=0.00 secs] 
2924.155: [GC (Allocation Failure) [PSYoungGen: 55616K->1328K(55808K)] 450264K->395976K(698368K), 0.0019707 secs] [Times: user=0.01 sys=0.00, real=0.01 secs] 
2924.553: [GC (Allocation Failure) [PSYoungGen: 55600K->1376K(55808K)] 450248K->396024K(698368K), 0.0018198 secs] [Times: user=0.01 sys=0.00, real=0.01 secs] 
2925.490: [GC (Allocation Failure) [PSYoungGen: 55648K->1360K(55808K)] 450296K->396008K(698368K), 0.0019509 secs] [Times: user=0.01 sys=0.00, real=0.00 secs] 
2925.778: [GC (Allocation Failure) [PSYoungGen: 55632K->1376K(55808K)] 450280K->396024K(698368K), 0.0067782 secs] [Times: user=0.03 sys=0.00, real=0.00 secs] 
2926.026: [GC (Allocation Failure) [PSYoungGen: 55648K->1344K(55808K)] 450296K->395992K(698368K), 0.0022715 secs] [Times: user=0.01 sys=0.00, real=0.00 secs] 
2926.354: [GC (Allocation Failure) [PSYoungGen: 55616K->1360K(55808K)] 450264K->396016K(698368K), 0.0021700 secs] [Times: user=0.01 sys=0.00, real=0.01 secs] 
2927.008: [GC (Allocation Failure) [PSYoungGen: 55632K->1504K(55296K)] 450288K->396581K(697856K), 0.0026867 secs] [Times: user=0.01 sys=0.00, real=0.00 secs] 
2929.149: [GC (Allocation Failure) [PSYoungGen: 55264K->2016K(55808K)] 450341K->402000K(698368K), 0.0153585 secs] [Times: user=0.07 sys=0.01, real=0.01 secs] 
2931.387: [GC (Allocation Failure) [PSYoungGen: 55776K->4064K(53248K)] 455760K->415013K(695808K), 0.0247339 secs] [Times: user=0.12 sys=0.02, real=0.02 secs] 
2935.782: [GC (Allocation Failure) [PSYoungGen: 53216K->8672K(57856K)] 464165K->436685K(700416K), 0.0345201 secs] [Times: user=0.18 sys=0.02, real=0.04 secs] 
2936.712: [GC (Allocation Failure) [PSYoungGen: 57824K->16352K(56832K)] 485837K->460197K(699392K), 0.0271268 secs] [Times: user=0.13 sys=0.02, real=0.03 secs] 
2936.840: [GC (Allocation Failure) [PSYoungGen: 56800K->25056K(65536K)] 500645K->475069K(708096K), 0.0147085 secs] [Times: user=0.08 sys=0.01, real=0.01 secs] 
2936.908: [GC (Allocation Failure) [PSYoungGen: 65436K->32224K(69120K)] 515449K->494821K(711680K), 0.0204739 secs] [Times: user=0.11 sys=0.01, real=0.02 secs] 
2939.338: [GC (Allocation Failure) [PSYoungGen: 69088K->42464K(79360K)] 531685K->510901K(721920K), 0.0384721 secs] [Times: user=0.18 sys=0.04, real=0.04 secs] 
2942.092: [GC (Allocation Failure) [PSYoungGen: 79328K->52192K(83968K)] 547765K->527964K(726528K), 0.0416563 secs] [Times: user=0.21 sys=0.03, real=0.04 secs] 
2942.376: [GC (Allocation Failure) [PSYoungGen: 83936K->64480K(96256K)] 559708K->542744K(738816K), 0.0401797 secs] [Times: user=0.23 sys=0.01, real=0.04 secs] 
2942.495: [GC (Allocation Failure) [PSYoungGen: 96224K->77280K(100352K)] 574488K->558336K(742912K), 0.0495031 secs] [Times: user=0.17 sys=0.11, real=0.05 secs] 
2942.578: [GC (Allocation Failure) [PSYoungGen: 100320K->59744K(115200K)] 581376K->569752K(757760K), 0.0573947 secs] [Times: user=0.29 sys=0.05, real=0.06 secs] 
2942.662: [GC (Allocation Failure) [PSYoungGen: 82784K->38208K(114688K)] 592792K->581192K(757248K), 0.1016736 secs] [Times: user=0.58 sys=0.02, real=0.10 secs] 
2942.775: [GC (Allocation Failure) [PSYoungGen: 65856K->81472K(119296K)] 608840K->651208K(761856K), 0.0289440 secs] [Times: user=0.11 sys=0.05, real=0.03 secs] 
2943.668: [GC (Allocation Failure) [PSYoungGen: 109120K->13344K(132608K)] 678856K->615368K(775168K), 0.0283337 secs] [Times: user=0.11 sys=0.05, real=0.03 secs] 
2945.953: [GC (Allocation Failure) [PSYoungGen: 46624K->14784K(134656K)] 648648K->630136K(777216K), 0.1120889 secs] [Times: user=0.63 sys=0.04, real=0.12 secs] 
2946.065: [Full GC (Ergonomics) [PSYoungGen: 14784K->0K(134656K)] [ParOldGen: 615352K->234511K(666624K)] 630136K->234511K(801280K), [Metaspace: 59852K->59755K(1105920K)], 0.6275020 secs] [Times: user=2.90 sys=0.04, real=0.62 secs] 
2953.267: [GC (Allocation Failure) [PSYoungGen: 33280K->13024K(132608K)] 267791K->247535K(799232K), 0.0444503 secs] [Times: user=0.26 sys=0.00, real=0.04 secs] 
2954.426: [GC (Allocation Failure) [PSYoungGen: 52960K->7704K(135680K)] 287471K->255111K(802304K), 0.0289916 secs] [Times: user=0.17 sys=0.01, real=0.03 secs] 
2954.539: [GC (Allocation Failure) [PSYoungGen: 47640K->96K(139776K)] 295047K->254551K(806400K), 0.0089261 secs] [Times: user=0.05 sys=0.00, real=0.01 secs] 
2954.670: [GC (Allocation Failure) [PSYoungGen: 48224K->3776K(140800K)] 302679K->258279K(807424K), 0.0037128 secs] [Times: user=0.02 sys=0.00, real=0.00 secs] 
2954.737: [GC (Allocation Failure) [PSYoungGen: 51904K->18368K(136192K)] 306407K->276388K(802816K), 0.0079273 secs] [Times: user=0.05 sys=0.00, real=0.00 secs] 
2954.825: [GC (Allocation Failure) [PSYoungGen: 75712K->26144K(141824K)] 333732K->301436K(808448K), 0.0167248 secs] [Times: user=0.10 sys=0.00, real=0.01 secs] 
2954.898: [GC (Allocation Failure) [PSYoungGen: 83488K->28448K(139776K)] 358780K->327372K(806400K), 0.0141690 secs] [Times: user=0.07 sys=0.01, real=0.01 secs] 
2955.158: [GC (Allocation Failure) [PSYoungGen: 97056K->35552K(143872K)] 395980K->358380K(810496K), 0.0224818 secs] [Times: user=0.13 sys=0.00, real=0.02 secs] 
2955.337: [GC (Allocation Failure) [PSYoungGen: 104160K->33440K(152064K)] 426988K->391756K(818688K), 0.0268776 secs] [Times: user=0.16 sys=0.00, real=0.02 secs] 
2958.413: [GC (Allocation Failure) [PSYoungGen: 115360K->39392K(154112K)] 473676K->431220K(820736K), 0.2337592 secs] [Times: user=1.38 sys=0.00, real=0.24 secs] 
2959.826: [GC (Allocation Failure) [PSYoungGen: 121312K->61312K(162816K)] 513140K->492388K(829440K), 0.0867102 secs] [Times: user=0.42 sys=0.07, real=0.08 secs] 
2960.882: [GC (Allocation Failure) [PSYoungGen: 151424K->26912K(170496K)] 582500K->502852K(837120K), 0.0313908 secs] [Times: user=0.18 sys=0.00, real=0.03 secs] 
2961.123: [GC (Allocation Failure) [PSYoungGen: 117024K->8992K(181760K)] 592964K->511828K(848384K), 0.0376639 secs] [Times: user=0.22 sys=0.00, real=0.04 secs] 
2961.651: [GC (Allocation Failure) [PSYoungGen: 116512K->44224K(182784K)] 619348K->555210K(849408K), 0.0211983 secs] [Times: user=0.12 sys=0.00, real=0.02 secs] 
2961.794: [GC (Allocation Failure) [PSYoungGen: 151744K->55328K(199680K)] 662730K->605994K(866304K), 0.0258635 secs] [Times: user=0.14 sys=0.01, real=0.03 secs] 
2962.807: [GC (Allocation Failure) [PSYoungGen: 178208K->60352K(204288K)] 728874K->666186K(870912K), 0.1027389 secs] [Times: user=0.61 sys=0.00, real=0.10 secs] 
2962.910: [Full GC (Ergonomics) [PSYoungGen: 60352K->0K(204288K)] [ParOldGen: 605834K->178059K(657920K)] 666186K->178059K(862208K), [Metaspace: 59979K->59979K(1105920K)], 0.4715113 secs] [Times: user=2.26 sys=0.00, real=0.47 secs] 
2963.484: [GC (Allocation Failure) [PSYoungGen: 122880K->66496K(225792K)] 300939K->244555K(883712K), 0.0238679 secs] [Times: user=0.10 sys=0.04, real=0.03 secs] 
2964.435: [GC (Allocation Failure) [PSYoungGen: 205760K->22432K(232448K)] 383819K->267003K(890368K), 0.0369849 secs] [Times: user=0.22 sys=0.00, real=0.03 secs] 
2964.781: [GC (GCLocker Initiated GC) [PSYoungGen: 161696K->56192K(252928K)] 406267K->322630K(910848K), 0.0322655 secs] [Times: user=0.17 sys=0.01, real=0.03 secs] 
2965.428: [GC (Allocation Failure) [PSYoungGen: 218496K->82336K(254464K)] 484937K->400009K(912384K), 0.0611576 secs] [Times: user=0.36 sys=0.00, real=0.06 secs] 
2965.802: [GC (Allocation Failure) [PSYoungGen: 244640K->84992K(284160K)] 562313K->476777K(942080K), 0.0474784 secs] [Times: user=0.23 sys=0.04, real=0.05 secs] 
2967.143: [GC (Allocation Failure) [PSYoungGen: 266240K->33824K(293888K)] 658025K->509993K(951808K), 0.0626342 secs] [Times: user=0.38 sys=0.00, real=0.07 secs] 
2970.215: [GC (Allocation Failure) [PSYoungGen: 215072K->80448K(315392K)] 691241K->588766K(973312K), 0.0409311 secs] [Times: user=0.19 sys=0.05, real=0.04 secs] 
2970.425: [GC (Allocation Failure) [PSYoungGen: 282018K->102048K(321536K)] 790337K->685614K(979456K), 0.0439685 secs] [Times: user=0.26 sys=0.01, real=0.04 secs] 
2970.469: [Full GC (Ergonomics) [PSYoungGen: 102048K->0K(321536K)] [ParOldGen: 583566K->198309K(750080K)] 685614K->198309K(1071616K), [Metaspace: 59981K->59981K(1105920K)], 0.4672602 secs] [Times: user=2.18 sys=0.00, real=0.47 secs] 
2971.911: [GC (Allocation Failure) [PSYoungGen: 206848K->66464K(356352K)] 405157K->264773K(1106432K), 0.0443232 secs] [Times: user=0.19 sys=0.05, real=0.05 secs] 
2972.320: [GC (Allocation Failure) [PSYoungGen: 305568K->98400K(364032K)] 503877K->362354K(1114112K), 0.0505958 secs] [Times: user=0.30 sys=0.00, real=0.05 secs] 
2973.753: [GC (Allocation Failure) [PSYoungGen: 337504K->118880K(396800K)] 601458K->472298K(1146880K), 0.0755545 secs] [Times: user=0.34 sys=0.11, real=0.08 secs] 
2980.767: [GC (Allocation Failure) [PSYoungGen: 382048K->63552K(411136K)] 735466K->535946K(1161216K), 0.1398256 secs] [Times: user=0.83 sys=0.00, real=0.14 secs] 
2982.064: [GC (Allocation Failure) [PSYoungGen: 326720K->123680K(428032K)] 799114K->656291K(1178112K), 0.0429334 secs] [Times: user=0.23 sys=0.02, real=0.05 secs] 
2983.209: [GC (Allocation Failure) [PSYoungGen: 411424K->98656K(441856K)] 944035K->746819K(1191936K), 0.0676572 secs] [Times: user=0.37 sys=0.03, real=0.07 secs] 
2983.277: [Full GC (Ergonomics) [PSYoungGen: 98656K->0K(441856K)] [ParOldGen: 648163K->23267K(651776K)] 746819K->23267K(1093632K), [Metaspace: 60001K->60001K(1105920K)], 0.0310863 secs] [Times: user=0.11 sys=0.00, real=0.03 secs] 
2984.433: [GC (Allocation Failure) [PSYoungGen: 287744K->130336K(472064K)] 311011K->153603K(1123840K), 0.0275342 secs] [Times: user=0.15 sys=0.01, real=0.03 secs] 
2987.272: [GC (Allocation Failure) [PSYoungGen: 446240K->115904K(484864K)] 469507K->260323K(1136640K), 0.0628627 secs] [Times: user=0.37 sys=0.00, real=0.06 secs] 
2989.174: [GC (Allocation Failure) [PSYoungGen: 431808K->134752K(505344K)] 576227K->393988K(1157120K), 0.0649952 secs] [Times: user=0.28 sys=0.07, real=0.07 secs] 
2991.273: [GC (GCLocker Initiated GC) [PSYoungGen: 467040K->117600K(450048K)] 726276K->502304K(1101824K), 0.0792460 secs] [Times: user=0.48 sys=0.00, real=0.08 secs] 
2992.005: [GC (Allocation Failure) [PSYoungGen: 449888K->152000K(487936K)] 834627K->652416K(1139712K), 0.0565876 secs] [Times: user=0.32 sys=0.01, real=0.05 secs] 
2992.062: [Full GC (Ergonomics) [PSYoungGen: 152000K->0K(487936K)] [ParOldGen: 500416K->172971K(890880K)] 652416K->172971K(1378816K), [Metaspace: 60006K->60006K(1105920K)], 0.3681308 secs] [Times: user=1.68 sys=0.01, real=0.37 secs] 
2994.323: [GC (Allocation Failure) [PSYoungGen: 303616K->103936K(501248K)] 476587K->276907K(1392128K), 0.1022944 secs] [Times: user=0.60 sys=0.01, real=0.11 secs] 
2996.310: [GC (Allocation Failure) [PSYoungGen: 407552K->139936K(496640K)] 580523K->415072K(1387520K), 0.0517081 secs] [Times: user=0.31 sys=0.00, real=0.05 secs] 
2997.490: [GC (Allocation Failure) [PSYoungGen: 446624K->104192K(411136K)] 721760K->510632K(1302016K), 0.0629726 secs] [Times: user=0.38 sys=0.00, real=0.06 secs] 
2998.268: [GC (Allocation Failure) [PSYoungGen: 410880K->142080K(494080K)] 817320K->651664K(1384960K), 0.0516485 secs] [Times: user=0.31 sys=0.00, real=0.05 secs] 
3001.415: [GC (Allocation Failure) [PSYoungGen: 448768K->104576K(500224K)] 958352K->747625K(1391104K), 0.0978881 secs] [Times: user=0.57 sys=0.01, real=0.10 secs] 
3005.146: [GC (Allocation Failure) [PSYoungGen: 411264K->136640K(499712K)] 1054313K->882245K(1390592K), 0.0590739 secs] [Times: user=0.30 sys=0.05, real=0.06 secs] 
3005.205: [Full GC (Ergonomics) [PSYoungGen: 136640K->0K(499712K)] [ParOldGen: 745605K->156237K(936960K)] 882245K->156237K(1436672K), [Metaspace: 60014K->60014K(1105920K)], 0.3546273 secs] [Times: user=1.65 sys=0.00, real=0.35 secs] 
3006.658: [GC (Allocation Failure) [PSYoungGen: 314368K->111872K(503296K)] 470605K->268109K(1440256K), 0.0399879 secs] [Times: user=0.23 sys=0.00, real=0.04 secs] 
3008.186: [GC (Allocation Failure) [PSYoungGen: 426240K->140480K(502272K)] 582477K->408420K(1439232K), 0.0906314 secs] [Times: user=0.54 sys=0.00, real=0.09 secs] 
3009.890: [GC (Allocation Failure) [PSYoungGen: 460992K->112032K(506368K)] 728932K->511812K(1443328K), 0.1005702 secs] [Times: user=0.60 sys=0.00, real=0.10 secs] 
3011.977: [GC (Allocation Failure) [PSYoungGen: 432544K->146624K(503808K)] 832324K->656601K(1440768K), 0.0535729 secs] [Times: user=0.32 sys=0.00, real=0.05 secs] 
3013.455: [GC (Allocation Failure) [PSYoungGen: 471744K->112480K(509952K)] 981721K->759489K(1446912K), 0.1001722 secs] [Times: user=0.60 sys=0.00, real=0.10 secs] 
3014.042: [GC (Allocation Failure) [PSYoungGen: 437600K->153216K(504832K)] 1084609K->910591K(1441792K), 0.0558560 secs] [Times: user=0.32 sys=0.01, real=0.06 secs] 
3014.098: [Full GC (Ergonomics) [PSYoungGen: 153216K->0K(504832K)] [ParOldGen: 757375K->183867K(1018880K)] 910591K->183867K(1523712K), [Metaspace: 60030K->60030K(1105920K)], 0.4228609 secs] [Times: user=1.95 sys=0.00, real=0.42 secs] 
3019.351: [GC (Allocation Failure) [PSYoungGen: 326144K->105984K(512512K)] 510011K->289859K(1531392K), 0.1049691 secs] [Times: user=0.62 sys=0.01, real=0.11 secs] 
3020.674: [GC (Allocation Failure) [PSYoungGen: 432128K->155872K(501760K)] 616003K->441956K(1520640K), 0.0529661 secs] [Times: user=0.32 sys=0.00, real=0.06 secs] 
3023.156: [GC (Allocation Failure) [PSYoungGen: 475872K->102752K(509440K)] 761956K->536124K(1528320K), 0.1709601 secs] [Times: user=1.02 sys=0.01, real=0.17 secs] 
3024.015: [GC (Allocation Failure) [PSYoungGen: 418806K->152096K(501760K)] 852178K->685145K(1520640K), 0.0757790 secs] [Times: user=0.45 sys=0.00, real=0.08 secs] 
3027.497: [GC (Allocation Failure) [PSYoungGen: 468000K->99584K(507392K)] 1001049K->776665K(1526272K), 0.1451781 secs] [Times: user=0.86 sys=0.00, real=0.14 secs] 
3027.980: [GC (Allocation Failure) [PSYoungGen: 412415K->151840K(501248K)] 1089497K->924894K(1520128K), 0.0522686 secs] [Times: user=0.28 sys=0.03, real=0.05 secs] 
3029.453: [GC (Allocation Failure) [PSYoungGen: 464672K->103936K(505856K)] 1237726K->1020282K(1524736K), 0.1274596 secs] [Times: user=0.62 sys=0.14, real=0.13 secs] 
3029.581: [Full GC (Ergonomics) [PSYoungGen: 103936K->0K(505856K)] [ParOldGen: 916346K->56703K(926720K)] 1020282K->56703K(1432576K), [Metaspace: 60047K->60047K(1105920K)], 0.1341476 secs] [Times: user=0.56 sys=0.00, real=0.13 secs] 
3030.642: [GC (Allocation Failure) [PSYoungGen: 305937K->145920K(504832K)] 362641K->202624K(1431552K), 0.0891672 secs] [Times: user=0.53 sys=0.00, real=0.09 secs] 
3034.546: [GC (Allocation Failure) [PSYoungGen: 460800K->95104K(506880K)] 517504K->289608K(1433600K), 0.1552824 secs] [Times: user=0.91 sys=0.01, real=0.15 secs] 
3035.909: [GC (Allocation Failure) [PSYoungGen: 409984K->151872K(499712K)] 604488K->437353K(1426432K), 0.0476182 secs] [Times: user=0.28 sys=0.00, real=0.05 secs] 
3037.162: [GC (Allocation Failure) [PSYoungGen: 461632K->103200K(504320K)] 747113K->531961K(1431040K), 0.0841083 secs] [Times: user=0.50 sys=0.00, real=0.09 secs] 
3038.086: [GC (Allocation Failure) [PSYoungGen: 412960K->156320K(495616K)] 841721K->684866K(1422336K), 0.0510419 secs] [Times: user=0.30 sys=0.00, real=0.05 secs] 
3041.390: [GC (Allocation Failure) [PSYoungGen: 460960K->99552K(501760K)] 989506K->767250K(1428480K), 0.1382688 secs] [Times: user=0.82 sys=0.00, real=0.14 secs] 
3042.308: [GC (Allocation Failure) [PSYoungGen: 404192K->145472K(501760K)] 1071890K->908919K(1428480K), 0.0490766 secs] [Times: user=0.29 sys=0.00, real=0.05 secs] 
3042.358: [Full GC (Ergonomics) [PSYoungGen: 145472K->0K(501760K)] [ParOldGen: 763447K->188929K(1097216K)] 908919K->188929K(1598976K), [Metaspace: 60066K->60066K(1105920K)], 0.4417621 secs] [Times: user=2.06 sys=0.00, real=0.44 secs] 
3044.616: [GC (Allocation Failure) [PSYoungGen: 307712K->103936K(412160K)] 496641K->292865K(1509376K), 0.0493155 secs] [Times: user=0.28 sys=0.00, real=0.05 secs] 
3045.764: [GC (Allocation Failure) [PSYoungGen: 411648K->144768K(500224K)] 600577K->432515K(1597440K), 0.0510445 secs] [Times: user=0.31 sys=0.00, real=0.06 secs] 
3048.212: [GC (Allocation Failure) [PSYoungGen: 452992K->103424K(501248K)] 740739K->526815K(1598464K), 0.1105174 secs] [Times: user=0.66 sys=0.00, real=0.11 secs] 
3049.450: [GC (Allocation Failure) [PSYoungGen: 411648K->144928K(502272K)] 835039K->668916K(1599488K), 0.0515422 secs] [Times: user=0.31 sys=0.00, real=0.05 secs] 
3050.845: [GC (Allocation Failure) [PSYoungGen: 457248K->104000K(503808K)] 981236K->763376K(1601024K), 0.0988403 secs] [Times: user=0.59 sys=0.00, real=0.09 secs] 
3051.925: [GC (Allocation Failure) [PSYoungGen: 416320K->145984K(503808K)] 1075696K->908006K(1601024K), 0.1138017 secs] [Times: user=0.67 sys=0.00, real=0.11 secs] 
3054.126: [GC (Allocation Failure) [PSYoungGen: 461376K->104416K(505856K)] 1223398K->1004166K(1603072K), 0.1733855 secs] [Times: user=1.04 sys=0.00, real=0.17 secs] 
3055.519: [GC (Allocation Failure) [PSYoungGen: 419808K->148256K(504320K)] 1319558K->1149659K(1601536K), 0.0670265 secs] [Times: user=0.28 sys=0.12, real=0.07 secs] 
3055.587: [Full GC (Ergonomics) [PSYoungGen: 148256K->0K(504320K)] [ParOldGen: 1001403K->185385K(1125888K)] 1149659K->185385K(1630208K), [Metaspace: 60072K->60072K(1105920K)], 0.4313113 secs] [Times: user=1.99 sys=0.01, real=0.43 secs] 
3057.549: [GC (Allocation Failure) [PSYoungGen: 316928K->105568K(507392K)] 502313K->290953K(1633280K), 0.0874593 secs] [Times: user=0.51 sys=0.00, real=0.09 secs] 
3058.067: [GC (GCLocker Initiated GC) [PSYoungGen: 422496K->150720K(504320K)] 607881K->438186K(1630208K), 0.0523360 secs] [Times: user=0.31 sys=0.00, real=0.05 secs] 
3060.728: [GC (Allocation Failure) [PSYoungGen: 467648K->101152K(507904K)] 755116K->530900K(1633792K), 0.1616211 secs] [Times: user=0.96 sys=0.00, real=0.16 secs] 
3061.553: [GC (Allocation Failure) [PSYoungGen: 418080K->152672K(501760K)] 847828K->679917K(1627648K), 0.0512837 secs] [Times: user=0.30 sys=0.00, real=0.05 secs] 
3063.528: [GC (Allocation Failure) [PSYoungGen: 465504K->101664K(505856K)] 992749K->773377K(1631744K), 0.1613005 secs] [Times: user=0.97 sys=0.00, real=0.16 secs] 
3064.042: [GC (Allocation Failure) [PSYoungGen: 414496K->153120K(500736K)] 1086209K->923254K(1626624K), 0.0509391 secs] [Times: user=0.30 sys=0.00, real=0.05 secs] 
3067.505: [GC (Allocation Failure) [PSYoungGen: 462880K->96672K(504320K)] 1233014K->1011806K(1630208K), 0.1745878 secs] [Times: user=1.05 sys=0.00, real=0.17 secs] 
3069.242: [GC (Allocation Failure) [PSYoungGen: 406432K->151520K(498688K)] 1321566K->1159461K(1624576K), 0.0511172 secs] [Times: user=0.30 sys=0.01, real=0.05 secs] 
3069.293: [Full GC (Ergonomics) [PSYoungGen: 151520K->0K(498688K)] [ParOldGen: 1007941K->195871K(1189376K)] 1159461K->195871K(1688064K), [Metaspace: 60081K->60081K(1105920K)], 0.4508621 secs] [Times: user=2.09 sys=0.00, real=0.45 secs] 
3071.070: [GC (Allocation Failure) [PSYoungGen: 305664K->98528K(502272K)] 501535K->294399K(1691648K), 0.0440300 secs] [Times: user=0.26 sys=0.00, real=0.04 secs] 
3071.540: [GC (Allocation Failure) [PSYoungGen: 404192K->148224K(501248K)] 600063K->438772K(1690624K), 0.0489060 secs] [Times: user=0.29 sys=0.00, real=0.05 secs] 
3073.218: [GC (Allocation Failure) [PSYoungGen: 454912K->99328K(406528K)] 745460K->529152K(1595904K), 0.1538282 secs] [Times: user=0.92 sys=0.00, real=0.15 secs] 
3074.456: [GC (GCLocker Initiated GC) [PSYoungGen: 406016K->144800K(501760K)] 835840K->672286K(1691136K), 0.1141888 secs] [Times: user=0.68 sys=0.00, real=0.11 secs] 
3076.504: [GC (Allocation Failure) [PSYoungGen: 452512K->100928K(502272K)] 980000K->765040K(1691648K), 0.1038430 secs] [Times: user=0.62 sys=0.00, real=0.11 secs] 
3078.067: [GC (Allocation Failure) [PSYoungGen: 408640K->144448K(501248K)] 1072752K->906597K(1690624K), 0.0509048 secs] [Times: user=0.30 sys=0.00, real=0.05 secs] 
3079.848: [GC (Allocation Failure) [PSYoungGen: 453696K->99648K(502272K)] 1215845K->997389K(1691648K), 0.1404177 secs] [Times: user=0.83 sys=0.01, real=0.14 secs] 
3081.565: [GC (Allocation Failure) [PSYoungGen: 408896K->146848K(502784K)] 1306637K->1141439K(1692160K), 0.0794468 secs] [Times: user=0.48 sys=0.00, real=0.08 secs] 
3084.668: [GC (Allocation Failure) [PSYoungGen: 458656K->102016K(504832K)] 1453247K->1235351K(1694208K), 0.1219993 secs] [Times: user=0.61 sys=0.12, real=0.12 secs] 
3084.790: [Full GC (Ergonomics) [PSYoungGen: 102016K->0K(504832K)] [ParOldGen: 1133335K->32649K(1072128K)] 1235351K->32649K(1576960K), [Metaspace: 60091K->60091K(1105920K)], 0.0678757 secs] [Times: user=0.23 sys=0.00, real=0.07 secs] 
3085.920: [GC (Allocation Failure) [PSYoungGen: 311808K->144032K(503808K)] 344457K->176681K(1575936K), 0.0287728 secs] [Times: user=0.17 sys=0.00, real=0.03 secs] 
3087.571: [GC (Allocation Failure) [PSYoungGen: 457888K->106880K(504832K)] 490537K->273801K(1576960K), 0.0683035 secs] [Times: user=0.40 sys=0.00, real=0.07 secs] 
3088.441: [GC (Allocation Failure) [PSYoungGen: 420736K->148896K(502784K)] 587657K->421386K(1574912K), 0.0750492 secs] [Times: user=0.45 sys=0.00, real=0.08 secs] 
3091.574: [GC (Allocation Failure) [PSYoungGen: 463776K->101376K(505856K)] 736266K->514571K(1577984K), 0.1457864 secs] [Times: user=0.87 sys=0.00, real=0.15 secs] 
3092.012: [GC (Allocation Failure) [PSYoungGen: 416256K->150432K(503296K)] 829451K->662167K(1575424K), 0.0510430 secs] [Times: user=0.30 sys=0.00, real=0.05 secs] 
3093.297: [GC (Allocation Failure) [PSYoungGen: 465312K->104832K(506880K)] 977047K->758111K(1579008K), 0.0808479 secs] [Times: user=0.48 sys=0.00, real=0.08 secs] 
3094.774: [GC (Allocation Failure) [PSYoungGen: 419712K->149440K(503808K)] 1072991K->904685K(1575936K), 0.1024639 secs] [Times: user=0.61 sys=0.00, real=0.11 secs] 
3098.654: [GC (Allocation Failure) [PSYoungGen: 464320K->101760K(506880K)] 1219565K->998317K(1579008K), 0.1699877 secs] [Times: user=1.01 sys=0.01, real=0.17 secs] 
3098.824: [Full GC (Ergonomics) [PSYoungGen: 101760K->0K(506880K)] [ParOldGen: 896557K->39940K(1125376K)] 998317K->39940K(1632256K), [Metaspace: 60101K->60101K(1105920K)], 0.1081468 secs] [Times: user=0.43 sys=0.00, real=0.11 secs] 
3101.162: [GC (Allocation Failure) [PSYoungGen: 314880K->146464K(505344K)] 354820K->186404K(1630720K), 0.0288109 secs] [Times: user=0.17 sys=0.00, real=0.03 secs] 
3102.399: [GC (Allocation Failure) [PSYoungGen: 462368K->104736K(420864K)] 502308K->283060K(1546240K), 0.0736260 secs] [Times: user=0.44 sys=0.00, real=0.07 secs] 
3104.221: [GC (Allocation Failure) [PSYoungGen: 420640K->148128K(503808K)] 598964K->428658K(1629184K), 0.0923201 secs] [Times: user=0.54 sys=0.01, real=0.09 secs] 
3107.264: [GC (Allocation Failure) [PSYoungGen: 463520K->102432K(506368K)] 744050K->522466K(1631744K), 0.1511638 secs] [Times: user=0.90 sys=0.00, real=0.16 secs] 
3108.273: [GC (Allocation Failure) [PSYoungGen: 417824K->150016K(503808K)] 837858K->669571K(1629184K), 0.0514467 secs] [Times: user=0.30 sys=0.00, real=0.05 secs] 
3109.965: [GC (Allocation Failure) [PSYoungGen: 464896K->102496K(506880K)] 984451K->763395K(1632256K), 0.0963278 secs] [Times: user=0.57 sys=0.01, real=0.10 secs] 
3111.300: [GC (Allocation Failure) [PSYoungGen: 417376K->151072K(502272K)] 1078275K->911849K(1627648K), 0.1028934 secs] [Times: user=0.61 sys=0.00, real=0.10 secs] 
3114.132: [GC (Allocation Failure) [PSYoungGen: 463904K->101376K(505856K)] 1224681K->1004737K(1631232K), 0.1582021 secs] [Times: user=0.95 sys=0.01, real=0.16 secs] 
3114.970: [GC (Allocation Failure) [PSYoungGen: 414208K->149856K(502272K)] 1317569K->1150814K(1627648K), 0.0511296 secs] [Times: user=0.30 sys=0.00, real=0.05 secs] 
3115.021: [Full GC (Ergonomics) [PSYoungGen: 149856K->0K(502272K)] [ParOldGen: 1000958K->191920K(1320960K)] 1150814K->191920K(1823232K), [Metaspace: 60143K->60143K(1105920K)], 0.4389814 secs] [Times: user=2.03 sys=0.00, real=0.44 secs] 
3116.772: [GC (Allocation Failure) [PSYoungGen: 311808K->103040K(505344K)] 503728K->294960K(1826304K), 0.0498560 secs] [Times: user=0.29 sys=0.00, real=0.05 secs] 
3117.523: [GC (Allocation Failure) [PSYoungGen: 414848K->151456K(501760K)] 606768K->443114K(1822720K), 0.0509542 secs] [Times: user=0.30 sys=0.00, real=0.05 secs] 
3121.010: [GC (Allocation Failure) [PSYoungGen: 462240K->95648K(504832K)] 753898K->530522K(1825792K), 0.1600562 secs] [Times: user=0.95 sys=0.00, real=0.16 secs] 
3122.092: [GC (Allocation Failure) [PSYoungGen: 406432K->149696K(500736K)] 841306K->677045K(1821696K), 0.0496011 secs] [Times: user=0.29 sys=0.00, real=0.05 secs] 
3124.994: [GC (Allocation Failure) [PSYoungGen: 457408K->98528K(503296K)] 984757K->767181K(1824256K), 0.1479269 secs] [Times: user=0.89 sys=0.00, real=0.15 secs] 
3126.412: [GC (GCLocker Initiated GC) [PSYoungGen: 406240K->144416K(503296K)] 1074893K->909035K(1824256K), 0.0729092 secs] [Times: user=0.44 sys=0.00, real=0.07 secs] 
3128.691: [GC (Allocation Failure) [PSYoungGen: 454176K->102272K(412160K)] 1218798K->1003126K(1733120K), 0.1577680 secs] [Times: user=0.94 sys=0.00, real=0.16 secs] 
3130.818: [GC (Allocation Failure) [PSYoungGen: 412032K->142976K(502272K)] 1312886K->1143267K(1823232K), 0.0515868 secs] [Times: user=0.31 sys=0.00, real=0.05 secs] 
3132.849: [GC (Allocation Failure) [PSYoungGen: 453760K->103264K(502784K)] 1454051K->1237555K(1823744K), 0.1882425 secs] [Times: user=0.95 sys=0.17, real=0.19 secs] 
3134.222: [GC (Allocation Failure) [PSYoungGen: 414048K->148832K(501248K)] 1548339K->1383583K(1822208K), 0.0759750 secs] [Times: user=0.33 sys=0.10, real=0.08 secs] 
3134.298: [Full GC (Ergonomics) [PSYoungGen: 148832K->0K(501248K)] [ParOldGen: 1234751K->179252K(1351168K)] 1383583K->179252K(1852416K), [Metaspace: 60144K->60144K(1105920K)], 0.4165461 secs] [Times: user=1.92 sys=0.00, real=0.42 secs] 
3136.171: [GC (Allocation Failure) [PSYoungGen: 312320K->102464K(504320K)] 491572K->281716K(1855488K), 0.0693656 secs] [Times: user=0.41 sys=0.00, real=0.07 secs] 
3138.032: [GC (Allocation Failure) [PSYoungGen: 414784K->147776K(505344K)] 594036K->426445K(1856512K), 0.0520034 secs] [Times: user=0.31 sys=0.00, real=0.05 secs] 
3139.583: [GC (Allocation Failure) [PSYoungGen: 463680K->107200K(423424K)] 742349K->524593K(1774592K), 0.1250686 secs] [Times: user=0.74 sys=0.00, real=0.13 secs] 
3140.611: [GC (Allocation Failure) [PSYoungGen: 423104K->149376K(503296K)] 840497K->670578K(1854464K), 0.0537680 secs] [Times: user=0.32 sys=0.00, real=0.05 secs] 
3142.119: [GC (Allocation Failure) [PSYoungGen: 464256K->106848K(506368K)] 985458K->768186K(1857536K), 0.1047366 secs] [Times: user=0.62 sys=0.00, real=0.10 secs] 
3143.082: [GC (Allocation Failure) [PSYoungGen: 421728K->148512K(504832K)] 1083066K->914451K(1856000K), 0.0536063 secs] [Times: user=0.32 sys=0.00, real=0.06 secs] 
3146.011: [GC (Allocation Failure) [PSYoungGen: 464928K->103616K(507392K)] 1230867K->1008955K(1858560K), 0.1595071 secs] [Times: user=0.96 sys=0.00, real=0.16 secs] 
3147.862: [GC (Allocation Failure) [PSYoungGen: 420032K->150880K(504320K)] 1325371K->1156108K(1855488K), 0.0523508 secs] [Times: user=0.31 sys=0.00, real=0.05 secs] 
3149.730: [GC (Allocation Failure) [PSYoungGen: 466784K->100832K(507392K)] 1472012K->1248152K(1858560K), 0.1581969 secs] [Times: user=0.94 sys=0.00, real=0.16 secs] 
3150.797: [GC (Allocation Failure) [PSYoungGen: 416736K->150816K(502784K)] 1564056K->1394893K(1853952K), 0.0519490 secs] [Times: user=0.30 sys=0.00, real=0.05 secs] 
3150.849: [Full GC (Ergonomics) [PSYoungGen: 150816K->0K(502784K)] [ParOldGen: 1244077K->191675K(1398272K)] 1394893K->191675K(1901056K), [Metaspace: 60146K->60146K(1105920K)], 0.4451865 secs] [Times: user=2.08 sys=0.00, real=0.44 secs] 
3153.542: [GC (Allocation Failure) [PSYoungGen: 312832K->104704K(505856K)] 504507K->296379K(1904128K), 0.0872388 secs] [Times: user=0.52 sys=0.00, real=0.09 secs] 
3154.604: [GC (Allocation Failure) [PSYoungGen: 417536K->149184K(504320K)] 609211K->442116K(1902592K), 0.0511582 secs] [Times: user=0.30 sys=0.00, real=0.06 secs] 
3156.413: [GC (Allocation Failure) [PSYoungGen: 463040K->99712K(506368K)] 755972K->533396K(1904640K), 0.1827453 secs] [Times: user=1.08 sys=0.01, real=0.19 secs] 
3157.084: [GC (Allocation Failure) [PSYoungGen: 413568K->152128K(500736K)] 847252K->681814K(1899008K), 0.0512017 secs] [Times: user=0.30 sys=0.00, real=0.05 secs] 
3160.109: [GC (Allocation Failure) [PSYoungGen: 461888K->99584K(504320K)] 991574K->772446K(1902592K), 0.1310383 secs] [Times: user=0.78 sys=0.00, real=0.13 secs] 
3160.731: [GC (Allocation Failure) [PSYoungGen: 409344K->149312K(501248K)] 1082206K->918191K(1899520K), 0.0508057 secs] [Times: user=0.30 sys=0.00, real=0.05 secs] 
3163.680: [GC (Allocation Failure) [PSYoungGen: 458048K->98784K(503808K)] 1226927K->1008555K(1902080K), 0.1049283 secs] [Times: user=0.62 sys=0.01, real=0.10 secs] 
3164.560: [GC (Allocation Failure) [PSYoungGen: 407520K->156352K(495616K)] 1317291K->1161498K(1893888K), 0.0509515 secs] [Times: user=0.30 sys=0.00, real=0.05 secs] 
3167.025: [GC (Allocation Failure) [PSYoungGen: 458944K->100000K(500736K)] 1464090K->1244462K(1899008K), 0.0786702 secs] [Times: user=0.47 sys=0.00, real=0.08 secs] 
3167.639: [GC (Allocation Failure) [PSYoungGen: 402592K->141856K(497152K)] 1547054K->1384864K(1895424K), 0.0914418 secs] [Times: user=0.52 sys=0.01, real=0.09 secs] 
3167.731: [Full GC (Ergonomics) [PSYoungGen: 141856K->0K(497152K)] [ParOldGen: 1243008K->181282K(1398272K)] 1384864K->181282K(1895424K), [Metaspace: 60147K->60147K(1105920K)], 0.4135747 secs] [Times: user=1.83 sys=0.00, real=0.41 secs] 
3170.882: [GC (Allocation Failure) [PSYoungGen: 305152K->97408K(500224K)] 486434K->278690K(1898496K), 0.0416565 secs] [Times: user=0.25 sys=0.00, real=0.04 secs] 
3172.366: [GC (GCLocker Initiated GC) [PSYoungGen: 402560K->139808K(500736K)] 583842K->417117K(1899008K), 0.0505487 secs] [Times: user=0.30 sys=0.00, real=0.05 secs] 
3174.850: [GC (Allocation Failure) [PSYoungGen: 450592K->104704K(502784K)] 727903K->513183K(1901056K), 0.0882283 secs] [Times: user=0.52 sys=0.00, real=0.09 secs] 
3176.751: [GC (Allocation Failure) [PSYoungGen: 415488K->142048K(505344K)] 823967K->653292K(1903616K), 0.0513416 secs] [Times: user=0.30 sys=0.00, real=0.05 secs] 
3177.945: [GC (Allocation Failure) [PSYoungGen: 458464K->111776K(505856K)] 969708K->755384K(1904128K), 0.0655681 secs] [Times: user=0.39 sys=0.00, real=0.07 secs] 
3178.487: [GC (Allocation Failure) [PSYoungGen: 428192K->147840K(503296K)] 1071800K->902169K(1901568K), 0.0554175 secs] [Times: user=0.33 sys=0.00, real=0.05 secs] 
3180.928: [GC (Allocation Failure) [PSYoungGen: 465792K->104576K(505856K)] 1220121K->998165K(1904128K), 0.0677141 secs] [Times: user=0.40 sys=0.00, real=0.07 secs] 
3181.696: [GC (Allocation Failure) [PSYoungGen: 422528K->150144K(506368K)] 1316117K->1146054K(1904640K), 0.0539955 secs] [Times: user=0.32 sys=0.00, real=0.05 secs] 
3183.464: [GC (Allocation Failure) [PSYoungGen: 471168K->106528K(509952K)] 1467078K->1243578K(1908224K), 0.1337453 secs] [Times: user=0.79 sys=0.00, real=0.14 secs] 
3184.306: [GC (Allocation Failure) [PSYoungGen: 427552K->153952K(503296K)] 1564602K->1395852K(1901568K), 0.0941409 secs] [Times: user=0.56 sys=0.01, real=0.09 secs] 
3184.401: [Full GC (Ergonomics) [PSYoungGen: 153952K->0K(503296K)] [ParOldGen: 1241900K->192248K(1398272K)] 1395852K->192248K(1901568K), [Metaspace: 60157K->60157K(1105920K)], 0.4648535 secs] [Times: user=2.17 sys=0.00, real=0.47 secs] 
3187.937: [GC (Allocation Failure) [PSYoungGen: 316928K->100352K(507904K)] 509176K->292600K(1906176K), 0.0542727 secs] [Times: user=0.32 sys=0.00, real=0.05 secs] 
3189.520: [GC (Allocation Failure) [PSYoungGen: 417280K->148096K(505344K)] 609528K->437550K(1903616K), 0.1104180 secs] [Times: user=0.65 sys=0.00, real=0.11 secs] 
3192.555: [GC (GCLocker Initiated GC) [PSYoungGen: 464000K->100864K(507392K)] 753454K->530110K(1905664K), 0.1585263 secs] [Times: user=0.94 sys=0.00, real=0.15 secs] 
3193.782: [GC (Allocation Failure) [PSYoungGen: 416768K->161280K(495104K)] 846049K->687786K(1893376K), 0.0511512 secs] [Times: user=0.31 sys=0.00, real=0.05 secs] 
3195.537: [GC (Allocation Failure) [PSYoungGen: 466944K->98848K(502272K)] 993450K->769994K(1900544K), 0.1139079 secs] [Times: user=0.67 sys=0.01, real=0.11 secs] 
3196.305: [GC (Allocation Failure) [PSYoungGen: 404512K->147200K(501760K)] 1075658K->913114K(1900032K), 0.0501492 secs] [Times: user=0.30 sys=0.00, real=0.05 secs] 
3198.764: [GC (Allocation Failure) [PSYoungGen: 453888K->100256K(407040K)] 1219802K->1004270K(1805312K), 0.0698586 secs] [Times: user=0.41 sys=0.00, real=0.07 secs] 
3199.203: [GC (Allocation Failure) [PSYoungGen: 406944K->147392K(500736K)] 1310958K->1149363K(1899008K), 0.0512652 secs] [Times: user=0.30 sys=0.00, real=0.05 secs] 
3202.019: [GC (Allocation Failure) [PSYoungGen: 454080K->96832K(501760K)] 1456051K->1237859K(1900032K), 0.1771708 secs] [Times: user=1.05 sys=0.01, real=0.18 secs] 
3202.842: [GC (Allocation Failure) [PSYoungGen: 403520K->144864K(502272K)] 1544547K->1379816K(1900544K), 0.0497209 secs] [Times: user=0.29 sys=0.00, real=0.05 secs] 
3202.891: [Full GC (Ergonomics) [PSYoungGen: 144864K->0K(502272K)] [ParOldGen: 1234952K->177463K(1398272K)] 1379816K->177463K(1900544K), [Metaspace: 60162K->60162K(1105920K)], 0.4055974 secs] [Times: user=1.88 sys=0.00, real=0.41 secs] 
3205.215: [GC (Allocation Failure) [PSYoungGen: 308736K->102080K(411136K)] 486199K->279543K(1809408K), 0.0945440 secs] [Times: user=0.56 sys=0.00, real=0.10 secs] 
3206.329: [GC (Allocation Failure) [PSYoungGen: 410816K->145600K(500736K)] 588279K->422331K(1899008K), 0.0521446 secs] [Times: user=0.31 sys=0.00, real=0.05 secs] 
3207.922: [GC (Allocation Failure) [PSYoungGen: 454848K->103424K(502272K)] 731579K->516796K(1900544K), 0.1331772 secs] [Times: user=0.80 sys=0.00, real=0.14 secs] 
3210.522: [GC (Allocation Failure) [PSYoungGen: 412672K->141824K(503808K)] 826044K->656080K(1902080K), 0.0513125 secs] [Times: user=0.30 sys=0.01, real=0.05 secs] 
3211.821: [GC (Allocation Failure) [PSYoungGen: 455680K->108320K(504320K)] 969936K->755264K(1902592K), 0.0865651 secs] [Times: user=0.52 sys=0.00, real=0.09 secs] 
3213.322: [GC (Allocation Failure) [PSYoungGen: 422176K->143488K(504320K)] 1069120K->896629K(1902592K), 0.0534516 secs] [Times: user=0.31 sys=0.01, real=0.06 secs] 
3214.859: [GC (Allocation Failure) [PSYoungGen: 460928K->108512K(505344K)] 1214069K->996113K(1903616K), 0.1543725 secs] [Times: user=0.91 sys=0.01, real=0.15 secs] 
3215.739: [GC (Allocation Failure) [PSYoungGen: 425952K->150176K(504320K)] 1313553K->1143934K(1902592K), 0.0542627 secs] [Times: user=0.31 sys=0.01, real=0.05 secs] 
3218.324: [GC (Allocation Failure) [PSYoungGen: 470176K->106784K(508416K)] 1463934K->1241738K(1906688K), 0.1663983 secs] [Times: user=0.98 sys=0.01, real=0.17 secs] 
3219.145: [GC (Allocation Failure) [PSYoungGen: 426784K->151360K(505344K)] 1561738K->1390263K(1903616K), 0.0585951 secs] [Times: user=0.33 sys=0.00, real=0.05 secs] 
3219.204: [Full GC (Ergonomics) [PSYoungGen: 151360K->0K(505344K)] [ParOldGen: 1238903K->189439K(1398272K)] 1390263K->189439K(1903616K), [Metaspace: 60166K->60166K(1105920K)], 0.4131775 secs] [Times: user=1.80 sys=0.00, real=0.42 secs] 
3222.038: [GC (Allocation Failure) [PSYoungGen: 320000K->103040K(509440K)] 509439K->292479K(1907712K), 0.0984284 secs] [Times: user=0.59 sys=0.00, real=0.10 secs] 
3223.375: [GC (Allocation Failure) [PSYoungGen: 423040K->153440K(503296K)] 612479K->442104K(1901568K), 0.0511336 secs] [Times: user=0.30 sys=0.01, real=0.05 secs] 
3226.170: [GC (Allocation Failure) [PSYoungGen: 469344K->101120K(507392K)] 758008K->534672K(1905664K), 0.1720146 secs] [Times: user=1.02 sys=0.00, real=0.17 secs] 
3226.816: [GC (Allocation Failure) [PSYoungGen: 417024K->153376K(501760K)] 850576K->684413K(1900032K), 0.0512953 secs] [Times: user=0.31 sys=0.00, real=0.05 secs] 
3229.519: [GC (Allocation Failure) [PSYoungGen: 465184K->100192K(505344K)] 996221K->776069K(1903616K), 0.1629097 secs] [Times: user=0.91 sys=0.00, real=0.16 secs] 
3230.361: [GC (Allocation Failure) [PSYoungGen: 412000K->149504K(502784K)] 1087877K->921538K(1901056K), 0.0497385 secs] [Times: user=0.30 sys=0.00, real=0.05 secs] 
3231.906: [GC (GCLocker Initiated GC) [PSYoungGen: 460288K->101088K(504832K)] 1232322K->1013582K(1903104K), 0.1233220 secs] [Times: user=0.73 sys=0.01, real=0.12 secs] 
3232.511: [GC (Allocation Failure) [PSYoungGen: 411872K->160160K(493568K)] 1324401K->1169527K(1891840K), 0.0511580 secs] [Times: user=0.30 sys=0.00, real=0.05 secs] 
3234.890: [GC (Allocation Failure) [PSYoungGen: 461728K->94400K(500224K)] 1471095K->1247119K(1898496K), 0.1212063 secs] [Times: user=0.72 sys=0.00, real=0.12 secs] 
3236.519: [GC (Allocation Failure) [PSYoungGen: 395968K->142816K(497664K)] 1548687K->1386140K(1895936K), 0.0481634 secs] [Times: user=0.29 sys=0.00, real=0.05 secs] 
3236.567: [Full GC (Ergonomics) [PSYoungGen: 142816K->0K(497664K)] [ParOldGen: 1243324K->180681K(1398272K)] 1386140K->180681K(1895936K), [Metaspace: 60168K->60168K(1105920K)], 0.4533705 secs] [Times: user=2.10 sys=0.00, real=0.45 secs] 
3238.585: [GC (Allocation Failure) [PSYoungGen: 303104K->99776K(499712K)] 483785K->280458K(1897984K), 0.0822699 secs] [Times: user=0.49 sys=0.00, real=0.08 secs] 
3240.110: [GC (Allocation Failure) [PSYoungGen: 402880K->139712K(500736K)] 583562K->417554K(1899008K), 0.0501129 secs] [Times: user=0.30 sys=0.00, real=0.05 secs] 
3241.364: [GC (Allocation Failure) [PSYoungGen: 447936K->106784K(501248K)] 725778K->515431K(1899520K), 0.0655211 secs] [Times: user=0.39 sys=0.00, real=0.07 secs] 
3242.204: [GC (GCLocker Initiated GC) [PSYoungGen: 415008K->143264K(501760K)] 823655K->656467K(1900032K), 0.0529593 secs] [Times: user=0.31 sys=0.00, real=0.06 secs] 
3244.303: [GC (Allocation Failure) [PSYoungGen: 455584K->105120K(502784K)] 968822K->752638K(1901056K), 0.1607975 secs] [Times: user=0.96 sys=0.00, real=0.16 secs] 
3245.610: [GC (Allocation Failure) [PSYoungGen: 417440K->145408K(504832K)] 1064958K->896115K(1903104K), 0.0528283 secs] [Times: user=0.31 sys=0.00, real=0.05 secs] 
3247.215: [GC (Allocation Failure) [PSYoungGen: 462848K->107008K(506368K)] 1213555K->993967K(1904640K), 0.1453628 secs] [Times: user=0.87 sys=0.01, real=0.14 secs] 
3248.846: [GC (Allocation Failure) [PSYoungGen: 424448K->149984K(504832K)] 1311407K->1141052K(1903104K), 0.0535358 secs] [Times: user=0.32 sys=0.00, real=0.05 secs] 
3251.658: [GC (GCLocker Initiated GC) [PSYoungGen: 468960K->104352K(508416K)] 1460028K->1236384K(1906688K), 0.0932637 secs] [Times: user=0.56 sys=0.01, real=0.09 secs] 
3252.759: [GC (GCLocker Initiated GC) [PSYoungGen: 423328K->150144K(504832K)] 1555362K->1384211K(1903104K), 0.0620598 secs] [Times: user=0.37 sys=0.00, real=0.06 secs] 
3252.821: [Full GC (Ergonomics) [PSYoungGen: 150144K->0K(504832K)] [ParOldGen: 1234067K->181761K(1398272K)] 1384211K->181761K(1903104K), [Metaspace: 60173K->60173K(1105920K)], 0.4128847 secs] [Times: user=1.89 sys=0.00, real=0.41 secs] 
3255.830: [GC (Allocation Failure) [PSYoungGen: 317952K->105536K(508416K)] 499715K->287307K(1906688K), 0.0871516 secs] [Times: user=0.52 sys=0.00, real=0.09 secs] 
3256.989: [GC (Allocation Failure) [PSYoungGen: 423488K->149184K(505344K)] 605259K->433733K(1903616K), 0.0525218 secs] [Times: user=0.31 sys=0.00, real=0.05 secs] 
3259.561: [GC (Allocation Failure) [PSYoungGen: 467136K->106592K(508416K)] 751685K->531077K(1906688K), 0.1351711 secs] [Times: user=0.81 sys=0.00, real=0.14 secs] 
3260.241: [GC (Allocation Failure) [PSYoungGen: 424544K->154208K(502272K)] 849029K->681620K(1900544K), 0.0530043 secs] [Times: user=0.31 sys=0.00, real=0.05 secs] 
3262.528: [GC (Allocation Failure) [PSYoungGen: 469088K->101760K(506880K)] 996500K->774388K(1905152K), 0.1757927 secs] [Times: user=1.04 sys=0.00, real=0.17 secs] 
3263.318: [GC (Allocation Failure) [PSYoungGen: 411010K->150336K(502784K)] 1083639K->921293K(1901056K), 0.0507344 secs] [Times: user=0.30 sys=0.00, real=0.05 secs] 
3266.302: [GC (Allocation Failure) [PSYoungGen: 463168K->99296K(505856K)] 1234125K->1012005K(1904128K), 0.1539452 secs] [Times: user=0.92 sys=0.00, real=0.16 secs] 
3267.064: [GC (Allocation Failure) [PSYoungGen: 409834K->151552K(501248K)] 1322544K->1159590K(1899520K), 0.0496114 secs] [Times: user=0.29 sys=0.00, real=0.05 secs] 
3270.004: [GC (Allocation Failure) [PSYoungGen: 461312K->96128K(504320K)] 1469350K->1247198K(1902592K), 0.1748560 secs] [Times: user=1.04 sys=0.01, real=0.18 secs] 
3270.590: [GC (Allocation Failure) [PSYoungGen: 405888K->160160K(492544K)] 1556958K->1403843K(1890816K), 0.0496255 secs] [Times: user=0.30 sys=0.00, real=0.05 secs] 
3270.639: [Full GC (Ergonomics) [PSYoungGen: 160160K->0K(492544K)] [ParOldGen: 1243683K->194235K(1398272K)] 1403843K->194235K(1890816K), [Metaspace: 60186K->60186K(1105920K)], 0.4496548 secs] [Times: user=1.99 sys=0.00, real=0.45 secs] 
3274.568: [GC (Allocation Failure) [PSYoungGen: 299520K->90784K(499200K)] 493755K->285019K(1897472K), 0.0818384 secs] [Times: user=0.48 sys=0.00, real=0.08 secs] 
3275.993: [GC (Allocation Failure) [PSYoungGen: 390304K->148800K(497152K)] 584539K->431352K(1895424K), 0.0465324 secs] [Times: user=0.27 sys=0.00, real=0.05 secs] 
3277.288: [GC (Allocation Failure) [PSYoungGen: 447296K->100256K(398848K)] 729848K->514808K(1797120K), 0.0871661 secs] [Times: user=0.52 sys=0.01, real=0.09 secs] 
3277.947: [GC (Allocation Failure) [PSYoungGen: 398752K->141760K(498688K)] 813304K->654552K(1896960K), 0.0507394 secs] [Times: user=0.30 sys=0.00, real=0.05 secs] 
3279.554: [GC (Allocation Failure) [PSYoungGen: 442816K->100736K(497664K)] 955608K->746552K(1895936K), 0.1041824 secs] [Times: user=0.62 sys=0.00, real=0.11 secs] 
3282.250: [GC (Allocation Failure) [PSYoungGen: 401792K->135680K(499712K)] 1047608K->879933K(1897984K), 0.0506532 secs] [Times: user=0.30 sys=0.00, real=0.05 secs] 
3283.469: [GC (Allocation Failure) [PSYoungGen: 442880K->109952K(498688K)] 1187133K->980837K(1896960K), 0.0651162 secs] [Times: user=0.38 sys=0.00, real=0.06 secs] 
3285.556: [GC (Allocation Failure) [PSYoungGen: 417152K->133120K(504832K)] 1288037K->1112394K(1903104K), 0.0529557 secs] [Times: user=0.31 sys=0.00, real=0.05 secs] 
3286.821: [GC (Allocation Failure) [PSYoungGen: 450560K->116544K(502272K)] 1429834K->1219326K(1900544K), 0.0679290 secs] [Times: user=0.41 sys=0.00, real=0.07 secs] 
3288.507: [GC (Allocation Failure) [PSYoungGen: 433984K->143328K(504320K)] 1536766K->1361475K(1902592K), 0.0557521 secs] [Times: user=0.33 sys=0.00, real=0.05 secs] 
3290.406: [GC (Allocation Failure) [PSYoungGen: 467936K->110912K(506368K)] 1686083K->1463835K(1904640K), 0.1281308 secs] [Times: user=0.61 sys=0.15, real=0.12 secs] 
3290.534: [Full GC (Ergonomics) [PSYoungGen: 110912K->0K(506368K)] [ParOldGen: 1352923K->24255K(1398272K)] 1463835K->24255K(1904640K), [Metaspace: 60189K->60189K(1105920K)], 0.0488119 secs] [Times: user=0.14 sys=0.00, real=0.05 secs] 
3291.926: [GC (Allocation Failure) [PSYoungGen: 324608K->151680K(510976K)] 348863K->175935K(1909248K), 0.0297011 secs] [Times: user=0.18 sys=0.00, real=0.03 secs] 
3294.266: [GC (Allocation Failure) [PSYoungGen: 483968K->112960K(515584K)] 508223K->280231K(1913856K), 0.1726693 secs] [Times: user=1.02 sys=0.01, real=0.17 secs] 
3296.072: [GC (Allocation Failure) [PSYoungGen: 445248K->155552K(507392K)] 612519K->432768K(1905664K), 0.0538395 secs] [Times: user=0.32 sys=0.00, real=0.06 secs] 
3297.793: [GC (Allocation Failure) [PSYoungGen: 482720K->108160K(513024K)] 759936K->532160K(1911296K), 0.1231281 secs] [Times: user=0.72 sys=0.00, real=0.13 secs] 
3298.847: [GC (Allocation Failure) [PSYoungGen: 425846K->149024K(509440K)] 849846K->677597K(1907712K), 0.0532345 secs] [Times: user=0.31 sys=0.00, real=0.05 secs] 
3301.194: [GC (Allocation Failure) [PSYoungGen: 475168K->109024K(512512K)] 1003741K->777493K(1910784K), 0.1500728 secs] [Times: user=0.89 sys=0.00, real=0.15 secs] 
3301.638: [GC (Allocation Failure) [PSYoungGen: 435168K->172320K(492544K)] 1103637K->945918K(1890816K), 0.0541211 secs] [Times: user=0.32 sys=0.00, real=0.05 secs] 
3305.154: [GC (Allocation Failure) [PSYoungGen: 481056K->91424K(400384K)] 1254654K->1019982K(1798656K), 0.1602336 secs] [Times: user=0.95 sys=0.00, real=0.16 secs] 
3305.597: [GC (Allocation Failure) [PSYoungGen: 400160K->150432K(500224K)] 1328718K->1167023K(1898496K), 0.0544298 secs] [Times: user=0.32 sys=0.00, real=0.05 secs] 
3308.686: [GC (Allocation Failure) [PSYoungGen: 455072K->87168K(392192K)] 1471663K->1254347K(1790464K), 0.1714697 secs] [Times: user=1.03 sys=0.00, real=0.17 secs] 
3309.309: [GC (Allocation Failure) [PSYoungGen: 388799K->143200K(501760K)] 1555979K->1393840K(1900032K), 0.0493550 secs] [Times: user=0.29 sys=0.00, real=0.05 secs] 
3309.358: [Full GC (Ergonomics) [PSYoungGen: 143200K->0K(501760K)] [ParOldGen: 1250640K->197469K(1398272K)] 1393840K->197469K(1900032K), [Metaspace: 60198K->60198K(1105920K)], 0.4746468 secs] [Times: user=2.22 sys=0.00, real=0.47 secs] 
3311.491: [GC (Allocation Failure) [PSYoungGen: 304128K->99392K(403968K)] 501597K->296861K(1802240K), 0.0512200 secs] [Times: user=0.30 sys=0.00, real=0.05 secs] 
3312.658: [GC (Allocation Failure) [PSYoungGen: 403520K->147328K(498176K)] 600989K->440186K(1896448K), 0.0482011 secs] [Times: user=0.29 sys=0.00, real=0.05 secs] 
3315.064: [GC (Allocation Failure) [PSYoungGen: 450432K->96032K(499200K)] 743290K->527426K(1897472K), 0.1609504 secs] [Times: user=0.96 sys=0.01, real=0.16 secs] 
3317.163: [GC (Allocation Failure) [PSYoungGen: 399136K->144736K(501760K)] 830530K->667955K(1900032K), 0.0483184 secs] [Times: user=0.28 sys=0.00, real=0.05 secs] 
3318.463: [GC (Allocation Failure) [PSYoungGen: 451936K->100992K(408576K)] 975155K->759955K(1806848K), 0.0674041 secs] [Times: user=0.40 sys=0.00, real=0.07 secs] 
3319.643: [GC (Allocation Failure) [PSYoungGen: 408192K->144864K(500736K)] 1067155K->901472K(1899008K), 0.0504602 secs] [Times: user=0.30 sys=0.00, real=0.05 secs] 
3321.099: [GC (Allocation Failure) [PSYoungGen: 453088K->101728K(501760K)] 1209696K->994048K(1900032K), 0.0908122 secs] [Times: user=0.54 sys=0.00, real=0.09 secs] 
3321.865: [GC (Allocation Failure) [PSYoungGen: 409952K->144608K(502784K)] 1302272K->1137010K(1901056K), 0.0618096 secs] [Times: user=0.35 sys=0.00, real=0.07 secs] 
3325.192: [GC (Allocation Failure) [PSYoungGen: 456416K->103264K(503808K)] 1448818K->1231786K(1902080K), 0.1012332 secs] [Times: user=0.60 sys=0.00, real=0.10 secs] 
3326.657: [GC (Allocation Failure) [PSYoungGen: 415072K->147168K(502272K)] 1543594K->1375503K(1900544K), 0.0531534 secs] [Times: user=0.31 sys=0.00, real=0.05 secs] 
3326.711: [Full GC (Ergonomics) [PSYoungGen: 147168K->0K(502272K)] [ParOldGen: 1228335K->173540K(1398272K)] 1375503K->173540K(1900544K), [Metaspace: 60203K->60203K(1105920K)], 0.4098914 secs] [Times: user=1.91 sys=0.00, real=0.41 secs] 
3328.937: [GC (Allocation Failure) [PSYoungGen: 313344K->103520K(504832K)] 486884K->277060K(1903104K), 0.0829498 secs] [Times: user=0.48 sys=0.01, real=0.08 secs] 
3330.244: [GC (GCLocker Initiated GC) [PSYoungGen: 416864K->147584K(504320K)] 590406K->421927K(1902592K), 0.0520977 secs] [Times: user=0.31 sys=0.01, real=0.06 secs] 
3332.057: [GC (Allocation Failure) [PSYoungGen: 463488K->104000K(506880K)] 737831K->517475K(1905152K), 0.1331270 secs] [Times: user=0.76 sys=0.01, real=0.13 secs] 
3333.886: [GC (Allocation Failure) [PSYoungGen: 419904K->148160K(505344K)] 833379K->662136K(1903616K), 0.0519790 secs] [Times: user=0.31 sys=0.00, real=0.05 secs] 
3335.539: [GC (Allocation Failure) [PSYoungGen: 465088K->107040K(424448K)] 979064K->759420K(1822720K), 0.0990792 secs] [Times: user=0.59 sys=0.00, real=0.10 secs] 
3336.952: [GC (Allocation Failure) [PSYoungGen: 423968K->156768K(499712K)] 1076348K->912897K(1897984K), 0.0529736 secs] [Times: user=0.31 sys=0.00, real=0.06 secs] 
3338.515: [GC (Allocation Failure) [PSYoungGen: 468576K->106976K(505344K)] 1224705K->1002293K(1903616K), 0.1598773 secs] [Times: user=0.95 sys=0.00, real=0.16 secs] 
3339.996: [GC (Allocation Failure) [PSYoungGen: 418784K->144896K(503808K)] 1314101K->1144554K(1902080K), 0.0527859 secs] [Times: user=0.31 sys=0.00, real=0.05 secs] 
3342.169: [GC (Allocation Failure) [PSYoungGen: 459776K->106112K(505856K)] 1459434K->1241054K(1904128K), 0.1726128 secs] [Times: user=1.02 sys=0.00, real=0.17 secs] 
3343.458: [GC (Allocation Failure) [PSYoungGen: 420992K->156160K(500224K)] 1555934K->1394239K(1898496K), 0.0530103 secs] [Times: user=0.31 sys=0.00, real=0.05 secs] 
3343.511: [Full GC (Ergonomics) [PSYoungGen: 156160K->0K(500224K)] [ParOldGen: 1238079K->184160K(1398272K)] 1394239K->184160K(1898496K), [Metaspace: 60205K->60205K(1105920K)], 0.4272529 secs] [Times: user=1.98 sys=0.00, real=0.43 secs] 
3345.470: [GC (Allocation Failure) [PSYoungGen: 311808K->103008K(505344K)] 495968K->287168K(1903616K), 0.0809422 secs] [Times: user=0.47 sys=0.00, real=0.08 secs] 
3347.047: [GC (Allocation Failure) [PSYoungGen: 414816K->146368K(505344K)] 598976K->430309K(1903616K), 0.0513008 secs] [Times: user=0.31 sys=0.00, real=0.05 secs] 
3349.744: [GC (Allocation Failure) [PSYoungGen: 460224K->105664K(419840K)] 744165K->526761K(1818112K), 0.1606702 secs] [Times: user=0.96 sys=0.00, real=0.16 secs] 
3351.473: [GC (Allocation Failure) [PSYoungGen: 419520K->147168K(503296K)] 840617K->671078K(1901568K), 0.0520481 secs] [Times: user=0.30 sys=0.00, real=0.05 secs] 
3353.471: [GC (Allocation Failure) [PSYoungGen: 460512K->104384K(504832K)] 984422K->766414K(1903104K), 0.1702226 secs] [Times: user=1.01 sys=0.00, real=0.17 secs] 
3354.346: [GC (Allocation Failure) [PSYoungGen: 417728K->150880K(503296K)] 1079758K->913306K(1901568K), 0.0518006 secs] [Times: user=0.31 sys=0.00, real=0.05 secs] 
3356.535: [GC (Allocation Failure) [PSYoungGen: 465248K->101920K(506368K)] 1227674K->1006102K(1904640K), 0.1688396 secs] [Times: user=1.00 sys=0.01, real=0.16 secs] 
3357.262: [GC (Allocation Failure) [PSYoungGen: 416288K->151808K(501760K)] 1320470K->1153923K(1900032K), 0.0520366 secs] [Times: user=0.31 sys=0.01, real=0.05 secs] 
3359.278: [GC (Allocation Failure) [PSYoungGen: 463616K->100512K(505344K)] 1465731K->1245395K(1903616K), 0.1372740 secs] [Times: user=0.82 sys=0.00, real=0.14 secs] 
3360.508: [GC (Allocation Failure) [PSYoungGen: 412320K->150240K(502272K)] 1557203K->1392052K(1900544K), 0.0516774 secs] [Times: user=0.30 sys=0.00, real=0.05 secs] 
3360.560: [Full GC (Ergonomics) [PSYoungGen: 150240K->0K(502272K)] [ParOldGen: 1241812K->189852K(1398272K)] 1392052K->189852K(1900544K), [Metaspace: 60214K->60214K(1105920K)], 0.4472931 secs] [Times: user=2.08 sys=0.00, real=0.45 secs] 
3363.410: [GC (Allocation Failure) [PSYoungGen: 310784K->100608K(504832K)] 500636K->290460K(1903104K), 0.0912936 secs] [Times: user=0.53 sys=0.00, real=0.09 secs] 
3364.463: [GC (Allocation Failure) [PSYoungGen: 411392K->149024K(501760K)] 601244K->435601K(1900032K), 0.0499679 secs] [Times: user=0.30 sys=0.00, real=0.05 secs] 
3366.516: [GC (Allocation Failure) [PSYoungGen: 458784K->100800K(504320K)] 745361K->527121K(1902592K), 0.1547855 secs] [Times: user=0.92 sys=0.00, real=0.15 secs] 
3367.262: [GC (Allocation Failure) [PSYoungGen: 410560K->147840K(503296K)] 836881K->671090K(1901568K), 0.0504617 secs] [Times: user=0.30 sys=0.00, real=0.05 secs] 
3369.235: [GC (Allocation Failure) [PSYoungGen: 458624K->104896K(415744K)] 981874K->767018K(1814016K), 0.1590013 secs] [Times: user=0.95 sys=0.00, real=0.16 secs] 
3370.692: [GC (Allocation Failure) [PSYoungGen: 415680K->149760K(500736K)] 1077802K->913059K(1899008K), 0.0519269 secs] [Times: user=0.30 sys=0.00, real=0.05 secs] 
3373.073: [GC (Allocation Failure) [PSYoungGen: 459520K->99424K(503296K)] 1222819K->1003631K(1901568K), 0.1704766 secs] [Times: user=0.98 sys=0.01, real=0.17 secs] 
3374.250: [GC (Allocation Failure) [PSYoungGen: 409184K->148896K(502784K)] 1313391K->1149216K(1901056K), 0.0502345 secs] [Times: user=0.30 sys=0.00, real=0.05 secs] 
3376.853: [GC (Allocation Failure) [PSYoungGen: 459680K->99328K(504832K)] 1460000K->1239840K(1903104K), 0.1666289 secs] [Times: user=0.99 sys=0.00, real=0.17 secs] 
3378.022: [GC (Allocation Failure) [PSYoungGen: 410112K->146048K(503296K)] 1550624K->1383285K(1901568K), 0.0504401 secs] [Times: user=0.30 sys=0.00, real=0.05 secs] 
3378.073: [Full GC (Ergonomics) [PSYoungGen: 146048K->0K(503296K)] [ParOldGen: 1237237K->181913K(1398272K)] 1383285K->181913K(1901568K), [Metaspace: 60215K->60215K(1105920K)], 0.4176159 secs] [Times: user=1.92 sys=0.00, real=0.42 secs] 
3380.197: [GC (Allocation Failure) [PSYoungGen: 311296K->104832K(416256K)] 493209K->286745K(1814528K), 0.0923356 secs] [Times: user=0.54 sys=0.01, real=0.09 secs] 
3381.057: [GC (Allocation Failure) [PSYoungGen: 416128K->147616K(501760K)] 598041K->431030K(1900032K), 0.0520452 secs] [Times: user=0.30 sys=0.00, real=0.05 secs] 
3382.862: [GC (Allocation Failure) [PSYoungGen: 458912K->103520K(503808K)] 742326K->525302K(1902080K), 0.1635024 secs] [Times: user=0.97 sys=0.01, real=0.17 secs] 
3384.307: [GC (Allocation Failure) [PSYoungGen: 414816K->147488K(503808K)] 836598K->669899K(1902080K), 0.0517117 secs] [Times: user=0.31 sys=0.00, real=0.05 secs] 
3386.382: [GC (Allocation Failure) [PSYoungGen: 461344K->104096K(505856K)] 983755K->765195K(1904128K), 0.1315020 secs] [Times: user=0.77 sys=0.00, real=0.13 secs] 
3387.734: [GC (Allocation Failure) [PSYoungGen: 417952K->148160K(504320K)] 1079051K->909652K(1902592K), 0.0525039 secs] [Times: user=0.31 sys=0.00, real=0.06 secs] 
3389.399: [GC (Allocation Failure) [PSYoungGen: 463040K->103552K(506368K)] 1224532K->1004292K(1904640K), 0.1692611 secs] [Times: user=1.00 sys=0.01, real=0.17 secs] 
3390.991: [GC (Allocation Failure) [PSYoungGen: 418432K->149856K(503808K)] 1319172K->1150441K(1902080K), 0.0530992 secs] [Times: user=0.31 sys=0.00, real=0.05 secs] 
3392.580: [GC (GCLocker Initiated GC) [PSYoungGen: 464736K->106048K(506880K)] 1465321K->1247489K(1905152K), 0.1448856 secs] [Times: user=0.86 sys=0.00, real=0.15 secs] 
3394.080: [GC (Allocation Failure) [PSYoungGen: 420928K->157376K(498688K)] 1562404K->1400760K(1896960K), 0.0534304 secs] [Times: user=0.32 sys=0.00, real=0.05 secs] 
3394.133: [Full GC (Ergonomics) [PSYoungGen: 157376K->0K(498688K)] [ParOldGen: 1243384K->191746K(1398272K)] 1400760K->191746K(1896960K), [Metaspace: 60215K->60215K(1105920K)], 0.4502373 secs] [Times: user=2.09 sys=0.00, real=0.45 secs] 
3396.247: [GC (Allocation Failure) [PSYoungGen: 309760K->103872K(504320K)] 501506K->295618K(1902592K), 0.0855077 secs] [Times: user=0.50 sys=0.00, real=0.08 secs] 
3397.156: [GC (Allocation Failure) [PSYoungGen: 413632K->150112K(501760K)] 605378K->441799K(1900032K), 0.0502634 secs] [Times: user=0.30 sys=0.00, real=0.05 secs] 
3399.351: [GC (Allocation Failure) [PSYoungGen: 459872K->99744K(504320K)] 751559K->532875K(1902592K), 0.1484215 secs] [Times: user=0.88 sys=0.01, real=0.15 secs] 
3400.898: [GC (Allocation Failure) [PSYoungGen: 409504K->148416K(502784K)] 842635K->677184K(1901056K), 0.0489453 secs] [Times: user=0.29 sys=0.00, real=0.05 secs] 
3403.486: [GC (Allocation Failure) [PSYoungGen: 458176K->100128K(410112K)] 986944K->768484K(1808384K), 0.1740902 secs] [Times: user=1.03 sys=0.01, real=0.17 secs] 
3404.491: [GC (Allocation Failure) [PSYoungGen: 409888K->149696K(501248K)] 1078244K->913801K(1899520K), 0.0506396 secs] [Times: user=0.30 sys=0.01, real=0.05 secs] 
3407.152: [GC (Allocation Failure) [PSYoungGen: 458432K->98432K(503808K)] 1222537K->1003337K(1902080K), 0.1206154 secs] [Times: user=0.72 sys=0.00, real=0.12 secs] 
3408.602: [GC (Allocation Failure) [PSYoungGen: 407168K->147904K(501760K)] 1312073K->1148114K(1900032K), 0.0511684 secs] [Times: user=0.31 sys=0.00, real=0.05 secs] 
3411.125: [GC (Allocation Failure) [PSYoungGen: 456640K->101440K(410624K)] 1456850K->1240974K(1808896K), 0.0975383 secs] [Times: user=0.58 sys=0.00, real=0.10 secs] 
3412.047: [GC (Allocation Failure) [PSYoungGen: 410176K->145024K(502272K)] 1549710K->1383199K(1900544K), 0.0521262 secs] [Times: user=0.30 sys=0.00, real=0.05 secs] 
3412.100: [Full GC (Ergonomics) [PSYoungGen: 145024K->0K(502272K)] [ParOldGen: 1238175K->181233K(1398272K)] 1383199K->181233K(1900544K), [Metaspace: 60232K->60232K(1105920K)], 0.4306325 secs] [Times: user=2.01 sys=0.00, real=0.43 secs] 
3414.674: [GC (Allocation Failure) [PSYoungGen: 309760K->104992K(503296K)] 490993K->286225K(1901568K), 0.0726717 secs] [Times: user=0.43 sys=0.00, real=0.08 secs] 
3415.661: [GC (Allocation Failure) [PSYoungGen: 414752K->146528K(501760K)] 595985K->430222K(1900032K), 0.0521892 secs] [Times: user=0.31 sys=0.00, real=0.05 secs] 
3417.731: [GC (GCLocker Initiated GC) [PSYoungGen: 457824K->100672K(503296K)] 741518K->522030K(1901568K), 0.1694672 secs] [Times: user=1.00 sys=0.01, real=0.17 secs] 
3418.856: [GC (Allocation Failure) [PSYoungGen: 411968K->149280K(503808K)] 833378K->668551K(1902080K), 0.0507982 secs] [Times: user=0.30 sys=0.00, real=0.05 secs] 
3421.344: [GC (Allocation Failure) [PSYoungGen: 463136K->102176K(506368K)] 982407K->761987K(1904640K), 0.1740558 secs] [Times: user=1.03 sys=0.00, real=0.18 secs] 
3422.848: [GC (Allocation Failure) [PSYoungGen: 416032K->148032K(504320K)] 1075843K->907316K(1902592K), 0.0517203 secs] [Times: user=0.30 sys=0.00, real=0.05 secs] 
3425.994: [GC (Allocation Failure) [PSYoungGen: 461888K->101472K(415744K)] 1221172K->1000052K(1814016K), 0.0715540 secs] [Times: user=0.43 sys=0.00, real=0.08 secs] 
3426.648: [GC (Allocation Failure) [PSYoungGen: 415328K->149888K(502784K)] 1313908K->1148057K(1901056K), 0.0594892 secs] [Times: user=0.36 sys=0.00, real=0.06 secs] 
3429.458: [GC (Allocation Failure) [PSYoungGen: 462720K->100096K(505856K)] 1460889K->1239993K(1904128K), 0.1352017 secs] [Times: user=0.81 sys=0.00, real=0.13 secs] 
3430.273: [GC (Allocation Failure) [PSYoungGen: 412928K->148672K(502784K)] 1552825K->1386402K(1901056K), 0.0520484 secs] [Times: user=0.31 sys=0.00, real=0.06 secs] 
3430.325: [Full GC (Ergonomics) [PSYoungGen: 148672K->0K(502784K)] [ParOldGen: 1237730K->184424K(1398272K)] 1386402K->184424K(1901056K), [Metaspace: 60232K->60232K(1105920K)], 0.4301494 secs] [Times: user=1.97 sys=0.00, real=0.43 secs] 
3433.744: [GC (Allocation Failure) [PSYoungGen: 311808K->100320K(505344K)] 496232K->284744K(1903616K), 0.0876822 secs] [Times: user=0.51 sys=0.01, real=0.09 secs] 
3434.907: [GC (Allocation Failure) [PSYoungGen: 412128K->156480K(497152K)] 596552K->438291K(1895424K), 0.0509875 secs] [Times: user=0.30 sys=0.00, real=0.05 secs] 
3436.924: [GC (GCLocker Initiated GC) [PSYoungGen: 462144K->100064K(502272K)] 743956K->521408K(1900544K), 0.1387800 secs] [Times: user=0.83 sys=0.00, real=0.14 secs] 
3437.864: [GC (Allocation Failure) [PSYoungGen: 405728K->143584K(500736K)] 827075K->661896K(1899008K), 0.0503415 secs] [Times: user=0.29 sys=0.01, real=0.05 secs] 
3439.636: [GC (Allocation Failure) [PSYoungGen: 451808K->102304K(502784K)] 970120K->754384K(1901056K), 0.1404491 secs] [Times: user=0.83 sys=0.01, real=0.14 secs] 
3441.106: [GC (Allocation Failure) [PSYoungGen: 410528K->144576K(502272K)] 1062608K->896669K(1900544K), 0.0517385 secs] [Times: user=0.31 sys=0.00, real=0.05 secs] 
3443.501: [GC (Allocation Failure) [PSYoungGen: 455360K->101984K(503296K)] 1207453K->989557K(1901568K), 0.1347125 secs] [Times: user=0.80 sys=0.00, real=0.14 secs] 
3444.416: [GC (Allocation Failure) [PSYoungGen: 412768K->146240K(502784K)] 1300341K->1134381K(1901056K), 0.0828307 secs] [Times: user=0.49 sys=0.00, real=0.08 secs] 
3447.213: [GC (Allocation Failure) [PSYoungGen: 459072K->103328K(504832K)] 1447213K->1229669K(1903104K), 0.1606716 secs] [Times: user=0.95 sys=0.00, real=0.16 secs] 
3448.815: [GC (Allocation Failure) [PSYoungGen: 416160K->143712K(504832K)] 1542501K->1371266K(1903104K), 0.0523195 secs] [Times: user=0.31 sys=0.01, real=0.06 secs] 
3448.867: [Full GC (Ergonomics) [PSYoungGen: 143712K->0K(504832K)] [ParOldGen: 1227554K->168636K(1398272K)] 1371266K->168636K(1903104K), [Metaspace: 60233K->60233K(1105920K)], 0.3819157 secs] [Times: user=1.76 sys=0.00, real=0.38 secs] 
3450.774: [GC (Allocation Failure) [PSYoungGen: 315904K->106432K(505856K)] 484540K->275068K(1904128K), 0.0842695 secs] [Times: user=0.49 sys=0.00, real=0.09 secs] 
3452.182: [GC (Allocation Failure) [PSYoungGen: 422336K->144608K(505344K)] 590972K->417584K(1903616K), 0.0535419 secs] [Times: user=0.31 sys=0.00, real=0.06 secs] 
3454.202: [GC (Allocation Failure) [PSYoungGen: 463072K->109152K(506880K)] 736048K->517284K(1905152K), 0.1546642 secs] [Times: user=0.92 sys=0.00, real=0.16 secs] 
3456.101: [GC (Allocation Failure) [PSYoungGen: 427616K->148160K(505344K)] 835748K->662833K(1903616K), 0.0537723 secs] [Times: user=0.32 sys=0.00, real=0.05 secs] 
3457.791: [GC (Allocation Failure) [PSYoungGen: 468672K->107680K(508416K)] 983345K->761281K(1906688K), 0.1388157 secs] [Times: user=0.83 sys=0.00, real=0.14 secs] 
3459.016: [GC (Allocation Failure) [PSYoungGen: 428192K->153184K(504832K)] 1081793K->911974K(1903104K), 0.0542410 secs] [Times: user=0.33 sys=0.00, real=0.05 secs] 
3461.851: [GC (Allocation Failure) [PSYoungGen: 473184K->102944K(509440K)] 1231974K->1006570K(1907712K), 0.1524591 secs] [Times: user=0.90 sys=0.01, real=0.15 secs] 
3463.461: [GC (Allocation Failure) [PSYoungGen: 422944K->154560K(502272K)] 1326570K->1157055K(1900544K), 0.0525852 secs] [Times: user=0.31 sys=0.00, real=0.05 secs] 
3466.186: [GC (Allocation Failure) [PSYoungGen: 469440K->100832K(506880K)] 1471935K->1248919K(1905152K), 0.1736502 secs] [Times: user=1.04 sys=0.00, real=0.17 secs] 
3466.825: [GC (Allocation Failure) [PSYoungGen: 415712K->151456K(502272K)] 1563799K->1396856K(1900544K), 0.0505361 secs] [Times: user=0.30 sys=0.00, real=0.06 secs] 
3466.875: [Full GC (Ergonomics) [PSYoungGen: 151456K->0K(502272K)] [ParOldGen: 1245400K->195420K(1398272K)] 1396856K->195420K(1900544K), [Metaspace: 60233K->60233K(1105920K)], 0.4609119 secs] [Times: user=2.15 sys=0.00, real=0.46 secs] 
3470.267: [GC (Allocation Failure) [PSYoungGen: 311808K->101728K(505344K)] 507228K->297148K(1903616K), 0.0835789 secs] [Times: user=0.49 sys=0.00, real=0.08 secs] 
3470.996: [GC (Allocation Failure) [PSYoungGen: 413536K->149600K(502272K)] 608956K->443441K(1900544K), 0.0493844 secs] [Times: user=0.30 sys=0.00, real=0.05 secs] 
3473.531: [GC (Allocation Failure) [PSYoungGen: 460384K->101920K(504832K)] 754225K->536665K(1903104K), 0.1698303 secs] [Times: user=1.01 sys=0.00, real=0.17 secs] 
3474.946: [GC (Allocation Failure) [PSYoungGen: 412704K->149920K(502272K)] 847449K->683346K(1900544K), 0.0713230 secs] [Times: user=0.43 sys=0.00, real=0.07 secs] 
3478.578: [GC (Allocation Failure) [PSYoungGen: 460704K->95264K(504832K)] 994130K->770466K(1903104K), 0.1187170 secs] [Times: user=0.71 sys=0.00, real=0.12 secs] 
3479.468: [GC (Allocation Failure) [PSYoungGen: 406048K->151584K(499712K)] 1081250K->918887K(1897984K), 0.0688468 secs] [Times: user=0.40 sys=0.01, real=0.07 secs] 
3482.060: [GC (Allocation Failure) [PSYoungGen: 458272K->96064K(502784K)] 1225575K->1006839K(1901056K), 0.1176683 secs] [Times: user=0.70 sys=0.00, real=0.12 secs] 
3482.843: [GC (Allocation Failure) [PSYoungGen: 402752K->149632K(499200K)] 1313527K->1153460K(1897472K), 0.0500758 secs] [Times: user=0.29 sys=0.00, real=0.05 secs] 
3485.580: [GC (Allocation Failure) [PSYoungGen: 454272K->95264K(501760K)] 1458100K->1240388K(1900032K), 0.1571127 secs] [Times: user=0.94 sys=0.00, real=0.16 secs] 
3486.645: [GC (Allocation Failure) [PSYoungGen: 399904K->143488K(500736K)] 1545028K->1381249K(1899008K), 0.0501229 secs] [Times: user=0.29 sys=0.01, real=0.06 secs] 
3486.695: [Full GC (Ergonomics) [PSYoungGen: 143488K->0K(500736K)] [ParOldGen: 1237761K->178536K(1398272K)] 1381249K->178536K(1899008K), [Metaspace: 60237K->60237K(1105920K)], 0.4006560 secs] [Times: user=1.83 sys=0.00, real=0.40 secs] 
3488.503: [GC (Allocation Failure) [PSYoungGen: 306176K->102208K(408576K)] 484712K->280744K(1806848K), 0.0785413 secs] [Times: user=0.46 sys=0.00, real=0.08 secs] 
3489.892: [GC (Allocation Failure) [PSYoungGen: 408384K->143008K(500736K)] 586920K->421454K(1899008K), 0.1050928 secs] [Times: user=0.62 sys=0.00, real=0.11 secs] 
3492.326: [GC (Allocation Failure) [PSYoungGen: 451232K->102848K(501248K)] 729678K->516134K(1899520K), 0.1586474 secs] [Times: user=0.95 sys=0.00, real=0.15 secs] 
3493.835: [GC (Allocation Failure) [PSYoungGen: 411072K->141664K(502784K)] 824358K->655812K(1901056K), 0.0514190 secs] [Times: user=0.30 sys=0.00, real=0.05 secs] 
3496.472: [GC (Allocation Failure) [PSYoungGen: 454496K->105184K(503296K)] 968644K->752180K(1901568K), 0.0942425 secs] [Times: user=0.56 sys=0.01, real=0.10 secs] 
3497.270: [GC (GCLocker Initiated GC) [PSYoungGen: 418016K->145088K(503296K)] 1065013K->896146K(1901568K), 0.0721147 secs] [Times: user=0.43 sys=0.00, real=0.07 secs] 
3499.555: [GC (Allocation Failure) [PSYoungGen: 461504K->107200K(505344K)] 1212563K->994795K(1903616K), 0.0955207 secs] [Times: user=0.57 sys=0.00, real=0.10 secs] 
3500.381: [GC (Allocation Failure) [PSYoungGen: 423616K->151136K(504832K)] 1311211K->1144188K(1903104K), 0.0546209 secs] [Times: user=0.32 sys=0.00, real=0.06 secs] 
3503.362: [GC (Allocation Failure) [PSYoungGen: 470112K->102880K(508928K)] 1463164K->1238644K(1907200K), 0.1780862 secs] [Times: user=1.06 sys=0.01, real=0.18 secs] 
3505.293: [GC (Allocation Failure) [PSYoungGen: 421856K->150784K(504320K)] 1557620K->1386261K(1902592K), 0.0523519 secs] [Times: user=0.31 sys=0.00, real=0.06 secs] 
3505.345: [Full GC (Ergonomics) [PSYoungGen: 150784K->0K(504320K)] [ParOldGen: 1235477K->181846K(1398272K)] 1386261K->181846K(1902592K), [Metaspace: 60238K->60238K(1105920K)], 0.4371488 secs] [Times: user=2.04 sys=0.00, real=0.43 secs] 
3508.368: [GC (Allocation Failure) [PSYoungGen: 315736K->105760K(507904K)] 497582K->287606K(1906176K), 0.0959874 secs] [Times: user=0.56 sys=0.01, real=0.09 secs] 
3509.939: [GC (Allocation Failure) [PSYoungGen: 422688K->148096K(505856K)] 604534K->432658K(1904128K), 0.0520194 secs] [Times: user=0.31 sys=0.00, real=0.05 secs] 
3512.124: [GC (Allocation Failure) [PSYoungGen: 466048K->106144K(508416K)] 750610K->529435K(1906688K), 0.1635292 secs] [Times: user=0.98 sys=0.00, real=0.17 secs] 
3513.678: [GC (Allocation Failure) [PSYoungGen: 424096K->149248K(505856K)] 847387K->674831K(1904128K), 0.0520247 secs] [Times: user=0.31 sys=0.00, real=0.05 secs] 
3516.245: [GC (Allocation Failure) [PSYoungGen: 467200K->102304K(508416K)] 992783K->768295K(1906688K), 0.1596784 secs] [Times: user=0.95 sys=0.00, real=0.15 secs] 
3518.584: [GC (Allocation Failure) [PSYoungGen: 420256K->160192K(497152K)] 1086247K->924688K(1895424K), 0.0512554 secs] [Times: user=0.30 sys=0.00, real=0.06 secs] 
3520.135: [GC (Allocation Failure) [PSYoungGen: 468928K->102848K(503808K)] 1233424K->1010728K(1902080K), 0.1120602 secs] [Times: user=0.67 sys=0.00, real=0.11 secs] 
3520.779: [GC (Allocation Failure) [PSYoungGen: 411584K->151136K(500736K)] 1319464K->1157749K(1899008K), 0.0517628 secs] [Times: user=0.31 sys=0.00, real=0.05 secs] 
3522.830: [GC (Allocation Failure) [PSYoungGen: 458848K->100128K(503296K)] 1465461K->1249429K(1901568K), 0.1734339 secs] [Times: user=1.03 sys=0.00, real=0.17 secs] 
3524.423: [GC (Allocation Failure) [PSYoungGen: 407840K->147904K(502272K)] 1557141K->1393390K(1900544K), 0.0505389 secs] [Times: user=0.29 sys=0.00, real=0.05 secs] 
3524.474: [Full GC (Ergonomics) [PSYoungGen: 147904K->0K(502272K)] [ParOldGen: 1245486K->191445K(1398272K)] 1393390K->191445K(1900544K), [Metaspace: 60240K->60240K(1105920K)], 0.4492223 secs] [Times: user=2.08 sys=0.00, real=0.45 secs] 
3528.692: [GC (Allocation Failure) [PSYoungGen: 308736K->94048K(503808K)] 500181K->285493K(1902080K), 0.0708003 secs] [Times: user=0.42 sys=0.00, real=0.07 secs] 
3530.438: [GC (Allocation Failure) [PSYoungGen: 402784K->146784K(501760K)] 594229K->430186K(1900032K), 0.0571262 secs] [Times: user=0.33 sys=0.00, real=0.06 secs] 
3532.289: [GC (Allocation Failure) [PSYoungGen: 454496K->97856K(406016K)] 737898K->519914K(1804288K), 0.0937899 secs] [Times: user=0.56 sys=0.00, real=0.09 secs] 
3534.030: [GC (Allocation Failure) [PSYoungGen: 405568K->144832K(501760K)] 827626K->662883K(1900032K), 0.0504474 secs] [Times: user=0.30 sys=0.00, real=0.05 secs] 
3536.355: [GC (Allocation Failure) [PSYoungGen: 453056K->98656K(502784K)] 971107K->753275K(1901056K), 0.1667579 secs] [Times: user=0.99 sys=0.01, real=0.16 secs] 
3538.814: [GC (Allocation Failure) [PSYoungGen: 406880K->143936K(501760K)] 1061499K->894288K(1900032K), 0.0498268 secs] [Times: user=0.29 sys=0.00, real=0.05 secs] 
3540.173: [GC (Allocation Failure) [PSYoungGen: 453696K->102720K(502784K)] 1204048K->987756K(1901056K), 0.0828191 secs] [Times: user=0.49 sys=0.01, real=0.09 secs] 
3542.484: [GC (Allocation Failure) [PSYoungGen: 412480K->143264K(502784K)] 1297516K->1129184K(1901056K), 0.0518717 secs] [Times: user=0.31 sys=0.00, real=0.06 secs] 
3543.812: [GC (Allocation Failure) [PSYoungGen: 456096K->107904K(503808K)] 1442016K->1227849K(1902080K), 0.0680221 secs] [Times: user=0.41 sys=0.01, real=0.07 secs] 
3546.349: [GC (Allocation Failure) [PSYoungGen: 420736K->142400K(504832K)] 1540681K->1368789K(1903104K), 0.0540952 secs] [Times: user=0.32 sys=0.00, real=0.05 secs] 
3546.403: [Full GC (Ergonomics) [PSYoungGen: 142400K->0K(504832K)] [ParOldGen: 1226389K->166839K(1398272K)] 1368789K->166839K(1903104K), [Metaspace: 60243K->60243K(1105920K)], 0.3910441 secs] [Times: user=1.81 sys=0.00, real=0.39 secs] 
3549.293: [GC (Allocation Failure) [PSYoungGen: 317440K->104960K(505344K)] 484279K->271800K(1903616K), 0.0605061 secs] [Times: user=0.35 sys=0.00, real=0.06 secs] 
3551.080: [GC (Allocation Failure) [PSYoungGen: 422400K->145856K(506880K)] 589240K->415784K(1905152K), 0.0532161 secs] [Times: user=0.31 sys=0.01, real=0.05 secs] 
3553.194: [GC (Allocation Failure) [PSYoungGen: 467392K->110208K(508928K)] 737320K->517160K(1907200K), 0.1459384 secs] [Times: user=0.87 sys=0.00, real=0.15 secs] 
3555.141: [GC (Allocation Failure) [PSYoungGen: 431744K->158240K(501760K)] 838696K->672880K(1900032K), 0.0538300 secs] [Times: user=0.32 sys=0.00, real=0.05 secs] 
3557.458: [GC (Allocation Failure) [PSYoungGen: 476192K->105888K(508416K)] 990832K->761144K(1906688K), 0.1532519 secs] [Times: user=0.92 sys=0.00, real=0.15 secs] 
3559.480: [GC (Allocation Failure) [PSYoungGen: 423840K->158752K(498688K)] 1079096K->917260K(1896960K), 0.0539241 secs] [Times: user=0.31 sys=0.00, real=0.05 secs] 
3561.947: [GC (Allocation Failure) [PSYoungGen: 469536K->101312K(504832K)] 1228044K->1002092K(1903104K), 0.1640348 secs] [Times: user=0.97 sys=0.01, real=0.16 secs] 
3563.732: [GC (Allocation Failure) [PSYoungGen: 412096K->145152K(503808K)] 1312876K->1144385K(1902080K), 0.0512344 secs] [Times: user=0.30 sys=0.01, real=0.05 secs] 
3565.580: [GC (Allocation Failure) [PSYoungGen: 457984K->106176K(505344K)] 1457217K->1241517K(1903616K), 0.1365295 secs] [Times: user=0.81 sys=0.01, real=0.14 secs] 
3567.161: [GC (Allocation Failure) [PSYoungGen: 419008K->146816K(503808K)] 1554349K->1385021K(1902080K), 0.0538176 secs] [Times: user=0.32 sys=0.01, real=0.06 secs] 
3567.215: [Full GC (Ergonomics) [PSYoungGen: 146816K->0K(503808K)] [ParOldGen: 1238205K->183384K(1398272K)] 1385021K->183384K(1902080K), [Metaspace: 60246K->60246K(1105920K)], 0.4315008 secs] [Times: user=2.00 sys=0.00, real=0.43 secs] 
3569.037: [GC (Allocation Failure) [PSYoungGen: 313856K->106112K(505344K)] 497240K->289496K(1903616K), 0.0535781 secs] [Times: user=0.31 sys=0.00, real=0.05 secs] 
3570.638: [GC (Allocation Failure) [PSYoungGen: 419968K->147968K(504832K)] 603352K->433281K(1903104K), 0.0516543 secs] [Times: user=0.30 sys=0.00, real=0.05 secs] 
3572.957: [GC (Allocation Failure) [PSYoungGen: 463872K->105600K(506368K)] 749185K->529681K(1904640K), 0.1436126 secs] [Times: user=0.86 sys=0.00, real=0.14 secs] 
3573.848: [GC (Allocation Failure) [PSYoungGen: 421504K->153984K(502272K)] 845585K->680313K(1900544K), 0.0526661 secs] [Times: user=0.31 sys=0.00, real=0.05 secs] 
3577.146: [GC (Allocation Failure) [PSYoungGen: 467840K->97952K(506368K)] 994169K->770057K(1904640K), 0.1244569 secs] [Times: user=0.74 sys=0.00, real=0.12 secs] 
3578.506: [GC (Allocation Failure) [PSYoungGen: 411808K->151008K(502272K)] 1083913K->916974K(1900544K), 0.0496197 secs] [Times: user=0.30 sys=0.00, real=0.05 secs] 
3580.510: [GC (Allocation Failure) [PSYoungGen: 461792K->100320K(504832K)] 1227758K->1008282K(1903104K), 0.1611517 secs] [Times: user=0.95 sys=0.01, real=0.16 secs] 
3581.541: [GC (Allocation Failure) [PSYoungGen: 411104K->150400K(501248K)] 1319066K->1154415K(1899520K), 0.0499290 secs] [Times: user=0.30 sys=0.00, real=0.05 secs] 
3583.119: [GC (Allocation Failure) [PSYoungGen: 459136K->101120K(503808K)] 1463151K->1246735K(1902080K), 0.1192765 secs] [Times: user=0.71 sys=0.00, real=0.12 secs] 
3583.689: [GC (Allocation Failure) [PSYoungGen: 409856K->150496K(500224K)] 1555471K->1394368K(1898496K), 0.0520410 secs] [Times: user=0.31 sys=0.00, real=0.05 secs] 
3583.741: [Full GC (Ergonomics) [PSYoungGen: 150496K->0K(500224K)] [ParOldGen: 1243872K->192071K(1398272K)] 1394368K->192071K(1898496K), [Metaspace: 60246K->60246K(1105920K)], 0.4439609 secs] [Times: user=2.04 sys=0.00, real=0.45 secs] 
3587.502: [GC (Allocation Failure) [PSYoungGen: 307712K->95360K(503296K)] 499783K->287431K(1901568K), 0.0945064 secs] [Times: user=0.55 sys=0.00, real=0.10 secs] 
3588.950: [GC (Allocation Failure) [PSYoungGen: 403072K->152704K(497664K)] 595143K->437468K(1895936K), 0.0487578 secs] [Times: user=0.29 sys=0.00, real=0.05 secs] 
3590.943: [GC (GCLocker Initiated GC) [PSYoungGen: 456320K->97824K(501248K)] 741084K->518172K(1899520K), 0.1613165 secs] [Times: user=0.96 sys=0.01, real=0.16 secs] 
3592.259: [GC (Allocation Failure) [PSYoungGen: 401440K->143968K(499712K)] 821823K->659003K(1897984K), 0.0497357 secs] [Times: user=0.29 sys=0.00, real=0.05 secs] 
3593.847: [GC (Allocation Failure) [PSYoungGen: 449632K->104064K(501248K)] 964667K->753859K(1899520K), 0.1063934 secs] [Times: user=0.63 sys=0.00, real=0.10 secs] 
3595.330: [GC (Allocation Failure) [PSYoungGen: 409728K->142496K(501760K)] 1059523K->893552K(1900032K), 0.0518094 secs] [Times: user=0.30 sys=0.00, real=0.05 secs] 
3596.913: [GC (Allocation Failure) [PSYoungGen: 451744K->105952K(501760K)] 1202800K->990368K(1900032K), 0.0970513 secs] [Times: user=0.58 sys=0.00, real=0.10 secs] 
3599.054: [GC (Allocation Failure) [PSYoungGen: 415200K->140896K(503808K)] 1299616K->1129365K(1902080K), 0.0534576 secs] [Times: user=0.32 sys=0.00, real=0.06 secs] 
3600.889: [GC (Allocation Failure) [PSYoungGen: 455264K->104448K(503296K)] 1443733K->1224789K(1901568K), 0.1587765 secs] [Times: user=0.95 sys=0.00, real=0.16 secs] 
3602.974: [GC (Allocation Failure) [PSYoungGen: 418816K->144640K(505344K)] 1539157K->1367010K(1903616K), 0.0532138 secs] [Times: user=0.31 sys=0.00, real=0.06 secs] 
3604.414: [GC (Allocation Failure) [PSYoungGen: 463616K->110464K(506880K)] 1685986K->1468302K(1905152K), 0.0914863 secs] [Times: user=0.54 sys=0.00, real=0.10 secs] 
3604.505: [Full GC (Ergonomics) [PSYoungGen: 110464K->0K(506880K)] [ParOldGen: 1357838K->29630K(1398272K)] 1468302K->29630K(1905152K), [Metaspace: 60369K->60369K(1105920K)], 0.0491985 secs] [Times: user=0.17 sys=0.00, real=0.04 secs] 
3606.194: [GC (Allocation Failure) [PSYoungGen: 318976K->145728K(506880K)] 348606K->175358K(1905152K), 0.0289069 secs] [Times: user=0.17 sys=0.00, real=0.03 secs] 
3608.121: [GC (Allocation Failure) [PSYoungGen: 468288K->112768K(508928K)] 497918K->278946K(1907200K), 0.1526485 secs] [Times: user=0.90 sys=0.01, real=0.15 secs] 
3610.033: [GC (Allocation Failure) [PSYoungGen: 435328K->150688K(507392K)] 601506K->427247K(1905664K), 0.0538233 secs] [Times: user=0.31 sys=0.01, real=0.06 secs] 
3612.219: [GC (Allocation Failure) [PSYoungGen: 475296K->109952K(510976K)] 751855K->528203K(1909248K), 0.1469139 secs] [Times: user=0.88 sys=0.00, real=0.15 secs] 
3612.942: [GC (Allocation Failure) [PSYoungGen: 434560K->154336K(505856K)] 852811K->678300K(1904128K), 0.0536406 secs] [Times: user=0.31 sys=0.00, real=0.06 secs] 
3614.761: [GC (Allocation Failure) [PSYoungGen: 476384K->110304K(510464K)] 1000348K->779248K(1908736K), 0.0998955 secs] [Times: user=0.59 sys=0.00, real=0.10 secs] 
3615.358: [GC (GCLocker Initiated GC) [PSYoungGen: 432352K->152320K(506368K)] 1101297K->928186K(1904640K), 0.0836603 secs] [Times: user=0.50 sys=0.00, real=0.08 secs] 
3618.320: [GC (Allocation Failure) [PSYoungGen: 473344K->95808K(509952K)] 1249212K->1023720K(1908224K), 0.1179565 secs] [Times: user=0.71 sys=0.00, real=0.12 secs] 
3618.972: [GC (Allocation Failure) [PSYoungGen: 416832K->157952K(498688K)] 1344744K->1176545K(1896960K), 0.0773471 secs] [Times: user=0.46 sys=0.00, real=0.08 secs] 
3622.457: [GC (Allocation Failure) [PSYoungGen: 467712K->86560K(396800K)] 1486305K->1263257K(1795072K), 0.1473308 secs] [Times: user=0.88 sys=0.00, real=0.14 secs] 
3622.870: [GC (Allocation Failure) [PSYoungGen: 396320K->154208K(495616K)] 1573017K->1411450K(1893888K), 0.0538083 secs] [Times: user=0.32 sys=0.00, real=0.05 secs] 
3622.924: [Full GC (Ergonomics) [PSYoungGen: 154208K->0K(495616K)] [ParOldGen: 1257242K->215359K(1398272K)] 1411450K->215359K(1893888K), [Metaspace: 60369K->60369K(1105920K)], 0.5253239 secs] [Times: user=2.46 sys=0.00, real=0.53 secs] 
3626.461: [GC (Allocation Failure) [PSYoungGen: 299225K->85824K(499712K)] 514585K->301183K(1897984K), 0.1308452 secs] [Times: user=0.78 sys=0.00, real=0.13 secs] 
3626.853: [GC (Allocation Failure) [PSYoungGen: 372662K->137952K(494592K)] 588022K->435472K(1892864K), 0.0468042 secs] [Times: user=0.28 sys=0.00, real=0.05 secs] 
3629.261: [GC (Allocation Failure) [PSYoungGen: 438496K->93856K(497152K)] 736016K->520984K(1895424K), 0.1470576 secs] [Times: user=0.87 sys=0.01, real=0.15 secs] 
3630.284: [GC (Allocation Failure) [PSYoungGen: 394400K->144736K(501760K)] 821528K->661689K(1900032K), 0.0482485 secs] [Times: user=0.29 sys=0.00, real=0.05 secs] 
3632.850: [GC (Allocation Failure) [PSYoungGen: 451424K->99424K(406528K)] 968377K->752205K(1804800K), 0.1684759 secs] [Times: user=1.01 sys=0.00, real=0.17 secs] 
3634.327: [GC (Allocation Failure) [PSYoungGen: 406112K->146272K(498688K)] 1058893K->895958K(1896960K), 0.0505529 secs] [Times: user=0.30 sys=0.00, real=0.05 secs] 
3637.525: [GC (Allocation Failure) [PSYoungGen: 451936K->99264K(500736K)] 1201622K->986606K(1899008K), 0.1625997 secs] [Times: user=0.97 sys=0.01, real=0.17 secs] 
3639.657: [GC (Allocation Failure) [PSYoungGen: 404928K->141408K(503296K)] 1292270K->1125475K(1901568K), 0.0514423 secs] [Times: user=0.30 sys=0.00, real=0.05 secs] 
3641.320: [GC (Allocation Failure) [PSYoungGen: 452192K->106560K(417792K)] 1436259K->1222731K(1816064K), 0.1241495 secs] [Times: user=0.74 sys=0.00, real=0.12 secs] 
3642.686: [GC (Allocation Failure) [PSYoungGen: 417344K->143968K(500736K)] 1533515K->1363720K(1899008K), 0.0530507 secs] [Times: user=0.32 sys=0.00, real=0.05 secs] 
3642.739: [Full GC (Ergonomics) [PSYoungGen: 143968K->0K(500736K)] [ParOldGen: 1219752K->170143K(1398272K)] 1363720K->170143K(1899008K), [Metaspace: 60374K->60374K(1105920K)], 0.4010287 secs] [Times: user=1.86 sys=0.00, real=0.40 secs] 
3644.629: [GC (Allocation Failure) [PSYoungGen: 312320K->106688K(502272K)] 482463K->276831K(1900544K), 0.0667458 secs] [Times: user=0.39 sys=0.00, real=0.07 secs] 
3646.312: [GC (Allocation Failure) [PSYoungGen: 419008K->146176K(504320K)] 589151K->420091K(1902592K), 0.0538776 secs] [Times: user=0.32 sys=0.00, real=0.06 secs] 
3648.528: [GC (Allocation Failure) [PSYoungGen: 464128K->106496K(506880K)] 738043K->517667K(1905152K), 0.1736820 secs] [Times: user=1.03 sys=0.01, real=0.17 secs] 
3651.221: [GC (Allocation Failure) [PSYoungGen: 424448K->146912K(506880K)] 835619K->661496K(1905152K), 0.0520959 secs] [Times: user=0.31 sys=0.00, real=0.05 secs] 
3652.744: [GC (Allocation Failure) [PSYoungGen: 467936K->110400K(431616K)] 982520K->762160K(1829888K), 0.0915607 secs] [Times: user=0.54 sys=0.00, real=0.10 secs] 
3653.762: [GC (GCLocker Initiated GC) [PSYoungGen: 431424K->149632K(505344K)] 1083186K->910018K(1903616K), 0.0622437 secs] [Times: user=0.37 sys=0.00, real=0.06 secs] 
3655.836: [GC (Allocation Failure) [PSYoungGen: 470656K->109408K(508928K)] 1231042K->1010514K(1907200K), 0.1478473 secs] [Times: user=0.88 sys=0.00, real=0.14 secs] 
3657.077: [GC (Allocation Failure) [PSYoungGen: 430432K->152384K(505856K)] 1331538K->1159603K(1904128K), 0.0539160 secs] [Times: user=0.32 sys=0.00, real=0.05 secs] 
3659.824: [GC (Allocation Failure) [PSYoungGen: 473408K->107488K(509952K)] 1480627K->1258075K(1908224K), 0.1286752 secs] [Times: user=0.76 sys=0.00, real=0.13 secs] 
3660.424: [GC (Allocation Failure) [PSYoungGen: 428512K->156544K(501248K)] 1579099K->1410468K(1899520K), 0.0550105 secs] [Times: user=0.29 sys=0.00, real=0.06 secs] 
3660.480: [Full GC (Ergonomics) [PSYoungGen: 156544K->0K(501248K)] [ParOldGen: 1253924K->207619K(1398272K)] 1410468K->207619K(1899520K), [Metaspace: 60394K->60394K(1105920K)], 0.4749319 secs] [Times: user=2.15 sys=0.00, real=0.47 secs] 
3665.224: [GC (Allocation Failure) [PSYoungGen: 314880K->89088K(506880K)] 522499K->296707K(1905152K), 0.1531346 secs] [Times: user=0.91 sys=0.00, real=0.16 secs] 
3666.005: [GC (Allocation Failure) [PSYoungGen: 403968K->151936K(499712K)] 611587K->445288K(1897984K), 0.0528143 secs] [Times: user=0.31 sys=0.00, real=0.06 secs] 
3668.335: [GC (Allocation Failure) [PSYoungGen: 459648K->91552K(503296K)] 753000K->536632K(1901568K), 0.1540170 secs] [Times: user=0.91 sys=0.00, real=0.16 secs] 
3668.852: [GC (Allocation Failure) [PSYoungGen: 384680K->141440K(500736K)] 829760K->674443K(1899008K), 0.0494568 secs] [Times: user=0.30 sys=0.00, real=0.05 secs] 
3672.115: [GC (Allocation Failure) [PSYoungGen: 449664K->98592K(502272K)] 982667K->764875K(1900544K), 0.1645750 secs] [Times: user=0.99 sys=0.00, real=0.16 secs] 
3673.404: [GC (Allocation Failure) [PSYoungGen: 406816K->146624K(502272K)] 1073099K->907772K(1900544K), 0.0486908 secs] [Times: user=0.29 sys=0.00, real=0.05 secs] 
3675.665: [GC (Allocation Failure) [PSYoungGen: 456896K->102432K(413184K)] 1218044K->1001788K(1811456K), 0.1652695 secs] [Times: user=0.98 sys=0.00, real=0.17 secs] 
3677.443: [GC (Allocation Failure) [PSYoungGen: 412704K->146112K(502272K)] 1312060K->1144021K(1900544K), 0.0511043 secs] [Times: user=0.30 sys=0.00, real=0.05 secs] 
3679.536: [GC (Allocation Failure) [PSYoungGen: 457408K->102016K(503808K)] 1455317K->1237193K(1902080K), 0.1657230 secs] [Times: user=0.99 sys=0.00, real=0.16 secs] 
3680.977: [GC (Allocation Failure) [PSYoungGen: 413312K->147840K(502784K)] 1548489K->1381538K(1901056K), 0.0847734 secs] [Times: user=0.45 sys=0.01, real=0.08 secs] 
3681.062: [Full GC (Ergonomics) [PSYoungGen: 147840K->0K(502784K)] [ParOldGen: 1233698K->187683K(1398272K)] 1381538K->187683K(1901056K), [Metaspace: 60394K->60394K(1105920K)], 0.4558403 secs] [Times: user=2.13 sys=0.00, real=0.46 secs] 
3684.262: [GC (Allocation Failure) [PSYoungGen: 312832K->103008K(505344K)] 500515K->290691K(1903616K), 0.0954044 secs] [Times: user=0.57 sys=0.00, real=0.10 secs] 
3685.302: [GC (Allocation Failure) [PSYoungGen: 415840K->149440K(502784K)] 603523K->436632K(1901056K), 0.0507574 secs] [Times: user=0.30 sys=0.00, real=0.05 secs] 
3689.275: [GC (Allocation Failure) [PSYoungGen: 462784K->99200K(505856K)] 749976K->526936K(1904128K), 0.1340951 secs] [Times: user=0.80 sys=0.00, real=0.14 secs] 
3691.070: [GC (Allocation Failure) [PSYoungGen: 412544K->149536K(502272K)] 840280K->673461K(1900544K), 0.0952660 secs] [Times: user=0.56 sys=0.00, real=0.10 secs] 
3693.509: [GC (Allocation Failure) [PSYoungGen: 461344K->101536K(505344K)] 985269K->766557K(1903616K), 0.1156603 secs] [Times: user=0.68 sys=0.00, real=0.11 secs] 
3694.309: [GC (Allocation Failure) [PSYoungGen: 413344K->150432K(501760K)] 1078365K->913317K(1900032K), 0.0512703 secs] [Times: user=0.30 sys=0.00, real=0.05 secs] 
3696.198: [GC (Allocation Failure) [PSYoungGen: 461216K->103232K(504832K)] 1224101K->1007581K(1903104K), 0.1288610 secs] [Times: user=0.77 sys=0.00, real=0.13 secs] 
3697.192: [GC (Allocation Failure) [PSYoungGen: 414016K->151648K(500224K)] 1318365K->1156226K(1898496K), 0.0951641 secs] [Times: user=0.56 sys=0.00, real=0.10 secs] 
3699.938: [GC (Allocation Failure) [PSYoungGen: 460384K->97728K(503808K)] 1464962K->1245786K(1902080K), 0.1466350 secs] [Times: user=0.87 sys=0.00, real=0.14 secs] 
3701.353: [GC (Allocation Failure) [PSYoungGen: 406464K->147008K(502784K)] 1554522K->1388663K(1901056K), 0.0491088 secs] [Times: user=0.29 sys=0.00, real=0.05 secs] 
3701.402: [Full GC (Ergonomics) [PSYoungGen: 147008K->0K(502784K)] [ParOldGen: 1241655K->185580K(1398272K)] 1388663K->185580K(1901056K), [Metaspace: 60403K->60403K(1105920K)], 0.4229740 secs] [Times: user=1.87 sys=0.00, real=0.42 secs] 
3704.287: [GC (Allocation Failure) [PSYoungGen: 309760K->101792K(411648K)] 495340K->287372K(1809920K), 0.0864249 secs] [Times: user=0.51 sys=0.00, real=0.08 secs] 
3706.450: [GC (Allocation Failure) [PSYoungGen: 411552K->146432K(501760K)] 597132K->430865K(1900032K), 0.0506371 secs] [Times: user=0.30 sys=0.00, real=0.05 secs] 
3708.786: [GC (Allocation Failure) [PSYoungGen: 456192K->100640K(503296K)] 740625K->523085K(1901568K), 0.1495833 secs] [Times: user=0.90 sys=0.00, real=0.15 secs] 
3710.032: [GC (Allocation Failure) [PSYoungGen: 410400K->148128K(501760K)] 832845K->668334K(1900032K), 0.0507804 secs] [Times: user=0.30 sys=0.00, real=0.05 secs] 
3712.055: [GC (Allocation Failure) [PSYoungGen: 458912K->103296K(504320K)] 979118K->762830K(1902592K), 0.1346963 secs] [Times: user=0.80 sys=0.00, real=0.13 secs] 
3713.570: [GC (Allocation Failure) [PSYoungGen: 414080K->143552K(503808K)] 1073614K->904350K(1902080K), 0.0789666 secs] [Times: user=0.47 sys=0.00, real=0.08 secs] 
3716.264: [GC (Allocation Failure) [PSYoungGen: 456896K->103840K(504832K)] 1217694K->1000054K(1903104K), 0.1716573 secs] [Times: user=1.02 sys=0.01, real=0.18 secs] 
3717.809: [GC (Allocation Failure) [PSYoungGen: 417184K->147840K(502784K)] 1313398K->1145071K(1901056K), 0.0523121 secs] [Times: user=0.31 sys=0.00, real=0.05 secs] 
3720.487: [GC (Allocation Failure) [PSYoungGen: 462208K->103072K(505344K)] 1459439K->1239187K(1903616K), 0.1426251 secs] [Times: user=0.85 sys=0.00, real=0.14 secs] 
3721.698: [GC (Allocation Failure) [PSYoungGen: 417440K->146528K(505856K)] 1553555K->1383572K(1904128K), 0.0547902 secs] [Times: user=0.32 sys=0.01, real=0.05 secs] 
3721.753: [Full GC (Ergonomics) [PSYoungGen: 146528K->0K(505856K)] [ParOldGen: 1237044K->179988K(1398272K)] 1383572K->179988K(1904128K), [Metaspace: 60403K->60403K(1105920K)], 0.4237967 secs] [Times: user=1.95 sys=0.00, real=0.43 secs] 
3724.580: [GC (Allocation Failure) [PSYoungGen: 317440K->106400K(423936K)] 497428K->286388K(1822208K), 0.0911012 secs] [Times: user=0.54 sys=0.00, real=0.09 secs] 
3726.054: [GC (Allocation Failure) [PSYoungGen: 423840K->149024K(504320K)] 603828K->432953K(1902592K), 0.0527062 secs] [Times: user=0.31 sys=0.01, real=0.06 secs] 
3727.884: [GC (Allocation Failure) [PSYoungGen: 465952K->106240K(507392K)] 749881K->530837K(1905664K), 0.1040330 secs] [Times: user=0.61 sys=0.01, real=0.11 secs] 
3728.386: [GC (Allocation Failure) [PSYoungGen: 423168K->155136K(501248K)] 847765K->682603K(1899520K), 0.0597698 secs] [Times: user=0.35 sys=0.00, real=0.06 secs] 
3731.734: [GC (Allocation Failure) [PSYoungGen: 468992K->97152K(506368K)] 996459K->771675K(1904640K), 0.1609390 secs] [Times: user=0.96 sys=0.01, real=0.16 secs] 
3733.406: [GC (Allocation Failure) [PSYoungGen: 411008K->150400K(501760K)] 1085531K->917660K(1900032K), 0.0496161 secs] [Times: user=0.30 sys=0.00, real=0.05 secs] 
3735.901: [GC (Allocation Failure) [PSYoungGen: 461184K->100064K(504832K)] 1228444K->1008360K(1903104K), 0.1621795 secs] [Times: user=0.97 sys=0.00, real=0.16 secs] 
3736.973: [GC (Allocation Failure) [PSYoungGen: 410848K->151584K(499712K)] 1319144K->1156149K(1897984K), 0.0515922 secs] [Times: user=0.31 sys=0.00, real=0.05 secs] 
3739.554: [GC (Allocation Failure) [PSYoungGen: 459296K->97184K(503296K)] 1463861K->1245009K(1901568K), 0.1569361 secs] [Times: user=0.93 sys=0.00, real=0.16 secs] 
3740.539: [GC (Allocation Failure) [PSYoungGen: 404896K->147968K(501248K)] 1552721K->1388390K(1899520K), 0.0494245 secs] [Times: user=0.29 sys=0.00, real=0.05 secs] 
3740.588: [Full GC (Ergonomics) [PSYoungGen: 147968K->0K(501248K)] [ParOldGen: 1240422K->185798K(1398272K)] 1388390K->185798K(1899520K), [Metaspace: 60403K->60403K(1105920K)], 0.4431928 secs] [Times: user=2.06 sys=0.00, real=0.44 secs] 
3743.439: [GC (Allocation Failure) [PSYoungGen: 307712K->101728K(409600K)] 493510K->287526K(1807872K), 0.0982727 secs] [Times: user=0.58 sys=0.00, real=0.10 secs] 
3744.394: [GC (Allocation Failure) [PSYoungGen: 409440K->145664K(501760K)] 595238K->430791K(1900032K), 0.0506803 secs] [Times: user=0.30 sys=0.00, real=0.05 secs] 
3746.576: [GC (Allocation Failure) [PSYoungGen: 454400K->100288K(502784K)] 739527K->522495K(1901056K), 0.1751591 secs] [Times: user=1.05 sys=0.00, real=0.17 secs] 
3748.461: [GC (Allocation Failure) [PSYoungGen: 409024K->144768K(502272K)] 831231K->664136K(1900544K), 0.0503158 secs] [Times: user=0.30 sys=0.00, real=0.05 secs] 
3750.381: [GC (Allocation Failure) [PSYoungGen: 455552K->103072K(503296K)] 974920K->758200K(1901568K), 0.1520414 secs] [Times: user=0.91 sys=0.01, real=0.15 secs] 
3752.363: [GC (Allocation Failure) [PSYoungGen: 413856K->144576K(503808K)] 1068984K->899629K(1902080K), 0.0518473 secs] [Times: user=0.31 sys=0.00, real=0.06 secs] 
3754.135: [GC (Allocation Failure) [PSYoungGen: 458432K->104608K(504832K)] 1213485K->994765K(1903104K), 0.1263658 secs] [Times: user=0.75 sys=0.00, real=0.12 secs] 
3755.214: [GC (Allocation Failure) [PSYoungGen: 418464K->147328K(503296K)] 1308621K->1139329K(1901568K), 0.0523439 secs] [Times: user=0.31 sys=0.00, real=0.06 secs] 
3757.720: [GC (Allocation Failure) [PSYoungGen: 462720K->105632K(505856K)] 1454721K->1235393K(1904128K), 0.1650548 secs] [Times: user=0.98 sys=0.00, real=0.16 secs] 
3759.682: [GC (Allocation Failure) [PSYoungGen: 421024K->147328K(505344K)] 1550785K->1379698K(1903616K), 0.0528968 secs] [Times: user=0.32 sys=0.00, real=0.06 secs] 
3759.735: [Full GC (Ergonomics) [PSYoungGen: 147328K->0K(505344K)] [ParOldGen: 1232370K->177334K(1398272K)] 1379698K->177334K(1903616K), [Metaspace: 60403K->60403K(1105920K)], 0.4197273 secs] [Times: user=1.95 sys=0.00, real=0.41 secs] 
3762.406: [GC (Allocation Failure) [PSYoungGen: 317952K->106144K(507904K)] 495286K->283478K(1906176K), 0.1066967 secs] [Times: user=0.63 sys=0.01, real=0.10 secs] 
3765.032: [GC (Allocation Failure) [PSYoungGen: 424096K->147168K(505856K)] 601430K->427887K(1904128K), 0.0527449 secs] [Times: user=0.31 sys=0.00, real=0.05 secs] 
3767.047: [GC (Allocation Failure) [PSYoungGen: 466144K->108000K(508416K)] 746863K->526635K(1906688K), 0.1726415 secs] [Times: user=1.02 sys=0.00, real=0.17 secs] 
3768.141: [GC (Allocation Failure) [PSYoungGen: 426976K->159776K(498688K)] 845611K->683388K(1896960K), 0.0543600 secs] [Times: user=0.32 sys=0.00, real=0.06 secs] 
3770.275: [GC (Allocation Failure) [PSYoungGen: 472608K->101792K(505856K)] 996220K->768564K(1904128K), 0.1715126 secs] [Times: user=1.03 sys=0.00, real=0.17 secs] 
3771.391: [GC (Allocation Failure) [PSYoungGen: 414624K->149152K(503808K)] 1081396K->913869K(1902080K), 0.0524777 secs] [Times: user=0.30 sys=0.01, real=0.05 secs] 
3773.946: [GC (Allocation Failure) [PSYoungGen: 461984K->102112K(505856K)] 1226701K->1007205K(1904128K), 0.1525978 secs] [Times: user=0.90 sys=0.00, real=0.15 secs] 
3776.100: [GC (Allocation Failure) [PSYoungGen: 414944K->157248K(496640K)] 1320037K->1160730K(1894912K), 0.0524404 secs] [Times: user=0.31 sys=0.00, real=0.05 secs] 
3777.969: [GC (Allocation Failure) [PSYoungGen: 462912K->100480K(502272K)] 1466394K->1244102K(1900544K), 0.1765639 secs] [Times: user=1.05 sys=0.01, real=0.18 secs] 
3779.743: [GC (Allocation Failure) [PSYoungGen: 406144K->144896K(500224K)] 1549766K->1385287K(1898496K), 0.0527614 secs] [Times: user=0.32 sys=0.00, real=0.06 secs] 
3779.796: [Full GC (Ergonomics) [PSYoungGen: 144896K->0K(500224K)] [ParOldGen: 1240391K->182999K(1398272K)] 1385287K->182999K(1898496K), [Metaspace: 60403K->60403K(1105920K)], 0.4200429 secs] [Times: user=1.93 sys=0.00, real=0.42 secs] 
3782.665: [GC (Allocation Failure) [PSYoungGen: 307712K->98656K(502272K)] 490711K->281655K(1900544K), 0.0955035 secs] [Times: user=0.57 sys=0.00, real=0.09 secs] 
3784.654: [GC (Allocation Failure) [PSYoungGen: 406368K->143936K(503808K)] 589367K->423404K(1902080K), 0.0500900 secs] [Times: user=0.30 sys=0.00, real=0.05 secs] 
3786.476: [GC (Allocation Failure) [PSYoungGen: 455232K->103392K(414720K)] 734700K->518172K(1812992K), 0.1664092 secs] [Times: user=1.00 sys=0.01, real=0.16 secs] 
3788.382: [GC (Allocation Failure) [PSYoungGen: 414688K->145728K(502272K)] 829468K->660501K(1900544K), 0.0516380 secs] [Times: user=0.30 sys=0.00, real=0.05 secs] 
3790.026: [GC (Allocation Failure) [PSYoungGen: 457536K->106528K(503808K)] 972309K->757629K(1902080K), 0.1226870 secs] [Times: user=0.73 sys=0.01, real=0.12 secs] 
3792.976: [GC (Allocation Failure) [PSYoungGen: 418336K->143232K(504832K)] 1069437K->898034K(1903104K), 0.0521065 secs] [Times: user=0.31 sys=0.00, real=0.05 secs] 
3794.681: [GC (Allocation Failure) [PSYoungGen: 459136K->108224K(505344K)] 1213938K->997006K(1903616K), 0.1618893 secs] [Times: user=0.96 sys=0.00, real=0.16 secs] 
3795.914: [GC (Allocation Failure) [PSYoungGen: 424128K->149600K(502784K)] 1312910K->1144199K(1901056K), 0.0534002 secs] [Times: user=0.31 sys=0.00, real=0.06 secs] 
3798.799: [GC (Allocation Failure) [PSYoungGen: 466528K->105184K(506368K)] 1461127K->1240735K(1904640K), 0.1662958 secs] [Times: user=0.98 sys=0.00, real=0.17 secs] 
3799.846: [GC (GCLocker Initiated GC) [PSYoungGen: 422112K->146880K(507904K)] 1557664K->1385325K(1906176K), 0.0531815 secs] [Times: user=0.31 sys=0.00, real=0.05 secs] 
3799.899: [Full GC (Ergonomics) [PSYoungGen: 146880K->0K(507904K)] [ParOldGen: 1238445K->183037K(1398272K)] 1385325K->183037K(1906176K), [Metaspace: 60404K->60404K(1105920K)], 0.4276573 secs] [Times: user=1.97 sys=0.00, real=0.43 secs] 
3803.128: [GC (Allocation Failure) [PSYoungGen: 321024K->105760K(427008K)] 504063K->288799K(1825280K), 0.0440327 secs] [Times: user=0.25 sys=0.01, real=0.04 secs] 
3804.599: [GC (Allocation Failure) [PSYoungGen: 426784K->152160K(505344K)] 609823K->437175K(1903616K), 0.0518461 secs] [Times: user=0.31 sys=0.00, real=0.05 secs] 
3806.901: [GC (Allocation Failure) [PSYoungGen: 471136K->107712K(508928K)] 756151K->535496K(1907200K), 0.1326454 secs] [Times: user=0.79 sys=0.00, real=0.13 secs] 
3807.626: [GC (Allocation Failure) [PSYoungGen: 421290K->150560K(505344K)] 849074K->683168K(1903616K), 0.0790605 secs] [Times: user=0.47 sys=0.00, real=0.08 secs] 
3810.924: [GC (Allocation Failure) [PSYoungGen: 468512K->98784K(508416K)] 1001120K->773880K(1906688K), 0.1622583 secs] [Times: user=0.96 sys=0.00, real=0.17 secs] 
3812.188: [GC (Allocation Failure) [PSYoungGen: 411043K->151648K(503296K)] 1086139K->922045K(1901568K), 0.0497977 secs] [Times: user=0.30 sys=0.00, real=0.05 secs] 
3814.488: [GC (Allocation Failure) [PSYoungGen: 465504K->99808K(506368K)] 1235901K->1013629K(1904640K), 0.1624856 secs] [Times: user=0.97 sys=0.00, real=0.16 secs] 
3815.966: [GC (Allocation Failure) [PSYoungGen: 412788K->151072K(501760K)] 1326610K->1160950K(1900032K), 0.0496814 secs] [Times: user=0.29 sys=0.00, real=0.05 secs] 
3818.530: [GC (Allocation Failure) [PSYoungGen: 461856K->96384K(504832K)] 1471734K->1248862K(1903104K), 0.1712731 secs] [Times: user=1.02 sys=0.00, real=0.17 secs] 
3820.582: [GC (Allocation Failure) [PSYoungGen: 407168K->150144K(500224K)] 1559646K->1394742K(1898496K), 0.0496181 secs] [Times: user=0.30 sys=0.00, real=0.05 secs] 
3820.632: [Full GC (Ergonomics) [PSYoungGen: 150144K->0K(500224K)] [ParOldGen: 1244598K->191877K(1398272K)] 1394742K->191877K(1898496K), [Metaspace: 60405K->60405K(1105920K)], 0.4533789 secs] [Times: user=2.10 sys=0.00, real=0.46 secs] 
3823.140: [GC (Allocation Failure) [PSYoungGen: 307712K->98304K(503296K)] 499589K->290181K(1901568K), 0.0740190 secs] [Times: user=0.44 sys=0.01, real=0.07 secs] 
3824.360: [GC (Allocation Failure) [PSYoungGen: 406016K->155264K(496128K)] 597893K->441410K(1894400K), 0.0490702 secs] [Times: user=0.29 sys=0.00, real=0.05 secs] 
3826.467: [GC (Allocation Failure) [PSYoungGen: 457856K->101440K(500736K)] 744002K->525546K(1899008K), 0.1520168 secs] [Times: user=0.90 sys=0.01, real=0.15 secs] 
3827.520: [GC (Allocation Failure) [PSYoungGen: 404032K->141280K(496640K)] 828138K->664539K(1894912K), 0.0511763 secs] [Times: user=0.31 sys=0.00, real=0.05 secs] 
3829.527: [GC (Allocation Failure) [PSYoungGen: 446432K->102720K(499712K)] 969691K->758303K(1897984K), 0.1116166 secs] [Times: user=0.66 sys=0.01, real=0.11 secs] 
3830.689: [GC (Allocation Failure) [PSYoungGen: 407872K->154048K(498176K)] 1063455K->909830K(1896448K), 0.0523505 secs] [Times: user=0.31 sys=0.00, real=0.05 secs] 
3832.764: [GC (Allocation Failure) [PSYoungGen: 460736K->100480K(502784K)] 1216518K->993766K(1901056K), 0.1535246 secs] [Times: user=0.92 sys=0.00, real=0.16 secs] 
3833.769: [GC (Allocation Failure) [PSYoungGen: 407168K->144800K(502784K)] 1300454K->1136051K(1901056K), 0.0516360 secs] [Times: user=0.31 sys=0.00, real=0.05 secs] 
3835.643: [GC (Allocation Failure) [PSYoungGen: 454048K->103872K(413184K)] 1445299K->1230875K(1811456K), 0.1409679 secs] [Times: user=0.84 sys=0.00, real=0.14 secs] 
3837.909: [GC (Allocation Failure) [PSYoungGen: 413120K->142528K(502272K)] 1540123K->1370696K(1900544K), 0.0523368 secs] [Times: user=0.31 sys=0.00, real=0.05 secs] 
3837.961: [Full GC (Ergonomics) [PSYoungGen: 142528K->0K(502272K)] [ParOldGen: 1228168K->168748K(1398272K)] 1370696K->168748K(1900544K), [Metaspace: 60405K->60405K(1105920K)], 0.3928858 secs] [Times: user=1.80 sys=0.00, real=0.39 secs] 
3839.895: [GC (Allocation Failure) [PSYoungGen: 310784K->106016K(502272K)] 479532K->274764K(1900544K), 0.0901514 secs] [Times: user=0.53 sys=0.00, real=0.09 secs] 
3842.600: [GC (Allocation Failure) [PSYoungGen: 416800K->141728K(504320K)] 585548K->414297K(1902592K), 0.0530264 secs] [Times: user=0.31 sys=0.00, real=0.05 secs] 
3844.069: [GC (Allocation Failure) [PSYoungGen: 457632K->109696K(504320K)] 730201K->514669K(1902592K), 0.1048453 secs] [Times: user=0.63 sys=0.00, real=0.10 secs] 
3845.300: [GC (Allocation Failure) [PSYoungGen: 425600K->146144K(504832K)] 830573K->658842K(1903104K), 0.0539351 secs] [Times: user=0.32 sys=0.00, real=0.05 secs] 
3847.057: [GC (GCLocker Initiated GC) [PSYoungGen: 466144K->110656K(506880K)] 978842K->760210K(1905152K), 0.0946249 secs] [Times: user=0.56 sys=0.00, real=0.09 secs] 
3848.540: [GC (Allocation Failure) [PSYoungGen: 430656K->159936K(500736K)] 1080245K->917738K(1899008K), 0.0556139 secs] [Times: user=0.33 sys=0.00, real=0.06 secs] 
3851.179: [GC (Allocation Failure) [PSYoungGen: 476864K->102976K(507904K)] 1234666K->1003842K(1906176K), 0.1461732 secs] [Times: user=0.88 sys=0.00, real=0.15 secs] 
3852.783: [GC (Allocation Failure) [PSYoungGen: 419904K->149504K(504832K)] 1320770K->1150498K(1903104K), 0.0524573 secs] [Times: user=0.31 sys=0.00, real=0.06 secs] 
3854.318: [GC (Allocation Failure) [PSYoungGen: 465408K->107552K(423936K)] 1466402K->1249059K(1822208K), 0.1204930 secs] [Times: user=0.71 sys=0.01, real=0.12 secs] 
3855.277: [GC (Allocation Failure) [PSYoungGen: 423456K->152544K(503296K)] 1564963K->1397787K(1901568K), 0.0536032 secs] [Times: user=0.32 sys=0.00, real=0.05 secs] 
3855.331: [Full GC (Ergonomics) [PSYoungGen: 152544K->0K(503296K)] [ParOldGen: 1245243K->195122K(1398272K)] 1397787K->195122K(1901568K), [Metaspace: 60420K->60420K(1105920K)], 0.4742929 secs] [Times: user=2.16 sys=0.00, real=0.48 secs] 
3858.389: [GC (Allocation Failure) [PSYoungGen: 314880K->102272K(506880K)] 510002K->297394K(1905152K), 0.0860390 secs] [Times: user=0.51 sys=0.00, real=0.09 secs] 
3859.031: [GC (Allocation Failure) [PSYoungGen: 415878K->150848K(503296K)] 611000K->444315K(1901568K), 0.0496818 secs] [Times: user=0.29 sys=0.00, real=0.05 secs] 
3861.654: [GC (Allocation Failure) [PSYoungGen: 463680K->101568K(505856K)] 757147K->536827K(1904128K), 0.1698051 secs] [Times: user=1.02 sys=0.00, real=0.17 secs] 
3862.224: [GC (Allocation Failure) [PSYoungGen: 411087K->148825K(504320K)] 846347K->682413K(1902592K), 0.0501718 secs] [Times: user=0.29 sys=0.00, real=0.05 secs] 
3865.756: [GC (Allocation Failure) [PSYoungGen: 461657K->100320K(505856K)] 995245K->774156K(1904128K), 0.1692181 secs] [Times: user=1.00 sys=0.01, real=0.17 secs] 
3867.229: [GC (Allocation Failure) [PSYoungGen: 413152K->149344K(503296K)] 1086988K->919652K(1901568K), 0.0498639 secs] [Times: user=0.30 sys=0.00, real=0.05 secs] 
3869.517: [GC (Allocation Failure) [PSYoungGen: 461152K->101184K(505344K)] 1231460K->1011860K(1903616K), 0.1689041 secs] [Times: user=1.00 sys=0.00, real=0.17 secs] 
3871.332: [GC (Allocation Failure) [PSYoungGen: 412992K->150528K(501248K)] 1323668K->1158045K(1899520K), 0.0510967 secs] [Times: user=0.31 sys=0.00, real=0.05 secs] 
3873.753: [GC (Allocation Failure) [PSYoungGen: 460288K->98144K(504320K)] 1467805K->1247305K(1902592K), 0.1681077 secs] [Times: user=1.00 sys=0.00, real=0.17 secs] 
3874.837: [GC (Allocation Failure) [PSYoungGen: 407904K->149888K(500736K)] 1557065K->1393190K(1899008K), 0.0497837 secs] [Times: user=0.30 sys=0.00, real=0.05 secs] 
3874.886: [Full GC (Ergonomics) [PSYoungGen: 149888K->0K(500736K)] [ParOldGen: 1243302K->192191K(1398272K)] 1393190K->192191K(1899008K), [Metaspace: 60428K->60428K(1105920K)], 0.4555080 secs] [Times: user=2.11 sys=0.00, real=0.45 secs] 
3877.713: [GC (Allocation Failure) [PSYoungGen: 307712K->96800K(503296K)] 499903K->288991K(1901568K), 0.0890142 secs] [Times: user=0.53 sys=0.00, real=0.09 secs] 
3879.354: [GC (Allocation Failure) [PSYoungGen: 404512K->148224K(501248K)] 596703K->433404K(1899520K), 0.0486543 secs] [Times: user=0.29 sys=0.00, real=0.05 secs] 
3881.347: [GC (Allocation Failure) [PSYoungGen: 455936K->102336K(410112K)] 741116K->527048K(1808384K), 0.1590715 secs] [Times: user=0.95 sys=0.00, real=0.16 secs] 
3882.823: [GC (Allocation Failure) [PSYoungGen: 410048K->153728K(497664K)] 834760K->676793K(1895936K), 0.0507904 secs] [Times: user=0.30 sys=0.00, real=0.05 secs] 
3885.553: [GC (Allocation Failure) [PSYoungGen: 458368K->101376K(501760K)] 981433K->761065K(1900032K), 0.1095834 secs] [Times: user=0.65 sys=0.00, real=0.11 secs] 
3887.154: [GC (Allocation Failure) [PSYoungGen: 406016K->141728K(499200K)] 1065705K->900438K(1897472K), 0.0508153 secs] [Times: user=0.30 sys=0.00, real=0.05 secs] 
3888.779: [GC (Allocation Failure) [PSYoungGen: 448928K->105440K(501248K)] 1207638K->996886K(1899520K), 0.0963818 secs] [Times: user=0.57 sys=0.00, real=0.10 secs] 
3890.153: [GC (Allocation Failure) [PSYoungGen: 412640K->146112K(501760K)] 1304086K->1140971K(1900032K), 0.0527734 secs] [Times: user=0.32 sys=0.00, real=0.06 secs] 
3892.991: [GC (Allocation Failure) [PSYoungGen: 457408K->103136K(503296K)] 1452267K->1235711K(1901568K), 0.1368729 secs] [Times: user=0.82 sys=0.01, real=0.14 secs] 
3896.032: [GC (Allocation Failure) [PSYoungGen: 414432K->143872K(504832K)] 1547007K->1376956K(1903104K), 0.0520780 secs] [Times: user=0.31 sys=0.00, real=0.05 secs] 
3896.084: [Full GC (Ergonomics) [PSYoungGen: 143872K->0K(504832K)] [ParOldGen: 1233084K->174176K(1398272K)] 1376956K->174176K(1903104K), [Metaspace: 60444K->60444K(1105920K)], 0.4216435 secs] [Times: user=1.97 sys=0.00, real=0.43 secs] 
3898.443: [GC (Allocation Failure) [PSYoungGen: 315392K->105440K(505856K)] 489568K->279616K(1904128K), 0.0807549 secs] [Times: user=0.48 sys=0.00, real=0.08 secs] 
3900.852: [GC (Allocation Failure) [PSYoungGen: 420832K->147616K(503808K)] 595008K->424317K(1902080K), 0.0527727 secs] [Times: user=0.31 sys=0.00, real=0.05 secs] 
3902.603: [GC (GCLocker Initiated GC) [PSYoungGen: 464032K->105120K(506368K)] 740733K->520061K(1904640K), 0.1172610 secs] [Times: user=0.70 sys=0.00, real=0.12 secs] 
3904.077: [GC (Allocation Failure) [PSYoungGen: 421536K->146688K(506880K)] 836480K->663949K(1905152K), 0.0524747 secs] [Times: user=0.32 sys=0.00, real=0.05 secs] 
3906.855: [GC (Allocation Failure) [PSYoungGen: 466176K->107616K(427520K)] 983437K->761909K(1825792K), 0.1708126 secs] [Times: user=0.97 sys=0.01, real=0.18 secs] 
3908.848: [GC (Allocation Failure) [PSYoungGen: 427104K->150208K(505344K)] 1081397K->909674K(1903616K), 0.0532660 secs] [Times: user=0.32 sys=0.00, real=0.05 secs] 
3911.427: [GC (Allocation Failure) [PSYoungGen: 469184K->104384K(508416K)] 1228650K->1005470K(1906688K), 0.1623083 secs] [Times: user=0.96 sys=0.00, real=0.16 secs] 
3912.544: [GC (Allocation Failure) [PSYoungGen: 423360K->154496K(502272K)] 1324446K->1156448K(1900544K), 0.0522334 secs] [Times: user=0.31 sys=0.01, real=0.06 secs] 
3915.778: [GC (GCLocker Initiated GC) [PSYoungGen: 469376K->99968K(506880K)] 1471328K->1247880K(1905152K), 0.1662040 secs] [Times: user=0.99 sys=0.00, real=0.16 secs] 
3917.527: [GC (Allocation Failure) [PSYoungGen: 414848K->152256K(501248K)] 1562763K->1396120K(1899520K), 0.0499145 secs] [Times: user=0.29 sys=0.00, real=0.05 secs] 
3917.577: [Full GC (Ergonomics) [PSYoungGen: 152256K->0K(501248K)] [ParOldGen: 1243864K->193621K(1398272K)] 1396120K->193621K(1899520K), [Metaspace: 60448K->60448K(1105920K)], 0.4543219 secs] [Times: user=2.10 sys=0.00, real=0.45 secs] 
3919.569: [GC (Allocation Failure) [PSYoungGen: 310784K->101088K(504832K)] 504405K->294709K(1903104K), 0.0654205 secs] [Times: user=0.38 sys=0.01, real=0.06 secs] 
3920.427: [GC (Allocation Failure) [PSYoungGen: 411872K->150784K(501760K)] 605493K->442202K(1900032K), 0.0494501 secs] [Times: user=0.29 sys=0.00, real=0.05 secs] 
3922.913: [GC (GCLocker Initiated GC) [PSYoungGen: 460544K->102880K(504320K)] 751962K->536602K(1902592K), 0.1585934 secs] [Times: user=0.95 sys=0.00, real=0.16 secs] 
3923.969: [GC (Allocation Failure) [PSYoungGen: 412640K->142432K(504320K)] 862748K->692107K(1902592K), 0.3176529 secs] [Times: user=1.90 sys=0.01, real=0.32 secs] 
3927.868: [GC (Allocation Failure) [PSYoungGen: 454752K->89728K(504320K)] 1004427K->782283K(1902592K), 0.4250309 secs] [Times: user=2.54 sys=0.01, real=0.42 secs] 
3928.667: [GC (Allocation Failure) [PSYoungGen: 394712K->144544K(504832K)] 1087267K->923268K(1903104K), 0.0495797 secs] [Times: user=0.29 sys=0.00, real=0.05 secs] 
3931.977: [GC (Allocation Failure) [PSYoungGen: 457376K->101472K(414720K)] 1236100K->1016040K(1812992K), 0.1510867 secs] [Times: user=0.90 sys=0.00, real=0.15 secs] 
3933.466: [GC (Allocation Failure) [PSYoungGen: 414304K->149440K(500736K)] 1328872K->1161536K(1899008K), 0.0503245 secs] [Times: user=0.30 sys=0.00, real=0.05 secs] 
3936.554: [GC (Allocation Failure) [PSYoungGen: 460224K->99968K(503808K)] 1472320K->1252648K(1902080K), 0.1558843 secs] [Times: user=0.93 sys=0.00, real=0.16 secs] 
3938.174: [GC (Allocation Failure) [PSYoungGen: 410752K->150176K(501760K)] 1563432K->1398953K(1900032K), 0.0502986 secs] [Times: user=0.30 sys=0.00, real=0.05 secs] 
3938.225: [Full GC (Ergonomics) [PSYoungGen: 150176K->0K(501760K)] [ParOldGen: 1248777K->195096K(1398272K)] 1398953K->195096K(1900032K), [Metaspace: 60448K->60448K(1105920K)], 0.4621406 secs] [Times: user=2.15 sys=0.00, real=0.47 secs] 
3940.870: [GC (Allocation Failure) [PSYoungGen: 310784K->99616K(504832K)] 505880K->294712K(1903104K), 0.0825319 secs] [Times: user=0.48 sys=0.01, real=0.08 secs] 
3941.909: [GC (Allocation Failure) [PSYoungGen: 410400K->150656K(500736K)] 605496K->441141K(1899008K), 0.0491012 secs] [Times: user=0.29 sys=0.00, real=0.05 secs] 
3944.130: [GC (Allocation Failure) [PSYoungGen: 459392K->99968K(503808K)] 749877K->532185K(1902080K), 0.1700135 secs] [Times: user=1.02 sys=0.00, real=0.17 secs] 
3945.439: [GC (Allocation Failure) [PSYoungGen: 408704K->149216K(501248K)] 840921K->677162K(1899520K), 0.0496415 secs] [Times: user=0.29 sys=0.00, real=0.05 secs] 
3948.052: [GC (Allocation Failure) [PSYoungGen: 457952K->99040K(503808K)] 985898K->767178K(1902080K), 0.1654587 secs] [Times: user=0.91 sys=0.00, real=0.17 secs] 
3949.492: [GC (Allocation Failure) [PSYoungGen: 407776K->146976K(502784K)] 1075914K->910871K(1901056K), 0.0496768 secs] [Times: user=0.29 sys=0.00, real=0.05 secs] 
3952.123: [GC (Allocation Failure) [PSYoungGen: 456736K->101728K(411648K)] 1220631K->1004015K(1809920K), 0.1626683 secs] [Times: user=0.96 sys=0.01, real=0.17 secs] 
3953.333: [GC (Allocation Failure) [PSYoungGen: 411488K->146112K(501760K)] 1313775K->1147113K(1900032K), 0.0510465 secs] [Times: user=0.30 sys=0.00, real=0.05 secs] 
3956.169: [GC (Allocation Failure) [PSYoungGen: 455872K->101920K(503296K)] 1456873K->1240333K(1901568K), 0.1600589 secs] [Times: user=0.96 sys=0.00, real=0.16 secs] 
3957.088: [GC (Allocation Failure) [PSYoungGen: 411680K->144544K(503296K)] 1550093K->1382650K(1901568K), 0.0636361 secs] [Times: user=0.37 sys=0.00, real=0.06 secs] 
3957.152: [Full GC (Ergonomics) [PSYoungGen: 144544K->0K(503296K)] [ParOldGen: 1238106K->180902K(1398272K)] 1382650K->180902K(1901568K), [Metaspace: 60448K->60448K(1105920K)], 0.4198476 secs] [Times: user=1.93 sys=0.00, real=0.42 secs] 
3960.285: [GC (Allocation Failure) [PSYoungGen: 312320K->103648K(504320K)] 493222K->284550K(1902592K), 0.0472911 secs] [Times: user=0.28 sys=0.00, real=0.05 secs] 
3961.315: [GC (GCLocker Initiated GC) [PSYoungGen: 415968K->146272K(502784K)] 596871K->428187K(1901056K), 0.0684669 secs] [Times: user=0.40 sys=0.00, real=0.06 secs] 
3964.025: [GC (Allocation Failure) [PSYoungGen: 460128K->105376K(504832K)] 742047K->525119K(1903104K), 0.1601417 secs] [Times: user=0.95 sys=0.00, real=0.17 secs] 
3966.283: [GC (Allocation Failure) [PSYoungGen: 419232K->147200K(504320K)] 838975K->669448K(1902592K), 0.0515418 secs] [Times: user=0.30 sys=0.00, real=0.05 secs] 
3968.869: [GC (Allocation Failure) [PSYoungGen: 463616K->104160K(506880K)] 985864K->764840K(1905152K), 0.1360569 secs] [Times: user=0.81 sys=0.00, real=0.13 secs] 
3971.903: [GC (Allocation Failure) [PSYoungGen: 420576K->147360K(505344K)] 1081256K->909424K(1903616K), 0.0517749 secs] [Times: user=0.30 sys=0.00, real=0.06 secs] 
3973.941: [GC (Allocation Failure) [PSYoungGen: 465312K->106528K(507904K)] 1227376K->1007432K(1906176K), 0.1423899 secs] [Times: user=0.84 sys=0.00, real=0.14 secs] 
3975.314: [GC (Allocation Failure) [PSYoungGen: 424480K->151552K(503808K)] 1325384K->1155201K(1902080K), 0.0533220 secs] [Times: user=0.31 sys=0.01, real=0.06 secs] 
3978.287: [GC (Allocation Failure) [PSYoungGen: 468480K->102528K(507904K)] 1472129K->1248637K(1906176K), 0.1519123 secs] [Times: user=0.91 sys=0.00, real=0.15 secs] 
3979.472: [GC (GCLocker Initiated GC) [PSYoungGen: 419456K->149984K(504320K)] 1565565K->1395207K(1902592K), 0.0617998 secs] [Times: user=0.37 sys=0.00, real=0.06 secs] 
3979.534: [Full GC (Ergonomics) [PSYoungGen: 149984K->0K(504320K)] [ParOldGen: 1245223K->191896K(1398272K)] 1395207K->191896K(1902592K), [Metaspace: 60454K->60454K(1105920K)], 0.4453627 secs] [Times: user=2.04 sys=0.00, real=0.45 secs] 
3983.597: [GC (Allocation Failure) [PSYoungGen: 315904K->100320K(507392K)] 507802K->292218K(1905664K), 0.0875347 secs] [Times: user=0.51 sys=0.01, real=0.08 secs] 
3984.768: [GC (Allocation Failure) [PSYoungGen: 416224K->152480K(501760K)] 608122K->440607K(1900032K), 0.0495775 secs] [Times: user=0.30 sys=0.00, real=0.05 secs] 
3986.509: [GC (Allocation Failure) [PSYoungGen: 464288K->103648K(505344K)] 752415K->535327K(1903616K), 0.1303873 secs] [Times: user=0.77 sys=0.00, real=0.13 secs] 
3987.126: [GC (Allocation Failure) [PSYoungGen: 415456K->150080K(502784K)] 847135K->681979K(1901056K), 0.0528915 secs] [Times: user=0.32 sys=0.00, real=0.05 secs] 
3989.919: [GC (Allocation Failure) [PSYoungGen: 461888K->99264K(505344K)] 993787K->772735K(1903616K), 0.1639472 secs] [Times: user=0.97 sys=0.01, real=0.16 secs] 
3990.945: [GC (Allocation Failure) [PSYoungGen: 411072K->151264K(500736K)] 1084543K->920244K(1899008K), 0.0505845 secs] [Times: user=0.30 sys=0.00, real=0.05 secs] 
3993.580: [GC (Allocation Failure) [PSYoungGen: 460000K->100448K(503808K)] 1228980K->1011876K(1902080K), 0.1436064 secs] [Times: user=0.85 sys=0.00, real=0.14 secs] 
3994.316: [GC (Allocation Failure) [PSYoungGen: 409184K->149408K(501760K)] 1320612K->1157877K(1900032K), 0.0504280 secs] [Times: user=0.30 sys=0.01, real=0.05 secs] 
3997.391: [GC (Allocation Failure) [PSYoungGen: 458144K->99072K(503808K)] 1466613K->1248453K(1902080K), 0.1494233 secs] [Times: user=0.89 sys=0.00, real=0.15 secs] 
3998.448: [GC (Allocation Failure) [PSYoungGen: 407808K->157504K(494592K)] 1557189K->1402548K(1892864K), 0.0507746 secs] [Times: user=0.31 sys=0.00, real=0.05 secs] 
3998.499: [Full GC (Ergonomics) [PSYoungGen: 157504K->0K(494592K)] [ParOldGen: 1245044K->192455K(1398272K)] 1402548K->192455K(1892864K), [Metaspace: 60461K->60461K(1105920K)], 0.4521282 secs] [Times: user=2.08 sys=0.00, real=0.45 secs] 
4002.635: [GC (Allocation Failure) [PSYoungGen: 301568K->94272K(500224K)] 494023K->286727K(1898496K), 0.0528514 secs] [Times: user=0.31 sys=0.00, real=0.06 secs] 
4003.449: [GC (Allocation Failure) [PSYoungGen: 395840K->140672K(496640K)] 588295K->425380K(1894912K), 0.0477729 secs] [Times: user=0.28 sys=0.01, real=0.05 secs] 
4005.858: [GC (Allocation Failure) [PSYoungGen: 443776K->100768K(499200K)] 728484K->516884K(1897472K), 0.0958017 secs] [Times: user=0.57 sys=0.00, real=0.09 secs] 
4006.757: [GC (Allocation Failure) [PSYoungGen: 403872K->144512K(502272K)] 819988K->659821K(1900544K), 0.0915199 secs] [Times: user=0.54 sys=0.00, real=0.09 secs] 
4010.263: [GC (Allocation Failure) [PSYoungGen: 453248K->101024K(502784K)] 968557K->752685K(1901056K), 0.1626604 secs] [Times: user=0.97 sys=0.00, real=0.17 secs] 
4012.095: [GC (Allocation Failure) [PSYoungGen: 409760K->149280K(499712K)] 1061421K->900066K(1897984K), 0.0516297 secs] [Times: user=0.30 sys=0.00, real=0.06 secs] 
4014.475: [GC (Allocation Failure) [PSYoungGen: 457504K->105952K(502784K)] 1208290K->988846K(1901056K), 0.1100634 secs] [Times: user=0.66 sys=0.00, real=0.11 secs] 
4016.532: [GC (Allocation Failure) [PSYoungGen: 414176K->140288K(503808K)] 1297070K->1127343K(1902080K), 0.0523212 secs] [Times: user=0.31 sys=0.00, real=0.05 secs] 
4019.319: [GC (Allocation Failure) [PSYoungGen: 453632K->107648K(503808K)] 1440687K->1226051K(1902080K), 0.0867776 secs] [Times: user=0.51 sys=0.00, real=0.09 secs] 
4020.692: [GC (Allocation Failure) [PSYoungGen: 420992K->143520K(503808K)] 1539395K->1367667K(1902080K), 0.0538161 secs] [Times: user=0.32 sys=0.00, real=0.06 secs] 
4022.713: [GC (Allocation Failure) [PSYoungGen: 460448K->109504K(504832K)] 1684595K->1467487K(1903104K), 0.0936447 secs] [Times: user=0.56 sys=0.00, real=0.10 secs] 
4022.806: [Full GC (Ergonomics) [PSYoungGen: 109504K->0K(504832K)] [ParOldGen: 1357983K->26970K(1398272K)] 1467487K->26970K(1903104K), [Metaspace: 60463K->60463K(1105920K)], 0.0503536 secs] [Times: user=0.18 sys=0.00, real=0.05 secs] 
4024.195: [GC (Allocation Failure) [PSYoungGen: 316928K->146784K(505856K)] 343898K->173754K(1904128K), 0.0286972 secs] [Times: user=0.17 sys=0.00, real=0.02 secs] 
4028.223: [GC (GCLocker Initiated GC) [PSYoungGen: 468320K->102400K(508416K)] 495290K->267794K(1906688K), 0.0920635 secs] [Times: user=0.55 sys=0.00, real=0.10 secs] 
4030.413: [GC (GCLocker Initiated GC) [PSYoungGen: 423936K->149600K(506880K)] 589332K->416061K(1905152K), 0.1355068 secs] [Times: user=0.80 sys=0.00, real=0.14 secs] 
4032.936: [GC (Allocation Failure) [PSYoungGen: 471648K->108000K(510464K)] 738112K->515616K(1908736K), 0.1346963 secs] [Times: user=0.80 sys=0.00, real=0.13 secs] 
4034.220: [GC (Allocation Failure) [PSYoungGen: 430048K->152320K(505344K)] 837664K->666009K(1903616K), 0.0532407 secs] [Times: user=0.31 sys=0.01, real=0.05 secs] 
4035.776: [GC (Allocation Failure) [PSYoungGen: 472320K->107136K(509440K)] 986009K->764257K(1907712K), 0.0659154 secs] [Times: user=0.39 sys=0.00, real=0.06 secs] 
4037.002: [GC (Allocation Failure) [PSYoungGen: 427136K->152544K(503808K)] 1084257K->913590K(1902080K), 0.0781166 secs] [Times: user=0.46 sys=0.01, real=0.08 secs] 
4039.744: [GC (Allocation Failure) [PSYoungGen: 469472K->101728K(507904K)] 1230518K->1006902K(1906176K), 0.1166930 secs] [Times: user=0.69 sys=0.01, real=0.12 secs] 
4041.216: [GC (Allocation Failure) [PSYoungGen: 418656K->150848K(503808K)] 1323830K->1154351K(1902080K), 0.1127280 secs] [Times: user=0.67 sys=0.01, real=0.11 secs] 
4044.927: [GC (Allocation Failure) [PSYoungGen: 465728K->101504K(506880K)] 1469231K->1247455K(1905152K), 0.1616013 secs] [Times: user=0.96 sys=0.00, real=0.16 secs] 
4046.002: [GC (Allocation Failure) [PSYoungGen: 416384K->149952K(502784K)] 1562335K->1393440K(1901056K), 0.0493019 secs] [Times: user=0.29 sys=0.00, real=0.05 secs] 
4046.052: [Full GC (Ergonomics) [PSYoungGen: 149952K->0K(502784K)] [ParOldGen: 1243488K->197310K(1398272K)] 1393440K->197310K(1901056K), [Metaspace: 60463K->60463K(1105920K)], 0.4673349 secs] [Times: user=2.17 sys=0.00, real=0.47 secs] 
4048.972: [GC (Allocation Failure) [PSYoungGen: 312832K->103264K(505856K)] 510142K->300574K(1904128K), 0.0969305 secs] [Times: user=0.57 sys=0.01, real=0.10 secs] 
4050.494: [GC (Allocation Failure) [PSYoungGen: 413680K->147584K(504832K)] 610990K->444375K(1903104K), 0.0495421 secs] [Times: user=0.27 sys=0.00, real=0.05 secs] 
4053.813: [GC (Allocation Failure) [PSYoungGen: 461952K->101408K(506368K)] 758743K->537231K(1904640K), 0.1669227 secs] [Times: user=1.00 sys=0.00, real=0.17 secs] 
4055.781: [GC (Allocation Failure) [PSYoungGen: 415776K->149248K(504320K)] 851599K->682744K(1902592K), 0.0487459 secs] [Times: user=0.29 sys=0.00, real=0.05 secs] 
4058.422: [GC (Allocation Failure) [PSYoungGen: 463104K->101632K(506368K)] 996600K->775920K(1904640K), 0.1615155 secs] [Times: user=0.95 sys=0.01, real=0.16 secs] 
4059.886: [GC (Allocation Failure) [PSYoungGen: 414329K->149024K(503296K)] 1088618K->921349K(1901568K), 0.0498387 secs] [Times: user=0.30 sys=0.00, real=0.05 secs] 
4062.747: [GC (Allocation Failure) [PSYoungGen: 461856K->99840K(505856K)] 1234181K->1012813K(1904128K), 0.1421150 secs] [Times: user=0.84 sys=0.00, real=0.14 secs] 
4064.979: [GC (Allocation Failure) [PSYoungGen: 412672K->149536K(502784K)] 1325645K->1158714K(1901056K), 0.0499877 secs] [Times: user=0.29 sys=0.00, real=0.05 secs] 
4067.540: [GC (Allocation Failure) [PSYoungGen: 461344K->98880K(505344K)] 1470522K->1249078K(1903616K), 0.1349855 secs] [Times: user=0.80 sys=0.01, real=0.13 secs] 
4068.834: [GC (Allocation Failure) [PSYoungGen: 410688K->151136K(500736K)] 1560886K->1396883K(1899008K), 0.0496984 secs] [Times: user=0.29 sys=0.01, real=0.05 secs] 
4068.884: [Full GC (Ergonomics) [PSYoungGen: 151136K->0K(500736K)] [ParOldGen: 1245747K->195028K(1398272K)] 1396883K->195028K(1899008K), [Metaspace: 60463K->60463K(1105920K)], 0.4740524 secs] [Times: user=2.21 sys=0.00, real=0.48 secs] 
4072.354: [GC (Allocation Failure) [PSYoungGen: 308736K->95648K(503808K)] 503764K->290676K(1902080K), 0.0877792 secs] [Times: user=0.51 sys=0.01, real=0.09 secs] 
4074.352: [GC (Allocation Failure) [PSYoungGen: 404384K->148032K(501248K)] 599412K->434528K(1899520K), 0.0475039 secs] [Times: user=0.29 sys=0.00, real=0.05 secs] 
4076.497: [GC (Allocation Failure) [PSYoungGen: 455744K->103168K(411136K)] 742240K->528585K(1809408K), 0.1538404 secs] [Times: user=0.91 sys=0.00, real=0.15 secs] 
4078.724: [GC (Allocation Failure) [PSYoungGen: 410880K->146976K(500224K)] 836297K->669653K(1898496K), 0.0503534 secs] [Times: user=0.30 sys=0.00, real=0.05 secs] 
4081.482: [GC (Allocation Failure) [PSYoungGen: 454688K->100896K(502272K)] 977365K->761549K(1900544K), 0.1233917 secs] [Times: user=0.73 sys=0.00, real=0.13 secs] 
4083.042: [GC (Allocation Failure) [PSYoungGen: 408608K->145120K(502784K)] 1069261K->904638K(1901056K), 0.0509762 secs] [Times: user=0.30 sys=0.00, real=0.05 secs] 
4085.076: [GC (Allocation Failure) [PSYoungGen: 455904K->104800K(503808K)] 1215422K->1000774K(1902080K), 0.1262234 secs] [Times: user=0.75 sys=0.00, real=0.12 secs] 
4086.474: [GC (Allocation Failure) [PSYoungGen: 415584K->146688K(501760K)] 1311558K->1145431K(1900032K), 0.0525713 secs] [Times: user=0.31 sys=0.00, real=0.06 secs] 
4089.091: [GC (Allocation Failure) [PSYoungGen: 458496K->103072K(503808K)] 1457239K->1239687K(1902080K), 0.0813175 secs] [Times: user=0.49 sys=0.00, real=0.08 secs] 
4090.149: [GC (Allocation Failure) [PSYoungGen: 414880K->146912K(503808K)] 1551495K->1384628K(1902080K), 0.0522371 secs] [Times: user=0.31 sys=0.00, real=0.05 secs] 
4090.201: [Full GC (Ergonomics) [PSYoungGen: 146912K->0K(503808K)] [ParOldGen: 1237716K->182981K(1398272K)] 1384628K->182981K(1902080K), [Metaspace: 60463K->60463K(1105920K)], 0.4234889 secs] [Times: user=1.95 sys=0.00, real=0.42 secs] 
4093.362: [GC (Allocation Failure) [PSYoungGen: 314880K->103808K(505856K)] 497861K->286789K(1904128K), 0.0467425 secs] [Times: user=0.27 sys=0.00, real=0.05 secs] 
4094.003: [GC (Allocation Failure) [PSYoungGen: 418688K->149248K(504320K)] 601669K->434363K(1902592K), 0.0546243 secs] [Times: user=0.32 sys=0.01, real=0.06 secs] 
4096.986: [GC (Allocation Failure) [PSYoungGen: 465152K->103104K(507392K)] 750267K->528939K(1905664K), 0.1593209 secs] [Times: user=0.95 sys=0.00, real=0.16 secs] 
4097.921: [GC (Allocation Failure) [PSYoungGen: 419008K->151552K(502784K)] 844843K->677348K(1901056K), 0.0598476 secs] [Times: user=0.36 sys=0.00, real=0.06 secs] 
4100.575: [GC (Allocation Failure) [PSYoungGen: 465408K->102880K(506368K)] 991204K->771804K(1904640K), 0.1715274 secs] [Times: user=1.02 sys=0.00, real=0.18 secs] 
4102.279: [GC (Allocation Failure) [PSYoungGen: 416736K->149344K(502784K)] 1085660K->917664K(1901056K), 0.0538353 secs] [Times: user=0.32 sys=0.00, real=0.05 secs] 
4105.881: [GC (Allocation Failure) [PSYoungGen: 462176K->100960K(505856K)] 1230496K->1010096K(1904128K), 0.1630878 secs] [Times: user=0.97 sys=0.00, real=0.16 secs] 
4107.090: [GC (Allocation Failure) [PSYoungGen: 413792K->151136K(501248K)] 1322928K->1157437K(1899520K), 0.0513662 secs] [Times: user=0.31 sys=0.00, real=0.05 secs] 
4109.551: [GC (Allocation Failure) [PSYoungGen: 461920K->99168K(504832K)] 1468221K->1247901K(1903104K), 0.1596826 secs] [Times: user=0.96 sys=0.00, real=0.16 secs] 
4111.194: [GC (Allocation Failure) [PSYoungGen: 409952K->149600K(501760K)] 1558685K->1393847K(1900032K), 0.0499330 secs] [Times: user=0.30 sys=0.00, real=0.05 secs] 
4111.244: [Full GC (Ergonomics) [PSYoungGen: 149600K->0K(501760K)] [ParOldGen: 1244247K->192146K(1398272K)] 1393847K->192146K(1900032K), [Metaspace: 60463K->60463K(1105920K)], 0.4468272 secs] [Times: user=2.05 sys=0.00, real=0.45 secs] 
4115.264: [GC (Allocation Failure) [PSYoungGen: 309760K->98496K(504320K)] 501906K->290642K(1902592K), 0.0938008 secs] [Times: user=0.55 sys=0.00, real=0.10 secs] 
4116.930: [GC (Allocation Failure) [PSYoungGen: 408256K->149248K(501248K)] 600402K->435840K(1899520K), 0.0485991 secs] [Times: user=0.29 sys=0.01, real=0.05 secs] 
4120.346: [GC (Allocation Failure) [PSYoungGen: 456555K->97984K(503808K)] 743147K->525056K(1902080K), 0.1386865 secs] [Times: user=0.83 sys=0.00, real=0.13 secs] 
4121.988: [GC (Allocation Failure) [PSYoungGen: 406720K->145632K(502784K)] 833792K->668461K(1901056K), 0.0502601 secs] [Times: user=0.29 sys=0.00, real=0.05 secs] 
4125.177: [GC (GCLocker Initiated GC) [PSYoungGen: 455392K->100608K(410624K)] 978221K->760573K(1808896K), 0.1101766 secs] [Times: user=0.65 sys=0.00, real=0.11 secs] 
4126.101: [GC (Allocation Failure) [PSYoungGen: 410368K->155200K(497664K)] 1070368K->913365K(1895936K), 0.0516822 secs] [Times: user=0.31 sys=0.00, real=0.05 secs] 
4128.673: [GC (Allocation Failure) [PSYoungGen: 460864K->99744K(502272K)] 1219029K->996045K(1900544K), 0.1277920 secs] [Times: user=0.76 sys=0.00, real=0.13 secs] 
4130.081: [GC (Allocation Failure) [PSYoungGen: 405408K->143200K(500224K)] 1301709K->1137482K(1898496K), 0.0811956 secs] [Times: user=0.48 sys=0.01, real=0.08 secs] 
4132.637: [GC (Allocation Failure) [PSYoungGen: 450912K->99936K(502272K)] 1445194K->1228818K(1900544K), 0.1640932 secs] [Times: user=0.98 sys=0.01, real=0.16 secs] 
4133.645: [GC (Allocation Failure) [PSYoungGen: 407648K->143488K(503296K)] 1536530K->1370562K(1901568K), 0.0516092 secs] [Times: user=0.31 sys=0.00, real=0.06 secs] 
4133.696: [Full GC (Ergonomics) [PSYoungGen: 143488K->0K(503296K)] [ParOldGen: 1227074K->168629K(1398272K)] 1370562K->168629K(1901568K), [Metaspace: 60463K->60463K(1105920K)], 0.3773367 secs] [Times: user=1.70 sys=0.00, real=0.37 secs] 
4135.500: [GC (Allocation Failure) [PSYoungGen: 311296K->107488K(418816K)] 479925K->276117K(1817088K), 0.0771585 secs] [Times: user=0.46 sys=0.00, real=0.08 secs] 
4138.140: [GC (Allocation Failure) [PSYoungGen: 418784K->142304K(502784K)] 587413K->416330K(1901056K), 0.0563777 secs] [Times: user=0.33 sys=0.00, real=0.06 secs] 
4140.513: [GC (Allocation Failure) [PSYoungGen: 456160K->108512K(503296K)] 730186K->515478K(1901568K), 0.1579132 secs] [Times: user=0.94 sys=0.00, real=0.16 secs] 
4142.992: [GC (Allocation Failure) [PSYoungGen: 422368K->143264K(505344K)] 829334K->656435K(1903616K), 0.0528217 secs] [Times: user=0.31 sys=0.00, real=0.05 secs] 
4145.116: [GC (Allocation Failure) [PSYoungGen: 462752K->107456K(506368K)] 975923K->754851K(1904640K), 0.1668384 secs] [Times: user=1.00 sys=0.00, real=0.16 secs] 
4146.486: [GC (GCLocker Initiated GC) [PSYoungGen: 426944K->150528K(505856K)] 1074339K->903108K(1904128K), 0.0537323 secs] [Times: user=0.32 sys=0.00, real=0.05 secs] 
4148.883: [GC (Allocation Failure) [PSYoungGen: 472576K->107200K(509952K)] 1225159K->1001219K(1908224K), 0.1666898 secs] [Times: user=1.00 sys=0.00, real=0.17 secs] 
4150.991: [GC (Allocation Failure) [PSYoungGen: 429248K->149856K(506880K)] 1323267K->1148320K(1905152K), 0.0528877 secs] [Times: user=0.31 sys=0.00, real=0.05 secs] 
4152.660: [GC (Allocation Failure) [PSYoungGen: 471904K->111232K(510464K)] 1470368K->1250377K(1908736K), 0.1124485 secs] [Times: user=0.67 sys=0.00, real=0.11 secs] 
4153.991: [GC (Allocation Failure) [PSYoungGen: 433280K->152704K(505856K)] 1572425K->1399325K(1904128K), 0.0544459 secs] [Times: user=0.32 sys=0.00, real=0.06 secs] 
4154.046: [Full GC (Ergonomics) [PSYoungGen: 152704K->0K(505856K)] [ParOldGen: 1246621K->196928K(1398272K)] 1399325K->196928K(1904128K), [Metaspace: 60463K->60463K(1105920K)], 0.4736348 secs] [Times: user=2.21 sys=0.00, real=0.47 secs] 
4157.711: [GC (Allocation Failure) [PSYoungGen: 321024K->104768K(509952K)] 517952K->301696K(1908224K), 0.0751875 secs] [Times: user=0.44 sys=0.00, real=0.08 secs] 
4158.870: [GC (Allocation Failure) [PSYoungGen: 425792K->154752K(502784K)] 622720K->452789K(1901056K), 0.0508288 secs] [Times: user=0.31 sys=0.00, real=0.05 secs] 
4162.004: [GC (Allocation Failure) [PSYoungGen: 470656K->93088K(507392K)] 768693K->545613K(1905664K), 0.1638642 secs] [Times: user=0.97 sys=0.00, real=0.17 secs] 
4162.704: [GC (Allocation Failure) [PSYoungGen: 408992K->153760K(499200K)] 861517K->695834K(1897472K), 0.0545168 secs] [Times: user=0.32 sys=0.00, real=0.06 secs] 
4166.172: [GC (Allocation Failure) [PSYoungGen: 461472K->91136K(503296K)] 1003546K->787122K(1901568K), 0.1586078 secs] [Times: user=0.95 sys=0.00, real=0.16 secs] 
4167.470: [GC (Allocation Failure) [PSYoungGen: 398848K->147808K(500736K)] 1094834K->931259K(1899008K), 0.0540696 secs] [Times: user=0.32 sys=0.01, real=0.05 secs] 
4169.672: [GC (GCLocker Initiated GC) [PSYoungGen: 453472K->92576K(502272K)] 1236923K->1023835K(1900544K), 0.1302714 secs] [Times: user=0.77 sys=0.01, real=0.13 secs] 
4170.205: [GC (Allocation Failure) [PSYoungGen: 398240K->138944K(498688K)] 1345886K->1175511K(1896960K), 0.2486106 secs] [Times: user=1.49 sys=0.00, real=0.24 secs] 
4174.695: [GC (Allocation Failure) [PSYoungGen: 445632K->86240K(500736K)] 1482199K->1261607K(1899008K), 0.4315832 secs] [Times: user=2.59 sys=0.00, real=0.43 secs] 
4175.750: [GC (Allocation Failure) [PSYoungGen: 384711K->142112K(504320K)] 1560078K->1399876K(1902592K), 0.0494474 secs] [Times: user=0.29 sys=0.00, real=0.05 secs] 
4175.799: [Full GC (Ergonomics) [PSYoungGen: 142112K->0K(504320K)] [ParOldGen: 1257764K->197328K(1398272K)] 1399876K->197328K(1902592K), [Metaspace: 60465K->60465K(1105920K)], 0.4523899 secs] [Times: user=2.08 sys=0.00, real=0.45 secs] 
4179.615: [GC (Allocation Failure) [PSYoungGen: 310784K->100096K(411136K)] 508112K->297424K(1809408K), 0.0799012 secs] [Times: user=0.47 sys=0.00, real=0.08 secs] 
4181.116: [GC (Allocation Failure) [PSYoungGen: 410822K->150976K(498176K)] 608151K->444525K(1896448K), 0.0487959 secs] [Times: user=0.29 sys=0.00, real=0.04 secs] 
4183.789: [GC (Allocation Failure) [PSYoungGen: 458176K->96288K(502272K)] 751725K->532733K(1900544K), 0.1472791 secs] [Times: user=0.75 sys=0.01, real=0.15 secs] 
4185.849: [GC (Allocation Failure) [PSYoungGen: 403488K->149984K(498688K)] 839933K->679046K(1896960K), 0.0486440 secs] [Times: user=0.28 sys=0.00, real=0.05 secs] 
4188.439: [GC (Allocation Failure) [PSYoungGen: 455648K->96736K(502272K)] 984710K->767550K(1900544K), 0.1662441 secs] [Times: user=0.99 sys=0.00, real=0.17 secs] 
4190.648: [GC (Allocation Failure) [PSYoungGen: 402400K->145600K(500736K)] 1073214K->909787K(1899008K), 0.0492306 secs] [Times: user=0.29 sys=0.00, real=0.05 secs] 
4192.467: [GC (Allocation Failure) [PSYoungGen: 452800K->102240K(409600K)] 1216987K->1003455K(1807872K), 0.1004701 secs] [Times: user=0.59 sys=0.00, real=0.10 secs] 
4194.100: [GC (Allocation Failure) [PSYoungGen: 409440K->146368K(499712K)] 1310655K->1146968K(1897984K), 0.0512865 secs] [Times: user=0.31 sys=0.00, real=0.05 secs] 
4196.122: [GC (Allocation Failure) [PSYoungGen: 454080K->100640K(501760K)] 1454680K->1239168K(1900032K), 0.1218126 secs] [Times: user=0.72 sys=0.00, real=0.12 secs] 
4198.563: [GC (Allocation Failure) [PSYoungGen: 408352K->143424K(502272K)] 1546880K->1379712K(1900544K), 0.0514542 secs] [Times: user=0.31 sys=0.00, real=0.05 secs] 
4198.614: [Full GC (Ergonomics) [PSYoungGen: 143424K->0K(502272K)] [ParOldGen: 1236288K->175786K(1398272K)] 1379712K->175786K(1900544K), [Metaspace: 60465K->60465K(1105920K)], 0.4183484 secs] [Times: user=1.94 sys=0.00, real=0.42 secs] 
4201.081: [GC (Allocation Failure) [PSYoungGen: 311296K->104992K(503808K)] 487082K->280778K(1902080K), 0.1097219 secs] [Times: user=0.65 sys=0.00, real=0.11 secs] 
4203.240: [GC (Allocation Failure) [PSYoungGen: 416288K->146048K(502272K)] 592074K->423747K(1900544K), 0.0524578 secs] [Times: user=0.31 sys=0.00, real=0.05 secs] 
4205.149: [GC (Allocation Failure) [PSYoungGen: 459392K->102496K(504320K)] 737091K->516619K(1902592K), 0.1589209 secs] [Times: user=0.94 sys=0.01, real=0.16 secs] 
4207.503: [GC (Allocation Failure) [PSYoungGen: 415840K->147616K(503808K)] 829963K->660736K(1902080K), 0.0509296 secs] [Times: user=0.30 sys=0.00, real=0.05 secs] 
4209.225: [GC (Allocation Failure) [PSYoungGen: 463520K->108096K(506880K)] 976640K->759520K(1905152K), 0.1013221 secs] [Times: user=0.60 sys=0.00, real=0.11 secs] 
4211.087: [GC (Allocation Failure) [PSYoungGen: 424000K->147968K(503808K)] 1075424K->904556K(1902080K), 0.0531270 secs] [Times: user=0.31 sys=0.00, real=0.05 secs] 
4213.818: [GC (Allocation Failure) [PSYoungGen: 464896K->105312K(506880K)] 1221484K->1000289K(1905152K), 0.1651080 secs] [Times: user=0.98 sys=0.00, real=0.16 secs] 
4215.285: [GC (Allocation Failure) [PSYoungGen: 422240K->150240K(504832K)] 1317217K->1147581K(1903104K), 0.0529951 secs] [Times: user=0.31 sys=0.00, real=0.06 secs] 
4217.466: [GC (Allocation Failure) [PSYoungGen: 468192K->106464K(508416K)] 1465533K->1245149K(1906688K), 0.1166118 secs] [Times: user=0.70 sys=0.00, real=0.11 secs] 
4218.985: [GC (Allocation Failure) [PSYoungGen: 424416K->151680K(503296K)] 1563101K->1393110K(1901568K), 0.0524922 secs] [Times: user=0.31 sys=0.00, real=0.05 secs] 
4219.038: [Full GC (Ergonomics) [PSYoungGen: 151680K->0K(503296K)] [ParOldGen: 1241430K->191978K(1398272K)] 1393110K->191978K(1901568K), [Metaspace: 60467K->60467K(1105920K)], 0.4492957 secs] [Times: user=2.08 sys=0.00, real=0.45 secs] 
4222.664: [GC (Allocation Failure) [PSYoungGen: 315904K->101920K(507392K)] 507882K->293898K(1905664K), 0.1012375 secs] [Times: user=0.59 sys=0.00, real=0.11 secs] 
4224.998: [GC (Allocation Failure) [PSYoungGen: 417824K->150240K(503296K)] 609802K->440679K(1901568K), 0.0497747 secs] [Times: user=0.29 sys=0.00, real=0.05 secs] 
4227.619: [GC (Allocation Failure) [PSYoungGen: 464096K->101056K(506368K)] 754535K->533527K(1904640K), 0.1537004 secs] [Times: user=0.91 sys=0.01, real=0.15 secs] 
4229.042: [GC (Allocation Failure) [PSYoungGen: 414912K->151904K(501248K)] 847383K->681420K(1899520K), 0.0503929 secs] [Times: user=0.30 sys=0.00, real=0.05 secs] 
4231.163: [GC (Allocation Failure) [PSYoungGen: 462688K->100896K(504832K)] 992204K->773648K(1903104K), 0.1519160 secs] [Times: user=0.90 sys=0.01, real=0.16 secs] 
4232.231: [GC (Allocation Failure) [PSYoungGen: 411680K->150176K(501248K)] 1084432K->919861K(1899520K), 0.0507200 secs] [Times: user=0.30 sys=0.00, real=0.05 secs] 
4237.176: [GC (Allocation Failure) [PSYoungGen: 459936K->92736K(504320K)] 1229621K->1004013K(1902592K), 0.1688315 secs] [Times: user=1.01 sys=0.00, real=0.16 secs] 
4238.843: [GC (Allocation Failure) [PSYoungGen: 402496K->149568K(500224K)] 1313773K->1149690K(1898496K), 0.0480554 secs] [Times: user=0.28 sys=0.00, real=0.05 secs] 
4242.170: [GC (Allocation Failure) [PSYoungGen: 456256K->97824K(502784K)] 1456378K->1239338K(1901056K), 0.1602694 secs] [Times: user=0.96 sys=0.00, real=0.16 secs] 
4243.343: [GC (Allocation Failure) [PSYoungGen: 404512K->147008K(501760K)] 1546026K->1383914K(1900032K), 0.0505895 secs] [Times: user=0.30 sys=0.00, real=0.05 secs] 
4243.394: [Full GC (Ergonomics) [PSYoungGen: 147008K->0K(501760K)] [ParOldGen: 1236906K->182499K(1398272K)] 1383914K->182499K(1900032K), [Metaspace: 60467K->60467K(1105920K)], 0.4175982 secs] [Times: user=1.91 sys=0.00, real=0.42 secs] 
4246.283: [GC (Allocation Failure) [PSYoungGen: 307712K->99360K(407552K)] 490211K->281859K(1805824K), 0.0810494 secs] [Times: user=0.48 sys=0.00, real=0.08 secs] 
4248.528: [GC (Allocation Failure) [PSYoungGen: 407072K->141952K(502272K)] 589571K->421056K(1900544K), 0.0500189 secs] [Times: user=0.29 sys=0.00, real=0.05 secs] 
4249.892: [GC (GCLocker Initiated GC) [PSYoungGen: 451200K->104576K(502272K)] 730304K->516112K(1900544K), 0.0658326 secs] [Times: user=0.40 sys=0.00, real=0.07 secs] 
4252.633: [GC (Allocation Failure) [PSYoungGen: 413824K->143168K(501760K)] 825363K->657240K(1900032K), 0.0515537 secs] [Times: user=0.30 sys=0.00, real=0.05 secs] 
4254.557: [GC (Allocation Failure) [PSYoungGen: 454976K->105600K(502784K)] 969048K->754128K(1901056K), 0.1513574 secs] [Times: user=0.90 sys=0.01, real=0.15 secs] 
4257.659: [GC (Allocation Failure) [PSYoungGen: 417408K->144736K(503808K)] 1065936K->896253K(1902080K), 0.0527330 secs] [Times: user=0.31 sys=0.01, real=0.05 secs] 
4259.550: [GC (Allocation Failure) [PSYoungGen: 461152K->106464K(505344K)] 1212669K->993465K(1903616K), 0.1687025 secs] [Times: user=1.01 sys=0.00, real=0.17 secs] 
4261.467: [GC (Allocation Failure) [PSYoungGen: 422880K->148928K(505344K)] 1309881K->1140162K(1903616K), 0.0535359 secs] [Times: user=0.32 sys=0.00, real=0.05 secs] 
4265.754: [GC (Allocation Failure) [PSYoungGen: 468416K->102080K(508416K)] 1459650K->1233442K(1906688K), 0.1082214 secs] [Times: user=0.63 sys=0.00, real=0.11 secs] 
4267.220: [GC (Allocation Failure) [PSYoungGen: 421568K->150624K(504832K)] 1552930K->1381767K(1903104K), 0.0960770 secs] [Times: user=0.57 sys=0.00, real=0.10 secs] 
4267.316: [Full GC (Ergonomics) [PSYoungGen: 150624K->0K(504832K)] [ParOldGen: 1231143K->180582K(1398272K)] 1381767K->180582K(1903104K), [Metaspace: 60467K->60467K(1105920K)], 0.4531922 secs] [Times: user=2.13 sys=0.00, real=0.45 secs] 
4270.782: [GC (Allocation Failure) [PSYoungGen: 317952K->105248K(508416K)] 498534K->285830K(1906688K), 0.0660971 secs] [Times: user=0.39 sys=0.00, real=0.07 secs] 
4271.765: [GC (Allocation Failure) [PSYoungGen: 423200K->152928K(502784K)] 603782K->436399K(1901056K), 0.0524918 secs] [Times: user=0.31 sys=0.00, real=0.06 secs] 
4274.568: [GC (Allocation Failure) [PSYoungGen: 467808K->101632K(506880K)] 751279K->529663K(1905152K), 0.1218998 secs] [Times: user=0.72 sys=0.00, real=0.12 secs] 
4275.912: [GC (Allocation Failure) [PSYoungGen: 416512K->152384K(501760K)] 844543K->678656K(1900032K), 0.0519830 secs] [Times: user=0.28 sys=0.00, real=0.05 secs] 
4279.989: [GC (Allocation Failure) [PSYoungGen: 464192K->95136K(505344K)] 990464K->765544K(1903616K), 0.1487310 secs] [Times: user=0.89 sys=0.00, real=0.15 secs] 
4282.034: [GC (Allocation Failure) [PSYoungGen: 406944K->150400K(500224K)] 1077352K->911833K(1898496K), 0.0484871 secs] [Times: user=0.28 sys=0.00, real=0.05 secs] 
4284.380: [GC (Allocation Failure) [PSYoungGen: 457791K->99552K(503296K)] 1219224K->1002581K(1901568K), 0.1680721 secs] [Times: user=1.00 sys=0.00, real=0.17 secs] 
4285.455: [GC (Allocation Failure) [PSYoungGen: 407264K->146336K(502272K)] 1310293K->1146046K(1900544K), 0.0505311 secs] [Times: user=0.30 sys=0.00, real=0.05 secs] 
4287.609: [GC (Allocation Failure) [PSYoungGen: 455584K->102688K(412160K)] 1455294K->1240090K(1810432K), 0.1595218 secs] [Times: user=0.95 sys=0.01, real=0.16 secs] 
4289.674: [GC (Allocation Failure) [PSYoungGen: 411936K->153440K(498688K)] 1549338K->1390367K(1896960K), 0.0516741 secs] [Times: user=0.31 sys=0.00, real=0.06 secs] 
4289.726: [Full GC (Ergonomics) [PSYoungGen: 153440K->0K(498688K)] [ParOldGen: 1236927K->181554K(1398272K)] 1390367K->181554K(1896960K), [Metaspace: 60467K->60467K(1105920K)], 0.4181219 secs] [Times: user=1.92 sys=0.00, real=0.41 secs] 
4292.441: [GC (Allocation Failure) [PSYoungGen: 306688K->101024K(502784K)] 488242K->282578K(1901056K), 0.1067380 secs] [Times: user=0.63 sys=0.00, real=0.11 secs] 
4294.371: [GC (Allocation Failure) [PSYoungGen: 407712K->146464K(502784K)] 589266K->426007K(1901056K), 0.0512419 secs] [Times: user=0.30 sys=0.00, real=0.05 secs] 
4296.316: [GC (Allocation Failure) [PSYoungGen: 455712K->101312K(410624K)] 735255K->518863K(1808896K), 0.1555975 secs] [Times: user=0.89 sys=0.00, real=0.15 secs] 
4299.464: [GC (Allocation Failure) [PSYoungGen: 410560K->145568K(502272K)] 828111K->660984K(1900544K), 0.0504584 secs] [Times: user=0.30 sys=0.00, real=0.05 secs] 
4301.282: [GC (Allocation Failure) [PSYoungGen: 455328K->103808K(503296K)] 970744K->755720K(1901568K), 0.1306947 secs] [Times: user=0.77 sys=0.00, real=0.13 secs] 
4302.670: [GC (Allocation Failure) [PSYoungGen: 413568K->147456K(501248K)] 1065480K->900897K(1899520K), 0.0520667 secs] [Times: user=0.31 sys=0.00, real=0.05 secs] 
4305.811: [GC (Allocation Failure) [PSYoungGen: 458240K->102912K(503296K)] 1211681K->995553K(1901568K), 0.1614758 secs] [Times: user=0.96 sys=0.01, real=0.16 secs] 
4307.586: [GC (Allocation Failure) [PSYoungGen: 413696K->146048K(504320K)] 1306337K->1138685K(1902592K), 0.0519623 secs] [Times: user=0.30 sys=0.00, real=0.05 secs] 
4309.843: [GC (Allocation Failure) [PSYoungGen: 460416K->104864K(505856K)] 1453053K->1234573K(1904128K), 0.1738546 secs] [Times: user=1.03 sys=0.01, real=0.18 secs] 
4312.158: [GC (Allocation Failure) [PSYoungGen: 419232K->147552K(504320K)] 1548941K->1379094K(1902592K), 0.0525781 secs] [Times: user=0.31 sys=0.00, real=0.05 secs] 
4312.211: [Full GC (Ergonomics) [PSYoungGen: 147552K->0K(504320K)] [ParOldGen: 1231542K->176359K(1398272K)] 1379094K->176359K(1902592K), [Metaspace: 60467K->60467K(1105920K)], 0.4181389 secs] [Times: user=1.95 sys=0.00, real=0.42 secs] 
4314.647: [GC (Allocation Failure) [PSYoungGen: 315392K->105376K(506368K)] 491751K->281735K(1904640K), 0.1078988 secs] [Times: user=0.64 sys=0.00, real=0.11 secs] 
4317.167: [GC (Allocation Failure) [PSYoungGen: 420768K->146016K(504832K)] 597127K->424980K(1903104K), 0.0529330 secs] [Times: user=0.31 sys=0.00, real=0.05 secs] 
4319.524: [GC (Allocation Failure) [PSYoungGen: 462944K->106816K(506880K)] 741908K->522676K(1905152K), 0.1633989 secs] [Times: user=0.97 sys=0.00, real=0.17 secs] 
4320.887: [GC (Allocation Failure) [PSYoungGen: 423744K->156672K(500736K)] 839604K->676885K(1899008K), 0.0534862 secs] [Times: user=0.32 sys=0.00, real=0.05 secs] 
4323.237: [GC (Allocation Failure) [PSYoungGen: 470528K->104320K(506368K)] 990741K->763933K(1904640K), 0.1672240 secs] [Times: user=1.00 sys=0.00, real=0.16 secs] 
4324.778: [GC (Allocation Failure) [PSYoungGen: 418176K->149664K(503808K)] 1077789K->911006K(1902080K), 0.0521317 secs] [Times: user=0.31 sys=0.00, real=0.05 secs] 
4327.861: [GC (Allocation Failure) [PSYoungGen: 463520K->102592K(506368K)] 1224862K->1005242K(1904640K), 0.1660115 secs] [Times: user=0.98 sys=0.00, real=0.17 secs] 
4329.921: [GC (Allocation Failure) [PSYoungGen: 416448K->147488K(505344K)] 1319098K->1148783K(1903616K), 0.0511777 secs] [Times: user=0.31 sys=0.00, real=0.05 secs] 
4332.644: [GC (Allocation Failure) [PSYoungGen: 462368K->104736K(419840K)] 1463663K->1243943K(1818112K), 0.1626825 secs] [Times: user=0.96 sys=0.00, real=0.17 secs] 
4334.193: [GC (Allocation Failure) [PSYoungGen: 419616K->151488K(502272K)] 1558823K->1391480K(1900544K), 0.0516550 secs] [Times: user=0.30 sys=0.00, real=0.05 secs] 
4334.245: [Full GC (Ergonomics) [PSYoungGen: 151488K->0K(502272K)] [ParOldGen: 1239992K->189194K(1398272K)] 1391480K->189194K(1900544K), [Metaspace: 60467K->60467K(1105920K)], 0.4496569 secs] [Times: user=2.10 sys=0.00, real=0.45 secs] 
4337.222: [GC (Allocation Failure) [PSYoungGen: 312832K->101920K(505856K)] 502026K->291114K(1904128K), 0.0847750 secs] [Times: user=0.51 sys=0.00, real=0.09 secs] 
4338.815: [GC (Allocation Failure) [PSYoungGen: 414752K->148032K(504832K)] 603946K->435517K(1903104K), 0.0502545 secs] [Times: user=0.29 sys=0.00, real=0.05 secs] 
4340.901: [GC (GCLocker Initiated GC) [PSYoungGen: 461888K->102528K(416768K)] 749373K->529109K(1815040K), 0.1534977 secs] [Times: user=0.92 sys=0.00, real=0.15 secs] 
4342.126: [GC (Allocation Failure) [PSYoungGen: 416384K->152768K(501248K)] 843013K->677958K(1899520K), 0.0514608 secs] [Times: user=0.30 sys=0.00, real=0.05 secs] 
4344.838: [GC (Allocation Failure) [PSYoungGen: 463552K->100512K(504832K)] 988742K->769950K(1903104K), 0.1690384 secs] [Times: user=1.00 sys=0.01, real=0.17 secs] 
4346.254: [GC (Allocation Failure) [PSYoungGen: 411296K->147552K(502784K)] 1080734K->914299K(1901056K), 0.0510841 secs] [Times: user=0.30 sys=0.00, real=0.05 secs] 
4349.264: [GC (Allocation Failure) [PSYoungGen: 458336K->99424K(504832K)] 1225083K->1004651K(1903104K), 0.1524171 secs] [Times: user=0.91 sys=0.00, real=0.16 secs] 
4350.943: [GC (Allocation Failure) [PSYoungGen: 410208K->151232K(500736K)] 1315435K->1151948K(1899008K), 0.0505303 secs] [Times: user=0.30 sys=0.00, real=0.05 secs] 
4353.396: [GC (Allocation Failure) [PSYoungGen: 459968K->100480K(503808K)] 1460684K->1243788K(1902080K), 0.1593068 secs] [Times: user=0.95 sys=0.00, real=0.16 secs] 
4355.538: [GC (Allocation Failure) [PSYoungGen: 409216K->148288K(501760K)] 1552524K->1387904K(1900032K), 0.0505665 secs] [Times: user=0.30 sys=0.00, real=0.05 secs] 
4355.589: [Full GC (Ergonomics) [PSYoungGen: 148288K->0K(501760K)] [ParOldGen: 1239616K->186284K(1398272K)] 1387904K->186284K(1900032K), [Metaspace: 60467K->60467K(1105920K)], 0.4431805 secs] [Times: user=2.05 sys=0.00, real=0.44 secs] 
4358.301: [GC (Allocation Failure) [PSYoungGen: 308736K->97408K(503808K)] 495020K->283692K(1902080K), 0.0809133 secs] [Times: user=0.48 sys=0.00, real=0.08 secs] 
4361.066: [GC (Allocation Failure) [PSYoungGen: 406144K->145632K(502784K)] 592428K->426248K(1901056K), 0.0487295 secs] [Times: user=0.29 sys=0.00, real=0.05 secs] 
4362.855: [GC (Allocation Failure) [PSYoungGen: 455392K->104448K(414720K)] 736008K->522088K(1812992K), 0.1643115 secs] [Times: user=0.96 sys=0.01, real=0.17 secs] 
4364.908: [GC (Allocation Failure) [PSYoungGen: 414208K->144704K(501760K)] 831848K->663701K(1900032K), 0.0519198 secs] [Times: user=0.31 sys=0.00, real=0.05 secs] 
4366.680: [GC (Allocation Failure) [PSYoungGen: 455488K->105120K(502784K)] 974485K->759885K(1901056K), 0.1534055 secs] [Times: user=0.91 sys=0.00, real=0.15 secs] 
4368.473: [GC (Allocation Failure) [PSYoungGen: 415904K->145888K(502784K)] 1070669K->903329K(1901056K), 0.0525395 secs] [Times: user=0.31 sys=0.00, real=0.06 secs] 
4372.044: [GC (Allocation Failure) [PSYoungGen: 459744K->102080K(504832K)] 1217185K->997073K(1903104K), 0.0670506 secs] [Times: user=0.39 sys=0.01, real=0.07 secs] 
4372.947: [GC (Allocation Failure) [PSYoungGen: 415936K->146592K(505344K)] 1310929K->1141810K(1903616K), 0.0555358 secs] [Times: user=0.33 sys=0.01, real=0.05 secs] 
4375.563: [GC (Allocation Failure) [PSYoungGen: 463520K->104384K(507392K)] 1458738K->1237770K(1905664K), 0.1179746 secs] [Times: user=0.71 sys=0.00, real=0.12 secs] 
4376.817: [GC (Allocation Failure) [PSYoungGen: 421312K->151520K(503808K)] 1554698K->1387451K(1902080K), 0.1087744 secs] [Times: user=0.64 sys=0.00, real=0.11 secs] 
4376.926: [Full GC (Ergonomics) [PSYoungGen: 151520K->0K(503808K)] [ParOldGen: 1235931K->183294K(1398272K)] 1387451K->183294K(1902080K), [Metaspace: 60467K->60467K(1105920K)], 0.4673087 secs] [Times: user=2.22 sys=0.00, real=0.46 secs] 
4381.593: [GC (Allocation Failure) [PSYoungGen: 315904K->99744K(507392K)] 499198K->283038K(1905664K), 0.0777147 secs] [Times: user=0.46 sys=0.00, real=0.08 secs] 
4382.691: [GC (Allocation Failure) [PSYoungGen: 415648K->149632K(503296K)] 598942K->430831K(1901568K), 0.0811280 secs] [Times: user=0.48 sys=0.00, real=0.08 secs] 
4384.925: [GC (Allocation Failure) [PSYoungGen: 463488K->104672K(506368K)] 744687K->527007K(1904640K), 0.0701857 secs] [Times: user=0.42 sys=0.00, real=0.08 secs] 
4385.906: [GC (Allocation Failure) [PSYoungGen: 418528K->150720K(502784K)] 840863K->675256K(1901056K), 0.0992636 secs] [Times: user=0.59 sys=0.01, real=0.09 secs] 
4389.225: [GC (Allocation Failure) [PSYoungGen: 463552K->101696K(505856K)] 988088K->768376K(1904128K), 0.1225038 secs] [Times: user=0.73 sys=0.00, real=0.13 secs] 
4390.614: [GC (Allocation Failure) [PSYoungGen: 414528K->148640K(503296K)] 1081208K->912964K(1901568K), 0.0512185 secs] [Times: user=0.30 sys=0.00, real=0.06 secs] 
4393.360: [GC (Allocation Failure) [PSYoungGen: 461472K->102080K(505856K)] 1225796K->1006084K(1904128K), 0.0975568 secs] [Times: user=0.58 sys=0.00, real=0.10 secs] 
4394.693: [GC (Allocation Failure) [PSYoungGen: 414912K->148704K(503296K)] 1318916K->1151678K(1901568K), 0.0922127 secs] [Times: user=0.55 sys=0.01, real=0.10 secs] 
4397.982: [GC (Allocation Failure) [PSYoungGen: 461536K->101408K(505856K)] 1464510K->1244534K(1904128K), 0.1333646 secs] [Times: user=0.79 sys=0.00, real=0.14 secs] 
4399.034: [GC (Allocation Failure) [PSYoungGen: 414240K->150688K(501760K)] 1557366K->1391395K(1900032K), 0.0517377 secs] [Times: user=0.30 sys=0.01, real=0.06 secs] 
4399.085: [Full GC (Ergonomics) [PSYoungGen: 150688K->0K(501760K)] [ParOldGen: 1240707K->189308K(1398272K)] 1391395K->189308K(1900032K), [Metaspace: 60468K->60468K(1105920K)], 0.4503026 secs] [Times: user=2.00 sys=0.00, real=0.45 secs] 
4402.135: [GC (Allocation Failure) [PSYoungGen: 310784K->100576K(504832K)] 500092K->289884K(1903104K), 0.0697715 secs] [Times: user=0.42 sys=0.00, real=0.07 secs] 
4403.034: [GC (GCLocker Initiated GC) [PSYoungGen: 411360K->151552K(500224K)] 600668K->438169K(1898496K), 0.0805127 secs] [Times: user=0.48 sys=0.00, real=0.09 secs] 
4406.939: [GC (Allocation Failure) [PSYoungGen: 460288K->97536K(503808K)] 746907K->527595K(1902080K), 0.1555058 secs] [Times: user=0.91 sys=0.01, real=0.15 secs] 
4408.431: [GC (Allocation Failure) [PSYoungGen: 406272K->150272K(500224K)] 836331K->673372K(1898496K), 0.0493922 secs] [Times: user=0.29 sys=0.00, real=0.05 secs] 
4411.221: [GC (Allocation Failure) [PSYoungGen: 456960K->97152K(502784K)] 980060K->761840K(1901056K), 0.1627781 secs] [Times: user=0.97 sys=0.00, real=0.16 secs] 
4412.676: [GC (Allocation Failure) [PSYoungGen: 403840K->146784K(501760K)] 1068528K->906105K(1900032K), 0.0496453 secs] [Times: user=0.29 sys=0.00, real=0.05 secs] 
4415.806: [GC (Allocation Failure) [PSYoungGen: 454496K->96992K(404992K)] 1213817K->994953K(1803264K), 0.1498366 secs] [Times: user=0.89 sys=0.00, real=0.15 secs] 
4417.473: [GC (Allocation Failure) [PSYoungGen: 404704K->145056K(501760K)] 1302665K->1137126K(1900032K), 0.0499407 secs] [Times: user=0.29 sys=0.00, real=0.05 secs] 
4419.805: [GC (Allocation Failure) [PSYoungGen: 453280K->103232K(411648K)] 1445350K->1231238K(1809920K), 0.1753909 secs] [Times: user=1.03 sys=0.00, real=0.17 secs] 
4423.373: [GC (Allocation Failure) [PSYoungGen: 411456K->140800K(502272K)] 1539462K->1369271K(1900544K), 0.0516288 secs] [Times: user=0.30 sys=0.00, real=0.06 secs] 
4423.425: [Full GC (Ergonomics) [PSYoungGen: 140800K->0K(502272K)] [ParOldGen: 1228471K->168384K(1398272K)] 1369271K->168384K(1900544K), [Metaspace: 60468K->60468K(1105920K)], 0.3926506 secs] [Times: user=1.82 sys=0.00, real=0.39 secs] 
4427.551: [GC (Allocation Failure) [PSYoungGen: 310784K->103200K(502272K)] 479168K->271584K(1900544K), 0.0805455 secs] [Times: user=0.47 sys=0.00, real=0.08 secs] 
4429.974: [GC (Allocation Failure) [PSYoungGen: 413984K->143904K(502784K)] 582368K->413085K(1901056K), 0.1153530 secs] [Times: user=0.69 sys=0.00, real=0.12 secs] 
4431.764: [GC (Allocation Failure) [PSYoungGen: 458272K->109408K(504320K)] 727453K->513797K(1902592K), 0.0681287 secs] [Times: user=0.40 sys=0.00, real=0.07 secs] 
4433.807: [GC (Allocation Failure) [PSYoungGen: 423776K->145664K(504320K)] 828165K->657942K(1902592K), 0.1232007 secs] [Times: user=0.73 sys=0.00, real=0.12 secs] 
4436.396: [GC (GCLocker Initiated GC) [PSYoungGen: 464128K->107680K(506368K)] 976406K->757446K(1904640K), 0.1573294 secs] [Times: user=0.94 sys=0.01, real=0.15 secs] 
4437.926: [GC (Allocation Failure) [PSYoungGen: 426144K->157600K(501760K)] 1075945K->912322K(1900032K), 0.0546578 secs] [Times: user=0.33 sys=0.00, real=0.05 secs] 
4440.254: [GC (Allocation Failure) [PSYoungGen: 474528K->103104K(507904K)] 1229250K->998314K(1906176K), 0.0825245 secs] [Times: user=0.49 sys=0.00, real=0.09 secs] 
4441.012: [GC (Allocation Failure) [PSYoungGen: 420032K->150240K(503808K)] 1315242K->1146656K(1902080K), 0.0526322 secs] [Times: user=0.31 sys=0.00, real=0.05 secs] 
4445.626: [GC (Allocation Failure) [PSYoungGen: 465120K->101408K(506880K)] 1461536K->1239612K(1905152K), 0.0928211 secs] [Times: user=0.56 sys=0.00, real=0.09 secs] 
4446.803: [GC (Allocation Failure) [PSYoungGen: 416288K->150496K(502784K)] 1554492K->1388490K(1901056K), 0.0864832 secs] [Times: user=0.51 sys=0.00, real=0.09 secs] 
4446.890: [Full GC (Ergonomics) [PSYoungGen: 150496K->0K(502784K)] [ParOldGen: 1237994K->184974K(1398272K)] 1388490K->184974K(1901056K), [Metaspace: 60469K->60469K(1105920K)], 0.4372865 secs] [Times: user=2.01 sys=0.00, real=0.44 secs] 
4449.412: [GC (Allocation Failure) [PSYoungGen: 312832K->101792K(505856K)] 497806K->286766K(1904128K), 0.0773513 secs] [Times: user=0.45 sys=0.00, real=0.08 secs] 
4450.625: [GC (Allocation Failure) [PSYoungGen: 414624K->154432K(499712K)] 599598K->438499K(1897984K), 0.0519780 secs] [Times: user=0.30 sys=0.00, real=0.06 secs] 
4453.390: [GC (Allocation Failure) [PSYoungGen: 463168K->103008K(503808K)] 747235K->524371K(1902080K), 0.1704438 secs] [Times: user=1.01 sys=0.01, real=0.17 secs] 
4455.085: [GC (Allocation Failure) [PSYoungGen: 411744K->144128K(503296K)] 833107K->666008K(1901568K), 0.0513649 secs] [Times: user=0.31 sys=0.00, real=0.05 secs] 
4458.998: [GC (Allocation Failure) [PSYoungGen: 455424K->99904K(504320K)] 977304K->757216K(1902592K), 0.1004239 secs] [Times: user=0.60 sys=0.00, real=0.10 secs] 
4460.328: [GC (Allocation Failure) [PSYoungGen: 411200K->148736K(502272K)] 1068512K->904068K(1900544K), 0.0516420 secs] [Times: user=0.30 sys=0.00, real=0.05 secs] 
4464.435: [GC (Allocation Failure) [PSYoungGen: 460032K->105376K(504832K)] 1215364K->1001188K(1903104K), 0.1815241 secs] [Times: user=1.08 sys=0.00, real=0.18 secs] 
4466.950: [GC (Allocation Failure) [PSYoungGen: 416672K->142944K(504832K)] 1312484K->1141273K(1903104K), 0.0524305 secs] [Times: user=0.31 sys=0.00, real=0.05 secs] 
4468.295: [GC (Allocation Failure) [PSYoungGen: 457312K->107328K(504832K)] 1455641K->1239061K(1903104K), 0.0770961 secs] [Times: user=0.46 sys=0.00, real=0.07 secs] 
4469.519: [GC (Allocation Failure) [PSYoungGen: 421696K->147232K(503296K)] 1553429K->1384222K(1901568K), 0.0550769 secs] [Times: user=0.33 sys=0.00, real=0.05 secs] 
4469.574: [Full GC (Ergonomics) [PSYoungGen: 147232K->0K(503296K)] [ParOldGen: 1236990K->183052K(1398272K)] 1384222K->183052K(1901568K), [Metaspace: 60486K->60486K(1105920K)], 0.4217310 secs] [Times: user=1.93 sys=0.00, real=0.43 secs] 
4472.271: [GC (Allocation Failure) [PSYoungGen: 315904K->107648K(505344K)] 498956K->290700K(1903616K), 0.0940684 secs] [Times: user=0.56 sys=0.00, real=0.10 secs] 
4474.781: [GC (Allocation Failure) [PSYoungGen: 423552K->147584K(505856K)] 606604K->432561K(1904128K), 0.0515033 secs] [Times: user=0.30 sys=0.00, real=0.05 secs] 
4476.921: [GC (Allocation Failure) [PSYoungGen: 467072K->107648K(508416K)] 752049K->531313K(1906688K), 0.1631631 secs] [Times: user=0.97 sys=0.00, real=0.16 secs] 
4478.173: [GC (Allocation Failure) [PSYoungGen: 427136K->160768K(498688K)] 850801K->688586K(1896960K), 0.0533222 secs] [Times: user=0.32 sys=0.01, real=0.06 secs] 
4481.595: [GC (Allocation Failure) [PSYoungGen: 473600K->102400K(505856K)] 1001418K->773570K(1904128K), 0.1578749 secs] [Times: user=0.94 sys=0.00, real=0.15 secs] 
4483.261: [GC (Allocation Failure) [PSYoungGen: 415232K->149280K(503808K)] 1086402K->919279K(1902080K), 0.0504883 secs] [Times: user=0.30 sys=0.00, real=0.05 secs] 
4485.220: [GC (Allocation Failure) [PSYoungGen: 462112K->101344K(505856K)] 1232111K->1011943K(1904128K), 0.1553817 secs] [Times: user=0.93 sys=0.00, real=0.15 secs] 
4486.421: [GC (Allocation Failure) [PSYoungGen: 414176K->151328K(501248K)] 1324775K->1159176K(1899520K), 0.0508838 secs] [Times: user=0.30 sys=0.00, real=0.05 secs] 
4488.990: [GC (Allocation Failure) [PSYoungGen: 461088K->101248K(504320K)] 1468936K->1251560K(1902592K), 0.1564135 secs] [Times: user=0.94 sys=0.00, real=0.16 secs] 
4490.130: [GC (Allocation Failure) [PSYoungGen: 411008K->148224K(503296K)] 1561320K->1396173K(1901568K), 0.0513439 secs] [Times: user=0.30 sys=0.00, real=0.05 secs] 
4490.181: [Full GC (Ergonomics) [PSYoungGen: 148224K->0K(503296K)] [ParOldGen: 1247949K->193859K(1398272K)] 1396173K->193859K(1901568K), [Metaspace: 60494K->60494K(1105920K)], 0.4460597 secs] [Times: user=2.05 sys=0.00, real=0.45 secs] 
4493.269: [GC (Allocation Failure) [PSYoungGen: 310784K->98368K(504832K)] 504643K->292227K(1903104K), 0.0827828 secs] [Times: user=0.48 sys=0.00, real=0.08 secs] 
4494.933: [GC (Allocation Failure) [PSYoungGen: 409152K->150272K(501248K)] 603011K->438768K(1899520K), 0.0485756 secs] [Times: user=0.29 sys=0.00, real=0.05 secs] 
4497.422: [GC (Allocation Failure) [PSYoungGen: 459008K->101696K(503808K)] 747504K->531584K(1902080K), 0.1733624 secs] [Times: user=1.04 sys=0.00, real=0.18 secs] 
4499.029: [GC (Allocation Failure) [PSYoungGen: 410432K->146880K(503296K)] 840320K->674681K(1901568K), 0.0500235 secs] [Times: user=0.30 sys=0.00, real=0.05 secs] 
4501.359: [GC (Allocation Failure) [PSYoungGen: 457152K->101920K(412672K)] 984953K->767837K(1810944K), 0.1646808 secs] [Times: user=0.98 sys=0.00, real=0.16 secs] 
4502.840: [GC (Allocation Failure) [PSYoungGen: 412192K->147200K(502272K)] 1078109K->911511K(1900544K), 0.0504803 secs] [Times: user=0.30 sys=0.00, real=0.05 secs] 
4506.005: [GC (Allocation Failure) [PSYoungGen: 457472K->100864K(503808K)] 1221783K->1003927K(1902080K), 0.1315917 secs] [Times: user=0.78 sys=0.00, real=0.14 secs] 
4506.797: [GC (Allocation Failure) [PSYoungGen: 411136K->149344K(501248K)] 1314199K->1149552K(1899520K), 0.0512043 secs] [Times: user=0.30 sys=0.01, real=0.05 secs] 
4509.497: [GC (Allocation Failure) [PSYoungGen: 459142K->100576K(504320K)] 1459350K->1241352K(1902592K), 0.0932963 secs] [Times: user=0.56 sys=0.00, real=0.09 secs] 
4510.737: [GC (Allocation Failure) [PSYoungGen: 410848K->146496K(503808K)] 1551624K->1385405K(1902080K), 0.0524963 secs] [Times: user=0.32 sys=0.00, real=0.05 secs] 
4510.790: [Full GC (Ergonomics) [PSYoungGen: 146496K->0K(503808K)] [ParOldGen: 1238909K->183639K(1398272K)] 1385405K->183639K(1902080K), [Metaspace: 60494K->60494K(1105920K)], 0.4392832 secs] [Times: user=2.03 sys=0.01, real=0.44 secs] 
4513.903: [GC (Allocation Failure) [PSYoungGen: 312320K->101120K(505344K)] 495959K->284759K(1903616K), 0.0985320 secs] [Times: user=0.58 sys=0.00, real=0.10 secs] 
4514.833: [GC (Allocation Failure) [PSYoungGen: 413440K->147808K(503296K)] 597079K->430011K(1901568K), 0.0507787 secs] [Times: user=0.30 sys=0.00, real=0.05 secs] 
4517.957: [GC (Allocation Failure) [PSYoungGen: 460128K->101184K(505344K)] 742331K->522795K(1903616K), 0.0886686 secs] [Times: user=0.53 sys=0.00, real=0.09 secs] 
4518.834: [GC (Allocation Failure) [PSYoungGen: 413504K->149184K(502272K)] 835115K->669345K(1900544K), 0.0513127 secs] [Times: user=0.30 sys=0.00, real=0.06 secs] 
4522.030: [GC (Allocation Failure) [PSYoungGen: 460992K->102144K(505344K)] 981153K->763293K(1903616K), 0.1613561 secs] [Times: user=0.96 sys=0.01, real=0.16 secs] 
4524.034: [GC (Allocation Failure) [PSYoungGen: 413952K->146848K(504320K)] 1075101K->907158K(1902592K), 0.0522360 secs] [Times: user=0.30 sys=0.00, real=0.06 secs] 
4526.070: [GC (Allocation Failure) [PSYoungGen: 460192K->104000K(417792K)] 1220502K->1002490K(1816064K), 0.1710444 secs] [Times: user=1.02 sys=0.01, real=0.17 secs] 
4528.286: [GC (Allocation Failure) [PSYoungGen: 417344K->148480K(502784K)] 1315834K->1148047K(1901056K), 0.0523964 secs] [Times: user=0.32 sys=0.00, real=0.05 secs] 
4530.376: [GC (Allocation Failure) [PSYoungGen: 461312K->103264K(505344K)] 1460879K->1242595K(1903616K), 0.1480550 secs] [Times: user=0.88 sys=0.00, real=0.14 secs] 
4533.032: [GC (Allocation Failure) [PSYoungGen: 416096K->154976K(499200K)] 1555427K->1393979K(1897472K), 0.0528114 secs] [Times: user=0.31 sys=0.00, real=0.05 secs] 
4533.085: [Full GC (Ergonomics) [PSYoungGen: 154976K->0K(499200K)] [ParOldGen: 1239003K->184062K(1398272K)] 1393979K->184062K(1897472K), [Metaspace: 60494K->60494K(1105920K)], 0.4362255 secs] [Times: user=2.03 sys=0.00, real=0.44 secs] 
4535.199: [GC (Allocation Failure) [PSYoungGen: 309760K->101664K(504320K)] 493822K->285726K(1902592K), 0.0556547 secs] [Times: user=0.32 sys=0.00, real=0.05 secs] 
4536.729: [GC (Allocation Failure) [PSYoungGen: 411424K->145664K(503808K)] 595486K->427975K(1902080K), 0.0504224 secs] [Times: user=0.30 sys=0.00, real=0.05 secs] 
4538.569: [GC (Allocation Failure) [PSYoungGen: 457984K->105472K(418304K)] 740295K->523995K(1816576K), 0.1508000 secs] [Times: user=0.90 sys=0.00, real=0.15 secs] 
4540.241: [GC (Allocation Failure) [PSYoungGen: 417792K->148704K(502784K)] 836315K->670172K(1901056K), 0.0528092 secs] [Times: user=0.32 sys=0.00, real=0.05 secs] 
4542.049: [GC (Allocation Failure) [PSYoungGen: 461024K->104928K(504832K)] 982492K->766028K(1903104K), 0.1308987 secs] [Times: user=0.77 sys=0.00, real=0.13 secs] 
4543.108: [GC (Allocation Failure) [PSYoungGen: 417248K->152000K(501760K)] 1078348K->914005K(1900032K), 0.0525917 secs] [Times: user=0.31 sys=0.00, real=0.05 secs] 
4544.480: [GC (Allocation Failure) [PSYoungGen: 463808K->101760K(505344K)] 1225813K->1007125K(1903616K), 0.0729952 secs] [Times: user=0.43 sys=0.00, real=0.07 secs] 
4546.700: [GC (Allocation Failure) [PSYoungGen: 413550K->149152K(502784K)] 1318916K->1152618K(1901056K), 0.1304048 secs] [Times: user=0.77 sys=0.01, real=0.13 secs] 
4549.956: [GC (Allocation Failure) [PSYoungGen: 460960K->99200K(505344K)] 1464426K->1243466K(1903616K), 0.1274293 secs] [Times: user=0.76 sys=0.00, real=0.12 secs] 
4551.346: [GC (Allocation Failure) [PSYoungGen: 411008K->151136K(500736K)] 1555274K->1390695K(1899008K), 0.0514690 secs] [Times: user=0.30 sys=0.00, real=0.05 secs] 
4551.397: [Full GC (Ergonomics) [PSYoungGen: 151136K->0K(500736K)] [ParOldGen: 1239559K->188432K(1398272K)] 1390695K->188432K(1899008K), [Metaspace: 60495K->60495K(1105920K)], 0.4442328 secs] [Times: user=2.05 sys=0.00, real=0.44 secs] 
4553.728: [GC (Allocation Failure) [PSYoungGen: 308736K->100160K(503808K)] 497168K->288592K(1902080K), 0.0842881 secs] [Times: user=0.50 sys=0.01, real=0.08 secs] 
4555.722: [GC (Allocation Failure) [PSYoungGen: 408896K->147520K(502272K)] 597328K->431909K(1900544K), 0.0497884 secs] [Times: user=0.29 sys=0.00, real=0.05 secs] 
4558.907: [GC (Allocation Failure) [PSYoungGen: 455242K->102496K(412672K)] 739632K->525541K(1810944K), 0.1612267 secs] [Times: user=0.96 sys=0.01, real=0.16 secs] 
4560.366: [GC (Allocation Failure) [PSYoungGen: 412256K->145184K(502784K)] 835301K->668062K(1901056K), 0.0512277 secs] [Times: user=0.30 sys=0.00, real=0.05 secs] 
4562.778: [GC (Allocation Failure) [PSYoungGen: 455968K->104064K(503808K)] 978846K->762922K(1902080K), 0.1751064 secs] [Times: user=1.04 sys=0.01, real=0.17 secs] 
4564.198: [GC (Allocation Failure) [PSYoungGen: 414848K->145952K(502272K)] 1073706K->905855K(1900544K), 0.0514787 secs] [Times: user=0.30 sys=0.00, real=0.05 secs] 
4565.988: [GC (Allocation Failure) [PSYoungGen: 458272K->106720K(503808K)] 1218175K->1003371K(1902080K), 0.1493316 secs] [Times: user=0.88 sys=0.00, real=0.15 secs] 
4566.813: [GC (Allocation Failure) [PSYoungGen: 419040K->152000K(502272K)] 1315691K->1152091K(1900544K), 0.0533315 secs] [Times: user=0.31 sys=0.00, real=0.06 secs] 
4570.435: [GC (GCLocker Initiated GC) [PSYoungGen: 465856K->98176K(505856K)] 1465948K->1242036K(1904128K), 0.1711429 secs] [Times: user=1.00 sys=0.01, real=0.17 secs] 
4571.205: [GC (Allocation Failure) [PSYoungGen: 412032K->160928K(494080K)] 1555927K->1399611K(1892352K), 0.0511165 secs] [Times: user=0.30 sys=0.00, real=0.05 secs] 
4571.256: [Full GC (Ergonomics) [PSYoungGen: 160928K->0K(494080K)] [ParOldGen: 1238683K->190012K(1398272K)] 1399611K->190012K(1892352K), [Metaspace: 60495K->60495K(1105920K)], 0.4534530 secs] [Times: user=2.10 sys=0.00, real=0.45 secs] 
4574.763: [GC (Allocation Failure) [PSYoungGen: 303616K->95648K(501248K)] 493628K->285660K(1899520K), 0.0949502 secs] [Times: user=0.56 sys=0.00, real=0.10 secs] 
4575.784: [GC (Allocation Failure) [PSYoungGen: 399264K->145792K(500736K)] 589276K->429093K(1899008K), 0.0486642 secs] [Times: user=0.29 sys=0.00, real=0.05 secs] 
4578.943: [GC (Allocation Failure) [PSYoungGen: 450944K->98848K(404480K)] 734245K->519741K(1802752K), 0.1629776 secs] [Times: user=0.98 sys=0.00, real=0.17 secs] 
4581.591: [GC (Allocation Failure) [PSYoungGen: 404000K->142368K(501248K)] 824893K->658978K(1899520K), 0.0504967 secs] [Times: user=0.30 sys=0.00, real=0.05 secs] 
4583.069: [GC (Allocation Failure) [PSYoungGen: 449056K->102944K(501248K)] 965666K->752866K(1899520K), 0.1068700 secs] [Times: user=0.64 sys=0.00, real=0.11 secs] 
4586.828: [GC (Allocation Failure) [PSYoungGen: 409632K->139232K(502272K)] 1059554K->889247K(1900544K), 0.0521143 secs] [Times: user=0.31 sys=0.00, real=0.05 secs] 
4588.085: [GC (Allocation Failure) [PSYoungGen: 450016K->107424K(501248K)] 1200031K->986859K(1899520K), 0.0652419 secs] [Times: user=0.39 sys=0.00, real=0.06 secs] 
4589.883: [GC (Allocation Failure) [PSYoungGen: 418208K->142016K(503296K)] 1297643K->1127016K(1901568K), 0.0531810 secs] [Times: user=0.32 sys=0.00, real=0.06 secs] 
4591.250: [GC (Allocation Failure) [PSYoungGen: 458432K->110624K(503808K)] 1443432K->1228360K(1902080K), 0.0706214 secs] [Times: user=0.42 sys=0.00, real=0.07 secs] 
4592.885: [GC (Allocation Failure) [PSYoungGen: 427040K->156960K(502272K)] 1544776K->1383693K(1900544K), 0.0558538 secs] [Times: user=0.33 sys=0.00, real=0.06 secs] 
4596.169: [GC (Allocation Failure) [PSYoungGen: 475424K->104000K(508416K)] 1702157K->1471053K(1906688K), 0.1754676 secs] [Times: user=1.04 sys=0.00, real=0.17 secs] 
4596.345: [Full GC (Ergonomics) [PSYoungGen: 104000K->0K(508416K)] [ParOldGen: 1367053K->31878K(1398272K)] 1471053K->31878K(1906688K), [Metaspace: 60495K->60495K(1105920K)], 0.0863848 secs] [Times: user=0.31 sys=0.01, real=0.08 secs] 
4598.631: [GC (Allocation Failure) [PSYoungGen: 318464K->148832K(505856K)] 350342K->180710K(1904128K), 0.0294051 secs] [Times: user=0.17 sys=0.01, real=0.03 secs] 
4600.463: [GC (Allocation Failure) [PSYoungGen: 466784K->108384K(426496K)] 498662K->279610K(1824768K), 0.1524195 secs] [Times: user=0.90 sys=0.00, real=0.16 secs] 
4602.625: [GC (Allocation Failure) [PSYoungGen: 426336K->146976K(506368K)] 597562K->423607K(1904640K), 0.0521818 secs] [Times: user=0.32 sys=0.00, real=0.05 secs] 
4604.910: [GC (Allocation Failure) [PSYoungGen: 465952K->107744K(507904K)] 742583K->522363K(1906176K), 0.1600092 secs] [Times: user=0.96 sys=0.00, real=0.16 secs] 
4606.944: [GC (Allocation Failure) [PSYoungGen: 426720K->150720K(505856K)] 841339K->669488K(1904128K), 0.0522421 secs] [Times: user=0.31 sys=0.00, real=0.06 secs] 
4609.205: [GC (Allocation Failure) [PSYoungGen: 470208K->102368K(508928K)] 988976K->762676K(1907200K), 0.1755253 secs] [Times: user=1.05 sys=0.00, real=0.17 secs] 
4611.232: [GC (Allocation Failure) [PSYoungGen: 421856K->154848K(501760K)] 1082164K->913119K(1900032K), 0.0513111 secs] [Times: user=0.31 sys=0.00, real=0.05 secs] 
4613.267: [GC (Allocation Failure) [PSYoungGen: 468704K->99680K(506368K)] 1226975K->1004223K(1904640K), 0.1170486 secs] [Times: user=0.70 sys=0.00, real=0.11 secs] 
4614.728: [GC (Allocation Failure) [PSYoungGen: 413536K->151648K(501760K)] 1318079K->1151788K(1900032K), 0.0510517 secs] [Times: user=0.30 sys=0.00, real=0.05 secs] 
4617.219: [GC (Allocation Failure) [PSYoungGen: 462432K->100544K(504832K)] 1462572K->1243764K(1903104K), 0.1700714 secs] [Times: user=1.02 sys=0.01, real=0.17 secs] 
4618.715: [GC (Allocation Failure) [PSYoungGen: 411328K->158272K(496128K)] 1554548K->1398033K(1894400K), 0.0511016 secs] [Times: user=0.30 sys=0.00, real=0.06 secs] 
4618.766: [Full GC (Ergonomics) [PSYoungGen: 158272K->0K(496128K)] [ParOldGen: 1239761K->193217K(1398272K)] 1398033K->193217K(1894400K), [Metaspace: 60495K->60495K(1105920K)], 0.4551882 secs] [Times: user=2.12 sys=0.00, real=0.45 secs] 
4621.493: [GC (Allocation Failure) [PSYoungGen: 303616K->97600K(501248K)] 496833K->290817K(1899520K), 0.0888723 secs] [Times: user=0.53 sys=0.00, real=0.09 secs] 
4623.202: [GC (Allocation Failure) [PSYoungGen: 401216K->154304K(495616K)] 594433K->441494K(1893888K), 0.0485036 secs] [Times: user=0.28 sys=0.00, real=0.05 secs] 
4625.960: [GC (Allocation Failure) [PSYoungGen: 453824K->95264K(499200K)] 741014K->520126K(1897472K), 0.0907880 secs] [Times: user=0.54 sys=0.00, real=0.09 secs] 
4627.215: [GC (Allocation Failure) [PSYoungGen: 394784K->141344K(495616K)] 819646K->659159K(1893888K), 0.0486932 secs] [Times: user=0.29 sys=0.00, real=0.05 secs] 
4630.421: [GC (Allocation Failure) [PSYoungGen: 442400K->98528K(498176K)] 960215K->749095K(1896448K), 0.0634524 secs] [Times: user=0.38 sys=0.00, real=0.06 secs] 
4631.224: [GC (Allocation Failure) [PSYoungGen: 399584K->140224K(499712K)] 1050151K->888285K(1897984K), 0.0547745 secs] [Times: user=0.32 sys=0.00, real=0.06 secs] 
4634.100: [GC (Allocation Failure) [PSYoungGen: 447424K->103584K(500736K)] 1195485K->983821K(1899008K), 0.0650334 secs] [Times: user=0.39 sys=0.00, real=0.07 secs] 
4636.076: [GC (Allocation Failure) [PSYoungGen: 410784K->139008K(503808K)] 1291021K->1121238K(1902080K), 0.0522362 secs] [Times: user=0.31 sys=0.00, real=0.05 secs] 
4640.032: [GC (Allocation Failure) [PSYoungGen: 452352K->107328K(503296K)] 1434582K->1219722K(1901568K), 0.0653337 secs] [Times: user=0.39 sys=0.00, real=0.07 secs] 
4644.274: [GC (Allocation Failure) [PSYoungGen: 420672K->133536K(506368K)] 1533066K->1351655K(1904640K), 0.0578446 secs] [Times: user=0.34 sys=0.00, real=0.06 secs] 
4645.586: [GC (Allocation Failure) [PSYoungGen: 454560K->117344K(504832K)] 1672679K->1459511K(1903104K), 0.0651519 secs] [Times: user=0.38 sys=0.00, real=0.06 secs] 
4645.651: [Full GC (Ergonomics) [PSYoungGen: 117344K->0K(504832K)] [ParOldGen: 1342167K->19050K(1398272K)] 1459511K->19050K(1903104K), [Metaspace: 60495K->60495K(1105920K)], 0.0306131 secs] [Times: user=0.08 sys=0.00, real=0.03 secs] 
4647.887: [GC (Allocation Failure) [PSYoungGen: 321024K->144320K(506880K)] 340074K->163370K(1905152K), 0.0279287 secs] [Times: user=0.17 sys=0.00, real=0.03 secs] 
4649.401: [GC (Allocation Failure) [PSYoungGen: 472000K->113920K(508928K)] 491050K->267962K(1907200K), 0.0786026 secs] [Times: user=0.47 sys=0.00, real=0.08 secs] 
4651.928: [GC (Allocation Failure) [PSYoungGen: 441600K->149600K(512000K)] 595642K->415487K(1910272K), 0.0541624 secs] [Times: user=0.32 sys=0.00, real=0.05 secs] 
4654.020: [GC (Allocation Failure) [PSYoungGen: 483936K->114400K(516096K)] 749823K->520671K(1914368K), 0.1748713 secs] [Times: user=1.05 sys=0.01, real=0.17 secs] 
4656.636: [GC (Allocation Failure) [PSYoungGen: 448736K->159360K(505344K)] 855007K->675864K(1903616K), 0.0546664 secs] [Times: user=0.33 sys=0.00, real=0.05 secs] 
4659.413: [GC (Allocation Failure) [PSYoungGen: 486528K->105280K(513024K)] 1003032K->772568K(1911296K), 0.1604385 secs] [Times: user=0.96 sys=0.01, real=0.16 secs] 
4660.446: [GC (Allocation Failure) [PSYoungGen: 432448K->157696K(502784K)] 1099736K->926177K(1901056K), 0.0517105 secs] [Times: user=0.31 sys=0.00, real=0.05 secs] 
4663.714: [GC (Allocation Failure) [PSYoungGen: 473565K->93504K(508928K)] 1242047K->1019113K(1907200K), 0.1810671 secs] [Times: user=1.07 sys=0.00, real=0.19 secs] 
4665.070: [GC (Allocation Failure) [PSYoungGen: 412480K->154944K(500736K)] 1338089K->1169918K(1899008K), 0.0548974 secs] [Times: user=0.33 sys=0.00, real=0.06 secs] 
4668.157: [GC (Allocation Failure) [PSYoungGen: 465728K->89792K(400896K)] 1480702K->1259770K(1799168K), 0.1563985 secs] [Times: user=0.94 sys=0.00, real=0.15 secs] 
4669.071: [GC (Allocation Failure) [PSYoungGen: 400576K->152640K(498176K)] 1570554K->1406683K(1896448K), 0.0536107 secs] [Times: user=0.32 sys=0.01, real=0.05 secs] 
4669.125: [Full GC (Ergonomics) [PSYoungGen: 152640K->0K(498176K)] [ParOldGen: 1254043K->211627K(1398272K)] 1406683K->211627K(1896448K), [Metaspace: 60495K->60495K(1105920K)], 0.4777320 secs] [Times: user=2.21 sys=0.00, real=0.48 secs] 
4672.792: [GC (Allocation Failure) [PSYoungGen: 303616K->89056K(501248K)] 515243K->300683K(1899520K), 0.1460619 secs] [Times: user=0.87 sys=0.00, real=0.15 secs] 
4673.788: [GC (Allocation Failure) [PSYoungGen: 380516K->138976K(497664K)] 592143K->435956K(1895936K), 0.0478068 secs] [Times: user=0.28 sys=0.00, real=0.05 secs] 
4675.900: [GC (Allocation Failure) [PSYoungGen: 443104K->99008K(499712K)] 740084K->526212K(1897984K), 0.1599796 secs] [Times: user=0.96 sys=0.00, real=0.16 secs] 
4677.431: [GC (Allocation Failure) [PSYoungGen: 403136K->148960K(500224K)] 830340K->671405K(1898496K), 0.0489354 secs] [Times: user=0.29 sys=0.01, real=0.05 secs] 
4679.468: [GC (Allocation Failure) [PSYoungGen: 456160K->98720K(502784K)] 978605K->761977K(1901056K), 0.1624000 secs] [Times: user=0.96 sys=0.01, real=0.16 secs] 
4680.412: [GC (Allocation Failure) [PSYoungGen: 405920K->149088K(500224K)] 1069177K->907118K(1898496K), 0.0493380 secs] [Times: user=0.29 sys=0.01, real=0.05 secs] 
4682.457: [GC (Allocation Failure) [PSYoungGen: 455776K->100448K(407552K)] 1213806K->998686K(1805824K), 0.1667732 secs] [Times: user=1.00 sys=0.00, real=0.16 secs] 
4684.787: [GC (Allocation Failure) [PSYoungGen: 407136K->146464K(500224K)] 1305374K->1141071K(1898496K), 0.0499726 secs] [Times: user=0.29 sys=0.00, real=0.05 secs] 
4687.178: [GC (Allocation Failure) [PSYoungGen: 453664K->100416K(502272K)] 1448271K->1232451K(1900544K), 0.1655523 secs] [Times: user=0.98 sys=0.01, real=0.16 secs] 
4689.554: [GC (Allocation Failure) [PSYoungGen: 407616K->142752K(502272K)] 1539651K->1372183K(1900544K), 0.0495786 secs] [Times: user=0.30 sys=0.00, real=0.05 secs] 
4689.604: [Full GC (Ergonomics) [PSYoungGen: 142752K->0K(502272K)] [ParOldGen: 1229431K->178924K(1398272K)] 1372183K->178924K(1900544K), [Metaspace: 60500K->60500K(1105920K)], 0.4120441 secs] [Times: user=1.90 sys=0.00, real=0.42 secs] 
4691.777: [GC (GCLocker Initiated GC) [PSYoungGen: 310272K->104992K(502784K)] 489197K->283917K(1901056K), 0.1095942 secs] [Times: user=0.64 sys=0.00, real=0.11 secs] 
4693.377: [GC (Allocation Failure) [PSYoungGen: 415264K->146976K(501760K)] 594191K->427444K(1900032K), 0.0522271 secs] [Times: user=0.30 sys=0.00, real=0.05 secs] 
4695.505: [GC (Allocation Failure) [PSYoungGen: 459296K->103680K(503808K)] 739764K->522160K(1902080K), 0.1705810 secs] [Times: user=1.02 sys=0.00, real=0.18 secs] 
4697.507: [GC (Allocation Failure) [PSYoungGen: 416000K->145984K(504320K)] 834480K->665081K(1902592K), 0.0513900 secs] [Times: user=0.30 sys=0.00, real=0.05 secs] 
4699.565: [GC (Allocation Failure) [PSYoungGen: 461888K->107136K(506368K)] 980985K->763081K(1904640K), 0.1605579 secs] [Times: user=0.95 sys=0.00, real=0.16 secs] 
4702.115: [GC (Allocation Failure) [PSYoungGen: 423040K->147936K(504832K)] 1078985K->908138K(1903104K), 0.0528141 secs] [Times: user=0.32 sys=0.00, real=0.06 secs] 
4703.883: [GC (Allocation Failure) [PSYoungGen: 465376K->105568K(507392K)] 1225578K->1004674K(1905664K), 0.0987844 secs] [Times: user=0.59 sys=0.00, real=0.10 secs] 
4705.382: [GC (Allocation Failure) [PSYoungGen: 423008K->151456K(503808K)] 1322114K->1152031K(1902080K), 0.0526747 secs] [Times: user=0.31 sys=0.00, real=0.05 secs] 
4708.188: [GC (Allocation Failure) [PSYoungGen: 468384K->105120K(507904K)] 1468959K->1247875K(1906176K), 0.1633299 secs] [Times: user=0.97 sys=0.01, real=0.16 secs] 
4709.227: [GC (Allocation Failure) [PSYoungGen: 422048K->159712K(497152K)] 1564803K->1403694K(1895424K), 0.0525704 secs] [Times: user=0.31 sys=0.01, real=0.05 secs] 
4709.280: [Full GC (Ergonomics) [PSYoungGen: 159712K->0K(497152K)] [ParOldGen: 1243982K->193448K(1398272K)] 1403694K->193448K(1895424K), [Metaspace: 60500K->60500K(1105920K)], 0.4693162 secs] [Times: user=2.19 sys=0.00, real=0.47 secs] 
4712.000: [GC (Allocation Failure) [PSYoungGen: 308736K->100416K(503808K)] 502184K->293865K(1902080K), 0.0962309 secs] [Times: user=0.57 sys=0.01, real=0.10 secs] 
4713.291: [GC (Allocation Failure) [PSYoungGen: 409152K->148480K(502784K)] 602601K->438541K(1901056K), 0.0498049 secs] [Times: user=0.29 sys=0.00, real=0.05 secs] 
4715.605: [GC (Allocation Failure) [PSYoungGen: 458240K->101120K(411136K)] 748301K->531213K(1809408K), 0.1734558 secs] [Times: user=1.03 sys=0.00, real=0.18 secs] 
4717.445: [GC (Allocation Failure) [PSYoungGen: 410880K->149632K(501248K)] 840973K->675938K(1899520K), 0.0500529 secs] [Times: user=0.30 sys=0.00, real=0.05 secs] 
4720.112: [GC (Allocation Failure) [PSYoungGen: 458368K->102656K(503808K)] 984674K->769562K(1902080K), 0.1704753 secs] [Times: user=1.02 sys=0.00, real=0.17 secs] 
4721.981: [GC (Allocation Failure) [PSYoungGen: 411392K->146560K(502784K)] 1078298K->912935K(1901056K), 0.0505472 secs] [Times: user=0.30 sys=0.00, real=0.05 secs] 
4724.960: [GC (Allocation Failure) [PSYoungGen: 456832K->98848K(503808K)] 1223207K->1002475K(1902080K), 0.1645348 secs] [Times: user=0.98 sys=0.00, real=0.16 secs] 
4728.011: [GC (Allocation Failure) [PSYoungGen: 409120K->142624K(504832K)] 1312747K->1142252K(1903104K), 0.0505453 secs] [Times: user=0.30 sys=0.00, real=0.05 secs] 
4730.052: [GC (Allocation Failure) [PSYoungGen: 455456K->103520K(416768K)] 1455084K->1237092K(1815040K), 0.1690706 secs] [Times: user=1.01 sys=0.00, real=0.17 secs] 
4732.374: [GC (Allocation Failure) [PSYoungGen: 416352K->147072K(502272K)] 1549924K->1380781K(1900544K), 0.0531321 secs] [Times: user=0.32 sys=0.00, real=0.06 secs] 
4732.427: [Full GC (Ergonomics) [PSYoungGen: 147072K->0K(502272K)] [ParOldGen: 1233709K->178675K(1398272K)] 1380781K->178675K(1900544K), [Metaspace: 60500K->60500K(1105920K)], 0.4127262 secs] [Times: user=1.90 sys=0.00, real=0.41 secs] 
4734.538: [GC (Allocation Failure) [PSYoungGen: 312832K->105376K(504320K)] 491507K->284051K(1902592K), 0.0857900 secs] [Times: user=0.51 sys=0.00, real=0.08 secs] 
4736.275: [GC (Allocation Failure) [PSYoungGen: 418208K->146944K(504320K)] 596883K->428292K(1902592K), 0.0527400 secs] [Times: user=0.31 sys=0.01, real=0.05 secs] 
4739.287: [GC (Allocation Failure) [PSYoungGen: 462848K->104800K(506368K)] 744196K->524296K(1904640K), 0.0824007 secs] [Times: user=0.49 sys=0.00, real=0.08 secs] 
4741.392: [GC (Allocation Failure) [PSYoungGen: 420704K->144704K(506880K)] 840200K->667429K(1905152K), 0.1347029 secs] [Times: user=0.79 sys=0.00, real=0.14 secs] 
4743.638: [GC (Allocation Failure) [PSYoungGen: 463680K->109632K(429056K)] 986405K->768621K(1827328K), 0.0649607 secs] [Times: user=0.38 sys=0.00, real=0.06 secs] 
4745.164: [GC (Allocation Failure) [PSYoungGen: 428608K->151520K(503296K)] 1087597K->915338K(1901568K), 0.0743706 secs] [Times: user=0.44 sys=0.00, real=0.08 secs] 
4748.868: [GC (Allocation Failure) [PSYoungGen: 469472K->101568K(507392K)] 1233290K->1008650K(1905664K), 0.1529170 secs] [Times: user=0.91 sys=0.01, real=0.15 secs] 
4750.106: [GC (Allocation Failure) [PSYoungGen: 419520K->153088K(502272K)] 1326602K->1158863K(1900544K), 0.0805507 secs] [Times: user=0.48 sys=0.00, real=0.08 secs] 
4752.397: [GC (Allocation Failure) [PSYoungGen: 467968K->105536K(506880K)] 1473743K->1255855K(1905152K), 0.1492417 secs] [Times: user=0.88 sys=0.00, real=0.15 secs] 
4753.854: [GC (Allocation Failure) [PSYoungGen: 414938K->147680K(506368K)] 1565257K->1400112K(1904640K), 0.1075428 secs] [Times: user=0.64 sys=0.00, real=0.11 secs] 
4753.962: [Full GC (Ergonomics) [PSYoungGen: 147680K->0K(506368K)] [ParOldGen: 1252432K->196651K(1398272K)] 1400112K->196651K(1904640K), [Metaspace: 60503K->60503K(1105920K)], 0.5068019 secs] [Times: user=2.39 sys=0.00, real=0.51 secs] 
4757.453: [GC (Allocation Failure) [PSYoungGen: 316928K->106208K(423424K)] 513579K->302859K(1821696K), 0.0897021 secs] [Times: user=0.52 sys=0.00, real=0.09 secs] 
4758.860: [GC (Allocation Failure) [PSYoungGen: 416079K->144832K(505856K)] 612730K->444232K(1904128K), 0.0498058 secs] [Times: user=0.29 sys=0.00, real=0.05 secs] 
4761.712: [GC (Allocation Failure) [PSYoungGen: 462272K->100768K(506880K)] 761672K->536216K(1905152K), 0.1528462 secs] [Times: user=0.91 sys=0.00, real=0.16 secs] 
4762.409: [GC (Allocation Failure) [PSYoungGen: 412972K->150432K(504832K)] 848420K->683389K(1903104K), 0.0520423 secs] [Times: user=0.31 sys=0.00, real=0.05 secs] 
4765.631: [GC (Allocation Failure) [PSYoungGen: 467360K->104544K(507904K)] 1000317K->779821K(1906176K), 0.1726311 secs] [Times: user=1.02 sys=0.01, real=0.17 secs] 
4767.140: [GC (Allocation Failure) [PSYoungGen: 414649K->146624K(506880K)] 1089926K->922778K(1905152K), 0.0504496 secs] [Times: user=0.30 sys=0.00, real=0.05 secs] 
4770.122: [GC (Allocation Failure) [PSYoungGen: 465088K->103840K(508416K)] 1241242K->1017766K(1906688K), 0.1635567 secs] [Times: user=0.97 sys=0.00, real=0.17 secs] 
4771.108: [GC (Allocation Failure) [PSYoungGen: 411589K->147712K(506368K)] 1325515K->1161427K(1904640K), 0.0505014 secs] [Times: user=0.29 sys=0.00, real=0.05 secs] 
4774.223: [GC (Allocation Failure) [PSYoungGen: 466176K->103872K(508416K)] 1479891K->1256699K(1906688K), 0.1633850 secs] [Times: user=0.97 sys=0.01, real=0.17 secs] 
4775.718: [GC (Allocation Failure) [PSYoungGen: 407366K->146848K(507392K)] 1560193K->1399795K(1905664K), 0.0506721 secs] [Times: user=0.30 sys=0.00, real=0.05 secs] 
4775.769: [Full GC (Ergonomics) [PSYoungGen: 146848K->0K(507392K)] [ParOldGen: 1252947K->196503K(1398272K)] 1399795K->196503K(1905664K), [Metaspace: 60503K->60503K(1105920K)], 0.4629587 secs] [Times: user=2.14 sys=0.00, real=0.46 secs] 
4779.046: [GC (Allocation Failure) [PSYoungGen: 319488K->102432K(508928K)] 515991K->298935K(1907200K), 0.0927981 secs] [Times: user=0.55 sys=0.01, real=0.09 secs] 
4780.743: [GC (Allocation Failure) [PSYoungGen: 419023K->149536K(505344K)] 615526K->444247K(1903616K), 0.0487843 secs] [Times: user=0.29 sys=0.00, real=0.05 secs] 
4783.760: [GC (Allocation Failure) [PSYoungGen: 467488K->104320K(508416K)] 762199K->539319K(1906688K), 0.1622212 secs] [Times: user=0.97 sys=0.00, real=0.16 secs] 
4784.821: [GC (Allocation Failure) [PSYoungGen: 412291K->146592K(506880K)] 847291K->682332K(1905152K), 0.0503007 secs] [Times: user=0.29 sys=0.00, real=0.05 secs] 
4787.292: [GC (Allocation Failure) [PSYoungGen: 465568K->106080K(425472K)] 1001308K->779564K(1823744K), 0.1695874 secs] [Times: user=1.01 sys=0.00, real=0.17 secs] 
4788.287: [GC (Allocation Failure) [PSYoungGen: 409741K->144000K(506880K)] 1083226K->920141K(1905152K), 0.0507002 secs] [Times: user=0.30 sys=0.01, real=0.05 secs] 
4791.633: [GC (Allocation Failure) [PSYoungGen: 464000K->104480K(507904K)] 1240141K->1016365K(1906176K), 0.1571773 secs] [Times: user=0.93 sys=0.00, real=0.16 secs] 
4792.331: [GC (Allocation Failure) [PSYoungGen: 412090K->146528K(507904K)] 1323976K->1159358K(1906176K), 0.0503457 secs] [Times: user=0.30 sys=0.00, real=0.05 secs] 
4795.204: [GC (Allocation Failure) [PSYoungGen: 468576K->104800K(509952K)] 1481406K->1255426K(1908224K), 0.1520197 secs] [Times: user=0.90 sys=0.01, real=0.16 secs] 
4796.680: [GC (Allocation Failure) [PSYoungGen: 411638K->145920K(508416K)] 1562265K->1397715K(1906688K), 0.0507281 secs] [Times: user=0.30 sys=0.01, real=0.05 secs] 
4796.731: [Full GC (Ergonomics) [PSYoungGen: 145920K->0K(508416K)] [ParOldGen: 1251795K->196783K(1398272K)] 1397715K->196783K(1906688K), [Metaspace: 60504K->59601K(1105920K)], 0.4757267 secs] [Times: user=2.18 sys=0.00, real=0.48 secs] 
4799.146: [GC (Allocation Failure) [PSYoungGen: 323072K->108000K(510464K)] 519855K->304783K(1908736K), 0.0940125 secs] [Times: user=0.50 sys=0.00, real=0.09 secs] 
4800.273: [GC (Allocation Failure) [PSYoungGen: 431072K->154112K(504320K)] 627855K->455476K(1902592K), 0.0517268 secs] [Times: user=0.31 sys=0.00, real=0.05 secs] 
4803.038: [GC (Allocation Failure) [PSYoungGen: 474112K->97728K(509440K)] 775476K->552540K(1907712K), 0.1575978 secs] [Times: user=0.93 sys=0.01, real=0.16 secs] 
4803.602: [GC (Allocation Failure) [PSYoungGen: 417728K->157920K(499200K)] 872540K->704725K(1897472K), 0.0563441 secs] [Times: user=0.34 sys=0.00, real=0.06 secs] 
4806.398: [GC (GCLocker Initiated GC) [PSYoungGen: 468704K->91296K(504832K)] 1015509K->795429K(1903104K), 0.1474620 secs] [Times: user=0.88 sys=0.01, real=0.15 secs] 
4807.004: [GC (Allocation Failure) [PSYoungGen: 402080K->154272K(496640K)] 1106261K->943678K(1894912K), 0.0544163 secs] [Times: user=0.33 sys=0.01, real=0.06 secs] 
4810.676: [GC (Allocation Failure) [PSYoungGen: 456864K->84640K(500736K)] 1246270K->1028318K(1899008K), 0.1460322 secs] [Times: user=0.87 sys=0.01, real=0.14 secs] 
4811.230: [GC (Allocation Failure) [PSYoungGen: 387232K->150880K(494592K)] 1330910K->1173375K(1892864K), 0.0523163 secs] [Times: user=0.31 sys=0.00, real=0.05 secs] 
4814.828: [GC (Allocation Failure) [PSYoungGen: 447328K->83584K(497664K)] 1469823K->1256983K(1895936K), 0.1693112 secs] [Times: user=1.01 sys=0.01, real=0.17 secs] 
4815.957: [GC (Allocation Failure) [PSYoungGen: 380032K->143648K(497152K)] 1553431K->1396759K(1895424K), 0.0477629 secs] [Times: user=0.28 sys=0.00, real=0.04 secs] 
4816.004: [Full GC (Ergonomics) [PSYoungGen: 143648K->0K(497152K)] [ParOldGen: 1253111K->194903K(1398272K)] 1396759K->194903K(1895424K), [Metaspace: 59603K->59598K(1105920K)], 0.4706614 secs] [Times: user=2.19 sys=0.00, real=0.48 secs] 
4818.813: [GC (Allocation Failure) [PSYoungGen: 296448K->93888K(390656K)] 491351K->288791K(1788928K), 0.0970425 secs] [Times: user=0.56 sys=0.01, real=0.10 secs] 
4821.034: [GC (Allocation Failure) [PSYoungGen: 390336K->141696K(495104K)] 585239K->426215K(1893376K), 0.0464870 secs] [Times: user=0.28 sys=0.00, real=0.05 secs] 
4822.327: [GC (Allocation Failure) [PSYoungGen: 438656K->96480K(495104K)] 723175K->513908K(1893376K), 0.0634293 secs] [Times: user=0.38 sys=0.00, real=0.06 secs] 
4825.676: [GC (Allocation Failure) [PSYoungGen: 393440K->133120K(497152K)] 810868K->644424K(1895424K), 0.0486681 secs] [Times: user=0.29 sys=0.00, real=0.04 secs] 
4827.061: [GC (Allocation Failure) [PSYoungGen: 438272K->108640K(497664K)] 949576K->743384K(1895936K), 0.0618764 secs] [Times: user=0.37 sys=0.00, real=0.06 secs] 
4828.440: [GC (Allocation Failure) [PSYoungGen: 413792K->138624K(502272K)] 1048536K->880445K(1900544K), 0.0541753 secs] [Times: user=0.32 sys=0.00, real=0.05 secs] 
4829.833: [GC (Allocation Failure) [PSYoungGen: 452992K->109728K(502272K)] 1194813K->980933K(1900544K), 0.0650589 secs] [Times: user=0.39 sys=0.00, real=0.07 secs] 
4832.176: [GC (Allocation Failure) [PSYoungGen: 424096K->141248K(504832K)] 1295301K->1120214K(1903104K), 0.0539795 secs] [Times: user=0.32 sys=0.00, real=0.05 secs] 
4834.045: [GC (Allocation Failure) [PSYoungGen: 462784K->113024K(506368K)] 1441750K->1224110K(1904640K), 0.0791122 secs] [Times: user=0.47 sys=0.01, real=0.07 secs] 
4835.561: [GC (Allocation Failure) [PSYoungGen: 434560K->148544K(506880K)] 1545646K->1371420K(1905152K), 0.0556771 secs] [Times: user=0.32 sys=0.00, real=0.06 secs] 
4835.617: [Full GC (Ergonomics) [PSYoungGen: 148544K->0K(506880K)] [ParOldGen: 1222876K->170758K(1398272K)] 1371420K->170758K(1905152K), [Metaspace: 59598K->59598K(1105920K)], 0.4062342 secs] [Times: user=1.88 sys=0.00, real=0.40 secs] 
4838.273: [GC (Allocation Failure) [PSYoungGen: 326656K->109600K(510976K)] 497414K->280358K(1909248K), 0.0837283 secs] [Times: user=0.50 sys=0.00, real=0.09 secs] 
4840.477: [GC (Allocation Failure) [PSYoungGen: 436256K->153696K(506880K)] 607014K->431339K(1905152K), 0.0550979 secs] [Times: user=0.32 sys=0.00, real=0.05 secs] 
4844.167: [GC (Allocation Failure) [PSYoungGen: 479840K->104384K(512512K)] 757483K->526883K(1910784K), 0.1328912 secs] [Times: user=0.79 sys=0.00, real=0.13 secs] 
4845.912: [GC (Allocation Failure) [PSYoungGen: 430528K->156224K(503296K)] 853027K->679636K(1901568K), 0.0528267 secs] [Times: user=0.32 sys=0.00, real=0.06 secs] 
4847.920: [GC (Allocation Failure) [PSYoungGen: 475200K->103264K(508928K)] 998612K->774396K(1907200K), 0.0974310 secs] [Times: user=0.57 sys=0.00, real=0.10 secs] 
4848.647: [GC (Allocation Failure) [PSYoungGen: 411323K->150240K(504832K)] 1082455K->921097K(1903104K), 0.0509845 secs] [Times: user=0.30 sys=0.00, real=0.05 secs] 
4851.919: [GC (Allocation Failure) [PSYoungGen: 467168K->101536K(507904K)] 1238025K->1014477K(1906176K), 0.1559271 secs] [Times: user=0.93 sys=0.00, real=0.15 secs] 
4853.432: [GC (Allocation Failure) [PSYoungGen: 414591K->149312K(504832K)] 1327532K->1160129K(1903104K), 0.1232548 secs] [Times: user=0.74 sys=0.00, real=0.13 secs] 
4856.674: [GC (Allocation Failure) [PSYoungGen: 465216K->102848K(507392K)] 1476033K->1254441K(1905664K), 0.1003920 secs] [Times: user=0.59 sys=0.00, real=0.10 secs] 
4857.357: [GC (Allocation Failure) [PSYoungGen: 406151K->146976K(506368K)] 1557745K->1398214K(1904640K), 0.0605304 secs] [Times: user=0.36 sys=0.01, real=0.06 secs] 
4857.417: [Full GC (Ergonomics) [PSYoungGen: 146976K->0K(506368K)] [ParOldGen: 1251238K->196544K(1398272K)] 1398214K->196544K(1904640K), [Metaspace: 59598K->59598K(1105920K)], 0.4694293 secs] [Times: user=2.18 sys=0.00, real=0.47 secs] 
4861.146: [GC (Allocation Failure) [PSYoungGen: 316928K->98880K(507904K)] 513472K->295424K(1906176K), 0.0440359 secs] [Times: user=0.25 sys=0.00, real=0.04 secs] 
4861.927: [GC (Allocation Failure) [PSYoungGen: 415808K->153024K(501248K)] 612352K->444337K(1899520K), 0.0490703 secs] [Times: user=0.29 sys=0.00, real=0.05 secs] 
4864.010: [GC (Allocation Failure) [PSYoungGen: 464832K->99520K(505344K)] 756145K->534989K(1903616K), 0.1725030 secs] [Times: user=1.02 sys=0.00, real=0.17 secs] 
4866.489: [GC (Allocation Failure) [PSYoungGen: 411328K->148064K(502784K)] 846797K->678990K(1901056K), 0.1320419 secs] [Times: user=0.78 sys=0.00, real=0.13 secs] 
4869.241: [GC (Allocation Failure) [PSYoungGen: 458848K->99232K(504832K)] 989774K->769670K(1903104K), 0.0932348 secs] [Times: user=0.56 sys=0.01, real=0.09 secs] 
4870.066: [GC (Allocation Failure) [PSYoungGen: 410016K->150170K(501760K)] 1080454K->916545K(1900032K), 0.0501432 secs] [Times: user=0.30 sys=0.00, real=0.05 secs] 
4872.600: [GC (Allocation Failure) [PSYoungGen: 459930K->97344K(504320K)] 1226305K->1005123K(1902592K), 0.1117265 secs] [Times: user=0.66 sys=0.00, real=0.11 secs] 
4873.788: [GC (Allocation Failure) [PSYoungGen: 407104K->150048K(500736K)] 1314883K->1151976K(1899008K), 0.0559037 secs] [Times: user=0.33 sys=0.00, real=0.05 secs] 
4877.189: [GC (Allocation Failure) [PSYoungGen: 457760K->97952K(503296K)] 1459688K->1241880K(1901568K), 0.0643572 secs] [Times: user=0.38 sys=0.00, real=0.06 secs] 
4877.839: [GC (Allocation Failure) [PSYoungGen: 405664K->148608K(500224K)] 1549592K->1387329K(1898496K), 0.0501210 secs] [Times: user=0.30 sys=0.00, real=0.05 secs] 
4877.889: [Full GC (Ergonomics) [PSYoungGen: 148608K->0K(500224K)] [ParOldGen: 1238721K->185945K(1398272K)] 1387329K->185945K(1898496K), [Metaspace: 59598K->59598K(1105920K)], 0.4297716 secs] [Times: user=1.96 sys=0.00, real=0.43 secs] 
4882.718: [GC (Allocation Failure) [PSYoungGen: 306688K->93728K(502784K)] 492633K->279673K(1901056K), 0.0449374 secs] [Times: user=0.26 sys=0.00, real=0.04 secs] 
4884.811: [GC (Allocation Failure) [PSYoungGen: 400416K->144192K(502784K)] 586361K->421426K(1901056K), 0.0484247 secs] [Times: user=0.29 sys=0.00, real=0.05 secs] 
4886.716: [GC (Allocation Failure) [PSYoungGen: 452416K->104032K(412672K)] 729650K->516410K(1810944K), 0.0646872 secs] [Times: user=0.38 sys=0.00, real=0.06 secs] 
4888.109: [GC (Allocation Failure) [PSYoungGen: 412256K->145088K(500224K)] 824634K->659291K(1898496K), 0.0527976 secs] [Times: user=0.31 sys=0.00, real=0.05 secs] 
4890.485: [GC (Allocation Failure) [PSYoungGen: 453312K->102048K(501248K)] 967515K->752435K(1899520K), 0.0651906 secs] [Times: user=0.38 sys=0.00, real=0.06 secs] 
4891.544: [GC (Allocation Failure) [PSYoungGen: 410272K->146784K(502272K)] 1060659K->897180K(1900544K), 0.0523081 secs] [Times: user=0.31 sys=0.00, real=0.06 secs] 
4894.483: [GC (Allocation Failure) [PSYoungGen: 458592K->102592K(504320K)] 1208988K->991284K(1902592K), 0.0785952 secs] [Times: user=0.46 sys=0.00, real=0.08 secs] 
4897.014: [GC (Allocation Failure) [PSYoungGen: 414400K->153728K(499200K)] 1303092K->1142229K(1897472K), 0.0524178 secs] [Times: user=0.31 sys=0.00, real=0.06 secs] 
4898.497: [GC (Allocation Failure) [PSYoungGen: 463488K->105568K(504320K)] 1451989K->1230345K(1902592K), 0.0798418 secs] [Times: user=0.48 sys=0.00, real=0.08 secs] 
4900.212: [GC (Allocation Failure) [PSYoungGen: 415328K->143904K(503808K)] 1540105K->1371221K(1902080K), 0.0527273 secs] [Times: user=0.31 sys=0.00, real=0.05 secs] 
4900.264: [Full GC (Ergonomics) [PSYoungGen: 143904K->0K(503808K)] [ParOldGen: 1227317K->170202K(1398272K)] 1371221K->170202K(1902080K), [Metaspace: 59598K->59598K(1105920K)], 0.3823227 secs] [Times: user=1.75 sys=0.00, real=0.39 secs] 
4902.052: [GC (Allocation Failure) [PSYoungGen: 313344K->107391K(504832K)] 483546K->277594K(1903104K), 0.0477135 secs] [Times: user=0.28 sys=0.00, real=0.05 secs] 
4904.229: [GC (Allocation Failure) [PSYoungGen: 420735K->146112K(503808K)] 590938K->420655K(1902080K), 0.0535787 secs] [Times: user=0.32 sys=0.00, real=0.05 secs] 
4905.654: [GC (Allocation Failure) [PSYoungGen: 461504K->108032K(505344K)] 736047K->518935K(1903616K), 0.0676453 secs] [Times: user=0.40 sys=0.00, real=0.07 secs] 
4907.149: [GC (Allocation Failure) [PSYoungGen: 423424K->148000K(504832K)] 834327K->664312K(1903104K), 0.0530866 secs] [Times: user=0.32 sys=0.00, real=0.05 secs] 
4909.796: [GC (Allocation Failure) [PSYoungGen: 465952K->106816K(507392K)] 982264K->762376K(1905664K), 0.1451274 secs] [Times: user=0.87 sys=0.00, real=0.14 secs] 
4911.966: [GC (Allocation Failure) [PSYoungGen: 424768K->147840K(506368K)] 1080328K->907437K(1904640K), 0.0534305 secs] [Times: user=0.31 sys=0.00, real=0.05 secs] 
4914.576: [GC (Allocation Failure) [PSYoungGen: 467840K->105664K(508928K)] 1227437K->1004005K(1907200K), 0.1702515 secs] [Times: user=1.01 sys=0.00, real=0.17 secs] 
4916.210: [GC (Allocation Failure) [PSYoungGen: 425664K->153472K(503296K)] 1324005K->1153138K(1901568K), 0.0526258 secs] [Times: user=0.31 sys=0.00, real=0.05 secs] 
4918.401: [GC (GCLocker Initiated GC) [PSYoungGen: 470400K->101728K(507904K)] 1470066K->1245934K(1906176K), 0.1682409 secs] [Times: user=1.00 sys=0.01, real=0.17 secs] 
4920.855: [GC (Allocation Failure) [PSYoungGen: 418656K->152256K(502784K)] 1562865K->1393582K(1901056K), 0.0510713 secs] [Times: user=0.30 sys=0.00, real=0.06 secs] 
4920.906: [Full GC (Ergonomics) [PSYoungGen: 152256K->0K(502784K)] [ParOldGen: 1241326K->192613K(1398272K)] 1393582K->192613K(1901056K), [Metaspace: 59600K->59600K(1105920K)], 0.4523879 secs] [Times: user=2.09 sys=0.00, real=0.45 secs] 
4923.449: [GC (Allocation Failure) [PSYoungGen: 313856K->100864K(506368K)] 506469K->293477K(1904640K), 0.0996344 secs] [Times: user=0.59 sys=0.00, real=0.10 secs] 
4924.347: [GC (Allocation Failure) [PSYoungGen: 414720K->161600K(494592K)] 607333K->451530K(1892864K), 0.0500275 secs] [Times: user=0.30 sys=0.00, real=0.05 secs] 
4926.814: [GC (Allocation Failure) [PSYoungGen: 465216K->96896K(501248K)] 755146K->531850K(1899520K), 0.1204737 secs] [Times: user=0.72 sys=0.00, real=0.12 secs] 
4928.133: [GC (Allocation Failure) [PSYoungGen: 400512K->145024K(500736K)] 835466K->672595K(1899008K), 0.0483108 secs] [Times: user=0.29 sys=0.00, real=0.05 secs] 
4930.058: [GC (Allocation Failure) [PSYoungGen: 450176K->102112K(407552K)] 977747K->765367K(1805824K), 0.1543190 secs] [Times: user=0.91 sys=0.01, real=0.15 secs] 
4931.611: [GC (GCLocker Initiated GC) [PSYoungGen: 407264K->141216K(501760K)] 1070521K->903554K(1900032K), 0.0507406 secs] [Times: user=0.30 sys=0.00, real=0.05 secs] 
4933.494: [GC (Allocation Failure) [PSYoungGen: 448928K->103872K(500736K)] 1211301K->998209K(1899008K), 0.0968714 secs] [Times: user=0.58 sys=0.00, real=0.10 secs] 
4935.467: [GC (Allocation Failure) [PSYoungGen: 411584K->145024K(501248K)] 1305921K->1140534K(1899520K), 0.0520994 secs] [Times: user=0.31 sys=0.00, real=0.05 secs] 
4937.376: [GC (Allocation Failure) [PSYoungGen: 455808K->103680K(502272K)] 1451318K->1235334K(1900544K), 0.0747551 secs] [Times: user=0.45 sys=0.00, real=0.07 secs] 
4940.571: [GC (Allocation Failure) [PSYoungGen: 414464K->153920K(500736K)] 1546118K->1386331K(1899008K), 0.0522742 secs] [Times: user=0.31 sys=0.00, real=0.05 secs] 
4940.624: [Full GC (Ergonomics) [PSYoungGen: 153920K->0K(500736K)] [ParOldGen: 1232411K->175356K(1398272K)] 1386331K->175356K(1899008K), [Metaspace: 59617K->59617K(1105920K)], 0.4124874 secs] [Times: user=1.91 sys=0.00, real=0.42 secs] 
4942.574: [GC (Allocation Failure) [PSYoungGen: 311808K->104192K(505344K)] 487164K->279548K(1903616K), 0.0447032 secs] [Times: user=0.27 sys=0.00, real=0.05 secs] 
4945.862: [GC (Allocation Failure) [PSYoungGen: 416000K->143808K(504832K)] 591356K->420633K(1903104K), 0.0524260 secs] [Times: user=0.31 sys=0.00, real=0.05 secs] 
4947.334: [GC (Allocation Failure) [PSYoungGen: 458688K->106080K(505856K)] 735513K->517837K(1904128K), 0.0746669 secs] [Times: user=0.45 sys=0.00, real=0.08 secs] 
4948.823: [GC (Allocation Failure) [PSYoungGen: 420960K->146624K(504832K)] 832717K->661910K(1903104K), 0.0526086 secs] [Times: user=0.31 sys=0.00, real=0.06 secs] 
4951.420: [GC (Allocation Failure) [PSYoungGen: 463040K->105152K(506368K)] 978326K->757838K(1904640K), 0.0849507 secs] [Times: user=0.50 sys=0.00, real=0.09 secs] 
4952.238: [GC (Allocation Failure) [PSYoungGen: 421568K->151424K(504320K)] 1074254K->907459K(1902592K), 0.0789923 secs] [Times: user=0.47 sys=0.00, real=0.08 secs] 
4955.579: [GC (Allocation Failure) [PSYoungGen: 468352K->102368K(507904K)] 1224387K->1001683K(1906176K), 0.1680091 secs] [Times: user=1.00 sys=0.00, real=0.17 secs] 
4956.976: [GC (Allocation Failure) [PSYoungGen: 419296K->149152K(504832K)] 1318611K->1147996K(1903104K), 0.0518085 secs] [Times: user=0.30 sys=0.00, real=0.05 secs] 
4959.500: [GC (Allocation Failure) [PSYoungGen: 465056K->106976K(422912K)] 1463900K->1245972K(1821184K), 0.1000810 secs] [Times: user=0.59 sys=0.00, real=0.10 secs] 
4962.033: [GC (Allocation Failure) [PSYoungGen: 422880K->148256K(504320K)] 1561876K->1390609K(1902592K), 0.0528944 secs] [Times: user=0.31 sys=0.00, real=0.06 secs] 
4962.086: [Full GC (Ergonomics) [PSYoungGen: 148256K->0K(504320K)] [ParOldGen: 1242353K->186605K(1398272K)] 1390609K->186605K(1902592K), [Metaspace: 59617K->59617K(1105920K)], 0.4797027 secs] [Times: user=2.24 sys=0.00, real=0.48 secs] 
4964.295: [GC (Allocation Failure) [PSYoungGen: 315904K->104288K(506880K)] 502509K->290893K(1905152K), 0.0417541 secs] [Times: user=0.25 sys=0.00, real=0.04 secs] 
4965.358: [GC (Allocation Failure) [PSYoungGen: 420192K->152192K(503296K)] 606797K->439438K(1901568K), 0.0516377 secs] [Times: user=0.31 sys=0.00, real=0.05 secs] 
4967.868: [GC (Allocation Failure) [PSYoungGen: 467072K->102176K(506880K)] 754318K->533114K(1905152K), 0.1632180 secs] [Times: user=0.97 sys=0.00, real=0.16 secs] 
4969.115: [GC (Allocation Failure) [PSYoungGen: 417056K->152288K(501760K)] 847994K->681759K(1900032K), 0.0556540 secs] [Times: user=0.33 sys=0.00, real=0.05 secs] 
4972.466: [GC (Allocation Failure) [PSYoungGen: 464096K->98016K(505344K)] 993567K->771631K(1903616K), 0.1613135 secs] [Times: user=0.95 sys=0.01, real=0.16 secs] 
4973.678: [GC (Allocation Failure) [PSYoungGen: 409824K->152256K(499712K)] 1083439K->919964K(1897984K), 0.0499687 secs] [Times: user=0.27 sys=0.00, real=0.05 secs] 
4976.355: [GC (Allocation Failure) [PSYoungGen: 459968K->97536K(503296K)] 1227676K->1008988K(1901568K), 0.1699777 secs] [Times: user=1.01 sys=0.01, real=0.17 secs] 
4979.041: [GC (Allocation Failure) [PSYoungGen: 405248K->144384K(502784K)] 1316700K->1148785K(1901056K), 0.0487280 secs] [Times: user=0.28 sys=0.00, real=0.05 secs] 
4981.227: [GC (Allocation Failure) [PSYoungGen: 453632K->102304K(411648K)] 1458033K->1241761K(1809920K), 0.1579948 secs] [Times: user=0.94 sys=0.01, real=0.16 secs] 
4983.662: [GC (Allocation Failure) [PSYoungGen: 411552K->146592K(501248K)] 1551009K->1384338K(1899520K), 0.0512738 secs] [Times: user=0.30 sys=0.01, real=0.05 secs] 
4983.713: [Full GC (Ergonomics) [PSYoungGen: 146592K->0K(501248K)] [ParOldGen: 1237746K->182673K(1398272K)] 1384338K->182673K(1899520K), [Metaspace: 59619K->59619K(1105920K)], 0.4349273 secs] [Times: user=1.96 sys=0.00, real=0.44 secs] 
4985.632: [GC (Allocation Failure) [PSYoungGen: 309248K->103200K(502784K)] 491921K->285873K(1901056K), 0.0482761 secs] [Times: user=0.28 sys=0.00, real=0.05 secs] 
4987.342: [GC (Allocation Failure) [PSYoungGen: 412448K->145920K(502272K)] 595121K->428638K(1900544K), 0.0511984 secs] [Times: user=0.31 sys=0.00, real=0.05 secs] 
4989.128: [GC (Allocation Failure) [PSYoungGen: 457728K->105184K(503808K)] 740446K->524678K(1902080K), 0.1063242 secs] [Times: user=0.63 sys=0.00, real=0.10 secs] 
4991.524: [GC (Allocation Failure) [PSYoungGen: 416992K->153856K(500736K)] 836486K->675106K(1899008K), 0.0530900 secs] [Times: user=0.32 sys=0.00, real=0.06 secs] 
4993.143: [GC (Allocation Failure) [PSYoungGen: 465664K->104384K(505344K)] 986914K->762322K(1903616K), 0.0978483 secs] [Times: user=0.58 sys=0.00, real=0.10 secs] 
4995.106: [GC (Allocation Failure) [PSYoungGen: 416192K->146016K(505344K)] 1074130K->905319K(1903616K), 0.0525329 secs] [Times: user=0.31 sys=0.00, real=0.05 secs] 
4997.329: [GC (Allocation Failure) [PSYoungGen: 460384K->107584K(422400K)] 1219687K->1003547K(1820672K), 0.1216132 secs] [Times: user=0.71 sys=0.01, real=0.12 secs] 
4999.173: [GC (Allocation Failure) [PSYoungGen: 421952K->147520K(502784K)] 1317915K->1146888K(1901056K), 0.0527094 secs] [Times: user=0.31 sys=0.00, real=0.06 secs] 
5001.257: [GC (Allocation Failure) [PSYoungGen: 461376K->106176K(504832K)] 1460744K->1243532K(1903104K), 0.1567510 secs] [Times: user=0.93 sys=0.01, real=0.15 secs] 
5004.084: [GC (Allocation Failure) [PSYoungGen: 420032K->146944K(504832K)] 1557388K->1386657K(1903104K), 0.0525005 secs] [Times: user=0.31 sys=0.00, real=0.06 secs] 
5004.137: [Full GC (Ergonomics) [PSYoungGen: 146944K->0K(504832K)] [ParOldGen: 1239713K->184948K(1398272K)] 1386657K->184948K(1903104K), [Metaspace: 59689K->59689K(1105920K)], 0.4398044 secs] [Times: user=2.00 sys=0.00, real=0.44 secs] 
5006.268: [GC (Allocation Failure) [PSYoungGen: 316928K->103776K(506880K)] 501876K->288724K(1905152K), 0.0631252 secs] [Times: user=0.37 sys=0.00, real=0.06 secs] 
5007.815: [GC (Allocation Failure) [PSYoungGen: 420704K->152704K(503808K)] 605652K->437609K(1902080K), 0.0514528 secs] [Times: user=0.31 sys=0.00, real=0.05 secs] 
5009.782: [GC (Allocation Failure) [PSYoungGen: 468608K->101888K(507392K)] 753513K->530326K(1905664K), 0.1465287 secs] [Times: user=0.87 sys=0.00, real=0.15 secs] 
5011.576: [GC (Allocation Failure) [PSYoungGen: 417792K->161152K(495616K)] 846230K->686986K(1893888K), 0.0509782 secs] [Times: user=0.31 sys=0.00, real=0.05 secs] 
5013.380: [GC (Allocation Failure) [PSYoungGen: 466816K->97984K(502272K)] 992650K->767514K(1900544K), 0.1270794 secs] [Times: user=0.75 sys=0.00, real=0.13 secs] 
5014.965: [GC (Allocation Failure) [PSYoungGen: 403648K->144064K(500736K)] 1073178K->907738K(1899008K), 0.0486247 secs] [Times: user=0.29 sys=0.00, real=0.05 secs] 
5017.004: [GC (Allocation Failure) [PSYoungGen: 451264K->103328K(502272K)] 1214938K->1001522K(1900544K), 0.1614559 secs] [Times: user=0.97 sys=0.00, real=0.17 secs] 
5018.894: [GC (Allocation Failure) [PSYoungGen: 410528K->143264K(502784K)] 1308722K->1142110K(1901056K), 0.0514127 secs] [Times: user=0.31 sys=0.00, real=0.06 secs] 
5020.503: [GC (Allocation Failure) [PSYoungGen: 453536K->102784K(502784K)] 1452382K->1235518K(1901056K), 0.0962123 secs] [Times: user=0.57 sys=0.00, real=0.10 secs] 
5022.757: [GC (Allocation Failure) [PSYoungGen: 413056K->142656K(503808K)] 1545790K->1375163K(1902080K), 0.0517341 secs] [Times: user=0.31 sys=0.01, real=0.05 secs] 
5022.808: [Full GC (Ergonomics) [PSYoungGen: 142656K->0K(503808K)] [ParOldGen: 1232507K->173523K(1398272K)] 1375163K->173523K(1902080K), [Metaspace: 59689K->59689K(1105920K)], 0.3965301 secs] [Times: user=1.82 sys=0.00, real=0.40 secs] 
5024.404: [GC (Allocation Failure) [PSYoungGen: 313856K->106112K(503808K)] 487379K->279635K(1902080K), 0.0345532 secs] [Times: user=0.20 sys=0.00, real=0.04 secs] 
5027.800: [GC (Allocation Failure) [PSYoungGen: 419968K->145024K(505344K)] 593491K->421972K(1903616K), 0.0531008 secs] [Times: user=0.31 sys=0.00, real=0.05 secs] 
5029.123: [GC (GCLocker Initiated GC) [PSYoungGen: 462976K->108480K(506368K)] 739924K->521172K(1904640K), 0.0650202 secs] [Times: user=0.39 sys=0.00, real=0.07 secs] 
5031.150: [GC (Allocation Failure) [PSYoungGen: 426432K->149440K(505344K)] 839173K->668302K(1903616K), 0.0532952 secs] [Times: user=0.31 sys=0.00, real=0.05 secs] 
5033.903: [GC (Allocation Failure) [PSYoungGen: 469440K->105760K(508416K)] 988302K->765550K(1906688K), 0.0794148 secs] [Times: user=0.48 sys=0.00, real=0.08 secs] 
5034.445: [GC (Allocation Failure) [PSYoungGen: 425760K->153600K(503808K)] 1085550K->916147K(1902080K), 0.0533276 secs] [Times: user=0.31 sys=0.00, real=0.05 secs] 
5037.516: [GC (Allocation Failure) [PSYoungGen: 471552K->102336K(508416K)] 1234099K->1009907K(1906688K), 0.1018788 secs] [Times: user=0.61 sys=0.00, real=0.10 secs] 
5038.044: [GC (Allocation Failure) [PSYoungGen: 420288K->153248K(502784K)] 1327859K->1160341K(1901056K), 0.0516825 secs] [Times: user=0.31 sys=0.01, real=0.06 secs] 
5040.962: [GC (Allocation Failure) [PSYoungGen: 467104K->102208K(506368K)] 1474197K->1253641K(1904640K), 0.1541256 secs] [Times: user=0.91 sys=0.00, real=0.16 secs] 
5042.260: [GC (Allocation Failure) [PSYoungGen: 407051K->149120K(503296K)] 1558485K->1398630K(1901568K), 0.0502764 secs] [Times: user=0.30 sys=0.00, real=0.05 secs] 
5042.310: [Full GC (Ergonomics) [PSYoungGen: 149120K->0K(503296K)] [ParOldGen: 1249510K->195462K(1398272K)] 1398630K->195462K(1901568K), [Metaspace: 59689K->59689K(1105920K)], 0.4655172 secs] [Times: user=2.14 sys=0.01, real=0.47 secs] 
5045.025: [GC (Allocation Failure) [PSYoungGen: 312832K->99264K(505856K)] 508294K->294726K(1904128K), 0.0836592 secs] [Times: user=0.49 sys=0.01, real=0.08 secs] 
5046.859: [GC (Allocation Failure) [PSYoungGen: 412096K->150336K(502272K)] 607558K->440827K(1900544K), 0.0486139 secs] [Times: user=0.29 sys=0.00, real=0.05 secs] 
5049.583: [GC (Allocation Failure) [PSYoungGen: 461120K->98848K(504832K)] 751611K->530759K(1903104K), 0.1718282 secs] [Times: user=1.02 sys=0.01, real=0.18 secs] 
5051.112: [GC (Allocation Failure) [PSYoungGen: 409632K->149632K(501248K)] 841543K->676660K(1899520K), 0.0492837 secs] [Times: user=0.29 sys=0.00, real=0.05 secs] 
5053.341: [GC (Allocation Failure) [PSYoungGen: 458368K->101856K(503808K)] 985396K->770100K(1902080K), 0.1774064 secs] [Times: user=1.06 sys=0.00, real=0.18 secs] 
5055.631: [GC (Allocation Failure) [PSYoungGen: 410592K->146752K(502272K)] 1078836K->912753K(1900544K), 0.0499054 secs] [Times: user=0.30 sys=0.00, real=0.05 secs] 
5057.737: [GC (Allocation Failure) [PSYoungGen: 456512K->99872K(503808K)] 1222513K->1003553K(1902080K), 0.1650774 secs] [Times: user=0.97 sys=0.00, real=0.16 secs] 
5059.802: [GC (Allocation Failure) [PSYoungGen: 409632K->147008K(501760K)] 1313313K->1146045K(1900032K), 0.0500673 secs] [Times: user=0.30 sys=0.00, real=0.05 secs] 
5061.630: [GC (Allocation Failure) [PSYoungGen: 457280K->101856K(503808K)] 1456317K->1238669K(1902080K), 0.1153164 secs] [Times: user=0.68 sys=0.01, real=0.12 secs] 
5064.899: [GC (Allocation Failure) [PSYoungGen: 412128K->145056K(503808K)] 1548941K->1380178K(1902080K), 0.0518256 secs] [Times: user=0.30 sys=0.00, real=0.05 secs] 
5064.951: [Full GC (Ergonomics) [PSYoungGen: 145056K->0K(503808K)] [ParOldGen: 1235122K->178917K(1398272K)] 1380178K->178917K(1902080K), [Metaspace: 59689K->59689K(1105920K)], 0.4202810 secs] [Times: user=1.95 sys=0.00, real=0.42 secs] 
5066.873: [GC (Allocation Failure) [PSYoungGen: 312832K->103520K(504832K)] 491749K->282437K(1903104K), 0.0614916 secs] [Times: user=0.36 sys=0.00, real=0.06 secs] 
5069.304: [GC (Allocation Failure) [PSYoungGen: 416352K->144384K(504320K)] 595269K->423846K(1902592K), 0.0515731 secs] [Times: user=0.31 sys=0.00, real=0.06 secs] 
5070.760: [GC (Allocation Failure) [PSYoungGen: 459264K->109344K(505344K)] 738726K->523742K(1903616K), 0.0799573 secs] [Times: user=0.48 sys=0.00, real=0.08 secs] 
5071.806: [GC (Allocation Failure) [PSYoungGen: 424224K->147520K(503296K)] 838622K->668827K(1901568K), 0.0538695 secs] [Times: user=0.32 sys=0.00, real=0.05 secs] 
5076.111: [GC (Allocation Failure) [PSYoungGen: 463936K->103584K(505856K)] 985243K->763335K(1904128K), 0.0641345 secs] [Times: user=0.38 sys=0.00, real=0.06 secs] 
5077.035: [GC (GCLocker Initiated GC) [PSYoungGen: 420000K->149376K(505856K)] 1079752K->910677K(1904128K), 0.0521783 secs] [Times: user=0.31 sys=0.00, real=0.05 secs] 
5080.117: [GC (Allocation Failure) [PSYoungGen: 468352K->104704K(508928K)] 1229655K->1006720K(1907200K), 0.0684148 secs] [Times: user=0.41 sys=0.00, real=0.07 secs] 
5081.262: [GC (Allocation Failure) [PSYoungGen: 423680K->150496K(504320K)] 1325696K->1153828K(1902592K), 0.0529195 secs] [Times: user=0.32 sys=0.00, real=0.06 secs] 
5083.650: [GC (Allocation Failure) [PSYoungGen: 467424K->104864K(507904K)] 1470756K->1249676K(1906176K), 0.1152896 secs] [Times: user=0.69 sys=0.00, real=0.12 secs] 
5084.435: [GC (Allocation Failure) [PSYoungGen: 417866K->151360K(504320K)] 1562679K->1397909K(1902592K), 0.0831022 secs] [Times: user=0.50 sys=0.00, real=0.08 secs] 
5084.518: [Full GC (Ergonomics) [PSYoungGen: 151360K->0K(504320K)] [ParOldGen: 1246549K->195482K(1398272K)] 1397909K->195482K(1902592K), [Metaspace: 59689K->59689K(1105920K)], 0.4686890 secs] [Times: user=2.17 sys=0.00, real=0.47 secs] 
5088.091: [GC (Allocation Failure) [PSYoungGen: 315904K->99968K(507392K)] 511386K->295450K(1905664K), 0.0740300 secs] [Times: user=0.44 sys=0.01, real=0.08 secs] 
5088.609: [GC (Allocation Failure) [PSYoungGen: 412544K->150400K(502784K)] 608026K->442255K(1901056K), 0.0486463 secs] [Times: user=0.29 sys=0.00, real=0.05 secs] 
5092.168: [GC (Allocation Failure) [PSYoungGen: 463232K->98848K(505856K)] 755087K->532835K(1904128K), 0.1506243 secs] [Times: user=0.89 sys=0.00, real=0.15 secs] 
5093.300: [GC (Allocation Failure) [PSYoungGen: 411680K->151104K(501248K)] 845667K->680115K(1899520K), 0.0490123 secs] [Times: user=0.29 sys=0.00, real=0.05 secs] 
5096.187: [GC (Allocation Failure) [PSYoungGen: 460864K->98816K(504320K)] 989875K->770044K(1902592K), 0.1619779 secs] [Times: user=0.96 sys=0.00, real=0.16 secs] 
5097.058: [GC (Allocation Failure) [PSYoungGen: 408576K->151840K(499200K)] 1079804K->917800K(1897472K), 0.0488888 secs] [Times: user=0.29 sys=0.00, real=0.05 secs] 
5099.411: [GC (Allocation Failure) [PSYoungGen: 458528K->97056K(502784K)] 1224488K->1006397K(1901056K), 0.1730819 secs] [Times: user=1.03 sys=0.00, real=0.17 secs] 
5101.653: [GC (Allocation Failure) [PSYoungGen: 403744K->143680K(502272K)] 1313085K->1146001K(1900544K), 0.0483958 secs] [Times: user=0.28 sys=0.00, real=0.05 secs] 
5103.678: [GC (Allocation Failure) [PSYoungGen: 452416K->103040K(412160K)] 1454737K->1239549K(1810432K), 0.1645224 secs] [Times: user=0.98 sys=0.01, real=0.16 secs] 
5106.075: [GC (Allocation Failure) [PSYoungGen: 411776K->144192K(501248K)] 1548285K->1380566K(1899520K), 0.0512991 secs] [Times: user=0.30 sys=0.00, real=0.05 secs] 
5106.126: [Full GC (Ergonomics) [PSYoungGen: 144192K->0K(501248K)] [ParOldGen: 1236374K->180078K(1398272K)] 1380566K->180078K(1899520K), [Metaspace: 59689K->59689K(1105920K)], 0.4207990 secs] [Times: user=1.94 sys=0.00, real=0.42 secs] 
5108.122: [GC (Allocation Failure) [PSYoungGen: 309760K->103328K(502272K)] 489838K->283406K(1900544K), 0.0575143 secs] [Times: user=0.34 sys=0.00, real=0.06 secs] 
5109.631: [GC (Allocation Failure) [PSYoungGen: 413088K->144800K(502784K)] 593166K->425519K(1901056K), 0.0519605 secs] [Times: user=0.31 sys=0.00, real=0.05 secs] 
5111.418: [GC (Allocation Failure) [PSYoungGen: 458144K->104864K(504320K)] 738863K->521087K(1902592K), 0.0651468 secs] [Times: user=0.39 sys=0.00, real=0.06 secs] 
5112.306: [GC (Allocation Failure) [PSYoungGen: 418208K->149888K(503296K)] 834431K->668655K(1901568K), 0.0522207 secs] [Times: user=0.31 sys=0.00, real=0.05 secs] 
5115.303: [GC (Allocation Failure) [PSYoungGen: 465280K->100832K(506368K)] 984047K->761031K(1904640K), 0.1733712 secs] [Times: user=1.04 sys=0.01, real=0.18 secs] 
5117.499: [GC (Allocation Failure) [PSYoungGen: 416224K->147200K(504832K)] 1076423K->905360K(1903104K), 0.0506408 secs] [Times: user=0.29 sys=0.00, real=0.05 secs] 
5119.272: [GC (Allocation Failure) [PSYoungGen: 463104K->106784K(422912K)] 1221264K->1003164K(1821184K), 0.1463742 secs] [Times: user=0.87 sys=0.01, real=0.15 secs] 
5120.918: [GC (Allocation Failure) [PSYoungGen: 422688K->151072K(502784K)] 1319068K->1150145K(1901056K), 0.0526738 secs] [Times: user=0.32 sys=0.00, real=0.05 secs] 
5123.162: [GC (Allocation Failure) [PSYoungGen: 465952K->103104K(506368K)] 1465025K->1244557K(1904640K), 0.1781413 secs] [Times: user=1.05 sys=0.01, real=0.18 secs] 
5125.849: [GC (Allocation Failure) [PSYoungGen: 417984K->149504K(504320K)] 1559437K->1389650K(1902592K), 0.0516074 secs] [Times: user=0.31 sys=0.00, real=0.05 secs] 
5125.900: [Full GC (Ergonomics) [PSYoungGen: 149504K->0K(504320K)] [ParOldGen: 1240146K->188103K(1398272K)] 1389650K->188103K(1902592K), [Metaspace: 59689K->59689K(1105920K)], 0.4525442 secs] [Times: user=2.11 sys=0.00, real=0.45 secs] 
5128.126: [GC (Allocation Failure) [PSYoungGen: 314880K->102464K(506880K)] 502983K->290567K(1905152K), 0.0800584 secs] [Times: user=0.47 sys=0.01, real=0.08 secs] 
5129.987: [GC (Allocation Failure) [PSYoungGen: 417344K->159232K(496640K)] 605447K->445251K(1894912K), 0.0512496 secs] [Times: user=0.30 sys=0.01, real=0.05 secs] 
5132.020: [GC (Allocation Failure) [PSYoungGen: 465920K->99968K(502784K)] 751939K->527952K(1901056K), 0.1157890 secs] [Times: user=0.69 sys=0.01, real=0.12 secs] 
5133.656: [GC (Allocation Failure) [PSYoungGen: 406656K->146112K(502784K)] 834640K->669696K(1901056K), 0.0496708 secs] [Times: user=0.29 sys=0.00, real=0.05 secs] 
5136.228: [GC (Allocation Failure) [PSYoungGen: 454509K->102336K(411136K)] 978094K->762848K(1809408K), 0.0704175 secs] [Times: user=0.42 sys=0.00, real=0.07 secs] 
5137.006: [GC (Allocation Failure) [PSYoungGen: 411072K->145728K(501248K)] 1071584K->906634K(1899520K), 0.0847927 secs] [Times: user=0.50 sys=0.01, real=0.08 secs] 
5140.926: [GC (Allocation Failure) [PSYoungGen: 454464K->96768K(502272K)] 1215370K->995098K(1900544K), 0.0694312 secs] [Times: user=0.42 sys=0.00, real=0.07 secs] 
5142.934: [GC (Allocation Failure) [PSYoungGen: 405504K->145536K(503808K)] 1303834K->1138383K(1902080K), 0.0507400 secs] [Times: user=0.30 sys=0.00, real=0.05 secs] 
5144.878: [GC (Allocation Failure) [PSYoungGen: 457344K->103456K(415744K)] 1450191K->1232943K(1814016K), 0.0644101 secs] [Times: user=0.38 sys=0.00, real=0.06 secs] 
5146.819: [GC (Allocation Failure) [PSYoungGen: 415264K->146368K(502784K)] 1544751K->1377229K(1901056K), 0.0530854 secs] [Times: user=0.31 sys=0.01, real=0.05 secs] 
5146.872: [Full GC (Ergonomics) [PSYoungGen: 146368K->0K(502784K)] [ParOldGen: 1230861K->174795K(1398272K)] 1377229K->174795K(1901056K), [Metaspace: 59726K->59726K(1105920K)], 0.4143155 secs] [Times: user=1.91 sys=0.00, real=0.42 secs] 
5148.735: [GC (Allocation Failure) [PSYoungGen: 312320K->106144K(504320K)] 487115K->280939K(1902592K), 0.0345169 secs] [Times: user=0.20 sys=0.00, real=0.03 secs] 
5150.006: [GC (Allocation Failure) [PSYoungGen: 418464K->147296K(503296K)] 593259K->426288K(1901568K), 0.0529416 secs] [Times: user=0.31 sys=0.00, real=0.05 secs] 
5151.790: [GC (Allocation Failure) [PSYoungGen: 461664K->104864K(505344K)] 740656K->522372K(1903616K), 0.0647992 secs] [Times: user=0.39 sys=0.00, real=0.06 secs] 
5152.948: [GC (Allocation Failure) [PSYoungGen: 419232K->148480K(504832K)] 836740K->668618K(1903104K), 0.0550682 secs] [Times: user=0.32 sys=0.00, real=0.05 secs] 
5156.408: [GC (Allocation Failure) [PSYoungGen: 464896K->104608K(507392K)] 985034K->764634K(1905664K), 0.0655571 secs] [Times: user=0.39 sys=0.00, real=0.06 secs] 
5157.424: [GC (Allocation Failure) [PSYoungGen: 421024K->150496K(504320K)] 1081050K->911655K(1902592K), 0.0517769 secs] [Times: user=0.31 sys=0.00, real=0.06 secs] 
5160.009: [GC (Allocation Failure) [PSYoungGen: 466400K->103264K(507392K)] 1227559K->1006383K(1905664K), 0.0704736 secs] [Times: user=0.41 sys=0.00, real=0.07 secs] 
5160.705: [GC (Allocation Failure) [PSYoungGen: 419168K->152480K(501760K)] 1322287K->1155937K(1900032K), 0.0600301 secs] [Times: user=0.36 sys=0.01, real=0.06 secs] 
5164.242: [GC (Allocation Failure) [PSYoungGen: 465312K->99744K(505856K)] 1468769K->1247177K(1904128K), 0.1350849 secs] [Times: user=0.80 sys=0.00, real=0.14 secs] 
5165.339: [GC (Allocation Failure) [PSYoungGen: 412576K->149440K(502784K)] 1560009K->1392298K(1901056K), 0.0507088 secs] [Times: user=0.30 sys=0.00, real=0.05 secs] 
5165.390: [Full GC (Ergonomics) [PSYoungGen: 149440K->0K(502784K)] [ParOldGen: 1242858K->189405K(1398272K)] 1392298K->189405K(1901056K), [Metaspace: 59726K->59726K(1105920K)], 0.4477771 secs] [Times: user=2.06 sys=0.00, real=0.45 secs] 
5167.697: [GC (Allocation Failure) [PSYoungGen: 311808K->103424K(505344K)] 501213K->292829K(1903616K), 0.1035073 secs] [Times: user=0.61 sys=0.00, real=0.10 secs] 
5169.066: [GC (Allocation Failure) [PSYoungGen: 415232K->148608K(502784K)] 604637K->437270K(1901056K), 0.0504049 secs] [Times: user=0.30 sys=0.00, real=0.05 secs] 
5171.333: [GC (Allocation Failure) [PSYoungGen: 460416K->100480K(505344K)] 749078K->528750K(1903616K), 0.1689049 secs] [Times: user=1.00 sys=0.00, real=0.17 secs] 
5174.622: [GC (Allocation Failure) [PSYoungGen: 412288K->147328K(504320K)] 840558K->671355K(1902592K), 0.0496156 secs] [Times: user=0.29 sys=0.00, real=0.05 secs] 
5176.563: [GC (Allocation Failure) [PSYoungGen: 460160K->102784K(415744K)] 984187K->765223K(1814016K), 0.1158234 secs] [Times: user=0.68 sys=0.00, real=0.12 secs] 
5179.363: [GC (Allocation Failure) [PSYoungGen: 415616K->148320K(502272K)] 1078055K->909244K(1900544K), 0.0511916 secs] [Times: user=0.30 sys=0.00, real=0.05 secs] 
5181.450: [GC (Allocation Failure) [PSYoungGen: 460128K->100800K(504832K)] 1221052K->1000976K(1903104K), 0.1462274 secs] [Times: user=0.87 sys=0.00, real=0.15 secs] 
5183.992: [GC (Allocation Failure) [PSYoungGen: 412608K->143840K(504832K)] 1312784K->1142012K(1903104K), 0.0510333 secs] [Times: user=0.30 sys=0.01, real=0.05 secs] 
5185.649: [GC (Allocation Failure) [PSYoungGen: 458208K->104864K(419328K)] 1456380K->1237813K(1817600K), 0.0834234 secs] [Times: user=0.50 sys=0.00, real=0.08 secs] 
5188.687: [GC (Allocation Failure) [PSYoungGen: 419232K->143936K(504320K)] 1552181K->1378925K(1902592K), 0.0524374 secs] [Times: user=0.32 sys=0.00, real=0.05 secs] 
5188.740: [Full GC (Ergonomics) [PSYoungGen: 143936K->0K(504320K)] [ParOldGen: 1234989K->177940K(1398272K)] 1378925K->177940K(1902592K), [Metaspace: 59727K->59727K(1105920K)], 0.4153433 secs] [Times: user=1.92 sys=0.00, real=0.42 secs] 
5190.407: [GC (Allocation Failure) [PSYoungGen: 315904K->107808K(505344K)] 493844K->285748K(1903616K), 0.0342638 secs] [Times: user=0.20 sys=0.00, real=0.03 secs] 
5192.021: [GC (Allocation Failure) [PSYoungGen: 423712K->147808K(504832K)] 601652K->431045K(1903104K), 0.0533840 secs] [Times: user=0.32 sys=0.00, real=0.05 secs] 
5194.757: [GC (Allocation Failure) [PSYoungGen: 466272K->106176K(507392K)] 749509K->527849K(1905664K), 0.1251711 secs] [Times: user=0.74 sys=0.00, real=0.12 secs] 
5196.469: [GC (Allocation Failure) [PSYoungGen: 424640K->150848K(505856K)] 846313K->675274K(1904128K), 0.0522535 secs] [Times: user=0.31 sys=0.00, real=0.05 secs] 
5198.243: [GC (Allocation Failure) [PSYoungGen: 470848K->107360K(509440K)] 995274K->773942K(1907712K), 0.0946384 secs] [Times: user=0.56 sys=0.00, real=0.10 secs] 
5198.899: [GC (Allocation Failure) [PSYoungGen: 422628K->150112K(505856K)] 1089211K->920571K(1904128K), 0.0524916 secs] [Times: user=0.31 sys=0.00, real=0.05 secs] 
5202.394: [GC (Allocation Failure) [PSYoungGen: 469088K->103712K(508928K)] 1239547K->1015555K(1907200K), 0.1218385 secs] [Times: user=0.73 sys=0.00, real=0.13 secs] 
5202.942: [GC (Allocation Failure) [PSYoungGen: 410831K->147328K(507904K)] 1322675K->1159316K(1906176K), 0.0506654 secs] [Times: user=0.30 sys=0.00, real=0.05 secs] 
5206.331: [GC (Allocation Failure) [PSYoungGen: 467328K->104544K(424960K)] 1479316K->1255040K(1823232K), 0.1192759 secs] [Times: user=0.71 sys=0.00, real=0.12 secs] 
5207.055: [GC (Allocation Failure) [PSYoungGen: 424544K->187360K(420352K)] 1575040K->1454993K(1818624K), 0.0570185 secs] [Times: user=0.34 sys=0.00, real=0.06 secs] 
5207.112: [Full GC (Ergonomics) [PSYoungGen: 187360K->0K(420352K)] [ParOldGen: 1267633K->204010K(1398272K)] 1454993K->204010K(1818624K), [Metaspace: 59727K->59727K(1105920K)], 0.4626763 secs] [Times: user=2.13 sys=0.00, real=0.46 secs] 
5209.312: [GC (Allocation Failure) [PSYoungGen: 232960K->59296K(465920K)] 436970K->263306K(1864192K), 0.0659226 secs] [Times: user=0.39 sys=0.00, real=0.07 secs] 
5211.975: [GC (Allocation Failure) [PSYoungGen: 292256K->104800K(465920K)] 496266K->365519K(1864192K), 0.0632741 secs] [Times: user=0.37 sys=0.00, real=0.06 secs] 
5212.213: [GC (Allocation Failure) [PSYoungGen: 337760K->120736K(465920K)] 598479K->477139K(1864192K), 0.0547740 secs] [Times: user=0.33 sys=0.01, real=0.06 secs] 
5215.137: [GC (Allocation Failure) [PSYoungGen: 353696K->53376K(465920K)] 710099K->530115K(1864192K), 0.1442507 secs] [Times: user=0.86 sys=0.00, real=0.14 secs] 
5216.407: [GC (Allocation Failure) [PSYoungGen: 286336K->111488K(344576K)] 763075K->638052K(1742848K), 0.0369813 secs] [Times: user=0.21 sys=0.00, real=0.03 secs] 
5217.593: [GC (Allocation Failure) [PSYoungGen: 344448K->100384K(467968K)] 871012K->729896K(1866240K), 0.0562409 secs] [Times: user=0.33 sys=0.00, real=0.06 secs] 
5219.551: [GC (Allocation Failure) [PSYoungGen: 340000K->76096K(461312K)] 969512K->805876K(1859584K), 0.1009105 secs] [Times: user=0.59 sys=0.00, real=0.10 secs] 
5219.863: [GC (Allocation Failure) [PSYoungGen: 304874K->112736K(467456K)] 1034655K->912757K(1865728K), 0.0464626 secs] [Times: user=0.27 sys=0.00, real=0.05 secs] 
5221.146: [GC (Allocation Failure) [PSYoungGen: 371296K->81632K(467456K)] 1171317K->985813K(1865728K), 0.0555868 secs] [Times: user=0.32 sys=0.00, real=0.05 secs] 
5223.116: [GC (Allocation Failure) [PSYoungGen: 340192K->117056K(478208K)] 1244373K->1100398K(1876480K), 0.0436715 secs] [Times: user=0.26 sys=0.00, real=0.04 secs] 
5224.409: [GC (Allocation Failure) [PSYoungGen: 401728K->116864K(482304K)] 1385070K->1207646K(1880576K), 0.0606201 secs] [Times: user=0.36 sys=0.00, real=0.06 secs] 
5226.490: [GC (Allocation Failure) [PSYoungGen: 401536K->117888K(492544K)] 1492318K->1325446K(1890816K), 0.0783314 secs] [Times: user=0.46 sys=0.00, real=0.08 secs] 
5227.822: [GC (Allocation Failure) [PSYoungGen: 428160K->139072K(495616K)] 1635718K->1445701K(1893888K), 0.0625886 secs] [Times: user=0.37 sys=0.00, real=0.06 secs] 
5227.884: [Full GC (Ergonomics) [PSYoungGen: 139072K->0K(495616K)] [ParOldGen: 1306629K->251253K(1398272K)] 1445701K->251253K(1893888K), [Metaspace: 59727K->59727K(1105920K)], 0.5278529 secs] [Times: user=2.31 sys=0.00, real=0.53 secs] 
5230.946: [GC (Allocation Failure) [PSYoungGen: 310272K->108000K(504320K)] 561525K->359253K(1902592K), 0.0328690 secs] [Times: user=0.19 sys=0.01, real=0.03 secs] 
5232.293: [GC (Allocation Failure) [PSYoungGen: 434144K->140448K(507904K)] 685397K->489341K(1906176K), 0.0610606 secs] [Times: user=0.36 sys=0.00, real=0.06 secs] 
5235.709: [GC (Allocation Failure) [PSYoungGen: 466592K->117632K(506368K)] 815485K->606733K(1904640K), 0.0796271 secs] [Times: user=0.47 sys=0.00, real=0.08 secs] 
5237.120: [GC (Allocation Failure) [PSYoungGen: 450432K->1408K(334336K)] 939533K->490641K(1732608K), 0.0015711 secs] [Times: user=0.01 sys=0.00, real=0.00 secs] 
5238.488: [GC (Allocation Failure) [PSYoungGen: 334208K->139744K(499200K)] 823441K->629626K(1897472K), 0.0275408 secs] [Times: user=0.16 sys=0.00, real=0.03 secs] 
5242.285: [GC (Allocation Failure) [PSYoungGen: 447456K->2368K(310272K)] 937338K->492346K(1708544K), 0.0018609 secs] [Times: user=0.01 sys=0.00, real=0.00 secs] 
5244.939: [GC (Allocation Failure) [PSYoungGen: 310080K->138912K(485376K)] 800058K->628890K(1883648K), 0.0348941 secs] [Times: user=0.20 sys=0.00, real=0.03 secs] 
5248.092: [GC (Allocation Failure) [PSYoungGen: 418976K->209376K(489472K)] 908954K->727194K(1887744K), 0.0603212 secs] [Times: user=0.36 sys=0.00, real=0.06 secs] 
5250.163: [GC (Allocation Failure) [PSYoungGen: 489440K->122592K(442368K)] 1007258K->640530K(1840640K), 0.0319712 secs] [Times: user=0.19 sys=0.00, real=0.04 secs] 
5250.469: [GC (Allocation Failure) [PSYoungGen: 355552K->137920K(465920K)] 873490K->743891K(1864192K), 0.0522981 secs] [Times: user=0.31 sys=0.00, real=0.05 secs] 
5252.048: [GC (Allocation Failure) [PSYoungGen: 370880K->56800K(464896K)] 976851K->784323K(1863168K), 0.1046832 secs] [Times: user=0.62 sys=0.00, real=0.10 secs] 
5253.790: [GC (Allocation Failure) [PSYoungGen: 289760K->108928K(342016K)] 1017283K->889768K(1740288K), 0.0365983 secs] [Times: user=0.21 sys=0.01, real=0.04 secs] 
5254.885: [GC (Allocation Failure) [PSYoungGen: 339789K->151744K(452096K)] 1120630K->1032208K(1850368K), 0.0644601 secs] [Times: user=0.38 sys=0.01, real=0.06 secs] 
5257.565: [GC (Allocation Failure) [PSYoungGen: 382656K->57312K(455680K)] 1263120K->1052392K(1853952K), 0.1252147 secs] [Times: user=0.75 sys=0.00, real=0.13 secs] 
5258.491: [GC (Allocation Failure) [PSYoungGen: 288224K->120896K(458240K)] 1283304K->1167861K(1856512K), 0.0385483 secs] [Times: user=0.23 sys=0.00, real=0.04 secs] 
5259.988: [GC (Allocation Failure) [PSYoungGen: 370752K->85632K(466432K)] 1417717K->1236753K(1864704K), 0.0550968 secs] [Times: user=0.33 sys=0.00, real=0.05 secs] 
5262.424: [GC (Allocation Failure) [PSYoungGen: 335488K->101440K(462848K)] 1486609K->1336838K(1861120K), 0.0659154 secs] [Times: user=0.39 sys=0.00, real=0.07 secs] 
5262.490: [Full GC (Ergonomics) [PSYoungGen: 101440K->0K(462848K)] [ParOldGen: 1235398K->116626K(1398272K)] 1336838K->116626K(1861120K), [Metaspace: 59727K->59727K(1105920K)], 0.2639113 secs] [Times: user=1.19 sys=0.00, real=0.26 secs] 
5262.956: [GC (Allocation Failure) [PSYoungGen: 271872K->156160K(473600K)] 388498K->272786K(1871872K), 0.0410606 secs] [Times: user=0.24 sys=0.00, real=0.04 secs] 
5266.341: [GC (Allocation Failure) [PSYoungGen: 428032K->71840K(491520K)] 544658K->327902K(1889792K), 0.1344391 secs] [Times: user=0.80 sys=0.00, real=0.14 secs] 
5266.740: [GC (Allocation Failure) [PSYoungGen: 353440K->139008K(488960K)] 609502K->460779K(1887232K), 0.0494435 secs] [Times: user=0.30 sys=0.00, real=0.05 secs] 
5268.660: [GC (Allocation Failure) [PSYoungGen: 420608K->83200K(482816K)] 742379K->543499K(1881088K), 0.1451587 secs] [Times: user=0.86 sys=0.01, real=0.15 secs] 
5269.324: [GC (Allocation Failure) [PSYoungGen: 365824K->137184K(486400K)] 826123K->677040K(1884672K), 0.0459263 secs] [Times: user=0.27 sys=0.00, real=0.05 secs] 
5272.253: [GC (Allocation Failure) [PSYoungGen: 419808K->88704K(485888K)] 959664K->756936K(1884160K), 0.0595772 secs] [Times: user=0.36 sys=0.00, real=0.06 secs] 
5273.209: [GC (Allocation Failure) [PSYoungGen: 379008K->144704K(489984K)] 1047240K->899473K(1888256K), 0.0471722 secs] [Times: user=0.28 sys=0.01, real=0.05 secs] 
5274.961: [GC (Allocation Failure) [PSYoungGen: 435008K->99872K(488960K)] 1189777K->981905K(1887232K), 0.0626770 secs] [Times: user=0.38 sys=0.00, real=0.06 secs] 
5276.246: [GC (Allocation Failure) [PSYoungGen: 395296K->130784K(492032K)] 1277329K->1111752K(1890304K), 0.0524849 secs] [Times: user=0.30 sys=0.00, real=0.05 secs] 
5279.075: [GC (Allocation Failure) [PSYoungGen: 426208K->114080K(484864K)] 1407176K->1217360K(1883136K), 0.0629155 secs] [Times: user=0.38 sys=0.00, real=0.07 secs] 
5280.826: [GC (Allocation Failure) [PSYoungGen: 420768K->123232K(494080K)] 1524048K->1340504K(1892352K), 0.0677345 secs] [Times: user=0.40 sys=0.00, real=0.06 secs] 
5280.894: [Full GC (Ergonomics) [PSYoungGen: 123232K->0K(494080K)] [ParOldGen: 1217272K->137243K(1398272K)] 1340504K->137243K(1892352K), [Metaspace: 59728K->59728K(1105920K)], 0.3043457 secs] [Times: user=1.36 sys=0.00, real=0.31 secs] 
5282.427: [GC (Allocation Failure) [PSYoungGen: 306688K->124928K(501760K)] 443931K->262171K(1900032K), 0.0427666 secs] [Times: user=0.25 sys=0.00, real=0.04 secs] 
5284.978: [GC (Allocation Failure) [PSYoungGen: 452608K->127040K(508416K)] 589851K->388971K(1906688K), 0.0700452 secs] [Times: user=0.41 sys=0.00, real=0.07 secs] 
5286.337: [GC (Allocation Failure) [PSYoungGen: 454720K->3104K(494080K)] 716651K->265135K(1892352K), 0.0025154 secs] [Times: user=0.01 sys=0.00, real=0.00 secs] 
5289.558: [GC (Allocation Failure) [PSYoungGen: 319008K->134528K(450560K)] 581039K->397572K(1848832K), 0.0270978 secs] [Times: user=0.16 sys=0.00, real=0.03 secs] 
5290.863: [GC (Allocation Failure) [PSYoungGen: 450432K->115488K(510976K)] 713476K->503772K(1909248K), 0.0644025 secs] [Times: user=0.39 sys=0.00, real=0.07 secs] 
5294.040: [GC (Allocation Failure) [PSYoungGen: 432928K->136416K(505344K)] 821212K->638792K(1903616K), 0.0579822 secs] [Times: user=0.35 sys=0.00, real=0.06 secs] 
5295.363: [GC (Allocation Failure) [PSYoungGen: 453856K->114304K(501248K)] 956232K->743757K(1899520K), 0.0643503 secs] [Times: user=0.39 sys=0.00, real=0.07 secs] 
5298.101: [GC (Allocation Failure) [PSYoungGen: 435328K->142816K(504320K)] 1064781K->885249K(1902592K), 0.0543435 secs] [Times: user=0.33 sys=0.00, real=0.06 secs] 
5299.645: [GC (Allocation Failure) [PSYoungGen: 463840K->110816K(507392K)] 1206273K->986913K(1905664K), 0.0659222 secs] [Times: user=0.39 sys=0.00, real=0.06 secs] 
5301.412: [GC (Allocation Failure) [PSYoungGen: 439008K->150016K(509440K)] 1315105K->1135438K(1907712K), 0.0546155 secs] [Times: user=0.33 sys=0.00, real=0.06 secs] 
5304.394: [GC (Allocation Failure) [PSYoungGen: 478208K->110144K(512000K)] 1463630K->1236930K(1910272K), 0.0667358 secs] [Times: user=0.39 sys=0.00, real=0.07 secs] 
5307.335: [GC (Allocation Failure) [PSYoungGen: 439872K->161504K(491520K)] 1566658K->1395759K(1889792K), 0.0551401 secs] [Times: user=0.33 sys=0.00, real=0.05 secs] 
5307.390: [Full GC (Ergonomics) [PSYoungGen: 161504K->0K(491520K)] [ParOldGen: 1234255K->185253K(1398272K)] 1395759K->185253K(1889792K), [Metaspace: 59728K->59728K(1105920K)], 0.4291091 secs] [Times: user=1.97 sys=0.00, real=0.43 secs] 
5310.191: [GC (Allocation Failure) [PSYoungGen: 329728K->110592K(512000K)] 514981K->295845K(1910272K), 0.0863115 secs] [Times: user=0.50 sys=0.01, real=0.09 secs] 
5312.186: [GC (Allocation Failure) [PSYoungGen: 430592K->161440K(481792K)] 615845K->451732K(1880064K), 0.0551030 secs] [Times: user=0.31 sys=0.01, real=0.05 secs] 
5314.614: [GC (Allocation Failure) [PSYoungGen: 481440K->104928K(507392K)] 771732K->539580K(1905664K), 0.1711664 secs] [Times: user=1.01 sys=0.01, real=0.18 secs] 
5316.659: [GC (Allocation Failure) [PSYoungGen: 417248K->146240K(503808K)] 851900K->681953K(1902080K), 0.0503531 secs] [Times: user=0.30 sys=0.00, real=0.05 secs] 
5318.600: [GC (Allocation Failure) [PSYoungGen: 458560K->104032K(503296K)] 994273K->777157K(1901568K), 0.1263199 secs] [Times: user=0.75 sys=0.00, real=0.13 secs] 
5319.777: [GC (Allocation Failure) [PSYoungGen: 416036K->147328K(504320K)] 1089162K->920923K(1902592K), 0.0670436 secs] [Times: user=0.40 sys=0.00, real=0.06 secs] 
5322.392: [GC (Allocation Failure) [PSYoungGen: 461184K->103744K(504320K)] 1234779K->1015751K(1902592K), 0.1412250 secs] [Times: user=0.76 sys=0.00, real=0.14 secs] 
5323.320: [GC (Allocation Failure) [PSYoungGen: 405687K->147552K(505344K)] 1317695K->1159524K(1903616K), 0.0508169 secs] [Times: user=0.30 sys=0.00, real=0.05 secs] 
5325.757: [GC (Allocation Failure) [PSYoungGen: 463456K->101504K(506880K)] 1475428K->1252812K(1905152K), 0.0693806 secs] [Times: user=0.42 sys=0.00, real=0.07 secs] 
5326.374: [GC (Allocation Failure) [PSYoungGen: 413926K->149440K(466944K)] 1565234K->1398681K(1865216K), 0.0508949 secs] [Times: user=0.30 sys=0.00, real=0.06 secs] 
5326.425: [Full GC (Ergonomics) [PSYoungGen: 149440K->0K(466944K)] [ParOldGen: 1249241K->195936K(1398272K)] 1398681K->195936K(1865216K), [Metaspace: 59728K->59728K(1105920K)], 0.4630583 secs] [Times: user=2.13 sys=0.00, real=0.46 secs] 
5329.038: [GC (Allocation Failure) [PSYoungGen: 317440K->104544K(509440K)] 513376K->300480K(1907712K), 0.0877028 secs] [Times: user=0.51 sys=0.00, real=0.09 secs] 
5329.863: [GC (Allocation Failure) [PSYoungGen: 406750K->146272K(506368K)] 602686K->443054K(1904640K), 0.0493996 secs] [Times: user=0.30 sys=0.00, real=0.05 secs] 
5332.716: [GC (Allocation Failure) [PSYoungGen: 463200K->101984K(506368K)] 759982K->536722K(1904640K), 0.1763235 secs] [Times: user=0.96 sys=0.01, real=0.17 secs] 
5334.202: [GC (Allocation Failure) [PSYoungGen: 418867K->149984K(506880K)] 853605K->682430K(1905152K), 0.0497308 secs] [Times: user=0.29 sys=0.00, real=0.05 secs] 
5336.621: [GC (Allocation Failure) [PSYoungGen: 467936K->103616K(507392K)] 1000382K->776726K(1905664K), 0.1646587 secs] [Times: user=0.97 sys=0.01, real=0.17 secs] 
5338.439: [GC (Allocation Failure) [PSYoungGen: 410650K->147488K(506880K)] 1083761K->920110K(1905152K), 0.0503847 secs] [Times: user=0.30 sys=0.00, real=0.05 secs] 
5340.916: [GC (Allocation Failure) [PSYoungGen: 464928K->101856K(507392K)] 1237550K->1013566K(1905664K), 0.1559886 secs] [Times: user=0.93 sys=0.00, real=0.15 secs] 
5341.866: [GC (Allocation Failure) [PSYoungGen: 415760K->149696K(467968K)] 1327470K->1159655K(1866240K), 0.0504548 secs] [Times: user=0.30 sys=0.00, real=0.05 secs] 
5344.301: [GC (Allocation Failure) [PSYoungGen: 467648K->105984K(509440K)] 1477607K->1256795K(1907712K), 0.1664614 secs] [Times: user=0.99 sys=0.01, real=0.17 secs] 
5345.960: [GC (Allocation Failure) [PSYoungGen: 412210K->145696K(506368K)] 1563021K->1398352K(1904640K), 0.0509485 secs] [Times: user=0.30 sys=0.00, real=0.05 secs] 
5346.011: [Full GC (Ergonomics) [PSYoungGen: 145696K->0K(506368K)] [ParOldGen: 1252656K->196763K(1398272K)] 1398352K->196763K(1904640K), [Metaspace: 59728K->59728K(1105920K)], 0.4668484 secs] [Times: user=2.17 sys=0.00, real=0.47 secs] 
5348.507: [GC (Allocation Failure) [PSYoungGen: 316928K->103744K(506368K)] 513691K->300507K(1904640K), 0.0804995 secs] [Times: user=0.48 sys=0.00, real=0.08 secs] 
5349.597: [GC (Allocation Failure) [PSYoungGen: 410885K->148160K(506880K)] 607649K->444441K(1905152K), 0.0489984 secs] [Times: user=0.29 sys=0.00, real=0.05 secs] 
5352.229: [GC (Allocation Failure) [PSYoungGen: 467136K->104480K(508416K)] 763417K->540169K(1906688K), 0.1692759 secs] [Times: user=1.01 sys=0.00, real=0.17 secs] 
5353.450: [GC (Allocation Failure) [PSYoungGen: 414067K->147552K(508416K)] 849756K->683098K(1906688K), 0.0517447 secs] [Times: user=0.26 sys=0.00, real=0.05 secs] 
5356.284: [GC (Allocation Failure) [PSYoungGen: 468064K->103872K(508416K)] 1003610K->778378K(1906688K), 0.1504539 secs] [Times: user=0.90 sys=0.00, real=0.15 secs] 
5357.265: [GC (Allocation Failure) [PSYoungGen: 414863K->147904K(508416K)] 1089369K->922383K(1906688K), 0.0506967 secs] [Times: user=0.30 sys=0.00, real=0.05 secs] 
5360.130: [GC (Allocation Failure) [PSYoungGen: 468416K->104864K(507904K)] 1242895K->1017995K(1906176K), 0.1711677 secs] [Times: user=1.02 sys=0.00, real=0.17 secs] 
5361.063: [GC (Allocation Failure) [PSYoungGen: 425888K->156320K(477696K)] 1339019K->1170656K(1875968K), 0.0517447 secs] [Times: user=0.31 sys=0.00, real=0.05 secs] 
5364.613: [GC (Allocation Failure) [PSYoungGen: 477344K->93280K(506368K)] 1491680K->1263864K(1904640K), 0.1581192 secs] [Times: user=0.94 sys=0.00, real=0.16 secs] 
5365.175: [GC (GCLocker Initiated GC) [PSYoungGen: 406624K->147904K(461312K)] 1577213K->1408010K(1859584K), 0.0547781 secs] [Times: user=0.32 sys=0.00, real=0.06 secs] 
5365.230: [Full GC (Ergonomics) [PSYoungGen: 147904K->0K(461312K)] [ParOldGen: 1260106K->205095K(1398272K)] 1408010K->205095K(1859584K), [Metaspace: 59728K->59728K(1105920K)], 0.4804008 secs] [Times: user=2.25 sys=0.00, real=0.48 secs] 
5368.364: [GC (Allocation Failure) [PSYoungGen: 313344K->95136K(505856K)] 518444K->300236K(1904128K), 0.1772442 secs] [Times: user=1.05 sys=0.00, real=0.18 secs] 
5369.096: [GC (Allocation Failure) [PSYoungGen: 406432K->151744K(463360K)] 611532K->448445K(1861632K), 0.0539523 secs] [Times: user=0.32 sys=0.00, real=0.05 secs] 
5372.162: [GC (Allocation Failure) [PSYoungGen: 463040K->90848K(503296K)] 759741K->539469K(1901568K), 0.1638111 secs] [Times: user=0.98 sys=0.00, real=0.17 secs] 
5372.671: [GC (Allocation Failure) [PSYoungGen: 397536K->148128K(455168K)] 846157K->683705K(1853440K), 0.0532457 secs] [Times: user=0.32 sys=0.00, real=0.05 secs] 
5375.601: [GC (Allocation Failure) [PSYoungGen: 454816K->88192K(502272K)] 990393K->771498K(1900544K), 0.1615577 secs] [Times: user=0.96 sys=0.01, real=0.16 secs] 
5376.771: [GC (Allocation Failure) [PSYoungGen: 389579K->146336K(451072K)] 1072885K->913434K(1849344K), 0.0495533 secs] [Times: user=0.29 sys=0.00, real=0.05 secs] 
5378.863: [GC (Allocation Failure) [PSYoungGen: 450976K->97184K(503296K)] 1218074K->1001986K(1901568K), 0.1153418 secs] [Times: user=0.69 sys=0.01, real=0.12 secs] 
5379.971: [GC (Allocation Failure) [PSYoungGen: 401824K->146240K(500224K)] 1306626K->1144191K(1898496K), 0.0484357 secs] [Times: user=0.28 sys=0.00, real=0.05 secs] 
5382.056: [GC (Allocation Failure) [PSYoungGen: 450880K->99584K(498176K)] 1448831K->1234655K(1896448K), 0.1339349 secs] [Times: user=0.79 sys=0.00, real=0.13 secs] 
5383.808: [GC (Allocation Failure) [PSYoungGen: 405248K->146912K(499712K)] 1540319K->1377164K(1897984K), 0.0514079 secs] [Times: user=0.30 sys=0.01, real=0.05 secs] 
5383.859: [Full GC (Ergonomics) [PSYoungGen: 146912K->0K(499712K)] [ParOldGen: 1230252K->183195K(1398272K)] 1377164K->183195K(1897984K), [Metaspace: 59728K->59728K(1105920K)], 0.4431304 secs] [Times: user=2.02 sys=0.00, real=0.44 secs] 
5385.662: [GC (Allocation Failure) [PSYoungGen: 305664K->101088K(500224K)] 488859K->284283K(1898496K), 0.0325276 secs] [Times: user=0.19 sys=0.00, real=0.03 secs] 
5387.993: [GC (Allocation Failure) [PSYoungGen: 409312K->144736K(501248K)] 592507K->426046K(1899520K), 0.0507574 secs] [Times: user=0.30 sys=0.00, real=0.05 secs] 
5389.741: [GC (Allocation Failure) [PSYoungGen: 452960K->102976K(500224K)] 734270K->519778K(1898496K), 0.0911885 secs] [Times: user=0.54 sys=0.00, real=0.09 secs] 
5392.418: [GC (Allocation Failure) [PSYoungGen: 414272K->141728K(502272K)] 831074K->658799K(1900544K), 0.0510349 secs] [Times: user=0.30 sys=0.00, real=0.05 secs] 
5393.905: [GC (Allocation Failure) [PSYoungGen: 453024K->104480K(501248K)] 970095K->754087K(1899520K), 0.0920908 secs] [Times: user=0.55 sys=0.00, real=0.10 secs] 
5395.560: [GC (Allocation Failure) [PSYoungGen: 420896K->150368K(504320K)] 1070503K->901792K(1902592K), 0.0520518 secs] [Times: user=0.30 sys=0.00, real=0.05 secs] 
5397.352: [GC (Allocation Failure) [PSYoungGen: 466784K->106560K(507392K)] 1218208K->999756K(1905664K), 0.0659867 secs] [Times: user=0.39 sys=0.00, real=0.07 secs] 
5400.003: [GC (Allocation Failure) [PSYoungGen: 425024K->153696K(472576K)] 1318220K->1150592K(1870848K), 0.0527587 secs] [Times: user=0.31 sys=0.00, real=0.06 secs] 
5401.928: [GC (Allocation Failure) [PSYoungGen: 472160K->108320K(509440K)] 1469056K->1241336K(1907712K), 0.1141676 secs] [Times: user=0.67 sys=0.00, real=0.11 secs] 
5403.356: [GC (Allocation Failure) [PSYoungGen: 424736K->150176K(505856K)] 1557752K->1387981K(1904128K), 0.0537500 secs] [Times: user=0.31 sys=0.00, real=0.05 secs] 
5403.410: [Full GC (Ergonomics) [PSYoungGen: 150176K->0K(505856K)] [ParOldGen: 1237805K->185794K(1398272K)] 1387981K->185794K(1904128K), [Metaspace: 59728K->59728K(1105920K)], 0.4290186 secs] [Times: user=1.97 sys=0.00, real=0.43 secs] 
5405.122: [GC (Allocation Failure) [PSYoungGen: 316416K->103104K(506880K)] 502210K->288898K(1905152K), 0.0402452 secs] [Times: user=0.24 sys=0.00, real=0.04 secs] 
5406.569: [GC (Allocation Failure) [PSYoungGen: 419520K->151872K(468480K)] 605314K->436533K(1866752K), 0.0512093 secs] [Times: user=0.31 sys=0.00, real=0.05 secs] 
5408.943: [GC (Allocation Failure) [PSYoungGen: 468288K->104832K(507904K)] 752949K->532301K(1906176K), 0.1773574 secs] [Times: user=1.06 sys=0.00, real=0.18 secs] 
5411.056: [GC (Allocation Failure) [PSYoungGen: 419200K->149568K(505344K)] 846669K->678146K(1903616K), 0.0518188 secs] [Times: user=0.31 sys=0.00, real=0.05 secs] 
5413.254: [GC (Allocation Failure) [PSYoungGen: 463936K->101280K(505856K)] 992514K->770858K(1904128K), 0.1679329 secs] [Times: user=1.00 sys=0.00, real=0.17 secs] 
5415.252: [GC (Allocation Failure) [PSYoungGen: 415136K->151648K(465920K)] 1084714K->917907K(1864192K), 0.0499610 secs] [Times: user=0.30 sys=0.00, real=0.05 secs] 
5416.854: [GC (Allocation Failure) [PSYoungGen: 465504K->106400K(507392K)] 1231763K->1015599K(1905664K), 0.1273719 secs] [Times: user=0.75 sys=0.00, real=0.13 secs] 
5417.842: [GC (Allocation Failure) [PSYoungGen: 416955K->147968K(504320K)] 1326155K->1159372K(1902592K), 0.0514164 secs] [Times: user=0.31 sys=0.00, real=0.05 secs] 
5420.544: [GC (Allocation Failure) [PSYoungGen: 460800K->103072K(504832K)] 1472204K->1253320K(1903104K), 0.1280968 secs] [Times: user=0.76 sys=0.01, real=0.13 secs] 
5421.331: [GC (Allocation Failure) [PSYoungGen: 414124K->148896K(505344K)] 1564373K->1398169K(1903616K), 0.0503868 secs] [Times: user=0.29 sys=0.01, real=0.05 secs] 
5421.382: [Full GC (Ergonomics) [PSYoungGen: 148896K->0K(505344K)] [ParOldGen: 1249273K->196418K(1398272K)] 1398169K->196418K(1903616K), [Metaspace: 59728K->59728K(1105920K)], 0.4714971 secs] [Times: user=2.20 sys=0.00, real=0.47 secs] 
5424.633: [GC (Allocation Failure) [PSYoungGen: 314368K->103328K(505856K)] 510786K->299746K(1904128K), 0.0893602 secs] [Times: user=0.53 sys=0.00, real=0.09 secs] 
5425.462: [GC (Allocation Failure) [PSYoungGen: 412719K->147584K(505856K)] 609137K->443523K(1904128K), 0.0496318 secs] [Times: user=0.29 sys=0.00, real=0.05 secs] 
5427.675: [GC (Allocation Failure) [PSYoungGen: 462464K->102464K(505344K)] 758403K->537647K(1903616K), 0.1558782 secs] [Times: user=0.92 sys=0.00, real=0.16 secs] 
5429.040: [GC (Allocation Failure) [PSYoungGen: 413753K->148928K(505856K)] 848937K->682640K(1904128K), 0.0496921 secs] [Times: user=0.29 sys=0.00, real=0.05 secs] 
5431.612: [GC (Allocation Failure) [PSYoungGen: 464320K->102592K(506368K)] 998032K->776248K(1904640K), 0.1657687 secs] [Times: user=0.99 sys=0.00, real=0.17 secs] 
5433.602: [GC (Allocation Failure) [PSYoungGen: 418275K->148928K(506368K)] 1091932K->920805K(1904640K), 0.0498916 secs] [Times: user=0.30 sys=0.00, real=0.05 secs] 
5435.792: [GC (GCLocker Initiated GC) [PSYoungGen: 464832K->105216K(505344K)] 1236709K->1017033K(1903616K), 0.1573823 secs] [Times: user=0.93 sys=0.00, real=0.16 secs] 
5437.990: [GC (Allocation Failure) [PSYoungGen: 421120K->140320K(505856K)] 1349325K->1169553K(1904128K), 0.2280780 secs] [Times: user=1.36 sys=0.00, real=0.23 secs] 
5442.064: [GC (Allocation Failure) [PSYoungGen: 456224K->92480K(508416K)] 1485457K->1261885K(1906688K), 0.4461535 secs] [Times: user=2.67 sys=0.00, real=0.45 secs] 
5443.272: [GC (Allocation Failure) [PSYoungGen: 411968K->153824K(473600K)] 1581373K->1412282K(1871872K), 0.0543027 secs] [Times: user=0.32 sys=0.00, real=0.06 secs] 
5443.326: [Full GC (Ergonomics) [PSYoungGen: 153824K->0K(473600K)] [ParOldGen: 1258458K->210297K(1398272K)] 1412282K->210297K(1871872K), [Metaspace: 59728K->59728K(1105920K)], 0.4813602 secs] [Times: user=2.23 sys=0.00, real=0.48 secs] 
5446.046: [GC (Allocation Failure) [PSYoungGen: 319488K->93920K(506368K)] 529785K->304217K(1904640K), 0.1233336 secs] [Times: user=0.73 sys=0.00, real=0.12 secs] 
5446.842: [GC (Allocation Failure) [PSYoungGen: 406752K->155232K(468480K)] 617049K->453098K(1866752K), 0.0544058 secs] [Times: user=0.32 sys=0.01, real=0.06 secs] 
5449.339: [GC (Allocation Failure) [PSYoungGen: 468064K->94400K(503296K)] 765930K->547438K(1901568K), 0.1456714 secs] [Times: user=0.87 sys=0.00, real=0.14 secs] 
5449.895: [GC (Allocation Failure) [PSYoungGen: 400576K->149376K(455680K)] 853614K->690919K(1853952K), 0.0533400 secs] [Times: user=0.32 sys=0.00, real=0.05 secs] 
5452.511: [GC (Allocation Failure) [PSYoungGen: 455552K->91488K(502272K)] 997095K->781567K(1900544K), 0.1349168 secs] [Times: user=0.79 sys=0.01, real=0.14 secs] 
5453.085: [GC (Allocation Failure) [PSYoungGen: 395616K->164352K(468992K)] 1085695K->940416K(1867264K), 0.0538537 secs] [Times: user=0.31 sys=0.00, real=0.05 secs] 
5456.938: [GC (Allocation Failure) [PSYoungGen: 468480K->89056K(495616K)] 1244544K->1012296K(1893888K), 0.0725030 secs] [Times: user=0.43 sys=0.00, real=0.07 secs] 
5457.674: [GC (Allocation Failure) [PSYoungGen: 379872K->138464K(429568K)] 1303112K->1147285K(1827840K), 0.0487637 secs] [Times: user=0.29 sys=0.00, real=0.05 secs] 
5460.583: [GC (Allocation Failure) [PSYoungGen: 429280K->93344K(494592K)] 1438101K->1231777K(1892864K), 0.0704329 secs] [Times: user=0.41 sys=0.00, real=0.07 secs] 
5461.168: [GC (Allocation Failure) [PSYoungGen: 386720K->138336K(492032K)] 1525153K->1368283K(1890304K), 0.0498469 secs] [Times: user=0.29 sys=0.00, real=0.05 secs] 
5461.218: [Full GC (Ergonomics) [PSYoungGen: 138336K->0K(492032K)] [ParOldGen: 1229947K->174477K(1398272K)] 1368283K->174477K(1890304K), [Metaspace: 59728K->59707K(1105920K)], 0.4201110 secs] [Times: user=1.92 sys=0.01, real=0.42 secs] 
5463.138: [GC (Allocation Failure) [PSYoungGen: 293376K->95840K(497152K)] 467853K->270317K(1895424K), 0.0342310 secs] [Times: user=0.21 sys=0.00, real=0.03 secs] 
5464.724: [GC (Allocation Failure) [PSYoungGen: 397920K->139424K(496640K)] 572397K->407782K(1894912K), 0.0500698 secs] [Times: user=0.29 sys=0.00, real=0.05 secs] 
5466.598: [GC (Allocation Failure) [PSYoungGen: 441504K->104864K(497152K)] 709862K->503630K(1895424K), 0.0632711 secs] [Times: user=0.38 sys=0.00, real=0.06 secs] 
5467.827: [GC (Allocation Failure) [PSYoungGen: 415136K->138560K(500224K)] 813902K->641224K(1898496K), 0.0522627 secs] [Times: user=0.30 sys=0.00, real=0.05 secs] 
5469.867: [GC (Allocation Failure) [PSYoungGen: 448832K->110080K(499712K)] 951496K->742400K(1897984K), 0.0636911 secs] [Times: user=0.38 sys=0.00, real=0.06 secs] 
5471.313: [GC (Allocation Failure) [PSYoungGen: 429056K->142592K(504320K)] 1061376K->884046K(1902592K), 0.0541182 secs] [Times: user=0.32 sys=0.01, real=0.06 secs] 
5473.616: [GC (Allocation Failure) [PSYoungGen: 461568K->110848K(505856K)] 1203022K->985726K(1904128K), 0.0654842 secs] [Times: user=0.39 sys=0.00, real=0.06 secs] 
5475.620: [GC (Allocation Failure) [PSYoungGen: 437504K->149280K(508928K)] 1312382K->1133083K(1907200K), 0.0548279 secs] [Times: user=0.32 sys=0.01, real=0.05 secs] 
5476.950: [GC (Allocation Failure) [PSYoungGen: 475936K->113472K(512512K)] 1459739K->1237563K(1910784K), 0.0670178 secs] [Times: user=0.39 sys=0.00, real=0.07 secs] 
5479.837: [GC (Allocation Failure) [PSYoungGen: 443712K->151680K(482304K)] 1567803K->1386720K(1880576K), 0.0547128 secs] [Times: user=0.33 sys=0.00, real=0.05 secs] 
5479.892: [Full GC (Ergonomics) [PSYoungGen: 151680K->0K(482304K)] [ParOldGen: 1235040K->183306K(1398272K)] 1386720K->183306K(1880576K), [Metaspace: 59707K->59707K(1105920K)], 0.4210449 secs] [Times: user=1.93 sys=0.00, real=0.42 secs] 
5482.148: [GC (Allocation Failure) [PSYoungGen: 330240K->112064K(515584K)] 513546K->295370K(1913856K), 0.0572786 secs] [Times: user=0.33 sys=0.00, real=0.06 secs] 
5483.460: [GC (Allocation Failure) [PSYoungGen: 437791K->153152K(482304K)] 621097K->444615K(1880576K), 0.0540957 secs] [Times: user=0.32 sys=0.00, real=0.05 secs] 
5485.985: [GC (Allocation Failure) [PSYoungGen: 481856K->107136K(513536K)] 773319K->542271K(1911808K), 0.1517508 secs] [Times: user=0.89 sys=0.01, real=0.16 secs] 
5487.576: [GC (Allocation Failure) [PSYoungGen: 432768K->172384K(498176K)] 867903K->710110K(1896448K), 0.0535067 secs] [Times: user=0.32 sys=0.00, real=0.05 secs] 
5489.280: [GC (Allocation Failure) [PSYoungGen: 498016K->103296K(504320K)] 1035742K->796530K(1902592K), 0.1011880 secs] [Times: user=0.60 sys=0.00, real=0.10 secs] 
5489.650: [GC (Allocation Failure) [PSYoungGen: 411008K->151808K(459776K)] 1104242K->942783K(1858048K), 0.0566863 secs] [Times: user=0.34 sys=0.00, real=0.06 secs] 
5492.870: [GC (Allocation Failure) [PSYoungGen: 459520K->89760K(501760K)] 1250495K->1032215K(1900032K), 0.1358751 secs] [Times: user=0.81 sys=0.00, real=0.14 secs] 
5493.478: [GC (Allocation Failure) [PSYoungGen: 394400K->151968K(456704K)] 1336855K->1178188K(1854976K), 0.0520818 secs] [Times: user=0.31 sys=0.00, real=0.05 secs] 
5497.430: [GC (Allocation Failure) [PSYoungGen: 455176K->85888K(499200K)] 1481397K->1264092K(1897472K), 0.1700342 secs] [Times: user=1.01 sys=0.01, real=0.17 secs] 
5498.110: [GC (Allocation Failure) [PSYoungGen: 372276K->138016K(437760K)] 1550481K->1398541K(1836032K), 0.0489315 secs] [Times: user=0.29 sys=0.00, real=0.05 secs] 
5498.159: [Full GC (Ergonomics) [PSYoungGen: 138016K->0K(437760K)] [ParOldGen: 1260525K->195719K(1398272K)] 1398541K->195719K(1836032K), [Metaspace: 59707K->59707K(1105920K)], 0.4628660 secs] [Times: user=2.14 sys=0.00, real=0.46 secs] 
5500.654: [GC (Allocation Failure) [PSYoungGen: 299520K->93920K(499200K)] 495239K->289639K(1897472K), 0.0844156 secs] [Times: user=0.50 sys=0.00, real=0.09 secs] 
5503.139: [GC (Allocation Failure) [PSYoungGen: 395488K->144256K(497152K)] 591207K->428956K(1895424K), 0.0466589 secs] [Times: user=0.27 sys=0.00, real=0.05 secs] 
5504.460: [GC (Allocation Failure) [PSYoungGen: 445824K->100224K(498176K)] 730524K->520308K(1896448K), 0.0631087 secs] [Times: user=0.37 sys=0.00, real=0.06 secs] 
5507.246: [GC (Allocation Failure) [PSYoungGen: 406912K->142752K(500224K)] 826996K->660268K(1898496K), 0.0502260 secs] [Times: user=0.29 sys=0.00, real=0.05 secs] 
5508.928: [GC (Allocation Failure) [PSYoungGen: 449440K->101120K(499712K)] 966956K->752604K(1897984K), 0.0680317 secs] [Times: user=0.41 sys=0.00, real=0.07 secs] 
5510.651: [GC (Allocation Failure) [PSYoungGen: 412416K->145664K(502272K)] 1063900K->895961K(1900544K), 0.0507717 secs] [Times: user=0.30 sys=0.00, real=0.05 secs] 
5512.215: [GC (Allocation Failure) [PSYoungGen: 456960K->104320K(502784K)] 1207257K->991177K(1901056K), 0.0653589 secs] [Times: user=0.40 sys=0.00, real=0.07 secs] 
5514.042: [GC (Allocation Failure) [PSYoungGen: 419200K->147616K(504320K)] 1306057K->1136647K(1902592K), 0.0525798 secs] [Times: user=0.31 sys=0.00, real=0.05 secs] 
5516.662: [GC (Allocation Failure) [PSYoungGen: 462496K->104384K(505856K)] 1451527K->1232207K(1904128K), 0.0649937 secs] [Times: user=0.39 sys=0.00, real=0.07 secs] 
5517.791: [GC (Allocation Failure) [PSYoungGen: 421824K->147616K(506368K)] 1549647K->1378137K(1904640K), 0.0530246 secs] [Times: user=0.31 sys=0.00, real=0.05 secs] 
5517.844: [Full GC (Ergonomics) [PSYoungGen: 147616K->0K(506368K)] [ParOldGen: 1230521K->176759K(1398272K)] 1378137K->176759K(1904640K), [Metaspace: 59707K->59707K(1105920K)], 0.4082927 secs] [Times: user=1.86 sys=0.00, real=0.41 secs] 
5520.400: [GC (Allocation Failure) [PSYoungGen: 317440K->107872K(505344K)] 494199K->284631K(1903616K), 0.0493329 secs] [Times: user=0.29 sys=0.00, real=0.05 secs] 
5521.072: [GC (Allocation Failure) [PSYoungGen: 426336K->152992K(506368K)] 603095K->435292K(1904640K), 0.0542164 secs] [Times: user=0.32 sys=0.01, real=0.06 secs] 
5523.751: [GC (Allocation Failure) [PSYoungGen: 471456K->102592K(508416K)] 753756K->529644K(1906688K), 0.1413451 secs] [Times: user=0.84 sys=0.00, real=0.14 secs] 
5525.068: [GC (Allocation Failure) [PSYoungGen: 419008K->152352K(468992K)] 846060K->678009K(1867264K), 0.0511053 secs] [Times: user=0.30 sys=0.01, real=0.05 secs] 
5527.250: [GC (Allocation Failure) [PSYoungGen: 468768K->102880K(507904K)] 994425K->771821K(1906176K), 0.1728772 secs] [Times: user=1.03 sys=0.01, real=0.17 secs] 
5529.120: [GC (Allocation Failure) [PSYoungGen: 417248K->151584K(466432K)] 1086189K->918594K(1864704K), 0.0505501 secs] [Times: user=0.30 sys=0.00, real=0.05 secs] 
5531.388: [GC (Allocation Failure) [PSYoungGen: 465952K->102112K(506880K)] 1232962K->1011646K(1905152K), 0.1616227 secs] [Times: user=0.96 sys=0.00, real=0.16 secs] 
5533.678: [GC (Allocation Failure) [PSYoungGen: 414432K->148512K(504320K)] 1323966K->1155771K(1902592K), 0.0502447 secs] [Times: user=0.30 sys=0.00, real=0.05 secs] 
5535.464: [GC (Allocation Failure) [PSYoungGen: 460832K->101184K(504832K)] 1468091K->1247991K(1903104K), 0.1091552 secs] [Times: user=0.65 sys=0.00, real=0.11 secs] 
5538.327: [GC (Allocation Failure) [PSYoungGen: 414016K->149536K(462848K)] 1560823K->1393091K(1861120K), 0.0505160 secs] [Times: user=0.30 sys=0.00, real=0.05 secs] 
5538.377: [Full GC (Ergonomics) [PSYoungGen: 149536K->0K(462848K)] [ParOldGen: 1243555K->191282K(1398272K)] 1393091K->191282K(1861120K), [Metaspace: 59707K->59707K(1105920K)], 0.4424710 secs] [Times: user=2.04 sys=0.00, real=0.44 secs] 
5540.809: [GC (Allocation Failure) [PSYoungGen: 312832K->102560K(506880K)] 504114K->293842K(1905152K), 0.0990867 secs] [Times: user=0.58 sys=0.00, real=0.10 secs] 
5542.292: [GC (Allocation Failure) [PSYoungGen: 414880K->150016K(504320K)] 606162K->439439K(1902592K), 0.0497908 secs] [Times: user=0.29 sys=0.00, real=0.05 secs] 
5544.158: [GC (Allocation Failure) [PSYoungGen: 462336K->103520K(504320K)] 751759K->534139K(1902592K), 0.1265549 secs] [Times: user=0.76 sys=0.00, real=0.12 secs] 
5546.052: [GC (Allocation Failure) [PSYoungGen: 415840K->147520K(504320K)] 846459K->678120K(1902592K), 0.0503612 secs] [Times: user=0.29 sys=0.00, real=0.05 secs] 
5547.442: [GC (Allocation Failure) [PSYoungGen: 459840K->102464K(503296K)] 990440K->771564K(1901568K), 0.0726290 secs] [Times: user=0.43 sys=0.00, real=0.08 secs] 
5548.723: [GC (Allocation Failure) [PSYoungGen: 415808K->150464K(504320K)] 1084908K->918233K(1902592K), 0.0878886 secs] [Times: user=0.52 sys=0.01, real=0.09 secs] 
5551.620: [GC (Allocation Failure) [PSYoungGen: 463808K->103968K(505344K)] 1231577K->1013853K(1903616K), 0.1054640 secs] [Times: user=0.63 sys=0.00, real=0.11 secs] 
5553.233: [GC (Allocation Failure) [PSYoungGen: 416380K->147808K(504832K)] 1326266K->1158390K(1903104K), 0.1358729 secs] [Times: user=0.81 sys=0.00, real=0.14 secs] 
5555.721: [GC (Allocation Failure) [PSYoungGen: 461152K->104160K(503808K)] 1471734K->1254190K(1902080K), 0.0692086 secs] [Times: user=0.41 sys=0.00, real=0.07 secs] 
5556.216: [GC (Allocation Failure) [PSYoungGen: 409750K->147168K(504832K)] 1559780K->1397551K(1903104K), 0.0509404 secs] [Times: user=0.30 sys=0.00, real=0.05 secs] 
5556.267: [Full GC (Ergonomics) [PSYoungGen: 147168K->0K(504832K)] [ParOldGen: 1250382K->195957K(1398272K)] 1397551K->195957K(1903104K), [Metaspace: 59707K->59707K(1105920K)], 0.4529702 secs] [Times: user=2.09 sys=0.00, real=0.45 secs] 
5559.177: [GC (Allocation Failure) [PSYoungGen: 314368K->99776K(506368K)] 510325K->295733K(1904640K), 0.1029280 secs] [Times: user=0.60 sys=0.01, real=0.10 secs] 
5560.141: [GC (Allocation Failure) [PSYoungGen: 414998K->151072K(467456K)] 610956K->442734K(1865728K), 0.0491404 secs] [Times: user=0.29 sys=0.00, real=0.05 secs] 
5562.544: [GC (GCLocker Initiated GC) [PSYoungGen: 466976K->102720K(507904K)] 758638K->536918K(1906176K), 0.0927371 secs] [Times: user=0.55 sys=0.00, real=0.10 secs] 
5563.979: [GC (Allocation Failure) [PSYoungGen: 417088K->142176K(505344K)] 867705K->691002K(1903616K), 0.2361147 secs] [Times: user=1.42 sys=0.00, real=0.24 secs] 
5567.053: [GC (Allocation Failure) [PSYoungGen: 456544K->91872K(505856K)] 1005370K->783042K(1904128K), 0.4397628 secs] [Times: user=2.63 sys=0.01, real=0.44 secs] 
5568.374: [GC (Allocation Failure) [PSYoungGen: 392024K->141056K(505344K)] 1083194K->920619K(1903616K), 0.0497389 secs] [Times: user=0.30 sys=0.00, real=0.05 secs] 
5570.837: [GC (Allocation Failure) [PSYoungGen: 455936K->105120K(502784K)] 1235499K->1016739K(1901056K), 0.1557120 secs] [Times: user=0.92 sys=0.01, real=0.15 secs] 
5572.284: [GC (Allocation Failure) [PSYoungGen: 417641K->145888K(505344K)] 1329260K->1158924K(1903616K), 0.1374612 secs] [Times: user=0.81 sys=0.01, real=0.14 secs] 
5574.887: [GC (Allocation Failure) [PSYoungGen: 463840K->106368K(507392K)] 1476876K->1256804K(1905664K), 0.1418822 secs] [Times: user=0.85 sys=0.00, real=0.14 secs] 
5576.079: [GC (Allocation Failure) [PSYoungGen: 412070K->144480K(508416K)] 1562506K->1398120K(1906688K), 0.0903965 secs] [Times: user=0.53 sys=0.00, real=0.09 secs] 
5576.169: [Full GC (Ergonomics) [PSYoungGen: 144480K->0K(508416K)] [ParOldGen: 1253640K->196323K(1398272K)] 1398120K->196323K(1906688K), [Metaspace: 59707K->59707K(1105920K)], 0.4903983 secs] [Times: user=2.30 sys=0.01, real=0.49 secs] 
5579.354: [GC (GCLocker Initiated GC) [PSYoungGen: 322048K->106816K(507904K)] 518371K->303139K(1906176K), 0.0973012 secs] [Times: user=0.57 sys=0.00, real=0.10 secs] 
5580.013: [GC (Allocation Failure) [PSYoungGen: 431424K->171104K(496128K)] 627782K->470421K(1894400K), 0.0527107 secs] [Times: user=0.31 sys=0.01, real=0.06 secs] 
5582.408: [GC (Allocation Failure) [PSYoungGen: 495712K->98592K(504320K)] 795029K->551805K(1902592K), 0.1424475 secs] [Times: user=0.84 sys=0.00, real=0.14 secs] 
5582.948: [GC (Allocation Failure) [PSYoungGen: 406816K->166720K(475136K)] 860029K->712782K(1873408K), 0.0557371 secs] [Times: user=0.33 sys=0.01, real=0.05 secs] 
5585.851: [GC (Allocation Failure) [PSYoungGen: 471018K->90720K(496640K)] 1017080K->786206K(1894912K), 0.1687794 secs] [Times: user=1.01 sys=0.00, real=0.17 secs] 
5586.626: [GC (Allocation Failure) [PSYoungGen: 378349K->138208K(432128K)] 1073835K->920935K(1830400K), 0.0492170 secs] [Times: user=0.30 sys=0.00, real=0.05 secs] 
5588.286: [GC (Allocation Failure) [PSYoungGen: 432096K->94496K(494592K)] 1214823K->1006847K(1892864K), 0.0741011 secs] [Times: user=0.44 sys=0.00, real=0.07 secs] 
5590.247: [GC (Allocation Failure) [PSYoungGen: 389920K->138144K(493056K)] 1302271K->1141644K(1891328K), 0.0489339 secs] [Times: user=0.28 sys=0.01, real=0.05 secs] 
5592.305: [GC (Allocation Failure) [PSYoungGen: 433568K->98304K(498688K)] 1437068K->1230620K(1896960K), 0.0640576 secs] [Times: user=0.38 sys=0.00, real=0.06 secs] 
5594.814: [GC (Allocation Failure) [PSYoungGen: 402944K->141056K(497664K)] 1535260K->1368817K(1895936K), 0.0501337 secs] [Times: user=0.30 sys=0.00, real=0.05 secs] 
5594.864: [Full GC (Ergonomics) [PSYoungGen: 141056K->0K(497664K)] [ParOldGen: 1227761K->166884K(1398272K)] 1368817K->166884K(1895936K), [Metaspace: 59707K->59707K(1105920K)], 0.3803909 secs] [Times: user=1.75 sys=0.00, real=0.38 secs] 
5596.454: [GC (Allocation Failure) [PSYoungGen: 304640K->104544K(499712K)] 471524K->271428K(1897984K), 0.0366872 secs] [Times: user=0.22 sys=0.01, real=0.04 secs] 
5598.663: [GC (Allocation Failure) [PSYoungGen: 417376K->140832K(502272K)] 584260K->410173K(1900544K), 0.0529326 secs] [Times: user=0.31 sys=0.00, real=0.06 secs] 
5599.984: [GC (GCLocker Initiated GC) [PSYoungGen: 453664K->110176K(501248K)] 723005K->510661K(1899520K), 0.0645729 secs] [Times: user=0.38 sys=0.00, real=0.07 secs] 
5601.954: [GC (Allocation Failure) [PSYoungGen: 430176K->146400K(505344K)] 830709K->655498K(1903616K), 0.0538377 secs] [Times: user=0.32 sys=0.00, real=0.06 secs] 
5603.266: [GC (Allocation Failure) [PSYoungGen: 466400K->109184K(508928K)] 975498K->755450K(1907200K), 0.0653561 secs] [Times: user=0.39 sys=0.00, real=0.06 secs] 
5604.890: [GC (Allocation Failure) [PSYoungGen: 434816K->151168K(509952K)] 1081082K->904039K(1908224K), 0.0535981 secs] [Times: user=0.32 sys=0.01, real=0.05 secs] 
5606.728: [GC (Allocation Failure) [PSYoungGen: 476800K->111328K(510976K)] 1229671K->1006239K(1909248K), 0.1415518 secs] [Times: user=0.84 sys=0.00, real=0.14 secs] 
5608.063: [GC (Allocation Failure) [PSYoungGen: 436960K->156352K(482304K)] 1331871K->1158876K(1880576K), 0.0547228 secs] [Times: user=0.32 sys=0.00, real=0.06 secs] 
5610.420: [GC (Allocation Failure) [PSYoungGen: 481984K->107808K(510976K)] 1484508K->1257604K(1909248K), 0.1719646 secs] [Times: user=1.03 sys=0.01, real=0.17 secs] 
5611.709: [GC (Allocation Failure) [PSYoungGen: 428320K->154464K(475136K)] 1578116K->1407825K(1873408K), 0.0525432 secs] [Times: user=0.31 sys=0.00, real=0.05 secs] 
5611.762: [Full GC (Ergonomics) [PSYoungGen: 154464K->0K(475136K)] [ParOldGen: 1253361K->205707K(1398272K)] 1407825K->205707K(1873408K), [Metaspace: 59709K->59709K(1105920K)], 0.4650834 secs] [Times: user=2.14 sys=0.00, real=0.47 secs] 
5615.553: [GC (Allocation Failure) [PSYoungGen: 320512K->94496K(507392K)] 526219K->300203K(1905664K), 0.1626664 secs] [Times: user=0.96 sys=0.01, real=0.17 secs] 
5617.066: [GC (Allocation Failure) [PSYoungGen: 409888K->151296K(466944K)] 615595K->447618K(1865216K), 0.0544915 secs] [Times: user=0.32 sys=0.00, real=0.05 secs] 
5619.539: [GC (Allocation Failure) [PSYoungGen: 466688K->91616K(504832K)] 763010K->539026K(1903104K), 0.1646061 secs] [Times: user=0.98 sys=0.00, real=0.16 secs] 
5620.795: [GC (Allocation Failure) [PSYoungGen: 401888K->149088K(459776K)] 849298K->684330K(1858048K), 0.0544605 secs] [Times: user=0.32 sys=0.01, real=0.06 secs] 
5622.573: [GC (Allocation Failure) [PSYoungGen: 459360K->100224K(504832K)] 994602K->784162K(1903104K), 0.1192451 secs] [Times: user=0.71 sys=0.00, real=0.12 secs] 
5623.108: [GC (Allocation Failure) [PSYoungGen: 408448K->149344K(502272K)] 1092386K->923827K(1900544K), 0.0543325 secs] [Times: user=0.32 sys=0.00, real=0.05 secs] 
5625.972: [GC (Allocation Failure) [PSYoungGen: 457497K->93440K(503296K)] 1231981K->1016523K(1901568K), 0.1572427 secs] [Times: user=0.94 sys=0.01, real=0.16 secs] 
5626.745: [GC (Allocation Failure) [PSYoungGen: 388709K->138720K(445952K)] 1311793K->1151411K(1844224K), 0.0498549 secs] [Times: user=0.30 sys=0.00, real=0.05 secs] 
5629.267: [GC (Allocation Failure) [PSYoungGen: 445920K->98912K(503808K)] 1458611K->1241244K(1902080K), 0.1686603 secs] [Times: user=1.01 sys=0.01, real=0.17 secs] 
5631.147: [GC (Allocation Failure) [PSYoungGen: 409184K->147296K(501248K)] 1551516K->1384572K(1899520K), 0.0490392 secs] [Times: user=0.29 sys=0.00, real=0.05 secs] 
5631.196: [Full GC (Ergonomics) [PSYoungGen: 147296K->0K(501248K)] [ParOldGen: 1237276K->191301K(1398272K)] 1384572K->191301K(1899520K), [Metaspace: 59710K->59710K(1105920K)], 0.4519705 secs] [Times: user=2.09 sys=0.00, real=0.45 secs] 
5633.386: [GC (Allocation Failure) [PSYoungGen: 310272K->101664K(504320K)] 501573K->292965K(1902592K), 0.0791528 secs] [Times: user=0.47 sys=0.01, real=0.08 secs] 
5634.943: [GC (Allocation Failure) [PSYoungGen: 416032K->151360K(465920K)] 607333K->439937K(1864192K), 0.0497820 secs] [Times: user=0.29 sys=0.00, real=0.05 secs] 
5636.913: [GC (Allocation Failure) [PSYoungGen: 465728K->102112K(507392K)] 754305K->533118K(1905664K), 0.1214952 secs] [Times: user=0.72 sys=0.01, real=0.12 secs] 
5639.362: [GC (Allocation Failure) [PSYoungGen: 414944K->148608K(504320K)] 845950K->677278K(1902592K), 0.0500697 secs] [Times: user=0.30 sys=0.00, real=0.05 secs] 
5640.937: [GC (Allocation Failure) [PSYoungGen: 461440K->106112K(502784K)] 990110K->774098K(1901056K), 0.0943740 secs] [Times: user=0.56 sys=0.00, real=0.09 secs] 
5641.849: [GC (Allocation Failure) [PSYoungGen: 419456K->149760K(503808K)] 1087442K->920127K(1902080K), 0.0514143 secs] [Times: user=0.30 sys=0.00, real=0.05 secs] 
5644.514: [GC (Allocation Failure) [PSYoungGen: 463104K->101984K(505856K)] 1233471K->1012947K(1904128K), 0.1689612 secs] [Times: user=1.00 sys=0.00, real=0.17 secs] 
5646.920: [GC (Allocation Failure) [PSYoungGen: 416352K->147040K(505344K)] 1327315K->1156476K(1903616K), 0.0505587 secs] [Times: user=0.30 sys=0.00, real=0.05 secs] 
5648.373: [GC (Allocation Failure) [PSYoungGen: 461408K->103936K(503808K)] 1470844K->1252092K(1902080K), 0.0827234 secs] [Times: user=0.49 sys=0.00, real=0.09 secs] 
5649.347: [GC (Allocation Failure) [PSYoungGen: 415074K->149248K(504832K)] 1563230K->1398046K(1903104K), 0.0518327 secs] [Times: user=0.31 sys=0.00, real=0.05 secs] 
5649.399: [Full GC (Ergonomics) [PSYoungGen: 149248K->0K(504832K)] [ParOldGen: 1248798K->196678K(1398272K)] 1398046K->196678K(1903104K), [Metaspace: 59711K->59711K(1105920K)], 0.4739308 secs] [Times: user=2.19 sys=0.00, real=0.47 secs] 
5651.866: [GC (Allocation Failure) [PSYoungGen: 314880K->102720K(506368K)] 511558K->299398K(1904640K), 0.0937845 secs] [Times: user=0.55 sys=0.00, real=0.09 secs] 
5652.589: [GC (Allocation Failure) [PSYoungGen: 413108K->148640K(505856K)] 609786K->444011K(1904128K), 0.0494035 secs] [Times: user=0.29 sys=0.00, real=0.05 secs] 
5655.091: [GC (Allocation Failure) [PSYoungGen: 464032K->102816K(505856K)] 759403K->538231K(1904128K), 0.1678525 secs] [Times: user=1.00 sys=0.00, real=0.17 secs] 
5656.649: [GC (Allocation Failure) [PSYoungGen: 415844K->148160K(505856K)] 851259K->682620K(1904128K), 0.0501317 secs] [Times: user=0.30 sys=0.00, real=0.05 secs] 
5658.621: [GC (Allocation Failure) [PSYoungGen: 463552K->105184K(504320K)] 998012K->778832K(1902592K), 0.1327153 secs] [Times: user=0.79 sys=0.00, real=0.13 secs] 
5659.516: [GC (Allocation Failure) [PSYoungGen: 407588K->145056K(505344K)] 1081237K->920598K(1903616K), 0.0511976 secs] [Times: user=0.30 sys=0.00, real=0.05 secs] 
5662.100: [GC (Allocation Failure) [PSYoungGen: 460960K->101216K(505856K)] 1236502K->1013462K(1904128K), 0.1639129 secs] [Times: user=0.97 sys=0.01, real=0.16 secs] 
5663.532: [GC (Allocation Failure) [PSYoungGen: 415347K->150528K(506880K)] 1327593K->1159530K(1905152K), 0.0500202 secs] [Times: user=0.30 sys=0.00, real=0.05 secs] 
5666.481: [GC (Allocation Failure) [PSYoungGen: 468992K->103616K(507904K)] 1477994K->1254146K(1906176K), 0.1658376 secs] [Times: user=0.99 sys=0.01, real=0.17 secs] 
5667.452: [GC (Allocation Failure) [PSYoungGen: 410791K->147392K(506880K)] 1561322K->1397555K(1905152K), 0.0509186 secs] [Times: user=0.30 sys=0.00, real=0.05 secs] 
5667.503: [Full GC (Ergonomics) [PSYoungGen: 147392K->0K(506880K)] [ParOldGen: 1250163K->196226K(1398272K)] 1397555K->196226K(1905152K), [Metaspace: 59711K->59711K(1105920K)], 0.4650675 secs] [Times: user=2.15 sys=0.00, real=0.47 secs] 
5669.999: [GC (Allocation Failure) [PSYoungGen: 317440K->101920K(507392K)] 513666K->298146K(1905664K), 0.1016115 secs] [Times: user=0.60 sys=0.00, real=0.10 secs] 
5671.262: [GC (Allocation Failure) [PSYoungGen: 418623K->150560K(468992K)] 614849K->444303K(1867264K), 0.0486610 secs] [Times: user=0.29 sys=0.00, real=0.05 secs] 
5673.483: [GC (Allocation Failure) [PSYoungGen: 468512K->103808K(508928K)] 762255K->539015K(1907200K), 0.1607357 secs] [Times: user=0.95 sys=0.01, real=0.16 secs] 
5675.715: [GC (Allocation Failure) [PSYoungGen: 420224K->147712K(506368K)] 855431K->682352K(1904640K), 0.0492250 secs] [Times: user=0.29 sys=0.00, real=0.05 secs] 
5678.069: [GC (Allocation Failure) [PSYoungGen: 464096K->102752K(505856K)] 998737K->776488K(1904128K), 0.1573208 secs] [Times: user=0.94 sys=0.00, real=0.16 secs] 
5678.874: [GC (Allocation Failure) [PSYoungGen: 408896K->148576K(506368K)] 1082633K->921566K(1904640K), 0.0496209 secs] [Times: user=0.29 sys=0.00, real=0.05 secs] 
5681.789: [GC (Allocation Failure) [PSYoungGen: 465504K->102720K(506880K)] 1238494K->1015730K(1905152K), 0.1423460 secs] [Times: user=0.77 sys=0.00, real=0.14 secs] 
5682.482: [GC (Allocation Failure) [PSYoungGen: 413653K->148480K(506880K)] 1326663K->1160431K(1905152K), 0.0497352 secs] [Times: user=0.29 sys=0.00, real=0.05 secs] 
5684.787: [GC (Allocation Failure) [PSYoungGen: 465920K->106080K(505856K)] 1477871K->1257367K(1904128K), 0.1604993 secs] [Times: user=0.96 sys=0.01, real=0.16 secs] 
5685.755: [GC (Allocation Failure) [PSYoungGen: 423520K->188896K(506368K)] 1574807K->1456060K(1904640K), 0.0566032 secs] [Times: user=0.34 sys=0.00, real=0.06 secs] 
5685.811: [Full GC (Ergonomics) [PSYoungGen: 188896K->0K(506368K)] [ParOldGen: 1267164K->204440K(1398272K)] 1456060K->204440K(1904640K), [Metaspace: 59711K->59711K(1105920K)], 0.4569233 secs] [Times: user=2.10 sys=0.00, real=0.46 secs] 
5689.597: [GC (Allocation Failure) [PSYoungGen: 317440K->92096K(425472K)] 521880K->296536K(1823744K), 0.1552979 secs] [Times: user=0.92 sys=0.00, real=0.15 secs] 
5690.871: [GC (Allocation Failure) [PSYoungGen: 325056K->111904K(465920K)] 529496K->405059K(1864192K), 0.0504827 secs] [Times: user=0.30 sys=0.00, real=0.05 secs] 
5692.072: [GC (Allocation Failure) [PSYoungGen: 344864K->95488K(465920K)] 638019K->492103K(1864192K), 0.0548222 secs] [Times: user=0.33 sys=0.00, real=0.06 secs] 
5694.117: [GC (Allocation Failure) [PSYoungGen: 328448K->77376K(465920K)] 725063K->569371K(1864192K), 0.0954526 secs] [Times: user=0.56 sys=0.00, real=0.09 secs] 
5694.463: [GC (Allocation Failure) [PSYoungGen: 296218K->110560K(454656K)] 788213K->674272K(1852928K), 0.0426712 secs] [Times: user=0.25 sys=0.00, real=0.05 secs] 
5696.312: [GC (Allocation Failure) [PSYoungGen: 343520K->69152K(460288K)] 907232K->735272K(1858560K), 0.0517015 secs] [Times: user=0.30 sys=0.00, real=0.05 secs] 
5697.087: [GC (Allocation Failure) [PSYoungGen: 302112K->104832K(454144K)] 968232K->839561K(1852416K), 0.0457043 secs] [Times: user=0.27 sys=0.00, real=0.04 secs] 
5697.900: [GC (Allocation Failure) [PSYoungGen: 350080K->127264K(463360K)] 1084809K->958489K(1861632K), 0.0878713 secs] [Times: user=0.52 sys=0.00, real=0.09 secs] 
5701.118: [GC (Allocation Failure) [PSYoungGen: 372512K->58880K(480256K)] 1203737K->1017497K(1878528K), 0.1269929 secs] [Times: user=0.75 sys=0.00, real=0.13 secs] 
5701.742: [GC (Allocation Failure) [PSYoungGen: 328192K->131264K(481792K)] 1286809K->1144944K(1880064K), 0.0412282 secs] [Times: user=0.25 sys=0.00, real=0.04 secs] 
5703.469: [GC (Allocation Failure) [PSYoungGen: 400576K->83584K(479744K)] 1414256K->1219896K(1878016K), 0.0582684 secs] [Times: user=0.35 sys=0.00, real=0.06 secs] 
5705.347: [GC (Allocation Failure) [PSYoungGen: 360576K->126976K(482304K)] 1496888K->1344845K(1880576K), 0.0453755 secs] [Times: user=0.27 sys=0.00, real=0.04 secs] 
5706.940: [GC (Allocation Failure) [PSYoungGen: 403968K->112576K(476160K)] 1621837K->1448249K(1874432K), 0.0617845 secs] [Times: user=0.37 sys=0.00, real=0.06 secs] 
5707.002: [Full GC (Ergonomics) [PSYoungGen: 112576K->0K(476160K)] [ParOldGen: 1335673K->251212K(1398272K)] 1448249K->251212K(1874432K), [Metaspace: 59711K->59711K(1105920K)], 0.5327004 secs] [Times: user=2.33 sys=0.00, real=0.53 secs] 
5710.394: [GC (Allocation Failure) [PSYoungGen: 291840K->114176K(484352K)] 543052K->365388K(1882624K), 0.0324577 secs] [Times: user=0.19 sys=0.00, real=0.04 secs] 
5711.568: [GC (Allocation Failure) [PSYoungGen: 405182K->179040K(478720K)] 656394K->526445K(1876992K), 0.0698342 secs] [Times: user=0.41 sys=0.01, real=0.07 secs] 
5713.534: [GC (Allocation Failure) [PSYoungGen: 472416K->88864K(496128K)] 819821K->578237K(1894400K), 0.1001877 secs] [Times: user=0.60 sys=0.00, real=0.10 secs] 
5714.801: [GC (Allocation Failure) [PSYoungGen: 382240K->143712K(496128K)] 871613K->716084K(1894400K), 0.1608543 secs] [Times: user=0.96 sys=0.00, real=0.16 secs] 
5718.854: [GC (GCLocker Initiated GC) [PSYoungGen: 440160K->78560K(497664K)] 1012532K->794620K(1895936K), 0.1510605 secs] [Times: user=0.90 sys=0.00, real=0.16 secs] 
5719.280: [GC (Allocation Failure) [PSYoungGen: 375008K->146112K(492544K)] 1091071K->934500K(1890816K), 0.0517079 secs] [Times: user=0.30 sys=0.00, real=0.05 secs] 
5723.137: [GC (Allocation Failure) [PSYoungGen: 437185K->80128K(495616K)] 1225573K->1014164K(1893888K), 0.1644367 secs] [Times: user=0.98 sys=0.00, real=0.16 secs] 
5723.898: [GC (Allocation Failure) [PSYoungGen: 368261K->138112K(494592K)] 1302297K->1148477K(1892864K), 0.0467390 secs] [Times: user=0.28 sys=0.00, real=0.04 secs] 
5725.212: [GC (Allocation Failure) [PSYoungGen: 432512K->95328K(390144K)] 1442877K->1235309K(1788416K), 0.0625454 secs] [Times: user=0.37 sys=0.00, real=0.06 secs] 
5727.454: [GC (Allocation Failure) [PSYoungGen: 389728K->138112K(493568K)] 1529709K->1369800K(1891840K), 0.0474881 secs] [Times: user=0.28 sys=0.00, real=0.05 secs] 
5727.501: [Full GC (Ergonomics) [PSYoungGen: 138112K->0K(493568K)] [ParOldGen: 1231688K->178932K(1398272K)] 1369800K->178932K(1891840K), [Metaspace: 59711K->59711K(1105920K)], 0.4276716 secs] [Times: user=1.98 sys=0.00, real=0.43 secs] 
5729.123: [GC (Allocation Failure) [PSYoungGen: 296960K->100025K(494080K)] 475892K->278958K(1892352K), 0.0336148 secs] [Times: user=0.20 sys=0.00, real=0.04 secs] 
5732.089: [GC (Allocation Failure) [PSYoungGen: 396985K->143072K(494592K)] 575918K->418753K(1892864K), 0.0502797 secs] [Times: user=0.30 sys=0.00, real=0.05 secs] 
5733.761: [GC (Allocation Failure) [PSYoungGen: 445664K->103904K(497152K)] 721345K->505193K(1895424K), 0.0625136 secs] [Times: user=0.37 sys=0.00, real=0.06 secs] 
5736.371: [GC (Allocation Failure) [PSYoungGen: 406496K->134976K(502272K)] 807785K->638086K(1900544K), 0.0526878 secs] [Times: user=0.32 sys=0.00, real=0.05 secs] 
5737.799: [GC (Allocation Failure) [PSYoungGen: 447808K->111680K(501760K)] 950918K->740586K(1900032K), 0.0636701 secs] [Times: user=0.38 sys=0.01, real=0.06 secs] 
5739.217: [GC (Allocation Failure) [PSYoungGen: 424512K->138912K(501760K)] 1053418K->878222K(1900032K), 0.0536084 secs] [Times: user=0.32 sys=0.00, real=0.05 secs] 
5740.562: [GC (Allocation Failure) [PSYoungGen: 457888K->112576K(503296K)] 1197198K->981558K(1901568K), 0.0650243 secs] [Times: user=0.38 sys=0.00, real=0.07 secs] 
5742.750: [GC (Allocation Failure) [PSYoungGen: 431552K->142272K(508416K)] 1300534K->1122656K(1906688K), 0.0555158 secs] [Times: user=0.32 sys=0.00, real=0.06 secs] 
5744.585: [GC (Allocation Failure) [PSYoungGen: 471488K->117120K(510976K)] 1451872K->1230488K(1909248K), 0.0666352 secs] [Times: user=0.39 sys=0.01, real=0.06 secs] 
5746.026: [GC (GCLocker Initiated GC) [PSYoungGen: 446336K->152896K(508416K)] 1559704K->1380261K(1906688K), 0.0573501 secs] [Times: user=0.34 sys=0.00, real=0.05 secs] 
5746.083: [Full GC (Ergonomics) [PSYoungGen: 152896K->0K(508416K)] [ParOldGen: 1227365K->178848K(1398272K)] 1380261K->178848K(1906688K), [Metaspace: 59711K->59711K(1105920K)], 0.4223648 secs] [Times: user=1.95 sys=0.01, real=0.43 secs] 
5747.714: [GC (Allocation Failure) [PSYoungGen: 331776K->111264K(514560K)] 510627K->290115K(1912832K), 0.0338101 secs] [Times: user=0.20 sys=0.00, real=0.04 secs] 
5749.293: [GC (Allocation Failure) [PSYoungGen: 442363K->157088K(505344K)] 621214K->443791K(1903616K), 0.0544055 secs] [Times: user=0.32 sys=0.00, real=0.06 secs] 
5751.654: [GC (Allocation Failure) [PSYoungGen: 483232K->108032K(512512K)] 769935K->543399K(1910784K), 0.0908491 secs] [Times: user=0.54 sys=0.00, real=0.09 secs] 
5752.836: [GC (Allocation Failure) [PSYoungGen: 434176K->154016K(505344K)] 869543K->694160K(1903616K), 0.0521168 secs] [Times: user=0.31 sys=0.00, real=0.05 secs] 
5757.012: [GC (Allocation Failure) [PSYoungGen: 473323K->93152K(510464K)] 1013468K->786904K(1908736K), 0.1288904 secs] [Times: user=0.76 sys=0.01, real=0.13 secs] 
5757.796: [GC (Allocation Failure) [PSYoungGen: 415200K->155008K(500736K)] 1108952K->938057K(1899008K), 0.0843538 secs] [Times: user=0.50 sys=0.00, real=0.08 secs] 
5760.961: [GC (Allocation Failure) [PSYoungGen: 467840K->90176K(505856K)] 1250889K->1028377K(1904128K), 0.1540841 secs] [Times: user=0.92 sys=0.00, real=0.15 secs] 
5761.584: [GC (Allocation Failure) [PSYoungGen: 403008K->153568K(497664K)] 1341209K->1176249K(1895936K), 0.0541403 secs] [Times: user=0.32 sys=0.01, real=0.06 secs] 
5764.026: [GC (GCLocker Initiated GC) [PSYoungGen: 458208K->90464K(501760K)] 1480890K->1266458K(1900032K), 0.1339293 secs] [Times: user=0.78 sys=0.01, real=0.13 secs] 
5764.957: [GC (Allocation Failure) [PSYoungGen: 395104K->165152K(485376K)] 1571101K->1425626K(1883648K), 0.0537957 secs] [Times: user=0.32 sys=0.00, real=0.05 secs] 
5765.011: [Full GC (Ergonomics) [PSYoungGen: 165152K->0K(485376K)] [ParOldGen: 1260473K->206661K(1398272K)] 1425626K->206661K(1883648K), [Metaspace: 59711K->59711K(1105920K)], 0.4769087 secs] [Times: user=2.22 sys=0.00, real=0.48 secs] 
5767.359: [GC (Allocation Failure) [PSYoungGen: 289280K->83584K(494080K)] 495941K->290245K(1892352K), 0.1912072 secs] [Times: user=1.14 sys=0.00, real=0.19 secs] 
5767.956: [GC (Allocation Failure) [PSYoungGen: 372864K->141856K(491520K)] 579525K->428258K(1889792K), 0.0464200 secs] [Times: user=0.28 sys=0.01, real=0.04 secs] 
5770.255: [GC (Allocation Failure) [PSYoungGen: 431648K->92096K(493056K)] 718050K->512006K(1891328K), 0.1063693 secs] [Times: user=0.63 sys=0.00, real=0.10 secs] 
5772.233: [GC (Allocation Failure) [PSYoungGen: 381888K->134080K(490496K)] 801798K->643215K(1888768K), 0.0467018 secs] [Times: user=0.28 sys=0.00, real=0.05 secs] 
5773.957: [GC (Allocation Failure) [PSYoungGen: 428992K->100736K(492544K)] 938127K->734979K(1890816K), 0.0622040 secs] [Times: user=0.37 sys=0.01, real=0.06 secs] 
5775.377: [GC (Allocation Failure) [PSYoungGen: 395648K->130368K(495616K)] 1029891K->863896K(1893888K), 0.0543006 secs] [Times: user=0.32 sys=0.00, real=0.05 secs] 
5778.008: [GC (Allocation Failure) [PSYoungGen: 437568K->115968K(497664K)] 1171096K->970192K(1895936K), 0.0628390 secs] [Times: user=0.37 sys=0.00, real=0.06 secs] 
5779.239: [GC (Allocation Failure) [PSYoungGen: 423168K->129120K(505344K)] 1277392K->1098577K(1903616K), 0.0543883 secs] [Times: user=0.32 sys=0.01, real=0.05 secs] 
5781.498: [GC (Allocation Failure) [PSYoungGen: 452192K->2624K(326144K)] 1421649K->972217K(1724416K), 0.0043877 secs] [Times: user=0.02 sys=0.00, real=0.00 secs] 
5782.227: [GC (Allocation Failure) [PSYoungGen: 325696K->144256K(495104K)] 1295289K->1115610K(1893376K), 0.0292196 secs] [Times: user=0.17 sys=0.00, real=0.03 secs] 
5784.469: [GC (Allocation Failure) [PSYoungGen: 443776K->104160K(403968K)] 1415130K->1211142K(1802240K), 0.0653288 secs] [Times: user=0.39 sys=0.00, real=0.06 secs] 
5785.759: [GC (Allocation Failure) [PSYoungGen: 403680K->133056K(496640K)] 1510662K->1343335K(1894912K), 0.0514118 secs] [Times: user=0.30 sys=0.00, real=0.05 secs] 
5785.811: [Full GC (Ergonomics) [PSYoungGen: 133056K->0K(496640K)] [ParOldGen: 1210279K->148910K(1398272K)] 1343335K->148910K(1894912K), [Metaspace: 59711K->59711K(1105920K)], 0.3386227 secs] [Times: user=1.54 sys=0.01, real=0.34 secs] 
5787.695: [GC (Allocation Failure) [PSYoungGen: 304128K->113856K(496128K)] 453038K->262766K(1894400K), 0.0403858 secs] [Times: user=0.24 sys=0.00, real=0.05 secs] 
5790.874: [GC (Allocation Failure) [PSYoungGen: 417984K->126848K(500736K)] 566894K->388647K(1899008K), 0.0668316 secs] [Times: user=0.39 sys=0.00, real=0.07 secs] 
5792.227: [GC (Allocation Failure) [PSYoungGen: 443264K->121248K(498688K)] 705063K->499867K(1896960K), 0.0628874 secs] [Times: user=0.38 sys=0.00, real=0.06 secs] 
5794.170: [GC (Allocation Failure) [PSYoungGen: 437664K->132160K(509952K)] 816283K->631451K(1908224K), 0.0571762 secs] [Times: user=0.34 sys=0.00, real=0.06 secs] 
5795.531: [GC (Allocation Failure) [PSYoungGen: 464448K->4480K(336896K)] 963739K->503819K(1735168K), 0.0024396 secs] [Times: user=0.01 sys=0.00, real=0.00 secs] 
5799.398: [GC (Allocation Failure) [PSYoungGen: 336768K->145824K(495616K)] 836107K->647784K(1893888K), 0.0294871 secs] [Times: user=0.17 sys=0.00, real=0.03 secs] 
5800.693: [GC (GCLocker Initiated GC) [PSYoungGen: 450464K->105440K(410112K)] 952424K->743832K(1808384K), 0.0654226 secs] [Times: user=0.39 sys=0.00, real=0.07 secs] 
5802.415: [GC (Allocation Failure) [PSYoungGen: 410080K->145056K(494592K)] 1048475K->887200K(1892864K), 0.0517126 secs] [Times: user=0.30 sys=0.00, real=0.06 secs] 
5803.806: [GC (Allocation Failure) [PSYoungGen: 450720K->109952K(499712K)] 1192864K->979256K(1897984K), 0.0634351 secs] [Times: user=0.38 sys=0.00, real=0.06 secs] 
5805.839: [GC (Allocation Failure) [PSYoungGen: 415616K->133696K(502784K)] 1284920K->1111773K(1901056K), 0.0570701 secs] [Times: user=0.34 sys=0.00, real=0.06 secs] 
5808.291: [GC (Allocation Failure) [PSYoungGen: 449600K->114976K(502784K)] 1427677K->1217357K(1901056K), 0.0650908 secs] [Times: user=0.38 sys=0.00, real=0.07 secs] 
5809.283: [GC (Allocation Failure) [PSYoungGen: 430880K->135968K(503296K)] 1533261K->1352467K(1901568K), 0.0545001 secs] [Times: user=0.33 sys=0.00, real=0.06 secs] 
5809.338: [Full GC (Ergonomics) [PSYoungGen: 135968K->0K(503296K)] [ParOldGen: 1216499K->150821K(1398272K)] 1352467K->150821K(1901568K), [Metaspace: 59711K->59711K(1105920K)], 0.3590590 secs] [Times: user=1.63 sys=0.01, real=0.36 secs] 
5811.936: [GC (Allocation Failure) [PSYoungGen: 323584K->114336K(504832K)] 474405K->265157K(1903104K), 0.0411728 secs] [Times: user=0.24 sys=0.00, real=0.04 secs] 
5812.504: [GC (GCLocker Initiated GC) [PSYoungGen: 437920K->147424K(507392K)] 588741K->411898K(1905664K), 0.0784010 secs] [Times: user=0.46 sys=0.00, real=0.08 secs] 
5814.816: [GC (Allocation Failure) [PSYoungGen: 479712K->112896K(513024K)] 744190K->516230K(1911296K), 0.0658716 secs] [Times: user=0.39 sys=0.00, real=0.06 secs] 
5816.184: [GC (Allocation Failure) [PSYoungGen: 445184K->156352K(507392K)] 848518K->670436K(1905664K), 0.0546141 secs] [Times: user=0.32 sys=0.00, real=0.06 secs] 
5818.428: [GC (Allocation Failure) [PSYoungGen: 487616K->113120K(515072K)] 1001700K->774644K(1913344K), 0.0986095 secs] [Times: user=0.59 sys=0.00, real=0.10 secs] 
5819.974: [GC (Allocation Failure) [PSYoungGen: 440838K->152352K(507904K)] 1102362K->923105K(1906176K), 0.0541734 secs] [Times: user=0.31 sys=0.01, real=0.06 secs] 
5822.364: [GC (Allocation Failure) [PSYoungGen: 480544K->109280K(513536K)] 1251297K->1023089K(1911808K), 0.1641277 secs] [Times: user=0.97 sys=0.00, real=0.17 secs] 
5823.462: [GC (Allocation Failure) [PSYoungGen: 437472K->156704K(503808K)] 1351281K->1175814K(1902080K), 0.0539910 secs] [Times: user=0.32 sys=0.00, real=0.06 secs] 
5825.808: [GC (Allocation Failure) [PSYoungGen: 478752K->99136K(510464K)] 1497862K->1274138K(1908736K), 0.1748612 secs] [Times: user=1.05 sys=0.00, real=0.17 secs] 
5826.774: [GC (Allocation Failure) [PSYoungGen: 421184K->159584K(498688K)] 1596186K->1427214K(1896960K), 0.0578031 secs] [Times: user=0.34 sys=0.00, real=0.06 secs] 
5826.832: [Full GC (Ergonomics) [PSYoungGen: 159584K->0K(498688K)] [ParOldGen: 1267630K->223096K(1398272K)] 1427214K->223096K(1896960K), [Metaspace: 59711K->59711K(1105920K)], 0.5215159 secs] [Times: user=2.44 sys=0.00, real=0.52 secs] 
5830.398: [GC (Allocation Failure) [PSYoungGen: 311808K->88160K(400384K)] 534904K->311256K(1798656K), 0.1056167 secs] [Times: user=0.62 sys=0.00, real=0.10 secs] 
5830.812: [GC (Allocation Failure) [PSYoungGen: 399968K->155456K(495616K)] 623064K->460857K(1893888K), 0.0536583 secs] [Times: user=0.32 sys=0.00, real=0.06 secs] 
5834.001: [GC (Allocation Failure) [PSYoungGen: 457024K->83232K(500224K)] 762425K->544269K(1898496K), 0.1650493 secs] [Times: user=0.98 sys=0.01, real=0.17 secs] 
5834.950: [GC (Allocation Failure) [PSYoungGen: 384800K->149824K(495104K)] 845837K->687946K(1893376K), 0.0524389 secs] [Times: user=0.31 sys=0.00, real=0.05 secs] 
5837.713: [GC (Allocation Failure) [PSYoungGen: 446272K->82656K(497664K)] 984394K->770650K(1895936K), 0.1263847 secs] [Times: user=0.75 sys=0.00, real=0.13 secs] 
5838.621: [GC (Allocation Failure) [PSYoungGen: 379104K->145312K(495616K)] 1067098K->911919K(1893888K), 0.0484720 secs] [Times: user=0.28 sys=0.01, real=0.05 secs] 
5840.413: [GC (Allocation Failure) [PSYoungGen: 439712K->95648K(390144K)] 1206319K->999123K(1788416K), 0.0643113 secs] [Times: user=0.38 sys=0.00, real=0.07 secs] 
5842.433: [GC (Allocation Failure) [PSYoungGen: 390048K->137824K(496128K)] 1293523K->1133231K(1894400K), 0.0474497 secs] [Times: user=0.28 sys=0.00, real=0.05 secs] 
5843.844: [GC (Allocation Failure) [PSYoungGen: 434784K->100340K(494592K)] 1430191K->1223912K(1892864K), 0.0764932 secs] [Times: user=0.46 sys=0.00, real=0.08 secs] 
5846.470: [GC (Allocation Failure) [PSYoungGen: 397300K->135520K(497152K)] 1520872K->1356780K(1895424K), 0.0509802 secs] [Times: user=0.30 sys=0.00, real=0.05 secs] 
5846.521: [Full GC (Ergonomics) [PSYoungGen: 135520K->0K(497152K)] [ParOldGen: 1221260K->163495K(1398272K)] 1356780K->163495K(1895424K), [Metaspace: 59713K->59713K(1105920K)], 0.3833953 secs] [Times: user=1.77 sys=0.00, real=0.38 secs] 
5848.117: [GC (Allocation Failure) [PSYoungGen: 303616K->105472K(495616K)] 467111K->268967K(1893888K), 0.0379172 secs] [Times: user=0.22 sys=0.00, real=0.04 secs] 
5850.701: [GC (Allocation Failure) [PSYoungGen: 409088K->136128K(502272K)] 572583K->403146K(1900544K), 0.0562589 secs] [Times: user=0.34 sys=0.00, real=0.06 secs] 
5852.047: [GC (Allocation Failure) [PSYoungGen: 450496K->110944K(501248K)] 717514K->504618K(1899520K), 0.0638221 secs] [Times: user=0.38 sys=0.00, real=0.06 secs] 
5854.273: [GC (Allocation Failure) [PSYoungGen: 425312K->139744K(505344K)] 818986K->642743K(1903616K), 0.0535748 secs] [Times: user=0.31 sys=0.01, real=0.06 secs] 
5855.724: [GC (Allocation Failure) [PSYoungGen: 462816K->114144K(506368K)] 965815K->747367K(1904640K), 0.0647051 secs] [Times: user=0.39 sys=0.00, real=0.07 secs] 
5857.957: [GC (Allocation Failure) [PSYoungGen: 437216K->147744K(507904K)] 1070439K->893236K(1906176K), 0.0553240 secs] [Times: user=0.33 sys=0.00, real=0.05 secs] 
5859.518: [GC (Allocation Failure) [PSYoungGen: 476960K->114240K(512000K)] 1222452K->997832K(1910272K), 0.0662862 secs] [Times: user=0.39 sys=0.00, real=0.06 secs] 
5860.506: [GC (Allocation Failure) [PSYoungGen: 443456K->155488K(507904K)] 1327048K->1151289K(1906176K), 0.0560070 secs] [Times: user=0.33 sys=0.00, real=0.05 secs] 
5862.881: [GC (Allocation Failure) [PSYoungGen: 484704K->110240K(514048K)] 1480505K->1252793K(1912320K), 0.0771607 secs] [Times: user=0.46 sys=0.01, real=0.08 secs] 
5864.254: [GC (Allocation Failure) [PSYoungGen: 427637K->150016K(509952K)] 1570190K->1398638K(1908224K), 0.0542534 secs] [Times: user=0.32 sys=0.00, real=0.06 secs] 
5864.308: [Full GC (Ergonomics) [PSYoungGen: 150016K->0K(509952K)] [ParOldGen: 1248622K->195904K(1398272K)] 1398638K->195904K(1908224K), [Metaspace: 59713K->59713K(1105920K)], 0.4524216 secs] [Times: user=2.08 sys=0.00, real=0.45 secs] 
5866.598: [GC (Allocation Failure) [PSYoungGen: 328192K->111232K(513536K)] 524096K->307136K(1911808K), 0.0796671 secs] [Times: user=0.47 sys=0.01, real=0.08 secs] 
5867.125: [GC (Allocation Failure) [PSYoungGen: 439424K->158272K(503296K)] 635328K->461329K(1901568K), 0.0525136 secs] [Times: user=0.31 sys=0.00, real=0.06 secs] 
5870.218: [GC (Allocation Failure) [PSYoungGen: 479296K->94880K(509952K)] 782353K->555609K(1908224K), 0.1789719 secs] [Times: user=1.06 sys=0.00, real=0.18 secs] 
5871.211: [GC (Allocation Failure) [PSYoungGen: 415904K->156000K(500736K)] 876633K->705485K(1899008K), 0.0550713 secs] [Times: user=0.33 sys=0.00, real=0.06 secs] 
5873.978: [GC (Allocation Failure) [PSYoungGen: 467808K->91296K(505344K)] 1017293K->796761K(1903616K), 0.1784234 secs] [Times: user=1.07 sys=0.00, real=0.18 secs] 
5874.511: [GC (Allocation Failure) [PSYoungGen: 403104K->154912K(497152K)] 1108569K->945558K(1895424K), 0.0557324 secs] [Times: user=0.33 sys=0.00, real=0.06 secs] 
5877.979: [GC (Allocation Failure) [PSYoungGen: 458528K->85568K(389632K)] 1249174K->1030822K(1787904K), 0.1652366 secs] [Times: user=0.98 sys=0.01, real=0.16 secs] 
5878.914: [GC (Allocation Failure) [PSYoungGen: 389184K->147488K(497664K)] 1334438K->1172271K(1895936K), 0.0515838 secs] [Times: user=0.29 sys=0.01, real=0.06 secs] 
5881.518: [GC (Allocation Failure) [PSYoungGen: 447008K->89056K(499200K)] 1471791K->1260355K(1897472K), 0.1246114 secs] [Times: user=0.74 sys=0.00, real=0.12 secs] 
5882.079: [GC (Allocation Failure) [PSYoungGen: 384331K->140544K(496640K)] 1555631K->1397188K(1894912K), 0.0498795 secs] [Times: user=0.30 sys=0.00, real=0.05 secs] 
5882.129: [Full GC (Ergonomics) [PSYoungGen: 140544K->0K(496640K)] [ParOldGen: 1256644K->195931K(1398272K)] 1397188K->195931K(1894912K), [Metaspace: 59713K->59713K(1105920K)], 0.4588292 secs] [Times: user=2.11 sys=0.00, real=0.46 secs] 
5884.351: [GC (Allocation Failure) [PSYoungGen: 300544K->96608K(498176K)] 496475K->292539K(1896448K), 0.0477978 secs] [Times: user=0.28 sys=0.00, real=0.05 secs] 
5886.131: [GC (Allocation Failure) [PSYoungGen: 397152K->142304K(499712K)] 593083K->430544K(1897984K), 0.0468687 secs] [Times: user=0.28 sys=0.00, real=0.05 secs] 
5887.446: [GC (Allocation Failure) [PSYoungGen: 446944K->102624K(407552K)] 735184K->523912K(1805824K), 0.0625029 secs] [Times: user=0.37 sys=0.00, real=0.06 secs] 
5889.051: [GC (Allocation Failure) [PSYoungGen: 407264K->143296K(498176K)] 828552K->664445K(1896448K), 0.0513922 secs] [Times: user=0.30 sys=0.00, real=0.05 secs] 
5890.496: [GC (Allocation Failure) [PSYoungGen: 449984K->102432K(499712K)] 971133K->757553K(1897984K), 0.0671866 secs] [Times: user=0.40 sys=0.00, real=0.06 secs] 
5892.641: [GC (Allocation Failure) [PSYoungGen: 409120K->143552K(502272K)] 1064241K->898286K(1900544K), 0.0514821 secs] [Times: user=0.30 sys=0.00, real=0.05 secs] 
5894.009: [GC (Allocation Failure) [PSYoungGen: 456384K->106304K(503808K)] 1211118K->995262K(1902080K), 0.0661340 secs] [Times: user=0.39 sys=0.00, real=0.07 secs] 
5895.991: [GC (Allocation Failure) [PSYoungGen: 419136K->145216K(503808K)] 1308094K->1138287K(1902080K), 0.0540575 secs] [Times: user=0.32 sys=0.00, real=0.05 secs] 
5898.174: [GC (GCLocker Initiated GC) [PSYoungGen: 461632K->106208K(505856K)] 1454703K->1235387K(1904128K), 0.0667016 secs] [Times: user=0.40 sys=0.00, real=0.07 secs] 
5901.082: [GC (Allocation Failure) [PSYoungGen: 422624K->144288K(506368K)] 1551838K->1377146K(1904640K), 0.0539025 secs] [Times: user=0.32 sys=0.00, real=0.06 secs] 
5901.136: [Full GC (Ergonomics) [PSYoungGen: 144288K->0K(506368K)] [ParOldGen: 1232858K->176704K(1398272K)] 1377146K->176704K(1904640K), [Metaspace: 59713K->59713K(1105920K)], 0.4105705 secs] [Times: user=1.89 sys=0.00, real=0.41 secs] 
5902.769: [GC (Allocation Failure) [PSYoungGen: 320512K->112128K(507904K)] 497216K->288832K(1906176K), 0.0347717 secs] [Times: user=0.21 sys=0.00, real=0.03 secs] 
5904.710: [GC (Allocation Failure) [PSYoungGen: 432640K->156608K(502272K)] 609344K->439869K(1900544K), 0.0541684 secs] [Times: user=0.32 sys=0.00, real=0.05 secs] 
5906.647: [GC (Allocation Failure) [PSYoungGen: 475584K->107552K(508928K)] 758845K->529977K(1907200K), 0.0965426 secs] [Times: user=0.57 sys=0.01, real=0.09 secs] 
5908.271: [GC (Allocation Failure) [PSYoungGen: 426528K->152320K(503808K)] 848953K->677646K(1902080K), 0.0525932 secs] [Times: user=0.31 sys=0.00, real=0.05 secs] 
5909.849: [GC (Allocation Failure) [PSYoungGen: 469248K->107456K(507904K)] 994574K->775886K(1906176K), 0.0963333 secs] [Times: user=0.57 sys=0.00, real=0.10 secs] 
5910.400: [GC (Allocation Failure) [PSYoungGen: 411752K->147200K(506880K)] 1080183K->919559K(1905152K), 0.0515186 secs] [Times: user=0.31 sys=0.00, real=0.05 secs] 
5913.422: [GC (Allocation Failure) [PSYoungGen: 466176K->100096K(508928K)] 1238535K->1011463K(1907200K), 0.1313436 secs] [Times: user=0.78 sys=0.01, real=0.13 secs] 
5914.376: [GC (Allocation Failure) [PSYoungGen: 418322K->151200K(504320K)] 1329690K->1158900K(1902592K), 0.0501315 secs] [Times: user=0.30 sys=0.01, real=0.05 secs] 
5917.417: [GC (Allocation Failure) [PSYoungGen: 467104K->103360K(507392K)] 1474804K->1253296K(1905664K), 0.0988619 secs] [Times: user=0.58 sys=0.00, real=0.10 secs] 
5918.864: [GC (Allocation Failure) [PSYoungGen: 419264K->149120K(504320K)] 1569200K->1397813K(1902592K), 0.0510473 secs] [Times: user=0.30 sys=0.00, real=0.06 secs] 
5918.915: [Full GC (Ergonomics) [PSYoungGen: 149120K->0K(504320K)] [ParOldGen: 1248693K->196560K(1398272K)] 1397813K->196560K(1902592K), [Metaspace: 59713K->59713K(1105920K)], 0.4633628 secs] [Times: user=2.15 sys=0.00, real=0.46 secs] 
5920.701: [GC (Allocation Failure) [PSYoungGen: 314880K->107712K(422912K)] 511440K->304272K(1821184K), 0.0315901 secs] [Times: user=0.18 sys=0.00, real=0.03 secs] 
5922.067: [GC (Allocation Failure) [PSYoungGen: 414019K->143936K(505856K)] 610579K->444889K(1904128K), 0.0503051 secs] [Times: user=0.30 sys=0.00, real=0.05 secs] 
5924.410: [GC (Allocation Failure) [PSYoungGen: 460864K->103392K(506368K)] 761817K->538745K(1904640K), 0.1667964 secs] [Times: user=0.99 sys=0.01, real=0.17 secs] 
5926.158: [GC (Allocation Failure) [PSYoungGen: 420312K->148128K(505856K)] 855666K->682622K(1904128K), 0.0500134 secs] [Times: user=0.29 sys=0.00, real=0.05 secs] 
5928.435: [GC (GCLocker Initiated GC) [PSYoungGen: 466592K->104032K(507904K)] 1001086K->777654K(1906176K), 0.1447101 secs] [Times: user=0.85 sys=0.00, real=0.15 secs] 
5929.549: [GC (Allocation Failure) [PSYoungGen: 422496K->142912K(508928K)] 1112537K->932946K(1907200K), 0.2381889 secs] [Times: user=1.41 sys=0.01, real=0.24 secs] 
5932.020: [GC (Allocation Failure) [PSYoungGen: 464448K->97376K(509440K)] 1254482K->1030094K(1907712K), 0.4407726 secs] [Times: user=2.64 sys=0.01, real=0.44 secs] 
5932.925: [GC (Allocation Failure) [PSYoungGen: 418912K->156832K(500736K)] 1351630K->1181127K(1899008K), 0.0554457 secs] [Times: user=0.33 sys=0.00, real=0.06 secs] 
5936.522: [GC (Allocation Failure) [PSYoungGen: 470688K->91616K(506368K)] 1494983K->1271879K(1904640K), 0.1618254 secs] [Times: user=0.96 sys=0.00, real=0.16 secs] 
5937.046: [GC (Allocation Failure) [PSYoungGen: 405472K->152672K(498688K)] 1585735K->1418824K(1896960K), 0.0543947 secs] [Times: user=0.32 sys=0.01, real=0.05 secs] 
5937.100: [Full GC (Ergonomics) [PSYoungGen: 152672K->0K(498688K)] [ParOldGen: 1266152K->216117K(1398272K)] 1418824K->216117K(1896960K), [Metaspace: 59713K->59713K(1105920K)], 0.5019325 secs] [Times: user=2.33 sys=0.00, real=0.50 secs] 
5941.019: [GC (Allocation Failure) [PSYoungGen: 304314K->85088K(502784K)] 520432K->301205K(1901056K), 0.1306164 secs] [Times: user=0.78 sys=0.00, real=0.13 secs] 
5941.853: [GC (Allocation Failure) [PSYoungGen: 391776K->147776K(498688K)] 607893K->445210K(1896960K), 0.0513476 secs] [Times: user=0.31 sys=0.00, real=0.05 secs] 
5944.271: [GC (Allocation Failure) [PSYoungGen: 450368K->88672K(500736K)] 747802K->533502K(1899008K), 0.1180618 secs] [Times: user=0.70 sys=0.01, real=0.12 secs] 
5945.219: [GC (Allocation Failure) [PSYoungGen: 387751K->145024K(499712K)] 832582K->674311K(1897984K), 0.0487665 secs] [Times: user=0.29 sys=0.00, real=0.05 secs] 
5948.494: [GC (Allocation Failure) [PSYoungGen: 447616K->95584K(398336K)] 976903K->761391K(1796608K), 0.1230713 secs] [Times: user=0.73 sys=0.00, real=0.13 secs] 
5951.341: [GC (Allocation Failure) [PSYoungGen: 398176K->146144K(497152K)] 1063983K->903180K(1895424K), 0.0483378 secs] [Times: user=0.29 sys=0.00, real=0.05 secs] 
5952.674: [GC (Allocation Failure) [PSYoungGen: 447712K->98240K(499200K)] 1204748K->992748K(1897472K), 0.0659809 secs] [Times: user=0.39 sys=0.00, real=0.07 secs] 
5955.531: [GC (Allocation Failure) [PSYoungGen: 399808K->142816K(499712K)] 1294316K->1132037K(1897984K), 0.0505765 secs] [Times: user=0.30 sys=0.00, real=0.05 secs] 
5957.159: [GC (Allocation Failure) [PSYoungGen: 447968K->101792K(500224K)] 1437189K->1225037K(1898496K), 0.0647022 secs] [Times: user=0.38 sys=0.00, real=0.06 secs] 
5959.855: [GC (Allocation Failure) [PSYoungGen: 406944K->142464K(499712K)] 1530189K->1362298K(1897984K), 0.0516462 secs] [Times: user=0.31 sys=0.00, real=0.06 secs] 
5959.907: [Full GC (Ergonomics) [PSYoungGen: 142464K->0K(499712K)] [ParOldGen: 1219834K->168525K(1398272K)] 1362298K->168525K(1897984K), [Metaspace: 59713K->59713K(1105920K)], 0.3925454 secs] [Times: user=1.81 sys=0.00, real=0.39 secs] 
5961.509: [GC (GCLocker Initiated GC) [PSYoungGen: 308224K->104192K(500736K)] 476752K->272720K(1899008K), 0.0374653 secs] [Times: user=0.22 sys=0.00, real=0.04 secs] 
5963.691: [GC (Allocation Failure) [PSYoungGen: 412416K->140096K(503808K)] 580946K->410607K(1902080K), 0.0522702 secs] [Times: user=0.31 sys=0.00, real=0.05 secs] 
5965.078: [GC (Allocation Failure) [PSYoungGen: 454976K->110304K(503808K)] 725487K->511499K(1902080K), 0.0680634 secs] [Times: user=0.41 sys=0.00, real=0.07 secs] 
5967.349: [GC (Allocation Failure) [PSYoungGen: 425184K->143008K(504320K)] 826379K->652392K(1902592K), 0.0533789 secs] [Times: user=0.32 sys=0.00, real=0.05 secs] 
5968.689: [GC (Allocation Failure) [PSYoungGen: 462496K->111776K(505856K)] 971880K->754332K(1904128K), 0.0655271 secs] [Times: user=0.39 sys=0.00, real=0.06 secs] 
5970.191: [GC (Allocation Failure) [PSYoungGen: 431264K->147328K(506880K)] 1073820K->899153K(1905152K), 0.0539184 secs] [Times: user=0.32 sys=0.01, real=0.05 secs] 
5971.559: [GC (Allocation Failure) [PSYoungGen: 471936K->112768K(509952K)] 1223761K->1002333K(1908224K), 0.0688400 secs] [Times: user=0.41 sys=0.00, real=0.07 secs] 
5972.884: [GC (Allocation Failure) [PSYoungGen: 437376K->155264K(505344K)] 1326941K->1154194K(1903616K), 0.0552188 secs] [Times: user=0.33 sys=0.00, real=0.06 secs] 
5975.198: [GC (Allocation Failure) [PSYoungGen: 479360K->107520K(511488K)] 1478290K->1253074K(1909760K), 0.1315783 secs] [Times: user=0.78 sys=0.00, real=0.13 secs] 
5976.091: [GC (Allocation Failure) [PSYoungGen: 431616K->157056K(502784K)] 1577170K->1406523K(1901056K), 0.0537837 secs] [Times: user=0.32 sys=0.00, real=0.06 secs] 
5976.145: [Full GC (Ergonomics) [PSYoungGen: 157056K->0K(502784K)] [ParOldGen: 1249467K->205078K(1398272K)] 1406523K->205078K(1901056K), [Metaspace: 59713K->59713K(1105920K)], 0.4678232 secs] [Times: user=2.15 sys=0.00, real=0.46 secs] 
5979.353: [GC (Allocation Failure) [PSYoungGen: 317952K->93568K(508416K)] 523030K->298646K(1906688K), 0.1709738 secs] [Times: user=1.02 sys=0.00, real=0.17 secs] 
5980.849: [GC (Allocation Failure) [PSYoungGen: 411520K->152672K(501248K)] 616598K->447691K(1899520K), 0.0545687 secs] [Times: user=0.33 sys=0.00, real=0.05 secs] 
5983.290: [GC (Allocation Failure) [PSYoungGen: 463456K->89728K(504832K)] 758475K->537251K(1903104K), 0.1710405 secs] [Times: user=1.02 sys=0.00, real=0.17 secs] 
5984.444: [GC (Allocation Failure) [PSYoungGen: 400512K->194016K(427008K)] 848035K->732058K(1825280K), 0.0552581 secs] [Times: user=0.33 sys=0.00, real=0.06 secs] 
5985.681: [GC (Allocation Failure) [PSYoungGen: 426063K->60576K(465920K)] 964106K->743170K(1864192K), 0.0600281 secs] [Times: user=0.36 sys=0.00, real=0.06 secs] 
5987.905: [GC (Allocation Failure) [PSYoungGen: 293536K->103296K(465920K)] 976130K->844551K(1864192K), 0.0644130 secs] [Times: user=0.38 sys=0.00, real=0.07 secs] 
5988.402: [GC (Allocation Failure) [PSYoungGen: 336256K->119552K(352768K)] 1077511K->954695K(1751040K), 0.0690659 secs] [Times: user=0.41 sys=0.00, real=0.07 secs] 
5991.617: [GC (Allocation Failure) [PSYoungGen: 352512K->53888K(464896K)] 1187655K->1007999K(1863168K), 0.1422896 secs] [Times: user=0.85 sys=0.00, real=0.14 secs] 
5993.476: [GC (Allocation Failure) [PSYoungGen: 286336K->110496K(343040K)] 1240447K->1113944K(1741312K), 0.0374287 secs] [Times: user=0.21 sys=0.00, real=0.03 secs] 
5994.644: [GC (Allocation Failure) [PSYoungGen: 342944K->101120K(465920K)] 1346392K->1205968K(1864192K), 0.0560199 secs] [Times: user=0.33 sys=0.01, real=0.06 secs] 
5996.229: [GC (Allocation Failure) [PSYoungGen: 341760K->77152K(458752K)] 1446608K->1283248K(1857024K), 0.0871886 secs] [Times: user=0.51 sys=0.00, real=0.09 secs] 
5996.520: [GC (Allocation Failure) [PSYoungGen: 317792K->169760K(460288K)] 1523888K->1447533K(1858560K), 0.0486123 secs] [Times: user=0.29 sys=0.00, real=0.05 secs] 
5996.569: [Full GC (Ergonomics) [PSYoungGen: 169760K->0K(460288K)] [ParOldGen: 1277773K->205549K(1398272K)] 1447533K->205549K(1858560K), [Metaspace: 59714K->59714K(1105920K)], 0.4722307 secs] [Times: user=2.17 sys=0.00, real=0.47 secs] 
5999.333: [GC (Allocation Failure) [PSYoungGen: 245248K->63360K(470528K)] 450797K->268909K(1868800K), 0.0668882 secs] [Times: user=0.40 sys=0.00, real=0.07 secs] 
6001.372: [GC (Allocation Failure) [PSYoungGen: 308608K->112896K(451072K)] 514157K->379724K(1849344K), 0.0604816 secs] [Times: user=0.35 sys=0.01, real=0.06 secs] 
6002.972: [GC (Allocation Failure) [PSYoungGen: 357529K->158304K(462848K)] 624358K->528892K(1861120K), 0.0686905 secs] [Times: user=0.41 sys=0.00, real=0.07 secs] 
6004.967: [GC (Allocation Failure) [PSYoungGen: 407648K->66048K(480256K)] 778236K->557868K(1878528K), 0.1118062 secs] [Times: user=0.67 sys=0.00, real=0.11 secs] 
6005.307: [GC (Allocation Failure) [PSYoungGen: 326144K->130912K(391168K)] 817964K->683094K(1789440K), 0.0459227 secs] [Times: user=0.27 sys=0.00, real=0.04 secs] 
6007.723: [GC (GCLocker Initiated GC) [PSYoungGen: 391008K->68800K(477696K)] 943192K->752032K(1875968K), 0.0569507 secs] [Times: user=0.34 sys=0.01, real=0.06 secs] 
6009.782: [GC (Allocation Failure) [PSYoungGen: 331456K->120416K(475136K)] 1014736K->870105K(1873408K), 0.0535036 secs] [Times: user=0.31 sys=0.01, real=0.06 secs] 
6011.055: [GC (Allocation Failure) [PSYoungGen: 383072K->109696K(476672K)] 1132761K->970249K(1874944K), 0.0600164 secs] [Times: user=0.35 sys=0.00, real=0.06 secs] 
6012.353: [GC (Allocation Failure) [PSYoungGen: 389760K->112032K(477184K)] 1250313K->1082457K(1875456K), 0.0573285 secs] [Times: user=0.34 sys=0.00, real=0.06 secs] 
6012.667: [GC (Allocation Failure) [PSYoungGen: 392096K->143968K(489984K)] 1362521K->1208121K(1888256K), 0.0583896 secs] [Times: user=0.34 sys=0.00, real=0.05 secs] 
6016.107: [GC (Allocation Failure) [PSYoungGen: 445024K->85152K(494080K)] 1509177K->1293082K(1892352K), 0.1042626 secs] [Times: user=0.62 sys=0.00, real=0.10 secs] 
6016.446: [GC (Allocation Failure) [PSYoungGen: 386208K->148544K(497152K)] 1594138K->1435802K(1895424K), 0.0561726 secs] [Times: user=0.33 sys=0.00, real=0.05 secs] 
6016.502: [Full GC (Ergonomics) [PSYoungGen: 148544K->0K(497152K)] [ParOldGen: 1287258K->240339K(1398272K)] 1435802K->240339K(1895424K), [Metaspace: 59714K->59714K(1105920K)], 0.5587738 secs] [Times: user=2.60 sys=0.00, real=0.56 secs] 
6020.494: [GC (Allocation Failure) [PSYoungGen: 306688K->86784K(502784K)] 547027K->327123K(1901056K), 0.0423155 secs] [Times: user=0.24 sys=0.00, real=0.05 secs] 
6020.834: [GC (Allocation Failure) [PSYoungGen: 393472K->153120K(491520K)] 633811K->474139K(1889792K), 0.0553886 secs] [Times: user=0.33 sys=0.00, real=0.06 secs] 
6023.210: [GC (Allocation Failure) [PSYoungGen: 451616K->83936K(498688K)] 772635K->558259K(1896960K), 0.1299430 secs] [Times: user=0.77 sys=0.00, real=0.13 secs] 
6023.632: [GC (Allocation Failure) [PSYoungGen: 382432K->147264K(493568K)] 856755K->699477K(1891840K), 0.0533124 secs] [Times: user=0.32 sys=0.00, real=0.05 secs] 
6026.069: [GC (Allocation Failure) [PSYoungGen: 443712K->88352K(497664K)] 995925K->787437K(1895936K), 0.1570255 secs] [Times: user=0.94 sys=0.00, real=0.16 secs] 
6026.558: [GC (Allocation Failure) [PSYoungGen: 384800K->145952K(494080K)] 1083885K->927366K(1892352K), 0.0529647 secs] [Times: user=0.32 sys=0.00, real=0.05 secs] 
6029.503: [GC (Allocation Failure) [PSYoungGen: 442400K->84640K(497664K)] 1223814K->1011658K(1895936K), 0.1384920 secs] [Times: user=0.82 sys=0.01, real=0.14 secs] 
6030.625: [GC (Allocation Failure) [PSYoungGen: 381088K->142944K(495616K)] 1308106K->1150339K(1893888K), 0.0490317 secs] [Times: user=0.28 sys=0.00, real=0.04 secs] 
6032.064: [GC (Allocation Failure) [PSYoungGen: 440416K->96384K(394240K)] 1447811K->1238107K(1792512K), 0.0901526 secs] [Times: user=0.53 sys=0.00, real=0.09 secs] 
6034.232: [GC (Allocation Failure) [PSYoungGen: 393856K->138464K(494592K)] 1535579K->1372560K(1892864K), 0.0471075 secs] [Times: user=0.28 sys=0.00, real=0.05 secs] 
6034.279: [Full GC (Ergonomics) [PSYoungGen: 138464K->0K(494592K)] [ParOldGen: 1234096K->179858K(1398272K)] 1372560K->179858K(1892864K), [Metaspace: 59714K->59714K(1105920K)], 0.4174258 secs] [Times: user=1.92 sys=0.00, real=0.42 secs] 
6035.908: [GC (Allocation Failure) [PSYoungGen: 299008K->101184K(495616K)] 478866K->281042K(1893888K), 0.0340254 secs] [Times: user=0.20 sys=0.00, real=0.03 secs] 
6037.389: [GC (Allocation Failure) [PSYoungGen: 400192K->138912K(497152K)] 580050K->417353K(1895424K), 0.0506834 secs] [Times: user=0.30 sys=0.00, real=0.05 secs] 
6038.702: [GC (Allocation Failure) [PSYoungGen: 444576K->104320K(498176K)] 723017K->512409K(1896448K), 0.0626330 secs] [Times: user=0.37 sys=0.00, real=0.06 secs] 
6039.927: [GC (Allocation Failure) [PSYoungGen: 409984K->142272K(499712K)] 818073K->652854K(1897984K), 0.0519027 secs] [Times: user=0.31 sys=0.00, real=0.05 secs] 
6041.251: [GC (Allocation Failure) [PSYoungGen: 454592K->107808K(502272K)] 965174K->751390K(1900544K), 0.0642037 secs] [Times: user=0.38 sys=0.00, real=0.06 secs] 
6044.375: [GC (Allocation Failure) [PSYoungGen: 420128K->141888K(504320K)] 1063710K->891331K(1902592K), 0.0526899 secs] [Times: user=0.32 sys=0.00, real=0.05 secs] 
6045.695: [GC (Allocation Failure) [PSYoungGen: 461376K->108896K(506368K)] 1210819K->991271K(1904640K), 0.0643954 secs] [Times: user=0.38 sys=0.00, real=0.06 secs] 
6047.844: [GC (Allocation Failure) [PSYoungGen: 428384K->147136K(505344K)] 1310759K->1135676K(1903616K), 0.0537739 secs] [Times: user=0.32 sys=0.00, real=0.06 secs] 
6049.278: [GC (Allocation Failure) [PSYoungGen: 470208K->110080K(509440K)] 1458748K->1236596K(1907712K), 0.0701785 secs] [Times: user=0.42 sys=0.00, real=0.07 secs] 
6050.942: [GC (Allocation Failure) [PSYoungGen: 433152K->152608K(505856K)] 1559668K->1387082K(1904128K), 0.0546195 secs] [Times: user=0.33 sys=0.00, real=0.06 secs] 
6050.996: [Full GC (Ergonomics) [PSYoungGen: 152608K->0K(505856K)] [ParOldGen: 1234474K->186305K(1398272K)] 1387082K->186305K(1904128K), [Metaspace: 59714K->59714K(1105920K)], 0.4383779 secs] [Times: user=2.01 sys=0.00, real=0.43 secs] 
6052.754: [GC (Allocation Failure) [PSYoungGen: 324096K->107136K(511488K)] 510401K->293441K(1909760K), 0.0325697 secs] [Times: user=0.19 sys=0.00, real=0.04 secs] 
6054.922: [GC (Allocation Failure) [PSYoungGen: 431232K->153184K(504320K)] 617537K->442645K(1902592K), 0.0522224 secs] [Times: user=0.31 sys=0.00, real=0.05 secs] 
6056.976: [GC (Allocation Failure) [PSYoungGen: 473184K->105536K(509440K)] 762645K->539093K(1907712K), 0.1281293 secs] [Times: user=0.77 sys=0.00, real=0.12 secs] 
6057.965: [GC (Allocation Failure) [PSYoungGen: 409696K->147488K(507392K)] 843254K->682026K(1905664K), 0.0505861 secs] [Times: user=0.30 sys=0.00, real=0.05 secs] 
6060.335: [GC (Allocation Failure) [PSYoungGen: 468512K->102752K(509952K)] 1003050K->776230K(1908224K), 0.1677008 secs] [Times: user=1.00 sys=0.00, real=0.17 secs] 
6061.373: [GC (Allocation Failure) [PSYoungGen: 412253K->148800K(505856K)] 1085732K->921011K(1904128K), 0.0502127 secs] [Times: user=0.29 sys=0.00, real=0.05 secs] 
6064.190: [GC (Allocation Failure) [PSYoungGen: 467776K->105472K(508928K)] 1239987K->1017623K(1907200K), 0.1694672 secs] [Times: user=1.01 sys=0.01, real=0.17 secs] 
6065.822: [GC (Allocation Failure) [PSYoungGen: 416246K->145472K(507392K)] 1328398K->1159084K(1905664K), 0.0511292 secs] [Times: user=0.31 sys=0.00, real=0.05 secs] 
6068.236: [GC (Allocation Failure) [PSYoungGen: 465984K->103136K(508928K)] 1479596K->1253756K(1907200K), 0.1788048 secs] [Times: user=1.06 sys=0.00, real=0.18 secs] 
6069.400: [GC (Allocation Failure) [PSYoungGen: 414373K->148288K(507392K)] 1564994K->1398381K(1905664K), 0.0511597 secs] [Times: user=0.30 sys=0.01, real=0.05 secs] 
6069.451: [Full GC (Ergonomics) [PSYoungGen: 148288K->0K(507392K)] [ParOldGen: 1250093K->196737K(1398272K)] 1398381K->196737K(1905664K), [Metaspace: 59714K->59714K(1105920K)], 0.4594016 secs] [Times: user=2.12 sys=0.00, real=0.46 secs] 
6072.490: [GC (Allocation Failure) [PSYoungGen: 321024K->105280K(509952K)] 517761K->302017K(1908224K), 0.1073809 secs] [Times: user=0.63 sys=0.00, real=0.11 secs] 
6074.008: [GC (Allocation Failure) [PSYoungGen: 416153K->146304K(507904K)] 612891K->444338K(1906176K), 0.0501037 secs] [Times: user=0.30 sys=0.01, real=0.05 secs] 
6076.313: [GC (Allocation Failure) [PSYoungGen: 467840K->107712K(429568K)] 765874K->542794K(1827840K), 0.1680351 secs] [Times: user=1.01 sys=0.00, real=0.17 secs] 
6077.666: [GC (Allocation Failure) [PSYoungGen: 429248K->152160K(505344K)] 864330K->691495K(1903616K), 0.0641634 secs] [Times: user=0.38 sys=0.00, real=0.06 secs] 
6080.433: [GC (Allocation Failure) [PSYoungGen: 472160K->101856K(509440K)] 1011495K->792839K(1907712K), 0.1565459 secs] [Times: user=0.94 sys=0.00, real=0.16 secs] 
6081.479: [GC (Allocation Failure) [PSYoungGen: 421856K->155264K(501760K)] 1112839K->938200K(1900032K), 0.0553422 secs] [Times: user=0.32 sys=0.01, real=0.05 secs] 
6084.661: [GC (Allocation Failure) [PSYoungGen: 469120K->90624K(506368K)] 1252056K->1028088K(1904640K), 0.1631690 secs] [Times: user=0.98 sys=0.00, real=0.16 secs] 
6085.536: [GC (Allocation Failure) [PSYoungGen: 404480K->154240K(497152K)] 1341944K->1176155K(1895424K), 0.0546678 secs] [Times: user=0.32 sys=0.00, real=0.05 secs] 
6087.178: [GC (Allocation Failure) [PSYoungGen: 458880K->93728K(501760K)] 1480795K->1269407K(1900032K), 0.0655018 secs] [Times: user=0.39 sys=0.00, real=0.06 secs] 
6087.502: [GC (Allocation Failure) [PSYoungGen: 398368K->151904K(497152K)] 1574047K->1414976K(1895424K), 0.0546660 secs] [Times: user=0.33 sys=0.00, real=0.06 secs] 
6087.557: [Full GC (Ergonomics) [PSYoungGen: 151904K->0K(497152K)] [ParOldGen: 1263072K->212517K(1398272K)] 1414976K->212517K(1895424K), [Metaspace: 59714K->59714K(1105920K)], 0.4914373 secs] [Times: user=2.28 sys=0.00, real=0.49 secs] 
6090.511: [GC (Allocation Failure) [PSYoungGen: 301568K->85248K(500224K)] 514085K->297765K(1898496K), 0.1487583 secs] [Times: user=0.88 sys=0.00, real=0.15 secs] 
6091.597: [GC (Allocation Failure) [PSYoungGen: 372770K->140256K(498176K)] 585287K->434026K(1896448K), 0.0474712 secs] [Times: user=0.28 sys=0.00, real=0.04 secs] 
6092.904: [GC (Allocation Failure) [PSYoungGen: 441824K->97344K(499200K)] 735594K->522898K(1897472K), 0.0620520 secs] [Times: user=0.37 sys=0.00, real=0.07 secs] 
6095.704: [GC (Allocation Failure) [PSYoungGen: 398912K->141184K(499712K)] 824466K->660439K(1897984K), 0.0482068 secs] [Times: user=0.28 sys=0.00, real=0.05 secs] 
6096.998: [GC (Allocation Failure) [PSYoungGen: 445824K->100480K(499712K)] 965079K->752179K(1897984K), 0.0643553 secs] [Times: user=0.38 sys=0.00, real=0.06 secs] 
6098.887: [GC (Allocation Failure) [PSYoungGen: 405120K->142912K(499200K)] 1056819K->892423K(1897472K), 0.0508761 secs] [Times: user=0.30 sys=0.00, real=0.05 secs] 
6100.205: [GC (Allocation Failure) [PSYoungGen: 450624K->103456K(500224K)] 1200135K->986871K(1898496K), 0.0628353 secs] [Times: user=0.37 sys=0.00, real=0.06 secs] 
6102.641: [GC (Allocation Failure) [PSYoungGen: 411168K->140512K(503296K)] 1294583K->1125244K(1901568K), 0.0515648 secs] [Times: user=0.30 sys=0.00, real=0.05 secs] 
6103.978: [GC (Allocation Failure) [PSYoungGen: 454880K->106976K(503808K)] 1439612K->1222888K(1902080K), 0.0645209 secs] [Times: user=0.38 sys=0.01, real=0.06 secs] 
6106.056: [GC (Allocation Failure) [PSYoungGen: 421344K->144736K(504320K)] 1537256K->1364917K(1902592K), 0.0533478 secs] [Times: user=0.31 sys=0.00, real=0.05 secs] 
6107.419: [GC (Allocation Failure) [PSYoungGen: 463200K->110720K(506368K)] 1683381K->1465905K(1904640K), 0.0665532 secs] [Times: user=0.40 sys=0.00, real=0.07 secs] 
6107.486: [Full GC (Ergonomics) [PSYoungGen: 110720K->0K(506368K)] [ParOldGen: 1355185K->36128K(1398272K)] 1465905K->36128K(1904640K), [Metaspace: 59714K->59714K(1105920K)], 0.0748663 secs] [Times: user=0.27 sys=0.00, real=0.07 secs] 
6108.613: [GC (Allocation Failure) [PSYoungGen: 318464K->149728K(504832K)] 354592K->185856K(1903104K), 0.0293169 secs] [Times: user=0.17 sys=0.00, real=0.03 secs] 
6110.134: [GC (Allocation Failure) [PSYoungGen: 470752K->107264K(508928K)] 506880K->284276K(1907200K), 0.0964106 secs] [Times: user=0.58 sys=0.00, real=0.10 secs] 
6112.411: [GC (Allocation Failure) [PSYoungGen: 428288K->153600K(504320K)] 605300K->433769K(1902592K), 0.0519479 secs] [Times: user=0.30 sys=0.00, real=0.05 secs] 
6114.627: [GC (Allocation Failure) [PSYoungGen: 473600K->103456K(509440K)] 753769K->528517K(1907712K), 0.1766112 secs] [Times: user=1.05 sys=0.01, real=0.17 secs] 
6116.792: [GC (Allocation Failure) [PSYoungGen: 423456K->151872K(504320K)] 848517K->675834K(1902592K), 0.0501227 secs] [Times: user=0.30 sys=0.00, real=0.05 secs] 
6118.840: [GC (Allocation Failure) [PSYoungGen: 468800K->103808K(507904K)] 992762K->771046K(1906176K), 0.1777449 secs] [Times: user=1.06 sys=0.00, real=0.18 secs] 
6119.887: [GC (Allocation Failure) [PSYoungGen: 413912K->148160K(505856K)] 1081151K->914607K(1904128K), 0.0501812 secs] [Times: user=0.30 sys=0.00, real=0.05 secs] 
6121.770: [GC (Allocation Failure) [PSYoungGen: 465088K->103680K(420864K)] 1231535K->1009131K(1819136K), 0.1595447 secs] [Times: user=0.95 sys=0.00, real=0.16 secs] 
6122.894: [GC (Allocation Failure) [PSYoungGen: 414100K->148512K(504832K)] 1319551K->1153204K(1903104K), 0.0508408 secs] [Times: user=0.30 sys=0.00, real=0.06 secs] 
6124.836: [GC (Allocation Failure) [PSYoungGen: 464928K->102720K(507392K)] 1469620K->1246868K(1905664K), 0.1692627 secs] [Times: user=1.01 sys=0.01, real=0.17 secs] 
6127.233: [GC (Allocation Failure) [PSYoungGen: 419112K->148576K(504832K)] 1563260K->1391369K(1903104K), 0.0502802 secs] [Times: user=0.30 sys=0.00, real=0.05 secs] 
6127.283: [Full GC (Ergonomics) [PSYoungGen: 148576K->0K(504832K)] [ParOldGen: 1242793K->195982K(1398272K)] 1391369K->195982K(1903104K), [Metaspace: 59714K->59714K(1105920K)], 0.4625789 secs] [Times: user=2.15 sys=0.00, real=0.47 secs] 
6129.741: [GC (Allocation Failure) [PSYoungGen: 315904K->102144K(507392K)] 511886K->298126K(1905664K), 0.0943860 secs] [Times: user=0.56 sys=0.00, real=0.10 secs] 
6131.347: [GC (Allocation Failure) [PSYoungGen: 418048K->149312K(503808K)] 614030K->443199K(1902080K), 0.0488446 secs] [Times: user=0.28 sys=0.01, real=0.05 secs] 
6133.265: [GC (Allocation Failure) [PSYoungGen: 464192K->105024K(506880K)] 758079K->539227K(1905152K), 0.0977630 secs] [Times: user=0.58 sys=0.00, real=0.09 secs] 
6134.346: [GC (Allocation Failure) [PSYoungGen: 408706K->145088K(505344K)] 842909K->681020K(1903616K), 0.0886444 secs] [Times: user=0.52 sys=0.00, real=0.08 secs] 
6137.030: [GC (Allocation Failure) [PSYoungGen: 461504K->103168K(506880K)] 997436K->775836K(1905152K), 0.0642570 secs] [Times: user=0.38 sys=0.00, real=0.06 secs] 
6137.773: [GC (Allocation Failure) [PSYoungGen: 413555K->147808K(504832K)] 1086223K->920386K(1903104K), 0.0505134 secs] [Times: user=0.29 sys=0.00, real=0.05 secs] 
6140.306: [GC (Allocation Failure) [PSYoungGen: 464736K->104960K(507392K)] 1237314K->1016058K(1905664K), 0.0784311 secs] [Times: user=0.46 sys=0.00, real=0.07 secs] 
6140.789: [GC (Allocation Failure) [PSYoungGen: 405732K->145824K(506880K)] 1316831K->1158535K(1905152K), 0.0507318 secs] [Times: user=0.30 sys=0.00, real=0.05 secs] 
6143.225: [GC (Allocation Failure) [PSYoungGen: 464800K->103584K(508416K)] 1477511K->1253811K(1906688K), 0.1628211 secs] [Times: user=0.97 sys=0.00, real=0.17 secs] 
6144.672: [GC (Allocation Failure) [PSYoungGen: 412088K->147872K(505856K)] 1562315K->1397233K(1904128K), 0.0500506 secs] [Times: user=0.30 sys=0.00, real=0.05 secs] 
6144.722: [Full GC (Ergonomics) [PSYoungGen: 147872K->0K(505856K)] [ParOldGen: 1249361K->196167K(1398272K)] 1397233K->196167K(1904128K), [Metaspace: 59714K->59714K(1105920K)], 0.4696531 secs] [Times: user=2.18 sys=0.00, real=0.47 secs] 
6146.743: [GC (Allocation Failure) [PSYoungGen: 318976K->101856K(508416K)] 515143K->298023K(1906688K), 0.0570141 secs] [Times: user=0.32 sys=0.01, real=0.06 secs] 
6148.538: [GC (Allocation Failure) [PSYoungGen: 416699K->149600K(505344K)] 612867K->443228K(1903616K), 0.0491346 secs] [Times: user=0.29 sys=0.00, real=0.05 secs] 
6150.883: [GC (Allocation Failure) [PSYoungGen: 467552K->104480K(508416K)] 761180K->538856K(1906688K), 0.1730749 secs] [Times: user=1.03 sys=0.01, real=0.18 secs] 
6151.668: [GC (Allocation Failure) [PSYoungGen: 409164K->147360K(506880K)] 843541K->681939K(1905152K), 0.0500534 secs] [Times: user=0.30 sys=0.00, real=0.05 secs] 
6153.908: [GC (Allocation Failure) [PSYoungGen: 466336K->103424K(508928K)] 1000915K->776571K(1907200K), 0.1395100 secs] [Times: user=0.82 sys=0.02, real=0.14 secs] 
6155.337: [GC (Allocation Failure) [PSYoungGen: 420076K->148480K(505856K)] 1093224K->920892K(1904128K), 0.0498844 secs] [Times: user=0.30 sys=0.00, real=0.05 secs] 
6157.367: [GC (Allocation Failure) [PSYoungGen: 466432K->106816K(424960K)] 1238844K->1019052K(1823232K), 0.1630644 secs] [Times: user=0.97 sys=0.01, real=0.16 secs] 
6158.861: [GC (Allocation Failure) [PSYoungGen: 409744K->144192K(506880K)] 1321981K->1158989K(1905152K), 0.0512722 secs] [Times: user=0.30 sys=0.00, real=0.05 secs] 
6160.955: [GC (Allocation Failure) [PSYoungGen: 463680K->104288K(507904K)] 1478477K->1254693K(1906176K), 0.1461110 secs] [Times: user=0.87 sys=0.00, real=0.15 secs] 
6162.271: [GC (Allocation Failure) [PSYoungGen: 416410K->146880K(506368K)] 1566816K->1397490K(1904640K), 0.0509700 secs] [Times: user=0.30 sys=0.00, real=0.05 secs] 
6162.322: [Full GC (Ergonomics) [PSYoungGen: 146880K->0K(506368K)] [ParOldGen: 1250610K->196282K(1398272K)] 1397490K->196282K(1904640K), [Metaspace: 59714K->59714K(1105920K)], 0.4661502 secs] [Times: user=2.17 sys=0.00, real=0.47 secs] 
6164.798: [GC (Allocation Failure) [PSYoungGen: 320512K->105952K(508928K)] 516794K->302234K(1907200K), 0.0704583 secs] [Times: user=0.36 sys=0.01, real=0.07 secs] 
6165.946: [GC (Allocation Failure) [PSYoungGen: 418799K->146208K(507904K)] 615081K->443827K(1906176K), 0.0495376 secs] [Times: user=0.29 sys=0.00, real=0.05 secs] 
6167.891: [GC (Allocation Failure) [PSYoungGen: 468768K->108608K(509952K)] 766387K->543275K(1908224K), 0.1503018 secs] [Times: user=0.89 sys=0.01, real=0.15 secs] 
6168.794: [GC (Allocation Failure) [PSYoungGen: 431168K->155904K(503296K)] 865835K->695236K(1901568K), 0.0523638 secs] [Times: user=0.32 sys=0.00, real=0.06 secs] 
6171.451: [GC (Allocation Failure) [PSYoungGen: 474880K->93792K(508928K)] 1014212K->788924K(1907200K), 0.1396288 secs] [Times: user=0.83 sys=0.00, real=0.14 secs] 
6172.171: [GC (Allocation Failure) [PSYoungGen: 412768K->156832K(498688K)] 1107900K->939628K(1896960K), 0.0558272 secs] [Times: user=0.33 sys=0.00, real=0.06 secs] 
6175.029: [GC (Allocation Failure) [PSYoungGen: 465568K->92384K(503808K)] 1248364K->1031517K(1902080K), 0.1369758 secs] [Times: user=0.74 sys=0.00, real=0.14 secs] 
6175.593: [GC (Allocation Failure) [PSYoungGen: 401120K->169824K(484864K)] 1340253K->1191385K(1883136K), 0.0536741 secs] [Times: user=0.32 sys=0.01, real=0.06 secs] 
6177.892: [GC (Allocation Failure) [PSYoungGen: 460128K->81888K(372224K)] 1481689K->1256881K(1770496K), 0.1679316 secs] [Times: user=1.00 sys=0.00, real=0.17 secs] 
6179.597: [GC (Allocation Failure) [PSYoungGen: 372192K->140000K(496128K)] 1547185K->1392702K(1894400K), 0.0462464 secs] [Times: user=0.27 sys=0.00, real=0.04 secs] 
6179.643: [Full GC (Ergonomics) [PSYoungGen: 140000K->0K(496128K)] [ParOldGen: 1252702K->191414K(1398272K)] 1392702K->191414K(1894400K), [Metaspace: 59714K->59714K(1105920K)], 0.4426401 secs] [Times: user=2.03 sys=0.00, real=0.45 secs] 
6181.258: [GC (Allocation Failure) [PSYoungGen: 291328K->96672K(388096K)] 482742K->288086K(1786368K), 0.0308678 secs] [Times: user=0.19 sys=0.00, real=0.03 secs] 
6182.915: [GC (Allocation Failure) [PSYoungGen: 388000K->134752K(494080K)] 579414K->419879K(1892352K), 0.0478478 secs] [Times: user=0.27 sys=0.00, real=0.05 secs] 
6185.304: [GC (Allocation Failure) [PSYoungGen: 429152K->98848K(491008K)] 714279K->509583K(1889280K), 0.0610038 secs] [Times: user=0.36 sys=0.00, real=0.06 secs] 
6186.487: [GC (Allocation Failure) [PSYoungGen: 393248K->135872K(497664K)] 803983K->644152K(1895936K), 0.0492433 secs] [Times: user=0.29 sys=0.00, real=0.05 secs] 
6189.804: [GC (Allocation Failure) [PSYoungGen: 440000K->106336K(496128K)] 948280K->741984K(1894400K), 0.0624516 secs] [Times: user=0.37 sys=0.01, real=0.07 secs] 
6190.694: [GC (Allocation Failure) [PSYoungGen: 410464K->131648K(503808K)] 1046112K->873132K(1902080K), 0.0526514 secs] [Times: user=0.31 sys=0.00, real=0.06 secs] 
6192.808: [GC (Allocation Failure) [PSYoungGen: 448064K->116768K(501248K)] 1189548K->980940K(1899520K), 0.0641397 secs] [Times: user=0.38 sys=0.00, real=0.06 secs] 
6193.595: [GC (Allocation Failure) [PSYoungGen: 433184K->138592K(505856K)] 1297356K->1119161K(1904128K), 0.0546311 secs] [Times: user=0.33 sys=0.00, real=0.05 secs] 
6196.480: [GC (Allocation Failure) [PSYoungGen: 464736K->111872K(506368K)] 1445305K->1222401K(1904640K), 0.0651760 secs] [Times: user=0.39 sys=0.00, real=0.07 secs] 
6197.494: [GC (Allocation Failure) [PSYoungGen: 438016K->148128K(511488K)] 1548545K->1369758K(1909760K), 0.0549439 secs] [Times: user=0.32 sys=0.00, real=0.06 secs] 
6200.525: [GC (Allocation Failure) [PSYoungGen: 482976K->112704K(515584K)] 1704606K->1473982K(1913856K), 0.0668502 secs] [Times: user=0.40 sys=0.01, real=0.06 secs] 
6200.592: [Full GC (Ergonomics) [PSYoungGen: 112704K->0K(515584K)] [ParOldGen: 1361278K->30747K(1398272K)] 1473982K->30747K(1913856K), [Metaspace: 59714K->59714K(1105920K)], 0.0575193 secs] [Times: user=0.19 sys=0.00, real=0.06 secs] 
6201.562: [GC (Allocation Failure) [PSYoungGen: 334848K->157088K(507392K)] 365595K->187835K(1905664K), 0.0311646 secs] [Times: user=0.18 sys=0.01, real=0.03 secs] 
6204.278: [GC (Allocation Failure) [PSYoungGen: 487328K->112320K(514560K)] 518075K->291043K(1912832K), 0.0722019 secs] [Times: user=0.42 sys=0.00, real=0.07 secs] 
6204.996: [GC (Allocation Failure) [PSYoungGen: 442560K->158496K(504320K)] 621283K->446584K(1902592K), 0.0587254 secs] [Times: user=0.35 sys=0.00, real=0.06 secs] 
6208.349: [GC (Allocation Failure) [PSYoungGen: 481568K->96224K(510976K)] 769656K->542512K(1909248K), 0.0706659 secs] [Times: user=0.42 sys=0.00, real=0.07 secs] 
6208.853: [GC (Allocation Failure) [PSYoungGen: 419296K->155424K(502272K)] 865584K->693820K(1900544K), 0.0549260 secs] [Times: user=0.33 sys=0.00, real=0.06 secs] 
6214.286: [GC (Allocation Failure) [PSYoungGen: 470304K->88192K(403456K)] 1008700K->781500K(1801728K), 0.1630147 secs] [Times: user=0.97 sys=0.00, real=0.16 secs] 
6215.291: [GC (Allocation Failure) [PSYoungGen: 403072K->151744K(499200K)] 1096380K->928901K(1897472K), 0.0530380 secs] [Times: user=0.31 sys=0.00, real=0.05 secs] 
6217.495: [GC (Allocation Failure) [PSYoungGen: 458432K->91648K(502784K)] 1235589K->1019701K(1901056K), 0.1682963 secs] [Times: user=1.00 sys=0.01, real=0.17 secs] 
6218.578: [GC (Allocation Failure) [PSYoungGen: 398336K->148928K(498688K)] 1326389K->1164330K(1896960K), 0.0538722 secs] [Times: user=0.32 sys=0.00, real=0.05 secs] 
6221.188: [GC (Allocation Failure) [PSYoungGen: 452544K->87232K(501248K)] 1467946K->1251286K(1899520K), 0.1694109 secs] [Times: user=1.00 sys=0.01, real=0.17 secs] 
6222.856: [GC (Allocation Failure) [PSYoungGen: 390848K->144832K(500736K)] 1554902K->1392051K(1899008K), 0.0498500 secs] [Times: user=0.30 sys=0.00, real=0.05 secs] 
6222.905: [Full GC (Ergonomics) [PSYoungGen: 144832K->0K(500736K)] [ParOldGen: 1247219K->195506K(1398272K)] 1392051K->195506K(1899008K), [Metaspace: 59715K->59715K(1105920K)], 0.4711268 secs] [Times: user=2.20 sys=0.00, real=0.47 secs] 
6224.750: [GC (Allocation Failure) [PSYoungGen: 303616K->98112K(401920K)] 499122K->293618K(1800192K), 0.0530057 secs] [Times: user=0.31 sys=0.00, real=0.05 secs] 
6228.380: [GC (Allocation Failure) [PSYoungGen: 401728K->140608K(499712K)] 597234K->430241K(1897984K), 0.0475547 secs] [Times: user=0.29 sys=0.00, real=0.05 secs] 
6229.920: [GC (Allocation Failure) [PSYoungGen: 445248K->101856K(499200K)] 734881K->522998K(1897472K), 0.0787047 secs] [Times: user=0.47 sys=0.00, real=0.08 secs] 
6232.439: [GC (Allocation Failure) [PSYoungGen: 406496K->139520K(501248K)] 827638K->659482K(1899520K), 0.0509822 secs] [Times: user=0.30 sys=0.00, real=0.05 secs] 
6233.748: [GC (Allocation Failure) [PSYoungGen: 449280K->105504K(500736K)] 969242K->755742K(1899008K), 0.0639456 secs] [Times: user=0.38 sys=0.00, real=0.06 secs] 
6235.486: [GC (Allocation Failure) [PSYoungGen: 415264K->141984K(502784K)] 1065502K->895936K(1901056K), 0.0755394 secs] [Times: user=0.44 sys=0.00, real=0.07 secs] 
6238.064: [GC (Allocation Failure) [PSYoungGen: 457376K->104672K(503808K)] 1211328K->991820K(1902080K), 0.0649533 secs] [Times: user=0.38 sys=0.00, real=0.07 secs] 
6239.763: [GC (Allocation Failure) [PSYoungGen: 420064K->146624K(505856K)] 1307212K->1136238K(1904128K), 0.0530768 secs] [Times: user=0.32 sys=0.00, real=0.06 secs] 
6242.540: [GC (Allocation Failure) [PSYoungGen: 467136K->108032K(508416K)] 1456750K->1235150K(1906688K), 0.0683652 secs] [Times: user=0.40 sys=0.00, real=0.07 secs] 
6244.434: [GC (Allocation Failure) [PSYoungGen: 428544K->149344K(506368K)] 1555662K->1381939K(1904640K), 0.0545816 secs] [Times: user=0.32 sys=0.00, real=0.06 secs] 
6244.489: [Full GC (Ergonomics) [PSYoungGen: 149344K->0K(506368K)] [ParOldGen: 1232595K->180141K(1398272K)] 1381939K->180141K(1904640K), [Metaspace: 59715K->59715K(1105920K)], 0.4253135 secs] [Times: user=1.97 sys=0.00, real=0.42 secs] 
6246.115: [GC (Allocation Failure) [PSYoungGen: 322048K->108064K(509952K)] 502189K->288205K(1908224K), 0.0335453 secs] [Times: user=0.20 sys=0.00, real=0.03 secs] 
6248.244: [GC (Allocation Failure) [PSYoungGen: 430112K->151008K(505856K)] 610253K->435394K(1904128K), 0.0527670 secs] [Times: user=0.31 sys=0.00, real=0.06 secs] 
6249.555: [GC (Allocation Failure) [PSYoungGen: 472032K->106752K(509952K)] 756418K->533002K(1908224K), 0.0657453 secs] [Times: user=0.39 sys=0.00, real=0.06 secs] 
6251.739: [GC (Allocation Failure) [PSYoungGen: 427776K->150784K(505856K)] 854026K->680087K(1904128K), 0.0518525 secs] [Times: user=0.31 sys=0.00, real=0.05 secs] 
6253.447: [GC (Allocation Failure) [PSYoungGen: 470784K->108032K(509440K)] 1000087K->778587K(1907712K), 0.1112999 secs] [Times: user=0.66 sys=0.01, real=0.11 secs] 
6254.200: [GC (Allocation Failure) [PSYoungGen: 414855K->144288K(508928K)] 1085410K->919861K(1907200K), 0.0519553 secs] [Times: user=0.30 sys=0.01, real=0.05 secs] 
6257.151: [GC (Allocation Failure) [PSYoungGen: 466848K->107584K(509952K)] 1242421K->1018789K(1908224K), 0.1072005 secs] [Times: user=0.64 sys=0.00, real=0.11 secs] 
6257.510: [GC (Allocation Failure) [PSYoungGen: 430144K->155168K(503808K)] 1341349K->1170455K(1902080K), 0.0524777 secs] [Times: user=0.30 sys=0.00, real=0.05 secs] 
6260.367: [GC (Allocation Failure) [PSYoungGen: 474144K->95392K(508928K)] 1489431K->1265363K(1907200K), 0.1163657 secs] [Times: user=0.69 sys=0.00, real=0.11 secs] 
6260.825: [GC (Allocation Failure) [PSYoungGen: 414368K->157056K(498176K)] 1584339K->1416660K(1896448K), 0.0553944 secs] [Times: user=0.33 sys=0.00, real=0.05 secs] 
6260.881: [Full GC (Ergonomics) [PSYoungGen: 157056K->0K(498176K)] [ParOldGen: 1259604K->215718K(1398272K)] 1416660K->215718K(1896448K), [Metaspace: 59715K->59715K(1105920K)], 0.5056417 secs] [Times: user=2.36 sys=0.00, real=0.51 secs] 
6264.398: [GC (Allocation Failure) [PSYoungGen: 308736K->88352K(503808K)] 524454K->304070K(1902080K), 0.1264264 secs] [Times: user=0.75 sys=0.00, real=0.12 secs] 
6264.962: [GC (Allocation Failure) [PSYoungGen: 397088K->151776K(497664K)] 612806K->450339K(1895936K), 0.0527783 secs] [Times: user=0.32 sys=0.00, real=0.05 secs] 
6267.653: [GC (Allocation Failure) [PSYoungGen: 453877K->88896K(500736K)] 752441K->538751K(1899008K), 0.0944981 secs] [Times: user=0.53 sys=0.00, real=0.10 secs] 
6268.209: [GC (Allocation Failure) [PSYoungGen: 380221K->138336K(496128K)] 830077K->673068K(1894400K), 0.0489859 secs] [Times: user=0.29 sys=0.00, real=0.05 secs] 
6270.303: [GC (Allocation Failure) [PSYoungGen: 441440K->97504K(498688K)] 976172K->761868K(1896960K), 0.0894739 secs] [Times: user=0.54 sys=0.00, real=0.09 secs] 
6271.392: [GC (Allocation Failure) [PSYoungGen: 400608K->156096K(494592K)] 1064972K->913749K(1892864K), 0.0487628 secs] [Times: user=0.29 sys=0.00, real=0.05 secs] 
6272.822: [GC (Allocation Failure) [PSYoungGen: 457664K->97984K(500224K)] 1215317K->994889K(1898496K), 0.0640186 secs] [Times: user=0.38 sys=0.01, real=0.07 secs] 
6275.188: [GC (Allocation Failure) [PSYoungGen: 399552K->143008K(498688K)] 1296457K->1134258K(1896960K), 0.0490802 secs] [Times: user=0.29 sys=0.00, real=0.05 secs] 
6276.562: [GC (Allocation Failure) [PSYoungGen: 447136K->98784K(500736K)] 1438386K->1224430K(1899008K), 0.0630026 secs] [Times: user=0.37 sys=0.00, real=0.07 secs] 
6279.097: [GC (Allocation Failure) [PSYoungGen: 402912K->141824K(500736K)] 1528558K->1363419K(1899008K), 0.0499586 secs] [Times: user=0.29 sys=0.00, real=0.05 secs] 
6279.147: [Full GC (Ergonomics) [PSYoungGen: 141824K->0K(500736K)] [ParOldGen: 1221595K->171274K(1398272K)] 1363419K->171274K(1899008K), [Metaspace: 59715K->59715K(1105920K)], 0.3862343 secs] [Times: user=1.76 sys=0.00, real=0.38 secs] 
6280.739: [GC (Allocation Failure) [PSYoungGen: 307200K->104192K(501248K)] 478474K->275466K(1899520K), 0.0371988 secs] [Times: user=0.22 sys=0.00, real=0.04 secs] 
6283.181: [GC (Allocation Failure) [PSYoungGen: 411392K->140800K(501760K)] 582666K->413815K(1900032K), 0.0521138 secs] [Times: user=0.30 sys=0.00, real=0.05 secs] 
6284.520: [GC (Allocation Failure) [PSYoungGen: 452096K->106720K(501760K)] 725111K->511679K(1900032K), 0.0640685 secs] [Times: user=0.38 sys=0.00, real=0.06 secs] 
6286.789: [GC (Allocation Failure) [PSYoungGen: 418016K->142816K(503808K)] 822975K->652060K(1902080K), 0.0527505 secs] [Times: user=0.31 sys=0.00, real=0.05 secs] 
6288.147: [GC (Allocation Failure) [PSYoungGen: 459744K->108416K(504832K)] 968988K->751548K(1903104K), 0.0677007 secs] [Times: user=0.38 sys=0.01, real=0.06 secs] 
6290.219: [GC (Allocation Failure) [PSYoungGen: 425344K->147040K(505856K)] 1068476K->896861K(1904128K), 0.0554322 secs] [Times: user=0.33 sys=0.00, real=0.05 secs] 
6292.744: [GC (Allocation Failure) [PSYoungGen: 468576K->108608K(508416K)] 1218397K->997293K(1906688K), 0.0662854 secs] [Times: user=0.39 sys=0.00, real=0.07 secs] 
6295.327: [GC (Allocation Failure) [PSYoungGen: 430144K->156768K(502784K)] 1318829K->1151118K(1901056K), 0.0538519 secs] [Times: user=0.32 sys=0.00, real=0.05 secs] 
6296.670: [GC (Allocation Failure) [PSYoungGen: 475744K->109312K(508928K)] 1470094K->1243018K(1907200K), 0.0661505 secs] [Times: user=0.39 sys=0.00, real=0.07 secs] 
6299.420: [GC (Allocation Failure) [PSYoungGen: 428288K->157056K(500736K)] 1561994K->1396223K(1899008K), 0.0538110 secs] [Times: user=0.32 sys=0.00, real=0.05 secs] 
6299.474: [Full GC (Ergonomics) [PSYoungGen: 157056K->0K(500736K)] [ParOldGen: 1239167K->184794K(1398272K)] 1396223K->184794K(1899008K), [Metaspace: 59715K->59715K(1105920K)], 0.4335562 secs] [Times: user=2.01 sys=0.00, real=0.44 secs] 
6301.095: [GC (Allocation Failure) [PSYoungGen: 313856K->105952K(506368K)] 498650K->290746K(1904640K), 0.0324840 secs] [Times: user=0.19 sys=0.01, real=0.04 secs] 
6303.559: [GC (Allocation Failure) [PSYoungGen: 419808K->147936K(505856K)] 604602K->432651K(1904128K), 0.0512726 secs] [Times: user=0.31 sys=0.00, real=0.05 secs] 
6304.979: [GC (Allocation Failure) [PSYoungGen: 463840K->108384K(424448K)] 748555K->531931K(1822720K), 0.0810643 secs] [Times: user=0.48 sys=0.00, real=0.08 secs] 
6306.234: [GC (Allocation Failure) [PSYoungGen: 424288K->148800K(503296K)] 847835K->676628K(1901568K), 0.0530468 secs] [Times: user=0.32 sys=0.00, real=0.06 secs] 
6307.868: [GC (Allocation Failure) [PSYoungGen: 463680K->105440K(505856K)] 991508K->772620K(1904128K), 0.0843804 secs] [Times: user=0.50 sys=0.00, real=0.08 secs] 
6309.078: [GC (Allocation Failure) [PSYoungGen: 416336K->150784K(504320K)] 1083516K->920225K(1902592K), 0.0514703 secs] [Times: user=0.31 sys=0.00, real=0.05 secs] 
6311.072: [GC (Allocation Failure) [PSYoungGen: 466688K->99648K(507392K)] 1236129K->1011441K(1905664K), 0.1065648 secs] [Times: user=0.64 sys=0.00, real=0.11 secs] 
6313.410: [GC (Allocation Failure) [PSYoungGen: 415552K->148864K(504832K)] 1327345K->1156390K(1903104K), 0.0499517 secs] [Times: user=0.30 sys=0.00, real=0.05 secs] 
6314.797: [GC (Allocation Failure) [PSYoungGen: 463744K->102976K(506880K)] 1471270K->1250238K(1905152K), 0.0694184 secs] [Times: user=0.41 sys=0.00, real=0.07 secs] 
6316.344: [GC (Allocation Failure) [PSYoungGen: 417856K->147808K(504832K)] 1565118K->1394850K(1903104K), 0.0513186 secs] [Times: user=0.30 sys=0.00, real=0.06 secs] 
6316.395: [Full GC (Ergonomics) [PSYoungGen: 147808K->0K(504832K)] [ParOldGen: 1247042K->194013K(1398272K)] 1394850K->194013K(1903104K), [Metaspace: 59715K->59715K(1105920K)], 0.4582970 secs] [Times: user=2.11 sys=0.00, real=0.45 secs] 
6318.732: [GC (Allocation Failure) [PSYoungGen: 314880K->103232K(418304K)] 508893K->297245K(1816576K), 0.0315091 secs] [Times: user=0.19 sys=0.00, real=0.03 secs] 
6320.133: [GC (Allocation Failure) [PSYoungGen: 418112K->150144K(503296K)] 612125K->443626K(1901568K), 0.0500468 secs] [Times: user=0.29 sys=0.00, real=0.05 secs] 
6321.978: [GC (Allocation Failure) [PSYoungGen: 464000K->104640K(506368K)] 757482K->538838K(1904640K), 0.0678230 secs] [Times: user=0.40 sys=0.00, real=0.07 secs] 
6323.414: [GC (Allocation Failure) [PSYoungGen: 418496K->147232K(505344K)] 852694K->681459K(1903616K), 0.0507696 secs] [Times: user=0.30 sys=0.01, real=0.05 secs] 
6325.556: [GC (Allocation Failure) [PSYoungGen: 462624K->102144K(506880K)] 996851K->774515K(1905152K), 0.1566146 secs] [Times: user=0.92 sys=0.01, real=0.15 secs] 
6326.452: [GC (Allocation Failure) [PSYoungGen: 412541K->151008K(503296K)] 1084912K->921256K(1901568K), 0.0497820 secs] [Times: user=0.29 sys=0.00, real=0.05 secs] 
6328.536: [GC (Allocation Failure) [PSYoungGen: 464864K->100352K(506368K)] 1235112K->1013016K(1904640K), 0.0641720 secs] [Times: user=0.38 sys=0.00, real=0.06 secs] 
6329.806: [GC (Allocation Failure) [PSYoungGen: 414208K->149376K(502784K)] 1326872K->1159260K(1901056K), 0.0504581 secs] [Times: user=0.30 sys=0.00, real=0.05 secs] 
6331.841: [GC (Allocation Failure) [PSYoungGen: 461184K->101568K(505344K)] 1471068K->1252356K(1903616K), 0.0657341 secs] [Times: user=0.39 sys=0.00, real=0.07 secs] 
6332.719: [GC (Allocation Failure) [PSYoungGen: 411900K->148576K(502784K)] 1562689K->1397830K(1901056K), 0.0502118 secs] [Times: user=0.29 sys=0.00, real=0.05 secs] 
6332.769: [Full GC (Ergonomics) [PSYoungGen: 148576K->0K(502784K)] [ParOldGen: 1249254K->196275K(1398272K)] 1397830K->196275K(1901056K), [Metaspace: 59715K->59715K(1105920K)], 0.4740405 secs] [Times: user=2.20 sys=0.00, real=0.47 secs] 
6335.174: [GC (Allocation Failure) [PSYoungGen: 311808K->99488K(505344K)] 508083K->295763K(1903616K), 0.0401920 secs] [Times: user=0.24 sys=0.01, real=0.04 secs] 
6336.427: [GC (Allocation Failure) [PSYoungGen: 411296K->149280K(502272K)] 607571K->441156K(1900544K), 0.0483386 secs] [Times: user=0.28 sys=0.01, real=0.05 secs] 
6339.035: [GC (Allocation Failure) [PSYoungGen: 460064K->100928K(504832K)] 751940K->533684K(1903104K), 0.0681335 secs] [Times: user=0.41 sys=0.01, real=0.06 secs] 
6339.912: [GC (Allocation Failure) [PSYoungGen: 411712K->149120K(502272K)] 844468K->679319K(1900544K), 0.0492019 secs] [Times: user=0.29 sys=0.00, real=0.05 secs] 
6341.678: [GC (Allocation Failure) [PSYoungGen: 459904K->103616K(504832K)] 990103K->774271K(1903104K), 0.0635251 secs] [Times: user=0.37 sys=0.00, real=0.06 secs] 
6343.078: [GC (Allocation Failure) [PSYoungGen: 414400K->150880K(501248K)] 1085055K->919568K(1899520K), 0.0500922 secs] [Times: user=0.30 sys=0.00, real=0.05 secs] 
6346.170: [GC (Allocation Failure) [PSYoungGen: 460640K->97824K(504320K)] 1229328K->1009024K(1902592K), 0.0649861 secs] [Times: user=0.38 sys=0.00, real=0.06 secs] 
6346.987: [GC (Allocation Failure) [PSYoungGen: 407584K->150848K(500736K)] 1318784K->1156497K(1899008K), 0.0493348 secs] [Times: user=0.29 sys=0.00, real=0.05 secs] 
6348.274: [GC (Allocation Failure) [PSYoungGen: 458560K->98592K(503296K)] 1464209K->1246509K(1901568K), 0.0656904 secs] [Times: user=0.39 sys=0.00, real=0.07 secs] 
6350.476: [GC (Allocation Failure) [PSYoungGen: 406304K->148384K(501248K)] 1554221K->1391166K(1899520K), 0.0496811 secs] [Times: user=0.29 sys=0.00, real=0.05 secs] 
6350.526: [Full GC (Ergonomics) [PSYoungGen: 148384K->0K(501248K)] [ParOldGen: 1242782K->190794K(1398272K)] 1391166K->190794K(1899520K), [Metaspace: 59715K->59715K(1105920K)], 0.4522061 secs] [Times: user=2.10 sys=0.00, real=0.45 secs] 
6352.142: [GC (Allocation Failure) [PSYoungGen: 307712K->99072K(503296K)] 498506K->289866K(1901568K), 0.0310426 secs] [Times: user=0.19 sys=0.00, real=0.03 secs] 
6354.438: [GC (Allocation Failure) [PSYoungGen: 406784K->146880K(501760K)] 597578K->432685K(1900032K), 0.0490766 secs] [Times: user=0.29 sys=0.00, real=0.05 secs] 
6355.995: [GC (Allocation Failure) [PSYoungGen: 455104K->103296K(411648K)] 740909K->526633K(1809920K), 0.0746797 secs] [Times: user=0.44 sys=0.00, real=0.08 secs] 
6358.087: [GC (Allocation Failure) [PSYoungGen: 411520K->145408K(500736K)] 834857K->668242K(1899008K), 0.0509457 secs] [Times: user=0.30 sys=0.00, real=0.05 secs] 
6359.780: [GC (Allocation Failure) [PSYoungGen: 454144K->103712K(502272K)] 976978K->762754K(1900544K), 0.0645617 secs] [Times: user=0.38 sys=0.00, real=0.06 secs] 
6362.048: [GC (Allocation Failure) [PSYoungGen: 412448K->142304K(503808K)] 1071490K->902418K(1902080K), 0.0509756 secs] [Times: user=0.30 sys=0.01, real=0.05 secs] 
6363.365: [GC (Allocation Failure) [PSYoungGen: 455648K->107968K(503808K)] 1215762K->1000707K(1902080K), 0.0664337 secs] [Times: user=0.40 sys=0.00, real=0.07 secs] 
6364.487: [GC (Allocation Failure) [PSYoungGen: 421312K->148352K(502784K)] 1314051K->1146415K(1901056K), 0.0536093 secs] [Times: user=0.32 sys=0.01, real=0.05 secs] 
6365.801: [GC (Allocation Failure) [PSYoungGen: 463744K->104768K(505344K)] 1461807K->1242279K(1903616K), 0.0645769 secs] [Times: user=0.39 sys=0.00, real=0.07 secs] 
6368.188: [GC (Allocation Failure) [PSYoungGen: 420160K->152384K(503296K)] 1557671K->1390700K(1901568K), 0.0530476 secs] [Times: user=0.31 sys=0.00, real=0.05 secs] 
6368.242: [Full GC (Ergonomics) [PSYoungGen: 152384K->0K(503296K)] [ParOldGen: 1238316K->189625K(1398272K)] 1390700K->189625K(1901568K), [Metaspace: 59715K->59715K(1105920K)], 0.4577456 secs] [Times: user=2.14 sys=0.00, real=0.46 secs] 
6370.069: [GC (Allocation Failure) [PSYoungGen: 315904K->102464K(507392K)] 505529K->292089K(1905664K), 0.0344725 secs] [Times: user=0.21 sys=0.00, real=0.03 secs] 
6372.802: [GC (Allocation Failure) [PSYoungGen: 418368K->155808K(499712K)] 607993K->443910K(1897984K), 0.0506505 secs] [Times: user=0.30 sys=0.01, real=0.05 secs] 
6374.087: [GC (Allocation Failure) [PSYoungGen: 466592K->104992K(504832K)] 754694K->531214K(1903104K), 0.0642650 secs] [Times: user=0.38 sys=0.00, real=0.06 secs] 
6376.262: [GC (Allocation Failure) [PSYoungGen: 415776K->146624K(504320K)] 841998K->674387K(1902592K), 0.0514379 secs] [Times: user=0.31 sys=0.00, real=0.05 secs] 
6377.615: [GC (Allocation Failure) [PSYoungGen: 459456K->104672K(417792K)] 987219K->769995K(1816064K), 0.0654432 secs] [Times: user=0.38 sys=0.00, real=0.07 secs] 
6379.028: [GC (Allocation Failure) [PSYoungGen: 417504K->149824K(501248K)] 1082827K->916697K(1899520K), 0.0523797 secs] [Times: user=0.31 sys=0.00, real=0.05 secs] 
6381.431: [GC (Allocation Failure) [PSYoungGen: 461120K->101280K(504320K)] 1227993K->1009441K(1902592K), 0.0650499 secs] [Times: user=0.39 sys=0.00, real=0.07 secs] 
6383.224: [GC (Allocation Failure) [PSYoungGen: 412576K->153760K(499712K)] 1320737K->1159614K(1897984K), 0.0512180 secs] [Times: user=0.30 sys=0.00, real=0.06 secs] 
6384.582: [GC (Allocation Failure) [PSYoungGen: 462496K->104000K(503808K)] 1468350K->1245986K(1902080K), 0.0659779 secs] [Times: user=0.39 sys=0.00, real=0.07 secs] 
6385.437: [GC (Allocation Failure) [PSYoungGen: 412736K->150752K(501248K)] 1554722K->1393071K(1899520K), 0.0527469 secs] [Times: user=0.31 sys=0.00, real=0.05 secs] 
6385.490: [Full GC (Ergonomics) [PSYoungGen: 150752K->0K(501248K)] [ParOldGen: 1242319K->192625K(1398272K)] 1393071K->192625K(1899520K), [Metaspace: 59715K->59715K(1105920K)], 0.4542727 secs] [Times: user=2.10 sys=0.00, real=0.45 secs] 
6387.189: [GC (Allocation Failure) [PSYoungGen: 308736K->98912K(503808K)] 501361K->291537K(1902080K), 0.0327012 secs] [Times: user=0.19 sys=0.00, real=0.03 secs] 
6389.294: [GC (Allocation Failure) [PSYoungGen: 407648K->147904K(501760K)] 600273K->435478K(1900032K), 0.0491553 secs] [Times: user=0.29 sys=0.00, real=0.05 secs] 
6390.647: [GC (Allocation Failure) [PSYoungGen: 456640K->103488K(412672K)] 744214K->529870K(1810944K), 0.0673188 secs] [Times: user=0.37 sys=0.00, real=0.06 secs] 
6392.846: [GC (Allocation Failure) [PSYoungGen: 412224K->146624K(501248K)] 838606K->670274K(1899520K), 0.0501121 secs] [Times: user=0.29 sys=0.00, real=0.05 secs] 
6394.144: [GC (Allocation Failure) [PSYoungGen: 455872K->103904K(502784K)] 979522K->765467K(1901056K), 0.0652478 secs] [Times: user=0.39 sys=0.00, real=0.07 secs] 
6396.312: [GC (Allocation Failure) [PSYoungGen: 413152K->145056K(503296K)] 1074715K->904783K(1901568K), 0.0517249 secs] [Times: user=0.29 sys=0.01, real=0.05 secs] 
6397.608: [GC (Allocation Failure) [PSYoungGen: 456096K->105120K(504320K)] 1215824K->1000647K(1902592K), 0.0643265 secs] [Times: user=0.38 sys=0.00, real=0.06 secs] 
6399.976: [GC (Allocation Failure) [PSYoungGen: 417440K->144064K(503808K)] 1312967K->1141796K(1902080K), 0.0527241 secs] [Times: user=0.31 sys=0.00, real=0.05 secs] 
6401.284: [GC (Allocation Failure) [PSYoungGen: 458944K->106784K(504832K)] 1456676K->1239740K(1903104K), 0.0656994 secs] [Times: user=0.39 sys=0.00, real=0.07 secs] 
6402.092: [GC (Allocation Failure) [PSYoungGen: 421664K->152512K(502784K)] 1554620K->1388894K(1901056K), 0.0539457 secs] [Times: user=0.32 sys=0.01, real=0.06 secs] 
6402.146: [Full GC (Ergonomics) [PSYoungGen: 152512K->0K(502784K)] [ParOldGen: 1236382K->189658K(1398272K)] 1388894K->189658K(1901056K), [Metaspace: 59715K->59715K(1105920K)], 0.4433064 secs] [Times: user=2.04 sys=0.00, real=0.44 secs] 
6403.771: [GC (Allocation Failure) [PSYoungGen: 315904K->102496K(506880K)] 505562K->292154K(1905152K), 0.0317345 secs] [Times: user=0.19 sys=0.01, real=0.03 secs] 
6406.016: [GC (Allocation Failure) [PSYoungGen: 418400K->152992K(501760K)] 608058K->441079K(1900032K), 0.0506915 secs] [Times: user=0.30 sys=0.00, real=0.05 secs] 
6407.756: [GC (Allocation Failure) [PSYoungGen: 465824K->102048K(505856K)] 753911K->534463K(1904128K), 0.1196314 secs] [Times: user=0.71 sys=0.01, real=0.12 secs] 
6409.934: [GC (Allocation Failure) [PSYoungGen: 414880K->149920K(502784K)] 847295K->680659K(1901056K), 0.0502523 secs] [Times: user=0.29 sys=0.00, real=0.05 secs] 
6411.597: [GC (Allocation Failure) [PSYoungGen: 461728K->99936K(505344K)] 992467K->771919K(1903616K), 0.1082834 secs] [Times: user=0.65 sys=0.00, real=0.11 secs] 
6413.555: [GC (Allocation Failure) [PSYoungGen: 411744K->150944K(501248K)] 1083727K->918828K(1899520K), 0.0493754 secs] [Times: user=0.30 sys=0.00, real=0.04 secs] 
6415.380: [GC (Allocation Failure) [PSYoungGen: 460704K->100896K(504320K)] 1228588K->1011188K(1902592K), 0.0684681 secs] [Times: user=0.40 sys=0.00, real=0.07 secs] 
6417.747: [GC (GCLocker Initiated GC) [PSYoungGen: 410656K->143968K(503296K)] 1320948K->1151809K(1901568K), 0.0498812 secs] [Times: user=0.30 sys=0.00, real=0.05 secs] 
6419.186: [GC (Allocation Failure) [PSYoungGen: 455776K->102848K(504320K)] 1463620K->1245972K(1902592K), 0.0645097 secs] [Times: user=0.38 sys=0.00, real=0.06 secs] 
6421.788: [GC (Allocation Failure) [PSYoungGen: 414656K->147072K(503808K)] 1557780K->1389121K(1902080K), 0.0512496 secs] [Times: user=0.30 sys=0.00, real=0.05 secs] 
6421.839: [Full GC (Ergonomics) [PSYoungGen: 147072K->0K(503808K)] [ParOldGen: 1242049K->188192K(1398272K)] 1389121K->188192K(1902080K), [Metaspace: 59716K->59716K(1105920K)], 0.4373131 secs] [Times: user=2.02 sys=0.00, real=0.44 secs] 
6423.467: [GC (Allocation Failure) [PSYoungGen: 313344K->104000K(505344K)] 501536K->292192K(1903616K), 0.0315465 secs] [Times: user=0.19 sys=0.00, real=0.03 secs] 
6425.521: [GC (Allocation Failure) [PSYoungGen: 417344K->151104K(502272K)] 605536K->439053K(1900544K), 0.0509410 secs] [Times: user=0.30 sys=0.00, real=0.05 secs] 
6426.963: [GC (Allocation Failure) [PSYoungGen: 463936K->103904K(505856K)] 751885K->534317K(1904128K), 0.0653889 secs] [Times: user=0.39 sys=0.00, real=0.07 secs] 
6429.594: [GC (Allocation Failure) [PSYoungGen: 416736K->148416K(503808K)] 847149K->676614K(1902080K), 0.0504302 secs] [Times: user=0.30 sys=0.00, real=0.05 secs] 
6431.253: [GC (Allocation Failure) [PSYoungGen: 462272K->104064K(506368K)] 990470K->772082K(1904640K), 0.1051768 secs] [Times: user=0.63 sys=0.00, real=0.11 secs] 
6432.973: [GC (Allocation Failure) [PSYoungGen: 417920K->149792K(503808K)] 1085938K->917431K(1902080K), 0.0510286 secs] [Times: user=0.31 sys=0.00, real=0.05 secs] 
6434.843: [GC (Allocation Failure) [PSYoungGen: 463648K->101888K(506368K)] 1231287K->1010779K(1904640K), 0.1439545 secs] [Times: user=0.86 sys=0.00, real=0.15 secs] 
6435.971: [GC (Allocation Failure) [PSYoungGen: 414043K->151264K(502272K)] 1322934K->1158587K(1900544K), 0.0617439 secs] [Times: user=0.36 sys=0.00, real=0.06 secs] 
6438.372: [GC (Allocation Failure) [PSYoungGen: 463072K->100864K(505344K)] 1470395K->1251203K(1903616K), 0.1229381 secs] [Times: user=0.73 sys=0.00, real=0.13 secs] 
6440.472: [GC (Allocation Failure) [PSYoungGen: 412672K->147552K(503296K)] 1563011K->1394496K(1901568K), 0.0494010 secs] [Times: user=0.29 sys=0.00, real=0.05 secs] 
6440.521: [Full GC (Ergonomics) [PSYoungGen: 147552K->0K(503296K)] [ParOldGen: 1246944K->193250K(1398272K)] 1394496K->193250K(1901568K), [Metaspace: 59716K->59716K(1105920K)], 0.4545462 secs] [Times: user=2.11 sys=0.00, real=0.46 secs] 
6442.242: [GC (Allocation Failure) [PSYoungGen: 311808K->102720K(414720K)] 505058K->295970K(1812992K), 0.0397697 secs] [Times: user=0.24 sys=0.00, real=0.04 secs] 
6443.996: [GC (Allocation Failure) [PSYoungGen: 414528K->148704K(502784K)] 607778K->440323K(1901056K), 0.0495578 secs] [Times: user=0.30 sys=0.00, real=0.05 secs] 
6445.476: [GC (GCLocker Initiated GC) [PSYoungGen: 460512K->103456K(504832K)] 752131K->534887K(1903104K), 0.0641808 secs] [Times: user=0.38 sys=0.00, real=0.06 secs] 
6447.095: [GC (Allocation Failure) [PSYoungGen: 415264K->148320K(502784K)] 846697K->678678K(1901056K), 0.0504097 secs] [Times: user=0.30 sys=0.00, real=0.05 secs] 
6448.414: [GC (Allocation Failure) [PSYoungGen: 460640K->103872K(505344K)] 990998K->773822K(1903616K), 0.0652182 secs] [Times: user=0.39 sys=0.00, real=0.07 secs] 
6450.433: [GC (Allocation Failure) [PSYoungGen: 416192K->147552K(503296K)] 1086142K->917619K(1901568K), 0.0507778 secs] [Times: user=0.30 sys=0.00, real=0.05 secs] 
6451.772: [GC (Allocation Failure) [PSYoungGen: 460896K->104608K(505344K)] 1230963K->1013515K(1903616K), 0.0698503 secs] [Times: user=0.41 sys=0.00, real=0.07 secs] 
6452.531: [GC (Allocation Failure) [PSYoungGen: 410106K->148832K(503808K)] 1319013K->1159168K(1902080K), 0.0509833 secs] [Times: user=0.30 sys=0.00, real=0.05 secs] 
6454.369: [GC (Allocation Failure) [PSYoungGen: 463200K->100288K(506368K)] 1473536K->1251104K(1904640K), 0.0819543 secs] [Times: user=0.49 sys=0.00, real=0.08 secs] 
6456.819: [GC (Allocation Failure) [PSYoungGen: 414656K->145920K(505856K)] 1565472K->1393445K(1904128K), 0.0499149 secs] [Times: user=0.29 sys=0.00, real=0.05 secs] 
6456.869: [Full GC (Ergonomics) [PSYoungGen: 145920K->0K(505856K)] [ParOldGen: 1247525K->191802K(1398272K)] 1393445K->191802K(1904128K), [Metaspace: 59716K->59716K(1105920K)], 0.4503864 secs] [Times: user=2.08 sys=0.00, real=0.45 secs] 
6458.529: [GC (Allocation Failure) [PSYoungGen: 315904K->103648K(419840K)] 507706K->295450K(1818112K), 0.0317792 secs] [Times: user=0.18 sys=0.00, real=0.03 secs] 
6460.994: [GC (Allocation Failure) [PSYoungGen: 419552K->149856K(503296K)] 611354K->441015K(1901568K), 0.0499959 secs] [Times: user=0.30 sys=0.00, real=0.05 secs] 
6462.838: [GC (GCLocker Initiated GC) [PSYoungGen: 464224K->103520K(506368K)] 755383K->535183K(1904640K), 0.1105849 secs] [Times: user=0.66 sys=0.01, real=0.11 secs] 
6464.871: [GC (Allocation Failure) [PSYoungGen: 417888K->149280K(504320K)] 849554K->680175K(1902592K), 0.0502082 secs] [Times: user=0.29 sys=0.00, real=0.05 secs] 
6466.674: [GC (Allocation Failure) [PSYoungGen: 464160K->104288K(506880K)] 995055K->775435K(1905152K), 0.1205249 secs] [Times: user=0.72 sys=0.00, real=0.12 secs] 
6468.218: [GC (Allocation Failure) [PSYoungGen: 418962K->148512K(504320K)] 1090109K->919980K(1902592K), 0.0508461 secs] [Times: user=0.30 sys=0.00, real=0.05 secs] 
6470.188: [GC (Allocation Failure) [PSYoungGen: 463392K->104768K(419840K)] 1234860K->1016440K(1818112K), 0.1498259 secs] [Times: user=0.89 sys=0.01, real=0.15 secs] 
6471.393: [GC (Allocation Failure) [PSYoungGen: 413477K->146592K(504320K)] 1325149K->1159212K(1902592K), 0.0508419 secs] [Times: user=0.31 sys=0.00, real=0.05 secs] 
6473.333: [GC (Allocation Failure) [PSYoungGen: 461984K->104352K(506368K)] 1474604K->1254532K(1904640K), 0.1203802 secs] [Times: user=0.72 sys=0.00, real=0.12 secs] 
6474.563: [GC (Allocation Failure) [PSYoungGen: 410375K->146368K(505856K)] 1560556K->1396937K(1904128K), 0.0504599 secs] [Times: user=0.30 sys=0.00, real=0.05 secs] 
6474.613: [Full GC (Ergonomics) [PSYoungGen: 146368K->0K(505856K)] [ParOldGen: 1250569K->196075K(1398272K)] 1396937K->196075K(1904128K), [Metaspace: 59716K->59716K(1105920K)], 0.4673758 secs] [Times: user=2.16 sys=0.00, real=0.47 secs] 
6477.197: [GC (Allocation Failure) [PSYoungGen: 317440K->101696K(507392K)] 513515K->297771K(1905664K), 0.0690882 secs] [Times: user=0.40 sys=0.00, real=0.07 secs] 
6479.324: [GC (Allocation Failure) [PSYoungGen: 419136K->150048K(504832K)] 615211K->443448K(1903104K), 0.0484498 secs] [Times: user=0.28 sys=0.00, real=0.05 secs] 
6480.886: [GC (Allocation Failure) [PSYoungGen: 466976K->103424K(507904K)] 760376K->538160K(1906176K), 0.1045092 secs] [Times: user=0.62 sys=0.00, real=0.10 secs] 
6481.938: [GC (Allocation Failure) [PSYoungGen: 414828K->146496K(506880K)] 849564K->681389K(1905152K), 0.0500298 secs] [Times: user=0.30 sys=0.00, real=0.05 secs] 
6484.212: [GC (Allocation Failure) [PSYoungGen: 464448K->103168K(421376K)] 999341K->776333K(1819648K), 0.1004281 secs] [Times: user=0.60 sys=0.00, real=0.10 secs] 
6485.064: [GC (Allocation Failure) [PSYoungGen: 412284K->147648K(504832K)] 1085449K->920182K(1903104K), 0.0496426 secs] [Times: user=0.30 sys=0.00, real=0.05 secs] 
6487.591: [GC (GCLocker Initiated GC) [PSYoungGen: 464576K->102752K(507392K)] 1237111K->1014455K(1905664K), 0.0635995 secs] [Times: user=0.38 sys=0.00, real=0.06 secs] 
6488.072: [GC (Allocation Failure) [PSYoungGen: 419680K->141824K(507904K)] 1347769K->1169978K(1906176K), 0.2421024 secs] [Times: user=1.45 sys=0.01, real=0.24 secs] 
6491.890: [GC (Allocation Failure) [PSYoungGen: 461824K->93568K(508416K)] 1489978K->1264090K(1906688K), 0.4142881 secs] [Times: user=2.48 sys=0.01, real=0.41 secs] 
6492.651: [GC (Allocation Failure) [PSYoungGen: 413568K->154144K(501248K)] 1584090K->1414615K(1899520K), 0.0552128 secs] [Times: user=0.33 sys=0.00, real=0.06 secs] 
6492.706: [Full GC (Ergonomics) [PSYoungGen: 154144K->0K(501248K)] [ParOldGen: 1260471K->211980K(1398272K)] 1414615K->211980K(1899520K), [Metaspace: 59716K->59716K(1105920K)], 0.4996900 secs] [Times: user=2.32 sys=0.00, real=0.50 secs] 
6495.137: [GC (Allocation Failure) [PSYoungGen: 313856K->93120K(506368K)] 525836K->305100K(1904640K), 0.1094249 secs] [Times: user=0.65 sys=0.00, real=0.11 secs] 
6495.780: [GC (Allocation Failure) [PSYoungGen: 406976K->153280K(498176K)] 618956K->451949K(1896448K), 0.0535385 secs] [Times: user=0.32 sys=0.00, real=0.05 secs] 
6497.159: [GC (Allocation Failure) [PSYoungGen: 459968K->91936K(502784K)] 758637K->543917K(1901056K), 0.0750971 secs] [Times: user=0.45 sys=0.00, real=0.07 secs] 
6497.780: [GC (Allocation Failure) [PSYoungGen: 398624K->146656K(500736K)] 850605K->683810K(1899008K), 0.0535139 secs] [Times: user=0.32 sys=0.00, real=0.05 secs] 
6499.103: [GC (Allocation Failure) [PSYoungGen: 450312K->94080K(399872K)] 987466K->776826K(1798144K), 0.0660765 secs] [Times: user=0.39 sys=0.00, real=0.07 secs] 
6499.515: [GC (Allocation Failure) [PSYoungGen: 385745K->138432K(502784K)] 1068491K->911559K(1901056K), 0.0501493 secs] [Times: user=0.29 sys=0.00, real=0.05 secs] 
Heap
 PSYoungGen      total 502784K, used 347696K [0x00000000d5580000, 0x0000000100000000, 0x0000000100000000)
  eden space 308224