5.545: [GC (Allocation Failure) [PSYoungGen: 128000K->12445K(148992K)] 128000K->12533K(488960K), 0.0149284 secs] [Times: user=0.02 sys=0.00, real=0.02 secs] 
5.922: [GC (Metadata GC Threshold) [PSYoungGen: 48841K->6081K(148992K)] 48929K->6177K(488960K), 0.0046346 secs] [Times: user=0.01 sys=0.01, real=0.00 secs] 
5.927: [Full GC (Metadata GC Threshold) [PSYoungGen: 6081K->0K(148992K)] [ParOldGen: 96K->5936K(179200K)] 6177K->5936K(328192K), [Metaspace: 20453K->20453K(1067008K)], 0.0210542 secs] [Times: user=0.06 sys=0.01, real=0.03 secs] 
7.206: [GC (Allocation Failure) [PSYoungGen: 128000K->9806K(148992K)] 133936K->15750K(328192K), 0.0034388 secs] [Times: user=0.02 sys=0.00, real=0.01 secs] 
7.796: [GC (Metadata GC Threshold) [PSYoungGen: 38162K->4631K(148992K)] 44106K->10583K(328192K), 0.0025983 secs] [Times: user=0.01 sys=0.00, real=0.01 secs] 
7.798: [Full GC (Metadata GC Threshold) [PSYoungGen: 4631K->0K(148992K)] [ParOldGen: 5952K->8895K(302592K)] 10583K->8895K(451584K), [Metaspace: 33731K->33731K(1079296K)], 0.0370583 secs] [Times: user=0.07 sys=0.00, real=0.03 secs] 
9.138: [GC (Allocation Failure) [PSYoungGen: 128000K->12856K(148992K)] 136895K->21760K(451584K), 0.0039331 secs] [Times: user=0.01 sys=0.00, real=0.00 secs] 
9.839: [GC (Allocation Failure) [PSYoungGen: 138657K->12598K(179200K)] 147561K->54278K(481792K), 0.0131061 secs] [Times: user=0.06 sys=0.01, real=0.01 secs] 
10.708: [GC (Allocation Failure) [PSYoungGen: 174004K->4752K(180224K)] 215684K->111976K(482816K), 0.0115354 secs] [Times: user=0.04 sys=0.02, real=0.01 secs] 
11.339: [GC (Allocation Failure) [PSYoungGen: 162784K->4800K(253440K)] 270007K->177559K(556032K), 0.0097997 secs] [Times: user=0.06 sys=0.00, real=0.01 secs] 
12.408: [GC (Allocation Failure) [PSYoungGen: 241344K->5184K(253440K)] 414103K->276256K(556032K), 0.0104732 secs] [Times: user=0.05 sys=0.01, real=0.01 secs] 
12.419: [Full GC (Ergonomics) [PSYoungGen: 5184K->0K(253440K)] [ParOldGen: 271071K->209314K(688128K)] 276256K->209314K(941568K), [Metaspace: 52571K->52571K(1097728K)], 0.0568001 secs] [Times: user=0.26 sys=0.00, real=0.05 secs] 
13.713: [GC (Allocation Failure) [PSYoungGen: 236544K->10429K(307712K)] 445858K->227943K(995840K), 0.0035301 secs] [Times: user=0.01 sys=0.00, real=0.00 secs] 
15.093: [GC (Allocation Failure) [PSYoungGen: 307389K->1805K(315392K)] 524903K->219327K(1003520K), 0.0019390 secs] [Times: user=0.01 sys=0.00, real=0.00 secs] 
16.613: [GC (Allocation Failure) [PSYoungGen: 300159K->2000K(367616K)] 517681K->219530K(1055744K), 0.0024590 secs] [Times: user=0.01 sys=0.01, real=0.00 secs] 
18.834: [GC (Allocation Failure) [PSYoungGen: 358352K->2080K(373248K)] 575882K->219610K(1061376K), 0.0021910 secs] [Times: user=0.01 sys=0.00, real=0.00 secs] 
20.597: [GC (Allocation Failure) [PSYoungGen: 358432K->1824K(415744K)] 575962K->219354K(1103872K), 0.0026332 secs] [Times: user=0.01 sys=0.01, real=0.01 secs] 
23.369: [GC (Allocation Failure) [PSYoungGen: 400111K->2552K(423424K)] 617641K->220090K(1111552K), 0.0052817 secs] [Times: user=0.02 sys=0.00, real=0.00 secs] 
25.878: [GC (Allocation Failure) [PSYoungGen: 409080K->2301K(458752K)] 626618K->219839K(1146880K), 0.0024494 secs] [Times: user=0.01 sys=0.01, real=0.00 secs] 
29.437: [GC (Allocation Failure) [PSYoungGen: 453373K->2157K(466944K)] 670911K->219695K(1155072K), 0.0020349 secs] [Times: user=0.01 sys=0.00, real=0.00 secs] 
31.614: [GC (Allocation Failure) [PSYoungGen: 453229K->2157K(485888K)] 670767K->219703K(1174016K), 0.0020676 secs] [Times: user=0.00 sys=0.00, real=0.00 secs] 
34.016: [GC (Allocation Failure) [PSYoungGen: 477293K->2288K(489984K)] 694839K->219834K(1178112K), 0.0027672 secs] [Times: user=0.01 sys=0.00, real=0.01 secs] 
37.297: [GC (Allocation Failure) [PSYoungGen: 477424K->2336K(512000K)] 694970K->252650K(1200128K), 0.0057294 secs] [Times: user=0.03 sys=0.00, real=0.00 secs] 
41.564: [GC (Allocation Failure) [PSYoungGen: 501024K->2288K(512512K)] 751338K->252610K(1200640K), 0.0032071 secs] [Times: user=0.01 sys=0.00, real=0.01 secs] 
45.832: [GC (Allocation Failure) [PSYoungGen: 500976K->2352K(531968K)] 751298K->252674K(1220096K), 0.0058939 secs] [Times: user=0.02 sys=0.00, real=0.01 secs] 
49.640: [GC (Allocation Failure) [PSYoungGen: 522544K->2288K(532992K)] 772866K->252610K(1221120K), 0.0026367 secs] [Times: user=0.01 sys=0.00, real=0.00 secs] 
52.384: [GC (Allocation Failure) [PSYoungGen: 522480K->2304K(549376K)] 772802K->252626K(1237504K), 0.0029290 secs] [Times: user=0.00 sys=0.01, real=0.01 secs] 
55.687: [GC (Allocation Failure) [PSYoungGen: 541440K->2080K(550912K)] 791762K->252696K(1239040K), 0.0040266 secs] [Times: user=0.01 sys=0.00, real=0.01 secs] 
60.166: [GC (Allocation Failure) [PSYoungGen: 541216K->2096K(563200K)] 791832K->252744K(1251328K), 0.0043387 secs] [Times: user=0.01 sys=0.00, real=0.01 secs] 
63.970: [GC (Allocation Failure) [PSYoungGen: 555568K->2064K(564224K)] 806216K->252760K(1252352K), 0.0025502 secs] [Times: user=0.01 sys=0.00, real=0.00 secs] 
68.620: [GC (Allocation Failure) [PSYoungGen: 555536K->2080K(540160K)] 806232K->252808K(1228288K), 0.0036282 secs] [Times: user=0.01 sys=0.00, real=0.00 secs] 
72.292: [GC (Allocation Failure) [PSYoungGen: 539680K->2048K(524800K)] 790408K->252800K(1212928K), 0.0031728 secs] [Times: user=0.01 sys=0.00, real=0.00 secs] 
75.210: [GC (Allocation Failure) [PSYoungGen: 524288K->1920K(509440K)] 775040K->252880K(1197568K), 0.0032211 secs] [Times: user=0.01 sys=0.00, real=0.00 secs] 
78.018: [GC (Allocation Failure) [PSYoungGen: 509312K->1888K(495104K)] 760272K->252864K(1183232K), 0.0026250 secs] [Times: user=0.01 sys=0.00, real=0.00 secs] 
81.263: [GC (Allocation Failure) [PSYoungGen: 494944K->1904K(481792K)] 745920K->252920K(1169920K), 0.0024489 secs] [Times: user=0.01 sys=0.00, real=0.00 secs] 
83.708: [GC (Allocation Failure) [PSYoungGen: 481648K->6000K(473088K)] 732664K->257048K(1161216K), 0.0027495 secs] [Times: user=0.01 sys=0.00, real=0.00 secs] 
86.030: [GC (Allocation Failure) [PSYoungGen: 472944K->1904K(456704K)] 723992K->252992K(1144832K), 0.0021884 secs] [Times: user=0.01 sys=0.00, real=0.00 secs] 
90.502: [GC (Allocation Failure) [PSYoungGen: 456560K->1776K(444928K)] 707648K->252904K(1133056K), 0.0020861 secs] [Times: user=0.01 sys=0.00, real=0.00 secs] 
94.420: [GC (Allocation Failure) [PSYoungGen: 444656K->1744K(433152K)] 695784K->252904K(1121280K), 0.0019977 secs] [Times: user=0.00 sys=0.00, real=0.00 secs] 
97.418: [GC (Allocation Failure) [PSYoungGen: 432848K->1792K(421888K)] 684008K->252960K(1110016K), 0.0026479 secs] [Times: user=0.01 sys=0.00, real=0.00 secs] 
100.103: [GC (Allocation Failure) [PSYoungGen: 421632K->1904K(411136K)] 672800K->253104K(1099264K), 0.0025985 secs] [Times: user=0.01 sys=0.00, real=0.00 secs] 
103.083: [GC (Allocation Failure) [PSYoungGen: 410992K->640K(399872K)] 662192K->251864K(1088000K), 0.0018938 secs] [Times: user=0.01 sys=0.00, real=0.00 secs] 
104.992: [GC (Allocation Failure) [PSYoungGen: 399488K->1744K(391168K)] 650712K->253008K(1079296K), 0.0017985 secs] [Times: user=0.00 sys=0.00, real=0.00 secs] 
106.894: [GC (Allocation Failure) [PSYoungGen: 390864K->1664K(381440K)] 642128K->252944K(1069568K), 0.0023390 secs] [Times: user=0.01 sys=0.00, real=0.00 secs] 
109.439: [GC (Allocation Failure) [PSYoungGen: 381056K->1856K(372224K)] 632336K->253184K(1060352K), 0.0024949 secs] [Times: user=0.00 sys=0.00, real=0.00 secs] 
112.329: [GC (Allocation Failure) [PSYoungGen: 372032K->1808K(363520K)] 623360K->253152K(1051648K), 0.0018580 secs] [Times: user=0.01 sys=0.00, real=0.00 secs] 
114.615: [GC (Allocation Failure) [PSYoungGen: 363280K->1584K(354816K)] 614624K->252944K(1042944K), 0.0016348 secs] [Times: user=0.00 sys=0.00, real=0.00 secs] 
116.561: [GC (Allocation Failure) [PSYoungGen: 354352K->1792K(346624K)] 605712K->253176K(1034752K), 0.0025094 secs] [Times: user=0.00 sys=0.00, real=0.00 secs] 
118.559: [GC (Allocation Failure) [PSYoungGen: 346368K->1808K(338944K)] 597752K->253216K(1027072K), 0.0020422 secs] [Times: user=0.01 sys=0.00, real=0.00 secs] 
121.436: [GC (Allocation Failure) [PSYoungGen: 338704K->1520K(330752K)] 590112K->252936K(1018880K), 0.0022021 secs] [Times: user=0.00 sys=0.01, real=0.01 secs] 
124.823: [GC (Allocation Failure) [PSYoungGen: 330736K->1824K(324096K)] 582152K->253264K(1012224K), 0.0054228 secs] [Times: user=0.02 sys=0.00, real=0.01 secs] 
127.478: [GC (Allocation Failure) [PSYoungGen: 323872K->1680K(316928K)] 575312K->253128K(1005056K), 0.0018155 secs] [Times: user=0.01 sys=0.00, real=0.00 secs] 
129.362: [GC (Allocation Failure) [PSYoungGen: 316560K->1648K(310272K)] 568008K->253112K(998400K), 0.0039051 secs] [Times: user=0.01 sys=0.00, real=0.00 secs] 
132.380: [GC (Allocation Failure) [PSYoungGen: 309872K->1821K(303616K)] 561336K->253325K(991744K), 0.0018661 secs] [Times: user=0.01 sys=0.00, real=0.00 secs] 
133.911: [GC (Allocation Failure) [PSYoungGen: 303389K->1504K(296960K)] 554893K->253032K(985088K), 0.0020359 secs] [Times: user=0.01 sys=0.00, real=0.00 secs] 
135.685: [GC (Allocation Failure) [PSYoungGen: 296928K->3872K(293376K)] 548456K->255400K(981504K), 0.0032719 secs] [Times: user=0.02 sys=0.00, real=0.01 secs] 
137.144: [GC (Allocation Failure) [PSYoungGen: 293152K->1581K(285184K)] 544680K->253109K(973312K), 0.0015948 secs] [Times: user=0.01 sys=0.00, real=0.00 secs] 
138.654: [GC (Allocation Failure) [PSYoungGen: 284717K->1824K(279552K)] 536245K->253360K(967680K), 0.0020519 secs] [Times: user=0.01 sys=0.00, real=0.00 secs] 
140.807: [GC (Allocation Failure) [PSYoungGen: 279328K->1632K(273920K)] 530864K->253176K(962048K), 0.0014606 secs] [Times: user=0.01 sys=0.00, real=0.01 secs] 
142.573: [GC (Allocation Failure) [PSYoungGen: 273504K->1760K(268800K)] 525048K->253312K(956928K), 0.0024586 secs] [Times: user=0.01 sys=0.00, real=0.00 secs] 
145.002: [GC (Allocation Failure) [PSYoungGen: 268512K->1536K(263680K)] 520064K->253088K(951808K), 0.0017761 secs] [Times: user=0.01 sys=0.00, real=0.00 secs] 
146.385: [GC (Allocation Failure) [PSYoungGen: 263168K->1696K(258560K)] 514720K->253272K(946688K), 0.0021410 secs] [Times: user=0.00 sys=0.00, real=0.01 secs] 
147.812: [GC (Allocation Failure) [PSYoungGen: 258208K->1584K(253952K)] 509784K->253168K(942080K), 0.0016110 secs] [Times: user=0.01 sys=0.00, real=0.00 secs] 
149.240: [GC (Allocation Failure) [PSYoungGen: 253488K->1760K(249344K)] 505072K->253344K(937472K), 0.0024713 secs] [Times: user=0.01 sys=0.00, real=0.00 secs] 
150.606: [GC (Allocation Failure) [PSYoungGen: 249031K->1488K(244224K)] 500615K->253088K(932352K), 0.0014723 secs] [Times: user=0.01 sys=0.00, real=0.01 secs] 
151.992: [GC (Allocation Failure) [PSYoungGen: 244176K->3552K(241664K)] 495776K->257480K(929792K), 0.0025502 secs] [Times: user=0.01 sys=0.00, real=0.00 secs] 
153.559: [GC (Allocation Failure) [PSYoungGen: 241632K->1440K(235520K)] 495560K->255400K(923648K), 0.0024551 secs] [Times: user=0.01 sys=0.00, real=0.00 secs] 
155.068: [GC (Allocation Failure) [PSYoungGen: 235424K->1872K(231936K)] 489384K->255832K(920064K), 0.0020647 secs] [Times: user=0.00 sys=0.00, real=0.00 secs] 
156.292: [GC (Allocation Failure) [PSYoungGen: 231760K->1536K(227840K)] 485720K->255496K(915968K), 0.0017773 secs] [Times: user=0.00 sys=0.00, real=0.00 secs] 
157.485: [GC (Allocation Failure) [PSYoungGen: 227328K->1760K(223744K)] 481288K->255752K(911872K), 0.0017821 secs] [Times: user=0.01 sys=0.00, real=0.01 secs] 
159.082: [GC (Allocation Failure) [PSYoungGen: 223456K->1712K(220160K)] 477448K->255712K(908288K), 0.0023195 secs] [Times: user=0.01 sys=0.00, real=0.00 secs] 
160.194: [GC (Allocation Failure) [PSYoungGen: 219824K->1565K(216576K)] 473824K->255573K(904704K), 0.0018615 secs] [Times: user=0.01 sys=0.00, real=0.00 secs] 
161.544: [GC (Allocation Failure) [PSYoungGen: 216093K->3888K(215040K)] 470101K->257896K(903168K), 0.0023884 secs] [Times: user=0.01 sys=0.00, real=0.00 secs] 
162.455: [GC (Allocation Failure) [PSYoungGen: 214832K->1472K(208896K)] 468840K->255480K(897024K), 0.0020323 secs] [Times: user=0.00 sys=0.00, real=0.01 secs] 
163.676: [GC (Allocation Failure) [PSYoungGen: 208832K->1744K(205824K)] 462840K->255760K(893952K), 0.0019589 secs] [Times: user=0.00 sys=0.00, real=0.01 secs] 
164.839: [GC (Allocation Failure) [PSYoungGen: 205520K->1632K(202752K)] 459536K->255656K(890880K), 0.0021703 secs] [Times: user=0.01 sys=0.00, real=0.00 secs] 
166.978: [GC (Allocation Failure) [PSYoungGen: 202336K->1533K(199168K)] 456360K->255573K(887296K), 0.0014934 secs] [Times: user=0.01 sys=0.00, real=0.00 secs] 
168.154: [GC (Allocation Failure) [PSYoungGen: 199165K->1808K(196608K)] 453205K->255848K(884736K), 0.0020438 secs] [Times: user=0.01 sys=0.00, real=0.00 secs] 
169.437: [GC (Allocation Failure) [PSYoungGen: 196368K->1472K(193024K)] 450408K->255512K(881152K), 0.0020454 secs] [Times: user=0.01 sys=0.00, real=0.00 secs] 
170.404: [GC (Allocation Failure) [PSYoungGen: 192960K->1616K(190464K)] 447000K->255656K(878592K), 0.0015770 secs] [Times: user=0.01 sys=0.00, real=0.00 secs] 
171.554: [GC (Allocation Failure) [PSYoungGen: 190032K->3552K(188928K)] 444072K->259936K(877056K), 0.0023390 secs] [Times: user=0.01 sys=0.00, real=0.00 secs] 
172.314: [GC (Allocation Failure) [PSYoungGen: 188896K->1408K(184320K)] 445280K->257800K(872448K), 0.0019453 secs] [Times: user=0.01 sys=0.01, real=0.00 secs] 
173.381: [GC (Allocation Failure) [PSYoungGen: 184192K->1616K(182272K)] 440584K->258008K(870400K), 0.0016963 secs] [Times: user=0.00 sys=0.01, real=0.00 secs] 
174.411: [GC (Allocation Failure) [PSYoungGen: 181840K->4576K(182272K)] 438232K->266280K(870400K), 0.0024896 secs] [Times: user=0.01 sys=0.00, real=0.00 secs] 
175.149: [GC (Allocation Failure) [PSYoungGen: 182240K->352K(175616K)] 443944K->262056K(863744K), 0.0019086 secs] [Times: user=0.01 sys=0.00, real=0.00 secs] 
176.123: [GC (Allocation Failure) [PSYoungGen: 175456K->1648K(179712K)] 437160K->263352K(867840K), 0.0016650 secs] [Times: user=0.01 sys=0.00, real=0.00 secs] 
177.341: [GC (Allocation Failure) [PSYoungGen: 174192K->5744K(176128K)] 435896K->267448K(864256K), 0.0022644 secs] [Times: user=0.00 sys=0.00, real=0.00 secs] 
178.913: [GC (Allocation Failure) [PSYoungGen: 175728K->1408K(168960K)] 437432K->263112K(857088K), 0.0028165 secs] [Times: user=0.01 sys=0.00, real=0.00 secs] 
180.100: [GC (Allocation Failure) [PSYoungGen: 168832K->1648K(167424K)] 430536K->263360K(855552K), 0.0017163 secs] [Times: user=0.01 sys=0.00, real=0.00 secs] 
181.118: [GC (Allocation Failure) [PSYoungGen: 167024K->2224K(165888K)] 428736K->263952K(854016K), 0.0020451 secs] [Times: user=0.01 sys=0.00, real=0.00 secs] 
182.039: [GC (Allocation Failure) [PSYoungGen: 165552K->1408K(162816K)] 427280K->263144K(850944K), 0.0022316 secs] [Times: user=0.01 sys=0.00, real=0.00 secs] 
183.319: [GC (Allocation Failure) [PSYoungGen: 162688K->1597K(161280K)] 424424K->263341K(849408K), 0.0015267 secs] [Times: user=0.01 sys=0.00, real=0.00 secs] 
184.265: [GC (Allocation Failure) [PSYoungGen: 160829K->1776K(159232K)] 422573K->263520K(847360K), 0.0020424 secs] [Times: user=0.01 sys=0.00, real=0.01 secs] 
185.452: [GC (Allocation Failure) [PSYoungGen: 158960K->1504K(156672K)] 420704K->263248K(844800K), 0.0021798 secs] [Times: user=0.01 sys=0.00, real=0.00 secs] 
186.157: [GC (Allocation Failure) [PSYoungGen: 156640K->1408K(154624K)] 418384K->263152K(842752K), 0.0019500 secs] [Times: user=0.01 sys=0.00, real=0.01 secs] 
187.152: [GC (Allocation Failure) [PSYoungGen: 154496K->1712K(153088K)] 416240K->263472K(841216K), 0.0018305 secs] [Times: user=0.01 sys=0.00, real=0.00 secs] 
188.198: [GC (Allocation Failure) [PSYoungGen: 152752K->5600K(154624K)] 414512K->271568K(842752K), 0.0024440 secs] [Times: user=0.00 sys=0.00, real=0.00 secs] 
189.276: [GC (Allocation Failure) [PSYoungGen: 154592K->1376K(148480K)] 420560K->267360K(836608K), 0.0020490 secs] [Times: user=0.00 sys=0.00, real=0.01 secs] 
190.002: [GC (Allocation Failure) [PSYoungGen: 148320K->1504K(146944K)] 414304K->267488K(835072K), 0.0017308 secs] [Times: user=0.01 sys=0.00, real=0.00 secs] 
190.855: [GC (GCLocker Initiated GC) [PSYoungGen: 146912K->1693K(145920K)] 412896K->267677K(834048K), 0.0019229 secs] [Times: user=0.01 sys=0.00, real=0.01 secs] 
192.031: [GC (Allocation Failure) [PSYoungGen: 145565K->1440K(143872K)] 411552K->267427K(832000K), 0.0044363 secs] [Times: user=0.02 sys=0.00, real=0.00 secs] 
193.469: [GC (Allocation Failure) [PSYoungGen: 143776K->1376K(142336K)] 409763K->267363K(830464K), 0.0029595 secs] [Times: user=0.01 sys=0.01, real=0.00 secs] 
194.730: [GC (Allocation Failure) [PSYoungGen: 142176K->1632K(141312K)] 408163K->267619K(829440K), 0.0017341 secs] [Times: user=0.00 sys=0.00, real=0.00 secs] 
195.546: [GC (Allocation Failure) [PSYoungGen: 140896K->1776K(139776K)] 406883K->267771K(827904K), 0.0017888 secs] [Times: user=0.01 sys=0.00, real=0.01 secs] 
197.047: [GC (Allocation Failure) [PSYoungGen: 139504K->1472K(137728K)] 405499K->267467K(825856K), 0.0030090 secs] [Times: user=0.02 sys=0.00, real=0.00 secs] 
198.122: [GC (Allocation Failure) [PSYoungGen: 137664K->1440K(136192K)] 403659K->267435K(824320K), 0.0022476 secs] [Times: user=0.01 sys=0.00, real=0.00 secs] 
198.928: [GC (Allocation Failure) [PSYoungGen: 136096K->1680K(135168K)] 402091K->267683K(823296K), 0.0017572 secs] [Times: user=0.01 sys=0.00, real=0.00 secs] 
199.721: [GC (Allocation Failure) [PSYoungGen: 134800K->1728K(133632K)] 400803K->267731K(821760K), 0.0018172 secs] [Times: user=0.01 sys=0.00, real=0.00 secs] 
200.978: [GC (Allocation Failure) [PSYoungGen: 133312K->1504K(131584K)] 399315K->267515K(819712K), 0.0033862 secs] [Times: user=0.01 sys=0.00, real=0.00 secs] 
201.935: [GC (Allocation Failure) [PSYoungGen: 131552K->1408K(130048K)] 397563K->267419K(818176K), 0.0018514 secs] [Times: user=0.00 sys=0.00, real=0.00 secs] 
202.679: [GC (Allocation Failure) [PSYoungGen: 129920K->1664K(129024K)] 395931K->267683K(817152K), 0.0016901 secs] [Times: user=0.01 sys=0.00, real=0.00 secs] 
203.430: [GC (Allocation Failure) [PSYoungGen: 128640K->1696K(127488K)] 394659K->267723K(815616K), 0.0018593 secs] [Times: user=0.01 sys=0.00, real=0.00 secs] 
205.096: [GC (Allocation Failure) [PSYoungGen: 127136K->1488K(125440K)] 393163K->267515K(813568K), 0.0025269 secs] [Times: user=0.00 sys=0.00, real=0.01 secs] 
206.323: [GC (Allocation Failure) [PSYoungGen: 125392K->1424K(124416K)] 391419K->267451K(812544K), 0.0026555 secs] [Times: user=0.01 sys=0.00, real=0.00 secs] 
207.314: [GC (Allocation Failure) [PSYoungGen: 124304K->1632K(123904K)] 390331K->267659K(812032K), 0.0016578 secs] [Times: user=0.01 sys=0.01, real=0.00 secs] 
208.040: [GC (Allocation Failure) [PSYoungGen: 123488K->1661K(122880K)] 389515K->267736K(811008K), 0.0019893 secs] [Times: user=0.01 sys=0.00, real=0.00 secs] 
208.670: [GC (Allocation Failure) [PSYoungGen: 122493K->1552K(121856K)] 388568K->267635K(809984K), 0.0020570 secs] [Times: user=0.01 sys=0.00, real=0.00 secs] 
209.229: [GC (Allocation Failure) [PSYoungGen: 121360K->1376K(120320K)] 387443K->267459K(808448K), 0.0020835 secs] [Times: user=0.01 sys=0.00, real=0.00 secs] 
210.077: [GC (Allocation Failure) [PSYoungGen: 120160K->1501K(119296K)] 386243K->267584K(807424K), 0.0015113 secs] [Times: user=0.01 sys=0.00, real=0.01 secs] 
210.761: [GC (Allocation Failure) [PSYoungGen: 119261K->1664K(118784K)] 385344K->267747K(806912K), 0.0018566 secs] [Times: user=0.00 sys=0.00, real=0.00 secs] 
211.660: [GC (Allocation Failure) [PSYoungGen: 118400K->2656K(118784K)] 384483K->268739K(806912K), 0.0019449 secs] [Times: user=0.01 sys=0.00, real=0.00 secs] 
212.749: [GC (Allocation Failure) [PSYoungGen: 118368K->1376K(116224K)] 384451K->267459K(804352K), 0.0027705 secs] [Times: user=0.01 sys=0.00, real=0.00 secs] 
213.594: [GC (Allocation Failure) [PSYoungGen: 116064K->1392K(115200K)] 382147K->267475K(803328K), 0.0024848 secs] [Times: user=0.00 sys=0.00, real=0.00 secs] 
214.494: [GC (Allocation Failure) [PSYoungGen: 115056K->1613K(114688K)] 381139K->267720K(802816K), 0.0016095 secs] [Times: user=0.00 sys=0.00, real=0.00 secs] 
215.164: [GC (Allocation Failure) [PSYoungGen: 114253K->1632K(113664K)] 380360K->267739K(801792K), 0.0018401 secs] [Times: user=0.01 sys=0.00, real=0.00 secs] 
215.744: [GC (Allocation Failure) [PSYoungGen: 113248K->1504K(112128K)] 379355K->275803K(800256K), 0.0032802 secs] [Times: user=0.01 sys=0.01, real=0.01 secs] 
216.205: [GC (Allocation Failure) [PSYoungGen: 112096K->1408K(111104K)] 386395K->275723K(799232K), 0.0021501 secs] [Times: user=0.01 sys=0.00, real=0.01 secs] 
216.660: [GC (Allocation Failure) [PSYoungGen: 110976K->1424K(110080K)] 385291K->275739K(798208K), 0.0019812 secs] [Times: user=0.01 sys=0.00, real=0.00 secs] 
217.302: [GC (Allocation Failure) [PSYoungGen: 109968K->1613K(109568K)] 384283K->275928K(797696K), 0.0015969 secs] [Times: user=0.01 sys=0.00, real=0.00 secs] 
217.947: [GC (Allocation Failure) [PSYoungGen: 109133K->1645K(108544K)] 383448K->275960K(796672K), 0.0018263 secs] [Times: user=0.01 sys=0.00, real=0.00 secs] 
218.496: [GC (Allocation Failure) [PSYoungGen: 108141K->1472K(107008K)] 382456K->275787K(795136K), 0.0018380 secs] [Times: user=0.01 sys=0.01, real=0.01 secs] 
219.027: [GC (Allocation Failure) [PSYoungGen: 106944K->1360K(105984K)] 381259K->275675K(794112K), 0.0020310 secs] [Times: user=0.01 sys=0.00, real=0.00 secs] 
219.853: [GC (Allocation Failure) [PSYoungGen: 105808K->1360K(104960K)] 380123K->275675K(793088K), 0.0028960 secs] [Times: user=0.01 sys=0.01, real=0.00 secs] 
220.634: [GC (Allocation Failure) [PSYoungGen: 104784K->1613K(104448K)] 379099K->275936K(792576K), 0.0015700 secs] [Times: user=0.01 sys=0.00, real=0.00 secs] 
221.245: [GC (Allocation Failure) [PSYoungGen: 104013K->1629K(103424K)] 378336K->275952K(791552K), 0.0016639 secs] [Times: user=0.01 sys=0.00, real=0.01 secs] 
222.047: [GC (Allocation Failure) [PSYoungGen: 103005K->1504K(101888K)] 377328K->275843K(790016K), 0.0017452 secs] [Times: user=0.00 sys=0.00, real=0.00 secs] 
222.846: [GC (Allocation Failure) [PSYoungGen: 101856K->1392K(100864K)] 376195K->275731K(788992K), 0.0021398 secs] [Times: user=0.01 sys=0.00, real=0.01 secs] 
223.265: [GC (Allocation Failure) [PSYoungGen: 100720K->1440K(100352K)] 375059K->275795K(788480K), 0.0021626 secs] [Times: user=0.01 sys=0.00, real=0.00 secs] 
223.807: [GC (Allocation Failure) [PSYoungGen: 100256K->1629K(100352K)] 374611K->275984K(788480K), 0.0015626 secs] [Times: user=0.01 sys=0.00, real=0.00 secs] 
224.380: [GC (Allocation Failure) [PSYoungGen: 99933K->1600K(99840K)] 374288K->275955K(787968K), 0.0017347 secs] [Times: user=0.01 sys=0.01, real=0.00 secs] 
224.971: [GC (Allocation Failure) [PSYoungGen: 99392K->1504K(98816K)] 373747K->277987K(786944K), 0.0020609 secs] [Times: user=0.01 sys=0.00, real=0.00 secs] 
225.420: [GC (Allocation Failure) [PSYoungGen: 98784K->1440K(98304K)] 375267K->277931K(786432K), 0.0019026 secs] [Times: user=0.01 sys=0.00, real=0.00 secs] 
225.992: [GC (Allocation Failure) [PSYoungGen: 98208K->1408K(97792K)] 374699K->277899K(785920K), 0.0020971 secs] [Times: user=0.01 sys=0.00, real=0.00 secs] 
226.794: [GC (Allocation Failure) [PSYoungGen: 97664K->1520K(97280K)] 374155K->278011K(785408K), 0.0022140 secs] [Times: user=0.01 sys=0.00, real=0.00 secs] 
227.389: [GC (Allocation Failure) [PSYoungGen: 97264K->1581K(97280K)] 373755K->278072K(785408K), 0.0017229 secs] [Times: user=0.00 sys=0.00, real=0.00 secs] 
227.960: [GC (Allocation Failure) [PSYoungGen: 96813K->1600K(96768K)] 373304K->278091K(784896K), 0.0017209 secs] [Times: user=0.01 sys=0.00, real=0.00 secs] 
228.636: [GC (Allocation Failure) [PSYoungGen: 96320K->1488K(95744K)] 372811K->277979K(783872K), 0.0027525 secs] [Times: user=0.01 sys=0.00, real=0.01 secs] 
229.488: [GC (Allocation Failure) [PSYoungGen: 95696K->1408K(95232K)] 372187K->277899K(783360K), 0.0024339 secs] [Times: user=0.01 sys=0.00, real=0.00 secs] 
230.256: [GC (Allocation Failure) [PSYoungGen: 95104K->1376K(94720K)] 371595K->277867K(782848K), 0.0019453 secs] [Times: user=0.01 sys=0.00, real=0.01 secs] 
230.916: [GC (Allocation Failure) [PSYoungGen: 94560K->1581K(94720K)] 371051K->278072K(782848K), 0.0015817 secs] [Times: user=0.01 sys=0.00, real=0.01 secs] 
231.460: [GC (Allocation Failure) [PSYoungGen: 94253K->1664K(94208K)] 370744K->278171K(782336K), 0.0015646 secs] [Times: user=0.00 sys=0.00, real=0.00 secs] 
232.024: [GC (Allocation Failure) [PSYoungGen: 93824K->1664K(93696K)] 370331K->278171K(781824K), 0.0018548 secs] [Times: user=0.00 sys=0.00, real=0.00 secs] 
232.763: [GC (Allocation Failure) [PSYoungGen: 93312K->1376K(92672K)] 369819K->277907K(780800K), 0.0018871 secs] [Times: user=0.01 sys=0.00, real=0.00 secs] 
233.142: [GC (Allocation Failure) [PSYoungGen: 92512K->1408K(92160K)] 369043K->277939K(780288K), 0.0020970 secs] [Times: user=0.01 sys=0.00, real=0.00 secs] 
233.549: [GC (Allocation Failure) [PSYoungGen: 92032K->1408K(91648K)] 368563K->277939K(779776K), 0.0020255 secs] [Times: user=0.00 sys=0.00, real=0.00 secs] 
234.109: [GC (Allocation Failure) [PSYoungGen: 91520K->1648K(91648K)] 368051K->278187K(779776K), 0.0016371 secs] [Times: user=0.00 sys=0.00, real=0.00 secs] 
234.636: [GC (Allocation Failure) [PSYoungGen: 91248K->1661K(91136K)] 367787K->278208K(779264K), 0.0016012 secs] [Times: user=0.01 sys=0.00, real=0.01 secs] 
235.256: [GC (Allocation Failure) [PSYoungGen: 90621K->1488K(90112K)] 367168K->278043K(778240K), 0.0019758 secs] [Times: user=0.00 sys=0.00, real=0.01 secs] 
235.728: [GC (Allocation Failure) [PSYoungGen: 90064K->1344K(89600K)] 366619K->277899K(777728K), 0.0018931 secs] [Times: user=0.01 sys=0.00, real=0.00 secs] 
236.094: [GC (Allocation Failure) [PSYoungGen: 89408K->1408K(89088K)] 365963K->277963K(777216K), 0.0019455 secs] [Times: user=0.01 sys=0.01, real=0.00 secs] 
236.458: [GC (Allocation Failure) [PSYoungGen: 88960K->1408K(88576K)] 365515K->277963K(776704K), 0.0019994 secs] [Times: user=0.01 sys=0.00, real=0.00 secs] 
236.998: [GC (Allocation Failure) [PSYoungGen: 88448K->1629K(88576K)] 365003K->278192K(776704K), 0.0017404 secs] [Times: user=0.01 sys=0.01, real=0.00 secs] 
237.505: [GC (Allocation Failure) [PSYoungGen: 88157K->621K(87040K)] 364720K->278208K(775168K), 0.0015219 secs] [Times: user=0.01 sys=0.00, real=0.00 secs] 
238.099: [GC (Allocation Failure) [PSYoungGen: 86637K->1536K(87552K)] 364224K->279131K(775680K), 0.0020250 secs] [Times: user=0.00 sys=0.00, real=0.00 secs] 
238.527: [GC (Allocation Failure) [PSYoungGen: 87040K->1408K(86528K)] 364635K->279003K(774656K), 0.0020446 secs] [Times: user=0.01 sys=0.00, real=0.00 secs] 
238.882: [GC (Allocation Failure) [PSYoungGen: 86400K->1408K(86016K)] 363995K->279003K(774144K), 0.0022116 secs] [Times: user=0.01 sys=0.00, real=0.00 secs] 
239.233: [GC (Allocation Failure) [PSYoungGen: 85888K->1376K(85504K)] 363483K->278979K(773632K), 0.0019200 secs] [Times: user=0.00 sys=0.00, real=0.00 secs] 
239.770: [GC (Allocation Failure) [PSYoungGen: 85344K->1568K(85504K)] 362947K->279171K(773632K), 0.0016045 secs] [Times: user=0.00 sys=0.00, real=0.00 secs] 
240.259: [GC (Allocation Failure) [PSYoungGen: 85024K->605K(83968K)] 362627K->279232K(772096K), 0.0017408 secs] [Times: user=0.00 sys=0.00, real=0.00 secs] 
240.749: [GC (Allocation Failure) [PSYoungGen: 83549K->512K(83456K)] 362176K->279163K(771584K), 0.0015228 secs] [Times: user=0.01 sys=0.00, real=0.00 secs] 
242.306: [GC (Allocation Failure) [PSYoungGen: 82944K->1440K(83456K)] 361595K->280099K(771584K), 0.0030551 secs] [Times: user=0.01 sys=0.00, real=0.01 secs] 
243.207: [GC (Allocation Failure) [PSYoungGen: 83360K->1408K(82944K)] 362019K->280067K(771072K), 0.0030096 secs] [Times: user=0.01 sys=0.00, real=0.00 secs] 
243.972: [GC (Allocation Failure) [PSYoungGen: 82816K->1424K(82432K)] 361475K->280091K(770560K), 0.0025957 secs] [Times: user=0.01 sys=0.00, real=0.00 secs] 
244.657: [GC (Allocation Failure) [PSYoungGen: 82320K->1581K(82432K)] 360987K->280248K(770560K), 0.0014747 secs] [Times: user=0.01 sys=0.00, real=0.00 secs] 
245.130: [GC (Allocation Failure) [PSYoungGen: 81965K->573K(80896K)] 360632K->280264K(769024K), 0.0015455 secs] [Times: user=0.00 sys=0.00, real=0.00 secs] 
245.600: [GC (Allocation Failure) [PSYoungGen: 80445K->653K(80384K)] 360136K->280344K(768512K), 0.0015846 secs] [Times: user=0.01 sys=0.00, real=0.00 secs] 
246.039: [GC (Allocation Failure) [PSYoungGen: 80013K->1488K(80384K)] 359704K->281179K(768512K), 0.0018310 secs] [Times: user=0.00 sys=0.00, real=0.00 secs] 
246.717: [GC (Allocation Failure) [PSYoungGen: 80336K->1408K(79872K)] 360027K->281099K(768000K), 0.0039582 secs] [Times: user=0.02 sys=0.01, real=0.00 secs] 
247.373: [GC (Allocation Failure) [PSYoungGen: 79744K->1408K(79360K)] 359435K->281107K(767488K), 0.0032610 secs] [Times: user=0.01 sys=0.00, real=0.00 secs] 
248.087: [GC (Allocation Failure) [PSYoungGen: 79232K->1376K(78848K)] 358931K->281075K(766976K), 0.0032403 secs] [Times: user=0.01 sys=0.00, real=0.01 secs] 
248.804: [GC (Allocation Failure) [PSYoungGen: 78688K->1552K(78848K)] 358387K->281251K(766976K), 0.0014832 secs] [Times: user=0.00 sys=0.00, real=0.00 secs] 
249.314: [GC (Allocation Failure) [PSYoungGen: 78352K->1613K(78336K)] 358051K->281312K(766464K), 0.0017030 secs] [Times: user=0.00 sys=0.00, real=0.00 secs] 
249.762: [GC (Allocation Failure) [PSYoungGen: 77880K->1517K(77312K)] 357580K->281312K(765440K), 0.0015227 secs] [Times: user=0.01 sys=0.00, real=0.00 secs] 
250.370: [GC (Allocation Failure) [PSYoungGen: 77293K->1488K(76800K)] 357088K->281283K(764928K), 0.0031535 secs] [Times: user=0.01 sys=0.00, real=0.00 secs] 
251.177: [GC (Allocation Failure) [PSYoungGen: 76752K->1376K(76288K)] 356547K->281171K(764416K), 0.0027512 secs] [Times: user=0.01 sys=0.00, real=0.00 secs] 
251.975: [GC (Allocation Failure) [PSYoungGen: 76128K->1376K(75776K)] 355923K->281179K(763904K), 0.0037895 secs] [Times: user=0.01 sys=0.00, real=0.01 secs] 
252.799: [GC (Allocation Failure) [PSYoungGen: 75616K->1408K(75264K)] 355419K->281211K(763392K), 0.0032569 secs] [Times: user=0.01 sys=0.00, real=0.00 secs] 
253.463: [GC (Allocation Failure) [PSYoungGen: 75136K->1552K(75264K)] 354939K->281379K(763392K), 0.0016709 secs] [Times: user=0.00 sys=0.00, real=0.00 secs] 
253.894: [GC (Allocation Failure) [PSYoungGen: 74768K->589K(73728K)] 354595K->281440K(761856K), 0.0016763 secs] [Times: user=0.01 sys=0.00, real=0.00 secs] 
254.322: [GC (Allocation Failure) [PSYoungGen: 73271K->576K(73216K)] 354123K->281427K(761344K), 0.0016091 secs] [Times: user=0.00 sys=0.00, real=0.00 secs] 
254.838: [GC (Allocation Failure) [PSYoungGen: 72768K->1456K(73216K)] 353619K->282307K(761344K), 0.0019741 secs] [Times: user=0.00 sys=0.00, real=0.00 secs] 
255.391: [GC (Allocation Failure) [PSYoungGen: 73136K->1408K(72704K)] 353987K->282275K(760832K), 0.0020378 secs] [Times: user=0.01 sys=0.00, real=0.00 secs] 
255.955: [GC (Allocation Failure) [PSYoungGen: 72576K->1376K(72192K)] 353443K->282243K(760320K), 0.0021018 secs] [Times: user=0.01 sys=0.00, real=0.01 secs] 
256.413: [GC (Allocation Failure) [PSYoungGen: 72032K->1440K(71680K)] 352899K->282315K(759808K), 0.0021874 secs] [Times: user=0.00 sys=0.00, real=0.00 secs] 
256.978: [GC (Allocation Failure) [PSYoungGen: 71584K->1517K(71168K)] 352459K->282392K(759296K), 0.0014273 secs] [Times: user=0.01 sys=0.00, real=0.00 secs] 
257.391: [GC (Allocation Failure) [PSYoungGen: 71134K->1584K(71168K)] 352010K->282467K(759296K), 0.0015748 secs] [Times: user=0.00 sys=0.00, real=0.00 secs] 
257.797: [GC (Allocation Failure) [PSYoungGen: 70704K->544K(69632K)] 351587K->282459K(757760K), 0.0014873 secs] [Times: user=0.00 sys=0.00, real=0.00 secs] 
258.213: [GC (Allocation Failure) [PSYoungGen: 68873K->288K(68608K)] 350788K->282203K(756736K), 0.0030402 secs] [Times: user=0.01 sys=0.00, real=0.00 secs] 
258.939: [GC (Allocation Failure) [PSYoungGen: 68384K->1408K(69632K)] 350299K->283323K(757760K), 0.0016741 secs] [Times: user=0.01 sys=0.00, real=0.00 secs] 
259.372: [GC (Allocation Failure) [PSYoungGen: 69504K->1408K(69632K)] 351419K->283323K(757760K), 0.0018603 secs] [Times: user=0.01 sys=0.00, real=0.00 secs] 
259.655: [GC (Allocation Failure) [PSYoungGen: 69504K->1408K(69632K)] 351419K->283323K(757760K), 0.0019764 secs] [Times: user=0.01 sys=0.00, real=0.00 secs] 
259.937: [GC (Allocation Failure) [PSYoungGen: 69504K->1440K(69632K)] 351419K->283355K(757760K), 0.0019668 secs] [Times: user=0.01 sys=0.00, real=0.00 secs] 
260.332: [GC (Allocation Failure) [PSYoungGen: 69536K->1613K(70144K)] 351451K->283560K(758272K), 0.0015865 secs] [Times: user=0.01 sys=0.00, real=0.00 secs] 
260.736: [GC (Allocation Failure) [PSYoungGen: 69709K->1549K(70144K)] 351656K->283496K(758272K), 0.0016074 secs] [Times: user=0.00 sys=0.00, real=0.01 secs] 
261.136: [GC (Allocation Failure) [PSYoungGen: 69640K->1517K(69632K)] 351587K->283520K(757760K), 0.0015905 secs] [Times: user=0.00 sys=0.00, real=0.01 secs] 
261.665: [GC (Allocation Failure) [PSYoungGen: 68440K->1488K(69632K)] 350443K->283491K(757760K), 0.0018902 secs] [Times: user=0.01 sys=0.00, real=0.01 secs] 
262.294: [GC (Allocation Failure) [PSYoungGen: 69584K->1440K(69632K)] 351587K->283443K(757760K), 0.0018644 secs] [Times: user=0.01 sys=0.00, real=0.00 secs] 
262.701: [GC (Allocation Failure) [PSYoungGen: 69536K->1376K(69632K)] 351539K->283379K(757760K), 0.0021535 secs] [Times: user=0.01 sys=0.00, real=0.00 secs] 
262.997: [GC (Allocation Failure) [PSYoungGen: 69472K->1376K(69632K)] 351475K->283379K(757760K), 0.0020460 secs] [Times: user=0.01 sys=0.00, real=0.00 secs] 
263.345: [GC (Allocation Failure) [PSYoungGen: 69472K->1456K(69632K)] 351475K->283459K(757760K), 0.0018985 secs] [Times: user=0.01 sys=0.00, real=0.01 secs] 
263.823: [GC (Allocation Failure) [PSYoungGen: 69552K->1517K(69632K)] 351555K->283576K(757760K), 0.0015357 secs] [Times: user=0.01 sys=0.00, real=0.00 secs] 
264.223: [GC (Allocation Failure) [PSYoungGen: 69613K->1517K(69632K)] 351672K->283592K(757760K), 0.0016821 secs] [Times: user=0.00 sys=0.00, real=0.00 secs] 
264.626: [GC (Allocation Failure) [PSYoungGen: 69613K->1520K(69632K)] 351688K->283619K(757760K), 0.0015196 secs] [Times: user=0.01 sys=0.00, real=0.01 secs] 
265.344: [GC (Allocation Failure) [PSYoungGen: 69616K->1504K(69632K)] 351715K->283611K(757760K), 0.0021881 secs] [Times: user=0.01 sys=0.00, real=0.00 secs] 
266.328: [GC (Allocation Failure) [PSYoungGen: 69600K->1392K(69632K)] 351707K->283499K(757760K), 0.0035570 secs] [Times: user=0.01 sys=0.00, real=0.00 secs] 
267.114: [GC (Allocation Failure) [PSYoungGen: 69488K->1376K(69632K)] 351595K->283483K(757760K), 0.0035549 secs] [Times: user=0.01 sys=0.00, real=0.01 secs] 
267.461: [GC (Allocation Failure) [PSYoungGen: 69472K->1408K(69632K)] 351579K->283515K(757760K), 0.0018167 secs] [Times: user=0.01 sys=0.00, real=0.00 secs] 
267.850: [GC (Allocation Failure) [PSYoungGen: 69504K->1533K(69632K)] 351611K->283640K(757760K), 0.0014800 secs] [Times: user=0.00 sys=0.00, real=0.00 secs] 
268.252: [GC (Allocation Failure) [PSYoungGen: 69629K->1504K(69632K)] 351736K->283667K(757760K), 0.0014705 secs] [Times: user=0.01 sys=0.00, real=0.00 secs] 
268.661: [GC (Allocation Failure) [PSYoungGen: 69600K->1584K(70144K)] 351763K->283779K(758272K), 0.0016719 secs] [Times: user=0.00 sys=0.00, real=0.00 secs] 
269.063: [GC (Allocation Failure) [PSYoungGen: 69680K->573K(69120K)] 351875K->283792K(757248K), 0.0016236 secs] [Times: user=0.01 sys=0.00, real=0.00 secs] 
270.235: [GC (Allocation Failure) [PSYoungGen: 68669K->1440K(69632K)] 351888K->284659K(757760K), 0.0041623 secs] [Times: user=0.02 sys=0.00, real=0.01 secs] 
271.313: [GC (Allocation Failure) [PSYoungGen: 69536K->1376K(69632K)] 352755K->284595K(757760K), 0.0037629 secs] [Times: user=0.01 sys=0.01, real=0.01 secs] 
272.058: [GC (Allocation Failure) [PSYoungGen: 69472K->1440K(69632K)] 352691K->284659K(757760K), 0.0027969 secs] [Times: user=0.01 sys=0.00, real=0.00 secs] 
272.715: [GC (Allocation Failure) [PSYoungGen: 69536K->1376K(69632K)] 352755K->284627K(757760K), 0.0024874 secs] [Times: user=0.01 sys=0.00, real=0.01 secs] 
273.360: [GC (Allocation Failure) [PSYoungGen: 69472K->1501K(69632K)] 352723K->284752K(757760K), 0.0016204 secs] [Times: user=0.01 sys=0.00, real=0.00 secs] 
273.764: [GC (Allocation Failure) [PSYoungGen: 69597K->1517K(69632K)] 352848K->284824K(757760K), 0.0015528 secs] [Times: user=0.01 sys=0.00, real=0.00 secs] 
274.166: [GC (Allocation Failure) [PSYoungGen: 69613K->1613K(70144K)] 352920K->284936K(758272K), 0.0016830 secs] [Times: user=0.01 sys=0.00, real=0.01 secs] 
274.726: [GC (Allocation Failure) [PSYoungGen: 69709K->768K(69120K)] 353032K->285115K(757248K), 0.0020944 secs] [Times: user=0.01 sys=0.00, real=0.01 secs] 
276.014: [GC (Allocation Failure) [PSYoungGen: 68864K->384K(68608K)] 353211K->284731K(756736K), 0.0032801 secs] [Times: user=0.02 sys=0.00, real=0.01 secs] 
276.592: [GC (Allocation Failure) [PSYoungGen: 68480K->368K(68608K)] 352827K->284715K(756736K), 0.0027936 secs] [Times: user=0.01 sys=0.00, real=0.00 secs] 
277.164: [GC (Allocation Failure) [PSYoungGen: 68464K->320K(70656K)] 352811K->284667K(758784K), 0.0024099 secs] [Times: user=0.01 sys=0.00, real=0.00 secs] 
277.731: [GC (Allocation Failure) [PSYoungGen: 68416K->336K(68608K)] 352763K->284683K(756736K), 0.0022708 secs] [Times: user=0.00 sys=0.00, real=0.00 secs] 
278.211: [GC (Allocation Failure) [PSYoungGen: 68432K->1568K(70656K)] 352779K->285915K(758784K), 0.0014702 secs] [Times: user=0.00 sys=0.00, real=0.00 secs] 
278.613: [GC (Allocation Failure) [PSYoungGen: 69664K->1581K(70144K)] 354011K->285928K(758272K), 0.0015661 secs] [Times: user=0.01 sys=0.00, real=0.00 secs] 
279.026: [GC (Allocation Failure) [PSYoungGen: 69677K->1613K(70144K)] 354024K->285960K(758272K), 0.0016668 secs] [Times: user=0.01 sys=0.00, real=0.01 secs] 
279.468: [GC (Allocation Failure) [PSYoungGen: 69709K->1504K(69632K)] 354056K->289947K(757760K), 0.0022884 secs] [Times: user=0.01 sys=0.00, real=0.00 secs] 
279.752: [GC (Allocation Failure) [PSYoungGen: 69600K->1376K(69632K)] 358043K->289819K(757760K), 0.0020791 secs] [Times: user=0.01 sys=0.00, real=0.00 secs] 
280.035: [GC (Allocation Failure) [PSYoungGen: 69472K->1440K(69632K)] 357915K->289883K(757760K), 0.0021422 secs] [Times: user=0.01 sys=0.00, real=0.01 secs] 
280.415: [GC (Allocation Failure) [PSYoungGen: 69536K->1376K(69632K)] 357979K->289819K(757760K), 0.0022794 secs] [Times: user=0.01 sys=0.00, real=0.01 secs] 
280.761: [GC (Allocation Failure) [PSYoungGen: 69472K->1501K(69632K)] 357915K->289968K(757760K), 0.0015038 secs] [Times: user=0.00 sys=0.00, real=0.00 secs] 
281.162: [GC (Allocation Failure) [PSYoungGen: 69597K->1613K(70144K)] 358064K->290080K(758272K), 0.0018051 secs] [Times: user=0.01 sys=0.00, real=0.00 secs] 
281.563: [GC (Allocation Failure) [PSYoungGen: 69703K->1517K(69632K)] 358171K->289984K(757760K), 0.0016069 secs] [Times: user=0.01 sys=0.00, real=0.00 secs] 
281.963: [GC (Allocation Failure) [PSYoungGen: 69595K->1552K(70144K)] 358063K->290043K(758272K), 0.0017635 secs] [Times: user=0.00 sys=0.00, real=0.00 secs] 
282.322: [GC (Allocation Failure) [PSYoungGen: 69648K->1408K(69632K)] 358139K->289899K(757760K), 0.0018657 secs] [Times: user=0.01 sys=0.00, real=0.00 secs] 
282.605: [GC (Allocation Failure) [PSYoungGen: 69504K->1408K(69632K)] 357995K->289899K(757760K), 0.0018527 secs] [Times: user=0.01 sys=0.00, real=0.01 secs] 
282.888: [GC (Allocation Failure) [PSYoungGen: 69504K->1360K(69632K)] 357995K->289851K(757760K), 0.0017857 secs] [Times: user=0.01 sys=0.00, real=0.00 secs] 
283.196: [GC (Allocation Failure) [PSYoungGen: 69456K->1408K(69632K)] 357947K->289899K(757760K), 0.0018503 secs] [Times: user=0.01 sys=0.00, real=0.01 secs] 
283.572: [GC (Allocation Failure) [PSYoungGen: 69504K->1517K(69632K)] 357995K->290008K(757760K), 0.0014427 secs] [Times: user=0.00 sys=0.00, real=0.00 secs] 
283.976: [GC (Allocation Failure) [PSYoungGen: 69613K->1597K(70144K)] 358104K->290088K(758272K), 0.0016100 secs] [Times: user=0.00 sys=0.00, real=0.01 secs] 
284.379: [GC (Allocation Failure) [PSYoungGen: 69693K->592K(69120K)] 358184K->290107K(757248K), 0.0017021 secs] [Times: user=0.00 sys=0.00, real=0.00 secs] 
284.785: [GC (Allocation Failure) [PSYoungGen: 68688K->557K(69120K)] 358203K->290088K(757248K), 0.0015433 secs] [Times: user=0.00 sys=0.00, real=0.00 secs] 
285.565: [GC (Allocation Failure) [PSYoungGen: 68653K->1440K(69632K)] 358184K->290979K(757760K), 0.0018933 secs] [Times: user=0.00 sys=0.00, real=0.01 secs] 
285.938: [GC (Allocation Failure) [PSYoungGen: 69536K->1440K(69632K)] 359075K->290979K(757760K), 0.0023913 secs] [Times: user=0.01 sys=0.01, real=0.00 secs] 
286.254: [GC (Allocation Failure) [PSYoungGen: 69536K->1376K(69632K)] 359075K->290915K(757760K), 0.0020632 secs] [Times: user=0.01 sys=0.00, real=0.00 secs] 
286.550: [GC (Allocation Failure) [PSYoungGen: 69472K->1408K(69632K)] 359011K->290955K(757760K), 0.0020907 secs] [Times: user=0.01 sys=0.00, real=0.00 secs] 
286.960: [GC (Allocation Failure) [PSYoungGen: 69504K->1517K(69632K)] 359051K->291104K(757760K), 0.0017130 secs] [Times: user=0.01 sys=0.00, real=0.00 secs] 
287.362: [GC (Allocation Failure) [PSYoungGen: 69613K->1613K(70144K)] 359200K->291200K(758272K), 0.0016318 secs] [Times: user=0.01 sys=0.00, real=0.00 secs] 
287.765: [GC (Allocation Failure) [PSYoungGen: 69709K->541K(69120K)] 359296K->291152K(757248K), 0.0015347 secs] [Times: user=0.00 sys=0.00, real=0.00 secs] 
288.190: [GC (Allocation Failure) [PSYoungGen: 68637K->1504K(69632K)] 359248K->292123K(757760K), 0.0018312 secs] [Times: user=0.00 sys=0.00, real=0.00 secs] 
288.473: [GC (Allocation Failure) [PSYoungGen: 69600K->1376K(69632K)] 360219K->291995K(757760K), 0.0017857 secs] [Times: user=0.01 sys=0.00, real=0.00 secs] 
288.756: [GC (Allocation Failure) [PSYoungGen: 69472K->1408K(69632K)] 360091K->292027K(757760K), 0.0019443 secs] [Times: user=0.01 sys=0.00, real=0.01 secs] 
289.039: [GC (Allocation Failure) [PSYoungGen: 69504K->1440K(75776K)] 360123K->292059K(763904K), 0.0066116 secs] [Times: user=0.03 sys=0.00, real=0.00 secs] 
289.461: [GC (Allocation Failure) [PSYoungGen: 75680K->1501K(75264K)] 366299K->292144K(763392K), 0.0015260 secs] [Times: user=0.00 sys=0.00, real=0.00 secs] 
289.890: [GC (Allocation Failure) [PSYoungGen: 75229K->1520K(74752K)] 365872K->292195K(762880K), 0.0015883 secs] [Times: user=0.01 sys=0.00, real=0.00 secs] 
290.325: [GC (Allocation Failure) [PSYoungGen: 74736K->1613K(74752K)] 365411K->292288K(762880K), 0.0016653 secs] [Times: user=0.00 sys=0.00, real=0.01 secs] 
290.752: [GC (Allocation Failure) [PSYoungGen: 74317K->589K(73216K)] 364992K->292288K(761344K), 0.0016656 secs] [Times: user=0.00 sys=0.00, real=0.00 secs] 
291.155: [GC (Allocation Failure) [PSYoungGen: 72781K->1376K(73216K)] 364480K->293083K(761344K), 0.0017678 secs] [Times: user=0.00 sys=0.00, real=0.00 secs] 
291.496: [GC (Allocation Failure) [PSYoungGen: 73056K->1408K(72704K)] 364763K->293115K(760832K), 0.0019358 secs] [Times: user=0.00 sys=0.00, real=0.01 secs] 
291.808: [GC (Allocation Failure) [PSYoungGen: 72576K->1440K(72192K)] 364283K->293147K(760320K), 0.0022528 secs] [Times: user=0.00 sys=0.00, real=0.00 secs] 
292.102: [GC (Allocation Failure) [PSYoungGen: 72096K->1344K(71680K)] 363803K->293051K(759808K), 0.0019046 secs] [Times: user=0.01 sys=0.00, real=0.00 secs] 
292.547: [GC (Allocation Failure) [PSYoungGen: 71488K->1584K(71680K)] 363195K->293291K(759808K), 0.0015709 secs] [Times: user=0.01 sys=0.00, real=0.00 secs] 
292.958: [GC (Allocation Failure) [PSYoungGen: 71216K->541K(70144K)] 362923K->293272K(758272K), 0.0014952 secs] [Times: user=0.01 sys=0.00, real=0.00 secs] 
293.360: [GC (Allocation Failure) [PSYoungGen: 69661K->541K(69632K)] 362392K->293280K(757760K), 0.0015757 secs] [Times: user=0.01 sys=0.00, real=0.00 secs] 
293.759: [GC (Allocation Failure) [PSYoungGen: 69149K->1488K(69632K)] 361888K->294235K(757760K), 0.0019887 secs] [Times: user=0.01 sys=0.00, real=0.00 secs] 
294.042: [GC (Allocation Failure) [PSYoungGen: 69584K->1408K(69632K)] 362331K->294155K(757760K), 0.0019303 secs] [Times: user=0.01 sys=0.01, real=0.00 secs] 
294.471: [GC (Allocation Failure) [PSYoungGen: 69504K->1376K(69632K)] 362251K->294123K(757760K), 0.0020811 secs] [Times: user=0.00 sys=0.00, real=0.00 secs] 
294.770: [GC (Allocation Failure) [PSYoungGen: 69472K->1408K(69632K)] 362219K->294155K(757760K), 0.0021654 secs] [Times: user=0.00 sys=0.00, real=0.00 secs] 
295.166: [GC (Allocation Failure) [PSYoungGen: 69504K->1469K(69632K)] 362251K->294216K(757760K), 0.0014305 secs] [Times: user=0.01 sys=0.00, real=0.01 secs] 
295.569: [GC (Allocation Failure) [PSYoungGen: 69565K->1616K(70144K)] 362312K->294363K(758272K), 0.0018040 secs] [Times: user=0.01 sys=0.00, real=0.00 secs] 
295.971: [GC (Allocation Failure) [PSYoungGen: 69698K->573K(69120K)] 362446K->294344K(757248K), 0.0016339 secs] [Times: user=0.00 sys=0.00, real=0.00 secs] 
296.371: [GC (Allocation Failure) [PSYoungGen: 68644K->573K(69120K)] 362415K->294344K(757248K), 0.0015892 secs] [Times: user=0.00 sys=0.00, real=0.00 secs] 
297.707: [GC (Allocation Failure) [PSYoungGen: 68669K->1440K(69632K)] 362440K->295227K(757760K), 0.0038696 secs] [Times: user=0.02 sys=0.00, real=0.00 secs] 
298.584: [GC (Allocation Failure) [PSYoungGen: 69536K->1440K(69632K)] 363323K->295227K(757760K), 0.0024823 secs] [Times: user=0.01 sys=0.00, real=0.00 secs] 
299.117: [GC (Allocation Failure) [PSYoungGen: 69536K->1344K(69632K)] 363323K->295131K(757760K), 0.0022815 secs] [Times: user=0.01 sys=0.00, real=0.00 secs] 
299.400: [GC (Allocation Failure) [PSYoungGen: 69440K->1376K(69632K)] 363227K->295163K(757760K), 0.0020797 secs] [Times: user=0.01 sys=0.00, real=0.00 secs] 
299.785: [GC (Allocation Failure) [PSYoungGen: 69472K->1485K(69632K)] 363259K->295272K(757760K), 0.0015423 secs] [Times: user=0.01 sys=0.00, real=0.00 secs] 
300.186: [GC (Allocation Failure) [PSYoungGen: 69561K->1581K(70144K)] 363349K->295368K(758272K), 0.0015854 secs] [Times: user=0.01 sys=0.00, real=0.01 secs] 
300.591: [GC (Allocation Failure) [PSYoungGen: 69653K->1581K(70144K)] 363441K->295384K(758272K), 0.0015324 secs] [Times: user=0.00 sys=0.00, real=0.00 secs] 
301.029: [GC (Allocation Failure) [PSYoungGen: 69677K->1776K(70144K)] 363480K->295579K(758272K), 0.0019088 secs] [Times: user=0.00 sys=0.00, real=0.00 secs] 
301.890: [GC (Allocation Failure) [PSYoungGen: 69872K->1344K(69632K)] 363675K->295147K(757760K), 0.0019240 secs] [Times: user=0.01 sys=0.00, real=0.00 secs] 
302.297: [GC (Allocation Failure) [PSYoungGen: 69440K->1408K(69632K)] 363243K->295211K(757760K), 0.0021803 secs] [Times: user=0.01 sys=0.00, real=0.00 secs] 
302.580: [GC (Allocation Failure) [PSYoungGen: 69504K->1376K(69632K)] 363307K->295179K(757760K), 0.0021975 secs] [Times: user=0.01 sys=0.00, real=0.00 secs] 
303.005: [GC (Allocation Failure) [PSYoungGen: 69472K->1408K(69632K)] 363275K->295211K(757760K), 0.0022360 secs] [Times: user=0.01 sys=0.00, real=0.01 secs] 
303.451: [GC (Allocation Failure) [PSYoungGen: 69504K->1533K(69632K)] 363307K->295336K(757760K), 0.0015177 secs] [Times: user=0.00 sys=0.00, real=0.00 secs] 
303.852: [GC (Allocation Failure) [PSYoungGen: 69629K->1613K(70144K)] 363432K->295416K(758272K), 0.0015693 secs] [Times: user=0.01 sys=0.00, real=0.00 secs] 
304.256: [GC (Allocation Failure) [PSYoungGen: 69709K->557K(69120K)] 363512K->295384K(757248K), 0.0017055 secs] [Times: user=0.00 sys=0.00, real=0.01 secs] 
304.825: [GC (Allocation Failure) [PSYoungGen: 68653K->1488K(70656K)] 363480K->296323K(758784K), 0.0018639 secs] [Times: user=0.01 sys=0.00, real=0.01 secs] 
305.448: [GC (Allocation Failure) [PSYoungGen: 69584K->1408K(69632K)] 364419K->296243K(757760K), 0.0032588 secs] [Times: user=0.01 sys=0.00, real=0.00 secs] 
306.036: [GC (Allocation Failure) [PSYoungGen: 69504K->1408K(69632K)] 364339K->296243K(757760K), 0.0026357 secs] [Times: user=0.01 sys=0.00, real=0.01 secs] 
306.318: [GC (Allocation Failure) [PSYoungGen: 69504K->1408K(69632K)] 364339K->296243K(757760K), 0.0019331 secs] [Times: user=0.01 sys=0.00, real=0.00 secs] 
306.667: [GC (Allocation Failure) [PSYoungGen: 69504K->1485K(69632K)] 364339K->296320K(757760K), 0.0014793 secs] [Times: user=0.00 sys=0.00, real=0.01 secs] 
307.131: [GC (Allocation Failure) [PSYoungGen: 69581K->1517K(69632K)] 364416K->296440K(757760K), 0.0019101 secs] [Times: user=0.00 sys=0.00, real=0.00 secs] 
307.532: [GC (Allocation Failure) [PSYoungGen: 69601K->1597K(70144K)] 364525K->296528K(758272K), 0.0016124 secs] [Times: user=0.00 sys=0.00, real=0.00 secs] 
307.931: [GC (Allocation Failure) [PSYoungGen: 69672K->592K(69120K)] 364604K->296547K(757248K), 0.0015417 secs] [Times: user=0.01 sys=0.00, real=0.00 secs] 
308.278: [GC (Allocation Failure) [PSYoungGen: 68688K->1440K(69632K)] 364643K->297395K(757760K), 0.0028083 secs] [Times: user=0.01 sys=0.00, real=0.00 secs] 
308.561: [GC (Allocation Failure) [PSYoungGen: 69536K->1360K(69632K)] 365491K->297315K(757760K), 0.0021266 secs] [Times: user=0.01 sys=0.00, real=0.00 secs] 
308.844: [GC (Allocation Failure) [PSYoungGen: 69456K->1360K(69632K)] 365411K->297315K(757760K), 0.0020605 secs] [Times: user=0.00 sys=0.00, real=0.00 secs] 
309.128: [GC (Allocation Failure) [PSYoungGen: 69456K->1376K(69632K)] 365411K->297331K(757760K), 0.0018454 secs] [Times: user=0.01 sys=0.00, real=0.00 secs] 
309.576: [GC (Allocation Failure) [PSYoungGen: 69472K->1488K(69632K)] 365427K->297467K(757760K), 0.0015151 secs] [Times: user=0.01 sys=0.00, real=0.01 secs] 
309.983: [GC (Allocation Failure) [PSYoungGen: 69584K->1517K(69632K)] 365563K->297552K(757760K), 0.0017250 secs] [Times: user=0.01 sys=0.00, real=0.00 secs] 
310.389: [GC (Allocation Failure) [PSYoungGen: 69613K->1581K(70144K)] 365648K->297640K(758272K), 0.0015825 secs] [Times: user=0.01 sys=0.00, real=0.00 secs] 
310.792: [GC (Allocation Failure) [PSYoungGen: 69677K->541K(69120K)] 365736K->297624K(757248K), 0.0017161 secs] [Times: user=0.01 sys=0.00, real=0.00 secs] 
311.144: [GC (Allocation Failure) [PSYoungGen: 68637K->1440K(69632K)] 365720K->298523K(757760K), 0.0018806 secs] [Times: user=0.00 sys=0.00, real=0.00 secs] 
311.427: [GC (Allocation Failure) [PSYoungGen: 69536K->1376K(69632K)] 366619K->298459K(757760K), 0.0019118 secs] [Times: user=0.01 sys=0.00, real=0.00 secs] 
311.753: [GC (Allocation Failure) [PSYoungGen: 69472K->1376K(69632K)] 366555K->298459K(757760K), 0.0017609 secs] [Times: user=0.00 sys=0.01, real=0.00 secs] 
312.035: [GC (Allocation Failure) [PSYoungGen: 69472K->1344K(69632K)] 366555K->298435K(757760K), 0.0018054 secs] [Times: user=0.01 sys=0.00, real=0.01 secs] 
312.458: [GC (Allocation Failure) [PSYoungGen: 69440K->1581K(70144K)] 366531K->298672K(758272K), 0.0015839 secs] [Times: user=0.01 sys=0.00, real=0.00 secs] 
312.861: [GC (Allocation Failure) [PSYoungGen: 69677K->557K(69120K)] 366768K->298672K(757248K), 0.0016414 secs] [Times: user=0.00 sys=0.00, real=0.00 secs] 
313.264: [GC (Allocation Failure) [PSYoungGen: 68653K->525K(69120K)] 366768K->298640K(757248K), 0.0015206 secs] [Times: user=0.00 sys=0.00, real=0.00 secs] 
314.040: [GC (Allocation Failure) [PSYoungGen: 68621K->1520K(69632K)] 366736K->299635K(757760K), 0.0028877 secs] [Times: user=0.01 sys=0.00, real=0.00 secs] 
314.808: [GC (Allocation Failure) [PSYoungGen: 69616K->1376K(69632K)] 367731K->299491K(757760K), 0.0023913 secs] [Times: user=0.01 sys=0.00, real=0.00 secs] 
315.087: [GC (Allocation Failure) [PSYoungGen: 69472K->1408K(69632K)] 367587K->299523K(757760K), 0.0020559 secs] [Times: user=0.01 sys=0.00, real=0.01 secs] 
315.369: [GC (Allocation Failure) [PSYoungGen: 69504K->1408K(69632K)] 367619K->299523K(757760K), 0.0017936 secs] [Times: user=0.00 sys=0.00, real=0.00 secs] 
315.704: [GC (Allocation Failure) [PSYoungGen: 69504K->1533K(69632K)] 367619K->299664K(757760K), 0.0014850 secs] [Times: user=0.00 sys=0.00, real=0.00 secs] 
316.104: [GC (Allocation Failure) [PSYoungGen: 69629K->1613K(70144K)] 367760K->299744K(758272K), 0.0016120 secs] [Times: user=0.00 sys=0.00, real=0.00 secs] 
316.511: [GC (Allocation Failure) [PSYoungGen: 69700K->557K(69120K)] 367832K->299712K(757248K), 0.0016727 secs] [Times: user=0.00 sys=0.00, real=0.00 secs] 
316.972: [GC (Allocation Failure) [PSYoungGen: 68653K->541K(69120K)] 367808K->299696K(757248K), 0.0018504 secs] [Times: user=0.00 sys=0.00, real=0.00 secs] 
317.379: [GC (Allocation Failure) [PSYoungGen: 68637K->1488K(69632K)] 367792K->300651K(757760K), 0.0021478 secs] [Times: user=0.00 sys=0.00, real=0.00 secs] 
317.663: [GC (Allocation Failure) [PSYoungGen: 69584K->1408K(69632K)] 368747K->300587K(757760K), 0.0020008 secs] [Times: user=0.00 sys=0.00, real=0.00 secs] 
317.946: [GC (Allocation Failure) [PSYoungGen: 69504K->1392K(69632K)] 368683K->300571K(757760K), 0.0019659 secs] [Times: user=0.00 sys=0.00, real=0.01 secs] 
318.229: [GC (Allocation Failure) [PSYoungGen: 69488K->1408K(69632K)] 368667K->300587K(757760K), 0.0020948 secs] [Times: user=0.01 sys=0.00, real=0.00 secs] 
318.694: [GC (Allocation Failure) [PSYoungGen: 69504K->1504K(69632K)] 368683K->300683K(757760K), 0.0016302 secs] [Times: user=0.00 sys=0.00, real=0.00 secs] 
319.097: [GC (Allocation Failure) [PSYoungGen: 69600K->1581K(70144K)] 368779K->300760K(758272K), 0.0018152 secs] [Times: user=0.00 sys=0.00, real=0.00 secs] 
319.500: [GC (Allocation Failure) [PSYoungGen: 69677K->1581K(70144K)] 368856K->300784K(758272K), 0.0015358 secs] [Times: user=0.00 sys=0.00, real=0.00 secs] 
319.911: [GC (Allocation Failure) [PSYoungGen: 69677K->1581K(70144K)] 368880K->300800K(758272K), 0.0016812 secs] [Times: user=0.01 sys=0.00, real=0.00 secs] 
320.234: [GC (Allocation Failure) [PSYoungGen: 69677K->1408K(69632K)] 368896K->300627K(757760K), 0.0015558 secs] [Times: user=0.00 sys=0.00, real=0.00 secs] 
320.577: [GC (Allocation Failure) [PSYoungGen: 69504K->1376K(69632K)] 368723K->300595K(757760K), 0.0016500 secs] [Times: user=0.01 sys=0.00, real=0.00 secs] 
320.929: [GC (Allocation Failure) [PSYoungGen: 69472K->1408K(69632K)] 368691K->300627K(757760K), 0.0018321 secs] [Times: user=0.00 sys=0.00, real=0.00 secs] 
321.220: [GC (Allocation Failure) [PSYoungGen: 69504K->1376K(69632K)] 368723K->300611K(757760K), 0.0018282 secs] [Times: user=0.01 sys=0.00, real=0.00 secs] 
321.658: [GC (Allocation Failure) [PSYoungGen: 69472K->1520K(69632K)] 368707K->300755K(757760K), 0.0015023 secs] [Times: user=0.01 sys=0.00, real=0.00 secs] 
322.061: [GC (Allocation Failure) [PSYoungGen: 69616K->1520K(69632K)] 368851K->300755K(757760K), 0.0017663 secs] [Times: user=0.01 sys=0.00, real=0.00 secs] 
322.462: [GC (Allocation Failure) [PSYoungGen: 69616K->1520K(69632K)] 368851K->300843K(757760K), 0.0015377 secs] [Times: user=0.01 sys=0.00, real=0.00 secs] 
322.878: [GC (Allocation Failure) [PSYoungGen: 69616K->1440K(69632K)] 368939K->300779K(757760K), 0.0019733 secs] [Times: user=0.01 sys=0.00, real=0.00 secs] 
323.217: [GC (Allocation Failure) [PSYoungGen: 69536K->1424K(69632K)] 368875K->300763K(757760K), 0.0018926 secs] [Times: user=0.01 sys=0.00, real=0.00 secs] 
323.524: [GC (Allocation Failure) [PSYoungGen: 69520K->1408K(69632K)] 368859K->300747K(757760K), 0.0020430 secs] [Times: user=0.01 sys=0.00, real=0.00 secs] 
323.839: [GC (Allocation Failure) [PSYoungGen: 69504K->1408K(69632K)] 368843K->300747K(757760K), 0.0017535 secs] [Times: user=0.01 sys=0.01, real=0.00 secs] 
324.523: [GC (Allocation Failure) [PSYoungGen: 69504K->1469K(69632K)] 368843K->300808K(757760K), 0.0019766 secs] [Times: user=0.01 sys=0.00, real=0.00 secs] 
324.942: [GC (Allocation Failure) [PSYoungGen: 69565K->1533K(69632K)] 368904K->300872K(757760K), 0.0015749 secs] [Times: user=0.00 sys=0.00, real=0.00 secs] 
325.344: [GC (Allocation Failure) [PSYoungGen: 69629K->1613K(70144K)] 368968K->300952K(758272K), 0.0016034 secs] [Times: user=0.01 sys=0.00, real=0.00 secs] 
325.752: [GC (Allocation Failure) [PSYoungGen: 69709K->541K(69120K)] 369048K->300904K(757248K), 0.0017432 secs] [Times: user=0.01 sys=0.00, real=0.00 secs] 
326.300: [GC (Allocation Failure) [PSYoungGen: 68637K->1504K(69632K)] 369000K->301867K(757760K), 0.0018188 secs] [Times: user=0.00 sys=0.00, real=0.00 secs] 
326.772: [GC (Allocation Failure) [PSYoungGen: 69600K->1408K(69632K)] 369963K->301771K(757760K), 0.0019476 secs] [Times: user=0.01 sys=0.00, real=0.00 secs] 
327.055: [GC (Allocation Failure) [PSYoungGen: 69504K->1392K(69632K)] 369867K->301755K(757760K), 0.0020181 secs] [Times: user=0.01 sys=0.00, real=0.01 secs] 
327.338: [GC (Allocation Failure) [PSYoungGen: 69488K->1408K(69632K)] 369851K->301771K(757760K), 0.0016811 secs] [Times: user=0.01 sys=0.00, real=0.00 secs] 
327.711: [GC (Allocation Failure) [PSYoungGen: 69504K->1549K(70144K)] 369867K->301920K(758272K), 0.0015858 secs] [Times: user=0.01 sys=0.00, real=0.00 secs] 
328.113: [GC (Allocation Failure) [PSYoungGen: 69645K->573K(69120K)] 370016K->301968K(757248K), 0.0016559 secs] [Times: user=0.00 sys=0.00, real=0.00 secs] 
328.521: [GC (Allocation Failure) [PSYoungGen: 68669K->573K(69120K)] 370064K->301968K(757248K), 0.0016718 secs] [Times: user=0.00 sys=0.00, real=0.00 secs] 
328.990: [GC (Allocation Failure) [PSYoungGen: 68669K->525K(69120K)] 370064K->301936K(757248K), 0.0019274 secs] [Times: user=0.01 sys=0.00, real=0.00 secs] 
329.309: [GC (Allocation Failure) [PSYoungGen: 68621K->1408K(69632K)] 370032K->302819K(757760K), 0.0021554 secs] [Times: user=0.01 sys=0.00, real=0.00 secs] 
329.592: [GC (Allocation Failure) [PSYoungGen: 69504K->1376K(69632K)] 370915K->302811K(757760K), 0.0020365 secs] [Times: user=0.01 sys=0.00, real=0.00 secs] 
329.875: [GC (Allocation Failure) [PSYoungGen: 69472K->1344K(69632K)] 370907K->302779K(757760K), 0.0020537 secs] [Times: user=0.00 sys=0.00, real=0.01 secs] 
330.159: [GC (Allocation Failure) [PSYoungGen: 69440K->1376K(69632K)] 370875K->302811K(757760K), 0.0019003 secs] [Times: user=0.01 sys=0.00, real=0.00 secs] 
330.685: [GC (Allocation Failure) [PSYoungGen: 69472K->1485K(69632K)] 370907K->302920K(757760K), 0.0016124 secs] [Times: user=0.00 sys=0.01, real=0.00 secs] 
331.091: [GC (Allocation Failure) [PSYoungGen: 69581K->1517K(69632K)] 371016K->302976K(757760K), 0.0015258 secs] [Times: user=0.01 sys=0.00, real=0.00 secs] 
331.493: [GC (Allocation Failure) [PSYoungGen: 69613K->1584K(70144K)] 371072K->303067K(758272K), 0.0017111 secs] [Times: user=0.01 sys=0.00, real=0.00 secs] 
331.885: [GC (Allocation Failure) [PSYoungGen: 69680K->496K(68608K)] 371163K->303003K(756736K), 0.0019285 secs] [Times: user=0.01 sys=0.00, real=0.00 secs] 
332.172: [GC (Allocation Failure) [PSYoungGen: 68592K->352K(70656K)] 371099K->302859K(758784K), 0.0021856 secs] [Times: user=0.01 sys=0.00, real=0.00 secs] 
332.451: [GC (Allocation Failure) [PSYoungGen: 68448K->352K(68608K)] 370955K->302859K(756736K), 0.0020850 secs] [Times: user=0.00 sys=0.00, real=0.00 secs] 
332.734: [GC (Allocation Failure) [PSYoungGen: 68448K->384K(70656K)] 370955K->302891K(758784K), 0.0017097 secs] [Times: user=0.01 sys=0.00, real=0.00 secs] 
333.076: [GC (Allocation Failure) [PSYoungGen: 68480K->1533K(69632K)] 370987K->304041K(757760K), 0.0015003 secs] [Times: user=0.01 sys=0.00, real=0.01 secs] 
333.476: [GC (Allocation Failure) [PSYoungGen: 69619K->1581K(70144K)] 372126K->304089K(758272K), 0.0015922 secs] [Times: user=0.01 sys=0.00, real=0.01 secs] 
333.874: [GC (Allocation Failure) [PSYoungGen: 69663K->1613K(70144K)] 372171K->304121K(758272K), 0.0015358 secs] [Times: user=0.01 sys=0.00, real=0.00 secs] 
334.271: [GC (Allocation Failure) [PSYoungGen: 69705K->1597K(70144K)] 372212K->304104K(758272K), 0.0016360 secs] [Times: user=0.01 sys=0.00, real=0.00 secs] 
334.879: [GC (Allocation Failure) [PSYoungGen: 69693K->1504K(69632K)] 372200K->304035K(757760K), 0.0018338 secs] [Times: user=0.00 sys=0.00, real=0.00 secs] 
335.525: [GC (Allocation Failure) [PSYoungGen: 69600K->1376K(69632K)] 372131K->303907K(757760K), 0.0040697 secs] [Times: user=0.01 sys=0.01, real=0.01 secs] 
336.189: [GC (Allocation Failure) [PSYoungGen: 69472K->1408K(69632K)] 372003K->303939K(757760K), 0.0028322 secs] [Times: user=0.01 sys=0.00, real=0.00 secs] 
336.861: [GC (Allocation Failure) [PSYoungGen: 69504K->1408K(69632K)] 372035K->303939K(757760K), 0.0025733 secs] [Times: user=0.01 sys=0.01, real=0.00 secs] 
337.477: [GC (Allocation Failure) [PSYoungGen: 69504K->1504K(69632K)] 372035K->304035K(757760K), 0.0019695 secs] [Times: user=0.01 sys=0.00, real=0.00 secs] 
337.956: [GC (Allocation Failure) [PSYoungGen: 69600K->1632K(70144K)] 372131K->304163K(758272K), 0.0017064 secs] [Times: user=0.01 sys=0.00, real=0.01 secs] 
338.357: [GC (Allocation Failure) [PSYoungGen: 69713K->1549K(70144K)] 372245K->304081K(758272K), 0.0015882 secs] [Times: user=0.01 sys=0.00, real=0.01 secs] 
338.811: [GC (Allocation Failure) [PSYoungGen: 69623K->1613K(70144K)] 372155K->304161K(758272K), 0.0017087 secs] [Times: user=0.00 sys=0.00, real=0.00 secs] 
340.040: [GC (Allocation Failure) [PSYoungGen: 69709K->1456K(69632K)] 372257K->304011K(757760K), 0.0040583 secs] [Times: user=0.02 sys=0.00, real=0.00 secs] 
340.656: [GC (Allocation Failure) [PSYoungGen: 69552K->1376K(69632K)] 372107K->303931K(757760K), 0.0029172 secs] [Times: user=0.01 sys=0.00, real=0.01 secs] 
341.232: [GC (Allocation Failure) [PSYoungGen: 69472K->1440K(69632K)] 372027K->303995K(757760K), 0.0030153 secs] [Times: user=0.01 sys=0.00, real=0.00 secs] 
341.644: [GC (Allocation Failure) [PSYoungGen: 69536K->1408K(69632K)] 372091K->303963K(757760K), 0.0021641 secs] [Times: user=0.00 sys=0.00, real=0.00 secs] 
342.211: [GC (Allocation Failure) [PSYoungGen: 69504K->1549K(70144K)] 372059K->304121K(758272K), 0.0015070 secs] [Times: user=0.00 sys=0.00, real=0.00 secs] 
342.613: [GC (Allocation Failure) [PSYoungGen: 69645K->1581K(70144K)] 372217K->304153K(758272K), 0.0018203 secs] [Times: user=0.00 sys=0.00, real=0.00 secs] 
343.017: [GC (Allocation Failure) [PSYoungGen: 69677K->493K(68608K)] 372249K->304145K(756736K), 0.0016929 secs] [Times: user=0.00 sys=0.00, real=0.01 secs] 
343.622: [GC (Allocation Failure) [PSYoungGen: 68589K->2016K(70144K)] 372241K->306203K(758272K), 0.0029316 secs] [Times: user=0.01 sys=0.00, real=0.00 secs] 
344.753: [GC (Allocation Failure) [PSYoungGen: 70112K->1408K(69632K)] 374299K->305595K(757760K), 0.0033445 secs] [Times: user=0.01 sys=0.00, real=0.00 secs] 
345.547: [GC (Allocation Failure) [PSYoungGen: 69504K->1408K(69632K)] 373691K->305595K(757760K), 0.0033165 secs] [Times: user=0.01 sys=0.00, real=0.01 secs] 
346.238: [GC (Allocation Failure) [PSYoungGen: 69504K->1376K(69632K)] 373691K->305563K(757760K), 0.0029134 secs] [Times: user=0.01 sys=0.00, real=0.00 secs] 
347.096: [GC (Allocation Failure) [PSYoungGen: 69472K->1408K(69632K)] 373659K->305595K(757760K), 0.0039187 secs] [Times: user=0.01 sys=0.00, real=0.01 secs] 
347.689: [GC (Allocation Failure) [PSYoungGen: 69504K->1616K(70144K)] 373691K->305803K(758272K), 0.0019034 secs] [Times: user=0.00 sys=0.00, real=0.00 secs] 
348.094: [GC (Allocation Failure) [PSYoungGen: 69708K->1597K(70144K)] 373895K->305785K(758272K), 0.0016103 secs] [Times: user=0.00 sys=0.00, real=0.00 secs] 
348.495: [GC (Allocation Failure) [PSYoungGen: 69693K->1533K(69632K)] 373881K->305721K(757760K), 0.0016312 secs] [Times: user=0.00 sys=0.00, real=0.00 secs] 
348.917: [GC (Allocation Failure) [PSYoungGen: 69629K->1472K(69632K)] 373817K->305667K(757760K), 0.0021579 secs] [Times: user=0.01 sys=0.00, real=0.00 secs] 
349.231: [GC (Allocation Failure) [PSYoungGen: 69568K->1392K(69632K)] 373763K->305587K(757760K), 0.0018396 secs] [Times: user=0.01 sys=0.00, real=0.00 secs] 
349.515: [GC (Allocation Failure) [PSYoungGen: 69488K->1376K(69632K)] 373683K->305571K(757760K), 0.0029116 secs] [Times: user=0.01 sys=0.00, real=0.01 secs] 
349.799: [GC (Allocation Failure) [PSYoungGen: 69472K->1376K(69632K)] 373667K->305571K(757760K), 0.0022137 secs] [Times: user=0.01 sys=0.00, real=0.00 secs] 
350.165: [GC (Allocation Failure) [PSYoungGen: 69472K->1501K(69632K)] 373667K->305697K(757760K), 0.0015341 secs] [Times: user=0.00 sys=0.00, real=0.00 secs] 
350.571: [GC (Allocation Failure) [PSYoungGen: 69597K->1520K(69632K)] 373793K->305771K(757760K), 0.0015013 secs] [Times: user=0.00 sys=0.01, real=0.00 secs] 
350.977: [GC (Allocation Failure) [PSYoungGen: 69616K->1536K(70144K)] 373867K->305827K(758272K), 0.0015845 secs] [Times: user=0.01 sys=0.00, real=0.01 secs] 
351.377: [GC (Allocation Failure) [PSYoungGen: 69632K->541K(69120K)] 373923K->305857K(757248K), 0.0016732 secs] [Times: user=0.01 sys=0.00, real=0.01 secs] 
352.508: [GC (Allocation Failure) [PSYoungGen: 68637K->1440K(69632K)] 373953K->306763K(757760K), 0.0036106 secs] [Times: user=0.01 sys=0.00, real=0.00 secs] 
353.565: [GC (Allocation Failure) [PSYoungGen: 69536K->1376K(69632K)] 374859K->306699K(757760K), 0.0042625 secs] [Times: user=0.02 sys=0.00, real=0.01 secs] 
353.939: [GC (Allocation Failure) [PSYoungGen: 69472K->1408K(69632K)] 374795K->306731K(757760K), 0.0021386 secs] [Times: user=0.01 sys=0.00, real=0.00 secs] 
354.222: [GC (Allocation Failure) [PSYoungGen: 69504K->1376K(69632K)] 374827K->306699K(757760K), 0.0020142 secs] [Times: user=0.01 sys=0.00, real=0.00 secs] 
354.591: [GC (Allocation Failure) [PSYoungGen: 69472K->1581K(70144K)] 374795K->306905K(758272K), 0.0015914 secs] [Times: user=0.01 sys=0.00, real=0.00 secs] 
354.992: [GC (Allocation Failure) [PSYoungGen: 69677K->560K(69120K)] 375001K->306907K(757248K), 0.0015937 secs] [Times: user=0.01 sys=0.00, real=0.00 secs] 
355.393: [GC (Allocation Failure) [PSYoungGen: 68656K->528K(69120K)] 375003K->306875K(757248K), 0.0015160 secs] [Times: user=0.00 sys=0.00, real=0.00 secs] 
355.789: [GC (Allocation Failure) [PSYoungGen: 68624K->1408K(69632K)] 374971K->307755K(757760K), 0.0017246 secs] [Times: user=0.00 sys=0.00, real=0.00 secs] 
356.732: [GC (Allocation Failure) [PSYoungGen: 69504K->1376K(69632K)] 375851K->307723K(757760K), 0.0042967 secs] [Times: user=0.02 sys=0.00, real=0.00 secs] 
357.314: [GC (Allocation Failure) [PSYoungGen: 69472K->1440K(69632K)] 375819K->307787K(757760K), 0.0031596 secs] [Times: user=0.01 sys=0.00, real=0.00 secs] 
357.873: [GC (Allocation Failure) [PSYoungGen: 69536K->1408K(69632K)] 375883K->307755K(757760K), 0.0033401 secs] [Times: user=0.01 sys=0.00, real=0.00 secs] 
358.156: [GC (Allocation Failure) [PSYoungGen: 69504K->1376K(69632K)] 375851K->307723K(757760K), 0.0019600 secs] [Times: user=0.01 sys=0.00, real=0.01 secs] 
358.625: [GC (Allocation Failure) [PSYoungGen: 69450K->1584K(70144K)] 375798K->307931K(758272K), 0.0016887 secs] [Times: user=0.01 sys=0.00, real=0.01 secs] 
359.027: [GC (Allocation Failure) [PSYoungGen: 69680K->589K(69120K)] 376027K->307961K(757248K), 0.0016349 secs] [Times: user=0.01 sys=0.00, real=0.00 secs] 
359.496: [GC (Allocation Failure) [PSYoungGen: 68685K->509K(68608K)] 376057K->307881K(756736K), 0.0018327 secs] [Times: user=0.00 sys=0.00, real=0.01 secs] 
360.002: [GC (Allocation Failure) [PSYoungGen: 68605K->1472K(69632K)] 375977K->308859K(757760K), 0.0031170 secs] [Times: user=0.01 sys=0.00, real=0.00 secs] 
360.581: [GC (Allocation Failure) [PSYoungGen: 69568K->1408K(69632K)] 376955K->308819K(757760K), 0.0035458 secs] [Times: user=0.01 sys=0.00, real=0.00 secs] 
361.140: [GC (Allocation Failure) [PSYoungGen: 69504K->1360K(69632K)] 376915K->308771K(757760K), 0.0026857 secs] [Times: user=0.02 sys=0.00, real=0.00 secs] 
361.673: [GC (Allocation Failure) [PSYoungGen: 69456K->1440K(69632K)] 376867K->308851K(757760K), 0.0025965 secs] [Times: user=0.01 sys=0.00, real=0.00 secs] 
362.019: [GC (Allocation Failure) [PSYoungGen: 69536K->1453K(69632K)] 376947K->308865K(757760K), 0.0014420 secs] [Times: user=0.01 sys=0.00, real=0.00 secs] 
362.419: [GC (Allocation Failure) [PSYoungGen: 69549K->1645K(70144K)] 376961K->309057K(758272K), 0.0015971 secs] [Times: user=0.01 sys=0.00, real=0.00 secs] 
362.824: [GC (Allocation Failure) [PSYoungGen: 69741K->592K(69120K)] 377153K->309027K(757248K), 0.0015544 secs] [Times: user=0.01 sys=0.00, real=0.00 secs] 
363.225: [GC (GCLocker Initiated GC) [PSYoungGen: 68688K->509K(68608K)] 377123K->308953K(756736K), 0.0015936 secs] [Times: user=0.00 sys=0.00, real=0.00 secs] 
363.866: [GC (Allocation Failure) [PSYoungGen: 68605K->1440K(69632K)] 377052K->309887K(757760K), 0.0021840 secs] [Times: user=0.01 sys=0.00, real=0.01 secs] 
364.439: [GC (Allocation Failure) [PSYoungGen: 69536K->1440K(69632K)] 377983K->309887K(757760K), 0.0020108 secs] [Times: user=0.01 sys=0.00, real=0.00 secs] 
365.058: [GC (Allocation Failure) [PSYoungGen: 69536K->1408K(69632K)] 377983K->309855K(757760K), 0.0025858 secs] [Times: user=0.01 sys=0.00, real=0.00 secs] 
365.539: [GC (Allocation Failure) [PSYoungGen: 69504K->1344K(69632K)] 377951K->309791K(757760K), 0.0019914 secs] [Times: user=0.00 sys=0.00, real=0.00 secs] 
365.919: [GC (Allocation Failure) [PSYoungGen: 69440K->1533K(69632K)] 377887K->309980K(757760K), 0.0015533 secs] [Times: user=0.01 sys=0.00, real=0.00 secs] 
366.321: [GC (Allocation Failure) [PSYoungGen: 69629K->1584K(70144K)] 378076K->310031K(758272K), 0.0018088 secs] [Times: user=0.01 sys=0.00, real=0.00 secs] 
366.721: [GC (Allocation Failure) [PSYoungGen: 69680K->1645K(70144K)] 378127K->310092K(758272K), 0.0015276 secs] [Times: user=0.00 sys=0.00, real=0.00 secs] 
367.182: [GC (Allocation Failure) [PSYoungGen: 69741K->1613K(70144K)] 378188K->310076K(758272K), 0.0016678 secs] [Times: user=0.01 sys=0.00, real=0.00 secs] 
367.916: [GC (Allocation Failure) [PSYoungGen: 69709K->1472K(69632K)] 378172K->309935K(757760K), 0.0027055 secs] [Times: user=0.01 sys=0.00, real=0.01 secs] 
368.469: [GC (Allocation Failure) [PSYoungGen: 69568K->1472K(69632K)] 378031K->309935K(757760K), 0.0019978 secs] [Times: user=0.01 sys=0.00, real=0.00 secs] 
369.088: [GC (Allocation Failure) [PSYoungGen: 69568K->1456K(69632K)] 378031K->309919K(757760K), 0.0030517 secs] [Times: user=0.02 sys=0.00, real=0.00 secs] 
369.555: [GC (Allocation Failure) [PSYoungGen: 69552K->1408K(69632K)] 378015K->309871K(757760K), 0.0020760 secs] [Times: user=0.01 sys=0.00, real=0.01 secs] 
370.079: [GC (Allocation Failure) [PSYoungGen: 69504K->1661K(70144K)] 377967K->310124K(758272K), 0.0015042 secs] [Times: user=0.00 sys=0.00, real=0.00 secs] 
370.479: [GC (Allocation Failure) [PSYoungGen: 69757K->1616K(70144K)] 378220K->310079K(758272K), 0.0016699 secs] [Times: user=0.01 sys=0.00, real=0.00 secs] 
370.881: [GC (Allocation Failure) [PSYoungGen: 69712K->509K(68608K)] 378175K->310092K(756736K), 0.0016745 secs] [Times: user=0.01 sys=0.00, real=0.00 secs] 
371.321: [GC (Allocation Failure) [PSYoungGen: 68605K->1488K(70144K)] 378188K->311135K(758272K), 0.0043414 secs] [Times: user=0.02 sys=0.00, real=0.00 secs] 
371.978: [GC (Allocation Failure) [PSYoungGen: 69584K->1408K(69632K)] 379231K->311055K(757760K), 0.0041191 secs] [Times: user=0.02 sys=0.00, real=0.00 secs] 
372.582: [GC (Allocation Failure) [PSYoungGen: 69504K->1408K(69632K)] 379151K->311055K(757760K), 0.0028695 secs] [Times: user=0.01 sys=0.01, real=0.00 secs] 
373.039: [GC (Allocation Failure) [PSYoungGen: 69504K->1376K(69632K)] 379151K->311023K(757760K), 0.0017675 secs] [Times: user=0.01 sys=0.00, real=0.00 secs] 
373.395: [GC (Allocation Failure) [PSYoungGen: 69472K->1533K(69632K)] 379119K->311180K(757760K), 0.0015901 secs] [Times: user=0.00 sys=0.00, real=0.00 secs] 
373.798: [GC (Allocation Failure) [PSYoungGen: 69629K->1504K(69632K)] 379276K->311239K(757760K), 0.0016024 secs] [Times: user=0.01 sys=0.00, real=0.00 secs] 
374.200: [GC (Allocation Failure) [PSYoungGen: 69597K->1565K(70144K)] 379332K->311308K(758272K), 0.0016031 secs] [Times: user=0.01 sys=0.00, real=0.00 secs] 
374.600: [GC (Allocation Failure) [PSYoungGen: 69641K->557K(69120K)] 379384K->311324K(757248K), 0.0015425 secs] [Times: user=0.01 sys=0.00, real=0.00 secs] 
375.292: [GC (Allocation Failure) [PSYoungGen: 68653K->1456K(69632K)] 379420K->312247K(757760K), 0.0020562 secs] [Times: user=0.01 sys=0.01, real=0.00 secs] 
375.866: [GC (Allocation Failure) [PSYoungGen: 69552K->1408K(69632K)] 380343K->312207K(757760K), 0.0036376 secs] [Times: user=0.01 sys=0.00, real=0.01 secs] 
376.546: [GC (Allocation Failure) [PSYoungGen: 69504K->1408K(69632K)] 380303K->312215K(757760K), 0.0034302 secs] [Times: user=0.02 sys=0.00, real=0.01 secs] 
377.276: [GC (Allocation Failure) [PSYoungGen: 69504K->1408K(69632K)] 380311K->312215K(757760K), 0.0027047 secs] [Times: user=0.01 sys=0.00, real=0.01 secs] 
377.949: [GC (Allocation Failure) [PSYoungGen: 69504K->1501K(69632K)] 380311K->312308K(757760K), 0.0016310 secs] [Times: user=0.01 sys=0.00, real=0.00 secs] 
378.352: [GC (Allocation Failure) [PSYoungGen: 69597K->1517K(69632K)] 380404K->312380K(757760K), 0.0015659 secs] [Times: user=0.01 sys=0.00, real=0.00 secs] 
378.754: [GC (Allocation Failure) [PSYoungGen: 69613K->1629K(70144K)] 380476K->312508K(758272K), 0.0016976 secs] [Times: user=0.01 sys=0.00, real=0.00 secs] 
379.158: [GC (Allocation Failure) [PSYoungGen: 69725K->557K(69120K)] 380604K->312460K(757248K), 0.0016545 secs] [Times: user=0.00 sys=0.00, real=0.00 secs] 
379.512: [GC (Allocation Failure) [PSYoungGen: 68653K->1424K(69632K)] 380556K->313327K(757760K), 0.0024504 secs] [Times: user=0.01 sys=0.00, real=0.00 secs] 
379.790: [GC (Allocation Failure) [PSYoungGen: 69520K->1408K(69632K)] 381423K->313311K(757760K), 0.0021302 secs] [Times: user=0.01 sys=0.00, real=0.00 secs] 
380.073: [GC (Allocation Failure) [PSYoungGen: 69504K->1376K(69632K)] 381407K->313279K(757760K), 0.0020874 secs] [Times: user=0.01 sys=0.00, real=0.00 secs] 
380.356: [GC (Allocation Failure) [PSYoungGen: 69472K->1376K(69632K)] 381375K->313295K(757760K), 0.0017088 secs] [Times: user=0.01 sys=0.00, real=0.01 secs] 
380.769: [GC (Allocation Failure) [PSYoungGen: 69472K->1533K(69632K)] 381391K->313452K(757760K), 0.0015489 secs] [Times: user=0.01 sys=0.00, real=0.00 secs] 
381.177: [GC (Allocation Failure) [PSYoungGen: 69629K->1517K(69632K)] 381548K->313460K(757760K), 0.0014998 secs] [Times: user=0.01 sys=0.00, real=0.00 secs] 
381.584: [GC (Allocation Failure) [PSYoungGen: 69613K->1600K(70144K)] 381556K->313567K(758272K), 0.0018108 secs] [Times: user=0.01 sys=0.00, real=0.00 secs] 
382.001: [GC (Allocation Failure) [PSYoungGen: 69696K->480K(68608K)] 381663K->313471K(756736K), 0.0020370 secs] [Times: user=0.00 sys=0.00, real=0.00 secs] 
382.285: [GC (Allocation Failure) [PSYoungGen: 68576K->320K(68608K)] 381567K->313311K(756736K), 0.0017685 secs] [Times: user=0.00 sys=0.01, real=0.00 secs] 
382.568: [GC (Allocation Failure) [PSYoungGen: 68416K->384K(68608K)] 381407K->313375K(756736K), 0.0019958 secs] [Times: user=0.01 sys=0.00, real=0.00 secs] 
382.887: [GC (Allocation Failure) [PSYoungGen: 68480K->352K(70656K)] 381471K->313343K(758784K), 0.0018396 secs] [Times: user=0.01 sys=0.00, real=0.01 secs] 
383.471: [GC (Allocation Failure) [PSYoungGen: 68448K->1504K(69632K)] 381439K->314495K(757760K), 0.0021133 secs] [Times: user=0.01 sys=0.00, real=0.00 secs] 
383.894: [GC (Allocation Failure) [PSYoungGen: 69600K->1549K(70144K)] 382591K->314540K(758272K), 0.0017695 secs] [Times: user=0.00 sys=0.00, real=0.00 secs] 
384.295: [GC (Allocation Failure) [PSYoungGen: 69639K->1613K(70144K)] 382631K->314604K(758272K), 0.0015553 secs] [Times: user=0.01 sys=0.01, real=0.00 secs] 
384.696: [GC (Allocation Failure) [PSYoungGen: 69709K->1597K(70144K)] 382700K->314588K(758272K), 0.0016385 secs] [Times: user=0.01 sys=0.00, real=0.01 secs] 
385.276: [GC (Allocation Failure) [PSYoungGen: 69693K->1456K(69632K)] 382684K->314455K(757760K), 0.0021004 secs] [Times: user=0.01 sys=0.00, real=0.01 secs] 
385.904: [GC (Allocation Failure) [PSYoungGen: 69552K->1408K(69632K)] 382551K->314407K(757760K), 0.0036997 secs] [Times: user=0.01 sys=0.00, real=0.01 secs] 
386.266: [GC (Allocation Failure) [PSYoungGen: 69504K->1408K(69632K)] 382503K->314407K(757760K), 0.0021624 secs] [Times: user=0.00 sys=0.00, real=0.01 secs] 
386.549: [GC (Allocation Failure) [PSYoungGen: 69504K->1376K(69632K)] 382503K->314375K(757760K), 0.0022139 secs] [Times: user=0.01 sys=0.00, real=0.00 secs] 
387.011: [GC (Allocation Failure) [PSYoungGen: 69472K->1520K(69632K)] 382471K->314519K(757760K), 0.0020527 secs] [Times: user=0.01 sys=0.00, real=0.00 secs] 
387.505: [GC (Allocation Failure) [PSYoungGen: 69587K->1597K(70144K)] 382586K->314596K(758272K), 0.0017557 secs] [Times: user=0.00 sys=0.00, real=0.01 secs] 
387.908: [GC (Allocation Failure) [PSYoungGen: 69693K->1581K(70144K)] 382692K->314580K(758272K), 0.0016169 secs] [Times: user=0.01 sys=0.00, real=0.00 secs] 
388.309: [GC (Allocation Failure) [PSYoungGen: 69661K->1581K(70144K)] 382660K->314604K(758272K), 0.0019304 secs] [Times: user=0.00 sys=0.00, real=0.00 secs] 
388.690: [GC (Allocation Failure) [PSYoungGen: 69677K->1424K(69632K)] 382700K->314447K(757760K), 0.0027903 secs] [Times: user=0.01 sys=0.00, real=0.00 secs] 
388.988: [GC (Allocation Failure) [PSYoungGen: 69520K->1408K(69632K)] 382543K->314431K(757760K), 0.0020844 secs] [Times: user=0.01 sys=0.00, real=0.00 secs] 
389.308: [GC (Allocation Failure) [PSYoungGen: 69504K->1360K(69632K)] 382527K->314383K(757760K), 0.0021172 secs] [Times: user=0.00 sys=0.00, real=0.00 secs] 
389.591: [GC (Allocation Failure) [PSYoungGen: 69456K->1376K(69632K)] 382479K->314423K(757760K), 0.0017944 secs] [Times: user=0.01 sys=0.00, real=0.00 secs] 
389.977: [GC (Allocation Failure) [PSYoungGen: 69472K->1517K(69632K)] 382519K->314596K(757760K), 0.0015140 secs] [Times: user=0.00 sys=0.00, real=0.00 secs] 
390.378: [GC (Allocation Failure) [PSYoungGen: 69613K->1517K(69632K)] 382692K->314596K(757760K), 0.0017391 secs] [Times: user=0.00 sys=0.00, real=0.00 secs] 
390.779: [GC (Allocation Failure) [PSYoungGen: 69613K->1517K(69632K)] 382692K->314652K(757760K), 0.0016069 secs] [Times: user=0.01 sys=0.00, real=0.00 secs] 
391.249: [GC (Allocation Failure) [PSYoungGen: 69613K->1984K(70144K)] 382748K->315127K(758272K), 0.0019687 secs] [Times: user=0.01 sys=0.00, real=0.00 secs] 
391.847: [GC (Allocation Failure) [PSYoungGen: 70080K->352K(68608K)] 383223K->314519K(756736K), 0.0024788 secs] [Times: user=0.01 sys=0.00, real=0.00 secs] 
392.470: [GC (Allocation Failure) [PSYoungGen: 68448K->384K(70656K)] 382615K->314551K(758784K), 0.0031602 secs] [Times: user=0.01 sys=0.00, real=0.00 secs] 
393.079: [GC (Allocation Failure) [PSYoungGen: 68480K->320K(68608K)] 382647K->314487K(756736K), 0.0032023 secs] [Times: user=0.01 sys=0.00, real=0.00 secs] 
393.804: [GC (Allocation Failure) [PSYoungGen: 68397K->256K(70656K)] 382564K->314423K(758784K), 0.0024497 secs] [Times: user=0.01 sys=0.00, real=0.00 secs] 
394.268: [GC (Allocation Failure) [PSYoungGen: 68334K->1533K(69632K)] 382502K->315700K(757760K), 0.0015403 secs] [Times: user=0.01 sys=0.00, real=0.00 secs] 
394.737: [GC (Allocation Failure) [PSYoungGen: 69629K->1581K(70144K)] 383796K->315748K(758272K), 0.0016345 secs] [Times: user=0.01 sys=0.00, real=0.01 secs] 
395.140: [GC (Allocation Failure) [PSYoungGen: 69677K->1549K(70144K)] 383844K->315716K(758272K), 0.0016976 secs] [Times: user=0.00 sys=0.00, real=0.00 secs] 
395.732: [GC (Allocation Failure) [PSYoungGen: 69645K->1488K(69632K)] 383812K->315671K(757760K), 0.0032723 secs] [Times: user=0.01 sys=0.00, real=0.00 secs] 
396.330: [GC (Allocation Failure) [PSYoungGen: 69584K->1408K(69632K)] 383767K->315591K(757760K), 0.0032716 secs] [Times: user=0.01 sys=0.00, real=0.00 secs] 
396.922: [GC (Allocation Failure) [PSYoungGen: 69504K->1408K(69632K)] 383687K->315591K(757760K), 0.0028388 secs] [Times: user=0.01 sys=0.00, real=0.00 secs] 
397.457: [GC (Allocation Failure) [PSYoungGen: 69504K->1408K(69632K)] 383687K->315591K(757760K), 0.0023830 secs] [Times: user=0.01 sys=0.00, real=0.00 secs] 
397.792: [GC (Allocation Failure) [PSYoungGen: 69504K->1469K(69632K)] 383687K->315652K(757760K), 0.0015626 secs] [Times: user=0.01 sys=0.00, real=0.00 secs] 
398.196: [GC (Allocation Failure) [PSYoungGen: 69565K->1552K(70144K)] 383748K->315735K(758272K), 0.0017075 secs] [Times: user=0.00 sys=0.00, real=0.01 secs] 
398.603: [GC (Allocation Failure) [PSYoungGen: 69648K->1613K(70144K)] 383831K->315796K(758272K), 0.0016583 secs] [Times: user=0.01 sys=0.00, real=0.00 secs] 
399.008: [GC (Allocation Failure) [PSYoungGen: 69709K->1517K(69632K)] 383892K->315780K(757760K), 0.0015285 secs] [Times: user=0.01 sys=0.00, real=0.00 secs] 
399.613: [GC (Allocation Failure) [PSYoungGen: 69613K->1504K(69632K)] 383876K->315767K(757760K), 0.0025222 secs] [Times: user=0.01 sys=0.00, real=0.00 secs] 
400.198: [GC (Allocation Failure) [PSYoungGen: 69600K->1408K(69632K)] 383863K->315671K(757760K), 0.0022100 secs] [Times: user=0.00 sys=0.00, real=0.00 secs] 
400.793: [GC (Allocation Failure) [PSYoungGen: 69504K->1424K(69632K)] 383767K->315687K(757760K), 0.0021233 secs] [Times: user=0.00 sys=0.00, real=0.00 secs] 
401.332: [GC (Allocation Failure) [PSYoungGen: 69520K->1376K(69632K)] 383783K->315671K(757760K), 0.0019299 secs] [Times: user=0.01 sys=0.00, real=0.00 secs] 
401.906: [GC (Allocation Failure) [PSYoungGen: 69472K->1517K(69632K)] 383767K->315812K(757760K), 0.0016464 secs] [Times: user=0.00 sys=0.00, real=0.01 secs] 
402.318: [GC (Allocation Failure) [PSYoungGen: 69613K->1517K(69632K)] 383908K->315868K(757760K), 0.0015725 secs] [Times: user=0.01 sys=0.00, real=0.00 secs] 
402.778: [GC (Allocation Failure) [PSYoungGen: 69613K->1581K(70144K)] 383964K->315956K(758272K), 0.0016621 secs] [Times: user=0.01 sys=0.00, real=0.00 secs] 
403.318: [GC (Allocation Failure) [PSYoungGen: 69677K->608K(69120K)] 384052K->316007K(757248K), 0.0018565 secs] [Times: user=0.01 sys=0.00, real=0.00 secs] 
403.944: [GC (Allocation Failure) [PSYoungGen: 68704K->352K(68608K)] 384103K->315751K(756736K), 0.0028744 secs] [Times: user=0.01 sys=0.00, real=0.00 secs] 
404.532: [GC (Allocation Failure) [PSYoungGen: 68448K->384K(68608K)] 383847K->315783K(756736K), 0.0034545 secs] [Times: user=0.02 sys=0.00, real=0.00 secs] 
404.857: [GC (Allocation Failure) [PSYoungGen: 68480K->352K(70656K)] 383879K->315751K(758784K), 0.0018086 secs] [Times: user=0.01 sys=0.00, real=0.00 secs] 
405.234: [GC (Allocation Failure) [PSYoungGen: 68448K->384K(68608K)] 383847K->315783K(756736K), 0.0021311 secs] [Times: user=0.01 sys=0.00, real=0.00 secs] 
405.674: [GC (Allocation Failure) [PSYoungGen: 68480K->1565K(70656K)] 383879K->316972K(758784K), 0.0018038 secs] [Times: user=0.01 sys=0.00, real=0.00 secs] 
406.076: [GC (Allocation Failure) [PSYoungGen: 69661K->1629K(70144K)] 385068K->317036K(758272K), 0.0017788 secs] [Times: user=0.00 sys=0.00, real=0.01 secs] 
406.477: [GC (Allocation Failure) [PSYoungGen: 69725K->1581K(70144K)] 385132K->316988K(758272K), 0.0016363 secs] [Times: user=0.00 sys=0.00, real=0.00 secs] 
406.874: [GC (Allocation Failure) [PSYoungGen: 69677K->1488K(69632K)] 385084K->316903K(757760K), 0.0017083 secs] [Times: user=0.01 sys=0.00, real=0.00 secs] 
407.209: [GC (Allocation Failure) [PSYoungGen: 69584K->1376K(69632K)] 384999K->316791K(757760K), 0.0016390 secs] [Times: user=0.01 sys=0.00, real=0.00 secs] 
407.686: [GC (Allocation Failure) [PSYoungGen: 69472K->1376K(69632K)] 384887K->316791K(757760K), 0.0020613 secs] [Times: user=0.01 sys=0.01, real=0.01 secs] 
408.159: [GC (Allocation Failure) [PSYoungGen: 69472K->1440K(69632K)] 384887K->316855K(757760K), 0.0019042 secs] [Times: user=0.01 sys=0.00, real=0.00 secs] 
408.644: [GC (Allocation Failure) [PSYoungGen: 69536K->1501K(69632K)] 384951K->316916K(757760K), 0.0014761 secs] [Times: user=0.00 sys=0.00, real=0.00 secs] 
409.047: [GC (Allocation Failure) [PSYoungGen: 69597K->1584K(70144K)] 385012K->316999K(758272K), 0.0016216 secs] [Times: user=0.01 sys=0.00, real=0.00 secs] 
409.449: [GC (Allocation Failure) [PSYoungGen: 69680K->1565K(70144K)] 385095K->316980K(758272K), 0.0016417 secs] [Times: user=0.00 sys=0.00, real=0.00 secs] 
409.850: [GC (Allocation Failure) [PSYoungGen: 69654K->1504K(69632K)] 385069K->316943K(757760K), 0.0018136 secs] [Times: user=0.01 sys=0.00, real=0.00 secs] 
410.665: [GC (Allocation Failure) [PSYoungGen: 69600K->1456K(69632K)] 385039K->316895K(757760K), 0.0020537 secs] [Times: user=0.01 sys=0.00, real=0.00 secs] 
411.592: [GC (Allocation Failure) [PSYoungGen: 69552K->1376K(69632K)] 384991K->316815K(757760K), 0.0029670 secs] [Times: user=0.01 sys=0.00, real=0.00 secs] 
412.441: [GC (Allocation Failure) [PSYoungGen: 69472K->1440K(69632K)] 384911K->316879K(757760K), 0.0034919 secs] [Times: user=0.01 sys=0.01, real=0.00 secs] 
413.342: [GC (Allocation Failure) [PSYoungGen: 69536K->1408K(69632K)] 384975K->316847K(757760K), 0.0039162 secs] [Times: user=0.01 sys=0.00, real=0.00 secs] 
414.122: [GC (Allocation Failure) [PSYoungGen: 69504K->1549K(70144K)] 384943K->316996K(758272K), 0.0014546 secs] [Times: user=0.01 sys=0.00, real=0.00 secs] 
414.524: [GC (Allocation Failure) [PSYoungGen: 69645K->1581K(70144K)] 385092K->317028K(758272K), 0.0016316 secs] [Times: user=0.01 sys=0.00, real=0.00 secs] 
414.928: [GC (Allocation Failure) [PSYoungGen: 69670K->509K(68608K)] 385117K->317036K(756736K), 0.0016641 secs] [Times: user=0.01 sys=0.00, real=0.00 secs] 
415.338: [GC (Allocation Failure) [PSYoungGen: 68605K->496K(68608K)] 385132K->317039K(756736K), 0.0015579 secs] [Times: user=0.01 sys=0.00, real=0.00 secs] 
415.636: [GC (Allocation Failure) [PSYoungGen: 68592K->1408K(70656K)] 385135K->317951K(758784K), 0.0016161 secs] [Times: user=0.00 sys=0.00, real=0.01 secs] 
416.354: [GC (Allocation Failure) [PSYoungGen: 69504K->1376K(69632K)] 386047K->317919K(757760K), 0.0038768 secs] [Times: user=0.01 sys=0.00, real=0.01 secs] 
417.318: [GC (Allocation Failure) [PSYoungGen: 69472K->1408K(70144K)] 386015K->317951K(758272K), 0.0039142 secs] [Times: user=0.02 sys=0.00, real=0.00 secs] 
418.298: [GC (Allocation Failure) [PSYoungGen: 69504K->1376K(70144K)] 386047K->317919K(758272K), 0.0041110 secs] [Times: user=0.02 sys=0.00, real=0.00 secs] 
418.968: [GC (Allocation Failure) [PSYoungGen: 69472K->1597K(70144K)] 386015K->318140K(758272K), 0.0015123 secs] [Times: user=0.01 sys=0.00, real=0.00 secs] 
419.371: [GC (Allocation Failure) [PSYoungGen: 69693K->1613K(70144K)] 386236K->318156K(758272K), 0.0015838 secs] [Times: user=0.01 sys=0.00, real=0.00 secs] 
419.772: [GC (Allocation Failure) [PSYoungGen: 69698K->1549K(70144K)] 386241K->318092K(758272K), 0.0016277 secs] [Times: user=0.01 sys=0.00, real=0.00 secs] 
420.160: [GC (Allocation Failure) [PSYoungGen: 69645K->1472K(70144K)] 386188K->318015K(758272K), 0.0017496 secs] [Times: user=0.00 sys=0.00, real=0.00 secs] 
420.442: [GC (Allocation Failure) [PSYoungGen: 69568K->1376K(70144K)] 386111K->317919K(758272K), 0.0015310 secs] [Times: user=0.00 sys=0.00, real=0.00 secs] 
420.724: [GC (Allocation Failure) [PSYoungGen: 69472K->1344K(70144K)] 386015K->317887K(758272K), 0.0015934 secs] [Times: user=0.01 sys=0.00, real=0.00 secs] 
421.006: [GC (Allocation Failure) [PSYoungGen: 69440K->1376K(70144K)] 385983K->317943K(758272K), 0.0015353 secs] [Times: user=0.00 sys=0.00, real=0.01 secs] 
421.377: [GC (Allocation Failure) [PSYoungGen: 69472K->1456K(70144K)] 386039K->318023K(758272K), 0.0019392 secs] [Times: user=0.01 sys=0.00, real=0.00 secs] 
421.792: [GC (Allocation Failure) [PSYoungGen: 69544K->1565K(70144K)] 386111K->318132K(758272K), 0.0015281 secs] [Times: user=0.01 sys=0.00, real=0.00 secs] 
422.200: [GC (Allocation Failure) [PSYoungGen: 69651K->1597K(70144K)] 386219K->318164K(758272K), 0.0015360 secs] [Times: user=0.00 sys=0.00, real=0.00 secs] 
422.611: [GC (Allocation Failure) [PSYoungGen: 69666K->1581K(70144K)] 386233K->318148K(758272K), 0.0016379 secs] [Times: user=0.01 sys=0.00, real=0.00 secs] 
422.976: [GC (Allocation Failure) [PSYoungGen: 69677K->1504K(70144K)] 386244K->318079K(758272K), 0.0017578 secs] [Times: user=0.01 sys=0.00, real=0.01 secs] 
423.259: [GC (Allocation Failure) [PSYoungGen: 69600K->1376K(70144K)] 386175K->317951K(758272K), 0.0017873 secs] [Times: user=0.01 sys=0.00, real=0.00 secs] 
423.605: [GC (Allocation Failure) [PSYoungGen: 69472K->1408K(70144K)] 386047K->317983K(758272K), 0.0018951 secs] [Times: user=0.01 sys=0.01, real=0.00 secs] 
423.931: [GC (Allocation Failure) [PSYoungGen: 69504K->1376K(70144K)] 386079K->317951K(758272K), 0.0018196 secs] [Times: user=0.01 sys=0.00, real=0.00 secs] 
424.316: [GC (Allocation Failure) [PSYoungGen: 69472K->1485K(70144K)] 386047K->318060K(758272K), 0.0015201 secs] [Times: user=0.01 sys=0.00, real=0.01 secs] 
424.717: [GC (Allocation Failure) [PSYoungGen: 69581K->1536K(70144K)] 386156K->318111K(758272K), 0.0015752 secs] [Times: user=0.01 sys=0.00, real=0.00 secs] 
425.118: [GC (Allocation Failure) [PSYoungGen: 69632K->1613K(70144K)] 386207K->318188K(758272K), 0.0015481 secs] [Times: user=0.01 sys=0.00, real=0.00 secs] 
425.520: [GC (Allocation Failure) [PSYoungGen: 69709K->1581K(70144K)] 386284K->318172K(758272K), 0.0015794 secs] [Times: user=0.00 sys=0.00, real=0.00 secs] 
426.026: [GC (Allocation Failure) [PSYoungGen: 69677K->1408K(70144K)] 386268K->317999K(758272K), 0.0019285 secs] [Times: user=0.01 sys=0.00, real=0.01 secs] 
426.604: [GC (Allocation Failure) [PSYoungGen: 69504K->1376K(70144K)] 386095K->317967K(758272K), 0.0026359 secs] [Times: user=0.01 sys=0.00, real=0.00 secs] 
427.182: [GC (Allocation Failure) [PSYoungGen: 69472K->1440K(70144K)] 386063K->318031K(758272K), 0.0018647 secs] [Times: user=0.01 sys=0.00, real=0.00 secs] 
427.646: [GC (Allocation Failure) [PSYoungGen: 69536K->1408K(70144K)] 386127K->317999K(758272K), 0.0020005 secs] [Times: user=0.01 sys=0.00, real=0.01 secs] 
428.045: [GC (Allocation Failure) [PSYoungGen: 69504K->1517K(70144K)] 386095K->318108K(758272K), 0.0015870 secs] [Times: user=0.01 sys=0.00, real=0.01 secs] 
428.449: [GC (Allocation Failure) [PSYoungGen: 69600K->1584K(70144K)] 386191K->318175K(758272K), 0.0015138 secs] [Times: user=0.01 sys=0.00, real=0.00 secs] 
428.853: [GC (Allocation Failure) [PSYoungGen: 69680K->1616K(70144K)] 386271K->318207K(758272K), 0.0015182 secs] [Times: user=0.01 sys=0.00, real=0.00 secs] 
429.449: [GC (Allocation Failure) [PSYoungGen: 69712K->1504K(70144K)] 386303K->318095K(758272K), 0.0023141 secs] [Times: user=0.01 sys=0.00, real=0.00 secs] 
430.496: [GC (Allocation Failure) [PSYoungGen: 69600K->1408K(70144K)] 386191K->318023K(758272K), 0.0035502 secs] [Times: user=0.01 sys=0.00, real=0.01 secs] 
431.363: [GC (Allocation Failure) [PSYoungGen: 69504K->1376K(70144K)] 386119K->317991K(758272K), 0.0037144 secs] [Times: user=0.02 sys=0.00, real=0.00 secs] 
431.947: [GC (Allocation Failure) [PSYoungGen: 69472K->1408K(70144K)] 386087K->318023K(758272K), 0.0027015 secs] [Times: user=0.01 sys=0.00, real=0.00 secs] 
432.529: [GC (Allocation Failure) [PSYoungGen: 69504K->1501K(70144K)] 386119K->318116K(758272K), 0.0020065 secs] [Times: user=0.01 sys=0.00, real=0.00 secs] 
432.978: [GC (Allocation Failure) [PSYoungGen: 69581K->1549K(70144K)] 386197K->318164K(758272K), 0.0015222 secs] [Times: user=0.01 sys=0.00, real=0.00 secs] 
433.386: [GC (Allocation Failure) [PSYoungGen: 69645K->1565K(70144K)] 386260K->318180K(758272K), 0.0016577 secs] [Times: user=0.01 sys=0.00, real=0.01 secs] 
433.843: [GC (Allocation Failure) [PSYoungGen: 69661K->1549K(70144K)] 386276K->318164K(758272K), 0.0015800 secs] [Times: user=0.01 sys=0.00, real=0.00 secs] 
434.282: [GC (Allocation Failure) [PSYoungGen: 69645K->1424K(70144K)] 386260K->318047K(758272K), 0.0021172 secs] [Times: user=0.01 sys=0.00, real=0.00 secs] 
434.565: [GC (Allocation Failure) [PSYoungGen: 69520K->1360K(70144K)] 386143K->317983K(758272K), 0.0021690 secs] [Times: user=0.01 sys=0.00, real=0.01 secs] 
434.848: [GC (Allocation Failure) [PSYoungGen: 69456K->1376K(70144K)] 386079K->317999K(758272K), 0.0018512 secs] [Times: user=0.01 sys=0.00, real=0.00 secs] 
435.136: [GC (Allocation Failure) [PSYoungGen: 69472K->1549K(70144K)] 386095K->318172K(758272K), 0.0015704 secs] [Times: user=0.00 sys=0.00, real=0.01 secs] 
435.412: [GC (Allocation Failure) [PSYoungGen: 69645K->1549K(70144K)] 386268K->318172K(758272K), 0.0015971 secs] [Times: user=0.01 sys=0.00, real=0.00 secs] 
435.749: [GC (Allocation Failure) [PSYoungGen: 69645K->1613K(70144K)] 386268K->318236K(758272K), 0.0015852 secs] [Times: user=0.00 sys=0.00, real=0.00 secs] 
436.357: [GC (Allocation Failure) [PSYoungGen: 69709K->1536K(70144K)] 386332K->318167K(758272K), 0.0021841 secs] [Times: user=0.01 sys=0.00, real=0.00 secs] 
436.970: [GC (Allocation Failure) [PSYoungGen: 69632K->1392K(70144K)] 386263K->318039K(758272K), 0.0020645 secs] [Times: user=0.01 sys=0.00, real=0.00 secs] 
437.564: [GC (Allocation Failure) [PSYoungGen: 69488K->1344K(70144K)] 386135K->317991K(758272K), 0.0039183 secs] [Times: user=0.01 sys=0.00, real=0.01 secs] 
438.141: [GC (Allocation Failure) [PSYoungGen: 69440K->1376K(70144K)] 386087K->318023K(758272K), 0.0024137 secs] [Times: user=0.01 sys=0.00, real=0.00 secs] 
438.617: [GC (Allocation Failure) [PSYoungGen: 69472K->1437K(70144K)] 386119K->318084K(758272K), 0.0021054 secs] [Times: user=0.01 sys=0.00, real=0.00 secs] 
439.042: [GC (Allocation Failure) [PSYoungGen: 69533K->1584K(70144K)] 386180K->318231K(758272K), 0.0015213 secs] [Times: user=0.01 sys=0.00, real=0.00 secs] 
439.440: [GC (Allocation Failure) [PSYoungGen: 69672K->1584K(70144K)] 386319K->318231K(758272K), 0.0015107 secs] [Times: user=0.01 sys=0.00, real=0.00 secs] 
439.896: [GC (Allocation Failure) [PSYoungGen: 69668K->1581K(70144K)] 386315K->318244K(758272K), 0.0018215 secs] [Times: user=0.01 sys=0.00, real=0.01 secs] 
440.575: [GC (Allocation Failure) [PSYoungGen: 69677K->1456K(70144K)] 386340K->318127K(758272K), 0.0030263 secs] [Times: user=0.01 sys=0.00, real=0.01 secs] 
441.186: [GC (Allocation Failure) [PSYoungGen: 69552K->1344K(70144K)] 386223K->318023K(758272K), 0.0020690 secs] [Times: user=0.01 sys=0.00, real=0.01 secs] 
441.871: [GC (Allocation Failure) [PSYoungGen: 69440K->1392K(70144K)] 386119K->318071K(758272K), 0.0031728 secs] [Times: user=0.02 sys=0.00, real=0.00 secs] 
442.438: [GC (Allocation Failure) [PSYoungGen: 69488K->1376K(70144K)] 386167K->318055K(758272K), 0.0027427 secs] [Times: user=0.01 sys=0.00, real=0.00 secs] 
442.975: [GC (Allocation Failure) [PSYoungGen: 69472K->1472K(70144K)] 386151K->318151K(758272K), 0.0019642 secs] [Times: user=0.01 sys=0.00, real=0.01 secs] 
443.391: [GC (Allocation Failure) [PSYoungGen: 69568K->1597K(70144K)] 386247K->318284K(758272K), 0.0015734 secs] [Times: user=0.01 sys=0.00, real=0.00 secs] 
443.792: [GC (Allocation Failure) [PSYoungGen: 69693K->1552K(70144K)] 386380K->318239K(758272K), 0.0015194 secs] [Times: user=0.01 sys=0.00, real=0.00 secs] 
444.190: [GC (Allocation Failure) [PSYoungGen: 69643K->1613K(70144K)] 386330K->318316K(758272K), 0.0015104 secs] [Times: user=0.01 sys=0.00, real=0.00 secs] 
445.151: [GC (Allocation Failure) [PSYoungGen: 69709K->1456K(70144K)] 386412K->318159K(758272K), 0.0040386 secs] [Times: user=0.01 sys=0.00, real=0.00 secs] 
445.777: [GC (Allocation Failure) [PSYoungGen: 69552K->1376K(70144K)] 386255K->318079K(758272K), 0.0031929 secs] [Times: user=0.01 sys=0.00, real=0.01 secs] 
446.398: [GC (Allocation Failure) [PSYoungGen: 69472K->1376K(70144K)] 386175K->318079K(758272K), 0.0031466 secs] [Times: user=0.01 sys=0.00, real=0.00 secs] 
446.987: [GC (Allocation Failure) [PSYoungGen: 69472K->1408K(70144K)] 386175K->318111K(758272K), 0.0026630 secs] [Times: user=0.01 sys=0.00, real=0.01 secs] 
447.565: [GC (Allocation Failure) [PSYoungGen: 69504K->1565K(70144K)] 386207K->318268K(758272K), 0.0015563 secs] [Times: user=0.00 sys=0.00, real=0.00 secs] 
448.030: [GC (Allocation Failure) [PSYoungGen: 69661K->1613K(70144K)] 386364K->318316K(758272K), 0.0015848 secs] [Times: user=0.01 sys=0.00, real=0.00 secs] 
448.437: [GC (Allocation Failure) [PSYoungGen: 69709K->1613K(70144K)] 386412K->318316K(758272K), 0.0015746 secs] [Times: user=0.01 sys=0.00, real=0.01 secs] 
448.986: [GC (Allocation Failure) [PSYoungGen: 69709K->2016K(70144K)] 386412K->319287K(758272K), 0.0022547 secs] [Times: user=0.01 sys=0.00, real=0.01 secs] 
450.078: [GC (Allocation Failure) [PSYoungGen: 70112K->1440K(70656K)] 387383K->318711K(758784K), 0.0022621 secs] [Times: user=0.00 sys=0.00, real=0.00 secs] 
451.074: [GC (Allocation Failure) [PSYoungGen: 69536K->1408K(70656K)] 386807K->318679K(758784K), 0.0027602 secs] [Times: user=0.01 sys=0.00, real=0.00 secs] 
451.964: [GC (Allocation Failure) [PSYoungGen: 69504K->1376K(70656K)] 386775K->318647K(758784K), 0.0027545 secs] [Times: user=0.01 sys=0.01, real=0.00 secs] 
452.624: [GC (Allocation Failure) [PSYoungGen: 69420K->272K(70656K)] 386692K->317543K(758784K), 0.0022912 secs] [Times: user=0.01 sys=0.00, real=0.00 secs] 
453.064: [GC (Allocation Failure) [PSYoungGen: 68351K->1613K(70656K)] 385623K->318924K(758784K), 0.0016521 secs] [Times: user=0.01 sys=0.00, real=0.00 secs] 
453.475: [GC (Allocation Failure) [PSYoungGen: 69709K->1629K(70656K)] 387020K->318940K(758784K), 0.0016607 secs] [Times: user=0.00 sys=0.00, real=0.00 secs] 
453.875: [GC (Allocation Failure) [PSYoungGen: 69694K->1552K(70656K)] 387006K->318863K(758784K), 0.0015545 secs] [Times: user=0.00 sys=0.00, real=0.00 secs] 
455.008: [GC (Allocation Failure) [PSYoungGen: 69648K->1472K(70656K)] 386959K->318807K(758784K), 0.0028134 secs] [Times: user=0.01 sys=0.01, real=0.00 secs] 
455.979: [GC (Allocation Failure) [PSYoungGen: 69568K->1408K(70656K)] 386903K->318743K(758784K), 0.0027548 secs] [Times: user=0.01 sys=0.00, real=0.00 secs] 
456.896: [GC (Allocation Failure) [PSYoungGen: 69504K->1344K(69632K)] 386839K->318679K(757760K), 0.0040784 secs] [Times: user=0.02 sys=0.00, real=0.01 secs] 
457.755: [GC (Allocation Failure) [PSYoungGen: 69440K->1408K(70144K)] 386775K->318743K(758272K), 0.0032046 secs] [Times: user=0.01 sys=0.00, real=0.01 secs] 
458.263: [GC (Allocation Failure) [PSYoungGen: 69504K->1469K(70144K)] 386839K->318804K(758272K), 0.0014575 secs] [Times: user=0.00 sys=0.00, real=0.00 secs] 
458.664: [GC (Allocation Failure) [PSYoungGen: 69565K->1552K(70144K)] 386900K->318887K(758272K), 0.0015692 secs] [Times: user=0.01 sys=0.00, real=0.00 secs] 
459.065: [GC (Allocation Failure) [PSYoungGen: 69648K->1568K(70144K)] 386983K->318903K(758272K), 0.0016471 secs] [Times: user=0.01 sys=0.00, real=0.00 secs] 
459.467: [GC (Allocation Failure) [PSYoungGen: 69664K->1581K(70144K)] 386999K->318932K(758272K), 0.0015873 secs] [Times: user=0.01 sys=0.00, real=0.00 secs] 
459.952: [GC (Allocation Failure) [PSYoungGen: 69677K->1472K(70144K)] 387028K->318831K(758272K), 0.0016215 secs] [Times: user=0.01 sys=0.00, real=0.00 secs] 
460.498: [GC (Allocation Failure) [PSYoungGen: 69568K->1424K(70144K)] 386927K->318783K(758272K), 0.0020507 secs] [Times: user=0.01 sys=0.00, real=0.00 secs] 
461.042: [GC (Allocation Failure) [PSYoungGen: 69520K->1408K(70144K)] 386879K->318767K(758272K), 0.0018640 secs] [Times: user=0.01 sys=0.00, real=0.00 secs] 
461.646: [GC (Allocation Failure) [PSYoungGen: 69504K->1408K(70144K)] 386863K->318767K(758272K), 0.0016305 secs] [Times: user=0.01 sys=0.00, real=0.01 secs] 
462.149: [GC (Allocation Failure) [PSYoungGen: 69504K->1520K(70144K)] 386863K->318879K(758272K), 0.0014985 secs] [Times: user=0.00 sys=0.00, real=0.00 secs] 
462.548: [GC (Allocation Failure) [PSYoungGen: 69616K->1549K(70144K)] 386975K->318932K(758272K), 0.0015610 secs] [Times: user=0.00 sys=0.00, real=0.00 secs] 
462.951: [GC (Allocation Failure) [PSYoungGen: 69645K->1568K(70144K)] 387028K->318951K(758272K), 0.0015558 secs] [Times: user=0.01 sys=0.00, real=0.00 secs] 
463.347: [GC (Allocation Failure) [PSYoungGen: 69664K->1408K(70144K)] 387047K->318799K(758272K), 0.0014898 secs] [Times: user=0.01 sys=0.00, real=0.00 secs] 
463.682: [GC (Allocation Failure) [PSYoungGen: 69504K->1408K(70144K)] 386895K->318807K(758272K), 0.0017040 secs] [Times: user=0.01 sys=0.00, real=0.00 secs] 
464.043: [GC (Allocation Failure) [PSYoungGen: 69504K->1376K(70144K)] 386903K->318775K(758272K), 0.0019067 secs] [Times: user=0.01 sys=0.00, real=0.00 secs] 
464.527: [GC (Allocation Failure) [PSYoungGen: 69472K->1376K(70144K)] 386871K->318775K(758272K), 0.0018193 secs] [Times: user=0.01 sys=0.00, real=0.01 secs] 
465.054: [GC (Allocation Failure) [PSYoungGen: 69472K->1376K(70144K)] 386871K->318775K(758272K), 0.0039738 secs] [Times: user=0.01 sys=0.00, real=0.01 secs] 
465.572: [GC (Allocation Failure) [PSYoungGen: 69472K->1600K(70144K)] 386871K->318999K(758272K), 0.0015366 secs] [Times: user=0.01 sys=0.00, real=0.00 secs] 
465.974: [GC (Allocation Failure) [PSYoungGen: 69668K->1549K(70144K)] 387067K->318948K(758272K), 0.0015240 secs] [Times: user=0.00 sys=0.00, real=0.00 secs] 
466.374: [GC (Allocation Failure) [PSYoungGen: 69645K->1632K(70144K)] 387044K->319031K(758272K), 0.0015684 secs] [Times: user=0.01 sys=0.00, real=0.00 secs] 
466.882: [GC (Allocation Failure) [PSYoungGen: 69728K->1520K(70144K)] 387127K->318935K(758272K), 0.0028739 secs] [Times: user=0.01 sys=0.00, real=0.00 secs] 
467.541: [GC (Allocation Failure) [PSYoungGen: 69616K->1424K(70144K)] 387031K->318839K(758272K), 0.0038024 secs] [Times: user=0.01 sys=0.00, real=0.00 secs] 
468.079: [GC (Allocation Failure) [PSYoungGen: 69520K->1376K(70144K)] 386935K->318791K(758272K), 0.0024272 secs] [Times: user=0.01 sys=0.00, real=0.00 secs] 
468.531: [GC (Allocation Failure) [PSYoungGen: 69472K->1408K(70144K)] 386887K->318823K(758272K), 0.0022310 secs] [Times: user=0.01 sys=0.00, real=0.00 secs] 
469.092: [GC (Allocation Failure) [PSYoungGen: 69504K->1453K(70144K)] 386919K->318868K(758272K), 0.0015296 secs] [Times: user=0.01 sys=0.00, real=0.00 secs] 
469.492: [GC (Allocation Failure) [PSYoungGen: 69549K->1616K(70144K)] 386964K->319031K(758272K), 0.0015809 secs] [Times: user=0.01 sys=0.00, real=0.00 secs] 
469.885: [GC (GCLocker Initiated GC) [PSYoungGen: 69712K->1581K(70144K)] 387127K->318996K(758272K), 0.0015719 secs] [Times: user=0.01 sys=0.00, real=0.01 secs] 
470.297: [GC (Allocation Failure) [PSYoungGen: 69677K->1501K(70144K)] 389109K->320965K(758272K), 0.0017490 secs] [Times: user=0.01 sys=0.00, real=0.01 secs] 
470.675: [GC (Allocation Failure) [PSYoungGen: 69597K->1440K(70144K)] 389061K->320912K(758272K), 0.0016560 secs] [Times: user=0.01 sys=0.00, real=0.00 secs] 
471.139: [GC (Allocation Failure) [PSYoungGen: 69536K->1376K(70144K)] 389008K->320848K(758272K), 0.0017623 secs] [Times: user=0.01 sys=0.00, real=0.00 secs] 
471.644: [GC (Allocation Failure) [PSYoungGen: 69472K->1376K(70144K)] 388944K->320848K(758272K), 0.0017846 secs] [Times: user=0.00 sys=0.00, real=0.00 secs] 
472.207: [GC (Allocation Failure) [PSYoungGen: 69472K->1376K(70144K)] 388944K->320848K(758272K), 0.0038038 secs] [Times: user=0.02 sys=0.00, real=0.00 secs] 
472.944: [GC (Allocation Failure) [PSYoungGen: 69472K->1517K(70144K)] 388944K->320989K(758272K), 0.0014731 secs] [Times: user=0.00 sys=0.00, real=0.00 secs] 
473.404: [GC (Allocation Failure) [PSYoungGen: 69613K->1517K(70144K)] 389085K->320989K(758272K), 0.0015871 secs] [Times: user=0.01 sys=0.00, real=0.00 secs] 
473.812: [GC (Allocation Failure) [PSYoungGen: 69613K->1552K(70144K)] 389085K->321024K(758272K), 0.0017444 secs] [Times: user=0.01 sys=0.00, real=0.00 secs] 
474.279: [GC (Allocation Failure) [PSYoungGen: 69648K->1568K(70144K)] 389120K->321056K(758272K), 0.0015793 secs] [Times: user=0.00 sys=0.00, real=0.00 secs] 
474.942: [GC (Allocation Failure) [PSYoungGen: 69664K->1424K(70144K)] 389152K->320920K(758272K), 0.0028408 secs] [Times: user=0.01 sys=0.01, real=0.00 secs] 
475.581: [GC (Allocation Failure) [PSYoungGen: 69520K->1392K(70144K)] 389016K->320896K(758272K), 0.0023956 secs] [Times: user=0.01 sys=0.00, real=0.00 secs] 
476.302: [GC (Allocation Failure) [PSYoungGen: 69488K->1440K(70144K)] 388992K->320944K(758272K), 0.0026306 secs] [Times: user=0.01 sys=0.00, real=0.00 secs] 
477.044: [GC (Allocation Failure) [PSYoungGen: 69536K->1408K(70144K)] 389040K->320920K(758272K), 0.0032631 secs] [Times: user=0.01 sys=0.00, real=0.01 secs] 
477.876: [GC (Allocation Failure) [PSYoungGen: 69504K->1584K(70144K)] 389016K->321096K(758272K), 0.0015746 secs] [Times: user=0.01 sys=0.00, real=0.01 secs] 
478.335: [GC (Allocation Failure) [PSYoungGen: 69680K->1565K(70144K)] 389192K->321077K(758272K), 0.0017440 secs] [Times: user=0.01 sys=0.00, real=0.01 secs] 
478.741: [GC (Allocation Failure) [PSYoungGen: 69661K->1616K(70144K)] 389173K->321128K(758272K), 0.0016546 secs] [Times: user=0.00 sys=0.00, real=0.00 secs] 
479.236: [GC (Allocation Failure) [PSYoungGen: 69712K->1488K(70144K)] 389224K->321008K(758272K), 0.0020399 secs] [Times: user=0.00 sys=0.00, real=0.01 secs] 
479.562: [GC (Allocation Failure) [PSYoungGen: 69584K->1408K(70144K)] 389104K->320928K(758272K), 0.0020407 secs] [Times: user=0.01 sys=0.00, real=0.00 secs] 
479.850: [GC (Allocation Failure) [PSYoungGen: 69504K->1376K(70144K)] 389024K->320896K(758272K), 0.0021060 secs] [Times: user=0.00 sys=0.00, real=0.00 secs] 
480.245: [GC (Allocation Failure) [PSYoungGen: 69472K->1408K(70144K)] 388992K->320928K(758272K), 0.0021788 secs] [Times: user=0.01 sys=0.00, real=0.01 secs] 
480.854: [GC (Allocation Failure) [PSYoungGen: 69504K->1520K(70144K)] 389024K->321040K(758272K), 0.0019161 secs] [Times: user=0.01 sys=0.00, real=0.00 secs] 
481.265: [GC (Allocation Failure) [PSYoungGen: 69616K->1600K(70144K)] 389136K->321152K(758272K), 0.0017531 secs] [Times: user=0.01 sys=0.00, real=0.00 secs] 
481.667: [GC (Allocation Failure) [PSYoungGen: 69696K->1584K(70144K)] 389248K->321136K(758272K), 0.0015381 secs] [Times: user=0.00 sys=0.00, real=0.00 secs] 
482.065: [GC (Allocation Failure) [PSYoungGen: 69680K->1552K(70144K)] 389232K->321104K(758272K), 0.0015745 secs] [Times: user=0.01 sys=0.00, real=0.00 secs] 
482.887: [GC (Allocation Failure) [PSYoungGen: 69648K->1424K(70144K)] 389200K->320984K(758272K), 0.0022845 secs] [Times: user=0.01 sys=0.00, real=0.01 secs] 
483.471: [GC (Allocation Failure) [PSYoungGen: 69520K->1408K(70144K)] 389080K->320968K(758272K), 0.0038815 secs] [Times: user=0.02 sys=0.00, real=0.00 secs] 
484.018: [GC (Allocation Failure) [PSYoungGen: 69504K->1408K(70144K)] 389064K->320968K(758272K), 0.0048957 secs] [Times: user=0.02 sys=0.00, real=0.00 secs] 
484.680: [GC (Allocation Failure) [PSYoungGen: 69504K->1376K(70144K)] 389064K->320936K(758272K), 0.0026106 secs] [Times: user=0.01 sys=0.00, real=0.00 secs] 
485.512: [GC (Allocation Failure) [PSYoungGen: 69472K->1549K(70144K)] 389032K->321109K(758272K), 0.0014754 secs] [Times: user=0.01 sys=0.00, real=0.00 secs] 
485.912: [GC (Allocation Failure) [PSYoungGen: 69645K->1613K(70144K)] 389205K->321173K(758272K), 0.0015598 secs] [Times: user=0.01 sys=0.00, real=0.00 secs] 
486.313: [GC (Allocation Failure) [PSYoungGen: 69709K->1597K(70144K)] 389269K->321157K(758272K), 0.0016299 secs] [Times: user=0.01 sys=0.00, real=0.00 secs] 
486.718: [GC (Allocation Failure) [PSYoungGen: 69693K->1581K(70144K)] 389253K->321157K(758272K), 0.0015530 secs] [Times: user=0.01 sys=0.00, real=0.00 secs] 
487.453: [GC (Allocation Failure) [PSYoungGen: 69677K->1376K(70144K)] 389253K->320952K(758272K), 0.0031562 secs] [Times: user=0.02 sys=0.00, real=0.00 secs] 
488.133: [GC (Allocation Failure) [PSYoungGen: 69472K->1408K(70144K)] 389048K->320984K(758272K), 0.0028078 secs] [Times: user=0.01 sys=0.00, real=0.00 secs] 
488.622: [GC (Allocation Failure) [PSYoungGen: 69504K->1408K(70144K)] 389080K->320984K(758272K), 0.0026483 secs] [Times: user=0.01 sys=0.00, real=0.00 secs] 
489.248: [GC (Allocation Failure) [PSYoungGen: 69504K->1376K(70144K)] 389080K->320952K(758272K), 0.0025039 secs] [Times: user=0.01 sys=0.00, real=0.00 secs] 
489.840: [GC (Allocation Failure) [PSYoungGen: 69472K->1501K(70144K)] 389048K->321077K(758272K), 0.0015389 secs] [Times: user=0.00 sys=0.00, real=0.00 secs] 
490.240: [GC (Allocation Failure) [PSYoungGen: 69597K->1552K(70144K)] 389173K->321128K(758272K), 0.0015708 secs] [Times: user=0.01 sys=0.00, real=0.00 secs] 
490.642: [GC (Allocation Failure) [PSYoungGen: 69648K->1613K(70144K)] 389224K->321189K(758272K), 0.0015697 secs] [Times: user=0.01 sys=0.00, real=0.00 secs] 
491.146: [GC (Allocation Failure) [PSYoungGen: 69709K->1520K(70144K)] 389285K->321104K(758272K), 0.0020033 secs] [Times: user=0.01 sys=0.00, real=0.01 secs] 
491.462: [GC (Allocation Failure) [PSYoungGen: 69616K->1408K(70144K)] 389200K->321008K(758272K), 0.0019793 secs] [Times: user=0.01 sys=0.00, real=0.00 secs] 
491.758: [GC (Allocation Failure) [PSYoungGen: 69504K->1344K(70144K)] 389104K->320944K(758272K), 0.0018735 secs] [Times: user=0.01 sys=0.00, real=0.00 secs] 
492.102: [GC (Allocation Failure) [PSYoungGen: 69440K->1408K(70144K)] 389040K->321008K(758272K), 0.0019834 secs] [Times: user=0.01 sys=0.00, real=0.00 secs] 
492.559: [GC (Allocation Failure) [PSYoungGen: 69504K->1504K(70144K)] 389104K->321104K(758272K), 0.0018849 secs] [Times: user=0.00 sys=0.00, real=0.00 secs] 
492.969: [GC (Allocation Failure) [PSYoungGen: 69600K->1520K(70144K)] 389200K->321120K(758272K), 0.0015645 secs] [Times: user=0.00 sys=0.00, real=0.00 secs] 
493.369: [GC (Allocation Failure) [PSYoungGen: 69616K->1501K(70144K)] 389216K->321101K(758272K), 0.0016086 secs] [Times: user=0.01 sys=0.00, real=0.00 secs] 
493.854: [GC (Allocation Failure) [PSYoungGen: 69597K->1533K(70144K)] 389197K->321133K(758272K), 0.0016062 secs] [Times: user=0.01 sys=0.00, real=0.00 secs] 
494.294: [GC (Allocation Failure) [PSYoungGen: 69629K->1472K(70144K)] 389229K->321080K(758272K), 0.0022256 secs] [Times: user=0.01 sys=0.00, real=0.00 secs] 
494.578: [GC (Allocation Failure) [PSYoungGen: 69568K->1408K(70144K)] 389176K->321016K(758272K), 0.0020416 secs] [Times: user=0.01 sys=0.00, real=0.00 secs] 
494.861: [GC (Allocation Failure) [PSYoungGen: 69504K->1408K(70144K)] 389112K->321024K(758272K), 0.0021134 secs] [Times: user=0.01 sys=0.00, real=0.00 secs] 
495.144: [GC (Allocation Failure) [PSYoungGen: 69504K->1424K(70144K)] 389120K->321048K(758272K), 0.0019102 secs] [Times: user=0.00 sys=0.00, real=0.00 secs] 
495.637: [GC (Allocation Failure) [PSYoungGen: 69520K->1549K(70144K)] 389144K->321173K(758272K), 0.0014821 secs] [Times: user=0.01 sys=0.00, real=0.01 secs] 
496.040: [GC (Allocation Failure) [PSYoungGen: 69645K->1584K(70144K)] 389269K->321208K(758272K), 0.0016034 secs] [Times: user=0.01 sys=0.00, real=0.00 secs] 
496.439: [GC (Allocation Failure) [PSYoungGen: 69670K->1613K(70144K)] 389294K->321237K(758272K), 0.0015900 secs] [Times: user=0.01 sys=0.00, real=0.00 secs] 
496.843: [GC (Allocation Failure) [PSYoungGen: 69709K->1581K(70144K)] 389333K->321221K(758272K), 0.0015660 secs] [Times: user=0.01 sys=0.00, real=0.00 secs] 
497.246: [GC (Allocation Failure) [PSYoungGen: 69677K->1408K(70144K)] 389317K->321048K(758272K), 0.0027560 secs] [Times: user=0.01 sys=0.00, real=0.01 secs] 
497.528: [GC (Allocation Failure) [PSYoungGen: 69504K->1408K(70144K)] 389144K->321048K(758272K), 0.0022567 secs] [Times: user=0.01 sys=0.00, real=0.00 secs] 
498.073: [GC (Allocation Failure) [PSYoungGen: 69504K->1408K(70144K)] 389144K->321048K(758272K), 0.0023024 secs] [Times: user=0.01 sys=0.00, real=0.00 secs] 
498.748: [GC (Allocation Failure) [PSYoungGen: 69504K->1408K(70144K)] 389144K->321048K(758272K), 0.0039839 secs] [Times: user=0.02 sys=0.00, real=0.00 secs] 
499.415: [GC (Allocation Failure) [PSYoungGen: 69504K->1533K(70144K)] 389144K->321173K(758272K), 0.0017442 secs] [Times: user=0.00 sys=0.00, real=0.00 secs] 
499.817: [GC (Allocation Failure) [PSYoungGen: 69629K->1613K(70144K)] 389269K->321285K(758272K), 0.0016118 secs] [Times: user=0.01 sys=0.00, real=0.00 secs] 
500.280: [GC (Allocation Failure) [PSYoungGen: 69693K->1517K(70144K)] 389365K->321189K(758272K), 0.0017057 secs] [Times: user=0.01 sys=0.00, real=0.00 secs] 
500.667: [GC (Allocation Failure) [PSYoungGen: 69613K->1536K(70144K)] 389285K->321208K(758272K), 0.0018959 secs] [Times: user=0.01 sys=0.00, real=0.00 secs] 
500.950: [GC (Allocation Failure) [PSYoungGen: 69632K->1376K(70144K)] 389304K->321048K(758272K), 0.0018061 secs] [Times: user=0.00 sys=0.00, real=0.00 secs] 
501.233: [GC (Allocation Failure) [PSYoungGen: 69472K->1440K(70144K)] 389144K->321112K(758272K), 0.0019242 secs] [Times: user=0.01 sys=0.00, real=0.00 secs] 
501.580: [GC (Allocation Failure) [PSYoungGen: 69536K->1408K(70144K)] 389208K->321080K(758272K), 0.0017693 secs] [Times: user=0.01 sys=0.00, real=0.00 secs] 
502.337: [GC (Allocation Failure) [PSYoungGen: 69504K->1405K(70144K)] 389176K->321077K(758272K), 0.0024760 secs] [Times: user=0.01 sys=0.00, real=0.00 secs] 
502.855: [GC (Allocation Failure) [PSYoungGen: 69501K->1597K(70144K)] 389173K->321269K(758272K), 0.0017204 secs] [Times: user=0.01 sys=0.00, real=0.01 secs] 
503.316: [GC (Allocation Failure) [PSYoungGen: 69693K->1565K(70144K)] 389365K->321237K(758272K), 0.0018615 secs] [Times: user=0.00 sys=0.00, real=0.01 secs] 
503.716: [GC (Allocation Failure) [PSYoungGen: 69661K->1581K(70144K)] 389333K->321253K(758272K), 0.0016090 secs] [Times: user=0.01 sys=0.00, real=0.01 secs] 
504.218: [GC (Allocation Failure) [PSYoungGen: 69677K->1488K(70144K)] 389349K->321160K(758272K), 0.0033044 secs] [Times: user=0.02 sys=0.00, real=0.00 secs] 
504.518: [GC (Allocation Failure) [PSYoungGen: 69584K->1408K(70144K)] 389256K->321080K(758272K), 0.0052491 secs] [Times: user=0.02 sys=0.00, real=0.00 secs] 
504.804: [GC (Allocation Failure) [PSYoungGen: 69504K->1376K(70144K)] 389176K->321048K(758272K), 0.0020458 secs] [Times: user=0.01 sys=0.00, real=0.00 secs] 
505.086: [GC (Allocation Failure) [PSYoungGen: 69472K->1408K(70144K)] 389144K->321080K(758272K), 0.0018667 secs] [Times: user=0.01 sys=0.00, real=0.01 secs] 
505.430: [GC (Allocation Failure) [PSYoungGen: 69504K->1485K(70144K)] 389176K->321157K(758272K), 0.0015112 secs] [Times: user=0.01 sys=0.00, real=0.00 secs] 
505.828: [GC (Allocation Failure) [PSYoungGen: 69552K->1597K(70144K)] 389224K->321269K(758272K), 0.0017317 secs] [Times: user=0.00 sys=0.00, real=0.00 secs] 
506.227: [GC (Allocation Failure) [PSYoungGen: 69662K->1565K(70144K)] 389334K->321237K(758272K), 0.0015418 secs] [Times: user=0.00 sys=0.00, real=0.01 secs] 
506.626: [GC (Allocation Failure) [PSYoungGen: 69637K->1584K(70144K)] 389309K->321272K(758272K), 0.0015528 secs] [Times: user=0.01 sys=0.00, real=0.01 secs] 
506.976: [GC (Allocation Failure) [PSYoungGen: 69680K->1424K(70144K)] 389368K->321112K(758272K), 0.0018875 secs] [Times: user=0.01 sys=0.00, real=0.01 secs] 
507.259: [GC (Allocation Failure) [PSYoungGen: 69520K->1360K(70144K)] 389208K->321048K(758272K), 0.0017737 secs] [Times: user=0.00 sys=0.00, real=0.00 secs] 
507.543: [GC (Allocation Failure) [PSYoungGen: 69456K->1408K(70144K)] 389144K->321096K(758272K), 0.0023609 secs] [Times: user=0.01 sys=0.00, real=0.00 secs] 
507.827: [GC (Allocation Failure) [PSYoungGen: 69504K->1408K(70144K)] 389192K->321096K(758272K), 0.0028616 secs] [Times: user=0.01 sys=0.00, real=0.01 secs] 
508.257: [GC (Allocation Failure) [PSYoungGen: 69504K->1501K(70144K)] 389192K->321189K(758272K), 0.0014737 secs] [Times: user=0.00 sys=0.00, real=0.00 secs] 
508.659: [GC (Allocation Failure) [PSYoungGen: 69597K->1613K(70144K)] 389285K->321333K(758272K), 0.0015200 secs] [Times: user=0.01 sys=0.00, real=0.00 secs] 
509.065: [GC (Allocation Failure) [PSYoungGen: 69709K->1581K(70144K)] 389429K->321301K(758272K), 0.0016340 secs] [Times: user=0.01 sys=0.00, real=0.00 secs] 
509.550: [GC (Allocation Failure) [PSYoungGen: 69677K->1984K(70144K)] 389397K->321704K(758272K), 0.0017983 secs] [Times: user=0.00 sys=0.00, real=0.00 secs] 
510.208: [GC (Allocation Failure) [PSYoungGen: 70080K->1376K(70144K)] 389800K->321096K(758272K), 0.0019111 secs] [Times: user=0.01 sys=0.00, real=0.00 secs] 
510.868: [GC (Allocation Failure) [PSYoungGen: 69472K->1408K(70144K)] 389192K->321128K(758272K), 0.0026984 secs] [Times: user=0.01 sys=0.00, real=0.00 secs] 
511.811: [GC (Allocation Failure) [PSYoungGen: 69504K->1440K(70144K)] 389224K->321160K(758272K), 0.0030788 secs] [Times: user=0.02 sys=0.00, real=0.00 secs] 
512.702: [GC (Allocation Failure) [PSYoungGen: 69536K->1408K(70144K)] 389256K->321128K(758272K), 0.0026353 secs] [Times: user=0.01 sys=0.00, real=0.00 secs] 
513.256: [GC (Allocation Failure) [PSYoungGen: 69504K->1549K(70144K)] 389224K->321269K(758272K), 0.0015563 secs] [Times: user=0.00 sys=0.00, real=0.01 secs] 
513.663: [GC (Allocation Failure) [PSYoungGen: 69645K->1584K(70144K)] 389365K->321304K(758272K), 0.0015684 secs] [Times: user=0.00 sys=0.00, real=0.00 secs] 
514.068: [GC (Allocation Failure) [PSYoungGen: 69680K->1533K(70144K)] 389400K->321253K(758272K), 0.0016220 secs] [Times: user=0.01 sys=0.00, real=0.00 secs] 
514.643: [GC (Allocation Failure) [PSYoungGen: 69629K->1472K(70144K)] 389349K->321192K(758272K), 0.0018727 secs] [Times: user=0.01 sys=0.00, real=0.00 secs] 
515.224: [GC (Allocation Failure) [PSYoungGen: 69568K->1440K(70144K)] 389288K->321160K(758272K), 0.0017439 secs] [Times: user=0.01 sys=0.00, real=0.00 secs] 
515.841: [GC (Allocation Failure) [PSYoungGen: 69536K->1408K(70144K)] 389256K->321128K(758272K), 0.0019095 secs] [Times: user=0.01 sys=0.00, real=0.00 secs] 
516.662: [GC (Allocation Failure) [PSYoungGen: 69504K->1360K(70144K)] 389224K->321080K(758272K), 0.0019646 secs] [Times: user=0.01 sys=0.00, real=0.00 secs] 
517.250: [GC (Allocation Failure) [PSYoungGen: 69456K->1517K(70144K)] 389176K->321237K(758272K), 0.0014500 secs] [Times: user=0.01 sys=0.00, real=0.00 secs] 
517.656: [GC (Allocation Failure) [PSYoungGen: 69613K->1597K(70144K)] 389333K->321317K(758272K), 0.0016841 secs] [Times: user=0.01 sys=0.00, real=0.01 secs] 
518.062: [GC (Allocation Failure) [PSYoungGen: 69693K->1549K(70144K)] 389413K->321269K(758272K), 0.0015866 secs] [Times: user=0.00 sys=0.00, real=0.00 secs] 
518.464: [GC (Allocation Failure) [PSYoungGen: 69645K->1600K(70144K)] 389365K->321328K(758272K), 0.0015835 secs] [Times: user=0.01 sys=0.00, real=0.00 secs] 
519.169: [GC (Allocation Failure) [PSYoungGen: 69696K->1440K(70144K)] 389424K->321176K(758272K), 0.0018873 secs] [Times: user=0.01 sys=0.00, real=0.00 secs] 
519.956: [GC (Allocation Failure) [PSYoungGen: 69536K->1440K(70144K)] 389272K->321176K(758272K), 0.0028936 secs] [Times: user=0.01 sys=0.00, real=0.01 secs] 
520.760: [GC (Allocation Failure) [PSYoungGen: 69536K->1376K(70144K)] 389272K->321112K(758272K), 0.0039897 secs] [Times: user=0.02 sys=0.00, real=0.00 secs] 
521.412: [GC (Allocation Failure) [PSYoungGen: 69472K->1408K(70144K)] 389208K->321144K(758272K), 0.0032059 secs] [Times: user=0.01 sys=0.00, real=0.00 secs] 
522.006: [GC (Allocation Failure) [PSYoungGen: 69504K->1485K(70144K)] 389240K->321245K(758272K), 0.0015070 secs] [Times: user=0.01 sys=0.00, real=0.01 secs] 
522.412: [GC (Allocation Failure) [PSYoungGen: 69581K->1488K(70144K)] 389341K->321248K(758272K), 0.0017201 secs] [Times: user=0.01 sys=0.00, real=0.00 secs] 
522.819: [GC (Allocation Failure) [PSYoungGen: 69584K->1584K(70144K)] 389344K->321344K(758272K), 0.0015764 secs] [Times: user=0.01 sys=0.00, real=0.00 secs] 
523.221: [GC (Allocation Failure) [PSYoungGen: 69680K->1440K(70144K)] 389440K->321200K(758272K), 0.0017980 secs] [Times: user=0.01 sys=0.00, real=0.00 secs] 
524.347: [GC (Allocation Failure) [PSYoungGen: 69536K->1440K(70144K)] 389296K->321200K(758272K), 0.0022695 secs] [Times: user=0.00 sys=0.00, real=0.00 secs] 
525.119: [GC (Allocation Failure) [PSYoungGen: 69536K->1376K(70144K)] 389296K->321136K(758272K), 0.0024503 secs] [Times: user=0.01 sys=0.00, real=0.00 secs] 
525.632: [GC (Allocation Failure) [PSYoungGen: 69472K->1376K(70144K)] 389232K->321136K(758272K), 0.0023845 secs] [Times: user=0.01 sys=0.00, real=0.00 secs] 
526.216: [GC (Allocation Failure) [PSYoungGen: 69472K->1408K(70144K)] 389232K->321168K(758272K), 0.0024143 secs] [Times: user=0.01 sys=0.00, real=0.01 secs] 
526.879: [GC (Allocation Failure) [PSYoungGen: 69504K->1613K(70144K)] 389264K->321373K(758272K), 0.0015675 secs] [Times: user=0.01 sys=0.00, real=0.00 secs] 
527.286: [GC (Allocation Failure) [PSYoungGen: 69709K->1613K(70144K)] 389469K->321373K(758272K), 0.0015637 secs] [Times: user=0.01 sys=0.00, real=0.01 secs] 
527.691: [GC (Allocation Failure) [PSYoungGen: 69709K->1552K(70144K)] 389469K->321312K(758272K), 0.0015738 secs] [Times: user=0.01 sys=0.00, real=0.00 secs] 
528.085: [GC (Allocation Failure) [PSYoungGen: 69648K->1440K(70144K)] 389408K->321216K(758272K), 0.0019026 secs] [Times: user=0.00 sys=0.00, real=0.00 secs] 
528.369: [GC (Allocation Failure) [PSYoungGen: 69536K->1344K(70144K)] 389312K->321120K(758272K), 0.0017597 secs] [Times: user=0.01 sys=0.00, real=0.00 secs] 
528.652: [GC (Allocation Failure) [PSYoungGen: 69440K->1376K(70144K)] 389216K->321152K(758272K), 0.0018352 secs] [Times: user=0.01 sys=0.00, real=0.00 secs] 
528.995: [GC (Allocation Failure) [PSYoungGen: 69472K->1408K(70144K)] 389248K->321184K(758272K), 0.0017791 secs] [Times: user=0.01 sys=0.00, real=0.00 secs] 
529.519: [GC (Allocation Failure) [PSYoungGen: 69504K->1501K(70144K)] 389280K->321277K(758272K), 0.0015099 secs] [Times: user=0.01 sys=0.00, real=0.00 secs] 
529.926: [GC (Allocation Failure) [PSYoungGen: 69597K->1536K(70144K)] 389373K->321312K(758272K), 0.0016646 secs] [Times: user=0.01 sys=0.00, real=0.01 secs] 
530.330: [GC (Allocation Failure) [PSYoungGen: 69632K->1565K(70144K)] 389408K->321341K(758272K), 0.0015920 secs] [Times: user=0.00 sys=0.00, real=0.00 secs] 
530.735: [GC (Allocation Failure) [PSYoungGen: 69661K->1581K(70144K)] 389437K->321373K(758272K), 0.0015300 secs] [Times: user=0.01 sys=0.00, real=0.01 secs] 
531.630: [GC (Allocation Failure) [PSYoungGen: 69677K->1392K(70144K)] 389469K->321200K(758272K), 0.0019891 secs] [Times: user=0.01 sys=0.00, real=0.00 secs] 
532.347: [GC (Allocation Failure) [PSYoungGen: 69488K->1408K(70144K)] 389296K->321216K(758272K), 0.0028640 secs] [Times: user=0.01 sys=0.00, real=0.00 secs] 
532.839: [GC (Allocation Failure) [PSYoungGen: 69504K->1360K(70144K)] 389312K->321168K(758272K), 0.0022063 secs] [Times: user=0.01 sys=0.00, real=0.00 secs] 
533.379: [GC (Allocation Failure) [PSYoungGen: 69456K->1440K(70144K)] 389264K->321248K(758272K), 0.0020056 secs] [Times: user=0.01 sys=0.00, real=0.00 secs] 
534.028: [GC (Allocation Failure) [PSYoungGen: 69536K->1520K(70144K)] 389344K->321328K(758272K), 0.0014710 secs] [Times: user=0.00 sys=0.00, real=0.00 secs] 
534.433: [GC (Allocation Failure) [PSYoungGen: 69616K->1597K(70144K)] 389424K->321405K(758272K), 0.0016643 secs] [Times: user=0.00 sys=0.00, real=0.00 secs] 
534.839: [GC (Allocation Failure) [PSYoungGen: 69693K->1549K(70144K)] 389501K->321357K(758272K), 0.0015562 secs] [Times: user=0.01 sys=0.00, real=0.00 secs] 
535.241: [GC (Allocation Failure) [PSYoungGen: 69645K->1536K(70144K)] 389453K->321352K(758272K), 0.0016016 secs] [Times: user=0.01 sys=0.00, real=0.00 secs] 
535.638: [GC (Allocation Failure) [PSYoungGen: 69632K->1408K(70144K)] 389448K->321224K(758272K), 0.0025112 secs] [Times: user=0.01 sys=0.00, real=0.00 secs] 
536.144: [GC (Allocation Failure) [PSYoungGen: 69504K->1376K(70144K)] 389320K->321192K(758272K), 0.0017839 secs] [Times: user=0.01 sys=0.00, real=0.00 secs] 
536.670: [GC (Allocation Failure) [PSYoungGen: 69472K->1408K(70144K)] 389288K->321224K(758272K), 0.0022569 secs] [Times: user=0.01 sys=0.00, real=0.00 secs] 
537.244: [GC (Allocation Failure) [PSYoungGen: 69504K->1440K(70144K)] 389320K->321256K(758272K), 0.0025191 secs] [Times: user=0.01 sys=0.00, real=0.00 secs] 
537.746: [GC (Allocation Failure) [PSYoungGen: 69536K->1517K(70144K)] 389352K->321333K(758272K), 0.0015201 secs] [Times: user=0.01 sys=0.00, real=0.01 secs] 
538.205: [GC (Allocation Failure) [PSYoungGen: 69613K->1565K(70144K)] 389429K->321381K(758272K), 0.0016276 secs] [Times: user=0.01 sys=0.00, real=0.01 secs] 
538.673: [GC (Allocation Failure) [PSYoungGen: 69661K->1597K(70144K)] 389477K->321413K(758272K), 0.0015527 secs] [Times: user=0.01 sys=0.00, real=0.00 secs] 
539.537: [GC (Allocation Failure) [PSYoungGen: 69693K->1520K(70144K)] 389509K->321336K(758272K), 0.0040927 secs] [Times: user=0.02 sys=0.00, real=0.00 secs] 
540.561: [GC (Allocation Failure) [PSYoungGen: 69616K->1408K(70144K)] 389432K->321224K(758272K), 0.0032256 secs] [Times: user=0.02 sys=0.00, real=0.00 secs] 
541.365: [GC (Allocation Failure) [PSYoungGen: 69504K->1408K(70144K)] 389320K->321224K(758272K), 0.0026692 secs] [Times: user=0.01 sys=0.00, real=0.01 secs] 
541.994: [GC (Allocation Failure) [PSYoungGen: 69504K->1376K(70144K)] 389320K->321208K(758272K), 0.0021898 secs] [Times: user=0.01 sys=0.00, real=0.00 secs] 
542.582: [GC (Allocation Failure) [PSYoungGen: 69472K->1456K(70144K)] 389304K->321288K(758272K), 0.0018807 secs] [Times: user=0.01 sys=0.00, real=0.00 secs] 
542.990: [GC (Allocation Failure) [PSYoungGen: 69552K->1581K(70144K)] 389384K->321413K(758272K), 0.0014764 secs] [Times: user=0.01 sys=0.00, real=0.00 secs] 
543.394: [GC (Allocation Failure) [PSYoungGen: 69668K->1565K(70144K)] 389500K->321397K(758272K), 0.0015630 secs] [Times: user=0.00 sys=0.00, real=0.00 secs] 
543.797: [GC (Allocation Failure) [PSYoungGen: 69661K->1552K(70144K)] 389493K->321384K(758272K), 0.0015498 secs] [Times: user=0.01 sys=0.00, real=0.00 secs] 
544.201: [GC (Allocation Failure) [PSYoungGen: 69648K->1456K(70144K)] 389480K->321304K(758272K), 0.0018188 secs] [Times: user=0.00 sys=0.00, real=0.00 secs] 
544.688: [GC (Allocation Failure) [PSYoungGen: 69552K->1408K(70144K)] 389400K->321256K(758272K), 0.0016929 secs] [Times: user=0.01 sys=0.00, real=0.00 secs] 
545.590: [GC (Allocation Failure) [PSYoungGen: 69504K->1424K(70144K)] 389352K->321272K(758272K), 0.0024683 secs] [Times: user=0.01 sys=0.00, real=0.00 secs] 
546.771: [GC (Allocation Failure) [PSYoungGen: 69520K->1376K(70144K)] 389368K->321224K(758272K), 0.0037658 secs] [Times: user=0.02 sys=0.00, real=0.00 secs] 
547.707: [GC (Allocation Failure) [PSYoungGen: 69472K->1517K(70144K)] 389320K->321365K(758272K), 0.0015201 secs] [Times: user=0.00 sys=0.00, real=0.01 secs] 
548.109: [GC (Allocation Failure) [PSYoungGen: 69613K->1565K(70144K)] 389461K->321413K(758272K), 0.0015777 secs] [Times: user=0.01 sys=0.00, real=0.00 secs] 
548.574: [GC (Allocation Failure) [PSYoungGen: 69661K->1597K(70144K)] 389509K->321445K(758272K), 0.0015951 secs] [Times: user=0.00 sys=0.00, real=0.00 secs] 
548.982: [GC (Allocation Failure) [PSYoungGen: 69693K->1581K(70144K)] 389541K->321437K(758272K), 0.0015780 secs] [Times: user=0.00 sys=0.00, real=0.00 secs] 
549.322: [GC (Allocation Failure) [PSYoungGen: 69677K->1456K(70144K)] 389533K->321312K(758272K), 0.0021193 secs] [Times: user=0.00 sys=0.00, real=0.00 secs] 
549.606: [GC (Allocation Failure) [PSYoungGen: 69552K->1376K(70144K)] 389408K->321232K(758272K), 0.0019629 secs] [Times: user=0.01 sys=0.00, real=0.01 secs] 
549.889: [GC (Allocation Failure) [PSYoungGen: 69472K->1440K(70144K)] 389328K->321296K(758272K), 0.0020004 secs] [Times: user=0.01 sys=0.00, real=0.00 secs] 
550.235: [GC (Allocation Failure) [PSYoungGen: 69536K->1376K(70144K)] 389392K->321232K(758272K), 0.0019682 secs] [Times: user=0.01 sys=0.00, real=0.01 secs] 
550.711: [GC (Allocation Failure) [PSYoungGen: 69472K->1565K(70144K)] 389328K->321421K(758272K), 0.0014909 secs] [Times: user=0.01 sys=0.00, real=0.00 secs] 
551.112: [GC (Allocation Failure) [PSYoungGen: 69661K->1565K(70144K)] 389517K->321453K(758272K), 0.0015536 secs] [Times: user=0.01 sys=0.00, real=0.00 secs] 
551.511: [GC (Allocation Failure) [PSYoungGen: 69660K->1584K(70144K)] 389548K->321472K(758272K), 0.0016097 secs] [Times: user=0.01 sys=0.00, real=0.00 secs] 
551.962: [GC (Allocation Failure) [PSYoungGen: 69680K->1584K(70144K)] 389568K->321472K(758272K), 0.0019347 secs] [Times: user=0.00 sys=0.00, real=0.00 secs] 
552.524: [GC (Allocation Failure) [PSYoungGen: 69680K->1424K(70144K)] 389568K->321312K(758272K), 0.0015850 secs] [Times: user=0.01 sys=0.00, real=0.00 secs] 
553.118: [GC (Allocation Failure) [PSYoungGen: 69520K->1408K(70144K)] 389408K->321296K(758272K), 0.0017653 secs] [Times: user=0.01 sys=0.00, real=0.00 secs] 
553.759: [GC (Allocation Failure) [PSYoungGen: 69504K->1440K(70144K)] 389392K->321328K(758272K), 0.0017688 secs] [Times: user=0.01 sys=0.00, real=0.00 secs] 
554.457: [GC (Allocation Failure) [PSYoungGen: 69536K->1437K(70144K)] 389424K->321325K(758272K), 0.0018981 secs] [Times: user=0.01 sys=0.00, real=0.00 secs] 
554.871: [GC (Allocation Failure) [PSYoungGen: 69533K->1552K(70144K)] 389421K->321440K(758272K), 0.0016642 secs] [Times: user=0.01 sys=0.00, real=0.00 secs] 
555.273: [GC (Allocation Failure) [PSYoungGen: 69631K->1629K(70144K)] 389519K->321517K(758272K), 0.0016047 secs] [Times: user=0.01 sys=0.00, real=0.00 secs] 
555.671: [GC (Allocation Failure) [PSYoungGen: 69706K->1581K(70144K)] 389595K->321469K(758272K), 0.0017305 secs] [Times: user=0.00 sys=0.00, real=0.00 secs] 
556.270: [GC (Allocation Failure) [PSYoungGen: 69677K->1488K(70144K)] 389565K->321384K(758272K), 0.0018778 secs] [Times: user=0.01 sys=0.00, real=0.00 secs] 
557.084: [GC (Allocation Failure) [PSYoungGen: 69584K->1408K(70144K)] 389480K->321304K(758272K), 0.0017545 secs] [Times: user=0.01 sys=0.00, real=0.00 secs] 
557.967: [GC (Allocation Failure) [PSYoungGen: 69504K->1376K(70144K)] 389400K->321272K(758272K), 0.0017103 secs] [Times: user=0.00 sys=0.00, real=0.00 secs] 
558.725: [GC (Allocation Failure) [PSYoungGen: 69472K->1376K(70144K)] 389368K->321272K(758272K), 0.0017534 secs] [Times: user=0.01 sys=0.00, real=0.00 secs] 
559.252: [GC (Allocation Failure) [PSYoungGen: 69472K->1485K(70144K)] 389368K->321381K(758272K), 0.0014717 secs] [Times: user=0.01 sys=0.00, real=0.00 secs] 
559.654: [GC (Allocation Failure) [PSYoungGen: 69581K->1552K(70144K)] 389477K->321448K(758272K), 0.0015833 secs] [Times: user=0.00 sys=0.01, real=0.00 secs] 
560.057: [GC (Allocation Failure) [PSYoungGen: 69648K->1581K(70144K)] 389544K->321477K(758272K), 0.0015394 secs] [Times: user=0.01 sys=0.00, real=0.00 secs] 
560.459: [GC (Allocation Failure) [PSYoungGen: 69677K->1549K(70144K)] 389573K->321461K(758272K), 0.0015575 secs] [Times: user=0.00 sys=0.00, real=0.00 secs] 
560.788: [GC (Allocation Failure) [PSYoungGen: 69645K->1440K(70144K)] 389557K->321352K(758272K), 0.0018260 secs] [Times: user=0.01 sys=0.00, real=0.00 secs] 
561.082: [GC (Allocation Failure) [PSYoungGen: 69536K->1376K(70144K)] 389448K->321288K(758272K), 0.0017648 secs] [Times: user=0.01 sys=0.00, real=0.00 secs] 
561.450: [GC (Allocation Failure) [PSYoungGen: 69472K->1408K(70144K)] 389384K->321336K(758272K), 0.0017654 secs] [Times: user=0.01 sys=0.00, real=0.00 secs] 
561.821: [GC (Allocation Failure) [PSYoungGen: 69504K->1408K(70144K)] 389432K->321336K(758272K), 0.0016804 secs] [Times: user=0.00 sys=0.00, real=0.00 secs] 
562.223: [GC (Allocation Failure) [PSYoungGen: 69504K->1565K(70144K)] 389432K->321493K(758272K), 0.0016191 secs] [Times: user=0.01 sys=0.00, real=0.00 secs] 
562.683: [GC (Allocation Failure) [PSYoungGen: 69661K->1565K(70144K)] 389589K->321493K(758272K), 0.0015946 secs] [Times: user=0.01 sys=0.00, real=0.00 secs] 
563.084: [GC (Allocation Failure) [PSYoungGen: 69661K->1520K(70144K)] 389589K->321448K(758272K), 0.0016763 secs] [Times: user=0.01 sys=0.00, real=0.00 secs] 
563.519: [GC (Allocation Failure) [PSYoungGen: 69616K->2016K(70144K)] 389544K->321992K(758272K), 0.0018718 secs] [Times: user=0.01 sys=0.00, real=0.00 secs] 
564.094: [GC (Allocation Failure) [PSYoungGen: 70112K->1440K(70144K)] 390088K->321416K(758272K), 0.0032907 secs] [Times: user=0.02 sys=0.00, real=0.01 secs] 
564.671: [GC (Allocation Failure) [PSYoungGen: 69536K->1392K(70144K)] 389512K->321368K(758272K), 0.0033265 secs] [Times: user=0.02 sys=0.00, real=0.00 secs] 
565.234: [GC (Allocation Failure) [PSYoungGen: 69488K->1376K(70144K)] 389464K->321352K(758272K), 0.0032364 secs] [Times: user=0.01 sys=0.00, real=0.01 secs] 
565.699: [GC (Allocation Failure) [PSYoungGen: 69472K->1440K(70144K)] 389448K->321424K(758272K), 0.0027114 secs] [Times: user=0.01 sys=0.00, real=0.00 secs] 
566.186: [GC (Allocation Failure) [PSYoungGen: 69536K->1568K(70144K)] 389520K->321552K(758272K), 0.0015385 secs] [Times: user=0.01 sys=0.00, real=0.01 secs] 
566.587: [GC (Allocation Failure) [PSYoungGen: 69664K->1629K(70144K)] 389648K->321613K(758272K), 0.0015298 secs] [Times: user=0.00 sys=0.00, real=0.00 secs] 
566.988: [GC (Allocation Failure) [PSYoungGen: 69725K->1565K(70144K)] 389709K->321549K(758272K), 0.0016560 secs] [Times: user=0.00 sys=0.00, real=0.00 secs] 
567.404: [GC (Allocation Failure) [PSYoungGen: 69661K->1504K(70144K)] 389645K->321512K(758272K), 0.0018828 secs] [Times: user=0.01 sys=0.00, real=0.00 secs] 
567.778: [GC (Allocation Failure) [PSYoungGen: 69600K->1376K(70144K)] 389608K->321384K(758272K), 0.0016982 secs] [Times: user=0.00 sys=0.00, real=0.00 secs] 
568.086: [GC (Allocation Failure) [PSYoungGen: 69472K->1408K(70144K)] 389480K->321416K(758272K), 0.0026631 secs] [Times: user=0.01 sys=0.00, real=0.01 secs] 
568.426: [GC (Allocation Failure) [PSYoungGen: 69504K->1408K(70144K)] 389512K->321416K(758272K), 0.0022510 secs] [Times: user=0.01 sys=0.00, real=0.01 secs] 
568.871: [GC (Allocation Failure) [PSYoungGen: 69504K->1501K(70144K)] 389512K->321509K(758272K), 0.0014140 secs] [Times: user=0.00 sys=0.00, real=0.00 secs] 
569.272: [GC (Allocation Failure) [PSYoungGen: 69597K->1581K(70144K)] 389605K->321589K(758272K), 0.0016183 secs] [Times: user=0.01 sys=0.00, real=0.00 secs] 
569.674: [GC (Allocation Failure) [PSYoungGen: 69677K->1584K(70144K)] 389685K->321592K(758272K), 0.0016453 secs] [Times: user=0.00 sys=0.00, real=0.00 secs] 
570.075: [GC (Allocation Failure) [PSYoungGen: 69680K->1581K(70144K)] 389688K->321621K(758272K), 0.0016045 secs] [Times: user=0.00 sys=0.00, real=0.00 secs] 
570.621: [GC (Allocation Failure) [PSYoungGen: 69677K->1408K(70144K)] 389717K->321448K(758272K), 0.0018358 secs] [Times: user=0.01 sys=0.00, real=0.00 secs] 
570.904: [GC (Allocation Failure) [PSYoungGen: 69504K->1376K(70144K)] 389544K->321416K(758272K), 0.0017485 secs] [Times: user=0.00 sys=0.00, real=0.00 secs] 
571.187: [GC (Allocation Failure) [PSYoungGen: 69472K->1408K(70144K)] 389512K->321448K(758272K), 0.0023297 secs] [Times: user=0.01 sys=0.00, real=0.01 secs] 
571.683: [GC (Allocation Failure) [PSYoungGen: 69504K->1408K(70144K)] 389544K->321448K(758272K), 0.0027300 secs] [Times: user=0.01 sys=0.00, real=0.00 secs] 
572.282: [GC (Allocation Failure) [PSYoungGen: 69504K->1485K(70144K)] 389544K->321525K(758272K), 0.0015068 secs] [Times: user=0.00 sys=0.00, real=0.00 secs] 
572.680: [GC (Allocation Failure) [PSYoungGen: 69581K->1520K(70144K)] 389621K->321560K(758272K), 0.0015378 secs] [Times: user=0.00 sys=0.00, real=0.00 secs] 
573.084: [GC (Allocation Failure) [PSYoungGen: 69613K->1520K(70144K)] 389654K->321560K(758272K), 0.0015534 secs] [Times: user=0.00 sys=0.00, real=0.00 secs] 
573.483: [GC (Allocation Failure) [PSYoungGen: 69609K->1597K(70144K)] 389649K->321653K(758272K), 0.0015431 secs] [Times: user=0.01 sys=0.00, real=0.00 secs] 
574.165: [GC (Allocation Failure) [PSYoungGen: 69693K->1440K(70144K)] 389749K->321496K(758272K), 0.0018787 secs] [Times: user=0.01 sys=0.00, real=0.01 secs] 
574.483: [GC (Allocation Failure) [PSYoungGen: 69536K->1376K(70144K)] 389592K->321432K(758272K), 0.0021183 secs] [Times: user=0.01 sys=0.00, real=0.00 secs] 
574.767: [GC (Allocation Failure) [PSYoungGen: 69472K->1440K(70144K)] 389528K->321496K(758272K), 0.0018695 secs] [Times: user=0.01 sys=0.00, real=0.01 secs] 
575.049: [GC (Allocation Failure) [PSYoungGen: 69536K->1408K(70144K)] 389592K->321464K(758272K), 0.0018731 secs] [Times: user=0.01 sys=0.00, real=0.00 secs] 
575.459: [GC (Allocation Failure) [PSYoungGen: 69504K->1565K(70144K)] 389560K->321621K(758272K), 0.0015404 secs] [Times: user=0.01 sys=0.00, real=0.00 secs] 
575.861: [GC (Allocation Failure) [PSYoungGen: 69661K->1581K(70144K)] 389717K->321637K(758272K), 0.0015857 secs] [Times: user=0.01 sys=0.00, real=0.00 secs] 
576.265: [GC (Allocation Failure) [PSYoungGen: 69673K->1504K(70144K)] 389730K->321560K(758272K), 0.0024952 secs] [Times: user=0.01 sys=0.00, real=0.01 secs] 
576.653: [GC (Allocation Failure) [PSYoungGen: 69600K->1488K(70144K)] 389656K->321560K(758272K), 0.0016657 secs] [Times: user=0.01 sys=0.00, real=0.00 secs] 
576.935: [GC (Allocation Failure) [PSYoungGen: 69584K->1408K(70144K)] 389656K->321480K(758272K), 0.0014995 secs] [Times: user=0.01 sys=0.00, real=0.00 secs] 
577.217: [GC (Allocation Failure) [PSYoungGen: 69504K->1408K(70144K)] 389576K->321480K(758272K), 0.0021334 secs] [Times: user=0.01 sys=0.00, real=0.01 secs] 
577.500: [GC (Allocation Failure) [PSYoungGen: 69504K->1376K(70144K)] 389576K->321448K(758272K), 0.0020584 secs] [Times: user=0.00 sys=0.00, real=0.00 secs] 
577.865: [GC (Allocation Failure) [PSYoungGen: 69472K->1440K(70144K)] 389544K->321520K(758272K), 0.0018707 secs] [Times: user=0.01 sys=0.00, real=0.00 secs] 
578.267: [GC (Allocation Failure) [PSYoungGen: 69536K->1584K(70144K)] 389616K->321664K(758272K), 0.0015647 secs] [Times: user=0.01 sys=0.00, real=0.00 secs] 
578.667: [GC (Allocation Failure) [PSYoungGen: 69680K->1565K(70144K)] 389760K->321645K(758272K), 0.0015575 secs] [Times: user=0.00 sys=0.00, real=0.00 secs] 
579.066: [GC (Allocation Failure) [PSYoungGen: 69661K->1613K(70144K)] 389741K->321717K(758272K), 0.0015469 secs] [Times: user=0.00 sys=0.00, real=0.01 secs] 
579.504: [GC (Allocation Failure) [PSYoungGen: 69709K->1456K(70144K)] 389813K->321560K(758272K), 0.0021033 secs] [Times: user=0.01 sys=0.00, real=0.00 secs] 
579.873: [GC (Allocation Failure) [PSYoungGen: 69552K->1408K(70144K)] 389656K->321512K(758272K), 0.0020090 secs] [Times: user=0.01 sys=0.00, real=0.00 secs] 
580.302: [GC (Allocation Failure) [PSYoungGen: 69504K->1376K(70144K)] 389608K->321480K(758272K), 0.0019331 secs] [Times: user=0.01 sys=0.00, real=0.00 secs] 
580.857: [GC (Allocation Failure) [PSYoungGen: 69472K->1392K(70144K)] 389576K->321496K(758272K), 0.0019273 secs] [Times: user=0.01 sys=0.00, real=0.00 secs] 
581.678: [GC (Allocation Failure) [PSYoungGen: 69488K->1549K(70144K)] 389592K->321653K(758272K), 0.0015100 secs] [Times: user=0.01 sys=0.00, real=0.00 secs] 
582.080: [GC (Allocation Failure) [PSYoungGen: 69645K->1581K(70144K)] 389749K->321685K(758272K), 0.0016768 secs] [Times: user=0.01 sys=0.00, real=0.00 secs] 
582.486: [GC (Allocation Failure) [PSYoungGen: 69677K->1552K(70144K)] 389781K->321656K(758272K), 0.0015344 secs] [Times: user=0.01 sys=0.00, real=0.01 secs] 
582.886: [GC (Allocation Failure) [PSYoungGen: 69648K->1552K(70144K)] 389752K->321672K(758272K), 0.0015725 secs] [Times: user=0.01 sys=0.00, real=0.01 secs] 
583.221: [GC (Allocation Failure) [PSYoungGen: 69648K->1440K(70144K)] 389768K->321568K(758272K), 0.0019235 secs] [Times: user=0.01 sys=0.00, real=0.00 secs] 
583.504: [GC (Allocation Failure) [PSYoungGen: 69536K->1472K(70144K)] 389664K->321600K(758272K), 0.0018607 secs] [Times: user=0.01 sys=0.00, real=0.00 secs] 
583.787: [GC (Allocation Failure) [PSYoungGen: 69568K->1408K(70144K)] 389696K->321536K(758272K), 0.0019408 secs] [Times: user=0.01 sys=0.00, real=0.01 secs] 
584.069: [GC (Allocation Failure) [PSYoungGen: 69504K->1472K(70144K)] 389632K->321600K(758272K), 0.0019510 secs] [Times: user=0.00 sys=0.00, real=0.00 secs] 
584.479: [GC (Allocation Failure) [PSYoungGen: 69568K->1597K(70144K)] 389696K->321725K(758272K), 0.0015922 secs] [Times: user=0.01 sys=0.00, real=0.00 secs] 
584.883: [GC (Allocation Failure) [PSYoungGen: 69693K->1632K(70144K)] 389821K->321760K(758272K), 0.0015586 secs] [Times: user=0.01 sys=0.01, real=0.00 secs] 
585.292: [GC (Allocation Failure) [PSYoungGen: 69728K->1568K(70144K)] 389856K->321696K(758272K), 0.0015762 secs] [Times: user=0.01 sys=0.00, real=0.00 secs] 
585.686: [GC (Allocation Failure) [PSYoungGen: 69664K->1504K(70144K)] 389792K->321632K(758272K), 0.0016626 secs] [Times: user=0.00 sys=0.00, real=0.01 secs] 
585.969: [GC (Allocation Failure) [PSYoungGen: 69600K->1440K(70144K)] 389728K->321568K(758272K), 0.0016175 secs] [Times: user=0.00 sys=0.00, real=0.00 secs] 
586.251: [GC (Allocation Failure) [PSYoungGen: 69536K->1440K(70144K)] 389664K->321568K(758272K), 0.0020939 secs] [Times: user=0.01 sys=0.00, real=0.00 secs] 
586.535: [GC (Allocation Failure) [PSYoungGen: 69536K->1408K(70144K)] 389664K->321536K(758272K), 0.0021052 secs] [Times: user=0.01 sys=0.00, real=0.01 secs] 
586.877: [GC (Allocation Failure) [PSYoungGen: 69504K->1504K(70144K)] 389632K->321632K(758272K), 0.0015855 secs] [Times: user=0.01 sys=0.00, real=0.00 secs] 
587.280: [GC (Allocation Failure) [PSYoungGen: 69600K->1629K(70144K)] 389728K->321757K(758272K), 0.0015325 secs] [Times: user=0.00 sys=0.00, real=0.00 secs] 
587.683: [GC (Allocation Failure) [PSYoungGen: 69725K->1629K(70144K)] 389853K->321757K(758272K), 0.0015458 secs] [Times: user=0.00 sys=0.00, real=0.00 secs] 
588.082: [GC (Allocation Failure) [PSYoungGen: 69725K->1600K(70144K)] 389853K->321728K(758272K), 0.0016606 secs] [Times: user=0.01 sys=0.00, real=0.00 secs] 
588.628: [GC (Allocation Failure) [PSYoungGen: 69696K->1504K(70144K)] 389824K->321640K(758272K), 0.0017408 secs] [Times: user=0.01 sys=0.00, real=0.00 secs] 
589.250: [GC (Allocation Failure) [PSYoungGen: 69600K->1408K(70144K)] 389736K->321576K(758272K), 0.0018780 secs] [Times: user=0.01 sys=0.00, real=0.00 secs] 
589.823: [GC (Allocation Failure) [PSYoungGen: 69504K->1344K(70144K)] 389672K->321512K(758272K), 0.0017988 secs] [Times: user=0.01 sys=0.00, real=0.00 secs] 
590.106: [GC (Allocation Failure) [PSYoungGen: 69440K->1408K(70144K)] 389608K->321576K(758272K), 0.0016120 secs] [Times: user=0.01 sys=0.00, real=0.01 secs] 
590.486: [GC (Allocation Failure) [PSYoungGen: 69504K->1517K(70144K)] 389672K->321685K(758272K), 0.0014513 secs] [Times: user=0.01 sys=0.00, real=0.01 secs] 
590.949: [GC (Allocation Failure) [PSYoungGen: 69613K->1581K(70144K)] 389781K->321749K(758272K), 0.0016129 secs] [Times: user=0.01 sys=0.00, real=0.00 secs] 
591.348: [GC (Allocation Failure) [PSYoungGen: 69677K->1549K(70144K)] 389845K->321717K(758272K), 0.0015905 secs] [Times: user=0.00 sys=0.00, real=0.00 secs] 
591.748: [GC (Allocation Failure) [PSYoungGen: 69645K->1613K(70144K)] 389813K->321797K(758272K), 0.0015816 secs] [Times: user=0.01 sys=0.00, real=0.00 secs] 
593.066: [GC (Allocation Failure) [PSYoungGen: 69709K->1440K(70144K)] 389893K->321624K(758272K), 0.0029934 secs] [Times: user=0.02 sys=0.01, real=0.01 secs] 
593.671: [GC (Allocation Failure) [PSYoungGen: 69536K->1376K(70144K)] 389720K->321560K(758272K), 0.0032145 secs] [Times: user=0.02 sys=0.00, real=0.00 secs] 
594.267: [GC (Allocation Failure) [PSYoungGen: 69472K->1376K(70144K)] 389656K->321560K(758272K), 0.0032822 secs] [Times: user=0.01 sys=0.00, real=0.00 secs] 
594.885: [GC (Allocation Failure) [PSYoungGen: 69472K->1408K(70144K)] 389656K->321592K(758272K), 0.0025442 secs] [Times: user=0.01 sys=0.00, real=0.01 secs] 
595.450: [GC (Allocation Failure) [PSYoungGen: 69504K->1533K(70144K)] 389688K->321717K(758272K), 0.0015443 secs] [Times: user=0.00 sys=0.00, real=0.00 secs] 
595.850: [GC (Allocation Failure) [PSYoungGen: 69629K->1552K(70144K)] 389813K->321736K(758272K), 0.0015495 secs] [Times: user=0.01 sys=0.00, real=0.00 secs] 
596.310: [GC (Allocation Failure) [PSYoungGen: 69648K->1597K(70144K)] 389832K->321781K(758272K), 0.0015852 secs] [Times: user=0.00 sys=0.00, real=0.00 secs] 
596.924: [GC (Allocation Failure) [PSYoungGen: 69693K->1520K(70144K)] 389877K->321712K(758272K), 0.0021954 secs] [Times: user=0.01 sys=0.00, real=0.00 secs] 
597.850: [GC (Allocation Failure) [PSYoungGen: 69616K->1408K(70144K)] 389808K->321600K(758272K), 0.0026041 secs] [Times: user=0.01 sys=0.00, real=0.00 secs] 
598.768: [GC (Allocation Failure) [PSYoungGen: 69504K->1344K(70144K)] 389696K->321536K(758272K), 0.0028257 secs] [Times: user=0.02 sys=0.00, real=0.00 secs] 
599.446: [GC (Allocation Failure) [PSYoungGen: 69440K->1408K(70144K)] 389632K->321600K(758272K), 0.0027382 secs] [Times: user=0.01 sys=0.00, real=0.01 secs] 
599.970: [GC (Allocation Failure) [PSYoungGen: 69504K->1472K(70144K)] 389696K->321664K(758272K), 0.0019122 secs] [Times: user=0.01 sys=0.00, real=0.00 secs] 
600.384: [GC (Allocation Failure) [PSYoungGen: 69568K->1597K(70144K)] 389760K->321789K(758272K), 0.0017318 secs] [Times: user=0.00 sys=0.00, real=0.00 secs] 
600.787: [GC (Allocation Failure) [PSYoungGen: 69693K->1616K(70144K)] 389885K->321808K(758272K), 0.0016482 secs] [Times: user=0.00 sys=0.00, real=0.01 secs] 
601.190: [GC (Allocation Failure) [PSYoungGen: 69712K->1552K(70144K)] 389904K->321744K(758272K), 0.0015815 secs] [Times: user=0.01 sys=0.00, real=0.00 secs] 
602.531: [GC (Allocation Failure) [PSYoungGen: 69648K->1424K(70144K)] 389840K->321616K(758272K), 0.0028178 secs] [Times: user=0.01 sys=0.00, real=0.00 secs] 
602.905: [GC (Allocation Failure) [PSYoungGen: 69520K->1440K(70144K)] 389712K->321664K(758272K), 0.0019359 secs] [Times: user=0.01 sys=0.00, real=0.01 secs] 
603.188: [GC (Allocation Failure) [PSYoungGen: 69536K->1408K(70144K)] 389760K->321632K(758272K), 0.0019315 secs] [Times: user=0.01 sys=0.00, real=0.00 secs] 
603.470: [GC (Allocation Failure) [PSYoungGen: 69504K->1392K(70144K)] 389728K->321616K(758272K), 0.0017372 secs] [Times: user=0.01 sys=0.00, real=0.00 secs] 
603.918: [GC (Allocation Failure) [PSYoungGen: 69488K->1485K(70144K)] 389712K->321709K(758272K), 0.0014576 secs] [Times: user=0.01 sys=0.00, real=0.00 secs] 
604.319: [GC (Allocation Failure) [PSYoungGen: 69581K->1584K(70144K)] 389805K->321808K(758272K), 0.0018669 secs] [Times: user=0.01 sys=0.00, real=0.00 secs] 
604.780: [GC (Allocation Failure) [PSYoungGen: 69680K->1565K(70144K)] 389904K->321789K(758272K), 0.0017749 secs] [Times: user=0.01 sys=0.00, real=0.00 secs] 
605.180: [GC (Allocation Failure) [PSYoungGen: 69661K->1517K(70144K)] 389885K->321749K(758272K), 0.0016047 secs] [Times: user=0.00 sys=0.00, real=0.00 secs] 
605.761: [GC (Allocation Failure) [PSYoungGen: 69613K->1424K(70144K)] 389845K->321656K(758272K), 0.0028328 secs] [Times: user=0.01 sys=0.00, real=0.00 secs] 
606.345: [GC (Allocation Failure) [PSYoungGen: 69520K->1408K(70144K)] 389752K->321640K(758272K), 0.0023209 secs] [Times: user=0.01 sys=0.00, real=0.01 secs] 
606.899: [GC (Allocation Failure) [PSYoungGen: 69504K->1408K(70144K)] 389736K->321640K(758272K), 0.0032932 secs] [Times: user=0.02 sys=0.00, real=0.00 secs] 
607.806: [GC (Allocation Failure) [PSYoungGen: 69504K->1392K(70144K)] 389736K->321624K(758272K), 0.0031244 secs] [Times: user=0.01 sys=0.00, real=0.01 secs] 
608.586: [GC (Allocation Failure) [PSYoungGen: 69488K->1485K(70144K)] 389720K->321717K(758272K), 0.0015815 secs] [Times: user=0.01 sys=0.00, real=0.01 secs] 
608.987: [GC (Allocation Failure) [PSYoungGen: 69581K->1504K(70144K)] 389813K->321736K(758272K), 0.0015568 secs] [Times: user=0.01 sys=0.00, real=0.01 secs] 
609.388: [GC (Allocation Failure) [PSYoungGen: 69600K->1565K(70144K)] 389832K->321797K(758272K), 0.0015299 secs] [Times: user=0.01 sys=0.00, real=0.00 secs] 
609.895: [GC (Allocation Failure) [PSYoungGen: 69661K->2016K(70144K)] 389893K->322248K(758272K), 0.0019816 secs] [Times: user=0.01 sys=0.00, real=0.00 secs] 
610.625: [GC (Allocation Failure) [PSYoungGen: 70112K->1408K(70144K)] 390344K->321640K(758272K), 0.0030466 secs] [Times: user=0.01 sys=0.00, real=0.01 secs] 
610.972: [GC (Allocation Failure) [PSYoungGen: 69504K->1408K(70144K)] 389736K->321640K(758272K), 0.0022317 secs] [Times: user=0.01 sys=0.00, real=0.00 secs] 
611.338: [GC (Allocation Failure) [PSYoungGen: 69504K->1440K(70144K)] 389736K->321696K(758272K), 0.0020466 secs] [Times: user=0.01 sys=0.00, real=0.00 secs] 
611.655: [GC (Allocation Failure) [PSYoungGen: 69414K->256K(70144K)] 389670K->320512K(758272K), 0.0019784 secs] [Times: user=0.01 sys=0.00, real=0.01 secs] 
612.066: [GC (Allocation Failure) [PSYoungGen: 68352K->1549K(70144K)] 388608K->321805K(758272K), 0.0015578 secs] [Times: user=0.01 sys=0.00, real=0.01 secs] 
612.467: [GC (Allocation Failure) [PSYoungGen: 69645K->1549K(70144K)] 389901K->321805K(758272K), 0.0015182 secs] [Times: user=0.01 sys=0.00, real=0.00 secs] 
612.870: [GC (Allocation Failure) [PSYoungGen: 69645K->1613K(70144K)] 389901K->321869K(758272K), 0.0015161 secs] [Times: user=0.01 sys=0.00, real=0.00 secs] 
613.463: [GC (Allocation Failure) [PSYoungGen: 69709K->1472K(70144K)] 389965K->321744K(758272K), 0.0021561 secs] [Times: user=0.01 sys=0.00, real=0.00 secs] 
613.996: [GC (Allocation Failure) [PSYoungGen: 69568K->1376K(70144K)] 389840K->321648K(758272K), 0.0025220 secs] [Times: user=0.01 sys=0.00, real=0.01 secs] 
614.482: [GC (Allocation Failure) [PSYoungGen: 69472K->1440K(70144K)] 389744K->321720K(758272K), 0.0021773 secs] [Times: user=0.01 sys=0.01, real=0.00 secs] 
615.023: [GC (Allocation Failure) [PSYoungGen: 69536K->1408K(70144K)] 389816K->321696K(758272K), 0.0032417 secs] [Times: user=0.01 sys=0.00, real=0.00 secs] 
615.659: [GC (Allocation Failure) [PSYoungGen: 69504K->1469K(70144K)] 389792K->321765K(758272K), 0.0014324 secs] [Times: user=0.01 sys=0.00, real=0.00 secs] 
616.059: [GC (Allocation Failure) [PSYoungGen: 69565K->1581K(70144K)] 389861K->321885K(758272K), 0.0015825 secs] [Times: user=0.01 sys=0.00, real=0.00 secs] 
616.460: [GC (Allocation Failure) [PSYoungGen: 69677K->1565K(70144K)] 389981K->321869K(758272K), 0.0015939 secs] [Times: user=0.01 sys=0.00, real=0.00 secs] 
616.860: [GC (Allocation Failure) [PSYoungGen: 69661K->1613K(70144K)] 389965K->321925K(758272K), 0.0015718 secs] [Times: user=0.01 sys=0.00, real=0.00 secs] 
617.299: [GC (Allocation Failure) [PSYoungGen: 69709K->1440K(70144K)] 390021K->321752K(758272K), 0.0021996 secs] [Times: user=0.01 sys=0.00, real=0.00 secs] 
617.609: [GC (Allocation Failure) [PSYoungGen: 69536K->1424K(70144K)] 389848K->321736K(758272K), 0.0020152 secs] [Times: user=0.01 sys=0.00, real=0.00 secs] 
618.001: [GC (Allocation Failure) [PSYoungGen: 69520K->1408K(70144K)] 389832K->321720K(758272K), 0.0022060 secs] [Times: user=0.01 sys=0.00, real=0.00 secs] 
618.560: [GC (Allocation Failure) [PSYoungGen: 69504K->1424K(70144K)] 389816K->321736K(758272K), 0.0026157 secs] [Times: user=0.01 sys=0.00, real=0.00 secs] 
619.074: [GC (Allocation Failure) [PSYoungGen: 69520K->1565K(70144K)] 389832K->321877K(758272K), 0.0016603 secs] [Times: user=0.01 sys=0.00, real=0.00 secs] 
619.476: [GC (Allocation Failure) [PSYoungGen: 69661K->1581K(70144K)] 389973K->321893K(758272K), 0.0015550 secs] [Times: user=0.00 sys=0.00, real=0.01 secs] 
619.875: [GC (Allocation Failure) [PSYoungGen: 69657K->1584K(70144K)] 389969K->321896K(758272K), 0.0017153 secs] [Times: user=0.01 sys=0.00, real=0.00 secs] 
620.264: [GC (Allocation Failure) [PSYoungGen: 69680K->1504K(70144K)] 389992K->321840K(758272K), 0.0015329 secs] [Times: user=0.00 sys=0.00, real=0.00 secs] 
620.657: [GC (Allocation Failure) [PSYoungGen: 69600K->1440K(70144K)] 389936K->321776K(758272K), 0.0018034 secs] [Times: user=0.01 sys=0.00, real=0.01 secs] 
621.006: [GC (Allocation Failure) [PSYoungGen: 69536K->1440K(70144K)] 389872K->321776K(758272K), 0.0018546 secs] [Times: user=0.01 sys=0.00, real=0.01 secs] 
621.347: [GC (Allocation Failure) [PSYoungGen: 69536K->1376K(70144K)] 389872K->321712K(758272K), 0.0018256 secs] [Times: user=0.01 sys=0.00, real=0.01 secs] 
621.697: [GC (Allocation Failure) [PSYoungGen: 69472K->1376K(70144K)] 389808K->321712K(758272K), 0.0019250 secs] [Times: user=0.00 sys=0.00, real=0.00 secs] 
622.113: [GC (Allocation Failure) [PSYoungGen: 69472K->1581K(70144K)] 389808K->321917K(758272K), 0.0015476 secs] [Times: user=0.00 sys=0.00, real=0.00 secs] 
622.515: [GC (Allocation Failure) [PSYoungGen: 69677K->1568K(70144K)] 390013K->321904K(758272K), 0.0015906 secs] [Times: user=0.01 sys=0.00, real=0.00 secs] 
622.918: [GC (Allocation Failure) [PSYoungGen: 69664K->1613K(70144K)] 390000K->321949K(758272K), 0.0017713 secs] [Times: user=0.00 sys=0.00, real=0.00 secs] 
623.742: [GC (Allocation Failure) [PSYoungGen: 69709K->1520K(70144K)] 390045K->321856K(758272K), 0.0036837 secs] [Times: user=0.02 sys=0.00, real=0.00 secs] 
625.068: [GC (Allocation Failure) [PSYoungGen: 69616K->1408K(70144K)] 389952K->321744K(758272K), 0.0038273 secs] [Times: user=0.01 sys=0.01, real=0.00 secs] 
625.367: [GC (Allocation Failure) [PSYoungGen: 69504K->1376K(70144K)] 389840K->321712K(758272K), 0.0020625 secs] [Times: user=0.01 sys=0.00, real=0.01 secs] 
625.670: [GC (Allocation Failure) [PSYoungGen: 69472K->1376K(70144K)] 389808K->321712K(758272K), 0.0019559 secs] [Times: user=0.01 sys=0.00, real=0.00 secs] 
626.016: [GC (Allocation Failure) [PSYoungGen: 69472K->1501K(70144K)] 389808K->321837K(758272K), 0.0014293 secs] [Times: user=0.00 sys=0.00, real=0.01 secs] 
626.476: [GC (Allocation Failure) [PSYoungGen: 69597K->1581K(70144K)] 389933K->321917K(758272K), 0.0016362 secs] [Times: user=0.00 sys=0.00, real=0.01 secs] 
626.874: [GC (Allocation Failure) [PSYoungGen: 69660K->1552K(70144K)] 389996K->321888K(758272K), 0.0018494 secs] [Times: user=0.00 sys=0.00, real=0.00 secs] 
627.273: [GC (Allocation Failure) [PSYoungGen: 69631K->1581K(70144K)] 389967K->321933K(758272K), 0.0015675 secs] [Times: user=0.00 sys=0.00, real=0.00 secs] 
628.257: [GC (Allocation Failure) [PSYoungGen: 69677K->1456K(70144K)] 390029K->321816K(758272K), 0.0029794 secs] [Times: user=0.01 sys=0.00, real=0.00 secs] 
629.039: [GC (Allocation Failure) [PSYoungGen: 69552K->1456K(70144K)] 389912K->321816K(758272K), 0.0027356 secs] [Times: user=0.01 sys=0.00, real=0.00 secs] 
629.790: [GC (Allocation Failure) [PSYoungGen: 69552K->1408K(70144K)] 389912K->321768K(758272K), 0.0026189 secs] [Times: user=0.02 sys=0.00, real=0.00 secs] 
630.441: [GC (Allocation Failure) [PSYoungGen: 69504K->1408K(70144K)] 389864K->321768K(758272K), 0.0021459 secs] [Times: user=0.00 sys=0.00, real=0.00 secs] 
630.830: [GC (Allocation Failure) [PSYoungGen: 69504K->1517K(70144K)] 389864K->321877K(758272K), 0.0014980 secs] [Times: user=0.00 sys=0.00, real=0.00 secs] 
631.233: [GC (Allocation Failure) [PSYoungGen: 69613K->1597K(70144K)] 389973K->321957K(758272K), 0.0015727 secs] [Times: user=0.00 sys=0.00, real=0.00 secs] 
631.632: [GC (Allocation Failure) [PSYoungGen: 69693K->1629K(70144K)] 390053K->321989K(758272K), 0.0016129 secs] [Times: user=0.00 sys=0.00, real=0.00 secs] 
632.032: [GC (Allocation Failure) [PSYoungGen: 69725K->1565K(70144K)] 390085K->321941K(758272K), 0.0015583 secs] [Times: user=0.01 sys=0.00, real=0.00 secs] 
632.702: [GC (Allocation Failure) [PSYoungGen: 69661K->1440K(70144K)] 390037K->321824K(758272K), 0.0018619 secs] [Times: user=0.01 sys=0.00, real=0.00 secs] 
633.345: [GC (Allocation Failure) [PSYoungGen: 69536K->1408K(70144K)] 389920K->321792K(758272K), 0.0018217 secs] [Times: user=0.00 sys=0.00, real=0.01 secs] 
633.968: [GC (Allocation Failure) [PSYoungGen: 69504K->1424K(70144K)] 389888K->321808K(758272K), 0.0038442 secs] [Times: user=0.02 sys=0.00, real=0.00 secs] 
634.574: [GC (Allocation Failure) [PSYoungGen: 69520K->1408K(70144K)] 389904K->321800K(758272K), 0.0030095 secs] [Times: user=0.01 sys=0.01, real=0.00 secs] 
635.145: [GC (Allocation Failure) [PSYoungGen: 69504K->1549K(70144K)] 389896K->321941K(758272K), 0.0015746 secs] [Times: user=0.00 sys=0.00, real=0.00 secs] 
635.545: [GC (Allocation Failure) [PSYoungGen: 69645K->1645K(70144K)] 390037K->322037K(758272K), 0.0015968 secs] [Times: user=0.00 sys=0.00, real=0.00 secs] 
636.005: [GC (Allocation Failure) [PSYoungGen: 69741K->1552K(70144K)] 390133K->321944K(758272K), 0.0016223 secs] [Times: user=0.01 sys=0.00, real=0.00 secs] 
636.413: [GC (Allocation Failure) [PSYoungGen: 69648K->1488K(70144K)] 390040K->321896K(758272K), 0.0021541 secs] [Times: user=0.00 sys=0.00, real=0.00 secs] 
636.697: [GC (Allocation Failure) [PSYoungGen: 69584K->1408K(70144K)] 389992K->321816K(758272K), 0.0020528 secs] [Times: user=0.01 sys=0.00, real=0.00 secs] 
637.013: [GC (Allocation Failure) [PSYoungGen: 69504K->1408K(70144K)] 389912K->321816K(758272K), 0.0020338 secs] [Times: user=0.01 sys=0.00, real=0.00 secs] 
637.353: [GC (Allocation Failure) [PSYoungGen: 69504K->1344K(70144K)] 389912K->321752K(758272K), 0.0016866 secs] [Times: user=0.01 sys=0.00, real=0.00 secs] 
637.752: [GC (Allocation Failure) [PSYoungGen: 69440K->1485K(70144K)] 389848K->321893K(758272K), 0.0031596 secs] [Times: user=0.01 sys=0.00, real=0.00 secs] 
638.242: [GC (Allocation Failure) [PSYoungGen: 69581K->1584K(70144K)] 389989K->321992K(758272K), 0.0016898 secs] [Times: user=0.01 sys=0.00, real=0.00 secs] 
638.709: [GC (Allocation Failure) [PSYoungGen: 69680K->1581K(70144K)] 390088K->321989K(758272K), 0.0015917 secs] [Times: user=0.01 sys=0.00, real=0.00 secs] 
639.107: [GC (Allocation Failure) [PSYoungGen: 69677K->1613K(70144K)] 390085K->322021K(758272K), 0.0015906 secs] [Times: user=0.00 sys=0.00, real=0.01 secs] 
639.507: [GC (Allocation Failure) [PSYoungGen: 69709K->1504K(70144K)] 390117K->321928K(758272K), 0.0026404 secs] [Times: user=0.01 sys=0.00, real=0.01 secs] 
639.790: [GC (Allocation Failure) [PSYoungGen: 69600K->1408K(70144K)] 390024K->321848K(758272K), 0.0020341 secs] [Times: user=0.01 sys=0.00, real=0.00 secs] 
640.119: [GC (Allocation Failure) [PSYoungGen: 69504K->1376K(70144K)] 389944K->321816K(758272K), 0.0019795 secs] [Times: user=0.01 sys=0.00, real=0.00 secs] 
640.402: [GC (Allocation Failure) [PSYoungGen: 69472K->1376K(70144K)] 389912K->321816K(758272K), 0.0020716 secs] [Times: user=0.01 sys=0.00, real=0.00 secs] 
640.811: [GC (Allocation Failure) [PSYoungGen: 69472K->1517K(70144K)] 389912K->321957K(758272K), 0.0014737 secs] [Times: user=0.01 sys=0.01, real=0.00 secs] 
641.211: [GC (Allocation Failure) [PSYoungGen: 69613K->1581K(70144K)] 390053K->322021K(758272K), 0.0015363 secs] [Times: user=0.00 sys=0.00, real=0.00 secs] 
641.673: [GC (Allocation Failure) [PSYoungGen: 69677K->1597K(70144K)] 390117K->322037K(758272K), 0.0016113 secs] [Times: user=0.00 sys=0.00, real=0.00 secs] 
642.074: [GC (Allocation Failure) [PSYoungGen: 69693K->1597K(70144K)] 390133K->322053K(758272K), 0.0016230 secs] [Times: user=0.01 sys=0.00, real=0.00 secs] 
642.419: [GC (Allocation Failure) [PSYoungGen: 69693K->1408K(70144K)] 390149K->321864K(758272K), 0.0020668 secs] [Times: user=0.01 sys=0.00, real=0.00 secs] 
642.702: [GC (Allocation Failure) [PSYoungGen: 69504K->1344K(70144K)] 389960K->321800K(758272K), 0.0019194 secs] [Times: user=0.01 sys=0.00, real=0.00 secs] 
643.033: [GC (Allocation Failure) [PSYoungGen: 69440K->1376K(70144K)] 389896K->321832K(758272K), 0.0018406 secs] [Times: user=0.01 sys=0.00, real=0.00 secs] 
643.316: [GC (Allocation Failure) [PSYoungGen: 69472K->1440K(70144K)] 389928K->321896K(758272K), 0.0018369 secs] [Times: user=0.01 sys=0.00, real=0.01 secs] 
643.820: [GC (Allocation Failure) [PSYoungGen: 69536K->1565K(70144K)] 389992K->322021K(758272K), 0.0015129 secs] [Times: user=0.01 sys=0.00, real=0.00 secs] 
644.281: [GC (Allocation Failure) [PSYoungGen: 69661K->1565K(70144K)] 390117K->322021K(758272K), 0.0016857 secs] [Times: user=0.00 sys=0.00, real=0.00 secs] 
644.736: [GC (Allocation Failure) [PSYoungGen: 69661K->1584K(70144K)] 390117K->322040K(758272K), 0.0016558 secs] [Times: user=0.01 sys=0.00, real=0.01 secs] 
645.188: [GC (Allocation Failure) [PSYoungGen: 69680K->1472K(70144K)] 390136K->321936K(758272K), 0.0018076 secs] [Times: user=0.01 sys=0.00, real=0.00 secs] 
646.202: [GC (Allocation Failure) [PSYoungGen: 69568K->1376K(70144K)] 390032K->321840K(758272K), 0.0039618 secs] [Times: user=0.01 sys=0.00, real=0.00 secs] 
647.021: [GC (Allocation Failure) [PSYoungGen: 69472K->1408K(70144K)] 389936K->321872K(758272K), 0.0037856 secs] [Times: user=0.01 sys=0.00, real=0.00 secs] 
647.746: [GC (Allocation Failure) [PSYoungGen: 69504K->1408K(70144K)] 389968K->321872K(758272K), 0.0032092 secs] [Times: user=0.02 sys=0.00, real=0.01 secs] 
648.497: [GC (Allocation Failure) [PSYoungGen: 69504K->1437K(70144K)] 389968K->321901K(758272K), 0.0023448 secs] [Times: user=0.00 sys=0.00, real=0.00 secs] 
648.949: [GC (Allocation Failure) [PSYoungGen: 69533K->1533K(70144K)] 389997K->321997K(758272K), 0.0015217 secs] [Times: user=0.00 sys=0.00, real=0.00 secs] 
649.348: [GC (Allocation Failure) [PSYoungGen: 69599K->1581K(70144K)] 390063K->322045K(758272K), 0.0015577 secs] [Times: user=0.01 sys=0.00, real=0.00 secs] 
649.745: [GC (Allocation Failure) [PSYoungGen: 69660K->1581K(70144K)] 390124K->322045K(758272K), 0.0015203 secs] [Times: user=0.01 sys=0.00, real=0.01 secs] 
650.213: [GC (Allocation Failure) [PSYoungGen: 69677K->1456K(70144K)] 390141K->321920K(758272K), 0.0017722 secs] [Times: user=0.01 sys=0.00, real=0.00 secs] 
650.728: [GC (Allocation Failure) [PSYoungGen: 69552K->1408K(70144K)] 390016K->321872K(758272K), 0.0017567 secs] [Times: user=0.01 sys=0.00, real=0.00 secs] 
651.449: [GC (Allocation Failure) [PSYoungGen: 69504K->1376K(70144K)] 389968K->321840K(758272K), 0.0019994 secs] [Times: user=0.01 sys=0.00, real=0.00 secs] 
652.202: [GC (Allocation Failure) [PSYoungGen: 69472K->1376K(70144K)] 389936K->321856K(758272K), 0.0031332 secs] [Times: user=0.01 sys=0.00, real=0.00 secs] 
653.323: [GC (Allocation Failure) [PSYoungGen: 69472K->1488K(70144K)] 389952K->321968K(758272K), 0.0015394 secs] [Times: user=0.00 sys=0.00, real=0.00 secs] 
653.722: [GC (Allocation Failure) [PSYoungGen: 69584K->1568K(70144K)] 390064K->322048K(758272K), 0.0018584 secs] [Times: user=0.00 sys=0.00, real=0.00 secs] 
654.125: [GC (Allocation Failure) [PSYoungGen: 69664K->1616K(70144K)] 390144K->322096K(758272K), 0.0016144 secs] [Times: user=0.01 sys=0.00, real=0.00 secs] 
654.526: [GC (Allocation Failure) [PSYoungGen: 69712K->1581K(70144K)] 390192K->322069K(758272K), 0.0017086 secs] [Times: user=0.01 sys=0.00, real=0.01 secs] 
655.070: [GC (Allocation Failure) [PSYoungGen: 69677K->1440K(70144K)] 390165K->321928K(758272K), 0.0019405 secs] [Times: user=0.01 sys=0.00, real=0.00 secs] 
655.655: [GC (Allocation Failure) [PSYoungGen: 69536K->1408K(70144K)] 390024K->321896K(758272K), 0.0029997 secs] [Times: user=0.01 sys=0.00, real=0.01 secs] 
656.197: [GC (Allocation Failure) [PSYoungGen: 69504K->1376K(70144K)] 389992K->321864K(758272K), 0.0026406 secs] [Times: user=0.01 sys=0.00, real=0.01 secs] 
656.752: [GC (Allocation Failure) [PSYoungGen: 69472K->1376K(70144K)] 389960K->321864K(758272K), 0.0022144 secs] [Times: user=0.01 sys=0.00, real=0.00 secs] 
657.407: [GC (Allocation Failure) [PSYoungGen: 69472K->1549K(70144K)] 389960K->322037K(758272K), 0.0015392 secs] [Times: user=0.01 sys=0.00, real=0.00 secs] 
657.809: [GC (Allocation Failure) [PSYoungGen: 69645K->1581K(70144K)] 390133K->322069K(758272K), 0.0015374 secs] [Times: user=0.01 sys=0.00, real=0.00 secs] 
658.276: [GC (Allocation Failure) [PSYoungGen: 69677K->1501K(70144K)] 390165K->321989K(758272K), 0.0018115 secs] [Times: user=0.01 sys=0.00, real=0.01 secs] 
658.712: [GC (Allocation Failure) [PSYoungGen: 69597K->2032K(70144K)] 390085K->322520K(758272K), 0.0020301 secs] [Times: user=0.01 sys=0.00, real=0.00 secs] 
659.009: [GC (Allocation Failure) [PSYoungGen: 70128K->1408K(70144K)] 390616K->321896K(758272K), 0.0020794 secs] [Times: user=0.01 sys=0.00, real=0.00 secs] 
659.292: [GC (Allocation Failure) [PSYoungGen: 69504K->1440K(70144K)] 389992K->321928K(758272K), 0.0019440 secs] [Times: user=0.01 sys=0.00, real=0.00 secs] 
659.596: [GC (Allocation Failure) [PSYoungGen: 69536K->1392K(70144K)] 390024K->321880K(758272K), 0.0021163 secs] [Times: user=0.01 sys=0.00, real=0.01 secs] 
659.950: [GC (Allocation Failure) [PSYoungGen: 69436K->320K(70144K)] 389924K->320816K(758272K), 0.0019694 secs] [Times: user=0.00 sys=0.00, real=0.00 secs] 
660.369: [GC (Allocation Failure) [PSYoungGen: 68416K->1549K(70144K)] 388912K->322045K(758272K), 0.0015745 secs] [Times: user=0.01 sys=0.00, real=0.00 secs] 
660.772: [GC (Allocation Failure) [PSYoungGen: 69645K->1613K(70144K)] 390141K->322109K(758272K), 0.0015847 secs] [Times: user=0.01 sys=0.00, real=0.00 secs] 
661.238: [GC (Allocation Failure) [PSYoungGen: 69693K->1549K(70144K)] 390189K->322045K(758272K), 0.0015729 secs] [Times: user=0.01 sys=0.00, real=0.00 secs] 
662.301: [GC (Allocation Failure) [PSYoungGen: 69645K->1456K(70144K)] 390141K->321952K(758272K), 0.0032089 secs] [Times: user=0.01 sys=0.00, real=0.00 secs] 
662.827: [GC (Allocation Failure) [PSYoungGen: 69552K->1392K(70144K)] 390048K->321888K(758272K), 0.0030292 secs] [Times: user=0.01 sys=0.00, real=0.01 secs] 
663.558: [GC (Allocation Failure) [PSYoungGen: 69488K->1408K(70144K)] 389984K->321904K(758272K), 0.0030861 secs] [Times: user=0.01 sys=0.00, real=0.00 secs] 
664.510: [GC (Allocation Failure) [PSYoungGen: 69504K->1408K(70144K)] 390000K->321904K(758272K), 0.0032995 secs] [Times: user=0.01 sys=0.01, real=0.00 secs] 
665.123: [GC (Allocation Failure) [PSYoungGen: 69504K->1485K(70144K)] 390000K->321981K(758272K), 0.0014642 secs] [Times: user=0.01 sys=0.00, real=0.00 secs] 
665.523: [GC (Allocation Failure) [PSYoungGen: 69581K->1597K(70144K)] 390077K->322093K(758272K), 0.0015599 secs] [Times: user=0.01 sys=0.00, real=0.00 secs] 
665.924: [GC (Allocation Failure) [PSYoungGen: 69693K->1629K(70144K)] 390189K->322125K(758272K), 0.0017572 secs] [Times: user=0.00 sys=0.00, real=0.00 secs] 
666.323: [GC (Allocation Failure) [PSYoungGen: 69725K->1584K(70144K)] 390221K->322088K(758272K), 0.0015536 secs] [Times: user=0.01 sys=0.00, real=0.00 secs] 
667.145: [GC (Allocation Failure) [PSYoungGen: 69680K->1440K(70144K)] 390184K->321944K(758272K), 0.0021988 secs] [Times: user=0.01 sys=0.00, real=0.01 secs] 
667.851: [GC (Allocation Failure) [PSYoungGen: 69536K->1344K(70144K)] 390040K->321848K(758272K), 0.0038660 secs] [Times: user=0.01 sys=0.00, real=0.00 secs] 
668.633: [GC (Allocation Failure) [PSYoungGen: 69440K->1408K(70144K)] 389944K->321912K(758272K), 0.0026944 secs] [Times: user=0.01 sys=0.00, real=0.00 secs] 
669.339: [GC (Allocation Failure) [PSYoungGen: 69504K->1408K(70144K)] 390008K->321912K(758272K), 0.0034186 secs] [Times: user=0.02 sys=0.00, real=0.00 secs] 
669.953: [GC (Allocation Failure) [PSYoungGen: 69504K->1549K(70144K)] 390008K->322053K(758272K), 0.0014719 secs] [Times: user=0.00 sys=0.00, real=0.00 secs] 
670.352: [GC (Allocation Failure) [PSYoungGen: 69645K->1568K(70144K)] 390149K->322072K(758272K), 0.0014883 secs] [Times: user=0.00 sys=0.00, real=0.00 secs] 
670.749: [GC (Allocation Failure) [PSYoungGen: 69664K->1613K(70144K)] 390168K->322117K(758272K), 0.0017429 secs] [Times: user=0.01 sys=0.00, real=0.00 secs] 
671.173: [GC (Allocation Failure) [PSYoungGen: 69709K->1616K(70144K)] 390213K->322136K(758272K), 0.0019493 secs] [Times: user=0.01 sys=0.00, real=0.00 secs] 
671.713: [GC (Allocation Failure) [PSYoungGen: 69712K->1408K(70144K)] 390232K->321928K(758272K), 0.0030619 secs] [Times: user=0.01 sys=0.00, real=0.00 secs] 
673.145: [GC (Allocation Failure) [PSYoungGen: 69504K->1408K(70144K)] 390024K->321960K(758272K), 0.0046285 secs] [Times: user=0.01 sys=0.01, real=0.01 secs] 
673.842: [GC (Allocation Failure) [PSYoungGen: 69504K->1408K(70144K)] 390056K->321960K(758272K), 0.0026985 secs] [Times: user=0.01 sys=0.00, real=0.00 secs] 
674.399: [GC (Allocation Failure) [PSYoungGen: 69504K->1440K(70144K)] 390056K->321992K(758272K), 0.0026856 secs] [Times: user=0.01 sys=0.00, real=0.00 secs] 
674.878: [GC (Allocation Failure) [PSYoungGen: 69536K->1584K(70144K)] 390088K->322136K(758272K), 0.0015398 secs] [Times: user=0.01 sys=0.00, real=0.00 secs] 
675.278: [GC (Allocation Failure) [PSYoungGen: 69680K->1552K(70144K)] 390232K->322104K(758272K), 0.0015748 secs] [Times: user=0.01 sys=0.00, real=0.00 secs] 
675.678: [GC (Allocation Failure) [PSYoungGen: 69648K->1629K(70144K)] 390200K->322181K(758272K), 0.0016583 secs] [Times: user=0.00 sys=0.00, real=0.00 secs] 
676.086: [GC (Allocation Failure) [PSYoungGen: 69725K->1488K(70144K)] 390277K->322040K(758272K), 0.0017910 secs] [Times: user=0.01 sys=0.00, real=0.01 secs] 
676.399: [GC (Allocation Failure) [PSYoungGen: 69584K->1376K(70144K)] 390136K->321928K(758272K), 0.0017798 secs] [Times: user=0.00 sys=0.00, real=0.00 secs] 
677.035: [GC (Allocation Failure) [PSYoungGen: 69472K->1408K(70144K)] 390024K->321960K(758272K), 0.0022768 secs] [Times: user=0.01 sys=0.00, real=0.01 secs] 
677.618: [GC (Allocation Failure) [PSYoungGen: 69504K->1344K(70144K)] 390056K->321896K(758272K), 0.0023195 secs] [Times: user=0.01 sys=0.00, real=0.00 secs] 
678.315: [GC (Allocation Failure) [PSYoungGen: 69440K->1456K(70144K)] 389992K->322008K(758272K), 0.0017409 secs] [Times: user=0.01 sys=0.00, real=0.00 secs] 
678.733: [GC (Allocation Failure) [PSYoungGen: 69552K->1613K(70144K)] 390104K->322165K(758272K), 0.0015712 secs] [Times: user=0.01 sys=0.00, real=0.00 secs] 
679.140: [GC (Allocation Failure) [PSYoungGen: 69696K->1552K(70144K)] 390248K->322104K(758272K), 0.0015542 secs] [Times: user=0.01 sys=0.00, real=0.00 secs] 
679.537: [GC (Allocation Failure) [PSYoungGen: 69623K->1613K(70144K)] 390175K->322189K(758272K), 0.0015427 secs] [Times: user=0.01 sys=0.00, real=0.00 secs] 
679.975: [GC (Allocation Failure) [PSYoungGen: 69709K->1456K(70144K)] 390285K->322032K(758272K), 0.0018536 secs] [Times: user=0.00 sys=0.00, real=0.01 secs] 
680.710: [GC (Allocation Failure) [PSYoungGen: 69552K->1424K(70144K)] 390128K->322000K(758272K), 0.0019515 secs] [Times: user=0.00 sys=0.00, real=0.00 secs] 
681.529: [GC (Allocation Failure) [PSYoungGen: 69520K->1392K(70144K)] 390096K->322000K(758272K), 0.0022245 secs] [Times: user=0.01 sys=0.00, real=0.00 secs] 
682.329: [GC (Allocation Failure) [PSYoungGen: 69488K->1424K(70144K)] 390096K->322032K(758272K), 0.0024347 secs] [Times: user=0.00 sys=0.00, real=0.00 secs] 
682.982: [GC (Allocation Failure) [PSYoungGen: 69520K->1536K(70144K)] 390128K->322144K(758272K), 0.0015097 secs] [Times: user=0.01 sys=0.00, real=0.00 secs] 
683.382: [GC (Allocation Failure) [PSYoungGen: 69632K->1584K(70144K)] 390240K->322192K(758272K), 0.0015258 secs] [Times: user=0.00 sys=0.00, real=0.00 secs] 
683.783: [GC (Allocation Failure) [PSYoungGen: 69680K->1552K(70144K)] 390288K->322160K(758272K), 0.0015859 secs] [Times: user=0.01 sys=0.00, real=0.00 secs] 
684.186: [GC (Allocation Failure) [PSYoungGen: 69648K->1629K(70144K)] 390256K->322245K(758272K), 0.0016067 secs] [Times: user=0.00 sys=0.00, real=0.01 secs] 
684.899: [GC (Allocation Failure) [PSYoungGen: 69725K->1440K(70144K)] 390341K->322056K(758272K), 0.0037680 secs] [Times: user=0.02 sys=0.00, real=0.00 secs] 
685.579: [GC (Allocation Failure) [PSYoungGen: 69536K->1344K(70144K)] 390152K->321960K(758272K), 0.0038952 secs] [Times: user=0.02 sys=0.00, real=0.00 secs] 
686.330: [GC (Allocation Failure) [PSYoungGen: 69440K->1440K(70144K)] 390056K->322056K(758272K), 0.0023919 secs] [Times: user=0.01 sys=0.00, real=0.00 secs] 
687.132: [GC (Allocation Failure) [PSYoungGen: 69536K->1376K(70144K)] 390152K->321992K(758272K), 0.0046054 secs] [Times: user=0.02 sys=0.01, real=0.00 secs] 
687.738: [GC (Allocation Failure) [PSYoungGen: 69472K->1565K(70144K)] 390088K->322181K(758272K), 0.0016143 secs] [Times: user=0.01 sys=0.00, real=0.00 secs] 
688.143: [GC (Allocation Failure) [PSYoungGen: 69661K->1616K(70144K)] 390277K->322232K(758272K), 0.0015996 secs] [Times: user=0.01 sys=0.00, real=0.00 secs] 
688.546: [GC (Allocation Failure) [PSYoungGen: 69712K->1536K(70144K)] 390328K->322152K(758272K), 0.0015733 secs] [Times: user=0.00 sys=0.00, real=0.01 secs] 
689.184: [GC (Allocation Failure) [PSYoungGen: 69632K->1504K(70144K)] 390248K->322120K(758272K), 0.0020545 secs] [Times: user=0.01 sys=0.00, real=0.00 secs] 
689.929: [GC (Allocation Failure) [PSYoungGen: 69600K->1344K(70144K)] 390216K->321960K(758272K), 0.0031484 secs] [Times: user=0.01 sys=0.00, real=0.00 secs] 
690.957: [GC (Allocation Failure) [PSYoungGen: 69440K->1408K(70144K)] 390056K->322024K(758272K), 0.0042491 secs] [Times: user=0.01 sys=0.00, real=0.01 secs] 
691.825: [GC (Allocation Failure) [PSYoungGen: 69504K->1408K(70144K)] 390120K->322024K(758272K), 0.0032232 secs] [Times: user=0.01 sys=0.00, real=0.01 secs] 
692.619: [GC (Allocation Failure) [PSYoungGen: 69504K->1488K(70144K)] 390120K->322104K(758272K), 0.0021725 secs] [Times: user=0.01 sys=0.00, real=0.00 secs] 
693.063: [GC (Allocation Failure) [PSYoungGen: 69584K->1549K(70144K)] 390200K->322181K(758272K), 0.0016589 secs] [Times: user=0.01 sys=0.00, real=0.00 secs] 
693.463: [GC (Allocation Failure) [PSYoungGen: 69645K->1613K(70144K)] 390277K->322245K(758272K), 0.0015637 secs] [Times: user=0.00 sys=0.00, real=0.00 secs] 
693.864: [GC (Allocation Failure) [PSYoungGen: 69709K->1552K(70144K)] 390341K->322184K(758272K), 0.0015880 secs] [Times: user=0.00 sys=0.00, real=0.00 secs] 
694.460: [GC (Allocation Failure) [PSYoungGen: 69648K->1488K(70144K)] 390280K->322120K(758272K), 0.0020103 secs] [Times: user=0.01 sys=0.00, real=0.00 secs] 
694.983: [GC (Allocation Failure) [PSYoungGen: 69584K->1344K(70144K)] 390216K->321976K(758272K), 0.0024825 secs] [Times: user=0.01 sys=0.00, real=0.00 secs] 
695.545: [GC (Allocation Failure) [PSYoungGen: 69440K->1440K(70144K)] 390072K->322072K(758272K), 0.0022725 secs] [Times: user=0.01 sys=0.00, real=0.01 secs] 
696.181: [GC (Allocation Failure) [PSYoungGen: 69536K->1440K(70144K)] 390168K->322072K(758272K), 0.0022743 secs] [Times: user=0.00 sys=0.00, real=0.00 secs] 
696.867: [GC (Allocation Failure) [PSYoungGen: 69536K->1517K(70144K)] 390168K->322149K(758272K), 0.0015437 secs] [Times: user=0.00 sys=0.00, real=0.00 secs] 
697.267: [GC (Allocation Failure) [PSYoungGen: 69613K->1520K(70144K)] 390245K->322152K(758272K), 0.0015103 secs] [Times: user=0.00 sys=0.00, real=0.00 secs] 
697.668: [GC (Allocation Failure) [PSYoungGen: 69616K->1597K(70144K)] 390248K->322229K(758272K), 0.0016821 secs] [Times: user=0.01 sys=0.00, real=0.00 secs] 
698.072: [GC (Allocation Failure) [PSYoungGen: 69693K->1536K(70144K)] 390325K->322184K(758272K), 0.0014857 secs] [Times: user=0.00 sys=0.00, real=0.00 secs] 
698.554: [GC (Allocation Failure) [PSYoungGen: 69632K->1408K(70144K)] 390280K->322056K(758272K), 0.0020098 secs] [Times: user=0.01 sys=0.00, real=0.00 secs] 
698.853: [GC (Allocation Failure) [PSYoungGen: 69504K->1408K(70144K)] 390152K->322056K(758272K), 0.0018532 secs] [Times: user=0.01 sys=0.00, real=0.00 secs] 
699.300: [GC (Allocation Failure) [PSYoungGen: 69504K->1376K(70144K)] 390152K->322024K(758272K), 0.0047041 secs] [Times: user=0.02 sys=0.00, real=0.00 secs] 
699.865: [GC (Allocation Failure) [PSYoungGen: 69472K->1408K(70144K)] 390120K->322056K(758272K), 0.0022533 secs] [Times: user=0.01 sys=0.00, real=0.01 secs] 
700.483: [GC (Allocation Failure) [PSYoungGen: 69504K->1533K(70144K)] 390152K->322181K(758272K), 0.0015753 secs] [Times: user=0.01 sys=0.00, real=0.00 secs] 
700.885: [GC (Allocation Failure) [PSYoungGen: 69629K->1552K(70144K)] 390277K->322232K(758272K), 0.0015882 secs] [Times: user=0.01 sys=0.00, real=0.00 secs] 
701.286: [GC (Allocation Failure) [PSYoungGen: 69648K->1549K(70144K)] 390328K->322229K(758272K), 0.0015892 secs] [Times: user=0.00 sys=0.00, real=0.01 secs] 
702.449: [GC (Allocation Failure) [PSYoungGen: 69645K->1520K(70144K)] 390325K->322200K(758272K), 0.0041704 secs] [Times: user=0.01 sys=0.00, real=0.00 secs] 
703.404: [GC (Allocation Failure) [PSYoungGen: 69616K->1376K(70144K)] 390296K->322056K(758272K), 0.0042080 secs] [Times: user=0.01 sys=0.00, real=0.01 secs] 
703.924: [GC (Allocation Failure) [PSYoungGen: 69472K->1408K(70144K)] 390152K->322088K(758272K), 0.0022052 secs] [Times: user=0.01 sys=0.00, real=0.00 secs] 
704.239: [GC (Allocation Failure) [PSYoungGen: 69504K->1408K(70144K)] 390184K->322088K(758272K), 0.0018981 secs] [Times: user=0.01 sys=0.01, real=0.00 secs] 
704.595: [GC (Allocation Failure) [PSYoungGen: 69504K->1536K(70144K)] 390184K->322216K(758272K), 0.0021577 secs] [Times: user=0.01 sys=0.00, real=0.01 secs] 
705.005: [GC (Allocation Failure) [PSYoungGen: 69632K->1552K(70144K)] 390312K->322232K(758272K), 0.0017199 secs] [Times: user=0.00 sys=0.00, real=0.01 secs] 
705.414: [GC (Allocation Failure) [PSYoungGen: 69648K->1565K(70144K)] 390328K->322245K(758272K), 0.0016682 secs] [Times: user=0.00 sys=0.00, real=0.00 secs] 
705.816: [GC (Allocation Failure) [PSYoungGen: 69661K->1565K(70144K)] 390341K->322245K(758272K), 0.0015606 secs] [Times: user=0.01 sys=0.00, real=0.01 secs] 
706.199: [GC (Allocation Failure) [PSYoungGen: 69661K->1440K(70144K)] 390341K->322128K(758272K), 0.0020424 secs] [Times: user=0.01 sys=0.00, real=0.00 secs] 
706.482: [GC (Allocation Failure) [PSYoungGen: 69536K->1376K(70144K)] 390224K->322064K(758272K), 0.0016244 secs] [Times: user=0.00 sys=0.00, real=0.00 secs] 
706.765: [GC (Allocation Failure) [PSYoungGen: 69472K->1376K(70144K)] 390160K->322064K(758272K), 0.0020105 secs] [Times: user=0.00 sys=0.00, real=0.00 secs] 
707.047: [GC (Allocation Failure) [PSYoungGen: 69472K->1392K(70144K)] 390160K->322080K(758272K), 0.0018449 secs] [Times: user=0.00 sys=0.01, real=0.00 secs] 
707.456: [GC (Allocation Failure) [PSYoungGen: 69488K->1517K(70144K)] 390176K->322205K(758272K), 0.0015291 secs] [Times: user=0.01 sys=0.00, real=0.01 secs] 
707.856: [GC (Allocation Failure) [PSYoungGen: 69590K->1581K(70144K)] 390278K->322269K(758272K), 0.0015940 secs] [Times: user=0.00 sys=0.00, real=0.01 secs] 
708.313: [GC (Allocation Failure) [PSYoungGen: 69671K->1549K(70144K)] 390359K->322237K(758272K), 0.0015925 secs] [Times: user=0.01 sys=0.01, real=0.00 secs] 
708.711: [GC (Allocation Failure) [PSYoungGen: 69618K->1581K(70144K)] 390306K->322285K(758272K), 0.0015981 secs] [Times: user=0.00 sys=0.00, real=0.00 secs] 
709.423: [GC (Allocation Failure) [PSYoungGen: 69677K->1472K(70144K)] 390381K->322200K(758272K), 0.0031049 secs] [Times: user=0.01 sys=0.00, real=0.00 secs] 
710.018: [GC (Allocation Failure) [PSYoungGen: 69568K->1408K(70144K)] 390296K->322136K(758272K), 0.0024578 secs] [Times: user=0.01 sys=0.00, real=0.00 secs] 
710.660: [GC (Allocation Failure) [PSYoungGen: 69504K->1408K(70144K)] 390232K->322136K(758272K), 0.0025934 secs] [Times: user=0.01 sys=0.00, real=0.00 secs] 
711.248: [GC (Allocation Failure) [PSYoungGen: 69504K->1424K(70144K)] 390232K->322152K(758272K), 0.0027308 secs] [Times: user=0.01 sys=0.00, real=0.00 secs] 
711.862: [GC (Allocation Failure) [PSYoungGen: 69520K->1565K(70144K)] 390248K->322293K(758272K), 0.0015634 secs] [Times: user=0.00 sys=0.00, real=0.00 secs] 
712.263: [GC (Allocation Failure) [PSYoungGen: 69661K->1616K(70144K)] 390389K->322344K(758272K), 0.0015413 secs] [Times: user=0.01 sys=0.00, real=0.00 secs] 
712.664: [GC (Allocation Failure) [PSYoungGen: 69712K->1613K(70144K)] 390440K->322341K(758272K), 0.0015380 secs] [Times: user=0.00 sys=0.00, real=0.00 secs] 
713.100: [GC (Allocation Failure) [PSYoungGen: 69709K->1504K(70144K)] 390437K->322240K(758272K), 0.0024200 secs] [Times: user=0.01 sys=0.00, real=0.00 secs] 
713.396: [GC (Allocation Failure) [PSYoungGen: 69600K->1408K(70144K)] 390336K->322152K(758272K), 0.0020067 secs] [Times: user=0.01 sys=0.00, real=0.01 secs] 
713.720: [GC (Allocation Failure) [PSYoungGen: 69504K->1408K(70144K)] 390248K->322152K(758272K), 0.0019163 secs] [Times: user=0.01 sys=0.00, real=0.00 secs] 
714.062: [GC (Allocation Failure) [PSYoungGen: 69504K->1408K(70144K)] 390248K->322152K(758272K), 0.0020020 secs] [Times: user=0.00 sys=0.01, real=0.00 secs] 
714.423: [GC (Allocation Failure) [PSYoungGen: 69504K->1424K(70144K)] 390248K->322168K(758272K), 0.0022689 secs] [Times: user=0.01 sys=0.00, real=0.00 secs] 
714.954: [GC (Allocation Failure) [PSYoungGen: 69520K->1488K(70144K)] 390264K->322232K(758272K), 0.0016116 secs] [Times: user=0.01 sys=0.00, real=0.00 secs] 
715.410: [GC (Allocation Failure) [PSYoungGen: 69584K->1629K(70144K)] 390328K->322373K(758272K), 0.0016307 secs] [Times: user=0.01 sys=0.00, real=0.00 secs] 
715.811: [GC (Allocation Failure) [PSYoungGen: 69725K->1581K(70144K)] 390469K->322325K(758272K), 0.0016268 secs] [Times: user=0.00 sys=0.00, real=0.00 secs] 
716.419: [GC (Allocation Failure) [PSYoungGen: 69677K->1472K(70144K)] 390421K->322216K(758272K), 0.0021260 secs] [Times: user=0.01 sys=0.00, real=0.00 secs] 
716.980: [GC (Allocation Failure) [PSYoungGen: 69568K->1392K(70144K)] 390312K->322144K(758272K), 0.0019404 secs] [Times: user=0.01 sys=0.00, real=0.00 secs] 
717.263: [GC (Allocation Failure) [PSYoungGen: 69488K->1392K(70144K)] 390240K->322144K(758272K), 0.0019147 secs] [Times: user=0.01 sys=0.00, real=0.00 secs] 
717.545: [GC (Allocation Failure) [PSYoungGen: 69488K->1440K(70144K)] 390240K->322192K(758272K), 0.0018499 secs] [Times: user=0.01 sys=0.00, real=0.01 secs] 
717.895: [GC (Allocation Failure) [PSYoungGen: 69536K->1485K(70144K)] 390288K->322237K(758272K), 0.0014695 secs] [Times: user=0.00 sys=0.00, real=0.00 secs] 
718.299: [GC (Allocation Failure) [PSYoungGen: 69581K->1581K(70144K)] 390333K->322333K(758272K), 0.0015579 secs] [Times: user=0.01 sys=0.00, real=0.00 secs] 
718.700: [GC (Allocation Failure) [PSYoungGen: 69677K->1536K(70144K)] 390429K->322288K(758272K), 0.0015658 secs] [Times: user=0.00 sys=0.00, real=0.00 secs] 
719.102: [GC (Allocation Failure) [PSYoungGen: 69632K->1552K(70144K)] 390384K->322320K(758272K), 0.0015764 secs] [Times: user=0.01 sys=0.00, real=0.00 secs] 
719.746: [GC (Allocation Failure) [PSYoungGen: 69648K->1376K(70144K)] 390416K->322184K(758272K), 0.0049085 secs] [Times: user=0.02 sys=0.00, real=0.01 secs] 
720.406: [GC (Allocation Failure) [PSYoungGen: 69472K->1376K(70144K)] 390280K->322192K(758272K), 0.0019801 secs] [Times: user=0.00 sys=0.00, real=0.01 secs] 
720.768: [GC (Allocation Failure) [PSYoungGen: 69472K->1408K(70144K)] 390288K->322224K(758272K), 0.0019695 secs] [Times: user=0.01 sys=0.00, real=0.00 secs] 
721.051: [GC (Allocation Failure) [PSYoungGen: 69504K->1376K(70144K)] 390320K->322192K(758272K), 0.0019902 secs] [Times: user=0.01 sys=0.00, real=0.00 secs] 
721.445: [GC (Allocation Failure) [PSYoungGen: 69472K->1549K(70144K)] 390288K->322365K(758272K), 0.0014893 secs] [Times: user=0.01 sys=0.00, real=0.00 secs] 
721.846: [GC (Allocation Failure) [PSYoungGen: 69645K->1552K(70144K)] 390461K->322368K(758272K), 0.0015792 secs] [Times: user=0.00 sys=0.00, real=0.01 secs] 
722.246: [GC (Allocation Failure) [PSYoungGen: 69648K->1581K(70144K)] 390464K->322397K(758272K), 0.0015519 secs] [Times: user=0.00 sys=0.00, real=0.01 secs] 
722.747: [GC (Allocation Failure) [PSYoungGen: 69677K->2032K(70144K)] 390493K->323360K(758272K), 0.0019147 secs] [Times: user=0.01 sys=0.00, real=0.00 secs] 
723.037: [GC (Allocation Failure) [PSYoungGen: 70128K->1424K(70144K)] 391456K->322752K(758272K), 0.0020122 secs] [Times: user=0.01 sys=0.00, real=0.01 secs] 
723.319: [GC (Allocation Failure) [PSYoungGen: 69520K->1408K(70144K)] 390848K->322736K(758272K), 0.0019939 secs] [Times: user=0.01 sys=0.00, real=0.00 secs] 
723.602: [GC (Allocation Failure) [PSYoungGen: 69504K->1376K(70144K)] 390832K->322704K(758272K), 0.0020488 secs] [Times: user=0.01 sys=0.00, real=0.00 secs] 
723.938: [GC (Allocation Failure) [PSYoungGen: 69472K->1376K(70144K)] 390800K->322704K(758272K), 0.0020221 secs] [Times: user=0.01 sys=0.00, real=0.00 secs] 
724.375: [GC (Allocation Failure) [PSYoungGen: 69472K->1613K(70144K)] 390800K->322941K(758272K), 0.0015598 secs] [Times: user=0.01 sys=0.00, real=0.01 secs] 
724.776: [GC (Allocation Failure) [PSYoungGen: 69709K->1552K(70144K)] 391037K->322880K(758272K), 0.0015681 secs] [Times: user=0.01 sys=0.00, real=0.01 secs] 
725.176: [GC (Allocation Failure) [PSYoungGen: 69648K->1613K(70144K)] 390976K->322941K(758272K), 0.0016064 secs] [Times: user=0.01 sys=0.00, real=0.01 secs] 
725.777: [GC (Allocation Failure) [PSYoungGen: 69709K->1504K(70144K)] 391037K->322840K(758272K), 0.0018453 secs] [Times: user=0.01 sys=0.00, real=0.00 secs] 
726.442: [GC (Allocation Failure) [PSYoungGen: 69600K->1408K(70144K)] 390936K->322744K(758272K), 0.0021387 secs] [Times: user=0.01 sys=0.00, real=0.00 secs] 
727.047: [GC (Allocation Failure) [PSYoungGen: 69504K->1408K(70144K)] 390840K->322744K(758272K), 0.0019978 secs] [Times: user=0.01 sys=0.00, real=0.00 secs] 
727.841: [GC (Allocation Failure) [PSYoungGen: 69504K->1408K(70144K)] 390840K->322744K(758272K), 0.0026862 secs] [Times: user=0.01 sys=0.00, real=0.00 secs] 
728.611: [GC (Allocation Failure) [PSYoungGen: 69504K->1469K(70144K)] 390840K->322805K(758272K), 0.0014808 secs] [Times: user=0.00 sys=0.00, real=0.00 secs] 
729.012: [GC (Allocation Failure) [PSYoungGen: 69565K->1552K(70144K)] 390901K->322888K(758272K), 0.0015734 secs] [Times: user=0.00 sys=0.00, real=0.00 secs] 
729.410: [GC (Allocation Failure) [PSYoungGen: 69643K->1520K(70144K)] 390979K->322856K(758272K), 0.0015907 secs] [Times: user=0.01 sys=0.00, real=0.00 secs] 
729.809: [GC (Allocation Failure) [PSYoungGen: 69600K->1600K(70144K)] 390936K->322944K(758272K), 0.0015232 secs] [Times: user=0.00 sys=0.00, real=0.00 secs] 
730.427: [GC (Allocation Failure) [PSYoungGen: 69696K->1440K(70144K)] 391040K->322784K(758272K), 0.0022046 secs] [Times: user=0.00 sys=0.00, real=0.00 secs] 
730.715: [GC (Allocation Failure) [PSYoungGen: 69536K->1344K(70144K)] 390880K->322704K(758272K), 0.0021222 secs] [Times: user=0.01 sys=0.00, real=0.01 secs] 
730.998: [GC (Allocation Failure) [PSYoungGen: 69440K->1408K(70144K)] 390800K->322768K(758272K), 0.0024680 secs] [Times: user=0.01 sys=0.00, real=0.00 secs] 
731.282: [GC (Allocation Failure) [PSYoungGen: 69504K->1376K(70144K)] 390864K->322736K(758272K), 0.0018887 secs] [Times: user=0.01 sys=0.00, real=0.00 secs] 
731.654: [GC (Allocation Failure) [PSYoungGen: 69472K->1485K(70144K)] 390832K->322853K(758272K), 0.0014832 secs] [Times: user=0.01 sys=0.00, real=0.00 secs] 
732.054: [GC (Allocation Failure) [PSYoungGen: 69581K->1549K(70144K)] 390949K->322917K(758272K), 0.0015819 secs] [Times: user=0.00 sys=0.01, real=0.00 secs] 
732.454: [GC (Allocation Failure) [PSYoungGen: 69645K->1613K(70144K)] 391013K->322981K(758272K), 0.0016219 secs] [Times: user=0.01 sys=0.00, real=0.00 secs] 
732.844: [GC (Allocation Failure) [PSYoungGen: 68748K->320K(70144K)] 390116K->321688K(758272K), 0.0019055 secs] [Times: user=0.01 sys=0.00, real=0.00 secs] 
733.610: [GC (Allocation Failure) [PSYoungGen: 68416K->1440K(70144K)] 389784K->322816K(758272K), 0.0039138 secs] [Times: user=0.02 sys=0.00, real=0.00 secs] 
734.383: [GC (Allocation Failure) [PSYoungGen: 69536K->1408K(70144K)] 390912K->322784K(758272K), 0.0031512 secs] [Times: user=0.02 sys=0.00, real=0.00 secs] 
735.193: [GC (Allocation Failure) [PSYoungGen: 69504K->1376K(70144K)] 390880K->322760K(758272K), 0.0027523 secs] [Times: user=0.01 sys=0.00, real=0.00 secs] 
735.736: [GC (Allocation Failure) [PSYoungGen: 69472K->1408K(70144K)] 390856K->322800K(758272K), 0.0026517 secs] [Times: user=0.01 sys=0.00, real=0.01 secs] 
736.254: [GC (Allocation Failure) [PSYoungGen: 69504K->1552K(70144K)] 390896K->322944K(758272K), 0.0015580 secs] [Times: user=0.01 sys=0.00, real=0.00 secs] 
736.655: [GC (Allocation Failure) [PSYoungGen: 69648K->1584K(70144K)] 391040K->322984K(758272K), 0.0015665 secs] [Times: user=0.00 sys=0.00, real=0.00 secs] 
737.054: [GC (Allocation Failure) [PSYoungGen: 69680K->1616K(70144K)] 391080K->323016K(758272K), 0.0015944 secs] [Times: user=0.00 sys=0.00, real=0.00 secs] 
737.556: [GC (Allocation Failure) [PSYoungGen: 69712K->1472K(70144K)] 391112K->322880K(758272K), 0.0019908 secs] [Times: user=0.01 sys=0.00, real=0.01 secs] 
738.210: [GC (Allocation Failure) [PSYoungGen: 69568K->1408K(70144K)] 390976K->322816K(758272K), 0.0021871 secs] [Times: user=0.01 sys=0.00, real=0.00 secs] 
738.858: [GC (Allocation Failure) [PSYoungGen: 69504K->1408K(70144K)] 390912K->322816K(758272K), 0.0020374 secs] [Times: user=0.01 sys=0.00, real=0.00 secs] 
739.374: [GC (Allocation Failure) [PSYoungGen: 69504K->1440K(70144K)] 390912K->322848K(758272K), 0.0020761 secs] [Times: user=0.01 sys=0.00, real=0.00 secs] 
739.942: [GC (Allocation Failure) [PSYoungGen: 69536K->1488K(70144K)] 390944K->322904K(758272K), 0.0019392 secs] [Times: user=0.01 sys=0.00, real=0.00 secs] 
740.357: [GC (Allocation Failure) [PSYoungGen: 69584K->1549K(70144K)] 391000K->322965K(758272K), 0.0015739 secs] [Times: user=0.01 sys=0.00, real=0.00 secs] 
740.759: [GC (Allocation Failure) [PSYoungGen: 69645K->1584K(70144K)] 391061K->323000K(758272K), 0.0015511 secs] [Times: user=0.01 sys=0.00, real=0.00 secs] 
741.215: [GC (Allocation Failure) [PSYoungGen: 69680K->1552K(70144K)] 391096K->322976K(758272K), 0.0015746 secs] [Times: user=0.00 sys=0.00, real=0.00 secs] 
741.880: [GC (Allocation Failure) [PSYoungGen: 69648K->1472K(70144K)] 391072K->322912K(758272K), 0.0028945 secs] [Times: user=0.01 sys=0.00, real=0.00 secs] 
742.621: [GC (Allocation Failure) [PSYoungGen: 69568K->1376K(70144K)] 391008K->322816K(758272K), 0.0031336 secs] [Times: user=0.02 sys=0.00, real=0.00 secs] 
743.161: [GC (Allocation Failure) [PSYoungGen: 69472K->1440K(70144K)] 390912K->322880K(758272K), 0.0027841 secs] [Times: user=0.01 sys=0.00, real=0.00 secs] 
743.729: [GC (Allocation Failure) [PSYoungGen: 69536K->1440K(70144K)] 390976K->322880K(758272K), 0.0026956 secs] [Times: user=0.01 sys=0.00, real=0.00 secs] 
744.310: [GC (Allocation Failure) [PSYoungGen: 69536K->1597K(70144K)] 390976K->323037K(758272K), 0.0015065 secs] [Times: user=0.01 sys=0.00, real=0.00 secs] 
744.773: [GC (Allocation Failure) [PSYoungGen: 69693K->1613K(70144K)] 391133K->323053K(758272K), 0.0016249 secs] [Times: user=0.01 sys=0.00, real=0.00 secs] 
745.236: [GC (Allocation Failure) [PSYoungGen: 69709K->1565K(70144K)] 391149K->323005K(758272K), 0.0016359 secs] [Times: user=0.00 sys=0.00, real=0.01 secs] 
745.692: [GC (Allocation Failure) [PSYoungGen: 69661K->1616K(70144K)] 391101K->323072K(758272K), 0.0017244 secs] [Times: user=0.01 sys=0.00, real=0.00 secs] 
746.097: [GC (Allocation Failure) [PSYoungGen: 69712K->1360K(70144K)] 391168K->322824K(758272K), 0.0023840 secs] [Times: user=0.01 sys=0.00, real=0.01 secs] 
746.429: [GC (Allocation Failure) [PSYoungGen: 69456K->1408K(70144K)] 390920K->322872K(758272K), 0.0020313 secs] [Times: user=0.01 sys=0.00, real=0.00 secs] 
746.770: [GC (Allocation Failure) [PSYoungGen: 69504K->1344K(70144K)] 390968K->322808K(758272K), 0.0021879 secs] [Times: user=0.01 sys=0.00, real=0.00 secs] 
747.071: [GC (Allocation Failure) [PSYoungGen: 69440K->1408K(70144K)] 390904K->322880K(758272K), 0.0019827 secs] [Times: user=0.00 sys=0.00, real=0.00 secs] 
747.514: [GC (Allocation Failure) [PSYoungGen: 69504K->1536K(70144K)] 390976K->323008K(758272K), 0.0016945 secs] [Times: user=0.00 sys=0.00, real=0.00 secs] 
747.914: [GC (Allocation Failure) [PSYoungGen: 69606K->1581K(70144K)] 391078K->323053K(758272K), 0.0015314 secs] [Times: user=0.00 sys=0.00, real=0.00 secs] 
748.319: [GC (Allocation Failure) [PSYoungGen: 69657K->1565K(70144K)] 391129K->323037K(758272K), 0.0018175 secs] [Times: user=0.00 sys=0.00, real=0.00 secs] 
748.776: [GC (Allocation Failure) [PSYoungGen: 69661K->1472K(70144K)] 391133K->322944K(758272K), 0.0019421 secs] [Times: user=0.01 sys=0.00, real=0.01 secs] 
749.329: [GC (Allocation Failure) [PSYoungGen: 69568K->1408K(70144K)] 391040K->322880K(758272K), 0.0017254 secs] [Times: user=0.00 sys=0.00, real=0.00 secs] 
749.934: [GC (Allocation Failure) [PSYoungGen: 69504K->1440K(70144K)] 390976K->322912K(758272K), 0.0021199 secs] [Times: user=0.01 sys=0.00, real=0.00 secs] 
750.218: [GC (Allocation Failure) [PSYoungGen: 69536K->1440K(70144K)] 391008K->322928K(758272K), 0.0020502 secs] [Times: user=0.01 sys=0.00, real=0.00 secs] 
750.553: [GC (Allocation Failure) [PSYoungGen: 69536K->1389K(70144K)] 391024K->322877K(758272K), 0.0017362 secs] [Times: user=0.01 sys=0.00, real=0.00 secs] 
750.960: [GC (Allocation Failure) [PSYoungGen: 69485K->1536K(70144K)] 390973K->323024K(758272K), 0.0016172 secs] [Times: user=0.00 sys=0.00, real=0.00 secs] 
751.362: [GC (Allocation Failure) [PSYoungGen: 69632K->1549K(70144K)] 391120K->323037K(758272K), 0.0015622 secs] [Times: user=0.01 sys=0.00, real=0.00 secs] 
751.767: [GC (Allocation Failure) [PSYoungGen: 69645K->1565K(70144K)] 391133K->323053K(758272K), 0.0016869 secs] [Times: user=0.01 sys=0.00, real=0.00 secs] 
752.674: [GC (Allocation Failure) [PSYoungGen: 69661K->1504K(70144K)] 391149K->323000K(758272K), 0.0031426 secs] [Times: user=0.02 sys=0.00, real=0.01 secs] 
753.640: [GC (Allocation Failure) [PSYoungGen: 69600K->1376K(70144K)] 391096K->322872K(758272K), 0.0039430 secs] [Times: user=0.02 sys=0.00, real=0.00 secs] 
754.432: [GC (Allocation Failure) [PSYoungGen: 69472K->1440K(70144K)] 390968K->322936K(758272K), 0.0038885 secs] [Times: user=0.01 sys=0.00, real=0.00 secs] 
755.031: [GC (Allocation Failure) [PSYoungGen: 69536K->1408K(70144K)] 391032K->322904K(758272K), 0.0028014 secs] [Times: user=0.01 sys=0.00, real=0.00 secs] 
755.574: [GC (Allocation Failure) [PSYoungGen: 69504K->1517K(70144K)] 391000K->323013K(758272K), 0.0014803 secs] [Times: user=0.00 sys=0.00, real=0.00 secs] 
755.974: [GC (Allocation Failure) [PSYoungGen: 69613K->1552K(70144K)] 391109K->323048K(758272K), 0.0017442 secs] [Times: user=0.01 sys=0.00, real=0.00 secs] 
756.431: [GC (Allocation Failure) [PSYoungGen: 69648K->1565K(70144K)] 391144K->323061K(758272K), 0.0015654 secs] [Times: user=0.01 sys=0.00, real=0.00 secs] 
756.836: [GC (Allocation Failure) [PSYoungGen: 69661K->1613K(70144K)] 391157K->323125K(758272K), 0.0016276 secs] [Times: user=0.01 sys=0.00, real=0.01 secs] 
757.568: [GC (Allocation Failure) [PSYoungGen: 69709K->1408K(70144K)] 391221K->322928K(758272K), 0.0027551 secs] [Times: user=0.01 sys=0.00, real=0.00 secs] 
758.140: [GC (Allocation Failure) [PSYoungGen: 69504K->1408K(70144K)] 391024K->322928K(758272K), 0.0026551 secs] [Times: user=0.01 sys=0.01, real=0.00 secs] 
758.734: [GC (Allocation Failure) [PSYoungGen: 69504K->1424K(70144K)] 391024K->322944K(758272K), 0.0030351 secs] [Times: user=0.02 sys=0.00, real=0.00 secs] 
759.301: [GC (Allocation Failure) [PSYoungGen: 69520K->1408K(70144K)] 391040K->322928K(758272K), 0.0024293 secs] [Times: user=0.01 sys=0.00, real=0.00 secs] 
759.913: [GC (Allocation Failure) [PSYoungGen: 69504K->1584K(70144K)] 391024K->323104K(758272K), 0.0017134 secs] [Times: user=0.01 sys=0.00, real=0.00 secs] 
760.314: [GC (Allocation Failure) [PSYoungGen: 69680K->1552K(70144K)] 391200K->323072K(758272K), 0.0016688 secs] [Times: user=0.00 sys=0.00, real=0.00 secs] 
760.713: [GC (Allocation Failure) [PSYoungGen: 69648K->1581K(70144K)] 391168K->323101K(758272K), 0.0015507 secs] [Times: user=0.01 sys=0.00, real=0.00 secs] 
761.107: [GC (Allocation Failure) [PSYoungGen: 69677K->1520K(70144K)] 391197K->323040K(758272K), 0.0017186 secs] [Times: user=0.01 sys=0.00, real=0.00 secs] 
761.495: [GC (Allocation Failure) [PSYoungGen: 69616K->1376K(70144K)] 391136K->322920K(758272K), 0.0018709 secs] [Times: user=0.00 sys=0.00, real=0.01 secs] 
761.984: [GC (Allocation Failure) [PSYoungGen: 69472K->1408K(70144K)] 391016K->322952K(758272K), 0.0037276 secs] [Times: user=0.02 sys=0.00, real=0.01 secs] 
762.636: [GC (Allocation Failure) [PSYoungGen: 69504K->1376K(70144K)] 391048K->322920K(758272K), 0.0028765 secs] [Times: user=0.01 sys=0.00, real=0.01 secs] 
763.344: [GC (Allocation Failure) [PSYoungGen: 69472K->1469K(70144K)] 391016K->323013K(758272K), 0.0025523 secs] [Times: user=0.01 sys=0.01, real=0.00 secs] 
763.805: [GC (Allocation Failure) [PSYoungGen: 69540K->1581K(70144K)] 391084K->323125K(758272K), 0.0015382 secs] [Times: user=0.01 sys=0.00, real=0.00 secs] 
764.205: [GC (Allocation Failure) [PSYoungGen: 69677K->1597K(70144K)] 391221K->323141K(758272K), 0.0015553 secs] [Times: user=0.00 sys=0.00, real=0.00 secs] 
764.606: [GC (Allocation Failure) [PSYoungGen: 69693K->1568K(70144K)] 391237K->323112K(758272K), 0.0015070 secs] [Times: user=0.01 sys=0.00, real=0.01 secs] 
765.080: [GC (Allocation Failure) [PSYoungGen: 69664K->1456K(70144K)] 391208K->323008K(758272K), 0.0019087 secs] [Times: user=0.01 sys=0.00, real=0.00 secs] 
765.383: [GC (Allocation Failure) [PSYoungGen: 69552K->1408K(70144K)] 391104K->322960K(758272K), 0.0018591 secs] [Times: user=0.01 sys=0.00, real=0.00 secs] 
765.674: [GC (Allocation Failure) [PSYoungGen: 69504K->1408K(70144K)] 391056K->322960K(758272K), 0.0018932 secs] [Times: user=0.01 sys=0.00, real=0.00 secs] 
766.107: [GC (Allocation Failure) [PSYoungGen: 69504K->1376K(70144K)] 391056K->322928K(758272K), 0.0020249 secs] [Times: user=0.00 sys=0.00, real=0.00 secs] 
766.683: [GC (Allocation Failure) [PSYoungGen: 69472K->1469K(70144K)] 391024K->323021K(758272K), 0.0014435 secs] [Times: user=0.01 sys=0.00, real=0.00 secs] 
767.084: [GC (Allocation Failure) [PSYoungGen: 69565K->1568K(70144K)] 391117K->323120K(758272K), 0.0016601 secs] [Times: user=0.01 sys=0.00, real=0.00 secs] 
767.481: [GC (Allocation Failure) [PSYoungGen: 69664K->1597K(70144K)] 391216K->323149K(758272K), 0.0015521 secs] [Times: user=0.01 sys=0.00, real=0.00 secs] 
767.881: [GC (Allocation Failure) [PSYoungGen: 69693K->1581K(70144K)] 391245K->323141K(758272K), 0.0015014 secs] [Times: user=0.01 sys=0.00, real=0.00 secs] 
768.215: [GC (Allocation Failure) [PSYoungGen: 69677K->1456K(70144K)] 391237K->323016K(758272K), 0.0017731 secs] [Times: user=0.01 sys=0.00, real=0.01 secs] 
768.498: [GC (Allocation Failure) [PSYoungGen: 69552K->1408K(70144K)] 391112K->322968K(758272K), 0.0016956 secs] [Times: user=0.01 sys=0.00, real=0.00 secs] 
768.781: [GC (Allocation Failure) [PSYoungGen: 69504K->1376K(70144K)] 391064K->322936K(758272K), 0.0017370 secs] [Times: user=0.01 sys=0.00, real=0.00 secs] 
769.063: [GC (Allocation Failure) [PSYoungGen: 69472K->1408K(70144K)] 391032K->322984K(758272K), 0.0017936 secs] [Times: user=0.00 sys=0.00, real=0.00 secs] 
769.490: [GC (Allocation Failure) [PSYoungGen: 69504K->1517K(70144K)] 391080K->323093K(758272K), 0.0015882 secs] [Times: user=0.01 sys=0.00, real=0.00 secs] 
769.890: [GC (Allocation Failure) [PSYoungGen: 69613K->1533K(70144K)] 391189K->323109K(758272K), 0.0015358 secs] [Times: user=0.01 sys=0.00, real=0.00 secs] 
770.296: [GC (Allocation Failure) [PSYoungGen: 69629K->1613K(70144K)] 391205K->323189K(758272K), 0.0015929 secs] [Times: user=0.01 sys=0.00, real=0.01 secs] 
770.727: [GC (Allocation Failure) [PSYoungGen: 69709K->2016K(70144K)] 391285K->324112K(758272K), 0.0018868 secs] [Times: user=0.01 sys=0.00, real=0.00 secs] 
771.051: [GC (Allocation Failure) [PSYoungGen: 70112K->1408K(70144K)] 392208K->323504K(758272K), 0.0022204 secs] [Times: user=0.01 sys=0.00, real=0.00 secs] 
771.334: [GC (Allocation Failure) [PSYoungGen: 69504K->1376K(70144K)] 391600K->323472K(758272K), 0.0017739 secs] [Times: user=0.01 sys=0.00, real=0.00 secs] 
771.664: [GC (Allocation Failure) [PSYoungGen: 69472K->1440K(70144K)] 391568K->323536K(758272K), 0.0019071 secs] [Times: user=0.01 sys=0.00, real=0.00 secs] 
771.997: [GC (Allocation Failure) [PSYoungGen: 69536K->1344K(70144K)] 391632K->323440K(758272K), 0.0017716 secs] [Times: user=0.01 sys=0.00, real=0.00 secs] 
772.426: [GC (Allocation Failure) [PSYoungGen: 69440K->1549K(70144K)] 391536K->323645K(758272K), 0.0016537 secs] [Times: user=0.00 sys=0.00, real=0.01 secs] 
772.831: [GC (Allocation Failure) [PSYoungGen: 69645K->1581K(70144K)] 391741K->323677K(758272K), 0.0015763 secs] [Times: user=0.01 sys=0.00, real=0.00 secs] 
773.225: [GC (GCLocker Initiated GC) [PSYoungGen: 69677K->1549K(70144K)] 391774K->323646K(758272K), 0.0015572 secs] [Times: user=0.00 sys=0.00, real=0.00 secs] 
774.059: [GC (Allocation Failure) [PSYoungGen: 69645K->1520K(70144K)] 391745K->323628K(758272K), 0.0031535 secs] [Times: user=0.01 sys=0.00, real=0.00 secs] 
775.224: [GC (Allocation Failure) [PSYoungGen: 69616K->1408K(70144K)] 391724K->323516K(758272K), 0.0038363 secs] [Times: user=0.01 sys=0.00, real=0.01 secs] 
775.747: [GC (Allocation Failure) [PSYoungGen: 69504K->1360K(70144K)] 391612K->323468K(758272K), 0.0027947 secs] [Times: user=0.01 sys=0.00, real=0.01 secs] 
776.259: [GC (Allocation Failure) [PSYoungGen: 69456K->1440K(70144K)] 391564K->323548K(758272K), 0.0026490 secs] [Times: user=0.01 sys=0.00, real=0.00 secs] 
776.840: [GC (Allocation Failure) [PSYoungGen: 69536K->1501K(70144K)] 391644K->323609K(758272K), 0.0013976 secs] [Times: user=0.01 sys=0.00, real=0.00 secs] 
777.237: [GC (Allocation Failure) [PSYoungGen: 69597K->1616K(70144K)] 391705K->323724K(758272K), 0.0015641 secs] [Times: user=0.01 sys=0.00, real=0.00 secs] 
777.640: [GC (Allocation Failure) [PSYoungGen: 69712K->1648K(70144K)] 391820K->323756K(758272K), 0.0015686 secs] [Times: user=0.00 sys=0.00, real=0.00 secs] 
778.044: [GC (Allocation Failure) [PSYoungGen: 69730K->1632K(70144K)] 391838K->323756K(758272K), 0.0017038 secs] [Times: user=0.01 sys=0.00, real=0.00 secs] 
779.010: [GC (Allocation Failure) [PSYoungGen: 69728K->1472K(70144K)] 391852K->323596K(758272K), 0.0033076 secs] [Times: user=0.01 sys=0.01, real=0.00 secs] 
779.646: [GC (Allocation Failure) [PSYoungGen: 69568K->1440K(70144K)] 391692K->323564K(758272K), 0.0023198 secs] [Times: user=0.01 sys=0.00, real=0.01 secs] 
779.944: [GC (Allocation Failure) [PSYoungGen: 69536K->1440K(70144K)] 391660K->323564K(758272K), 0.0019679 secs] [Times: user=0.01 sys=0.00, real=0.00 secs] 
780.263: [GC (Allocation Failure) [PSYoungGen: 69536K->1392K(70144K)] 391660K->323516K(758272K), 0.0018416 secs] [Times: user=0.00 sys=0.00, real=0.00 secs] 
780.649: [GC (Allocation Failure) [PSYoungGen: 69488K->1584K(70144K)] 391612K->323708K(758272K), 0.0015780 secs] [Times: user=0.00 sys=0.00, real=0.00 secs] 
781.050: [GC (Allocation Failure) [PSYoungGen: 69680K->1616K(70144K)] 391804K->323740K(758272K), 0.0015649 secs] [Times: user=0.01 sys=0.00, real=0.00 secs] 
781.523: [GC (Allocation Failure) [PSYoungGen: 69712K->1600K(70144K)] 391836K->323724K(758272K), 0.0016002 secs] [Times: user=0.01 sys=0.00, real=0.00 secs] 
782.018: [GC (Allocation Failure) [PSYoungGen: 69696K->1552K(70144K)] 391820K->323748K(758272K), 0.0015873 secs] [Times: user=0.01 sys=0.00, real=0.00 secs] 
782.887: [GC (Allocation Failure) [PSYoungGen: 69648K->1408K(70144K)] 391844K->323604K(758272K), 0.0031676 secs] [Times: user=0.01 sys=0.00, real=0.00 secs] 
783.513: [GC (Allocation Failure) [PSYoungGen: 69504K->1376K(70144K)] 391700K->323572K(758272K), 0.0031058 secs] [Times: user=0.01 sys=0.00, real=0.00 secs] 
784.077: [GC (Allocation Failure) [PSYoungGen: 69472K->1376K(70144K)] 391668K->323572K(758272K), 0.0027450 secs] [Times: user=0.01 sys=0.00, real=0.00 secs] 
784.424: [GC (Allocation Failure) [PSYoungGen: 69472K->1376K(70144K)] 391668K->323572K(758272K), 0.0029512 secs] [Times: user=0.01 sys=0.00, real=0.00 secs] 
784.903: [GC (Allocation Failure) [PSYoungGen: 69472K->1565K(70144K)] 391668K->323761K(758272K), 0.0014886 secs] [Times: user=0.01 sys=0.00, real=0.00 secs] 
785.303: [GC (Allocation Failure) [PSYoungGen: 69661K->1565K(70144K)] 391857K->323761K(758272K), 0.0017857 secs] [Times: user=0.01 sys=0.00, real=0.00 secs] 
785.705: [GC (Allocation Failure) [PSYoungGen: 69661K->1629K(70144K)] 391857K->323825K(758272K), 0.0016947 secs] [Times: user=0.01 sys=0.00, real=0.01 secs] 
786.274: [GC (Allocation Failure) [PSYoungGen: 69725K->1456K(70144K)] 391921K->323652K(758272K), 0.0021615 secs] [Times: user=0.01 sys=0.00, real=0.00 secs] 
786.937: [GC (Allocation Failure) [PSYoungGen: 69552K->1408K(70144K)] 391748K->323604K(758272K), 0.0020299 secs] [Times: user=0.01 sys=0.00, real=0.00 secs] 
787.403: [GC (Allocation Failure) [PSYoungGen: 69504K->1408K(70144K)] 391700K->323604K(758272K), 0.0018745 secs] [Times: user=0.01 sys=0.01, real=0.00 secs] 
787.755: [GC (Allocation Failure) [PSYoungGen: 69504K->1408K(70144K)] 391700K->323604K(758272K), 0.0019098 secs] [Times: user=0.01 sys=0.00, real=0.00 secs] 
788.216: [GC (Allocation Failure) [PSYoungGen: 69504K->1501K(70144K)] 391700K->323697K(758272K), 0.0014883 secs] [Times: user=0.01 sys=0.00, real=0.01 secs] 
788.678: [GC (Allocation Failure) [PSYoungGen: 69597K->1584K(70144K)] 391793K->323780K(758272K), 0.0016216 secs] [Times: user=0.00 sys=0.00, real=0.00 secs] 
789.079: [GC (Allocation Failure) [PSYoungGen: 69680K->1597K(70144K)] 391876K->323793K(758272K), 0.0018101 secs] [Times: user=0.00 sys=0.00, real=0.00 secs] 
789.480: [GC (Allocation Failure) [PSYoungGen: 69693K->1565K(70144K)] 391889K->323769K(758272K), 0.0015578 secs] [Times: user=0.01 sys=0.00, real=0.00 secs] 
790.116: [GC (Allocation Failure) [PSYoungGen: 69661K->1440K(70144K)] 391865K->323644K(758272K), 0.0031445 secs] [Times: user=0.02 sys=0.00, real=0.01 secs] 
790.396: [GC (Allocation Failure) [PSYoungGen: 69536K->1408K(70144K)] 391740K->323620K(758272K), 0.0021244 secs] [Times: user=0.01 sys=0.00, real=0.01 secs] 
790.680: [GC (Allocation Failure) [PSYoungGen: 69504K->1408K(70144K)] 391716K->323620K(758272K), 0.0018658 secs] [Times: user=0.01 sys=0.00, real=0.00 secs] 
790.962: [GC (Allocation Failure) [PSYoungGen: 69504K->1408K(70144K)] 391716K->323620K(758272K), 0.0018596 secs] [Times: user=0.01 sys=0.01, real=0.00 secs] 
791.360: [GC (Allocation Failure) [PSYoungGen: 69504K->1517K(70144K)] 391716K->323737K(758272K), 0.0015539 secs] [Times: user=0.01 sys=0.00, real=0.00 secs] 
791.837: [GC (Allocation Failure) [PSYoungGen: 69613K->1629K(70144K)] 391833K->323849K(758272K), 0.0019273 secs] [Times: user=0.01 sys=0.00, real=0.01 secs] 
792.237: [GC (Allocation Failure) [PSYoungGen: 69725K->1517K(70144K)] 391945K->323737K(758272K), 0.0015699 secs] [Times: user=0.01 sys=0.00, real=0.01 secs] 
792.697: [GC (Allocation Failure) [PSYoungGen: 69613K->1613K(70144K)] 391833K->323849K(758272K), 0.0016202 secs] [Times: user=0.01 sys=0.00, real=0.00 secs] 
793.490: [GC (Allocation Failure) [PSYoungGen: 69709K->1440K(70144K)] 391945K->323676K(758272K), 0.0040004 secs] [Times: user=0.01 sys=0.01, real=0.00 secs] 
794.311: [GC (Allocation Failure) [PSYoungGen: 69536K->1408K(70144K)] 391772K->323644K(758272K), 0.0040858 secs] [Times: user=0.01 sys=0.00, real=0.00 secs] 
794.813: [GC (Allocation Failure) [PSYoungGen: 69504K->1376K(70144K)] 391740K->323612K(758272K), 0.0018595 secs] [Times: user=0.00 sys=0.00, real=0.00 secs] 
795.176: [GC (Allocation Failure) [PSYoungGen: 69472K->1392K(70144K)] 391708K->323628K(758272K), 0.0019312 secs] [Times: user=0.01 sys=0.00, real=0.01 secs] 
795.611: [GC (Allocation Failure) [PSYoungGen: 69488K->1584K(70144K)] 391724K->323820K(758272K), 0.0014891 secs] [Times: user=0.01 sys=0.00, real=0.00 secs] 
796.011: [GC (Allocation Failure) [PSYoungGen: 69680K->1565K(70144K)] 391916K->323801K(758272K), 0.0016728 secs] [Times: user=0.01 sys=0.00, real=0.00 secs] 
796.412: [GC (Allocation Failure) [PSYoungGen: 69661K->1629K(70144K)] 391897K->323865K(758272K), 0.0016571 secs] [Times: user=0.01 sys=0.00, real=0.00 secs] 
796.903: [GC (Allocation Failure) [PSYoungGen: 69725K->1536K(70144K)] 391961K->323772K(758272K), 0.0019211 secs] [Times: user=0.01 sys=0.00, real=0.00 secs] 
797.245: [GC (Allocation Failure) [PSYoungGen: 69632K->1376K(70144K)] 391868K->323612K(758272K), 0.0019234 secs] [Times: user=0.01 sys=0.00, real=0.00 secs] 
797.579: [GC (Allocation Failure) [PSYoungGen: 69472K->1376K(70144K)] 391708K->323612K(758272K), 0.0018474 secs] [Times: user=0.00 sys=0.00, real=0.00 secs] 
797.879: [GC (Allocation Failure) [PSYoungGen: 69472K->1392K(70144K)] 391708K->323628K(758272K), 0.0019906 secs] [Times: user=0.01 sys=0.00, real=0.00 secs] 
798.428: [GC (Allocation Failure) [PSYoungGen: 69488K->1520K(70144K)] 391724K->323764K(758272K), 0.0019006 secs] [Times: user=0.01 sys=0.00, real=0.00 secs] 
798.905: [GC (Allocation Failure) [PSYoungGen: 69616K->1552K(70144K)] 391860K->323796K(758272K), 0.0016259 secs] [Times: user=0.01 sys=0.00, real=0.00 secs] 
799.305: [GC (Allocation Failure) [PSYoungGen: 69648K->1552K(70144K)] 391892K->323796K(758272K), 0.0016102 secs] [Times: user=0.01 sys=0.00, real=0.01 secs] 
799.706: [GC (Allocation Failure) [PSYoungGen: 69648K->1552K(70144K)] 391892K->323796K(758272K), 0.0016214 secs] [Times: user=0.01 sys=0.00, real=0.01 secs] 
800.072: [GC (Allocation Failure) [PSYoungGen: 69648K->1456K(70144K)] 391892K->323724K(758272K), 0.0026605 secs] [Times: user=0.01 sys=0.00, real=0.00 secs] 
800.616: [GC (Allocation Failure) [PSYoungGen: 69552K->1424K(70144K)] 391820K->323692K(758272K), 0.0021328 secs] [Times: user=0.01 sys=0.00, real=0.01 secs] 
801.180: [GC (Allocation Failure) [PSYoungGen: 69520K->1440K(70144K)] 391788K->323708K(758272K), 0.0022673 secs] [Times: user=0.01 sys=0.00, real=0.00 secs] 
801.837: [GC (Allocation Failure) [PSYoungGen: 69536K->1376K(70144K)] 391804K->323644K(758272K), 0.0020611 secs] [Times: user=0.00 sys=0.00, real=0.00 secs] 
802.607: [GC (Allocation Failure) [PSYoungGen: 69472K->1517K(70144K)] 391740K->323785K(758272K), 0.0015326 secs] [Times: user=0.00 sys=0.00, real=0.00 secs] 
803.089: [GC (Allocation Failure) [PSYoungGen: 69613K->1597K(70144K)] 391881K->323865K(758272K), 0.0017999 secs] [Times: user=0.01 sys=0.00, real=0.00 secs] 
803.490: [GC (Allocation Failure) [PSYoungGen: 69693K->1517K(70144K)] 391961K->323785K(758272K), 0.0015932 secs] [Times: user=0.00 sys=0.00, real=0.00 secs] 
803.895: [GC (Allocation Failure) [PSYoungGen: 69613K->1584K(70144K)] 391881K->323876K(758272K), 0.0016030 secs] [Times: user=0.00 sys=0.00, real=0.00 secs] 
804.473: [GC (Allocation Failure) [PSYoungGen: 69680K->1472K(70144K)] 391972K->323764K(758272K), 0.0025316 secs] [Times: user=0.01 sys=0.00, real=0.00 secs] 
804.827: [GC (Allocation Failure) [PSYoungGen: 69568K->1376K(70144K)] 391860K->323668K(758272K), 0.0019949 secs] [Times: user=0.01 sys=0.00, real=0.00 secs] 
805.121: [GC (Allocation Failure) [PSYoungGen: 69472K->1424K(70144K)] 391764K->323716K(758272K), 0.0019362 secs] [Times: user=0.01 sys=0.00, real=0.00 secs] 
805.550: [GC (Allocation Failure) [PSYoungGen: 69520K->1408K(70144K)] 391812K->323700K(758272K), 0.0017148 secs] [Times: user=0.00 sys=0.01, real=0.00 secs] 
806.035: [GC (Allocation Failure) [PSYoungGen: 69504K->1520K(70144K)] 391796K->323812K(758272K), 0.0017239 secs] [Times: user=0.01 sys=0.00, real=0.01 secs] 
806.436: [GC (Allocation Failure) [PSYoungGen: 69616K->1629K(70144K)] 391908K->323921K(758272K), 0.0017308 secs] [Times: user=0.01 sys=0.00, real=0.01 secs] 
806.835: [GC (Allocation Failure) [PSYoungGen: 69706K->1565K(70144K)] 391998K->323857K(758272K), 0.0015418 secs] [Times: user=0.01 sys=0.00, real=0.00 secs] 
807.206: [GC (Allocation Failure) [PSYoungGen: 69661K->1520K(70144K)] 391953K->323812K(758272K), 0.0017351 secs] [Times: user=0.01 sys=0.00, real=0.01 secs] 
807.488: [GC (Allocation Failure) [PSYoungGen: 69616K->1424K(70144K)] 391908K->323716K(758272K), 0.0015990 secs] [Times: user=0.00 sys=0.00, real=0.00 secs] 
807.771: [GC (Allocation Failure) [PSYoungGen: 69520K->1376K(70144K)] 391812K->323668K(758272K), 0.0015783 secs] [Times: user=0.00 sys=0.00, real=0.00 secs] 
808.053: [GC (Allocation Failure) [PSYoungGen: 69472K->1408K(70144K)] 391764K->323700K(758272K), 0.0015125 secs] [Times: user=0.01 sys=0.00, real=0.00 secs] 
808.368: [GC (Allocation Failure) [PSYoungGen: 69504K->1485K(70144K)] 391796K->323785K(758272K), 0.0014051 secs] [Times: user=0.01 sys=0.00, real=0.00 secs] 
808.842: [GC (Allocation Failure) [PSYoungGen: 69550K->1549K(70144K)] 391850K->323849K(758272K), 0.0015994 secs] [Times: user=0.00 sys=0.00, real=0.00 secs] 
809.239: [GC (Allocation Failure) [PSYoungGen: 69645K->1584K(70144K)] 391945K->323908K(758272K), 0.0015674 secs] [Times: user=0.00 sys=0.00, real=0.00 secs] 
809.641: [GC (Allocation Failure) [PSYoungGen: 69680K->1584K(70144K)] 392004K->323908K(758272K), 0.0016113 secs] [Times: user=0.01 sys=0.00, real=0.00 secs] 
810.022: [GC (Allocation Failure) [PSYoungGen: 69680K->1456K(70144K)] 392004K->323780K(758272K), 0.0024408 secs] [Times: user=0.01 sys=0.00, real=0.00 secs] 
810.333: [GC (Allocation Failure) [PSYoungGen: 69552K->1392K(70144K)] 391876K->323716K(758272K), 0.0018740 secs] [Times: user=0.01 sys=0.00, real=0.00 secs] 
810.616: [GC (Allocation Failure) [PSYoungGen: 69488K->1376K(70144K)] 391812K->323700K(758272K), 0.0019934 secs] [Times: user=0.01 sys=0.00, real=0.01 secs] 
810.899: [GC (Allocation Failure) [PSYoungGen: 69472K->1376K(70144K)] 391796K->323700K(758272K), 0.0018992 secs] [Times: user=0.00 sys=0.00, real=0.00 secs] 
811.310: [GC (Allocation Failure) [PSYoungGen: 69472K->1517K(70144K)] 391796K->323841K(758272K), 0.0015454 secs] [Times: user=0.01 sys=0.00, real=0.00 secs] 
811.770: [GC (Allocation Failure) [PSYoungGen: 69600K->1549K(70144K)] 391924K->323873K(758272K), 0.0015796 secs] [Times: user=0.01 sys=0.00, real=0.00 secs] 
812.175: [GC (Allocation Failure) [PSYoungGen: 69629K->1584K(70144K)] 391953K->323908K(758272K), 0.0015522 secs] [Times: user=0.01 sys=0.00, real=0.00 secs] 
812.634: [GC (Allocation Failure) [PSYoungGen: 69674K->1581K(70144K)] 391998K->323921K(758272K), 0.0016365 secs] [Times: user=0.01 sys=0.00, real=0.00 secs] 
813.436: [GC (Allocation Failure) [PSYoungGen: 69677K->1440K(70144K)] 392017K->323788K(758272K), 0.0031966 secs] [Times: user=0.02 sys=0.00, real=0.01 secs] 
814.357: [GC (Allocation Failure) [PSYoungGen: 69536K->1440K(70144K)] 391884K->323788K(758272K), 0.0040499 secs] [Times: user=0.02 sys=0.00, real=0.00 secs] 
815.500: [GC (Allocation Failure) [PSYoungGen: 69536K->1408K(70144K)] 391884K->323756K(758272K), 0.0036845 secs] [Times: user=0.02 sys=0.01, real=0.00 secs] 
816.578: [GC (Allocation Failure) [PSYoungGen: 69504K->1408K(70144K)] 391852K->323756K(758272K), 0.0035212 secs] [Times: user=0.01 sys=0.00, real=0.00 secs] 
817.177: [GC (Allocation Failure) [PSYoungGen: 69504K->1517K(70144K)] 391852K->323865K(758272K), 0.0016823 secs] [Times: user=0.00 sys=0.00, real=0.00 secs] 
817.579: [GC (Allocation Failure) [PSYoungGen: 69613K->1616K(70144K)] 391961K->323964K(758272K), 0.0014990 secs] [Times: user=0.00 sys=0.00, real=0.00 secs] 
817.981: [GC (Allocation Failure) [PSYoungGen: 69712K->1616K(70144K)] 392060K->323964K(758272K), 0.0015975 secs] [Times: user=0.01 sys=0.00, real=0.00 secs] 
818.455: [GC (Allocation Failure) [PSYoungGen: 69712K->1552K(70144K)] 392060K->323900K(758272K), 0.0016878 secs] [Times: user=0.01 sys=0.00, real=0.00 secs] 
819.216: [GC (Allocation Failure) [PSYoungGen: 69648K->1408K(70144K)] 391996K->323756K(758272K), 0.0022907 secs] [Times: user=0.01 sys=0.01, real=0.01 secs] 
820.222: [GC (Allocation Failure) [PSYoungGen: 69504K->1376K(70144K)] 391852K->323724K(758272K), 0.0025567 secs] [Times: user=0.01 sys=0.00, real=0.00 secs] 
821.184: [GC (Allocation Failure) [PSYoungGen: 69472K->1392K(70144K)] 391820K->323740K(758272K), 0.0022626 secs] [Times: user=0.01 sys=0.00, real=0.00 secs] 
821.992: [GC (Allocation Failure) [PSYoungGen: 69436K->256K(70144K)] 391784K->322604K(758272K), 0.0026433 secs] [Times: user=0.01 sys=0.00, real=0.00 secs] 
822.471: [GC (Allocation Failure) [PSYoungGen: 68352K->1616K(70144K)] 390700K->323964K(758272K), 0.0015364 secs] [Times: user=0.00 sys=0.00, real=0.00 secs] 
822.873: [GC (Allocation Failure) [PSYoungGen: 69712K->1597K(70144K)] 392060K->323945K(758272K), 0.0015440 secs] [Times: user=0.00 sys=0.00, real=0.00 secs] 
823.278: [GC (Allocation Failure) [PSYoungGen: 69693K->1597K(70144K)] 392041K->323945K(758272K), 0.0015204 secs] [Times: user=0.00 sys=0.00, real=0.00 secs] 
823.774: [GC (Allocation Failure) [PSYoungGen: 69693K->1456K(70144K)] 392041K->323820K(758272K), 0.0020497 secs] [Times: user=0.01 sys=0.00, real=0.00 secs] 
824.367: [GC (Allocation Failure) [PSYoungGen: 69552K->1440K(70144K)] 391916K->323804K(758272K), 0.0017895 secs] [Times: user=0.00 sys=0.00, real=0.00 secs] 
824.994: [GC (Allocation Failure) [PSYoungGen: 69536K->1408K(70144K)] 391900K->323772K(758272K), 0.0019418 secs] [Times: user=0.01 sys=0.00, real=0.00 secs] 
825.579: [GC (Allocation Failure) [PSYoungGen: 69504K->1408K(70144K)] 391868K->323772K(758272K), 0.0018358 secs] [Times: user=0.00 sys=0.00, real=0.00 secs] 
826.171: [GC (Allocation Failure) [PSYoungGen: 69504K->1437K(70144K)] 391868K->323801K(758272K), 0.0016222 secs] [Times: user=0.00 sys=0.00, real=0.00 secs] 
826.572: [GC (Allocation Failure) [PSYoungGen: 69533K->1565K(70144K)] 391897K->323929K(758272K), 0.0016416 secs] [Times: user=0.00 sys=0.00, real=0.00 secs] 
826.972: [GC (Allocation Failure) [PSYoungGen: 69661K->1597K(70144K)] 392025K->323961K(758272K), 0.0015663 secs] [Times: user=0.01 sys=0.00, real=0.00 secs] 
827.373: [GC (Allocation Failure) [PSYoungGen: 69693K->1517K(70144K)] 392057K->323905K(758272K), 0.0015233 secs] [Times: user=0.01 sys=0.00, real=0.00 secs] 
827.921: [GC (Allocation Failure) [PSYoungGen: 69613K->1376K(70144K)] 392001K->323764K(758272K), 0.0016386 secs] [Times: user=0.01 sys=0.00, real=0.00 secs] 
828.474: [GC (Allocation Failure) [PSYoungGen: 69472K->1376K(70144K)] 391860K->323764K(758272K), 0.0017646 secs] [Times: user=0.01 sys=0.00, real=0.00 secs] 
829.099: [GC (Allocation Failure) [PSYoungGen: 69472K->1376K(70144K)] 391860K->323764K(758272K), 0.0021612 secs] [Times: user=0.01 sys=0.00, real=0.00 secs] 
829.557: [GC (Allocation Failure) [PSYoungGen: 69472K->1376K(70144K)] 391860K->323764K(758272K), 0.0022249 secs] [Times: user=0.01 sys=0.00, real=0.01 secs] 
830.021: [GC (Allocation Failure) [PSYoungGen: 69472K->1517K(70144K)] 391860K->323905K(758272K), 0.0014827 secs] [Times: user=0.01 sys=0.00, real=0.00 secs] 
830.421: [GC (Allocation Failure) [PSYoungGen: 69613K->1552K(70144K)] 392001K->323940K(758272K), 0.0015457 secs] [Times: user=0.00 sys=0.00, real=0.00 secs] 
830.819: [GC (Allocation Failure) [PSYoungGen: 69648K->1584K(70144K)] 392036K->323996K(758272K), 0.0017692 secs] [Times: user=0.01 sys=0.00, real=0.00 secs] 
831.354: [GC (Allocation Failure) [PSYoungGen: 69680K->1600K(70144K)] 392092K->324012K(758272K), 0.0017786 secs] [Times: user=0.01 sys=0.00, real=0.00 secs] 
832.141: [GC (Allocation Failure) [PSYoungGen: 69696K->1408K(70144K)] 392108K->323820K(758272K), 0.0022809 secs] [Times: user=0.01 sys=0.00, real=0.00 secs] 
832.525: [GC (Allocation Failure) [PSYoungGen: 69504K->1376K(70144K)] 391916K->323788K(758272K), 0.0023562 secs] [Times: user=0.01 sys=0.00, real=0.01 secs] 
832.827: [GC (Allocation Failure) [PSYoungGen: 69472K->1408K(70144K)] 391884K->323820K(758272K), 0.0018973 secs] [Times: user=0.01 sys=0.00, real=0.00 secs] 
833.140: [GC (Allocation Failure) [PSYoungGen: 69504K->1376K(70144K)] 391916K->323788K(758272K), 0.0019693 secs] [Times: user=0.00 sys=0.00, real=0.00 secs] 
833.629: [GC (Allocation Failure) [PSYoungGen: 69465K->1584K(70144K)] 391877K->323996K(758272K), 0.0017758 secs] [Times: user=0.01 sys=0.00, real=0.00 secs] 
834.033: [GC (Allocation Failure) [PSYoungGen: 69680K->1565K(70144K)] 392092K->323977K(758272K), 0.0015721 secs] [Times: user=0.01 sys=0.00, real=0.00 secs] 
834.435: [GC (Allocation Failure) [PSYoungGen: 69661K->1597K(70144K)] 392073K->324009K(758272K), 0.0016036 secs] [Times: user=0.01 sys=0.00, real=0.01 secs] 
835.382: [GC (Allocation Failure) [PSYoungGen: 69693K->1488K(70144K)] 392105K->323900K(758272K), 0.0024180 secs] [Times: user=0.01 sys=0.00, real=0.00 secs] 
836.954: [GC (Allocation Failure) [PSYoungGen: 69584K->1408K(70144K)] 391996K->323820K(758272K), 0.0037829 secs] [Times: user=0.02 sys=0.00, real=0.01 secs] 
837.657: [GC (Allocation Failure) [PSYoungGen: 69504K->1408K(70144K)] 391916K->323820K(758272K), 0.0022764 secs] [Times: user=0.01 sys=0.00, real=0.00 secs] 
838.238: [GC (Allocation Failure) [PSYoungGen: 69504K->1376K(70144K)] 391916K->323788K(758272K), 0.0024709 secs] [Times: user=0.01 sys=0.00, real=0.00 secs] 
838.723: [GC (Allocation Failure) [PSYoungGen: 69472K->1501K(70144K)] 391884K->323913K(758272K), 0.0015034 secs] [Times: user=0.01 sys=0.00, real=0.00 secs] 
839.127: [GC (Allocation Failure) [PSYoungGen: 69597K->1581K(70144K)] 392009K->323993K(758272K), 0.0016255 secs] [Times: user=0.00 sys=0.00, real=0.00 secs] 
839.530: [GC (Allocation Failure) [PSYoungGen: 69669K->1581K(70144K)] 392081K->323993K(758272K), 0.0015574 secs] [Times: user=0.01 sys=0.00, real=0.00 secs] 
839.929: [GC (Allocation Failure) [PSYoungGen: 69677K->1581K(70144K)] 392089K->324009K(758272K), 0.0015417 secs] [Times: user=0.00 sys=0.00, real=0.00 secs] 
840.524: [GC (Allocation Failure) [PSYoungGen: 69677K->1472K(70144K)] 392105K->323900K(758272K), 0.0019785 secs] [Times: user=0.01 sys=0.00, real=0.00 secs] 
840.992: [GC (Allocation Failure) [PSYoungGen: 69568K->1376K(70144K)] 391996K->323804K(758272K), 0.0019229 secs] [Times: user=0.01 sys=0.00, real=0.00 secs] 
841.437: [GC (Allocation Failure) [PSYoungGen: 69472K->1440K(70144K)] 391900K->323868K(758272K), 0.0019290 secs] [Times: user=0.01 sys=0.00, real=0.01 secs] 
842.033: [GC (Allocation Failure) [PSYoungGen: 69536K->1408K(70144K)] 391964K->323836K(758272K), 0.0024277 secs] [Times: user=0.01 sys=0.00, real=0.00 secs] 
842.624: [GC (Allocation Failure) [PSYoungGen: 69504K->1549K(70144K)] 391932K->324009K(758272K), 0.0015646 secs] [Times: user=0.00 sys=0.00, real=0.00 secs] 
843.036: [GC (Allocation Failure) [PSYoungGen: 69645K->1581K(70144K)] 392105K->324041K(758272K), 0.0017354 secs] [Times: user=0.00 sys=0.00, real=0.01 secs] 
843.434: [GC (Allocation Failure) [PSYoungGen: 69668K->1613K(70144K)] 392128K->324073K(758272K), 0.0015388 secs] [Times: user=0.00 sys=0.00, real=0.00 secs] 
843.889: [GC (Allocation Failure) [PSYoungGen: 69709K->1581K(70144K)] 392169K->324065K(758272K), 0.0015683 secs] [Times: user=0.01 sys=0.00, real=0.00 secs] 
844.324: [GC (Allocation Failure) [PSYoungGen: 69677K->1408K(70144K)] 392161K->323892K(758272K), 0.0018776 secs] [Times: user=0.00 sys=0.00, real=0.00 secs] 
844.607: [GC (Allocation Failure) [PSYoungGen: 69504K->1392K(70144K)] 391988K->323876K(758272K), 0.0017070 secs] [Times: user=0.01 sys=0.00, real=0.00 secs] 
844.924: [GC (Allocation Failure) [PSYoungGen: 69488K->1408K(70144K)] 391972K->323892K(758272K), 0.0019490 secs] [Times: user=0.01 sys=0.00, real=0.00 secs] 
845.207: [GC (Allocation Failure) [PSYoungGen: 69504K->1440K(70144K)] 391988K->323924K(758272K), 0.0020178 secs] [Times: user=0.01 sys=0.00, real=0.00 secs] 
845.617: [GC (Allocation Failure) [PSYoungGen: 69536K->1613K(70144K)] 392020K->324097K(758272K), 0.0015402 secs] [Times: user=0.01 sys=0.00, real=0.01 secs] 
846.015: [GC (Allocation Failure) [PSYoungGen: 69692K->1581K(70144K)] 392176K->324065K(758272K), 0.0015782 secs] [Times: user=0.00 sys=0.00, real=0.00 secs] 
846.413: [GC (Allocation Failure) [PSYoungGen: 69658K->1597K(70144K)] 392142K->324081K(758272K), 0.0016398 secs] [Times: user=0.01 sys=0.00, real=0.00 secs] 
847.035: [GC (Allocation Failure) [PSYoungGen: 69693K->1488K(70144K)] 392177K->323980K(758272K), 0.0021052 secs] [Times: user=0.01 sys=0.00, real=0.00 secs] 
847.725: [GC (Allocation Failure) [PSYoungGen: 69584K->1408K(70144K)] 392076K->323900K(758272K), 0.0026715 secs] [Times: user=0.01 sys=0.00, real=0.01 secs] 
848.288: [GC (Allocation Failure) [PSYoungGen: 69504K->1408K(70144K)] 391996K->323900K(758272K), 0.0020700 secs] [Times: user=0.01 sys=0.00, real=0.00 secs] 
848.678: [GC (Allocation Failure) [PSYoungGen: 69504K->1376K(70144K)] 391996K->323868K(758272K), 0.0018416 secs] [Times: user=0.01 sys=0.00, real=0.00 secs] 
849.168: [GC (Allocation Failure) [PSYoungGen: 69472K->1488K(70144K)] 391964K->323980K(758272K), 0.0018910 secs] [Times: user=0.01 sys=0.00, real=0.00 secs] 
849.589: [GC (Allocation Failure) [PSYoungGen: 69584K->1565K(70144K)] 392076K->324057K(758272K), 0.0015790 secs] [Times: user=0.00 sys=0.00, real=0.00 secs] 
849.987: [GC (Allocation Failure) [PSYoungGen: 69644K->1613K(70144K)] 392136K->324137K(758272K), 0.0015591 secs] [Times: user=0.01 sys=0.00, real=0.00 secs] 
850.385: [GC (Allocation Failure) [PSYoungGen: 69690K->1533K(70144K)] 392215K->324057K(758272K), 0.0016663 secs] [Times: user=0.01 sys=0.00, real=0.00 secs] 
851.705: [GC (Allocation Failure) [PSYoungGen: 69629K->1472K(70144K)] 392153K->323996K(758272K), 0.0023997 secs] [Times: user=0.01 sys=0.00, real=0.01 secs] 
852.475: [GC (Allocation Failure) [PSYoungGen: 69568K->1376K(70144K)] 392092K->323900K(758272K), 0.0021953 secs] [Times: user=0.01 sys=0.00, real=0.01 secs] 
853.225: [GC (Allocation Failure) [PSYoungGen: 69472K->1376K(70144K)] 391996K->323900K(758272K), 0.0021128 secs] [Times: user=0.01 sys=0.00, real=0.01 secs] 
853.901: [GC (Allocation Failure) [PSYoungGen: 69472K->1376K(70144K)] 391996K->323900K(758272K), 0.0022166 secs] [Times: user=0.01 sys=0.00, real=0.00 secs] 
854.467: [GC (Allocation Failure) [PSYoungGen: 69472K->1565K(70144K)] 391996K->324089K(758272K), 0.0015108 secs] [Times: user=0.00 sys=0.00, real=0.00 secs] 
854.869: [GC (Allocation Failure) [PSYoungGen: 69661K->1568K(70144K)] 392185K->324092K(758272K), 0.0016059 secs] [Times: user=0.00 sys=0.00, real=0.00 secs] 
855.270: [GC (Allocation Failure) [PSYoungGen: 69664K->1581K(70144K)] 392188K->324105K(758272K), 0.0015863 secs] [Times: user=0.01 sys=0.00, real=0.00 secs] 
855.670: [GC (Allocation Failure) [PSYoungGen: 69677K->1568K(70144K)] 392201K->324116K(758272K), 0.0019790 secs] [Times: user=0.01 sys=0.00, real=0.00 secs] 
856.077: [GC (Allocation Failure) [PSYoungGen: 69664K->1408K(70144K)] 392212K->323964K(758272K), 0.0018443 secs] [Times: user=0.01 sys=0.00, real=0.00 secs] 
856.483: [GC (Allocation Failure) [PSYoungGen: 69504K->1408K(70144K)] 392060K->323964K(758272K), 0.0018499 secs] [Times: user=0.01 sys=0.00, real=0.00 secs] 
856.926: [GC (Allocation Failure) [PSYoungGen: 69504K->1408K(70144K)] 392060K->323972K(758272K), 0.0020716 secs] [Times: user=0.01 sys=0.00, real=0.01 secs] 
857.491: [GC (Allocation Failure) [PSYoungGen: 69504K->1424K(70144K)] 392068K->323996K(758272K), 0.0020996 secs] [Times: user=0.01 sys=0.00, real=0.00 secs] 
858.021: [GC (Allocation Failure) [PSYoungGen: 69520K->1520K(70144K)] 392092K->324092K(758272K), 0.0015136 secs] [Times: user=0.00 sys=0.00, real=0.00 secs] 
858.424: [GC (Allocation Failure) [PSYoungGen: 69616K->1584K(70144K)] 392188K->324156K(758272K), 0.0018807 secs] [Times: user=0.01 sys=0.00, real=0.00 secs] 
858.824: [GC (Allocation Failure) [PSYoungGen: 69660K->1581K(70144K)] 392232K->324153K(758272K), 0.0015402 secs] [Times: user=0.01 sys=0.00, real=0.00 secs] 
859.255: [GC (Allocation Failure) [PSYoungGen: 69677K->2016K(70144K)] 392249K->324596K(758272K), 0.0017319 secs] [Times: user=0.01 sys=0.00, real=0.01 secs] 
859.545: [GC (Allocation Failure) [PSYoungGen: 70112K->1344K(70144K)] 392692K->323924K(758272K), 0.0016973 secs] [Times: user=0.01 sys=0.00, real=0.00 secs] 
859.827: [GC (Allocation Failure) [PSYoungGen: 69440K->1408K(70144K)] 392020K->323988K(758272K), 0.0019591 secs] [Times: user=0.00 sys=0.00, real=0.00 secs] 
860.112: [GC (Allocation Failure) [PSYoungGen: 69504K->1376K(70144K)] 392084K->323980K(758272K), 0.0022147 secs] [Times: user=0.00 sys=0.00, real=0.00 secs] 
860.554: [GC (Allocation Failure) [PSYoungGen: 69472K->1437K(70144K)] 392076K->324041K(758272K), 0.0024480 secs] [Times: user=0.01 sys=0.00, real=0.00 secs] 
861.019: [GC (Allocation Failure) [PSYoungGen: 69533K->1520K(70144K)] 392137K->324124K(758272K), 0.0015964 secs] [Times: user=0.00 sys=0.00, real=0.00 secs] 
861.420: [GC (Allocation Failure) [PSYoungGen: 69616K->1613K(70144K)] 392220K->324217K(758272K), 0.0015732 secs] [Times: user=0.00 sys=0.00, real=0.00 secs] 
861.821: [GC (Allocation Failure) [PSYoungGen: 69709K->1488K(70144K)] 392313K->324092K(758272K), 0.0015765 secs] [Times: user=0.00 sys=0.00, real=0.00 secs] 
862.315: [GC (Allocation Failure) [PSYoungGen: 69584K->1488K(70144K)] 392188K->324092K(758272K), 0.0018010 secs] [Times: user=0.01 sys=0.00, real=0.00 secs] 
862.992: [GC (Allocation Failure) [PSYoungGen: 69584K->1408K(70144K)] 392188K->324012K(758272K), 0.0030806 secs] [Times: user=0.02 sys=0.00, real=0.00 secs] 
863.805: [GC (Allocation Failure) [PSYoungGen: 69504K->1408K(70144K)] 392108K->324012K(758272K), 0.0035174 secs] [Times: user=0.02 sys=0.00, real=0.01 secs] 
864.585: [GC (Allocation Failure) [PSYoungGen: 69504K->1376K(70144K)] 392108K->323980K(758272K), 0.0031760 secs] [Times: user=0.02 sys=0.00, real=0.01 secs] 
865.316: [GC (Allocation Failure) [PSYoungGen: 69472K->1485K(70144K)] 392076K->324089K(758272K), 0.0014635 secs] [Times: user=0.01 sys=0.00, real=0.01 secs] 
865.717: [GC (Allocation Failure) [PSYoungGen: 69581K->1613K(70144K)] 392185K->324217K(758272K), 0.0015862 secs] [Times: user=0.00 sys=0.00, real=0.00 secs] 
866.117: [GC (Allocation Failure) [PSYoungGen: 69709K->1613K(70144K)] 392313K->324217K(758272K), 0.0015585 secs] [Times: user=0.00 sys=0.00, real=0.00 secs] 
866.516: [GC (Allocation Failure) [PSYoungGen: 69709K->1581K(70144K)] 392313K->324209K(758272K), 0.0015669 secs] [Times: user=0.01 sys=0.00, real=0.01 secs] 
867.131: [GC (Allocation Failure) [PSYoungGen: 69677K->1472K(70144K)] 392305K->324100K(758272K), 0.0019112 secs] [Times: user=0.01 sys=0.00, real=0.00 secs] 
867.711: [GC (Allocation Failure) [PSYoungGen: 69568K->1408K(70144K)] 392196K->324036K(758272K), 0.0019756 secs] [Times: user=0.01 sys=0.00, real=0.00 secs] 
868.333: [GC (Allocation Failure) [PSYoungGen: 69504K->1376K(70144K)] 392132K->324004K(758272K), 0.0021431 secs] [Times: user=0.01 sys=0.00, real=0.00 secs] 
868.948: [GC (Allocation Failure) [PSYoungGen: 69472K->1408K(70144K)] 392100K->324036K(758272K), 0.0022065 secs] [Times: user=0.01 sys=0.00, real=0.00 secs] 
869.538: [GC (Allocation Failure) [PSYoungGen: 69504K->1517K(70144K)] 392132K->324145K(758272K), 0.0015745 secs] [Times: user=0.00 sys=0.00, real=0.00 secs] 
869.942: [GC (Allocation Failure) [PSYoungGen: 69613K->1552K(70144K)] 392241K->324180K(758272K), 0.0015148 secs] [Times: user=0.01 sys=0.00, real=0.00 secs] 
870.339: [GC (Allocation Failure) [PSYoungGen: 69648K->1616K(70144K)] 392276K->324244K(758272K), 0.0018551 secs] [Times: user=0.01 sys=0.00, real=0.00 secs] 
870.767: [GC (Allocation Failure) [PSYoungGen: 69712K->1792K(70144K)] 392340K->324420K(758272K), 0.0016713 secs] [Times: user=0.01 sys=0.00, real=0.00 secs] 
871.350: [GC (Allocation Failure) [PSYoungGen: 69888K->1440K(70144K)] 392516K->324068K(758272K), 0.0017392 secs] [Times: user=0.01 sys=0.00, real=0.00 secs] 
871.864: [GC (Allocation Failure) [PSYoungGen: 69536K->1408K(70144K)] 392164K->324044K(758272K), 0.0017840 secs] [Times: user=0.01 sys=0.00, real=0.00 secs] 
872.339: [GC (Allocation Failure) [PSYoungGen: 69504K->1376K(70144K)] 392140K->324012K(758272K), 0.0017752 secs] [Times: user=0.01 sys=0.00, real=0.00 secs] 
872.906: [GC (Allocation Failure) [PSYoungGen: 69472K->1376K(70144K)] 392108K->324012K(758272K), 0.0021734 secs] [Times: user=0.00 sys=0.00, real=0.01 secs] 
873.348: [GC (Allocation Failure) [PSYoungGen: 69472K->1613K(70144K)] 392108K->324249K(758272K), 0.0015660 secs] [Times: user=0.01 sys=0.00, real=0.00 secs] 
873.759: [GC (Allocation Failure) [PSYoungGen: 69709K->1581K(70144K)] 392345K->324217K(758272K), 0.0015833 secs] [Times: user=0.01 sys=0.00, real=0.00 secs] 
874.161: [GC (Allocation Failure) [PSYoungGen: 69677K->1581K(70144K)] 392313K->324217K(758272K), 0.0016715 secs] [Times: user=0.01 sys=0.00, real=0.00 secs] 
874.575: [GC (Allocation Failure) [PSYoungGen: 69677K->1472K(70144K)] 392313K->324108K(758272K), 0.0016783 secs] [Times: user=0.01 sys=0.00, real=0.00 secs] 
874.868: [GC (Allocation Failure) [PSYoungGen: 69568K->1392K(70144K)] 392204K->324028K(758272K), 0.0015507 secs] [Times: user=0.00 sys=0.00, real=0.00 secs] 
875.389: [GC (Allocation Failure) [PSYoungGen: 69488K->1376K(70144K)] 392124K->324012K(758272K), 0.0019910 secs] [Times: user=0.00 sys=0.00, real=0.00 secs] 
876.237: [GC (Allocation Failure) [PSYoungGen: 69472K->1440K(70144K)] 392108K->324076K(758272K), 0.0031344 secs] [Times: user=0.02 sys=0.01, real=0.00 secs] 
877.095: [GC (Allocation Failure) [PSYoungGen: 69536K->1520K(70144K)] 392172K->324156K(758272K), 0.0020831 secs] [Times: user=0.01 sys=0.00, real=0.00 secs] 
877.500: [GC (Allocation Failure) [PSYoungGen: 69616K->1568K(70144K)] 392252K->324204K(758272K), 0.0015324 secs] [Times: user=0.01 sys=0.00, real=0.00 secs] 
877.959: [GC (Allocation Failure) [PSYoungGen: 69648K->1581K(70144K)] 392284K->324217K(758272K), 0.0015689 secs] [Times: user=0.00 sys=0.00, real=0.00 secs] 
878.357: [GC (Allocation Failure) [PSYoungGen: 69662K->1533K(70144K)] 392299K->324185K(758272K), 0.0017878 secs] [Times: user=0.00 sys=0.00, real=0.00 secs] 
878.776: [GC (Allocation Failure) [PSYoungGen: 69629K->1440K(70144K)] 392281K->324092K(758272K), 0.0023450 secs] [Times: user=0.01 sys=0.00, real=0.01 secs] 
879.083: [GC (Allocation Failure) [PSYoungGen: 69536K->1408K(70144K)] 392188K->324060K(758272K), 0.0020568 secs] [Times: user=0.01 sys=0.00, real=0.00 secs] 
879.366: [GC (Allocation Failure) [PSYoungGen: 69504K->1376K(70144K)] 392156K->324028K(758272K), 0.0019412 secs] [Times: user=0.01 sys=0.00, real=0.01 secs] 
879.649: [GC (Allocation Failure) [PSYoungGen: 69472K->1376K(70144K)] 392124K->324028K(758272K), 0.0018478 secs] [Times: user=0.00 sys=0.00, real=0.00 secs] 
880.049: [GC (Allocation Failure) [PSYoungGen: 69472K->1549K(70144K)] 392124K->324233K(758272K), 0.0014860 secs] [Times: user=0.01 sys=0.00, real=0.00 secs] 
880.449: [GC (Allocation Failure) [PSYoungGen: 69645K->1549K(70144K)] 392329K->324233K(758272K), 0.0018607 secs] [Times: user=0.01 sys=0.00, real=0.00 secs] 
880.853: [GC (Allocation Failure) [PSYoungGen: 69645K->1581K(70144K)] 392329K->324265K(758272K), 0.0015471 secs] [Times: user=0.01 sys=0.00, real=0.00 secs] 
881.261: [GC (Allocation Failure) [PSYoungGen: 69677K->1552K(70144K)] 392361K->324268K(758272K), 0.0015637 secs] [Times: user=0.01 sys=0.00, real=0.00 secs] 
882.258: [GC (Allocation Failure) [PSYoungGen: 69648K->1456K(70144K)] 392364K->324172K(758272K), 0.0021222 secs] [Times: user=0.01 sys=0.00, real=0.00 secs] 
883.200: [GC (Allocation Failure) [PSYoungGen: 69552K->1376K(70144K)] 392268K->324092K(758272K), 0.0018581 secs] [Times: user=0.01 sys=0.00, real=0.00 secs] 
884.148: [GC (Allocation Failure) [PSYoungGen: 69472K->1376K(70144K)] 392188K->324092K(758272K), 0.0025549 secs] [Times: user=0.01 sys=0.00, real=0.00 secs] 
885.116: [GC (Allocation Failure) [PSYoungGen: 69472K->1344K(70144K)] 392188K->324060K(758272K), 0.0027485 secs] [Times: user=0.01 sys=0.00, real=0.01 secs] 
885.699: [GC (Allocation Failure) [PSYoungGen: 69440K->1597K(70144K)] 392156K->324313K(758272K), 0.0018552 secs] [Times: user=0.01 sys=0.00, real=0.00 secs] 
886.101: [GC (Allocation Failure) [PSYoungGen: 69693K->1581K(70144K)] 392409K->324297K(758272K), 0.0016240 secs] [Times: user=0.00 sys=0.00, real=0.00 secs] 
886.502: [GC (Allocation Failure) [PSYoungGen: 69677K->1581K(70144K)] 392393K->324297K(758272K), 0.0019650 secs] [Times: user=0.01 sys=0.00, real=0.00 secs] 
887.084: [GC (Allocation Failure) [PSYoungGen: 69677K->1408K(70144K)] 392393K->324124K(758272K), 0.0017911 secs] [Times: user=0.01 sys=0.00, real=0.00 secs] 
887.857: [GC (Allocation Failure) [PSYoungGen: 69504K->1392K(70144K)] 392220K->324108K(758272K), 0.0020638 secs] [Times: user=0.01 sys=0.00, real=0.00 secs] 
888.534: [GC (Allocation Failure) [PSYoungGen: 69488K->1424K(70144K)] 392204K->324140K(758272K), 0.0022178 secs] [Times: user=0.01 sys=0.00, real=0.00 secs] 
889.092: [GC (Allocation Failure) [PSYoungGen: 69520K->1376K(70144K)] 392236K->324092K(758272K), 0.0020093 secs] [Times: user=0.01 sys=0.00, real=0.00 secs] 
889.636: [GC (Allocation Failure) [PSYoungGen: 69472K->1501K(70144K)] 392188K->324217K(758272K), 0.0014014 secs] [Times: user=0.01 sys=0.00, real=0.01 secs] 
890.095: [GC (Allocation Failure) [PSYoungGen: 69597K->1584K(70144K)] 392313K->324300K(758272K), 0.0016610 secs] [Times: user=0.00 sys=0.00, real=0.01 secs] 
890.498: [GC (Allocation Failure) [PSYoungGen: 69680K->1549K(70144K)] 392396K->324265K(758272K), 0.0015857 secs] [Times: user=0.01 sys=0.00, real=0.00 secs] 
890.901: [GC (Allocation Failure) [PSYoungGen: 69645K->1613K(70144K)] 392361K->324329K(758272K), 0.0015679 secs] [Times: user=0.01 sys=0.00, real=0.00 secs] 
891.585: [GC (Allocation Failure) [PSYoungGen: 69709K->1408K(70144K)] 392425K->324124K(758272K), 0.0040949 secs] [Times: user=0.01 sys=0.00, real=0.01 secs] 
892.209: [GC (Allocation Failure) [PSYoungGen: 69504K->1408K(70144K)] 392220K->324124K(758272K), 0.0020723 secs] [Times: user=0.01 sys=0.00, real=0.00 secs] 
892.935: [GC (Allocation Failure) [PSYoungGen: 69504K->1408K(70144K)] 392220K->324148K(758272K), 0.0021123 secs] [Times: user=0.01 sys=0.01, real=0.01 secs] 
893.628: [GC (Allocation Failure) [PSYoungGen: 69504K->1408K(70144K)] 392244K->324148K(758272K), 0.0022252 secs] [Times: user=0.01 sys=0.00, real=0.00 secs] 
894.256: [GC (Allocation Failure) [PSYoungGen: 69504K->1549K(70144K)] 392244K->324289K(758272K), 0.0014805 secs] [Times: user=0.00 sys=0.00, real=0.01 secs] 
894.661: [GC (Allocation Failure) [PSYoungGen: 69645K->1616K(70144K)] 392385K->324356K(758272K), 0.0016748 secs] [Times: user=0.01 sys=0.00, real=0.00 secs] 
895.062: [GC (Allocation Failure) [PSYoungGen: 69712K->1549K(70144K)] 392452K->324289K(758272K), 0.0016164 secs] [Times: user=0.01 sys=0.00, real=0.00 secs] 
895.463: [GC (Allocation Failure) [PSYoungGen: 69645K->1565K(70144K)] 392385K->324321K(758272K), 0.0016886 secs] [Times: user=0.00 sys=0.00, real=0.00 secs] 
896.587: [GC (Allocation Failure) [PSYoungGen: 69661K->1440K(70144K)] 392417K->324196K(758272K), 0.0038129 secs] [Times: user=0.01 sys=0.00, real=0.00 secs] 
897.486: [GC (Allocation Failure) [PSYoungGen: 69536K->1376K(70144K)] 392292K->324132K(758272K), 0.0039818 secs] [Times: user=0.02 sys=0.00, real=0.01 secs] 
898.489: [GC (Allocation Failure) [PSYoungGen: 69472K->1376K(70144K)] 392228K->324132K(758272K), 0.0037008 secs] [Times: user=0.01 sys=0.01, real=0.00 secs] 
899.209: [GC (Allocation Failure) [PSYoungGen: 69472K->1344K(70144K)] 392228K->324100K(758272K), 0.0034557 secs] [Times: user=0.02 sys=0.00, real=0.00 secs] 
899.838: [GC (Allocation Failure) [PSYoungGen: 69440K->1613K(70144K)] 392196K->324369K(758272K), 0.0015459 secs] [Times: user=0.01 sys=0.00, real=0.00 secs] 
900.239: [GC (Allocation Failure) [PSYoungGen: 69709K->1552K(70144K)] 392465K->324308K(758272K), 0.0015852 secs] [Times: user=0.00 sys=0.00, real=0.00 secs] 
900.639: [GC (Allocation Failure) [PSYoungGen: 69648K->1584K(70144K)] 392404K->324340K(758272K), 0.0015847 secs] [Times: user=0.01 sys=0.00, real=0.00 secs] 
901.383: [GC (Allocation Failure) [PSYoungGen: 69680K->1472K(70144K)] 392436K->324228K(758272K), 0.0040344 secs] [Times: user=0.01 sys=0.00, real=0.01 secs] 
902.548: [GC (Allocation Failure) [PSYoungGen: 69568K->1392K(70144K)] 392324K->324148K(758272K), 0.0039150 secs] [Times: user=0.01 sys=0.00, real=0.00 secs] 
903.610: [GC (Allocation Failure) [PSYoungGen: 69488K->1440K(70144K)] 392244K->324196K(758272K), 0.0032222 secs] [Times: user=0.01 sys=0.00, real=0.00 secs] 
904.503: [GC (Allocation Failure) [PSYoungGen: 69536K->1376K(70144K)] 392292K->324140K(758272K), 0.0037735 secs] [Times: user=0.01 sys=0.00, real=0.01 secs] 
905.120: [GC (Allocation Failure) [PSYoungGen: 69472K->1437K(70144K)] 392236K->324201K(758272K), 0.0020957 secs] [Times: user=0.01 sys=0.01, real=0.00 secs] 
905.562: [GC (Allocation Failure) [PSYoungGen: 69533K->1584K(70144K)] 392297K->324348K(758272K), 0.0015177 secs] [Times: user=0.01 sys=0.00, real=0.00 secs] 
905.964: [GC (Allocation Failure) [PSYoungGen: 69680K->1616K(70144K)] 392444K->324380K(758272K), 0.0017892 secs] [Times: user=0.01 sys=0.00, real=0.00 secs] 
906.364: [GC (Allocation Failure) [PSYoungGen: 69712K->1581K(70144K)] 392476K->324345K(758272K), 0.0017546 secs] [Times: user=0.01 sys=0.00, real=0.00 secs] 
906.833: [GC (Allocation Failure) [PSYoungGen: 69677K->1472K(70144K)] 392441K->324236K(758272K), 0.0019744 secs] [Times: user=0.01 sys=0.00, real=0.00 secs] 
907.118: [GC (Allocation Failure) [PSYoungGen: 69568K->1408K(70144K)] 392332K->324172K(758272K), 0.0021101 secs] [Times: user=0.01 sys=0.00, real=0.00 secs] 
907.467: [GC (Allocation Failure) [PSYoungGen: 69504K->1408K(70144K)] 392268K->324172K(758272K), 0.0025340 secs] [Times: user=0.01 sys=0.00, real=0.00 secs] 
907.796: [GC (Allocation Failure) [PSYoungGen: 69504K->1408K(70144K)] 392268K->324172K(758272K), 0.0019984 secs] [Times: user=0.00 sys=0.00, real=0.01 secs] 
908.198: [GC (Allocation Failure) [PSYoungGen: 69504K->1533K(70144K)] 392268K->324297K(758272K), 0.0014605 secs] [Times: user=0.01 sys=0.00, real=0.00 secs] 
908.597: [GC (Allocation Failure) [PSYoungGen: 69619K->1613K(70144K)] 392383K->324377K(758272K), 0.0015501 secs] [Times: user=0.01 sys=0.00, real=0.00 secs] 
908.995: [GC (Allocation Failure) [PSYoungGen: 69686K->1549K(70144K)] 392450K->324313K(758272K), 0.0015267 secs] [Times: user=0.01 sys=0.00, real=0.00 secs] 
909.454: [GC (Allocation Failure) [PSYoungGen: 69637K->1552K(70144K)] 392401K->324324K(758272K), 0.0019065 secs] [Times: user=0.01 sys=0.00, real=0.00 secs] 
910.170: [GC (Allocation Failure) [PSYoungGen: 69648K->1440K(70144K)] 392420K->324212K(758272K), 0.0025915 secs] [Times: user=0.01 sys=0.00, real=0.00 secs] 
911.037: [GC (Allocation Failure) [PSYoungGen: 69536K->1440K(70144K)] 392308K->324236K(758272K), 0.0026884 secs] [Times: user=0.01 sys=0.00, real=0.00 secs] 
911.642: [GC (Allocation Failure) [PSYoungGen: 69536K->1376K(70144K)] 392332K->324172K(758272K), 0.0026872 secs] [Times: user=0.01 sys=0.00, real=0.00 secs] 
912.303: [GC (Allocation Failure) [PSYoungGen: 69472K->1376K(70144K)] 392268K->324172K(758272K), 0.0026351 secs] [Times: user=0.02 sys=0.00, real=0.00 secs] 
912.926: [GC (Allocation Failure) [PSYoungGen: 69472K->1549K(70144K)] 392268K->324345K(758272K), 0.0015848 secs] [Times: user=0.00 sys=0.00, real=0.01 secs] 
913.324: [GC (Allocation Failure) [PSYoungGen: 69645K->1581K(70144K)] 392441K->324377K(758272K), 0.0016126 secs] [Times: user=0.01 sys=0.00, real=0.00 secs] 
913.792: [GC (Allocation Failure) [PSYoungGen: 69661K->1584K(70144K)] 392457K->324380K(758272K), 0.0016180 secs] [Times: user=0.01 sys=0.00, real=0.00 secs] 
914.204: [GC (Allocation Failure) [PSYoungGen: 69680K->1520K(70144K)] 392476K->324316K(758272K), 0.0019788 secs] [Times: user=0.00 sys=0.00, real=0.00 secs] 
914.508: [GC (Allocation Failure) [PSYoungGen: 69616K->1376K(70144K)] 392412K->324172K(758272K), 0.0020162 secs] [Times: user=0.01 sys=0.00, real=0.00 secs] 
914.885: [GC (Allocation Failure) [PSYoungGen: 69472K->1376K(70144K)] 392268K->324172K(758272K), 0.0019663 secs] [Times: user=0.01 sys=0.00, real=0.01 secs] 
915.325: [GC (Allocation Failure) [PSYoungGen: 69472K->1408K(70144K)] 392268K->324204K(758272K), 0.0018653 secs] [Times: user=0.01 sys=0.00, real=0.01 secs] 
915.876: [GC (Allocation Failure) [PSYoungGen: 69504K->1456K(70144K)] 392300K->324252K(758272K), 0.0021181 secs] [Times: user=0.01 sys=0.00, real=0.01 secs] 
916.310: [GC (Allocation Failure) [PSYoungGen: 69552K->1597K(70144K)] 392348K->324393K(758272K), 0.0018016 secs] [Times: user=0.00 sys=0.00, real=0.00 secs] 
916.711: [GC (Allocation Failure) [PSYoungGen: 69693K->1552K(70144K)] 392489K->324348K(758272K), 0.0015904 secs] [Times: user=0.01 sys=0.00, real=0.00 secs] 
917.110: [GC (Allocation Failure) [PSYoungGen: 69648K->1597K(70144K)] 392444K->324393K(758272K), 0.0015452 secs] [Times: user=0.01 sys=0.00, real=0.00 secs] 
917.511: [GC (Allocation Failure) [PSYoungGen: 69693K->1504K(70144K)] 392489K->324308K(758272K), 0.0020100 secs] [Times: user=0.01 sys=0.00, real=0.00 secs] 
917.943: [GC (Allocation Failure) [PSYoungGen: 69600K->1408K(70144K)] 392404K->324212K(758272K), 0.0020835 secs] [Times: user=0.01 sys=0.00, real=0.00 secs] 
918.249: [GC (Allocation Failure) [PSYoungGen: 69504K->1360K(70144K)] 392308K->324164K(758272K), 0.0021224 secs] [Times: user=0.01 sys=0.00, real=0.00 secs] 
918.607: [GC (Allocation Failure) [PSYoungGen: 69456K->1408K(70144K)] 392260K->324212K(758272K), 0.0018182 secs] [Times: user=0.01 sys=0.00, real=0.00 secs] 
918.966: [GC (Allocation Failure) [PSYoungGen: 69504K->1533K(70144K)] 392308K->324337K(758272K), 0.0015052 secs] [Times: user=0.01 sys=0.00, real=0.01 secs] 
919.367: [GC (Allocation Failure) [PSYoungGen: 69620K->1565K(70144K)] 392424K->324393K(758272K), 0.0016306 secs] [Times: user=0.00 sys=0.00, real=0.00 secs] 
919.767: [GC (Allocation Failure) [PSYoungGen: 69645K->1552K(70144K)] 392473K->324380K(758272K), 0.0015789 secs] [Times: user=0.01 sys=0.00, real=0.00 secs] 
920.164: [GC (Allocation Failure) [PSYoungGen: 69646K->1584K(70144K)] 392474K->324428K(758272K), 0.0017904 secs] [Times: user=0.01 sys=0.00, real=0.00 secs] 
920.512: [GC (Allocation Failure) [PSYoungGen: 69680K->1488K(70144K)] 392524K->324332K(758272K), 0.0018800 secs] [Times: user=0.01 sys=0.01, real=0.00 secs] 
920.795: [GC (Allocation Failure) [PSYoungGen: 69584K->1344K(70144K)] 392428K->324188K(758272K), 0.0017834 secs] [Times: user=0.00 sys=0.00, real=0.00 secs] 
921.077: [GC (Allocation Failure) [PSYoungGen: 69440K->1408K(70144K)] 392284K->324252K(758272K), 0.0017951 secs] [Times: user=0.00 sys=0.00, real=0.00 secs] 
921.360: [GC (Allocation Failure) [PSYoungGen: 69504K->1424K(70144K)] 392348K->324268K(758272K), 0.0018414 secs] [Times: user=0.01 sys=0.00, real=0.00 secs] 
921.745: [GC (Allocation Failure) [PSYoungGen: 69520K->1517K(70144K)] 392364K->324361K(758272K), 0.0017008 secs] [Times: user=0.00 sys=0.00, real=0.00 secs] 
922.143: [GC (Allocation Failure) [PSYoungGen: 69613K->1520K(70144K)] 392457K->324364K(758272K), 0.0015151 secs] [Times: user=0.00 sys=0.00, real=0.00 secs] 
922.544: [GC (Allocation Failure) [PSYoungGen: 69616K->1581K(70144K)] 392460K->324425K(758272K), 0.0015711 secs] [Times: user=0.01 sys=0.00, real=0.00 secs] 
923.008: [GC (Allocation Failure) [PSYoungGen: 69677K->1808K(70144K)] 392521K->324660K(758272K), 0.0019243 secs] [Times: user=0.00 sys=0.00, real=0.00 secs] 
923.511: [GC (Allocation Failure) [PSYoungGen: 69904K->1408K(70144K)] 392756K->324260K(758272K), 0.0019371 secs] [Times: user=0.01 sys=0.00, real=0.00 secs] 
924.147: [GC (Allocation Failure) [PSYoungGen: 69504K->1424K(70144K)] 392356K->324276K(758272K), 0.0023165 secs] [Times: user=0.01 sys=0.00, real=0.00 secs] 
924.757: [GC (Allocation Failure) [PSYoungGen: 69520K->1392K(70144K)] 392372K->324244K(758272K), 0.0037596 secs] [Times: user=0.01 sys=0.00, real=0.01 secs] 
925.648: [GC (Allocation Failure) [PSYoungGen: 69488K->1376K(70144K)] 392340K->324228K(758272K), 0.0038759 secs] [Times: user=0.02 sys=0.00, real=0.00 secs] 
926.205: [GC (Allocation Failure) [PSYoungGen: 69472K->1581K(70144K)] 392324K->324433K(758272K), 0.0015299 secs] [Times: user=0.01 sys=0.00, real=0.00 secs] 
926.606: [GC (Allocation Failure) [PSYoungGen: 69677K->1584K(70144K)] 392529K->324436K(758272K), 0.0016760 secs] [Times: user=0.01 sys=0.00, real=0.01 secs] 
927.005: [GC (Allocation Failure) [PSYoungGen: 69680K->1581K(70144K)] 392532K->324433K(758272K), 0.0015542 secs] [Times: user=0.01 sys=0.00, real=0.00 secs] 
927.400: [GC (Allocation Failure) [PSYoungGen: 69677K->1488K(70144K)] 392529K->324340K(758272K), 0.0015723 secs] [Times: user=0.01 sys=0.00, real=0.00 secs] 
927.791: [GC (Allocation Failure) [PSYoungGen: 69584K->1408K(70144K)] 392436K->324260K(758272K), 0.0018136 secs] [Times: user=0.01 sys=0.00, real=0.00 secs] 
928.325: [GC (Allocation Failure) [PSYoungGen: 69504K->1376K(70144K)] 392356K->324228K(758272K), 0.0019255 secs] [Times: user=0.01 sys=0.00, real=0.00 secs] 
928.915: [GC (Allocation Failure) [PSYoungGen: 69472K->1376K(70144K)] 392324K->324228K(758272K), 0.0017941 secs] [Times: user=0.00 sys=0.00, real=0.00 secs] 
929.525: [GC (Allocation Failure) [PSYoungGen: 69472K->1485K(70144K)] 392324K->324337K(758272K), 0.0014433 secs] [Times: user=0.01 sys=0.00, real=0.00 secs] 
929.927: [GC (Allocation Failure) [PSYoungGen: 69581K->1616K(70144K)] 392433K->324468K(758272K), 0.0015841 secs] [Times: user=0.00 sys=0.00, real=0.00 secs] 
930.327: [GC (Allocation Failure) [PSYoungGen: 69702K->1581K(70144K)] 392554K->324433K(758272K), 0.0015821 secs] [Times: user=0.00 sys=0.00, real=0.01 secs] 
930.724: [GC (Allocation Failure) [PSYoungGen: 69653K->1616K(70144K)] 392505K->324476K(758272K), 0.0016527 secs] [Times: user=0.00 sys=0.00, real=0.00 secs] 
931.455: [GC (Allocation Failure) [PSYoungGen: 69712K->1472K(70144K)] 392572K->324348K(758272K), 0.0027371 secs] [Times: user=0.01 sys=0.00, real=0.01 secs] 
931.890: [GC (Allocation Failure) [PSYoungGen: 69568K->1376K(70144K)] 392444K->324252K(758272K), 0.0023228 secs] [Times: user=0.01 sys=0.00, real=0.00 secs] 
932.180: [GC (Allocation Failure) [PSYoungGen: 69472K->1408K(70144K)] 392348K->324284K(758272K), 0.0021053 secs] [Times: user=0.01 sys=0.00, real=0.00 secs] 
932.538: [GC (Allocation Failure) [PSYoungGen: 69504K->1408K(70144K)] 392380K->324284K(758272K), 0.0017829 secs] [Times: user=0.01 sys=0.01, real=0.00 secs] 
932.948: [GC (Allocation Failure) [PSYoungGen: 69504K->1517K(70144K)] 392380K->324393K(758272K), 0.0016775 secs] [Times: user=0.01 sys=0.00, real=0.00 secs] 
933.348: [GC (Allocation Failure) [PSYoungGen: 69613K->1565K(70144K)] 392489K->324441K(758272K), 0.0015808 secs] [Times: user=0.01 sys=0.00, real=0.00 secs] 
933.748: [GC (Allocation Failure) [PSYoungGen: 69661K->1597K(70144K)] 392537K->324473K(758272K), 0.0015257 secs] [Times: user=0.01 sys=0.00, real=0.00 secs] 
934.147: [GC (Allocation Failure) [PSYoungGen: 69693K->1597K(70144K)] 392569K->324481K(758272K), 0.0017188 secs] [Times: user=0.00 sys=0.00, real=0.01 secs] 
934.806: [GC (Allocation Failure) [PSYoungGen: 69693K->1440K(70144K)] 392577K->324324K(758272K), 0.0018474 secs] [Times: user=0.01 sys=0.01, real=0.01 secs] 
935.153: [GC (Allocation Failure) [PSYoungGen: 69536K->1440K(70144K)] 392420K->324324K(758272K), 0.0020405 secs] [Times: user=0.01 sys=0.00, real=0.00 secs] 
935.451: [GC (Allocation Failure) [PSYoungGen: 69536K->1376K(70144K)] 392420K->324260K(758272K), 0.0017967 secs] [Times: user=0.00 sys=0.00, real=0.00 secs] 
935.792: [GC (Allocation Failure) [PSYoungGen: 69472K->1376K(70144K)] 392356K->324260K(758272K), 0.0018626 secs] [Times: user=0.01 sys=0.00, real=0.00 secs] 
936.224: [GC (Allocation Failure) [PSYoungGen: 69472K->1597K(70144K)] 392356K->324481K(758272K), 0.0014902 secs] [Times: user=0.00 sys=0.00, real=0.00 secs] 
936.683: [GC (Allocation Failure) [PSYoungGen: 69693K->1549K(70144K)] 392577K->324433K(758272K), 0.0017498 secs] [Times: user=0.01 sys=0.00, real=0.00 secs] 
937.136: [GC (Allocation Failure) [PSYoungGen: 69645K->1613K(70144K)] 392529K->324497K(758272K), 0.0016335 secs] [Times: user=0.01 sys=0.00, real=0.01 secs] 
937.597: [GC (Allocation Failure) [PSYoungGen: 69709K->1504K(70144K)] 392593K->324396K(758272K), 0.0023579 secs] [Times: user=0.01 sys=0.00, real=0.00 secs] 
937.950: [GC (Allocation Failure) [PSYoungGen: 69600K->1408K(70144K)] 392492K->324300K(758272K), 0.0019942 secs] [Times: user=0.01 sys=0.00, real=0.00 secs] 
938.434: [GC (Allocation Failure) [PSYoungGen: 69504K->1440K(70144K)] 392396K->324332K(758272K), 0.0020938 secs] [Times: user=0.01 sys=0.00, real=0.00 secs] 
939.024: [GC (Allocation Failure) [PSYoungGen: 69536K->1408K(70144K)] 392428K->324300K(758272K), 0.0019376 secs] [Times: user=0.01 sys=0.00, real=0.00 secs] 
939.608: [GC (Allocation Failure) [PSYoungGen: 69504K->1517K(70144K)] 392396K->324409K(758272K), 0.0014828 secs] [Times: user=0.01 sys=0.00, real=0.00 secs] 
940.013: [GC (Allocation Failure) [PSYoungGen: 69613K->1565K(70144K)] 392505K->324481K(758272K), 0.0015937 secs] [Times: user=0.00 sys=0.00, real=0.00 secs] 
940.414: [GC (Allocation Failure) [PSYoungGen: 69657K->1565K(70144K)] 392573K->324481K(758272K), 0.0016463 secs] [Times: user=0.01 sys=0.00, real=0.00 secs] 
940.814: [GC (Allocation Failure) [PSYoungGen: 69657K->1581K(70144K)] 392573K->324497K(758272K), 0.0016939 secs] [Times: user=0.00 sys=0.00, real=0.00 secs] 
941.517: [GC (Allocation Failure) [PSYoungGen: 69677K->1456K(70144K)] 392593K->324380K(758272K), 0.0018366 secs] [Times: user=0.01 sys=0.00, real=0.01 secs] 
942.061: [GC (Allocation Failure) [PSYoungGen: 69552K->1376K(70144K)] 392476K->324300K(758272K), 0.0031405 secs] [Times: user=0.01 sys=0.00, real=0.00 secs] 
942.446: [GC (Allocation Failure) [PSYoungGen: 69472K->1408K(70144K)] 392396K->324332K(758272K), 0.0020891 secs] [Times: user=0.01 sys=0.01, real=0.01 secs] 
942.762: [GC (Allocation Failure) [PSYoungGen: 69504K->1440K(70144K)] 392428K->324364K(758272K), 0.0019685 secs] [Times: user=0.01 sys=0.00, real=0.00 secs] 
943.136: [GC (Allocation Failure) [PSYoungGen: 69536K->1533K(70144K)] 392460K->324457K(758272K), 0.0015920 secs] [Times: user=0.01 sys=0.00, real=0.01 secs] 
943.537: [GC (Allocation Failure) [PSYoungGen: 69629K->1533K(70144K)] 392553K->324457K(758272K), 0.0017204 secs] [Times: user=0.01 sys=0.00, real=0.01 secs] 
943.998: [GC (Allocation Failure) [PSYoungGen: 69629K->1565K(70144K)] 392553K->324489K(758272K), 0.0017910 secs] [Times: user=0.01 sys=0.00, real=0.00 secs] 
944.396: [GC (Allocation Failure) [PSYoungGen: 69652K->1549K(70144K)] 392577K->324481K(758272K), 0.0015711 secs] [Times: user=0.01 sys=0.00, real=0.01 secs] 
944.934: [GC (Allocation Failure) [PSYoungGen: 69645K->1408K(70144K)] 392577K->324340K(758272K), 0.0020987 secs] [Times: user=0.01 sys=0.00, real=0.00 secs] 
945.230: [GC (Allocation Failure) [PSYoungGen: 69504K->1408K(70144K)] 392436K->324340K(758272K), 0.0020696 secs] [Times: user=0.01 sys=0.00, real=0.00 secs] 
945.519: [GC (Allocation Failure) [PSYoungGen: 69504K->1376K(70144K)] 392436K->324308K(758272K), 0.0034894 secs] [Times: user=0.01 sys=0.00, real=0.00 secs] 
945.803: [GC (Allocation Failure) [PSYoungGen: 69472K->1408K(70144K)] 392404K->324340K(758272K), 0.0019517 secs] [Times: user=0.01 sys=0.00, real=0.00 secs] 
946.252: [GC (Allocation Failure) [PSYoungGen: 69504K->1613K(70144K)] 392436K->324545K(758272K), 0.0015561 secs] [Times: user=0.00 sys=0.00, real=0.00 secs] 
946.653: [GC (Allocation Failure) [PSYoungGen: 69709K->1552K(70144K)] 392641K->324484K(758272K), 0.0015735 secs] [Times: user=0.01 sys=0.00, real=0.00 secs] 
947.053: [GC (Allocation Failure) [PSYoungGen: 69648K->1584K(70144K)] 392580K->324516K(758272K), 0.0015501 secs] [Times: user=0.00 sys=0.00, real=0.00 secs] 
947.508: [GC (Allocation Failure) [PSYoungGen: 69680K->1504K(70144K)] 392612K->324468K(758272K), 0.0019390 secs] [Times: user=0.01 sys=0.00, real=0.00 secs] 
947.850: [GC (Allocation Failure) [PSYoungGen: 69600K->1408K(70144K)] 392564K->324372K(758272K), 0.0019848 secs] [Times: user=0.00 sys=0.00, real=0.00 secs] 
948.132: [GC (Allocation Failure) [PSYoungGen: 69504K->1408K(70144K)] 392468K->324372K(758272K), 0.0018562 secs] [Times: user=0.00 sys=0.00, real=0.00 secs] 
948.457: [GC (Allocation Failure) [PSYoungGen: 69504K->1376K(70144K)] 392468K->324340K(758272K), 0.0020002 secs] [Times: user=0.01 sys=0.00, real=0.00 secs] 
948.804: [GC (Allocation Failure) [PSYoungGen: 69472K->1501K(70144K)] 392436K->324465K(758272K), 0.0019983 secs] [Times: user=0.01 sys=0.00, real=0.00 secs] 
949.207: [GC (Allocation Failure) [PSYoungGen: 69597K->1552K(70144K)] 392561K->324532K(758272K), 0.0015440 secs] [Times: user=0.01 sys=0.00, real=0.00 secs] 
949.609: [GC (Allocation Failure) [PSYoungGen: 69648K->1565K(70144K)] 392628K->324545K(758272K), 0.0017841 secs] [Times: user=0.01 sys=0.00, real=0.00 secs] 
950.015: [GC (Allocation Failure) [PSYoungGen: 69661K->1613K(70144K)] 392641K->324593K(758272K), 0.0015205 secs] [Times: user=0.00 sys=0.00, real=0.00 secs] 
950.830: [GC (Allocation Failure) [PSYoungGen: 69709K->1472K(70144K)] 392689K->324452K(758272K), 0.0017387 secs] [Times: user=0.01 sys=0.00, real=0.00 secs] 
951.789: [GC (Allocation Failure) [PSYoungGen: 69568K->1408K(70144K)] 392548K->324388K(758272K), 0.0025790 secs] [Times: user=0.02 sys=0.00, real=0.00 secs] 
952.608: [GC (Allocation Failure) [PSYoungGen: 69504K->1408K(70144K)] 392484K->324388K(758272K), 0.0028668 secs] [Times: user=0.01 sys=0.00, real=0.00 secs] 
953.225: [GC (Allocation Failure) [PSYoungGen: 69504K->1376K(70144K)] 392484K->324356K(758272K), 0.0028203 secs] [Times: user=0.01 sys=0.00, real=0.01 secs] 
953.924: [GC (Allocation Failure) [PSYoungGen: 69472K->1549K(70144K)] 392452K->324529K(758272K), 0.0015342 secs] [Times: user=0.01 sys=0.00, real=0.00 secs] 
954.325: [GC (Allocation Failure) [PSYoungGen: 69645K->1552K(70144K)] 392625K->324532K(758272K), 0.0019269 secs] [Times: user=0.01 sys=0.00, real=0.00 secs] 
954.730: [GC (Allocation Failure) [PSYoungGen: 69648K->1581K(70144K)] 392628K->324561K(758272K), 0.0017596 secs] [Times: user=0.00 sys=0.00, real=0.00 secs] 
955.135: [GC (Allocation Failure) [PSYoungGen: 69677K->1520K(70144K)] 392657K->324524K(758272K), 0.0016308 secs] [Times: user=0.01 sys=0.00, real=0.01 secs] 
955.675: [GC (Allocation Failure) [PSYoungGen: 69616K->1440K(70144K)] 392620K->324452K(758272K), 0.0018633 secs] [Times: user=0.01 sys=0.00, real=0.01 secs] 
956.252: [GC (Allocation Failure) [PSYoungGen: 69536K->1440K(70144K)] 392548K->324452K(758272K), 0.0033161 secs] [Times: user=0.01 sys=0.00, real=0.00 secs] 
956.801: [GC (Allocation Failure) [PSYoungGen: 69536K->1344K(70144K)] 392548K->324356K(758272K), 0.0030358 secs] [Times: user=0.01 sys=0.00, real=0.00 secs] 
957.287: [GC (Allocation Failure) [PSYoungGen: 69440K->1376K(70144K)] 392452K->324388K(758272K), 0.0022870 secs] [Times: user=0.00 sys=0.00, real=0.00 secs] 
957.730: [GC (Allocation Failure) [PSYoungGen: 69472K->1517K(70144K)] 392484K->324529K(758272K), 0.0015840 secs] [Times: user=0.01 sys=0.00, real=0.00 secs] 
958.191: [GC (Allocation Failure) [PSYoungGen: 69613K->1552K(70144K)] 392625K->324564K(758272K), 0.0015993 secs] [Times: user=0.01 sys=0.00, real=0.00 secs] 
958.590: [GC (Allocation Failure) [PSYoungGen: 69648K->1584K(70144K)] 392660K->324596K(758272K), 0.0016287 secs] [Times: user=0.01 sys=0.00, real=0.00 secs] 
959.148: [GC (Allocation Failure) [PSYoungGen: 69680K->1568K(70144K)] 392692K->324604K(758272K), 0.0020807 secs] [Times: user=0.01 sys=0.00, real=0.00 secs] 
959.820: [GC (Allocation Failure) [PSYoungGen: 69664K->1440K(70144K)] 392700K->324476K(758272K), 0.0026598 secs] [Times: user=0.01 sys=0.00, real=0.00 secs] 
960.365: [GC (Allocation Failure) [PSYoungGen: 69536K->1408K(70144K)] 392572K->324444K(758272K), 0.0027617 secs] [Times: user=0.01 sys=0.00, real=0.01 secs] 
960.896: [GC (Allocation Failure) [PSYoungGen: 69504K->1344K(70144K)] 392540K->324380K(758272K), 0.0027345 secs] [Times: user=0.01 sys=0.00, real=0.01 secs] 
961.294: [GC (Allocation Failure) [PSYoungGen: 69440K->1533K(70144K)] 392476K->324601K(758272K), 0.0018774 secs] [Times: user=0.01 sys=0.00, real=0.00 secs] 
961.707: [GC (Allocation Failure) [PSYoungGen: 69629K->1581K(70144K)] 392697K->324649K(758272K), 0.0015856 secs] [Times: user=0.01 sys=0.00, real=0.00 secs] 
962.106: [GC (Allocation Failure) [PSYoungGen: 69677K->1616K(70144K)] 392745K->324684K(758272K), 0.0017727 secs] [Times: user=0.01 sys=0.00, real=0.01 secs] 
962.507: [GC (Allocation Failure) [PSYoungGen: 69699K->1581K(70144K)] 392767K->324649K(758272K), 0.0017646 secs] [Times: user=0.01 sys=0.00, real=0.01 secs] 
962.982: [GC (Allocation Failure) [PSYoungGen: 69677K->1472K(70144K)] 392745K->324548K(758272K), 0.0017717 secs] [Times: user=0.01 sys=0.00, real=0.00 secs] 
963.583: [GC (Allocation Failure) [PSYoungGen: 69568K->1408K(70144K)] 392644K->324484K(758272K), 0.0017356 secs] [Times: user=0.01 sys=0.00, real=0.00 secs] 
964.229: [GC (Allocation Failure) [PSYoungGen: 69504K->1376K(70144K)] 392580K->324452K(758272K), 0.0018330 secs] [Times: user=0.01 sys=0.00, real=0.00 secs] 
964.839: [GC (Allocation Failure) [PSYoungGen: 69472K->1376K(70144K)] 392548K->324452K(758272K), 0.0018030 secs] [Times: user=0.00 sys=0.00, real=0.00 secs] 
965.202: [GC (Allocation Failure) [PSYoungGen: 69472K->1517K(70144K)] 392548K->324593K(758272K), 0.0015114 secs] [Times: user=0.00 sys=0.00, real=0.00 secs] 
965.602: [GC (Allocation Failure) [PSYoungGen: 69613K->1552K(70144K)] 392689K->324628K(758272K), 0.0015225 secs] [Times: user=0.01 sys=0.00, real=0.00 secs] 
966.069: [GC (Allocation Failure) [PSYoungGen: 69648K->1520K(70144K)] 392724K->324596K(758272K), 0.0016475 secs] [Times: user=0.00 sys=0.00, real=0.00 secs] 
966.533: [GC (Allocation Failure) [PSYoungGen: 69616K->1584K(70144K)] 392692K->324676K(758272K), 0.0016018 secs] [Times: user=0.00 sys=0.00, real=0.00 secs] 
966.863: [GC (Allocation Failure) [PSYoungGen: 69680K->1472K(70144K)] 392772K->324572K(758272K), 0.0028272 secs] [Times: user=0.01 sys=0.00, real=0.00 secs] 
967.436: [GC (Allocation Failure) [PSYoungGen: 69568K->1360K(70144K)] 392668K->324460K(758272K), 0.0020083 secs] [Times: user=0.01 sys=0.00, real=0.01 secs] 
968.007: [GC (Allocation Failure) [PSYoungGen: 69456K->1408K(70144K)] 392556K->324508K(758272K), 0.0022872 secs] [Times: user=0.01 sys=0.01, real=0.00 secs] 
968.594: [GC (Allocation Failure) [PSYoungGen: 69504K->1440K(70144K)] 392604K->324540K(758272K), 0.0024335 secs] [Times: user=0.01 sys=0.00, real=0.00 secs] 
969.148: [GC (Allocation Failure) [PSYoungGen: 69536K->1565K(70144K)] 392636K->324665K(758272K), 0.0014835 secs] [Times: user=0.00 sys=0.00, real=0.00 secs] 
969.547: [GC (Allocation Failure) [PSYoungGen: 69661K->1552K(70144K)] 392761K->324652K(758272K), 0.0015881 secs] [Times: user=0.01 sys=0.00, real=0.00 secs] 
969.950: [GC (Allocation Failure) [PSYoungGen: 69648K->1552K(70144K)] 392748K->324652K(758272K), 0.0015110 secs] [Times: user=0.00 sys=0.00, real=0.00 secs] 
970.377: [GC (Allocation Failure) [PSYoungGen: 69648K->2016K(70144K)] 392748K->325148K(758272K), 0.0017518 secs] [Times: user=0.01 sys=0.00, real=0.01 secs] 
970.751: [GC (Allocation Failure) [PSYoungGen: 70112K->1376K(70144K)] 393244K->324540K(758272K), 0.0015505 secs] [Times: user=0.00 sys=0.00, real=0.00 secs] 
971.434: [GC (Allocation Failure) [PSYoungGen: 69472K->1408K(70144K)] 392636K->324572K(758272K), 0.0026555 secs] [Times: user=0.01 sys=0.00, real=0.00 secs] 
971.958: [GC (Allocation Failure) [PSYoungGen: 69504K->1440K(70144K)] 392668K->324604K(758272K), 0.0028804 secs] [Times: user=0.01 sys=0.00, real=0.00 secs] 
972.612: [GC (Allocation Failure) [PSYoungGen: 69536K->1376K(70144K)] 392700K->324540K(758272K), 0.0021069 secs] [Times: user=0.01 sys=0.00, real=0.00 secs] 
973.096: [GC (Allocation Failure) [PSYoungGen: 69472K->1581K(70144K)] 392636K->324745K(758272K), 0.0016110 secs] [Times: user=0.01 sys=0.00, real=0.01 secs] 
973.499: [GC (Allocation Failure) [PSYoungGen: 69677K->1565K(70144K)] 392841K->324729K(758272K), 0.0015806 secs] [Times: user=0.00 sys=0.00, real=0.00 secs] 
973.903: [GC (Allocation Failure) [PSYoungGen: 69661K->1552K(70144K)] 392825K->324716K(758272K), 0.0015716 secs] [Times: user=0.00 sys=0.00, real=0.00 secs] 
974.443: [GC (Allocation Failure) [PSYoungGen: 69648K->1488K(70144K)] 392812K->324668K(758272K), 0.0019106 secs] [Times: user=0.01 sys=0.00, real=0.00 secs] 
974.938: [GC (Allocation Failure) [PSYoungGen: 69584K->1408K(70144K)] 392764K->324596K(758272K), 0.0021405 secs] [Times: user=0.00 sys=0.01, real=0.00 secs] 
975.517: [GC (Allocation Failure) [PSYoungGen: 69504K->1408K(70144K)] 392692K->324596K(758272K), 0.0032750 secs] [Times: user=0.01 sys=0.00, real=0.00 secs] 
976.246: [GC (Allocation Failure) [PSYoungGen: 69504K->1408K(70144K)] 392692K->324604K(758272K), 0.0035217 secs] [Times: user=0.01 sys=0.00, real=0.01 secs] 
977.084: [GC (Allocation Failure) [PSYoungGen: 69504K->1472K(70144K)] 392700K->324676K(758272K), 0.0019039 secs] [Times: user=0.01 sys=0.00, real=0.00 secs] 
977.486: [GC (Allocation Failure) [PSYoungGen: 69568K->1581K(70144K)] 392772K->324785K(758272K), 0.0017172 secs] [Times: user=0.00 sys=0.00, real=0.01 secs] 
977.886: [GC (Allocation Failure) [PSYoungGen: 69671K->1581K(70144K)] 392875K->324785K(758272K), 0.0015675 secs] [Times: user=0.01 sys=0.00, real=0.01 secs] 
978.283: [GC (Allocation Failure) [PSYoungGen: 69663K->1584K(70144K)] 392867K->324812K(758272K), 0.0016006 secs] [Times: user=0.01 sys=0.00, real=0.00 secs] 
978.647: [GC (Allocation Failure) [PSYoungGen: 69680K->1424K(70144K)] 392908K->324652K(758272K), 0.0019759 secs] [Times: user=0.01 sys=0.00, real=0.00 secs] 
979.005: [GC (Allocation Failure) [PSYoungGen: 69520K->1408K(70144K)] 392748K->324636K(758272K), 0.0016685 secs] [Times: user=0.01 sys=0.00, real=0.00 secs] 
979.433: [GC (Allocation Failure) [PSYoungGen: 69504K->1376K(70144K)] 392732K->324604K(758272K), 0.0016859 secs] [Times: user=0.01 sys=0.00, real=0.00 secs] 
980.068: [GC (Allocation Failure) [PSYoungGen: 69472K->1424K(70144K)] 392700K->324652K(758272K), 0.0030811 secs] [Times: user=0.01 sys=0.00, real=0.00 secs] 
980.800: [GC (Allocation Failure) [PSYoungGen: 69520K->1549K(70144K)] 392748K->324777K(758272K), 0.0015796 secs] [Times: user=0.00 sys=0.00, real=0.00 secs] 
981.200: [GC (Allocation Failure) [PSYoungGen: 69645K->1581K(70144K)] 392873K->324841K(758272K), 0.0019308 secs] [Times: user=0.00 sys=0.00, real=0.00 secs] 
981.610: [GC (Allocation Failure) [PSYoungGen: 69677K->1565K(70144K)] 392937K->324825K(758272K), 0.0016318 secs] [Times: user=0.00 sys=0.00, real=0.00 secs] 
982.005: [GC (Allocation Failure) [PSYoungGen: 69468K->352K(70144K)] 392728K->323620K(758272K), 0.0015764 secs] [Times: user=0.00 sys=0.00, real=0.01 secs] 
982.394: [GC (Allocation Failure) [PSYoungGen: 68448K->1376K(70144K)] 391716K->324652K(758272K), 0.0017002 secs] [Times: user=0.00 sys=0.00, real=0.00 secs] 
982.721: [GC (Allocation Failure) [PSYoungGen: 69472K->1344K(70144K)] 392748K->324620K(758272K), 0.0019347 secs] [Times: user=0.01 sys=0.00, real=0.00 secs] 
983.004: [GC (Allocation Failure) [PSYoungGen: 69440K->1408K(70144K)] 392716K->324684K(758272K), 0.0019428 secs] [Times: user=0.01 sys=0.00, real=0.00 secs] 
983.360: [GC (Allocation Failure) [PSYoungGen: 69504K->1408K(70144K)] 392780K->324684K(758272K), 0.0017862 secs] [Times: user=0.01 sys=0.00, real=0.00 secs] 
983.826: [GC (Allocation Failure) [PSYoungGen: 69504K->1581K(70144K)] 392780K->324857K(758272K), 0.0015309 secs] [Times: user=0.01 sys=0.00, real=0.01 secs] 
984.225: [GC (Allocation Failure) [PSYoungGen: 69677K->1584K(70144K)] 392953K->324860K(758272K), 0.0017278 secs] [Times: user=0.01 sys=0.00, real=0.01 secs] 
984.627: [GC (Allocation Failure) [PSYoungGen: 69680K->1488K(70144K)] 392956K->324764K(758272K), 0.0016311 secs] [Times: user=0.00 sys=0.00, real=0.01 secs] 
985.021: [GC (Allocation Failure) [PSYoungGen: 69584K->1520K(70144K)] 392860K->324796K(758272K), 0.0018422 secs] [Times: user=0.00 sys=0.00, real=0.00 secs] 
985.602: [GC (Allocation Failure) [PSYoungGen: 69616K->1376K(70144K)] 392892K->324652K(758272K), 0.0017068 secs] [Times: user=0.01 sys=0.00, real=0.00 secs] 
986.191: [GC (Allocation Failure) [PSYoungGen: 69472K->1376K(70144K)] 392748K->324652K(758272K), 0.0019095 secs] [Times: user=0.01 sys=0.00, real=0.00 secs] 
986.786: [GC (Allocation Failure) [PSYoungGen: 69472K->1376K(70144K)] 392748K->324652K(758272K), 0.0020012 secs] [Times: user=0.01 sys=0.00, real=0.01 secs] 
987.456: [GC (Allocation Failure) [PSYoungGen: 69472K->1533K(70144K)] 392748K->324809K(758272K), 0.0016046 secs] [Times: user=0.01 sys=0.00, real=0.01 secs] 
987.914: [GC (Allocation Failure) [PSYoungGen: 69629K->1520K(70144K)] 392905K->324796K(758272K), 0.0015732 secs] [Times: user=0.01 sys=0.00, real=0.00 secs] 
988.369: [GC (Allocation Failure) [PSYoungGen: 69616K->1597K(70144K)] 392892K->324873K(758272K), 0.0018349 secs] [Times: user=0.00 sys=0.00, real=0.00 secs] 
988.769: [GC (Allocation Failure) [PSYoungGen: 69693K->1520K(70144K)] 392969K->324804K(758272K), 0.0016225 secs] [Times: user=0.01 sys=0.00, real=0.00 secs] 
989.131: [GC (Allocation Failure) [PSYoungGen: 69616K->1424K(70144K)] 392900K->324724K(758272K), 0.0026232 secs] [Times: user=0.01 sys=0.00, real=0.00 secs] 
989.815: [GC (Allocation Failure) [PSYoungGen: 69520K->1424K(70144K)] 392820K->324724K(758272K), 0.0022614 secs] [Times: user=0.01 sys=0.00, real=0.01 secs] 
990.592: [GC (Allocation Failure) [PSYoungGen: 69520K->1440K(70144K)] 392820K->324740K(758272K), 0.0025443 secs] [Times: user=0.01 sys=0.00, real=0.00 secs] 
991.401: [GC (Allocation Failure) [PSYoungGen: 69536K->1408K(70144K)] 392836K->324716K(758272K), 0.0022736 secs] [Times: user=0.01 sys=0.00, real=0.00 secs] 
992.161: [GC (Allocation Failure) [PSYoungGen: 69504K->1517K(70144K)] 392812K->324825K(758272K), 0.0015725 secs] [Times: user=0.01 sys=0.00, real=0.00 secs] 
992.561: [GC (Allocation Failure) [PSYoungGen: 69613K->1520K(70144K)] 392921K->324828K(758272K), 0.0017415 secs] [Times: user=0.01 sys=0.00, real=0.00 secs] 
993.022: [GC (Allocation Failure) [PSYoungGen: 69616K->1549K(70144K)] 392924K->324857K(758272K), 0.0016354 secs] [Times: user=0.01 sys=0.01, real=0.00 secs] 
993.481: [GC (Allocation Failure) [PSYoungGen: 69645K->1565K(70144K)] 392953K->324889K(758272K), 0.0015689 secs] [Times: user=0.01 sys=0.00, real=0.00 secs] 
993.807: [GC (Allocation Failure) [PSYoungGen: 69661K->1408K(70144K)] 392985K->324732K(758272K), 0.0020365 secs] [Times: user=0.01 sys=0.00, real=0.00 secs] 
994.103: [GC (Allocation Failure) [PSYoungGen: 69504K->1408K(70144K)] 392828K->324732K(758272K), 0.0019328 secs] [Times: user=0.01 sys=0.00, real=0.00 secs] 
994.491: [GC (Allocation Failure) [PSYoungGen: 69504K->1360K(70144K)] 392828K->324684K(758272K), 0.0019857 secs] [Times: user=0.01 sys=0.00, real=0.00 secs] 
994.891: [GC (Allocation Failure) [PSYoungGen: 69456K->1408K(70144K)] 392780K->324732K(758272K), 0.0019456 secs] [Times: user=0.01 sys=0.00, real=0.00 secs] 
995.325: [GC (Allocation Failure) [PSYoungGen: 69504K->1613K(70144K)] 392828K->324937K(758272K), 0.0015372 secs] [Times: user=0.01 sys=0.00, real=0.00 secs] 
995.725: [GC (Allocation Failure) [PSYoungGen: 69709K->1520K(70144K)] 393033K->324844K(758272K), 0.0015799 secs] [Times: user=0.00 sys=0.00, real=0.00 secs] 
996.186: [GC (Allocation Failure) [PSYoungGen: 69599K->1629K(70144K)] 392923K->324953K(758272K), 0.0017809 secs] [Times: user=0.01 sys=0.00, real=0.01 secs] 
996.606: [GC (Allocation Failure) [PSYoungGen: 69725K->1536K(70144K)] 393049K->324876K(758272K), 0.0020033 secs] [Times: user=0.00 sys=0.00, real=0.01 secs] 
996.964: [GC (Allocation Failure) [PSYoungGen: 69632K->1376K(70144K)] 392972K->324716K(758272K), 0.0019606 secs] [Times: user=0.01 sys=0.00, real=0.00 secs] 
997.548: [GC (Allocation Failure) [PSYoungGen: 69472K->1376K(70144K)] 392812K->324716K(758272K), 0.0017247 secs] [Times: user=0.01 sys=0.00, real=0.00 secs] 
998.112: [GC (Allocation Failure) [PSYoungGen: 69472K->1408K(70144K)] 392812K->324748K(758272K), 0.0018158 secs] [Times: user=0.01 sys=0.00, real=0.00 secs] 
998.699: [GC (Allocation Failure) [PSYoungGen: 69504K->1488K(70144K)] 392844K->324828K(758272K), 0.0021636 secs] [Times: user=0.01 sys=0.00, real=0.00 secs] 
999.113: [GC (Allocation Failure) [PSYoungGen: 69554K->1552K(70144K)] 392894K->324892K(758272K), 0.0015679 secs] [Times: user=0.00 sys=0.00, real=0.00 secs] 
999.512: [GC (Allocation Failure) [PSYoungGen: 69648K->1568K(70144K)] 392988K->324908K(758272K), 0.0014855 secs] [Times: user=0.00 sys=0.00, real=0.00 secs] 
999.914: [GC (Allocation Failure) [PSYoungGen: 69664K->1581K(70144K)] 393004K->324945K(758272K), 0.0014923 secs] [Times: user=0.00 sys=0.00, real=0.00 secs] 
1000.275: [GC (Allocation Failure) [PSYoungGen: 69677K->1504K(70144K)] 393041K->324868K(758272K), 0.0018404 secs] [Times: user=0.01 sys=0.00, real=0.01 secs] 
1000.857: [GC (Allocation Failure) [PSYoungGen: 69600K->1408K(70144K)] 392964K->324772K(758272K), 0.0019432 secs] [Times: user=0.01 sys=0.00, real=0.00 secs] 
1001.520: [GC (Allocation Failure) [PSYoungGen: 69504K->1344K(70144K)] 392868K->324708K(758272K), 0.0016475 secs] [Times: user=0.00 sys=0.00, real=0.00 secs] 
1002.224: [GC (Allocation Failure) [PSYoungGen: 69440K->1392K(70144K)] 392804K->324756K(758272K), 0.0016711 secs] [Times: user=0.01 sys=0.00, real=0.00 secs] 
1002.882: [GC (Allocation Failure) [PSYoungGen: 69488K->1501K(70144K)] 392852K->324865K(758272K), 0.0017594 secs] [Times: user=0.01 sys=0.00, real=0.00 secs] 
1003.283: [GC (Allocation Failure) [PSYoungGen: 69597K->1581K(70144K)] 392961K->324945K(758272K), 0.0015355 secs] [Times: user=0.01 sys=0.00, real=0.00 secs] 
1003.752: [GC (Allocation Failure) [PSYoungGen: 69677K->1581K(70144K)] 393041K->324945K(758272K), 0.0016352 secs] [Times: user=0.01 sys=0.00, real=0.00 secs] 
1004.148: [GC (Allocation Failure) [PSYoungGen: 69672K->1581K(70144K)] 393036K->324961K(758272K), 0.0016042 secs] [Times: user=0.01 sys=0.00, real=0.00 secs] 
1004.601: [GC (Allocation Failure) [PSYoungGen: 69677K->1456K(70144K)] 393057K->324836K(758272K), 0.0023209 secs] [Times: user=0.01 sys=0.00, real=0.00 secs] 
1005.116: [GC (Allocation Failure) [PSYoungGen: 69552K->1376K(70144K)] 392932K->324756K(758272K), 0.0018667 secs] [Times: user=0.01 sys=0.00, real=0.01 secs] 
1005.689: [GC (Allocation Failure) [PSYoungGen: 69472K->1408K(70144K)] 392852K->324788K(758272K), 0.0027024 secs] [Times: user=0.01 sys=0.00, real=0.00 secs] 
1006.435: [GC (Allocation Failure) [PSYoungGen: 69504K->1440K(70144K)] 392884K->324820K(758272K), 0.0026389 secs] [Times: user=0.01 sys=0.00, real=0.01 secs] 
1007.099: [GC (Allocation Failure) [PSYoungGen: 69536K->1552K(70144K)] 392916K->324932K(758272K), 0.0016828 secs] [Times: user=0.01 sys=0.00, real=0.00 secs] 
1007.562: [GC (Allocation Failure) [PSYoungGen: 69648K->1584K(70144K)] 393028K->324964K(758272K), 0.0018784 secs] [Times: user=0.01 sys=0.01, real=0.00 secs] 
1007.961: [GC (Allocation Failure) [PSYoungGen: 69680K->1581K(70144K)] 393060K->324961K(758272K), 0.0015941 secs] [Times: user=0.01 sys=0.00, real=0.00 secs] 
1008.387: [GC (Allocation Failure) [PSYoungGen: 69677K->1984K(70144K)] 393057K->325364K(758272K), 0.0017820 secs] [Times: user=0.00 sys=0.00, real=0.01 secs] 
1008.724: [GC (Allocation Failure) [PSYoungGen: 70080K->1408K(70144K)] 393460K->324788K(758272K), 0.0022287 secs] [Times: user=0.01 sys=0.00, real=0.00 secs] 
1009.017: [GC (Allocation Failure) [PSYoungGen: 69504K->1408K(70144K)] 392884K->324788K(758272K), 0.0019549 secs] [Times: user=0.01 sys=0.00, real=0.00 secs] 
1009.305: [GC (Allocation Failure) [PSYoungGen: 69504K->1408K(70144K)] 392884K->324788K(758272K), 0.0019156 secs] [Times: user=0.01 sys=0.00, real=0.01 secs] 
1009.685: [GC (Allocation Failure) [PSYoungGen: 69504K->1405K(70144K)] 392884K->324785K(758272K), 0.0018791 secs] [Times: user=0.01 sys=0.00, real=0.01 secs] 
1010.119: [GC (Allocation Failure) [PSYoungGen: 69501K->1565K(70144K)] 392881K->324977K(758272K), 0.0016108 secs] [Times: user=0.01 sys=0.00, real=0.00 secs] 
1010.576: [GC (Allocation Failure) [PSYoungGen: 69661K->1533K(70144K)] 393073K->324945K(758272K), 0.0015868 secs] [Times: user=0.01 sys=0.00, real=0.01 secs] 
1010.979: [GC (Allocation Failure) [PSYoungGen: 69629K->1581K(70144K)] 393041K->324993K(758272K), 0.0016271 secs] [Times: user=0.00 sys=0.00, real=0.00 secs] 
1011.411: [GC (Allocation Failure) [PSYoungGen: 69677K->1472K(70144K)] 393089K->324884K(758272K), 0.0023658 secs] [Times: user=0.01 sys=0.00, real=0.00 secs] 
1011.695: [GC (Allocation Failure) [PSYoungGen: 69568K->1408K(70144K)] 392980K->324820K(758272K), 0.0017737 secs] [Times: user=0.01 sys=0.00, real=0.01 secs] 
1011.978: [GC (Allocation Failure) [PSYoungGen: 69504K->1360K(70144K)] 392916K->324772K(758272K), 0.0019380 secs] [Times: user=0.01 sys=0.00, real=0.00 secs] 
1012.261: [GC (Allocation Failure) [PSYoungGen: 69456K->1376K(70144K)] 392868K->324788K(758272K), 0.0016667 secs] [Times: user=0.01 sys=0.00, real=0.00 secs] 
1012.609: [GC (Allocation Failure) [PSYoungGen: 69472K->1533K(70144K)] 392884K->324945K(758272K), 0.0016530 secs] [Times: user=0.01 sys=0.00, real=0.00 secs] 
1013.008: [GC (Allocation Failure) [PSYoungGen: 69629K->1613K(70144K)] 393041K->325025K(758272K), 0.0016023 secs] [Times: user=0.01 sys=0.00, real=0.00 secs] 
1013.407: [GC (Allocation Failure) [PSYoungGen: 69701K->1581K(70144K)] 393113K->324993K(758272K), 0.0015353 secs] [Times: user=0.01 sys=0.00, real=0.00 secs] 
1013.805: [GC (Allocation Failure) [PSYoungGen: 69648K->1549K(70144K)] 393060K->324977K(758272K), 0.0015943 secs] [Times: user=0.00 sys=0.00, real=0.00 secs] 
1014.172: [GC (Allocation Failure) [PSYoungGen: 69645K->1472K(70144K)] 393073K->324900K(758272K), 0.0017153 secs] [Times: user=0.01 sys=0.00, real=0.00 secs] 
1014.557: [GC (Allocation Failure) [PSYoungGen: 69568K->1440K(70144K)] 392996K->324868K(758272K), 0.0018793 secs] [Times: user=0.01 sys=0.00, real=0.00 secs] 
1014.909: [GC (Allocation Failure) [PSYoungGen: 69536K->1440K(70144K)] 392964K->324868K(758272K), 0.0019048 secs] [Times: user=0.01 sys=0.00, real=0.00 secs] 
1015.219: [GC (Allocation Failure) [PSYoungGen: 69536K->1360K(70144K)] 392964K->324788K(758272K), 0.0020232 secs] [Times: user=0.01 sys=0.00, real=0.00 secs] 
1015.781: [GC (Allocation Failure) [PSYoungGen: 69456K->1549K(70144K)] 392884K->324977K(758272K), 0.0015812 secs] [Times: user=0.00 sys=0.00, real=0.00 secs] 
1016.180: [GC (Allocation Failure) [PSYoungGen: 69645K->1581K(70144K)] 393073K->325009K(758272K), 0.0016006 secs] [Times: user=0.01 sys=0.00, real=0.00 secs] 
1016.586: [GC (Allocation Failure) [PSYoungGen: 69677K->1597K(70144K)] 393105K->325025K(758272K), 0.0016413 secs] [Times: user=0.00 sys=0.00, real=0.01 secs] 
1017.054: [GC (Allocation Failure) [PSYoungGen: 69693K->2032K(70144K)] 393121K->325476K(758272K), 0.0017451 secs] [Times: user=0.00 sys=0.00, real=0.00 secs] 
1017.402: [GC (Allocation Failure) [PSYoungGen: 70128K->1408K(70144K)] 393572K->324852K(758272K), 0.0018789 secs] [Times: user=0.01 sys=0.00, real=0.00 secs] 
1017.705: [GC (Allocation Failure) [PSYoungGen: 69504K->1376K(70144K)] 392948K->324820K(758272K), 0.0018518 secs] [Times: user=0.01 sys=0.00, real=0.00 secs] 
1018.118: [GC (Allocation Failure) [PSYoungGen: 69472K->1376K(70144K)] 392916K->324820K(758272K), 0.0017262 secs] [Times: user=0.01 sys=0.00, real=0.00 secs] 
1018.693: [GC (Allocation Failure) [PSYoungGen: 69472K->1392K(70144K)] 392916K->324836K(758272K), 0.0018613 secs] [Times: user=0.01 sys=0.00, real=0.00 secs] 
1019.363: [GC (Allocation Failure) [PSYoungGen: 69488K->1552K(70144K)] 392932K->324996K(758272K), 0.0016138 secs] [Times: user=0.00 sys=0.00, real=0.00 secs] 
1019.829: [GC (Allocation Failure) [PSYoungGen: 69648K->1565K(70144K)] 393092K->325033K(758272K), 0.0015791 secs] [Times: user=0.00 sys=0.00, real=0.00 secs] 
1020.231: [GC (Allocation Failure) [PSYoungGen: 69661K->1565K(70144K)] 393129K->325033K(758272K), 0.0015848 secs] [Times: user=0.01 sys=0.00, real=0.00 secs] 
1020.611: [GC (Allocation Failure) [PSYoungGen: 69661K->1488K(70144K)] 393129K->324956K(758272K), 0.0021670 secs] [Times: user=0.01 sys=0.00, real=0.00 secs] 
1020.894: [GC (Allocation Failure) [PSYoungGen: 69584K->1424K(70144K)] 393052K->324892K(758272K), 0.0021762 secs] [Times: user=0.01 sys=0.00, real=0.00 secs] 
1021.355: [GC (Allocation Failure) [PSYoungGen: 69520K->1376K(70144K)] 392988K->324844K(758272K), 0.0018525 secs] [Times: user=0.01 sys=0.00, real=0.01 secs] 
1021.926: [GC (Allocation Failure) [PSYoungGen: 69472K->1408K(70144K)] 392940K->324876K(758272K), 0.0028879 secs] [Times: user=0.02 sys=0.00, real=0.01 secs] 
1022.575: [GC (Allocation Failure) [PSYoungGen: 69504K->1424K(70144K)] 392972K->324892K(758272K), 0.0020862 secs] [Times: user=0.01 sys=0.00, real=0.01 secs] 
1022.992: [GC (Allocation Failure) [PSYoungGen: 69520K->1613K(70144K)] 392988K->325081K(758272K), 0.0017403 secs] [Times: user=0.01 sys=0.00, real=0.00 secs] 
1023.390: [GC (Allocation Failure) [PSYoungGen: 69696K->1597K(70144K)] 393164K->325065K(758272K), 0.0015869 secs] [Times: user=0.01 sys=0.00, real=0.00 secs] 
1023.788: [GC (Allocation Failure) [PSYoungGen: 69693K->1552K(70144K)] 393161K->325036K(758272K), 0.0016056 secs] [Times: user=0.00 sys=0.00, real=0.00 secs] 
1024.578: [GC (Allocation Failure) [PSYoungGen: 69648K->1408K(70144K)] 393132K->324892K(758272K), 0.0040044 secs] [Times: user=0.01 sys=0.00, real=0.00 secs] 
1025.413: [GC (Allocation Failure) [PSYoungGen: 69504K->1424K(70144K)] 392988K->324908K(758272K), 0.0032832 secs] [Times: user=0.02 sys=0.00, real=0.00 secs] 
1025.896: [GC (Allocation Failure) [PSYoungGen: 69520K->1408K(70144K)] 393004K->324892K(758272K), 0.0032204 secs] [Times: user=0.02 sys=0.00, real=0.01 secs] 
1026.587: [GC (Allocation Failure) [PSYoungGen: 69504K->1408K(70144K)] 392988K->324892K(758272K), 0.0027981 secs] [Times: user=0.01 sys=0.00, real=0.00 secs] 
1027.329: [GC (Allocation Failure) [PSYoungGen: 69504K->1488K(70144K)] 392988K->324972K(758272K), 0.0015552 secs] [Times: user=0.00 sys=0.00, real=0.00 secs] 
1027.740: [GC (Allocation Failure) [PSYoungGen: 69584K->1616K(70144K)] 393068K->325100K(758272K), 0.0015964 secs] [Times: user=0.01 sys=0.00, real=0.00 secs] 
1028.142: [GC (Allocation Failure) [PSYoungGen: 69712K->1552K(70144K)] 393196K->325036K(758272K), 0.0015515 secs] [Times: user=0.01 sys=0.00, real=0.00 secs] 
1028.544: [GC (Allocation Failure) [PSYoungGen: 69648K->224K(70144K)] 393132K->323724K(758272K), 0.0016878 secs] [Times: user=0.01 sys=0.00, real=0.00 secs] 
1029.337: [GC (Allocation Failure) [PSYoungGen: 68320K->1440K(70144K)] 391820K->324940K(758272K), 0.0019489 secs] [Times: user=0.01 sys=0.00, real=0.00 secs] 
1029.622: [GC (Allocation Failure) [PSYoungGen: 69536K->1408K(70144K)] 393036K->324908K(758272K), 0.0024816 secs] [Times: user=0.01 sys=0.00, real=0.00 secs] 
1029.962: [GC (Allocation Failure) [PSYoungGen: 69504K->1408K(70144K)] 393004K->324908K(758272K), 0.0019804 secs] [Times: user=0.01 sys=0.00, real=0.00 secs] 
1030.501: [GC (Allocation Failure) [PSYoungGen: 69504K->1408K(70144K)] 393004K->324908K(758272K), 0.0027886 secs] [Times: user=0.01 sys=0.00, real=0.00 secs] 
1031.043: [GC (Allocation Failure) [PSYoungGen: 69504K->1581K(70144K)] 393004K->325081K(758272K), 0.0015499 secs] [Times: user=0.01 sys=0.00, real=0.00 secs] 
1031.444: [GC (Allocation Failure) [PSYoungGen: 69677K->1613K(70144K)] 393177K->325137K(758272K), 0.0015413 secs] [Times: user=0.00 sys=0.00, real=0.00 secs] 
1031.847: [GC (Allocation Failure) [PSYoungGen: 69709K->1549K(70144K)] 393233K->325073K(758272K), 0.0015673 secs] [Times: user=0.01 sys=0.00, real=0.00 secs] 
1032.492: [GC (Allocation Failure) [PSYoungGen: 69645K->1488K(70144K)] 393169K->325012K(758272K), 0.0021494 secs] [Times: user=0.01 sys=0.00, real=0.00 secs] 
1033.008: [GC (Allocation Failure) [PSYoungGen: 69584K->1344K(70144K)] 393108K->324868K(758272K), 0.0022259 secs] [Times: user=0.01 sys=0.00, real=0.00 secs] 
1033.562: [GC (Allocation Failure) [PSYoungGen: 69440K->1440K(70144K)] 392964K->324964K(758272K), 0.0021249 secs] [Times: user=0.01 sys=0.00, real=0.00 secs] 
1034.092: [GC (Allocation Failure) [PSYoungGen: 69536K->1376K(70144K)] 393060K->324900K(758272K), 0.0022978 secs] [Times: user=0.01 sys=0.00, real=0.00 secs] 
1034.804: [GC (Allocation Failure) [PSYoungGen: 69472K->1485K(70144K)] 392996K->325009K(758272K), 0.0019298 secs] [Times: user=0.00 sys=0.00, real=0.00 secs] 
1035.214: [GC (Allocation Failure) [PSYoungGen: 69581K->1565K(70144K)] 393105K->325089K(758272K), 0.0016865 secs] [Times: user=0.00 sys=0.00, real=0.00 secs] 
1035.615: [GC (Allocation Failure) [PSYoungGen: 69661K->1552K(70144K)] 393185K->325076K(758272K), 0.0015660 secs] [Times: user=0.01 sys=0.00, real=0.01 secs] 
1036.015: [GC (Allocation Failure) [PSYoungGen: 69648K->1581K(70144K)] 393172K->325105K(758272K), 0.0015694 secs] [Times: user=0.00 sys=0.00, real=0.00 secs] 
1036.366: [GC (Allocation Failure) [PSYoungGen: 69677K->1456K(70144K)] 393201K->324980K(758272K), 0.0016626 secs] [Times: user=0.01 sys=0.00, real=0.01 secs] 
1036.648: [GC (Allocation Failure) [PSYoungGen: 69552K->1408K(70144K)] 393076K->324932K(758272K), 0.0019489 secs] [Times: user=0.01 sys=0.00, real=0.00 secs] 
1036.934: [GC (Allocation Failure) [PSYoungGen: 69504K->1408K(70144K)] 393028K->324932K(758272K), 0.0018917 secs] [Times: user=0.01 sys=0.00, real=0.00 secs] 
1037.429: [GC (Allocation Failure) [PSYoungGen: 69504K->1376K(70144K)] 393028K->324900K(758272K), 0.0018579 secs] [Times: user=0.01 sys=0.00, real=0.00 secs] 
1037.935: [GC (Allocation Failure) [PSYoungGen: 69472K->1501K(70144K)] 392996K->325025K(758272K), 0.0014647 secs] [Times: user=0.00 sys=0.01, real=0.00 secs] 
1038.336: [GC (Allocation Failure) [PSYoungGen: 69597K->1584K(70144K)] 393121K->325108K(758272K), 0.0015938 secs] [Times: user=0.01 sys=0.00, real=0.01 secs] 
1038.736: [GC (Allocation Failure) [PSYoungGen: 69680K->1584K(70144K)] 393204K->325108K(758272K), 0.0015963 secs] [Times: user=0.00 sys=0.00, real=0.01 secs] 
1039.137: [GC (Allocation Failure) [PSYoungGen: 69680K->1581K(70144K)] 393204K->325129K(758272K), 0.0015840 secs] [Times: user=0.01 sys=0.00, real=0.00 secs] 
1039.453: [GC (Allocation Failure) [PSYoungGen: 69677K->1440K(70144K)] 393225K->324988K(758272K), 0.0015390 secs] [Times: user=0.00 sys=0.00, real=0.00 secs] 
1039.735: [GC (Allocation Failure) [PSYoungGen: 69536K->1408K(70144K)] 393084K->324980K(758272K), 0.0015499 secs] [Times: user=0.00 sys=0.00, real=0.00 secs] 
1040.017: [GC (Allocation Failure) [PSYoungGen: 69504K->1392K(70144K)] 393076K->324964K(758272K), 0.0016778 secs] [Times: user=0.01 sys=0.00, real=0.00 secs] 
1040.406: [GC (Allocation Failure) [PSYoungGen: 69488K->1408K(70144K)] 393060K->324980K(758272K), 0.0015606 secs] [Times: user=0.01 sys=0.00, real=0.01 secs] 
1040.926: [GC (Allocation Failure) [PSYoungGen: 69504K->1597K(70144K)] 393076K->325169K(758272K), 0.0016026 secs] [Times: user=0.01 sys=0.00, real=0.01 secs] 
1041.326: [GC (Allocation Failure) [PSYoungGen: 69693K->1568K(70144K)] 393265K->325140K(758272K), 0.0016895 secs] [Times: user=0.00 sys=0.00, real=0.01 secs] 
1041.789: [GC (Allocation Failure) [PSYoungGen: 69664K->1565K(70144K)] 393236K->325137K(758272K), 0.0018269 secs] [Times: user=0.00 sys=0.00, real=0.00 secs] 
1042.585: [GC (Allocation Failure) [PSYoungGen: 69661K->1472K(70144K)] 393233K->325044K(758272K), 0.0040718 secs] [Times: user=0.01 sys=0.00, real=0.01 secs] 
1043.932: [GC (Allocation Failure) [PSYoungGen: 69568K->1408K(70144K)] 393140K->324980K(758272K), 0.0039546 secs] [Times: user=0.01 sys=0.01, real=0.00 secs] 
1044.666: [GC (Allocation Failure) [PSYoungGen: 69504K->1408K(70144K)] 393076K->324980K(758272K), 0.0026868 secs] [Times: user=0.01 sys=0.00, real=0.01 secs] 
1045.021: [GC (Allocation Failure) [PSYoungGen: 69504K->1392K(70144K)] 393076K->324964K(758272K), 0.0020008 secs] [Times: user=0.01 sys=0.00, real=0.00 secs] 
1045.343: [GC (Allocation Failure) [PSYoungGen: 69488K->1517K(70144K)] 393060K->325089K(758272K), 0.0014687 secs] [Times: user=0.00 sys=0.00, real=0.00 secs] 
1045.788: [GC (Allocation Failure) [PSYoungGen: 69613K->1584K(70144K)] 393185K->325156K(758272K), 0.0016218 secs] [Times: user=0.01 sys=0.00, real=0.00 secs] 
1046.194: [GC (Allocation Failure) [PSYoungGen: 69680K->1584K(70144K)] 393252K->325156K(758272K), 0.0016224 secs] [Times: user=0.01 sys=0.00, real=0.00 secs] 
1046.595: [GC (Allocation Failure) [PSYoungGen: 69680K->1581K(70144K)] 393252K->325153K(758272K), 0.0018049 secs] [Times: user=0.00 sys=0.00, real=0.00 secs] 
1047.352: [GC (Allocation Failure) [PSYoungGen: 69677K->1488K(70144K)] 393249K->325060K(758272K), 0.0040817 secs] [Times: user=0.01 sys=0.00, real=0.00 secs] 
1048.050: [GC (Allocation Failure) [PSYoungGen: 69584K->1344K(70144K)] 393156K->324916K(758272K), 0.0058404 secs] [Times: user=0.02 sys=0.00, real=0.00 secs] 
1048.613: [GC (Allocation Failure) [PSYoungGen: 69440K->1408K(70144K)] 393012K->324980K(758272K), 0.0026934 secs] [Times: user=0.01 sys=0.00, real=0.00 secs] 
1049.158: [GC (Allocation Failure) [PSYoungGen: 69504K->1344K(70144K)] 393076K->324916K(758272K), 0.0027354 secs] [Times: user=0.01 sys=0.00, real=0.00 secs] 
1049.706: [GC (Allocation Failure) [PSYoungGen: 69440K->1517K(70144K)] 393012K->325089K(758272K), 0.0015326 secs] [Times: user=0.00 sys=0.00, real=0.01 secs] 
1050.169: [GC (Allocation Failure) [PSYoungGen: 69613K->1533K(70144K)] 393185K->325105K(758272K), 0.0015505 secs] [Times: user=0.01 sys=0.00, real=0.00 secs] 
1050.576: [GC (Allocation Failure) [PSYoungGen: 69629K->1584K(70144K)] 393201K->325156K(758272K), 0.0015921 secs] [Times: user=0.00 sys=0.00, real=0.01 secs] 
1050.977: [GC (Allocation Failure) [PSYoungGen: 69680K->1549K(70144K)] 393252K->325129K(758272K), 0.0016166 secs] [Times: user=0.00 sys=0.00, real=0.00 secs] 
1051.860: [GC (Allocation Failure) [PSYoungGen: 69645K->1408K(70144K)] 393225K->325028K(758272K), 0.0029764 secs] [Times: user=0.00 sys=0.00, real=0.00 secs] 
1052.410: [GC (Allocation Failure) [PSYoungGen: 69504K->1408K(70144K)] 393124K->325028K(758272K), 0.0027195 secs] [Times: user=0.01 sys=0.00, real=0.00 secs] 
1052.980: [GC (Allocation Failure) [PSYoungGen: 69504K->1408K(70144K)] 393124K->325028K(758272K), 0.0040793 secs] [Times: user=0.02 sys=0.01, real=0.00 secs] 
1053.492: [GC (Allocation Failure) [PSYoungGen: 69504K->1408K(70144K)] 393124K->325028K(758272K), 0.0020629 secs] [Times: user=0.00 sys=0.00, real=0.00 secs] 
1053.925: [GC (Allocation Failure) [PSYoungGen: 69504K->1520K(70144K)] 393124K->325140K(758272K), 0.0015226 secs] [Times: user=0.01 sys=0.00, real=0.00 secs] 
1054.330: [GC (Allocation Failure) [PSYoungGen: 69616K->1565K(70144K)] 393236K->325185K(758272K), 0.0017288 secs] [Times: user=0.01 sys=0.00, real=0.00 secs] 
1054.793: [GC (Allocation Failure) [PSYoungGen: 69652K->1581K(70144K)] 393272K->325201K(758272K), 0.0016038 secs] [Times: user=0.01 sys=0.00, real=0.00 secs] 
1055.288: [GC (Allocation Failure) [PSYoungGen: 69677K->1520K(70144K)] 393297K->325140K(758272K), 0.0022774 secs] [Times: user=0.01 sys=0.00, real=0.00 secs] 
1055.907: [GC (Allocation Failure) [PSYoungGen: 69616K->1344K(70144K)] 393236K->324964K(758272K), 0.0022267 secs] [Times: user=0.01 sys=0.00, real=0.00 secs] 
1056.716: [GC (Allocation Failure) [PSYoungGen: 69440K->1408K(70144K)] 393060K->325028K(758272K), 0.0022715 secs] [Times: user=0.01 sys=0.00, real=0.01 secs] 
1057.577: [GC (Allocation Failure) [PSYoungGen: 69504K->1440K(70144K)] 393124K->325060K(758272K), 0.0024069 secs] [Times: user=0.01 sys=0.00, real=0.01 secs] 
1058.294: [GC (Allocation Failure) [PSYoungGen: 69536K->1456K(70144K)] 393156K->325076K(758272K), 0.0032980 secs] [Times: user=0.01 sys=0.00, real=0.01 secs] 
1058.830: [GC (Allocation Failure) [PSYoungGen: 69552K->1536K(70144K)] 393172K->325156K(758272K), 0.0015634 secs] [Times: user=0.01 sys=0.00, real=0.00 secs] 
1059.229: [GC (Allocation Failure) [PSYoungGen: 69632K->1581K(70144K)] 393252K->325201K(758272K), 0.0016347 secs] [Times: user=0.01 sys=0.00, real=0.00 secs] 
1059.629: [GC (Allocation Failure) [PSYoungGen: 69677K->1613K(70144K)] 393297K->325233K(758272K), 0.0017377 secs] [Times: user=0.01 sys=0.00, real=0.00 secs] 
1060.020: [GC (Allocation Failure) [PSYoungGen: 69709K->1472K(70144K)] 393329K->325092K(758272K), 0.0022335 secs] [Times: user=0.01 sys=0.00, real=0.00 secs] 
1060.306: [GC (Allocation Failure) [PSYoungGen: 69568K->1408K(70144K)] 393188K->325028K(758272K), 0.0020630 secs] [Times: user=0.01 sys=0.00, real=0.01 secs] 
1060.589: [GC (Allocation Failure) [PSYoungGen: 69504K->1408K(70144K)] 393124K->325028K(758272K), 0.0022095 secs] [Times: user=0.00 sys=0.00, real=0.00 secs] 
1060.919: [GC (Allocation Failure) [PSYoungGen: 69504K->1360K(70144K)] 393124K->325012K(758272K), 0.0019852 secs] [Times: user=0.01 sys=0.00, real=0.00 secs] 
1061.272: [GC (Allocation Failure) [PSYoungGen: 69456K->1469K(70144K)] 393108K->325121K(758272K), 0.0014624 secs] [Times: user=0.00 sys=0.00, real=0.00 secs] 
1061.673: [GC (Allocation Failure) [PSYoungGen: 69565K->1568K(70144K)] 393217K->325220K(758272K), 0.0017557 secs] [Times: user=0.01 sys=0.00, real=0.00 secs] 
1062.074: [GC (Allocation Failure) [PSYoungGen: 69664K->1549K(70144K)] 393316K->325201K(758272K), 0.0015598 secs] [Times: user=0.01 sys=0.00, real=0.00 secs] 
1062.474: [GC (Allocation Failure) [PSYoungGen: 69645K->1613K(70144K)] 393297K->325273K(758272K), 0.0015985 secs] [Times: user=0.00 sys=0.01, real=0.00 secs] 
1062.816: [GC (Allocation Failure) [PSYoungGen: 69709K->1440K(70144K)] 393369K->325100K(758272K), 0.0016090 secs] [Times: user=0.01 sys=0.00, real=0.01 secs] 
1063.126: [GC (Allocation Failure) [PSYoungGen: 69536K->1376K(70144K)] 393196K->325036K(758272K), 0.0017766 secs] [Times: user=0.01 sys=0.00, real=0.01 secs] 
1063.449: [GC (Allocation Failure) [PSYoungGen: 69472K->1408K(70144K)] 393132K->325076K(758272K), 0.0018177 secs] [Times: user=0.01 sys=0.00, real=0.00 secs] 
1063.732: [GC (Allocation Failure) [PSYoungGen: 69504K->1376K(70144K)] 393172K->325044K(758272K), 0.0018909 secs] [Times: user=0.00 sys=0.00, real=0.00 secs] 
1064.150: [GC (Allocation Failure) [PSYoungGen: 69472K->1552K(70144K)] 393140K->325220K(758272K), 0.0015033 secs] [Times: user=0.01 sys=0.00, real=0.00 secs] 
1064.551: [GC (Allocation Failure) [PSYoungGen: 69648K->1552K(70144K)] 393316K->325220K(758272K), 0.0016295 secs] [Times: user=0.00 sys=0.00, real=0.00 secs] 
1064.948: [GC (Allocation Failure) [PSYoungGen: 69648K->1600K(70144K)] 393316K->325268K(758272K), 0.0017287 secs] [Times: user=0.01 sys=0.00, real=0.00 secs] 
1065.376: [GC (Allocation Failure) [PSYoungGen: 69696K->2032K(70144K)] 393364K->326220K(758272K), 0.0019456 secs] [Times: user=0.01 sys=0.00, real=0.01 secs] 
1065.781: [GC (Allocation Failure) [PSYoungGen: 70128K->1392K(70144K)] 394316K->325580K(758272K), 0.0018656 secs] [Times: user=0.01 sys=0.00, real=0.00 secs] 
1066.283: [GC (Allocation Failure) [PSYoungGen: 69488K->1376K(70144K)] 393676K->325564K(758272K), 0.0020227 secs] [Times: user=0.01 sys=0.00, real=0.00 secs] 
1066.822: [GC (Allocation Failure) [PSYoungGen: 69472K->1408K(70144K)] 393660K->325596K(758272K), 0.0026367 secs] [Times: user=0.01 sys=0.00, real=0.00 secs] 
1067.377: [GC (Allocation Failure) [PSYoungGen: 69383K->224K(70144K)] 393571K->324412K(758272K), 0.0034534 secs] [Times: user=0.02 sys=0.00, real=0.01 secs] 
1067.921: [GC (Allocation Failure) [PSYoungGen: 68320K->1565K(69632K)] 392508K->325753K(757760K), 0.0015135 secs] [Times: user=0.01 sys=0.00, real=0.00 secs] 
1068.373: [GC (Allocation Failure) [PSYoungGen: 69142K->1584K(70144K)] 393330K->325772K(758272K), 0.0016028 secs] [Times: user=0.01 sys=0.00, real=0.00 secs] 
1068.779: [GC (Allocation Failure) [PSYoungGen: 69168K->1616K(70144K)] 393356K->325804K(758272K), 0.0015730 secs] [Times: user=0.00 sys=0.00, real=0.00 secs] 
1069.149: [GC (Allocation Failure) [PSYoungGen: 69200K->1504K(69120K)] 393388K->325692K(757248K), 0.0024641 secs] [Times: user=0.01 sys=0.00, real=0.00 secs] 
1069.431: [GC (Allocation Failure) [PSYoungGen: 69088K->1408K(69632K)] 393276K->325596K(757760K), 0.0020460 secs] [Times: user=0.01 sys=0.00, real=0.00 secs] 
1069.712: [GC (Allocation Failure) [PSYoungGen: 68992K->1408K(69632K)] 393180K->325636K(757760K), 0.0020371 secs] [Times: user=0.01 sys=0.00, real=0.00 secs] 
1069.993: [GC (Allocation Failure) [PSYoungGen: 68992K->1408K(69632K)] 393220K->325636K(757760K), 0.0016767 secs] [Times: user=0.00 sys=0.00, real=0.00 secs] 
1070.323: [GC (Allocation Failure) [PSYoungGen: 68992K->1501K(69632K)] 393220K->325729K(757760K), 0.0016356 secs] [Times: user=0.00 sys=0.00, real=0.00 secs] 
1070.721: [GC (Allocation Failure) [PSYoungGen: 69085K->1584K(69632K)] 393313K->325812K(757760K), 0.0017017 secs] [Times: user=0.00 sys=0.00, real=0.00 secs] 
1071.119: [GC (Allocation Failure) [PSYoungGen: 69166K->1584K(69632K)] 393395K->325812K(757760K), 0.0016441 secs] [Times: user=0.01 sys=0.00, real=0.00 secs] 
1071.515: [GC (Allocation Failure) [PSYoungGen: 69168K->1549K(69632K)] 393396K->325793K(757760K), 0.0015494 secs] [Times: user=0.01 sys=0.00, real=0.01 secs] 
1072.084: [GC (Allocation Failure) [PSYoungGen: 69133K->1424K(69632K)] 393377K->325668K(757760K), 0.0019778 secs] [Times: user=0.01 sys=0.00, real=0.00 secs] 
1072.441: [GC (Allocation Failure) [PSYoungGen: 69008K->1440K(69632K)] 393252K->325684K(757760K), 0.0019008 secs] [Times: user=0.01 sys=0.00, real=0.00 secs] 
1072.723: [GC (Allocation Failure) [PSYoungGen: 69024K->1408K(69632K)] 393268K->325652K(757760K), 0.0019142 secs] [Times: user=0.01 sys=0.00, real=0.00 secs] 
1073.011: [GC (Allocation Failure) [PSYoungGen: 68992K->1408K(69632K)] 393236K->325652K(757760K), 0.0020600 secs] [Times: user=0.01 sys=0.00, real=0.00 secs] 
1073.402: [GC (Allocation Failure) [PSYoungGen: 68992K->1549K(69632K)] 393236K->325793K(757760K), 0.0015078 secs] [Times: user=0.00 sys=0.00, real=0.00 secs] 
1073.859: [GC (Allocation Failure) [PSYoungGen: 69133K->1533K(69632K)] 393377K->325777K(757760K), 0.0015780 secs] [Times: user=0.00 sys=0.00, real=0.00 secs] 
1074.252: [GC (Allocation Failure) [PSYoungGen: 69117K->1597K(69632K)] 393361K->325841K(757760K), 0.0017980 secs] [Times: user=0.00 sys=0.00, real=0.00 secs] 
1074.645: [GC (Allocation Failure) [PSYoungGen: 69181K->1584K(69632K)] 393425K->325852K(757760K), 0.0017578 secs] [Times: user=0.01 sys=0.00, real=0.01 secs] 
1076.332: [GC (Allocation Failure) [PSYoungGen: 69168K->1408K(69632K)] 393436K->325676K(757760K), 0.0033587 secs] [Times: user=0.01 sys=0.00, real=0.00 secs] 
1076.919: [GC (Allocation Failure) [PSYoungGen: 68992K->1408K(69632K)] 393260K->325676K(757760K), 0.0030979 secs] [Times: user=0.01 sys=0.00, real=0.00 secs] 
1077.494: [GC (Allocation Failure) [PSYoungGen: 68992K->1408K(69632K)] 393260K->325676K(757760K), 0.0027053 secs] [Times: user=0.01 sys=0.00, real=0.01 secs] 
1078.041: [GC (Allocation Failure) [PSYoungGen: 68992K->1376K(69632K)] 393260K->325644K(757760K), 0.0019797 secs] [Times: user=0.01 sys=0.00, real=0.00 secs] 
1078.645: [GC (Allocation Failure) [PSYoungGen: 68934K->1533K(69632K)] 393202K->325801K(757760K), 0.0016551 secs] [Times: user=0.01 sys=0.00, real=0.00 secs] 
1079.047: [GC (Allocation Failure) [PSYoungGen: 69117K->1613K(69632K)] 393385K->325881K(757760K), 0.0017437 secs] [Times: user=0.01 sys=0.00, real=0.00 secs] 
1079.441: [GC (Allocation Failure) [PSYoungGen: 69197K->1552K(69632K)] 393465K->325820K(757760K), 0.0014927 secs] [Times: user=0.01 sys=0.00, real=0.00 secs] 
1079.897: [GC (Allocation Failure) [PSYoungGen: 69136K->1792K(69632K)] 393404K->326060K(757760K), 0.0018911 secs] [Times: user=0.00 sys=0.01, real=0.01 secs] 
1080.507: [GC (Allocation Failure) [PSYoungGen: 69376K->1408K(69632K)] 393644K->325676K(757760K), 0.0020146 secs] [Times: user=0.01 sys=0.00, real=0.00 secs] 
1081.096: [GC (Allocation Failure) [PSYoungGen: 68992K->1376K(69632K)] 393260K->325644K(757760K), 0.0019226 secs] [Times: user=0.01 sys=0.00, real=0.01 secs] 
1081.591: [GC (Allocation Failure) [PSYoungGen: 68960K->1408K(69632K)] 393228K->325676K(757760K), 0.0019318 secs] [Times: user=0.00 sys=0.00, real=0.00 secs] 
1081.877: [GC (Allocation Failure) [PSYoungGen: 68992K->1408K(69632K)] 393260K->325700K(757760K), 0.0019041 secs] [Times: user=0.00 sys=0.00, real=0.01 secs] 
1082.299: [GC (Allocation Failure) [PSYoungGen: 68963K->1581K(69632K)] 393255K->325873K(757760K), 0.0015815 secs] [Times: user=0.00 sys=0.00, real=0.00 secs] 
1082.695: [GC (Allocation Failure) [PSYoungGen: 69165K->1552K(69632K)] 393457K->325844K(757760K), 0.0016001 secs] [Times: user=0.01 sys=0.00, real=0.01 secs] 
1083.090: [GC (Allocation Failure) [PSYoungGen: 69136K->1584K(69632K)] 393428K->325876K(757760K), 0.0017418 secs] [Times: user=0.01 sys=0.00, real=0.00 secs] 
1083.484: [GC (Allocation Failure) [PSYoungGen: 69168K->1520K(69632K)] 393460K->325812K(757760K), 0.0019707 secs] [Times: user=0.00 sys=0.00, real=0.00 secs] 
1083.765: [GC (Allocation Failure) [PSYoungGen: 69104K->1376K(69632K)] 393396K->325668K(757760K), 0.0017470 secs] [Times: user=0.01 sys=0.00, real=0.00 secs] 
1084.045: [GC (Allocation Failure) [PSYoungGen: 68960K->1392K(69632K)] 393252K->325684K(757760K), 0.0020046 secs] [Times: user=0.01 sys=0.00, real=0.01 secs] 
1084.327: [GC (Allocation Failure) [PSYoungGen: 68976K->1408K(69632K)] 393268K->325700K(757760K), 0.0021126 secs] [Times: user=0.01 sys=0.00, real=0.01 secs] 
1084.756: [GC (Allocation Failure) [PSYoungGen: 68987K->1520K(69632K)] 393279K->325812K(757760K), 0.0023413 secs] [Times: user=0.01 sys=0.00, real=0.01 secs] 
1085.167: [GC (Allocation Failure) [PSYoungGen: 69104K->1597K(69632K)] 393396K->325889K(757760K), 0.0015720 secs] [Times: user=0.01 sys=0.00, real=0.01 secs] 
1085.562: [GC (Allocation Failure) [PSYoungGen: 69181K->1613K(69632K)] 393473K->325905K(757760K), 0.0016534 secs] [Times: user=0.00 sys=0.00, real=0.00 secs] 
1085.956: [GC (Allocation Failure) [PSYoungGen: 69197K->1584K(69632K)] 393489K->325884K(757760K), 0.0015400 secs] [Times: user=0.00 sys=0.00, real=0.01 secs] 
1086.508: [GC (Allocation Failure) [PSYoungGen: 69168K->1472K(69632K)] 393468K->325772K(757760K), 0.0018523 secs] [Times: user=0.01 sys=0.00, real=0.00 secs] 
1086.941: [GC (Allocation Failure) [PSYoungGen: 69056K->1408K(69632K)] 393356K->325708K(757760K), 0.0017916 secs] [Times: user=0.01 sys=0.00, real=0.00 secs] 
1087.274: [GC (Allocation Failure) [PSYoungGen: 68992K->1440K(69632K)] 393292K->325740K(757760K), 0.0024936 secs] [Times: user=0.01 sys=0.00, real=0.00 secs] 
1087.544: [GC (Allocation Failure) [PSYoungGen: 69024K->1360K(69632K)] 393324K->325660K(757760K), 0.0020957 secs] [Times: user=0.00 sys=0.01, real=0.00 secs] 
1087.932: [GC (Allocation Failure) [PSYoungGen: 68944K->1549K(69632K)] 393244K->325849K(757760K), 0.0014801 secs] [Times: user=0.01 sys=0.00, real=0.00 secs] 
1088.326: [GC (Allocation Failure) [PSYoungGen: 69115K->1613K(69632K)] 393415K->325913K(757760K), 0.0015720 secs] [Times: user=0.01 sys=0.00, real=0.01 secs] 
1088.784: [GC (Allocation Failure) [PSYoungGen: 69197K->1597K(69632K)] 393497K->325897K(757760K), 0.0015697 secs] [Times: user=0.01 sys=0.00, real=0.00 secs] 
1089.185: [GC (Allocation Failure) [PSYoungGen: 69181K->1584K(69632K)] 393481K->325916K(757760K), 0.0016058 secs] [Times: user=0.01 sys=0.00, real=0.00 secs] 
1089.846: [GC (Allocation Failure) [PSYoungGen: 69168K->1376K(69632K)] 393500K->325708K(757760K), 0.0027746 secs] [Times: user=0.01 sys=0.00, real=0.01 secs] 
1090.267: [GC (Allocation Failure) [PSYoungGen: 68960K->1408K(69632K)] 393292K->325740K(757760K), 0.0019862 secs] [Times: user=0.01 sys=0.00, real=0.00 secs] 
1090.718: [GC (Allocation Failure) [PSYoungGen: 68992K->1408K(69632K)] 393324K->325740K(757760K), 0.0017220 secs] [Times: user=0.01 sys=0.00, real=0.00 secs] 
1091.170: [GC (Allocation Failure) [PSYoungGen: 68992K->1376K(69632K)] 393324K->325708K(757760K), 0.0026310 secs] [Times: user=0.01 sys=0.00, real=0.00 secs] 
1091.860: [GC (Allocation Failure) [PSYoungGen: 68960K->1549K(69632K)] 393292K->325881K(757760K), 0.0015430 secs] [Times: user=0.01 sys=0.00, real=0.00 secs] 
1092.254: [GC (Allocation Failure) [PSYoungGen: 69133K->1584K(69632K)] 393465K->325916K(757760K), 0.0016253 secs] [Times: user=0.01 sys=0.00, real=0.00 secs] 
1092.648: [GC (Allocation Failure) [PSYoungGen: 69168K->1597K(69632K)] 393500K->325929K(757760K), 0.0015887 secs] [Times: user=0.00 sys=0.00, real=0.00 secs] 
1093.042: [GC (Allocation Failure) [PSYoungGen: 69181K->1584K(69632K)] 393513K->325932K(757760K), 0.0015930 secs] [Times: user=0.01 sys=0.00, real=0.00 secs] 
1093.361: [GC (Allocation Failure) [PSYoungGen: 69168K->1456K(69632K)] 393516K->325804K(757760K), 0.0019154 secs] [Times: user=0.00 sys=0.00, real=0.00 secs] 
1093.642: [GC (Allocation Failure) [PSYoungGen: 69040K->1408K(69632K)] 393388K->325764K(757760K), 0.0018603 secs] [Times: user=0.00 sys=0.00, real=0.00 secs] 
1093.922: [GC (Allocation Failure) [PSYoungGen: 68992K->1392K(69632K)] 393348K->325748K(757760K), 0.0018938 secs] [Times: user=0.01 sys=0.00, real=0.00 secs] 
1094.203: [GC (Allocation Failure) [PSYoungGen: 68976K->1376K(69632K)] 393332K->325732K(757760K), 0.0018836 secs] [Times: user=0.01 sys=0.00, real=0.00 secs] 
1094.598: [GC (Allocation Failure) [PSYoungGen: 68960K->1597K(69632K)] 393316K->325953K(757760K), 0.0014942 secs] [Times: user=0.01 sys=0.00, real=0.00 secs] 
1094.992: [GC (Allocation Failure) [PSYoungGen: 69181K->1565K(69632K)] 393537K->325929K(757760K), 0.0016730 secs] [Times: user=0.01 sys=0.00, real=0.00 secs] 
1095.385: [GC (Allocation Failure) [PSYoungGen: 69149K->1597K(69632K)] 393513K->325961K(757760K), 0.0016253 secs] [Times: user=0.01 sys=0.00, real=0.00 secs] 
1095.789: [GC (Allocation Failure) [PSYoungGen: 69181K->1504K(69632K)] 393545K->325876K(757760K), 0.0016337 secs] [Times: user=0.00 sys=0.00, real=0.00 secs] 
1096.069: [GC (Allocation Failure) [PSYoungGen: 69088K->1376K(69632K)] 393460K->325748K(757760K), 0.0015604 secs] [Times: user=0.00 sys=0.00, real=0.00 secs] 
1096.349: [GC (Allocation Failure) [PSYoungGen: 68960K->1344K(69632K)] 393332K->325716K(757760K), 0.0030929 secs] [Times: user=0.01 sys=0.00, real=0.00 secs] 
1096.631: [GC (Allocation Failure) [PSYoungGen: 68928K->1376K(69632K)] 393300K->325748K(757760K), 0.0022235 secs] [Times: user=0.00 sys=0.00, real=0.00 secs] 
1096.993: [GC (Allocation Failure) [PSYoungGen: 68960K->1501K(69632K)] 393332K->325873K(757760K), 0.0021210 secs] [Times: user=0.01 sys=0.00, real=0.00 secs] 
1097.407: [GC (Allocation Failure) [PSYoungGen: 69085K->1552K(69632K)] 393457K->325924K(757760K), 0.0016462 secs] [Times: user=0.01 sys=0.00, real=0.00 secs] 
1097.801: [GC (Allocation Failure) [PSYoungGen: 69136K->1581K(69632K)] 393508K->325953K(757760K), 0.0015333 secs] [Times: user=0.01 sys=0.00, real=0.00 secs] 
1098.194: [GC (Allocation Failure) [PSYoungGen: 69165K->1613K(69632K)] 393537K->325985K(757760K), 0.0017776 secs] [Times: user=0.01 sys=0.00, real=0.00 secs] 
1098.582: [GC (Allocation Failure) [PSYoungGen: 69197K->1488K(69632K)] 393569K->325884K(757760K), 0.0018751 secs] [Times: user=0.01 sys=0.00, real=0.00 secs] 
1099.092: [GC (Allocation Failure) [PSYoungGen: 69072K->1344K(69632K)] 393468K->325740K(757760K), 0.0017465 secs] [Times: user=0.01 sys=0.00, real=0.00 secs] 
1099.611: [GC (Allocation Failure) [PSYoungGen: 68928K->1408K(69632K)] 393324K->325804K(757760K), 0.0026633 secs] [Times: user=0.01 sys=0.00, real=0.00 secs] 
1100.187: [GC (Allocation Failure) [PSYoungGen: 68992K->1408K(69632K)] 393388K->325804K(757760K), 0.0027055 secs] [Times: user=0.01 sys=0.01, real=0.00 secs] 
1100.815: [GC (Allocation Failure) [PSYoungGen: 68992K->1453K(69632K)] 393388K->325849K(757760K), 0.0014438 secs] [Times: user=0.01 sys=0.00, real=0.00 secs] 
1101.266: [GC (Allocation Failure) [PSYoungGen: 69037K->1549K(69632K)] 393433K->325945K(757760K), 0.0015500 secs] [Times: user=0.01 sys=0.00, real=0.01 secs] 
1101.661: [GC (Allocation Failure) [PSYoungGen: 69133K->1581K(69632K)] 393529K->325977K(757760K), 0.0016199 secs] [Times: user=0.01 sys=0.00, real=0.00 secs] 
1102.054: [GC (Allocation Failure) [PSYoungGen: 69165K->1584K(69632K)] 393561K->326004K(757760K), 0.0016440 secs] [Times: user=0.01 sys=0.00, real=0.00 secs] 
1102.726: [GC (Allocation Failure) [PSYoungGen: 69168K->1408K(69632K)] 393588K->325828K(757760K), 0.0034125 secs] [Times: user=0.02 sys=0.00, real=0.01 secs] 
1103.403: [GC (Allocation Failure) [PSYoungGen: 68992K->1360K(69632K)] 393412K->325780K(757760K), 0.0034936 secs] [Times: user=0.02 sys=0.00, real=0.00 secs] 
1104.174: [GC (Allocation Failure) [PSYoungGen: 68944K->1376K(69632K)] 393364K->325796K(757760K), 0.0027315 secs] [Times: user=0.02 sys=0.00, real=0.01 secs] 
1104.930: [GC (Allocation Failure) [PSYoungGen: 68960K->1376K(69632K)] 393380K->325796K(757760K), 0.0026314 secs] [Times: user=0.01 sys=0.00, real=0.00 secs] 
1105.718: [GC (Allocation Failure) [PSYoungGen: 68960K->1533K(69632K)] 393380K->325953K(757760K), 0.0015392 secs] [Times: user=0.01 sys=0.00, real=0.00 secs] 
1106.111: [GC (Allocation Failure) [PSYoungGen: 69117K->1552K(69632K)] 393537K->325972K(757760K), 0.0015891 secs] [Times: user=0.01 sys=0.00, real=0.00 secs] 
1106.505: [GC (Allocation Failure) [PSYoungGen: 69128K->1552K(69632K)] 393549K->325972K(757760K), 0.0015147 secs] [Times: user=0.01 sys=0.00, real=0.01 secs] 
1106.902: [GC (Allocation Failure) [PSYoungGen: 69136K->1533K(69632K)] 393556K->325969K(757760K), 0.0015558 secs] [Times: user=0.00 sys=0.00, real=0.00 secs] 
1107.205: [GC (Allocation Failure) [PSYoungGen: 69117K->1440K(69632K)] 393553K->325876K(757760K), 0.0028363 secs] [Times: user=0.01 sys=0.00, real=0.01 secs] 
1107.531: [GC (Allocation Failure) [PSYoungGen: 69024K->1376K(69632K)] 393460K->325812K(757760K), 0.0019550 secs] [Times: user=0.00 sys=0.00, real=0.00 secs] 
1107.870: [GC (Allocation Failure) [PSYoungGen: 68960K->1376K(69632K)] 393396K->325812K(757760K), 0.0018512 secs] [Times: user=0.00 sys=0.00, real=0.00 secs] 
1108.150: [GC (Allocation Failure) [PSYoungGen: 68960K->1408K(69632K)] 393396K->325844K(757760K), 0.0019605 secs] [Times: user=0.00 sys=0.00, real=0.00 secs] 
1108.635: [GC (Allocation Failure) [PSYoungGen: 68992K->1501K(69632K)] 393428K->325937K(757760K), 0.0015694 secs] [Times: user=0.01 sys=0.00, real=0.00 secs] 
1109.089: [GC (Allocation Failure) [PSYoungGen: 69085K->1616K(69632K)] 393521K->326052K(757760K), 0.0019097 secs] [Times: user=0.00 sys=0.00, real=0.00 secs] 
1109.485: [GC (Allocation Failure) [PSYoungGen: 69200K->1533K(69632K)] 393636K->325969K(757760K), 0.0015698 secs] [Times: user=0.01 sys=0.00, real=0.01 secs] 
1109.902: [GC (Allocation Failure) [PSYoungGen: 69117K->1488K(69632K)] 393553K->325932K(757760K), 0.0020253 secs] [Times: user=0.01 sys=0.00, real=0.00 secs] 
1110.264: [GC (Allocation Failure) [PSYoungGen: 69072K->1408K(69632K)] 393516K->325876K(757760K), 0.0020737 secs] [Times: user=0.01 sys=0.00, real=0.00 secs] 
1110.613: [GC (Allocation Failure) [PSYoungGen: 68992K->1376K(69632K)] 393460K->325844K(757760K), 0.0020304 secs] [Times: user=0.01 sys=0.00, real=0.00 secs] 
1110.894: [GC (Allocation Failure) [PSYoungGen: 68960K->1392K(69632K)] 393428K->325860K(757760K), 0.0021913 secs] [Times: user=0.01 sys=0.00, real=0.00 secs] 
1111.196: [GC (Allocation Failure) [PSYoungGen: 68864K->288K(69632K)] 393332K->324756K(757760K), 0.0018793 secs] [Times: user=0.01 sys=0.00, real=0.01 secs] 
1111.595: [GC (Allocation Failure) [PSYoungGen: 67872K->1581K(69632K)] 392340K->326049K(757760K), 0.0015223 secs] [Times: user=0.01 sys=0.00, real=0.00 secs] 
1111.989: [GC (Allocation Failure) [PSYoungGen: 69165K->1520K(69632K)] 393633K->325988K(757760K), 0.0015520 secs] [Times: user=0.00 sys=0.00, real=0.00 secs] 
1112.381: [GC (Allocation Failure) [PSYoungGen: 69104K->1581K(69632K)] 393572K->326049K(757760K), 0.0015943 secs] [Times: user=0.01 sys=0.00, real=0.00 secs] 
1112.753: [GC (Allocation Failure) [PSYoungGen: 69165K->1440K(69632K)] 393633K->325908K(757760K), 0.0017541 secs] [Times: user=0.01 sys=0.00, real=0.00 secs] 
1113.033: [GC (Allocation Failure) [PSYoungGen: 69024K->1408K(69632K)] 393492K->325876K(757760K), 0.0015266 secs] [Times: user=0.01 sys=0.00, real=0.00 secs] 
1113.313: [GC (Allocation Failure) [PSYoungGen: 68992K->1408K(69632K)] 393460K->325884K(757760K), 0.0015858 secs] [Times: user=0.01 sys=0.00, real=0.00 secs] 
1113.599: [GC (Allocation Failure) [PSYoungGen: 68992K->1344K(69632K)] 393468K->325820K(757760K), 0.0026134 secs] [Times: user=0.01 sys=0.00, real=0.00 secs] 
1113.965: [GC (Allocation Failure) [PSYoungGen: 68928K->1517K(69632K)] 393404K->325993K(757760K), 0.0014600 secs] [Times: user=0.01 sys=0.00, real=0.00 secs] 
1114.359: [GC (Allocation Failure) [PSYoungGen: 69101K->1597K(69632K)] 393577K->326073K(757760K), 0.0015676 secs] [Times: user=0.01 sys=0.00, real=0.00 secs] 
1114.751: [GC (Allocation Failure) [PSYoungGen: 69181K->1584K(69632K)] 393657K->326060K(757760K), 0.0015919 secs] [Times: user=0.00 sys=0.00, real=0.00 secs] 
1115.145: [GC (Allocation Failure) [PSYoungGen: 69168K->1552K(69632K)] 393644K->326052K(757760K), 0.0015808 secs] [Times: user=0.00 sys=0.00, real=0.00 secs] 
1115.759: [GC (Allocation Failure) [PSYoungGen: 69136K->1488K(69632K)] 393636K->325988K(757760K), 0.0025689 secs] [Times: user=0.01 sys=0.00, real=0.00 secs] 
1116.320: [GC (Allocation Failure) [PSYoungGen: 69072K->1344K(69632K)] 393572K->325844K(757760K), 0.0020133 secs] [Times: user=0.01 sys=0.00, real=0.00 secs] 
1116.893: [GC (Allocation Failure) [PSYoungGen: 68928K->1408K(69632K)] 393428K->325908K(757760K), 0.0023040 secs] [Times: user=0.01 sys=0.00, real=0.00 secs] 
1117.280: [GC (Allocation Failure) [PSYoungGen: 68992K->1408K(69632K)] 393492K->325908K(757760K), 0.0020128 secs] [Times: user=0.00 sys=0.00, real=0.00 secs] 
1117.658: [GC (Allocation Failure) [PSYoungGen: 68992K->1565K(69632K)] 393492K->326065K(757760K), 0.0014627 secs] [Times: user=0.01 sys=0.00, real=0.00 secs] 
1118.052: [GC (Allocation Failure) [PSYoungGen: 69132K->1613K(69632K)] 393633K->326113K(757760K), 0.0015772 secs] [Times: user=0.01 sys=0.00, real=0.00 secs] 
1118.448: [GC (Allocation Failure) [PSYoungGen: 69197K->1552K(69632K)] 393697K->326052K(757760K), 0.0015884 secs] [Times: user=0.01 sys=0.00, real=0.00 secs] 
1118.842: [GC (Allocation Failure) [PSYoungGen: 69136K->1581K(69632K)] 393636K->326097K(757760K), 0.0016839 secs] [Times: user=0.01 sys=0.00, real=0.00 secs] 
1119.678: [GC (Allocation Failure) [PSYoungGen: 69165K->1440K(69632K)] 393681K->325956K(757760K), 0.0025107 secs] [Times: user=0.00 sys=0.00, real=0.00 secs] 
1120.623: [GC (Allocation Failure) [PSYoungGen: 69024K->1408K(69632K)] 393540K->325948K(757760K), 0.0028367 secs] [Times: user=0.01 sys=0.00, real=0.00 secs] 
1121.515: [GC (Allocation Failure) [PSYoungGen: 68992K->1408K(69632K)] 393532K->325948K(757760K), 0.0038220 secs] [Times: user=0.02 sys=0.00, real=0.01 secs] 
1122.243: [GC (Allocation Failure) [PSYoungGen: 68992K->1408K(69632K)] 393532K->325948K(757760K), 0.0031999 secs] [Times: user=0.02 sys=0.00, real=0.00 secs] 
1122.804: [GC (Allocation Failure) [PSYoungGen: 68962K->1581K(69632K)] 393502K->326121K(757760K), 0.0015465 secs] [Times: user=0.00 sys=0.00, real=0.00 secs] 
1123.199: [GC (Allocation Failure) [PSYoungGen: 69165K->1549K(69632K)] 393705K->326089K(757760K), 0.0017889 secs] [Times: user=0.00 sys=0.00, real=0.00 secs] 
1123.592: [GC (Allocation Failure) [PSYoungGen: 69133K->1552K(69632K)] 393673K->326092K(757760K), 0.0018778 secs] [Times: user=0.00 sys=0.00, real=0.00 secs] 
1124.025: [GC (Allocation Failure) [PSYoungGen: 69136K->1600K(69632K)] 393676K->326140K(757760K), 0.0018941 secs] [Times: user=0.01 sys=0.00, real=0.00 secs] 
1124.732: [GC (Allocation Failure) [PSYoungGen: 69184K->1360K(69632K)] 393724K->325900K(757760K), 0.0037756 secs] [Times: user=0.02 sys=0.00, real=0.00 secs] 
1125.302: [GC (Allocation Failure) [PSYoungGen: 68944K->1408K(69632K)] 393484K->325948K(757760K), 0.0032084 secs] [Times: user=0.01 sys=0.00, real=0.00 secs] 
1125.832: [GC (Allocation Failure) [PSYoungGen: 68992K->1376K(69632K)] 393532K->325916K(757760K), 0.0042412 secs] [Times: user=0.01 sys=0.00, real=0.00 secs] 
1126.394: [GC (Allocation Failure) [PSYoungGen: 68960K->1408K(69632K)] 393500K->325948K(757760K), 0.0020524 secs] [Times: user=0.01 sys=0.00, real=0.00 secs] 
1126.944: [GC (Allocation Failure) [PSYoungGen: 68992K->1520K(69632K)] 393532K->326060K(757760K), 0.0016307 secs] [Times: user=0.01 sys=0.00, real=0.00 secs] 
1127.337: [GC (Allocation Failure) [PSYoungGen: 69104K->1584K(69632K)] 393644K->326124K(757760K), 0.0015775 secs] [Times: user=0.00 sys=0.00, real=0.00 secs] 
1127.730: [GC (Allocation Failure) [PSYoungGen: 69168K->1600K(69632K)] 393708K->326140K(757760K), 0.0016392 secs] [Times: user=0.01 sys=0.00, real=0.00 secs] 
1128.099: [GC (Allocation Failure) [PSYoungGen: 69184K->1520K(69632K)] 393724K->326068K(757760K), 0.0018784 secs] [Times: user=0.01 sys=0.00, real=0.00 secs] 
1128.380: [GC (Allocation Failure) [PSYoungGen: 69104K->1408K(69632K)] 393652K->325956K(757760K), 0.0020081 secs] [Times: user=0.01 sys=0.00, real=0.00 secs] 
1128.763: [GC (Allocation Failure) [PSYoungGen: 68992K->1408K(69632K)] 393540K->325956K(757760K), 0.0019347 secs] [Times: user=0.01 sys=0.00, real=0.00 secs] 
1129.318: [GC (Allocation Failure) [PSYoungGen: 68992K->1408K(69632K)] 393540K->325956K(757760K), 0.0018129 secs] [Times: user=0.01 sys=0.00, real=0.00 secs] 
1130.097: [GC (Allocation Failure) [PSYoungGen: 68969K->1421K(69632K)] 393517K->325969K(757760K), 0.0043172 secs] [Times: user=0.01 sys=0.00, real=0.01 secs] 
1130.626: [GC (Allocation Failure) [PSYoungGen: 69005K->1549K(69632K)] 393553K->326097K(757760K), 0.0016057 secs] [Times: user=0.01 sys=0.00, real=0.01 secs] 
1131.022: [GC (Allocation Failure) [PSYoungGen: 69133K->1552K(69632K)] 393681K->326132K(757760K), 0.0016117 secs] [Times: user=0.01 sys=0.00, real=0.00 secs] 
1131.419: [GC (Allocation Failure) [PSYoungGen: 69136K->1581K(69632K)] 393716K->326177K(757760K), 0.0017171 secs] [Times: user=0.01 sys=0.00, real=0.00 secs] 
1131.916: [GC (Allocation Failure) [PSYoungGen: 69165K->1488K(69632K)] 393761K->326084K(757760K), 0.0032079 secs] [Times: user=0.01 sys=0.00, real=0.01 secs] 
1132.270: [GC (Allocation Failure) [PSYoungGen: 69072K->1376K(69632K)] 393668K->325972K(757760K), 0.0019489 secs] [Times: user=0.00 sys=0.00, real=0.00 secs] 
1132.563: [GC (Allocation Failure) [PSYoungGen: 68960K->1440K(69632K)] 393556K->326036K(757760K), 0.0019621 secs] [Times: user=0.01 sys=0.00, real=0.00 secs] 
1132.852: [GC (Allocation Failure) [PSYoungGen: 69024K->1440K(69632K)] 393620K->326036K(757760K), 0.0018857 secs] [Times: user=0.01 sys=0.00, real=0.00 secs] 
1133.224: [GC (Allocation Failure) [PSYoungGen: 69024K->1469K(69632K)] 393620K->326065K(757760K), 0.0014637 secs] [Times: user=0.01 sys=0.00, real=0.00 secs] 
1133.616: [GC (Allocation Failure) [PSYoungGen: 69053K->1581K(69632K)] 393649K->326177K(757760K), 0.0015533 secs] [Times: user=0.00 sys=0.00, real=0.01 secs] 
1134.070: [GC (Allocation Failure) [PSYoungGen: 69165K->1613K(69632K)] 393761K->326209K(757760K), 0.0016126 secs] [Times: user=0.01 sys=0.00, real=0.00 secs] 
1134.526: [GC (Allocation Failure) [PSYoungGen: 69197K->1597K(69632K)] 393793K->326209K(757760K), 0.0018189 secs] [Times: user=0.01 sys=0.00, real=0.01 secs] 
1135.162: [GC (Allocation Failure) [PSYoungGen: 69181K->1408K(69632K)] 393793K->326020K(757760K), 0.0030035 secs] [Times: user=0.01 sys=0.00, real=0.00 secs] 
1135.836: [GC (Allocation Failure) [PSYoungGen: 68992K->1408K(69632K)] 393604K->326020K(757760K), 0.0022986 secs] [Times: user=0.00 sys=0.00, real=0.01 secs] 
1136.600: [GC (Allocation Failure) [PSYoungGen: 68992K->1408K(69632K)] 393604K->326020K(757760K), 0.0028948 secs] [Times: user=0.01 sys=0.00, real=0.00 secs] 
1137.219: [GC (Allocation Failure) [PSYoungGen: 68992K->1376K(69632K)] 393604K->325988K(757760K), 0.0028615 secs] [Times: user=0.01 sys=0.00, real=0.00 secs] 
1137.782: [GC (Allocation Failure) [PSYoungGen: 68933K->1549K(69632K)] 393545K->326161K(757760K), 0.0014979 secs] [Times: user=0.01 sys=0.00, real=0.00 secs] 
1138.176: [GC (Allocation Failure) [PSYoungGen: 69133K->1565K(69632K)] 393745K->326177K(757760K), 0.0017208 secs] [Times: user=0.01 sys=0.00, real=0.01 secs] 
1138.572: [GC (Allocation Failure) [PSYoungGen: 69149K->1552K(69632K)] 393761K->326164K(757760K), 0.0017591 secs] [Times: user=0.00 sys=0.00, real=0.00 secs] 
1138.966: [GC (Allocation Failure) [PSYoungGen: 69136K->1584K(69632K)] 393748K->326212K(757760K), 0.0015618 secs] [Times: user=0.01 sys=0.00, real=0.01 secs] 
1139.703: [GC (Allocation Failure) [PSYoungGen: 69168K->1408K(69632K)] 393796K->326036K(757760K), 0.0022396 secs] [Times: user=0.01 sys=0.00, real=0.00 secs] 
1140.553: [GC (Allocation Failure) [PSYoungGen: 68992K->1440K(69632K)] 393620K->326068K(757760K), 0.0038395 secs] [Times: user=0.02 sys=0.00, real=0.01 secs] 
1141.240: [GC (Allocation Failure) [PSYoungGen: 69024K->1376K(69632K)] 393652K->326004K(757760K), 0.0052410 secs] [Times: user=0.02 sys=0.00, real=0.00 secs] 
1141.804: [GC (Allocation Failure) [PSYoungGen: 68960K->1376K(69632K)] 393588K->326004K(757760K), 0.0032567 secs] [Times: user=0.02 sys=0.00, real=0.01 secs] 
1142.351: [GC (Allocation Failure) [PSYoungGen: 68960K->1517K(69632K)] 393588K->326177K(757760K), 0.0016112 secs] [Times: user=0.00 sys=0.00, real=0.00 secs] 
1142.746: [GC (Allocation Failure) [PSYoungGen: 69101K->1597K(69632K)] 393761K->326257K(757760K), 0.0015518 secs] [Times: user=0.01 sys=0.00, real=0.01 secs] 
1143.197: [GC (Allocation Failure) [PSYoungGen: 69181K->1549K(69632K)] 393841K->326209K(757760K), 0.0017772 secs] [Times: user=0.01 sys=0.00, real=0.00 secs] 
1143.755: [GC (Allocation Failure) [PSYoungGen: 69133K->1552K(69632K)] 393793K->326212K(757760K), 0.0020904 secs] [Times: user=0.01 sys=0.00, real=0.00 secs] 
1144.209: [GC (Allocation Failure) [PSYoungGen: 69136K->1408K(69632K)] 393796K->326068K(757760K), 0.0020081 secs] [Times: user=0.01 sys=0.00, real=0.00 secs] 
1144.490: [GC (Allocation Failure) [PSYoungGen: 68992K->1376K(69632K)] 393652K->326036K(757760K), 0.0019827 secs] [Times: user=0.01 sys=0.00, real=0.00 secs] 
1144.771: [GC (Allocation Failure) [PSYoungGen: 68960K->1408K(69632K)] 393620K->326068K(757760K), 0.0017107 secs] [Times: user=0.01 sys=0.00, real=0.00 secs] 
1145.102: [GC (Allocation Failure) [PSYoungGen: 68992K->1469K(69632K)] 393652K->326129K(757760K), 0.0018041 secs] [Times: user=0.01 sys=0.00, real=0.00 secs] 
1145.499: [GC (Allocation Failure) [PSYoungGen: 69053K->1613K(69632K)] 393713K->326273K(757760K), 0.0015589 secs] [Times: user=0.01 sys=0.00, real=0.00 secs] 
1145.895: [GC (Allocation Failure) [PSYoungGen: 69197K->1584K(69632K)] 393857K->326244K(757760K), 0.0016829 secs] [Times: user=0.01 sys=0.00, real=0.00 secs] 
1146.292: [GC (Allocation Failure) [PSYoungGen: 69168K->1613K(69632K)] 393828K->326273K(757760K), 0.0016192 secs] [Times: user=0.01 sys=0.00, real=0.00 secs] 
1146.879: [GC (Allocation Failure) [PSYoungGen: 69197K->1456K(69632K)] 393857K->326116K(757760K), 0.0020470 secs] [Times: user=0.01 sys=0.00, real=0.00 secs] 
1147.481: [GC (Allocation Failure) [PSYoungGen: 69040K->1408K(69632K)] 393700K->326068K(757760K), 0.0018772 secs] [Times: user=0.01 sys=0.00, real=0.00 secs] 
1148.105: [GC (Allocation Failure) [PSYoungGen: 68992K->1408K(69632K)] 393652K->326068K(757760K), 0.0018796 secs] [Times: user=0.01 sys=0.00, real=0.00 secs] 
1148.826: [GC (Allocation Failure) [PSYoungGen: 68992K->1376K(69632K)] 393652K->326036K(757760K), 0.0021828 secs] [Times: user=0.01 sys=0.00, real=0.01 secs] 
1149.484: [GC (Allocation Failure) [PSYoungGen: 68960K->1469K(69632K)] 393620K->326129K(757760K), 0.0014442 secs] [Times: user=0.00 sys=0.00, real=0.00 secs] 
1149.879: [GC (Allocation Failure) [PSYoungGen: 69053K->1597K(69632K)] 393713K->326257K(757760K), 0.0015336 secs] [Times: user=0.00 sys=0.00, real=0.00 secs] 
1150.275: [GC (Allocation Failure) [PSYoungGen: 69181K->1581K(69632K)] 393841K->326241K(757760K), 0.0016006 secs] [Times: user=0.00 sys=0.00, real=0.00 secs] 
1150.679: [GC (Allocation Failure) [PSYoungGen: 69165K->1565K(69632K)] 393825K->326257K(757760K), 0.0015251 secs] [Times: user=0.01 sys=0.00, real=0.00 secs] 
1151.104: [GC (Allocation Failure) [PSYoungGen: 69149K->1456K(69632K)] 393841K->326148K(757760K), 0.0019206 secs] [Times: user=0.01 sys=0.00, real=0.00 secs] 
1151.400: [GC (Allocation Failure) [PSYoungGen: 69040K->1344K(69632K)] 393732K->326036K(757760K), 0.0018204 secs] [Times: user=0.00 sys=0.00, real=0.00 secs] 
1151.681: [GC (Allocation Failure) [PSYoungGen: 68928K->1408K(69632K)] 393620K->326100K(757760K), 0.0020916 secs] [Times: user=0.01 sys=0.01, real=0.00 secs] 
1151.962: [GC (Allocation Failure) [PSYoungGen: 68992K->1408K(69632K)] 393684K->326100K(757760K), 0.0020596 secs] [Times: user=0.00 sys=0.00, real=0.00 secs] 
1152.403: [GC (Allocation Failure) [PSYoungGen: 68992K->1549K(69632K)] 393684K->326241K(757760K), 0.0014620 secs] [Times: user=0.00 sys=0.00, real=0.00 secs] 
1152.798: [GC (Allocation Failure) [PSYoungGen: 69102K->1581K(69632K)] 393794K->326273K(757760K), 0.0015378 secs] [Times: user=0.00 sys=0.00, real=0.00 secs] 
1153.199: [GC (Allocation Failure) [PSYoungGen: 69165K->1613K(69632K)] 393857K->326305K(757760K), 0.0016584 secs] [Times: user=0.00 sys=0.00, real=0.00 secs] 
1153.593: [GC (Allocation Failure) [PSYoungGen: 69197K->1549K(69632K)] 393889K->326257K(757760K), 0.0016140 secs] [Times: user=0.00 sys=0.00, real=0.00 secs] 
1154.090: [GC (Allocation Failure) [PSYoungGen: 69133K->1456K(69632K)] 393841K->326164K(757760K), 0.0021298 secs] [Times: user=0.01 sys=0.00, real=0.00 secs] 
1154.676: [GC (Allocation Failure) [PSYoungGen: 69040K->1376K(69632K)] 393748K->326084K(757760K), 0.0019966 secs] [Times: user=0.01 sys=0.00, real=0.01 secs] 
1155.192: [GC (Allocation Failure) [PSYoungGen: 68960K->1376K(69632K)] 393668K->326084K(757760K), 0.0019830 secs] [Times: user=0.00 sys=0.00, real=0.00 secs] 
1155.884: [GC (Allocation Failure) [PSYoungGen: 68960K->1408K(69632K)] 393668K->326116K(757760K), 0.0021130 secs] [Times: user=0.01 sys=0.00, real=0.00 secs] 
1156.495: [GC (Allocation Failure) [PSYoungGen: 68964K->1517K(69632K)] 393672K->326225K(757760K), 0.0015487 secs] [Times: user=0.01 sys=0.00, real=0.01 secs] 
1156.891: [GC (Allocation Failure) [PSYoungGen: 69101K->1533K(69632K)] 393809K->326241K(757760K), 0.0016401 secs] [Times: user=0.01 sys=0.00, real=0.00 secs] 
1157.283: [GC (Allocation Failure) [PSYoungGen: 69117K->1613K(69632K)] 393825K->326321K(757760K), 0.0016533 secs] [Times: user=0.01 sys=0.00, real=0.00 secs] 
1157.710: [GC (Allocation Failure) [PSYoungGen: 69197K->1792K(69632K)] 393905K->326516K(757760K), 0.0017876 secs] [Times: user=0.01 sys=0.00, real=0.00 secs] 
1158.020: [GC (Allocation Failure) [PSYoungGen: 69376K->1408K(69632K)] 394100K->326132K(757760K), 0.0019627 secs] [Times: user=0.01 sys=0.00, real=0.00 secs] 
1158.327: [GC (Allocation Failure) [PSYoungGen: 68992K->1376K(69632K)] 393716K->326100K(757760K), 0.0018328 secs] [Times: user=0.01 sys=0.00, real=0.00 secs] 
1158.616: [GC (Allocation Failure) [PSYoungGen: 68960K->1376K(69632K)] 393684K->326100K(757760K), 0.0018159 secs] [Times: user=0.01 sys=0.00, real=0.01 secs] 
1158.995: [GC (Allocation Failure) [PSYoungGen: 68960K->1408K(69632K)] 393684K->326132K(757760K), 0.0018125 secs] [Times: user=0.01 sys=0.00, real=0.00 secs] 
1159.420: [GC (Allocation Failure) [PSYoungGen: 68992K->1581K(69632K)] 393716K->326305K(757760K), 0.0015373 secs] [Times: user=0.01 sys=0.00, real=0.00 secs] 
1159.813: [GC (Allocation Failure) [PSYoungGen: 69165K->1568K(69632K)] 393889K->326292K(757760K), 0.0015677 secs] [Times: user=0.01 sys=0.00, real=0.00 secs] 
1160.206: [GC (Allocation Failure) [PSYoungGen: 69152K->1552K(69632K)] 393876K->326300K(757760K), 0.0015778 secs] [Times: user=0.01 sys=0.00, real=0.01 secs] 
1160.959: [GC (Allocation Failure) [PSYoungGen: 69136K->1504K(69632K)] 393884K->326252K(757760K), 0.0024424 secs] [Times: user=0.01 sys=0.00, real=0.00 secs] 
1162.114: [GC (Allocation Failure) [PSYoungGen: 69088K->1376K(69632K)] 393836K->326124K(757760K), 0.0038453 secs] [Times: user=0.02 sys=0.00, real=0.01 secs] 
1162.902: [GC (Allocation Failure) [PSYoungGen: 68960K->1376K(69632K)] 393708K->326124K(757760K), 0.0032337 secs] [Times: user=0.01 sys=0.00, real=0.00 secs] 
1163.916: [GC (Allocation Failure) [PSYoungGen: 68960K->1408K(69632K)] 393708K->326156K(757760K), 0.0039216 secs] [Times: user=0.02 sys=0.00, real=0.01 secs] 
1164.910: [GC (Allocation Failure) [PSYoungGen: 68992K->1424K(69632K)] 393740K->326172K(757760K), 0.0021069 secs] [Times: user=0.01 sys=0.00, real=0.00 secs] 
1165.351: [GC (Allocation Failure) [PSYoungGen: 69008K->1488K(69632K)] 393756K->326236K(757760K), 0.0015158 secs] [Times: user=0.01 sys=0.00, real=0.00 secs] 
1165.747: [GC (Allocation Failure) [PSYoungGen: 69072K->1584K(69632K)] 393820K->326332K(757760K), 0.0015266 secs] [Times: user=0.01 sys=0.00, real=0.00 secs] 
1166.143: [GC (Allocation Failure) [PSYoungGen: 69168K->1549K(69632K)] 393916K->326313K(757760K), 0.0016607 secs] [Times: user=0.01 sys=0.00, real=0.00 secs] 
1166.530: [GC (Allocation Failure) [PSYoungGen: 69133K->1472K(69632K)] 393897K->326236K(757760K), 0.0018868 secs] [Times: user=0.01 sys=0.00, real=0.00 secs] 
1166.843: [GC (Allocation Failure) [PSYoungGen: 69056K->1344K(69632K)] 393820K->326108K(757760K), 0.0017808 secs] [Times: user=0.01 sys=0.00, real=0.00 secs] 
1167.317: [GC (Allocation Failure) [PSYoungGen: 68928K->1440K(69632K)] 393692K->326204K(757760K), 0.0018215 secs] [Times: user=0.00 sys=0.00, real=0.00 secs] 
1167.959: [GC (Allocation Failure) [PSYoungGen: 69024K->1440K(69632K)] 393788K->326204K(757760K), 0.0020012 secs] [Times: user=0.00 sys=0.00, real=0.00 secs] 
1168.569: [GC (Allocation Failure) [PSYoungGen: 69001K->1517K(69632K)] 393765K->326281K(757760K), 0.0015265 secs] [Times: user=0.00 sys=0.00, real=0.00 secs] 
1168.962: [GC (Allocation Failure) [PSYoungGen: 69101K->1581K(69632K)] 393865K->326345K(757760K), 0.0016175 secs] [Times: user=0.01 sys=0.00, real=0.00 secs] 
1169.357: [GC (Allocation Failure) [PSYoungGen: 69165K->1584K(69632K)] 393929K->326348K(757760K), 0.0015956 secs] [Times: user=0.01 sys=0.00, real=0.00 secs] 
1169.753: [GC (Allocation Failure) [PSYoungGen: 69168K->1568K(69632K)] 393932K->326340K(757760K), 0.0015893 secs] [Times: user=0.01 sys=0.00, real=0.00 secs] 
1170.142: [GC (Allocation Failure) [PSYoungGen: 69152K->1472K(69632K)] 393924K->326252K(757760K), 0.0029419 secs] [Times: user=0.01 sys=0.00, real=0.00 secs] 
1170.568: [GC (Allocation Failure) [PSYoungGen: 69056K->1408K(69632K)] 393836K->326188K(757760K), 0.0020883 secs] [Times: user=0.00 sys=0.00, real=0.00 secs] 
1171.122: [GC (Allocation Failure) [PSYoungGen: 68992K->1344K(69632K)] 393772K->326148K(757760K), 0.0029606 secs] [Times: user=0.01 sys=0.00, real=0.00 secs] 
1171.697: [GC (Allocation Failure) [PSYoungGen: 68928K->1408K(69632K)] 393732K->326212K(757760K), 0.0029000 secs] [Times: user=0.01 sys=0.00, real=0.00 secs] 
1172.246: [GC (Allocation Failure) [PSYoungGen: 68992K->1520K(69632K)] 393796K->326324K(757760K), 0.0015165 secs] [Times: user=0.00 sys=0.00, real=0.01 secs] 
1172.641: [GC (Allocation Failure) [PSYoungGen: 69104K->1584K(69632K)] 393908K->326388K(757760K), 0.0016149 secs] [Times: user=0.00 sys=0.00, real=0.00 secs] 
1173.034: [GC (Allocation Failure) [PSYoungGen: 69168K->1581K(69632K)] 393972K->326385K(757760K), 0.0018080 secs] [Times: user=0.00 sys=0.00, real=0.00 secs] 
1173.429: [GC (Allocation Failure) [PSYoungGen: 69165K->1549K(69632K)] 393969K->326361K(757760K), 0.0015077 secs] [Times: user=0.01 sys=0.00, real=0.00 secs] 
1174.087: [GC (Allocation Failure) [PSYoungGen: 69133K->1440K(69632K)] 393945K->326252K(757760K), 0.0021613 secs] [Times: user=0.01 sys=0.00, real=0.00 secs] 
1174.755: [GC (Allocation Failure) [PSYoungGen: 69024K->1440K(69632K)] 393836K->326252K(757760K), 0.0031559 secs] [Times: user=0.01 sys=0.01, real=0.01 secs] 
1175.226: [GC (Allocation Failure) [PSYoungGen: 69024K->1392K(69632K)] 393836K->326204K(757760K), 0.0018931 secs] [Times: user=0.01 sys=0.00, real=0.01 secs] 
1175.750: [GC (Allocation Failure) [PSYoungGen: 68976K->1408K(69632K)] 393788K->326220K(757760K), 0.0020056 secs] [Times: user=0.01 sys=0.00, real=0.00 secs] 
1176.202: [GC (Allocation Failure) [PSYoungGen: 68990K->1517K(69632K)] 393802K->326329K(757760K), 0.0016294 secs] [Times: user=0.01 sys=0.00, real=0.00 secs] 
1176.603: [GC (Allocation Failure) [PSYoungGen: 69101K->1613K(69632K)] 393913K->326425K(757760K), 0.0016531 secs] [Times: user=0.00 sys=0.00, real=0.00 secs] 
1176.998: [GC (Allocation Failure) [PSYoungGen: 69197K->1613K(69632K)] 394009K->326425K(757760K), 0.0015336 secs] [Times: user=0.01 sys=0.00, real=0.00 secs] 
1177.478: [GC (Allocation Failure) [PSYoungGen: 69197K->1520K(69632K)] 394009K->326340K(757760K), 0.0019559 secs] [Times: user=0.01 sys=0.00, real=0.00 secs] 
1178.124: [GC (Allocation Failure) [PSYoungGen: 69104K->1408K(69632K)] 393924K->326228K(757760K), 0.0019217 secs] [Times: user=0.01 sys=0.00, real=0.00 secs] 
1178.646: [GC (Allocation Failure) [PSYoungGen: 68992K->1376K(69632K)] 393812K->326196K(757760K), 0.0025697 secs] [Times: user=0.01 sys=0.00, real=0.01 secs] 
1178.929: [GC (Allocation Failure) [PSYoungGen: 68960K->1408K(69632K)] 393780K->326228K(757760K), 0.0018758 secs] [Times: user=0.00 sys=0.00, real=0.00 secs] 
1179.421: [GC (Allocation Failure) [PSYoungGen: 68992K->1373K(69632K)] 393812K->326193K(757760K), 0.0033530 secs] [Times: user=0.02 sys=0.00, real=0.00 secs] 
1179.912: [GC (Allocation Failure) [PSYoungGen: 68957K->1568K(69632K)] 393777K->326388K(757760K), 0.0016822 secs] [Times: user=0.01 sys=0.00, real=0.00 secs] 
1180.306: [GC (Allocation Failure) [PSYoungGen: 69152K->1533K(69632K)] 393972K->326353K(757760K), 0.0015951 secs] [Times: user=0.01 sys=0.00, real=0.01 secs] 
1180.756: [GC (Allocation Failure) [PSYoungGen: 69117K->1613K(69632K)] 393937K->326457K(757760K), 0.0015992 secs] [Times: user=0.01 sys=0.00, real=0.01 secs] 
1181.418: [GC (Allocation Failure) [PSYoungGen: 69197K->1504K(69632K)] 394041K->326348K(757760K), 0.0024332 secs] [Times: user=0.02 sys=0.00, real=0.00 secs] 
1182.354: [GC (Allocation Failure) [PSYoungGen: 69088K->1408K(69632K)] 393932K->326252K(757760K), 0.0037529 secs] [Times: user=0.01 sys=0.01, real=0.01 secs] 
1183.196: [GC (Allocation Failure) [PSYoungGen: 68992K->1408K(69632K)] 393836K->326252K(757760K), 0.0035596 secs] [Times: user=0.01 sys=0.00, real=0.01 secs] 
1183.740: [GC (Allocation Failure) [PSYoungGen: 68992K->1376K(69632K)] 393836K->326220K(757760K), 0.0032427 secs] [Times: user=0.01 sys=0.00, real=0.00 secs] 
1184.092: [GC (Allocation Failure) [PSYoungGen: 68938K->1517K(69632K)] 393783K->326361K(757760K), 0.0015432 secs] [Times: user=0.00 sys=0.00, real=0.00 secs] 
1184.486: [GC (Allocation Failure) [PSYoungGen: 69101K->1533K(69632K)] 393945K->326377K(757760K), 0.0015473 secs] [Times: user=0.01 sys=0.00, real=0.01 secs] 
1184.878: [GC (Allocation Failure) [PSYoungGen: 69117K->1533K(69632K)] 393961K->326377K(757760K), 0.0015602 secs] [Times: user=0.00 sys=0.00, real=0.00 secs] 
1185.272: [GC (Allocation Failure) [PSYoungGen: 69117K->1520K(69632K)] 393961K->326388K(757760K), 0.0015522 secs] [Times: user=0.01 sys=0.00, real=0.00 secs] 
1185.966: [GC (Allocation Failure) [PSYoungGen: 69104K->1424K(69632K)] 393972K->326292K(757760K), 0.0017299 secs] [Times: user=0.01 sys=0.00, real=0.01 secs] 
1186.754: [GC (Allocation Failure) [PSYoungGen: 69008K->1408K(69632K)] 393876K->326276K(757760K), 0.0026935 secs] [Times: user=0.01 sys=0.00, real=0.00 secs] 
1187.319: [GC (Allocation Failure) [PSYoungGen: 68992K->1408K(69632K)] 393860K->326276K(757760K), 0.0042597 secs] [Times: user=0.02 sys=0.00, real=0.00 secs] 
1187.891: [GC (Allocation Failure) [PSYoungGen: 68992K->1408K(69632K)] 393860K->326276K(757760K), 0.0030702 secs] [Times: user=0.01 sys=0.00, real=0.00 secs] 
1188.547: [GC (Allocation Failure) [PSYoungGen: 68992K->1517K(69632K)] 393860K->326385K(757760K), 0.0017876 secs] [Times: user=0.01 sys=0.00, real=0.00 secs] 
1188.941: [GC (Allocation Failure) [PSYoungGen: 69101K->1616K(69632K)] 393969K->326484K(757760K), 0.0018642 secs] [Times: user=0.01 sys=0.00, real=0.00 secs] 
1189.342: [GC (Allocation Failure) [PSYoungGen: 69200K->1581K(69632K)] 394068K->326449K(757760K), 0.0016773 secs] [Times: user=0.00 sys=0.00, real=0.00 secs] 
1189.737: [GC (Allocation Failure) [PSYoungGen: 69165K->1629K(69632K)] 394033K->326513K(757760K), 0.0015720 secs] [Times: user=0.01 sys=0.00, real=0.01 secs] 
1190.051: [GC (Allocation Failure) [PSYoungGen: 69213K->1408K(69632K)] 394097K->326300K(757760K), 0.0028355 secs] [Times: user=0.01 sys=0.00, real=0.00 secs] 
1190.534: [GC (Allocation Failure) [PSYoungGen: 68992K->1440K(69632K)] 393884K->326332K(757760K), 0.0020532 secs] [Times: user=0.01 sys=0.00, real=0.00 secs] 
1191.152: [GC (Allocation Failure) [PSYoungGen: 69024K->1376K(69632K)] 393916K->326284K(757760K), 0.0018845 secs] [Times: user=0.01 sys=0.00, real=0.00 secs] 
1191.831: [GC (Allocation Failure) [PSYoungGen: 68960K->1376K(69632K)] 393868K->326284K(757760K), 0.0037241 secs] [Times: user=0.02 sys=0.00, real=0.00 secs] 
1192.510: [GC (Allocation Failure) [PSYoungGen: 68960K->1485K(69632K)] 393868K->326393K(757760K), 0.0016850 secs] [Times: user=0.01 sys=0.00, real=0.00 secs] 
1192.967: [GC (Allocation Failure) [PSYoungGen: 69069K->1552K(69632K)] 393977K->326460K(757760K), 0.0015308 secs] [Times: user=0.00 sys=0.00, real=0.00 secs] 
1193.422: [GC (Allocation Failure) [PSYoungGen: 69136K->1613K(69632K)] 394044K->326521K(757760K), 0.0016327 secs] [Times: user=0.01 sys=0.00, real=0.00 secs] 
1193.942: [GC (Allocation Failure) [PSYoungGen: 69197K->1792K(69632K)] 394105K->326708K(757760K), 0.0017292 secs] [Times: user=0.01 sys=0.00, real=0.00 secs] 
1194.589: [GC (Allocation Failure) [PSYoungGen: 69376K->1376K(69632K)] 394292K->326292K(757760K), 0.0030886 secs] [Times: user=0.02 sys=0.00, real=0.00 secs] 
1195.213: [GC (Allocation Failure) [PSYoungGen: 68960K->1376K(69632K)] 393876K->326292K(757760K), 0.0028508 secs] [Times: user=0.01 sys=0.00, real=0.00 secs] 
1195.894: [GC (Allocation Failure) [PSYoungGen: 68960K->1440K(69632K)] 393876K->326356K(757760K), 0.0025444 secs] [Times: user=0.01 sys=0.00, real=0.00 secs] 
1196.681: [GC (Allocation Failure) [PSYoungGen: 69024K->1392K(69632K)] 393940K->326308K(757760K), 0.0038822 secs] [Times: user=0.02 sys=0.00, real=0.00 secs] 
1197.224: [GC (Allocation Failure) [PSYoungGen: 68976K->1600K(69632K)] 393892K->326516K(757760K), 0.0014919 secs] [Times: user=0.01 sys=0.00, real=0.00 secs] 
1197.683: [GC (Allocation Failure) [PSYoungGen: 69184K->1552K(69632K)] 394100K->326468K(757760K), 0.0015988 secs] [Times: user=0.01 sys=0.00, real=0.00 secs] 
1198.079: [GC (Allocation Failure) [PSYoungGen: 69136K->1584K(69632K)] 394052K->326500K(757760K), 0.0016233 secs] [Times: user=0.00 sys=0.00, real=0.00 secs] 
1198.806: [GC (Allocation Failure) [PSYoungGen: 69168K->1488K(69632K)] 394084K->326412K(757760K), 0.0029129 secs] [Times: user=0.01 sys=0.00, real=0.01 secs] 
1199.459: [GC (Allocation Failure) [PSYoungGen: 69072K->1408K(69632K)] 393996K->326332K(757760K), 0.0023952 secs] [Times: user=0.01 sys=0.00, real=0.00 secs] 
1200.000: [GC (Allocation Failure) [PSYoungGen: 68992K->1408K(69632K)] 393916K->326332K(757760K), 0.0022774 secs] [Times: user=0.01 sys=0.00, real=0.00 secs] 
1200.558: [GC (Allocation Failure) [PSYoungGen: 68992K->1376K(69632K)] 393916K->326300K(757760K), 0.0031793 secs] [Times: user=0.01 sys=0.00, real=0.00 secs] 
1201.128: [GC (Allocation Failure) [PSYoungGen: 68960K->1520K(69632K)] 393884K->326444K(757760K), 0.0017970 secs] [Times: user=0.01 sys=0.00, real=0.00 secs] 
1201.545: [GC (Allocation Failure) [PSYoungGen: 69104K->1613K(69632K)] 394028K->326537K(757760K), 0.0016281 secs] [Times: user=0.00 sys=0.00, real=0.01 secs] 
1201.947: [GC (Allocation Failure) [PSYoungGen: 69189K->1581K(69632K)] 394113K->326537K(757760K), 0.0015920 secs] [Times: user=0.01 sys=0.00, real=0.00 secs] 
1202.344: [GC (Allocation Failure) [PSYoungGen: 69165K->1552K(69632K)] 394121K->326532K(757760K), 0.0017331 secs] [Times: user=0.00 sys=0.00, real=0.00 secs] 
1202.732: [GC (Allocation Failure) [PSYoungGen: 69136K->1440K(69632K)] 394116K->326428K(757760K), 0.0017358 secs] [Times: user=0.00 sys=0.00, real=0.00 secs] 
1203.277: [GC (Allocation Failure) [PSYoungGen: 69024K->1408K(69632K)] 394012K->326396K(757760K), 0.0016531 secs] [Times: user=0.00 sys=0.00, real=0.00 secs] 
1203.831: [GC (Allocation Failure) [PSYoungGen: 68992K->1440K(69632K)] 393980K->326428K(757760K), 0.0021771 secs] [Times: user=0.01 sys=0.00, real=0.00 secs] 
1204.416: [GC (Allocation Failure) [PSYoungGen: 69024K->1408K(69632K)] 394012K->326396K(757760K), 0.0019523 secs] [Times: user=0.00 sys=0.00, real=0.01 secs] 
1204.965: [GC (Allocation Failure) [PSYoungGen: 68992K->1485K(69632K)] 393980K->326473K(757760K), 0.0014690 secs] [Times: user=0.00 sys=0.00, real=0.00 secs] 
1205.360: [GC (Allocation Failure) [PSYoungGen: 69067K->1581K(69632K)] 394056K->326569K(757760K), 0.0015676 secs] [Times: user=0.01 sys=0.00, real=0.00 secs] 
1205.755: [GC (Allocation Failure) [PSYoungGen: 69165K->1597K(69632K)] 394153K->326585K(757760K), 0.0015748 secs] [Times: user=0.00 sys=0.00, real=0.00 secs] 
1206.151: [GC (Allocation Failure) [PSYoungGen: 69181K->1565K(69632K)] 394169K->326569K(757760K), 0.0015521 secs] [Times: user=0.01 sys=0.00, real=0.00 secs] 
1206.593: [GC (Allocation Failure) [PSYoungGen: 69149K->1424K(69632K)] 394153K->326428K(757760K), 0.0034074 secs] [Times: user=0.02 sys=0.01, real=0.00 secs] 
1206.902: [GC (Allocation Failure) [PSYoungGen: 69008K->1440K(69632K)] 394012K->326444K(757760K), 0.0019254 secs] [Times: user=0.00 sys=0.00, real=0.00 secs] 
1207.210: [GC (Allocation Failure) [PSYoungGen: 69024K->1408K(69632K)] 394028K->326412K(757760K), 0.0019450 secs] [Times: user=0.01 sys=0.00, real=0.00 secs] 
1207.548: [GC (Allocation Failure) [PSYoungGen: 68992K->1408K(69632K)] 393996K->326412K(757760K), 0.0020218 secs] [Times: user=0.01 sys=0.00, real=0.00 secs] 
1207.939: [GC (Allocation Failure) [PSYoungGen: 68992K->1549K(69632K)] 393996K->326553K(757760K), 0.0015520 secs] [Times: user=0.01 sys=0.00, real=0.00 secs] 
1208.332: [GC (Allocation Failure) [PSYoungGen: 69133K->1600K(69632K)] 394137K->326604K(757760K), 0.0015644 secs] [Times: user=0.00 sys=0.00, real=0.00 secs] 
1208.725: [GC (Allocation Failure) [PSYoungGen: 69184K->1616K(69632K)] 394188K->326620K(757760K), 0.0015283 secs] [Times: user=0.01 sys=0.00, real=0.00 secs] 
1209.119: [GC (Allocation Failure) [PSYoungGen: 69200K->1581K(69632K)] 394204K->326609K(757760K), 0.0015632 secs] [Times: user=0.01 sys=0.00, real=0.00 secs] 
1209.817: [GC (Allocation Failure) [PSYoungGen: 69165K->1376K(69632K)] 394193K->326436K(757760K), 0.0022236 secs] [Times: user=0.01 sys=0.00, real=0.00 secs] 
1210.435: [GC (Allocation Failure) [PSYoungGen: 68960K->1376K(69632K)] 394020K->326436K(757760K), 0.0022818 secs] [Times: user=0.01 sys=0.00, real=0.01 secs] 
1210.735: [GC (Allocation Failure) [PSYoungGen: 68960K->1376K(69632K)] 394020K->326436K(757760K), 0.0019930 secs] [Times: user=0.01 sys=0.00, real=0.00 secs] 
1211.303: [GC (Allocation Failure) [PSYoungGen: 68960K->1376K(69632K)] 394020K->326436K(757760K), 0.0019558 secs] [Times: user=0.01 sys=0.00, real=0.00 secs] 
1211.762: [GC (Allocation Failure) [PSYoungGen: 68960K->1552K(69632K)] 394020K->326612K(757760K), 0.0015483 secs] [Times: user=0.01 sys=0.00, real=0.00 secs] 
1212.165: [GC (Allocation Failure) [PSYoungGen: 69136K->1581K(69632K)] 394196K->326641K(757760K), 0.0016649 secs] [Times: user=0.01 sys=0.00, real=0.00 secs] 
1212.558: [GC (Allocation Failure) [PSYoungGen: 69165K->1613K(69632K)] 394225K->326673K(757760K), 0.0015683 secs] [Times: user=0.01 sys=0.00, real=0.00 secs] 
1212.979: [GC (Allocation Failure) [PSYoungGen: 69197K->1568K(69632K)] 394257K->326628K(757760K), 0.0020213 secs] [Times: user=0.01 sys=0.00, real=0.00 secs] 
1213.260: [GC (Allocation Failure) [PSYoungGen: 69152K->1376K(69632K)] 394212K->326436K(757760K), 0.0019382 secs] [Times: user=0.01 sys=0.00, real=0.00 secs] 
1213.541: [GC (Allocation Failure) [PSYoungGen: 68960K->1392K(69632K)] 394020K->326460K(757760K), 0.0020894 secs] [Times: user=0.01 sys=0.00, real=0.00 secs] 
1213.863: [GC (Allocation Failure) [PSYoungGen: 68976K->1408K(69632K)] 394044K->326476K(757760K), 0.0019438 secs] [Times: user=0.01 sys=0.00, real=0.00 secs] 
1214.380: [GC (Allocation Failure) [PSYoungGen: 68992K->1456K(69632K)] 394060K->326524K(757760K), 0.0020658 secs] [Times: user=0.01 sys=0.00, real=0.00 secs] 
1214.799: [GC (Allocation Failure) [PSYoungGen: 69040K->1552K(69632K)] 394108K->326620K(757760K), 0.0015760 secs] [Times: user=0.01 sys=0.00, real=0.00 secs] 
1215.192: [GC (Allocation Failure) [PSYoungGen: 69120K->1600K(69632K)] 394188K->326676K(757760K), 0.0017332 secs] [Times: user=0.00 sys=0.00, real=0.00 secs] 
1215.588: [GC (Allocation Failure) [PSYoungGen: 69184K->1616K(69632K)] 394260K->326692K(757760K), 0.0015350 secs] [Times: user=0.01 sys=0.00, real=0.00 secs] 
1215.965: [GC (Allocation Failure) [PSYoungGen: 69200K->1472K(69632K)] 394276K->326556K(757760K), 0.0018582 secs] [Times: user=0.01 sys=0.00, real=0.01 secs] 
1216.386: [GC (Allocation Failure) [PSYoungGen: 69056K->1424K(69632K)] 394140K->326508K(757760K), 0.0018306 secs] [Times: user=0.01 sys=0.00, real=0.01 secs] 
1216.978: [GC (Allocation Failure) [PSYoungGen: 69008K->1376K(69632K)] 394092K->326460K(757760K), 0.0033213 secs] [Times: user=0.02 sys=0.00, real=0.00 secs] 
1217.521: [GC (Allocation Failure) [PSYoungGen: 68960K->1408K(69632K)] 394044K->326492K(757760K), 0.0026754 secs] [Times: user=0.01 sys=0.00, real=0.00 secs] 
1218.086: [GC (Allocation Failure) [PSYoungGen: 68992K->1485K(69632K)] 394076K->326569K(757760K), 0.0014367 secs] [Times: user=0.01 sys=0.00, real=0.01 secs] 
1218.481: [GC (Allocation Failure) [PSYoungGen: 69051K->1581K(69632K)] 394135K->326665K(757760K), 0.0015725 secs] [Times: user=0.00 sys=0.00, real=0.00 secs] 
1218.877: [GC (Allocation Failure) [PSYoungGen: 69165K->1552K(69632K)] 394249K->326636K(757760K), 0.0017155 secs] [Times: user=0.01 sys=0.00, real=0.00 secs] 
1219.271: [GC (Allocation Failure) [PSYoungGen: 69136K->1565K(69632K)] 394220K->326657K(757760K), 0.0015943 secs] [Times: user=0.00 sys=0.00, real=0.00 secs] 
1219.633: [GC (Allocation Failure) [PSYoungGen: 69149K->1424K(69632K)] 394241K->326548K(757760K), 0.0019496 secs] [Times: user=0.01 sys=0.00, real=0.00 secs] 
1220.130: [GC (Allocation Failure) [PSYoungGen: 69008K->1376K(69632K)] 394132K->326500K(757760K), 0.0021421 secs] [Times: user=0.01 sys=0.00, real=0.00 secs] 
1220.648: [GC (Allocation Failure) [PSYoungGen: 68960K->1408K(69632K)] 394084K->326532K(757760K), 0.0020081 secs] [Times: user=0.00 sys=0.00, real=0.00 secs] 
1221.201: [GC (Allocation Failure) [PSYoungGen: 68992K->1408K(69632K)] 394116K->326532K(757760K), 0.0019415 secs] [Times: user=0.01 sys=0.00, real=0.00 secs] 
1221.737: [GC (Allocation Failure) [PSYoungGen: 68992K->1485K(69632K)] 394116K->326609K(757760K), 0.0014791 secs] [Times: user=0.00 sys=0.00, real=0.00 secs] 
1222.131: [GC (Allocation Failure) [PSYoungGen: 69069K->1565K(69632K)] 394193K->326689K(757760K), 0.0016669 secs] [Times: user=0.01 sys=0.00, real=0.00 secs] 
1222.532: [GC (Allocation Failure) [PSYoungGen: 69149K->1581K(69632K)] 394273K->326705K(757760K), 0.0015907 secs] [Times: user=0.00 sys=0.00, real=0.00 secs] 
1222.929: [GC (Allocation Failure) [PSYoungGen: 69165K->1584K(69632K)] 394289K->326724K(757760K), 0.0016232 secs] [Times: user=0.01 sys=0.00, real=0.00 secs] 
1223.460: [GC (Allocation Failure) [PSYoungGen: 69168K->1424K(69632K)] 394308K->326564K(757760K), 0.0016612 secs] [Times: user=0.01 sys=0.00, real=0.00 secs] 
1224.070: [GC (Allocation Failure) [PSYoungGen: 69008K->1392K(69632K)] 394148K->326532K(757760K), 0.0038357 secs] [Times: user=0.02 sys=0.01, real=0.00 secs] 
1224.953: [GC (Allocation Failure) [PSYoungGen: 68976K->1408K(69632K)] 394116K->326548K(757760K), 0.0027636 secs] [Times: user=0.01 sys=0.00, real=0.00 secs] 
1225.756: [GC (Allocation Failure) [PSYoungGen: 68992K->1408K(69632K)] 394132K->326548K(757760K), 0.0026736 secs] [Times: user=0.01 sys=0.00, real=0.01 secs] 
1226.268: [GC (Allocation Failure) [PSYoungGen: 68992K->1549K(69632K)] 394132K->326689K(757760K), 0.0016195 secs] [Times: user=0.01 sys=0.00, real=0.00 secs] 
1226.665: [GC (Allocation Failure) [PSYoungGen: 69133K->1565K(69632K)] 394273K->326705K(757760K), 0.0017127 secs] [Times: user=0.01 sys=0.00, real=0.01 secs] 
1227.122: [GC (Allocation Failure) [PSYoungGen: 69149K->1597K(69632K)] 394289K->326737K(757760K), 0.0017085 secs] [Times: user=0.00 sys=0.00, real=0.00 secs] 
1227.753: [GC (Allocation Failure) [PSYoungGen: 69181K->2032K(69632K)] 394321K->327188K(757760K), 0.0018777 secs] [Times: user=0.00 sys=0.00, real=0.00 secs] 
1228.534: [GC (Allocation Failure) [PSYoungGen: 69616K->1376K(69632K)] 394772K->326532K(757760K), 0.0029927 secs] [Times: user=0.01 sys=0.01, real=0.00 secs] 
1229.097: [GC (Allocation Failure) [PSYoungGen: 68960K->1424K(69632K)] 394116K->326580K(757760K), 0.0032936 secs] [Times: user=0.01 sys=0.00, real=0.01 secs] 
1229.678: [GC (Allocation Failure) [PSYoungGen: 69008K->1408K(69632K)] 394164K->326564K(757760K), 0.0027128 secs] [Times: user=0.01 sys=0.00, real=0.00 secs] 
1230.253: [GC (Allocation Failure) [PSYoungGen: 68992K->1408K(69632K)] 394148K->326572K(757760K), 0.0027637 secs] [Times: user=0.01 sys=0.00, real=0.00 secs] 
1230.733: [GC (Allocation Failure) [PSYoungGen: 68992K->1597K(69632K)] 394156K->326761K(757760K), 0.0015664 secs] [Times: user=0.01 sys=0.00, real=0.00 secs] 
1231.190: [GC (Allocation Failure) [PSYoungGen: 69181K->1613K(69632K)] 394345K->326777K(757760K), 0.0016175 secs] [Times: user=0.00 sys=0.00, real=0.00 secs] 
1231.588: [GC (Allocation Failure) [PSYoungGen: 69197K->1581K(69632K)] 394361K->326745K(757760K), 0.0016515 secs] [Times: user=0.01 sys=0.00, real=0.00 secs] 
1231.963: [GC (Allocation Failure) [PSYoungGen: 69165K->1504K(69632K)] 394329K->326684K(757760K), 0.0020367 secs] [Times: user=0.01 sys=0.00, real=0.00 secs] 
1232.244: [GC (Allocation Failure) [PSYoungGen: 69088K->1312K(69632K)] 394268K->326492K(757760K), 0.0019681 secs] [Times: user=0.01 sys=0.00, real=0.00 secs] 
1232.525: [GC (Allocation Failure) [PSYoungGen: 68896K->1408K(69632K)] 394076K->326588K(757760K), 0.0028066 secs] [Times: user=0.02 sys=0.00, real=0.01 secs] 
1232.807: [GC (Allocation Failure) [PSYoungGen: 68992K->1376K(69632K)] 394172K->326556K(757760K), 0.0020207 secs] [Times: user=0.00 sys=0.00, real=0.01 secs] 
1233.196: [GC (Allocation Failure) [PSYoungGen: 68960K->1456K(69632K)] 394140K->326636K(757760K), 0.0018069 secs] [Times: user=0.01 sys=0.00, real=0.01 secs] 
1233.594: [GC (Allocation Failure) [PSYoungGen: 69040K->1613K(69632K)] 394220K->326793K(757760K), 0.0015560 secs] [Times: user=0.01 sys=0.00, real=0.00 secs] 
1233.987: [GC (Allocation Failure) [PSYoungGen: 69197K->1581K(69632K)] 394377K->326761K(757760K), 0.0017118 secs] [Times: user=0.01 sys=0.00, real=0.00 secs] 
1234.381: [GC (Allocation Failure) [PSYoungGen: 69165K->1581K(69632K)] 394345K->326777K(757760K), 0.0016887 secs] [Times: user=0.00 sys=0.00, real=0.00 secs] 
1234.723: [GC (Allocation Failure) [PSYoungGen: 69165K->1472K(69632K)] 394361K->326668K(757760K), 0.0025579 secs] [Times: user=0.01 sys=0.00, real=0.00 secs] 
1235.005: [GC (Allocation Failure) [PSYoungGen: 69056K->1440K(69632K)] 394252K->326636K(757760K), 0.0020478 secs] [Times: user=0.01 sys=0.00, real=0.00 secs] 
1235.285: [GC (Allocation Failure) [PSYoungGen: 69024K->1408K(69632K)] 394220K->326604K(757760K), 0.0018814 secs] [Times: user=0.01 sys=0.00, real=0.01 secs] 
1235.566: [GC (Allocation Failure) [PSYoungGen: 68992K->1440K(69632K)] 394188K->326636K(757760K), 0.0019532 secs] [Times: user=0.01 sys=0.00, real=0.01 secs] 
1235.935: [GC (Allocation Failure) [PSYoungGen: 69024K->1501K(69632K)] 394220K->326697K(757760K), 0.0014792 secs] [Times: user=0.00 sys=0.00, real=0.00 secs] 
1236.330: [GC (Allocation Failure) [PSYoungGen: 69060K->1552K(69632K)] 394256K->326748K(757760K), 0.0015560 secs] [Times: user=0.00 sys=0.00, real=0.00 secs] 
1236.730: [GC (Allocation Failure) [PSYoungGen: 69136K->1597K(69632K)] 394332K->326793K(757760K), 0.0016892 secs] [Times: user=0.01 sys=0.00, real=0.00 secs] 
1237.123: [GC (Allocation Failure) [PSYoungGen: 69181K->1552K(69632K)] 394377K->326756K(757760K), 0.0015811 secs] [Times: user=0.00 sys=0.00, real=0.00 secs] 
1237.473: [GC (Allocation Failure) [PSYoungGen: 69136K->1408K(69632K)] 394340K->326612K(757760K), 0.0018769 secs] [Times: user=0.01 sys=0.00, real=0.00 secs] 
1237.754: [GC (Allocation Failure) [PSYoungGen: 68992K->1408K(69632K)] 394196K->326612K(757760K), 0.0018392 secs] [Times: user=0.01 sys=0.00, real=0.00 secs] 
1238.040: [GC (Allocation Failure) [PSYoungGen: 68992K->1376K(69632K)] 394196K->326580K(757760K), 0.0027183 secs] [Times: user=0.01 sys=0.00, real=0.00 secs] 
1238.318: [GC (Allocation Failure) [PSYoungGen: 68960K->1376K(69632K)] 394164K->326580K(757760K), 0.0028602 secs] [Times: user=0.01 sys=0.00, real=0.00 secs] 
1238.785: [GC (Allocation Failure) [PSYoungGen: 68960K->1549K(69632K)] 394164K->326777K(757760K), 0.0015492 secs] [Times: user=0.01 sys=0.00, real=0.00 secs] 
1239.178: [GC (Allocation Failure) [PSYoungGen: 69133K->1584K(69632K)] 394361K->326812K(757760K), 0.0016253 secs] [Times: user=0.01 sys=0.00, real=0.00 secs] 
1239.629: [GC (Allocation Failure) [PSYoungGen: 69168K->1584K(69632K)] 394396K->326812K(757760K), 0.0019234 secs] [Times: user=0.00 sys=0.00, real=0.00 secs] 
1240.086: [GC (Allocation Failure) [PSYoungGen: 69168K->1680K(69632K)] 394396K->326908K(757760K), 0.0019615 secs] [Times: user=0.01 sys=0.00, real=0.01 secs] 
1240.567: [GC (Allocation Failure) [PSYoungGen: 69264K->1408K(69632K)] 394492K->326636K(757760K), 0.0020359 secs] [Times: user=0.00 sys=0.01, real=0.00 secs] 
1240.880: [GC (Allocation Failure) [PSYoungGen: 68992K->1376K(69632K)] 394220K->326604K(757760K), 0.0022521 secs] [Times: user=0.01 sys=0.00, real=0.00 secs] 
1241.193: [GC (Allocation Failure) [PSYoungGen: 68960K->1344K(69632K)] 394188K->326572K(757760K), 0.0024964 secs] [Times: user=0.01 sys=0.00, real=0.00 secs] 
1241.476: [GC (Allocation Failure) [PSYoungGen: 68928K->1408K(69632K)] 394156K->326636K(757760K), 0.0023607 secs] [Times: user=0.01 sys=0.00, real=0.01 secs] 
1241.970: [GC (Allocation Failure) [PSYoungGen: 68992K->1581K(69632K)] 394220K->326809K(757760K), 0.0015284 secs] [Times: user=0.00 sys=0.00, real=0.00 secs] 
1242.370: [GC (Allocation Failure) [PSYoungGen: 69165K->1568K(69632K)] 394393K->326796K(757760K), 0.0016571 secs] [Times: user=0.00 sys=0.00, real=0.00 secs] 
1242.766: [GC (Allocation Failure) [PSYoungGen: 69152K->1584K(69632K)] 394380K->326812K(757760K), 0.0056814 secs] [Times: user=0.03 sys=0.00, real=0.01 secs] 
1243.181: [GC (Allocation Failure) [PSYoungGen: 69168K->1456K(69632K)] 394396K->326684K(757760K), 0.0019831 secs] [Times: user=0.00 sys=0.00, real=0.00 secs] 
1243.536: [GC (Allocation Failure) [PSYoungGen: 69040K->1344K(69632K)] 394268K->326572K(757760K), 0.0020411 secs] [Times: user=0.01 sys=0.01, real=0.01 secs] 
1243.817: [GC (Allocation Failure) [PSYoungGen: 68928K->1408K(69632K)] 394156K->326636K(757760K), 0.0018950 secs] [Times: user=0.00 sys=0.00, real=0.01 secs] 
1244.171: [GC (Allocation Failure) [PSYoungGen: 68992K->1408K(69632K)] 394220K->326636K(757760K), 0.0033194 secs] [Times: user=0.02 sys=0.00, real=0.00 secs] 
1244.706: [GC (Allocation Failure) [PSYoungGen: 68992K->1437K(69632K)] 394220K->326665K(757760K), 0.0019846 secs] [Times: user=0.01 sys=0.00, real=0.01 secs] 
1245.115: [GC (Allocation Failure) [PSYoungGen: 69021K->1584K(69632K)] 394249K->326812K(757760K), 0.0015778 secs] [Times: user=0.01 sys=0.00, real=0.00 secs] 
1245.508: [GC (Allocation Failure) [PSYoungGen: 69163K->1552K(69632K)] 394391K->326780K(757760K), 0.0015558 secs] [Times: user=0.00 sys=0.00, real=0.00 secs] 
1245.970: [GC (Allocation Failure) [PSYoungGen: 69136K->1517K(69632K)] 394364K->326761K(757760K), 0.0016044 secs] [Times: user=0.01 sys=0.00, real=0.00 secs] 
1246.393: [GC (Allocation Failure) [PSYoungGen: 69101K->1504K(69632K)] 394345K->326748K(757760K), 0.0025123 secs] [Times: user=0.01 sys=0.00, real=0.00 secs] 
1246.874: [GC (Allocation Failure) [PSYoungGen: 69088K->1376K(69632K)] 394332K->326620K(757760K), 0.0018910 secs] [Times: user=0.00 sys=0.00, real=0.00 secs] 
1247.502: [GC (Allocation Failure) [PSYoungGen: 68960K->1376K(69632K)] 394204K->326620K(757760K), 0.0021993 secs] [Times: user=0.00 sys=0.00, real=0.00 secs] 
1248.273: [GC (Allocation Failure) [PSYoungGen: 68960K->1408K(69632K)] 394204K->326652K(757760K), 0.0026479 secs] [Times: user=0.02 sys=0.00, real=0.00 secs] 
1249.272: [GC (Allocation Failure) [PSYoungGen: 68992K->1485K(69632K)] 394236K->326729K(757760K), 0.0015269 secs] [Times: user=0.01 sys=0.00, real=0.00 secs] 
1249.667: [GC (Allocation Failure) [PSYoungGen: 69069K->1597K(69632K)] 394313K->326841K(757760K), 0.0017627 secs] [Times: user=0.00 sys=0.00, real=0.00 secs] 
1250.063: [GC (Allocation Failure) [PSYoungGen: 69181K->1597K(69632K)] 394425K->326841K(757760K), 0.0016162 secs] [Times: user=0.01 sys=0.00, real=0.00 secs] 
1250.457: [GC (Allocation Failure) [PSYoungGen: 69181K->1629K(69632K)] 394425K->326881K(757760K), 0.0015348 secs] [Times: user=0.00 sys=0.00, real=0.01 secs] 
1251.392: [GC (Allocation Failure) [PSYoungGen: 69213K->1424K(69632K)] 394465K->326700K(757760K), 0.0020512 secs] [Times: user=0.01 sys=0.00, real=0.00 secs] 
1251.673: [GC (Allocation Failure) [PSYoungGen: 69008K->1376K(69632K)] 394284K->326652K(757760K), 0.0020499 secs] [Times: user=0.01 sys=0.00, real=0.00 secs] 
1251.954: [GC (Allocation Failure) [PSYoungGen: 68960K->1408K(69632K)] 394236K->326684K(757760K), 0.0019539 secs] [Times: user=0.01 sys=0.00, real=0.00 secs] 
1252.235: [GC (Allocation Failure) [PSYoungGen: 68992K->1376K(69632K)] 394268K->326652K(757760K), 0.0024182 secs] [Times: user=0.01 sys=0.00, real=0.01 secs] 
1252.650: [GC (Allocation Failure) [PSYoungGen: 68929K->1485K(69632K)] 394205K->326761K(757760K), 0.0015353 secs] [Times: user=0.01 sys=0.00, real=0.00 secs] 
1253.049: [GC (Allocation Failure) [PSYoungGen: 69069K->1517K(69632K)] 394345K->326793K(757760K), 0.0016520 secs] [Times: user=0.01 sys=0.00, real=0.00 secs] 
1253.447: [GC (Allocation Failure) [PSYoungGen: 69101K->1549K(69632K)] 394377K->326825K(757760K), 0.0016823 secs] [Times: user=0.01 sys=0.00, real=0.00 secs] 
1253.841: [GC (Allocation Failure) [PSYoungGen: 69133K->1568K(69632K)] 394409K->326852K(757760K), 0.0015758 secs] [Times: user=0.00 sys=0.00, real=0.00 secs] 
1254.232: [GC (Allocation Failure) [PSYoungGen: 69152K->1440K(69632K)] 394436K->326724K(757760K), 0.0023483 secs] [Times: user=0.01 sys=0.00, real=0.00 secs] 
1254.554: [GC (Allocation Failure) [PSYoungGen: 69024K->1408K(69632K)] 394308K->326700K(757760K), 0.0020869 secs] [Times: user=0.01 sys=0.01, real=0.00 secs] 
1254.878: [GC (Allocation Failure) [PSYoungGen: 68992K->1392K(69632K)] 394284K->326684K(757760K), 0.0019942 secs] [Times: user=0.01 sys=0.00, real=0.00 secs] 
1255.216: [GC (Allocation Failure) [PSYoungGen: 68976K->1344K(69632K)] 394268K->326636K(757760K), 0.0022741 secs] [Times: user=0.01 sys=0.00, real=0.01 secs] 
1255.617: [GC (Allocation Failure) [PSYoungGen: 68896K->1613K(69632K)] 394188K->326905K(757760K), 0.0015188 secs] [Times: user=0.01 sys=0.00, real=0.01 secs] 
1256.072: [GC (Allocation Failure) [PSYoungGen: 69197K->1616K(69632K)] 394489K->326908K(757760K), 0.0016228 secs] [Times: user=0.01 sys=0.00, real=0.00 secs] 
1256.526: [GC (Allocation Failure) [PSYoungGen: 69200K->1536K(69632K)] 394492K->326828K(757760K), 0.0016311 secs] [Times: user=0.00 sys=0.00, real=0.01 secs] 
1257.024: [GC (Allocation Failure) [PSYoungGen: 69120K->1504K(69632K)] 394412K->326804K(757760K), 0.0023110 secs] [Times: user=0.00 sys=0.00, real=0.00 secs] 
1257.732: [GC (Allocation Failure) [PSYoungGen: 69088K->1408K(69632K)] 394388K->326708K(757760K), 0.0024111 secs] [Times: user=0.01 sys=0.00, real=0.00 secs] 
1258.327: [GC (Allocation Failure) [PSYoungGen: 68992K->1408K(69632K)] 394292K->326708K(757760K), 0.0022979 secs] [Times: user=0.01 sys=0.00, real=0.00 secs] 
1259.017: [GC (Allocation Failure) [PSYoungGen: 68992K->1408K(69632K)] 394292K->326708K(757760K), 0.0028808 secs] [Times: user=0.01 sys=0.00, real=0.01 secs] 
1259.744: [GC (Allocation Failure) [PSYoungGen: 68965K->1456K(69632K)] 394266K->326772K(757760K), 0.0023525 secs] [Times: user=0.01 sys=0.00, real=0.00 secs] 
1260.186: [GC (Allocation Failure) [PSYoungGen: 69040K->1581K(69632K)] 394356K->326897K(757760K), 0.0017069 secs] [Times: user=0.01 sys=0.00, real=0.01 secs] 
1260.585: [GC (Allocation Failure) [PSYoungGen: 69165K->1565K(69632K)] 394481K->326905K(757760K), 0.0017311 secs] [Times: user=0.01 sys=0.00, real=0.00 secs] 
1260.979: [GC (Allocation Failure) [PSYoungGen: 69149K->1584K(69632K)] 394489K->326924K(757760K), 0.0015419 secs] [Times: user=0.01 sys=0.00, real=0.00 secs] 
1261.380: [GC (Allocation Failure) [PSYoungGen: 69168K->1520K(69632K)] 394508K->326860K(757760K), 0.0019683 secs] [Times: user=0.00 sys=0.00, real=0.00 secs] 
1261.773: [GC (Allocation Failure) [PSYoungGen: 69104K->1408K(69632K)] 394444K->326748K(757760K), 0.0019750 secs] [Times: user=0.01 sys=0.00, real=0.00 secs] 
1262.073: [GC (Allocation Failure) [PSYoungGen: 68992K->1376K(69632K)] 394332K->326716K(757760K), 0.0021148 secs] [Times: user=0.01 sys=0.00, real=0.00 secs] 
1262.400: [GC (Allocation Failure) [PSYoungGen: 68960K->1392K(69632K)] 394300K->326732K(757760K), 0.0019615 secs] [Times: user=0.01 sys=0.00, real=0.00 secs] 
1262.746: [GC (Allocation Failure) [PSYoungGen: 68976K->1469K(69632K)] 394316K->326809K(757760K), 0.0014768 secs] [Times: user=0.00 sys=0.00, real=0.01 secs] 
1263.141: [GC (Allocation Failure) [PSYoungGen: 69053K->1584K(69632K)] 394393K->326924K(757760K), 0.0016561 secs] [Times: user=0.01 sys=0.00, real=0.00 secs] 
1263.549: [GC (Allocation Failure) [PSYoungGen: 69168K->1613K(69632K)] 394508K->326961K(757760K), 0.0015875 secs] [Times: user=0.01 sys=0.00, real=0.00 secs] 
1263.952: [GC (Allocation Failure) [PSYoungGen: 69197K->1584K(69632K)] 394545K->326948K(757760K), 0.0015863 secs] [Times: user=0.00 sys=0.00, real=0.00 secs] 
1264.849: [GC (Allocation Failure) [PSYoungGen: 69168K->1408K(69632K)] 394532K->326772K(757760K), 0.0023246 secs] [Times: user=0.01 sys=0.00, real=0.00 secs] 
1265.645: [GC (Allocation Failure) [PSYoungGen: 68992K->1440K(69632K)] 394356K->326804K(757760K), 0.0033810 secs] [Times: user=0.01 sys=0.00, real=0.01 secs] 
1266.244: [GC (Allocation Failure) [PSYoungGen: 69024K->1408K(69632K)] 394388K->326772K(757760K), 0.0028731 secs] [Times: user=0.01 sys=0.00, real=0.01 secs] 
1266.828: [GC (Allocation Failure) [PSYoungGen: 68992K->1376K(69632K)] 394356K->326740K(757760K), 0.0024651 secs] [Times: user=0.01 sys=0.00, real=0.00 secs] 
1267.197: [GC (Allocation Failure) [PSYoungGen: 68960K->1517K(69632K)] 394324K->326881K(757760K), 0.0014505 secs] [Times: user=0.01 sys=0.00, real=0.00 secs] 
1267.591: [GC (Allocation Failure) [PSYoungGen: 69101K->1568K(69632K)] 394465K->326932K(757760K), 0.0015434 secs] [Times: user=0.00 sys=0.00, real=0.00 secs] 
1267.984: [GC (Allocation Failure) [PSYoungGen: 69152K->1584K(69632K)] 394516K->326948K(757760K), 0.0017421 secs] [Times: user=0.00 sys=0.00, real=0.00 secs] 
1268.379: [GC (Allocation Failure) [PSYoungGen: 69168K->1552K(69632K)] 394532K->326932K(757760K), 0.0017423 secs] [Times: user=0.01 sys=0.00, real=0.00 secs] 
1268.774: [GC (Allocation Failure) [PSYoungGen: 69136K->1440K(69632K)] 394516K->326820K(757760K), 0.0020144 secs] [Times: user=0.00 sys=0.01, real=0.00 secs] 
1269.060: [GC (Allocation Failure) [PSYoungGen: 69024K->1408K(69632K)] 394404K->326788K(757760K), 0.0018656 secs] [Times: user=0.01 sys=0.00, real=0.00 secs] 
1269.340: [GC (Allocation Failure) [PSYoungGen: 68992K->1408K(69632K)] 394372K->326788K(757760K), 0.0020351 secs] [Times: user=0.01 sys=0.00, real=0.00 secs] 
1269.660: [GC (Allocation Failure) [PSYoungGen: 68992K->1440K(69632K)] 394372K->326820K(757760K), 0.0018657 secs] [Times: user=0.01 sys=0.00, real=0.00 secs] 
1270.059: [GC (Allocation Failure) [PSYoungGen: 69024K->1565K(69632K)] 394404K->326945K(757760K), 0.0014673 secs] [Times: user=0.01 sys=0.00, real=0.00 secs] 
1270.453: [GC (Allocation Failure) [PSYoungGen: 69139K->1581K(69632K)] 394519K->326993K(757760K), 0.0017395 secs] [Times: user=0.01 sys=0.00, real=0.00 secs] 
1270.849: [GC (Allocation Failure) [PSYoungGen: 69165K->1613K(69632K)] 394577K->327025K(757760K), 0.0016891 secs] [Times: user=0.01 sys=0.00, real=0.00 secs] 
1271.346: [GC (Allocation Failure) [PSYoungGen: 69197K->1984K(69632K)] 394609K->327396K(757760K), 0.0018867 secs] [Times: user=0.01 sys=0.00, real=0.01 secs] 
1271.934: [GC (Allocation Failure) [PSYoungGen: 69568K->1344K(69632K)] 394980K->326756K(757760K), 0.0020641 secs] [Times: user=0.01 sys=0.01, real=0.00 secs] 
1272.564: [GC (Allocation Failure) [PSYoungGen: 68928K->1392K(69632K)] 394340K->326804K(757760K), 0.0021701 secs] [Times: user=0.01 sys=0.00, real=0.00 secs] 
1273.126: [GC (Allocation Failure) [PSYoungGen: 68976K->1408K(69632K)] 394388K->326820K(757760K), 0.0022306 secs] [Times: user=0.01 sys=0.00, real=0.01 secs] 
1273.732: [GC (Allocation Failure) [PSYoungGen: 68992K->1408K(69632K)] 394404K->326820K(757760K), 0.0028916 secs] [Times: user=0.01 sys=0.00, real=0.00 secs] 
1274.230: [GC (Allocation Failure) [PSYoungGen: 68992K->1597K(69632K)] 394404K->327009K(757760K), 0.0016861 secs] [Times: user=0.01 sys=0.00, real=0.00 secs] 
1274.624: [GC (Allocation Failure) [PSYoungGen: 69181K->1552K(69632K)] 394593K->326964K(757760K), 0.0018163 secs] [Times: user=0.00 sys=0.00, real=0.00 secs] 
1275.018: [GC (Allocation Failure) [PSYoungGen: 69136K->1632K(69632K)] 394548K->327044K(757760K), 0.0015085 secs] [Times: user=0.01 sys=0.00, real=0.00 secs] 
1275.509: [GC (Allocation Failure) [PSYoungGen: 69216K->1456K(69632K)] 394628K->326868K(757760K), 0.0019130 secs] [Times: user=0.01 sys=0.00, real=0.00 secs] 
1276.111: [GC (Allocation Failure) [PSYoungGen: 69040K->1440K(69632K)] 394452K->326852K(757760K), 0.0019858 secs] [Times: user=0.01 sys=0.00, real=0.00 secs] 
1276.899: [GC (Allocation Failure) [PSYoungGen: 69024K->1408K(69632K)] 394436K->326820K(757760K), 0.0019607 secs] [Times: user=0.01 sys=0.00, real=0.00 secs] 
1277.800: [GC (Allocation Failure) [PSYoungGen: 68992K->1440K(69632K)] 394404K->326852K(757760K), 0.0024518 secs] [Times: user=0.01 sys=0.00, real=0.00 secs] 
1278.808: [GC (Allocation Failure) [PSYoungGen: 69006K->1501K(69632K)] 394418K->326913K(757760K), 0.0019759 secs] [Times: user=0.01 sys=0.00, real=0.00 secs] 
1279.215: [GC (Allocation Failure) [PSYoungGen: 69085K->1613K(69632K)] 394497K->327025K(757760K), 0.0017552 secs] [Times: user=0.01 sys=0.00, real=0.00 secs] 
1279.609: [GC (Allocation Failure) [PSYoungGen: 69197K->1552K(69632K)] 394609K->326964K(757760K), 0.0017052 secs] [Times: user=0.00 sys=0.00, real=0.00 secs] 
1280.002: [GC (Allocation Failure) [PSYoungGen: 69136K->1552K(69632K)] 394548K->326972K(757760K), 0.0015244 secs] [Times: user=0.01 sys=0.00, real=0.00 secs] 
1280.713: [GC (Allocation Failure) [PSYoungGen: 69136K->1488K(69632K)] 394556K->326908K(757760K), 0.0021824 secs] [Times: user=0.01 sys=0.00, real=0.00 secs] 
1280.994: [GC (Allocation Failure) [PSYoungGen: 69072K->1376K(69632K)] 394492K->326796K(757760K), 0.0021073 secs] [Times: user=0.01 sys=0.00, real=0.00 secs] 
1281.275: [GC (Allocation Failure) [PSYoungGen: 68960K->1408K(69632K)] 394380K->326828K(757760K), 0.0019735 secs] [Times: user=0.01 sys=0.00, real=0.01 secs] 
1281.556: [GC (Allocation Failure) [PSYoungGen: 68992K->1408K(69632K)] 394412K->326844K(757760K), 0.0018603 secs] [Times: user=0.01 sys=0.00, real=0.01 secs] 
1281.911: [GC (Allocation Failure) [PSYoungGen: 68992K->1517K(69632K)] 394428K->326953K(757760K), 0.0015252 secs] [Times: user=0.01 sys=0.00, real=0.00 secs] 
1282.307: [GC (Allocation Failure) [PSYoungGen: 69081K->1549K(69632K)] 394517K->326985K(757760K), 0.0016867 secs] [Times: user=0.01 sys=0.00, real=0.00 secs] 
1282.701: [GC (Allocation Failure) [PSYoungGen: 69133K->1552K(69632K)] 394569K->326988K(757760K), 0.0015860 secs] [Times: user=0.01 sys=0.00, real=0.00 secs] 
1283.094: [GC (Allocation Failure) [PSYoungGen: 69136K->1552K(69632K)] 394572K->327004K(757760K), 0.0015721 secs] [Times: user=0.01 sys=0.00, real=0.00 secs] 
1284.210: [GC (Allocation Failure) [PSYoungGen: 69136K->1456K(69632K)] 394588K->326908K(757760K), 0.0031681 secs] [Times: user=0.02 sys=0.00, real=0.00 secs] 
1285.063: [GC (Allocation Failure) [PSYoungGen: 69040K->1392K(69632K)] 394492K->326844K(757760K), 0.0021565 secs] [Times: user=0.01 sys=0.00, real=0.00 secs] 
1285.707: [GC (Allocation Failure) [PSYoungGen: 68976K->1440K(69632K)] 394428K->326892K(757760K), 0.0020443 secs] [Times: user=0.01 sys=0.00, real=0.00 secs] 
1286.357: [GC (Allocation Failure) [PSYoungGen: 69024K->1440K(69632K)] 394476K->326892K(757760K), 0.0022789 secs] [Times: user=0.01 sys=0.00, real=0.00 secs] 
1286.918: [GC (Allocation Failure) [PSYoungGen: 69024K->1517K(69632K)] 394476K->326969K(757760K), 0.0015332 secs] [Times: user=0.01 sys=0.00, real=0.00 secs] 
1287.366: [GC (Allocation Failure) [PSYoungGen: 69101K->1552K(69632K)] 394553K->327004K(757760K), 0.0016466 secs] [Times: user=0.01 sys=0.00, real=0.01 secs] 
1287.761: [GC (Allocation Failure) [PSYoungGen: 69136K->1549K(69632K)] 394588K->327001K(757760K), 0.0016245 secs] [Times: user=0.00 sys=0.00, real=0.00 secs] 
1288.154: [GC (Allocation Failure) [PSYoungGen: 69133K->224K(69632K)] 394585K->325692K(757760K), 0.0015966 secs] [Times: user=0.01 sys=0.00, real=0.00 secs] 
1289.280: [GC (Allocation Failure) [PSYoungGen: 67808K->1408K(69632K)] 393276K->326876K(757760K), 0.0040822 secs] [Times: user=0.02 sys=0.00, real=0.00 secs] 
1290.078: [GC (Allocation Failure) [PSYoungGen: 68992K->1408K(69632K)] 394460K->326876K(757760K), 0.0031782 secs] [Times: user=0.01 sys=0.00, real=0.00 secs] 
1290.634: [GC (Allocation Failure) [PSYoungGen: 68992K->1424K(69632K)] 394460K->326892K(757760K), 0.0027250 secs] [Times: user=0.01 sys=0.00, real=0.01 secs] 
1291.246: [GC (Allocation Failure) [PSYoungGen: 69008K->1408K(69632K)] 394476K->326876K(757760K), 0.0023306 secs] [Times: user=0.01 sys=0.00, real=0.01 secs] 
1291.764: [GC (Allocation Failure) [PSYoungGen: 68992K->1581K(69632K)] 394460K->327049K(757760K), 0.0015925 secs] [Times: user=0.00 sys=0.00, real=0.00 secs] 
1292.163: [GC (Allocation Failure) [PSYoungGen: 69165K->1597K(69632K)] 394633K->327065K(757760K), 0.0015475 secs] [Times: user=0.01 sys=0.00, real=0.00 secs] 
1292.559: [GC (Allocation Failure) [PSYoungGen: 69181K->1517K(69632K)] 394649K->326985K(757760K), 0.0015923 secs] [Times: user=0.01 sys=0.00, real=0.00 secs] 
1292.968: [GC (Allocation Failure) [PSYoungGen: 69101K->1520K(69632K)] 394569K->327012K(757760K), 0.0020133 secs] [Times: user=0.01 sys=0.00, real=0.00 secs] 
1293.364: [GC (Allocation Failure) [PSYoungGen: 69104K->1408K(69632K)] 394596K->326900K(757760K), 0.0019561 secs] [Times: user=0.01 sys=0.00, real=0.00 secs] 
1293.919: [GC (Allocation Failure) [PSYoungGen: 68992K->1408K(69632K)] 394484K->326900K(757760K), 0.0038149 secs] [Times: user=0.02 sys=0.00, real=0.00 secs] 
1294.501: [GC (Allocation Failure) [PSYoungGen: 68992K->1392K(69632K)] 394484K->326884K(757760K), 0.0027090 secs] [Times: user=0.01 sys=0.00, real=0.00 secs] 
1295.094: [GC (Allocation Failure) [PSYoungGen: 68976K->1437K(69632K)] 394468K->326929K(757760K), 0.0022393 secs] [Times: user=0.01 sys=0.00, real=0.00 secs] 
1295.542: [GC (Allocation Failure) [PSYoungGen: 69021K->1584K(69632K)] 394513K->327076K(757760K), 0.0017164 secs] [Times: user=0.01 sys=0.00, real=0.00 secs] 
1295.939: [GC (Allocation Failure) [PSYoungGen: 69147K->1565K(69632K)] 394639K->327057K(757760K), 0.0015889 secs] [Times: user=0.00 sys=0.00, real=0.00 secs] 
1296.340: [GC (Allocation Failure) [PSYoungGen: 69149K->1549K(69632K)] 394641K->327041K(757760K), 0.0015341 secs] [Times: user=0.00 sys=0.01, real=0.00 secs] 
1296.736: [GC (Allocation Failure) [PSYoungGen: 69133K->1504K(69632K)] 394625K->327004K(757760K), 0.0017799 secs] [Times: user=0.01 sys=0.00, real=0.01 secs] 
1297.017: [GC (Allocation Failure) [PSYoungGen: 69088K->1376K(69632K)] 394588K->326876K(757760K), 0.0020237 secs] [Times: user=0.01 sys=0.00, real=0.00 secs] 
1297.572: [GC (Allocation Failure) [PSYoungGen: 68960K->1376K(69632K)] 394460K->326876K(757760K), 0.0018763 secs] [Times: user=0.01 sys=0.00, real=0.00 secs] 
1298.110: [GC (Allocation Failure) [PSYoungGen: 68960K->1408K(69632K)] 394460K->326908K(757760K), 0.0018717 secs] [Times: user=0.01 sys=0.00, real=0.00 secs] 
1298.641: [GC (Allocation Failure) [PSYoungGen: 68968K->1485K(69632K)] 394468K->326985K(757760K), 0.0014659 secs] [Times: user=0.00 sys=0.00, real=0.00 secs] 
1299.034: [GC (Allocation Failure) [PSYoungGen: 69069K->1520K(69632K)] 394569K->327020K(757760K), 0.0016242 secs] [Times: user=0.01 sys=0.00, real=0.00 secs] 
1299.430: [GC (Allocation Failure) [PSYoungGen: 69104K->1552K(69632K)] 394604K->327052K(757760K), 0.0015804 secs] [Times: user=0.00 sys=0.00, real=0.00 secs] 
1299.824: [GC (Allocation Failure) [PSYoungGen: 69136K->1597K(69632K)] 394636K->327105K(757760K), 0.0015708 secs] [Times: user=0.01 sys=0.00, real=0.00 secs] 
1300.513: [GC (Allocation Failure) [PSYoungGen: 69181K->1440K(69632K)] 394689K->326972K(757760K), 0.0022471 secs] [Times: user=0.01 sys=0.00, real=0.00 secs] 
1301.134: [GC (Allocation Failure) [PSYoungGen: 69024K->1376K(69632K)] 394556K->326908K(757760K), 0.0032481 secs] [Times: user=0.01 sys=0.00, real=0.01 secs] 
1301.818: [GC (Allocation Failure) [PSYoungGen: 68960K->1408K(69632K)] 394492K->326940K(757760K), 0.0022803 secs] [Times: user=0.01 sys=0.00, real=0.00 secs] 
1302.404: [GC (Allocation Failure) [PSYoungGen: 68992K->1408K(69632K)] 394524K->326940K(757760K), 0.0024737 secs] [Times: user=0.01 sys=0.00, real=0.00 secs] 
1302.953: [GC (Allocation Failure) [PSYoungGen: 68992K->1517K(69632K)] 394524K->327049K(757760K), 0.0016448 secs] [Times: user=0.00 sys=0.00, real=0.00 secs] 
1303.348: [GC (Allocation Failure) [PSYoungGen: 69101K->1552K(69632K)] 394633K->327084K(757760K), 0.0016914 secs] [Times: user=0.00 sys=0.00, real=0.00 secs] 
1303.742: [GC (Allocation Failure) [PSYoungGen: 69136K->1584K(69632K)] 394668K->327116K(757760K), 0.0016040 secs] [Times: user=0.01 sys=0.00, real=0.00 secs] 
1304.136: [GC (Allocation Failure) [PSYoungGen: 69168K->1616K(69632K)] 394700K->327156K(757760K), 0.0017650 secs] [Times: user=0.01 sys=0.00, real=0.01 secs] 
1304.821: [GC (Allocation Failure) [PSYoungGen: 69200K->1408K(69632K)] 394740K->326948K(757760K), 0.0021232 secs] [Times: user=0.00 sys=0.00, real=0.00 secs] 
1305.405: [GC (Allocation Failure) [PSYoungGen: 68992K->1392K(69632K)] 394532K->326932K(757760K), 0.0019352 secs] [Times: user=0.01 sys=0.00, real=0.01 secs] 
1306.007: [GC (Allocation Failure) [PSYoungGen: 68976K->1376K(69632K)] 394516K->326916K(757760K), 0.0029487 secs] [Times: user=0.01 sys=0.00, real=0.00 secs] 
1306.491: [GC (Allocation Failure) [PSYoungGen: 68960K->1408K(69632K)] 394500K->326948K(757760K), 0.0027425 secs] [Times: user=0.01 sys=0.00, real=0.00 secs] 
1307.088: [GC (Allocation Failure) [PSYoungGen: 68992K->1517K(69632K)] 394532K->327057K(757760K), 0.0016753 secs] [Times: user=0.01 sys=0.00, real=0.00 secs] 
1307.483: [GC (Allocation Failure) [PSYoungGen: 69101K->1549K(69632K)] 394641K->327089K(757760K), 0.0015864 secs] [Times: user=0.01 sys=0.00, real=0.00 secs] 
1307.877: [GC (Allocation Failure) [PSYoungGen: 69133K->1581K(69632K)] 394673K->327121K(757760K), 0.0015853 secs] [Times: user=0.01 sys=0.00, real=0.00 secs] 
1308.324: [GC (Allocation Failure) [PSYoungGen: 69165K->2016K(69632K)] 394705K->327556K(757760K), 0.0018688 secs] [Times: user=0.01 sys=0.00, real=0.00 secs] 
1308.967: [GC (Allocation Failure) [PSYoungGen: 69600K->1376K(69632K)] 395140K->326916K(757760K), 0.0021178 secs] [Times: user=0.01 sys=0.00, real=0.00 secs] 
1309.608: [GC (Allocation Failure) [PSYoungGen: 68960K->1376K(69632K)] 394500K->326916K(757760K), 0.0030454 secs] [Times: user=0.02 sys=0.00, real=0.00 secs] 
1310.178: [GC (Allocation Failure) [PSYoungGen: 68960K->1376K(69632K)] 394500K->326916K(757760K), 0.0027200 secs] [Times: user=0.01 sys=0.00, real=0.00 secs] 
1310.638: [GC (Allocation Failure) [PSYoungGen: 68960K->1376K(69632K)] 394500K->326916K(757760K), 0.0021879 secs] [Times: user=0.01 sys=0.00, real=0.00 secs] 
1311.105: [GC (Allocation Failure) [PSYoungGen: 68960K->1517K(69632K)] 394500K->327081K(757760K), 0.0015568 secs] [Times: user=0.00 sys=0.00, real=0.00 secs] 
1311.499: [GC (Allocation Failure) [PSYoungGen: 69101K->1581K(69632K)] 394665K->327145K(757760K), 0.0015703 secs] [Times: user=0.01 sys=0.00, real=0.00 secs] 
1311.892: [GC (Allocation Failure) [PSYoungGen: 69165K->1581K(69632K)] 394729K->327145K(757760K), 0.0015858 secs] [Times: user=0.00 sys=0.00, real=0.00 secs] 
1312.382: [GC (Allocation Failure) [PSYoungGen: 69165K->1456K(69632K)] 394729K->327020K(757760K), 0.0016443 secs] [Times: user=0.01 sys=0.00, real=0.00 secs] 
1313.035: [GC (Allocation Failure) [PSYoungGen: 69040K->1312K(69632K)] 394604K->326876K(757760K), 0.0020700 secs] [Times: user=0.01 sys=0.00, real=0.00 secs] 
1313.695: [GC (Allocation Failure) [PSYoungGen: 68896K->1360K(69632K)] 394460K->326924K(757760K), 0.0031828 secs] [Times: user=0.01 sys=0.00, real=0.01 secs] 
1314.342: [GC (Allocation Failure) [PSYoungGen: 68944K->1344K(69632K)] 394508K->326908K(757760K), 0.0038163 secs] [Times: user=0.02 sys=0.00, real=0.00 secs] 
1314.845: [GC (Allocation Failure) [PSYoungGen: 68913K->1488K(69632K)] 394477K->327052K(757760K), 0.0018887 secs] [Times: user=0.01 sys=0.00, real=0.01 secs] 
1315.246: [GC (Allocation Failure) [PSYoungGen: 69072K->1552K(69632K)] 394636K->327116K(757760K), 0.0015549 secs] [Times: user=0.01 sys=0.00, real=0.01 secs] 
1315.638: [GC (Allocation Failure) [PSYoungGen: 69136K->1584K(69632K)] 394700K->327148K(757760K), 0.0015639 secs] [Times: user=0.00 sys=0.00, real=0.00 secs] 
1316.034: [GC (Allocation Failure) [PSYoungGen: 69168K->1520K(69632K)] 394732K->327108K(757760K), 0.0016158 secs] [Times: user=0.01 sys=0.00, real=0.00 secs] 
1316.416: [GC (Allocation Failure) [PSYoungGen: 69104K->1472K(69632K)] 394692K->327060K(757760K), 0.0019859 secs] [Times: user=0.01 sys=0.00, real=0.01 secs] 
1316.842: [GC (Allocation Failure) [PSYoungGen: 69056K->1408K(69632K)] 394644K->326996K(757760K), 0.0017815 secs] [Times: user=0.01 sys=0.00, real=0.00 secs] 
1317.360: [GC (Allocation Failure) [PSYoungGen: 68992K->1408K(69632K)] 394580K->326996K(757760K), 0.0041136 secs] [Times: user=0.02 sys=0.00, real=0.00 secs] 
1318.009: [GC (Allocation Failure) [PSYoungGen: 68992K->1440K(69632K)] 394580K->327028K(757760K), 0.0036380 secs] [Times: user=0.02 sys=0.00, real=0.00 secs] 
1318.725: [GC (Allocation Failure) [PSYoungGen: 69024K->1533K(69632K)] 394612K->327121K(757760K), 0.0014600 secs] [Times: user=0.01 sys=0.00, real=0.00 secs] 
1319.183: [GC (Allocation Failure) [PSYoungGen: 69100K->1597K(69632K)] 394688K->327185K(757760K), 0.0017548 secs] [Times: user=0.00 sys=0.00, real=0.00 secs] 
1319.580: [GC (Allocation Failure) [PSYoungGen: 69181K->1581K(69632K)] 394769K->327169K(757760K), 0.0017103 secs] [Times: user=0.00 sys=0.00, real=0.00 secs] 
1319.973: [GC (Allocation Failure) [PSYoungGen: 69165K->1581K(69632K)] 394753K->327185K(757760K), 0.0018540 secs] [Times: user=0.01 sys=0.00, real=0.00 secs] 
1320.448: [GC (Allocation Failure) [PSYoungGen: 69165K->1440K(69632K)] 394769K->327044K(757760K), 0.0028074 secs] [Times: user=0.01 sys=0.00, real=0.00 secs] 
1320.947: [GC (Allocation Failure) [PSYoungGen: 69024K->1408K(69632K)] 394628K->327028K(757760K), 0.0026987 secs] [Times: user=0.01 sys=0.01, real=0.00 secs] 
1321.566: [GC (Allocation Failure) [PSYoungGen: 68992K->1376K(69632K)] 394612K->326996K(757760K), 0.0030293 secs] [Times: user=0.01 sys=0.00, real=0.01 secs] 
1322.187: [GC (Allocation Failure) [PSYoungGen: 68960K->1376K(69632K)] 394580K->326996K(757760K), 0.0031351 secs] [Times: user=0.01 sys=0.00, real=0.00 secs] 
1322.769: [GC (Allocation Failure) [PSYoungGen: 68960K->1549K(69632K)] 394580K->327169K(757760K), 0.0015143 secs] [Times: user=0.00 sys=0.00, real=0.00 secs] 
1323.164: [GC (Allocation Failure) [PSYoungGen: 69133K->1552K(69632K)] 394753K->327172K(757760K), 0.0015725 secs] [Times: user=0.01 sys=0.00, real=0.00 secs] 
1323.557: [GC (Allocation Failure) [PSYoungGen: 69136K->1581K(69632K)] 394756K->327201K(757760K), 0.0015306 secs] [Times: user=0.01 sys=0.00, real=0.00 secs] 
1323.944: [GC (Allocation Failure) [PSYoungGen: 69165K->1504K(69632K)] 394785K->327124K(757760K), 0.0015770 secs] [Times: user=0.00 sys=0.00, real=0.00 secs] 
1324.448: [GC (Allocation Failure) [PSYoungGen: 69088K->1440K(69632K)] 394708K->327060K(757760K), 0.0019998 secs] [Times: user=0.01 sys=0.00, real=0.00 secs] 
1325.240: [GC (Allocation Failure) [PSYoungGen: 69024K->1408K(69632K)] 394644K->327028K(757760K), 0.0028090 secs] [Times: user=0.01 sys=0.00, real=0.00 secs] 
1326.235: [GC (Allocation Failure) [PSYoungGen: 68992K->1392K(69632K)] 394612K->327012K(757760K), 0.0032878 secs] [Times: user=0.01 sys=0.00, real=0.01 secs] 
1327.073: [GC (Allocation Failure) [PSYoungGen: 68976K->1440K(69632K)] 394596K->327060K(757760K), 0.0026404 secs] [Times: user=0.01 sys=0.00, real=0.00 secs] 
1327.749: [GC (Allocation Failure) [PSYoungGen: 69024K->1581K(69632K)] 394644K->327201K(757760K), 0.0018416 secs] [Times: user=0.01 sys=0.00, real=0.00 secs] 
1328.204: [GC (Allocation Failure) [PSYoungGen: 69165K->1565K(69632K)] 394785K->327185K(757760K), 0.0016406 secs] [Times: user=0.00 sys=0.00, real=0.00 secs] 
1328.666: [GC (Allocation Failure) [PSYoungGen: 69149K->1616K(69632K)] 394769K->327236K(757760K), 0.0015880 secs] [Times: user=0.00 sys=0.00, real=0.01 secs] 
1329.052: [GC (Allocation Failure) [PSYoungGen: 69200K->1488K(69632K)] 394820K->327108K(757760K), 0.0019928 secs] [Times: user=0.01 sys=0.00, real=0.00 secs] 
1329.350: [GC (Allocation Failure) [PSYoungGen: 69072K->1408K(69632K)] 394692K->327028K(757760K), 0.0020728 secs] [Times: user=0.00 sys=0.00, real=0.00 secs] 
1329.815: [GC (Allocation Failure) [PSYoungGen: 68992K->1408K(69632K)] 394612K->327028K(757760K), 0.0020112 secs] [Times: user=0.00 sys=0.00, real=0.01 secs] 
1330.362: [GC (Allocation Failure) [PSYoungGen: 68992K->1408K(69632K)] 394612K->327028K(757760K), 0.0021327 secs] [Times: user=0.01 sys=0.00, real=0.00 secs] 
1330.957: [GC (Allocation Failure) [PSYoungGen: 68992K->1469K(69632K)] 394612K->327089K(757760K), 0.0020680 secs] [Times: user=0.01 sys=0.00, real=0.01 secs] 
1331.459: [GC (Allocation Failure) [PSYoungGen: 69053K->1581K(69632K)] 394673K->327201K(757760K), 0.0016111 secs] [Times: user=0.01 sys=0.00, real=0.00 secs] 
1331.851: [GC (Allocation Failure) [PSYoungGen: 69165K->1552K(69632K)] 394785K->327204K(757760K), 0.0017821 secs] [Times: user=0.00 sys=0.01, real=0.00 secs] 
1332.246: [GC (Allocation Failure) [PSYoungGen: 69136K->1597K(69632K)] 394788K->327265K(757760K), 0.0015681 secs] [Times: user=0.00 sys=0.00, real=0.01 secs] 
1333.171: [GC (Allocation Failure) [PSYoungGen: 69181K->1440K(69632K)] 394849K->327108K(757760K), 0.0040917 secs] [Times: user=0.01 sys=0.00, real=0.00 secs] 
1333.909: [GC (Allocation Failure) [PSYoungGen: 69024K->1392K(69632K)] 394692K->327060K(757760K), 0.0030095 secs] [Times: user=0.01 sys=0.00, real=0.00 secs] 
1334.462: [GC (Allocation Failure) [PSYoungGen: 68976K->1408K(69632K)] 394644K->327076K(757760K), 0.0023298 secs] [Times: user=0.01 sys=0.00, real=0.00 secs] 
1334.761: [GC (Allocation Failure) [PSYoungGen: 68992K->1408K(69632K)] 394660K->327076K(757760K), 0.0019813 secs] [Times: user=0.00 sys=0.00, real=0.00 secs] 
1335.114: [GC (Allocation Failure) [PSYoungGen: 68969K->1437K(69632K)] 394638K->327113K(757760K), 0.0014337 secs] [Times: user=0.00 sys=0.00, real=0.00 secs] 
1335.512: [GC (Allocation Failure) [PSYoungGen: 69021K->1616K(69632K)] 394697K->327292K(757760K), 0.0015989 secs] [Times: user=0.00 sys=0.00, real=0.00 secs] 
1335.904: [GC (Allocation Failure) [PSYoungGen: 69200K->1616K(69632K)] 394876K->327292K(757760K), 0.0017587 secs] [Times: user=0.01 sys=0.00, real=0.00 secs] 
1336.297: [GC (Allocation Failure) [PSYoungGen: 69200K->1552K(69632K)] 394876K->327252K(757760K), 0.0015647 secs] [Times: user=0.00 sys=0.00, real=0.00 secs] 
1336.702: [GC (Allocation Failure) [PSYoungGen: 69136K->1472K(69632K)] 394836K->327172K(757760K), 0.0020040 secs] [Times: user=0.01 sys=0.00, real=0.00 secs] 
1336.982: [GC (Allocation Failure) [PSYoungGen: 69056K->1424K(69632K)] 394756K->327132K(757760K), 0.0017343 secs] [Times: user=0.00 sys=0.00, real=0.00 secs] 
1337.319: [GC (Allocation Failure) [PSYoungGen: 69008K->1376K(69632K)] 394716K->327084K(757760K), 0.0024442 secs] [Times: user=0.02 sys=0.00, real=0.00 secs] 
1337.844: [GC (Allocation Failure) [PSYoungGen: 68960K->1408K(69632K)] 394668K->327116K(757760K), 0.0026815 secs] [Times: user=0.01 sys=0.00, real=0.00 secs] 
1338.369: [GC (Allocation Failure) [PSYoungGen: 68992K->1549K(69632K)] 394700K->327257K(757760K), 0.0015046 secs] [Times: user=0.01 sys=0.00, real=0.00 secs] 
1338.762: [GC (Allocation Failure) [PSYoungGen: 69133K->1584K(69632K)] 394841K->327292K(757760K), 0.0015778 secs] [Times: user=0.01 sys=0.00, real=0.00 secs] 
1339.155: [GC (Allocation Failure) [PSYoungGen: 69168K->1581K(69632K)] 394876K->327289K(757760K), 0.0016438 secs] [Times: user=0.00 sys=0.00, real=0.00 secs] 
1339.604: [GC (Allocation Failure) [PSYoungGen: 69165K->1584K(69632K)] 394873K->327324K(757760K), 0.0018894 secs] [Times: user=0.01 sys=0.00, real=0.00 secs] 
1340.067: [GC (Allocation Failure) [PSYoungGen: 69168K->1472K(69632K)] 394908K->327228K(757760K), 0.0021309 secs] [Times: user=0.01 sys=0.00, real=0.00 secs] 
1342.202: [GC (Allocation Failure) [PSYoungGen: 69056K->1392K(69632K)] 394812K->327148K(757760K), 0.0027319 secs] [Times: user=0.01 sys=0.00, real=0.00 secs] 
1345.284: [GC (Allocation Failure) [PSYoungGen: 68976K->1440K(69632K)] 394732K->327196K(757760K), 0.0060415 secs] [Times: user=0.02 sys=0.00, real=0.01 secs] 
1345.778: [GC (Allocation Failure) [PSYoungGen: 69024K->1392K(69632K)] 394780K->327148K(757760K), 0.0019474 secs] [Times: user=0.01 sys=0.00, real=0.00 secs] 
1346.195: [GC (Allocation Failure) [PSYoungGen: 68976K->1549K(69632K)] 394732K->327305K(757760K), 0.0015013 secs] [Times: user=0.00 sys=0.00, real=0.00 secs] 
1346.589: [GC (Allocation Failure) [PSYoungGen: 69133K->1613K(69632K)] 394889K->327369K(757760K), 0.0016654 secs] [Times: user=0.01 sys=0.00, real=0.00 secs] 
1346.983: [GC (Allocation Failure) [PSYoungGen: 69194K->1552K(69632K)] 394950K->327308K(757760K), 0.0015820 secs] [Times: user=0.01 sys=0.00, real=0.00 secs] 
1347.380: [GC (Allocation Failure) [PSYoungGen: 69136K->1504K(69632K)] 394892K->327276K(757760K), 0.0019127 secs] [Times: user=0.00 sys=0.00, real=0.00 secs] 
1347.688: [GC (Allocation Failure) [PSYoungGen: 69088K->1376K(69632K)] 394860K->327148K(757760K), 0.0017979 secs] [Times: user=0.00 sys=0.00, real=0.00 secs] 
1347.968: [GC (Allocation Failure) [PSYoungGen: 68960K->1376K(69632K)] 394732K->327148K(757760K), 0.0017027 secs] [Times: user=0.01 sys=0.00, real=0.00 secs] 
1348.249: [GC (Allocation Failure) [PSYoungGen: 68960K->1344K(69632K)] 394732K->327116K(757760K), 0.0016873 secs] [Times: user=0.01 sys=0.00, real=0.00 secs] 
1348.555: [GC (Allocation Failure) [PSYoungGen: 68899K->1456K(69632K)] 394671K->327228K(757760K), 0.0017662 secs] [Times: user=0.01 sys=0.00, real=0.01 secs] 
1348.955: [GC (Allocation Failure) [PSYoungGen: 69040K->1584K(69632K)] 394812K->327356K(757760K), 0.0017778 secs] [Times: user=0.01 sys=0.00, real=0.00 secs] 
1349.348: [GC (Allocation Failure) [PSYoungGen: 69167K->1581K(69632K)] 394939K->327353K(757760K), 0.0017596 secs] [Times: user=0.00 sys=0.00, real=0.00 secs] 
1349.805: [GC (Allocation Failure) [PSYoungGen: 69165K->1613K(69632K)] 394937K->327385K(757760K), 0.0018818 secs] [Times: user=0.01 sys=0.00, real=0.01 secs] 
1350.380: [GC (Allocation Failure) [PSYoungGen: 69197K->1456K(69632K)] 394969K->327228K(757760K), 0.0027459 secs] [Times: user=0.01 sys=0.00, real=0.00 secs] 
1350.985: [GC (Allocation Failure) [PSYoungGen: 69040K->1408K(69632K)] 394812K->327180K(757760K), 0.0027219 secs] [Times: user=0.01 sys=0.00, real=0.01 secs] 
1351.556: [GC (Allocation Failure) [PSYoungGen: 68992K->1408K(69632K)] 394764K->327204K(757760K), 0.0027059 secs] [Times: user=0.01 sys=0.00, real=0.01 secs] 
1352.414: [GC (Allocation Failure) [PSYoungGen: 68992K->1376K(69632K)] 394788K->327172K(757760K), 0.0032675 secs] [Times: user=0.02 sys=0.00, real=0.01 secs] 
1353.081: [GC (Allocation Failure) [PSYoungGen: 68960K->1437K(69632K)] 394756K->327233K(757760K), 0.0015132 secs] [Times: user=0.00 sys=0.00, real=0.00 secs] 
1353.476: [GC (Allocation Failure) [PSYoungGen: 69021K->1581K(69632K)] 394817K->327377K(757760K), 0.0015835 secs] [Times: user=0.01 sys=0.00, real=0.01 secs] 
1353.868: [GC (Allocation Failure) [PSYoungGen: 69165K->1600K(69632K)] 394961K->327396K(757760K), 0.0015633 secs] [Times: user=0.01 sys=0.00, real=0.00 secs] 
1354.262: [GC (Allocation Failure) [PSYoungGen: 69184K->1581K(69632K)] 394980K->327393K(757760K), 0.0017089 secs] [Times: user=0.01 sys=0.00, real=0.00 secs] 
1354.704: [GC (Allocation Failure) [PSYoungGen: 69165K->1472K(69632K)] 394977K->327284K(757760K), 0.0019275 secs] [Times: user=0.00 sys=0.00, real=0.00 secs] 
1355.011: [GC (Allocation Failure) [PSYoungGen: 69056K->1408K(69632K)] 394868K->327220K(757760K), 0.0018226 secs] [Times: user=0.01 sys=0.00, real=0.00 secs] 
1355.350: [GC (Allocation Failure) [PSYoungGen: 68992K->1408K(69632K)] 394804K->327220K(757760K), 0.0017759 secs] [Times: user=0.01 sys=0.00, real=0.00 secs] 
1355.931: [GC (Allocation Failure) [PSYoungGen: 68992K->1408K(69632K)] 394804K->327220K(757760K), 0.0021948 secs] [Times: user=0.00 sys=0.00, real=0.00 secs] 
1356.590: [GC (Allocation Failure) [PSYoungGen: 68967K->1501K(69632K)] 394779K->327313K(757760K), 0.0014681 secs] [Times: user=0.01 sys=0.00, real=0.00 secs] 
1356.983: [GC (Allocation Failure) [PSYoungGen: 69085K->1584K(69632K)] 394897K->327396K(757760K), 0.0016734 secs] [Times: user=0.01 sys=0.00, real=0.00 secs] 
1357.379: [GC (Allocation Failure) [PSYoungGen: 69168K->1597K(69632K)] 394980K->327409K(757760K), 0.0015577 secs] [Times: user=0.00 sys=0.00, real=0.00 secs] 
1357.777: [GC (Allocation Failure) [PSYoungGen: 69181K->1552K(69632K)] 394993K->327380K(757760K), 0.0015649 secs] [Times: user=0.00 sys=0.00, real=0.00 secs] 
1358.833: [GC (Allocation Failure) [PSYoungGen: 69136K->1456K(69632K)] 394964K->327284K(757760K), 0.0034172 secs] [Times: user=0.02 sys=0.00, real=0.00 secs] 
1359.506: [GC (Allocation Failure) [PSYoungGen: 69040K->1376K(69632K)] 394868K->327204K(757760K), 0.0033024 secs] [Times: user=0.02 sys=0.00, real=0.01 secs] 
1360.093: [GC (Allocation Failure) [PSYoungGen: 68960K->1376K(69632K)] 394788K->327204K(757760K), 0.0030327 secs] [Times: user=0.01 sys=0.00, real=0.00 secs] 
1360.711: [GC (Allocation Failure) [PSYoungGen: 68960K->1344K(69632K)] 394788K->327180K(757760K), 0.0029123 secs] [Times: user=0.01 sys=0.00, real=0.00 secs] 
1361.282: [GC (Allocation Failure) [PSYoungGen: 68928K->1565K(69632K)] 394764K->327425K(757760K), 0.0015232 secs] [Times: user=0.01 sys=0.00, real=0.00 secs] 
1361.677: [GC (Allocation Failure) [PSYoungGen: 69143K->1552K(69632K)] 395003K->327412K(757760K), 0.0015600 secs] [Times: user=0.01 sys=0.00, real=0.01 secs] 
1362.127: [GC (Allocation Failure) [PSYoungGen: 69136K->1549K(69632K)] 394996K->327409K(757760K), 0.0016260 secs] [Times: user=0.01 sys=0.00, real=0.00 secs] 
1362.602: [GC (Allocation Failure) [PSYoungGen: 69133K->1776K(69632K)] 394993K->327636K(757760K), 0.0017907 secs] [Times: user=0.01 sys=0.00, real=0.00 secs] 
1363.531: [GC (Allocation Failure) [PSYoungGen: 69360K->1376K(69632K)] 395220K->327236K(757760K), 0.0026320 secs] [Times: user=0.01 sys=0.00, real=0.00 secs] 
1364.449: [GC (Allocation Failure) [PSYoungGen: 68960K->1408K(69632K)] 394820K->327268K(757760K), 0.0028498 secs] [Times: user=0.02 sys=0.00, real=0.00 secs] 
1365.166: [GC (Allocation Failure) [PSYoungGen: 68992K->1408K(69632K)] 394852K->327268K(757760K), 0.0026426 secs] [Times: user=0.01 sys=0.00, real=0.01 secs] 
1365.843: [GC (Allocation Failure) [PSYoungGen: 68992K->1408K(69632K)] 394852K->327268K(757760K), 0.0038142 secs] [Times: user=0.02 sys=0.00, real=0.01 secs] 
1366.382: [GC (Allocation Failure) [PSYoungGen: 68992K->1597K(69632K)] 394852K->327457K(757760K), 0.0016951 secs] [Times: user=0.01 sys=0.00, real=0.00 secs] 
1366.775: [GC (Allocation Failure) [PSYoungGen: 69163K->1597K(69632K)] 395023K->327457K(757760K), 0.0016111 secs] [Times: user=0.01 sys=0.00, real=0.00 secs] 
1367.227: [GC (Allocation Failure) [PSYoungGen: 69181K->1581K(69632K)] 395041K->327441K(757760K), 0.0015952 secs] [Times: user=0.00 sys=0.00, real=0.01 secs] 
1367.731: [GC (Allocation Failure) [PSYoungGen: 69165K->1488K(69632K)] 395025K->327348K(757760K), 0.0026235 secs] [Times: user=0.01 sys=0.00, real=0.00 secs] 
1368.011: [GC (Allocation Failure) [PSYoungGen: 69072K->1408K(69632K)] 394932K->327268K(757760K), 0.0020319 secs] [Times: user=0.00 sys=0.00, real=0.00 secs] 
1368.292: [GC (Allocation Failure) [PSYoungGen: 68992K->1408K(69632K)] 394852K->327268K(757760K), 0.0020311 secs] [Times: user=0.01 sys=0.00, real=0.00 secs] 
1368.718: [GC (Allocation Failure) [PSYoungGen: 68992K->1376K(69632K)] 394852K->327236K(757760K), 0.0016086 secs] [Times: user=0.01 sys=0.00, real=0.00 secs] 
1369.239: [GC (Allocation Failure) [PSYoungGen: 68960K->1501K(69632K)] 394820K->327361K(757760K), 0.0014334 secs] [Times: user=0.01 sys=0.00, real=0.00 secs] 
1369.633: [GC (Allocation Failure) [PSYoungGen: 69085K->1616K(69632K)] 394945K->327476K(757760K), 0.0017979 secs] [Times: user=0.01 sys=0.00, real=0.00 secs] 
1370.028: [GC (Allocation Failure) [PSYoungGen: 69200K->1549K(69632K)] 395060K->327409K(757760K), 0.0015413 secs] [Times: user=0.00 sys=0.00, real=0.00 secs] 
1370.420: [GC (Allocation Failure) [PSYoungGen: 69133K->1584K(69632K)] 394993K->327452K(757760K), 0.0015610 secs] [Times: user=0.01 sys=0.00, real=0.00 secs] 
1370.838: [GC (Allocation Failure) [PSYoungGen: 69168K->1440K(69632K)] 395036K->327340K(757760K), 0.0017664 secs] [Times: user=0.01 sys=0.00, real=0.00 secs] 
1371.433: [GC (Allocation Failure) [PSYoungGen: 69024K->1408K(69632K)] 394924K->327308K(757760K), 0.0019032 secs] [Times: user=0.01 sys=0.00, real=0.00 secs] 
1371.971: [GC (Allocation Failure) [PSYoungGen: 68992K->1408K(69632K)] 394892K->327308K(757760K), 0.0017708 secs] [Times: user=0.01 sys=0.00, real=0.00 secs] 
1372.515: [GC (Allocation Failure) [PSYoungGen: 68992K->1408K(69632K)] 394892K->327308K(757760K), 0.0019487 secs] [Times: user=0.01 sys=0.00, real=0.01 secs] 
1373.069: [GC (Allocation Failure) [PSYoungGen: 68992K->1456K(69632K)] 394892K->327356K(757760K), 0.0014537 secs] [Times: user=0.01 sys=0.00, real=0.00 secs] 
1373.463: [GC (Allocation Failure) [PSYoungGen: 69040K->1549K(69632K)] 394940K->327449K(757760K), 0.0015483 secs] [Times: user=0.01 sys=0.00, real=0.00 secs] 
1373.853: [GC (Allocation Failure) [PSYoungGen: 69133K->1581K(69632K)] 395033K->327481K(757760K), 0.0016778 secs] [Times: user=0.01 sys=0.00, real=0.00 secs] 
1374.247: [GC (Allocation Failure) [PSYoungGen: 69165K->1616K(69632K)] 395065K->327524K(757760K), 0.0015592 secs] [Times: user=0.01 sys=0.00, real=0.00 secs] 
1374.832: [GC (Allocation Failure) [PSYoungGen: 69200K->1440K(69632K)] 395108K->327348K(757760K), 0.0017332 secs] [Times: user=0.00 sys=0.00, real=0.00 secs] 
1375.295: [GC (Allocation Failure) [PSYoungGen: 69024K->1392K(69632K)] 394932K->327300K(757760K), 0.0027183 secs] [Times: user=0.01 sys=0.00, real=0.01 secs] 
1375.613: [GC (Allocation Failure) [PSYoungGen: 68976K->1344K(69632K)] 394884K->327252K(757760K), 0.0020474 secs] [Times: user=0.01 sys=0.00, real=0.00 secs] 
1376.153: [GC (Allocation Failure) [PSYoungGen: 68928K->1392K(69632K)] 394836K->327300K(757760K), 0.0016897 secs] [Times: user=0.01 sys=0.00, real=0.00 secs] 
1376.616: [GC (Allocation Failure) [PSYoungGen: 68976K->1533K(69632K)] 394884K->327441K(757760K), 0.0016281 secs] [Times: user=0.00 sys=0.00, real=0.01 secs] 
1377.068: [GC (Allocation Failure) [PSYoungGen: 69117K->1645K(69632K)] 395025K->327553K(757760K), 0.0016419 secs] [Times: user=0.01 sys=0.00, real=0.00 secs] 
1377.463: [GC (Allocation Failure) [PSYoungGen: 69229K->1584K(69632K)] 395137K->327492K(757760K), 0.0018084 secs] [Times: user=0.01 sys=0.00, real=0.00 secs] 
1377.859: [GC (Allocation Failure) [PSYoungGen: 69168K->1613K(69632K)] 395076K->327537K(757760K), 0.0016097 secs] [Times: user=0.01 sys=0.00, real=0.00 secs] 
1378.188: [GC (Allocation Failure) [PSYoungGen: 69197K->1440K(69632K)] 395121K->327364K(757760K), 0.0020308 secs] [Times: user=0.00 sys=0.00, real=0.00 secs] 
1378.536: [GC (Allocation Failure) [PSYoungGen: 69024K->1376K(69632K)] 394948K->327300K(757760K), 0.0017443 secs] [Times: user=0.00 sys=0.00, real=0.01 secs] 
1378.940: [GC (Allocation Failure) [PSYoungGen: 68960K->1408K(69632K)] 394884K->327332K(757760K), 0.0018701 secs] [Times: user=0.01 sys=0.00, real=0.00 secs] 
1379.489: [GC (Allocation Failure) [PSYoungGen: 68992K->1392K(69632K)] 394916K->327316K(757760K), 0.0041068 secs] [Times: user=0.02 sys=0.00, real=0.00 secs] 
1380.008: [GC (Allocation Failure) [PSYoungGen: 68976K->1549K(69632K)] 394900K->327497K(757760K), 0.0015349 secs] [Times: user=0.01 sys=0.00, real=0.00 secs] 
1380.401: [GC (Allocation Failure) [PSYoungGen: 69133K->1597K(69632K)] 395081K->327545K(757760K), 0.0015290 secs] [Times: user=0.01 sys=0.00, real=0.00 secs] 
1380.797: [GC (Allocation Failure) [PSYoungGen: 69181K->1549K(69632K)] 395129K->327497K(757760K), 0.0016001 secs] [Times: user=0.01 sys=0.00, real=0.00 secs] 
1381.232: [GC (Allocation Failure) [PSYoungGen: 69133K->1520K(69632K)] 395081K->327476K(757760K), 0.0019799 secs] [Times: user=0.01 sys=0.00, real=0.00 secs] 
1381.567: [GC (Allocation Failure) [PSYoungGen: 69104K->1376K(69632K)] 395060K->327332K(757760K), 0.0020119 secs] [Times: user=0.01 sys=0.00, real=0.01 secs] 
1381.869: [GC (Allocation Failure) [PSYoungGen: 68960K->1408K(69632K)] 394916K->327364K(757760K), 0.0019050 secs] [Times: user=0.01 sys=0.00, real=0.00 secs] 
1382.232: [GC (Allocation Failure) [PSYoungGen: 68992K->1440K(69632K)] 394948K->327396K(757760K), 0.0026996 secs] [Times: user=0.01 sys=0.00, real=0.00 secs] 
1382.887: [GC (Allocation Failure) [PSYoungGen: 69024K->1437K(69632K)] 394980K->327393K(757760K), 0.0022321 secs] [Times: user=0.01 sys=0.01, real=0.00 secs] 
1383.326: [GC (Allocation Failure) [PSYoungGen: 69021K->1581K(69632K)] 394977K->327537K(757760K), 0.0016697 secs] [Times: user=0.01 sys=0.00, real=0.01 secs] 
1383.719: [GC (Allocation Failure) [PSYoungGen: 69161K->1613K(69632K)] 395117K->327569K(757760K), 0.0017397 secs] [Times: user=0.01 sys=0.00, real=0.00 secs] 
1384.118: [GC (Allocation Failure) [PSYoungGen: 69197K->1613K(69632K)] 395153K->327569K(757760K), 0.0017788 secs] [Times: user=0.01 sys=0.00, real=0.00 secs] 
1384.489: [GC (Allocation Failure) [PSYoungGen: 69197K->1472K(69632K)] 395153K->327428K(757760K), 0.0018413 secs] [Times: user=0.00 sys=0.00, real=0.00 secs] 
1384.770: [GC (Allocation Failure) [PSYoungGen: 69056K->1376K(69632K)] 395012K->327332K(757760K), 0.0018259 secs] [Times: user=0.01 sys=0.00, real=0.00 secs] 
1385.051: [GC (Allocation Failure) [PSYoungGen: 68960K->1408K(69632K)] 394916K->327364K(757760K), 0.0017725 secs] [Times: user=0.01 sys=0.00, real=0.00 secs] 
1385.333: [GC (Allocation Failure) [PSYoungGen: 68992K->1408K(69632K)] 394948K->327364K(757760K), 0.0017743 secs] [Times: user=0.01 sys=0.00, real=0.00 secs] 
1385.665: [GC (Allocation Failure) [PSYoungGen: 68992K->1549K(69632K)] 394948K->327505K(757760K), 0.0015690 secs] [Times: user=0.00 sys=0.00, real=0.00 secs] 
1386.061: [GC (Allocation Failure) [PSYoungGen: 69126K->1581K(69632K)] 395083K->327537K(757760K), 0.0016203 secs] [Times: user=0.00 sys=0.00, real=0.00 secs] 
1386.469: [GC (Allocation Failure) [PSYoungGen: 69165K->1552K(69632K)] 395121K->327508K(757760K), 0.0015656 secs] [Times: user=0.01 sys=0.00, real=0.00 secs] 
1386.864: [GC (Allocation Failure) [PSYoungGen: 69136K->1552K(69632K)] 395092K->327524K(757760K), 0.0015912 secs] [Times: user=0.01 sys=0.00, real=0.00 secs] 
1387.549: [GC (Allocation Failure) [PSYoungGen: 69136K->1472K(69632K)] 395108K->327444K(757760K), 0.0020164 secs] [Times: user=0.01 sys=0.00, real=0.00 secs] 
1388.174: [GC (Allocation Failure) [PSYoungGen: 69056K->1408K(69632K)] 395028K->327380K(757760K), 0.0022475 secs] [Times: user=0.01 sys=0.00, real=0.00 secs] 
1388.788: [GC (Allocation Failure) [PSYoungGen: 68992K->1408K(69632K)] 394964K->327380K(757760K), 0.0025595 secs] [Times: user=0.01 sys=0.00, real=0.00 secs] 
1389.070: [GC (Allocation Failure) [PSYoungGen: 68992K->1408K(69632K)] 394964K->327380K(757760K), 0.0019850 secs] [Times: user=0.01 sys=0.00, real=0.00 secs] 
1389.444: [GC (Allocation Failure) [PSYoungGen: 68992K->1485K(69632K)] 394964K->327489K(757760K), 0.0016257 secs] [Times: user=0.01 sys=0.00, real=0.00 secs] 
1389.838: [GC (Allocation Failure) [PSYoungGen: 69069K->1629K(69632K)] 395073K->327633K(757760K), 0.0016538 secs] [Times: user=0.01 sys=0.00, real=0.00 secs] 
1390.230: [GC (Allocation Failure) [PSYoungGen: 69213K->1584K(69632K)] 395217K->327588K(757760K), 0.0015693 secs] [Times: user=0.00 sys=0.00, real=0.00 secs] 
1390.624: [GC (Allocation Failure) [PSYoungGen: 69168K->1552K(69632K)] 395172K->327572K(757760K), 0.0015796 secs] [Times: user=0.00 sys=0.00, real=0.00 secs] 
1391.233: [GC (Allocation Failure) [PSYoungGen: 69136K->1440K(69632K)] 395156K->327460K(757760K), 0.0024515 secs] [Times: user=0.01 sys=0.00, real=0.00 secs] 
1391.838: [GC (Allocation Failure) [PSYoungGen: 69024K->1344K(69632K)] 395044K->327364K(757760K), 0.0024347 secs] [Times: user=0.01 sys=0.00, real=0.00 secs] 
1392.661: [GC (Allocation Failure) [PSYoungGen: 68928K->1408K(69632K)] 394948K->327428K(757760K), 0.0022215 secs] [Times: user=0.01 sys=0.00, real=0.00 secs] 
1393.674: [GC (Allocation Failure) [PSYoungGen: 68992K->1408K(69632K)] 395012K->327428K(757760K), 0.0038774 secs] [Times: user=0.01 sys=0.00, real=0.01 secs] 
1394.326: [GC (Allocation Failure) [PSYoungGen: 68992K->1533K(69632K)] 395012K->327553K(757760K), 0.0015823 secs] [Times: user=0.00 sys=0.00, real=0.01 secs] 
1394.720: [GC (Allocation Failure) [PSYoungGen: 69117K->1552K(69632K)] 395137K->327572K(757760K), 0.0016044 secs] [Times: user=0.01 sys=0.00, real=0.00 secs] 
1395.174: [GC (Allocation Failure) [PSYoungGen: 69136K->1613K(69632K)] 395156K->327633K(757760K), 0.0016221 secs] [Times: user=0.00 sys=0.00, real=0.00 secs] 
1395.652: [GC (Allocation Failure) [PSYoungGen: 69197K->2016K(69632K)] 395217K->328588K(757760K), 0.0022901 secs] [Times: user=0.01 sys=0.00, real=0.00 secs] 
1396.278: [GC (Allocation Failure) [PSYoungGen: 69600K->1376K(70144K)] 396172K->327948K(758272K), 0.0027404 secs] [Times: user=0.01 sys=0.00, real=0.00 secs] 
1396.841: [GC (Allocation Failure) [PSYoungGen: 68960K->1376K(70144K)] 395532K->327948K(758272K), 0.0022901 secs] [Times: user=0.00 sys=0.00, real=0.00 secs] 
1397.434: [GC (Allocation Failure) [PSYoungGen: 68960K->1376K(70144K)] 395532K->327948K(758272K), 0.0029033 secs] [Times: user=0.02 sys=0.00, real=0.01 secs] 
1397.946: [GC (Allocation Failure) [PSYoungGen: 68960K->1376K(69120K)] 395532K->327948K(757248K), 0.0025932 secs] [Times: user=0.01 sys=0.00, real=0.01 secs] 
1398.407: [GC (Allocation Failure) [PSYoungGen: 68960K->1613K(69632K)] 395532K->328185K(757760K), 0.0015506 secs] [Times: user=0.01 sys=0.00, real=0.01 secs] 
1398.800: [GC (Allocation Failure) [PSYoungGen: 69197K->1581K(69632K)] 395769K->328153K(757760K), 0.0015393 secs] [Times: user=0.01 sys=0.00, real=0.00 secs] 
1399.192: [GC (Allocation Failure) [PSYoungGen: 69165K->1568K(69632K)] 395737K->328140K(757760K), 0.0015680 secs] [Times: user=0.01 sys=0.00, real=0.00 secs] 
1399.715: [GC (Allocation Failure) [PSYoungGen: 69152K->1488K(69632K)] 395724K->328060K(757760K), 0.0018777 secs] [Times: user=0.00 sys=0.00, real=0.00 secs] 
1400.306: [GC (Allocation Failure) [PSYoungGen: 69072K->1376K(69632K)] 395644K->327948K(757760K), 0.0016455 secs] [Times: user=0.00 sys=0.00, real=0.01 secs] 
1400.937: [GC (Allocation Failure) [PSYoungGen: 68960K->1376K(69632K)] 395532K->327948K(757760K), 0.0023855 secs] [Times: user=0.01 sys=0.00, real=0.01 secs] 
1401.554: [GC (Allocation Failure) [PSYoungGen: 68960K->1376K(69632K)] 395532K->327964K(757760K), 0.0026852 secs] [Times: user=0.01 sys=0.00, real=0.00 secs] 
1402.076: [GC (Allocation Failure) [PSYoungGen: 68937K->1488K(69632K)] 395525K->328076K(757760K), 0.0018201 secs] [Times: user=0.01 sys=0.00, real=0.01 secs] 
1402.481: [GC (Allocation Failure) [PSYoungGen: 69072K->1581K(69632K)] 395660K->328169K(757760K), 0.0015526 secs] [Times: user=0.01 sys=0.00, real=0.00 secs] 
1402.933: [GC (Allocation Failure) [PSYoungGen: 69165K->1520K(69632K)] 395753K->328108K(757760K), 0.0016194 secs] [Times: user=0.00 sys=0.00, real=0.00 secs] 
1403.386: [GC (Allocation Failure) [PSYoungGen: 69104K->1581K(69632K)] 395692K->328185K(757760K), 0.0015912 secs] [Times: user=0.01 sys=0.00, real=0.01 secs] 
1403.778: [GC (Allocation Failure) [PSYoungGen: 69165K->1456K(69632K)] 395769K->328060K(757760K), 0.0026417 secs] [Times: user=0.01 sys=0.00, real=0.00 secs] 
1404.109: [GC (Allocation Failure) [PSYoungGen: 69040K->1424K(69632K)] 395644K->328028K(757760K), 0.0019760 secs] [Times: user=0.00 sys=0.00, real=0.00 secs] 
1404.530: [GC (Allocation Failure) [PSYoungGen: 69008K->1440K(69632K)] 395612K->328044K(757760K), 0.0018625 secs] [Times: user=0.01 sys=0.00, real=0.00 secs] 
1404.821: [GC (Allocation Failure) [PSYoungGen: 69024K->1408K(69632K)] 395628K->328012K(757760K), 0.0019944 secs] [Times: user=0.01 sys=0.00, real=0.00 secs] 
1405.209: [GC (Allocation Failure) [PSYoungGen: 68992K->1536K(69632K)] 395596K->328140K(757760K), 0.0016370 secs] [Times: user=0.00 sys=0.00, real=0.00 secs] 
1405.603: [GC (Allocation Failure) [PSYoungGen: 69093K->1533K(69632K)] 395698K->328137K(757760K), 0.0016266 secs] [Times: user=0.01 sys=0.00, real=0.00 secs] 
1406.000: [GC (Allocation Failure) [PSYoungGen: 69117K->1552K(69632K)] 395721K->328156K(757760K), 0.0017241 secs] [Times: user=0.00 sys=0.00, real=0.00 secs] 
1406.393: [GC (Allocation Failure) [PSYoungGen: 69136K->1584K(69632K)] 395740K->328204K(757760K), 0.0018408 secs] [Times: user=0.00 sys=0.00, real=0.00 secs] 
1406.769: [GC (Allocation Failure) [PSYoungGen: 69168K->1440K(69632K)] 395788K->328060K(757760K), 0.0030074 secs] [Times: user=0.01 sys=0.00, real=0.00 secs] 
1407.068: [GC (Allocation Failure) [PSYoungGen: 69024K->1344K(69632K)] 395644K->327964K(757760K), 0.0019831 secs] [Times: user=0.01 sys=0.00, real=0.00 secs] 
1407.350: [GC (Allocation Failure) [PSYoungGen: 68928K->1392K(69632K)] 395548K->328012K(757760K), 0.0018792 secs] [Times: user=0.01 sys=0.00, real=0.00 secs] 
1407.666: [GC (Allocation Failure) [PSYoungGen: 68976K->1376K(69632K)] 395596K->327996K(757760K), 0.0016426 secs] [Times: user=0.01 sys=0.00, real=0.01 secs] 
1408.048: [GC (Allocation Failure) [PSYoungGen: 68939K->1549K(69632K)] 395559K->328169K(757760K), 0.0015156 secs] [Times: user=0.01 sys=0.00, real=0.00 secs] 
1408.443: [GC (Allocation Failure) [PSYoungGen: 69133K->1584K(69632K)] 395753K->328204K(757760K), 0.0015840 secs] [Times: user=0.00 sys=0.00, real=0.00 secs] 
1408.835: [GC (Allocation Failure) [PSYoungGen: 69168K->1552K(69632K)] 395788K->328204K(757760K), 0.0015831 secs] [Times: user=0.01 sys=0.00, real=0.00 secs] 
1409.289: [GC (Allocation Failure) [PSYoungGen: 69136K->1568K(69632K)] 395788K->328228K(757760K), 0.0017863 secs] [Times: user=0.01 sys=0.00, real=0.00 secs] 
1409.853: [GC (Allocation Failure) [PSYoungGen: 69152K->1376K(69632K)] 395812K->328036K(757760K), 0.0016512 secs] [Times: user=0.00 sys=0.00, real=0.00 secs] 
1410.166: [GC (Allocation Failure) [PSYoungGen: 68960K->1376K(69632K)] 395620K->328036K(757760K), 0.0018964 secs] [Times: user=0.00 sys=0.00, real=0.01 secs] 
1410.569: [GC (Allocation Failure) [PSYoungGen: 68960K->1408K(69632K)] 395620K->328068K(757760K), 0.0016676 secs] [Times: user=0.01 sys=0.00, real=0.00 secs] 
1411.029: [GC (Allocation Failure) [PSYoungGen: 68992K->1376K(69632K)] 395652K->328036K(757760K), 0.0016228 secs] [Times: user=0.00 sys=0.00, real=0.00 secs] 
1411.445: [GC (Allocation Failure) [PSYoungGen: 68929K->1549K(69632K)] 395590K->328209K(757760K), 0.0015888 secs] [Times: user=0.00 sys=0.00, real=0.01 secs] 
1411.841: [GC (Allocation Failure) [PSYoungGen: 69133K->1584K(69632K)] 395793K->328244K(757760K), 0.0016420 secs] [Times: user=0.01 sys=0.00, real=0.00 secs] 
1412.233: [GC (Allocation Failure) [PSYoungGen: 69168K->1565K(69632K)] 395828K->328225K(757760K), 0.0015170 secs] [Times: user=0.01 sys=0.00, real=0.00 secs] 
1412.864: [GC (Allocation Failure) [PSYoungGen: 69149K->1488K(69632K)] 395809K->328156K(757760K), 0.0029759 secs] [Times: user=0.01 sys=0.00, real=0.01 secs] 
1413.588: [GC (Allocation Failure) [PSYoungGen: 69072K->1440K(69632K)] 395740K->328108K(757760K), 0.0027901 secs] [Times: user=0.01 sys=0.00, real=0.00 secs] 
1414.233: [GC (Allocation Failure) [PSYoungGen: 69024K->1392K(69632K)] 395692K->328060K(757760K), 0.0024606 secs] [Times: user=0.01 sys=0.00, real=0.00 secs] 
1414.850: [GC (Allocation Failure) [PSYoungGen: 68976K->1376K(69632K)] 395644K->328044K(757760K), 0.0026585 secs] [Times: user=0.01 sys=0.00, real=0.00 secs] 
1415.502: [GC (Allocation Failure) [PSYoungGen: 68951K->1437K(69632K)] 395619K->328105K(757760K), 0.0020230 secs] [Times: user=0.00 sys=0.00, real=0.00 secs] 
1415.926: [GC (Allocation Failure) [PSYoungGen: 69021K->1581K(69632K)] 395689K->328249K(757760K), 0.0015623 secs] [Times: user=0.01 sys=0.00, real=0.01 secs] 
1416.317: [GC (Allocation Failure) [PSYoungGen: 69165K->1600K(69632K)] 395833K->328268K(757760K), 0.0016259 secs] [Times: user=0.01 sys=0.00, real=0.01 secs] 
1416.709: [GC (Allocation Failure) [PSYoungGen: 69184K->1616K(69632K)] 395852K->328300K(757760K), 0.0015583 secs] [Times: user=0.01 sys=0.00, real=0.00 secs] 
1417.318: [GC (Allocation Failure) [PSYoungGen: 69200K->1456K(69632K)] 395884K->328140K(757760K), 0.0021964 secs] [Times: user=0.01 sys=0.00, real=0.00 secs] 
1417.899: [GC (Allocation Failure) [PSYoungGen: 69040K->1408K(69632K)] 395724K->328092K(757760K), 0.0038099 secs] [Times: user=0.02 sys=0.00, real=0.00 secs] 
1418.462: [GC (Allocation Failure) [PSYoungGen: 68992K->1408K(69632K)] 395676K->328092K(757760K), 0.0032456 secs] [Times: user=0.01 sys=0.00, real=0.00 secs] 
1419.041: [GC (Allocation Failure) [PSYoungGen: 68992K->1424K(69632K)] 395676K->328108K(757760K), 0.0031115 secs] [Times: user=0.02 sys=0.00, real=0.00 secs] 
1419.478: [GC (Allocation Failure) [PSYoungGen: 68982K->1469K(69632K)] 395666K->328153K(757760K), 0.0014535 secs] [Times: user=0.01 sys=0.00, real=0.00 secs] 
1419.871: [GC (Allocation Failure) [PSYoungGen: 69053K->1552K(69632K)] 395737K->328236K(757760K), 0.0015851 secs] [Times: user=0.00 sys=0.00, real=0.00 secs] 
1420.264: [GC (Allocation Failure) [PSYoungGen: 69136K->1552K(69632K)] 395820K->328236K(757760K), 0.0016510 secs] [Times: user=0.00 sys=0.00, real=0.00 secs] 
1420.657: [GC (Allocation Failure) [PSYoungGen: 69136K->1536K(69632K)] 395820K->328236K(757760K), 0.0016410 secs] [Times: user=0.01 sys=0.00, real=0.01 secs] 
1421.022: [GC (Allocation Failure) [PSYoungGen: 69120K->1440K(69632K)] 395820K->328164K(757760K), 0.0017953 secs] [Times: user=0.01 sys=0.00, real=0.00 secs] 
1421.302: [GC (Allocation Failure) [PSYoungGen: 69024K->1376K(69632K)] 395748K->328100K(757760K), 0.0018773 secs] [Times: user=0.01 sys=0.01, real=0.00 secs] 
1421.583: [GC (Allocation Failure) [PSYoungGen: 68960K->1408K(69632K)] 395684K->328132K(757760K), 0.0019227 secs] [Times: user=0.01 sys=0.00, real=0.00 secs] 
1421.871: [GC (Allocation Failure) [PSYoungGen: 68992K->1408K(69632K)] 395716K->328132K(757760K), 0.0022265 secs] [Times: user=0.01 sys=0.00, real=0.00 secs] 
1422.250: [GC (Allocation Failure) [PSYoungGen: 68992K->1501K(69632K)] 395716K->328225K(757760K), 0.0014753 secs] [Times: user=0.01 sys=0.00, real=0.00 secs] 
1422.708: [GC (Allocation Failure) [PSYoungGen: 69085K->1581K(69632K)] 395809K->328305K(757760K), 0.0016104 secs] [Times: user=0.01 sys=0.00, real=0.00 secs] 
1423.101: [GC (Allocation Failure) [PSYoungGen: 69165K->1517K(69632K)] 395889K->328241K(757760K), 0.0015979 secs] [Times: user=0.00 sys=0.00, real=0.00 secs] 
1423.497: [GC (Allocation Failure) [PSYoungGen: 69101K->1565K(69632K)] 395825K->328305K(757760K), 0.0015930 secs] [Times: user=0.01 sys=0.00, real=0.01 secs] 
1424.898: [GC (Allocation Failure) [PSYoungGen: 69149K->1440K(69632K)] 395889K->328188K(757760K), 0.0031285 secs] [Times: user=0.01 sys=0.00, real=0.00 secs] 
1425.467: [GC (Allocation Failure) [PSYoungGen: 69024K->1344K(69632K)] 395772K->328092K(757760K), 0.0024734 secs] [Times: user=0.01 sys=0.00, real=0.00 secs] 
1426.077: [GC (Allocation Failure) [PSYoungGen: 68928K->1392K(69632K)] 395676K->328140K(757760K), 0.0030809 secs] [Times: user=0.01 sys=0.00, real=0.00 secs] 
1426.656: [GC (Allocation Failure) [PSYoungGen: 68976K->1360K(69632K)] 395724K->328108K(757760K), 0.0023920 secs] [Times: user=0.01 sys=0.00, real=0.01 secs] 
1427.215: [GC (Allocation Failure) [PSYoungGen: 68944K->1549K(69632K)] 395692K->328297K(757760K), 0.0014996 secs] [Times: user=0.01 sys=0.00, real=0.00 secs] 
1427.684: [GC (Allocation Failure) [PSYoungGen: 69133K->1584K(69632K)] 395881K->328332K(757760K), 0.0016167 secs] [Times: user=0.00 sys=0.00, real=0.00 secs] 
1428.140: [GC (Allocation Failure) [PSYoungGen: 69168K->1533K(69632K)] 395916K->328281K(757760K), 0.0016182 secs] [Times: user=0.01 sys=0.00, real=0.00 secs] 
1428.668: [GC (Allocation Failure) [PSYoungGen: 69117K->1472K(69632K)] 395865K->328228K(757760K), 0.0017262 secs] [Times: user=0.00 sys=0.00, real=0.00 secs] 
1429.217: [GC (Allocation Failure) [PSYoungGen: 69056K->1376K(69632K)] 395812K->328132K(757760K), 0.0032204 secs] [Times: user=0.01 sys=0.00, real=0.01 secs] 
1429.796: [GC (Allocation Failure) [PSYoungGen: 68960K->1440K(69632K)] 395716K->328196K(757760K), 0.0029597 secs] [Times: user=0.01 sys=0.00, real=0.01 secs] 
1430.403: [GC (Allocation Failure) [PSYoungGen: 69024K->1440K(69632K)] 395780K->328196K(757760K), 0.0027129 secs] [Times: user=0.02 sys=0.00, real=0.00 secs] 
1431.150: [GC (Allocation Failure) [PSYoungGen: 68858K->256K(69632K)] 395614K->327012K(757760K), 0.0030468 secs] [Times: user=0.01 sys=0.00, real=0.00 secs] 
1431.628: [GC (Allocation Failure) [PSYoungGen: 67840K->1565K(69632K)] 394596K->328321K(757760K), 0.0017455 secs] [Times: user=0.00 sys=0.00, real=0.00 secs] 
1432.023: [GC (Allocation Failure) [PSYoungGen: 69149K->1629K(69632K)] 395905K->328385K(757760K), 0.0015515 secs] [Times: user=0.00 sys=0.00, real=0.00 secs] 
1432.472: [GC (Allocation Failure) [PSYoungGen: 69213K->1581K(69632K)] 395969K->328361K(757760K), 0.0016257 secs] [Times: user=0.01 sys=0.00, real=0.00 secs] 
1433.147: [GC (Allocation Failure) [PSYoungGen: 69165K->1440K(69632K)] 395945K->328236K(757760K), 0.0026230 secs] [Times: user=0.01 sys=0.00, real=0.00 secs] 
1433.845: [GC (Allocation Failure) [PSYoungGen: 69024K->1408K(69632K)] 395820K->328204K(757760K), 0.0041589 secs] [Times: user=0.01 sys=0.00, real=0.01 secs] 
1434.569: [GC (Allocation Failure) [PSYoungGen: 68992K->1440K(69632K)] 395788K->328236K(757760K), 0.0027651 secs] [Times: user=0.01 sys=0.00, real=0.00 secs] 
1435.324: [GC (Allocation Failure) [PSYoungGen: 69024K->1440K(69632K)] 395820K->328236K(757760K), 0.0022092 secs] [Times: user=0.01 sys=0.00, real=0.00 secs] 
1435.875: [GC (Allocation Failure) [PSYoungGen: 69024K->1517K(69632K)] 395820K->328313K(757760K), 0.0014484 secs] [Times: user=0.01 sys=0.00, real=0.01 secs] 
1436.271: [GC (Allocation Failure) [PSYoungGen: 69101K->1616K(69632K)] 395897K->328412K(757760K), 0.0015223 secs] [Times: user=0.01 sys=0.00, real=0.00 secs] 
1436.666: [GC (Allocation Failure) [PSYoungGen: 69200K->1533K(69632K)] 395996K->328329K(757760K), 0.0015449 secs] [Times: user=0.00 sys=0.00, real=0.01 secs] 
1437.059: [GC (Allocation Failure) [PSYoungGen: 69117K->1565K(69632K)] 395913K->328385K(757760K), 0.0016505 secs] [Times: user=0.01 sys=0.00, real=0.00 secs] 
1437.423: [GC (Allocation Failure) [PSYoungGen: 69149K->1504K(69632K)] 395969K->328332K(757760K), 0.0017742 secs] [Times: user=0.01 sys=0.00, real=0.00 secs] 
1437.733: [GC (Allocation Failure) [PSYoungGen: 69088K->1440K(69632K)] 395916K->328268K(757760K), 0.0018245 secs] [Times: user=0.01 sys=0.00, real=0.00 secs] 
1438.026: [GC (Allocation Failure) [PSYoungGen: 69024K->1408K(69632K)] 395852K->328236K(757760K), 0.0022541 secs] [Times: user=0.01 sys=0.00, real=0.01 secs] 
1438.370: [GC (Allocation Failure) [PSYoungGen: 68992K->1408K(69632K)] 395820K->328236K(757760K), 0.0025395 secs] [Times: user=0.01 sys=0.00, real=0.00 secs] 
1438.776: [GC (Allocation Failure) [PSYoungGen: 68991K->1517K(69632K)] 395819K->328345K(757760K), 0.0015293 secs] [Times: user=0.01 sys=0.00, real=0.01 secs] 
1439.228: [GC (Allocation Failure) [PSYoungGen: 69101K->1616K(69632K)] 395929K->328444K(757760K), 0.0016193 secs] [Times: user=0.00 sys=0.00, real=0.00 secs] 
1439.621: [GC (Allocation Failure) [PSYoungGen: 69200K->1549K(69632K)] 396028K->328377K(757760K), 0.0016020 secs] [Times: user=0.00 sys=0.00, real=0.00 secs] 
1440.013: [GC (Allocation Failure) [PSYoungGen: 69133K->1552K(69632K)] 395961K->328396K(757760K), 0.0016334 secs] [Times: user=0.01 sys=0.00, real=0.00 secs] 
1440.655: [GC (Allocation Failure) [PSYoungGen: 69136K->1440K(69632K)] 395980K->328308K(757760K), 0.0022071 secs] [Times: user=0.01 sys=0.00, real=0.01 secs] 
1440.938: [GC (Allocation Failure) [PSYoungGen: 69024K->1408K(69632K)] 395892K->328276K(757760K), 0.0030245 secs] [Times: user=0.01 sys=0.00, real=0.00 secs] 
1441.218: [GC (Allocation Failure) [PSYoungGen: 68992K->1408K(69632K)] 395860K->328276K(757760K), 0.0022214 secs] [Times: user=0.01 sys=0.00, real=0.00 secs] 
1441.512: [GC (Allocation Failure) [PSYoungGen: 68992K->1408K(69632K)] 395860K->328276K(757760K), 0.0020441 secs] [Times: user=0.01 sys=0.00, real=0.00 secs] 
1441.938: [GC (Allocation Failure) [PSYoungGen: 68992K->1517K(69632K)] 395860K->328385K(757760K), 0.0014448 secs] [Times: user=0.01 sys=0.00, real=0.00 secs] 
1442.332: [GC (Allocation Failure) [PSYoungGen: 69101K->1549K(69632K)] 395969K->328417K(757760K), 0.0016186 secs] [Times: user=0.00 sys=0.00, real=0.00 secs] 
1442.728: [GC (Allocation Failure) [PSYoungGen: 69133K->1597K(69632K)] 396001K->328465K(757760K), 0.0016482 secs] [Times: user=0.00 sys=0.00, real=0.00 secs] 
1443.184: [GC (Allocation Failure) [PSYoungGen: 69181K->1824K(69632K)] 396049K->328700K(757760K), 0.0017575 secs] [Times: user=0.01 sys=0.00, real=0.00 secs] 
1443.625: [GC (Allocation Failure) [PSYoungGen: 69408K->1408K(69632K)] 396284K->328284K(757760K), 0.0017120 secs] [Times: user=0.01 sys=0.00, real=0.00 secs] 
1443.906: [GC (Allocation Failure) [PSYoungGen: 68992K->1376K(69632K)] 395868K->328252K(757760K), 0.0019023 secs] [Times: user=0.01 sys=0.00, real=0.01 secs] 
1444.192: [GC (Allocation Failure) [PSYoungGen: 68960K->1376K(69632K)] 395836K->328252K(757760K), 0.0024932 secs] [Times: user=0.01 sys=0.00, real=0.00 secs] 
1444.470: [GC (Allocation Failure) [PSYoungGen: 68960K->1376K(69632K)] 395836K->328252K(757760K), 0.0020555 secs] [Times: user=0.01 sys=0.00, real=0.00 secs] 
1444.907: [GC (Allocation Failure) [PSYoungGen: 68960K->1533K(69632K)] 395836K->328409K(757760K), 0.0017203 secs] [Times: user=0.00 sys=0.00, real=0.01 secs] 
1445.302: [GC (Allocation Failure) [PSYoungGen: 69117K->1597K(69632K)] 395993K->328473K(757760K), 0.0018119 secs] [Times: user=0.01 sys=0.00, real=0.00 secs] 
1445.698: [GC (Allocation Failure) [PSYoungGen: 69181K->1584K(69632K)] 396057K->328460K(757760K), 0.0015884 secs] [Times: user=0.01 sys=0.00, real=0.00 secs] 
1447.307: [GC (Allocation Failure) [PSYoungGen: 69168K->1504K(69632K)] 396044K->328388K(757760K), 0.0031810 secs] [Times: user=0.01 sys=0.00, real=0.01 secs] 
1448.344: [GC (Allocation Failure) [PSYoungGen: 69088K->1408K(69632K)] 395972K->328292K(757760K), 0.0022263 secs] [Times: user=0.01 sys=0.00, real=0.00 secs] 
1448.767: [GC (Allocation Failure) [PSYoungGen: 68992K->1376K(69632K)] 395876K->328260K(757760K), 0.0020744 secs] [Times: user=0.00 sys=0.00, real=0.00 secs] 
1449.321: [GC (Allocation Failure) [PSYoungGen: 68960K->1440K(69632K)] 395844K->328324K(757760K), 0.0021872 secs] [Times: user=0.00 sys=0.00, real=0.00 secs] 
1449.908: [GC (Allocation Failure) [PSYoungGen: 69005K->1536K(69632K)] 395889K->328420K(757760K), 0.0019123 secs] [Times: user=0.01 sys=0.00, real=0.00 secs] 
1450.389: [GC (Allocation Failure) [PSYoungGen: 69120K->1581K(69632K)] 396004K->328465K(757760K), 0.0016101 secs] [Times: user=0.01 sys=0.00, real=0.00 secs] 
1450.845: [GC (Allocation Failure) [PSYoungGen: 69165K->1597K(69632K)] 396049K->328481K(757760K), 0.0016132 secs] [Times: user=0.01 sys=0.00, real=0.00 secs] 
1451.241: [GC (Allocation Failure) [PSYoungGen: 69181K->1581K(69632K)] 396065K->328473K(757760K), 0.0016792 secs] [Times: user=0.00 sys=0.00, real=0.00 secs] 
1451.609: [GC (Allocation Failure) [PSYoungGen: 69165K->1408K(69632K)] 396057K->328324K(757760K), 0.0023215 secs] [Times: user=0.01 sys=0.00, real=0.00 secs] 
1451.893: [GC (Allocation Failure) [PSYoungGen: 68992K->1408K(69632K)] 395908K->328324K(757760K), 0.0019162 secs] [Times: user=0.01 sys=0.00, real=0.00 secs] 
1452.175: [GC (Allocation Failure) [PSYoungGen: 68992K->1408K(69632K)] 395908K->328324K(757760K), 0.0020362 secs] [Times: user=0.01 sys=0.00, real=0.00 secs] 
1452.455: [GC (Allocation Failure) [PSYoungGen: 68992K->1408K(69632K)] 395908K->328324K(757760K), 0.0019732 secs] [Times: user=0.01 sys=0.00, real=0.01 secs] 
1452.813: [GC (Allocation Failure) [PSYoungGen: 68992K->1453K(69632K)] 395908K->328369K(757760K), 0.0015374 secs] [Times: user=0.01 sys=0.00, real=0.00 secs] 
1453.215: [GC (Allocation Failure) [PSYoungGen: 69017K->1517K(69632K)] 395933K->328433K(757760K), 0.0016527 secs] [Times: user=0.01 sys=0.00, real=0.01 secs] 
1453.612: [GC (Allocation Failure) [PSYoungGen: 69101K->1629K(69632K)] 396017K->328545K(757760K), 0.0015674 secs] [Times: user=0.00 sys=0.00, real=0.00 secs] 
1454.007: [GC (Allocation Failure) [PSYoungGen: 69213K->1616K(69632K)] 396129K->328564K(757760K), 0.0015699 secs] [Times: user=0.01 sys=0.00, real=0.00 secs] 
1454.825: [GC (Allocation Failure) [PSYoungGen: 69200K->1440K(69632K)] 396148K->328388K(757760K), 0.0033321 secs] [Times: user=0.01 sys=0.00, real=0.01 secs] 
1455.213: [GC (Allocation Failure) [PSYoungGen: 69024K->1376K(69632K)] 395972K->328332K(757760K), 0.0025206 secs] [Times: user=0.01 sys=0.00, real=0.00 secs] 
1455.495: [GC (Allocation Failure) [PSYoungGen: 68960K->1408K(69632K)] 395916K->328364K(757760K), 0.0019222 secs] [Times: user=0.01 sys=0.00, real=0.00 secs] 
1455.781: [GC (Allocation Failure) [PSYoungGen: 68992K->1440K(69632K)] 395948K->328404K(757760K), 0.0020050 secs] [Times: user=0.00 sys=0.00, real=0.00 secs] 
1456.181: [GC (Allocation Failure) [PSYoungGen: 69024K->1517K(69632K)] 395988K->328481K(757760K), 0.0015022 secs] [Times: user=0.00 sys=0.00, real=0.00 secs] 
1456.577: [GC (Allocation Failure) [PSYoungGen: 69101K->1584K(69632K)] 396065K->328548K(757760K), 0.0015408 secs] [Times: user=0.01 sys=0.00, real=0.00 secs] 
1456.972: [GC (Allocation Failure) [PSYoungGen: 69168K->1581K(69632K)] 396132K->328545K(757760K), 0.0015514 secs] [Times: user=0.00 sys=0.00, real=0.00 secs] 
1457.367: [GC (Allocation Failure) [PSYoungGen: 69165K->429K(69632K)] 396129K->327401K(757760K), 0.0015140 secs] [Times: user=0.00 sys=0.00, real=0.00 secs] 
1458.941: [GC (Allocation Failure) [PSYoungGen: 68013K->1440K(69632K)] 394985K->328412K(757760K), 0.0030182 secs] [Times: user=0.01 sys=0.00, real=0.00 secs] 
1459.252: [GC (Allocation Failure) [PSYoungGen: 69024K->1376K(69632K)] 395996K->328348K(757760K), 0.0018233 secs] [Times: user=0.01 sys=0.00, real=0.00 secs] 
1459.532: [GC (Allocation Failure) [PSYoungGen: 68960K->1376K(69632K)] 395932K->328348K(757760K), 0.0019705 secs] [Times: user=0.00 sys=0.00, real=0.00 secs] 
1459.813: [GC (Allocation Failure) [PSYoungGen: 68960K->1376K(69632K)] 395932K->328348K(757760K), 0.0016932 secs] [Times: user=0.00 sys=0.00, real=0.00 secs] 
1460.220: [GC (Allocation Failure) [PSYoungGen: 68960K->1549K(69632K)] 395932K->328521K(757760K), 0.0015386 secs] [Times: user=0.01 sys=0.00, real=0.00 secs] 
1460.616: [GC (Allocation Failure) [PSYoungGen: 69133K->1613K(69632K)] 396105K->328609K(757760K), 0.0018561 secs] [Times: user=0.01 sys=0.00, real=0.01 secs] 
1461.071: [GC (Allocation Failure) [PSYoungGen: 69197K->1568K(69632K)] 396193K->328564K(757760K), 0.0015833 secs] [Times: user=0.01 sys=0.00, real=0.00 secs] 
1461.707: [GC (Allocation Failure) [PSYoungGen: 69152K->1472K(69632K)] 396148K->328468K(757760K), 0.0029185 secs] [Times: user=0.02 sys=0.00, real=0.01 secs] 
1462.506: [GC (Allocation Failure) [PSYoungGen: 69056K->1440K(69632K)] 396052K->328436K(757760K), 0.0035187 secs] [Times: user=0.02 sys=0.00, real=0.01 secs] 
1463.048: [GC (Allocation Failure) [PSYoungGen: 69024K->1440K(69632K)] 396020K->328436K(757760K), 0.0029719 secs] [Times: user=0.01 sys=0.00, real=0.00 secs] 
1463.359: [GC (Allocation Failure) [PSYoungGen: 69024K->1376K(69632K)] 396020K->328372K(757760K), 0.0019965 secs] [Times: user=0.01 sys=0.00, real=0.00 secs] 
1463.665: [GC (Allocation Failure) [PSYoungGen: 68960K->1520K(69632K)] 395956K->328516K(757760K), 0.0016911 secs] [Times: user=0.01 sys=0.00, real=0.01 secs] 
1464.065: [GC (Allocation Failure) [PSYoungGen: 69104K->1584K(69632K)] 396100K->328580K(757760K), 0.0015933 secs] [Times: user=0.01 sys=0.00, real=0.00 secs] 
1464.460: [GC (Allocation Failure) [PSYoungGen: 69150K->1581K(69632K)] 396146K->328577K(757760K), 0.0017331 secs] [Times: user=0.00 sys=0.00, real=0.00 secs] 
1464.857: [GC (Allocation Failure) [PSYoungGen: 69165K->1552K(69632K)] 396161K->328548K(757760K), 0.0015095 secs] [Times: user=0.00 sys=0.00, real=0.00 secs] 
1465.761: [GC (Allocation Failure) [PSYoungGen: 69136K->1472K(69632K)] 396132K->328468K(757760K), 0.0040864 secs] [Times: user=0.02 sys=0.00, real=0.00 secs] 
1466.896: [GC (Allocation Failure) [PSYoungGen: 69056K->1408K(69632K)] 396052K->328404K(757760K), 0.0030459 secs] [Times: user=0.01 sys=0.00, real=0.01 secs] 
1467.565: [GC (Allocation Failure) [PSYoungGen: 68992K->1408K(69632K)] 395988K->328404K(757760K), 0.0023016 secs] [Times: user=0.01 sys=0.00, real=0.01 secs] 
1467.974: [GC (Allocation Failure) [PSYoungGen: 68992K->1376K(69632K)] 395988K->328372K(757760K), 0.0019699 secs] [Times: user=0.00 sys=0.00, real=0.00 secs] 
1468.318: [GC (Allocation Failure) [PSYoungGen: 68939K->1501K(69632K)] 395935K->328497K(757760K), 0.0014380 secs] [Times: user=0.01 sys=0.00, real=0.00 secs] 
1468.720: [GC (Allocation Failure) [PSYoungGen: 69085K->1565K(69632K)] 396081K->328561K(757760K), 0.0016938 secs] [Times: user=0.01 sys=0.00, real=0.00 secs] 
1469.114: [GC (Allocation Failure) [PSYoungGen: 69149K->1584K(69632K)] 396145K->328580K(757760K), 0.0015401 secs] [Times: user=0.01 sys=0.01, real=0.00 secs] 
1469.508: [GC (Allocation Failure) [PSYoungGen: 69168K->1552K(69632K)] 396164K->328564K(757760K), 0.0015496 secs] [Times: user=0.01 sys=0.00, real=0.00 secs] 
1470.049: [GC (Allocation Failure) [PSYoungGen: 69136K->1424K(69632K)] 396148K->328436K(757760K), 0.0018252 secs] [Times: user=0.01 sys=0.00, real=0.00 secs] 
1470.682: [GC (Allocation Failure) [PSYoungGen: 69008K->1408K(69632K)] 396020K->328420K(757760K), 0.0031545 secs] [Times: user=0.01 sys=0.00, real=0.00 secs] 
1471.269: [GC (Allocation Failure) [PSYoungGen: 68992K->1376K(69632K)] 396004K->328404K(757760K), 0.0032446 secs] [Times: user=0.01 sys=0.01, real=0.00 secs] 
1471.572: [GC (Allocation Failure) [PSYoungGen: 68960K->1360K(69632K)] 395988K->328388K(757760K), 0.0020102 secs] [Times: user=0.01 sys=0.00, real=0.00 secs] 
1471.945: [GC (Allocation Failure) [PSYoungGen: 68944K->1485K(69632K)] 395972K->328513K(757760K), 0.0014861 secs] [Times: user=0.00 sys=0.00, real=0.00 secs] 
1472.337: [GC (Allocation Failure) [PSYoungGen: 69069K->1565K(69632K)] 396097K->328593K(757760K), 0.0015913 secs] [Times: user=0.01 sys=0.00, real=0.00 secs] 
1472.732: [GC (Allocation Failure) [PSYoungGen: 69149K->1581K(69632K)] 396177K->328609K(757760K), 0.0017216 secs] [Times: user=0.01 sys=0.00, real=0.00 secs] 
1473.130: [GC (Allocation Failure) [PSYoungGen: 69165K->1552K(69632K)] 396193K->328596K(757760K), 0.0016278 secs] [Times: user=0.01 sys=0.00, real=0.00 secs] 
1475.499: [GC (Allocation Failure) [PSYoungGen: 69136K->1440K(69632K)] 396180K->328484K(757760K), 0.0040481 secs] [Times: user=0.02 sys=0.00, real=0.00 secs] 
1476.349: [GC (Allocation Failure) [PSYoungGen: 69024K->1408K(69632K)] 396068K->328452K(757760K), 0.0030345 secs] [Times: user=0.01 sys=0.00, real=0.00 secs] 
1476.664: [GC (Allocation Failure) [PSYoungGen: 68992K->1408K(69632K)] 396036K->328452K(757760K), 0.0019158 secs] [Times: user=0.00 sys=0.00, real=0.00 secs] 
1476.945: [GC (Allocation Failure) [PSYoungGen: 68992K->1376K(69632K)] 396036K->328420K(757760K), 0.0017966 secs] [Times: user=0.01 sys=0.00, real=0.00 secs] 
1477.340: [GC (Allocation Failure) [PSYoungGen: 68960K->1533K(69632K)] 396004K->328577K(757760K), 0.0015434 secs] [Times: user=0.01 sys=0.00, real=0.00 secs] 
1477.736: [GC (Allocation Failure) [PSYoungGen: 69117K->1520K(69632K)] 396161K->328564K(757760K), 0.0015237 secs] [Times: user=0.00 sys=0.00, real=0.01 secs] 
1478.133: [GC (Allocation Failure) [PSYoungGen: 69104K->1581K(69632K)] 396148K->328625K(757760K), 0.0015421 secs] [Times: user=0.00 sys=0.00, real=0.00 secs] 
1478.653: [GC (Allocation Failure) [PSYoungGen: 69165K->2032K(69632K)] 396209K->329084K(757760K), 0.0018795 secs] [Times: user=0.01 sys=0.00, real=0.00 secs] 
1479.894: [GC (Allocation Failure) [PSYoungGen: 69616K->1408K(69632K)] 396668K->328460K(757760K), 0.0029290 secs] [Times: user=0.02 sys=0.00, real=0.01 secs] 
1480.939: [GC (Allocation Failure) [PSYoungGen: 68992K->1408K(69632K)] 396044K->328460K(757760K), 0.0034716 secs] [Times: user=0.01 sys=0.00, real=0.00 secs] 
1481.661: [GC (Allocation Failure) [PSYoungGen: 68992K->1408K(69632K)] 396044K->328460K(757760K), 0.0026748 secs] [Times: user=0.01 sys=0.00, real=0.00 secs] 
1482.196: [GC (Allocation Failure) [PSYoungGen: 68992K->1408K(69632K)] 396044K->328460K(757760K), 0.0026808 secs] [Times: user=0.02 sys=0.00, real=0.01 secs] 
1482.722: [GC (Allocation Failure) [PSYoungGen: 68992K->1552K(69632K)] 396044K->328604K(757760K), 0.0015478 secs] [Times: user=0.00 sys=0.01, real=0.00 secs] 
1483.118: [GC (Allocation Failure) [PSYoungGen: 69136K->1581K(69632K)] 396188K->328633K(757760K), 0.0015628 secs] [Times: user=0.01 sys=0.00, real=0.00 secs] 
1483.516: [GC (Allocation Failure) [PSYoungGen: 69165K->1597K(69632K)] 396217K->328649K(757760K), 0.0016150 secs] [Times: user=0.00 sys=0.00, real=0.01 secs] 
1484.059: [GC (Allocation Failure) [PSYoungGen: 69181K->1488K(69632K)] 396233K->328548K(757760K), 0.0023443 secs] [Times: user=0.00 sys=0.00, real=0.00 secs] 
1484.622: [GC (Allocation Failure) [PSYoungGen: 69072K->1408K(69632K)] 396132K->328468K(757760K), 0.0021015 secs] [Times: user=0.01 sys=0.00, real=0.00 secs] 
1485.167: [GC (Allocation Failure) [PSYoungGen: 68992K->1408K(69632K)] 396052K->328468K(757760K), 0.0019478 secs] [Times: user=0.01 sys=0.00, real=0.00 secs] 
1485.714: [GC (Allocation Failure) [PSYoungGen: 68992K->1408K(69632K)] 396052K->328468K(757760K), 0.0020034 secs] [Times: user=0.01 sys=0.00, real=0.00 secs] 
1486.380: [GC (Allocation Failure) [PSYoungGen: 68969K->1501K(69632K)] 396029K->328561K(757760K), 0.0014647 secs] [Times: user=0.01 sys=0.00, real=0.00 secs] 
1486.774: [GC (Allocation Failure) [PSYoungGen: 69085K->1581K(69632K)] 396145K->328641K(757760K), 0.0015409 secs] [Times: user=0.01 sys=0.00, real=0.00 secs] 
1487.176: [GC (Allocation Failure) [PSYoungGen: 69165K->1616K(69632K)] 396225K->328676K(757760K), 0.0016206 secs] [Times: user=0.00 sys=0.00, real=0.01 secs] 
1487.574: [GC (Allocation Failure) [PSYoungGen: 69200K->1581K(69632K)] 396260K->328649K(757760K), 0.0015591 secs] [Times: user=0.00 sys=0.00, real=0.00 secs] 
1487.953: [GC (Allocation Failure) [PSYoungGen: 69165K->1472K(69632K)] 396233K->328540K(757760K), 0.0016533 secs] [Times: user=0.01 sys=0.00, real=0.00 secs] 
1488.405: [GC (Allocation Failure) [PSYoungGen: 69056K->1376K(69632K)] 396124K->328444K(757760K), 0.0016061 secs] [Times: user=0.01 sys=0.00, real=0.01 secs] 
1489.027: [GC (Allocation Failure) [PSYoungGen: 68960K->1440K(69632K)] 396028K->328508K(757760K), 0.0017821 secs] [Times: user=0.00 sys=0.00, real=0.00 secs] 
1489.605: [GC (Allocation Failure) [PSYoungGen: 69024K->1424K(69632K)] 396092K->328492K(757760K), 0.0021722 secs] [Times: user=0.01 sys=0.00, real=0.01 secs] 
1490.196: [GC (Allocation Failure) [PSYoungGen: 69008K->1485K(69632K)] 396076K->328553K(757760K), 0.0014964 secs] [Times: user=0.01 sys=0.00, real=0.01 secs] 
1490.592: [GC (Allocation Failure) [PSYoungGen: 69052K->1581K(69632K)] 396121K->328649K(757760K), 0.0015193 secs] [Times: user=0.00 sys=0.00, real=0.00 secs] 
1490.989: [GC (Allocation Failure) [PSYoungGen: 69165K->1552K(69632K)] 396233K->328644K(757760K), 0.0015180 secs] [Times: user=0.01 sys=0.00, real=0.00 secs] 
1491.383: [GC (Allocation Failure) [PSYoungGen: 69136K->1581K(69632K)] 396228K->328689K(757760K), 0.0015590 secs] [Times: user=0.00 sys=0.00, real=0.00 secs] 
1491.733: [GC (Allocation Failure) [PSYoungGen: 69165K->1472K(69632K)] 396273K->328580K(757760K), 0.0014649 secs] [Times: user=0.01 sys=0.00, real=0.00 secs] 
1492.187: [GC (Allocation Failure) [PSYoungGen: 69056K->1392K(69632K)] 396164K->328500K(757760K), 0.0017549 secs] [Times: user=0.00 sys=0.00, real=0.00 secs] 
1492.802: [GC (Allocation Failure) [PSYoungGen: 68976K->1408K(69632K)] 396084K->328516K(757760K), 0.0019973 secs] [Times: user=0.00 sys=0.00, real=0.00 secs] 
1493.401: [GC (Allocation Failure) [PSYoungGen: 68992K->1408K(69632K)] 396100K->328516K(757760K), 0.0039599 secs] [Times: user=0.01 sys=0.00, real=0.00 secs] 
1494.002: [GC (Allocation Failure) [PSYoungGen: 68991K->1549K(69632K)] 396099K->328657K(757760K), 0.0015419 secs] [Times: user=0.01 sys=0.00, real=0.00 secs] 
1494.399: [GC (Allocation Failure) [PSYoungGen: 69133K->1549K(69632K)] 396241K->328657K(757760K), 0.0016731 secs] [Times: user=0.01 sys=0.00, real=0.00 secs] 
1494.798: [GC (Allocation Failure) [PSYoungGen: 69133K->1613K(69632K)] 396241K->328721K(757760K), 0.0016039 secs] [Times: user=0.01 sys=0.00, real=0.00 secs] 
1495.195: [GC (Allocation Failure) [PSYoungGen: 69197K->320K(69632K)] 396305K->327428K(757760K), 0.0015443 secs] [Times: user=0.01 sys=0.01, real=0.00 secs] 
1495.504: [GC (Allocation Failure) [PSYoungGen: 67904K->1408K(69632K)] 395012K->328516K(757760K), 0.0017043 secs] [Times: user=0.00 sys=0.00, real=0.00 secs] 
1495.784: [GC (Allocation Failure) [PSYoungGen: 68992K->1408K(69632K)] 396100K->328516K(757760K), 0.0016691 secs] [Times: user=0.01 sys=0.00, real=0.00 secs] 
1496.362: [GC (Allocation Failure) [PSYoungGen: 68992K->1408K(69632K)] 396100K->328516K(757760K), 0.0020160 secs] [Times: user=0.01 sys=0.00, real=0.00 secs] 
1496.918: [GC (Allocation Failure) [PSYoungGen: 68992K->1424K(69632K)] 396100K->328532K(757760K), 0.0029420 secs] [Times: user=0.02 sys=0.00, real=0.00 secs] 
1497.492: [GC (Allocation Failure) [PSYoungGen: 69008K->1581K(69632K)] 396116K->328689K(757760K), 0.0015496 secs] [Times: user=0.00 sys=0.00, real=0.00 secs] 
1497.890: [GC (Allocation Failure) [PSYoungGen: 69165K->1552K(69632K)] 396273K->328660K(757760K), 0.0017493 secs] [Times: user=0.00 sys=0.00, real=0.00 secs] 
1498.288: [GC (Allocation Failure) [PSYoungGen: 69136K->1613K(69632K)] 396244K->328721K(757760K), 0.0015626 secs] [Times: user=0.01 sys=0.00, real=0.00 secs] 
1498.684: [GC (Allocation Failure) [PSYoungGen: 69197K->1472K(69632K)] 396305K->328580K(757760K), 0.0019036 secs] [Times: user=0.01 sys=0.00, real=0.00 secs] 
1498.966: [GC (Allocation Failure) [PSYoungGen: 69056K->1408K(69632K)] 396164K->328516K(757760K), 0.0021415 secs] [Times: user=0.01 sys=0.00, real=0.01 secs] 
1499.247: [GC (Allocation Failure) [PSYoungGen: 68992K->1408K(69632K)] 396100K->328516K(757760K), 0.0020731 secs] [Times: user=0.00 sys=0.00, real=0.00 secs] 
1499.528: [GC (Allocation Failure) [PSYoungGen: 68992K->1408K(69632K)] 396100K->328532K(757760K), 0.0018066 secs] [Times: user=0.01 sys=0.00, real=0.00 secs] 
1499.843: [GC (Allocation Failure) [PSYoungGen: 68992K->1485K(69632K)] 396116K->328609K(757760K), 0.0015440 secs] [Times: user=0.00 sys=0.00, real=0.00 secs] 
1500.242: [GC (Allocation Failure) [PSYoungGen: 69069K->1581K(69632K)] 396193K->328705K(757760K), 0.0015532 secs] [Times: user=0.01 sys=0.00, real=0.00 secs] 
1500.640: [GC (Allocation Failure) [PSYoungGen: 69165K->1488K(69632K)] 396289K->328612K(757760K), 0.0015545 secs] [Times: user=0.01 sys=0.00, real=0.00 secs] 
1501.034: [GC (Allocation Failure) [PSYoungGen: 69072K->1568K(69632K)] 396196K->328700K(757760K), 0.0015705 secs] [Times: user=0.01 sys=0.00, real=0.00 secs] 
1501.590: [GC (Allocation Failure) [PSYoungGen: 69152K->1488K(69632K)] 396284K->328620K(757760K), 0.0017932 secs] [Times: user=0.01 sys=0.00, real=0.00 secs] 
1502.168: [GC (Allocation Failure) [PSYoungGen: 69072K->1440K(69632K)] 396204K->328572K(757760K), 0.0030478 secs] [Times: user=0.01 sys=0.00, real=0.00 secs] 
1502.454: [GC (Allocation Failure) [PSYoungGen: 69024K->1408K(69632K)] 396156K->328540K(757760K), 0.0021992 secs] [Times: user=0.01 sys=0.00, real=0.00 secs] 
1502.797: [GC (Allocation Failure) [PSYoungGen: 68992K->1376K(69632K)] 396124K->328508K(757760K), 0.0018981 secs] [Times: user=0.01 sys=0.00, real=0.01 secs] 
1503.182: [GC (Allocation Failure) [PSYoungGen: 68939K->1440K(69632K)] 396071K->328572K(757760K), 0.0014828 secs] [Times: user=0.01 sys=0.00, real=0.00 secs] 
1503.580: [GC (Allocation Failure) [PSYoungGen: 69024K->1552K(69632K)] 396156K->328684K(757760K), 0.0018888 secs] [Times: user=0.01 sys=0.00, real=0.00 secs] 
1504.041: [GC (Allocation Failure) [PSYoungGen: 69136K->1613K(69632K)] 396268K->328745K(757760K), 0.0015956 secs] [Times: user=0.01 sys=0.00, real=0.00 secs] 
1504.442: [GC (Allocation Failure) [PSYoungGen: 69197K->1584K(69632K)] 396329K->328732K(757760K), 0.0016120 secs] [Times: user=0.01 sys=0.00, real=0.00 secs] 
1504.913: [GC (Allocation Failure) [PSYoungGen: 69168K->1424K(69632K)] 396316K->328572K(757760K), 0.0023058 secs] [Times: user=0.01 sys=0.00, real=0.00 secs] 
1505.207: [GC (Allocation Failure) [PSYoungGen: 69008K->1408K(69632K)] 396156K->328556K(757760K), 0.0018713 secs] [Times: user=0.01 sys=0.00, real=0.01 secs] 
1505.493: [GC (Allocation Failure) [PSYoungGen: 68992K->1440K(69632K)] 396140K->328588K(757760K), 0.0020174 secs] [Times: user=0.01 sys=0.00, real=0.00 secs] 
1505.826: [GC (Allocation Failure) [PSYoungGen: 69024K->1440K(69632K)] 396172K->328588K(757760K), 0.0019778 secs] [Times: user=0.01 sys=0.00, real=0.01 secs] 
1506.227: [GC (Allocation Failure) [PSYoungGen: 69024K->1517K(69632K)] 396172K->328665K(757760K), 0.0016898 secs] [Times: user=0.01 sys=0.00, real=0.01 secs] 
1506.621: [GC (Allocation Failure) [PSYoungGen: 69091K->1581K(69632K)] 396239K->328729K(757760K), 0.0019596 secs] [Times: user=0.01 sys=0.00, real=0.00 secs] 
1507.019: [GC (Allocation Failure) [PSYoungGen: 69165K->1613K(69632K)] 396313K->328761K(757760K), 0.0017539 secs] [Times: user=0.01 sys=0.00, real=0.00 secs] 
1507.414: [GC (Allocation Failure) [PSYoungGen: 69197K->1549K(69632K)] 396345K->328713K(757760K), 0.0015807 secs] [Times: user=0.00 sys=0.00, real=0.00 secs] 
1508.309: [GC (Allocation Failure) [PSYoungGen: 69133K->1360K(69632K)] 396297K->328524K(757760K), 0.0040154 secs] [Times: user=0.02 sys=0.00, real=0.00 secs] 
1509.081: [GC (Allocation Failure) [PSYoungGen: 68944K->1376K(69632K)] 396108K->328540K(757760K), 0.0033150 secs] [Times: user=0.01 sys=0.00, real=0.00 secs] 
1509.812: [GC (Allocation Failure) [PSYoungGen: 68960K->1408K(69632K)] 396124K->328572K(757760K), 0.0030097 secs] [Times: user=0.02 sys=0.00, real=0.00 secs] 
1510.351: [GC (Allocation Failure) [PSYoungGen: 68992K->1376K(69632K)] 396156K->328540K(757760K), 0.0031721 secs] [Times: user=0.01 sys=0.00, real=0.00 secs] 
1510.929: [GC (Allocation Failure) [PSYoungGen: 68960K->1549K(69632K)] 396124K->328745K(757760K), 0.0014782 secs] [Times: user=0.01 sys=0.00, real=0.00 secs] 
1511.325: [GC (Allocation Failure) [PSYoungGen: 69133K->1549K(69632K)] 396329K->328745K(757760K), 0.0018732 secs] [Times: user=0.01 sys=0.00, real=0.00 secs] 
1511.719: [GC (Allocation Failure) [PSYoungGen: 69133K->1581K(69632K)] 396329K->328777K(757760K), 0.0016084 secs] [Times: user=0.01 sys=0.00, real=0.00 secs] 
1512.237: [GC (Allocation Failure) [PSYoungGen: 69165K->1536K(69632K)] 396361K->328732K(757760K), 0.0020671 secs] [Times: user=0.01 sys=0.00, real=0.00 secs] 
1512.783: [GC (Allocation Failure) [PSYoungGen: 69120K->1408K(69632K)] 396316K->328604K(757760K), 0.0017958 secs] [Times: user=0.01 sys=0.00, real=0.00 secs] 
1513.374: [GC (Allocation Failure) [PSYoungGen: 68992K->1408K(69632K)] 396188K->328604K(757760K), 0.0025544 secs] [Times: user=0.02 sys=0.00, real=0.01 secs] 
1513.961: [GC (Allocation Failure) [PSYoungGen: 68992K->1376K(69632K)] 396188K->328572K(757760K), 0.0026710 secs] [Times: user=0.01 sys=0.00, real=0.00 secs] 
1514.574: [GC (Allocation Failure) [PSYoungGen: 68960K->224K(69632K)] 396156K->327420K(757760K), 0.0037892 secs] [Times: user=0.02 sys=0.00, real=0.01 secs] 
1515.077: [GC (Allocation Failure) [PSYoungGen: 67808K->1552K(69632K)] 395004K->328748K(757760K), 0.0015576 secs] [Times: user=0.01 sys=0.00, real=0.00 secs] 
1515.472: [GC (Allocation Failure) [PSYoungGen: 69136K->1549K(69632K)] 396332K->328745K(757760K), 0.0016262 secs] [Times: user=0.00 sys=0.00, real=0.00 secs] 
1515.871: [GC (Allocation Failure) [PSYoungGen: 69133K->1597K(69632K)] 396329K->328793K(757760K), 0.0016330 secs] [Times: user=0.00 sys=0.00, real=0.00 secs] 
1516.393: [GC (Allocation Failure) [PSYoungGen: 69181K->1520K(69632K)] 396377K->328732K(757760K), 0.0020133 secs] [Times: user=0.01 sys=0.00, real=0.00 secs] 
1516.966: [GC (Allocation Failure) [PSYoungGen: 69104K->1408K(69632K)] 396316K->328620K(757760K), 0.0019641 secs] [Times: user=0.01 sys=0.00, real=0.01 secs] 
1517.568: [GC (Allocation Failure) [PSYoungGen: 68992K->1408K(69632K)] 396204K->328620K(757760K), 0.0032097 secs] [Times: user=0.02 sys=0.00, real=0.00 secs] 
1518.137: [GC (Allocation Failure) [PSYoungGen: 68992K->1376K(69632K)] 396204K->328588K(757760K), 0.0032915 secs] [Times: user=0.01 sys=0.00, real=0.01 secs] 
1518.759: [GC (Allocation Failure) [PSYoungGen: 68960K->1536K(69632K)] 396172K->328748K(757760K), 0.0019042 secs] [Times: user=0.01 sys=0.00, real=0.00 secs] 
1519.160: [GC (Allocation Failure) [PSYoungGen: 69120K->1584K(69632K)] 396332K->328796K(757760K), 0.0015189 secs] [Times: user=0.01 sys=0.00, real=0.00 secs] 
1519.559: [GC (Allocation Failure) [PSYoungGen: 69168K->1565K(69632K)] 396380K->328777K(757760K), 0.0042586 secs] [Times: user=0.02 sys=0.00, real=0.00 secs] 
1519.960: [GC (Allocation Failure) [PSYoungGen: 69149K->1600K(69632K)] 396361K->328828K(757760K), 0.0015013 secs] [Times: user=0.01 sys=0.00, real=0.00 secs] 
1520.758: [GC (Allocation Failure) [PSYoungGen: 69184K->1472K(69632K)] 396412K->328700K(757760K), 0.0019159 secs] [Times: user=0.01 sys=0.00, real=0.00 secs] 
1521.645: [GC (Allocation Failure) [PSYoungGen: 69056K->1440K(69632K)] 396284K->328692K(757760K), 0.0032535 secs] [Times: user=0.01 sys=0.00, real=0.01 secs] 
1522.882: [GC (Allocation Failure) [PSYoungGen: 69024K->1408K(69632K)] 396276K->328660K(757760K), 0.0039157 secs] [Times: user=0.01 sys=0.00, real=0.00 secs] 
1523.844: [GC (Allocation Failure) [PSYoungGen: 68992K->1376K(69632K)] 396244K->328628K(757760K), 0.0039843 secs] [Times: user=0.02 sys=0.00, real=0.01 secs] 
1524.639: [GC (Allocation Failure) [PSYoungGen: 68950K->1565K(69632K)] 396202K->328817K(757760K), 0.0014583 secs] [Times: user=0.01 sys=0.00, real=0.00 secs] 
1525.094: [GC (Allocation Failure) [PSYoungGen: 69149K->1597K(69632K)] 396401K->328849K(757760K), 0.0017793 secs] [Times: user=0.00 sys=0.00, real=0.00 secs] 
1525.488: [GC (Allocation Failure) [PSYoungGen: 69181K->1552K(69632K)] 396433K->328804K(757760K), 0.0016108 secs] [Times: user=0.01 sys=0.00, real=0.00 secs] 
1525.889: [GC (Allocation Failure) [PSYoungGen: 69136K->1613K(69632K)] 396388K->328873K(757760K), 0.0015844 secs] [Times: user=0.01 sys=0.00, real=0.00 secs] 
1526.222: [GC (Allocation Failure) [PSYoungGen: 69197K->1440K(69632K)] 396457K->328700K(757760K), 0.0028211 secs] [Times: user=0.01 sys=0.00, real=0.00 secs] 
1526.792: [GC (Allocation Failure) [PSYoungGen: 69024K->1376K(69632K)] 396284K->328636K(757760K), 0.0025079 secs] [Times: user=0.01 sys=0.00, real=0.00 secs] 
1527.357: [GC (Allocation Failure) [PSYoungGen: 68960K->1440K(69632K)] 396220K->328700K(757760K), 0.0024940 secs] [Times: user=0.01 sys=0.00, real=0.00 secs] 
1527.944: [GC (Allocation Failure) [PSYoungGen: 69024K->1376K(69632K)] 396284K->328636K(757760K), 0.0020221 secs] [Times: user=0.01 sys=0.00, real=0.00 secs] 
1528.597: [GC (Allocation Failure) [PSYoungGen: 68960K->1501K(69632K)] 396220K->328761K(757760K), 0.0015732 secs] [Times: user=0.01 sys=0.00, real=0.00 secs] 
1528.991: [GC (Allocation Failure) [PSYoungGen: 69085K->1613K(69632K)] 396345K->328873K(757760K), 0.0019187 secs] [Times: user=0.00 sys=0.00, real=0.00 secs] 
1529.387: [GC (Allocation Failure) [PSYoungGen: 69197K->1613K(69632K)] 396457K->328873K(757760K), 0.0016913 secs] [Times: user=0.01 sys=0.00, real=0.01 secs] 
1529.824: [GC (Allocation Failure) [PSYoungGen: 69197K->1648K(69632K)] 396457K->328924K(757760K), 0.0017098 secs] [Times: user=0.01 sys=0.00, real=0.00 secs] 
1530.113: [GC (Allocation Failure) [PSYoungGen: 69232K->1408K(69632K)] 396508K->328684K(757760K), 0.0022004 secs] [Times: user=0.01 sys=0.00, real=0.00 secs] 
1530.392: [GC (Allocation Failure) [PSYoungGen: 68992K->1344K(69632K)] 396268K->328620K(757760K), 0.0019833 secs] [Times: user=0.01 sys=0.01, real=0.00 secs] 
1530.673: [GC (Allocation Failure) [PSYoungGen: 68928K->1376K(69632K)] 396204K->328668K(757760K), 0.0019711 secs] [Times: user=0.01 sys=0.00, real=0.00 secs] 
1530.987: [GC (Allocation Failure) [PSYoungGen: 68960K->1344K(69632K)] 396252K->328636K(757760K), 0.0018206 secs] [Times: user=0.01 sys=0.00, real=0.00 secs] 
1531.404: [GC (Allocation Failure) [PSYoungGen: 68900K->1552K(69632K)] 396192K->328844K(757760K), 0.0014744 secs] [Times: user=0.01 sys=0.00, real=0.00 secs] 
1531.799: [GC (Allocation Failure) [PSYoungGen: 69136K->1565K(69632K)] 396428K->328857K(757760K), 0.0015826 secs] [Times: user=0.01 sys=0.00, real=0.00 secs] 
1532.193: [GC (Allocation Failure) [PSYoungGen: 69149K->1520K(69632K)] 396441K->328812K(757760K), 0.0016325 secs] [Times: user=0.00 sys=0.00, real=0.00 secs] 
1532.652: [GC (Allocation Failure) [PSYoungGen: 69104K->1488K(69632K)] 396396K->328780K(757760K), 0.0020734 secs] [Times: user=0.01 sys=0.00, real=0.00 secs] 
1533.291: [GC (Allocation Failure) [PSYoungGen: 69072K->1408K(69632K)] 396364K->328700K(757760K), 0.0034604 secs] [Times: user=0.01 sys=0.00, real=0.00 secs] 
1533.580: [GC (Allocation Failure) [PSYoungGen: 68992K->1408K(69632K)] 396284K->328700K(757760K), 0.0024580 secs] [Times: user=0.01 sys=0.00, real=0.00 secs] 
1533.861: [GC (Allocation Failure) [PSYoungGen: 68992K->1376K(69632K)] 396284K->328668K(757760K), 0.0020563 secs] [Times: user=0.01 sys=0.00, real=0.00 secs] 
1534.233: [GC (Allocation Failure) [PSYoungGen: 68960K->1437K(69632K)] 396252K->328729K(757760K), 0.0018603 secs] [Times: user=0.01 sys=0.00, real=0.00 secs] 
1534.694: [GC (Allocation Failure) [PSYoungGen: 69021K->1581K(69632K)] 396313K->328873K(757760K), 0.0015765 secs] [Times: user=0.01 sys=0.00, real=0.00 secs] 
1535.093: [GC (Allocation Failure) [PSYoungGen: 69165K->1616K(69632K)] 396457K->328908K(757760K), 0.0015558 secs] [Times: user=0.01 sys=0.00, real=0.00 secs] 
1535.487: [GC (Allocation Failure) [PSYoungGen: 69200K->1565K(69632K)] 396492K->328873K(757760K), 0.0015367 secs] [Times: user=0.00 sys=0.00, real=0.00 secs] 
1535.859: [GC (Allocation Failure) [PSYoungGen: 69149K->1456K(69632K)] 396457K->328764K(757760K), 0.0026433 secs] [Times: user=0.00 sys=0.00, real=0.00 secs] 
1536.142: [GC (Allocation Failure) [PSYoungGen: 69040K->1440K(69632K)] 396348K->328748K(757760K), 0.0020633 secs] [Times: user=0.01 sys=0.00, real=0.00 secs] 
1536.423: [GC (Allocation Failure) [PSYoungGen: 69024K->1360K(69632K)] 396332K->328668K(757760K), 0.0020783 secs] [Times: user=0.00 sys=0.00, real=0.00 secs] 
1536.746: [GC (Allocation Failure) [PSYoungGen: 68944K->1376K(69632K)] 396252K->328684K(757760K), 0.0018352 secs] [Times: user=0.01 sys=0.00, real=0.01 secs] 
1537.097: [GC (Allocation Failure) [PSYoungGen: 68950K->1469K(69632K)] 396259K->328777K(757760K), 0.0015014 secs] [Times: user=0.00 sys=0.00, real=0.00 secs] 
1537.492: [GC (Allocation Failure) [PSYoungGen: 69053K->1613K(69632K)] 396361K->328921K(757760K), 0.0015012 secs] [Times: user=0.01 sys=0.00, real=0.00 secs] 
1537.949: [GC (Allocation Failure) [PSYoungGen: 69197K->1613K(69632K)] 396505K->328921K(757760K), 0.0015989 secs] [Times: user=0.00 sys=0.00, real=0.00 secs] 
1538.344: [GC (Allocation Failure) [PSYoungGen: 69197K->1597K(69632K)] 396505K->328921K(757760K), 0.0015820 secs] [Times: user=0.01 sys=0.00, real=0.00 secs] 
1538.665: [GC (Allocation Failure) [PSYoungGen: 69181K->1440K(69632K)] 396505K->328788K(757760K), 0.0021398 secs] [Times: user=0.01 sys=0.00, real=0.01 secs] 
1538.946: [GC (Allocation Failure) [PSYoungGen: 69024K->1408K(69632K)] 396372K->328756K(757760K), 0.0017743 secs] [Times: user=0.01 sys=0.00, real=0.01 secs] 
1539.228: [GC (Allocation Failure) [PSYoungGen: 68992K->1376K(69632K)] 396340K->328724K(757760K), 0.0019418 secs] [Times: user=0.01 sys=0.00, real=0.00 secs] 
1539.509: [GC (Allocation Failure) [PSYoungGen: 68960K->1376K(69632K)] 396308K->328724K(757760K), 0.0022247 secs] [Times: user=0.00 sys=0.00, real=0.00 secs] 
1539.949: [GC (Allocation Failure) [PSYoungGen: 68960K->1472K(69632K)] 396308K->328820K(757760K), 0.0015616 secs] [Times: user=0.01 sys=0.00, real=0.00 secs] 
1540.351: [GC (Allocation Failure) [PSYoungGen: 69056K->1581K(69632K)] 396404K->328929K(757760K), 0.0015748 secs] [Times: user=0.00 sys=0.00, real=0.00 secs] 
1540.746: [GC (Allocation Failure) [PSYoungGen: 69165K->1581K(69632K)] 396513K->328929K(757760K), 0.0015385 secs] [Times: user=0.01 sys=0.00, real=0.01 secs] 
1541.140: [GC (Allocation Failure) [PSYoungGen: 69165K->1613K(69632K)] 396513K->328977K(757760K), 0.0017304 secs] [Times: user=0.00 sys=0.00, real=0.00 secs] 
1541.702: [GC (Allocation Failure) [PSYoungGen: 69197K->1408K(69632K)] 396561K->328772K(757760K), 0.0031150 secs] [Times: user=0.02 sys=0.00, real=0.00 secs] 
1542.225: [GC (Allocation Failure) [PSYoungGen: 68992K->1408K(69632K)] 396356K->328772K(757760K), 0.0026083 secs] [Times: user=0.01 sys=0.00, real=0.01 secs] 
1542.775: [GC (Allocation Failure) [PSYoungGen: 68992K->1376K(69632K)] 396356K->328740K(757760K), 0.0019955 secs] [Times: user=0.01 sys=0.00, real=0.01 secs] 
1543.369: [GC (Allocation Failure) [PSYoungGen: 68960K->1408K(69632K)] 396324K->328772K(757760K), 0.0021967 secs] [Times: user=0.01 sys=0.00, real=0.00 secs] 
1543.915: [GC (Allocation Failure) [PSYoungGen: 68975K->1549K(69632K)] 396339K->328913K(757760K), 0.0016107 secs] [Times: user=0.00 sys=0.00, real=0.00 secs] 
1544.311: [GC (Allocation Failure) [PSYoungGen: 69133K->1549K(69632K)] 396497K->328913K(757760K), 0.0016130 secs] [Times: user=0.01 sys=0.00, real=0.00 secs] 
1544.767: [GC (Allocation Failure) [PSYoungGen: 69133K->1597K(69632K)] 396497K->328961K(757760K), 0.0017927 secs] [Times: user=0.01 sys=0.00, real=0.00 secs] 
1545.306: [GC (Allocation Failure) [PSYoungGen: 69181K->1504K(69632K)] 396545K->328868K(757760K), 0.0022476 secs] [Times: user=0.01 sys=0.00, real=0.01 secs] 
1545.951: [GC (Allocation Failure) [PSYoungGen: 69088K->1424K(69632K)] 396452K->328788K(757760K), 0.0022907 secs] [Times: user=0.00 sys=0.00, real=0.00 secs] 
1546.569: [GC (Allocation Failure) [PSYoungGen: 69008K->1440K(69632K)] 396372K->328804K(757760K), 0.0030710 secs] [Times: user=0.01 sys=0.00, real=0.00 secs] 
1546.848: [GC (Allocation Failure) [PSYoungGen: 69024K->1440K(69632K)] 396388K->328804K(757760K), 0.0019792 secs] [Times: user=0.01 sys=0.00, real=0.00 secs] 
1547.163: [GC (Allocation Failure) [PSYoungGen: 69015K->1469K(69632K)] 396379K->328833K(757760K), 0.0016402 secs] [Times: user=0.01 sys=0.00, real=0.00 secs] 
1547.567: [GC (Allocation Failure) [PSYoungGen: 69053K->1581K(69632K)] 396417K->328945K(757760K), 0.0015682 secs] [Times: user=0.00 sys=0.00, real=0.00 secs] 
1547.964: [GC (Allocation Failure) [PSYoungGen: 69160K->1565K(69632K)] 396524K->328929K(757760K), 0.0016372 secs] [Times: user=0.01 sys=0.00, real=0.00 secs] 
1548.363: [GC (Allocation Failure) [PSYoungGen: 69149K->1597K(69632K)] 396513K->328961K(757760K), 0.0015543 secs] [Times: user=0.00 sys=0.00, real=0.00 secs] 
1548.812: [GC (Allocation Failure) [PSYoungGen: 69181K->1488K(69632K)] 396545K->328852K(757760K), 0.0020145 secs] [Times: user=0.00 sys=0.00, real=0.00 secs] 
1549.113: [GC (Allocation Failure) [PSYoungGen: 69072K->1408K(69632K)] 396436K->328772K(757760K), 0.0020009 secs] [Times: user=0.01 sys=0.00, real=0.00 secs] 
1549.459: [GC (Allocation Failure) [PSYoungGen: 68992K->1376K(69632K)] 396356K->328740K(757760K), 0.0020640 secs] [Times: user=0.01 sys=0.00, real=0.00 secs] 
1549.774: [GC (Allocation Failure) [PSYoungGen: 68960K->1376K(69632K)] 396324K->328764K(757760K), 0.0017736 secs] [Times: user=0.00 sys=0.00, real=0.00 secs] 
1550.117: [GC (Allocation Failure) [PSYoungGen: 68960K->1453K(69632K)] 396348K->328841K(757760K), 0.0014615 secs] [Times: user=0.01 sys=0.00, real=0.01 secs] 
1550.522: [GC (Allocation Failure) [PSYoungGen: 69023K->1581K(69632K)] 396411K->328969K(757760K), 0.0015936 secs] [Times: user=0.00 sys=0.00, real=0.00 secs] 
1550.918: [GC (Allocation Failure) [PSYoungGen: 69165K->1552K(69632K)] 396553K->328940K(757760K), 0.0015191 secs] [Times: user=0.01 sys=0.00, real=0.00 secs] 
1551.318: [GC (Allocation Failure) [PSYoungGen: 69136K->1584K(69632K)] 396524K->328980K(757760K), 0.0016678 secs] [Times: user=0.01 sys=0.00, real=0.00 secs] 
1551.679: [GC (Allocation Failure) [PSYoungGen: 69168K->1440K(69632K)] 396564K->328836K(757760K), 0.0015874 secs] [Times: user=0.01 sys=0.00, real=0.00 secs] 
1552.008: [GC (Allocation Failure) [PSYoungGen: 69024K->1408K(69632K)] 396420K->328804K(757760K), 0.0015557 secs] [Times: user=0.01 sys=0.00, real=0.00 secs] 
1552.298: [GC (Allocation Failure) [PSYoungGen: 68992K->1408K(69632K)] 396388K->328804K(757760K), 0.0017669 secs] [Times: user=0.01 sys=0.00, real=0.00 secs] 
1552.588: [GC (Allocation Failure) [PSYoungGen: 68992K->1408K(69632K)] 396388K->328804K(757760K), 0.0020660 secs] [Times: user=0.01 sys=0.00, real=0.00 secs] 
1553.003: [GC (Allocation Failure) [PSYoungGen: 68992K->1517K(69632K)] 396388K->328913K(757760K), 0.0014764 secs] [Times: user=0.01 sys=0.00, real=0.00 secs] 
1553.399: [GC (Allocation Failure) [PSYoungGen: 69101K->1501K(69632K)] 396497K->328897K(757760K), 0.0015876 secs] [Times: user=0.01 sys=0.00, real=0.00 secs] 
1553.799: [GC (Allocation Failure) [PSYoungGen: 69085K->1584K(69632K)] 396481K->328980K(757760K), 0.0015886 secs] [Times: user=0.00 sys=0.00, real=0.00 secs] 
1554.200: [GC (Allocation Failure) [PSYoungGen: 69168K->1584K(69632K)] 396564K->328996K(757760K), 0.0016097 secs] [Times: user=0.01 sys=0.00, real=0.00 secs] 
1555.388: [GC (Allocation Failure) [PSYoungGen: 69168K->1440K(69632K)] 396580K->328852K(757760K), 0.0026888 secs] [Times: user=0.01 sys=0.00, real=0.00 secs] 
1556.391: [GC (Allocation Failure) [PSYoungGen: 69024K->1408K(69632K)] 396436K->328820K(757760K), 0.0028486 secs] [Times: user=0.01 sys=0.00, real=0.00 secs] 
1557.098: [GC (Allocation Failure) [PSYoungGen: 68992K->1408K(69632K)] 396404K->328820K(757760K), 0.0030939 secs] [Times: user=0.02 sys=0.00, real=0.00 secs] 
1557.980: [GC (Allocation Failure) [PSYoungGen: 68992K->1440K(69632K)] 396404K->328852K(757760K), 0.0025144 secs] [Times: user=0.01 sys=0.00, real=0.00 secs] 
1558.633: [GC (Allocation Failure) [PSYoungGen: 69024K->1533K(69632K)] 396436K->328945K(757760K), 0.0015561 secs] [Times: user=0.00 sys=0.00, real=0.00 secs] 
1559.033: [GC (Allocation Failure) [PSYoungGen: 69117K->1565K(69632K)] 396529K->328977K(757760K), 0.0015340 secs] [Times: user=0.01 sys=0.00, real=0.00 secs] 
1559.427: [GC (Allocation Failure) [PSYoungGen: 69149K->1549K(69632K)] 396561K->328961K(757760K), 0.0015172 secs] [Times: user=0.00 sys=0.00, real=0.01 secs] 
1560.011: [GC (Allocation Failure) [PSYoungGen: 69133K->2016K(69632K)] 396545K->329428K(757760K), 0.0020326 secs] [Times: user=0.01 sys=0.00, real=0.00 secs] 
1561.397: [GC (Allocation Failure) [PSYoungGen: 69600K->1408K(69632K)] 397012K->328820K(757760K), 0.0022027 secs] [Times: user=0.01 sys=0.00, real=0.00 secs] 
1562.091: [GC (Allocation Failure) [PSYoungGen: 68992K->1408K(69632K)] 396404K->328820K(757760K), 0.0026008 secs] [Times: user=0.02 sys=0.00, real=0.00 secs] 
1562.849: [GC (Allocation Failure) [PSYoungGen: 68992K->1344K(69632K)] 396404K->328756K(757760K), 0.0032554 secs] [Times: user=0.01 sys=0.00, real=0.00 secs] 
1563.478: [GC (Allocation Failure) [PSYoungGen: 68928K->1376K(69632K)] 396340K->328788K(757760K), 0.0024548 secs] [Times: user=0.01 sys=0.00, real=0.00 secs] 
1563.938: [GC (Allocation Failure) [PSYoungGen: 68960K->1520K(69632K)] 396372K->328940K(757760K), 0.0015805 secs] [Times: user=0.00 sys=0.00, real=0.00 secs] 
1564.334: [GC (Allocation Failure) [PSYoungGen: 69076K->1549K(69632K)] 396497K->328969K(757760K), 0.0015848 secs] [Times: user=0.01 sys=0.00, real=0.00 secs] 
1564.731: [GC (Allocation Failure) [PSYoungGen: 69133K->1520K(69632K)] 396553K->328940K(757760K), 0.0016080 secs] [Times: user=0.01 sys=0.00, real=0.00 secs] 
1565.136: [GC (Allocation Failure) [PSYoungGen: 69104K->1520K(69632K)] 396524K->328956K(757760K), 0.0018671 secs] [Times: user=0.00 sys=0.00, real=0.01 secs] 
1565.542: [GC (Allocation Failure) [PSYoungGen: 69104K->1376K(69632K)] 396540K->328812K(757760K), 0.0018068 secs] [Times: user=0.01 sys=0.00, real=0.00 secs] 
1565.838: [GC (Allocation Failure) [PSYoungGen: 68960K->1408K(69632K)] 396396K->328844K(757760K), 0.0025499 secs] [Times: user=0.01 sys=0.00, real=0.00 secs] 
1566.140: [GC (Allocation Failure) [PSYoungGen: 68992K->1392K(69632K)] 396428K->328828K(757760K), 0.0025451 secs] [Times: user=0.02 sys=0.00, real=0.00 secs] 
1566.581: [GC (Allocation Failure) [PSYoungGen: 68976K->1517K(69632K)] 396412K->328953K(757760K), 0.0014436 secs] [Times: user=0.01 sys=0.00, real=0.00 secs] 
1566.977: [GC (Allocation Failure) [PSYoungGen: 69101K->1552K(69632K)] 396537K->328988K(757760K), 0.0015689 secs] [Times: user=0.00 sys=0.00, real=0.00 secs] 
1567.373: [GC (Allocation Failure) [PSYoungGen: 69136K->1552K(69632K)] 396572K->328988K(757760K), 0.0015224 secs] [Times: user=0.01 sys=0.00, real=0.00 secs] 
1567.768: [GC (Allocation Failure) [PSYoungGen: 69136K->1613K(69632K)] 396572K->329065K(757760K), 0.0017593 secs] [Times: user=0.01 sys=0.00, real=0.00 secs] 
1568.323: [GC (Allocation Failure) [PSYoungGen: 69197K->1504K(69632K)] 396649K->328956K(757760K), 0.0018911 secs] [Times: user=0.00 sys=0.00, real=0.00 secs] 
1568.958: [GC (Allocation Failure) [PSYoungGen: 69088K->1376K(69632K)] 396540K->328828K(757760K), 0.0038232 secs] [Times: user=0.02 sys=0.00, real=0.00 secs] 
1569.474: [GC (Allocation Failure) [PSYoungGen: 68960K->1408K(69632K)] 396412K->328860K(757760K), 0.0023201 secs] [Times: user=0.01 sys=0.00, real=0.00 secs] 
1569.881: [GC (Allocation Failure) [PSYoungGen: 68992K->1376K(69632K)] 396444K->328860K(757760K), 0.0022318 secs] [Times: user=0.01 sys=0.00, real=0.00 secs] 
1570.398: [GC (Allocation Failure) [PSYoungGen: 68949K->1517K(69632K)] 396433K->329001K(757760K), 0.0014868 secs] [Times: user=0.00 sys=0.00, real=0.00 secs] 
1570.798: [GC (Allocation Failure) [PSYoungGen: 69101K->1565K(69632K)] 396585K->329049K(757760K), 0.0014695 secs] [Times: user=0.01 sys=0.00, real=0.00 secs] 
1571.200: [GC (Allocation Failure) [PSYoungGen: 69149K->1565K(69632K)] 396633K->329049K(757760K), 0.0015437 secs] [Times: user=0.01 sys=0.00, real=0.00 secs] 
1571.655: [GC (Allocation Failure) [PSYoungGen: 69149K->1549K(69632K)] 396633K->329057K(757760K), 0.0015848 secs] [Times: user=0.00 sys=0.00, real=0.00 secs] 
1572.856: [GC (Allocation Failure) [PSYoungGen: 69133K->1440K(69632K)] 396641K->328948K(757760K), 0.0037585 secs] [Times: user=0.02 sys=0.00, real=0.01 secs] 
1573.688: [GC (Allocation Failure) [PSYoungGen: 69024K->1392K(69632K)] 396532K->328900K(757760K), 0.0029837 secs] [Times: user=0.01 sys=0.00, real=0.00 secs] 
1574.232: [GC (Allocation Failure) [PSYoungGen: 68976K->1408K(69632K)] 396484K->328916K(757760K), 0.0023270 secs] [Times: user=0.01 sys=0.00, real=0.00 secs] 
1574.527: [GC (Allocation Failure) [PSYoungGen: 68992K->1376K(69632K)] 396500K->328884K(757760K), 0.0017660 secs] [Times: user=0.01 sys=0.00, real=0.01 secs] 
1574.907: [GC (Allocation Failure) [PSYoungGen: 68960K->1520K(69632K)] 396468K->329028K(757760K), 0.0015387 secs] [Times: user=0.01 sys=0.00, real=0.01 secs] 
1575.363: [GC (Allocation Failure) [PSYoungGen: 69104K->1584K(69632K)] 396612K->329100K(757760K), 0.0016257 secs] [Times: user=0.00 sys=0.00, real=0.00 secs] 
1575.821: [GC (Allocation Failure) [PSYoungGen: 69168K->1581K(69632K)] 396684K->329097K(757760K), 0.0015882 secs] [Times: user=0.00 sys=0.00, real=0.00 secs] 
1576.209: [GC (Allocation Failure) [PSYoungGen: 69165K->1536K(69632K)] 396681K->329052K(757760K), 0.0015922 secs] [Times: user=0.00 sys=0.00, real=0.00 secs] 
1576.584: [GC (Allocation Failure) [PSYoungGen: 69120K->1376K(69632K)] 396636K->328900K(757760K), 0.0019520 secs] [Times: user=0.01 sys=0.00, real=0.00 secs] 
1576.865: [GC (Allocation Failure) [PSYoungGen: 68960K->1408K(69632K)] 396484K->328940K(757760K), 0.0017952 secs] [Times: user=0.01 sys=0.01, real=0.00 secs] 
1577.145: [GC (Allocation Failure) [PSYoungGen: 68992K->1344K(69632K)] 396524K->328876K(757760K), 0.0018336 secs] [Times: user=0.01 sys=0.00, real=0.01 secs] 
1577.426: [GC (Allocation Failure) [PSYoungGen: 68928K->1408K(69632K)] 396460K->328940K(757760K), 0.0018601 secs] [Times: user=0.01 sys=0.00, real=0.01 secs] 
1577.835: [GC (Allocation Failure) [PSYoungGen: 68992K->1549K(69632K)] 396524K->329081K(757760K), 0.0015433 secs] [Times: user=0.01 sys=0.00, real=0.00 secs] 
1578.230: [GC (Allocation Failure) [PSYoungGen: 69133K->1616K(69632K)] 396665K->329148K(757760K), 0.0015261 secs] [Times: user=0.00 sys=0.00, real=0.00 secs] 
1578.626: [GC (Allocation Failure) [PSYoungGen: 69200K->1549K(69632K)] 396732K->329081K(757760K), 0.0015451 secs] [Times: user=0.00 sys=0.01, real=0.01 secs] 
1579.214: [GC (Allocation Failure) [PSYoungGen: 69133K->1504K(69632K)] 396665K->329036K(757760K), 0.0021253 secs] [Times: user=0.00 sys=0.00, real=0.00 secs] 
1579.496: [GC (Allocation Failure) [PSYoungGen: 69088K->1408K(69632K)] 396620K->328972K(757760K), 0.0017185 secs] [Times: user=0.01 sys=0.00, real=0.01 secs] 
1579.777: [GC (Allocation Failure) [PSYoungGen: 68992K->1408K(69632K)] 396556K->328972K(757760K), 0.0019459 secs] [Times: user=0.01 sys=0.00, real=0.00 secs] 
1580.192: [GC (Allocation Failure) [PSYoungGen: 68992K->1376K(69632K)] 396556K->328940K(757760K), 0.0017715 secs] [Times: user=0.01 sys=0.00, real=0.00 secs] 
1580.700: [GC (Allocation Failure) [PSYoungGen: 68960K->1424K(69632K)] 396524K->328988K(757760K), 0.0019648 secs] [Times: user=0.01 sys=0.00, real=0.00 secs] 
1581.197: [GC (Allocation Failure) [PSYoungGen: 69008K->1613K(69632K)] 396572K->329177K(757760K), 0.0015460 secs] [Times: user=0.01 sys=0.00, real=0.00 secs] 
1581.591: [GC (Allocation Failure) [PSYoungGen: 69197K->1597K(69632K)] 396761K->329161K(757760K), 0.0015339 secs] [Times: user=0.00 sys=0.00, real=0.00 secs] 
1581.987: [GC (Allocation Failure) [PSYoungGen: 69181K->1581K(69632K)] 396745K->329161K(757760K), 0.0017054 secs] [Times: user=0.00 sys=0.00, real=0.01 secs] 
1582.367: [GC (Allocation Failure) [PSYoungGen: 69165K->1504K(69632K)] 396745K->329084K(757760K), 0.0025613 secs] [Times: user=0.01 sys=0.00, real=0.00 secs] 
1582.654: [GC (Allocation Failure) [PSYoungGen: 69088K->1376K(69632K)] 396668K->328956K(757760K), 0.0019419 secs] [Times: user=0.01 sys=0.00, real=0.00 secs] 
1582.935: [GC (Allocation Failure) [PSYoungGen: 68960K->1376K(69632K)] 396540K->328956K(757760K), 0.0019980 secs] [Times: user=0.01 sys=0.00, real=0.01 secs] 
1583.376: [GC (Allocation Failure) [PSYoungGen: 68960K->1440K(69632K)] 396540K->329020K(757760K), 0.0017951 secs] [Times: user=0.01 sys=0.00, real=0.01 secs] 
1583.894: [GC (Allocation Failure) [PSYoungGen: 69024K->1408K(69632K)] 396604K->328988K(757760K), 0.0015907 secs] [Times: user=0.01 sys=0.00, real=0.00 secs] 
1584.360: [GC (Allocation Failure) [PSYoungGen: 68992K->1517K(69632K)] 396572K->329097K(757760K), 0.0018767 secs] [Times: user=0.01 sys=0.00, real=0.00 secs] 
1584.755: [GC (Allocation Failure) [PSYoungGen: 69101K->1613K(69632K)] 396681K->329193K(757760K), 0.0016148 secs] [Times: user=0.00 sys=0.00, real=0.01 secs] 
1585.211: [GC (Allocation Failure) [PSYoungGen: 69197K->1549K(69632K)] 396777K->329145K(757760K), 0.0016166 secs] [Times: user=0.01 sys=0.00, real=0.00 secs] 
1585.729: [GC (Allocation Failure) [PSYoungGen: 69133K->1472K(69632K)] 396729K->329068K(757760K), 0.0036580 secs] [Times: user=0.01 sys=0.00, real=0.00 secs] 
1586.262: [GC (Allocation Failure) [PSYoungGen: 69056K->1376K(69632K)] 396652K->328972K(757760K), 0.0026811 secs] [Times: user=0.02 sys=0.00, real=0.00 secs] 
1586.540: [GC (Allocation Failure) [PSYoungGen: 68960K->1392K(69632K)] 396556K->328988K(757760K), 0.0020554 secs] [Times: user=0.00 sys=0.00, real=0.00 secs] 
1586.821: [GC (Allocation Failure) [PSYoungGen: 68976K->1376K(69632K)] 396572K->328972K(757760K), 0.0024726 secs] [Times: user=0.01 sys=0.00, real=0.00 secs] 
1587.280: [GC (Allocation Failure) [PSYoungGen: 68936K->1501K(69632K)] 396533K->329097K(757760K), 0.0015040 secs] [Times: user=0.01 sys=0.00, real=0.00 secs] 
1587.676: [GC (Allocation Failure) [PSYoungGen: 69085K->1616K(69632K)] 396681K->329212K(757760K), 0.0015383 secs] [Times: user=0.00 sys=0.00, real=0.01 secs] 
1588.071: [GC (Allocation Failure) [PSYoungGen: 69200K->1565K(69632K)] 396796K->329161K(757760K), 0.0016537 secs] [Times: user=0.01 sys=0.00, real=0.00 secs] 
1588.466: [GC (Allocation Failure) [PSYoungGen: 69149K->1581K(69632K)] 396745K->329193K(757760K), 0.0017084 secs] [Times: user=0.00 sys=0.00, real=0.01 secs] 
1588.886: [GC (Allocation Failure) [PSYoungGen: 69165K->1408K(69632K)] 396777K->329020K(757760K), 0.0018743 secs] [Times: user=0.01 sys=0.00, real=0.01 secs] 
1589.201: [GC (Allocation Failure) [PSYoungGen: 68992K->1392K(69632K)] 396604K->329004K(757760K), 0.0018854 secs] [Times: user=0.00 sys=0.00, real=0.00 secs] 
1589.497: [GC (Allocation Failure) [PSYoungGen: 68976K->1440K(69632K)] 396588K->329068K(757760K), 0.0018090 secs] [Times: user=0.01 sys=0.00, real=0.00 secs] 
1590.063: [GC (Allocation Failure) [PSYoungGen: 69024K->1408K(69632K)] 396652K->329036K(757760K), 0.0021021 secs] [Times: user=0.00 sys=0.00, real=0.00 secs] 
1590.558: [GC (Allocation Failure) [PSYoungGen: 68986K->1549K(69632K)] 396614K->329177K(757760K), 0.0015593 secs] [Times: user=0.01 sys=0.00, real=0.00 secs] 
1590.954: [GC (Allocation Failure) [PSYoungGen: 69133K->1520K(69632K)] 396761K->329148K(757760K), 0.0015036 secs] [Times: user=0.01 sys=0.00, real=0.00 secs] 
1591.354: [GC (Allocation Failure) [PSYoungGen: 69104K->1536K(69632K)] 396732K->329164K(757760K), 0.0017528 secs] [Times: user=0.01 sys=0.00, real=0.00 secs] 
1592.024: [GC (Allocation Failure) [PSYoungGen: 69120K->1504K(69632K)] 396748K->329140K(757760K), 0.0033210 secs] [Times: user=0.02 sys=0.00, real=0.01 secs] 
1592.621: [GC (Allocation Failure) [PSYoungGen: 69088K->1376K(69632K)] 396724K->329012K(757760K), 0.0026810 secs] [Times: user=0.01 sys=0.00, real=0.00 secs] 
1593.068: [GC (Allocation Failure) [PSYoungGen: 68960K->1376K(69632K)] 396596K->329012K(757760K), 0.0020750 secs] [Times: user=0.01 sys=0.00, real=0.00 secs] 
1593.380: [GC (Allocation Failure) [PSYoungGen: 68960K->1408K(69632K)] 396596K->329044K(757760K), 0.0017270 secs] [Times: user=0.01 sys=0.00, real=0.00 secs] 
1593.802: [GC (Allocation Failure) [PSYoungGen: 68970K->1405K(69632K)] 396606K->329041K(757760K), 0.0018092 secs] [Times: user=0.01 sys=0.01, real=0.00 secs] 
1594.221: [GC (Allocation Failure) [PSYoungGen: 68989K->1600K(69632K)] 396625K->329236K(757760K), 0.0015821 secs] [Times: user=0.00 sys=0.00, real=0.00 secs] 
1594.615: [GC (Allocation Failure) [PSYoungGen: 69184K->1568K(69632K)] 396820K->329204K(757760K), 0.0015764 secs] [Times: user=0.01 sys=0.00, real=0.01 secs] 
1595.013: [GC (Allocation Failure) [PSYoungGen: 69152K->1616K(69632K)] 396788K->329252K(757760K), 0.0015413 secs] [Times: user=0.01 sys=0.00, real=0.00 secs] 
1595.385: [GC (Allocation Failure) [PSYoungGen: 69200K->1472K(69632K)] 396836K->329108K(757760K), 0.0017312 secs] [Times: user=0.01 sys=0.00, real=0.00 secs] 
1595.665: [GC (Allocation Failure) [PSYoungGen: 69056K->1376K(69632K)] 396692K->329012K(757760K), 0.0014039 secs] [Times: user=0.01 sys=0.00, real=0.00 secs] 
1595.945: [GC (Allocation Failure) [PSYoungGen: 68960K->1376K(69632K)] 396596K->329012K(757760K), 0.0024419 secs] [Times: user=0.01 sys=0.00, real=0.01 secs] 
1596.227: [GC (Allocation Failure) [PSYoungGen: 68960K->1344K(69632K)] 396596K->328980K(757760K), 0.0021607 secs] [Times: user=0.01 sys=0.00, real=0.00 secs] 
1596.644: [GC (Allocation Failure) [PSYoungGen: 68928K->1501K(69632K)] 396564K->329137K(757760K), 0.0015113 secs] [Times: user=0.00 sys=0.00, real=0.00 secs] 
1597.041: [GC (Allocation Failure) [PSYoungGen: 69085K->1568K(69632K)] 396721K->329204K(757760K), 0.0016376 secs] [Times: user=0.01 sys=0.00, real=0.00 secs] 
1597.495: [GC (Allocation Failure) [PSYoungGen: 69152K->1581K(69632K)] 396788K->329217K(757760K), 0.0015977 secs] [Times: user=0.01 sys=0.00, real=0.01 secs] 
1597.891: [GC (Allocation Failure) [PSYoungGen: 69165K->1600K(69632K)] 396801K->329260K(757760K), 0.0016149 secs] [Times: user=0.01 sys=0.00, real=0.00 secs] 
1598.399: [GC (Allocation Failure) [PSYoungGen: 69184K->1424K(69632K)] 396844K->329084K(757760K), 0.0025673 secs] [Times: user=0.01 sys=0.00, real=0.00 secs] 
1598.986: [GC (Allocation Failure) [PSYoungGen: 69008K->1376K(69632K)] 396668K->329036K(757760K), 0.0038151 secs] [Times: user=0.01 sys=0.00, real=0.01 secs] 
1599.664: [GC (Allocation Failure) [PSYoungGen: 68960K->1376K(69632K)] 396620K->329060K(757760K), 0.0029463 secs] [Times: user=0.02 sys=0.00, real=0.01 secs] 
1600.258: [GC (Allocation Failure) [PSYoungGen: 68960K->1392K(69632K)] 396644K->329076K(757760K), 0.0022711 secs] [Times: user=0.01 sys=0.00, real=0.00 secs] 
1600.825: [GC (Allocation Failure) [PSYoungGen: 68954K->1549K(69632K)] 396638K->329233K(757760K), 0.0015546 secs] [Times: user=0.01 sys=0.00, real=0.01 secs] 
1601.220: [GC (Allocation Failure) [PSYoungGen: 69133K->1600K(69632K)] 396817K->329284K(757760K), 0.0015991 secs] [Times: user=0.01 sys=0.00, real=0.00 secs] 
1601.621: [GC (Allocation Failure) [PSYoungGen: 69184K->1584K(69632K)] 396868K->329268K(757760K), 0.0015387 secs] [Times: user=0.00 sys=0.00, real=0.00 secs] 
1602.017: [GC (GCLocker Initiated GC) [PSYoungGen: 69168K->1581K(69632K)] 396852K->329281K(757760K), 0.0015032 secs] [Times: user=0.00 sys=0.00, real=0.00 secs] 
1602.705: [GC (Allocation Failure) [PSYoungGen: 69165K->1424K(69632K)] 396868K->329127K(757760K), 0.0033300 secs] [Times: user=0.02 sys=0.00, real=0.01 secs] 
1603.379: [GC (Allocation Failure) [PSYoungGen: 69008K->1392K(69632K)] 396711K->329095K(757760K), 0.0023952 secs] [Times: user=0.01 sys=0.00, real=0.00 secs] 
1604.204: [GC (Allocation Failure) [PSYoungGen: 68976K->1408K(69632K)] 396679K->329111K(757760K), 0.0039921 secs] [Times: user=0.01 sys=0.00, real=0.01 secs] 
1604.789: [GC (Allocation Failure) [PSYoungGen: 68992K->1376K(69632K)] 396695K->329079K(757760K), 0.0027320 secs] [Times: user=0.01 sys=0.00, real=0.00 secs] 
1605.290: [GC (Allocation Failure) [PSYoungGen: 68960K->1613K(69632K)] 396663K->329316K(757760K), 0.0014673 secs] [Times: user=0.00 sys=0.00, real=0.00 secs] 
1605.686: [GC (Allocation Failure) [PSYoungGen: 69197K->1568K(69632K)] 396900K->329271K(757760K), 0.0015592 secs] [Times: user=0.01 sys=0.00, real=0.01 secs] 
1606.081: [GC (Allocation Failure) [PSYoungGen: 69152K->1645K(69632K)] 396855K->329348K(757760K), 0.0015249 secs] [Times: user=0.01 sys=0.00, real=0.00 secs] 
1606.500: [GC (Allocation Failure) [PSYoungGen: 69229K->1808K(69632K)] 396932K->329511K(757760K), 0.0022957 secs] [Times: user=0.01 sys=0.00, real=0.00 secs] 
1606.795: [GC (Allocation Failure) [PSYoungGen: 69392K->1440K(69632K)] 397095K->329143K(757760K), 0.0017517 secs] [Times: user=0.01 sys=0.00, real=0.00 secs] 
1607.091: [GC (Allocation Failure) [PSYoungGen: 69024K->1440K(69632K)] 396727K->329143K(757760K), 0.0018262 secs] [Times: user=0.01 sys=0.00, real=0.00 secs] 
1607.525: [GC (Allocation Failure) [PSYoungGen: 69024K->1408K(69632K)] 396727K->329111K(757760K), 0.0015372 secs] [Times: user=0.00 sys=0.00, real=0.01 secs] 
1608.093: [GC (Allocation Failure) [PSYoungGen: 68992K->1440K(69632K)] 396695K->329143K(757760K), 0.0021800 secs] [Times: user=0.01 sys=0.00, real=0.00 secs] 
1608.650: [GC (Allocation Failure) [PSYoungGen: 69024K->1645K(69632K)] 396727K->329348K(757760K), 0.0015668 secs] [Times: user=0.01 sys=0.00, real=0.00 secs] 
1609.048: [GC (Allocation Failure) [PSYoungGen: 69229K->1645K(69632K)] 396932K->329348K(757760K), 0.0017012 secs] [Times: user=0.01 sys=0.00, real=0.00 secs] 
1609.446: [GC (Allocation Failure) [PSYoungGen: 69229K->1648K(69632K)] 396932K->329351K(757760K), 0.0016062 secs] [Times: user=0.01 sys=0.00, real=0.01 secs] 
1609.827: [GC (Allocation Failure) [PSYoungGen: 69232K->1472K(69632K)] 396935K->329239K(757760K), 0.0022104 secs] [Times: user=0.01 sys=0.00, real=0.00 secs] 
1610.111: [GC (Allocation Failure) [PSYoungGen: 69056K->1408K(69632K)] 396823K->329199K(757760K), 0.0020254 secs] [Times: user=0.01 sys=0.00, real=0.00 secs] 
1610.393: [GC (Allocation Failure) [PSYoungGen: 68992K->1376K(69632K)] 396783K->329167K(757760K), 0.0017211 secs] [Times: user=0.01 sys=0.00, real=0.00 secs] 
1610.886: [GC (Allocation Failure) [PSYoungGen: 68960K->1408K(69632K)] 396751K->329199K(757760K), 0.0018225 secs] [Times: user=0.01 sys=0.00, real=0.01 secs] 
1611.520: [GC (Allocation Failure) [PSYoungGen: 68976K->1469K(69632K)] 396767K->329260K(757760K), 0.0018713 secs] [Times: user=0.01 sys=0.00, real=0.00 secs] 
1611.927: [GC (Allocation Failure) [PSYoungGen: 69053K->1552K(69632K)] 396844K->329343K(757760K), 0.0017540 secs] [Times: user=0.01 sys=0.00, real=0.00 secs] 
1612.322: [GC (Allocation Failure) [PSYoungGen: 69136K->1504K(69632K)] 396927K->329295K(757760K), 0.0015750 secs] [Times: user=0.01 sys=0.00, real=0.00 secs] 
1612.718: [GC (Allocation Failure) [PSYoungGen: 69088K->1584K(69632K)] 396879K->329407K(757760K), 0.0015734 secs] [Times: user=0.00 sys=0.00, real=0.00 secs] 
1613.355: [GC (Allocation Failure) [PSYoungGen: 69168K->1504K(69632K)] 396991K->329327K(757760K), 0.0020375 secs] [Times: user=0.01 sys=0.00, real=0.00 secs] 
1613.687: [GC (Allocation Failure) [PSYoungGen: 69088K->1408K(69632K)] 396911K->329231K(757760K), 0.0020790 secs] [Times: user=0.01 sys=0.00, real=0.00 secs] 
1613.969: [GC (Allocation Failure) [PSYoungGen: 68992K->1440K(69632K)] 396815K->329263K(757760K), 0.0020103 secs] [Times: user=0.01 sys=0.00, real=0.00 secs] 
1614.249: [GC (Allocation Failure) [PSYoungGen: 69024K->1440K(69632K)] 396847K->329263K(757760K), 0.0020249 secs] [Times: user=0.01 sys=0.00, real=0.00 secs] 
1614.660: [GC (Allocation Failure) [PSYoungGen: 69024K->1501K(69632K)] 396847K->329324K(757760K), 0.0016421 secs] [Times: user=0.01 sys=0.00, real=0.00 secs] 
1615.056: [GC (Allocation Failure) [PSYoungGen: 69069K->1613K(69632K)] 396893K->329436K(757760K), 0.0015976 secs] [Times: user=0.00 sys=0.00, real=0.01 secs] 
1615.457: [GC (Allocation Failure) [PSYoungGen: 69197K->1613K(69632K)] 397020K->329436K(757760K), 0.0016123 secs] [Times: user=0.01 sys=0.00, real=0.00 secs] 
1615.852: [GC (Allocation Failure) [PSYoungGen: 69197K->1597K(69632K)] 397020K->329436K(757760K), 0.0016050 secs] [Times: user=0.00 sys=0.00, real=0.00 secs] 
1616.847: [GC (Allocation Failure) [PSYoungGen: 69181K->1408K(69632K)] 397020K->329247K(757760K), 0.0025354 secs] [Times: user=0.01 sys=0.00, real=0.01 secs] 
1617.605: [GC (Allocation Failure) [PSYoungGen: 68992K->1440K(69632K)] 396831K->329279K(757760K), 0.0022472 secs] [Times: user=0.01 sys=0.00, real=0.01 secs] 
1618.189: [GC (Allocation Failure) [PSYoungGen: 69024K->1408K(69632K)] 396863K->329247K(757760K), 0.0025997 secs] [Times: user=0.01 sys=0.00, real=0.00 secs] 
1618.743: [GC (Allocation Failure) [PSYoungGen: 68992K->1408K(69632K)] 396831K->329247K(757760K), 0.0025665 secs] [Times: user=0.01 sys=0.00, real=0.00 secs] 
1619.346: [GC (Allocation Failure) [PSYoungGen: 68969K->1533K(69632K)] 396808K->329372K(757760K), 0.0015095 secs] [Times: user=0.01 sys=0.00, real=0.01 secs] 
1619.741: [GC (Allocation Failure) [PSYoungGen: 69117K->1613K(69632K)] 396956K->329452K(757760K), 0.0015810 secs] [Times: user=0.00 sys=0.00, real=0.00 secs] 
1620.135: [GC (Allocation Failure) [PSYoungGen: 69197K->1568K(69632K)] 397036K->329407K(757760K), 0.0015982 secs] [Times: user=0.01 sys=0.00, real=0.00 secs] 
1620.531: [GC (Allocation Failure) [PSYoungGen: 69152K->1549K(69632K)] 396991K->329420K(757760K), 0.0015361 secs] [Times: user=0.01 sys=0.00, real=0.00 secs] 
1620.840: [GC (Allocation Failure) [PSYoungGen: 69133K->1408K(69632K)] 397004K->329279K(757760K), 0.0015720 secs] [Times: user=0.00 sys=0.00, real=0.00 secs] 
1621.121: [GC (Allocation Failure) [PSYoungGen: 68992K->1408K(69632K)] 396863K->329279K(757760K), 0.0017594 secs] [Times: user=0.01 sys=0.00, real=0.00 secs] 
1621.401: [GC (Allocation Failure) [PSYoungGen: 68992K->1408K(69632K)] 396863K->329279K(757760K), 0.0015467 secs] [Times: user=0.01 sys=0.00, real=0.00 secs] 
1621.709: [GC (Allocation Failure) [PSYoungGen: 68992K->1424K(69632K)] 396863K->329295K(757760K), 0.0016169 secs] [Times: user=0.00 sys=0.00, real=0.00 secs] 
1622.130: [GC (Allocation Failure) [PSYoungGen: 69008K->1613K(69632K)] 396879K->329484K(757760K), 0.0015472 secs] [Times: user=0.00 sys=0.00, real=0.00 secs] 
1622.588: [GC (Allocation Failure) [PSYoungGen: 69197K->1581K(69632K)] 397068K->329452K(757760K), 0.0016054 secs] [Times: user=0.01 sys=0.00, real=0.00 secs] 
1622.983: [GC (Allocation Failure) [PSYoungGen: 69165K->1597K(69632K)] 397036K->329468K(757760K), 0.0016039 secs] [Times: user=0.01 sys=0.00, real=0.00 secs] 
1623.395: [GC (Allocation Failure) [PSYoungGen: 69181K->1504K(69632K)] 397052K->329375K(757760K), 0.0019960 secs] [Times: user=0.01 sys=0.00, real=0.01 secs] 
1623.691: [GC (Allocation Failure) [PSYoungGen: 69088K->1376K(69632K)] 396959K->329247K(757760K), 0.0019132 secs] [Times: user=0.00 sys=0.00, real=0.00 secs] 
1624.275: [GC (Allocation Failure) [PSYoungGen: 68960K->1440K(69632K)] 396831K->329311K(757760K), 0.0028350 secs] [Times: user=0.01 sys=0.00, real=0.01 secs] 
1624.917: [GC (Allocation Failure) [PSYoungGen: 69024K->1376K(69632K)] 396895K->329247K(757760K), 0.0025410 secs] [Times: user=0.01 sys=0.00, real=0.01 secs] 
1625.544: [GC (Allocation Failure) [PSYoungGen: 68960K->1424K(69632K)] 396831K->329295K(757760K), 0.0022032 secs] [Times: user=0.01 sys=0.00, real=0.00 secs] 
1625.979: [GC (Allocation Failure) [PSYoungGen: 69008K->1613K(69632K)] 396879K->329484K(757760K), 0.0015394 secs] [Times: user=0.01 sys=0.00, real=0.00 secs] 
1626.375: [GC (Allocation Failure) [PSYoungGen: 69179K->1552K(69632K)] 397050K->329423K(757760K), 0.0015823 secs] [Times: user=0.01 sys=0.00, real=0.01 secs] 
1626.772: [GC (Allocation Failure) [PSYoungGen: 69136K->1552K(69632K)] 397007K->329423K(757760K), 0.0016935 secs] [Times: user=0.01 sys=0.00, real=0.00 secs] 
1627.140: [GC (Allocation Failure) [PSYoungGen: 69136K->1504K(69632K)] 397007K->329375K(757760K), 0.0018447 secs] [Times: user=0.00 sys=0.00, real=0.00 secs] 
1627.500: [GC (Allocation Failure) [PSYoungGen: 69088K->1408K(69632K)] 396959K->329279K(757760K), 0.0015789 secs] [Times: user=0.00 sys=0.00, real=0.00 secs] 
1627.847: [GC (Allocation Failure) [PSYoungGen: 68992K->1376K(69632K)] 396863K->329247K(757760K), 0.0016145 secs] [Times: user=0.00 sys=0.00, real=0.00 secs] 
1628.336: [GC (Allocation Failure) [PSYoungGen: 68960K->1344K(69632K)] 396831K->329215K(757760K), 0.0023422 secs] [Times: user=0.00 sys=0.00, real=0.01 secs] 
1628.925: [GC (Allocation Failure) [PSYoungGen: 68909K->1533K(69632K)] 396780K->329404K(757760K), 0.0016809 secs] [Times: user=0.01 sys=0.00, real=0.00 secs] 
1629.323: [GC (Allocation Failure) [PSYoungGen: 69117K->1552K(69632K)] 396988K->329423K(757760K), 0.0017993 secs] [Times: user=0.01 sys=0.00, real=0.00 secs] 
1629.718: [GC (Allocation Failure) [PSYoungGen: 69136K->1584K(69632K)] 397007K->329455K(757760K), 0.0015206 secs] [Times: user=0.01 sys=0.00, real=0.00 secs] 
1630.113: [GC (Allocation Failure) [PSYoungGen: 69168K->1517K(69632K)] 397039K->329420K(757760K), 0.0018520 secs] [Times: user=0.01 sys=0.00, real=0.00 secs] 
1630.639: [GC (Allocation Failure) [PSYoungGen: 69101K->1440K(69632K)] 397004K->329343K(757760K), 0.0020438 secs] [Times: user=0.01 sys=0.00, real=0.00 secs] 
1631.167: [GC (Allocation Failure) [PSYoungGen: 69024K->1408K(69632K)] 396927K->329311K(757760K), 0.0020928 secs] [Times: user=0.01 sys=0.00, real=0.01 secs] 
1631.823: [GC (Allocation Failure) [PSYoungGen: 68992K->1376K(69632K)] 396895K->329279K(757760K), 0.0026321 secs] [Times: user=0.01 sys=0.00, real=0.00 secs] 
1632.384: [GC (Allocation Failure) [PSYoungGen: 68960K->1408K(69632K)] 396863K->329311K(757760K), 0.0017651 secs] [Times: user=0.01 sys=0.00, real=0.00 secs] 
1632.861: [GC (Allocation Failure) [PSYoungGen: 68992K->1517K(69632K)] 396895K->329420K(757760K), 0.0016141 secs] [Times: user=0.01 sys=0.00, real=0.00 secs] 
1633.256: [GC (Allocation Failure) [PSYoungGen: 69101K->1581K(69632K)] 397004K->329484K(757760K), 0.0015939 secs] [Times: user=0.00 sys=0.00, real=0.01 secs] 
1633.650: [GC (Allocation Failure) [PSYoungGen: 69165K->1613K(69632K)] 397068K->329516K(757760K), 0.0015877 secs] [Times: user=0.01 sys=0.00, real=0.00 secs] 
1634.046: [GC (Allocation Failure) [PSYoungGen: 69197K->1568K(69632K)] 397100K->329479K(757760K), 0.0015666 secs] [Times: user=0.01 sys=0.00, real=0.01 secs] 
1634.448: [GC (Allocation Failure) [PSYoungGen: 69152K->1392K(69632K)] 397063K->329303K(757760K), 0.0019967 secs] [Times: user=0.01 sys=0.00, real=0.00 secs] 
1634.812: [GC (Allocation Failure) [PSYoungGen: 68976K->1376K(69632K)] 396887K->329287K(757760K), 0.0018775 secs] [Times: user=0.01 sys=0.00, real=0.00 secs] 
1635.383: [GC (Allocation Failure) [PSYoungGen: 68960K->1392K(69632K)] 396871K->329303K(757760K), 0.0019173 secs] [Times: user=0.01 sys=0.00, real=0.00 secs] 
1636.102: [GC (Allocation Failure) [PSYoungGen: 68976K->1392K(69632K)] 396887K->329303K(757760K), 0.0019193 secs] [Times: user=0.01 sys=0.00, real=0.00 secs] 
1636.613: [GC (Allocation Failure) [PSYoungGen: 68976K->1549K(69632K)] 396887K->329460K(757760K), 0.0015154 secs] [Times: user=0.01 sys=0.00, real=0.00 secs] 
1637.071: [GC (Allocation Failure) [PSYoungGen: 69133K->1613K(69632K)] 397044K->329524K(757760K), 0.0015514 secs] [Times: user=0.01 sys=0.00, real=0.00 secs] 
1637.465: [GC (Allocation Failure) [PSYoungGen: 69197K->1552K(69632K)] 397108K->329463K(757760K), 0.0015952 secs] [Times: user=0.00 sys=0.00, real=0.00 secs] 
1638.080: [GC (Allocation Failure) [PSYoungGen: 69136K->2016K(69632K)] 397047K->329927K(757760K), 0.0024969 secs] [Times: user=0.01 sys=0.00, real=0.00 secs] 
1639.276: [GC (Allocation Failure) [PSYoungGen: 69600K->1376K(69632K)] 397511K->329287K(757760K), 0.0060063 secs] [Times: user=0.02 sys=0.00, real=0.01 secs] 
1639.734: [GC (Allocation Failure) [PSYoungGen: 68960K->1408K(69632K)] 396871K->329319K(757760K), 0.0020625 secs] [Times: user=0.01 sys=0.01, real=0.00 secs] 
1640.015: [GC (Allocation Failure) [PSYoungGen: 68992K->1376K(69632K)] 396903K->329287K(757760K), 0.0019986 secs] [Times: user=0.01 sys=0.00, real=0.01 secs] 
1640.376: [GC (Allocation Failure) [PSYoungGen: 68960K->1376K(69632K)] 396871K->329287K(757760K), 0.0018699 secs] [Times: user=0.00 sys=0.00, real=0.01 secs] 
1640.789: [GC (Allocation Failure) [PSYoungGen: 68960K->1581K(69632K)] 396871K->329508K(757760K), 0.0015410 secs] [Times: user=0.01 sys=0.00, real=0.00 secs] 
1641.191: [GC (Allocation Failure) [PSYoungGen: 69165K->1581K(69632K)] 397092K->329508K(757760K), 0.0015664 secs] [Times: user=0.00 sys=0.00, real=0.00 secs] 
1641.586: [GC (Allocation Failure) [PSYoungGen: 69165K->1517K(69632K)] 397092K->329444K(757760K), 0.0015086 secs] [Times: user=0.01 sys=0.00, real=0.01 secs] 
1641.995: [GC (Allocation Failure) [PSYoungGen: 69101K->1472K(69632K)] 397028K->329399K(757760K), 0.0019029 secs] [Times: user=0.01 sys=0.00, real=0.01 secs] 
1642.342: [GC (Allocation Failure) [PSYoungGen: 69056K->1408K(69632K)] 396983K->329335K(757760K), 0.0018070 secs] [Times: user=0.01 sys=0.00, real=0.00 secs] 
1642.623: [GC (Allocation Failure) [PSYoungGen: 68992K->1376K(69632K)] 396919K->329303K(757760K), 0.0018351 secs] [Times: user=0.01 sys=0.00, real=0.00 secs] 
1642.934: [GC (Allocation Failure) [PSYoungGen: 68960K->1344K(69632K)] 396887K->329271K(757760K), 0.0018288 secs] [Times: user=0.01 sys=0.00, real=0.00 secs] 
1643.271: [GC (Allocation Failure) [PSYoungGen: 68928K->1453K(69632K)] 396855K->329380K(757760K), 0.0014278 secs] [Times: user=0.01 sys=0.00, real=0.00 secs] 
1643.665: [GC (Allocation Failure) [PSYoungGen: 69037K->1600K(69632K)] 396964K->329527K(757760K), 0.0016668 secs] [Times: user=0.00 sys=0.00, real=0.00 secs] 
1644.059: [GC (Allocation Failure) [PSYoungGen: 69161K->1581K(69632K)] 397089K->329508K(757760K), 0.0015382 secs] [Times: user=0.01 sys=0.00, real=0.00 secs] 
1644.459: [GC (Allocation Failure) [PSYoungGen: 69165K->1597K(69632K)] 397092K->329556K(757760K), 0.0015728 secs] [Times: user=0.01 sys=0.00, real=0.00 secs] 
1644.872: [GC (Allocation Failure) [PSYoungGen: 69181K->1472K(69632K)] 397140K->329431K(757760K), 0.0016351 secs] [Times: user=0.01 sys=0.00, real=0.00 secs] 
1645.487: [GC (Allocation Failure) [PSYoungGen: 69056K->1376K(69632K)] 397015K->329335K(757760K), 0.0020559 secs] [Times: user=0.01 sys=0.00, real=0.00 secs] 
1646.163: [GC (Allocation Failure) [PSYoungGen: 68960K->1408K(69632K)] 396919K->329367K(757760K), 0.0025804 secs] [Times: user=0.02 sys=0.00, real=0.00 secs] 
1646.721: [GC (Allocation Failure) [PSYoungGen: 68992K->1408K(69632K)] 396951K->329367K(757760K), 0.0028623 secs] [Times: user=0.01 sys=0.00, real=0.00 secs] 
1647.196: [GC (Allocation Failure) [PSYoungGen: 68992K->1549K(69632K)] 396951K->329508K(757760K), 0.0014670 secs] [Times: user=0.00 sys=0.00, real=0.01 secs] 
1647.591: [GC (Allocation Failure) [PSYoungGen: 69105K->1584K(69632K)] 397065K->329543K(757760K), 0.0015454 secs] [Times: user=0.00 sys=0.00, real=0.00 secs] 
1647.989: [GC (Allocation Failure) [PSYoungGen: 69168K->1584K(69632K)] 397127K->329543K(757760K), 0.0015568 secs] [Times: user=0.00 sys=0.00, real=0.00 secs] 
1648.384: [GC (Allocation Failure) [PSYoungGen: 69168K->1597K(69632K)] 397127K->329572K(757760K), 0.0015117 secs] [Times: user=0.01 sys=0.00, real=0.00 secs] 
1649.064: [GC (Allocation Failure) [PSYoungGen: 69181K->1440K(69632K)] 397156K->329415K(757760K), 0.0017968 secs] [Times: user=0.01 sys=0.00, real=0.00 secs] 
1649.745: [GC (Allocation Failure) [PSYoungGen: 69024K->1408K(69632K)] 396999K->329383K(757760K), 0.0024793 secs] [Times: user=0.01 sys=0.00, real=0.01 secs] 
1650.318: [GC (Allocation Failure) [PSYoungGen: 68992K->1360K(69632K)] 396967K->329335K(757760K), 0.0019658 secs] [Times: user=0.01 sys=0.00, real=0.00 secs] 
1650.632: [GC (Allocation Failure) [PSYoungGen: 68944K->1408K(69632K)] 396919K->329415K(757760K), 0.0019784 secs] [Times: user=0.01 sys=0.00, real=0.00 secs] 
1651.019: [GC (Allocation Failure) [PSYoungGen: 68963K->1517K(69632K)] 396970K->329524K(757760K), 0.0015266 secs] [Times: user=0.01 sys=0.00, real=0.00 secs] 
1651.416: [GC (Allocation Failure) [PSYoungGen: 69101K->1520K(69632K)] 397108K->329527K(757760K), 0.0015210 secs] [Times: user=0.00 sys=0.00, real=0.01 secs] 
1651.810: [GC (Allocation Failure) [PSYoungGen: 69104K->1613K(69632K)] 397111K->329620K(757760K), 0.0015841 secs] [Times: user=0.01 sys=0.00, real=0.00 secs] 
1652.890: [GC (Allocation Failure) [PSYoungGen: 69197K->1600K(69632K)] 397204K->329607K(757760K), 0.0028005 secs] [Times: user=0.01 sys=0.01, real=0.00 secs] 
1655.501: [GC (Allocation Failure) [PSYoungGen: 69184K->1408K(69632K)] 397191K->329415K(757760K), 0.0038507 secs] [Times: user=0.01 sys=0.00, real=0.00 secs] 
1655.949: [GC (Allocation Failure) [PSYoungGen: 68992K->1408K(69632K)] 396999K->329415K(757760K), 0.0020604 secs] [Times: user=0.01 sys=0.00, real=0.00 secs] 
1656.329: [GC (Allocation Failure) [PSYoungGen: 68992K->1376K(69632K)] 396999K->329383K(757760K), 0.0027500 secs] [Times: user=0.01 sys=0.00, real=0.00 secs] 
1656.605: [GC (Allocation Failure) [PSYoungGen: 68960K->1440K(69632K)] 396967K->329447K(757760K), 0.0020519 secs] [Times: user=0.00 sys=0.00, real=0.01 secs] 
1657.018: [GC (Allocation Failure) [PSYoungGen: 69024K->1565K(69632K)] 397031K->329572K(757760K), 0.0015209 secs] [Times: user=0.01 sys=0.00, real=0.00 secs] 
1657.413: [GC (Allocation Failure) [PSYoungGen: 69149K->1616K(69632K)] 397156K->329623K(757760K), 0.0015830 secs] [Times: user=0.01 sys=0.00, real=0.00 secs] 
1657.807: [GC (Allocation Failure) [PSYoungGen: 69200K->1584K(69632K)] 397207K->329591K(757760K), 0.0015852 secs] [Times: user=0.01 sys=0.00, real=0.01 secs] 
1658.220: [GC (Allocation Failure) [PSYoungGen: 69168K->1488K(69632K)] 397175K->329519K(757760K), 0.0019624 secs] [Times: user=0.01 sys=0.00, real=0.00 secs] 
1658.521: [GC (Allocation Failure) [PSYoungGen: 69072K->1408K(69632K)] 397103K->329439K(757760K), 0.0018011 secs] [Times: user=0.00 sys=0.00, real=0.00 secs] 
1658.802: [GC (Allocation Failure) [PSYoungGen: 68992K->1408K(69632K)] 397023K->329439K(757760K), 0.0018312 secs] [Times: user=0.00 sys=0.00, real=0.00 secs] 
1659.084: [GC (Allocation Failure) [PSYoungGen: 68992K->1360K(69632K)] 397023K->329391K(757760K), 0.0021774 secs] [Times: user=0.01 sys=0.01, real=0.00 secs] 
1659.414: [GC (Allocation Failure) [PSYoungGen: 68944K->1485K(69632K)] 396975K->329516K(757760K), 0.0018851 secs] [Times: user=0.01 sys=0.00, real=0.00 secs] 
1659.818: [GC (Allocation Failure) [PSYoungGen: 69069K->1616K(69632K)] 397100K->329647K(757760K), 0.0015357 secs] [Times: user=0.01 sys=0.00, real=0.00 secs] 
1660.213: [GC (Allocation Failure) [PSYoungGen: 69200K->1549K(69632K)] 397231K->329580K(757760K), 0.0015468 secs] [Times: user=0.01 sys=0.00, real=0.00 secs] 
1660.607: [GC (Allocation Failure) [PSYoungGen: 69133K->1597K(69632K)] 397164K->329652K(757760K), 0.0015424 secs] [Times: user=0.01 sys=0.00, real=0.00 secs] 
1660.994: [GC (Allocation Failure) [PSYoungGen: 69181K->1472K(69632K)] 397236K->329559K(757760K), 0.0017080 secs] [Times: user=0.01 sys=0.00, real=0.00 secs] 
1661.274: [GC (Allocation Failure) [PSYoungGen: 69056K->1360K(69632K)] 397143K->329447K(757760K), 0.0015982 secs] [Times: user=0.01 sys=0.00, real=0.00 secs] 
1661.573: [GC (Allocation Failure) [PSYoungGen: 68944K->1376K(69632K)] 397031K->329463K(757760K), 0.0016114 secs] [Times: user=0.00 sys=0.00, real=0.00 secs] 
1661.853: [GC (Allocation Failure) [PSYoungGen: 68960K->1376K(69632K)] 397047K->329463K(757760K), 0.0015666 secs] [Times: user=0.01 sys=0.00, real=0.00 secs] 
1662.201: [GC (Allocation Failure) [PSYoungGen: 68960K->1437K(69632K)] 397047K->329524K(757760K), 0.0014780 secs] [Times: user=0.00 sys=0.00, real=0.00 secs] 
1662.596: [GC (Allocation Failure) [PSYoungGen: 69021K->1581K(69632K)] 397108K->329668K(757760K), 0.0015812 secs] [Times: user=0.01 sys=0.00, real=0.01 secs] 
1662.992: [GC (Allocation Failure) [PSYoungGen: 69165K->1536K(69632K)] 397252K->329623K(757760K), 0.0018230 secs] [Times: user=0.00 sys=0.00, real=0.00 secs] 
1663.448: [GC (Allocation Failure) [PSYoungGen: 69120K->1613K(69632K)] 397207K->329716K(757760K), 0.0016107 secs] [Times: user=0.00 sys=0.00, real=0.00 secs] 
1663.853: [GC (Allocation Failure) [PSYoungGen: 69197K->1456K(69632K)] 397300K->329559K(757760K), 0.0021688 secs] [Times: user=0.01 sys=0.00, real=0.00 secs] 
1664.166: [GC (Allocation Failure) [PSYoungGen: 69040K->1408K(69632K)] 397143K->329511K(757760K), 0.0017387 secs] [Times: user=0.01 sys=0.00, real=0.01 secs] 
1664.498: [GC (Allocation Failure) [PSYoungGen: 68992K->1408K(69632K)] 397095K->329511K(757760K), 0.0018630 secs] [Times: user=0.00 sys=0.00, real=0.00 secs] 
1664.778: [GC (Allocation Failure) [PSYoungGen: 68992K->1408K(69632K)] 397095K->329511K(757760K), 0.0016744 secs] [Times: user=0.01 sys=0.00, real=0.00 secs] 
1665.150: [GC (Allocation Failure) [PSYoungGen: 68968K->1549K(69632K)] 397072K->329652K(757760K), 0.0014998 secs] [Times: user=0.01 sys=0.00, real=0.00 secs] 
1665.547: [GC (Allocation Failure) [PSYoungGen: 69133K->1613K(69632K)] 397236K->329716K(757760K), 0.0015682 secs] [Times: user=0.01 sys=0.00, real=0.00 secs] 
1665.942: [GC (Allocation Failure) [PSYoungGen: 69197K->1584K(69632K)] 397300K->329687K(757760K), 0.0015693 secs] [Times: user=0.01 sys=0.00, real=0.00 secs] 
1666.338: [GC (Allocation Failure) [PSYoungGen: 69168K->1581K(69632K)] 397271K->329700K(757760K), 0.0015619 secs] [Times: user=0.01 sys=0.00, real=0.00 secs] 
1667.025: [GC (Allocation Failure) [PSYoungGen: 69165K->1456K(69632K)] 397284K->329575K(757760K), 0.0021597 secs] [Times: user=0.01 sys=0.00, real=0.01 secs] 
1667.773: [GC (Allocation Failure) [PSYoungGen: 69040K->1360K(69632K)] 397159K->329479K(757760K), 0.0025007 secs] [Times: user=0.01 sys=0.00, real=0.00 secs] 
1668.614: [GC (Allocation Failure) [PSYoungGen: 68944K->1376K(69632K)] 397063K->329495K(757760K), 0.0022567 secs] [Times: user=0.01 sys=0.00, real=0.00 secs] 
1669.243: [GC (Allocation Failure) [PSYoungGen: 68960K->1392K(69632K)] 397079K->329511K(757760K), 0.0033380 secs] [Times: user=0.02 sys=0.00, real=0.00 secs] 
1669.834: [GC (Allocation Failure) [PSYoungGen: 68976K->1517K(69632K)] 397095K->329636K(757760K), 0.0015362 secs] [Times: user=0.00 sys=0.00, real=0.00 secs] 
1670.228: [GC (Allocation Failure) [PSYoungGen: 69100K->1581K(69632K)] 397219K->329700K(757760K), 0.0015874 secs] [Times: user=0.01 sys=0.00, real=0.00 secs] 
1670.626: [GC (Allocation Failure) [PSYoungGen: 69165K->1552K(69632K)] 397284K->329695K(757760K), 0.0016707 secs] [Times: user=0.01 sys=0.00, real=0.01 secs] 
1671.100: [GC (Allocation Failure) [PSYoungGen: 69136K->1520K(69632K)] 397279K->329671K(757760K), 0.0017929 secs] [Times: user=0.00 sys=0.00, real=0.00 secs] 
1671.517: [GC (Allocation Failure) [PSYoungGen: 69104K->1408K(69632K)] 397255K->329559K(757760K), 0.0020258 secs] [Times: user=0.01 sys=0.00, real=0.01 secs] 
1671.798: [GC (Allocation Failure) [PSYoungGen: 68992K->1376K(69632K)] 397143K->329527K(757760K), 0.0019699 secs] [Times: user=0.01 sys=0.00, real=0.00 secs] 
1672.079: [GC (Allocation Failure) [PSYoungGen: 68960K->1440K(69632K)] 397111K->329591K(757760K), 0.0019117 secs] [Times: user=0.01 sys=0.00, real=0.00 secs] 
1672.441: [GC (Allocation Failure) [PSYoungGen: 69024K->1437K(69632K)] 397175K->329588K(757760K), 0.0018252 secs] [Times: user=0.01 sys=0.00, real=0.00 secs] 
1672.860: [GC (Allocation Failure) [PSYoungGen: 69021K->1504K(69632K)] 397172K->329655K(757760K), 0.0015652 secs] [Times: user=0.00 sys=0.00, real=0.00 secs] 
1673.256: [GC (Allocation Failure) [PSYoungGen: 69088K->1600K(69632K)] 397239K->329751K(757760K), 0.0017385 secs] [Times: user=0.00 sys=0.00, real=0.01 secs] 
1673.658: [GC (Allocation Failure) [PSYoungGen: 69184K->1613K(69632K)] 397335K->329764K(757760K), 0.0015460 secs] [Times: user=0.00 sys=0.00, real=0.00 secs] 
1674.283: [GC (Allocation Failure) [PSYoungGen: 69197K->1456K(69632K)] 397348K->329615K(757760K), 0.0024864 secs] [Times: user=0.01 sys=0.00, real=0.00 secs] 
1675.122: [GC (Allocation Failure) [PSYoungGen: 69040K->1376K(69632K)] 397199K->329535K(757760K), 0.0026907 secs] [Times: user=0.01 sys=0.01, real=0.00 secs] 
1675.773: [GC (Allocation Failure) [PSYoungGen: 68960K->1424K(69632K)] 397119K->329583K(757760K), 0.0022861 secs] [Times: user=0.00 sys=0.00, real=0.00 secs] 
1676.339: [GC (Allocation Failure) [PSYoungGen: 69008K->1440K(69632K)] 397167K->329599K(757760K), 0.0019010 secs] [Times: user=0.00 sys=0.00, real=0.00 secs] 
1677.043: [GC (Allocation Failure) [PSYoungGen: 69016K->1501K(69632K)] 397176K->329660K(757760K), 0.0014127 secs] [Times: user=0.00 sys=0.00, real=0.00 secs] 
1677.497: [GC (Allocation Failure) [PSYoungGen: 69085K->1549K(69632K)] 397244K->329708K(757760K), 0.0015969 secs] [Times: user=0.01 sys=0.00, real=0.00 secs] 
1677.891: [GC (Allocation Failure) [PSYoungGen: 69133K->1549K(69632K)] 397292K->329708K(757760K), 0.0016186 secs] [Times: user=0.00 sys=0.00, real=0.00 secs] 
1678.285: [GC (Allocation Failure) [PSYoungGen: 69133K->1552K(69632K)] 397292K->329727K(757760K), 0.0015741 secs] [Times: user=0.01 sys=0.00, real=0.00 secs] 
1679.029: [GC (Allocation Failure) [PSYoungGen: 69136K->1488K(69632K)] 397311K->329663K(757760K), 0.0039535 secs] [Times: user=0.01 sys=0.00, real=0.00 secs] 
1679.627: [GC (Allocation Failure) [PSYoungGen: 69072K->1408K(69632K)] 397247K->329583K(757760K), 0.0020040 secs] [Times: user=0.00 sys=0.00, real=0.01 secs] 
1680.174: [GC (Allocation Failure) [PSYoungGen: 68992K->1392K(69632K)] 397167K->329567K(757760K), 0.0020975 secs] [Times: user=0.01 sys=0.00, real=0.00 secs] 
1680.730: [GC (Allocation Failure) [PSYoungGen: 68976K->1424K(69632K)] 397151K->329599K(757760K), 0.0020773 secs] [Times: user=0.01 sys=0.00, real=0.00 secs] 
1681.255: [GC (Allocation Failure) [PSYoungGen: 69008K->1533K(69632K)] 397183K->329708K(757760K), 0.0014802 secs] [Times: user=0.01 sys=0.00, real=0.00 secs] 
1681.649: [GC (Allocation Failure) [PSYoungGen: 69117K->1517K(69632K)] 397292K->329716K(757760K), 0.0017021 secs] [Times: user=0.01 sys=0.00, real=0.00 secs] 
1682.046: [GC (Allocation Failure) [PSYoungGen: 69101K->1584K(69632K)] 397300K->329783K(757760K), 0.0015816 secs] [Times: user=0.01 sys=0.00, real=0.01 secs] 
1682.447: [GC (Allocation Failure) [PSYoungGen: 69168K->1520K(69632K)] 397367K->329727K(757760K), 0.0015177 secs] [Times: user=0.00 sys=0.00, real=0.01 secs] 
1683.159: [GC (Allocation Failure) [PSYoungGen: 69104K->1424K(69632K)] 397311K->329631K(757760K), 0.0019429 secs] [Times: user=0.01 sys=0.00, real=0.00 secs] 
1683.921: [GC (Allocation Failure) [PSYoungGen: 69008K->1408K(69632K)] 397215K->329615K(757760K), 0.0027578 secs] [Times: user=0.01 sys=0.00, real=0.00 secs] 
1684.492: [GC (Allocation Failure) [PSYoungGen: 68992K->1376K(69632K)] 397199K->329583K(757760K), 0.0029909 secs] [Times: user=0.02 sys=0.00, real=0.00 secs] 
1685.044: [GC (Allocation Failure) [PSYoungGen: 68960K->1376K(69632K)] 397167K->329583K(757760K), 0.0027306 secs] [Times: user=0.01 sys=0.00, real=0.01 secs] 
1685.613: [GC (Allocation Failure) [PSYoungGen: 68960K->1533K(69632K)] 397167K->329740K(757760K), 0.0015116 secs] [Times: user=0.00 sys=0.00, real=0.00 secs] 
1686.008: [GC (Allocation Failure) [PSYoungGen: 69117K->1549K(69632K)] 397324K->329756K(757760K), 0.0017268 secs] [Times: user=0.01 sys=0.00, real=0.00 secs] 
1686.403: [GC (Allocation Failure) [PSYoungGen: 69133K->1600K(69632K)] 397340K->329807K(757760K), 0.0015825 secs] [Times: user=0.00 sys=0.00, real=0.00 secs] 
1686.892: [GC (Allocation Failure) [PSYoungGen: 69184K->1760K(69632K)] 397391K->329967K(757760K), 0.0017651 secs] [Times: user=0.01 sys=0.00, real=0.00 secs] 
1687.199: [GC (Allocation Failure) [PSYoungGen: 69344K->1408K(69632K)] 397551K->329615K(757760K), 0.0025343 secs] [Times: user=0.01 sys=0.00, real=0.00 secs] 
1687.635: [GC (Allocation Failure) [PSYoungGen: 68992K->1408K(69632K)] 397199K->329615K(757760K), 0.0022213 secs] [Times: user=0.01 sys=0.00, real=0.01 secs] 
1688.140: [GC (Allocation Failure) [PSYoungGen: 68992K->1408K(69632K)] 397199K->329615K(757760K), 0.0022420 secs] [Times: user=0.01 sys=0.00, real=0.00 secs] 
1688.717: [GC (Allocation Failure) [PSYoungGen: 68992K->1392K(69632K)] 397199K->329599K(757760K), 0.0033934 secs] [Times: user=0.02 sys=0.00, real=0.00 secs] 
1689.209: [GC (Allocation Failure) [PSYoungGen: 68972K->1597K(69632K)] 397179K->329804K(757760K), 0.0016156 secs] [Times: user=0.01 sys=0.00, real=0.00 secs] 
1689.608: [GC (Allocation Failure) [PSYoungGen: 69181K->1584K(69632K)] 397388K->329791K(757760K), 0.0015665 secs] [Times: user=0.00 sys=0.00, real=0.00 secs] 
1690.006: [GC (Allocation Failure) [PSYoungGen: 69168K->1549K(69632K)] 397375K->329756K(757760K), 0.0016790 secs] [Times: user=0.01 sys=0.00, real=0.01 secs] 
1690.462: [GC (Allocation Failure) [PSYoungGen: 69133K->1472K(69632K)] 397340K->329679K(757760K), 0.0017847 secs] [Times: user=0.01 sys=0.00, real=0.00 secs] 
1691.105: [GC (Allocation Failure) [PSYoungGen: 69056K->1408K(69632K)] 397263K->329631K(757760K), 0.0020435 secs] [Times: user=0.01 sys=0.00, real=0.01 secs] 
1691.768: [GC (Allocation Failure) [PSYoungGen: 68992K->1408K(69632K)] 397215K->329631K(757760K), 0.0026251 secs] [Times: user=0.01 sys=0.00, real=0.00 secs] 
1692.378: [GC (Allocation Failure) [PSYoungGen: 68992K->1408K(69632K)] 397215K->329631K(757760K), 0.0020460 secs] [Times: user=0.01 sys=0.00, real=0.00 secs] 
1693.235: [GC (Allocation Failure) [PSYoungGen: 68992K->1472K(69632K)] 397215K->329695K(757760K), 0.0018307 secs] [Times: user=0.01 sys=0.00, real=0.01 secs] 
1693.649: [GC (Allocation Failure) [PSYoungGen: 69056K->1552K(69632K)] 397279K->329775K(757760K), 0.0017263 secs] [Times: user=0.01 sys=0.00, real=0.00 secs] 
1694.055: [GC (Allocation Failure) [PSYoungGen: 69131K->1552K(69632K)] 397354K->329775K(757760K), 0.0015775 secs] [Times: user=0.00 sys=0.00, real=0.01 secs] 
1694.457: [GC (Allocation Failure) [PSYoungGen: 69136K->1584K(69632K)] 397359K->329823K(757760K), 0.0015671 secs] [Times: user=0.01 sys=0.00, real=0.01 secs] 
1695.166: [GC (Allocation Failure) [PSYoungGen: 69168K->1472K(69632K)] 397407K->329719K(757760K), 0.0019994 secs] [Times: user=0.01 sys=0.00, real=0.01 secs] 
1696.292: [GC (Allocation Failure) [PSYoungGen: 69056K->1408K(69632K)] 397303K->329655K(757760K), 0.0030123 secs] [Times: user=0.01 sys=0.00, real=0.00 secs] 
1697.182: [GC (Allocation Failure) [PSYoungGen: 68992K->1376K(69632K)] 397239K->329623K(757760K), 0.0029303 secs] [Times: user=0.01 sys=0.00, real=0.00 secs] 
1697.987: [GC (Allocation Failure) [PSYoungGen: 68960K->1376K(69632K)] 397207K->329623K(757760K), 0.0025889 secs] [Times: user=0.01 sys=0.00, real=0.00 secs] 
1699.064: [GC (Allocation Failure) [PSYoungGen: 68960K->1485K(69632K)] 397207K->329740K(757760K), 0.0015483 secs] [Times: user=0.00 sys=0.00, real=0.00 secs] 
1699.459: [GC (Allocation Failure) [PSYoungGen: 69069K->1613K(69632K)] 397324K->329876K(757760K), 0.0015946 secs] [Times: user=0.00 sys=0.00, real=0.00 secs] 
1699.860: [GC (Allocation Failure) [PSYoungGen: 69197K->1565K(69632K)] 397460K->329828K(757760K), 0.0017394 secs] [Times: user=0.00 sys=0.00, real=0.00 secs] 
1700.258: [GC (Allocation Failure) [PSYoungGen: 69149K->1565K(69632K)] 397412K->329836K(757760K), 0.0016002 secs] [Times: user=0.00 sys=0.00, real=0.00 secs] 
1700.643: [GC (Allocation Failure) [PSYoungGen: 69149K->1440K(69632K)] 397420K->329711K(757760K), 0.0019146 secs] [Times: user=0.00 sys=0.00, real=0.00 secs] 
1701.328: [GC (Allocation Failure) [PSYoungGen: 69024K->1408K(69632K)] 397295K->329679K(757760K), 0.0019538 secs] [Times: user=0.01 sys=0.00, real=0.00 secs] 
1701.875: [GC (Allocation Failure) [PSYoungGen: 68992K->1408K(69632K)] 397263K->329679K(757760K), 0.0018170 secs] [Times: user=0.00 sys=0.00, real=0.01 secs] 
1702.433: [GC (Allocation Failure) [PSYoungGen: 68992K->1408K(69632K)] 397263K->329703K(757760K), 0.0019230 secs] [Times: user=0.00 sys=0.00, real=0.00 secs] 
1702.923: [GC (Allocation Failure) [PSYoungGen: 68992K->1485K(69632K)] 397287K->329780K(757760K), 0.0015205 secs] [Times: user=0.01 sys=0.00, real=0.00 secs] 
1703.375: [GC (Allocation Failure) [PSYoungGen: 69069K->1581K(69632K)] 397364K->329876K(757760K), 0.0016087 secs] [Times: user=0.00 sys=0.00, real=0.01 secs] 
1703.770: [GC (Allocation Failure) [PSYoungGen: 69165K->1536K(69632K)] 397460K->329831K(757760K), 0.0018877 secs] [Times: user=0.01 sys=0.00, real=0.00 secs] 
1704.174: [GC (Allocation Failure) [PSYoungGen: 69120K->1581K(69632K)] 397415K->329884K(757760K), 0.0015860 secs] [Times: user=0.00 sys=0.00, real=0.00 secs] 
1704.551: [GC (Allocation Failure) [PSYoungGen: 69165K->1440K(69632K)] 397468K->329743K(757760K), 0.0023177 secs] [Times: user=0.01 sys=0.00, real=0.00 secs] 
1704.937: [GC (Allocation Failure) [PSYoungGen: 69024K->1408K(69632K)] 397327K->329711K(757760K), 0.0020033 secs] [Times: user=0.01 sys=0.00, real=0.01 secs] 
1705.279: [GC (Allocation Failure) [PSYoungGen: 68992K->1376K(69632K)] 397295K->329679K(757760K), 0.0019769 secs] [Times: user=0.01 sys=0.00, real=0.00 secs] 
1705.738: [GC (Allocation Failure) [PSYoungGen: 68960K->1440K(69632K)] 397263K->329743K(757760K), 0.0018606 secs] [Times: user=0.01 sys=0.00, real=0.00 secs] 
1706.209: [GC (Allocation Failure) [PSYoungGen: 69024K->1568K(69632K)] 397327K->329871K(757760K), 0.0017378 secs] [Times: user=0.01 sys=0.00, real=0.00 secs] 
1706.605: [GC (Allocation Failure) [PSYoungGen: 69152K->1613K(69632K)] 397455K->329916K(757760K), 0.0015743 secs] [Times: user=0.00 sys=0.00, real=0.00 secs] 
1707.004: [GC (Allocation Failure) [PSYoungGen: 69197K->1568K(69632K)] 397500K->329871K(757760K), 0.0017903 secs] [Times: user=0.01 sys=0.00, real=0.00 secs] 
1707.426: [GC (Allocation Failure) [PSYoungGen: 69152K->1536K(69632K)] 397455K->329863K(757760K), 0.0020391 secs] [Times: user=0.01 sys=0.00, real=0.01 secs] 
1707.707: [GC (Allocation Failure) [PSYoungGen: 69120K->1392K(69632K)] 397447K->329719K(757760K), 0.0018397 secs] [Times: user=0.00 sys=0.00, real=0.00 secs] 
1708.003: [GC (Allocation Failure) [PSYoungGen: 68976K->1408K(69632K)] 397303K->329735K(757760K), 0.0018096 secs] [Times: user=0.01 sys=0.00, real=0.00 secs] 
1708.284: [GC (Allocation Failure) [PSYoungGen: 68992K->1376K(69632K)] 397319K->329703K(757760K), 0.0017373 secs] [Times: user=0.01 sys=0.00, real=0.00 secs] 
1708.651: [GC (Allocation Failure) [PSYoungGen: 68960K->1437K(69632K)] 397287K->329772K(757760K), 0.0019356 secs] [Times: user=0.01 sys=0.00, real=0.00 secs] 
1709.139: [GC (Allocation Failure) [PSYoungGen: 69021K->1565K(69632K)] 397356K->329932K(757760K), 0.0015681 secs] [Times: user=0.00 sys=0.00, real=0.00 secs] 
1709.533: [GC (Allocation Failure) [PSYoungGen: 69130K->1616K(69632K)] 397497K->329983K(757760K), 0.0017080 secs] [Times: user=0.01 sys=0.00, real=0.00 secs] 
1709.935: [GC (Allocation Failure) [PSYoungGen: 69200K->1520K(69632K)] 397567K->329887K(757760K), 0.0015198 secs] [Times: user=0.00 sys=0.00, real=0.00 secs] 
1710.886: [GC (Allocation Failure) [PSYoungGen: 69104K->1472K(69632K)] 397471K->329839K(757760K), 0.0039914 secs] [Times: user=0.01 sys=0.00, real=0.01 secs] 
1711.920: [GC (Allocation Failure) [PSYoungGen: 69056K->1408K(69632K)] 397423K->329775K(757760K), 0.0038583 secs] [Times: user=0.02 sys=0.00, real=0.00 secs] 
1712.618: [GC (Allocation Failure) [PSYoungGen: 68992K->1376K(69632K)] 397359K->329743K(757760K), 0.0030643 secs] [Times: user=0.01 sys=0.00, real=0.00 secs] 
1713.101: [GC (Allocation Failure) [PSYoungGen: 68960K->1376K(69632K)] 397327K->329743K(757760K), 0.0025182 secs] [Times: user=0.01 sys=0.00, real=0.00 secs] 
1713.744: [GC (Allocation Failure) [PSYoungGen: 68941K->1501K(69632K)] 397308K->329868K(757760K), 0.0014489 secs] [Times: user=0.00 sys=0.00, real=0.00 secs] 
1714.140: [GC (Allocation Failure) [PSYoungGen: 69085K->1520K(69632K)] 397452K->329887K(757760K), 0.0015004 secs] [Times: user=0.01 sys=0.00, real=0.00 secs] 
1714.547: [GC (Allocation Failure) [PSYoungGen: 69104K->1597K(69632K)] 397471K->329964K(757760K), 0.0017176 secs] [Times: user=0.01 sys=0.00, real=0.00 secs] 
1714.944: [GC (Allocation Failure) [PSYoungGen: 69181K->1552K(69632K)] 397548K->329935K(757760K), 0.0015788 secs] [Times: user=0.01 sys=0.00, real=0.00 secs] 
1715.309: [GC (Allocation Failure) [PSYoungGen: 69136K->1472K(69632K)] 397519K->329855K(757760K), 0.0018904 secs] [Times: user=0.01 sys=0.00, real=0.00 secs] 
1715.590: [GC (Allocation Failure) [PSYoungGen: 69056K->1360K(69632K)] 397439K->329743K(757760K), 0.0015959 secs] [Times: user=0.00 sys=0.00, real=0.00 secs] 
1715.871: [GC (Allocation Failure) [PSYoungGen: 68944K->1344K(69632K)] 397327K->329727K(757760K), 0.0017734 secs] [Times: user=0.01 sys=0.00, real=0.00 secs] 
1716.180: [GC (Allocation Failure) [PSYoungGen: 68928K->1456K(69632K)] 397311K->329847K(757760K), 0.0019392 secs] [Times: user=0.00 sys=0.00, real=0.00 secs] 
1716.559: [GC (Allocation Failure) [PSYoungGen: 69040K->1533K(69632K)] 397431K->329924K(757760K), 0.0015203 secs] [Times: user=0.01 sys=0.00, real=0.00 secs] 
1716.955: [GC (Allocation Failure) [PSYoungGen: 69117K->1552K(69632K)] 397508K->329943K(757760K), 0.0015533 secs] [Times: user=0.01 sys=0.00, real=0.01 secs] 
1717.354: [GC (Allocation Failure) [PSYoungGen: 69136K->1613K(69632K)] 397527K->330004K(757760K), 0.0015969 secs] [Times: user=0.01 sys=0.00, real=0.00 secs] 
1717.749: [GC (Allocation Failure) [PSYoungGen: 69197K->1568K(69632K)] 397588K->329975K(757760K), 0.0017509 secs] [Times: user=0.01 sys=0.00, real=0.00 secs] 
1718.136: [GC (Allocation Failure) [PSYoungGen: 69152K->1408K(69632K)] 397559K->329815K(757760K), 0.0017455 secs] [Times: user=0.01 sys=0.00, real=0.01 secs] 
1718.450: [GC (Allocation Failure) [PSYoungGen: 68992K->1408K(69632K)] 397399K->329815K(757760K), 0.0018125 secs] [Times: user=0.01 sys=0.00, real=0.00 secs] 
1718.762: [GC (Allocation Failure) [PSYoungGen: 68992K->1376K(69632K)] 397399K->329783K(757760K), 0.0024436 secs] [Times: user=0.01 sys=0.00, real=0.00 secs] 
1719.063: [GC (Allocation Failure) [PSYoungGen: 68960K->1376K(69632K)] 397367K->329807K(757760K), 0.0020540 secs] [Times: user=0.01 sys=0.00, real=0.00 secs] 
1719.494: [GC (Allocation Failure) [PSYoungGen: 68960K->1517K(69632K)] 397391K->329948K(757760K), 0.0017038 secs] [Times: user=0.01 sys=0.00, real=0.00 secs] 
1719.892: [GC (Allocation Failure) [PSYoungGen: 69101K->1552K(69632K)] 397532K->329983K(757760K), 0.0015571 secs] [Times: user=0.00 sys=0.00, real=0.00 secs] 
1720.291: [GC (Allocation Failure) [PSYoungGen: 69136K->1581K(69632K)] 397567K->330012K(757760K), 0.0016299 secs] [Times: user=0.01 sys=0.00, real=0.00 secs] 
1720.760: [GC (Allocation Failure) [PSYoungGen: 69165K->1568K(69632K)] 397596K->329999K(757760K), 0.0018089 secs] [Times: user=0.01 sys=0.00, real=0.00 secs] 
1721.149: [GC (Allocation Failure) [PSYoungGen: 69152K->1408K(69632K)] 397583K->329839K(757760K), 0.0019731 secs] [Times: user=0.00 sys=0.00, real=0.00 secs] 
1721.431: [GC (Allocation Failure) [PSYoungGen: 68992K->1376K(69632K)] 397423K->329807K(757760K), 0.0017289 secs] [Times: user=0.00 sys=0.00, real=0.00 secs] 
1721.758: [GC (Allocation Failure) [PSYoungGen: 68960K->1408K(69632K)] 397391K->329839K(757760K), 0.0019857 secs] [Times: user=0.01 sys=0.00, real=0.00 secs] 
1722.063: [GC (Allocation Failure) [PSYoungGen: 68992K->240K(69632K)] 397423K->328671K(757760K), 0.0018315 secs] [Times: user=0.00 sys=0.00, real=0.00 secs] 
1722.476: [GC (Allocation Failure) [PSYoungGen: 67824K->1597K(69632K)] 396255K->330028K(757760K), 0.0015580 secs] [Times: user=0.01 sys=0.00, real=0.01 secs] 
1722.870: [GC (Allocation Failure) [PSYoungGen: 69181K->1565K(69632K)] 397612K->329996K(757760K), 0.0017361 secs] [Times: user=0.01 sys=0.00, real=0.00 secs] 
1723.266: [GC (Allocation Failure) [PSYoungGen: 69149K->1568K(69632K)] 397580K->329999K(757760K), 0.0015729 secs] [Times: user=0.01 sys=0.00, real=0.01 secs] 
1723.640: [GC (Allocation Failure) [PSYoungGen: 69152K->1472K(69632K)] 397583K->329903K(757760K), 0.0016896 secs] [Times: user=0.01 sys=0.00, real=0.00 secs] 
1723.920: [GC (Allocation Failure) [PSYoungGen: 69056K->1376K(69632K)] 397487K->329807K(757760K), 0.0015127 secs] [Times: user=0.01 sys=0.00, real=0.00 secs] 
1724.200: [GC (Allocation Failure) [PSYoungGen: 68960K->1376K(69632K)] 397391K->329807K(757760K), 0.0015779 secs] [Times: user=0.00 sys=0.00, real=0.00 secs] 
1724.480: [GC (Allocation Failure) [PSYoungGen: 68960K->1408K(69632K)] 397391K->329839K(757760K), 0.0015464 secs] [Times: user=0.00 sys=0.00, real=0.00 secs] 
1725.037: [GC (GCLocker Initiated GC) [PSYoungGen: 68992K->1469K(69632K)] 397423K->329900K(757760K), 0.0015254 secs] [Times: user=0.00 sys=0.00, real=0.00 secs] 
1725.434: [GC (Allocation Failure) [PSYoungGen: 69053K->1517K(69632K)] 397742K->330206K(757760K), 0.0016854 secs] [Times: user=0.01 sys=0.00, real=0.00 secs] 
1725.830: [GC (Allocation Failure) [PSYoungGen: 69101K->1581K(69632K)] 397790K->330270K(757760K), 0.0015404 secs] [Times: user=0.01 sys=0.00, real=0.00 secs] 
1726.224: [GC (Allocation Failure) [PSYoungGen: 69165K->1549K(69632K)] 397854K->330246K(757760K), 0.0015632 secs] [Times: user=0.01 sys=0.00, real=0.00 secs] 
1726.830: [GC (Allocation Failure) [PSYoungGen: 69133K->1536K(69632K)] 397830K->330233K(757760K), 0.0021872 secs] [Times: user=0.00 sys=0.00, real=0.00 secs] 
1727.111: [GC (Allocation Failure) [PSYoungGen: 69120K->1440K(69632K)] 397817K->330137K(757760K), 0.0019369 secs] [Times: user=0.01 sys=0.00, real=0.00 secs] 
1727.392: [GC (Allocation Failure) [PSYoungGen: 69024K->1392K(69632K)] 397721K->330089K(757760K), 0.0018715 secs] [Times: user=0.01 sys=0.00, real=0.00 secs] 
1727.689: [GC (Allocation Failure) [PSYoungGen: 68976K->1424K(69632K)] 397673K->330121K(757760K), 0.0019005 secs] [Times: user=0.01 sys=0.00, real=0.00 secs] 
1728.076: [GC (Allocation Failure) [PSYoungGen: 68991K->1549K(69632K)] 397688K->330246K(757760K), 0.0014749 secs] [Times: user=0.00 sys=0.00, real=0.01 secs] 
1728.471: [GC (Allocation Failure) [PSYoungGen: 69133K->1597K(69632K)] 397830K->330294K(757760K), 0.0015476 secs] [Times: user=0.01 sys=0.00, real=0.00 secs] 
1728.866: [GC (Allocation Failure) [PSYoungGen: 69181K->1613K(69632K)] 397878K->330334K(757760K), 0.0017263 secs] [Times: user=0.00 sys=0.00, real=0.01 secs] 
1729.267: [GC (Allocation Failure) [PSYoungGen: 69197K->1581K(69632K)] 397918K->330318K(757760K), 0.0015443 secs] [Times: user=0.01 sys=0.00, real=0.00 secs] 
1729.677: [GC (Allocation Failure) [PSYoungGen: 69165K->1456K(69632K)] 397902K->330193K(757760K), 0.0020531 secs] [Times: user=0.00 sys=0.00, real=0.01 secs] 
1730.029: [GC (Allocation Failure) [PSYoungGen: 69040K->1440K(69632K)] 397777K->330177K(757760K), 0.0017929 secs] [Times: user=0.01 sys=0.00, real=0.00 secs] 
1730.321: [GC (Allocation Failure) [PSYoungGen: 69024K->1392K(69632K)] 397761K->330129K(757760K), 0.0018967 secs] [Times: user=0.00 sys=0.00, real=0.00 secs] 
1730.602: [GC (Allocation Failure) [PSYoungGen: 68976K->1376K(69632K)] 397713K->330161K(757760K), 0.0017675 secs] [Times: user=0.01 sys=0.00, real=0.00 secs] 
1731.074: [GC (Allocation Failure) [PSYoungGen: 68960K->1533K(69632K)] 397745K->330326K(757760K), 0.0015033 secs] [Times: user=0.00 sys=0.00, real=0.00 secs] 
1731.467: [GC (Allocation Failure) [PSYoungGen: 69117K->1517K(69632K)] 397910K->330310K(757760K), 0.0017038 secs] [Times: user=0.01 sys=0.00, real=0.00 secs] 
1731.862: [GC (Allocation Failure) [PSYoungGen: 69101K->1616K(69632K)] 397894K->330409K(757760K), 0.0015569 secs] [Times: user=0.00 sys=0.00, real=0.00 secs] 
1732.304: [GC (Allocation Failure) [PSYoungGen: 69200K->1792K(69632K)] 397993K->330593K(757760K), 0.0018053 secs] [Times: user=0.01 sys=0.00, real=0.00 secs] 
1732.598: [GC (Allocation Failure) [PSYoungGen: 69376K->1376K(69632K)] 398177K->330177K(757760K), 0.0017644 secs] [Times: user=0.01 sys=0.00, real=0.00 secs] 
1733.023: [GC (Allocation Failure) [PSYoungGen: 68960K->1392K(69632K)] 397761K->330193K(757760K), 0.0026351 secs] [Times: user=0.01 sys=0.00, real=0.00 secs] 
1733.434: [GC (Allocation Failure) [PSYoungGen: 68976K->1408K(69632K)] 397777K->330209K(757760K), 0.0027190 secs] [Times: user=0.01 sys=0.00, real=0.00 secs] 
1733.975: [GC (Allocation Failure) [PSYoungGen: 68992K->1408K(69632K)] 397793K->330209K(757760K), 0.0026611 secs] [Times: user=0.01 sys=0.00, real=0.01 secs] 
1734.457: [GC (Allocation Failure) [PSYoungGen: 68992K->1597K(69632K)] 397793K->330398K(757760K), 0.0015903 secs] [Times: user=0.01 sys=0.00, real=0.00 secs] 
1734.861: [GC (Allocation Failure) [PSYoungGen: 69181K->1581K(69632K)] 397982K->330382K(757760K), 0.0015225 secs] [Times: user=0.01 sys=0.00, real=0.00 secs] 
1735.320: [GC (Allocation Failure) [PSYoungGen: 69165K->1597K(69632K)] 397966K->330398K(757760K), 0.0018163 secs] [Times: user=0.01 sys=0.00, real=0.00 secs] 
1736.129: [GC (Allocation Failure) [PSYoungGen: 69181K->1488K(69632K)] 397982K->330289K(757760K), 0.0033109 secs] [Times: user=0.02 sys=0.00, real=0.00 secs] 
1736.859: [GC (Allocation Failure) [PSYoungGen: 69072K->1376K(69632K)] 397873K->330177K(757760K), 0.0022904 secs] [Times: user=0.01 sys=0.00, real=0.00 secs] 
1737.425: [GC (Allocation Failure) [PSYoungGen: 68960K->1408K(69632K)] 397761K->330209K(757760K), 0.0018673 secs] [Times: user=0.01 sys=0.00, real=0.00 secs] 
1737.739: [GC (Allocation Failure) [PSYoungGen: 68992K->1376K(69632K)] 397793K->330177K(757760K), 0.0018468 secs] [Times: user=0.01 sys=0.00, real=0.00 secs] 
1738.240: [GC (Allocation Failure) [PSYoungGen: 68960K->1488K(69632K)] 397761K->330289K(757760K), 0.0018060 secs] [Times: user=0.01 sys=0.00, real=0.00 secs] 
1738.652: [GC (Allocation Failure) [PSYoungGen: 69072K->1581K(69632K)] 397873K->330382K(757760K), 0.0017100 secs] [Times: user=0.00 sys=0.00, real=0.00 secs] 
1739.047: [GC (Allocation Failure) [PSYoungGen: 69163K->1581K(69632K)] 397964K->330382K(757760K), 0.0015439 secs] [Times: user=0.00 sys=0.00, real=0.00 secs] 
1739.450: [GC (Allocation Failure) [PSYoungGen: 69165K->1568K(69632K)] 397966K->330377K(757760K), 0.0016643 secs] [Times: user=0.01 sys=0.00, real=0.00 secs] 
1739.889: [GC (Allocation Failure) [PSYoungGen: 69152K->1408K(69632K)] 397961K->330225K(757760K), 0.0018210 secs] [Times: user=0.01 sys=0.00, real=0.00 secs] 
1740.170: [GC (Allocation Failure) [PSYoungGen: 68992K->1376K(69632K)] 397809K->330193K(757760K), 0.0017546 secs] [Times: user=0.01 sys=0.00, real=0.00 secs] 
1740.506: [GC (Allocation Failure) [PSYoungGen: 68960K->1344K(69632K)] 397777K->330177K(757760K), 0.0016414 secs] [Times: user=0.01 sys=0.00, real=0.01 secs] 
1740.787: [GC (Allocation Failure) [PSYoungGen: 68928K->1344K(69632K)] 397761K->330177K(757760K), 0.0016927 secs] [Times: user=0.01 sys=0.00, real=0.00 secs] 
1741.135: [GC (Allocation Failure) [PSYoungGen: 68928K->1453K(69632K)] 397761K->330286K(757760K), 0.0016168 secs] [Times: user=0.01 sys=0.00, real=0.00 secs] 
1741.531: [GC (Allocation Failure) [PSYoungGen: 69037K->1565K(69632K)] 397870K->330398K(757760K), 0.0017340 secs] [Times: user=0.01 sys=0.00, real=0.00 secs] 
1741.927: [GC (Allocation Failure) [PSYoungGen: 69149K->1565K(69632K)] 397982K->330398K(757760K), 0.0017368 secs] [Times: user=0.01 sys=0.00, real=0.00 secs] 
1742.323: [GC (Allocation Failure) [PSYoungGen: 69149K->1565K(69632K)] 397982K->330406K(757760K), 0.0015506 secs] [Times: user=0.00 sys=0.00, real=0.00 secs] 
1743.049: [GC (Allocation Failure) [PSYoungGen: 69149K->1408K(69632K)] 397990K->330249K(757760K), 0.0020512 secs] [Times: user=0.01 sys=0.00, real=0.00 secs] 
1743.676: [GC (Allocation Failure) [PSYoungGen: 68992K->1376K(69632K)] 397833K->330217K(757760K), 0.0018509 secs] [Times: user=0.00 sys=0.00, real=0.01 secs] 
1744.310: [GC (Allocation Failure) [PSYoungGen: 68960K->1392K(69632K)] 397801K->330233K(757760K), 0.0037250 secs] [Times: user=0.01 sys=0.00, real=0.00 secs] 
1745.238: [GC (Allocation Failure) [PSYoungGen: 68976K->1408K(69632K)] 397817K->330249K(757760K), 0.0031826 secs] [Times: user=0.01 sys=0.00, real=0.00 secs] 
1745.856: [GC (Allocation Failure) [PSYoungGen: 68982K->1536K(69632K)] 397823K->330377K(757760K), 0.0014483 secs] [Times: user=0.01 sys=0.00, real=0.01 secs] 
1746.252: [GC (Allocation Failure) [PSYoungGen: 69120K->1565K(69632K)] 397961K->330406K(757760K), 0.0016054 secs] [Times: user=0.01 sys=0.00, real=0.00 secs] 
1746.645: [GC (Allocation Failure) [PSYoungGen: 69149K->1584K(69632K)] 397990K->330425K(757760K), 0.0015702 secs] [Times: user=0.01 sys=0.00, real=0.01 secs] 
1747.039: [GC (GCLocker Initiated GC) [PSYoungGen: 69168K->1549K(69632K)] 398009K->330398K(757760K), 0.0015585 secs] [Times: user=0.01 sys=0.00, real=0.00 secs] 
1748.084: [GC (Allocation Failure) [PSYoungGen: 69133K->1472K(69632K)] 397985K->330324K(757760K), 0.0027628 secs] [Times: user=0.01 sys=0.00, real=0.01 secs] 
1748.674: [GC (Allocation Failure) [PSYoungGen: 69056K->1408K(69632K)] 397908K->330260K(757760K), 0.0022360 secs] [Times: user=0.01 sys=0.00, real=0.00 secs] 
1749.307: [GC (Allocation Failure) [PSYoungGen: 68992K->1376K(69632K)] 397844K->330228K(757760K), 0.0033249 secs] [Times: user=0.01 sys=0.00, real=0.00 secs] 
1749.704: [GC (Allocation Failure) [PSYoungGen: 68960K->1344K(69632K)] 397812K->330196K(757760K), 0.0020068 secs] [Times: user=0.01 sys=0.00, real=0.00 secs] 
1750.122: [GC (Allocation Failure) [PSYoungGen: 68928K->1536K(69632K)] 397780K->330388K(757760K), 0.0017031 secs] [Times: user=0.00 sys=0.00, real=0.00 secs] 
1750.518: [GC (Allocation Failure) [PSYoungGen: 69120K->1648K(69632K)] 397972K->330500K(757760K), 0.0015826 secs] [Times: user=0.01 sys=0.00, real=0.00 secs] 
1750.913: [GC (Allocation Failure) [PSYoungGen: 69229K->1616K(69632K)] 398082K->330468K(757760K), 0.0016381 secs] [Times: user=0.01 sys=0.00, real=0.00 secs] 
1751.363: [GC (Allocation Failure) [PSYoungGen: 69200K->1568K(69632K)] 398052K->330420K(757760K), 0.0020284 secs] [Times: user=0.01 sys=0.00, real=0.00 secs] 
1751.705: [GC (Allocation Failure) [PSYoungGen: 69152K->1440K(69632K)] 398004K->330308K(757760K), 0.0017974 secs] [Times: user=0.00 sys=0.00, real=0.01 secs] 
1751.995: [GC (Allocation Failure) [PSYoungGen: 69024K->1440K(69632K)] 397892K->330308K(757760K), 0.0020511 secs] [Times: user=0.01 sys=0.01, real=0.00 secs] 
1752.291: [GC (Allocation Failure) [PSYoungGen: 69024K->1408K(69632K)] 397892K->330276K(757760K), 0.0024505 secs] [Times: user=0.01 sys=0.00, real=0.00 secs] 
1752.889: [GC (Allocation Failure) [PSYoungGen: 68992K->1469K(69632K)] 397860K->330337K(757760K), 0.0021124 secs] [Times: user=0.01 sys=0.00, real=0.00 secs] 
1753.311: [GC (Allocation Failure) [PSYoungGen: 69053K->1616K(69632K)] 397921K->330484K(757760K), 0.0018685 secs] [Times: user=0.01 sys=0.00, real=0.00 secs] 
1753.705: [GC (Allocation Failure) [PSYoungGen: 69200K->1648K(69632K)] 398068K->330516K(757760K), 0.0016319 secs] [Times: user=0.00 sys=0.00, real=0.01 secs] 
1754.104: [GC (Allocation Failure) [PSYoungGen: 69232K->1584K(69632K)] 398100K->330452K(757760K), 0.0015758 secs] [Times: user=0.01 sys=0.00, real=0.00 secs] 
1755.242: [GC (Allocation Failure) [PSYoungGen: 69168K->1472K(69632K)] 398036K->330404K(757760K), 0.0044310 secs] [Times: user=0.02 sys=0.01, real=0.01 secs] 
1756.147: [GC (Allocation Failure) [PSYoungGen: 69056K->1408K(69632K)] 397988K->330340K(757760K), 0.0039749 secs] [Times: user=0.02 sys=0.00, real=0.01 secs] 
1756.715: [GC (Allocation Failure) [PSYoungGen: 68992K->1408K(69632K)] 397924K->330340K(757760K), 0.0030172 secs] [Times: user=0.01 sys=0.00, real=0.01 secs] 
1757.364: [GC (Allocation Failure) [PSYoungGen: 68992K->1408K(69632K)] 397924K->330340K(757760K), 0.0037842 secs] [Times: user=0.01 sys=0.00, real=0.01 secs] 
1757.833: [GC (Allocation Failure) [PSYoungGen: 68992K->1533K(69632K)] 397924K->330465K(757760K), 0.0014407 secs] [Times: user=0.01 sys=0.00, real=0.00 secs] 
1758.291: [GC (Allocation Failure) [PSYoungGen: 69117K->1581K(69632K)] 398049K->330513K(757760K), 0.0015733 secs] [Times: user=0.01 sys=0.00, real=0.00 secs] 
1758.688: [GC (Allocation Failure) [PSYoungGen: 69165K->1613K(69632K)] 398097K->330545K(757760K), 0.0018441 secs] [Times: user=0.00 sys=0.00, real=0.00 secs] 
1759.090: [GC (Allocation Failure) [PSYoungGen: 69197K->1581K(69632K)] 398129K->330521K(757760K), 0.0015720 secs] [Times: user=0.01 sys=0.00, real=0.00 secs] 
1759.809: [GC (Allocation Failure) [PSYoungGen: 69165K->1440K(69632K)] 398105K->330380K(757760K), 0.0027324 secs] [Times: user=0.02 sys=0.00, real=0.00 secs] 
1760.411: [GC (Allocation Failure) [PSYoungGen: 69024K->1408K(69632K)] 397964K->330348K(757760K), 0.0038627 secs] [Times: user=0.01 sys=0.00, real=0.00 secs] 
1761.323: [GC (Allocation Failure) [PSYoungGen: 68992K->1408K(69632K)] 397932K->330348K(757760K), 0.0038461 secs] [Times: user=0.02 sys=0.00, real=0.01 secs] 
1761.977: [GC (Allocation Failure) [PSYoungGen: 68992K->1376K(69632K)] 397932K->330316K(757760K), 0.0032437 secs] [Times: user=0.01 sys=0.00, real=0.01 secs] 
1762.609: [GC (Allocation Failure) [PSYoungGen: 68946K->1565K(69632K)] 397886K->330521K(757760K), 0.0015301 secs] [Times: user=0.01 sys=0.00, real=0.00 secs] 
1763.066: [GC (Allocation Failure) [PSYoungGen: 69149K->1552K(69632K)] 398105K->330508K(757760K), 0.0016012 secs] [Times: user=0.00 sys=0.00, real=0.01 secs] 
1763.461: [GC (Allocation Failure) [PSYoungGen: 69136K->1549K(69632K)] 398092K->330505K(757760K), 0.0015902 secs] [Times: user=0.00 sys=0.00, real=0.00 secs] 
1763.910: [GC (Allocation Failure) [PSYoungGen: 69133K->1581K(69632K)] 398089K->330553K(757760K), 0.0015958 secs] [Times: user=0.00 sys=0.00, real=0.00 secs] 
1764.745: [GC (Allocation Failure) [PSYoungGen: 69165K->1440K(69632K)] 398137K->330412K(757760K), 0.0032140 secs] [Times: user=0.01 sys=0.00, real=0.01 secs] 
1765.080: [GC (Allocation Failure) [PSYoungGen: 69024K->1424K(69632K)] 397996K->330396K(757760K), 0.0017850 secs] [Times: user=0.01 sys=0.00, real=0.00 secs] 
1765.492: [GC (Allocation Failure) [PSYoungGen: 69008K->1376K(69632K)] 397980K->330348K(757760K), 0.0025428 secs] [Times: user=0.00 sys=0.00, real=0.00 secs] 
1766.021: [GC (Allocation Failure) [PSYoungGen: 68960K->1408K(69632K)] 397932K->330380K(757760K), 0.0020247 secs] [Times: user=0.01 sys=0.00, real=0.00 secs] 
1766.605: [GC (Allocation Failure) [PSYoungGen: 68989K->1581K(69632K)] 397962K->330553K(757760K), 0.0015535 secs] [Times: user=0.01 sys=0.00, real=0.00 secs] 
1767.004: [GC (Allocation Failure) [PSYoungGen: 69165K->1613K(69632K)] 398137K->330585K(757760K), 0.0015645 secs] [Times: user=0.01 sys=0.00, real=0.00 secs] 
1767.398: [GC (Allocation Failure) [PSYoungGen: 69197K->1613K(69632K)] 398169K->330585K(757760K), 0.0015937 secs] [Times: user=0.00 sys=0.00, real=0.00 secs] 
1767.808: [GC (Allocation Failure) [PSYoungGen: 69197K->1984K(69632K)] 398169K->330956K(757760K), 0.0018506 secs] [Times: user=0.01 sys=0.00, real=0.00 secs] 
1768.099: [GC (Allocation Failure) [PSYoungGen: 69568K->1376K(69632K)] 398540K->330348K(757760K), 0.0022544 secs] [Times: user=0.01 sys=0.00, real=0.00 secs] 
1768.373: [GC (Allocation Failure) [PSYoungGen: 68960K->1408K(69632K)] 397932K->330380K(757760K), 0.0018083 secs] [Times: user=0.01 sys=0.00, real=0.00 secs] 
1768.701: [GC (Allocation Failure) [PSYoungGen: 68992K->1408K(69632K)] 397964K->330380K(757760K), 0.0017615 secs] [Times: user=0.00 sys=0.00, real=0.00 secs] 
1769.380: [GC (Allocation Failure) [PSYoungGen: 68992K->1408K(69632K)] 397964K->330380K(757760K), 0.0039265 secs] [Times: user=0.01 sys=0.00, real=0.00 secs] 
1769.948: [GC (Allocation Failure) [PSYoungGen: 68992K->1597K(69632K)] 397964K->330569K(757760K), 0.0017491 secs] [Times: user=0.01 sys=0.00, real=0.00 secs] 
1770.407: [GC (Allocation Failure) [PSYoungGen: 69181K->1581K(69632K)] 398153K->330577K(757760K), 0.0015584 secs] [Times: user=0.01 sys=0.00, real=0.01 secs] 
1770.802: [GC (Allocation Failure) [PSYoungGen: 69165K->1565K(69632K)] 398161K->330561K(757760K), 0.0016875 secs] [Times: user=0.01 sys=0.00, real=0.00 secs] 
1771.372: [GC (Allocation Failure) [PSYoungGen: 69149K->1472K(69632K)] 398145K->330468K(757760K), 0.0020887 secs] [Times: user=0.01 sys=0.00, real=0.00 secs] 
1771.653: [GC (Allocation Failure) [PSYoungGen: 69056K->1376K(69632K)] 398052K->330372K(757760K), 0.0018082 secs] [Times: user=0.01 sys=0.00, real=0.00 secs] 
1771.934: [GC (Allocation Failure) [PSYoungGen: 68960K->1424K(69632K)] 397956K->330420K(757760K), 0.0019678 secs] [Times: user=0.01 sys=0.00, real=0.00 secs] 
1772.289: [GC (Allocation Failure) [PSYoungGen: 69008K->1376K(69632K)] 398004K->330372K(757760K), 0.0020652 secs] [Times: user=0.00 sys=0.00, real=0.00 secs] 
1772.657: [GC (Allocation Failure) [PSYoungGen: 68960K->1501K(69632K)] 397956K->330497K(757760K), 0.0014651 secs] [Times: user=0.00 sys=0.00, real=0.01 secs] 
1773.052: [GC (Allocation Failure) [PSYoungGen: 69085K->1565K(69632K)] 398081K->330561K(757760K), 0.0015578 secs] [Times: user=0.01 sys=0.00, real=0.00 secs] 
1773.447: [GC (Allocation Failure) [PSYoungGen: 69149K->1597K(69632K)] 398145K->330601K(757760K), 0.0015407 secs] [Times: user=0.01 sys=0.00, real=0.00 secs] 
1773.845: [GC (Allocation Failure) [PSYoungGen: 69181K->1584K(69632K)] 398185K->330604K(757760K), 0.0016067 secs] [Times: user=0.01 sys=0.00, real=0.01 secs] 
1774.640: [GC (Allocation Failure) [PSYoungGen: 69168K->1456K(69632K)] 398188K->330476K(757760K), 0.0019169 secs] [Times: user=0.00 sys=0.00, real=0.00 secs] 
1775.506: [GC (Allocation Failure) [PSYoungGen: 69040K->1440K(69632K)] 398060K->330460K(757760K), 0.0020770 secs] [Times: user=0.01 sys=0.00, real=0.01 secs] 
1776.215: [GC (Allocation Failure) [PSYoungGen: 69024K->1440K(69632K)] 398044K->330460K(757760K), 0.0019685 secs] [Times: user=0.01 sys=0.00, real=0.01 secs] 
1776.863: [GC (Allocation Failure) [PSYoungGen: 69024K->1440K(69632K)] 398044K->330460K(757760K), 0.0018254 secs] [Times: user=0.01 sys=0.00, real=0.00 secs] 
1777.587: [GC (Allocation Failure) [PSYoungGen: 69004K->1520K(69632K)] 398024K->330540K(757760K), 0.0014926 secs] [Times: user=0.00 sys=0.00, real=0.00 secs] 
1778.045: [GC (Allocation Failure) [PSYoungGen: 69104K->1549K(69632K)] 398124K->330569K(757760K), 0.0016016 secs] [Times: user=0.01 sys=0.01, real=0.00 secs] 
1778.501: [GC (Allocation Failure) [PSYoungGen: 69133K->1552K(69632K)] 398153K->330572K(757760K), 0.0016658 secs] [Times: user=0.01 sys=0.00, real=0.00 secs] 
1778.957: [GC (Allocation Failure) [PSYoungGen: 69136K->1552K(69632K)] 398156K->330588K(757760K), 0.0017151 secs] [Times: user=0.01 sys=0.00, real=0.01 secs] 
1779.619: [GC (Allocation Failure) [PSYoungGen: 69136K->1456K(69632K)] 398172K->330492K(757760K), 0.0038144 secs] [Times: user=0.01 sys=0.00, real=0.00 secs] 
1780.280: [GC (Allocation Failure) [PSYoungGen: 69040K->1376K(69632K)] 398076K->330412K(757760K), 0.0037626 secs] [Times: user=0.01 sys=0.00, real=0.00 secs] 
1780.885: [GC (Allocation Failure) [PSYoungGen: 68960K->1376K(69632K)] 397996K->330412K(757760K), 0.0030303 secs] [Times: user=0.01 sys=0.00, real=0.01 secs] 
1781.509: [GC (Allocation Failure) [PSYoungGen: 68960K->1408K(69632K)] 397996K->330444K(757760K), 0.0032110 secs] [Times: user=0.02 sys=0.00, real=0.00 secs] 
1782.092: [GC (Allocation Failure) [PSYoungGen: 68992K->1517K(69632K)] 398028K->330553K(757760K), 0.0015110 secs] [Times: user=0.01 sys=0.00, real=0.00 secs] 
1782.487: [GC (Allocation Failure) [PSYoungGen: 69101K->1581K(69632K)] 398137K->330641K(757760K), 0.0015689 secs] [Times: user=0.01 sys=0.00, real=0.01 secs] 
1782.954: [GC (Allocation Failure) [PSYoungGen: 69165K->1549K(69632K)] 398225K->330609K(757760K), 0.0015890 secs] [Times: user=0.01 sys=0.00, real=0.00 secs] 
1783.408: [GC (Allocation Failure) [PSYoungGen: 69133K->1584K(69632K)] 398193K->330644K(757760K), 0.0018100 secs] [Times: user=0.01 sys=0.00, real=0.00 secs] 
1784.154: [GC (Allocation Failure) [PSYoungGen: 69168K->1440K(69632K)] 398228K->330500K(757760K), 0.0027302 secs] [Times: user=0.01 sys=0.01, real=0.00 secs] 
1785.173: [GC (Allocation Failure) [PSYoungGen: 69024K->1408K(69632K)] 398084K->330468K(757760K), 0.0042839 secs] [Times: user=0.02 sys=0.00, real=0.01 secs] 
1786.099: [GC (Allocation Failure) [PSYoungGen: 68992K->1376K(69632K)] 398052K->330436K(757760K), 0.0037105 secs] [Times: user=0.02 sys=0.00, real=0.00 secs] 
1786.867: [GC (Allocation Failure) [PSYoungGen: 68960K->1408K(69632K)] 398020K->330468K(757760K), 0.0041246 secs] [Times: user=0.02 sys=0.01, real=0.00 secs] 
1787.548: [GC (Allocation Failure) [PSYoungGen: 68989K->1613K(69632K)] 398049K->330673K(757760K), 0.0015714 secs] [Times: user=0.00 sys=0.00, real=0.00 secs] 
1787.946: [GC (Allocation Failure) [PSYoungGen: 69197K->1565K(69632K)] 398257K->330625K(757760K), 0.0015859 secs] [Times: user=0.00 sys=0.00, real=0.01 secs] 
1788.341: [GC (Allocation Failure) [PSYoungGen: 69149K->1549K(69632K)] 398209K->330609K(757760K), 0.0016021 secs] [Times: user=0.01 sys=0.00, real=0.00 secs] 
1788.745: [GC (Allocation Failure) [PSYoungGen: 69133K->1472K(69632K)] 398193K->330532K(757760K), 0.0017052 secs] [Times: user=0.01 sys=0.00, real=0.01 secs] 
1789.026: [GC (Allocation Failure) [PSYoungGen: 69056K->1376K(69632K)] 398116K->330436K(757760K), 0.0015694 secs] [Times: user=0.01 sys=0.00, real=0.01 secs] 
1789.389: [GC (Allocation Failure) [PSYoungGen: 68960K->1376K(69632K)] 398020K->330436K(757760K), 0.0019590 secs] [Times: user=0.01 sys=0.00, real=0.00 secs] 
1789.693: [GC (Allocation Failure) [PSYoungGen: 68960K->1344K(69632K)] 398020K->330404K(757760K), 0.0029071 secs] [Times: user=0.01 sys=0.00, real=0.00 secs] 
1790.036: [GC (Allocation Failure) [PSYoungGen: 68928K->1485K(69632K)] 397988K->330545K(757760K), 0.0014497 secs] [Times: user=0.00 sys=0.00, real=0.01 secs] 
1790.493: [GC (Allocation Failure) [PSYoungGen: 69069K->1581K(69632K)] 398129K->330641K(757760K), 0.0016099 secs] [Times: user=0.01 sys=0.00, real=0.00 secs] 
1790.888: [GC (Allocation Failure) [PSYoungGen: 69165K->1581K(69632K)] 398225K->330641K(757760K), 0.0016223 secs] [Times: user=0.00 sys=0.00, real=0.00 secs] 
1791.282: [GC (Allocation Failure) [PSYoungGen: 69165K->1616K(69632K)] 398225K->330708K(757760K), 0.0016938 secs] [Times: user=0.01 sys=0.00, real=0.00 secs] 
1791.790: [GC (Allocation Failure) [PSYoungGen: 69200K->1472K(69632K)] 398292K->330564K(757760K), 0.0028877 secs] [Times: user=0.01 sys=0.00, real=0.00 secs] 
1792.069: [GC (Allocation Failure) [PSYoungGen: 69056K->1408K(69632K)] 398148K->330500K(757760K), 0.0018859 secs] [Times: user=0.01 sys=0.00, real=0.00 secs] 
1792.357: [GC (Allocation Failure) [PSYoungGen: 68992K->1392K(69632K)] 398084K->330484K(757760K), 0.0019718 secs] [Times: user=0.01 sys=0.00, real=0.00 secs] 
1792.639: [GC (Allocation Failure) [PSYoungGen: 68976K->1344K(69632K)] 398068K->330436K(757760K), 0.0026331 secs] [Times: user=0.01 sys=0.00, real=0.00 secs] 
1793.090: [GC (Allocation Failure) [PSYoungGen: 68928K->1485K(69632K)] 398020K->330577K(757760K), 0.0014873 secs] [Times: user=0.00 sys=0.00, real=0.00 secs] 
1793.485: [GC (Allocation Failure) [PSYoungGen: 69069K->1565K(69632K)] 398161K->330657K(757760K), 0.0015511 secs] [Times: user=0.01 sys=0.00, real=0.00 secs] 
1793.880: [GC (Allocation Failure) [PSYoungGen: 69149K->1549K(69632K)] 398241K->330641K(757760K), 0.0015624 secs] [Times: user=0.00 sys=0.00, real=0.00 secs] 
1794.275: [GC (Allocation Failure) [PSYoungGen: 69133K->1565K(69632K)] 398225K->330673K(757760K), 0.0016329 secs] [Times: user=0.01 sys=0.00, real=0.01 secs] 
1794.855: [GC (Allocation Failure) [PSYoungGen: 69149K->1456K(69632K)] 398257K->330564K(757760K), 0.0019520 secs] [Times: user=0.01 sys=0.00, real=0.01 secs] 
1795.150: [GC (Allocation Failure) [PSYoungGen: 69040K->1408K(69632K)] 398148K->330516K(757760K), 0.0017663 secs] [Times: user=0.01 sys=0.00, real=0.00 secs] 
1795.431: [GC (Allocation Failure) [PSYoungGen: 68992K->1392K(69632K)] 398100K->330500K(757760K), 0.0016999 secs] [Times: user=0.01 sys=0.00, real=0.00 secs] 
1795.775: [GC (Allocation Failure) [PSYoungGen: 68976K->1408K(69632K)] 398084K->330516K(757760K), 0.0020125 secs] [Times: user=0.01 sys=0.00, real=0.00 secs] 
1796.157: [GC (Allocation Failure) [PSYoungGen: 68992K->1533K(69632K)] 398100K->330641K(757760K), 0.0014909 secs] [Times: user=0.01 sys=0.00, real=0.00 secs] 
1796.561: [GC (Allocation Failure) [PSYoungGen: 69117K->1581K(69632K)] 398225K->330689K(757760K), 0.0017936 secs] [Times: user=0.01 sys=0.00, real=0.00 secs] 
1796.958: [GC (Allocation Failure) [PSYoungGen: 69165K->1584K(69632K)] 398273K->330692K(757760K), 0.0015707 secs] [Times: user=0.01 sys=0.00, real=0.00 secs] 
1797.357: [GC (Allocation Failure) [PSYoungGen: 69168K->1581K(69632K)] 398276K->330705K(757760K), 0.0015533 secs] [Times: user=0.01 sys=0.00, real=0.01 secs] 
1798.005: [GC (Allocation Failure) [PSYoungGen: 69165K->1440K(69632K)] 398289K->330564K(757760K), 0.0019228 secs] [Times: user=0.01 sys=0.00, real=0.01 secs] 
1798.560: [GC (Allocation Failure) [PSYoungGen: 69024K->1376K(69632K)] 398148K->330500K(757760K), 0.0019521 secs] [Times: user=0.00 sys=0.00, real=0.00 secs] 
1798.952: [GC (Allocation Failure) [PSYoungGen: 68960K->1408K(69632K)] 398084K->330532K(757760K), 0.0019888 secs] [Times: user=0.01 sys=0.00, real=0.00 secs] 
1799.664: [GC (Allocation Failure) [PSYoungGen: 68992K->1440K(69632K)] 398116K->330564K(757760K), 0.0022764 secs] [Times: user=0.01 sys=0.00, real=0.00 secs] 
1800.191: [GC (Allocation Failure) [PSYoungGen: 68997K->1565K(69632K)] 398121K->330713K(757760K), 0.0015759 secs] [Times: user=0.00 sys=0.00, real=0.00 secs] 
1800.591: [GC (Allocation Failure) [PSYoungGen: 69149K->1549K(69632K)] 398297K->330697K(757760K), 0.0018365 secs] [Times: user=0.00 sys=0.00, real=0.00 secs] 
1800.987: [GC (Allocation Failure) [PSYoungGen: 69133K->1581K(69632K)] 398281K->330729K(757760K), 0.0015480 secs] [Times: user=0.01 sys=0.00, real=0.01 secs] 
1801.420: [GC (Allocation Failure) [PSYoungGen: 69165K->1568K(69632K)] 398313K->330716K(757760K), 0.0017169 secs] [Times: user=0.01 sys=0.00, real=0.00 secs] 
1801.975: [GC (Allocation Failure) [PSYoungGen: 69152K->1440K(69632K)] 398300K->330588K(757760K), 0.0026729 secs] [Times: user=0.01 sys=0.00, real=0.01 secs] 
1802.271: [GC (Allocation Failure) [PSYoungGen: 69024K->1408K(69632K)] 398172K->330556K(757760K), 0.0019751 secs] [Times: user=0.01 sys=0.00, real=0.00 secs] 
1802.552: [GC (Allocation Failure) [PSYoungGen: 68992K->1392K(69632K)] 398140K->330540K(757760K), 0.0018194 secs] [Times: user=0.00 sys=0.00, real=0.00 secs] 
1802.885: [GC (Allocation Failure) [PSYoungGen: 68955K->1392K(69632K)] 398103K->330540K(757760K), 0.0018352 secs] [Times: user=0.01 sys=0.00, real=0.00 secs] 
1803.282: [GC (Allocation Failure) [PSYoungGen: 68976K->1552K(69632K)] 398124K->330700K(757760K), 0.0015838 secs] [Times: user=0.00 sys=0.00, real=0.00 secs] 
1803.676: [GC (Allocation Failure) [PSYoungGen: 69136K->1616K(69632K)] 398284K->330764K(757760K), 0.0015193 secs] [Times: user=0.01 sys=0.00, real=0.01 secs] 
1804.072: [GC (Allocation Failure) [PSYoungGen: 69200K->1549K(69632K)] 398348K->330697K(757760K), 0.0015358 secs] [Times: user=0.01 sys=0.00, real=0.00 secs] 
1805.123: [GC (Allocation Failure) [PSYoungGen: 69133K->1472K(69632K)] 398281K->330628K(757760K), 0.0030706 secs] [Times: user=0.01 sys=0.00, real=0.00 secs] 
1805.725: [GC (Allocation Failure) [PSYoungGen: 69056K->1408K(69632K)] 398212K->330564K(757760K), 0.0028048 secs] [Times: user=0.01 sys=0.00, real=0.01 secs] 
1806.219: [GC (Allocation Failure) [PSYoungGen: 68992K->1376K(69632K)] 398148K->330532K(757760K), 0.0022940 secs] [Times: user=0.01 sys=0.00, real=0.00 secs] 
1806.500: [GC (Allocation Failure) [PSYoungGen: 68960K->1376K(69632K)] 398116K->330532K(757760K), 0.0019335 secs] [Times: user=0.01 sys=0.00, real=0.00 secs] 
1806.825: [GC (Allocation Failure) [PSYoungGen: 68960K->1488K(69632K)] 398116K->330644K(757760K), 0.0014641 secs] [Times: user=0.00 sys=0.00, real=0.00 secs] 
1807.220: [GC (Allocation Failure) [PSYoungGen: 69069K->1584K(69632K)] 398225K->330740K(757760K), 0.0015641 secs] [Times: user=0.00 sys=0.00, real=0.00 secs] 
1807.617: [GC (Allocation Failure) [PSYoungGen: 69168K->1552K(69632K)] 398324K->330708K(757760K), 0.0015857 secs] [Times: user=0.00 sys=0.00, real=0.00 secs] 
1808.013: [GC (Allocation Failure) [PSYoungGen: 69136K->1581K(69632K)] 398292K->330745K(757760K), 0.0015331 secs] [Times: user=0.01 sys=0.00, real=0.00 secs] 
1808.679: [GC (Allocation Failure) [PSYoungGen: 69165K->1456K(69632K)] 398329K->330620K(757760K), 0.0023125 secs] [Times: user=0.00 sys=0.00, real=0.00 secs] 
1809.278: [GC (Allocation Failure) [PSYoungGen: 69040K->1408K(69632K)] 398204K->330572K(757760K), 0.0022401 secs] [Times: user=0.00 sys=0.00, real=0.00 secs] 
1809.857: [GC (Allocation Failure) [PSYoungGen: 68992K->1376K(69632K)] 398156K->330540K(757760K), 0.0022009 secs] [Times: user=0.01 sys=0.00, real=0.01 secs] 
1810.338: [GC (Allocation Failure) [PSYoungGen: 68960K->1440K(69632K)] 398124K->330612K(757760K), 0.0019496 secs] [Times: user=0.01 sys=0.00, real=0.00 secs] 
1810.704: [GC (Allocation Failure) [PSYoungGen: 69024K->1517K(69632K)] 398196K->330713K(757760K), 0.0014827 secs] [Times: user=0.00 sys=0.00, real=0.00 secs] 
1811.099: [GC (Allocation Failure) [PSYoungGen: 69101K->1613K(69632K)] 398297K->330809K(757760K), 0.0015774 secs] [Times: user=0.01 sys=0.00, real=0.00 secs] 
1811.498: [GC (Allocation Failure) [PSYoungGen: 69197K->1581K(69632K)] 398393K->330777K(757760K), 0.0016473 secs] [Times: user=0.01 sys=0.00, real=0.00 secs] 
1811.896: [GC (Allocation Failure) [PSYoungGen: 69165K->1581K(69632K)] 398361K->330793K(757760K), 0.0015835 secs] [Times: user=0.01 sys=0.00, real=0.01 secs] 
1812.894: [GC (Allocation Failure) [PSYoungGen: 69165K->1440K(69632K)] 398377K->330652K(757760K), 0.0021267 secs] [Times: user=0.00 sys=0.00, real=0.00 secs] 
1813.813: [GC (Allocation Failure) [PSYoungGen: 69024K->1344K(69632K)] 398236K->330556K(757760K), 0.0037775 secs] [Times: user=0.02 sys=0.00, real=0.00 secs] 
1814.543: [GC (Allocation Failure) [PSYoungGen: 68928K->1408K(69632K)] 398140K->330620K(757760K), 0.0026145 secs] [Times: user=0.01 sys=0.00, real=0.00 secs] 
1814.982: [GC (Allocation Failure) [PSYoungGen: 68992K->1408K(69632K)] 398204K->330620K(757760K), 0.0020616 secs] [Times: user=0.01 sys=0.00, real=0.00 secs] 
1815.368: [GC (Allocation Failure) [PSYoungGen: 68964K->1485K(69632K)] 398176K->330705K(757760K), 0.0015254 secs] [Times: user=0.00 sys=0.00, real=0.00 secs] 
1815.769: [GC (Allocation Failure) [PSYoungGen: 69069K->1584K(69632K)] 398289K->330804K(757760K), 0.0015809 secs] [Times: user=0.00 sys=0.00, real=0.00 secs] 
1816.164: [GC (Allocation Failure) [PSYoungGen: 69168K->1581K(69632K)] 398388K->330801K(757760K), 0.0016049 secs] [Times: user=0.01 sys=0.00, real=0.00 secs] 
1816.600: [GC (Allocation Failure) [PSYoungGen: 69165K->1760K(69632K)] 398385K->330980K(757760K), 0.0019493 secs] [Times: user=0.00 sys=0.00, real=0.00 secs] 
1817.169: [GC (Allocation Failure) [PSYoungGen: 69344K->1360K(69632K)] 398564K->330588K(757760K), 0.0018585 secs] [Times: user=0.01 sys=0.00, real=0.00 secs] 
1817.723: [GC (Allocation Failure) [PSYoungGen: 68944K->1440K(69632K)] 398172K->330676K(757760K), 0.0017764 secs] [Times: user=0.01 sys=0.00, real=0.00 secs] 
1818.275: [GC (Allocation Failure) [PSYoungGen: 69024K->1408K(69632K)] 398260K->330644K(757760K), 0.0017193 secs] [Times: user=0.00 sys=0.00, real=0.01 secs] 
1818.818: [GC (Allocation Failure) [PSYoungGen: 68992K->1440K(69632K)] 398228K->330676K(757760K), 0.0019072 secs] [Times: user=0.01 sys=0.00, real=0.00 secs] 
1819.254: [GC (Allocation Failure) [PSYoungGen: 69024K->1584K(69632K)] 398260K->330820K(757760K), 0.0017055 secs] [Times: user=0.01 sys=0.00, real=0.00 secs] 
1819.649: [GC (Allocation Failure) [PSYoungGen: 69168K->1581K(69632K)] 398404K->330817K(757760K), 0.0016142 secs] [Times: user=0.01 sys=0.00, real=0.00 secs] 
1820.043: [GC (Allocation Failure) [PSYoungGen: 69165K->1549K(69632K)] 398401K->330785K(757760K), 0.0016210 secs] [Times: user=0.00 sys=0.00, real=0.00 secs] 
1820.799: [GC (Allocation Failure) [PSYoungGen: 69133K->1520K(69632K)] 398369K->330756K(757760K), 0.0026211 secs] [Times: user=0.01 sys=0.00, real=0.00 secs] 
1822.300: [GC (Allocation Failure) [PSYoungGen: 69104K->1344K(69632K)] 398340K->330596K(757760K), 0.0040924 secs] [Times: user=0.02 sys=0.00, real=0.00 secs] 
1823.026: [GC (Allocation Failure) [PSYoungGen: 68928K->1408K(69632K)] 398180K->330660K(757760K), 0.0031651 secs] [Times: user=0.01 sys=0.00, real=0.01 secs] 
1823.628: [GC (Allocation Failure) [PSYoungGen: 68992K->1440K(69632K)] 398244K->330692K(757760K), 0.0023223 secs] [Times: user=0.01 sys=0.00, real=0.00 secs] 
1824.301: [GC (Allocation Failure) [PSYoungGen: 68995K->1488K(69632K)] 398247K->330740K(757760K), 0.0018365 secs] [Times: user=0.01 sys=0.00, real=0.00 secs] 
1824.783: [GC (Allocation Failure) [PSYoungGen: 69072K->1584K(69632K)] 398324K->330836K(757760K), 0.0016363 secs] [Times: user=0.01 sys=0.00, real=0.00 secs] 
1825.177: [GC (Allocation Failure) [PSYoungGen: 69168K->1552K(69632K)] 398420K->330804K(757760K), 0.0015859 secs] [Times: user=0.00 sys=0.00, real=0.01 secs] 
1825.574: [GC (Allocation Failure) [PSYoungGen: 69136K->1584K(69632K)] 398388K->330852K(757760K), 0.0015581 secs] [Times: user=0.00 sys=0.00, real=0.00 secs] 
1826.026: [GC (Allocation Failure) [PSYoungGen: 69168K->1456K(69632K)] 398436K->330724K(757760K), 0.0028658 secs] [Times: user=0.02 sys=0.00, real=0.01 secs] 
1826.307: [GC (Allocation Failure) [PSYoungGen: 69040K->1344K(69632K)] 398308K->330612K(757760K), 0.0019294 secs] [Times: user=0.01 sys=0.00, real=0.00 secs] 
1826.596: [GC (Allocation Failure) [PSYoungGen: 68928K->1440K(69632K)] 398196K->330708K(757760K), 0.0019841 secs] [Times: user=0.01 sys=0.00, real=0.01 secs] 
1826.935: [GC (Allocation Failure) [PSYoungGen: 69024K->1424K(69632K)] 398292K->330692K(757760K), 0.0020059 secs] [Times: user=0.01 sys=0.00, real=0.00 secs] 
1827.293: [GC (Allocation Failure) [PSYoungGen: 69008K->1501K(69632K)] 398276K->330769K(757760K), 0.0016410 secs] [Times: user=0.01 sys=0.00, real=0.00 secs] 
1827.687: [GC (Allocation Failure) [PSYoungGen: 69085K->1616K(69632K)] 398353K->330884K(757760K), 0.0015217 secs] [Times: user=0.00 sys=0.00, real=0.00 secs] 
1828.081: [GC (Allocation Failure) [PSYoungGen: 69200K->1520K(69632K)] 398468K->330788K(757760K), 0.0017507 secs] [Times: user=0.01 sys=0.00, real=0.00 secs] 
1828.477: [GC (Allocation Failure) [PSYoungGen: 69104K->1613K(69632K)] 398372K->330889K(757760K), 0.0015451 secs] [Times: user=0.00 sys=0.00, real=0.00 secs] 
1828.998: [GC (Allocation Failure) [PSYoungGen: 69197K->1440K(69632K)] 398473K->330716K(757760K), 0.0020658 secs] [Times: user=0.01 sys=0.00, real=0.00 secs] 
1829.279: [GC (Allocation Failure) [PSYoungGen: 69024K->1376K(69632K)] 398300K->330652K(757760K), 0.0019889 secs] [Times: user=0.01 sys=0.00, real=0.00 secs] 
1829.598: [GC (Allocation Failure) [PSYoungGen: 68960K->1440K(69632K)] 398236K->330732K(757760K), 0.0019325 secs] [Times: user=0.01 sys=0.00, real=0.00 secs] 
1830.037: [GC (Allocation Failure) [PSYoungGen: 69024K->1440K(69632K)] 398316K->330732K(757760K), 0.0019583 secs] [Times: user=0.01 sys=0.00, real=0.00 secs] 
1830.514: [GC (Allocation Failure) [PSYoungGen: 69024K->1517K(69632K)] 398316K->330809K(757760K), 0.0015386 secs] [Times: user=0.00 sys=0.00, real=0.00 secs] 
1830.913: [GC (Allocation Failure) [PSYoungGen: 69101K->1552K(69632K)] 398393K->330844K(757760K), 0.0016518 secs] [Times: user=0.00 sys=0.00, real=0.00 secs] 
1831.308: [GC (Allocation Failure) [PSYoungGen: 69136K->1581K(69632K)] 398428K->330873K(757760K), 0.0017425 secs] [Times: user=0.00 sys=0.00, real=0.00 secs] 
1831.704: [GC (Allocation Failure) [PSYoungGen: 69165K->1565K(69632K)] 398457K->330873K(757760K), 0.0016341 secs] [Times: user=0.00 sys=0.00, real=0.00 secs] 
1832.134: [GC (Allocation Failure) [PSYoungGen: 69149K->1440K(69632K)] 398457K->330748K(757760K), 0.0020234 secs] [Times: user=0.01 sys=0.00, real=0.00 secs] 
1832.430: [GC (Allocation Failure) [PSYoungGen: 69024K->1408K(69632K)] 398332K->330716K(757760K), 0.0020222 secs] [Times: user=0.00 sys=0.00, real=0.00 secs] 
1832.792: [GC (Allocation Failure) [PSYoungGen: 68992K->1408K(69632K)] 398300K->330716K(757760K), 0.0017322 secs] [Times: user=0.01 sys=0.00, real=0.00 secs] 
1833.073: [GC (Allocation Failure) [PSYoungGen: 68992K->1440K(69632K)] 398300K->330748K(757760K), 0.0018603 secs] [Times: user=0.01 sys=0.00, real=0.00 secs] 
1833.522: [GC (Allocation Failure) [PSYoungGen: 68993K->1549K(69632K)] 398301K->330857K(757760K), 0.0015766 secs] [Times: user=0.01 sys=0.00, real=0.00 secs] 
1833.919: [GC (Allocation Failure) [PSYoungGen: 69133K->1584K(69632K)] 398441K->330892K(757760K), 0.0015343 secs] [Times: user=0.01 sys=0.00, real=0.00 secs] 
1834.315: [GC (Allocation Failure) [PSYoungGen: 69168K->1552K(69632K)] 398476K->330860K(757760K), 0.0015992 secs] [Times: user=0.00 sys=0.00, real=0.01 secs] 
1834.803: [GC (Allocation Failure) [PSYoungGen: 69136K->1488K(69632K)] 398444K->330796K(757760K), 0.0018581 secs] [Times: user=0.00 sys=0.00, real=0.00 secs] 
1835.423: [GC (Allocation Failure) [PSYoungGen: 69072K->1408K(69632K)] 398380K->330716K(757760K), 0.0015627 secs] [Times: user=0.00 sys=0.00, real=0.00 secs] 
1835.844: [GC (Allocation Failure) [PSYoungGen: 68992K->1408K(69632K)] 398300K->330716K(757760K), 0.0017357 secs] [Times: user=0.01 sys=0.00, real=0.00 secs] 
1836.125: [GC (Allocation Failure) [PSYoungGen: 68992K->1360K(69632K)] 398300K->330668K(757760K), 0.0017010 secs] [Times: user=0.01 sys=0.00, real=0.00 secs] 
1836.419: [GC (Allocation Failure) [PSYoungGen: 68931K->1453K(69632K)] 398239K->330761K(757760K), 0.0013937 secs] [Times: user=0.00 sys=0.00, real=0.00 secs] 
1836.874: [GC (Allocation Failure) [PSYoungGen: 69037K->1613K(69632K)] 398345K->330921K(757760K), 0.0016935 secs] [Times: user=0.01 sys=0.00, real=0.00 secs] 
1837.329: [GC (Allocation Failure) [PSYoungGen: 69195K->1584K(69632K)] 398503K->330892K(757760K), 0.0015530 secs] [Times: user=0.01 sys=0.00, real=0.00 secs] 
1837.732: [GC (Allocation Failure) [PSYoungGen: 69168K->1613K(69632K)] 398476K->330921K(757760K), 0.0015961 secs] [Times: user=0.00 sys=0.00, real=0.00 secs] 
1838.238: [GC (Allocation Failure) [PSYoungGen: 69197K->1472K(69632K)] 398505K->330780K(757760K), 0.0034507 secs] [Times: user=0.02 sys=0.00, real=0.00 secs] 
1838.765: [GC (Allocation Failure) [PSYoungGen: 69056K->1376K(69632K)] 398364K->330684K(757760K), 0.0028169 secs] [Times: user=0.01 sys=0.00, real=0.01 secs] 
1839.043: [GC (Allocation Failure) [PSYoungGen: 68960K->1408K(69632K)] 398268K->330716K(757760K), 0.0019951 secs] [Times: user=0.00 sys=0.00, real=0.00 secs] 
1839.324: [GC (Allocation Failure) [PSYoungGen: 68992K->1376K(69632K)] 398300K->330684K(757760K), 0.0017700 secs] [Times: user=0.01 sys=0.01, real=0.00 secs] 
1839.670: [GC (Allocation Failure) [PSYoungGen: 68940K->1485K(69632K)] 398249K->330817K(757760K), 0.0014890 secs] [Times: user=0.01 sys=0.00, real=0.00 secs] 
1840.065: [GC (Allocation Failure) [PSYoungGen: 69069K->1613K(69632K)] 398401K->330945K(757760K), 0.0015887 secs] [Times: user=0.01 sys=0.00, real=0.00 secs] 
1840.460: [GC (Allocation Failure) [PSYoungGen: 69197K->1581K(69632K)] 398529K->330913K(757760K), 0.0015685 secs] [Times: user=0.01 sys=0.00, real=0.00 secs] 
1840.858: [GC (Allocation Failure) [PSYoungGen: 69165K->1552K(69632K)] 398497K->330900K(757760K), 0.0015785 secs] [Times: user=0.01 sys=0.00, real=0.00 secs] 
1841.226: [GC (Allocation Failure) [PSYoungGen: 69136K->1408K(69632K)] 398484K->330756K(757760K), 0.0018947 secs] [Times: user=0.00 sys=0.00, real=0.01 secs] 
1841.506: [GC (Allocation Failure) [PSYoungGen: 68992K->1408K(69632K)] 398340K->330756K(757760K), 0.0016483 secs] [Times: user=0.01 sys=0.00, real=0.01 secs] 
1841.787: [GC (Allocation Failure) [PSYoungGen: 68992K->1376K(69632K)] 398340K->330724K(757760K), 0.0018337 secs] [Times: user=0.00 sys=0.00, real=0.01 secs] 
1842.071: [GC (Allocation Failure) [PSYoungGen: 68960K->1344K(69632K)] 398308K->330692K(757760K), 0.0025055 secs] [Times: user=0.01 sys=0.00, real=0.00 secs] 
1842.522: [GC (Allocation Failure) [PSYoungGen: 68928K->1517K(69632K)] 398276K->330865K(757760K), 0.0016970 secs] [Times: user=0.01 sys=0.00, real=0.00 secs] 
1842.971: [GC (Allocation Failure) [PSYoungGen: 69101K->1584K(69632K)] 398449K->330932K(757760K), 0.0018692 secs] [Times: user=0.00 sys=0.00, real=0.00 secs] 
1843.366: [GC (Allocation Failure) [PSYoungGen: 69168K->1613K(69632K)] 398516K->330961K(757760K), 0.0016077 secs] [Times: user=0.01 sys=0.00, real=0.01 secs] 
1843.843: [GC (Allocation Failure) [PSYoungGen: 69197K->1613K(69632K)] 398545K->330969K(757760K), 0.0015803 secs] [Times: user=0.01 sys=0.00, real=0.00 secs] 
1844.172: [GC (Allocation Failure) [PSYoungGen: 69197K->1472K(69632K)] 398553K->330828K(757760K), 0.0023784 secs] [Times: user=0.01 sys=0.00, real=0.00 secs] 
1844.679: [GC (Allocation Failure) [PSYoungGen: 69056K->1440K(69632K)] 398412K->330796K(757760K), 0.0020280 secs] [Times: user=0.01 sys=0.00, real=0.00 secs] 
1845.159: [GC (Allocation Failure) [PSYoungGen: 69024K->1376K(69632K)] 398380K->330732K(757760K), 0.0037823 secs] [Times: user=0.01 sys=0.00, real=0.00 secs] 
1845.739: [GC (Allocation Failure) [PSYoungGen: 68960K->1408K(69632K)] 398316K->330764K(757760K), 0.0030911 secs] [Times: user=0.01 sys=0.00, real=0.00 secs] 
1846.276: [GC (Allocation Failure) [PSYoungGen: 68992K->1565K(69632K)] 398348K->330921K(757760K), 0.0015001 secs] [Times: user=0.01 sys=0.00, real=0.01 secs] 
1846.671: [GC (Allocation Failure) [PSYoungGen: 69149K->1597K(69632K)] 398505K->330953K(757760K), 0.0016322 secs] [Times: user=0.01 sys=0.00, real=0.00 secs] 
1847.065: [GC (Allocation Failure) [PSYoungGen: 69181K->1584K(69632K)] 398537K->330940K(757760K), 0.0015936 secs] [Times: user=0.00 sys=0.00, real=0.01 secs] 
1847.443: [GC (Allocation Failure) [PSYoungGen: 69168K->2016K(69632K)] 398524K->331380K(757760K), 0.0017337 secs] [Times: user=0.00 sys=0.00, real=0.00 secs] 
1847.747: [GC (Allocation Failure) [PSYoungGen: 69600K->1376K(69632K)] 398964K->330740K(757760K), 0.0017214 secs] [Times: user=0.01 sys=0.00, real=0.01 secs] 
1848.027: [GC (Allocation Failure) [PSYoungGen: 68960K->1408K(69632K)] 398324K->330772K(757760K), 0.0019814 secs] [Times: user=0.01 sys=0.00, real=0.00 secs] 
1848.456: [GC (Allocation Failure) [PSYoungGen: 68992K->1440K(69632K)] 398356K->330804K(757760K), 0.0019695 secs] [Times: user=0.01 sys=0.00, real=0.01 secs] 
1848.902: [GC (Allocation Failure) [PSYoungGen: 69024K->1408K(69632K)] 398388K->330772K(757760K), 0.0019424 secs] [Times: user=0.00 sys=0.00, real=0.00 secs] 
1849.404: [GC (Allocation Failure) [PSYoungGen: 68992K->1549K(69632K)] 398356K->330913K(757760K), 0.0015549 secs] [Times: user=0.01 sys=0.00, real=0.00 secs] 
1849.800: [GC (Allocation Failure) [PSYoungGen: 69133K->1552K(69632K)] 398497K->330940K(757760K), 0.0015625 secs] [Times: user=0.00 sys=0.01, real=0.00 secs] 
1850.194: [GC (Allocation Failure) [PSYoungGen: 69136K->1552K(69632K)] 398524K->330940K(757760K), 0.0015812 secs] [Times: user=0.00 sys=0.00, real=0.00 secs] 
1850.605: [GC (Allocation Failure) [PSYoungGen: 69136K->1472K(69632K)] 398524K->330860K(757760K), 0.0018039 secs] [Times: user=0.01 sys=0.00, real=0.01 secs] 
1850.937: [GC (Allocation Failure) [PSYoungGen: 69056K->1392K(69632K)] 398444K->330780K(757760K), 0.0018978 secs] [Times: user=0.01 sys=0.00, real=0.01 secs] 
1851.313: [GC (Allocation Failure) [PSYoungGen: 68976K->1408K(69632K)] 398364K->330796K(757760K), 0.0019634 secs] [Times: user=0.01 sys=0.00, real=0.00 secs] 
1851.958: [GC (Allocation Failure) [PSYoungGen: 68992K->1408K(69632K)] 398380K->330796K(757760K), 0.0022181 secs] [Times: user=0.01 sys=0.00, real=0.00 secs] 
1852.794: [GC (Allocation Failure) [PSYoungGen: 68992K->1488K(69632K)] 398380K->330876K(757760K), 0.0019201 secs] [Times: user=0.01 sys=0.00, real=0.00 secs] 
1853.216: [GC (Allocation Failure) [PSYoungGen: 69072K->1552K(69632K)] 398460K->330940K(757760K), 0.0015561 secs] [Times: user=0.01 sys=0.00, real=0.01 secs] 
1853.610: [GC (Allocation Failure) [PSYoungGen: 69136K->1613K(69632K)] 398524K->331001K(757760K), 0.0016255 secs] [Times: user=0.01 sys=0.00, real=0.00 secs] 
1854.009: [GC (Allocation Failure) [PSYoungGen: 69197K->1613K(69632K)] 398585K->331009K(757760K), 0.0015903 secs] [Times: user=0.01 sys=0.00, real=0.00 secs] 
1854.411: [GC (Allocation Failure) [PSYoungGen: 69197K->1472K(69632K)] 398593K->330868K(757760K), 0.0016953 secs] [Times: user=0.01 sys=0.00, real=0.00 secs] 
1854.692: [GC (Allocation Failure) [PSYoungGen: 69056K->1376K(69632K)] 398452K->330772K(757760K), 0.0015746 secs] [Times: user=0.01 sys=0.00, real=0.00 secs] 
1854.993: [GC (Allocation Failure) [PSYoungGen: 68960K->1360K(69632K)] 398356K->330756K(757760K), 0.0015665 secs] [Times: user=0.01 sys=0.00, real=0.00 secs] 
1855.326: [GC (Allocation Failure) [PSYoungGen: 68944K->1408K(69632K)] 398340K->330804K(757760K), 0.0019746 secs] [Times: user=0.01 sys=0.00, real=0.01 secs] 
1855.686: [GC (Allocation Failure) [PSYoungGen: 68992K->1517K(69632K)] 398388K->330913K(757760K), 0.0015795 secs] [Times: user=0.01 sys=0.00, real=0.01 secs] 
1856.086: [GC (Allocation Failure) [PSYoungGen: 69101K->1584K(69632K)] 398497K->330980K(757760K), 0.0015659 secs] [Times: user=0.01 sys=0.00, real=0.01 secs] 
1856.485: [GC (Allocation Failure) [PSYoungGen: 69168K->1616K(69632K)] 398564K->331012K(757760K), 0.0015645 secs] [Times: user=0.01 sys=0.00, real=0.01 secs] 
1856.885: [GC (Allocation Failure) [PSYoungGen: 69200K->1552K(69632K)] 398596K->330964K(757760K), 0.0017113 secs] [Times: user=0.01 sys=0.00, real=0.00 secs] 
1857.332: [GC (Allocation Failure) [PSYoungGen: 69136K->1440K(69632K)] 398548K->330852K(757760K), 0.0018178 secs] [Times: user=0.01 sys=0.00, real=0.00 secs] 
1857.972: [GC (Allocation Failure) [PSYoungGen: 69024K->1408K(69632K)] 398436K->330820K(757760K), 0.0020952 secs] [Times: user=0.01 sys=0.00, real=0.00 secs] 
1858.588: [GC (Allocation Failure) [PSYoungGen: 68992K->1408K(69632K)] 398404K->330820K(757760K), 0.0019822 secs] [Times: user=0.01 sys=0.00, real=0.00 secs] 
1859.115: [GC (Allocation Failure) [PSYoungGen: 68992K->1392K(69632K)] 398404K->330804K(757760K), 0.0020187 secs] [Times: user=0.01 sys=0.00, real=0.01 secs] 
1859.599: [GC (Allocation Failure) [PSYoungGen: 68976K->1549K(69632K)] 398388K->330961K(757760K), 0.0014628 secs] [Times: user=0.01 sys=0.00, real=0.00 secs] 
1859.995: [GC (Allocation Failure) [PSYoungGen: 69133K->1581K(69632K)] 398545K->331009K(757760K), 0.0017338 secs] [Times: user=0.01 sys=0.00, real=0.00 secs] 
1860.388: [GC (Allocation Failure) [PSYoungGen: 69165K->1581K(69632K)] 398593K->331009K(757760K), 0.0015882 secs] [Times: user=0.00 sys=0.00, real=0.00 secs] 
1860.778: [GC (Allocation Failure) [PSYoungGen: 69165K->1536K(69632K)] 398593K->330964K(757760K), 0.0016039 secs] [Times: user=0.01 sys=0.00, real=0.00 secs] 
1861.172: [GC (Allocation Failure) [PSYoungGen: 69120K->1408K(69632K)] 398548K->330836K(757760K), 0.0019528 secs] [Times: user=0.01 sys=0.00, real=0.00 secs] 
1861.751: [GC (Allocation Failure) [PSYoungGen: 68992K->1376K(69632K)] 398420K->330804K(757760K), 0.0019346 secs] [Times: user=0.01 sys=0.00, real=0.00 secs] 
1862.333: [GC (Allocation Failure) [PSYoungGen: 68960K->1344K(69632K)] 398388K->330772K(757760K), 0.0039358 secs] [Times: user=0.02 sys=0.00, real=0.00 secs] 
1863.318: [GC (Allocation Failure) [PSYoungGen: 68928K->1408K(69632K)] 398356K->330836K(757760K), 0.0041333 secs] [Times: user=0.01 sys=0.00, real=0.00 secs] 
1863.925: [GC (Allocation Failure) [PSYoungGen: 68992K->1552K(69632K)] 398420K->330980K(757760K), 0.0015695 secs] [Times: user=0.00 sys=0.00, real=0.00 secs] 
1864.321: [GC (Allocation Failure) [PSYoungGen: 69136K->1549K(69632K)] 398564K->330977K(757760K), 0.0016100 secs] [Times: user=0.01 sys=0.00, real=0.00 secs] 
1864.723: [GC (Allocation Failure) [PSYoungGen: 69133K->1581K(69632K)] 398561K->331009K(757760K), 0.0015955 secs] [Times: user=0.00 sys=0.00, real=0.00 secs] 
1865.112: [GC (Allocation Failure) [PSYoungGen: 69165K->1504K(69632K)] 398593K->330932K(757760K), 0.0018581 secs] [Times: user=0.01 sys=0.00, real=0.00 secs] 
1865.392: [GC (Allocation Failure) [PSYoungGen: 69088K->1344K(69632K)] 398516K->330772K(757760K), 0.0016790 secs] [Times: user=0.01 sys=0.00, real=0.00 secs] 
1865.673: [GC (Allocation Failure) [PSYoungGen: 68928K->1392K(69632K)] 398356K->330820K(757760K), 0.0016274 secs] [Times: user=0.00 sys=0.00, real=0.00 secs] 
1865.985: [GC (Allocation Failure) [PSYoungGen: 68976K->1408K(69632K)] 398404K->330836K(757760K), 0.0018383 secs] [Times: user=0.01 sys=0.00, real=0.01 secs] 
1866.614: [GC (Allocation Failure) [PSYoungGen: 68968K->1504K(69632K)] 398396K->330932K(757760K), 0.0017204 secs] [Times: user=0.01 sys=0.00, real=0.00 secs] 
1867.022: [GC (Allocation Failure) [PSYoungGen: 69088K->1584K(69632K)] 398516K->331012K(757760K), 0.0015852 secs] [Times: user=0.01 sys=0.00, real=0.00 secs] 
1867.417: [GC (Allocation Failure) [PSYoungGen: 69168K->1549K(69632K)] 398596K->330977K(757760K), 0.0015486 secs] [Times: user=0.00 sys=0.00, real=0.00 secs] 
1867.812: [GC (Allocation Failure) [PSYoungGen: 69133K->1565K(69632K)] 398561K->331009K(757760K), 0.0017595 secs] [Times: user=0.01 sys=0.00, real=0.00 secs] 
1868.260: [GC (Allocation Failure) [PSYoungGen: 69149K->1472K(69632K)] 398593K->330916K(757760K), 0.0021141 secs] [Times: user=0.01 sys=0.00, real=0.00 secs] 
1868.542: [GC (Allocation Failure) [PSYoungGen: 69056K->1408K(69632K)] 398500K->330852K(757760K), 0.0020080 secs] [Times: user=0.01 sys=0.00, real=0.00 secs] 
1868.868: [GC (Allocation Failure) [PSYoungGen: 68992K->1408K(69632K)] 398436K->330852K(757760K), 0.0019997 secs] [Times: user=0.01 sys=0.00, real=0.00 secs] 
1869.149: [GC (Allocation Failure) [PSYoungGen: 68992K->1408K(69632K)] 398436K->330868K(757760K), 0.0017638 secs] [Times: user=0.01 sys=0.00, real=0.00 secs] 
1869.538: [GC (Allocation Failure) [PSYoungGen: 68992K->1517K(69632K)] 398452K->330977K(757760K), 0.0015288 secs] [Times: user=0.00 sys=0.00, real=0.00 secs] 
1869.933: [GC (Allocation Failure) [PSYoungGen: 69101K->1584K(69632K)] 398561K->331044K(757760K), 0.0015926 secs] [Times: user=0.00 sys=0.00, real=0.00 secs] 
1870.327: [GC (Allocation Failure) [PSYoungGen: 69168K->1581K(69632K)] 398628K->331041K(757760K), 0.0018038 secs] [Times: user=0.01 sys=0.00, real=0.01 secs] 
1870.723: [GC (Allocation Failure) [PSYoungGen: 69165K->1565K(69632K)] 398625K->331041K(757760K), 0.0016508 secs] [Times: user=0.01 sys=0.00, real=0.00 secs] 
1871.525: [GC (Allocation Failure) [PSYoungGen: 69149K->1456K(69632K)] 398625K->330932K(757760K), 0.0037321 secs] [Times: user=0.02 sys=0.00, real=0.01 secs] 
1871.832: [GC (Allocation Failure) [PSYoungGen: 69040K->1376K(69632K)] 398516K->330852K(757760K), 0.0021838 secs] [Times: user=0.01 sys=0.00, real=0.00 secs] 
1872.186: [GC (Allocation Failure) [PSYoungGen: 68960K->1408K(69632K)] 398436K->330884K(757760K), 0.0023077 secs] [Times: user=0.01 sys=0.00, real=0.01 secs] 
1872.794: [GC (Allocation Failure) [PSYoungGen: 68992K->1408K(69632K)] 398468K->330884K(757760K), 0.0021457 secs] [Times: user=0.01 sys=0.00, real=0.00 secs] 
1873.298: [GC (Allocation Failure) [PSYoungGen: 68992K->1517K(69632K)] 398468K->330993K(757760K), 0.0014993 secs] [Times: user=0.00 sys=0.00, real=0.00 secs] 
1873.693: [GC (Allocation Failure) [PSYoungGen: 69101K->1584K(69632K)] 398577K->331060K(757760K), 0.0015250 secs] [Times: user=0.01 sys=0.00, real=0.00 secs] 
1874.088: [GC (Allocation Failure) [PSYoungGen: 69168K->1613K(69632K)] 398644K->331089K(757760K), 0.0015457 secs] [Times: user=0.01 sys=0.00, real=0.00 secs] 
1874.483: [GC (Allocation Failure) [PSYoungGen: 69197K->1565K(69632K)] 398673K->331065K(757760K), 0.0015798 secs] [Times: user=0.00 sys=0.00, real=0.00 secs] 
1875.274: [GC (Allocation Failure) [PSYoungGen: 69149K->1440K(69632K)] 398649K->330940K(757760K), 0.0023678 secs] [Times: user=0.00 sys=0.00, real=0.00 secs] 
1876.030: [GC (Allocation Failure) [PSYoungGen: 69024K->1408K(69632K)] 398524K->330908K(757760K), 0.0030905 secs] [Times: user=0.02 sys=0.00, real=0.00 secs] 
1876.562: [GC (Allocation Failure) [PSYoungGen: 68992K->1408K(69632K)] 398492K->330908K(757760K), 0.0027493 secs] [Times: user=0.02 sys=0.00, real=0.00 secs] 
1877.256: [GC (Allocation Failure) [PSYoungGen: 68992K->1408K(69632K)] 398492K->330916K(757760K), 0.0031459 secs] [Times: user=0.01 sys=0.00, real=0.01 secs] 
1877.919: [GC (Allocation Failure) [PSYoungGen: 68986K->1517K(69632K)] 398494K->331025K(757760K), 0.0015942 secs] [Times: user=0.01 sys=0.00, real=0.00 secs] 
1878.320: [GC (Allocation Failure) [PSYoungGen: 69101K->1568K(69632K)] 398609K->331076K(757760K), 0.0015937 secs] [Times: user=0.01 sys=0.00, real=0.00 secs] 
1878.781: [GC (Allocation Failure) [PSYoungGen: 69152K->1565K(69632K)] 398660K->331073K(757760K), 0.0016170 secs] [Times: user=0.01 sys=0.00, real=0.00 secs] 
1879.205: [GC (Allocation Failure) [PSYoungGen: 69149K->2016K(69632K)] 398657K->331540K(757760K), 0.0018669 secs] [Times: user=0.01 sys=0.00, real=0.01 secs] 
1879.842: [GC (Allocation Failure) [PSYoungGen: 69600K->1376K(69632K)] 399124K->330900K(757760K), 0.0030482 secs] [Times: user=0.01 sys=0.00, real=0.00 secs] 
1880.363: [GC (Allocation Failure) [PSYoungGen: 68960K->1408K(69632K)] 398484K->330932K(757760K), 0.0034477 secs] [Times: user=0.01 sys=0.00, real=0.00 secs] 
1880.854: [GC (Allocation Failure) [PSYoungGen: 68992K->1376K(69632K)] 398516K->330900K(757760K), 0.0038333 secs] [Times: user=0.02 sys=0.00, real=0.01 secs] 
1881.452: [GC (Allocation Failure) [PSYoungGen: 68960K->1376K(69632K)] 398484K->330916K(757760K), 0.0032423 secs] [Times: user=0.02 sys=0.00, real=0.00 secs] 
1881.965: [GC (Allocation Failure) [PSYoungGen: 68952K->1565K(69632K)] 398492K->331105K(757760K), 0.0015406 secs] [Times: user=0.00 sys=0.00, real=0.00 secs] 
1882.359: [GC (Allocation Failure) [PSYoungGen: 69149K->1613K(69632K)] 398689K->331153K(757760K), 0.0015816 secs] [Times: user=0.01 sys=0.00, real=0.00 secs] 
1882.754: [GC (Allocation Failure) [PSYoungGen: 69197K->1581K(69632K)] 398737K->331121K(757760K), 0.0015879 secs] [Times: user=0.01 sys=0.00, real=0.00 secs] 
1883.306: [GC (Allocation Failure) [PSYoungGen: 69165K->1504K(69632K)] 398705K->331060K(757760K), 0.0021829 secs] [Times: user=0.01 sys=0.00, real=0.01 secs] 
1883.661: [GC (Allocation Failure) [PSYoungGen: 69088K->1440K(69632K)] 398644K->330996K(757760K), 0.0019478 secs] [Times: user=0.01 sys=0.00, real=0.00 secs] 
1883.978: [GC (Allocation Failure) [PSYoungGen: 69024K->1408K(69632K)] 398580K->330964K(757760K), 0.0020050 secs] [Times: user=0.01 sys=0.00, real=0.00 secs] 
1884.436: [GC (Allocation Failure) [PSYoungGen: 68992K->1408K(69632K)] 398548K->330964K(757760K), 0.0020552 secs] [Times: user=0.00 sys=0.00, real=0.01 secs] 
1884.886: [GC (Allocation Failure) [PSYoungGen: 68992K->1517K(69632K)] 398548K->331073K(757760K), 0.0014168 secs] [Times: user=0.00 sys=0.00, real=0.01 secs] 
1885.282: [GC (Allocation Failure) [PSYoungGen: 69101K->1581K(69632K)] 398657K->331137K(757760K), 0.0015430 secs] [Times: user=0.00 sys=0.00, real=0.00 secs] 
1885.678: [GC (Allocation Failure) [PSYoungGen: 69165K->1584K(69632K)] 398721K->331140K(757760K), 0.0015232 secs] [Times: user=0.00 sys=0.00, real=0.00 secs] 
1886.075: [GC (Allocation Failure) [PSYoungGen: 69168K->1581K(69632K)] 398724K->331145K(757760K), 0.0017007 secs] [Times: user=0.01 sys=0.00, real=0.01 secs] 
1886.939: [GC (Allocation Failure) [PSYoungGen: 69165K->1472K(69632K)] 398729K->331036K(757760K), 0.0018987 secs] [Times: user=0.01 sys=0.00, real=0.00 secs] 
1887.656: [GC (Allocation Failure) [PSYoungGen: 69056K->1424K(69632K)] 398620K->330988K(757760K), 0.0019760 secs] [Times: user=0.01 sys=0.00, real=0.01 secs] 
1888.066: [GC (Allocation Failure) [PSYoungGen: 69008K->1408K(69632K)] 398572K->330972K(757760K), 0.0022425 secs] [Times: user=0.01 sys=0.00, real=0.01 secs] 
1888.809: [GC (Allocation Failure) [PSYoungGen: 68992K->1408K(69632K)] 398556K->330972K(757760K), 0.0030980 secs] [Times: user=0.02 sys=0.00, real=0.00 secs] 
1889.478: [GC (Allocation Failure) [PSYoungGen: 68992K->1517K(69632K)] 398556K->331081K(757760K), 0.0015004 secs] [Times: user=0.00 sys=0.00, real=0.00 secs] 
1889.876: [GC (Allocation Failure) [PSYoungGen: 69101K->1581K(69632K)] 398665K->331145K(757760K), 0.0015269 secs] [Times: user=0.00 sys=0.00, real=0.01 secs] 
1890.269: [GC (Allocation Failure) [PSYoungGen: 69165K->1597K(69632K)] 398729K->331161K(757760K), 0.0015928 secs] [Times: user=0.01 sys=0.00, real=0.00 secs] 
1890.664: [GC (Allocation Failure) [PSYoungGen: 69181K->1597K(69632K)] 398745K->331193K(757760K), 0.0016857 secs] [Times: user=0.01 sys=0.00, real=0.00 secs] 
1891.009: [GC (Allocation Failure) [PSYoungGen: 69181K->1408K(69632K)] 398777K->331012K(757760K), 0.0017411 secs] [Times: user=0.01 sys=0.00, real=0.00 secs] 
1891.290: [GC (Allocation Failure) [PSYoungGen: 68992K->1376K(69632K)] 398596K->330980K(757760K), 0.0017834 secs] [Times: user=0.01 sys=0.00, real=0.00 secs] 
1891.571: [GC (Allocation Failure) [PSYoungGen: 68960K->1376K(69632K)] 398564K->330980K(757760K), 0.0020499 secs] [Times: user=0.01 sys=0.00, real=0.00 secs] 
1891.883: [GC (Allocation Failure) [PSYoungGen: 68960K->1408K(69632K)] 398564K->331012K(757760K), 0.0022963 secs] [Times: user=0.01 sys=0.00, real=0.00 secs] 
1892.317: [GC (Allocation Failure) [PSYoungGen: 68992K->1552K(69632K)] 398596K->331156K(757760K), 0.0015442 secs] [Times: user=0.00 sys=0.00, real=0.01 secs] 
1892.712: [GC (Allocation Failure) [PSYoungGen: 69136K->1552K(69632K)] 398740K->331156K(757760K), 0.0015266 secs] [Times: user=0.01 sys=0.00, real=0.00 secs] 
1893.111: [GC (Allocation Failure) [PSYoungGen: 69136K->1552K(69632K)] 398740K->331156K(757760K), 0.0017224 secs] [Times: user=0.01 sys=0.00, real=0.00 secs] 
1893.569: [GC (Allocation Failure) [PSYoungGen: 69136K->1632K(69632K)] 398740K->331236K(757760K), 0.0017232 secs] [Times: user=0.00 sys=0.00, real=0.00 secs] 
1894.302: [GC (Allocation Failure) [PSYoungGen: 69216K->1376K(69632K)] 398820K->330980K(757760K), 0.0017735 secs] [Times: user=0.00 sys=0.00, real=0.00 secs] 
1894.938: [GC (Allocation Failure) [PSYoungGen: 68960K->1392K(69632K)] 398564K->330996K(757760K), 0.0018418 secs] [Times: user=0.01 sys=0.00, real=0.00 secs] 
1895.472: [GC (Allocation Failure) [PSYoungGen: 68976K->1360K(69632K)] 398580K->330964K(757760K), 0.0020728 secs] [Times: user=0.01 sys=0.00, real=0.00 secs] 
1895.753: [GC (Allocation Failure) [PSYoungGen: 68944K->1376K(69632K)] 398548K->330980K(757760K), 0.0019224 secs] [Times: user=0.01 sys=0.00, real=0.00 secs] 
1896.168: [GC (Allocation Failure) [PSYoungGen: 68930K->1613K(69632K)] 398534K->331217K(757760K), 0.0016998 secs] [Times: user=0.00 sys=0.00, real=0.00 secs] 
1896.563: [GC (Allocation Failure) [PSYoungGen: 69197K->1552K(69632K)] 398801K->331156K(757760K), 0.0016777 secs] [Times: user=0.00 sys=0.00, real=0.00 secs] 
1897.023: [GC (Allocation Failure) [PSYoungGen: 69136K->1581K(69632K)] 398740K->331185K(757760K), 0.0016476 secs] [Times: user=0.00 sys=0.00, real=0.00 secs] 
1897.520: [GC (Allocation Failure) [PSYoungGen: 69165K->1536K(69632K)] 398769K->331148K(757760K), 0.0020668 secs] [Times: user=0.01 sys=0.00, real=0.00 secs] 
1898.130: [GC (Allocation Failure) [PSYoungGen: 69120K->1408K(69632K)] 398732K->331020K(757760K), 0.0022532 secs] [Times: user=0.01 sys=0.00, real=0.00 secs] 
1898.782: [GC (Allocation Failure) [PSYoungGen: 68992K->1376K(69632K)] 398604K->330988K(757760K), 0.0060146 secs] [Times: user=0.02 sys=0.00, real=0.01 secs] 
1899.244: [GC (Allocation Failure) [PSYoungGen: 68960K->1376K(69632K)] 398572K->330988K(757760K), 0.0020332 secs] [Times: user=0.00 sys=0.00, real=0.00 secs] 
1899.850: [GC (Allocation Failure) [PSYoungGen: 68948K->1424K(69632K)] 398560K->331036K(757760K), 0.0025158 secs] [Times: user=0.01 sys=0.00, real=0.00 secs] 
1900.384: [GC (Allocation Failure) [PSYoungGen: 69008K->1581K(69632K)] 398620K->331193K(757760K), 0.0016464 secs] [Times: user=0.01 sys=0.00, real=0.00 secs] 
1900.779: [GC (Allocation Failure) [PSYoungGen: 69165K->1581K(69632K)] 398777K->331193K(757760K), 0.0017216 secs] [Times: user=0.01 sys=0.00, real=0.00 secs] 
1901.176: [GC (Allocation Failure) [PSYoungGen: 69165K->1549K(69632K)] 398777K->331185K(757760K), 0.0017815 secs] [Times: user=0.01 sys=0.00, real=0.01 secs] 
1902.743: [GC (Allocation Failure) [PSYoungGen: 69133K->1520K(69632K)] 398769K->331156K(757760K), 0.0035593 secs] [Times: user=0.02 sys=0.00, real=0.01 secs] 
1903.742: [GC (Allocation Failure) [PSYoungGen: 69104K->1392K(69632K)] 398740K->331036K(757760K), 0.0018754 secs] [Times: user=0.01 sys=0.00, real=0.00 secs] 
1904.580: [GC (Allocation Failure) [PSYoungGen: 68976K->1408K(69632K)] 398620K->331052K(757760K), 0.0019843 secs] [Times: user=0.01 sys=0.00, real=0.00 secs] 
1905.449: [GC (Allocation Failure) [PSYoungGen: 68992K->1376K(69632K)] 398636K->331020K(757760K), 0.0020168 secs] [Times: user=0.01 sys=0.00, real=0.00 secs] 
1906.171: [GC (Allocation Failure) [PSYoungGen: 68960K->1533K(69632K)] 398604K->331177K(757760K), 0.0015172 secs] [Times: user=0.00 sys=0.00, real=0.00 secs] 
1906.570: [GC (Allocation Failure) [PSYoungGen: 69103K->1549K(69632K)] 398747K->331193K(757760K), 0.0015861 secs] [Times: user=0.00 sys=0.00, real=0.00 secs] 
1907.026: [GC (Allocation Failure) [PSYoungGen: 69133K->1581K(69632K)] 398777K->331225K(757760K), 0.0018224 secs] [Times: user=0.01 sys=0.00, real=0.01 secs] 
1907.422: [GC (Allocation Failure) [PSYoungGen: 69165K->1616K(69632K)] 398809K->331268K(757760K), 0.0016341 secs] [Times: user=0.00 sys=0.00, real=0.00 secs] 
1907.802: [GC (Allocation Failure) [PSYoungGen: 69200K->1456K(69632K)] 398852K->331108K(757760K), 0.0023648 secs] [Times: user=0.01 sys=0.00, real=0.00 secs] 
1908.091: [GC (Allocation Failure) [PSYoungGen: 69040K->1408K(69632K)] 398692K->331060K(757760K), 0.0018528 secs] [Times: user=0.01 sys=0.00, real=0.00 secs] 
1908.420: [GC (Allocation Failure) [PSYoungGen: 68992K->1376K(69632K)] 398644K->331028K(757760K), 0.0018248 secs] [Times: user=0.00 sys=0.00, real=0.00 secs] 
1908.709: [GC (Allocation Failure) [PSYoungGen: 68960K->1408K(69632K)] 398612K->331060K(757760K), 0.0018281 secs] [Times: user=0.01 sys=0.00, real=0.00 secs] 
1909.091: [GC (Allocation Failure) [PSYoungGen: 68992K->1565K(69632K)] 398644K->331217K(757760K), 0.0015881 secs] [Times: user=0.01 sys=0.00, real=0.00 secs] 
1909.488: [GC (Allocation Failure) [PSYoungGen: 69149K->1581K(69632K)] 398801K->331233K(757760K), 0.0016228 secs] [Times: user=0.01 sys=0.00, real=0.00 secs] 
1909.885: [GC (Allocation Failure) [PSYoungGen: 69165K->1613K(69632K)] 398817K->331265K(757760K), 0.0016762 secs] [Times: user=0.00 sys=0.00, real=0.00 secs] 
1910.280: [GC (Allocation Failure) [PSYoungGen: 69197K->1581K(69632K)] 398849K->331249K(757760K), 0.0015911 secs] [Times: user=0.01 sys=0.00, real=0.00 secs] 
1910.634: [GC (Allocation Failure) [PSYoungGen: 69165K->1440K(69632K)] 398833K->331132K(757760K), 0.0017529 secs] [Times: user=0.01 sys=0.00, real=0.00 secs] 
1910.927: [GC (Allocation Failure) [PSYoungGen: 69024K->1376K(69632K)] 398716K->331068K(757760K), 0.0016832 secs] [Times: user=0.00 sys=0.00, real=0.00 secs] 
1911.258: [GC (Allocation Failure) [PSYoungGen: 68960K->1408K(69632K)] 398652K->331100K(757760K), 0.0017733 secs] [Times: user=0.01 sys=0.00, real=0.00 secs] 
1911.547: [GC (Allocation Failure) [PSYoungGen: 68992K->1408K(69632K)] 398684K->331100K(757760K), 0.0018222 secs] [Times: user=0.01 sys=0.00, real=0.00 secs] 
1911.988: [GC (Allocation Failure) [PSYoungGen: 68988K->1613K(69632K)] 398680K->331305K(757760K), 0.0016807 secs] [Times: user=0.00 sys=0.00, real=0.00 secs] 
1912.382: [GC (Allocation Failure) [PSYoungGen: 69197K->1581K(69632K)] 398889K->331273K(757760K), 0.0016853 secs] [Times: user=0.01 sys=0.00, real=0.00 secs] 
1912.775: [GC (Allocation Failure) [PSYoungGen: 69165K->1613K(69632K)] 398857K->331305K(757760K), 0.0016236 secs] [Times: user=0.01 sys=0.00, real=0.00 secs] 
1913.256: [GC (Allocation Failure) [PSYoungGen: 69197K->1472K(69632K)] 398889K->331164K(757760K), 0.0018349 secs] [Times: user=0.00 sys=0.00, real=0.01 secs] 
1913.928: [GC (Allocation Failure) [PSYoungGen: 69056K->1424K(69632K)] 398748K->331116K(757760K), 0.0034314 secs] [Times: user=0.02 sys=0.00, real=0.00 secs] 
1914.602: [GC (Allocation Failure) [PSYoungGen: 69008K->1408K(69632K)] 398700K->331100K(757760K), 0.0026256 secs] [Times: user=0.02 sys=0.00, real=0.00 secs] 
1915.199: [GC (Allocation Failure) [PSYoungGen: 68992K->1408K(69632K)] 398684K->331100K(757760K), 0.0031111 secs] [Times: user=0.01 sys=0.00, real=0.00 secs] 
1915.755: [GC (Allocation Failure) [PSYoungGen: 68992K->1437K(69632K)] 398684K->331129K(757760K), 0.0021226 secs] [Times: user=0.01 sys=0.00, real=0.01 secs] 
1916.270: [GC (Allocation Failure) [PSYoungGen: 69021K->1629K(69632K)] 398713K->331321K(757760K), 0.0015931 secs] [Times: user=0.00 sys=0.00, real=0.00 secs] 
1916.667: [GC (Allocation Failure) [PSYoungGen: 69193K->1597K(69632K)] 398885K->331289K(757760K), 0.0017228 secs] [Times: user=0.00 sys=0.00, real=0.00 secs] 
1917.063: [GC (Allocation Failure) [PSYoungGen: 69181K->1581K(69632K)] 398873K->331273K(757760K), 0.0015808 secs] [Times: user=0.01 sys=0.00, real=0.00 secs] 
1917.441: [GC (Allocation Failure) [PSYoungGen: 69165K->1472K(69632K)] 398857K->331164K(757760K), 0.0023850 secs] [Times: user=0.01 sys=0.00, real=0.00 secs] 
1917.898: [GC (Allocation Failure) [PSYoungGen: 69056K->1360K(69632K)] 398748K->331052K(757760K), 0.0024827 secs] [Times: user=0.01 sys=0.00, real=0.00 secs] 
1918.817: [GC (Allocation Failure) [PSYoungGen: 68944K->1408K(69632K)] 398636K->331100K(757760K), 0.0023335 secs] [Times: user=0.01 sys=0.00, real=0.00 secs] 
1919.828: [GC (Allocation Failure) [PSYoungGen: 68992K->1376K(69632K)] 398684K->331068K(757760K), 0.0028650 secs] [Times: user=0.01 sys=0.00, real=0.00 secs] 
1920.632: [GC (Allocation Failure) [PSYoungGen: 68960K->1501K(69632K)] 398652K->331193K(757760K), 0.0016871 secs] [Times: user=0.01 sys=0.01, real=0.00 secs] 
1921.026: [GC (Allocation Failure) [PSYoungGen: 69071K->1568K(69632K)] 398763K->331260K(757760K), 0.0017886 secs] [Times: user=0.00 sys=0.00, real=0.01 secs] 
1921.424: [GC (Allocation Failure) [PSYoungGen: 69152K->1613K(69632K)] 398844K->331305K(757760K), 0.0018195 secs] [Times: user=0.01 sys=0.00, real=0.00 secs] 
1921.819: [GC (Allocation Failure) [PSYoungGen: 69197K->1613K(69632K)] 398889K->331337K(757760K), 0.0018041 secs] [Times: user=0.00 sys=0.00, real=0.00 secs] 
1922.529: [GC (Allocation Failure) [PSYoungGen: 69197K->1488K(69632K)] 398921K->331212K(757760K), 0.0016747 secs] [Times: user=0.00 sys=0.00, real=0.00 secs] 
1923.480: [GC (Allocation Failure) [PSYoungGen: 69072K->1440K(69632K)] 398796K->331164K(757760K), 0.0033108 secs] [Times: user=0.01 sys=0.00, real=0.00 secs] 
1924.106: [GC (Allocation Failure) [PSYoungGen: 69024K->1408K(69632K)] 398748K->331132K(757760K), 0.0032022 secs] [Times: user=0.01 sys=0.00, real=0.01 secs] 
1924.749: [GC (Allocation Failure) [PSYoungGen: 68992K->1408K(69632K)] 398716K->331132K(757760K), 0.0029103 secs] [Times: user=0.01 sys=0.00, real=0.00 secs] 
1925.327: [GC (Allocation Failure) [PSYoungGen: 68967K->1517K(69632K)] 398691K->331241K(757760K), 0.0016044 secs] [Times: user=0.00 sys=0.00, real=0.00 secs] 
1925.766: [GC (Allocation Failure) [PSYoungGen: 69101K->1613K(69632K)] 398825K->331337K(757760K), 0.0018347 secs] [Times: user=0.01 sys=0.00, real=0.01 secs] 
1926.164: [GC (Allocation Failure) [PSYoungGen: 69197K->1549K(69632K)] 398921K->331273K(757760K), 0.0018402 secs] [Times: user=0.01 sys=0.00, real=0.00 secs] 
1926.561: [GC (Allocation Failure) [PSYoungGen: 69133K->1613K(69632K)] 398857K->331361K(757760K), 0.0018868 secs] [Times: user=0.01 sys=0.00, real=0.00 secs] 
1926.946: [GC (Allocation Failure) [PSYoungGen: 69197K->1408K(69632K)] 398945K->331156K(757760K), 0.0024037 secs] [Times: user=0.01 sys=0.00, real=0.01 secs] 
1927.484: [GC (Allocation Failure) [PSYoungGen: 68992K->1376K(69632K)] 398740K->331124K(757760K), 0.0022866 secs] [Times: user=0.00 sys=0.00, real=0.00 secs] 
1928.188: [GC (Allocation Failure) [PSYoungGen: 68960K->1408K(69632K)] 398708K->331156K(757760K), 0.0027835 secs] [Times: user=0.01 sys=0.00, real=0.00 secs] 
1928.740: [GC (Allocation Failure) [PSYoungGen: 68992K->1408K(69632K)] 398740K->331156K(757760K), 0.0023156 secs] [Times: user=0.01 sys=0.00, real=0.00 secs] 
1929.360: [GC (Allocation Failure) [PSYoungGen: 68992K->1549K(69632K)] 398740K->331297K(757760K), 0.0017422 secs] [Times: user=0.00 sys=0.00, real=0.00 secs] 
1929.763: [GC (Allocation Failure) [PSYoungGen: 69133K->1549K(69632K)] 398881K->331297K(757760K), 0.0017291 secs] [Times: user=0.01 sys=0.00, real=0.00 secs] 
1930.155: [GC (Allocation Failure) [PSYoungGen: 69133K->1613K(69632K)] 398881K->331361K(757760K), 0.0017526 secs] [Times: user=0.00 sys=0.00, real=0.00 secs] 
1930.620: [GC (Allocation Failure) [PSYoungGen: 69197K->2016K(69632K)] 398945K->331764K(757760K), 0.0019595 secs] [Times: user=0.01 sys=0.00, real=0.00 secs] 
1930.968: [GC (Allocation Failure) [PSYoungGen: 69600K->1376K(69632K)] 399348K->331140K(757760K), 0.0025116 secs] [Times: user=0.01 sys=0.00, real=0.00 secs] 
1931.549: [GC (Allocation Failure) [PSYoungGen: 68960K->1376K(69632K)] 398724K->331140K(757760K), 0.0023613 secs] [Times: user=0.01 sys=0.00, real=0.00 secs] 
1932.191: [GC (Allocation Failure) [PSYoungGen: 68960K->1376K(69632K)] 398724K->331140K(757760K), 0.0041638 secs] [Times: user=0.01 sys=0.00, real=0.00 secs] 
1932.844: [GC (Allocation Failure) [PSYoungGen: 68960K->1376K(69632K)] 398724K->331140K(757760K), 0.0032722 secs] [Times: user=0.01 sys=0.00, real=0.01 secs] 
1933.393: [GC (Allocation Failure) [PSYoungGen: 68959K->1549K(69632K)] 398723K->331321K(757760K), 0.0019352 secs] [Times: user=0.00 sys=0.01, real=0.00 secs] 
1933.845: [GC (Allocation Failure) [PSYoungGen: 69133K->1613K(69632K)] 398905K->331385K(757760K), 0.0017894 secs] [Times: user=0.01 sys=0.00, real=0.01 secs] 
1934.245: [GC (Allocation Failure) [PSYoungGen: 69197K->1565K(69632K)] 398969K->331337K(757760K), 0.0017449 secs] [Times: user=0.01 sys=0.00, real=0.00 secs] 
1934.654: [GC (Allocation Failure) [PSYoungGen: 69149K->1536K(69632K)] 398921K->331316K(757760K), 0.0022553 secs] [Times: user=0.00 sys=0.00, real=0.00 secs] 
1934.935: [GC (Allocation Failure) [PSYoungGen: 69120K->1376K(69632K)] 398900K->331164K(757760K), 0.0019768 secs] [Times: user=0.01 sys=0.00, real=0.01 secs] 
1935.259: [GC (Allocation Failure) [PSYoungGen: 68960K->1376K(69632K)] 398748K->331164K(757760K), 0.0018578 secs] [Times: user=0.01 sys=0.00, real=0.00 secs] 
1935.806: [GC (Allocation Failure) [PSYoungGen: 68960K->1376K(69632K)] 398748K->331164K(757760K), 0.0020992 secs] [Times: user=0.01 sys=0.00, real=0.01 secs] 
1936.358: [GC (Allocation Failure) [PSYoungGen: 68960K->1517K(69632K)] 398748K->331313K(757760K), 0.0015306 secs] [Times: user=0.00 sys=0.00, real=0.00 secs] 
1936.751: [GC (Allocation Failure) [PSYoungGen: 69101K->1549K(69632K)] 398897K->331353K(757760K), 0.0016409 secs] [Times: user=0.00 sys=0.00, real=0.00 secs] 
1937.205: [GC (Allocation Failure) [PSYoungGen: 69133K->1581K(69632K)] 398937K->331385K(757760K), 0.0018359 secs] [Times: user=0.01 sys=0.00, real=0.01 secs] 
1937.661: [GC (Allocation Failure) [PSYoungGen: 69165K->1552K(69632K)] 398969K->331364K(757760K), 0.0017824 secs] [Times: user=0.00 sys=0.00, real=0.00 secs] 
1938.026: [GC (Allocation Failure) [PSYoungGen: 69136K->1520K(69632K)] 398948K->331332K(757760K), 0.0026778 secs] [Times: user=0.01 sys=0.00, real=0.01 secs] 
1938.366: [GC (Allocation Failure) [PSYoungGen: 69104K->1408K(69632K)] 398916K->331220K(757760K), 0.0021493 secs] [Times: user=0.01 sys=0.00, real=0.01 secs] 
1938.812: [GC (Allocation Failure) [PSYoungGen: 68992K->1424K(69632K)] 398804K->331236K(757760K), 0.0022388 secs] [Times: user=0.01 sys=0.00, real=0.00 secs] 
1939.607: [GC (Allocation Failure) [PSYoungGen: 69008K->1440K(69632K)] 398820K->331252K(757760K), 0.0023029 secs] [Times: user=0.01 sys=0.00, real=0.00 secs] 
1940.350: [GC (Allocation Failure) [PSYoungGen: 69024K->1485K(69632K)] 398836K->331329K(757760K), 0.0016316 secs] [Times: user=0.00 sys=0.00, real=0.00 secs] 
1940.744: [GC (Allocation Failure) [PSYoungGen: 69052K->1581K(69632K)] 398896K->331425K(757760K), 0.0016666 secs] [Times: user=0.01 sys=0.00, real=0.00 secs] 
1941.142: [GC (Allocation Failure) [PSYoungGen: 69165K->1581K(69632K)] 399009K->331425K(757760K), 0.0015923 secs] [Times: user=0.01 sys=0.00, real=0.00 secs] 
1941.538: [GC (Allocation Failure) [PSYoungGen: 69165K->1549K(69632K)] 399009K->331409K(757760K), 0.0016725 secs] [Times: user=0.01 sys=0.00, real=0.00 secs] 
1942.680: [GC (Allocation Failure) [PSYoungGen: 69133K->1376K(69632K)] 398993K->331236K(757760K), 0.0031293 secs] [Times: user=0.01 sys=0.00, real=0.00 secs] 
1943.191: [GC (Allocation Failure) [PSYoungGen: 68960K->1376K(69632K)] 398820K->331236K(757760K), 0.0018718 secs] [Times: user=0.01 sys=0.00, real=0.00 secs] 
1943.563: [GC (Allocation Failure) [PSYoungGen: 68960K->1424K(69632K)] 398820K->331284K(757760K), 0.0018421 secs] [Times: user=0.01 sys=0.00, real=0.00 secs] 
1944.132: [GC (Allocation Failure) [PSYoungGen: 69008K->1408K(69632K)] 398868K->331268K(757760K), 0.0020175 secs] [Times: user=0.01 sys=0.00, real=0.00 secs] 
1944.612: [GC (Allocation Failure) [PSYoungGen: 68992K->1581K(69632K)] 398852K->331441K(757760K), 0.0016325 secs] [Times: user=0.01 sys=0.00, real=0.00 secs] 
1945.006: [GC (Allocation Failure) [PSYoungGen: 69165K->1565K(69632K)] 399025K->331425K(757760K), 0.0016990 secs] [Times: user=0.01 sys=0.00, real=0.01 secs] 
1945.457: [GC (Allocation Failure) [PSYoungGen: 69149K->1613K(69632K)] 399009K->331473K(757760K), 0.0017939 secs] [Times: user=0.01 sys=0.00, real=0.00 secs] 
1945.850: [GC (Allocation Failure) [PSYoungGen: 69197K->256K(69632K)] 399057K->330132K(757760K), 0.0015925 secs] [Times: user=0.01 sys=0.00, real=0.00 secs] 
1947.133: [GC (Allocation Failure) [PSYoungGen: 67840K->1376K(69632K)] 397716K->331252K(757760K), 0.0039329 secs] [Times: user=0.01 sys=0.00, real=0.01 secs] 
1947.990: [GC (Allocation Failure) [PSYoungGen: 68960K->1440K(69632K)] 398836K->331316K(757760K), 0.0038644 secs] [Times: user=0.02 sys=0.00, real=0.00 secs] 
1948.367: [GC (Allocation Failure) [PSYoungGen: 69024K->1376K(69632K)] 398900K->331252K(757760K), 0.0020206 secs] [Times: user=0.00 sys=0.00, real=0.00 secs] 
1948.710: [GC (Allocation Failure) [PSYoungGen: 68960K->1360K(69632K)] 398836K->331236K(757760K), 0.0018694 secs] [Times: user=0.01 sys=0.00, real=0.00 secs] 
1949.137: [GC (Allocation Failure) [PSYoungGen: 68932K->1597K(69632K)] 398809K->331473K(757760K), 0.0016804 secs] [Times: user=0.00 sys=0.00, real=0.00 secs] 
1949.531: [GC (Allocation Failure) [PSYoungGen: 69181K->1613K(69632K)] 399057K->331489K(757760K), 0.0016886 secs] [Times: user=0.01 sys=0.00, real=0.00 secs] 
1949.927: [GC (Allocation Failure) [PSYoungGen: 69197K->1565K(69632K)] 399073K->331441K(757760K), 0.0017277 secs] [Times: user=0.01 sys=0.00, real=0.01 secs] 
1950.498: [GC (Allocation Failure) [PSYoungGen: 69149K->1488K(69632K)] 399025K->331364K(757760K), 0.0018611 secs] [Times: user=0.01 sys=0.00, real=0.00 secs] 
1951.146: [GC (Allocation Failure) [PSYoungGen: 69072K->1376K(69632K)] 398948K->331252K(757760K), 0.0034508 secs] [Times: user=0.01 sys=0.00, real=0.01 secs] 
1951.778: [GC (Allocation Failure) [PSYoungGen: 68960K->1376K(69632K)] 398836K->331276K(757760K), 0.0033000 secs] [Times: user=0.01 sys=0.00, real=0.00 secs] 
1952.346: [GC (Allocation Failure) [PSYoungGen: 68960K->1376K(69632K)] 398860K->331276K(757760K), 0.0029173 secs] [Times: user=0.01 sys=0.00, real=0.01 secs] 
1952.951: [GC (Allocation Failure) [PSYoungGen: 68960K->1453K(69632K)] 398860K->331361K(757760K), 0.0018658 secs] [Times: user=0.00 sys=0.00, real=0.00 secs] 
1953.374: [GC (Allocation Failure) [PSYoungGen: 69037K->1581K(69632K)] 398945K->331489K(757760K), 0.0016077 secs] [Times: user=0.01 sys=0.00, real=0.00 secs] 
1953.765: [GC (Allocation Failure) [PSYoungGen: 69165K->1581K(69632K)] 399073K->331489K(757760K), 0.0017185 secs] [Times: user=0.01 sys=0.00, real=0.00 secs] 
1954.160: [GC (Allocation Failure) [PSYoungGen: 69165K->1581K(69632K)] 399073K->331489K(757760K), 0.0016560 secs] [Times: user=0.01 sys=0.00, real=0.00 secs] 
1954.726: [GC (Allocation Failure) [PSYoungGen: 69165K->1504K(69632K)] 399073K->331412K(757760K), 0.0024290 secs] [Times: user=0.01 sys=0.00, real=0.01 secs] 
1955.299: [GC (Allocation Failure) [PSYoungGen: 69088K->1408K(69632K)] 398996K->331316K(757760K), 0.0022789 secs] [Times: user=0.01 sys=0.00, real=0.00 secs] 
1955.748: [GC (Allocation Failure) [PSYoungGen: 68992K->1408K(69632K)] 398900K->331316K(757760K), 0.0023336 secs] [Times: user=0.01 sys=0.00, real=0.00 secs] 
1956.305: [GC (Allocation Failure) [PSYoungGen: 68992K->1408K(69632K)] 398900K->331316K(757760K), 0.0040688 secs] [Times: user=0.02 sys=0.00, real=0.01 secs] 
1957.008: [GC (Allocation Failure) [PSYoungGen: 68968K->1517K(69632K)] 398876K->331425K(757760K), 0.0016759 secs] [Times: user=0.00 sys=0.00, real=0.00 secs] 
1957.402: [GC (Allocation Failure) [PSYoungGen: 69101K->1581K(69632K)] 399009K->331489K(757760K), 0.0017390 secs] [Times: user=0.01 sys=0.00, real=0.00 secs] 
1957.796: [GC (Allocation Failure) [PSYoungGen: 69165K->1581K(69632K)] 399073K->331489K(757760K), 0.0016711 secs] [Times: user=0.00 sys=0.00, real=0.01 secs] 
1958.189: [GC (Allocation Failure) [PSYoungGen: 69165K->1584K(69632K)] 399073K->331516K(757760K), 0.0017208 secs] [Times: user=0.01 sys=0.00, real=0.00 secs] 
1958.603: [GC (Allocation Failure) [PSYoungGen: 69168K->1456K(69632K)] 399100K->331388K(757760K), 0.0019114 secs] [Times: user=0.00 sys=0.00, real=0.00 secs] 
1958.935: [GC (Allocation Failure) [PSYoungGen: 69040K->1408K(69632K)] 398972K->331340K(757760K), 0.0018501 secs] [Times: user=0.01 sys=0.00, real=0.00 secs] 
1959.249: [GC (Allocation Failure) [PSYoungGen: 68992K->1408K(69632K)] 398924K->331340K(757760K), 0.0023501 secs] [Times: user=0.01 sys=0.00, real=0.00 secs] 
1959.572: [GC (Allocation Failure) [PSYoungGen: 68992K->1376K(69632K)] 398924K->331316K(757760K), 0.0019735 secs] [Times: user=0.01 sys=0.00, real=0.00 secs] 
1959.954: [GC (Allocation Failure) [PSYoungGen: 68960K->1549K(69632K)] 398900K->331513K(757760K), 0.0016164 secs] [Times: user=0.01 sys=0.00, real=0.00 secs] 
1960.354: [GC (Allocation Failure) [PSYoungGen: 69133K->1565K(69632K)] 399097K->331529K(757760K), 0.0014920 secs] [Times: user=0.01 sys=0.00, real=0.00 secs] 
1960.756: [GC (Allocation Failure) [PSYoungGen: 69149K->1613K(69632K)] 399113K->331577K(757760K), 0.0016507 secs] [Times: user=0.01 sys=0.00, real=0.01 secs] 
1961.150: [GC (Allocation Failure) [PSYoungGen: 69197K->1613K(69632K)] 399161K->331593K(757760K), 0.0017300 secs] [Times: user=0.01 sys=0.00, real=0.00 secs] 
1962.090: [GC (Allocation Failure) [PSYoungGen: 69197K->1408K(69632K)] 399177K->331388K(757760K), 0.0019390 secs] [Times: user=0.01 sys=0.00, real=0.00 secs] 
1963.019: [GC (Allocation Failure) [PSYoungGen: 68992K->1408K(69632K)] 398972K->331388K(757760K), 0.0023302 secs] [Times: user=0.01 sys=0.00, real=0.00 secs] 
1964.001: [GC (Allocation Failure) [PSYoungGen: 68992K->1408K(69632K)] 398972K->331388K(757760K), 0.0032625 secs] [Times: user=0.01 sys=0.00, real=0.00 secs] 
1964.667: [GC (Allocation Failure) [PSYoungGen: 68992K->1408K(69632K)] 398972K->331388K(757760K), 0.0023497 secs] [Times: user=0.01 sys=0.00, real=0.00 secs] 
1965.165: [GC (Allocation Failure) [PSYoungGen: 68992K->1581K(69632K)] 398972K->331561K(757760K), 0.0016331 secs] [Times: user=0.01 sys=0.00, real=0.00 secs] 
1965.558: [GC (Allocation Failure) [PSYoungGen: 69165K->1597K(69632K)] 399145K->331577K(757760K), 0.0016982 secs] [Times: user=0.00 sys=0.00, real=0.00 secs] 
1965.951: [GC (Allocation Failure) [PSYoungGen: 69181K->1581K(69632K)] 399161K->331561K(757760K), 0.0016738 secs] [Times: user=0.00 sys=0.00, real=0.00 secs] 
1966.407: [GC (Allocation Failure) [PSYoungGen: 69165K->2016K(69632K)] 399145K->332020K(757760K), 0.0017379 secs] [Times: user=0.00 sys=0.00, real=0.01 secs] 
1966.989: [GC (Allocation Failure) [PSYoungGen: 69600K->1376K(69632K)] 399604K->331380K(757760K), 0.0018580 secs] [Times: user=0.01 sys=0.00, real=0.00 secs] 
1967.270: [GC (Allocation Failure) [PSYoungGen: 68960K->1408K(69632K)] 398964K->331412K(757760K), 0.0019404 secs] [Times: user=0.01 sys=0.00, real=0.00 secs] 
1967.551: [GC (Allocation Failure) [PSYoungGen: 68992K->1376K(69632K)] 398996K->331380K(757760K), 0.0019970 secs] [Times: user=0.01 sys=0.00, real=0.00 secs] 
1967.832: [GC (Allocation Failure) [PSYoungGen: 68960K->1376K(69632K)] 398964K->331380K(757760K), 0.0018369 secs] [Times: user=0.01 sys=0.01, real=0.00 secs] 
1968.270: [GC (Allocation Failure) [PSYoungGen: 68952K->1581K(69632K)] 398956K->331585K(757760K), 0.0016035 secs] [Times: user=0.01 sys=0.00, real=0.00 secs] 
1968.663: [GC (Allocation Failure) [PSYoungGen: 69165K->1613K(69632K)] 399169K->331617K(757760K), 0.0016037 secs] [Times: user=0.01 sys=0.00, real=0.00 secs] 
1969.120: [GC (Allocation Failure) [PSYoungGen: 69197K->1597K(69632K)] 399201K->331601K(757760K), 0.0017473 secs] [Times: user=0.01 sys=0.00, real=0.00 secs] 
1969.714: [GC (Allocation Failure) [PSYoungGen: 69181K->1488K(69632K)] 399185K->331492K(757760K), 0.0024725 secs] [Times: user=0.01 sys=0.00, real=0.00 secs] 
1970.073: [GC (Allocation Failure) [PSYoungGen: 69072K->1376K(69632K)] 399076K->331380K(757760K), 0.0019410 secs] [Times: user=0.01 sys=0.00, real=0.00 secs] 
1970.361: [GC (Allocation Failure) [PSYoungGen: 68960K->1376K(69632K)] 398964K->331396K(757760K), 0.0022500 secs] [Times: user=0.01 sys=0.00, real=0.00 secs] 
1970.642: [GC (Allocation Failure) [PSYoungGen: 68960K->1376K(69632K)] 398980K->331396K(757760K), 0.0024829 secs] [Times: user=0.01 sys=0.00, real=0.00 secs] 
1971.082: [GC (Allocation Failure) [PSYoungGen: 68960K->1453K(69632K)] 398980K->331473K(757760K), 0.0018673 secs] [Times: user=0.00 sys=0.00, real=0.00 secs] 
1971.478: [GC (Allocation Failure) [PSYoungGen: 69037K->1613K(69632K)] 399057K->331633K(757760K), 0.0017052 secs] [Times: user=0.01 sys=0.00, real=0.00 secs] 
1971.873: [GC (Allocation Failure) [PSYoungGen: 69176K->1581K(69632K)] 399196K->331601K(757760K), 0.0017970 secs] [Times: user=0.01 sys=0.00, real=0.00 secs] 
1972.273: [GC (Allocation Failure) [PSYoungGen: 69165K->1549K(69632K)] 399185K->331577K(757760K), 0.0016161 secs] [Times: user=0.01 sys=0.00, real=0.00 secs] 
1972.851: [GC (Allocation Failure) [PSYoungGen: 69133K->1488K(69632K)] 399161K->331516K(757760K), 0.0016567 secs] [Times: user=0.00 sys=0.00, real=0.00 secs] 
1973.179: [GC (Allocation Failure) [PSYoungGen: 69072K->1376K(69632K)] 399100K->331404K(757760K), 0.0015518 secs] [Times: user=0.01 sys=0.00, real=0.00 secs] 
1973.748: [GC (Allocation Failure) [PSYoungGen: 68960K->1376K(69632K)] 398988K->331404K(757760K), 0.0023277 secs] [Times: user=0.01 sys=0.00, real=0.00 secs] 
1974.314: [GC (Allocation Failure) [PSYoungGen: 68960K->1360K(69632K)] 398988K->331388K(757760K), 0.0024343 secs] [Times: user=0.01 sys=0.00, real=0.00 secs] 
1974.883: [GC (Allocation Failure) [PSYoungGen: 68944K->1565K(69632K)] 398972K->331593K(757760K), 0.0016367 secs] [Times: user=0.01 sys=0.00, real=0.00 secs] 
1975.276: [GC (Allocation Failure) [PSYoungGen: 69149K->1565K(69632K)] 399177K->331593K(757760K), 0.0016185 secs] [Times: user=0.01 sys=0.00, real=0.01 secs] 
1975.694: [GC (Allocation Failure) [PSYoungGen: 69143K->1581K(69632K)] 399171K->331609K(757760K), 0.0017728 secs] [Times: user=0.01 sys=0.00, real=0.00 secs] 
1976.090: [GC (Allocation Failure) [PSYoungGen: 69165K->1581K(69632K)] 399193K->331625K(757760K), 0.0018180 secs] [Times: user=0.00 sys=0.00, real=0.00 secs] 
1976.416: [GC (Allocation Failure) [PSYoungGen: 69165K->1440K(69632K)] 399209K->331484K(757760K), 0.0021092 secs] [Times: user=0.01 sys=0.00, real=0.01 secs] 
1976.892: [GC (Allocation Failure) [PSYoungGen: 69024K->1440K(69632K)] 399068K->331484K(757760K), 0.0020056 secs] [Times: user=0.00 sys=0.00, real=0.00 secs] 
1977.458: [GC (Allocation Failure) [PSYoungGen: 69024K->1376K(69632K)] 399068K->331420K(757760K), 0.0025593 secs] [Times: user=0.01 sys=0.00, real=0.00 secs] 
1978.066: [GC (Allocation Failure) [PSYoungGen: 68960K->1376K(69632K)] 399004K->331420K(757760K), 0.0030060 secs] [Times: user=0.01 sys=0.00, real=0.01 secs] 
1978.654: [GC (Allocation Failure) [PSYoungGen: 68960K->1549K(69632K)] 399004K->331593K(757760K), 0.0016321 secs] [Times: user=0.01 sys=0.00, real=0.00 secs] 
1979.049: [GC (Allocation Failure) [PSYoungGen: 69133K->1565K(69632K)] 399177K->331609K(757760K), 0.0016747 secs] [Times: user=0.00 sys=0.00, real=0.00 secs] 
1979.441: [GC (Allocation Failure) [PSYoungGen: 69149K->1616K(69632K)] 399193K->331660K(757760K), 0.0017150 secs] [Times: user=0.01 sys=0.00, real=0.00 secs] 
1979.889: [GC (Allocation Failure) [PSYoungGen: 69200K->1664K(69632K)] 399244K->331708K(757760K), 0.0019775 secs] [Times: user=0.00 sys=0.00, real=0.00 secs] 
1980.199: [GC (Allocation Failure) [PSYoungGen: 69248K->1376K(69632K)] 399292K->331420K(757760K), 0.0016617 secs] [Times: user=0.01 sys=0.00, real=0.00 secs] 
1980.660: [GC (Allocation Failure) [PSYoungGen: 68960K->1392K(69632K)] 399004K->331460K(757760K), 0.0019362 secs] [Times: user=0.01 sys=0.00, real=0.00 secs] 
1981.173: [GC (Allocation Failure) [PSYoungGen: 68976K->1376K(69632K)] 399044K->331444K(757760K), 0.0020095 secs] [Times: user=0.01 sys=0.00, real=0.00 secs] 
1981.755: [GC (Allocation Failure) [PSYoungGen: 68960K->1408K(69632K)] 399028K->331476K(757760K), 0.0022003 secs] [Times: user=0.01 sys=0.00, real=0.01 secs] 
1982.292: [GC (Allocation Failure) [PSYoungGen: 68991K->1581K(69632K)] 399059K->331649K(757760K), 0.0017690 secs] [Times: user=0.01 sys=0.00, real=0.00 secs] 
1982.688: [GC (Allocation Failure) [PSYoungGen: 69165K->1549K(69632K)] 399233K->331617K(757760K), 0.0017878 secs] [Times: user=0.00 sys=0.00, real=0.00 secs] 
1983.143: [GC (Allocation Failure) [PSYoungGen: 69133K->1549K(69632K)] 399201K->331617K(757760K), 0.0017841 secs] [Times: user=0.01 sys=0.00, real=0.00 secs] 
1983.577: [GC (Allocation Failure) [PSYoungGen: 69133K->1504K(69632K)] 399201K->331580K(757760K), 0.0023833 secs] [Times: user=0.01 sys=0.00, real=0.00 secs] 
1983.859: [GC (Allocation Failure) [PSYoungGen: 69088K->1408K(69632K)] 399164K->331484K(757760K), 0.0020318 secs] [Times: user=0.01 sys=0.00, real=0.00 secs] 
1984.255: [GC (Allocation Failure) [PSYoungGen: 68992K->1408K(69632K)] 399068K->331484K(757760K), 0.0018883 secs] [Times: user=0.01 sys=0.00, real=0.00 secs] 
1984.696: [GC (Allocation Failure) [PSYoungGen: 68992K->1408K(69632K)] 399068K->331484K(757760K), 0.0019055 secs] [Times: user=0.01 sys=0.00, real=0.01 secs] 
1985.394: [GC (Allocation Failure) [PSYoungGen: 68979K->1485K(69632K)] 399056K->331561K(757760K), 0.0018916 secs] [Times: user=0.01 sys=0.00, real=0.00 secs] 
1985.800: [GC (Allocation Failure) [PSYoungGen: 69069K->1581K(69632K)] 399145K->331657K(757760K), 0.0017533 secs] [Times: user=0.01 sys=0.00, real=0.00 secs] 
1986.192: [GC (Allocation Failure) [PSYoungGen: 69165K->1581K(69632K)] 399241K->331657K(757760K), 0.0016527 secs] [Times: user=0.00 sys=0.00, real=0.00 secs] 
1986.588: [GC (Allocation Failure) [PSYoungGen: 69165K->1565K(69632K)] 399241K->331649K(757760K), 0.0016580 secs] [Times: user=0.01 sys=0.00, real=0.00 secs] 
1986.980: [GC (Allocation Failure) [PSYoungGen: 69149K->1456K(69632K)] 399233K->331540K(757760K), 0.0019904 secs] [Times: user=0.01 sys=0.00, real=0.00 secs] 
1987.269: [GC (Allocation Failure) [PSYoungGen: 69040K->1376K(69632K)] 399124K->331460K(757760K), 0.0017353 secs] [Times: user=0.00 sys=0.00, real=0.00 secs] 
1987.551: [GC (Allocation Failure) [PSYoungGen: 68960K->1408K(69632K)] 399044K->331492K(757760K), 0.0031881 secs] [Times: user=0.01 sys=0.00, real=0.00 secs] 
1987.833: [GC (Allocation Failure) [PSYoungGen: 68992K->1408K(69632K)] 399076K->331492K(757760K), 0.0022146 secs] [Times: user=0.01 sys=0.00, real=0.00 secs] 
1988.245: [GC (Allocation Failure) [PSYoungGen: 68992K->1517K(69632K)] 399076K->331601K(757760K), 0.0015701 secs] [Times: user=0.00 sys=0.00, real=0.00 secs] 
1988.639: [GC (Allocation Failure) [PSYoungGen: 69082K->1632K(69632K)] 399167K->331716K(757760K), 0.0016358 secs] [Times: user=0.01 sys=0.00, real=0.00 secs] 
1989.036: [GC (Allocation Failure) [PSYoungGen: 69216K->1613K(69632K)] 399300K->331697K(757760K), 0.0017380 secs] [Times: user=0.01 sys=0.00, real=0.01 secs] 
1989.436: [GC (Allocation Failure) [PSYoungGen: 69197K->1613K(69632K)] 399281K->331729K(757760K), 0.0017076 secs] [Times: user=0.01 sys=0.00, real=0.01 secs] 
1989.827: [GC (Allocation Failure) [PSYoungGen: 69197K->1440K(69632K)] 399313K->331556K(757760K), 0.0019093 secs] [Times: user=0.00 sys=0.00, real=0.00 secs] 
1990.108: [GC (Allocation Failure) [PSYoungGen: 69024K->1376K(69632K)] 399140K->331492K(757760K), 0.0018650 secs] [Times: user=0.01 sys=0.00, real=0.00 secs] 
1990.446: [GC (Allocation Failure) [PSYoungGen: 68960K->1376K(69632K)] 399076K->331492K(757760K), 0.0019339 secs] [Times: user=0.00 sys=0.00, real=0.01 secs] 
1990.727: [GC (Allocation Failure) [PSYoungGen: 68960K->1376K(69632K)] 399076K->331492K(757760K), 0.0017801 secs] [Times: user=0.01 sys=0.00, real=0.00 secs] 
1991.153: [GC (Allocation Failure) [PSYoungGen: 68960K->1517K(69632K)] 399076K->331633K(757760K), 0.0016091 secs] [Times: user=0.00 sys=0.00, real=0.00 secs] 
1991.551: [GC (Allocation Failure) [PSYoungGen: 69101K->1517K(69632K)] 399217K->331633K(757760K), 0.0017548 secs] [Times: user=0.00 sys=0.00, real=0.00 secs] 
1992.006: [GC (Allocation Failure) [PSYoungGen: 69101K->1565K(69632K)] 399217K->331681K(757760K), 0.0017636 secs] [Times: user=0.01 sys=0.00, real=0.01 secs] 
1992.459: [GC (Allocation Failure) [PSYoungGen: 69149K->1565K(69632K)] 399265K->331697K(757760K), 0.0016862 secs] [Times: user=0.00 sys=0.00, real=0.00 secs] 
1993.274: [GC (Allocation Failure) [PSYoungGen: 69149K->1440K(69632K)] 399281K->331572K(757760K), 0.0024484 secs] [Times: user=0.01 sys=0.00, real=0.00 secs] 
1994.109: [GC (Allocation Failure) [PSYoungGen: 69024K->1408K(69632K)] 399156K->331540K(757760K), 0.0032642 secs] [Times: user=0.02 sys=0.00, real=0.00 secs] 
1994.834: [GC (Allocation Failure) [PSYoungGen: 68992K->1376K(69632K)] 399124K->331508K(757760K), 0.0027176 secs] [Times: user=0.01 sys=0.00, real=0.01 secs] 
1995.689: [GC (Allocation Failure) [PSYoungGen: 68960K->1376K(69632K)] 399092K->331508K(757760K), 0.0039535 secs] [Times: user=0.02 sys=0.00, real=0.00 secs] 
1996.334: [GC (Allocation Failure) [PSYoungGen: 68933K->1613K(69632K)] 399066K->331745K(757760K), 0.0016952 secs] [Times: user=0.01 sys=0.00, real=0.00 secs] 
1996.730: [GC (Allocation Failure) [PSYoungGen: 69197K->1613K(69632K)] 399329K->331745K(757760K), 0.0016705 secs] [Times: user=0.00 sys=0.00, real=0.00 secs] 
1997.125: [GC (Allocation Failure) [PSYoungGen: 69197K->1600K(69632K)] 399329K->331732K(757760K), 0.0016364 secs] [Times: user=0.01 sys=0.00, real=0.00 secs] 
1997.507: [GC (Allocation Failure) [PSYoungGen: 69184K->1568K(69632K)] 399316K->331700K(757760K), 0.0018527 secs] [Times: user=0.01 sys=0.00, real=0.00 secs] 
1997.795: [GC (Allocation Failure) [PSYoungGen: 69152K->1376K(69632K)] 399284K->331508K(757760K), 0.0015847 secs] [Times: user=0.00 sys=0.00, real=0.00 secs] 
1998.081: [GC (Allocation Failure) [PSYoungGen: 68960K->1408K(69632K)] 399092K->331540K(757760K), 0.0015775 secs] [Times: user=0.01 sys=0.00, real=0.00 secs] 
1998.467: [GC (Allocation Failure) [PSYoungGen: 68992K->1424K(69632K)] 399124K->331556K(757760K), 0.0015504 secs] [Times: user=0.01 sys=0.00, real=0.00 secs] 
1999.109: [GC (Allocation Failure) [PSYoungGen: 69008K->1533K(69632K)] 399140K->331665K(757760K), 0.0016129 secs] [Times: user=0.00 sys=0.00, real=0.00 secs] 
1999.509: [GC (Allocation Failure) [PSYoungGen: 69117K->1597K(69632K)] 399249K->331729K(757760K), 0.0015696 secs] [Times: user=0.01 sys=0.00, real=0.00 secs] 
1999.902: [GC (Allocation Failure) [PSYoungGen: 69181K->1613K(69632K)] 399313K->331745K(757760K), 0.0016839 secs] [Times: user=0.00 sys=0.00, real=0.00 secs] 
2000.296: [GC (Allocation Failure) [PSYoungGen: 69197K->1549K(69632K)] 399329K->331681K(757760K), 0.0018092 secs] [Times: user=0.01 sys=0.00, real=0.01 secs] 
2000.661: [GC (Allocation Failure) [PSYoungGen: 69133K->1488K(69632K)] 399265K->331644K(757760K), 0.0018514 secs] [Times: user=0.00 sys=0.00, real=0.00 secs] 
2000.942: [GC (Allocation Failure) [PSYoungGen: 69072K->1408K(69632K)] 399228K->331564K(757760K), 0.0017316 secs] [Times: user=0.00 sys=0.00, real=0.00 secs] 
2001.223: [GC (Allocation Failure) [PSYoungGen: 68992K->1408K(69632K)] 399148K->331564K(757760K), 0.0015333 secs] [Times: user=0.01 sys=0.00, real=0.00 secs] 
2001.503: [GC (Allocation Failure) [PSYoungGen: 68992K->1376K(69632K)] 399148K->331532K(757760K), 0.0015702 secs] [Times: user=0.00 sys=0.00, real=0.00 secs] 
2001.839: [GC (Allocation Failure) [PSYoungGen: 68960K->1485K(69632K)] 399116K->331641K(757760K), 0.0016430 secs] [Times: user=0.01 sys=0.00, real=0.00 secs] 
2002.238: [GC (Allocation Failure) [PSYoungGen: 69069K->1581K(69632K)] 399225K->331737K(757760K), 0.0016438 secs] [Times: user=0.01 sys=0.00, real=0.00 secs] 
2002.633: [GC (Allocation Failure) [PSYoungGen: 69165K->1581K(69632K)] 399321K->331737K(757760K), 0.0016863 secs] [Times: user=0.00 sys=0.00, real=0.00 secs] 
2003.026: [GC (Allocation Failure) [PSYoungGen: 69165K->1581K(69632K)] 399321K->331753K(757760K), 0.0017153 secs] [Times: user=0.01 sys=0.00, real=0.01 secs] 
2004.536: [GC (Allocation Failure) [PSYoungGen: 69165K->1424K(69632K)] 399337K->331596K(757760K), 0.0041034 secs] [Times: user=0.01 sys=0.01, real=0.01 secs] 
2005.487: [GC (Allocation Failure) [PSYoungGen: 69008K->1408K(69632K)] 399180K->331580K(757760K), 0.0033366 secs] [Times: user=0.01 sys=0.00, real=0.01 secs] 
2006.038: [GC (Allocation Failure) [PSYoungGen: 68992K->1408K(69632K)] 399164K->331580K(757760K), 0.0021593 secs] [Times: user=0.01 sys=0.00, real=0.00 secs] 
2006.703: [GC (Allocation Failure) [PSYoungGen: 68992K->1376K(69632K)] 399164K->331548K(757760K), 0.0024049 secs] [Times: user=0.01 sys=0.00, real=0.00 secs] 
2007.332: [GC (Allocation Failure) [PSYoungGen: 68960K->1517K(69632K)] 399132K->331689K(757760K), 0.0016980 secs] [Times: user=0.00 sys=0.00, real=0.00 secs] 
2007.729: [GC (Allocation Failure) [PSYoungGen: 69100K->1584K(69632K)] 399272K->331756K(757760K), 0.0016787 secs] [Times: user=0.00 sys=0.00, real=0.00 secs] 
2008.124: [GC (Allocation Failure) [PSYoungGen: 69168K->1565K(69632K)] 399340K->331737K(757760K), 0.0015890 secs] [Times: user=0.01 sys=0.00, real=0.00 secs] 
2008.518: [GC (Allocation Failure) [PSYoungGen: 69149K->1613K(69632K)] 399321K->331793K(757760K), 0.0017268 secs] [Times: user=0.00 sys=0.00, real=0.00 secs] 
2009.373: [GC (Allocation Failure) [PSYoungGen: 69197K->1440K(69632K)] 399377K->331620K(757760K), 0.0021482 secs] [Times: user=0.01 sys=0.00, real=0.00 secs] 
2010.277: [GC (Allocation Failure) [PSYoungGen: 69024K->1440K(69632K)] 399204K->331620K(757760K), 0.0021650 secs] [Times: user=0.01 sys=0.00, real=0.00 secs] 
2010.762: [GC (Allocation Failure) [PSYoungGen: 69024K->1408K(69632K)] 399204K->331588K(757760K), 0.0022339 secs] [Times: user=0.01 sys=0.00, real=0.00 secs] 
2011.365: [GC (Allocation Failure) [PSYoungGen: 68992K->1424K(69632K)] 399172K->331604K(757760K), 0.0023095 secs] [Times: user=0.01 sys=0.00, real=0.01 secs] 
2012.015: [GC (Allocation Failure) [PSYoungGen: 69008K->1565K(69632K)] 399188K->331745K(757760K), 0.0016408 secs] [Times: user=0.01 sys=0.00, real=0.00 secs] 
2012.409: [GC (Allocation Failure) [PSYoungGen: 69149K->1552K(69632K)] 399329K->331732K(757760K), 0.0016601 secs] [Times: user=0.00 sys=0.00, real=0.00 secs] 
2012.801: [GC (Allocation Failure) [PSYoungGen: 69136K->1613K(69632K)] 399316K->331793K(757760K), 0.0016770 secs] [Times: user=0.00 sys=0.00, real=0.00 secs] 
2013.213: [GC (Allocation Failure) [PSYoungGen: 69197K->2000K(69632K)] 399377K->332204K(757760K), 0.0019099 secs] [Times: user=0.00 sys=0.00, real=0.00 secs] 
2013.497: [GC (Allocation Failure) [PSYoungGen: 69584K->1440K(69632K)] 399788K->331644K(757760K), 0.0022576 secs] [Times: user=0.01 sys=0.00, real=0.00 secs] 
2013.885: [GC (Allocation Failure) [PSYoungGen: 69024K->1376K(69632K)] 399228K->331580K(757760K), 0.0018747 secs] [Times: user=0.01 sys=0.00, real=0.00 secs] 
2014.381: [GC (Allocation Failure) [PSYoungGen: 68960K->1408K(69632K)] 399164K->331612K(757760K), 0.0020276 secs] [Times: user=0.01 sys=0.00, real=0.00 secs] 
2014.862: [GC (Allocation Failure) [PSYoungGen: 68992K->1376K(69632K)] 399196K->331580K(757760K), 0.0018954 secs] [Times: user=0.01 sys=0.00, real=0.00 secs] 
2015.298: [GC (Allocation Failure) [PSYoungGen: 68960K->1549K(69632K)] 399164K->331753K(757760K), 0.0017418 secs] [Times: user=0.01 sys=0.00, real=0.00 secs] 
2015.693: [GC (Allocation Failure) [PSYoungGen: 69133K->1597K(69632K)] 399337K->331801K(757760K), 0.0016703 secs] [Times: user=0.01 sys=0.00, real=0.00 secs] 
2016.086: [GC (Allocation Failure) [PSYoungGen: 69181K->1581K(69632K)] 399385K->331785K(757760K), 0.0016435 secs] [Times: user=0.01 sys=0.00, real=0.01 secs] 
2016.532: [GC (Allocation Failure) [PSYoungGen: 69165K->1520K(69632K)] 399369K->331724K(757760K), 0.0019550 secs] [Times: user=0.01 sys=0.00, real=0.00 secs] 
2016.814: [GC (Allocation Failure) [PSYoungGen: 69104K->1376K(69632K)] 399308K->331580K(757760K), 0.0017552 secs] [Times: user=0.01 sys=0.00, real=0.00 secs] 
2017.218: [GC (Allocation Failure) [PSYoungGen: 68960K->1376K(69632K)] 399164K->331580K(757760K), 0.0020235 secs] [Times: user=0.01 sys=0.00, real=0.00 secs] 
2017.537: [GC (Allocation Failure) [PSYoungGen: 68960K->1360K(69632K)] 399164K->331564K(757760K), 0.0019537 secs] [Times: user=0.01 sys=0.00, real=0.00 secs] 
2017.869: [GC (Allocation Failure) [PSYoungGen: 68944K->1472K(69632K)] 399148K->331676K(757760K), 0.0015975 secs] [Times: user=0.00 sys=0.00, real=0.00 secs] 
2018.263: [GC (Allocation Failure) [PSYoungGen: 69056K->1581K(69632K)] 399260K->331785K(757760K), 0.0016973 secs] [Times: user=0.00 sys=0.00, real=0.00 secs] 
2018.664: [GC (Allocation Failure) [PSYoungGen: 69165K->1613K(69632K)] 399369K->331817K(757760K), 0.0016856 secs] [Times: user=0.01 sys=0.00, real=0.00 secs] 
2019.057: [GC (Allocation Failure) [PSYoungGen: 69197K->1581K(69632K)] 399401K->331793K(757760K), 0.0016148 secs] [Times: user=0.00 sys=0.00, real=0.00 secs] 
2019.608: [GC (Allocation Failure) [PSYoungGen: 69165K->1504K(69632K)] 399377K->331740K(757760K), 0.0021225 secs] [Times: user=0.00 sys=0.00, real=0.00 secs] 
2020.526: [GC (Allocation Failure) [PSYoungGen: 69088K->1376K(69632K)] 399324K->331612K(757760K), 0.0031206 secs] [Times: user=0.01 sys=0.00, real=0.01 secs] 
2021.561: [GC (Allocation Failure) [PSYoungGen: 68960K->1344K(69632K)] 399196K->331580K(757760K), 0.0038895 secs] [Times: user=0.01 sys=0.00, real=0.00 secs] 
2022.254: [GC (Allocation Failure) [PSYoungGen: 68928K->1408K(69632K)] 399164K->331644K(757760K), 0.0028197 secs] [Times: user=0.01 sys=0.00, real=0.00 secs] 
2022.868: [GC (Allocation Failure) [PSYoungGen: 68992K->1517K(69632K)] 399228K->331753K(757760K), 0.0016132 secs] [Times: user=0.00 sys=0.00, real=0.00 secs] 
2023.261: [GC (Allocation Failure) [PSYoungGen: 69101K->1581K(69632K)] 399337K->331817K(757760K), 0.0017282 secs] [Times: user=0.01 sys=0.00, real=0.00 secs] 
2023.655: [GC (Allocation Failure) [PSYoungGen: 69165K->1565K(69632K)] 399401K->331801K(757760K), 0.0016932 secs] [Times: user=0.01 sys=0.00, real=0.00 secs] 
2024.049: [GC (Allocation Failure) [PSYoungGen: 69149K->1581K(69632K)] 399385K->331825K(757760K), 0.0015990 secs] [Times: user=0.00 sys=0.00, real=0.00 secs] 
2024.402: [GC (Allocation Failure) [PSYoungGen: 69165K->1408K(69632K)] 399409K->331652K(757760K), 0.0017360 secs] [Times: user=0.01 sys=0.00, real=0.00 secs] 
2024.707: [GC (Allocation Failure) [PSYoungGen: 68992K->1408K(69632K)] 399236K->331652K(757760K), 0.0017524 secs] [Times: user=0.01 sys=0.00, real=0.00 secs] 
2025.032: [GC (Allocation Failure) [PSYoungGen: 68992K->1376K(69632K)] 399236K->331620K(757760K), 0.0018031 secs] [Times: user=0.00 sys=0.00, real=0.00 secs] 
2025.594: [GC (Allocation Failure) [PSYoungGen: 68960K->1376K(69632K)] 399204K->331620K(757760K), 0.0022004 secs] [Times: user=0.01 sys=0.00, real=0.00 secs] 
2026.179: [GC (Allocation Failure) [PSYoungGen: 68938K->1533K(69632K)] 399182K->331777K(757760K), 0.0016264 secs] [Times: user=0.00 sys=0.00, real=0.00 secs] 
2026.572: [GC (Allocation Failure) [PSYoungGen: 69117K->1613K(69632K)] 399361K->331857K(757760K), 0.0015686 secs] [Times: user=0.01 sys=0.00, real=0.00 secs] 
2027.030: [GC (Allocation Failure) [PSYoungGen: 69197K->1549K(69632K)] 399441K->331793K(757760K), 0.0016804 secs] [Times: user=0.01 sys=0.00, real=0.00 secs] 
2027.423: [GC (Allocation Failure) [PSYoungGen: 69133K->432K(69632K)] 399377K->330684K(757760K), 0.0015875 secs] [Times: user=0.01 sys=0.00, real=0.00 secs] 
2028.022: [GC (Allocation Failure) [PSYoungGen: 68016K->1408K(69632K)] 398268K->331660K(757760K), 0.0037242 secs] [Times: user=0.02 sys=0.00, real=0.00 secs] 
2028.386: [GC (Allocation Failure) [PSYoungGen: 68992K->1376K(69632K)] 399244K->331628K(757760K), 0.0020165 secs] [Times: user=0.01 sys=0.00, real=0.01 secs] 
2028.666: [GC (Allocation Failure) [PSYoungGen: 68960K->1408K(69632K)] 399212K->331660K(757760K), 0.0018514 secs] [Times: user=0.00 sys=0.01, real=0.01 secs] 
2029.026: [GC (Allocation Failure) [PSYoungGen: 68992K->1376K(69632K)] 399244K->331628K(757760K), 0.0017038 secs] [Times: user=0.01 sys=0.00, real=0.01 secs] 
2029.532: [GC (Allocation Failure) [PSYoungGen: 68960K->1581K(69632K)] 399212K->331857K(757760K), 0.0017598 secs] [Times: user=0.01 sys=0.00, real=0.00 secs] 
2029.925: [GC (Allocation Failure) [PSYoungGen: 69165K->1613K(69632K)] 399441K->331889K(757760K), 0.0017290 secs] [Times: user=0.01 sys=0.00, real=0.00 secs] 
2030.318: [GC (Allocation Failure) [PSYoungGen: 69197K->1584K(69632K)] 399473K->331860K(757760K), 0.0017829 secs] [Times: user=0.00 sys=0.00, real=0.00 secs] 
2030.724: [GC (Allocation Failure) [PSYoungGen: 69168K->1488K(69632K)] 399444K->331764K(757760K), 0.0018503 secs] [Times: user=0.01 sys=0.00, real=0.00 secs] 
2031.065: [GC (Allocation Failure) [PSYoungGen: 69072K->1376K(69632K)] 399348K->331652K(757760K), 0.0018502 secs] [Times: user=0.01 sys=0.00, real=0.01 secs] 
2031.396: [GC (Allocation Failure) [PSYoungGen: 68960K->1376K(69632K)] 399236K->331652K(757760K), 0.0018578 secs] [Times: user=0.01 sys=0.00, real=0.01 secs] 
2031.683: [GC (Allocation Failure) [PSYoungGen: 68960K->1408K(69632K)] 399236K->331684K(757760K), 0.0018246 secs] [Times: user=0.01 sys=0.00, real=0.00 secs] 
2032.074: [GC (Allocation Failure) [PSYoungGen: 68981K->1488K(69632K)] 399257K->331764K(757760K), 0.0016316 secs] [Times: user=0.00 sys=0.00, real=0.00 secs] 
2032.549: [GC (Allocation Failure) [PSYoungGen: 69072K->1613K(69632K)] 399348K->331889K(757760K), 0.0017398 secs] [Times: user=0.01 sys=0.00, real=0.00 secs] 
2032.941: [GC (Allocation Failure) [PSYoungGen: 69197K->1565K(69632K)] 399473K->331841K(757760K), 0.0016584 secs] [Times: user=0.00 sys=0.00, real=0.00 secs] 
2033.333: [GC (Allocation Failure) [PSYoungGen: 69149K->1549K(69632K)] 399425K->331825K(757760K), 0.0018228 secs] [Times: user=0.01 sys=0.00, real=0.00 secs] 
2034.023: [GC (Allocation Failure) [PSYoungGen: 69133K->1456K(69632K)] 399409K->331732K(757760K), 0.0036357 secs] [Times: user=0.01 sys=0.00, real=0.01 secs] 
2034.616: [GC (Allocation Failure) [PSYoungGen: 69040K->1408K(69632K)] 399316K->331684K(757760K), 0.0032742 secs] [Times: user=0.01 sys=0.00, real=0.01 secs] 
2035.127: [GC (Allocation Failure) [PSYoungGen: 68992K->1408K(69632K)] 399268K->331684K(757760K), 0.0023311 secs] [Times: user=0.01 sys=0.00, real=0.00 secs] 
2035.416: [GC (Allocation Failure) [PSYoungGen: 68992K->1408K(69632K)] 399268K->331684K(757760K), 0.0018367 secs] [Times: user=0.01 sys=0.00, real=0.01 secs] 
2035.775: [GC (Allocation Failure) [PSYoungGen: 68992K->1469K(69632K)] 399268K->331745K(757760K), 0.0016112 secs] [Times: user=0.01 sys=0.00, real=0.00 secs] 
2036.169: [GC (Allocation Failure) [PSYoungGen: 69053K->1581K(69632K)] 399329K->331857K(757760K), 0.0016919 secs] [Times: user=0.01 sys=0.00, real=0.00 secs] 
2036.561: [GC (Allocation Failure) [PSYoungGen: 69165K->1581K(69632K)] 399441K->331857K(757760K), 0.0017398 secs] [Times: user=0.01 sys=0.00, real=0.00 secs] 
2036.955: [GC (Allocation Failure) [PSYoungGen: 69165K->1597K(69632K)] 399441K->331889K(757760K), 0.0017015 secs] [Times: user=0.00 sys=0.00, real=0.00 secs] 
2037.335: [GC (Allocation Failure) [PSYoungGen: 69181K->1472K(69632K)] 399473K->331764K(757760K), 0.0024369 secs] [Times: user=0.01 sys=0.00, real=0.01 secs] 
2037.656: [GC (Allocation Failure) [PSYoungGen: 69056K->1424K(69632K)] 399348K->331716K(757760K), 0.0018637 secs] [Times: user=0.01 sys=0.01, real=0.01 secs] 
2037.957: [GC (Allocation Failure) [PSYoungGen: 69008K->1408K(69632K)] 399300K->331700K(757760K), 0.0018712 secs] [Times: user=0.00 sys=0.00, real=0.00 secs] 
2038.238: [GC (Allocation Failure) [PSYoungGen: 68992K->1360K(69632K)] 399284K->331652K(757760K), 0.0019505 secs] [Times: user=0.01 sys=0.00, real=0.00 secs] 
2038.738: [GC (Allocation Failure) [PSYoungGen: 68944K->1549K(69632K)] 399236K->331841K(757760K), 0.0017723 secs] [Times: user=0.01 sys=0.00, real=0.00 secs] 
2039.132: [GC (Allocation Failure) [PSYoungGen: 69133K->1581K(69632K)] 399425K->331873K(757760K), 0.0017760 secs] [Times: user=0.01 sys=0.00, real=0.00 secs] 
2039.526: [GC (Allocation Failure) [PSYoungGen: 69165K->1549K(69632K)] 399457K->331865K(757760K), 0.0016746 secs] [Times: user=0.01 sys=0.00, real=0.01 secs] 
2039.920: [GC (Allocation Failure) [PSYoungGen: 69133K->1597K(69632K)] 399449K->331921K(757760K), 0.0016895 secs] [Times: user=0.01 sys=0.00, real=0.00 secs] 
2040.509: [GC (Allocation Failure) [PSYoungGen: 69181K->1376K(69632K)] 399505K->331700K(757760K), 0.0016102 secs] [Times: user=0.01 sys=0.00, real=0.00 secs] 
2041.142: [GC (Allocation Failure) [PSYoungGen: 68960K->1392K(69632K)] 399284K->331716K(757760K), 0.0015530 secs] [Times: user=0.01 sys=0.00, real=0.00 secs] 
2041.554: [GC (Allocation Failure) [PSYoungGen: 68976K->1440K(69632K)] 399300K->331764K(757760K), 0.0017783 secs] [Times: user=0.01 sys=0.00, real=0.00 secs] 
2041.857: [GC (Allocation Failure) [PSYoungGen: 69024K->1376K(69632K)] 399348K->331700K(757760K), 0.0017899 secs] [Times: user=0.01 sys=0.00, real=0.00 secs] 
2042.243: [GC (Allocation Failure) [PSYoungGen: 68929K->1501K(69632K)] 399253K->331825K(757760K), 0.0058100 secs] [Times: user=0.02 sys=0.00, real=0.01 secs] 
2042.647: [GC (Allocation Failure) [PSYoungGen: 69085K->1581K(69632K)] 399409K->331905K(757760K), 0.0017126 secs] [Times: user=0.00 sys=0.00, real=0.01 secs] 
2043.043: [GC (Allocation Failure) [PSYoungGen: 69165K->1581K(69632K)] 399489K->331905K(757760K), 0.0017071 secs] [Times: user=0.00 sys=0.00, real=0.00 secs] 
2043.617: [GC (Allocation Failure) [PSYoungGen: 69165K->2016K(69632K)] 399489K->332348K(757760K), 0.0023915 secs] [Times: user=0.01 sys=0.00, real=0.01 secs] 
2045.177: [GC (Allocation Failure) [PSYoungGen: 69600K->1376K(69632K)] 399932K->331708K(757760K), 0.0040809 secs] [Times: user=0.02 sys=0.00, real=0.01 secs] 
2046.197: [GC (Allocation Failure) [PSYoungGen: 68960K->1408K(69632K)] 399292K->331740K(757760K), 0.0026894 secs] [Times: user=0.01 sys=0.01, real=0.00 secs] 
2046.809: [GC (Allocation Failure) [PSYoungGen: 68992K->1408K(69632K)] 399324K->331740K(757760K), 0.0027875 secs] [Times: user=0.01 sys=0.00, real=0.00 secs] 
2047.381: [GC (Allocation Failure) [PSYoungGen: 68992K->1408K(69632K)] 399324K->331740K(757760K), 0.0024516 secs] [Times: user=0.01 sys=0.00, real=0.00 secs] 
2047.884: [GC (Allocation Failure) [PSYoungGen: 68972K->1581K(69632K)] 399304K->331913K(757760K), 0.0016717 secs] [Times: user=0.01 sys=0.00, real=0.00 secs] 
2048.278: [GC (Allocation Failure) [PSYoungGen: 69165K->1568K(69632K)] 399497K->331900K(757760K), 0.0017725 secs] [Times: user=0.01 sys=0.00, real=0.00 secs] 
2048.671: [GC (Allocation Failure) [PSYoungGen: 69152K->1549K(69632K)] 399484K->331881K(757760K), 0.0016895 secs] [Times: user=0.00 sys=0.00, real=0.00 secs] 
2049.066: [GC (Allocation Failure) [PSYoungGen: 69133K->1504K(69632K)] 399465K->331836K(757760K), 0.0019620 secs] [Times: user=0.01 sys=0.00, real=0.01 secs] 
2049.411: [GC (Allocation Failure) [PSYoungGen: 69088K->1424K(69632K)] 399420K->331756K(757760K), 0.0018151 secs] [Times: user=0.01 sys=0.00, real=0.00 secs] 
2049.748: [GC (Allocation Failure) [PSYoungGen: 69008K->1408K(69632K)] 399340K->331740K(757760K), 0.0018124 secs] [Times: user=0.01 sys=0.00, real=0.00 secs] 
2050.152: [GC (Allocation Failure) [PSYoungGen: 68992K->1344K(69632K)] 399324K->331676K(757760K), 0.0019350 secs] [Times: user=0.01 sys=0.00, real=0.00 secs] 
2050.493: [GC (Allocation Failure) [PSYoungGen: 68928K->1488K(69632K)] 399260K->331820K(757760K), 0.0015577 secs] [Times: user=0.01 sys=0.00, real=0.00 secs] 
2050.950: [GC (Allocation Failure) [PSYoungGen: 69072K->1613K(69632K)] 399404K->331945K(757760K), 0.0018461 secs] [Times: user=0.01 sys=0.00, real=0.00 secs] 
2051.346: [GC (Allocation Failure) [PSYoungGen: 69197K->1645K(69632K)] 399529K->331977K(757760K), 0.0018303 secs] [Times: user=0.01 sys=0.00, real=0.01 secs] 
2051.740: [GC (Allocation Failure) [PSYoungGen: 69229K->1581K(69632K)] 399561K->331945K(757760K), 0.0018416 secs] [Times: user=0.00 sys=0.00, real=0.00 secs] 
2052.319: [GC (Allocation Failure) [PSYoungGen: 69165K->1456K(69632K)] 399529K->331820K(757760K), 0.0031459 secs] [Times: user=0.01 sys=0.00, real=0.00 secs] 
2052.988: [GC (Allocation Failure) [PSYoungGen: 69040K->1392K(69632K)] 399404K->331756K(757760K), 0.0030740 secs] [Times: user=0.01 sys=0.00, real=0.00 secs] 
2053.760: [GC (Allocation Failure) [PSYoungGen: 68976K->1408K(69632K)] 399340K->331772K(757760K), 0.0027664 secs] [Times: user=0.02 sys=0.00, real=0.00 secs] 
2054.614: [GC (Allocation Failure) [PSYoungGen: 68992K->1408K(69632K)] 399356K->331780K(757760K), 0.0039128 secs] [Times: user=0.02 sys=0.00, real=0.01 secs] 
2055.279: [GC (Allocation Failure) [PSYoungGen: 68992K->1517K(69632K)] 399364K->331889K(757760K), 0.0016015 secs] [Times: user=0.01 sys=0.00, real=0.00 secs] 
2055.675: [GC (Allocation Failure) [PSYoungGen: 69101K->1565K(69632K)] 399473K->331937K(757760K), 0.0017195 secs] [Times: user=0.00 sys=0.00, real=0.00 secs] 
2056.066: [GC (Allocation Failure) [PSYoungGen: 69149K->1613K(69632K)] 399521K->331985K(757760K), 0.0016938 secs] [Times: user=0.01 sys=0.00, real=0.01 secs] 
2056.460: [GC (Allocation Failure) [PSYoungGen: 69197K->1613K(69632K)] 399569K->332009K(757760K), 0.0016743 secs] [Times: user=0.01 sys=0.00, real=0.00 secs] 
2057.409: [GC (Allocation Failure) [PSYoungGen: 69197K->1472K(69632K)] 399593K->331868K(757760K), 0.0039582 secs] [Times: user=0.02 sys=0.00, real=0.00 secs] 
2058.369: [GC (Allocation Failure) [PSYoungGen: 69056K->1408K(69632K)] 399452K->331812K(757760K), 0.0030647 secs] [Times: user=0.01 sys=0.00, real=0.00 secs] 
2059.204: [GC (Allocation Failure) [PSYoungGen: 68992K->1376K(69632K)] 399396K->331780K(757760K), 0.0025786 secs] [Times: user=0.01 sys=0.00, real=0.01 secs] 
2059.826: [GC (Allocation Failure) [PSYoungGen: 68960K->1408K(69632K)] 399364K->331812K(757760K), 0.0026750 secs] [Times: user=0.01 sys=0.00, real=0.01 secs] 
2060.437: [GC (Allocation Failure) [PSYoungGen: 68992K->1581K(69632K)] 399396K->331985K(757760K), 0.0017216 secs] [Times: user=0.00 sys=0.00, real=0.00 secs] 
2060.830: [GC (Allocation Failure) [PSYoungGen: 69165K->1565K(69632K)] 399569K->331969K(757760K), 0.0017398 secs] [Times: user=0.01 sys=0.00, real=0.00 secs] 
2061.279: [GC (Allocation Failure) [PSYoungGen: 69149K->1597K(69632K)] 399553K->332001K(757760K), 0.0018383 secs] [Times: user=0.00 sys=0.00, real=0.00 secs] 
2061.796: [GC (Allocation Failure) [PSYoungGen: 69181K->1600K(69632K)] 399585K->332004K(757760K), 0.0017547 secs] [Times: user=0.01 sys=0.00, real=0.01 secs] 
2062.490: [GC (Allocation Failure) [PSYoungGen: 69184K->1376K(69632K)] 399588K->331780K(757760K), 0.0035465 secs] [Times: user=0.01 sys=0.00, real=0.00 secs] 
2063.085: [GC (Allocation Failure) [PSYoungGen: 68960K->1408K(69632K)] 399364K->331836K(757760K), 0.0026218 secs] [Times: user=0.01 sys=0.00, real=0.01 secs] 
2063.373: [GC (Allocation Failure) [PSYoungGen: 68992K->1344K(69632K)] 399420K->331772K(757760K), 0.0019346 secs] [Times: user=0.00 sys=0.00, real=0.00 secs] 
2063.699: [GC (Allocation Failure) [PSYoungGen: 68928K->1408K(69632K)] 399356K->331836K(757760K), 0.0019259 secs] [Times: user=0.01 sys=0.01, real=0.00 secs] 
2064.164: [GC (Allocation Failure) [PSYoungGen: 68979K->1613K(69632K)] 399407K->332041K(757760K), 0.0016599 secs] [Times: user=0.01 sys=0.00, real=0.00 secs] 
2064.558: [GC (Allocation Failure) [PSYoungGen: 69197K->1613K(69632K)] 399625K->332041K(757760K), 0.0015853 secs] [Times: user=0.01 sys=0.00, real=0.00 secs] 
2064.950: [GC (Allocation Failure) [PSYoungGen: 69197K->1597K(69632K)] 399625K->332025K(757760K), 0.0017334 secs] [Times: user=0.01 sys=0.00, real=0.00 secs] 
2065.519: [GC (Allocation Failure) [PSYoungGen: 69181K->1440K(69632K)] 399609K->331868K(757760K), 0.0018709 secs] [Times: user=0.01 sys=0.00, real=0.00 secs] 
2066.090: [GC (Allocation Failure) [PSYoungGen: 69024K->1376K(69632K)] 399452K->331804K(757760K), 0.0018689 secs] [Times: user=0.00 sys=0.00, real=0.00 secs] 
2066.416: [GC (Allocation Failure) [PSYoungGen: 68960K->1392K(69632K)] 399388K->331820K(757760K), 0.0019665 secs] [Times: user=0.01 sys=0.00, real=0.01 secs] 
2066.955: [GC (Allocation Failure) [PSYoungGen: 68976K->1392K(69632K)] 399404K->331820K(757760K), 0.0019958 secs] [Times: user=0.01 sys=0.00, real=0.00 secs] 
2067.557: [GC (Allocation Failure) [PSYoungGen: 68976K->1472K(69632K)] 399404K->331900K(757760K), 0.0018329 secs] [Times: user=0.01 sys=0.00, real=0.00 secs] 
2068.050: [GC (Allocation Failure) [PSYoungGen: 69056K->1613K(69632K)] 399484K->332041K(757760K), 0.0017470 secs] [Times: user=0.01 sys=0.00, real=0.00 secs] 
2068.504: [GC (Allocation Failure) [PSYoungGen: 69194K->1581K(69632K)] 399622K->332009K(757760K), 0.0017339 secs] [Times: user=0.01 sys=0.00, real=0.00 secs] 
2068.900: [GC (Allocation Failure) [PSYoungGen: 69165K->1613K(69632K)] 399593K->332057K(757760K), 0.0018165 secs] [Times: user=0.01 sys=0.00, real=0.00 secs] 
2069.429: [GC (Allocation Failure) [PSYoungGen: 69197K->1456K(69632K)] 399641K->331900K(757760K), 0.0037679 secs] [Times: user=0.01 sys=0.00, real=0.00 secs] 
2069.739: [GC (Allocation Failure) [PSYoungGen: 69040K->1376K(69632K)] 399484K->331820K(757760K), 0.0020236 secs] [Times: user=0.01 sys=0.00, real=0.00 secs] 
2070.021: [GC (Allocation Failure) [PSYoungGen: 68960K->1376K(69632K)] 399404K->331844K(757760K), 0.0017554 secs] [Times: user=0.01 sys=0.00, real=0.00 secs] 
2070.679: [GC (Allocation Failure) [PSYoungGen: 68960K->1440K(69632K)] 399428K->331908K(757760K), 0.0022319 secs] [Times: user=0.01 sys=0.00, real=0.00 secs] 
2071.569: [GC (Allocation Failure) [PSYoungGen: 69006K->1517K(69632K)] 399474K->331985K(757760K), 0.0016271 secs] [Times: user=0.01 sys=0.00, real=0.00 secs] 
2071.962: [GC (Allocation Failure) [PSYoungGen: 69101K->1581K(69632K)] 399569K->332049K(757760K), 0.0017049 secs] [Times: user=0.01 sys=0.00, real=0.00 secs] 
2072.357: [GC (Allocation Failure) [PSYoungGen: 69165K->1613K(69632K)] 399633K->332081K(757760K), 0.0018938 secs] [Times: user=0.01 sys=0.00, real=0.00 secs] 
2072.754: [GC (Allocation Failure) [PSYoungGen: 69197K->1581K(69632K)] 399665K->332057K(757760K), 0.0016661 secs] [Times: user=0.01 sys=0.00, real=0.00 secs] 
2073.137: [GC (Allocation Failure) [PSYoungGen: 69165K->1376K(69632K)] 399641K->331852K(757760K), 0.0029195 secs] [Times: user=0.01 sys=0.00, real=0.01 secs] 
2073.466: [GC (Allocation Failure) [PSYoungGen: 68960K->1408K(69632K)] 399436K->331884K(757760K), 0.0019128 secs] [Times: user=0.01 sys=0.00, real=0.01 secs] 
2073.824: [GC (Allocation Failure) [PSYoungGen: 68992K->1376K(69632K)] 399468K->331852K(757760K), 0.0020321 secs] [Times: user=0.01 sys=0.00, real=0.00 secs] 
2074.147: [GC (Allocation Failure) [PSYoungGen: 68960K->1408K(69632K)] 399436K->331884K(757760K), 0.0019937 secs] [Times: user=0.00 sys=0.00, real=0.01 secs] 
2074.563: [GC (Allocation Failure) [PSYoungGen: 68992K->1533K(69632K)] 399468K->332009K(757760K), 0.0015603 secs] [Times: user=0.00 sys=0.00, real=0.00 secs] 
2074.957: [GC (Allocation Failure) [PSYoungGen: 69117K->1613K(69632K)] 399593K->332089K(757760K), 0.0016990 secs] [Times: user=0.00 sys=0.00, real=0.00 secs] 
2075.350: [GC (Allocation Failure) [PSYoungGen: 69197K->1565K(69632K)] 399673K->332041K(757760K), 0.0017100 secs] [Times: user=0.01 sys=0.00, real=0.00 secs] 
2075.745: [GC (Allocation Failure) [PSYoungGen: 69149K->1549K(69632K)] 399625K->332033K(757760K), 0.0016559 secs] [Times: user=0.01 sys=0.00, real=0.00 secs] 
2076.482: [GC (Allocation Failure) [PSYoungGen: 69133K->1440K(69632K)] 399617K->331924K(757760K), 0.0022811 secs] [Times: user=0.01 sys=0.00, real=0.00 secs] 
2077.092: [GC (Allocation Failure) [PSYoungGen: 69024K->1376K(69632K)] 399508K->331860K(757760K), 0.0024977 secs] [Times: user=0.01 sys=0.00, real=0.00 secs] 
2077.787: [GC (Allocation Failure) [PSYoungGen: 68960K->1408K(69632K)] 399444K->331892K(757760K), 0.0027870 secs] [Times: user=0.01 sys=0.00, real=0.00 secs] 
2078.365: [GC (Allocation Failure) [PSYoungGen: 68992K->1408K(69632K)] 399476K->331892K(757760K), 0.0035866 secs] [Times: user=0.02 sys=0.00, real=0.01 secs] 
2078.892: [GC (Allocation Failure) [PSYoungGen: 68992K->1549K(69632K)] 399476K->332033K(757760K), 0.0016069 secs] [Times: user=0.01 sys=0.00, real=0.00 secs] 
2079.284: [GC (Allocation Failure) [PSYoungGen: 69133K->1613K(69632K)] 399617K->332097K(757760K), 0.0017134 secs] [Times: user=0.01 sys=0.00, real=0.00 secs] 
2079.679: [GC (Allocation Failure) [PSYoungGen: 69197K->1549K(69632K)] 399681K->332033K(757760K), 0.0017299 secs] [Times: user=0.00 sys=0.00, real=0.00 secs] 
2080.081: [GC (Allocation Failure) [PSYoungGen: 69133K->1536K(69632K)] 399617K->332020K(757760K), 0.0019453 secs] [Times: user=0.01 sys=0.00, real=0.00 secs] 
2080.367: [GC (Allocation Failure) [PSYoungGen: 69120K->1376K(69632K)] 399604K->331884K(757760K), 0.0022722 secs] [Times: user=0.01 sys=0.00, real=0.01 secs] 
2080.649: [GC (Allocation Failure) [PSYoungGen: 68960K->1408K(69632K)] 399468K->331916K(757760K), 0.0019031 secs] [Times: user=0.01 sys=0.00, real=0.00 secs] 
2080.937: [GC (Allocation Failure) [PSYoungGen: 68992K->1344K(69632K)] 399500K->331852K(757760K), 0.0020184 secs] [Times: user=0.01 sys=0.00, real=0.00 secs] 
2081.466: [GC (Allocation Failure) [PSYoungGen: 68928K->1504K(69632K)] 399436K->332012K(757760K), 0.0017436 secs] [Times: user=0.00 sys=0.00, real=0.01 secs] 
2081.976: [GC (Allocation Failure) [PSYoungGen: 69088K->1584K(69632K)] 399596K->332092K(757760K), 0.0017902 secs] [Times: user=0.00 sys=0.00, real=0.01 secs] 
2082.435: [GC (Allocation Failure) [PSYoungGen: 69168K->1584K(69632K)] 399676K->332092K(757760K), 0.0017762 secs] [Times: user=0.01 sys=0.00, real=0.00 secs] 
2082.892: [GC (Allocation Failure) [PSYoungGen: 69168K->1613K(69632K)] 399676K->332121K(757760K), 0.0017179 secs] [Times: user=0.01 sys=0.00, real=0.00 secs] 
2083.281: [GC (Allocation Failure) [PSYoungGen: 69197K->1456K(69632K)] 399705K->331972K(757760K), 0.0034944 secs] [Times: user=0.01 sys=0.00, real=0.00 secs] 
2083.563: [GC (Allocation Failure) [PSYoungGen: 69040K->1408K(69632K)] 399556K->331924K(757760K), 0.0018062 secs] [Times: user=0.01 sys=0.00, real=0.00 secs] 
2083.844: [GC (Allocation Failure) [PSYoungGen: 68992K->1376K(69632K)] 399508K->331892K(757760K), 0.0017166 secs] [Times: user=0.01 sys=0.00, real=0.00 secs] 
2084.573: [GC (Allocation Failure) [PSYoungGen: 68960K->1408K(69632K)] 399476K->331924K(757760K), 0.0019566 secs] [Times: user=0.01 sys=0.00, real=0.00 secs] 
2085.249: [GC (Allocation Failure) [PSYoungGen: 68992K->1469K(69632K)] 399508K->331985K(757760K), 0.0015781 secs] [Times: user=0.00 sys=0.00, real=0.00 secs] 
2085.644: [GC (Allocation Failure) [PSYoungGen: 69053K->1581K(69632K)] 399569K->332097K(757760K), 0.0016657 secs] [Times: user=0.01 sys=0.00, real=0.00 secs] 
2086.037: [GC (Allocation Failure) [PSYoungGen: 69165K->1613K(69632K)] 399681K->332129K(757760K), 0.0016053 secs] [Times: user=0.01 sys=0.00, real=0.00 secs] 
2086.431: [GC (Allocation Failure) [PSYoungGen: 69197K->1597K(69632K)] 399713K->332121K(757760K), 0.0016393 secs] [Times: user=0.00 sys=0.00, real=0.00 secs] 
2086.834: [GC (Allocation Failure) [PSYoungGen: 69181K->1424K(69632K)] 399705K->331948K(757760K), 0.0017241 secs] [Times: user=0.00 sys=0.00, real=0.00 secs] 
2087.115: [GC (Allocation Failure) [PSYoungGen: 69008K->1408K(69632K)] 399532K->331932K(757760K), 0.0017845 secs] [Times: user=0.01 sys=0.00, real=0.01 secs] 
2087.396: [GC (Allocation Failure) [PSYoungGen: 68992K->1408K(69632K)] 399516K->331932K(757760K), 0.0018415 secs] [Times: user=0.00 sys=0.00, real=0.01 secs] 
2087.720: [GC (Allocation Failure) [PSYoungGen: 68992K->1408K(69632K)] 399516K->331940K(757760K), 0.0025166 secs] [Times: user=0.01 sys=0.00, real=0.00 secs] 
2088.093: [GC (Allocation Failure) [PSYoungGen: 68992K->1517K(69632K)] 399524K->332049K(757760K), 0.0015863 secs] [Times: user=0.01 sys=0.00, real=0.00 secs] 
2088.547: [GC (Allocation Failure) [PSYoungGen: 69101K->1597K(69632K)] 399633K->332129K(757760K), 0.0017894 secs] [Times: user=0.01 sys=0.00, real=0.00 secs] 
2089.003: [GC (Allocation Failure) [PSYoungGen: 69181K->1581K(69632K)] 399713K->332113K(757760K), 0.0016281 secs] [Times: user=0.01 sys=0.00, real=0.00 secs] 
2089.395: [GC (Allocation Failure) [PSYoungGen: 69165K->1613K(69632K)] 399697K->332169K(757760K), 0.0017041 secs] [Times: user=0.01 sys=0.00, real=0.01 secs] 
2089.729: [GC (Allocation Failure) [PSYoungGen: 69197K->1408K(69632K)] 399753K->331964K(757760K), 0.0023055 secs] [Times: user=0.01 sys=0.00, real=0.00 secs] 
2090.008: [GC (Allocation Failure) [PSYoungGen: 68992K->1344K(69632K)] 399548K->331900K(757760K), 0.0019969 secs] [Times: user=0.01 sys=0.00, real=0.00 secs] 
2090.363: [GC (Allocation Failure) [PSYoungGen: 68928K->1376K(69632K)] 399484K->331932K(757760K), 0.0018204 secs] [Times: user=0.01 sys=0.00, real=0.00 secs] 
2090.678: [GC (Allocation Failure) [PSYoungGen: 68960K->1376K(69632K)] 399516K->331932K(757760K), 0.0023044 secs] [Times: user=0.01 sys=0.00, real=0.00 secs] 
2091.089: [GC (Allocation Failure) [PSYoungGen: 68960K->1469K(69632K)] 399516K->332025K(757760K), 0.0016528 secs] [Times: user=0.00 sys=0.00, real=0.00 secs] 
2091.483: [GC (Allocation Failure) [PSYoungGen: 69053K->1613K(69632K)] 399609K->332169K(757760K), 0.0016164 secs] [Times: user=0.01 sys=0.00, real=0.00 secs] 
2091.876: [GC (Allocation Failure) [PSYoungGen: 69197K->1517K(69632K)] 399753K->332073K(757760K), 0.0016420 secs] [Times: user=0.00 sys=0.00, real=0.01 secs] 
2092.358: [GC (Allocation Failure) [PSYoungGen: 69101K->2016K(69632K)] 399657K->332572K(757760K), 0.0020828 secs] [Times: user=0.01 sys=0.00, real=0.00 secs] 
2092.640: [GC (Allocation Failure) [PSYoungGen: 69600K->1376K(69632K)] 400156K->331932K(757760K), 0.0020187 secs] [Times: user=0.01 sys=0.00, real=0.00 secs] 
2093.188: [GC (Allocation Failure) [PSYoungGen: 68960K->1360K(69632K)] 399516K->331916K(757760K), 0.0022993 secs] [Times: user=0.01 sys=0.00, real=0.00 secs] 
2094.068: [GC (Allocation Failure) [PSYoungGen: 68944K->1408K(69632K)] 399500K->331964K(757760K), 0.0032240 secs] [Times: user=0.02 sys=0.00, real=0.00 secs] 
2094.959: [GC (Allocation Failure) [PSYoungGen: 68992K->1408K(69632K)] 399548K->331964K(757760K), 0.0022805 secs] [Times: user=0.01 sys=0.00, real=0.00 secs] 
2095.398: [GC (Allocation Failure) [PSYoungGen: 68992K->1549K(69632K)] 399548K->332105K(757760K), 0.0017893 secs] [Times: user=0.01 sys=0.00, real=0.00 secs] 
2095.793: [GC (Allocation Failure) [PSYoungGen: 69133K->1581K(69632K)] 399689K->332137K(757760K), 0.0016556 secs] [Times: user=0.01 sys=0.00, real=0.00 secs] 
2096.191: [GC (Allocation Failure) [PSYoungGen: 69165K->1552K(69632K)] 399721K->332108K(757760K), 0.0016840 secs] [Times: user=0.01 sys=0.00, real=0.00 secs] 
2096.653: [GC (Allocation Failure) [PSYoungGen: 69136K->1504K(69632K)] 399692K->332060K(757760K), 0.0018398 secs] [Times: user=0.00 sys=0.00, real=0.00 secs] 
2097.369: [GC (Allocation Failure) [PSYoungGen: 69088K->1408K(69632K)] 399644K->331964K(757760K), 0.0018220 secs] [Times: user=0.01 sys=0.00, real=0.00 secs] 
2097.679: [GC (Allocation Failure) [PSYoungGen: 68992K->1376K(69632K)] 399548K->331932K(757760K), 0.0026156 secs] [Times: user=0.01 sys=0.01, real=0.00 secs] 
2097.960: [GC (Allocation Failure) [PSYoungGen: 68960K->1376K(69632K)] 399516K->331932K(757760K), 0.0019558 secs] [Times: user=0.01 sys=0.00, real=0.00 secs] 
2098.305: [GC (Allocation Failure) [PSYoungGen: 68943K->1533K(69632K)] 399500K->332089K(757760K), 0.0016240 secs] [Times: user=0.01 sys=0.00, real=0.00 secs] 
2098.699: [GC (Allocation Failure) [PSYoungGen: 69117K->1581K(69632K)] 399673K->332137K(757760K), 0.0017316 secs] [Times: user=0.01 sys=0.00, real=0.00 secs] 
2099.092: [GC (Allocation Failure) [PSYoungGen: 69165K->1581K(69632K)] 399721K->332137K(757760K), 0.0016456 secs] [Times: user=0.01 sys=0.00, real=0.00 secs] 
2099.490: [GC (Allocation Failure) [PSYoungGen: 69165K->1581K(69632K)] 399721K->332153K(757760K), 0.0016897 secs] [Times: user=0.01 sys=0.00, real=0.00 secs] 
2100.591: [GC (Allocation Failure) [PSYoungGen: 69165K->1504K(69632K)] 399737K->332076K(757760K), 0.0038812 secs] [Times: user=0.01 sys=0.00, real=0.00 secs] 
2101.374: [GC (Allocation Failure) [PSYoungGen: 69088K->1392K(69632K)] 399660K->331964K(757760K), 0.0038164 secs] [Times: user=0.02 sys=0.00, real=0.01 secs] 
2102.049: [GC (Allocation Failure) [PSYoungGen: 68976K->1408K(69632K)] 399548K->331996K(757760K), 0.0027608 secs] [Times: user=0.01 sys=0.00, real=0.00 secs] 
2102.787: [GC (Allocation Failure) [PSYoungGen: 68992K->1408K(69632K)] 399580K->331996K(757760K), 0.0029238 secs] [Times: user=0.01 sys=0.00, real=0.00 secs] 
2103.696: [GC (Allocation Failure) [PSYoungGen: 68971K->1472K(69632K)] 399559K->332060K(757760K), 0.0016348 secs] [Times: user=0.00 sys=0.00, real=0.01 secs] 
2104.099: [GC (Allocation Failure) [PSYoungGen: 69056K->1581K(69632K)] 399644K->332169K(757760K), 0.0017230 secs] [Times: user=0.01 sys=0.00, real=0.00 secs] 
2104.491: [GC (Allocation Failure) [PSYoungGen: 69165K->1597K(69632K)] 399753K->332185K(757760K), 0.0016732 secs] [Times: user=0.01 sys=0.00, real=0.00 secs] 
2104.885: [GC (Allocation Failure) [PSYoungGen: 69181K->1613K(69632K)] 399769K->332217K(757760K), 0.0016687 secs] [Times: user=0.01 sys=0.00, real=0.00 secs] 
2105.237: [GC (Allocation Failure) [PSYoungGen: 69197K->1440K(69632K)] 399801K->332044K(757760K), 0.0017643 secs] [Times: user=0.00 sys=0.00, real=0.01 secs] 
2105.544: [GC (Allocation Failure) [PSYoungGen: 69024K->1440K(69632K)] 399628K->332044K(757760K), 0.0015843 secs] [Times: user=0.01 sys=0.00, real=0.00 secs] 
2105.999: [GC (Allocation Failure) [PSYoungGen: 69024K->1440K(69632K)] 399628K->332044K(757760K), 0.0021886 secs] [Times: user=0.01 sys=0.00, real=0.00 secs] 
2106.557: [GC (Allocation Failure) [PSYoungGen: 69024K->1408K(69632K)] 399628K->332012K(757760K), 0.0020586 secs] [Times: user=0.00 sys=0.00, real=0.01 secs] 
2107.154: [GC (Allocation Failure) [PSYoungGen: 68966K->1565K(69632K)] 399570K->332169K(757760K), 0.0015841 secs] [Times: user=0.01 sys=0.00, real=0.00 secs] 
2107.549: [GC (Allocation Failure) [PSYoungGen: 69149K->1565K(69632K)] 399753K->332169K(757760K), 0.0017646 secs] [Times: user=0.01 sys=0.00, real=0.00 secs] 
2107.943: [GC (Allocation Failure) [PSYoungGen: 69149K->1597K(69632K)] 399753K->332201K(757760K), 0.0016633 secs] [Times: user=0.01 sys=0.00, real=0.00 secs] 
2108.335: [GC (Allocation Failure) [PSYoungGen: 69181K->352K(69632K)] 399785K->330956K(757760K), 0.0016515 secs] [Times: user=0.01 sys=0.00, real=0.00 secs] 
2109.749: [GC (Allocation Failure) [PSYoungGen: 67936K->1376K(69632K)] 398540K->331980K(757760K), 0.0020848 secs] [Times: user=0.01 sys=0.00, real=0.00 secs] 
2110.057: [GC (Allocation Failure) [PSYoungGen: 68960K->1376K(69632K)] 399564K->331980K(757760K), 0.0018445 secs] [Times: user=0.01 sys=0.00, real=0.00 secs] 
2110.454: [GC (Allocation Failure) [PSYoungGen: 68960K->1408K(69632K)] 399564K->332012K(757760K), 0.0018179 secs] [Times: user=0.01 sys=0.00, real=0.00 secs] 
2110.747: [GC (Allocation Failure) [PSYoungGen: 68992K->1376K(69632K)] 399596K->331988K(757760K), 0.0019822 secs] [Times: user=0.01 sys=0.00, real=0.00 secs] 
2111.195: [GC (Allocation Failure) [PSYoungGen: 68960K->1565K(69632K)] 399572K->332177K(757760K), 0.0017102 secs] [Times: user=0.01 sys=0.00, real=0.01 secs] 
2111.589: [GC (Allocation Failure) [PSYoungGen: 69149K->1565K(69632K)] 399761K->332177K(757760K), 0.0017025 secs] [Times: user=0.01 sys=0.00, real=0.00 secs] 
2111.984: [GC (Allocation Failure) [PSYoungGen: 69149K->1597K(69632K)] 399761K->332209K(757760K), 0.0016790 secs] [Times: user=0.00 sys=0.00, real=0.00 secs] 
2112.411: [GC (Allocation Failure) [PSYoungGen: 69181K->1488K(69632K)] 399793K->332124K(757760K), 0.0019195 secs] [Times: user=0.01 sys=0.00, real=0.00 secs] 
2112.759: [GC (Allocation Failure) [PSYoungGen: 69072K->1344K(69632K)] 399708K->331980K(757760K), 0.0018540 secs] [Times: user=0.00 sys=0.00, real=0.00 secs] 
2113.040: [GC (Allocation Failure) [PSYoungGen: 68928K->1376K(69632K)] 399564K->332012K(757760K), 0.0018359 secs] [Times: user=0.01 sys=0.00, real=0.00 secs] 
2113.320: [GC (Allocation Failure) [PSYoungGen: 68960K->1408K(69632K)] 399596K->332044K(757760K), 0.0019984 secs] [Times: user=0.01 sys=0.01, real=0.00 secs] 
2113.672: [GC (Allocation Failure) [PSYoungGen: 68992K->1469K(69632K)] 399628K->332105K(757760K), 0.0019264 secs] [Times: user=0.01 sys=0.00, real=0.00 secs] 
2114.075: [GC (Allocation Failure) [PSYoungGen: 69053K->1565K(69632K)] 399689K->332201K(757760K), 0.0015663 secs] [Times: user=0.00 sys=0.00, real=0.00 secs] 
2114.526: [GC (Allocation Failure) [PSYoungGen: 69147K->1581K(69632K)] 399783K->332217K(757760K), 0.0017133 secs] [Times: user=0.01 sys=0.00, real=0.01 secs] 
2114.921: [GC (Allocation Failure) [PSYoungGen: 69165K->1597K(69632K)] 399801K->332241K(757760K), 0.0015994 secs] [Times: user=0.00 sys=0.00, real=0.00 secs] 
2115.376: [GC (Allocation Failure) [PSYoungGen: 69181K->1488K(69632K)] 399825K->332132K(757760K), 0.0028393 secs] [Times: user=0.01 sys=0.00, real=0.01 secs] 
2115.679: [GC (Allocation Failure) [PSYoungGen: 69072K->1408K(69632K)] 399716K->332052K(757760K), 0.0025546 secs] [Times: user=0.01 sys=0.00, real=0.00 secs] 
2115.968: [GC (Allocation Failure) [PSYoungGen: 68992K->1424K(69632K)] 399636K->332068K(757760K), 0.0018036 secs] [Times: user=0.01 sys=0.00, real=0.00 secs] 
2116.307: [GC (Allocation Failure) [PSYoungGen: 69008K->1392K(69632K)] 399652K->332036K(757760K), 0.0020336 secs] [Times: user=0.01 sys=0.00, real=0.01 secs] 
2116.788: [GC (Allocation Failure) [PSYoungGen: 68976K->1501K(69632K)] 399620K->332145K(757760K), 0.0015859 secs] [Times: user=0.01 sys=0.00, real=0.00 secs] 
2117.245: [GC (Allocation Failure) [PSYoungGen: 69085K->1565K(69632K)] 399729K->332209K(757760K), 0.0017676 secs] [Times: user=0.00 sys=0.00, real=0.00 secs] 
2117.639: [GC (Allocation Failure) [PSYoungGen: 69149K->1565K(69632K)] 399793K->332209K(757760K), 0.0016305 secs] [Times: user=0.01 sys=0.00, real=0.00 secs] 
2118.035: [GC (Allocation Failure) [PSYoungGen: 69149K->1549K(69632K)] 399793K->332209K(757760K), 0.0018522 secs] [Times: user=0.01 sys=0.00, real=0.00 secs] 
2118.926: [GC (Allocation Failure) [PSYoungGen: 69133K->1440K(69632K)] 399793K->332100K(757760K), 0.0027155 secs] [Times: user=0.01 sys=0.00, real=0.01 secs] 
2119.485: [GC (Allocation Failure) [PSYoungGen: 69024K->1408K(69632K)] 399684K->332068K(757760K), 0.0025264 secs] [Times: user=0.01 sys=0.00, real=0.01 secs] 
2119.785: [GC (Allocation Failure) [PSYoungGen: 68992K->1408K(69632K)] 399652K->332092K(757760K), 0.0023370 secs] [Times: user=0.01 sys=0.00, real=0.01 secs] 
2120.073: [GC (Allocation Failure) [PSYoungGen: 68992K->1440K(69632K)] 399676K->332124K(757760K), 0.0019483 secs] [Times: user=0.01 sys=0.00, real=0.00 secs] 
2120.513: [GC (Allocation Failure) [PSYoungGen: 69024K->1517K(69632K)] 399708K->332201K(757760K), 0.0016335 secs] [Times: user=0.00 sys=0.00, real=0.00 secs] 
2120.908: [GC (Allocation Failure) [PSYoungGen: 69101K->1581K(69632K)] 399785K->332265K(757760K), 0.0017535 secs] [Times: user=0.01 sys=0.00, real=0.00 secs] 
2121.301: [GC (Allocation Failure) [PSYoungGen: 69165K->1581K(69632K)] 399849K->332265K(757760K), 0.0018165 secs] [Times: user=0.01 sys=0.00, real=0.00 secs] 
2121.699: [GC (Allocation Failure) [PSYoungGen: 69165K->1533K(69632K)] 399849K->332225K(757760K), 0.0016874 secs] [Times: user=0.01 sys=0.00, real=0.00 secs] 
2122.623: [GC (Allocation Failure) [PSYoungGen: 69117K->1376K(69632K)] 399809K->332068K(757760K), 0.0029166 secs] [Times: user=0.02 sys=0.00, real=0.00 secs] 
2122.905: [GC (Allocation Failure) [PSYoungGen: 68960K->1376K(69632K)] 399652K->332068K(757760K), 0.0023580 secs] [Times: user=0.01 sys=0.00, real=0.01 secs] 
2123.187: [GC (Allocation Failure) [PSYoungGen: 68960K->1376K(69632K)] 399652K->332068K(757760K), 0.0020790 secs] [Times: user=0.01 sys=0.00, real=0.01 secs] 
2123.467: [GC (Allocation Failure) [PSYoungGen: 68960K->1408K(69632K)] 399652K->332100K(757760K), 0.0018088 secs] [Times: user=0.01 sys=0.00, real=0.00 secs] 
2123.962: [GC (Allocation Failure) [PSYoungGen: 68992K->1549K(69632K)] 399684K->332241K(757760K), 0.0016558 secs] [Times: user=0.01 sys=0.00, real=0.00 secs] 
2124.362: [GC (Allocation Failure) [PSYoungGen: 69133K->1597K(69632K)] 399825K->332289K(757760K), 0.0016274 secs] [Times: user=0.01 sys=0.00, real=0.00 secs] 
2124.812: [GC (Allocation Failure) [PSYoungGen: 69181K->1565K(69632K)] 399873K->332257K(757760K), 0.0017306 secs] [Times: user=0.01 sys=0.00, real=0.00 secs] 
2125.569: [GC (Allocation Failure) [PSYoungGen: 69149K->1536K(69632K)] 399841K->332228K(757760K), 0.0033307 secs] [Times: user=0.01 sys=0.00, real=0.00 secs] 
2126.643: [GC (Allocation Failure) [PSYoungGen: 69120K->1376K(69632K)] 399812K->332068K(757760K), 0.0038556 secs] [Times: user=0.02 sys=0.00, real=0.00 secs] 
2127.181: [GC (Allocation Failure) [PSYoungGen: 68960K->1408K(69632K)] 399652K->332100K(757760K), 0.0023180 secs] [Times: user=0.01 sys=0.00, real=0.00 secs] 
2127.473: [GC (Allocation Failure) [PSYoungGen: 68992K->1376K(69632K)] 399684K->332068K(757760K), 0.0019216 secs] [Times: user=0.01 sys=0.00, real=0.00 secs] 
2127.929: [GC (Allocation Failure) [PSYoungGen: 68777K->272K(69632K)] 399469K->330964K(757760K), 0.0018744 secs] [Times: user=0.00 sys=0.00, real=0.00 secs] 
2128.330: [GC (Allocation Failure) [PSYoungGen: 67856K->1565K(69632K)] 398548K->332257K(757760K), 0.0018011 secs] [Times: user=0.01 sys=0.00, real=0.00 secs] 
2128.723: [GC (Allocation Failure) [PSYoungGen: 69149K->1613K(69632K)] 399841K->332305K(757760K), 0.0015760 secs] [Times: user=0.01 sys=0.00, real=0.00 secs] 
2129.117: [GC (Allocation Failure) [PSYoungGen: 69197K->1613K(69632K)] 399889K->332305K(757760K), 0.0017031 secs] [Times: user=0.01 sys=0.00, real=0.00 secs] 
2130.127: [GC (Allocation Failure) [PSYoungGen: 69197K->1456K(69632K)] 399889K->332148K(757760K), 0.0025114 secs] [Times: user=0.01 sys=0.00, real=0.00 secs] 
2130.761: [GC (Allocation Failure) [PSYoungGen: 69040K->1392K(69632K)] 399732K->332084K(757760K), 0.0021224 secs] [Times: user=0.00 sys=0.00, real=0.00 secs] 
2131.323: [GC (Allocation Failure) [PSYoungGen: 68976K->1408K(69632K)] 399668K->332100K(757760K), 0.0022579 secs] [Times: user=0.00 sys=0.00, real=0.00 secs] 
2131.661: [GC (Allocation Failure) [PSYoungGen: 68992K->1376K(69632K)] 399684K->332084K(757760K), 0.0020027 secs] [Times: user=0.01 sys=0.00, real=0.00 secs] 
2132.240: [GC (Allocation Failure) [PSYoungGen: 68960K->1517K(69632K)] 399668K->332225K(757760K), 0.0015399 secs] [Times: user=0.01 sys=0.00, real=0.00 secs] 
2132.635: [GC (Allocation Failure) [PSYoungGen: 69101K->1581K(69632K)] 399809K->332289K(757760K), 0.0016810 secs] [Times: user=0.01 sys=0.00, real=0.00 secs] 
2133.029: [GC (Allocation Failure) [PSYoungGen: 69165K->1581K(69632K)] 399873K->332289K(757760K), 0.0017097 secs] [Times: user=0.00 sys=0.00, real=0.00 secs] 
2133.423: [GC (Allocation Failure) [PSYoungGen: 69165K->1613K(69632K)] 399873K->332329K(757760K), 0.0017293 secs] [Times: user=0.00 sys=0.00, real=0.00 secs] 
2133.975: [GC (Allocation Failure) [PSYoungGen: 69197K->1488K(69632K)] 399913K->332204K(757760K), 0.0022016 secs] [Times: user=0.01 sys=0.00, real=0.01 secs] 
2134.601: [GC (Allocation Failure) [PSYoungGen: 69072K->1392K(69632K)] 399788K->332108K(757760K), 0.0019819 secs] [Times: user=0.01 sys=0.00, real=0.00 secs] 
2135.382: [GC (Allocation Failure) [PSYoungGen: 68976K->1408K(69632K)] 399692K->332124K(757760K), 0.0022512 secs] [Times: user=0.01 sys=0.00, real=0.00 secs] 
2136.270: [GC (Allocation Failure) [PSYoungGen: 68992K->1408K(69632K)] 399708K->332124K(757760K), 0.0024759 secs] [Times: user=0.01 sys=0.00, real=0.00 secs] 
2137.047: [GC (Allocation Failure) [PSYoungGen: 68992K->1549K(69632K)] 399708K->332265K(757760K), 0.0016846 secs] [Times: user=0.01 sys=0.00, real=0.01 secs] 
2137.504: [GC (Allocation Failure) [PSYoungGen: 69112K->1613K(69632K)] 399828K->332329K(757760K), 0.0018306 secs] [Times: user=0.00 sys=0.00, real=0.00 secs] 
2137.959: [GC (Allocation Failure) [PSYoungGen: 69197K->1613K(69632K)] 399913K->332329K(757760K), 0.0018288 secs] [Times: user=0.00 sys=0.00, real=0.00 secs] 
2138.355: [GC (Allocation Failure) [PSYoungGen: 69197K->1581K(69632K)] 399913K->332313K(757760K), 0.0018122 secs] [Times: user=0.00 sys=0.01, real=0.00 secs] 
2138.722: [GC (Allocation Failure) [PSYoungGen: 69165K->1440K(69632K)] 399897K->332172K(757760K), 0.0028635 secs] [Times: user=0.01 sys=0.00, real=0.00 secs] 
2139.042: [GC (Allocation Failure) [PSYoungGen: 69024K->1408K(69632K)] 399756K->332140K(757760K), 0.0019583 secs] [Times: user=0.00 sys=0.00, real=0.00 secs] 
2139.323: [GC (Allocation Failure) [PSYoungGen: 68992K->1376K(69632K)] 399724K->332108K(757760K), 0.0020591 secs] [Times: user=0.01 sys=0.00, real=0.00 secs] 
2139.603: [GC (Allocation Failure) [PSYoungGen: 68960K->1376K(69632K)] 399692K->332108K(757760K), 0.0018281 secs] [Times: user=0.01 sys=0.00, real=0.00 secs] 
2140.106: [GC (Allocation Failure) [PSYoungGen: 68937K->1533K(69632K)] 399670K->332265K(757760K), 0.0017549 secs] [Times: user=0.01 sys=0.00, real=0.01 secs] 
2140.501: [GC (Allocation Failure) [PSYoungGen: 69117K->1613K(69632K)] 399849K->332345K(757760K), 0.0017288 secs] [Times: user=0.01 sys=0.00, real=0.00 secs] 
2140.893: [GC (Allocation Failure) [PSYoungGen: 69197K->1584K(69632K)] 399929K->332332K(757760K), 0.0018396 secs] [Times: user=0.01 sys=0.00, real=0.00 secs] 
2141.365: [GC (Allocation Failure) [PSYoungGen: 69168K->1648K(69632K)] 399916K->332396K(757760K), 0.0017680 secs] [Times: user=0.01 sys=0.00, real=0.01 secs] 
2142.096: [GC (Allocation Failure) [PSYoungGen: 69232K->1408K(69632K)] 399980K->332156K(757760K), 0.0032534 secs] [Times: user=0.01 sys=0.00, real=0.01 secs] 
2142.554: [GC (Allocation Failure) [PSYoungGen: 68992K->1376K(69632K)] 399740K->332124K(757760K), 0.0020572 secs] [Times: user=0.01 sys=0.00, real=0.00 secs] 
2142.834: [GC (Allocation Failure) [PSYoungGen: 68960K->1376K(69632K)] 399708K->332124K(757760K), 0.0020138 secs] [Times: user=0.01 sys=0.00, real=0.00 secs] 
2143.246: [GC (Allocation Failure) [PSYoungGen: 68960K->1376K(69632K)] 399708K->332124K(757760K), 0.0019296 secs] [Times: user=0.01 sys=0.00, real=0.01 secs] 
2143.667: [GC (Allocation Failure) [PSYoungGen: 68960K->1581K(69632K)] 399708K->332329K(757760K), 0.0016486 secs] [Times: user=0.01 sys=0.00, real=0.00 secs] 
2144.061: [GC (Allocation Failure) [PSYoungGen: 69165K->1565K(69632K)] 399913K->332313K(757760K), 0.0016935 secs] [Times: user=0.01 sys=0.00, real=0.00 secs] 
2144.453: [GC (Allocation Failure) [PSYoungGen: 69149K->1552K(69632K)] 399897K->332300K(757760K), 0.0017389 secs] [Times: user=0.00 sys=0.00, real=0.00 secs] 
2144.826: [GC (Allocation Failure) [PSYoungGen: 69136K->1520K(69632K)] 399884K->332276K(757760K), 0.0015991 secs] [Times: user=0.00 sys=0.00, real=0.01 secs] 
2145.106: [GC (Allocation Failure) [PSYoungGen: 69104K->1376K(69632K)] 399860K->332132K(757760K), 0.0015650 secs] [Times: user=0.01 sys=0.00, real=0.01 secs] 
2145.386: [GC (Allocation Failure) [PSYoungGen: 68960K->1408K(69632K)] 399716K->332164K(757760K), 0.0015355 secs] [Times: user=0.00 sys=0.00, real=0.01 secs] 
2145.925: [GC (Allocation Failure) [PSYoungGen: 68992K->1408K(69632K)] 399748K->332164K(757760K), 0.0018960 secs] [Times: user=0.01 sys=0.00, real=0.00 secs] 
2146.654: [GC (Allocation Failure) [PSYoungGen: 68992K->1549K(69632K)] 399748K->332305K(757760K), 0.0019435 secs] [Times: user=0.01 sys=0.00, real=0.00 secs] 
2147.134: [GC (Allocation Failure) [PSYoungGen: 69133K->1552K(69632K)] 399889K->332308K(757760K), 0.0017978 secs] [Times: user=0.01 sys=0.00, real=0.00 secs] 
2147.583: [GC (Allocation Failure) [PSYoungGen: 69136K->1581K(69632K)] 399892K->332337K(757760K), 0.0018082 secs] [Times: user=0.01 sys=0.00, real=0.00 secs] 
2148.043: [GC (Allocation Failure) [PSYoungGen: 69165K->1613K(69632K)] 399921K->332385K(757760K), 0.0017693 secs] [Times: user=0.01 sys=0.00, real=0.00 secs] 
2148.529: [GC (Allocation Failure) [PSYoungGen: 69197K->1488K(69632K)] 399969K->332260K(757760K), 0.0031409 secs] [Times: user=0.02 sys=0.00, real=0.00 secs] 
2148.810: [GC (Allocation Failure) [PSYoungGen: 69072K->1344K(69632K)] 399844K->332116K(757760K), 0.0017770 secs] [Times: user=0.01 sys=0.00, real=0.00 secs] 
2149.137: [GC (Allocation Failure) [PSYoungGen: 68928K->1408K(69632K)] 399700K->332180K(757760K), 0.0020387 secs] [Times: user=0.01 sys=0.00, real=0.01 secs] 
2149.451: [GC (Allocation Failure) [PSYoungGen: 68992K->1376K(69632K)] 399764K->332172K(757760K), 0.0018785 secs] [Times: user=0.00 sys=0.00, real=0.00 secs] 
2149.828: [GC (Allocation Failure) [PSYoungGen: 68937K->1485K(69632K)] 399733K->332281K(757760K), 0.0015940 secs] [Times: user=0.00 sys=0.00, real=0.00 secs] 
2150.221: [GC (Allocation Failure) [PSYoungGen: 69069K->1581K(69632K)] 399865K->332377K(757760K), 0.0016863 secs] [Times: user=0.01 sys=0.00, real=0.00 secs] 
2150.612: [GC (Allocation Failure) [PSYoungGen: 69165K->1565K(69632K)] 399961K->332361K(757760K), 0.0017195 secs] [Times: user=0.01 sys=0.00, real=0.00 secs] 
2151.009: [GC (Allocation Failure) [PSYoungGen: 69149K->1597K(69632K)] 399945K->332401K(757760K), 0.0016441 secs] [Times: user=0.00 sys=0.00, real=0.00 secs] 
2152.329: [GC (Allocation Failure) [PSYoungGen: 69181K->1472K(69632K)] 399985K->332276K(757760K), 0.0042907 secs] [Times: user=0.01 sys=0.00, real=0.00 secs] 
2152.840: [GC (Allocation Failure) [PSYoungGen: 69056K->1376K(69632K)] 399860K->332180K(757760K), 0.0020443 secs] [Times: user=0.01 sys=0.00, real=0.00 secs] 
2153.134: [GC (Allocation Failure) [PSYoungGen: 68960K->1376K(69632K)] 399764K->332180K(757760K), 0.0019978 secs] [Times: user=0.01 sys=0.00, real=0.00 secs] 
2153.414: [GC (Allocation Failure) [PSYoungGen: 68960K->1408K(69632K)] 399764K->332212K(757760K), 0.0019633 secs] [Times: user=0.01 sys=0.01, real=0.00 secs] 
2153.787: [GC (Allocation Failure) [PSYoungGen: 68992K->1533K(69632K)] 399796K->332337K(757760K), 0.0016221 secs] [Times: user=0.01 sys=0.00, real=0.00 secs] 
2154.181: [GC (Allocation Failure) [PSYoungGen: 69117K->1581K(69632K)] 399921K->332385K(757760K), 0.0016683 secs] [Times: user=0.00 sys=0.00, real=0.00 secs] 
2154.574: [GC (Allocation Failure) [PSYoungGen: 69165K->1552K(69632K)] 399969K->332356K(757760K), 0.0016847 secs] [Times: user=0.00 sys=0.00, real=0.00 secs] 
2154.968: [GC (Allocation Failure) [PSYoungGen: 69136K->1581K(69632K)] 399940K->332393K(757760K), 0.0017173 secs] [Times: user=0.01 sys=0.00, real=0.00 secs] 
2156.717: [GC (Allocation Failure) [PSYoungGen: 69165K->1472K(69632K)] 399977K->332284K(757760K), 0.0023150 secs] [Times: user=0.01 sys=0.00, real=0.00 secs] 
2156.991: [GC (Allocation Failure) [PSYoungGen: 69056K->1408K(69632K)] 399868K->332220K(757760K), 0.0019134 secs] [Times: user=0.01 sys=0.00, real=0.00 secs] 
2157.289: [GC (Allocation Failure) [PSYoungGen: 68992K->1408K(69632K)] 399804K->332220K(757760K), 0.0018906 secs] [Times: user=0.01 sys=0.00, real=0.00 secs] 
2157.569: [GC (Allocation Failure) [PSYoungGen: 68992K->1408K(69632K)] 399804K->332220K(757760K), 0.0018065 secs] [Times: user=0.01 sys=0.00, real=0.00 secs] 
2157.975: [GC (Allocation Failure) [PSYoungGen: 68966K->1581K(69632K)] 399778K->332393K(757760K), 0.0017029 secs] [Times: user=0.00 sys=0.00, real=0.00 secs] 
2158.370: [GC (Allocation Failure) [PSYoungGen: 69165K->1584K(69632K)] 399977K->332396K(757760K), 0.0017198 secs] [Times: user=0.00 sys=0.00, real=0.00 secs] 
2158.765: [GC (Allocation Failure) [PSYoungGen: 69168K->1597K(69632K)] 399980K->332409K(757760K), 0.0016900 secs] [Times: user=0.01 sys=0.00, real=0.01 secs] 
2160.215: [GC (Allocation Failure) [PSYoungGen: 69181K->1536K(69632K)] 399993K->332348K(757760K), 0.0045821 secs] [Times: user=0.02 sys=0.00, real=0.01 secs] 
2161.405: [GC (Allocation Failure) [PSYoungGen: 69120K->1376K(69632K)] 399932K->332188K(757760K), 0.0023215 secs] [Times: user=0.01 sys=0.00, real=0.01 secs] 
2161.996: [GC (Allocation Failure) [PSYoungGen: 68960K->1408K(69632K)] 399772K->332220K(757760K), 0.0034904 secs] [Times: user=0.01 sys=0.00, real=0.01 secs] 
2162.365: [GC (Allocation Failure) [PSYoungGen: 68992K->1344K(69632K)] 399804K->332180K(757760K), 0.0019711 secs] [Times: user=0.01 sys=0.00, real=0.01 secs] 
2162.734: [GC (Allocation Failure) [PSYoungGen: 68902K->1501K(69632K)] 399738K->332337K(757760K), 0.0017065 secs] [Times: user=0.01 sys=0.00, real=0.00 secs] 
2163.148: [GC (Allocation Failure) [PSYoungGen: 69085K->1597K(69632K)] 399921K->332433K(757760K), 0.0017730 secs] [Times: user=0.01 sys=0.00, real=0.00 secs] 
2163.542: [GC (Allocation Failure) [PSYoungGen: 69181K->1581K(69632K)] 400017K->332417K(757760K), 0.0017510 secs] [Times: user=0.00 sys=0.00, real=0.00 secs] 
2163.936: [GC (Allocation Failure) [PSYoungGen: 69165K->1581K(69632K)] 400001K->332417K(757760K), 0.0015664 secs] [Times: user=0.01 sys=0.00, real=0.01 secs] 
2164.531: [GC (Allocation Failure) [PSYoungGen: 69165K->1456K(69632K)] 400001K->332292K(757760K), 0.0021712 secs] [Times: user=0.01 sys=0.00, real=0.00 secs] 
2165.164: [GC (Allocation Failure) [PSYoungGen: 69040K->1408K(69632K)] 399876K->332244K(757760K), 0.0040480 secs] [Times: user=0.01 sys=0.00, real=0.01 secs] 
2165.761: [GC (Allocation Failure) [PSYoungGen: 68992K->1360K(69632K)] 399828K->332196K(757760K), 0.0027493 secs] [Times: user=0.01 sys=0.00, real=0.00 secs] 
2166.274: [GC (Allocation Failure) [PSYoungGen: 68944K->1408K(69632K)] 399780K->332244K(757760K), 0.0026929 secs] [Times: user=0.01 sys=0.00, real=0.01 secs] 
2166.965: [GC (Allocation Failure) [PSYoungGen: 68992K->1485K(69632K)] 399828K->332321K(757760K), 0.0019028 secs] [Times: user=0.00 sys=0.00, real=0.00 secs] 
2167.360: [GC (Allocation Failure) [PSYoungGen: 69065K->1549K(69632K)] 399901K->332385K(757760K), 0.0018069 secs] [Times: user=0.01 sys=0.00, real=0.00 secs] 
2167.756: [GC (Allocation Failure) [PSYoungGen: 69133K->1613K(69632K)] 399969K->332449K(757760K), 0.0016262 secs] [Times: user=0.01 sys=0.00, real=0.01 secs] 
2168.153: [GC (Allocation Failure) [PSYoungGen: 69197K->1613K(69632K)] 400033K->332457K(757760K), 0.0016340 secs] [Times: user=0.00 sys=0.00, real=0.00 secs] 
2168.761: [GC (Allocation Failure) [PSYoungGen: 69197K->1440K(69632K)] 400041K->332284K(757760K), 0.0024142 secs] [Times: user=0.01 sys=0.00, real=0.00 secs] 
2169.664: [GC (Allocation Failure) [PSYoungGen: 69024K->1392K(69632K)] 399868K->332236K(757760K), 0.0020990 secs] [Times: user=0.01 sys=0.00, real=0.00 secs] 
2170.366: [GC (Allocation Failure) [PSYoungGen: 68976K->1360K(69632K)] 399820K->332204K(757760K), 0.0020554 secs] [Times: user=0.01 sys=0.00, real=0.01 secs] 
2172.763: [GC (Allocation Failure) [PSYoungGen: 68944K->1376K(69632K)] 399788K->332220K(757760K), 0.0027725 secs] [Times: user=0.01 sys=0.00, real=0.00 secs] 
2173.636: [GC (Allocation Failure) [PSYoungGen: 68960K->1517K(69632K)] 399804K->332361K(757760K), 0.0017305 secs] [Times: user=0.01 sys=0.00, real=0.01 secs] 
2174.031: [GC (Allocation Failure) [PSYoungGen: 69101K->1549K(69632K)] 399945K->332409K(757760K), 0.0018099 secs] [Times: user=0.01 sys=0.00, real=0.00 secs] 
2174.423: [GC (Allocation Failure) [PSYoungGen: 69133K->1581K(69632K)] 399993K->332441K(757760K), 0.0018187 secs] [Times: user=0.01 sys=0.00, real=0.00 secs] 
2174.817: [GC (Allocation Failure) [PSYoungGen: 69165K->1581K(69632K)] 400025K->332449K(757760K), 0.0015768 secs] [Times: user=0.00 sys=0.00, real=0.00 secs] 
2175.706: [GC (Allocation Failure) [PSYoungGen: 69165K->1408K(69632K)] 400033K->332276K(757760K), 0.0036834 secs] [Times: user=0.01 sys=0.00, real=0.01 secs] 
2176.760: [GC (Allocation Failure) [PSYoungGen: 68992K->1408K(69632K)] 399860K->332276K(757760K), 0.0034925 secs] [Times: user=0.01 sys=0.00, real=0.00 secs] 
2177.280: [GC (Allocation Failure) [PSYoungGen: 68992K->1408K(69632K)] 399860K->332276K(757760K), 0.0027485 secs] [Times: user=0.01 sys=0.00, real=0.00 secs] 
2177.815: [GC (Allocation Failure) [PSYoungGen: 68992K->1408K(69632K)] 399860K->332276K(757760K), 0.0027602 secs] [Times: user=0.01 sys=0.00, real=0.01 secs] 
2178.438: [GC (Allocation Failure) [PSYoungGen: 68992K->1565K(69632K)] 399860K->332441K(757760K), 0.0018076 secs] [Times: user=0.00 sys=0.00, real=0.00 secs] 
2178.831: [GC (Allocation Failure) [PSYoungGen: 69149K->1581K(69632K)] 400025K->332457K(757760K), 0.0018322 secs] [Times: user=0.01 sys=0.00, real=0.00 secs] 
2179.232: [GC (Allocation Failure) [PSYoungGen: 69165K->1616K(69632K)] 400041K->332492K(757760K), 0.0017456 secs] [Times: user=0.01 sys=0.00, real=0.00 secs] 
2179.611: [GC (Allocation Failure) [PSYoungGen: 69200K->2016K(69632K)] 400076K->332908K(757760K), 0.0028462 secs] [Times: user=0.02 sys=0.00, real=0.00 secs] 
2180.145: [GC (Allocation Failure) [PSYoungGen: 69600K->1408K(69632K)] 400492K->332316K(757760K), 0.0019109 secs] [Times: user=0.01 sys=0.00, real=0.00 secs] 
2180.728: [GC (Allocation Failure) [PSYoungGen: 68992K->1408K(69632K)] 399900K->332316K(757760K), 0.0033258 secs] [Times: user=0.01 sys=0.00, real=0.00 secs] 
2181.381: [GC (Allocation Failure) [PSYoungGen: 68992K->1440K(69632K)] 399900K->332348K(757760K), 0.0032870 secs] [Times: user=0.01 sys=0.00, real=0.00 secs] 
2182.054: [GC (Allocation Failure) [PSYoungGen: 69024K->1344K(69632K)] 399932K->332276K(757760K), 0.0032283 secs] [Times: user=0.02 sys=0.00, real=0.01 secs] 
2182.611: [GC (Allocation Failure) [PSYoungGen: 68907K->1613K(69632K)] 399839K->332545K(757760K), 0.0017945 secs] [Times: user=0.01 sys=0.00, real=0.00 secs] 
2183.006: [GC (Allocation Failure) [PSYoungGen: 69197K->1565K(69632K)] 400129K->332497K(757760K), 0.0015658 secs] [Times: user=0.01 sys=0.00, real=0.01 secs] 
2183.401: [GC (Allocation Failure) [PSYoungGen: 69149K->1597K(69632K)] 400081K->332529K(757760K), 0.0017431 secs] [Times: user=0.00 sys=0.00, real=0.00 secs] 
2183.758: [GC (Allocation Failure) [PSYoungGen: 69181K->1504K(69632K)] 400113K->332436K(757760K), 0.0017322 secs] [Times: user=0.01 sys=0.00, real=0.00 secs] 
2184.044: [GC (Allocation Failure) [PSYoungGen: 69088K->1408K(69632K)] 400020K->332340K(757760K), 0.0015780 secs] [Times: user=0.01 sys=0.00, real=0.00 secs] 
2184.324: [GC (Allocation Failure) [PSYoungGen: 68992K->1376K(69632K)] 399924K->332308K(757760K), 0.0015642 secs] [Times: user=0.01 sys=0.00, real=0.00 secs] 
2184.606: [GC (Allocation Failure) [PSYoungGen: 68960K->1376K(69632K)] 399892K->332308K(757760K), 0.0026961 secs] [Times: user=0.01 sys=0.00, real=0.01 secs] 
2184.953: [GC (Allocation Failure) [PSYoungGen: 68934K->1453K(69632K)] 399867K->332385K(757760K), 0.0015851 secs] [Times: user=0.01 sys=0.00, real=0.00 secs] 
2185.347: [GC (Allocation Failure) [PSYoungGen: 69037K->1552K(69632K)] 399969K->332484K(757760K), 0.0016538 secs] [Times: user=0.01 sys=0.00, real=0.00 secs] 
2185.738: [GC (Allocation Failure) [PSYoungGen: 69136K->1581K(69632K)] 400068K->332513K(757760K), 0.0022470 secs] [Times: user=0.01 sys=0.00, real=0.00 secs] 
2186.140: [GC (Allocation Failure) [PSYoungGen: 69165K->1613K(69632K)] 400097K->332561K(757760K), 0.0016157 secs] [Times: user=0.00 sys=0.00, real=0.00 secs] 
2186.515: [GC (Allocation Failure) [PSYoungGen: 69197K->1488K(69632K)] 400145K->332436K(757760K), 0.0018508 secs] [Times: user=0.01 sys=0.00, real=0.01 secs] 
2186.796: [GC (Allocation Failure) [PSYoungGen: 69072K->1408K(69632K)] 400020K->332356K(757760K), 0.0017091 secs] [Times: user=0.00 sys=0.00, real=0.01 secs] 
2187.077: [GC (Allocation Failure) [PSYoungGen: 68992K->1376K(69632K)] 399940K->332324K(757760K), 0.0018486 secs] [Times: user=0.01 sys=0.00, real=0.01 secs] 
2187.365: [GC (Allocation Failure) [PSYoungGen: 68960K->1408K(69632K)] 399908K->332356K(757760K), 0.0017711 secs] [Times: user=0.01 sys=0.00, real=0.00 secs] 
2187.713: [GC (Allocation Failure) [PSYoungGen: 68977K->1520K(69632K)] 399925K->332468K(757760K), 0.0016401 secs] [Times: user=0.01 sys=0.00, real=0.00 secs] 
2188.108: [GC (Allocation Failure) [PSYoungGen: 69104K->1581K(69632K)] 400052K->332529K(757760K), 0.0017092 secs] [Times: user=0.00 sys=0.00, real=0.00 secs] 
2188.505: [GC (Allocation Failure) [PSYoungGen: 69165K->1581K(69632K)] 400113K->332553K(757760K), 0.0017124 secs] [Times: user=0.00 sys=0.00, real=0.00 secs] 
2188.898: [GC (Allocation Failure) [PSYoungGen: 69165K->1581K(69632K)] 400137K->332569K(757760K), 0.0017101 secs] [Times: user=0.01 sys=0.00, real=0.00 secs] 
2190.012: [GC (Allocation Failure) [PSYoungGen: 69165K->1440K(69632K)] 400153K->332428K(757760K), 0.0040971 secs] [Times: user=0.02 sys=0.00, real=0.00 secs] 
2190.665: [GC (Allocation Failure) [PSYoungGen: 69024K->1376K(69632K)] 400012K->332364K(757760K), 0.0032441 secs] [Times: user=0.01 sys=0.00, real=0.01 secs] 
2191.289: [GC (Allocation Failure) [PSYoungGen: 68960K->1408K(69632K)] 399948K->332396K(757760K), 0.0032502 secs] [Times: user=0.01 sys=0.00, real=0.00 secs] 
2191.932: [GC (Allocation Failure) [PSYoungGen: 68992K->1408K(69632K)] 399980K->332396K(757760K), 0.0030501 secs] [Times: user=0.01 sys=0.00, real=0.00 secs] 
2192.491: [GC (Allocation Failure) [PSYoungGen: 68973K->1517K(69632K)] 399962K->332505K(757760K), 0.0016413 secs] [Times: user=0.01 sys=0.00, real=0.00 secs] 
2192.884: [GC (Allocation Failure) [PSYoungGen: 69101K->1517K(69632K)] 400089K->332505K(757760K), 0.0015791 secs] [Times: user=0.01 sys=0.00, real=0.00 secs] 
2193.281: [GC (Allocation Failure) [PSYoungGen: 69101K->1549K(69632K)] 400089K->332537K(757760K), 0.0016928 secs] [Times: user=0.01 sys=0.00, real=0.00 secs] 
2193.668: [GC (Allocation Failure) [PSYoungGen: 68779K->288K(69632K)] 399767K->331276K(757760K), 0.0015017 secs] [Times: user=0.01 sys=0.00, real=0.00 secs] 
2194.311: [GC (Allocation Failure) [PSYoungGen: 67872K->1408K(69632K)] 398860K->332396K(757760K), 0.0019401 secs] [Times: user=0.00 sys=0.00, real=0.00 secs] 
2194.625: [GC (Allocation Failure) [PSYoungGen: 68992K->1376K(69632K)] 399980K->332364K(757760K), 0.0028831 secs] [Times: user=0.01 sys=0.00, real=0.01 secs] 
2194.907: [GC (Allocation Failure) [PSYoungGen: 68960K->1408K(69632K)] 399948K->332396K(757760K), 0.0020312 secs] [Times: user=0.01 sys=0.01, real=0.00 secs] 
2195.188: [GC (Allocation Failure) [PSYoungGen: 68992K->1408K(69632K)] 399980K->332396K(757760K), 0.0018364 secs] [Times: user=0.01 sys=0.00, real=0.00 secs] 
2195.594: [GC (Allocation Failure) [PSYoungGen: 68992K->1581K(69632K)] 399980K->332569K(757760K), 0.0016782 secs] [Times: user=0.01 sys=0.00, real=0.00 secs] 
2195.988: [GC (Allocation Failure) [PSYoungGen: 69165K->1581K(69632K)] 400153K->332569K(757760K), 0.0021596 secs] [Times: user=0.01 sys=0.00, real=0.00 secs] 
2196.394: [GC (Allocation Failure) [PSYoungGen: 69165K->1581K(69632K)] 400153K->332569K(757760K), 0.0016469 secs] [Times: user=0.01 sys=0.00, real=0.00 secs] 
2196.844: [GC (Allocation Failure) [PSYoungGen: 69165K->1504K(69632K)] 400153K->332492K(757760K), 0.0016920 secs] [Times: user=0.01 sys=0.00, real=0.00 secs] 
2197.334: [GC (Allocation Failure) [PSYoungGen: 69088K->1376K(69632K)] 400076K->332364K(757760K), 0.0019328 secs] [Times: user=0.01 sys=0.00, real=0.00 secs] 
2197.626: [GC (Allocation Failure) [PSYoungGen: 68960K->1408K(69632K)] 399948K->332396K(757760K), 0.0030440 secs] [Times: user=0.01 sys=0.00, real=0.01 secs] 
2197.910: [GC (Allocation Failure) [PSYoungGen: 68992K->1408K(69632K)] 399980K->332396K(757760K), 0.0023241 secs] [Times: user=0.01 sys=0.00, real=0.00 secs] 
2198.227: [GC (Allocation Failure) [PSYoungGen: 68992K->1488K(69632K)] 399980K->332476K(757760K), 0.0017703 secs] [Times: user=0.01 sys=0.00, real=0.00 secs] 
2198.621: [GC (Allocation Failure) [PSYoungGen: 69072K->1581K(69632K)] 400060K->332569K(757760K), 0.0017328 secs] [Times: user=0.00 sys=0.00, real=0.00 secs] 
2199.014: [GC (Allocation Failure) [PSYoungGen: 69157K->1581K(69632K)] 400145K->332593K(757760K), 0.0016880 secs] [Times: user=0.01 sys=0.00, real=0.00 secs] 
2199.410: [GC (Allocation Failure) [PSYoungGen: 69165K->1520K(69632K)] 400177K->332540K(757760K), 0.0016712 secs] [Times: user=0.01 sys=0.00, real=0.00 secs] 
2199.807: [GC (Allocation Failure) [PSYoungGen: 69104K->1456K(69632K)] 400124K->332484K(757760K), 0.0018275 secs] [Times: user=0.01 sys=0.00, real=0.00 secs] 
2200.129: [GC (Allocation Failure) [PSYoungGen: 69040K->1376K(69632K)] 400068K->332404K(757760K), 0.0019074 secs] [Times: user=0.01 sys=0.00, real=0.00 secs] 
2200.478: [GC (Allocation Failure) [PSYoungGen: 68960K->1376K(69632K)] 399988K->332404K(757760K), 0.0019826 secs] [Times: user=0.01 sys=0.00, real=0.00 secs] 
2200.832: [GC (Allocation Failure) [PSYoungGen: 68960K->1376K(69632K)] 399988K->332404K(757760K), 0.0019126 secs] [Times: user=0.00 sys=0.00, real=0.00 secs] 
2201.360: [GC (Allocation Failure) [PSYoungGen: 68947K->1501K(69632K)] 399975K->332529K(757760K), 0.0016101 secs] [Times: user=0.00 sys=0.00, real=0.00 secs] 
2201.754: [GC (Allocation Failure) [PSYoungGen: 69085K->1581K(69632K)] 400113K->332609K(757760K), 0.0016879 secs] [Times: user=0.00 sys=0.00, real=0.00 secs] 
2202.146: [GC (Allocation Failure) [PSYoungGen: 69165K->1613K(69632K)] 400193K->332641K(757760K), 0.0016438 secs] [Times: user=0.01 sys=0.00, real=0.01 secs] 
2202.542: [GC (Allocation Failure) [PSYoungGen: 69197K->1549K(69632K)] 400225K->332585K(757760K), 0.0017042 secs] [Times: user=0.01 sys=0.00, real=0.00 secs] 
2203.055: [GC (Allocation Failure) [PSYoungGen: 69133K->1392K(69632K)] 400169K->332428K(757760K), 0.0017298 secs] [Times: user=0.01 sys=0.00, real=0.00 secs] 
2203.691: [GC (Allocation Failure) [PSYoungGen: 68976K->1408K(69632K)] 400012K->332444K(757760K), 0.0039202 secs] [Times: user=0.02 sys=0.00, real=0.00 secs] 
2204.373: [GC (Allocation Failure) [PSYoungGen: 68992K->1424K(69632K)] 400028K->332460K(757760K), 0.0031038 secs] [Times: user=0.01 sys=0.00, real=0.00 secs] 
2204.990: [GC (Allocation Failure) [PSYoungGen: 69008K->1440K(69632K)] 400044K->332476K(757760K), 0.0022414 secs] [Times: user=0.01 sys=0.00, real=0.00 secs] 
2205.534: [GC (Allocation Failure) [PSYoungGen: 68998K->1565K(69632K)] 400034K->332601K(757760K), 0.0016603 secs] [Times: user=0.01 sys=0.00, real=0.00 secs] 
2205.928: [GC (Allocation Failure) [PSYoungGen: 69149K->1549K(69632K)] 400185K->332585K(757760K), 0.0017228 secs] [Times: user=0.01 sys=0.00, real=0.00 secs] 
2206.332: [GC (Allocation Failure) [PSYoungGen: 69133K->1613K(69632K)] 400169K->332649K(757760K), 0.0015996 secs] [Times: user=0.01 sys=0.00, real=0.00 secs] 
2206.731: [GC (Allocation Failure) [PSYoungGen: 69197K->1629K(69632K)] 400233K->332673K(757760K), 0.0016806 secs] [Times: user=0.01 sys=0.00, real=0.00 secs] 
2207.065: [GC (Allocation Failure) [PSYoungGen: 69213K->1440K(69632K)] 400257K->332484K(757760K), 0.0019584 secs] [Times: user=0.01 sys=0.00, real=0.01 secs] 
2207.375: [GC (Allocation Failure) [PSYoungGen: 69024K->1408K(69632K)] 400068K->332452K(757760K), 0.0016641 secs] [Times: user=0.01 sys=0.00, real=0.00 secs] 
2207.695: [GC (Allocation Failure) [PSYoungGen: 68992K->1408K(69632K)] 400036K->332452K(757760K), 0.0022820 secs] [Times: user=0.00 sys=0.00, real=0.01 secs] 
2208.070: [GC (Allocation Failure) [PSYoungGen: 68992K->1408K(69632K)] 400036K->332452K(757760K), 0.0018212 secs] [Times: user=0.01 sys=0.00, real=0.00 secs] 
2208.617: [GC (Allocation Failure) [PSYoungGen: 68992K->1581K(69632K)] 400036K->332625K(757760K), 0.0017965 secs] [Times: user=0.00 sys=0.00, real=0.01 secs] 
2209.070: [GC (Allocation Failure) [PSYoungGen: 69165K->1613K(69632K)] 400209K->332657K(757760K), 0.0018481 secs] [Times: user=0.01 sys=0.00, real=0.00 secs] 
2209.463: [GC (Allocation Failure) [PSYoungGen: 69197K->1552K(69632K)] 400241K->332596K(757760K), 0.0017871 secs] [Times: user=0.00 sys=0.01, real=0.00 secs] 
2209.856: [GC (Allocation Failure) [PSYoungGen: 69136K->1536K(69632K)] 400180K->332580K(757760K), 0.0019812 secs] [Times: user=0.01 sys=0.00, real=0.01 secs] 
2210.138: [GC (Allocation Failure) [PSYoungGen: 69120K->1440K(69632K)] 400164K->332500K(757760K), 0.0020246 secs] [Times: user=0.01 sys=0.00, real=0.00 secs] 
2210.425: [GC (Allocation Failure) [PSYoungGen: 69024K->1408K(69632K)] 400084K->332468K(757760K), 0.0019852 secs] [Times: user=0.01 sys=0.00, real=0.01 secs] 
2210.931: [GC (Allocation Failure) [PSYoungGen: 68992K->1376K(69632K)] 400052K->332436K(757760K), 0.0030855 secs] [Times: user=0.01 sys=0.00, real=0.00 secs] 
2211.525: [GC (Allocation Failure) [PSYoungGen: 68778K->208K(69632K)] 399838K->331268K(757760K), 0.0028509 secs] [Times: user=0.01 sys=0.00, real=0.01 secs] 
2212.023: [GC (Allocation Failure) [PSYoungGen: 67792K->1581K(69632K)] 398852K->332641K(757760K), 0.0018280 secs] [Times: user=0.00 sys=0.00, real=0.00 secs] 
2212.479: [GC (Allocation Failure) [PSYoungGen: 69165K->1584K(69632K)] 400225K->332644K(757760K), 0.0017909 secs] [Times: user=0.01 sys=0.00, real=0.00 secs] 
2212.877: [GC (Allocation Failure) [PSYoungGen: 69168K->1565K(69632K)] 400228K->332625K(757760K), 0.0017308 secs] [Times: user=0.00 sys=0.00, real=0.00 secs] 
2213.320: [GC (Allocation Failure) [PSYoungGen: 69149K->1424K(69632K)] 400209K->332484K(757760K), 0.0022548 secs] [Times: user=0.00 sys=0.00, real=0.00 secs] 
2213.601: [GC (Allocation Failure) [PSYoungGen: 69008K->1376K(69632K)] 400068K->332436K(757760K), 0.0017420 secs] [Times: user=0.01 sys=0.00, real=0.00 secs] 
2214.080: [GC (Allocation Failure) [PSYoungGen: 68960K->1440K(69632K)] 400020K->332500K(757760K), 0.0019227 secs] [Times: user=0.01 sys=0.00, real=0.00 secs] 
2214.680: [GC (Allocation Failure) [PSYoungGen: 69024K->1344K(69632K)] 400084K->332404K(757760K), 0.0019179 secs] [Times: user=0.01 sys=0.00, real=0.00 secs] 
2215.423: [GC (Allocation Failure) [PSYoungGen: 68928K->1485K(69632K)] 399988K->332545K(757760K), 0.0020899 secs] [Times: user=0.01 sys=0.00, real=0.00 secs] 
2215.837: [GC (Allocation Failure) [PSYoungGen: 69069K->1565K(69632K)] 400129K->332625K(757760K), 0.0015926 secs] [Times: user=0.01 sys=0.00, real=0.00 secs] 
2216.230: [GC (Allocation Failure) [PSYoungGen: 69149K->1613K(69632K)] 400209K->332673K(757760K), 0.0017029 secs] [Times: user=0.01 sys=0.00, real=0.00 secs] 
2216.631: [GC (Allocation Failure) [PSYoungGen: 69197K->1565K(69632K)] 400257K->332633K(757760K), 0.0016560 secs] [Times: user=0.00 sys=0.00, real=0.00 secs] 
2216.962: [GC (Allocation Failure) [PSYoungGen: 69149K->1472K(69632K)] 400217K->332540K(757760K), 0.0016962 secs] [Times: user=0.00 sys=0.00, real=0.00 secs] 
2217.248: [GC (Allocation Failure) [PSYoungGen: 69056K->1392K(69632K)] 400124K->332460K(757760K), 0.0015793 secs] [Times: user=0.00 sys=0.00, real=0.00 secs] 
2217.528: [GC (Allocation Failure) [PSYoungGen: 68976K->1408K(69632K)] 400044K->332476K(757760K), 0.0015493 secs] [Times: user=0.00 sys=0.00, real=0.00 secs] 
2217.809: [GC (Allocation Failure) [PSYoungGen: 68992K->1376K(69632K)] 400060K->332444K(757760K), 0.0020896 secs] [Times: user=0.01 sys=0.00, real=0.00 secs] 
2218.182: [GC (Allocation Failure) [PSYoungGen: 68938K->1501K(69632K)] 400006K->332569K(757760K), 0.0015650 secs] [Times: user=0.01 sys=0.00, real=0.00 secs] 
2218.631: [GC (Allocation Failure) [PSYoungGen: 69085K->1581K(69632K)] 400153K->332649K(757760K), 0.0018190 secs] [Times: user=0.01 sys=0.00, real=0.00 secs] 
2219.023: [GC (Allocation Failure) [PSYoungGen: 69165K->1597K(69632K)] 400233K->332665K(757760K), 0.0017605 secs] [Times: user=0.01 sys=0.00, real=0.00 secs] 
2219.480: [GC (Allocation Failure) [PSYoungGen: 69181K->1549K(69632K)] 400249K->332641K(757760K), 0.0018357 secs] [Times: user=0.01 sys=0.00, real=0.00 secs] 
2219.819: [GC (Allocation Failure) [PSYoungGen: 69133K->1376K(69632K)] 400225K->332468K(757760K), 0.0028413 secs] [Times: user=0.01 sys=0.00, real=0.00 secs] 
2220.096: [GC (Allocation Failure) [PSYoungGen: 68960K->1376K(69632K)] 400052K->332468K(757760K), 0.0018143 secs] [Times: user=0.00 sys=0.00, real=0.01 secs] 
2220.376: [GC (Allocation Failure) [PSYoungGen: 68960K->1392K(69632K)] 400052K->332484K(757760K), 0.0018901 secs] [Times: user=0.01 sys=0.00, real=0.01 secs] 
2220.657: [GC (Allocation Failure) [PSYoungGen: 68976K->1360K(69632K)] 400068K->332452K(757760K), 0.0018796 secs] [Times: user=0.01 sys=0.00, real=0.01 secs] 
2221.057: [GC (Allocation Failure) [PSYoungGen: 68944K->1517K(69632K)] 400036K->332609K(757760K), 0.0017583 secs] [Times: user=0.00 sys=0.00, real=0.01 secs] 
2221.449: [GC (Allocation Failure) [PSYoungGen: 69101K->1565K(69632K)] 400193K->332657K(757760K), 0.0016857 secs] [Times: user=0.01 sys=0.00, real=0.00 secs] 
2221.843: [GC (Allocation Failure) [PSYoungGen: 69149K->1549K(69632K)] 400241K->332641K(757760K), 0.0017157 secs] [Times: user=0.01 sys=0.00, real=0.00 secs] 
2222.272: [GC (Allocation Failure) [PSYoungGen: 69133K->1664K(69632K)] 400225K->332756K(757760K), 0.0018567 secs] [Times: user=0.01 sys=0.00, real=0.00 secs] 
2222.589: [GC (Allocation Failure) [PSYoungGen: 69248K->1408K(69632K)] 400340K->332500K(757760K), 0.0016791 secs] [Times: user=0.01 sys=0.00, real=0.00 secs] 
2222.870: [GC (Allocation Failure) [PSYoungGen: 68992K->1408K(69632K)] 400084K->332500K(757760K), 0.0016541 secs] [Times: user=0.01 sys=0.00, real=0.00 secs] 
2223.151: [GC (Allocation Failure) [PSYoungGen: 68992K->1376K(69632K)] 400084K->332468K(757760K), 0.0017043 secs] [Times: user=0.00 sys=0.00, real=0.00 secs] 
2223.436: [GC (Allocation Failure) [PSYoungGen: 68960K->1408K(69632K)] 400052K->332500K(757760K), 0.0017355 secs] [Times: user=0.01 sys=0.00, real=0.01 secs] 
2223.852: [GC (Allocation Failure) [PSYoungGen: 68992K->1600K(69632K)] 400084K->332692K(757760K), 0.0016137 secs] [Times: user=0.01 sys=0.00, real=0.00 secs] 
2224.246: [GC (Allocation Failure) [PSYoungGen: 69184K->1597K(69632K)] 400276K->332689K(757760K), 0.0017220 secs] [Times: user=0.00 sys=0.00, real=0.01 secs] 
2224.639: [GC (Allocation Failure) [PSYoungGen: 69181K->1581K(69632K)] 400273K->332673K(757760K), 0.0017038 secs] [Times: user=0.01 sys=0.01, real=0.00 secs] 
2225.050: [GC (Allocation Failure) [PSYoungGen: 69165K->1488K(69632K)] 400257K->332580K(757760K), 0.0020518 secs] [Times: user=0.01 sys=0.00, real=0.00 secs] 
2225.433: [GC (Allocation Failure) [PSYoungGen: 69072K->1376K(69632K)] 400164K->332468K(757760K), 0.0019979 secs] [Times: user=0.01 sys=0.00, real=0.00 secs] 
2225.714: [GC (Allocation Failure) [PSYoungGen: 68960K->1408K(69632K)] 400052K->332500K(757760K), 0.0019368 secs] [Times: user=0.01 sys=0.00, real=0.00 secs] 
2226.000: [GC (Allocation Failure) [PSYoungGen: 68992K->1376K(69632K)] 400084K->332468K(757760K), 0.0028987 secs] [Times: user=0.01 sys=0.00, real=0.00 secs] 
2226.371: [GC (Allocation Failure) [PSYoungGen: 68960K->1488K(69632K)] 400052K->332580K(757760K), 0.0017842 secs] [Times: user=0.01 sys=0.00, real=0.00 secs] 
2226.773: [GC (Allocation Failure) [PSYoungGen: 69072K->1501K(69632K)] 400164K->332593K(757760K), 0.0020019 secs] [Times: user=0.01 sys=0.00, real=0.00 secs] 
2227.172: [GC (Allocation Failure) [PSYoungGen: 69085K->1597K(69632K)] 400177K->332689K(757760K), 0.0016997 secs] [Times: user=0.01 sys=0.00, real=0.00 secs] 
2227.565: [GC (Allocation Failure) [PSYoungGen: 69181K->1613K(69632K)] 400273K->332721K(757760K), 0.0016199 secs] [Times: user=0.01 sys=0.00, real=0.01 secs] 
2227.996: [GC (Allocation Failure) [PSYoungGen: 69197K->1504K(69632K)] 400305K->332612K(757760K), 0.0018908 secs] [Times: user=0.01 sys=0.00, real=0.01 secs] 
2228.276: [GC (Allocation Failure) [PSYoungGen: 69088K->1424K(69632K)] 400196K->332532K(757760K), 0.0017923 secs] [Times: user=0.00 sys=0.00, real=0.01 secs] 
2228.572: [GC (Allocation Failure) [PSYoungGen: 69008K->1344K(69632K)] 400116K->332452K(757760K), 0.0017637 secs] [Times: user=0.00 sys=0.00, real=0.00 secs] 
2228.852: [GC (Allocation Failure) [PSYoungGen: 68928K->1376K(69632K)] 400036K->332500K(757760K), 0.0018294 secs] [Times: user=0.01 sys=0.00, real=0.00 secs] 
2229.199: [GC (Allocation Failure) [PSYoungGen: 68949K->1469K(69632K)] 400073K->332593K(757760K), 0.0016358 secs] [Times: user=0.01 sys=0.00, real=0.00 secs] 
2229.593: [GC (Allocation Failure) [PSYoungGen: 69053K->1581K(69632K)] 400177K->332705K(757760K), 0.0016735 secs] [Times: user=0.01 sys=0.00, real=0.00 secs] 
2229.985: [GC (Allocation Failure) [PSYoungGen: 69165K->1613K(69632K)] 400289K->332737K(757760K), 0.0015672 secs] [Times: user=0.00 sys=0.00, real=0.00 secs] 
2230.377: [GC (Allocation Failure) [PSYoungGen: 69197K->1613K(69632K)] 400321K->332753K(757760K), 0.0016924 secs] [Times: user=0.00 sys=0.00, real=0.00 secs] 
2231.704: [GC (Allocation Failure) [PSYoungGen: 69197K->1456K(69632K)] 400337K->332596K(757760K), 0.0029891 secs] [Times: user=0.01 sys=0.00, real=0.01 secs] 
2232.280: [GC (Allocation Failure) [PSYoungGen: 69040K->1376K(69632K)] 400180K->332516K(757760K), 0.0026879 secs] [Times: user=0.01 sys=0.00, real=0.00 secs] 
2232.560: [GC (Allocation Failure) [PSYoungGen: 68960K->1408K(69632K)] 400100K->332548K(757760K), 0.0020121 secs] [Times: user=0.00 sys=0.00, real=0.00 secs] 
2232.841: [GC (Allocation Failure) [PSYoungGen: 68992K->1392K(69632K)] 400132K->332532K(757760K), 0.0019884 secs] [Times: user=0.00 sys=0.00, real=0.00 secs] 
2233.216: [GC (Allocation Failure) [PSYoungGen: 68960K->1581K(69632K)] 400100K->332721K(757760K), 0.0016291 secs] [Times: user=0.01 sys=0.00, real=0.01 secs] 
2233.615: [GC (Allocation Failure) [PSYoungGen: 69165K->1517K(69632K)] 400305K->332657K(757760K), 0.0016074 secs] [Times: user=0.00 sys=0.00, real=0.01 secs] 
2234.008: [GC (Allocation Failure) [PSYoungGen: 69101K->1565K(69632K)] 400241K->332705K(757760K), 0.0017448 secs] [Times: user=0.00 sys=0.00, real=0.00 secs] 
2234.410: [GC (Allocation Failure) [PSYoungGen: 69149K->1533K(69632K)] 400289K->332681K(757760K), 0.0015866 secs] [Times: user=0.01 sys=0.00, real=0.00 secs] 
2234.762: [GC (Allocation Failure) [PSYoungGen: 69117K->1456K(69632K)] 400265K->332604K(757760K), 0.0018859 secs] [Times: user=0.00 sys=0.00, real=0.00 secs] 
2235.043: [GC (Allocation Failure) [PSYoungGen: 69040K->1408K(69632K)] 400188K->332556K(757760K), 0.0019053 secs] [Times: user=0.01 sys=0.00, real=0.00 secs] 
2235.324: [GC (Allocation Failure) [PSYoungGen: 68992K->1376K(69632K)] 400140K->332524K(757760K), 0.0018696 secs] [Times: user=0.00 sys=0.00, real=0.00 secs] 
2235.605: [GC (Allocation Failure) [PSYoungGen: 68960K->1408K(69632K)] 400108K->332556K(757760K), 0.0018138 secs] [Times: user=0.01 sys=0.00, real=0.00 secs] 
2236.012: [GC (Allocation Failure) [PSYoungGen: 68988K->1565K(69632K)] 400136K->332713K(757760K), 0.0016693 secs] [Times: user=0.01 sys=0.00, real=0.00 secs] 
2236.407: [GC (Allocation Failure) [PSYoungGen: 69149K->1565K(69632K)] 400297K->332713K(757760K), 0.0016982 secs] [Times: user=0.01 sys=0.01, real=0.01 secs] 
2236.800: [GC (Allocation Failure) [PSYoungGen: 69149K->1581K(69632K)] 400297K->332729K(757760K), 0.0017115 secs] [Times: user=0.00 sys=0.00, real=0.00 secs] 
2237.247: [GC (Allocation Failure) [PSYoungGen: 69165K->1536K(69632K)] 400313K->332684K(757760K), 0.0017279 secs] [Times: user=0.01 sys=0.00, real=0.01 secs] 
2237.570: [GC (Allocation Failure) [PSYoungGen: 69120K->1408K(69632K)] 400268K->332556K(757760K), 0.0019537 secs] [Times: user=0.01 sys=0.00, real=0.00 secs] 
2237.861: [GC (Allocation Failure) [PSYoungGen: 68992K->1408K(69632K)] 400140K->332556K(757760K), 0.0018584 secs] [Times: user=0.01 sys=0.00, real=0.00 secs] 
2238.310: [GC (Allocation Failure) [PSYoungGen: 68992K->1408K(69632K)] 400140K->332556K(757760K), 0.0019467 secs] [Times: user=0.01 sys=0.00, real=0.00 secs] 
2238.887: [GC (Allocation Failure) [PSYoungGen: 68992K->1469K(69632K)] 400140K->332617K(757760K), 0.0015934 secs] [Times: user=0.00 sys=0.00, real=0.00 secs] 
2239.371: [GC (Allocation Failure) [PSYoungGen: 69053K->1549K(69632K)] 400201K->332713K(757760K), 0.0017411 secs] [Times: user=0.01 sys=0.00, real=0.00 secs] 
2239.768: [GC (Allocation Failure) [PSYoungGen: 69133K->1613K(69632K)] 400297K->332777K(757760K), 0.0018519 secs] [Times: user=0.01 sys=0.00, real=0.00 secs] 
2240.165: [GC (Allocation Failure) [PSYoungGen: 69197K->1549K(69632K)] 400361K->332713K(757760K), 0.0018216 secs] [Times: user=0.01 sys=0.00, real=0.01 secs] 
2240.810: [GC (Allocation Failure) [PSYoungGen: 69133K->1456K(69632K)] 400297K->332620K(757760K), 0.0034233 secs] [Times: user=0.02 sys=0.00, real=0.00 secs] 
2241.335: [GC (Allocation Failure) [PSYoungGen: 69040K->1408K(69632K)] 400204K->332572K(757760K), 0.0027342 secs] [Times: user=0.01 sys=0.00, real=0.01 secs] 
2241.858: [GC (Allocation Failure) [PSYoungGen: 68992K->1376K(69632K)] 400156K->332540K(757760K), 0.0022742 secs] [Times: user=0.01 sys=0.00, real=0.00 secs] 
2242.399: [GC (Allocation Failure) [PSYoungGen: 68960K->1408K(69632K)] 400124K->332572K(757760K), 0.0021610 secs] [Times: user=0.01 sys=0.00, real=0.00 secs] 
2243.018: [GC (Allocation Failure) [PSYoungGen: 68972K->1485K(69632K)] 400136K->332649K(757760K), 0.0016347 secs] [Times: user=0.00 sys=0.00, real=0.00 secs] 
2243.467: [GC (Allocation Failure) [PSYoungGen: 69069K->1565K(69632K)] 400233K->332729K(757760K), 0.0017894 secs] [Times: user=0.01 sys=0.00, real=0.00 secs] 
2243.862: [GC (Allocation Failure) [PSYoungGen: 69149K->1613K(69632K)] 400313K->332777K(757760K), 0.0017864 secs] [Times: user=0.01 sys=0.00, real=0.00 secs] 
2244.255: [GC (Allocation Failure) [PSYoungGen: 69197K->1581K(69632K)] 400361K->332761K(757760K), 0.0018038 secs] [Times: user=0.00 sys=0.00, real=0.00 secs] 
2244.687: [GC (Allocation Failure) [PSYoungGen: 69165K->1424K(69632K)] 400345K->332604K(757760K), 0.0025406 secs] [Times: user=0.01 sys=0.01, real=0.00 secs] 
2244.992: [GC (Allocation Failure) [PSYoungGen: 69008K->1408K(69632K)] 400188K->332588K(757760K), 0.0019143 secs] [Times: user=0.01 sys=0.00, real=0.00 secs] 
2245.407: [GC (Allocation Failure) [PSYoungGen: 68992K->1376K(69632K)] 400172K->332556K(757760K), 0.0019165 secs] [Times: user=0.01 sys=0.00, real=0.00 secs] 
2245.700: [GC (Allocation Failure) [PSYoungGen: 68960K->1408K(69632K)] 400140K->332588K(757760K), 0.0017693 secs] [Times: user=0.01 sys=0.00, real=0.00 secs] 
2246.298: [GC (Allocation Failure) [PSYoungGen: 68969K->1549K(69632K)] 400149K->332729K(757760K), 0.0017562 secs] [Times: user=0.01 sys=0.00, real=0.00 secs] 
2246.692: [GC (Allocation Failure) [PSYoungGen: 69133K->1597K(69632K)] 400313K->332777K(757760K), 0.0016142 secs] [Times: user=0.01 sys=0.00, real=0.00 secs] 
2247.151: [GC (Allocation Failure) [PSYoungGen: 69181K->1581K(69632K)] 400361K->332761K(757760K), 0.0017420 secs] [Times: user=0.01 sys=0.00, real=0.00 secs] 
2247.626: [GC (Allocation Failure) [PSYoungGen: 69165K->1613K(69632K)] 400345K->332809K(757760K), 0.0018523 secs] [Times: user=0.01 sys=0.00, real=0.01 secs] 
2247.930: [GC (Allocation Failure) [PSYoungGen: 69197K->1440K(69632K)] 400393K->332636K(757760K), 0.0028540 secs] [Times: user=0.01 sys=0.00, real=0.00 secs] 
2248.208: [GC (Allocation Failure) [PSYoungGen: 69024K->1408K(69632K)] 400220K->332604K(757760K), 0.0019927 secs] [Times: user=0.01 sys=0.00, real=0.00 secs] 
2248.521: [GC (Allocation Failure) [PSYoungGen: 68992K->1376K(69632K)] 400188K->332572K(757760K), 0.0018672 secs] [Times: user=0.01 sys=0.00, real=0.00 secs] 
2248.895: [GC (Allocation Failure) [PSYoungGen: 68960K->1376K(69632K)] 400156K->332572K(757760K), 0.0018128 secs] [Times: user=0.01 sys=0.00, real=0.00 secs] 
2249.356: [GC (Allocation Failure) [PSYoungGen: 68960K->1517K(69632K)] 400156K->332737K(757760K), 0.0015995 secs] [Times: user=0.00 sys=0.00, real=0.01 secs] 
2249.752: [GC (Allocation Failure) [PSYoungGen: 69095K->1581K(69632K)] 400316K->332801K(757760K), 0.0015842 secs] [Times: user=0.00 sys=0.00, real=0.00 secs] 
2250.150: [GC (Allocation Failure) [PSYoungGen: 69165K->1581K(69632K)] 400385K->332801K(757760K), 0.0017010 secs] [Times: user=0.01 sys=0.00, real=0.00 secs] 
2250.559: [GC (Allocation Failure) [PSYoungGen: 69165K->2016K(69632K)] 400385K->333236K(757760K), 0.0019109 secs] [Times: user=0.00 sys=0.00, real=0.00 secs] 
2250.858: [GC (Allocation Failure) [PSYoungGen: 69600K->1408K(69632K)] 400820K->332628K(757760K), 0.0018753 secs] [Times: user=0.01 sys=0.00, real=0.00 secs] 
2251.241: [GC (Allocation Failure) [PSYoungGen: 68992K->1376K(69632K)] 400212K->332596K(757760K), 0.0020729 secs] [Times: user=0.01 sys=0.01, real=0.00 secs] 
2251.522: [GC (Allocation Failure) [PSYoungGen: 68960K->1344K(69632K)] 400180K->332564K(757760K), 0.0019084 secs] [Times: user=0.01 sys=0.00, real=0.00 secs] 
2251.811: [GC (Allocation Failure) [PSYoungGen: 68928K->1408K(69632K)] 400148K->332628K(757760K), 0.0019848 secs] [Times: user=0.01 sys=0.00, real=0.00 secs] 
2252.257: [GC (Allocation Failure) [PSYoungGen: 68990K->1581K(69632K)] 400210K->332801K(757760K), 0.0017440 secs] [Times: user=0.00 sys=0.00, real=0.01 secs] 
2252.651: [GC (Allocation Failure) [PSYoungGen: 69165K->1549K(69632K)] 400385K->332769K(757760K), 0.0016367 secs] [Times: user=0.01 sys=0.00, real=0.00 secs] 
2253.044: [GC (Allocation Failure) [PSYoungGen: 69133K->1613K(69632K)] 400353K->332833K(757760K), 0.0017854 secs] [Times: user=0.00 sys=0.00, real=0.00 secs] 
2253.825: [GC (Allocation Failure) [PSYoungGen: 69197K->1520K(69632K)] 400417K->332748K(757760K), 0.0026769 secs] [Times: user=0.01 sys=0.00, real=0.01 secs] 
2254.571: [GC (Allocation Failure) [PSYoungGen: 69104K->1392K(69632K)] 400332K->332620K(757760K), 0.0023531 secs] [Times: user=0.01 sys=0.00, real=0.00 secs] 
2255.229: [GC (Allocation Failure) [PSYoungGen: 68976K->1408K(69632K)] 400204K->332636K(757760K), 0.0041782 secs] [Times: user=0.02 sys=0.00, real=0.00 secs] 
2255.835: [GC (Allocation Failure) [PSYoungGen: 68992K->1376K(69632K)] 400220K->332604K(757760K), 0.0030884 secs] [Times: user=0.01 sys=0.00, real=0.01 secs] 
2256.436: [GC (Allocation Failure) [PSYoungGen: 68960K->1549K(69632K)] 400188K->332777K(757760K), 0.0020772 secs] [Times: user=0.01 sys=0.00, real=0.01 secs] 
2256.838: [GC (Allocation Failure) [PSYoungGen: 69133K->1581K(69632K)] 400361K->332809K(757760K), 0.0016537 secs] [Times: user=0.01 sys=0.00, real=0.00 secs] 
2257.232: [GC (Allocation Failure) [PSYoungGen: 69148K->1613K(69632K)] 400376K->332841K(757760K), 0.0016484 secs] [Times: user=0.01 sys=0.00, real=0.00 secs] 
2257.635: [GC (Allocation Failure) [PSYoungGen: 69197K->1581K(69632K)] 400425K->332825K(757760K), 0.0015465 secs] [Times: user=0.00 sys=0.00, real=0.00 secs] 
2258.012: [GC (Allocation Failure) [PSYoungGen: 69165K->1504K(69632K)] 400409K->332748K(757760K), 0.0035402 secs] [Times: user=0.01 sys=0.00, real=0.00 secs] 
2258.295: [GC (Allocation Failure) [PSYoungGen: 69088K->1376K(69632K)] 400332K->332620K(757760K), 0.0018757 secs] [Times: user=0.01 sys=0.00, real=0.00 secs] 
2258.613: [GC (Allocation Failure) [PSYoungGen: 68960K->1408K(69632K)] 400204K->332652K(757760K), 0.0018246 secs] [Times: user=0.01 sys=0.00, real=0.00 secs] 
2258.963: [GC (Allocation Failure) [PSYoungGen: 68992K->1408K(69632K)] 400236K->332652K(757760K), 0.0019717 secs] [Times: user=0.01 sys=0.00, real=0.00 secs] 
2259.418: [GC (Allocation Failure) [PSYoungGen: 68992K->1517K(69632K)] 400236K->332761K(757760K), 0.0016010 secs] [Times: user=0.00 sys=0.00, real=0.00 secs] 
2259.812: [GC (Allocation Failure) [PSYoungGen: 69075K->1549K(69632K)] 400319K->332793K(757760K), 0.0017149 secs] [Times: user=0.00 sys=0.00, real=0.00 secs] 
2260.209: [GC (Allocation Failure) [PSYoungGen: 69133K->1597K(69632K)] 400377K->332841K(757760K), 0.0017586 secs] [Times: user=0.00 sys=0.00, real=0.00 secs] 
2260.602: [GC (Allocation Failure) [PSYoungGen: 69181K->1549K(69632K)] 400425K->332825K(757760K), 0.0016137 secs] [Times: user=0.01 sys=0.00, real=0.00 secs] 
2260.979: [GC (Allocation Failure) [PSYoungGen: 69133K->1440K(69632K)] 400409K->332716K(757760K), 0.0019487 secs] [Times: user=0.01 sys=0.00, real=0.00 secs] 
2261.432: [GC (Allocation Failure) [PSYoungGen: 69024K->1376K(69632K)] 400300K->332652K(757760K), 0.0042050 secs] [Times: user=0.02 sys=0.00, real=0.00 secs] 
2262.026: [GC (Allocation Failure) [PSYoungGen: 68960K->1376K(69632K)] 400236K->332652K(757760K), 0.0032488 secs] [Times: user=0.01 sys=0.00, real=0.01 secs] 
2262.601: [GC (Allocation Failure) [PSYoungGen: 68960K->1376K(69632K)] 400236K->332652K(757760K), 0.0032251 secs] [Times: user=0.01 sys=0.00, real=0.00 secs] 
2263.146: [GC (Allocation Failure) [PSYoungGen: 68960K->1485K(69632K)] 400236K->332761K(757760K), 0.0016514 secs] [Times: user=0.01 sys=0.00, real=0.01 secs] 
2263.539: [GC (Allocation Failure) [PSYoungGen: 69069K->1597K(69632K)] 400345K->332873K(757760K), 0.0016410 secs] [Times: user=0.01 sys=0.00, real=0.00 secs] 
2263.935: [GC (Allocation Failure) [PSYoungGen: 69181K->1613K(69632K)] 400457K->332889K(757760K), 0.0016052 secs] [Times: user=0.01 sys=0.00, real=0.00 secs] 
2264.353: [GC (Allocation Failure) [PSYoungGen: 69197K->1680K(69632K)] 400473K->332956K(757760K), 0.0017249 secs] [Times: user=0.01 sys=0.00, real=0.00 secs] 
2264.698: [GC (Allocation Failure) [PSYoungGen: 69264K->1376K(69632K)] 400540K->332652K(757760K), 0.0015620 secs] [Times: user=0.00 sys=0.00, real=0.00 secs] 
2265.344: [GC (Allocation Failure) [PSYoungGen: 68960K->1440K(69632K)] 400236K->332716K(757760K), 0.0023826 secs] [Times: user=0.01 sys=0.00, real=0.00 secs] 
2265.992: [GC (Allocation Failure) [PSYoungGen: 69024K->1440K(69632K)] 400300K->332716K(757760K), 0.0023553 secs] [Times: user=0.01 sys=0.00, real=0.00 secs] 
2266.644: [GC (Allocation Failure) [PSYoungGen: 69024K->1408K(69632K)] 400300K->332684K(757760K), 0.0032831 secs] [Times: user=0.02 sys=0.00, real=0.01 secs] 
2267.107: [GC (Allocation Failure) [PSYoungGen: 68991K->1581K(69632K)] 400267K->332857K(757760K), 0.0016837 secs] [Times: user=0.01 sys=0.00, real=0.00 secs] 
2267.501: [GC (Allocation Failure) [PSYoungGen: 69165K->1613K(69632K)] 400441K->332889K(757760K), 0.0017471 secs] [Times: user=0.00 sys=0.00, real=0.00 secs] 
2267.903: [GC (Allocation Failure) [PSYoungGen: 69197K->1613K(69632K)] 400473K->332889K(757760K), 0.0016441 secs] [Times: user=0.01 sys=0.00, real=0.00 secs] 
2268.342: [GC (Allocation Failure) [PSYoungGen: 69197K->1504K(69632K)] 400473K->332788K(757760K), 0.0018663 secs] [Times: user=0.01 sys=0.00, real=0.00 secs] 
2269.079: [GC (Allocation Failure) [PSYoungGen: 69088K->1408K(69632K)] 400372K->332692K(757760K), 0.0015497 secs] [Times: user=0.01 sys=0.00, real=0.00 secs] 
2269.836: [GC (Allocation Failure) [PSYoungGen: 68992K->1376K(69632K)] 400276K->332660K(757760K), 0.0018282 secs] [Times: user=0.01 sys=0.00, real=0.01 secs] 
2270.417: [GC (Allocation Failure) [PSYoungGen: 68960K->1376K(69632K)] 400244K->332660K(757760K), 0.0018415 secs] [Times: user=0.00 sys=0.00, real=0.00 secs] 
2271.025: [GC (Allocation Failure) [PSYoungGen: 68936K->1520K(69632K)] 400220K->332804K(757760K), 0.0021727 secs] [Times: user=0.01 sys=0.00, real=0.01 secs] 
2271.426: [GC (Allocation Failure) [PSYoungGen: 69104K->1613K(69632K)] 400388K->332929K(757760K), 0.0016837 secs] [Times: user=0.00 sys=0.00, real=0.01 secs] 
2271.819: [GC (Allocation Failure) [PSYoungGen: 69196K->1565K(69632K)] 400513K->332881K(757760K), 0.0016570 secs] [Times: user=0.01 sys=0.00, real=0.00 secs] 
2272.214: [GC (Allocation Failure) [PSYoungGen: 69149K->1581K(69632K)] 400465K->332913K(757760K), 0.0017419 secs] [Times: user=0.00 sys=0.00, real=0.00 secs] 
2272.797: [GC (Allocation Failure) [PSYoungGen: 69165K->1456K(69632K)] 400497K->332788K(757760K), 0.0018045 secs] [Times: user=0.01 sys=0.00, real=0.00 secs] 
2273.428: [GC (Allocation Failure) [PSYoungGen: 69040K->1408K(69632K)] 400372K->332740K(757760K), 0.0029877 secs] [Times: user=0.01 sys=0.00, real=0.00 secs] 
2274.082: [GC (Allocation Failure) [PSYoungGen: 68992K->1440K(69632K)] 400324K->332772K(757760K), 0.0031895 secs] [Times: user=0.01 sys=0.00, real=0.00 secs] 
2274.680: [GC (Allocation Failure) [PSYoungGen: 69024K->1376K(69632K)] 400356K->332708K(757760K), 0.0025701 secs] [Times: user=0.01 sys=0.00, real=0.00 secs] 
2275.282: [GC (Allocation Failure) [PSYoungGen: 68936K->1501K(69632K)] 400269K->332833K(757760K), 0.0016046 secs] [Times: user=0.01 sys=0.00, real=0.00 secs] 
2275.700: [GC (Allocation Failure) [PSYoungGen: 69085K->1581K(69632K)] 400417K->332913K(757760K), 0.0015663 secs] [Times: user=0.00 sys=0.00, real=0.00 secs] 
2276.092: [GC (Allocation Failure) [PSYoungGen: 69165K->1549K(69632K)] 400497K->332881K(757760K), 0.0017946 secs] [Times: user=0.01 sys=0.00, real=0.00 secs] 
2276.485: [GC (Allocation Failure) [PSYoungGen: 69133K->1552K(69632K)] 400465K->332900K(757760K), 0.0016906 secs] [Times: user=0.01 sys=0.00, real=0.01 secs] 
2276.924: [GC (Allocation Failure) [PSYoungGen: 69136K->1472K(69632K)] 400484K->332820K(757760K), 0.0023952 secs] [Times: user=0.01 sys=0.00, real=0.00 secs] 
2277.350: [GC (Allocation Failure) [PSYoungGen: 69056K->1376K(69632K)] 400404K->332724K(757760K), 0.0024587 secs] [Times: user=0.01 sys=0.00, real=0.00 secs] 
2278.002: [GC (Allocation Failure) [PSYoungGen: 68960K->1392K(69632K)] 400308K->332740K(757760K), 0.0048740 secs] [Times: user=0.02 sys=0.00, real=0.00 secs] 
2278.705: [GC (Allocation Failure) [PSYoungGen: 68976K->1408K(69632K)] 400324K->332756K(757760K), 0.0028121 secs] [Times: user=0.01 sys=0.00, real=0.01 secs] 
2279.364: [GC (Allocation Failure) [PSYoungGen: 68992K->1517K(69632K)] 400340K->332865K(757760K), 0.0016582 secs] [Times: user=0.01 sys=0.00, real=0.00 secs] 
2279.759: [GC (Allocation Failure) [PSYoungGen: 69101K->1565K(69632K)] 400449K->332913K(757760K), 0.0017229 secs] [Times: user=0.00 sys=0.00, real=0.00 secs] 
2280.152: [GC (Allocation Failure) [PSYoungGen: 69149K->1549K(69632K)] 400497K->332897K(757760K), 0.0015688 secs] [Times: user=0.00 sys=0.00, real=0.00 secs] 
2280.545: [GC (Allocation Failure) [PSYoungGen: 69133K->1581K(69632K)] 400481K->332937K(757760K), 0.0016515 secs] [Times: user=0.00 sys=0.00, real=0.00 secs] 
2281.151: [GC (Allocation Failure) [PSYoungGen: 69165K->1440K(69632K)] 400521K->332828K(757760K), 0.0016643 secs] [Times: user=0.01 sys=0.00, real=0.00 secs] 
2281.724: [GC (Allocation Failure) [PSYoungGen: 69024K->1360K(69632K)] 400412K->332748K(757760K), 0.0030331 secs] [Times: user=0.02 sys=0.00, real=0.01 secs] 
2282.280: [GC (Allocation Failure) [PSYoungGen: 68944K->1408K(69632K)] 400332K->332796K(757760K), 0.0025188 secs] [Times: user=0.01 sys=0.00, real=0.00 secs] 
2282.836: [GC (Allocation Failure) [PSYoungGen: 68992K->1408K(69632K)] 400380K->332796K(757760K), 0.0026719 secs] [Times: user=0.01 sys=0.00, real=0.01 secs] 
2283.424: [GC (Allocation Failure) [PSYoungGen: 68966K->1520K(69632K)] 400355K->332908K(757760K), 0.0017043 secs] [Times: user=0.00 sys=0.00, real=0.00 secs] 
2283.820: [GC (Allocation Failure) [PSYoungGen: 69104K->1581K(69632K)] 400492K->332969K(757760K), 0.0018203 secs] [Times: user=0.00 sys=0.00, real=0.00 secs] 
2284.218: [GC (Allocation Failure) [PSYoungGen: 69165K->1549K(69632K)] 400553K->332937K(757760K), 0.0015728 secs] [Times: user=0.00 sys=0.00, real=0.00 secs] 
2284.700: [GC (Allocation Failure) [PSYoungGen: 69133K->1536K(69632K)] 400521K->332932K(757760K), 0.0017326 secs] [Times: user=0.01 sys=0.00, real=0.00 secs] 
2285.399: [GC (Allocation Failure) [PSYoungGen: 69120K->1440K(69632K)] 400516K->332836K(757760K), 0.0020100 secs] [Times: user=0.01 sys=0.00, real=0.00 secs] 
2286.206: [GC (Allocation Failure) [PSYoungGen: 69024K->1408K(69632K)] 400420K->332804K(757760K), 0.0030417 secs] [Times: user=0.01 sys=0.00, real=0.01 secs] 
2286.966: [GC (Allocation Failure) [PSYoungGen: 68992K->1408K(69632K)] 400388K->332804K(757760K), 0.0032490 secs] [Times: user=0.01 sys=0.00, real=0.01 secs] 
2287.717: [GC (Allocation Failure) [PSYoungGen: 68992K->1376K(69632K)] 400388K->332772K(757760K), 0.0033043 secs] [Times: user=0.02 sys=0.00, real=0.01 secs] 
2288.244: [GC (Allocation Failure) [PSYoungGen: 68960K->1536K(69632K)] 400356K->332932K(757760K), 0.0040704 secs] [Times: user=0.01 sys=0.00, real=0.01 secs] 
2288.648: [GC (Allocation Failure) [PSYoungGen: 69120K->1613K(69632K)] 400516K->333009K(757760K), 0.0015784 secs] [Times: user=0.01 sys=0.00, real=0.00 secs] 
2289.044: [GC (Allocation Failure) [PSYoungGen: 69197K->1581K(69632K)] 400593K->332977K(757760K), 0.0016954 secs] [Times: user=0.01 sys=0.00, real=0.00 secs] 
2289.420: [GC (Allocation Failure) [PSYoungGen: 69165K->1472K(69632K)] 400561K->332868K(757760K), 0.0018040 secs] [Times: user=0.01 sys=0.00, real=0.00 secs] 
2289.715: [GC (Allocation Failure) [PSYoungGen: 69056K->1408K(69632K)] 400452K->332804K(757760K), 0.0015833 secs] [Times: user=0.01 sys=0.00, real=0.00 secs] 
2289.995: [GC (Allocation Failure) [PSYoungGen: 68992K->1344K(69632K)] 400388K->332740K(757760K), 0.0017677 secs] [Times: user=0.01 sys=0.00, real=0.01 secs] 
2290.289: [GC (Allocation Failure) [PSYoungGen: 68928K->1408K(69632K)] 400324K->332804K(757760K), 0.0016637 secs] [Times: user=0.01 sys=0.00, real=0.00 secs] 
2290.769: [GC (Allocation Failure) [PSYoungGen: 68992K->1469K(69632K)] 400388K->332897K(757760K), 0.0015975 secs] [Times: user=0.01 sys=0.00, real=0.00 secs] 
2291.162: [GC (Allocation Failure) [PSYoungGen: 69053K->1581K(69632K)] 400481K->333009K(757760K), 0.0017124 secs] [Times: user=0.00 sys=0.00, real=0.00 secs] 
2291.555: [GC (Allocation Failure) [PSYoungGen: 69165K->1581K(69632K)] 400593K->333009K(757760K), 0.0017079 secs] [Times: user=0.01 sys=0.00, real=0.01 secs] 
2292.005: [GC (Allocation Failure) [PSYoungGen: 69165K->1613K(69632K)] 400593K->333057K(757760K), 0.0018308 secs] [Times: user=0.01 sys=0.00, real=0.01 secs] 
2292.386: [GC (Allocation Failure) [PSYoungGen: 69197K->1456K(69632K)] 400641K->332900K(757760K), 0.0021832 secs] [Times: user=0.01 sys=0.00, real=0.01 secs] 
2292.668: [GC (Allocation Failure) [PSYoungGen: 69040K->1408K(69632K)] 400484K->332852K(757760K), 0.0020230 secs] [Times: user=0.01 sys=0.00, real=0.00 secs] 
2292.949: [GC (Allocation Failure) [PSYoungGen: 68992K->1376K(69632K)] 400436K->332820K(757760K), 0.0019703 secs] [Times: user=0.01 sys=0.00, real=0.00 secs] 
2293.229: [GC (Allocation Failure) [PSYoungGen: 68960K->1344K(69632K)] 400404K->332796K(757760K), 0.0017665 secs] [Times: user=0.01 sys=0.00, real=0.00 secs] 
2293.745: [GC (Allocation Failure) [PSYoungGen: 68928K->1565K(69632K)] 400380K->333017K(757760K), 0.0017577 secs] [Times: user=0.01 sys=0.00, real=0.01 secs] 
2294.144: [GC (Allocation Failure) [PSYoungGen: 69135K->1613K(69632K)] 400587K->333065K(757760K), 0.0017888 secs] [Times: user=0.01 sys=0.00, real=0.00 secs] 
2294.544: [GC (Allocation Failure) [PSYoungGen: 69197K->1597K(69632K)] 400649K->333057K(757760K), 0.0018045 secs] [Times: user=0.00 sys=0.00, real=0.00 secs] 
2294.936: [GC (Allocation Failure) [PSYoungGen: 69181K->1568K(69632K)] 400641K->333036K(757760K), 0.0017014 secs] [Times: user=0.01 sys=0.00, real=0.01 secs] 
2295.635: [GC (Allocation Failure) [PSYoungGen: 69152K->1392K(69632K)] 400620K->332868K(757760K), 0.0031739 secs] [Times: user=0.01 sys=0.00, real=0.01 secs] 
2296.223: [GC (Allocation Failure) [PSYoungGen: 68976K->1408K(69632K)] 400452K->332884K(757760K), 0.0026417 secs] [Times: user=0.01 sys=0.00, real=0.00 secs] 
2296.652: [GC (Allocation Failure) [PSYoungGen: 68992K->1424K(69632K)] 400468K->332900K(757760K), 0.0020585 secs] [Times: user=0.01 sys=0.00, real=0.00 secs] 
2297.176: [GC (Allocation Failure) [PSYoungGen: 69008K->1376K(69632K)] 400484K->332852K(757760K), 0.0019015 secs] [Times: user=0.00 sys=0.00, real=0.01 secs] 
2297.646: [GC (Allocation Failure) [PSYoungGen: 68930K->1517K(69632K)] 400406K->332993K(757760K), 0.0016440 secs] [Times: user=0.00 sys=0.00, real=0.01 secs] 
2298.040: [GC (Allocation Failure) [PSYoungGen: 69101K->1565K(69632K)] 400577K->333041K(757760K), 0.0017170 secs] [Times: user=0.01 sys=0.00, real=0.00 secs] 
2298.433: [GC (Allocation Failure) [PSYoungGen: 69149K->1581K(69632K)] 400625K->333057K(757760K), 0.0016175 secs] [Times: user=0.01 sys=0.01, real=0.00 secs] 
2298.917: [GC (Allocation Failure) [PSYoungGen: 69165K->1664K(69632K)] 400641K->333140K(757760K), 0.0019578 secs] [Times: user=0.00 sys=0.00, real=0.01 secs] 
2299.663: [GC (Allocation Failure) [PSYoungGen: 69248K->1408K(69632K)] 400724K->332884K(757760K), 0.0027088 secs] [Times: user=0.01 sys=0.00, real=0.00 secs] 
2300.221: [GC (Allocation Failure) [PSYoungGen: 68992K->1408K(69632K)] 400468K->332884K(757760K), 0.0024660 secs] [Times: user=0.01 sys=0.00, real=0.00 secs] 
2300.873: [GC (Allocation Failure) [PSYoungGen: 68992K->1376K(69632K)] 400468K->332876K(757760K), 0.0031735 secs] [Times: user=0.01 sys=0.00, real=0.00 secs] 
2301.526: [GC (Allocation Failure) [PSYoungGen: 68960K->1424K(69632K)] 400460K->332924K(757760K), 0.0023634 secs] [Times: user=0.01 sys=0.00, real=0.01 secs] 
2301.985: [GC (Allocation Failure) [PSYoungGen: 69008K->1581K(69632K)] 400508K->333081K(757760K), 0.0016836 secs] [Times: user=0.01 sys=0.00, real=0.00 secs] 
2302.378: [GC (Allocation Failure) [PSYoungGen: 69165K->1581K(69632K)] 400665K->333081K(757760K), 0.0015935 secs] [Times: user=0.01 sys=0.00, real=0.00 secs] 
2302.771: [GC (Allocation Failure) [PSYoungGen: 69165K->1597K(69632K)] 400665K->333097K(757760K), 0.0017202 secs] [Times: user=0.00 sys=0.00, real=0.00 secs] 
2303.308: [GC (Allocation Failure) [PSYoungGen: 69181K->1504K(69632K)] 400681K->333004K(757760K), 0.0018496 secs] [Times: user=0.01 sys=0.00, real=0.00 secs] 
2304.033: [GC (Allocation Failure) [PSYoungGen: 69088K->1408K(69632K)] 400588K->332908K(757760K), 0.0039286 secs] [Times: user=0.01 sys=0.00, real=0.01 secs] 
2304.466: [GC (Allocation Failure) [PSYoungGen: 68992K->1376K(69632K)] 400492K->332876K(757760K), 0.0022792 secs] [Times: user=0.00 sys=0.00, real=0.01 secs] 
2305.057: [GC (Allocation Failure) [PSYoungGen: 68960K->1408K(69632K)] 400460K->332908K(757760K), 0.0022816 secs] [Times: user=0.01 sys=0.01, real=0.00 secs] 
2305.609: [GC (Allocation Failure) [PSYoungGen: 68992K->1485K(69632K)] 400492K->332985K(757760K), 0.0017074 secs] [Times: user=0.00 sys=0.00, real=0.00 secs] 
2306.016: [GC (Allocation Failure) [PSYoungGen: 69069K->1549K(69632K)] 400569K->333049K(757760K), 0.0016645 secs] [Times: user=0.00 sys=0.00, real=0.01 secs] 
2306.409: [GC (Allocation Failure) [PSYoungGen: 69125K->1581K(69632K)] 400625K->333081K(757760K), 0.0016613 secs] [Times: user=0.00 sys=0.00, real=0.00 secs] 
2306.805: [GC (Allocation Failure) [PSYoungGen: 69165K->1581K(69632K)] 400665K->333097K(757760K), 0.0016455 secs] [Times: user=0.01 sys=0.00, real=0.00 secs] 
2307.189: [GC (Allocation Failure) [PSYoungGen: 69165K->1488K(69632K)] 400681K->333004K(757760K), 0.0019266 secs] [Times: user=0.01 sys=0.00, real=0.00 secs] 
2307.514: [GC (Allocation Failure) [PSYoungGen: 69072K->1376K(69632K)] 400588K->332892K(757760K), 0.0020463 secs] [Times: user=0.01 sys=0.00, real=0.00 secs] 
2307.852: [GC (Allocation Failure) [PSYoungGen: 68960K->1376K(69632K)] 400476K->332892K(757760K), 0.0020080 secs] [Times: user=0.00 sys=0.00, real=0.00 secs] 
2308.144: [GC (Allocation Failure) [PSYoungGen: 68960K->1408K(69632K)] 400476K->332924K(757760K), 0.0018658 secs] [Times: user=0.00 sys=0.00, real=0.00 secs] 
2308.515: [GC (Allocation Failure) [PSYoungGen: 68992K->1485K(69632K)] 400508K->333001K(757760K), 0.0015954 secs] [Times: user=0.01 sys=0.00, real=0.00 secs] 
2308.918: [GC (Allocation Failure) [PSYoungGen: 69068K->1581K(69632K)] 400584K->333097K(757760K), 0.0017019 secs] [Times: user=0.00 sys=0.00, real=0.00 secs] 
2309.317: [GC (Allocation Failure) [PSYoungGen: 69165K->1613K(69632K)] 400681K->333129K(757760K), 0.0018352 secs] [Times: user=0.01 sys=0.00, real=0.00 secs] 
2309.711: [GC (Allocation Failure) [PSYoungGen: 69197K->1581K(69632K)] 400713K->333121K(757760K), 0.0017813 secs] [Times: user=0.00 sys=0.00, real=0.00 secs] 
2310.031: [GC (Allocation Failure) [PSYoungGen: 69165K->1456K(69632K)] 400705K->332996K(757760K), 0.0016416 secs] [Times: user=0.01 sys=0.00, real=0.00 secs] 
2310.322: [GC (Allocation Failure) [PSYoungGen: 69040K->1344K(69632K)] 400580K->332884K(757760K), 0.0015217 secs] [Times: user=0.00 sys=0.00, real=0.00 secs] 
2310.751: [GC (Allocation Failure) [PSYoungGen: 68928K->1376K(69632K)] 400468K->332916K(757760K), 0.0027096 secs] [Times: user=0.01 sys=0.00, real=0.00 secs] 
2311.256: [GC (Allocation Failure) [PSYoungGen: 68960K->1376K(69632K)] 400500K->332916K(757760K), 0.0027017 secs] [Times: user=0.01 sys=0.00, real=0.01 secs] 
2312.088: [GC (Allocation Failure) [PSYoungGen: 68960K->1485K(69632K)] 400500K->333025K(757760K), 0.0016064 secs] [Times: user=0.01 sys=0.00, real=0.00 secs] 
2312.481: [GC (Allocation Failure) [PSYoungGen: 69069K->1613K(69632K)] 400609K->333153K(757760K), 0.0017073 secs] [Times: user=0.01 sys=0.00, real=0.00 secs] 
2312.873: [GC (Allocation Failure) [PSYoungGen: 69197K->1584K(69632K)] 400737K->333124K(757760K), 0.0017337 secs] [Times: user=0.01 sys=0.00, real=0.00 secs] 
2313.274: [GC (Allocation Failure) [PSYoungGen: 69168K->1584K(69632K)] 400708K->333140K(757760K), 0.0017064 secs] [Times: user=0.01 sys=0.00, real=0.00 secs] 
2314.056: [GC (Allocation Failure) [PSYoungGen: 69168K->1440K(69632K)] 400724K->332996K(757760K), 0.0020746 secs] [Times: user=0.01 sys=0.00, real=0.01 secs] 
2314.337: [GC (Allocation Failure) [PSYoungGen: 69024K->1408K(69632K)] 400580K->332964K(757760K), 0.0018130 secs] [Times: user=0.01 sys=0.00, real=0.00 secs] 
2314.618: [GC (Allocation Failure) [PSYoungGen: 68992K->1376K(69632K)] 400548K->332932K(757760K), 0.0020211 secs] [Times: user=0.00 sys=0.00, real=0.00 secs] 
2314.900: [GC (Allocation Failure) [PSYoungGen: 68960K->1376K(69632K)] 400516K->332932K(757760K), 0.0027553 secs] [Times: user=0.01 sys=0.00, real=0.00 secs] 
2315.449: [GC (Allocation Failure) [PSYoungGen: 68957K->1600K(69632K)] 400513K->333156K(757760K), 0.0017783 secs] [Times: user=0.01 sys=0.00, real=0.00 secs] 
2315.844: [GC (Allocation Failure) [PSYoungGen: 69184K->1565K(69632K)] 400740K->333121K(757760K), 0.0017938 secs] [Times: user=0.00 sys=0.00, real=0.00 secs] 
2316.243: [GC (Allocation Failure) [PSYoungGen: 69149K->1613K(69632K)] 400705K->333169K(757760K), 0.0016549 secs] [Times: user=0.00 sys=0.00, real=0.00 secs] 
2316.637: [GC (Allocation Failure) [PSYoungGen: 69197K->1504K(69632K)] 400753K->333060K(757760K), 0.0020301 secs] [Times: user=0.01 sys=0.00, real=0.00 secs] 
2316.920: [GC (Allocation Failure) [PSYoungGen: 69088K->1408K(69632K)] 400644K->332964K(757760K), 0.0019679 secs] [Times: user=0.01 sys=0.00, real=0.00 secs] 
2317.200: [GC (Allocation Failure) [PSYoungGen: 68992K->1408K(69632K)] 400548K->332964K(757760K), 0.0019638 secs] [Times: user=0.01 sys=0.00, real=0.00 secs] 
2317.480: [GC (Allocation Failure) [PSYoungGen: 68992K->1376K(69632K)] 400548K->332932K(757760K), 0.0020202 secs] [Times: user=0.00 sys=0.00, real=0.00 secs] 
2317.851: [GC (Allocation Failure) [PSYoungGen: 68960K->1469K(69632K)] 400516K->333025K(757760K), 0.0018736 secs] [Times: user=0.01 sys=0.00, real=0.00 secs] 
2318.341: [GC (Allocation Failure) [PSYoungGen: 69053K->1597K(69632K)] 400609K->333153K(757760K), 0.0015397 secs] [Times: user=0.01 sys=0.00, real=0.00 secs] 
2318.734: [GC (Allocation Failure) [PSYoungGen: 69181K->1613K(69632K)] 400737K->333169K(757760K), 0.0016772 secs] [Times: user=0.01 sys=0.00, real=0.00 secs] 
2319.134: [GC (Allocation Failure) [PSYoungGen: 69197K->1565K(69632K)] 400753K->333137K(757760K), 0.0016703 secs] [Times: user=0.00 sys=0.00, real=0.00 secs] 
2319.714: [GC (Allocation Failure) [PSYoungGen: 69149K->1456K(69632K)] 400721K->333028K(757760K), 0.0040642 secs] [Times: user=0.01 sys=0.00, real=0.01 secs] 
2320.442: [GC (Allocation Failure) [PSYoungGen: 69040K->1376K(69632K)] 400612K->332948K(757760K), 0.0027206 secs] [Times: user=0.01 sys=0.00, real=0.00 secs] 
2321.132: [GC (Allocation Failure) [PSYoungGen: 68960K->1408K(69632K)] 400532K->332980K(757760K), 0.0024733 secs] [Times: user=0.01 sys=0.00, real=0.00 secs] 
2321.799: [GC (Allocation Failure) [PSYoungGen: 68992K->1408K(69632K)] 400564K->332980K(757760K), 0.0027244 secs] [Times: user=0.01 sys=0.00, real=0.00 secs] 
2322.473: [GC (Allocation Failure) [PSYoungGen: 68992K->1485K(69632K)] 400564K->333057K(757760K), 0.0016182 secs] [Times: user=0.01 sys=0.00, real=0.00 secs] 
2322.867: [GC (Allocation Failure) [PSYoungGen: 69065K->1552K(69632K)] 400637K->333124K(757760K), 0.0016678 secs] [Times: user=0.00 sys=0.00, real=0.01 secs] 
2323.263: [GC (Allocation Failure) [PSYoungGen: 69136K->1581K(69632K)] 400708K->333153K(757760K), 0.0017095 secs] [Times: user=0.01 sys=0.00, real=0.00 secs] 
2323.658: [GC (Allocation Failure) [PSYoungGen: 69165K->1549K(69632K)] 400737K->333137K(757760K), 0.0017335 secs] [Times: user=0.01 sys=0.00, real=0.00 secs] 
2324.290: [GC (Allocation Failure) [PSYoungGen: 69133K->1440K(69632K)] 400721K->333028K(757760K), 0.0020637 secs] [Times: user=0.01 sys=0.00, real=0.00 secs] 
2324.924: [GC (Allocation Failure) [PSYoungGen: 69024K->1376K(69632K)] 400612K->332964K(757760K), 0.0020255 secs] [Times: user=0.01 sys=0.00, real=0.00 secs] 
2325.240: [GC (Allocation Failure) [PSYoungGen: 68960K->1376K(69632K)] 400548K->332964K(757760K), 0.0020459 secs] [Times: user=0.01 sys=0.00, real=0.00 secs] 
2325.522: [GC (Allocation Failure) [PSYoungGen: 68960K->1408K(69632K)] 400548K->332996K(757760K), 0.0020907 secs] [Times: user=0.01 sys=0.00, real=0.00 secs] 
2325.890: [GC (Allocation Failure) [PSYoungGen: 68992K->1549K(69632K)] 400580K->333137K(757760K), 0.0015572 secs] [Times: user=0.01 sys=0.00, real=0.00 secs] 
2326.284: [GC (Allocation Failure) [PSYoungGen: 69133K->1581K(69632K)] 400721K->333169K(757760K), 0.0017098 secs] [Times: user=0.00 sys=0.00, real=0.00 secs] 
2326.678: [GC (Allocation Failure) [PSYoungGen: 69165K->1581K(69632K)] 400753K->333169K(757760K), 0.0017116 secs] [Times: user=0.00 sys=0.00, real=0.00 secs] 
2327.129: [GC (Allocation Failure) [PSYoungGen: 69165K->1613K(69632K)] 400753K->333209K(757760K), 0.0018255 secs] [Times: user=0.00 sys=0.00, real=0.00 secs] 
2327.482: [GC (Allocation Failure) [PSYoungGen: 69197K->1424K(69632K)] 400793K->333020K(757760K), 0.0019219 secs] [Times: user=0.01 sys=0.00, real=0.00 secs] 
2328.076: [GC (Allocation Failure) [PSYoungGen: 69008K->1408K(69632K)] 400604K->333004K(757760K), 0.0020839 secs] [Times: user=0.01 sys=0.00, real=0.01 secs] 
2328.684: [GC (Allocation Failure) [PSYoungGen: 68992K->1408K(69632K)] 400588K->333004K(757760K), 0.0020693 secs] [Times: user=0.01 sys=0.00, real=0.00 secs] 
2329.359: [GC (Allocation Failure) [PSYoungGen: 68992K->1408K(69632K)] 400588K->333004K(757760K), 0.0025662 secs] [Times: user=0.01 sys=0.00, real=0.00 secs] 
2329.961: [GC (Allocation Failure) [PSYoungGen: 68992K->1517K(69632K)] 400588K->333113K(757760K), 0.0016850 secs] [Times: user=0.01 sys=0.00, real=0.00 secs] 
2330.355: [GC (Allocation Failure) [PSYoungGen: 69101K->1581K(69632K)] 400697K->333201K(757760K), 0.0017056 secs] [Times: user=0.01 sys=0.00, real=0.00 secs] 
2330.747: [GC (Allocation Failure) [PSYoungGen: 69165K->1581K(69632K)] 400785K->333201K(757760K), 0.0016964 secs] [Times: user=0.01 sys=0.00, real=0.00 secs] 
2331.161: [GC (Allocation Failure) [PSYoungGen: 69165K->2016K(69632K)] 400785K->333636K(757760K), 0.0018682 secs] [Times: user=0.00 sys=0.00, real=0.00 secs] 
2331.443: [GC (Allocation Failure) [PSYoungGen: 69600K->1408K(69632K)] 401220K->333028K(757760K), 0.0015072 secs] [Times: user=0.01 sys=0.00, real=0.00 secs] 
2331.724: [GC (Allocation Failure) [PSYoungGen: 68992K->1392K(69632K)] 400612K->333012K(757760K), 0.0017127 secs] [Times: user=0.01 sys=0.00, real=0.00 secs] 
2332.004: [GC (Allocation Failure) [PSYoungGen: 68976K->1376K(69632K)] 400596K->332996K(757760K), 0.0019960 secs] [Times: user=0.00 sys=0.00, real=0.00 secs] 
2332.286: [GC (Allocation Failure) [PSYoungGen: 68960K->1376K(69632K)] 400580K->332996K(757760K), 0.0021783 secs] [Times: user=0.01 sys=0.00, real=0.01 secs] 
2332.714: [GC (Allocation Failure) [PSYoungGen: 68960K->1549K(69632K)] 400580K->333169K(757760K), 0.0016840 secs] [Times: user=0.01 sys=0.00, real=0.00 secs] 
2333.107: [GC (Allocation Failure) [PSYoungGen: 69133K->1613K(69632K)] 400753K->333233K(757760K), 0.0016932 secs] [Times: user=0.01 sys=0.00, real=0.00 secs] 
2333.499: [GC (Allocation Failure) [PSYoungGen: 69197K->1549K(69632K)] 400817K->333169K(757760K), 0.0017211 secs] [Times: user=0.01 sys=0.00, real=0.00 secs] 
2333.944: [GC (Allocation Failure) [PSYoungGen: 69133K->1472K(69632K)] 400753K->333092K(757760K), 0.0018177 secs] [Times: user=0.00 sys=0.00, real=0.00 secs] 
2334.353: [GC (Allocation Failure) [PSYoungGen: 69056K->1376K(69632K)] 400676K->332996K(757760K), 0.0017498 secs] [Times: user=0.00 sys=0.00, real=0.00 secs] 
2334.689: [GC (Allocation Failure) [PSYoungGen: 68960K->1376K(69632K)] 400580K->332996K(757760K), 0.0018437 secs] [Times: user=0.01 sys=0.00, real=0.00 secs] 
2335.227: [GC (Allocation Failure) [PSYoungGen: 68960K->1408K(69632K)] 400580K->333028K(757760K), 0.0019383 secs] [Times: user=0.01 sys=0.00, real=0.00 secs] 
2335.868: [GC (Allocation Failure) [PSYoungGen: 68992K->1485K(69632K)] 400612K->333105K(757760K), 0.0018243 secs] [Times: user=0.00 sys=0.00, real=0.00 secs] 
2336.260: [GC (Allocation Failure) [PSYoungGen: 69069K->1581K(69632K)] 400689K->333201K(757760K), 0.0017109 secs] [Times: user=0.01 sys=0.00, real=0.00 secs] 
2336.653: [GC (Allocation Failure) [PSYoungGen: 69165K->1581K(69632K)] 400785K->333201K(757760K), 0.0015951 secs] [Times: user=0.01 sys=0.00, real=0.00 secs] 
2337.047: [GC (Allocation Failure) [PSYoungGen: 69165K->1613K(69632K)] 400785K->333249K(757760K), 0.0016986 secs] [Times: user=0.01 sys=0.00, real=0.01 secs] 
2337.616: [GC (Allocation Failure) [PSYoungGen: 69197K->1488K(69632K)] 400833K->333124K(757760K), 0.0018459 secs] [Times: user=0.01 sys=0.00, real=0.01 secs] 
2337.951: [GC (Allocation Failure) [PSYoungGen: 69072K->1376K(69632K)] 400708K->333012K(757760K), 0.0018280 secs] [Times: user=0.01 sys=0.01, real=0.00 secs] 
2338.232: [GC (Allocation Failure) [PSYoungGen: 68960K->1408K(69632K)] 400596K->333044K(757760K), 0.0025576 secs] [Times: user=0.01 sys=0.00, real=0.00 secs] 
2338.514: [GC (Allocation Failure) [PSYoungGen: 68992K->1392K(69632K)] 400628K->333028K(757760K), 0.0018573 secs] [Times: user=0.01 sys=0.00, real=0.00 secs] 
2338.896: [GC (Allocation Failure) [PSYoungGen: 68976K->1549K(69632K)] 400612K->333185K(757760K), 0.0015764 secs] [Times: user=0.01 sys=0.00, real=0.01 secs] 
2339.352: [GC (Allocation Failure) [PSYoungGen: 69114K->1597K(69632K)] 400750K->333233K(757760K), 0.0017584 secs] [Times: user=0.00 sys=0.00, real=0.00 secs] 
2339.825: [GC (Allocation Failure) [PSYoungGen: 69181K->1613K(69632K)] 400817K->333273K(757760K), 0.0018104 secs] [Times: user=0.01 sys=0.00, real=0.01 secs] 
2340.226: [GC (Allocation Failure) [PSYoungGen: 69197K->1581K(69632K)] 400857K->333257K(757760K), 0.0017908 secs] [Times: user=0.01 sys=0.00, real=0.01 secs] 
2341.238: [GC (Allocation Failure) [PSYoungGen: 69165K->1440K(69632K)] 400841K->333116K(757760K), 0.0034344 secs] [Times: user=0.02 sys=0.00, real=0.00 secs] 
2341.781: [GC (Allocation Failure) [PSYoungGen: 69024K->1408K(69632K)] 400700K->333084K(757760K), 0.0024671 secs] [Times: user=0.01 sys=0.00, real=0.00 secs] 
2342.077: [GC (Allocation Failure) [PSYoungGen: 68992K->1376K(69632K)] 400668K->333052K(757760K), 0.0017490 secs] [Times: user=0.01 sys=0.00, real=0.00 secs] 
2342.416: [GC (Allocation Failure) [PSYoungGen: 68960K->1376K(69632K)] 400636K->333052K(757760K), 0.0019676 secs] [Times: user=0.01 sys=0.00, real=0.01 secs] 
2342.829: [GC (Allocation Failure) [PSYoungGen: 68960K->1517K(69632K)] 400636K->333193K(757760K), 0.0016767 secs] [Times: user=0.00 sys=0.00, real=0.00 secs] 
2343.221: [GC (Allocation Failure) [PSYoungGen: 69101K->1581K(69632K)] 400777K->333257K(757760K), 0.0016686 secs] [Times: user=0.00 sys=0.00, real=0.00 secs] 
2343.614: [GC (Allocation Failure) [PSYoungGen: 69165K->1613K(69632K)] 400841K->333289K(757760K), 0.0016014 secs] [Times: user=0.01 sys=0.00, real=0.00 secs] 
2344.003: [GC (Allocation Failure) [PSYoungGen: 68830K->320K(69632K)] 400506K->331996K(757760K), 0.0015688 secs] [Times: user=0.01 sys=0.00, real=0.00 secs] 
2344.659: [GC (Allocation Failure) [PSYoungGen: 67904K->1408K(69632K)] 399580K->333084K(757760K), 0.0016989 secs] [Times: user=0.01 sys=0.00, real=0.00 secs] 
2345.269: [GC (Allocation Failure) [PSYoungGen: 68992K->1408K(69632K)] 400668K->333084K(757760K), 0.0021006 secs] [Times: user=0.00 sys=0.00, real=0.00 secs] 
2345.606: [GC (Allocation Failure) [PSYoungGen: 68992K->1344K(69632K)] 400668K->333020K(757760K), 0.0019642 secs] [Times: user=0.01 sys=0.00, real=0.01 secs] 
2345.888: [GC (Allocation Failure) [PSYoungGen: 68928K->1376K(69632K)] 400604K->333052K(757760K), 0.0019883 secs] [Times: user=0.01 sys=0.00, real=0.00 secs] 
2346.298: [GC (Allocation Failure) [PSYoungGen: 68960K->1565K(69632K)] 400636K->333241K(757760K), 0.0016257 secs] [Times: user=0.01 sys=0.00, real=0.00 secs] 
2346.750: [GC (Allocation Failure) [PSYoungGen: 69149K->1613K(69632K)] 400825K->333289K(757760K), 0.0017909 secs] [Times: user=0.01 sys=0.00, real=0.00 secs] 
2347.148: [GC (Allocation Failure) [PSYoungGen: 69197K->1613K(69632K)] 400873K->333289K(757760K), 0.0017839 secs] [Times: user=0.01 sys=0.00, real=0.00 secs] 
2347.657: [GC (Allocation Failure) [PSYoungGen: 69197K->1520K(69632K)] 400873K->333196K(757760K), 0.0024061 secs] [Times: user=0.01 sys=0.00, real=0.00 secs] 
2348.330: [GC (Allocation Failure) [PSYoungGen: 69104K->1376K(69632K)] 400780K->333052K(757760K), 0.0031705 secs] [Times: user=0.02 sys=0.00, real=0.00 secs] 
2349.083: [GC (Allocation Failure) [PSYoungGen: 68960K->1376K(69632K)] 400636K->333052K(757760K), 0.0031973 secs] [Times: user=0.01 sys=0.00, real=0.00 secs] 
2349.838: [GC (Allocation Failure) [PSYoungGen: 68960K->1376K(69632K)] 400636K->333052K(757760K), 0.0038029 secs] [Times: user=0.01 sys=0.00, real=0.00 secs] 
2350.675: [GC (Allocation Failure) [PSYoungGen: 68960K->1469K(69632K)] 400636K->333145K(757760K), 0.0030464 secs] [Times: user=0.01 sys=0.00, real=0.01 secs] 
2351.156: [GC (Allocation Failure) [PSYoungGen: 69053K->1581K(69632K)] 400729K->333257K(757760K), 0.0017370 secs] [Times: user=0.01 sys=0.00, real=0.01 secs] 
2351.611: [GC (Allocation Failure) [PSYoungGen: 69165K->1581K(69632K)] 400841K->333281K(757760K), 0.0018223 secs] [Times: user=0.01 sys=0.00, real=0.00 secs] 
2352.004: [GC (Allocation Failure) [PSYoungGen: 69165K->1581K(69632K)] 400865K->333289K(757760K), 0.0017539 secs] [Times: user=0.00 sys=0.00, real=0.00 secs] 
2352.439: [GC (Allocation Failure) [PSYoungGen: 69165K->1488K(69632K)] 400873K->333196K(757760K), 0.0023852 secs] [Times: user=0.01 sys=0.00, real=0.00 secs] 
2352.726: [GC (Allocation Failure) [PSYoungGen: 69072K->1376K(69632K)] 400780K->333084K(757760K), 0.0019971 secs] [Times: user=0.00 sys=0.00, real=0.01 secs] 
2353.039: [GC (Allocation Failure) [PSYoungGen: 68960K->1376K(69632K)] 400668K->333084K(757760K), 0.0019785 secs] [Times: user=0.01 sys=0.00, real=0.00 secs] 
2353.329: [GC (Allocation Failure) [PSYoungGen: 68960K->1408K(69632K)] 400668K->333116K(757760K), 0.0031544 secs] [Times: user=0.02 sys=0.00, real=0.00 secs] 
2353.750: [GC (Allocation Failure) [PSYoungGen: 68992K->1517K(69632K)] 400700K->333225K(757760K), 0.0019235 secs] [Times: user=0.01 sys=0.00, real=0.00 secs] 
2354.186: [GC (Allocation Failure) [PSYoungGen: 69073K->1597K(69632K)] 400781K->333305K(757760K), 0.0016403 secs] [Times: user=0.01 sys=0.00, real=0.01 secs] 
2354.583: [GC (Allocation Failure) [PSYoungGen: 69181K->1549K(69632K)] 400889K->333257K(757760K), 0.0018434 secs] [Times: user=0.01 sys=0.00, real=0.00 secs] 
2354.975: [GC (Allocation Failure) [PSYoungGen: 69133K->1549K(69632K)] 400841K->333265K(757760K), 0.0018066 secs] [Times: user=0.01 sys=0.00, real=0.01 secs] 
2355.352: [GC (Allocation Failure) [PSYoungGen: 69133K->1376K(69632K)] 400849K->333092K(757760K), 0.0023293 secs] [Times: user=0.01 sys=0.00, real=0.00 secs] 
2355.726: [GC (Allocation Failure) [PSYoungGen: 68960K->1408K(69632K)] 400676K->333124K(757760K), 0.0019746 secs] [Times: user=0.01 sys=0.00, real=0.01 secs] 
2356.006: [GC (Allocation Failure) [PSYoungGen: 68992K->1376K(69632K)] 400708K->333092K(757760K), 0.0017012 secs] [Times: user=0.01 sys=0.00, real=0.01 secs] 
2356.342: [GC (Allocation Failure) [PSYoungGen: 68960K->1440K(69632K)] 400676K->333156K(757760K), 0.0026624 secs] [Times: user=0.01 sys=0.00, real=0.00 secs] 
2356.780: [GC (Allocation Failure) [PSYoungGen: 69005K->1517K(69632K)] 400721K->333233K(757760K), 0.0016420 secs] [Times: user=0.00 sys=0.00, real=0.00 secs] 
2357.229: [GC (Allocation Failure) [PSYoungGen: 69101K->1645K(69632K)] 400817K->333361K(757760K), 0.0018269 secs] [Times: user=0.00 sys=0.00, real=0.00 secs] 
2357.623: [GC (Allocation Failure) [PSYoungGen: 69229K->1565K(69632K)] 400945K->333281K(757760K), 0.0017712 secs] [Times: user=0.01 sys=0.00, real=0.00 secs] 
2358.015: [GC (Allocation Failure) [PSYoungGen: 69149K->1581K(69632K)] 400865K->333305K(757760K), 0.0017987 secs] [Times: user=0.00 sys=0.00, real=0.00 secs] 
2358.347: [GC (Allocation Failure) [PSYoungGen: 69165K->1440K(69632K)] 400889K->333164K(757760K), 0.0021690 secs] [Times: user=0.01 sys=0.00, real=0.00 secs] 
2358.621: [GC (Allocation Failure) [PSYoungGen: 69024K->1392K(69632K)] 400748K->333116K(757760K), 0.0019693 secs] [Times: user=0.01 sys=0.00, real=0.00 secs] 
2358.910: [GC (Allocation Failure) [PSYoungGen: 68976K->1376K(69632K)] 400700K->333132K(757760K), 0.0020181 secs] [Times: user=0.00 sys=0.00, real=0.00 secs] 
2359.190: [GC (Allocation Failure) [PSYoungGen: 68960K->1376K(69632K)] 400716K->333132K(757760K), 0.0018304 secs] [Times: user=0.01 sys=0.00, real=0.00 secs] 
2359.591: [GC (Allocation Failure) [PSYoungGen: 68960K->1517K(69632K)] 400716K->333273K(757760K), 0.0016626 secs] [Times: user=0.01 sys=0.00, real=0.00 secs] 
2359.985: [GC (Allocation Failure) [PSYoungGen: 69101K->1549K(69632K)] 400857K->333305K(757760K), 0.0016444 secs] [Times: user=0.01 sys=0.00, real=0.00 secs] 
2360.385: [GC (Allocation Failure) [PSYoungGen: 69133K->1565K(69632K)] 400889K->333321K(757760K), 0.0015928 secs] [Times: user=0.01 sys=0.00, real=0.00 secs] 
2360.810: [GC (Allocation Failure) [PSYoungGen: 69149K->1504K(69632K)] 400905K->333260K(757760K), 0.0016479 secs] [Times: user=0.00 sys=0.00, real=0.00 secs] 
2361.405: [GC (Allocation Failure) [PSYoungGen: 69088K->1344K(69632K)] 400844K->333100K(757760K), 0.0030935 secs] [Times: user=0.02 sys=0.00, real=0.01 secs] 
2362.068: [GC (Allocation Failure) [PSYoungGen: 68928K->1376K(69632K)] 400684K->333132K(757760K), 0.0032674 secs] [Times: user=0.02 sys=0.00, real=0.00 secs] 
2362.761: [GC (Allocation Failure) [PSYoungGen: 68960K->1408K(69632K)] 400716K->333164K(757760K), 0.0029151 secs] [Times: user=0.01 sys=0.00, real=0.00 secs] 
2363.434: [GC (Allocation Failure) [PSYoungGen: 68992K->240K(69632K)] 400748K->331996K(757760K), 0.0040311 secs] [Times: user=0.02 sys=0.00, real=0.01 secs] 
2363.937: [GC (Allocation Failure) [PSYoungGen: 67824K->1581K(69632K)] 399580K->333337K(757760K), 0.0018131 secs] [Times: user=0.01 sys=0.00, real=0.00 secs] 
2364.331: [GC (Allocation Failure) [PSYoungGen: 69165K->1613K(69632K)] 400921K->333369K(757760K), 0.0016512 secs] [Times: user=0.01 sys=0.00, real=0.00 secs] 
2364.729: [GC (Allocation Failure) [PSYoungGen: 69197K->1597K(69632K)] 400953K->333353K(757760K), 0.0017735 secs] [Times: user=0.00 sys=0.00, real=0.00 secs] 
2365.285: [GC (Allocation Failure) [PSYoungGen: 69181K->1504K(69632K)] 400937K->333268K(757760K), 0.0020837 secs] [Times: user=0.01 sys=0.00, real=0.01 secs] 
2365.852: [GC (Allocation Failure) [PSYoungGen: 69088K->1408K(69632K)] 400852K->333172K(757760K), 0.0024011 secs] [Times: user=0.01 sys=0.00, real=0.00 secs] 
2366.496: [GC (Allocation Failure) [PSYoungGen: 68992K->1376K(69632K)] 400756K->333140K(757760K), 0.0025173 secs] [Times: user=0.01 sys=0.00, real=0.01 secs] 
2366.813: [GC (Allocation Failure) [PSYoungGen: 68960K->1392K(69632K)] 400724K->333156K(757760K), 0.0020321 secs] [Times: user=0.01 sys=0.00, real=0.00 secs] 
2367.162: [GC (Allocation Failure) [PSYoungGen: 68976K->1517K(69632K)] 400740K->333281K(757760K), 0.0015882 secs] [Times: user=0.01 sys=0.00, real=0.00 secs] 
2367.556: [GC (Allocation Failure) [PSYoungGen: 69101K->1581K(69632K)] 400865K->333345K(757760K), 0.0016931 secs] [Times: user=0.01 sys=0.00, real=0.01 secs] 
2368.005: [GC (Allocation Failure) [PSYoungGen: 69165K->1581K(69632K)] 400929K->333345K(757760K), 0.0018548 secs] [Times: user=0.01 sys=0.00, real=0.00 secs] 
2368.397: [GC (Allocation Failure) [PSYoungGen: 69165K->1581K(69632K)] 400929K->333361K(757760K), 0.0018011 secs] [Times: user=0.01 sys=0.00, real=0.00 secs] 
2369.008: [GC (Allocation Failure) [PSYoungGen: 69165K->1520K(69632K)] 400945K->333308K(757760K), 0.0027135 secs] [Times: user=0.00 sys=0.01, real=0.00 secs] 
2369.569: [GC (Allocation Failure) [PSYoungGen: 69104K->1440K(69632K)] 400892K->333228K(757760K), 0.0028820 secs] [Times: user=0.02 sys=0.00, real=0.00 secs] 
2370.291: [GC (Allocation Failure) [PSYoungGen: 69024K->1408K(69632K)] 400812K->333196K(757760K), 0.0022869 secs] [Times: user=0.01 sys=0.00, real=0.00 secs] 
2371.076: [GC (Allocation Failure) [PSYoungGen: 68992K->1408K(69632K)] 400780K->333212K(757760K), 0.0030724 secs] [Times: user=0.01 sys=0.00, real=0.01 secs] 
2371.900: [GC (Allocation Failure) [PSYoungGen: 68974K->1549K(69632K)] 400778K->333353K(757760K), 0.0017199 secs] [Times: user=0.01 sys=0.00, real=0.00 secs] 
2372.294: [GC (Allocation Failure) [PSYoungGen: 69133K->1613K(69632K)] 400937K->333417K(757760K), 0.0018607 secs] [Times: user=0.00 sys=0.00, real=0.00 secs] 
2372.687: [GC (Allocation Failure) [PSYoungGen: 69197K->1584K(69632K)] 401001K->333388K(757760K), 0.0018039 secs] [Times: user=0.01 sys=0.00, real=0.01 secs] 
2373.081: [GC (Allocation Failure) [PSYoungGen: 69168K->1613K(69632K)] 400972K->333441K(757760K), 0.0018065 secs] [Times: user=0.00 sys=0.00, real=0.00 secs] 
2373.621: [GC (Allocation Failure) [PSYoungGen: 69197K->1440K(69632K)] 401025K->333276K(757760K), 0.0020628 secs] [Times: user=0.01 sys=0.00, real=0.00 secs] 
2373.933: [GC (Allocation Failure) [PSYoungGen: 69024K->1376K(69632K)] 400860K->333212K(757760K), 0.0019220 secs] [Times: user=0.01 sys=0.00, real=0.00 secs] 
2374.214: [GC (Allocation Failure) [PSYoungGen: 68960K->1408K(69632K)] 400796K->333244K(757760K), 0.0017989 secs] [Times: user=0.01 sys=0.00, real=0.00 secs] 
2374.495: [GC (Allocation Failure) [PSYoungGen: 68992K->1392K(69632K)] 400828K->333228K(757760K), 0.0020166 secs] [Times: user=0.01 sys=0.00, real=0.00 secs] 
2374.889: [GC (Allocation Failure) [PSYoungGen: 68948K->1517K(69632K)] 400784K->333353K(757760K), 0.0016797 secs] [Times: user=0.01 sys=0.00, real=0.00 secs] 
2375.283: [GC (Allocation Failure) [PSYoungGen: 69101K->1613K(69632K)] 400937K->333449K(757760K), 0.0015890 secs] [Times: user=0.01 sys=0.00, real=0.00 secs] 
2375.675: [GC (Allocation Failure) [PSYoungGen: 69197K->1613K(69632K)] 401033K->333449K(757760K), 0.0016998 secs] [Times: user=0.00 sys=0.00, real=0.00 secs] 
2376.191: [GC (Allocation Failure) [PSYoungGen: 69197K->1696K(69632K)] 401033K->333540K(757760K), 0.0022343 secs] [Times: user=0.01 sys=0.00, real=0.00 secs] 
2377.281: [GC (Allocation Failure) [PSYoungGen: 69280K->1408K(69632K)] 401124K->333252K(757760K), 0.0032754 secs] [Times: user=0.01 sys=0.00, real=0.00 secs] 
2377.662: [GC (Allocation Failure) [PSYoungGen: 68992K->1408K(69632K)] 400836K->333252K(757760K), 0.0020139 secs] [Times: user=0.01 sys=0.00, real=0.00 secs] 
2377.942: [GC (Allocation Failure) [PSYoungGen: 68992K->1376K(69632K)] 400836K->333220K(757760K), 0.0020347 secs] [Times: user=0.01 sys=0.00, real=0.00 secs] 
2378.250: [GC (Allocation Failure) [PSYoungGen: 68960K->1408K(69632K)] 400804K->333252K(757760K), 0.0016290 secs] [Times: user=0.01 sys=0.00, real=0.00 secs] 
2378.657: [GC (Allocation Failure) [PSYoungGen: 68992K->1613K(69632K)] 400836K->333457K(757760K), 0.0016211 secs] [Times: user=0.00 sys=0.00, real=0.00 secs] 
2379.052: [GC (Allocation Failure) [PSYoungGen: 69197K->1581K(69632K)] 401041K->333425K(757760K), 0.0018055 secs] [Times: user=0.00 sys=0.00, real=0.00 secs] 
2379.447: [GC (Allocation Failure) [PSYoungGen: 69165K->1613K(69632K)] 401009K->333457K(757760K), 0.0016966 secs] [Times: user=0.01 sys=0.00, real=0.00 secs] 
2379.871: [GC (Allocation Failure) [PSYoungGen: 69197K->1472K(69632K)] 401041K->333340K(757760K), 0.0016973 secs] [Times: user=0.00 sys=0.00, real=0.00 secs] 
2380.152: [GC (Allocation Failure) [PSYoungGen: 69056K->1408K(69632K)] 400924K->333276K(757760K), 0.0016190 secs] [Times: user=0.01 sys=0.00, real=0.00 secs] 
2380.432: [GC (Allocation Failure) [PSYoungGen: 68992K->1408K(69632K)] 400860K->333276K(757760K), 0.0019149 secs] [Times: user=0.01 sys=0.00, real=0.00 secs] 
2380.713: [GC (Allocation Failure) [PSYoungGen: 68992K->1408K(69632K)] 400860K->333276K(757760K), 0.0021856 secs] [Times: user=0.01 sys=0.00, real=0.00 secs] 
2381.057: [GC (Allocation Failure) [PSYoungGen: 68969K->1485K(69632K)] 400838K->333353K(757760K), 0.0016103 secs] [Times: user=0.00 sys=0.00, real=0.00 secs] 
2381.450: [GC (Allocation Failure) [PSYoungGen: 69069K->1520K(69632K)] 400937K->333388K(757760K), 0.0017019 secs] [Times: user=0.01 sys=0.00, real=0.00 secs] 
2381.905: [GC (Allocation Failure) [PSYoungGen: 69104K->1581K(69632K)] 400972K->333449K(757760K), 0.0017708 secs] [Times: user=0.00 sys=0.00, real=0.00 secs] 
2382.299: [GC (Allocation Failure) [PSYoungGen: 69165K->1549K(69632K)] 401033K->333441K(757760K), 0.0017823 secs] [Times: user=0.01 sys=0.00, real=0.00 secs] 
2382.848: [GC (Allocation Failure) [PSYoungGen: 69133K->1408K(69632K)] 401025K->333300K(757760K), 0.0033049 secs] [Times: user=0.01 sys=0.00, real=0.00 secs] 
2383.525: [GC (Allocation Failure) [PSYoungGen: 68992K->1408K(69632K)] 400884K->333300K(757760K), 0.0028319 secs] [Times: user=0.01 sys=0.00, real=0.01 secs] 
2384.082: [GC (Allocation Failure) [PSYoungGen: 68992K->1424K(69632K)] 400884K->333316K(757760K), 0.0028595 secs] [Times: user=0.01 sys=0.00, real=0.00 secs] 
2384.671: [GC (Allocation Failure) [PSYoungGen: 69008K->1408K(69632K)] 400900K->333300K(757760K), 0.0024648 secs] [Times: user=0.01 sys=0.00, real=0.00 secs] 
2385.152: [GC (Allocation Failure) [PSYoungGen: 68979K->1504K(69632K)] 400871K->333396K(757760K), 0.0018945 secs] [Times: user=0.01 sys=0.00, real=0.00 secs] 
2385.564: [GC (Allocation Failure) [PSYoungGen: 69088K->1613K(69632K)] 400980K->333505K(757760K), 0.0017821 secs] [Times: user=0.01 sys=0.00, real=0.00 secs] 
2385.956: [GC (Allocation Failure) [PSYoungGen: 69197K->1581K(69632K)] 401089K->333473K(757760K), 0.0018136 secs] [Times: user=0.01 sys=0.00, real=0.01 secs] 
2386.349: [GC (Allocation Failure) [PSYoungGen: 69165K->1613K(69632K)] 401057K->333521K(757760K), 0.0017982 secs] [Times: user=0.01 sys=0.00, real=0.00 secs] 
2386.967: [GC (Allocation Failure) [PSYoungGen: 69197K->1408K(69632K)] 401105K->333316K(757760K), 0.0031962 secs] [Times: user=0.02 sys=0.00, real=0.01 secs] 
2387.676: [GC (Allocation Failure) [PSYoungGen: 68992K->1376K(69632K)] 400900K->333284K(757760K), 0.0029163 secs] [Times: user=0.02 sys=0.00, real=0.01 secs] 
2388.165: [GC (Allocation Failure) [PSYoungGen: 68960K->1408K(69632K)] 400868K->333316K(757760K), 0.0022412 secs] [Times: user=0.01 sys=0.00, real=0.01 secs] 
2388.643: [GC (Allocation Failure) [PSYoungGen: 68992K->1408K(69632K)] 400900K->333316K(757760K), 0.0019565 secs] [Times: user=0.00 sys=0.00, real=0.00 secs] 
2389.140: [GC (Allocation Failure) [PSYoungGen: 68992K->1517K(69632K)] 400900K->333425K(757760K), 0.0016486 secs] [Times: user=0.00 sys=0.00, real=0.00 secs] 
2389.534: [GC (Allocation Failure) [PSYoungGen: 69101K->1613K(69632K)] 401009K->333521K(757760K), 0.0016894 secs] [Times: user=0.01 sys=0.00, real=0.00 secs] 
2389.932: [GC (Allocation Failure) [PSYoungGen: 69197K->1581K(69632K)] 401105K->333489K(757760K), 0.0017248 secs] [Times: user=0.01 sys=0.00, real=0.00 secs] 
2390.325: [GC (Allocation Failure) [PSYoungGen: 69165K->1533K(69632K)] 401073K->333457K(757760K), 0.0017787 secs] [Times: user=0.00 sys=0.00, real=0.00 secs] 
2391.085: [GC (Allocation Failure) [PSYoungGen: 69117K->1376K(69632K)] 401041K->333324K(757760K), 0.0020406 secs] [Times: user=0.00 sys=0.00, real=0.01 secs] 
2391.405: [GC (Allocation Failure) [PSYoungGen: 68960K->1408K(69632K)] 400908K->333356K(757760K), 0.0020125 secs] [Times: user=0.01 sys=0.00, real=0.01 secs] 
2391.759: [GC (Allocation Failure) [PSYoungGen: 68992K->1392K(69632K)] 400940K->333340K(757760K), 0.0017391 secs] [Times: user=0.01 sys=0.00, real=0.00 secs] 
2392.040: [GC (Allocation Failure) [PSYoungGen: 68976K->1376K(69632K)] 400924K->333324K(757760K), 0.0018842 secs] [Times: user=0.01 sys=0.00, real=0.00 secs] 
2392.467: [GC (Allocation Failure) [PSYoungGen: 68960K->1613K(69632K)] 400908K->333561K(757760K), 0.0015286 secs] [Times: user=0.00 sys=0.00, real=0.00 secs] 
2392.862: [GC (Allocation Failure) [PSYoungGen: 69197K->1565K(69632K)] 401145K->333513K(757760K), 0.0017817 secs] [Times: user=0.01 sys=0.00, real=0.00 secs] 
2393.255: [GC (Allocation Failure) [PSYoungGen: 69149K->1565K(69632K)] 401097K->333513K(757760K), 0.0017632 secs] [Times: user=0.01 sys=0.00, real=0.00 secs] 
2393.658: [GC (Allocation Failure) [PSYoungGen: 69149K->1536K(69632K)] 401097K->333492K(757760K), 0.0019708 secs] [Times: user=0.01 sys=0.00, real=0.00 secs] 
2393.958: [GC (Allocation Failure) [PSYoungGen: 69120K->1408K(69632K)] 401076K->333364K(757760K), 0.0017349 secs] [Times: user=0.01 sys=0.00, real=0.00 secs] 
2394.299: [GC (Allocation Failure) [PSYoungGen: 68992K->1360K(69632K)] 400948K->333316K(757760K), 0.0018461 secs] [Times: user=0.00 sys=0.00, real=0.00 secs] 
2394.631: [GC (Allocation Failure) [PSYoungGen: 68944K->1376K(69632K)] 400900K->333332K(757760K), 0.0022594 secs] [Times: user=0.01 sys=0.00, real=0.00 secs] 
2395.185: [GC (Allocation Failure) [PSYoungGen: 68936K->1472K(69632K)] 400893K->333428K(757760K), 0.0017867 secs] [Times: user=0.01 sys=0.00, real=0.00 secs] 
2395.599: [GC (Allocation Failure) [PSYoungGen: 69056K->1613K(69632K)] 401012K->333569K(757760K), 0.0016752 secs] [Times: user=0.01 sys=0.00, real=0.00 secs] 
2395.991: [GC (Allocation Failure) [PSYoungGen: 69197K->1581K(69632K)] 401153K->333537K(757760K), 0.0016439 secs] [Times: user=0.01 sys=0.00, real=0.00 secs] 
2396.384: [GC (Allocation Failure) [PSYoungGen: 69165K->1581K(69632K)] 401121K->333537K(757760K), 0.0016918 secs] [Times: user=0.00 sys=0.00, real=0.00 secs] 
2396.968: [GC (Allocation Failure) [PSYoungGen: 69165K->1472K(69632K)] 401121K->333428K(757760K), 0.0019566 secs] [Times: user=0.01 sys=0.00, real=0.00 secs] 
2397.665: [GC (Allocation Failure) [PSYoungGen: 69056K->1440K(69632K)] 401012K->333396K(757760K), 0.0032653 secs] [Times: user=0.01 sys=0.00, real=0.01 secs] 
2398.165: [GC (Allocation Failure) [PSYoungGen: 69024K->1392K(69632K)] 400980K->333348K(757760K), 0.0022309 secs] [Times: user=0.01 sys=0.00, real=0.01 secs] 
2398.446: [GC (Allocation Failure) [PSYoungGen: 68976K->1376K(69632K)] 400932K->333332K(757760K), 0.0021152 secs] [Times: user=0.00 sys=0.01, real=0.01 secs] 
2398.925: [GC (Allocation Failure) [PSYoungGen: 68960K->1533K(69632K)] 400916K->333489K(757760K), 0.0016018 secs] [Times: user=0.00 sys=0.00, real=0.00 secs] 
2399.319: [GC (Allocation Failure) [PSYoungGen: 69117K->1597K(69632K)] 401073K->333553K(757760K), 0.0017990 secs] [Times: user=0.01 sys=0.00, real=0.00 secs] 
2399.715: [GC (Allocation Failure) [PSYoungGen: 69181K->1549K(69632K)] 401137K->333529K(757760K), 0.0017270 secs] [Times: user=0.01 sys=0.01, real=0.00 secs] 
2400.111: [GC (Allocation Failure) [PSYoungGen: 69133K->1565K(69632K)] 401113K->333561K(757760K), 0.0016341 secs] [Times: user=0.00 sys=0.00, real=0.00 secs] 
2400.719: [GC (Allocation Failure) [PSYoungGen: 69149K->1440K(69632K)] 401145K->333436K(757760K), 0.0028556 secs] [Times: user=0.02 sys=0.00, real=0.00 secs] 
2401.339: [GC (Allocation Failure) [PSYoungGen: 69024K->1440K(69632K)] 401020K->333436K(757760K), 0.0025377 secs] [Times: user=0.02 sys=0.00, real=0.00 secs] 
2401.883: [GC (Allocation Failure) [PSYoungGen: 69024K->1408K(69632K)] 401020K->333404K(757760K), 0.0024499 secs] [Times: user=0.01 sys=0.00, real=0.00 secs] 
2402.456: [GC (Allocation Failure) [PSYoungGen: 68992K->1344K(69632K)] 400988K->333340K(757760K), 0.0019641 secs] [Times: user=0.01 sys=0.00, real=0.01 secs] 
2402.995: [GC (Allocation Failure) [PSYoungGen: 68928K->1549K(69632K)] 400924K->333545K(757760K), 0.0016140 secs] [Times: user=0.01 sys=0.00, real=0.00 secs] 
2403.389: [GC (Allocation Failure) [PSYoungGen: 69133K->1581K(69632K)] 401129K->333577K(757760K), 0.0017659 secs] [Times: user=0.01 sys=0.00, real=0.00 secs] 
2403.782: [GC (Allocation Failure) [PSYoungGen: 69165K->1581K(69632K)] 401161K->333577K(757760K), 0.0017139 secs] [Times: user=0.00 sys=0.00, real=0.00 secs] 
2404.175: [GC (Allocation Failure) [PSYoungGen: 69165K->1533K(69632K)] 401161K->333537K(757760K), 0.0016870 secs] [Times: user=0.01 sys=0.00, real=0.00 secs] 
2404.576: [GC (Allocation Failure) [PSYoungGen: 69117K->1424K(69632K)] 401121K->333428K(757760K), 0.0019613 secs] [Times: user=0.01 sys=0.00, real=0.01 secs] 
2404.872: [GC (Allocation Failure) [PSYoungGen: 69008K->1408K(69632K)] 401012K->333412K(757760K), 0.0017847 secs] [Times: user=0.01 sys=0.00, real=0.00 secs] 
2405.161: [GC (Allocation Failure) [PSYoungGen: 68992K->1376K(69632K)] 400996K->333380K(757760K), 0.0017520 secs] [Times: user=0.01 sys=0.00, real=0.00 secs] 
2405.495: [GC (Allocation Failure) [PSYoungGen: 68960K->1408K(69632K)] 400964K->333412K(757760K), 0.0019816 secs] [Times: user=0.01 sys=0.00, real=0.01 secs] 
2405.905: [GC (Allocation Failure) [PSYoungGen: 68992K->1485K(69632K)] 400996K->333489K(757760K), 0.0017333 secs] [Times: user=0.00 sys=0.00, real=0.00 secs] 
2406.298: [GC (Allocation Failure) [PSYoungGen: 69069K->1613K(69632K)] 401073K->333617K(757760K), 0.0018318 secs] [Times: user=0.01 sys=0.00, real=0.00 secs] 
2406.690: [GC (Allocation Failure) [PSYoungGen: 69197K->1613K(69632K)] 401201K->333617K(757760K), 0.0021371 secs] [Times: user=0.01 sys=0.00, real=0.00 secs] 
2407.118: [GC (Allocation Failure) [PSYoungGen: 69197K->2016K(69632K)] 401201K->334068K(757760K), 0.0018636 secs] [Times: user=0.01 sys=0.00, real=0.00 secs] 
2407.406: [GC (Allocation Failure) [PSYoungGen: 69600K->1376K(69632K)] 401652K->333428K(757760K), 0.0017845 secs] [Times: user=0.00 sys=0.00, real=0.01 secs] 
2407.718: [GC (Allocation Failure) [PSYoungGen: 68960K->1408K(69632K)] 401012K->333460K(757760K), 0.0024475 secs] [Times: user=0.01 sys=0.00, real=0.00 secs] 
2408.047: [GC (Allocation Failure) [PSYoungGen: 68992K->1392K(69632K)] 401044K->333444K(757760K), 0.0022804 secs] [Times: user=0.00 sys=0.00, real=0.00 secs] 
2408.329: [GC (Allocation Failure) [PSYoungGen: 68976K->1408K(69632K)] 401028K->333460K(757760K), 0.0020661 secs] [Times: user=0.01 sys=0.00, real=0.00 secs] 
2408.828: [GC (Allocation Failure) [PSYoungGen: 68992K->1549K(69632K)] 401044K->333625K(757760K), 0.0016443 secs] [Times: user=0.00 sys=0.00, real=0.00 secs] 
2409.221: [GC (Allocation Failure) [PSYoungGen: 69133K->1565K(69632K)] 401209K->333641K(757760K), 0.0017190 secs] [Times: user=0.01 sys=0.00, real=0.00 secs] 
2409.616: [GC (Allocation Failure) [PSYoungGen: 69149K->1549K(69632K)] 401225K->333625K(757760K), 0.0015764 secs] [Times: user=0.00 sys=0.00, real=0.01 secs] 
2410.203: [GC (Allocation Failure) [PSYoungGen: 69133K->1440K(69632K)] 401209K->333516K(757760K), 0.0019891 secs] [Times: user=0.01 sys=0.00, real=0.00 secs] 
2411.144: [GC (Allocation Failure) [PSYoungGen: 69024K->1408K(69632K)] 401100K->333484K(757760K), 0.0040000 secs] [Times: user=0.02 sys=0.00, real=0.01 secs] 
2412.259: [GC (Allocation Failure) [PSYoungGen: 68992K->1408K(69632K)] 401068K->333484K(757760K), 0.0041338 secs] [Times: user=0.02 sys=0.00, real=0.00 secs] 
2413.307: [GC (Allocation Failure) [PSYoungGen: 68992K->1408K(69632K)] 401068K->333484K(757760K), 0.0038592 secs] [Times: user=0.02 sys=0.00, real=0.00 secs] 
2414.109: [GC (Allocation Failure) [PSYoungGen: 68978K->1485K(69632K)] 401054K->333561K(757760K), 0.0022469 secs] [Times: user=0.01 sys=0.00, real=0.00 secs] 
2414.539: [GC (Allocation Failure) [PSYoungGen: 69069K->1613K(69632K)] 401145K->333689K(757760K), 0.0017186 secs] [Times: user=0.01 sys=0.00, real=0.00 secs] 
2414.935: [GC (Allocation Failure) [PSYoungGen: 69197K->1549K(69632K)] 401273K->333625K(757760K), 0.0015894 secs] [Times: user=0.00 sys=0.00, real=0.00 secs] 
2415.328: [GC (Allocation Failure) [PSYoungGen: 69133K->1549K(69632K)] 401209K->333641K(757760K), 0.0017173 secs] [Times: user=0.01 sys=0.00, real=0.00 secs] 
2417.123: [GC (Allocation Failure) [PSYoungGen: 69133K->1488K(69632K)] 401225K->333588K(757760K), 0.0037009 secs] [Times: user=0.01 sys=0.00, real=0.01 secs] 
2418.225: [GC (Allocation Failure) [PSYoungGen: 69072K->1440K(69632K)] 401172K->333540K(757760K), 0.0039847 secs] [Times: user=0.01 sys=0.00, real=0.01 secs] 
2419.295: [GC (Allocation Failure) [PSYoungGen: 69024K->1408K(69632K)] 401124K->333508K(757760K), 0.0040139 secs] [Times: user=0.02 sys=0.01, real=0.01 secs] 
2420.387: [GC (Allocation Failure) [PSYoungGen: 68992K->1344K(69632K)] 401092K->333444K(757760K), 0.0038249 secs] [Times: user=0.01 sys=0.00, real=0.00 secs] 
2421.137: [GC (Allocation Failure) [PSYoungGen: 68928K->1485K(69632K)] 401028K->333585K(757760K), 0.0016434 secs] [Times: user=0.00 sys=0.00, real=0.01 secs] 
2421.533: [GC (Allocation Failure) [PSYoungGen: 69045K->1533K(69632K)] 401145K->333641K(757760K), 0.0016416 secs] [Times: user=0.00 sys=0.00, real=0.00 secs] 
2421.934: [GC (Allocation Failure) [PSYoungGen: 69117K->1584K(69632K)] 401225K->333692K(757760K), 0.0016981 secs] [Times: user=0.01 sys=0.00, real=0.00 secs] 
2422.327: [GC (Allocation Failure) [PSYoungGen: 69168K->1581K(69632K)] 401276K->333713K(757760K), 0.0017688 secs] [Times: user=0.00 sys=0.00, real=0.01 secs] 
2422.944: [GC (Allocation Failure) [PSYoungGen: 69165K->1424K(69632K)] 401297K->333556K(757760K), 0.0021517 secs] [Times: user=0.01 sys=0.00, real=0.00 secs] 
2423.808: [GC (Allocation Failure) [PSYoungGen: 69008K->1408K(69632K)] 401140K->333540K(757760K), 0.0039497 secs] [Times: user=0.02 sys=0.00, real=0.00 secs] 
2425.109: [GC (Allocation Failure) [PSYoungGen: 68992K->1408K(69632K)] 401124K->333548K(757760K), 0.0033259 secs] [Times: user=0.02 sys=0.00, real=0.00 secs] 
2426.036: [GC (Allocation Failure) [PSYoungGen: 68992K->1408K(69632K)] 401132K->333548K(757760K), 0.0024571 secs] [Times: user=0.01 sys=0.00, real=0.01 secs] 
2426.967: [GC (Allocation Failure) [PSYoungGen: 68992K->1581K(69632K)] 401132K->333721K(757760K), 0.0017343 secs] [Times: user=0.01 sys=0.00, real=0.01 secs] 
2427.361: [GC (Allocation Failure) [PSYoungGen: 69165K->1581K(69632K)] 401305K->333721K(757760K), 0.0018513 secs] [Times: user=0.00 sys=0.00, real=0.00 secs] 
2427.812: [GC (Allocation Failure) [PSYoungGen: 69165K->1597K(69632K)] 401305K->333737K(757760K), 0.0017865 secs] [Times: user=0.01 sys=0.00, real=0.00 secs] 
2428.201: [GC (Allocation Failure) [PSYoungGen: 68810K->320K(69632K)] 400951K->332460K(757760K), 0.0015638 secs] [Times: user=0.00 sys=0.00, real=0.00 secs] 
2429.435: [GC (Allocation Failure) [PSYoungGen: 67904K->1408K(69632K)] 400044K->333548K(757760K), 0.0032297 secs] [Times: user=0.02 sys=0.00, real=0.01 secs] 
2430.006: [GC (Allocation Failure) [PSYoungGen: 68992K->1408K(69632K)] 401132K->333548K(757760K), 0.0032415 secs] [Times: user=0.02 sys=0.00, real=0.01 secs] 
2430.310: [GC (Allocation Failure) [PSYoungGen: 68992K->1376K(69632K)] 401132K->333516K(757760K), 0.0020120 secs] [Times: user=0.01 sys=0.00, real=0.00 secs] 
2430.694: [GC (Allocation Failure) [PSYoungGen: 68960K->1376K(69632K)] 401100K->333516K(757760K), 0.0019758 secs] [Times: user=0.01 sys=0.00, real=0.00 secs] 
2431.151: [GC (Allocation Failure) [PSYoungGen: 68960K->1581K(69632K)] 401100K->333721K(757760K), 0.0015894 secs] [Times: user=0.01 sys=0.00, real=0.00 secs] 
2431.544: [GC (Allocation Failure) [PSYoungGen: 69165K->1581K(69632K)] 401305K->333721K(757760K), 0.0017081 secs] [Times: user=0.01 sys=0.00, real=0.00 secs] 
2431.947: [GC (Allocation Failure) [PSYoungGen: 69165K->1549K(69632K)] 401305K->333689K(757760K), 0.0016145 secs] [Times: user=0.00 sys=0.00, real=0.00 secs] 
2432.495: [GC (Allocation Failure) [PSYoungGen: 69133K->1504K(69632K)] 401273K->333644K(757760K), 0.0018084 secs] [Times: user=0.01 sys=0.00, real=0.01 secs] 
2433.740: [GC (Allocation Failure) [PSYoungGen: 69088K->1408K(69632K)] 401228K->333556K(757760K), 0.0021280 secs] [Times: user=0.01 sys=0.00, real=0.00 secs] 
2434.527: [GC (Allocation Failure) [PSYoungGen: 68992K->1440K(69632K)] 401140K->333588K(757760K), 0.0027255 secs] [Times: user=0.01 sys=0.00, real=0.00 secs] 
2435.163: [GC (Allocation Failure) [PSYoungGen: 69024K->1408K(69632K)] 401172K->333556K(757760K), 0.0029429 secs] [Times: user=0.01 sys=0.00, real=0.00 secs] 
2435.569: [GC (Allocation Failure) [PSYoungGen: 68992K->1488K(69632K)] 401140K->333636K(757760K), 0.0018292 secs] [Times: user=0.01 sys=0.00, real=0.00 secs] 
2436.051: [GC (Allocation Failure) [PSYoungGen: 69072K->1581K(69632K)] 401220K->333729K(757760K), 0.0016043 secs] [Times: user=0.01 sys=0.00, real=0.00 secs] 
2436.448: [GC (Allocation Failure) [PSYoungGen: 69165K->1584K(69632K)] 401313K->333732K(757760K), 0.0015621 secs] [Times: user=0.01 sys=0.00, real=0.00 secs] 
2436.840: [GC (Allocation Failure) [PSYoungGen: 69168K->1581K(69632K)] 401316K->333737K(757760K), 0.0016104 secs] [Times: user=0.00 sys=0.00, real=0.00 secs] 
2437.300: [GC (Allocation Failure) [PSYoungGen: 69165K->1456K(69632K)] 401321K->333612K(757760K), 0.0024382 secs] [Times: user=0.01 sys=0.00, real=0.00 secs] 
2437.599: [GC (Allocation Failure) [PSYoungGen: 69040K->1376K(69632K)] 401196K->333532K(757760K), 0.0020178 secs] [Times: user=0.01 sys=0.00, real=0.00 secs] 
2437.947: [GC (Allocation Failure) [PSYoungGen: 68960K->1408K(69632K)] 401116K->333564K(757760K), 0.0019327 secs] [Times: user=0.00 sys=0.00, real=0.00 secs] 
2438.228: [GC (Allocation Failure) [PSYoungGen: 68992K->1376K(69632K)] 401148K->333532K(757760K), 0.0018186 secs] [Times: user=0.01 sys=0.00, real=0.00 secs] 
2438.718: [GC (Allocation Failure) [PSYoungGen: 68935K->1549K(69632K)] 401092K->333705K(757760K), 0.0017456 secs] [Times: user=0.01 sys=0.00, real=0.00 secs] 
2439.121: [GC (Allocation Failure) [PSYoungGen: 69133K->1581K(69632K)] 401289K->333737K(757760K), 0.0017346 secs] [Times: user=0.01 sys=0.00, real=0.00 secs] 
2439.516: [GC (Allocation Failure) [PSYoungGen: 69165K->1565K(69632K)] 401321K->333721K(757760K), 0.0017762 secs] [Times: user=0.01 sys=0.00, real=0.01 secs] 
2439.910: [GC (Allocation Failure) [PSYoungGen: 69149K->1597K(69632K)] 401305K->333769K(757760K), 0.0016539 secs] [Times: user=0.01 sys=0.00, real=0.00 secs] 
2440.298: [GC (Allocation Failure) [PSYoungGen: 69181K->1408K(69632K)] 401353K->333604K(757760K), 0.0030598 secs] [Times: user=0.01 sys=0.00, real=0.00 secs] 
2440.584: [GC (Allocation Failure) [PSYoungGen: 68992K->1344K(69632K)] 401188K->333540K(757760K), 0.0018202 secs] [Times: user=0.01 sys=0.00, real=0.00 secs] 
2440.949: [GC (Allocation Failure) [PSYoungGen: 68928K->1392K(69632K)] 401124K->333588K(757760K), 0.0020139 secs] [Times: user=0.01 sys=0.00, real=0.00 secs] 
2441.545: [GC (Allocation Failure) [PSYoungGen: 68976K->1440K(69632K)] 401172K->333636K(757760K), 0.0038424 secs] [Times: user=0.02 sys=0.00, real=0.01 secs] 
2442.418: [GC (Allocation Failure) [PSYoungGen: 69024K->1485K(69632K)] 401220K->333681K(757760K), 0.0017414 secs] [Times: user=0.01 sys=0.00, real=0.00 secs] 
2442.872: [GC (Allocation Failure) [PSYoungGen: 69069K->1549K(69632K)] 401265K->333745K(757760K), 0.0017894 secs] [Times: user=0.01 sys=0.00, real=0.00 secs] 
2443.264: [GC (Allocation Failure) [PSYoungGen: 69133K->1581K(69632K)] 401329K->333777K(757760K), 0.0015786 secs] [Times: user=0.01 sys=0.00, real=0.00 secs] 
2443.690: [GC (Allocation Failure) [PSYoungGen: 69165K->1613K(69632K)] 401361K->333817K(757760K), 0.0015601 secs] [Times: user=0.00 sys=0.00, real=0.00 secs] 
2444.807: [GC (Allocation Failure) [PSYoungGen: 69197K->1424K(69632K)] 401401K->333628K(757760K), 0.0023187 secs] [Times: user=0.01 sys=0.00, real=0.01 secs] 
2445.099: [GC (Allocation Failure) [PSYoungGen: 69008K->1376K(69632K)] 401212K->333580K(757760K), 0.0019761 secs] [Times: user=0.00 sys=0.00, real=0.00 secs] 
2445.400: [GC (Allocation Failure) [PSYoungGen: 68960K->1376K(69632K)] 401164K->333580K(757760K), 0.0018584 secs] [Times: user=0.01 sys=0.00, real=0.00 secs] 
2445.701: [GC (Allocation Failure) [PSYoungGen: 68960K->1408K(69632K)] 401164K->333612K(757760K), 0.0019032 secs] [Times: user=0.00 sys=0.00, real=0.00 secs] 
2446.090: [GC (Allocation Failure) [PSYoungGen: 68984K->1565K(69632K)] 401188K->333769K(757760K), 0.0016911 secs] [Times: user=0.01 sys=0.00, real=0.00 secs] 
2446.484: [GC (Allocation Failure) [PSYoungGen: 69149K->1632K(69632K)] 401353K->333836K(757760K), 0.0016442 secs] [Times: user=0.00 sys=0.00, real=0.00 secs] 
2446.941: [GC (Allocation Failure) [PSYoungGen: 69216K->1584K(69632K)] 401420K->333788K(757760K), 0.0017843 secs] [Times: user=0.01 sys=0.00, real=0.00 secs] 
2447.374: [GC (Allocation Failure) [PSYoungGen: 69168K->1536K(69632K)] 401372K->333740K(757760K), 0.0018780 secs] [Times: user=0.01 sys=0.00, real=0.00 secs] 
2447.798: [GC (Allocation Failure) [PSYoungGen: 69120K->1408K(69632K)] 401324K->333612K(757760K), 0.0019861 secs] [Times: user=0.01 sys=0.00, real=0.00 secs] 
2448.125: [GC (Allocation Failure) [PSYoungGen: 68992K->1376K(69632K)] 401196K->333580K(757760K), 0.0018676 secs] [Times: user=0.00 sys=0.00, real=0.00 secs] 
2448.527: [GC (Allocation Failure) [PSYoungGen: 68960K->1408K(69632K)] 401164K->333612K(757760K), 0.0024727 secs] [Times: user=0.01 sys=0.00, real=0.01 secs] 
2449.017: [GC (Allocation Failure) [PSYoungGen: 68992K->1408K(69632K)] 401196K->333612K(757760K), 0.0027702 secs] [Times: user=0.01 sys=0.00, real=0.01 secs] 
2449.611: [GC (Allocation Failure) [PSYoungGen: 68992K->1549K(69632K)] 401196K->333753K(757760K), 0.0017936 secs] [Times: user=0.01 sys=0.00, real=0.00 secs] 
2450.005: [GC (Allocation Failure) [PSYoungGen: 69133K->1581K(69632K)] 401337K->333809K(757760K), 0.0016935 secs] [Times: user=0.01 sys=0.00, real=0.01 secs] 
2450.399: [GC (Allocation Failure) [PSYoungGen: 69165K->1549K(69632K)] 401393K->333777K(757760K), 0.0018420 secs] [Times: user=0.01 sys=0.00, real=0.00 secs] 
2450.864: [GC (Allocation Failure) [PSYoungGen: 69133K->1488K(69632K)] 401361K->333724K(757760K), 0.0020449 secs] [Times: user=0.00 sys=0.00, real=0.00 secs] 
2451.146: [GC (Allocation Failure) [PSYoungGen: 69072K->1360K(69632K)] 401308K->333596K(757760K), 0.0019022 secs] [Times: user=0.01 sys=0.00, real=0.01 secs] 
2451.464: [GC (Allocation Failure) [PSYoungGen: 68944K->1376K(69632K)] 401180K->333612K(757760K), 0.0019081 secs] [Times: user=0.01 sys=0.00, real=0.00 secs] 
2451.819: [GC (Allocation Failure) [PSYoungGen: 68960K->1376K(69632K)] 401196K->333612K(757760K), 0.0019828 secs] [Times: user=0.01 sys=0.00, real=0.00 secs] 
2452.151: [GC (Allocation Failure) [PSYoungGen: 68939K->1533K(69632K)] 401176K->333769K(757760K), 0.0015681 secs] [Times: user=0.01 sys=0.00, real=0.00 secs] 
2452.555: [GC (Allocation Failure) [PSYoungGen: 69117K->1613K(69632K)] 401353K->333849K(757760K), 0.0017583 secs] [Times: user=0.01 sys=0.00, real=0.00 secs] 
2453.010: [GC (Allocation Failure) [PSYoungGen: 69197K->1581K(69632K)] 401433K->333817K(757760K), 0.0016738 secs] [Times: user=0.01 sys=0.00, real=0.00 secs] 
2453.405: [GC (Allocation Failure) [PSYoungGen: 69165K->1549K(69632K)] 401401K->333801K(757760K), 0.0017313 secs] [Times: user=0.01 sys=0.00, real=0.00 secs] 
2454.011: [GC (Allocation Failure) [PSYoungGen: 69133K->1488K(69632K)] 401385K->333740K(757760K), 0.0028201 secs] [Times: user=0.01 sys=0.00, real=0.00 secs] 
2454.580: [GC (Allocation Failure) [PSYoungGen: 69072K->1376K(69632K)] 401324K->333628K(757760K), 0.0021167 secs] [Times: user=0.01 sys=0.01, real=0.00 secs] 
2455.212: [GC (Allocation Failure) [PSYoungGen: 68960K->1424K(69632K)] 401212K->333676K(757760K), 0.0031253 secs] [Times: user=0.01 sys=0.00, real=0.00 secs] 
2455.943: [GC (Allocation Failure) [PSYoungGen: 69008K->1408K(69632K)] 401260K->333660K(757760K), 0.0039297 secs] [Times: user=0.02 sys=0.00, real=0.00 secs] 
2456.652: [GC (Allocation Failure) [PSYoungGen: 68972K->1581K(69632K)] 401225K->333833K(757760K), 0.0016392 secs] [Times: user=0.01 sys=0.00, real=0.00 secs] 
2457.046: [GC (Allocation Failure) [PSYoungGen: 69165K->1613K(69632K)] 401417K->333865K(757760K), 0.0016453 secs] [Times: user=0.00 sys=0.00, real=0.01 secs] 
2457.439: [GC (Allocation Failure) [PSYoungGen: 69197K->1581K(69632K)] 401449K->333833K(757760K), 0.0016963 secs] [Times: user=0.00 sys=0.00, real=0.00 secs] 
2457.834: [GC (Allocation Failure) [PSYoungGen: 69165K->1581K(69632K)] 401417K->333841K(757760K), 0.0016765 secs] [Times: user=0.01 sys=0.00, real=0.00 secs] 
2458.278: [GC (Allocation Failure) [PSYoungGen: 69165K->1440K(69632K)] 401425K->333700K(757760K), 0.0018774 secs] [Times: user=0.01 sys=0.00, real=0.00 secs] 
2458.610: [GC (Allocation Failure) [PSYoungGen: 69024K->1376K(69632K)] 401284K->333636K(757760K), 0.0016359 secs] [Times: user=0.01 sys=0.00, real=0.00 secs] 
2459.201: [GC (Allocation Failure) [PSYoungGen: 68960K->1392K(69632K)] 401220K->333652K(757760K), 0.0020566 secs] [Times: user=0.00 sys=0.00, real=0.00 secs] 
2459.890: [GC (Allocation Failure) [PSYoungGen: 68976K->1424K(69632K)] 401236K->333684K(757760K), 0.0021530 secs] [Times: user=0.01 sys=0.00, real=0.00 secs] 
2460.439: [GC (Allocation Failure) [PSYoungGen: 69008K->1581K(69632K)] 401268K->333841K(757760K), 0.0016712 secs] [Times: user=0.01 sys=0.00, real=0.00 secs] 
2460.833: [GC (Allocation Failure) [PSYoungGen: 69165K->1549K(69632K)] 401425K->333809K(757760K), 0.0016253 secs] [Times: user=0.01 sys=0.00, real=0.00 secs] 
2461.225: [GC (Allocation Failure) [PSYoungGen: 69133K->1552K(69632K)] 401393K->333828K(757760K), 0.0016931 secs] [Times: user=0.01 sys=0.00, real=0.01 secs] 
2461.774: [GC (Allocation Failure) [PSYoungGen: 69136K->1696K(69632K)] 401412K->333972K(757760K), 0.0021138 secs] [Times: user=0.01 sys=0.00, real=0.00 secs] 
2462.298: [GC (Allocation Failure) [PSYoungGen: 69280K->1376K(69632K)] 401556K->333652K(757760K), 0.0022374 secs] [Times: user=0.01 sys=0.00, real=0.00 secs] 
2462.880: [GC (Allocation Failure) [PSYoungGen: 68960K->1392K(69632K)] 401236K->333668K(757760K), 0.0020634 secs] [Times: user=0.01 sys=0.00, real=0.00 secs] 
2463.531: [GC (Allocation Failure) [PSYoungGen: 68976K->1440K(69632K)] 401252K->333716K(757760K), 0.0027582 secs] [Times: user=0.01 sys=0.00, real=0.00 secs] 
2464.407: [GC (Allocation Failure) [PSYoungGen: 69024K->1440K(69632K)] 401300K->333716K(757760K), 0.0025606 secs] [Times: user=0.01 sys=0.00, real=0.00 secs] 
2464.906: [GC (Allocation Failure) [PSYoungGen: 69016K->1632K(69632K)] 401292K->333908K(757760K), 0.0016206 secs] [Times: user=0.01 sys=0.00, real=0.01 secs] 
2465.305: [GC (Allocation Failure) [PSYoungGen: 69216K->1629K(69632K)] 401492K->333905K(757760K), 0.0017311 secs] [Times: user=0.00 sys=0.00, real=0.00 secs] 
2465.700: [GC (Allocation Failure) [PSYoungGen: 69213K->1581K(69632K)] 401489K->333857K(757760K), 0.0015812 secs] [Times: user=0.01 sys=0.00, real=0.00 secs] 
2466.127: [GC (Allocation Failure) [PSYoungGen: 69165K->1504K(69632K)] 401441K->333780K(757760K), 0.0017037 secs] [Times: user=0.01 sys=0.00, real=0.01 secs] 
2466.442: [GC (Allocation Failure) [PSYoungGen: 69088K->1408K(69632K)] 401364K->333684K(757760K), 0.0019984 secs] [Times: user=0.01 sys=0.00, real=0.00 secs] 
2466.746: [GC (Allocation Failure) [PSYoungGen: 68992K->1408K(69632K)] 401268K->333684K(757760K), 0.0020168 secs] [Times: user=0.01 sys=0.00, real=0.01 secs] 
2467.199: [GC (Allocation Failure) [PSYoungGen: 68992K->1440K(69632K)] 401268K->333716K(757760K), 0.0030136 secs] [Times: user=0.01 sys=0.00, real=0.00 secs] 
2467.855: [GC (Allocation Failure) [PSYoungGen: 69024K->1472K(69632K)] 401300K->333748K(757760K), 0.0018462 secs] [Times: user=0.01 sys=0.00, real=0.01 secs] 
2468.268: [GC (Allocation Failure) [PSYoungGen: 69056K->1616K(69632K)] 401332K->333892K(757760K), 0.0017973 secs] [Times: user=0.00 sys=0.00, real=0.00 secs] 
2468.719: [GC (Allocation Failure) [PSYoungGen: 69200K->1581K(69632K)] 401476K->333857K(757760K), 0.0018234 secs] [Times: user=0.01 sys=0.00, real=0.00 secs] 
2469.112: [GC (Allocation Failure) [PSYoungGen: 69165K->1613K(69632K)] 401441K->333897K(757760K), 0.0017318 secs] [Times: user=0.01 sys=0.00, real=0.00 secs] 
2469.844: [GC (Allocation Failure) [PSYoungGen: 69197K->1488K(69632K)] 401481K->333772K(757760K), 0.0039583 secs] [Times: user=0.02 sys=0.00, real=0.01 secs] 
2471.199: [GC (Allocation Failure) [PSYoungGen: 69072K->1424K(69632K)] 401356K->333708K(757760K), 0.0041313 secs] [Times: user=0.01 sys=0.00, real=0.00 secs] 
2472.115: [GC (Allocation Failure) [PSYoungGen: 69008K->1360K(69632K)] 401292K->333668K(757760K), 0.0033551 secs] [Times: user=0.01 sys=0.00, real=0.01 secs] 
2472.748: [GC (Allocation Failure) [PSYoungGen: 68944K->1344K(69632K)] 401252K->333652K(757760K), 0.0035636 secs] [Times: user=0.01 sys=0.00, real=0.00 secs] 
2473.441: [GC (Allocation Failure) [PSYoungGen: 68928K->1504K(69632K)] 401236K->333812K(757760K), 0.0016209 secs] [Times: user=0.01 sys=0.00, real=0.00 secs] 
2473.836: [GC (Allocation Failure) [PSYoungGen: 69064K->1613K(69632K)] 401372K->333921K(757760K), 0.0017010 secs] [Times: user=0.01 sys=0.00, real=0.01 secs] 
2474.231: [GC (Allocation Failure) [PSYoungGen: 69197K->1584K(69632K)] 401505K->333892K(757760K), 0.0017206 secs] [Times: user=0.01 sys=0.00, real=0.00 secs] 
2474.625: [GC (Allocation Failure) [PSYoungGen: 69168K->1613K(69632K)] 401476K->333929K(757760K), 0.0016157 secs] [Times: user=0.00 sys=0.00, real=0.00 secs] 
2475.672: [GC (Allocation Failure) [PSYoungGen: 69197K->1408K(69632K)] 401513K->333724K(757760K), 0.0028934 secs] [Times: user=0.01 sys=0.00, real=0.00 secs] 
2476.284: [GC (Allocation Failure) [PSYoungGen: 68992K->1408K(69632K)] 401308K->333724K(757760K), 0.0024534 secs] [Times: user=0.01 sys=0.00, real=0.00 secs] 
2476.942: [GC (Allocation Failure) [PSYoungGen: 68992K->1408K(69632K)] 401308K->333724K(757760K), 0.0025255 secs] [Times: user=0.01 sys=0.00, real=0.00 secs] 
2477.492: [GC (Allocation Failure) [PSYoungGen: 68992K->1424K(69632K)] 401308K->333740K(757760K), 0.0022101 secs] [Times: user=0.01 sys=0.00, real=0.00 secs] 
2478.026: [GC (Allocation Failure) [PSYoungGen: 69008K->1565K(69632K)] 401324K->333881K(757760K), 0.0016238 secs] [Times: user=0.00 sys=0.00, real=0.01 secs] 
2478.418: [GC (Allocation Failure) [PSYoungGen: 69149K->1581K(69632K)] 401465K->333897K(757760K), 0.0017122 secs] [Times: user=0.01 sys=0.00, real=0.00 secs] 
2478.811: [GC (Allocation Failure) [PSYoungGen: 69165K->1613K(69632K)] 401481K->333929K(757760K), 0.0017101 secs] [Times: user=0.00 sys=0.00, real=0.00 secs] 
2479.204: [GC (Allocation Failure) [PSYoungGen: 69197K->1565K(69632K)] 401513K->333889K(757760K), 0.0017114 secs] [Times: user=0.00 sys=0.00, real=0.00 secs] 
2480.086: [GC (Allocation Failure) [PSYoungGen: 69149K->1456K(69632K)] 401473K->333780K(757760K), 0.0042899 secs] [Times: user=0.02 sys=0.00, real=0.01 secs] 
2480.813: [GC (Allocation Failure) [PSYoungGen: 69040K->1408K(69632K)] 401364K->333732K(757760K), 0.0030572 secs] [Times: user=0.02 sys=0.00, real=0.00 secs] 
2481.541: [GC (Allocation Failure) [PSYoungGen: 68992K->1376K(69632K)] 401316K->333700K(757760K), 0.0029856 secs] [Times: user=0.01 sys=0.00, real=0.00 secs] 
2482.320: [GC (Allocation Failure) [PSYoungGen: 68960K->1408K(69632K)] 401284K->333748K(757760K), 0.0038798 secs] [Times: user=0.02 sys=0.00, real=0.00 secs] 
2483.012: [GC (Allocation Failure) [PSYoungGen: 68992K->1469K(69632K)] 401332K->333809K(757760K), 0.0021973 secs] [Times: user=0.01 sys=0.00, real=0.00 secs] 
2483.481: [GC (Allocation Failure) [PSYoungGen: 69053K->1581K(69632K)] 401393K->333921K(757760K), 0.0017905 secs] [Times: user=0.01 sys=0.00, real=0.00 secs] 
2483.935: [GC (Allocation Failure) [PSYoungGen: 69165K->1613K(69632K)] 401505K->333953K(757760K), 0.0016091 secs] [Times: user=0.01 sys=0.00, real=0.00 secs] 
2484.329: [GC (Allocation Failure) [PSYoungGen: 69197K->1536K(69632K)] 401537K->333876K(757760K), 0.0019735 secs] [Times: user=0.00 sys=0.00, real=0.00 secs] 
2484.617: [GC (Allocation Failure) [PSYoungGen: 69120K->1376K(69632K)] 401460K->333716K(757760K), 0.0023235 secs] [Times: user=0.01 sys=0.00, real=0.00 secs] 
2484.892: [GC (Allocation Failure) [PSYoungGen: 68960K->1408K(69632K)] 401300K->333748K(757760K), 0.0021804 secs] [Times: user=0.01 sys=0.00, real=0.00 secs] 
2485.173: [GC (Allocation Failure) [PSYoungGen: 68992K->1376K(69632K)] 401332K->333716K(757760K), 0.0019918 secs] [Times: user=0.00 sys=0.00, real=0.00 secs] 
2485.477: [GC (Allocation Failure) [PSYoungGen: 68960K->1469K(69632K)] 401300K->333809K(757760K), 0.0017124 secs] [Times: user=0.01 sys=0.00, real=0.01 secs] 
2485.882: [GC (Allocation Failure) [PSYoungGen: 69053K->1613K(69632K)] 401393K->333953K(757760K), 0.0016756 secs] [Times: user=0.01 sys=0.00, real=0.00 secs] 
2486.276: [GC (Allocation Failure) [PSYoungGen: 69197K->1520K(69632K)] 401537K->333860K(757760K), 0.0016588 secs] [Times: user=0.01 sys=0.00, real=0.01 secs] 
2486.670: [GC (Allocation Failure) [PSYoungGen: 69104K->1581K(69632K)] 401444K->333921K(757760K), 0.0017238 secs] [Times: user=0.00 sys=0.00, real=0.00 secs] 
2487.065: [GC (Allocation Failure) [PSYoungGen: 69165K->1440K(69632K)] 401505K->333780K(757760K), 0.0018740 secs] [Times: user=0.01 sys=0.00, real=0.01 secs] 
2487.347: [GC (Allocation Failure) [PSYoungGen: 69024K->1376K(69632K)] 401364K->333716K(757760K), 0.0015735 secs] [Times: user=0.00 sys=0.00, real=0.01 secs] 
2487.627: [GC (Allocation Failure) [PSYoungGen: 68960K->1376K(69632K)] 401300K->333716K(757760K), 0.0016172 secs] [Times: user=0.01 sys=0.00, real=0.00 secs] 
2488.094: [GC (Allocation Failure) [PSYoungGen: 68960K->1392K(69632K)] 401300K->333732K(757760K), 0.0017552 secs] [Times: user=0.01 sys=0.00, real=0.00 secs] 
2488.609: [GC (Allocation Failure) [PSYoungGen: 68965K->1440K(69632K)] 401305K->333780K(757760K), 0.0015495 secs] [Times: user=0.01 sys=0.00, real=0.00 secs] 
2489.060: [GC (Allocation Failure) [PSYoungGen: 69024K->1549K(69632K)] 401364K->333905K(757760K), 0.0018052 secs] [Times: user=0.01 sys=0.00, real=0.00 secs] 
2489.513: [GC (Allocation Failure) [PSYoungGen: 69133K->1613K(69632K)] 401489K->333969K(757760K), 0.0018422 secs] [Times: user=0.00 sys=0.00, real=0.00 secs] 
2489.970: [GC (Allocation Failure) [PSYoungGen: 69197K->1597K(69632K)] 401553K->333961K(757760K), 0.0017032 secs] [Times: user=0.00 sys=0.00, real=0.00 secs] 
2490.424: [GC (Allocation Failure) [PSYoungGen: 69181K->1392K(69632K)] 401545K->333756K(757760K), 0.0032930 secs] [Times: user=0.01 sys=0.00, real=0.01 secs] 
2490.730: [GC (Allocation Failure) [PSYoungGen: 68976K->1376K(69632K)] 401340K->333740K(757760K), 0.0028290 secs] [Times: user=0.01 sys=0.00, real=0.00 secs] 
2491.076: [GC (Allocation Failure) [PSYoungGen: 68960K->1408K(69632K)] 401324K->333772K(757760K), 0.0019445 secs] [Times: user=0.01 sys=0.00, real=0.01 secs] 
2491.365: [GC (Allocation Failure) [PSYoungGen: 68992K->1408K(69632K)] 401356K->333772K(757760K), 0.0019452 secs] [Times: user=0.01 sys=0.00, real=0.00 secs] 
2491.792: [GC (Allocation Failure) [PSYoungGen: 68992K->1549K(69632K)] 401356K->333913K(757760K), 0.0016308 secs] [Times: user=0.01 sys=0.00, real=0.00 secs] 
2492.186: [GC (Allocation Failure) [PSYoungGen: 69133K->1552K(69632K)] 401497K->333916K(757760K), 0.0016815 secs] [Times: user=0.00 sys=0.00, real=0.01 secs] 
2492.580: [GC (Allocation Failure) [PSYoungGen: 69136K->1520K(69632K)] 401500K->333884K(757760K), 0.0016153 secs] [Times: user=0.01 sys=0.00, real=0.00 secs] 
2492.973: [GC (Allocation Failure) [PSYoungGen: 69104K->1549K(69632K)] 401468K->333921K(757760K), 0.0017086 secs] [Times: user=0.01 sys=0.00, real=0.00 secs] 
2494.466: [GC (Allocation Failure) [PSYoungGen: 69133K->1440K(69632K)] 401505K->333812K(757760K), 0.0021741 secs] [Times: user=0.01 sys=0.00, real=0.01 secs] 
2494.745: [GC (Allocation Failure) [PSYoungGen: 69024K->1440K(69632K)] 401396K->333812K(757760K), 0.0020215 secs] [Times: user=0.01 sys=0.00, real=0.00 secs] 
2495.026: [GC (Allocation Failure) [PSYoungGen: 69024K->1376K(69632K)] 401396K->333748K(757760K), 0.0019519 secs] [Times: user=0.01 sys=0.00, real=0.01 secs] 
2495.306: [GC (Allocation Failure) [PSYoungGen: 68960K->1376K(69632K)] 401332K->333748K(757760K), 0.0019596 secs] [Times: user=0.01 sys=0.00, real=0.01 secs] 
2495.701: [GC (Allocation Failure) [PSYoungGen: 68960K->1581K(69632K)] 401332K->333953K(757760K), 0.0016569 secs] [Times: user=0.01 sys=0.00, real=0.00 secs] 
2496.158: [GC (Allocation Failure) [PSYoungGen: 69165K->1613K(69632K)] 401537K->333985K(757760K), 0.0016643 secs] [Times: user=0.01 sys=0.00, real=0.00 secs] 
2496.552: [GC (Allocation Failure) [PSYoungGen: 69197K->1584K(69632K)] 401569K->333956K(757760K), 0.0017963 secs] [Times: user=0.01 sys=0.00, real=0.00 secs] 
2496.999: [GC (Allocation Failure) [PSYoungGen: 69168K->2016K(69632K)] 401540K->334404K(757760K), 0.0018311 secs] [Times: user=0.01 sys=0.00, real=0.00 secs] 
2497.939: [GC (Allocation Failure) [PSYoungGen: 69600K->1376K(69632K)] 401988K->333764K(757760K), 0.0039396 secs] [Times: user=0.02 sys=0.00, real=0.00 secs] 
2498.610: [GC (Allocation Failure) [PSYoungGen: 68960K->1440K(69632K)] 401348K->333828K(757760K), 0.0027456 secs] [Times: user=0.01 sys=0.00, real=0.00 secs] 
2499.331: [GC (Allocation Failure) [PSYoungGen: 69024K->1344K(69632K)] 401412K->333732K(757760K), 0.0033921 secs] [Times: user=0.01 sys=0.00, real=0.00 secs] 
2499.927: [GC (Allocation Failure) [PSYoungGen: 68928K->1440K(69632K)] 401316K->333828K(757760K), 0.0025804 secs] [Times: user=0.01 sys=0.00, real=0.00 secs] 
2500.435: [GC (Allocation Failure) [PSYoungGen: 69023K->1613K(69632K)] 401411K->334001K(757760K), 0.0017311 secs] [Times: user=0.00 sys=0.00, real=0.01 secs] 
2500.834: [GC (Allocation Failure) [PSYoungGen: 69197K->1581K(69632K)] 401585K->333969K(757760K), 0.0017220 secs] [Times: user=0.00 sys=0.00, real=0.00 secs] 
2501.227: [GC (Allocation Failure) [PSYoungGen: 69165K->1597K(69632K)] 401553K->333985K(757760K), 0.0016812 secs] [Times: user=0.01 sys=0.00, real=0.00 secs] 
2501.720: [GC (Allocation Failure) [PSYoungGen: 69181K->1472K(69632K)] 401569K->333876K(757760K), 0.0020455 secs] [Times: user=0.01 sys=0.00, real=0.00 secs] 
2502.165: [GC (Allocation Failure) [PSYoungGen: 69056K->1408K(69632K)] 401460K->333812K(757760K), 0.0019332 secs] [Times: user=0.00 sys=0.00, real=0.00 secs] 
2502.446: [GC (Allocation Failure) [PSYoungGen: 68992K->1376K(69632K)] 401396K->333780K(757760K), 0.0019057 secs] [Times: user=0.01 sys=0.00, real=0.01 secs] 
2502.726: [GC (Allocation Failure) [PSYoungGen: 68960K->1376K(69632K)] 401364K->333780K(757760K), 0.0018967 secs] [Times: user=0.01 sys=0.00, real=0.01 secs] 
2503.055: [GC (Allocation Failure) [PSYoungGen: 68960K->1469K(69632K)] 401364K->333873K(757760K), 0.0016057 secs] [Times: user=0.01 sys=0.00, real=0.00 secs] 
2503.451: [GC (Allocation Failure) [PSYoungGen: 69053K->1565K(69632K)] 401457K->333969K(757760K), 0.0016875 secs] [Times: user=0.01 sys=0.00, real=0.00 secs] 
2503.852: [GC (Allocation Failure) [PSYoungGen: 69149K->1613K(69632K)] 401553K->334017K(757760K), 0.0017102 secs] [Times: user=0.00 sys=0.00, real=0.00 secs] 
2504.246: [GC (Allocation Failure) [PSYoungGen: 69197K->1613K(69632K)] 401601K->334025K(757760K), 0.0016588 secs] [Times: user=0.01 sys=0.00, real=0.01 secs] 
2504.765: [GC (Allocation Failure) [PSYoungGen: 69197K->1472K(69632K)] 401609K->333884K(757760K), 0.0016769 secs] [Times: user=0.01 sys=0.00, real=0.00 secs] 
2505.102: [GC (Allocation Failure) [PSYoungGen: 69056K->1408K(69632K)] 401468K->333820K(757760K), 0.0015553 secs] [Times: user=0.01 sys=0.00, real=0.00 secs] 
2505.383: [GC (Allocation Failure) [PSYoungGen: 68992K->1408K(69632K)] 401404K->333820K(757760K), 0.0025297 secs] [Times: user=0.01 sys=0.00, real=0.00 secs] 
2505.665: [GC (Allocation Failure) [PSYoungGen: 68992K->1408K(69632K)] 401404K->333820K(757760K), 0.0020876 secs] [Times: user=0.00 sys=0.00, real=0.00 secs] 
2506.042: [GC (Allocation Failure) [PSYoungGen: 68979K->1533K(69632K)] 401391K->333945K(757760K), 0.0014872 secs] [Times: user=0.00 sys=0.00, real=0.00 secs] 
2506.435: [GC (Allocation Failure) [PSYoungGen: 69117K->1581K(69632K)] 401529K->333993K(757760K), 0.0016886 secs] [Times: user=0.01 sys=0.00, real=0.00 secs] 
2506.828: [GC (Allocation Failure) [PSYoungGen: 69165K->1613K(69632K)] 401577K->334025K(757760K), 0.0016739 secs] [Times: user=0.01 sys=0.00, real=0.00 secs] 
2507.220: [GC (Allocation Failure) [PSYoungGen: 69197K->1629K(69632K)] 401609K->334049K(757760K), 0.0016392 secs] [Times: user=0.01 sys=0.00, real=0.00 secs] 
2508.145: [GC (Allocation Failure) [PSYoungGen: 69213K->1456K(69632K)] 401633K->333876K(757760K), 0.0023536 secs] [Times: user=0.01 sys=0.00, real=0.01 secs] 
2508.811: [GC (Allocation Failure) [PSYoungGen: 69040K->1408K(69632K)] 401460K->333828K(757760K), 0.0033512 secs] [Times: user=0.01 sys=0.00, real=0.00 secs] 
2509.137: [GC (Allocation Failure) [PSYoungGen: 68992K->1408K(69632K)] 401412K->333828K(757760K), 0.0020221 secs] [Times: user=0.01 sys=0.00, real=0.00 secs] 
2509.417: [GC (Allocation Failure) [PSYoungGen: 68992K->1360K(69632K)] 401412K->333780K(757760K), 0.0017340 secs] [Times: user=0.00 sys=0.00, real=0.00 secs] 
2509.827: [GC (Allocation Failure) [PSYoungGen: 68918K->1501K(69632K)] 401338K->333945K(757760K), 0.0016415 secs] [Times: user=0.01 sys=0.00, real=0.00 secs] 
2510.223: [GC (Allocation Failure) [PSYoungGen: 69085K->1613K(69632K)] 401529K->334057K(757760K), 0.0016328 secs] [Times: user=0.01 sys=0.00, real=0.00 secs] 
2510.621: [GC (Allocation Failure) [PSYoungGen: 69197K->1581K(69632K)] 401641K->334025K(757760K), 0.0017945 secs] [Times: user=0.01 sys=0.00, real=0.00 secs] 
2511.012: [GC (Allocation Failure) [PSYoungGen: 68817K->288K(69632K)] 401261K->332732K(757760K), 0.0015547 secs] [Times: user=0.01 sys=0.00, real=0.00 secs] 
2512.215: [GC (Allocation Failure) [PSYoungGen: 67872K->1408K(69632K)] 400316K->333852K(757760K), 0.0025125 secs] [Times: user=0.02 sys=0.00, real=0.01 secs] 
2512.675: [GC (Allocation Failure) [PSYoungGen: 68992K->1408K(69632K)] 401436K->333852K(757760K), 0.0020474 secs] [Times: user=0.01 sys=0.00, real=0.01 secs] 
2512.955: [GC (Allocation Failure) [PSYoungGen: 68992K->1408K(69632K)] 401436K->333852K(757760K), 0.0020457 secs] [Times: user=0.00 sys=0.00, real=0.01 secs] 
2513.295: [GC (Allocation Failure) [PSYoungGen: 68992K->1408K(69632K)] 401436K->333852K(757760K), 0.0016690 secs] [Times: user=0.01 sys=0.00, real=0.01 secs] 
2513.705: [GC (Allocation Failure) [PSYoungGen: 68992K->1581K(69632K)] 401436K->334025K(757760K), 0.0015566 secs] [Times: user=0.00 sys=0.00, real=0.00 secs] 
2514.190: [GC (Allocation Failure) [PSYoungGen: 69165K->1584K(69632K)] 401609K->334028K(757760K), 0.0017338 secs] [Times: user=0.01 sys=0.00, real=0.00 secs] 
2514.645: [GC (Allocation Failure) [PSYoungGen: 69168K->1549K(69632K)] 401612K->333993K(757760K), 0.0017080 secs] [Times: user=0.00 sys=0.00, real=0.01 secs] 
2515.984: [GC (Allocation Failure) [PSYoungGen: 69133K->1504K(69632K)] 401577K->333948K(757760K), 0.0041748 secs] [Times: user=0.01 sys=0.00, real=0.01 secs] 
2517.705: [GC (Allocation Failure) [PSYoungGen: 69088K->1408K(69632K)] 401532K->333852K(757760K), 0.0038858 secs] [Times: user=0.01 sys=0.00, real=0.01 secs] 
2518.359: [GC (Allocation Failure) [PSYoungGen: 68992K->1440K(69632K)] 401436K->333884K(757760K), 0.0032655 secs] [Times: user=0.01 sys=0.00, real=0.00 secs] 
2518.669: [GC (Allocation Failure) [PSYoungGen: 69024K->1408K(69632K)] 401468K->333852K(757760K), 0.0020515 secs] [Times: user=0.01 sys=0.00, real=0.00 secs] 
2519.062: [GC (Allocation Failure) [PSYoungGen: 68992K->1536K(69632K)] 401436K->333980K(757760K), 0.0017494 secs] [Times: user=0.00 sys=0.00, real=0.00 secs] 
2519.472: [GC (Allocation Failure) [PSYoungGen: 69115K->1565K(69632K)] 401559K->334009K(757760K), 0.0016625 secs] [Times: user=0.01 sys=0.00, real=0.00 secs] 
2519.867: [GC (Allocation Failure) [PSYoungGen: 69149K->1597K(69632K)] 401593K->334041K(757760K), 0.0015877 secs] [Times: user=0.01 sys=0.00, real=0.00 secs] 
2520.261: [GC (Allocation Failure) [PSYoungGen: 69181K->1581K(69632K)] 401625K->334033K(757760K), 0.0017088 secs] [Times: user=0.00 sys=0.00, real=0.00 secs] 
2520.733: [GC (Allocation Failure) [PSYoungGen: 69165K->1488K(69632K)] 401617K->333940K(757760K), 0.0019829 secs] [Times: user=0.00 sys=0.00, real=0.00 secs] 
2521.014: [GC (Allocation Failure) [PSYoungGen: 69072K->1408K(69632K)] 401524K->333860K(757760K), 0.0017902 secs] [Times: user=0.01 sys=0.00, real=0.00 secs] 
2521.295: [GC (Allocation Failure) [PSYoungGen: 68992K->1376K(69632K)] 401444K->333828K(757760K), 0.0018228 secs] [Times: user=0.01 sys=0.00, real=0.00 secs] 
2521.575: [GC (Allocation Failure) [PSYoungGen: 68960K->1376K(69632K)] 401412K->333852K(757760K), 0.0020606 secs] [Times: user=0.01 sys=0.00, real=0.01 secs] 
2521.907: [GC (Allocation Failure) [PSYoungGen: 68937K->1485K(69632K)] 401413K->333961K(757760K), 0.0015312 secs] [Times: user=0.00 sys=0.00, real=0.00 secs] 
2522.302: [GC (Allocation Failure) [PSYoungGen: 69069K->1581K(69632K)] 401545K->334057K(757760K), 0.0017148 secs] [Times: user=0.01 sys=0.00, real=0.00 secs] 
2522.756: [GC (Allocation Failure) [PSYoungGen: 69165K->1552K(69632K)] 401641K->334028K(757760K), 0.0018241 secs] [Times: user=0.00 sys=0.00, real=0.01 secs] 
2523.152: [GC (Allocation Failure) [PSYoungGen: 69136K->1613K(69632K)] 401612K->334105K(757760K), 0.0017926 secs] [Times: user=0.01 sys=0.00, real=0.00 secs] 
2523.699: [GC (Allocation Failure) [PSYoungGen: 69197K->1472K(69632K)] 401689K->333964K(757760K), 0.0028280 secs] [Times: user=0.01 sys=0.00, real=0.00 secs] 
2524.253: [GC (Allocation Failure) [PSYoungGen: 69056K->1376K(69632K)] 401548K->333868K(757760K), 0.0026519 secs] [Times: user=0.01 sys=0.00, real=0.00 secs] 
2524.825: [GC (Allocation Failure) [PSYoungGen: 68960K->1408K(69632K)] 401452K->333900K(757760K), 0.0021409 secs] [Times: user=0.01 sys=0.00, real=0.01 secs] 
2525.412: [GC (Allocation Failure) [PSYoungGen: 68992K->1376K(69632K)] 401484K->333868K(757760K), 0.0022685 secs] [Times: user=0.01 sys=0.00, real=0.00 secs] 
2525.905: [GC (Allocation Failure) [PSYoungGen: 68960K->1549K(69632K)] 401452K->334041K(757760K), 0.0016582 secs] [Times: user=0.00 sys=0.00, real=0.00 secs] 
2526.299: [GC (Allocation Failure) [PSYoungGen: 69133K->1552K(69632K)] 401625K->334044K(757760K), 0.0017487 secs] [Times: user=0.01 sys=0.00, real=0.00 secs] 
2526.693: [GC (Allocation Failure) [PSYoungGen: 69136K->1581K(69632K)] 401628K->334073K(757760K), 0.0016861 secs] [Times: user=0.01 sys=0.00, real=0.00 secs] 
2527.087: [GC (Allocation Failure) [PSYoungGen: 69165K->1549K(69632K)] 401657K->334057K(757760K), 0.0016862 secs] [Times: user=0.01 sys=0.00, real=0.01 secs] 
2527.560: [GC (Allocation Failure) [PSYoungGen: 69133K->1408K(69632K)] 401641K->333916K(757760K), 0.0031073 secs] [Times: user=0.01 sys=0.00, real=0.00 secs] 
2528.103: [GC (Allocation Failure) [PSYoungGen: 68992K->1376K(69632K)] 401500K->333884K(757760K), 0.0025812 secs] [Times: user=0.02 sys=0.00, real=0.00 secs] 
2528.702: [GC (Allocation Failure) [PSYoungGen: 68960K->1408K(69632K)] 401468K->333916K(757760K), 0.0018987 secs] [Times: user=0.01 sys=0.00, real=0.00 secs] 
2529.253: [GC (Allocation Failure) [PSYoungGen: 68992K->1408K(69632K)] 401500K->333916K(757760K), 0.0018933 secs] [Times: user=0.01 sys=0.00, real=0.00 secs] 
2529.801: [GC (Allocation Failure) [PSYoungGen: 68992K->1581K(69632K)] 401500K->334089K(757760K), 0.0016669 secs] [Times: user=0.00 sys=0.00, real=0.00 secs] 
2530.194: [GC (Allocation Failure) [PSYoungGen: 69165K->1581K(69632K)] 401673K->334089K(757760K), 0.0016532 secs] [Times: user=0.00 sys=0.00, real=0.00 secs] 
2530.588: [GC (Allocation Failure) [PSYoungGen: 69165K->1613K(69632K)] 401673K->334121K(757760K), 0.0016474 secs] [Times: user=0.01 sys=0.00, real=0.00 secs] 
2530.993: [GC (Allocation Failure) [PSYoungGen: 69197K->2016K(69632K)] 401705K->334556K(757760K), 0.0018462 secs] [Times: user=0.01 sys=0.00, real=0.00 secs] 
2531.274: [GC (Allocation Failure) [PSYoungGen: 69600K->1408K(69632K)] 402140K->333948K(757760K), 0.0015823 secs] [Times: user=0.01 sys=0.00, real=0.00 secs] 
2531.555: [GC (Allocation Failure) [PSYoungGen: 68992K->1408K(69632K)] 401532K->333948K(757760K), 0.0017715 secs] [Times: user=0.00 sys=0.00, real=0.00 secs] 
2531.836: [GC (Allocation Failure) [PSYoungGen: 68992K->1408K(69632K)] 401532K->333948K(757760K), 0.0017293 secs] [Times: user=0.00 sys=0.00, real=0.01 secs] 
2532.173: [GC (Allocation Failure) [PSYoungGen: 68992K->1408K(69632K)] 401532K->333948K(757760K), 0.0017420 secs] [Times: user=0.00 sys=0.00, real=0.00 secs] 
2532.589: [GC (Allocation Failure) [PSYoungGen: 68989K->1565K(69632K)] 401529K->334105K(757760K), 0.0016986 secs] [Times: user=0.01 sys=0.00, real=0.00 secs] 
2532.984: [GC (Allocation Failure) [PSYoungGen: 69149K->1645K(69632K)] 401689K->334185K(757760K), 0.0017357 secs] [Times: user=0.00 sys=0.00, real=0.00 secs] 
2533.378: [GC (Allocation Failure) [PSYoungGen: 69229K->1581K(69632K)] 401769K->334121K(757760K), 0.0017311 secs] [Times: user=0.01 sys=0.00, real=0.00 secs] 
2533.743: [GC (Allocation Failure) [PSYoungGen: 69165K->1536K(69632K)] 401705K->334084K(757760K), 0.0017208 secs] [Times: user=0.00 sys=0.00, real=0.00 secs] 
2534.024: [GC (Allocation Failure) [PSYoungGen: 69120K->1408K(69632K)] 401668K->333956K(757760K), 0.0017534 secs] [Times: user=0.01 sys=0.00, real=0.00 secs] 
2534.305: [GC (Allocation Failure) [PSYoungGen: 68992K->1376K(69632K)] 401540K->333924K(757760K), 0.0027070 secs] [Times: user=0.01 sys=0.00, real=0.01 secs] 
2534.692: [GC (Allocation Failure) [PSYoungGen: 68960K->1408K(69632K)] 401508K->333964K(757760K), 0.0027533 secs] [Times: user=0.02 sys=0.00, real=0.00 secs] 
2535.042: [GC (Allocation Failure) [PSYoungGen: 68992K->1501K(69632K)] 401548K->334057K(757760K), 0.0015905 secs] [Times: user=0.00 sys=0.00, real=0.00 secs] 
2535.437: [GC (Allocation Failure) [PSYoungGen: 69085K->1597K(69632K)] 401641K->334161K(757760K), 0.0016780 secs] [Times: user=0.01 sys=0.00, real=0.00 secs] 
2535.837: [GC (Allocation Failure) [PSYoungGen: 69181K->1597K(69632K)] 401745K->334161K(757760K), 0.0017317 secs] [Times: user=0.01 sys=0.00, real=0.01 secs] 
2536.230: [GC (Allocation Failure) [PSYoungGen: 69181K->1565K(69632K)] 401745K->334137K(757760K), 0.0016806 secs] [Times: user=0.01 sys=0.00, real=0.00 secs] 
2537.302: [GC (Allocation Failure) [PSYoungGen: 69149K->1488K(69632K)] 401721K->334060K(757760K), 0.0029977 secs] [Times: user=0.02 sys=0.01, real=0.00 secs] 
2538.311: [GC (Allocation Failure) [PSYoungGen: 69072K->1408K(69632K)] 401644K->333980K(757760K), 0.0032109 secs] [Times: user=0.02 sys=0.00, real=0.00 secs] 
2538.591: [GC (Allocation Failure) [PSYoungGen: 68992K->1376K(69632K)] 401564K->333948K(757760K), 0.0019685 secs] [Times: user=0.01 sys=0.00, real=0.00 secs] 
2538.888: [GC (Allocation Failure) [PSYoungGen: 68960K->1376K(69632K)] 401532K->333948K(757760K), 0.0019673 secs] [Times: user=0.01 sys=0.00, real=0.00 secs] 
2539.278: [GC (Allocation Failure) [PSYoungGen: 68960K->1549K(69632K)] 401532K->334121K(757760K), 0.0016207 secs] [Times: user=0.01 sys=0.00, real=0.00 secs] 
2539.739: [GC (Allocation Failure) [PSYoungGen: 69102K->1597K(69632K)] 401674K->334169K(757760K), 0.0017793 secs] [Times: user=0.00 sys=0.00, real=0.00 secs] 
2540.134: [GC (Allocation Failure) [PSYoungGen: 69181K->1565K(69632K)] 401753K->334153K(757760K), 0.0017988 secs] [Times: user=0.00 sys=0.00, real=0.00 secs] 
2540.533: [GC (Allocation Failure) [PSYoungGen: 69149K->1517K(69632K)] 401737K->334121K(757760K), 0.0036476 secs] [Times: user=0.02 sys=0.00, real=0.00 secs] 
2541.385: [GC (Allocation Failure) [PSYoungGen: 69101K->1408K(69632K)] 401705K->334012K(757760K), 0.0023079 secs] [Times: user=0.01 sys=0.00, real=0.01 secs] 
2541.655: [GC (Allocation Failure) [PSYoungGen: 68992K->1408K(69632K)] 401596K->334012K(757760K), 0.0019294 secs] [Times: user=0.00 sys=0.00, real=0.01 secs] 
2541.936: [GC (Allocation Failure) [PSYoungGen: 68992K->1376K(69632K)] 401596K->333980K(757760K), 0.0018828 secs] [Times: user=0.01 sys=0.00, real=0.01 secs] 
2542.217: [GC (Allocation Failure) [PSYoungGen: 68960K->1408K(69632K)] 401564K->334012K(757760K), 0.0018894 secs] [Times: user=0.01 sys=0.00, real=0.00 secs] 
2542.759: [GC (Allocation Failure) [PSYoungGen: 68962K->1533K(69632K)] 401566K->334137K(757760K), 0.0017021 secs] [Times: user=0.01 sys=0.00, real=0.00 secs] 
2543.154: [GC (Allocation Failure) [PSYoungGen: 69117K->1613K(69632K)] 401721K->334217K(757760K), 0.0017870 secs] [Times: user=0.01 sys=0.00, real=0.00 secs] 
2543.609: [GC (Allocation Failure) [PSYoungGen: 69197K->1613K(69632K)] 401801K->334217K(757760K), 0.0032457 secs] [Times: user=0.02 sys=0.01, real=0.00 secs] 
2543.996: [GC (Allocation Failure) [PSYoungGen: 69197K->1824K(69632K)] 401801K->334428K(757760K), 0.0017158 secs] [Times: user=0.01 sys=0.00, real=0.01 secs] 
2544.381: [GC (Allocation Failure) [PSYoungGen: 69408K->1376K(69632K)] 402012K->333980K(757760K), 0.0018225 secs] [Times: user=0.01 sys=0.00, real=0.00 secs] 
2544.976: [GC (Allocation Failure) [PSYoungGen: 68960K->1376K(69632K)] 401564K->333980K(757760K), 0.0019572 secs] [Times: user=0.01 sys=0.00, real=0.01 secs] 
2545.785: [GC (Allocation Failure) [PSYoungGen: 68960K->1344K(69632K)] 401564K->333948K(757760K), 0.0041787 secs] [Times: user=0.01 sys=0.00, real=0.01 secs] 
2546.569: [GC (Allocation Failure) [PSYoungGen: 68928K->1376K(69632K)] 401532K->333980K(757760K), 0.0039501 secs] [Times: user=0.02 sys=0.00, real=0.00 secs] 
2547.132: [GC (Allocation Failure) [PSYoungGen: 68960K->1520K(69632K)] 401564K->334124K(757760K), 0.0016900 secs] [Times: user=0.01 sys=0.00, real=0.00 secs] 
2547.525: [GC (Allocation Failure) [PSYoungGen: 69104K->1533K(69632K)] 401708K->334137K(757760K), 0.0016022 secs] [Times: user=0.01 sys=0.00, real=0.01 secs] 
2547.917: [GC (Allocation Failure) [PSYoungGen: 69117K->1613K(69632K)] 401721K->334217K(757760K), 0.0017028 secs] [Times: user=0.00 sys=0.00, real=0.00 secs] 
2548.459: [GC (Allocation Failure) [PSYoungGen: 69197K->1488K(69632K)] 401801K->334092K(757760K), 0.0017816 secs] [Times: user=0.01 sys=0.00, real=0.00 secs] 
2549.091: [GC (Allocation Failure) [PSYoungGen: 69072K->1424K(69632K)] 401676K->334028K(757760K), 0.0026201 secs] [Times: user=0.01 sys=0.00, real=0.00 secs] 
2549.784: [GC (Allocation Failure) [PSYoungGen: 69008K->1424K(69632K)] 401612K->334028K(757760K), 0.0027316 secs] [Times: user=0.01 sys=0.00, real=0.01 secs] 
2550.558: [GC (Allocation Failure) [PSYoungGen: 69008K->1440K(69632K)] 401612K->334044K(757760K), 0.0031142 secs] [Times: user=0.01 sys=0.00, real=0.00 secs] 
2551.288: [GC (Allocation Failure) [PSYoungGen: 69024K->1488K(69632K)] 401628K->334092K(757760K), 0.0018598 secs] [Times: user=0.01 sys=0.00, real=0.00 secs] 
2551.712: [GC (Allocation Failure) [PSYoungGen: 69072K->1581K(69632K)] 401676K->334185K(757760K), 0.0016103 secs] [Times: user=0.00 sys=0.00, real=0.00 secs] 
2552.105: [GC (Allocation Failure) [PSYoungGen: 69157K->1581K(69632K)] 401761K->334209K(757760K), 0.0017082 secs] [Times: user=0.01 sys=0.00, real=0.01 secs] 
2552.502: [GC (Allocation Failure) [PSYoungGen: 69165K->1565K(69632K)] 401793K->334209K(757760K), 0.0016991 secs] [Times: user=0.00 sys=0.00, real=0.00 secs] 
2552.837: [GC (Allocation Failure) [PSYoungGen: 69149K->1504K(69632K)] 401793K->334148K(757760K), 0.0016822 secs] [Times: user=0.01 sys=0.00, real=0.00 secs] 
2553.117: [GC (Allocation Failure) [PSYoungGen: 69088K->1408K(69632K)] 401732K->334052K(757760K), 0.0015518 secs] [Times: user=0.01 sys=0.00, real=0.00 secs] 
2553.397: [GC (Allocation Failure) [PSYoungGen: 68992K->1408K(69632K)] 401636K->334052K(757760K), 0.0016219 secs] [Times: user=0.01 sys=0.00, real=0.00 secs] 
2553.677: [GC (Allocation Failure) [PSYoungGen: 68992K->1376K(69632K)] 401636K->334020K(757760K), 0.0018128 secs] [Times: user=0.00 sys=0.00, real=0.00 secs] 
2554.047: [GC (Allocation Failure) [PSYoungGen: 68960K->1485K(69632K)] 401604K->334129K(757760K), 0.0016134 secs] [Times: user=0.01 sys=0.00, real=0.00 secs] 
2554.441: [GC (Allocation Failure) [PSYoungGen: 69040K->1581K(69632K)] 401684K->334225K(757760K), 0.0017059 secs] [Times: user=0.00 sys=0.00, real=0.00 secs] 
2554.842: [GC (Allocation Failure) [PSYoungGen: 69165K->1597K(69632K)] 401809K->334241K(757760K), 0.0016335 secs] [Times: user=0.01 sys=0.00, real=0.00 secs] 
2555.241: [GC (Allocation Failure) [PSYoungGen: 69181K->1565K(69632K)] 401825K->334225K(757760K), 0.0016294 secs] [Times: user=0.00 sys=0.00, real=0.00 secs] 
2556.469: [GC (Allocation Failure) [PSYoungGen: 69149K->1424K(69632K)] 401809K->334084K(757760K), 0.0032151 secs] [Times: user=0.01 sys=0.00, real=0.00 secs] 
2557.106: [GC (Allocation Failure) [PSYoungGen: 69008K->1408K(69632K)] 401668K->334068K(757760K), 0.0025704 secs] [Times: user=0.01 sys=0.00, real=0.01 secs] 
2557.410: [GC (Allocation Failure) [PSYoungGen: 68992K->1408K(69632K)] 401652K->334068K(757760K), 0.0020769 secs] [Times: user=0.01 sys=0.00, real=0.00 secs] 
2557.691: [GC (Allocation Failure) [PSYoungGen: 68992K->1376K(69632K)] 401652K->334036K(757760K), 0.0016962 secs] [Times: user=0.00 sys=0.00, real=0.00 secs] 
2558.112: [GC (Allocation Failure) [PSYoungGen: 68941K->1549K(69632K)] 401602K->334209K(757760K), 0.0016690 secs] [Times: user=0.00 sys=0.00, real=0.00 secs] 
2558.507: [GC (Allocation Failure) [PSYoungGen: 69133K->1581K(69632K)] 401793K->334241K(757760K), 0.0016119 secs] [Times: user=0.01 sys=0.00, real=0.01 secs] 
2558.899: [GC (Allocation Failure) [PSYoungGen: 69165K->1613K(69632K)] 401825K->334273K(757760K), 0.0015576 secs] [Times: user=0.00 sys=0.00, real=0.00 secs] 
2559.293: [GC (Allocation Failure) [PSYoungGen: 69197K->1613K(69632K)] 401857K->334289K(757760K), 0.0017863 secs] [Times: user=0.01 sys=0.00, real=0.00 secs] 
2560.047: [GC (Allocation Failure) [PSYoungGen: 69197K->1408K(69632K)] 401873K->334084K(757760K), 0.0021321 secs] [Times: user=0.01 sys=0.00, real=0.00 secs] 
2560.467: [GC (Allocation Failure) [PSYoungGen: 68992K->1408K(69632K)] 401668K->334100K(757760K), 0.0020599 secs] [Times: user=0.01 sys=0.01, real=0.00 secs] 
2560.748: [GC (Allocation Failure) [PSYoungGen: 68992K->1344K(69632K)] 401684K->334036K(757760K), 0.0017514 secs] [Times: user=0.01 sys=0.00, real=0.00 secs] 
2561.029: [GC (Allocation Failure) [PSYoungGen: 68928K->1376K(69632K)] 401620K->334068K(757760K), 0.0018365 secs] [Times: user=0.01 sys=0.00, real=0.00 secs] 
2561.430: [GC (Allocation Failure) [PSYoungGen: 68950K->1600K(69632K)] 401642K->334292K(757760K), 0.0015687 secs] [Times: user=0.01 sys=0.00, real=0.00 secs] 
2561.882: [GC (Allocation Failure) [PSYoungGen: 69184K->1613K(69632K)] 401876K->334305K(757760K), 0.0016852 secs] [Times: user=0.01 sys=0.00, real=0.00 secs] 
2562.276: [GC (Allocation Failure) [PSYoungGen: 69197K->1597K(69632K)] 401889K->334289K(757760K), 0.0017870 secs] [Times: user=0.01 sys=0.00, real=0.01 secs] 
2562.803: [GC (Allocation Failure) [PSYoungGen: 69181K->1536K(69632K)] 401873K->334228K(757760K), 0.0023212 secs] [Times: user=0.01 sys=0.00, real=0.00 secs] 
2563.410: [GC (Allocation Failure) [PSYoungGen: 69120K->1408K(69632K)] 401812K->334108K(757760K), 0.0031136 secs] [Times: user=0.01 sys=0.00, real=0.00 secs] 
2563.985: [GC (Allocation Failure) [PSYoungGen: 68992K->1440K(69632K)] 401692K->334140K(757760K), 0.0024998 secs] [Times: user=0.01 sys=0.00, real=0.01 secs] 
2564.545: [GC (Allocation Failure) [PSYoungGen: 69024K->1376K(69632K)] 401724K->334076K(757760K), 0.0025015 secs] [Times: user=0.01 sys=0.00, real=0.01 secs] 
2564.866: [GC (Allocation Failure) [PSYoungGen: 68960K->1501K(69632K)] 401660K->334201K(757760K), 0.0016009 secs] [Times: user=0.01 sys=0.00, real=0.01 secs] 
2565.277: [GC (Allocation Failure) [PSYoungGen: 69085K->1597K(69632K)] 401785K->334297K(757760K), 0.0017025 secs] [Times: user=0.01 sys=0.00, real=0.00 secs] 
2565.671: [GC (Allocation Failure) [PSYoungGen: 69181K->1549K(69632K)] 401881K->334249K(757760K), 0.0016436 secs] [Times: user=0.01 sys=0.00, real=0.00 secs] 
2566.069: [GC (Allocation Failure) [PSYoungGen: 69133K->1613K(69632K)] 401833K->334313K(757760K), 0.0017139 secs] [Times: user=0.00 sys=0.00, real=0.00 secs] 
2566.985: [GC (Allocation Failure) [PSYoungGen: 69197K->1456K(69632K)] 401897K->334156K(757760K), 0.0027312 secs] [Times: user=0.01 sys=0.00, real=0.01 secs] 
2567.591: [GC (Allocation Failure) [PSYoungGen: 69040K->1376K(69632K)] 401740K->334076K(757760K), 0.0025081 secs] [Times: user=0.01 sys=0.00, real=0.00 secs] 
2568.188: [GC (Allocation Failure) [PSYoungGen: 68960K->1408K(69632K)] 401660K->334108K(757760K), 0.0021547 secs] [Times: user=0.01 sys=0.00, real=0.00 secs] 
2568.581: [GC (Allocation Failure) [PSYoungGen: 68992K->1376K(69632K)] 401692K->334076K(757760K), 0.0018110 secs] [Times: user=0.01 sys=0.00, real=0.00 secs] 
2568.940: [GC (Allocation Failure) [PSYoungGen: 68960K->1485K(69632K)] 401660K->334185K(757760K), 0.0015642 secs] [Times: user=0.01 sys=0.00, real=0.00 secs] 
2569.333: [GC (Allocation Failure) [PSYoungGen: 69069K->1613K(69632K)] 401769K->334313K(757760K), 0.0017112 secs] [Times: user=0.01 sys=0.00, real=0.00 secs] 
2569.727: [GC (Allocation Failure) [PSYoungGen: 69193K->1581K(69632K)] 401893K->334281K(757760K), 0.0017198 secs] [Times: user=0.00 sys=0.00, real=0.00 secs] 
2570.185: [GC (Allocation Failure) [PSYoungGen: 69165K->1597K(69632K)] 401865K->334313K(757760K), 0.0017946 secs] [Times: user=0.00 sys=0.00, real=0.01 secs] 
2570.728: [GC (Allocation Failure) [PSYoungGen: 69181K->1440K(69632K)] 401897K->334180K(757760K), 0.0021153 secs] [Times: user=0.01 sys=0.00, real=0.00 secs] 
2571.347: [GC (Allocation Failure) [PSYoungGen: 69024K->1408K(69632K)] 401764K->334148K(757760K), 0.0025478 secs] [Times: user=0.02 sys=0.00, real=0.00 secs] 
2572.244: [GC (Allocation Failure) [PSYoungGen: 68992K->1408K(69632K)] 401732K->334148K(757760K), 0.0038984 secs] [Times: user=0.01 sys=0.00, real=0.01 secs] 
2573.007: [GC (Allocation Failure) [PSYoungGen: 68992K->1376K(69632K)] 401732K->334116K(757760K), 0.0038160 secs] [Times: user=0.02 sys=0.00, real=0.01 secs] 
2573.586: [GC (Allocation Failure) [PSYoungGen: 68960K->1549K(69632K)] 401700K->334297K(757760K), 0.0016689 secs] [Times: user=0.01 sys=0.00, real=0.01 secs] 
2573.980: [GC (Allocation Failure) [PSYoungGen: 69133K->1581K(69632K)] 401881K->334329K(757760K), 0.0016292 secs] [Times: user=0.01 sys=0.00, real=0.00 secs] 
2574.433: [GC (Allocation Failure) [PSYoungGen: 69165K->1581K(69632K)] 401913K->334329K(757760K), 0.0017929 secs] [Times: user=0.01 sys=0.00, real=0.00 secs] 
2574.826: [GC (Allocation Failure) [PSYoungGen: 69165K->1581K(69632K)] 401913K->334345K(757760K), 0.0018001 secs] [Times: user=0.00 sys=0.00, real=0.01 secs] 
2575.550: [GC (Allocation Failure) [PSYoungGen: 69165K->1424K(69632K)] 401929K->334188K(757760K), 0.0023268 secs] [Times: user=0.01 sys=0.00, real=0.00 secs] 
2576.281: [GC (Allocation Failure) [PSYoungGen: 69008K->1408K(69632K)] 401772K->334172K(757760K), 0.0029600 secs] [Times: user=0.01 sys=0.00, real=0.00 secs] 
2576.808: [GC (Allocation Failure) [PSYoungGen: 68992K->1376K(69632K)] 401756K->334140K(757760K), 0.0023286 secs] [Times: user=0.01 sys=0.00, real=0.00 secs] 
2577.375: [GC (Allocation Failure) [PSYoungGen: 68960K->1408K(69632K)] 401724K->334172K(757760K), 0.0030805 secs] [Times: user=0.01 sys=0.00, real=0.01 secs] 
2577.873: [GC (Allocation Failure) [PSYoungGen: 68992K->1581K(69632K)] 401756K->334345K(757760K), 0.0017212 secs] [Times: user=0.01 sys=0.00, real=0.00 secs] 
2578.271: [GC (Allocation Failure) [PSYoungGen: 69165K->1597K(69632K)] 401929K->334361K(757760K), 0.0017146 secs] [Times: user=0.01 sys=0.00, real=0.00 secs] 
2578.664: [GC (Allocation Failure) [PSYoungGen: 69181K->1581K(69632K)] 401945K->334345K(757760K), 0.0016147 secs] [Times: user=0.01 sys=0.00, real=0.00 secs] 
2579.079: [GC (Allocation Failure) [PSYoungGen: 69165K->2016K(69632K)] 401929K->334788K(757760K), 0.0018999 secs] [Times: user=0.00 sys=0.00, real=0.00 secs] 
2579.910: [GC (Allocation Failure) [PSYoungGen: 69600K->1376K(69632K)] 402372K->334148K(757760K), 0.0018622 secs] [Times: user=0.01 sys=0.00, real=0.00 secs] 
2580.687: [GC (Allocation Failure) [PSYoungGen: 68960K->1408K(69632K)] 401732K->334180K(757760K), 0.0028709 secs] [Times: user=0.01 sys=0.00, real=0.00 secs] 
2581.178: [GC (Allocation Failure) [PSYoungGen: 68992K->1408K(69632K)] 401764K->334180K(757760K), 0.0020919 secs] [Times: user=0.01 sys=0.00, real=0.00 secs] 
2581.459: [GC (Allocation Failure) [PSYoungGen: 68992K->1376K(69632K)] 401764K->334164K(757760K), 0.0018276 secs] [Times: user=0.01 sys=0.00, real=0.00 secs] 
2581.879: [GC (Allocation Failure) [PSYoungGen: 68960K->1597K(69632K)] 401748K->334385K(757760K), 0.0016203 secs] [Times: user=0.01 sys=0.00, real=0.00 secs] 
2582.273: [GC (Allocation Failure) [PSYoungGen: 69181K->1549K(69632K)] 401969K->334337K(757760K), 0.0017123 secs] [Times: user=0.01 sys=0.00, real=0.00 secs] 
2582.665: [GC (Allocation Failure) [PSYoungGen: 69133K->1581K(69632K)] 401921K->334369K(757760K), 0.0017111 secs] [Times: user=0.01 sys=0.00, real=0.01 secs] 
2583.613: [GC (Allocation Failure) [PSYoungGen: 69165K->1456K(69632K)] 401953K->334244K(757760K), 0.0032691 secs] [Times: user=0.02 sys=0.00, real=0.00 secs] 
2584.596: [GC (Allocation Failure) [PSYoungGen: 69040K->1408K(69632K)] 401828K->334196K(757760K), 0.0032262 secs] [Times: user=0.02 sys=0.00, real=0.01 secs] 
2585.149: [GC (Allocation Failure) [PSYoungGen: 68992K->1408K(69632K)] 401780K->334196K(757760K), 0.0027539 secs] [Times: user=0.02 sys=0.00, real=0.00 secs] 
2585.454: [GC (Allocation Failure) [PSYoungGen: 68992K->1376K(69632K)] 401780K->334164K(757760K), 0.0020259 secs] [Times: user=0.01 sys=0.00, real=0.00 secs] 
2585.824: [GC (Allocation Failure) [PSYoungGen: 68933K->1533K(69632K)] 401722K->334321K(757760K), 0.0014892 secs] [Times: user=0.00 sys=0.00, real=0.00 secs] 
2586.223: [GC (Allocation Failure) [PSYoungGen: 69117K->1581K(69632K)] 401905K->334369K(757760K), 0.0017046 secs] [Times: user=0.00 sys=0.00, real=0.00 secs] 
2586.618: [GC (Allocation Failure) [PSYoungGen: 69165K->1549K(69632K)] 401953K->334337K(757760K), 0.0016737 secs] [Times: user=0.01 sys=0.00, real=0.00 secs] 
2587.012: [GC (Allocation Failure) [PSYoungGen: 69133K->1581K(69632K)] 401921K->334377K(757760K), 0.0016571 secs] [Times: user=0.00 sys=0.00, real=0.00 secs] 
2587.370: [GC (Allocation Failure) [PSYoungGen: 69165K->1488K(69632K)] 401961K->334284K(757760K), 0.0017671 secs] [Times: user=0.01 sys=0.00, real=0.00 secs] 
2587.651: [GC (Allocation Failure) [PSYoungGen: 69072K->1392K(69632K)] 401868K->334188K(757760K), 0.0015969 secs] [Times: user=0.01 sys=0.00, real=0.00 secs] 
2587.932: [GC (Allocation Failure) [PSYoungGen: 68976K->1344K(69632K)] 401772K->334140K(757760K), 0.0018292 secs] [Times: user=0.01 sys=0.00, real=0.00 secs] 
2588.217: [GC (Allocation Failure) [PSYoungGen: 68928K->1408K(69632K)] 401724K->334204K(757760K), 0.0027940 secs] [Times: user=0.01 sys=0.00, real=0.01 secs] 
2588.583: [GC (Allocation Failure) [PSYoungGen: 68992K->1549K(69632K)] 401788K->334345K(757760K), 0.0016476 secs] [Times: user=0.00 sys=0.00, real=0.00 secs] 
2588.978: [GC (Allocation Failure) [PSYoungGen: 69133K->1581K(69632K)] 401929K->334377K(757760K), 0.0017043 secs] [Times: user=0.00 sys=0.00, real=0.00 secs] 
2589.372: [GC (Allocation Failure) [PSYoungGen: 69165K->1581K(69632K)] 401961K->334377K(757760K), 0.0015997 secs] [Times: user=0.01 sys=0.00, real=0.00 secs] 
2589.766: [GC (Allocation Failure) [PSYoungGen: 69165K->1549K(69632K)] 401961K->334377K(757760K), 0.0016941 secs] [Times: user=0.01 sys=0.00, real=0.01 secs] 
2590.109: [GC (Allocation Failure) [PSYoungGen: 69133K->1408K(69632K)] 401961K->334236K(757760K), 0.0018222 secs] [Times: user=0.00 sys=0.00, real=0.00 secs] 
2590.390: [GC (Allocation Failure) [PSYoungGen: 68992K->1376K(69632K)] 401820K->334204K(757760K), 0.0016435 secs] [Times: user=0.01 sys=0.00, real=0.00 secs] 
2590.670: [GC (Allocation Failure) [PSYoungGen: 68960K->1376K(69632K)] 401788K->334204K(757760K), 0.0017723 secs] [Times: user=0.01 sys=0.00, real=0.00 secs] 
2590.951: [GC (Allocation Failure) [PSYoungGen: 68960K->1360K(69632K)] 401788K->334188K(757760K), 0.0019628 secs] [Times: user=0.01 sys=0.00, real=0.00 secs] 
2591.388: [GC (Allocation Failure) [PSYoungGen: 68944K->1549K(69632K)] 401772K->334377K(757760K), 0.0015259 secs] [Times: user=0.00 sys=0.00, real=0.00 secs] 
2591.784: [GC (Allocation Failure) [PSYoungGen: 69133K->1549K(69632K)] 401961K->334377K(757760K), 0.0018320 secs] [Times: user=0.01 sys=0.00, real=0.00 secs] 
2592.176: [GC (Allocation Failure) [PSYoungGen: 69133K->1597K(69632K)] 401961K->334425K(757760K), 0.0017281 secs] [Times: user=0.00 sys=0.00, real=0.01 secs] 
2592.588: [GC (Allocation Failure) [PSYoungGen: 69181K->1600K(69632K)] 402009K->334436K(757760K), 0.0019337 secs] [Times: user=0.01 sys=0.00, real=0.00 secs] 
2593.255: [GC (Allocation Failure) [PSYoungGen: 69184K->1408K(69632K)] 402020K->334244K(757760K), 0.0020301 secs] [Times: user=0.01 sys=0.00, real=0.00 secs] 
2594.039: [GC (Allocation Failure) [PSYoungGen: 68992K->1408K(69632K)] 401828K->334244K(757760K), 0.0019654 secs] [Times: user=0.00 sys=0.00, real=0.00 secs] 
2594.813: [GC (Allocation Failure) [PSYoungGen: 68992K->1360K(69632K)] 401828K->334196K(757760K), 0.0021004 secs] [Times: user=0.01 sys=0.00, real=0.00 secs] 
2595.117: [GC (Allocation Failure) [PSYoungGen: 68944K->1392K(69632K)] 401780K->334228K(757760K), 0.0020214 secs] [Times: user=0.01 sys=0.00, real=0.01 secs] 
2595.515: [GC (Allocation Failure) [PSYoungGen: 68972K->1565K(69632K)] 401808K->334401K(757760K), 0.0015899 secs] [Times: user=0.01 sys=0.00, real=0.00 secs] 
2595.917: [GC (Allocation Failure) [PSYoungGen: 69149K->1581K(69632K)] 401985K->334417K(757760K), 0.0015703 secs] [Times: user=0.00 sys=0.00, real=0.00 secs] 
2596.316: [GC (Allocation Failure) [PSYoungGen: 69165K->1581K(69632K)] 402001K->334417K(757760K), 0.0016456 secs] [Times: user=0.00 sys=0.00, real=0.01 secs] 
2596.812: [GC (Allocation Failure) [PSYoungGen: 69165K->1472K(69632K)] 402001K->334308K(757760K), 0.0020028 secs] [Times: user=0.01 sys=0.00, real=0.00 secs] 
2597.561: [GC (Allocation Failure) [PSYoungGen: 69056K->1376K(69632K)] 401892K->334212K(757760K), 0.0037230 secs] [Times: user=0.02 sys=0.00, real=0.00 secs] 
2598.765: [GC (Allocation Failure) [PSYoungGen: 68960K->1376K(69632K)] 401796K->334212K(757760K), 0.0041980 secs] [Times: user=0.01 sys=0.00, real=0.01 secs] 
2599.844: [GC (Allocation Failure) [PSYoungGen: 68960K->1376K(69632K)] 401796K->334212K(757760K), 0.0041563 secs] [Times: user=0.02 sys=0.00, real=0.01 secs] 
2601.051: [GC (Allocation Failure) [PSYoungGen: 68960K->1501K(69632K)] 401796K->334337K(757760K), 0.0025484 secs] [Times: user=0.01 sys=0.00, real=0.00 secs] 
2601.512: [GC (Allocation Failure) [PSYoungGen: 69085K->1517K(69632K)] 401921K->334353K(757760K), 0.0017306 secs] [Times: user=0.01 sys=0.00, real=0.00 secs] 
2601.960: [GC (Allocation Failure) [PSYoungGen: 69083K->1533K(69632K)] 401919K->334369K(757760K), 0.0017717 secs] [Times: user=0.01 sys=0.00, real=0.00 secs] 
2602.356: [GC (Allocation Failure) [PSYoungGen: 69117K->1549K(69632K)] 401953K->334393K(757760K), 0.0018231 secs] [Times: user=0.01 sys=0.00, real=0.01 secs] 
2603.205: [GC (Allocation Failure) [PSYoungGen: 69133K->1424K(69632K)] 401977K->334300K(757760K), 0.0039882 secs] [Times: user=0.01 sys=0.00, real=0.01 secs] 
2604.272: [GC (Allocation Failure) [PSYoungGen: 69008K->1408K(69632K)] 401884K->334284K(757760K), 0.0037990 secs] [Times: user=0.01 sys=0.00, real=0.00 secs] 
2605.038: [GC (Allocation Failure) [PSYoungGen: 68992K->1344K(69632K)] 401868K->334220K(757760K), 0.0027200 secs] [Times: user=0.01 sys=0.00, real=0.00 secs] 
2605.633: [GC (Allocation Failure) [PSYoungGen: 68928K->1424K(69632K)] 401804K->334300K(757760K), 0.0023661 secs] [Times: user=0.00 sys=0.00, real=0.00 secs] 
2606.251: [GC (Allocation Failure) [PSYoungGen: 69008K->1485K(69632K)] 401884K->334361K(757760K), 0.0016083 secs] [Times: user=0.01 sys=0.00, real=0.00 secs] 
2606.647: [GC (Allocation Failure) [PSYoungGen: 69051K->1597K(69632K)] 401927K->334473K(757760K), 0.0016491 secs] [Times: user=0.00 sys=0.00, real=0.00 secs] 
2607.043: [GC (Allocation Failure) [PSYoungGen: 69181K->1552K(69632K)] 402057K->334428K(757760K), 0.0017028 secs] [Times: user=0.01 sys=0.00, real=0.00 secs] 
2607.436: [GC (Allocation Failure) [PSYoungGen: 69136K->1565K(69632K)] 402012K->334457K(757760K), 0.0015475 secs] [Times: user=0.00 sys=0.00, real=0.01 secs] 
2608.615: [GC (Allocation Failure) [PSYoungGen: 69149K->1456K(69632K)] 402041K->334348K(757760K), 0.0038940 secs] [Times: user=0.01 sys=0.00, real=0.01 secs] 
2609.450: [GC (Allocation Failure) [PSYoungGen: 69040K->1408K(69632K)] 401932K->334300K(757760K), 0.0033732 secs] [Times: user=0.01 sys=0.00, real=0.00 secs] 
2610.408: [GC (Allocation Failure) [PSYoungGen: 68992K->1376K(69632K)] 401884K->334268K(757760K), 0.0038491 secs] [Times: user=0.01 sys=0.00, real=0.00 secs] 
2611.543: [GC (Allocation Failure) [PSYoungGen: 68960K->1408K(69632K)] 401852K->334300K(757760K), 0.0038506 secs] [Times: user=0.02 sys=0.00, real=0.00 secs] 
2612.377: [GC (Allocation Failure) [PSYoungGen: 68974K->1517K(69632K)] 401866K->334409K(757760K), 0.0016754 secs] [Times: user=0.01 sys=0.00, real=0.00 secs] 
2612.771: [GC (Allocation Failure) [PSYoungGen: 69101K->1613K(69632K)] 401993K->334505K(757760K), 0.0017306 secs] [Times: user=0.01 sys=0.00, real=0.00 secs] 
2613.164: [GC (Allocation Failure) [PSYoungGen: 69197K->1549K(69632K)] 402089K->334441K(757760K), 0.0015799 secs] [Times: user=0.01 sys=0.00, real=0.00 secs] 
2613.558: [GC (Allocation Failure) [PSYoungGen: 69133K->1616K(69632K)] 402025K->334532K(757760K), 0.0017505 secs] [Times: user=0.01 sys=0.00, real=0.00 secs] 
2614.466: [GC (Allocation Failure) [PSYoungGen: 69200K->1408K(69632K)] 402116K->334332K(757760K), 0.0036563 secs] [Times: user=0.02 sys=0.00, real=0.01 secs] 
2615.435: [GC (Allocation Failure) [PSYoungGen: 68992K->1408K(69632K)] 401916K->334332K(757760K), 0.0033261 secs] [Times: user=0.01 sys=0.00, real=0.01 secs] 
2616.210: [GC (Allocation Failure) [PSYoungGen: 68992K->1408K(69632K)] 401916K->334332K(757760K), 0.0033325 secs] [Times: user=0.02 sys=0.00, real=0.00 secs] 
2616.989: [GC (Allocation Failure) [PSYoungGen: 68992K->1392K(69632K)] 401916K->334316K(757760K), 0.0037187 secs] [Times: user=0.02 sys=0.00, real=0.00 secs] 
2617.630: [GC (Allocation Failure) [PSYoungGen: 68976K->1549K(69632K)] 401900K->334473K(757760K), 0.0016826 secs] [Times: user=0.01 sys=0.00, real=0.00 secs] 
2618.026: [GC (Allocation Failure) [PSYoungGen: 69133K->1597K(69632K)] 402057K->334521K(757760K), 0.0017076 secs] [Times: user=0.01 sys=0.00, real=0.01 secs] 
2618.420: [GC (Allocation Failure) [PSYoungGen: 69181K->1581K(69632K)] 402105K->334505K(757760K), 0.0017098 secs] [Times: user=0.00 sys=0.00, real=0.00 secs] 
2618.831: [GC (Allocation Failure) [PSYoungGen: 69165K->1536K(69632K)] 402089K->334460K(757760K), 0.0019030 secs] [Times: user=0.00 sys=0.00, real=0.00 secs] 
2619.310: [GC (Allocation Failure) [PSYoungGen: 69120K->1408K(69632K)] 402044K->334332K(757760K), 0.0016803 secs] [Times: user=0.01 sys=0.00, real=0.00 secs] 
2619.826: [GC (Allocation Failure) [PSYoungGen: 68992K->1344K(69632K)] 401916K->334268K(757760K), 0.0021685 secs] [Times: user=0.01 sys=0.00, real=0.01 secs] 
2620.375: [GC (Allocation Failure) [PSYoungGen: 68928K->1408K(69632K)] 401852K->334332K(757760K), 0.0026004 secs] [Times: user=0.01 sys=0.00, real=0.01 secs] 
2620.973: [GC (Allocation Failure) [PSYoungGen: 68992K->256K(69632K)] 401916K->333180K(757760K), 0.0025559 secs] [Times: user=0.01 sys=0.00, real=0.00 secs] 
2621.430: [GC (Allocation Failure) [PSYoungGen: 67840K->1581K(69632K)] 400764K->334505K(757760K), 0.0016783 secs] [Times: user=0.00 sys=0.00, real=0.00 secs] 
2621.826: [GC (Allocation Failure) [PSYoungGen: 69165K->1581K(69632K)] 402089K->334505K(757760K), 0.0016971 secs] [Times: user=0.01 sys=0.00, real=0.01 secs] 
2622.219: [GC (Allocation Failure) [PSYoungGen: 69165K->1581K(69632K)] 402089K->334537K(757760K), 0.0016671 secs] [Times: user=0.01 sys=0.00, real=0.00 secs] 
2622.621: [GC (Allocation Failure) [PSYoungGen: 69165K->1520K(69632K)] 402121K->334476K(757760K), 0.0019120 secs] [Times: user=0.01 sys=0.00, real=0.00 secs] 
2623.151: [GC (Allocation Failure) [PSYoungGen: 69104K->1408K(69632K)] 402060K->334364K(757760K), 0.0019563 secs] [Times: user=0.01 sys=0.00, real=0.00 secs] 
2623.862: [GC (Allocation Failure) [PSYoungGen: 68992K->1440K(69632K)] 401948K->334396K(757760K), 0.0027753 secs] [Times: user=0.01 sys=0.00, real=0.00 secs] 
2624.688: [GC (Allocation Failure) [PSYoungGen: 69024K->1408K(69632K)] 401980K->334364K(757760K), 0.0027850 secs] [Times: user=0.01 sys=0.00, real=0.00 secs] 
2625.578: [GC (Allocation Failure) [PSYoungGen: 68992K->1472K(69632K)] 401948K->334428K(757760K), 0.0019808 secs] [Times: user=0.01 sys=0.00, real=0.00 secs] 
2625.980: [GC (Allocation Failure) [PSYoungGen: 69056K->1533K(69632K)] 402012K->334489K(757760K), 0.0018055 secs] [Times: user=0.01 sys=0.00, real=0.00 secs] 
2626.375: [GC (Allocation Failure) [PSYoungGen: 69117K->1613K(69632K)] 402073K->334569K(757760K), 0.0016678 secs] [Times: user=0.01 sys=0.00, real=0.01 secs] 
2626.779: [GC (Allocation Failure) [PSYoungGen: 69197K->1552K(69632K)] 402153K->334516K(757760K), 0.0018292 secs] [Times: user=0.01 sys=0.00, real=0.00 secs] 
2627.142: [GC (Allocation Failure) [PSYoungGen: 69136K->1456K(69632K)] 402100K->334420K(757760K), 0.0017440 secs] [Times: user=0.01 sys=0.00, real=0.00 secs] 
2627.516: [GC (Allocation Failure) [PSYoungGen: 69040K->1408K(69632K)] 402004K->334372K(757760K), 0.0017896 secs] [Times: user=0.01 sys=0.00, real=0.01 secs] 
2628.025: [GC (Allocation Failure) [PSYoungGen: 68992K->1408K(69632K)] 401956K->334372K(757760K), 0.0032042 secs] [Times: user=0.01 sys=0.00, real=0.01 secs] 
2628.619: [GC (Allocation Failure) [PSYoungGen: 68992K->1376K(69632K)] 401956K->334340K(757760K), 0.0032687 secs] [Times: user=0.02 sys=0.00, real=0.00 secs] 
2629.184: [GC (Allocation Failure) [PSYoungGen: 68937K->1501K(69632K)] 401901K->334465K(757760K), 0.0015057 secs] [Times: user=0.01 sys=0.00, real=0.00 secs] 
2629.642: [GC (Allocation Failure) [PSYoungGen: 69085K->1549K(69632K)] 402049K->334513K(757760K), 0.0018307 secs] [Times: user=0.01 sys=0.00, real=0.00 secs] 
2630.093: [GC (Allocation Failure) [PSYoungGen: 69133K->1549K(69632K)] 402097K->334513K(757760K), 0.0017845 secs] [Times: user=0.01 sys=0.00, real=0.00 secs] 
2630.488: [GC (Allocation Failure) [PSYoungGen: 69133K->1517K(69632K)] 402097K->334497K(757760K), 0.0017363 secs] [Times: user=0.01 sys=0.00, real=0.00 secs] 
2630.893: [GC (Allocation Failure) [PSYoungGen: 69101K->1408K(69632K)] 402081K->334388K(757760K), 0.0025555 secs] [Times: user=0.01 sys=0.00, real=0.00 secs] 
2631.385: [GC (Allocation Failure) [PSYoungGen: 68992K->1408K(69632K)] 401972K->334420K(757760K), 0.0019674 secs] [Times: user=0.01 sys=0.00, real=0.01 secs] 
2632.299: [GC (Allocation Failure) [PSYoungGen: 68992K->1376K(69632K)] 402004K->334388K(757760K), 0.0032427 secs] [Times: user=0.01 sys=0.00, real=0.00 secs] 
2633.423: [GC (Allocation Failure) [PSYoungGen: 68960K->1440K(69632K)] 401972K->334452K(757760K), 0.0035350 secs] [Times: user=0.02 sys=0.00, real=0.01 secs] 
2634.153: [GC (Allocation Failure) [PSYoungGen: 69024K->1517K(69632K)] 402036K->334529K(757760K), 0.0016646 secs] [Times: user=0.01 sys=0.00, real=0.00 secs] 
2634.545: [GC (Allocation Failure) [PSYoungGen: 69101K->1597K(69632K)] 402113K->334609K(757760K), 0.0016342 secs] [Times: user=0.01 sys=0.00, real=0.01 secs] 
2634.938: [GC (Allocation Failure) [PSYoungGen: 69181K->1581K(69632K)] 402193K->334593K(757760K), 0.0017420 secs] [Times: user=0.01 sys=0.00, real=0.00 secs] 
2635.556: [GC (Allocation Failure) [PSYoungGen: 69165K->1696K(69632K)] 402177K->334708K(757760K), 0.0022911 secs] [Times: user=0.01 sys=0.00, real=0.01 secs] 
2636.529: [GC (Allocation Failure) [PSYoungGen: 69280K->1408K(69632K)] 402292K->334420K(757760K), 0.0019379 secs] [Times: user=0.01 sys=0.00, real=0.00 secs] 
2637.018: [GC (Allocation Failure) [PSYoungGen: 68992K->1408K(69632K)] 402004K->334420K(757760K), 0.0019769 secs] [Times: user=0.01 sys=0.00, real=0.00 secs] 
2637.776: [GC (Allocation Failure) [PSYoungGen: 68992K->1376K(69632K)] 402004K->334388K(757760K), 0.0024554 secs] [Times: user=0.01 sys=0.00, real=0.01 secs] 
2638.468: [GC (Allocation Failure) [PSYoungGen: 68960K->1408K(69632K)] 401972K->334420K(757760K), 0.0025328 secs] [Times: user=0.01 sys=0.00, real=0.00 secs] 
2639.139: [GC (Allocation Failure) [PSYoungGen: 68992K->1581K(69632K)] 402004K->334593K(757760K), 0.0016575 secs] [Times: user=0.00 sys=0.00, real=0.00 secs] 
2639.534: [GC (Allocation Failure) [PSYoungGen: 69165K->1581K(69632K)] 402177K->334593K(757760K), 0.0016758 secs] [Times: user=0.01 sys=0.00, real=0.00 secs] 
2639.927: [GC (Allocation Failure) [PSYoungGen: 69165K->1549K(69632K)] 402177K->334561K(757760K), 0.0016083 secs] [Times: user=0.01 sys=0.00, real=0.00 secs] 
2640.487: [GC (Allocation Failure) [PSYoungGen: 69133K->1488K(69632K)] 402145K->334500K(757760K), 0.0018367 secs] [Times: user=0.01 sys=0.00, real=0.00 secs] 
2641.294: [GC (Allocation Failure) [PSYoungGen: 69072K->1376K(69632K)] 402084K->334388K(757760K), 0.0026161 secs] [Times: user=0.01 sys=0.00, real=0.00 secs] 
2641.586: [GC (Allocation Failure) [PSYoungGen: 68960K->1408K(69632K)] 401972K->334420K(757760K), 0.0018174 secs] [Times: user=0.01 sys=0.00, real=0.01 secs] 
2641.913: [GC (Allocation Failure) [PSYoungGen: 68992K->1408K(69632K)] 402004K->334444K(757760K), 0.0017513 secs] [Times: user=0.01 sys=0.00, real=0.00 secs] 
2642.259: [GC (Allocation Failure) [PSYoungGen: 68992K->1485K(69632K)] 402028K->334521K(757760K), 0.0016367 secs] [Times: user=0.01 sys=0.00, real=0.00 secs] 
2642.708: [GC (Allocation Failure) [PSYoungGen: 69069K->1613K(69632K)] 402105K->334649K(757760K), 0.0018128 secs] [Times: user=0.01 sys=0.00, real=0.00 secs] 
2643.100: [GC (Allocation Failure) [PSYoungGen: 69190K->1629K(69632K)] 402226K->334665K(757760K), 0.0016873 secs] [Times: user=0.00 sys=0.00, real=0.00 secs] 
2643.499: [GC (Allocation Failure) [PSYoungGen: 69213K->1549K(69632K)] 402249K->334601K(757760K), 0.0017902 secs] [Times: user=0.01 sys=0.00, real=0.00 secs] 
2644.054: [GC (Allocation Failure) [PSYoungGen: 69133K->1488K(69632K)] 402185K->334540K(757760K), 0.0034204 secs] [Times: user=0.02 sys=0.00, real=0.01 secs] 
2644.656: [GC (Allocation Failure) [PSYoungGen: 69072K->1440K(69632K)] 402124K->334492K(757760K), 0.0029185 secs] [Times: user=0.01 sys=0.00, real=0.01 secs] 
2645.196: [GC (Allocation Failure) [PSYoungGen: 69024K->1408K(69632K)] 402076K->334460K(757760K), 0.0025896 secs] [Times: user=0.01 sys=0.00, real=0.01 secs] 
2645.730: [GC (Allocation Failure) [PSYoungGen: 68992K->1408K(69632K)] 402044K->334460K(757760K), 0.0021193 secs] [Times: user=0.00 sys=0.00, real=0.00 secs] 
2646.358: [GC (Allocation Failure) [PSYoungGen: 68992K->1469K(69632K)] 402044K->334521K(757760K), 0.0017556 secs] [Times: user=0.01 sys=0.00, real=0.00 secs] 
2646.775: [GC (Allocation Failure) [PSYoungGen: 69035K->1581K(69632K)] 402088K->334633K(757760K), 0.0018110 secs] [Times: user=0.01 sys=0.00, real=0.00 secs] 
2647.179: [GC (Allocation Failure) [PSYoungGen: 69165K->1565K(69632K)] 402217K->334617K(757760K), 0.0017136 secs] [Times: user=0.00 sys=0.00, real=0.00 secs] 
2647.576: [GC (Allocation Failure) [PSYoungGen: 69149K->1549K(69632K)] 402201K->334609K(757760K), 0.0016976 secs] [Times: user=0.00 sys=0.00, real=0.01 secs] 
2647.888: [GC (Allocation Failure) [PSYoungGen: 69133K->1456K(69632K)] 402193K->334516K(757760K), 0.0017031 secs] [Times: user=0.00 sys=0.00, real=0.00 secs] 
2648.168: [GC (Allocation Failure) [PSYoungGen: 69040K->1344K(69632K)] 402100K->334404K(757760K), 0.0020239 secs] [Times: user=0.01 sys=0.00, real=0.00 secs] 
2648.498: [GC (Allocation Failure) [PSYoungGen: 68928K->1408K(69632K)] 401988K->334468K(757760K), 0.0015550 secs] [Times: user=0.00 sys=0.00, real=0.00 secs] 
2649.053: [GC (Allocation Failure) [PSYoungGen: 68992K->1408K(69632K)] 402052K->334468K(757760K), 0.0016759 secs] [Times: user=0.01 sys=0.00, real=0.00 secs] 
2649.585: [GC (Allocation Failure) [PSYoungGen: 68992K->1581K(69632K)] 402052K->334641K(757760K), 0.0016497 secs] [Times: user=0.00 sys=0.00, real=0.00 secs] 
2649.979: [GC (Allocation Failure) [PSYoungGen: 69165K->1581K(69632K)] 402225K->334641K(757760K), 0.0017177 secs] [Times: user=0.01 sys=0.00, real=0.00 secs] 
2650.372: [GC (Allocation Failure) [PSYoungGen: 69165K->1613K(69632K)] 402225K->334705K(757760K), 0.0016341 secs] [Times: user=0.00 sys=0.00, real=0.00 secs] 
2650.765: [GC (Allocation Failure) [PSYoungGen: 69197K->1565K(69632K)] 402289K->334681K(757760K), 0.0017315 secs] [Times: user=0.01 sys=0.00, real=0.01 secs] 
2651.770: [GC (Allocation Failure) [PSYoungGen: 69149K->1408K(69632K)] 402265K->334524K(757760K), 0.0018251 secs] [Times: user=0.01 sys=0.00, real=0.00 secs] 
2652.590: [GC (Allocation Failure) [PSYoungGen: 68992K->1408K(69632K)] 402108K->334524K(757760K), 0.0018082 secs] [Times: user=0.01 sys=0.00, real=0.00 secs] 
2653.123: [GC (Allocation Failure) [PSYoungGen: 68992K->1376K(69632K)] 402108K->334492K(757760K), 0.0018858 secs] [Times: user=0.01 sys=0.00, real=0.00 secs] 
2653.417: [GC (Allocation Failure) [PSYoungGen: 68960K->1376K(69632K)] 402076K->334492K(757760K), 0.0018721 secs] [Times: user=0.01 sys=0.01, real=0.00 secs] 
2653.817: [GC (Allocation Failure) [PSYoungGen: 68960K->1549K(69632K)] 402076K->334665K(757760K), 0.0017020 secs] [Times: user=0.01 sys=0.00, real=0.01 secs] 
2654.213: [GC (Allocation Failure) [PSYoungGen: 69133K->1613K(69632K)] 402249K->334729K(757760K), 0.0016578 secs] [Times: user=0.01 sys=0.00, real=0.00 secs] 
2654.606: [GC (Allocation Failure) [PSYoungGen: 69197K->1581K(69632K)] 402313K->334705K(757760K), 0.0017469 secs] [Times: user=0.01 sys=0.00, real=0.01 secs] 
2655.124: [GC (Allocation Failure) [PSYoungGen: 69165K->1504K(69632K)] 402289K->334628K(757760K), 0.0018610 secs] [Times: user=0.01 sys=0.00, real=0.00 secs] 
2655.622: [GC (Allocation Failure) [PSYoungGen: 69088K->1408K(69632K)] 402212K->334532K(757760K), 0.0019296 secs] [Times: user=0.01 sys=0.00, real=0.00 secs] 
2655.903: [GC (Allocation Failure) [PSYoungGen: 68992K->1408K(69632K)] 402116K->334532K(757760K), 0.0022447 secs] [Times: user=0.01 sys=0.00, real=0.00 secs] 
2656.357: [GC (Allocation Failure) [PSYoungGen: 68992K->1344K(69632K)] 402116K->334468K(757760K), 0.0028166 secs] [Times: user=0.01 sys=0.00, real=0.01 secs] 
2656.977: [GC (Allocation Failure) [PSYoungGen: 68906K->1469K(69632K)] 402030K->334601K(757760K), 0.0025133 secs] [Times: user=0.01 sys=0.00, real=0.00 secs] 
2657.442: [GC (Allocation Failure) [PSYoungGen: 69053K->1581K(69632K)] 402185K->334721K(757760K), 0.0017105 secs] [Times: user=0.00 sys=0.00, real=0.00 secs] 
2657.895: [GC (Allocation Failure) [PSYoungGen: 69165K->1581K(69632K)] 402305K->334721K(757760K), 0.0018337 secs] [Times: user=0.01 sys=0.00, real=0.01 secs] 
2658.289: [GC (Allocation Failure) [PSYoungGen: 69165K->1581K(69632K)] 402305K->334721K(757760K), 0.0018267 secs] [Times: user=0.00 sys=0.00, real=0.00 secs] 
2658.860: [GC (Allocation Failure) [PSYoungGen: 69165K->1456K(69632K)] 402305K->334596K(757760K), 0.0029514 secs] [Times: user=0.01 sys=0.00, real=0.00 secs] 
2659.287: [GC (Allocation Failure) [PSYoungGen: 69040K->1376K(69632K)] 402180K->334516K(757760K), 0.0020660 secs] [Times: user=0.01 sys=0.00, real=0.00 secs] 
2659.568: [GC (Allocation Failure) [PSYoungGen: 68960K->1376K(69632K)] 402100K->334516K(757760K), 0.0020747 secs] [Times: user=0.01 sys=0.00, real=0.00 secs] 
2659.848: [GC (Allocation Failure) [PSYoungGen: 68960K->1376K(69632K)] 402100K->334524K(757760K), 0.0019820 secs] [Times: user=0.01 sys=0.00, real=0.00 secs] 
2660.181: [GC (Allocation Failure) [PSYoungGen: 68937K->1501K(69632K)] 402085K->334649K(757760K), 0.0016049 secs] [Times: user=0.00 sys=0.00, real=0.00 secs] 
2660.575: [GC (Allocation Failure) [PSYoungGen: 69085K->1613K(69632K)] 402233K->334761K(757760K), 0.0016633 secs] [Times: user=0.01 sys=0.00, real=0.01 secs] 
2660.967: [GC (Allocation Failure) [PSYoungGen: 69197K->1568K(69632K)] 402345K->334716K(757760K), 0.0016592 secs] [Times: user=0.01 sys=0.00, real=0.00 secs] 
2661.361: [GC (Allocation Failure) [PSYoungGen: 69152K->1581K(69632K)] 402300K->334745K(757760K), 0.0016070 secs] [Times: user=0.01 sys=0.00, real=0.00 secs] 
2661.764: [GC (Allocation Failure) [PSYoungGen: 69165K->1456K(69632K)] 402329K->334620K(757760K), 0.0016558 secs] [Times: user=0.00 sys=0.00, real=0.00 secs] 
2662.052: [GC (Allocation Failure) [PSYoungGen: 69040K->1376K(69632K)] 402204K->334540K(757760K), 0.0024419 secs] [Times: user=0.01 sys=0.00, real=0.00 secs] 
2662.369: [GC (Allocation Failure) [PSYoungGen: 68960K->1408K(69632K)] 402124K->334572K(757760K), 0.0022441 secs] [Times: user=0.01 sys=0.00, real=0.00 secs] 
2662.669: [GC (Allocation Failure) [PSYoungGen: 68992K->1376K(69632K)] 402156K->334540K(757760K), 0.0027855 secs] [Times: user=0.01 sys=0.00, real=0.00 secs] 
2663.067: [GC (Allocation Failure) [PSYoungGen: 68960K->1517K(69632K)] 402124K->334681K(757760K), 0.0015994 secs] [Times: user=0.01 sys=0.00, real=0.01 secs] 
2663.460: [GC (Allocation Failure) [PSYoungGen: 69101K->1549K(69632K)] 402265K->334713K(757760K), 0.0016760 secs] [Times: user=0.01 sys=0.00, real=0.00 secs] 
2663.852: [GC (Allocation Failure) [PSYoungGen: 69133K->1552K(69632K)] 402297K->334716K(757760K), 0.0017004 secs] [Times: user=0.00 sys=0.01, real=0.00 secs] 
2664.250: [GC (Allocation Failure) [PSYoungGen: 69136K->1597K(69632K)] 402300K->334777K(757760K), 0.0016319 secs] [Times: user=0.01 sys=0.00, real=0.00 secs] 
2664.983: [GC (Allocation Failure) [PSYoungGen: 69181K->1408K(69632K)] 402361K->334588K(757760K), 0.0018746 secs] [Times: user=0.01 sys=0.00, real=0.00 secs] 
2665.637: [GC (Allocation Failure) [PSYoungGen: 68992K->1408K(69632K)] 402172K->334588K(757760K), 0.0021280 secs] [Times: user=0.01 sys=0.00, real=0.01 secs] 
2666.180: [GC (Allocation Failure) [PSYoungGen: 68992K->1408K(69632K)] 402172K->334588K(757760K), 0.0027231 secs] [Times: user=0.01 sys=0.00, real=0.00 secs] 
2666.455: [GC (Allocation Failure) [PSYoungGen: 68992K->1408K(69632K)] 402172K->334588K(757760K), 0.0027283 secs] [Times: user=0.01 sys=0.00, real=0.01 secs] 
2666.895: [GC (Allocation Failure) [PSYoungGen: 68992K->1549K(69632K)] 402172K->334729K(757760K), 0.0017720 secs] [Times: user=0.01 sys=0.00, real=0.00 secs] 
2667.289: [GC (Allocation Failure) [PSYoungGen: 69133K->1613K(69632K)] 402313K->334793K(757760K), 0.0015949 secs] [Times: user=0.00 sys=0.00, real=0.00 secs] 
2667.691: [GC (Allocation Failure) [PSYoungGen: 69197K->1581K(69632K)] 402377K->334761K(757760K), 0.0016763 secs] [Times: user=0.01 sys=0.00, real=0.00 secs] 
2668.222: [GC (Allocation Failure) [PSYoungGen: 69165K->1840K(69632K)] 402345K->335020K(757760K), 0.0022918 secs] [Times: user=0.00 sys=0.00, real=0.00 secs] 
2669.803: [GC (Allocation Failure) [PSYoungGen: 69424K->1424K(69632K)] 402604K->334604K(757760K), 0.0036050 secs] [Times: user=0.01 sys=0.00, real=0.00 secs] 
2670.578: [GC (Allocation Failure) [PSYoungGen: 69008K->1408K(69632K)] 402188K->334588K(757760K), 0.0036171 secs] [Times: user=0.02 sys=0.00, real=0.00 secs] 
2671.226: [GC (Allocation Failure) [PSYoungGen: 68992K->1408K(69632K)] 402172K->334588K(757760K), 0.0032186 secs] [Times: user=0.01 sys=0.00, real=0.01 secs] 
2671.887: [GC (Allocation Failure) [PSYoungGen: 68992K->1440K(69632K)] 402172K->334620K(757760K), 0.0032609 secs] [Times: user=0.01 sys=0.00, real=0.00 secs] 
2672.669: [GC (Allocation Failure) [PSYoungGen: 69024K->1597K(69632K)] 402204K->334793K(757760K), 0.0018262 secs] [Times: user=0.00 sys=0.00, real=0.00 secs] 
2673.062: [GC (Allocation Failure) [PSYoungGen: 69181K->1613K(69632K)] 402377K->334809K(757760K), 0.0017407 secs] [Times: user=0.01 sys=0.00, real=0.00 secs] 
2673.518: [GC (Allocation Failure) [PSYoungGen: 69197K->1613K(69632K)] 402393K->334809K(757760K), 0.0016335 secs] [Times: user=0.01 sys=0.00, real=0.00 secs] 
2673.939: [GC (Allocation Failure) [PSYoungGen: 69197K->1504K(69632K)] 402393K->334700K(757760K), 0.0021727 secs] [Times: user=0.01 sys=0.00, real=0.00 secs] 
2674.248: [GC (Allocation Failure) [PSYoungGen: 69088K->1424K(69632K)] 402284K->334620K(757760K), 0.0020903 secs] [Times: user=0.01 sys=0.00, real=0.00 secs] 
2674.569: [GC (Allocation Failure) [PSYoungGen: 69008K->1440K(69632K)] 402204K->334636K(757760K), 0.0019430 secs] [Times: user=0.01 sys=0.00, real=0.00 secs] 
2675.034: [GC (Allocation Failure) [PSYoungGen: 69024K->1424K(69632K)] 402220K->334620K(757760K), 0.0019381 secs] [Times: user=0.01 sys=0.00, real=0.00 secs] 
2675.618: [GC (Allocation Failure) [PSYoungGen: 69008K->1517K(69632K)] 402204K->334713K(757760K), 0.0018172 secs] [Times: user=0.00 sys=0.00, real=0.00 secs] 
2676.029: [GC (Allocation Failure) [PSYoungGen: 69101K->1645K(69632K)] 402297K->334841K(757760K), 0.0016666 secs] [Times: user=0.01 sys=0.00, real=0.00 secs] 
2676.423: [GC (Allocation Failure) [PSYoungGen: 69227K->1629K(69632K)] 402423K->334825K(757760K), 0.0017091 secs] [Times: user=0.00 sys=0.00, real=0.00 secs] 
2676.826: [GC (Allocation Failure) [PSYoungGen: 69213K->1629K(69632K)] 402409K->334857K(757760K), 0.0016383 secs] [Times: user=0.01 sys=0.00, real=0.01 secs] 
2677.408: [GC (Allocation Failure) [PSYoungGen: 69213K->1456K(69632K)] 402441K->334684K(757760K), 0.0020074 secs] [Times: user=0.01 sys=0.00, real=0.00 secs] 
2677.984: [GC (Allocation Failure) [PSYoungGen: 69040K->1408K(69632K)] 402268K->334636K(757760K), 0.0018044 secs] [Times: user=0.01 sys=0.00, real=0.00 secs] 
2678.572: [GC (Allocation Failure) [PSYoungGen: 68992K->1344K(69632K)] 402220K->334572K(757760K), 0.0020585 secs] [Times: user=0.01 sys=0.00, real=0.00 secs] 
2679.205: [GC (Allocation Failure) [PSYoungGen: 68928K->1408K(69632K)] 402156K->334636K(757760K), 0.0023047 secs] [Times: user=0.01 sys=0.00, real=0.01 secs] 
2679.886: [GC (Allocation Failure) [PSYoungGen: 68992K->1485K(69632K)] 402220K->334713K(757760K), 0.0015987 secs] [Times: user=0.00 sys=0.00, real=0.01 secs] 
2680.281: [GC (Allocation Failure) [PSYoungGen: 69069K->1584K(69632K)] 402297K->334812K(757760K), 0.0016727 secs] [Times: user=0.00 sys=0.00, real=0.00 secs] 
2680.676: [GC (Allocation Failure) [PSYoungGen: 69168K->1613K(69632K)] 402396K->334857K(757760K), 0.0015770 secs] [Times: user=0.01 sys=0.00, real=0.01 secs] 
2681.069: [GC (Allocation Failure) [PSYoungGen: 69197K->1581K(69632K)] 402441K->334841K(757760K), 0.0015866 secs] [Times: user=0.01 sys=0.00, real=0.00 secs] 
2681.471: [GC (Allocation Failure) [PSYoungGen: 69165K->1440K(69632K)] 402425K->334700K(757760K), 0.0019912 secs] [Times: user=0.01 sys=0.00, real=0.00 secs] 
2681.766: [GC (Allocation Failure) [PSYoungGen: 69024K->1408K(69632K)] 402284K->334668K(757760K), 0.0018231 secs] [Times: user=0.01 sys=0.00, real=0.01 secs] 
2682.277: [GC (Allocation Failure) [PSYoungGen: 68992K->1392K(69632K)] 402252K->334652K(757760K), 0.0019687 secs] [Times: user=0.01 sys=0.00, real=0.01 secs] 
2682.824: [GC (Allocation Failure) [PSYoungGen: 68976K->1408K(69632K)] 402236K->334668K(757760K), 0.0020266 secs] [Times: user=0.01 sys=0.00, real=0.00 secs] 
2683.331: [GC (Allocation Failure) [PSYoungGen: 68992K->1517K(69632K)] 402252K->334777K(757760K), 0.0016592 secs] [Times: user=0.01 sys=0.00, real=0.00 secs] 
2683.724: [GC (Allocation Failure) [PSYoungGen: 69101K->1581K(69632K)] 402361K->334841K(757760K), 0.0016860 secs] [Times: user=0.01 sys=0.00, real=0.00 secs] 
2684.117: [GC (Allocation Failure) [PSYoungGen: 69165K->1613K(69632K)] 402425K->334873K(757760K), 0.0016897 secs] [Times: user=0.00 sys=0.00, real=0.00 secs] 
2684.511: [GC (Allocation Failure) [PSYoungGen: 69197K->1581K(69632K)] 402457K->334865K(757760K), 0.0016038 secs] [Times: user=0.01 sys=0.00, real=0.00 secs] 
2685.090: [GC (Allocation Failure) [PSYoungGen: 69165K->1408K(69632K)] 402449K->334692K(757760K), 0.0018097 secs] [Times: user=0.01 sys=0.00, real=0.00 secs] 
2685.372: [GC (Allocation Failure) [PSYoungGen: 68992K->1376K(69632K)] 402276K->334660K(757760K), 0.0023302 secs] [Times: user=0.01 sys=0.00, real=0.00 secs] 
2685.659: [GC (Allocation Failure) [PSYoungGen: 68960K->1408K(69632K)] 402244K->334692K(757760K), 0.0025236 secs] [Times: user=0.01 sys=0.00, real=0.00 secs] 
2685.936: [GC (Allocation Failure) [PSYoungGen: 68992K->1376K(69632K)] 402276K->334660K(757760K), 0.0018062 secs] [Times: user=0.00 sys=0.00, real=0.01 secs] 
2686.332: [GC (Allocation Failure) [PSYoungGen: 68934K->1581K(69632K)] 402218K->334865K(757760K), 0.0016746 secs] [Times: user=0.01 sys=0.00, real=0.00 secs] 
2686.730: [GC (Allocation Failure) [PSYoungGen: 69165K->1565K(69632K)] 402449K->334849K(757760K), 0.0016795 secs] [Times: user=0.01 sys=0.00, real=0.00 secs] 
2687.126: [GC (Allocation Failure) [PSYoungGen: 69149K->1565K(69632K)] 402433K->334849K(757760K), 0.0017086 secs] [Times: user=0.00 sys=0.00, real=0.01 secs] 
2687.617: [GC (Allocation Failure) [PSYoungGen: 69149K->1504K(69632K)] 402433K->334788K(757760K), 0.0017104 secs] [Times: user=0.00 sys=0.00, real=0.01 secs] 
2688.518: [GC (Allocation Failure) [PSYoungGen: 69088K->1440K(69632K)] 402372K->334724K(757760K), 0.0024368 secs] [Times: user=0.01 sys=0.00, real=0.00 secs] 
2689.210: [GC (Allocation Failure) [PSYoungGen: 69024K->1408K(69632K)] 402308K->334692K(757760K), 0.0026654 secs] [Times: user=0.01 sys=0.00, real=0.00 secs] 
2689.880: [GC (Allocation Failure) [PSYoungGen: 68992K->1408K(69632K)] 402276K->334692K(757760K), 0.0027539 secs] [Times: user=0.01 sys=0.00, real=0.00 secs] 
2690.365: [GC (Allocation Failure) [PSYoungGen: 68971K->1437K(69632K)] 402255K->334737K(757760K), 0.0021285 secs] [Times: user=0.00 sys=0.00, real=0.01 secs] 
2690.797: [GC (Allocation Failure) [PSYoungGen: 69021K->1629K(69632K)] 402321K->334929K(757760K), 0.0016430 secs] [Times: user=0.01 sys=0.00, real=0.01 secs] 
2691.190: [GC (Allocation Failure) [PSYoungGen: 69208K->1613K(69632K)] 402509K->334913K(757760K), 0.0016915 secs] [Times: user=0.01 sys=0.00, real=0.00 secs] 
2691.586: [GC (Allocation Failure) [PSYoungGen: 69197K->1549K(69632K)] 402497K->334849K(757760K), 0.0015966 secs] [Times: user=0.01 sys=0.00, real=0.01 secs] 
2692.190: [GC (Allocation Failure) [PSYoungGen: 69133K->1504K(69632K)] 402433K->334804K(757760K), 0.0018394 secs] [Times: user=0.01 sys=0.00, real=0.00 secs] 
2692.954: [GC (Allocation Failure) [PSYoungGen: 69088K->1408K(69632K)] 402388K->334708K(757760K), 0.0032764 secs] [Times: user=0.02 sys=0.00, real=0.01 secs] 
2693.760: [GC (Allocation Failure) [PSYoungGen: 68992K->1408K(69632K)] 402292K->334708K(757760K), 0.0035087 secs] [Times: user=0.02 sys=0.00, real=0.00 secs] 
2694.448: [GC (Allocation Failure) [PSYoungGen: 68992K->1392K(69632K)] 402292K->334692K(757760K), 0.0029953 secs] [Times: user=0.01 sys=0.00, real=0.00 secs] 
2695.086: [GC (Allocation Failure) [PSYoungGen: 68975K->1501K(69632K)] 402275K->334801K(757760K), 0.0021350 secs] [Times: user=0.01 sys=0.00, real=0.01 secs] 
2695.501: [GC (Allocation Failure) [PSYoungGen: 69085K->1613K(69632K)] 402385K->334913K(757760K), 0.0018321 secs] [Times: user=0.00 sys=0.00, real=0.00 secs] 
2695.894: [GC (Allocation Failure) [PSYoungGen: 69197K->1584K(69632K)] 402497K->334884K(757760K), 0.0017940 secs] [Times: user=0.01 sys=0.00, real=0.00 secs] 
2696.349: [GC (Allocation Failure) [PSYoungGen: 69168K->1584K(69632K)] 402468K->334900K(757760K), 0.0018022 secs] [Times: user=0.01 sys=0.00, real=0.00 secs] 
2697.194: [GC (Allocation Failure) [PSYoungGen: 69168K->1424K(69632K)] 402484K->334740K(757760K), 0.0036127 secs] [Times: user=0.02 sys=0.00, real=0.01 secs] 
2697.847: [GC (Allocation Failure) [PSYoungGen: 69008K->1360K(69632K)] 402324K->334676K(757760K), 0.0032809 secs] [Times: user=0.02 sys=0.00, real=0.00 secs] 
2698.374: [GC (Allocation Failure) [PSYoungGen: 68944K->1376K(69632K)] 402260K->334692K(757760K), 0.0025857 secs] [Times: user=0.01 sys=0.01, real=0.00 secs] 
2698.902: [GC (Allocation Failure) [PSYoungGen: 68960K->1440K(69632K)] 402276K->334756K(757760K), 0.0023245 secs] [Times: user=0.01 sys=0.00, real=0.00 secs] 
2699.438: [GC (Allocation Failure) [PSYoungGen: 69024K->1549K(69632K)] 402340K->334865K(757760K), 0.0016358 secs] [Times: user=0.01 sys=0.00, real=0.00 secs] 
2699.833: [GC (Allocation Failure) [PSYoungGen: 69133K->1597K(69632K)] 402449K->334913K(757760K), 0.0017120 secs] [Times: user=0.01 sys=0.00, real=0.00 secs] 
2700.225: [GC (Allocation Failure) [PSYoungGen: 69181K->1613K(69632K)] 402497K->334929K(757760K), 0.0017077 secs] [Times: user=0.01 sys=0.00, real=0.00 secs] 
2700.619: [GC (Allocation Failure) [PSYoungGen: 69197K->1613K(69632K)] 402513K->334945K(757760K), 0.0016886 secs] [Times: user=0.00 sys=0.00, real=0.00 secs] 
2701.139: [GC (Allocation Failure) [PSYoungGen: 69197K->1456K(69632K)] 402529K->334788K(757760K), 0.0019004 secs] [Times: user=0.01 sys=0.00, real=0.00 secs] 
2701.842: [GC (Allocation Failure) [PSYoungGen: 69040K->1408K(69632K)] 402372K->334764K(757760K), 0.0027958 secs] [Times: user=0.02 sys=0.00, real=0.00 secs] 
2702.520: [GC (Allocation Failure) [PSYoungGen: 68992K->1376K(69632K)] 402348K->334732K(757760K), 0.0032803 secs] [Times: user=0.01 sys=0.00, real=0.00 secs] 
2703.607: [GC (Allocation Failure) [PSYoungGen: 68960K->1440K(69632K)] 402316K->334796K(757760K), 0.0039069 secs] [Times: user=0.02 sys=0.00, real=0.00 secs] 
2704.267: [GC (Allocation Failure) [PSYoungGen: 69024K->1549K(69632K)] 402380K->334905K(757760K), 0.0015984 secs] [Times: user=0.01 sys=0.00, real=0.00 secs] 
2704.660: [GC (Allocation Failure) [PSYoungGen: 69133K->1549K(69632K)] 402489K->334905K(757760K), 0.0016830 secs] [Times: user=0.01 sys=0.00, real=0.00 secs] 
2705.053: [GC (Allocation Failure) [PSYoungGen: 69133K->1597K(69632K)] 402489K->334953K(757760K), 0.0017088 secs] [Times: user=0.00 sys=0.00, real=0.00 secs] 
2705.856: [GC (Allocation Failure) [PSYoungGen: 69181K->2016K(69632K)] 402537K->335388K(757760K), 0.0025677 secs] [Times: user=0.01 sys=0.00, real=0.01 secs] 
2706.803: [GC (Allocation Failure) [PSYoungGen: 69600K->1376K(69632K)] 402972K->334748K(757760K), 0.0024399 secs] [Times: user=0.01 sys=0.00, real=0.00 secs] 
2707.447: [GC (Allocation Failure) [PSYoungGen: 68960K->1408K(69632K)] 402332K->334780K(757760K), 0.0019880 secs] [Times: user=0.01 sys=0.00, real=0.01 secs] 
2708.156: [GC (Allocation Failure) [PSYoungGen: 68992K->1408K(69632K)] 402364K->334780K(757760K), 0.0023395 secs] [Times: user=0.01 sys=0.01, real=0.01 secs] 
2708.819: [GC (Allocation Failure) [PSYoungGen: 68992K->1440K(69632K)] 402364K->334812K(757760K), 0.0025241 secs] [Times: user=0.01 sys=0.00, real=0.00 secs] 
2709.417: [GC (Allocation Failure) [PSYoungGen: 69024K->1581K(69632K)] 402396K->334953K(757760K), 0.0018111 secs] [Times: user=0.01 sys=0.00, real=0.00 secs] 
2709.870: [GC (Allocation Failure) [PSYoungGen: 69165K->1549K(69632K)] 402537K->334921K(757760K), 0.0018328 secs] [Times: user=0.01 sys=0.00, real=0.00 secs] 
2710.264: [GC (Allocation Failure) [PSYoungGen: 69133K->1552K(69632K)] 402505K->334924K(757760K), 0.0018404 secs] [Times: user=0.01 sys=0.00, real=0.00 secs] 
2710.931: [GC (Allocation Failure) [PSYoungGen: 69136K->1520K(69632K)] 402508K->334892K(757760K), 0.0035879 secs] [Times: user=0.01 sys=0.00, real=0.00 secs] 
2711.754: [GC (Allocation Failure) [PSYoungGen: 69104K->1376K(69632K)] 402476K->334748K(757760K), 0.0030660 secs] [Times: user=0.02 sys=0.00, real=0.01 secs] 
2712.315: [GC (Allocation Failure) [PSYoungGen: 68960K->1408K(69632K)] 402332K->334780K(757760K), 0.0030886 secs] [Times: user=0.01 sys=0.00, real=0.01 secs] 
2712.707: [GC (Allocation Failure) [PSYoungGen: 68992K->1408K(69632K)] 402364K->334804K(757760K), 0.0020269 secs] [Times: user=0.01 sys=0.00, real=0.00 secs] 
2713.286: [GC (Allocation Failure) [PSYoungGen: 68992K->1485K(69632K)] 402388K->334881K(757760K), 0.0018943 secs] [Times: user=0.01 sys=0.00, real=0.01 secs] 
2713.763: [GC (Allocation Failure) [PSYoungGen: 69069K->1581K(69632K)] 402465K->334977K(757760K), 0.0018023 secs] [Times: user=0.00 sys=0.00, real=0.00 secs] 
2714.221: [GC (Allocation Failure) [PSYoungGen: 69165K->1629K(69632K)] 402561K->335025K(757760K), 0.0017458 secs] [Times: user=0.00 sys=0.00, real=0.00 secs] 
2714.616: [GC (Allocation Failure) [PSYoungGen: 69213K->1597K(69632K)] 402609K->335009K(757760K), 0.0017141 secs] [Times: user=0.01 sys=0.00, real=0.01 secs] 
2715.824: [GC (Allocation Failure) [PSYoungGen: 69181K->1456K(69632K)] 402593K->334868K(757760K), 0.0033974 secs] [Times: user=0.02 sys=0.00, real=0.01 secs] 
2716.617: [GC (Allocation Failure) [PSYoungGen: 69040K->1440K(69632K)] 402452K->334852K(757760K), 0.0030010 secs] [Times: user=0.02 sys=0.00, real=0.00 secs] 
2717.271: [GC (Allocation Failure) [PSYoungGen: 69024K->1408K(69632K)] 402436K->334820K(757760K), 0.0025299 secs] [Times: user=0.01 sys=0.00, real=0.00 secs] 
2717.927: [GC (Allocation Failure) [PSYoungGen: 68992K->1408K(69632K)] 402404K->334820K(757760K), 0.0032125 secs] [Times: user=0.02 sys=0.00, real=0.00 secs] 
2718.592: [GC (Allocation Failure) [PSYoungGen: 68983K->1469K(69632K)] 402395K->334881K(757760K), 0.0016536 secs] [Times: user=0.00 sys=0.00, real=0.00 secs] 
2718.998: [GC (Allocation Failure) [PSYoungGen: 69053K->1613K(69632K)] 402465K->335025K(757760K), 0.0016977 secs] [Times: user=0.01 sys=0.00, real=0.00 secs] 
2719.391: [GC (Allocation Failure) [PSYoungGen: 69197K->1613K(69632K)] 402609K->335025K(757760K), 0.0017175 secs] [Times: user=0.01 sys=0.00, real=0.00 secs] 
2719.783: [GC (Allocation Failure) [PSYoungGen: 69197K->1613K(69632K)] 402609K->335041K(757760K), 0.0015731 secs] [Times: user=0.01 sys=0.00, real=0.00 secs] 
2720.464: [GC (Allocation Failure) [PSYoungGen: 69197K->1424K(69632K)] 402625K->334852K(757760K), 0.0018063 secs] [Times: user=0.01 sys=0.00, real=0.00 secs] 
2720.791: [GC (Allocation Failure) [PSYoungGen: 69008K->1376K(69632K)] 402436K->334804K(757760K), 0.0026608 secs] [Times: user=0.02 sys=0.00, real=0.00 secs] 
2721.366: [GC (Allocation Failure) [PSYoungGen: 68960K->1376K(69632K)] 402388K->334804K(757760K), 0.0026841 secs] [Times: user=0.01 sys=0.00, real=0.01 secs] 
2721.988: [GC (Allocation Failure) [PSYoungGen: 68960K->1376K(69632K)] 402388K->334828K(757760K), 0.0033310 secs] [Times: user=0.01 sys=0.00, real=0.00 secs] 
2722.715: [GC (Allocation Failure) [PSYoungGen: 68938K->1488K(69632K)] 402390K->334940K(757760K), 0.0016050 secs] [Times: user=0.01 sys=0.00, real=0.00 secs] 
2723.108: [GC (Allocation Failure) [PSYoungGen: 69072K->1613K(69632K)] 402524K->335065K(757760K), 0.0017827 secs] [Times: user=0.00 sys=0.00, real=0.00 secs] 
2723.502: [GC (Allocation Failure) [PSYoungGen: 69197K->1581K(69632K)] 402649K->335033K(757760K), 0.0018360 secs] [Times: user=0.01 sys=0.00, real=0.00 secs] 
2723.897: [GC (Allocation Failure) [PSYoungGen: 69165K->1565K(69632K)] 402617K->335033K(757760K), 0.0017329 secs] [Times: user=0.01 sys=0.00, real=0.00 secs] 
2725.041: [GC (Allocation Failure) [PSYoungGen: 69149K->1440K(69632K)] 402617K->334908K(757760K), 0.0042529 secs] [Times: user=0.02 sys=0.00, real=0.00 secs] 
2725.686: [GC (Allocation Failure) [PSYoungGen: 69024K->1408K(69632K)] 402492K->334876K(757760K), 0.0030039 secs] [Times: user=0.01 sys=0.00, real=0.01 secs] 
2726.201: [GC (Allocation Failure) [PSYoungGen: 68992K->1408K(69632K)] 402460K->334876K(757760K), 0.0026252 secs] [Times: user=0.01 sys=0.00, real=0.00 secs] 
2726.543: [GC (Allocation Failure) [PSYoungGen: 68992K->1408K(69632K)] 402460K->334876K(757760K), 0.0019866 secs] [Times: user=0.01 sys=0.00, real=0.00 secs] 
2727.096: [GC (Allocation Failure) [PSYoungGen: 68989K->1533K(69632K)] 402458K->335001K(757760K), 0.0018030 secs] [Times: user=0.01 sys=0.00, real=0.01 secs] 
2727.490: [GC (Allocation Failure) [PSYoungGen: 69117K->1549K(69632K)] 402585K->335017K(757760K), 0.0017904 secs] [Times: user=0.00 sys=0.00, real=0.00 secs] 
2727.883: [GC (Allocation Failure) [PSYoungGen: 69133K->1549K(69632K)] 402601K->335017K(757760K), 0.0016999 secs] [Times: user=0.00 sys=0.00, real=0.00 secs] 
2728.312: [GC (Allocation Failure) [PSYoungGen: 69133K->1552K(69632K)] 402601K->335020K(757760K), 0.0021790 secs] [Times: user=0.01 sys=0.00, real=0.00 secs] 
2728.875: [GC (Allocation Failure) [PSYoungGen: 69136K->1392K(69632K)] 402604K->334860K(757760K), 0.0030832 secs] [Times: user=0.01 sys=0.00, real=0.01 secs] 
2729.434: [GC (Allocation Failure) [PSYoungGen: 68976K->1424K(69632K)] 402444K->334892K(757760K), 0.0024299 secs] [Times: user=0.01 sys=0.00, real=0.00 secs] 
2730.017: [GC (Allocation Failure) [PSYoungGen: 69008K->1408K(69632K)] 402476K->334876K(757760K), 0.0038688 secs] [Times: user=0.02 sys=0.00, real=0.00 secs] 
2730.590: [GC (Allocation Failure) [PSYoungGen: 68988K->1453K(69632K)] 402456K->334921K(757760K), 0.0023324 secs] [Times: user=0.00 sys=0.00, real=0.00 secs] 
2731.040: [GC (Allocation Failure) [PSYoungGen: 69037K->1581K(69632K)] 402505K->335049K(757760K), 0.0016031 secs] [Times: user=0.01 sys=0.00, real=0.00 secs] 
2731.432: [GC (Allocation Failure) [PSYoungGen: 69165K->1613K(69632K)] 402633K->335097K(757760K), 0.0016942 secs] [Times: user=0.00 sys=0.00, real=0.00 secs] 
2731.829: [GC (Allocation Failure) [PSYoungGen: 69197K->1581K(69632K)] 402681K->335065K(757760K), 0.0016277 secs] [Times: user=0.01 sys=0.00, real=0.00 secs] 
2732.197: [GC (Allocation Failure) [PSYoungGen: 69165K->1456K(69632K)] 402649K->334940K(757760K), 0.0017199 secs] [Times: user=0.00 sys=0.00, real=0.00 secs] 
2732.501: [GC (Allocation Failure) [PSYoungGen: 69040K->1408K(69632K)] 402524K->334892K(757760K), 0.0018149 secs] [Times: user=0.01 sys=0.00, real=0.00 secs] 
2732.910: [GC (Allocation Failure) [PSYoungGen: 68992K->1408K(69632K)] 402476K->334892K(757760K), 0.0037380 secs] [Times: user=0.01 sys=0.00, real=0.00 secs] 
2733.428: [GC (Allocation Failure) [PSYoungGen: 68992K->1408K(69632K)] 402476K->334892K(757760K), 0.0025745 secs] [Times: user=0.01 sys=0.00, real=0.00 secs] 
2734.165: [GC (Allocation Failure) [PSYoungGen: 68992K->1533K(69632K)] 402476K->335017K(757760K), 0.0017099 secs] [Times: user=0.01 sys=0.00, real=0.00 secs] 
2734.560: [GC (Allocation Failure) [PSYoungGen: 69117K->1581K(69632K)] 402601K->335065K(757760K), 0.0016949 secs] [Times: user=0.01 sys=0.00, real=0.00 secs] 
2734.953: [GC (Allocation Failure) [PSYoungGen: 69165K->1584K(69632K)] 402649K->335068K(757760K), 0.0016858 secs] [Times: user=0.00 sys=0.00, real=0.00 secs] 
2735.345: [GC (Allocation Failure) [PSYoungGen: 69168K->1613K(69632K)] 402652K->335121K(757760K), 0.0018033 secs] [Times: user=0.00 sys=0.00, real=0.00 secs] 
2735.994: [GC (Allocation Failure) [PSYoungGen: 69197K->1472K(69632K)] 402705K->334980K(757760K), 0.0017195 secs] [Times: user=0.01 sys=0.00, real=0.00 secs] 
2736.746: [GC (Allocation Failure) [PSYoungGen: 69056K->1376K(69632K)] 402564K->334884K(757760K), 0.0016883 secs] [Times: user=0.00 sys=0.00, real=0.01 secs] 
2737.241: [GC (Allocation Failure) [PSYoungGen: 68960K->1392K(69632K)] 402468K->334900K(757760K), 0.0016753 secs] [Times: user=0.01 sys=0.00, real=0.00 secs] 
2737.745: [GC (Allocation Failure) [PSYoungGen: 68976K->1376K(69632K)] 402484K->334884K(757760K), 0.0017212 secs] [Times: user=0.01 sys=0.01, real=0.00 secs] 
2738.119: [GC (Allocation Failure) [PSYoungGen: 68960K->1517K(69632K)] 402468K->335025K(757760K), 0.0015838 secs] [Times: user=0.00 sys=0.00, real=0.00 secs] 
2738.573: [GC (Allocation Failure) [PSYoungGen: 69071K->1565K(69632K)] 402579K->335073K(757760K), 0.0018060 secs] [Times: user=0.00 sys=0.00, real=0.00 secs] 
2738.968: [GC (Allocation Failure) [PSYoungGen: 69149K->1581K(69632K)] 402657K->335089K(757760K), 0.0017841 secs] [Times: user=0.01 sys=0.00, real=0.00 secs] 
2739.366: [GC (Allocation Failure) [PSYoungGen: 69165K->1581K(69632K)] 402673K->335097K(757760K), 0.0017159 secs] [Times: user=0.00 sys=0.00, real=0.01 secs] 
2740.224: [GC (Allocation Failure) [PSYoungGen: 69165K->1440K(69632K)] 402681K->334956K(757760K), 0.0033164 secs] [Times: user=0.01 sys=0.00, real=0.01 secs] 
2741.038: [GC (Allocation Failure) [PSYoungGen: 69024K->1376K(69632K)] 402540K->334892K(757760K), 0.0032583 secs] [Times: user=0.01 sys=0.00, real=0.00 secs] 
2741.969: [GC (Allocation Failure) [PSYoungGen: 68960K->1408K(69632K)] 402476K->334940K(757760K), 0.0030577 secs] [Times: user=0.01 sys=0.00, real=0.00 secs] 
2742.957: [GC (Allocation Failure) [PSYoungGen: 68992K->1376K(69632K)] 402524K->334908K(757760K), 0.0034977 secs] [Times: user=0.02 sys=0.00, real=0.00 secs] 
2743.604: [GC (Allocation Failure) [PSYoungGen: 68960K->1485K(69632K)] 402492K->335017K(757760K), 0.0016585 secs] [Times: user=0.01 sys=0.00, real=0.00 secs] 
2743.996: [GC (Allocation Failure) [PSYoungGen: 69069K->1597K(69632K)] 402601K->335129K(757760K), 0.0018421 secs] [Times: user=0.01 sys=0.00, real=0.01 secs] 
2744.391: [GC (Allocation Failure) [PSYoungGen: 69181K->1613K(69632K)] 402713K->335145K(757760K), 0.0017258 secs] [Times: user=0.01 sys=0.00, real=0.00 secs] 
2744.771: [GC (Allocation Failure) [PSYoungGen: 69197K->2016K(69632K)] 402729K->335548K(757760K), 0.0016167 secs] [Times: user=0.00 sys=0.00, real=0.00 secs] 
2745.067: [GC (Allocation Failure) [PSYoungGen: 69600K->1376K(69632K)] 403132K->334908K(757760K), 0.0016042 secs] [Times: user=0.01 sys=0.00, real=0.00 secs] 
2745.388: [GC (Allocation Failure) [PSYoungGen: 68960K->1408K(69632K)] 402492K->334940K(757760K), 0.0014987 secs] [Times: user=0.01 sys=0.00, real=0.00 secs] 
2745.809: [GC (Allocation Failure) [PSYoungGen: 68992K->1376K(69632K)] 402524K->334908K(757760K), 0.0019788 secs] [Times: user=0.00 sys=0.00, real=0.00 secs] 
2746.136: [GC (Allocation Failure) [PSYoungGen: 68960K->1376K(69632K)] 402492K->334908K(757760K), 0.0017529 secs] [Times: user=0.00 sys=0.00, real=0.01 secs] 
2746.578: [GC (Allocation Failure) [PSYoungGen: 68956K->1549K(69632K)] 402488K->335081K(757760K), 0.0017218 secs] [Times: user=0.01 sys=0.00, real=0.00 secs] 
2746.973: [GC (Allocation Failure) [PSYoungGen: 69133K->1613K(69632K)] 402665K->335145K(757760K), 0.0017562 secs] [Times: user=0.01 sys=0.00, real=0.00 secs] 
2747.370: [GC (Allocation Failure) [PSYoungGen: 69197K->1613K(69632K)] 402729K->335145K(757760K), 0.0015897 secs] [Times: user=0.01 sys=0.00, real=0.00 secs] 
2747.834: [GC (Allocation Failure) [PSYoungGen: 69197K->1520K(69632K)] 402729K->335052K(757760K), 0.0019015 secs] [Times: user=0.01 sys=0.00, real=0.00 secs] 
2748.116: [GC (Allocation Failure) [PSYoungGen: 69104K->1408K(69632K)] 402636K->334940K(757760K), 0.0017980 secs] [Times: user=0.00 sys=0.00, real=0.01 secs] 
2748.396: [GC (Allocation Failure) [PSYoungGen: 68992K->1344K(69632K)] 402524K->334876K(757760K), 0.0017566 secs] [Times: user=0.01 sys=0.00, real=0.01 secs] 
2748.726: [GC (Allocation Failure) [PSYoungGen: 68928K->1392K(69632K)] 402460K->334924K(757760K), 0.0019775 secs] [Times: user=0.01 sys=0.00, real=0.01 secs] 
2749.077: [GC (Allocation Failure) [PSYoungGen: 68976K->1485K(69632K)] 402508K->335041K(757760K), 0.0017640 secs] [Times: user=0.00 sys=0.00, real=0.01 secs] 
2749.470: [GC (Allocation Failure) [PSYoungGen: 69069K->1552K(69632K)] 402625K->335108K(757760K), 0.0016558 secs] [Times: user=0.00 sys=0.00, real=0.00 secs] 
2749.874: [GC (Allocation Failure) [PSYoungGen: 69131K->1536K(69632K)] 402687K->335092K(757760K), 0.0017160 secs] [Times: user=0.01 sys=0.00, real=0.00 secs] 
2750.334: [GC (Allocation Failure) [PSYoungGen: 69120K->1581K(69632K)] 402676K->335153K(757760K), 0.0018292 secs] [Times: user=0.00 sys=0.00, real=0.00 secs] 
2750.912: [GC (Allocation Failure) [PSYoungGen: 69165K->1472K(69632K)] 402737K->335044K(757760K), 0.0026237 secs] [Times: user=0.01 sys=0.00, real=0.00 secs] 
2751.532: [GC (Allocation Failure) [PSYoungGen: 69056K->1408K(69632K)] 402628K->334980K(757760K), 0.0020318 secs] [Times: user=0.01 sys=0.00, real=0.00 secs] 
2752.073: [GC (Allocation Failure) [PSYoungGen: 68992K->1376K(69632K)] 402564K->334948K(757760K), 0.0038605 secs] [Times: user=0.01 sys=0.00, real=0.01 secs] 
2752.669: [GC (Allocation Failure) [PSYoungGen: 68960K->1376K(69632K)] 402532K->334948K(757760K), 0.0022477 secs] [Times: user=0.01 sys=0.00, real=0.00 secs] 
2753.547: [GC (Allocation Failure) [PSYoungGen: 68937K->1517K(69632K)] 402509K->335089K(757760K), 0.0015906 secs] [Times: user=0.01 sys=0.00, real=0.00 secs] 
2753.942: [GC (Allocation Failure) [PSYoungGen: 69101K->1584K(69632K)] 402673K->335156K(757760K), 0.0017036 secs] [Times: user=0.01 sys=0.00, real=0.00 secs] 
2754.336: [GC (Allocation Failure) [PSYoungGen: 69168K->1581K(69632K)] 402740K->335153K(757760K), 0.0015804 secs] [Times: user=0.01 sys=0.00, real=0.01 secs] 
2754.731: [GC (Allocation Failure) [PSYoungGen: 69165K->1613K(69632K)] 402737K->335193K(757760K), 0.0017531 secs] [Times: user=0.01 sys=0.00, real=0.00 secs] 
2755.390: [GC (Allocation Failure) [PSYoungGen: 69197K->1440K(69632K)] 402777K->335020K(757760K), 0.0017083 secs] [Times: user=0.01 sys=0.00, real=0.00 secs] 
2756.058: [GC (Allocation Failure) [PSYoungGen: 69024K->1408K(69632K)] 402604K->334988K(757760K), 0.0019288 secs] [Times: user=0.01 sys=0.00, real=0.00 secs] 
2756.688: [GC (Allocation Failure) [PSYoungGen: 68992K->1344K(69632K)] 402572K->334924K(757760K), 0.0019934 secs] [Times: user=0.01 sys=0.00, real=0.00 secs] 
2757.317: [GC (Allocation Failure) [PSYoungGen: 68928K->1392K(69632K)] 402508K->334972K(757760K), 0.0020218 secs] [Times: user=0.00 sys=0.00, real=0.01 secs] 
2757.836: [GC (Allocation Failure) [PSYoungGen: 68947K->1517K(69632K)] 402528K->335097K(757760K), 0.0016540 secs] [Times: user=0.00 sys=0.00, real=0.01 secs] 
2758.231: [GC (Allocation Failure) [PSYoungGen: 69101K->1533K(69632K)] 402681K->335113K(757760K), 0.0016732 secs] [Times: user=0.01 sys=0.00, real=0.00 secs] 
2758.623: [GC (Allocation Failure) [PSYoungGen: 69117K->1613K(69632K)] 402697K->335193K(757760K), 0.0018011 secs] [Times: user=0.01 sys=0.00, real=0.00 secs] 
2759.017: [GC (Allocation Failure) [PSYoungGen: 68742K->320K(69632K)] 402322K->333900K(757760K), 0.0016073 secs] [Times: user=0.01 sys=0.00, real=0.00 secs] 
2760.361: [GC (Allocation Failure) [PSYoungGen: 67904K->1408K(69632K)] 401484K->334988K(757760K), 0.0025151 secs] [Times: user=0.01 sys=0.00, real=0.00 secs] 
2761.050: [GC (Allocation Failure) [PSYoungGen: 68992K->1376K(69632K)] 402572K->334956K(757760K), 0.0033470 secs] [Times: user=0.01 sys=0.00, real=0.00 secs] 
2761.388: [GC (Allocation Failure) [PSYoungGen: 68960K->1376K(69632K)] 402540K->334956K(757760K), 0.0021256 secs] [Times: user=0.01 sys=0.00, real=0.00 secs] 
2761.746: [GC (Allocation Failure) [PSYoungGen: 68960K->1376K(69632K)] 402540K->334972K(757760K), 0.0020788 secs] [Times: user=0.01 sys=0.00, real=0.01 secs] 
2762.147: [GC (Allocation Failure) [PSYoungGen: 68960K->1549K(69632K)] 402556K->335145K(757760K), 0.0016664 secs] [Times: user=0.01 sys=0.00, real=0.01 secs] 
2762.541: [GC (Allocation Failure) [PSYoungGen: 69133K->1581K(69632K)] 402729K->335177K(757760K), 0.0017040 secs] [Times: user=0.01 sys=0.00, real=0.00 secs] 
2762.935: [GC (Allocation Failure) [PSYoungGen: 69165K->1549K(69632K)] 402761K->335145K(757760K), 0.0016711 secs] [Times: user=0.01 sys=0.00, real=0.00 secs] 
2763.395: [GC (Allocation Failure) [PSYoungGen: 69133K->1488K(69632K)] 402729K->335084K(757760K), 0.0018278 secs] [Times: user=0.01 sys=0.00, real=0.00 secs] 
2763.972: [GC (Allocation Failure) [PSYoungGen: 69072K->1408K(69632K)] 402668K->335004K(757760K), 0.0018559 secs] [Times: user=0.01 sys=0.00, real=0.00 secs] 
2764.287: [GC (Allocation Failure) [PSYoungGen: 68992K->1376K(69632K)] 402588K->334972K(757760K), 0.0025593 secs] [Times: user=0.01 sys=0.00, real=0.01 secs] 
2764.573: [GC (Allocation Failure) [PSYoungGen: 68960K->1408K(69632K)] 402556K->335004K(757760K), 0.0020802 secs] [Times: user=0.01 sys=0.00, real=0.00 secs] 
2764.905: [GC (Allocation Failure) [PSYoungGen: 68992K->1517K(69632K)] 402588K->335113K(757760K), 0.0016482 secs] [Times: user=0.01 sys=0.00, real=0.00 secs] 
2765.308: [GC (Allocation Failure) [PSYoungGen: 69101K->1581K(69632K)] 402697K->335177K(757760K), 0.0016735 secs] [Times: user=0.00 sys=0.00, real=0.00 secs] 
2765.701: [GC (Allocation Failure) [PSYoungGen: 69165K->1584K(69632K)] 402761K->335180K(757760K), 0.0016999 secs] [Times: user=0.01 sys=0.00, real=0.00 secs] 
2766.095: [GC (Allocation Failure) [PSYoungGen: 69168K->1581K(69632K)] 402764K->335185K(757760K), 0.0017206 secs] [Times: user=0.01 sys=0.00, real=0.01 secs] 
2766.920: [GC (Allocation Failure) [PSYoungGen: 69165K->1504K(69632K)] 402769K->335108K(757760K), 0.0022013 secs] [Times: user=0.00 sys=0.00, real=0.00 secs] 
2767.589: [GC (Allocation Failure) [PSYoungGen: 69088K->1408K(69632K)] 402692K->335012K(757760K), 0.0032718 secs] [Times: user=0.01 sys=0.00, real=0.00 secs] 
2768.225: [GC (Allocation Failure) [PSYoungGen: 68992K->1408K(69632K)] 402596K->335012K(757760K), 0.0027394 secs] [Times: user=0.01 sys=0.00, real=0.01 secs] 
2768.631: [GC (Allocation Failure) [PSYoungGen: 68992K->1408K(69632K)] 402596K->335012K(757760K), 0.0020239 secs] [Times: user=0.01 sys=0.00, real=0.00 secs] 
2769.023: [GC (Allocation Failure) [PSYoungGen: 68968K->1501K(69632K)] 402573K->335105K(757760K), 0.0016245 secs] [Times: user=0.00 sys=0.00, real=0.00 secs] 
2769.417: [GC (Allocation Failure) [PSYoungGen: 69085K->1613K(69632K)] 402689K->335217K(757760K), 0.0017191 secs] [Times: user=0.00 sys=0.00, real=0.00 secs] 
2769.811: [GC (Allocation Failure) [PSYoungGen: 69197K->1613K(69632K)] 402801K->335217K(757760K), 0.0016741 secs] [Times: user=0.01 sys=0.00, real=0.00 secs] 
2770.216: [GC (Allocation Failure) [PSYoungGen: 69197K->1581K(69632K)] 402801K->335209K(757760K), 0.0016927 secs] [Times: user=0.01 sys=0.00, real=0.01 secs] 
2771.598: [GC (Allocation Failure) [PSYoungGen: 69165K->1440K(69632K)] 402793K->335068K(757760K), 0.0041643 secs] [Times: user=0.01 sys=0.00, real=0.00 secs] 
2772.191: [GC (Allocation Failure) [PSYoungGen: 69024K->1376K(69632K)] 402652K->335004K(757760K), 0.0019883 secs] [Times: user=0.01 sys=0.00, real=0.00 secs] 
2772.477: [GC (Allocation Failure) [PSYoungGen: 68960K->1344K(69632K)] 402588K->334972K(757760K), 0.0020140 secs] [Times: user=0.01 sys=0.00, real=0.00 secs] 
2772.771: [GC (Allocation Failure) [PSYoungGen: 68928K->1408K(69632K)] 402556K->335036K(757760K), 0.0021022 secs] [Times: user=0.01 sys=0.00, real=0.00 secs] 
2773.209: [GC (Allocation Failure) [PSYoungGen: 68992K->1549K(69632K)] 402620K->335177K(757760K), 0.0016300 secs] [Times: user=0.01 sys=0.00, real=0.00 secs] 
2773.602: [GC (Allocation Failure) [PSYoungGen: 69133K->1613K(69632K)] 402761K->335241K(757760K), 0.0016875 secs] [Times: user=0.01 sys=0.00, real=0.00 secs] 
2773.995: [GC (Allocation Failure) [PSYoungGen: 69197K->1581K(69632K)] 402825K->335209K(757760K), 0.0016841 secs] [Times: user=0.01 sys=0.00, real=0.00 secs] 
2774.389: [GC (Allocation Failure) [PSYoungGen: 69165K->1629K(69632K)] 402793K->335273K(757760K), 0.0015952 secs] [Times: user=0.00 sys=0.00, real=0.00 secs] 
2775.157: [GC (Allocation Failure) [PSYoungGen: 69213K->1408K(69632K)] 402857K->335060K(757760K), 0.0020546 secs] [Times: user=0.01 sys=0.00, real=0.01 secs] 
2775.885: [GC (Allocation Failure) [PSYoungGen: 68992K->1376K(69632K)] 402644K->335028K(757760K), 0.0029125 secs] [Times: user=0.02 sys=0.00, real=0.01 secs] 
2776.273: [GC (Allocation Failure) [PSYoungGen: 68960K->1376K(69632K)] 402612K->335028K(757760K), 0.0019268 secs] [Times: user=0.01 sys=0.00, real=0.00 secs] 
2776.872: [GC (Allocation Failure) [PSYoungGen: 68960K->1408K(69632K)] 402612K->335060K(757760K), 0.0023278 secs] [Times: user=0.00 sys=0.00, real=0.00 secs] 
2777.353: [GC (Allocation Failure) [PSYoungGen: 68992K->1533K(69632K)] 402644K->335193K(757760K), 0.0016333 secs] [Times: user=0.01 sys=0.00, real=0.00 secs] 
2777.747: [GC (Allocation Failure) [PSYoungGen: 69117K->1613K(69632K)] 402777K->335273K(757760K), 0.0016620 secs] [Times: user=0.00 sys=0.00, real=0.00 secs] 
2778.141: [GC (Allocation Failure) [PSYoungGen: 69197K->1552K(69632K)] 402857K->335228K(757760K), 0.0017135 secs] [Times: user=0.01 sys=0.00, real=0.00 secs] 
2778.673: [GC (Allocation Failure) [PSYoungGen: 69136K->2016K(69632K)] 402812K->335708K(757760K), 0.0022804 secs] [Times: user=0.01 sys=0.00, real=0.00 secs] 
2779.411: [GC (Allocation Failure) [PSYoungGen: 69600K->1408K(69632K)] 403292K->335100K(757760K), 0.0039388 secs] [Times: user=0.01 sys=0.00, real=0.00 secs] 
2779.839: [GC (Allocation Failure) [PSYoungGen: 68992K->1376K(69632K)] 402684K->335068K(757760K), 0.0020057 secs] [Times: user=0.01 sys=0.00, real=0.00 secs] 
2780.216: [GC (Allocation Failure) [PSYoungGen: 68960K->1376K(69632K)] 402652K->335068K(757760K), 0.0018721 secs] [Times: user=0.00 sys=0.00, real=0.01 secs] 
2780.765: [GC (Allocation Failure) [PSYoungGen: 68960K->1408K(69632K)] 402652K->335100K(757760K), 0.0018479 secs] [Times: user=0.01 sys=0.00, real=0.01 secs] 
2781.190: [GC (Allocation Failure) [PSYoungGen: 68992K->1581K(69632K)] 402684K->335297K(757760K), 0.0015386 secs] [Times: user=0.01 sys=0.01, real=0.00 secs] 
2781.629: [GC (Allocation Failure) [PSYoungGen: 69165K->1584K(69632K)] 402881K->335300K(757760K), 0.0016851 secs] [Times: user=0.01 sys=0.00, real=0.00 secs] 
2782.025: [GC (Allocation Failure) [PSYoungGen: 69168K->1549K(69632K)] 402884K->335265K(757760K), 0.0016321 secs] [Times: user=0.00 sys=0.00, real=0.00 secs] 
2782.564: [GC (Allocation Failure) [PSYoungGen: 69133K->1472K(69632K)] 402849K->335188K(757760K), 0.0033063 secs] [Times: user=0.01 sys=0.00, real=0.01 secs] 
2782.884: [GC (Allocation Failure) [PSYoungGen: 69056K->1376K(69632K)] 402772K->335092K(757760K), 0.0020120 secs] [Times: user=0.01 sys=0.00, real=0.00 secs] 
2783.166: [GC (Allocation Failure) [PSYoungGen: 68960K->1408K(69632K)] 402676K->335124K(757760K), 0.0018770 secs] [Times: user=0.01 sys=0.00, real=0.01 secs] 
2783.457: [GC (Allocation Failure) [PSYoungGen: 68992K->1408K(69632K)] 402708K->335124K(757760K), 0.0027909 secs] [Times: user=0.02 sys=0.00, real=0.01 secs] 
2783.803: [GC (Allocation Failure) [PSYoungGen: 68992K->1517K(69632K)] 402708K->335233K(757760K), 0.0015714 secs] [Times: user=0.00 sys=0.00, real=0.00 secs] 
2784.197: [GC (Allocation Failure) [PSYoungGen: 69101K->1584K(69632K)] 402817K->335300K(757760K), 0.0016570 secs] [Times: user=0.01 sys=0.00, real=0.00 secs] 
2784.593: [GC (Allocation Failure) [PSYoungGen: 69168K->1613K(69632K)] 402884K->335329K(757760K), 0.0017057 secs] [Times: user=0.00 sys=0.00, real=0.00 secs] 
2784.991: [GC (Allocation Failure) [PSYoungGen: 69197K->1584K(69632K)] 402913K->335324K(757760K), 0.0017099 secs] [Times: user=0.00 sys=0.00, real=0.00 secs] 
2785.427: [GC (Allocation Failure) [PSYoungGen: 69168K->1488K(69632K)] 402908K->335228K(757760K), 0.0034107 secs] [Times: user=0.01 sys=0.00, real=0.00 secs] 
2785.730: [GC (Allocation Failure) [PSYoungGen: 69072K->1376K(69632K)] 402812K->335116K(757760K), 0.0020749 secs] [Times: user=0.01 sys=0.00, real=0.00 secs] 
2786.023: [GC (Allocation Failure) [PSYoungGen: 68960K->1408K(69632K)] 402700K->335148K(757760K), 0.0019850 secs] [Times: user=0.00 sys=0.00, real=0.00 secs] 
2786.431: [GC (Allocation Failure) [PSYoungGen: 68992K->1408K(69632K)] 402732K->335148K(757760K), 0.0020359 secs] [Times: user=0.01 sys=0.00, real=0.00 secs] 
2786.850: [GC (Allocation Failure) [PSYoungGen: 68992K->1517K(69632K)] 402732K->335257K(757760K), 0.0015274 secs] [Times: user=0.01 sys=0.00, real=0.00 secs] 
2787.247: [GC (Allocation Failure) [PSYoungGen: 69101K->1549K(69632K)] 402841K->335289K(757760K), 0.0016710 secs] [Times: user=0.01 sys=0.00, real=0.00 secs] 
2787.642: [GC (Allocation Failure) [PSYoungGen: 69133K->1613K(69632K)] 402873K->335353K(757760K), 0.0016856 secs] [Times: user=0.00 sys=0.00, real=0.00 secs] 
2788.037: [GC (Allocation Failure) [PSYoungGen: 69197K->1549K(69632K)] 402937K->335297K(757760K), 0.0016201 secs] [Times: user=0.01 sys=0.00, real=0.00 secs] 
2788.368: [GC (Allocation Failure) [PSYoungGen: 69133K->1424K(69632K)] 402881K->335172K(757760K), 0.0018083 secs] [Times: user=0.00 sys=0.00, real=0.00 secs] 
2788.649: [GC (Allocation Failure) [PSYoungGen: 69008K->1408K(69632K)] 402756K->335156K(757760K), 0.0018235 secs] [Times: user=0.01 sys=0.00, real=0.00 secs] 
2788.930: [GC (Allocation Failure) [PSYoungGen: 68992K->1376K(69632K)] 402740K->335140K(757760K), 0.0014704 secs] [Times: user=0.00 sys=0.00, real=0.00 secs] 
2789.210: [GC (Allocation Failure) [PSYoungGen: 68960K->1408K(69632K)] 402724K->335172K(757760K), 0.0015668 secs] [Times: user=0.01 sys=0.00, real=0.00 secs] 
2789.584: [GC (Allocation Failure) [PSYoungGen: 68992K->1552K(69632K)] 402756K->335316K(757760K), 0.0016802 secs] [Times: user=0.01 sys=0.00, real=0.00 secs] 
2789.980: [GC (Allocation Failure) [PSYoungGen: 69136K->1501K(69632K)] 402900K->335265K(757760K), 0.0050986 secs] [Times: user=0.02 sys=0.00, real=0.00 secs] 
2790.380: [GC (Allocation Failure) [PSYoungGen: 69085K->1552K(69632K)] 402849K->335316K(757760K), 0.0017510 secs] [Times: user=0.00 sys=0.00, real=0.00 secs] 
2790.829: [GC (Allocation Failure) [PSYoungGen: 69136K->1792K(69632K)] 402900K->335556K(757760K), 0.0020772 secs] [Times: user=0.00 sys=0.00, real=0.00 secs] 
2791.107: [GC (Allocation Failure) [PSYoungGen: 69376K->1408K(69632K)] 403140K->335172K(757760K), 0.0018977 secs] [Times: user=0.01 sys=0.00, real=0.00 secs] 
2791.389: [GC (Allocation Failure) [PSYoungGen: 68992K->1408K(69632K)] 402756K->335172K(757760K), 0.0024844 secs] [Times: user=0.01 sys=0.00, real=0.00 secs] 
2791.671: [GC (Allocation Failure) [PSYoungGen: 68992K->1344K(69632K)] 402756K->335108K(757760K), 0.0019074 secs] [Times: user=0.01 sys=0.00, real=0.00 secs] 
2791.971: [GC (Allocation Failure) [PSYoungGen: 68928K->1408K(69632K)] 402692K->335172K(757760K), 0.0017791 secs] [Times: user=0.01 sys=0.00, real=0.00 secs] 
2792.393: [GC (Allocation Failure) [PSYoungGen: 68992K->1549K(69632K)] 402756K->335313K(757760K), 0.0016253 secs] [Times: user=0.01 sys=0.00, real=0.00 secs] 
2792.853: [GC (Allocation Failure) [PSYoungGen: 69133K->1549K(69632K)] 402897K->335313K(757760K), 0.0017891 secs] [Times: user=0.01 sys=0.00, real=0.00 secs] 
2793.245: [GC (Allocation Failure) [PSYoungGen: 69133K->1613K(69632K)] 402897K->335377K(757760K), 0.0016065 secs] [Times: user=0.01 sys=0.00, real=0.01 secs] 
2793.670: [GC (Allocation Failure) [PSYoungGen: 69197K->1488K(69632K)] 402961K->335252K(757760K), 0.0023272 secs] [Times: user=0.01 sys=0.00, real=0.00 secs] 
2794.227: [GC (Allocation Failure) [PSYoungGen: 69072K->1408K(69632K)] 402836K->335172K(757760K), 0.0027477 secs] [Times: user=0.01 sys=0.00, real=0.01 secs] 
2794.863: [GC (Allocation Failure) [PSYoungGen: 68992K->1440K(69632K)] 402756K->335204K(757760K), 0.0027576 secs] [Times: user=0.01 sys=0.00, real=0.00 secs] 
2795.590: [GC (Allocation Failure) [PSYoungGen: 69024K->1376K(69632K)] 402788K->335140K(757760K), 0.0032716 secs] [Times: user=0.02 sys=0.00, real=0.00 secs] 
2796.334: [GC (Allocation Failure) [PSYoungGen: 68960K->1437K(69632K)] 402724K->335201K(757760K), 0.0020573 secs] [Times: user=0.01 sys=0.00, real=0.00 secs] 
2796.763: [GC (Allocation Failure) [PSYoungGen: 69021K->1581K(69632K)] 402785K->335345K(757760K), 0.0017083 secs] [Times: user=0.00 sys=0.00, real=0.00 secs] 
2797.157: [GC (Allocation Failure) [PSYoungGen: 69160K->1549K(69632K)] 402924K->335313K(757760K), 0.0017269 secs] [Times: user=0.01 sys=0.01, real=0.01 secs] 
2797.555: [GC (Allocation Failure) [PSYoungGen: 69133K->1565K(69632K)] 402897K->335337K(757760K), 0.0017051 secs] [Times: user=0.01 sys=0.00, real=0.01 secs] 
2798.078: [GC (Allocation Failure) [PSYoungGen: 69149K->1472K(69632K)] 402921K->335244K(757760K), 0.0016882 secs] [Times: user=0.00 sys=0.00, real=0.00 secs] 
2798.716: [GC (Allocation Failure) [PSYoungGen: 69056K->1376K(69632K)] 402828K->335148K(757760K), 0.0034612 secs] [Times: user=0.02 sys=0.00, real=0.01 secs] 
2799.210: [GC (Allocation Failure) [PSYoungGen: 68960K->1408K(69632K)] 402732K->335180K(757760K), 0.0027550 secs] [Times: user=0.01 sys=0.00, real=0.00 secs] 
2799.748: [GC (Allocation Failure) [PSYoungGen: 68992K->1408K(69632K)] 402764K->335180K(757760K), 0.0023260 secs] [Times: user=0.01 sys=0.00, real=0.00 secs] 
2800.402: [GC (Allocation Failure) [PSYoungGen: 68973K->1453K(69632K)] 402745K->335225K(757760K), 0.0017261 secs] [Times: user=0.01 sys=0.00, real=0.00 secs] 
2800.802: [GC (Allocation Failure) [PSYoungGen: 69037K->1549K(69632K)] 402809K->335321K(757760K), 0.0015263 secs] [Times: user=0.01 sys=0.00, real=0.00 secs] 
2801.199: [GC (Allocation Failure) [PSYoungGen: 69133K->1597K(69632K)] 402905K->335401K(757760K), 0.0016611 secs] [Times: user=0.01 sys=0.00, real=0.00 secs] 
2801.594: [GC (Allocation Failure) [PSYoungGen: 69181K->1581K(69632K)] 402985K->335401K(757760K), 0.0016882 secs] [Times: user=0.01 sys=0.00, real=0.00 secs] 
2802.001: [GC (Allocation Failure) [PSYoungGen: 69165K->1440K(69632K)] 402985K->335260K(757760K), 0.0019476 secs] [Times: user=0.01 sys=0.00, real=0.00 secs] 
2802.321: [GC (Allocation Failure) [PSYoungGen: 69024K->1376K(69632K)] 402844K->335196K(757760K), 0.0017736 secs] [Times: user=0.01 sys=0.00, real=0.00 secs] 
2802.616: [GC (Allocation Failure) [PSYoungGen: 68960K->1408K(69632K)] 402780K->335228K(757760K), 0.0027882 secs] [Times: user=0.01 sys=0.00, real=0.01 secs] 
2802.901: [GC (Allocation Failure) [PSYoungGen: 68992K->1376K(69632K)] 402812K->335196K(757760K), 0.0021986 secs] [Times: user=0.00 sys=0.00, real=0.00 secs] 
2803.316: [GC (Allocation Failure) [PSYoungGen: 68940K->1533K(69632K)] 402760K->335353K(757760K), 0.0016465 secs] [Times: user=0.00 sys=0.00, real=0.01 secs] 
2803.712: [GC (Allocation Failure) [PSYoungGen: 69117K->1549K(69632K)] 402937K->335369K(757760K), 0.0017282 secs] [Times: user=0.00 sys=0.00, real=0.00 secs] 
2804.104: [GC (Allocation Failure) [PSYoungGen: 69133K->1581K(69632K)] 402953K->335401K(757760K), 0.0016822 secs] [Times: user=0.01 sys=0.00, real=0.00 secs] 
2804.500: [GC (Allocation Failure) [PSYoungGen: 69165K->1581K(69632K)] 402985K->335425K(757760K), 0.0018406 secs] [Times: user=0.01 sys=0.00, real=0.00 secs] 
2804.963: [GC (Allocation Failure) [PSYoungGen: 69165K->1408K(69632K)] 403009K->335252K(757760K), 0.0018772 secs] [Times: user=0.01 sys=0.00, real=0.00 secs] 
2805.291: [GC (Allocation Failure) [PSYoungGen: 68992K->1408K(69632K)] 402836K->335252K(757760K), 0.0020286 secs] [Times: user=0.01 sys=0.00, real=0.00 secs] 
2805.596: [GC (Allocation Failure) [PSYoungGen: 68992K->1392K(69632K)] 402836K->335236K(757760K), 0.0020758 secs] [Times: user=0.01 sys=0.00, real=0.01 secs] 
2806.024: [GC (Allocation Failure) [PSYoungGen: 68976K->1408K(69632K)] 402820K->335252K(757760K), 0.0022492 secs] [Times: user=0.00 sys=0.00, real=0.00 secs] 
2806.476: [GC (Allocation Failure) [PSYoungGen: 68992K->1565K(69632K)] 402836K->335409K(757760K), 0.0016571 secs] [Times: user=0.01 sys=0.00, real=0.01 secs] 
2806.930: [GC (Allocation Failure) [PSYoungGen: 69149K->1581K(69632K)] 402993K->335425K(757760K), 0.0017356 secs] [Times: user=0.01 sys=0.00, real=0.00 secs] 
2807.331: [GC (Allocation Failure) [PSYoungGen: 69165K->1565K(69632K)] 403009K->335409K(757760K), 0.0018202 secs] [Times: user=0.01 sys=0.00, real=0.00 secs] 
2807.968: [GC (Allocation Failure) [PSYoungGen: 69149K->1488K(69632K)] 402993K->335332K(757760K), 0.0029029 secs] [Times: user=0.01 sys=0.00, real=0.00 secs] 
2808.770: [GC (Allocation Failure) [PSYoungGen: 69072K->1408K(69632K)] 402916K->335252K(757760K), 0.0027882 secs] [Times: user=0.01 sys=0.00, real=0.00 secs] 
2809.114: [GC (Allocation Failure) [PSYoungGen: 68992K->1376K(69632K)] 402836K->335220K(757760K), 0.0018239 secs] [Times: user=0.01 sys=0.00, real=0.00 secs] 
2809.588: [GC (Allocation Failure) [PSYoungGen: 68960K->1408K(69632K)] 402804K->335252K(757760K), 0.0024773 secs] [Times: user=0.01 sys=0.00, real=0.00 secs] 
2810.109: [GC (Allocation Failure) [PSYoungGen: 68986K->1469K(69632K)] 402830K->335337K(757760K), 0.0026175 secs] [Times: user=0.01 sys=0.00, real=0.00 secs] 
2810.570: [GC (Allocation Failure) [PSYoungGen: 69053K->1552K(69632K)] 402921K->335420K(757760K), 0.0016923 secs] [Times: user=0.01 sys=0.00, real=0.00 secs] 
2810.961: [GC (Allocation Failure) [PSYoungGen: 69130K->1517K(69632K)] 402998K->335385K(757760K), 0.0016824 secs] [Times: user=0.00 sys=0.00, real=0.00 secs] 
2811.369: [GC (Allocation Failure) [PSYoungGen: 69101K->1565K(69632K)] 402969K->335433K(757760K), 0.0016623 secs] [Times: user=0.01 sys=0.00, real=0.00 secs] 
2811.942: [GC (Allocation Failure) [PSYoungGen: 69149K->1472K(69632K)] 403017K->335340K(757760K), 0.0016067 secs] [Times: user=0.00 sys=0.00, real=0.00 secs] 
2812.356: [GC (Allocation Failure) [PSYoungGen: 69056K->1408K(69632K)] 402924K->335276K(757760K), 0.0015474 secs] [Times: user=0.01 sys=0.00, real=0.01 secs] 
2812.636: [GC (Allocation Failure) [PSYoungGen: 68992K->1376K(69632K)] 402860K->335244K(757760K), 0.0021472 secs] [Times: user=0.01 sys=0.00, real=0.01 secs] 
2812.918: [GC (Allocation Failure) [PSYoungGen: 68960K->1408K(69632K)] 402828K->335276K(757760K), 0.0018574 secs] [Times: user=0.01 sys=0.00, real=0.00 secs] 
2813.256: [GC (Allocation Failure) [PSYoungGen: 68992K->1469K(69632K)] 402860K->335337K(757760K), 0.0015417 secs] [Times: user=0.00 sys=0.00, real=0.01 secs] 
2813.651: [GC (Allocation Failure) [PSYoungGen: 69053K->1549K(69632K)] 402921K->335417K(757760K), 0.0016654 secs] [Times: user=0.01 sys=0.00, real=0.00 secs] 
2814.045: [GC (Allocation Failure) [PSYoungGen: 69133K->1645K(69632K)] 403001K->335513K(757760K), 0.0016892 secs] [Times: user=0.01 sys=0.00, real=0.00 secs] 
2814.438: [GC (Allocation Failure) [PSYoungGen: 69229K->1581K(69632K)] 403097K->335465K(757760K), 0.0016275 secs] [Times: user=0.01 sys=0.01, real=0.00 secs] 
2815.664: [GC (Allocation Failure) [PSYoungGen: 69165K->1456K(69632K)] 403049K->335340K(757760K), 0.0030138 secs] [Times: user=0.01 sys=0.00, real=0.01 secs] 
2816.372: [GC (Allocation Failure) [PSYoungGen: 69040K->1392K(69632K)] 402924K->335276K(757760K), 0.0027407 secs] [Times: user=0.01 sys=0.00, real=0.00 secs] 
2816.805: [GC (Allocation Failure) [PSYoungGen: 68976K->1376K(69632K)] 402860K->335260K(757760K), 0.0018813 secs] [Times: user=0.01 sys=0.00, real=0.00 secs] 
2817.086: [GC (Allocation Failure) [PSYoungGen: 68960K->1344K(69632K)] 402844K->335228K(757760K), 0.0018892 secs] [Times: user=0.01 sys=0.00, real=0.01 secs] 
2817.485: [GC (Allocation Failure) [PSYoungGen: 68928K->1581K(69632K)] 402812K->335465K(757760K), 0.0016304 secs] [Times: user=0.01 sys=0.00, real=0.00 secs] 
2817.882: [GC (Allocation Failure) [PSYoungGen: 69165K->1613K(69632K)] 403049K->335497K(757760K), 0.0016863 secs] [Times: user=0.01 sys=0.00, real=0.00 secs] 
2818.275: [GC (Allocation Failure) [PSYoungGen: 69197K->1584K(69632K)] 403081K->335468K(757760K), 0.0017721 secs] [Times: user=0.00 sys=0.00, real=0.00 secs] 
2818.669: [GC (Allocation Failure) [PSYoungGen: 69168K->1629K(69632K)] 403052K->335521K(757760K), 0.0016651 secs] [Times: user=0.01 sys=0.00, real=0.00 secs] 
2819.543: [GC (Allocation Failure) [PSYoungGen: 69213K->1472K(69632K)] 403105K->335364K(757760K), 0.0028479 secs] [Times: user=0.01 sys=0.00, real=0.00 secs] 
2820.131: [GC (Allocation Failure) [PSYoungGen: 69056K->1440K(69632K)] 402948K->335332K(757760K), 0.0027416 secs] [Times: user=0.01 sys=0.00, real=0.00 secs] 
2820.686: [GC (Allocation Failure) [PSYoungGen: 69024K->1376K(69632K)] 402916K->335268K(757760K), 0.0032102 secs] [Times: user=0.02 sys=0.00, real=0.01 secs] 
2820.969: [GC (Allocation Failure) [PSYoungGen: 68960K->1376K(69632K)] 402852K->335292K(757760K), 0.0025616 secs] [Times: user=0.01 sys=0.00, real=0.00 secs] 
2821.384: [GC (Allocation Failure) [PSYoungGen: 68931K->1517K(69632K)] 402847K->335433K(757760K), 0.0015786 secs] [Times: user=0.00 sys=0.00, real=0.00 secs] 
2821.781: [GC (Allocation Failure) [PSYoungGen: 69101K->1581K(69632K)] 403017K->335497K(757760K), 0.0016990 secs] [Times: user=0.01 sys=0.00, real=0.00 secs] 
2822.173: [GC (Allocation Failure) [PSYoungGen: 69165K->1613K(69632K)] 403081K->335529K(757760K), 0.0016169 secs] [Times: user=0.00 sys=0.00, real=0.00 secs] 
2823.131: [GC (Allocation Failure) [PSYoungGen: 69197K->2016K(69632K)] 403113K->335932K(757760K), 0.0040647 secs] [Times: user=0.02 sys=0.00, real=0.00 secs] 
2824.625: [GC (Allocation Failure) [PSYoungGen: 69600K->1408K(69632K)] 403516K->335324K(757760K), 0.0038395 secs] [Times: user=0.01 sys=0.00, real=0.01 secs] 
2825.312: [GC (Allocation Failure) [PSYoungGen: 68992K->1376K(69632K)] 402908K->335292K(757760K), 0.0021306 secs] [Times: user=0.01 sys=0.01, real=0.00 secs] 
2825.839: [GC (Allocation Failure) [PSYoungGen: 68960K->1376K(69632K)] 402876K->335292K(757760K), 0.0020567 secs] [Times: user=0.01 sys=0.00, real=0.00 secs] 
2826.370: [GC (Allocation Failure) [PSYoungGen: 68960K->1408K(69632K)] 402876K->335324K(757760K), 0.0020309 secs] [Times: user=0.00 sys=0.00, real=0.00 secs] 
2826.839: [GC (Allocation Failure) [PSYoungGen: 68983K->1565K(69632K)] 402899K->335481K(757760K), 0.0017022 secs] [Times: user=0.01 sys=0.00, real=0.00 secs] 
2827.233: [GC (Allocation Failure) [PSYoungGen: 69149K->1597K(69632K)] 403065K->335513K(757760K), 0.0015827 secs] [Times: user=0.00 sys=0.00, real=0.00 secs] 
2827.629: [GC (Allocation Failure) [PSYoungGen: 69181K->1552K(69632K)] 403097K->335468K(757760K), 0.0017319 secs] [Times: user=0.01 sys=0.00, real=0.00 secs] 
2828.087: [GC (Allocation Failure) [PSYoungGen: 69136K->1504K(69632K)] 403052K->335420K(757760K), 0.0017990 secs] [Times: user=0.01 sys=0.01, real=0.01 secs] 
2828.426: [GC (Allocation Failure) [PSYoungGen: 69088K->1376K(69632K)] 403004K->335292K(757760K), 0.0021065 secs] [Times: user=0.01 sys=0.00, real=0.01 secs] 
2828.759: [GC (Allocation Failure) [PSYoungGen: 68960K->1376K(69632K)] 402876K->335292K(757760K), 0.0020943 secs] [Times: user=0.01 sys=0.00, real=0.00 secs] 
2829.051: [GC (Allocation Failure) [PSYoungGen: 68960K->1392K(69632K)] 402876K->335308K(757760K), 0.0020732 secs] [Times: user=0.01 sys=0.00, real=0.00 secs] 
2829.384: [GC (Allocation Failure) [PSYoungGen: 68976K->1485K(69632K)] 402892K->335401K(757760K), 0.0016694 secs] [Times: user=0.00 sys=0.00, real=0.00 secs] 
2829.779: [GC (Allocation Failure) [PSYoungGen: 69069K->1565K(69632K)] 402985K->335481K(757760K), 0.0016999 secs] [Times: user=0.01 sys=0.00, real=0.00 secs] 
2830.177: [GC (Allocation Failure) [PSYoungGen: 69149K->1584K(69632K)] 403065K->335500K(757760K), 0.0016976 secs] [Times: user=0.01 sys=0.00, real=0.00 secs] 
2830.572: [GC (Allocation Failure) [PSYoungGen: 69168K->1613K(69632K)] 403084K->335545K(757760K), 0.0015590 secs] [Times: user=0.01 sys=0.00, real=0.00 secs] 
2830.934: [GC (Allocation Failure) [PSYoungGen: 69197K->1440K(69632K)] 403129K->335388K(757760K), 0.0019384 secs] [Times: user=0.00 sys=0.00, real=0.00 secs] 
2831.215: [GC (Allocation Failure) [PSYoungGen: 69024K->1376K(69632K)] 402972K->335324K(757760K), 0.0018834 secs] [Times: user=0.01 sys=0.00, real=0.01 secs] 
2831.496: [GC (Allocation Failure) [PSYoungGen: 68960K->1408K(69632K)] 402908K->335356K(757760K), 0.0019048 secs] [Times: user=0.01 sys=0.00, real=0.01 secs] 
2831.777: [GC (Allocation Failure) [PSYoungGen: 68992K->1392K(69632K)] 402940K->335340K(757760K), 0.0020777 secs] [Times: user=0.01 sys=0.00, real=0.00 secs] 
2832.137: [GC (Allocation Failure) [PSYoungGen: 68976K->1485K(69632K)] 402924K->335433K(757760K), 0.0016463 secs] [Times: user=0.00 sys=0.00, real=0.01 secs] 
2832.532: [GC (Allocation Failure) [PSYoungGen: 69069K->1613K(69632K)] 403017K->335561K(757760K), 0.0016444 secs] [Times: user=0.01 sys=0.00, real=0.00 secs] 
2832.929: [GC (Allocation Failure) [PSYoungGen: 69197K->1549K(69632K)] 403145K->335497K(757760K), 0.0016924 secs] [Times: user=0.01 sys=0.00, real=0.00 secs] 
2833.323: [GC (Allocation Failure) [PSYoungGen: 69133K->1613K(69632K)] 403081K->335577K(757760K), 0.0019429 secs] [Times: user=0.00 sys=0.00, real=0.00 secs] 
2833.803: [GC (Allocation Failure) [PSYoungGen: 69197K->1424K(69632K)] 403161K->335388K(757760K), 0.0019696 secs] [Times: user=0.01 sys=0.00, real=0.00 secs] 
2834.296: [GC (Allocation Failure) [PSYoungGen: 69008K->1408K(69632K)] 402972K->335372K(757760K), 0.0019520 secs] [Times: user=0.00 sys=0.00, real=0.01 secs] 
2834.870: [GC (Allocation Failure) [PSYoungGen: 68992K->1408K(69632K)] 402956K->335372K(757760K), 0.0027794 secs] [Times: user=0.01 sys=0.00, real=0.00 secs] 
2835.774: [GC (Allocation Failure) [PSYoungGen: 68992K->1408K(69632K)] 402956K->335372K(757760K), 0.0032779 secs] [Times: user=0.02 sys=0.00, real=0.01 secs] 
2836.463: [GC (Allocation Failure) [PSYoungGen: 68970K->1552K(69632K)] 402934K->335516K(757760K), 0.0016040 secs] [Times: user=0.00 sys=0.00, real=0.00 secs] 
2836.857: [GC (Allocation Failure) [PSYoungGen: 69136K->1581K(69632K)] 403100K->335545K(757760K), 0.0017228 secs] [Times: user=0.01 sys=0.00, real=0.01 secs] 
2837.310: [GC (Allocation Failure) [PSYoungGen: 69165K->1536K(69632K)] 403129K->335500K(757760K), 0.0018598 secs] [Times: user=0.00 sys=0.00, real=0.00 secs] 
2837.758: [GC (Allocation Failure) [PSYoungGen: 68834K->320K(69632K)] 402798K->334284K(757760K), 0.0016799 secs] [Times: user=0.00 sys=0.00, real=0.00 secs] 
2838.492: [GC (Allocation Failure) [PSYoungGen: 67904K->1408K(69632K)] 401868K->335372K(757760K), 0.0021005 secs] [Times: user=0.01 sys=0.00, real=0.00 secs] 
2838.996: [GC (Allocation Failure) [PSYoungGen: 68992K->1376K(69632K)] 402956K->335340K(757760K), 0.0028942 secs] [Times: user=0.01 sys=0.00, real=0.01 secs] 
2839.380: [GC (Allocation Failure) [PSYoungGen: 68960K->1408K(69632K)] 402924K->335372K(757760K), 0.0021199 secs] [Times: user=0.01 sys=0.00, real=0.00 secs] 
2839.987: [GC (Allocation Failure) [PSYoungGen: 68992K->1344K(69632K)] 402956K->335308K(757760K), 0.0036436 secs] [Times: user=0.01 sys=0.00, real=0.01 secs] 
2840.554: [GC (Allocation Failure) [PSYoungGen: 68928K->1581K(69632K)] 402892K->335545K(757760K), 0.0015528 secs] [Times: user=0.01 sys=0.00, real=0.00 secs] 
2840.947: [GC (Allocation Failure) [PSYoungGen: 69138K->1549K(69632K)] 403102K->335513K(757760K), 0.0017713 secs] [Times: user=0.01 sys=0.00, real=0.01 secs] 
2841.343: [GC (Allocation Failure) [PSYoungGen: 69133K->1581K(69632K)] 403097K->335569K(757760K), 0.0017300 secs] [Times: user=0.00 sys=0.00, real=0.00 secs] 
2841.848: [GC (Allocation Failure) [PSYoungGen: 69165K->1504K(69632K)] 403153K->335492K(757760K), 0.0018203 secs] [Times: user=0.01 sys=0.00, real=0.00 secs] 
2842.790: [GC (Allocation Failure) [PSYoungGen: 69088K->1408K(69632K)] 403076K->335396K(757760K), 0.0038690 secs] [Times: user=0.02 sys=0.00, real=0.00 secs] 
2843.641: [GC (Allocation Failure) [PSYoungGen: 68992K->1376K(69632K)] 402980K->335364K(757760K), 0.0030238 secs] [Times: user=0.01 sys=0.00, real=0.00 secs] 
2844.373: [GC (Allocation Failure) [PSYoungGen: 68960K->1392K(69632K)] 402948K->335380K(757760K), 0.0033486 secs] [Times: user=0.02 sys=0.00, real=0.00 secs] 
2845.140: [GC (Allocation Failure) [PSYoungGen: 68976K->1437K(69632K)] 402964K->335425K(757760K), 0.0024501 secs] [Times: user=0.01 sys=0.00, real=0.00 secs] 
2845.675: [GC (Allocation Failure) [PSYoungGen: 69021K->1581K(69632K)] 403009K->335569K(757760K), 0.0018221 secs] [Times: user=0.01 sys=0.00, real=0.01 secs] 
2846.067: [GC (Allocation Failure) [PSYoungGen: 69165K->1645K(69632K)] 403153K->335633K(757760K), 0.0018003 secs] [Times: user=0.01 sys=0.00, real=0.01 secs] 
2846.518: [GC (Allocation Failure) [PSYoungGen: 69229K->1581K(69632K)] 403217K->335577K(757760K), 0.0018349 secs] [Times: user=0.01 sys=0.00, real=0.00 secs] 
2847.617: [GC (Allocation Failure) [PSYoungGen: 69165K->1488K(69632K)] 403161K->335484K(757760K), 0.0033025 secs] [Times: user=0.01 sys=0.00, real=0.00 secs] 
2848.752: [GC (Allocation Failure) [PSYoungGen: 69072K->1408K(69632K)] 403068K->335404K(757760K), 0.0032741 secs] [Times: user=0.01 sys=0.00, real=0.00 secs] 
2849.572: [GC (Allocation Failure) [PSYoungGen: 68992K->1408K(69632K)] 402988K->335404K(757760K), 0.0031248 secs] [Times: user=0.02 sys=0.00, real=0.00 secs] 
2850.430: [GC (Allocation Failure) [PSYoungGen: 68992K->1408K(69632K)] 402988K->335404K(757760K), 0.0035081 secs] [Times: user=0.02 sys=0.00, real=0.00 secs] 
2851.245: [GC (Allocation Failure) [PSYoungGen: 68971K->1533K(69632K)] 402968K->335529K(757760K), 0.0018806 secs] [Times: user=0.00 sys=0.00, real=0.01 secs] 
2851.642: [GC (Allocation Failure) [PSYoungGen: 69117K->1581K(69632K)] 403113K->335577K(757760K), 0.0017004 secs] [Times: user=0.01 sys=0.00, real=0.00 secs] 
2852.038: [GC (Allocation Failure) [PSYoungGen: 69165K->1472K(69632K)] 403161K->335468K(757760K), 0.0015333 secs] [Times: user=0.00 sys=0.00, real=0.00 secs] 
2852.438: [GC (Allocation Failure) [PSYoungGen: 69056K->1517K(69632K)] 403052K->335521K(757760K), 0.0017222 secs] [Times: user=0.01 sys=0.00, real=0.00 secs] 
2853.041: [GC (Allocation Failure) [PSYoungGen: 69101K->1440K(69632K)] 403105K->335444K(757760K), 0.0018192 secs] [Times: user=0.01 sys=0.00, real=0.00 secs] 
2853.669: [GC (Allocation Failure) [PSYoungGen: 69024K->1408K(69632K)] 403028K->335420K(757760K), 0.0021436 secs] [Times: user=0.01 sys=0.00, real=0.00 secs] 
2854.144: [GC (Allocation Failure) [PSYoungGen: 68992K->1376K(69632K)] 403004K->335388K(757760K), 0.0022179 secs] [Times: user=0.01 sys=0.00, real=0.00 secs] 
2854.433: [GC (Allocation Failure) [PSYoungGen: 68960K->1376K(69632K)] 402972K->335388K(757760K), 0.0019808 secs] [Times: user=0.00 sys=0.00, real=0.00 secs] 
2854.824: [GC (Allocation Failure) [PSYoungGen: 68960K->1549K(69632K)] 402972K->335561K(757760K), 0.0016449 secs] [Times: user=0.01 sys=0.00, real=0.00 secs] 
2855.219: [GC (Allocation Failure) [PSYoungGen: 69133K->1613K(69632K)] 403145K->335625K(757760K), 0.0017164 secs] [Times: user=0.01 sys=0.00, real=0.00 secs] 
2855.610: [GC (Allocation Failure) [PSYoungGen: 69197K->1613K(69632K)] 403209K->335625K(757760K), 0.0016629 secs] [Times: user=0.01 sys=0.00, real=0.00 secs] 
2856.006: [GC (Allocation Failure) [PSYoungGen: 69197K->1613K(69632K)] 403209K->335641K(757760K), 0.0017115 secs] [Times: user=0.00 sys=0.00, real=0.01 secs] 
2856.971: [GC (Allocation Failure) [PSYoungGen: 69197K->1408K(69632K)] 403225K->335436K(757760K), 0.0019234 secs] [Times: user=0.00 sys=0.00, real=0.00 secs] 
2857.272: [GC (Allocation Failure) [PSYoungGen: 68992K->1376K(69632K)] 403020K->335404K(757760K), 0.0020958 secs] [Times: user=0.01 sys=0.00, real=0.00 secs] 
2857.688: [GC (Allocation Failure) [PSYoungGen: 68960K->1408K(69632K)] 402988K->335436K(757760K), 0.0020028 secs] [Times: user=0.01 sys=0.00, real=0.00 secs] 
2857.969: [GC (Allocation Failure) [PSYoungGen: 68992K->1408K(69632K)] 403020K->335436K(757760K), 0.0020096 secs] [Times: user=0.01 sys=0.00, real=0.00 secs] 
2858.368: [GC (Allocation Failure) [PSYoungGen: 68992K->1549K(69632K)] 403020K->335577K(757760K), 0.0016533 secs] [Times: user=0.01 sys=0.00, real=0.00 secs] 
2858.762: [GC (Allocation Failure) [PSYoungGen: 69133K->1552K(69632K)] 403161K->335580K(757760K), 0.0015987 secs] [Times: user=0.01 sys=0.00, real=0.00 secs] 
2859.154: [GC (Allocation Failure) [PSYoungGen: 69136K->1549K(69632K)] 403164K->335577K(757760K), 0.0017051 secs] [Times: user=0.01 sys=0.00, real=0.00 secs] 
2859.650: [GC (Allocation Failure) [PSYoungGen: 69133K->2016K(69632K)] 403161K->336060K(757760K), 0.0020222 secs] [Times: user=0.01 sys=0.00, real=0.00 secs] 
2860.457: [GC (Allocation Failure) [PSYoungGen: 69600K->1440K(69632K)] 403644K->335492K(757760K), 0.0036934 secs] [Times: user=0.01 sys=0.00, real=0.00 secs] 
2861.377: [GC (Allocation Failure) [PSYoungGen: 69024K->1408K(69632K)] 403076K->335460K(757760K), 0.0041849 secs] [Times: user=0.02 sys=0.00, real=0.00 secs] 
2862.162: [GC (Allocation Failure) [PSYoungGen: 68992K->1344K(69632K)] 403044K->335396K(757760K), 0.0039031 secs] [Times: user=0.02 sys=0.00, real=0.00 secs] 
2863.110: [GC (Allocation Failure) [PSYoungGen: 68928K->1360K(69632K)] 402980K->335412K(757760K), 0.0035167 secs] [Times: user=0.01 sys=0.00, real=0.00 secs] 
2863.689: [GC (Allocation Failure) [PSYoungGen: 68944K->1549K(69632K)] 402996K->335601K(757760K), 0.0017494 secs] [Times: user=0.00 sys=0.00, real=0.00 secs] 
2864.084: [GC (Allocation Failure) [PSYoungGen: 69133K->1552K(69632K)] 403185K->335604K(757760K), 0.0017914 secs] [Times: user=0.00 sys=0.00, real=0.00 secs] 
2864.476: [GC (Allocation Failure) [PSYoungGen: 69136K->1565K(69632K)] 403188K->335617K(757760K), 0.0017955 secs] [Times: user=0.01 sys=0.00, real=0.01 secs] 
2865.069: [GC (Allocation Failure) [PSYoungGen: 69149K->1488K(69632K)] 403201K->335556K(757760K), 0.0036133 secs] [Times: user=0.01 sys=0.00, real=0.00 secs] 
2865.456: [GC (Allocation Failure) [PSYoungGen: 69072K->1376K(69632K)] 403140K->335444K(757760K), 0.0020030 secs] [Times: user=0.01 sys=0.00, real=0.01 secs] 
2866.154: [GC (Allocation Failure) [PSYoungGen: 68960K->1440K(69632K)] 403028K->335508K(757760K), 0.0024107 secs] [Times: user=0.01 sys=0.00, real=0.00 secs] 
2866.993: [GC (Allocation Failure) [PSYoungGen: 69024K->1408K(69632K)] 403092K->335476K(757760K), 0.0033307 secs] [Times: user=0.01 sys=0.00, real=0.00 secs] 
2867.962: [GC (Allocation Failure) [PSYoungGen: 68968K->1501K(69632K)] 403036K->335569K(757760K), 0.0018220 secs] [Times: user=0.01 sys=0.00, real=0.00 secs] 
2868.378: [GC (Allocation Failure) [PSYoungGen: 69085K->1613K(69632K)] 403153K->335681K(757760K), 0.0017150 secs] [Times: user=0.01 sys=0.00, real=0.00 secs] 
2868.770: [GC (Allocation Failure) [PSYoungGen: 69197K->1536K(69632K)] 403265K->335604K(757760K), 0.0017446 secs] [Times: user=0.00 sys=0.00, real=0.00 secs] 
2869.164: [GC (Allocation Failure) [PSYoungGen: 69120K->1581K(69632K)] 403188K->335665K(757760K), 0.0017850 secs] [Times: user=0.01 sys=0.00, real=0.00 secs] 
2870.082: [GC (Allocation Failure) [PSYoungGen: 69165K->1424K(69632K)] 403249K->335508K(757760K), 0.0032706 secs] [Times: user=0.01 sys=0.00, real=0.00 secs] 
2870.399: [GC (Allocation Failure) [PSYoungGen: 69008K->1408K(69632K)] 403092K->335492K(757760K), 0.0022047 secs] [Times: user=0.00 sys=0.00, real=0.00 secs] 
2870.720: [GC (Allocation Failure) [PSYoungGen: 68992K->1408K(69632K)] 403076K->335492K(757760K), 0.0019831 secs] [Times: user=0.01 sys=0.00, real=0.00 secs] 
2871.048: [GC (Allocation Failure) [PSYoungGen: 68992K->1360K(69632K)] 403076K->335444K(757760K), 0.0020990 secs] [Times: user=0.01 sys=0.00, real=0.00 secs] 
2871.411: [GC (Allocation Failure) [PSYoungGen: 68924K->1549K(69632K)] 403008K->335665K(757760K), 0.0015309 secs] [Times: user=0.00 sys=0.00, real=0.00 secs] 
2871.805: [GC (Allocation Failure) [PSYoungGen: 69133K->1565K(69632K)] 403249K->335681K(757760K), 0.0016777 secs] [Times: user=0.01 sys=0.00, real=0.01 secs] 
2872.198: [GC (Allocation Failure) [PSYoungGen: 69149K->1613K(69632K)] 403265K->335729K(757760K), 0.0016950 secs] [Times: user=0.00 sys=0.00, real=0.00 secs] 
2872.601: [GC (Allocation Failure) [PSYoungGen: 69197K->1613K(69632K)] 403313K->335745K(757760K), 0.0015959 secs] [Times: user=0.01 sys=0.01, real=0.00 secs] 
2873.932: [GC (Allocation Failure) [PSYoungGen: 69197K->1424K(69632K)] 403329K->335556K(757760K), 0.0035930 secs] [Times: user=0.01 sys=0.00, real=0.00 secs] 
2874.721: [GC (Allocation Failure) [PSYoungGen: 69008K->1408K(69632K)] 403140K->335540K(757760K), 0.0025740 secs] [Times: user=0.01 sys=0.00, real=0.00 secs] 
2875.233: [GC (Allocation Failure) [PSYoungGen: 68992K->1376K(69632K)] 403124K->335508K(757760K), 0.0022541 secs] [Times: user=0.01 sys=0.00, real=0.00 secs] 
2875.869: [GC (Allocation Failure) [PSYoungGen: 68960K->1376K(69632K)] 403092K->335508K(757760K), 0.0027334 secs] [Times: user=0.01 sys=0.00, real=0.00 secs] 
2876.477: [GC (Allocation Failure) [PSYoungGen: 68960K->1517K(69632K)] 403092K->335649K(757760K), 0.0016198 secs] [Times: user=0.00 sys=0.00, real=0.00 secs] 
2876.932: [GC (Allocation Failure) [PSYoungGen: 69101K->1597K(69632K)] 403233K->335729K(757760K), 0.0017522 secs] [Times: user=0.01 sys=0.00, real=0.00 secs] 
2877.326: [GC (Allocation Failure) [PSYoungGen: 69181K->1581K(69632K)] 403313K->335713K(757760K), 0.0018346 secs] [Times: user=0.01 sys=0.00, real=0.01 secs] 
2877.717: [GC (Allocation Failure) [PSYoungGen: 68825K->352K(69632K)] 402957K->334484K(757760K), 0.0015902 secs] [Times: user=0.00 sys=0.00, real=0.00 secs] 
2879.007: [GC (Allocation Failure) [PSYoungGen: 67936K->1392K(69632K)] 402068K->335524K(757760K), 0.0032109 secs] [Times: user=0.01 sys=0.00, real=0.01 secs] 
2879.647: [GC (Allocation Failure) [PSYoungGen: 68976K->1376K(69632K)] 403108K->335508K(757760K), 0.0030196 secs] [Times: user=0.01 sys=0.01, real=0.00 secs] 
2880.218: [GC (Allocation Failure) [PSYoungGen: 68960K->1408K(69632K)] 403092K->335540K(757760K), 0.0032588 secs] [Times: user=0.02 sys=0.00, real=0.00 secs] 
2880.819: [GC (Allocation Failure) [PSYoungGen: 68992K->1424K(69632K)] 403124K->335556K(757760K), 0.0030932 secs] [Times: user=0.01 sys=0.00, real=0.00 secs] 
2881.445: [GC (Allocation Failure) [PSYoungGen: 68987K->1616K(69632K)] 403119K->335748K(757760K), 0.0017721 secs] [Times: user=0.01 sys=0.00, real=0.00 secs] 
2881.902: [GC (Allocation Failure) [PSYoungGen: 69200K->1581K(69632K)] 403332K->335713K(757760K), 0.0015995 secs] [Times: user=0.01 sys=0.00, real=0.00 secs] 
2882.296: [GC (Allocation Failure) [PSYoungGen: 69165K->1549K(69632K)] 403297K->335681K(757760K), 0.0017893 secs] [Times: user=0.01 sys=0.00, real=0.01 secs] 
2882.674: [GC (Allocation Failure) [PSYoungGen: 69133K->1472K(69632K)] 403265K->335628K(757760K), 0.0020507 secs] [Times: user=0.01 sys=0.00, real=0.00 secs] 
2882.955: [GC (Allocation Failure) [PSYoungGen: 69056K->1376K(69632K)] 403212K->335532K(757760K), 0.0018755 secs] [Times: user=0.01 sys=0.00, real=0.01 secs] 
2883.236: [GC (Allocation Failure) [PSYoungGen: 68960K->1408K(69632K)] 403116K->335564K(757760K), 0.0019556 secs] [Times: user=0.01 sys=0.00, real=0.01 secs] 
2883.517: [GC (Allocation Failure) [PSYoungGen: 68992K->1424K(69632K)] 403148K->335580K(757760K), 0.0018088 secs] [Times: user=0.00 sys=0.00, real=0.01 secs] 
2883.833: [GC (Allocation Failure) [PSYoungGen: 69008K->1504K(69632K)] 403164K->335660K(757760K), 0.0015561 secs] [Times: user=0.00 sys=0.00, real=0.00 secs] 
2884.229: [GC (Allocation Failure) [PSYoungGen: 69066K->1549K(69632K)] 403223K->335705K(757760K), 0.0015675 secs] [Times: user=0.00 sys=0.00, real=0.00 secs] 
2884.623: [GC (Allocation Failure) [PSYoungGen: 69133K->1584K(69632K)] 403289K->335740K(757760K), 0.0017237 secs] [Times: user=0.01 sys=0.00, real=0.00 secs] 
2885.016: [GC (Allocation Failure) [PSYoungGen: 69168K->1581K(69632K)] 403324K->335745K(757760K), 0.0017147 secs] [Times: user=0.00 sys=0.00, real=0.01 secs] 
2885.359: [GC (Allocation Failure) [PSYoungGen: 69165K->1504K(69632K)] 403329K->335676K(757760K), 0.0015844 secs] [Times: user=0.00 sys=0.00, real=0.00 secs] 
2885.639: [GC (Allocation Failure) [PSYoungGen: 69088K->1376K(69632K)] 403260K->335548K(757760K), 0.0015083 secs] [Times: user=0.01 sys=0.00, real=0.00 secs] 
2885.919: [GC (Allocation Failure) [PSYoungGen: 68960K->1408K(69632K)] 403132K->335580K(757760K), 0.0015548 secs] [Times: user=0.01 sys=0.00, real=0.00 secs] 
2886.199: [GC (Allocation Failure) [PSYoungGen: 68992K->1408K(69632K)] 403164K->335580K(757760K), 0.0015052 secs] [Times: user=0.00 sys=0.00, real=0.00 secs] 
2886.526: [GC (Allocation Failure) [PSYoungGen: 68968K->1501K(69632K)] 403140K->335673K(757760K), 0.0015832 secs] [Times: user=0.00 sys=0.00, real=0.01 secs] 
2886.920: [GC (Allocation Failure) [PSYoungGen: 69085K->1549K(69632K)] 403257K->335721K(757760K), 0.0017172 secs] [Times: user=0.00 sys=0.00, real=0.00 secs] 
2887.313: [GC (Allocation Failure) [PSYoungGen: 69133K->1581K(69632K)] 403305K->335753K(757760K), 0.0017333 secs] [Times: user=0.01 sys=0.00, real=0.00 secs] 
2887.707: [GC (Allocation Failure) [PSYoungGen: 69165K->1581K(69632K)] 403337K->335769K(757760K), 0.0015967 secs] [Times: user=0.01 sys=0.00, real=0.00 secs] 
2888.835: [GC (Allocation Failure) [PSYoungGen: 69165K->1440K(69632K)] 403353K->335628K(757760K), 0.0034997 secs] [Times: user=0.02 sys=0.00, real=0.01 secs] 
2889.216: [GC (Allocation Failure) [PSYoungGen: 69024K->1376K(69632K)] 403212K->335572K(757760K), 0.0019783 secs] [Times: user=0.01 sys=0.00, real=0.01 secs] 
2889.496: [GC (Allocation Failure) [PSYoungGen: 68960K->1376K(69632K)] 403156K->335572K(757760K), 0.0020317 secs] [Times: user=0.01 sys=0.01, real=0.01 secs] 
2889.777: [GC (Allocation Failure) [PSYoungGen: 68960K->1376K(69632K)] 403156K->335572K(757760K), 0.0018924 secs] [Times: user=0.01 sys=0.00, real=0.00 secs] 
2890.133: [GC (Allocation Failure) [PSYoungGen: 68935K->1501K(69632K)] 403132K->335697K(757760K), 0.0016201 secs] [Times: user=0.00 sys=0.00, real=0.00 secs] 
2890.527: [GC (Allocation Failure) [PSYoungGen: 69085K->1549K(69632K)] 403281K->335745K(757760K), 0.0017419 secs] [Times: user=0.01 sys=0.00, real=0.00 secs] 
2890.920: [GC (Allocation Failure) [PSYoungGen: 69133K->1581K(69632K)] 403329K->335777K(757760K), 0.0017183 secs] [Times: user=0.00 sys=0.00, real=0.00 secs] 
2891.314: [GC (Allocation Failure) [PSYoungGen: 69165K->1613K(69632K)] 403361K->335825K(757760K), 0.0017244 secs] [Times: user=0.01 sys=0.00, real=0.00 secs] 
2891.642: [GC (Allocation Failure) [PSYoungGen: 69197K->1440K(69632K)] 403409K->335652K(757760K), 0.0016114 secs] [Times: user=0.01 sys=0.00, real=0.00 secs] 
2891.922: [GC (Allocation Failure) [PSYoungGen: 69024K->1376K(69632K)] 403236K->335588K(757760K), 0.0015588 secs] [Times: user=0.00 sys=0.00, real=0.00 secs] 
2892.202: [GC (Allocation Failure) [PSYoungGen: 68960K->1376K(69632K)] 403172K->335588K(757760K), 0.0015589 secs] [Times: user=0.01 sys=0.00, real=0.00 secs] 
2892.482: [GC (Allocation Failure) [PSYoungGen: 68960K->1408K(69632K)] 403172K->335620K(757760K), 0.0015870 secs] [Times: user=0.01 sys=0.00, real=0.00 secs] 
2892.860: [GC (Allocation Failure) [PSYoungGen: 68984K->1520K(69632K)] 403196K->335732K(757760K), 0.0016187 secs] [Times: user=0.00 sys=0.00, real=0.00 secs] 
2893.265: [GC (Allocation Failure) [PSYoungGen: 69104K->1597K(69632K)] 403316K->335817K(757760K), 0.0016896 secs] [Times: user=0.00 sys=0.00, real=0.00 secs] 
2893.658: [GC (Allocation Failure) [PSYoungGen: 69181K->1613K(69632K)] 403401K->335833K(757760K), 0.0017605 secs] [Times: user=0.01 sys=0.00, real=0.00 secs] 
2894.084: [GC (Allocation Failure) [PSYoungGen: 69197K->2016K(69632K)] 403417K->336244K(757760K), 0.0022284 secs] [Times: user=0.01 sys=0.00, real=0.00 secs] 
2894.417: [GC (Allocation Failure) [PSYoungGen: 69600K->1376K(69632K)] 403828K->335612K(757760K), 0.0018434 secs] [Times: user=0.01 sys=0.00, real=0.00 secs] 
2894.723: [GC (Allocation Failure) [PSYoungGen: 68960K->1408K(69632K)] 403196K->335644K(757760K), 0.0018355 secs] [Times: user=0.00 sys=0.00, real=0.00 secs] 
2895.098: [GC (Allocation Failure) [PSYoungGen: 68992K->1408K(69632K)] 403228K->335644K(757760K), 0.0021352 secs] [Times: user=0.01 sys=0.00, real=0.00 secs] 
2895.707: [GC (Allocation Failure) [PSYoungGen: 68992K->1408K(69632K)] 403228K->335652K(757760K), 0.0039122 secs] [Times: user=0.02 sys=0.00, real=0.00 secs] 
2896.254: [GC (Allocation Failure) [PSYoungGen: 68992K->1549K(69632K)] 403236K->335793K(757760K), 0.0016314 secs] [Times: user=0.01 sys=0.00, real=0.00 secs] 
2896.647: [GC (Allocation Failure) [PSYoungGen: 69133K->1613K(69632K)] 403377K->335857K(757760K), 0.0018000 secs] [Times: user=0.00 sys=0.00, real=0.00 secs] 
2897.040: [GC (Allocation Failure) [PSYoungGen: 69197K->1549K(69632K)] 403441K->335793K(757760K), 0.0016992 secs] [Times: user=0.01 sys=0.00, real=0.00 secs] 
2897.684: [GC (Allocation Failure) [PSYoungGen: 69133K->1456K(69632K)] 403377K->335700K(757760K), 0.0030611 secs] [Times: user=0.01 sys=0.00, real=0.01 secs] 
2898.338: [GC (Allocation Failure) [PSYoungGen: 69040K->1408K(69632K)] 403284K->335652K(757760K), 0.0032367 secs] [Times: user=0.01 sys=0.00, real=0.00 secs] 
2898.685: [GC (Allocation Failure) [PSYoungGen: 68992K->1408K(69632K)] 403236K->335652K(757760K), 0.0019248 secs] [Times: user=0.01 sys=0.00, real=0.01 secs] 
2898.966: [GC (Allocation Failure) [PSYoungGen: 68992K->1392K(69632K)] 403236K->335636K(757760K), 0.0017570 secs] [Times: user=0.00 sys=0.00, real=0.01 secs] 
2899.342: [GC (Allocation Failure) [PSYoungGen: 68976K->1485K(69632K)] 403220K->335729K(757760K), 0.0015963 secs] [Times: user=0.01 sys=0.00, real=0.00 secs] 
2899.737: [GC (Allocation Failure) [PSYoungGen: 69069K->1613K(69632K)] 403313K->335873K(757760K), 0.0015938 secs] [Times: user=0.00 sys=0.00, real=0.01 secs] 
2900.131: [GC (Allocation Failure) [PSYoungGen: 69197K->1565K(69632K)] 403457K->335825K(757760K), 0.0015982 secs] [Times: user=0.01 sys=0.00, real=0.00 secs] 
2900.525: [GC (Allocation Failure) [PSYoungGen: 69149K->1613K(69632K)] 403409K->335889K(757760K), 0.0016704 secs] [Times: user=0.01 sys=0.00, real=0.00 secs] 
2901.144: [GC (Allocation Failure) [PSYoungGen: 69197K->1456K(69632K)] 403473K->335732K(757760K), 0.0021442 secs] [Times: user=0.01 sys=0.00, real=0.00 secs] 
2901.737: [GC (Allocation Failure) [PSYoungGen: 69040K->1408K(69632K)] 403316K->335684K(757760K), 0.0030741 secs] [Times: user=0.01 sys=0.00, real=0.00 secs] 
2902.147: [GC (Allocation Failure) [PSYoungGen: 68992K->1376K(69632K)] 403268K->335652K(757760K), 0.0020587 secs] [Times: user=0.01 sys=0.00, real=0.00 secs] 
2902.435: [GC (Allocation Failure) [PSYoungGen: 68960K->1376K(69632K)] 403236K->335652K(757760K), 0.0019763 secs] [Times: user=0.00 sys=0.00, real=0.01 secs] 
2902.956: [GC (Allocation Failure) [PSYoungGen: 68960K->1517K(69632K)] 403236K->335793K(757760K), 0.0016225 secs] [Times: user=0.00 sys=0.00, real=0.01 secs] 
2903.357: [GC (Allocation Failure) [PSYoungGen: 69078K->1565K(69632K)] 403354K->335841K(757760K), 0.0016987 secs] [Times: user=0.01 sys=0.00, real=0.00 secs] 
2903.757: [GC (Allocation Failure) [PSYoungGen: 69149K->1597K(69632K)] 403425K->335873K(757760K), 0.0017205 secs] [Times: user=0.01 sys=0.00, real=0.00 secs] 
2904.157: [GC (Allocation Failure) [PSYoungGen: 69181K->1581K(69632K)] 403457K->335873K(757760K), 0.0017040 secs] [Times: user=0.01 sys=0.00, real=0.00 secs] 
2904.506: [GC (Allocation Failure) [PSYoungGen: 69165K->1440K(69632K)] 403457K->335732K(757760K), 0.0018665 secs] [Times: user=0.01 sys=0.00, real=0.01 secs] 
2904.788: [GC (Allocation Failure) [PSYoungGen: 69024K->1408K(69632K)] 403316K->335700K(757760K), 0.0031870 secs] [Times: user=0.01 sys=0.00, real=0.00 secs] 
2905.084: [GC (Allocation Failure) [PSYoungGen: 68992K->1376K(69632K)] 403284K->335668K(757760K), 0.0020419 secs] [Times: user=0.01 sys=0.00, real=0.00 secs] 
2905.413: [GC (Allocation Failure) [PSYoungGen: 68960K->1408K(69632K)] 403252K->335700K(757760K), 0.0019737 secs] [Times: user=0.01 sys=0.00, real=0.00 secs] 
2905.792: [GC (Allocation Failure) [PSYoungGen: 68992K->1533K(69632K)] 403284K->335825K(757760K), 0.0016497 secs] [Times: user=0.01 sys=0.00, real=0.00 secs] 
2906.184: [GC (Allocation Failure) [PSYoungGen: 69117K->1613K(69632K)] 403409K->335905K(757760K), 0.0016638 secs] [Times: user=0.01 sys=0.00, real=0.00 secs] 
2906.580: [GC (Allocation Failure) [PSYoungGen: 69197K->1613K(69632K)] 403489K->335905K(757760K), 0.0016719 secs] [Times: user=0.00 sys=0.00, real=0.00 secs] 
2907.031: [GC (Allocation Failure) [PSYoungGen: 69197K->1824K(69632K)] 403489K->336116K(757760K), 0.0019784 secs] [Times: user=0.01 sys=0.00, real=0.00 secs] 
2907.653: [GC (Allocation Failure) [PSYoungGen: 69408K->1440K(69632K)] 403700K->335732K(757760K), 0.0019281 secs] [Times: user=0.01 sys=0.00, real=0.00 secs] 
2908.196: [GC (Allocation Failure) [PSYoungGen: 69024K->1408K(69632K)] 403316K->335700K(757760K), 0.0031182 secs] [Times: user=0.02 sys=0.00, real=0.01 secs] 
2908.743: [GC (Allocation Failure) [PSYoungGen: 68992K->1376K(69632K)] 403284K->335668K(757760K), 0.0039364 secs] [Times: user=0.01 sys=0.00, real=0.00 secs] 
2909.286: [GC (Allocation Failure) [PSYoungGen: 68960K->1408K(69632K)] 403252K->335700K(757760K), 0.0025437 secs] [Times: user=0.01 sys=0.00, real=0.01 secs] 
2909.767: [GC (Allocation Failure) [PSYoungGen: 68992K->1581K(69632K)] 403284K->335889K(757760K), 0.0016729 secs] [Times: user=0.01 sys=0.00, real=0.00 secs] 
2910.166: [GC (Allocation Failure) [PSYoungGen: 69162K->1581K(69632K)] 403470K->335889K(757760K), 0.0016470 secs] [Times: user=0.01 sys=0.00, real=0.01 secs] 
2910.564: [GC (Allocation Failure) [PSYoungGen: 69165K->1565K(69632K)] 403473K->335873K(757760K), 0.0017024 secs] [Times: user=0.00 sys=0.00, real=0.00 secs] 
2910.960: [GC (Allocation Failure) [PSYoungGen: 69149K->1504K(69632K)] 403457K->335820K(757760K), 0.0016561 secs] [Times: user=0.00 sys=0.00, real=0.00 secs] 
2911.611: [GC (Allocation Failure) [PSYoungGen: 69088K->1408K(69632K)] 403404K->335724K(757760K), 0.0018797 secs] [Times: user=0.01 sys=0.00, real=0.00 secs] 
2912.244: [GC (Allocation Failure) [PSYoungGen: 68992K->1424K(69632K)] 403308K->335740K(757760K), 0.0026712 secs] [Times: user=0.01 sys=0.00, real=0.01 secs] 
2912.946: [GC (Allocation Failure) [PSYoungGen: 69008K->1344K(69632K)] 403324K->335660K(757760K), 0.0041617 secs] [Times: user=0.01 sys=0.00, real=0.01 secs] 
2913.769: [GC (Allocation Failure) [PSYoungGen: 68914K->1472K(69632K)] 403230K->335788K(757760K), 0.0018994 secs] [Times: user=0.01 sys=0.00, real=0.00 secs] 
2914.190: [GC (Allocation Failure) [PSYoungGen: 69056K->1613K(69632K)] 403372K->335929K(757760K), 0.0016749 secs] [Times: user=0.00 sys=0.00, real=0.00 secs] 
2914.645: [GC (Allocation Failure) [PSYoungGen: 69197K->1597K(69632K)] 403513K->335913K(757760K), 0.0018585 secs] [Times: user=0.01 sys=0.00, real=0.00 secs] 
2915.038: [GC (Allocation Failure) [PSYoungGen: 69181K->1597K(69632K)] 403497K->335921K(757760K), 0.0017485 secs] [Times: user=0.01 sys=0.00, real=0.00 secs] 
2915.579: [GC (Allocation Failure) [PSYoungGen: 69181K->1520K(69632K)] 403505K->335844K(757760K), 0.0028782 secs] [Times: user=0.01 sys=0.00, real=0.00 secs] 
2916.200: [GC (Allocation Failure) [PSYoungGen: 69104K->1408K(69632K)] 403428K->335732K(757760K), 0.0026830 secs] [Times: user=0.01 sys=0.00, real=0.00 secs] 
2916.747: [GC (Allocation Failure) [PSYoungGen: 68992K->1376K(69632K)] 403316K->335700K(757760K), 0.0031267 secs] [Times: user=0.02 sys=0.00, real=0.00 secs] 
2917.306: [GC (Allocation Failure) [PSYoungGen: 68960K->1408K(69632K)] 403284K->335732K(757760K), 0.0027835 secs] [Times: user=0.01 sys=0.00, real=0.01 secs] 
2917.866: [GC (Allocation Failure) [PSYoungGen: 68992K->1485K(69632K)] 403316K->335809K(757760K), 0.0015175 secs] [Times: user=0.00 sys=0.00, real=0.01 secs] 
2918.264: [GC (Allocation Failure) [PSYoungGen: 69069K->1581K(69632K)] 403393K->335905K(757760K), 0.0016298 secs] [Times: user=0.00 sys=0.00, real=0.00 secs] 
2918.720: [GC (Allocation Failure) [PSYoungGen: 69165K->1565K(69632K)] 403489K->335889K(757760K), 0.0017417 secs] [Times: user=0.00 sys=0.00, real=0.00 secs] 
2919.172: [GC (Allocation Failure) [PSYoungGen: 69149K->1549K(69632K)] 403473K->335889K(757760K), 0.0017438 secs] [Times: user=0.01 sys=0.00, real=0.00 secs] 
2919.574: [GC (Allocation Failure) [PSYoungGen: 69133K->1424K(69632K)] 403473K->335764K(757760K), 0.0023122 secs] [Times: user=0.01 sys=0.00, real=0.00 secs] 
2919.855: [GC (Allocation Failure) [PSYoungGen: 69008K->1376K(69632K)] 403348K->335716K(757760K), 0.0019872 secs] [Times: user=0.01 sys=0.00, real=0.01 secs] 
2920.143: [GC (Allocation Failure) [PSYoungGen: 68960K->1392K(69632K)] 403300K->335732K(757760K), 0.0021812 secs] [Times: user=0.01 sys=0.00, real=0.00 secs] 
2920.491: [GC (Allocation Failure) [PSYoungGen: 68976K->1408K(69632K)] 403316K->335772K(757760K), 0.0018596 secs] [Times: user=0.01 sys=0.00, real=0.00 secs] 
2920.986: [GC (Allocation Failure) [PSYoungGen: 68992K->1517K(69632K)] 403356K->335881K(757760K), 0.0016274 secs] [Times: user=0.01 sys=0.00, real=0.01 secs] 
2921.378: [GC (Allocation Failure) [PSYoungGen: 69101K->1549K(69632K)] 403465K->335913K(757760K), 0.0017178 secs] [Times: user=0.00 sys=0.00, real=0.00 secs] 
2921.772: [GC (Allocation Failure) [PSYoungGen: 69133K->1549K(69632K)] 403497K->335913K(757760K), 0.0015823 secs] [Times: user=0.01 sys=0.00, real=0.00 secs] 
2922.165: [GC (Allocation Failure) [PSYoungGen: 69133K->1552K(69632K)] 403497K->335924K(757760K), 0.0016798 secs] [Times: user=0.00 sys=0.00, real=0.00 secs] 
2922.553: [GC (Allocation Failure) [PSYoungGen: 69136K->1376K(69632K)] 403508K->335748K(757760K), 0.0017287 secs] [Times: user=0.01 sys=0.00, real=0.00 secs] 
2923.121: [GC (Allocation Failure) [PSYoungGen: 68960K->1360K(69632K)] 403332K->335732K(757760K), 0.0038548 secs] [Times: user=0.02 sys=0.00, real=0.00 secs] 
2923.687: [GC (Allocation Failure) [PSYoungGen: 68944K->1440K(69632K)] 403316K->335812K(757760K), 0.0032763 secs] [Times: user=0.01 sys=0.00, real=0.00 secs] 
2924.312: [GC (Allocation Failure) [PSYoungGen: 69024K->1408K(69632K)] 403396K->335780K(757760K), 0.0030445 secs] [Times: user=0.01 sys=0.00, real=0.00 secs] 
2924.859: [GC (Allocation Failure) [PSYoungGen: 68978K->1581K(69632K)] 403350K->335953K(757760K), 0.0015635 secs] [Times: user=0.01 sys=0.00, real=0.00 secs] 
2925.255: [GC (Allocation Failure) [PSYoungGen: 69165K->1581K(69632K)] 403537K->335953K(757760K), 0.0017586 secs] [Times: user=0.00 sys=0.00, real=0.01 secs] 
2925.647: [GC (Allocation Failure) [PSYoungGen: 69165K->1552K(69632K)] 403537K->335924K(757760K), 0.0016931 secs] [Times: user=0.01 sys=0.00, real=0.00 secs] 
2926.644: [GC (Allocation Failure) [PSYoungGen: 69136K->1536K(69632K)] 403508K->335908K(757760K), 0.0039403 secs] [Times: user=0.01 sys=0.00, real=0.01 secs] 
2927.277: [GC (Allocation Failure) [PSYoungGen: 69120K->1408K(69632K)] 403492K->335780K(757760K), 0.0020340 secs] [Times: user=0.01 sys=0.00, real=0.00 secs] 
2927.558: [GC (Allocation Failure) [PSYoungGen: 68992K->1392K(69632K)] 403364K->335764K(757760K), 0.0019691 secs] [Times: user=0.01 sys=0.00, real=0.00 secs] 
2928.083: [GC (Allocation Failure) [PSYoungGen: 68976K->1424K(69632K)] 403348K->335796K(757760K), 0.0021551 secs] [Times: user=0.01 sys=0.00, real=0.00 secs] 
2928.468: [GC (Allocation Failure) [PSYoungGen: 69008K->1437K(69632K)] 403380K->335809K(757760K), 0.0017238 secs] [Times: user=0.01 sys=0.00, real=0.00 secs] 
2928.877: [GC (Allocation Failure) [PSYoungGen: 69021K->1613K(69632K)] 403393K->335985K(757760K), 0.0016621 secs] [Times: user=0.01 sys=0.00, real=0.00 secs] 
2929.271: [GC (Allocation Failure) [PSYoungGen: 69197K->1565K(69632K)] 403569K->335937K(757760K), 0.0016845 secs] [Times: user=0.00 sys=0.00, real=0.00 secs] 
2929.665: [GC (Allocation Failure) [PSYoungGen: 69149K->1613K(69632K)] 403521K->335985K(757760K), 0.0015990 secs] [Times: user=0.01 sys=0.00, real=0.00 secs] 
2930.375: [GC (Allocation Failure) [PSYoungGen: 69197K->1456K(69632K)] 403569K->335828K(757760K), 0.0029496 secs] [Times: user=0.01 sys=0.00, real=0.01 secs] 
2931.074: [GC (Allocation Failure) [PSYoungGen: 69040K->1408K(69632K)] 403412K->335780K(757760K), 0.0024444 secs] [Times: user=0.01 sys=0.00, real=0.00 secs] 
2931.677: [GC (Allocation Failure) [PSYoungGen: 68992K->1376K(69632K)] 403364K->335772K(757760K), 0.0021362 secs] [Times: user=0.01 sys=0.00, real=0.00 secs] 
2932.291: [GC (Allocation Failure) [PSYoungGen: 68960K->1408K(69632K)] 403356K->335804K(757760K), 0.0023157 secs] [Times: user=0.01 sys=0.00, real=0.00 secs] 
2932.904: [GC (Allocation Failure) [PSYoungGen: 68992K->1517K(69632K)] 403388K->335913K(757760K), 0.0015722 secs] [Times: user=0.01 sys=0.00, real=0.00 secs] 
2933.299: [GC (Allocation Failure) [PSYoungGen: 69101K->1581K(69632K)] 403497K->335977K(757760K), 0.0017006 secs] [Times: user=0.00 sys=0.00, real=0.00 secs] 
2933.696: [GC (Allocation Failure) [PSYoungGen: 69165K->1565K(69632K)] 403561K->335961K(757760K), 0.0016326 secs] [Times: user=0.00 sys=0.00, real=0.01 secs] 
2934.096: [GC (Allocation Failure) [PSYoungGen: 69149K->1549K(69632K)] 403545K->335961K(757760K), 0.0015326 secs] [Times: user=0.01 sys=0.00, real=0.01 secs] 
2934.838: [GC (Allocation Failure) [PSYoungGen: 69133K->1440K(69632K)] 403545K->335852K(757760K), 0.0019874 secs] [Times: user=0.01 sys=0.00, real=0.00 secs] 
2935.637: [GC (Allocation Failure) [PSYoungGen: 69024K->1408K(69632K)] 403436K->335820K(757760K), 0.0037928 secs] [Times: user=0.02 sys=0.00, real=0.00 secs] 
2936.301: [GC (Allocation Failure) [PSYoungGen: 68992K->1376K(69632K)] 403404K->335788K(757760K), 0.0036491 secs] [Times: user=0.01 sys=0.00, real=0.00 secs] 
2937.120: [GC (Allocation Failure) [PSYoungGen: 68960K->1376K(69632K)] 403372K->335788K(757760K), 0.0039052 secs] [Times: user=0.01 sys=0.01, real=0.00 secs] 
2937.908: [GC (Allocation Failure) [PSYoungGen: 68936K->1549K(69632K)] 403348K->335961K(757760K), 0.0016502 secs] [Times: user=0.01 sys=0.00, real=0.00 secs] 
2938.303: [GC (Allocation Failure) [PSYoungGen: 69133K->1565K(69632K)] 403545K->335977K(757760K), 0.0017280 secs] [Times: user=0.00 sys=0.00, real=0.00 secs] 
2938.698: [GC (Allocation Failure) [PSYoungGen: 69149K->1613K(69632K)] 403561K->336025K(757760K), 0.0016437 secs] [Times: user=0.01 sys=0.00, real=0.00 secs] 
2939.093: [GC (Allocation Failure) [PSYoungGen: 69197K->1581K(69632K)] 403609K->336009K(757760K), 0.0017012 secs] [Times: user=0.01 sys=0.00, real=0.00 secs] 
2940.333: [GC (Allocation Failure) [PSYoungGen: 69165K->1408K(69632K)] 403593K->335836K(757760K), 0.0038715 secs] [Times: user=0.01 sys=0.00, real=0.00 secs] 
2940.886: [GC (Allocation Failure) [PSYoungGen: 68992K->1408K(69632K)] 403420K->335836K(757760K), 0.0024605 secs] [Times: user=0.01 sys=0.00, real=0.01 secs] 
2941.475: [GC (Allocation Failure) [PSYoungGen: 68992K->1408K(69632K)] 403420K->335836K(757760K), 0.0029296 secs] [Times: user=0.01 sys=0.00, real=0.01 secs] 
2942.061: [GC (Allocation Failure) [PSYoungGen: 68992K->1408K(69632K)] 403420K->335836K(757760K), 0.0029064 secs] [Times: user=0.01 sys=0.00, real=0.00 secs] 
2942.670: [GC (Allocation Failure) [PSYoungGen: 68992K->1517K(69632K)] 403420K->335969K(757760K), 0.0018016 secs] [Times: user=0.01 sys=0.00, real=0.00 secs] 
2943.136: [GC (Allocation Failure) [PSYoungGen: 69101K->1581K(69632K)] 403553K->336033K(757760K), 0.0017822 secs] [Times: user=0.00 sys=0.00, real=0.01 secs] 
2943.531: [GC (Allocation Failure) [PSYoungGen: 69165K->1549K(69632K)] 403617K->336001K(757760K), 0.0018055 secs] [Times: user=0.00 sys=0.00, real=0.00 secs] 
2944.012: [GC (Allocation Failure) [PSYoungGen: 69133K->2016K(69632K)] 403585K->336484K(757760K), 0.0018721 secs] [Times: user=0.01 sys=0.00, real=0.00 secs] 
2944.638: [GC (Allocation Failure) [PSYoungGen: 69600K->1408K(69632K)] 404068K->335876K(757760K), 0.0030701 secs] [Times: user=0.02 sys=0.00, real=0.00 secs] 
2945.192: [GC (Allocation Failure) [PSYoungGen: 68992K->1408K(69632K)] 403460K->335876K(757760K), 0.0033516 secs] [Times: user=0.02 sys=0.00, real=0.00 secs] 
2945.861: [GC (Allocation Failure) [PSYoungGen: 68992K->1424K(69632K)] 403460K->335892K(757760K), 0.0024921 secs] [Times: user=0.01 sys=0.00, real=0.00 secs] 
2946.529: [GC (Allocation Failure) [PSYoungGen: 69008K->1376K(69632K)] 403476K->335844K(757760K), 0.0029230 secs] [Times: user=0.01 sys=0.00, real=0.00 secs] 
2947.048: [GC (Allocation Failure) [PSYoungGen: 68960K->1568K(69632K)] 403428K->336036K(757760K), 0.0016828 secs] [Times: user=0.01 sys=0.00, real=0.00 secs] 
2947.443: [GC (Allocation Failure) [PSYoungGen: 69152K->1581K(69632K)] 403620K->336049K(757760K), 0.0017241 secs] [Times: user=0.01 sys=0.00, real=0.00 secs] 
2947.836: [GC (Allocation Failure) [PSYoungGen: 69165K->1584K(69632K)] 403633K->336052K(757760K), 0.0016957 secs] [Times: user=0.00 sys=0.00, real=0.01 secs] 
2948.634: [GC (Allocation Failure) [PSYoungGen: 69168K->1504K(69632K)] 403636K->335972K(757760K), 0.0020651 secs] [Times: user=0.01 sys=0.01, real=0.00 secs] 
2948.915: [GC (Allocation Failure) [PSYoungGen: 69088K->1376K(69632K)] 403556K->335844K(757760K), 0.0020160 secs] [Times: user=0.01 sys=0.00, real=0.00 secs] 
2949.196: [GC (Allocation Failure) [PSYoungGen: 68960K->1376K(69632K)] 403428K->335844K(757760K), 0.0020142 secs] [Times: user=0.01 sys=0.00, real=0.01 secs] 
2950.677: [GC (Allocation Failure) [PSYoungGen: 68960K->1376K(69632K)] 403428K->335844K(757760K), 0.0021022 secs] [Times: user=0.01 sys=0.00, real=0.00 secs] 
2951.288: [GC (Allocation Failure) [PSYoungGen: 68949K->1549K(69632K)] 403417K->336017K(757760K), 0.0018786 secs] [Times: user=0.00 sys=0.00, real=0.00 secs] 
2951.683: [GC (Allocation Failure) [PSYoungGen: 69133K->1584K(69632K)] 403601K->336052K(757760K), 0.0018098 secs] [Times: user=0.00 sys=0.00, real=0.00 secs] 
2952.076: [GC (Allocation Failure) [PSYoungGen: 69168K->1533K(69632K)] 403636K->336017K(757760K), 0.0016867 secs] [Times: user=0.01 sys=0.00, real=0.01 secs] 
2952.470: [GC (Allocation Failure) [PSYoungGen: 69117K->1549K(69632K)] 403601K->336049K(757760K), 0.0018282 secs] [Times: user=0.01 sys=0.00, real=0.00 secs] 
2953.056: [GC (Allocation Failure) [PSYoungGen: 69133K->1488K(69632K)] 403633K->335988K(757760K), 0.0016061 secs] [Times: user=0.01 sys=0.00, real=0.01 secs] 
2953.519: [GC (Allocation Failure) [PSYoungGen: 69072K->1408K(69632K)] 403572K->335908K(757760K), 0.0024995 secs] [Times: user=0.01 sys=0.00, real=0.00 secs] 
2953.896: [GC (Allocation Failure) [PSYoungGen: 68992K->1376K(69632K)] 403492K->335876K(757760K), 0.0020523 secs] [Times: user=0.00 sys=0.00, real=0.01 secs] 
2954.177: [GC (Allocation Failure) [PSYoungGen: 68960K->1392K(69632K)] 403460K->335892K(757760K), 0.0019679 secs] [Times: user=0.01 sys=0.00, real=0.00 secs] 
2954.560: [GC (Allocation Failure) [PSYoungGen: 68976K->1501K(69632K)] 403476K->336001K(757760K), 0.0014466 secs] [Times: user=0.01 sys=0.00, real=0.00 secs] 
2954.960: [GC (Allocation Failure) [PSYoungGen: 69085K->1581K(69632K)] 403585K->336081K(757760K), 0.0017283 secs] [Times: user=0.01 sys=0.00, real=0.00 secs] 
2955.353: [GC (Allocation Failure) [PSYoungGen: 69165K->1581K(69632K)] 403665K->336081K(757760K), 0.0018151 secs] [Times: user=0.00 sys=0.00, real=0.00 secs] 
2955.757: [GC (Allocation Failure) [PSYoungGen: 69165K->1552K(69632K)] 403665K->336068K(757760K), 0.0018220 secs] [Times: user=0.01 sys=0.00, real=0.01 secs] 
2956.462: [GC (Allocation Failure) [PSYoungGen: 69136K->1408K(69632K)] 403652K->335924K(757760K), 0.0028714 secs] [Times: user=0.01 sys=0.00, real=0.00 secs] 
2957.050: [GC (Allocation Failure) [PSYoungGen: 68992K->1440K(69632K)] 403508K->335956K(757760K), 0.0021329 secs] [Times: user=0.01 sys=0.00, real=0.00 secs] 
2957.615: [GC (Allocation Failure) [PSYoungGen: 69024K->1392K(69632K)] 403540K->335908K(757760K), 0.0026993 secs] [Times: user=0.01 sys=0.00, real=0.01 secs] 
2957.934: [GC (Allocation Failure) [PSYoungGen: 68976K->1344K(69632K)] 403492K->335860K(757760K), 0.0020843 secs] [Times: user=0.01 sys=0.00, real=0.00 secs] 
2958.357: [GC (Allocation Failure) [PSYoungGen: 68905K->1517K(69632K)] 403421K->336033K(757760K), 0.0017143 secs] [Times: user=0.01 sys=0.00, real=0.01 secs] 
2958.753: [GC (Allocation Failure) [PSYoungGen: 69101K->1613K(69632K)] 403617K->336129K(757760K), 0.0016813 secs] [Times: user=0.00 sys=0.00, real=0.00 secs] 
2959.146: [GC (Allocation Failure) [PSYoungGen: 69197K->1565K(69632K)] 403713K->336081K(757760K), 0.0015969 secs] [Times: user=0.01 sys=0.00, real=0.01 secs] 
2959.538: [GC (Allocation Failure) [PSYoungGen: 68873K->352K(69632K)] 403389K->334876K(757760K), 0.0016914 secs] [Times: user=0.01 sys=0.00, real=0.00 secs] 
2960.221: [GC (Allocation Failure) [PSYoungGen: 67936K->1392K(69632K)] 402460K->335940K(757760K), 0.0022018 secs] [Times: user=0.00 sys=0.00, real=0.00 secs] 
2960.838: [GC (Allocation Failure) [PSYoungGen: 68976K->1440K(69632K)] 403524K->335988K(757760K), 0.0031321 secs] [Times: user=0.01 sys=0.00, real=0.00 secs] 
2961.349: [GC (Allocation Failure) [PSYoungGen: 69024K->1376K(69632K)] 403572K->335924K(757760K), 0.0022230 secs] [Times: user=0.01 sys=0.00, real=0.00 secs] 
2961.716: [GC (Allocation Failure) [PSYoungGen: 68960K->1392K(69632K)] 403508K->335940K(757760K), 0.0019643 secs] [Times: user=0.01 sys=0.00, real=0.01 secs] 
2962.106: [GC (Allocation Failure) [PSYoungGen: 68976K->1613K(69632K)] 403524K->336161K(757760K), 0.0017320 secs] [Times: user=0.00 sys=0.00, real=0.01 secs] 
2962.506: [GC (Allocation Failure) [PSYoungGen: 69171K->1565K(69632K)] 403719K->336113K(757760K), 0.0017583 secs] [Times: user=0.00 sys=0.00, real=0.01 secs] 
2962.901: [GC (Allocation Failure) [PSYoungGen: 69149K->1581K(69632K)] 403697K->336129K(757760K), 0.0015874 secs] [Times: user=0.01 sys=0.00, real=0.00 secs] 
2963.377: [GC (Allocation Failure) [PSYoungGen: 69165K->1472K(69632K)] 403713K->336028K(757760K), 0.0018380 secs] [Times: user=0.01 sys=0.00, real=0.00 secs] 
2964.010: [GC (Allocation Failure) [PSYoungGen: 69056K->1408K(69632K)] 403612K->335964K(757760K), 0.0021123 secs] [Times: user=0.01 sys=0.00, real=0.00 secs] 
2964.294: [GC (Allocation Failure) [PSYoungGen: 68992K->1408K(69632K)] 403548K->335964K(757760K), 0.0020223 secs] [Times: user=0.01 sys=0.00, real=0.00 secs] 
2964.583: [GC (Allocation Failure) [PSYoungGen: 68992K->1376K(69632K)] 403548K->335932K(757760K), 0.0018190 secs] [Times: user=0.01 sys=0.00, real=0.00 secs] 
2964.905: [GC (Allocation Failure) [PSYoungGen: 68960K->1437K(69632K)] 403516K->335993K(757760K), 0.0015447 secs] [Times: user=0.01 sys=0.00, real=0.00 secs] 
2965.299: [GC (Allocation Failure) [PSYoungGen: 69021K->1613K(69632K)] 403577K->336169K(757760K), 0.0017759 secs] [Times: user=0.01 sys=0.00, real=0.00 secs] 
2965.692: [GC (Allocation Failure) [PSYoungGen: 69197K->1581K(69632K)] 403753K->336137K(757760K), 0.0017218 secs] [Times: user=0.01 sys=0.00, real=0.00 secs] 
2966.086: [GC (Allocation Failure) [PSYoungGen: 69165K->1565K(69632K)] 403721K->336129K(757760K), 0.0017009 secs] [Times: user=0.01 sys=0.00, real=0.01 secs] 
2966.682: [GC (Allocation Failure) [PSYoungGen: 69149K->1488K(69632K)] 403713K->336060K(757760K), 0.0020260 secs] [Times: user=0.01 sys=0.00, real=0.00 secs] 
2967.243: [GC (Allocation Failure) [PSYoungGen: 69072K->1440K(69632K)] 403644K->336012K(757760K), 0.0018843 secs] [Times: user=0.01 sys=0.00, real=0.00 secs] 
2967.823: [GC (Allocation Failure) [PSYoungGen: 69024K->1408K(69632K)] 403596K->335980K(757760K), 0.0018987 secs] [Times: user=0.00 sys=0.00, real=0.00 secs] 
2968.151: [GC (Allocation Failure) [PSYoungGen: 68992K->1392K(69632K)] 403564K->335964K(757760K), 0.0021023 secs] [Times: user=0.01 sys=0.00, real=0.00 secs] 
2968.529: [GC (Allocation Failure) [PSYoungGen: 68974K->1485K(69632K)] 403546K->336057K(757760K), 0.0016235 secs] [Times: user=0.01 sys=0.00, real=0.00 secs] 
2968.925: [GC (Allocation Failure) [PSYoungGen: 69069K->1597K(69632K)] 403641K->336169K(757760K), 0.0015937 secs] [Times: user=0.01 sys=0.00, real=0.00 secs] 
2969.323: [GC (Allocation Failure) [PSYoungGen: 69181K->1581K(69632K)] 403753K->336153K(757760K), 0.0017824 secs] [Times: user=0.01 sys=0.00, real=0.00 secs] 
2969.718: [GC (Allocation Failure) [PSYoungGen: 69165K->1584K(69632K)] 403737K->336188K(757760K), 0.0017619 secs] [Times: user=0.01 sys=0.00, real=0.00 secs] 
2970.409: [GC (Allocation Failure) [PSYoungGen: 69168K->1408K(69632K)] 403772K->336012K(757760K), 0.0018910 secs] [Times: user=0.01 sys=0.00, real=0.00 secs] 
2971.040: [GC (Allocation Failure) [PSYoungGen: 68992K->1408K(69632K)] 403596K->336012K(757760K), 0.0020650 secs] [Times: user=0.01 sys=0.00, real=0.00 secs] 
2971.491: [GC (Allocation Failure) [PSYoungGen: 68992K->1376K(69632K)] 403596K->335980K(757760K), 0.0030680 secs] [Times: user=0.01 sys=0.00, real=0.00 secs] 
2971.773: [GC (Allocation Failure) [PSYoungGen: 68960K->1408K(69632K)] 403564K->336012K(757760K), 0.0020498 secs] [Times: user=0.01 sys=0.00, real=0.00 secs] 
2972.263: [GC (Allocation Failure) [PSYoungGen: 68992K->1549K(69632K)] 403596K->336153K(757760K), 0.0016899 secs] [Times: user=0.01 sys=0.00, real=0.00 secs] 
2972.656: [GC (Allocation Failure) [PSYoungGen: 69133K->1581K(69632K)] 403737K->336185K(757760K), 0.0016804 secs] [Times: user=0.01 sys=0.00, real=0.01 secs] 
2973.049: [GC (Allocation Failure) [PSYoungGen: 69165K->1581K(69632K)] 403769K->336185K(757760K), 0.0016917 secs] [Times: user=0.01 sys=0.00, real=0.00 secs] 
2973.444: [GC (Allocation Failure) [PSYoungGen: 69165K->1613K(69632K)] 403769K->336233K(757760K), 0.0017350 secs] [Times: user=0.01 sys=0.00, real=0.00 secs] 
2974.121: [GC (Allocation Failure) [PSYoungGen: 69197K->1408K(69632K)] 403817K->336028K(757760K), 0.0020655 secs] [Times: user=0.01 sys=0.00, real=0.00 secs] 
2974.711: [GC (Allocation Failure) [PSYoungGen: 68992K->1408K(69632K)] 403612K->336028K(757760K), 0.0027543 secs] [Times: user=0.02 sys=0.00, real=0.00 secs] 
2975.103: [GC (Allocation Failure) [PSYoungGen: 68992K->1376K(69632K)] 403612K->335996K(757760K), 0.0025433 secs] [Times: user=0.01 sys=0.00, real=0.00 secs] 
2975.385: [GC (Allocation Failure) [PSYoungGen: 68960K->1408K(69632K)] 403580K->336028K(757760K), 0.0019757 secs] [Times: user=0.01 sys=0.00, real=0.01 secs] 
2975.858: [GC (Allocation Failure) [PSYoungGen: 68963K->1549K(69632K)] 403584K->336169K(757760K), 0.0015565 secs] [Times: user=0.01 sys=0.00, real=0.00 secs] 
2976.253: [GC (Allocation Failure) [PSYoungGen: 69133K->1613K(69632K)] 403753K->336233K(757760K), 0.0016898 secs] [Times: user=0.00 sys=0.00, real=0.00 secs] 
2976.645: [GC (Allocation Failure) [PSYoungGen: 69197K->1613K(69632K)] 403817K->336233K(757760K), 0.0016681 secs] [Times: user=0.01 sys=0.00, real=0.00 secs] 
2977.186: [GC (Allocation Failure) [PSYoungGen: 69197K->2016K(69632K)] 403817K->336644K(757760K), 0.0021354 secs] [Times: user=0.01 sys=0.00, real=0.01 secs] 
2978.052: [GC (Allocation Failure) [PSYoungGen: 69600K->1408K(69632K)] 404228K->336036K(757760K), 0.0040209 secs] [Times: user=0.02 sys=0.01, real=0.00 secs] 
2978.910: [GC (Allocation Failure) [PSYoungGen: 68992K->1408K(69632K)] 403620K->336036K(757760K), 0.0038472 secs] [Times: user=0.02 sys=0.00, real=0.00 secs] 
2979.818: [GC (Allocation Failure) [PSYoungGen: 68992K->1408K(69632K)] 403620K->336036K(757760K), 0.0030981 secs] [Times: user=0.01 sys=0.00, real=0.00 secs] 
2980.332: [GC (Allocation Failure) [PSYoungGen: 68992K->1408K(69632K)] 403620K->336036K(757760K), 0.0030988 secs] [Times: user=0.01 sys=0.00, real=0.00 secs] 
2980.978: [GC (Allocation Failure) [PSYoungGen: 68992K->1549K(69632K)] 403620K->336177K(757760K), 0.0018117 secs] [Times: user=0.01 sys=0.00, real=0.00 secs] 
2981.434: [GC (Allocation Failure) [PSYoungGen: 69133K->1613K(69632K)] 403761K->336241K(757760K), 0.0019147 secs] [Times: user=0.00 sys=0.00, real=0.00 secs] 
2981.830: [GC (Allocation Failure) [PSYoungGen: 69197K->1581K(69632K)] 403825K->336233K(757760K), 0.0017059 secs] [Times: user=0.01 sys=0.00, real=0.00 secs] 
2982.425: [GC (Allocation Failure) [PSYoungGen: 69165K->1456K(69632K)] 403817K->336116K(757760K), 0.0036219 secs] [Times: user=0.02 sys=0.00, real=0.01 secs] 
2983.062: [GC (Allocation Failure) [PSYoungGen: 69040K->1376K(69632K)] 403700K->336036K(757760K), 0.0023147 secs] [Times: user=0.01 sys=0.00, real=0.00 secs] 
2983.523: [GC (Allocation Failure) [PSYoungGen: 68960K->1440K(69632K)] 403620K->336100K(757760K), 0.0021453 secs] [Times: user=0.01 sys=0.00, real=0.00 secs] 
2984.031: [GC (Allocation Failure) [PSYoungGen: 69024K->1408K(69632K)] 403684K->336068K(757760K), 0.0020500 secs] [Times: user=0.01 sys=0.00, real=0.00 secs] 
2984.593: [GC (Allocation Failure) [PSYoungGen: 68992K->1517K(69632K)] 403652K->336177K(757760K), 0.0016834 secs] [Times: user=0.01 sys=0.00, real=0.00 secs] 
2984.987: [GC (Allocation Failure) [PSYoungGen: 69101K->1581K(69632K)] 403761K->336241K(757760K), 0.0016168 secs] [Times: user=0.01 sys=0.01, real=0.01 secs] 
2985.387: [GC (Allocation Failure) [PSYoungGen: 69165K->1581K(69632K)] 403825K->336241K(757760K), 0.0016711 secs] [Times: user=0.01 sys=0.00, real=0.00 secs] 
2985.784: [GC (Allocation Failure) [PSYoungGen: 69165K->1581K(69632K)] 403825K->336249K(757760K), 0.0016186 secs] [Times: user=0.01 sys=0.00, real=0.00 secs] 
2986.131: [GC (Allocation Failure) [PSYoungGen: 69165K->1472K(69632K)] 403833K->336140K(757760K), 0.0017167 secs] [Times: user=0.01 sys=0.00, real=0.00 secs] 
2986.491: [GC (Allocation Failure) [PSYoungGen: 69056K->1408K(69632K)] 403724K->336076K(757760K), 0.0018845 secs] [Times: user=0.01 sys=0.00, real=0.00 secs] 
2986.772: [GC (Allocation Failure) [PSYoungGen: 68992K->1392K(69632K)] 403660K->336060K(757760K), 0.0018892 secs] [Times: user=0.01 sys=0.00, real=0.00 secs] 
2987.269: [GC (Allocation Failure) [PSYoungGen: 68976K->1408K(69632K)] 403644K->336076K(757760K), 0.0017953 secs] [Times: user=0.01 sys=0.00, real=0.00 secs] 
2987.887: [GC (Allocation Failure) [PSYoungGen: 68967K->1517K(69632K)] 403635K->336185K(757760K), 0.0016384 secs] [Times: user=0.00 sys=0.00, real=0.00 secs] 
2988.282: [GC (Allocation Failure) [PSYoungGen: 69101K->1581K(69632K)] 403769K->336249K(757760K), 0.0017206 secs] [Times: user=0.01 sys=0.00, real=0.00 secs] 
2988.677: [GC (Allocation Failure) [PSYoungGen: 69165K->1581K(69632K)] 403833K->336249K(757760K), 0.0017784 secs] [Times: user=0.01 sys=0.00, real=0.00 secs] 
2989.074: [GC (Allocation Failure) [PSYoungGen: 69165K->1581K(69632K)] 403833K->336265K(757760K), 0.0017182 secs] [Times: user=0.01 sys=0.00, real=0.00 secs] 
2989.936: [GC (Allocation Failure) [PSYoungGen: 69165K->1376K(69632K)] 403849K->336060K(757760K), 0.0041140 secs] [Times: user=0.02 sys=0.00, real=0.01 secs] 
2990.363: [GC (Allocation Failure) [PSYoungGen: 68960K->1408K(69632K)] 403644K->336116K(757760K), 0.0023262 secs] [Times: user=0.01 sys=0.00, real=0.00 secs] 
2990.644: [GC (Allocation Failure) [PSYoungGen: 68992K->1344K(69632K)] 403700K->336052K(757760K), 0.0020918 secs] [Times: user=0.01 sys=0.00, real=0.00 secs] 
2990.977: [GC (Allocation Failure) [PSYoungGen: 68928K->1376K(69632K)] 403636K->336084K(757760K), 0.0018517 secs] [Times: user=0.01 sys=0.00, real=0.00 secs] 
2991.401: [GC (Allocation Failure) [PSYoungGen: 68960K->1520K(69632K)] 403668K->336228K(757760K), 0.0016196 secs] [Times: user=0.01 sys=0.00, real=0.00 secs] 
2991.795: [GC (Allocation Failure) [PSYoungGen: 69104K->1613K(69632K)] 403812K->336321K(757760K), 0.0016712 secs] [Times: user=0.01 sys=0.00, real=0.00 secs] 
2992.189: [GC (Allocation Failure) [PSYoungGen: 69197K->1613K(69632K)] 403905K->336321K(757760K), 0.0017295 secs] [Times: user=0.01 sys=0.00, real=0.00 secs] 
2992.632: [GC (Allocation Failure) [PSYoungGen: 69197K->1600K(69632K)] 403905K->336308K(757760K), 0.0020734 secs] [Times: user=0.01 sys=0.00, real=0.00 secs] 
2992.909: [GC (Allocation Failure) [PSYoungGen: 69184K->1376K(69632K)] 403892K->336084K(757760K), 0.0017331 secs] [Times: user=0.00 sys=0.00, real=0.00 secs] 
2993.201: [GC (Allocation Failure) [PSYoungGen: 68960K->1376K(69632K)] 403668K->336084K(757760K), 0.0019002 secs] [Times: user=0.01 sys=0.00, real=0.00 secs] 
2993.617: [GC (Allocation Failure) [PSYoungGen: 68960K->1408K(69632K)] 403668K->336116K(757760K), 0.0018834 secs] [Times: user=0.00 sys=0.00, real=0.01 secs] 
2994.248: [GC (Allocation Failure) [PSYoungGen: 68992K->1408K(69632K)] 403700K->336116K(757760K), 0.0025073 secs] [Times: user=0.01 sys=0.00, real=0.00 secs] 
2994.725: [GC (Allocation Failure) [PSYoungGen: 68992K->1581K(69632K)] 403700K->336289K(757760K), 0.0016396 secs] [Times: user=0.01 sys=0.00, real=0.00 secs] 
2995.118: [GC (Allocation Failure) [PSYoungGen: 69165K->1613K(69632K)] 403873K->336321K(757760K), 0.0016929 secs] [Times: user=0.01 sys=0.00, real=0.00 secs] 
2995.512: [GC (Allocation Failure) [PSYoungGen: 69197K->1485K(69632K)] 403905K->336193K(757760K), 0.0036691 secs] [Times: user=0.01 sys=0.00, real=0.00 secs] 
2995.995: [GC (Allocation Failure) [PSYoungGen: 69069K->1504K(69632K)] 403777K->336220K(757760K), 0.0021917 secs] [Times: user=0.01 sys=0.00, real=0.01 secs] 
2996.276: [GC (Allocation Failure) [PSYoungGen: 69088K->1408K(69632K)] 403804K->336124K(757760K), 0.0020190 secs] [Times: user=0.01 sys=0.00, real=0.01 secs] 
2996.588: [GC (Allocation Failure) [PSYoungGen: 68992K->1440K(69632K)] 403708K->336156K(757760K), 0.0019163 secs] [Times: user=0.01 sys=0.00, real=0.00 secs] 
2996.868: [GC (Allocation Failure) [PSYoungGen: 69024K->1408K(69632K)] 403740K->336124K(757760K), 0.0019278 secs] [Times: user=0.01 sys=0.00, real=0.00 secs] 
2997.272: [GC (Allocation Failure) [PSYoungGen: 68992K->1469K(69632K)] 403708K->336185K(757760K), 0.0018470 secs] [Times: user=0.01 sys=0.00, real=0.00 secs] 
2997.672: [GC (Allocation Failure) [PSYoungGen: 69053K->1549K(69632K)] 403769K->336265K(757760K), 0.0015900 secs] [Times: user=0.01 sys=0.00, real=0.00 secs] 
2998.066: [GC (Allocation Failure) [PSYoungGen: 69128K->1581K(69632K)] 403844K->336297K(757760K), 0.0017295 secs] [Times: user=0.01 sys=0.00, real=0.01 secs] 
2998.462: [GC (Allocation Failure) [PSYoungGen: 69165K->1581K(69632K)] 403881K->336305K(757760K), 0.0016548 secs] [Times: user=0.00 sys=0.00, real=0.00 secs] 
2998.835: [GC (Allocation Failure) [PSYoungGen: 69165K->1504K(69632K)] 403889K->336228K(757760K), 0.0020704 secs] [Times: user=0.01 sys=0.00, real=0.00 secs] 
2999.116: [GC (Allocation Failure) [PSYoungGen: 69088K->1408K(69632K)] 403812K->336132K(757760K), 0.0018635 secs] [Times: user=0.00 sys=0.00, real=0.01 secs] 
2999.437: [GC (Allocation Failure) [PSYoungGen: 68992K->1376K(69632K)] 403716K->336116K(757760K), 0.0017817 secs] [Times: user=0.01 sys=0.00, real=0.00 secs] 
2999.934: [GC (Allocation Failure) [PSYoungGen: 68960K->1408K(69632K)] 403700K->336148K(757760K), 0.0016310 secs] [Times: user=0.01 sys=0.00, real=0.00 secs] 
3000.493: [GC (Allocation Failure) [PSYoungGen: 68992K->1453K(69632K)] 403732K->336193K(757760K), 0.0015482 secs] [Times: user=0.00 sys=0.00, real=0.00 secs] 
3000.888: [GC (Allocation Failure) [PSYoungGen: 69020K->1549K(69632K)] 403760K->336289K(757760K), 0.0016747 secs] [Times: user=0.00 sys=0.00, real=0.00 secs] 
3001.285: [GC (Allocation Failure) [PSYoungGen: 69133K->1533K(69632K)] 403873K->336273K(757760K), 0.0016339 secs] [Times: user=0.00 sys=0.00, real=0.00 secs] 
3001.680: [GC (Allocation Failure) [PSYoungGen: 69117K->1504K(69632K)] 403857K->336252K(757760K), 0.0016479 secs] [Times: user=0.01 sys=0.00, real=0.00 secs] 
3002.087: [GC (Allocation Failure) [PSYoungGen: 69088K->1440K(69632K)] 403836K->336188K(757760K), 0.0018523 secs] [Times: user=0.01 sys=0.00, real=0.00 secs] 
3002.409: [GC (Allocation Failure) [PSYoungGen: 69024K->1376K(69632K)] 403772K->336124K(757760K), 0.0018420 secs] [Times: user=0.01 sys=0.00, real=0.00 secs] 
3002.690: [GC (Allocation Failure) [PSYoungGen: 68960K->1376K(69632K)] 403708K->336124K(757760K), 0.0017747 secs] [Times: user=0.00 sys=0.00, real=0.00 secs] 
3002.971: [GC (Allocation Failure) [PSYoungGen: 68960K->1376K(69632K)] 403708K->336124K(757760K), 0.0020173 secs] [Times: user=0.01 sys=0.00, real=0.00 secs] 
3003.362: [GC (Allocation Failure) [PSYoungGen: 68960K->1533K(69632K)] 403708K->336281K(757760K), 0.0016415 secs] [Times: user=0.01 sys=0.00, real=0.00 secs] 
3003.759: [GC (Allocation Failure) [PSYoungGen: 69117K->1581K(69632K)] 403865K->336329K(757760K), 0.0017207 secs] [Times: user=0.00 sys=0.00, real=0.00 secs] 
3004.154: [GC (Allocation Failure) [PSYoungGen: 69165K->1613K(69632K)] 403913K->336361K(757760K), 0.0016600 secs] [Times: user=0.01 sys=0.00, real=0.00 secs] 
3004.548: [GC (Allocation Failure) [PSYoungGen: 69197K->1597K(69632K)] 403945K->336361K(757760K), 0.0016797 secs] [Times: user=0.01 sys=0.00, real=0.00 secs] 
3004.888: [GC (Allocation Failure) [PSYoungGen: 69181K->1408K(69632K)] 403945K->336172K(757760K), 0.0018071 secs] [Times: user=0.01 sys=0.00, real=0.00 secs] 
3005.183: [GC (Allocation Failure) [PSYoungGen: 68992K->1376K(69632K)] 403756K->336140K(757760K), 0.0015665 secs] [Times: user=0.00 sys=0.00, real=0.00 secs] 
3005.508: [GC (Allocation Failure) [PSYoungGen: 68960K->1408K(69632K)] 403724K->336172K(757760K), 0.0017627 secs] [Times: user=0.01 sys=0.00, real=0.00 secs] 
3005.789: [GC (Allocation Failure) [PSYoungGen: 68992K->1344K(69632K)] 403756K->336108K(757760K), 0.0068852 secs] [Times: user=0.03 sys=0.00, real=0.00 secs] 
3006.218: [GC (Allocation Failure) [PSYoungGen: 68928K->1613K(69632K)] 403692K->336377K(757760K), 0.0016370 secs] [Times: user=0.01 sys=0.00, real=0.00 secs] 
3006.611: [GC (Allocation Failure) [PSYoungGen: 69197K->1629K(69632K)] 403961K->336393K(757760K), 0.0015489 secs] [Times: user=0.01 sys=0.00, real=0.00 secs] 
3007.006: [GC (Allocation Failure) [PSYoungGen: 69213K->1613K(69632K)] 403977K->336377K(757760K), 0.0017083 secs] [Times: user=0.01 sys=0.00, real=0.01 secs] 
3007.469: [GC (Allocation Failure) [PSYoungGen: 69197K->1536K(69632K)] 403961K->336300K(757760K), 0.0017199 secs] [Times: user=0.01 sys=0.00, real=0.00 secs] 
3007.771: [GC (Allocation Failure) [PSYoungGen: 69120K->1376K(69632K)] 403884K->336140K(757760K), 0.0017796 secs] [Times: user=0.01 sys=0.01, real=0.00 secs] 
3008.064: [GC (Allocation Failure) [PSYoungGen: 68960K->1408K(69632K)] 403724K->336172K(757760K), 0.0026685 secs] [Times: user=0.01 sys=0.00, real=0.00 secs] 
3008.346: [GC (Allocation Failure) [PSYoungGen: 68992K->1376K(69632K)] 403756K->336140K(757760K), 0.0022433 secs] [Times: user=0.01 sys=0.00, real=0.01 secs] 
3008.907: [GC (Allocation Failure) [PSYoungGen: 68937K->1485K(69632K)] 403701K->336273K(757760K), 0.0020251 secs] [Times: user=0.01 sys=0.00, real=0.00 secs] 
3009.339: [GC (Allocation Failure) [PSYoungGen: 69069K->1549K(69632K)] 403857K->336337K(757760K), 0.0016643 secs] [Times: user=0.00 sys=0.00, real=0.00 secs] 
3009.732: [GC (Allocation Failure) [PSYoungGen: 69133K->1613K(69632K)] 403921K->336401K(757760K), 0.0016902 secs] [Times: user=0.01 sys=0.00, real=0.00 secs] 
3010.126: [GC (Allocation Failure) [PSYoungGen: 69197K->1597K(69632K)] 403985K->336385K(757760K), 0.0016433 secs] [Times: user=0.00 sys=0.00, real=0.01 secs] 
3010.521: [GC (Allocation Failure) [PSYoungGen: 69181K->1488K(69632K)] 403969K->336276K(757760K), 0.0016799 secs] [Times: user=0.00 sys=0.00, real=0.00 secs] 
3010.802: [GC (Allocation Failure) [PSYoungGen: 69072K->1376K(69632K)] 403860K->336164K(757760K), 0.0016062 secs] [Times: user=0.01 sys=0.00, real=0.00 secs] 
3011.082: [GC (Allocation Failure) [PSYoungGen: 68960K->1408K(69632K)] 403748K->336196K(757760K), 0.0017686 secs] [Times: user=0.01 sys=0.00, real=0.00 secs] 
3011.395: [GC (Allocation Failure) [PSYoungGen: 68992K->1408K(69632K)] 403780K->336196K(757760K), 0.0015402 secs] [Times: user=0.00 sys=0.00, real=0.00 secs] 
3011.752: [GC (Allocation Failure) [PSYoungGen: 68992K->1485K(69632K)] 403780K->336273K(757760K), 0.0016183 secs] [Times: user=0.01 sys=0.00, real=0.00 secs] 
3012.148: [GC (Allocation Failure) [PSYoungGen: 69069K->1549K(69632K)] 403857K->336337K(757760K), 0.0017102 secs] [Times: user=0.01 sys=0.00, real=0.00 secs] 
3012.604: [GC (Allocation Failure) [PSYoungGen: 69133K->1645K(69632K)] 403921K->336433K(757760K), 0.0018401 secs] [Times: user=0.00 sys=0.00, real=0.00 secs] 
3012.998: [GC (Allocation Failure) [PSYoungGen: 69229K->1581K(69632K)] 404017K->336385K(757760K), 0.0017185 secs] [Times: user=0.01 sys=0.00, real=0.00 secs] 
3013.357: [GC (Allocation Failure) [PSYoungGen: 69165K->1456K(69632K)] 403969K->336260K(757760K), 0.0023171 secs] [Times: user=0.00 sys=0.00, real=0.00 secs] 
3013.638: [GC (Allocation Failure) [PSYoungGen: 69040K->1408K(69632K)] 403844K->336212K(757760K), 0.0018512 secs] [Times: user=0.01 sys=0.00, real=0.00 secs] 
3013.938: [GC (Allocation Failure) [PSYoungGen: 68992K->1392K(69632K)] 403796K->336196K(757760K), 0.0018840 secs] [Times: user=0.01 sys=0.00, real=0.00 secs] 
3014.274: [GC (Allocation Failure) [PSYoungGen: 68976K->1376K(69632K)] 403780K->336180K(757760K), 0.0018433 secs] [Times: user=0.01 sys=0.00, real=0.00 secs] 
3014.647: [GC (Allocation Failure) [PSYoungGen: 68960K->1533K(69632K)] 403764K->336345K(757760K), 0.0015864 secs] [Times: user=0.01 sys=0.00, real=0.00 secs] 
3015.103: [GC (Allocation Failure) [PSYoungGen: 69117K->1549K(69632K)] 403929K->336361K(757760K), 0.0018016 secs] [Times: user=0.01 sys=0.00, real=0.00 secs] 
3015.558: [GC (Allocation Failure) [PSYoungGen: 69133K->1581K(69632K)] 403945K->336401K(757760K), 0.0017525 secs] [Times: user=0.01 sys=0.01, real=0.00 secs] 
3015.952: [GC (Allocation Failure) [PSYoungGen: 69165K->1533K(69632K)] 403985K->336361K(757760K), 0.0017338 secs] [Times: user=0.01 sys=0.00, real=0.00 secs] 
3016.593: [GC (Allocation Failure) [PSYoungGen: 69117K->1440K(69632K)] 403945K->336268K(757760K), 0.0037351 secs] [Times: user=0.01 sys=0.00, real=0.00 secs] 
3016.988: [GC (Allocation Failure) [PSYoungGen: 69024K->1376K(69632K)] 403852K->336204K(757760K), 0.0022273 secs] [Times: user=0.01 sys=0.00, real=0.00 secs] 
3017.293: [GC (Allocation Failure) [PSYoungGen: 68960K->1376K(69632K)] 403788K->336204K(757760K), 0.0018682 secs] [Times: user=0.01 sys=0.00, real=0.00 secs] 
3017.702: [GC (Allocation Failure) [PSYoungGen: 68960K->1376K(69632K)] 403788K->336204K(757760K), 0.0020315 secs] [Times: user=0.00 sys=0.00, real=0.00 secs] 
3018.099: [GC (Allocation Failure) [PSYoungGen: 68960K->1549K(69632K)] 403788K->336377K(757760K), 0.0017462 secs] [Times: user=0.01 sys=0.00, real=0.00 secs] 
3018.495: [GC (Allocation Failure) [PSYoungGen: 69133K->1581K(69632K)] 403961K->336409K(757760K), 0.0015862 secs] [Times: user=0.01 sys=0.00, real=0.00 secs] 
3018.891: [GC (Allocation Failure) [PSYoungGen: 69165K->1565K(69632K)] 403993K->336393K(757760K), 0.0016049 secs] [Times: user=0.01 sys=0.00, real=0.00 secs] 
3019.353: [GC (Allocation Failure) [PSYoungGen: 69149K->2016K(69632K)] 403977K->336876K(757760K), 0.0021875 secs] [Times: user=0.00 sys=0.00, real=0.00 secs] 
3019.840: [GC (Allocation Failure) [PSYoungGen: 69600K->1376K(69632K)] 404460K->336236K(757760K), 0.0020118 secs] [Times: user=0.01 sys=0.01, real=0.00 secs] 
3020.310: [GC (Allocation Failure) [PSYoungGen: 68960K->1360K(69632K)] 403820K->336220K(757760K), 0.0027323 secs] [Times: user=0.01 sys=0.00, real=0.00 secs] 
3020.797: [GC (Allocation Failure) [PSYoungGen: 68944K->1376K(69632K)] 403804K->336236K(757760K), 0.0028820 secs] [Times: user=0.01 sys=0.00, real=0.00 secs] 
3021.278: [GC (Allocation Failure) [PSYoungGen: 68960K->1408K(69632K)] 403820K->336268K(757760K), 0.0032803 secs] [Times: user=0.01 sys=0.00, real=0.00 secs] 
3021.876: [GC (Allocation Failure) [PSYoungGen: 68992K->1536K(69632K)] 403852K->336396K(757760K), 0.0016909 secs] [Times: user=0.01 sys=0.00, real=0.01 secs] 
3022.270: [GC (Allocation Failure) [PSYoungGen: 69120K->1613K(69632K)] 403980K->336473K(757760K), 0.0015656 secs] [Times: user=0.00 sys=0.00, real=0.00 secs] 
3022.665: [GC (Allocation Failure) [PSYoungGen: 69197K->1549K(69632K)] 404057K->336409K(757760K), 0.0017699 secs] [Times: user=0.01 sys=0.00, real=0.00 secs] 
3023.186: [GC (Allocation Failure) [PSYoungGen: 69133K->1440K(69632K)] 403993K->336300K(757760K), 0.0017230 secs] [Times: user=0.01 sys=0.00, real=0.01 secs] 
3023.918: [GC (Allocation Failure) [PSYoungGen: 69024K->1408K(69632K)] 403884K->336276K(757760K), 0.0018899 secs] [Times: user=0.00 sys=0.00, real=0.00 secs] 
3024.504: [GC (Allocation Failure) [PSYoungGen: 68992K->1424K(69632K)] 403860K->336292K(757760K), 0.0022444 secs] [Times: user=0.01 sys=0.00, real=0.00 secs] 
3025.159: [GC (Allocation Failure) [PSYoungGen: 69008K->1440K(69632K)] 403876K->336308K(757760K), 0.0025282 secs] [Times: user=0.01 sys=0.00, real=0.00 secs] 
3025.790: [GC (Allocation Failure) [PSYoungGen: 68999K->1520K(69632K)] 403867K->336388K(757760K), 0.0017526 secs] [Times: user=0.01 sys=0.00, real=0.00 secs] 
3026.190: [GC (Allocation Failure) [PSYoungGen: 69104K->1597K(69632K)] 403972K->336465K(757760K), 0.0017521 secs] [Times: user=0.01 sys=0.00, real=0.00 secs] 
3026.596: [GC (Allocation Failure) [PSYoungGen: 69181K->1581K(69632K)] 404049K->336449K(757760K), 0.0015985 secs] [Times: user=0.01 sys=0.00, real=0.01 secs] 
3026.989: [GC (Allocation Failure) [PSYoungGen: 69165K->1581K(69632K)] 404033K->336465K(757760K), 0.0017423 secs] [Times: user=0.00 sys=0.00, real=0.00 secs] 
3027.661: [GC (Allocation Failure) [PSYoungGen: 69165K->1456K(69632K)] 404049K->336340K(757760K), 0.0018365 secs] [Times: user=0.01 sys=0.00, real=0.00 secs] 
3028.250: [GC (Allocation Failure) [PSYoungGen: 69040K->1408K(69632K)] 403924K->336292K(757760K), 0.0032987 secs] [Times: user=0.02 sys=0.00, real=0.00 secs] 
3028.672: [GC (Allocation Failure) [PSYoungGen: 68992K->1376K(69632K)] 403876K->336260K(757760K), 0.0020979 secs] [Times: user=0.01 sys=0.00, real=0.00 secs] 
3029.004: [GC (Allocation Failure) [PSYoungGen: 68960K->1408K(69632K)] 403844K->336292K(757760K), 0.0018477 secs] [Times: user=0.00 sys=0.00, real=0.00 secs] 
3029.480: [GC (Allocation Failure) [PSYoungGen: 68976K->1517K(69632K)] 403860K->336401K(757760K), 0.0015216 secs] [Times: user=0.01 sys=0.00, real=0.00 secs] 
3029.934: [GC (Allocation Failure) [PSYoungGen: 69101K->1597K(69632K)] 403985K->336481K(757760K), 0.0017553 secs] [Times: user=0.01 sys=0.00, real=0.00 secs] 
3030.332: [GC (Allocation Failure) [PSYoungGen: 69181K->1613K(69632K)] 404065K->336497K(757760K), 0.0017787 secs] [Times: user=0.00 sys=0.00, real=0.00 secs] 
3030.728: [GC (Allocation Failure) [PSYoungGen: 69197K->1597K(69632K)] 404081K->336489K(757760K), 0.0017307 secs] [Times: user=0.00 sys=0.00, real=0.00 secs] 
3031.937: [GC (Allocation Failure) [PSYoungGen: 69181K->1376K(69632K)] 404073K->336284K(757760K), 0.0041360 secs] [Times: user=0.02 sys=0.00, real=0.00 secs] 
3032.861: [GC (Allocation Failure) [PSYoungGen: 68960K->1376K(69632K)] 403868K->336284K(757760K), 0.0032342 secs] [Times: user=0.02 sys=0.00, real=0.00 secs] 
3033.568: [GC (Allocation Failure) [PSYoungGen: 68960K->1376K(69632K)] 403868K->336284K(757760K), 0.0032562 secs] [Times: user=0.01 sys=0.00, real=0.00 secs] 
3034.091: [GC (Allocation Failure) [PSYoungGen: 68960K->1440K(69632K)] 403868K->336348K(757760K), 0.0022462 secs] [Times: user=0.01 sys=0.00, real=0.00 secs] 
3034.653: [GC (Allocation Failure) [PSYoungGen: 69024K->1517K(69632K)] 403932K->336425K(757760K), 0.0017558 secs] [Times: user=0.01 sys=0.00, real=0.00 secs] 
3035.047: [GC (Allocation Failure) [PSYoungGen: 69101K->1581K(69632K)] 404009K->336489K(757760K), 0.0016873 secs] [Times: user=0.00 sys=0.00, real=0.00 secs] 
3035.440: [GC (Allocation Failure) [PSYoungGen: 69165K->1581K(69632K)] 404073K->336489K(757760K), 0.0017346 secs] [Times: user=0.00 sys=0.00, real=0.00 secs] 
3035.836: [GC (Allocation Failure) [PSYoungGen: 69165K->320K(69632K)] 404073K->335228K(757760K), 0.0014950 secs] [Times: user=0.01 sys=0.00, real=0.01 secs] 
3036.555: [GC (Allocation Failure) [PSYoungGen: 67904K->1344K(69632K)] 402812K->336252K(757760K), 0.0072516 secs] [Times: user=0.03 sys=0.00, real=0.01 secs] 
3037.344: [GC (Allocation Failure) [PSYoungGen: 68928K->1408K(69632K)] 403836K->336316K(757760K), 0.0021316 secs] [Times: user=0.01 sys=0.00, real=0.00 secs] 
3038.026: [GC (Allocation Failure) [PSYoungGen: 68992K->1408K(69632K)] 403900K->336316K(757760K), 0.0020481 secs] [Times: user=0.01 sys=0.00, real=0.01 secs] 
3038.789: [GC (Allocation Failure) [PSYoungGen: 68992K->1408K(69632K)] 403900K->336316K(757760K), 0.0024998 secs] [Times: user=0.01 sys=0.00, real=0.00 secs] 
3039.326: [GC (Allocation Failure) [PSYoungGen: 68992K->1629K(69632K)] 403900K->336537K(757760K), 0.0016987 secs] [Times: user=0.01 sys=0.00, real=0.01 secs] 
3039.721: [GC (Allocation Failure) [PSYoungGen: 69213K->1613K(69632K)] 404121K->336521K(757760K), 0.0015988 secs] [Times: user=0.01 sys=0.00, real=0.00 secs] 
3040.114: [GC (Allocation Failure) [PSYoungGen: 69197K->1613K(69632K)] 404105K->336521K(757760K), 0.0017082 secs] [Times: user=0.00 sys=0.00, real=0.00 secs] 
3040.568: [GC (Allocation Failure) [PSYoungGen: 69197K->1472K(69632K)] 404105K->336380K(757760K), 0.0019420 secs] [Times: user=0.01 sys=0.00, real=0.00 secs] 
3040.910: [GC (Allocation Failure) [PSYoungGen: 69056K->1376K(69632K)] 403964K->336284K(757760K), 0.0017677 secs] [Times: user=0.00 sys=0.00, real=0.00 secs] 
3041.200: [GC (Allocation Failure) [PSYoungGen: 68960K->1344K(69632K)] 403868K->336268K(757760K), 0.0022868 secs] [Times: user=0.01 sys=0.00, real=0.00 secs] 
3041.483: [GC (Allocation Failure) [PSYoungGen: 68928K->1376K(69632K)] 403852K->336300K(757760K), 0.0025567 secs] [Times: user=0.01 sys=0.00, real=0.00 secs] 
3041.808: [GC (Allocation Failure) [PSYoungGen: 68960K->1437K(69632K)] 403884K->336361K(757760K), 0.0016607 secs] [Times: user=0.00 sys=0.00, real=0.00 secs] 
3042.210: [GC (Allocation Failure) [PSYoungGen: 69006K->1517K(69632K)] 403930K->336441K(757760K), 0.0016739 secs] [Times: user=0.01 sys=0.00, real=0.00 secs] 
3042.605: [GC (Allocation Failure) [PSYoungGen: 69101K->1565K(69632K)] 404025K->336489K(757760K), 0.0017197 secs] [Times: user=0.00 sys=0.00, real=0.00 secs] 
3043.060: [GC (Allocation Failure) [PSYoungGen: 69149K->1581K(69632K)] 404073K->336513K(757760K), 0.0017748 secs] [Times: user=0.00 sys=0.00, real=0.00 secs] 
3044.079: [GC (Allocation Failure) [PSYoungGen: 69165K->1472K(69632K)] 404097K->336404K(757760K), 0.0056193 secs] [Times: user=0.02 sys=0.00, real=0.00 secs] 
3044.665: [GC (Allocation Failure) [PSYoungGen: 69056K->1344K(69632K)] 403988K->336276K(757760K), 0.0020902 secs] [Times: user=0.01 sys=0.00, real=0.00 secs] 
3044.945: [GC (Allocation Failure) [PSYoungGen: 68928K->1376K(69632K)] 403860K->336308K(757760K), 0.0019231 secs] [Times: user=0.00 sys=0.00, real=0.01 secs] 
3045.226: [GC (Allocation Failure) [PSYoungGen: 68960K->1376K(69632K)] 403892K->336308K(757760K), 0.0019095 secs] [Times: user=0.01 sys=0.00, real=0.01 secs] 
3045.569: [GC (Allocation Failure) [PSYoungGen: 68960K->1517K(69632K)] 403892K->336449K(757760K), 0.0014987 secs] [Times: user=0.01 sys=0.00, real=0.00 secs] 
3045.964: [GC (Allocation Failure) [PSYoungGen: 69087K->1613K(69632K)] 404019K->336545K(757760K), 0.0017187 secs] [Times: user=0.00 sys=0.00, real=0.00 secs] 
3046.359: [GC (Allocation Failure) [PSYoungGen: 69197K->1613K(69632K)] 404129K->336545K(757760K), 0.0016238 secs] [Times: user=0.01 sys=0.00, real=0.00 secs] 
3046.753: [GC (Allocation Failure) [PSYoungGen: 69197K->1533K(69632K)] 404129K->336481K(757760K), 0.0022589 secs] [Times: user=0.01 sys=0.00, real=0.00 secs] 
3047.897: [GC (Allocation Failure) [PSYoungGen: 69117K->1408K(69632K)] 404065K->336356K(757760K), 0.0033126 secs] [Times: user=0.02 sys=0.00, real=0.00 secs] 
3048.549: [GC (Allocation Failure) [PSYoungGen: 68992K->1360K(69632K)] 403940K->336308K(757760K), 0.0022367 secs] [Times: user=0.01 sys=0.00, real=0.00 secs] 
3048.877: [GC (Allocation Failure) [PSYoungGen: 68944K->1392K(69632K)] 403892K->336340K(757760K), 0.0017990 secs] [Times: user=0.00 sys=0.00, real=0.01 secs] 
3049.157: [GC (Allocation Failure) [PSYoungGen: 68976K->1408K(69632K)] 403924K->336356K(757760K), 0.0019592 secs] [Times: user=0.01 sys=0.00, real=0.00 secs] 
3049.557: [GC (Allocation Failure) [PSYoungGen: 68992K->1549K(69632K)] 403940K->336497K(757760K), 0.0016625 secs] [Times: user=0.01 sys=0.00, real=0.01 secs] 
3049.951: [GC (Allocation Failure) [PSYoungGen: 69133K->1581K(69632K)] 404081K->336529K(757760K), 0.0017264 secs] [Times: user=0.00 sys=0.00, real=0.00 secs] 
3050.343: [GC (Allocation Failure) [PSYoungGen: 69165K->1520K(69632K)] 404113K->336468K(757760K), 0.0017452 secs] [Times: user=0.01 sys=0.00, real=0.00 secs] 
3050.738: [GC (Allocation Failure) [PSYoungGen: 69104K->1549K(69632K)] 404052K->336521K(757760K), 0.0015678 secs] [Times: user=0.00 sys=0.00, real=0.00 secs] 
3051.574: [GC (Allocation Failure) [PSYoungGen: 69133K->1424K(69632K)] 404105K->336396K(757760K), 0.0016920 secs] [Times: user=0.01 sys=0.00, real=0.00 secs] 
3052.154: [GC (Allocation Failure) [PSYoungGen: 69008K->1376K(69632K)] 403980K->336348K(757760K), 0.0016678 secs] [Times: user=0.00 sys=0.00, real=0.00 secs] 
3052.682: [GC (Allocation Failure) [PSYoungGen: 68960K->1376K(69632K)] 403932K->336348K(757760K), 0.0021298 secs] [Times: user=0.01 sys=0.00, real=0.00 secs] 
3052.973: [GC (Allocation Failure) [PSYoungGen: 68960K->1360K(69632K)] 403932K->336332K(757760K), 0.0018850 secs] [Times: user=0.00 sys=0.00, real=0.00 secs] 
3053.407: [GC (Allocation Failure) [PSYoungGen: 68930K->1517K(69632K)] 403903K->336497K(757760K), 0.0016539 secs] [Times: user=0.01 sys=0.00, real=0.00 secs] 
3053.802: [GC (Allocation Failure) [PSYoungGen: 69101K->1581K(69632K)] 404081K->336561K(757760K), 0.0017282 secs] [Times: user=0.01 sys=0.00, real=0.00 secs] 
3054.197: [GC (Allocation Failure) [PSYoungGen: 69165K->1565K(69632K)] 404145K->336545K(757760K), 0.0017128 secs] [Times: user=0.01 sys=0.00, real=0.00 secs] 
3054.640: [GC (Allocation Failure) [PSYoungGen: 69149K->1536K(69632K)] 404129K->336516K(757760K), 0.0018298 secs] [Times: user=0.00 sys=0.00, real=0.00 secs] 
3055.659: [GC (Allocation Failure) [PSYoungGen: 69120K->1408K(69632K)] 404100K->336388K(757760K), 0.0034742 secs] [Times: user=0.01 sys=0.00, real=0.00 secs] 
3056.304: [GC (Allocation Failure) [PSYoungGen: 68992K->1376K(69632K)] 403972K->336356K(757760K), 0.0037566 secs] [Times: user=0.02 sys=0.01, real=0.01 secs] 
3056.881: [GC (Allocation Failure) [PSYoungGen: 68960K->1424K(69632K)] 403940K->336404K(757760K), 0.0025259 secs] [Times: user=0.01 sys=0.00, real=0.00 secs] 
3057.163: [GC (Allocation Failure) [PSYoungGen: 69008K->1376K(69632K)] 403988K->336356K(757760K), 0.0018116 secs] [Times: user=0.01 sys=0.00, real=0.00 secs] 
3057.670: [GC (Allocation Failure) [PSYoungGen: 68960K->1549K(69632K)] 403940K->336529K(757760K), 0.0017108 secs] [Times: user=0.01 sys=0.00, real=0.00 secs] 
3058.063: [GC (Allocation Failure) [PSYoungGen: 69133K->1581K(69632K)] 404113K->336561K(757760K), 0.0018435 secs] [Times: user=0.00 sys=0.00, real=0.00 secs] 
3058.457: [GC (Allocation Failure) [PSYoungGen: 69165K->1549K(69632K)] 404145K->336529K(757760K), 0.0017400 secs] [Times: user=0.01 sys=0.00, real=0.00 secs] 
3059.026: [GC (Allocation Failure) [PSYoungGen: 69133K->1488K(69632K)] 404113K->336468K(757760K), 0.0036746 secs] [Times: user=0.01 sys=0.00, real=0.01 secs] 
3059.907: [GC (Allocation Failure) [PSYoungGen: 69072K->1408K(69632K)] 404052K->336388K(757760K), 0.0037828 secs] [Times: user=0.01 sys=0.00, real=0.00 secs] 
3060.863: [GC (Allocation Failure) [PSYoungGen: 68992K->1408K(69632K)] 403972K->336388K(757760K), 0.0040606 secs] [Times: user=0.02 sys=0.00, real=0.00 secs] 
3061.794: [GC (Allocation Failure) [PSYoungGen: 68992K->1376K(69632K)] 403972K->336356K(757760K), 0.0034964 secs] [Times: user=0.01 sys=0.00, real=0.01 secs] 
3062.412: [GC (Allocation Failure) [PSYoungGen: 68960K->1485K(69632K)] 403940K->336497K(757760K), 0.0016965 secs] [Times: user=0.00 sys=0.00, real=0.00 secs] 
3062.812: [GC (Allocation Failure) [PSYoungGen: 69069K->1613K(69632K)] 404081K->336625K(757760K), 0.0016837 secs] [Times: user=0.00 sys=0.00, real=0.00 secs] 
3063.210: [GC (Allocation Failure) [PSYoungGen: 69197K->1581K(69632K)] 404209K->336593K(757760K), 0.0016381 secs] [Times: user=0.01 sys=0.00, real=0.00 secs] 
3063.603: [GC (Allocation Failure) [PSYoungGen: 69165K->1629K(69632K)] 404177K->336649K(757760K), 0.0016962 secs] [Times: user=0.01 sys=0.00, real=0.00 secs] 
3063.991: [GC (Allocation Failure) [PSYoungGen: 69213K->1456K(69632K)] 404233K->336476K(757760K), 0.0017779 secs] [Times: user=0.00 sys=0.00, real=0.00 secs] 
3064.272: [GC (Allocation Failure) [PSYoungGen: 69040K->1376K(69632K)] 404060K->336396K(757760K), 0.0020974 secs] [Times: user=0.01 sys=0.00, real=0.00 secs] 
3064.558: [GC (Allocation Failure) [PSYoungGen: 68960K->1376K(69632K)] 403980K->336396K(757760K), 0.0027840 secs] [Times: user=0.02 sys=0.00, real=0.00 secs] 
3064.865: [GC (Allocation Failure) [PSYoungGen: 68960K->1408K(69632K)] 403980K->336428K(757760K), 0.0018809 secs] [Times: user=0.00 sys=0.00, real=0.01 secs] 
3065.256: [GC (Allocation Failure) [PSYoungGen: 68971K->1533K(69632K)] 403991K->336553K(757760K), 0.0016452 secs] [Times: user=0.01 sys=0.00, real=0.01 secs] 
3065.650: [GC (Allocation Failure) [PSYoungGen: 69117K->1581K(69632K)] 404137K->336601K(757760K), 0.0017586 secs] [Times: user=0.01 sys=0.00, real=0.00 secs] 
3066.045: [GC (Allocation Failure) [PSYoungGen: 69165K->1581K(69632K)] 404185K->336601K(757760K), 0.0017092 secs] [Times: user=0.01 sys=0.00, real=0.00 secs] 
3066.438: [GC (Allocation Failure) [PSYoungGen: 69165K->1581K(69632K)] 404185K->336617K(757760K), 0.0015414 secs] [Times: user=0.01 sys=0.00, real=0.00 secs] 
3066.929: [GC (Allocation Failure) [PSYoungGen: 69165K->1408K(69632K)] 404201K->336444K(757760K), 0.0019640 secs] [Times: user=0.01 sys=0.00, real=0.00 secs] 
3067.253: [GC (Allocation Failure) [PSYoungGen: 68992K->1376K(69632K)] 404028K->336412K(757760K), 0.0025273 secs] [Times: user=0.01 sys=0.00, real=0.00 secs] 
3067.540: [GC (Allocation Failure) [PSYoungGen: 68960K->1376K(69632K)] 403996K->336412K(757760K), 0.0015791 secs] [Times: user=0.01 sys=0.00, real=0.00 secs] 
3067.859: [GC (Allocation Failure) [PSYoungGen: 68960K->1376K(69632K)] 403996K->336412K(757760K), 0.0017457 secs] [Times: user=0.01 sys=0.00, real=0.00 secs] 
3068.224: [GC (Allocation Failure) [PSYoungGen: 68930K->1581K(69632K)] 403966K->336617K(757760K), 0.0016512 secs] [Times: user=0.01 sys=0.00, real=0.00 secs] 
3068.619: [GC (Allocation Failure) [PSYoungGen: 69165K->1597K(69632K)] 404201K->336633K(757760K), 0.0016852 secs] [Times: user=0.00 sys=0.00, real=0.00 secs] 
3069.013: [GC (Allocation Failure) [PSYoungGen: 69181K->1613K(69632K)] 404217K->336673K(757760K), 0.0017285 secs] [Times: user=0.01 sys=0.00, real=0.00 secs] 
3069.433: [GC (Allocation Failure) [PSYoungGen: 69197K->1760K(69632K)] 404257K->336820K(757760K), 0.0017276 secs] [Times: user=0.01 sys=0.00, real=0.00 secs] 
3070.101: [GC (Allocation Failure) [PSYoungGen: 69344K->1376K(69632K)] 404404K->336436K(757760K), 0.0018212 secs] [Times: user=0.01 sys=0.00, real=0.00 secs] 
3070.974: [GC (Allocation Failure) [PSYoungGen: 68960K->1376K(69632K)] 404020K->336436K(757760K), 0.0033964 secs] [Times: user=0.01 sys=0.00, real=0.01 secs] 
3071.574: [GC (Allocation Failure) [PSYoungGen: 68960K->1440K(69632K)] 404020K->336500K(757760K), 0.0029551 secs] [Times: user=0.01 sys=0.01, real=0.01 secs] 
3071.912: [GC (Allocation Failure) [PSYoungGen: 69024K->1408K(69632K)] 404084K->336468K(757760K), 0.0019657 secs] [Times: user=0.01 sys=0.00, real=0.00 secs] 
3072.324: [GC (Allocation Failure) [PSYoungGen: 68992K->1549K(69632K)] 404052K->336609K(757760K), 0.0015532 secs] [Times: user=0.00 sys=0.00, real=0.00 secs] 
3072.719: [GC (Allocation Failure) [PSYoungGen: 69133K->1581K(69632K)] 404193K->336641K(757760K), 0.0017080 secs] [Times: user=0.01 sys=0.00, real=0.00 secs] 
3073.113: [GC (Allocation Failure) [PSYoungGen: 69165K->1549K(69632K)] 404225K->336609K(757760K), 0.0016880 secs] [Times: user=0.01 sys=0.00, real=0.00 secs] 
3073.637: [GC (Allocation Failure) [PSYoungGen: 69133K->1504K(69632K)] 404193K->336564K(757760K), 0.0019958 secs] [Times: user=0.00 sys=0.00, real=0.00 secs] 
3074.358: [GC (Allocation Failure) [PSYoungGen: 69088K->1376K(69632K)] 404148K->336436K(757760K), 0.0041994 secs] [Times: user=0.02 sys=0.00, real=0.00 secs] 
3075.072: [GC (Allocation Failure) [PSYoungGen: 68960K->1408K(69632K)] 404020K->336468K(757760K), 0.0022244 secs] [Times: user=0.01 sys=0.00, real=0.00 secs] 
3075.810: [GC (Allocation Failure) [PSYoungGen: 68992K->1408K(69632K)] 404052K->336468K(757760K), 0.0019835 secs] [Times: user=0.01 sys=0.00, real=0.00 secs] 
3076.411: [GC (Allocation Failure) [PSYoungGen: 68970K->1472K(69632K)] 404030K->336532K(757760K), 0.0018943 secs] [Times: user=0.01 sys=0.00, real=0.00 secs] 
3076.890: [GC (Allocation Failure) [PSYoungGen: 69056K->1581K(69632K)] 404116K->336641K(757760K), 0.0018083 secs] [Times: user=0.01 sys=0.00, real=0.00 secs] 
3077.344: [GC (Allocation Failure) [PSYoungGen: 69165K->1552K(69632K)] 404225K->336612K(757760K), 0.0018613 secs] [Times: user=0.00 sys=0.00, real=0.00 secs] 
3077.747: [GC (Allocation Failure) [PSYoungGen: 69136K->1549K(69632K)] 404196K->336625K(757760K), 0.0018328 secs] [Times: user=0.01 sys=0.00, real=0.00 secs] 
3078.448: [GC (Allocation Failure) [PSYoungGen: 69133K->1504K(69632K)] 404209K->336580K(757760K), 0.0040261 secs] [Times: user=0.02 sys=0.00, real=0.00 secs] 
3079.287: [GC (Allocation Failure) [PSYoungGen: 69088K->1440K(69632K)] 404164K->336516K(757760K), 0.0040343 secs] [Times: user=0.01 sys=0.00, real=0.00 secs] 
3079.986: [GC (Allocation Failure) [PSYoungGen: 69024K->1376K(69632K)] 404100K->336452K(757760K), 0.0032234 secs] [Times: user=0.01 sys=0.00, real=0.01 secs] 
3080.555: [GC (Allocation Failure) [PSYoungGen: 68960K->1376K(69632K)] 404036K->336452K(757760K), 0.0035883 secs] [Times: user=0.02 sys=0.00, real=0.01 secs] 
3081.220: [GC (Allocation Failure) [PSYoungGen: 68960K->1485K(69632K)] 404036K->336561K(757760K), 0.0016809 secs] [Times: user=0.01 sys=0.00, real=0.00 secs] 
3081.614: [GC (Allocation Failure) [PSYoungGen: 69069K->1581K(69632K)] 404145K->336657K(757760K), 0.0017025 secs] [Times: user=0.01 sys=0.00, real=0.00 secs] 
3082.010: [GC (Allocation Failure) [PSYoungGen: 69165K->1581K(69632K)] 404241K->336657K(757760K), 0.0015951 secs] [Times: user=0.00 sys=0.00, real=0.00 secs] 
3082.403: [GC (Allocation Failure) [PSYoungGen: 69165K->1581K(69632K)] 404241K->336689K(757760K), 0.0016598 secs] [Times: user=0.01 sys=0.00, real=0.00 secs] 
3083.079: [GC (Allocation Failure) [PSYoungGen: 69165K->1440K(69632K)] 404273K->336548K(757760K), 0.0023431 secs] [Times: user=0.01 sys=0.00, real=0.00 secs] 
3083.690: [GC (Allocation Failure) [PSYoungGen: 69024K->1408K(69632K)] 404132K->336516K(757760K), 0.0029036 secs] [Times: user=0.01 sys=0.00, real=0.00 secs] 
3084.147: [GC (Allocation Failure) [PSYoungGen: 68992K->1344K(69632K)] 404100K->336452K(757760K), 0.0019784 secs] [Times: user=0.01 sys=0.00, real=0.00 secs] 
3084.736: [GC (Allocation Failure) [PSYoungGen: 68928K->1376K(69632K)] 404036K->336484K(757760K), 0.0023016 secs] [Times: user=0.01 sys=0.00, real=0.01 secs] 
3085.291: [GC (Allocation Failure) [PSYoungGen: 68960K->1517K(69632K)] 404068K->336625K(757760K), 0.0017355 secs] [Times: user=0.01 sys=0.00, real=0.00 secs] 
3085.747: [GC (Allocation Failure) [PSYoungGen: 69101K->1565K(69632K)] 404209K->336673K(757760K), 0.0017598 secs] [Times: user=0.00 sys=0.00, real=0.01 secs] 
3086.140: [GC (Allocation Failure) [PSYoungGen: 69149K->1613K(69632K)] 404257K->336721K(757760K), 0.0017939 secs] [Times: user=0.00 sys=0.00, real=0.00 secs] 
3086.592: [GC (Allocation Failure) [PSYoungGen: 69197K->1613K(69632K)] 404305K->336737K(757760K), 0.0017767 secs] [Times: user=0.01 sys=0.00, real=0.00 secs] 
3088.008: [GC (Allocation Failure) [PSYoungGen: 69197K->1440K(69632K)] 404321K->336564K(757760K), 0.0028466 secs] [Times: user=0.01 sys=0.00, real=0.00 secs] 
3088.485: [GC (Allocation Failure) [PSYoungGen: 69024K->1408K(69632K)] 404148K->336532K(757760K), 0.0019812 secs] [Times: user=0.01 sys=0.00, real=0.01 secs] 
3088.979: [GC (Allocation Failure) [PSYoungGen: 68992K->1408K(69632K)] 404116K->336532K(757760K), 0.0023884 secs] [Times: user=0.01 sys=0.00, real=0.00 secs] 
3089.447: [GC (Allocation Failure) [PSYoungGen: 68992K->1408K(69632K)] 404116K->336532K(757760K), 0.0024730 secs] [Times: user=0.01 sys=0.00, real=0.01 secs] 
3090.000: [GC (Allocation Failure) [PSYoungGen: 68992K->1517K(69632K)] 404116K->336641K(757760K), 0.0017840 secs] [Times: user=0.00 sys=0.00, real=0.00 secs] 
3090.397: [GC (Allocation Failure) [PSYoungGen: 69101K->1581K(69632K)] 404225K->336705K(757760K), 0.0017201 secs] [Times: user=0.01 sys=0.00, real=0.00 secs] 
3090.790: [GC (Allocation Failure) [PSYoungGen: 69165K->1581K(69632K)] 404289K->336705K(757760K), 0.0017023 secs] [Times: user=0.00 sys=0.00, real=0.00 secs] 
3091.216: [GC (Allocation Failure) [PSYoungGen: 69165K->1568K(69632K)] 404289K->336692K(757760K), 0.0019765 secs] [Times: user=0.01 sys=0.00, real=0.01 secs] 
3091.564: [GC (Allocation Failure) [PSYoungGen: 69152K->1408K(69632K)] 404276K->336548K(757760K), 0.0019444 secs] [Times: user=0.00 sys=0.00, real=0.00 secs] 
3091.884: [GC (Allocation Failure) [PSYoungGen: 68992K->1376K(69632K)] 404132K->336516K(757760K), 0.0020287 secs] [Times: user=0.00 sys=0.01, real=0.00 secs] 
3092.173: [GC (Allocation Failure) [PSYoungGen: 68960K->1392K(69632K)] 404100K->336532K(757760K), 0.0019392 secs] [Times: user=0.01 sys=0.00, real=0.00 secs] 
3092.531: [GC (Allocation Failure) [PSYoungGen: 68976K->1437K(69632K)] 404116K->336577K(757760K), 0.0020143 secs] [Times: user=0.00 sys=0.00, real=0.00 secs] 
3092.939: [GC (Allocation Failure) [PSYoungGen: 69021K->1613K(69632K)] 404161K->336753K(757760K), 0.0016055 secs] [Times: user=0.00 sys=0.00, real=0.00 secs] 
3093.334: [GC (Allocation Failure) [PSYoungGen: 69197K->1581K(69632K)] 404337K->336721K(757760K), 0.0017159 secs] [Times: user=0.01 sys=0.00, real=0.00 secs] 
3093.728: [GC (Allocation Failure) [PSYoungGen: 69165K->1549K(69632K)] 404305K->336689K(757760K), 0.0015742 secs] [Times: user=0.01 sys=0.00, real=0.00 secs] 
3094.203: [GC (Allocation Failure) [PSYoungGen: 69133K->1488K(69632K)] 404273K->336628K(757760K), 0.0019731 secs] [Times: user=0.01 sys=0.00, real=0.00 secs] 
3094.882: [GC (Allocation Failure) [PSYoungGen: 69072K->1408K(69632K)] 404212K->336548K(757760K), 0.0038149 secs] [Times: user=0.01 sys=0.00, real=0.00 secs] 
3095.555: [GC (Allocation Failure) [PSYoungGen: 68992K->1408K(69632K)] 404132K->336548K(757760K), 0.0032982 secs] [Times: user=0.01 sys=0.00, real=0.01 secs] 
3096.306: [GC (Allocation Failure) [PSYoungGen: 68992K->1408K(69632K)] 404132K->336548K(757760K), 0.0028044 secs] [Times: user=0.01 sys=0.00, real=0.01 secs] 
3097.129: [GC (Allocation Failure) [PSYoungGen: 68991K->1485K(69632K)] 404131K->336625K(757760K), 0.0016826 secs] [Times: user=0.01 sys=0.00, real=0.00 secs] 
3097.536: [GC (Allocation Failure) [PSYoungGen: 69069K->1581K(69632K)] 404209K->336721K(757760K), 0.0018471 secs] [Times: user=0.01 sys=0.00, real=0.01 secs] 
3097.928: [GC (Allocation Failure) [PSYoungGen: 69165K->1581K(69632K)] 404305K->336721K(757760K), 0.0018251 secs] [Times: user=0.01 sys=0.00, real=0.00 secs] 
3098.379: [GC (Allocation Failure) [PSYoungGen: 69165K->1581K(69632K)] 404305K->336737K(757760K), 0.0017805 secs] [Times: user=0.00 sys=0.00, real=0.00 secs] 
3099.002: [GC (Allocation Failure) [PSYoungGen: 69165K->1424K(69632K)] 404321K->336580K(757760K), 0.0031521 secs] [Times: user=0.02 sys=0.00, real=0.00 secs] 
3099.601: [GC (Allocation Failure) [PSYoungGen: 69008K->1408K(69632K)] 404164K->336564K(757760K), 0.0024570 secs] [Times: user=0.01 sys=0.00, real=0.00 secs] 
3100.166: [GC (Allocation Failure) [PSYoungGen: 68992K->1408K(69632K)] 404148K->336564K(757760K), 0.0025186 secs] [Times: user=0.01 sys=0.00, real=0.01 secs] 
3100.766: [GC (Allocation Failure) [PSYoungGen: 68992K->1408K(69632K)] 404148K->336564K(757760K), 0.0021306 secs] [Times: user=0.01 sys=0.00, real=0.01 secs] 
3101.350: [GC (Allocation Failure) [PSYoungGen: 68992K->1520K(69632K)] 404148K->336676K(757760K), 0.0016308 secs] [Times: user=0.01 sys=0.00, real=0.00 secs] 
3101.744: [GC (Allocation Failure) [PSYoungGen: 69073K->1520K(69632K)] 404230K->336700K(757760K), 0.0016664 secs] [Times: user=0.00 sys=0.00, real=0.00 secs] 
3102.139: [GC (Allocation Failure) [PSYoungGen: 69104K->1549K(69632K)] 404284K->336729K(757760K), 0.0016141 secs] [Times: user=0.01 sys=0.00, real=0.00 secs] 
3102.533: [GC (Allocation Failure) [PSYoungGen: 69133K->1549K(69632K)] 404313K->336745K(757760K), 0.0016772 secs] [Times: user=0.00 sys=0.00, real=0.00 secs] 
3103.012: [GC (Allocation Failure) [PSYoungGen: 69133K->1440K(69632K)] 404329K->336636K(757760K), 0.0018360 secs] [Times: user=0.01 sys=0.00, real=0.00 secs] 
3103.532: [GC (Allocation Failure) [PSYoungGen: 69024K->1344K(69632K)] 404220K->336540K(757760K), 0.0017019 secs] [Times: user=0.01 sys=0.00, real=0.00 secs] 
3104.132: [GC (Allocation Failure) [PSYoungGen: 68928K->1408K(69632K)] 404124K->336604K(757760K), 0.0018179 secs] [Times: user=0.01 sys=0.00, real=0.00 secs] 
3104.824: [GC (Allocation Failure) [PSYoungGen: 68992K->1408K(69632K)] 404188K->336604K(757760K), 0.0023117 secs] [Times: user=0.01 sys=0.00, real=0.00 secs] 
3105.388: [GC (Allocation Failure) [PSYoungGen: 68992K->1517K(69632K)] 404188K->336713K(757760K), 0.0016724 secs] [Times: user=0.00 sys=0.00, real=0.00 secs] 
3105.784: [GC (Allocation Failure) [PSYoungGen: 69101K->1549K(69632K)] 404297K->336745K(757760K), 0.0015522 secs] [Times: user=0.01 sys=0.00, real=0.00 secs] 
3106.230: [GC (Allocation Failure) [PSYoungGen: 69133K->1581K(69632K)] 404329K->336777K(757760K), 0.0017779 secs] [Times: user=0.00 sys=0.00, real=0.00 secs] 
3106.690: [GC (Allocation Failure) [PSYoungGen: 69165K->1792K(69632K)] 404361K->336996K(757760K), 0.0017644 secs] [Times: user=0.01 sys=0.01, real=0.00 secs] 
3107.101: [GC (Allocation Failure) [PSYoungGen: 69376K->1376K(69632K)] 404580K->336580K(757760K), 0.0022189 secs] [Times: user=0.01 sys=0.00, real=0.00 secs] 
3107.605: [GC (Allocation Failure) [PSYoungGen: 68960K->1408K(69632K)] 404164K->336612K(757760K), 0.0019669 secs] [Times: user=0.01 sys=0.00, real=0.01 secs] 
3108.135: [GC (Allocation Failure) [PSYoungGen: 68992K->1376K(69632K)] 404196K->336580K(757760K), 0.0039890 secs] [Times: user=0.01 sys=0.00, real=0.01 secs] 
3108.741: [GC (Allocation Failure) [PSYoungGen: 68960K->1376K(69632K)] 404164K->336580K(757760K), 0.0027788 secs] [Times: user=0.01 sys=0.00, real=0.00 secs] 
3109.232: [GC (Allocation Failure) [PSYoungGen: 68960K->1552K(69632K)] 404164K->336756K(757760K), 0.0017130 secs] [Times: user=0.01 sys=0.00, real=0.00 secs] 
3109.630: [GC (Allocation Failure) [PSYoungGen: 69136K->1613K(69632K)] 404340K->336817K(757760K), 0.0016805 secs] [Times: user=0.01 sys=0.00, real=0.00 secs] 
3110.024: [GC (Allocation Failure) [PSYoungGen: 69197K->1613K(69632K)] 404401K->336817K(757760K), 0.0017295 secs] [Times: user=0.01 sys=0.00, real=0.00 secs] 
3110.398: [GC (Allocation Failure) [PSYoungGen: 69197K->1536K(69632K)] 404401K->336748K(757760K), 0.0016452 secs] [Times: user=0.01 sys=0.00, real=0.00 secs] 
3110.701: [GC (Allocation Failure) [PSYoungGen: 69120K->1408K(69632K)] 404332K->336644K(757760K), 0.0017072 secs] [Times: user=0.01 sys=0.00, real=0.00 secs] 
3111.212: [GC (Allocation Failure) [PSYoungGen: 68992K->1376K(69632K)] 404228K->336612K(757760K), 0.0032753 secs] [Times: user=0.01 sys=0.00, real=0.00 secs] 
3111.757: [GC (Allocation Failure) [PSYoungGen: 68960K->1376K(69632K)] 404196K->336612K(757760K), 0.0030072 secs] [Times: user=0.02 sys=0.00, real=0.00 secs] 
3112.389: [GC (Allocation Failure) [PSYoungGen: 68960K->1488K(69632K)] 404196K->336724K(757760K), 0.0021431 secs] [Times: user=0.00 sys=0.00, real=0.00 secs] 
3112.813: [GC (Allocation Failure) [PSYoungGen: 69072K->1613K(69632K)] 404308K->336849K(757760K), 0.0016770 secs] [Times: user=0.01 sys=0.00, real=0.00 secs] 
3113.207: [GC (Allocation Failure) [PSYoungGen: 69197K->1549K(69632K)] 404433K->336785K(757760K), 0.0017109 secs] [Times: user=0.00 sys=0.00, real=0.01 secs] 
3113.601: [GC (Allocation Failure) [PSYoungGen: 69133K->1549K(69632K)] 404369K->336801K(757760K), 0.0017027 secs] [Times: user=0.00 sys=0.00, real=0.00 secs] 
3113.943: [GC (Allocation Failure) [PSYoungGen: 69133K->1488K(69632K)] 404385K->336740K(757760K), 0.0016723 secs] [Times: user=0.01 sys=0.00, real=0.00 secs] 
3114.224: [GC (Allocation Failure) [PSYoungGen: 69072K->1392K(69632K)] 404324K->336644K(757760K), 0.0017145 secs] [Times: user=0.01 sys=0.00, real=0.00 secs] 
3114.505: [GC (Allocation Failure) [PSYoungGen: 68976K->1408K(69632K)] 404228K->336660K(757760K), 0.0016301 secs] [Times: user=0.01 sys=0.00, real=0.00 secs] 
3114.919: [GC (Allocation Failure) [PSYoungGen: 68992K->1376K(69632K)] 404244K->336628K(757760K), 0.0021561 secs] [Times: user=0.01 sys=0.00, real=0.00 secs] 
3115.473: [GC (Allocation Failure) [PSYoungGen: 68960K->1517K(69632K)] 404212K->336769K(757760K), 0.0015695 secs] [Times: user=0.00 sys=0.00, real=0.00 secs] 
3115.924: [GC (Allocation Failure) [PSYoungGen: 69094K->1549K(69632K)] 404346K->336801K(757760K), 0.0018481 secs] [Times: user=0.00 sys=0.00, real=0.00 secs] 
3116.381: [GC (Allocation Failure) [PSYoungGen: 69133K->1613K(69632K)] 404385K->336865K(757760K), 0.0016647 secs] [Times: user=0.01 sys=0.00, real=0.00 secs] 
3116.775: [GC (Allocation Failure) [PSYoungGen: 69197K->1613K(69632K)] 404449K->336889K(757760K), 0.0017949 secs] [Times: user=0.01 sys=0.00, real=0.01 secs] 
3117.490: [GC (Allocation Failure) [PSYoungGen: 69197K->1456K(69632K)] 404473K->336732K(757760K), 0.0031756 secs] [Times: user=0.02 sys=0.00, real=0.00 secs] 
3118.036: [GC (Allocation Failure) [PSYoungGen: 69040K->1424K(69632K)] 404316K->336700K(757760K), 0.0032809 secs] [Times: user=0.01 sys=0.00, real=0.01 secs] 
3118.328: [GC (Allocation Failure) [PSYoungGen: 69008K->1376K(69632K)] 404284K->336652K(757760K), 0.0018641 secs] [Times: user=0.01 sys=0.00, real=0.00 secs] 
3118.681: [GC (Allocation Failure) [PSYoungGen: 68960K->1408K(69632K)] 404236K->336684K(757760K), 0.0021410 secs] [Times: user=0.01 sys=0.00, real=0.00 secs] 
3119.081: [GC (Allocation Failure) [PSYoungGen: 68966K->1581K(69632K)] 404243K->336857K(757760K), 0.0017364 secs] [Times: user=0.01 sys=0.00, real=0.00 secs] 
3119.477: [GC (Allocation Failure) [PSYoungGen: 69165K->1581K(69632K)] 404441K->336857K(757760K), 0.0017828 secs] [Times: user=0.01 sys=0.00, real=0.00 secs] 
3119.875: [GC (Allocation Failure) [PSYoungGen: 69165K->1613K(69632K)] 404441K->336913K(757760K), 0.0016490 secs] [Times: user=0.01 sys=0.00, real=0.00 secs] 
3120.268: [GC (Allocation Failure) [PSYoungGen: 69197K->224K(69632K)] 404497K->335532K(757760K), 0.0014854 secs] [Times: user=0.01 sys=0.00, real=0.00 secs] 
3120.598: [GC (Allocation Failure) [PSYoungGen: 67808K->1408K(69632K)] 403116K->336716K(757760K), 0.0018159 secs] [Times: user=0.01 sys=0.00, real=0.00 secs] 
3120.879: [GC (Allocation Failure) [PSYoungGen: 68992K->1408K(69632K)] 404300K->336716K(757760K), 0.0023259 secs] [Times: user=0.01 sys=0.00, real=0.00 secs] 
3121.235: [GC (Allocation Failure) [PSYoungGen: 68992K->1360K(69632K)] 404300K->336668K(757760K), 0.0023092 secs] [Times: user=0.01 sys=0.00, real=0.01 secs] 
3121.545: [GC (Allocation Failure) [PSYoungGen: 68944K->1376K(69632K)] 404252K->336684K(757760K), 0.0020730 secs] [Times: user=0.01 sys=0.00, real=0.01 secs] 
3121.955: [GC (Allocation Failure) [PSYoungGen: 68960K->1581K(69632K)] 404268K->336889K(757760K), 0.0016903 secs] [Times: user=0.01 sys=0.00, real=0.00 secs] 
3122.350: [GC (Allocation Failure) [PSYoungGen: 69165K->1613K(69632K)] 404473K->336921K(757760K), 0.0017185 secs] [Times: user=0.00 sys=0.00, real=0.00 secs] 
3122.746: [GC (Allocation Failure) [PSYoungGen: 69197K->1549K(69632K)] 404505K->336857K(757760K), 0.0016576 secs] [Times: user=0.01 sys=0.00, real=0.01 secs] 
3123.682: [GC (Allocation Failure) [PSYoungGen: 69133K->1472K(69632K)] 404441K->336788K(757760K), 0.0039126 secs] [Times: user=0.02 sys=0.00, real=0.00 secs] 
3124.922: [GC (Allocation Failure) [PSYoungGen: 69056K->1408K(69632K)] 404372K->336724K(757760K), 0.0037364 secs] [Times: user=0.02 sys=0.00, real=0.00 secs] 
3125.697: [GC (Allocation Failure) [PSYoungGen: 68992K->1408K(69632K)] 404308K->336724K(757760K), 0.0032301 secs] [Times: user=0.01 sys=0.00, real=0.00 secs] 
3126.347: [GC (Allocation Failure) [PSYoungGen: 68992K->1424K(69632K)] 404308K->336740K(757760K), 0.0032457 secs] [Times: user=0.01 sys=0.00, real=0.00 secs] 
3127.014: [GC (Allocation Failure) [PSYoungGen: 69008K->1552K(69632K)] 404324K->336868K(757760K), 0.0026727 secs] [Times: user=0.01 sys=0.00, real=0.00 secs] 
3127.474: [GC (Allocation Failure) [PSYoungGen: 69136K->1613K(69632K)] 404452K->336929K(757760K), 0.0017105 secs] [Times: user=0.00 sys=0.00, real=0.00 secs] 
3127.867: [GC (Allocation Failure) [PSYoungGen: 69194K->1613K(69632K)] 404510K->336929K(757760K), 0.0017332 secs] [Times: user=0.01 sys=0.00, real=0.00 secs] 
3128.263: [GC (Allocation Failure) [PSYoungGen: 69197K->1613K(69632K)] 404513K->336929K(757760K), 0.0016740 secs] [Times: user=0.01 sys=0.00, real=0.00 secs] 
3128.944: [GC (Allocation Failure) [PSYoungGen: 69197K->1488K(69632K)] 404513K->336804K(757760K), 0.0024451 secs] [Times: user=0.01 sys=0.00, real=0.00 secs] 
3129.840: [GC (Allocation Failure) [PSYoungGen: 69072K->1440K(69632K)] 404388K->336756K(757760K), 0.0021821 secs] [Times: user=0.01 sys=0.00, real=0.00 secs] 
3130.694: [GC (Allocation Failure) [PSYoungGen: 69024K->1408K(69632K)] 404340K->336724K(757760K), 0.0022930 secs] [Times: user=0.01 sys=0.00, real=0.00 secs] 
3131.325: [GC (Allocation Failure) [PSYoungGen: 68992K->1376K(69632K)] 404308K->336692K(757760K), 0.0029054 secs] [Times: user=0.01 sys=0.00, real=0.01 secs] 
3132.001: [GC (Allocation Failure) [PSYoungGen: 68960K->1501K(69632K)] 404276K->336817K(757760K), 0.0015859 secs] [Times: user=0.01 sys=0.00, real=0.00 secs] 
3132.397: [GC (Allocation Failure) [PSYoungGen: 69075K->1568K(69632K)] 404391K->336884K(757760K), 0.0016885 secs] [Times: user=0.01 sys=0.00, real=0.00 secs] 
3132.792: [GC (Allocation Failure) [PSYoungGen: 69152K->1597K(69632K)] 404468K->336913K(757760K), 0.0016855 secs] [Times: user=0.01 sys=0.00, real=0.00 secs] 
3133.244: [GC (Allocation Failure) [PSYoungGen: 69181K->1565K(69632K)] 404497K->336897K(757760K), 0.0017941 secs] [Times: user=0.01 sys=0.00, real=0.00 secs] 
3133.692: [GC (Allocation Failure) [PSYoungGen: 69149K->1408K(69632K)] 404481K->336740K(757760K), 0.0021292 secs] [Times: user=0.01 sys=0.00, real=0.00 secs] 
3134.022: [GC (Allocation Failure) [PSYoungGen: 68992K->1376K(69632K)] 404324K->336708K(757760K), 0.0019985 secs] [Times: user=0.00 sys=0.00, real=0.00 secs] 
3134.309: [GC (Allocation Failure) [PSYoungGen: 68960K->1408K(69632K)] 404292K->336740K(757760K), 0.0019691 secs] [Times: user=0.01 sys=0.00, real=0.00 secs] 
3134.598: [GC (Allocation Failure) [PSYoungGen: 68992K->1440K(69632K)] 404324K->336772K(757760K), 0.0018986 secs] [Times: user=0.01 sys=0.00, real=0.00 secs] 
3135.006: [GC (Allocation Failure) [PSYoungGen: 69024K->1549K(69632K)] 404356K->336889K(757760K), 0.0016513 secs] [Times: user=0.00 sys=0.00, real=0.01 secs] 
3135.401: [GC (Allocation Failure) [PSYoungGen: 69133K->1597K(69632K)] 404473K->336937K(757760K), 0.0016898 secs] [Times: user=0.01 sys=0.00, real=0.00 secs] 
3135.794: [GC (Allocation Failure) [PSYoungGen: 69181K->1581K(69632K)] 404521K->336921K(757760K), 0.0017138 secs] [Times: user=0.01 sys=0.00, real=0.00 secs] 
3136.187: [GC (Allocation Failure) [PSYoungGen: 69165K->1581K(69632K)] 404505K->336929K(757760K), 0.0016123 secs] [Times: user=0.01 sys=0.00, real=0.00 secs] 
3136.984: [GC (Allocation Failure) [PSYoungGen: 69165K->1424K(69632K)] 404513K->336780K(757760K), 0.0033406 secs] [Times: user=0.01 sys=0.00, real=0.01 secs] 
3137.658: [GC (Allocation Failure) [PSYoungGen: 69008K->1440K(69632K)] 404364K->336804K(757760K), 0.0030895 secs] [Times: user=0.01 sys=0.00, real=0.00 secs] 
3138.227: [GC (Allocation Failure) [PSYoungGen: 69024K->1408K(69632K)] 404388K->336772K(757760K), 0.0033527 secs] [Times: user=0.01 sys=0.00, real=0.00 secs] 
3138.779: [GC (Allocation Failure) [PSYoungGen: 68992K->1408K(69632K)] 404356K->336772K(757760K), 0.0032862 secs] [Times: user=0.01 sys=0.00, real=0.00 secs] 
3139.361: [GC (Allocation Failure) [PSYoungGen: 68992K->1552K(69632K)] 404356K->336916K(757760K), 0.0017822 secs] [Times: user=0.01 sys=0.00, real=0.00 secs] 
3139.758: [GC (Allocation Failure) [PSYoungGen: 69136K->1549K(69632K)] 404500K->336913K(757760K), 0.0018635 secs] [Times: user=0.00 sys=0.00, real=0.00 secs] 
3140.154: [GC (Allocation Failure) [PSYoungGen: 69133K->1565K(69632K)] 404497K->336945K(757760K), 0.0016888 secs] [Times: user=0.01 sys=0.00, real=0.00 secs] 
3140.578: [GC (Allocation Failure) [PSYoungGen: 69149K->2000K(69632K)] 404529K->337380K(757760K), 0.0020528 secs] [Times: user=0.01 sys=0.00, real=0.00 secs] 
3140.928: [GC (Allocation Failure) [PSYoungGen: 69584K->1376K(69632K)] 404964K->336756K(757760K), 0.0021201 secs] [Times: user=0.01 sys=0.00, real=0.00 secs] 
3141.265: [GC (Allocation Failure) [PSYoungGen: 68960K->1408K(69632K)] 404340K->336788K(757760K), 0.0019807 secs] [Times: user=0.01 sys=0.00, real=0.01 secs] 
3141.584: [GC (Allocation Failure) [PSYoungGen: 68992K->1344K(69632K)] 404372K->336724K(757760K), 0.0020284 secs] [Times: user=0.01 sys=0.01, real=0.00 secs] 
3141.865: [GC (Allocation Failure) [PSYoungGen: 68928K->1408K(69632K)] 404308K->336788K(757760K), 0.0020156 secs] [Times: user=0.01 sys=0.00, real=0.01 secs] 
3142.327: [GC (Allocation Failure) [PSYoungGen: 68992K->1597K(69632K)] 404372K->336977K(757760K), 0.0018157 secs] [Times: user=0.01 sys=0.00, real=0.00 secs] 
3142.784: [GC (Allocation Failure) [PSYoungGen: 69181K->1533K(69632K)] 404561K->336913K(757760K), 0.0017497 secs] [Times: user=0.00 sys=0.00, real=0.00 secs] 
3143.241: [GC (Allocation Failure) [PSYoungGen: 69117K->1565K(69632K)] 404497K->336945K(757760K), 0.0017803 secs] [Times: user=0.00 sys=0.00, real=0.00 secs] 
3143.838: [GC (Allocation Failure) [PSYoungGen: 69149K->1440K(69632K)] 404529K->336820K(757760K), 0.0029193 secs] [Times: user=0.02 sys=0.00, real=0.00 secs] 
3144.462: [GC (Allocation Failure) [PSYoungGen: 69024K->1408K(69632K)] 404404K->336788K(757760K), 0.0034666 secs] [Times: user=0.02 sys=0.01, real=0.00 secs] 
3145.216: [GC (Allocation Failure) [PSYoungGen: 68992K->1376K(69632K)] 404372K->336756K(757760K), 0.0030339 secs] [Times: user=0.02 sys=0.00, real=0.01 secs] 
3145.898: [GC (Allocation Failure) [PSYoungGen: 68960K->1408K(69632K)] 404340K->336788K(757760K), 0.0027810 secs] [Times: user=0.01 sys=0.00, real=0.00 secs] 
3146.538: [GC (Allocation Failure) [PSYoungGen: 68992K->1488K(69632K)] 404372K->336868K(757760K), 0.0018163 secs] [Times: user=0.01 sys=0.00, real=0.00 secs] 
3146.949: [GC (Allocation Failure) [PSYoungGen: 69072K->1613K(69632K)] 404452K->336993K(757760K), 0.0016888 secs] [Times: user=0.01 sys=0.00, real=0.00 secs] 
3147.345: [GC (Allocation Failure) [PSYoungGen: 69197K->1581K(69632K)] 404577K->336961K(757760K), 0.0016891 secs] [Times: user=0.01 sys=0.00, real=0.01 secs] 
3147.739: [GC (Allocation Failure) [PSYoungGen: 69165K->1581K(69632K)] 404545K->336969K(757760K), 0.0017083 secs] [Times: user=0.01 sys=0.00, real=0.00 secs] 
3148.263: [GC (Allocation Failure) [PSYoungGen: 69165K->1456K(69632K)] 404553K->336844K(757760K), 0.0031836 secs] [Times: user=0.01 sys=0.00, real=0.00 secs] 
3148.987: [GC (Allocation Failure) [PSYoungGen: 69040K->1408K(69632K)] 404428K->336796K(757760K), 0.0023635 secs] [Times: user=0.01 sys=0.00, real=0.00 secs] 
3149.843: [GC (Allocation Failure) [PSYoungGen: 68992K->1344K(69632K)] 404380K->336732K(757760K), 0.0047903 secs] [Times: user=0.02 sys=0.00, real=0.01 secs] 
3150.917: [GC (Allocation Failure) [PSYoungGen: 68928K->1440K(69632K)] 404316K->336828K(757760K), 0.0038008 secs] [Times: user=0.02 sys=0.00, real=0.00 secs] 
3152.049: [GC (Allocation Failure) [PSYoungGen: 69024K->1517K(69632K)] 404412K->336905K(757760K), 0.0017353 secs] [Times: user=0.01 sys=0.00, real=0.00 secs] 
3152.504: [GC (Allocation Failure) [PSYoungGen: 69086K->1549K(69632K)] 404474K->336937K(757760K), 0.0016092 secs] [Times: user=0.00 sys=0.00, real=0.00 secs] 
3152.899: [GC (Allocation Failure) [PSYoungGen: 69133K->1565K(69632K)] 404521K->336969K(757760K), 0.0018208 secs] [Times: user=0.01 sys=0.00, real=0.00 secs] 
3153.292: [GC (Allocation Failure) [PSYoungGen: 69149K->1613K(69632K)] 404553K->337033K(757760K), 0.0017886 secs] [Times: user=0.00 sys=0.00, real=0.00 secs] 
3153.660: [GC (Allocation Failure) [PSYoungGen: 69197K->1408K(69632K)] 404617K->336828K(757760K), 0.0028692 secs] [Times: user=0.01 sys=0.00, real=0.00 secs] 
3153.937: [GC (Allocation Failure) [PSYoungGen: 68992K->1376K(69632K)] 404412K->336796K(757760K), 0.0020447 secs] [Times: user=0.01 sys=0.00, real=0.00 secs] 
3154.221: [GC (Allocation Failure) [PSYoungGen: 68960K->1424K(69632K)] 404380K->336844K(757760K), 0.0029981 secs] [Times: user=0.01 sys=0.00, real=0.00 secs] 
3154.502: [GC (Allocation Failure) [PSYoungGen: 69008K->1344K(69632K)] 404428K->336764K(757760K), 0.0020731 secs] [Times: user=0.00 sys=0.01, real=0.00 secs] 
3154.899: [GC (Allocation Failure) [PSYoungGen: 68928K->1517K(69632K)] 404348K->336937K(757760K), 0.0017340 secs] [Times: user=0.01 sys=0.00, real=0.00 secs] 
3155.297: [GC (Allocation Failure) [PSYoungGen: 69101K->1565K(69632K)] 404521K->336985K(757760K), 0.0017009 secs] [Times: user=0.01 sys=0.00, real=0.01 secs] 
3155.691: [GC (Allocation Failure) [PSYoungGen: 69149K->1613K(69632K)] 404569K->337033K(757760K), 0.0016726 secs] [Times: user=0.01 sys=0.00, real=0.00 secs] 
3156.118: [GC (Allocation Failure) [PSYoungGen: 69197K->1792K(69632K)] 404617K->337212K(757760K), 0.0019083 secs] [Times: user=0.00 sys=0.00, real=0.00 secs] 
3156.426: [GC (Allocation Failure) [PSYoungGen: 69376K->1376K(69632K)] 404796K->336796K(757760K), 0.0017501 secs] [Times: user=0.01 sys=0.00, real=0.01 secs] 
3156.706: [GC (Allocation Failure) [PSYoungGen: 68960K->1376K(69632K)] 404380K->336796K(757760K), 0.0019227 secs] [Times: user=0.00 sys=0.00, real=0.01 secs] 
3156.986: [GC (Allocation Failure) [PSYoungGen: 68960K->1360K(69632K)] 404380K->336780K(757760K), 0.0017726 secs] [Times: user=0.00 sys=0.00, real=0.01 secs] 
3157.325: [GC (Allocation Failure) [PSYoungGen: 68944K->1376K(69632K)] 404364K->336796K(757760K), 0.0020086 secs] [Times: user=0.01 sys=0.00, real=0.01 secs] 
3157.770: [GC (Allocation Failure) [PSYoungGen: 68960K->1613K(69632K)] 404380K->337033K(757760K), 0.0016921 secs] [Times: user=0.01 sys=0.00, real=0.00 secs] 
3158.169: [GC (Allocation Failure) [PSYoungGen: 69197K->1613K(69632K)] 404617K->337033K(757760K), 0.0017550 secs] [Times: user=0.01 sys=0.00, real=0.00 secs] 
3158.561: [GC (Allocation Failure) [PSYoungGen: 69197K->1629K(69632K)] 404617K->337073K(757760K), 0.0015934 secs] [Times: user=0.01 sys=0.00, real=0.00 secs] 
3159.345: [GC (Allocation Failure) [PSYoungGen: 69213K->1440K(69632K)] 404657K->336884K(757760K), 0.0022012 secs] [Times: user=0.01 sys=0.00, real=0.01 secs] 
3159.761: [GC (Allocation Failure) [PSYoungGen: 69024K->1408K(69632K)] 404468K->336852K(757760K), 0.0021129 secs] [Times: user=0.01 sys=0.00, real=0.00 secs] 
3160.042: [GC (Allocation Failure) [PSYoungGen: 68992K->1408K(69632K)] 404436K->336852K(757760K), 0.0019051 secs] [Times: user=0.00 sys=0.00, real=0.00 secs] 
3160.323: [GC (Allocation Failure) [PSYoungGen: 68992K->1344K(69632K)] 404436K->336788K(757760K), 0.0019567 secs] [Times: user=0.00 sys=0.00, real=0.00 secs] 
3160.691: [GC (Allocation Failure) [PSYoungGen: 68928K->1501K(69632K)] 404372K->336945K(757760K), 0.0016823 secs] [Times: user=0.00 sys=0.00, real=0.00 secs] 
3161.086: [GC (Allocation Failure) [PSYoungGen: 69085K->1581K(69632K)] 404529K->337025K(757760K), 0.0016269 secs] [Times: user=0.01 sys=0.00, real=0.01 secs] 
3161.481: [GC (Allocation Failure) [PSYoungGen: 69157K->1584K(69632K)] 404601K->337028K(757760K), 0.0017511 secs] [Times: user=0.01 sys=0.00, real=0.00 secs] 
3161.880: [GC (Allocation Failure) [PSYoungGen: 69168K->1581K(69632K)] 404612K->337041K(757760K), 0.0018220 secs] [Times: user=0.00 sys=0.00, real=0.00 secs] 
3162.399: [GC (Allocation Failure) [PSYoungGen: 69165K->1472K(69632K)] 404625K->336932K(757760K), 0.0020867 secs] [Times: user=0.01 sys=0.00, real=0.00 secs] 
3162.982: [GC (Allocation Failure) [PSYoungGen: 69056K->1376K(69632K)] 404516K->336836K(757760K), 0.0020946 secs] [Times: user=0.01 sys=0.00, real=0.00 secs] 
3163.548: [GC (Allocation Failure) [PSYoungGen: 68960K->1440K(69632K)] 404420K->336900K(757760K), 0.0021877 secs] [Times: user=0.01 sys=0.00, real=0.00 secs] 
3164.116: [GC (Allocation Failure) [PSYoungGen: 69024K->1408K(69632K)] 404484K->336868K(757760K), 0.0019151 secs] [Times: user=0.01 sys=0.00, real=0.01 secs] 
3164.589: [GC (Allocation Failure) [PSYoungGen: 68992K->1469K(69632K)] 404452K->336929K(757760K), 0.0016396 secs] [Times: user=0.01 sys=0.00, real=0.00 secs] 
3164.987: [GC (Allocation Failure) [PSYoungGen: 69053K->1613K(69632K)] 404513K->337073K(757760K), 0.0017582 secs] [Times: user=0.00 sys=0.00, real=0.01 secs] 
3165.381: [GC (Allocation Failure) [PSYoungGen: 69197K->1629K(69632K)] 404657K->337089K(757760K), 0.0017199 secs] [Times: user=0.01 sys=0.00, real=0.00 secs] 
3165.775: [GC (Allocation Failure) [PSYoungGen: 69213K->1581K(69632K)] 404673K->337049K(757760K), 0.0016512 secs] [Times: user=0.01 sys=0.00, real=0.01 secs] 
3166.402: [GC (Allocation Failure) [PSYoungGen: 69165K->1408K(69632K)] 404633K->336876K(757760K), 0.0028234 secs] [Times: user=0.01 sys=0.00, real=0.00 secs] 
3167.028: [GC (Allocation Failure) [PSYoungGen: 68992K->1376K(69632K)] 404460K->336844K(757760K), 0.0030943 secs] [Times: user=0.01 sys=0.00, real=0.00 secs] 
3167.609: [GC (Allocation Failure) [PSYoungGen: 68960K->1376K(69632K)] 404428K->336844K(757760K), 0.0032926 secs] [Times: user=0.01 sys=0.00, real=0.00 secs] 
3167.998: [GC (Allocation Failure) [PSYoungGen: 68960K->1376K(69632K)] 404428K->336844K(757760K), 0.0020773 secs] [Times: user=0.01 sys=0.00, real=0.00 secs] 
3168.394: [GC (Allocation Failure) [PSYoungGen: 68937K->1485K(69632K)] 404405K->336953K(757760K), 0.0016380 secs] [Times: user=0.00 sys=0.00, real=0.00 secs] 
3168.787: [GC (Allocation Failure) [PSYoungGen: 69069K->1581K(69632K)] 404537K->337049K(757760K), 0.0017724 secs] [Times: user=0.01 sys=0.00, real=0.00 secs] 
3169.179: [GC (Allocation Failure) [PSYoungGen: 69165K->1581K(69632K)] 404633K->337049K(757760K), 0.0016556 secs] [Times: user=0.01 sys=0.00, real=0.00 secs] 
3169.575: [GC (Allocation Failure) [PSYoungGen: 69165K->1613K(69632K)] 404633K->337097K(757760K), 0.0017203 secs] [Times: user=0.00 sys=0.00, real=0.00 secs] 
3170.095: [GC (Allocation Failure) [PSYoungGen: 69197K->1440K(69632K)] 404681K->336924K(757760K), 0.0016836 secs] [Times: user=0.01 sys=0.00, real=0.00 secs] 
3170.668: [GC (Allocation Failure) [PSYoungGen: 69024K->1408K(69632K)] 404508K->336916K(757760K), 0.0039658 secs] [Times: user=0.02 sys=0.00, real=0.00 secs] 
3171.320: [GC (Allocation Failure) [PSYoungGen: 68992K->1408K(69632K)] 404500K->336916K(757760K), 0.0032504 secs] [Times: user=0.02 sys=0.00, real=0.00 secs] 
3171.885: [GC (Allocation Failure) [PSYoungGen: 68992K->1408K(69632K)] 404500K->336916K(757760K), 0.0027300 secs] [Times: user=0.01 sys=0.00, real=0.01 secs] 
3172.371: [GC (Allocation Failure) [PSYoungGen: 68991K->1613K(69632K)] 404499K->337121K(757760K), 0.0016202 secs] [Times: user=0.00 sys=0.00, real=0.00 secs] 
3172.765: [GC (Allocation Failure) [PSYoungGen: 69197K->1613K(69632K)] 404705K->337121K(757760K), 0.0017144 secs] [Times: user=0.01 sys=0.00, real=0.01 secs] 
3173.158: [GC (Allocation Failure) [PSYoungGen: 69197K->1581K(69632K)] 404705K->337089K(757760K), 0.0017106 secs] [Times: user=0.00 sys=0.00, real=0.00 secs] 
3173.578: [GC (Allocation Failure) [PSYoungGen: 69165K->1504K(69632K)] 404673K->337020K(757760K), 0.0018288 secs] [Times: user=0.01 sys=0.00, real=0.00 secs] 
3173.912: [GC (Allocation Failure) [PSYoungGen: 69088K->1408K(69632K)] 404604K->336924K(757760K), 0.0018566 secs] [Times: user=0.01 sys=0.01, real=0.00 secs] 
3174.233: [GC (Allocation Failure) [PSYoungGen: 68992K->1440K(69632K)] 404508K->336956K(757760K), 0.0018958 secs] [Times: user=0.01 sys=0.00, real=0.00 secs] 
3174.556: [GC (Allocation Failure) [PSYoungGen: 69024K->1376K(69632K)] 404540K->336892K(757760K), 0.0027774 secs] [Times: user=0.02 sys=0.00, real=0.01 secs] 
3174.903: [GC (Allocation Failure) [PSYoungGen: 68960K->1485K(69632K)] 404476K->337001K(757760K), 0.0018315 secs] [Times: user=0.01 sys=0.00, real=0.00 secs] 
3175.316: [GC (Allocation Failure) [PSYoungGen: 69069K->1581K(69632K)] 404585K->337097K(757760K), 0.0017879 secs] [Times: user=0.01 sys=0.00, real=0.01 secs] 
3175.769: [GC (Allocation Failure) [PSYoungGen: 69165K->1581K(69632K)] 404681K->337097K(757760K), 0.0016272 secs] [Times: user=0.01 sys=0.00, real=0.00 secs] 
3176.218: [GC (Allocation Failure) [PSYoungGen: 69165K->1613K(69632K)] 404681K->337129K(757760K), 0.0017846 secs] [Times: user=0.01 sys=0.00, real=0.00 secs] 
3176.878: [GC (Allocation Failure) [PSYoungGen: 69197K->1408K(69632K)] 404713K->336924K(757760K), 0.0035951 secs] [Times: user=0.02 sys=0.00, real=0.00 secs] 
3177.578: [GC (Allocation Failure) [PSYoungGen: 68992K->1408K(69632K)] 404508K->336924K(757760K), 0.0030693 secs] [Times: user=0.02 sys=0.00, real=0.00 secs] 
3178.603: [GC (Allocation Failure) [PSYoungGen: 68992K->1440K(69632K)] 404508K->336956K(757760K), 0.0041880 secs] [Times: user=0.02 sys=0.00, real=0.01 secs] 
3179.621: [GC (Allocation Failure) [PSYoungGen: 69024K->1424K(69632K)] 404540K->336940K(757760K), 0.0035431 secs] [Times: user=0.01 sys=0.00, real=0.00 secs] 
3180.497: [GC (Allocation Failure) [PSYoungGen: 68996K->1501K(69632K)] 404512K->337017K(757760K), 0.0019102 secs] [Times: user=0.01 sys=0.00, real=0.00 secs] 
3180.978: [GC (Allocation Failure) [PSYoungGen: 69085K->1581K(69632K)] 404601K->337097K(757760K), 0.0016790 secs] [Times: user=0.01 sys=0.00, real=0.00 secs] 
3181.372: [GC (Allocation Failure) [PSYoungGen: 69165K->1581K(69632K)] 404681K->337097K(757760K), 0.0017271 secs] [Times: user=0.00 sys=0.00, real=0.00 secs] 
3181.827: [GC (Allocation Failure) [PSYoungGen: 69165K->1613K(69632K)] 404681K->337161K(757760K), 0.0018052 secs] [Times: user=0.01 sys=0.00, real=0.00 secs] 
3182.731: [GC (Allocation Failure) [PSYoungGen: 69197K->1456K(69632K)] 404745K->337004K(757760K), 0.0035085 secs] [Times: user=0.02 sys=0.00, real=0.00 secs] 
3183.342: [GC (Allocation Failure) [PSYoungGen: 69040K->1424K(69632K)] 404588K->336972K(757760K), 0.0027320 secs] [Times: user=0.01 sys=0.00, real=0.00 secs] 
3184.089: [GC (Allocation Failure) [PSYoungGen: 69008K->1424K(69632K)] 404556K->336972K(757760K), 0.0021047 secs] [Times: user=0.01 sys=0.00, real=0.00 secs] 
3184.853: [GC (Allocation Failure) [PSYoungGen: 69008K->1408K(69632K)] 404556K->336956K(757760K), 0.0022857 secs] [Times: user=0.01 sys=0.00, real=0.00 secs] 
3185.560: [GC (Allocation Failure) [PSYoungGen: 68992K->1549K(69632K)] 404540K->337097K(757760K), 0.0015696 secs] [Times: user=0.01 sys=0.00, real=0.00 secs] 
3185.953: [GC (Allocation Failure) [PSYoungGen: 69133K->1581K(69632K)] 404681K->337129K(757760K), 0.0016817 secs] [Times: user=0.00 sys=0.00, real=0.00 secs] 
3186.345: [GC (Allocation Failure) [PSYoungGen: 69165K->1581K(69632K)] 404713K->337129K(757760K), 0.0018386 secs] [Times: user=0.01 sys=0.00, real=0.01 secs] 
3186.739: [GC (Allocation Failure) [PSYoungGen: 69165K->1581K(69632K)] 404713K->337145K(757760K), 0.0015881 secs] [Times: user=0.00 sys=0.00, real=0.00 secs] 
3187.109: [GC (Allocation Failure) [PSYoungGen: 69165K->1408K(69632K)] 404729K->336972K(757760K), 0.0018335 secs] [Times: user=0.01 sys=0.00, real=0.00 secs] 
3187.632: [GC (Allocation Failure) [PSYoungGen: 68992K->1376K(69632K)] 404556K->336940K(757760K), 0.0017710 secs] [Times: user=0.01 sys=0.00, real=0.00 secs] 
3188.371: [GC (Allocation Failure) [PSYoungGen: 68960K->1408K(69632K)] 404524K->336972K(757760K), 0.0019114 secs] [Times: user=0.00 sys=0.00, real=0.00 secs] 
3189.112: [GC (Allocation Failure) [PSYoungGen: 68992K->1408K(69632K)] 404556K->336972K(757760K), 0.0039121 secs] [Times: user=0.02 sys=0.00, real=0.00 secs] 
3189.819: [GC (Allocation Failure) [PSYoungGen: 68992K->1485K(69632K)] 404556K->337049K(757760K), 0.0016569 secs] [Times: user=0.00 sys=0.00, real=0.00 secs] 
3190.215: [GC (Allocation Failure) [PSYoungGen: 69069K->1645K(69632K)] 404633K->337209K(757760K), 0.0018152 secs] [Times: user=0.00 sys=0.00, real=0.00 secs] 
3190.618: [GC (Allocation Failure) [PSYoungGen: 69229K->1581K(69632K)] 404793K->337145K(757760K), 0.0016781 secs] [Times: user=0.01 sys=0.00, real=0.00 secs] 
3191.311: [GC (Allocation Failure) [PSYoungGen: 69165K->2016K(69632K)] 404729K->337580K(757760K), 0.0020443 secs] [Times: user=0.00 sys=0.00, real=0.00 secs] 
3191.593: [GC (Allocation Failure) [PSYoungGen: 69600K->1376K(69632K)] 405164K->336956K(757760K), 0.0020363 secs] [Times: user=0.00 sys=0.00, real=0.00 secs] 
3191.874: [GC (Allocation Failure) [PSYoungGen: 68960K->1408K(69632K)] 404540K->336988K(757760K), 0.0019696 secs] [Times: user=0.01 sys=0.00, real=0.00 secs] 
3192.155: [GC (Allocation Failure) [PSYoungGen: 68992K->1376K(69632K)] 404572K->336956K(757760K), 0.0025350 secs] [Times: user=0.02 sys=0.00, real=0.01 secs] 
3192.719: [GC (Allocation Failure) [PSYoungGen: 68960K->1376K(69632K)] 404540K->336956K(757760K), 0.0022411 secs] [Times: user=0.01 sys=0.00, real=0.00 secs] 
3193.288: [GC (Allocation Failure) [PSYoungGen: 68959K->1549K(69632K)] 404539K->337129K(757760K), 0.0018558 secs] [Times: user=0.01 sys=0.00, real=0.00 secs] 
3193.739: [GC (Allocation Failure) [PSYoungGen: 69133K->1613K(69632K)] 404713K->337193K(757760K), 0.0017544 secs] [Times: user=0.01 sys=0.00, real=0.00 secs] 
3194.132: [GC (Allocation Failure) [PSYoungGen: 69197K->1581K(69632K)] 404777K->337161K(757760K), 0.0016753 secs] [Times: user=0.01 sys=0.00, real=0.00 secs] 
3194.673: [GC (Allocation Failure) [PSYoungGen: 69165K->1440K(69632K)] 404745K->337020K(757760K), 0.0032889 secs] [Times: user=0.01 sys=0.00, real=0.00 secs] 
3195.118: [GC (Allocation Failure) [PSYoungGen: 69024K->1376K(69632K)] 404604K->336956K(757760K), 0.0020882 secs] [Times: user=0.01 sys=0.00, real=0.00 secs] 
3195.432: [GC (Allocation Failure) [PSYoungGen: 68960K->1376K(69632K)] 404540K->336956K(757760K), 0.0019875 secs] [Times: user=0.01 sys=0.00, real=0.00 secs] 
3195.757: [GC (Allocation Failure) [PSYoungGen: 68960K->1440K(69632K)] 404540K->337020K(757760K), 0.0018687 secs] [Times: user=0.01 sys=0.00, real=0.00 secs] 
3196.128: [GC (Allocation Failure) [PSYoungGen: 69020K->1469K(69632K)] 404600K->337049K(757760K), 0.0015814 secs] [Times: user=0.01 sys=0.00, real=0.00 secs] 
3196.523: [GC (Allocation Failure) [PSYoungGen: 69053K->1613K(69632K)] 404633K->337193K(757760K), 0.0016294 secs] [Times: user=0.01 sys=0.00, real=0.00 secs] 
3196.916: [GC (Allocation Failure) [PSYoungGen: 69197K->1581K(69632K)] 404777K->337161K(757760K), 0.0017398 secs] [Times: user=0.00 sys=0.00, real=0.01 secs] 
3197.310: [GC (Allocation Failure) [PSYoungGen: 69165K->1565K(69632K)] 404745K->337153K(757760K), 0.0017855 secs] [Times: user=0.01 sys=0.00, real=0.00 secs] 
3198.032: [GC (Allocation Failure) [PSYoungGen: 69149K->1456K(69632K)] 404737K->337044K(757760K), 0.0029287 secs] [Times: user=0.02 sys=0.00, real=0.00 secs] 
3198.374: [GC (Allocation Failure) [PSYoungGen: 69040K->1408K(69632K)] 404628K->336996K(757760K), 0.0018268 secs] [Times: user=0.01 sys=0.00, real=0.00 secs] 
3198.656: [GC (Allocation Failure) [PSYoungGen: 68992K->1408K(69632K)] 404580K->336996K(757760K), 0.0017570 secs] [Times: user=0.01 sys=0.00, real=0.01 secs] 
3198.938: [GC (Allocation Failure) [PSYoungGen: 68992K->1376K(69632K)] 404580K->336964K(757760K), 0.0019198 secs] [Times: user=0.01 sys=0.00, real=0.00 secs] 
3199.304: [GC (Allocation Failure) [PSYoungGen: 68960K->1485K(69632K)] 404548K->337097K(757760K), 0.0016605 secs] [Times: user=0.00 sys=0.00, real=0.00 secs] 
3199.773: [GC (Allocation Failure) [PSYoungGen: 69043K->1581K(69632K)] 404655K->337193K(757760K), 0.0018246 secs] [Times: user=0.00 sys=0.00, real=0.00 secs] 
3200.169: [GC (Allocation Failure) [PSYoungGen: 69165K->1581K(69632K)] 404777K->337193K(757760K), 0.0016368 secs] [Times: user=0.01 sys=0.00, real=0.00 secs] 
3200.568: [GC (Allocation Failure) [PSYoungGen: 69165K->1549K(69632K)] 404777K->337169K(757760K), 0.0014877 secs] [Times: user=0.00 sys=0.00, real=0.00 secs] 
3201.778: [GC (Allocation Failure) [PSYoungGen: 69133K->1440K(69632K)] 404753K->337060K(757760K), 0.0038262 secs] [Times: user=0.02 sys=0.00, real=0.00 secs] 
3202.524: [GC (Allocation Failure) [PSYoungGen: 69024K->1424K(69632K)] 404644K->337044K(757760K), 0.0031307 secs] [Times: user=0.02 sys=0.00, real=0.01 secs] 
3202.807: [GC (Allocation Failure) [PSYoungGen: 69008K->1376K(69632K)] 404628K->336996K(757760K), 0.0020986 secs] [Times: user=0.01 sys=0.00, real=0.01 secs] 
3203.126: [GC (Allocation Failure) [PSYoungGen: 68960K->1408K(69632K)] 404580K->337028K(757760K), 0.0018442 secs] [Times: user=0.00 sys=0.00, real=0.01 secs] 
3203.547: [GC (Allocation Failure) [PSYoungGen: 68992K->1517K(69632K)] 404612K->337137K(757760K), 0.0016490 secs] [Times: user=0.00 sys=0.00, real=0.00 secs] 
3203.942: [GC (Allocation Failure) [PSYoungGen: 69101K->1613K(69632K)] 404721K->337233K(757760K), 0.0016050 secs] [Times: user=0.01 sys=0.00, real=0.00 secs] 
3204.343: [GC (Allocation Failure) [PSYoungGen: 69197K->1581K(69632K)] 404817K->337201K(757760K), 0.0017472 secs] [Times: user=0.01 sys=0.00, real=0.00 secs] 
3204.730: [GC (Allocation Failure) [PSYoungGen: 69165K->1504K(69632K)] 404785K->337124K(757760K), 0.0017565 secs] [Times: user=0.01 sys=0.00, real=0.00 secs] 
3207.011: [GC (Allocation Failure) [PSYoungGen: 69088K->1408K(69632K)] 404708K->337028K(757760K), 0.0022675 secs] [Times: user=0.01 sys=0.00, real=0.00 secs] 
3207.285: [GC (Allocation Failure) [PSYoungGen: 68992K->1376K(69632K)] 404612K->336996K(757760K), 0.0019104 secs] [Times: user=0.01 sys=0.00, real=0.01 secs] 
3207.566: [GC (Allocation Failure) [PSYoungGen: 68960K->1408K(69632K)] 404580K->337028K(757760K), 0.0018556 secs] [Times: user=0.00 sys=0.00, real=0.01 secs] 
3207.847: [GC (Allocation Failure) [PSYoungGen: 68992K->1408K(69632K)] 404612K->337028K(757760K), 0.0020846 secs] [Times: user=0.00 sys=0.00, real=0.00 secs] 
3208.263: [GC (Allocation Failure) [PSYoungGen: 68992K->1565K(69632K)] 404612K->337185K(757760K), 0.0016782 secs] [Times: user=0.00 sys=0.00, real=0.00 secs] 
3208.656: [GC (Allocation Failure) [PSYoungGen: 69144K->1581K(69632K)] 404764K->337201K(757760K), 0.0017514 secs] [Times: user=0.01 sys=0.00, real=0.01 secs] 
3209.053: [GC (Allocation Failure) [PSYoungGen: 69165K->1549K(69632K)] 404785K->337169K(757760K), 0.0016803 secs] [Times: user=0.01 sys=0.00, real=0.00 secs] 
3209.468: [GC (Allocation Failure) [PSYoungGen: 69133K->1472K(69632K)] 404753K->337092K(757760K), 0.0020114 secs] [Times: user=0.01 sys=0.00, real=0.00 secs] 
3209.804: [GC (Allocation Failure) [PSYoungGen: 69056K->1376K(69632K)] 404676K->336996K(757760K), 0.0019124 secs] [Times: user=0.01 sys=0.00, real=0.00 secs] 
3210.085: [GC (Allocation Failure) [PSYoungGen: 68960K->1376K(69632K)] 404580K->336996K(757760K), 0.0018968 secs] [Times: user=0.01 sys=0.00, real=0.01 secs] 
3210.398: [GC (Allocation Failure) [PSYoungGen: 68960K->1392K(69632K)] 404580K->337012K(757760K), 0.0018896 secs] [Times: user=0.00 sys=0.00, real=0.00 secs] 
3210.761: [GC (Allocation Failure) [PSYoungGen: 68955K->1517K(69632K)] 404575K->337169K(757760K), 0.0039676 secs] [Times: user=0.01 sys=0.00, real=0.00 secs] 
3211.172: [GC (Allocation Failure) [PSYoungGen: 69101K->1613K(69632K)] 404753K->337265K(757760K), 0.0016400 secs] [Times: user=0.00 sys=0.00, real=0.00 secs] 
3211.565: [GC (Allocation Failure) [PSYoungGen: 69197K->1549K(69632K)] 404849K->337201K(757760K), 0.0017131 secs] [Times: user=0.01 sys=0.00, real=0.01 secs] 
3211.962: [GC (Allocation Failure) [PSYoungGen: 69133K->1549K(69632K)] 404785K->337217K(757760K), 0.0017140 secs] [Times: user=0.01 sys=0.00, real=0.00 secs] 
3212.534: [GC (Allocation Failure) [PSYoungGen: 69133K->1472K(69632K)] 404801K->337148K(757760K), 0.0022124 secs] [Times: user=0.01 sys=0.00, real=0.00 secs] 
3213.150: [GC (Allocation Failure) [PSYoungGen: 69056K->1376K(69632K)] 404732K->337052K(757760K), 0.0031630 secs] [Times: user=0.01 sys=0.00, real=0.00 secs] 
3213.701: [GC (Allocation Failure) [PSYoungGen: 68960K->1408K(69632K)] 404636K->337092K(757760K), 0.0028334 secs] [Times: user=0.01 sys=0.00, real=0.00 secs] 
3214.172: [GC (Allocation Failure) [PSYoungGen: 68992K->1392K(69632K)] 404676K->337076K(757760K), 0.0020905 secs] [Times: user=0.01 sys=0.00, real=0.00 secs] 
3214.568: [GC (Allocation Failure) [PSYoungGen: 68946K->1501K(69632K)] 404630K->337185K(757760K), 0.0016378 secs] [Times: user=0.00 sys=0.00, real=0.00 secs] 
3214.963: [GC (Allocation Failure) [PSYoungGen: 69085K->1581K(69632K)] 404769K->337265K(757760K), 0.0017233 secs] [Times: user=0.01 sys=0.00, real=0.00 secs] 
3215.359: [GC (Allocation Failure) [PSYoungGen: 69165K->1549K(69632K)] 404849K->337233K(757760K), 0.0017920 secs] [Times: user=0.01 sys=0.00, real=0.00 secs] 
3215.753: [GC (Allocation Failure) [PSYoungGen: 69133K->1565K(69632K)] 404817K->337265K(757760K), 0.0017215 secs] [Times: user=0.00 sys=0.00, real=0.00 secs] 
3216.446: [GC (Allocation Failure) [PSYoungGen: 69149K->1408K(69632K)] 404849K->337108K(757760K), 0.0020710 secs] [Times: user=0.01 sys=0.00, real=0.01 secs] 
3217.357: [GC (Allocation Failure) [PSYoungGen: 68992K->1440K(69632K)] 404692K->337140K(757760K), 0.0039158 secs] [Times: user=0.01 sys=0.00, real=0.00 secs] 
3218.310: [GC (Allocation Failure) [PSYoungGen: 69024K->1440K(69632K)] 404724K->337140K(757760K), 0.0038876 secs] [Times: user=0.02 sys=0.00, real=0.00 secs] 
3218.986: [GC (Allocation Failure) [PSYoungGen: 69024K->1408K(69632K)] 404724K->337108K(757760K), 0.0026296 secs] [Times: user=0.01 sys=0.00, real=0.01 secs] 
3219.399: [GC (Allocation Failure) [PSYoungGen: 68992K->1517K(69632K)] 404692K->337217K(757760K), 0.0017544 secs] [Times: user=0.00 sys=0.00, real=0.00 secs] 
3219.858: [GC (Allocation Failure) [PSYoungGen: 69101K->1565K(69632K)] 404801K->337265K(757760K), 0.0017846 secs] [Times: user=0.01 sys=0.00, real=0.00 secs] 
3220.252: [GC (Allocation Failure) [PSYoungGen: 69149K->1613K(69632K)] 404849K->337313K(757760K), 0.0018400 secs] [Times: user=0.01 sys=0.00, real=0.00 secs] 
3220.708: [GC (Allocation Failure) [PSYoungGen: 69197K->1613K(69632K)] 404897K->337329K(757760K), 0.0016353 secs] [Times: user=0.00 sys=0.00, real=0.00 secs] 
3221.911: [GC (Allocation Failure) [PSYoungGen: 69197K->1408K(69632K)] 404913K->337124K(757760K), 0.0038365 secs] [Times: user=0.02 sys=0.00, real=0.00 secs] 
3222.533: [GC (Allocation Failure) [PSYoungGen: 68992K->1408K(69632K)] 404708K->337156K(757760K), 0.0033216 secs] [Times: user=0.01 sys=0.00, real=0.00 secs] 
3223.056: [GC (Allocation Failure) [PSYoungGen: 68992K->1408K(69632K)] 404740K->337156K(757760K), 0.0027889 secs] [Times: user=0.01 sys=0.00, real=0.01 secs] 
3223.711: [GC (Allocation Failure) [PSYoungGen: 68992K->1408K(69632K)] 404740K->337156K(757760K), 0.0029270 secs] [Times: user=0.01 sys=0.00, real=0.00 secs] 
3224.265: [GC (Allocation Failure) [PSYoungGen: 68988K->1549K(69632K)] 404736K->337297K(757760K), 0.0015799 secs] [Times: user=0.00 sys=0.00, real=0.00 secs] 
3224.660: [GC (Allocation Failure) [PSYoungGen: 69133K->1552K(69632K)] 404881K->337300K(757760K), 0.0017076 secs] [Times: user=0.01 sys=0.00, real=0.00 secs] 
3225.054: [GC (Allocation Failure) [PSYoungGen: 69136K->1613K(69632K)] 404884K->337361K(757760K), 0.0015950 secs] [Times: user=0.00 sys=0.00, real=0.00 secs] 
3225.580: [GC (Allocation Failure) [PSYoungGen: 69197K->1536K(69632K)] 404945K->337284K(757760K), 0.0019635 secs] [Times: user=0.01 sys=0.00, real=0.00 secs] 
3226.553: [GC (Allocation Failure) [PSYoungGen: 69120K->1392K(69632K)] 404868K->337140K(757760K), 0.0020905 secs] [Times: user=0.00 sys=0.01, real=0.00 secs] 
3227.097: [GC (Allocation Failure) [PSYoungGen: 68976K->1408K(69632K)] 404724K->337156K(757760K), 0.0032947 secs] [Times: user=0.02 sys=0.00, real=0.00 secs] 
3227.774: [GC (Allocation Failure) [PSYoungGen: 68992K->1408K(69632K)] 404740K->337156K(757760K), 0.0031000 secs] [Times: user=0.01 sys=0.00, real=0.01 secs] 
3228.533: [GC (Allocation Failure) [PSYoungGen: 68992K->1408K(69632K)] 404740K->337156K(757760K), 0.0025352 secs] [Times: user=0.01 sys=0.00, real=0.00 secs] 
3229.042: [GC (Allocation Failure) [PSYoungGen: 68990K->1581K(69632K)] 404738K->337329K(757760K), 0.0018215 secs] [Times: user=0.00 sys=0.00, real=0.00 secs] 
3229.491: [GC (Allocation Failure) [PSYoungGen: 69165K->1613K(69632K)] 404913K->337361K(757760K), 0.0018871 secs] [Times: user=0.01 sys=0.00, real=0.00 secs] 
3229.885: [GC (Allocation Failure) [PSYoungGen: 69197K->1613K(69632K)] 404945K->337361K(757760K), 0.0018372 secs] [Times: user=0.01 sys=0.00, real=0.01 secs] 
3230.275: [GC (Allocation Failure) [PSYoungGen: 69197K->1504K(69632K)] 404945K->337260K(757760K), 0.0019859 secs] [Times: user=0.00 sys=0.00, real=0.01 secs] 
3230.556: [GC (Allocation Failure) [PSYoungGen: 69088K->1376K(69632K)] 404844K->337132K(757760K), 0.0020348 secs] [Times: user=0.01 sys=0.00, real=0.01 secs] 
3230.838: [GC (Allocation Failure) [PSYoungGen: 68960K->1408K(69632K)] 404716K->337164K(757760K), 0.0020178 secs] [Times: user=0.01 sys=0.00, real=0.00 secs] 
3231.119: [GC (Allocation Failure) [PSYoungGen: 68992K->1376K(69632K)] 404748K->337156K(757760K), 0.0018215 secs] [Times: user=0.01 sys=0.00, real=0.00 secs] 
3231.443: [GC (Allocation Failure) [PSYoungGen: 68960K->1501K(69632K)] 404740K->337281K(757760K), 0.0015226 secs] [Times: user=0.01 sys=0.00, real=0.00 secs] 
3231.841: [GC (Allocation Failure) [PSYoungGen: 69085K->1581K(69632K)] 404865K->337361K(757760K), 0.0016776 secs] [Times: user=0.01 sys=0.00, real=0.00 secs] 
3232.241: [GC (Allocation Failure) [PSYoungGen: 69165K->1581K(69632K)] 404945K->337361K(757760K), 0.0016769 secs] [Times: user=0.01 sys=0.00, real=0.00 secs] 
3232.689: [GC (Allocation Failure) [PSYoungGen: 69165K->1613K(69632K)] 404945K->337409K(757760K), 0.0018424 secs] [Times: user=0.00 sys=0.00, real=0.00 secs] 
3233.030: [GC (Allocation Failure) [PSYoungGen: 69197K->1456K(69632K)] 404993K->337252K(757760K), 0.0021520 secs] [Times: user=0.01 sys=0.00, real=0.00 secs] 
3233.311: [GC (Allocation Failure) [PSYoungGen: 69040K->1360K(69632K)] 404836K->337156K(757760K), 0.0017680 secs] [Times: user=0.01 sys=0.01, real=0.00 secs] 
3233.591: [GC (Allocation Failure) [PSYoungGen: 68944K->1392K(69632K)] 404740K->337188K(757760K), 0.0018896 secs] [Times: user=0.01 sys=0.00, real=0.00 secs] 
3233.872: [GC (Allocation Failure) [PSYoungGen: 68976K->1376K(69632K)] 404772K->337172K(757760K), 0.0018105 secs] [Times: user=0.01 sys=0.00, real=0.00 secs] 
3234.310: [GC (Allocation Failure) [PSYoungGen: 68954K->1517K(69632K)] 404750K->337313K(757760K), 0.0020308 secs] [Times: user=0.01 sys=0.00, real=0.00 secs] 
3234.717: [GC (Allocation Failure) [PSYoungGen: 69101K->1613K(69632K)] 404897K->337409K(757760K), 0.0017778 secs] [Times: user=0.01 sys=0.00, real=0.01 secs] 
3235.108: [GC (Allocation Failure) [PSYoungGen: 69197K->1581K(69632K)] 404993K->337377K(757760K), 0.0016951 secs] [Times: user=0.01 sys=0.00, real=0.00 secs] 
3235.504: [GC (Allocation Failure) [PSYoungGen: 69165K->1613K(69632K)] 404961K->337425K(757760K), 0.0016758 secs] [Times: user=0.01 sys=0.00, real=0.00 secs] 
3236.306: [GC (Allocation Failure) [PSYoungGen: 69197K->1424K(69632K)] 405009K->337236K(757760K), 0.0031420 secs] [Times: user=0.01 sys=0.00, real=0.01 secs] 
3236.884: [GC (Allocation Failure) [PSYoungGen: 69008K->1408K(69632K)] 404820K->337220K(757760K), 0.0028432 secs] [Times: user=0.01 sys=0.00, real=0.01 secs] 
3237.459: [GC (Allocation Failure) [PSYoungGen: 68992K->1408K(69632K)] 404804K->337220K(757760K), 0.0023638 secs] [Times: user=0.01 sys=0.00, real=0.00 secs] 
3238.043: [GC (Allocation Failure) [PSYoungGen: 68992K->1392K(69632K)] 404804K->337204K(757760K), 0.0032186 secs] [Times: user=0.01 sys=0.00, real=0.00 secs] 
3238.683: [GC (Allocation Failure) [PSYoungGen: 68976K->1520K(69632K)] 404788K->337332K(757760K), 0.0017852 secs] [Times: user=0.00 sys=0.00, real=0.00 secs] 
3239.076: [GC (Allocation Failure) [PSYoungGen: 69104K->1549K(69632K)] 404916K->337361K(757760K), 0.0018380 secs] [Times: user=0.01 sys=0.00, real=0.01 secs] 
3239.475: [GC (Allocation Failure) [PSYoungGen: 69133K->1581K(69632K)] 404945K->337393K(757760K), 0.0018293 secs] [Times: user=0.00 sys=0.00, real=0.00 secs] 
3239.902: [GC (Allocation Failure) [PSYoungGen: 69165K->1792K(69632K)] 404977K->337604K(757760K), 0.0020237 secs] [Times: user=0.00 sys=0.00, real=0.00 secs] 
3240.288: [GC (Allocation Failure) [PSYoungGen: 69376K->1376K(69632K)] 405188K->337212K(757760K), 0.0023020 secs] [Times: user=0.01 sys=0.00, real=0.00 secs] 
3240.619: [GC (Allocation Failure) [PSYoungGen: 68960K->1376K(69632K)] 404796K->337212K(757760K), 0.0020858 secs] [Times: user=0.01 sys=0.00, real=0.00 secs] 
3240.911: [GC (Allocation Failure) [PSYoungGen: 68960K->1376K(69632K)] 404796K->337212K(757760K), 0.0018331 secs] [Times: user=0.01 sys=0.00, real=0.00 secs] 
3241.201: [GC (Allocation Failure) [PSYoungGen: 68960K->1408K(69632K)] 404796K->337244K(757760K), 0.0019294 secs] [Times: user=0.01 sys=0.00, real=0.00 secs] 
3241.676: [GC (Allocation Failure) [PSYoungGen: 68992K->1549K(69632K)] 404828K->337385K(757760K), 0.0018407 secs] [Times: user=0.01 sys=0.00, real=0.01 secs] 
3242.070: [GC (Allocation Failure) [PSYoungGen: 69133K->1517K(69632K)] 404969K->337353K(757760K), 0.0015916 secs] [Times: user=0.01 sys=0.00, real=0.00 secs] 
3242.463: [GC (Allocation Failure) [PSYoungGen: 69101K->1613K(69632K)] 404937K->337449K(757760K), 0.0016515 secs] [Times: user=0.01 sys=0.00, real=0.00 secs] 
3242.857: [GC (Allocation Failure) [PSYoungGen: 69197K->1472K(69632K)] 405033K->337308K(757760K), 0.0018069 secs] [Times: user=0.01 sys=0.00, real=0.00 secs] 
3243.138: [GC (Allocation Failure) [PSYoungGen: 69056K->1408K(69632K)] 404892K->337244K(757760K), 0.0017569 secs] [Times: user=0.01 sys=0.00, real=0.00 secs] 
3243.419: [GC (Allocation Failure) [PSYoungGen: 68992K->1376K(69632K)] 404828K->337212K(757760K), 0.0018009 secs] [Times: user=0.01 sys=0.00, real=0.00 secs] 
3243.699: [GC (Allocation Failure) [PSYoungGen: 68960K->1376K(69632K)] 404796K->337212K(757760K), 0.0017244 secs] [Times: user=0.00 sys=0.00, real=0.00 secs] 
3244.017: [GC (Allocation Failure) [PSYoungGen: 68960K->1485K(69632K)] 404796K->337321K(757760K), 0.0015373 secs] [Times: user=0.01 sys=0.00, real=0.00 secs] 
3244.411: [GC (Allocation Failure) [PSYoungGen: 69069K->1613K(69632K)] 404905K->337449K(757760K), 0.0015894 secs] [Times: user=0.00 sys=0.00, real=0.00 secs] 
3244.805: [GC (Allocation Failure) [PSYoungGen: 69197K->1613K(69632K)] 405033K->337449K(757760K), 0.0017298 secs] [Times: user=0.00 sys=0.00, real=0.01 secs] 
3245.200: [GC (Allocation Failure) [PSYoungGen: 69197K->1600K(69632K)] 405033K->337452K(757760K), 0.0016159 secs] [Times: user=0.01 sys=0.00, real=0.00 secs] 
3246.028: [GC (Allocation Failure) [PSYoungGen: 69184K->1472K(69632K)] 405036K->337324K(757760K), 0.0025664 secs] [Times: user=0.00 sys=0.00, real=0.00 secs] 
3246.708: [GC (Allocation Failure) [PSYoungGen: 69056K->1392K(69632K)] 404908K->337244K(757760K), 0.0025095 secs] [Times: user=0.01 sys=0.00, real=0.00 secs] 
3247.011: [GC (Allocation Failure) [PSYoungGen: 68976K->1408K(69632K)] 404828K->337260K(757760K), 0.0020163 secs] [Times: user=0.01 sys=0.00, real=0.00 secs] 
3247.335: [GC (Allocation Failure) [PSYoungGen: 68992K->1376K(69632K)] 404844K->337228K(757760K), 0.0019595 secs] [Times: user=0.01 sys=0.00, real=0.01 secs] 
3247.707: [GC (Allocation Failure) [PSYoungGen: 68960K->1485K(69632K)] 404812K->337337K(757760K), 0.0015943 secs] [Times: user=0.01 sys=0.00, real=0.00 secs] 
3248.100: [GC (Allocation Failure) [PSYoungGen: 69069K->1613K(69632K)] 404921K->337465K(757760K), 0.0016900 secs] [Times: user=0.01 sys=0.00, real=0.00 secs] 
3248.493: [GC (Allocation Failure) [PSYoungGen: 69197K->1549K(69632K)] 405049K->337401K(757760K), 0.0016570 secs] [Times: user=0.01 sys=0.00, real=0.00 secs] 
3248.887: [GC (Allocation Failure) [PSYoungGen: 69133K->1581K(69632K)] 404985K->337441K(757760K), 0.0016884 secs] [Times: user=0.01 sys=0.00, real=0.00 secs] 
3249.894: [GC (Allocation Failure) [PSYoungGen: 69165K->1440K(69632K)] 405025K->337300K(757760K), 0.0022110 secs] [Times: user=0.01 sys=0.00, real=0.00 secs] 
3250.752: [GC (Allocation Failure) [PSYoungGen: 69024K->1376K(69632K)] 404884K->337244K(757760K), 0.0022469 secs] [Times: user=0.01 sys=0.00, real=0.00 secs] 
3251.348: [GC (Allocation Failure) [PSYoungGen: 68960K->1408K(69632K)] 404828K->337276K(757760K), 0.0020024 secs] [Times: user=0.01 sys=0.00, real=0.00 secs] 
3251.823: [GC (Allocation Failure) [PSYoungGen: 68992K->1408K(69632K)] 404860K->337276K(757760K), 0.0018701 secs] [Times: user=0.00 sys=0.00, real=0.00 secs] 
3252.219: [GC (Allocation Failure) [PSYoungGen: 68992K->1517K(69632K)] 404860K->337385K(757760K), 0.0017238 secs] [Times: user=0.01 sys=0.00, real=0.00 secs] 
3252.613: [GC (Allocation Failure) [PSYoungGen: 69101K->1517K(69632K)] 404969K->337385K(757760K), 0.0015884 secs] [Times: user=0.01 sys=0.00, real=0.00 secs] 
3253.005: [GC (Allocation Failure) [PSYoungGen: 69101K->1581K(69632K)] 404969K->337449K(757760K), 0.0017779 secs] [Times: user=0.01 sys=0.00, real=0.01 secs] 
3253.463: [GC (Allocation Failure) [PSYoungGen: 69165K->1613K(69632K)] 405033K->337489K(757760K), 0.0018259 secs] [Times: user=0.00 sys=0.00, real=0.00 secs] 
3254.061: [GC (Allocation Failure) [PSYoungGen: 69197K->1440K(69632K)] 405073K->337316K(757760K), 0.0023338 secs] [Times: user=0.01 sys=0.00, real=0.00 secs] 
3254.642: [GC (Allocation Failure) [PSYoungGen: 69024K->1408K(69632K)] 404900K->337284K(757760K), 0.0028015 secs] [Times: user=0.01 sys=0.00, real=0.00 secs] 
3255.196: [GC (Allocation Failure) [PSYoungGen: 68992K->1440K(69632K)] 404868K->337332K(757760K), 0.0036241 secs] [Times: user=0.02 sys=0.00, real=0.01 secs] 
3255.530: [GC (Allocation Failure) [PSYoungGen: 69024K->1376K(69632K)] 404916K->337268K(757760K), 0.0020354 secs] [Times: user=0.00 sys=0.00, real=0.00 secs] 
3255.932: [GC (Allocation Failure) [PSYoungGen: 68960K->1533K(69632K)] 404852K->337425K(757760K), 0.0016786 secs] [Times: user=0.01 sys=0.00, real=0.00 secs] 
3256.325: [GC (Allocation Failure) [PSYoungGen: 69117K->1581K(69632K)] 405009K->337473K(757760K), 0.0017358 secs] [Times: user=0.01 sys=0.00, real=0.00 secs] 
3256.722: [GC (Allocation Failure) [PSYoungGen: 69165K->1613K(69632K)] 405057K->337505K(757760K), 0.0017333 secs] [Times: user=0.01 sys=0.00, real=0.00 secs] 
3257.280: [GC (Allocation Failure) [PSYoungGen: 69197K->1504K(69632K)] 405089K->337404K(757760K), 0.0018145 secs] [Times: user=0.01 sys=0.00, real=0.00 secs] 
3257.689: [GC (Allocation Failure) [PSYoungGen: 69088K->1376K(69632K)] 404988K->337284K(757760K), 0.0020603 secs] [Times: user=0.01 sys=0.00, real=0.00 secs] 
3258.087: [GC (Allocation Failure) [PSYoungGen: 68960K->1392K(69632K)] 404868K->337300K(757760K), 0.0021049 secs] [Times: user=0.01 sys=0.00, real=0.00 secs] 
3258.764: [GC (Allocation Failure) [PSYoungGen: 68976K->1344K(69632K)] 404884K->337252K(757760K), 0.0022887 secs] [Times: user=0.00 sys=0.00, real=0.00 secs] 
3259.351: [GC (Allocation Failure) [PSYoungGen: 68907K->1469K(69632K)] 404815K->337377K(757760K), 0.0020219 secs] [Times: user=0.00 sys=0.00, real=0.00 secs] 
3259.781: [GC (Allocation Failure) [PSYoungGen: 69053K->1581K(69632K)] 404961K->337489K(757760K), 0.0018687 secs] [Times: user=0.00 sys=0.00, real=0.00 secs] 
3260.174: [GC (Allocation Failure) [PSYoungGen: 69165K->1613K(69632K)] 405073K->337521K(757760K), 0.0017322 secs] [Times: user=0.01 sys=0.00, real=0.00 secs] 
3260.571: [GC (Allocation Failure) [PSYoungGen: 69197K->1581K(69632K)] 405105K->337505K(757760K), 0.0017216 secs] [Times: user=0.01 sys=0.00, real=0.00 secs] 
3261.190: [GC (Allocation Failure) [PSYoungGen: 69165K->1440K(69632K)] 405089K->337364K(757760K), 0.0021023 secs] [Times: user=0.01 sys=0.00, real=0.00 secs] 
3261.659: [GC (Allocation Failure) [PSYoungGen: 69024K->1440K(69632K)] 404948K->337364K(757760K), 0.0021480 secs] [Times: user=0.01 sys=0.00, real=0.00 secs] 
3261.960: [GC (Allocation Failure) [PSYoungGen: 69024K->1376K(69632K)] 404948K->337300K(757760K), 0.0029417 secs] [Times: user=0.01 sys=0.00, real=0.00 secs] 
3262.403: [GC (Allocation Failure) [PSYoungGen: 68960K->1376K(69632K)] 404884K->337300K(757760K), 0.0018772 secs] [Times: user=0.01 sys=0.00, real=0.00 secs] 
3262.960: [GC (Allocation Failure) [PSYoungGen: 68960K->1469K(69632K)] 404884K->337393K(757760K), 0.0015933 secs] [Times: user=0.00 sys=0.00, real=0.00 secs] 
3263.354: [GC (Allocation Failure) [PSYoungGen: 69053K->1552K(69632K)] 404977K->337476K(757760K), 0.0017102 secs] [Times: user=0.01 sys=0.00, real=0.00 secs] 
3263.749: [GC (Allocation Failure) [PSYoungGen: 69136K->1584K(69632K)] 405060K->337508K(757760K), 0.0017116 secs] [Times: user=0.00 sys=0.00, real=0.00 secs] 
3264.143: [GC (Allocation Failure) [PSYoungGen: 69168K->1581K(69632K)] 405092K->337521K(757760K), 0.0016678 secs] [Times: user=0.01 sys=0.00, real=0.00 secs] 
3264.537: [GC (Allocation Failure) [PSYoungGen: 69165K->1440K(69632K)] 405105K->337380K(757760K), 0.0017424 secs] [Times: user=0.01 sys=0.00, real=0.00 secs] 
3264.819: [GC (Allocation Failure) [PSYoungGen: 69024K->1408K(69632K)] 404964K->337348K(757760K), 0.0017895 secs] [Times: user=0.01 sys=0.00, real=0.00 secs] 
3265.116: [GC (Allocation Failure) [PSYoungGen: 68992K->1408K(69632K)] 404932K->337348K(757760K), 0.0015539 secs] [Times: user=0.01 sys=0.00, real=0.01 secs] 
3265.465: [GC (Allocation Failure) [PSYoungGen: 68992K->1408K(69632K)] 404932K->337348K(757760K), 0.0020450 secs] [Times: user=0.01 sys=0.00, real=0.00 secs] 
3265.825: [GC (Allocation Failure) [PSYoungGen: 68992K->1549K(69632K)] 404932K->337489K(757760K), 0.0017713 secs] [Times: user=0.01 sys=0.00, real=0.01 secs] 
3266.224: [GC (Allocation Failure) [PSYoungGen: 69122K->1568K(69632K)] 405063K->337508K(757760K), 0.0017612 secs] [Times: user=0.01 sys=0.00, real=0.00 secs] 
3266.618: [GC (Allocation Failure) [PSYoungGen: 69152K->1613K(69632K)] 405092K->337553K(757760K), 0.0015867 secs] [Times: user=0.01 sys=0.00, real=0.00 secs] 
3267.071: [GC (Allocation Failure) [PSYoungGen: 69197K->1613K(69632K)] 405137K->337569K(757760K), 0.0016390 secs] [Times: user=0.00 sys=0.00, real=0.00 secs] 
3267.792: [GC (Allocation Failure) [PSYoungGen: 69197K->1424K(69632K)] 405153K->337380K(757760K), 0.0029925 secs] [Times: user=0.01 sys=0.00, real=0.00 secs] 
3268.396: [GC (Allocation Failure) [PSYoungGen: 69008K->1376K(69632K)] 404964K->337332K(757760K), 0.0040239 secs] [Times: user=0.02 sys=0.00, real=0.01 secs] 
3268.939: [GC (Allocation Failure) [PSYoungGen: 68960K->1376K(69632K)] 404916K->337332K(757760K), 0.0030642 secs] [Times: user=0.01 sys=0.00, real=0.00 secs] 
3269.502: [GC (Allocation Failure) [PSYoungGen: 68960K->1408K(69632K)] 404916K->337364K(757760K), 0.0032916 secs] [Times: user=0.01 sys=0.00, real=0.00 secs] 
3270.043: [GC (Allocation Failure) [PSYoungGen: 68992K->1517K(69632K)] 404948K->337489K(757760K), 0.0016620 secs] [Times: user=0.01 sys=0.00, real=0.00 secs] 
3270.440: [GC (Allocation Failure) [PSYoungGen: 69101K->1613K(69632K)] 405073K->337585K(757760K), 0.0015530 secs] [Times: user=0.00 sys=0.00, real=0.00 secs] 
3270.835: [GC (Allocation Failure) [PSYoungGen: 69197K->1581K(69632K)] 405169K->337553K(757760K), 0.0016451 secs] [Times: user=0.01 sys=0.00, real=0.00 secs] 
3271.297: [GC (Allocation Failure) [PSYoungGen: 69165K->1984K(69632K)] 405137K->337956K(757760K), 0.0017572 secs] [Times: user=0.00 sys=0.00, real=0.01 secs] 
3271.593: [GC (Allocation Failure) [PSYoungGen: 69568K->1344K(69632K)] 405540K->337316K(757760K), 0.0017218 secs] [Times: user=0.00 sys=0.00, real=0.00 secs] 
3271.874: [GC (Allocation Failure) [PSYoungGen: 68928K->1408K(69632K)] 404900K->337380K(757760K), 0.0021869 secs] [Times: user=0.01 sys=0.00, real=0.00 secs] 
3272.155: [GC (Allocation Failure) [PSYoungGen: 68992K->1376K(69632K)] 404964K->337348K(757760K), 0.0018584 secs] [Times: user=0.01 sys=0.00, real=0.00 secs] 
3272.435: [GC (Allocation Failure) [PSYoungGen: 68960K->1408K(69632K)] 404932K->337380K(757760K), 0.0016499 secs] [Times: user=0.01 sys=0.00, real=0.01 secs] 
3272.847: [GC (Allocation Failure) [PSYoungGen: 68992K->1613K(69632K)] 404964K->337585K(757760K), 0.0017254 secs] [Times: user=0.00 sys=0.00, real=0.00 secs] 
3273.241: [GC (Allocation Failure) [PSYoungGen: 69197K->1597K(69632K)] 405169K->337569K(757760K), 0.0017208 secs] [Times: user=0.00 sys=0.00, real=0.00 secs] 
3273.637: [GC (Allocation Failure) [PSYoungGen: 69181K->1613K(69632K)] 405153K->337585K(757760K), 0.0016389 secs] [Times: user=0.01 sys=0.00, real=0.01 secs] 
3274.423: [GC (Allocation Failure) [PSYoungGen: 69197K->1504K(69632K)] 405169K->337476K(757760K), 0.0028987 secs] [Times: user=0.01 sys=0.00, real=0.00 secs] 
3275.038: [GC (Allocation Failure) [PSYoungGen: 69088K->1440K(69632K)] 405060K->337412K(757760K), 0.0029343 secs] [Times: user=0.01 sys=0.00, real=0.00 secs] 
3275.773: [GC (Allocation Failure) [PSYoungGen: 69024K->1408K(69632K)] 404996K->337380K(757760K), 0.0034951 secs] [Times: user=0.02 sys=0.01, real=0.00 secs] 
3276.307: [GC (Allocation Failure) [PSYoungGen: 68992K->1440K(69632K)] 404964K->337412K(757760K), 0.0028055 secs] [Times: user=0.01 sys=0.00, real=0.01 secs] 
3276.865: [GC (Allocation Failure) [PSYoungGen: 69024K->1520K(69632K)] 404996K->337492K(757760K), 0.0019641 secs] [Times: user=0.01 sys=0.00, real=0.00 secs] 
3277.272: [GC (Allocation Failure) [PSYoungGen: 69104K->1517K(69632K)] 405076K->337489K(757760K), 0.0017042 secs] [Times: user=0.00 sys=0.00, real=0.00 secs] 
3277.667: [GC (Allocation Failure) [PSYoungGen: 69101K->1581K(69632K)] 405073K->337553K(757760K), 0.0017081 secs] [Times: user=0.01 sys=0.00, real=0.01 secs] 
3278.060: [GC (Allocation Failure) [PSYoungGen: 69165K->1581K(69632K)] 405137K->337569K(757760K), 0.0016867 secs] [Times: user=0.01 sys=0.00, real=0.00 secs] 
3279.212: [GC (Allocation Failure) [PSYoungGen: 69165K->1424K(69632K)] 405153K->337412K(757760K), 0.0025129 secs] [Times: user=0.01 sys=0.00, real=0.00 secs] 
3279.802: [GC (Allocation Failure) [PSYoungGen: 69008K->1440K(69632K)] 404996K->337428K(757760K), 0.0023169 secs] [Times: user=0.01 sys=0.00, real=0.00 secs] 
3280.322: [GC (Allocation Failure) [PSYoungGen: 69024K->1376K(69632K)] 405012K->337364K(757760K), 0.0019868 secs] [Times: user=0.00 sys=0.00, real=0.00 secs] 
3280.629: [GC (Allocation Failure) [PSYoungGen: 68960K->1344K(69632K)] 404948K->337332K(757760K), 0.0018997 secs] [Times: user=0.01 sys=0.00, real=0.00 secs] 
3280.986: [GC (Allocation Failure) [PSYoungGen: 68928K->1536K(69632K)] 404916K->337524K(757760K), 0.0016145 secs] [Times: user=0.01 sys=0.00, real=0.01 secs] 
3281.380: [GC (Allocation Failure) [PSYoungGen: 69094K->1597K(69632K)] 405082K->337609K(757760K), 0.0016521 secs] [Times: user=0.01 sys=0.00, real=0.00 secs] 
3281.835: [GC (Allocation Failure) [PSYoungGen: 69181K->1584K(69632K)] 405193K->337596K(757760K), 0.0018029 secs] [Times: user=0.00 sys=0.00, real=0.01 secs] 
3282.229: [GC (Allocation Failure) [PSYoungGen: 69168K->1565K(69632K)] 405180K->337585K(757760K), 0.0017130 secs] [Times: user=0.01 sys=0.00, real=0.00 secs] 
3282.928: [GC (Allocation Failure) [PSYoungGen: 69149K->1440K(69632K)] 405169K->337460K(757760K), 0.0034693 secs] [Times: user=0.02 sys=0.00, real=0.00 secs] 
3283.471: [GC (Allocation Failure) [PSYoungGen: 69024K->1392K(69632K)] 405044K->337412K(757760K), 0.0020901 secs] [Times: user=0.00 sys=0.00, real=0.00 secs] 
3283.866: [GC (Allocation Failure) [PSYoungGen: 68976K->1408K(69632K)] 404996K->337428K(757760K), 0.0021472 secs] [Times: user=0.01 sys=0.00, real=0.01 secs] 
3284.348: [GC (Allocation Failure) [PSYoungGen: 68992K->1376K(69632K)] 405012K->337396K(757760K), 0.0030808 secs] [Times: user=0.01 sys=0.00, real=0.00 secs] 
3284.859: [GC (Allocation Failure) [PSYoungGen: 68960K->1485K(69632K)] 404980K->337505K(757760K), 0.0016522 secs] [Times: user=0.01 sys=0.00, real=0.00 secs] 
3285.253: [GC (Allocation Failure) [PSYoungGen: 69069K->1581K(69632K)] 405089K->337601K(757760K), 0.0017159 secs] [Times: user=0.01 sys=0.00, real=0.00 secs] 
3285.645: [GC (Allocation Failure) [PSYoungGen: 69165K->1613K(69632K)] 405185K->337633K(757760K), 0.0017442 secs] [Times: user=0.01 sys=0.00, real=0.01 secs] 
3286.101: [GC (Allocation Failure) [PSYoungGen: 68881K->352K(69632K)] 404901K->336372K(757760K), 0.0015550 secs] [Times: user=0.00 sys=0.00, real=0.00 secs] 
3286.815: [GC (Allocation Failure) [PSYoungGen: 67936K->1440K(69632K)] 403956K->337460K(757760K), 0.0033808 secs] [Times: user=0.01 sys=0.00, real=0.01 secs] 
3287.166: [GC (Allocation Failure) [PSYoungGen: 69024K->1376K(69632K)] 405044K->337396K(757760K), 0.0020084 secs] [Times: user=0.00 sys=0.00, real=0.01 secs] 
3287.447: [GC (Allocation Failure) [PSYoungGen: 68960K->1376K(69632K)] 404980K->337396K(757760K), 0.0019488 secs] [Times: user=0.01 sys=0.00, real=0.01 secs] 
3287.727: [GC (Allocation Failure) [PSYoungGen: 68960K->1408K(69632K)] 404980K->337428K(757760K), 0.0018979 secs] [Times: user=0.01 sys=0.00, real=0.00 secs] 
3288.138: [GC (Allocation Failure) [PSYoungGen: 68992K->1549K(69632K)] 405012K->337569K(757760K), 0.0016813 secs] [Times: user=0.01 sys=0.00, real=0.00 secs] 
3288.531: [GC (Allocation Failure) [PSYoungGen: 69133K->1616K(69632K)] 405153K->337636K(757760K), 0.0015945 secs] [Times: user=0.01 sys=0.00, real=0.00 secs] 
3288.925: [GC (Allocation Failure) [PSYoungGen: 69200K->1581K(69632K)] 405220K->337601K(757760K), 0.0017121 secs] [Times: user=0.00 sys=0.00, real=0.00 secs] 
3289.332: [GC (Allocation Failure) [PSYoungGen: 69165K->1424K(69632K)] 405185K->337444K(757760K), 0.0020147 secs] [Times: user=0.01 sys=0.00, real=0.00 secs] 
3289.612: [GC (Allocation Failure) [PSYoungGen: 69008K->1408K(69632K)] 405028K->337452K(757760K), 0.0018452 secs] [Times: user=0.01 sys=0.01, real=0.00 secs] 
3289.893: [GC (Allocation Failure) [PSYoungGen: 68992K->1408K(69632K)] 405036K->337452K(757760K), 0.0017653 secs] [Times: user=0.01 sys=0.00, real=0.00 secs] 
3290.174: [GC (Allocation Failure) [PSYoungGen: 68992K->1360K(69632K)] 405036K->337404K(757760K), 0.0027200 secs] [Times: user=0.02 sys=0.00, real=0.01 secs] 
3290.544: [GC (Allocation Failure) [PSYoungGen: 68944K->1437K(69632K)] 404988K->337481K(757760K), 0.0019138 secs] [Times: user=0.00 sys=0.00, real=0.00 secs] 
3290.964: [GC (Allocation Failure) [PSYoungGen: 69021K->1533K(69632K)] 405065K->337577K(757760K), 0.0016933 secs] [Times: user=0.01 sys=0.00, real=0.00 secs] 
3291.359: [GC (Allocation Failure) [PSYoungGen: 69117K->1549K(69632K)] 405161K->337593K(757760K), 0.0018155 secs] [Times: user=0.01 sys=0.00, real=0.00 secs] 
3291.755: [GC (Allocation Failure) [PSYoungGen: 69133K->1581K(69632K)] 405177K->337633K(757760K), 0.0016256 secs] [Times: user=0.01 sys=0.00, real=0.00 secs] 
3292.300: [GC (Allocation Failure) [PSYoungGen: 69165K->1456K(69632K)] 405217K->337516K(757760K), 0.0020441 secs] [Times: user=0.00 sys=0.00, real=0.00 secs] 
3293.115: [GC (Allocation Failure) [PSYoungGen: 69040K->1424K(69632K)] 405100K->337484K(757760K), 0.0027275 secs] [Times: user=0.01 sys=0.00, real=0.01 secs] 
3294.028: [GC (Allocation Failure) [PSYoungGen: 69008K->1408K(69632K)] 405068K->337468K(757760K), 0.0026376 secs] [Times: user=0.01 sys=0.00, real=0.00 secs] 
3294.970: [GC (Allocation Failure) [PSYoungGen: 68992K->1440K(69632K)] 405052K->337500K(757760K), 0.0030701 secs] [Times: user=0.02 sys=0.00, real=0.00 secs] 
3295.840: [GC (Allocation Failure) [PSYoungGen: 69024K->1456K(69632K)] 405084K->337516K(757760K), 0.0016564 secs] [Times: user=0.01 sys=0.00, real=0.00 secs] 
3296.238: [GC (Allocation Failure) [PSYoungGen: 69040K->1581K(69632K)] 405100K->337641K(757760K), 0.0015774 secs] [Times: user=0.00 sys=0.00, real=0.00 secs] 
3296.633: [GC (Allocation Failure) [PSYoungGen: 69165K->1597K(69632K)] 405225K->337657K(757760K), 0.0017240 secs] [Times: user=0.00 sys=0.00, real=0.00 secs] 
3297.027: [GC (Allocation Failure) [PSYoungGen: 69181K->1581K(69632K)] 405241K->337657K(757760K), 0.0017156 secs] [Times: user=0.01 sys=0.00, real=0.00 secs] 
3298.086: [GC (Allocation Failure) [PSYoungGen: 69165K->1376K(69632K)] 405241K->337452K(757760K), 0.0024046 secs] [Times: user=0.01 sys=0.00, real=0.01 secs] 
3298.662: [GC (Allocation Failure) [PSYoungGen: 68960K->1440K(69632K)] 405036K->337516K(757760K), 0.0020589 secs] [Times: user=0.01 sys=0.00, real=0.00 secs] 
3299.389: [GC (Allocation Failure) [PSYoungGen: 69024K->1376K(69632K)] 405100K->337452K(757760K), 0.0029242 secs] [Times: user=0.02 sys=0.00, real=0.00 secs] 
3300.174: [GC (Allocation Failure) [PSYoungGen: 68960K->1408K(69632K)] 405036K->337484K(757760K), 0.0041222 secs] [Times: user=0.02 sys=0.00, real=0.01 secs] 
3300.875: [GC (Allocation Failure) [PSYoungGen: 68992K->1549K(69632K)] 405068K->337625K(757760K), 0.0016438 secs] [Times: user=0.00 sys=0.00, real=0.01 secs] 
3301.275: [GC (Allocation Failure) [PSYoungGen: 69133K->1565K(69632K)] 405209K->337641K(757760K), 0.0015666 secs] [Times: user=0.01 sys=0.00, real=0.00 secs] 
3301.668: [GC (Allocation Failure) [PSYoungGen: 69149K->1581K(69632K)] 405225K->337657K(757760K), 0.0017183 secs] [Times: user=0.01 sys=0.00, real=0.00 secs] 
3302.062: [GC (Allocation Failure) [PSYoungGen: 69165K->1581K(69632K)] 405241K->337665K(757760K), 0.0017157 secs] [Times: user=0.00 sys=0.00, real=0.00 secs] 
3302.423: [GC (Allocation Failure) [PSYoungGen: 69165K->1408K(69632K)] 405249K->337492K(757760K), 0.0018227 secs] [Times: user=0.00 sys=0.00, real=0.00 secs] 
3302.774: [GC (Allocation Failure) [PSYoungGen: 68992K->1408K(69632K)] 405076K->337508K(757760K), 0.0020087 secs] [Times: user=0.01 sys=0.00, real=0.00 secs] 
3303.135: [GC (Allocation Failure) [PSYoungGen: 68992K->1392K(69632K)] 405092K->337492K(757760K), 0.0016899 secs] [Times: user=0.01 sys=0.00, real=0.01 secs] 
3303.416: [GC (Allocation Failure) [PSYoungGen: 68976K->1408K(69632K)] 405076K->337508K(757760K), 0.0017455 secs] [Times: user=0.00 sys=0.00, real=0.01 secs] 
3303.870: [GC (Allocation Failure) [PSYoungGen: 68989K->1549K(69632K)] 405089K->337649K(757760K), 0.0017076 secs] [Times: user=0.01 sys=0.00, real=0.00 secs] 
3304.264: [GC (Allocation Failure) [PSYoungGen: 69133K->1613K(69632K)] 405233K->337713K(757760K), 0.0016603 secs] [Times: user=0.01 sys=0.00, real=0.00 secs] 
3304.659: [GC (Allocation Failure) [PSYoungGen: 69197K->1613K(69632K)] 405297K->337713K(757760K), 0.0017969 secs] [Times: user=0.00 sys=0.00, real=0.00 secs] 
3305.133: [GC (Allocation Failure) [PSYoungGen: 69197K->1536K(69632K)] 405297K->337636K(757760K), 0.0016901 secs] [Times: user=0.01 sys=0.00, real=0.00 secs] 
3305.806: [GC (Allocation Failure) [PSYoungGen: 69120K->1408K(69632K)] 405220K->337508K(757760K), 0.0016468 secs] [Times: user=0.00 sys=0.00, real=0.01 secs] 
3306.376: [GC (Allocation Failure) [PSYoungGen: 68992K->1408K(69632K)] 405092K->337508K(757760K), 0.0017236 secs] [Times: user=0.00 sys=0.00, real=0.01 secs] 
3307.067: [GC (Allocation Failure) [PSYoungGen: 68992K->1392K(69632K)] 405092K->337492K(757760K), 0.0017081 secs] [Times: user=0.01 sys=0.00, real=0.01 secs] 
3308.015: [GC (Allocation Failure) [PSYoungGen: 68976K->1408K(69632K)] 405076K->337516K(757760K), 0.0019472 secs] [Times: user=0.01 sys=0.01, real=0.01 secs] 
3308.488: [GC (Allocation Failure) [PSYoungGen: 68992K->1597K(69632K)] 405100K->337705K(757760K), 0.0016298 secs] [Times: user=0.01 sys=0.00, real=0.00 secs] 
3308.883: [GC (Allocation Failure) [PSYoungGen: 69181K->1613K(69632K)] 405289K->337721K(757760K), 0.0017780 secs] [Times: user=0.01 sys=0.00, real=0.00 secs] 
3309.277: [GC (Allocation Failure) [PSYoungGen: 69197K->1613K(69632K)] 405305K->337721K(757760K), 0.0015675 secs] [Times: user=0.00 sys=0.00, real=0.01 secs] 
3309.827: [GC (Allocation Failure) [PSYoungGen: 69197K->1472K(69632K)] 405305K->337580K(757760K), 0.0019847 secs] [Times: user=0.01 sys=0.00, real=0.00 secs] 
3310.349: [GC (Allocation Failure) [PSYoungGen: 69056K->1408K(69632K)] 405164K->337516K(757760K), 0.0027688 secs] [Times: user=0.01 sys=0.00, real=0.00 secs] 
3310.625: [GC (Allocation Failure) [PSYoungGen: 68992K->1376K(69632K)] 405100K->337484K(757760K), 0.0020859 secs] [Times: user=0.01 sys=0.00, real=0.01 secs] 
3310.906: [GC (Allocation Failure) [PSYoungGen: 68960K->1376K(69632K)] 405068K->337516K(757760K), 0.0018779 secs] [Times: user=0.01 sys=0.00, real=0.01 secs] 
3311.279: [GC (Allocation Failure) [PSYoungGen: 68960K->1456K(69632K)] 405100K->337596K(757760K), 0.0019983 secs] [Times: user=0.01 sys=0.00, real=0.00 secs] 
3311.741: [GC (Allocation Failure) [PSYoungGen: 69040K->1581K(69632K)] 405180K->337721K(757760K), 0.0017369 secs] [Times: user=0.01 sys=0.00, real=0.00 secs] 
3312.138: [GC (Allocation Failure) [PSYoungGen: 69165K->1613K(69632K)] 405305K->337753K(757760K), 0.0017235 secs] [Times: user=0.01 sys=0.00, real=0.00 secs] 
3312.532: [GC (Allocation Failure) [PSYoungGen: 69197K->1581K(69632K)] 405337K->337729K(757760K), 0.0018049 secs] [Times: user=0.01 sys=0.00, real=0.00 secs] 
3312.922: [GC (Allocation Failure) [PSYoungGen: 69165K->1488K(69632K)] 405313K->337636K(757760K), 0.0026773 secs] [Times: user=0.01 sys=0.00, real=0.00 secs] 
3313.204: [GC (Allocation Failure) [PSYoungGen: 69072K->1408K(69632K)] 405220K->337556K(757760K), 0.0020162 secs] [Times: user=0.00 sys=0.00, real=0.00 secs] 
3313.484: [GC (Allocation Failure) [PSYoungGen: 68992K->1376K(69632K)] 405140K->337524K(757760K), 0.0017483 secs] [Times: user=0.01 sys=0.00, real=0.00 secs] 
3313.764: [GC (Allocation Failure) [PSYoungGen: 68960K->1376K(69632K)] 405108K->337524K(757760K), 0.0018588 secs] [Times: user=0.00 sys=0.00, real=0.00 secs] 
3314.274: [GC (Allocation Failure) [PSYoungGen: 68960K->1517K(69632K)] 405108K->337665K(757760K), 0.0017330 secs] [Times: user=0.01 sys=0.00, real=0.00 secs] 
3314.669: [GC (Allocation Failure) [PSYoungGen: 69101K->1613K(69632K)] 405249K->337761K(757760K), 0.0017439 secs] [Times: user=0.00 sys=0.00, real=0.00 secs] 
3315.064: [GC (Allocation Failure) [PSYoungGen: 69197K->1581K(69632K)] 405345K->337729K(757760K), 0.0018450 secs] [Times: user=0.01 sys=0.00, real=0.00 secs] 
3315.458: [GC (Allocation Failure) [PSYoungGen: 69165K->1581K(69632K)] 405313K->337737K(757760K), 0.0018290 secs] [Times: user=0.00 sys=0.00, real=0.00 secs] 
3315.918: [GC (Allocation Failure) [PSYoungGen: 69165K->1424K(69632K)] 405321K->337580K(757760K), 0.0019686 secs] [Times: user=0.00 sys=0.00, real=0.00 secs] 
3316.407: [GC (Allocation Failure) [PSYoungGen: 69008K->1408K(69632K)] 405164K->337564K(757760K), 0.0029710 secs] [Times: user=0.01 sys=0.00, real=0.00 secs] 
3316.882: [GC (Allocation Failure) [PSYoungGen: 68992K->1440K(69632K)] 405148K->337596K(757760K), 0.0027498 secs] [Times: user=0.01 sys=0.00, real=0.00 secs] 
3317.386: [GC (Allocation Failure) [PSYoungGen: 69024K->1392K(69632K)] 405180K->337548K(757760K), 0.0033865 secs] [Times: user=0.01 sys=0.00, real=0.01 secs] 
3317.938: [GC (Allocation Failure) [PSYoungGen: 68976K->1517K(69632K)] 405132K->337673K(757760K), 0.0016758 secs] [Times: user=0.01 sys=0.00, real=0.00 secs] 
3318.333: [GC (Allocation Failure) [PSYoungGen: 69101K->1565K(69632K)] 405257K->337721K(757760K), 0.0017135 secs] [Times: user=0.01 sys=0.00, real=0.00 secs] 
3318.788: [GC (Allocation Failure) [PSYoungGen: 69149K->1549K(69632K)] 405305K->337705K(757760K), 0.0017111 secs] [Times: user=0.00 sys=0.00, real=0.00 secs] 
3319.236: [GC (Allocation Failure) [PSYoungGen: 69133K->1632K(69632K)] 405289K->337788K(757760K), 0.0016832 secs] [Times: user=0.00 sys=0.00, real=0.01 secs] 
3319.565: [GC (Allocation Failure) [PSYoungGen: 69216K->1344K(69632K)] 405372K->337500K(757760K), 0.0019236 secs] [Times: user=0.00 sys=0.00, real=0.00 secs] 
3319.846: [GC (Allocation Failure) [PSYoungGen: 68928K->1408K(69632K)] 405084K->337588K(757760K), 0.0020280 secs] [Times: user=0.01 sys=0.00, real=0.01 secs] 
3320.169: [GC (Allocation Failure) [PSYoungGen: 68992K->1376K(69632K)] 405172K->337556K(757760K), 0.0019768 secs] [Times: user=0.01 sys=0.00, real=0.00 secs] 
3320.450: [GC (Allocation Failure) [PSYoungGen: 68960K->1408K(69632K)] 405140K->337588K(757760K), 0.0019949 secs] [Times: user=0.01 sys=0.00, real=0.00 secs] 
3320.858: [GC (Allocation Failure) [PSYoungGen: 68992K->1584K(69632K)] 405172K->337764K(757760K), 0.0016737 secs] [Times: user=0.00 sys=0.00, real=0.00 secs] 
3321.256: [GC (Allocation Failure) [PSYoungGen: 69168K->1581K(69632K)] 405348K->337761K(757760K), 0.0017662 secs] [Times: user=0.00 sys=0.00, real=0.01 secs] 
3321.650: [GC (Allocation Failure) [PSYoungGen: 69165K->1613K(69632K)] 405345K->337793K(757760K), 0.0015874 secs] [Times: user=0.01 sys=0.00, real=0.00 secs] 
3322.102: [GC (Allocation Failure) [PSYoungGen: 69197K->1472K(69632K)] 405377K->337660K(757760K), 0.0018393 secs] [Times: user=0.00 sys=0.00, real=0.00 secs] 
3322.434: [GC (Allocation Failure) [PSYoungGen: 69056K->1376K(69632K)] 405244K->337564K(757760K), 0.0018816 secs] [Times: user=0.01 sys=0.00, real=0.00 secs] 
3322.779: [GC (Allocation Failure) [PSYoungGen: 68960K->1408K(69632K)] 405148K->337596K(757760K), 0.0018243 secs] [Times: user=0.01 sys=0.00, real=0.00 secs] 
3323.060: [GC (Allocation Failure) [PSYoungGen: 68992K->1408K(69632K)] 405180K->337596K(757760K), 0.0018502 secs] [Times: user=0.00 sys=0.00, real=0.00 secs] 
3323.387: [GC (Allocation Failure) [PSYoungGen: 68992K->1485K(69632K)] 405180K->337673K(757760K), 0.0015392 secs] [Times: user=0.01 sys=0.00, real=0.00 secs] 
3323.791: [GC (Allocation Failure) [PSYoungGen: 69069K->1565K(69632K)] 405257K->337753K(757760K), 0.0017435 secs] [Times: user=0.01 sys=0.00, real=0.00 secs] 
3324.185: [GC (Allocation Failure) [PSYoungGen: 69140K->1549K(69632K)] 405328K->337737K(757760K), 0.0016925 secs] [Times: user=0.00 sys=0.00, real=0.00 secs] 
3324.581: [GC (Allocation Failure) [PSYoungGen: 69133K->1581K(69632K)] 405321K->337785K(757760K), 0.0016210 secs] [Times: user=0.01 sys=0.00, real=0.00 secs] 
3325.798: [GC (Allocation Failure) [PSYoungGen: 69165K->1456K(69632K)] 405369K->337660K(757760K), 0.0041532 secs] [Times: user=0.02 sys=0.01, real=0.00 secs] 
3326.499: [GC (Allocation Failure) [PSYoungGen: 69040K->1440K(69632K)] 405244K->337644K(757760K), 0.0030819 secs] [Times: user=0.01 sys=0.00, real=0.00 secs] 
3326.785: [GC (Allocation Failure) [PSYoungGen: 69024K->1376K(69632K)] 405228K->337580K(757760K), 0.0020394 secs] [Times: user=0.01 sys=0.00, real=0.00 secs] 
3327.089: [GC (Allocation Failure) [PSYoungGen: 68960K->1376K(69632K)] 405164K->337580K(757760K), 0.0016543 secs] [Times: user=0.01 sys=0.00, real=0.00 secs] 
3327.725: [GC (Allocation Failure) [PSYoungGen: 68960K->1549K(69632K)] 405164K->337753K(757760K), 0.0020194 secs] [Times: user=0.00 sys=0.00, real=0.00 secs] 
3328.126: [GC (Allocation Failure) [PSYoungGen: 69133K->1600K(69632K)] 405337K->337804K(757760K), 0.0017633 secs] [Times: user=0.01 sys=0.00, real=0.01 secs] 
3328.525: [GC (Allocation Failure) [PSYoungGen: 69184K->1613K(69632K)] 405388K->337817K(757760K), 0.0016669 secs] [Times: user=0.00 sys=0.00, real=0.01 secs] 
3328.924: [GC (Allocation Failure) [PSYoungGen: 69197K->1613K(69632K)] 405401K->337825K(757760K), 0.0017061 secs] [Times: user=0.00 sys=0.00, real=0.00 secs] 
3329.360: [GC (Allocation Failure) [PSYoungGen: 69197K->1472K(69632K)] 405409K->337684K(757760K), 0.0029117 secs] [Times: user=0.01 sys=0.00, real=0.00 secs] 
3329.888: [GC (Allocation Failure) [PSYoungGen: 69056K->1440K(69632K)] 405268K->337652K(757760K), 0.0020469 secs] [Times: user=0.01 sys=0.00, real=0.00 secs] 
3330.589: [GC (Allocation Failure) [PSYoungGen: 69024K->1392K(69632K)] 405236K->337604K(757760K), 0.0023422 secs] [Times: user=0.01 sys=0.00, real=0.00 secs] 
3331.330: [GC (Allocation Failure) [PSYoungGen: 68976K->1376K(69632K)] 405188K->337612K(757760K), 0.0023523 secs] [Times: user=0.01 sys=0.00, real=0.00 secs] 
3332.190: [GC (Allocation Failure) [PSYoungGen: 68960K->1517K(69632K)] 405196K->337753K(757760K), 0.0016110 secs] [Times: user=0.01 sys=0.00, real=0.00 secs] 
3332.645: [GC (Allocation Failure) [PSYoungGen: 69101K->1549K(69632K)] 405337K->337785K(757760K), 0.0017967 secs] [Times: user=0.00 sys=0.00, real=0.00 secs] 
3333.038: [GC (Allocation Failure) [PSYoungGen: 69133K->1552K(69632K)] 405369K->337788K(757760K), 0.0018457 secs] [Times: user=0.01 sys=0.00, real=0.00 secs] 
3333.491: [GC (Allocation Failure) [PSYoungGen: 69136K->1613K(69632K)] 405372K->337865K(757760K), 0.0017807 secs] [Times: user=0.00 sys=0.00, real=0.00 secs] 
3334.430: [GC (Allocation Failure) [PSYoungGen: 69197K->1408K(69632K)] 405449K->337660K(757760K), 0.0038025 secs] [Times: user=0.02 sys=0.00, real=0.00 secs] 
3335.082: [GC (Allocation Failure) [PSYoungGen: 68992K->1376K(69632K)] 405244K->337628K(757760K), 0.0027541 secs] [Times: user=0.01 sys=0.00, real=0.00 secs] 
3335.718: [GC (Allocation Failure) [PSYoungGen: 68960K->1376K(69632K)] 405212K->337628K(757760K), 0.0038979 secs] [Times: user=0.02 sys=0.00, real=0.00 secs] 
3336.346: [GC (Allocation Failure) [PSYoungGen: 68960K->1376K(69632K)] 405212K->337628K(757760K), 0.0030525 secs] [Times: user=0.01 sys=0.01, real=0.01 secs] 
3336.952: [GC (Allocation Failure) [PSYoungGen: 68932K->1581K(69632K)] 405184K->337833K(757760K), 0.0017027 secs] [Times: user=0.01 sys=0.00, real=0.00 secs] 
3337.345: [GC (Allocation Failure) [PSYoungGen: 69165K->1613K(69632K)] 405417K->337865K(757760K), 0.0016107 secs] [Times: user=0.01 sys=0.00, real=0.00 secs] 
3337.738: [GC (Allocation Failure) [PSYoungGen: 69197K->1613K(69632K)] 405449K->337865K(757760K), 0.0017470 secs] [Times: user=0.00 sys=0.00, real=0.00 secs] 
3338.139: [GC (Allocation Failure) [PSYoungGen: 69197K->1552K(69632K)] 405449K->337812K(757760K), 0.0020662 secs] [Times: user=0.01 sys=0.00, real=0.00 secs] 
3338.423: [GC (Allocation Failure) [PSYoungGen: 69136K->1408K(69632K)] 405396K->337668K(757760K), 0.0020481 secs] [Times: user=0.00 sys=0.00, real=0.00 secs] 
3338.760: [GC (Allocation Failure) [PSYoungGen: 68992K->1376K(69632K)] 405252K->337636K(757760K), 0.0019090 secs] [Times: user=0.01 sys=0.00, real=0.00 secs] 
3339.303: [GC (Allocation Failure) [PSYoungGen: 68960K->1408K(69632K)] 405220K->337668K(757760K), 0.0018876 secs] [Times: user=0.00 sys=0.00, real=0.00 secs] 
3339.918: [GC (Allocation Failure) [PSYoungGen: 68992K->1437K(69632K)] 405252K->337697K(757760K), 0.0024990 secs] [Times: user=0.01 sys=0.00, real=0.00 secs] 
3340.442: [GC (Allocation Failure) [PSYoungGen: 69021K->1581K(69632K)] 405281K->337841K(757760K), 0.0015485 secs] [Times: user=0.01 sys=0.00, real=0.00 secs] 
3340.893: [GC (Allocation Failure) [PSYoungGen: 69165K->1581K(69632K)] 405425K->337841K(757760K), 0.0017734 secs] [Times: user=0.01 sys=0.00, real=0.00 secs] 
3341.292: [GC (Allocation Failure) [PSYoungGen: 69165K->1549K(69632K)] 405425K->337833K(757760K), 0.0017858 secs] [Times: user=0.01 sys=0.00, real=0.00 secs] 
3341.680: [GC (Allocation Failure) [PSYoungGen: 69133K->1472K(69632K)] 405417K->337764K(757760K), 0.0022163 secs] [Times: user=0.01 sys=0.01, real=0.00 secs] 
3341.973: [GC (Allocation Failure) [PSYoungGen: 69056K->1344K(69632K)] 405348K->337636K(757760K), 0.0020859 secs] [Times: user=0.01 sys=0.00, real=0.00 secs] 
3342.367: [GC (Allocation Failure) [PSYoungGen: 68928K->1408K(69632K)] 405220K->337700K(757760K), 0.0019194 secs] [Times: user=0.01 sys=0.00, real=0.01 secs] 
3342.887: [GC (Allocation Failure) [PSYoungGen: 68992K->1408K(69632K)] 405284K->337700K(757760K), 0.0032309 secs] [Times: user=0.01 sys=0.00, real=0.00 secs] 
3343.428: [GC (Allocation Failure) [PSYoungGen: 68985K->1437K(69632K)] 405277K->337729K(757760K), 0.0016141 secs] [Times: user=0.01 sys=0.00, real=0.00 secs] 
3343.821: [GC (Allocation Failure) [PSYoungGen: 69021K->1613K(69632K)] 405313K->337905K(757760K), 0.0016650 secs] [Times: user=0.01 sys=0.00, real=0.00 secs] 
3344.225: [GC (Allocation Failure) [PSYoungGen: 69197K->1597K(69632K)] 405489K->337889K(757760K), 0.0016961 secs] [Times: user=0.01 sys=0.00, real=0.00 secs] 
3344.619: [GC (Allocation Failure) [PSYoungGen: 69181K->1597K(69632K)] 405473K->337905K(757760K), 0.0015484 secs] [Times: user=0.01 sys=0.00, real=0.00 secs] 
3345.521: [GC (Allocation Failure) [PSYoungGen: 69181K->1456K(69632K)] 405489K->337764K(757760K), 0.0027977 secs] [Times: user=0.01 sys=0.00, real=0.00 secs] 
3346.060: [GC (Allocation Failure) [PSYoungGen: 69040K->1408K(69632K)] 405348K->337716K(757760K), 0.0030680 secs] [Times: user=0.01 sys=0.00, real=0.00 secs] 
3346.568: [GC (Allocation Failure) [PSYoungGen: 68992K->1408K(69632K)] 405300K->337716K(757760K), 0.0028941 secs] [Times: user=0.01 sys=0.00, real=0.00 secs] 
3347.080: [GC (Allocation Failure) [PSYoungGen: 68992K->1408K(69632K)] 405300K->337716K(757760K), 0.0030609 secs] [Times: user=0.02 sys=0.00, real=0.00 secs] 
3347.622: [GC (Allocation Failure) [PSYoungGen: 68967K->1533K(69632K)] 405276K->337841K(757760K), 0.0016234 secs] [Times: user=0.00 sys=0.00, real=0.00 secs] 
3348.017: [GC (Allocation Failure) [PSYoungGen: 69117K->1597K(69632K)] 405425K->337905K(757760K), 0.0016501 secs] [Times: user=0.01 sys=0.00, real=0.00 secs] 
3348.471: [GC (Allocation Failure) [PSYoungGen: 69181K->1581K(69632K)] 405489K->337889K(757760K), 0.0017488 secs] [Times: user=0.01 sys=0.00, real=0.00 secs] 
3348.864: [GC (Allocation Failure) [PSYoungGen: 69165K->1613K(69632K)] 405473K->337937K(757760K), 0.0017162 secs] [Times: user=0.01 sys=0.00, real=0.00 secs] 
3349.265: [GC (Allocation Failure) [PSYoungGen: 69197K->1424K(69632K)] 405521K->337756K(757760K), 0.0023878 secs] [Times: user=0.01 sys=0.00, real=0.01 secs] 
3349.725: [GC (Allocation Failure) [PSYoungGen: 69008K->1376K(69632K)] 405340K->337708K(757760K), 0.0020869 secs] [Times: user=0.01 sys=0.00, real=0.01 secs] 
3350.313: [GC (Allocation Failure) [PSYoungGen: 68960K->1408K(69632K)] 405292K->337740K(757760K), 0.0025406 secs] [Times: user=0.01 sys=0.00, real=0.00 secs] 
3350.875: [GC (Allocation Failure) [PSYoungGen: 68992K->1408K(69632K)] 405324K->337756K(757760K), 0.0026889 secs] [Times: user=0.01 sys=0.00, real=0.01 secs] 
3351.439: [GC (Allocation Failure) [PSYoungGen: 68992K->1517K(69632K)] 405340K->337865K(757760K), 0.0017090 secs] [Times: user=0.01 sys=0.00, real=0.00 secs] 
3351.834: [GC (Allocation Failure) [PSYoungGen: 69101K->1584K(69632K)] 405449K->337932K(757760K), 0.0016776 secs] [Times: user=0.01 sys=0.00, real=0.00 secs] 
3352.230: [GC (Allocation Failure) [PSYoungGen: 69168K->1549K(69632K)] 405516K->337897K(757760K), 0.0017086 secs] [Times: user=0.01 sys=0.00, real=0.00 secs] 
3352.694: [GC (Allocation Failure) [PSYoungGen: 69133K->2016K(69632K)] 405481K->338372K(757760K), 0.0020419 secs] [Times: user=0.01 sys=0.00, real=0.00 secs] 
3352.977: [GC (Allocation Failure) [PSYoungGen: 69600K->1344K(69632K)] 405956K->337700K(757760K), 0.0018825 secs] [Times: user=0.00 sys=0.00, real=0.00 secs] 
3353.258: [GC (Allocation Failure) [PSYoungGen: 68928K->1360K(69632K)] 405284K->337716K(757760K), 0.0019693 secs] [Times: user=0.01 sys=0.00, real=0.00 secs] 
3353.539: [GC (Allocation Failure) [PSYoungGen: 68944K->1408K(69632K)] 405300K->337764K(757760K), 0.0019697 secs] [Times: user=0.01 sys=0.00, real=0.00 secs] 
3353.819: [GC (Allocation Failure) [PSYoungGen: 68992K->1376K(69632K)] 405348K->337732K(757760K), 0.0019057 secs] [Times: user=0.01 sys=0.00, real=0.00 secs] 
3354.238: [GC (Allocation Failure) [PSYoungGen: 68960K->1597K(69632K)] 405316K->337953K(757760K), 0.0020170 secs] [Times: user=0.01 sys=0.00, real=0.00 secs] 
3354.645: [GC (Allocation Failure) [PSYoungGen: 69181K->1533K(69632K)] 405537K->337889K(757760K), 0.0017144 secs] [Times: user=0.01 sys=0.00, real=0.00 secs] 
3355.037: [GC (Allocation Failure) [PSYoungGen: 69117K->1613K(69632K)] 405473K->337969K(757760K), 0.0016426 secs] [Times: user=0.00 sys=0.00, real=0.00 secs] 
3355.650: [GC (Allocation Failure) [PSYoungGen: 69197K->1488K(69632K)] 405553K->337852K(757760K), 0.0019618 secs] [Times: user=0.01 sys=0.00, real=0.00 secs] 
3356.487: [GC (Allocation Failure) [PSYoungGen: 69072K->1408K(69632K)] 405436K->337772K(757760K), 0.0022918 secs] [Times: user=0.01 sys=0.00, real=0.00 secs] 
3357.042: [GC (Allocation Failure) [PSYoungGen: 68992K->1344K(69632K)] 405356K->337708K(757760K), 0.0022926 secs] [Times: user=0.01 sys=0.00, real=0.00 secs] 
3357.719: [GC (Allocation Failure) [PSYoungGen: 68928K->1376K(69632K)] 405292K->337740K(757760K), 0.0022432 secs] [Times: user=0.01 sys=0.00, real=0.00 secs] 
3358.501: [GC (Allocation Failure) [PSYoungGen: 68942K->1488K(69632K)] 405306K->337852K(757760K), 0.0017569 secs] [Times: user=0.01 sys=0.00, real=0.00 secs] 
3358.910: [GC (Allocation Failure) [PSYoungGen: 69072K->1581K(69632K)] 405436K->337945K(757760K), 0.0017415 secs] [Times: user=0.00 sys=0.01, real=0.00 secs] 
3359.303: [GC (Allocation Failure) [PSYoungGen: 69165K->1581K(69632K)] 405529K->337945K(757760K), 0.0017341 secs] [Times: user=0.01 sys=0.00, real=0.00 secs] 
3359.696: [GC (Allocation Failure) [PSYoungGen: 69165K->1565K(69632K)] 405529K->337945K(757760K), 0.0017537 secs] [Times: user=0.00 sys=0.00, real=0.01 secs] 
3360.201: [GC (Allocation Failure) [PSYoungGen: 69149K->1488K(69632K)] 405529K->337868K(757760K), 0.0017063 secs] [Times: user=0.01 sys=0.00, real=0.00 secs] 
3360.850: [GC (Allocation Failure) [PSYoungGen: 69072K->1408K(69632K)] 405452K->337804K(757760K), 0.0032860 secs] [Times: user=0.02 sys=0.00, real=0.00 secs] 
3361.340: [GC (Allocation Failure) [PSYoungGen: 68992K->1408K(69632K)] 405388K->337804K(757760K), 0.0020496 secs] [Times: user=0.01 sys=0.00, real=0.00 secs] 
3361.863: [GC (Allocation Failure) [PSYoungGen: 68992K->1376K(69632K)] 405388K->337772K(757760K), 0.0035344 secs] [Times: user=0.01 sys=0.00, real=0.00 secs] 
3362.436: [GC (Allocation Failure) [PSYoungGen: 68960K->1485K(69632K)] 405356K->337881K(757760K), 0.0016125 secs] [Times: user=0.00 sys=0.00, real=0.01 secs] 
3362.831: [GC (Allocation Failure) [PSYoungGen: 69069K->1613K(69632K)] 405465K->338009K(757760K), 0.0016960 secs] [Times: user=0.01 sys=0.00, real=0.00 secs] 
3363.224: [GC (Allocation Failure) [PSYoungGen: 69197K->1584K(69632K)] 405593K->337980K(757760K), 0.0017370 secs] [Times: user=0.01 sys=0.00, real=0.00 secs] 
3363.676: [GC (Allocation Failure) [PSYoungGen: 69168K->1565K(69632K)] 405564K->337977K(757760K), 0.0018261 secs] [Times: user=0.01 sys=0.00, real=0.01 secs] 
3364.022: [GC (Allocation Failure) [PSYoungGen: 69149K->1456K(69632K)] 405561K->337868K(757760K), 0.0020660 secs] [Times: user=0.01 sys=0.00, real=0.00 secs] 
3364.324: [GC (Allocation Failure) [PSYoungGen: 69040K->1392K(69632K)] 405452K->337804K(757760K), 0.0019923 secs] [Times: user=0.01 sys=0.00, real=0.00 secs] 
3364.605: [GC (Allocation Failure) [PSYoungGen: 68976K->1376K(69632K)] 405388K->337788K(757760K), 0.0019943 secs] [Times: user=0.01 sys=0.00, real=0.01 secs] 
3364.913: [GC (Allocation Failure) [PSYoungGen: 68960K->1376K(69632K)] 405372K->337788K(757760K), 0.0020090 secs] [Times: user=0.01 sys=0.00, real=0.00 secs] 
3365.286: [GC (Allocation Failure) [PSYoungGen: 68960K->1549K(69632K)] 405372K->337961K(757760K), 0.0016541 secs] [Times: user=0.01 sys=0.00, real=0.01 secs] 
3365.680: [GC (Allocation Failure) [PSYoungGen: 69133K->1581K(69632K)] 405545K->337993K(757760K), 0.0017721 secs] [Times: user=0.01 sys=0.00, real=0.00 secs] 
3366.076: [GC (Allocation Failure) [PSYoungGen: 69165K->1581K(69632K)] 405577K->337993K(757760K), 0.0017537 secs] [Times: user=0.00 sys=0.00, real=0.01 secs] 
3366.472: [GC (Allocation Failure) [PSYoungGen: 69165K->1613K(69632K)] 405577K->338041K(757760K), 0.0016411 secs] [Times: user=0.01 sys=0.00, real=0.00 secs] 
3366.759: [GC (Allocation Failure) [PSYoungGen: 69197K->1440K(69632K)] 405625K->337868K(757760K), 0.0015496 secs] [Times: user=0.01 sys=0.00, real=0.00 secs] 
3367.168: [GC (Allocation Failure) [PSYoungGen: 69024K->1408K(69632K)] 405452K->337836K(757760K), 0.0016638 secs] [Times: user=0.00 sys=0.00, real=0.00 secs] 
3367.753: [GC (Allocation Failure) [PSYoungGen: 68992K->1408K(69632K)] 405420K->337836K(757760K), 0.0017722 secs] [Times: user=0.01 sys=0.00, real=0.00 secs] 
3368.387: [GC (Allocation Failure) [PSYoungGen: 68992K->1408K(69632K)] 405420K->337836K(757760K), 0.0017094 secs] [Times: user=0.00 sys=0.00, real=0.01 secs] 
3368.848: [GC (Allocation Failure) [PSYoungGen: 68992K->1613K(69632K)] 405420K->338041K(757760K), 0.0016824 secs] [Times: user=0.00 sys=0.00, real=0.00 secs] 
3369.241: [GC (Allocation Failure) [PSYoungGen: 69197K->1613K(69632K)] 405625K->338041K(757760K), 0.0016488 secs] [Times: user=0.01 sys=0.00, real=0.00 secs] 
3369.635: [GC (Allocation Failure) [PSYoungGen: 69197K->1549K(69632K)] 405625K->338009K(757760K), 0.0017029 secs] [Times: user=0.00 sys=0.00, real=0.01 secs] 
3370.047: [GC (Allocation Failure) [PSYoungGen: 69133K->1488K(69632K)] 405593K->337948K(757760K), 0.0018799 secs] [Times: user=0.01 sys=0.00, real=0.00 secs] 
3370.432: [GC (Allocation Failure) [PSYoungGen: 69072K->1408K(69632K)] 405532K->337868K(757760K), 0.0016710 secs] [Times: user=0.00 sys=0.00, real=0.00 secs] 
3371.025: [GC (Allocation Failure) [PSYoungGen: 68992K->1408K(69632K)] 405452K->337868K(757760K), 0.0019114 secs] [Times: user=0.01 sys=0.00, real=0.01 secs] 
3371.893: [GC (Allocation Failure) [PSYoungGen: 68992K->1344K(69632K)] 405452K->337804K(757760K), 0.0041457 secs] [Times: user=0.02 sys=0.00, real=0.01 secs] 
3372.800: [GC (Allocation Failure) [PSYoungGen: 68908K->1488K(69632K)] 405368K->337948K(757760K), 0.0025412 secs] [Times: user=0.01 sys=0.00, real=0.00 secs] 
3373.266: [GC (Allocation Failure) [PSYoungGen: 69072K->1549K(69632K)] 405532K->338009K(757760K), 0.0017234 secs] [Times: user=0.01 sys=0.00, real=0.01 secs] 
3373.658: [GC (Allocation Failure) [PSYoungGen: 69133K->1613K(69632K)] 405593K->338073K(757760K), 0.0017214 secs] [Times: user=0.01 sys=0.00, real=0.00 secs] 
3374.054: [GC (Allocation Failure) [PSYoungGen: 69197K->1581K(69632K)] 405657K->338041K(757760K), 0.0017606 secs] [Times: user=0.01 sys=0.00, real=0.00 secs] 
3374.557: [GC (Allocation Failure) [PSYoungGen: 69165K->1472K(69632K)] 405625K->337932K(757760K), 0.0019841 secs] [Times: user=0.01 sys=0.00, real=0.00 secs] 
3375.298: [GC (Allocation Failure) [PSYoungGen: 69056K->1376K(69632K)] 405516K->337836K(757760K), 0.0023471 secs] [Times: user=0.01 sys=0.00, real=0.00 secs] 
3375.789: [GC (Allocation Failure) [PSYoungGen: 68960K->1360K(69632K)] 405420K->337828K(757760K), 0.0023366 secs] [Times: user=0.01 sys=0.00, real=0.00 secs] 
3376.274: [GC (Allocation Failure) [PSYoungGen: 68944K->1408K(69632K)] 405412K->337876K(757760K), 0.0023063 secs] [Times: user=0.01 sys=0.00, real=0.00 secs] 
3376.825: [GC (Allocation Failure) [PSYoungGen: 68967K->1517K(69632K)] 405435K->337985K(757760K), 0.0016727 secs] [Times: user=0.01 sys=0.00, real=0.01 secs] 
3377.279: [GC (Allocation Failure) [PSYoungGen: 69101K->1581K(69632K)] 405569K->338049K(757760K), 0.0015453 secs] [Times: user=0.01 sys=0.00, real=0.00 secs] 
3377.673: [GC (Allocation Failure) [PSYoungGen: 69165K->1552K(69632K)] 405633K->338028K(757760K), 0.0017655 secs] [Times: user=0.00 sys=0.00, real=0.00 secs] 
3378.067: [GC (Allocation Failure) [PSYoungGen: 69136K->1581K(69632K)] 405612K->338081K(757760K), 0.0017255 secs] [Times: user=0.00 sys=0.00, real=0.01 secs] 
3378.456: [GC (Allocation Failure) [PSYoungGen: 69165K->1456K(69632K)] 405665K->337956K(757760K), 0.0024330 secs] [Times: user=0.01 sys=0.00, real=0.01 secs] 
3378.737: [GC (Allocation Failure) [PSYoungGen: 69040K->1344K(69632K)] 405540K->337844K(757760K), 0.0020426 secs] [Times: user=0.01 sys=0.00, real=0.01 secs] 
3379.094: [GC (Allocation Failure) [PSYoungGen: 68928K->1376K(69632K)] 405428K->337876K(757760K), 0.0020272 secs] [Times: user=0.01 sys=0.00, real=0.00 secs] 
3379.375: [GC (Allocation Failure) [PSYoungGen: 68960K->1408K(69632K)] 405460K->337908K(757760K), 0.0019321 secs] [Times: user=0.01 sys=0.00, real=0.01 secs] 
3379.737: [GC (Allocation Failure) [PSYoungGen: 68964K->1549K(69632K)] 405464K->338073K(757760K), 0.0016578 secs] [Times: user=0.01 sys=0.00, real=0.00 secs] 
3380.132: [GC (Allocation Failure) [PSYoungGen: 69133K->1549K(69632K)] 405657K->338073K(757760K), 0.0016995 secs] [Times: user=0.01 sys=0.00, real=0.00 secs] 
3380.525: [GC (Allocation Failure) [PSYoungGen: 69133K->1549K(69632K)] 405657K->338073K(757760K), 0.0017530 secs] [Times: user=0.01 sys=0.00, real=0.00 secs] 
3380.917: [GC (Allocation Failure) [PSYoungGen: 69133K->1565K(69632K)] 405657K->338097K(757760K), 0.0016757 secs] [Times: user=0.01 sys=0.00, real=0.00 secs] 
3382.108: [GC (Allocation Failure) [PSYoungGen: 69149K->1392K(69632K)] 405681K->337924K(757760K), 0.0043665 secs] [Times: user=0.02 sys=0.00, real=0.00 secs] 
3382.944: [GC (Allocation Failure) [PSYoungGen: 68976K->1440K(69632K)] 405508K->337972K(757760K), 0.0029318 secs] [Times: user=0.01 sys=0.00, real=0.00 secs] 
3383.534: [GC (Allocation Failure) [PSYoungGen: 69024K->1408K(69632K)] 405556K->337940K(757760K), 0.0027753 secs] [Times: user=0.02 sys=0.00, real=0.01 secs] 
3384.084: [GC (Allocation Failure) [PSYoungGen: 68992K->1392K(69632K)] 405524K->337924K(757760K), 0.0025863 secs] [Times: user=0.01 sys=0.00, real=0.01 secs] 
3384.675: [GC (Allocation Failure) [PSYoungGen: 68976K->1549K(69632K)] 405508K->338081K(757760K), 0.0017202 secs] [Times: user=0.00 sys=0.00, real=0.00 secs] 
3385.074: [GC (Allocation Failure) [PSYoungGen: 69133K->1581K(69632K)] 405665K->338113K(757760K), 0.0015608 secs] [Times: user=0.00 sys=0.00, real=0.00 secs] 
3385.532: [GC (Allocation Failure) [PSYoungGen: 69165K->1597K(69632K)] 405697K->338129K(757760K), 0.0017047 secs] [Times: user=0.00 sys=0.00, real=0.00 secs] 
3385.954: [GC (Allocation Failure) [PSYoungGen: 69181K->2016K(69632K)] 405713K->338564K(757760K), 0.0018551 secs] [Times: user=0.01 sys=0.00, real=0.00 secs] 
3386.235: [GC (Allocation Failure) [PSYoungGen: 69600K->1392K(69632K)] 406148K->337940K(757760K), 0.0020676 secs] [Times: user=0.01 sys=0.00, real=0.01 secs] 
3386.517: [GC (Allocation Failure) [PSYoungGen: 68976K->1376K(69632K)] 405524K->337924K(757760K), 0.0019717 secs] [Times: user=0.01 sys=0.00, real=0.01 secs] 
3386.983: [GC (Allocation Failure) [PSYoungGen: 68960K->1344K(69632K)] 405508K->337892K(757760K), 0.0030552 secs] [Times: user=0.01 sys=0.00, real=0.00 secs] 
3387.534: [GC (Allocation Failure) [PSYoungGen: 68928K->1408K(69632K)] 405476K->337956K(757760K), 0.0031130 secs] [Times: user=0.01 sys=0.00, real=0.01 secs] 
3388.006: [GC (Allocation Failure) [PSYoungGen: 68992K->1536K(69632K)] 405540K->338084K(757760K), 0.0016007 secs] [Times: user=0.01 sys=0.00, real=0.01 secs] 
3388.401: [GC (Allocation Failure) [PSYoungGen: 69120K->1581K(69632K)] 405668K->338129K(757760K), 0.0017345 secs] [Times: user=0.01 sys=0.00, real=0.00 secs] 
3388.794: [GC (Allocation Failure) [PSYoungGen: 69165K->1613K(69632K)] 405713K->338161K(757760K), 0.0017184 secs] [Times: user=0.01 sys=0.00, real=0.00 secs] 
3389.303: [GC (Allocation Failure) [PSYoungGen: 69197K->1440K(69632K)] 405745K->337996K(757760K), 0.0017009 secs] [Times: user=0.01 sys=0.00, real=0.00 secs] 
3389.942: [GC (Allocation Failure) [PSYoungGen: 69024K->1408K(69632K)] 405580K->337964K(757760K), 0.0019814 secs] [Times: user=0.01 sys=0.00, real=0.00 secs] 
3390.666: [GC (Allocation Failure) [PSYoungGen: 68992K->1408K(69632K)] 405548K->337988K(757760K), 0.0029232 secs] [Times: user=0.01 sys=0.00, real=0.01 secs] 
3391.218: [GC (Allocation Failure) [PSYoungGen: 68992K->1360K(69632K)] 405572K->337940K(757760K), 0.0040540 secs] [Times: user=0.02 sys=0.00, real=0.00 secs] 
3391.836: [GC (Allocation Failure) [PSYoungGen: 68935K->1488K(69632K)] 405515K->338068K(757760K), 0.0017996 secs] [Times: user=0.00 sys=0.00, real=0.01 secs] 
3392.326: [GC (Allocation Failure) [PSYoungGen: 69072K->1613K(69632K)] 405652K->338193K(757760K), 0.0017510 secs] [Times: user=0.01 sys=0.00, real=0.01 secs] 
3392.718: [GC (Allocation Failure) [PSYoungGen: 69197K->1549K(69632K)] 405777K->338129K(757760K), 0.0017947 secs] [Times: user=0.01 sys=0.00, real=0.00 secs] 
3393.114: [GC (Allocation Failure) [PSYoungGen: 69133K->1581K(69632K)] 405713K->338177K(757760K), 0.0017882 secs] [Times: user=0.01 sys=0.00, real=0.00 secs] 
3393.701: [GC (Allocation Failure) [PSYoungGen: 69165K->1488K(69632K)] 405761K->338084K(757760K), 0.0030962 secs] [Times: user=0.01 sys=0.00, real=0.00 secs] 
3394.248: [GC (Allocation Failure) [PSYoungGen: 69072K->1408K(69632K)] 405668K->338004K(757760K), 0.0038537 secs] [Times: user=0.02 sys=0.00, real=0.00 secs] 
3394.797: [GC (Allocation Failure) [PSYoungGen: 68992K->1376K(69632K)] 405588K->337972K(757760K), 0.0030653 secs] [Times: user=0.01 sys=0.01, real=0.00 secs] 
3395.155: [GC (Allocation Failure) [PSYoungGen: 68960K->1408K(69632K)] 405556K->338004K(757760K), 0.0017166 secs] [Times: user=0.01 sys=0.00, real=0.00 secs] 
3395.606: [GC (Allocation Failure) [PSYoungGen: 68964K->1549K(69632K)] 405561K->338145K(757760K), 0.0016484 secs] [Times: user=0.00 sys=0.00, real=0.01 secs] 
3396.000: [GC (Allocation Failure) [PSYoungGen: 69133K->1613K(69632K)] 405729K->338209K(757760K), 0.0015926 secs] [Times: user=0.01 sys=0.00, real=0.00 secs] 
3396.393: [GC (Allocation Failure) [PSYoungGen: 69197K->1581K(69632K)] 405793K->338177K(757760K), 0.0017198 secs] [Times: user=0.01 sys=0.00, real=0.00 secs] 
3396.792: [GC (Allocation Failure) [PSYoungGen: 69165K->1613K(69632K)] 405761K->338225K(757760K), 0.0017273 secs] [Times: user=0.00 sys=0.00, real=0.00 secs] 
3398.066: [GC (Allocation Failure) [PSYoungGen: 69197K->1424K(69632K)] 405809K->338036K(757760K), 0.0022134 secs] [Times: user=0.01 sys=0.00, real=0.01 secs] 
3398.875: [GC (Allocation Failure) [PSYoungGen: 69008K->1440K(69632K)] 405620K->338052K(757760K), 0.0025949 secs] [Times: user=0.01 sys=0.00, real=0.01 secs] 
3399.692: [GC (Allocation Failure) [PSYoungGen: 69024K->1376K(69632K)] 405636K->337988K(757760K), 0.0027430 secs] [Times: user=0.01 sys=0.00, real=0.00 secs] 
3400.347: [GC (Allocation Failure) [PSYoungGen: 68960K->1408K(69632K)] 405572K->338020K(757760K), 0.0025637 secs] [Times: user=0.01 sys=0.00, real=0.00 secs] 
3400.941: [GC (Allocation Failure) [PSYoungGen: 68965K->1533K(69632K)] 405577K->338145K(757760K), 0.0016667 secs] [Times: user=0.00 sys=0.00, real=0.00 secs] 
3401.335: [GC (Allocation Failure) [PSYoungGen: 69117K->1584K(69632K)] 405729K->338196K(757760K), 0.0017750 secs] [Times: user=0.01 sys=0.00, real=0.01 secs] 
3401.731: [GC (Allocation Failure) [PSYoungGen: 69168K->1549K(69632K)] 405780K->338161K(757760K), 0.0017727 secs] [Times: user=0.01 sys=0.00, real=0.00 secs] 
3402.125: [GC (Allocation Failure) [PSYoungGen: 69133K->1613K(69632K)] 405745K->338257K(757760K), 0.0017345 secs] [Times: user=0.01 sys=0.00, real=0.00 secs] 
3403.072: [GC (Allocation Failure) [PSYoungGen: 69197K->1408K(69632K)] 405841K->338052K(757760K), 0.0021405 secs] [Times: user=0.01 sys=0.00, real=0.00 secs] 
3403.681: [GC (Allocation Failure) [PSYoungGen: 68992K->1408K(69632K)] 405636K->338052K(757760K), 0.0029401 secs] [Times: user=0.01 sys=0.00, real=0.00 secs] 
3404.309: [GC (Allocation Failure) [PSYoungGen: 68992K->1408K(69632K)] 405636K->338052K(757760K), 0.0026464 secs] [Times: user=0.01 sys=0.00, real=0.00 secs] 
3404.816: [GC (Allocation Failure) [PSYoungGen: 68992K->1392K(69632K)] 405636K->338036K(757760K), 0.0023137 secs] [Times: user=0.01 sys=0.00, real=0.01 secs] 
3405.279: [GC (Allocation Failure) [PSYoungGen: 68976K->1549K(69632K)] 405620K->338193K(757760K), 0.0016762 secs] [Times: user=0.00 sys=0.00, real=0.00 secs] 
3405.683: [GC (Allocation Failure) [PSYoungGen: 69133K->1613K(69632K)] 405777K->338257K(757760K), 0.0018048 secs] [Times: user=0.01 sys=0.00, real=0.00 secs] 
3406.077: [GC (Allocation Failure) [PSYoungGen: 69197K->1549K(69632K)] 405841K->338193K(757760K), 0.0016392 secs] [Times: user=0.00 sys=0.00, real=0.00 secs] 
3406.488: [GC (Allocation Failure) [PSYoungGen: 69133K->1536K(69632K)] 405777K->338180K(757760K), 0.0020303 secs] [Times: user=0.01 sys=0.01, real=0.00 secs] 
3406.769: [GC (Allocation Failure) [PSYoungGen: 69120K->1408K(69632K)] 405764K->338052K(757760K), 0.0017241 secs] [Times: user=0.00 sys=0.00, real=0.00 secs] 
3407.050: [GC (Allocation Failure) [PSYoungGen: 68992K->1360K(69632K)] 405636K->338004K(757760K), 0.0019496 secs] [Times: user=0.01 sys=0.00, real=0.00 secs] 
3407.453: [GC (Allocation Failure) [PSYoungGen: 68944K->1408K(69632K)] 405588K->338052K(757760K), 0.0032888 secs] [Times: user=0.01 sys=0.00, real=0.00 secs] 
3408.021: [GC (Allocation Failure) [PSYoungGen: 68992K->1485K(69632K)] 405636K->338129K(757760K), 0.0025404 secs] [Times: user=0.01 sys=0.00, real=0.00 secs] 
3408.477: [GC (Allocation Failure) [PSYoungGen: 69069K->1613K(69632K)] 405713K->338257K(757760K), 0.0016857 secs] [Times: user=0.00 sys=0.00, real=0.00 secs] 
3408.870: [GC (Allocation Failure) [PSYoungGen: 69197K->1549K(69632K)] 405841K->338193K(757760K), 0.0016589 secs] [Times: user=0.00 sys=0.00, real=0.00 secs] 
3409.263: [GC (Allocation Failure) [PSYoungGen: 69133K->1613K(69632K)] 405777K->338257K(757760K), 0.0017458 secs] [Times: user=0.01 sys=0.00, real=0.00 secs] 
3409.690: [GC (Allocation Failure) [PSYoungGen: 69197K->1472K(69632K)] 405841K->338116K(757760K), 0.0020550 secs] [Times: user=0.01 sys=0.00, real=0.00 secs] 
3409.986: [GC (Allocation Failure) [PSYoungGen: 69056K->1392K(69632K)] 405700K->338060K(757760K), 0.0020442 secs] [Times: user=0.00 sys=0.00, real=0.01 secs] 
3410.303: [GC (Allocation Failure) [PSYoungGen: 68976K->1376K(69632K)] 405644K->338044K(757760K), 0.0028946 secs] [Times: user=0.02 sys=0.00, real=0.00 secs] 
3410.719: [GC (Allocation Failure) [PSYoungGen: 68960K->1360K(69632K)] 405628K->338028K(757760K), 0.0039831 secs] [Times: user=0.01 sys=0.00, real=0.00 secs] 
3411.347: [GC (Allocation Failure) [PSYoungGen: 68925K->1485K(69632K)] 405593K->338153K(757760K), 0.0017543 secs] [Times: user=0.01 sys=0.00, real=0.00 secs] 
3411.746: [GC (Allocation Failure) [PSYoungGen: 69069K->1552K(69632K)] 405737K->338220K(757760K), 0.0017075 secs] [Times: user=0.01 sys=0.00, real=0.01 secs] 
3412.145: [GC (Allocation Failure) [PSYoungGen: 69136K->1613K(69632K)] 405804K->338281K(757760K), 0.0017294 secs] [Times: user=0.01 sys=0.00, real=0.00 secs] 
3412.540: [GC (Allocation Failure) [PSYoungGen: 69197K->1581K(69632K)] 405865K->338265K(757760K), 0.0015839 secs] [Times: user=0.00 sys=0.00, real=0.00 secs] 
3412.930: [GC (Allocation Failure) [PSYoungGen: 69165K->1440K(69632K)] 405849K->338124K(757760K), 0.0016043 secs] [Times: user=0.01 sys=0.00, real=0.00 secs] 
3413.225: [GC (Allocation Failure) [PSYoungGen: 69024K->1392K(69632K)] 405708K->338076K(757760K), 0.0014985 secs] [Times: user=0.00 sys=0.00, real=0.00 secs] 
3413.736: [GC (Allocation Failure) [PSYoungGen: 68976K->1408K(69632K)] 405660K->338092K(757760K), 0.0019662 secs] [Times: user=0.01 sys=0.00, real=0.01 secs] 
3414.444: [GC (Allocation Failure) [PSYoungGen: 68992K->1344K(69632K)] 405676K->338028K(757760K), 0.0018751 secs] [Times: user=0.01 sys=0.00, real=0.00 secs] 
3415.118: [GC (Allocation Failure) [PSYoungGen: 68928K->1517K(69632K)] 405612K->338201K(757760K), 0.0015778 secs] [Times: user=0.01 sys=0.00, real=0.00 secs] 
3415.516: [GC (Allocation Failure) [PSYoungGen: 69101K->1549K(69632K)] 405785K->338233K(757760K), 0.0016909 secs] [Times: user=0.01 sys=0.00, real=0.01 secs] 
3415.917: [GC (Allocation Failure) [PSYoungGen: 69133K->1581K(69632K)] 405817K->338265K(757760K), 0.0016613 secs] [Times: user=0.01 sys=0.00, real=0.00 secs] 
3416.317: [GC (Allocation Failure) [PSYoungGen: 69165K->1584K(69632K)] 405849K->338284K(757760K), 0.0016743 secs] [Times: user=0.00 sys=0.00, real=0.01 secs] 
3417.245: [GC (Allocation Failure) [PSYoungGen: 69168K->1392K(69632K)] 405868K->338092K(757760K), 0.0028195 secs] [Times: user=0.02 sys=0.00, real=0.01 secs] 
3417.803: [GC (Allocation Failure) [PSYoungGen: 68976K->1424K(69632K)] 405676K->338124K(757760K), 0.0028435 secs] [Times: user=0.01 sys=0.00, real=0.00 secs] 
3418.444: [GC (Allocation Failure) [PSYoungGen: 69008K->1424K(69632K)] 405708K->338124K(757760K), 0.0027909 secs] [Times: user=0.01 sys=0.00, real=0.01 secs] 
3419.286: [GC (Allocation Failure) [PSYoungGen: 69008K->1376K(69632K)] 405708K->338076K(757760K), 0.0042365 secs] [Times: user=0.02 sys=0.00, real=0.01 secs] 
3419.910: [GC (Allocation Failure) [PSYoungGen: 68928K->1517K(69632K)] 405628K->338217K(757760K), 0.0015388 secs] [Times: user=0.01 sys=0.00, real=0.00 secs] 
3420.304: [GC (Allocation Failure) [PSYoungGen: 69101K->1565K(69632K)] 405801K->338265K(757760K), 0.0017132 secs] [Times: user=0.01 sys=0.00, real=0.00 secs] 
3420.700: [GC (Allocation Failure) [PSYoungGen: 69149K->1613K(69632K)] 405849K->338313K(757760K), 0.0017895 secs] [Times: user=0.01 sys=0.00, real=0.00 secs] 
3421.302: [GC (Allocation Failure) [PSYoungGen: 69197K->1984K(69632K)] 405897K->338684K(757760K), 0.0036155 secs] [Times: user=0.01 sys=0.00, real=0.00 secs] 
3422.183: [GC (Allocation Failure) [PSYoungGen: 69568K->1376K(69632K)] 406268K->338076K(757760K), 0.0028871 secs] [Times: user=0.01 sys=0.00, real=0.00 secs] 
3422.816: [GC (Allocation Failure) [PSYoungGen: 68960K->1344K(69632K)] 405660K->338076K(757760K), 0.0025903 secs] [Times: user=0.01 sys=0.00, real=0.01 secs] 
3423.345: [GC (Allocation Failure) [PSYoungGen: 68928K->1376K(69632K)] 405660K->338108K(757760K), 0.0019205 secs] [Times: user=0.00 sys=0.00, real=0.01 secs] 
3423.746: [GC (Allocation Failure) [PSYoungGen: 68960K->1408K(69632K)] 405692K->338140K(757760K), 0.0020832 secs] [Times: user=0.01 sys=0.00, real=0.01 secs] 
3424.172: [GC (Allocation Failure) [PSYoungGen: 68987K->1581K(69632K)] 405719K->338313K(757760K), 0.0016625 secs] [Times: user=0.01 sys=0.00, real=0.00 secs] 
3424.566: [GC (Allocation Failure) [PSYoungGen: 69165K->1549K(69632K)] 405897K->338281K(757760K), 0.0017328 secs] [Times: user=0.01 sys=0.00, real=0.01 secs] 
3425.018: [GC (Allocation Failure) [PSYoungGen: 69133K->1613K(69632K)] 405865K->338345K(757760K), 0.0019007 secs] [Times: user=0.01 sys=0.00, real=0.00 secs] 
3425.535: [GC (Allocation Failure) [PSYoungGen: 69197K->1488K(69632K)] 405929K->338220K(757760K), 0.0029876 secs] [Times: user=0.01 sys=0.00, real=0.01 secs] 
3426.220: [GC (Allocation Failure) [PSYoungGen: 69072K->1392K(69632K)] 405804K->338124K(757760K), 0.0024494 secs] [Times: user=0.00 sys=0.00, real=0.00 secs] 
3426.970: [GC (Allocation Failure) [PSYoungGen: 68976K->1376K(69632K)] 405708K->338108K(757760K), 0.0023249 secs] [Times: user=0.01 sys=0.00, real=0.00 secs] 
3427.599: [GC (Allocation Failure) [PSYoungGen: 68960K->1376K(69632K)] 405692K->338108K(757760K), 0.0032813 secs] [Times: user=0.01 sys=0.00, real=0.00 secs] 
3428.327: [GC (Allocation Failure) [PSYoungGen: 68939K->1501K(69632K)] 405671K->338233K(757760K), 0.0019833 secs] [Times: user=0.01 sys=0.00, real=0.00 secs] 
3428.749: [GC (Allocation Failure) [PSYoungGen: 69085K->1600K(69632K)] 405817K->338332K(757760K), 0.0016457 secs] [Times: user=0.01 sys=0.00, real=0.00 secs] 
3429.142: [GC (Allocation Failure) [PSYoungGen: 69184K->1549K(69632K)] 405916K->338281K(757760K), 0.0016904 secs] [Times: user=0.01 sys=0.00, real=0.00 secs] 
3429.535: [GC (Allocation Failure) [PSYoungGen: 69133K->1533K(69632K)] 405865K->338281K(757760K), 0.0016685 secs] [Times: user=0.00 sys=0.00, real=0.01 secs] 
3429.954: [GC (Allocation Failure) [PSYoungGen: 69117K->1456K(69632K)] 405865K->338204K(757760K), 0.0019942 secs] [Times: user=0.00 sys=0.00, real=0.00 secs] 
3430.242: [GC (Allocation Failure) [PSYoungGen: 69040K->1408K(69632K)] 405788K->338156K(757760K), 0.0019222 secs] [Times: user=0.00 sys=0.00, real=0.00 secs] 
3430.523: [GC (Allocation Failure) [PSYoungGen: 68992K->1408K(69632K)] 405740K->338172K(757760K), 0.0026527 secs] [Times: user=0.01 sys=0.00, real=0.00 secs] 
3430.852: [GC (Allocation Failure) [PSYoungGen: 68992K->1408K(69632K)] 405756K->338172K(757760K), 0.0027943 secs] [Times: user=0.01 sys=0.00, real=0.00 secs] 
3431.259: [GC (Allocation Failure) [PSYoungGen: 68981K->1517K(69632K)] 405746K->338281K(757760K), 0.0015583 secs] [Times: user=0.01 sys=0.00, real=0.00 secs] 
3431.703: [GC (Allocation Failure) [PSYoungGen: 69101K->1597K(69632K)] 405865K->338361K(757760K), 0.0018639 secs] [Times: user=0.00 sys=0.00, real=0.00 secs] 
3432.159: [GC (Allocation Failure) [PSYoungGen: 69181K->1584K(69632K)] 405945K->338348K(757760K), 0.0017232 secs] [Times: user=0.00 sys=0.00, real=0.00 secs] 
3432.552: [GC (Allocation Failure) [PSYoungGen: 69168K->1568K(69632K)] 405932K->338348K(757760K), 0.0023820 secs] [Times: user=0.01 sys=0.00, real=0.00 secs] 
3432.975: [GC (Allocation Failure) [PSYoungGen: 69152K->1424K(69632K)] 405932K->338204K(757760K), 0.0024106 secs] [Times: user=0.01 sys=0.00, real=0.01 secs] 
3433.253: [GC (Allocation Failure) [PSYoungGen: 69008K->1376K(69632K)] 405788K->338156K(757760K), 0.0017671 secs] [Times: user=0.01 sys=0.00, real=0.00 secs] 
3433.561: [GC (Allocation Failure) [PSYoungGen: 68960K->1408K(69632K)] 405740K->338188K(757760K), 0.0019742 secs] [Times: user=0.01 sys=0.00, real=0.00 secs] 
3433.863: [GC (Allocation Failure) [PSYoungGen: 68992K->1344K(69632K)] 405772K->338124K(757760K), 0.0018468 secs] [Times: user=0.00 sys=0.00, real=0.00 secs] 
3434.250: [GC (Allocation Failure) [PSYoungGen: 68928K->1517K(69632K)] 405708K->338297K(757760K), 0.0016516 secs] [Times: user=0.01 sys=0.00, real=0.00 secs] 
3434.644: [GC (Allocation Failure) [PSYoungGen: 69101K->1581K(69632K)] 405881K->338361K(757760K), 0.0017220 secs] [Times: user=0.00 sys=0.00, real=0.00 secs] 
3435.036: [GC (Allocation Failure) [PSYoungGen: 69165K->1552K(69632K)] 405945K->338332K(757760K), 0.0017058 secs] [Times: user=0.00 sys=0.00, real=0.01 secs] 
3435.422: [GC (Allocation Failure) [PSYoungGen: 68810K->320K(69632K)] 405590K->337100K(757760K), 0.0015802 secs] [Times: user=0.00 sys=0.00, real=0.00 secs] 
3436.536: [GC (Allocation Failure) [PSYoungGen: 67904K->1344K(69632K)] 404684K->338124K(757760K), 0.0023267 secs] [Times: user=0.01 sys=0.00, real=0.01 secs] 
3437.004: [GC (Allocation Failure) [PSYoungGen: 68928K->1408K(69632K)] 405708K->338188K(757760K), 0.0020259 secs] [Times: user=0.00 sys=0.00, real=0.00 secs] 
3437.285: [GC (Allocation Failure) [PSYoungGen: 68992K->1408K(69632K)] 405772K->338188K(757760K), 0.0020093 secs] [Times: user=0.00 sys=0.00, real=0.01 secs] 
3437.566: [GC (Allocation Failure) [PSYoungGen: 68992K->1408K(69632K)] 405772K->338188K(757760K), 0.0018839 secs] [Times: user=0.01 sys=0.00, real=0.01 secs] 
3437.980: [GC (Allocation Failure) [PSYoungGen: 68992K->1581K(69632K)] 405772K->338361K(757760K), 0.0017078 secs] [Times: user=0.01 sys=0.00, real=0.00 secs] 
3438.373: [GC (Allocation Failure) [PSYoungGen: 69165K->1613K(69632K)] 405945K->338393K(757760K), 0.0016897 secs] [Times: user=0.01 sys=0.00, real=0.00 secs] 
3438.767: [GC (Allocation Failure) [PSYoungGen: 69197K->1613K(69632K)] 405977K->338393K(757760K), 0.0017236 secs] [Times: user=0.01 sys=0.00, real=0.00 secs] 
3439.178: [GC (Allocation Failure) [PSYoungGen: 69197K->1488K(69632K)] 405977K->338268K(757760K), 0.0018766 secs] [Times: user=0.01 sys=0.00, real=0.00 secs] 
3439.459: [GC (Allocation Failure) [PSYoungGen: 69072K->1376K(69632K)] 405852K->338188K(757760K), 0.0017266 secs] [Times: user=0.00 sys=0.00, real=0.00 secs] 
3439.739: [GC (Allocation Failure) [PSYoungGen: 68960K->1344K(69632K)] 405772K->338156K(757760K), 0.0018010 secs] [Times: user=0.01 sys=0.00, real=0.00 secs] 
3440.020: [GC (Allocation Failure) [PSYoungGen: 68928K->1408K(69632K)] 405740K->338220K(757760K), 0.0018060 secs] [Times: user=0.01 sys=0.00, real=0.00 secs] 
3440.363: [GC (Allocation Failure) [PSYoungGen: 68992K->1517K(69632K)] 405804K->338329K(757760K), 0.0018937 secs] [Times: user=0.01 sys=0.00, real=0.00 secs] 
3440.761: [GC (Allocation Failure) [PSYoungGen: 69101K->1581K(69632K)] 405913K->338393K(757760K), 0.0015932 secs] [Times: user=0.00 sys=0.00, real=0.00 secs] 
3441.153: [GC (Allocation Failure) [PSYoungGen: 69165K->1565K(69632K)] 405977K->338377K(757760K), 0.0016631 secs] [Times: user=0.01 sys=0.00, real=0.00 secs] 
3441.547: [GC (Allocation Failure) [PSYoungGen: 69149K->1549K(69632K)] 405961K->338369K(757760K), 0.0017512 secs] [Times: user=0.01 sys=0.00, real=0.01 secs] 
3441.954: [GC (Allocation Failure) [PSYoungGen: 69133K->1488K(69632K)] 405953K->338308K(757760K), 0.0019528 secs] [Times: user=0.01 sys=0.00, real=0.00 secs] 
3442.235: [GC (Allocation Failure) [PSYoungGen: 69072K->1376K(69632K)] 405892K->338196K(757760K), 0.0018133 secs] [Times: user=0.00 sys=0.00, real=0.00 secs] 
3442.562: [GC (Allocation Failure) [PSYoungGen: 68960K->1408K(69632K)] 405780K->338228K(757760K), 0.0019094 secs] [Times: user=0.01 sys=0.00, real=0.00 secs] 
3442.883: [GC (Allocation Failure) [PSYoungGen: 68992K->1376K(69632K)] 405812K->338196K(757760K), 0.0020294 secs] [Times: user=0.01 sys=0.00, real=0.00 secs] 
3443.290: [GC (Allocation Failure) [PSYoungGen: 68960K->1501K(69632K)] 405780K->338321K(757760K), 0.0016823 secs] [Times: user=0.01 sys=0.00, real=0.00 secs] 
3443.685: [GC (Allocation Failure) [PSYoungGen: 69069K->1581K(69632K)] 405889K->338401K(757760K), 0.0017128 secs] [Times: user=0.00 sys=0.00, real=0.00 secs] 
3444.084: [GC (Allocation Failure) [PSYoungGen: 69165K->1581K(69632K)] 405985K->338401K(757760K), 0.0015827 secs] [Times: user=0.01 sys=0.00, real=0.00 secs] 
3444.477: [GC (Allocation Failure) [PSYoungGen: 69165K->1565K(69632K)] 405985K->338401K(757760K), 0.0016681 secs] [Times: user=0.01 sys=0.00, real=0.00 secs] 
3444.927: [GC (Allocation Failure) [PSYoungGen: 69149K->1472K(69632K)] 405985K->338308K(757760K), 0.0021404 secs] [Times: user=0.01 sys=0.00, real=0.00 secs] 
3445.412: [GC (Allocation Failure) [PSYoungGen: 69056K->1392K(69632K)] 405892K->338228K(757760K), 0.0020808 secs] [Times: user=0.01 sys=0.00, real=0.00 secs] 
3445.988: [GC (Allocation Failure) [PSYoungGen: 68976K->1408K(69632K)] 405812K->338244K(757760K), 0.0027880 secs] [Times: user=0.01 sys=0.00, real=0.00 secs] 
3446.683: [GC (Allocation Failure) [PSYoungGen: 68992K->1408K(69632K)] 405828K->338244K(757760K), 0.0024514 secs] [Times: user=0.01 sys=0.00, real=0.00 secs] 
3447.310: [GC (Allocation Failure) [PSYoungGen: 68992K->1549K(69632K)] 405828K->338385K(757760K), 0.0016545 secs] [Times: user=0.01 sys=0.00, real=0.00 secs] 
3447.704: [GC (Allocation Failure) [PSYoungGen: 69133K->1581K(69632K)] 405969K->338417K(757760K), 0.0017155 secs] [Times: user=0.01 sys=0.00, real=0.00 secs] 
3448.097: [GC (Allocation Failure) [PSYoungGen: 69165K->1613K(69632K)] 406001K->338449K(757760K), 0.0017214 secs] [Times: user=0.01 sys=0.00, real=0.00 secs] 
3448.491: [GC (Allocation Failure) [PSYoungGen: 69197K->1597K(69632K)] 406033K->338449K(757760K), 0.0016172 secs] [Times: user=0.01 sys=0.00, real=0.00 secs] 
3448.798: [GC (Allocation Failure) [PSYoungGen: 69181K->1424K(69632K)] 406033K->338276K(757760K), 0.0017084 secs] [Times: user=0.01 sys=0.00, real=0.00 secs] 
3449.079: [GC (Allocation Failure) [PSYoungGen: 69008K->1376K(69632K)] 405860K->338228K(757760K), 0.0017425 secs] [Times: user=0.01 sys=0.00, real=0.00 secs] 
3449.359: [GC (Allocation Failure) [PSYoungGen: 68960K->1408K(69632K)] 405812K->338260K(757760K), 0.0015353 secs] [Times: user=0.01 sys=0.00, real=0.00 secs] 
3449.944: [GC (Allocation Failure) [PSYoungGen: 68992K->1376K(69632K)] 405844K->338252K(757760K), 0.0018402 secs] [Times: user=0.01 sys=0.00, real=0.00 secs] 
3450.423: [GC (Allocation Failure) [PSYoungGen: 68929K->1517K(69632K)] 405806K->338393K(757760K), 0.0015974 secs] [Times: user=0.01 sys=0.00, real=0.00 secs] 
3450.818: [GC (Allocation Failure) [PSYoungGen: 69101K->1549K(69632K)] 405977K->338425K(757760K), 0.0016993 secs] [Times: user=0.00 sys=0.00, real=0.00 secs] 
3451.215: [GC (Allocation Failure) [PSYoungGen: 69133K->1581K(69632K)] 406009K->338457K(757760K), 0.0017200 secs] [Times: user=0.00 sys=0.00, real=0.00 secs] 
3451.633: [GC (Allocation Failure) [PSYoungGen: 69165K->1504K(69632K)] 406041K->338380K(757760K), 0.0019059 secs] [Times: user=0.00 sys=0.00, real=0.00 secs] 
3451.914: [GC (Allocation Failure) [PSYoungGen: 69088K->1408K(69632K)] 405964K->338284K(757760K), 0.0017299 secs] [Times: user=0.01 sys=0.00, real=0.00 secs] 
3452.195: [GC (Allocation Failure) [PSYoungGen: 68992K->1376K(69632K)] 405868K->338252K(757760K), 0.0017523 secs] [Times: user=0.01 sys=0.00, real=0.00 secs] 
3452.476: [GC (Allocation Failure) [PSYoungGen: 68960K->1408K(69632K)] 405836K->338284K(757760K), 0.0018270 secs] [Times: user=0.01 sys=0.00, real=0.01 secs] 
3453.017: [GC (Allocation Failure) [PSYoungGen: 68992K->240K(69632K)] 405868K->337116K(757760K), 0.0017166 secs] [Times: user=0.01 sys=0.00, real=0.01 secs] 
3453.424: [GC (Allocation Failure) [PSYoungGen: 67824K->1581K(69632K)] 404700K->338457K(757760K), 0.0016777 secs] [Times: user=0.01 sys=0.00, real=0.00 secs] 
3453.824: [GC (Allocation Failure) [PSYoungGen: 69165K->1549K(69632K)] 406041K->338425K(757760K), 0.0017174 secs] [Times: user=0.01 sys=0.00, real=0.00 secs] 
3454.220: [GC (Allocation Failure) [PSYoungGen: 69133K->1581K(69632K)] 406009K->338457K(757760K), 0.0016128 secs] [Times: user=0.01 sys=0.00, real=0.00 secs] 
3454.589: [GC (Allocation Failure) [PSYoungGen: 69165K->1488K(69632K)] 406041K->338372K(757760K), 0.0018214 secs] [Times: user=0.00 sys=0.00, real=0.00 secs] 
3454.870: [GC (Allocation Failure) [PSYoungGen: 69072K->1408K(69632K)] 405956K->338292K(757760K), 0.0018352 secs] [Times: user=0.01 sys=0.00, real=0.00 secs] 
3455.152: [GC (Allocation Failure) [PSYoungGen: 68992K->1440K(69632K)] 405876K->338324K(757760K), 0.0017707 secs] [Times: user=0.01 sys=0.00, real=0.00 secs] 
3455.432: [GC (Allocation Failure) [PSYoungGen: 69024K->1408K(69632K)] 405908K->338292K(757760K), 0.0015802 secs] [Times: user=0.01 sys=0.00, real=0.00 secs] 
3455.829: [GC (Allocation Failure) [PSYoungGen: 68992K->1533K(69632K)] 405876K->338417K(757760K), 0.0016103 secs] [Times: user=0.00 sys=0.00, real=0.00 secs] 
3456.225: [GC (Allocation Failure) [PSYoungGen: 69117K->1613K(69632K)] 406001K->338497K(757760K), 0.0017329 secs] [Times: user=0.00 sys=0.00, real=0.00 secs] 
3456.619: [GC (Allocation Failure) [PSYoungGen: 69197K->1597K(69632K)] 406081K->338481K(757760K), 0.0016933 secs] [Times: user=0.01 sys=0.00, real=0.00 secs] 
3457.025: [GC (Allocation Failure) [PSYoungGen: 69181K->1613K(69632K)] 406065K->338513K(757760K), 0.0017182 secs] [Times: user=0.01 sys=0.00, real=0.00 secs] 
3457.411: [GC (Allocation Failure) [PSYoungGen: 69197K->1456K(69632K)] 406097K->338356K(757760K), 0.0018924 secs] [Times: user=0.01 sys=0.00, real=0.00 secs] 
3457.737: [GC (Allocation Failure) [PSYoungGen: 69040K->1408K(69632K)] 405940K->338308K(757760K), 0.0020305 secs] [Times: user=0.01 sys=0.00, real=0.00 secs] 
3458.018: [GC (Allocation Failure) [PSYoungGen: 68992K->1376K(69632K)] 405892K->338276K(757760K), 0.0018003 secs] [Times: user=0.01 sys=0.00, real=0.00 secs] 
3458.339: [GC (Allocation Failure) [PSYoungGen: 68960K->1376K(69632K)] 405860K->338276K(757760K), 0.0019017 secs] [Times: user=0.01 sys=0.00, real=0.00 secs] 
3458.708: [GC (Allocation Failure) [PSYoungGen: 68954K->1485K(69632K)] 405855K->338401K(757760K), 0.0016686 secs] [Times: user=0.00 sys=0.00, real=0.00 secs] 
3459.102: [GC (Allocation Failure) [PSYoungGen: 69069K->1565K(69632K)] 405985K->338481K(757760K), 0.0016368 secs] [Times: user=0.01 sys=0.00, real=0.00 secs] 
3459.494: [GC (Allocation Failure) [PSYoungGen: 69149K->1581K(69632K)] 406065K->338497K(757760K), 0.0017558 secs] [Times: user=0.00 sys=0.00, real=0.00 secs] 
3459.888: [GC (Allocation Failure) [PSYoungGen: 69165K->1613K(69632K)] 406081K->338537K(757760K), 0.0017809 secs] [Times: user=0.01 sys=0.00, real=0.00 secs] 
3460.482: [GC (Allocation Failure) [PSYoungGen: 69197K->1408K(69632K)] 406121K->338332K(757760K), 0.0016530 secs] [Times: user=0.01 sys=0.00, real=0.00 secs] 
3461.063: [GC (Allocation Failure) [PSYoungGen: 68992K->1376K(69632K)] 405916K->338300K(757760K), 0.0038379 secs] [Times: user=0.01 sys=0.00, real=0.00 secs] 
3461.643: [GC (Allocation Failure) [PSYoungGen: 68960K->1376K(69632K)] 405884K->338300K(757760K), 0.0033047 secs] [Times: user=0.01 sys=0.00, real=0.00 secs] 
3462.067: [GC (Allocation Failure) [PSYoungGen: 68960K->1408K(69632K)] 405884K->338332K(757760K), 0.0018188 secs] [Times: user=0.01 sys=0.00, real=0.00 secs] 
3462.556: [GC (Allocation Failure) [PSYoungGen: 68992K->1549K(69632K)] 405916K->338473K(757760K), 0.0016619 secs] [Times: user=0.00 sys=0.00, real=0.01 secs] 
3462.949: [GC (Allocation Failure) [PSYoungGen: 69133K->1613K(69632K)] 406057K->338537K(757760K), 0.0018082 secs] [Times: user=0.01 sys=0.00, real=0.00 secs] 
3463.343: [GC (Allocation Failure) [PSYoungGen: 69197K->1597K(69632K)] 406121K->338521K(757760K), 0.0016338 secs] [Times: user=0.01 sys=0.00, real=0.00 secs] 
3463.785: [GC (Allocation Failure) [PSYoungGen: 69181K->1792K(69632K)] 406105K->338716K(757760K), 0.0018759 secs] [Times: user=0.01 sys=0.00, real=0.01 secs] 
3464.541: [GC (Allocation Failure) [PSYoungGen: 69376K->1408K(69632K)] 406300K->338332K(757760K), 0.0020683 secs] [Times: user=0.01 sys=0.00, real=0.00 secs] 
3465.197: [GC (Allocation Failure) [PSYoungGen: 68992K->1344K(69632K)] 405916K->338268K(757760K), 0.0032520 secs] [Times: user=0.02 sys=0.00, real=0.00 secs] 
3465.980: [GC (Allocation Failure) [PSYoungGen: 68928K->1408K(69632K)] 405852K->338332K(757760K), 0.0039000 secs] [Times: user=0.02 sys=0.00, real=0.00 secs] 
3466.692: [GC (Allocation Failure) [PSYoungGen: 68992K->1408K(69632K)] 405916K->338332K(757760K), 0.0038407 secs] [Times: user=0.02 sys=0.00, real=0.00 secs] 
3467.265: [GC (Allocation Failure) [PSYoungGen: 68992K->1549K(69632K)] 405916K->338473K(757760K), 0.0017233 secs] [Times: user=0.01 sys=0.00, real=0.01 secs] 
3467.695: [GC (Allocation Failure) [PSYoungGen: 69133K->1597K(69632K)] 406057K->338521K(757760K), 0.0017679 secs] [Times: user=0.01 sys=0.00, real=0.00 secs] 
3468.087: [GC (Allocation Failure) [PSYoungGen: 69181K->1549K(69632K)] 406105K->338473K(757760K), 0.0017961 secs] [Times: user=0.00 sys=0.00, real=0.00 secs] 
3468.573: [GC (Allocation Failure) [PSYoungGen: 69133K->1472K(69632K)] 406057K->338396K(757760K), 0.0018502 secs] [Times: user=0.01 sys=0.00, real=0.00 secs] 
3468.854: [GC (Allocation Failure) [PSYoungGen: 69056K->1376K(69632K)] 405980K->338300K(757760K), 0.0018526 secs] [Times: user=0.01 sys=0.00, real=0.00 secs] 
3469.135: [GC (Allocation Failure) [PSYoungGen: 68960K->1408K(69632K)] 405884K->338332K(757760K), 0.0018847 secs] [Times: user=0.01 sys=0.00, real=0.00 secs] 
3469.463: [GC (Allocation Failure) [PSYoungGen: 68992K->1376K(69632K)] 405916K->338300K(757760K), 0.0018976 secs] [Times: user=0.00 sys=0.00, real=0.00 secs] 
3469.816: [GC (Allocation Failure) [PSYoungGen: 68960K->1485K(69632K)] 405884K->338409K(757760K), 0.0016195 secs] [Times: user=0.01 sys=0.00, real=0.01 secs] 
3470.210: [GC (Allocation Failure) [PSYoungGen: 69069K->1581K(69632K)] 405993K->338505K(757760K), 0.0017537 secs] [Times: user=0.01 sys=0.00, real=0.00 secs] 
3470.604: [GC (Allocation Failure) [PSYoungGen: 69165K->1549K(69632K)] 406089K->338489K(757760K), 0.0018117 secs] [Times: user=0.00 sys=0.00, real=0.00 secs] 
3471.063: [GC (Allocation Failure) [PSYoungGen: 69133K->1581K(69632K)] 406073K->338537K(757760K), 0.0017296 secs] [Times: user=0.01 sys=0.00, real=0.00 secs] 
3471.739: [GC (Allocation Failure) [PSYoungGen: 69165K->1456K(69632K)] 406121K->338412K(757760K), 0.0025730 secs] [Times: user=0.01 sys=0.00, real=0.00 secs] 
3472.492: [GC (Allocation Failure) [PSYoungGen: 69040K->1360K(69632K)] 405996K->338316K(757760K), 0.0023267 secs] [Times: user=0.01 sys=0.00, real=0.00 secs] 
3473.083: [GC (Allocation Failure) [PSYoungGen: 68944K->1344K(69632K)] 405900K->338300K(757760K), 0.0025575 secs] [Times: user=0.01 sys=0.00, real=0.00 secs] 
3473.430: [GC (Allocation Failure) [PSYoungGen: 68928K->1392K(69632K)] 405884K->338348K(757760K), 0.0020241 secs] [Times: user=0.01 sys=0.00, real=0.00 secs] 
3473.807: [GC (Allocation Failure) [PSYoungGen: 68976K->1488K(69632K)] 405932K->338444K(757760K), 0.0016168 secs] [Times: user=0.01 sys=0.00, real=0.01 secs] 
3474.199: [GC (Allocation Failure) [PSYoungGen: 69072K->1629K(69632K)] 406028K->338585K(757760K), 0.0017554 secs] [Times: user=0.00 sys=0.00, real=0.00 secs] 
3474.592: [GC (Allocation Failure) [PSYoungGen: 69213K->1581K(69632K)] 406169K->338537K(757760K), 0.0018742 secs] [Times: user=0.01 sys=0.00, real=0.00 secs] 
3474.985: [GC (Allocation Failure) [PSYoungGen: 69165K->1584K(69632K)] 406121K->338556K(757760K), 0.0017614 secs] [Times: user=0.01 sys=0.00, real=0.01 secs] 
3476.298: [GC (Allocation Failure) [PSYoungGen: 69168K->2032K(69632K)] 406140K->339603K(757760K), 0.0023645 secs] [Times: user=0.01 sys=0.00, real=0.00 secs] 
3478.444: [GC (Allocation Failure) [PSYoungGen: 69616K->2528K(67584K)] 407187K->346880K(755712K), 0.0084712 secs] [Times: user=0.04 sys=0.00, real=0.01 secs] 
3481.174: [GC (Allocation Failure) [PSYoungGen: 67552K->5088K(70144K)] 411904K->368152K(758272K), 0.0396797 secs] [Times: user=0.18 sys=0.04, real=0.04 secs] 
3484.042: [GC (Allocation Failure) [PSYoungGen: 67141K->12768K(69120K)] 430206K->392524K(757248K), 0.0256007 secs] [Times: user=0.13 sys=0.02, real=0.03 secs] 
3484.188: [GC (Allocation Failure) [PSYoungGen: 69088K->21472K(77824K)] 448844K->415196K(765952K), 0.0153852 secs] [Times: user=0.07 sys=0.01, real=0.01 secs] 
3484.278: [GC (Allocation Failure) [PSYoungGen: 75861K->30176K(84480K)] 469586K->437692K(772608K), 0.0138720 secs] [Times: user=0.07 sys=0.01, real=0.01 secs] 
3484.909: [GC (Allocation Failure) [PSYoungGen: 84448K->40928K(95232K)] 491964K->467916K(783360K), 0.0437676 secs] [Times: user=0.16 sys=0.09, real=0.04 secs] 
3487.756: [GC (GCLocker Initiated GC) [PSYoungGen: 95200K->55008K(110080K)] 522188K->481996K(798208K), 0.0661922 secs] [Times: user=0.18 sys=0.16, real=0.07 secs] 
3487.956: [GC (Allocation Failure) [PSYoungGen: 109280K->65504K(119808K)] 536271K->504830K(807936K), 0.0263719 secs] [Times: user=0.15 sys=0.01, real=0.03 secs] 
3489.667: [GC (Allocation Failure) [PSYoungGen: 119776K->81888K(129536K)] 559102K->526406K(817664K), 0.0607125 secs] [Times: user=0.30 sys=0.06, real=0.06 secs] 
3495.889: [GC (Allocation Failure) [PSYoungGen: 129504K->98336K(146432K)] 574022K->542874K(834560K), 0.0647557 secs] [Times: user=0.38 sys=0.00, real=0.06 secs] 
3496.278: [GC (Allocation Failure) [PSYoungGen: 145952K->88864K(161280K)] 590490K->561658K(849408K), 0.0424602 secs] [Times: user=0.24 sys=0.01, real=0.04 secs] 
3496.383: [GC (Allocation Failure) [PSYoungGen: 133920K->62528K(172032K)] 606714K->580890K(860160K), 0.0304257 secs] [Times: user=0.17 sys=0.01, real=0.03 secs] 
3497.304: [GC (Allocation Failure) [PSYoungGen: 107584K->22177K(171008K)] 625946K->583708K(859136K), 0.0641188 secs] [Times: user=0.28 sys=0.09, real=0.07 secs] 
3497.643: [GC (Allocation Failure) [PSYoungGen: 75937K->2592K(175104K)] 637468K->586218K(863232K), 0.0307323 secs] [Times: user=0.16 sys=0.01, real=0.03 secs] 
3497.734: [GC (Allocation Failure) [PSYoungGen: 56352K->12864K(176640K)] 639978K->598908K(864768K), 0.0056245 secs] [Times: user=0.02 sys=0.01, real=0.01 secs] 
3497.885: [GC (Allocation Failure) [PSYoungGen: 76352K->24960K(180736K)] 662396K->622636K(868864K), 0.0102559 secs] [Times: user=0.05 sys=0.00, real=0.01 secs] 
3497.971: [GC (Allocation Failure) [PSYoungGen: 88448K->27616K(174592K)] 686124K->647540K(862720K), 0.0141618 secs] [Times: user=0.07 sys=0.01, real=0.01 secs] 
3498.081: [GC (Allocation Failure) [PSYoungGen: 101897K->31040K(180736K)] 721822K->678236K(868864K), 0.0194231 secs] [Times: user=0.11 sys=0.01, real=0.02 secs] 
3498.100: [Full GC (Ergonomics) [PSYoungGen: 31040K->0K(180736K)] [ParOldGen: 647196K->108216K(556032K)] 678236K->108216K(736768K), [Metaspace: 60117K->60024K(1105920K)], 0.2590073 secs] [Times: user=1.13 sys=0.00, real=0.26 secs] 
3498.439: [GC (Allocation Failure) [PSYoungGen: 75264K->33984K(176128K)] 183480K->142200K(732160K), 0.0086808 secs] [Times: user=0.05 sys=0.00, real=0.01 secs] 
3498.561: [GC (Allocation Failure) [PSYoungGen: 123584K->38304K(182272K)] 231800K->180397K(738304K), 0.0219113 secs] [Times: user=0.13 sys=0.00, real=0.02 secs] 
3498.854: [GC (Allocation Failure) [PSYoungGen: 127904K->46144K(192000K)] 269997K->226388K(748032K), 0.0395822 secs] [Times: user=0.23 sys=0.00, real=0.04 secs] 
3499.455: [GC (Allocation Failure) [PSYoungGen: 149317K->43616K(193536K)] 329562K->302733K(749568K), 0.0253503 secs] [Times: user=0.14 sys=0.00, real=0.03 secs] 
3500.096: [GC (GCLocker Initiated GC) [PSYoungGen: 150112K->5440K(210944K)] 409229K->306133K(766976K), 0.0659312 secs] [Times: user=0.39 sys=0.00, real=0.07 secs] 
3502.020: [GC (Allocation Failure) [PSYoungGen: 131392K->42688K(211456K)] 436185K->352052K(767488K), 0.1097065 secs] [Times: user=0.65 sys=0.01, real=0.11 secs] 
3502.350: [GC (Allocation Failure) [PSYoungGen: 168640K->56128K(229888K)] 478004K->406748K(785920K), 0.0383353 secs] [Times: user=0.20 sys=0.02, real=0.04 secs] 
3502.811: [GC (GCLocker Initiated GC) [PSYoungGen: 202560K->61472K(232960K)] 553181K->468117K(788992K), 0.0407601 secs] [Times: user=0.23 sys=0.00, real=0.04 secs] 
3504.997: [GC (Allocation Failure) [PSYoungGen: 207904K->84480K(252928K)] 614552K->552392K(808960K), 0.1060324 secs] [Times: user=0.58 sys=0.03, real=0.10 secs] 
3506.135: [GC (GCLocker Initiated GC) [PSYoungGen: 246784K->25856K(264704K)] 714697K->561705K(820736K), 0.0386018 secs] [Times: user=0.23 sys=0.00, real=0.04 secs] 
3506.173: [Full GC (Ergonomics) [PSYoungGen: 25856K->0K(264704K)] [ParOldGen: 535849K->25121K(538624K)] 561705K->25121K(803328K), [Metaspace: 60028K->60028K(1105920K)], 0.0372063 secs] [Times: user=0.12 sys=0.00, real=0.04 secs] 
3506.600: [GC (Allocation Failure) [PSYoungGen: 162304K->63104K(289792K)] 187428K->88228K(828416K), 0.0249463 secs] [Times: user=0.11 sys=0.03, real=0.02 secs] 
3506.945: [GC (Allocation Failure) [PSYoungGen: 253056K->82976K(291840K)] 278180K->166264K(830464K), 0.0337961 secs] [Times: user=0.19 sys=0.00, real=0.04 secs] 
3507.199: [GC (Allocation Failure) [PSYoungGen: 272928K->89312K(326656K)] 356216K->247320K(865280K), 0.0505944 secs] [Times: user=0.23 sys=0.07, real=0.05 secs] 
3509.558: [GC (Allocation Failure) [PSYoungGen: 305376K->43072K(335360K)] 463384K->290392K(873984K), 0.1178834 secs] [Times: user=0.70 sys=0.00, real=0.11 secs] 
3510.007: [GC (Allocation Failure) [PSYoungGen: 259136K->89312K(363008K)] 506456K->375713K(901632K), 0.0305657 secs] [Times: user=0.17 sys=0.01, real=0.03 secs] 
3510.404: [GC (Allocation Failure) [PSYoungGen: 338144K->114496K(370688K)] 624545K->481125K(909312K), 0.0486561 secs] [Times: user=0.28 sys=0.00, real=0.05 secs] 
3512.307: [GC (GCLocker Initiated GC) [PSYoungGen: 363328K->54720K(419328K)] 729958K->535806K(957952K), 0.1009488 secs] [Times: user=0.56 sys=0.03, real=0.11 secs] 
3512.408: [Full GC (Ergonomics) [PSYoungGen: 54720K->0K(419328K)] [ParOldGen: 481086K->55095K(629760K)] 535806K->55095K(1049088K), [Metaspace: 60029K->60029K(1105920K)], 0.1393609 secs] [Times: user=0.58 sys=0.00, real=0.14 secs] 
3513.114: [GC (Allocation Failure) [PSYoungGen: 294912K->124192K(425984K)] 350009K->179289K(1055744K), 0.0331268 secs] [Times: user=0.19 sys=0.00, real=0.04 secs] 
3514.409: [GC (Allocation Failure) [PSYoungGen: 419104K->91648K(493056K)] 474201K->262513K(1122816K), 0.0927758 secs] [Times: user=0.32 sys=0.18, real=0.09 secs] 
3515.165: [GC (Allocation Failure) [PSYoungGen: 437248K->134560K(494080K)] 608113K->395622K(1123840K), 0.0479556 secs] [Times: user=0.28 sys=0.01, real=0.05 secs] 
3516.510: [GC (Allocation Failure) [PSYoungGen: 480160K->115104K(522752K)] 741222K->500386K(1152512K), 0.0723244 secs] [Times: user=0.38 sys=0.04, real=0.07 secs] 
3517.122: [GC (Allocation Failure) [PSYoungGen: 472992K->139232K(497152K)] 858274K->638175K(1126912K), 0.0544004 secs] [Times: user=0.32 sys=0.00, real=0.05 secs] 
3517.177: [Full GC (Ergonomics) [PSYoungGen: 139232K->0K(497152K)] [ParOldGen: 498943K->157349K(807936K)] 638175K->157349K(1305088K), [Metaspace: 60040K->60040K(1105920K)], 0.3392790 secs] [Times: user=1.54 sys=0.00, real=0.34 secs] 
3519.277: [GC (Allocation Failure) [PSYoungGen: 357888K->116576K(511488K)] 515237K->273925K(1319424K), 0.0811714 secs] [Times: user=0.48 sys=0.00, real=0.08 secs] 
3520.423: [GC (Allocation Failure) [PSYoungGen: 444768K->129792K(458240K)] 602117K->402329K(1266176K), 0.0552559 secs] [Times: user=0.32 sys=0.00, real=0.06 secs] 
3521.769: [GC (Allocation Failure) [PSYoungGen: 457984K->110656K(511488K)] 730521K->504489K(1319424K), 0.0627289 secs] [Times: user=0.36 sys=0.01, real=0.06 secs] 
3522.235: [GC (Allocation Failure) [PSYoungGen: 431168K->119040K(507904K)] 825001K->623289K(1315840K), 0.0525408 secs] [Times: user=0.31 sys=0.00, real=0.06 secs] 
3523.568: [GC (Allocation Failure) [PSYoungGen: 439552K->130144K(504832K)] 943801K->742662K(1312768K), 0.0762437 secs] [Times: user=0.37 sys=0.08, real=0.07 secs] 
3523.645: [Full GC (Ergonomics) [PSYoungGen: 130144K->0K(504832K)] [ParOldGen: 612518K->253887K(974336K)] 742662K->253887K(1479168K), [Metaspace: 60042K->60042K(1105920K)], 0.5267743 secs] [Times: user=2.32 sys=0.00, real=0.53 secs] 
3525.235: [GC (Allocation Failure) [PSYoungGen: 314627K->93152K(410624K)] 568515K->347039K(1384960K), 0.0189691 secs] [Times: user=0.11 sys=0.00, real=0.02 secs] 
3525.672: [GC (Allocation Failure) [PSYoungGen: 410592K->138848K(497664K)] 664479K->480004K(1472000K), 0.0554879 secs] [Times: user=0.33 sys=0.00, real=0.06 secs] 
3527.969: [GC (Allocation Failure) [PSYoungGen: 453728K->79936K(503808K)] 794884K->559876K(1478144K), 0.0595263 secs] [Times: user=0.35 sys=0.00, real=0.06 secs] 
3528.569: [GC (Allocation Failure) [PSYoungGen: 394816K->136736K(504320K)] 874756K->690873K(1478656K), 0.0674134 secs] [Times: user=0.38 sys=0.00, real=0.06 secs] 
3529.983: [GC (Allocation Failure) [PSYoungGen: 456736K->86464K(406528K)] 1010873K->777201K(1380864K), 0.1408679 secs] [Times: user=0.63 sys=0.20, real=0.14 secs] 
3530.521: [GC (Allocation Failure) [PSYoungGen: 406464K->133440K(505344K)] 1097201K->906962K(1479680K), 0.0554137 secs] [Times: user=0.27 sys=0.06, real=0.05 secs] 
3531.835: [GC (Allocation Failure) [PSYoungGen: 453652K->97408K(419328K)] 1227175K->995402K(1393664K), 0.0713653 secs] [Times: user=0.39 sys=0.04, real=0.07 secs] 
3531.906: [Full GC (Ergonomics) [PSYoungGen: 97408K->0K(419328K)] [ParOldGen: 897994K->42701K(799232K)] 995402K->42701K(1218560K), [Metaspace: 60053K->60053K(1105920K)], 0.0795093 secs] [Times: user=0.28 sys=0.01, real=0.08 secs] 
3532.489: [GC (Allocation Failure) [PSYoungGen: 321536K->130848K(506368K)] 364237K->173549K(1305600K), 0.0259935 secs] [Times: user=0.15 sys=0.00, real=0.02 secs] 
3534.100: [GC (Allocation Failure) [PSYoungGen: 456480K->102240K(508416K)] 499181K->266345K(1307648K), 0.1071698 secs] [Times: user=0.64 sys=0.00, real=0.11 secs] 
3534.980: [GC (GCLocker Initiated GC) [PSYoungGen: 427872K->131808K(509440K)] 591979K->396774K(1308672K), 0.0500118 secs] [Times: user=0.29 sys=0.00, real=0.05 secs] 
3537.143: [GC (Allocation Failure) [PSYoungGen: 465120K->111488K(511488K)] 730087K->499063K(1310720K), 0.0619543 secs] [Times: user=0.37 sys=0.00, real=0.06 secs] 
3537.733: [GC (Allocation Failure) [PSYoungGen: 444800K->125696K(516608K)] 832375K->624204K(1315840K), 0.0527473 secs] [Times: user=0.31 sys=0.00, real=0.05 secs] 
3539.046: [GC (Allocation Failure) [PSYoungGen: 470272K->121824K(516608K)] 968780K->736740K(1315840K), 0.0629022 secs] [Times: user=0.38 sys=0.00, real=0.07 secs] 
3539.109: [Full GC (Ergonomics) [PSYoungGen: 121824K->0K(516608K)] [ParOldGen: 614916K->253937K(1067520K)] 736740K->253937K(1584128K), [Metaspace: 60064K->60064K(1105920K)], 0.5249300 secs] [Times: user=2.30 sys=0.00, real=0.52 secs] 
3541.573: [GC (Allocation Failure) [PSYoungGen: 344576K->123904K(525312K)] 598513K->377849K(1592832K), 0.0250356 secs] [Times: user=0.14 sys=0.00, real=0.03 secs] 
3542.891: [GC (Allocation Failure) [PSYoungGen: 479744K->124960K(524288K)] 733689K->492438K(1591808K), 0.0620486 secs] [Times: user=0.37 sys=0.00, real=0.06 secs] 
3545.066: [GC (Allocation Failure) [PSYoungGen: 480800K->130912K(526848K)] 848278K->622670K(1594368K), 0.0567943 secs] [Times: user=0.33 sys=0.01, real=0.06 secs] 
3546.594: [GC (Allocation Failure) [PSYoungGen: 490848K->3424K(363520K)] 982606K->495266K(1431040K), 0.0024893 secs] [Times: user=0.01 sys=0.00, real=0.00 secs] 
3547.255: [GC (GCLocker Initiated GC) [PSYoungGen: 363360K->144320K(502784K)] 855202K->636162K(1570304K), 0.0287873 secs] [Times: user=0.17 sys=0.00, real=0.03 secs] 
3548.556: [GC (Allocation Failure) [PSYoungGen: 465344K->352K(321536K)] 957188K->492196K(1389056K), 0.0018904 secs] [Times: user=0.01 sys=0.00, real=0.01 secs] 
3549.960: [GC (Allocation Failure) [PSYoungGen: 321376K->113728K(503808K)] 813220K->605572K(1571328K), 0.0231325 secs] [Times: user=0.13 sys=0.00, real=0.02 secs] 
3550.698: [GC (Allocation Failure) [PSYoungGen: 416229K->195040K(499712K)] 908073K->765260K(1567232K), 0.0602698 secs] [Times: user=0.35 sys=0.00, real=0.06 secs] 
3552.239: [GC (Allocation Failure) [PSYoungGen: 499680K->78080K(432128K)] 1069900K->648348K(1499648K), 0.0162369 secs] [Times: user=0.09 sys=0.00, real=0.01 secs] 
3552.532: [GC (Allocation Failure) [PSYoungGen: 311040K->175392K(465920K)] 881308K->745736K(1533440K), 0.0349041 secs] [Times: user=0.20 sys=0.00, real=0.03 secs] 
3554.491: [GC (Allocation Failure) [PSYoungGen: 408352K->896K(465920K)] 978696K->571256K(1533440K), 0.0017862 secs] [Times: user=0.01 sys=0.00, real=0.00 secs] 
3554.912: [GC (Allocation Failure) [PSYoungGen: 233856K->83008K(465920K)] 804216K->653957K(1533440K), 0.0243060 secs] [Times: user=0.14 sys=0.00, real=0.02 secs] 
3555.221: [GC (Allocation Failure) [PSYoungGen: 315968K->101376K(465920K)] 886917K->749645K(1533440K), 0.0445343 secs] [Times: user=0.26 sys=0.00, real=0.04 secs] 
3556.358: [GC (Allocation Failure) [PSYoungGen: 334336K->70912K(304128K)] 982605K->811821K(1371648K), 0.0503083 secs] [Times: user=0.30 sys=0.00, real=0.05 secs] 
3557.274: [GC (Allocation Failure) [PSYoungGen: 303872K->83872K(470528K)] 1044781K->893746K(1538048K), 0.0376625 secs] [Times: user=0.22 sys=0.00, real=0.04 secs] 
3557.661: [GC (Allocation Failure) [PSYoungGen: 323923K->103168K(460800K)] 1133797K->991598K(1528320K), 0.0688239 secs] [Times: user=0.25 sys=0.13, real=0.07 secs] 
3558.841: [GC (Allocation Failure) [PSYoungGen: 345856K->69696K(466432K)] 1234286K->1052990K(1533952K), 0.0671328 secs] [Times: user=0.29 sys=0.11, real=0.07 secs] 
3558.908: [Full GC (Ergonomics) [PSYoungGen: 69696K->0K(466432K)] [ParOldGen: 983294K->22262K(857600K)] 1052990K->22262K(1324032K), [Metaspace: 60089K->60089K(1105920K)], 0.0326086 secs] [Times: user=0.07 sys=0.00, real=0.03 secs] 
3560.676: [GC (Allocation Failure) [PSYoungGen: 258560K->97600K(460800K)] 280822K->119862K(1318400K), 0.0199425 secs] [Times: user=0.12 sys=0.00, real=0.02 secs] 
3561.055: [GC (Allocation Failure) [PSYoungGen: 356160K->118304K(482304K)] 378422K->228886K(1339904K), 0.0512258 secs] [Times: user=0.30 sys=0.00, real=0.05 secs] 
3562.724: [GC (Allocation Failure) [PSYoungGen: 408608K->72800K(480768K)] 519190K->301626K(1338368K), 0.0799315 secs] [Times: user=0.47 sys=0.01, real=0.08 secs] 
3563.201: [GC (Allocation Failure) [PSYoungGen: 363104K->123744K(501248K)] 591930K->420583K(1358848K), 0.0420646 secs] [Times: user=0.25 sys=0.00, real=0.04 secs] 
3564.611: [GC (Allocation Failure) [PSYoungGen: 439136K->95520K(502272K)] 735975K->507659K(1359872K), 0.0680824 secs] [Times: user=0.40 sys=0.01, real=0.07 secs] 
3565.266: [GC (Allocation Failure) [PSYoungGen: 410912K->127328K(502272K)] 823051K->632235K(1359872K), 0.0484340 secs] [Times: user=0.28 sys=0.00, real=0.05 secs] 
3566.561: [GC (Allocation Failure) [PSYoungGen: 450912K->112544K(504832K)] 955819K->735672K(1362432K), 0.0612898 secs] [Times: user=0.36 sys=0.00, real=0.06 secs] 
3568.436: [GC (Allocation Failure) [PSYoungGen: 436128K->116128K(513536K)] 1059256K->851388K(1371136K), 0.0527894 secs] [Times: user=0.31 sys=0.00, real=0.06 secs] 
3568.489: [Full GC (Ergonomics) [PSYoungGen: 116128K->0K(513536K)] [ParOldGen: 735260K->133249K(1034240K)] 851388K->133249K(1547776K), [Metaspace: 60100K->60100K(1105920K)], 0.2877675 secs] [Times: user=1.31 sys=0.00, real=0.28 secs] 
3570.050: [GC (Allocation Failure) [PSYoungGen: 339968K->131744K(515072K)] 473217K->264993K(1549312K), 0.0490618 secs] [Times: user=0.29 sys=0.00, real=0.05 secs] 
3570.972: [GC (Allocation Failure) [PSYoungGen: 471712K->107136K(512512K)] 604961K->372053K(1546752K), 0.0671195 secs] [Times: user=0.40 sys=0.00, real=0.07 secs] 
3572.299: [GC (Allocation Failure) [PSYoungGen: 452736K->141472K(516608K)] 717653K->502642K(1550848K), 0.0604808 secs] [Times: user=0.36 sys=0.00, real=0.06 secs] 
3574.198: [GC (Allocation Failure) [PSYoungGen: 487072K->105600K(521728K)] 848242K->608206K(1555968K), 0.0581019 secs] [Times: user=0.35 sys=0.00, real=0.05 secs] 
3575.491: [GC (Allocation Failure) [PSYoungGen: 455296K->143008K(521216K)] 957902K->740109K(1555456K), 0.0607360 secs] [Times: user=0.36 sys=0.00, real=0.06 secs] 
3576.012: [GC (Allocation Failure) [PSYoungGen: 492704K->109632K(521728K)] 1089805K->849661K(1555968K), 0.0591333 secs] [Times: user=0.35 sys=0.00, real=0.06 secs] 
3577.572: [GC (Allocation Failure) [PSYoungGen: 458816K->138432K(521216K)] 1198845K->978098K(1555456K), 0.0613075 secs] [Times: user=0.36 sys=0.00, real=0.06 secs] 
3577.634: [Full GC (Ergonomics) [PSYoungGen: 138432K->0K(521216K)] [ParOldGen: 839666K->253833K(1223168K)] 978098K->253833K(1744384K), [Metaspace: 60106K->60106K(1105920K)], 0.5214564 secs] [Times: user=2.28 sys=0.00, real=0.52 secs] 
3579.992: [GC (Allocation Failure) [PSYoungGen: 349184K->110080K(520192K)] 603017K->363913K(1743360K), 0.0229649 secs] [Times: user=0.13 sys=0.00, real=0.02 secs] 
3581.261: [GC (Allocation Failure) [PSYoungGen: 461312K->138240K(521728K)] 715145K->491830K(1744896K), 0.0609463 secs] [Times: user=0.36 sys=0.00, real=0.06 secs] 
3583.260: [GC (GCLocker Initiated GC) [PSYoungGen: 489472K->107808K(523264K)] 843064K->599184K(1746432K), 0.0574269 secs] [Times: user=0.34 sys=0.00, real=0.06 secs] 
3584.827: [GC (Allocation Failure) [PSYoungGen: 462624K->140512K(524288K)] 954001K->728920K(1747456K), 0.0607498 secs] [Times: user=0.36 sys=0.00, real=0.06 secs] 
3585.520: [GC (Allocation Failure) [PSYoungGen: 495328K->118048K(522752K)] 1083736K->846912K(1745920K), 0.0588864 secs] [Times: user=0.35 sys=0.00, real=0.06 secs] 
3587.098: [GC (Allocation Failure) [PSYoungGen: 474400K->130592K(524288K)] 1203264K->967173K(1747456K), 0.0621759 secs] [Times: user=0.37 sys=0.00, real=0.06 secs] 
3588.931: [GC (Allocation Failure) [PSYoungGen: 486944K->122432K(523264K)] 1323525K->1089145K(1746432K), 0.0759841 secs] [Times: user=0.34 sys=0.10, real=0.08 secs] 
3590.329: [GC (Allocation Failure) [PSYoungGen: 485952K->2592K(366592K)] 1452665K->969353K(1589760K), 0.0058888 secs] [Times: user=0.03 sys=0.00, real=0.00 secs] 
3592.086: [GC (Allocation Failure) [PSYoungGen: 366112K->134784K(514560K)] 1332873K->1103050K(1737728K), 0.0321939 secs] [Times: user=0.19 sys=0.00, real=0.04 secs] 
3593.876: [GC (Allocation Failure) [PSYoungGen: 470144K->704K(336384K)] 1438410K->968970K(1559552K), 0.0033318 secs] [Times: user=0.02 sys=0.00, real=0.01 secs] 
3594.656: [GC (Allocation Failure) [PSYoungGen: 336064K->123808K(505856K)] 1304330K->1092074K(1729024K), 0.0258478 secs] [Times: user=0.14 sys=0.01, real=0.03 secs] 
3595.930: [GC (Allocation Failure) [PSYoungGen: 436128K->192992K(505344K)] 1404394K->1206482K(1728512K), 0.0638742 secs] [Times: user=0.37 sys=0.01, real=0.06 secs] 
3597.753: [GC (Allocation Failure) [PSYoungGen: 505312K->93632K(439808K)] 1518802K->1107226K(1662976K), 0.0196914 secs] [Times: user=0.11 sys=0.00, real=0.02 secs] 
3598.119: [GC (Allocation Failure) [PSYoungGen: 339904K->192352K(438784K)] 1353498K->1205946K(1661952K), 0.0401354 secs] [Times: user=0.22 sys=0.02, real=0.04 secs] 
3599.291: [GC (Allocation Failure) [PSYoungGen: 438624K->14112K(465920K)] 1452218K->1027758K(1689088K), 0.0048693 secs] [Times: user=0.02 sys=0.00, real=0.00 secs] 
3599.660: [GC (Allocation Failure) [PSYoungGen: 247072K->106784K(465920K)] 1260718K->1120506K(1689088K), 0.0222114 secs] [Times: user=0.12 sys=0.00, real=0.02 secs] 
3600.002: [GC (Allocation Failure) [PSYoungGen: 339744K->107520K(449536K)] 1353466K->1218335K(1672704K), 0.0768506 secs] [Times: user=0.26 sys=0.20, real=0.08 secs] 
3600.079: [Full GC (Ergonomics) [PSYoungGen: 107520K->0K(449536K)] [ParOldGen: 1110815K->220834K(1225216K)] 1218335K->220834K(1674752K), [Metaspace: 60126K->60126K(1105920K)], 0.4957786 secs] [Times: user=2.17 sys=0.00, real=0.49 secs] 
3602.183: [GC (Allocation Failure) [PSYoungGen: 232960K->45600K(457728K)] 453794K->266443K(1682944K), 0.1128475 secs] [Times: user=0.67 sys=0.01, real=0.11 secs] 
3603.578: [GC (Allocation Failure) [PSYoungGen: 278560K->90592K(454144K)] 499403K->354887K(1679360K), 0.0353483 secs] [Times: user=0.21 sys=0.00, real=0.03 secs] 
3603.902: [GC (Allocation Failure) [PSYoungGen: 340448K->114816K(464384K)] 604743K->460667K(1689600K), 0.0488561 secs] [Times: user=0.29 sys=0.00, real=0.05 secs] 
3605.999: [GC (Allocation Failure) [PSYoungGen: 364672K->56192K(476672K)] 710523K->516787K(1701888K), 0.1384739 secs] [Times: user=0.82 sys=0.00, real=0.14 secs] 
3606.556: [GC (Allocation Failure) [PSYoungGen: 332672K->114080K(482304K)] 793267K->628044K(1707520K), 0.0360198 secs] [Times: user=0.21 sys=0.00, real=0.04 secs] 
3608.080: [GC (Allocation Failure) [PSYoungGen: 390560K->113440K(482304K)] 904524K->732540K(1707520K), 0.0586866 secs] [Times: user=0.34 sys=0.00, real=0.06 secs] 
3608.656: [GC (Allocation Failure) [PSYoungGen: 405792K->83776K(487936K)] 1024892K->816280K(1713152K), 0.0489775 secs] [Times: user=0.29 sys=0.00, real=0.05 secs] 
3609.034: [GC (Allocation Failure) [PSYoungGen: 376128K->128128K(500736K)] 1108632K->938141K(1725952K), 0.0508855 secs] [Times: user=0.30 sys=0.00, real=0.05 secs] 
3610.890: [GC (Allocation Failure) [PSYoungGen: 439936K->81184K(502272K)] 1249949K->1019253K(1727488K), 0.0847297 secs] [Times: user=0.50 sys=0.00, real=0.08 secs] 
3611.409: [GC (Allocation Failure) [PSYoungGen: 392992K->132800K(501248K)] 1331061K->1146258K(1726464K), 0.0452180 secs] [Times: user=0.27 sys=0.00, real=0.04 secs] 
3613.196: [GC (Allocation Failure) [PSYoungGen: 448704K->93216K(504832K)] 1462162K->1231218K(1730048K), 0.1140801 secs] [Times: user=0.63 sys=0.05, real=0.12 secs] 
3613.310: [Full GC (Ergonomics) [PSYoungGen: 93216K->0K(504832K)] [ParOldGen: 1138002K->39015K(1086464K)] 1231218K->39015K(1591296K), [Metaspace: 60268K->60268K(1105920K)], 0.0974655 secs] [Times: user=0.38 sys=0.00, real=0.10 secs] 
3614.595: [GC (Allocation Failure) [PSYoungGen: 315904K->130400K(504320K)] 354919K->169415K(1590784K), 0.0487507 secs] [Times: user=0.28 sys=0.00, real=0.05 secs] 
3616.721: [GC (Allocation Failure) [PSYoungGen: 452448K->101824K(506880K)] 491465K->262913K(1593344K), 0.0613714 secs] [Times: user=0.36 sys=0.00, real=0.06 secs] 
3617.870: [GC (Allocation Failure) [PSYoungGen: 423872K->124416K(508928K)] 584961K->385706K(1595392K), 0.0491919 secs] [Times: user=0.29 sys=0.00, real=0.05 secs] 
3619.223: [GC (Allocation Failure) [PSYoungGen: 456192K->122688K(508928K)] 717482K->498606K(1595392K), 0.0622325 secs] [Times: user=0.37 sys=0.00, real=0.06 secs] 
3621.461: [GC (Allocation Failure) [PSYoungGen: 454464K->106752K(509440K)] 830382K->605338K(1595904K), 0.0545966 secs] [Times: user=0.31 sys=0.01, real=0.05 secs] 
3622.809: [GC (Allocation Failure) [PSYoungGen: 452352K->141216K(515072K)] 950938K->735919K(1601536K), 0.0606906 secs] [Times: user=0.36 sys=0.00, real=0.06 secs] 
3623.395: [GC (Allocation Failure) [PSYoungGen: 486816K->109824K(523264K)] 1081519K->845695K(1609728K), 0.0582981 secs] [Times: user=0.34 sys=0.01, real=0.06 secs] 
3624.740: [GC (Allocation Failure) [PSYoungGen: 463616K->139296K(523264K)] 1199487K->973899K(1609728K), 0.0613866 secs] [Times: user=0.36 sys=0.00, real=0.06 secs] 
3626.381: [GC (Allocation Failure) [PSYoungGen: 493088K->111840K(522752K)] 1327691K->1085323K(1609216K), 0.0586927 secs] [Times: user=0.34 sys=0.00, real=0.06 secs] 
3626.440: [Full GC (Ergonomics) [PSYoungGen: 111840K->0K(522752K)] [ParOldGen: 973483K->128595K(1246720K)] 1085323K->128595K(1769472K), [Metaspace: 60280K->60280K(1105920K)], 0.2846254 secs] [Times: user=1.31 sys=0.00, real=0.28 secs] 
3627.986: [GC (Allocation Failure) [PSYoungGen: 355328K->136576K(523776K)] 483923K->265171K(1770496K), 0.0507223 secs] [Times: user=0.30 sys=0.00, real=0.05 secs] 
3629.022: [GC (Allocation Failure) [PSYoungGen: 491904K->125536K(528384K)] 620499K->390223K(1775104K), 0.0695110 secs] [Times: user=0.41 sys=0.00, real=0.07 secs] 
3631.104: [GC (Allocation Failure) [PSYoungGen: 483424K->130304K(527360K)] 748111K->502308K(1774080K), 0.0616134 secs] [Times: user=0.36 sys=0.00, real=0.06 secs] 
3631.706: [GC (GCLocker Initiated GC) [PSYoungGen: 488192K->125696K(526848K)] 860197K->627885K(1773568K), 0.0581650 secs] [Times: user=0.34 sys=0.00, real=0.06 secs] 
3633.095: [GC (Allocation Failure) [PSYoungGen: 486144K->2176K(363008K)] 988335K->504487K(1609728K), 0.0023969 secs] [Times: user=0.01 sys=0.00, real=0.01 secs] 
3633.935: [GC (Allocation Failure) [PSYoungGen: 362624K->135968K(510976K)] 864935K->639975K(1757696K), 0.0281327 secs] [Times: user=0.17 sys=0.00, real=0.03 secs] 
3635.219: [GC (Allocation Failure) [PSYoungGen: 465184K->2528K(331776K)] 969191K->506707K(1578496K), 0.0024389 secs] [Times: user=0.01 sys=0.00, real=0.00 secs] 
3636.497: [GC (Allocation Failure) [PSYoungGen: 331744K->120416K(504832K)] 835923K->625936K(1751552K), 0.0251769 secs] [Times: user=0.15 sys=0.00, real=0.02 secs] 
3638.332: [GC (Allocation Failure) [PSYoungGen: 429152K->126208K(502784K)] 934672K->743104K(1749504K), 0.0621194 secs] [Times: user=0.36 sys=0.00, real=0.06 secs] 
3639.191: [GC (GCLocker Initiated GC) [PSYoungGen: 434944K->88128K(493568K)] 1051842K->831114K(1740288K), 0.0536358 secs] [Times: user=0.30 sys=0.01, real=0.05 secs] 
3639.680: [GC (Allocation Failure) [PSYoungGen: 398912K->134304K(498176K)] 1141969K->959165K(1744896K), 0.0536500 secs] [Times: user=0.32 sys=0.00, real=0.05 secs] 
3642.922: [GC (Allocation Failure) [PSYoungGen: 445088K->75712K(507904K)] 1269949K->1034450K(1754624K), 0.0877850 secs] [Times: user=0.52 sys=0.01, real=0.09 secs] 
3643.444: [GC (Allocation Failure) [PSYoungGen: 395747K->135744K(456704K)] 1354485K->1163938K(1703424K), 0.0461230 secs] [Times: user=0.27 sys=0.00, real=0.05 secs] 
3644.729: [GC (Allocation Failure) [PSYoungGen: 456256K->97280K(514560K)] 1484450K->1252802K(1761280K), 0.0720814 secs] [Times: user=0.36 sys=0.07, real=0.07 secs] 
3644.801: [Full GC (Ergonomics) [PSYoungGen: 97280K->0K(514560K)] [ParOldGen: 1155522K->49796K(1225216K)] 1252802K->49796K(1739776K), [Metaspace: 60285K->60285K(1105920K)], 0.0944458 secs] [Times: user=0.38 sys=0.00, real=0.09 secs] 
3645.449: [GC (Allocation Failure) [PSYoungGen: 323072K->133664K(507392K)] 372868K->183460K(1732608K), 0.0271265 secs] [Times: user=0.15 sys=0.00, real=0.02 secs] 
3646.756: [GC (Allocation Failure) [PSYoungGen: 456736K->101088K(505856K)] 506532K->275140K(1731072K), 0.0676969 secs] [Times: user=0.40 sys=0.00, real=0.07 secs] 
3647.523: [GC (Allocation Failure) [PSYoungGen: 428768K->135168K(507904K)] 602820K->408256K(1733120K), 0.0492064 secs] [Times: user=0.29 sys=0.00, real=0.05 secs] 
3649.693: [GC (Allocation Failure) [PSYoungGen: 462848K->103136K(509440K)] 735936K->502088K(1734656K), 0.0619980 secs] [Times: user=0.36 sys=0.01, real=0.06 secs] 
3651.867: [GC (Allocation Failure) [PSYoungGen: 438496K->127744K(512512K)] 837448K->628212K(1737728K), 0.0506398 secs] [Times: user=0.30 sys=0.00, real=0.05 secs] 
3653.226: [GC (Allocation Failure) [PSYoungGen: 463104K->118464K(513536K)] 963572K->736908K(1738752K), 0.0627821 secs] [Times: user=0.38 sys=0.00, real=0.07 secs] 
3653.850: [GC (Allocation Failure) [PSYoungGen: 463040K->126784K(517632K)] 1081484K->863676K(1742848K), 0.0553371 secs] [Times: user=0.33 sys=0.00, real=0.05 secs] 
3655.199: [GC (Allocation Failure) [PSYoungGen: 471360K->122272K(520192K)] 1208252K->975109K(1745408K), 0.0632696 secs] [Times: user=0.38 sys=0.01, real=0.06 secs] 
3656.795: [GC (Allocation Failure) [PSYoungGen: 475552K->123520K(523264K)] 1328389K->1098557K(1748480K), 0.0566265 secs] [Times: user=0.34 sys=0.00, real=0.06 secs] 
3658.178: [GC (Allocation Failure) [PSYoungGen: 476800K->320K(502272K)] 1451837K->975457K(1727488K), 0.0037902 secs] [Times: user=0.02 sys=0.00, real=0.00 secs] 
3659.049: [GC (Allocation Failure) [PSYoungGen: 334656K->122016K(516608K)] 1309793K->1097169K(1741824K), 0.0260935 secs] [Times: user=0.14 sys=0.01, real=0.02 secs] 
3661.071: [GC (Allocation Failure) [PSYoungGen: 456352K->126496K(515584K)] 1431505K->1212752K(1740800K), 0.0633433 secs] [Times: user=0.38 sys=0.00, real=0.06 secs] 
3661.134: [Full GC (Ergonomics) [PSYoungGen: 126496K->0K(515584K)] [ParOldGen: 1086256K->253473K(1398272K)] 1212752K->253473K(1913856K), [Metaspace: 60291K->60291K(1105920K)], 0.5252895 secs] [Times: user=2.30 sys=0.00, real=0.53 secs] 
3662.129: [GC (Allocation Failure) [PSYoungGen: 335360K->111584K(446976K)] 588833K->365057K(1845248K), 0.0230573 secs] [Times: user=0.14 sys=0.00, real=0.02 secs] 
3663.433: [GC (Allocation Failure) [PSYoungGen: 446944K->137632K(508928K)] 700417K->491806K(1907200K), 0.0617971 secs] [Times: user=0.37 sys=0.01, real=0.06 secs] 
3664.841: [GC (Allocation Failure) [PSYoungGen: 470944K->98944K(513024K)] 825118K->590302K(1911296K), 0.0570127 secs] [Times: user=0.34 sys=0.01, real=0.06 secs] 
3665.702: [GC (Allocation Failure) [PSYoungGen: 432256K->149568K(507392K)] 923614K->729375K(1905664K), 0.0952809 secs] [Times: user=0.54 sys=0.03, real=0.10 secs] 
3667.123: [GC (Allocation Failure) [PSYoungGen: 481856K->86656K(515584K)] 1061663K->815943K(1913856K), 0.0621418 secs] [Times: user=0.37 sys=0.00, real=0.06 secs] 
3668.808: [GC (GCLocker Initiated GC) [PSYoungGen: 418944K->144224K(506880K)] 1148232K->954689K(1905152K), 0.0832448 secs] [Times: user=0.50 sys=0.00, real=0.08 secs] 
3670.085: [GC (Allocation Failure) [PSYoungGen: 470368K->87456K(512512K)] 1280836K->1041980K(1910784K), 0.0629857 secs] [Times: user=0.37 sys=0.01, real=0.07 secs] 
3670.525: [GC (Allocation Failure) [PSYoungGen: 413600K->140640K(508928K)] 1368124K->1176116K(1907200K), 0.0537436 secs] [Times: user=0.31 sys=0.00, real=0.06 secs] 
3672.519: [GC (Allocation Failure) [PSYoungGen: 465760K->85696K(512000K)] 1501236K->1261192K(1910272K), 0.0831784 secs] [Times: user=0.47 sys=0.02, real=0.08 secs] 
3672.977: [GC (Allocation Failure) [PSYoungGen: 396249K->134016K(512000K)] 1571746K->1389393K(1910272K), 0.0506957 secs] [Times: user=0.27 sys=0.02, real=0.05 secs] 
3673.028: [Full GC (Ergonomics) [PSYoungGen: 134016K->0K(512000K)] [ParOldGen: 1255377K->199206K(1398272K)] 1389393K->199206K(1910272K), [Metaspace: 60306K->60306K(1105920K)], 0.4628946 secs] [Times: user=2.15 sys=0.00, real=0.46 secs] 
3675.301: [GC (Allocation Failure) [PSYoungGen: 327168K->96544K(423936K)] 526374K->295750K(1822208K), 0.0593313 secs] [Times: user=0.34 sys=0.01, real=0.06 secs] 
3675.933: [GC (Allocation Failure) [PSYoungGen: 423712K->138880K(507392K)] 622918K->430619K(1905664K), 0.0471304 secs] [Times: user=0.28 sys=0.00, real=0.05 secs] 
3677.259: [GC (GCLocker Initiated GC) [PSYoungGen: 464512K->95584K(509952K)] 756254K->517326K(1908224K), 0.0644770 secs] [Times: user=0.38 sys=0.00, real=0.06 secs] 
3677.828: [GC (Allocation Failure) [PSYoungGen: 421216K->135936K(511488K)] 842961K->650161K(1909760K), 0.0482756 secs] [Times: user=0.28 sys=0.00, real=0.04 secs] 
3679.104: [GC (Allocation Failure) [PSYoungGen: 466688K->104352K(435200K)] 980913K->745393K(1833472K), 0.0626920 secs] [Times: user=0.37 sys=0.00, real=0.06 secs] 
3680.981: [GC (Allocation Failure) [PSYoungGen: 435104K->131456K(513024K)] 1076145K->874462K(1911296K), 0.0511631 secs] [Times: user=0.30 sys=0.00, real=0.05 secs] 
3682.319: [GC (Allocation Failure) [PSYoungGen: 466816K->113792K(513024K)] 1209822K->978974K(1911296K), 0.0628725 secs] [Times: user=0.37 sys=0.00, real=0.06 secs] 
3683.067: [GC (Allocation Failure) [PSYoungGen: 449152K->124448K(518144K)] 1314334K->1103374K(1916416K), 0.0538798 secs] [Times: user=0.32 sys=0.00, real=0.05 secs] 
3684.562: [GC (Allocation Failure) [PSYoungGen: 470560K->123680K(515584K)] 1449486K->1216811K(1913856K), 0.0632576 secs] [Times: user=0.37 sys=0.00, real=0.06 secs] 
3685.320: [GC (Allocation Failure) [PSYoungGen: 469792K->123520K(526848K)] 1562923K->1339931K(1925120K), 0.0563461 secs] [Times: user=0.33 sys=0.00, real=0.05 secs] 
3686.764: [GC (Allocation Failure) [PSYoungGen: 483456K->1920K(361984K)] 1699867K->1218443K(1760256K), 0.0039737 secs] [Times: user=0.01 sys=0.00, real=0.01 secs] 
3686.768: [Full GC (Ergonomics) [PSYoungGen: 1920K->0K(361984K)] [ParOldGen: 1216523K->18703K(1376768K)] 1218443K->18703K(1738752K), [Metaspace: 60326K->60326K(1105920K)], 0.0270249 secs] [Times: user=0.07 sys=0.00, real=0.02 secs] 
3687.465: [GC (Allocation Failure) [PSYoungGen: 359936K->135520K(513024K)] 378639K->154223K(1889792K), 0.0267567 secs] [Times: user=0.16 sys=0.00, real=0.03 secs] 
3689.146: [GC (Allocation Failure) [PSYoungGen: 468832K->800K(334336K)] 487535K->19651K(1711104K), 0.0014137 secs] [Times: user=0.00 sys=0.00, real=0.01 secs] 
3689.837: [GC (Allocation Failure) [PSYoungGen: 334112K->124448K(504832K)] 352963K->143331K(1881600K), 0.0248384 secs] [Times: user=0.14 sys=0.00, real=0.03 secs] 
3691.653: [GC (Allocation Failure) [PSYoungGen: 435232K->123488K(434688K)] 454115K->256616K(1811456K), 0.0615062 secs] [Times: user=0.37 sys=0.00, real=0.06 secs] 
3692.621: [GC (Allocation Failure) [PSYoungGen: 434272K->92032K(510464K)] 567400K->348600K(1887232K), 0.0515905 secs] [Times: user=0.30 sys=0.00, real=0.05 secs] 
3693.036: [GC (Allocation Failure) [PSYoungGen: 409472K->137120K(503808K)] 666040K->479505K(1880576K), 0.0536531 secs] [Times: user=0.32 sys=0.00, real=0.06 secs] 
3695.368: [GC (Allocation Failure) [PSYoungGen: 454560K->82432K(508416K)] 796945K->561369K(1885184K), 0.0689908 secs] [Times: user=0.41 sys=0.00, real=0.07 secs] 
3695.853: [GC (Allocation Failure) [PSYoungGen: 404480K->137952K(460288K)] 883417K->693426K(1837056K), 0.0509577 secs] [Times: user=0.30 sys=0.00, real=0.05 secs] 
3697.320: [GC (Allocation Failure) [PSYoungGen: 460000K->88608K(513536K)] 1015474K->781106K(1890304K), 0.0948609 secs] [Times: user=0.57 sys=0.00, real=0.09 secs] 
3697.839: [GC (Allocation Failure) [PSYoungGen: 411168K->135328K(507904K)] 1103666K->912639K(1884672K), 0.0486330 secs] [Times: user=0.29 sys=0.00, real=0.05 secs] 
3699.636: [GC (Allocation Failure) [PSYoungGen: 457888K->94400K(505344K)] 1235199K->998311K(1882112K), 0.1173846 secs] [Times: user=0.70 sys=0.01, real=0.12 secs] 
3700.242: [GC (Allocation Failure) [PSYoungGen: 419520K->135392K(507904K)] 1323431K->1129987K(1884672K), 0.0471511 secs] [Times: user=0.28 sys=0.00, real=0.05 secs] 
3701.749: [GC (GCLocker Initiated GC) [PSYoungGen: 460512K->99072K(507904K)] 1455108K->1220204K(1884672K), 0.0970756 secs] [Times: user=0.58 sys=0.00, real=0.09 secs] 
3703.767: [GC (Allocation Failure) [PSYoungGen: 429312K->138816K(510464K)] 1550514K->1356639K(1887232K), 0.0508315 secs] [Times: user=0.30 sys=0.00, real=0.05 secs] 
3703.818: [Full GC (Ergonomics) [PSYoungGen: 138816K->0K(510464K)] [ParOldGen: 1217823K->154355K(1398272K)] 1356639K->154355K(1908736K), [Metaspace: 60334K->60334K(1105920K)], 0.3462540 secs] [Times: user=1.59 sys=0.00, real=0.34 secs] 
3705.386: [GC (Allocation Failure) [PSYoungGen: 330240K->112096K(508416K)] 484595K->266451K(1906688K), 0.0406522 secs] [Times: user=0.24 sys=0.00, real=0.05 secs] 
3705.955: [GC (GCLocker Initiated GC) [PSYoungGen: 446432K->120800K(511488K)] 600788K->386428K(1909760K), 0.0554118 secs] [Times: user=0.33 sys=0.00, real=0.06 secs] 
3707.301: [GC (Allocation Failure) [PSYoungGen: 455136K->127424K(520704K)] 720766K->503374K(1918976K), 0.0617896 secs] [Times: user=0.37 sys=0.00, real=0.06 secs] 
3708.903: [GC (Allocation Failure) [PSYoungGen: 475072K->115328K(463360K)] 851022K->618678K(1861632K), 0.0560180 secs] [Times: user=0.33 sys=0.00, real=0.06 secs] 
3710.262: [GC (Allocation Failure) [PSYoungGen: 462976K->132800K(518656K)] 966326K->740683K(1916928K), 0.0621866 secs] [Times: user=0.37 sys=0.00, real=0.06 secs] 
3711.562: [GC (Allocation Failure) [PSYoungGen: 483520K->116192K(520192K)] 1091403K->856827K(1918464K), 0.0581246 secs] [Times: user=0.34 sys=0.00, real=0.06 secs] 
3713.563: [GC (Allocation Failure) [PSYoungGen: 466912K->132224K(524800K)] 1207547K->978438K(1923072K), 0.0626968 secs] [Times: user=0.38 sys=0.00, real=0.06 secs] 
3714.202: [GC (Allocation Failure) [PSYoungGen: 492672K->135168K(525824K)] 1338886K->1113550K(1924096K), 0.0597842 secs] [Times: user=0.35 sys=0.00, real=0.06 secs] 
3715.657: [GC (Allocation Failure) [PSYoungGen: 495616K->1728K(501760K)] 1473998K->980334K(1900032K), 0.0035885 secs] [Times: user=0.02 sys=0.00, real=0.00 secs] 
3716.759: [GC (Allocation Failure) [PSYoungGen: 336064K->123616K(516608K)] 1314670K->1102811K(1914880K), 0.0258595 secs] [Times: user=0.15 sys=0.00, real=0.02 secs] 
3718.061: [GC (Allocation Failure) [PSYoungGen: 457952K->124640K(513024K)] 1437147K->1217395K(1911296K), 0.0635301 secs] [Times: user=0.38 sys=0.00, real=0.06 secs] 
3718.819: [GC (Allocation Failure) [PSYoungGen: 460512K->115872K(515584K)] 1553267K->1332811K(1913856K), 0.0569817 secs] [Times: user=0.34 sys=0.01, real=0.05 secs] 
3718.876: [Full GC (Ergonomics) [PSYoungGen: 115872K->0K(515584K)] [ParOldGen: 1216939K->133061K(1398272K)] 1332811K->133061K(1913856K), [Metaspace: 60336K->60336K(1105920K)], 0.2923753 secs] [Times: user=1.33 sys=0.00, real=0.30 secs] 
3721.395: [GC (Allocation Failure) [PSYoungGen: 335872K->131744K(515584K)] 468933K->264805K(1913856K), 0.0464475 secs] [Times: user=0.28 sys=0.00, real=0.05 secs] 
3722.186: [GC (Allocation Failure) [PSYoungGen: 472736K->106112K(516608K)] 605797K->370989K(1914880K), 0.0665337 secs] [Times: user=0.40 sys=0.00, real=0.07 secs] 
3723.557: [GC (Allocation Failure) [PSYoungGen: 447104K->142656K(514560K)] 711981K->502844K(1912832K), 0.0609604 secs] [Times: user=0.36 sys=0.00, real=0.07 secs] 
3725.622: [GC (Allocation Failure) [PSYoungGen: 486208K->98880K(519680K)] 846400K->601336K(1917952K), 0.0573506 secs] [Times: user=0.33 sys=0.01, real=0.06 secs] 
3726.206: [GC (Allocation Failure) [PSYoungGen: 441460K->173024K(421376K)] 943916K->774283K(1819648K), 0.0607163 secs] [Times: user=0.35 sys=0.01, real=0.06 secs] 
3727.291: [GC (GCLocker Initiated GC) [PSYoungGen: 421344K->57184K(305664K)] 1022603K->797883K(1703936K), 0.0801212 secs] [Times: user=0.47 sys=0.00, real=0.08 secs] 
3727.675: [GC (Allocation Failure) [PSYoungGen: 305504K->109248K(478720K)] 1046206K->900779K(1876992K), 0.0378319 secs] [Times: user=0.22 sys=0.00, real=0.04 secs] 
3728.856: [GC (Allocation Failure) [PSYoungGen: 359616K->87232K(337920K)] 1151147K->979475K(1736192K), 0.0558621 secs] [Times: user=0.33 sys=0.00, real=0.06 secs] 
3729.797: [GC (Allocation Failure) [PSYoungGen: 337600K->79296K(470016K)] 1229843K->1058731K(1868288K), 0.0433195 secs] [Times: user=0.26 sys=0.00, real=0.05 secs] 
3730.139: [GC (Allocation Failure) [PSYoungGen: 333248K->109056K(466432K)] 1312683K->1162028K(1864704K), 0.0454243 secs] [Times: user=0.27 sys=0.00, real=0.04 secs] 
3731.441: [GC (Allocation Failure) [PSYoungGen: 363008K->71840K(476160K)] 1415980K->1224756K(1874432K), 0.0577956 secs] [Times: user=0.34 sys=0.01, real=0.06 secs] 
3732.908: [GC (Allocation Failure) [PSYoungGen: 344224K->108448K(474112K)] 1497140K->1331525K(1872384K), 0.0405448 secs] [Times: user=0.24 sys=0.00, real=0.04 secs] 
3733.263: [GC (Allocation Failure) [PSYoungGen: 380832K->121728K(489472K)] 1603909K->1443877K(1887744K), 0.0664498 secs] [Times: user=0.33 sys=0.06, real=0.07 secs] 
3733.329: [Full GC (Ergonomics) [PSYoungGen: 121728K->0K(489472K)] [ParOldGen: 1322149K->241195K(1398272K)] 1443877K->241195K(1887744K), [Metaspace: 60350K->60350K(1105920K)], 0.5193129 secs] [Times: user=2.27 sys=0.00, real=0.52 secs] 
3735.081: [GC (Allocation Failure) [PSYoungGen: 296960K->76992K(485888K)] 538155K->318187K(1884160K), 0.0238743 secs] [Times: user=0.14 sys=0.00, real=0.02 secs] 
3735.449: [GC (Allocation Failure) [PSYoungGen: 364751K->125312K(505856K)] 605946K->437664K(1904128K), 0.0442430 secs] [Times: user=0.26 sys=0.00, real=0.04 secs] 
3737.288: [GC (Allocation Failure) [PSYoungGen: 444288K->90080K(504320K)] 756640K->519080K(1902592K), 0.0824789 secs] [Times: user=0.49 sys=0.00, real=0.08 secs] 
3737.904: [GC (Allocation Failure) [PSYoungGen: 409056K->133760K(505344K)] 838056K->649789K(1903616K), 0.0459637 secs] [Times: user=0.27 sys=0.00, real=0.05 secs] 
3739.261: [GC (Allocation Failure) [PSYoungGen: 457856K->99712K(507904K)] 973885K->740481K(1906176K), 0.0789250 secs] [Times: user=0.46 sys=0.01, real=0.08 secs] 
3741.323: [GC (Allocation Failure) [PSYoungGen: 423808K->130048K(510976K)] 1064577K->868118K(1909248K), 0.0496224 secs] [Times: user=0.29 sys=0.00, real=0.05 secs] 
3742.664: [GC (Allocation Failure) [PSYoungGen: 462848K->111680K(512000K)] 1200918K->970677K(1910272K), 0.0622008 secs] [Times: user=0.37 sys=0.00, real=0.06 secs] 
3743.260: [GC (Allocation Failure) [PSYoungGen: 444480K->123776K(515584K)] 1303477K->1094422K(1913856K), 0.0536033 secs] [Times: user=0.31 sys=0.00, real=0.05 secs] 
3745.538: [GC (Allocation Failure) [PSYoungGen: 466816K->124000K(514048K)] 1437462K->1208154K(1912320K), 0.0624113 secs] [Times: user=0.37 sys=0.00, real=0.06 secs] 
3747.385: [GC (Allocation Failure) [PSYoungGen: 467040K->118208K(523776K)] 1551194K->1326338K(1922048K), 0.0557350 secs] [Times: user=0.32 sys=0.00, real=0.06 secs] 
3748.743: [GC (Allocation Failure) [PSYoungGen: 476608K->130400K(524288K)] 1684738K->1445943K(1922560K), 0.0618377 secs] [Times: user=0.37 sys=0.00, real=0.06 secs] 
3748.804: [Full GC (Ergonomics) [PSYoungGen: 130400K->0K(524288K)] [ParOldGen: 1315543K->251835K(1398272K)] 1445943K->251835K(1922560K), [Metaspace: 60350K->60350K(1105920K)], 0.5623124 secs] [Times: user=2.48 sys=0.00, real=0.56 secs] 
3750.784: [GC (Allocation Failure) [PSYoungGen: 358400K->128032K(532480K)] 610235K->379875K(1930752K), 0.0261114 secs] [Times: user=0.15 sys=0.01, real=0.03 secs] 
3752.595: [GC (Allocation Failure) [PSYoungGen: 493600K->3120K(369152K)] 745443K->254995K(1767424K), 0.0030561 secs] [Times: user=0.01 sys=0.00, real=0.01 secs] 
3753.288: [GC (Allocation Failure) [PSYoungGen: 368688K->141024K(506880K)] 620563K->394071K(1905152K), 0.0284041 secs] [Times: user=0.17 sys=0.00, real=0.02 secs] 
3754.568: [GC (Allocation Failure) [PSYoungGen: 467168K->108864K(435200K)] 720215K->493015K(1833472K), 0.0641175 secs] [Times: user=0.38 sys=0.00, real=0.06 secs] 
3755.795: [GC (Allocation Failure) [PSYoungGen: 435008K->130848K(509440K)] 819159K->622656K(1907712K), 0.0521550 secs] [Times: user=0.31 sys=0.00, real=0.05 secs] 
3758.013: [GC (Allocation Failure) [PSYoungGen: 461600K->124288K(510464K)] 953408K->729208K(1908736K), 0.0622840 secs] [Times: user=0.37 sys=0.01, real=0.06 secs] 
3758.673: [GC (GCLocker Initiated GC) [PSYoungGen: 455040K->108896K(508928K)] 1059962K->837650K(1907200K), 0.0545749 secs] [Times: user=0.32 sys=0.00, real=0.06 secs] 
3760.345: [GC (Allocation Failure) [PSYoungGen: 450400K->138944K(513536K)] 1179155K->966264K(1911808K), 0.0612248 secs] [Times: user=0.36 sys=0.00, real=0.06 secs] 
3761.068: [GC (Allocation Failure) [PSYoungGen: 480448K->112576K(518656K)] 1307768K->1078768K(1916928K), 0.0576261 secs] [Times: user=0.34 sys=0.01, real=0.05 secs] 
3762.420: [GC (Allocation Failure) [PSYoungGen: 463296K->144512K(520704K)] 1429488K->1204245K(1918976K), 0.0612444 secs] [Times: user=0.36 sys=0.00, real=0.06 secs] 
3764.078: [GC (Allocation Failure) [PSYoungGen: 495232K->106400K(525312K)] 1554965K->1310133K(1923584K), 0.0605797 secs] [Times: user=0.36 sys=0.00, real=0.06 secs] 
3764.139: [Full GC (Ergonomics) [PSYoungGen: 106400K->0K(525312K)] [ParOldGen: 1203733K->120938K(1398272K)] 1310133K->120938K(1923584K), [Metaspace: 60362K->60362K(1105920K)], 0.2757208 secs] [Times: user=1.18 sys=0.00, real=0.27 secs] 
3765.669: [GC (Allocation Failure) [PSYoungGen: 351232K->142368K(494080K)] 472170K->263306K(1892352K), 0.0502523 secs] [Times: user=0.30 sys=0.00, real=0.05 secs] 
3766.230: [GC (Allocation Failure) [PSYoungGen: 493600K->110720K(527360K)] 614538K->374083K(1925632K), 0.0720904 secs] [Times: user=0.43 sys=0.00, real=0.07 secs] 
3767.653: [GC (Allocation Failure) [PSYoungGen: 461952K->136704K(522752K)] 725315K->500759K(1921024K), 0.0607098 secs] [Times: user=0.36 sys=0.00, real=0.06 secs] 
3769.355: [GC (Allocation Failure) [PSYoungGen: 487936K->112064K(523264K)] 851991K->612759K(1921536K), 0.0571381 secs] [Times: user=0.34 sys=0.00, real=0.06 secs] 
3770.681: [GC (Allocation Failure) [PSYoungGen: 466368K->136800K(523776K)] 967063K->738856K(1922048K), 0.0613093 secs] [Times: user=0.36 sys=0.00, real=0.06 secs] 
3772.531: [GC (Allocation Failure) [PSYoungGen: 491104K->115296K(522752K)] 1093160K->853672K(1921024K), 0.0572960 secs] [Times: user=0.34 sys=0.00, real=0.06 secs] 
3773.868: [GC (Allocation Failure) [PSYoungGen: 473696K->132864K(525312K)] 1212072K->976013K(1923584K), 0.0622770 secs] [Times: user=0.37 sys=0.00, real=0.06 secs] 
3774.357: [GC (Allocation Failure) [PSYoungGen: 491264K->126880K(526848K)] 1334413K->1102845K(1925120K), 0.0591020 secs] [Times: user=0.35 sys=0.01, real=0.05 secs] 
3775.741: [GC (Allocation Failure) [PSYoungGen: 491936K->3104K(368640K)] 1467901K->979117K(1766912K), 0.0040016 secs] [Times: user=0.02 sys=0.00, real=0.00 secs] 
3776.956: [GC (Allocation Failure) [PSYoungGen: 368160K->139488K(510464K)] 1344173K->1116522K(1908736K), 0.0288746 secs] [Times: user=0.17 sys=0.00, real=0.03 secs] 
3778.250: [GC (Allocation Failure) [PSYoungGen: 469728K->110112K(440832K)] 1446762K->1217086K(1839104K), 0.0655214 secs] [Times: user=0.39 sys=0.00, real=0.06 secs] 
3780.246: [GC (Allocation Failure) [PSYoungGen: 440352K->123680K(514560K)] 1547326K->1339421K(1912832K), 0.0531660 secs] [Times: user=0.32 sys=0.00, real=0.06 secs] 
3780.300: [Full GC (Ergonomics) [PSYoungGen: 123680K->0K(514560K)] [ParOldGen: 1215741K->139677K(1398272K)] 1339421K->139677K(1912832K), [Metaspace: 60367K->60367K(1105920K)], 0.3214972 secs] [Times: user=1.47 sys=0.01, real=0.32 secs] 
3781.848: [GC (Allocation Failure) [PSYoungGen: 336896K->123040K(512000K)] 476573K->262717K(1910272K), 0.0435371 secs] [Times: user=0.25 sys=0.00, real=0.04 secs] 
3782.632: [GC (Allocation Failure) [PSYoungGen: 459936K->115584K(517632K)] 599613K->378150K(1915904K), 0.0591341 secs] [Times: user=0.35 sys=0.00, real=0.06 secs] 
3783.965: [GC (Allocation Failure) [PSYoungGen: 466816K->133184K(518144K)] 729382K->500946K(1916416K), 0.0615278 secs] [Times: user=0.36 sys=0.00, real=0.07 secs] 
3786.319: [GC (Allocation Failure) [PSYoungGen: 484416K->114816K(524288K)] 852178K->615162K(1922560K), 0.0575386 secs] [Times: user=0.34 sys=0.00, real=0.05 secs] 
3787.662: [GC (Allocation Failure) [PSYoungGen: 478336K->133504K(527360K)] 978682K->738103K(1925632K), 0.0612546 secs] [Times: user=0.36 sys=0.00, real=0.06 secs] 
3788.290: [GC (Allocation Failure) [PSYoungGen: 497024K->130496K(534016K)] 1101623K->868583K(1932288K), 0.0584237 secs] [Times: user=0.34 sys=0.00, real=0.06 secs] 
3789.640: [GC (Allocation Failure) [PSYoungGen: 499136K->3088K(372224K)] 1237223K->741299K(1770496K), 0.0034234 secs] [Times: user=0.02 sys=0.00, real=0.00 secs] 
3790.615: [GC (Allocation Failure) [PSYoungGen: 371728K->143744K(506368K)] 1109939K->883144K(1904640K), 0.0294258 secs] [Times: user=0.17 sys=0.00, real=0.03 secs] 
3791.869: [GC (Allocation Failure) [PSYoungGen: 469888K->106096K(432640K)] 1209288K->979680K(1830912K), 0.0648841 secs] [Times: user=0.38 sys=0.00, real=0.06 secs] 
3793.997: [GC (Allocation Failure) [PSYoungGen: 432240K->122560K(514560K)] 1305824K->1100469K(1912832K), 0.0513484 secs] [Times: user=0.30 sys=0.00, real=0.06 secs] 
3795.288: [GC (Allocation Failure) [PSYoungGen: 457408K->123904K(512000K)] 1435317K->1215045K(1910272K), 0.0631885 secs] [Times: user=0.38 sys=0.00, real=0.06 secs] 
3795.753: [GC (Allocation Failure) [PSYoungGen: 458752K->115136K(515072K)] 1549893K->1330157K(1913344K), 0.0558912 secs] [Times: user=0.33 sys=0.00, real=0.06 secs] 
3795.809: [Full GC (Ergonomics) [PSYoungGen: 115136K->0K(515072K)] [ParOldGen: 1215021K->130148K(1398272K)] 1330157K->130148K(1913344K), [Metaspace: 60369K->60369K(1105920K)], 0.3006406 secs] [Times: user=1.32 sys=0.00, real=0.30 secs] 
3797.405: [GC (Allocation Failure) [PSYoungGen: 346624K->134528K(516096K)] 476772K->264676K(1914368K), 0.0462562 secs] [Times: user=0.27 sys=0.00, real=0.05 secs] 
3798.863: [GC (Allocation Failure) [PSYoungGen: 481152K->129056K(527360K)] 611300K->393784K(1925632K), 0.0680360 secs] [Times: user=0.40 sys=0.00, real=0.07 secs] 
3800.240: [GC (Allocation Failure) [PSYoungGen: 484384K->136000K(491520K)] 749112K->502843K(1889792K), 0.0622439 secs] [Times: user=0.36 sys=0.01, real=0.06 secs] 
3801.170: [GC (Allocation Failure) [PSYoungGen: 491328K->121504K(530432K)] 858171K->623771K(1928704K), 0.0586443 secs] [Times: user=0.35 sys=0.00, real=0.06 secs] 
3803.433: [GC (Allocation Failure) [PSYoungGen: 478880K->126592K(484352K)] 981147K->740192K(1882624K), 0.0617610 secs] [Times: user=0.37 sys=0.00, real=0.06 secs] 
3804.420: [GC (Allocation Failure) [PSYoungGen: 483968K->126208K(525824K)] 1097568K->865944K(1924096K), 0.0560184 secs] [Times: user=0.33 sys=0.00, real=0.05 secs] 
3805.950: [GC (Allocation Failure) [PSYoungGen: 485632K->1568K(361472K)] 1225368K->741328K(1759744K), 0.0023821 secs] [Times: user=0.01 sys=0.00, real=0.00 secs] 
3808.054: [GC (Allocation Failure) [PSYoungGen: 360992K->131840K(516608K)] 1100752K->872409K(1914880K), 0.0269823 secs] [Times: user=0.15 sys=0.00, real=0.03 secs] 
3809.395: [GC (Allocation Failure) [PSYoungGen: 468224K->672K(337408K)] 1208793K->741337K(1735680K), 0.0025321 secs] [Times: user=0.01 sys=0.00, real=0.01 secs] 
3809.913: [GC (Allocation Failure) [PSYoungGen: 337056K->125600K(504832K)] 1077721K->866289K(1903104K), 0.0256600 secs] [Times: user=0.14 sys=0.00, real=0.03 secs] 
3811.133: [GC (Allocation Failure) [PSYoungGen: 437408K->122304K(434176K)] 1178097K->978246K(1832448K), 0.0626591 secs] [Times: user=0.37 sys=0.00, real=0.06 secs] 
3812.710: [GC (Allocation Failure) [PSYoungGen: 431508K->93376K(510464K)] 1287450K->1071598K(1908736K), 0.0533489 secs] [Times: user=0.31 sys=0.00, real=0.05 secs] 
3813.129: [GC (Allocation Failure) [PSYoungGen: 412352K->137568K(503808K)] 1390574K->1202946K(1902080K), 0.0555447 secs] [Times: user=0.33 sys=0.00, real=0.05 secs] 
3815.095: [GC (Allocation Failure) [PSYoungGen: 456544K->82080K(509952K)] 1521922K->1284578K(1908224K), 0.0628687 secs] [Times: user=0.36 sys=0.00, real=0.07 secs] 
3815.158: [Full GC (Ergonomics) [PSYoungGen: 82080K->0K(509952K)] [ParOldGen: 1202498K->83301K(1398272K)] 1284578K->83301K(1908224K), [Metaspace: 60370K->60370K(1105920K)], 0.1805369 secs] [Times: user=0.78 sys=0.00, real=0.18 secs] 
3815.743: [GC (Allocation Failure) [PSYoungGen: 324096K->141024K(465408K)] 407397K->224325K(1863680K), 0.0317166 secs] [Times: user=0.19 sys=0.00, real=0.03 secs] 
3816.987: [GC (Allocation Failure) [PSYoungGen: 465120K->87552K(513024K)] 548421K->311613K(1911296K), 0.0885624 secs] [Times: user=0.52 sys=0.00, real=0.09 secs] 
3817.461: [GC (Allocation Failure) [PSYoungGen: 409600K->137344K(507904K)] 633661K->442438K(1906176K), 0.0477195 secs] [Times: user=0.28 sys=0.00, real=0.05 secs] 
3819.444: [GC (Allocation Failure) [PSYoungGen: 459392K->94208K(505856K)] 764486K->527150K(1904128K), 0.1631250 secs] [Times: user=0.97 sys=0.00, real=0.16 secs] 
3820.232: [GC (Allocation Failure) [PSYoungGen: 417280K->135840K(507392K)] 850222K->659027K(1905664K), 0.0468172 secs] [Times: user=0.28 sys=0.00, real=0.05 secs] 
3822.042: [GC (Allocation Failure) [PSYoungGen: 458912K->100576K(505856K)] 982099K->750735K(1904128K), 0.1247794 secs] [Times: user=0.74 sys=0.00, real=0.12 secs] 
3822.895: [GC (Allocation Failure) [PSYoungGen: 428256K->130112K(508928K)] 1078415K->879191K(1907200K), 0.0494172 secs] [Times: user=0.29 sys=0.00, real=0.05 secs] 
3824.897: [GC (Allocation Failure) [PSYoungGen: 457792K->108064K(504832K)] 1206871K->978823K(1903104K), 0.0620790 secs] [Times: user=0.37 sys=0.00, real=0.06 secs] 
3825.557: [GC (Allocation Failure) [PSYoungGen: 443936K->127904K(510976K)] 1314695K->1106239K(1909248K), 0.0519166 secs] [Times: user=0.30 sys=0.00, real=0.05 secs] 
3827.196: [GC (Allocation Failure) [PSYoungGen: 463776K->118688K(515584K)] 1442111K->1215751K(1913856K), 0.0631196 secs] [Times: user=0.37 sys=0.00, real=0.07 secs] 
3828.149: [GC (Allocation Failure) [PSYoungGen: 467360K->126272K(519680K)] 1564423K->1341975K(1917952K), 0.0553776 secs] [Times: user=0.33 sys=0.00, real=0.05 secs] 
3828.205: [Full GC (Ergonomics) [PSYoungGen: 126272K->0K(519680K)] [ParOldGen: 1215703K->141270K(1398272K)] 1341975K->141270K(1917952K), [Metaspace: 60371K->60371K(1105920K)], 0.3128283 secs] [Times: user=1.42 sys=0.00, real=0.32 secs] 
3829.770: [GC (Allocation Failure) [PSYoungGen: 348672K->122528K(521728K)] 489942K->263798K(1920000K), 0.0436581 secs] [Times: user=0.25 sys=0.01, real=0.04 secs] 
3830.553: [GC (Allocation Failure) [PSYoungGen: 480416K->132544K(525312K)] 621686K->395966K(1923584K), 0.0598780 secs] [Times: user=0.35 sys=0.00, real=0.06 secs] 
3831.920: [GC (Allocation Failure) [PSYoungGen: 490432K->2688K(501760K)] 753854K->266186K(1900032K), 0.0022704 secs] [Times: user=0.00 sys=0.00, real=0.00 secs] 
3832.531: [GC (Allocation Failure) [PSYoungGen: 336000K->129472K(462848K)] 599498K->394055K(1861120K), 0.0263163 secs] [Times: user=0.15 sys=0.00, real=0.03 secs] 
3833.860: [GC (Allocation Failure) [PSYoungGen: 462784K->118560K(518656K)] 727367K->503343K(1916928K), 0.0627837 secs] [Times: user=0.37 sys=0.00, real=0.06 secs] 
3835.302: [GC (Allocation Failure) [PSYoungGen: 453408K->118880K(454144K)] 838191K->621643K(1852416K), 0.0542543 secs] [Times: user=0.32 sys=0.00, real=0.05 secs] 
3836.614: [GC (Allocation Failure) [PSYoungGen: 453728K->130080K(510464K)] 956491K->741088K(1908736K), 0.0623723 secs] [Times: user=0.37 sys=0.00, real=0.06 secs] 
3837.317: [GC (Allocation Failure) [PSYoungGen: 463904K->108448K(511488K)] 1074912K->848672K(1909760K), 0.0555671 secs] [Times: user=0.32 sys=0.00, real=0.06 secs] 
3839.739: [GC (Allocation Failure) [PSYoungGen: 437043K->171488K(418816K)] 1177267K->1015061K(1817088K), 0.0717037 secs] [Times: user=0.41 sys=0.01, real=0.07 secs] 
3840.402: [GC (Allocation Failure) [PSYoungGen: 418784K->63872K(311296K)] 1262357K->1042013K(1709568K), 0.0615349 secs] [Times: user=0.36 sys=0.00, real=0.06 secs] 
3840.759: [GC (Allocation Failure) [PSYoungGen: 311168K->107456K(479744K)] 1289309K->1139862K(1878016K), 0.0386814 secs] [Times: user=0.23 sys=0.00, real=0.04 secs] 
3841.926: [GC (Allocation Failure) [PSYoungGen: 359872K->86176K(338944K)] 1392278K->1217294K(1737216K), 0.0547318 secs] [Times: user=0.32 sys=0.01, real=0.06 secs] 
3843.262: [GC (Allocation Failure) [PSYoungGen: 338592K->82496K(471552K)] 1469710K->1299274K(1869824K), 0.0427985 secs] [Times: user=0.25 sys=0.00, real=0.04 secs] 
3843.305: [Full GC (Ergonomics) [PSYoungGen: 82496K->0K(471552K)] [ParOldGen: 1216778K->97645K(1398272K)] 1299274K->97645K(1869824K), [Metaspace: 60381K->60381K(1105920K)], 0.2208923 secs] [Times: user=0.97 sys=0.00, real=0.22 secs] 
3843.834: [GC (Allocation Failure) [PSYoungGen: 243023K->105504K(467456K)] 340668K->203149K(1865728K), 0.0221565 secs] [Times: user=0.13 sys=0.00, real=0.02 secs] 
3844.998: [GC (Allocation Failure) [PSYoungGen: 362016K->69824K(477696K)] 459661K->264729K(1875968K), 0.0524716 secs] [Times: user=0.31 sys=0.00, real=0.05 secs] 
3845.571: [GC (Allocation Failure) [PSYoungGen: 344768K->109728K(475648K)] 539673K->373491K(1873920K), 0.0389057 secs] [Times: user=0.23 sys=0.00, real=0.04 secs] 
3845.979: [GC (Allocation Failure) [PSYoungGen: 384672K->123360K(489984K)] 648435K->488091K(1888256K), 0.0565561 secs] [Times: user=0.33 sys=0.01, real=0.05 secs] 
3848.054: [GC (Allocation Failure) [PSYoungGen: 421344K->77920K(487424K)] 786075K->565451K(1885696K), 0.0638908 secs] [Times: user=0.38 sys=0.00, real=0.07 secs] 
3848.519: [GC (Allocation Failure) [PSYoungGen: 370246K->122560K(506368K)] 857778K->682200K(1904640K), 0.0448384 secs] [Times: user=0.27 sys=0.00, real=0.04 secs] 
3850.460: [GC (Allocation Failure) [PSYoungGen: 442048K->93792K(504320K)] 1001688K->766480K(1902592K), 0.1019278 secs] [Times: user=0.61 sys=0.00, real=0.10 secs] 
3850.994: [GC (Allocation Failure) [PSYoungGen: 413280K->136256K(503296K)] 1085968K->899109K(1901568K), 0.0475360 secs] [Times: user=0.28 sys=0.00, real=0.05 secs] 
3852.523: [GC (Allocation Failure) [PSYoungGen: 459840K->96224K(506880K)] 1222693K->986721K(1905152K), 0.0969538 secs] [Times: user=0.58 sys=0.00, real=0.10 secs] 
3853.949: [GC (Allocation Failure) [PSYoungGen: 419808K->131680K(512512K)] 1310305K->1115914K(1910784K), 0.0494231 secs] [Times: user=0.29 sys=0.00, real=0.05 secs] 
3855.392: [GC (Allocation Failure) [PSYoungGen: 466016K->110592K(514048K)] 1450250K->1217734K(1912320K), 0.0633664 secs] [Times: user=0.38 sys=0.00, real=0.06 secs] 
3856.488: [GC (Allocation Failure) [PSYoungGen: 444928K->127072K(514048K)] 1552070K->1343387K(1912320K), 0.0555442 secs] [Times: user=0.32 sys=0.00, real=0.05 secs] 
3857.905: [GC (Allocation Failure) [PSYoungGen: 468064K->120704K(514048K)] 1684379K->1454671K(1912320K), 0.0644251 secs] [Times: user=0.37 sys=0.01, real=0.07 secs] 
3857.970: [Full GC (Ergonomics) [PSYoungGen: 120704K->0K(514048K)] [ParOldGen: 1333967K->252483K(1398272K)] 1454671K->252483K(1912320K), [Metaspace: 60396K->60396K(1105920K)], 0.5288167 secs] [Times: user=2.32 sys=0.00, real=0.53 secs] 
3860.552: [GC (Allocation Failure) [PSYoungGen: 340992K->120288K(522752K)] 593475K->372771K(1921024K), 0.0245448 secs] [Times: user=0.14 sys=0.00, real=0.02 secs] 
3861.857: [GC (Allocation Failure) [PSYoungGen: 476128K->127936K(522752K)] 728611K->490203K(1921024K), 0.0617772 secs] [Times: user=0.36 sys=0.00, real=0.06 secs] 
3862.373: [GC (Allocation Failure) [PSYoungGen: 483776K->125536K(528896K)] 846043K->615643K(1927168K), 0.0578363 secs] [Times: user=0.33 sys=0.01, real=0.06 secs] 
3863.812: [GC (Allocation Failure) [PSYoungGen: 490592K->2208K(367616K)] 980699K->492347K(1765888K), 0.0022991 secs] [Times: user=0.01 sys=0.00, real=0.00 secs] 
3864.730: [GC (Allocation Failure) [PSYoungGen: 367264K->138976K(509440K)] 857403K->629879K(1907712K), 0.0277582 secs] [Times: user=0.17 sys=0.00, real=0.03 secs] 
3866.005: [GC (Allocation Failure) [PSYoungGen: 468192K->2592K(332288K)] 959095K->493599K(1730560K), 0.0021218 secs] [Times: user=0.01 sys=0.00, real=0.01 secs] 
3867.691: [GC (Allocation Failure) [PSYoungGen: 331808K->121440K(504320K)] 822815K->613156K(1902592K), 0.0249780 secs] [Times: user=0.14 sys=0.01, real=0.02 secs] 
3868.941: [GC (Allocation Failure) [PSYoungGen: 430176K->126144K(503296K)] 921892K->729204K(1901568K), 0.0622258 secs] [Times: user=0.37 sys=0.00, real=0.06 secs] 
3869.623: [GC (Allocation Failure) [PSYoungGen: 434880K->92896K(491008K)] 1037940K->822036K(1889280K), 0.0537810 secs] [Times: user=0.31 sys=0.00, real=0.06 secs] 
3870.028: [GC (Allocation Failure) [PSYoungGen: 402656K->133376K(497152K)] 1131796K->949597K(1895424K), 0.0545824 secs] [Times: user=0.33 sys=0.00, real=0.05 secs] 
3872.044: [GC (GCLocker Initiated GC) [PSYoungGen: 443136K->78976K(506368K)] 1259357K->1028157K(1904640K), 0.0700223 secs] [Times: user=0.42 sys=0.00, real=0.07 secs] 
3872.532: [GC (Allocation Failure) [PSYoungGen: 400000K->155104K(476160K)] 1349252K->1177209K(1874432K), 0.0507678 secs] [Times: user=0.30 sys=0.00, real=0.05 secs] 
3874.893: [GC (Allocation Failure) [PSYoungGen: 476128K->84320K(506368K)] 1498244K->1244700K(1904640K), 0.1578190 secs] [Times: user=0.94 sys=0.00, real=0.16 secs] 
3875.504: [GC (Allocation Failure) [PSYoungGen: 393056K->135488K(501248K)] 1553436K->1376953K(1899520K), 0.0466218 secs] [Times: user=0.28 sys=0.00, real=0.05 secs] 
3875.550: [Full GC (Ergonomics) [PSYoungGen: 135488K->0K(501248K)] [ParOldGen: 1241465K->177212K(1398272K)] 1376953K->177212K(1899520K), [Metaspace: 60403K->60403K(1105920K)], 0.4073387 secs] [Times: user=1.87 sys=0.00, real=0.41 secs] 
3877.111: [GC (Allocation Failure) [PSYoungGen: 308736K->94912K(495616K)] 485948K->272124K(1893888K), 0.0352799 secs] [Times: user=0.20 sys=0.00, real=0.03 secs] 
3877.764: [GC (Allocation Failure) [PSYoungGen: 406208K->133856K(499712K)] 583420K->404393K(1897984K), 0.0485925 secs] [Times: user=0.29 sys=0.00, real=0.05 secs] 
3879.064: [GC (Allocation Failure) [PSYoungGen: 445152K->114592K(500224K)] 715689K->501449K(1898496K), 0.0619192 secs] [Times: user=0.37 sys=0.01, real=0.06 secs] 
3880.415: [GC (Allocation Failure) [PSYoungGen: 434592K->106912K(504320K)] 821449K->607969K(1902592K), 0.0519574 secs] [Times: user=0.31 sys=0.00, real=0.06 secs] 
3881.016: [GC (Allocation Failure) [PSYoungGen: 426497K->175808K(485888K)] 927554K->773518K(1884160K), 0.0595568 secs] [Times: user=0.35 sys=0.00, real=0.06 secs] 
3882.711: [GC (Allocation Failure) [PSYoungGen: 484544K->80960K(503808K)] 1082254K->820238K(1902080K), 0.0599052 secs] [Times: user=0.36 sys=0.00, real=0.06 secs] 
3883.122: [GC (Allocation Failure) [PSYoungGen: 389696K->132832K(500736K)] 1128974K->947521K(1899008K), 0.0501610 secs] [Times: user=0.30 sys=0.00, real=0.05 secs] 
3884.663: [GC (GCLocker Initiated GC) [PSYoungGen: 443616K->80928K(503296K)] 1258305K->1028354K(1901568K), 0.0580805 secs] [Times: user=0.35 sys=0.01, real=0.06 secs] 
3885.093: [GC (Allocation Failure) [PSYoungGen: 391712K->143392K(500224K)] 1339140K->1165585K(1898496K), 0.0463573 secs] [Times: user=0.28 sys=0.00, real=0.05 secs] 
3886.705: [GC (Allocation Failure) [PSYoungGen: 453152K->90016K(504320K)] 1475345K->1238789K(1902592K), 0.0847281 secs] [Times: user=0.50 sys=0.01, real=0.09 secs] 
3887.533: [GC (Allocation Failure) [PSYoungGen: 399776K->129120K(500736K)] 1548549K->1364598K(1899008K), 0.0461884 secs] [Times: user=0.27 sys=0.00, real=0.05 secs] 
3887.579: [Full GC (Ergonomics) [PSYoungGen: 129120K->0K(500736K)] [ParOldGen: 1235478K->163486K(1398272K)] 1364598K->163486K(1899008K), [Metaspace: 60403K->60403K(1105920K)], 0.3731847 secs] [Times: user=1.71 sys=0.00, real=0.37 secs] 
3889.126: [GC (Allocation Failure) [PSYoungGen: 313344K->101664K(502784K)] 476830K->265150K(1901056K), 0.0379164 secs] [Times: user=0.22 sys=0.00, real=0.04 secs] 
3890.590: [GC (Allocation Failure) [PSYoungGen: 415008K->114336K(499712K)] 578494K->378115K(1897984K), 0.0510041 secs] [Times: user=0.30 sys=0.00, real=0.05 secs] 
3892.431: [GC (Allocation Failure) [PSYoungGen: 439968K->132512K(502784K)] 703747K->500999K(1901056K), 0.0611939 secs] [Times: user=0.36 sys=0.00, real=0.06 secs] 
3893.138: [GC (Allocation Failure) [PSYoungGen: 458144K->99968K(515584K)] 826631K->600927K(1913856K), 0.0550390 secs] [Times: user=0.33 sys=0.00, real=0.05 secs] 
3893.975: [GC (Allocation Failure) [PSYoungGen: 441293K->174560K(518144K)] 942252K->774156K(1916416K), 0.0632563 secs] [Times: user=0.37 sys=0.00, real=0.07 secs] 
3895.660: [GC (Allocation Failure) [PSYoungGen: 516677K->93664K(432128K)] 1116273K->832796K(1830400K), 0.0620429 secs] [Times: user=0.37 sys=0.01, real=0.06 secs] 
3896.070: [GC (Allocation Failure) [PSYoungGen: 345056K->110464K(475136K)] 1084188K->937529K(1873408K), 0.0505526 secs] [Times: user=0.30 sys=0.00, real=0.05 secs] 
3897.452: [GC (Allocation Failure) [PSYoungGen: 361856K->59008K(472064K)] 1188921K->996441K(1870336K), 0.0866996 secs] [Times: user=0.48 sys=0.00, real=0.09 secs] 
3898.051: [GC (Allocation Failure) [PSYoungGen: 317568K->107424K(366080K)] 1255001K->1101142K(1764352K), 0.0400834 secs] [Times: user=0.23 sys=0.00, real=0.04 secs] 
3898.387: [GC (Allocation Failure) [PSYoungGen: 365984K->117216K(485376K)] 1359702K->1209238K(1883648K), 0.0558243 secs] [Times: user=0.33 sys=0.00, real=0.05 secs] 
3899.782: [GC (Allocation Failure) [PSYoungGen: 392672K->64352K(476672K)] 1484694K->1273110K(1874944K), 0.0904045 secs] [Times: user=0.54 sys=0.00, real=0.09 secs] 
3900.222: [GC (Allocation Failure) [PSYoungGen: 339808K->120608K(492032K)] 1548566K->1388131K(1890304K), 0.0424332 secs] [Times: user=0.25 sys=0.00, real=0.04 secs] 
3900.265: [Full GC (Ergonomics) [PSYoungGen: 120608K->0K(492032K)] [ParOldGen: 1267523K->185588K(1398272K)] 1388131K->185588K(1890304K), [Metaspace: 60403K->60403K(1105920K)], 0.4365811 secs] [Times: user=2.01 sys=0.00, real=0.44 secs] 
3902.065: [GC (Allocation Failure) [PSYoungGen: 293376K->85344K(489472K)] 478964K->270932K(1887744K), 0.0420254 secs] [Times: user=0.25 sys=0.01, real=0.04 secs] 
3903.084: [GC (Allocation Failure) [PSYoungGen: 378720K->119104K(498176K)] 564308K->387328K(1896448K), 0.0443271 secs] [Times: user=0.26 sys=0.00, real=0.05 secs] 
3904.320: [GC (Allocation Failure) [PSYoungGen: 427840K->122272K(496128K)] 696064K->500424K(1894400K), 0.0624328 secs] [Times: user=0.37 sys=0.00, real=0.06 secs] 
3905.854: [GC (Allocation Failure) [PSYoungGen: 431008K->92096K(507392K)] 809160K->592072K(1905664K), 0.0530675 secs] [Times: user=0.32 sys=0.00, real=0.06 secs] 
3906.937: [GC (Allocation Failure) [PSYoungGen: 418240K->142144K(506368K)] 918216K->728185K(1904640K), 0.0641875 secs] [Times: user=0.38 sys=0.00, real=0.06 secs] 
3908.526: [GC (Allocation Failure) [PSYoungGen: 468288K->86240K(516096K)] 1054329K->814249K(1914368K), 0.0616217 secs] [Times: user=0.36 sys=0.00, real=0.07 secs] 
3908.968: [GC (Allocation Failure) [PSYoungGen: 416992K->142912K(474112K)] 1145001K->950989K(1872384K), 0.0552370 secs] [Times: user=0.33 sys=0.00, real=0.05 secs] 
3911.413: [GC (Allocation Failure) [PSYoungGen: 473664K->88000K(514560K)] 1281741K->1038473K(1912832K), 0.0897319 secs] [Times: user=0.54 sys=0.00, real=0.09 secs] 
3911.881: [GC (Allocation Failure) [PSYoungGen: 415168K->141376K(468992K)] 1365641K->1174018K(1867264K), 0.0531364 secs] [Times: user=0.31 sys=0.00, real=0.05 secs] 
3913.678: [GC (Allocation Failure) [PSYoungGen: 468544K->88320K(513536K)] 1501186K->1261826K(1911808K), 0.0900032 secs] [Times: user=0.53 sys=0.01, real=0.09 secs] 
3914.216: [GC (Allocation Failure) [PSYoungGen: 413440K->138112K(510464K)] 1586946K->1396462K(1908736K), 0.0495291 secs] [Times: user=0.29 sys=0.00, real=0.05 secs] 
3914.266: [Full GC (Ergonomics) [PSYoungGen: 138112K->0K(510464K)] [ParOldGen: 1258350K->195872K(1398272K)] 1396462K->195872K(1908736K), [Metaspace: 60403K->60403K(1105920K)], 0.4635789 secs] [Times: user=2.16 sys=0.00, real=0.47 secs] 
3916.278: [GC (Allocation Failure) [PSYoungGen: 325120K->94656K(507904K)] 520992K->290528K(1906176K), 0.0550770 secs] [Times: user=0.33 sys=0.00, real=0.05 secs] 
3916.849: [GC (Allocation Failure) [PSYoungGen: 420288K->137088K(509440K)] 616160K->423397K(1907712K), 0.0468837 secs] [Times: user=0.27 sys=0.00, real=0.04 secs] 
3918.334: [GC (Allocation Failure) [PSYoungGen: 462720K->99392K(507904K)] 749029K->513669K(1906176K), 0.0993215 secs] [Times: user=0.59 sys=0.00, real=0.10 secs] 
3919.285: [GC (Allocation Failure) [PSYoungGen: 428608K->134240K(510464K)] 842885K->645014K(1908736K), 0.0500341 secs] [Times: user=0.29 sys=0.00, real=0.05 secs] 
3920.590: [GC (Allocation Failure) [PSYoungGen: 463456K->106112K(508416K)] 974230K->741622K(1906688K), 0.0629654 secs] [Times: user=0.38 sys=0.00, real=0.06 secs] 
3921.123: [GC (Allocation Failure) [PSYoungGen: 441472K->130656K(512512K)] 1076982K->871565K(1910784K), 0.0522203 secs] [Times: user=0.31 sys=0.00, real=0.05 secs] 
3923.558: [GC (Allocation Failure) [PSYoungGen: 466016K->115488K(509440K)] 1206925K->978653K(1907712K), 0.0636701 secs] [Times: user=0.38 sys=0.00, real=0.06 secs] 
3924.919: [GC (Allocation Failure) [PSYoungGen: 460064K->121984K(515584K)] 1323229K->1100189K(1913856K), 0.0540425 secs] [Times: user=0.31 sys=0.00, real=0.05 secs] 
3926.272: [GC (Allocation Failure) [PSYoungGen: 466560K->126848K(521728K)] 1444765K->1216378K(1920000K), 0.0629648 secs] [Times: user=0.37 sys=0.00, real=0.06 secs] 
3927.835: [GC (Allocation Failure) [PSYoungGen: 486784K->124928K(526336K)] 1576314K->1340842K(1924608K), 0.0577101 secs] [Times: user=0.33 sys=0.00, real=0.06 secs] 
3929.215: [GC (Allocation Failure) [PSYoungGen: 484864K->2368K(503808K)] 1700778K->1218314K(1902080K), 0.0030026 secs] [Times: user=0.01 sys=0.00, real=0.01 secs] 
3929.218: [Full GC (Ergonomics) [PSYoungGen: 2368K->0K(503808K)] [ParOldGen: 1215946K->17741K(1398272K)] 1218314K->17741K(1902080K), [Metaspace: 60403K->60403K(1105920K)], 0.0282023 secs] [Times: user=0.07 sys=0.00, real=0.02 secs] 
3929.698: [GC (Allocation Failure) [PSYoungGen: 339456K->130048K(470016K)] 357197K->147789K(1868288K), 0.0258442 secs] [Times: user=0.15 sys=0.00, real=0.02 secs] 
3930.987: [GC (Allocation Failure) [PSYoungGen: 469504K->117312K(522240K)] 487245K->255805K(1920512K), 0.0634101 secs] [Times: user=0.37 sys=0.00, real=0.07 secs] 
3932.229: [GC (Allocation Failure) [PSYoungGen: 458816K->124768K(466432K)] 597309K->380174K(1864704K), 0.0535892 secs] [Times: user=0.32 sys=0.00, real=0.05 secs] 
3933.629: [GC (Allocation Failure) [PSYoungGen: 466272K->123488K(519168K)] 721678K->493525K(1917440K), 0.0629111 secs] [Times: user=0.37 sys=0.00, real=0.06 secs] 
3935.329: [GC (Allocation Failure) [PSYoungGen: 467040K->115520K(517120K)] 837077K->608493K(1915392K), 0.0551523 secs] [Times: user=0.33 sys=0.00, real=0.05 secs] 
3936.651: [GC (Allocation Failure) [PSYoungGen: 459072K->133184K(516096K)] 952045K->730985K(1914368K), 0.0618464 secs] [Times: user=0.37 sys=0.00, real=0.06 secs] 
3937.320: [GC (Allocation Failure) [PSYoungGen: 480832K->116224K(518144K)] 1078633K->847209K(1916416K), 0.0575251 secs] [Times: user=0.33 sys=0.01, real=0.06 secs] 
3938.677: [GC (Allocation Failure) [PSYoungGen: 463872K->132736K(523776K)] 1194857K->968502K(1922048K), 0.0617726 secs] [Times: user=0.36 sys=0.00, real=0.06 secs] 
3939.613: [GC (Allocation Failure) [PSYoungGen: 491136K->122080K(525312K)] 1326902K->1090542K(1923584K), 0.0574614 secs] [Times: user=0.34 sys=0.00, real=0.06 secs] 
3940.996: [GC (Allocation Failure) [PSYoungGen: 480480K->126784K(530944K)] 1448942K->1206547K(1929216K), 0.0629747 secs] [Times: user=0.37 sys=0.00, real=0.07 secs] 
3942.380: [GC (Allocation Failure) [PSYoungGen: 494400K->135136K(530432K)] 1574163K->1341171K(1928704K), 0.0580003 secs] [Times: user=0.34 sys=0.01, real=0.06 secs] 
3943.745: [GC (Allocation Failure) [PSYoungGen: 502752K->5856K(504320K)] 1708787K->1211943K(1902592K), 0.0038718 secs] [Times: user=0.01 sys=0.00, real=0.01 secs] 
3944.282: [GC (Allocation Failure) [PSYoungGen: 345312K->137792K(477696K)] 1551399K->1348072K(1875968K), 0.0289367 secs] [Times: user=0.17 sys=0.00, real=0.03 secs] 
3944.311: [Full GC (Ergonomics) [PSYoungGen: 137792K->0K(477696K)] [ParOldGen: 1210280K->157421K(1398272K)] 1348072K->157421K(1875968K), [Metaspace: 60407K->60407K(1105920K)], 0.3552432 secs] [Times: user=1.61 sys=0.00, real=0.35 secs] 
3945.975: [GC (Allocation Failure) [PSYoungGen: 339456K->109696K(522240K)] 496877K->267117K(1920512K), 0.0473073 secs] [Times: user=0.28 sys=0.00, real=0.05 secs] 
3947.568: [GC (Allocation Failure) [PSYoungGen: 448640K->132512K(515584K)] 606061K->397850K(1913856K), 0.0539906 secs] [Times: user=0.32 sys=0.00, real=0.05 secs] 
3948.924: [GC (Allocation Failure) [PSYoungGen: 471456K->115584K(516608K)] 736794K->504210K(1914880K), 0.0645574 secs] [Times: user=0.37 sys=0.00, real=0.07 secs] 
3950.114: [GC (GCLocker Initiated GC) [PSYoungGen: 460160K->128736K(516608K)] 848786K->631993K(1914880K), 0.0536113 secs] [Times: user=0.31 sys=0.00, real=0.06 secs] 
3952.074: [GC (Allocation Failure) [PSYoungGen: 473312K->118336K(517632K)] 976573K->741309K(1915904K), 0.0632797 secs] [Times: user=0.37 sys=0.00, real=0.07 secs] 
3953.251: [GC (Allocation Failure) [PSYoungGen: 473152K->129056K(522240K)] 1096125K->869909K(1920512K), 0.0556182 secs] [Times: user=0.33 sys=0.01, real=0.05 secs] 
3954.611: [GC (Allocation Failure) [PSYoungGen: 483872K->2176K(502784K)] 1224725K->743101K(1901056K), 0.0033751 secs] [Times: user=0.02 sys=0.00, real=0.00 secs] 
3956.572: [GC (Allocation Failure) [PSYoungGen: 337536K->124896K(517120K)] 1078461K->866402K(1915392K), 0.0264956 secs] [Times: user=0.15 sys=0.00, real=0.03 secs] 
3957.854: [GC (Allocation Failure) [PSYoungGen: 460256K->122272K(513536K)] 1201762K->979158K(1911808K), 0.0634650 secs] [Times: user=0.38 sys=0.01, real=0.07 secs] 
3958.466: [GC (Allocation Failure) [PSYoungGen: 458144K->116416K(515584K)] 1315030K->1095294K(1913856K), 0.0559602 secs] [Times: user=0.33 sys=0.00, real=0.06 secs] 
3960.787: [GC (Allocation Failure) [PSYoungGen: 452288K->131872K(514560K)] 1431166K->1216931K(1912832K), 0.0635688 secs] [Times: user=0.37 sys=0.01, real=0.06 secs] 
3962.312: [GC (Allocation Failure) [PSYoungGen: 471328K->106976K(516608K)] 1556387K->1323539K(1914880K), 0.0569673 secs] [Times: user=0.34 sys=0.00, real=0.06 secs] 
3962.369: [Full GC (Ergonomics) [PSYoungGen: 106976K->0K(516608K)] [ParOldGen: 1216563K->122059K(1398272K)] 1323539K->122059K(1914880K), [Metaspace: 60407K->60407K(1105920K)], 0.2727748 secs] [Times: user=1.23 sys=0.00, real=0.27 secs] 
3963.864: [GC (Allocation Failure) [PSYoungGen: 339456K->141344K(513024K)] 461515K->263403K(1911296K), 0.0499463 secs] [Times: user=0.30 sys=0.00, real=0.05 secs] 
3965.827: [GC (Allocation Failure) [PSYoungGen: 482848K->99552K(518144K)] 604907K->362619K(1916416K), 0.0696774 secs] [Times: user=0.41 sys=0.00, real=0.07 secs] 
3966.584: [GC (Allocation Failure) [PSYoungGen: 439411K->173024K(419328K)] 702478K->536471K(1817600K), 0.0643880 secs] [Times: user=0.35 sys=0.03, real=0.07 secs] 
3967.491: [GC (Allocation Failure) [PSYoungGen: 419296K->60160K(306688K)] 782743K->561616K(1704960K), 0.0547332 secs] [Times: user=0.32 sys=0.00, real=0.05 secs] 
3967.894: [GC (Allocation Failure) [PSYoungGen: 306432K->107840K(478720K)] 807888K->659412K(1876992K), 0.0379231 secs] [Times: user=0.22 sys=0.00, real=0.04 secs] 
3969.010: [GC (Allocation Failure) [PSYoungGen: 358208K->89472K(339968K)] 909780K->740100K(1738240K), 0.0552975 secs] [Times: user=0.33 sys=0.00, real=0.05 secs] 
3970.515: [GC (Allocation Failure) [PSYoungGen: 339840K->77920K(468992K)] 990468K->817632K(1867264K), 0.0434803 secs] [Times: user=0.25 sys=0.00, real=0.05 secs] 
3970.860: [GC (Allocation Failure) [PSYoungGen: 331360K->110464K(465920K)] 1071072K->921925K(1864192K), 0.0449407 secs] [Times: user=0.26 sys=0.00, real=0.04 secs] 
3972.262: [GC (Allocation Failure) [PSYoungGen: 363904K->70688K(476160K)] 1175365K->984253K(1874432K), 0.0775793 secs] [Times: user=0.46 sys=0.00, real=0.08 secs] 
3973.452: [GC (Allocation Failure) [PSYoungGen: 343584K->106912K(474112K)] 1257149K->1088938K(1872384K), 0.0403723 secs] [Times: user=0.24 sys=0.00, real=0.04 secs] 
3973.806: [GC (Allocation Failure) [PSYoungGen: 379808K->124736K(489472K)] 1361834K->1204466K(1887744K), 0.0566079 secs] [Times: user=0.34 sys=0.00, real=0.06 secs] 
3975.144: [GC (Allocation Failure) [PSYoungGen: 421684K->74304K(486912K)] 1501415K->1278626K(1885184K), 0.0565024 secs] [Times: user=0.33 sys=0.00, real=0.06 secs] 
3975.553: [GC (Allocation Failure) [PSYoungGen: 371264K->127232K(505344K)] 1575586K->1399243K(1903616K), 0.0459617 secs] [Times: user=0.28 sys=0.00, real=0.05 secs] 
3975.599: [Full GC (Ergonomics) [PSYoungGen: 127232K->0K(505344K)] [ParOldGen: 1272011K->197144K(1398272K)] 1399243K->197144K(1903616K), [Metaspace: 60407K->60407K(1105920K)], 0.4614053 secs] [Times: user=2.12 sys=0.00, real=0.46 secs] 
3977.755: [GC (Allocation Failure) [PSYoungGen: 316928K->89504K(504832K)] 514072K->286648K(1903104K), 0.0384229 secs] [Times: user=0.22 sys=0.00, real=0.04 secs] 
3978.815: [GC (Allocation Failure) [PSYoungGen: 406432K->131008K(504832K)] 603576K->414649K(1903104K), 0.0449674 secs] [Times: user=0.26 sys=0.00, real=0.05 secs] 
3980.106: [GC (Allocation Failure) [PSYoungGen: 452544K->100896K(505856K)] 736185K->506345K(1904128K), 0.0610513 secs] [Times: user=0.36 sys=0.00, real=0.07 secs] 
3980.696: [GC (Allocation Failure) [PSYoungGen: 422432K->128480K(508928K)] 827881K->633800K(1907200K), 0.0497131 secs] [Times: user=0.29 sys=0.00, real=0.05 secs] 
3982.575: [GC (Allocation Failure) [PSYoungGen: 459232K->114816K(509440K)] 964552K->739744K(1907712K), 0.0622314 secs] [Times: user=0.36 sys=0.00, real=0.07 secs] 
3983.652: [GC (Allocation Failure) [PSYoungGen: 445568K->118912K(517120K)] 1070496K->858336K(1915392K), 0.0533437 secs] [Times: user=0.31 sys=0.00, real=0.05 secs] 
3985.016: [GC (Allocation Failure) [PSYoungGen: 464000K->129664K(515584K)] 1203424K->977280K(1913856K), 0.0618157 secs] [Times: user=0.37 sys=0.00, real=0.07 secs] 
3986.828: [GC (Allocation Failure) [PSYoungGen: 474752K->116960K(521216K)] 1322368K->1093824K(1919488K), 0.0563601 secs] [Times: user=0.34 sys=0.00, real=0.05 secs] 
3988.206: [GC (Allocation Failure) [PSYoungGen: 474336K->131872K(524288K)] 1451200K->1214911K(1922560K), 0.0623878 secs] [Times: user=0.37 sys=0.00, real=0.07 secs] 
3989.017: [GC (Allocation Failure) [PSYoungGen: 489248K->124800K(529920K)] 1572287K->1339143K(1928192K), 0.0596033 secs] [Times: user=0.35 sys=0.00, real=0.06 secs] 
3991.133: [GC (Allocation Failure) [PSYoungGen: 488832K->1984K(366080K)] 1703175K->1216359K(1764352K), 0.0039797 secs] [Times: user=0.02 sys=0.00, real=0.00 secs] 
3991.137: [Full GC (Ergonomics) [PSYoungGen: 1984K->0K(366080K)] [ParOldGen: 1214375K->17261K(1398272K)] 1216359K->17261K(1764352K), [Metaspace: 60407K->60407K(1105920K)], 0.0275224 secs] [Times: user=0.07 sys=0.01, real=0.03 secs] 
3992.062: [GC (Allocation Failure) [PSYoungGen: 364032K->137856K(508928K)] 381293K->155117K(1907200K), 0.0272272 secs] [Times: user=0.16 sys=0.00, real=0.03 secs] 
3993.403: [GC (Allocation Failure) [PSYoungGen: 466048K->1440K(329728K)] 483309K->18837K(1728000K), 0.0013096 secs] [Times: user=0.01 sys=0.00, real=0.00 secs] 
3995.291: [GC (Allocation Failure) [PSYoungGen: 329632K->118112K(505344K)] 347029K->136106K(1903616K), 0.0244506 secs] [Times: user=0.14 sys=0.01, real=0.02 secs] 
3996.477: [GC (Allocation Failure) [PSYoungGen: 427360K->129632K(502784K)] 445354K->256146K(1901056K), 0.0614977 secs] [Times: user=0.36 sys=0.01, real=0.06 secs] 
3997.232: [GC (Allocation Failure) [PSYoungGen: 438880K->87968K(493056K)] 565394K->343642K(1891328K), 0.0535782 secs] [Times: user=0.31 sys=0.00, real=0.05 secs] 
3997.822: [GC (Allocation Failure) [PSYoungGen: 397728K->134656K(498176K)] 653402K->472827K(1896448K), 0.0651579 secs] [Times: user=0.39 sys=0.00, real=0.07 secs] 
3999.935: [GC (Allocation Failure) [PSYoungGen: 444416K->77120K(506368K)] 782587K->549787K(1904640K), 0.1102601 secs] [Times: user=0.64 sys=0.00, real=0.11 secs] 
4000.487: [GC (Allocation Failure) [PSYoungGen: 390605K->133088K(506368K)] 863272K->677000K(1904640K), 0.0447234 secs] [Times: user=0.26 sys=0.00, real=0.04 secs] 
4002.499: [GC (Allocation Failure) [PSYoungGen: 451040K->92800K(500736K)] 994952K->761112K(1899008K), 0.1388528 secs] [Times: user=0.83 sys=0.00, real=0.14 secs] 
4003.103: [GC (Allocation Failure) [PSYoungGen: 412288K->133440K(504320K)] 1080600K->890333K(1902592K), 0.0462213 secs] [Times: user=0.27 sys=0.00, real=0.05 secs] 
4004.324: [GC (Allocation Failure) [PSYoungGen: 452928K->97888K(503296K)] 1209821K->979461K(1901568K), 0.0619691 secs] [Times: user=0.36 sys=0.01, real=0.06 secs] 
4005.057: [GC (Allocation Failure) [PSYoungGen: 424544K->132064K(507392K)] 1306117K->1108950K(1905664K), 0.0494926 secs] [Times: user=0.29 sys=0.00, real=0.04 secs] 
4006.448: [GC (Allocation Failure) [PSYoungGen: 458720K->111296K(507392K)] 1435606K->1210398K(1905664K), 0.0630633 secs] [Times: user=0.37 sys=0.01, real=0.06 secs] 
4008.565: [GC (Allocation Failure) [PSYoungGen: 446144K->121600K(511488K)] 1545246K->1331074K(1909760K), 0.0525813 secs] [Times: user=0.30 sys=0.00, real=0.06 secs] 
4009.955: [GC (Allocation Failure) [PSYoungGen: 456448K->126400K(520192K)] 1665922K->1447182K(1918464K), 0.0625029 secs] [Times: user=0.37 sys=0.00, real=0.07 secs] 
4010.017: [Full GC (Ergonomics) [PSYoungGen: 126400K->0K(520192K)] [ParOldGen: 1320782K->251879K(1398272K)] 1447182K->251879K(1918464K), [Metaspace: 60407K->60407K(1105920K)], 0.5433129 secs] [Times: user=2.32 sys=0.00, real=0.54 secs] 
4011.687: [GC (Allocation Failure) [PSYoungGen: 347648K->116512K(464384K)] 599527K->368391K(1862656K), 0.0238150 secs] [Times: user=0.14 sys=0.00, real=0.02 secs] 
4013.617: [GC (Allocation Failure) [PSYoungGen: 464160K->131520K(520192K)] 716039K->489719K(1918464K), 0.0620460 secs] [Times: user=0.37 sys=0.00, real=0.06 secs] 
4014.995: [GC (Allocation Failure) [PSYoungGen: 481728K->115904K(521728K)] 839927K->605343K(1920000K), 0.0567188 secs] [Times: user=0.34 sys=0.00, real=0.06 secs] 
4016.352: [GC (Allocation Failure) [PSYoungGen: 466112K->132768K(522240K)] 955551K->727067K(1920512K), 0.0619080 secs] [Times: user=0.37 sys=0.00, real=0.06 secs] 
4018.029: [GC (Allocation Failure) [PSYoungGen: 488608K->120288K(523776K)] 1082907K->847299K(1922048K), 0.0584265 secs] [Times: user=0.34 sys=0.00, real=0.06 secs] 
4019.419: [GC (Allocation Failure) [PSYoungGen: 476128K->128256K(529408K)] 1203139K->964688K(1927680K), 0.0620374 secs] [Times: user=0.37 sys=0.00, real=0.06 secs] 
4020.037: [GC (Allocation Failure) [PSYoungGen: 493312K->134688K(528896K)] 1329744K->1099360K(1927168K), 0.0575912 secs] [Times: user=0.33 sys=0.00, real=0.05 secs] 
4021.459: [GC (Allocation Failure) [PSYoungGen: 499744K->4256K(503296K)] 1464416K->969028K(1901568K), 0.0045544 secs] [Times: user=0.02 sys=0.00, real=0.00 secs] 
4022.134: [GC (Allocation Failure) [PSYoungGen: 341664K->135200K(473088K)] 1306436K->1102649K(1871360K), 0.0283209 secs] [Times: user=0.16 sys=0.00, real=0.03 secs] 
4023.437: [GC (Allocation Failure) [PSYoungGen: 472608K->112896K(521728K)] 1440057K->1206569K(1920000K), 0.0641374 secs] [Times: user=0.38 sys=0.00, real=0.06 secs] 
4025.405: [GC (Allocation Failure) [PSYoungGen: 451328K->126336K(464896K)] 1545001K->1330926K(1863168K), 0.0538396 secs] [Times: user=0.32 sys=0.00, real=0.06 secs] 
4025.459: [Full GC (Ergonomics) [PSYoungGen: 126336K->0K(464896K)] [ParOldGen: 1204590K->142133K(1398272K)] 1330926K->142133K(1863168K), [Metaspace: 60420K->60420K(1105920K)], 0.3243572 secs] [Times: user=1.48 sys=0.00, real=0.32 secs] 
4027.051: [GC (Allocation Failure) [PSYoungGen: 338432K->120320K(518144K)] 480565K->262453K(1916416K), 0.0415336 secs] [Times: user=0.25 sys=0.00, real=0.04 secs] 
4027.726: [GC (Allocation Failure) [PSYoungGen: 462336K->120192K(514560K)] 604469K->382741K(1912832K), 0.0584665 secs] [Times: user=0.34 sys=0.01, real=0.06 secs] 
4029.107: [GC (Allocation Failure) [PSYoungGen: 462208K->129088K(519680K)] 724757K->501100K(1917952K), 0.0624211 secs] [Times: user=0.37 sys=0.00, real=0.06 secs] 
4031.339: [GC (Allocation Failure) [PSYoungGen: 479296K->114656K(519680K)] 851308K->615332K(1917952K), 0.0566251 secs] [Times: user=0.33 sys=0.00, real=0.05 secs] 
4032.695: [GC (Allocation Failure) [PSYoungGen: 464864K->134400K(522240K)] 965540K->738685K(1920512K), 0.0620447 secs] [Times: user=0.36 sys=0.00, real=0.07 secs] 
4033.308: [GC (Allocation Failure) [PSYoungGen: 492288K->131744K(524288K)] 1096573K->870053K(1922560K), 0.0588305 secs] [Times: user=0.35 sys=0.00, real=0.05 secs] 
4034.668: [GC (Allocation Failure) [PSYoungGen: 489632K->125024K(527872K)] 1227941K->976386K(1926144K), 0.0629148 secs] [Times: user=0.37 sys=0.00, real=0.06 secs] 
4035.828: [GC (Allocation Failure) [PSYoungGen: 490592K->133536K(529920K)] 1341954K->1109230K(1928192K), 0.0569010 secs] [Times: user=0.34 sys=0.00, real=0.05 secs] 
4037.284: [GC (Allocation Failure) [PSYoungGen: 499104K->5376K(503808K)] 1474798K->981138K(1902080K), 0.0042918 secs] [Times: user=0.02 sys=0.00, real=0.01 secs] 
4039.268: [GC (Allocation Failure) [PSYoungGen: 343808K->133344K(472064K)] 1319570K->1112663K(1870336K), 0.0280114 secs] [Times: user=0.16 sys=0.00, real=0.02 secs] 
4040.561: [GC (Allocation Failure) [PSYoungGen: 471776K->112448K(523264K)] 1451095K->1216079K(1921536K), 0.0637634 secs] [Times: user=0.38 sys=0.00, real=0.06 secs] 
4041.200: [GC (GCLocker Initiated GC) [PSYoungGen: 453440K->126240K(467456K)] 1557071K->1341508K(1865728K), 0.0536514 secs] [Times: user=0.32 sys=0.00, real=0.05 secs] 
4041.254: [Full GC (Ergonomics) [PSYoungGen: 126240K->0K(467456K)] [ParOldGen: 1215268K->142053K(1398272K)] 1341508K->142053K(1865728K), [Metaspace: 60422K->60422K(1105920K)], 0.3249324 secs] [Times: user=1.48 sys=0.00, real=0.33 secs] 
4042.824: [GC (Allocation Failure) [PSYoungGen: 340992K->120672K(519168K)] 483066K->262746K(1917440K), 0.0419552 secs] [Times: user=0.25 sys=0.00, real=0.04 secs] 
4045.142: [GC (Allocation Failure) [PSYoungGen: 465248K->120832K(515584K)] 607322K->383658K(1913856K), 0.0585950 secs] [Times: user=0.34 sys=0.00, real=0.06 secs] 
4046.507: [GC (Allocation Failure) [PSYoungGen: 465408K->127520K(521728K)] 728234K->500617K(1920000K), 0.0621173 secs] [Times: user=0.36 sys=0.00, real=0.06 secs] 
4047.701: [GC (Allocation Failure) [PSYoungGen: 481312K->121856K(521216K)] 854409K->621994K(1919488K), 0.0566417 secs] [Times: user=0.33 sys=0.01, real=0.06 secs] 
4049.121: [GC (Allocation Failure) [PSYoungGen: 475648K->126592K(528896K)] 975786K->738046K(1927168K), 0.0631745 secs] [Times: user=0.37 sys=0.01, real=0.06 secs] 
4050.032: [GC (Allocation Failure) [PSYoungGen: 491136K->131904K(527872K)] 1102590K->869574K(1926144K), 0.0570753 secs] [Times: user=0.33 sys=0.00, real=0.06 secs] 
4051.494: [GC (Allocation Failure) [PSYoungGen: 496448K->3776K(504832K)] 1234118K->741586K(1903104K), 0.0033270 secs] [Times: user=0.01 sys=0.00, real=0.01 secs] 
4052.868: [GC (Allocation Failure) [PSYoungGen: 344256K->133568K(474112K)] 1082066K->873135K(1872384K), 0.0275881 secs] [Times: user=0.16 sys=0.00, real=0.02 secs] 
4054.180: [GC (Allocation Failure) [PSYoungGen: 474048K->115168K(522240K)] 1213615K->978823K(1920512K), 0.0641160 secs] [Times: user=0.38 sys=0.00, real=0.06 secs] 
4055.462: [GC (Allocation Failure) [PSYoungGen: 455648K->129440K(517120K)] 1319303K->1107191K(1915392K), 0.0660772 secs] [Times: user=0.39 sys=0.00, real=0.07 secs] 
4057.136: [GC (Allocation Failure) [PSYoungGen: 469920K->117216K(517632K)] 1447671K->1215839K(1915904K), 0.0634798 secs] [Times: user=0.37 sys=0.00, real=0.07 secs] 
4058.393: [GC (Allocation Failure) [PSYoungGen: 462304K->126080K(517632K)] 1560927K->1341447K(1915904K), 0.0546666 secs] [Times: user=0.32 sys=0.00, real=0.06 secs] 
4058.447: [Full GC (Ergonomics) [PSYoungGen: 126080K->0K(517632K)] [ParOldGen: 1215367K->141161K(1398272K)] 1341447K->141161K(1915904K), [Metaspace: 60423K->60423K(1105920K)], 0.3172528 secs] [Times: user=1.45 sys=0.00, real=0.31 secs] 
4060.039: [GC (Allocation Failure) [PSYoungGen: 345088K->122848K(522240K)] 486249K->264009K(1920512K), 0.0426812 secs] [Times: user=0.25 sys=0.00, real=0.04 secs] 
4061.962: [GC (Allocation Failure) [PSYoungGen: 477664K->127776K(523776K)] 618825K->391017K(1922048K), 0.0586123 secs] [Times: user=0.34 sys=0.00, real=0.06 secs] 
4063.347: [GC (Allocation Failure) [PSYoungGen: 482592K->2368K(502272K)] 745833K->265673K(1900544K), 0.0022526 secs] [Times: user=0.01 sys=0.00, real=0.00 secs] 
4064.041: [GC (Allocation Failure) [PSYoungGen: 336704K->125280K(516608K)] 600009K->389510K(1914880K), 0.0254974 secs] [Times: user=0.15 sys=0.00, real=0.02 secs] 
4066.310: [GC (Allocation Failure) [PSYoungGen: 459616K->121856K(512512K)] 723846K->502150K(1910784K), 0.0626750 secs] [Times: user=0.37 sys=0.00, real=0.06 secs] 
4068.172: [GC (Allocation Failure) [PSYoungGen: 456192K->112800K(514560K)] 836486K->614542K(1912832K), 0.0543942 secs] [Times: user=0.32 sys=0.00, real=0.05 secs] 
4069.471: [GC (Allocation Failure) [PSYoungGen: 447136K->136192K(511488K)] 948878K->740195K(1909760K), 0.0619874 secs] [Times: user=0.36 sys=0.00, real=0.06 secs] 
4071.119: [GC (Allocation Failure) [PSYoungGen: 473088K->100224K(515072K)] 1077091K->839991K(1913344K), 0.0561544 secs] [Times: user=0.33 sys=0.00, real=0.05 secs] 
4071.870: [GC (Allocation Failure) [PSYoungGen: 435015K->173536K(417792K)] 1174783K->1013191K(1816064K), 0.0626336 secs] [Times: user=0.35 sys=0.02, real=0.06 secs] 
4072.730: [GC (Allocation Failure) [PSYoungGen: 417760K->55680K(300032K)] 1257415K->1034267K(1698304K), 0.0567013 secs] [Times: user=0.33 sys=0.01, real=0.06 secs] 
4073.077: [GC (Allocation Failure) [PSYoungGen: 299904K->105952K(478208K)] 1278491K->1134387K(1876480K), 0.0367819 secs] [Times: user=0.22 sys=0.00, real=0.04 secs] 
4074.220: [GC (Allocation Failure) [PSYoungGen: 354784K->92128K(340992K)] 1383219K->1217411K(1739264K), 0.0550043 secs] [Times: user=0.33 sys=0.00, real=0.05 secs] 
4075.441: [GC (Allocation Failure) [PSYoungGen: 340960K->74016K(466432K)] 1466243K->1291355K(1864704K), 0.0440840 secs] [Times: user=0.25 sys=0.01, real=0.04 secs] 
4075.485: [Full GC (Ergonomics) [PSYoungGen: 74016K->0K(466432K)] [ParOldGen: 1217339K->88646K(1398272K)] 1291355K->88646K(1864704K), [Metaspace: 60423K->60423K(1105920K)], 0.1994482 secs] [Times: user=0.87 sys=0.00, real=0.20 secs] 
4075.996: [GC (Allocation Failure) [PSYoungGen: 251392K->110560K(463872K)] 340038K->199206K(1862144K), 0.0231502 secs] [Times: user=0.14 sys=0.00, real=0.03 secs] 
4077.133: [GC (Allocation Failure) [PSYoungGen: 361952K->72864K(476160K)] 450598K->263830K(1874432K), 0.0547739 secs] [Times: user=0.32 sys=0.01, real=0.06 secs] 
4078.336: [GC (Allocation Failure) [PSYoungGen: 346784K->106752K(473600K)] 537750K->368775K(1871872K), 0.0399405 secs] [Times: user=0.23 sys=0.01, real=0.04 secs] 
4078.696: [GC (Allocation Failure) [PSYoungGen: 380672K->123328K(490496K)] 642695K->482619K(1888768K), 0.0551336 secs] [Times: user=0.32 sys=0.00, real=0.06 secs] 
4079.942: [GC (Allocation Failure) [PSYoungGen: 422848K->77568K(487936K)] 782139K->559771K(1886208K), 0.0547517 secs] [Times: user=0.32 sys=0.00, real=0.06 secs] 
4080.363: [GC (Allocation Failure) [PSYoungGen: 370303K->126592K(505856K)] 852507K->680924K(1904128K), 0.0458577 secs] [Times: user=0.27 sys=0.00, real=0.05 secs] 
4082.345: [GC (GCLocker Initiated GC) [PSYoungGen: 446592K->91808K(505344K)] 1000924K->764172K(1903616K), 0.1397846 secs] [Times: user=0.82 sys=0.00, real=0.14 secs] 
4083.371: [GC (Allocation Failure) [PSYoungGen: 411808K->133856K(505856K)] 1084211K->893143K(1904128K), 0.0454412 secs] [Times: user=0.27 sys=0.00, real=0.04 secs] 
4084.757: [GC (Allocation Failure) [PSYoungGen: 458976K->100320K(508416K)] 1218263K->984047K(1906688K), 0.0794244 secs] [Times: user=0.47 sys=0.00, real=0.08 secs] 
4086.595: [GC (Allocation Failure) [PSYoungGen: 425440K->130272K(511488K)] 1309167K->1111956K(1909760K), 0.0503200 secs] [Times: user=0.29 sys=0.00, real=0.05 secs] 
4087.984: [GC (Allocation Failure) [PSYoungGen: 464096K->111808K(512512K)] 1445780K->1214472K(1910784K), 0.0624291 secs] [Times: user=0.37 sys=0.00, real=0.06 secs] 
4088.827: [GC (Allocation Failure) [PSYoungGen: 445632K->122496K(517120K)] 1548296K->1336717K(1915392K), 0.0532673 secs] [Times: user=0.32 sys=0.00, real=0.05 secs] 
4090.143: [GC (Allocation Failure) [PSYoungGen: 467072K->125280K(515072K)] 1681293K->1452093K(1913344K), 0.0628299 secs] [Times: user=0.37 sys=0.00, real=0.06 secs] 
4090.206: [Full GC (Ergonomics) [PSYoungGen: 125280K->0K(515072K)] [ParOldGen: 1326813K->251991K(1398272K)] 1452093K->251991K(1913344K), [Metaspace: 60423K->60423K(1105920K)], 0.5216235 secs] [Times: user=2.28 sys=0.00, real=0.53 secs] 
4092.532: [GC (Allocation Failure) [PSYoungGen: 344576K->119072K(523776K)] 596567K->371064K(1922048K), 0.0244625 secs] [Times: user=0.14 sys=0.00, real=0.02 secs] 
4093.855: [GC (Allocation Failure) [PSYoungGen: 477472K->129824K(524800K)] 729464K->490396K(1923072K), 0.0621864 secs] [Times: user=0.37 sys=0.00, real=0.07 secs] 
4094.800: [GC (Allocation Failure) [PSYoungGen: 488224K->128128K(531968K)] 848796K->618012K(1930240K), 0.0583276 secs] [Times: user=0.34 sys=0.00, real=0.06 secs] 
4096.387: [GC (Allocation Failure) [PSYoungGen: 493696K->4320K(370176K)] 983580K->494236K(1768448K), 0.0033594 secs] [Times: user=0.01 sys=0.00, real=0.01 secs] 
4097.047: [GC (Allocation Failure) [PSYoungGen: 369888K->143904K(504832K)] 859804K->636161K(1903104K), 0.0294830 secs] [Times: user=0.17 sys=0.01, real=0.03 secs] 
4098.306: [GC (Allocation Failure) [PSYoungGen: 468000K->105056K(429568K)] 960257K->731201K(1827840K), 0.0657217 secs] [Times: user=0.39 sys=0.00, real=0.07 secs] 
4099.261: [GC (Allocation Failure) [PSYoungGen: 429152K->126592K(511488K)] 1055297K->856246K(1909760K), 0.0512675 secs] [Times: user=0.30 sys=0.00, real=0.05 secs] 
4100.565: [GC (Allocation Failure) [PSYoungGen: 457856K->121088K(510976K)] 1187510K->967682K(1909248K), 0.0631830 secs] [Times: user=0.37 sys=0.00, real=0.07 secs] 
4101.762: [GC (Allocation Failure) [PSYoungGen: 452352K->115936K(513536K)] 1298946K->1082786K(1911808K), 0.0544176 secs] [Times: user=0.32 sys=0.00, real=0.06 secs] 
4103.092: [GC (Allocation Failure) [PSYoungGen: 458464K->132032K(514560K)] 1425314K->1204567K(1912832K), 0.0616525 secs] [Times: user=0.36 sys=0.00, real=0.06 secs] 
4103.858: [GC (Allocation Failure) [PSYoungGen: 474560K->111360K(517120K)] 1547095K->1315871K(1915392K), 0.0570072 secs] [Times: user=0.34 sys=0.00, real=0.05 secs] 
4103.915: [Full GC (Ergonomics) [PSYoungGen: 111360K->0K(517120K)] [ParOldGen: 1204511K->125992K(1398272K)] 1315871K->125992K(1915392K), [Metaspace: 60424K->60424K(1105920K)], 0.2836235 secs] [Times: user=1.29 sys=0.00, real=0.29 secs] 
4105.460: [GC (Allocation Failure) [PSYoungGen: 353280K->136800K(521216K)] 479272K->262792K(1919488K), 0.0492800 secs] [Times: user=0.29 sys=0.00, real=0.05 secs] 
4107.191: [GC (Allocation Failure) [PSYoungGen: 490080K->123648K(528384K)] 616072K->386472K(1926656K), 0.0699603 secs] [Times: user=0.42 sys=0.00, real=0.07 secs] 
4108.574: [GC (Allocation Failure) [PSYoungGen: 483072K->133184K(527872K)] 745896K->500573K(1926144K), 0.0613385 secs] [Times: user=0.36 sys=0.00, real=0.06 secs] 
4109.518: [GC (Allocation Failure) [PSYoungGen: 492608K->129056K(528384K)] 859997K->629597K(1926656K), 0.0591218 secs] [Times: user=0.34 sys=0.00, real=0.06 secs] 
4110.955: [GC (Allocation Failure) [PSYoungGen: 490016K->2592K(364032K)] 990557K->503165K(1762304K), 0.0024792 secs] [Times: user=0.01 sys=0.00, real=0.01 secs] 
4111.662: [GC (Allocation Failure) [PSYoungGen: 363552K->139424K(507392K)] 864125K->641350K(1905664K), 0.0282139 secs] [Times: user=0.17 sys=0.00, real=0.03 secs] 
4112.913: [GC (Allocation Failure) [PSYoungGen: 463520K->107936K(432128K)] 965446K->740262K(1830400K), 0.0639787 secs] [Times: user=0.38 sys=0.00, real=0.07 secs] 
4115.130: [GC (Allocation Failure) [PSYoungGen: 432032K->118880K(512512K)] 1064358K->858302K(1910784K), 0.0517876 secs] [Times: user=0.30 sys=0.00, real=0.05 secs] 
4116.456: [GC (Allocation Failure) [PSYoungGen: 451168K->128960K(508416K)] 1190590K->977117K(1906688K), 0.0622063 secs] [Times: user=0.37 sys=0.00, real=0.07 secs] 
4117.847: [GC (Allocation Failure) [PSYoungGen: 461248K->105472K(517632K)] 1309405K->1082133K(1915904K), 0.0561059 secs] [Times: user=0.33 sys=0.00, real=0.05 secs] 
4119.243: [GC (Allocation Failure) [PSYoungGen: 452096K->143232K(518144K)] 1428757K->1214362K(1916416K), 0.0616922 secs] [Times: user=0.37 sys=0.01, real=0.06 secs] 
4119.978: [GC (Allocation Failure) [PSYoungGen: 489856K->106016K(522752K)] 1560986K->1320066K(1921024K), 0.0592787 secs] [Times: user=0.35 sys=0.00, real=0.06 secs] 
4120.037: [Full GC (Ergonomics) [PSYoungGen: 106016K->0K(522752K)] [ParOldGen: 1214050K->121085K(1398272K)] 1320066K->121085K(1921024K), [Metaspace: 60424K->60424K(1105920K)], 0.2636799 secs] [Times: user=1.18 sys=0.00, real=0.26 secs] 
4121.544: [GC (Allocation Failure) [PSYoungGen: 349184K->142624K(521728K)] 470269K->263709K(1920000K), 0.0526216 secs] [Times: user=0.31 sys=0.01, real=0.06 secs] 
4123.524: [GC (Allocation Failure) [PSYoungGen: 491808K->105440K(522240K)] 612893K->368757K(1920512K), 0.0734274 secs] [Times: user=0.44 sys=0.00, real=0.08 secs] 
4124.851: [GC (Allocation Failure) [PSYoungGen: 454112K->143136K(492032K)] 717429K->501402K(1890304K), 0.0605738 secs] [Times: user=0.36 sys=0.00, real=0.06 secs] 
4125.541: [GC (Allocation Failure) [PSYoungGen: 491808K->106688K(525312K)] 850074K->607822K(1923584K), 0.0587017 secs] [Times: user=0.35 sys=0.00, real=0.06 secs] 
4127.751: [GC (Allocation Failure) [PSYoungGen: 454336K->141440K(521216K)] 955470K->738987K(1919488K), 0.0609459 secs] [Times: user=0.36 sys=0.00, real=0.06 secs] 
4128.896: [GC (Allocation Failure) [PSYoungGen: 489088K->106464K(522240K)] 1086635K->845171K(1920512K), 0.0589027 secs] [Times: user=0.34 sys=0.00, real=0.06 secs] 
4130.271: [GC (Allocation Failure) [PSYoungGen: 455136K->142240K(522240K)] 1193843K->976567K(1920512K), 0.0608607 secs] [Times: user=0.36 sys=0.00, real=0.06 secs] 
4131.873: [GC (Allocation Failure) [PSYoungGen: 490912K->105344K(522752K)] 1325239K->1081455K(1921024K), 0.0584671 secs] [Times: user=0.34 sys=0.01, real=0.06 secs] 
4133.209: [GC (Allocation Failure) [PSYoungGen: 453504K->142912K(491520K)] 1429615K->1213732K(1889792K), 0.0622783 secs] [Times: user=0.36 sys=0.00, real=0.06 secs] 
4133.968: [GC (Allocation Failure) [PSYoungGen: 491072K->109728K(525312K)] 1561892K->1323388K(1923584K), 0.0594670 secs] [Times: user=0.35 sys=0.00, real=0.06 secs] 
4134.028: [Full GC (Ergonomics) [PSYoungGen: 109728K->0K(525312K)] [ParOldGen: 1213660K->124224K(1398272K)] 1323388K->124224K(1923584K), [Metaspace: 60424K->60424K(1105920K)], 0.2784576 secs] [Times: user=1.25 sys=0.00, real=0.27 secs] 
4135.520: [GC (Allocation Failure) [PSYoungGen: 348160K->138112K(521728K)] 472384K->262336K(1920000K), 0.0493067 secs] [Times: user=0.29 sys=0.00, real=0.05 secs] 
4136.671: [GC (Allocation Failure) [PSYoungGen: 486272K->106688K(522240K)] 610496K->368944K(1920512K), 0.0704042 secs] [Times: user=0.41 sys=0.00, real=0.07 secs] 
4138.000: [GC (Allocation Failure) [PSYoungGen: 456896K->142016K(522752K)] 719152K->500437K(1921024K), 0.0605875 secs] [Times: user=0.36 sys=0.00, real=0.06 secs] 
4139.308: [GC (Allocation Failure) [PSYoungGen: 492224K->118912K(519680K)] 850645K->618877K(1917952K), 0.0596699 secs] [Times: user=0.36 sys=0.00, real=0.06 secs] 
4140.658: [GC (Allocation Failure) [PSYoungGen: 470144K->137920K(521728K)] 970109K->738148K(1920000K), 0.0615003 secs] [Times: user=0.36 sys=0.00, real=0.06 secs] 
4141.430: [GC (GCLocker Initiated GC) [PSYoungGen: 489152K->112288K(524288K)] 1089380K->849628K(1922560K), 0.0582223 secs] [Times: user=0.35 sys=0.00, real=0.06 secs] 
4143.268: [GC (Allocation Failure) [PSYoungGen: 469152K->135520K(525824K)] 1206494K->974842K(1924096K), 0.0614808 secs] [Times: user=0.36 sys=0.00, real=0.06 secs] 
4145.540: [GC (Allocation Failure) [PSYoungGen: 492384K->118048K(522752K)] 1331706K->1092811K(1921024K), 0.0584315 secs] [Times: user=0.35 sys=0.00, real=0.06 secs] 
4146.904: [GC (Allocation Failure) [PSYoungGen: 479008K->129952K(526336K)] 1453771K->1212191K(1924608K), 0.0615166 secs] [Times: user=0.37 sys=0.00, real=0.06 secs] 
4148.188: [GC (Allocation Failure) [PSYoungGen: 490912K->129440K(527872K)] 1573151K->1341583K(1926144K), 0.0577669 secs] [Times: user=0.34 sys=0.01, real=0.05 secs] 
4148.246: [Full GC (Ergonomics) [PSYoungGen: 129440K->0K(527872K)] [ParOldGen: 1212143K->144020K(1398272K)] 1341583K->144020K(1926144K), [Metaspace: 60424K->60424K(1105920K)], 0.3225656 secs] [Times: user=1.46 sys=0.00, real=0.33 secs] 
4150.123: [GC (GCLocker Initiated GC) [PSYoungGen: 369664K->122560K(531456K)] 513685K->266581K(1929728K), 0.0437182 secs] [Times: user=0.26 sys=0.00, real=0.05 secs] 
4150.693: [GC (GCLocker Initiated GC) [PSYoungGen: 492224K->148576K(529408K)] 636249K->413574K(1927680K), 0.0621173 secs] [Times: user=0.36 sys=0.01, real=0.06 secs] 
4152.466: [GC (GCLocker Initiated GC) [PSYoungGen: 519776K->114944K(535040K)] 784776K->519344K(1933312K), 0.0888750 secs] [Times: user=0.53 sys=0.00, real=0.09 secs] 
4153.423: [GC (Allocation Failure) [PSYoungGen: 486144K->154176K(523264K)] 890551K->669958K(1921536K), 0.0564007 secs] [Times: user=0.33 sys=0.00, real=0.06 secs] 
4155.533: [GC (Allocation Failure) [PSYoungGen: 515136K->111520K(529920K)] 1030918K->771890K(1928192K), 0.0958636 secs] [Times: user=0.57 sys=0.00, real=0.10 secs] 
4156.154: [GC (Allocation Failure) [PSYoungGen: 472480K->151104K(520704K)] 1132850K->918895K(1918976K), 0.0540307 secs] [Times: user=0.32 sys=0.00, real=0.06 secs] 
4157.510: [GC (GCLocker Initiated GC) [PSYoungGen: 503872K->108160K(525824K)] 1271663K->1018415K(1924096K), 0.0682470 secs] [Times: user=0.40 sys=0.00, real=0.07 secs] 
4158.026: [GC (Allocation Failure) [PSYoungGen: 460928K->139936K(525824K)] 1387606K->1170323K(1924096K), 0.2372700 secs] [Times: user=1.42 sys=0.00, real=0.24 secs] 
4160.607: [GC (Allocation Failure) [PSYoungGen: 492176K->94752K(449024K)] 1522563K->1264443K(1847296K), 0.3833589 secs] [Times: user=2.29 sys=0.01, real=0.38 secs] 
4161.394: [GC (Allocation Failure) [PSYoungGen: 448544K->149536K(516096K)] 1618235K->1410280K(1914368K), 0.0550289 secs] [Times: user=0.32 sys=0.00, real=0.06 secs] 
4161.449: [Full GC (Ergonomics) [PSYoungGen: 149536K->0K(516096K)] [ParOldGen: 1260744K->208341K(1398272K)] 1410280K->208341K(1914368K), [Metaspace: 60426K->60426K(1105920K)], 0.4853010 secs] [Times: user=2.26 sys=0.00, real=0.48 secs] 
4163.990: [GC (Allocation Failure) [PSYoungGen: 342528K->92192K(435200K)] 550869K->300534K(1833472K), 0.1197539 secs] [Times: user=0.67 sys=0.00, real=0.12 secs] 
4164.557: [GC (Allocation Failure) [PSYoungGen: 427783K->139552K(519680K)] 636125K->435930K(1917952K), 0.0489286 secs] [Times: user=0.29 sys=0.00, real=0.04 secs] 
4166.659: [GC (Allocation Failure) [PSYoungGen: 480032K->101504K(442368K)] 776410K->528874K(1840640K), 0.1690626 secs] [Times: user=1.00 sys=0.01, real=0.17 secs] 
4167.425: [GC (Allocation Failure) [PSYoungGen: 441984K->143552K(516608K)] 869354K->668795K(1914880K), 0.0507300 secs] [Times: user=0.30 sys=0.00, real=0.05 secs] 
4169.790: [GC (GCLocker Initiated GC) [PSYoungGen: 481984K->99008K(518656K)] 1007227K->759115K(1916928K), 0.1631265 secs] [Times: user=0.97 sys=0.01, real=0.16 secs] 
4170.614: [GC (Allocation Failure) [PSYoungGen: 437440K->141440K(517632K)] 1097550K->896039K(1915904K), 0.0491174 secs] [Times: user=0.29 sys=0.00, real=0.05 secs] 
4171.860: [GC (Allocation Failure) [PSYoungGen: 479872K->105152K(443904K)] 1234471K->992435K(1842176K), 0.0647844 secs] [Times: user=0.39 sys=0.01, real=0.06 secs] 
4172.468: [GC (Allocation Failure) [PSYoungGen: 443584K->141376K(516096K)] 1330867K->1130976K(1914368K), 0.0521957 secs] [Times: user=0.31 sys=0.01, real=0.05 secs] 
4174.121: [GC (Allocation Failure) [PSYoungGen: 479296K->101536K(517632K)] 1468896K->1223648K(1915904K), 0.0995418 secs] [Times: user=0.59 sys=0.00, real=0.10 secs] 
4175.146: [GC (Allocation Failure) [PSYoungGen: 439456K->138784K(518656K)] 1561572K->1359441K(1916928K), 0.0519962 secs] [Times: user=0.31 sys=0.00, real=0.06 secs] 
4176.643: [GC (Allocation Failure) [PSYoungGen: 479264K->105728K(446464K)] 1699921K->1455857K(1844736K), 0.0922511 secs] [Times: user=0.53 sys=0.02, real=0.09 secs] 
4176.736: [Full GC (Ergonomics) [PSYoungGen: 105728K->0K(446464K)] [ParOldGen: 1350129K->25495K(1398272K)] 1455857K->25495K(1844736K), [Metaspace: 60433K->60433K(1105920K)], 0.0403732 secs] [Times: user=0.12 sys=0.00, real=0.04 secs] 
4178.330: [GC (Allocation Failure) [PSYoungGen: 340480K->136672K(518144K)] 365975K->162167K(1916416K), 0.0275107 secs] [Times: user=0.16 sys=0.00, real=0.03 secs] 
4179.685: [GC (Allocation Failure) [PSYoungGen: 478688K->107360K(518144K)] 504183K->260439K(1916416K), 0.0635293 secs] [Times: user=0.38 sys=0.00, real=0.07 secs] 
4180.406: [GC (Allocation Failure) [PSYoungGen: 449376K->136800K(519680K)] 602455K->395436K(1917952K), 0.0522407 secs] [Times: user=0.31 sys=0.00, real=0.06 secs] 
4181.767: [GC (Allocation Failure) [PSYoungGen: 482912K->112384K(520192K)] 741548K->498628K(1918464K), 0.0677206 secs] [Times: user=0.41 sys=0.00, real=0.07 secs] 
4183.899: [GC (Allocation Failure) [PSYoungGen: 458496K->134592K(522752K)] 844740K->631025K(1921024K), 0.0533159 secs] [Times: user=0.31 sys=0.00, real=0.05 secs] 
4185.238: [GC (Allocation Failure) [PSYoungGen: 486336K->114784K(522240K)] 982769K->736201K(1920512K), 0.0645722 secs] [Times: user=0.38 sys=0.00, real=0.06 secs] 
4185.971: [GC (Allocation Failure) [PSYoungGen: 466528K->139296K(523264K)] 1087945K->874703K(1921536K), 0.0557262 secs] [Times: user=0.33 sys=0.00, real=0.06 secs] 
4187.571: [GC (Allocation Failure) [PSYoungGen: 495136K->113056K(524800K)] 1230543K->979075K(1923072K), 0.0662296 secs] [Times: user=0.39 sys=0.00, real=0.07 secs] 
4188.544: [GC (Allocation Failure) [PSYoungGen: 468896K->142976K(525824K)] 1334915K->1120056K(1924096K), 0.0547768 secs] [Times: user=0.32 sys=0.00, real=0.06 secs] 
4190.016: [GC (GCLocker Initiated GC) [PSYoungGen: 502400K->111616K(528896K)] 1479481K->1222333K(1927168K), 0.0784906 secs] [Times: user=0.46 sys=0.00, real=0.08 secs] 
4191.534: [GC (GCLocker Initiated GC) [PSYoungGen: 471040K->143520K(525312K)] 1581760K->1363461K(1923584K), 0.0555823 secs] [Times: user=0.33 sys=0.00, real=0.06 secs] 
4193.040: [GC (Allocation Failure) [PSYoungGen: 501408K->113696K(528384K)] 1721420K->1467304K(1926656K), 0.0776205 secs] [Times: user=0.46 sys=0.01, real=0.08 secs] 
4193.118: [Full GC (Ergonomics) [PSYoungGen: 113696K->0K(528384K)] [ParOldGen: 1353608K->33733K(1398272K)] 1467304K->33733K(1926656K), [Metaspace: 60449K->60449K(1105920K)], 0.0594167 secs] [Times: user=0.20 sys=0.00, real=0.06 secs] 
4193.898: [GC (Allocation Failure) [PSYoungGen: 357888K->148864K(521728K)] 391621K->182597K(1920000K), 0.0297222 secs] [Times: user=0.18 sys=0.00, real=0.03 secs] 
4195.433: [GC (Allocation Failure) [PSYoungGen: 502656K->108416K(526336K)] 536389K->282097K(1924608K), 0.0782309 secs] [Times: user=0.47 sys=0.00, real=0.08 secs] 
4196.178: [GC (Allocation Failure) [PSYoungGen: 462208K->147200K(520192K)] 635889K->426058K(1918464K), 0.0524194 secs] [Times: user=0.31 sys=0.00, real=0.05 secs] 
4197.815: [GC (GCLocker Initiated GC) [PSYoungGen: 495872K->106592K(523776K)] 774730K->523370K(1922048K), 0.0852039 secs] [Times: user=0.51 sys=0.00, real=0.09 secs] 
4198.796: [GC (Allocation Failure) [PSYoungGen: 455264K->148096K(518144K)] 872045K->667274K(1916416K), 0.0524264 secs] [Times: user=0.31 sys=0.00, real=0.06 secs] 
4200.479: [GC (Allocation Failure) [PSYoungGen: 492672K->104384K(521728K)] 1011850K->762762K(1920000K), 0.1401840 secs] [Times: user=0.83 sys=0.00, real=0.14 secs] 
4201.577: [GC (Allocation Failure) [PSYoungGen: 448960K->143776K(518656K)] 1107338K->903103K(1916928K), 0.0521708 secs] [Times: user=0.31 sys=0.00, real=0.05 secs] 
4203.265: [GC (Allocation Failure) [PSYoungGen: 486304K->104288K(520704K)] 1245631K->998615K(1918976K), 0.0755092 secs] [Times: user=0.45 sys=0.00, real=0.08 secs] 
4204.327: [GC (Allocation Failure) [PSYoungGen: 446816K->142688K(519168K)] 1341143K->1137259K(1917440K), 0.0525493 secs] [Times: user=0.31 sys=0.00, real=0.05 secs] 
4206.370: [GC (Allocation Failure) [PSYoungGen: 485216K->104672K(520704K)] 1479787K->1233011K(1918976K), 0.1340327 secs] [Times: user=0.79 sys=0.01, real=0.13 secs] 
4207.584: [GC (Allocation Failure) [PSYoungGen: 447200K->141248K(520704K)] 1575539K->1371180K(1918976K), 0.0527425 secs] [Times: user=0.31 sys=0.00, real=0.05 secs] 
4207.637: [Full GC (Ergonomics) [PSYoungGen: 141248K->0K(520704K)] [ParOldGen: 1229932K->174987K(1398272K)] 1371180K->174987K(1918976K), [Metaspace: 60449K->60449K(1105920K)], 0.4124951 secs] [Times: user=1.91 sys=0.00, real=0.42 secs] 
4209.347: [GC (Allocation Failure) [PSYoungGen: 343552K->101216K(521216K)] 518539K->276203K(1919488K), 0.0464932 secs] [Times: user=0.28 sys=0.00, real=0.05 secs] 
4210.017: [GC (Allocation Failure) [PSYoungGen: 444768K->143200K(518656K)] 619755K->417256K(1916928K), 0.0511825 secs] [Times: user=0.30 sys=0.00, real=0.06 secs] 
4211.611: [GC (Allocation Failure) [PSYoungGen: 484704K->105920K(520192K)] 758760K->514304K(1918464K), 0.1054487 secs] [Times: user=0.62 sys=0.00, real=0.10 secs] 
4212.754: [GC (Allocation Failure) [PSYoungGen: 447424K->139328K(519680K)] 855808K->651116K(1917952K), 0.0523437 secs] [Times: user=0.30 sys=0.00, real=0.05 secs] 
4214.213: [GC (Allocation Failure) [PSYoungGen: 481856K->107104K(450048K)] 993644K->748600K(1848320K), 0.0770163 secs] [Times: user=0.46 sys=0.01, real=0.08 secs] 
4215.959: [GC (Allocation Failure) [PSYoungGen: 449632K->136928K(519168K)] 1091128K->882973K(1917440K), 0.0526230 secs] [Times: user=0.31 sys=0.00, real=0.05 secs] 
4217.250: [GC (GCLocker Initiated GC) [PSYoungGen: 480992K->110240K(519168K)] 1227037K->983769K(1917440K), 0.0643117 secs] [Times: user=0.38 sys=0.00, real=0.06 secs] 
4218.018: [GC (Allocation Failure) [PSYoungGen: 454304K->144800K(518144K)] 1327836K->1126776K(1916416K), 0.0537298 secs] [Times: user=0.32 sys=0.00, real=0.05 secs] 
4219.475: [GC (Allocation Failure) [PSYoungGen: 490400K->112352K(521216K)] 1472376K->1221028K(1919488K), 0.0922444 secs] [Times: user=0.55 sys=0.00, real=0.10 secs] 
4220.985: [GC (Allocation Failure) [PSYoungGen: 457952K->136096K(521728K)] 1566628K->1354952K(1920000K), 0.0547910 secs] [Times: user=0.32 sys=0.00, real=0.06 secs] 
4222.302: [GC (Allocation Failure) [PSYoungGen: 486304K->112864K(522752K)] 1705160K->1458365K(1921024K), 0.0669484 secs] [Times: user=0.40 sys=0.00, real=0.07 secs] 
4222.369: [Full GC (Ergonomics) [PSYoungGen: 112864K->0K(522752K)] [ParOldGen: 1345500K->20016K(1398272K)] 1458365K->20016K(1921024K), [Metaspace: 60450K->60450K(1105920K)], 0.0290950 secs] [Times: user=0.07 sys=0.00, real=0.03 secs] 
4223.436: [GC (Allocation Failure) [PSYoungGen: 350208K->137024K(524800K)] 370224K->157040K(1923072K), 0.0271078 secs] [Times: user=0.16 sys=0.00, real=0.03 secs] 
4224.840: [GC (Allocation Failure) [PSYoungGen: 491840K->113760K(524800K)] 511856K->261752K(1923072K), 0.0635948 secs] [Times: user=0.38 sys=0.00, real=0.06 secs] 
4225.460: [GC (Allocation Failure) [PSYoungGen: 468576K->143168K(523264K)] 616568K->403141K(1921536K), 0.0551686 secs] [Times: user=0.31 sys=0.00, real=0.05 secs] 
4227.206: [GC (Allocation Failure) [PSYoungGen: 499008K->112320K(526336K)] 758981K->505493K(1924608K), 0.1452983 secs] [Times: user=0.86 sys=0.01, real=0.15 secs] 
4229.186: [GC (Allocation Failure) [PSYoungGen: 468160K->140192K(528384K)] 861333K->643074K(1926656K), 0.0540921 secs] [Times: user=0.32 sys=0.01, real=0.06 secs] 
4230.593: [GC (Allocation Failure) [PSYoungGen: 500128K->115904K(476160K)] 1003010K->749066K(1874432K), 0.0774859 secs] [Times: user=0.46 sys=0.00, real=0.08 secs] 
4231.337: [GC (Allocation Failure) [PSYoungGen: 475840K->148640K(522752K)] 1109002K->894910K(1921024K), 0.0559914 secs] [Times: user=0.33 sys=0.00, real=0.06 secs] 
4232.689: [GC (Allocation Failure) [PSYoungGen: 504480K->110336K(527360K)] 1250750K->996114K(1925632K), 0.0676855 secs] [Times: user=0.40 sys=0.00, real=0.06 secs] 
4233.333: [GC (Allocation Failure) [PSYoungGen: 466176K->147456K(521728K)] 1351954K->1140727K(1920000K), 0.0545551 secs] [Times: user=0.32 sys=0.00, real=0.06 secs] 
4235.494: [GC (GCLocker Initiated GC) [PSYoungGen: 499200K->106720K(525312K)] 1492472K->1238184K(1923584K), 0.1517901 secs] [Times: user=0.90 sys=0.00, real=0.15 secs] 
4236.566: [GC (Allocation Failure) [PSYoungGen: 458464K->148096K(518656K)] 1589931K->1382400K(1916928K), 0.0537035 secs] [Times: user=0.32 sys=0.00, real=0.06 secs] 
4236.619: [Full GC (Ergonomics) [PSYoungGen: 148096K->0K(518656K)] [ParOldGen: 1234304K->186815K(1398272K)] 1382400K->186815K(1916928K), [Metaspace: 60452K->60452K(1105920K)], 0.4393641 secs] [Times: user=2.03 sys=0.00, real=0.44 secs] 
4238.454: [GC (Allocation Failure) [PSYoungGen: 345600K->104480K(522240K)] 532415K->291295K(1920512K), 0.0582634 secs] [Times: user=0.34 sys=0.00, real=0.06 secs] 
4239.171: [GC (Allocation Failure) [PSYoungGen: 450080K->143424K(520192K)] 636895K->431224K(1918464K), 0.0507574 secs] [Times: user=0.30 sys=0.00, real=0.05 secs] 
4241.838: [GC (Allocation Failure) [PSYoungGen: 488000K->104576K(521728K)] 775800K->526376K(1920000K), 0.1264928 secs] [Times: user=0.75 sys=0.01, real=0.12 secs] 
4243.015: [GC (Allocation Failure) [PSYoungGen: 449152K->143136K(519680K)] 870952K->666729K(1917952K), 0.0520703 secs] [Times: user=0.30 sys=0.00, real=0.06 secs] 
4244.929: [GC (Allocation Failure) [PSYoungGen: 486688K->104608K(521216K)] 1010281K->762481K(1919488K), 0.1164194 secs] [Times: user=0.68 sys=0.01, real=0.11 secs] 
4245.610: [GC (Allocation Failure) [PSYoungGen: 448160K->142016K(520192K)] 1106033K->902037K(1918464K), 0.0526887 secs] [Times: user=0.31 sys=0.00, real=0.05 secs] 
4248.033: [GC (Allocation Failure) [PSYoungGen: 485568K->102560K(521216K)] 1245589K->995597K(1919488K), 0.0846355 secs] [Times: user=0.51 sys=0.01, real=0.09 secs] 
4248.661: [GC (Allocation Failure) [PSYoungGen: 446112K->141824K(519168K)] 1339149K->1134610K(1917440K), 0.0522446 secs] [Times: user=0.31 sys=0.00, real=0.05 secs] 
4250.195: [GC (Allocation Failure) [PSYoungGen: 484352K->104672K(520704K)] 1477138K->1229682K(1918976K), 0.0738888 secs] [Times: user=0.44 sys=0.00, real=0.08 secs] 
4251.497: [GC (Allocation Failure) [PSYoungGen: 447200K->139840K(520192K)] 1572210K->1366807K(1918464K), 0.0534573 secs] [Times: user=0.31 sys=0.00, real=0.05 secs] 
4252.895: [GC (Allocation Failure) [PSYoungGen: 483392K->107328K(451072K)] 1710359K->1464567K(1849344K), 0.0667299 secs] [Times: user=0.39 sys=0.01, real=0.07 secs] 
4252.962: [Full GC (Ergonomics) [PSYoungGen: 107328K->0K(451072K)] [ParOldGen: 1357239K->24106K(1398272K)] 1464567K->24106K(1849344K), [Metaspace: 60452K->60452K(1105920K)], 0.0398374 secs] [Times: user=0.11 sys=0.00, real=0.04 secs] 
4253.712: [GC (Allocation Failure) [PSYoungGen: 343552K->140768K(519168K)] 367658K->164874K(1917440K), 0.0284109 secs] [Times: user=0.16 sys=0.00, real=0.03 secs] 
4255.132: [GC (Allocation Failure) [PSYoungGen: 484832K->106240K(520192K)] 508938K->262282K(1918464K), 0.0791583 secs] [Times: user=0.47 sys=0.00, real=0.08 secs] 
4256.001: [GC (Allocation Failure) [PSYoungGen: 450304K->139296K(521728K)] 606346K->399478K(1920000K), 0.0517529 secs] [Times: user=0.31 sys=0.00, real=0.05 secs] 
4257.347: [GC (Allocation Failure) [PSYoungGen: 486432K->112672K(460288K)] 746614K->503098K(1858560K), 0.0698385 secs] [Times: user=0.41 sys=0.00, real=0.07 secs] 
4258.636: [GC (Allocation Failure) [PSYoungGen: 459808K->138240K(521216K)] 850234K->639599K(1919488K), 0.0532545 secs] [Times: user=0.31 sys=0.00, real=0.06 secs] 
4260.517: [GC (Allocation Failure) [PSYoungGen: 486912K->112064K(521728K)] 988271K->741895K(1920000K), 0.0690696 secs] [Times: user=0.41 sys=0.00, real=0.06 secs] 
4261.865: [GC (Allocation Failure) [PSYoungGen: 460736K->138784K(523264K)] 1090567K->878388K(1921536K), 0.0538749 secs] [Times: user=0.31 sys=0.00, real=0.06 secs] 
4263.164: [GC (Allocation Failure) [PSYoungGen: 491552K->114624K(523776K)] 1231156K->983092K(1922048K), 0.0648625 secs] [Times: user=0.39 sys=0.00, real=0.07 secs] 
4263.813: [GC (Allocation Failure) [PSYoungGen: 467392K->145184K(522240K)] 1335860K->1126305K(1920512K), 0.0550961 secs] [Times: user=0.32 sys=0.00, real=0.06 secs] 
4265.489: [GC (Allocation Failure) [PSYoungGen: 498976K->108544K(525824K)] 1480097K->1225805K(1924096K), 0.0945857 secs] [Times: user=0.56 sys=0.00, real=0.09 secs] 
4266.917: [GC (Allocation Failure) [PSYoungGen: 462336K->145728K(522240K)] 1579597K->1368390K(1920512K), 0.0534015 secs] [Times: user=0.32 sys=0.00, real=0.05 secs] 
4268.532: [GC (Allocation Failure) [PSYoungGen: 497472K->109088K(525312K)] 1720134K->1468054K(1923584K), 0.0875560 secs] [Times: user=0.52 sys=0.00, real=0.09 secs] 
4268.620: [Full GC (Ergonomics) [PSYoungGen: 109088K->0K(525312K)] [ParOldGen: 1358966K->35237K(1398272K)] 1468054K->35237K(1923584K), [Metaspace: 60452K->60452K(1105920K)], 0.0703789 secs] [Times: user=0.25 sys=0.00, real=0.07 secs] 
4269.383: [GC (Allocation Failure) [PSYoungGen: 351744K->144576K(521728K)] 386981K->179813K(1920000K), 0.0288936 secs] [Times: user=0.17 sys=0.00, real=0.03 secs] 
4271.091: [GC (Allocation Failure) [PSYoungGen: 494272K->107488K(524288K)] 529509K->278637K(1922560K), 0.0635902 secs] [Times: user=0.38 sys=0.00, real=0.06 secs] 
4271.660: [GC (Allocation Failure) [PSYoungGen: 457184K->146368K(519680K)] 628333K->422306K(1917952K), 0.0521806 secs] [Times: user=0.31 sys=0.00, real=0.05 secs] 
4274.020: [GC (GCLocker Initiated GC) [PSYoungGen: 492992K->103200K(522752K)] 768930K->516818K(1921024K), 0.1584691 secs] [Times: user=0.95 sys=0.00, real=0.16 secs] 
4275.246: [GC (Allocation Failure) [PSYoungGen: 449824K->143616K(520192K)] 863445K->657041K(1918464K), 0.0510091 secs] [Times: user=0.30 sys=0.00, real=0.05 secs] 
4276.770: [GC (Allocation Failure) [PSYoungGen: 488192K->105760K(521728K)] 1001617K->753489K(1920000K), 0.1172327 secs] [Times: user=0.57 sys=0.01, real=0.12 secs] 
4277.435: [GC (Allocation Failure) [PSYoungGen: 450336K->141856K(520192K)] 1098065K->893829K(1918464K), 0.0536333 secs] [Times: user=0.31 sys=0.01, real=0.06 secs] 
4278.882: [GC (Allocation Failure) [PSYoungGen: 486432K->104736K(521728K)] 1238405K->989821K(1920000K), 0.0653430 secs] [Times: user=0.39 sys=0.00, real=0.07 secs] 
4279.547: [GC (Allocation Failure) [PSYoungGen: 449312K->142656K(519168K)] 1334397K->1129634K(1917440K), 0.0525914 secs] [Times: user=0.31 sys=0.00, real=0.05 secs] 
4281.287: [GC (Allocation Failure) [PSYoungGen: 486208K->105184K(521216K)] 1473186K->1225066K(1919488K), 0.1541597 secs] [Times: user=0.91 sys=0.01, real=0.15 secs] 
4283.280: [GC (Allocation Failure) [PSYoungGen: 448736K->137056K(519680K)] 1568618K->1359291K(1917952K), 0.0526474 secs] [Times: user=0.31 sys=0.00, real=0.05 secs] 
4284.609: [GC (GCLocker Initiated GC) [PSYoungGen: 482144K->108608K(520704K)] 1704379K->1458355K(1918976K), 0.0701913 secs] [Times: user=0.42 sys=0.00, real=0.07 secs] 
4284.679: [Full GC (Ergonomics) [PSYoungGen: 108608K->0K(520704K)] [ParOldGen: 1349747K->23288K(1398272K)] 1458355K->23288K(1918976K), [Metaspace: 60452K->60452K(1105920K)], 0.0310545 secs] [Times: user=0.09 sys=0.00, real=0.03 secs] 
4285.292: [GC (Allocation Failure) [PSYoungGen: 345088K->140640K(521216K)] 368379K->163931K(1919488K), 0.0276794 secs] [Times: user=0.16 sys=0.00, real=0.03 secs] 
4286.574: [GC (GCLocker Initiated GC) [PSYoungGen: 488288K->108224K(522240K)] 511581K->263221K(1920512K), 0.0654735 secs] [Times: user=0.39 sys=0.00, real=0.07 secs] 
4287.428: [GC (Allocation Failure) [PSYoungGen: 455872K->141856K(521216K)] 610876K->403249K(1919488K), 0.0525473 secs] [Times: user=0.31 sys=0.00, real=0.05 secs] 
4288.950: [GC (Allocation Failure) [PSYoungGen: 490528K->108704K(523264K)] 751921K->502737K(1921536K), 0.1152815 secs] [Times: user=0.68 sys=0.00, real=0.11 secs] 
4290.926: [GC (Allocation Failure) [PSYoungGen: 457376K->138688K(523776K)] 851409K->639086K(1922048K), 0.0529723 secs] [Times: user=0.31 sys=0.00, real=0.06 secs] 
4292.280: [GC (Allocation Failure) [PSYoungGen: 489920K->112032K(463360K)] 990318K->741634K(1861632K), 0.0658117 secs] [Times: user=0.39 sys=0.00, real=0.06 secs] 
4293.161: [GC (Allocation Failure) [PSYoungGen: 463264K->142464K(521216K)] 1092866K->881927K(1919488K), 0.0537043 secs] [Times: user=0.32 sys=0.00, real=0.05 secs] 
4294.561: [GC (GCLocker Initiated GC) [PSYoungGen: 493184K->107744K(523776K)] 1232647K->980559K(1922048K), 0.0693003 secs] [Times: user=0.41 sys=0.01, real=0.07 secs] 
4296.265: [GC (Allocation Failure) [PSYoungGen: 458464K->148000K(519168K)] 1331282K->1126447K(1917440K), 0.0539619 secs] [Times: user=0.32 sys=0.00, real=0.06 secs] 
4297.730: [GC (Allocation Failure) [PSYoungGen: 495648K->110688K(523264K)] 1474095K->1218975K(1921536K), 0.0879528 secs] [Times: user=0.52 sys=0.00, real=0.09 secs] 
4299.154: [GC (Allocation Failure) [PSYoungGen: 458336K->139520K(523264K)] 1566623K->1355940K(1921536K), 0.0540383 secs] [Times: user=0.32 sys=0.00, real=0.06 secs] 
4300.487: [GC (GCLocker Initiated GC) [PSYoungGen: 489728K->113344K(463872K)] 1706149K->1459421K(1862144K), 0.0651108 secs] [Times: user=0.38 sys=0.00, real=0.06 secs] 
4300.553: [Full GC (Ergonomics) [PSYoungGen: 113344K->0K(463872K)] [ParOldGen: 1346077K->27707K(1398272K)] 1459421K->27707K(1862144K), [Metaspace: 60452K->60452K(1105920K)], 0.0518691 secs] [Times: user=0.17 sys=0.00, real=0.05 secs] 
4301.514: [GC (Allocation Failure) [PSYoungGen: 350208K->142400K(521728K)] 377916K->170108K(1920000K), 0.0282235 secs] [Times: user=0.16 sys=0.00, real=0.03 secs] 
4303.131: [GC (Allocation Failure) [PSYoungGen: 492608K->106848K(523264K)] 520316K->267472K(1921536K), 0.1138210 secs] [Times: user=0.67 sys=0.01, real=0.11 secs] 
4304.959: [GC (Allocation Failure) [PSYoungGen: 457056K->141568K(523776K)] 617680K->406473K(1922048K), 0.0518872 secs] [Times: user=0.30 sys=0.00, real=0.05 secs] 
4306.351: [GC (GCLocker Initiated GC) [PSYoungGen: 493312K->110240K(462336K)] 758217K->507361K(1860608K), 0.0733201 secs] [Times: user=0.44 sys=0.00, real=0.07 secs] 
4307.393: [GC (Allocation Failure) [PSYoungGen: 461984K->142912K(522752K)] 859108K->648505K(1921024K), 0.0532165 secs] [Times: user=0.31 sys=0.00, real=0.05 secs] 
4308.924: [GC (GCLocker Initiated GC) [PSYoungGen: 494144K->108512K(524800K)] 999737K->748041K(1923072K), 0.0750420 secs] [Times: user=0.44 sys=0.00, real=0.08 secs] 
4309.550: [GC (Allocation Failure) [PSYoungGen: 459744K->154112K(514560K)] 1099276K->899749K(1912832K), 0.0544218 secs] [Times: user=0.32 sys=0.00, real=0.05 secs] 
4311.522: [GC (Allocation Failure) [PSYoungGen: 496640K->104160K(520704K)] 1242277K->986925K(1918976K), 0.1136481 secs] [Times: user=0.68 sys=0.00, real=0.11 secs] 
4313.636: [GC (Allocation Failure) [PSYoungGen: 446688K->137920K(518656K)] 1329453K->1121954K(1916928K), 0.0523480 secs] [Times: user=0.31 sys=0.00, real=0.06 secs] 
4314.952: [GC (Allocation Failure) [PSYoungGen: 481472K->107360K(520192K)] 1465506K->1219934K(1918464K), 0.0639387 secs] [Times: user=0.38 sys=0.00, real=0.06 secs] 
4315.760: [GC (Allocation Failure) [PSYoungGen: 450912K->140768K(521216K)] 1563486K->1358443K(1919488K), 0.0538761 secs] [Times: user=0.32 sys=0.00, real=0.05 secs] 
4317.074: [GC (GCLocker Initiated GC) [PSYoungGen: 486880K->107456K(453632K)] 1704555K->1456787K(1851904K), 0.0664882 secs] [Times: user=0.39 sys=0.01, real=0.07 secs] 
4317.140: [Full GC (Ergonomics) [PSYoungGen: 107456K->0K(453632K)] [ParOldGen: 1349331K->23541K(1398272K)] 1456787K->23541K(1851904K), [Metaspace: 60456K->60456K(1105920K)], 0.0326257 secs] [Times: user=0.09 sys=0.00, real=0.03 secs] 
4318.579: [GC (Allocation Failure) [PSYoungGen: 346112K->139072K(521216K)] 369656K->162616K(1919488K), 0.0275552 secs] [Times: user=0.16 sys=0.00, real=0.03 secs] 
4319.892: [GC (Allocation Failure) [PSYoungGen: 486208K->110656K(521728K)] 509752K->264184K(1920000K), 0.0670667 secs] [Times: user=0.39 sys=0.00, real=0.07 secs] 
4321.374: [GC (Allocation Failure) [PSYoungGen: 457792K->138912K(522240K)] 611320K->401747K(1920512K), 0.0532107 secs] [Times: user=0.31 sys=0.00, real=0.06 secs] 
4322.680: [GC (Allocation Failure) [PSYoungGen: 488608K->111360K(522752K)] 751443K->504043K(1921024K), 0.0715612 secs] [Times: user=0.43 sys=0.01, real=0.07 secs] 
4323.691: [GC (Allocation Failure) [PSYoungGen: 461056K->141760K(521728K)] 853739K->643592K(1920000K), 0.0533311 secs] [Times: user=0.31 sys=0.00, real=0.05 secs] 
4325.142: [GC (Allocation Failure) [PSYoungGen: 492992K->109568K(523776K)] 994824K->743792K(1922048K), 0.0877529 secs] [Times: user=0.52 sys=0.00, real=0.09 secs] 
4326.858: [GC (Allocation Failure) [PSYoungGen: 460800K->140864K(525824K)] 1095024K->881925K(1924096K), 0.0538944 secs] [Times: user=0.32 sys=0.00, real=0.05 secs] 
4328.404: [GC (Allocation Failure) [PSYoungGen: 495680K->112768K(467968K)] 1236741K->984793K(1866240K), 0.1342217 secs] [Times: user=0.79 sys=0.00, real=0.14 secs] 
4329.885: [GC (Allocation Failure) [PSYoungGen: 467584K->141536K(524288K)] 1339609K->1124146K(1922560K), 0.0543928 secs] [Times: user=0.32 sys=0.01, real=0.06 secs] 
4331.216: [GC (Allocation Failure) [PSYoungGen: 495840K->111648K(525824K)] 1478450K->1225978K(1924096K), 0.0648978 secs] [Times: user=0.39 sys=0.00, real=0.07 secs] 
4331.955: [GC (Allocation Failure) [PSYoungGen: 465952K->145888K(522240K)] 1580282K->1369038K(1920512K), 0.0548029 secs] [Times: user=0.32 sys=0.00, real=0.06 secs] 
4333.697: [GC (GCLocker Initiated GC) [PSYoungGen: 498656K->107456K(525824K)] 1721806K->1467238K(1924096K), 0.0992014 secs] [Times: user=0.59 sys=0.00, real=0.10 secs] 
4333.796: [Full GC (Ergonomics) [PSYoungGen: 107456K->0K(525824K)] [ParOldGen: 1359782K->33597K(1398272K)] 1467238K->33597K(1924096K), [Metaspace: 60456K->60456K(1105920K)], 0.0636761 secs] [Times: user=0.24 sys=0.00, real=0.07 secs] 
4335.124: [GC (Allocation Failure) [PSYoungGen: 352768K->145408K(521216K)] 386435K->179075K(1919488K), 0.0289088 secs] [Times: user=0.17 sys=0.00, real=0.03 secs] 
4337.027: [GC (Allocation Failure) [PSYoungGen: 495104K->106688K(524288K)] 528771K->276864K(1922560K), 0.0724625 secs] [Times: user=0.43 sys=0.00, real=0.07 secs] 
4337.731: [GC (Allocation Failure) [PSYoungGen: 456384K->145344K(520192K)] 626560K->420040K(1918464K), 0.0524461 secs] [Times: user=0.30 sys=0.00, real=0.05 secs] 
4339.405: [GC (Allocation Failure) [PSYoungGen: 491968K->103104K(522752K)] 766664K->514696K(1921024K), 0.0684480 secs] [Times: user=0.41 sys=0.01, real=0.07 secs] 
4340.322: [GC (Allocation Failure) [PSYoungGen: 449728K->143936K(519680K)] 861320K->655501K(1917952K), 0.0513582 secs] [Times: user=0.30 sys=0.00, real=0.05 secs] 
4341.743: [GC (Allocation Failure) [PSYoungGen: 488512K->106592K(521728K)] 1000077K->753157K(1920000K), 0.0893087 secs] [Times: user=0.53 sys=0.01, real=0.09 secs] 
4343.144: [GC (Allocation Failure) [PSYoungGen: 451168K->140992K(521216K)] 1097733K->890874K(1919488K), 0.0521327 secs] [Times: user=0.30 sys=0.00, real=0.05 secs] 
4344.659: [GC (Allocation Failure) [PSYoungGen: 486592K->109568K(455680K)] 1236474K->990638K(1853952K), 0.0983207 secs] [Times: user=0.58 sys=0.00, real=0.10 secs] 
4345.469: [GC (Allocation Failure) [PSYoungGen: 455168K->144512K(518656K)] 1336238K->1132431K(1916928K), 0.0531435 secs] [Times: user=0.31 sys=0.00, real=0.05 secs] 
4346.835: [GC (Allocation Failure) [PSYoungGen: 488576K->105056K(521216K)] 1476495K->1228479K(1919488K), 0.0638920 secs] [Times: user=0.38 sys=0.00, real=0.07 secs] 
4347.626: [GC (Allocation Failure) [PSYoungGen: 449120K->142816K(520192K)] 1572543K->1367700K(1918464K), 0.0522432 secs] [Times: user=0.31 sys=0.00, real=0.06 secs] 
4349.529: [GC (Allocation Failure) [PSYoungGen: 487392K->106336K(521728K)] 1712276K->1465108K(1920000K), 0.1271908 secs] [Times: user=0.76 sys=0.00, real=0.12 secs] 
4349.656: [Full GC (Ergonomics) [PSYoungGen: 106336K->0K(521728K)] [ParOldGen: 1358772K->30750K(1398272K)] 1465108K->30750K(1920000K), [Metaspace: 60456K->60456K(1105920K)], 0.0732054 secs] [Times: user=0.25 sys=0.00, real=0.08 secs] 
4351.676: [GC (Allocation Failure) [PSYoungGen: 344576K->141984K(520192K)] 375326K->172734K(1918464K), 0.0284323 secs] [Times: user=0.17 sys=0.00, real=0.03 secs] 
4353.597: [GC (Allocation Failure) [PSYoungGen: 486560K->106240K(451072K)] 517310K->270054K(1849344K), 0.1474479 secs] [Times: user=0.88 sys=0.00, real=0.14 secs] 
4355.047: [GC (Allocation Failure) [PSYoungGen: 450816K->140768K(519680K)] 614630K->408713K(1917952K), 0.0514773 secs] [Times: user=0.30 sys=0.00, real=0.05 secs] 
4356.575: [GC (GCLocker Initiated GC) [PSYoungGen: 485344K->105824K(521216K)] 753290K->506058K(1919488K), 0.0773224 secs] [Times: user=0.46 sys=0.00, real=0.08 secs] 
4357.379: [GC (Allocation Failure) [PSYoungGen: 450400K->148128K(516096K)] 850636K->651833K(1914368K), 0.0522031 secs] [Times: user=0.31 sys=0.00, real=0.05 secs] 
4358.873: [GC (Allocation Failure) [PSYoungGen: 489632K->107904K(520192K)] 993337K->742161K(1918464K), 0.0722927 secs] [Times: user=0.43 sys=0.00, real=0.07 secs] 
4360.451: [GC (Allocation Failure) [PSYoungGen: 449408K->136992K(517120K)] 1083665K->877005K(1915392K), 0.0529232 secs] [Times: user=0.31 sys=0.00, real=0.05 secs] 
4361.802: [GC (GCLocker Initiated GC) [PSYoungGen: 480544K->109696K(519680K)] 1220558K->977242K(1917952K), 0.0641244 secs] [Times: user=0.38 sys=0.00, real=0.06 secs] 
4362.910: [GC (Allocation Failure) [PSYoungGen: 453248K->135872K(521728K)] 1320797K->1111617K(1920000K), 0.0536012 secs] [Times: user=0.31 sys=0.00, real=0.05 secs] 
4364.653: [GC (Allocation Failure) [PSYoungGen: 485056K->112960K(522240K)] 1460801K->1215273K(1920512K), 0.0676150 secs] [Times: user=0.39 sys=0.01, real=0.07 secs] 
4365.510: [GC (Allocation Failure) [PSYoungGen: 462144K->137600K(523264K)] 1564457K->1351518K(1921536K), 0.0546117 secs] [Times: user=0.31 sys=0.00, real=0.05 secs] 
4366.956: [GC (Allocation Failure) [PSYoungGen: 490368K->113664K(523776K)] 1704286K->1455718K(1922048K), 0.0730741 secs] [Times: user=0.44 sys=0.00, real=0.08 secs] 
4367.029: [Full GC (Ergonomics) [PSYoungGen: 113664K->0K(523776K)] [ParOldGen: 1342054K->20759K(1398272K)] 1455718K->20759K(1922048K), [Metaspace: 60458K->60458K(1105920K)], 0.0295163 secs] [Times: user=0.07 sys=0.00, real=0.03 secs] 
4368.763: [GC (Allocation Failure) [PSYoungGen: 352768K->140320K(524288K)] 373527K->161079K(1922560K), 0.0275371 secs] [Times: user=0.16 sys=0.00, real=0.03 secs] 
4370.089: [GC (Allocation Failure) [PSYoungGen: 496160K->112512K(525824K)] 516919K->264023K(1924096K), 0.0639040 secs] [Times: user=0.38 sys=0.01, real=0.06 secs] 
4371.151: [GC (Allocation Failure) [PSYoungGen: 468352K->143456K(525824K)] 619863K->405884K(1924096K), 0.0541308 secs] [Times: user=0.32 sys=0.00, real=0.05 secs] 
4372.591: [GC (Allocation Failure) [PSYoungGen: 501344K->112256K(528384K)] 763772K->509084K(1926656K), 0.0881245 secs] [Times: user=0.53 sys=0.01, real=0.09 secs] 
4373.332: [GC (Allocation Failure) [PSYoungGen: 470144K->147648K(522240K)] 866972K->653645K(1920512K), 0.0544598 secs] [Times: user=0.32 sys=0.00, real=0.05 secs] 
4375.210: [GC (Allocation Failure) [PSYoungGen: 501440K->109504K(526336K)] 1007437K->753757K(1924608K), 0.1562778 secs] [Times: user=0.93 sys=0.01, real=0.15 secs] 
4376.781: [GC (Allocation Failure) [PSYoungGen: 463296K->145472K(521728K)] 1107549K->896038K(1920000K), 0.0533385 secs] [Times: user=0.31 sys=0.00, real=0.05 secs] 
4378.237: [GC (Allocation Failure) [PSYoungGen: 496192K->110688K(524800K)] 1246758K->997366K(1923072K), 0.1059015 secs] [Times: user=0.63 sys=0.01, real=0.11 secs] 
4378.969: [GC (GCLocker Initiated GC) [PSYoungGen: 461408K->146080K(520704K)] 1348086K->1139426K(1918976K), 0.0533945 secs] [Times: user=0.31 sys=0.00, real=0.05 secs] 
4380.410: [GC (Allocation Failure) [PSYoungGen: 494752K->105984K(523776K)] 1488101K->1236429K(1922048K), 0.0690413 secs] [Times: user=0.41 sys=0.01, real=0.07 secs] 
4381.051: [GC (Allocation Failure) [PSYoungGen: 454656K->148064K(517632K)] 1585101K->1380457K(1915904K), 0.0523483 secs] [Times: user=0.30 sys=0.00, real=0.05 secs] 
4381.104: [Full GC (Ergonomics) [PSYoungGen: 148064K->0K(517632K)] [ParOldGen: 1232393K->185921K(1398272K)] 1380457K->185921K(1915904K), [Metaspace: 60458K->60458K(1105920K)], 0.4448160 secs] [Times: user=2.08 sys=0.00, real=0.45 secs] 
4383.741: [GC (Allocation Failure) [PSYoungGen: 343552K->106720K(521216K)] 529473K->292641K(1919488K), 0.0723549 secs] [Times: user=0.42 sys=0.00, real=0.07 secs] 
4384.709: [GC (Allocation Failure) [PSYoungGen: 450272K->143680K(519680K)] 636193K->428270K(1917952K), 0.0503638 secs] [Times: user=0.29 sys=0.00, real=0.05 secs] 
4386.564: [GC (Allocation Failure) [PSYoungGen: 487232K->103200K(521216K)] 771822K->522726K(1919488K), 0.0807677 secs] [Times: user=0.48 sys=0.00, real=0.08 secs] 
4387.368: [GC (Allocation Failure) [PSYoungGen: 446752K->141312K(520704K)] 866278K->662187K(1918976K), 0.0516713 secs] [Times: user=0.31 sys=0.01, real=0.05 secs] 
4390.102: [GC (Allocation Failure) [PSYoungGen: 484864K->102304K(445952K)] 1005739K->755931K(1844224K), 0.1696895 secs] [Times: user=1.00 sys=0.00, real=0.17 secs] 
4391.783: [GC (Allocation Failure) [PSYoungGen: 445856K->141344K(519168K)] 1099483K->894232K(1917440K), 0.0510189 secs] [Times: user=0.30 sys=0.00, real=0.05 secs] 
4393.172: [GC (Allocation Failure) [PSYoungGen: 483872K->106880K(449536K)] 1236760K->991736K(1847808K), 0.0785332 secs] [Times: user=0.46 sys=0.00, real=0.08 secs] 
4394.545: [GC (Allocation Failure) [PSYoungGen: 449408K->138144K(520192K)] 1334264K->1127853K(1918464K), 0.0529119 secs] [Times: user=0.32 sys=0.00, real=0.06 secs] 
4395.852: [GC (GCLocker Initiated GC) [PSYoungGen: 482208K->106464K(520192K)] 1471918K->1225291K(1918464K), 0.0726801 secs] [Times: user=0.43 sys=0.00, real=0.07 secs] 
4396.475: [GC (Allocation Failure) [PSYoungGen: 450528K->141600K(518656K)] 1569357K->1364658K(1916928K), 0.0533193 secs] [Times: user=0.31 sys=0.00, real=0.06 secs] 
4397.825: [GC (Allocation Failure) [PSYoungGen: 486176K->107200K(520704K)] 1709234K->1462762K(1918976K), 0.0670632 secs] [Times: user=0.40 sys=0.00, real=0.07 secs] 
4397.892: [Full GC (Ergonomics) [PSYoungGen: 107200K->0K(520704K)] [ParOldGen: 1355562K->23041K(1398272K)] 1462762K->23041K(1918976K), [Metaspace: 60458K->60458K(1105920K)], 0.0386724 secs] [Times: user=0.11 sys=0.00, real=0.04 secs] 
4399.558: [GC (Allocation Failure) [PSYoungGen: 344576K->139360K(522240K)] 367617K->162401K(1920512K), 0.0275262 secs] [Times: user=0.16 sys=0.00, real=0.02 secs] 
4400.953: [GC (Allocation Failure) [PSYoungGen: 487520K->110720K(522752K)] 510561K->264061K(1921024K), 0.0784243 secs] [Times: user=0.47 sys=0.00, real=0.08 secs] 
4402.669: [GC (GCLocker Initiated GC) [PSYoungGen: 458880K->137536K(522752K)] 612221K->400249K(1921024K), 0.0526559 secs] [Times: user=0.30 sys=0.01, real=0.05 secs] 
4404.162: [GC (GCLocker Initiated GC) [PSYoungGen: 487744K->112000K(522752K)] 750459K->502507K(1921024K), 0.0638656 secs] [Times: user=0.38 sys=0.00, real=0.06 secs] 
4404.882: [GC (Allocation Failure) [PSYoungGen: 462208K->141600K(521728K)] 852718K->642163K(1920000K), 0.0541831 secs] [Times: user=0.32 sys=0.00, real=0.05 secs] 
4406.409: [GC (Allocation Failure) [PSYoungGen: 493344K->110592K(523776K)] 993907K->743071K(1922048K), 0.0922099 secs] [Times: user=0.54 sys=0.01, real=0.09 secs] 
4408.287: [GC (Allocation Failure) [PSYoungGen: 462336K->140928K(525312K)] 1094815K->881571K(1923584K), 0.0532198 secs] [Times: user=0.31 sys=0.00, real=0.05 secs] 
4409.662: [GC (Allocation Failure) [PSYoungGen: 496256K->113344K(468992K)] 1236899K->985508K(1867264K), 0.0655725 secs] [Times: user=0.39 sys=0.00, real=0.07 secs] 
4410.387: [GC (Allocation Failure) [PSYoungGen: 468672K->144896K(522752K)] 1340836K->1128500K(1921024K), 0.0552620 secs] [Times: user=0.33 sys=0.00, real=0.05 secs] 
4412.292: [GC (GCLocker Initiated GC) [PSYoungGen: 498688K->108832K(526336K)] 1482293K->1228765K(1924608K), 0.0929193 secs] [Times: user=0.55 sys=0.01, real=0.09 secs] 
4412.996: [GC (Allocation Failure) [PSYoungGen: 462624K->146784K(520704K)] 1582560K->1372637K(1918976K), 0.0536450 secs] [Times: user=0.31 sys=0.00, real=0.06 secs] 
4415.021: [GC (Allocation Failure) [PSYoungGen: 496480K->106464K(524288K)] 1722333K->1469725K(1922560K), 0.1498671 secs] [Times: user=0.88 sys=0.01, real=0.15 secs] 
4415.171: [Full GC (Ergonomics) [PSYoungGen: 106464K->0K(524288K)] [ParOldGen: 1363261K->36057K(1398272K)] 1469725K->36057K(1922560K), [Metaspace: 60458K->60458K(1105920K)], 0.1026603 secs] [Times: user=0.40 sys=0.00, real=0.10 secs] 
4416.612: [GC (Allocation Failure) [PSYoungGen: 349696K->144160K(520704K)] 385753K->180217K(1918976K), 0.0288321 secs] [Times: user=0.17 sys=0.00, real=0.03 secs] 
4418.007: [GC (Allocation Failure) [PSYoungGen: 491808K->105088K(523264K)] 527865K->276033K(1921536K), 0.0863975 secs] [Times: user=0.51 sys=0.00, real=0.09 secs] 
4418.883: [GC (Allocation Failure) [PSYoungGen: 452736K->142976K(520704K)] 623681K->416278K(1918976K), 0.0515446 secs] [Times: user=0.31 sys=0.00, real=0.05 secs] 
4420.756: [GC (Allocation Failure) [PSYoungGen: 489600K->105376K(522752K)] 762902K->512682K(1921024K), 0.1064158 secs] [Times: user=0.63 sys=0.01, real=0.11 secs] 
4422.066: [GC (Allocation Failure) [PSYoungGen: 452000K->143008K(520192K)] 859306K->652947K(1918464K), 0.0520221 secs] [Times: user=0.31 sys=0.00, real=0.06 secs] 
4423.838: [GC (Allocation Failure) [PSYoungGen: 488608K->106848K(522240K)] 998547K->750595K(1920512K), 0.1074451 secs] [Times: user=0.64 sys=0.00, real=0.10 secs] 
4425.275: [GC (Allocation Failure) [PSYoungGen: 452448K->141312K(521728K)] 1096195K->889272K(1920000K), 0.0518739 secs] [Times: user=0.31 sys=0.00, real=0.05 secs] 
4426.631: [GC (Allocation Failure) [PSYoungGen: 487936K->108896K(455680K)] 1235896K->989400K(1853952K), 0.0733734 secs] [Times: user=0.44 sys=0.00, real=0.07 secs] 
4427.443: [GC (GCLocker Initiated GC) [PSYoungGen: 455520K->140704K(520704K)] 1336024K->1127537K(1918976K), 0.0531021 secs] [Times: user=0.31 sys=0.00, real=0.05 secs] 
4428.864: [GC (Allocation Failure) [PSYoungGen: 487328K->107456K(521728K)] 1474163K->1225467K(1920000K), 0.0664952 secs] [Times: user=0.39 sys=0.00, real=0.07 secs] 
4429.792: [GC (Allocation Failure) [PSYoungGen: 454080K->143008K(521216K)] 1572091K->1365656K(1919488K), 0.0524371 secs] [Times: user=0.31 sys=0.00, real=0.05 secs] 
4431.531: [GC (Allocation Failure) [PSYoungGen: 490656K->107872K(523264K)] 1713304K->1464140K(1921536K), 0.1441170 secs] [Times: user=0.85 sys=0.00, real=0.14 secs] 
4431.676: [Full GC (Ergonomics) [PSYoungGen: 107872K->0K(523264K)] [ParOldGen: 1356268K->30625K(1398272K)] 1464140K->30625K(1921536K), [Metaspace: 60458K->60458K(1105920K)], 0.0809213 secs] [Times: user=0.28 sys=0.00, real=0.08 secs] 
4433.081: [GC (Allocation Failure) [PSYoungGen: 347648K->140736K(521728K)] 378273K->171361K(1920000K), 0.0287595 secs] [Times: user=0.16 sys=0.00, real=0.03 secs] 
4434.412: [GC (GCLocker Initiated GC) [PSYoungGen: 488896K->109248K(523264K)] 519524K->271216K(1921536K), 0.0624627 secs] [Times: user=0.37 sys=0.01, real=0.06 secs] 
4435.237: [GC (Allocation Failure) [PSYoungGen: 457408K->145312K(520704K)] 619379K->413788K(1918976K), 0.0531287 secs] [Times: user=0.31 sys=0.00, real=0.05 secs] 
4436.967: [GC (Allocation Failure) [PSYoungGen: 492960K->106048K(523264K)] 761436K->510576K(1921536K), 0.1519203 secs] [Times: user=0.90 sys=0.00, real=0.15 secs] 
4438.577: [GC (Allocation Failure) [PSYoungGen: 453696K->143040K(520704K)] 858224K->650592K(1918976K), 0.0519979 secs] [Times: user=0.30 sys=0.00, real=0.06 secs] 
4440.079: [GC (Allocation Failure) [PSYoungGen: 489664K->106720K(522752K)] 997216K->747993K(1921024K), 0.1120913 secs] [Times: user=0.66 sys=0.00, real=0.11 secs] 
4441.318: [GC (Allocation Failure) [PSYoungGen: 453344K->141184K(521216K)] 1094617K->886688K(1919488K), 0.0518636 secs] [Times: user=0.31 sys=0.00, real=0.05 secs] 
4443.014: [GC (Allocation Failure) [PSYoungGen: 487808K->106528K(453632K)] 1233312K->984464K(1851904K), 0.0770464 secs] [Times: user=0.45 sys=0.00, real=0.08 secs] 
4443.750: [GC (Allocation Failure) [PSYoungGen: 453152K->141792K(520704K)] 1331088K->1123933K(1918976K), 0.0528831 secs] [Times: user=0.31 sys=0.00, real=0.05 secs] 
4445.413: [GC (Allocation Failure) [PSYoungGen: 488416K->108576K(522240K)] 1470557K->1222925K(1920512K), 0.1049221 secs] [Times: user=0.62 sys=0.00, real=0.11 secs] 
4447.361: [GC (Allocation Failure) [PSYoungGen: 455200K->138976K(522240K)] 1569549K->1359466K(1920512K), 0.0534680 secs] [Times: user=0.32 sys=0.00, real=0.05 secs] 
4448.706: [GC (Allocation Failure) [PSYoungGen: 487648K->110240K(522752K)] 1708138K->1460314K(1921024K), 0.0701341 secs] [Times: user=0.41 sys=0.00, real=0.07 secs] 
4448.776: [Full GC (Ergonomics) [PSYoungGen: 110240K->0K(522752K)] [ParOldGen: 1350074K->26843K(1398272K)] 1460314K->26843K(1921024K), [Metaspace: 60458K->60458K(1105920K)], 0.0469249 secs] [Times: user=0.16 sys=0.00, real=0.05 secs] 
4449.428: [GC (GCLocker Initiated GC) [PSYoungGen: 348672K->140864K(521728K)] 375515K->167708K(1920000K), 0.0281025 secs] [Times: user=0.15 sys=0.01, real=0.02 secs] 
4450.858: [GC (Allocation Failure) [PSYoungGen: 490560K->107360K(523264K)] 517406K->265726K(1921536K), 0.0819115 secs] [Times: user=0.49 sys=0.00, real=0.08 secs] 
4452.282: [GC (Allocation Failure) [PSYoungGen: 457056K->141888K(523776K)] 615422K->405506K(1922048K), 0.0522946 secs] [Times: user=0.31 sys=0.00, real=0.05 secs] 
4453.998: [GC (Allocation Failure) [PSYoungGen: 493632K->109184K(525312K)] 757250K->505575K(1923584K), 0.0943140 secs] [Times: user=0.56 sys=0.01, real=0.09 secs] 
4455.494: [GC (Allocation Failure) [PSYoungGen: 460928K->142592K(522752K)] 857319K->646075K(1921024K), 0.0533827 secs] [Times: user=0.32 sys=0.00, real=0.06 secs] 
4456.982: [GC (Allocation Failure) [PSYoungGen: 493312K->110592K(461824K)] 996795K->747419K(1860096K), 0.0895068 secs] [Times: user=0.53 sys=0.00, real=0.09 secs] 
4457.736: [GC (Allocation Failure) [PSYoungGen: 461312K->143744K(521728K)] 1098139K->888200K(1920000K), 0.0532930 secs] [Times: user=0.31 sys=0.00, real=0.06 secs] 
4459.419: [GC (Allocation Failure) [PSYoungGen: 493952K->109056K(524288K)] 1238408K->988296K(1922560K), 0.1054627 secs] [Times: user=0.63 sys=0.00, real=0.10 secs] 
4461.057: [GC (Allocation Failure) [PSYoungGen: 459264K->144064K(522240K)] 1338504K->1129221K(1920512K), 0.0538419 secs] [Times: user=0.31 sys=0.00, real=0.06 secs] 
4462.814: [GC (GCLocker Initiated GC) [PSYoungGen: 493760K->108128K(524288K)] 1478917K->1227997K(1922560K), 0.0935792 secs] [Times: user=0.55 sys=0.00, real=0.10 secs] 
4464.040: [GC (Allocation Failure) [PSYoungGen: 457824K->140160K(523776K)] 1577698K->1365355K(1922048K), 0.0543207 secs] [Times: user=0.32 sys=0.00, real=0.05 secs] 
4465.564: [GC (Allocation Failure) [PSYoungGen: 490880K->109152K(460288K)] 1716075K->1465659K(1858560K), 0.0827511 secs] [Times: user=0.48 sys=0.01, real=0.09 secs] 
4465.647: [Full GC (Ergonomics) [PSYoungGen: 109152K->0K(460288K)] [ParOldGen: 1356507K->33004K(1398272K)] 1465659K->33004K(1858560K), [Metaspace: 60458K->60458K(1105920K)], 0.0600086 secs] [Times: user=0.22 sys=0.00, real=0.06 secs] 
4466.564: [GC (Allocation Failure) [PSYoungGen: 350720K->144576K(520704K)] 383724K->177580K(1918976K), 0.0289299 secs] [Times: user=0.16 sys=0.01, real=0.03 secs] 
4468.302: [GC (Allocation Failure) [PSYoungGen: 493248K->107968K(523776K)] 526252K->276244K(1922048K), 0.0829538 secs] [Times: user=0.49 sys=0.00, real=0.08 secs] 
4469.690: [GC (Allocation Failure) [PSYoungGen: 456640K->143104K(521728K)] 624916K->416529K(1920000K), 0.0521528 secs] [Times: user=0.31 sys=0.00, real=0.05 secs] 
4471.159: [GC (Allocation Failure) [PSYoungGen: 491776K->109824K(523776K)] 765201K->517129K(1922048K), 0.0890215 secs] [Times: user=0.53 sys=0.00, real=0.09 secs] 
4472.090: [GC (GCLocker Initiated GC) [PSYoungGen: 458496K->140800K(522752K)] 865801K->655750K(1921024K), 0.0531476 secs] [Times: user=0.31 sys=0.00, real=0.05 secs] 
4473.662: [GC (Allocation Failure) [PSYoungGen: 490496K->111552K(523776K)] 1005449K->758265K(1922048K), 0.0887420 secs] [Times: user=0.52 sys=0.00, real=0.09 secs] 
4474.399: [GC (Allocation Failure) [PSYoungGen: 461248K->145248K(520704K)] 1107961K->900494K(1918976K), 0.0541880 secs] [Times: user=0.31 sys=0.01, real=0.05 secs] 
4476.634: [GC (GCLocker Initiated GC) [PSYoungGen: 493920K->105536K(523776K)] 1249166K->996758K(1922048K), 0.1632678 secs] [Times: user=0.96 sys=0.01, real=0.16 secs] 
4478.357: [GC (Allocation Failure) [PSYoungGen: 454208K->151008K(515072K)] 1345469K->1145669K(1913344K), 0.0527279 secs] [Times: user=0.31 sys=0.00, real=0.05 secs] 
4479.825: [GC (Allocation Failure) [PSYoungGen: 492512K->104800K(520192K)] 1487173K->1233501K(1918464K), 0.0984548 secs] [Times: user=0.59 sys=0.01, real=0.10 secs] 
4480.715: [GC (Allocation Failure) [PSYoungGen: 446304K->141856K(519680K)] 1575005K->1372742K(1917952K), 0.0529958 secs] [Times: user=0.31 sys=0.00, real=0.06 secs] 
4480.768: [Full GC (Ergonomics) [PSYoungGen: 141856K->0K(519680K)] [ParOldGen: 1230886K->175148K(1398272K)] 1372742K->175148K(1917952K), [Metaspace: 60458K->60458K(1105920K)], 0.4111420 secs] [Times: user=1.89 sys=0.00, real=0.41 secs] 
4482.999: [GC (Allocation Failure) [PSYoungGen: 342528K->101472K(520704K)] 517676K->276620K(1918976K), 0.0361631 secs] [Times: user=0.21 sys=0.00, real=0.03 secs] 
4484.307: [GC (Allocation Failure) [PSYoungGen: 444000K->139264K(520192K)] 619148K->413080K(1918464K), 0.0509234 secs] [Times: user=0.30 sys=0.01, real=0.05 secs] 
4485.834: [GC (Allocation Failure) [PSYoungGen: 482304K->107840K(451072K)] 756120K->511512K(1849344K), 0.0953366 secs] [Times: user=0.56 sys=0.00, real=0.10 secs] 
4487.522: [GC (Allocation Failure) [PSYoungGen: 450880K->137408K(519680K)] 854552K->646205K(1917952K), 0.0527003 secs] [Times: user=0.30 sys=0.00, real=0.05 secs] 
4488.857: [GC (Allocation Failure) [PSYoungGen: 481472K->109280K(519680K)] 990269K->746053K(1917952K), 0.0663336 secs] [Times: user=0.39 sys=0.00, real=0.07 secs] 
4489.574: [GC (Allocation Failure) [PSYoungGen: 453344K->138400K(520192K)] 1090117K->882546K(1918464K), 0.0531842 secs] [Times: user=0.31 sys=0.00, real=0.06 secs] 
4490.922: [GC (GCLocker Initiated GC) [PSYoungGen: 485536K->110208K(520704K)] 1229682K->983306K(1918976K), 0.0681329 secs] [Times: user=0.40 sys=0.00, real=0.07 secs] 
4492.106: [GC (Allocation Failure) [PSYoungGen: 457344K->139680K(522752K)] 1330445K->1120706K(1921024K), 0.0541369 secs] [Times: user=0.31 sys=0.00, real=0.06 secs] 
4493.583: [GC (Allocation Failure) [PSYoungGen: 490912K->110272K(523776K)] 1471938K->1221434K(1922048K), 0.0769195 secs] [Times: user=0.46 sys=0.00, real=0.08 secs] 
4495.282: [GC (Allocation Failure) [PSYoungGen: 461504K->140640K(523776K)] 1572666K->1359959K(1922048K), 0.0541352 secs] [Times: user=0.32 sys=0.00, real=0.05 secs] 
4496.610: [GC (Allocation Failure) [PSYoungGen: 493920K->111520K(525312K)] 1713239K->1462031K(1923584K), 0.0798344 secs] [Times: user=0.47 sys=0.00, real=0.08 secs] 
4496.690: [Full GC (Ergonomics) [PSYoungGen: 111520K->0K(525312K)] [ParOldGen: 1350511K->23858K(1398272K)] 1462031K->23858K(1923584K), [Metaspace: 60465K->60465K(1105920K)], 0.0357504 secs] [Times: user=0.10 sys=0.01, real=0.03 secs] 
4497.373: [GC (Allocation Failure) [PSYoungGen: 353280K->144608K(522752K)] 377138K->168466K(1921024K), 0.0288611 secs] [Times: user=0.17 sys=0.00, real=0.03 secs] 
4499.066: [GC (GCLocker Initiated GC) [PSYoungGen: 497376K->108928K(525824K)] 521234K->268791K(1924096K), 0.1173672 secs] [Times: user=0.70 sys=0.01, real=0.12 secs] 
4500.888: [GC (Allocation Failure) [PSYoungGen: 461696K->141408K(524800K)] 621561K->407734K(1923072K), 0.0525328 secs] [Times: user=0.31 sys=0.00, real=0.05 secs] 
4502.436: [GC (Allocation Failure) [PSYoungGen: 495200K->109248K(526336K)] 761526K->507478K(1924608K), 0.0964160 secs] [Times: user=0.56 sys=0.01, real=0.10 secs] 
4503.589: [GC (Allocation Failure) [PSYoungGen: 463040K->143936K(522752K)] 861270K->648691K(1921024K), 0.0532827 secs] [Times: user=0.32 sys=0.00, real=0.05 secs] 
4504.886: [GC (GCLocker Initiated GC) [PSYoungGen: 495680K->110208K(525312K)] 1000435K->749531K(1923584K), 0.0644419 secs] [Times: user=0.38 sys=0.00, real=0.07 secs] 
4505.659: [GC (Allocation Failure) [PSYoungGen: 461952K->145088K(521216K)] 1101346K->891751K(1919488K), 0.0532495 secs] [Times: user=0.32 sys=0.00, real=0.05 secs] 
4507.184: [GC (Allocation Failure) [PSYoungGen: 494784K->106400K(524288K)] 1241447K->989035K(1922560K), 0.0824272 secs] [Times: user=0.49 sys=0.00, real=0.08 secs] 
4508.448: [GC (Allocation Failure) [PSYoungGen: 456096K->144544K(520704K)] 1338731K->1130280K(1918976K), 0.0520637 secs] [Times: user=0.30 sys=0.01, real=0.05 secs] 
4510.061: [GC (Allocation Failure) [PSYoungGen: 492192K->107520K(523264K)] 1477928K->1228416K(1921536K), 0.1042578 secs] [Times: user=0.62 sys=0.01, real=0.10 secs] 
4511.008: [GC (Allocation Failure) [PSYoungGen: 455168K->144800K(519680K)] 1576064K->1370921K(1917952K), 0.0532317 secs] [Times: user=0.31 sys=0.00, real=0.05 secs] 
4512.304: [GC (Allocation Failure) [PSYoungGen: 490400K->106016K(522240K)] 1716521K->1468273K(1920512K), 0.0640078 secs] [Times: user=0.38 sys=0.00, real=0.07 secs] 
4512.369: [Full GC (Ergonomics) [PSYoungGen: 106016K->0K(522240K)] [ParOldGen: 1362256K->35749K(1398272K)] 1468273K->35749K(1920512K), [Metaspace: 60465K->60465K(1105920K)], 0.0658017 secs] [Times: user=0.24 sys=0.01, real=0.06 secs] 
4513.023: [GC (Allocation Failure) [PSYoungGen: 345600K->142848K(520704K)] 381349K->178597K(1918976K), 0.0289989 secs] [Times: user=0.17 sys=0.01, real=0.03 secs] 
4514.837: [GC (Allocation Failure) [PSYoungGen: 488448K->107744K(522240K)] 524197K->277173K(1920512K), 0.1446175 secs] [Times: user=0.85 sys=0.01, real=0.14 secs] 
4516.645: [GC (Allocation Failure) [PSYoungGen: 453344K->140672K(521216K)] 622773K->414689K(1919488K), 0.0518750 secs] [Times: user=0.31 sys=0.00, real=0.06 secs] 
4518.227: [GC (GCLocker Initiated GC) [PSYoungGen: 486784K->106272K(522240K)] 760802K->511482K(1920512K), 0.0933978 secs] [Times: user=0.56 sys=0.01, real=0.09 secs] 
4519.142: [GC (Allocation Failure) [PSYoungGen: 452384K->139744K(521728K)] 857665K->648345K(1920000K), 0.0518024 secs] [Times: user=0.30 sys=0.00, real=0.05 secs] 
4520.449: [GC (Allocation Failure) [PSYoungGen: 486880K->111008K(458240K)] 995481K->749669K(1856512K), 0.0793115 secs] [Times: user=0.47 sys=0.00, real=0.08 secs] 
4521.636: [GC (Allocation Failure) [PSYoungGen: 458144K->142688K(519680K)] 1096805K->889522K(1917952K), 0.0535942 secs] [Times: user=0.32 sys=0.00, real=0.06 secs] 
4523.076: [GC (Allocation Failure) [PSYoungGen: 489824K->107776K(521728K)] 1236658K->988306K(1920000K), 0.0863729 secs] [Times: user=0.51 sys=0.01, real=0.09 secs] 
4524.834: [GC (Allocation Failure) [PSYoungGen: 454912K->142496K(521728K)] 1335442K->1127487K(1920000K), 0.0524864 secs] [Times: user=0.31 sys=0.00, real=0.05 secs] 
4526.386: [GC (Allocation Failure) [PSYoungGen: 491168K->107488K(523776K)] 1476159K->1225495K(1922048K), 0.1036088 secs] [Times: user=0.62 sys=0.00, real=0.11 secs] 
4527.728: [GC (Allocation Failure) [PSYoungGen: 456160K->142144K(521728K)] 1574167K->1364404K(1920000K), 0.0535398 secs] [Times: user=0.32 sys=0.00, real=0.05 secs] 
4529.022: [GC (GCLocker Initiated GC) [PSYoungGen: 490816K->110368K(459264K)] 1713082K->1464954K(1857536K), 0.0826275 secs] [Times: user=0.49 sys=0.00, real=0.08 secs] 
4529.105: [Full GC (Ergonomics) [PSYoungGen: 110368K->0K(459264K)] [ParOldGen: 1354586K->31694K(1398272K)] 1464954K->31694K(1857536K), [Metaspace: 60465K->60465K(1105920K)], 0.0545595 secs] [Times: user=0.19 sys=0.00, real=0.06 secs] 
4529.839: [GC (Allocation Failure) [PSYoungGen: 348672K->151872K(515072K)] 380436K->183636K(1913344K), 0.0291592 secs] [Times: user=0.16 sys=0.00, real=0.03 secs] 
4531.531: [GC (Allocation Failure) [PSYoungGen: 494400K->105664K(520704K)] 526164K->271744K(1918976K), 0.1486155 secs] [Times: user=0.88 sys=0.00, real=0.15 secs] 
4534.009: [GC (Allocation Failure) [PSYoungGen: 448192K->138848K(519168K)] 614272K->407549K(1917440K), 0.0515027 secs] [Times: user=0.31 sys=0.00, real=0.05 secs] 
4535.417: [GC (Allocation Failure) [PSYoungGen: 482912K->106688K(520704K)] 751613K->504757K(1918976K), 0.0712772 secs] [Times: user=0.43 sys=0.01, real=0.07 secs] 
4536.202: [GC (Allocation Failure) [PSYoungGen: 450752K->139136K(521728K)] 848821K->642102K(1920000K), 0.0528699 secs] [Times: user=0.31 sys=0.00, real=0.05 secs] 
4538.095: [GC (Allocation Failure) [PSYoungGen: 485760K->108384K(455168K)] 988726K->741494K(1853440K), 0.0643431 secs] [Times: user=0.38 sys=0.00, real=0.07 secs] 
4539.117: [GC (Allocation Failure) [PSYoungGen: 455008K->139648K(521216K)] 1088118K->879443K(1919488K), 0.0532474 secs] [Times: user=0.32 sys=0.00, real=0.06 secs] 
4540.842: [GC (Allocation Failure) [PSYoungGen: 487296K->110432K(521728K)] 1227091K->980395K(1920000K), 0.1199353 secs] [Times: user=0.70 sys=0.01, real=0.12 secs] 
4542.500: [GC (Allocation Failure) [PSYoungGen: 458080K->139360K(522240K)] 1328043K->1117520K(1920512K), 0.0533333 secs] [Times: user=0.31 sys=0.00, real=0.05 secs] 
4543.813: [GC (GCLocker Initiated GC) [PSYoungGen: 489568K->108672K(523264K)] 1467730K->1216858K(1921536K), 0.0730106 secs] [Times: user=0.43 sys=0.00, real=0.07 secs] 
4544.544: [GC (Allocation Failure) [PSYoungGen: 458880K->142464K(522752K)] 1567136K->1358281K(1921024K), 0.0544473 secs] [Times: user=0.32 sys=0.00, real=0.06 secs] 
4546.020: [GC (Allocation Failure) [PSYoungGen: 494208K->110112K(524800K)] 1710025K->1459673K(1923072K), 0.0730663 secs] [Times: user=0.43 sys=0.01, real=0.07 secs] 
4546.093: [Full GC (Ergonomics) [PSYoungGen: 110112K->0K(524800K)] [ParOldGen: 1349561K->25960K(1398272K)] 1459673K->25960K(1923072K), [Metaspace: 60482K->60482K(1105920K)], 0.0405486 secs] [Times: user=0.12 sys=0.00, real=0.04 secs] 
4547.044: [GC (Allocation Failure) [PSYoungGen: 351744K->143488K(522752K)] 377704K->169448K(1921024K), 0.0286224 secs] [Times: user=0.16 sys=0.00, real=0.03 secs] 
4548.728: [GC (Allocation Failure) [PSYoungGen: 495232K->109632K(525312K)] 521192K->269744K(1923584K), 0.1083812 secs] [Times: user=0.64 sys=0.00, real=0.10 secs] 
4550.476: [GC (Allocation Failure) [PSYoungGen: 461376K->141600K(523264K)] 621488K->408524K(1921536K), 0.0529860 secs] [Times: user=0.31 sys=0.00, real=0.06 secs] 
4551.787: [GC (GCLocker Initiated GC) [PSYoungGen: 493344K->110656K(525312K)] 760268K->509805K(1923584K), 0.0650861 secs] [Times: user=0.39 sys=0.00, real=0.06 secs] 
4552.425: [GC (GCLocker Initiated GC) [PSYoungGen: 462400K->144640K(522240K)] 861552K->651749K(1920512K), 0.0543086 secs] [Times: user=0.32 sys=0.00, real=0.06 secs] 
4554.048: [GC (GCLocker Initiated GC) [PSYoungGen: 495360K->107904K(524800K)] 1002475K->750395K(1923072K), 0.1105101 secs] [Times: user=0.65 sys=0.00, real=0.11 secs] 
4555.367: [GC (Allocation Failure) [PSYoungGen: 458624K->144896K(521216K)] 1101186K->892111K(1919488K), 0.0535256 secs] [Times: user=0.32 sys=0.00, real=0.05 secs] 
4557.343: [GC (GCLocker Initiated GC) [PSYoungGen: 493568K->107488K(523776K)] 1240783K->990327K(1922048K), 0.1122734 secs] [Times: user=0.67 sys=0.00, real=0.11 secs] 
4558.768: [GC (GCLocker Initiated GC) [PSYoungGen: 456160K->143296K(521216K)] 1339003K->1130272K(1919488K), 0.0531820 secs] [Times: user=0.32 sys=0.00, real=0.05 secs] 
4560.098: [GC (GCLocker Initiated GC) [PSYoungGen: 490944K->105728K(523264K)] 1477922K->1226922K(1921536K), 0.0651172 secs] [Times: user=0.39 sys=0.00, real=0.06 secs] 
4560.968: [GC (Allocation Failure) [PSYoungGen: 453376K->152448K(514048K)] 1574609K->1376614K(1912320K), 0.0543715 secs] [Times: user=0.32 sys=0.00, real=0.05 secs] 
4562.892: [GC (Allocation Failure) [PSYoungGen: 491904K->102464K(519168K)] 1716070K->1461486K(1917440K), 0.1700123 secs] [Times: user=1.01 sys=0.00, real=0.17 secs] 
4563.063: [Full GC (Ergonomics) [PSYoungGen: 102464K->0K(519168K)] [ParOldGen: 1359022K->30178K(1398272K)] 1461486K->30178K(1917440K), [Metaspace: 60484K->60484K(1105920K)], 0.0785149 secs] [Times: user=0.27 sys=0.00, real=0.08 secs] 
4564.386: [GC (Allocation Failure) [PSYoungGen: 339456K->138720K(518144K)] 369634K->168898K(1916416K), 0.0273599 secs] [Times: user=0.16 sys=0.00, real=0.03 secs] 
4565.775: [GC (Allocation Failure) [PSYoungGen: 479200K->107648K(519168K)] 509378K->267054K(1917440K), 0.0702364 secs] [Times: user=0.42 sys=0.01, real=0.07 secs] 
4567.356: [GC (Allocation Failure) [PSYoungGen: 448128K->137376K(519680K)] 607534K->402099K(1917952K), 0.0520842 secs] [Times: user=0.31 sys=0.00, real=0.06 secs] 
4568.649: [GC (GCLocker Initiated GC) [PSYoungGen: 480416K->108224K(519168K)] 745142K->501230K(1917440K), 0.0731501 secs] [Times: user=0.43 sys=0.00, real=0.07 secs] 
4569.639: [GC (Allocation Failure) [PSYoungGen: 451264K->137120K(520192K)] 844277K->636506K(1918464K), 0.0523409 secs] [Times: user=0.31 sys=0.00, real=0.05 secs] 
4570.998: [GC (Allocation Failure) [PSYoungGen: 483232K->110976K(520192K)] 982618K->738186K(1918464K), 0.0711376 secs] [Times: user=0.42 sys=0.00, real=0.07 secs] 
4572.353: [GC (Allocation Failure) [PSYoungGen: 457088K->137056K(522240K)] 1084298K->873359K(1920512K), 0.0532827 secs] [Times: user=0.31 sys=0.00, real=0.05 secs] 
4573.671: [GC (Allocation Failure) [PSYoungGen: 487776K->113408K(522240K)] 1224079K->977287K(1920512K), 0.0671022 secs] [Times: user=0.40 sys=0.00, real=0.07 secs] 
4574.973: [GC (Allocation Failure) [PSYoungGen: 464128K->139616K(523264K)] 1328007K->1115300K(1921536K), 0.0549822 secs] [Times: user=0.33 sys=0.00, real=0.06 secs] 
4576.406: [GC (Allocation Failure) [PSYoungGen: 493920K->113728K(524800K)] 1469604K->1219612K(1923072K), 0.0707510 secs] [Times: user=0.42 sys=0.00, real=0.07 secs] 
4577.592: [GC (Allocation Failure) [PSYoungGen: 468032K->141760K(525312K)] 1573916K->1359160K(1923584K), 0.0549818 secs] [Times: user=0.32 sys=0.00, real=0.06 secs] 
4579.182: [GC (Allocation Failure) [PSYoungGen: 499136K->111616K(527360K)] 1716536K->1461168K(1925632K), 0.0953817 secs] [Times: user=0.56 sys=0.00, real=0.10 secs] 
4579.277: [Full GC (Ergonomics) [PSYoungGen: 111616K->0K(527360K)] [ParOldGen: 1349552K->27892K(1398272K)] 1461168K->27892K(1925632K), [Metaspace: 60484K->60484K(1105920K)], 0.0482073 secs] [Times: user=0.16 sys=0.00, real=0.04 secs] 
4580.911: [GC (Allocation Failure) [PSYoungGen: 357376K->144768K(524800K)] 385268K->172660K(1923072K), 0.0288729 secs] [Times: user=0.16 sys=0.00, real=0.03 secs] 
4582.383: [GC (Allocation Failure) [PSYoungGen: 501632K->112896K(527872K)] 529524K->275812K(1926144K), 0.0758606 secs] [Times: user=0.45 sys=0.00, real=0.08 secs] 
4583.299: [GC (Allocation Failure) [PSYoungGen: 469760K->147168K(521728K)] 632676K->420081K(1920000K), 0.0538206 secs] [Times: user=0.32 sys=0.00, real=0.05 secs] 
4584.657: [GC (Allocation Failure) [PSYoungGen: 499936K->108640K(525824K)] 772849K->519789K(1924096K), 0.0649592 secs] [Times: user=0.38 sys=0.01, real=0.06 secs] 
4585.288: [GC (GCLocker Initiated GC) [PSYoungGen: 461408K->144192K(522240K)] 872557K->661106K(1920512K), 0.0529499 secs] [Times: user=0.31 sys=0.00, real=0.05 secs] 
4587.033: [GC (Allocation Failure) [PSYoungGen: 494912K->108416K(524800K)] 1011827K->760163K(1923072K), 0.1163804 secs] [Times: user=0.69 sys=0.01, real=0.12 secs] 
4588.492: [GC (Allocation Failure) [PSYoungGen: 459136K->145056K(521216K)] 1110883K->903056K(1919488K), 0.0508925 secs] [Times: user=0.29 sys=0.00, real=0.05 secs] 
4590.067: [GC (Allocation Failure) [PSYoungGen: 493728K->108352K(523776K)] 1251728K->1001728K(1922048K), 0.0924555 secs] [Times: user=0.55 sys=0.00, real=0.09 secs] 
4591.011: [GC (GCLocker Initiated GC) [PSYoungGen: 457024K->142880K(522240K)] 1350400K->1140953K(1920512K), 0.0522318 secs] [Times: user=0.31 sys=0.00, real=0.05 secs] 
4592.333: [GC (GCLocker Initiated GC) [PSYoungGen: 491552K->107904K(523776K)] 1489627K->1240131K(1922048K), 0.0708696 secs] [Times: user=0.42 sys=0.00, real=0.07 secs] 
4593.015: [GC (Allocation Failure) [PSYoungGen: 456576K->146720K(519168K)] 1588874K->1382590K(1917440K), 0.0529446 secs] [Times: user=0.31 sys=0.00, real=0.06 secs] 
4593.068: [Full GC (Ergonomics) [PSYoungGen: 146720K->0K(519168K)] [ParOldGen: 1235870K->184902K(1398272K)] 1382590K->184902K(1917440K), [Metaspace: 60484K->60484K(1105920K)], 0.4389970 secs] [Times: user=2.05 sys=0.00, real=0.44 secs] 
4595.776: [GC (Allocation Failure) [PSYoungGen: 345600K->104288K(522240K)] 530502K->289190K(1920512K), 0.0961181 secs] [Times: user=0.56 sys=0.00, real=0.10 secs] 
4596.849: [GC (Allocation Failure) [PSYoungGen: 449888K->144032K(519168K)] 634790K->429751K(1917440K), 0.0511662 secs] [Times: user=0.30 sys=0.00, real=0.05 secs] 
4598.444: [GC (Allocation Failure) [PSYoungGen: 487584K->103584K(521216K)] 773303K->524167K(1919488K), 0.0673247 secs] [Times: user=0.40 sys=0.00, real=0.07 secs] 
4599.076: [GC (Allocation Failure) [PSYoungGen: 447136K->142048K(519168K)] 867719K->663368K(1917440K), 0.0505873 secs] [Times: user=0.30 sys=0.00, real=0.05 secs] 
4600.473: [GC (Allocation Failure) [PSYoungGen: 484576K->104864K(520704K)] 1005896K->759532K(1918976K), 0.0637189 secs] [Times: user=0.38 sys=0.00, real=0.06 secs] 
4601.263: [GC (Allocation Failure) [PSYoungGen: 447392K->142912K(519168K)] 1102060K->899700K(1917440K), 0.0521229 secs] [Times: user=0.31 sys=0.00, real=0.05 secs] 
4603.266: [GC (Allocation Failure) [PSYoungGen: 485440K->102560K(520704K)] 1242228K->993420K(1918976K), 0.1679838 secs] [Times: user=1.00 sys=0.01, real=0.17 secs] 
4604.915: [GC (Allocation Failure) [PSYoungGen: 445088K->140640K(519680K)] 1335948K->1131049K(1917952K), 0.0513058 secs] [Times: user=0.30 sys=0.00, real=0.05 secs] 
4606.248: [GC (Allocation Failure) [PSYoungGen: 483168K->106080K(449024K)] 1473577K->1227789K(1847296K), 0.0686993 secs] [Times: user=0.41 sys=0.00, real=0.06 secs] 
4607.419: [GC (Allocation Failure) [PSYoungGen: 448608K->138944K(519168K)] 1570317K->1364570K(1917440K), 0.0528335 secs] [Times: user=0.31 sys=0.00, real=0.05 secs] 
4608.780: [GC (Allocation Failure) [PSYoungGen: 481984K->106816K(519680K)] 1707610K->1462274K(1917952K), 0.0767513 secs] [Times: user=0.45 sys=0.00, real=0.08 secs] 
4608.857: [Full GC (Ergonomics) [PSYoungGen: 106816K->0K(519680K)] [ParOldGen: 1355458K->23247K(1398272K)] 1462274K->23247K(1917952K), [Metaspace: 60484K->60484K(1105920K)], 0.0321508 secs] [Times: user=0.09 sys=0.00, real=0.03 secs] 
4610.556: [GC (Allocation Failure) [PSYoungGen: 343040K->137376K(520704K)] 366287K->160623K(1918976K), 0.0271116 secs] [Times: user=0.15 sys=0.01, real=0.03 secs] 
4612.084: [GC (GCLocker Initiated GC) [PSYoungGen: 483488K->111808K(520704K)] 506735K->262967K(1918976K), 0.0866010 secs] [Times: user=0.52 sys=0.00, real=0.09 secs] 
4613.820: [GC (Allocation Failure) [PSYoungGen: 457920K->144576K(518656K)] 609082K->405771K(1916928K), 0.0532417 secs] [Times: user=0.32 sys=0.00, real=0.05 secs] 
4615.297: [GC (Allocation Failure) [PSYoungGen: 491200K->111328K(521728K)] 752395K->499579K(1920000K), 0.0638804 secs] [Times: user=0.38 sys=0.00, real=0.06 secs] 
4616.294: [GC (GCLocker Initiated GC) [PSYoungGen: 457952K->135168K(521216K)] 846203K->632984K(1919488K), 0.0524896 secs] [Times: user=0.31 sys=0.00, real=0.05 secs] 
4617.694: [GC (Allocation Failure) [PSYoungGen: 486400K->113632K(522752K)] 984254K->737038K(1921024K), 0.0774026 secs] [Times: user=0.46 sys=0.00, real=0.08 secs] 
4619.939: [GC (Allocation Failure) [PSYoungGen: 464864K->138976K(525312K)] 1088270K->874179K(1923584K), 0.0544236 secs] [Times: user=0.32 sys=0.01, real=0.05 secs] 
4621.307: [GC (GCLocker Initiated GC) [PSYoungGen: 495328K->113504K(526336K)] 1230534K->978054K(1924608K), 0.0646563 secs] [Times: user=0.38 sys=0.00, real=0.07 secs] 
4622.161: [GC (Allocation Failure) [PSYoungGen: 469856K->143232K(525312K)] 1334477K->1119961K(1923584K), 0.0545296 secs] [Times: user=0.32 sys=0.00, real=0.05 secs] 
4625.029: [GC (Allocation Failure) [PSYoungGen: 500608K->110624K(527872K)] 1477337K->1221485K(1926144K), 0.0989533 secs] [Times: user=0.58 sys=0.01, real=0.10 secs] 
4626.990: [GC (Allocation Failure) [PSYoungGen: 468000K->143488K(525312K)] 1578861K->1362473K(1923584K), 0.0540037 secs] [Times: user=0.32 sys=0.00, real=0.05 secs] 
4628.465: [GC (Allocation Failure) [PSYoungGen: 500352K->113024K(527872K)] 1719337K->1466142K(1926144K), 0.0669003 secs] [Times: user=0.39 sys=0.00, real=0.07 secs] 
4628.532: [Full GC (Ergonomics) [PSYoungGen: 113024K->0K(527872K)] [ParOldGen: 1353117K->33310K(1398272K)] 1466142K->33310K(1926144K), [Metaspace: 60484K->60484K(1105920K)], 0.0585668 secs] [Times: user=0.21 sys=0.00, real=0.06 secs] 
4629.990: [GC (Allocation Failure) [PSYoungGen: 356864K->144640K(523776K)] 390174K->177950K(1922048K), 0.0289572 secs] [Times: user=0.17 sys=0.00, real=0.03 secs] 
4631.291: [GC (Allocation Failure) [PSYoungGen: 499456K->111840K(526848K)] 532766K->280918K(1925120K), 0.0640433 secs] [Times: user=0.38 sys=0.00, real=0.06 secs] 
4632.041: [GC (Allocation Failure) [PSYoungGen: 466656K->147136K(521728K)] 635734K->424959K(1920000K), 0.0533545 secs] [Times: user=0.32 sys=0.00, real=0.05 secs] 
4633.941: [GC (Allocation Failure) [PSYoungGen: 498880K->106208K(525312K)] 776703K->521843K(1923584K), 0.0829295 secs] [Times: user=0.49 sys=0.00, real=0.08 secs] 
4635.281: [GC (GCLocker Initiated GC) [PSYoungGen: 457952K->145504K(520192K)] 873588K->663157K(1918464K), 0.0528501 secs] [Times: user=0.31 sys=0.01, real=0.05 secs] 
4636.964: [GC (Allocation Failure) [PSYoungGen: 493152K->105664K(523264K)] 1010807K->759871K(1921536K), 0.0999052 secs] [Times: user=0.59 sys=0.01, real=0.10 secs] 
4637.737: [GC (Allocation Failure) [PSYoungGen: 453312K->144896K(520192K)] 1107519K->900604K(1918464K), 0.0530632 secs] [Times: user=0.31 sys=0.00, real=0.05 secs] 
4639.070: [GC (Allocation Failure) [PSYoungGen: 490496K->105056K(522240K)] 1246204K->996644K(1920512K), 0.0800932 secs] [Times: user=0.48 sys=0.00, real=0.08 secs] 
4639.771: [GC (Allocation Failure) [PSYoungGen: 450656K->144576K(519168K)] 1342244K->1138724K(1917440K), 0.0531658 secs] [Times: user=0.31 sys=0.00, real=0.05 secs] 
4642.149: [GC (Allocation Failure) [PSYoungGen: 488128K->103360K(521216K)] 1482276K->1233340K(1919488K), 0.1556919 secs] [Times: user=0.93 sys=0.00, real=0.15 secs] 
4644.170: [GC (Allocation Failure) [PSYoungGen: 446912K->142048K(519168K)] 1576892K->1371945K(1917440K), 0.0538839 secs] [Times: user=0.31 sys=0.00, real=0.05 secs] 
4644.224: [Full GC (Ergonomics) [PSYoungGen: 142048K->0K(519168K)] [ParOldGen: 1229897K->175815K(1398272K)] 1371945K->175815K(1917440K), [Metaspace: 60484K->60484K(1105920K)], 0.4148462 secs] [Times: user=1.93 sys=0.00, real=0.42 secs] 
4646.146: [GC (Allocation Failure) [PSYoungGen: 342528K->103040K(520704K)] 518343K->278855K(1918976K), 0.0816038 secs] [Times: user=0.47 sys=0.00, real=0.09 secs] 
4647.093: [GC (Allocation Failure) [PSYoungGen: 445568K->140960K(519680K)] 621383K->417036K(1917952K), 0.0520997 secs] [Times: user=0.31 sys=0.00, real=0.05 secs] 
4648.838: [GC (Allocation Failure) [PSYoungGen: 484000K->104992K(520704K)] 760076K->512944K(1918976K), 0.1554060 secs] [Times: user=0.92 sys=0.01, real=0.15 secs] 
4650.177: [GC (Allocation Failure) [PSYoungGen: 448032K->139872K(519680K)] 855984K->650276K(1917952K), 0.0521454 secs] [Times: user=0.31 sys=0.00, real=0.05 secs] 
4652.034: [GC (Allocation Failure) [PSYoungGen: 483424K->107680K(451584K)] 993828K->748657K(1849856K), 0.1502649 secs] [Times: user=0.89 sys=0.00, real=0.15 secs] 
4654.398: [GC (Allocation Failure) [PSYoungGen: 451232K->136288K(520192K)] 1092209K->882729K(1918464K), 0.0524250 secs] [Times: user=0.31 sys=0.00, real=0.05 secs] 
4655.731: [GC (Allocation Failure) [PSYoungGen: 481888K->109376K(520192K)] 1228329K->982729K(1918464K), 0.0665468 secs] [Times: user=0.40 sys=0.00, real=0.07 secs] 
4656.616: [GC (Allocation Failure) [PSYoungGen: 454976K->139840K(520192K)] 1328329K->1120822K(1918464K), 0.0533262 secs] [Times: user=0.31 sys=0.00, real=0.06 secs] 
4658.184: [GC (Allocation Failure) [PSYoungGen: 488000K->109856K(521728K)] 1468982K->1221398K(1920000K), 0.1045740 secs] [Times: user=0.63 sys=0.00, real=0.11 secs] 
4660.060: [GC (Allocation Failure) [PSYoungGen: 458016K->138688K(523264K)] 1569558K->1358003K(1921536K), 0.0539796 secs] [Times: user=0.31 sys=0.00, real=0.05 secs] 
4661.575: [GC (Allocation Failure) [PSYoungGen: 490944K->112608K(524288K)] 1710259K->1461071K(1922560K), 0.0675061 secs] [Times: user=0.41 sys=0.00, real=0.07 secs] 
4661.643: [Full GC (Ergonomics) [PSYoungGen: 112608K->0K(524288K)] [ParOldGen: 1348463K->22368K(1398272K)] 1461071K->22368K(1922560K), [Metaspace: 60484K->60484K(1105920K)], 0.0310167 secs] [Times: user=0.08 sys=0.00, real=0.03 secs] 
4662.902: [GC (Allocation Failure) [PSYoungGen: 352256K->141024K(523264K)] 374624K->163392K(1921536K), 0.0280985 secs] [Times: user=0.16 sys=0.00, real=0.03 secs] 
4664.158: [GC (Allocation Failure) [PSYoungGen: 494816K->110272K(525312K)] 517184K->264609K(1923584K), 0.0635101 secs] [Times: user=0.38 sys=0.00, real=0.06 secs] 
4665.843: [GC (Allocation Failure) [PSYoungGen: 464064K->142720K(525312K)] 618401K->405109K(1923584K), 0.0530755 secs] [Times: user=0.32 sys=0.00, real=0.05 secs] 
4667.412: [GC (Allocation Failure) [PSYoungGen: 498560K->112256K(527360K)] 760949K->508381K(1925632K), 0.1013116 secs] [Times: user=0.60 sys=0.01, real=0.10 secs] 
4669.650: [GC (Allocation Failure) [PSYoungGen: 468096K->141664K(525312K)] 864221K->647490K(1923584K), 0.0536975 secs] [Times: user=0.31 sys=0.00, real=0.05 secs] 
4671.054: [GC (GCLocker Initiated GC) [PSYoungGen: 497504K->109888K(527360K)] 1003330K->747522K(1925632K), 0.0671410 secs] [Times: user=0.40 sys=0.00, real=0.07 secs] 
4671.823: [GC (Allocation Failure) [PSYoungGen: 465728K->143968K(523264K)] 1103364K->889526K(1921536K), 0.0535686 secs] [Times: user=0.31 sys=0.00, real=0.06 secs] 
4673.347: [GC (GCLocker Initiated GC) [PSYoungGen: 497760K->109600K(526336K)] 1243319K->990391K(1924608K), 0.0681316 secs] [Times: user=0.41 sys=0.00, real=0.07 secs] 
4674.552: [GC (Allocation Failure) [PSYoungGen: 463392K->143744K(523264K)] 1344186K->1131094K(1921536K), 0.0532590 secs] [Times: user=0.32 sys=0.00, real=0.05 secs] 
4676.477: [GC (Allocation Failure) [PSYoungGen: 496512K->109856K(525824K)] 1483862K->1231466K(1924096K), 0.1562503 secs] [Times: user=0.85 sys=0.01, real=0.15 secs] 
4677.850: [GC (Allocation Failure) [PSYoungGen: 462624K->144448K(522240K)] 1584234K->1372779K(1920512K), 0.0537299 secs] [Times: user=0.32 sys=0.00, real=0.05 secs] 
4679.177: [GC (Allocation Failure) [PSYoungGen: 495168K->109952K(524800K)] 1723499K->1473727K(1923072K), 0.0642498 secs] [Times: user=0.38 sys=0.00, real=0.06 secs] 
4679.242: [Full GC (Ergonomics) [PSYoungGen: 109952K->0K(524800K)] [ParOldGen: 1363775K->39574K(1398272K)] 1473727K->39574K(1923072K), [Metaspace: 60488K->60488K(1105920K)], 0.0740267 secs] [Times: user=0.27 sys=0.00, real=0.07 secs] 
4679.975: [GC (Allocation Failure) [PSYoungGen: 350720K->144864K(521728K)] 390294K->184438K(1920000K), 0.0285132 secs] [Times: user=0.16 sys=0.00, real=0.03 secs] 
4681.549: [GC (Allocation Failure) [PSYoungGen: 494560K->109536K(524288K)] 534134K->284922K(1922560K), 0.0872997 secs] [Times: user=0.52 sys=0.00, real=0.08 secs] 
4682.527: [GC (Allocation Failure) [PSYoungGen: 459232K->144864K(520704K)] 634618K->425575K(1918976K), 0.0525409 secs] [Times: user=0.31 sys=0.00, real=0.06 secs] 
4684.314: [GC (Allocation Failure) [PSYoungGen: 492512K->106592K(523264K)] 773223K->522571K(1921536K), 0.1623806 secs] [Times: user=0.96 sys=0.00, real=0.16 secs] 
4685.953: [GC (Allocation Failure) [PSYoungGen: 454240K->144672K(519680K)] 870219K->662708K(1917952K), 0.0518513 secs] [Times: user=0.31 sys=0.00, real=0.05 secs] 
4687.434: [GC (Allocation Failure) [PSYoungGen: 490272K->106816K(522240K)] 1008308K->759952K(1920512K), 0.0923825 secs] [Times: user=0.55 sys=0.00, real=0.09 secs] 
4688.098: [GC (Allocation Failure) [PSYoungGen: 452416K->145856K(518656K)] 1105552K->902549K(1916928K), 0.0524818 secs] [Times: user=0.31 sys=0.00, real=0.05 secs] 
4690.179: [GC (Allocation Failure) [PSYoungGen: 489408K->103264K(521216K)] 1246101K->997277K(1919488K), 0.1497191 secs] [Times: user=0.88 sys=0.01, real=0.15 secs] 
4691.732: [GC (Allocation Failure) [PSYoungGen: 446816K->141600K(520192K)] 1340829K->1135794K(1918464K), 0.0511219 secs] [Times: user=0.30 sys=0.00, real=0.05 secs] 
4693.663: [GC (Allocation Failure) [PSYoungGen: 485152K->103840K(521216K)] 1479346K->1230298K(1919488K), 0.1350248 secs] [Times: user=0.80 sys=0.01, real=0.14 secs] 
4694.860: [GC (GCLocker Initiated GC) [PSYoungGen: 447392K->140544K(520192K)] 1573850K->1367803K(1918464K), 0.0518724 secs] [Times: user=0.30 sys=0.00, real=0.05 secs] 
4696.204: [GC (Allocation Failure) [PSYoungGen: 484096K->105888K(449536K)] 1711357K->1464425K(1847808K), 0.0743533 secs] [Times: user=0.44 sys=0.00, real=0.08 secs] 
4696.278: [Full GC (Ergonomics) [PSYoungGen: 105888K->0K(449536K)] [ParOldGen: 1358537K->30852K(1398272K)] 1464425K->30852K(1847808K), [Metaspace: 60488K->60488K(1105920K)], 0.0537395 secs] [Times: user=0.18 sys=0.00, real=0.05 secs] 
4697.070: [GC (Allocation Failure) [PSYoungGen: 343552K->141024K(519168K)] 374404K->171876K(1917440K), 0.0285830 secs] [Times: user=0.17 sys=0.00, real=0.03 secs] 
4698.444: [GC (Allocation Failure) [PSYoungGen: 484576K->108448K(520192K)] 515428K->271180K(1918464K), 0.0699695 secs] [Times: user=0.41 sys=0.00, real=0.07 secs] 
4699.327: [GC (Allocation Failure) [PSYoungGen: 452000K->139104K(520704K)] 614732K->407857K(1918976K), 0.0522903 secs] [Times: user=0.31 sys=0.00, real=0.05 secs] 
4701.238: [GC (Allocation Failure) [PSYoungGen: 485216K->109280K(521216K)] 753969K->507457K(1919488K), 0.1292593 secs] [Times: user=0.76 sys=0.00, real=0.13 secs] 
4702.854: [GC (Allocation Failure) [PSYoungGen: 455392K->148896K(516608K)] 853569K->653866K(1914880K), 0.0533465 secs] [Times: user=0.31 sys=0.00, real=0.06 secs] 
4704.186: [GC (Allocation Failure) [PSYoungGen: 492448K->106816K(521216K)] 997418K->742990K(1919488K), 0.0675129 secs] [Times: user=0.40 sys=0.00, real=0.07 secs] 
4705.250: [GC (Allocation Failure) [PSYoungGen: 450368K->138848K(520192K)] 1086542K->879787K(1918464K), 0.0524019 secs] [Times: user=0.31 sys=0.00, real=0.05 secs] 
4706.548: [GC (Allocation Failure) [PSYoungGen: 484448K->110080K(521728K)] 1225387K->980867K(1920000K), 0.0653616 secs] [Times: user=0.39 sys=0.00, real=0.06 secs] 
4708.245: [GC (Allocation Failure) [PSYoungGen: 455680K->138912K(521216K)] 1326467K->1117612K(1919488K), 0.0533358 secs] [Times: user=0.31 sys=0.01, real=0.06 secs] 
4709.695: [GC (Allocation Failure) [PSYoungGen: 486560K->110880K(521728K)] 1465260K->1218904K(1920000K), 0.0819284 secs] [Times: user=0.49 sys=0.01, real=0.09 secs] 
4711.067: [GC (Allocation Failure) [PSYoungGen: 458528K->139296K(522752K)] 1566552K->1355957K(1921024K), 0.0542271 secs] [Times: user=0.32 sys=0.00, real=0.06 secs] 
4712.364: [GC (GCLocker Initiated GC) [PSYoungGen: 490016K->111328K(523264K)] 1706677K->1457821K(1921536K), 0.0647646 secs] [Times: user=0.38 sys=0.00, real=0.07 secs] 
4712.429: [Full GC (Ergonomics) [PSYoungGen: 111328K->0K(523264K)] [ParOldGen: 1346493K->24133K(1398272K)] 1457821K->24133K(1921536K), [Metaspace: 60488K->60488K(1105920K)], 0.0368724 secs] [Times: user=0.10 sys=0.00, real=0.03 secs] 
4713.688: [GC (Allocation Failure) [PSYoungGen: 350720K->141856K(522752K)] 374924K->166060K(1921024K), 0.0285344 secs] [Times: user=0.17 sys=0.00, real=0.02 secs] 
4715.391: [GC (Allocation Failure) [PSYoungGen: 494112K->109280K(524800K)] 518316K->266284K(1923072K), 0.1414462 secs] [Times: user=0.83 sys=0.01, real=0.14 secs] 
4717.289: [GC (GCLocker Initiated GC) [PSYoungGen: 461536K->143264K(523264K)] 618540K->407349K(1921536K), 0.0532679 secs] [Times: user=0.31 sys=0.00, real=0.05 secs] 
4719.266: [GC (GCLocker Initiated GC) [PSYoungGen: 496032K->108576K(525824K)] 760121K->506705K(1924096K), 0.0870081 secs] [Times: user=0.52 sys=0.00, real=0.09 secs] 
4720.654: [GC (Allocation Failure) [PSYoungGen: 461344K->142496K(523264K)] 859543K->647336K(1921536K), 0.0524111 secs] [Times: user=0.31 sys=0.00, real=0.06 secs] 
4722.099: [GC (Allocation Failure) [PSYoungGen: 494240K->109600K(525312K)] 999080K->748192K(1923584K), 0.0709739 secs] [Times: user=0.42 sys=0.00, real=0.07 secs] 
4722.993: [GC (Allocation Failure) [PSYoungGen: 461344K->143840K(522240K)] 1099936K->889797K(1920512K), 0.0540435 secs] [Times: user=0.32 sys=0.00, real=0.05 secs] 
4725.073: [GC (GCLocker Initiated GC) [PSYoungGen: 494560K->108576K(524800K)] 1240518K->989086K(1923072K), 0.1518534 secs] [Times: user=0.90 sys=0.01, real=0.15 secs] 
4726.799: [GC (Allocation Failure) [PSYoungGen: 459296K->144160K(522240K)] 1339843K->1130328K(1920512K), 0.0533101 secs] [Times: user=0.32 sys=0.00, real=0.05 secs] 
4728.310: [GC (Allocation Failure) [PSYoungGen: 493856K->108064K(524288K)] 1480024K->1228968K(1922560K), 0.1025898 secs] [Times: user=0.61 sys=0.00, real=0.10 secs] 
4729.205: [GC (Allocation Failure) [PSYoungGen: 457760K->142432K(522752K)] 1578664K->1368653K(1921024K), 0.0538124 secs] [Times: user=0.31 sys=0.01, real=0.06 secs] 
4730.641: [GC (Allocation Failure) [PSYoungGen: 492128K->109376K(524288K)] 1718349K->1468621K(1922560K), 0.0952982 secs] [Times: user=0.56 sys=0.00, real=0.09 secs] 
4730.736: [Full GC (Ergonomics) [PSYoungGen: 109376K->0K(524288K)] [ParOldGen: 1359245K->34037K(1398272K)] 1468621K->34037K(1922560K), [Metaspace: 60488K->60488K(1105920K)], 0.0640028 secs] [Times: user=0.24 sys=0.00, real=0.07 secs] 
4732.176: [GC (Allocation Failure) [PSYoungGen: 349696K->144640K(520704K)] 383733K->178677K(1918976K), 0.0290095 secs] [Times: user=0.16 sys=0.00, real=0.03 secs] 
4734.025: [GC (Allocation Failure) [PSYoungGen: 492288K->107392K(523264K)] 526325K->276757K(1921536K), 0.0979446 secs] [Times: user=0.58 sys=0.00, real=0.10 secs] 
4735.453: [GC (Allocation Failure) [PSYoungGen: 455040K->142912K(521728K)] 624405K->416506K(1920000K), 0.0520632 secs] [Times: user=0.31 sys=0.00, real=0.05 secs] 
4736.870: [GC (Allocation Failure) [PSYoungGen: 490560K->106528K(523264K)] 764154K->513610K(1921536K), 0.0675510 secs] [Times: user=0.40 sys=0.00, real=0.07 secs] 
4737.710: [GC (Allocation Failure) [PSYoungGen: 454176K->143040K(520704K)] 861258K->654591K(1918976K), 0.0520506 secs] [Times: user=0.31 sys=0.00, real=0.05 secs] 
4739.434: [GC (GCLocker Initiated GC) [PSYoungGen: 489664K->106592K(522752K)] 1001218K->752179K(1921024K), 0.0967767 secs] [Times: user=0.57 sys=0.01, real=0.10 secs] 
4741.263: [GC (Allocation Failure) [PSYoungGen: 453216K->149888K(515072K)] 1098841K->898870K(1913344K), 0.0530273 secs] [Times: user=0.31 sys=0.00, real=0.05 secs] 
4743.076: [GC (Allocation Failure) [PSYoungGen: 490368K->107456K(519680K)] 1239350K->988358K(1917952K), 0.1068222 secs] [Times: user=0.63 sys=0.01, real=0.11 secs] 
4744.139: [GC (Allocation Failure) [PSYoungGen: 447936K->140640K(518656K)] 1328838K->1126031K(1916928K), 0.0526280 secs] [Times: user=0.31 sys=0.00, real=0.05 secs] 
4745.444: [GC (Allocation Failure) [PSYoungGen: 483168K->104320K(520192K)] 1468559K->1221075K(1918464K), 0.0656463 secs] [Times: user=0.39 sys=0.00, real=0.07 secs] 
4746.246: [GC (Allocation Failure) [PSYoungGen: 446848K->138976K(520704K)] 1563603K->1358592K(1918976K), 0.0535378 secs] [Times: user=0.32 sys=0.00, real=0.06 secs] 
4747.598: [GC (GCLocker Initiated GC) [PSYoungGen: 483552K->108896K(453632K)] 1703168K->1458264K(1851904K), 0.0672411 secs] [Times: user=0.40 sys=0.00, real=0.06 secs] 
4747.666: [Full GC (Ergonomics) [PSYoungGen: 108896K->0K(453632K)] [ParOldGen: 1349368K->22107K(1398272K)] 1458264K->22107K(1851904K), [Metaspace: 60490K->60490K(1105920K)], 0.0457575 secs] [Times: user=0.17 sys=0.00, real=0.05 secs] 
4749.957: [GC (Allocation Failure) [PSYoungGen: 344576K->144320K(518144K)] 366686K->166430K(1916416K), 0.0272193 secs] [Times: user=0.15 sys=0.00, real=0.02 secs] 
4751.310: [GC (Allocation Failure) [PSYoungGen: 487872K->111776K(520704K)] 509982K->260414K(1918976K), 0.0666059 secs] [Times: user=0.39 sys=0.00, real=0.06 secs] 
4752.521: [GC (Allocation Failure) [PSYoungGen: 455328K->134272K(518656K)] 603966K->392723K(1916928K), 0.0528136 secs] [Times: user=0.31 sys=0.00, real=0.05 secs] 
4753.831: [GC (Allocation Failure) [PSYoungGen: 481408K->114304K(520192K)] 739859K->497379K(1918464K), 0.0631745 secs] [Times: user=0.37 sys=0.00, real=0.06 secs] 
4754.612: [GC (Allocation Failure) [PSYoungGen: 461440K->137216K(523776K)] 844515K->633383K(1922048K), 0.0533874 secs] [Times: user=0.32 sys=0.00, real=0.05 secs] 
4756.425: [GC (Allocation Failure) [PSYoungGen: 491008K->115072K(524288K)] 987175K->739039K(1922560K), 0.1035973 secs] [Times: user=0.62 sys=0.01, real=0.11 secs] 
4759.428: [GC (Allocation Failure) [PSYoungGen: 468864K->136864K(526336K)] 1092831K->873876K(1924608K), 0.0544364 secs] [Times: user=0.32 sys=0.00, real=0.05 secs] 
4760.787: [GC (Allocation Failure) [PSYoungGen: 495264K->115712K(526336K)] 1232276K->979600K(1924608K), 0.0648788 secs] [Times: user=0.39 sys=0.00, real=0.06 secs] 
4761.635: [GC (Allocation Failure) [PSYoungGen: 474112K->147104K(524288K)] 1338000K->1125080K(1922560K), 0.0552181 secs] [Times: user=0.32 sys=0.00, real=0.06 secs] 
4763.225: [GC (Allocation Failure) [PSYoungGen: 506016K->109248K(528384K)] 1483992K->1225784K(1926656K), 0.0884732 secs] [Times: user=0.53 sys=0.00, real=0.09 secs] 
4764.831: [GC (Allocation Failure) [PSYoungGen: 468160K->155584K(516096K)] 1584696K->1377981K(1914368K), 0.0549050 secs] [Times: user=0.33 sys=0.00, real=0.05 secs] 
4767.045: [GC (GCLocker Initiated GC) [PSYoungGen: 503232K->107488K(523264K)] 1725629K->1467869K(1921536K), 0.1478410 secs] [Times: user=0.87 sys=0.00, real=0.15 secs] 
4767.193: [Full GC (Ergonomics) [PSYoungGen: 107488K->0K(523264K)] [ParOldGen: 1360381K->34996K(1398272K)] 1467869K->34996K(1921536K), [Metaspace: 60490K->60490K(1105920K)], 0.0969632 secs] [Times: user=0.38 sys=0.00, real=0.10 secs] 
4768.355: [GC (Allocation Failure) [PSYoungGen: 347648K->143168K(521728K)] 382715K->178235K(1920000K), 0.0284179 secs] [Times: user=0.17 sys=0.00, real=0.03 secs] 
4769.898: [GC (Allocation Failure) [PSYoungGen: 490816K->105248K(523264K)] 525883K->274611K(1921536K), 0.0638526 secs] [Times: user=0.38 sys=0.01, real=0.06 secs] 
4770.578: [GC (Allocation Failure) [PSYoungGen: 452896K->143328K(520704K)] 622259K->416140K(1918976K), 0.0524100 secs] [Times: user=0.31 sys=0.00, real=0.05 secs] 
4773.158: [GC (Allocation Failure) [PSYoungGen: 488928K->106176K(522240K)] 761740K->513492K(1920512K), 0.0786691 secs] [Times: user=0.47 sys=0.00, real=0.08 secs] 
4775.071: [GC (Allocation Failure) [PSYoungGen: 451776K->140416K(521728K)] 859092K->650873K(1920000K), 0.0515221 secs] [Times: user=0.30 sys=0.01, real=0.05 secs] 
4776.750: [GC (GCLocker Initiated GC) [PSYoungGen: 487040K->108000K(522240K)] 997497K->749433K(1920512K), 0.1408025 secs] [Times: user=0.84 sys=0.00, real=0.14 secs] 
4778.212: [GC (Allocation Failure) [PSYoungGen: 454624K->141472K(520704K)] 1096060K->887809K(1918976K), 0.0528039 secs] [Times: user=0.32 sys=0.00, real=0.05 secs] 
4779.634: [GC (Allocation Failure) [PSYoungGen: 488096K->108224K(522240K)] 1234433K->986909K(1920512K), 0.0729299 secs] [Times: user=0.43 sys=0.00, real=0.08 secs] 
4780.914: [GC (Allocation Failure) [PSYoungGen: 454848K->139328K(522240K)] 1333533K->1123969K(1920512K), 0.0529737 secs] [Times: user=0.31 sys=0.00, real=0.06 secs] 
4782.462: [GC (Allocation Failure) [PSYoungGen: 488000K->109376K(522752K)] 1472641K->1223913K(1921024K), 0.0756945 secs] [Times: user=0.44 sys=0.01, real=0.08 secs] 
4784.087: [GC (Allocation Failure) [PSYoungGen: 458048K->141760K(521216K)] 1572585K->1363174K(1919488K), 0.0539231 secs] [Times: user=0.32 sys=0.00, real=0.05 secs] 
4785.410: [GC (Allocation Failure) [PSYoungGen: 490944K->108480K(523264K)] 1712358K->1462174K(1921536K), 0.0666243 secs] [Times: user=0.39 sys=0.01, real=0.07 secs] 
4785.477: [Full GC (Ergonomics) [PSYoungGen: 108480K->0K(523264K)] [ParOldGen: 1353694K->27967K(1398272K)] 1462174K->27967K(1921536K), [Metaspace: 60490K->60490K(1105920K)], 0.0481536 secs] [Times: user=0.16 sys=0.00, real=0.04 secs] 
4786.496: [GC (Allocation Failure) [PSYoungGen: 349184K->140128K(523776K)] 377151K->168095K(1922048K), 0.0276980 secs] [Times: user=0.16 sys=0.00, real=0.03 secs] 
4787.771: [GC (Allocation Failure) [PSYoungGen: 491872K->112992K(524800K)] 519839K->271607K(1923072K), 0.0631462 secs] [Times: user=0.38 sys=0.00, real=0.06 secs] 
4788.503: [GC (Allocation Failure) [PSYoungGen: 464736K->145024K(522240K)] 623351K->413852K(1920512K), 0.0540895 secs] [Times: user=0.32 sys=0.01, real=0.06 secs] 
4790.190: [GC (Allocation Failure) [PSYoungGen: 496256K->107904K(524800K)] 765084K->512316K(1923072K), 0.0931205 secs] [Times: user=0.55 sys=0.00, real=0.09 secs] 
4792.059: [GC (Allocation Failure) [PSYoungGen: 459136K->153024K(514560K)] 863548K->662137K(1912832K), 0.0527351 secs] [Times: user=0.31 sys=0.00, real=0.05 secs] 
4793.429: [GC (GCLocker Initiated GC) [PSYoungGen: 495552K->104576K(520704K)] 1004665K->749073K(1918976K), 0.0790147 secs] [Times: user=0.47 sys=0.01, real=0.08 secs] 
4794.187: [GC (Allocation Failure) [PSYoungGen: 447104K->140800K(520192K)] 1091604K->887157K(1918464K), 0.0519622 secs] [Times: user=0.30 sys=0.00, real=0.05 secs] 
4796.081: [GC (Allocation Failure) [PSYoungGen: 484352K->105312K(449024K)] 1230709K->983597K(1847296K), 0.0666365 secs] [Times: user=0.40 sys=0.01, real=0.07 secs] 
4796.856: [GC (Allocation Failure) [PSYoungGen: 448864K->138048K(520704K)] 1327149K->1119489K(1918976K), 0.0524833 secs] [Times: user=0.31 sys=0.00, real=0.06 secs] 
4798.346: [GC (Allocation Failure) [PSYoungGen: 482624K->109056K(520704K)] 1464065K->1219033K(1918976K), 0.0973413 secs] [Times: user=0.58 sys=0.00, real=0.10 secs] 
4800.620: [GC (Allocation Failure) [PSYoungGen: 453632K->139104K(520192K)] 1563609K->1355422K(1918464K), 0.0535045 secs] [Times: user=0.32 sys=0.00, real=0.05 secs] 
4801.926: [GC (Allocation Failure) [PSYoungGen: 485216K->110976K(520704K)] 1701534K->1456938K(1918976K), 0.0654591 secs] [Times: user=0.39 sys=0.00, real=0.07 secs] 
4801.991: [Full GC (Ergonomics) [PSYoungGen: 110976K->0K(520704K)] [ParOldGen: 1345962K->24188K(1398272K)] 1456938K->24188K(1918976K), [Metaspace: 60490K->60490K(1105920K)], 0.0385412 secs] [Times: user=0.11 sys=0.00, real=0.04 secs] 
4803.142: [GC (Allocation Failure) [PSYoungGen: 346112K->137920K(521728K)] 370300K->162108K(1920000K), 0.0275591 secs] [Times: user=0.16 sys=0.00, real=0.03 secs] 
4804.643: [GC (Allocation Failure) [PSYoungGen: 487616K->111456K(522240K)] 511804K->264484K(1920512K), 0.0652041 secs] [Times: user=0.39 sys=0.00, real=0.07 secs] 
4806.074: [GC (Allocation Failure) [PSYoungGen: 461152K->139264K(523264K)] 614180K->402565K(1921536K), 0.0534879 secs] [Times: user=0.32 sys=0.00, real=0.06 secs] 
4808.156: [GC (Allocation Failure) [PSYoungGen: 492544K->112704K(524288K)] 755845K->505993K(1922560K), 0.1127506 secs] [Times: user=0.67 sys=0.00, real=0.12 secs] 
4810.430: [GC (Allocation Failure) [PSYoungGen: 465984K->141312K(525312K)] 859273K->645210K(1923584K), 0.0538049 secs] [Times: user=0.31 sys=0.00, real=0.05 secs] 
4812.288: [GC (Allocation Failure) [PSYoungGen: 497664K->112320K(526848K)] 1001562K->748382K(1925120K), 0.0647863 secs] [Times: user=0.38 sys=0.00, real=0.06 secs] 
4813.560: [GC (Allocation Failure) [PSYoungGen: 468672K->142912K(525312K)] 1104734K->889183K(1923584K), 0.0541042 secs] [Times: user=0.32 sys=0.00, real=0.05 secs] 
4815.605: [GC (Allocation Failure) [PSYoungGen: 499776K->112096K(527872K)] 1246047K->992027K(1926144K), 0.1277599 secs] [Times: user=0.75 sys=0.00, real=0.13 secs] 
4817.279: [GC (Allocation Failure) [PSYoungGen: 468960K->145824K(523776K)] 1348891K->1135116K(1922048K), 0.0545285 secs] [Times: user=0.32 sys=0.00, real=0.05 secs] 
4818.926: [GC (Allocation Failure) [PSYoungGen: 500640K->109856K(526848K)] 1489932K->1235924K(1925120K), 0.1382163 secs] [Times: user=0.82 sys=0.01, real=0.14 secs] 
4820.141: [GC (Allocation Failure) [PSYoungGen: 464672K->146688K(521216K)] 1590740K->1379149K(1919488K), 0.0551344 secs] [Times: user=0.32 sys=0.00, real=0.05 secs] 
4821.545: [GC (Allocation Failure) [PSYoungGen: 497408K->109312K(524800K)] 1729869K->1479109K(1923072K), 0.1064775 secs] [Times: user=0.63 sys=0.01, real=0.11 secs] 
4821.651: [Full GC (Ergonomics) [PSYoungGen: 109312K->0K(524800K)] [ParOldGen: 1369796K->45045K(1398272K)] 1479109K->45045K(1923072K), [Metaspace: 60490K->60490K(1105920K)], 0.0987345 secs] [Times: user=0.41 sys=0.00, real=0.10 secs] 
4822.339: [GC (Allocation Failure) [PSYoungGen: 350720K->147712K(519168K)] 395765K->192757K(1917440K), 0.0297405 secs] [Times: user=0.17 sys=0.00, real=0.03 secs] 
4824.822: [GC (Allocation Failure) [PSYoungGen: 494336K->103104K(522752K)] 539381K->286601K(1921024K), 0.1349404 secs] [Times: user=0.80 sys=0.01, real=0.13 secs] 
4826.236: [GC (Allocation Failure) [PSYoungGen: 449728K->145856K(518144K)] 633225K->428194K(1916416K), 0.0503361 secs] [Times: user=0.30 sys=0.01, real=0.05 secs] 
4827.792: [GC (Allocation Failure) [PSYoungGen: 488384K->103744K(520704K)] 770722K->522898K(1918976K), 0.0637594 secs] [Times: user=0.37 sys=0.00, real=0.06 secs] 
4828.758: [GC (Allocation Failure) [PSYoungGen: 446272K->142976K(518656K)] 865426K->661895K(1916928K), 0.0506009 secs] [Times: user=0.30 sys=0.00, real=0.05 secs] 
4830.494: [GC (GCLocker Initiated GC) [PSYoungGen: 484480K->101440K(520192K)] 1003399K->754407K(1918464K), 0.1442802 secs] [Times: user=0.85 sys=0.01, real=0.15 secs] 
4831.930: [GC (Allocation Failure) [PSYoungGen: 442944K->149280K(513024K)] 1095914K->900463K(1911296K), 0.0508011 secs] [Times: user=0.30 sys=0.00, real=0.05 secs] 
4833.494: [GC (Allocation Failure) [PSYoungGen: 484640K->103680K(517120K)] 1235823K->986563K(1915392K), 0.1142391 secs] [Times: user=0.68 sys=0.00, real=0.12 secs] 
4835.206: [GC (Allocation Failure) [PSYoungGen: 439040K->135776K(512512K)] 1321923K->1120008K(1910784K), 0.0513963 secs] [Times: user=0.30 sys=0.00, real=0.06 secs] 
4836.491: [GC (Allocation Failure) [PSYoungGen: 472672K->107392K(515584K)] 1456904K->1217896K(1913856K), 0.0631224 secs] [Times: user=0.38 sys=0.00, real=0.06 secs] 
4837.842: [GC (Allocation Failure) [PSYoungGen: 444288K->132832K(515072K)] 1554792K->1348823K(1913344K), 0.0526559 secs] [Times: user=0.31 sys=0.00, real=0.05 secs] 
4839.150: [GC (Allocation Failure) [PSYoungGen: 476384K->112928K(518144K)] 1692375K->1452335K(1916416K), 0.0634370 secs] [Times: user=0.37 sys=0.00, real=0.06 secs] 
4839.213: [Full GC (Ergonomics) [PSYoungGen: 112928K->0K(518144K)] [ParOldGen: 1339407K->18635K(1398272K)] 1452335K->18635K(1916416K), [Metaspace: 60490K->60490K(1105920K)], 0.0288814 secs] [Times: user=0.07 sys=0.00, real=0.03 secs] 
4841.361: [GC (Allocation Failure) [PSYoungGen: 343552K->133504K(522240K)] 362187K->152140K(1920512K), 0.0263761 secs] [Times: user=0.15 sys=0.00, real=0.03 secs] 
4842.665: [GC (Allocation Failure) [PSYoungGen: 486272K->116640K(523264K)] 504908K->259184K(1921536K), 0.0622195 secs] [Times: user=0.37 sys=0.00, real=0.07 secs] 
4844.608: [GC (Allocation Failure) [PSYoungGen: 469408K->135488K(526336K)] 611952K->392828K(1924608K), 0.0543934 secs] [Times: user=0.32 sys=0.00, real=0.05 secs] 
4845.924: [GC (Allocation Failure) [PSYoungGen: 494400K->117088K(526336K)] 751740K->500396K(1924608K), 0.0646636 secs] [Times: user=0.38 sys=0.00, real=0.07 secs] 
4846.719: [GC (Allocation Failure) [PSYoungGen: 476000K->146240K(524288K)] 859308K->644777K(1922560K), 0.0555245 secs] [Times: user=0.32 sys=0.00, real=0.05 secs] 
4848.413: [GC (Allocation Failure) [PSYoungGen: 506176K->111904K(528384K)] 1004713K->747689K(1926656K), 0.1259292 secs] [Times: user=0.75 sys=0.00, real=0.13 secs] 
4850.281: [GC (Allocation Failure) [PSYoungGen: 471840K->147008K(523776K)] 1107625K->891414K(1922048K), 0.0556437 secs] [Times: user=0.33 sys=0.00, real=0.05 secs] 
4852.101: [GC (GCLocker Initiated GC) [PSYoungGen: 503872K->109728K(527872K)] 1248279K->991851K(1926144K), 0.1310754 secs] [Times: user=0.77 sys=0.01, real=0.13 secs] 
4853.258: [GC (Allocation Failure) [PSYoungGen: 466592K->154880K(516096K)] 1348753K->1143470K(1914368K), 0.0551051 secs] [Times: user=0.33 sys=0.01, real=0.05 secs] 
4854.824: [GC (GCLocker Initiated GC) [PSYoungGen: 501504K->105792K(522752K)] 1490094K->1232330K(1921024K), 0.0835199 secs] [Times: user=0.50 sys=0.00, real=0.09 secs] 
4856.007: [GC (Allocation Failure) [PSYoungGen: 452416K->142400K(521728K)] 1579025K->1371934K(1920000K), 0.0545054 secs] [Times: user=0.32 sys=0.00, real=0.05 secs] 
4856.062: [Full GC (Ergonomics) [PSYoungGen: 142400K->0K(521728K)] [ParOldGen: 1229534K->176960K(1398272K)] 1371934K->176960K(1920000K), [Metaspace: 60490K->60490K(1105920K)], 0.4112631 secs] [Times: user=1.90 sys=0.00, real=0.41 secs] 
4858.825: [GC (Allocation Failure) [PSYoungGen: 346624K->105440K(522752K)] 523584K->282400K(1921024K), 0.0805417 secs] [Times: user=0.47 sys=0.00, real=0.08 secs] 
4860.408: [GC (Allocation Failure) [PSYoungGen: 452064K->143232K(520704K)] 629024K->421901K(1918976K), 0.0524624 secs] [Times: user=0.31 sys=0.00, real=0.05 secs] 
4861.700: [GC (Allocation Failure) [PSYoungGen: 488832K->106080K(522240K)] 767501K->519141K(1920512K), 0.0637238 secs] [Times: user=0.37 sys=0.00, real=0.06 secs] 
4862.709: [GC (Allocation Failure) [PSYoungGen: 451680K->142080K(521216K)] 864741K->658562K(1919488K), 0.0528162 secs] [Times: user=0.32 sys=0.00, real=0.05 secs] 
4864.124: [GC (Allocation Failure) [PSYoungGen: 487680K->108512K(454144K)] 1004162K->758086K(1852416K), 0.0811944 secs] [Times: user=0.48 sys=0.01, real=0.08 secs] 
4866.190: [GC (Allocation Failure) [PSYoungGen: 454112K->139552K(521728K)] 1103686K->894723K(1920000K), 0.0533613 secs] [Times: user=0.32 sys=0.00, real=0.05 secs] 
4867.711: [GC (Allocation Failure) [PSYoungGen: 486176K->110272K(521728K)] 1241347K->995163K(1920000K), 0.0863362 secs] [Times: user=0.51 sys=0.01, real=0.09 secs] 
4868.762: [GC (Allocation Failure) [PSYoungGen: 456896K->143616K(519680K)] 1341787K->1135880K(1917952K), 0.0538973 secs] [Times: user=0.32 sys=0.00, real=0.05 secs] 
4870.084: [GC (Allocation Failure) [PSYoungGen: 490240K->106720K(521728K)] 1482504K->1233152K(1920000K), 0.0639147 secs] [Times: user=0.37 sys=0.00, real=0.07 secs] 
4870.752: [GC (Allocation Failure) [PSYoungGen: 453344K->144704K(519680K)] 1579776K->1375972K(1917952K), 0.0543126 secs] [Times: user=0.32 sys=0.00, real=0.05 secs] 
4872.380: [GC (Allocation Failure) [PSYoungGen: 490304K->104896K(522240K)] 1721572K->1472292K(1920512K), 0.0974509 secs] [Times: user=0.57 sys=0.01, real=0.10 secs] 
4872.477: [Full GC (Ergonomics) [PSYoungGen: 104896K->0K(522240K)] [ParOldGen: 1367396K->32238K(1398272K)] 1472292K->32238K(1920512K), [Metaspace: 60490K->60490K(1105920K)], 0.0636537 secs] [Times: user=0.24 sys=0.00, real=0.06 secs] 
4873.960: [GC (Allocation Failure) [PSYoungGen: 345600K->143968K(519680K)] 377838K->176206K(1917952K), 0.0287381 secs] [Times: user=0.17 sys=0.00, real=0.03 secs] 
4875.633: [GC (GCLocker Initiated GC) [PSYoungGen: 488544K->105376K(521728K)] 520782K->272598K(1920000K), 0.1000950 secs] [Times: user=0.59 sys=0.00, real=0.10 secs] 
4877.551: [GC (Allocation Failure) [PSYoungGen: 449952K->140512K(521216K)] 617177K->409722K(1919488K), 0.0511981 secs] [Times: user=0.30 sys=0.00, real=0.05 secs] 
4878.868: [GC (Allocation Failure) [PSYoungGen: 486112K->108160K(454144K)] 755322K->508058K(1852416K), 0.0635310 secs] [Times: user=0.38 sys=0.00, real=0.06 secs] 
4879.592: [GC (Allocation Failure) [PSYoungGen: 453760K->142240K(519680K)] 853658K->648286K(1917952K), 0.0526269 secs] [Times: user=0.31 sys=0.00, real=0.05 secs] 
4880.958: [GC (Allocation Failure) [PSYoungGen: 487328K->106816K(521216K)] 993374K->746102K(1919488K), 0.0673079 secs] [Times: user=0.40 sys=0.00, real=0.06 secs] 
4882.403: [GC (Allocation Failure) [PSYoungGen: 451904K->140672K(521728K)] 1091190K->884595K(1920000K), 0.0535986 secs] [Times: user=0.32 sys=0.00, real=0.06 secs] 
4883.971: [GC (Allocation Failure) [PSYoungGen: 487808K->108064K(455680K)] 1231731K->983087K(1853952K), 0.0852915 secs] [Times: user=0.51 sys=0.00, real=0.08 secs] 
4886.124: [GC (Allocation Failure) [PSYoungGen: 455200K->139168K(521216K)] 1330223K->1119660K(1919488K), 0.0536610 secs] [Times: user=0.31 sys=0.00, real=0.06 secs] 
4887.533: [GC (Allocation Failure) [PSYoungGen: 486816K->108896K(522240K)] 1467308K->1219156K(1920512K), 0.0649794 secs] [Times: user=0.39 sys=0.00, real=0.07 secs] 
4888.389: [GC (Allocation Failure) [PSYoungGen: 456544K->141024K(521728K)] 1566804K->1358792K(1920000K), 0.0539124 secs] [Times: user=0.31 sys=0.00, real=0.05 secs] 
4890.218: [GC (GCLocker Initiated GC) [PSYoungGen: 490208K->110688K(523264K)] 1707978K->1460026K(1921536K), 0.1234208 secs] [Times: user=0.71 sys=0.01, real=0.12 secs] 
4890.342: [Full GC (Ergonomics) [PSYoungGen: 110688K->0K(523264K)] [ParOldGen: 1349338K->25945K(1398272K)] 1460026K->25945K(1921536K), [Metaspace: 60490K->60490K(1105920K)], 0.0583657 secs] [Times: user=0.18 sys=0.00, real=0.06 secs] 
4892.202: [GC (Allocation Failure) [PSYoungGen: 349184K->140544K(522240K)] 375132K->166492K(1920512K), 0.0281983 secs] [Times: user=0.16 sys=0.00, real=0.03 secs] 
4893.636: [GC (Allocation Failure) [PSYoungGen: 491264K->112032K(523776K)] 517212K->269032K(1922048K), 0.0704266 secs] [Times: user=0.42 sys=0.00, real=0.07 secs] 
4894.521: [GC (GCLocker Initiated GC) [PSYoungGen: 462752K->140000K(523264K)] 619752K->406869K(1921536K), 0.0536795 secs] [Times: user=0.32 sys=0.00, real=0.05 secs] 
4895.811: [GC (GCLocker Initiated GC) [PSYoungGen: 492768K->112768K(524800K)] 759640K->510016K(1923072K), 0.0636383 secs] [Times: user=0.38 sys=0.00, real=0.06 secs] 
4896.874: [GC (Allocation Failure) [PSYoungGen: 465536K->144672K(522752K)] 862786K->652075K(1921024K), 0.0539749 secs] [Times: user=0.32 sys=0.00, real=0.06 secs] 
4898.604: [GC (Allocation Failure) [PSYoungGen: 497952K->108192K(525824K)] 1005355K->751179K(1924096K), 0.1003765 secs] [Times: user=0.59 sys=0.01, real=0.10 secs] 
4900.655: [GC (Allocation Failure) [PSYoungGen: 461472K->144160K(522752K)] 1104459K->892055K(1921024K), 0.0536716 secs] [Times: user=0.31 sys=0.00, real=0.06 secs] 
4902.254: [GC (Allocation Failure) [PSYoungGen: 495904K->106688K(525312K)] 1243799K->989411K(1923584K), 0.1544692 secs] [Times: user=0.92 sys=0.00, real=0.16 secs] 
4903.743: [GC (Allocation Failure) [PSYoungGen: 458432K->143840K(522240K)] 1341155K->1129888K(1920512K), 0.0530796 secs] [Times: user=0.31 sys=0.00, real=0.05 secs] 
4905.083: [GC (Allocation Failure) [PSYoungGen: 493536K->111744K(524288K)] 1479584K->1232008K(1922560K), 0.0690500 secs] [Times: user=0.40 sys=0.01, real=0.07 secs] 
4905.814: [GC (Allocation Failure) [PSYoungGen: 461440K->144576K(521216K)] 1581704K->1373789K(1919488K), 0.0550099 secs] [Times: user=0.32 sys=0.00, real=0.06 secs] 
4907.753: [GC (Allocation Failure) [PSYoungGen: 493248K->107776K(523776K)] 1722461K->1472249K(1922048K), 0.0797440 secs] [Times: user=0.47 sys=0.00, real=0.08 secs] 
4907.833: [Full GC (Ergonomics) [PSYoungGen: 107776K->0K(523776K)] [ParOldGen: 1364473K->39714K(1398272K)] 1472249K->39714K(1922048K), [Metaspace: 60490K->60490K(1105920K)], 0.0794896 secs] [Times: user=0.31 sys=0.00, real=0.08 secs] 
4909.569: [GC (Allocation Failure) [PSYoungGen: 348672K->142528K(522240K)] 388386K->182242K(1920512K), 0.0281134 secs] [Times: user=0.16 sys=0.00, real=0.03 secs] 
4911.069: [GC (GCLocker Initiated GC) [PSYoungGen: 491200K->108832K(523776K)] 530914K->281750K(1922048K), 0.1147191 secs] [Times: user=0.68 sys=0.00, real=0.11 secs] 
4912.238: [GC (Allocation Failure) [PSYoungGen: 457504K->143520K(521216K)] 630461K->422550K(1919488K), 0.0554400 secs] [Times: user=0.27 sys=0.00, real=0.05 secs] 
4913.601: [GC (GCLocker Initiated GC) [PSYoungGen: 491168K->105184K(523264K)] 770199K->518919K(1921536K), 0.0637367 secs] [Times: user=0.37 sys=0.00, real=0.06 secs] 
4914.441: [GC (Allocation Failure) [PSYoungGen: 452832K->144320K(519680K)] 866570K->660366K(1917952K), 0.0520469 secs] [Times: user=0.31 sys=0.00, real=0.05 secs] 
4917.113: [GC (Allocation Failure) [PSYoungGen: 489920K->105344K(522240K)] 1005966K->756283K(1920512K), 0.1634096 secs] [Times: user=0.96 sys=0.01, real=0.17 secs] 
4918.567: [GC (Allocation Failure) [PSYoungGen: 450944K->140800K(521728K)] 1101883K->893959K(1920000K), 0.0527285 secs] [Times: user=0.31 sys=0.00, real=0.05 secs] 
4919.947: [GC (Allocation Failure) [PSYoungGen: 487424K->108000K(454656K)] 1240583K->992871K(1852928K), 0.0684449 secs] [Times: user=0.41 sys=0.00, real=0.06 secs] 
4921.065: [GC (Allocation Failure) [PSYoungGen: 454624K->140928K(520192K)] 1339495K->1130924K(1918464K), 0.0540048 secs] [Times: user=0.32 sys=0.00, real=0.06 secs] 
4922.582: [GC (Allocation Failure) [PSYoungGen: 487040K->106848K(521728K)] 1477036K->1228476K(1920000K), 0.1005394 secs] [Times: user=0.59 sys=0.01, real=0.10 secs] 
4924.597: [GC (Allocation Failure) [PSYoungGen: 452960K->140736K(521216K)] 1574588K->1366233K(1919488K), 0.0532030 secs] [Times: user=0.32 sys=0.00, real=0.05 secs] 
4926.353: [GC (Allocation Failure) [PSYoungGen: 488384K->109280K(522752K)] 1713881K->1466169K(1921024K), 0.0949862 secs] [Times: user=0.56 sys=0.00, real=0.10 secs] 
4926.448: [Full GC (Ergonomics) [PSYoungGen: 109280K->0K(522752K)] [ParOldGen: 1356889K->31947K(1398272K)] 1466169K->31947K(1921024K), [Metaspace: 60559K->60559K(1105920K)], 0.0594703 secs] [Times: user=0.22 sys=0.00, real=0.06 secs] 
4927.371: [GC (Allocation Failure) [PSYoungGen: 347648K->142592K(521216K)] 379595K->174539K(1919488K), 0.0286493 secs] [Times: user=0.16 sys=0.00, real=0.03 secs] 
4928.743: [GC (Allocation Failure) [PSYoungGen: 490752K->108864K(523264K)] 522699K->273728K(1921536K), 0.0635106 secs] [Times: user=0.38 sys=0.00, real=0.07 secs] 
4929.555: [GC (Allocation Failure) [PSYoungGen: 457024K->145088K(520704K)] 621888K->416132K(1918976K), 0.0528932 secs] [Times: user=0.32 sys=0.00, real=0.06 secs] 
4930.986: [GC (Allocation Failure) [PSYoungGen: 492736K->107072K(523264K)] 763780K->514316K(1921536K), 0.0640779 secs] [Times: user=0.38 sys=0.00, real=0.07 secs] 
4932.550: [GC (Allocation Failure) [PSYoungGen: 454720K->143680K(520704K)] 861964K->655057K(1918976K), 0.0522329 secs] [Times: user=0.31 sys=0.00, real=0.05 secs] 
4934.704: [GC (Allocation Failure) [PSYoungGen: 490304K->105248K(522752K)] 1001681K->750961K(1921024K), 0.1667773 secs] [Times: user=0.99 sys=0.01, real=0.17 secs] 
4936.862: [GC (Allocation Failure) [PSYoungGen: 451872K->140736K(521728K)] 1097585K->888366K(1920000K), 0.0522343 secs] [Times: user=0.31 sys=0.00, real=0.05 secs] 
4938.163: [GC (GCLocker Initiated GC) [PSYoungGen: 487360K->107904K(454656K)] 1234992K->986840K(1852928K), 0.0634762 secs] [Times: user=0.38 sys=0.00, real=0.06 secs] 
4939.477: [GC (Allocation Failure) [PSYoungGen: 454528K->140896K(520704K)] 1333466K->1124975K(1918976K), 0.0528996 secs] [Times: user=0.31 sys=0.00, real=0.05 secs] 
4941.116: [GC (Allocation Failure) [PSYoungGen: 487520K->109312K(521728K)] 1471599K->1224775K(1920000K), 0.1509020 secs] [Times: user=0.89 sys=0.01, real=0.16 secs] 
4942.836: [GC (Allocation Failure) [PSYoungGen: 455936K->141472K(521216K)] 1571399K->1363572K(1919488K), 0.0548785 secs] [Times: user=0.32 sys=0.01, real=0.06 secs] 
4944.295: [GC (Allocation Failure) [PSYoungGen: 489632K->110176K(522752K)] 1711732K->1464636K(1921024K), 0.0670794 secs] [Times: user=0.40 sys=0.00, real=0.07 secs] 
4944.362: [Full GC (Ergonomics) [PSYoungGen: 110176K->0K(522752K)] [ParOldGen: 1354460K->31935K(1398272K)] 1464636K->31935K(1921024K), [Metaspace: 60574K->60574K(1105920K)], 0.0560581 secs] [Times: user=0.19 sys=0.00, real=0.06 secs] 
4945.523: [GC (GCLocker Initiated GC) [PSYoungGen: 348160K->140640K(522752K)] 380095K->172575K(1921024K), 0.0285281 secs] [Times: user=0.17 sys=0.00, real=0.03 secs] 
4946.815: [GC (GCLocker Initiated GC) [PSYoungGen: 490848K->108992K(523776K)] 522785K->272217K(1922048K), 0.0648090 secs] [Times: user=0.39 sys=0.01, real=0.07 secs] 
4947.553: [GC (Allocation Failure) [PSYoungGen: 459200K->145984K(520704K)] 622428K->415465K(1918976K), 0.0527004 secs] [Times: user=0.32 sys=0.00, real=0.05 secs] 
4949.686: [GC (GCLocker Initiated GC) [PSYoungGen: 494656K->104800K(523776K)] 764138K->511298K(1922048K), 0.1555589 secs] [Times: user=0.91 sys=0.00, real=0.16 secs] 
4952.347: [GC (Allocation Failure) [PSYoungGen: 453472K->139296K(523776K)] 859973K->647626K(1922048K), 0.0518578 secs] [Times: user=0.30 sys=0.00, real=0.05 secs] 
4953.783: [GC (Allocation Failure) [PSYoungGen: 488992K->110496K(460288K)] 997322K->748738K(1858560K), 0.0676898 secs] [Times: user=0.40 sys=0.00, real=0.07 secs] 
4954.739: [GC (Allocation Failure) [PSYoungGen: 460192K->142016K(521216K)] 1098434K->888015K(1919488K), 0.0534891 secs] [Times: user=0.31 sys=0.01, real=0.05 secs] 
4956.138: [GC (Allocation Failure) [PSYoungGen: 490688K->109408K(522752K)] 1236687K->987943K(1921024K), 0.0918163 secs] [Times: user=0.54 sys=0.00, real=0.09 secs] 
4957.179: [GC (Allocation Failure) [PSYoungGen: 458080K->152096K(515584K)] 1336615K->1137308K(1913856K), 0.0548246 secs] [Times: user=0.33 sys=0.00, real=0.05 secs] 
4959.118: [GC (Allocation Failure) [PSYoungGen: 495648K->105760K(521216K)] 1480860K->1225488K(1919488K), 0.1367909 secs] [Times: user=0.80 sys=0.01, real=0.13 secs] 
4961.656: [GC (Allocation Failure) [PSYoungGen: 449312K->138752K(519680K)] 1569040K->1361085K(1917952K), 0.0529052 secs] [Times: user=0.31 sys=0.00, real=0.06 secs] 
4963.016: [GC (Allocation Failure) [PSYoungGen: 483840K->106272K(521216K)] 1706173K->1458069K(1919488K), 0.0740511 secs] [Times: user=0.44 sys=0.00, real=0.08 secs] 
4963.090: [Full GC (Ergonomics) [PSYoungGen: 106272K->0K(521216K)] [ParOldGen: 1351797K->25519K(1398272K)] 1458069K->25519K(1919488K), [Metaspace: 60574K->60574K(1105920K)], 0.0401555 secs] [Times: user=0.12 sys=0.00, real=0.04 secs] 
4964.099: [GC (Allocation Failure) [PSYoungGen: 345088K->139520K(522240K)] 370607K->165039K(1920512K), 0.0280531 secs] [Times: user=0.17 sys=0.00, real=0.02 secs] 
4965.832: [GC (Allocation Failure) [PSYoungGen: 487168K->109088K(457216K)] 512687K->265063K(1855488K), 0.0961429 secs] [Times: user=0.57 sys=0.00, real=0.10 secs] 
4967.937: [GC (Allocation Failure) [PSYoungGen: 456736K->140064K(521216K)] 612711K->402484K(1919488K), 0.0528136 secs] [Times: user=0.31 sys=0.00, real=0.05 secs] 
4969.416: [GC (Allocation Failure) [PSYoungGen: 488224K->110720K(522240K)] 750644K->503704K(1920512K), 0.0899129 secs] [Times: user=0.53 sys=0.00, real=0.09 secs] 
4970.855: [GC (GCLocker Initiated GC) [PSYoungGen: 458880K->138496K(523264K)] 851865K->640398K(1921536K), 0.0533357 secs] [Times: user=0.32 sys=0.00, real=0.06 secs] 
4972.571: [GC (GCLocker Initiated GC) [PSYoungGen: 489728K->111296K(523776K)] 991632K->741936K(1922048K), 0.0638531 secs] [Times: user=0.38 sys=0.00, real=0.06 secs] 
4973.925: [GC (Allocation Failure) [PSYoungGen: 462528K->147712K(520192K)] 1093207K->887780K(1918464K), 0.0547514 secs] [Times: user=0.32 sys=0.00, real=0.06 secs] 
4975.410: [GC (Allocation Failure) [PSYoungGen: 497408K->110560K(524288K)] 1237476K->980596K(1922560K), 0.0953420 secs] [Times: user=0.57 sys=0.01, real=0.09 secs] 
4978.022: [GC (Allocation Failure) [PSYoungGen: 460256K->137056K(521216K)] 1330292K->1115512K(1919488K), 0.0545136 secs] [Times: user=0.32 sys=0.00, real=0.05 secs] 
4979.345: [GC (GCLocker Initiated GC) [PSYoungGen: 488800K->113056K(523776K)] 1467257K->1218745K(1922048K), 0.0644766 secs] [Times: user=0.38 sys=0.00, real=0.07 secs] 
4979.925: [GC (GCLocker Initiated GC) [PSYoungGen: 464800K->140640K(526336K)] 1570491K->1358220K(1924608K), 0.0557235 secs] [Times: user=0.32 sys=0.00, real=0.06 secs] 
4981.316: [GC (Allocation Failure) [PSYoungGen: 496992K->112768K(469504K)] 1714574K->1461766K(1867776K), 0.0698780 secs] [Times: user=0.41 sys=0.01, real=0.07 secs] 
4981.386: [Full GC (Ergonomics) [PSYoungGen: 112768K->0K(469504K)] [ParOldGen: 1348998K->28084K(1398272K)] 1461766K->28084K(1867776K), [Metaspace: 60576K->60576K(1105920K)], 0.0457337 secs] [Times: user=0.15 sys=0.00, real=0.05 secs] 
4983.509: [GC (Allocation Failure) [PSYoungGen: 356352K->144672K(523776K)] 384436K->172756K(1922048K), 0.0287441 secs] [Times: user=0.16 sys=0.00, real=0.03 secs] 
4984.996: [GC (Allocation Failure) [PSYoungGen: 499488K->111776K(526848K)] 527572K->275172K(1925120K), 0.0904528 secs] [Times: user=0.53 sys=0.00, real=0.09 secs] 
4986.376: [GC (Allocation Failure) [PSYoungGen: 466592K->146944K(521728K)] 629988K->418993K(1920000K), 0.0534115 secs] [Times: user=0.32 sys=0.00, real=0.06 secs] 
4987.771: [GC (Allocation Failure) [PSYoungGen: 498688K->108736K(525312K)] 770737K->518465K(1923584K), 0.0646748 secs] [Times: user=0.38 sys=0.00, real=0.06 secs] 
4988.484: [GC (Allocation Failure) [PSYoungGen: 460480K->145120K(521728K)] 870209K->660694K(1920000K), 0.0535002 secs] [Times: user=0.31 sys=0.00, real=0.06 secs] 
4989.947: [GC (Allocation Failure) [PSYoungGen: 494816K->107008K(524288K)] 1010390K->758750K(1922560K), 0.0751900 secs] [Times: user=0.44 sys=0.00, real=0.08 secs] 
4991.326: [GC (Allocation Failure) [PSYoungGen: 456704K->144640K(521216K)] 1108446K->900075K(1919488K), 0.0534416 secs] [Times: user=0.32 sys=0.00, real=0.06 secs] 
4993.576: [GC (Allocation Failure) [PSYoungGen: 492288K->105024K(523264K)] 1247723K->995783K(1921536K), 0.1393749 secs] [Times: user=0.82 sys=0.01, real=0.14 secs] 
4995.105: [GC (Allocation Failure) [PSYoungGen: 452672K->143008K(520704K)] 1343431K->1135444K(1918976K), 0.0528102 secs] [Times: user=0.31 sys=0.00, real=0.06 secs] 
4996.470: [GC (GCLocker Initiated GC) [PSYoungGen: 488608K->106400K(522240K)] 1481044K->1232988K(1920512K), 0.0937518 secs] [Times: user=0.56 sys=0.00, real=0.09 secs] 
4997.772: [GC (Allocation Failure) [PSYoungGen: 452000K->147264K(517632K)] 1578627K->1377367K(1915904K), 0.0536772 secs] [Times: user=0.31 sys=0.00, real=0.05 secs] 
4997.825: [Full GC (Ergonomics) [PSYoungGen: 147264K->0K(517632K)] [ParOldGen: 1230103K->172746K(1398272K)] 1377367K->172746K(1915904K), [Metaspace: 60576K->60576K(1105920K)], 0.4123141 secs] [Times: user=1.91 sys=0.00, real=0.42 secs] 
4999.508: [GC (Allocation Failure) [PSYoungGen: 342528K->108704K(520704K)] 515274K->281450K(1918976K), 0.0499116 secs] [Times: user=0.29 sys=0.00, real=0.05 secs] 
5000.856: [GC (Allocation Failure) [PSYoungGen: 451232K->141696K(520192K)] 623978K->420359K(1918464K), 0.0532988 secs] [Times: user=0.31 sys=0.00, real=0.06 secs] 
5002.764: [GC (GCLocker Initiated GC) [PSYoungGen: 485760K->105024K(521216K)] 764423K->516035K(1919488K), 0.1275851 secs] [Times: user=0.75 sys=0.00, real=0.13 secs] 
5004.119: [GC (Allocation Failure) [PSYoungGen: 449088K->150080K(514560K)] 860138K->663111K(1912832K), 0.0522172 secs] [Times: user=0.31 sys=0.00, real=0.05 secs] 
5005.458: [GC (Allocation Failure) [PSYoungGen: 488512K->104608K(518656K)] 1001543K->750207K(1916928K), 0.0639582 secs] [Times: user=0.38 sys=0.00, real=0.06 secs] 
5006.185: [GC (Allocation Failure) [PSYoungGen: 443040K->138464K(517120K)] 1088639K->887263K(1915392K), 0.0518510 secs] [Times: user=0.31 sys=0.00, real=0.06 secs] 
5007.493: [GC (GCLocker Initiated GC) [PSYoungGen: 478432K->107008K(518656K)] 1227233K->985305K(1916928K), 0.0635200 secs] [Times: user=0.38 sys=0.00, real=0.06 secs] 
5009.906: [GC (Allocation Failure) [PSYoungGen: 446976K->135136K(518656K)] 1325311K->1118427K(1916928K), 0.0527992 secs] [Times: user=0.31 sys=0.00, real=0.06 secs] 
5011.258: [GC (Allocation Failure) [PSYoungGen: 478688K->112192K(519168K)] 1461979K->1221507K(1917440K), 0.0652821 secs] [Times: user=0.39 sys=0.00, real=0.06 secs] 
5013.908: [GC (Allocation Failure) [PSYoungGen: 455744K->132256K(521728K)] 1565059K->1351576K(1920000K), 0.0532274 secs] [Times: user=0.31 sys=0.00, real=0.05 secs] 
5015.306: [GC (Allocation Failure) [PSYoungGen: 481952K->116256K(520704K)] 1701272K->1458528K(1918976K), 0.0632154 secs] [Times: user=0.38 sys=0.00, real=0.07 secs] 
5015.369: [Full GC (Ergonomics) [PSYoungGen: 116256K->0K(520704K)] [ParOldGen: 1342272K->18623K(1398272K)] 1458528K->18623K(1918976K), [Metaspace: 60576K->60576K(1105920K)], 0.0291169 secs] [Times: user=0.07 sys=0.00, real=0.03 secs] 
5016.350: [GC (Allocation Failure) [PSYoungGen: 349696K->135776K(523776K)] 368319K->154399K(1922048K), 0.0270984 secs] [Times: user=0.15 sys=0.00, real=0.02 secs] 
5017.764: [GC (Allocation Failure) [PSYoungGen: 491616K->115296K(523776K)] 510239K->259695K(1922048K), 0.0671984 secs] [Times: user=0.39 sys=0.01, real=0.07 secs] 
5019.030: [GC (Allocation Failure) [PSYoungGen: 471136K->142272K(525824K)] 615535K->400252K(1924096K), 0.0549335 secs] [Times: user=0.32 sys=0.00, real=0.05 secs] 
5020.938: [GC (Allocation Failure) [PSYoungGen: 502720K->114688K(528384K)] 760700K->505484K(1926656K), 0.1608030 secs] [Times: user=0.96 sys=0.01, real=0.16 secs] 
5022.601: [GC (Allocation Failure) [PSYoungGen: 475136K->146304K(525312K)] 865932K->649449K(1923584K), 0.0546626 secs] [Times: user=0.32 sys=0.01, real=0.05 secs] 
5023.953: [GC (GCLocker Initiated GC) [PSYoungGen: 506240K->112192K(529408K)] 1009386K->752226K(1927680K), 0.0792159 secs] [Times: user=0.47 sys=0.00, real=0.08 secs] 
5024.907: [GC (Allocation Failure) [PSYoungGen: 472128K->156736K(516608K)] 1112232K->906856K(1914880K), 0.0545512 secs] [Times: user=0.32 sys=0.00, real=0.06 secs] 
5027.262: [GC (GCLocker Initiated GC) [PSYoungGen: 505408K->104896K(523776K)] 1255529K->994425K(1922048K), 0.1690247 secs] [Times: user=1.01 sys=0.01, real=0.17 secs] 
5028.922: [GC (Allocation Failure) [PSYoungGen: 453568K->143040K(521216K)] 1343167K->1134164K(1919488K), 0.0518704 secs] [Times: user=0.30 sys=0.00, real=0.05 secs] 
5030.654: [GC (GCLocker Initiated GC) [PSYoungGen: 489664K->107424K(522752K)] 1480788K->1231908K(1921024K), 0.1088567 secs] [Times: user=0.65 sys=0.01, real=0.11 secs] 
5031.771: [GC (Allocation Failure) [PSYoungGen: 454048K->143264K(521216K)] 1578603K->1371904K(1919488K), 0.0528484 secs] [Times: user=0.31 sys=0.00, real=0.05 secs] 
5033.173: [GC (Allocation Failure) [PSYoungGen: 489888K->105824K(522752K)] 1718528K->1468304K(1921024K), 0.0859278 secs] [Times: user=0.51 sys=0.00, real=0.09 secs] 
5033.259: [Full GC (Ergonomics) [PSYoungGen: 105824K->0K(522752K)] [ParOldGen: 1362480K->35843K(1398272K)] 1468304K->35843K(1921024K), [Metaspace: 60576K->60576K(1105920K)], 0.0727001 secs] [Times: user=0.26 sys=0.00, real=0.07 secs] 
5034.793: [GC (Allocation Failure) [PSYoungGen: 346624K->140896K(521728K)] 382467K->176739K(1920000K), 0.0281860 secs] [Times: user=0.17 sys=0.00, real=0.03 secs] 
5036.927: [GC (GCLocker Initiated GC) [PSYoungGen: 487520K->106080K(453120K)] 523363K->273699K(1851392K), 0.1647537 secs] [Times: user=0.98 sys=0.00, real=0.17 secs] 
5038.541: [GC (Allocation Failure) [PSYoungGen: 452704K->141440K(521216K)] 620326K->412383K(1919488K), 0.0519115 secs] [Times: user=0.31 sys=0.00, real=0.05 secs] 
5040.591: [GC (Allocation Failure) [PSYoungGen: 488064K->108128K(522240K)] 759007K->510963K(1920512K), 0.0784785 secs] [Times: user=0.46 sys=0.01, real=0.08 secs] 
5041.838: [GC (Allocation Failure) [PSYoungGen: 454752K->141984K(521216K)] 857587K->649024K(1919488K), 0.0518802 secs] [Times: user=0.30 sys=0.00, real=0.05 secs] 
5043.517: [GC (Allocation Failure) [PSYoungGen: 489120K->108256K(522752K)] 996160K->747896K(1921024K), 0.1460468 secs] [Times: user=0.86 sys=0.01, real=0.15 secs] 
5045.898: [GC (Allocation Failure) [PSYoungGen: 455392K->140800K(521728K)] 1095032K->885868K(1920000K), 0.0529650 secs] [Times: user=0.31 sys=0.00, real=0.05 secs] 
5047.345: [GC (Allocation Failure) [PSYoungGen: 488960K->110496K(522752K)] 1234028K->986512K(1921024K), 0.0689849 secs] [Times: user=0.40 sys=0.00, real=0.07 secs] 
5048.670: [GC (Allocation Failure) [PSYoungGen: 458656K->140704K(522240K)] 1334672K->1124552K(1920512K), 0.0532638 secs] [Times: user=0.31 sys=0.00, real=0.05 secs] 
5050.625: [GC (Allocation Failure) [PSYoungGen: 490400K->109120K(523264K)] 1474248K->1224496K(1921536K), 0.0638365 secs] [Times: user=0.38 sys=0.00, real=0.07 secs] 
5052.945: [GC (Allocation Failure) [PSYoungGen: 458816K->140128K(523776K)] 1574192K->1362141K(1922048K), 0.0534049 secs] [Times: user=0.32 sys=0.00, real=0.06 secs] 
5054.469: [GC (Allocation Failure) [PSYoungGen: 491872K->111392K(524800K)] 1713885K->1463981K(1923072K), 0.0692704 secs] [Times: user=0.41 sys=0.00, real=0.07 secs] 
5054.538: [Full GC (Ergonomics) [PSYoungGen: 111392K->0K(524800K)] [ParOldGen: 1352589K->30828K(1398272K)] 1463981K->30828K(1923072K), [Metaspace: 60582K->60582K(1105920K)], 0.0522461 secs] [Times: user=0.18 sys=0.00, real=0.05 secs] 
5056.455: [GC (Allocation Failure) [PSYoungGen: 351744K->141792K(523264K)] 382572K->172620K(1921536K), 0.0285138 secs] [Times: user=0.16 sys=0.00, real=0.03 secs] 
5057.714: [GC (Allocation Failure) [PSYoungGen: 494048K->111968K(524800K)] 524876K->274828K(1923072K), 0.0639764 secs] [Times: user=0.37 sys=0.00, real=0.07 secs] 
5058.458: [GC (Allocation Failure) [PSYoungGen: 464224K->145344K(522240K)] 627084K->417369K(1920512K), 0.0535334 secs] [Times: user=0.31 sys=0.00, real=0.05 secs] 
5060.543: [GC (Allocation Failure) [PSYoungGen: 497088K->108224K(525312K)] 769113K->516329K(1923584K), 0.1279423 secs] [Times: user=0.76 sys=0.01, real=0.13 secs] 
5061.775: [GC (Allocation Failure) [PSYoungGen: 459968K->145760K(520704K)] 868073K->659266K(1918976K), 0.0526626 secs] [Times: user=0.31 sys=0.00, real=0.06 secs] 
5063.446: [GC (Allocation Failure) [PSYoungGen: 494432K->108576K(523776K)] 1007938K->758954K(1922048K), 0.0885865 secs] [Times: user=0.53 sys=0.00, real=0.09 secs] 
5064.693: [GC (Allocation Failure) [PSYoungGen: 457248K->145312K(520192K)] 1107626K->901915K(1918464K), 0.0535025 secs] [Times: user=0.32 sys=0.00, real=0.05 secs] 
5066.028: [GC (Allocation Failure) [PSYoungGen: 491936K->107232K(522752K)] 1248539K->1000403K(1921024K), 0.0687002 secs] [Times: user=0.37 sys=0.00, real=0.06 secs] 
5066.968: [GC (Allocation Failure) [PSYoungGen: 453856K->143680K(520192K)] 1347027K->1140080K(1918464K), 0.0517327 secs] [Times: user=0.31 sys=0.00, real=0.05 secs] 
5068.371: [GC (Allocation Failure) [PSYoungGen: 489280K->107328K(522240K)] 1485680K->1237968K(1920512K), 0.0631575 secs] [Times: user=0.37 sys=0.00, real=0.06 secs] 
5069.166: [GC (Allocation Failure) [PSYoungGen: 452928K->144960K(519680K)] 1583568K->1378749K(1917952K), 0.0525684 secs] [Times: user=0.31 sys=0.00, real=0.06 secs] 
5069.219: [Full GC (Ergonomics) [PSYoungGen: 144960K->0K(519680K)] [ParOldGen: 1233789K->181915K(1398272K)] 1378749K->181915K(1917952K), [Metaspace: 60582K->60582K(1105920K)], 0.4209233 secs] [Times: user=1.95 sys=0.00, real=0.42 secs] 
5072.273: [GC (Allocation Failure) [PSYoungGen: 344576K->103200K(521728K)] 526491K->285115K(1920000K), 0.1065468 secs] [Times: user=0.63 sys=0.00, real=0.11 secs] 
5073.253: [GC (Allocation Failure) [PSYoungGen: 447776K->143008K(519168K)] 629691K->424728K(1917440K), 0.0508863 secs] [Times: user=0.30 sys=0.00, real=0.05 secs] 
5074.710: [GC (Allocation Failure) [PSYoungGen: 485536K->105312K(520704K)] 767256K->521024K(1918976K), 0.0632554 secs] [Times: user=0.37 sys=0.00, real=0.06 secs] 
5075.721: [GC (Allocation Failure) [PSYoungGen: 447840K->140512K(520192K)] 863552K->658808K(1918464K), 0.0511777 secs] [Times: user=0.30 sys=0.00, real=0.05 secs] 
5077.587: [GC (Allocation Failure) [PSYoungGen: 484064K->106272K(520704K)] 1002360K->756120K(1918976K), 0.1015819 secs] [Times: user=0.60 sys=0.01, real=0.11 secs] 
5079.260: [GC (Allocation Failure) [PSYoungGen: 449824K->141408K(519680K)] 1099672K->894484K(1917952K), 0.0526018 secs] [Times: user=0.30 sys=0.00, real=0.05 secs] 
5080.857: [GC (Allocation Failure) [PSYoungGen: 485472K->107456K(520704K)] 1238548K->992588K(1918976K), 0.0847663 secs] [Times: user=0.50 sys=0.01, real=0.09 secs] 
5082.203: [GC (Allocation Failure) [PSYoungGen: 451520K->141920K(520192K)] 1336652K->1131873K(1918464K), 0.0528099 secs] [Times: user=0.32 sys=0.00, real=0.05 secs] 
5083.758: [GC (Allocation Failure) [PSYoungGen: 487008K->105248K(521728K)] 1476961K->1228329K(1920000K), 0.0649374 secs] [Times: user=0.39 sys=0.00, real=0.06 secs] 
5084.680: [GC (GCLocker Initiated GC) [PSYoungGen: 450336K->141792K(520704K)] 1573419K->1368437K(1918976K), 0.0542040 secs] [Times: user=0.31 sys=0.00, real=0.05 secs] 
5086.833: [GC (GCLocker Initiated GC) [PSYoungGen: 487392K->106240K(452096K)] 1714038K->1466270K(1850368K), 0.1406754 secs] [Times: user=0.84 sys=0.00, real=0.14 secs] 
5086.974: [Full GC (Ergonomics) [PSYoungGen: 106240K->0K(452096K)] [ParOldGen: 1360030K->26107K(1398272K)] 1466270K->26107K(1850368K), [Metaspace: 60582K->60582K(1105920K)], 0.0613047 secs] [Times: user=0.19 sys=0.00, real=0.06 secs] 
5088.780: [GC (Allocation Failure) [PSYoungGen: 345600K->148640K(516096K)] 371745K->174786K(1914368K), 0.0283883 secs] [Times: user=0.16 sys=0.00, real=0.03 secs] 
5090.181: [GC (Allocation Failure) [PSYoungGen: 490144K->108704K(520192K)] 516290K->265930K(1918464K), 0.0811816 secs] [Times: user=0.48 sys=0.00, real=0.08 secs] 
5092.341: [GC (Allocation Failure) [PSYoungGen: 450208K->134592K(515072K)] 607434K->398166K(1913344K), 0.0520469 secs] [Times: user=0.30 sys=0.00, real=0.05 secs] 
5093.644: [GC (Allocation Failure) [PSYoungGen: 478144K->111136K(518656K)] 741718K->499442K(1916928K), 0.0629625 secs] [Times: user=0.37 sys=0.00, real=0.07 secs] 
5095.438: [GC (Allocation Failure) [PSYoungGen: 454688K->134624K(520704K)] 842994K->632575K(1918976K), 0.0526449 secs] [Times: user=0.31 sys=0.00, real=0.05 secs] 
5096.759: [GC (Allocation Failure) [PSYoungGen: 485856K->114688K(522752K)] 983807K->737723K(1921024K), 0.0653346 secs] [Times: user=0.37 sys=0.00, real=0.06 secs] 
5099.068: [GC (Allocation Failure) [PSYoungGen: 465920K->137888K(526336K)] 1088955K->873584K(1924608K), 0.0541226 secs] [Times: user=0.31 sys=0.00, real=0.05 secs] 
5100.430: [GC (Allocation Failure) [PSYoungGen: 495264K->115968K(526848K)] 1230960K->979584K(1925120K), 0.0646476 secs] [Times: user=0.39 sys=0.00, real=0.06 secs] 
5101.550: [GC (Allocation Failure) [PSYoungGen: 473344K->143584K(524800K)] 1336960K->1121681K(1923072K), 0.0548333 secs] [Times: user=0.33 sys=0.01, real=0.05 secs] 
5103.008: [GC (GCLocker Initiated GC) [PSYoungGen: 501472K->109408K(527360K)] 1479569K->1222273K(1925632K), 0.0667281 secs] [Times: user=0.40 sys=0.00, real=0.06 secs] 
5104.982: [GC (Allocation Failure) [PSYoungGen: 467296K->154080K(518144K)] 1580232K->1373616K(1916416K), 0.0538871 secs] [Times: user=0.32 sys=0.01, real=0.05 secs] 
5106.679: [GC (GCLocker Initiated GC) [PSYoungGen: 503776K->107872K(524288K)] 1723312K->1463900K(1922560K), 0.1398060 secs] [Times: user=0.83 sys=0.00, real=0.14 secs] 
5106.819: [Full GC (Ergonomics) [PSYoungGen: 107872K->0K(524288K)] [ParOldGen: 1356028K->30322K(1398272K)] 1463900K->30322K(1922560K), [Metaspace: 60582K->60582K(1105920K)], 0.0764312 secs] [Times: user=0.26 sys=0.00, real=0.07 secs] 
5108.062: [GC (Allocation Failure) [PSYoungGen: 349696K->144096K(521216K)] 380021K->174421K(1919488K), 0.0288914 secs] [Times: user=0.16 sys=0.00, real=0.03 secs] 
5109.316: [GC (GCLocker Initiated GC) [PSYoungGen: 491744K->106624K(523264K)] 522069K->271733K(1921536K), 0.0638302 secs] [Times: user=0.38 sys=0.00, real=0.07 secs] 
5110.093: [GC (Allocation Failure) [PSYoungGen: 454272K->144992K(519680K)] 619384K->414353K(1917952K), 0.0522999 secs] [Times: user=0.31 sys=0.00, real=0.05 secs] 
5111.852: [GC (Allocation Failure) [PSYoungGen: 490592K->106144K(522240K)] 759953K->511705K(1920512K), 0.1004903 secs] [Times: user=0.60 sys=0.01, real=0.10 secs] 
5113.886: [GC (Allocation Failure) [PSYoungGen: 451744K->139904K(521216K)] 857305K->648549K(1919488K), 0.0517738 secs] [Times: user=0.31 sys=0.00, real=0.06 secs] 
5115.592: [GC (Allocation Failure) [PSYoungGen: 486528K->110624K(522240K)] 995173K->749969K(1920512K), 0.1312963 secs] [Times: user=0.78 sys=0.00, real=0.13 secs] 
5117.868: [GC (Allocation Failure) [PSYoungGen: 457248K->139552K(521728K)] 1096593K->886574K(1920000K), 0.0531231 secs] [Times: user=0.32 sys=0.00, real=0.05 secs] 
5119.172: [GC (Allocation Failure) [PSYoungGen: 487712K->111360K(522240K)] 1234734K->988222K(1920512K), 0.0632615 secs] [Times: user=0.37 sys=0.00, real=0.06 secs] 
5120.790: [GC (Allocation Failure) [PSYoungGen: 459520K->140000K(522240K)] 1336382K->1125539K(1920512K), 0.0541555 secs] [Times: user=0.31 sys=0.00, real=0.05 secs] 
5122.190: [GC (Allocation Failure) [PSYoungGen: 490208K->112288K(523264K)] 1475747K->1227847K(1921536K), 0.0641761 secs] [Times: user=0.38 sys=0.00, real=0.06 secs] 
5124.222: [GC (Allocation Failure) [PSYoungGen: 462496K->141216K(522752K)] 1578055K->1366484K(1921024K), 0.0546980 secs] [Times: user=0.32 sys=0.00, real=0.05 secs] 
5125.765: [GC (Allocation Failure) [PSYoungGen: 493472K->111104K(524288K)] 1718740K->1467676K(1922560K), 0.0896690 secs] [Times: user=0.53 sys=0.00, real=0.09 secs] 
5125.855: [Full GC (Ergonomics) [PSYoungGen: 111104K->0K(524288K)] [ParOldGen: 1356572K->31909K(1398272K)] 1467676K->31909K(1922560K), [Metaspace: 60582K->60582K(1105920K)], 0.0583289 secs] [Times: user=0.21 sys=0.00, real=0.06 secs] 
5127.505: [GC (Allocation Failure) [PSYoungGen: 352256K->142912K(524288K)] 384165K->174821K(1922560K), 0.0310874 secs] [Times: user=0.15 sys=0.00, real=0.03 secs] 
5128.872: [GC (GCLocker Initiated GC) [PSYoungGen: 496704K->112768K(466944K)] 528613K->277901K(1865216K), 0.0856108 secs] [Times: user=0.51 sys=0.01, real=0.09 secs] 
5129.743: [GC (Allocation Failure) [PSYoungGen: 466560K->145216K(522752K)] 631764K->420369K(1921024K), 0.0537828 secs] [Times: user=0.32 sys=0.00, real=0.05 secs] 
5131.862: [GC (Allocation Failure) [PSYoungGen: 497422K->110336K(525824K)] 772576K->520953K(1924096K), 0.1123579 secs] [Times: user=0.67 sys=0.00, real=0.11 secs] 
5133.822: [GC (GCLocker Initiated GC) [PSYoungGen: 463104K->145632K(522240K)] 873721K->663130K(1920512K), 0.0530723 secs] [Times: user=0.32 sys=0.00, real=0.05 secs] 
5135.601: [GC (Allocation Failure) [PSYoungGen: 496352K->107616K(524800K)] 1013889K->761533K(1923072K), 0.1305935 secs] [Times: user=0.78 sys=0.00, real=0.13 secs] 
5136.814: [GC (Allocation Failure) [PSYoungGen: 458336K->145056K(520704K)] 1112253K->902558K(1918976K), 0.0534780 secs] [Times: user=0.30 sys=0.01, real=0.06 secs] 
5139.152: [GC (Allocation Failure) [PSYoungGen: 492704K->105536K(523264K)] 1250206K->999246K(1921536K), 0.1086525 secs] [Times: user=0.64 sys=0.00, real=0.11 secs] 
5140.263: [GC (Allocation Failure) [PSYoungGen: 453184K->145760K(519168K)] 1346894K->1141098K(1917440K), 0.0523226 secs] [Times: user=0.31 sys=0.00, real=0.05 secs] 
5142.300: [GC (Allocation Failure) [PSYoungGen: 490336K->105248K(521728K)] 1485674K->1237090K(1920000K), 0.1078455 secs] [Times: user=0.63 sys=0.01, real=0.11 secs] 
5144.467: [GC (Allocation Failure) [PSYoungGen: 449824K->140384K(521728K)] 1581666K->1373439K(1920000K), 0.0515131 secs] [Times: user=0.31 sys=0.00, real=0.05 secs] 
5144.519: [Full GC (Ergonomics) [PSYoungGen: 140384K->0K(521728K)] [ParOldGen: 1233055K->177225K(1398272K)] 1373439K->177225K(1920000K), [Metaspace: 60620K->60620K(1105920K)], 0.4156645 secs] [Times: user=1.92 sys=0.00, real=0.41 secs] 
5146.221: [GC (Allocation Failure) [PSYoungGen: 345600K->106944K(452608K)] 522825K->284170K(1850880K), 0.0391858 secs] [Times: user=0.23 sys=0.00, real=0.04 secs] 
5147.243: [GC (Allocation Failure) [PSYoungGen: 452544K->141792K(520192K)] 629770K->422934K(1918464K), 0.0526517 secs] [Times: user=0.31 sys=0.00, real=0.05 secs] 
5148.962: [GC (GCLocker Initiated GC) [PSYoungGen: 486880K->106688K(521216K)] 768022K->519823K(1919488K), 0.1097906 secs] [Times: user=0.63 sys=0.01, real=0.11 secs] 
5151.587: [GC (Allocation Failure) [PSYoungGen: 451776K->140480K(521216K)] 864913K->657014K(1919488K), 0.0522950 secs] [Times: user=0.31 sys=0.00, real=0.05 secs] 
5152.949: [GC (Allocation Failure) [PSYoungGen: 487104K->107392K(522240K)] 1003638K->755042K(1920512K), 0.0646892 secs] [Times: user=0.38 sys=0.00, real=0.06 secs] 
5154.253: [GC (Allocation Failure) [PSYoungGen: 454016K->141472K(521728K)] 1101666K->893727K(1920000K), 0.0527333 secs] [Times: user=0.31 sys=0.00, real=0.05 secs] 
5155.613: [GC (Allocation Failure) [PSYoungGen: 489120K->108864K(522752K)] 1241375K->993159K(1921024K), 0.0715900 secs] [Times: user=0.42 sys=0.00, real=0.07 secs] 
5156.600: [GC (Allocation Failure) [PSYoungGen: 456512K->143904K(520192K)] 1340807K->1134168K(1918464K), 0.0532627 secs] [Times: user=0.31 sys=0.00, real=0.05 secs] 
5158.769: [GC (Allocation Failure) [PSYoungGen: 491040K->106848K(522752K)] 1481304K->1231632K(1921024K), 0.1619177 secs] [Times: user=0.96 sys=0.01, real=0.16 secs] 
5161.155: [GC (Allocation Failure) [PSYoungGen: 453984K->140000K(522752K)] 1578768K->1368445K(1921024K), 0.0528386 secs] [Times: user=0.31 sys=0.00, real=0.06 secs] 
5162.757: [GC (Allocation Failure) [PSYoungGen: 488672K->110048K(458752K)] 1717117K->1468717K(1857024K), 0.1147092 secs] [Times: user=0.67 sys=0.01, real=0.11 secs] 
5162.872: [Full GC (Ergonomics) [PSYoungGen: 110048K->0K(458752K)] [ParOldGen: 1358669K->29822K(1398272K)] 1468717K->29822K(1857024K), [Metaspace: 60620K->60620K(1105920K)], 0.0722018 secs] [Times: user=0.25 sys=0.00, real=0.07 secs] 
5163.857: [GC (Allocation Failure) [PSYoungGen: 348672K->144512K(519168K)] 378494K->174334K(1917440K), 0.0289134 secs] [Times: user=0.17 sys=0.00, real=0.02 secs] 
5165.333: [GC (GCLocker Initiated GC) [PSYoungGen: 491136K->105728K(522240K)] 520958K->271170K(1920512K), 0.0728715 secs] [Times: user=0.43 sys=0.00, real=0.07 secs] 
5166.569: [GC (Allocation Failure) [PSYoungGen: 452352K->142944K(520704K)] 617865K->411262K(1918976K), 0.0516368 secs] [Times: user=0.30 sys=0.00, real=0.05 secs] 
5168.407: [GC (Allocation Failure) [PSYoungGen: 489568K->108256K(522752K)] 757886K->510222K(1921024K), 0.1129509 secs] [Times: user=0.65 sys=0.01, real=0.12 secs] 
5169.996: [GC (Allocation Failure) [PSYoungGen: 454880K->142464K(521216K)] 856846K->649067K(1919488K), 0.0522452 secs] [Times: user=0.31 sys=0.00, real=0.06 secs] 
5171.483: [GC (Allocation Failure) [PSYoungGen: 489600K->107968K(522752K)] 996203K->747695K(1921024K), 0.0814233 secs] [Times: user=0.48 sys=0.00, real=0.08 secs] 
5172.382: [GC (Allocation Failure) [PSYoungGen: 455104K->142016K(521728K)] 1094831K->887368K(1920000K), 0.0523674 secs] [Times: user=0.31 sys=0.00, real=0.05 secs] 
5173.759: [GC (Allocation Failure) [PSYoungGen: 489664K->109312K(457216K)] 1235016K->987576K(1855488K), 0.0642577 secs] [Times: user=0.38 sys=0.00, real=0.06 secs] 
5175.262: [GC (Allocation Failure) [PSYoungGen: 456960K->141536K(521216K)] 1335224K->1126469K(1919488K), 0.0537950 secs] [Times: user=0.32 sys=0.00, real=0.05 secs] 
5177.011: [GC (Allocation Failure) [PSYoungGen: 489184K->108672K(522752K)] 1474117K->1225581K(1921024K), 0.0881987 secs] [Times: user=0.52 sys=0.00, real=0.09 secs] 
5178.544: [GC (Allocation Failure) [PSYoungGen: 456320K->141920K(521728K)] 1573229K->1364441K(1920000K), 0.0537648 secs] [Times: user=0.32 sys=0.00, real=0.06 secs] 
5179.901: [GC (Allocation Failure) [PSYoungGen: 490592K->109600K(523264K)] 1713113K->1464169K(1921536K), 0.0697233 secs] [Times: user=0.41 sys=0.00, real=0.07 secs] 
5179.971: [Full GC (Ergonomics) [PSYoungGen: 109600K->0K(523264K)] [ParOldGen: 1354569K->30195K(1398272K)] 1464169K->30195K(1921536K), [Metaspace: 60621K->60621K(1105920K)], 0.0538423 secs] [Times: user=0.17 sys=0.00, real=0.05 secs] 
5181.211: [GC (Allocation Failure) [PSYoungGen: 348672K->141856K(522240K)] 378867K->172051K(1920512K), 0.0285843 secs] [Times: user=0.16 sys=0.01, real=0.03 secs] 
5182.663: [GC (Allocation Failure) [PSYoungGen: 491552K->112864K(523776K)] 521747K->275079K(1922048K), 0.0688316 secs] [Times: user=0.41 sys=0.00, real=0.07 secs] 
5184.024: [GC (Allocation Failure) [PSYoungGen: 462560K->144000K(522240K)] 624775K->415187K(1920512K), 0.0536604 secs] [Times: user=0.31 sys=0.00, real=0.06 secs] 
5186.168: [GC (GCLocker Initiated GC) [PSYoungGen: 494208K->107008K(524288K)] 765397K->513198K(1922560K), 0.1648470 secs] [Times: user=0.98 sys=0.00, real=0.16 secs] 
5187.819: [GC (Allocation Failure) [PSYoungGen: 457216K->150080K(516608K)] 863444K->660684K(1914880K), 0.0527771 secs] [Times: user=0.31 sys=0.00, real=0.05 secs] 
5189.173: [GC (GCLocker Initiated GC) [PSYoungGen: 493632K->106592K(521216K)] 1004236K->749772K(1919488K), 0.0723477 secs] [Times: user=0.43 sys=0.00, real=0.07 secs] 
5190.268: [GC (Allocation Failure) [PSYoungGen: 450144K->141952K(520704K)] 1093331K->888735K(1918976K), 0.0519432 secs] [Times: user=0.30 sys=0.00, real=0.05 secs] 
5191.967: [GC (Allocation Failure) [PSYoungGen: 486528K->106784K(451584K)] 1233311K->986039K(1849856K), 0.1023466 secs] [Times: user=0.61 sys=0.00, real=0.10 secs] 
5193.139: [GC (Allocation Failure) [PSYoungGen: 451360K->141056K(520192K)] 1330615K->1124724K(1918464K), 0.0525674 secs] [Times: user=0.31 sys=0.00, real=0.05 secs] 
5194.844: [GC (Allocation Failure) [PSYoungGen: 485632K->107872K(521216K)] 1469300K->1223228K(1919488K), 0.1187217 secs] [Times: user=0.70 sys=0.00, real=0.12 secs] 
5197.273: [GC (Allocation Failure) [PSYoungGen: 452448K->137216K(521216K)] 1567804K->1357537K(1919488K), 0.0524666 secs] [Times: user=0.31 sys=0.00, real=0.05 secs] 
5198.574: [GC (GCLocker Initiated GC) [PSYoungGen: 483840K->109184K(521216K)] 1704161K->1457269K(1919488K), 0.0641837 secs] [Times: user=0.38 sys=0.00, real=0.07 secs] 
5198.638: [Full GC (Ergonomics) [PSYoungGen: 109184K->0K(521216K)] [ParOldGen: 1348085K->23106K(1398272K)] 1457269K->23106K(1919488K), [Metaspace: 60621K->60621K(1105920K)], 0.0408701 secs] [Times: user=0.12 sys=0.00, real=0.04 secs] 
5199.880: [GC (Allocation Failure) [PSYoungGen: 346624K->136736K(522752K)] 369733K->159845K(1921024K), 0.0268781 secs] [Times: user=0.16 sys=0.00, real=0.03 secs] 
5201.240: [GC (Allocation Failure) [PSYoungGen: 486944K->114240K(522240K)] 510053K->264433K(1920512K), 0.0699077 secs] [Times: user=0.42 sys=0.00, real=0.07 secs] 
5202.895: [GC (Allocation Failure) [PSYoungGen: 464448K->141632K(521728K)] 614641K->403830K(1920000K), 0.0538958 secs] [Times: user=0.31 sys=0.00, real=0.06 secs] 
5204.197: [GC (Allocation Failure) [PSYoungGen: 493888K->111456K(523776K)] 756086K->505926K(1922048K), 0.0644829 secs] [Times: user=0.38 sys=0.00, real=0.07 secs] 
5206.053: [GC (Allocation Failure) [PSYoungGen: 463712K->141280K(525824K)] 858182K->644195K(1924096K), 0.0533082 secs] [Times: user=0.32 sys=0.00, real=0.05 secs] 
5207.390: [GC (GCLocker Initiated GC) [PSYoungGen: 497632K->112544K(527360K)] 1000547K->747243K(1925632K), 0.0687247 secs] [Times: user=0.40 sys=0.00, real=0.07 secs] 
5208.436: [GC (Allocation Failure) [PSYoungGen: 468896K->145472K(523776K)] 1103666K->890095K(1922048K), 0.0543233 secs] [Times: user=0.32 sys=0.00, real=0.06 secs] 
5210.584: [GC (Allocation Failure) [PSYoungGen: 500288K->109632K(526848K)] 1244911K->990079K(1925120K), 0.1675980 secs] [Times: user=1.00 sys=0.01, real=0.17 secs] 
5212.864: [GC (Allocation Failure) [PSYoungGen: 464448K->146496K(521216K)] 1344895K->1133511K(1919488K), 0.0532022 secs] [Times: user=0.32 sys=0.00, real=0.06 secs] 
5214.969: [GC (Allocation Failure) [PSYoungGen: 497216K->104576K(524800K)] 1484231K->1229023K(1923072K), 0.1442077 secs] [Times: user=0.86 sys=0.00, real=0.14 secs] 
5216.132: [GC (Allocation Failure) [PSYoungGen: 455296K->143616K(521728K)] 1579743K->1369968K(1920000K), 0.0517492 secs] [Times: user=0.30 sys=0.00, real=0.05 secs] 
5217.647: [GC (Allocation Failure) [PSYoungGen: 492288K->108896K(523776K)] 1718640K->1469976K(1922048K), 0.1083379 secs] [Times: user=0.64 sys=0.01, real=0.11 secs] 
5217.755: [Full GC (Ergonomics) [PSYoungGen: 108896K->0K(523776K)] [ParOldGen: 1361080K->36988K(1398272K)] 1469976K->36988K(1922048K), [Metaspace: 60623K->60623K(1105920K)], 0.0912402 secs] [Times: user=0.34 sys=0.00, real=0.09 secs] 
5219.638: [GC (Allocation Failure) [PSYoungGen: 348672K->142208K(522240K)] 385660K->179196K(1920512K), 0.0282028 secs] [Times: user=0.16 sys=0.00, real=0.02 secs] 
5221.588: [GC (Allocation Failure) [PSYoungGen: 490880K->107840K(523776K)] 527868K->277580K(1922048K), 0.0912019 secs] [Times: user=0.53 sys=0.01, real=0.09 secs] 
5223.225: [GC (GCLocker Initiated GC) [PSYoungGen: 456512K->140416K(522752K)] 626252K->415168K(1921024K), 0.0517618 secs] [Times: user=0.31 sys=0.00, real=0.05 secs] 
5224.633: [GC (GCLocker Initiated GC) [PSYoungGen: 489600K->109696K(459264K)] 764355K->515155K(1857536K), 0.0849643 secs] [Times: user=0.51 sys=0.00, real=0.09 secs] 
5225.472: [GC (Allocation Failure) [PSYoungGen: 458880K->145792K(520192K)] 864410K->658142K(1918464K), 0.0533111 secs] [Times: user=0.31 sys=0.00, real=0.05 secs] 
5227.051: [GC (Allocation Failure) [PSYoungGen: 493440K->106688K(523264K)] 1005790K->755990K(1921536K), 0.0798878 secs] [Times: user=0.48 sys=0.00, real=0.08 secs] 
5229.095: [GC (Allocation Failure) [PSYoungGen: 454336K->142752K(521728K)] 1103638K->895371K(1920000K), 0.0519540 secs] [Times: user=0.31 sys=0.00, real=0.06 secs] 
5230.899: [GC (GCLocker Initiated GC) [PSYoungGen: 490400K->105824K(523264K)] 1243019K->991859K(1921536K), 0.1383719 secs] [Times: user=0.82 sys=0.01, real=0.14 secs] 
5232.390: [GC (Allocation Failure) [PSYoungGen: 453472K->142848K(521216K)] 1339578K->1131799K(1919488K), 0.0520467 secs] [Times: user=0.31 sys=0.00, real=0.05 secs] 
5233.834: [GC (GCLocker Initiated GC) [PSYoungGen: 489472K->106976K(522752K)] 1478423K->1229519K(1921024K), 0.0721790 secs] [Times: user=0.43 sys=0.00, real=0.07 secs] 
5235.124: [GC (Allocation Failure) [PSYoungGen: 453600K->151008K(515072K)] 1576146K->1378039K(1913344K), 0.0537369 secs] [Times: user=0.32 sys=0.00, real=0.06 secs] 
5236.986: [GC (Allocation Failure) [PSYoungGen: 491488K->107040K(519680K)] 1718519K->1467607K(1917952K), 0.1160362 secs] [Times: user=0.69 sys=0.00, real=0.12 secs] 
5237.102: [Full GC (Ergonomics) [PSYoungGen: 107040K->0K(519680K)] [ParOldGen: 1360567K->34210K(1398272K)] 1467607K->34210K(1917952K), [Metaspace: 60623K->60623K(1105920K)], 0.0796828 secs] [Times: user=0.30 sys=0.00, real=0.08 secs] 
5239.562: [GC (Allocation Failure) [PSYoungGen: 340480K->137504K(517120K)] 374690K->171714K(1915392K), 0.0274537 secs] [Times: user=0.16 sys=0.00, real=0.03 secs] 
5240.889: [GC (Allocation Failure) [PSYoungGen: 479520K->106048K(519168K)] 513730K->268430K(1917440K), 0.0716347 secs] [Times: user=0.43 sys=0.01, real=0.07 secs] 
5242.543: [GC (Allocation Failure) [PSYoungGen: 448064K->135712K(519168K)] 610446K->401763K(1917440K), 0.0514438 secs] [Times: user=0.31 sys=0.00, real=0.05 secs] 
5243.874: [GC (Allocation Failure) [PSYoungGen: 481824K->112128K(520704K)] 747875K->504055K(1918976K), 0.0623847 secs] [Times: user=0.37 sys=0.00, real=0.06 secs] 
5245.192: [GC (Allocation Failure) [PSYoungGen: 458240K->148192K(518656K)] 850167K->650292K(1916928K), 0.0541234 secs] [Times: user=0.32 sys=0.00, real=0.05 secs] 
5246.488: [GC (Allocation Failure) [PSYoungGen: 494816K->109568K(522752K)] 996916K->742220K(1921024K), 0.0642975 secs] [Times: user=0.38 sys=0.01, real=0.06 secs] 
5248.345: [GC (Allocation Failure) [PSYoungGen: 456192K->139072K(521728K)] 1088844K->879169K(1920000K), 0.0528222 secs] [Times: user=0.31 sys=0.00, real=0.06 secs] 
5249.676: [GC (GCLocker Initiated GC) [PSYoungGen: 487744K->110912K(523264K)] 1227846K->980670K(1921536K), 0.0642333 secs] [Times: user=0.38 sys=0.00, real=0.07 secs] 
5251.045: [GC (Allocation Failure) [PSYoungGen: 459584K->139424K(522240K)] 1329412K->1118674K(1920512K), 0.0539073 secs] [Times: user=0.32 sys=0.00, real=0.06 secs] 
5252.335: [GC (Allocation Failure) [PSYoungGen: 489632K->111008K(523264K)] 1468882K->1220395K(1921536K), 0.0649663 secs] [Times: user=0.39 sys=0.00, real=0.07 secs] 
5254.228: [GC (Allocation Failure) [PSYoungGen: 461216K->141696K(523264K)] 1570603K->1359599K(1921536K), 0.0537111 secs] [Times: user=0.32 sys=0.00, real=0.05 secs] 
5255.638: [GC (Allocation Failure) [PSYoungGen: 493952K->110048K(524800K)] 1711855K->1460203K(1923072K), 0.0678997 secs] [Times: user=0.40 sys=0.00, real=0.06 secs] 
5255.706: [Full GC (Ergonomics) [PSYoungGen: 110048K->0K(524800K)] [ParOldGen: 1350155K->25830K(1398272K)] 1460203K->25830K(1923072K), [Metaspace: 60623K->60623K(1105920K)], 0.0399928 secs] [Times: user=0.11 sys=0.00, real=0.04 secs] 
5257.651: [GC (Allocation Failure) [PSYoungGen: 352256K->142944K(523776K)] 378086K->168774K(1922048K), 0.0283645 secs] [Times: user=0.17 sys=0.00, real=0.03 secs] 
5259.007: [GC (Allocation Failure) [PSYoungGen: 495712K->111104K(525824K)] 521542K->270583K(1924096K), 0.0686416 secs] [Times: user=0.40 sys=0.01, real=0.06 secs] 
5260.202: [GC (Allocation Failure) [PSYoungGen: 463872K->151648K(517632K)] 623351K->420395K(1915904K), 0.0538917 secs] [Times: user=0.32 sys=0.00, real=0.05 secs] 
5261.883: [GC (Allocation Failure) [PSYoungGen: 498272K->107680K(522752K)] 767019K->510715K(1921024K), 0.0658893 secs] [Times: user=0.39 sys=0.00, real=0.07 secs] 
5264.233: [GC (Allocation Failure) [PSYoungGen: 454304K->141120K(522240K)] 857339K->648592K(1920512K), 0.0525452 secs] [Times: user=0.31 sys=0.00, real=0.05 secs] 
5265.738: [GC (Allocation Failure) [PSYoungGen: 488768K->109952K(457728K)] 996240K->748804K(1856000K), 0.0842063 secs] [Times: user=0.50 sys=0.01, real=0.08 secs] 
5267.673: [GC (Allocation Failure) [PSYoungGen: 457600K->139904K(521728K)] 1096452K->885745K(1920000K), 0.0533577 secs] [Times: user=0.32 sys=0.00, real=0.05 secs] 
5268.947: [GC (Allocation Failure) [PSYoungGen: 488064K->110112K(522240K)] 1233905K->986625K(1920512K), 0.0633703 secs] [Times: user=0.38 sys=0.00, real=0.06 secs] 
5269.797: [GC (Allocation Failure) [PSYoungGen: 458272K->143232K(521728K)] 1334785K->1127422K(1920000K), 0.0543522 secs] [Times: user=0.32 sys=0.01, real=0.05 secs] 
5271.721: [GC (Allocation Failure) [PSYoungGen: 492416K->109856K(523776K)] 1476606K->1227926K(1922048K), 0.1408428 secs] [Times: user=0.84 sys=0.00, real=0.14 secs] 
5274.588: [GC (Allocation Failure) [PSYoungGen: 459040K->139552K(523776K)] 1577110K->1364955K(1922048K), 0.0547450 secs] [Times: user=0.33 sys=0.00, real=0.05 secs] 
5275.960: [GC (Allocation Failure) [PSYoungGen: 490784K->109440K(524288K)] 1716187K->1464891K(1922560K), 0.0676568 secs] [Times: user=0.40 sys=0.00, real=0.07 secs] 
5276.027: [Full GC (Ergonomics) [PSYoungGen: 109440K->0K(524288K)] [ParOldGen: 1355451K->31221K(1398272K)] 1464891K->31221K(1922560K), [Metaspace: 60624K->60624K(1105920K)], 0.0599204 secs] [Times: user=0.20 sys=0.01, real=0.06 secs] 
5277.266: [GC (Allocation Failure) [PSYoungGen: 351232K->153952K(515072K)] 382453K->185173K(1913344K), 0.0293741 secs] [Times: user=0.17 sys=0.00, real=0.03 secs] 
5278.686: [GC (Allocation Failure) [PSYoungGen: 497504K->105632K(521216K)] 528725K->273969K(1919488K), 0.0636154 secs] [Times: user=0.38 sys=0.00, real=0.07 secs] 
5280.706: [GC (Allocation Failure) [PSYoungGen: 449184K->148704K(516096K)] 617521K->419742K(1914368K), 0.0517162 secs] [Times: user=0.31 sys=0.00, real=0.06 secs] 
5282.063: [GC (Allocation Failure) [PSYoungGen: 488160K->104320K(519168K)] 759198K->506914K(1917440K), 0.0644796 secs] [Times: user=0.38 sys=0.01, real=0.07 secs] 
5284.295: [GC (Allocation Failure) [PSYoungGen: 443776K->135808K(515072K)] 846370K->640767K(1913344K), 0.0512985 secs] [Times: user=0.30 sys=0.01, real=0.05 secs] 
5285.602: [GC (Allocation Failure) [PSYoungGen: 476288K->108736K(517632K)] 981247K->740095K(1915904K), 0.0626451 secs] [Times: user=0.37 sys=0.00, real=0.06 secs] 
5286.951: [GC (Allocation Failure) [PSYoungGen: 449216K->133952K(518144K)] 1080575K->871988K(1916416K), 0.0524919 secs] [Times: user=0.31 sys=0.00, real=0.05 secs] 
5288.286: [GC (Allocation Failure) [PSYoungGen: 480576K->113920K(520192K)] 1218612K->976412K(1918464K), 0.0641411 secs] [Times: user=0.38 sys=0.00, real=0.07 secs] 
5290.529: [GC (Allocation Failure) [PSYoungGen: 460544K->133408K(522752K)] 1323036K->1107969K(1921024K), 0.0535662 secs] [Times: user=0.32 sys=0.00, real=0.05 secs] 
5291.870: [GC (Allocation Failure) [PSYoungGen: 487712K->117632K(523776K)] 1462273K->1215625K(1922048K), 0.0646177 secs] [Times: user=0.38 sys=0.00, real=0.06 secs] 
5293.359: [GC (Allocation Failure) [PSYoungGen: 471936K->140896K(525312K)] 1569929K->1355022K(1923584K), 0.0557626 secs] [Times: user=0.33 sys=0.00, real=0.05 secs] 
5294.672: [GC (Allocation Failure) [PSYoungGen: 499808K->112928K(527360K)] 1713934K->1458526K(1925632K), 0.0652696 secs] [Times: user=0.39 sys=0.01, real=0.07 secs] 
5294.738: [Full GC (Ergonomics) [PSYoungGen: 112928K->0K(527360K)] [ParOldGen: 1345597K->24208K(1398272K)] 1458526K->24208K(1925632K), [Metaspace: 60626K->60626K(1105920K)], 0.0378127 secs] [Times: user=0.10 sys=0.00, real=0.03 secs] 
5295.523: [GC (Allocation Failure) [PSYoungGen: 358912K->147520K(524288K)] 383120K->171728K(1922560K), 0.0294150 secs] [Times: user=0.17 sys=0.00, real=0.03 secs] 
5297.648: [GC (Allocation Failure) [PSYoungGen: 505408K->108736K(528384K)] 529616K->271849K(1926656K), 0.1173069 secs] [Times: user=0.69 sys=0.01, real=0.11 secs] 
5299.980: [GC (Allocation Failure) [PSYoungGen: 466624K->145216K(523264K)] 629737K->413909K(1921536K), 0.0525756 secs] [Times: user=0.31 sys=0.00, real=0.05 secs] 
5301.783: [GC (Allocation Failure) [PSYoungGen: 499008K->110976K(526336K)] 767701K->515177K(1924608K), 0.1250475 secs] [Times: user=0.65 sys=0.00, real=0.13 secs] 
5303.163: [GC (Allocation Failure) [PSYoungGen: 464768K->144704K(523264K)] 868969K->656710K(1921536K), 0.0531653 secs] [Times: user=0.31 sys=0.00, real=0.05 secs] 
5304.544: [GC (Allocation Failure) [PSYoungGen: 497472K->109728K(525824K)] 1009478K->757394K(1924096K), 0.0752777 secs] [Times: user=0.45 sys=0.00, real=0.08 secs] 
5306.337: [GC (Allocation Failure) [PSYoungGen: 462496K->144608K(522752K)] 1110162K->898815K(1921024K), 0.0526825 secs] [Times: user=0.31 sys=0.00, real=0.05 secs] 
5308.270: [GC (Allocation Failure) [PSYoungGen: 495328K->107840K(524800K)] 1249535K->997471K(1923072K), 0.1424103 secs] [Times: user=0.83 sys=0.01, real=0.14 secs] 
5310.335: [GC (Allocation Failure) [PSYoungGen: 458560K->144544K(521728K)] 1348191K->1137716K(1920000K), 0.0525937 secs] [Times: user=0.30 sys=0.00, real=0.06 secs] 
5311.805: [GC (Allocation Failure) [PSYoungGen: 493216K->108128K(523776K)] 1486388K->1236620K(1922048K), 0.1062917 secs] [Times: user=0.64 sys=0.00, real=0.11 secs] 
5313.254: [GC (Allocation Failure) [PSYoungGen: 456800K->144320K(520192K)] 1585292K->1377137K(1918464K), 0.0527023 secs] [Times: user=0.31 sys=0.00, real=0.05 secs] 
5313.307: [Full GC (Ergonomics) [PSYoungGen: 144320K->0K(520192K)] [ParOldGen: 1232817K->183933K(1398272K)] 1377137K->183933K(1918464K), [Metaspace: 60626K->60626K(1105920K)], 0.4335569 secs] [Times: user=2.01 sys=0.00, real=0.44 secs] 
5315.664: [GC (Allocation Failure) [PSYoungGen: 346624K->103488K(522752K)] 530557K->287421K(1921024K), 0.0928022 secs] [Times: user=0.54 sys=0.00, real=0.10 secs] 
5317.656: [GC (Allocation Failure) [PSYoungGen: 450112K->142432K(520704K)] 634045K->426698K(1918976K), 0.0509907 secs] [Times: user=0.30 sys=0.00, real=0.06 secs] 
5319.154: [GC (Allocation Failure) [PSYoungGen: 488032K->108128K(454144K)] 772298K->525322K(1852416K), 0.0720666 secs] [Times: user=0.42 sys=0.01, real=0.07 secs] 
5320.361: [GC (Allocation Failure) [PSYoungGen: 453728K->141248K(520192K)] 870922K->662894K(1918464K), 0.0521100 secs] [Times: user=0.31 sys=0.00, real=0.05 secs] 
5321.659: [GC (Allocation Failure) [PSYoungGen: 486848K->107296K(521728K)] 1008494K->760942K(1920000K), 0.0634173 secs] [Times: user=0.38 sys=0.00, real=0.06 secs] 
5322.668: [GC (Allocation Failure) [PSYoungGen: 452896K->142784K(520192K)] 1106542K->900979K(1918464K), 0.0530223 secs] [Times: user=0.31 sys=0.00, real=0.05 secs] 
5324.861: [GC (Allocation Failure) [PSYoungGen: 488896K->105280K(522240K)] 1247091K->996979K(1920512K), 0.1703634 secs] [Times: user=1.01 sys=0.00, real=0.17 secs] 
5326.082: [GC (Allocation Failure) [PSYoungGen: 451392K->141472K(521216K)] 1343091K->1135640K(1919488K), 0.0527897 secs] [Times: user=0.31 sys=0.00, real=0.05 secs] 
5327.939: [GC (Allocation Failure) [PSYoungGen: 488096K->108000K(454656K)] 1482264K->1233936K(1852928K), 0.1279668 secs] [Times: user=0.76 sys=0.00, real=0.13 secs] 
5328.738: [GC (Allocation Failure) [PSYoungGen: 454624K->145024K(519680K)] 1580560K->1376269K(1917952K), 0.0542600 secs] [Times: user=0.32 sys=0.00, real=0.05 secs] 
5330.113: [GC (Allocation Failure) [PSYoungGen: 490624K->104800K(522240K)] 1721869K->1472141K(1920512K), 0.0695817 secs] [Times: user=0.41 sys=0.00, real=0.07 secs] 
5330.183: [Full GC (Ergonomics) [PSYoungGen: 104800K->0K(522240K)] [ParOldGen: 1367341K->33834K(1398272K)] 1472141K->33834K(1920512K), [Metaspace: 60629K->60629K(1105920K)], 0.0681953 secs] [Times: user=0.25 sys=0.00, real=0.07 secs] 
5331.873: [GC (Allocation Failure) [PSYoungGen: 345600K->142080K(520192K)] 379434K->175914K(1918464K), 0.0287879 secs] [Times: user=0.17 sys=0.00, real=0.03 secs] 
5333.329: [GC (Allocation Failure) [PSYoungGen: 486656K->106656K(451584K)] 520490K->273206K(1849856K), 0.0868315 secs] [Times: user=0.52 sys=0.00, real=0.08 secs] 
5335.611: [GC (GCLocker Initiated GC) [PSYoungGen: 451232K->138400K(520704K)] 617783K->408636K(1918976K), 0.0520295 secs] [Times: user=0.31 sys=0.01, real=0.05 secs] 
5336.905: [GC (Allocation Failure) [PSYoungGen: 484000K->109440K(521216K)] 754238K->508610K(1919488K), 0.0632067 secs] [Times: user=0.37 sys=0.00, real=0.07 secs] 
5337.987: [GC (GCLocker Initiated GC) [PSYoungGen: 455040K->139136K(520192K)] 854210K->645859K(1918464K), 0.0530868 secs] [Times: user=0.31 sys=0.00, real=0.06 secs] 
5339.306: [GC (GCLocker Initiated GC) [PSYoungGen: 486272K->109856K(521216K)] 992998K->745870K(1919488K), 0.0882172 secs] [Times: user=0.52 sys=0.00, real=0.09 secs] 
5340.524: [GC (Allocation Failure) [PSYoungGen: 456992K->142048K(521216K)] 1093009K->885546K(1919488K), 0.0531507 secs] [Times: user=0.31 sys=0.00, real=0.06 secs] 
5341.916: [GC (Allocation Failure) [PSYoungGen: 491744K->111008K(523264K)] 1235242K->987066K(1921536K), 0.0679042 secs] [Times: user=0.41 sys=0.00, real=0.07 secs] 
5343.342: [GC (Allocation Failure) [PSYoungGen: 460704K->151744K(516096K)] 1336762K->1135710K(1914368K), 0.0541055 secs] [Times: user=0.32 sys=0.00, real=0.05 secs] 
5344.653: [GC (Allocation Failure) [PSYoungGen: 496320K->105024K(521728K)] 1480286K->1223182K(1920000K), 0.0642900 secs] [Times: user=0.38 sys=0.00, real=0.07 secs] 
5345.486: [GC (Allocation Failure) [PSYoungGen: 449600K->142304K(520192K)] 1567758K->1363575K(1918464K), 0.0522610 secs] [Times: user=0.31 sys=0.00, real=0.06 secs] 
5347.544: [GC (GCLocker Initiated GC) [PSYoungGen: 486880K->104640K(521728K)] 1708151K->1459419K(1920000K), 0.1364006 secs] [Times: user=0.80 sys=0.00, real=0.14 secs] 
5347.680: [Full GC (Ergonomics) [PSYoungGen: 104640K->0K(521728K)] [ParOldGen: 1354779K->25608K(1398272K)] 1459419K->25608K(1920000K), [Metaspace: 60629K->60629K(1105920K)], 0.0647905 secs] [Times: user=0.21 sys=0.00, real=0.06 secs] 
5350.187: [GC (Allocation Failure) [PSYoungGen: 344576K->139136K(521216K)] 370255K->164815K(1919488K), 0.0279463 secs] [Times: user=0.16 sys=0.00, real=0.02 secs] 
5351.461: [GC (Allocation Failure) [PSYoungGen: 484736K->109728K(455680K)] 510415K->265219K(1853952K), 0.0641800 secs] [Times: user=0.38 sys=0.00, real=0.06 secs] 
5353.316: [GC (Allocation Failure) [PSYoungGen: 455328K->138400K(521216K)] 610819K->401432K(1919488K), 0.0522973 secs] [Times: user=0.31 sys=0.00, real=0.06 secs] 
5354.690: [GC (Allocation Failure) [PSYoungGen: 485536K->110400K(521216K)] 748568K->502432K(1919488K), 0.0661104 secs] [Times: user=0.39 sys=0.00, real=0.06 secs] 
5356.612: [GC (Allocation Failure) [PSYoungGen: 457536K->137216K(522752K)] 849568K->637581K(1921024K), 0.0530870 secs] [Times: user=0.31 sys=0.00, real=0.05 secs] 
5357.912: [GC (Allocation Failure) [PSYoungGen: 487936K->113888K(522752K)] 988301K->741985K(1921024K), 0.0634299 secs] [Times: user=0.38 sys=0.00, real=0.06 secs] 
5361.254: [GC (Allocation Failure) [PSYoungGen: 464608K->136576K(524288K)] 1092705K->876518K(1922560K), 0.0540770 secs] [Times: user=0.32 sys=0.00, real=0.06 secs] 
5362.569: [GC (Allocation Failure) [PSYoungGen: 491392K->113376K(524288K)] 1231334K->980426K(1922560K), 0.0672627 secs] [Times: user=0.40 sys=0.00, real=0.06 secs] 
5363.690: [GC (Allocation Failure) [PSYoungGen: 468192K->142368K(524288K)] 1335242K->1120738K(1922560K), 0.0545883 secs] [Times: user=0.32 sys=0.00, real=0.05 secs] 
5364.988: [GC (Allocation Failure) [PSYoungGen: 499744K->114496K(526848K)] 1478114K->1226202K(1925120K), 0.0657986 secs] [Times: user=0.39 sys=0.00, real=0.06 secs] 
5367.618: [GC (Allocation Failure) [PSYoungGen: 471872K->142400K(527360K)] 1583578K->1365799K(1925632K), 0.0551540 secs] [Times: user=0.32 sys=0.00, real=0.05 secs] 
5369.076: [GC (Allocation Failure) [PSYoungGen: 502336K->112672K(529408K)] 1725735K->1469199K(1927680K), 0.0791061 secs] [Times: user=0.47 sys=0.00, real=0.08 secs] 
5369.155: [Full GC (Ergonomics) [PSYoungGen: 112672K->0K(529408K)] [ParOldGen: 1356527K->35178K(1398272K)] 1469199K->35178K(1927680K), [Metaspace: 60629K->60629K(1105920K)], 0.0625825 secs] [Times: user=0.22 sys=0.00, real=0.07 secs] 
5370.170: [GC (Allocation Failure) [PSYoungGen: 359936K->149088K(522240K)] 395114K->184266K(1920512K), 0.0297305 secs] [Times: user=0.17 sys=0.00, real=0.03 secs] 
5371.564: [GC (Allocation Failure) [PSYoungGen: 503904K->110592K(526848K)] 539082K->285606K(1925120K), 0.0812685 secs] [Times: user=0.49 sys=0.00, real=0.08 secs] 
5372.551: [GC (Allocation Failure) [PSYoungGen: 465408K->150048K(519168K)] 640422K->429723K(1917440K), 0.0530944 secs] [Times: user=0.31 sys=0.00, real=0.05 secs] 
5374.942: [GC (Allocation Failure) [PSYoungGen: 498720K->104192K(523776K)] 778395K->525123K(1922048K), 0.1511490 secs] [Times: user=0.90 sys=0.00, real=0.15 secs] 
5377.343: [GC (Allocation Failure) [PSYoungGen: 452864K->142944K(521216K)] 873795K->663647K(1919488K), 0.0515472 secs] [Times: user=0.30 sys=0.00, real=0.05 secs] 
5378.668: [GC (Allocation Failure) [PSYoungGen: 489568K->108800K(522752K)] 1010271K->762831K(1921024K), 0.0630359 secs] [Times: user=0.37 sys=0.00, real=0.06 secs] 
5379.924: [GC (Allocation Failure) [PSYoungGen: 455424K->142624K(521728K)] 1109455K->901372K(1920000K), 0.0530924 secs] [Times: user=0.31 sys=0.00, real=0.06 secs] 
5381.302: [GC (Allocation Failure) [PSYoungGen: 489760K->109056K(522752K)] 1248508K->1000560K(1921024K), 0.0640252 secs] [Times: user=0.38 sys=0.00, real=0.06 secs] 
5382.902: [GC (Allocation Failure) [PSYoungGen: 456192K->143808K(520704K)] 1347696K->1140125K(1918976K), 0.0532060 secs] [Times: user=0.32 sys=0.00, real=0.05 secs] 
5384.872: [GC (GCLocker Initiated GC) [PSYoungGen: 490432K->104864K(522752K)] 1486749K->1235773K(1921024K), 0.1168767 secs] [Times: user=0.69 sys=0.00, real=0.12 secs] 
5386.846: [GC (Allocation Failure) [PSYoungGen: 451488K->141568K(521728K)] 1582400K->1373785K(1920000K), 0.0519744 secs] [Times: user=0.30 sys=0.00, real=0.06 secs] 
5386.898: [Full GC (Ergonomics) [PSYoungGen: 141568K->0K(521728K)] [ParOldGen: 1232217K->178223K(1398272K)] 1373785K->178223K(1920000K), [Metaspace: 60629K->60629K(1105920K)], 0.4140963 secs] [Times: user=1.91 sys=0.00, real=0.41 secs] 
5388.700: [GC (Allocation Failure) [PSYoungGen: 346624K->105696K(452608K)] 524847K->283919K(1850880K), 0.0456432 secs] [Times: user=0.27 sys=0.00, real=0.04 secs] 
5389.618: [GC (Allocation Failure) [PSYoungGen: 452320K->143424K(520192K)] 630543K->424659K(1918464K), 0.0526002 secs] [Times: user=0.31 sys=0.00, real=0.05 secs] 
5390.934: [GC (Allocation Failure) [PSYoungGen: 489024K->106784K(522240K)] 770259K->522279K(1920512K), 0.0630378 secs] [Times: user=0.37 sys=0.00, real=0.07 secs] 
5393.678: [GC (Allocation Failure) [PSYoungGen: 452384K->138720K(521728K)] 867879K->657972K(1920000K), 0.0521122 secs] [Times: user=0.30 sys=0.01, real=0.05 secs] 
5395.090: [GC (Allocation Failure) [PSYoungGen: 485856K->108928K(522240K)] 1005108K->756956K(1920512K), 0.0721889 secs] [Times: user=0.43 sys=0.00, real=0.07 secs] 
5396.743: [GC (Allocation Failure) [PSYoungGen: 456064K->141152K(521728K)] 1104092K->894768K(1920000K), 0.0529621 secs] [Times: user=0.31 sys=0.00, real=0.05 secs] 
5398.060: [GC (Allocation Failure) [PSYoungGen: 489312K->109856K(522752K)] 1242928K->995412K(1921024K), 0.0656110 secs] [Times: user=0.39 sys=0.00, real=0.06 secs] 
5400.013: [GC (Allocation Failure) [PSYoungGen: 458016K->141472K(521728K)] 1343572K->1134249K(1920000K), 0.0534728 secs] [Times: user=0.31 sys=0.00, real=0.05 secs] 
5401.301: [GC (Allocation Failure) [PSYoungGen: 490656K->108416K(523264K)] 1483433K->1233281K(1921536K), 0.0648632 secs] [Times: user=0.38 sys=0.00, real=0.06 secs] 
5402.903: [GC (Allocation Failure) [PSYoungGen: 457600K->142784K(522240K)] 1582465K->1372894K(1920512K), 0.0534959 secs] [Times: user=0.31 sys=0.01, real=0.05 secs] 
5404.220: [GC (GCLocker Initiated GC) [PSYoungGen: 492480K->108768K(524288K)] 1722593K->1471757K(1922560K), 0.0871323 secs] [Times: user=0.48 sys=0.00, real=0.09 secs] 
5404.307: [Full GC (Ergonomics) [PSYoungGen: 108768K->0K(524288K)] [ParOldGen: 1362989K->32803K(1398272K)] 1471757K->32803K(1922560K), [Metaspace: 60629K->59722K(1105920K)], 0.0682277 secs] [Times: user=0.20 sys=0.00, real=0.06 secs] 
5405.062: [GC (Allocation Failure) [PSYoungGen: 349696K->144768K(521216K)] 382503K->177575K(1919488K), 0.0290201 secs] [Times: user=0.17 sys=0.00, real=0.03 secs] 
5406.646: [GC (Allocation Failure) [PSYoungGen: 493440K->106592K(523776K)] 526247K->274787K(1922048K), 0.0972618 secs] [Times: user=0.58 sys=0.01, real=0.10 secs] 
5408.934: [GC (Allocation Failure) [PSYoungGen: 455264K->141376K(522240K)] 623459K->412840K(1920512K), 0.0513348 secs] [Times: user=0.30 sys=0.00, real=0.05 secs] 
5410.213: [GC (Allocation Failure) [PSYoungGen: 490048K->108320K(523776K)] 761512K->511840K(1922048K), 0.0623158 secs] [Times: user=0.37 sys=0.00, real=0.06 secs] 
5412.555: [GC (Allocation Failure) [PSYoungGen: 456992K->142368K(522240K)] 860512K->651445K(1920512K), 0.0526226 secs] [Times: user=0.31 sys=0.00, real=0.06 secs] 
5413.829: [GC (Allocation Failure) [PSYoungGen: 491040K->105920K(523776K)] 1000117K->748353K(1922048K), 0.0643321 secs] [Times: user=0.38 sys=0.00, real=0.06 secs] 
5415.333: [GC (GCLocker Initiated GC) [PSYoungGen: 454592K->140864K(522240K)] 1097025K->886350K(1920512K), 0.0520154 secs] [Times: user=0.30 sys=0.00, real=0.05 secs] 
5416.628: [GC (Allocation Failure) [PSYoungGen: 489536K->110144K(459264K)] 1235061K->987177K(1857536K), 0.0733052 secs] [Times: user=0.44 sys=0.00, real=0.07 secs] 
5419.099: [GC (Allocation Failure) [PSYoungGen: 458816K->139776K(521728K)] 1335849K->1124126K(1920000K), 0.0529871 secs] [Times: user=0.31 sys=0.00, real=0.05 secs] 
5420.393: [GC (Allocation Failure) [PSYoungGen: 488958K->110688K(522752K)] 1473309K->1224978K(1921024K), 0.0635739 secs] [Times: user=0.38 sys=0.00, real=0.06 secs] 
5421.811: [GC (Allocation Failure) [PSYoungGen: 459872K->142880K(522240K)] 1574162K->1365055K(1920512K), 0.0537479 secs] [Times: user=0.32 sys=0.00, real=0.05 secs] 
5423.304: [GC (Allocation Failure) [PSYoungGen: 493600K->109088K(524288K)] 1715775K->1464799K(1922560K), 0.0749752 secs] [Times: user=0.44 sys=0.00, real=0.08 secs] 
5423.379: [Full GC (Ergonomics) [PSYoungGen: 109088K->0K(524288K)] [ParOldGen: 1355710K->31808K(1398272K)] 1464799K->31808K(1922560K), [Metaspace: 59722K->59722K(1105920K)], 0.0534434 secs] [Times: user=0.18 sys=0.00, real=0.05 secs] 
5425.496: [GC (Allocation Failure) [PSYoungGen: 350720K->142208K(523776K)] 382528K->174016K(1922048K), 0.0285024 secs] [Times: user=0.17 sys=0.00, real=0.03 secs] 
5426.830: [GC (Allocation Failure) [PSYoungGen: 493952K->109600K(525312K)] 525760K->274192K(1923584K), 0.0628052 secs] [Times: user=0.37 sys=0.00, real=0.06 secs] 
5428.599: [GC (Allocation Failure) [PSYoungGen: 461344K->143040K(522752K)] 625936K->414053K(1921024K), 0.0530008 secs] [Times: user=0.31 sys=0.00, real=0.05 secs] 
5429.910: [GC (GCLocker Initiated GC) [PSYoungGen: 493760K->110816K(524800K)] 764773K->515421K(1923072K), 0.0667703 secs] [Times: user=0.40 sys=0.00, real=0.07 secs] 
5431.513: [GC (Allocation Failure) [PSYoungGen: 461536K->142528K(523264K)] 866144K->655141K(1921536K), 0.0532780 secs] [Times: user=0.32 sys=0.01, real=0.05 secs] 
5433.322: [GC (Allocation Failure) [PSYoungGen: 493760K->109216K(524800K)] 1006373K->755361K(1923072K), 0.1122264 secs] [Times: user=0.66 sys=0.01, real=0.11 secs] 
5435.628: [GC (Allocation Failure) [PSYoungGen: 460448K->142752K(522752K)] 1106593K->894886K(1921024K), 0.0535749 secs] [Times: user=0.32 sys=0.00, real=0.05 secs] 
5437.109: [GC (Allocation Failure) [PSYoungGen: 493472K->110304K(524800K)] 1245606K->995942K(1923072K), 0.0652264 secs] [Times: user=0.39 sys=0.00, real=0.06 secs] 
5438.423: [GC (Allocation Failure) [PSYoungGen: 461024K->143008K(522752K)] 1346662K->1135971K(1921024K), 0.0547479 secs] [Times: user=0.33 sys=0.00, real=0.06 secs] 
5439.790: [GC (Allocation Failure) [PSYoungGen: 493728K->109792K(524800K)] 1486691K->1236467K(1923072K), 0.0686395 secs] [Times: user=0.41 sys=0.00, real=0.07 secs] 
5441.336: [GC (Allocation Failure) [PSYoungGen: 460512K->142112K(523264K)] 1587187K->1375399K(1921536K), 0.0534208 secs] [Times: user=0.31 sys=0.00, real=0.06 secs] 
5441.390: [Full GC (Ergonomics) [PSYoungGen: 142112K->0K(523264K)] [ParOldGen: 1233287K->179084K(1398272K)] 1375399K->179084K(1921536K), [Metaspace: 59722K->59722K(1105920K)], 0.4234087 secs] [Times: user=1.97 sys=0.00, real=0.42 secs] 
5443.967: [GC (Allocation Failure) [PSYoungGen: 350370K->109056K(524800K)] 529455K->288141K(1923072K), 0.0870818 secs] [Times: user=0.51 sys=0.01, real=0.09 secs] 
5445.400: [GC (GCLocker Initiated GC) [PSYoungGen: 460288K->143104K(522752K)] 639373K->428125K(1921024K), 0.0530641 secs] [Times: user=0.31 sys=0.00, real=0.05 secs] 
5446.715: [GC (Allocation Failure) [PSYoungGen: 493824K->108064K(524800K)] 778847K->527223K(1923072K), 0.0627375 secs] [Times: user=0.37 sys=0.00, real=0.07 secs] 
5448.093: [GC (Allocation Failure) [PSYoungGen: 458784K->145440K(520192K)] 877943K->670884K(1918464K), 0.0512774 secs] [Times: user=0.30 sys=0.00, real=0.05 secs] 
5450.057: [GC (Allocation Failure) [PSYoungGen: 493088K->106368K(523264K)] 1018532K->768060K(1921536K), 0.1601017 secs] [Times: user=0.95 sys=0.00, real=0.16 secs] 
5451.826: [GC (Allocation Failure) [PSYoungGen: 454016K->142304K(521728K)] 1115708K->906265K(1920000K), 0.0517629 secs] [Times: user=0.31 sys=0.00, real=0.06 secs] 
5453.172: [GC (Allocation Failure) [PSYoungGen: 489952K->109344K(457216K)] 1253913K->1005961K(1855488K), 0.0644182 secs] [Times: user=0.38 sys=0.00, real=0.06 secs] 
5453.993: [GC (Allocation Failure) [PSYoungGen: 456992K->145216K(519168K)] 1353609K->1147326K(1917440K), 0.0532603 secs] [Times: user=0.31 sys=0.01, real=0.05 secs] 
5455.656: [GC (Allocation Failure) [PSYoungGen: 490816K->105984K(522240K)] 1492926K->1244014K(1920512K), 0.1026012 secs] [Times: user=0.60 sys=0.00, real=0.11 secs] 
5457.481: [GC (Allocation Failure) [PSYoungGen: 451584K->142496K(520704K)] 1589614K->1383114K(1918976K), 0.0525154 secs] [Times: user=0.31 sys=0.00, real=0.05 secs] 
5457.533: [Full GC (Ergonomics) [PSYoungGen: 142496K->0K(520704K)] [ParOldGen: 1240618K->179775K(1398272K)] 1383114K->179775K(1918976K), [Metaspace: 59722K->59722K(1105920K)], 0.4126544 secs] [Times: user=1.89 sys=0.00, real=0.41 secs] 
5459.567: [GC (Allocation Failure) [PSYoungGen: 345600K->104384K(522240K)] 525375K->284159K(1920512K), 0.0536616 secs] [Times: user=0.31 sys=0.00, real=0.06 secs] 
5461.984: [GC (Allocation Failure) [PSYoungGen: 449984K->137856K(520704K)] 629759K->419340K(1918976K), 0.0519019 secs] [Times: user=0.31 sys=0.00, real=0.05 secs] 
5463.454: [GC (Allocation Failure) [PSYoungGen: 484480K->107008K(521728K)] 765964K->516940K(1920000K), 0.0895622 secs] [Times: user=0.53 sys=0.01, real=0.09 secs] 
5464.484: [GC (Allocation Failure) [PSYoungGen: 453632K->142752K(521216K)] 863564K->657324K(1919488K), 0.0529201 secs] [Times: user=0.31 sys=0.01, real=0.05 secs] 
5465.856: [GC (Allocation Failure) [PSYoungGen: 490400K->109024K(523264K)] 1004972K->757009K(1921536K), 0.0644762 secs] [Times: user=0.38 sys=0.00, real=0.07 secs] 
5467.955: [GC (Allocation Failure) [PSYoungGen: 456672K->140544K(522240K)] 1104657K->894613K(1920512K), 0.0530726 secs] [Times: user=0.32 sys=0.00, real=0.06 secs] 
5469.405: [GC (GCLocker Initiated GC) [PSYoungGen: 489216K->109632K(523264K)] 1243285K->994389K(1921536K), 0.0976830 secs] [Times: user=0.58 sys=0.01, real=0.10 secs] 
5471.208: [GC (Allocation Failure) [PSYoungGen: 458304K->141184K(521728K)] 1343132K->1132665K(1920000K), 0.0537976 secs] [Times: user=0.32 sys=0.01, real=0.05 secs] 
5472.488: [GC (Allocation Failure) [PSYoungGen: 490368K->110144K(523264K)] 1481849K->1233537K(1921536K), 0.0644879 secs] [Times: user=0.39 sys=0.00, real=0.06 secs] 
5473.640: [GC (Allocation Failure) [PSYoungGen: 459328K->143648K(522240K)] 1582721K->1374726K(1920512K), 0.0545402 secs] [Times: user=0.32 sys=0.01, real=0.05 secs] 
5475.121: [GC (Allocation Failure) [PSYoungGen: 493856K->106880K(524288K)] 1724934K->1472314K(1922560K), 0.0826840 secs] [Times: user=0.49 sys=0.00, real=0.08 secs] 
5475.204: [Full GC (Ergonomics) [PSYoungGen: 106880K->0K(524288K)] [ParOldGen: 1365434K->33736K(1398272K)] 1472314K->33736K(1922560K), [Metaspace: 59723K->59703K(1105920K)], 0.0696139 secs] [Times: user=0.24 sys=0.00, real=0.07 secs] 
5477.413: [GC (Allocation Failure) [PSYoungGen: 350208K->141568K(522752K)] 383944K->175304K(1921024K), 0.0285649 secs] [Times: user=0.17 sys=0.01, real=0.03 secs] 
5478.706: [GC (Allocation Failure) [PSYoungGen: 491264K->108128K(458240K)] 525000K->274296K(1856512K), 0.0627222 secs] [Times: user=0.37 sys=0.00, real=0.07 secs] 
5479.779: [GC (Allocation Failure) [PSYoungGen: 457824K->145536K(520192K)] 623992K->417209K(1918464K), 0.0528025 secs] [Times: user=0.32 sys=0.00, real=0.05 secs] 
5481.216: [GC (Allocation Failure) [PSYoungGen: 493184K->106656K(523264K)] 764857K->515049K(1921536K), 0.0713463 secs] [Times: user=0.42 sys=0.00, real=0.08 secs] 
5483.649: [GC (Allocation Failure) [PSYoungGen: 454304K->141024K(522752K)] 862697K->653238K(1921024K), 0.0518311 secs] [Times: user=0.30 sys=0.00, real=0.05 secs] 
5484.926: [GC (Allocation Failure) [PSYoungGen: 489696K->108160K(457216K)] 1001910K->752102K(1855488K), 0.0630983 secs] [Times: user=0.38 sys=0.00, real=0.07 secs] 
5486.419: [GC (Allocation Failure) [PSYoungGen: 456832K->144736K(520192K)] 1100774K->893931K(1918464K), 0.0532885 secs] [Times: user=0.30 sys=0.00, real=0.05 secs] 
5487.778: [GC (GCLocker Initiated GC) [PSYoungGen: 491360K->105504K(522752K)] 1240559K->990655K(1921024K), 0.0644265 secs] [Times: user=0.38 sys=0.00, real=0.06 secs] 
5489.388: [GC (Allocation Failure) [PSYoungGen: 452128K->140896K(521216K)] 1337318K->1129199K(1919488K), 0.0518256 secs] [Times: user=0.30 sys=0.00, real=0.05 secs] 
5490.672: [GC (Allocation Failure) [PSYoungGen: 487520K->109248K(456192K)] 1475823K->1229039K(1854464K), 0.0629222 secs] [Times: user=0.38 sys=0.00, real=0.06 secs] 
5492.501: [GC (Allocation Failure) [PSYoungGen: 455872K->141376K(520192K)] 1575663K->1367968K(1918464K), 0.0530722 secs] [Times: user=0.31 sys=0.00, real=0.05 secs] 
5494.085: [GC (Allocation Failure) [PSYoungGen: 488000K->108256K(521728K)] 1714592K->1466684K(1920000K), 0.0646133 secs] [Times: user=0.38 sys=0.00, real=0.07 secs] 
5494.150: [Full GC (Ergonomics) [PSYoungGen: 108256K->0K(521728K)] [ParOldGen: 1358428K->32216K(1398272K)] 1466684K->32216K(1920000K), [Metaspace: 59703K->59703K(1105920K)], 0.0558305 secs] [Times: user=0.19 sys=0.00, real=0.05 secs] 
5495.112: [GC (Allocation Failure) [PSYoungGen: 346624K->142880K(521216K)] 378840K->175096K(1919488K), 0.0288631 secs] [Times: user=0.16 sys=0.00, real=0.03 secs] 
5496.523: [GC (Allocation Failure) [PSYoungGen: 491040K->105760K(523264K)] 523256K->271520K(1921536K), 0.0720455 secs] [Times: user=0.35 sys=0.00, real=0.07 secs] 
5497.691: [GC (Allocation Failure) [PSYoungGen: 453920K->142336K(521728K)] 619680K->411483K(1920000K), 0.0522558 secs] [Times: user=0.30 sys=0.01, real=0.05 secs] 
5499.020: [GC (Allocation Failure) [PSYoungGen: 489984K->109472K(457216K)] 759131K->511799K(1855488K), 0.0637270 secs] [Times: user=0.37 sys=0.00, real=0.06 secs] 
5501.224: [GC (Allocation Failure) [PSYoungGen: 457120K->141216K(521216K)] 859447K->650388K(1919488K), 0.0530367 secs] [Times: user=0.32 sys=0.00, real=0.06 secs] 
5502.574: [GC (Allocation Failure) [PSYoungGen: 488864K->109216K(522752K)] 998036K->750232K(1921024K), 0.0765786 secs] [Times: user=0.46 sys=0.00, real=0.08 secs] 
5503.478: [GC (Allocation Failure) [PSYoungGen: 456864K->143392K(521216K)] 1097880K->890829K(1919488K), 0.0532181 secs] [Times: user=0.31 sys=0.00, real=0.05 secs] 
5504.751: [GC (Allocation Failure) [PSYoungGen: 491552K->105888K(523264K)] 1238989K->987453K(1921536K), 0.0655353 secs] [Times: user=0.38 sys=0.00, real=0.07 secs] 
5505.678: [GC (Allocation Failure) [PSYoungGen: 454048K->144736K(520192K)] 1335613K->1130244K(1918464K), 0.0532222 secs] [Times: user=0.31 sys=0.00, real=0.05 secs] 
5506.954: [GC (Allocation Failure) [PSYoungGen: 491360K->111136K(522752K)] 1476868K->1232588K(1921024K), 0.0656916 secs] [Times: user=0.39 sys=0.00, real=0.07 secs] 
5509.266: [GC (Allocation Failure) [PSYoungGen: 457760K->140160K(522752K)] 1579212K->1368241K(1921024K), 0.0537082 secs] [Times: user=0.32 sys=0.00, real=0.06 secs] 
5510.545: [GC (GCLocker Initiated GC) [PSYoungGen: 488832K->108736K(523264K)] 1716913K->1467681K(1921536K), 0.0647622 secs] [Times: user=0.38 sys=0.00, real=0.07 secs] 
5510.610: [Full GC (Ergonomics) [PSYoungGen: 108736K->0K(523264K)] [ParOldGen: 1358945K->32033K(1398272K)] 1467681K->32033K(1921536K), [Metaspace: 59703K->59703K(1105920K)], 0.1005899 secs] [Times: user=0.42 sys=0.00, real=0.10 secs] 
5512.161: [GC (Allocation Failure) [PSYoungGen: 348672K->148864K(517632K)] 380744K->180936K(1915904K), 0.0283903 secs] [Times: user=0.16 sys=0.00, real=0.03 secs] 
5513.516: [GC (GCLocker Initiated GC) [PSYoungGen: 493440K->109312K(521728K)] 525512K->272296K(1920000K), 0.0624846 secs] [Times: user=0.37 sys=0.00, real=0.07 secs] 
5514.315: [GC (Allocation Failure) [PSYoungGen: 453888K->142080K(520704K)] 616943K->411524K(1918976K), 0.0527075 secs] [Times: user=0.30 sys=0.00, real=0.06 secs] 
5515.677: [GC (Allocation Failure) [PSYoungGen: 487680K->106400K(522240K)] 757124K->508592K(1920512K), 0.0622977 secs] [Times: user=0.37 sys=0.01, real=0.06 secs] 
5518.239: [GC (Allocation Failure) [PSYoungGen: 452000K->140960K(521216K)] 854192K->646645K(1919488K), 0.0523457 secs] [Times: user=0.31 sys=0.00, real=0.05 secs] 
5519.530: [GC (Allocation Failure) [PSYoungGen: 487072K->108192K(454656K)] 992757K->745813K(1852928K), 0.0636302 secs] [Times: user=0.37 sys=0.00, real=0.06 secs] 
5521.184: [GC (Allocation Failure) [PSYoungGen: 454304K->139808K(521216K)] 1091925K->883890K(1919488K), 0.0533458 secs] [Times: user=0.32 sys=0.00, real=0.06 secs] 
5522.566: [GC (Allocation Failure) [PSYoungGen: 486944K->107072K(521728K)] 1231026K->982050K(1920000K), 0.0677670 secs] [Times: user=0.41 sys=0.00, real=0.07 secs] 
5523.976: [GC (Allocation Failure) [PSYoungGen: 454208K->142208K(521216K)] 1329186K->1121942K(1919488K), 0.0527380 secs] [Times: user=0.32 sys=0.00, real=0.06 secs] 
5525.330: [GC (Allocation Failure) [PSYoungGen: 490368K->109600K(523264K)] 1470102K->1222422K(1921536K), 0.0646590 secs] [Times: user=0.38 sys=0.00, real=0.06 secs] 
5527.446: [GC (Allocation Failure) [PSYoungGen: 457760K->139904K(522752K)] 1570582K->1359971K(1921024K), 0.0540825 secs] [Times: user=0.31 sys=0.00, real=0.06 secs] 
5528.750: [GC (Allocation Failure) [PSYoungGen: 489600K->110528K(460288K)] 1709667K->1460483K(1858560K), 0.0645141 secs] [Times: user=0.38 sys=0.00, real=0.06 secs] 
5528.815: [Full GC (Ergonomics) [PSYoungGen: 110528K->0K(460288K)] [ParOldGen: 1349955K->26670K(1398272K)] 1460483K->26670K(1858560K), [Metaspace: 59703K->59703K(1105920K)], 0.0487021 secs] [Times: user=0.16 sys=0.00, real=0.05 secs] 
5529.776: [GC (Allocation Failure) [PSYoungGen: 349696K->142208K(521216K)] 376366K->168878K(1919488K), 0.0279888 secs] [Times: user=0.16 sys=0.00, real=0.03 secs] 
5531.025: [GC (GCLocker Initiated GC) [PSYoungGen: 491904K->110016K(523264K)] 518576K->269560K(1921536K), 0.0629001 secs] [Times: user=0.37 sys=0.00, real=0.07 secs] 
5532.603: [GC (Allocation Failure) [PSYoungGen: 459712K->141696K(523776K)] 619256K->408805K(1922048K), 0.0528540 secs] [Times: user=0.31 sys=0.00, real=0.05 secs] 
5533.893: [GC (Allocation Failure) [PSYoungGen: 493952K->110272K(525312K)] 761061K->509597K(1923584K), 0.0637625 secs] [Times: user=0.37 sys=0.01, real=0.06 secs] 
5534.903: [GC (Allocation Failure) [PSYoungGen: 462528K->144032K(522240K)] 861853K->651122K(1920512K), 0.0535593 secs] [Times: user=0.32 sys=0.00, real=0.05 secs] 
5536.246: [GC (Allocation Failure) [PSYoungGen: 494752K->110848K(524800K)] 1001842K->752118K(1923072K), 0.0637149 secs] [Times: user=0.37 sys=0.00, real=0.07 secs] 
5537.920: [GC (Allocation Failure) [PSYoungGen: 461568K->145600K(521728K)] 1102838K->894731K(1920000K), 0.0537419 secs] [Times: user=0.32 sys=0.00, real=0.05 secs] 
5539.239: [GC (GCLocker Initiated GC) [PSYoungGen: 495296K->104576K(524288K)] 1244427K->990271K(1922560K), 0.0929501 secs] [Times: user=0.55 sys=0.00, real=0.09 secs] 
5540.726: [GC (Allocation Failure) [PSYoungGen: 454272K->151136K(515584K)] 1340038K->1138491K(1913856K), 0.0525396 secs] [Times: user=0.31 sys=0.00, real=0.06 secs] 
5542.244: [GC (Allocation Failure) [PSYoungGen: 492640K->107872K(520192K)] 1479995K->1228251K(1918464K), 0.0817048 secs] [Times: user=0.48 sys=0.00, real=0.08 secs] 
5544.218: [GC (Allocation Failure) [PSYoungGen: 449376K->139264K(518656K)] 1569755K->1364480K(1916928K), 0.0524459 secs] [Times: user=0.31 sys=0.00, real=0.05 secs] 
5545.544: [GC (Allocation Failure) [PSYoungGen: 482304K->105664K(520192K)] 1707520K->1460796K(1918464K), 0.0643070 secs] [Times: user=0.38 sys=0.01, real=0.07 secs] 
5545.609: [Full GC (Ergonomics) [PSYoungGen: 105664K->0K(520192K)] [ParOldGen: 1355132K->28686K(1398272K)] 1460796K->28686K(1918464K), [Metaspace: 59703K->59703K(1105920K)], 0.0536920 secs] [Times: user=0.17 sys=0.00, real=0.05 secs] 
5547.318: [GC (Allocation Failure) [PSYoungGen: 343040K->138176K(521728K)] 371726K->166862K(1920000K), 0.0274777 secs] [Times: user=0.16 sys=0.01, real=0.02 secs] 
5548.583: [GC (Allocation Failure) [PSYoungGen: 484288K->110496K(456704K)] 512974K->268022K(1854976K), 0.0652929 secs] [Times: user=0.38 sys=0.00, real=0.07 secs] 
5550.937: [GC (Allocation Failure) [PSYoungGen: 456608K->138816K(520192K)] 614134K->404498K(1918464K), 0.0528112 secs] [Times: user=0.31 sys=0.00, real=0.05 secs] 
5552.240: [GC (Allocation Failure) [PSYoungGen: 485952K->108608K(520704K)] 751634K->503642K(1918976K), 0.0751792 secs] [Times: user=0.44 sys=0.01, real=0.07 secs] 
5553.692: [GC (Allocation Failure) [PSYoungGen: 455744K->137856K(524288K)] 850778K->639243K(1922560K), 0.0526287 secs] [Times: user=0.30 sys=0.00, real=0.05 secs] 
5554.989: [GC (GCLocker Initiated GC) [PSYoungGen: 490112K->114016K(524288K)] 991499K->743259K(1922560K), 0.0647034 secs] [Times: user=0.39 sys=0.00, real=0.06 secs] 
5556.171: [GC (Allocation Failure) [PSYoungGen: 466272K->143040K(521728K)] 1095518K->884083K(1920000K), 0.0547287 secs] [Times: user=0.32 sys=0.00, real=0.05 secs] 
5557.548: [GC (GCLocker Initiated GC) [PSYoungGen: 495296K->106752K(524288K)] 1236339K->981803K(1922560K), 0.0685906 secs] [Times: user=0.40 sys=0.00, real=0.07 secs] 
5559.616: [GC (Allocation Failure) [PSYoungGen: 459008K->142944K(523264K)] 1334098K->1122497K(1921536K), 0.0525993 secs] [Times: user=0.31 sys=0.00, real=0.06 secs] 
5560.987: [GC (GCLocker Initiated GC) [PSYoungGen: 495712K->111200K(525824K)] 1475266K->1224330K(1924096K), 0.0652961 secs] [Times: user=0.38 sys=0.00, real=0.06 secs] 
5562.950: [GC (Allocation Failure) [PSYoungGen: 463968K->141728K(524800K)] 1577168K->1363217K(1923072K), 0.0537988 secs] [Times: user=0.32 sys=0.00, real=0.05 secs] 
5564.228: [GC (Allocation Failure) [PSYoungGen: 495520K->112384K(466432K)] 1717009K->1465865K(1864704K), 0.0658092 secs] [Times: user=0.39 sys=0.00, real=0.06 secs] 
5564.294: [Full GC (Ergonomics) [PSYoungGen: 112384K->0K(466432K)] [ParOldGen: 1353481K->31631K(1398272K)] 1465865K->31631K(1864704K), [Metaspace: 59703K->59703K(1105920K)], 0.0563355 secs] [Times: user=0.19 sys=0.00, real=0.06 secs] 
5565.945: [GC (Allocation Failure) [PSYoungGen: 353792K->144576K(523264K)] 385423K->176208K(1921536K), 0.0287781 secs] [Times: user=0.17 sys=0.00, real=0.03 secs] 
5567.265: [GC (GCLocker Initiated GC) [PSYoungGen: 497344K->110432K(525824K)] 528976K->276956K(1924096K), 0.0639146 secs] [Times: user=0.38 sys=0.00, real=0.07 secs] 
5569.942: [GC (Allocation Failure) [PSYoungGen: 463200K->141056K(525312K)] 629794K->414859K(1923584K), 0.0527006 secs] [Times: user=0.31 sys=0.00, real=0.05 secs] 
5571.244: [GC (Allocation Failure) [PSYoungGen: 494848K->111744K(465920K)] 768651K->517435K(1864192K), 0.0640606 secs] [Times: user=0.38 sys=0.00, real=0.07 secs] 
5572.528: [GC (Allocation Failure) [PSYoungGen: 465536K->143040K(523264K)] 871227K->657480K(1921536K), 0.0531622 secs] [Times: user=0.31 sys=0.00, real=0.05 secs] 
5574.054: [GC (Allocation Failure) [PSYoungGen: 495808K->111936K(525312K)] 1010248K->759384K(1923584K), 0.0783007 secs] [Times: user=0.46 sys=0.01, real=0.08 secs] 
5575.261: [GC (Allocation Failure) [PSYoungGen: 464704K->147584K(520192K)] 1112152K->903415K(1918464K), 0.0539140 secs] [Times: user=0.32 sys=0.00, real=0.05 secs] 
5576.696: [GC (Allocation Failure) [PSYoungGen: 497280K->105696K(524288K)] 1253111K->1000079K(1922560K), 0.0765395 secs] [Times: user=0.45 sys=0.01, real=0.08 secs] 
5577.807: [GC (Allocation Failure) [PSYoungGen: 455392K->147712K(519168K)] 1349775K->1143948K(1917440K), 0.0529549 secs] [Times: user=0.32 sys=0.00, real=0.06 secs] 
5579.118: [GC (Allocation Failure) [PSYoungGen: 493312K->103648K(522240K)] 1489548K->1238764K(1920512K), 0.0653899 secs] [Times: user=0.38 sys=0.00, real=0.06 secs] 
5580.600: [GC (Allocation Failure) [PSYoungGen: 449248K->144224K(518656K)] 1584364K->1379113K(1916928K), 0.0516599 secs] [Times: user=0.31 sys=0.00, real=0.05 secs] 
5580.651: [Full GC (Ergonomics) [PSYoungGen: 144224K->0K(518656K)] [ParOldGen: 1234889K->183246K(1398272K)] 1379113K->183246K(1916928K), [Metaspace: 59703K->59703K(1105920K)], 0.4234054 secs] [Times: user=1.94 sys=0.00, real=0.42 secs] 
5582.860: [GC (Allocation Failure) [PSYoungGen: 342528K->106144K(520704K)] 525774K->289390K(1918976K), 0.0687412 secs] [Times: user=0.40 sys=0.00, real=0.07 secs] 
5584.851: [GC (Allocation Failure) [PSYoungGen: 448672K->141120K(520704K)] 631918K->424295K(1918976K), 0.0504619 secs] [Times: user=0.29 sys=0.00, real=0.05 secs] 
5586.118: [GC (Allocation Failure) [PSYoungGen: 485184K->105824K(521216K)] 768359K->520911K(1919488K), 0.0629753 secs] [Times: user=0.37 sys=0.00, real=0.06 secs] 
5587.743: [GC (Allocation Failure) [PSYoungGen: 449888K->141024K(520704K)] 864975K->659196K(1918976K), 0.0522403 secs] [Times: user=0.30 sys=0.00, real=0.05 secs] 
5589.029: [GC (Allocation Failure) [PSYoungGen: 485600K->106816K(521216K)] 1003772K->757044K(1919488K), 0.0963255 secs] [Times: user=0.49 sys=0.00, real=0.09 secs] 
5591.765: [GC (Allocation Failure) [PSYoungGen: 451392K->139552K(520704K)] 1101620K->893569K(1918976K), 0.0521015 secs] [Times: user=0.31 sys=0.00, real=0.05 secs] 
5593.039: [GC (Allocation Failure) [PSYoungGen: 485152K->106432K(521216K)] 1239169K->990537K(1919488K), 0.0627361 secs] [Times: user=0.37 sys=0.00, real=0.06 secs] 
5594.532: [GC (Allocation Failure) [PSYoungGen: 452032K->141536K(520704K)] 1336137K->1129442K(1918976K), 0.0526254 secs] [Times: user=0.31 sys=0.00, real=0.05 secs] 
5595.806: [GC (Allocation Failure) [PSYoungGen: 488160K->108608K(522240K)] 1476066K->1228746K(1920512K), 0.0661040 secs] [Times: user=0.39 sys=0.00, real=0.07 secs] 
5597.858: [GC (Allocation Failure) [PSYoungGen: 455232K->139520K(521728K)] 1575370K->1365255K(1920000K), 0.0542388 secs] [Times: user=0.32 sys=0.00, real=0.05 secs] 
5599.152: [GC (GCLocker Initiated GC) [PSYoungGen: 487680K->109536K(522752K)] 1713415K->1465323K(1921024K), 0.0656843 secs] [Times: user=0.39 sys=0.01, real=0.07 secs] 
5599.217: [Full GC (Ergonomics) [PSYoungGen: 109536K->0K(522752K)] [ParOldGen: 1355787K->26981K(1398272K)] 1465323K->26981K(1921024K), [Metaspace: 59703K->59703K(1105920K)], 0.0487710 secs] [Times: user=0.14 sys=0.00, real=0.04 secs] 
5601.008: [GC (Allocation Failure) [PSYoungGen: 348160K->138400K(522240K)] 375179K->165419K(1920512K), 0.0274636 secs] [Times: user=0.16 sys=0.00, real=0.02 secs] 
5602.280: [GC (Allocation Failure) [PSYoungGen: 488608K->112512K(522752K)] 515627K->268043K(1921024K), 0.0638874 secs] [Times: user=0.38 sys=0.00, real=0.06 secs] 
5603.559: [GC (Allocation Failure) [PSYoungGen: 462720K->140576K(522752K)] 618251K->405936K(1921024K), 0.0531591 secs] [Times: user=0.31 sys=0.00, real=0.05 secs] 
5604.847: [GC (GCLocker Initiated GC) [PSYoungGen: 493344K->110272K(524288K)] 758704K->506804K(1922560K), 0.0647352 secs] [Times: user=0.38 sys=0.01, real=0.06 secs] 
5606.599: [GC (Allocation Failure) [PSYoungGen: 463040K->141664K(525824K)] 859579K->646400K(1924096K), 0.0533163 secs] [Times: user=0.32 sys=0.00, real=0.05 secs] 
5607.890: [GC (Allocation Failure) [PSYoungGen: 497504K->110336K(527360K)] 1002240K->747264K(1925632K), 0.0640199 secs] [Times: user=0.38 sys=0.00, real=0.06 secs] 
5608.849: [GC (Allocation Failure) [PSYoungGen: 466176K->146656K(521728K)] 1103104K->891117K(1920000K), 0.0542970 secs] [Times: user=0.32 sys=0.00, real=0.05 secs] 
5610.371: [GC (GCLocker Initiated GC) [PSYoungGen: 498400K->107328K(525312K)] 1242864K->989184K(1923584K), 0.0993830 secs] [Times: user=0.57 sys=0.00, real=0.10 secs] 
5611.211: [GC (Allocation Failure) [PSYoungGen: 459072K->153984K(514560K)] 1340967K->1140444K(1912832K), 0.0551853 secs] [Times: user=0.32 sys=0.00, real=0.05 secs] 
5612.478: [GC (Allocation Failure) [PSYoungGen: 496512K->105344K(520704K)] 1482972K->1228348K(1918976K), 0.0658532 secs] [Times: user=0.39 sys=0.00, real=0.06 secs] 
5614.145: [GC (Allocation Failure) [PSYoungGen: 447872K->138112K(518656K)] 1570876K->1363593K(1916928K), 0.0528876 secs] [Times: user=0.31 sys=0.00, real=0.06 secs] 
5615.433: [GC (Allocation Failure) [PSYoungGen: 481664K->109472K(520192K)] 1707145K->1463033K(1918464K), 0.0640648 secs] [Times: user=0.38 sys=0.01, real=0.07 secs] 
5615.497: [Full GC (Ergonomics) [PSYoungGen: 109472K->0K(520192K)] [ParOldGen: 1353561K->30059K(1398272K)] 1463033K->30059K(1918464K), [Metaspace: 59703K->59703K(1105920K)], 0.0573929 secs] [Times: user=0.20 sys=0.00, real=0.05 secs] 
5616.992: [GC (Allocation Failure) [PSYoungGen: 343552K->138560K(521728K)] 373611K->168619K(1920000K), 0.0276705 secs] [Times: user=0.16 sys=0.00, real=0.03 secs] 
5618.282: [GC (Allocation Failure) [PSYoungGen: 485696K->111040K(521728K)] 515755K->269675K(1920000K), 0.0638812 secs] [Times: user=0.38 sys=0.00, real=0.06 secs] 
5619.283: [GC (Allocation Failure) [PSYoungGen: 458176K->144128K(519680K)] 616811K->411256K(1917952K), 0.0528730 secs] [Times: user=0.31 sys=0.00, real=0.05 secs] 
5620.566: [GC (Allocation Failure) [PSYoungGen: 491264K->106240K(522240K)] 758392K->508488K(1920512K), 0.0632045 secs] [Times: user=0.37 sys=0.00, real=0.07 secs] 
5622.333: [GC (Allocation Failure) [PSYoungGen: 453376K->142080K(522240K)] 855624K->647725K(1920512K), 0.0520652 secs] [Times: user=0.31 sys=0.00, real=0.05 secs] 
5623.616: [GC (GCLocker Initiated GC) [PSYoungGen: 490752K->109344K(458240K)] 996397K->747517K(1856512K), 0.0636937 secs] [Times: user=0.38 sys=0.00, real=0.07 secs] 
5625.408: [GC (Allocation Failure) [PSYoungGen: 458016K->141184K(521728K)] 1096260K->886000K(1920000K), 0.0529250 secs] [Times: user=0.31 sys=0.00, real=0.05 secs] 
5626.774: [GC (Allocation Failure) [PSYoungGen: 489856K->107840K(523264K)] 1234672K->984521K(1921536K), 0.0636250 secs] [Times: user=0.37 sys=0.00, real=0.07 secs] 
5627.700: [GC (Allocation Failure) [PSYoungGen: 456512K->145056K(520704K)] 1333193K->1127045K(1918976K), 0.0537141 secs] [Times: user=0.32 sys=0.00, real=0.05 secs] 
5629.136: [GC (Allocation Failure) [PSYoungGen: 492704K->106272K(523264K)] 1474693K->1224361K(1921536K), 0.0783737 secs] [Times: user=0.46 sys=0.00, real=0.08 secs] 
5631.486: [GC (Allocation Failure) [PSYoungGen: 453920K->142368K(521728K)] 1572009K->1363438K(1920000K), 0.0529855 secs] [Times: user=0.31 sys=0.01, real=0.06 secs] 
5632.766: [GC (Allocation Failure) [PSYoungGen: 490016K->108480K(523264K)] 1711086K->1462734K(1921536K), 0.0644806 secs] [Times: user=0.38 sys=0.01, real=0.07 secs] 
5632.830: [Full GC (Ergonomics) [PSYoungGen: 108480K->0K(523264K)] [ParOldGen: 1354254K->30493K(1398272K)] 1462734K->30493K(1921536K), [Metaspace: 59703K->59703K(1105920K)], 0.0569380 secs] [Times: user=0.18 sys=0.00, real=0.06 secs] 
5634.327: [GC (Allocation Failure) [PSYoungGen: 347648K->141984K(521728K)] 378141K->172477K(1920000K), 0.0285729 secs] [Times: user=0.17 sys=0.00, real=0.02 secs] 
5635.812: [GC (Allocation Failure) [PSYoungGen: 489632K->107488K(455168K)] 520125K->270909K(1853440K), 0.0964602 secs] [Times: user=0.57 sys=0.01, real=0.10 secs] 
5637.397: [GC (Allocation Failure) [PSYoungGen: 455136K->142048K(520704K)] 618557K->410057K(1918976K), 0.0518651 secs] [Times: user=0.31 sys=0.00, real=0.05 secs] 
5638.717: [GC (Allocation Failure) [PSYoungGen: 489184K->109632K(522752K)] 757193K->510673K(1921024K), 0.0641780 secs] [Times: user=0.38 sys=0.00, real=0.06 secs] 
5641.233: [GC (Allocation Failure) [PSYoungGen: 456768K->140000K(522752K)] 857809K->648102K(1921024K), 0.0532081 secs] [Times: user=0.31 sys=0.00, real=0.05 secs] 
5642.552: [GC (Allocation Failure) [PSYoungGen: 489184K->107456K(523264K)] 997286K->746474K(1921536K), 0.0639523 secs] [Times: user=0.38 sys=0.00, real=0.06 secs] 
5643.842: [GC (Allocation Failure) [PSYoungGen: 456640K->143200K(521728K)] 1095658K->887259K(1920000K), 0.0535043 secs] [Times: user=0.31 sys=0.00, real=0.05 secs] 
5645.105: [GC (Allocation Failure) [PSYoungGen: 492384K->109152K(523776K)] 1236443K->987483K(1922048K), 0.0650346 secs] [Times: user=0.38 sys=0.00, real=0.07 secs] 
5646.876: [GC (GCLocker Initiated GC) [PSYoungGen: 458336K->142656K(522752K)] 1336667K->1126952K(1921024K), 0.0533257 secs] [Times: user=0.31 sys=0.00, real=0.06 secs] 
5648.236: [GC (Allocation Failure) [PSYoungGen: 492352K->108192K(524288K)] 1476650K->1225734K(1922560K), 0.0664124 secs] [Times: user=0.40 sys=0.00, real=0.07 secs] 
5650.583: [GC (Allocation Failure) [PSYoungGen: 457888K->141056K(523264K)] 1575430K->1364246K(1921536K), 0.0537680 secs] [Times: user=0.32 sys=0.01, real=0.05 secs] 
5651.858: [GC (Allocation Failure) [PSYoungGen: 491264K->110624K(461312K)] 1714454K->1465430K(1859584K), 0.0646603 secs] [Times: user=0.38 sys=0.00, real=0.06 secs] 
5651.922: [Full GC (Ergonomics) [PSYoungGen: 110624K->0K(461312K)] [ParOldGen: 1354806K->32540K(1398272K)] 1465430K->32540K(1859584K), [Metaspace: 59703K->59703K(1105920K)], 0.0667078 secs] [Times: user=0.24 sys=0.00, real=0.07 secs] 
5653.198: [GC (GCLocker Initiated GC) [PSYoungGen: 350208K->140768K(522240K)] 382749K->173309K(1920512K), 0.0281923 secs] [Times: user=0.16 sys=0.01, real=0.02 secs] 
5654.522: [GC (GCLocker Initiated GC) [PSYoungGen: 490976K->110112K(523776K)] 523519K->273839K(1922048K), 0.0634312 secs] [Times: user=0.37 sys=0.00, real=0.06 secs] 
5656.122: [GC (Allocation Failure) [PSYoungGen: 460320K->143328K(522752K)] 624118K->413867K(1921024K), 0.0530891 secs] [Times: user=0.31 sys=0.00, real=0.05 secs] 
5657.404: [GC (Allocation Failure) [PSYoungGen: 494560K->109984K(524800K)] 765099K->514131K(1923072K), 0.0639215 secs] [Times: user=0.37 sys=0.00, real=0.07 secs] 
5658.903: [GC (Allocation Failure) [PSYoungGen: 461216K->141344K(524800K)] 865363K->652690K(1923072K), 0.0529853 secs] [Times: user=0.31 sys=0.00, real=0.05 secs] 
5660.256: [GC (Allocation Failure) [PSYoungGen: 494112K->113120K(465920K)] 1005458K->756018K(1864192K), 0.0643550 secs] [Times: user=0.38 sys=0.00, real=0.07 secs] 
5661.027: [GC (Allocation Failure) [PSYoungGen: 465888K->147712K(520704K)] 1108786K->900831K(1918976K), 0.0544637 secs] [Times: user=0.33 sys=0.00, real=0.06 secs] 
5662.785: [GC (Allocation Failure) [PSYoungGen: 497408K->106080K(524288K)] 1250527K->997943K(1922560K), 0.1393093 secs] [Times: user=0.82 sys=0.00, real=0.14 secs] 
5664.311: [GC (Allocation Failure) [PSYoungGen: 455776K->147040K(519168K)] 1347639K->1140604K(1917440K), 0.0530016 secs] [Times: user=0.31 sys=0.00, real=0.05 secs] 
5666.205: [GC (Allocation Failure) [PSYoungGen: 492640K->105504K(522240K)] 1486204K->1237308K(1920512K), 0.1005566 secs] [Times: user=0.59 sys=0.00, real=0.10 secs] 
5668.113: [GC (Allocation Failure) [PSYoungGen: 451104K->142144K(520192K)] 1582908K->1375720K(1918464K), 0.0520749 secs] [Times: user=0.31 sys=0.00, real=0.05 secs] 
5668.165: [Full GC (Ergonomics) [PSYoungGen: 142144K->0K(520192K)] [ParOldGen: 1233576K->180501K(1398272K)] 1375720K->180501K(1918464K), [Metaspace: 59703K->59703K(1105920K)], 0.4205704 secs] [Times: user=1.94 sys=0.00, real=0.42 secs] 
5669.806: [GC (Allocation Failure) [PSYoungGen: 344576K->103872K(521728K)] 525077K->284373K(1920000K), 0.0375430 secs] [Times: user=0.22 sys=0.00, real=0.04 secs] 
5671.915: [GC (Allocation Failure) [PSYoungGen: 448448K->137344K(521728K)] 628949K->419162K(1920000K), 0.0509794 secs] [Times: user=0.30 sys=0.00, real=0.05 secs] 
5673.259: [GC (Allocation Failure) [PSYoungGen: 483456K->108576K(455168K)] 765274K->518570K(1853440K), 0.0635789 secs] [Times: user=0.38 sys=0.00, real=0.06 secs] 
5675.243: [GC (Allocation Failure) [PSYoungGen: 454688K->138336K(521216K)] 864682K->654267K(1919488K), 0.0531769 secs] [Times: user=0.31 sys=0.00, real=0.05 secs] 
5676.553: [GC (Allocation Failure) [PSYoungGen: 485984K->109888K(521216K)] 1001915K->754747K(1919488K), 0.0641499 secs] [Times: user=0.38 sys=0.00, real=0.07 secs] 
5677.728: [GC (Allocation Failure) [PSYoungGen: 457536K->141440K(521216K)] 1102395K->893368K(1919488K), 0.0532171 secs] [Times: user=0.31 sys=0.00, real=0.05 secs] 
5679.069: [GC (GCLocker Initiated GC) [PSYoungGen: 491136K->108960K(523264K)] 1243064K->992864K(1921536K), 0.0638064 secs] [Times: user=0.37 sys=0.00, real=0.06 secs] 
5680.004: [GC (Allocation Failure) [PSYoungGen: 458656K->152672K(516096K)] 1342563K->1143126K(1914368K), 0.0555436 secs] [Times: user=0.33 sys=0.01, real=0.06 secs] 
5681.398: [GC (Allocation Failure) [PSYoungGen: 497248K->106432K(521728K)] 1487702K->1231990K(1920000K), 0.0662214 secs] [Times: user=0.39 sys=0.01, real=0.06 secs] 
5683.212: [GC (Allocation Failure) [PSYoungGen: 451008K->140800K(521216K)] 1576566K->1369979K(1919488K), 0.0544500 secs] [Times: user=0.32 sys=0.00, real=0.05 secs] 
5684.501: [GC (Allocation Failure) [PSYoungGen: 486400K->108192K(454144K)] 1715579K->1469035K(1852416K), 0.0659793 secs] [Times: user=0.39 sys=0.00, real=0.07 secs] 
5684.567: [Full GC (Ergonomics) [PSYoungGen: 108192K->0K(454144K)] [ParOldGen: 1360843K->31009K(1398272K)] 1469035K->31009K(1852416K), [Metaspace: 59703K->59703K(1105920K)], 0.0610276 secs] [Times: user=0.21 sys=0.00, real=0.06 secs] 
5686.115: [GC (Allocation Failure) [PSYoungGen: 345600K->139264K(520704K)] 376609K->170273K(1918976K), 0.0281388 secs] [Times: user=0.16 sys=0.00, real=0.03 secs] 
5687.435: [GC (GCLocker Initiated GC) [PSYoungGen: 485376K->109824K(521216K)] 516385K->270237K(1919488K), 0.0634532 secs] [Times: user=0.38 sys=0.00, real=0.07 secs] 
5688.842: [GC (Allocation Failure) [PSYoungGen: 455936K->141952K(520704K)] 616352K->409389K(1918976K), 0.0525844 secs] [Times: user=0.31 sys=0.00, real=0.05 secs] 
5690.192: [GC (Allocation Failure) [PSYoungGen: 489600K->107168K(522240K)] 757037K->507485K(1920512K), 0.0651087 secs] [Times: user=0.39 sys=0.01, real=0.07 secs] 
5691.453: [GC (Allocation Failure) [PSYoungGen: 454816K->149792K(516608K)] 855133K->654654K(1914880K), 0.0537953 secs] [Times: user=0.31 sys=0.00, real=0.05 secs] 
5692.777: [GC (GCLocker Initiated GC) [PSYoungGen: 493344K->106944K(521216K)] 998206K->743995K(1919488K), 0.0647310 secs] [Times: user=0.38 sys=0.00, real=0.06 secs] 
5693.840: [GC (Allocation Failure) [PSYoungGen: 450496K->140960K(520704K)] 1087617K->882870K(1918976K), 0.0536859 secs] [Times: user=0.32 sys=0.00, real=0.05 secs] 
5695.113: [GC (GCLocker Initiated GC) [PSYoungGen: 486048K->107072K(521728K)] 1227958K->981114K(1920000K), 0.0651684 secs] [Times: user=0.39 sys=0.00, real=0.07 secs] 
5697.003: [GC (Allocation Failure) [PSYoungGen: 452160K->137824K(521728K)] 1326273K->1116742K(1920000K), 0.0537336 secs] [Times: user=0.32 sys=0.00, real=0.06 secs] 
5698.321: [GC (Allocation Failure) [PSYoungGen: 484448K->110496K(457216K)] 1463366K->1217930K(1855488K), 0.0653252 secs] [Times: user=0.39 sys=0.00, real=0.06 secs] 
5699.540: [GC (Allocation Failure) [PSYoungGen: 457120K->140128K(520192K)] 1564554K->1356019K(1918464K), 0.0553215 secs] [Times: user=0.33 sys=0.00, real=0.05 secs] 
5700.836: [GC (GCLocker Initiated GC) [PSYoungGen: 487776K->108896K(521216K)] 1703667K->1455711K(1919488K), 0.0662697 secs] [Times: user=0.39 sys=0.00, real=0.07 secs] 
5700.903: [Full GC (Ergonomics) [PSYoungGen: 108896K->0K(521216K)] [ParOldGen: 1346815K->22049K(1398272K)] 1455711K->22049K(1919488K), [Metaspace: 59703K->59703K(1105920K)], 0.0360911 secs] [Times: user=0.10 sys=0.00, real=0.04 secs] 
5701.728: [GC (Allocation Failure) [PSYoungGen: 347648K->141632K(523264K)] 369700K->163684K(1921536K), 0.0289480 secs] [Times: user=0.15 sys=0.00, real=0.03 secs] 
5703.143: [GC (Allocation Failure) [PSYoungGen: 492864K->110240K(524800K)] 514916K->264804K(1923072K), 0.0693041 secs] [Times: user=0.41 sys=0.00, real=0.07 secs] 
5705.041: [GC (Allocation Failure) [PSYoungGen: 461472K->139840K(523776K)] 616036K->402225K(1922048K), 0.0527992 secs] [Times: user=0.31 sys=0.00, real=0.05 secs] 
5706.380: [GC (Allocation Failure) [PSYoungGen: 492096K->112768K(524800K)] 754481K->505229K(1923072K), 0.0638989 secs] [Times: user=0.38 sys=0.00, real=0.06 secs] 
5707.985: [GC (Allocation Failure) [PSYoungGen: 465024K->143040K(522240K)] 857485K->645850K(1920512K), 0.0537247 secs] [Times: user=0.32 sys=0.00, real=0.06 secs] 
5709.317: [GC (GCLocker Initiated GC) [PSYoungGen: 495296K->110368K(524800K)] 998106K->746782K(1923072K), 0.0646079 secs] [Times: user=0.38 sys=0.00, real=0.06 secs] 
5710.942: [GC (Allocation Failure) [PSYoungGen: 462624K->141952K(524288K)] 1099077K->885993K(1922560K), 0.0537998 secs] [Times: user=0.32 sys=0.00, real=0.05 secs] 
5712.273: [GC (Allocation Failure) [PSYoungGen: 495744K->110048K(526336K)] 1239785K->986297K(1924608K), 0.0646173 secs] [Times: user=0.38 sys=0.00, real=0.07 secs] 
5714.633: [GC (Allocation Failure) [PSYoungGen: 463840K->144000K(523264K)] 1340089K->1127222K(1921536K), 0.0533432 secs] [Times: user=0.32 sys=0.00, real=0.05 secs] 
5715.924: [GC (GCLocker Initiated GC) [PSYoungGen: 496768K->110720K(525824K)] 1479990K->1228302K(1924096K), 0.0642664 secs] [Times: user=0.38 sys=0.00, real=0.07 secs] 
5716.904: [GC (Allocation Failure) [PSYoungGen: 463488K->141888K(524288K)] 1581074K->1367295K(1922560K), 0.0535553 secs] [Times: user=0.32 sys=0.00, real=0.06 secs] 
5718.234: [GC (Allocation Failure) [PSYoungGen: 494656K->110880K(463872K)] 1720063K->1468655K(1862144K), 0.0639166 secs] [Times: user=0.38 sys=0.00, real=0.07 secs] 
5718.298: [Full GC (Ergonomics) [PSYoungGen: 110880K->0K(463872K)] [ParOldGen: 1357775K->37070K(1398272K)] 1468655K->37070K(1862144K), [Metaspace: 59708K->59708K(1105920K)], 0.0772648 secs] [Times: user=0.27 sys=0.00, real=0.07 secs] 
5719.278: [GC (Allocation Failure) [PSYoungGen: 352768K->145760K(521728K)] 389838K->182830K(1920000K), 0.0289037 secs] [Times: user=0.17 sys=0.00, real=0.02 secs] 
5720.521: [GC (GCLocker Initiated GC) [PSYoungGen: 496480K->107008K(524800K)] 533550K->280530K(1923072K), 0.0637800 secs] [Times: user=0.37 sys=0.01, real=0.06 secs] 
5722.244: [GC (Allocation Failure) [PSYoungGen: 457728K->151424K(516608K)] 631289K->428606K(1914880K), 0.0559786 secs] [Times: user=0.31 sys=0.00, real=0.06 secs] 
5723.593: [GC (GCLocker Initiated GC) [PSYoungGen: 494976K->108864K(521216K)] 772161K->519601K(1919488K), 0.0638718 secs] [Times: user=0.37 sys=0.00, real=0.07 secs] 
5725.238: [GC (Allocation Failure) [PSYoungGen: 452416K->146944K(517632K)] 863156K->663901K(1915904K), 0.0532917 secs] [Times: user=0.31 sys=0.00, real=0.05 secs] 
5726.535: [GC (GCLocker Initiated GC) [PSYoungGen: 488448K->106304K(520192K)] 1005405K->752133K(1918464K), 0.0627328 secs] [Times: user=0.36 sys=0.01, real=0.07 secs] 
5727.711: [GC (GCLocker Initiated GC) [PSYoungGen: 447808K->137568K(517120K)] 1093642K->886807K(1915392K), 0.0525482 secs] [Times: user=0.29 sys=0.01, real=0.05 secs] 
5728.993: [GC (Allocation Failure) [PSYoungGen: 480096K->109536K(519168K)] 1229405K->986637K(1917440K), 0.0634994 secs] [Times: user=0.37 sys=0.00, real=0.06 secs] 
5730.231: [GC (Allocation Failure) [PSYoungGen: 452064K->140576K(521216K)] 1329165K->1124482K(1919488K), 0.0536041 secs] [Times: user=0.32 sys=0.00, real=0.05 secs] 
5731.567: [GC (GCLocker Initiated GC) [PSYoungGen: 487200K->107392K(522240K)] 1471106K->1222590K(1920512K), 0.0648478 secs] [Times: user=0.39 sys=0.00, real=0.07 secs] 
5733.368: [GC (Allocation Failure) [PSYoungGen: 454016K->138784K(522752K)] 1569217K->1358870K(1921024K), 0.0538481 secs] [Times: user=0.31 sys=0.00, real=0.05 secs] 
5734.662: [GC (GCLocker Initiated GC) [PSYoungGen: 487456K->109568K(522752K)] 1707542K->1458910K(1921024K), 0.0650346 secs] [Times: user=0.38 sys=0.01, real=0.07 secs] 
5734.727: [Full GC (Ergonomics) [PSYoungGen: 109568K->0K(522752K)] [ParOldGen: 1349342K->25243K(1398272K)] 1458910K->25243K(1921024K), [Metaspace: 59708K->59708K(1105920K)], 0.0435234 secs] [Times: user=0.14 sys=0.00, real=0.04 secs] 
5736.700: [GC (Allocation Failure) [PSYoungGen: 348672K->146656K(519168K)] 373954K->171938K(1917440K), 0.0284247 secs] [Times: user=0.16 sys=0.01, real=0.03 secs] 
5737.973: [GC (Allocation Failure) [PSYoungGen: 493792K->110560K(522752K)] 519074K->264474K(1921024K), 0.0637092 secs] [Times: user=0.37 sys=0.00, real=0.06 secs] 
5739.837: [GC (GCLocker Initiated GC) [PSYoungGen: 457696K->136736K(520704K)] 611610K->399099K(1918976K), 0.0530161 secs] [Times: user=0.30 sys=0.01, real=0.05 secs] 
5741.171: [GC (Allocation Failure) [PSYoungGen: 486432K->113888K(522752K)] 748798K->503338K(1921024K), 0.0639454 secs] [Times: user=0.38 sys=0.00, real=0.06 secs] 
5741.949: [GC (Allocation Failure) [PSYoungGen: 463584K->142048K(523776K)] 853034K->643255K(1922048K), 0.0546908 secs] [Times: user=0.32 sys=0.00, real=0.05 secs] 
5743.296: [GC (Allocation Failure) [PSYoungGen: 495328K->111104K(525312K)] 996535K->744959K(1923584K), 0.0645703 secs] [Times: user=0.38 sys=0.00, real=0.07 secs] 
5744.712: [GC (Allocation Failure) [PSYoungGen: 464384K->142816K(524288K)] 1098239K->885799K(1922560K), 0.0538506 secs] [Times: user=0.32 sys=0.00, real=0.05 secs] 
5746.074: [GC (Allocation Failure) [PSYoungGen: 496608K->112096K(526336K)] 1239591K->988395K(1924608K), 0.0647592 secs] [Times: user=0.39 sys=0.00, real=0.07 secs] 
5747.821: [GC (Allocation Failure) [PSYoungGen: 465888K->151232K(518144K)] 1342187K->1137240K(1916416K), 0.0548349 secs] [Times: user=0.32 sys=0.00, real=0.05 secs] 
5749.187: [GC (Allocation Failure) [PSYoungGen: 498880K->107552K(523264K)] 1484888K->1227312K(1921536K), 0.0873791 secs] [Times: user=0.52 sys=0.00, real=0.09 secs] 
5750.412: [GC (Allocation Failure) [PSYoungGen: 455200K->143008K(521728K)] 1574960K->1367317K(1920000K), 0.0540457 secs] [Times: user=0.31 sys=0.00, real=0.05 secs] 
5751.735: [GC (Allocation Failure) [PSYoungGen: 490656K->107648K(523264K)] 1714965K->1465653K(1921536K), 0.1004561 secs] [Times: user=0.59 sys=0.00, real=0.10 secs] 
5751.835: [Full GC (Ergonomics) [PSYoungGen: 107648K->0K(523264K)] [ParOldGen: 1358005K->33533K(1398272K)] 1465653K->33533K(1921536K), [Metaspace: 59708K->59708K(1105920K)], 0.0734276 secs] [Times: user=0.28 sys=0.00, real=0.08 secs] 
5753.879: [GC (Allocation Failure) [PSYoungGen: 347648K->139616K(522752K)] 381181K->173149K(1921024K), 0.0278948 secs] [Times: user=0.16 sys=0.00, real=0.03 secs] 
5755.214: [GC (Allocation Failure) [PSYoungGen: 488288K->110048K(523264K)] 521821K->273357K(1921536K), 0.0626578 secs] [Times: user=0.37 sys=0.00, real=0.07 secs] 
5755.956: [GC (GCLocker Initiated GC) [PSYoungGen: 458720K->143808K(521216K)] 622030K->413219K(1919488K), 0.0530745 secs] [Times: user=0.31 sys=0.01, real=0.06 secs] 
5757.235: [GC (Allocation Failure) [PSYoungGen: 491968K->107936K(523264K)] 761382K->511598K(1921536K), 0.0635170 secs] [Times: user=0.37 sys=0.00, real=0.07 secs] 
5758.494: [GC (Allocation Failure) [PSYoungGen: 456096K->144608K(521216K)] 859758K->653443K(1919488K), 0.0527054 secs] [Times: user=0.31 sys=0.00, real=0.06 secs] 
5759.797: [GC (Allocation Failure) [PSYoungGen: 492256K->106976K(523264K)] 1001091K->751379K(1921536K), 0.0637151 secs] [Times: user=0.38 sys=0.00, real=0.06 secs] 
5761.907: [GC (Allocation Failure) [PSYoungGen: 454624K->142304K(522240K)] 1099027K->890264K(1920512K), 0.0517274 secs] [Times: user=0.30 sys=0.00, real=0.05 secs] 
5763.217: [GC (Allocation Failure) [PSYoungGen: 489952K->106752K(523264K)] 1237912K->987472K(1921536K), 0.0678325 secs] [Times: user=0.39 sys=0.01, real=0.06 secs] 
5764.480: [GC (GCLocker Initiated GC) [PSYoungGen: 454400K->143744K(520192K)] 1335120K->1128519K(1918464K), 0.0528166 secs] [Times: user=0.31 sys=0.00, real=0.05 secs] 
5765.746: [GC (Allocation Failure) [PSYoungGen: 489344K->106752K(522240K)] 1474122K->1226394K(1920512K), 0.0643929 secs] [Times: user=0.38 sys=0.01, real=0.07 secs] 
5767.190: [GC (Allocation Failure) [PSYoungGen: 452352K->142080K(521728K)] 1571994K->1365803K(1920000K), 0.0532797 secs] [Times: user=0.31 sys=0.00, real=0.05 secs] 
5768.488: [GC (Allocation Failure) [PSYoungGen: 488704K->107648K(454656K)] 1712427K->1464271K(1852928K), 0.0657704 secs] [Times: user=0.39 sys=0.00, real=0.06 secs] 
5768.554: [Full GC (Ergonomics) [PSYoungGen: 107648K->0K(454656K)] [ParOldGen: 1356623K->30957K(1398272K)] 1464271K->30957K(1852928K), [Metaspace: 59708K->59708K(1105920K)], 0.0542049 secs] [Times: user=0.19 sys=0.00, real=0.06 secs] 
5770.668: [GC (Allocation Failure) [PSYoungGen: 346624K->140064K(521728K)] 377581K->171021K(1920000K), 0.0283833 secs] [Times: user=0.16 sys=0.00, real=0.02 secs] 
5771.911: [GC (GCLocker Initiated GC) [PSYoungGen: 487200K->106304K(522240K)] 518157K->267925K(1920512K), 0.0635240 secs] [Times: user=0.38 sys=0.00, real=0.06 secs] 
5773.066: [GC (Allocation Failure) [PSYoungGen: 453440K->140800K(521216K)] 615132K->406613K(1919488K), 0.0519379 secs] [Times: user=0.31 sys=0.00, real=0.06 secs] 
5774.357: [GC (GCLocker Initiated GC) [PSYoungGen: 488448K->109728K(522752K)] 754261K->507101K(1921024K), 0.0646926 secs] [Times: user=0.38 sys=0.00, real=0.06 secs] 
5775.883: [GC (Allocation Failure) [PSYoungGen: 457376K->138080K(523264K)] 854752K->642941K(1921536K), 0.0533042 secs] [Times: user=0.31 sys=0.00, real=0.05 secs] 
5777.183: [GC (GCLocker Initiated GC) [PSYoungGen: 488288K->111648K(523264K)] 993149K->744669K(1921536K), 0.0643206 secs] [Times: user=0.38 sys=0.00, real=0.07 secs] 
5778.006: [GC (Allocation Failure) [PSYoungGen: 461856K->149728K(518656K)] 1094880K->892713K(1916928K), 0.0545690 secs] [Times: user=0.32 sys=0.00, real=0.06 secs] 
5779.331: [GC (Allocation Failure) [PSYoungGen: 497376K->110816K(523264K)] 1240361K->985461K(1921536K), 0.0645481 secs] [Times: user=0.39 sys=0.00, real=0.06 secs] 
5780.827: [GC (Allocation Failure) [PSYoungGen: 458464K->140608K(523264K)] 1333109K->1123850K(1921536K), 0.0542537 secs] [Times: user=0.31 sys=0.01, real=0.05 secs] 
5782.104: [GC (Allocation Failure) [PSYoungGen: 490304K->108864K(458752K)] 1473546K->1223514K(1857024K), 0.0658344 secs] [Times: user=0.39 sys=0.00, real=0.07 secs] 
5783.997: [GC (Allocation Failure) [PSYoungGen: 458560K->140640K(522240K)] 1573210K->1361527K(1920512K), 0.0547740 secs] [Times: user=0.33 sys=0.01, real=0.05 secs] 
5785.286: [GC (Allocation Failure) [PSYoungGen: 490336K->111520K(523264K)] 1711223K->1463019K(1921536K), 0.0656120 secs] [Times: user=0.38 sys=0.01, real=0.07 secs] 
5785.352: [Full GC (Ergonomics) [PSYoungGen: 111520K->0K(523264K)] [ParOldGen: 1351499K->29650K(1398272K)] 1463019K->29650K(1921536K), [Metaspace: 59708K->59708K(1105920K)], 0.0550612 secs] [Times: user=0.18 sys=0.00, real=0.06 secs] 
5786.964: [GC (Allocation Failure) [PSYoungGen: 349696K->141024K(522752K)] 379346K->170674K(1921024K), 0.0279338 secs] [Times: user=0.17 sys=0.00, real=0.03 secs] 
5788.268: [GC (Allocation Failure) [PSYoungGen: 492256K->112800K(524288K)] 521906K->273834K(1922560K), 0.0634167 secs] [Times: user=0.38 sys=0.00, real=0.06 secs] 
5789.676: [GC (Allocation Failure) [PSYoungGen: 464032K->142304K(522752K)] 625066K->413471K(1921024K), 0.0532199 secs] [Times: user=0.31 sys=0.00, real=0.06 secs] 
5791.010: [GC (Allocation Failure) [PSYoungGen: 494560K->110560K(524800K)] 765727K->514855K(1923072K), 0.0630888 secs] [Times: user=0.37 sys=0.01, real=0.06 secs] 
5792.588: [GC (Allocation Failure) [PSYoungGen: 462816K->142176K(524288K)] 867111K->654092K(1922560K), 0.0531021 secs] [Times: user=0.31 sys=0.00, real=0.05 secs] 
5793.872: [GC (GCLocker Initiated GC) [PSYoungGen: 495968K->112640K(526336K)] 1007884K->757024K(1924608K), 0.0629514 secs] [Times: user=0.37 sys=0.01, real=0.06 secs] 
5794.874: [GC (Allocation Failure) [PSYoungGen: 466432K->145920K(522240K)] 1110887K->900272K(1920512K), 0.0539346 secs] [Times: user=0.31 sys=0.00, real=0.06 secs] 
5796.133: [GC (Allocation Failure) [PSYoungGen: 497664K->106272K(525312K)] 1252016K->997608K(1923584K), 0.0632214 secs] [Times: user=0.37 sys=0.01, real=0.06 secs] 
5796.996: [GC (Allocation Failure) [PSYoungGen: 458016K->148128K(519168K)] 1349352K->1142303K(1917440K), 0.0524506 secs] [Times: user=0.31 sys=0.00, real=0.06 secs] 
5798.740: [GC (Allocation Failure) [PSYoungGen: 494752K->105952K(522752K)] 1488927K->1239535K(1921024K), 0.0655604 secs] [Times: user=0.39 sys=0.00, real=0.06 secs] 
5800.510: [GC (GCLocker Initiated GC) [PSYoungGen: 452576K->141504K(521728K)] 1586160K->1376829K(1920000K), 0.0516924 secs] [Times: user=0.30 sys=0.01, real=0.05 secs] 
5800.562: [Full GC (Ergonomics) [PSYoungGen: 141504K->0K(521728K)] [ParOldGen: 1235325K->180274K(1398272K)] 1376829K->180274K(1920000K), [Metaspace: 59708K->59708K(1105920K)], 0.4251039 secs] [Times: user=1.97 sys=0.00, real=0.43 secs] 
5802.205: [GC (Allocation Failure) [PSYoungGen: 346624K->107296K(454144K)] 526900K->287572K(1852416K), 0.0340395 secs] [Times: user=0.19 sys=0.00, real=0.04 secs] 
5804.628: [GC (Allocation Failure) [PSYoungGen: 453920K->139904K(521728K)] 634196K->423553K(1920000K), 0.0521476 secs] [Times: user=0.31 sys=0.00, real=0.05 secs] 
5805.925: [GC (Allocation Failure) [PSYoungGen: 487040K->105664K(522240K)] 770689K->520053K(1920512K), 0.0625490 secs] [Times: user=0.37 sys=0.00, real=0.07 secs] 
5808.520: [GC (Allocation Failure) [PSYoungGen: 452800K->140096K(522752K)] 867189K->657242K(1921024K), 0.0518653 secs] [Times: user=0.30 sys=0.00, real=0.05 secs] 
5809.899: [GC (Allocation Failure) [PSYoungGen: 488768K->108000K(523264K)] 1005914K->755810K(1921536K), 0.0682628 secs] [Times: user=0.40 sys=0.00, real=0.07 secs] 
5811.744: [GC (Allocation Failure) [PSYoungGen: 456672K->141792K(521728K)] 1104482K->894539K(1920000K), 0.0533530 secs] [Times: user=0.32 sys=0.00, real=0.06 secs] 
5813.020: [GC (Allocation Failure) [PSYoungGen: 490464K->111040K(523264K)] 1243211K->996019K(1921536K), 0.0648651 secs] [Times: user=0.38 sys=0.01, real=0.06 secs] 
5814.238: [GC (Allocation Failure) [PSYoungGen: 459712K->140800K(522752K)] 1344691K->1133984K(1921024K), 0.0540643 secs] [Times: user=0.32 sys=0.00, real=0.05 secs] 
5815.648: [GC (Allocation Failure) [PSYoungGen: 491008K->111904K(523776K)] 1484192K->1235852K(1922048K), 0.0696731 secs] [Times: user=0.41 sys=0.00, real=0.07 secs] 
5817.131: [GC (Allocation Failure) [PSYoungGen: 462112K->142080K(522752K)] 1586060K->1374597K(1921024K), 0.0553019 secs] [Times: user=0.33 sys=0.00, real=0.05 secs] 
5818.424: [GC (Allocation Failure) [PSYoungGen: 493312K->111680K(524288K)] 1725829K->1476461K(1922560K), 0.0679399 secs] [Times: user=0.40 sys=0.01, real=0.07 secs] 
5818.492: [Full GC (Ergonomics) [PSYoungGen: 111680K->0K(524288K)] [ParOldGen: 1364781K->37684K(1398272K)] 1476461K->37684K(1922560K), [Metaspace: 59708K->59708K(1105920K)], 0.0735765 secs] [Times: user=0.27 sys=0.00, real=0.07 secs] 
5820.143: [GC (Allocation Failure) [PSYoungGen: 351232K->142656K(523264K)] 388916K->180340K(1921536K), 0.0285949 secs] [Times: user=0.16 sys=0.01, real=0.03 secs] 
5821.392: [GC (Allocation Failure) [PSYoungGen: 494912K->109440K(525312K)] 532596K->280792K(1923584K), 0.0624230 secs] [Times: user=0.37 sys=0.01, real=0.06 secs] 
5823.102: [GC (Allocation Failure) [PSYoungGen: 461696K->151552K(517120K)] 633048K->429629K(1915392K), 0.0532465 secs] [Times: user=0.32 sys=0.00, real=0.05 secs] 
5824.397: [GC (Allocation Failure) [PSYoungGen: 497152K->107328K(522240K)] 775229K->519421K(1920512K), 0.0636408 secs] [Times: user=0.38 sys=0.00, real=0.06 secs] 
5825.381: [GC (Allocation Failure) [PSYoungGen: 452928K->142496K(520704K)] 865021K->659114K(1918976K), 0.0519066 secs] [Times: user=0.31 sys=0.00, real=0.05 secs] 
5826.711: [GC (Allocation Failure) [PSYoungGen: 488096K->105536K(522240K)] 1004714K->755518K(1920512K), 0.0637682 secs] [Times: user=0.38 sys=0.00, real=0.06 secs] 
5827.719: [GC (Allocation Failure) [PSYoungGen: 451136K->142432K(520704K)] 1101118K->895110K(1918976K), 0.0522119 secs] [Times: user=0.31 sys=0.00, real=0.05 secs] 
5829.086: [GC (GCLocker Initiated GC) [PSYoungGen: 488032K->104416K(522240K)] 1240712K->990400K(1920512K), 0.0629919 secs] [Times: user=0.38 sys=0.00, real=0.07 secs] 
5831.187: [GC (Allocation Failure) [PSYoungGen: 450016K->148320K(516096K)] 1336005K->1136054K(1914368K), 0.0525304 secs] [Times: user=0.31 sys=0.00, real=0.05 secs] 
5832.508: [GC (Allocation Failure) [PSYoungGen: 488800K->106304K(519680K)] 1476534K->1224710K(1917952K), 0.0638159 secs] [Times: user=0.38 sys=0.00, real=0.06 secs] 
5834.636: [GC (Allocation Failure) [PSYoungGen: 446784K->138816K(518144K)] 1565190K->1360202K(1916416K), 0.0530129 secs] [Times: user=0.31 sys=0.00, real=0.06 secs] 
5835.977: [GC (Allocation Failure) [PSYoungGen: 480832K->106464K(519680K)] 1702218K->1457098K(1917952K), 0.0652428 secs] [Times: user=0.38 sys=0.00, real=0.06 secs] 
5836.042: [Full GC (Ergonomics) [PSYoungGen: 106464K->0K(519680K)] [ParOldGen: 1350634K->23851K(1398272K)] 1457098K->23851K(1917952K), [Metaspace: 59708K->59708K(1105920K)], 0.0382299 secs] [Times: user=0.11 sys=0.00, real=0.04 secs] 
5837.471: [GC (Allocation Failure) [PSYoungGen: 342016K->136704K(520704K)] 365867K->160555K(1918976K), 0.0276477 secs] [Times: user=0.16 sys=0.00, real=0.03 secs] 
5838.746: [GC (Allocation Failure) [PSYoungGen: 482304K->111040K(520704K)] 506155K->261883K(1918976K), 0.0645536 secs] [Times: user=0.38 sys=0.00, real=0.07 secs] 
5839.738: [GC (Allocation Failure) [PSYoungGen: 456640K->140512K(519680K)] 607483K->400648K(1917952K), 0.0528765 secs] [Times: user=0.31 sys=0.00, real=0.05 secs] 
5841.077: [GC (Allocation Failure) [PSYoungGen: 487648K->108384K(521216K)] 747784K->499944K(1919488K), 0.0631608 secs] [Times: user=0.37 sys=0.00, real=0.06 secs] 
5842.304: [GC (Allocation Failure) [PSYoungGen: 455520K->140480K(522752K)] 847080K->638501K(1921024K), 0.0528453 secs] [Times: user=0.31 sys=0.00, real=0.06 secs] 
5843.586: [GC (Allocation Failure) [PSYoungGen: 491200K->110432K(524288K)] 989221K->740033K(1922560K), 0.0640410 secs] [Times: user=0.38 sys=0.00, real=0.07 secs] 
5845.681: [GC (Allocation Failure) [PSYoungGen: 461152K->140064K(522752K)] 1090753K->877606K(1921024K), 0.0532695 secs] [Times: user=0.31 sys=0.00, real=0.05 secs] 
5847.021: [GC (GCLocker Initiated GC) [PSYoungGen: 491808K->110560K(524288K)] 1229350K->978814K(1922560K), 0.0648574 secs] [Times: user=0.39 sys=0.00, real=0.06 secs] 
5848.979: [GC (Allocation Failure) [PSYoungGen: 462304K->140320K(524800K)] 1330561K->1116957K(1923072K), 0.0535611 secs] [Times: user=0.32 sys=0.00, real=0.05 secs] 
5850.306: [GC (Allocation Failure) [PSYoungGen: 494624K->111072K(525824K)] 1471261K->1218682K(1924096K), 0.0655786 secs] [Times: user=0.38 sys=0.00, real=0.07 secs] 
5851.449: [GC (Allocation Failure) [PSYoungGen: 465376K->142240K(523776K)] 1572986K->1358758K(1922048K), 0.0544244 secs] [Times: user=0.32 sys=0.00, real=0.05 secs] 
5852.871: [GC (Allocation Failure) [PSYoungGen: 496544K->111744K(526336K)] 1713062K->1461030K(1924608K), 0.0747975 secs] [Times: user=0.44 sys=0.01, real=0.07 secs] 
5852.945: [Full GC (Ergonomics) [PSYoungGen: 111744K->0K(526336K)] [ParOldGen: 1349286K->29940K(1398272K)] 1461030K->29940K(1924608K), [Metaspace: 59708K->59708K(1105920K)], 0.0501444 secs] [Times: user=0.16 sys=0.00, real=0.05 secs] 
5854.113: [GC (Allocation Failure) [PSYoungGen: 354304K->145568K(522240K)] 384244K->175508K(1920512K), 0.0289905 secs] [Times: user=0.17 sys=0.00, real=0.03 secs] 
5855.419: [GC (Allocation Failure) [PSYoungGen: 498336K->109312K(525824K)] 528276K->275796K(1924096K), 0.0641640 secs] [Times: user=0.38 sys=0.00, real=0.06 secs] 
5856.558: [GC (Allocation Failure) [PSYoungGen: 462080K->144928K(522240K)] 628564K->418129K(1920512K), 0.0527227 secs] [Times: user=0.31 sys=0.00, real=0.05 secs] 
5857.830: [GC (Allocation Failure) [PSYoungGen: 495648K->108224K(524800K)] 768849K->517265K(1923072K), 0.0641980 secs] [Times: user=0.38 sys=0.01, real=0.06 secs] 
5859.387: [GC (Allocation Failure) [PSYoungGen: 458944K->141728K(523264K)] 867985K->655942K(1921536K), 0.0523260 secs] [Times: user=0.31 sys=0.00, real=0.06 secs] 
5860.852: [GC (Allocation Failure) [PSYoungGen: 492448K->111424K(462336K)] 1006662K->757662K(1860608K), 0.0780483 secs] [Times: user=0.45 sys=0.00, real=0.08 secs] 
5862.511: [GC (Allocation Failure) [PSYoungGen: 462144K->142272K(522752K)] 1108382K->896487K(1921024K), 0.0538851 secs] [Times: user=0.32 sys=0.00, real=0.05 secs] 
5863.789: [GC (Allocation Failure) [PSYoungGen: 492992K->110944K(524288K)] 1247207K->997863K(1922560K), 0.0644499 secs] [Times: user=0.37 sys=0.01, real=0.06 secs] 
5864.604: [GC (Allocation Failure) [PSYoungGen: 461664K->147072K(520192K)] 1348583K->1140963K(1918464K), 0.0542156 secs] [Times: user=0.31 sys=0.00, real=0.06 secs] 
5865.876: [GC (Allocation Failure) [PSYoungGen: 495744K->106528K(523776K)] 1489635K->1238259K(1922048K), 0.0657332 secs] [Times: user=0.40 sys=0.00, real=0.07 secs] 
5866.908: [GC (Allocation Failure) [PSYoungGen: 455200K->147456K(518656K)] 1586931K->1381824K(1916928K), 0.0527584 secs] [Times: user=0.32 sys=0.00, real=0.05 secs] 
5866.961: [Full GC (Ergonomics) [PSYoungGen: 147456K->0K(518656K)] [ParOldGen: 1234368K->186490K(1398272K)] 1381824K->186490K(1916928K), [Metaspace: 59708K->59708K(1105920K)], 0.4457672 secs] [Times: user=2.07 sys=0.00, real=0.44 secs] 
5868.796: [GC (Allocation Failure) [PSYoungGen: 344576K->101920K(521728K)] 531066K->288410K(1920000K), 0.0437838 secs] [Times: user=0.25 sys=0.00, real=0.05 secs] 
5870.395: [GC (Allocation Failure) [PSYoungGen: 446496K->143776K(518144K)] 632986K->428255K(1916416K), 0.0502076 secs] [Times: user=0.30 sys=0.00, real=0.05 secs] 
5871.655: [GC (Allocation Failure) [PSYoungGen: 485280K->104800K(520192K)] 769759K->523727K(1918464K), 0.0631663 secs] [Times: user=0.37 sys=0.01, real=0.07 secs] 
5873.783: [GC (Allocation Failure) [PSYoungGen: 446304K->137920K(518656K)] 865231K->658780K(1916928K), 0.0513729 secs] [Times: user=0.31 sys=0.00, real=0.05 secs] 
5875.040: [GC (Allocation Failure) [PSYoungGen: 480960K->105792K(519680K)] 1001820K->755504K(1917952K), 0.0621425 secs] [Times: user=0.36 sys=0.01, real=0.06 secs] 
5876.770: [GC (Allocation Failure) [PSYoungGen: 448832K->140416K(520704K)] 1098544K->892709K(1918976K), 0.0526960 secs] [Times: user=0.31 sys=0.00, real=0.05 secs] 
5878.046: [GC (Allocation Failure) [PSYoungGen: 486016K->107232K(521728K)] 1238309K->990873K(1920000K), 0.0636710 secs] [Times: user=0.38 sys=0.00, real=0.07 secs] 
5879.534: [GC (GCLocker Initiated GC) [PSYoungGen: 452832K->140160K(520704K)] 1336476K->1128085K(1918976K), 0.0536030 secs] [Times: user=0.31 sys=0.00, real=0.06 secs] 
5880.832: [GC (Allocation Failure) [PSYoungGen: 486784K->108544K(521728K)] 1474712K->1227544K(1920000K), 0.0636783 secs] [Times: user=0.38 sys=0.00, real=0.06 secs] 
5882.269: [GC (Allocation Failure) [PSYoungGen: 455168K->138592K(522240K)] 1574168K->1363845K(1920512K), 0.0539016 secs] [Times: user=0.32 sys=0.00, real=0.05 secs] 
5883.594: [GC (Allocation Failure) [PSYoungGen: 487776K->110880K(522752K)] 1713029K->1465337K(1921024K), 0.0649524 secs] [Times: user=0.38 sys=0.00, real=0.07 secs] 
5883.659: [Full GC (Ergonomics) [PSYoungGen: 110880K->0K(522752K)] [ParOldGen: 1354457K->26847K(1398272K)] 1465337K->26847K(1921024K), [Metaspace: 59708K->59708K(1105920K)], 0.0500488 secs] [Times: user=0.17 sys=0.00, real=0.05 secs] 
5885.276: [GC (Allocation Failure) [PSYoungGen: 349184K->140128K(522752K)] 376031K->166975K(1921024K), 0.0277345 secs] [Times: user=0.16 sys=0.00, real=0.03 secs] 
5886.593: [GC (Allocation Failure) [PSYoungGen: 491360K->109632K(523776K)] 518207K->267223K(1922048K), 0.0631869 secs] [Times: user=0.37 sys=0.00, real=0.06 secs] 
5887.563: [GC (GCLocker Initiated GC) [PSYoungGen: 460864K->142912K(522752K)] 618455K->408283K(1921024K), 0.0531626 secs] [Times: user=0.31 sys=0.00, real=0.05 secs] 
5888.843: [GC (Allocation Failure) [PSYoungGen: 495168K->108928K(525312K)] 760542K->508054K(1923584K), 0.0643770 secs] [Times: user=0.38 sys=0.00, real=0.07 secs] 
5889.760: [GC (Allocation Failure) [PSYoungGen: 461184K->146656K(519680K)] 860310K->652530K(1917952K), 0.0535709 secs] [Times: user=0.32 sys=0.00, real=0.05 secs] 
5891.125: [GC (Allocation Failure) [PSYoungGen: 495328K->107424K(523776K)] 1001202K->751130K(1922048K), 0.0651476 secs] [Times: user=0.38 sys=0.00, real=0.07 secs] 
5892.829: [GC (Allocation Failure) [PSYoungGen: 456096K->141728K(522752K)] 1099802K->890127K(1921024K), 0.0522650 secs] [Times: user=0.31 sys=0.01, real=0.05 secs] 
5894.109: [GC (GCLocker Initiated GC) [PSYoungGen: 491424K->109312K(524288K)] 1239823K->990076K(1922560K), 0.0640227 secs] [Times: user=0.38 sys=0.00, real=0.06 secs] 
5895.113: [GC (Allocation Failure) [PSYoungGen: 459008K->144096K(521728K)] 1339810K->1131407K(1920000K), 0.0530519 secs] [Times: user=0.31 sys=0.00, real=0.05 secs] 
5896.389: [GC (Allocation Failure) [PSYoungGen: 492768K->107456K(523776K)] 1480079K->1229787K(1922048K), 0.0652033 secs] [Times: user=0.39 sys=0.00, real=0.06 secs] 
5897.535: [GC (Allocation Failure) [PSYoungGen: 456128K->143648K(521216K)] 1578459K->1370732K(1919488K), 0.0537543 secs] [Times: user=0.32 sys=0.00, real=0.06 secs] 
5898.807: [GC (Allocation Failure) [PSYoungGen: 491296K->109216K(523264K)] 1718380K->1470764K(1921536K), 0.0655320 secs] [Times: user=0.39 sys=0.00, real=0.06 secs] 
5898.873: [Full GC (Ergonomics) [PSYoungGen: 109216K->0K(523264K)] [ParOldGen: 1361548K->37055K(1398272K)] 1470764K->37055K(1921536K), [Metaspace: 59708K->59708K(1105920K)], 0.0707608 secs] [Times: user=0.27 sys=0.00, real=0.07 secs] 
5900.348: [GC (Allocation Failure) [PSYoungGen: 347648K->142752K(521728K)] 384703K->179807K(1920000K), 0.0286121 secs] [Times: user=0.17 sys=0.00, real=0.03 secs] 
5901.713: [GC (GCLocker Initiated GC) [PSYoungGen: 490400K->107648K(523264K)] 527455K->278039K(1921536K), 0.0658054 secs] [Times: user=0.39 sys=0.00, real=0.07 secs] 
5902.899: [GC (Allocation Failure) [PSYoungGen: 455296K->142144K(521728K)] 625690K->417447K(1920000K), 0.0519879 secs] [Times: user=0.31 sys=0.00, real=0.05 secs] 
5904.180: [GC (Allocation Failure) [PSYoungGen: 489792K->108800K(456704K)] 765095K->516527K(1854976K), 0.0636167 secs] [Times: user=0.37 sys=0.00, real=0.06 secs] 
5904.970: [GC (GCLocker Initiated GC) [PSYoungGen: 456448K->140992K(521728K)] 864175K->655028K(1920000K), 0.0531289 secs] [Times: user=0.31 sys=0.01, real=0.05 secs] 
5906.250: [GC (Allocation Failure) [PSYoungGen: 489152K->109056K(522752K)] 1003226K->754410K(1921024K), 0.0635878 secs] [Times: user=0.38 sys=0.00, real=0.06 secs] 
5907.730: [GC (Allocation Failure) [PSYoungGen: 457216K->144800K(520704K)] 1102570K->896290K(1918976K), 0.0536989 secs] [Times: user=0.32 sys=0.00, real=0.05 secs] 
5909.094: [GC (Allocation Failure) [PSYoungGen: 492448K->107328K(523264K)] 1243938K->994794K(1921536K), 0.0783810 secs] [Times: user=0.46 sys=0.00, real=0.08 secs] 
5910.742: [GC (Allocation Failure) [PSYoungGen: 454976K->142752K(521728K)] 1342442K->1134774K(1920000K), 0.0529111 secs] [Times: user=0.31 sys=0.00, real=0.05 secs] 
5912.098: [GC (Allocation Failure) [PSYoungGen: 490400K->105600K(523264K)] 1482422K->1231430K(1921536K), 0.0634511 secs] [Times: user=0.38 sys=0.00, real=0.06 secs] 
5913.427: [GC (Allocation Failure) [PSYoungGen: 453248K->144448K(520192K)] 1579078K->1373139K(1918464K), 0.0529169 secs] [Times: user=0.31 sys=0.00, real=0.06 secs] 
5914.789: [GC (Allocation Failure) [PSYoungGen: 490048K->106816K(522240K)] 1718739K->1470907K(1920512K), 0.0803582 secs] [Times: user=0.48 sys=0.00, real=0.08 secs] 
5914.870: [Full GC (Ergonomics) [PSYoungGen: 106816K->0K(522240K)] [ParOldGen: 1364091K->36763K(1398272K)] 1470907K->36763K(1920512K), [Metaspace: 59708K->59708K(1105920K)], 0.0745537 secs] [Times: user=0.29 sys=0.00, real=0.07 secs] 
5917.161: [GC (Allocation Failure) [PSYoungGen: 345600K->146176K(517632K)] 382363K->182939K(1915904K), 0.0278508 secs] [Times: user=0.16 sys=0.00, real=0.03 secs] 
5918.458: [GC (GCLocker Initiated GC) [PSYoungGen: 488704K->105664K(520704K)] 525469K->270885K(1918976K), 0.0618837 secs] [Times: user=0.37 sys=0.00, real=0.06 secs] 
5919.296: [GC (Allocation Failure) [PSYoungGen: 448192K->148160K(515072K)] 613416K->416581K(1913344K), 0.0521627 secs] [Times: user=0.30 sys=0.00, real=0.06 secs] 
5920.626: [GC (Allocation Failure) [PSYoungGen: 486592K->106496K(518656K)] 755013K->504853K(1916928K), 0.0633104 secs] [Times: user=0.37 sys=0.01, real=0.07 secs] 
5921.614: [GC (Allocation Failure) [PSYoungGen: 444928K->139360K(517120K)] 843285K->642494K(1915392K), 0.0524055 secs] [Times: user=0.31 sys=0.00, real=0.05 secs] 
5922.980: [GC (GCLocker Initiated GC) [PSYoungGen: 479840K->106752K(518656K)] 982974K->740214K(1916928K), 0.0636396 secs] [Times: user=0.38 sys=0.00, real=0.06 secs] 
5925.068: [GC (Allocation Failure) [PSYoungGen: 447232K->135136K(517632K)] 1080765K->873034K(1915904K), 0.0519027 secs] [Times: user=0.31 sys=0.00, real=0.05 secs] 
5926.468: [GC (GCLocker Initiated GC) [PSYoungGen: 479200K->110848K(519168K)] 1217098K->974394K(1917440K), 0.0640139 secs] [Times: user=0.38 sys=0.00, real=0.06 secs] 
5927.322: [GC (Allocation Failure) [PSYoungGen: 454912K->135520K(522240K)] 1318496K->1108397K(1920512K), 0.0532859 secs] [Times: user=0.32 sys=0.00, real=0.05 secs] 
5928.672: [GC (Allocation Failure) [PSYoungGen: 486240K->114336K(522752K)] 1459117K->1213613K(1921024K), 0.0642001 secs] [Times: user=0.38 sys=0.00, real=0.06 secs] 
5930.793: [GC (Allocation Failure) [PSYoungGen: 465056K->135872K(524800K)] 1564333K->1347876K(1923072K), 0.0545459 secs] [Times: user=0.32 sys=0.00, real=0.06 secs] 
5932.193: [GC (GCLocker Initiated GC) [PSYoungGen: 491200K->114624K(524800K)] 1703204K->1452793K(1923072K), 0.0637167 secs] [Times: user=0.38 sys=0.00, real=0.07 secs] 
5932.257: [Full GC (Ergonomics) [PSYoungGen: 114624K->0K(524800K)] [ParOldGen: 1338168K->18339K(1398272K)] 1452793K->18339K(1923072K), [Metaspace: 59708K->59708K(1105920K)], 0.0289444 secs] [Times: user=0.07 sys=0.01, real=0.02 secs] 
5933.625: [GC (Allocation Failure) [PSYoungGen: 355328K->139008K(525824K)] 373737K->157417K(1924096K), 0.0273053 secs] [Times: user=0.16 sys=0.00, real=0.03 secs] 
5934.979: [GC (Allocation Failure) [PSYoungGen: 497920K->115392K(526848K)] 516329K->263422K(1925120K), 0.0645260 secs] [Times: user=0.39 sys=0.00, real=0.06 secs] 
5935.977: [GC (Allocation Failure) [PSYoungGen: 474304K->143488K(526336K)] 622334K->403858K(1924608K), 0.0541993 secs] [Times: user=0.31 sys=0.01, real=0.05 secs] 
5937.280: [GC (GCLocker Initiated GC) [PSYoungGen: 504448K->116576K(529408K)] 764819K->510771K(1927680K), 0.0652417 secs] [Times: user=0.39 sys=0.00, real=0.06 secs] 
5938.435: [GC (Allocation Failure) [PSYoungGen: 477536K->156704K(517632K)] 871734K->664831K(1915904K), 0.0551923 secs] [Times: user=0.32 sys=0.00, real=0.06 secs] 
5939.754: [GC (Allocation Failure) [PSYoungGen: 508448K->107456K(525312K)] 1016575K->755111K(1923584K), 0.0643207 secs] [Times: user=0.37 sys=0.00, real=0.07 secs] 
5940.791: [GC (Allocation Failure) [PSYoungGen: 459200K->155136K(514048K)] 1106855K->907500K(1912320K), 0.0536847 secs] [Times: user=0.32 sys=0.00, real=0.05 secs] 
5942.162: [GC (Allocation Failure) [PSYoungGen: 496640K->101760K(520192K)] 1249004K->992148K(1918464K), 0.0678272 secs] [Times: user=0.40 sys=0.00, real=0.07 secs] 
5943.659: [GC (Allocation Failure) [PSYoungGen: 443264K->141728K(519680K)] 1333652K->1130801K(1917952K), 0.0506564 secs] [Times: user=0.30 sys=0.00, real=0.05 secs] 
5944.914: [GC (Allocation Failure) [PSYoungGen: 483232K->105792K(447488K)] 1472305K->1227657K(1845760K), 0.0632838 secs] [Times: user=0.37 sys=0.00, real=0.07 secs] 
5947.522: [GC (Allocation Failure) [PSYoungGen: 447296K->144384K(518144K)] 1569161K->1368798K(1916416K), 0.0522197 secs] [Times: user=0.31 sys=0.00, real=0.05 secs] 
5948.830: [GC (Allocation Failure) [PSYoungGen: 484864K->105216K(519680K)] 1709278K->1456286K(1917952K), 0.0638276 secs] [Times: user=0.38 sys=0.01, real=0.06 secs] 
5948.894: [Full GC (Ergonomics) [PSYoungGen: 105216K->0K(519680K)] [ParOldGen: 1351070K->24567K(1398272K)] 1456286K->24567K(1917952K), [Metaspace: 59708K->59708K(1105920K)], 0.0478347 secs] [Times: user=0.15 sys=0.00, real=0.05 secs] 
5949.883: [GC (Allocation Failure) [PSYoungGen: 340480K->138240K(518144K)] 365047K->162807K(1916416K), 0.0276123 secs] [Times: user=0.16 sys=0.00, real=0.03 secs] 
5951.148: [GC (Allocation Failure) [PSYoungGen: 479744K->107424K(519168K)] 504311K->260927K(1917440K), 0.0634181 secs] [Times: user=0.38 sys=0.00, real=0.06 secs] 
5951.969: [GC (Allocation Failure) [PSYoungGen: 448928K->138560K(520192K)] 602431K->398080K(1918464K), 0.0516113 secs] [Times: user=0.30 sys=0.00, real=0.05 secs] 
5953.470: [GC (Allocation Failure) [PSYoungGen: 483136K->109760K(520192K)] 742656K->498848K(1918464K), 0.0627205 secs] [Times: user=0.37 sys=0.00, real=0.06 secs] 
5955.239: [GC (Allocation Failure) [PSYoungGen: 454336K->136960K(521216K)] 843424K->634212K(1919488K), 0.0530474 secs] [Times: user=0.31 sys=0.00, real=0.05 secs] 
5956.541: [GC (Allocation Failure) [PSYoungGen: 484608K->111584K(521216K)] 981860K->736733K(1919488K), 0.0637578 secs] [Times: user=0.38 sys=0.01, real=0.06 secs] 
5958.336: [GC (Allocation Failure) [PSYoungGen: 459232K->162208K(509440K)] 1084381K->897313K(1907712K), 0.0542870 secs] [Times: user=0.32 sys=0.00, real=0.06 secs] 
5959.635: [GC (Allocation Failure) [PSYoungGen: 500640K->110016K(518656K)] 1235745K->973505K(1916928K), 0.0634282 secs] [Times: user=0.38 sys=0.01, real=0.07 secs] 
5961.400: [GC (Allocation Failure) [PSYoungGen: 448448K->129376K(508416K)] 1311937K->1101382K(1906688K), 0.0526822 secs] [Times: user=0.31 sys=0.00, real=0.05 secs] 
5962.718: [GC (Allocation Failure) [PSYoungGen: 469856K->116864K(514560K)] 1441862K->1208734K(1912832K), 0.0628600 secs] [Times: user=0.38 sys=0.00, real=0.06 secs] 
5963.628: [GC (Allocation Failure) [PSYoungGen: 457344K->125120K(513536K)] 1549214K->1333814K(1911808K), 0.0549609 secs] [Times: user=0.32 sys=0.00, real=0.05 secs] 
5964.968: [GC (Allocation Failure) [PSYoungGen: 478912K->123136K(520704K)] 1687606K->1446491K(1918976K), 0.0631858 secs] [Times: user=0.37 sys=0.00, real=0.06 secs] 
5965.032: [Full GC (Ergonomics) [PSYoungGen: 123136K->0K(520704K)] [ParOldGen: 1323355K->250778K(1398272K)] 1446491K->250778K(1918976K), [Metaspace: 59708K->59708K(1105920K)], 0.5298141 secs] [Times: user=2.31 sys=0.00, real=0.53 secs] 
5966.264: [GC (Allocation Failure) [PSYoungGen: 353792K->131520K(526848K)] 604570K->382298K(1925120K), 0.0265152 secs] [Times: user=0.15 sys=0.00, real=0.03 secs] 
5967.577: [GC (Allocation Failure) [PSYoungGen: 500672K->4384K(373760K)] 751450K->255274K(1772032K), 0.0033012 secs] [Times: user=0.02 sys=0.00, real=0.01 secs] 
5969.600: [GC (Allocation Failure) [PSYoungGen: 373536K->143712K(510976K)] 624426K->396847K(1909248K), 0.0294787 secs] [Times: user=0.17 sys=0.01, real=0.03 secs] 
5970.895: [GC (Allocation Failure) [PSYoungGen: 476000K->106752K(439296K)] 729135K->494111K(1837568K), 0.0648651 secs] [Times: user=0.38 sys=0.00, real=0.07 secs] 
5972.068: [GC (Allocation Failure) [PSYoungGen: 439040K->129632K(516096K)] 826399K->622236K(1914368K), 0.0520712 secs] [Times: user=0.31 sys=0.00, real=0.05 secs] 
5973.382: [GC (Allocation Failure) [PSYoungGen: 467552K->116960K(515072K)] 960156K->729456K(1913344K), 0.0639085 secs] [Times: user=0.38 sys=0.01, real=0.06 secs] 
5975.012: [GC (Allocation Failure) [PSYoungGen: 454880K->123456K(518144K)] 1067376K->851981K(1916416K), 0.0551153 secs] [Times: user=0.33 sys=0.00, real=0.06 secs] 
5976.360: [GC (Allocation Failure) [PSYoungGen: 470080K->123872K(515072K)] 1198605K->966029K(1913344K), 0.0628639 secs] [Times: user=0.38 sys=0.00, real=0.06 secs] 
5977.871: [GC (Allocation Failure) [PSYoungGen: 470496K->121312K(526848K)] 1312653K->1087085K(1925120K), 0.0569424 secs] [Times: user=0.34 sys=0.00, real=0.06 secs] 
5979.320: [GC (Allocation Failure) [PSYoungGen: 483808K->896K(363520K)] 1449581K->966717K(1761792K), 0.0034367 secs] [Times: user=0.02 sys=0.00, real=0.00 secs] 
5980.514: [GC (Allocation Failure) [PSYoungGen: 363392K->134400K(515072K)] 1329213K->1100729K(1913344K), 0.0281490 secs] [Times: user=0.16 sys=0.00, real=0.03 secs] 
5981.832: [GC (Allocation Failure) [PSYoungGen: 471808K->2240K(339968K)] 1438137K->968754K(1738240K), 0.0035828 secs] [Times: user=0.01 sys=0.00, real=0.00 secs] 
5983.420: [GC (Allocation Failure) [PSYoungGen: 339648K->125408K(505856K)] 1306162K->1092502K(1904128K), 0.0263237 secs] [Times: user=0.15 sys=0.00, real=0.02 secs] 
5984.721: [GC (Allocation Failure) [PSYoungGen: 439264K->121600K(435712K)] 1406358K->1204590K(1833984K), 0.0633929 secs] [Times: user=0.37 sys=0.00, real=0.06 secs] 
5986.890: [GC (Allocation Failure) [PSYoungGen: 432344K->92960K(512512K)] 1515335K->1297366K(1910784K), 0.0630870 secs] [Times: user=0.37 sys=0.00, real=0.06 secs] 
5986.954: [Full GC (Ergonomics) [PSYoungGen: 92960K->0K(512512K)] [ParOldGen: 1204406K->106586K(1398272K)] 1297366K->106586K(1910784K), [Metaspace: 59708K->59708K(1105920K)], 0.2575942 secs] [Times: user=1.11 sys=0.00, real=0.26 secs] 
5987.583: [GC (Allocation Failure) [PSYoungGen: 321536K->156768K(478720K)] 428122K->263354K(1876992K), 0.0295672 secs] [Times: user=0.17 sys=0.00, real=0.03 secs] 
5990.057: [GC (Allocation Failure) [PSYoungGen: 478304K->81376K(507392K)] 584890K->328222K(1905664K), 0.0665759 secs] [Times: user=0.40 sys=0.00, real=0.06 secs] 
5990.471: [GC (Allocation Failure) [PSYoungGen: 392672K->134880K(502784K)] 639518K->457659K(1901056K), 0.0518537 secs] [Times: user=0.30 sys=0.01, real=0.05 secs] 
5992.408: [GC (Allocation Failure) [PSYoungGen: 446176K->80992K(501760K)] 768955K->538011K(1900032K), 0.1360459 secs] [Times: user=0.81 sys=0.00, real=0.13 secs] 
5993.452: [GC (Allocation Failure) [PSYoungGen: 394336K->139712K(503296K)] 851355K->673924K(1901568K), 0.0461002 secs] [Times: user=0.27 sys=0.01, real=0.05 secs] 
5994.675: [GC (Allocation Failure) [PSYoungGen: 453056K->94464K(501760K)] 987268K->751648K(1900032K), 0.0597556 secs] [Times: user=0.35 sys=0.01, real=0.06 secs] 
5995.927: [GC (Allocation Failure) [PSYoungGen: 409344K->127136K(503296K)] 1066528K->876053K(1901568K), 0.0473895 secs] [Times: user=0.28 sys=0.00, real=0.05 secs] 
5997.201: [GC (Allocation Failure) [PSYoungGen: 442016K->106432K(495616K)] 1190933K->973121K(1893888K), 0.0608541 secs] [Times: user=0.36 sys=0.00, real=0.06 secs] 
5998.316: [GC (Allocation Failure) [PSYoungGen: 429504K->117984K(503296K)] 1296193K->1091081K(1901568K), 0.0508129 secs] [Times: user=0.30 sys=0.00, real=0.06 secs] 
5999.653: [GC (Allocation Failure) [PSYoungGen: 441056K->130176K(517120K)] 1414153K->1210726K(1915392K), 0.0625225 secs] [Times: user=0.36 sys=0.01, real=0.06 secs] 
6000.763: [GC (Allocation Failure) [PSYoungGen: 472704K->107328K(450048K)] 1553254K->1317830K(1848320K), 0.0560965 secs] [Times: user=0.33 sys=0.00, real=0.06 secs] 
6000.819: [Full GC (Ergonomics) [PSYoungGen: 107328K->0K(450048K)] [ParOldGen: 1210502K->120882K(1398272K)] 1317830K->120882K(1848320K), [Metaspace: 59708K->59708K(1105920K)], 0.2836388 secs] [Times: user=1.24 sys=0.00, real=0.28 secs] 
6002.353: [GC (Allocation Failure) [PSYoungGen: 342528K->140800K(514048K)] 463410K->261682K(1912320K), 0.0503165 secs] [Times: user=0.29 sys=0.00, real=0.05 secs] 
6003.535: [GC (Allocation Failure) [PSYoungGen: 483328K->103200K(518656K)] 604210K->364478K(1916928K), 0.0703756 secs] [Times: user=0.42 sys=0.00, real=0.07 secs] 
6004.739: [GC (Allocation Failure) [PSYoungGen: 443218K->172000K(419328K)] 704496K->535898K(1817600K), 0.0703460 secs] [Times: user=0.41 sys=0.01, real=0.07 secs] 
6006.198: [GC (Allocation Failure) [PSYoungGen: 419296K->56896K(304640K)] 783194K->556058K(1702912K), 0.1019309 secs] [Times: user=0.60 sys=0.00, real=0.10 secs] 
6006.619: [GC (Allocation Failure) [PSYoungGen: 304192K->106848K(478208K)] 803354K->657255K(1876480K), 0.0371419 secs] [Times: user=0.22 sys=0.00, real=0.03 secs] 
6007.751: [GC (Allocation Failure) [PSYoungGen: 356192K->89600K(339456K)] 906599K->738367K(1737728K), 0.0546601 secs] [Times: user=0.32 sys=0.00, real=0.05 secs] 
6008.800: [GC (Allocation Failure) [PSYoungGen: 338944K->77856K(468480K)] 987711K->815951K(1866752K), 0.0503638 secs] [Times: user=0.29 sys=0.00, real=0.05 secs] 
6009.147: [GC (Allocation Failure) [PSYoungGen: 330272K->110144K(465408K)] 1068367K->920332K(1863680K), 0.0451476 secs] [Times: user=0.27 sys=0.00, real=0.04 secs] 
6010.370: [GC (Allocation Failure) [PSYoungGen: 362560K->69504K(475136K)] 1172748K->981452K(1873408K), 0.0533332 secs] [Times: user=0.32 sys=0.00, real=0.05 secs] 
6011.588: [GC (Allocation Failure) [PSYoungGen: 340864K->107264K(473600K)] 1252812K->1086625K(1871872K), 0.0397689 secs] [Times: user=0.23 sys=0.00, real=0.04 secs] 
6011.941: [GC (Allocation Failure) [PSYoungGen: 378624K->122208K(489472K)] 1357985K->1199545K(1887744K), 0.0556380 secs] [Times: user=0.33 sys=0.00, real=0.05 secs] 
6014.224: [GC (Allocation Failure) [PSYoungGen: 418656K->73216K(485888K)] 1495993K->1272369K(1884160K), 0.0991782 secs] [Times: user=0.58 sys=0.00, real=0.10 secs] 
6014.754: [GC (Allocation Failure) [PSYoungGen: 369664K->136160K(501248K)] 1568817K->1402722K(1899520K), 0.0459822 secs] [Times: user=0.27 sys=0.01, real=0.05 secs] 
6014.800: [Full GC (Ergonomics) [PSYoungGen: 136160K->0K(501248K)] [ParOldGen: 1266562K->192625K(1398272K)] 1402722K->192625K(1899520K), [Metaspace: 59709K->59709K(1105920K)], 0.4600085 secs] [Times: user=2.13 sys=0.00, real=0.46 secs] 
6016.416: [GC (Allocation Failure) [PSYoungGen: 313344K->92448K(504320K)] 505969K->285073K(1902592K), 0.0304021 secs] [Times: user=0.18 sys=0.00, real=0.03 secs] 
6018.213: [GC (Allocation Failure) [PSYoungGen: 405792K->128480K(505344K)] 598417K->410398K(1903616K), 0.0459594 secs] [Times: user=0.27 sys=0.00, real=0.05 secs] 
6019.458: [GC (Allocation Failure) [PSYoungGen: 448480K->100224K(505344K)] 730398K->501606K(1903616K), 0.0602730 secs] [Times: user=0.35 sys=0.00, real=0.06 secs] 
6020.790: [GC (Allocation Failure) [PSYoungGen: 420224K->125312K(508928K)] 821606K->625235K(1907200K), 0.0497418 secs] [Times: user=0.29 sys=0.00, real=0.05 secs] 
6022.131: [GC (Allocation Failure) [PSYoungGen: 454528K->120960K(507904K)] 954451K->736987K(1906176K), 0.0623180 secs] [Times: user=0.37 sys=0.01, real=0.06 secs] 
6023.610: [GC (Allocation Failure) [PSYoungGen: 450176K->111744K(512000K)] 1066203K->848299K(1910272K), 0.0541732 secs] [Times: user=0.32 sys=0.00, real=0.05 secs] 
6024.903: [GC (Allocation Failure) [PSYoungGen: 456320K->136480K(514048K)] 1192875K->974192K(1912320K), 0.0615269 secs] [Times: user=0.36 sys=0.00, real=0.06 secs] 
6026.229: [GC (Allocation Failure) [PSYoungGen: 481056K->109408K(522752K)] 1318768K->1083120K(1921024K), 0.0566008 secs] [Times: user=0.33 sys=0.00, real=0.05 secs] 
6027.548: [GC (Allocation Failure) [PSYoungGen: 465760K->139104K(524288K)] 1439472K->1211819K(1922560K), 0.0616029 secs] [Times: user=0.37 sys=0.00, real=0.06 secs] 
6029.110: [GC (Allocation Failure) [PSYoungGen: 495456K->116320K(523776K)] 1568171K->1327859K(1922048K), 0.0591016 secs] [Times: user=0.35 sys=0.00, real=0.06 secs] 
6030.461: [GC (Allocation Failure) [PSYoungGen: 475232K->131520K(525312K)] 1686771K->1449048K(1923584K), 0.0622250 secs] [Times: user=0.36 sys=0.00, real=0.06 secs] 
6030.523: [Full GC (Ergonomics) [PSYoungGen: 131520K->0K(525312K)] [ParOldGen: 1317528K->250561K(1398272K)] 1449048K->250561K(1923584K), [Metaspace: 59709K->59709K(1105920K)], 0.5278770 secs] [Times: user=2.31 sys=0.00, real=0.53 secs] 
6032.405: [GC (Allocation Failure) [PSYoungGen: 358912K->122240K(526848K)] 609473K->372801K(1925120K), 0.0252100 secs] [Times: user=0.14 sys=0.00, real=0.03 secs] 
6033.736: [GC (Allocation Failure) [PSYoungGen: 487808K->1152K(367104K)] 738369K->251865K(1765376K), 0.0025602 secs] [Times: user=0.02 sys=0.00, real=0.01 secs] 
6034.581: [GC (Allocation Failure) [PSYoungGen: 366720K->138080K(510464K)] 617433K->389518K(1908736K), 0.0278191 secs] [Times: user=0.15 sys=0.00, real=0.03 secs] 
6035.878: [GC (Allocation Failure) [PSYoungGen: 469344K->2080K(333824K)] 720782K->253686K(1732096K), 0.0027039 secs] [Times: user=0.01 sys=0.00, real=0.00 secs] 
6037.997: [GC (Allocation Failure) [PSYoungGen: 333344K->121088K(505856K)] 584950K->373279K(1904128K), 0.0249288 secs] [Times: user=0.14 sys=0.00, real=0.03 secs] 
6039.300: [GC (Allocation Failure) [PSYoungGen: 432384K->192992K(504320K)] 684575K->489751K(1902592K), 0.0616406 secs] [Times: user=0.37 sys=0.00, real=0.06 secs] 
6040.827: [GC (Allocation Failure) [PSYoungGen: 504288K->89824K(439808K)] 801047K->386743K(1838080K), 0.0263492 secs] [Times: user=0.15 sys=0.00, real=0.02 secs] 
6041.154: [GC (Allocation Failure) [PSYoungGen: 320291K->98944K(472064K)] 617210K->479538K(1870336K), 0.0455022 secs] [Times: user=0.28 sys=0.00, real=0.05 secs] 
6042.282: [GC (Allocation Failure) [PSYoungGen: 344192K->70688K(455680K)] 724786K->541570K(1853952K), 0.0506833 secs] [Times: user=0.30 sys=0.01, real=0.05 secs] 
6043.520: [GC (Allocation Failure) [PSYoungGen: 325152K->106880K(468480K)] 796034K->646671K(1866752K), 0.0410496 secs] [Times: user=0.24 sys=0.00, real=0.04 secs] 
6043.855: [GC (Allocation Failure) [PSYoungGen: 361344K->115040K(469504K)] 901135K->743843K(1867776K), 0.0533493 secs] [Times: user=0.31 sys=0.00, real=0.06 secs] 
6045.118: [GC (Allocation Failure) [PSYoungGen: 396640K->72768K(478208K)] 1025443K->816011K(1876480K), 0.0551086 secs] [Times: user=0.32 sys=0.00, real=0.05 secs] 
6045.735: [GC (Allocation Failure) [PSYoungGen: 354368K->118720K(492032K)] 1097611K->930528K(1890304K), 0.0416631 secs] [Times: user=0.24 sys=0.01, real=0.04 secs] 
6046.966: [GC (Allocation Failure) [PSYoungGen: 427456K->96608K(498688K)] 1239264K->1017676K(1896960K), 0.0576291 secs] [Times: user=0.34 sys=0.00, real=0.06 secs] 
6048.377: [GC (Allocation Failure) [PSYoungGen: 405344K->119776K(503808K)] 1326412K->1135489K(1902080K), 0.0485018 secs] [Times: user=0.29 sys=0.00, real=0.04 secs] 
6049.633: [GC (Allocation Failure) [PSYoungGen: 445408K->126112K(506368K)] 1461121K->1252161K(1904640K), 0.0622393 secs] [Times: user=0.37 sys=0.00, real=0.06 secs] 
6051.255: [GC (Allocation Failure) [PSYoungGen: 451744K->103296K(505856K)] 1577793K->1355117K(1904128K), 0.0551115 secs] [Times: user=0.32 sys=0.00, real=0.06 secs] 
6051.311: [Full GC (Ergonomics) [PSYoungGen: 103296K->0K(505856K)] [ParOldGen: 1251821K->116903K(1398272K)] 1355117K->116903K(1904128K), [Metaspace: 59709K->59709K(1105920K)], 0.2546595 secs] [Times: user=1.14 sys=0.00, real=0.25 secs] 
6052.286: [GC (Allocation Failure) [PSYoungGen: 337408K->174560K(512000K)] 454311K->302559K(1910272K), 0.0486708 secs] [Times: user=0.29 sys=0.00, real=0.05 secs] 
6054.441: [GC (Allocation Failure) [PSYoungGen: 511968K->91808K(500736K)] 639967K->353831K(1899008K), 0.0613460 secs] [Times: user=0.37 sys=0.00, real=0.06 secs] 
6054.936: [GC (Allocation Failure) [PSYoungGen: 405664K->135648K(449536K)] 667687K->483520K(1847808K), 0.0530767 secs] [Times: user=0.32 sys=0.00, real=0.06 secs] 
6056.991: [GC (Allocation Failure) [PSYoungGen: 449504K->85216K(508416K)] 797376K->568224K(1906688K), 0.1007214 secs] [Times: user=0.60 sys=0.00, real=0.10 secs] 
6057.841: [GC (Allocation Failure) [PSYoungGen: 400608K->136160K(505856K)] 883616K->694033K(1904128K), 0.0500991 secs] [Times: user=0.30 sys=0.00, real=0.05 secs] 
6059.345: [GC (Allocation Failure) [PSYoungGen: 451552K->86272K(503808K)] 1009425K->779809K(1902080K), 0.0714684 secs] [Times: user=0.42 sys=0.00, real=0.08 secs] 
6060.599: [GC (Allocation Failure) [PSYoungGen: 403200K->131776K(505344K)] 1096737K->906785K(1903616K), 0.0456628 secs] [Times: user=0.27 sys=0.00, real=0.04 secs] 
6061.847: [GC (Allocation Failure) [PSYoungGen: 448704K->96384K(501248K)] 1223713K->993493K(1899520K), 0.0610331 secs] [Times: user=0.36 sys=0.01, real=0.07 secs] 
6063.219: [GC (Allocation Failure) [PSYoungGen: 418432K->131488K(505856K)] 1315541K->1122414K(1904128K), 0.0492430 secs] [Times: user=0.29 sys=0.00, real=0.05 secs] 
6064.492: [GC (Allocation Failure) [PSYoungGen: 453536K->105824K(503808K)] 1444462K->1219118K(1902080K), 0.0626682 secs] [Times: user=0.37 sys=0.00, real=0.06 secs] 
6065.826: [GC (Allocation Failure) [PSYoungGen: 437088K->125920K(509440K)] 1550382K->1343366K(1907712K), 0.0516205 secs] [Times: user=0.30 sys=0.00, real=0.06 secs] 
6067.116: [GC (Allocation Failure) [PSYoungGen: 457184K->121344K(512000K)] 1674630K->1455158K(1910272K), 0.0633368 secs] [Times: user=0.38 sys=0.00, real=0.07 secs] 
6067.179: [Full GC (Ergonomics) [PSYoungGen: 121344K->0K(512000K)] [ParOldGen: 1333814K->250846K(1398272K)] 1455158K->250846K(1910272K), [Metaspace: 59709K->59709K(1105920K)], 0.5239682 secs] [Times: user=2.28 sys=0.01, real=0.52 secs] 
6068.908: [GC (Allocation Failure) [PSYoungGen: 344064K->118304K(517120K)] 594910K->369150K(1915392K), 0.0240105 secs] [Times: user=0.14 sys=0.00, real=0.02 secs] 
6070.290: [GC (Allocation Failure) [PSYoungGen: 462368K->130016K(525312K)] 713214K->488631K(1923584K), 0.0617253 secs] [Times: user=0.36 sys=0.00, real=0.06 secs] 
6071.190: [GC (Allocation Failure) [PSYoungGen: 487387K->122496K(525824K)] 846002K->611055K(1924096K), 0.0565229 secs] [Times: user=0.34 sys=0.00, real=0.05 secs] 
6072.544: [GC (Allocation Failure) [PSYoungGen: 479872K->125600K(528384K)] 968431K->726396K(1926656K), 0.0627411 secs] [Times: user=0.37 sys=0.00, real=0.07 secs] 
6073.858: [GC (Allocation Failure) [PSYoungGen: 490144K->131744K(527872K)] 1090940K->857808K(1926144K), 0.0559995 secs] [Times: user=0.33 sys=0.00, real=0.05 secs] 
6075.210: [GC (Allocation Failure) [PSYoungGen: 496288K->4736K(504320K)] 1222352K->730857K(1902592K), 0.0026773 secs] [Times: user=0.01 sys=0.00, real=0.00 secs] 
6077.142: [GC (Allocation Failure) [PSYoungGen: 345216K->132704K(473600K)] 1071337K->861465K(1871872K), 0.0274696 secs] [Times: user=0.16 sys=0.00, real=0.03 secs] 
6078.483: [GC (Allocation Failure) [PSYoungGen: 473184K->115040K(523264K)] 1201945K->967161K(1921536K), 0.0641861 secs] [Times: user=0.38 sys=0.00, real=0.07 secs] 
6080.249: [GC (Allocation Failure) [PSYoungGen: 457056K->128128K(517632K)] 1309177K->1093614K(1915904K), 0.0535352 secs] [Times: user=0.31 sys=0.00, real=0.05 secs] 
6081.634: [GC (Allocation Failure) [PSYoungGen: 470144K->119040K(519168K)] 1435630K->1203126K(1917440K), 0.0635844 secs] [Times: user=0.38 sys=0.01, real=0.07 secs] 
6082.904: [GC (Allocation Failure) [PSYoungGen: 465152K->125792K(517632K)] 1549238K->1328862K(1915904K), 0.0554564 secs] [Times: user=0.32 sys=0.00, real=0.06 secs] 
6082.960: [Full GC (Ergonomics) [PSYoungGen: 125792K->0K(517632K)] [ParOldGen: 1203070K->139334K(1398272K)] 1328862K->139334K(1915904K), [Metaspace: 59709K->59709K(1105920K)], 0.3219810 secs] [Times: user=1.47 sys=0.00, real=0.32 secs] 
6084.542: [GC (Allocation Failure) [PSYoungGen: 346112K->122304K(524800K)] 485446K->261638K(1923072K), 0.0433223 secs] [Times: user=0.25 sys=0.00, real=0.04 secs] 
6085.481: [GC (Allocation Failure) [PSYoungGen: 479168K->128160K(524800K)] 618502K->389714K(1923072K), 0.0606490 secs] [Times: user=0.36 sys=0.00, real=0.06 secs] 
6086.854: [GC (Allocation Failure) [PSYoungGen: 485024K->2400K(502784K)] 746578K->264050K(1901056K), 0.0023156 secs] [Times: user=0.01 sys=0.00, real=0.00 secs] 
6087.583: [GC (Allocation Failure) [PSYoungGen: 337760K->128128K(463872K)] 599410K->391015K(1862144K), 0.0258613 secs] [Times: user=0.15 sys=0.00, real=0.03 secs] 
6088.960: [GC (Allocation Failure) [PSYoungGen: 463488K->118688K(519680K)] 726375K->500567K(1917952K), 0.0631767 secs] [Times: user=0.38 sys=0.00, real=0.06 secs] 
6090.400: [GC (Allocation Failure) [PSYoungGen: 456096K->118112K(455680K)] 837975K->618271K(1853952K), 0.0540656 secs] [Times: user=0.32 sys=0.00, real=0.05 secs] 
6091.955: [GC (Allocation Failure) [PSYoungGen: 455520K->130080K(512000K)] 955679K->737875K(1910272K), 0.0625137 secs] [Times: user=0.37 sys=0.00, real=0.07 secs] 
6092.902: [GC (Allocation Failure) [PSYoungGen: 466464K->109184K(513024K)] 1074259K->846843K(1911296K), 0.0563834 secs] [Times: user=0.33 sys=0.00, real=0.06 secs] 
6094.197: [GC (Allocation Failure) [PSYoungGen: 445568K->139264K(512512K)] 1183227K->975380K(1910784K), 0.0618913 secs] [Times: user=0.36 sys=0.00, real=0.06 secs] 
6095.158: [GC (Allocation Failure) [PSYoungGen: 481280K->103712K(517120K)] 1317396K->1078828K(1915392K), 0.0579891 secs] [Times: user=0.34 sys=0.00, real=0.05 secs] 
6096.356: [GC (Allocation Failure) [PSYoungGen: 441750K->170464K(419840K)] 1416866K->1250113K(1818112K), 0.0723977 secs] [Times: user=0.40 sys=0.03, real=0.08 secs] 
6097.743: [GC (Allocation Failure) [PSYoungGen: 419808K->58944K(308736K)] 1499457K->1272393K(1707008K), 0.1084317 secs] [Times: user=0.65 sys=0.00, real=0.11 secs] 
6097.852: [Full GC (Ergonomics) [PSYoungGen: 58944K->0K(308736K)] [ParOldGen: 1213449K->73059K(1398272K)] 1272393K->73059K(1707008K), [Metaspace: 59709K->59709K(1105920K)], 0.1879570 secs] [Times: user=0.86 sys=0.00, real=0.19 secs] 
6098.377: [GC (Allocation Failure) [PSYoungGen: 249344K->107712K(479744K)] 322403K->180771K(1878016K), 0.0298279 secs] [Times: user=0.18 sys=0.00, real=0.02 secs] 
6099.512: [GC (Allocation Failure) [PSYoungGen: 360128K->86784K(339456K)] 433187K->259131K(1737728K), 0.0567753 secs] [Times: user=0.33 sys=0.00, real=0.06 secs] 
6100.615: [GC (Allocation Failure) [PSYoungGen: 339200K->82048K(471040K)] 511547K->340891K(1869312K), 0.0458606 secs] [Times: user=0.27 sys=0.00, real=0.05 secs] 
6101.009: [GC (Allocation Failure) [PSYoungGen: 324537K->106336K(467456K)] 583381K->441220K(1865728K), 0.0446293 secs] [Times: user=0.27 sys=0.00, real=0.04 secs] 
6102.292: [GC (GCLocker Initiated GC) [PSYoungGen: 362336K->71904K(477696K)] 697220K->504672K(1875968K), 0.0649653 secs] [Times: user=0.39 sys=0.00, real=0.07 secs] 
6103.650: [GC (Allocation Failure) [PSYoungGen: 346336K->114944K(475648K)] 779143K->617843K(1873920K), 0.0396955 secs] [Times: user=0.23 sys=0.00, real=0.04 secs] 
6104.013: [GC (Allocation Failure) [PSYoungGen: 389376K->125248K(491008K)] 892275K->725283K(1889280K), 0.0559103 secs] [Times: user=0.33 sys=0.00, real=0.06 secs] 
6105.677: [GC (GCLocker Initiated GC) [PSYoungGen: 422208K->74336K(488448K)] 1022244K->799556K(1886720K), 0.0852029 secs] [Times: user=0.50 sys=0.00, real=0.08 secs] 
6106.124: [GC (Allocation Failure) [PSYoungGen: 371296K->118752K(503296K)] 1112903K->928459K(1901568K), 0.2611943 secs] [Times: user=1.56 sys=0.00, real=0.26 secs] 
6107.755: [GC (GCLocker Initiated GC) [PSYoungGen: 436192K->85280K(503296K)] 1245900K->1013272K(1901568K), 0.2727154 secs] [Times: user=1.62 sys=0.00, real=0.28 secs] 
6109.427: [GC (Allocation Failure) [PSYoungGen: 402720K->130848K(507392K)] 1330750K->1139899K(1905664K), 0.0491048 secs] [Times: user=0.29 sys=0.01, real=0.04 secs] 
6110.696: [GC (Allocation Failure) [PSYoungGen: 456480K->98400K(508928K)] 1465531K->1229539K(1907200K), 0.0615433 secs] [Times: user=0.37 sys=0.00, real=0.07 secs] 
6111.992: [GC (Allocation Failure) [PSYoungGen: 424032K->133440K(508928K)] 1555171K->1360724K(1907200K), 0.0522863 secs] [Times: user=0.27 sys=0.00, real=0.05 secs] 
6113.283: [GC (Allocation Failure) [PSYoungGen: 464704K->105216K(511488K)] 1691988K->1456556K(1909760K), 0.0649181 secs] [Times: user=0.39 sys=0.00, real=0.07 secs] 
6113.348: [Full GC (Ergonomics) [PSYoungGen: 105216K->0K(511488K)] [ParOldGen: 1351340K->18860K(1398272K)] 1456556K->18860K(1909760K), [Metaspace: 59709K->59709K(1105920K)], 0.0284511 secs] [Times: user=0.07 sys=0.00, real=0.02 secs] 
6114.575: [GC (Allocation Failure) [PSYoungGen: 331264K->130880K(513536K)] 350124K->149740K(1911808K), 0.0260011 secs] [Times: user=0.16 sys=0.00, real=0.03 secs] 
6116.031: [GC (Allocation Failure) [PSYoungGen: 470336K->116544K(515072K)] 489196K->256724K(1913344K), 0.0627150 secs] [Times: user=0.37 sys=0.00, real=0.06 secs] 
6117.653: [GC (Allocation Failure) [PSYoungGen: 456000K->125760K(521216K)] 596180K->381537K(1919488K), 0.0533437 secs] [Times: user=0.31 sys=0.00, real=0.05 secs] 
6118.983: [GC (Allocation Failure) [PSYoungGen: 475968K->122208K(520192K)] 731745K->493549K(1918464K), 0.0624294 secs] [Times: user=0.38 sys=0.00, real=0.06 secs] 
6120.818: [GC (Allocation Failure) [PSYoungGen: 472416K->127776K(525312K)] 843757K->621013K(1923584K), 0.0560051 secs] [Times: user=0.33 sys=0.00, real=0.05 secs] 
6122.144: [GC (Allocation Failure) [PSYoungGen: 485664K->1056K(359424K)] 978901K->494429K(1757696K), 0.0032738 secs] [Times: user=0.01 sys=0.00, real=0.01 secs] 
6124.225: [GC (Allocation Failure) [PSYoungGen: 358944K->132032K(512000K)] 852317K->625441K(1910272K), 0.0268642 secs] [Times: user=0.15 sys=0.00, real=0.03 secs] 
6125.479: [GC (Allocation Failure) [PSYoungGen: 462272K->115904K(446464K)] 955681K->731345K(1844736K), 0.0632628 secs] [Times: user=0.38 sys=0.00, real=0.06 secs] 
6127.265: [GC (Allocation Failure) [PSYoungGen: 446144K->117408K(516096K)] 1061585K->848473K(1914368K), 0.0540363 secs] [Times: user=0.31 sys=0.00, real=0.06 secs] 
6128.549: [GC (Allocation Failure) [PSYoungGen: 453792K->130688K(512512K)] 1184857K->968889K(1910784K), 0.0614695 secs] [Times: user=0.36 sys=0.00, real=0.06 secs] 
6130.085: [GC (Allocation Failure) [PSYoungGen: 467072K->114304K(513536K)] 1305273K->1082913K(1911808K), 0.0564599 secs] [Times: user=0.33 sys=0.01, real=0.06 secs] 
6131.388: [GC (Allocation Failure) [PSYoungGen: 459392K->142304K(517120K)] 1428001K->1206461K(1915392K), 0.0611001 secs] [Times: user=0.36 sys=0.00, real=0.06 secs] 
6132.744: [GC (Allocation Failure) [PSYoungGen: 487392K->103840K(522752K)] 1551549K->1310165K(1921024K), 0.0777864 secs] [Times: user=0.46 sys=0.00, real=0.08 secs] 
6132.821: [Full GC (Ergonomics) [PSYoungGen: 103840K->0K(522752K)] [ParOldGen: 1206325K->117466K(1398272K)] 1310165K->117466K(1921024K), [Metaspace: 59709K->59709K(1105920K)], 0.2715714 secs] [Times: user=1.21 sys=0.00, real=0.27 secs] 
6134.351: [GC (Allocation Failure) [PSYoungGen: 348672K->144352K(493056K)] 466138K->261818K(1891328K), 0.0532612 secs] [Times: user=0.32 sys=0.00, real=0.05 secs] 
6135.953: [GC (Allocation Failure) [PSYoungGen: 493024K->103648K(524288K)] 610490K->365518K(1922560K), 0.0766432 secs] [Times: user=0.45 sys=0.00, real=0.08 secs] 
6137.333: [GC (Allocation Failure) [PSYoungGen: 449248K->145536K(491520K)] 711118K->499491K(1889792K), 0.0601254 secs] [Times: user=0.35 sys=0.00, real=0.06 secs] 
6138.774: [GC (Allocation Failure) [PSYoungGen: 491136K->102976K(522752K)] 845091K->602459K(1921024K), 0.0590736 secs] [Times: user=0.34 sys=0.00, real=0.06 secs] 
6140.065: [GC (Allocation Failure) [PSYoungGen: 446016K->145440K(488960K)] 945499K->737048K(1887232K), 0.0599757 secs] [Times: user=0.36 sys=0.00, real=0.06 secs] 
6142.076: [GC (Allocation Failure) [PSYoungGen: 483540K->93344K(519680K)] 1075148K->830352K(1917952K), 0.0725271 secs] [Times: user=0.43 sys=0.00, real=0.08 secs] 
6142.540: [GC (Allocation Failure) [PSYoungGen: 432288K->164032K(503296K)] 1169296K->988217K(1901568K), 0.0571070 secs] [Times: user=0.34 sys=0.00, real=0.06 secs] 
6145.340: [GC (Allocation Failure) [PSYoungGen: 502976K->89184K(509440K)] 1327161K->1060941K(1907712K), 0.0756186 secs] [Times: user=0.44 sys=0.00, real=0.07 secs] 
6145.827: [GC (Allocation Failure) [PSYoungGen: 408160K->139200K(508416K)] 1379917K->1194110K(1906688K), 0.0556788 secs] [Times: user=0.33 sys=0.00, real=0.05 secs] 
6148.474: [GC (Allocation Failure) [PSYoungGen: 458176K->80576K(508928K)] 1513086K->1274558K(1907200K), 0.1102952 secs] [Times: user=0.65 sys=0.00, real=0.11 secs] 
6148.584: [Full GC (Ergonomics) [PSYoungGen: 80576K->0K(508928K)] [ParOldGen: 1193982K->75400K(1398272K)] 1274558K->75400K(1907200K), [Metaspace: 59709K->59709K(1105920K)], 0.1876342 secs] [Times: user=0.85 sys=0.00, real=0.19 secs] 
6149.137: [GC (Allocation Failure) [PSYoungGen: 318976K->137600K(508928K)] 394376K->213000K(1907200K), 0.0317736 secs] [Times: user=0.19 sys=0.00, real=0.04 secs] 
6150.424: [GC (Allocation Failure) [PSYoungGen: 456576K->85760K(505856K)] 531976K->298692K(1904128K), 0.0622630 secs] [Times: user=0.37 sys=0.01, real=0.06 secs] 
6151.243: [GC (Allocation Failure) [PSYoungGen: 404736K->133600K(507392K)] 617668K->428153K(1905664K), 0.0462550 secs] [Times: user=0.27 sys=0.00, real=0.05 secs] 
6152.494: [GC (Allocation Failure) [PSYoungGen: 452576K->95104K(503808K)] 747129K->514289K(1902080K), 0.0817839 secs] [Times: user=0.49 sys=0.00, real=0.08 secs] 
6153.398: [GC (Allocation Failure) [PSYoungGen: 417664K->134208K(507392K)] 836849K->645694K(1905664K), 0.0483874 secs] [Times: user=0.28 sys=0.00, real=0.04 secs] 
6154.754: [GC (Allocation Failure) [PSYoungGen: 456768K->102464K(505856K)] 968254K->739154K(1904128K), 0.0628622 secs] [Times: user=0.37 sys=0.00, real=0.07 secs] 
6156.265: [GC (Allocation Failure) [PSYoungGen: 431680K->134144K(509952K)] 1068370K->871710K(1908224K), 0.0501837 secs] [Times: user=0.30 sys=0.01, real=0.05 secs] 
6157.556: [GC (Allocation Failure) [PSYoungGen: 463360K->120576K(508416K)] 1200926K->974654K(1906688K), 0.0629534 secs] [Times: user=0.37 sys=0.00, real=0.07 secs] 
6159.308: [GC (Allocation Failure) [PSYoungGen: 457472K->112320K(513024K)] 1311554K->1086594K(1911296K), 0.0543966 secs] [Times: user=0.32 sys=0.00, real=0.05 secs] 
6160.606: [GC (Allocation Failure) [PSYoungGen: 449216K->135712K(520704K)] 1423490K->1211863K(1918976K), 0.0615628 secs] [Times: user=0.37 sys=0.00, real=0.07 secs] 
6161.637: [GC (Allocation Failure) [PSYoungGen: 485408K->109120K(522240K)] 1561559K->1320951K(1920512K), 0.0577964 secs] [Times: user=0.34 sys=0.00, real=0.06 secs] 
6162.963: [GC (Allocation Failure) [PSYoungGen: 458816K->138912K(521728K)] 1670647K->1449240K(1920000K), 0.0617828 secs] [Times: user=0.37 sys=0.00, real=0.06 secs] 
6163.025: [Full GC (Ergonomics) [PSYoungGen: 138912K->0K(521728K)] [ParOldGen: 1310328K->250501K(1398272K)] 1449240K->250501K(1920000K), [Metaspace: 59709K->59709K(1105920K)], 0.5421636 secs] [Times: user=2.30 sys=0.00, real=0.55 secs] 
6164.342: [GC (Allocation Failure) [PSYoungGen: 352768K->114112K(524288K)] 603269K->364613K(1922560K), 0.0235424 secs] [Times: user=0.13 sys=0.00, real=0.02 secs] 
6165.640: [GC (Allocation Failure) [PSYoungGen: 466880K->134432K(524800K)] 717381K->488626K(1923072K), 0.0615762 secs] [Times: user=0.37 sys=0.01, real=0.06 secs] 
6166.860: [GC (Allocation Failure) [PSYoungGen: 491808K->119936K(525824K)] 846002K->608250K(1924096K), 0.0578484 secs] [Times: user=0.34 sys=0.00, real=0.06 secs] 
6168.329: [GC (Allocation Failure) [PSYoungGen: 477312K->127904K(528384K)] 965626K->725911K(1926656K), 0.0618817 secs] [Times: user=0.37 sys=0.00, real=0.06 secs] 
6169.408: [GC (Allocation Failure) [PSYoungGen: 492960K->129920K(526848K)] 1090967K->855671K(1925120K), 0.0582576 secs] [Times: user=0.34 sys=0.00, real=0.05 secs] 
6170.769: [GC (GCLocker Initiated GC) [PSYoungGen: 494976K->3360K(504832K)] 1220729K->729145K(1903104K), 0.0035910 secs] [Times: user=0.01 sys=0.00, real=0.00 secs] 
6172.150: [GC (Allocation Failure) [PSYoungGen: 346912K->132224K(476160K)] 1072700K->859803K(1874432K), 0.0272923 secs] [Times: user=0.16 sys=0.00, real=0.03 secs] 
6173.457: [GC (Allocation Failure) [PSYoungGen: 475776K->116512K(525312K)] 1203355K->966579K(1923584K), 0.0655459 secs] [Times: user=0.38 sys=0.00, real=0.06 secs] 
6175.073: [GC (Allocation Failure) [PSYoungGen: 463136K->127584K(474624K)] 1313203K->1092904K(1872896K), 0.0539182 secs] [Times: user=0.31 sys=0.00, real=0.06 secs] 
6176.416: [GC (Allocation Failure) [PSYoungGen: 474208K->1984K(499200K)] 1439528K->967460K(1897472K), 0.0037340 secs] [Times: user=0.01 sys=0.00, real=0.01 secs] 
6177.197: [GC (Allocation Failure) [PSYoungGen: 328128K->120064K(512512K)] 1293604K->1086145K(1910784K), 0.0252379 secs] [Times: user=0.14 sys=0.01, real=0.03 secs] 
6178.458: [GC (Allocation Failure) [PSYoungGen: 446208K->127904K(511488K)] 1412289K->1203665K(1909760K), 0.0625040 secs] [Times: user=0.37 sys=0.00, real=0.06 secs] 
6179.157: [GC (GCLocker Initiated GC) [PSYoungGen: 456096K->106656K(435200K)] 1531857K->1310257K(1833472K), 0.0555726 secs] [Times: user=0.32 sys=0.00, real=0.05 secs] 
6179.213: [Full GC (Ergonomics) [PSYoungGen: 106656K->0K(435200K)] [ParOldGen: 1203601K->120759K(1398272K)] 1310257K->120759K(1833472K), [Metaspace: 59709K->59709K(1105920K)], 0.2738910 secs] [Times: user=1.25 sys=0.00, real=0.27 secs] 
6180.655: [GC (Allocation Failure) [PSYoungGen: 328192K->174240K(485888K)] 458285K->304333K(1884160K), 0.0704541 secs] [Times: user=0.41 sys=0.00, real=0.07 secs] 
6181.332: [GC (Allocation Failure) [PSYoungGen: 482976K->86176K(503808K)] 613069K->357913K(1902080K), 0.1075069 secs] [Times: user=0.64 sys=0.00, real=0.11 secs] 
6181.803: [GC (Allocation Failure) [PSYoungGen: 394912K->134976K(502272K)] 666649K->486965K(1900544K), 0.0529877 secs] [Times: user=0.31 sys=0.00, real=0.05 secs] 
6183.151: [GC (GCLocker Initiated GC) [PSYoungGen: 447296K->77408K(504832K)] 799286K->564346K(1903104K), 0.0614899 secs] [Times: user=0.36 sys=0.00, real=0.06 secs] 
6183.619: [GC (Allocation Failure) [PSYoungGen: 389728K->134912K(505856K)] 876704K->692689K(1904128K), 0.0464405 secs] [Times: user=0.27 sys=0.01, real=0.04 secs] 
6184.902: [GC (Allocation Failure) [PSYoungGen: 449792K->92576K(407552K)] 1007569K->776305K(1805824K), 0.0777247 secs] [Times: user=0.46 sys=0.00, real=0.08 secs] 
6185.574: [GC (Allocation Failure) [PSYoungGen: 407456K->133376K(502272K)] 1091185K->905158K(1900544K), 0.0472728 secs] [Times: user=0.28 sys=0.00, real=0.05 secs] 
Heap
 PSYoungGen      total 502272K, used 424695K [0x00000000d5580000, 0x0000000100000000, 0x0000000100000000)
  eden space 314880