5.697: [GC (Allocation Failure) [PSYoungGen: 128000K->12498K(148992K)] 128000K->12586K(488960K), 0.0212682 secs] [Times: user=0.03 sys=0.00, real=0.02 secs] 
6.155: [GC (Metadata GC Threshold) [PSYoungGen: 48894K->6044K(148992K)] 48982K->6140K(488960K), 0.0046173 secs] [Times: user=0.02 sys=0.00, real=0.01 secs] 
6.160: [Full GC (Metadata GC Threshold) [PSYoungGen: 6044K->0K(148992K)] [ParOldGen: 96K->5939K(134144K)] 6140K->5939K(283136K), [Metaspace: 20454K->20454K(1067008K)], 0.0196489 secs] [Times: user=0.07 sys=0.00, real=0.02 secs] 
7.411: [GC (Allocation Failure) [PSYoungGen: 128000K->9866K(148992K)] 133939K->15813K(283136K), 0.0026312 secs] [Times: user=0.01 sys=0.00, real=0.00 secs] 
7.954: [GC (Metadata GC Threshold) [PSYoungGen: 38216K->4708K(148992K)] 44163K->10663K(283136K), 0.0026147 secs] [Times: user=0.01 sys=0.00, real=0.00 secs] 
7.956: [Full GC (Metadata GC Threshold) [PSYoungGen: 4708K->0K(148992K)] [ParOldGen: 5955K->8876K(234496K)] 10663K->8876K(383488K), [Metaspace: 33735K->33735K(1079296K)], 0.0463138 secs] [Times: user=0.08 sys=0.00, real=0.05 secs] 
9.329: [GC (Allocation Failure) [PSYoungGen: 128000K->12701K(148992K)] 136876K->21585K(383488K), 0.0045048 secs] [Times: user=0.02 sys=0.00, real=0.01 secs] 
10.146: [GC (Allocation Failure) [PSYoungGen: 140701K->15864K(151040K)] 149585K->59709K(385536K), 0.0107258 secs] [Times: user=0.05 sys=0.01, real=0.01 secs] 
11.330: [GC (Allocation Failure) [PSYoungGen: 138875K->37264K(173568K)] 182720K->97501K(408064K), 0.0081020 secs] [Times: user=0.04 sys=0.00, real=0.00 secs] 
12.435: [GC (Allocation Failure) [PSYoungGen: 167572K->37264K(219136K)] 227808K->163045K(453632K), 0.0122550 secs] [Times: user=0.05 sys=0.02, real=0.01 secs] 
13.523: [GC (Allocation Failure) [PSYoungGen: 210320K->37280K(223744K)] 336101K->261372K(458240K), 0.0196256 secs] [Times: user=0.09 sys=0.02, real=0.02 secs] 
13.542: [Full GC (Ergonomics) [PSYoungGen: 37280K->0K(223744K)] [ParOldGen: 224092K->208647K(590336K)] 261372K->208647K(814080K), [Metaspace: 52285K->52285K(1097728K)], 0.0779948 secs] [Times: user=0.35 sys=0.00, real=0.08 secs] 
14.775: [GC (Allocation Failure) [PSYoungGen: 173056K->1744K(260608K)] 381703K->210399K(850944K), 0.0018183 secs] [Times: user=0.00 sys=0.00, real=0.00 secs] 
16.891: [GC (Allocation Failure) [PSYoungGen: 212688K->18522K(265728K)] 421343K->227185K(856064K), 0.0038912 secs] [Times: user=0.01 sys=0.00, real=0.00 secs] 
18.617: [GC (Allocation Failure) [PSYoungGen: 229466K->1738K(291328K)] 438129K->210409K(881664K), 0.0027487 secs] [Times: user=0.02 sys=0.00, real=0.01 secs] 
20.115: [GC (Allocation Failure) [PSYoungGen: 246986K->2605K(296960K)] 455657K->211276K(887296K), 0.0021047 secs] [Times: user=0.01 sys=0.00, real=0.00 secs] 
21.801: [GC (Allocation Failure) [PSYoungGen: 247853K->34885K(327680K)] 456524K->243564K(918016K), 0.0055353 secs] [Times: user=0.02 sys=0.00, real=0.00 secs] 
23.794: [GC (Allocation Failure) [PSYoungGen: 311365K->2266K(330752K)] 520044K->210945K(921088K), 0.0020880 secs] [Times: user=0.01 sys=0.00, real=0.00 secs] 
25.531: [GC (Allocation Failure) [PSYoungGen: 278746K->34669K(358912K)] 487425K->243348K(949248K), 0.0052736 secs] [Times: user=0.02 sys=0.00, real=0.00 secs] 
27.866: [GC (Allocation Failure) [PSYoungGen: 339821K->2330K(361472K)] 548500K->211009K(951808K), 0.0022229 secs] [Times: user=0.01 sys=0.00, real=0.00 secs] 
29.034: [GC (Allocation Failure) [PSYoungGen: 307482K->1885K(373248K)] 516161K->210572K(963584K), 0.0018225 secs] [Times: user=0.00 sys=0.00, real=0.00 secs] 
31.230: [GC (Allocation Failure) [PSYoungGen: 324445K->10509K(376832K)] 533132K->219204K(967168K), 0.0051113 secs] [Times: user=0.02 sys=0.00, real=0.00 secs] 
33.412: [GC (Allocation Failure) [PSYoungGen: 333069K->2074K(385024K)] 541764K->210769K(975360K), 0.0017241 secs] [Times: user=0.00 sys=0.00, real=0.00 secs] 
35.544: [GC (Allocation Failure) [PSYoungGen: 340506K->34957K(388608K)] 549201K->243652K(978944K), 0.0059423 secs] [Times: user=0.03 sys=0.00, real=0.01 secs] 
37.379: [GC (Allocation Failure) [PSYoungGen: 373389K->2285K(404480K)] 582084K->210980K(994816K), 0.0022916 secs] [Times: user=0.01 sys=0.00, real=0.00 secs] 
39.165: [GC (Allocation Failure) [PSYoungGen: 357101K->1981K(407552K)] 565796K->210676K(997888K), 0.0022566 secs] [Times: user=0.01 sys=0.00, real=0.00 secs] 
41.950: [GC (Allocation Failure) [PSYoungGen: 356797K->18733K(420864K)] 565492K->227428K(1011200K), 0.0072883 secs] [Times: user=0.03 sys=0.01, real=0.00 secs] 
43.906: [GC (Allocation Failure) [PSYoungGen: 390957K->2205K(421376K)] 599652K->210977K(1011712K), 0.0019531 secs] [Times: user=0.01 sys=0.00, real=0.00 secs] 
45.687: [GC (Allocation Failure) [PSYoungGen: 374429K->1744K(428032K)] 583201K->210780K(1018368K), 0.0023549 secs] [Times: user=0.01 sys=0.00, real=0.01 secs] 
48.733: [GC (Allocation Failure) [PSYoungGen: 385744K->18448K(430080K)] 594780K->227500K(1020416K), 0.0038045 secs] [Times: user=0.02 sys=0.00, real=0.00 secs] 
50.700: [GC (Allocation Failure) [PSYoungGen: 402448K->1968K(435712K)] 611500K->211068K(1026048K), 0.0020343 secs] [Times: user=0.01 sys=0.00, real=0.00 secs] 
52.582: [GC (Allocation Failure) [PSYoungGen: 396208K->1645K(438272K)] 605308K->210937K(1028608K), 0.0017714 secs] [Times: user=0.00 sys=0.00, real=0.00 secs] 
55.977: [GC (Allocation Failure) [PSYoungGen: 395885K->34576K(439808K)] 605177K->243876K(1030144K), 0.0122470 secs] [Times: user=0.05 sys=0.00, real=0.02 secs] 
59.683: [GC (Allocation Failure) [PSYoungGen: 432400K->3920K(445952K)] 641700K->213244K(1036288K), 0.0027460 secs] [Times: user=0.01 sys=0.00, real=0.00 secs] 
62.632: [GC (Allocation Failure) [PSYoungGen: 401744K->1725K(450048K)] 611068K->211065K(1040384K), 0.0020516 secs] [Times: user=0.01 sys=0.00, real=0.00 secs] 
65.325: [GC (Allocation Failure) [PSYoungGen: 410301K->1632K(453120K)] 619641K->211028K(1043456K), 0.0030471 secs] [Times: user=0.01 sys=0.01, real=0.00 secs] 
68.098: [GC (Allocation Failure) [PSYoungGen: 404369K->18288K(459776K)] 613765K->227724K(1050112K), 0.0042193 secs] [Times: user=0.02 sys=0.00, real=0.01 secs] 
71.324: [GC (Allocation Failure) [PSYoungGen: 435568K->1853K(459776K)] 645004K->211297K(1050112K), 0.0021981 secs] [Times: user=0.01 sys=0.00, real=0.00 secs] 
73.708: [GC (Allocation Failure) [PSYoungGen: 419133K->1661K(460288K)] 628577K->211121K(1050624K), 0.0016399 secs] [Times: user=0.01 sys=0.01, real=0.01 secs] 
75.861: [GC (Allocation Failure) [PSYoungGen: 426109K->1696K(463360K)] 635569K->211164K(1053696K), 0.0021117 secs] [Times: user=0.01 sys=0.00, real=0.00 secs] 
78.207: [GC (Allocation Failure) [PSYoungGen: 410846K->18304K(467968K)] 620314K->227804K(1058304K), 0.0033016 secs] [Times: user=0.01 sys=0.01, real=0.01 secs] 
80.635: [GC (Allocation Failure) [PSYoungGen: 448896K->640K(468992K)] 658396K->210180K(1059328K), 0.0019764 secs] [Times: user=0.01 sys=0.00, real=0.00 secs] 
83.873: [GC (Allocation Failure) [PSYoungGen: 431232K->1725K(432128K)] 640772K->211281K(1022464K), 0.0015658 secs] [Times: user=0.00 sys=0.00, real=0.00 secs] 
87.221: [GC (Allocation Failure) [PSYoungGen: 420029K->1664K(408576K)] 629585K->211220K(998912K), 0.0024124 secs] [Times: user=0.01 sys=0.00, real=0.00 secs] 
89.724: [GC (Allocation Failure) [PSYoungGen: 391945K->18304K(417792K)] 601501K->227876K(1008128K), 0.0036708 secs] [Times: user=0.01 sys=0.00, real=0.00 secs] 
92.468: [GC (Allocation Failure) [PSYoungGen: 413568K->1885K(386560K)] 623140K->211465K(976896K), 0.0019197 secs] [Times: user=0.01 sys=0.00, real=0.01 secs] 
94.564: [GC (Allocation Failure) [PSYoungGen: 386397K->1597K(394240K)] 595977K->211209K(984576K), 0.0015736 secs] [Times: user=0.00 sys=0.00, real=0.00 secs] 
97.313: [GC (Allocation Failure) [PSYoungGen: 375869K->18176K(382464K)] 585481K->244188K(972800K), 0.0053492 secs] [Times: user=0.03 sys=0.00, real=0.00 secs] 
99.861: [GC (Allocation Failure) [PSYoungGen: 382208K->1853K(375296K)] 608220K->227905K(965632K), 0.0020307 secs] [Times: user=0.01 sys=0.00, real=0.00 secs] 
101.525: [GC (Allocation Failure) [PSYoungGen: 356157K->1565K(347136K)] 582209K->227665K(937472K), 0.0015658 secs] [Times: user=0.00 sys=0.00, real=0.00 secs] 
103.742: [GC (Allocation Failure) [PSYoungGen: 346653K->18256K(362496K)] 572753K->244356K(952832K), 0.0033114 secs] [Times: user=0.02 sys=0.01, real=0.00 secs] 
105.402: [GC (Allocation Failure) [PSYoungGen: 354640K->1693K(329728K)] 580740K->227841K(920064K), 0.0020308 secs] [Times: user=0.00 sys=0.00, real=0.00 secs] 
107.273: [GC (Allocation Failure) [PSYoungGen: 329373K->17984K(345600K)] 555521K->260516K(935936K), 0.0055663 secs] [Times: user=0.03 sys=0.01, real=0.01 secs] 
109.051: [GC (Allocation Failure) [PSYoungGen: 337472K->1917K(313856K)] 580004K->244457K(904192K), 0.0020248 secs] [Times: user=0.01 sys=0.00, real=0.00 secs] 
111.497: [GC (Allocation Failure) [PSYoungGen: 313725K->1440K(325632K)] 556265K->243996K(915968K), 0.0021567 secs] [Times: user=0.01 sys=0.00, real=0.01 secs] 
114.057: [GC (Allocation Failure) [PSYoungGen: 305568K->10080K(307200K)] 548124K->252644K(897536K), 0.0043339 secs] [Times: user=0.01 sys=0.00, real=0.01 secs] 
115.819: [GC (Allocation Failure) [PSYoungGen: 307040K->1533K(308736K)] 549604K->244105K(899072K), 0.0014995 secs] [Times: user=0.01 sys=0.00, real=0.00 secs] 
117.671: [GC (Allocation Failure) [PSYoungGen: 291325K->18208K(301568K)] 533897K->260804K(891904K), 0.0031076 secs] [Times: user=0.02 sys=0.00, real=0.00 secs] 
119.406: [GC (Allocation Failure) [PSYoungGen: 301344K->1565K(297984K)] 543940K->244169K(888320K), 0.0016718 secs] [Times: user=0.01 sys=0.00, real=0.00 secs] 
122.083: [GC (Allocation Failure) [PSYoungGen: 278045K->18144K(288768K)] 520649K->260764K(879104K), 0.0078549 secs] [Times: user=0.03 sys=0.00, real=0.01 secs] 
123.442: [GC (Allocation Failure) [PSYoungGen: 288480K->1565K(286720K)] 531100K->244201K(877056K), 0.0015460 secs] [Times: user=0.01 sys=0.00, real=0.00 secs] 
124.871: [GC (Allocation Failure) [PSYoungGen: 265757K->18144K(276992K)] 508393K->260796K(867328K), 0.0048127 secs] [Times: user=0.02 sys=0.00, real=0.00 secs] 
126.032: [GC (Allocation Failure) [PSYoungGen: 276704K->1504K(276480K)] 519356K->244164K(866816K), 0.0014448 secs] [Times: user=0.00 sys=0.00, real=0.00 secs] 
127.655: [GC (Allocation Failure) [PSYoungGen: 254432K->3856K(251392K)] 497092K->246516K(841728K), 0.0036777 secs] [Times: user=0.01 sys=0.00, real=0.00 secs] 
129.803: [GC (Allocation Failure) [PSYoungGen: 251152K->1440K(263680K)] 493812K->244116K(854016K), 0.0028246 secs] [Times: user=0.01 sys=0.00, real=0.00 secs] 
131.452: [GC (Allocation Failure) [PSYoungGen: 243616K->1757K(239104K)] 486292K->244449K(829440K), 0.0020985 secs] [Times: user=0.00 sys=0.00, real=0.00 secs] 
133.064: [GC (Allocation Failure) [PSYoungGen: 238813K->17888K(258560K)] 481505K->276972K(848896K), 0.0048276 secs] [Times: user=0.02 sys=0.00, real=0.00 secs] 
134.792: [GC (Allocation Failure) [PSYoungGen: 249824K->1693K(229376K)] 508908K->260785K(819712K), 0.0018380 secs] [Times: user=0.01 sys=0.00, real=0.00 secs] 
136.160: [GC (Allocation Failure) [PSYoungGen: 229021K->18064K(249856K)] 488113K->277164K(840192K), 0.0031836 secs] [Times: user=0.01 sys=0.00, real=0.00 secs] 
138.521: [GC (Allocation Failure) [PSYoungGen: 240784K->1469K(219648K)] 499884K->260577K(809984K), 0.0020664 secs] [Times: user=0.01 sys=0.00, real=0.00 secs] 
139.892: [GC (Allocation Failure) [PSYoungGen: 219581K->1885K(236544K)] 478689K->260993K(826880K), 0.0019437 secs] [Times: user=0.00 sys=0.00, real=0.00 secs] 
141.674: [GC (Allocation Failure) [PSYoungGen: 215901K->17856K(227840K)] 475009K->293348K(818176K), 0.0072073 secs] [Times: user=0.04 sys=0.00, real=0.01 secs] 
143.718: [GC (Allocation Failure) [PSYoungGen: 227776K->1677K(229376K)] 503268K->277177K(819712K), 0.0017492 secs] [Times: user=0.00 sys=0.00, real=0.01 secs] 
144.849: [GC (Allocation Failure) [PSYoungGen: 207501K->9904K(211968K)] 483001K->285404K(802304K), 0.0035765 secs] [Times: user=0.02 sys=0.01, real=0.00 secs] 
145.992: [GC (Allocation Failure) [PSYoungGen: 211632K->1376K(220160K)] 487132K->276884K(810496K), 0.0027048 secs] [Times: user=0.02 sys=0.00, real=0.00 secs] 
147.391: [GC (Allocation Failure) [PSYoungGen: 199520K->1693K(196608K)] 475028K->277209K(786944K), 0.0019398 secs] [Times: user=0.00 sys=0.00, real=0.00 secs] 
149.429: [GC (Allocation Failure) [PSYoungGen: 196253K->18016K(216576K)] 471769K->293540K(806912K), 0.0049329 secs] [Times: user=0.02 sys=0.00, real=0.00 secs] 
151.672: [GC (Allocation Failure) [PSYoungGen: 208992K->1376K(188928K)] 484516K->276900K(779264K), 0.0040686 secs] [Times: user=0.01 sys=0.00, real=0.00 secs] 
153.057: [GC (Allocation Failure) [PSYoungGen: 188768K->1725K(206336K)] 464292K->277289K(796672K), 0.0020646 secs] [Times: user=0.00 sys=0.00, real=0.01 secs] 
155.925: [GC (Allocation Failure) [PSYoungGen: 186045K->17936K(199680K)] 461609K->293516K(790016K), 0.0040521 secs] [Times: user=0.02 sys=0.00, real=0.01 secs] 
157.287: [GC (Allocation Failure) [PSYoungGen: 199184K->1376K(201216K)] 474764K->276956K(791552K), 0.0028785 secs] [Times: user=0.00 sys=0.00, real=0.01 secs] 
158.431: [GC (Allocation Failure) [PSYoungGen: 179552K->1728K(177152K)] 455132K->277324K(767488K), 0.0018922 secs] [Times: user=0.01 sys=0.00, real=0.00 secs] 
159.488: [GC (Allocation Failure) [PSYoungGen: 176832K->17920K(198144K)] 452428K->293524K(788480K), 0.0026578 secs] [Times: user=0.02 sys=0.00, real=0.01 secs] 
160.943: [GC (Allocation Failure) [PSYoungGen: 189952K->1376K(170496K)] 465556K->276996K(760832K), 0.0023184 secs] [Times: user=0.01 sys=0.00, real=0.00 secs] 
162.245: [GC (Allocation Failure) [PSYoungGen: 170336K->1629K(188416K)] 445956K->277257K(778752K), 0.0018238 secs] [Times: user=0.01 sys=0.00, real=0.00 secs] 
163.641: [GC (Allocation Failure) [PSYoungGen: 168029K->9824K(174080K)] 443657K->285452K(764416K), 0.0027615 secs] [Times: user=0.01 sys=0.00, real=0.00 secs] 
165.133: [GC (Allocation Failure) [PSYoungGen: 173664K->17792K(186880K)] 449292K->309812K(777216K), 0.0062494 secs] [Times: user=0.03 sys=0.00, real=0.01 secs] 
167.707: [GC (Allocation Failure) [PSYoungGen: 179072K->1533K(160256K)] 471092K->293553K(750592K), 0.0015421 secs] [Times: user=0.01 sys=0.00, real=0.01 secs] 
168.641: [GC (Allocation Failure) [PSYoungGen: 160253K->1712K(178688K)] 452273K->293732K(769024K), 0.0019689 secs] [Times: user=0.01 sys=0.00, real=0.00 secs] 
170.570: [GC (Allocation Failure) [PSYoungGen: 157872K->17920K(172032K)] 449892K->309940K(762368K), 0.0037011 secs] [Times: user=0.02 sys=0.00, real=0.00 secs] 
171.947: [GC (Allocation Failure) [PSYoungGen: 171520K->1344K(174592K)] 463540K->293380K(764928K), 0.0023892 secs] [Times: user=0.01 sys=0.00, real=0.01 secs] 
172.880: [GC (Allocation Failure) [PSYoungGen: 152384K->1661K(151040K)] 444420K->293713K(741376K), 0.0017223 secs] [Times: user=0.01 sys=0.00, real=0.00 secs] 
173.882: [GC (Allocation Failure) [PSYoungGen: 150653K->3680K(167936K)] 442705K->295732K(758272K), 0.0022632 secs] [Times: user=0.01 sys=0.00, real=0.00 secs] 
174.610: [GC (Allocation Failure) [PSYoungGen: 150624K->17824K(169472K)] 442676K->326260K(759808K), 0.0051576 secs] [Times: user=0.03 sys=0.00, real=0.00 secs] 
175.433: [GC (Allocation Failure) [PSYoungGen: 162720K->1453K(165888K)] 471156K->309889K(756224K), 0.0021410 secs] [Times: user=0.00 sys=0.00, real=0.00 secs] 
176.301: [GC (Allocation Failure) [PSYoungGen: 144301K->1744K(142848K)] 452737K->310180K(733184K), 0.0018334 secs] [Times: user=0.00 sys=0.00, real=0.00 secs] 
177.337: [GC (Allocation Failure) [PSYoungGen: 142544K->9760K(160768K)] 450980K->318196K(751104K), 0.0025512 secs] [Times: user=0.01 sys=0.01, real=0.01 secs] 
178.366: [GC (Allocation Failure) [PSYoungGen: 148512K->17792K(161280K)] 456948K->342612K(751616K), 0.0052565 secs] [Times: user=0.03 sys=0.01, real=0.01 secs] 
179.983: [GC (Allocation Failure) [PSYoungGen: 154496K->1437K(157696K)] 479316K->326265K(748032K), 0.0027154 secs] [Times: user=0.01 sys=0.00, real=0.00 secs] 
180.918: [GC (Allocation Failure) [PSYoungGen: 136093K->1741K(134656K)] 460921K->326577K(724992K), 0.0019073 secs] [Times: user=0.01 sys=0.00, real=0.01 secs] 
182.074: [GC (Allocation Failure) [PSYoungGen: 134349K->3648K(152576K)] 459185K->328492K(742912K), 0.0050241 secs] [Times: user=0.02 sys=0.00, real=0.01 secs] 
183.232: [GC (Allocation Failure) [PSYoungGen: 134720K->17808K(153600K)] 459564K->359036K(743936K), 0.0075000 secs] [Times: user=0.03 sys=0.00, real=0.01 secs] 
184.328: [GC (Allocation Failure) [PSYoungGen: 147344K->1376K(151040K)] 488572K->342604K(741376K), 0.0032246 secs] [Times: user=0.01 sys=0.00, real=0.01 secs] 
185.290: [GC (Allocation Failure) [PSYoungGen: 129376K->1677K(128512K)] 470604K->342905K(718848K), 0.0018767 secs] [Times: user=0.01 sys=0.00, real=0.00 secs] 
186.048: [GC (Allocation Failure) [PSYoungGen: 128141K->1725K(145920K)] 469369K->342977K(736256K), 0.0019985 secs] [Times: user=0.01 sys=0.00, real=0.01 secs] 
187.080: [GC (Allocation Failure) [PSYoungGen: 126653K->17840K(146944K)] 467905K->359092K(737280K), 0.0042593 secs] [Times: user=0.02 sys=0.00, real=0.00 secs] 
187.668: [GC (Allocation Failure) [PSYoungGen: 141232K->17808K(147456K)] 482484K->375444K(737792K), 0.0050887 secs] [Times: user=0.03 sys=0.00, real=0.01 secs] 
188.403: [GC (Allocation Failure) [PSYoungGen: 139152K->1536K(121856K)] 496788K->359172K(712192K), 0.0015586 secs] [Times: user=0.01 sys=0.00, real=0.00 secs] 
189.103: [GC (Allocation Failure) [PSYoungGen: 121344K->1693K(142336K)] 478980K->359329K(732672K), 0.0018632 secs] [Times: user=0.00 sys=0.00, real=0.00 secs] 
190.161: [GC (Allocation Failure) [PSYoungGen: 119965K->9776K(126976K)] 477601K->367420K(717312K), 0.0045040 secs] [Times: user=0.01 sys=0.00, real=0.00 secs] 
191.214: [GC (Allocation Failure) [PSYoungGen: 126512K->17792K(140288K)] 484156K->391820K(730624K), 0.0065222 secs] [Times: user=0.03 sys=0.01, real=0.01 secs] 
192.096: [GC (Allocation Failure) [PSYoungGen: 132480K->1360K(114688K)] 506508K->375388K(705024K), 0.0020279 secs] [Times: user=0.01 sys=0.00, real=0.00 secs] 
192.723: [GC (Allocation Failure) [PSYoungGen: 114512K->1533K(136192K)] 488540K->375561K(726528K), 0.0017291 secs] [Times: user=0.00 sys=0.00, real=0.00 secs] 
193.382: [GC (Allocation Failure) [PSYoungGen: 113661K->1693K(113152K)] 487689K->375729K(703488K), 0.0018157 secs] [Times: user=0.01 sys=0.00, real=0.00 secs] 
193.955: [GC (Allocation Failure) [PSYoungGen: 112797K->9760K(133120K)] 486833K->383812K(723456K), 0.0025602 secs] [Times: user=0.01 sys=0.00, real=0.00 secs] 
194.487: [GC (Allocation Failure) [PSYoungGen: 119840K->17824K(133632K)] 493892K->408268K(723968K), 0.0047523 secs] [Times: user=0.02 sys=0.00, real=0.01 secs] 
195.248: [GC (Allocation Failure) [PSYoungGen: 126880K->1408K(132608K)] 517324K->391852K(722944K), 0.0027564 secs] [Times: user=0.01 sys=0.00, real=0.01 secs] 
196.063: [GC (Allocation Failure) [PSYoungGen: 109440K->1597K(109056K)] 499884K->392041K(699392K), 0.0019052 secs] [Times: user=0.00 sys=0.00, real=0.00 secs] 
196.695: [GC (Allocation Failure) [PSYoungGen: 108605K->1645K(128000K)] 499049K->392089K(718336K), 0.0018265 secs] [Times: user=0.00 sys=0.00, real=0.00 secs] 
197.393: [GC (Allocation Failure) [PSYoungGen: 104073K->5664K(111104K)] 494517K->396108K(701440K), 0.0022739 secs] [Times: user=0.01 sys=0.00, real=0.00 secs] 
198.356: [GC (Allocation Failure) [PSYoungGen: 100985K->17808K(124928K)] 491429K->408252K(715264K), 0.0045609 secs] [Times: user=0.02 sys=0.00, real=0.01 secs] 
199.221: [GC (Allocation Failure) [PSYoungGen: 120208K->17792K(126464K)] 510652K->424620K(716800K), 0.0113527 secs] [Times: user=0.06 sys=0.00, real=0.01 secs] 
200.274: [GC (Allocation Failure) [PSYoungGen: 119168K->1437K(125440K)] 525996K->408265K(715776K), 0.0022240 secs] [Times: user=0.00 sys=0.01, real=0.00 secs] 
200.873: [GC (Allocation Failure) [PSYoungGen: 101789K->1661K(101376K)] 508617K->408489K(691712K), 0.0018509 secs] [Times: user=0.01 sys=0.00, real=0.00 secs] 
201.457: [GC (Allocation Failure) [PSYoungGen: 100989K->1661K(121856K)] 507817K->408505K(712192K), 0.0019370 secs] [Times: user=0.01 sys=0.00, real=0.01 secs] 
201.847: [GC (Allocation Failure) [PSYoungGen: 92212K->9696K(107008K)] 499057K->416548K(697344K), 0.0033600 secs] [Times: user=0.02 sys=0.00, real=0.01 secs] 
202.160: [GC (Allocation Failure) [PSYoungGen: 106976K->17824K(118784K)] 513828K->441060K(709120K), 0.0050672 secs] [Times: user=0.03 sys=0.01, real=0.00 secs] 
202.553: [GC (Allocation Failure) [PSYoungGen: 112544K->1376K(121344K)] 535780K->424612K(711680K), 0.0019562 secs] [Times: user=0.01 sys=0.00, real=0.00 secs] 
203.120: [GC (Allocation Failure) [PSYoungGen: 96096K->1469K(110592K)] 519332K->424705K(700928K), 0.0016408 secs] [Times: user=0.00 sys=0.00, real=0.00 secs] 
203.665: [GC (Allocation Failure) [PSYoungGen: 95165K->1581K(94720K)] 518401K->424833K(685056K), 0.0018690 secs] [Times: user=0.01 sys=0.00, real=0.00 secs] 
204.212: [GC (Allocation Failure) [PSYoungGen: 94253K->1581K(112640K)] 517505K->424833K(702976K), 0.0017863 secs] [Times: user=0.00 sys=0.00, real=0.00 secs] 
204.615: [GC (Allocation Failure) [PSYoungGen: 93229K->17824K(113664K)] 516481K->441076K(704000K), 0.0026334 secs] [Times: user=0.02 sys=0.00, real=0.00 secs] 
205.013: [GC (Allocation Failure) [PSYoungGen: 108448K->17760K(113664K)] 531700K->457404K(704000K), 0.0047475 secs] [Times: user=0.03 sys=0.00, real=0.00 secs] 
205.443: [GC (Allocation Failure) [PSYoungGen: 105824K->1376K(89088K)] 545468K->441020K(679424K), 0.0020987 secs] [Times: user=0.00 sys=0.00, real=0.00 secs] 
205.922: [GC (Allocation Failure) [PSYoungGen: 88928K->1536K(111616K)] 528572K->441188K(701952K), 0.0015029 secs] [Times: user=0.01 sys=0.00, real=0.00 secs] 
206.440: [GC (Allocation Failure) [PSYoungGen: 88576K->1616K(88576K)] 528228K->441268K(678912K), 0.0019006 secs] [Times: user=0.01 sys=0.01, real=0.00 secs] 
207.000: [GC (Allocation Failure) [PSYoungGen: 88144K->1648K(108544K)] 527796K->441300K(698880K), 0.0020518 secs] [Times: user=0.01 sys=0.00, real=0.00 secs] 
207.778: [GC (Allocation Failure) [PSYoungGen: 87664K->9728K(95744K)] 527316K->449404K(686080K), 0.0039327 secs] [Times: user=0.01 sys=0.00, real=0.01 secs] 
208.377: [GC (Allocation Failure) [PSYoungGen: 94552K->17808K(106496K)] 534228K->457484K(696832K), 0.0030143 secs] [Times: user=0.01 sys=0.00, real=0.01 secs] 
208.657: [GC (Allocation Failure) [PSYoungGen: 100752K->17824K(109056K)] 540428K->473884K(699392K), 0.0051660 secs] [Times: user=0.02 sys=0.00, real=0.01 secs] 
209.052: [GC (Allocation Failure) [PSYoungGen: 100768K->1344K(116224K)] 556828K->457404K(706560K), 0.0020383 secs] [Times: user=0.01 sys=0.00, real=0.00 secs] 
209.596: [GC (Allocation Failure) [PSYoungGen: 90432K->1565K(90624K)] 546492K->457625K(680960K), 0.0016491 secs] [Times: user=0.00 sys=0.00, real=0.00 secs] 
210.113: [GC (Allocation Failure) [PSYoungGen: 90141K->1584K(112128K)] 546201K->457644K(702464K), 0.0018729 secs] [Times: user=0.01 sys=0.00, real=0.00 secs] 
210.687: [GC (Allocation Failure) [PSYoungGen: 89648K->1728K(89600K)] 545708K->457788K(679936K), 0.0021882 secs] [Times: user=0.01 sys=0.00, real=0.01 secs] 
211.447: [GC (Allocation Failure) [PSYoungGen: 89280K->17824K(109568K)] 545340K->473884K(699904K), 0.0063199 secs] [Times: user=0.03 sys=0.00, real=0.01 secs] 
211.900: [GC (Allocation Failure) [PSYoungGen: 102816K->17792K(112128K)] 558876K->490236K(702464K), 0.0053053 secs] [Times: user=0.03 sys=0.00, real=0.00 secs] 
212.417: [GC (Allocation Failure) [PSYoungGen: 102784K->1408K(104960K)] 575228K->473852K(695296K), 0.0022106 secs] [Times: user=0.01 sys=0.00, real=0.01 secs] 
213.068: [GC (Allocation Failure) [PSYoungGen: 85888K->1565K(86016K)] 558332K->474009K(676352K), 0.0015850 secs] [Times: user=0.01 sys=0.00, real=0.01 secs] 
213.559: [GC (Allocation Failure) [PSYoungGen: 85502K->1629K(108032K)] 557947K->474073K(698368K), 0.0018031 secs] [Times: user=0.01 sys=0.00, real=0.01 secs] 
214.050: [GC (Allocation Failure) [PSYoungGen: 85085K->1661K(84992K)] 557529K->474113K(675328K), 0.0017704 secs] [Times: user=0.01 sys=0.00, real=0.00 secs] 
214.826: [GC (Allocation Failure) [PSYoungGen: 84605K->9696K(105984K)] 557057K->482148K(696320K), 0.0033980 secs] [Times: user=0.02 sys=0.00, real=0.01 secs] 
215.501: [GC (Allocation Failure) [PSYoungGen: 92128K->17792K(106496K)] 564580K->490244K(696832K), 0.0034063 secs] [Times: user=0.01 sys=0.00, real=0.00 secs] 
216.113: [GC (Allocation Failure) [PSYoungGen: 99712K->17824K(107520K)] 572164K->506676K(697856K), 0.0066342 secs] [Times: user=0.03 sys=0.00, real=0.01 secs] 
216.753: [GC (Allocation Failure) [PSYoungGen: 98208K->1376K(81408K)] 587060K->490228K(671744K), 0.0028232 secs] [Times: user=0.01 sys=0.00, real=0.00 secs] 
217.376: [GC (Allocation Failure) [PSYoungGen: 81248K->1533K(104960K)] 570100K->490385K(695296K), 0.0016682 secs] [Times: user=0.01 sys=0.00, real=0.00 secs] 
217.837: [GC (Allocation Failure) [PSYoungGen: 80893K->1584K(80896K)] 569745K->490436K(671232K), 0.0019078 secs] [Times: user=0.01 sys=0.00, real=0.01 secs] 
218.297: [GC (Allocation Failure) [PSYoungGen: 80432K->1616K(101888K)] 569284K->490468K(692224K), 0.0018491 secs] [Times: user=0.01 sys=0.00, real=0.00 secs] 
218.682: [GC (Allocation Failure) [PSYoungGen: 79952K->9712K(87552K)] 568804K->498572K(677888K), 0.0023308 secs] [Times: user=0.01 sys=0.01, real=0.00 secs] 
218.976: [GC (Allocation Failure) [PSYoungGen: 87536K->17824K(99840K)] 576396K->506700K(690176K), 0.0026921 secs] [Times: user=0.02 sys=0.01, real=0.00 secs] 
219.221: [GC (Allocation Failure) [PSYoungGen: 93088K->17792K(102400K)] 581964K->523052K(692736K), 0.0051982 secs] [Times: user=0.02 sys=0.00, real=0.00 secs] 
219.691: [GC (Allocation Failure) [PSYoungGen: 93056K->1360K(108544K)] 598316K->506620K(698880K), 0.0036306 secs] [Times: user=0.01 sys=0.00, real=0.00 secs] 
220.387: [GC (Allocation Failure) [PSYoungGen: 82768K->1533K(109568K)] 588028K->506793K(699904K), 0.0018390 secs] [Times: user=0.00 sys=0.00, real=0.00 secs] 
220.866: [GC (Allocation Failure) [PSYoungGen: 82941K->1693K(99840K)] 588201K->506953K(690176K), 0.0017696 secs] [Times: user=0.00 sys=0.00, real=0.00 secs] 
221.339: [GC (Allocation Failure) [PSYoungGen: 82589K->1629K(82432K)] 587849K->506889K(672768K), 0.0017311 secs] [Times: user=0.01 sys=0.00, real=0.01 secs] 
221.893: [GC (Allocation Failure) [PSYoungGen: 82013K->9696K(103424K)] 587273K->514956K(693760K), 0.0051647 secs] [Times: user=0.02 sys=0.00, real=0.00 secs] 
222.466: [GC (Allocation Failure) [PSYoungGen: 89568K->17872K(104448K)] 594828K->523132K(694784K), 0.0049251 secs] [Times: user=0.02 sys=0.00, real=0.01 secs] 
222.838: [GC (Allocation Failure) [PSYoungGen: 97744K->17808K(111104K)] 603004K->539452K(701440K), 0.0056305 secs] [Times: user=0.02 sys=0.00, real=0.01 secs] 
223.432: [GC (Allocation Failure) [PSYoungGen: 101776K->1392K(112640K)] 623420K->523036K(702976K), 0.0022478 secs] [Times: user=0.01 sys=0.00, real=0.00 secs] 
224.033: [GC (Allocation Failure) [PSYoungGen: 85360K->1597K(102912K)] 607004K->523241K(693248K), 0.0017056 secs] [Times: user=0.00 sys=0.00, real=0.00 secs] 
224.521: [GC (Allocation Failure) [PSYoungGen: 85053K->1661K(84992K)] 606697K->523305K(675328K), 0.0017884 secs] [Times: user=0.00 sys=0.00, real=0.00 secs] 
225.010: [GC (Allocation Failure) [PSYoungGen: 84605K->1645K(105984K)] 606249K->523289K(696320K), 0.0019206 secs] [Times: user=0.00 sys=0.00, real=0.00 secs] 
226.136: [GC (Allocation Failure) [PSYoungGen: 84077K->9664K(91648K)] 605721K->531308K(681984K), 0.0034006 secs] [Times: user=0.01 sys=0.00, real=0.01 secs] 
226.860: [GC (Allocation Failure) [PSYoungGen: 76560K->17792K(104448K)] 598204K->539476K(694784K), 0.0043493 secs] [Times: user=0.02 sys=0.00, real=0.00 secs] 
227.373: [GC (Allocation Failure) [PSYoungGen: 97664K->17840K(106496K)] 619348K->555908K(696832K), 0.0076592 secs] [Times: user=0.04 sys=0.01, real=0.01 secs] 
227.963: [GC (Allocation Failure) [PSYoungGen: 97712K->1344K(100864K)] 635780K->539412K(691200K), 0.0025492 secs] [Times: user=0.01 sys=0.00, real=0.00 secs] 
228.420: [GC (Allocation Failure) [PSYoungGen: 80704K->1517K(80384K)] 618772K->539585K(670720K), 0.0016723 secs] [Times: user=0.01 sys=0.00, real=0.00 secs] 
228.882: [GC (Allocation Failure) [PSYoungGen: 80365K->1520K(102912K)] 618433K->539612K(693248K), 0.0017828 secs] [Times: user=0.01 sys=0.00, real=0.00 secs] 
229.345: [GC (Allocation Failure) [PSYoungGen: 79856K->1568K(79872K)] 617948K->539660K(670208K), 0.0019475 secs] [Times: user=0.01 sys=0.00, real=0.00 secs] 
229.717: [GC (Allocation Failure) [PSYoungGen: 79392K->9696K(100864K)] 617484K->547788K(691200K), 0.0021338 secs] [Times: user=0.01 sys=0.00, real=0.00 secs] 
230.003: [GC (Allocation Failure) [PSYoungGen: 87008K->17824K(101376K)] 625100K->555916K(691712K), 0.0023038 secs] [Times: user=0.01 sys=0.00, real=0.00 secs] 
230.254: [GC (Allocation Failure) [PSYoungGen: 94624K->17840K(102400K)] 632716K->572316K(692736K), 0.0041417 secs] [Times: user=0.02 sys=0.00, real=0.00 secs] 
230.574: [GC (Allocation Failure) [PSYoungGen: 93104K->1344K(103936K)] 647580K->555820K(694272K), 0.0037673 secs] [Times: user=0.01 sys=0.00, real=0.00 secs] 
231.026: [GC (Allocation Failure) [PSYoungGen: 76608K->1552K(106496K)] 631084K->556028K(696832K), 0.0017711 secs] [Times: user=0.01 sys=0.00, real=0.00 secs] 
231.500: [GC (Allocation Failure) [PSYoungGen: 82437K->1597K(82432K)] 636914K->556073K(672768K), 0.0018070 secs] [Times: user=0.01 sys=0.00, real=0.00 secs] 
231.977: [GC (Allocation Failure) [PSYoungGen: 81981K->1584K(103424K)] 636457K->556060K(693760K), 0.0018343 secs] [Times: user=0.01 sys=0.00, real=0.01 secs] 
232.409: [GC (Allocation Failure) [PSYoungGen: 80702K->5568K(84992K)] 635179K->560044K(675328K), 0.0023843 secs] [Times: user=0.01 sys=0.00, real=0.00 secs] 
232.704: [GC (Allocation Failure) [PSYoungGen: 84928K->17792K(100352K)] 639404K->572268K(690688K), 0.0025915 secs] [Times: user=0.02 sys=0.00, real=0.00 secs] 
232.956: [GC (Allocation Failure) [PSYoungGen: 94592K->17792K(102912K)] 649068K->588652K(693248K), 0.0047934 secs] [Times: user=0.02 sys=0.00, real=0.01 secs] 
232.960: [Full GC (Ergonomics) [PSYoungGen: 17792K->0K(102912K)] [ParOldGen: 570860K->127391K(556544K)] 588652K->127391K(659456K), [Metaspace: 54577K->54569K(1099776K)], 0.0322147 secs] [Times: user=0.09 sys=0.00, real=0.03 secs] 
233.176: [GC (Allocation Failure) [PSYoungGen: 76800K->64K(112128K)] 204191K->160223K(668672K), 0.0045592 secs] [Times: user=0.03 sys=0.00, real=0.01 secs] 
233.393: [GC (Allocation Failure) [PSYoungGen: 84032K->96K(111616K)] 244191K->225791K(668160K), 0.0047634 secs] [Times: user=0.02 sys=0.00, real=0.00 secs] 
233.669: [GC (Allocation Failure) [PSYoungGen: 84064K->1248K(118784K)] 309759K->259711K(675328K), 0.0038863 secs] [Times: user=0.02 sys=0.00, real=0.00 secs] 
234.224: [GC (Allocation Failure) [PSYoungGen: 95456K->1408K(119808K)] 353919K->259871K(676352K), 0.0016468 secs] [Times: user=0.01 sys=0.00, real=0.00 secs] 
234.840: [GC (Allocation Failure) [PSYoungGen: 95616K->1440K(124928K)] 354079K->259903K(681472K), 0.0018801 secs] [Times: user=0.01 sys=0.00, real=0.00 secs] 
235.343: [GC (Allocation Failure) [PSYoungGen: 97831K->9696K(126976K)] 356295K->268159K(683520K), 0.0022256 secs] [Times: user=0.00 sys=0.00, real=0.00 secs] 
235.752: [GC (Allocation Failure) [PSYoungGen: 113120K->1440K(133120K)] 371583K->259903K(689664K), 0.0018863 secs] [Times: user=0.01 sys=0.00, real=0.00 secs] 
236.258: [GC (Allocation Failure) [PSYoungGen: 113568K->1376K(134656K)] 372031K->259839K(691200K), 0.0019159 secs] [Times: user=0.00 sys=0.00, real=0.01 secs] 
237.042: [GC (Allocation Failure) [PSYoungGen: 113504K->1677K(138240K)] 371967K->260140K(694784K), 0.0017900 secs] [Times: user=0.01 sys=0.01, real=0.00 secs] 
237.739: [GC (Allocation Failure) [PSYoungGen: 121485K->1645K(140288K)] 379948K->260108K(696832K), 0.0016761 secs] [Times: user=0.01 sys=0.00, real=0.00 secs] 
239.171: [GC (Allocation Failure) [PSYoungGen: 121453K->17949K(143360K)] 379916K->276420K(699904K), 0.0050326 secs] [Times: user=0.02 sys=0.01, real=0.00 secs] 
239.760: [GC (Allocation Failure) [PSYoungGen: 141853K->1424K(146944K)] 400324K->259895K(703488K), 0.0019766 secs] [Times: user=0.01 sys=0.00, real=0.00 secs] 
240.427: [GC (Allocation Failure) [PSYoungGen: 125328K->1581K(150016K)] 383799K->260052K(706560K), 0.0016914 secs] [Times: user=0.00 sys=0.00, real=0.00 secs] 
241.196: [GC (Allocation Failure) [PSYoungGen: 132141K->1709K(151552K)] 390612K->260180K(708096K), 0.0018722 secs] [Times: user=0.00 sys=0.00, real=0.00 secs] 
241.944: [GC (Allocation Failure) [PSYoungGen: 132269K->9808K(156672K)] 390740K->268279K(713216K), 0.0023279 secs] [Times: user=0.01 sys=0.00, real=0.00 secs] 
242.514: [GC (Allocation Failure) [PSYoungGen: 146512K->1392K(157184K)] 404983K->259863K(713728K), 0.0018670 secs] [Times: user=0.00 sys=0.00, real=0.00 secs] 
243.289: [GC (Allocation Failure) [PSYoungGen: 138096K->1549K(159744K)] 396567K->260028K(716288K), 0.0015162 secs] [Times: user=0.01 sys=0.00, real=0.00 secs] 
244.128: [GC (Allocation Failure) [PSYoungGen: 144397K->1725K(161280K)] 402876K->260241K(717824K), 0.0017010 secs] [Times: user=0.01 sys=0.00, real=0.01 secs] 
245.065: [GC (Allocation Failure) [PSYoungGen: 144573K->9744K(165376K)] 403089K->276452K(721920K), 0.0028558 secs] [Times: user=0.01 sys=0.00, real=0.00 secs] 
246.053: [GC (Allocation Failure) [PSYoungGen: 157712K->1392K(166400K)] 424420K->268100K(722944K), 0.0015946 secs] [Times: user=0.01 sys=0.00, real=0.00 secs] 
246.816: [GC (Allocation Failure) [PSYoungGen: 149360K->1616K(169984K)] 416068K->268348K(726528K), 0.0016587 secs] [Times: user=0.01 sys=0.00, real=0.00 secs] 
247.723: [GC (GCLocker Initiated GC) [PSYoungGen: 155216K->1693K(170496K)] 421948K->268425K(727040K), 0.0016476 secs] [Times: user=0.00 sys=0.00, real=0.00 secs] 
248.374: [GC (Allocation Failure) [PSYoungGen: 155293K->1408K(174080K)] 422029K->268143K(730624K), 0.0016935 secs] [Times: user=0.01 sys=0.00, real=0.00 secs] 
249.212: [GC (Allocation Failure) [PSYoungGen: 160640K->1488K(174592K)] 427375K->268223K(731136K), 0.0015359 secs] [Times: user=0.01 sys=0.00, real=0.00 secs] 
250.201: [GC (Allocation Failure) [PSYoungGen: 160720K->1869K(177152K)] 427455K->268605K(733696K), 0.0019995 secs] [Times: user=0.00 sys=0.00, real=0.00 secs] 
251.568: [GC (Allocation Failure) [PSYoungGen: 166733K->1568K(178176K)] 433469K->268319K(734720K), 0.0026198 secs] [Times: user=0.01 sys=0.00, real=0.01 secs] 
252.788: [GC (Allocation Failure) [PSYoungGen: 166432K->1456K(182272K)] 433183K->268207K(738816K), 0.0023798 secs] [Times: user=0.00 sys=0.00, real=0.01 secs] 
253.938: [GC (Allocation Failure) [PSYoungGen: 171952K->1709K(182784K)] 438703K->268477K(739328K), 0.0017330 secs] [Times: user=0.01 sys=0.00, real=0.01 secs] 
256.021: [GC (Allocation Failure) [PSYoungGen: 172205K->1600K(185344K)] 438973K->268375K(741888K), 0.0030552 secs] [Times: user=0.02 sys=0.00, real=0.00 secs] 
256.797: [GC (Allocation Failure) [PSYoungGen: 177216K->1408K(186368K)] 443991K->268191K(742912K), 0.0020259 secs] [Times: user=0.01 sys=0.00, real=0.01 secs] 
257.792: [GC (Allocation Failure) [PSYoungGen: 177024K->1757K(190464K)] 443807K->268541K(747008K), 0.0018670 secs] [Times: user=0.00 sys=0.00, real=0.00 secs] 
259.267: [GC (Allocation Failure) [PSYoungGen: 183005K->1632K(190976K)] 449789K->268415K(747520K), 0.0039002 secs] [Times: user=0.02 sys=0.00, real=0.01 secs] 
261.142: [GC (Allocation Failure) [PSYoungGen: 182880K->1440K(194560K)] 449663K->268223K(751104K), 0.0026494 secs] [Times: user=0.01 sys=0.00, real=0.00 secs] 
262.523: [GC (Allocation Failure) [PSYoungGen: 188320K->1776K(195584K)] 455103K->268567K(752128K), 0.0018315 secs] [Times: user=0.01 sys=0.00, real=0.00 secs] 
264.350: [GC (Allocation Failure) [PSYoungGen: 188656K->1600K(199680K)] 455447K->268399K(756224K), 0.0037866 secs] [Times: user=0.02 sys=0.00, real=0.00 secs] 
265.273: [GC (Allocation Failure) [PSYoungGen: 194112K->1533K(200192K)] 460911K->268341K(756736K), 0.0020330 secs] [Times: user=0.00 sys=0.00, real=0.00 secs] 
266.425: [GC (Allocation Failure) [PSYoungGen: 194045K->1853K(204800K)] 460853K->268669K(761344K), 0.0020288 secs] [Times: user=0.00 sys=0.00, real=0.00 secs] 
267.517: [GC (Allocation Failure) [PSYoungGen: 200509K->1504K(205312K)] 467325K->268375K(761856K), 0.0018473 secs] [Times: user=0.00 sys=0.00, real=0.01 secs] 
268.500: [GC (Allocation Failure) [PSYoungGen: 200160K->1597K(209408K)] 467031K->268477K(765952K), 0.0015841 secs] [Times: user=0.00 sys=0.00, real=0.00 secs] 
271.367: [GC (Allocation Failure) [PSYoungGen: 205885K->3744K(210432K)] 472765K->270631K(766976K), 0.0042259 secs] [Times: user=0.02 sys=0.00, real=0.01 secs] 
273.228: [GC (Allocation Failure) [PSYoungGen: 208032K->1408K(216064K)] 474919K->268303K(772608K), 0.0027084 secs] [Times: user=0.01 sys=0.01, real=0.01 secs] 
274.978: [GC (Allocation Failure) [PSYoungGen: 211328K->1757K(216064K)] 478223K->268653K(772608K), 0.0017835 secs] [Times: user=0.01 sys=0.00, real=0.01 secs] 
276.678: [GC (Allocation Failure) [PSYoungGen: 211677K->1632K(220672K)] 478573K->268535K(777216K), 0.0042909 secs] [Times: user=0.01 sys=0.01, real=0.01 secs] 
277.853: [GC (Allocation Failure) [PSYoungGen: 216672K->1520K(220672K)] 483575K->268431K(777216K), 0.0016363 secs] [Times: user=0.00 sys=0.00, real=0.00 secs] 
279.134: [GC (Allocation Failure) [PSYoungGen: 216560K->2784K(225792K)] 483471K->269695K(782336K), 0.0025242 secs] [Times: user=0.00 sys=0.00, real=0.00 secs] 
280.549: [GC (Allocation Failure) [PSYoungGen: 223456K->1440K(225792K)] 490367K->268351K(782336K), 0.0021268 secs] [Times: user=0.01 sys=0.00, real=0.00 secs] 
282.030: [GC (Allocation Failure) [PSYoungGen: 222112K->1773K(230912K)] 489023K->268685K(787456K), 0.0020037 secs] [Times: user=0.01 sys=0.00, real=0.00 secs] 
283.899: [GC (Allocation Failure) [PSYoungGen: 228589K->1536K(231424K)] 495501K->268447K(787968K), 0.0025416 secs] [Times: user=0.01 sys=0.00, real=0.00 secs] 
285.684: [GC (Allocation Failure) [PSYoungGen: 228352K->1613K(237056K)] 495263K->268525K(793600K), 0.0019160 secs] [Times: user=0.01 sys=0.00, real=0.00 secs] 
287.035: [GC (Allocation Failure) [PSYoungGen: 234061K->1696K(237056K)] 500973K->268607K(793600K), 0.0024470 secs] [Times: user=0.01 sys=0.00, real=0.00 secs] 
288.207: [GC (Allocation Failure) [PSYoungGen: 234144K->1453K(241664K)] 501055K->268365K(798208K), 0.0016404 secs] [Times: user=0.00 sys=0.00, real=0.01 secs] 
289.884: [GC (Allocation Failure) [PSYoungGen: 239533K->3840K(242176K)] 506445K->270751K(798720K), 0.0024321 secs] [Times: user=0.01 sys=0.00, real=0.00 secs] 
293.008: [GC (Allocation Failure) [PSYoungGen: 241920K->1440K(247296K)] 508831K->268359K(803840K), 0.0027646 secs] [Times: user=0.01 sys=0.00, real=0.01 secs] 
294.578: [GC (Allocation Failure) [PSYoungGen: 244640K->1856K(247808K)] 511559K->268775K(804352K), 0.0018745 secs] [Times: user=0.01 sys=0.00, real=0.01 secs] 
296.624: [GC (Allocation Failure) [PSYoungGen: 245056K->1536K(252416K)] 511975K->268463K(808960K), 0.0021932 secs] [Times: user=0.01 sys=0.01, real=0.00 secs] 
298.387: [GC (Allocation Failure) [PSYoungGen: 249856K->1757K(252416K)] 516783K->268685K(808960K), 0.0018042 secs] [Times: user=0.01 sys=0.00, real=0.00 secs] 
299.538: [GC (Allocation Failure) [PSYoungGen: 250077K->1504K(257536K)] 517005K->268439K(814080K), 0.0025257 secs] [Times: user=0.01 sys=0.00, real=0.01 secs] 
300.922: [GC (Allocation Failure) [PSYoungGen: 254944K->1725K(257536K)] 521879K->268669K(814080K), 0.0018304 secs] [Times: user=0.01 sys=0.00, real=0.00 secs] 
302.197: [GC (Allocation Failure) [PSYoungGen: 255165K->1568K(263168K)] 522109K->268511K(819712K), 0.0022778 secs] [Times: user=0.01 sys=0.00, real=0.01 secs] 
303.563: [GC (Allocation Failure) [PSYoungGen: 261152K->1693K(263168K)] 528095K->268653K(819712K), 0.0019444 secs] [Times: user=0.01 sys=0.00, real=0.00 secs] 
306.058: [GC (Allocation Failure) [PSYoungGen: 261277K->1584K(268800K)] 528237K->268551K(825344K), 0.0028617 secs] [Times: user=0.00 sys=0.00, real=0.01 secs] 
308.252: [GC (Allocation Failure) [PSYoungGen: 267312K->1661K(269312K)] 534279K->268629K(825856K), 0.0017987 secs] [Times: user=0.00 sys=0.00, real=0.00 secs] 
310.105: [GC (Allocation Failure) [PSYoungGen: 267389K->1632K(274432K)] 534357K->268615K(830976K), 0.0039905 secs] [Times: user=0.02 sys=0.00, real=0.00 secs] 
312.539: [GC (Allocation Failure) [PSYoungGen: 272992K->1680K(274432K)] 539975K->268671K(830976K), 0.0017683 secs] [Times: user=0.00 sys=0.00, real=0.01 secs] 
313.987: [GC (Allocation Failure) [PSYoungGen: 273040K->1632K(280576K)] 540031K->268623K(837120K), 0.0022451 secs] [Times: user=0.00 sys=0.00, real=0.01 secs] 
315.807: [GC (Allocation Failure) [PSYoungGen: 279136K->1725K(280576K)] 546127K->268717K(837120K), 0.0018799 secs] [Times: user=0.01 sys=0.00, real=0.01 secs] 
317.190: [GC (Allocation Failure) [PSYoungGen: 279229K->1584K(286720K)] 546221K->268575K(843264K), 0.0023760 secs] [Times: user=0.01 sys=0.00, real=0.00 secs] 
318.973: [GC (Allocation Failure) [PSYoungGen: 285232K->1808K(286720K)] 552223K->268799K(843264K), 0.0018229 secs] [Times: user=0.01 sys=0.00, real=0.00 secs] 
320.319: [GC (Allocation Failure) [PSYoungGen: 285456K->1568K(292352K)] 552447K->268559K(848896K), 0.0021500 secs] [Times: user=0.01 sys=0.00, real=0.00 secs] 
321.976: [GC (Allocation Failure) [PSYoungGen: 291360K->1869K(292352K)] 558351K->268861K(848896K), 0.0018461 secs] [Times: user=0.01 sys=0.00, real=0.00 secs] 
323.240: [GC (Allocation Failure) [PSYoungGen: 291661K->1456K(299008K)] 558653K->268455K(855552K), 0.0019716 secs] [Times: user=0.00 sys=0.00, real=0.00 secs] 
325.239: [GC (Allocation Failure) [PSYoungGen: 297904K->1888K(299008K)] 564903K->272991K(855552K), 0.0026906 secs] [Times: user=0.01 sys=0.00, real=0.01 secs] 
327.979: [GC (Allocation Failure) [PSYoungGen: 298336K->1533K(304640K)] 569439K->272637K(861184K), 0.0017038 secs] [Times: user=0.01 sys=0.00, real=0.00 secs] 
330.575: [GC (Allocation Failure) [PSYoungGen: 304125K->1744K(305152K)] 575229K->272847K(861696K), 0.0035785 secs] [Times: user=0.01 sys=0.00, real=0.01 secs] 
332.302: [GC (Allocation Failure) [PSYoungGen: 304336K->1693K(311296K)] 575439K->272797K(867840K), 0.0020207 secs] [Times: user=0.01 sys=0.00, real=0.00 secs] 
333.881: [GC (Allocation Failure) [PSYoungGen: 310429K->1584K(311296K)] 581533K->272695K(867840K), 0.0029340 secs] [Times: user=0.01 sys=0.00, real=0.00 secs] 
335.748: [GC (Allocation Failure) [PSYoungGen: 310320K->1821K(317440K)] 581431K->272933K(873984K), 0.0019627 secs] [Times: user=0.01 sys=0.00, real=0.01 secs] 
338.633: [GC (Allocation Failure) [PSYoungGen: 317213K->1488K(317952K)] 588325K->272607K(874496K), 0.0026935 secs] [Times: user=0.01 sys=0.00, real=0.00 secs] 
340.630: [GC (Allocation Failure) [PSYoungGen: 316880K->1888K(324608K)] 587999K->273007K(881152K), 0.0026204 secs] [Times: user=0.01 sys=0.00, real=0.00 secs] 
342.203: [GC (Allocation Failure) [PSYoungGen: 323926K->1648K(324608K)] 595046K->272767K(881152K), 0.0016883 secs] [Times: user=0.00 sys=0.00, real=0.00 secs] 
343.857: [GC (Allocation Failure) [PSYoungGen: 323696K->1696K(331264K)] 594815K->272815K(887808K), 0.0023547 secs] [Times: user=0.01 sys=0.00, real=0.01 secs] 
345.684: [GC (Allocation Failure) [PSYoungGen: 330400K->1869K(331264K)] 601519K->272989K(887808K), 0.0019322 secs] [Times: user=0.01 sys=0.00, real=0.00 secs] 
347.180: [GC (Allocation Failure) [PSYoungGen: 330573K->1549K(337920K)] 601693K->272669K(894464K), 0.0018091 secs] [Times: user=0.01 sys=0.00, real=0.00 secs] 
349.386: [GC (Allocation Failure) [PSYoungGen: 336909K->1776K(337920K)] 608029K->272895K(894464K), 0.0026538 secs] [Times: user=0.01 sys=0.00, real=0.01 secs] 
351.199: [GC (Allocation Failure) [PSYoungGen: 337136K->1741K(344576K)] 608255K->272861K(901120K), 0.0020637 secs] [Times: user=0.01 sys=0.00, real=0.00 secs] 
354.399: [GC (Allocation Failure) [PSYoungGen: 343757K->1584K(344576K)] 614877K->272719K(901120K), 0.0022851 secs] [Times: user=0.01 sys=0.00, real=0.00 secs] 
356.279: [GC (Allocation Failure) [PSYoungGen: 343600K->1888K(350720K)] 614735K->273031K(907264K), 0.0024286 secs] [Times: user=0.01 sys=0.00, real=0.00 secs] 
358.568: [GC (Allocation Failure) [PSYoungGen: 350048K->1696K(350720K)] 621191K->272847K(907264K), 0.0020169 secs] [Times: user=0.01 sys=0.00, real=0.01 secs] 
360.819: [GC (Allocation Failure) [PSYoungGen: 349856K->1584K(356352K)] 621007K->272735K(912896K), 0.0023597 secs] [Times: user=0.01 sys=0.00, real=0.01 secs] 
363.151: [GC (Allocation Failure) [PSYoungGen: 355888K->1856K(356864K)] 627039K->273023K(913408K), 0.0033618 secs] [Times: user=0.00 sys=0.00, real=0.00 secs] 
365.730: [GC (Allocation Failure) [PSYoungGen: 356160K->1744K(363008K)] 627327K->272919K(919552K), 0.0018283 secs] [Times: user=0.01 sys=0.00, real=0.00 secs] 
368.771: [GC (Allocation Failure) [PSYoungGen: 362704K->1600K(363520K)] 633879K->272775K(920064K), 0.0025140 secs] [Times: user=0.01 sys=0.00, real=0.00 secs] 
370.979: [GC (Allocation Failure) [PSYoungGen: 362560K->1888K(368640K)] 633735K->273063K(925184K), 0.0028359 secs] [Times: user=0.00 sys=0.00, real=0.01 secs] 
373.613: [GC (Allocation Failure) [PSYoungGen: 368480K->1792K(369152K)] 639655K->272975K(925696K), 0.0019457 secs] [Times: user=0.01 sys=0.00, real=0.00 secs] 
375.466: [GC (Allocation Failure) [PSYoungGen: 368384K->1613K(375296K)] 639567K->272797K(931840K), 0.0018045 secs] [Times: user=0.00 sys=0.00, real=0.00 secs] 
377.569: [GC (Allocation Failure) [PSYoungGen: 374349K->1792K(375296K)] 645533K->272983K(931840K), 0.0026277 secs] [Times: user=0.01 sys=0.00, real=0.00 secs] 
379.577: [GC (Allocation Failure) [PSYoungGen: 374528K->1901K(380928K)] 645719K->273093K(937472K), 0.0020525 secs] [Times: user=0.01 sys=0.00, real=0.01 secs] 
382.368: [GC (Allocation Failure) [PSYoungGen: 380781K->1584K(381440K)] 651973K->272775K(937984K), 0.0017081 secs] [Times: user=0.00 sys=0.01, real=0.01 secs] 
385.841: [GC (Allocation Failure) [PSYoungGen: 380464K->1728K(387072K)] 651655K->272919K(943616K), 0.0034163 secs] [Times: user=0.01 sys=0.00, real=0.00 secs] 
388.457: [GC (Allocation Failure) [PSYoungGen: 386752K->1888K(387584K)] 657943K->273095K(944128K), 0.0038966 secs] [Times: user=0.01 sys=0.00, real=0.01 secs] 
391.438: [GC (Allocation Failure) [PSYoungGen: 387424K->1805K(394752K)] 658631K->273021K(951296K), 0.0019897 secs] [Times: user=0.01 sys=0.00, real=0.01 secs] 
394.808: [GC (Allocation Failure) [PSYoungGen: 393985K->1693K(394752K)] 665201K->272909K(951296K), 0.0016375 secs] [Times: user=0.00 sys=0.00, real=0.01 secs] 
396.963: [GC (Allocation Failure) [PSYoungGen: 393885K->1760K(400384K)] 665101K->272975K(956928K), 0.0028087 secs] [Times: user=0.01 sys=0.01, real=0.00 secs] 
399.479: [GC (Allocation Failure) [PSYoungGen: 400096K->1872K(400384K)] 671311K->273087K(956928K), 0.0037188 secs] [Times: user=0.01 sys=0.00, real=0.00 secs] 
401.849: [GC (Allocation Failure) [PSYoungGen: 400208K->1805K(407552K)] 671423K->273021K(964096K), 0.0018974 secs] [Times: user=0.01 sys=0.01, real=0.00 secs] 
405.485: [GC (Allocation Failure) [PSYoungGen: 407300K->1693K(408064K)] 678516K->272925K(964608K), 0.0018406 secs] [Times: user=0.00 sys=0.00, real=0.00 secs] 
408.718: [GC (Allocation Failure) [PSYoungGen: 407709K->1744K(413696K)] 678941K->272999K(970240K), 0.0040575 secs] [Times: user=0.01 sys=0.00, real=0.01 secs] 
411.364: [GC (Allocation Failure) [PSYoungGen: 413392K->1840K(413696K)] 684647K->273103K(970240K), 0.0020052 secs] [Times: user=0.01 sys=0.00, real=0.00 secs] 
413.540: [GC (Allocation Failure) [PSYoungGen: 413488K->1869K(420352K)] 684751K->273141K(976896K), 0.0020842 secs] [Times: user=0.01 sys=0.00, real=0.00 secs] 
415.775: [GC (Allocation Failure) [PSYoungGen: 420173K->1677K(420352K)] 691445K->272957K(976896K), 0.0018637 secs] [Times: user=0.01 sys=0.00, real=0.00 secs] 
417.857: [GC (Allocation Failure) [PSYoungGen: 419981K->1725K(427008K)] 691261K->273005K(983552K), 0.0023036 secs] [Times: user=0.01 sys=0.00, real=0.01 secs] 
420.263: [GC (Allocation Failure) [PSYoungGen: 426685K->1792K(427008K)] 697965K->273079K(983552K), 0.0023929 secs] [Times: user=0.01 sys=0.00, real=0.00 secs] 
422.506: [GC (Allocation Failure) [PSYoungGen: 426752K->1840K(434176K)] 698039K->273135K(990720K), 0.0026156 secs] [Times: user=0.01 sys=0.00, real=0.00 secs] 
424.845: [GC (Allocation Failure) [PSYoungGen: 433968K->1885K(434176K)] 705263K->273189K(990720K), 0.0019984 secs] [Times: user=0.01 sys=0.00, real=0.00 secs] 
427.930: [GC (Allocation Failure) [PSYoungGen: 434013K->1773K(440832K)] 705317K->273101K(997376K), 0.0019799 secs] [Times: user=0.01 sys=0.00, real=0.00 secs] 
431.196: [GC (Allocation Failure) [PSYoungGen: 440557K->1917K(441344K)] 711885K->273245K(997888K), 0.0021956 secs] [Times: user=0.01 sys=0.00, real=0.00 secs] 
434.624: [GC (Allocation Failure) [PSYoungGen: 441213K->1693K(447488K)] 712541K->273029K(1004032K), 0.0019958 secs] [Times: user=0.01 sys=0.00, real=0.00 secs] 
437.340: [GC (Allocation Failure) [PSYoungGen: 447133K->1728K(447488K)] 718469K->273071K(1004032K), 0.0024050 secs] [Times: user=0.00 sys=0.00, real=0.00 secs] 
439.825: [GC (Allocation Failure) [PSYoungGen: 447168K->1856K(453632K)] 718511K->273199K(1010176K), 0.0026035 secs] [Times: user=0.01 sys=0.00, real=0.00 secs] 
442.662: [GC (Allocation Failure) [PSYoungGen: 453440K->1888K(453632K)] 724783K->273239K(1010176K), 0.0023617 secs] [Times: user=0.01 sys=0.00, real=0.00 secs] 
446.916: [GC (Allocation Failure) [PSYoungGen: 453472K->1888K(460288K)] 724823K->273239K(1016832K), 0.0056925 secs] [Times: user=0.01 sys=0.00, real=0.01 secs] 
451.239: [GC (Allocation Failure) [PSYoungGen: 460128K->1821K(460288K)] 731479K->273189K(1016832K), 0.0019363 secs] [Times: user=0.01 sys=0.00, real=0.01 secs] 
455.468: [GC (Allocation Failure) [PSYoungGen: 460061K->1773K(466432K)] 731429K->273157K(1022976K), 0.0019864 secs] [Times: user=0.00 sys=0.00, real=0.01 secs] 
461.325: [GC (Allocation Failure) [PSYoungGen: 466157K->1789K(466944K)] 737541K->273173K(1023488K), 0.0018592 secs] [Times: user=0.01 sys=0.00, real=0.00 secs] 
464.131: [GC (Allocation Failure) [PSYoungGen: 466685K->1728K(472064K)] 738069K->273127K(1028608K), 0.0028270 secs] [Times: user=0.01 sys=0.00, real=0.00 secs] 
466.567: [GC (Allocation Failure) [PSYoungGen: 471744K->1808K(472064K)] 743143K->273215K(1028608K), 0.0029014 secs] [Times: user=0.00 sys=0.00, real=0.01 secs] 
469.924: [GC (Allocation Failure) [PSYoungGen: 471824K->1856K(479232K)] 743231K->273271K(1035776K), 0.0029025 secs] [Times: user=0.01 sys=0.00, real=0.00 secs] 
472.887: [GC (Allocation Failure) [PSYoungGen: 479040K->1856K(479232K)] 750455K->273279K(1035776K), 0.0043947 secs] [Times: user=0.02 sys=0.00, real=0.01 secs] 
476.145: [GC (Allocation Failure) [PSYoungGen: 479040K->1888K(487424K)] 750463K->281503K(1043968K), 0.0031737 secs] [Times: user=0.01 sys=0.00, real=0.00 secs] 
479.276: [GC (Allocation Failure) [PSYoungGen: 487264K->1888K(487424K)] 766879K->281511K(1043968K), 0.0035245 secs] [Times: user=0.01 sys=0.00, real=0.01 secs] 
482.685: [GC (Allocation Failure) [PSYoungGen: 487264K->1885K(495104K)] 766887K->281509K(1051648K), 0.0020691 secs] [Times: user=0.00 sys=0.00, real=0.00 secs] 
486.781: [GC (Allocation Failure) [PSYoungGen: 494941K->1869K(496128K)] 774565K->281501K(1052672K), 0.0021097 secs] [Times: user=0.01 sys=0.00, real=0.00 secs] 
490.649: [GC (Allocation Failure) [PSYoungGen: 495949K->1821K(502272K)] 775581K->281461K(1058816K), 0.0020987 secs] [Times: user=0.00 sys=0.00, real=0.01 secs] 
494.363: [GC (Allocation Failure) [PSYoungGen: 502045K->1901K(502272K)] 781685K->281549K(1058816K), 0.0020962 secs] [Times: user=0.00 sys=0.00, real=0.00 secs] 
498.699: [GC (Allocation Failure) [PSYoungGen: 502125K->1869K(507904K)] 781773K->281533K(1064448K), 0.0020490 secs] [Times: user=0.00 sys=0.00, real=0.01 secs] 
501.241: [GC (Allocation Failure) [PSYoungGen: 507725K->1837K(508416K)] 787389K->281509K(1064960K), 0.0021904 secs] [Times: user=0.01 sys=0.00, real=0.00 secs] 
505.045: [GC (Allocation Failure) [PSYoungGen: 508205K->1869K(514048K)] 787877K->281549K(1070592K), 0.0021933 secs] [Times: user=0.00 sys=0.00, real=0.00 secs] 
509.328: [GC (Allocation Failure) [PSYoungGen: 513869K->1840K(514048K)] 793549K->281528K(1070592K), 0.0019714 secs] [Times: user=0.00 sys=0.00, real=0.01 secs] 
511.984: [GC (Allocation Failure) [PSYoungGen: 513840K->1869K(519680K)] 793528K->281557K(1076224K), 0.0022884 secs] [Times: user=0.01 sys=0.00, real=0.00 secs] 
516.821: [GC (Allocation Failure) [PSYoungGen: 519501K->1872K(519680K)] 799189K->281576K(1076224K), 0.0019096 secs] [Times: user=0.00 sys=0.00, real=0.00 secs] 
520.837: [GC (Allocation Failure) [PSYoungGen: 519504K->1837K(525312K)] 799208K->281549K(1081856K), 0.0021178 secs] [Times: user=0.00 sys=0.00, real=0.01 secs] 
525.641: [GC (Allocation Failure) [PSYoungGen: 525101K->1901K(525312K)] 804813K->281621K(1081856K), 0.0024996 secs] [Times: user=0.01 sys=0.00, real=0.00 secs] 
528.528: [GC (Allocation Failure) [PSYoungGen: 525165K->1869K(530944K)] 804885K->281589K(1087488K), 0.0020659 secs] [Times: user=0.00 sys=0.00, real=0.01 secs] 
534.193: [GC (Allocation Failure) [PSYoungGen: 530765K->1901K(530944K)] 810485K->281629K(1087488K), 0.0022783 secs] [Times: user=0.01 sys=0.00, real=0.00 secs] 
537.471: [GC (Allocation Failure) [PSYoungGen: 530797K->1901K(536576K)] 810525K->281637K(1093120K), 0.0022928 secs] [Times: user=0.01 sys=0.00, real=0.00 secs] 
541.123: [GC (Allocation Failure) [PSYoungGen: 536429K->1872K(536576K)] 816165K->281624K(1093120K), 0.0020467 secs] [Times: user=0.00 sys=0.00, real=0.00 secs] 
544.713: [GC (Allocation Failure) [PSYoungGen: 536400K->1917K(542208K)] 816152K->281685K(1098752K), 0.0021116 secs] [Times: user=0.01 sys=0.00, real=0.00 secs] 
547.640: [GC (Allocation Failure) [PSYoungGen: 542077K->1949K(542208K)] 821845K->281741K(1098752K), 0.0022162 secs] [Times: user=0.00 sys=0.00, real=0.00 secs] 
550.385: [GC (Allocation Failure) [PSYoungGen: 542109K->1917K(548352K)] 821901K->281717K(1104896K), 0.0022435 secs] [Times: user=0.01 sys=0.00, real=0.00 secs] 
553.123: [GC (Allocation Failure) [PSYoungGen: 548221K->1949K(548352K)] 828021K->281757K(1104896K), 0.0020186 secs] [Times: user=0.01 sys=0.00, real=0.00 secs] 
556.076: [GC (Allocation Failure) [PSYoungGen: 548253K->1901K(555008K)] 828061K->281709K(1111552K), 0.0023348 secs] [Times: user=0.01 sys=0.00, real=0.00 secs] 
560.457: [GC (Allocation Failure) [PSYoungGen: 554861K->1936K(555008K)] 834669K->281752K(1111552K), 0.0019692 secs] [Times: user=0.01 sys=0.00, real=0.01 secs] 
564.759: [GC (Allocation Failure) [PSYoungGen: 554896K->2029K(561152K)] 834712K->281845K(1117696K), 0.0020957 secs] [Times: user=0.00 sys=0.00, real=0.00 secs] 
569.798: [GC (Allocation Failure) [PSYoungGen: 561133K->1997K(561664K)] 840949K->281813K(1118208K), 0.0021933 secs] [Times: user=0.01 sys=0.00, real=0.01 secs] 
573.861: [GC (Allocation Failure) [PSYoungGen: 561613K->1888K(567296K)] 841429K->281703K(1123840K), 0.0025624 secs] [Times: user=0.01 sys=0.01, real=0.00 secs] 
577.029: [GC (Allocation Failure) [PSYoungGen: 566624K->1856K(567296K)] 846439K->281679K(1123840K), 0.0023938 secs] [Times: user=0.01 sys=0.00, real=0.00 secs] 
580.785: [GC (Allocation Failure) [PSYoungGen: 566592K->1888K(573440K)] 846415K->281719K(1129984K), 0.0028495 secs] [Times: user=0.01 sys=0.00, real=0.00 secs] 
584.022: [GC (Allocation Failure) [PSYoungGen: 573280K->1888K(573440K)] 853111K->281719K(1129984K), 0.0028211 secs] [Times: user=0.01 sys=0.00, real=0.00 secs] 
589.000: [GC (Allocation Failure) [PSYoungGen: 573280K->1920K(580096K)] 853111K->281751K(1136640K), 0.0027075 secs] [Times: user=0.01 sys=0.00, real=0.00 secs] 
592.155: [GC (Allocation Failure) [PSYoungGen: 579968K->1888K(580608K)] 859799K->281719K(1137152K), 0.0033628 secs] [Times: user=0.01 sys=0.00, real=0.00 secs] 
595.154: [GC (Allocation Failure) [PSYoungGen: 580448K->1981K(587776K)] 860279K->281821K(1144320K), 0.0020929 secs] [Times: user=0.00 sys=0.00, real=0.00 secs] 
599.119: [GC (Allocation Failure) [PSYoungGen: 587709K->1981K(587776K)] 867549K->281829K(1144320K), 0.0021391 secs] [Times: user=0.01 sys=0.00, real=0.00 secs] 
602.232: [GC (Allocation Failure) [PSYoungGen: 587709K->2032K(594432K)] 867557K->281904K(1150976K), 0.0021712 secs] [Times: user=0.01 sys=0.00, real=0.00 secs] 
605.523: [GC (Allocation Failure) [PSYoungGen: 594416K->2013K(594944K)] 874288K->281885K(1151488K), 0.0023452 secs] [Times: user=0.01 sys=0.01, real=0.00 secs] 
608.542: [GC (Allocation Failure) [PSYoungGen: 594397K->1888K(602624K)] 874269K->281767K(1159168K), 0.0023792 secs] [Times: user=0.01 sys=0.00, real=0.00 secs] 
611.554: [GC (Allocation Failure) [PSYoungGen: 601952K->1872K(602624K)] 881831K->281759K(1159168K), 0.0023838 secs] [Times: user=0.00 sys=0.01, real=0.00 secs] 
615.931: [GC (Allocation Failure) [PSYoungGen: 601936K->1888K(610304K)] 881823K->281775K(1166848K), 0.0039420 secs] [Times: user=0.01 sys=0.00, real=0.00 secs] 
621.111: [GC (Allocation Failure) [PSYoungGen: 609632K->1885K(610304K)] 889519K->281781K(1166848K), 0.0026322 secs] [Times: user=0.01 sys=0.00, real=0.00 secs] 
626.816: [GC (Allocation Failure) [PSYoungGen: 609629K->2077K(617472K)] 889525K->281973K(1174016K), 0.0022605 secs] [Times: user=0.00 sys=0.00, real=0.00 secs] 
630.159: [GC (GCLocker Initiated GC) [PSYoungGen: 616989K->2077K(617984K)] 896885K->281973K(1174528K), 0.0021381 secs] [Times: user=0.01 sys=0.00, real=0.00 secs] 
635.314: [GC (Allocation Failure) [PSYoungGen: 617501K->1936K(624640K)] 897400K->281843K(1181184K), 0.0046833 secs] [Times: user=0.01 sys=0.00, real=0.00 secs] 
639.945: [GC (Allocation Failure) [PSYoungGen: 624016K->1920K(624640K)] 903923K->281835K(1181184K), 0.0030580 secs] [Times: user=0.01 sys=0.00, real=0.00 secs] 
643.055: [GC (Allocation Failure) [PSYoungGen: 624000K->1856K(632320K)] 903915K->281811K(1188864K), 0.0024443 secs] [Times: user=0.00 sys=0.00, real=0.00 secs] 
646.313: [GC (Allocation Failure) [PSYoungGen: 631616K->2029K(632320K)] 911571K->281992K(1188864K), 0.0020432 secs] [Times: user=0.01 sys=0.00, real=0.00 secs] 
650.975: [GC (Allocation Failure) [PSYoungGen: 631789K->2128K(639488K)] 911752K->282091K(1196032K), 0.0023725 secs] [Times: user=0.00 sys=0.00, real=0.00 secs] 
655.231: [GC (Allocation Failure) [PSYoungGen: 639056K->2080K(640000K)] 919019K->282051K(1196544K), 0.0038081 secs] [Times: user=0.02 sys=0.00, real=0.00 secs] 
659.779: [GC (Allocation Failure) [PSYoungGen: 639520K->1888K(647680K)] 919491K->281867K(1204224K), 0.0029877 secs] [Times: user=0.01 sys=0.00, real=0.00 secs] 
664.868: [GC (Allocation Failure) [PSYoungGen: 647008K->1888K(647680K)] 926987K->281883K(1204224K), 0.0024010 secs] [Times: user=0.01 sys=0.01, real=0.01 secs] 
669.630: [GC (Allocation Failure) [PSYoungGen: 647008K->2125K(654848K)] 927003K->282120K(1211392K), 0.0024074 secs] [Times: user=0.01 sys=0.00, real=0.00 secs] 
673.987: [GC (Allocation Failure) [PSYoungGen: 654413K->2157K(654848K)] 934408K->282168K(1211392K), 0.0023435 secs] [Times: user=0.01 sys=0.00, real=0.01 secs] 
679.227: [GC (Allocation Failure) [PSYoungGen: 654445K->1888K(660992K)] 934456K->281915K(1217536K), 0.0024628 secs] [Times: user=0.01 sys=0.00, real=0.01 secs] 
683.616: [GC (Allocation Failure) [PSYoungGen: 660832K->1904K(661504K)] 940859K->281939K(1218048K), 0.0029834 secs] [Times: user=0.01 sys=0.00, real=0.00 secs] 
689.555: [GC (Allocation Failure) [PSYoungGen: 660848K->2157K(668160K)] 940883K->282192K(1224704K), 0.0024299 secs] [Times: user=0.01 sys=0.00, real=0.00 secs] 
695.345: [GC (Allocation Failure) [PSYoungGen: 667757K->896K(668672K)] 947792K->280931K(1225216K), 0.0023674 secs] [Times: user=0.01 sys=0.00, real=0.00 secs] 
700.411: [GC (Allocation Failure) [PSYoungGen: 667008K->1920K(674304K)] 947043K->281971K(1230848K), 0.0025147 secs] [Times: user=0.01 sys=0.00, real=0.00 secs] 
703.858: [GC (Allocation Failure) [PSYoungGen: 673664K->1952K(674304K)] 953715K->282059K(1230848K), 0.0020739 secs] [Times: user=0.00 sys=0.00, real=0.01 secs] 
709.096: [GC (Allocation Failure) [PSYoungGen: 673696K->2189K(680960K)] 953803K->282320K(1237504K), 0.0026786 secs] [Times: user=0.01 sys=0.00, real=0.00 secs] 
713.673: [GC (Allocation Failure) [PSYoungGen: 680589K->2016K(680960K)] 960720K->282155K(1237504K), 0.0027948 secs] [Times: user=0.00 sys=0.00, real=0.00 secs] 
717.041: [GC (Allocation Failure) [PSYoungGen: 680416K->1856K(687616K)] 960555K->282003K(1244160K), 0.0040671 secs] [Times: user=0.01 sys=0.00, real=0.00 secs] 
722.882: [GC (Allocation Failure) [PSYoungGen: 686912K->2077K(687616K)] 967059K->282224K(1244160K), 0.0022334 secs] [Times: user=0.01 sys=0.00, real=0.00 secs] 
728.714: [GC (Allocation Failure) [PSYoungGen: 687133K->2144K(695296K)] 967280K->282299K(1251840K), 0.0037411 secs] [Times: user=0.01 sys=0.00, real=0.00 secs] 
734.172: [GC (Allocation Failure) [PSYoungGen: 694880K->1888K(695296K)] 975035K->282043K(1251840K), 0.0048914 secs] [Times: user=0.01 sys=0.00, real=0.00 secs] 
740.678: [GC (Allocation Failure) [PSYoungGen: 694624K->2045K(696320K)] 974779K->282200K(1252864K), 0.0022262 secs] [Times: user=0.00 sys=0.00, real=0.01 secs] 
745.663: [GC (Allocation Failure) [PSYoungGen: 695805K->832K(696320K)] 975960K->280999K(1252864K), 0.0023088 secs] [Times: user=0.00 sys=0.00, real=0.00 secs] 
753.042: [GC (Allocation Failure) [PSYoungGen: 694592K->1824K(696320K)] 974759K->281991K(1252864K), 0.0046855 secs] [Times: user=0.02 sys=0.00, real=0.00 secs] 
758.785: [GC (Allocation Failure) [PSYoungGen: 695584K->2013K(696320K)] 975751K->282188K(1252864K), 0.0022201 secs] [Times: user=0.01 sys=0.00, real=0.00 secs] 
763.489: [GC (Allocation Failure) [PSYoungGen: 695773K->2192K(696320K)] 975948K->282375K(1252864K), 0.0024274 secs] [Times: user=0.01 sys=0.00, real=0.00 secs] 
769.747: [GC (Allocation Failure) [PSYoungGen: 695952K->1888K(696320K)] 976135K->282071K(1252864K), 0.0037695 secs] [Times: user=0.01 sys=0.00, real=0.01 secs] 
774.017: [GC (Allocation Failure) [PSYoungGen: 695648K->1949K(696320K)] 975831K->282140K(1252864K), 0.0020202 secs] [Times: user=0.01 sys=0.00, real=0.01 secs] 
777.793: [GC (Allocation Failure) [PSYoungGen: 695709K->2160K(696320K)] 975900K->282351K(1252864K), 0.0024330 secs] [Times: user=0.01 sys=0.00, real=0.00 secs] 
781.486: [GC (Allocation Failure) [PSYoungGen: 695920K->1920K(696320K)] 976111K->282119K(1252864K), 0.0026567 secs] [Times: user=0.01 sys=0.00, real=0.00 secs] 
786.242: [GC (Allocation Failure) [PSYoungGen: 695680K->1936K(696320K)] 975879K->282151K(1252864K), 0.0019939 secs] [Times: user=0.00 sys=0.00, real=0.00 secs] 
791.193: [GC (Allocation Failure) [PSYoungGen: 695696K->2173K(696320K)] 975911K->282404K(1252864K), 0.0023855 secs] [Times: user=0.01 sys=0.00, real=0.00 secs] 
795.693: [GC (Allocation Failure) [PSYoungGen: 695933K->1888K(696320K)] 976164K->282135K(1252864K), 0.0033155 secs] [Times: user=0.01 sys=0.00, real=0.00 secs] 
801.547: [GC (Allocation Failure) [PSYoungGen: 695648K->1917K(696320K)] 975895K->282172K(1252864K), 0.0020016 secs] [Times: user=0.01 sys=0.00, real=0.01 secs] 
805.667: [GC (Allocation Failure) [PSYoungGen: 695677K->2237K(696320K)] 975932K->282508K(1252864K), 0.0024230 secs] [Times: user=0.01 sys=0.00, real=0.01 secs] 
811.154: [GC (Allocation Failure) [PSYoungGen: 695997K->1968K(696320K)] 976268K->282255K(1252864K), 0.0034928 secs] [Times: user=0.01 sys=0.00, real=0.00 secs] 
817.226: [GC (Allocation Failure) [PSYoungGen: 695728K->1949K(696320K)] 976015K->282236K(1252864K), 0.0026720 secs] [Times: user=0.01 sys=0.00, real=0.01 secs] 
822.015: [GC (Allocation Failure) [PSYoungGen: 695709K->2221K(696320K)] 975996K->282508K(1252864K), 0.0023730 secs] [Times: user=0.01 sys=0.00, real=0.00 secs] 
826.435: [GC (Allocation Failure) [PSYoungGen: 695981K->1968K(696320K)] 976268K->282263K(1252864K), 0.0021432 secs] [Times: user=0.01 sys=0.00, real=0.00 secs] 
829.914: [GC (Allocation Failure) [PSYoungGen: 695728K->1840K(696320K)] 976023K->282135K(1252864K), 0.0019222 secs] [Times: user=0.01 sys=0.00, real=0.00 secs] 
834.124: [GC (Allocation Failure) [PSYoungGen: 695600K->2224K(696320K)] 975895K->282527K(1252864K), 0.0024200 secs] [Times: user=0.01 sys=0.00, real=0.00 secs] 
838.676: [GC (Allocation Failure) [PSYoungGen: 695984K->2064K(696320K)] 976287K->282367K(1252864K), 0.0027663 secs] [Times: user=0.01 sys=0.00, real=0.01 secs] 
842.077: [GC (Allocation Failure) [PSYoungGen: 695824K->1872K(696320K)] 976127K->282175K(1252864K), 0.0024522 secs] [Times: user=0.01 sys=0.00, real=0.01 secs] 
848.028: [GC (Allocation Failure) [PSYoungGen: 695632K->2157K(696320K)] 975935K->282460K(1252864K), 0.0023390 secs] [Times: user=0.01 sys=0.00, real=0.01 secs] 
852.768: [GC (Allocation Failure) [PSYoungGen: 695917K->2000K(696320K)] 976220K->282311K(1252864K), 0.0024770 secs] [Times: user=0.00 sys=0.00, real=0.01 secs] 
857.008: [GC (Allocation Failure) [PSYoungGen: 695760K->1872K(696320K)] 976071K->282191K(1252864K), 0.0023442 secs] [Times: user=0.01 sys=0.00, real=0.01 secs] 
863.093: [GC (Allocation Failure) [PSYoungGen: 695632K->2205K(696320K)] 975951K->282524K(1252864K), 0.0024127 secs] [Times: user=0.01 sys=0.00, real=0.00 secs] 
866.975: [GC (Allocation Failure) [PSYoungGen: 695965K->2000K(696320K)] 976284K->282319K(1252864K), 0.0026987 secs] [Times: user=0.01 sys=0.00, real=0.00 secs] 
871.748: [GC (Allocation Failure) [PSYoungGen: 695760K->1856K(696320K)] 976079K->282175K(1252864K), 0.0023359 secs] [Times: user=0.01 sys=0.00, real=0.01 secs] 
876.908: [GC (Allocation Failure) [PSYoungGen: 695616K->2141K(696320K)] 975935K->282468K(1252864K), 0.0022878 secs] [Times: user=0.00 sys=0.00, real=0.01 secs] 
880.896: [GC (Allocation Failure) [PSYoungGen: 695901K->2048K(696320K)] 976228K->282415K(1252864K), 0.0025547 secs] [Times: user=0.00 sys=0.00, real=0.00 secs] 
887.307: [GC (Allocation Failure) [PSYoungGen: 695808K->1840K(696320K)] 976175K->282207K(1252864K), 0.0049345 secs] [Times: user=0.02 sys=0.00, real=0.01 secs] 
892.735: [GC (Allocation Failure) [PSYoungGen: 695600K->2109K(674816K)] 975967K->282476K(1231360K), 0.0023299 secs] [Times: user=0.01 sys=0.00, real=0.00 secs] 
896.498: [GC (Allocation Failure) [PSYoungGen: 674365K->480K(651776K)] 954732K->282359K(1208320K), 0.0025353 secs] [Times: user=0.01 sys=0.00, real=0.01 secs] 
901.686: [GC (Allocation Failure) [PSYoungGen: 651744K->1936K(633856K)] 933623K->283823K(1190400K), 0.0026882 secs] [Times: user=0.01 sys=0.00, real=0.00 secs] 
905.425: [GC (Allocation Failure) [PSYoungGen: 633232K->1920K(614400K)] 915119K->283807K(1170944K), 0.0026012 secs] [Times: user=0.01 sys=0.00, real=0.00 secs] 
908.851: [GC (Allocation Failure) [PSYoungGen: 614272K->2077K(596480K)] 896159K->283972K(1153024K), 0.0022349 secs] [Times: user=0.01 sys=0.00, real=0.00 secs] 
912.434: [GC (Allocation Failure) [PSYoungGen: 595997K->1021K(577536K)] 877892K->283948K(1134080K), 0.0021233 secs] [Times: user=0.01 sys=0.00, real=0.00 secs] 
916.160: [GC (Allocation Failure) [PSYoungGen: 577533K->2077K(562176K)] 860460K->285012K(1118720K), 0.0021598 secs] [Times: user=0.01 sys=0.00, real=0.00 secs] 
920.611: [GC (Allocation Failure) [PSYoungGen: 561693K->2029K(545792K)] 844628K->285004K(1102336K), 0.0021691 secs] [Times: user=0.01 sys=0.00, real=0.00 secs] 
925.504: [GC (Allocation Failure) [PSYoungGen: 545773K->1981K(530432K)] 828748K->284956K(1086976K), 0.0020474 secs] [Times: user=0.01 sys=0.00, real=0.00 secs] 
928.455: [GC (Allocation Failure) [PSYoungGen: 530365K->640K(514560K)] 813340K->283615K(1071104K), 0.0019239 secs] [Times: user=0.00 sys=0.00, real=0.00 secs] 
931.643: [GC (Allocation Failure) [PSYoungGen: 514176K->1949K(502272K)] 797151K->284924K(1058816K), 0.0020339 secs] [Times: user=0.01 sys=0.00, real=0.00 secs] 
935.883: [GC (Allocation Failure) [PSYoungGen: 501149K->1917K(487424K)] 784124K->284900K(1043968K), 0.0019051 secs] [Times: user=0.00 sys=0.00, real=0.00 secs] 
940.092: [GC (Allocation Failure) [PSYoungGen: 487293K->1869K(474624K)] 770276K->284868K(1031168K), 0.0020043 secs] [Times: user=0.01 sys=0.00, real=0.00 secs] 
943.110: [GC (Allocation Failure) [PSYoungGen: 474445K->1533K(461824K)] 757444K->284820K(1018368K), 0.0018352 secs] [Times: user=0.01 sys=0.00, real=0.00 secs] 
946.073: [GC (Allocation Failure) [PSYoungGen: 461821K->1869K(450048K)] 745108K->285164K(1006592K), 0.0019384 secs] [Times: user=0.01 sys=0.00, real=0.00 secs] 
949.837: [GC (Allocation Failure) [PSYoungGen: 449869K->1856K(438272K)] 733164K->285151K(994816K), 0.0026680 secs] [Times: user=0.01 sys=0.00, real=0.01 secs] 
953.353: [GC (Allocation Failure) [PSYoungGen: 438080K->1888K(427008K)] 721375K->285279K(983552K), 0.0042418 secs] [Times: user=0.01 sys=0.01, real=0.00 secs] 
956.872: [GC (Allocation Failure) [PSYoungGen: 426848K->1520K(415744K)] 710239K->285215K(972288K), 0.0035528 secs] [Times: user=0.02 sys=0.00, real=0.00 secs] 
960.068: [GC (Allocation Failure) [PSYoungGen: 415728K->1837K(406016K)] 699423K->285532K(962560K), 0.0020650 secs] [Times: user=0.00 sys=0.01, real=0.01 secs] 
962.002: [GC (Allocation Failure) [PSYoungGen: 405805K->1837K(396288K)] 689500K->285540K(952832K), 0.0015371 secs] [Times: user=0.00 sys=0.00, real=0.00 secs] 
964.119: [GC (Allocation Failure) [PSYoungGen: 396077K->1856K(386560K)] 679780K->285567K(943104K), 0.0025815 secs] [Times: user=0.01 sys=0.00, real=0.00 secs] 
966.278: [GC (Allocation Failure) [PSYoungGen: 386368K->1520K(376832K)] 670079K->285669K(933376K), 0.0023037 secs] [Times: user=0.01 sys=0.00, real=0.01 secs] 
968.660: [GC (Allocation Failure) [PSYoungGen: 376816K->1917K(368640K)] 660965K->286066K(925184K), 0.0020367 secs] [Times: user=0.01 sys=0.00, real=0.00 secs] 
970.616: [GC (Allocation Failure) [PSYoungGen: 368509K->1709K(359936K)] 652658K->285866K(916480K), 0.0016493 secs] [Times: user=0.01 sys=0.00, real=0.00 secs] 
972.610: [GC (Allocation Failure) [PSYoungGen: 359597K->1904K(351744K)] 643754K->286069K(908288K), 0.0027156 secs] [Times: user=0.01 sys=0.00, real=0.00 secs] 
974.527: [GC (Allocation Failure) [PSYoungGen: 351600K->1533K(343552K)] 635765K->286098K(900096K), 0.0019567 secs] [Times: user=0.01 sys=0.00, real=0.01 secs] 
977.944: [GC (Allocation Failure) [PSYoungGen: 343549K->1677K(336384K)] 628114K->286250K(892928K), 0.0016075 secs] [Times: user=0.01 sys=0.00, real=0.00 secs] 
979.886: [GC (Allocation Failure) [PSYoungGen: 336013K->1888K(329216K)] 620586K->286461K(885760K), 0.0023411 secs] [Times: user=0.01 sys=0.00, real=0.00 secs] 
981.804: [GC (Allocation Failure) [PSYoungGen: 329056K->1853K(322048K)] 613629K->286466K(878592K), 0.0017866 secs] [Times: user=0.01 sys=0.00, real=0.00 secs] 
984.407: [GC (Allocation Failure) [PSYoungGen: 321853K->1520K(314880K)] 606466K->286245K(871424K), 0.0022533 secs] [Times: user=0.01 sys=0.00, real=0.01 secs] 
986.407: [GC (Allocation Failure) [PSYoungGen: 314864K->1920K(308736K)] 599589K->286653K(865280K), 0.0020159 secs] [Times: user=0.01 sys=0.00, real=0.01 secs] 
989.100: [GC (Allocation Failure) [PSYoungGen: 308608K->1645K(302592K)] 593341K->286378K(859136K), 0.0015616 secs] [Times: user=0.01 sys=0.00, real=0.00 secs] 
992.131: [GC (Allocation Failure) [PSYoungGen: 302189K->1760K(296448K)] 586922K->286538K(852992K), 0.0037596 secs] [Times: user=0.01 sys=0.01, real=0.00 secs] 
994.780: [GC (Allocation Failure) [PSYoungGen: 296160K->1520K(289792K)] 580938K->286511K(846336K), 0.0017187 secs] [Times: user=0.01 sys=0.00, real=0.00 secs] 
996.161: [GC (Allocation Failure) [PSYoungGen: 289776K->1600K(284672K)] 574767K->286615K(841216K), 0.0025183 secs] [Times: user=0.01 sys=0.00, real=0.00 secs] 
998.064: [GC (Allocation Failure) [PSYoungGen: 284224K->1853K(279040K)] 569239K->286868K(835584K), 0.0018197 secs] [Times: user=0.01 sys=0.00, real=0.00 secs] 
999.821: [GC (Allocation Failure) [PSYoungGen: 278845K->1504K(272896K)] 563860K->286567K(829440K), 0.0026309 secs] [Times: user=0.01 sys=0.00, real=0.00 secs] 
1002.211: [GC (Allocation Failure) [PSYoungGen: 272864K->1853K(268288K)] 557927K->286932K(824832K), 0.0019534 secs] [Times: user=0.00 sys=0.01, real=0.00 secs] 
1004.222: [GC (Allocation Failure) [PSYoungGen: 268093K->1456K(262656K)] 553172K->286543K(819200K), 0.0020281 secs] [Times: user=0.00 sys=0.00, real=0.00 secs] 
1005.717: [GC (Allocation Failure) [PSYoungGen: 262576K->1869K(258048K)] 547663K->286964K(814592K), 0.0018356 secs] [Times: user=0.00 sys=0.00, real=0.00 secs] 
1006.883: [GC (Allocation Failure) [PSYoungGen: 257869K->1472K(252928K)] 542964K->286567K(809472K), 0.0022386 secs] [Times: user=0.01 sys=0.00, real=0.00 secs] 
1008.308: [GC (Allocation Failure) [PSYoungGen: 252864K->1840K(248832K)] 537959K->286935K(805376K), 0.0017887 secs] [Times: user=0.00 sys=0.00, real=0.01 secs] 
1010.666: [GC (Allocation Failure) [PSYoungGen: 248624K->1520K(243712K)] 533719K->286615K(800256K), 0.0022622 secs] [Times: user=0.01 sys=0.00, real=0.00 secs] 
1012.008: [GC (Allocation Failure) [PSYoungGen: 243696K->1773K(240128K)] 528791K->286868K(796672K), 0.0016931 secs] [Times: user=0.00 sys=0.00, real=0.01 secs] 
1013.912: [GC (Allocation Failure) [PSYoungGen: 239853K->1552K(236032K)] 524948K->286647K(792576K), 0.0025171 secs] [Times: user=0.01 sys=0.00, real=0.00 secs] 
1015.351: [GC (Allocation Failure) [PSYoungGen: 235536K->1517K(231424K)] 520631K->286716K(787968K), 0.0016417 secs] [Times: user=0.00 sys=0.00, real=0.00 secs] 
1017.478: [GC (Allocation Failure) [PSYoungGen: 231405K->1664K(227840K)] 516604K->286871K(784384K), 0.0067860 secs] [Times: user=0.02 sys=0.00, real=0.01 secs] 
1019.697: [GC (Allocation Failure) [PSYoungGen: 227456K->1533K(223744K)] 512663K->286740K(780288K), 0.0016494 secs] [Times: user=0.00 sys=0.00, real=0.01 secs] 
1020.973: [GC (Allocation Failure) [PSYoungGen: 223741K->1776K(220672K)] 508948K->286991K(777216K), 0.0022221 secs] [Times: user=0.01 sys=0.00, real=0.00 secs] 
1021.880: [GC (Allocation Failure) [PSYoungGen: 220400K->352K(215552K)] 505615K->286607K(772096K), 0.0015840 secs] [Times: user=0.01 sys=0.00, real=0.00 secs] 
1023.074: [GC (Allocation Failure) [PSYoungGen: 215392K->1741K(214016K)] 501647K->287996K(770560K), 0.0017794 secs] [Times: user=0.00 sys=0.00, real=0.00 secs] 
1024.091: [GC (Allocation Failure) [PSYoungGen: 213197K->1536K(209920K)] 499452K->287791K(766464K), 0.0017355 secs] [Times: user=0.00 sys=0.00, real=0.00 secs] 
1025.309: [GC (Allocation Failure) [PSYoungGen: 209408K->1597K(206848K)] 495663K->287852K(763392K), 0.0016975 secs] [Times: user=0.00 sys=0.00, real=0.00 secs] 
1026.517: [GC (Allocation Failure) [PSYoungGen: 206397K->1520K(203264K)] 492652K->287935K(759808K), 0.0021192 secs] [Times: user=0.00 sys=0.00, real=0.01 secs] 
1027.473: [GC (Allocation Failure) [PSYoungGen: 203248K->1344K(200192K)] 489663K->287759K(756736K), 0.0018314 secs] [Times: user=0.00 sys=0.00, real=0.00 secs] 
1028.666: [GC (Allocation Failure) [PSYoungGen: 200000K->1725K(197632K)] 486415K->288140K(754176K), 0.0017969 secs] [Times: user=0.00 sys=0.00, real=0.00 secs] 
1030.280: [GC (Allocation Failure) [PSYoungGen: 197309K->1520K(194048K)] 483724K->287935K(750592K), 0.0030598 secs] [Times: user=0.01 sys=0.00, real=0.00 secs] 
1031.719: [GC (Allocation Failure) [PSYoungGen: 194032K->1501K(190976K)] 480447K->287916K(747520K), 0.0015500 secs] [Times: user=0.00 sys=0.00, real=0.00 secs] 
1032.830: [GC (Allocation Failure) [PSYoungGen: 190941K->1837K(188928K)] 477356K->288252K(745472K), 0.0019581 secs] [Times: user=0.00 sys=0.00, real=0.00 secs] 
1033.700: [GC (Allocation Failure) [PSYoungGen: 188717K->496K(184832K)] 475132K->287935K(741376K), 0.0018812 secs] [Times: user=0.01 sys=0.01, real=0.00 secs] 
1034.609: [GC (Allocation Failure) [PSYoungGen: 184816K->1501K(184320K)] 472255K->288940K(740864K), 0.0016013 secs] [Times: user=0.01 sys=0.00, real=0.00 secs] 
1035.671: [GC (Allocation Failure) [PSYoungGen: 183261K->1741K(181248K)] 470700K->289180K(737792K), 0.0018802 secs] [Times: user=0.00 sys=0.00, real=0.00 secs] 
1036.427: [GC (Allocation Failure) [PSYoungGen: 180941K->1424K(187392K)] 468380K->288863K(743936K), 0.0035755 secs] [Times: user=0.01 sys=0.01, real=0.01 secs] 
1037.425: [GC (Allocation Failure) [PSYoungGen: 187280K->1533K(184832K)] 474719K->288980K(741376K), 0.0016861 secs] [Times: user=0.00 sys=0.00, real=0.00 secs] 
1038.839: [GC (Allocation Failure) [PSYoungGen: 184829K->2544K(183296K)] 472276K->290143K(739840K), 0.0033597 secs] [Times: user=0.01 sys=0.00, real=0.00 secs] 
1041.275: [GC (Allocation Failure) [PSYoungGen: 183280K->1408K(179712K)] 470879K->289015K(736256K), 0.0019450 secs] [Times: user=0.01 sys=0.00, real=0.00 secs] 
1042.307: [GC (Allocation Failure) [PSYoungGen: 179584K->1581K(177664K)] 467191K->289188K(734208K), 0.0016356 secs] [Times: user=0.00 sys=0.00, real=0.00 secs] 
1043.571: [GC (Allocation Failure) [PSYoungGen: 177197K->1648K(175104K)] 464804K->289255K(731648K), 0.0022729 secs] [Times: user=0.01 sys=0.00, real=0.00 secs] 
1045.056: [GC (Allocation Failure) [PSYoungGen: 174704K->1376K(172032K)] 462311K->288983K(728576K), 0.0020113 secs] [Times: user=0.00 sys=0.00, real=0.00 secs] 
1045.937: [GC (Allocation Failure) [PSYoungGen: 171872K->1533K(169984K)] 459479K->289140K(726528K), 0.0017408 secs] [Times: user=0.01 sys=0.00, real=0.00 secs] 
1047.380: [GC (Allocation Failure) [PSYoungGen: 169981K->2544K(168960K)] 457588K->290279K(725504K), 0.0027258 secs] [Times: user=0.01 sys=0.00, real=0.00 secs] 
1049.006: [GC (Allocation Failure) [PSYoungGen: 168944K->1344K(165888K)] 456679K->289087K(722432K), 0.0020208 secs] [Times: user=0.01 sys=0.00, real=0.00 secs] 
1050.549: [GC (Allocation Failure) [PSYoungGen: 165696K->1565K(164352K)] 453439K->289308K(720896K), 0.0015799 secs] [Times: user=0.00 sys=0.00, real=0.00 secs] 
1051.499: [GC (Allocation Failure) [PSYoungGen: 163869K->1805K(162304K)] 451612K->289548K(718848K), 0.0016669 secs] [Times: user=0.01 sys=0.00, real=0.00 secs] 
1052.272: [GC (Allocation Failure) [PSYoungGen: 162061K->1376K(159744K)] 449804K->289119K(716288K), 0.0018890 secs] [Times: user=0.01 sys=0.00, real=0.00 secs] 
1053.027: [GC (Allocation Failure) [PSYoungGen: 159584K->1392K(157696K)] 447327K->289135K(714240K), 0.0015252 secs] [Times: user=0.01 sys=0.00, real=0.00 secs] 
1053.938: [GC (Allocation Failure) [PSYoungGen: 157552K->1741K(156160K)] 445295K->289484K(712704K), 0.0018635 secs] [Times: user=0.01 sys=0.00, real=0.01 secs] 
1055.175: [GC (Allocation Failure) [PSYoungGen: 155853K->1488K(153600K)] 443596K->289231K(710144K), 0.0021945 secs] [Times: user=0.01 sys=0.00, real=0.00 secs] 
1055.957: [GC (Allocation Failure) [PSYoungGen: 153552K->1408K(151552K)] 441295K->289151K(708096K), 0.0019935 secs] [Times: user=0.01 sys=0.00, real=0.01 secs] 
1056.812: [GC (Allocation Failure) [PSYoungGen: 151424K->1581K(150528K)] 439167K->289340K(707072K), 0.0016530 secs] [Times: user=0.01 sys=0.00, real=0.00 secs] 
1057.913: [GC (Allocation Failure) [PSYoungGen: 150061K->2160K(149504K)] 437820K->289935K(706048K), 0.0028155 secs] [Times: user=0.01 sys=0.00, real=0.00 secs] 
1059.201: [GC (Allocation Failure) [PSYoungGen: 149104K->304K(145920K)] 436879K->289103K(702464K), 0.0019389 secs] [Times: user=0.01 sys=0.00, real=0.00 secs] 
1060.179: [GC (Allocation Failure) [PSYoungGen: 145712K->1485K(146432K)] 434511K->290292K(702976K), 0.0014552 secs] [Times: user=0.01 sys=0.01, real=0.00 secs] 
1061.014: [GC (Allocation Failure) [PSYoungGen: 145357K->1709K(144384K)] 434164K->290516K(700928K), 0.0017033 secs] [Times: user=0.01 sys=0.00, real=0.00 secs] 
1062.222: [GC (Allocation Failure) [PSYoungGen: 144045K->1520K(142336K)] 432852K->290327K(698880K), 0.0024190 secs] [Times: user=0.00 sys=0.00, real=0.00 secs] 
1062.933: [GC (Allocation Failure) [PSYoungGen: 142320K->1376K(140800K)] 431127K->290183K(697344K), 0.0019530 secs] [Times: user=0.01 sys=0.00, real=0.00 secs] 
1063.694: [GC (Allocation Failure) [PSYoungGen: 140640K->1501K(139264K)] 429447K->290308K(695808K), 0.0017602 secs] [Times: user=0.01 sys=0.00, real=0.00 secs] 
1064.501: [GC (Allocation Failure) [PSYoungGen: 139229K->1677K(138240K)] 428036K->290492K(694784K), 0.0018520 secs] [Times: user=0.00 sys=0.00, real=0.00 secs] 
1065.159: [GC (Allocation Failure) [PSYoungGen: 137869K->1488K(136192K)] 426684K->290303K(692736K), 0.0019647 secs] [Times: user=0.01 sys=0.00, real=0.00 secs] 
1065.719: [GC (Allocation Failure) [PSYoungGen: 136144K->1392K(142336K)] 424959K->290215K(698880K), 0.0027316 secs] [Times: user=0.02 sys=0.00, real=0.00 secs] 
1066.564: [GC (Allocation Failure) [PSYoungGen: 142192K->1629K(141312K)] 431015K->290452K(697856K), 0.0017335 secs] [Times: user=0.01 sys=0.00, real=0.00 secs] 
1067.396: [GC (Allocation Failure) [PSYoungGen: 140893K->1709K(139776K)] 429716K->290532K(696320K), 0.0017041 secs] [Times: user=0.01 sys=0.00, real=0.00 secs] 
1068.416: [GC (Allocation Failure) [PSYoungGen: 139437K->1440K(137728K)] 428260K->290263K(694272K), 0.0020107 secs] [Times: user=0.01 sys=0.00, real=0.00 secs] 
1069.471: [GC (Allocation Failure) [PSYoungGen: 137632K->1408K(136192K)] 426455K->290231K(692736K), 0.0018982 secs] [Times: user=0.01 sys=0.00, real=0.00 secs] 
1070.329: [GC (Allocation Failure) [PSYoungGen: 136064K->1616K(135168K)] 424887K->290439K(691712K), 0.0018950 secs] [Times: user=0.00 sys=0.00, real=0.00 secs] 
1071.107: [GC (Allocation Failure) [PSYoungGen: 134736K->701K(132608K)] 423559K->290548K(689152K), 0.0016939 secs] [Times: user=0.00 sys=0.00, real=0.01 secs] 
1071.693: [GC (Allocation Failure) [PSYoungGen: 132285K->1408K(132608K)] 422132K->291255K(689152K), 0.0016819 secs] [Times: user=0.01 sys=0.00, real=0.00 secs] 
1072.453: [GC (Allocation Failure) [PSYoungGen: 131456K->1376K(130048K)] 421303K->291239K(686592K), 0.0019223 secs] [Times: user=0.00 sys=0.00, real=0.00 secs] 
1073.363: [GC (Allocation Failure) [PSYoungGen: 129888K->1645K(129024K)] 419751K->291508K(685568K), 0.0018150 secs] [Times: user=0.00 sys=0.00, real=0.00 secs] 
1074.105: [GC (Allocation Failure) [PSYoungGen: 128621K->637K(126976K)] 418484K->291540K(683520K), 0.0016845 secs] [Times: user=0.01 sys=0.00, real=0.00 secs] 
1074.637: [GC (Allocation Failure) [PSYoungGen: 126589K->1408K(127488K)] 417492K->292311K(684032K), 0.0020325 secs] [Times: user=0.01 sys=0.00, real=0.01 secs] 
1075.227: [GC (Allocation Failure) [PSYoungGen: 126336K->1408K(131584K)] 417239K->292311K(688128K), 0.0020106 secs] [Times: user=0.00 sys=0.00, real=0.00 secs] 
1076.070: [GC (Allocation Failure) [PSYoungGen: 131456K->1613K(130560K)] 422359K->292516K(687104K), 0.0016650 secs] [Times: user=0.01 sys=0.00, real=0.00 secs] 
1076.823: [GC (Allocation Failure) [PSYoungGen: 130125K->656K(128000K)] 421028K->292583K(684544K), 0.0016730 secs] [Times: user=0.01 sys=0.00, real=0.00 secs] 
1077.437: [GC (Allocation Failure) [PSYoungGen: 127632K->1424K(128512K)] 419559K->293351K(685056K), 0.0014534 secs] [Times: user=0.01 sys=0.00, real=0.01 secs] 
1078.039: [GC (Allocation Failure) [PSYoungGen: 127376K->1344K(133120K)] 419303K->293271K(689664K), 0.0025126 secs] [Times: user=0.01 sys=0.00, real=0.01 secs] 
1078.761: [GC (Allocation Failure) [PSYoungGen: 132928K->1533K(131584K)] 424855K->293460K(688128K), 0.0016487 secs] [Times: user=0.01 sys=0.00, real=0.00 secs] 
1079.520: [GC (Allocation Failure) [PSYoungGen: 131581K->1517K(130048K)] 423508K->293604K(686592K), 0.0016751 secs] [Times: user=0.01 sys=0.00, real=0.00 secs] 
1080.159: [GC (Allocation Failure) [PSYoungGen: 130029K->1472K(128512K)] 422116K->293575K(685056K), 0.0016524 secs] [Times: user=0.00 sys=0.00, real=0.00 secs] 
1080.755: [GC (Allocation Failure) [PSYoungGen: 128448K->1376K(134144K)] 420551K->293479K(690688K), 0.0026798 secs] [Times: user=0.02 sys=0.00, real=0.00 secs] 
1081.738: [GC (Allocation Failure) [PSYoungGen: 133984K->1533K(132608K)] 426087K->293636K(689152K), 0.0016831 secs] [Times: user=0.01 sys=0.00, real=0.01 secs] 
1082.567: [GC (Allocation Failure) [PSYoungGen: 132605K->1533K(131072K)] 424708K->293764K(687616K), 0.0017628 secs] [Times: user=0.01 sys=0.00, real=0.00 secs] 
1083.182: [GC (Allocation Failure) [PSYoungGen: 131069K->1408K(129536K)] 423300K->293639K(686080K), 0.0021298 secs] [Times: user=0.00 sys=0.00, real=0.00 secs] 
1083.713: [GC (Allocation Failure) [PSYoungGen: 129408K->1344K(135168K)] 421639K->293575K(691712K), 0.0017746 secs] [Times: user=0.01 sys=0.00, real=0.00 secs] 
1084.419: [GC (Allocation Failure) [PSYoungGen: 134976K->1565K(134144K)] 427207K->293796K(690688K), 0.0016831 secs] [Times: user=0.00 sys=0.00, real=0.01 secs] 
1085.188: [GC (Allocation Failure) [PSYoungGen: 133661K->621K(131584K)] 425892K->293876K(688128K), 0.0017894 secs] [Times: user=0.01 sys=0.00, real=0.01 secs] 
1085.970: [GC (Allocation Failure) [PSYoungGen: 131181K->1440K(130560K)] 424436K->294695K(687104K), 0.0021459 secs] [Times: user=0.01 sys=0.00, real=0.00 secs] 
1086.617: [GC (Allocation Failure) [PSYoungGen: 130464K->1312K(129024K)] 423719K->294567K(685568K), 0.0020551 secs] [Times: user=0.01 sys=0.00, real=0.01 secs] 
1087.317: [GC (Allocation Failure) [PSYoungGen: 128800K->1549K(128000K)] 422055K->294804K(684544K), 0.0016536 secs] [Times: user=0.01 sys=0.00, real=0.01 secs] 
1088.058: [GC (Allocation Failure) [PSYoungGen: 127501K->653K(125952K)] 420756K->294932K(682496K), 0.0016592 secs] [Times: user=0.01 sys=0.00, real=0.01 secs] 
1089.335: [GC (Allocation Failure) [PSYoungGen: 125581K->1488K(125440K)] 419860K->295767K(681984K), 0.0020268 secs] [Times: user=0.01 sys=0.00, real=0.00 secs] 
1090.687: [GC (Allocation Failure) [PSYoungGen: 125392K->1376K(124416K)] 419671K->295655K(680960K), 0.0021205 secs] [Times: user=0.01 sys=0.00, real=0.01 secs] 
1092.072: [GC (Allocation Failure) [PSYoungGen: 124256K->1517K(123392K)] 418535K->295796K(679936K), 0.0018244 secs] [Times: user=0.01 sys=0.00, real=0.00 secs] 
1092.844: [GC (Allocation Failure) [PSYoungGen: 123373K->1517K(122368K)] 417652K->295948K(678912K), 0.0017156 secs] [Times: user=0.01 sys=0.00, real=0.00 secs] 
1093.627: [GC (Allocation Failure) [PSYoungGen: 122349K->1536K(121856K)] 416780K->295983K(678400K), 0.0028504 secs] [Times: user=0.01 sys=0.00, real=0.01 secs] 
1094.137: [GC (Allocation Failure) [PSYoungGen: 121344K->320K(119296K)] 415791K->295791K(675840K), 0.0019973 secs] [Times: user=0.01 sys=0.00, real=0.01 secs] 
1094.677: [GC (Allocation Failure) [PSYoungGen: 119104K->384K(120320K)] 414575K->295855K(676864K), 0.0019447 secs] [Times: user=0.00 sys=0.00, real=0.01 secs] 
1095.377: [GC (Allocation Failure) [PSYoungGen: 118144K->1677K(118784K)] 413615K->297148K(675328K), 0.0016079 secs] [Times: user=0.00 sys=0.00, real=0.00 secs] 
1096.062: [GC (Allocation Failure) [PSYoungGen: 118413K->1613K(117760K)] 413884K->297084K(674304K), 0.0017928 secs] [Times: user=0.01 sys=0.00, real=0.00 secs] 
1096.644: [GC (Allocation Failure) [PSYoungGen: 117325K->1408K(116224K)] 412796K->296879K(672768K), 0.0018185 secs] [Times: user=0.01 sys=0.00, real=0.00 secs] 
1097.124: [GC (Allocation Failure) [PSYoungGen: 116096K->1376K(121856K)] 411567K->296847K(678400K), 0.0024224 secs] [Times: user=0.01 sys=0.00, real=0.00 secs] 
1097.768: [GC (Allocation Failure) [PSYoungGen: 121696K->1520K(127488K)] 417167K->296999K(684032K), 0.0015487 secs] [Times: user=0.00 sys=0.00, real=0.01 secs] 
1098.509: [GC (Allocation Failure) [PSYoungGen: 127472K->1693K(126976K)] 422951K->297172K(683520K), 0.0018734 secs] [Times: user=0.01 sys=0.00, real=0.00 secs] 
1100.448: [GC (Allocation Failure) [PSYoungGen: 126621K->1472K(125440K)] 422100K->296951K(681984K), 0.0030217 secs] [Times: user=0.01 sys=0.00, real=0.01 secs] 
1101.477: [GC (Allocation Failure) [PSYoungGen: 125376K->1376K(124416K)] 420855K->296863K(680960K), 0.0026643 secs] [Times: user=0.01 sys=0.00, real=0.01 secs] 
1102.477: [GC (Allocation Failure) [PSYoungGen: 124238K->1424K(123392K)] 419725K->296919K(679936K), 0.0016289 secs] [Times: user=0.00 sys=0.00, real=0.01 secs] 
1103.191: [GC (Allocation Failure) [PSYoungGen: 123280K->1693K(122880K)] 418775K->297196K(679424K), 0.0017462 secs] [Times: user=0.00 sys=0.00, real=0.00 secs] 
1103.912: [GC (Allocation Failure) [PSYoungGen: 122525K->1600K(121856K)] 418028K->297103K(678400K), 0.0018873 secs] [Times: user=0.00 sys=0.00, real=0.00 secs] 
1104.895: [GC (Allocation Failure) [PSYoungGen: 121408K->1376K(120320K)] 416911K->296879K(676864K), 0.0022485 secs] [Times: user=0.01 sys=0.00, real=0.00 secs] 
1105.868: [GC (Allocation Failure) [PSYoungGen: 120160K->1376K(119296K)] 415663K->296879K(675840K), 0.0021084 secs] [Times: user=0.01 sys=0.00, real=0.01 secs] 
1106.678: [GC (Allocation Failure) [PSYoungGen: 119136K->1661K(118784K)] 414639K->297164K(675328K), 0.0017264 secs] [Times: user=0.00 sys=0.00, real=0.01 secs] 
1107.374: [GC (Allocation Failure) [PSYoungGen: 118397K->589K(116736K)] 413900K->297116K(673280K), 0.0018570 secs] [Times: user=0.01 sys=0.00, real=0.00 secs] 
1107.927: [GC (Allocation Failure) [PSYoungGen: 116301K->1424K(116224K)] 412828K->297951K(672768K), 0.0017147 secs] [Times: user=0.01 sys=0.00, real=0.01 secs] 
1108.843: [GC (Allocation Failure) [PSYoungGen: 116112K->1344K(115200K)] 412639K->297871K(671744K), 0.0019158 secs] [Times: user=0.01 sys=0.00, real=0.00 secs] 
1109.853: [GC (Allocation Failure) [PSYoungGen: 115008K->1520K(114176K)] 411535K->298047K(670720K), 0.0018616 secs] [Times: user=0.01 sys=0.00, real=0.00 secs] 
1110.509: [GC (Allocation Failure) [PSYoungGen: 114160K->1533K(113152K)] 410687K->298196K(669696K), 0.0016645 secs] [Times: user=0.00 sys=0.00, real=0.00 secs] 
1111.204: [GC (Allocation Failure) [PSYoungGen: 113149K->1552K(112640K)] 409812K->299239K(669184K), 0.0019540 secs] [Times: user=0.00 sys=0.00, real=0.00 secs] 
1111.681: [GC (Allocation Failure) [PSYoungGen: 112144K->352K(110080K)] 409831K->298039K(666624K), 0.0016690 secs] [Times: user=0.01 sys=0.00, real=0.00 secs] 
1112.357: [GC (Allocation Failure) [PSYoungGen: 109920K->352K(111104K)] 407607K->298047K(667648K), 0.0019695 secs] [Times: user=0.01 sys=0.00, real=0.01 secs] 
1113.142: [GC (Allocation Failure) [PSYoungGen: 108896K->1549K(109568K)] 406591K->299244K(666112K), 0.0016745 secs] [Times: user=0.01 sys=0.00, real=0.00 secs] 
1113.768: [GC (Allocation Failure) [PSYoungGen: 109069K->1677K(108544K)] 406764K->299372K(665088K), 0.0019514 secs] [Times: user=0.00 sys=0.00, real=0.01 secs] 
1114.394: [GC (Allocation Failure) [PSYoungGen: 108173K->1504K(107008K)] 405868K->299231K(663552K), 0.0020629 secs] [Times: user=0.01 sys=0.01, real=0.00 secs] 
1114.833: [GC (Allocation Failure) [PSYoungGen: 106976K->1408K(105984K)] 404703K->299135K(662528K), 0.0018006 secs] [Times: user=0.00 sys=0.00, real=0.00 secs] 
1115.267: [GC (Allocation Failure) [PSYoungGen: 105856K->1344K(111616K)] 403583K->299071K(668160K), 0.0024780 secs] [Times: user=0.01 sys=0.00, real=0.01 secs] 
1115.914: [GC (Allocation Failure) [PSYoungGen: 111424K->1533K(117248K)] 409151K->299260K(673792K), 0.0017169 secs] [Times: user=0.01 sys=0.00, real=0.00 secs] 
1116.589: [GC (Allocation Failure) [PSYoungGen: 117245K->1693K(123392K)] 414972K->299420K(679936K), 0.0017640 secs] [Times: user=0.00 sys=0.00, real=0.00 secs] 
1117.208: [GC (Allocation Failure) [PSYoungGen: 123037K->1488K(128512K)] 420764K->299215K(685056K), 0.0020471 secs] [Times: user=0.01 sys=0.00, real=0.01 secs] 
1117.736: [GC (Allocation Failure) [PSYoungGen: 128464K->1360K(134656K)] 426191K->299087K(691200K), 0.0017175 secs] [Times: user=0.00 sys=0.00, real=0.00 secs] 
1118.391: [GC (Allocation Failure) [PSYoungGen: 134480K->1520K(133120K)] 432207K->299247K(689664K), 0.0014856 secs] [Times: user=0.01 sys=0.00, real=0.00 secs] 
1119.166: [GC (Allocation Failure) [PSYoungGen: 133104K->1645K(132096K)] 430831K->299372K(688640K), 0.0017656 secs] [Times: user=0.01 sys=0.00, real=0.00 secs] 
1120.139: [GC (Allocation Failure) [PSYoungGen: 131693K->1536K(130560K)] 429420K->299287K(687104K), 0.0023737 secs] [Times: user=0.00 sys=0.00, real=0.00 secs] 
1121.386: [GC (Allocation Failure) [PSYoungGen: 130048K->1376K(128512K)] 427799K->299127K(685056K), 0.0023420 secs] [Times: user=0.01 sys=0.00, real=0.00 secs] 
1122.731: [GC (Allocation Failure) [PSYoungGen: 128352K->1437K(127488K)] 426103K->299188K(684032K), 0.0015866 secs] [Times: user=0.01 sys=0.00, real=0.00 secs] 
1123.460: [GC (Allocation Failure) [PSYoungGen: 127389K->1533K(126464K)] 425140K->299436K(683008K), 0.0017018 secs] [Times: user=0.01 sys=0.00, real=0.00 secs] 
1124.368: [GC (Allocation Failure) [PSYoungGen: 126461K->1552K(125952K)] 424364K->299455K(682496K), 0.0032090 secs] [Times: user=0.01 sys=0.00, real=0.01 secs] 
1125.314: [GC (Allocation Failure) [PSYoungGen: 125456K->352K(123392K)] 423359K->299279K(679936K), 0.0026174 secs] [Times: user=0.01 sys=0.00, real=0.00 secs] 
1126.019: [GC (Allocation Failure) [PSYoungGen: 123232K->1469K(124416K)] 422159K->300396K(680960K), 0.0018126 secs] [Times: user=0.01 sys=0.00, real=0.01 secs] 
1126.743: [GC (Allocation Failure) [PSYoungGen: 123325K->1712K(122880K)] 422252K->300639K(679424K), 0.0018440 secs] [Times: user=0.00 sys=0.00, real=0.00 secs] 
1127.512: [GC (Allocation Failure) [PSYoungGen: 122544K->2128K(122368K)] 421471K->301055K(678912K), 0.0022465 secs] [Times: user=0.00 sys=0.00, real=0.00 secs] 
1128.703: [GC (Allocation Failure) [PSYoungGen: 121936K->352K(119296K)] 420863K->300303K(675840K), 0.0041832 secs] [Times: user=0.01 sys=0.00, real=0.00 secs] 
1129.390: [GC (Allocation Failure) [PSYoungGen: 119136K->384K(120320K)] 419087K->300335K(676864K), 0.0019107 secs] [Times: user=0.01 sys=0.00, real=0.00 secs] 
1130.050: [GC (Allocation Failure) [PSYoungGen: 118144K->1613K(118784K)] 418095K->301564K(675328K), 0.0016447 secs] [Times: user=0.01 sys=0.00, real=0.00 secs] 
1130.735: [GC (Allocation Failure) [PSYoungGen: 118349K->1693K(117760K)] 418300K->301644K(674304K), 0.0017708 secs] [Times: user=0.01 sys=0.00, real=0.00 secs] 
1131.709: [GC (Allocation Failure) [PSYoungGen: 117405K->1488K(116224K)] 417356K->301439K(672768K), 0.0024725 secs] [Times: user=0.01 sys=0.00, real=0.00 secs] 
1132.692: [GC (Allocation Failure) [PSYoungGen: 116176K->1408K(115200K)] 416127K->301359K(671744K), 0.0023941 secs] [Times: user=0.01 sys=0.00, real=0.00 secs] 
1133.628: [GC (Allocation Failure) [PSYoungGen: 115068K->1469K(114176K)] 415019K->301420K(670720K), 0.0015941 secs] [Times: user=0.01 sys=0.00, real=0.01 secs] 
1134.283: [GC (Allocation Failure) [PSYoungGen: 114109K->1613K(113664K)] 414060K->301572K(670208K), 0.0017161 secs] [Times: user=0.01 sys=0.00, real=0.00 secs] 
1134.930: [GC (Allocation Failure) [PSYoungGen: 113229K->1680K(112640K)] 413188K->301639K(669184K), 0.0017889 secs] [Times: user=0.00 sys=0.00, real=0.00 secs] 
1135.414: [GC (Allocation Failure) [PSYoungGen: 112272K->1376K(111104K)] 412231K->301335K(667648K), 0.0017771 secs] [Times: user=0.00 sys=0.01, real=0.00 secs] 
1135.918: [GC (Allocation Failure) [PSYoungGen: 110944K->1376K(110080K)] 410903K->301335K(666624K), 0.0017860 secs] [Times: user=0.01 sys=0.00, real=0.01 secs] 
1136.500: [GC (Allocation Failure) [PSYoungGen: 109920K->1533K(109056K)] 409879K->301492K(665600K), 0.0015387 secs] [Times: user=0.00 sys=0.00, real=0.00 secs] 
1137.127: [GC (Allocation Failure) [PSYoungGen: 109053K->1648K(108544K)] 409012K->301607K(665088K), 0.0017675 secs] [Times: user=0.01 sys=0.00, real=0.00 secs] 
1137.796: [GC (Allocation Failure) [PSYoungGen: 108144K->2544K(108032K)] 408103K->302519K(664576K), 0.0022702 secs] [Times: user=0.01 sys=0.00, real=0.00 secs] 
1138.267: [GC (Allocation Failure) [PSYoungGen: 108016K->320K(104960K)] 407991K->301319K(661504K), 0.0019609 secs] [Times: user=0.01 sys=0.00, real=0.01 secs] 
1138.714: [GC (Allocation Failure) [PSYoungGen: 104768K->352K(112640K)] 405767K->301351K(669184K), 0.0018962 secs] [Times: user=0.00 sys=0.00, real=0.00 secs] 
1139.386: [GC (Allocation Failure) [PSYoungGen: 109920K->1517K(110080K)] 410919K->302516K(666624K), 0.0016771 secs] [Times: user=0.01 sys=0.00, real=0.00 secs] 
1140.024: [GC (Allocation Failure) [PSYoungGen: 110061K->1712K(109568K)] 411060K->302711K(666112K), 0.0017168 secs] [Times: user=0.01 sys=0.00, real=0.00 secs] 
1140.662: [GC (Allocation Failure) [PSYoungGen: 109232K->1552K(108544K)] 410231K->302559K(665088K), 0.0022816 secs] [Times: user=0.00 sys=0.00, real=0.00 secs] 
1141.104: [GC (Allocation Failure) [PSYoungGen: 108048K->1344K(113152K)] 409055K->302351K(669696K), 0.0019829 secs] [Times: user=0.01 sys=0.00, real=0.00 secs] 
1141.568: [GC (Allocation Failure) [PSYoungGen: 112960K->1360K(118784K)] 413967K->302367K(675328K), 0.0019774 secs] [Times: user=0.00 sys=0.00, real=0.01 secs] 
1142.228: [GC (Allocation Failure) [PSYoungGen: 118608K->1645K(118272K)] 419615K->302652K(674816K), 0.0017729 secs] [Times: user=0.01 sys=0.00, real=0.01 secs] 
1142.907: [GC (Allocation Failure) [PSYoungGen: 117869K->1661K(117248K)] 418876K->302668K(673792K), 0.0017104 secs] [Times: user=0.00 sys=0.00, real=0.00 secs] 
1143.456: [GC (Allocation Failure) [PSYoungGen: 116861K->1472K(115712K)] 417868K->302479K(672256K), 0.0016249 secs] [Times: user=0.00 sys=0.00, real=0.00 secs] 
1143.929: [GC (Allocation Failure) [PSYoungGen: 115648K->1376K(114688K)] 416655K->302383K(671232K), 0.0015625 secs] [Times: user=0.01 sys=0.00, real=0.00 secs] 
1144.457: [GC (Allocation Failure) [PSYoungGen: 114528K->1424K(113664K)] 415535K->302431K(670208K), 0.0016811 secs] [Times: user=0.00 sys=0.00, real=0.01 secs] 
1145.111: [GC (Allocation Failure) [PSYoungGen: 113552K->1661K(113152K)] 414559K->302668K(669696K), 0.0017371 secs] [Times: user=0.01 sys=0.00, real=0.00 secs] 
1145.758: [GC (Allocation Failure) [PSYoungGen: 112765K->1648K(112128K)] 413772K->302655K(668672K), 0.0018547 secs] [Times: user=0.01 sys=0.00, real=0.01 secs] 
1147.135: [GC (Allocation Failure) [PSYoungGen: 111728K->1424K(110592K)] 412735K->302431K(667136K), 0.0023370 secs] [Times: user=0.01 sys=0.00, real=0.00 secs] 
1147.636: [GC (Allocation Failure) [PSYoungGen: 110480K->1344K(109568K)] 411487K->302367K(666112K), 0.0020493 secs] [Times: user=0.00 sys=0.00, real=0.00 secs] 
1148.260: [GC (Allocation Failure) [PSYoungGen: 109376K->1501K(108544K)] 410399K->302524K(665088K), 0.0016279 secs] [Times: user=0.00 sys=0.00, real=0.00 secs] 
1148.887: [GC (Allocation Failure) [PSYoungGen: 108509K->1661K(108032K)] 409532K->302684K(664576K), 0.0017400 secs] [Times: user=0.01 sys=0.00, real=0.00 secs] 
1149.549: [GC (Allocation Failure) [PSYoungGen: 107645K->992K(105984K)] 408668K->303095K(662528K), 0.0019054 secs] [Times: user=0.01 sys=0.00, real=0.00 secs] 
1150.020: [GC (Allocation Failure) [PSYoungGen: 105952K->320K(104448K)] 408055K->302447K(660992K), 0.0016807 secs] [Times: user=0.01 sys=0.00, real=0.00 secs] 
1150.489: [GC (Allocation Failure) [PSYoungGen: 104256K->352K(103424K)] 406383K->302479K(659968K), 0.0023395 secs] [Times: user=0.01 sys=0.00, real=0.00 secs] 
1151.032: [GC (Allocation Failure) [PSYoungGen: 103264K->1501K(104448K)] 405391K->303628K(660992K), 0.0015855 secs] [Times: user=0.01 sys=0.00, real=0.00 secs] 
1151.629: [GC (Allocation Failure) [PSYoungGen: 103389K->1629K(102912K)] 405516K->303756K(659456K), 0.0016411 secs] [Times: user=0.00 sys=0.00, real=0.01 secs] 
1152.219: [GC (Allocation Failure) [PSYoungGen: 102493K->1661K(102400K)] 404620K->303788K(658944K), 0.0016718 secs] [Times: user=0.01 sys=0.00, real=0.00 secs] 
1152.683: [GC (Allocation Failure) [PSYoungGen: 102013K->1408K(101376K)] 404140K->303535K(657920K), 0.0016198 secs] [Times: user=0.00 sys=0.00, real=0.00 secs] 
1153.097: [GC (Allocation Failure) [PSYoungGen: 101248K->1376K(100864K)] 403375K->303503K(657408K), 0.0017214 secs] [Times: user=0.01 sys=0.00, real=0.01 secs] 
1153.545: [GC (Allocation Failure) [PSYoungGen: 100704K->1501K(100352K)] 402831K->303628K(656896K), 0.0015201 secs] [Times: user=0.01 sys=0.00, real=0.00 secs] 
1154.123: [GC (Allocation Failure) [PSYoungGen: 100317K->1629K(100352K)] 402444K->303756K(656896K), 0.0017200 secs] [Times: user=0.01 sys=0.00, real=0.00 secs] 
1154.699: [GC (Allocation Failure) [PSYoungGen: 99933K->1597K(99840K)] 402060K->303724K(656384K), 0.0015681 secs] [Times: user=0.00 sys=0.00, real=0.00 secs] 
1155.415: [GC (Allocation Failure) [PSYoungGen: 99389K->1424K(98816K)] 401516K->303551K(655360K), 0.0020725 secs] [Times: user=0.01 sys=0.00, real=0.00 secs] 
1156.227: [GC (Allocation Failure) [PSYoungGen: 98704K->1408K(98304K)] 400831K->303535K(654848K), 0.0018521 secs] [Times: user=0.01 sys=0.00, real=0.01 secs] 
1156.869: [GC (Allocation Failure) [PSYoungGen: 98176K->1376K(97792K)] 400303K->303503K(654336K), 0.0021736 secs] [Times: user=0.00 sys=0.00, real=0.01 secs] 
1157.518: [GC (Allocation Failure) [PSYoungGen: 97632K->1533K(97280K)] 399759K->303692K(653824K), 0.0015762 secs] [Times: user=0.01 sys=0.00, real=0.01 secs] 
1158.084: [GC (Allocation Failure) [PSYoungGen: 97277K->1565K(97280K)] 399436K->303724K(653824K), 0.0017062 secs] [Times: user=0.01 sys=0.00, real=0.00 secs] 
1158.641: [GC (Allocation Failure) [PSYoungGen: 96797K->432K(95232K)] 398956K->303623K(651776K), 0.0021095 secs] [Times: user=0.01 sys=0.00, real=0.00 secs] 
1159.196: [GC (Allocation Failure) [PSYoungGen: 95152K->320K(96768K)] 398343K->303527K(653312K), 0.0018160 secs] [Times: user=0.01 sys=0.00, real=0.00 secs] 
1159.938: [GC (Allocation Failure) [PSYoungGen: 94528K->400K(94208K)] 397735K->303607K(650752K), 0.0021444 secs] [Times: user=0.01 sys=0.00, real=0.01 secs] 
1160.716: [GC (Allocation Failure) [PSYoungGen: 94096K->1469K(95744K)] 397303K->304676K(652288K), 0.0015706 secs] [Times: user=0.01 sys=0.00, real=0.00 secs] 
1161.259: [GC (Allocation Failure) [PSYoungGen: 94653K->1597K(94720K)] 397860K->304804K(651264K), 0.0017108 secs] [Times: user=0.01 sys=0.00, real=0.00 secs] 
1161.802: [GC (Allocation Failure) [PSYoungGen: 94269K->1613K(94208K)] 397476K->304820K(650752K), 0.0016785 secs] [Times: user=0.00 sys=0.00, real=0.00 secs] 
1162.276: [GC (Allocation Failure) [PSYoungGen: 93773K->1456K(93184K)] 396980K->304663K(649728K), 0.0018106 secs] [Times: user=0.01 sys=0.00, real=0.00 secs] 
1162.942: [GC (Allocation Failure) [PSYoungGen: 93104K->1344K(92672K)] 396311K->304551K(649216K), 0.0017678 secs] [Times: user=0.01 sys=0.00, real=0.00 secs] 
1163.700: [GC (Allocation Failure) [PSYoungGen: 92480K->1376K(92160K)] 395687K->304583K(648704K), 0.0027974 secs] [Times: user=0.01 sys=0.00, real=0.00 secs] 
1164.372: [GC (Allocation Failure) [PSYoungGen: 92000K->1488K(91648K)] 395207K->304695K(648192K), 0.0015334 secs] [Times: user=0.00 sys=0.00, real=0.00 secs] 
1164.895: [GC (Allocation Failure) [PSYoungGen: 91600K->1613K(91648K)] 394807K->304820K(648192K), 0.0016642 secs] [Times: user=0.01 sys=0.00, real=0.00 secs] 
1165.419: [GC (Allocation Failure) [PSYoungGen: 91213K->1581K(91136K)] 394420K->304788K(647680K), 0.0017429 secs] [Times: user=0.01 sys=0.00, real=0.00 secs] 
1166.141: [GC (Allocation Failure) [PSYoungGen: 90669K->1408K(90112K)] 393876K->304623K(646656K), 0.0027330 secs] [Times: user=0.01 sys=0.00, real=0.00 secs] 
1166.895: [GC (Allocation Failure) [PSYoungGen: 89984K->1376K(89600K)] 393199K->304591K(646144K), 0.0020418 secs] [Times: user=0.01 sys=0.01, real=0.00 secs] 
1167.598: [GC (Allocation Failure) [PSYoungGen: 89440K->1376K(89088K)] 392655K->304591K(645632K), 0.0020905 secs] [Times: user=0.01 sys=0.00, real=0.01 secs] 
1168.083: [GC (Allocation Failure) [PSYoungGen: 88928K->1501K(88576K)] 392143K->304724K(645120K), 0.0016988 secs] [Times: user=0.00 sys=0.00, real=0.00 secs] 
1168.587: [GC (Allocation Failure) [PSYoungGen: 88541K->1533K(88064K)] 391764K->304796K(644608K), 0.0016602 secs] [Times: user=0.01 sys=0.00, real=0.01 secs] 
1169.093: [GC (Allocation Failure) [PSYoungGen: 88061K->1597K(88064K)] 391324K->304884K(644608K), 0.0017200 secs] [Times: user=0.01 sys=0.00, real=0.00 secs] 
1169.537: [GC (Allocation Failure) [PSYoungGen: 87613K->384K(86016K)] 390900K->304703K(642560K), 0.0017665 secs] [Times: user=0.01 sys=0.00, real=0.00 secs] 
1169.892: [GC (Allocation Failure) [PSYoungGen: 85888K->352K(92672K)] 390207K->304671K(649216K), 0.0016108 secs] [Times: user=0.00 sys=0.00, real=0.00 secs] 
1170.265: [GC (Allocation Failure) [PSYoungGen: 90464K->384K(95744K)] 394783K->304703K(652288K), 0.0018889 secs] [Times: user=0.01 sys=0.00, real=0.00 secs] 
1170.788: [GC (Allocation Failure) [PSYoungGen: 95616K->1613K(102912K)] 399935K->305940K(659456K), 0.0015376 secs] [Times: user=0.00 sys=0.00, real=0.01 secs] 
1171.372: [GC (Allocation Failure) [PSYoungGen: 101965K->1648K(101888K)] 406292K->305975K(658432K), 0.0017635 secs] [Times: user=0.01 sys=0.00, real=0.00 secs] 
1171.950: [GC (Allocation Failure) [PSYoungGen: 101488K->1600K(101376K)] 405815K->305935K(657920K), 0.0018911 secs] [Times: user=0.01 sys=0.00, real=0.00 secs] 
1172.363: [GC (Allocation Failure) [PSYoungGen: 100928K->1440K(100352K)] 405263K->305775K(656896K), 0.0016206 secs] [Times: user=0.01 sys=0.00, real=0.00 secs] 
1172.773: [GC (Allocation Failure) [PSYoungGen: 100256K->1408K(105984K)] 404591K->305743K(662528K), 0.0027904 secs] [Times: user=0.01 sys=0.01, real=0.00 secs] 
1173.610: [GC (Allocation Failure) [PSYoungGen: 105856K->1581K(112128K)] 410191K->305916K(668672K), 0.0016343 secs] [Times: user=0.01 sys=0.00, real=0.00 secs] 
1174.256: [GC (Allocation Failure) [PSYoungGen: 111661K->1645K(111104K)] 415996K->305996K(667648K), 0.0017132 secs] [Times: user=0.01 sys=0.00, real=0.00 secs] 
1174.991: [GC (Allocation Failure) [PSYoungGen: 110701K->1504K(109568K)] 415052K->306943K(666112K), 0.0021515 secs] [Times: user=0.01 sys=0.00, real=0.00 secs] 
1175.903: [GC (Allocation Failure) [PSYoungGen: 109536K->368K(107520K)] 414975K->305807K(664064K), 0.0024597 secs] [Times: user=0.01 sys=0.00, real=0.00 secs] 
1176.385: [GC (Allocation Failure) [PSYoungGen: 107376K->384K(106496K)] 412815K->305823K(663040K), 0.0020181 secs] [Times: user=0.01 sys=0.00, real=0.00 secs] 
1177.023: [GC (Allocation Failure) [PSYoungGen: 106368K->1552K(108032K)] 411807K->306991K(664576K), 0.0016119 secs] [Times: user=0.01 sys=0.00, real=0.00 secs] 
1177.633: [GC (Allocation Failure) [PSYoungGen: 106512K->1549K(105984K)] 411951K->306988K(662528K), 0.0017280 secs] [Times: user=0.00 sys=0.00, real=0.00 secs] 
1178.256: [GC (Allocation Failure) [PSYoungGen: 105485K->1552K(104960K)] 410924K->306999K(661504K), 0.0020813 secs] [Times: user=0.01 sys=0.00, real=0.00 secs] 
1178.715: [GC (Allocation Failure) [PSYoungGen: 104464K->1360K(103424K)] 409911K->306807K(659968K), 0.0016821 secs] [Times: user=0.01 sys=0.00, real=0.00 secs] 
1179.138: [GC (Allocation Failure) [PSYoungGen: 103248K->1376K(102400K)] 408695K->306839K(658944K), 0.0018431 secs] [Times: user=0.01 sys=0.00, real=0.01 secs] 
1179.670: [GC (Allocation Failure) [PSYoungGen: 102240K->1488K(101888K)] 407703K->306951K(658432K), 0.0016809 secs] [Times: user=0.01 sys=0.00, real=0.00 secs] 
1180.271: [GC (Allocation Failure) [PSYoungGen: 101840K->1597K(101888K)] 407303K->307060K(658432K), 0.0018427 secs] [Times: user=0.00 sys=0.00, real=0.00 secs] 
1180.881: [GC (Allocation Failure) [PSYoungGen: 101437K->1616K(101376K)] 406900K->307087K(657920K), 0.0019347 secs] [Times: user=0.00 sys=0.00, real=0.00 secs] 
1181.756: [GC (Allocation Failure) [PSYoungGen: 100944K->1376K(100352K)] 406415K->306847K(656896K), 0.0026364 secs] [Times: user=0.01 sys=0.00, real=0.01 secs] 
1182.385: [GC (Allocation Failure) [PSYoungGen: 100192K->1328K(99840K)] 405663K->306799K(656384K), 0.0019627 secs] [Times: user=0.00 sys=0.00, real=0.00 secs] 
1183.201: [GC (Allocation Failure) [PSYoungGen: 99632K->1469K(99328K)] 405103K->306940K(655872K), 0.0017612 secs] [Times: user=0.01 sys=0.00, real=0.00 secs] 
1183.776: [GC (Allocation Failure) [PSYoungGen: 99261K->1661K(99328K)] 404732K->307132K(655872K), 0.0015584 secs] [Times: user=0.01 sys=0.00, real=0.00 secs] 
1184.348: [GC (Allocation Failure) [PSYoungGen: 98941K->1613K(98816K)] 404412K->307108K(655360K), 0.0018166 secs] [Times: user=0.01 sys=0.00, real=0.01 secs] 
1184.886: [GC (Allocation Failure) [PSYoungGen: 98381K->1424K(97792K)] 403876K->306919K(654336K), 0.0018641 secs] [Times: user=0.00 sys=0.00, real=0.00 secs] 
1185.317: [GC (Allocation Failure) [PSYoungGen: 97680K->1312K(97280K)] 403175K->306807K(653824K), 0.0018999 secs] [Times: user=0.01 sys=0.00, real=0.01 secs] 
1185.899: [GC (Allocation Failure) [PSYoungGen: 97056K->1344K(96768K)] 402551K->306839K(653312K), 0.0020466 secs] [Times: user=0.01 sys=0.00, real=0.00 secs] 
1186.551: [GC (Allocation Failure) [PSYoungGen: 96576K->1581K(96768K)] 402071K->307076K(653312K), 0.0016381 secs] [Times: user=0.01 sys=0.00, real=0.00 secs] 
1187.103: [GC (Allocation Failure) [PSYoungGen: 96301K->592K(95232K)] 401796K->307111K(651776K), 0.0017039 secs] [Times: user=0.00 sys=0.00, real=0.00 secs] 
1187.792: [GC (Allocation Failure) [PSYoungGen: 94800K->2528K(96256K)] 401319K->309047K(652800K), 0.0020781 secs] [Times: user=0.00 sys=0.00, real=0.00 secs] 
1188.891: [GC (Allocation Failure) [PSYoungGen: 96224K->1376K(94720K)] 402743K->307895K(651264K), 0.0021419 secs] [Times: user=0.01 sys=0.00, real=0.00 secs] 
1190.201: [GC (Allocation Failure) [PSYoungGen: 94560K->1344K(94208K)] 401079K->307863K(650752K), 0.0063206 secs] [Times: user=0.02 sys=0.00, real=0.00 secs] 
1191.831: [GC (Allocation Failure) [PSYoungGen: 94016K->1456K(93696K)] 400535K->307983K(650240K), 0.0021293 secs] [Times: user=0.00 sys=0.00, real=0.00 secs] 
1192.395: [GC (Allocation Failure) [PSYoungGen: 93616K->1613K(93696K)] 400143K->308140K(650240K), 0.0016939 secs] [Times: user=0.01 sys=0.00, real=0.00 secs] 
1192.932: [GC (Allocation Failure) [PSYoungGen: 93261K->1613K(93184K)] 399788K->308140K(649728K), 0.0016591 secs] [Times: user=0.01 sys=0.00, real=0.00 secs] 
1193.449: [GC (Allocation Failure) [PSYoungGen: 92749K->1440K(92160K)] 399276K->307967K(648704K), 0.0020849 secs] [Times: user=0.01 sys=0.00, real=0.00 secs] 
1194.352: [GC (Allocation Failure) [PSYoungGen: 92064K->1344K(91648K)] 398591K->307871K(648192K), 0.0039244 secs] [Times: user=0.01 sys=0.00, real=0.00 secs] 
1195.273: [GC (Allocation Failure) [PSYoungGen: 91456K->1376K(91136K)] 397983K->307903K(647680K), 0.0033497 secs] [Times: user=0.01 sys=0.00, real=0.00 secs] 
1196.480: [GC (Allocation Failure) [PSYoungGen: 90976K->1549K(91136K)] 397503K->308084K(647680K), 0.0016176 secs] [Times: user=0.01 sys=0.00, real=0.00 secs] 
1197.002: [GC (Allocation Failure) [PSYoungGen: 90637K->1584K(90624K)] 397172K->308119K(647168K), 0.0017357 secs] [Times: user=0.01 sys=0.00, real=0.00 secs] 
1197.520: [GC (Allocation Failure) [PSYoungGen: 90160K->493K(88576K)] 396695K->308100K(645120K), 0.0016875 secs] [Times: user=0.01 sys=0.00, real=0.00 secs] 
1197.961: [GC (Allocation Failure) [PSYoungGen: 88557K->1424K(89600K)] 396164K->309031K(646144K), 0.0018004 secs] [Times: user=0.00 sys=0.00, real=0.00 secs] 
1198.324: [GC (Allocation Failure) [PSYoungGen: 88976K->1376K(88576K)] 396583K->308983K(645120K), 0.0016692 secs] [Times: user=0.00 sys=0.00, real=0.00 secs] 
1198.685: [GC (Allocation Failure) [PSYoungGen: 88416K->1376K(93184K)] 396023K->308983K(649728K), 0.0016406 secs] [Times: user=0.01 sys=0.00, real=0.00 secs] 
1199.145: [GC (Allocation Failure) [PSYoungGen: 93024K->1488K(92672K)] 400631K->309095K(649216K), 0.0015471 secs] [Times: user=0.01 sys=0.00, real=0.00 secs] 
1199.677: [GC (Allocation Failure) [PSYoungGen: 92624K->1645K(92672K)] 400231K->309252K(649216K), 0.0016815 secs] [Times: user=0.01 sys=0.01, real=0.00 secs] 
1200.208: [GC (Allocation Failure) [PSYoungGen: 92249K->589K(91136K)] 399857K->309236K(647680K), 0.0015598 secs] [Times: user=0.01 sys=0.00, real=0.01 secs] 
1201.667: [GC (Allocation Failure) [PSYoungGen: 90701K->1392K(91136K)] 399348K->310039K(647680K), 0.0030528 secs] [Times: user=0.01 sys=0.00, real=0.01 secs] 
1202.650: [GC (Allocation Failure) [PSYoungGen: 90992K->1376K(90624K)] 399639K->310023K(647168K), 0.0025093 secs] [Times: user=0.01 sys=0.00, real=0.00 secs] 
1203.722: [GC (Allocation Failure) [PSYoungGen: 90464K->1360K(90112K)] 399111K->310007K(646656K), 0.0025818 secs] [Times: user=0.00 sys=0.00, real=0.00 secs] 
1204.617: [GC (Allocation Failure) [PSYoungGen: 89936K->1520K(89600K)] 398583K->310175K(646144K), 0.0015271 secs] [Times: user=0.00 sys=0.00, real=0.00 secs] 
1205.132: [GC (Allocation Failure) [PSYoungGen: 89584K->1520K(89088K)] 398239K->310175K(645632K), 0.0017670 secs] [Times: user=0.01 sys=0.00, real=0.00 secs] 
1205.709: [GC (Allocation Failure) [PSYoungGen: 89072K->1517K(88576K)] 397727K->310252K(645120K), 0.0016383 secs] [Times: user=0.01 sys=0.00, real=0.00 secs] 
1206.314: [GC (Allocation Failure) [PSYoungGen: 88557K->1408K(88064K)] 397292K->310151K(644608K), 0.0021639 secs] [Times: user=0.01 sys=0.00, real=0.00 secs] 
1206.700: [GC (Allocation Failure) [PSYoungGen: 87936K->1344K(87552K)] 396679K->310087K(644096K), 0.0018194 secs] [Times: user=0.01 sys=0.00, real=0.00 secs] 
1207.060: [GC (Allocation Failure) [PSYoungGen: 87360K->1344K(92672K)] 396103K->310087K(649216K), 0.0021968 secs] [Times: user=0.01 sys=0.00, real=0.00 secs] 
1207.582: [GC (Allocation Failure) [PSYoungGen: 92480K->1517K(97792K)] 401223K->310260K(654336K), 0.0018441 secs] [Times: user=0.00 sys=0.00, real=0.00 secs] 
1208.148: [GC (Allocation Failure) [PSYoungGen: 97773K->1613K(97792K)] 406516K->310356K(654336K), 0.0017599 secs] [Times: user=0.01 sys=0.00, real=0.01 secs] 
1209.104: [GC (Allocation Failure) [PSYoungGen: 97357K->768K(96256K)] 406100K->310535K(652800K), 0.0025927 secs] [Times: user=0.01 sys=0.00, real=0.00 secs] 
1209.807: [GC (Allocation Failure) [PSYoungGen: 96000K->304K(95232K)] 405767K->310071K(651776K), 0.0019841 secs] [Times: user=0.01 sys=0.00, real=0.01 secs] 
1210.200: [GC (Allocation Failure) [PSYoungGen: 95024K->336K(94720K)] 404791K->310103K(651264K), 0.0018802 secs] [Times: user=0.01 sys=0.00, real=0.00 secs] 
1210.633: [GC (Allocation Failure) [PSYoungGen: 94544K->1501K(104448K)] 404311K->311284K(660992K), 0.0070726 secs] [Times: user=0.03 sys=0.00, real=0.01 secs] 
1211.242: [GC (Allocation Failure) [PSYoungGen: 103389K->1629K(111104K)] 413172K->311412K(667648K), 0.0017319 secs] [Times: user=0.01 sys=0.00, real=0.00 secs] 
1211.883: [GC (Allocation Failure) [PSYoungGen: 110685K->1629K(118272K)] 420468K->311412K(674816K), 0.0018594 secs] [Times: user=0.00 sys=0.00, real=0.00 secs] 
1213.352: [GC (Allocation Failure) [PSYoungGen: 117853K->1392K(124416K)] 427636K->311175K(680960K), 0.0026724 secs] [Times: user=0.01 sys=0.00, real=0.00 secs] 
1214.701: [GC (Allocation Failure) [PSYoungGen: 124272K->1344K(123392K)] 434055K->311127K(679936K), 0.0023890 secs] [Times: user=0.01 sys=0.00, real=0.00 secs] 
1215.887: [GC (Allocation Failure) [PSYoungGen: 123200K->1533K(122368K)] 432983K->311316K(678912K), 0.0019490 secs] [Times: user=0.01 sys=0.00, real=0.00 secs] 
1216.589: [GC (Allocation Failure) [PSYoungGen: 122365K->1645K(121856K)] 432148K->311429K(678400K), 0.0017451 secs] [Times: user=0.01 sys=0.00, real=0.00 secs] 
1217.484: [GC (Allocation Failure) [PSYoungGen: 121453K->1504K(120320K)] 431237K->311295K(676864K), 0.0019532 secs] [Times: user=0.00 sys=0.00, real=0.00 secs] 
1218.625: [GC (Allocation Failure) [PSYoungGen: 120288K->1376K(119296K)] 430079K->311167K(675840K), 0.0020772 secs] [Times: user=0.00 sys=0.00, real=0.00 secs] 
1219.791: [GC (Allocation Failure) [PSYoungGen: 119136K->1469K(118272K)] 428927K->311260K(674816K), 0.0020127 secs] [Times: user=0.01 sys=0.00, real=0.00 secs] 
1220.575: [GC (Allocation Failure) [PSYoungGen: 118205K->1693K(117760K)] 427996K->311492K(674304K), 0.0018165 secs] [Times: user=0.01 sys=0.00, real=0.00 secs] 
1221.262: [GC (Allocation Failure) [PSYoungGen: 117405K->669K(115712K)] 427204K->311492K(672256K), 0.0015724 secs] [Times: user=0.00 sys=0.00, real=0.00 secs] 
1222.518: [GC (Allocation Failure) [PSYoungGen: 115357K->1408K(115200K)] 426180K->312239K(671744K), 0.0028903 secs] [Times: user=0.01 sys=0.00, real=0.01 secs] 
1223.643: [GC (Allocation Failure) [PSYoungGen: 115072K->1408K(114176K)] 425903K->312239K(670720K), 0.0031029 secs] [Times: user=0.01 sys=0.00, real=0.00 secs] 
1224.845: [GC (Allocation Failure) [PSYoungGen: 114048K->1549K(113664K)] 424879K->312397K(670208K), 0.0017060 secs] [Times: user=0.00 sys=0.00, real=0.00 secs] 
1225.490: [GC (Allocation Failure) [PSYoungGen: 113165K->701K(111616K)] 424013K->312573K(668160K), 0.0017207 secs] [Times: user=0.01 sys=0.00, real=0.00 secs] 
1226.689: [GC (Allocation Failure) [PSYoungGen: 111293K->1520K(111104K)] 423165K->313391K(667648K), 0.0025407 secs] [Times: user=0.01 sys=0.00, real=0.00 secs] 
1227.538: [GC (Allocation Failure) [PSYoungGen: 111088K->1424K(110080K)] 422959K->313295K(666624K), 0.0021538 secs] [Times: user=0.01 sys=0.00, real=0.01 secs] 
1228.522: [GC (Allocation Failure) [PSYoungGen: 109968K->1440K(109056K)] 421839K->313311K(665600K), 0.0021147 secs] [Times: user=0.00 sys=0.00, real=0.00 secs] 
1229.256: [GC (Allocation Failure) [PSYoungGen: 108960K->1533K(108032K)] 420831K->313437K(664576K), 0.0016575 secs] [Times: user=0.01 sys=0.00, real=0.00 secs] 
1229.875: [GC (Allocation Failure) [PSYoungGen: 108029K->1616K(107520K)] 419933K->313519K(664064K), 0.0018364 secs] [Times: user=0.00 sys=0.00, real=0.00 secs] 
1230.460: [GC (Allocation Failure) [PSYoungGen: 107088K->512K(105472K)] 418991K->313439K(662016K), 0.0018884 secs] [Times: user=0.01 sys=0.00, real=0.00 secs] 
1231.295: [GC (Allocation Failure) [PSYoungGen: 104960K->384K(103936K)] 417887K->313319K(660480K), 0.0019493 secs] [Times: user=0.00 sys=0.00, real=0.00 secs] 
1232.338: [GC (Allocation Failure) [PSYoungGen: 103808K->416K(102912K)] 416743K->313351K(659456K), 0.0020954 secs] [Times: user=0.01 sys=0.00, real=0.01 secs] 
1233.078: [GC (Allocation Failure) [PSYoungGen: 102816K->1533K(103936K)] 415751K->314469K(660480K), 0.0016993 secs] [Times: user=0.01 sys=0.00, real=0.01 secs] 
1233.669: [GC (Allocation Failure) [PSYoungGen: 102909K->1661K(102912K)] 415845K->314605K(659456K), 0.0016549 secs] [Times: user=0.01 sys=0.00, real=0.00 secs] 
1234.333: [GC (Allocation Failure) [PSYoungGen: 102525K->1456K(101888K)] 415469K->314399K(658432K), 0.0022435 secs] [Times: user=0.01 sys=0.00, real=0.00 secs] 
1234.941: [GC (Allocation Failure) [PSYoungGen: 101808K->1376K(101376K)] 414751K->314319K(657920K), 0.0020888 secs] [Times: user=0.00 sys=0.00, real=0.00 secs] 
1235.852: [GC (Allocation Failure) [PSYoungGen: 101216K->1376K(100864K)] 414159K->314319K(657408K), 0.0034454 secs] [Times: user=0.02 sys=0.00, real=0.00 secs] 
1236.821: [GC (Allocation Failure) [PSYoungGen: 100704K->1501K(100352K)] 413647K->314445K(656896K), 0.0015747 secs] [Times: user=0.00 sys=0.00, real=0.00 secs] 
1237.400: [GC (Allocation Failure) [PSYoungGen: 100317K->1648K(100352K)] 413261K->314591K(656896K), 0.0017793 secs] [Times: user=0.01 sys=0.00, real=0.00 secs] 
1237.983: [GC (Allocation Failure) [PSYoungGen: 99952K->1616K(99840K)] 412895K->314559K(656384K), 0.0018367 secs] [Times: user=0.01 sys=0.00, real=0.00 secs] 
1238.392: [GC (Allocation Failure) [PSYoungGen: 99408K->1344K(98816K)] 412351K->314287K(655360K), 0.0018021 secs] [Times: user=0.00 sys=0.00, real=0.00 secs] 
1238.796: [GC (Allocation Failure) [PSYoungGen: 98624K->1376K(98304K)] 411567K->314319K(654848K), 0.0017786 secs] [Times: user=0.00 sys=0.00, real=0.00 secs] 
1239.378: [GC (Allocation Failure) [PSYoungGen: 98144K->1488K(97792K)] 411087K->314431K(654336K), 0.0016098 secs] [Times: user=0.01 sys=0.00, real=0.01 secs] 
1239.939: [GC (Allocation Failure) [PSYoungGen: 97744K->1648K(97792K)] 410687K->314591K(654336K), 0.0017897 secs] [Times: user=0.01 sys=0.00, real=0.00 secs] 
1240.506: [GC (Allocation Failure) [PSYoungGen: 97392K->1613K(97280K)] 410335K->314565K(653824K), 0.0017352 secs] [Times: user=0.00 sys=0.00, real=0.00 secs] 
1240.994: [GC (Allocation Failure) [PSYoungGen: 96845K->1456K(96256K)] 409797K->314423K(652800K), 0.0017564 secs] [Times: user=0.01 sys=0.00, real=0.00 secs] 
1241.461: [GC (Allocation Failure) [PSYoungGen: 96176K->1376K(95744K)] 409143K->314343K(652288K), 0.0018271 secs] [Times: user=0.01 sys=0.00, real=0.00 secs] 
1242.201: [GC (Allocation Failure) [PSYoungGen: 95584K->1360K(95232K)] 408551K->314327K(651776K), 0.0023357 secs] [Times: user=0.01 sys=0.00, real=0.00 secs] 
1242.940: [GC (Allocation Failure) [PSYoungGen: 95056K->1520K(94720K)] 408023K->314487K(651264K), 0.0015871 secs] [Times: user=0.01 sys=0.00, real=0.00 secs] 
1243.486: [GC (Allocation Failure) [PSYoungGen: 94704K->1533K(94208K)] 407671K->314565K(650752K), 0.0018901 secs] [Times: user=0.01 sys=0.00, real=0.00 secs] 
1244.105: [GC (Allocation Failure) [PSYoungGen: 94205K->224K(92672K)] 407237K->313255K(649216K), 0.0016185 secs] [Times: user=0.00 sys=0.00, real=0.00 secs] 
1245.069: [GC (Allocation Failure) [PSYoungGen: 92384K->1376K(93184K)] 405415K->314407K(649728K), 0.0029488 secs] [Times: user=0.01 sys=0.00, real=0.00 secs] 
1245.836: [GC (Allocation Failure) [PSYoungGen: 93024K->1376K(92672K)] 406055K->314407K(649216K), 0.0030442 secs] [Times: user=0.01 sys=0.00, real=0.01 secs] 
1246.613: [GC (Allocation Failure) [PSYoungGen: 92512K->1376K(92160K)] 405543K->314407K(648704K), 0.0022530 secs] [Times: user=0.01 sys=0.00, real=0.00 secs] 
1247.761: [GC (Allocation Failure) [PSYoungGen: 92000K->1597K(92160K)] 405031K->314629K(648704K), 0.0016489 secs] [Times: user=0.01 sys=0.00, real=0.00 secs] 
1248.289: [GC (Allocation Failure) [PSYoungGen: 91709K->624K(90624K)] 404741K->314679K(647168K), 0.0018087 secs] [Times: user=0.01 sys=0.00, real=0.00 secs] 
1248.902: [GC (Allocation Failure) [PSYoungGen: 90224K->1520K(90624K)] 404279K->315575K(647168K), 0.0019566 secs] [Times: user=0.01 sys=0.00, real=0.00 secs] 
1249.647: [GC (Allocation Failure) [PSYoungGen: 90608K->1344K(90112K)] 404663K->315399K(646656K), 0.0022452 secs] [Times: user=0.01 sys=0.00, real=0.01 secs] 
1250.434: [GC (Allocation Failure) [PSYoungGen: 89920K->1312K(89600K)] 403975K->315367K(646144K), 0.0021288 secs] [Times: user=0.01 sys=0.00, real=0.00 secs] 
1250.978: [GC (Allocation Failure) [PSYoungGen: 89376K->1437K(89088K)] 403431K->315509K(645632K), 0.0022021 secs] [Times: user=0.00 sys=0.00, real=0.01 secs] 
1251.586: [GC (Allocation Failure) [PSYoungGen: 88989K->1613K(95232K)] 403061K->315685K(651776K), 0.0052855 secs] [Times: user=0.02 sys=0.00, real=0.01 secs] 
1252.187: [GC (GCLocker Initiated GC) [PSYoungGen: 94797K->592K(99840K)] 408869K->315687K(656384K), 0.0016870 secs] [Times: user=0.01 sys=0.00, real=0.00 secs] 
1253.140: [GC (Allocation Failure) [PSYoungGen: 99408K->1536K(106496K)] 414507K->316635K(663040K), 0.0040828 secs] [Times: user=0.01 sys=0.00, real=0.00 secs] 
1254.616: [GC (Allocation Failure) [PSYoungGen: 105984K->1376K(104960K)] 421083K->316475K(661504K), 0.0031093 secs] [Times: user=0.01 sys=0.00, real=0.01 secs] 
1256.034: [GC (Allocation Failure) [PSYoungGen: 104800K->1328K(103936K)] 419899K->316427K(660480K), 0.0040158 secs] [Times: user=0.02 sys=0.00, real=0.00 secs] 
1257.107: [GC (Allocation Failure) [PSYoungGen: 103728K->1533K(102912K)] 418827K->316688K(659456K), 0.0015176 secs] [Times: user=0.00 sys=0.00, real=0.01 secs] 
1257.699: [GC (Allocation Failure) [PSYoungGen: 102909K->1677K(102912K)] 418064K->316832K(659456K), 0.0020047 secs] [Times: user=0.00 sys=0.00, real=0.01 secs] 
1258.323: [GC (Allocation Failure) [PSYoungGen: 102541K->528K(101376K)] 417696K->316707K(657920K), 0.0020197 secs] [Times: user=0.01 sys=0.00, real=0.00 secs] 
1258.745: [GC (Allocation Failure) [PSYoungGen: 100880K->384K(100352K)] 417059K->316563K(656896K), 0.0018186 secs] [Times: user=0.01 sys=0.00, real=0.00 secs] 
1259.353: [GC (Allocation Failure) [PSYoungGen: 100224K->464K(99840K)] 416403K->316643K(656384K), 0.0020161 secs] [Times: user=0.01 sys=0.00, real=0.00 secs] 
1260.219: [GC (Allocation Failure) [PSYoungGen: 99792K->1517K(101376K)] 415971K->317704K(657920K), 0.0014667 secs] [Times: user=0.01 sys=0.00, real=0.00 secs] 
1260.862: [GC (Allocation Failure) [PSYoungGen: 100333K->1661K(100352K)] 416520K->317848K(656896K), 0.0017095 secs] [Times: user=0.01 sys=0.00, real=0.00 secs] 
1261.431: [GC (Allocation Failure) [PSYoungGen: 99965K->1629K(99840K)] 416152K->317816K(656384K), 0.0018694 secs] [Times: user=0.01 sys=0.00, real=0.00 secs] 
1261.857: [GC (Allocation Failure) [PSYoungGen: 99421K->1440K(98816K)] 415608K->317635K(655360K), 0.0024625 secs] [Times: user=0.01 sys=0.00, real=0.01 secs] 
1262.442: [GC (Allocation Failure) [PSYoungGen: 98720K->1408K(98304K)] 414915K->317603K(654848K), 0.0019288 secs] [Times: user=0.01 sys=0.00, real=0.00 secs] 
1263.408: [GC (Allocation Failure) [PSYoungGen: 98176K->1501K(97792K)] 414371K->317696K(654336K), 0.0019667 secs] [Times: user=0.01 sys=0.00, real=0.01 secs] 
1263.980: [GC (Allocation Failure) [PSYoungGen: 97757K->1693K(97792K)] 413952K->317888K(654336K), 0.0017324 secs] [Times: user=0.00 sys=0.00, real=0.00 secs] 
1264.543: [GC (Allocation Failure) [PSYoungGen: 97437K->1581K(97280K)] 413632K->317824K(653824K), 0.0016708 secs] [Times: user=0.01 sys=0.00, real=0.00 secs] 
1265.206: [GC (Allocation Failure) [PSYoungGen: 96813K->1472K(96256K)] 413056K->317715K(652800K), 0.0021854 secs] [Times: user=0.01 sys=0.00, real=0.00 secs] 
1265.600: [GC (Allocation Failure) [PSYoungGen: 96192K->1312K(95744K)] 412435K->317555K(652288K), 0.0019296 secs] [Times: user=0.01 sys=0.00, real=0.00 secs] 
1265.991: [GC (Allocation Failure) [PSYoungGen: 95520K->1344K(95232K)] 411763K->317587K(651776K), 0.0020412 secs] [Times: user=0.01 sys=0.00, real=0.00 secs] 
1266.591: [GC (Allocation Failure) [PSYoungGen: 95040K->1501K(94720K)] 411283K->317744K(651264K), 0.0019174 secs] [Times: user=0.00 sys=0.00, real=0.00 secs] 
1267.192: [GC (Allocation Failure) [PSYoungGen: 94685K->1629K(94720K)] 410928K->317872K(651264K), 0.0019278 secs] [Times: user=0.01 sys=0.00, real=0.00 secs] 
1267.792: [GC (Allocation Failure) [PSYoungGen: 94301K->1616K(94208K)] 410544K->317859K(650752K), 0.0016981 secs] [Times: user=0.00 sys=0.00, real=0.00 secs] 
1268.711: [GC (Allocation Failure) [PSYoungGen: 93776K->1408K(93184K)] 410019K->317651K(649728K), 0.0028167 secs] [Times: user=0.01 sys=0.00, real=0.00 secs] 
1269.383: [GC (Allocation Failure) [PSYoungGen: 93056K->1344K(92672K)] 409299K->317619K(649216K), 0.0020947 secs] [Times: user=0.01 sys=0.00, real=0.00 secs] 
1269.832: [GC (Allocation Failure) [PSYoungGen: 92480K->1360K(92160K)] 408755K->317635K(648704K), 0.0024115 secs] [Times: user=0.01 sys=0.00, real=0.00 secs] 
1270.515: [GC (Allocation Failure) [PSYoungGen: 91984K->1533K(91648K)] 408259K->317848K(648192K), 0.0017052 secs] [Times: user=0.00 sys=0.00, real=0.00 secs] 
1271.044: [GC (Allocation Failure) [PSYoungGen: 91645K->1613K(91648K)] 407960K->317928K(648192K), 0.0017106 secs] [Times: user=0.00 sys=0.00, real=0.00 secs] 
1271.615: [GC (Allocation Failure) [PSYoungGen: 91213K->480K(89600K)] 407528K->318843K(646144K), 0.0020846 secs] [Times: user=0.00 sys=0.00, real=0.00 secs] 
1272.368: [GC (Allocation Failure) [PSYoungGen: 89568K->320K(91136K)] 407931K->318683K(647680K), 0.0020008 secs] [Times: user=0.00 sys=0.01, real=0.01 secs] 
1272.986: [GC (Allocation Failure) [PSYoungGen: 88896K->352K(88576K)] 407259K->318715K(645120K), 0.0019524 secs] [Times: user=0.01 sys=0.00, real=0.00 secs] 
1273.375: [GC (Allocation Failure) [PSYoungGen: 88247K->304K(90112K)] 406610K->318667K(646656K), 0.0018077 secs] [Times: user=0.01 sys=0.00, real=0.00 secs] 
1273.900: [GC (Allocation Failure) [PSYoungGen: 87856K->1597K(89088K)] 406219K->319960K(645632K), 0.0016633 secs] [Times: user=0.01 sys=0.00, real=0.00 secs] 
1274.409: [GC (Allocation Failure) [PSYoungGen: 88637K->1565K(88576K)] 407000K->319928K(645120K), 0.0017839 secs] [Times: user=0.01 sys=0.00, real=0.00 secs] 
1275.314: [GC (Allocation Failure) [PSYoungGen: 88093K->1504K(87552K)] 406456K->319867K(644096K), 0.0022436 secs] [Times: user=0.01 sys=0.00, real=0.00 secs] 
1276.732: [GC (Allocation Failure) [PSYoungGen: 87520K->1376K(87040K)] 405883K->319739K(643584K), 0.0030047 secs] [Times: user=0.01 sys=0.00, real=0.00 secs] 
1277.814: [GC (Allocation Failure) [PSYoungGen: 86880K->1376K(86528K)] 405243K->319739K(643072K), 0.0038974 secs] [Times: user=0.01 sys=0.00, real=0.00 secs] 
1278.568: [GC (Allocation Failure) [PSYoungGen: 86368K->1376K(86016K)] 404731K->319739K(642560K), 0.0025768 secs] [Times: user=0.01 sys=0.00, real=0.01 secs] 
1279.201: [GC (Allocation Failure) [PSYoungGen: 85856K->1565K(86016K)] 404219K->319928K(642560K), 0.0017011 secs] [Times: user=0.00 sys=0.00, real=0.00 secs] 
1279.752: [GC (Allocation Failure) [PSYoungGen: 85533K->1565K(85504K)] 403896K->319928K(642048K), 0.0019314 secs] [Times: user=0.01 sys=0.00, real=0.00 secs] 
1280.236: [GC (Allocation Failure) [PSYoungGen: 84508K->416K(83456K)] 402871K->318779K(640000K), 0.0017469 secs] [Times: user=0.00 sys=0.00, real=0.00 secs] 
1280.621: [GC (Allocation Failure) [PSYoungGen: 83360K->1376K(84992K)] 401723K->319747K(641536K), 0.0018904 secs] [Times: user=0.01 sys=0.00, real=0.00 secs] 
1280.963: [GC (Allocation Failure) [PSYoungGen: 83808K->1360K(83456K)] 402179K->319731K(640000K), 0.0021487 secs] [Times: user=0.01 sys=0.00, real=0.00 secs] 
1281.593: [GC (Allocation Failure) [PSYoungGen: 83280K->1376K(82944K)] 401651K->319747K(639488K), 0.0021221 secs] [Times: user=0.00 sys=0.00, real=0.00 secs] 
1282.198: [GC (Allocation Failure) [PSYoungGen: 82784K->1517K(82432K)] 401155K->319896K(638976K), 0.0017753 secs] [Times: user=0.00 sys=0.00, real=0.01 secs] 
1282.680: [GC (Allocation Failure) [PSYoungGen: 82413K->1533K(81920K)] 400792K->319912K(638464K), 0.0016278 secs] [Times: user=0.01 sys=0.00, real=0.00 secs] 
1283.152: [GC (Allocation Failure) [PSYoungGen: 81917K->1648K(81920K)] 400296K->320027K(638464K), 0.0016574 secs] [Times: user=0.01 sys=0.00, real=0.00 secs] 
1283.639: [GC (Allocation Failure) [PSYoungGen: 81520K->1440K(80896K)] 399899K->319819K(637440K), 0.0027001 secs] [Times: user=0.01 sys=0.00, real=0.01 secs] 
1284.037: [GC (Allocation Failure) [PSYoungGen: 80800K->1376K(80384K)] 399179K->319755K(636928K), 0.0019638 secs] [Times: user=0.01 sys=0.00, real=0.00 secs] 
1284.443: [GC (Allocation Failure) [PSYoungGen: 80224K->1376K(84992K)] 398603K->319755K(641536K), 0.0020417 secs] [Times: user=0.01 sys=0.00, real=0.00 secs] 
1284.929: [GC (Allocation Failure) [PSYoungGen: 84832K->1469K(84480K)] 403211K->319848K(641024K), 0.0017539 secs] [Times: user=0.01 sys=0.00, real=0.00 secs] 
1285.416: [GC (Allocation Failure) [PSYoungGen: 84413K->1613K(84480K)] 402792K->319992K(641024K), 0.0019768 secs] [Times: user=0.01 sys=0.00, real=0.00 secs] 
1285.896: [GC (Allocation Failure) [PSYoungGen: 84045K->573K(82944K)] 402424K->319976K(639488K), 0.0016710 secs] [Times: user=0.01 sys=0.00, real=0.00 secs] 
1286.498: [GC (Allocation Failure) [PSYoungGen: 82493K->1488K(82944K)] 401896K->320891K(639488K), 0.0021873 secs] [Times: user=0.01 sys=0.00, real=0.01 secs] 
1288.727: [GC (Allocation Failure) [PSYoungGen: 82896K->1360K(82432K)] 402299K->320763K(638976K), 0.0027835 secs] [Times: user=0.01 sys=0.00, real=0.01 secs] 
1289.755: [GC (Allocation Failure) [PSYoungGen: 82256K->1312K(81920K)] 401659K->320723K(638464K), 0.0034067 secs] [Times: user=0.01 sys=0.00, real=0.00 secs] 
1290.597: [GC (Allocation Failure) [PSYoungGen: 81696K->1408K(81408K)] 401107K->320819K(637952K), 0.0026351 secs] [Times: user=0.01 sys=0.00, real=0.01 secs] 
1291.219: [GC (Allocation Failure) [PSYoungGen: 81280K->1533K(80896K)] 400691K->320944K(637440K), 0.0016733 secs] [Times: user=0.01 sys=0.00, real=0.00 secs] 
1291.681: [GC (Allocation Failure) [PSYoungGen: 80893K->1517K(80384K)] 400304K->321024K(636928K), 0.0015497 secs] [Times: user=0.01 sys=0.00, real=0.00 secs] 
1292.202: [GC (Allocation Failure) [PSYoungGen: 80365K->1565K(80384K)] 399872K->321072K(636928K), 0.0018418 secs] [Times: user=0.01 sys=0.00, real=0.00 secs] 
1292.653: [GC (Allocation Failure) [PSYoungGen: 79901K->384K(78336K)] 399408K->320915K(634880K), 0.0023814 secs] [Times: user=0.01 sys=0.00, real=0.00 secs] 
1292.992: [GC (Allocation Failure) [PSYoungGen: 78208K->304K(79872K)] 398739K->320835K(636416K), 0.0017609 secs] [Times: user=0.01 sys=0.00, real=0.00 secs] 
1293.396: [GC (Allocation Failure) [PSYoungGen: 77616K->288K(77312K)] 398147K->320819K(633856K), 0.0018292 secs] [Times: user=0.01 sys=0.00, real=0.00 secs] 
1293.804: [GC (Allocation Failure) [PSYoungGen: 77088K->384K(83968K)] 397619K->320915K(640512K), 0.0022788 secs] [Times: user=0.01 sys=0.00, real=0.00 secs] 
1294.419: [GC (Allocation Failure) [PSYoungGen: 81792K->1565K(82944K)] 402323K->322096K(639488K), 0.0017266 secs] [Times: user=0.00 sys=0.00, real=0.00 secs] 
1294.952: [GC (Allocation Failure) [PSYoungGen: 82461K->1629K(82432K)] 402992K->322160K(638976K), 0.0017156 secs] [Times: user=0.01 sys=0.00, real=0.00 secs] 
1295.420: [GC (Allocation Failure) [PSYoungGen: 82013K->1517K(81408K)] 402544K->322120K(637952K), 0.0019201 secs] [Times: user=0.00 sys=0.00, real=0.00 secs] 
1295.812: [GC (Allocation Failure) [PSYoungGen: 81389K->1408K(80896K)] 401992K->322011K(637440K), 0.0023369 secs] [Times: user=0.01 sys=0.00, real=0.00 secs] 
1296.170: [GC (Allocation Failure) [PSYoungGen: 80768K->1344K(86016K)] 401371K->321947K(642560K), 0.0020910 secs] [Times: user=0.01 sys=0.00, real=0.00 secs] 
1296.575: [GC (Allocation Failure) [PSYoungGen: 85824K->1408K(91136K)] 406427K->322011K(647680K), 0.0020687 secs] [Times: user=0.00 sys=0.00, real=0.00 secs] 
1297.156: [GC (Allocation Failure) [PSYoungGen: 91008K->1469K(90624K)] 411611K->322072K(647168K), 0.0016089 secs] [Times: user=0.00 sys=0.00, real=0.00 secs] 
1297.671: [GC (Allocation Failure) [PSYoungGen: 90557K->1597K(90624K)] 411160K->322224K(647168K), 0.0017691 secs] [Times: user=0.01 sys=0.00, real=0.00 secs] 
1298.188: [GC (Allocation Failure) [PSYoungGen: 90173K->1584K(90112K)] 410800K->322211K(646656K), 0.0017046 secs] [Times: user=0.01 sys=0.00, real=0.01 secs] 
1298.665: [GC (Allocation Failure) [PSYoungGen: 89648K->1440K(89088K)] 410275K->322067K(645632K), 0.0022786 secs] [Times: user=0.01 sys=0.00, real=0.00 secs] 
1299.043: [GC (Allocation Failure) [PSYoungGen: 88992K->1376K(88576K)] 409619K->322003K(645120K), 0.0020953 secs] [Times: user=0.01 sys=0.00, real=0.00 secs] 
1299.471: [GC (Allocation Failure) [PSYoungGen: 88416K->1328K(88064K)] 409043K->321955K(644608K), 0.0019677 secs] [Times: user=0.00 sys=0.00, real=0.00 secs] 
1299.951: [GC (Allocation Failure) [PSYoungGen: 87856K->1501K(87552K)] 408483K->322128K(644096K), 0.0016323 secs] [Times: user=0.00 sys=0.00, real=0.00 secs] 
1300.458: [GC (Allocation Failure) [PSYoungGen: 87517K->1584K(87552K)] 408144K->322211K(644096K), 0.0017344 secs] [Times: user=0.00 sys=0.00, real=0.01 secs] 
1300.954: [GC (Allocation Failure) [PSYoungGen: 87088K->1629K(87040K)] 407715K->322256K(643584K), 0.0016879 secs] [Times: user=0.01 sys=0.00, real=0.00 secs] 
1301.927: [GC (Allocation Failure) [PSYoungGen: 86621K->1408K(86016K)] 407248K->322035K(642560K), 0.0040693 secs] [Times: user=0.01 sys=0.00, real=0.01 secs] 
1302.845: [GC (Allocation Failure) [PSYoungGen: 85888K->1344K(85504K)] 406515K->321971K(642048K), 0.0030263 secs] [Times: user=0.01 sys=0.00, real=0.00 secs] 
1303.815: [GC (Allocation Failure) [PSYoungGen: 85312K->1376K(84992K)] 405939K->322003K(641536K), 0.0041703 secs] [Times: user=0.02 sys=0.00, real=0.01 secs] 
1304.637: [GC (Allocation Failure) [PSYoungGen: 84832K->1517K(84480K)] 405459K->322152K(641024K), 0.0014575 secs] [Times: user=0.01 sys=0.00, real=0.00 secs] 
1305.121: [GC (Allocation Failure) [PSYoungGen: 84461K->1613K(84480K)] 405096K->322248K(641024K), 0.0016523 secs] [Times: user=0.00 sys=0.00, real=0.00 secs] 
1305.601: [GC (Allocation Failure) [PSYoungGen: 84045K->592K(82944K)] 404680K->322251K(639488K), 0.0016732 secs] [Times: user=0.01 sys=0.00, real=0.00 secs] 
1306.049: [GC (Allocation Failure) [PSYoungGen: 82512K->1488K(82944K)] 404171K->323147K(639488K), 0.0018041 secs] [Times: user=0.01 sys=0.00, real=0.00 secs] 
1306.387: [GC (Allocation Failure) [PSYoungGen: 82896K->1360K(82432K)] 404555K->323019K(638976K), 0.0018256 secs] [Times: user=0.00 sys=0.00, real=0.00 secs] 
1306.735: [GC (Allocation Failure) [PSYoungGen: 82256K->1376K(87552K)] 403915K->323035K(644096K), 0.0022956 secs] [Times: user=0.00 sys=0.00, real=0.00 secs] 
1307.140: [GC (Allocation Failure) [PSYoungGen: 87392K->1501K(92672K)] 409051K->323160K(649216K), 0.0018388 secs] [Times: user=0.00 sys=0.00, real=0.00 secs] 
1307.683: [GC (Allocation Failure) [PSYoungGen: 92637K->1581K(92672K)] 414296K->323240K(649216K), 0.0016556 secs] [Times: user=0.00 sys=0.00, real=0.00 secs] 
1308.271: [GC (Allocation Failure) [PSYoungGen: 92205K->589K(91136K)] 413864K->323272K(647680K), 0.0016841 secs] [Times: user=0.01 sys=0.00, real=0.00 secs] 
1309.070: [GC (Allocation Failure) [PSYoungGen: 90701K->1472K(91136K)] 413384K->324155K(647680K), 0.0024046 secs] [Times: user=0.01 sys=0.00, real=0.00 secs] 
1309.868: [GC (Allocation Failure) [PSYoungGen: 91072K->1376K(90624K)] 413755K->324075K(647168K), 0.0021241 secs] [Times: user=0.00 sys=0.00, real=0.01 secs] 
1310.655: [GC (Allocation Failure) [PSYoungGen: 90464K->1408K(90112K)] 413163K->324107K(646656K), 0.0021542 secs] [Times: user=0.01 sys=0.00, real=0.00 secs] 
1311.090: [GC (Allocation Failure) [PSYoungGen: 89984K->1488K(89600K)] 412683K->324187K(646144K), 0.0014253 secs] [Times: user=0.01 sys=0.00, real=0.00 secs] 
1311.605: [GC (Allocation Failure) [PSYoungGen: 89552K->1661K(89600K)] 412251K->324360K(646144K), 0.0016605 secs] [Times: user=0.01 sys=0.00, real=0.00 secs] 
1312.121: [GC (Allocation Failure) [PSYoungGen: 89213K->557K(88064K)] 411912K->324280K(644608K), 0.0016646 secs] [Times: user=0.01 sys=0.00, real=0.00 secs] 
1312.613: [GC (Allocation Failure) [PSYoungGen: 87597K->1504K(88064K)] 411320K->325227K(644608K), 0.0021043 secs] [Times: user=0.01 sys=0.00, real=0.00 secs] 
1312.973: [GC (Allocation Failure) [PSYoungGen: 88032K->1408K(87552K)] 411755K->325131K(644096K), 0.0019199 secs] [Times: user=0.01 sys=0.00, real=0.00 secs] 
1313.330: [GC (Allocation Failure) [PSYoungGen: 87424K->1344K(87040K)] 411147K->325067K(643584K), 0.0020547 secs] [Times: user=0.01 sys=0.00, real=0.00 secs] 
1313.749: [GC (Allocation Failure) [PSYoungGen: 86848K->1485K(86528K)] 410571K->325208K(643072K), 0.0014288 secs] [Times: user=0.00 sys=0.00, real=0.00 secs] 
1314.245: [GC (Allocation Failure) [PSYoungGen: 86477K->1613K(86528K)] 410200K->325336K(643072K), 0.0017237 secs] [Times: user=0.01 sys=0.00, real=0.00 secs] 
1314.741: [GC (Allocation Failure) [PSYoungGen: 86093K->525K(84992K)] 409816K->325272K(641536K), 0.0016034 secs] [Times: user=0.01 sys=0.00, real=0.00 secs] 
1315.209: [GC (Allocation Failure) [PSYoungGen: 84493K->1520K(84992K)] 409240K->326267K(641536K), 0.0019428 secs] [Times: user=0.01 sys=0.00, real=0.00 secs] 
1315.557: [GC (Allocation Failure) [PSYoungGen: 84976K->1376K(84480K)] 409723K->326123K(641024K), 0.0018244 secs] [Times: user=0.01 sys=0.00, real=0.00 secs] 
1315.901: [GC (Allocation Failure) [PSYoungGen: 84320K->1440K(83968K)] 409067K->326187K(640512K), 0.0017786 secs] [Times: user=0.01 sys=0.00, real=0.00 secs] 
1316.382: [GC (Allocation Failure) [PSYoungGen: 83872K->1408K(83456K)] 408619K->326171K(640000K), 0.0017927 secs] [Times: user=0.00 sys=0.00, real=0.00 secs] 
1316.883: [GC (Allocation Failure) [PSYoungGen: 83328K->1565K(83456K)] 408091K->326328K(640000K), 0.0016632 secs] [Times: user=0.00 sys=0.00, real=0.00 secs] 
1317.361: [GC (Allocation Failure) [PSYoungGen: 82973K->592K(81920K)] 407736K->326403K(638464K), 0.0016064 secs] [Times: user=0.01 sys=0.00, real=0.00 secs] 
1317.831: [GC (Allocation Failure) [PSYoungGen: 81488K->637K(81408K)] 407299K->326448K(637952K), 0.0015644 secs] [Times: user=0.01 sys=0.00, real=0.00 secs] 
1320.760: [GC (Allocation Failure) [PSYoungGen: 81021K->1472K(81408K)] 406832K->327283K(637952K), 0.0030188 secs] [Times: user=0.02 sys=0.00, real=0.00 secs] 
1322.137: [GC (Allocation Failure) [PSYoungGen: 81344K->1344K(80896K)] 407155K->327155K(637440K), 0.0021951 secs] [Times: user=0.00 sys=0.00, real=0.01 secs] 
1323.026: [GC (Allocation Failure) [PSYoungGen: 80704K->1376K(80384K)] 406515K->327187K(636928K), 0.0021778 secs] [Times: user=0.01 sys=0.00, real=0.00 secs] 
1323.671: [GC (Allocation Failure) [PSYoungGen: 80224K->1501K(79872K)] 406035K->327312K(636416K), 0.0016045 secs] [Times: user=0.01 sys=0.00, real=0.00 secs] 
1324.132: [GC (Allocation Failure) [PSYoungGen: 79837K->1520K(79360K)] 405648K->327395K(635904K), 0.0016235 secs] [Times: user=0.01 sys=0.00, real=0.00 secs] 
1324.587: [GC (Allocation Failure) [PSYoungGen: 79344K->1597K(79360K)] 405219K->327472K(635904K), 0.0016243 secs] [Times: user=0.01 sys=0.00, real=0.01 secs] 
1325.037: [GC (Allocation Failure) [PSYoungGen: 78909K->1520K(78336K)] 404784K->327395K(634880K), 0.0031217 secs] [Times: user=0.01 sys=0.00, real=0.01 secs] 
1325.370: [GC (Allocation Failure) [PSYoungGen: 78320K->1312K(77824K)] 404195K->327187K(634368K), 0.0017302 secs] [Times: user=0.01 sys=0.00, real=0.00 secs] 
1325.686: [GC (Allocation Failure) [PSYoungGen: 77600K->1408K(77312K)] 403475K->327299K(633856K), 0.0017191 secs] [Times: user=0.00 sys=0.00, real=0.00 secs] 
1326.081: [GC (Allocation Failure) [PSYoungGen: 77184K->1376K(82432K)] 403075K->327267K(638976K), 0.0024238 secs] [Times: user=0.01 sys=0.00, real=0.00 secs] 
1326.555: [GC (Allocation Failure) [PSYoungGen: 82272K->1517K(81920K)] 408163K->327440K(638464K), 0.0015257 secs] [Times: user=0.00 sys=0.00, real=0.00 secs] 
1327.025: [GC (Allocation Failure) [PSYoungGen: 81901K->1616K(81920K)] 407824K->327539K(638464K), 0.0016598 secs] [Times: user=0.01 sys=0.00, real=0.00 secs] 
1327.492: [GC (Allocation Failure) [PSYoungGen: 81488K->496K(79872K)] 407411K->327443K(636416K), 0.0016650 secs] [Times: user=0.01 sys=0.00, real=0.00 secs] 
1327.962: [GC (Allocation Failure) [PSYoungGen: 79856K->1424K(81408K)] 406803K->328371K(637952K), 0.0016020 secs] [Times: user=0.01 sys=0.00, real=0.00 secs] 
1328.293: [GC (Allocation Failure) [PSYoungGen: 80272K->1376K(79872K)] 407219K->328323K(636416K), 0.0015588 secs] [Times: user=0.01 sys=0.00, real=0.00 secs] 
1328.714: [GC (Allocation Failure) [PSYoungGen: 79712K->1376K(79360K)] 406659K->328339K(635904K), 0.0018407 secs] [Times: user=0.01 sys=0.00, real=0.00 secs] 
1329.116: [GC (Allocation Failure) [PSYoungGen: 79200K->1501K(78848K)] 406163K->328464K(635392K), 0.0015169 secs] [Times: user=0.01 sys=0.00, real=0.00 secs] 
1329.568: [GC (Allocation Failure) [PSYoungGen: 78813K->1549K(78848K)] 405776K->328512K(635392K), 0.0016917 secs] [Times: user=0.01 sys=0.00, real=0.01 secs] 
1330.016: [GC (Allocation Failure) [PSYoungGen: 78349K->496K(76800K)] 405312K->328483K(633344K), 0.0016153 secs] [Times: user=0.01 sys=0.00, real=0.00 secs] 
1330.465: [GC (Allocation Failure) [PSYoungGen: 76784K->493K(76288K)] 404771K->328480K(632832K), 0.0014913 secs] [Times: user=0.01 sys=0.00, real=0.00 secs] 
1331.718: [GC (Allocation Failure) [PSYoungGen: 76269K->1472K(76800K)] 404256K->329459K(633344K), 0.0041989 secs] [Times: user=0.01 sys=0.00, real=0.01 secs] 
1332.629: [GC (Allocation Failure) [PSYoungGen: 76736K->1344K(76288K)] 404723K->329331K(632832K), 0.0042073 secs] [Times: user=0.02 sys=0.00, real=0.00 secs] 
1333.206: [GC (Allocation Failure) [PSYoungGen: 76096K->1344K(75776K)] 404083K->329331K(632320K), 0.0027649 secs] [Times: user=0.01 sys=0.00, real=0.01 secs] 
1333.828: [GC (Allocation Failure) [PSYoungGen: 75584K->1469K(75264K)] 403571K->329456K(631808K), 0.0025113 secs] [Times: user=0.01 sys=0.00, real=0.01 secs] 
1334.396: [GC (Allocation Failure) [PSYoungGen: 75197K->1533K(74752K)] 403184K->329552K(631296K), 0.0015975 secs] [Times: user=0.00 sys=0.00, real=0.00 secs] 
1334.827: [GC (Allocation Failure) [PSYoungGen: 74749K->1549K(74752K)] 402768K->329568K(631296K), 0.0017209 secs] [Times: user=0.01 sys=0.00, real=0.00 secs] 
1335.253: [GC (Allocation Failure) [PSYoungGen: 74228K->1501K(73728K)] 402248K->329520K(630272K), 0.0016457 secs] [Times: user=0.00 sys=0.00, real=0.00 secs] 
1335.628: [GC (Allocation Failure) [PSYoungGen: 73693K->1408K(73216K)] 401712K->329435K(629760K), 0.0024695 secs] [Times: user=0.01 sys=0.00, real=0.01 secs] 
1335.924: [GC (Allocation Failure) [PSYoungGen: 73088K->1376K(77824K)] 401115K->329403K(634368K), 0.0020024 secs] [Times: user=0.00 sys=0.00, real=0.00 secs] 
1336.283: [GC (Allocation Failure) [PSYoungGen: 77664K->1344K(82944K)] 405691K->329371K(639488K), 0.0020306 secs] [Times: user=0.00 sys=0.00, real=0.00 secs] 
1336.728: [GC (Allocation Failure) [PSYoungGen: 82752K->1501K(88064K)] 410779K->329536K(644608K), 0.0017694 secs] [Times: user=0.01 sys=0.00, real=0.01 secs] 
1337.236: [GC (Allocation Failure) [PSYoungGen: 88029K->1597K(88064K)] 416064K->329640K(644608K), 0.0017355 secs] [Times: user=0.00 sys=0.00, real=0.00 secs] 
1337.742: [GC (Allocation Failure) [PSYoungGen: 87613K->560K(86528K)] 415656K->329627K(643072K), 0.0016258 secs] [Times: user=0.00 sys=0.00, real=0.00 secs] 
1338.356: [GC (Allocation Failure) [PSYoungGen: 86064K->1472K(86528K)] 415131K->330539K(643072K), 0.0022255 secs] [Times: user=0.00 sys=0.00, real=0.00 secs] 
1339.472: [GC (Allocation Failure) [PSYoungGen: 86464K->1376K(86016K)] 415531K->330467K(642560K), 0.0041109 secs] [Times: user=0.01 sys=0.00, real=0.00 secs] 
1340.513: [GC (Allocation Failure) [PSYoungGen: 85856K->1376K(85504K)] 414947K->330467K(642048K), 0.0032165 secs] [Times: user=0.01 sys=0.00, real=0.00 secs] 
1341.450: [GC (Allocation Failure) [PSYoungGen: 85344K->1344K(84992K)] 414435K->330435K(641536K), 0.0031794 secs] [Times: user=0.01 sys=0.00, real=0.00 secs] 
1342.088: [GC (Allocation Failure) [PSYoungGen: 84800K->1533K(84480K)] 413891K->330624K(641024K), 0.0016426 secs] [Times: user=0.01 sys=0.00, real=0.01 secs] 
1342.571: [GC (Allocation Failure) [PSYoungGen: 84477K->1533K(83968K)] 413568K->330664K(640512K), 0.0017383 secs] [Times: user=0.01 sys=0.00, real=0.00 secs] 
1343.049: [GC (Allocation Failure) [PSYoungGen: 83965K->1565K(83968K)] 413096K->330696K(640512K), 0.0018221 secs] [Times: user=0.01 sys=0.00, real=0.00 secs] 
1344.169: [GC (Allocation Failure) [PSYoungGen: 83485K->416K(81920K)] 412616K->330571K(638464K), 0.0031718 secs] [Times: user=0.01 sys=0.00, real=0.00 secs] 
1344.986: [GC (Allocation Failure) [PSYoungGen: 81824K->368K(81408K)] 411979K->330523K(637952K), 0.0020642 secs] [Times: user=0.01 sys=0.00, real=0.00 secs] 
1345.465: [GC (Allocation Failure) [PSYoungGen: 81264K->352K(80896K)] 411419K->330507K(637440K), 0.0020356 secs] [Times: user=0.00 sys=0.00, real=0.00 secs] 
1345.899: [GC (Allocation Failure) [PSYoungGen: 80736K->1501K(82432K)] 410891K->331656K(638976K), 0.0016447 secs] [Times: user=0.00 sys=0.00, real=0.00 secs] 
1346.366: [GC (Allocation Failure) [PSYoungGen: 81373K->1616K(81408K)] 411528K->331771K(637952K), 0.0016924 secs] [Times: user=0.01 sys=0.00, real=0.00 secs] 
1346.890: [GC (Allocation Failure) [PSYoungGen: 80958K->1565K(80896K)] 411114K->331720K(637440K), 0.0017793 secs] [Times: user=0.00 sys=0.00, real=0.00 secs] 
1348.160: [GC (Allocation Failure) [PSYoungGen: 80413K->1456K(79872K)] 410568K->331611K(636416K), 0.0037777 secs] [Times: user=0.01 sys=0.00, real=0.00 secs] 
1349.427: [GC (Allocation Failure) [PSYoungGen: 79792K->1408K(79360K)] 409947K->331563K(635904K), 0.0031232 secs] [Times: user=0.01 sys=0.00, real=0.01 secs] 
1350.275: [GC (Allocation Failure) [PSYoungGen: 79232K->1344K(78848K)] 409387K->331499K(635392K), 0.0038690 secs] [Times: user=0.02 sys=0.00, real=0.00 secs] 
1350.878: [GC (Allocation Failure) [PSYoungGen: 78656K->1376K(78336K)] 408811K->331531K(634880K), 0.0026536 secs] [Times: user=0.01 sys=0.00, real=0.01 secs] 
1351.509: [GC (Allocation Failure) [PSYoungGen: 78176K->1533K(77824K)] 408331K->331696K(634368K), 0.0016260 secs] [Times: user=0.00 sys=0.00, real=0.00 secs] 
1351.959: [GC (Allocation Failure) [PSYoungGen: 77821K->1565K(77824K)] 407984K->331728K(634368K), 0.0016862 secs] [Times: user=0.01 sys=0.00, real=0.00 secs] 
1352.401: [GC (Allocation Failure) [PSYoungGen: 77341K->1549K(77312K)] 407504K->331712K(633856K), 0.0015769 secs] [Times: user=0.00 sys=0.00, real=0.00 secs] 
1353.132: [GC (Allocation Failure) [PSYoungGen: 76813K->1472K(76288K)] 406976K->331635K(632832K), 0.0022514 secs] [Times: user=0.01 sys=0.00, real=0.00 secs] 
1354.135: [GC (Allocation Failure) [PSYoungGen: 76224K->1440K(75776K)] 406387K->331603K(632320K), 0.0019462 secs] [Times: user=0.01 sys=0.00, real=0.00 secs] 
1354.921: [GC (Allocation Failure) [PSYoungGen: 75680K->1344K(75264K)] 405843K->331507K(631808K), 0.0023923 secs] [Times: user=0.01 sys=0.00, real=0.00 secs] 
1355.480: [GC (Allocation Failure) [PSYoungGen: 75072K->1376K(74752K)] 405235K->331539K(631296K), 0.0023790 secs] [Times: user=0.01 sys=0.00, real=0.00 secs] 
1355.961: [GC (Allocation Failure) [PSYoungGen: 74592K->1533K(74240K)] 404755K->331696K(630784K), 0.0017337 secs] [Times: user=0.01 sys=0.00, real=0.00 secs] 
1356.384: [GC (Allocation Failure) [PSYoungGen: 74223K->1517K(73728K)] 404386K->331736K(630272K), 0.0016059 secs] [Times: user=0.01 sys=0.00, real=0.00 secs] 
1356.808: [GC (Allocation Failure) [PSYoungGen: 73709K->1552K(73728K)] 403928K->331771K(630272K), 0.0017964 secs] [Times: user=0.01 sys=0.00, real=0.01 secs] 
1358.082: [GC (Allocation Failure) [PSYoungGen: 73232K->464K(71680K)] 403451K->331707K(628224K), 0.0054032 secs] [Times: user=0.02 sys=0.00, real=0.00 secs] 
1358.681: [GC (Allocation Failure) [PSYoungGen: 71632K->352K(73216K)] 402875K->331595K(629760K), 0.0023575 secs] [Times: user=0.01 sys=0.00, real=0.00 secs] 
1359.308: [GC (Allocation Failure) [PSYoungGen: 71008K->368K(70656K)] 402251K->331611K(627200K), 0.0021970 secs] [Times: user=0.01 sys=0.00, real=0.01 secs] 
1359.740: [GC (Allocation Failure) [PSYoungGen: 70512K->400K(72192K)] 401755K->331659K(628736K), 0.0019339 secs] [Times: user=0.00 sys=0.00, real=0.00 secs] 
1360.116: [GC (Allocation Failure) [PSYoungGen: 70032K->1456K(70656K)] 401291K->332715K(627200K), 0.0015587 secs] [Times: user=0.01 sys=0.00, real=0.00 secs] 
1360.583: [GC (Allocation Failure) [PSYoungGen: 70576K->1520K(70656K)] 401835K->332779K(627200K), 0.0016422 secs] [Times: user=0.00 sys=0.00, real=0.00 secs] 
1361.040: [GC (Allocation Failure) [PSYoungGen: 70640K->1597K(71168K)] 401899K->332856K(627712K), 0.0018067 secs] [Times: user=0.01 sys=0.00, real=0.00 secs] 
1361.441: [GC (Allocation Failure) [PSYoungGen: 70717K->1584K(71168K)] 401976K->332843K(627712K), 0.0017620 secs] [Times: user=0.01 sys=0.00, real=0.00 secs] 
1361.816: [GC (Allocation Failure) [PSYoungGen: 70704K->1440K(70656K)] 401963K->332699K(627200K), 0.0025708 secs] [Times: user=0.01 sys=0.00, real=0.00 secs] 
1362.103: [GC (Allocation Failure) [PSYoungGen: 70560K->1376K(75264K)] 401819K->332635K(631808K), 0.0020512 secs] [Times: user=0.01 sys=0.00, real=0.00 secs] 
1362.490: [GC (Allocation Failure) [PSYoungGen: 75104K->1376K(80384K)] 406363K->332635K(636928K), 0.0019272 secs] [Times: user=0.01 sys=0.00, real=0.00 secs] 
1362.918: [GC (Allocation Failure) [PSYoungGen: 80224K->1456K(85504K)] 411483K->332715K(642048K), 0.0017372 secs] [Times: user=0.01 sys=0.00, real=0.01 secs] 
1363.409: [GC (Allocation Failure) [PSYoungGen: 85394K->1549K(85504K)] 416653K->332808K(642048K), 0.0017031 secs] [Times: user=0.01 sys=0.00, real=0.01 secs] 
1363.898: [GC (Allocation Failure) [PSYoungGen: 85005K->1549K(90624K)] 416264K->332808K(647168K), 0.0028565 secs] [Times: user=0.01 sys=0.00, real=0.01 secs] 
1364.422: [GC (Allocation Failure) [PSYoungGen: 90125K->1520K(89600K)] 421384K->332787K(646144K), 0.0022718 secs] [Times: user=0.01 sys=0.00, real=0.00 secs] 
1364.867: [GC (Allocation Failure) [PSYoungGen: 89584K->1344K(89088K)] 420851K->332627K(645632K), 0.0018265 secs] [Times: user=0.00 sys=0.00, real=0.00 secs] 
1365.648: [GC (Allocation Failure) [PSYoungGen: 88896K->1344K(88576K)] 420179K->332627K(645120K), 0.0030090 secs] [Times: user=0.01 sys=0.00, real=0.01 secs] 
1366.383: [GC (Allocation Failure) [PSYoungGen: 88384K->1424K(88064K)] 419667K->332707K(644608K), 0.0021367 secs] [Times: user=0.00 sys=0.00, real=0.00 secs] 
1366.914: [GC (Allocation Failure) [PSYoungGen: 87952K->1517K(87552K)] 419235K->332912K(644096K), 0.0016478 secs] [Times: user=0.00 sys=0.00, real=0.00 secs] 
1367.420: [GC (Allocation Failure) [PSYoungGen: 87533K->1597K(87552K)] 418928K->333016K(644096K), 0.0017531 secs] [Times: user=0.00 sys=0.00, real=0.00 secs] 
1368.059: [GC (Allocation Failure) [PSYoungGen: 87101K->496K(85504K)] 418520K->332939K(642048K), 0.0020530 secs] [Times: user=0.01 sys=0.00, real=0.01 secs] 
1368.820: [GC (Allocation Failure) [PSYoungGen: 85488K->384K(87040K)] 417931K->332827K(643584K), 0.0026728 secs] [Times: user=0.01 sys=0.00, real=0.00 secs] 
1369.596: [GC (Allocation Failure) [PSYoungGen: 84864K->368K(84480K)] 417307K->332811K(641024K), 0.0026402 secs] [Times: user=0.01 sys=0.00, real=0.01 secs] 
1370.297: [GC (Allocation Failure) [PSYoungGen: 84336K->384K(86016K)] 416779K->332827K(642560K), 0.0019756 secs] [Times: user=0.01 sys=0.00, real=0.01 secs] 
1370.870: [GC (Allocation Failure) [PSYoungGen: 83840K->1549K(84992K)] 416283K->333992K(641536K), 0.0016455 secs] [Times: user=0.01 sys=0.00, real=0.00 secs] 
1371.358: [GC (Allocation Failure) [PSYoungGen: 84493K->1629K(84480K)] 416936K->334072K(641024K), 0.0017827 secs] [Times: user=0.01 sys=0.00, real=0.01 secs] 
1371.841: [GC (Allocation Failure) [PSYoungGen: 84061K->1533K(83456K)] 416504K->333984K(640000K), 0.0016397 secs] [Times: user=0.01 sys=0.00, real=0.00 secs] 
1372.652: [GC (Allocation Failure) [PSYoungGen: 83453K->1392K(82944K)] 415904K->333843K(639488K), 0.0019092 secs] [Times: user=0.00 sys=0.00, real=0.00 secs] 
1374.016: [GC (Allocation Failure) [PSYoungGen: 82800K->1376K(82432K)] 415251K->333827K(638976K), 0.0033494 secs] [Times: user=0.02 sys=0.00, real=0.01 secs] 
1375.492: [GC (Allocation Failure) [PSYoungGen: 82272K->1376K(81920K)] 414723K->333835K(638464K), 0.0038392 secs] [Times: user=0.01 sys=0.00, real=0.00 secs] 
1376.338: [GC (Allocation Failure) [PSYoungGen: 81760K->1469K(81408K)] 414219K->333928K(637952K), 0.0016799 secs] [Times: user=0.01 sys=0.00, real=0.01 secs] 
1376.807: [GC (Allocation Failure) [PSYoungGen: 81341K->1533K(80896K)] 413800K->333992K(637440K), 0.0016432 secs] [Times: user=0.01 sys=0.00, real=0.00 secs] 
1377.269: [GC (Allocation Failure) [PSYoungGen: 80884K->1549K(80896K)] 413344K->334008K(637440K), 0.0016467 secs] [Times: user=0.01 sys=0.00, real=0.00 secs] 
1378.200: [GC (Allocation Failure) [PSYoungGen: 80397K->1424K(79872K)] 412856K->333883K(636416K), 0.0025026 secs] [Times: user=0.01 sys=0.00, real=0.00 secs] 
1379.276: [GC (Allocation Failure) [PSYoungGen: 79760K->1360K(79360K)] 412219K->333819K(635904K), 0.0033777 secs] [Times: user=0.01 sys=0.00, real=0.01 secs] 
1380.734: [GC (Allocation Failure) [PSYoungGen: 79184K->1408K(78848K)] 411643K->333883K(635392K), 0.0035896 secs] [Times: user=0.01 sys=0.00, real=0.00 secs] 
1381.990: [GC (Allocation Failure) [PSYoungGen: 78720K->1344K(78336K)] 411195K->333819K(634880K), 0.0036440 secs] [Times: user=0.02 sys=0.00, real=0.00 secs] 
1382.724: [GC (Allocation Failure) [PSYoungGen: 78144K->1501K(77824K)] 410619K->333976K(634368K), 0.0016430 secs] [Times: user=0.00 sys=0.00, real=0.00 secs] 
1383.169: [GC (Allocation Failure) [PSYoungGen: 77777K->1517K(77312K)] 410252K->334096K(633856K), 0.0015842 secs] [Times: user=0.01 sys=0.00, real=0.00 secs] 
1383.611: [GC (Allocation Failure) [PSYoungGen: 77293K->1565K(77312K)] 409872K->334144K(633856K), 0.0016302 secs] [Times: user=0.01 sys=0.00, real=0.00 secs] 
1384.066: [GC (Allocation Failure) [PSYoungGen: 76829K->432K(75264K)] 409408K->334035K(631808K), 0.0019904 secs] [Times: user=0.00 sys=0.00, real=0.00 secs] 
1384.411: [GC (Allocation Failure) [PSYoungGen: 75184K->384K(76800K)] 408787K->333987K(633344K), 0.0025431 secs] [Times: user=0.01 sys=0.00, real=0.00 secs] 
1384.720: [GC (Allocation Failure) [PSYoungGen: 74624K->384K(79872K)] 408227K->333987K(636416K), 0.0023492 secs] [Times: user=0.01 sys=0.00, real=0.00 secs] 
1385.125: [GC (Allocation Failure) [PSYoungGen: 79744K->384K(87040K)] 413347K->333987K(643584K), 0.0019312 secs] [Times: user=0.01 sys=0.00, real=0.00 secs] 
1385.691: [GC (Allocation Failure) [PSYoungGen: 84864K->1533K(85504K)] 418467K->335136K(642048K), 0.0016383 secs] [Times: user=0.01 sys=0.00, real=0.00 secs] 
1386.179: [GC (Allocation Failure) [PSYoungGen: 85501K->1613K(85504K)] 419104K->335216K(642048K), 0.0017195 secs] [Times: user=0.00 sys=0.00, real=0.00 secs] 
1386.727: [GC (Allocation Failure) [PSYoungGen: 85069K->1808K(84992K)] 418672K->335411K(641536K), 0.0021302 secs] [Times: user=0.00 sys=0.00, real=0.01 secs] 
1387.159: [GC (Allocation Failure) [PSYoungGen: 84752K->1344K(83968K)] 418355K->334947K(640512K), 0.0019394 secs] [Times: user=0.01 sys=0.00, real=0.00 secs] 
1387.510: [GC (Allocation Failure) [PSYoungGen: 83776K->1376K(89600K)] 417379K->334987K(646144K), 0.0027864 secs] [Times: user=0.00 sys=0.00, real=0.00 secs] 
1387.928: [GC (Allocation Failure) [PSYoungGen: 89440K->1376K(95232K)] 423051K->334987K(651776K), 0.0019467 secs] [Times: user=0.01 sys=0.00, real=0.01 secs] 
1388.490: [GC (Allocation Failure) [PSYoungGen: 95072K->1549K(95232K)] 428683K->335184K(651776K), 0.0016650 secs] [Times: user=0.01 sys=0.00, real=0.00 secs] 
1389.035: [GC (Allocation Failure) [PSYoungGen: 94733K->1597K(94720K)] 428368K->335232K(651264K), 0.0016890 secs] [Times: user=0.01 sys=0.00, real=0.00 secs] 
1389.806: [GC (Allocation Failure) [PSYoungGen: 94269K->1520K(93696K)] 427904K->335155K(650240K), 0.0024127 secs] [Times: user=0.01 sys=0.00, real=0.00 secs] 
1391.296: [GC (Allocation Failure) [PSYoungGen: 93680K->1408K(93184K)] 427315K->335043K(649728K), 0.0032174 secs] [Times: user=0.00 sys=0.00, real=0.01 secs] 
1391.917: [GC (Allocation Failure) [PSYoungGen: 93056K->1344K(92672K)] 426691K->334979K(649216K), 0.0020094 secs] [Times: user=0.01 sys=0.00, real=0.00 secs] 
1392.402: [GC (Allocation Failure) [PSYoungGen: 92480K->1424K(92160K)] 426115K->335067K(648704K), 0.0016915 secs] [Times: user=0.01 sys=0.00, real=0.00 secs] 
1392.934: [GC (Allocation Failure) [PSYoungGen: 92048K->1616K(92160K)] 425691K->335259K(648704K), 0.0017175 secs] [Times: user=0.01 sys=0.00, real=0.00 secs] 
1393.464: [GC (Allocation Failure) [PSYoungGen: 91728K->1565K(91648K)] 425371K->335208K(648192K), 0.0016898 secs] [Times: user=0.01 sys=0.00, real=0.00 secs] 
1394.337: [GC (Allocation Failure) [PSYoungGen: 91165K->1488K(90624K)] 424808K->335131K(647168K), 0.0023787 secs] [Times: user=0.01 sys=0.00, real=0.01 secs] 
1395.132: [GC (Allocation Failure) [PSYoungGen: 90576K->1344K(90112K)] 424219K->334987K(646656K), 0.0023907 secs] [Times: user=0.01 sys=0.00, real=0.00 secs] 
1395.790: [GC (Allocation Failure) [PSYoungGen: 89920K->1328K(89600K)] 423563K->334971K(646144K), 0.0024859 secs] [Times: user=0.01 sys=0.00, real=0.00 secs] 
1396.555: [GC (Allocation Failure) [PSYoungGen: 89392K->1469K(89088K)] 423035K->335120K(645632K), 0.0015741 secs] [Times: user=0.01 sys=0.00, real=0.00 secs] 
1397.070: [GC (Allocation Failure) [PSYoungGen: 89021K->1533K(88576K)] 422672K->335264K(645120K), 0.0016311 secs] [Times: user=0.01 sys=0.00, real=0.00 secs] 
1397.574: [GC (Allocation Failure) [PSYoungGen: 88573K->1565K(88576K)] 422304K->335296K(645120K), 0.0017388 secs] [Times: user=0.00 sys=0.00, real=0.00 secs] 
1398.320: [GC (Allocation Failure) [PSYoungGen: 88093K->464K(86528K)] 421824K->335219K(643072K), 0.0022186 secs] [Times: user=0.01 sys=0.00, real=0.00 secs] 
1399.047: [GC (Allocation Failure) [PSYoungGen: 86480K->352K(88064K)] 421235K->335107K(644608K), 0.0024755 secs] [Times: user=0.01 sys=0.00, real=0.01 secs] 
1399.429: [GC (Allocation Failure) [PSYoungGen: 85856K->400K(85504K)] 420611K->335155K(642048K), 0.0020228 secs] [Times: user=0.01 sys=0.00, real=0.00 secs] 
1399.881: [GC (Allocation Failure) [PSYoungGen: 85392K->1469K(87040K)] 420147K->336224K(643584K), 0.0014932 secs] [Times: user=0.00 sys=0.00, real=0.00 secs] 
1400.376: [GC (Allocation Failure) [PSYoungGen: 85949K->1565K(86016K)] 420704K->336328K(642560K), 0.0017600 secs] [Times: user=0.00 sys=0.00, real=0.00 secs] 
1400.863: [GC (Allocation Failure) [PSYoungGen: 85533K->1597K(85504K)] 420296K->336360K(642048K), 0.0016735 secs] [Times: user=0.01 sys=0.00, real=0.00 secs] 
1401.426: [GC (Allocation Failure) [PSYoungGen: 85053K->1488K(84480K)] 419816K->336251K(641024K), 0.0020642 secs] [Times: user=0.01 sys=0.00, real=0.00 secs] 
1401.777: [GC (Allocation Failure) [PSYoungGen: 84432K->1408K(83968K)] 419195K->336171K(640512K), 0.0020517 secs] [Times: user=0.01 sys=0.00, real=0.01 secs] 
1402.155: [GC (Allocation Failure) [PSYoungGen: 83840K->1408K(83456K)] 418603K->336171K(640000K), 0.0019937 secs] [Times: user=0.01 sys=0.01, real=0.00 secs] 
1402.578: [GC (Allocation Failure) [PSYoungGen: 83328K->1408K(82944K)] 418091K->336179K(639488K), 0.0018582 secs] [Times: user=0.00 sys=0.00, real=0.01 secs] 
1403.220: [GC (Allocation Failure) [PSYoungGen: 82816K->1584K(82944K)] 417587K->336355K(639488K), 0.0016820 secs] [Times: user=0.01 sys=0.00, real=0.00 secs] 
1403.694: [GC (Allocation Failure) [PSYoungGen: 82480K->1565K(82432K)] 417251K->336336K(638976K), 0.0017264 secs] [Times: user=0.01 sys=0.00, real=0.00 secs] 
1404.167: [GC (Allocation Failure) [PSYoungGen: 81949K->1520K(81408K)] 416720K->336363K(637952K), 0.0016143 secs] [Times: user=0.00 sys=0.00, real=0.01 secs] 
1404.914: [GC (Allocation Failure) [PSYoungGen: 81392K->1408K(80896K)] 416235K->336259K(637440K), 0.0024257 secs] [Times: user=0.01 sys=0.00, real=0.00 secs] 
1405.588: [GC (Allocation Failure) [PSYoungGen: 80768K->1376K(80384K)] 415619K->336227K(636928K), 0.0021859 secs] [Times: user=0.01 sys=0.00, real=0.01 secs] 
1406.302: [GC (Allocation Failure) [PSYoungGen: 80224K->1344K(79872K)] 415075K->336203K(636416K), 0.0023343 secs] [Times: user=0.01 sys=0.00, real=0.00 secs] 
1407.111: [GC (Allocation Failure) [PSYoungGen: 79680K->1437K(79360K)] 414539K->336296K(635904K), 0.0017303 secs] [Times: user=0.00 sys=0.00, real=0.00 secs] 
1407.641: [GC (Allocation Failure) [PSYoungGen: 79261K->1533K(78848K)] 414120K->336392K(635392K), 0.0018864 secs] [Times: user=0.00 sys=0.00, real=0.00 secs] 
1408.092: [GC (Allocation Failure) [PSYoungGen: 78845K->1533K(78336K)] 413704K->336424K(634880K), 0.0015579 secs] [Times: user=0.01 sys=0.00, real=0.00 secs] 
1408.733: [GC (Allocation Failure) [PSYoungGen: 78333K->1456K(77824K)] 413224K->336363K(634368K), 0.0031574 secs] [Times: user=0.00 sys=0.00, real=0.00 secs] 
1409.440: [GC (Allocation Failure) [PSYoungGen: 77744K->1376K(77312K)] 412651K->336283K(633856K), 0.0029995 secs] [Times: user=0.02 sys=0.00, real=0.00 secs] 
1410.176: [GC (Allocation Failure) [PSYoungGen: 77152K->1376K(76800K)] 412059K->336283K(633344K), 0.0021605 secs] [Times: user=0.01 sys=0.00, real=0.00 secs] 
1410.615: [GC (Allocation Failure) [PSYoungGen: 76640K->1344K(76288K)] 411547K->336251K(632832K), 0.0020337 secs] [Times: user=0.01 sys=0.00, real=0.00 secs] 
1411.016: [GC (Allocation Failure) [PSYoungGen: 76096K->1456K(75776K)] 411003K->336363K(632320K), 0.0016344 secs] [Times: user=0.01 sys=0.00, real=0.00 secs] 
1411.450: [GC (Allocation Failure) [PSYoungGen: 75696K->1520K(75264K)] 410603K->336459K(631808K), 0.0015839 secs] [Times: user=0.00 sys=0.00, real=0.00 secs] 
1411.939: [GC (Allocation Failure) [PSYoungGen: 75248K->1549K(75264K)] 410187K->336488K(631808K), 0.0016722 secs] [Times: user=0.00 sys=0.00, real=0.01 secs] 
1412.437: [GC (Allocation Failure) [PSYoungGen: 74765K->496K(73216K)] 409704K->336467K(629760K), 0.0021448 secs] [Times: user=0.00 sys=0.00, real=0.01 secs] 
1412.762: [GC (Allocation Failure) [PSYoungGen: 73200K->352K(74240K)] 409171K->336323K(630784K), 0.0016762 secs] [Times: user=0.00 sys=0.00, real=0.00 secs] 
1413.249: [GC (Allocation Failure) [PSYoungGen: 72544K->336K(72192K)] 408515K->336315K(628736K), 0.0020653 secs] [Times: user=0.01 sys=0.00, real=0.00 secs] 
1413.869: [GC (Allocation Failure) [PSYoungGen: 72016K->352K(73728K)] 407995K->336331K(630272K), 0.0018602 secs] [Times: user=0.01 sys=0.00, real=0.01 secs] 
1414.612: [GC (Allocation Failure) [PSYoungGen: 71520K->1456K(72192K)] 407499K->337435K(628736K), 0.0015374 secs] [Times: user=0.01 sys=0.00, real=0.00 secs] 
1415.023: [GC (Allocation Failure) [PSYoungGen: 72112K->1533K(71680K)] 408091K->337512K(628224K), 0.0016865 secs] [Times: user=0.00 sys=0.00, real=0.00 secs] 
1415.433: [GC (Allocation Failure) [PSYoungGen: 71677K->1613K(71680K)] 407656K->337592K(628224K), 0.0016966 secs] [Times: user=0.00 sys=0.00, real=0.00 secs] 
1415.850: [GC (Allocation Failure) [PSYoungGen: 71233K->1581K(71168K)] 407212K->337560K(627712K), 0.0017190 secs] [Times: user=0.01 sys=0.00, real=0.00 secs] 
1416.184: [GC (Allocation Failure) [PSYoungGen: 70701K->1424K(70656K)] 406680K->337411K(627200K), 0.0017757 secs] [Times: user=0.01 sys=0.00, real=0.00 secs] 
1416.471: [GC (Allocation Failure) [PSYoungGen: 70544K->1312K(70656K)] 406531K->337299K(627200K), 0.0017814 secs] [Times: user=0.01 sys=0.00, real=0.00 secs] 
1416.811: [GC (Allocation Failure) [PSYoungGen: 70432K->1360K(75264K)] 406419K->337363K(631808K), 0.0024278 secs] [Times: user=0.00 sys=0.00, real=0.00 secs] 
1417.352: [GC (Allocation Failure) [PSYoungGen: 75088K->1312K(74752K)] 411091K->337315K(631296K), 0.0026098 secs] [Times: user=0.01 sys=0.00, real=0.00 secs] 
1417.886: [GC (Allocation Failure) [PSYoungGen: 74528K->1533K(74240K)] 410531K->337536K(630784K), 0.0015730 secs] [Times: user=0.00 sys=0.00, real=0.00 secs] 
1418.310: [GC (Allocation Failure) [PSYoungGen: 74237K->1581K(74240K)] 410240K->337584K(630784K), 0.0017127 secs] [Times: user=0.00 sys=0.00, real=0.00 secs] 
1418.731: [GC (Allocation Failure) [PSYoungGen: 73773K->1501K(73216K)] 409776K->337504K(629760K), 0.0016916 secs] [Times: user=0.00 sys=0.00, real=0.00 secs] 
1419.116: [GC (Allocation Failure) [PSYoungGen: 73181K->1456K(72704K)] 409184K->337475K(629248K), 0.0019311 secs] [Times: user=0.00 sys=0.00, real=0.00 secs] 
1419.412: [GC (Allocation Failure) [PSYoungGen: 72624K->1296K(72192K)] 408643K->337315K(628736K), 0.0018062 secs] [Times: user=0.01 sys=0.00, real=0.00 secs] 
1419.705: [GC (Allocation Failure) [PSYoungGen: 71952K->1376K(76800K)] 407971K->337395K(633344K), 0.0018956 secs] [Times: user=0.01 sys=0.00, real=0.00 secs] 
1420.019: [GC (Allocation Failure) [PSYoungGen: 76640K->1408K(82432K)] 412659K->337427K(638976K), 0.0025394 secs] [Times: user=0.01 sys=0.00, real=0.00 secs] 
1420.499: [GC (Allocation Failure) [PSYoungGen: 82304K->1501K(88064K)] 418323K->337520K(644608K), 0.0017237 secs] [Times: user=0.00 sys=0.00, real=0.00 secs] 
1421.066: [GC (Allocation Failure) [PSYoungGen: 88029K->1517K(87552K)] 424048K->337648K(644096K), 0.0017057 secs] [Times: user=0.01 sys=0.00, real=0.00 secs] 
1421.571: [GC (Allocation Failure) [PSYoungGen: 87533K->1613K(87552K)] 423664K->337744K(644096K), 0.0017894 secs] [Times: user=0.00 sys=0.00, real=0.00 secs] 
1421.977: [GC (Allocation Failure) [PSYoungGen: 87117K->368K(85504K)] 423248K->337523K(642048K), 0.0020938 secs] [Times: user=0.01 sys=0.00, real=0.01 secs] 
1422.330: [GC (Allocation Failure) [PSYoungGen: 85360K->320K(87040K)] 422515K->337483K(643584K), 0.0018421 secs] [Times: user=0.01 sys=0.00, real=0.00 secs] 
1422.680: [GC (Allocation Failure) [PSYoungGen: 84800K->320K(84480K)] 421963K->337483K(641024K), 0.0021273 secs] [Times: user=0.01 sys=0.00, real=0.00 secs] 
1423.251: [GC (Allocation Failure) [PSYoungGen: 84288K->1501K(86016K)] 421451K->338664K(642560K), 0.0015710 secs] [Times: user=0.01 sys=0.00, real=0.00 secs] 
1423.790: [GC (Allocation Failure) [PSYoungGen: 84957K->1581K(84992K)] 422120K->338744K(641536K), 0.0017569 secs] [Times: user=0.01 sys=0.00, real=0.00 secs] 
1424.340: [GC (Allocation Failure) [PSYoungGen: 84525K->1597K(84480K)] 421688K->338760K(641024K), 0.0017513 secs] [Times: user=0.01 sys=0.00, real=0.00 secs] 
1424.834: [GC (Allocation Failure) [PSYoungGen: 84029K->1456K(83456K)] 421192K->338627K(640000K), 0.0027704 secs] [Times: user=0.01 sys=0.00, real=0.00 secs] 
1425.283: [GC (Allocation Failure) [PSYoungGen: 83376K->1408K(82944K)] 420547K->338579K(639488K), 0.0020450 secs] [Times: user=0.00 sys=0.00, real=0.00 secs] 
1425.959: [GC (Allocation Failure) [PSYoungGen: 82816K->1408K(82432K)] 419987K->338587K(638976K), 0.0024786 secs] [Times: user=0.00 sys=0.00, real=0.00 secs] 
1426.619: [GC (Allocation Failure) [PSYoungGen: 82304K->1469K(81920K)] 419483K->338648K(638464K), 0.0022566 secs] [Times: user=0.01 sys=0.00, real=0.00 secs] 
1427.123: [GC (Allocation Failure) [PSYoungGen: 81853K->1581K(81920K)] 419032K->338760K(638464K), 0.0017311 secs] [Times: user=0.01 sys=0.00, real=0.00 secs] 
1427.591: [GC (Allocation Failure) [PSYoungGen: 81453K->1584K(81408K)] 418632K->338763K(637952K), 0.0018199 secs] [Times: user=0.01 sys=0.00, real=0.00 secs] 
1428.054: [GC (Allocation Failure) [PSYoungGen: 80916K->1517K(80384K)] 418095K->338816K(636928K), 0.0016247 secs] [Times: user=0.01 sys=0.00, real=0.00 secs] 
1428.380: [GC (Allocation Failure) [PSYoungGen: 80365K->1440K(79872K)] 417664K->338739K(636416K), 0.0016957 secs] [Times: user=0.00 sys=0.00, real=0.00 secs] 
1428.705: [GC (Allocation Failure) [PSYoungGen: 79776K->1408K(79360K)] 417075K->338707K(635904K), 0.0015475 secs] [Times: user=0.01 sys=0.00, real=0.00 secs] 
1429.028: [GC (Allocation Failure) [PSYoungGen: 79232K->1440K(78848K)] 416531K->338739K(635392K), 0.0024803 secs] [Times: user=0.01 sys=0.00, real=0.01 secs] 
1429.473: [GC (Allocation Failure) [PSYoungGen: 78752K->1456K(78336K)] 416051K->338755K(634880K), 0.0015822 secs] [Times: user=0.01 sys=0.00, real=0.00 secs] 
1429.922: [GC (Allocation Failure) [PSYoungGen: 78256K->1520K(77824K)] 415555K->338819K(634368K), 0.0017634 secs] [Times: user=0.00 sys=0.00, real=0.00 secs] 
1430.371: [GC (Allocation Failure) [PSYoungGen: 77808K->1533K(77312K)] 415107K->338864K(633856K), 0.0016211 secs] [Times: user=0.00 sys=0.00, real=0.00 secs] 
1430.937: [GC (Allocation Failure) [PSYoungGen: 77309K->1568K(77312K)] 414640K->338899K(633856K), 0.0022493 secs] [Times: user=0.01 sys=0.00, real=0.01 secs] 
1431.746: [GC (Allocation Failure) [PSYoungGen: 76832K->384K(75264K)] 414163K->338739K(631808K), 0.0021311 secs] [Times: user=0.01 sys=0.00, real=0.00 secs] 
1432.238: [GC (Allocation Failure) [PSYoungGen: 75136K->352K(76800K)] 413491K->338715K(633344K), 0.0020747 secs] [Times: user=0.00 sys=0.00, real=0.01 secs] 
1432.552: [GC (Allocation Failure) [PSYoungGen: 74592K->352K(74240K)] 412955K->338715K(630784K), 0.0023542 secs] [Times: user=0.01 sys=0.01, real=0.00 secs] 
1432.949: [GC (Allocation Failure) [PSYoungGen: 74080K->1469K(75776K)] 412443K->339832K(632320K), 0.0016065 secs] [Times: user=0.01 sys=0.00, real=0.00 secs] 
1433.379: [GC (Allocation Failure) [PSYoungGen: 74685K->1581K(74752K)] 413048K->339944K(631296K), 0.0017609 secs] [Times: user=0.01 sys=0.00, real=0.00 secs] 
1433.802: [GC (Allocation Failure) [PSYoungGen: 74253K->1501K(73728K)] 412617K->339864K(630272K), 0.0016658 secs] [Times: user=0.01 sys=0.00, real=0.00 secs] 
1434.346: [GC (Allocation Failure) [PSYoungGen: 73693K->1968K(73728K)] 412056K->340331K(630272K), 0.0018273 secs] [Times: user=0.01 sys=0.00, real=0.00 secs] 
1435.298: [GC (Allocation Failure) [PSYoungGen: 73648K->1376K(72704K)] 412011K->339739K(629248K), 0.0036769 secs] [Times: user=0.02 sys=0.00, real=0.01 secs] 
1435.929: [GC (Allocation Failure) [PSYoungGen: 72544K->1344K(72192K)] 410907K->339707K(628736K), 0.0021890 secs] [Times: user=0.01 sys=0.00, real=0.00 secs] 
1436.415: [GC (Allocation Failure) [PSYoungGen: 72000K->1344K(71680K)] 410363K->339707K(628224K), 0.0021612 secs] [Times: user=0.01 sys=0.00, real=0.00 secs] 
1436.810: [GC (Allocation Failure) [PSYoungGen: 71488K->1456K(71168K)] 409851K->339819K(627712K), 0.0017995 secs] [Times: user=0.01 sys=0.00, real=0.00 secs] 
1437.222: [GC (Allocation Failure) [PSYoungGen: 71088K->1549K(71168K)] 409451K->339912K(627712K), 0.0016825 secs] [Times: user=0.01 sys=0.00, real=0.00 secs] 
1437.625: [GC (Allocation Failure) [PSYoungGen: 70669K->1565K(71168K)] 409032K->339928K(627712K), 0.0015241 secs] [Times: user=0.00 sys=0.00, real=0.00 secs] 
1438.027: [GC (Allocation Failure) [PSYoungGen: 70685K->1501K(70656K)] 409048K->339888K(627200K), 0.0016810 secs] [Times: user=0.00 sys=0.00, real=0.00 secs] 
1438.384: [GC (Allocation Failure) [PSYoungGen: 70621K->1392K(70656K)] 409008K->339779K(627200K), 0.0018170 secs] [Times: user=0.01 sys=0.00, real=0.00 secs] 
1438.671: [GC (Allocation Failure) [PSYoungGen: 70512K->1344K(70656K)] 408899K->339731K(627200K), 0.0017475 secs] [Times: user=0.01 sys=0.00, real=0.00 secs] 
1438.969: [GC (Allocation Failure) [PSYoungGen: 70464K->1328K(70656K)] 408851K->339715K(627200K), 0.0018284 secs] [Times: user=0.01 sys=0.00, real=0.00 secs] 
1439.259: [GC (Allocation Failure) [PSYoungGen: 70448K->1312K(75776K)] 408835K->339699K(632320K), 0.0022632 secs] [Times: user=0.01 sys=0.00, real=0.00 secs] 
1439.721: [GC (Allocation Failure) [PSYoungGen: 75527K->1469K(75264K)] 413915K->339856K(631808K), 0.0016415 secs] [Times: user=0.01 sys=0.00, real=0.00 secs] 
1440.214: [GC (Allocation Failure) [PSYoungGen: 75197K->1517K(74752K)] 413584K->339904K(631296K), 0.0017350 secs] [Times: user=0.00 sys=0.00, real=0.00 secs] 
1440.644: [GC (Allocation Failure) [PSYoungGen: 74733K->1501K(74240K)] 413120K->339888K(630784K), 0.0017263 secs] [Times: user=0.01 sys=0.00, real=0.00 secs] 
1441.060: [GC (Allocation Failure) [PSYoungGen: 74205K->1472K(73728K)] 412592K->339859K(630272K), 0.0022266 secs] [Times: user=0.01 sys=0.00, real=0.00 secs] 
1441.361: [GC (Allocation Failure) [PSYoungGen: 73664K->1376K(78848K)] 412051K->339763K(635392K), 0.0020364 secs] [Times: user=0.00 sys=0.00, real=0.00 secs] 
1441.683: [GC (Allocation Failure) [PSYoungGen: 78688K->1392K(84480K)] 417075K->339779K(641024K), 0.0019281 secs] [Times: user=0.01 sys=0.00, real=0.00 secs] 
1442.206: [GC (Allocation Failure) [PSYoungGen: 84336K->1376K(90112K)] 422723K->339763K(646656K), 0.0027894 secs] [Times: user=0.01 sys=0.00, real=0.01 secs] 
1442.869: [GC (Allocation Failure) [PSYoungGen: 89952K->1501K(89600K)] 428339K->339888K(646144K), 0.0017028 secs] [Times: user=0.01 sys=0.00, real=0.00 secs] 
1443.381: [GC (Allocation Failure) [PSYoungGen: 89565K->1533K(89088K)] 427952K->339936K(645632K), 0.0016575 secs] [Times: user=0.01 sys=0.00, real=0.00 secs] 
1443.889: [GC (Allocation Failure) [PSYoungGen: 89085K->1581K(89088K)] 427488K->339984K(645632K), 0.0017205 secs] [Times: user=0.01 sys=0.00, real=0.00 secs] 
1444.855: [GC (Allocation Failure) [PSYoungGen: 88621K->352K(87040K)] 427024K->339779K(643584K), 0.0022385 secs] [Times: user=0.01 sys=0.00, real=0.00 secs] 
1445.215: [GC (Allocation Failure) [PSYoungGen: 86880K->384K(88064K)] 426307K->339811K(644608K), 0.0020903 secs] [Times: user=0.01 sys=0.00, real=0.00 secs] 
1445.572: [GC (Allocation Failure) [PSYoungGen: 86400K->384K(86016K)] 425827K->339811K(642560K), 0.0018774 secs] [Times: user=0.01 sys=0.00, real=0.00 secs] 
1446.088: [GC (Allocation Failure) [PSYoungGen: 85888K->1533K(87552K)] 425315K->340960K(644096K), 0.0015396 secs] [Times: user=0.00 sys=0.00, real=0.01 secs] 
1446.651: [GC (Allocation Failure) [PSYoungGen: 86525K->1597K(86528K)] 425952K->341024K(643072K), 0.0017309 secs] [Times: user=0.01 sys=0.00, real=0.00 secs] 
1447.148: [GC (Allocation Failure) [PSYoungGen: 86077K->1613K(86016K)] 425504K->341040K(642560K), 0.0017835 secs] [Times: user=0.01 sys=0.00, real=0.01 secs] 
1448.090: [GC (Allocation Failure) [PSYoungGen: 85581K->1408K(84992K)] 425008K->340851K(641536K), 0.0040941 secs] [Times: user=0.01 sys=0.00, real=0.00 secs] 
1448.882: [GC (Allocation Failure) [PSYoungGen: 84864K->1328K(84480K)] 424307K->340771K(641024K), 0.0022231 secs] [Times: user=0.01 sys=0.00, real=0.00 secs] 
1449.226: [GC (Allocation Failure) [PSYoungGen: 84272K->1312K(83968K)] 423715K->340755K(640512K), 0.0020361 secs] [Times: user=0.01 sys=0.00, real=0.00 secs] 
1449.660: [GC (Allocation Failure) [PSYoungGen: 83744K->1437K(83456K)] 423187K->340880K(640000K), 0.0016472 secs] [Times: user=0.00 sys=0.00, real=0.00 secs] 
1450.133: [GC (Allocation Failure) [PSYoungGen: 83357K->1533K(82944K)] 422800K->340976K(639488K), 0.0016596 secs] [Times: user=0.01 sys=0.00, real=0.00 secs] 
1450.610: [GC (Allocation Failure) [PSYoungGen: 82941K->1533K(82432K)] 422384K->340976K(638976K), 0.0016458 secs] [Times: user=0.01 sys=0.00, real=0.00 secs] 
1451.060: [GC (Allocation Failure) [PSYoungGen: 82429K->1424K(81920K)] 421872K->340867K(638464K), 0.0018372 secs] [Times: user=0.01 sys=0.00, real=0.00 secs] 
1451.394: [GC (Allocation Failure) [PSYoungGen: 81808K->1344K(81408K)] 421251K->340787K(637952K), 0.0017341 secs] [Times: user=0.01 sys=0.00, real=0.00 secs] 
1451.725: [GC (Allocation Failure) [PSYoungGen: 81216K->1376K(80896K)] 420659K->340819K(637440K), 0.0016725 secs] [Times: user=0.01 sys=0.00, real=0.00 secs] 
1452.054: [GC (Allocation Failure) [PSYoungGen: 80736K->1344K(80384K)] 420179K->340787K(636928K), 0.0018181 secs] [Times: user=0.00 sys=0.00, real=0.00 secs] 
1452.523: [GC (Allocation Failure) [PSYoungGen: 80166K->1517K(79872K)] 419610K->341024K(636416K), 0.0016834 secs] [Times: user=0.00 sys=0.00, real=0.00 secs] 
1452.980: [GC (Allocation Failure) [PSYoungGen: 79853K->1533K(79360K)] 419360K->341040K(635904K), 0.0016787 secs] [Times: user=0.01 sys=0.00, real=0.00 secs] 
1453.438: [GC (Allocation Failure) [PSYoungGen: 79357K->1517K(78848K)] 418864K->341120K(635392K), 0.0015988 secs] [Times: user=0.01 sys=0.00, real=0.01 secs] 
1454.202: [GC (Allocation Failure) [PSYoungGen: 78829K->1392K(78336K)] 418432K->340995K(634880K), 0.0022903 secs] [Times: user=0.01 sys=0.00, real=0.00 secs] 
1454.731: [GC (Allocation Failure) [PSYoungGen: 78192K->1392K(77824K)] 417795K->340995K(634368K), 0.0018394 secs] [Times: user=0.01 sys=0.00, real=0.00 secs] 
1455.365: [GC (Allocation Failure) [PSYoungGen: 77680K->1344K(77312K)] 417283K->340955K(633856K), 0.0037125 secs] [Times: user=0.01 sys=0.00, real=0.00 secs] 
1456.077: [GC (Allocation Failure) [PSYoungGen: 77120K->1437K(76800K)] 416731K->341056K(633344K), 0.0019519 secs] [Times: user=0.01 sys=0.00, real=0.01 secs] 
1456.620: [GC (Allocation Failure) [PSYoungGen: 76701K->1552K(76800K)] 416320K->341179K(633344K), 0.0015890 secs] [Times: user=0.00 sys=0.00, real=0.00 secs] 
1457.122: [GC (Allocation Failure) [PSYoungGen: 76304K->496K(74752K)] 415931K->341147K(631296K), 0.0017203 secs] [Times: user=0.01 sys=0.00, real=0.00 secs] 
1457.553: [GC (Allocation Failure) [PSYoungGen: 74731K->461K(75776K)] 415382K->341112K(632320K), 0.0018038 secs] [Times: user=0.01 sys=0.00, real=0.00 secs] 
1457.902: [GC (Allocation Failure) [PSYoungGen: 74189K->1376K(74752K)] 414840K->342043K(631296K), 0.0025144 secs] [Times: user=0.00 sys=0.00, real=0.00 secs] 
1458.202: [GC (Allocation Failure) [PSYoungGen: 74592K->1376K(74240K)] 415259K->342043K(630784K), 0.0021228 secs] [Times: user=0.01 sys=0.00, real=0.00 secs] 
1458.504: [GC (Allocation Failure) [PSYoungGen: 74080K->1344K(79360K)] 414747K->342011K(635904K), 0.0019741 secs] [Times: user=0.00 sys=0.00, real=0.00 secs] 
1458.880: [GC (Allocation Failure) [PSYoungGen: 79168K->1392K(78848K)] 419835K->342059K(635392K), 0.0015773 secs] [Times: user=0.01 sys=0.00, real=0.00 secs] 
1459.330: [GC (Allocation Failure) [PSYoungGen: 78704K->1517K(78336K)] 419371K->342184K(634880K), 0.0016277 secs] [Times: user=0.01 sys=0.00, real=0.00 secs] 
1459.783: [GC (Allocation Failure) [PSYoungGen: 78317K->1581K(78336K)] 418984K->342248K(634880K), 0.0017134 secs] [Times: user=0.01 sys=0.00, real=0.00 secs] 
1460.231: [GC (Allocation Failure) [PSYoungGen: 77869K->560K(76800K)] 418536K->342251K(633344K), 0.0016564 secs] [Times: user=0.01 sys=0.00, real=0.00 secs] 
1461.053: [GC (Allocation Failure) [PSYoungGen: 76336K->1376K(76800K)] 418027K->343067K(633344K), 0.0020983 secs] [Times: user=0.01 sys=0.00, real=0.00 secs] 
1461.782: [GC (Allocation Failure) [PSYoungGen: 76640K->1344K(76288K)] 418331K->343035K(632832K), 0.0023301 secs] [Times: user=0.01 sys=0.00, real=0.00 secs] 
1462.518: [GC (Allocation Failure) [PSYoungGen: 76096K->1376K(75776K)] 417787K->343067K(632320K), 0.0029379 secs] [Times: user=0.01 sys=0.00, real=0.01 secs] 
1463.119: [GC (Allocation Failure) [PSYoungGen: 75592K->1504K(75264K)] 417283K->343195K(631808K), 0.0015460 secs] [Times: user=0.00 sys=0.00, real=0.00 secs] 
1463.552: [GC (Allocation Failure) [PSYoungGen: 75232K->1533K(74752K)] 416923K->343224K(631296K), 0.0016226 secs] [Times: user=0.01 sys=0.00, real=0.00 secs] 
1463.981: [GC (Allocation Failure) [PSYoungGen: 74749K->1517K(74240K)] 416440K->343272K(630784K), 0.0015967 secs] [Times: user=0.01 sys=0.00, real=0.00 secs] 
1464.404: [GC (Allocation Failure) [PSYoungGen: 74221K->1517K(73728K)] 415976K->343272K(630272K), 0.0016661 secs] [Times: user=0.01 sys=0.00, real=0.00 secs] 
1465.702: [GC (Allocation Failure) [PSYoungGen: 73709K->1408K(73216K)] 415464K->343163K(629760K), 0.0040327 secs] [Times: user=0.01 sys=0.00, real=0.00 secs] 
1466.663: [GC (Allocation Failure) [PSYoungGen: 73088K->1408K(72704K)] 414843K->343163K(629248K), 0.0039388 secs] [Times: user=0.01 sys=0.00, real=0.00 secs] 
1467.337: [GC (Allocation Failure) [PSYoungGen: 72576K->1408K(72192K)] 414331K->343163K(628736K), 0.0026192 secs] [Times: user=0.01 sys=0.00, real=0.01 secs] 
1467.926: [GC (Allocation Failure) [PSYoungGen: 72064K->1344K(71680K)] 413819K->343099K(628224K), 0.0022938 secs] [Times: user=0.01 sys=0.00, real=0.00 secs] 
1468.512: [GC (Allocation Failure) [PSYoungGen: 71488K->1517K(71168K)] 413243K->343272K(627712K), 0.0016348 secs] [Times: user=0.01 sys=0.00, real=0.00 secs] 
1468.920: [GC (Allocation Failure) [PSYoungGen: 71130K->1565K(71168K)] 412886K->343320K(627712K), 0.0017167 secs] [Times: user=0.00 sys=0.00, real=0.00 secs] 
1469.324: [GC (Allocation Failure) [PSYoungGen: 70685K->477K(69632K)] 412440K->343256K(626176K), 0.0016010 secs] [Times: user=0.01 sys=0.00, real=0.00 secs] 
1469.680: [GC (Allocation Failure) [PSYoungGen: 69597K->1456K(71168K)] 412376K->344251K(627712K), 0.0016256 secs] [Times: user=0.01 sys=0.00, real=0.00 secs] 
1469.967: [GC (Allocation Failure) [PSYoungGen: 70576K->1376K(70656K)] 413371K->344171K(627200K), 0.0015071 secs] [Times: user=0.00 sys=0.00, real=0.00 secs] 
1470.428: [GC (Allocation Failure) [PSYoungGen: 70496K->1344K(70656K)] 413291K->344139K(627200K), 0.0027322 secs] [Times: user=0.01 sys=0.00, real=0.01 secs] 
1470.968: [GC (Allocation Failure) [PSYoungGen: 70464K->1328K(70656K)] 413259K->344123K(627200K), 0.0023763 secs] [Times: user=0.01 sys=0.00, real=0.01 secs] 
1471.560: [GC (Allocation Failure) [PSYoungGen: 70448K->1437K(70656K)] 413243K->344232K(627200K), 0.0016964 secs] [Times: user=0.01 sys=0.00, real=0.00 secs] 
1471.961: [GC (Allocation Failure) [PSYoungGen: 70557K->1533K(70656K)] 413352K->344352K(627200K), 0.0015954 secs] [Times: user=0.01 sys=0.00, real=0.00 secs] 
1472.364: [GC (Allocation Failure) [PSYoungGen: 70653K->1501K(70656K)] 413472K->344320K(627200K), 0.0017500 secs] [Times: user=0.01 sys=0.00, real=0.00 secs] 
1472.765: [GC (Allocation Failure) [PSYoungGen: 70621K->1517K(70656K)] 413440K->344392K(627200K), 0.0015858 secs] [Times: user=0.01 sys=0.00, real=0.00 secs] 
1473.439: [GC (Allocation Failure) [PSYoungGen: 70637K->1408K(70656K)] 413512K->344283K(627200K), 0.0030549 secs] [Times: user=0.01 sys=0.00, real=0.00 secs] 
1473.728: [GC (Allocation Failure) [PSYoungGen: 70528K->1344K(70656K)] 413403K->344219K(627200K), 0.0021557 secs] [Times: user=0.00 sys=0.00, real=0.01 secs] 
1474.039: [GC (Allocation Failure) [PSYoungGen: 70464K->1344K(75264K)] 413339K->344219K(631808K), 0.0022512 secs] [Times: user=0.00 sys=0.00, real=0.00 secs] 
1474.545: [GC (Allocation Failure) [PSYoungGen: 75072K->1328K(74752K)] 417947K->344203K(631296K), 0.0022137 secs] [Times: user=0.01 sys=0.00, real=0.00 secs] 
1475.036: [GC (Allocation Failure) [PSYoungGen: 74544K->1549K(74752K)] 417419K->344424K(631296K), 0.0016804 secs] [Times: user=0.00 sys=0.00, real=0.00 secs] 
1475.461: [GC (Allocation Failure) [PSYoungGen: 74241K->557K(73216K)] 417117K->344456K(629760K), 0.0016034 secs] [Times: user=0.01 sys=0.00, real=0.00 secs] 
1475.885: [GC (Allocation Failure) [PSYoungGen: 72749K->525K(72704K)] 416648K->344424K(629248K), 0.0016786 secs] [Times: user=0.01 sys=0.00, real=0.00 secs] 
1476.414: [GC (Allocation Failure) [PSYoungGen: 72205K->1440K(72704K)] 416104K->345339K(629248K), 0.0017522 secs] [Times: user=0.01 sys=0.00, real=0.00 secs] 
1477.064: [GC (Allocation Failure) [PSYoungGen: 72608K->1312K(72192K)] 416507K->345211K(628736K), 0.0017871 secs] [Times: user=0.01 sys=0.00, real=0.00 secs] 
1477.579: [GC (Allocation Failure) [PSYoungGen: 71968K->1344K(71680K)] 415867K->345259K(628224K), 0.0045545 secs] [Times: user=0.02 sys=0.01, real=0.01 secs] 
1478.059: [GC (Allocation Failure) [PSYoungGen: 71488K->1376K(71168K)] 415403K->345291K(627712K), 0.0018520 secs] [Times: user=0.00 sys=0.00, real=0.00 secs] 
1478.569: [GC (Allocation Failure) [PSYoungGen: 71008K->1472K(70656K)] 414923K->345387K(627200K), 0.0015452 secs] [Times: user=0.00 sys=0.00, real=0.00 secs] 
1478.971: [GC (Allocation Failure) [PSYoungGen: 70592K->1517K(70656K)] 414507K->345432K(627200K), 0.0017162 secs] [Times: user=0.00 sys=0.00, real=0.00 secs] 
1479.431: [GC (Allocation Failure) [PSYoungGen: 70637K->1488K(70656K)] 414552K->345403K(627200K), 0.0016322 secs] [Times: user=0.01 sys=0.00, real=0.00 secs] 
1479.836: [GC (Allocation Failure) [PSYoungGen: 70608K->1517K(70656K)] 414523K->345432K(627200K), 0.0017431 secs] [Times: user=0.00 sys=0.00, real=0.00 secs] 
1480.540: [GC (Allocation Failure) [PSYoungGen: 70637K->1392K(70656K)] 414552K->345307K(627200K), 0.0023018 secs] [Times: user=0.01 sys=0.00, real=0.00 secs] 
1481.258: [GC (Allocation Failure) [PSYoungGen: 70512K->1376K(70656K)] 414427K->345291K(627200K), 0.0026297 secs] [Times: user=0.01 sys=0.00, real=0.01 secs] 
1481.949: [GC (Allocation Failure) [PSYoungGen: 70496K->1376K(70656K)] 414411K->345291K(627200K), 0.0027508 secs] [Times: user=0.01 sys=0.00, real=0.00 secs] 
1482.788: [GC (Allocation Failure) [PSYoungGen: 70496K->1376K(70656K)] 414411K->345291K(627200K), 0.0026065 secs] [Times: user=0.01 sys=0.00, real=0.01 secs] 
1483.327: [GC (Allocation Failure) [PSYoungGen: 70496K->1533K(70656K)] 414411K->345448K(627200K), 0.0015229 secs] [Times: user=0.00 sys=0.00, real=0.00 secs] 
1483.732: [GC (Allocation Failure) [PSYoungGen: 70653K->1549K(71168K)] 414568K->345464K(627712K), 0.0017622 secs] [Times: user=0.00 sys=0.00, real=0.00 secs] 
1484.134: [GC (Allocation Failure) [PSYoungGen: 70669K->461K(69632K)] 414584K->345400K(626176K), 0.0017194 secs] [Times: user=0.01 sys=0.00, real=0.00 secs] 
1485.165: [GC (Allocation Failure) [PSYoungGen: 69581K->1440K(71168K)] 414520K->346379K(627712K), 0.0028964 secs] [Times: user=0.01 sys=0.00, real=0.00 secs] 
1485.617: [GC (Allocation Failure) [PSYoungGen: 70560K->1376K(70656K)] 415499K->346315K(627200K), 0.0024121 secs] [Times: user=0.01 sys=0.00, real=0.01 secs] 
1486.359: [GC (Allocation Failure) [PSYoungGen: 70496K->1376K(70656K)] 415435K->346315K(627200K), 0.0023639 secs] [Times: user=0.01 sys=0.00, real=0.00 secs] 
1487.270: [GC (Allocation Failure) [PSYoungGen: 70496K->1376K(70656K)] 415435K->346315K(627200K), 0.0022994 secs] [Times: user=0.01 sys=0.00, real=0.00 secs] 
1488.061: [GC (Allocation Failure) [PSYoungGen: 70496K->1440K(70656K)] 415435K->346379K(627200K), 0.0015902 secs] [Times: user=0.00 sys=0.00, real=0.00 secs] 
1488.463: [GC (Allocation Failure) [PSYoungGen: 70560K->1520K(70656K)] 415499K->346515K(627200K), 0.0016328 secs] [Times: user=0.01 sys=0.00, real=0.00 secs] 
1488.866: [GC (Allocation Failure) [PSYoungGen: 70640K->1565K(71168K)] 415635K->346560K(627712K), 0.0018194 secs] [Times: user=0.01 sys=0.00, real=0.00 secs] 
1489.268: [GC (Allocation Failure) [PSYoungGen: 70685K->525K(70144K)] 415680K->346544K(626688K), 0.0016611 secs] [Times: user=0.01 sys=0.00, real=0.01 secs] 
1489.712: [GC (Allocation Failure) [PSYoungGen: 69645K->1376K(70656K)] 415664K->347411K(627200K), 0.0020113 secs] [Times: user=0.01 sys=0.00, real=0.00 secs] 
1490.047: [GC (Allocation Failure) [PSYoungGen: 70496K->1312K(70656K)] 416531K->347347K(627200K), 0.0019953 secs] [Times: user=0.01 sys=0.00, real=0.01 secs] 
1490.465: [GC (Allocation Failure) [PSYoungGen: 70432K->1376K(70656K)] 416467K->347411K(627200K), 0.0021065 secs] [Times: user=0.00 sys=0.00, real=0.00 secs] 
1491.053: [GC (Allocation Failure) [PSYoungGen: 70496K->1376K(70656K)] 416531K->347411K(627200K), 0.0022390 secs] [Times: user=0.01 sys=0.00, real=0.00 secs] 
1491.610: [GC (Allocation Failure) [PSYoungGen: 70496K->1453K(70656K)] 416531K->347488K(627200K), 0.0016269 secs] [Times: user=0.01 sys=0.00, real=0.00 secs] 
1492.012: [GC (Allocation Failure) [PSYoungGen: 70573K->1517K(70656K)] 416608K->347608K(627200K), 0.0015935 secs] [Times: user=0.01 sys=0.00, real=0.00 secs] 
1492.414: [GC (Allocation Failure) [PSYoungGen: 70637K->1517K(70656K)] 416728K->347624K(627200K), 0.0017464 secs] [Times: user=0.01 sys=0.00, real=0.00 secs] 
1492.894: [GC (Allocation Failure) [PSYoungGen: 70637K->1504K(70656K)] 416744K->347611K(627200K), 0.0019836 secs] [Times: user=0.01 sys=0.00, real=0.00 secs] 
1493.182: [GC (Allocation Failure) [PSYoungGen: 70624K->1376K(70656K)] 416731K->347483K(627200K), 0.0020334 secs] [Times: user=0.00 sys=0.00, real=0.00 secs] 
1493.469: [GC (Allocation Failure) [PSYoungGen: 70496K->1360K(70656K)] 416603K->347467K(627200K), 0.0019343 secs] [Times: user=0.01 sys=0.00, real=0.00 secs] 
1493.901: [GC (Allocation Failure) [PSYoungGen: 70480K->1376K(70656K)] 416587K->347483K(627200K), 0.0021257 secs] [Times: user=0.01 sys=0.00, real=0.00 secs] 
1494.549: [GC (Allocation Failure) [PSYoungGen: 70484K->1405K(70656K)] 416592K->347512K(627200K), 0.0017680 secs] [Times: user=0.01 sys=0.00, real=0.01 secs] 
1495.046: [GC (Allocation Failure) [PSYoungGen: 70525K->1533K(70656K)] 416632K->347640K(627200K), 0.0017312 secs] [Times: user=0.01 sys=0.00, real=0.00 secs] 
1495.448: [GC (Allocation Failure) [PSYoungGen: 70653K->1517K(70656K)] 416760K->347648K(627200K), 0.0016644 secs] [Times: user=0.01 sys=0.00, real=0.01 secs] 
1495.851: [GC (Allocation Failure) [PSYoungGen: 70637K->1501K(70656K)] 416768K->347648K(627200K), 0.0016852 secs] [Times: user=0.01 sys=0.00, real=0.00 secs] 
1496.480: [GC (Allocation Failure) [PSYoungGen: 70621K->1424K(70656K)] 416768K->347571K(627200K), 0.0027161 secs] [Times: user=0.01 sys=0.00, real=0.00 secs] 
1497.060: [GC (Allocation Failure) [PSYoungGen: 70544K->1376K(70656K)] 416691K->347523K(627200K), 0.0028123 secs] [Times: user=0.01 sys=0.00, real=0.00 secs] 
1497.366: [GC (Allocation Failure) [PSYoungGen: 70496K->1344K(70656K)] 416643K->347507K(627200K), 0.0020977 secs] [Times: user=0.01 sys=0.00, real=0.00 secs] 
1497.653: [GC (Allocation Failure) [PSYoungGen: 70464K->1344K(76800K)] 416627K->347507K(633344K), 0.0050769 secs] [Times: user=0.01 sys=0.00, real=0.00 secs] 
1498.069: [GC (Allocation Failure) [PSYoungGen: 76608K->1488K(82944K)] 422771K->347651K(639488K), 0.0016509 secs] [Times: user=0.01 sys=0.00, real=0.01 secs] 
1498.546: [GC (Allocation Failure) [PSYoungGen: 82896K->1645K(89600K)] 429059K->347808K(646144K), 0.0019155 secs] [Times: user=0.01 sys=0.00, real=0.00 secs] 
1499.063: [GC (Allocation Failure) [PSYoungGen: 89197K->589K(94720K)] 435360K->347776K(651264K), 0.0016708 secs] [Times: user=0.01 sys=0.00, real=0.00 secs] 
1500.243: [GC (Allocation Failure) [PSYoungGen: 94285K->1440K(94720K)] 441472K->348627K(651264K), 0.0037401 secs] [Times: user=0.01 sys=0.00, real=0.00 secs] 
1501.003: [GC (Allocation Failure) [PSYoungGen: 94624K->1376K(94208K)] 441811K->348563K(650752K), 0.0032777 secs] [Times: user=0.01 sys=0.00, real=0.00 secs] 
1501.740: [GC (Allocation Failure) [PSYoungGen: 94048K->1376K(93696K)] 441235K->348563K(650240K), 0.0023336 secs] [Times: user=0.00 sys=0.00, real=0.00 secs] 
1502.428: [GC (Allocation Failure) [PSYoungGen: 93536K->1501K(93184K)] 440723K->348688K(649728K), 0.0015940 secs] [Times: user=0.01 sys=0.00, real=0.01 secs] 
1502.959: [GC (Allocation Failure) [PSYoungGen: 93149K->1565K(93184K)] 440336K->348752K(649728K), 0.0016235 secs] [Times: user=0.01 sys=0.00, real=0.00 secs] 
1503.493: [GC (Allocation Failure) [PSYoungGen: 92701K->573K(91648K)] 439888K->348784K(648192K), 0.0017413 secs] [Times: user=0.00 sys=0.00, real=0.00 secs] 
1504.499: [GC (Allocation Failure) [PSYoungGen: 91197K->1376K(91648K)] 439408K->349587K(648192K), 0.0026546 secs] [Times: user=0.00 sys=0.00, real=0.00 secs] 
1505.404: [GC (Allocation Failure) [PSYoungGen: 91488K->1376K(91136K)] 439699K->349587K(647680K), 0.0024832 secs] [Times: user=0.01 sys=0.00, real=0.00 secs] 
1506.250: [GC (Allocation Failure) [PSYoungGen: 90976K->1344K(90624K)] 439187K->349555K(647168K), 0.0027768 secs] [Times: user=0.01 sys=0.00, real=0.00 secs] 
1506.924: [GC (Allocation Failure) [PSYoungGen: 90432K->1533K(90112K)] 438643K->349776K(646656K), 0.0016414 secs] [Times: user=0.01 sys=0.00, real=0.00 secs] 
1507.443: [GC (Allocation Failure) [PSYoungGen: 90109K->1629K(90112K)] 438352K->349872K(646656K), 0.0018276 secs] [Times: user=0.01 sys=0.00, real=0.00 secs] 
1507.959: [GC (Allocation Failure) [PSYoungGen: 89693K->480K(88064K)] 437936K->349747K(644608K), 0.0019991 secs] [Times: user=0.01 sys=0.00, real=0.00 secs] 
1508.323: [GC (Allocation Failure) [PSYoungGen: 88032K->320K(87552K)] 437299K->349587K(644096K), 0.0016341 secs] [Times: user=0.01 sys=0.00, real=0.00 secs] 
1508.684: [GC (Allocation Failure) [PSYoungGen: 87360K->320K(87040K)] 436627K->349587K(643584K), 0.0022052 secs] [Times: user=0.01 sys=0.00, real=0.00 secs] 
1509.282: [GC (Allocation Failure) [PSYoungGen: 86848K->352K(88576K)] 436115K->349619K(645120K), 0.0019702 secs] [Times: user=0.00 sys=0.00, real=0.00 secs] 
1509.912: [GC (Allocation Failure) [PSYoungGen: 86368K->1584K(87552K)] 435635K->350875K(644096K), 0.0022915 secs] [Times: user=0.01 sys=0.00, real=0.00 secs] 
1510.413: [GC (Allocation Failure) [PSYoungGen: 87088K->1597K(87040K)] 436379K->350888K(643584K), 0.0018440 secs] [Times: user=0.00 sys=0.00, real=0.00 secs] 
1510.922: [GC (Allocation Failure) [PSYoungGen: 86589K->1520K(86016K)] 435880K->351033K(642560K), 0.0019884 secs] [Times: user=0.01 sys=0.00, real=0.00 secs] 
1511.607: [GC (Allocation Failure) [PSYoungGen: 86000K->1248K(85504K)] 435513K->350761K(642048K), 0.0018752 secs] [Times: user=0.01 sys=0.00, real=0.01 secs] 
1512.256: [GC (Allocation Failure) [PSYoungGen: 85216K->1280K(84992K)] 434729K->350793K(641536K), 0.0022224 secs] [Times: user=0.01 sys=0.00, real=0.00 secs] 
1513.045: [GC (Allocation Failure) [PSYoungGen: 84736K->1296K(84480K)] 434249K->350809K(641024K), 0.0038978 secs] [Times: user=0.01 sys=0.00, real=0.01 secs] 
1513.747: [GC (Allocation Failure) [PSYoungGen: 84240K->1517K(83968K)] 433753K->351030K(640512K), 0.0016760 secs] [Times: user=0.00 sys=0.00, real=0.01 secs] 
1514.229: [GC (Allocation Failure) [PSYoungGen: 83949K->1616K(83968K)] 433462K->351129K(640512K), 0.0017179 secs] [Times: user=0.01 sys=0.00, real=0.01 secs] 
1514.706: [GC (Allocation Failure) [PSYoungGen: 83536K->1549K(83456K)] 433049K->351062K(640000K), 0.0016758 secs] [Times: user=0.00 sys=0.00, real=0.00 secs] 
1515.588: [GC (Allocation Failure) [PSYoungGen: 82957K->1488K(82432K)] 432470K->351001K(638976K), 0.0019550 secs] [Times: user=0.01 sys=0.00, real=0.01 secs] 
1516.067: [GC (Allocation Failure) [PSYoungGen: 82384K->1424K(81920K)] 431897K->350937K(638464K), 0.0020736 secs] [Times: user=0.01 sys=0.00, real=0.01 secs] 
1516.423: [GC (Allocation Failure) [PSYoungGen: 81808K->1520K(81408K)] 431321K->351033K(637952K), 0.0020526 secs] [Times: user=0.00 sys=0.00, real=0.00 secs] 
1517.001: [GC (Allocation Failure) [PSYoungGen: 81392K->1581K(81408K)] 430905K->351094K(637952K), 0.0018784 secs] [Times: user=0.01 sys=0.00, real=0.00 secs] 
1517.494: [GC (Allocation Failure) [PSYoungGen: 80941K->1661K(80896K)] 430454K->351174K(637440K), 0.0017632 secs] [Times: user=0.00 sys=0.00, real=0.00 secs] 
1517.952: [GC (Allocation Failure) [PSYoungGen: 80509K->1533K(79872K)] 430022K->351142K(636416K), 0.0016434 secs] [Times: user=0.00 sys=0.00, real=0.00 secs] 
1518.888: [GC (Allocation Failure) [PSYoungGen: 79869K->1584K(79872K)] 429478K->351209K(636416K), 0.0044243 secs] [Times: user=0.01 sys=0.00, real=0.01 secs] 
1520.258: [GC (Allocation Failure) [PSYoungGen: 79408K->1408K(78848K)] 429033K->351033K(635392K), 0.0030299 secs] [Times: user=0.01 sys=0.00, real=0.01 secs] 
1520.942: [GC (Allocation Failure) [PSYoungGen: 78720K->1360K(78336K)] 428345K->351081K(634880K), 0.0029047 secs] [Times: user=0.01 sys=0.01, real=0.00 secs] 
1521.581: [GC (Allocation Failure) [PSYoungGen: 78160K->1344K(77824K)] 427881K->351065K(634368K), 0.0026005 secs] [Times: user=0.01 sys=0.00, real=0.00 secs] 
1522.235: [GC (Allocation Failure) [PSYoungGen: 77632K->1504K(77312K)] 427353K->351225K(633856K), 0.0017374 secs] [Times: user=0.00 sys=0.00, real=0.00 secs] 
1522.676: [GC (Allocation Failure) [PSYoungGen: 77280K->1517K(76800K)] 427001K->351302K(633344K), 0.0016304 secs] [Times: user=0.01 sys=0.00, real=0.00 secs] 
1523.114: [GC (Allocation Failure) [PSYoungGen: 76781K->1501K(76288K)] 426566K->351286K(632832K), 0.0017820 secs] [Times: user=0.01 sys=0.00, real=0.00 secs] 
1524.033: [GC (Allocation Failure) [PSYoungGen: 76253K->1440K(75776K)] 426038K->351225K(632320K), 0.0037393 secs] [Times: user=0.01 sys=0.00, real=0.00 secs] 
1524.867: [GC (Allocation Failure) [PSYoungGen: 75680K->1376K(75264K)] 425465K->351161K(631808K), 0.0032908 secs] [Times: user=0.01 sys=0.00, real=0.01 secs] 
1525.499: [GC (Allocation Failure) [PSYoungGen: 75104K->1344K(74752K)] 424889K->351137K(631296K), 0.0027359 secs] [Times: user=0.01 sys=0.01, real=0.00 secs] 
1526.064: [GC (Allocation Failure) [PSYoungGen: 74560K->1312K(74240K)] 424353K->351105K(630784K), 0.0023531 secs] [Times: user=0.01 sys=0.00, real=0.00 secs] 
1526.611: [GC (Allocation Failure) [PSYoungGen: 74016K->1485K(73728K)] 423809K->351278K(630272K), 0.0015407 secs] [Times: user=0.00 sys=0.00, real=0.00 secs] 
1527.030: [GC (Allocation Failure) [PSYoungGen: 73677K->1501K(73216K)] 423470K->351294K(629760K), 0.0016297 secs] [Times: user=0.01 sys=0.00, real=0.00 secs] 
1527.450: [GC (Allocation Failure) [PSYoungGen: 73181K->1520K(72704K)] 422974K->351401K(629248K), 0.0016050 secs] [Times: user=0.00 sys=0.00, real=0.00 secs] 
1527.959: [GC (Allocation Failure) [PSYoungGen: 72688K->1984K(72704K)] 422569K->351873K(629248K), 0.0020783 secs] [Times: user=0.01 sys=0.00, real=0.01 secs] 
1528.461: [GC (Allocation Failure) [PSYoungGen: 72640K->336K(70656K)] 422529K->351249K(627200K), 0.0021365 secs] [Times: user=0.01 sys=0.00, real=0.00 secs] 
1528.753: [GC (Allocation Failure) [PSYoungGen: 70480K->320K(72192K)] 421393K->351249K(628736K), 0.0018748 secs] [Times: user=0.01 sys=0.00, real=0.00 secs] 
1529.042: [GC (Allocation Failure) [PSYoungGen: 69952K->320K(69632K)] 420881K->351249K(626176K), 0.0021844 secs] [Times: user=0.01 sys=0.00, real=0.00 secs] 
1529.367: [GC (Allocation Failure) [PSYoungGen: 69438K->1456K(71680K)] 420368K->352385K(628224K), 0.0015160 secs] [Times: user=0.00 sys=0.00, real=0.01 secs] 
1529.772: [GC (Allocation Failure) [PSYoungGen: 70576K->1469K(70656K)] 421505K->352398K(627200K), 0.0017106 secs] [Times: user=0.01 sys=0.00, real=0.00 secs] 
1530.174: [GC (Allocation Failure) [PSYoungGen: 70589K->1552K(71168K)] 421518K->352481K(627712K), 0.0016934 secs] [Times: user=0.01 sys=0.00, real=0.00 secs] 
1530.579: [GC (Allocation Failure) [PSYoungGen: 70672K->1549K(71168K)] 421601K->352478K(627712K), 0.0015965 secs] [Times: user=0.00 sys=0.00, real=0.01 secs] 
1531.204: [GC (Allocation Failure) [PSYoungGen: 70669K->1456K(70656K)] 421598K->352385K(627200K), 0.0022644 secs] [Times: user=0.00 sys=0.00, real=0.00 secs] 
1531.491: [GC (Allocation Failure) [PSYoungGen: 70576K->1408K(70656K)] 421505K->352337K(627200K), 0.0020178 secs] [Times: user=0.01 sys=0.00, real=0.00 secs] 
1531.780: [GC (Allocation Failure) [PSYoungGen: 70528K->1376K(75264K)] 421457K->352305K(631808K), 0.0021739 secs] [Times: user=0.01 sys=0.00, real=0.00 secs] 
1532.086: [GC (Allocation Failure) [PSYoungGen: 75104K->1328K(80384K)] 426033K->352257K(636928K), 0.0020845 secs] [Times: user=0.01 sys=0.00, real=0.00 secs] 
1532.562: [GC (Allocation Failure) [PSYoungGen: 80176K->1469K(79872K)] 431105K->352398K(636416K), 0.0017288 secs] [Times: user=0.00 sys=0.00, real=0.00 secs] 
1533.019: [GC (Allocation Failure) [PSYoungGen: 79805K->1517K(79360K)] 430734K->352510K(635904K), 0.0016464 secs] [Times: user=0.00 sys=0.00, real=0.01 secs] 
1533.472: [GC (Allocation Failure) [PSYoungGen: 79341K->1501K(78848K)] 430334K->352502K(635392K), 0.0017393 secs] [Times: user=0.01 sys=0.00, real=0.00 secs] 
1534.039: [GC (Allocation Failure) [PSYoungGen: 78813K->1456K(78336K)] 429814K->352457K(634880K), 0.0019317 secs] [Times: user=0.01 sys=0.00, real=0.00 secs] 
1534.691: [GC (Allocation Failure) [PSYoungGen: 78256K->1312K(77824K)] 429257K->352313K(634368K), 0.0019667 secs] [Times: user=0.01 sys=0.00, real=0.00 secs] 
1535.098: [GC (Allocation Failure) [PSYoungGen: 77600K->1344K(77312K)] 428601K->352345K(633856K), 0.0018422 secs] [Times: user=0.01 sys=0.00, real=0.01 secs] 
1535.413: [GC (Allocation Failure) [PSYoungGen: 77120K->1376K(76800K)] 428121K->352377K(633344K), 0.0021538 secs] [Times: user=0.01 sys=0.00, real=0.00 secs] 
1535.914: [GC (Allocation Failure) [PSYoungGen: 76640K->1501K(76288K)] 427641K->352502K(632832K), 0.0015487 secs] [Times: user=0.01 sys=0.00, real=0.00 secs] 
1536.353: [GC (Allocation Failure) [PSYoungGen: 76253K->1565K(76288K)] 427254K->352566K(632832K), 0.0017768 secs] [Times: user=0.01 sys=0.00, real=0.00 secs] 
1536.788: [GC (Allocation Failure) [PSYoungGen: 75805K->493K(74240K)] 426806K->352534K(630784K), 0.0016955 secs] [Times: user=0.00 sys=0.00, real=0.01 secs] 
1537.344: [GC (Allocation Failure) [PSYoungGen: 74221K->1424K(75264K)] 426262K->353465K(631808K), 0.0019618 secs] [Times: user=0.01 sys=0.00, real=0.00 secs] 
1537.995: [GC (Allocation Failure) [PSYoungGen: 74640K->1312K(74240K)] 426681K->353361K(630784K), 0.0022078 secs] [Times: user=0.00 sys=0.00, real=0.00 secs] 
1538.631: [GC (Allocation Failure) [PSYoungGen: 74016K->1408K(73728K)] 426065K->353457K(630272K), 0.0020686 secs] [Times: user=0.01 sys=0.00, real=0.00 secs] 
1539.263: [GC (Allocation Failure) [PSYoungGen: 73600K->1376K(73216K)] 425649K->353425K(629760K), 0.0029452 secs] [Times: user=0.01 sys=0.00, real=0.00 secs] 
1539.860: [GC (Allocation Failure) [PSYoungGen: 73056K->1469K(72704K)] 425105K->353518K(629248K), 0.0018012 secs] [Times: user=0.00 sys=0.00, real=0.00 secs] 
1540.280: [GC (Allocation Failure) [PSYoungGen: 72637K->1504K(72192K)] 424686K->353577K(628736K), 0.0016071 secs] [Times: user=0.00 sys=0.00, real=0.00 secs] 
1540.695: [GC (Allocation Failure) [PSYoungGen: 72160K->1501K(71680K)] 424233K->353574K(628224K), 0.0017355 secs] [Times: user=0.01 sys=0.00, real=0.00 secs] 
1541.070: [GC (Allocation Failure) [PSYoungGen: 71645K->1424K(71168K)] 423718K->353497K(627712K), 0.0016033 secs] [Times: user=0.01 sys=0.00, real=0.00 secs] 
1541.358: [GC (Allocation Failure) [PSYoungGen: 71056K->1344K(70656K)] 423129K->353417K(627200K), 0.0017163 secs] [Times: user=0.00 sys=0.00, real=0.01 secs] 
1541.645: [GC (Allocation Failure) [PSYoungGen: 70464K->1376K(70656K)] 422537K->353449K(627200K), 0.0015794 secs] [Times: user=0.01 sys=0.00, real=0.00 secs] 
1541.971: [GC (Allocation Failure) [PSYoungGen: 70496K->1344K(70656K)] 422569K->353417K(627200K), 0.0019711 secs] [Times: user=0.01 sys=0.00, real=0.00 secs] 
1542.416: [GC (Allocation Failure) [PSYoungGen: 70445K->1437K(70656K)] 422519K->353510K(627200K), 0.0016024 secs] [Times: user=0.00 sys=0.00, real=0.00 secs] 
1542.818: [GC (Allocation Failure) [PSYoungGen: 70557K->1533K(70656K)] 422630K->353606K(627200K), 0.0017663 secs] [Times: user=0.01 sys=0.00, real=0.01 secs] 
1543.222: [GC (Allocation Failure) [PSYoungGen: 70653K->1520K(70656K)] 422726K->353593K(627200K), 0.0016236 secs] [Times: user=0.00 sys=0.00, real=0.00 secs] 
1543.624: [GC (Allocation Failure) [PSYoungGen: 70640K->1549K(71168K)] 422713K->353622K(627712K), 0.0017146 secs] [Times: user=0.01 sys=0.00, real=0.00 secs] 
1544.284: [GC (Allocation Failure) [PSYoungGen: 70669K->352K(69632K)] 422742K->353449K(626176K), 0.0045579 secs] [Times: user=0.02 sys=0.00, real=0.00 secs] 
1544.941: [GC (Allocation Failure) [PSYoungGen: 69472K->352K(71168K)] 422569K->353449K(627712K), 0.0037548 secs] [Times: user=0.02 sys=0.01, real=0.00 secs] 
1545.238: [GC (Allocation Failure) [PSYoungGen: 69472K->304K(74240K)] 422569K->353401K(630784K), 0.0020886 secs] [Times: user=0.01 sys=0.00, real=0.01 secs] 
1545.544: [GC (Allocation Failure) [PSYoungGen: 74032K->320K(81408K)] 427129K->353417K(637952K), 0.0017835 secs] [Times: user=0.01 sys=0.00, real=0.00 secs] 
1545.983: [GC (Allocation Failure) [PSYoungGen: 79168K->1533K(79872K)] 432265K->354630K(636416K), 0.0017016 secs] [Times: user=0.01 sys=0.00, real=0.00 secs] 
1546.440: [GC (Allocation Failure) [PSYoungGen: 79869K->1517K(79360K)] 432966K->354638K(635904K), 0.0017262 secs] [Times: user=0.01 sys=0.00, real=0.00 secs] 
1546.894: [GC (Allocation Failure) [PSYoungGen: 79341K->1517K(78848K)] 432462K->354638K(635392K), 0.0017264 secs] [Times: user=0.01 sys=0.00, real=0.00 secs] 
1548.465: [GC (Allocation Failure) [PSYoungGen: 78829K->1424K(78336K)] 431950K->354545K(634880K), 0.0045743 secs] [Times: user=0.02 sys=0.01, real=0.01 secs] 
1549.210: [GC (Allocation Failure) [PSYoungGen: 78224K->1328K(77824K)] 431345K->354449K(634368K), 0.0042116 secs] [Times: user=0.01 sys=0.00, real=0.00 secs] 
1549.704: [GC (Allocation Failure) [PSYoungGen: 77616K->1392K(77312K)] 430737K->354513K(633856K), 0.0020734 secs] [Times: user=0.00 sys=0.00, real=0.00 secs] 
1550.073: [GC (Allocation Failure) [PSYoungGen: 77168K->1344K(76800K)] 430289K->354465K(633344K), 0.0023755 secs] [Times: user=0.00 sys=0.00, real=0.00 secs] 
1550.576: [GC (Allocation Failure) [PSYoungGen: 76608K->1501K(76288K)] 429729K->354622K(632832K), 0.0017759 secs] [Times: user=0.01 sys=0.01, real=0.00 secs] 
1551.015: [GC (Allocation Failure) [PSYoungGen: 76253K->1517K(75776K)] 429374K->354638K(632320K), 0.0017110 secs] [Times: user=0.01 sys=0.00, real=0.00 secs] 
1551.446: [GC (Allocation Failure) [PSYoungGen: 75757K->1533K(75264K)] 428878K->354654K(631808K), 0.0017244 secs] [Times: user=0.01 sys=0.00, real=0.00 secs] 
1551.831: [GC (Allocation Failure) [PSYoungGen: 75261K->1440K(74752K)] 428382K->354561K(631296K), 0.0019674 secs] [Times: user=0.00 sys=0.00, real=0.00 secs] 
1552.136: [GC (Allocation Failure) [PSYoungGen: 74656K->1344K(74240K)] 427777K->354465K(630784K), 0.0019018 secs] [Times: user=0.01 sys=0.00, real=0.00 secs] 
1552.776: [GC (Allocation Failure) [PSYoungGen: 74048K->1312K(73728K)] 427169K->354433K(630272K), 0.0019436 secs] [Times: user=0.00 sys=0.00, real=0.00 secs] 
1553.497: [GC (Allocation Failure) [PSYoungGen: 73504K->1344K(73216K)] 426625K->354465K(629760K), 0.0029332 secs] [Times: user=0.01 sys=0.00, real=0.01 secs] 
1554.135: [GC (Allocation Failure) [PSYoungGen: 73024K->1520K(72704K)] 426145K->354641K(629248K), 0.0015356 secs] [Times: user=0.00 sys=0.00, real=0.00 secs] 
1554.552: [GC (Allocation Failure) [PSYoungGen: 72688K->1584K(72704K)] 425809K->354705K(629248K), 0.0016701 secs] [Times: user=0.00 sys=0.00, real=0.00 secs] 
1554.969: [GC (Allocation Failure) [PSYoungGen: 72240K->509K(70656K)] 425361K->354654K(627200K), 0.0018330 secs] [Times: user=0.01 sys=0.00, real=0.00 secs] 
1555.506: [GC (Allocation Failure) [PSYoungGen: 70653K->1424K(71680K)] 424798K->355569K(628224K), 0.0020195 secs] [Times: user=0.01 sys=0.00, real=0.00 secs] 
1556.193: [GC (Allocation Failure) [PSYoungGen: 71056K->1344K(70656K)] 425201K->355489K(627200K), 0.0027507 secs] [Times: user=0.01 sys=0.00, real=0.00 secs] 
1556.784: [GC (Allocation Failure) [PSYoungGen: 70464K->1376K(70656K)] 424609K->355521K(627200K), 0.0032116 secs] [Times: user=0.01 sys=0.01, real=0.00 secs] 
1557.279: [GC (Allocation Failure) [PSYoungGen: 70496K->1344K(70656K)] 424641K->355489K(627200K), 0.0019534 secs] [Times: user=0.01 sys=0.00, real=0.00 secs] 
1557.641: [GC (Allocation Failure) [PSYoungGen: 70464K->1485K(70656K)] 424609K->355630K(627200K), 0.0017142 secs] [Times: user=0.01 sys=0.00, real=0.00 secs] 
1558.044: [GC (Allocation Failure) [PSYoungGen: 70605K->1501K(70656K)] 424750K->355670K(627200K), 0.0016531 secs] [Times: user=0.00 sys=0.00, real=0.00 secs] 
1558.446: [GC (Allocation Failure) [PSYoungGen: 70621K->1501K(70656K)] 424790K->355670K(627200K), 0.0017811 secs] [Times: user=0.01 sys=0.00, real=0.00 secs] 
1558.903: [GC (Allocation Failure) [PSYoungGen: 70621K->1517K(70656K)] 424790K->355686K(627200K), 0.0015846 secs] [Times: user=0.00 sys=0.00, real=0.00 secs] 
1559.650: [GC (Allocation Failure) [PSYoungGen: 70637K->1376K(70656K)] 424806K->355545K(627200K), 0.0025187 secs] [Times: user=0.00 sys=0.00, real=0.00 secs] 
1560.257: [GC (Allocation Failure) [PSYoungGen: 70496K->1392K(70656K)] 424665K->355561K(627200K), 0.0032996 secs] [Times: user=0.01 sys=0.00, real=0.01 secs] 
1560.887: [GC (Allocation Failure) [PSYoungGen: 70512K->1376K(70656K)] 424681K->355545K(627200K), 0.0028257 secs] [Times: user=0.01 sys=0.00, real=0.01 secs] 
1561.229: [GC (Allocation Failure) [PSYoungGen: 70496K->1360K(70656K)] 424665K->355529K(627200K), 0.0023217 secs] [Times: user=0.01 sys=0.00, real=0.01 secs] 
1561.803: [GC (Allocation Failure) [PSYoungGen: 70480K->1469K(70656K)] 424649K->355638K(627200K), 0.0016580 secs] [Times: user=0.01 sys=0.00, real=0.00 secs] 
1562.206: [GC (Allocation Failure) [PSYoungGen: 70589K->1501K(70656K)] 424758K->355670K(627200K), 0.0017184 secs] [Times: user=0.01 sys=0.00, real=0.00 secs] 
1562.607: [GC (Allocation Failure) [PSYoungGen: 70621K->1533K(70656K)] 424790K->355702K(627200K), 0.0017243 secs] [Times: user=0.01 sys=0.00, real=0.00 secs] 
1563.072: [GC (Allocation Failure) [PSYoungGen: 70653K->1504K(70656K)] 424822K->355681K(627200K), 0.0021568 secs] [Times: user=0.00 sys=0.00, real=0.00 secs] 
1564.614: [GC (Allocation Failure) [PSYoungGen: 70624K->1360K(70656K)] 424801K->355537K(627200K), 0.0034722 secs] [Times: user=0.01 sys=0.00, real=0.00 secs] 
1565.200: [GC (Allocation Failure) [PSYoungGen: 70480K->1344K(70656K)] 424657K->355521K(627200K), 0.0025136 secs] [Times: user=0.01 sys=0.00, real=0.00 secs] 
1565.813: [GC (Allocation Failure) [PSYoungGen: 70464K->1376K(70656K)] 424641K->355553K(627200K), 0.0025019 secs] [Times: user=0.01 sys=0.00, real=0.00 secs] 
1566.191: [GC (Allocation Failure) [PSYoungGen: 70496K->1437K(70656K)] 424673K->355614K(627200K), 0.0019543 secs] [Times: user=0.01 sys=0.00, real=0.00 secs] 
1566.609: [GC (Allocation Failure) [PSYoungGen: 70548K->1565K(71168K)] 424725K->355742K(627712K), 0.0016337 secs] [Times: user=0.01 sys=0.00, real=0.00 secs] 
1567.014: [GC (Allocation Failure) [PSYoungGen: 70685K->477K(69632K)] 424862K->355678K(626176K), 0.0016295 secs] [Times: user=0.01 sys=0.00, real=0.00 secs] 
1567.416: [GC (Allocation Failure) [PSYoungGen: 69597K->525K(71168K)] 424798K->355726K(627712K), 0.0016830 secs] [Times: user=0.00 sys=0.00, real=0.00 secs] 
1568.031: [GC (Allocation Failure) [PSYoungGen: 69645K->1456K(70656K)] 424846K->356657K(627200K), 0.0020816 secs] [Times: user=0.01 sys=0.00, real=0.00 secs] 
1568.972: [GC (Allocation Failure) [PSYoungGen: 70576K->1376K(70656K)] 425777K->356585K(627200K), 0.0019530 secs] [Times: user=0.00 sys=0.00, real=0.00 secs] 
1570.139: [GC (Allocation Failure) [PSYoungGen: 70496K->1344K(70656K)] 425705K->356553K(627200K), 0.0019845 secs] [Times: user=0.00 sys=0.00, real=0.00 secs] 
1571.090: [GC (Allocation Failure) [PSYoungGen: 70464K->1312K(70656K)] 425673K->356521K(627200K), 0.0020540 secs] [Times: user=0.00 sys=0.00, real=0.00 secs] 
1571.818: [GC (Allocation Failure) [PSYoungGen: 70417K->1469K(70656K)] 425627K->356678K(627200K), 0.0016231 secs] [Times: user=0.01 sys=0.00, real=0.01 secs] 
1572.222: [GC (Allocation Failure) [PSYoungGen: 70589K->1549K(71168K)] 425798K->356758K(627712K), 0.0017030 secs] [Times: user=0.01 sys=0.00, real=0.00 secs] 
1572.631: [GC (Allocation Failure) [PSYoungGen: 70669K->1533K(70656K)] 425878K->356742K(627200K), 0.0016289 secs] [Times: user=0.00 sys=0.00, real=0.00 secs] 
1573.037: [GC (Allocation Failure) [PSYoungGen: 70653K->1501K(71168K)] 425862K->356718K(627712K), 0.0015965 secs] [Times: user=0.01 sys=0.00, real=0.00 secs] 
1573.588: [GC (Allocation Failure) [PSYoungGen: 70621K->1440K(71168K)] 425838K->356657K(627712K), 0.0021070 secs] [Times: user=0.00 sys=0.00, real=0.01 secs] 
1573.883: [GC (Allocation Failure) [PSYoungGen: 70560K->1344K(71168K)] 425777K->356561K(627712K), 0.0027378 secs] [Times: user=0.01 sys=0.00, real=0.00 secs] 
1574.220: [GC (Allocation Failure) [PSYoungGen: 70464K->1344K(71168K)] 425681K->356561K(627712K), 0.0023276 secs] [Times: user=0.00 sys=0.00, real=0.00 secs] 
1574.516: [GC (Allocation Failure) [PSYoungGen: 70464K->1344K(71168K)] 425681K->356561K(627712K), 0.0020250 secs] [Times: user=0.01 sys=0.00, real=0.00 secs] 
1574.961: [GC (Allocation Failure) [PSYoungGen: 70464K->1613K(71168K)] 425681K->356830K(627712K), 0.0017001 secs] [Times: user=0.00 sys=0.00, real=0.00 secs] 
1575.363: [GC (Allocation Failure) [PSYoungGen: 70733K->1549K(71168K)] 425950K->356766K(627712K), 0.0018004 secs] [Times: user=0.01 sys=0.00, real=0.00 secs] 
1575.769: [GC (Allocation Failure) [PSYoungGen: 70669K->1565K(71168K)] 425886K->356790K(627712K), 0.0017127 secs] [Times: user=0.01 sys=0.00, real=0.00 secs] 
1576.185: [GC (Allocation Failure) [PSYoungGen: 70685K->1472K(71168K)] 425910K->356697K(627712K), 0.0018671 secs] [Times: user=0.01 sys=0.00, real=0.00 secs] 
1576.600: [GC (Allocation Failure) [PSYoungGen: 70592K->1376K(70656K)] 425817K->356609K(627200K), 0.0021001 secs] [Times: user=0.00 sys=0.00, real=0.00 secs] 
1576.906: [GC (Allocation Failure) [PSYoungGen: 70496K->1376K(72704K)] 425729K->356609K(629248K), 0.0029731 secs] [Times: user=0.01 sys=0.00, real=0.01 secs] 
1577.274: [GC (Allocation Failure) [PSYoungGen: 72032K->1344K(76288K)] 427265K->356601K(632832K), 0.0022959 secs] [Times: user=0.01 sys=0.00, real=0.00 secs] 
1577.926: [GC (Allocation Failure) [PSYoungGen: 75584K->1469K(75264K)] 430841K->356726K(631808K), 0.0016753 secs] [Times: user=0.00 sys=0.00, real=0.00 secs] 
1578.354: [GC (Allocation Failure) [PSYoungGen: 75197K->1520K(74752K)] 430454K->356777K(631296K), 0.0016862 secs] [Times: user=0.01 sys=0.00, real=0.00 secs] 
1578.783: [GC (Allocation Failure) [PSYoungGen: 74736K->1533K(74240K)] 429993K->356790K(630784K), 0.0017234 secs] [Times: user=0.00 sys=0.00, real=0.00 secs] 
1579.263: [GC (Allocation Failure) [PSYoungGen: 74237K->1632K(74240K)] 429494K->356889K(630784K), 0.0020824 secs] [Times: user=0.01 sys=0.00, real=0.00 secs] 
1580.379: [GC (Allocation Failure) [PSYoungGen: 73824K->1376K(73216K)] 429081K->356633K(629760K), 0.0039860 secs] [Times: user=0.02 sys=0.00, real=0.00 secs] 
1581.121: [GC (Allocation Failure) [PSYoungGen: 73056K->1344K(72704K)] 428313K->356601K(629248K), 0.0026935 secs] [Times: user=0.01 sys=0.00, real=0.00 secs] 
1581.690: [GC (Allocation Failure) [PSYoungGen: 72512K->1344K(72192K)] 427769K->356601K(628736K), 0.0025569 secs] [Times: user=0.01 sys=0.00, real=0.00 secs] 
1582.284: [GC (Allocation Failure) [PSYoungGen: 72000K->1437K(71680K)] 427257K->356694K(628224K), 0.0021049 secs] [Times: user=0.00 sys=0.00, real=0.00 secs] 
1582.721: [GC (Allocation Failure) [PSYoungGen: 71581K->1549K(71680K)] 426838K->356806K(628224K), 0.0017231 secs] [Times: user=0.01 sys=0.00, real=0.00 secs] 
1583.130: [GC (Allocation Failure) [PSYoungGen: 71163K->509K(69632K)] 426420K->356790K(626176K), 0.0016794 secs] [Times: user=0.00 sys=0.00, real=0.00 secs] 
1583.536: [GC (Allocation Failure) [PSYoungGen: 69629K->525K(71168K)] 425910K->356806K(627712K), 0.0016751 secs] [Times: user=0.00 sys=0.00, real=0.00 secs] 
1584.005: [GC (Allocation Failure) [PSYoungGen: 69645K->1456K(71168K)] 425926K->357745K(627712K), 0.0019206 secs] [Times: user=0.01 sys=0.00, real=0.00 secs] 
1584.463: [GC (Allocation Failure) [PSYoungGen: 70576K->1328K(71168K)] 426865K->357617K(627712K), 0.0017680 secs] [Times: user=0.01 sys=0.00, real=0.00 secs] 
1584.940: [GC (Allocation Failure) [PSYoungGen: 70448K->1344K(71168K)] 426737K->357633K(627712K), 0.0017366 secs] [Times: user=0.01 sys=0.00, real=0.00 secs] 
1585.487: [GC (Allocation Failure) [PSYoungGen: 70464K->1360K(71168K)] 426753K->357649K(627712K), 0.0017348 secs] [Times: user=0.01 sys=0.00, real=0.01 secs] 
1585.956: [GC (Allocation Failure) [PSYoungGen: 70480K->1501K(71168K)] 426769K->357790K(627712K), 0.0016602 secs] [Times: user=0.00 sys=0.00, real=0.00 secs] 
1586.357: [GC (Allocation Failure) [PSYoungGen: 70621K->1517K(71168K)] 426910K->357806K(627712K), 0.0017298 secs] [Times: user=0.01 sys=0.00, real=0.01 secs] 
1586.819: [GC (Allocation Failure) [PSYoungGen: 70637K->1581K(71168K)] 426926K->357870K(627712K), 0.0016740 secs] [Times: user=0.00 sys=0.00, real=0.01 secs] 
1587.285: [GC (Allocation Failure) [PSYoungGen: 70701K->288K(71168K)] 426990K->356577K(627712K), 0.0014876 secs] [Times: user=0.01 sys=0.00, real=0.00 secs] 
1588.819: [GC (Allocation Failure) [PSYoungGen: 69408K->1376K(71168K)] 425697K->357689K(627712K), 0.0034940 secs] [Times: user=0.01 sys=0.00, real=0.00 secs] 
1589.284: [GC (Allocation Failure) [PSYoungGen: 70496K->1312K(71168K)] 426809K->357625K(627712K), 0.0020611 secs] [Times: user=0.01 sys=0.00, real=0.00 secs] 
1589.624: [GC (Allocation Failure) [PSYoungGen: 70432K->1312K(71168K)] 426745K->357625K(627712K), 0.0019021 secs] [Times: user=0.01 sys=0.00, real=0.00 secs] 
1589.938: [GC (Allocation Failure) [PSYoungGen: 70432K->1344K(71168K)] 426745K->357657K(627712K), 0.0019393 secs] [Times: user=0.01 sys=0.00, real=0.01 secs] 
1590.373: [GC (Allocation Failure) [PSYoungGen: 70464K->1552K(71168K)] 426777K->357865K(627712K), 0.0016619 secs] [Times: user=0.01 sys=0.00, real=0.00 secs] 
1590.777: [GC (Allocation Failure) [PSYoungGen: 70672K->1549K(71168K)] 426985K->357862K(627712K), 0.0016023 secs] [Times: user=0.00 sys=0.00, real=0.00 secs] 
1591.182: [GC (Allocation Failure) [PSYoungGen: 70669K->1501K(71168K)] 426982K->357814K(627712K), 0.0015889 secs] [Times: user=0.01 sys=0.00, real=0.00 secs] 
1591.805: [GC (Allocation Failure) [PSYoungGen: 70621K->1440K(71168K)] 426934K->357753K(627712K), 0.0020778 secs] [Times: user=0.01 sys=0.00, real=0.00 secs] 
1592.404: [GC (Allocation Failure) [PSYoungGen: 70560K->1344K(71168K)] 426873K->357657K(627712K), 0.0036267 secs] [Times: user=0.01 sys=0.00, real=0.00 secs] 
1593.007: [GC (Allocation Failure) [PSYoungGen: 70464K->1376K(71168K)] 426777K->357689K(627712K), 0.0029228 secs] [Times: user=0.01 sys=0.00, real=0.01 secs] 
1593.316: [GC (Allocation Failure) [PSYoungGen: 70496K->1344K(71168K)] 426809K->357657K(627712K), 0.0019433 secs] [Times: user=0.01 sys=0.00, real=0.00 secs] 
1593.857: [GC (Allocation Failure) [PSYoungGen: 70464K->1437K(71168K)] 426777K->357750K(627712K), 0.0017306 secs] [Times: user=0.01 sys=0.00, real=0.00 secs] 
1594.258: [GC (Allocation Failure) [PSYoungGen: 70557K->1517K(71168K)] 426870K->357830K(627712K), 0.0016271 secs] [Times: user=0.01 sys=0.00, real=0.01 secs] 
1594.659: [GC (Allocation Failure) [PSYoungGen: 70637K->1581K(71168K)] 426950K->357894K(627712K), 0.0016395 secs] [Times: user=0.01 sys=0.00, real=0.00 secs] 
1595.064: [GC (Allocation Failure) [PSYoungGen: 70701K->1533K(71168K)] 427014K->357862K(627712K), 0.0016290 secs] [Times: user=0.01 sys=0.00, real=0.00 secs] 
1596.184: [GC (Allocation Failure) [PSYoungGen: 70653K->1360K(71168K)] 426982K->357689K(627712K), 0.0024565 secs] [Times: user=0.01 sys=0.00, real=0.00 secs] 
1596.839: [GC (Allocation Failure) [PSYoungGen: 70480K->1376K(71168K)] 426809K->357705K(627712K), 0.0022514 secs] [Times: user=0.01 sys=0.00, real=0.00 secs] 
1597.571: [GC (Allocation Failure) [PSYoungGen: 70496K->1376K(71168K)] 426825K->357705K(627712K), 0.0026008 secs] [Times: user=0.01 sys=0.01, real=0.00 secs] 
1598.317: [GC (Allocation Failure) [PSYoungGen: 70496K->1376K(71168K)] 426825K->357705K(627712K), 0.0034019 secs] [Times: user=0.01 sys=0.00, real=0.01 secs] 
1598.855: [GC (Allocation Failure) [PSYoungGen: 70496K->1469K(71168K)] 426825K->357814K(627712K), 0.0015794 secs] [Times: user=0.01 sys=0.00, real=0.00 secs] 
1599.308: [GC (Allocation Failure) [PSYoungGen: 70589K->1501K(71168K)] 426934K->357846K(627712K), 0.0017312 secs] [Times: user=0.00 sys=0.00, real=0.01 secs] 
1599.713: [GC (Allocation Failure) [PSYoungGen: 70621K->1517K(71168K)] 426966K->357862K(627712K), 0.0016370 secs] [Times: user=0.01 sys=0.00, real=0.00 secs] 
1600.164: [GC (Allocation Failure) [PSYoungGen: 70637K->1504K(71168K)] 426982K->357849K(627712K), 0.0029370 secs] [Times: user=0.01 sys=0.00, real=0.00 secs] 
1600.942: [GC (Allocation Failure) [PSYoungGen: 70624K->1344K(71168K)] 426969K->357689K(627712K), 0.0030647 secs] [Times: user=0.01 sys=0.00, real=0.00 secs] 
1601.658: [GC (Allocation Failure) [PSYoungGen: 70464K->1376K(71168K)] 426809K->357721K(627712K), 0.0030903 secs] [Times: user=0.01 sys=0.00, real=0.01 secs] 
1602.469: [GC (Allocation Failure) [PSYoungGen: 70496K->1344K(71168K)] 426841K->357689K(627712K), 0.0024080 secs] [Times: user=0.01 sys=0.00, real=0.00 secs] 
1603.323: [GC (Allocation Failure) [PSYoungGen: 70447K->1469K(71168K)] 426793K->357814K(627712K), 0.0025007 secs] [Times: user=0.01 sys=0.00, real=0.00 secs] 
1603.780: [GC (Allocation Failure) [PSYoungGen: 70589K->1565K(71168K)] 426934K->357910K(627712K), 0.0016348 secs] [Times: user=0.00 sys=0.01, real=0.00 secs] 
1604.182: [GC (Allocation Failure) [PSYoungGen: 70685K->1565K(71168K)] 427030K->357910K(627712K), 0.0016775 secs] [Times: user=0.00 sys=0.00, real=0.00 secs] 
1604.582: [GC (Allocation Failure) [PSYoungGen: 70685K->1549K(71168K)] 427030K->357894K(627712K), 0.0016597 secs] [Times: user=0.01 sys=0.00, real=0.00 secs] 
1605.152: [GC (Allocation Failure) [PSYoungGen: 70669K->1472K(71168K)] 427014K->357833K(627712K), 0.0029524 secs] [Times: user=0.01 sys=0.00, real=0.00 secs] 
1605.827: [GC (Allocation Failure) [PSYoungGen: 70592K->1376K(71168K)] 426953K->357737K(627712K), 0.0024428 secs] [Times: user=0.01 sys=0.00, real=0.01 secs] 
1606.391: [GC (Allocation Failure) [PSYoungGen: 70496K->1376K(71168K)] 426857K->357737K(627712K), 0.0022468 secs] [Times: user=0.01 sys=0.00, real=0.00 secs] 
1606.970: [GC (Allocation Failure) [PSYoungGen: 70496K->1376K(71168K)] 426857K->357737K(627712K), 0.0021532 secs] [Times: user=0.01 sys=0.00, real=0.00 secs] 
1607.509: [GC (Allocation Failure) [PSYoungGen: 70496K->1520K(71168K)] 426857K->357881K(627712K), 0.0015270 secs] [Times: user=0.00 sys=0.00, real=0.01 secs] 
1607.909: [GC (Allocation Failure) [PSYoungGen: 70640K->1517K(71168K)] 427001K->357878K(627712K), 0.0015983 secs] [Times: user=0.01 sys=0.00, real=0.00 secs] 
1608.311: [GC (Allocation Failure) [PSYoungGen: 70637K->1520K(71168K)] 426998K->357881K(627712K), 0.0016260 secs] [Times: user=0.00 sys=0.00, real=0.00 secs] 
1608.712: [GC (Allocation Failure) [PSYoungGen: 70640K->160K(71168K)] 427001K->356537K(627712K), 0.0014857 secs] [Times: user=0.00 sys=0.00, real=0.00 secs] 
1609.467: [GC (Allocation Failure) [PSYoungGen: 69280K->1376K(71168K)] 425657K->357753K(627712K), 0.0019571 secs] [Times: user=0.01 sys=0.00, real=0.00 secs] 
1610.025: [GC (Allocation Failure) [PSYoungGen: 70496K->1312K(71168K)] 426873K->357689K(627712K), 0.0019456 secs] [Times: user=0.01 sys=0.00, real=0.00 secs] 
1610.610: [GC (Allocation Failure) [PSYoungGen: 70432K->1360K(71168K)] 426809K->357737K(627712K), 0.0019932 secs] [Times: user=0.01 sys=0.00, real=0.00 secs] 
1611.227: [GC (Allocation Failure) [PSYoungGen: 70480K->1376K(71168K)] 426857K->357753K(627712K), 0.0022937 secs] [Times: user=0.01 sys=0.00, real=0.01 secs] 
1611.692: [GC (Allocation Failure) [PSYoungGen: 70496K->1581K(71168K)] 426873K->357958K(627712K), 0.0015713 secs] [Times: user=0.00 sys=0.00, real=0.00 secs] 
1612.095: [GC (Allocation Failure) [PSYoungGen: 70701K->1565K(71168K)] 427078K->357942K(627712K), 0.0016703 secs] [Times: user=0.01 sys=0.00, real=0.00 secs] 
1612.498: [GC (Allocation Failure) [PSYoungGen: 70685K->1581K(71168K)] 427062K->357958K(627712K), 0.0019315 secs] [Times: user=0.01 sys=0.00, real=0.01 secs] 
1612.996: [GC (Allocation Failure) [PSYoungGen: 70701K->1472K(71168K)] 427078K->357849K(627712K), 0.0019296 secs] [Times: user=0.01 sys=0.00, real=0.00 secs] 
1613.333: [GC (Allocation Failure) [PSYoungGen: 70592K->1344K(71168K)] 426969K->357721K(627712K), 0.0019018 secs] [Times: user=0.01 sys=0.00, real=0.00 secs] 
1613.624: [GC (Allocation Failure) [PSYoungGen: 70464K->1312K(71168K)] 426841K->357689K(627712K), 0.0018882 secs] [Times: user=0.00 sys=0.00, real=0.00 secs] 
1613.912: [GC (Allocation Failure) [PSYoungGen: 70432K->1408K(71168K)] 426809K->357785K(627712K), 0.0018942 secs] [Times: user=0.01 sys=0.00, real=0.00 secs] 
1614.305: [GC (Allocation Failure) [PSYoungGen: 70528K->1469K(71168K)] 426905K->357846K(627712K), 0.0016036 secs] [Times: user=0.01 sys=0.00, real=0.00 secs] 
1614.706: [GC (Allocation Failure) [PSYoungGen: 70589K->1584K(71168K)] 426966K->357961K(627712K), 0.0015948 secs] [Times: user=0.01 sys=0.00, real=0.00 secs] 
1615.109: [GC (Allocation Failure) [PSYoungGen: 70704K->1533K(71168K)] 427081K->357910K(627712K), 0.0016382 secs] [Times: user=0.00 sys=0.00, real=0.00 secs] 
1615.511: [GC (Allocation Failure) [PSYoungGen: 70653K->1533K(71168K)] 427030K->357918K(627712K), 0.0016162 secs] [Times: user=0.01 sys=0.00, real=0.00 secs] 
1616.608: [GC (Allocation Failure) [PSYoungGen: 70653K->1408K(71168K)] 427038K->357793K(627712K), 0.0029609 secs] [Times: user=0.01 sys=0.00, real=0.01 secs] 
1617.103: [GC (Allocation Failure) [PSYoungGen: 70528K->1376K(71168K)] 426913K->357761K(627712K), 0.0021222 secs] [Times: user=0.01 sys=0.00, real=0.00 secs] 
1617.671: [GC (Allocation Failure) [PSYoungGen: 70496K->1344K(71168K)] 426881K->357745K(627712K), 0.0021267 secs] [Times: user=0.01 sys=0.00, real=0.00 secs] 
1618.254: [GC (Allocation Failure) [PSYoungGen: 70464K->1376K(71168K)] 426865K->357777K(627712K), 0.0024509 secs] [Times: user=0.01 sys=0.00, real=0.00 secs] 
1618.817: [GC (Allocation Failure) [PSYoungGen: 70496K->1485K(71168K)] 426897K->357886K(627712K), 0.0015818 secs] [Times: user=0.01 sys=0.00, real=0.00 secs] 
1619.219: [GC (Allocation Failure) [PSYoungGen: 70605K->1517K(71168K)] 427006K->357918K(627712K), 0.0016031 secs] [Times: user=0.01 sys=0.00, real=0.00 secs] 
1619.624: [GC (Allocation Failure) [PSYoungGen: 70637K->1549K(71168K)] 427038K->357950K(627712K), 0.0016325 secs] [Times: user=0.00 sys=0.00, real=0.00 secs] 
1620.001: [GC (Allocation Failure) [PSYoungGen: 70669K->1472K(71168K)] 427070K->357889K(627712K), 0.0018005 secs] [Times: user=0.00 sys=0.00, real=0.00 secs] 
1620.300: [GC (Allocation Failure) [PSYoungGen: 70592K->1344K(71168K)] 427009K->357761K(627712K), 0.0021388 secs] [Times: user=0.01 sys=0.00, real=0.00 secs] 
1620.616: [GC (Allocation Failure) [PSYoungGen: 70464K->1312K(71168K)] 426881K->357729K(627712K), 0.0017957 secs] [Times: user=0.00 sys=0.00, real=0.00 secs] 
1620.903: [GC (Allocation Failure) [PSYoungGen: 70432K->1408K(71168K)] 426849K->357825K(627712K), 0.0018428 secs] [Times: user=0.01 sys=0.00, real=0.00 secs] 
1621.272: [GC (Allocation Failure) [PSYoungGen: 70528K->1437K(71168K)] 426945K->357854K(627712K), 0.0016109 secs] [Times: user=0.01 sys=0.00, real=0.00 secs] 
1621.674: [GC (Allocation Failure) [PSYoungGen: 70557K->1581K(71168K)] 426974K->357998K(627712K), 0.0016229 secs] [Times: user=0.00 sys=0.00, real=0.00 secs] 
1622.079: [GC (Allocation Failure) [PSYoungGen: 70701K->1565K(71168K)] 427118K->357982K(627712K), 0.0017256 secs] [Times: user=0.01 sys=0.00, real=0.01 secs] 
1622.481: [GC (Allocation Failure) [PSYoungGen: 70685K->1501K(71168K)] 427102K->357918K(627712K), 0.0016840 secs] [Times: user=0.01 sys=0.00, real=0.00 secs] 
1624.000: [GC (Allocation Failure) [PSYoungGen: 70621K->1456K(71168K)] 427038K->357873K(627712K), 0.0040020 secs] [Times: user=0.01 sys=0.00, real=0.00 secs] 
1625.053: [GC (Allocation Failure) [PSYoungGen: 70576K->1376K(71168K)] 426993K->357793K(627712K), 0.0027683 secs] [Times: user=0.01 sys=0.00, real=0.00 secs] 
1625.703: [GC (Allocation Failure) [PSYoungGen: 70496K->1376K(71168K)] 426913K->357793K(627712K), 0.0030503 secs] [Times: user=0.01 sys=0.00, real=0.00 secs] 
1626.427: [GC (Allocation Failure) [PSYoungGen: 70496K->1360K(71168K)] 426913K->357777K(627712K), 0.0038771 secs] [Times: user=0.02 sys=0.00, real=0.01 secs] 
1627.225: [GC (Allocation Failure) [PSYoungGen: 70480K->1469K(71168K)] 426897K->357886K(627712K), 0.0016567 secs] [Times: user=0.00 sys=0.00, real=0.00 secs] 
1627.685: [GC (Allocation Failure) [PSYoungGen: 70589K->1533K(71168K)] 427006K->357950K(627712K), 0.0017529 secs] [Times: user=0.00 sys=0.00, real=0.00 secs] 
1628.146: [GC (Allocation Failure) [PSYoungGen: 70653K->1517K(71168K)] 427070K->357934K(627712K), 0.0016692 secs] [Times: user=0.00 sys=0.00, real=0.00 secs] 
1628.552: [GC (Allocation Failure) [PSYoungGen: 70637K->288K(71168K)] 427054K->356705K(627712K), 0.0016172 secs] [Times: user=0.00 sys=0.00, real=0.00 secs] 
1628.994: [GC (Allocation Failure) [PSYoungGen: 69408K->1376K(71168K)] 425825K->357817K(627712K), 0.0021592 secs] [Times: user=0.01 sys=0.00, real=0.00 secs] 
1629.338: [GC (Allocation Failure) [PSYoungGen: 70496K->1312K(71168K)] 426937K->357753K(627712K), 0.0020537 secs] [Times: user=0.01 sys=0.00, real=0.01 secs] 
1629.633: [GC (Allocation Failure) [PSYoungGen: 70432K->1312K(71168K)] 426873K->357753K(627712K), 0.0019288 secs] [Times: user=0.01 sys=0.00, real=0.00 secs] 
1629.934: [GC (Allocation Failure) [PSYoungGen: 70432K->1328K(71168K)] 426873K->357769K(627712K), 0.0019166 secs] [Times: user=0.01 sys=0.00, real=0.00 secs] 
1630.382: [GC (Allocation Failure) [PSYoungGen: 70446K->1533K(71168K)] 426887K->357974K(627712K), 0.0016174 secs] [Times: user=0.01 sys=0.00, real=0.00 secs] 
1630.788: [GC (Allocation Failure) [PSYoungGen: 70653K->1501K(71168K)] 427094K->357942K(627712K), 0.0017165 secs] [Times: user=0.01 sys=0.00, real=0.01 secs] 
1631.199: [GC (Allocation Failure) [PSYoungGen: 70621K->1549K(71168K)] 427062K->357990K(627712K), 0.0016045 secs] [Times: user=0.00 sys=0.00, real=0.00 secs] 
1632.856: [GC (Allocation Failure) [PSYoungGen: 70669K->1472K(71168K)] 427110K->357913K(627712K), 0.0044156 secs] [Times: user=0.02 sys=0.00, real=0.01 secs] 
1633.623: [GC (Allocation Failure) [PSYoungGen: 70592K->1344K(71168K)] 427033K->357785K(627712K), 0.0029622 secs] [Times: user=0.01 sys=0.00, real=0.00 secs] 
1634.150: [GC (Allocation Failure) [PSYoungGen: 70464K->1376K(71168K)] 426905K->357817K(627712K), 0.0022104 secs] [Times: user=0.01 sys=0.00, real=0.00 secs] 
1634.748: [GC (Allocation Failure) [PSYoungGen: 70496K->1376K(71168K)] 426937K->357817K(627712K), 0.0028007 secs] [Times: user=0.01 sys=0.00, real=0.01 secs] 
1635.347: [GC (Allocation Failure) [PSYoungGen: 70487K->1440K(71168K)] 426929K->357881K(627712K), 0.0016506 secs] [Times: user=0.01 sys=0.00, real=0.01 secs] 
1635.750: [GC (Allocation Failure) [PSYoungGen: 70560K->1485K(71168K)] 427001K->357926K(627712K), 0.0016368 secs] [Times: user=0.00 sys=0.00, real=0.00 secs] 
1636.211: [GC (Allocation Failure) [PSYoungGen: 70605K->1565K(71168K)] 427046K->358006K(627712K), 0.0018283 secs] [Times: user=0.00 sys=0.00, real=0.00 secs] 
1636.619: [GC (Allocation Failure) [PSYoungGen: 70685K->1517K(71168K)] 427126K->357966K(627712K), 0.0016816 secs] [Times: user=0.01 sys=0.00, real=0.00 secs] 
1637.030: [GC (Allocation Failure) [PSYoungGen: 70637K->1408K(71168K)] 427086K->357857K(627712K), 0.0025481 secs] [Times: user=0.01 sys=0.00, real=0.00 secs] 
1637.349: [GC (Allocation Failure) [PSYoungGen: 70528K->1344K(71168K)] 426977K->357793K(627712K), 0.0020047 secs] [Times: user=0.01 sys=0.00, real=0.00 secs] 
1638.074: [GC (Allocation Failure) [PSYoungGen: 70464K->1376K(71168K)] 426913K->357825K(627712K), 0.0023487 secs] [Times: user=0.01 sys=0.00, real=0.00 secs] 
1638.842: [GC (Allocation Failure) [PSYoungGen: 70496K->1376K(71168K)] 426945K->357825K(627712K), 0.0025429 secs] [Times: user=0.01 sys=0.00, real=0.00 secs] 
1639.432: [GC (Allocation Failure) [PSYoungGen: 70496K->1501K(71168K)] 426945K->357974K(627712K), 0.0016487 secs] [Times: user=0.01 sys=0.00, real=0.00 secs] 
1639.834: [GC (Allocation Failure) [PSYoungGen: 70621K->1485K(71168K)] 427094K->357958K(627712K), 0.0016307 secs] [Times: user=0.01 sys=0.00, real=0.00 secs] 
1640.235: [GC (Allocation Failure) [PSYoungGen: 70605K->1581K(71168K)] 427078K->358054K(627712K), 0.0015971 secs] [Times: user=0.00 sys=0.00, real=0.00 secs] 
1640.623: [GC (Allocation Failure) [PSYoungGen: 70701K->1504K(71168K)] 427174K->357977K(627712K), 0.0015720 secs] [Times: user=0.01 sys=0.00, real=0.00 secs] 
1640.926: [GC (Allocation Failure) [PSYoungGen: 70624K->1376K(71168K)] 427097K->357849K(627712K), 0.0015546 secs] [Times: user=0.01 sys=0.00, real=0.00 secs] 
1641.212: [GC (Allocation Failure) [PSYoungGen: 70496K->1344K(71168K)] 426969K->357817K(627712K), 0.0013999 secs] [Times: user=0.00 sys=0.00, real=0.00 secs] 
1641.499: [GC (Allocation Failure) [PSYoungGen: 70464K->1344K(71168K)] 426937K->357817K(627712K), 0.0018147 secs] [Times: user=0.00 sys=0.00, real=0.00 secs] 
1641.871: [GC (Allocation Failure) [PSYoungGen: 70464K->1456K(71168K)] 426937K->357937K(627712K), 0.0016121 secs] [Times: user=0.00 sys=0.00, real=0.00 secs] 
1642.274: [GC (Allocation Failure) [PSYoungGen: 70576K->1501K(71168K)] 427057K->357982K(627712K), 0.0016205 secs] [Times: user=0.00 sys=0.00, real=0.00 secs] 
1642.674: [GC (Allocation Failure) [PSYoungGen: 70621K->1517K(71168K)] 427102K->357998K(627712K), 0.0016350 secs] [Times: user=0.01 sys=0.00, real=0.00 secs] 
1643.131: [GC (Allocation Failure) [PSYoungGen: 70637K->1552K(71168K)] 427118K->358033K(627712K), 0.0016610 secs] [Times: user=0.01 sys=0.00, real=0.00 secs] 
1643.546: [GC (Allocation Failure) [PSYoungGen: 70672K->1456K(71168K)] 427153K->357937K(627712K), 0.0021494 secs] [Times: user=0.00 sys=0.00, real=0.00 secs] 
1643.912: [GC (Allocation Failure) [PSYoungGen: 70576K->1376K(71168K)] 427057K->357857K(627712K), 0.0022682 secs] [Times: user=0.01 sys=0.00, real=0.00 secs] 
1644.373: [GC (Allocation Failure) [PSYoungGen: 70496K->1376K(71168K)] 426977K->357857K(627712K), 0.0016353 secs] [Times: user=0.01 sys=0.00, real=0.00 secs] 
1644.978: [GC (Allocation Failure) [PSYoungGen: 70496K->1376K(71168K)] 426977K->357857K(627712K), 0.0028020 secs] [Times: user=0.01 sys=0.00, real=0.01 secs] 
1645.562: [GC (Allocation Failure) [PSYoungGen: 70496K->1501K(71168K)] 426977K->357982K(627712K), 0.0016134 secs] [Times: user=0.01 sys=0.00, real=0.00 secs] 
1645.967: [GC (Allocation Failure) [PSYoungGen: 70616K->1533K(71168K)] 427097K->358014K(627712K), 0.0016813 secs] [Times: user=0.00 sys=0.00, real=0.00 secs] 
1646.376: [GC (Allocation Failure) [PSYoungGen: 70653K->1485K(71168K)] 427134K->357990K(627712K), 0.0015956 secs] [Times: user=0.01 sys=0.00, real=0.00 secs] 
1646.786: [GC (Allocation Failure) [PSYoungGen: 70228K->256K(71168K)] 426734K->356777K(627712K), 0.0015305 secs] [Times: user=0.00 sys=0.00, real=0.00 secs] 
1647.247: [GC (Allocation Failure) [PSYoungGen: 69376K->1312K(71168K)] 425897K->357833K(627712K), 0.0019042 secs] [Times: user=0.01 sys=0.01, real=0.00 secs] 
1647.535: [GC (Allocation Failure) [PSYoungGen: 70432K->1408K(71168K)] 426953K->357929K(627712K), 0.0021191 secs] [Times: user=0.01 sys=0.00, real=0.00 secs] 
1647.906: [GC (Allocation Failure) [PSYoungGen: 70528K->1376K(71168K)] 427049K->357897K(627712K), 0.0028600 secs] [Times: user=0.01 sys=0.00, real=0.01 secs] 
1648.494: [GC (Allocation Failure) [PSYoungGen: 70496K->1328K(71168K)] 427017K->357857K(627712K), 0.0019885 secs] [Times: user=0.01 sys=0.00, real=0.00 secs] 
1649.002: [GC (Allocation Failure) [PSYoungGen: 70448K->1533K(71168K)] 426977K->358062K(627712K), 0.0016986 secs] [Times: user=0.01 sys=0.00, real=0.00 secs] 
1649.405: [GC (Allocation Failure) [PSYoungGen: 70653K->1520K(71168K)] 427182K->358049K(627712K), 0.0016507 secs] [Times: user=0.00 sys=0.00, real=0.00 secs] 
1649.867: [GC (Allocation Failure) [PSYoungGen: 70640K->1517K(71168K)] 427169K->358046K(627712K), 0.0016760 secs] [Times: user=0.01 sys=0.00, real=0.00 secs] 
1650.339: [GC (Allocation Failure) [PSYoungGen: 70637K->1440K(71168K)] 427166K->357969K(627712K), 0.0023553 secs] [Times: user=0.01 sys=0.00, real=0.00 secs] 
1650.674: [GC (Allocation Failure) [PSYoungGen: 70560K->1376K(71168K)] 427089K->357905K(627712K), 0.0021561 secs] [Times: user=0.01 sys=0.00, real=0.00 secs] 
1650.969: [GC (Allocation Failure) [PSYoungGen: 70496K->1344K(71168K)] 427025K->357873K(627712K), 0.0019849 secs] [Times: user=0.01 sys=0.00, real=0.00 secs] 
1651.256: [GC (Allocation Failure) [PSYoungGen: 70464K->1376K(71168K)] 426993K->357905K(627712K), 0.0017562 secs] [Times: user=0.01 sys=0.00, real=0.00 secs] 
1651.699: [GC (Allocation Failure) [PSYoungGen: 70496K->1501K(71168K)] 427025K->358030K(627712K), 0.0018358 secs] [Times: user=0.00 sys=0.00, real=0.01 secs] 
1652.203: [GC (Allocation Failure) [PSYoungGen: 70621K->1565K(71168K)] 427150K->358094K(627712K), 0.0017814 secs] [Times: user=0.01 sys=0.00, real=0.00 secs] 
1652.610: [GC (Allocation Failure) [PSYoungGen: 70685K->1533K(71168K)] 427214K->358062K(627712K), 0.0017557 secs] [Times: user=0.01 sys=0.00, real=0.00 secs] 
1653.011: [GC (Allocation Failure) [PSYoungGen: 70653K->1552K(71168K)] 427182K->358097K(627712K), 0.0016418 secs] [Times: user=0.01 sys=0.00, real=0.00 secs] 
1654.145: [GC (Allocation Failure) [PSYoungGen: 70672K->1408K(71168K)] 427217K->357961K(627712K), 0.0030684 secs] [Times: user=0.01 sys=0.00, real=0.00 secs] 
1655.158: [GC (Allocation Failure) [PSYoungGen: 70528K->1344K(71168K)] 427081K->357897K(627712K), 0.0025293 secs] [Times: user=0.01 sys=0.00, real=0.01 secs] 
1656.161: [GC (Allocation Failure) [PSYoungGen: 70464K->1344K(71168K)] 427017K->357897K(627712K), 0.0028137 secs] [Times: user=0.01 sys=0.00, real=0.00 secs] 
1656.591: [GC (Allocation Failure) [PSYoungGen: 70464K->1376K(71168K)] 427017K->357929K(627712K), 0.0020474 secs] [Times: user=0.01 sys=0.00, real=0.00 secs] 
1657.084: [GC (Allocation Failure) [PSYoungGen: 70494K->1469K(71168K)] 427047K->358022K(627712K), 0.0017888 secs] [Times: user=0.00 sys=0.00, real=0.00 secs] 
1657.545: [GC (Allocation Failure) [PSYoungGen: 70579K->1552K(71168K)] 427133K->358105K(627712K), 0.0016418 secs] [Times: user=0.00 sys=0.00, real=0.00 secs] 
1657.948: [GC (Allocation Failure) [PSYoungGen: 70672K->1549K(71168K)] 427225K->358102K(627712K), 0.0016520 secs] [Times: user=0.01 sys=0.00, real=0.01 secs] 
1658.896: [GC (Allocation Failure) [PSYoungGen: 70669K->1504K(71168K)] 427222K->358073K(627712K), 0.0026744 secs] [Times: user=0.01 sys=0.00, real=0.01 secs] 
1659.742: [GC (Allocation Failure) [PSYoungGen: 70624K->1344K(71168K)] 427193K->357913K(627712K), 0.0025337 secs] [Times: user=0.01 sys=0.00, real=0.00 secs] 
1660.582: [GC (Allocation Failure) [PSYoungGen: 70464K->1376K(71168K)] 427033K->357945K(627712K), 0.0027616 secs] [Times: user=0.01 sys=0.00, real=0.00 secs] 
1661.296: [GC (Allocation Failure) [PSYoungGen: 70496K->1360K(71168K)] 427065K->357929K(627712K), 0.0031250 secs] [Times: user=0.01 sys=0.00, real=0.01 secs] 
1662.175: [GC (Allocation Failure) [PSYoungGen: 70480K->1437K(71168K)] 427049K->358006K(627712K), 0.0023056 secs] [Times: user=0.01 sys=0.00, real=0.00 secs] 
1662.616: [GC (Allocation Failure) [PSYoungGen: 70554K->1517K(71168K)] 427124K->358086K(627712K), 0.0015782 secs] [Times: user=0.00 sys=0.00, real=0.00 secs] 
1663.023: [GC (Allocation Failure) [PSYoungGen: 70637K->1533K(71168K)] 427206K->358102K(627712K), 0.0016334 secs] [Times: user=0.00 sys=0.00, real=0.00 secs] 
1663.425: [GC (Allocation Failure) [PSYoungGen: 70653K->1533K(71168K)] 427222K->358102K(627712K), 0.0017179 secs] [Times: user=0.00 sys=0.00, real=0.00 secs] 
1663.776: [GC (Allocation Failure) [PSYoungGen: 70653K->1424K(71168K)] 427222K->358001K(627712K), 0.0027854 secs] [Times: user=0.01 sys=0.00, real=0.01 secs] 
1664.064: [GC (Allocation Failure) [PSYoungGen: 70544K->1360K(71168K)] 427121K->357937K(627712K), 0.0020341 secs] [Times: user=0.01 sys=0.00, real=0.00 secs] 
1664.351: [GC (Allocation Failure) [PSYoungGen: 70480K->1312K(71168K)] 427057K->357889K(627712K), 0.0018092 secs] [Times: user=0.01 sys=0.00, real=0.00 secs] 
1664.637: [GC (Allocation Failure) [PSYoungGen: 70432K->1376K(71168K)] 427009K->357953K(627712K), 0.0020153 secs] [Times: user=0.01 sys=0.00, real=0.01 secs] 
1665.016: [GC (Allocation Failure) [PSYoungGen: 70496K->1549K(71168K)] 427073K->358126K(627712K), 0.0016512 secs] [Times: user=0.01 sys=0.00, real=0.00 secs] 
1665.418: [GC (Allocation Failure) [PSYoungGen: 70669K->1565K(71168K)] 427246K->358142K(627712K), 0.0017987 secs] [Times: user=0.01 sys=0.00, real=0.01 secs] 
1665.821: [GC (Allocation Failure) [PSYoungGen: 70685K->1613K(71168K)] 427262K->358190K(627712K), 0.0017512 secs] [Times: user=0.00 sys=0.00, real=0.00 secs] 
1666.282: [GC (Allocation Failure) [PSYoungGen: 70733K->1552K(71168K)] 427310K->358129K(627712K), 0.0020928 secs] [Times: user=0.01 sys=0.00, real=0.00 secs] 
1666.865: [GC (Allocation Failure) [PSYoungGen: 70672K->1344K(70656K)] 427249K->357921K(627200K), 0.0022089 secs] [Times: user=0.01 sys=0.00, real=0.00 secs] 
1667.457: [GC (Allocation Failure) [PSYoungGen: 70464K->1344K(70656K)] 427041K->357937K(627200K), 0.0022955 secs] [Times: user=0.01 sys=0.00, real=0.01 secs] 
1668.053: [GC (Allocation Failure) [PSYoungGen: 70464K->1408K(70656K)] 427057K->358001K(627200K), 0.0023003 secs] [Times: user=0.01 sys=0.00, real=0.00 secs] 
1668.687: [GC (Allocation Failure) [PSYoungGen: 70528K->1344K(70656K)] 427121K->357937K(627200K), 0.0025863 secs] [Times: user=0.01 sys=0.00, real=0.01 secs] 
1669.285: [GC (Allocation Failure) [PSYoungGen: 70464K->1488K(71168K)] 427057K->358081K(627712K), 0.0016402 secs] [Times: user=0.01 sys=0.00, real=0.00 secs] 
1669.687: [GC (Allocation Failure) [PSYoungGen: 70608K->1549K(71168K)] 427201K->358142K(627712K), 0.0015728 secs] [Times: user=0.00 sys=0.00, real=0.00 secs] 
1670.156: [GC (Allocation Failure) [PSYoungGen: 70669K->1552K(71168K)] 427262K->358145K(627712K), 0.0016226 secs] [Times: user=0.01 sys=0.00, real=0.00 secs] 
1670.722: [GC (Allocation Failure) [PSYoungGen: 70672K->1456K(71168K)] 427265K->358049K(627712K), 0.0026928 secs] [Times: user=0.01 sys=0.00, real=0.00 secs] 
1671.316: [GC (Allocation Failure) [PSYoungGen: 70576K->1344K(71168K)] 427169K->357937K(627712K), 0.0020513 secs] [Times: user=0.01 sys=0.00, real=0.00 secs] 
1672.175: [GC (Allocation Failure) [PSYoungGen: 70464K->1344K(71168K)] 427057K->357937K(627712K), 0.0021908 secs] [Times: user=0.01 sys=0.00, real=0.00 secs] 
1673.157: [GC (Allocation Failure) [PSYoungGen: 70464K->1344K(71168K)] 427057K->357937K(627712K), 0.0024332 secs] [Times: user=0.01 sys=0.00, real=0.01 secs] 
1673.945: [GC (Allocation Failure) [PSYoungGen: 70464K->1469K(71168K)] 427057K->358062K(627712K), 0.0016066 secs] [Times: user=0.01 sys=0.00, real=0.00 secs] 
1674.346: [GC (Allocation Failure) [PSYoungGen: 70589K->1533K(71168K)] 427182K->358126K(627712K), 0.0015834 secs] [Times: user=0.01 sys=0.00, real=0.00 secs] 
1674.749: [GC (Allocation Failure) [PSYoungGen: 70653K->1549K(71168K)] 427246K->358142K(627712K), 0.0016046 secs] [Times: user=0.01 sys=0.00, real=0.00 secs] 
1675.151: [GC (Allocation Failure) [PSYoungGen: 70669K->1549K(71168K)] 427262K->358158K(627712K), 0.0016263 secs] [Times: user=0.01 sys=0.00, real=0.00 secs] 
1675.478: [GC (Allocation Failure) [PSYoungGen: 70669K->1424K(71168K)] 427278K->358033K(627712K), 0.0016871 secs] [Times: user=0.01 sys=0.00, real=0.01 secs] 
1675.765: [GC (Allocation Failure) [PSYoungGen: 70544K->1328K(71168K)] 427153K->357937K(627712K), 0.0016649 secs] [Times: user=0.01 sys=0.00, real=0.00 secs] 
1676.052: [GC (Allocation Failure) [PSYoungGen: 70448K->1344K(71168K)] 427057K->357953K(627712K), 0.0017353 secs] [Times: user=0.01 sys=0.00, real=0.00 secs] 
1676.428: [GC (Allocation Failure) [PSYoungGen: 70464K->1376K(71168K)] 427073K->357985K(627712K), 0.0026045 secs] [Times: user=0.01 sys=0.01, real=0.01 secs] 
1676.969: [GC (Allocation Failure) [PSYoungGen: 70493K->1533K(71168K)] 427103K->358142K(627712K), 0.0016343 secs] [Times: user=0.01 sys=0.00, real=0.00 secs] 
1677.373: [GC (Allocation Failure) [PSYoungGen: 70653K->1533K(71168K)] 427262K->358142K(627712K), 0.0018156 secs] [Times: user=0.00 sys=0.00, real=0.00 secs] 
1677.775: [GC (Allocation Failure) [PSYoungGen: 70653K->1501K(71168K)] 427262K->358110K(627712K), 0.0017323 secs] [Times: user=0.01 sys=0.00, real=0.00 secs] 
1678.236: [GC (Allocation Failure) [PSYoungGen: 70621K->1440K(71168K)] 427230K->358065K(627712K), 0.0019237 secs] [Times: user=0.01 sys=0.00, real=0.00 secs] 
1678.775: [GC (Allocation Failure) [PSYoungGen: 70560K->1344K(71168K)] 427185K->357969K(627712K), 0.0017794 secs] [Times: user=0.01 sys=0.00, real=0.00 secs] 
1679.298: [GC (Allocation Failure) [PSYoungGen: 70464K->1344K(71168K)] 427089K->357969K(627712K), 0.0019301 secs] [Times: user=0.01 sys=0.01, real=0.01 secs] 
1679.811: [GC (Allocation Failure) [PSYoungGen: 70464K->1312K(71168K)] 427089K->357937K(627712K), 0.0021415 secs] [Times: user=0.01 sys=0.00, real=0.00 secs] 
1680.303: [GC (Allocation Failure) [PSYoungGen: 70432K->1437K(71168K)] 427057K->358062K(627712K), 0.0019386 secs] [Times: user=0.00 sys=0.00, real=0.00 secs] 
1680.717: [GC (Allocation Failure) [PSYoungGen: 70557K->1533K(71168K)] 427182K->358158K(627712K), 0.0016957 secs] [Times: user=0.01 sys=0.00, real=0.01 secs] 
1681.122: [GC (Allocation Failure) [PSYoungGen: 70653K->1549K(71168K)] 427278K->358174K(627712K), 0.0016780 secs] [Times: user=0.01 sys=0.00, real=0.00 secs] 
1681.585: [GC (Allocation Failure) [PSYoungGen: 70669K->1520K(71168K)] 427294K->358145K(627712K), 0.0016851 secs] [Times: user=0.01 sys=0.00, real=0.00 secs] 
1682.227: [GC (Allocation Failure) [PSYoungGen: 70640K->1408K(71168K)] 427265K->358033K(627712K), 0.0021915 secs] [Times: user=0.01 sys=0.00, real=0.01 secs] 
1682.886: [GC (Allocation Failure) [PSYoungGen: 70528K->1376K(71168K)] 427153K->358001K(627712K), 0.0021231 secs] [Times: user=0.01 sys=0.00, real=0.00 secs] 
1683.174: [GC (Allocation Failure) [PSYoungGen: 70496K->1344K(71168K)] 427121K->357969K(627712K), 0.0021435 secs] [Times: user=0.00 sys=0.00, real=0.00 secs] 
1683.462: [GC (Allocation Failure) [PSYoungGen: 70464K->1376K(71168K)] 427089K->358001K(627712K), 0.0023159 secs] [Times: user=0.01 sys=0.00, real=0.00 secs] 
1683.885: [GC (Allocation Failure) [PSYoungGen: 70496K->1472K(71168K)] 427121K->358097K(627712K), 0.0016912 secs] [Times: user=0.00 sys=0.00, real=0.00 secs] 
1684.288: [GC (Allocation Failure) [PSYoungGen: 70592K->1552K(71168K)] 427217K->358177K(627712K), 0.0017612 secs] [Times: user=0.01 sys=0.00, real=0.01 secs] 
1684.690: [GC (Allocation Failure) [PSYoungGen: 70672K->1533K(71168K)] 427297K->358158K(627712K), 0.0015996 secs] [Times: user=0.00 sys=0.00, real=0.00 secs] 
1685.140: [GC (Allocation Failure) [PSYoungGen: 70653K->1504K(71168K)] 427278K->358129K(627712K), 0.0016540 secs] [Times: user=0.00 sys=0.00, real=0.00 secs] 
1685.738: [GC (Allocation Failure) [PSYoungGen: 70624K->1328K(71168K)] 427249K->357953K(627712K), 0.0019915 secs] [Times: user=0.00 sys=0.00, real=0.01 secs] 
1686.173: [GC (Allocation Failure) [PSYoungGen: 70448K->1360K(71168K)] 427073K->357985K(627712K), 0.0019905 secs] [Times: user=0.01 sys=0.00, real=0.00 secs] 
1686.460: [GC (Allocation Failure) [PSYoungGen: 70480K->1376K(71168K)] 427105K->358001K(627712K), 0.0021145 secs] [Times: user=0.00 sys=0.00, real=0.00 secs] 
1686.748: [GC (Allocation Failure) [PSYoungGen: 70496K->1312K(71168K)] 427121K->357953K(627712K), 0.0018885 secs] [Times: user=0.01 sys=0.00, real=0.01 secs] 
1687.226: [GC (Allocation Failure) [PSYoungGen: 70432K->1485K(71168K)] 427073K->358126K(627712K), 0.0015938 secs] [Times: user=0.01 sys=0.00, real=0.00 secs] 
1687.627: [GC (Allocation Failure) [PSYoungGen: 70605K->1517K(71168K)] 427246K->358158K(627712K), 0.0015933 secs] [Times: user=0.01 sys=0.00, real=0.00 secs] 
1688.029: [GC (Allocation Failure) [PSYoungGen: 70637K->1501K(71168K)] 427278K->358142K(627712K), 0.0015572 secs] [Times: user=0.01 sys=0.00, real=0.00 secs] 
1689.628: [GC (Allocation Failure) [PSYoungGen: 70621K->1424K(71168K)] 427262K->358073K(627712K), 0.0044727 secs] [Times: user=0.01 sys=0.00, real=0.01 secs] 
1690.786: [GC (Allocation Failure) [PSYoungGen: 70544K->1376K(71168K)] 427193K->358025K(627712K), 0.0033859 secs] [Times: user=0.01 sys=0.00, real=0.01 secs] 
1691.318: [GC (Allocation Failure) [PSYoungGen: 70496K->1312K(71168K)] 427145K->357961K(627712K), 0.0020895 secs] [Times: user=0.00 sys=0.01, real=0.01 secs] 
1691.667: [GC (Allocation Failure) [PSYoungGen: 70432K->1376K(71168K)] 427081K->358025K(627712K), 0.0020029 secs] [Times: user=0.01 sys=0.00, real=0.01 secs] 
1692.138: [GC (Allocation Failure) [PSYoungGen: 70496K->1389K(71168K)] 427145K->358038K(627712K), 0.0016227 secs] [Times: user=0.01 sys=0.00, real=0.01 secs] 
1692.549: [GC (Allocation Failure) [PSYoungGen: 70509K->1501K(71168K)] 427158K->358150K(627712K), 0.0016280 secs] [Times: user=0.00 sys=0.00, real=0.00 secs] 
1692.951: [GC (Allocation Failure) [PSYoungGen: 70621K->1549K(71168K)] 427270K->358198K(627712K), 0.0016004 secs] [Times: user=0.01 sys=0.00, real=0.00 secs] 
1693.353: [GC (Allocation Failure) [PSYoungGen: 70669K->1565K(71168K)] 427318K->358230K(627712K), 0.0016783 secs] [Times: user=0.01 sys=0.00, real=0.00 secs] 
1694.573: [GC (Allocation Failure) [PSYoungGen: 70685K->1376K(71168K)] 427350K->358049K(627712K), 0.0030912 secs] [Times: user=0.01 sys=0.00, real=0.00 secs] 
1695.259: [GC (Allocation Failure) [PSYoungGen: 70496K->1408K(71168K)] 427169K->358081K(627712K), 0.0026609 secs] [Times: user=0.01 sys=0.00, real=0.00 secs] 
1695.815: [GC (Allocation Failure) [PSYoungGen: 70528K->1392K(71168K)] 427201K->358065K(627712K), 0.0027292 secs] [Times: user=0.01 sys=0.00, real=0.00 secs] 
1696.391: [GC (Allocation Failure) [PSYoungGen: 70512K->1440K(71168K)] 427185K->358113K(627712K), 0.0020583 secs] [Times: user=0.01 sys=0.00, real=0.00 secs] 
1696.894: [GC (Allocation Failure) [PSYoungGen: 70560K->1501K(71168K)] 427233K->358174K(627712K), 0.0016426 secs] [Times: user=0.01 sys=0.00, real=0.00 secs] 
1697.352: [GC (Allocation Failure) [PSYoungGen: 70621K->1613K(71168K)] 427294K->358294K(627712K), 0.0016598 secs] [Times: user=0.01 sys=0.00, real=0.00 secs] 
1697.753: [GC (Allocation Failure) [PSYoungGen: 70733K->1549K(71168K)] 427414K->358230K(627712K), 0.0016398 secs] [Times: user=0.01 sys=0.00, real=0.00 secs] 
1698.256: [GC (Allocation Failure) [PSYoungGen: 70669K->1552K(71168K)] 427350K->358249K(627712K), 0.0022908 secs] [Times: user=0.01 sys=0.00, real=0.01 secs] 
1698.721: [GC (Allocation Failure) [PSYoungGen: 70672K->1376K(71168K)] 427369K->358089K(627712K), 0.0023111 secs] [Times: user=0.01 sys=0.00, real=0.00 secs] 
1699.252: [GC (Allocation Failure) [PSYoungGen: 70496K->1344K(71168K)] 427209K->358057K(627712K), 0.0022404 secs] [Times: user=0.01 sys=0.00, real=0.00 secs] 
1699.847: [GC (Allocation Failure) [PSYoungGen: 70464K->1408K(71168K)] 427177K->358121K(627712K), 0.0027704 secs] [Times: user=0.01 sys=0.00, real=0.01 secs] 
1700.593: [GC (Allocation Failure) [PSYoungGen: 70528K->1533K(71168K)] 427241K->358246K(627712K), 0.0021408 secs] [Times: user=0.01 sys=0.00, real=0.00 secs] 
1701.018: [GC (Allocation Failure) [PSYoungGen: 70653K->1565K(71168K)] 427366K->358278K(627712K), 0.0016225 secs] [Times: user=0.00 sys=0.00, real=0.01 secs] 
1701.423: [GC (Allocation Failure) [PSYoungGen: 70685K->1581K(71168K)] 427398K->358294K(627712K), 0.0016817 secs] [Times: user=0.01 sys=0.00, real=0.00 secs] 
1701.825: [GC (Allocation Failure) [PSYoungGen: 70701K->1613K(71168K)] 427414K->358326K(627712K), 0.0016073 secs] [Times: user=0.01 sys=0.00, real=0.00 secs] 
1702.386: [GC (Allocation Failure) [PSYoungGen: 70733K->1408K(71168K)] 427446K->358129K(627712K), 0.0021316 secs] [Times: user=0.01 sys=0.00, real=0.00 secs] 
1702.827: [GC (Allocation Failure) [PSYoungGen: 70528K->1344K(71168K)] 427249K->358065K(627712K), 0.0020332 secs] [Times: user=0.00 sys=0.00, real=0.01 secs] 
1703.327: [GC (Allocation Failure) [PSYoungGen: 70464K->1344K(71168K)] 427185K->358065K(627712K), 0.0021084 secs] [Times: user=0.01 sys=0.00, real=0.01 secs] 
1703.868: [GC (Allocation Failure) [PSYoungGen: 70464K->1424K(71168K)] 427185K->358145K(627712K), 0.0022364 secs] [Times: user=0.01 sys=0.00, real=0.01 secs] 
1704.415: [GC (Allocation Failure) [PSYoungGen: 70544K->1485K(71168K)] 427265K->358206K(627712K), 0.0016785 secs] [Times: user=0.01 sys=0.00, real=0.00 secs] 
1704.817: [GC (Allocation Failure) [PSYoungGen: 70594K->1549K(71168K)] 427316K->358270K(627712K), 0.0016253 secs] [Times: user=0.00 sys=0.00, real=0.00 secs] 
1705.221: [GC (Allocation Failure) [PSYoungGen: 70669K->1517K(71168K)] 427390K->358238K(627712K), 0.0015934 secs] [Times: user=0.01 sys=0.00, real=0.00 secs] 
1705.788: [GC (Allocation Failure) [PSYoungGen: 70637K->1584K(71168K)] 427358K->358305K(627712K), 0.0017979 secs] [Times: user=0.01 sys=0.00, real=0.01 secs] 
1706.715: [GC (Allocation Failure) [PSYoungGen: 70704K->1376K(71168K)] 427425K->358097K(627712K), 0.0024230 secs] [Times: user=0.01 sys=0.00, real=0.00 secs] 
1707.434: [GC (Allocation Failure) [PSYoungGen: 70496K->1344K(71168K)] 427217K->358065K(627712K), 0.0025260 secs] [Times: user=0.01 sys=0.00, real=0.00 secs] 
1708.217: [GC (Allocation Failure) [PSYoungGen: 70464K->1344K(71168K)] 427185K->358065K(627712K), 0.0022673 secs] [Times: user=0.01 sys=0.00, real=0.01 secs] 
1709.100: [GC (Allocation Failure) [PSYoungGen: 70464K->1344K(71168K)] 427185K->358081K(627712K), 0.0022303 secs] [Times: user=0.01 sys=0.00, real=0.00 secs] 
1709.592: [GC (Allocation Failure) [PSYoungGen: 70461K->1517K(71168K)] 427199K->358254K(627712K), 0.0016033 secs] [Times: user=0.01 sys=0.00, real=0.00 secs] 
1709.995: [GC (Allocation Failure) [PSYoungGen: 70637K->1501K(71168K)] 427374K->358238K(627712K), 0.0015942 secs] [Times: user=0.00 sys=0.00, real=0.00 secs] 
1710.398: [GC (Allocation Failure) [PSYoungGen: 70621K->1565K(71168K)] 427358K->358302K(627712K), 0.0016258 secs] [Times: user=0.00 sys=0.00, real=0.01 secs] 
1710.801: [GC (Allocation Failure) [PSYoungGen: 70685K->1424K(71168K)] 427422K->358161K(627712K), 0.0017990 secs] [Times: user=0.01 sys=0.00, real=0.00 secs] 
1711.128: [GC (Allocation Failure) [PSYoungGen: 70544K->1408K(71168K)] 427281K->358145K(627712K), 0.0017521 secs] [Times: user=0.00 sys=0.00, real=0.01 secs] 
1711.415: [GC (Allocation Failure) [PSYoungGen: 70528K->1376K(71168K)] 427265K->358113K(627712K), 0.0019334 secs] [Times: user=0.01 sys=0.00, real=0.00 secs] 
1711.702: [GC (Allocation Failure) [PSYoungGen: 70496K->1376K(71168K)] 427233K->358113K(627712K), 0.0021729 secs] [Times: user=0.01 sys=0.00, real=0.00 secs] 
1712.318: [GC (Allocation Failure) [PSYoungGen: 70496K->1440K(71168K)] 427233K->358177K(627712K), 0.0016867 secs] [Times: user=0.01 sys=0.00, real=0.01 secs] 
1712.721: [GC (Allocation Failure) [PSYoungGen: 70560K->1517K(71168K)] 427297K->358254K(627712K), 0.0016350 secs] [Times: user=0.01 sys=0.00, real=0.00 secs] 
1713.132: [GC (Allocation Failure) [PSYoungGen: 70637K->1549K(71168K)] 427374K->358286K(627712K), 0.0015978 secs] [Times: user=0.00 sys=0.00, real=0.00 secs] 
1713.533: [GC (Allocation Failure) [PSYoungGen: 70669K->1501K(71168K)] 427406K->358246K(627712K), 0.0016345 secs] [Times: user=0.00 sys=0.00, real=0.00 secs] 
1713.858: [GC (Allocation Failure) [PSYoungGen: 70621K->1392K(71168K)] 427366K->358137K(627712K), 0.0017173 secs] [Times: user=0.01 sys=0.00, real=0.01 secs] 
1714.145: [GC (Allocation Failure) [PSYoungGen: 70512K->1344K(71168K)] 427257K->358089K(627712K), 0.0017692 secs] [Times: user=0.00 sys=0.00, real=0.00 secs] 
1714.431: [GC (Allocation Failure) [PSYoungGen: 70464K->1376K(71168K)] 427209K->358121K(627712K), 0.0017840 secs] [Times: user=0.00 sys=0.00, real=0.00 secs] 
1714.868: [GC (Allocation Failure) [PSYoungGen: 70496K->1312K(71168K)] 427241K->358057K(627712K), 0.0030973 secs] [Times: user=0.01 sys=0.00, real=0.01 secs] 
1715.456: [GC (Allocation Failure) [PSYoungGen: 70402K->1485K(71168K)] 427148K->358230K(627712K), 0.0015823 secs] [Times: user=0.01 sys=0.00, real=0.00 secs] 
1715.859: [GC (Allocation Failure) [PSYoungGen: 70605K->1549K(71168K)] 427350K->358294K(627712K), 0.0016036 secs] [Times: user=0.00 sys=0.00, real=0.00 secs] 
1716.263: [GC (Allocation Failure) [PSYoungGen: 70669K->1565K(71168K)] 427414K->358342K(627712K), 0.0016967 secs] [Times: user=0.01 sys=0.00, real=0.00 secs] 
1716.721: [GC (Allocation Failure) [PSYoungGen: 70685K->1456K(71168K)] 427462K->358241K(627712K), 0.0017947 secs] [Times: user=0.01 sys=0.00, real=0.00 secs] 
1717.013: [GC (Allocation Failure) [PSYoungGen: 70576K->1344K(71168K)] 427361K->358129K(627712K), 0.0016970 secs] [Times: user=0.01 sys=0.00, real=0.00 secs] 
1717.331: [GC (Allocation Failure) [PSYoungGen: 70464K->1344K(71168K)] 427249K->358129K(627712K), 0.0017742 secs] [Times: user=0.01 sys=0.00, real=0.00 secs] 
1717.632: [GC (Allocation Failure) [PSYoungGen: 70464K->1376K(71168K)] 427249K->358161K(627712K), 0.0023780 secs] [Times: user=0.01 sys=0.00, real=0.00 secs] 
1718.006: [GC (Allocation Failure) [PSYoungGen: 70496K->1392K(71168K)] 427281K->358177K(627712K), 0.0015536 secs] [Times: user=0.01 sys=0.00, real=0.00 secs] 
1718.408: [GC (Allocation Failure) [PSYoungGen: 70512K->1533K(71168K)] 427297K->358318K(627712K), 0.0017405 secs] [Times: user=0.01 sys=0.00, real=0.01 secs] 
1718.808: [GC (Allocation Failure) [PSYoungGen: 70653K->1517K(71168K)] 427438K->358302K(627712K), 0.0016140 secs] [Times: user=0.00 sys=0.00, real=0.01 secs] 
1719.211: [GC (Allocation Failure) [PSYoungGen: 70637K->1517K(71168K)] 427422K->358302K(627712K), 0.0016915 secs] [Times: user=0.00 sys=0.00, real=0.00 secs] 
1719.823: [GC (Allocation Failure) [PSYoungGen: 70637K->1408K(71168K)] 427422K->358193K(627712K), 0.0019187 secs] [Times: user=0.01 sys=0.00, real=0.00 secs] 
1720.363: [GC (Allocation Failure) [PSYoungGen: 70528K->1312K(71168K)] 427313K->358097K(627712K), 0.0018413 secs] [Times: user=0.01 sys=0.00, real=0.00 secs] 
1721.099: [GC (Allocation Failure) [PSYoungGen: 70432K->1344K(71168K)] 427217K->358129K(627712K), 0.0020897 secs] [Times: user=0.01 sys=0.00, real=0.01 secs] 
1721.993: [GC (Allocation Failure) [PSYoungGen: 70464K->1376K(71168K)] 427249K->358161K(627712K), 0.0020502 secs] [Times: user=0.01 sys=0.00, real=0.00 secs] 
1722.744: [GC (Allocation Failure) [PSYoungGen: 70496K->1485K(71168K)] 427281K->358270K(627712K), 0.0015199 secs] [Times: user=0.01 sys=0.00, real=0.00 secs] 
1723.153: [GC (Allocation Failure) [PSYoungGen: 70605K->1581K(71168K)] 427390K->358366K(627712K), 0.0016198 secs] [Times: user=0.01 sys=0.00, real=0.00 secs] 
1723.560: [GC (Allocation Failure) [PSYoungGen: 70701K->1533K(71168K)] 427486K->358318K(627712K), 0.0017447 secs] [Times: user=0.01 sys=0.00, real=0.00 secs] 
1723.954: [GC (Allocation Failure) [PSYoungGen: 70653K->1536K(71168K)] 427438K->358321K(627712K), 0.0015715 secs] [Times: user=0.01 sys=0.00, real=0.00 secs] 
1724.490: [GC (Allocation Failure) [PSYoungGen: 70656K->1328K(71168K)] 427441K->358113K(627712K), 0.0018241 secs] [Times: user=0.01 sys=0.00, real=0.00 secs] 
1724.970: [GC (Allocation Failure) [PSYoungGen: 70448K->1344K(71168K)] 427233K->358129K(627712K), 0.0030478 secs] [Times: user=0.02 sys=0.00, real=0.00 secs] 
1725.541: [GC (Allocation Failure) [PSYoungGen: 70464K->1376K(71168K)] 427249K->358161K(627712K), 0.0020214 secs] [Times: user=0.01 sys=0.00, real=0.00 secs] 
1726.105: [GC (Allocation Failure) [PSYoungGen: 70496K->1376K(71168K)] 427281K->358161K(627712K), 0.0020559 secs] [Times: user=0.01 sys=0.00, real=0.00 secs] 
1726.639: [GC (Allocation Failure) [PSYoungGen: 70496K->1549K(71168K)] 427281K->358334K(627712K), 0.0018215 secs] [Times: user=0.01 sys=0.00, real=0.01 secs] 
1727.102: [GC (Allocation Failure) [PSYoungGen: 70669K->1549K(71168K)] 427454K->358334K(627712K), 0.0018273 secs] [Times: user=0.01 sys=0.00, real=0.00 secs] 
1727.564: [GC (Allocation Failure) [PSYoungGen: 70669K->1549K(71168K)] 427454K->358334K(627712K), 0.0016486 secs] [Times: user=0.01 sys=0.00, real=0.00 secs] 
1727.983: [GC (Allocation Failure) [PSYoungGen: 70669K->1392K(71168K)] 427454K->358185K(627712K), 0.0020193 secs] [Times: user=0.01 sys=0.00, real=0.00 secs] 
1728.394: [GC (Allocation Failure) [PSYoungGen: 70512K->1312K(71168K)] 427305K->358121K(627712K), 0.0020235 secs] [Times: user=0.01 sys=0.00, real=0.00 secs] 
1728.947: [GC (Allocation Failure) [PSYoungGen: 70432K->1344K(71168K)] 427241K->358153K(627712K), 0.0019403 secs] [Times: user=0.01 sys=0.00, real=0.01 secs] 
1729.526: [GC (Allocation Failure) [PSYoungGen: 70464K->1312K(71168K)] 427273K->358121K(627712K), 0.0019474 secs] [Times: user=0.01 sys=0.00, real=0.00 secs] 
1730.288: [GC (Allocation Failure) [PSYoungGen: 70432K->1469K(71168K)] 427241K->358278K(627712K), 0.0017432 secs] [Times: user=0.01 sys=0.00, real=0.01 secs] 
1730.692: [GC (Allocation Failure) [PSYoungGen: 70589K->1520K(71168K)] 427398K->358329K(627712K), 0.0016483 secs] [Times: user=0.01 sys=0.00, real=0.00 secs] 
1731.092: [GC (Allocation Failure) [PSYoungGen: 70640K->1549K(71168K)] 427449K->358358K(627712K), 0.0015997 secs] [Times: user=0.00 sys=0.00, real=0.00 secs] 
1731.498: [GC (Allocation Failure) [PSYoungGen: 70669K->1533K(71168K)] 427478K->358358K(627712K), 0.0017516 secs] [Times: user=0.01 sys=0.00, real=0.01 secs] 
1731.997: [GC (Allocation Failure) [PSYoungGen: 70653K->1408K(71168K)] 427478K->358241K(627712K), 0.0029243 secs] [Times: user=0.02 sys=0.00, real=0.01 secs] 
1732.498: [GC (Allocation Failure) [PSYoungGen: 70528K->1328K(71168K)] 427361K->358161K(627712K), 0.0023334 secs] [Times: user=0.01 sys=0.00, real=0.01 secs] 
1733.056: [GC (Allocation Failure) [PSYoungGen: 70448K->1328K(71168K)] 427281K->358161K(627712K), 0.0021390 secs] [Times: user=0.00 sys=0.00, real=0.00 secs] 
1733.616: [GC (Allocation Failure) [PSYoungGen: 70448K->1312K(71168K)] 427281K->358145K(627712K), 0.0021870 secs] [Times: user=0.01 sys=0.00, real=0.00 secs] 
1734.240: [GC (Allocation Failure) [PSYoungGen: 70432K->1501K(71168K)] 427265K->358334K(627712K), 0.0017753 secs] [Times: user=0.01 sys=0.00, real=0.00 secs] 
1734.640: [GC (Allocation Failure) [PSYoungGen: 70621K->1549K(71168K)] 427454K->358382K(627712K), 0.0016003 secs] [Times: user=0.01 sys=0.00, real=0.00 secs] 
1735.042: [GC (Allocation Failure) [PSYoungGen: 70669K->1520K(71168K)] 427502K->358353K(627712K), 0.0016012 secs] [Times: user=0.01 sys=0.00, real=0.00 secs] 
1735.422: [GC (Allocation Failure) [PSYoungGen: 70640K->1456K(71168K)] 427473K->358289K(627712K), 0.0020050 secs] [Times: user=0.00 sys=0.00, real=0.00 secs] 
1735.946: [GC (Allocation Failure) [PSYoungGen: 70576K->1312K(71168K)] 427409K->358145K(627712K), 0.0026966 secs] [Times: user=0.02 sys=0.00, real=0.00 secs] 
1736.497: [GC (Allocation Failure) [PSYoungGen: 70432K->1376K(71168K)] 427265K->358209K(627712K), 0.0024008 secs] [Times: user=0.01 sys=0.00, real=0.01 secs] 
1737.184: [GC (Allocation Failure) [PSYoungGen: 70496K->1344K(71168K)] 427329K->358177K(627712K), 0.0026801 secs] [Times: user=0.01 sys=0.00, real=0.00 secs] 
1738.085: [GC (Allocation Failure) [PSYoungGen: 70464K->1405K(71168K)] 427297K->358254K(627712K), 0.0021484 secs] [Times: user=0.00 sys=0.00, real=0.00 secs] 
1738.522: [GC (Allocation Failure) [PSYoungGen: 70525K->1549K(71168K)] 427374K->358398K(627712K), 0.0016251 secs] [Times: user=0.00 sys=0.00, real=0.00 secs] 
1738.924: [GC (Allocation Failure) [PSYoungGen: 70669K->1549K(71168K)] 427518K->358398K(627712K), 0.0015888 secs] [Times: user=0.01 sys=0.00, real=0.00 secs] 
1739.383: [GC (Allocation Failure) [PSYoungGen: 70669K->1520K(71168K)] 427518K->358369K(627712K), 0.0016358 secs] [Times: user=0.00 sys=0.00, real=0.00 secs] 
1739.794: [GC (Allocation Failure) [PSYoungGen: 70640K->1424K(71168K)] 427489K->358273K(627712K), 0.0021534 secs] [Times: user=0.01 sys=0.00, real=0.00 secs] 
1740.113: [GC (Allocation Failure) [PSYoungGen: 70544K->1328K(71168K)] 427393K->358177K(627712K), 0.0020036 secs] [Times: user=0.01 sys=0.00, real=0.00 secs] 
1740.411: [GC (Allocation Failure) [PSYoungGen: 70448K->1344K(71168K)] 427297K->358193K(627712K), 0.0020812 secs] [Times: user=0.01 sys=0.00, real=0.00 secs] 
1740.699: [GC (Allocation Failure) [PSYoungGen: 70464K->1344K(71168K)] 427313K->358193K(627712K), 0.0018885 secs] [Times: user=0.00 sys=0.00, real=0.00 secs] 
1741.081: [GC (Allocation Failure) [PSYoungGen: 70464K->1485K(71168K)] 427313K->358334K(627712K), 0.0015260 secs] [Times: user=0.01 sys=0.00, real=0.00 secs] 
1741.484: [GC (Allocation Failure) [PSYoungGen: 70591K->1549K(71168K)] 427441K->358398K(627712K), 0.0017436 secs] [Times: user=0.01 sys=0.00, real=0.00 secs] 
1741.957: [GC (Allocation Failure) [PSYoungGen: 70669K->1533K(71168K)] 427518K->358382K(627712K), 0.0017396 secs] [Times: user=0.00 sys=0.00, real=0.00 secs] 
1742.406: [GC (Allocation Failure) [PSYoungGen: 70653K->1552K(71168K)] 427502K->358409K(627712K), 0.0017128 secs] [Times: user=0.01 sys=0.00, real=0.00 secs] 
1743.317: [GC (Allocation Failure) [PSYoungGen: 70672K->1344K(71168K)] 427529K->358201K(627712K), 0.0020412 secs] [Times: user=0.01 sys=0.00, real=0.01 secs] 
1744.368: [GC (Allocation Failure) [PSYoungGen: 70464K->1344K(71168K)] 427321K->358201K(627712K), 0.0023265 secs] [Times: user=0.01 sys=0.00, real=0.01 secs] 
1744.822: [GC (Allocation Failure) [PSYoungGen: 70464K->1376K(71168K)] 427321K->358233K(627712K), 0.0019579 secs] [Times: user=0.01 sys=0.00, real=0.00 secs] 
1745.108: [GC (Allocation Failure) [PSYoungGen: 70496K->1376K(71168K)] 427353K->358233K(627712K), 0.0020288 secs] [Times: user=0.00 sys=0.00, real=0.01 secs] 
1745.540: [GC (Allocation Failure) [PSYoungGen: 70496K->1533K(71168K)] 427353K->358390K(627712K), 0.0015973 secs] [Times: user=0.00 sys=0.00, real=0.00 secs] 
1745.941: [GC (Allocation Failure) [PSYoungGen: 70653K->1549K(71168K)] 427510K->358406K(627712K), 0.0017244 secs] [Times: user=0.01 sys=0.00, real=0.00 secs] 
1746.408: [GC (Allocation Failure) [PSYoungGen: 70669K->1517K(71168K)] 427526K->358374K(627712K), 0.0018315 secs] [Times: user=0.01 sys=0.00, real=0.01 secs] 
1747.374: [GC (Allocation Failure) [PSYoungGen: 70637K->1456K(71168K)] 427494K->358313K(627712K), 0.0035470 secs] [Times: user=0.01 sys=0.01, real=0.00 secs] 
1748.655: [GC (Allocation Failure) [PSYoungGen: 70576K->1360K(71168K)] 427433K->358217K(627712K), 0.0039341 secs] [Times: user=0.01 sys=0.00, real=0.01 secs] 
1749.282: [GC (Allocation Failure) [PSYoungGen: 70480K->1376K(71168K)] 427337K->358249K(627712K), 0.0022286 secs] [Times: user=0.00 sys=0.01, real=0.00 secs] 
1749.644: [GC (Allocation Failure) [PSYoungGen: 70496K->1296K(71168K)] 427369K->358169K(627712K), 0.0020744 secs] [Times: user=0.01 sys=0.00, real=0.00 secs] 
1750.148: [GC (Allocation Failure) [PSYoungGen: 70416K->1408K(71168K)] 427289K->358281K(627712K), 0.0016933 secs] [Times: user=0.01 sys=0.00, real=0.01 secs] 
1750.605: [GC (Allocation Failure) [PSYoungGen: 70528K->1549K(71168K)] 427401K->358422K(627712K), 0.0016714 secs] [Times: user=0.01 sys=0.00, real=0.00 secs] 
1751.008: [GC (Allocation Failure) [PSYoungGen: 70669K->1549K(71168K)] 427542K->358422K(627712K), 0.0016675 secs] [Times: user=0.00 sys=0.00, real=0.01 secs] 
1751.410: [GC (Allocation Failure) [PSYoungGen: 70669K->1565K(71168K)] 427542K->358454K(627712K), 0.0017679 secs] [Times: user=0.01 sys=0.00, real=0.00 secs] 
1751.736: [GC (Allocation Failure) [PSYoungGen: 70685K->1360K(71168K)] 427574K->358249K(627712K), 0.0026858 secs] [Times: user=0.01 sys=0.00, real=0.01 secs] 
1752.022: [GC (Allocation Failure) [PSYoungGen: 70480K->1376K(71168K)] 427369K->358265K(627712K), 0.0019281 secs] [Times: user=0.01 sys=0.00, real=0.00 secs] 
1752.326: [GC (Allocation Failure) [PSYoungGen: 70496K->1312K(71168K)] 427385K->358201K(627712K), 0.0020335 secs] [Times: user=0.01 sys=0.00, real=0.00 secs] 
1752.624: [GC (Allocation Failure) [PSYoungGen: 70432K->1312K(71168K)] 427321K->358201K(627712K), 0.0018583 secs] [Times: user=0.01 sys=0.00, real=0.00 secs] 
1753.080: [GC (Allocation Failure) [PSYoungGen: 70427K->1533K(71168K)] 427317K->358422K(627712K), 0.0015716 secs] [Times: user=0.01 sys=0.00, real=0.00 secs] 
1753.483: [GC (Allocation Failure) [PSYoungGen: 70653K->1517K(71168K)] 427542K->358406K(627712K), 0.0017653 secs] [Times: user=0.00 sys=0.00, real=0.00 secs] 
1753.889: [GC (Allocation Failure) [PSYoungGen: 70637K->1501K(71168K)] 427526K->358390K(627712K), 0.0016357 secs] [Times: user=0.01 sys=0.00, real=0.00 secs] 
1754.473: [GC (Allocation Failure) [PSYoungGen: 70621K->1440K(71168K)] 427510K->358337K(627712K), 0.0022238 secs] [Times: user=0.00 sys=0.00, real=0.00 secs] 
1754.768: [GC (Allocation Failure) [PSYoungGen: 70560K->1344K(71168K)] 427457K->358241K(627712K), 0.0019825 secs] [Times: user=0.01 sys=0.00, real=0.01 secs] 
1755.055: [GC (Allocation Failure) [PSYoungGen: 70464K->1376K(71168K)] 427361K->358273K(627712K), 0.0019083 secs] [Times: user=0.00 sys=0.00, real=0.00 secs] 
1755.373: [GC (Allocation Failure) [PSYoungGen: 70496K->1376K(71168K)] 427393K->358273K(627712K), 0.0019448 secs] [Times: user=0.01 sys=0.00, real=0.00 secs] 
1755.712: [GC (Allocation Failure) [PSYoungGen: 70496K->1456K(71168K)] 427393K->358353K(627712K), 0.0014878 secs] [Times: user=0.01 sys=0.00, real=0.00 secs] 
1756.116: [GC (Allocation Failure) [PSYoungGen: 70576K->1549K(71168K)] 427473K->358470K(627712K), 0.0016105 secs] [Times: user=0.01 sys=0.00, real=0.00 secs] 
1756.518: [GC (Allocation Failure) [PSYoungGen: 70669K->1469K(71168K)] 427590K->358390K(627712K), 0.0015842 secs] [Times: user=0.00 sys=0.00, real=0.01 secs] 
1756.926: [GC (Allocation Failure) [PSYoungGen: 70589K->1533K(71168K)] 427510K->358454K(627712K), 0.0017076 secs] [Times: user=0.00 sys=0.00, real=0.00 secs] 
1757.477: [GC (Allocation Failure) [PSYoungGen: 70653K->1440K(71168K)] 427574K->358361K(627712K), 0.0017263 secs] [Times: user=0.01 sys=0.00, real=0.01 secs] 
1757.849: [GC (Allocation Failure) [PSYoungGen: 70560K->1312K(71168K)] 427481K->358233K(627712K), 0.0018556 secs] [Times: user=0.00 sys=0.00, real=0.00 secs] 
1758.141: [GC (Allocation Failure) [PSYoungGen: 70432K->1344K(71168K)] 427353K->358265K(627712K), 0.0026441 secs] [Times: user=0.00 sys=0.00, real=0.00 secs] 
1758.426: [GC (Allocation Failure) [PSYoungGen: 70464K->1376K(71168K)] 427385K->358297K(627712K), 0.0019991 secs] [Times: user=0.01 sys=0.00, real=0.00 secs] 
1758.819: [GC (Allocation Failure) [PSYoungGen: 70488K->1469K(71168K)] 427410K->358390K(627712K), 0.0016802 secs] [Times: user=0.01 sys=0.00, real=0.00 secs] 
1759.224: [GC (Allocation Failure) [PSYoungGen: 70589K->1533K(71168K)] 427510K->358454K(627712K), 0.0016315 secs] [Times: user=0.01 sys=0.00, real=0.00 secs] 
1759.626: [GC (Allocation Failure) [PSYoungGen: 70653K->1533K(71168K)] 427574K->358454K(627712K), 0.0016276 secs] [Times: user=0.00 sys=0.00, real=0.00 secs] 
1760.076: [GC (Allocation Failure) [PSYoungGen: 70653K->1728K(71168K)] 427574K->358649K(627712K), 0.0020768 secs] [Times: user=0.00 sys=0.00, real=0.00 secs] 
1760.412: [GC (Allocation Failure) [PSYoungGen: 70848K->1312K(71168K)] 427769K->358233K(627712K), 0.0017619 secs] [Times: user=0.00 sys=0.00, real=0.00 secs] 
1760.751: [GC (Allocation Failure) [PSYoungGen: 70432K->1328K(71168K)] 427353K->358249K(627712K), 0.0018666 secs] [Times: user=0.01 sys=0.00, real=0.00 secs] 
1761.071: [GC (Allocation Failure) [PSYoungGen: 70448K->1376K(71168K)] 427369K->358297K(627712K), 0.0026089 secs] [Times: user=0.01 sys=0.00, real=0.00 secs] 
1761.623: [GC (Allocation Failure) [PSYoungGen: 70313K->240K(71168K)] 427235K->357161K(627712K), 0.0017329 secs] [Times: user=0.00 sys=0.00, real=0.00 secs] 
1762.032: [GC (Allocation Failure) [PSYoungGen: 69360K->1533K(71168K)] 426281K->358454K(627712K), 0.0016344 secs] [Times: user=0.00 sys=0.00, real=0.00 secs] 
1762.438: [GC (Allocation Failure) [PSYoungGen: 70653K->1565K(71168K)] 427574K->358486K(627712K), 0.0017204 secs] [Times: user=0.00 sys=0.00, real=0.01 secs] 
1762.846: [GC (Allocation Failure) [PSYoungGen: 70685K->1533K(71168K)] 427606K->358454K(627712K), 0.0016322 secs] [Times: user=0.01 sys=0.00, real=0.00 secs] 
1763.552: [GC (Allocation Failure) [PSYoungGen: 70653K->1424K(71168K)] 427574K->358345K(627712K), 0.0019584 secs] [Times: user=0.01 sys=0.00, real=0.00 secs] 
1764.522: [GC (Allocation Failure) [PSYoungGen: 70544K->1344K(71168K)] 427465K->358265K(627712K), 0.0023579 secs] [Times: user=0.01 sys=0.00, real=0.00 secs] 
1765.608: [GC (Allocation Failure) [PSYoungGen: 70464K->1376K(71168K)] 427385K->358297K(627712K), 0.0080511 secs] [Times: user=0.03 sys=0.00, real=0.01 secs] 
1766.491: [GC (Allocation Failure) [PSYoungGen: 70496K->1360K(71168K)] 427417K->358281K(627712K), 0.0034847 secs] [Times: user=0.01 sys=0.00, real=0.00 secs] 
1767.334: [GC (Allocation Failure) [PSYoungGen: 70480K->1437K(71168K)] 427401K->358358K(627712K), 0.0016179 secs] [Times: user=0.00 sys=0.01, real=0.00 secs] 
1767.734: [GC (Allocation Failure) [PSYoungGen: 70557K->1533K(71168K)] 427478K->358454K(627712K), 0.0017241 secs] [Times: user=0.00 sys=0.00, real=0.00 secs] 
1768.136: [GC (Allocation Failure) [PSYoungGen: 70653K->1549K(71168K)] 427574K->358470K(627712K), 0.0016175 secs] [Times: user=0.01 sys=0.00, real=0.00 secs] 
1768.541: [GC (Allocation Failure) [PSYoungGen: 70669K->1501K(71168K)] 427590K->358430K(627712K), 0.0017125 secs] [Times: user=0.00 sys=0.00, real=0.00 secs] 
1769.049: [GC (Allocation Failure) [PSYoungGen: 70621K->1408K(71168K)] 427550K->358353K(627712K), 0.0022511 secs] [Times: user=0.00 sys=0.00, real=0.00 secs] 
1769.408: [GC (Allocation Failure) [PSYoungGen: 70528K->1344K(71168K)] 427473K->358289K(627712K), 0.0028946 secs] [Times: user=0.02 sys=0.00, real=0.01 secs] 
1769.972: [GC (Allocation Failure) [PSYoungGen: 70464K->1376K(71168K)] 427409K->358321K(627712K), 0.0024275 secs] [Times: user=0.01 sys=0.00, real=0.00 secs] 
1770.627: [GC (Allocation Failure) [PSYoungGen: 70496K->1376K(71168K)] 427441K->358329K(627712K), 0.0023715 secs] [Times: user=0.01 sys=0.00, real=0.01 secs] 
1771.210: [GC (Allocation Failure) [PSYoungGen: 70496K->1533K(71168K)] 427449K->358486K(627712K), 0.0016673 secs] [Times: user=0.01 sys=0.00, real=0.00 secs] 
1771.612: [GC (Allocation Failure) [PSYoungGen: 70653K->1517K(71168K)] 427606K->358470K(627712K), 0.0016625 secs] [Times: user=0.01 sys=0.00, real=0.00 secs] 
1772.018: [GC (Allocation Failure) [PSYoungGen: 70637K->1517K(71168K)] 427590K->358470K(627712K), 0.0015983 secs] [Times: user=0.01 sys=0.00, real=0.01 secs] 
1772.495: [GC (Allocation Failure) [PSYoungGen: 70637K->1456K(71168K)] 427590K->358409K(627712K), 0.0018587 secs] [Times: user=0.01 sys=0.00, real=0.00 secs] 
1773.118: [GC (Allocation Failure) [PSYoungGen: 70576K->1344K(71168K)] 427529K->358297K(627712K), 0.0027410 secs] [Times: user=0.01 sys=0.00, real=0.01 secs] 
1773.821: [GC (Allocation Failure) [PSYoungGen: 70464K->1376K(71168K)] 427417K->358329K(627712K), 0.0033032 secs] [Times: user=0.02 sys=0.00, real=0.00 secs] 
1774.523: [GC (Allocation Failure) [PSYoungGen: 70496K->1344K(71168K)] 427449K->358297K(627712K), 0.0031275 secs] [Times: user=0.02 sys=0.00, real=0.00 secs] 
1775.289: [GC (Allocation Failure) [PSYoungGen: 70464K->1405K(71168K)] 427417K->358358K(627712K), 0.0021370 secs] [Times: user=0.01 sys=0.00, real=0.00 secs] 
1775.722: [GC (Allocation Failure) [PSYoungGen: 70525K->1517K(71168K)] 427478K->358470K(627712K), 0.0016227 secs] [Times: user=0.01 sys=0.00, real=0.00 secs] 
1776.126: [GC (Allocation Failure) [PSYoungGen: 70637K->1501K(71168K)] 427590K->358454K(627712K), 0.0015794 secs] [Times: user=0.01 sys=0.00, real=0.00 secs] 
1776.527: [GC (Allocation Failure) [PSYoungGen: 70621K->1581K(71168K)] 427574K->358534K(627712K), 0.0017702 secs] [Times: user=0.00 sys=0.00, real=0.01 secs] 
1777.127: [GC (Allocation Failure) [PSYoungGen: 70701K->1392K(71168K)] 427654K->358345K(627712K), 0.0027967 secs] [Times: user=0.01 sys=0.00, real=0.01 secs] 
1777.446: [GC (Allocation Failure) [PSYoungGen: 70512K->1344K(71168K)] 427465K->358297K(627712K), 0.0020913 secs] [Times: user=0.01 sys=0.00, real=0.00 secs] 
1777.733: [GC (Allocation Failure) [PSYoungGen: 70464K->1344K(71168K)] 427417K->358297K(627712K), 0.0020519 secs] [Times: user=0.01 sys=0.00, real=0.00 secs] 
1778.301: [GC (Allocation Failure) [PSYoungGen: 70464K->1344K(71168K)] 427417K->358313K(627712K), 0.0033231 secs] [Times: user=0.01 sys=0.00, real=0.00 secs] 
1778.940: [GC (Allocation Failure) [PSYoungGen: 70464K->1456K(71168K)] 427433K->358425K(627712K), 0.0016780 secs] [Times: user=0.01 sys=0.00, real=0.00 secs] 
1779.341: [GC (Allocation Failure) [PSYoungGen: 70576K->1517K(71168K)] 427545K->358486K(627712K), 0.0016080 secs] [Times: user=0.00 sys=0.00, real=0.00 secs] 
1779.744: [GC (Allocation Failure) [PSYoungGen: 70637K->1533K(71168K)] 427606K->358502K(627712K), 0.0016575 secs] [Times: user=0.00 sys=0.00, real=0.00 secs] 
1780.145: [GC (Allocation Failure) [PSYoungGen: 70653K->1616K(71168K)] 427622K->358585K(627712K), 0.0015698 secs] [Times: user=0.01 sys=0.00, real=0.00 secs] 
1780.487: [GC (Allocation Failure) [PSYoungGen: 70736K->1376K(71168K)] 427705K->358345K(627712K), 0.0017947 secs] [Times: user=0.01 sys=0.00, real=0.00 secs] 
1780.774: [GC (Allocation Failure) [PSYoungGen: 70496K->1376K(71168K)] 427465K->358345K(627712K), 0.0018144 secs] [Times: user=0.01 sys=0.00, real=0.00 secs] 
1781.061: [GC (Allocation Failure) [PSYoungGen: 70496K->1344K(71168K)] 427465K->358313K(627712K), 0.0018252 secs] [Times: user=0.01 sys=0.00, real=0.00 secs] 
1781.378: [GC (Allocation Failure) [PSYoungGen: 70464K->224K(71168K)] 427433K->357193K(627712K), 0.0019437 secs] [Times: user=0.01 sys=0.00, real=0.01 secs] 
1781.798: [GC (Allocation Failure) [PSYoungGen: 69344K->1501K(71168K)] 426313K->358470K(627712K), 0.0016204 secs] [Times: user=0.01 sys=0.00, real=0.01 secs] 
1782.199: [GC (Allocation Failure) [PSYoungGen: 70621K->1549K(71168K)] 427590K->358518K(627712K), 0.0016058 secs] [Times: user=0.01 sys=0.00, real=0.00 secs] 
1782.605: [GC (Allocation Failure) [PSYoungGen: 70669K->1613K(71168K)] 427638K->358582K(627712K), 0.0016122 secs] [Times: user=0.01 sys=0.00, real=0.00 secs] 
1783.569: [GC (Allocation Failure) [PSYoungGen: 70733K->1456K(71168K)] 427702K->358425K(627712K), 0.0029833 secs] [Times: user=0.01 sys=0.00, real=0.01 secs] 
1784.183: [GC (Allocation Failure) [PSYoungGen: 70576K->1376K(71168K)] 427545K->358345K(627712K), 0.0024261 secs] [Times: user=0.01 sys=0.00, real=0.00 secs] 
1784.658: [GC (Allocation Failure) [PSYoungGen: 70496K->1376K(71168K)] 427465K->358345K(627712K), 0.0017197 secs] [Times: user=0.00 sys=0.00, real=0.01 secs] 
1784.980: [GC (Allocation Failure) [PSYoungGen: 70496K->1376K(71168K)] 427465K->358345K(627712K), 0.0018572 secs] [Times: user=0.01 sys=0.00, real=0.00 secs] 
1785.340: [GC (Allocation Failure) [PSYoungGen: 70496K->1472K(71168K)] 427465K->358441K(627712K), 0.0016559 secs] [Times: user=0.00 sys=0.00, real=0.00 secs] 
1785.742: [GC (Allocation Failure) [PSYoungGen: 70587K->1549K(71168K)] 427556K->358518K(627712K), 0.0017064 secs] [Times: user=0.01 sys=0.00, real=0.00 secs] 
1786.144: [GC (Allocation Failure) [PSYoungGen: 70669K->1501K(71168K)] 427638K->358470K(627712K), 0.0017261 secs] [Times: user=0.01 sys=0.00, real=0.00 secs] 
1786.549: [GC (Allocation Failure) [PSYoungGen: 70621K->1517K(71168K)] 427590K->358502K(627712K), 0.0015984 secs] [Times: user=0.01 sys=0.00, real=0.00 secs] 
1787.188: [GC (Allocation Failure) [PSYoungGen: 70637K->1376K(71168K)] 427622K->358377K(627712K), 0.0021932 secs] [Times: user=0.01 sys=0.00, real=0.01 secs] 
1787.721: [GC (Allocation Failure) [PSYoungGen: 70496K->1344K(71168K)] 427497K->358345K(627712K), 0.0020355 secs] [Times: user=0.01 sys=0.00, real=0.00 secs] 
1788.040: [GC (Allocation Failure) [PSYoungGen: 70464K->1312K(71168K)] 427465K->358313K(627712K), 0.0020104 secs] [Times: user=0.01 sys=0.00, real=0.00 secs] 
1788.345: [GC (Allocation Failure) [PSYoungGen: 70432K->1344K(71168K)] 427433K->358345K(627712K), 0.0018256 secs] [Times: user=0.01 sys=0.00, real=0.00 secs] 
1788.806: [GC (Allocation Failure) [PSYoungGen: 70464K->1485K(71168K)] 427465K->358486K(627712K), 0.0016805 secs] [Times: user=0.01 sys=0.00, real=0.00 secs] 
1789.206: [GC (Allocation Failure) [PSYoungGen: 70605K->1549K(71168K)] 427606K->358550K(627712K), 0.0016092 secs] [Times: user=0.00 sys=0.00, real=0.00 secs] 
1789.608: [GC (Allocation Failure) [PSYoungGen: 70669K->1520K(71168K)] 427670K->358521K(627712K), 0.0016901 secs] [Times: user=0.00 sys=0.00, real=0.01 secs] 
1790.196: [GC (Allocation Failure) [PSYoungGen: 70640K->1456K(71168K)] 427641K->358465K(627712K), 0.0018210 secs] [Times: user=0.00 sys=0.00, real=0.00 secs] 
1791.165: [GC (Allocation Failure) [PSYoungGen: 70576K->1344K(71168K)] 427585K->358353K(627712K), 0.0018540 secs] [Times: user=0.01 sys=0.00, real=0.00 secs] 
1791.916: [GC (Allocation Failure) [PSYoungGen: 70464K->1344K(71168K)] 427473K->358353K(627712K), 0.0052994 secs] [Times: user=0.02 sys=0.00, real=0.01 secs] 
1792.572: [GC (Allocation Failure) [PSYoungGen: 70464K->1376K(71168K)] 427473K->358385K(627712K), 0.0021671 secs] [Times: user=0.01 sys=0.00, real=0.00 secs] 
1793.170: [GC (Allocation Failure) [PSYoungGen: 70496K->1437K(71168K)] 427505K->358446K(627712K), 0.0018230 secs] [Times: user=0.00 sys=0.00, real=0.00 secs] 
1793.575: [GC (Allocation Failure) [PSYoungGen: 70557K->1584K(71168K)] 427566K->358593K(627712K), 0.0015945 secs] [Times: user=0.01 sys=0.00, real=0.00 secs] 
1793.979: [GC (Allocation Failure) [PSYoungGen: 70704K->1549K(71168K)] 427713K->358558K(627712K), 0.0015956 secs] [Times: user=0.00 sys=0.00, real=0.00 secs] 
1794.381: [GC (Allocation Failure) [PSYoungGen: 70669K->1501K(71168K)] 427678K->358510K(627712K), 0.0016890 secs] [Times: user=0.01 sys=0.00, real=0.00 secs] 
1794.876: [GC (Allocation Failure) [PSYoungGen: 70621K->1488K(71168K)] 427630K->358497K(627712K), 0.0025609 secs] [Times: user=0.01 sys=0.00, real=0.00 secs] 
1795.371: [GC (Allocation Failure) [PSYoungGen: 70608K->1312K(71168K)] 427617K->358321K(627712K), 0.0019544 secs] [Times: user=0.00 sys=0.00, real=0.00 secs] 
1795.905: [GC (Allocation Failure) [PSYoungGen: 70432K->1344K(71168K)] 427441K->358353K(627712K), 0.0020261 secs] [Times: user=0.01 sys=0.00, real=0.00 secs] 
1796.484: [GC (Allocation Failure) [PSYoungGen: 70464K->1344K(71168K)] 427473K->358353K(627712K), 0.0027421 secs] [Times: user=0.01 sys=0.00, real=0.00 secs] 
1797.019: [GC (Allocation Failure) [PSYoungGen: 70464K->1488K(71168K)] 427473K->358497K(627712K), 0.0015620 secs] [Times: user=0.01 sys=0.00, real=0.00 secs] 
1797.419: [GC (Allocation Failure) [PSYoungGen: 70608K->1549K(71168K)] 427617K->358558K(627712K), 0.0016057 secs] [Times: user=0.01 sys=0.00, real=0.00 secs] 
1797.824: [GC (Allocation Failure) [PSYoungGen: 70669K->1549K(71168K)] 427678K->358558K(627712K), 0.0016091 secs] [Times: user=0.01 sys=0.00, real=0.00 secs] 
1798.241: [GC (Allocation Failure) [PSYoungGen: 70669K->1600K(71168K)] 427678K->358625K(627712K), 0.0015337 secs] [Times: user=0.00 sys=0.00, real=0.00 secs] 
1798.566: [GC (Allocation Failure) [PSYoungGen: 70720K->1376K(71168K)] 427745K->358401K(627712K), 0.0014535 secs] [Times: user=0.00 sys=0.00, real=0.00 secs] 
1798.854: [GC (Allocation Failure) [PSYoungGen: 70496K->1408K(71168K)] 427521K->358433K(627712K), 0.0015872 secs] [Times: user=0.01 sys=0.00, real=0.00 secs] 
1799.141: [GC (Allocation Failure) [PSYoungGen: 70528K->1376K(71168K)] 427553K->358401K(627712K), 0.0014988 secs] [Times: user=0.01 sys=0.00, real=0.00 secs] 
1799.427: [GC (Allocation Failure) [PSYoungGen: 70496K->1344K(71168K)] 427521K->358369K(627712K), 0.0016672 secs] [Times: user=0.01 sys=0.00, real=0.01 secs] 
1799.946: [GC (Allocation Failure) [PSYoungGen: 70464K->1549K(71168K)] 427489K->358574K(627712K), 0.0015954 secs] [Times: user=0.01 sys=0.00, real=0.00 secs] 
1800.347: [GC (Allocation Failure) [PSYoungGen: 70669K->1533K(71168K)] 427694K->358558K(627712K), 0.0016072 secs] [Times: user=0.01 sys=0.00, real=0.01 secs] 
1800.811: [GC (Allocation Failure) [PSYoungGen: 70653K->1533K(71168K)] 427678K->358558K(627712K), 0.0017563 secs] [Times: user=0.01 sys=0.00, real=0.00 secs] 
1801.623: [GC (Allocation Failure) [PSYoungGen: 70653K->1456K(71168K)] 427678K->358481K(627712K), 0.0028795 secs] [Times: user=0.01 sys=0.00, real=0.00 secs] 
1801.920: [GC (Allocation Failure) [PSYoungGen: 70576K->1376K(71168K)] 427601K->358401K(627712K), 0.0020695 secs] [Times: user=0.01 sys=0.00, real=0.00 secs] 
1802.207: [GC (Allocation Failure) [PSYoungGen: 70496K->1376K(71168K)] 427521K->358401K(627712K), 0.0019789 secs] [Times: user=0.01 sys=0.00, real=0.01 secs] 
1802.568: [GC (Allocation Failure) [PSYoungGen: 70496K->1376K(71168K)] 427521K->358401K(627712K), 0.0019968 secs] [Times: user=0.00 sys=0.00, real=0.01 secs] 
1802.963: [GC (Allocation Failure) [PSYoungGen: 70496K->1469K(71168K)] 427521K->358494K(627712K), 0.0015916 secs] [Times: user=0.00 sys=0.00, real=0.00 secs] 
1803.363: [GC (Allocation Failure) [PSYoungGen: 70589K->1517K(71168K)] 427614K->358542K(627712K), 0.0015975 secs] [Times: user=0.01 sys=0.00, real=0.00 secs] 
1803.764: [GC (Allocation Failure) [PSYoungGen: 70637K->1597K(71168K)] 427662K->358622K(627712K), 0.0016917 secs] [Times: user=0.01 sys=0.00, real=0.00 secs] 
1804.168: [GC (Allocation Failure) [PSYoungGen: 70717K->1552K(71168K)] 427742K->358585K(627712K), 0.0016829 secs] [Times: user=0.01 sys=0.00, real=0.01 secs] 
1804.520: [GC (Allocation Failure) [PSYoungGen: 70672K->1392K(71168K)] 427705K->358425K(627712K), 0.0018095 secs] [Times: user=0.00 sys=0.00, real=0.00 secs] 
1804.808: [GC (Allocation Failure) [PSYoungGen: 70512K->1376K(71168K)] 427545K->358409K(627712K), 0.0018456 secs] [Times: user=0.01 sys=0.00, real=0.01 secs] 
1805.110: [GC (Allocation Failure) [PSYoungGen: 70496K->1312K(71168K)] 427529K->358345K(627712K), 0.0025507 secs] [Times: user=0.01 sys=0.00, real=0.00 secs] 
1805.419: [GC (Allocation Failure) [PSYoungGen: 70432K->1312K(71168K)] 427465K->358345K(627712K), 0.0018203 secs] [Times: user=0.01 sys=0.00, real=0.00 secs] 
1805.843: [GC (Allocation Failure) [PSYoungGen: 70432K->1501K(71168K)] 427465K->358534K(627712K), 0.0015711 secs] [Times: user=0.01 sys=0.00, real=0.00 secs] 
1806.246: [GC (Allocation Failure) [PSYoungGen: 70621K->1485K(71168K)] 427654K->358542K(627712K), 0.0016312 secs] [Times: user=0.00 sys=0.00, real=0.00 secs] 
1806.647: [GC (Allocation Failure) [PSYoungGen: 70605K->1485K(71168K)] 427662K->358542K(627712K), 0.0016276 secs] [Times: user=0.01 sys=0.00, real=0.01 secs] 
1807.120: [GC (Allocation Failure) [PSYoungGen: 70605K->1440K(71168K)] 427662K->358505K(627712K), 0.0022390 secs] [Times: user=0.01 sys=0.00, real=0.00 secs] 
1807.407: [GC (Allocation Failure) [PSYoungGen: 70560K->1344K(71168K)] 427625K->358409K(627712K), 0.0020607 secs] [Times: user=0.00 sys=0.01, real=0.01 secs] 
1807.695: [GC (Allocation Failure) [PSYoungGen: 70464K->1344K(71168K)] 427529K->358409K(627712K), 0.0019809 secs] [Times: user=0.01 sys=0.00, real=0.00 secs] 
1807.982: [GC (Allocation Failure) [PSYoungGen: 70464K->1344K(71168K)] 427529K->358409K(627712K), 0.0020381 secs] [Times: user=0.01 sys=0.00, real=0.00 secs] 
1808.330: [GC (Allocation Failure) [PSYoungGen: 70464K->1456K(71168K)] 427529K->358521K(627712K), 0.0016296 secs] [Times: user=0.01 sys=0.00, real=0.00 secs] 
1808.734: [GC (Allocation Failure) [PSYoungGen: 70576K->1501K(71168K)] 427641K->358566K(627712K), 0.0017572 secs] [Times: user=0.00 sys=0.00, real=0.00 secs] 
1809.197: [GC (Allocation Failure) [PSYoungGen: 70621K->1517K(71168K)] 427686K->358582K(627712K), 0.0016778 secs] [Times: user=0.01 sys=0.00, real=0.00 secs] 
1809.603: [GC (Allocation Failure) [PSYoungGen: 70637K->1517K(71168K)] 427702K->358582K(627712K), 0.0016598 secs] [Times: user=0.00 sys=0.00, real=0.00 secs] 
1810.003: [GC (Allocation Failure) [PSYoungGen: 70637K->1424K(71168K)] 427702K->358489K(627712K), 0.0022663 secs] [Times: user=0.01 sys=0.00, real=0.00 secs] 
1810.313: [GC (Allocation Failure) [PSYoungGen: 70544K->1376K(71168K)] 427609K->358441K(627712K), 0.0020700 secs] [Times: user=0.01 sys=0.00, real=0.00 secs] 
1810.602: [GC (Allocation Failure) [PSYoungGen: 70496K->1344K(71168K)] 427561K->358409K(627712K), 0.0026015 secs] [Times: user=0.01 sys=0.00, real=0.00 secs] 
1810.890: [GC (Allocation Failure) [PSYoungGen: 70464K->1344K(71168K)] 427529K->358409K(627712K), 0.0019184 secs] [Times: user=0.01 sys=0.00, real=0.00 secs] 
1811.380: [GC (Allocation Failure) [PSYoungGen: 70464K->1501K(70656K)] 427529K->358566K(627200K), 0.0017965 secs] [Times: user=0.01 sys=0.00, real=0.00 secs] 
1811.781: [GC (Allocation Failure) [PSYoungGen: 70621K->1613K(71168K)] 427686K->358678K(627712K), 0.0019007 secs] [Times: user=0.00 sys=0.00, real=0.00 secs] 
1812.188: [GC (Allocation Failure) [PSYoungGen: 70733K->525K(70144K)] 427798K->358614K(626688K), 0.0016112 secs] [Times: user=0.00 sys=0.00, real=0.01 secs] 
1812.832: [GC (Allocation Failure) [PSYoungGen: 69645K->2000K(71168K)] 427734K->360089K(627712K), 0.0027682 secs] [Times: user=0.01 sys=0.00, real=0.00 secs] 
1813.749: [GC (Allocation Failure) [PSYoungGen: 71120K->1344K(70656K)] 429209K->359433K(627200K), 0.0022450 secs] [Times: user=0.01 sys=0.00, real=0.00 secs] 
1814.425: [GC (Allocation Failure) [PSYoungGen: 70464K->1344K(70656K)] 428553K->359441K(627200K), 0.0021329 secs] [Times: user=0.00 sys=0.00, real=0.00 secs] 
1815.344: [GC (Allocation Failure) [PSYoungGen: 70464K->1312K(70656K)] 428561K->359409K(627200K), 0.0028199 secs] [Times: user=0.02 sys=0.00, real=0.00 secs] 
1816.121: [GC (Allocation Failure) [PSYoungGen: 70432K->1437K(70656K)] 428529K->359534K(627200K), 0.0027421 secs] [Times: user=0.01 sys=0.00, real=0.00 secs] 
1816.657: [GC (Allocation Failure) [PSYoungGen: 70557K->1517K(70656K)] 428654K->359614K(627200K), 0.0016359 secs] [Times: user=0.01 sys=0.00, real=0.01 secs] 
1817.063: [GC (Allocation Failure) [PSYoungGen: 70637K->1533K(70656K)] 428734K->359638K(627200K), 0.0017981 secs] [Times: user=0.01 sys=0.00, real=0.00 secs] 
1817.468: [GC (Allocation Failure) [PSYoungGen: 70653K->1533K(70656K)] 428758K->359638K(627200K), 0.0018535 secs] [Times: user=0.00 sys=0.00, real=0.01 secs] 
1818.013: [GC (Allocation Failure) [PSYoungGen: 70653K->1456K(71168K)] 428758K->359561K(627712K), 0.0036759 secs] [Times: user=0.02 sys=0.00, real=0.00 secs] 
1818.634: [GC (Allocation Failure) [PSYoungGen: 70576K->1344K(71168K)] 428681K->359457K(627712K), 0.0027691 secs] [Times: user=0.01 sys=0.00, real=0.00 secs] 
1819.303: [GC (Allocation Failure) [PSYoungGen: 70464K->1376K(71168K)] 428577K->359489K(627712K), 0.0029075 secs] [Times: user=0.01 sys=0.00, real=0.00 secs] 
1819.857: [GC (Allocation Failure) [PSYoungGen: 70496K->1312K(71168K)] 428609K->359425K(627712K), 0.0022075 secs] [Times: user=0.01 sys=0.00, real=0.01 secs] 
1820.452: [GC (Allocation Failure) [PSYoungGen: 70425K->1472K(71168K)] 428538K->359585K(627712K), 0.0017774 secs] [Times: user=0.00 sys=0.00, real=0.00 secs] 
1820.855: [GC (Allocation Failure) [PSYoungGen: 70592K->1549K(71168K)] 428705K->359662K(627712K), 0.0016384 secs] [Times: user=0.01 sys=0.00, real=0.00 secs] 
1821.257: [GC (Allocation Failure) [PSYoungGen: 70669K->1501K(71168K)] 428782K->359614K(627712K), 0.0015915 secs] [Times: user=0.00 sys=0.00, real=0.01 secs] 
1821.659: [GC (Allocation Failure) [PSYoungGen: 70621K->1501K(71168K)] 428734K->359622K(627712K), 0.0016232 secs] [Times: user=0.01 sys=0.00, real=0.00 secs] 
1823.666: [GC (Allocation Failure) [PSYoungGen: 70621K->1424K(71168K)] 428742K->359545K(627712K), 0.0046622 secs] [Times: user=0.02 sys=0.00, real=0.01 secs] 
1824.195: [GC (Allocation Failure) [PSYoungGen: 70544K->1376K(71168K)] 428665K->359497K(627712K), 0.0025538 secs] [Times: user=0.01 sys=0.00, real=0.00 secs] 
1824.753: [GC (Allocation Failure) [PSYoungGen: 70496K->1360K(71168K)] 428617K->359481K(627712K), 0.0022984 secs] [Times: user=0.01 sys=0.00, real=0.00 secs] 
1825.324: [GC (Allocation Failure) [PSYoungGen: 70480K->1376K(71168K)] 428601K->359497K(627712K), 0.0024167 secs] [Times: user=0.01 sys=0.00, real=0.00 secs] 
1825.934: [GC (Allocation Failure) [PSYoungGen: 70496K->1549K(71168K)] 428617K->359670K(627712K), 0.0015876 secs] [Times: user=0.00 sys=0.00, real=0.00 secs] 
1826.334: [GC (Allocation Failure) [PSYoungGen: 70669K->1520K(71168K)] 428790K->359641K(627712K), 0.0017572 secs] [Times: user=0.01 sys=0.00, real=0.00 secs] 
1826.737: [GC (Allocation Failure) [PSYoungGen: 70640K->1517K(71168K)] 428761K->359638K(627712K), 0.0016080 secs] [Times: user=0.01 sys=0.00, real=0.01 secs] 
1827.113: [GC (Allocation Failure) [PSYoungGen: 70637K->1456K(71168K)] 428758K->359577K(627712K), 0.0016764 secs] [Times: user=0.01 sys=0.00, real=0.00 secs] 
1827.446: [GC (Allocation Failure) [PSYoungGen: 70576K->1312K(71168K)] 428697K->359433K(627712K), 0.0018003 secs] [Times: user=0.00 sys=0.00, real=0.00 secs] 
1827.761: [GC (Allocation Failure) [PSYoungGen: 70432K->1344K(71168K)] 428553K->359465K(627712K), 0.0018911 secs] [Times: user=0.01 sys=0.00, real=0.00 secs] 
1828.066: [GC (Allocation Failure) [PSYoungGen: 70464K->1376K(71168K)] 428585K->359497K(627712K), 0.0024144 secs] [Times: user=0.01 sys=0.00, real=0.01 secs] 
1828.468: [GC (Allocation Failure) [PSYoungGen: 70496K->1405K(71168K)] 428617K->359550K(627712K), 0.0016215 secs] [Times: user=0.01 sys=0.00, real=0.01 secs] 
1828.869: [GC (Allocation Failure) [PSYoungGen: 70525K->1533K(71168K)] 428670K->359678K(627712K), 0.0015898 secs] [Times: user=0.01 sys=0.00, real=0.00 secs] 
1829.273: [GC (Allocation Failure) [PSYoungGen: 70653K->1517K(71168K)] 428798K->359662K(627712K), 0.0016034 secs] [Times: user=0.00 sys=0.00, real=0.00 secs] 
1829.734: [GC (Allocation Failure) [PSYoungGen: 70637K->1469K(71168K)] 428782K->359614K(627712K), 0.0017271 secs] [Times: user=0.01 sys=0.00, real=0.00 secs] 
1830.064: [GC (Allocation Failure) [PSYoungGen: 70589K->1408K(71168K)] 428734K->359553K(627712K), 0.0020340 secs] [Times: user=0.00 sys=0.00, real=0.00 secs] 
1830.365: [GC (Allocation Failure) [PSYoungGen: 70528K->1376K(71168K)] 428673K->359521K(627712K), 0.0020303 secs] [Times: user=0.00 sys=0.01, real=0.00 secs] 
1830.708: [GC (Allocation Failure) [PSYoungGen: 70496K->1376K(71168K)] 428641K->359521K(627712K), 0.0020463 secs] [Times: user=0.00 sys=0.00, real=0.01 secs] 
1831.045: [GC (Allocation Failure) [PSYoungGen: 70496K->1312K(71168K)] 428641K->359457K(627712K), 0.0020362 secs] [Times: user=0.00 sys=0.00, real=0.00 secs] 
1831.493: [GC (Allocation Failure) [PSYoungGen: 70432K->1469K(71168K)] 428577K->359614K(627712K), 0.0016747 secs] [Times: user=0.00 sys=0.00, real=0.00 secs] 
1831.894: [GC (Allocation Failure) [PSYoungGen: 70587K->1549K(71168K)] 428733K->359694K(627712K), 0.0016271 secs] [Times: user=0.01 sys=0.00, real=0.00 secs] 
1832.361: [GC (Allocation Failure) [PSYoungGen: 70669K->1533K(71168K)] 428814K->359678K(627712K), 0.0017462 secs] [Times: user=0.00 sys=0.00, real=0.00 secs] 
1833.876: [GC (Allocation Failure) [PSYoungGen: 70653K->1952K(71168K)] 428798K->360097K(627712K), 0.0023646 secs] [Times: user=0.01 sys=0.00, real=0.00 secs] 
1835.177: [GC (Allocation Failure) [PSYoungGen: 71072K->1344K(71168K)] 429217K->359489K(627712K), 0.0028658 secs] [Times: user=0.02 sys=0.00, real=0.01 secs] 
1835.525: [GC (Allocation Failure) [PSYoungGen: 70464K->1344K(71168K)] 428609K->359489K(627712K), 0.0019438 secs] [Times: user=0.01 sys=0.00, real=0.00 secs] 
1835.812: [GC (Allocation Failure) [PSYoungGen: 70464K->1376K(71168K)] 428609K->359521K(627712K), 0.0020296 secs] [Times: user=0.00 sys=0.00, real=0.00 secs] 
1836.292: [GC (Allocation Failure) [PSYoungGen: 70496K->1392K(71168K)] 428641K->359537K(627712K), 0.0018803 secs] [Times: user=0.00 sys=0.00, real=0.00 secs] 
1836.710: [GC (Allocation Failure) [PSYoungGen: 70512K->1549K(71168K)] 428657K->359694K(627712K), 0.0016091 secs] [Times: user=0.01 sys=0.00, real=0.00 secs] 
1837.117: [GC (Allocation Failure) [PSYoungGen: 70669K->1501K(71168K)] 428814K->359646K(627712K), 0.0015875 secs] [Times: user=0.01 sys=0.00, real=0.00 secs] 
1837.525: [GC (Allocation Failure) [PSYoungGen: 70621K->1581K(71168K)] 428766K->359726K(627712K), 0.0016074 secs] [Times: user=0.01 sys=0.00, real=0.00 secs] 
1838.173: [GC (Allocation Failure) [PSYoungGen: 70701K->1472K(71168K)] 428846K->359617K(627712K), 0.0021910 secs] [Times: user=0.00 sys=0.00, real=0.00 secs] 
1838.737: [GC (Allocation Failure) [PSYoungGen: 70592K->1376K(71168K)] 428737K->359545K(627712K), 0.0019325 secs] [Times: user=0.01 sys=0.00, real=0.00 secs] 
1839.385: [GC (Allocation Failure) [PSYoungGen: 70496K->1344K(71168K)] 428665K->359513K(627712K), 0.0020783 secs] [Times: user=0.01 sys=0.00, real=0.00 secs] 
1839.848: [GC (Allocation Failure) [PSYoungGen: 70464K->1344K(71168K)] 428633K->359513K(627712K), 0.0020933 secs] [Times: user=0.00 sys=0.00, real=0.01 secs] 
1840.386: [GC (Allocation Failure) [PSYoungGen: 70464K->1501K(71168K)] 428633K->359670K(627712K), 0.0017356 secs] [Times: user=0.00 sys=0.00, real=0.00 secs] 
1840.787: [GC (Allocation Failure) [PSYoungGen: 70621K->1520K(71168K)] 428790K->359689K(627712K), 0.0015966 secs] [Times: user=0.01 sys=0.00, real=0.01 secs] 
1841.189: [GC (Allocation Failure) [PSYoungGen: 70640K->1549K(71168K)] 428809K->359718K(627712K), 0.0017048 secs] [Times: user=0.01 sys=0.00, real=0.01 secs] 
1841.591: [GC (Allocation Failure) [PSYoungGen: 70669K->1533K(71168K)] 428838K->359718K(627712K), 0.0017298 secs] [Times: user=0.00 sys=0.00, real=0.00 secs] 
1841.915: [GC (Allocation Failure) [PSYoungGen: 70653K->1408K(71168K)] 428838K->359593K(627712K), 0.0017769 secs] [Times: user=0.01 sys=0.00, real=0.00 secs] 
1842.202: [GC (Allocation Failure) [PSYoungGen: 70528K->1312K(71168K)] 428713K->359497K(627712K), 0.0017429 secs] [Times: user=0.01 sys=0.00, real=0.00 secs] 
1842.489: [GC (Allocation Failure) [PSYoungGen: 70432K->1376K(71168K)] 428617K->359561K(627712K), 0.0017701 secs] [Times: user=0.01 sys=0.00, real=0.00 secs] 
1842.776: [GC (Allocation Failure) [PSYoungGen: 70496K->1376K(71168K)] 428681K->359561K(627712K), 0.0016228 secs] [Times: user=0.00 sys=0.00, real=0.00 secs] 
1843.168: [GC (Allocation Failure) [PSYoungGen: 70496K->1485K(71168K)] 428681K->359670K(627712K), 0.0016028 secs] [Times: user=0.00 sys=0.00, real=0.01 secs] 
1843.571: [GC (Allocation Failure) [PSYoungGen: 70605K->1549K(71168K)] 428790K->359734K(627712K), 0.0016394 secs] [Times: user=0.00 sys=0.00, real=0.00 secs] 
1843.973: [GC (Allocation Failure) [PSYoungGen: 70669K->1533K(71168K)] 428854K->359718K(627712K), 0.0017833 secs] [Times: user=0.01 sys=0.00, real=0.00 secs] 
1844.482: [GC (Allocation Failure) [PSYoungGen: 70653K->1456K(71168K)] 428838K->359641K(627712K), 0.0018624 secs] [Times: user=0.01 sys=0.00, real=0.00 secs] 
1845.043: [GC (Allocation Failure) [PSYoungGen: 70576K->1376K(71168K)] 428761K->359561K(627712K), 0.0019353 secs] [Times: user=0.00 sys=0.00, real=0.00 secs] 
1845.623: [GC (Allocation Failure) [PSYoungGen: 70496K->1328K(71168K)] 428681K->359513K(627712K), 0.0019706 secs] [Times: user=0.01 sys=0.00, real=0.00 secs] 
1846.154: [GC (Allocation Failure) [PSYoungGen: 70448K->1376K(71168K)] 428633K->359561K(627712K), 0.0022733 secs] [Times: user=0.01 sys=0.01, real=0.00 secs] 
1846.695: [GC (Allocation Failure) [PSYoungGen: 70496K->1392K(71168K)] 428681K->359593K(627712K), 0.0016107 secs] [Times: user=0.01 sys=0.00, real=0.00 secs] 
1847.098: [GC (Allocation Failure) [PSYoungGen: 70512K->1501K(71168K)] 428713K->359702K(627712K), 0.0015842 secs] [Times: user=0.00 sys=0.00, real=0.01 secs] 
1847.503: [GC (Allocation Failure) [PSYoungGen: 70621K->1549K(71168K)] 428822K->359750K(627712K), 0.0015975 secs] [Times: user=0.01 sys=0.00, real=0.00 secs] 
1847.967: [GC (Allocation Failure) [PSYoungGen: 70669K->1517K(71168K)] 428870K->359718K(627712K), 0.0016518 secs] [Times: user=0.01 sys=0.00, real=0.01 secs] 
1848.640: [GC (Allocation Failure) [PSYoungGen: 70637K->1376K(71168K)] 428838K->359593K(627712K), 0.0025281 secs] [Times: user=0.01 sys=0.00, real=0.00 secs] 
1849.283: [GC (Allocation Failure) [PSYoungGen: 70496K->1328K(71168K)] 428713K->359545K(627712K), 0.0021680 secs] [Times: user=0.01 sys=0.00, real=0.00 secs] 
1849.827: [GC (Allocation Failure) [PSYoungGen: 70448K->1376K(71168K)] 428665K->359593K(627712K), 0.0023345 secs] [Times: user=0.01 sys=0.00, real=0.01 secs] 
1850.120: [GC (Allocation Failure) [PSYoungGen: 70496K->1376K(71168K)] 428713K->359593K(627712K), 0.0019673 secs] [Times: user=0.01 sys=0.00, real=0.00 secs] 
1850.554: [GC (Allocation Failure) [PSYoungGen: 70496K->1533K(71168K)] 428713K->359750K(627712K), 0.0017356 secs] [Times: user=0.00 sys=0.00, real=0.00 secs] 
1850.956: [GC (Allocation Failure) [PSYoungGen: 70653K->1549K(71168K)] 428870K->359766K(627712K), 0.0015705 secs] [Times: user=0.01 sys=0.00, real=0.00 secs] 
1851.357: [GC (Allocation Failure) [PSYoungGen: 70669K->1565K(71168K)] 428886K->359782K(627712K), 0.0017391 secs] [Times: user=0.01 sys=0.00, real=0.01 secs] 
1851.816: [GC (Allocation Failure) [PSYoungGen: 70685K->2016K(71168K)] 428902K->360233K(627712K), 0.0018945 secs] [Times: user=0.00 sys=0.00, real=0.00 secs] 
1852.531: [GC (Allocation Failure) [PSYoungGen: 71136K->1376K(71168K)] 429353K->359593K(627712K), 0.0038006 secs] [Times: user=0.01 sys=0.00, real=0.00 secs] 
1853.299: [GC (Allocation Failure) [PSYoungGen: 70496K->1344K(71168K)] 428713K->359561K(627712K), 0.0025175 secs] [Times: user=0.01 sys=0.00, real=0.01 secs] 
1853.858: [GC (Allocation Failure) [PSYoungGen: 70464K->1328K(71168K)] 428681K->359545K(627712K), 0.0022283 secs] [Times: user=0.01 sys=0.00, real=0.01 secs] 
1854.270: [GC (Allocation Failure) [PSYoungGen: 70429K->1405K(71168K)] 428647K->359622K(627712K), 0.0017749 secs] [Times: user=0.00 sys=0.00, real=0.00 secs] 
1854.691: [GC (Allocation Failure) [PSYoungGen: 70525K->1501K(71168K)] 428742K->359718K(627712K), 0.0016211 secs] [Times: user=0.01 sys=0.00, real=0.00 secs] 
1855.093: [GC (Allocation Failure) [PSYoungGen: 70621K->1533K(71168K)] 428838K->359750K(627712K), 0.0015945 secs] [Times: user=0.00 sys=0.00, real=0.00 secs] 
1855.496: [GC (Allocation Failure) [PSYoungGen: 70653K->1501K(71168K)] 428870K->359718K(627712K), 0.0015869 secs] [Times: user=0.01 sys=0.00, real=0.00 secs] 
1855.932: [GC (Allocation Failure) [PSYoungGen: 70621K->1424K(71168K)] 428838K->359641K(627712K), 0.0018744 secs] [Times: user=0.01 sys=0.00, real=0.00 secs] 
1856.220: [GC (Allocation Failure) [PSYoungGen: 70544K->1408K(71168K)] 428761K->359625K(627712K), 0.0023076 secs] [Times: user=0.01 sys=0.00, real=0.00 secs] 
1856.507: [GC (Allocation Failure) [PSYoungGen: 70528K->1360K(71168K)] 428745K->359577K(627712K), 0.0017687 secs] [Times: user=0.01 sys=0.00, real=0.01 secs] 
1856.794: [GC (Allocation Failure) [PSYoungGen: 70480K->1376K(71168K)] 428697K->359593K(627712K), 0.0017598 secs] [Times: user=0.01 sys=0.00, real=0.00 secs] 
1857.266: [GC (Allocation Failure) [PSYoungGen: 70496K->1437K(71168K)] 428713K->359678K(627712K), 0.0016540 secs] [Times: user=0.01 sys=0.00, real=0.00 secs] 
1857.670: [GC (Allocation Failure) [PSYoungGen: 70557K->1517K(71168K)] 428798K->359758K(627712K), 0.0017024 secs] [Times: user=0.01 sys=0.00, real=0.00 secs] 
1858.073: [GC (Allocation Failure) [PSYoungGen: 70637K->1485K(71168K)] 428878K->359726K(627712K), 0.0016090 secs] [Times: user=0.00 sys=0.00, real=0.00 secs] 
1858.475: [GC (Allocation Failure) [PSYoungGen: 70605K->1517K(71168K)] 428846K->359766K(627712K), 0.0015996 secs] [Times: user=0.01 sys=0.00, real=0.00 secs] 
1859.116: [GC (Allocation Failure) [PSYoungGen: 70637K->1344K(71168K)] 428886K->359593K(627712K), 0.0017622 secs] [Times: user=0.01 sys=0.00, real=0.00 secs] 
1859.746: [GC (Allocation Failure) [PSYoungGen: 70464K->1376K(71168K)] 428713K->359625K(627712K), 0.0018732 secs] [Times: user=0.00 sys=0.01, real=0.00 secs] 
1860.432: [GC (Allocation Failure) [PSYoungGen: 70496K->1344K(71168K)] 428745K->359593K(627712K), 0.0041452 secs] [Times: user=0.02 sys=0.00, real=0.00 secs] 
1861.136: [GC (Allocation Failure) [PSYoungGen: 70464K->1376K(71168K)] 428713K->359625K(627712K), 0.0025509 secs] [Times: user=0.01 sys=0.00, real=0.00 secs] 
1861.623: [GC (Allocation Failure) [PSYoungGen: 70496K->1549K(71168K)] 428745K->359798K(627712K), 0.0015975 secs] [Times: user=0.01 sys=0.00, real=0.00 secs] 
1862.027: [GC (Allocation Failure) [PSYoungGen: 70669K->1533K(71168K)] 428918K->359782K(627712K), 0.0017054 secs] [Times: user=0.01 sys=0.00, real=0.00 secs] 
1862.433: [GC (Allocation Failure) [PSYoungGen: 70653K->1501K(71168K)] 428902K->359750K(627712K), 0.0016013 secs] [Times: user=0.00 sys=0.00, real=0.00 secs] 
1862.837: [GC (Allocation Failure) [PSYoungGen: 70621K->1472K(71168K)] 428870K->359721K(627712K), 0.0020050 secs] [Times: user=0.01 sys=0.00, real=0.01 secs] 
1863.125: [GC (Allocation Failure) [PSYoungGen: 70592K->1328K(71168K)] 428841K->359577K(627712K), 0.0018006 secs] [Times: user=0.01 sys=0.00, real=0.00 secs] 
1863.412: [GC (Allocation Failure) [PSYoungGen: 70448K->1312K(71168K)] 428697K->359561K(627712K), 0.0017766 secs] [Times: user=0.01 sys=0.00, real=0.00 secs] 
1863.699: [GC (Allocation Failure) [PSYoungGen: 70432K->1376K(71168K)] 428681K->359625K(627712K), 0.0017534 secs] [Times: user=0.01 sys=0.00, real=0.00 secs] 
1864.105: [GC (Allocation Failure) [PSYoungGen: 70495K->1437K(71168K)] 428744K->359686K(627712K), 0.0015818 secs] [Times: user=0.01 sys=0.00, real=0.00 secs] 
1864.508: [GC (Allocation Failure) [PSYoungGen: 70557K->1552K(71168K)] 428806K->359801K(627712K), 0.0016627 secs] [Times: user=0.00 sys=0.00, real=0.01 secs] 
1864.910: [GC (Allocation Failure) [PSYoungGen: 70672K->1549K(71168K)] 428921K->359798K(627712K), 0.0015830 secs] [Times: user=0.01 sys=0.00, real=0.00 secs] 
1865.315: [GC (Allocation Failure) [PSYoungGen: 70669K->1517K(71168K)] 428918K->359766K(627712K), 0.0016349 secs] [Times: user=0.00 sys=0.00, real=0.00 secs] 
1865.856: [GC (Allocation Failure) [PSYoungGen: 70637K->1376K(71168K)] 428886K->359633K(627712K), 0.0018083 secs] [Times: user=0.01 sys=0.00, real=0.00 secs] 
1866.461: [GC (Allocation Failure) [PSYoungGen: 70496K->1344K(71168K)] 428753K->359601K(627712K), 0.0043623 secs] [Times: user=0.01 sys=0.00, real=0.00 secs] 
1867.256: [GC (Allocation Failure) [PSYoungGen: 70464K->1376K(71168K)] 428721K->359649K(627712K), 0.0062206 secs] [Times: user=0.03 sys=0.00, real=0.01 secs] 
1868.147: [GC (Allocation Failure) [PSYoungGen: 70496K->1376K(71168K)] 428769K->359649K(627712K), 0.0038175 secs] [Times: user=0.02 sys=0.00, real=0.01 secs] 
1868.881: [GC (Allocation Failure) [PSYoungGen: 70496K->1469K(71168K)] 428769K->359742K(627712K), 0.0017100 secs] [Times: user=0.01 sys=0.00, real=0.00 secs] 
1869.341: [GC (Allocation Failure) [PSYoungGen: 70589K->1565K(71168K)] 428862K->359838K(627712K), 0.0018709 secs] [Times: user=0.01 sys=0.00, real=0.00 secs] 
1869.743: [GC (Allocation Failure) [PSYoungGen: 70685K->1501K(71168K)] 428958K->359774K(627712K), 0.0015947 secs] [Times: user=0.01 sys=0.00, real=0.00 secs] 
1870.279: [GC (Allocation Failure) [PSYoungGen: 70621K->2016K(71168K)] 428894K->360289K(627712K), 0.0022287 secs] [Times: user=0.00 sys=0.00, real=0.00 secs] 
1871.423: [GC (Allocation Failure) [PSYoungGen: 71136K->1376K(71168K)] 429409K->359649K(627712K), 0.0038916 secs] [Times: user=0.01 sys=0.00, real=0.00 secs] 
1872.567: [GC (Allocation Failure) [PSYoungGen: 70496K->1344K(71168K)] 428769K->359617K(627712K), 0.0039704 secs] [Times: user=0.01 sys=0.00, real=0.01 secs] 
1873.576: [GC (Allocation Failure) [PSYoungGen: 70464K->1376K(71168K)] 428737K->359649K(627712K), 0.0036619 secs] [Times: user=0.02 sys=0.00, real=0.01 secs] 
1874.153: [GC (Allocation Failure) [PSYoungGen: 70473K->1437K(71168K)] 428747K->359710K(627712K), 0.0027018 secs] [Times: user=0.01 sys=0.00, real=0.00 secs] 
1874.627: [GC (Allocation Failure) [PSYoungGen: 70557K->1517K(71168K)] 428830K->359790K(627712K), 0.0016108 secs] [Times: user=0.01 sys=0.00, real=0.00 secs] 
1875.027: [GC (Allocation Failure) [PSYoungGen: 70637K->1533K(71168K)] 428910K->359806K(627712K), 0.0016483 secs] [Times: user=0.01 sys=0.00, real=0.00 secs] 
1875.429: [GC (Allocation Failure) [PSYoungGen: 70653K->1533K(71168K)] 428926K->359806K(627712K), 0.0017110 secs] [Times: user=0.00 sys=0.00, real=0.00 secs] 
1876.066: [GC (Allocation Failure) [PSYoungGen: 70653K->1456K(71168K)] 428926K->359729K(627712K), 0.0022306 secs] [Times: user=0.01 sys=0.00, real=0.00 secs] 
1876.732: [GC (Allocation Failure) [PSYoungGen: 70576K->1376K(71168K)] 428849K->359649K(627712K), 0.0028505 secs] [Times: user=0.02 sys=0.00, real=0.00 secs] 
1877.376: [GC (Allocation Failure) [PSYoungGen: 70496K->1376K(71168K)] 428769K->359649K(627712K), 0.0044431 secs] [Times: user=0.02 sys=0.00, real=0.01 secs] 
1877.896: [GC (Allocation Failure) [PSYoungGen: 70496K->1376K(71168K)] 428769K->359649K(627712K), 0.0021455 secs] [Times: user=0.01 sys=0.00, real=0.00 secs] 
1878.415: [GC (Allocation Failure) [PSYoungGen: 70486K->1501K(71168K)] 428760K->359774K(627712K), 0.0016851 secs] [Times: user=0.00 sys=0.00, real=0.00 secs] 
1878.820: [GC (Allocation Failure) [PSYoungGen: 70621K->1533K(71168K)] 428894K->359806K(627712K), 0.0015923 secs] [Times: user=0.01 sys=0.00, real=0.00 secs] 
1879.222: [GC (Allocation Failure) [PSYoungGen: 70653K->1533K(71168K)] 428926K->359806K(627712K), 0.0016840 secs] [Times: user=0.01 sys=0.00, real=0.00 secs] 
1879.625: [GC (Allocation Failure) [PSYoungGen: 70653K->1501K(71168K)] 428926K->359798K(627712K), 0.0016153 secs] [Times: user=0.00 sys=0.00, real=0.00 secs] 
1879.977: [GC (Allocation Failure) [PSYoungGen: 70621K->1376K(71168K)] 428918K->359673K(627712K), 0.0017346 secs] [Times: user=0.01 sys=0.00, real=0.00 secs] 
1880.456: [GC (Allocation Failure) [PSYoungGen: 70496K->1344K(71168K)] 428793K->359641K(627712K), 0.0027672 secs] [Times: user=0.01 sys=0.00, real=0.01 secs] 
1881.025: [GC (Allocation Failure) [PSYoungGen: 70464K->1376K(71168K)] 428761K->359673K(627712K), 0.0027917 secs] [Times: user=0.01 sys=0.00, real=0.00 secs] 
1881.581: [GC (Allocation Failure) [PSYoungGen: 70496K->1328K(71168K)] 428793K->359625K(627712K), 0.0034870 secs] [Times: user=0.02 sys=0.00, real=0.00 secs] 
1882.120: [GC (Allocation Failure) [PSYoungGen: 70448K->1533K(71168K)] 428745K->359830K(627712K), 0.0016292 secs] [Times: user=0.01 sys=0.00, real=0.00 secs] 
1882.526: [GC (Allocation Failure) [PSYoungGen: 70653K->1565K(71168K)] 428950K->359862K(627712K), 0.0015984 secs] [Times: user=0.01 sys=0.00, real=0.00 secs] 
1882.928: [GC (Allocation Failure) [PSYoungGen: 70685K->1501K(71168K)] 428982K->359798K(627712K), 0.0015998 secs] [Times: user=0.00 sys=0.00, real=0.01 secs] 
1883.299: [GC (Allocation Failure) [PSYoungGen: 70621K->1456K(71168K)] 428918K->359761K(627712K), 0.0015004 secs] [Times: user=0.00 sys=0.00, real=0.00 secs] 
1884.079: [GC (Allocation Failure) [PSYoungGen: 70576K->1408K(71168K)] 428881K->359713K(627712K), 0.0021938 secs] [Times: user=0.00 sys=0.00, real=0.00 secs] 
1884.764: [GC (Allocation Failure) [PSYoungGen: 70528K->1376K(71168K)] 428833K->359681K(627712K), 0.0021010 secs] [Times: user=0.01 sys=0.00, real=0.00 secs] 
1885.593: [GC (Allocation Failure) [PSYoungGen: 70496K->1376K(71168K)] 428801K->359681K(627712K), 0.0024870 secs] [Times: user=0.01 sys=0.00, real=0.00 secs] 
1886.589: [GC (Allocation Failure) [PSYoungGen: 70496K->1469K(71168K)] 428801K->359774K(627712K), 0.0019217 secs] [Times: user=0.00 sys=0.00, real=0.00 secs] 
1887.082: [GC (Allocation Failure) [PSYoungGen: 70589K->1517K(71168K)] 428894K->359822K(627712K), 0.0019435 secs] [Times: user=0.01 sys=0.00, real=0.00 secs] 
1887.552: [GC (Allocation Failure) [PSYoungGen: 70637K->1533K(71168K)] 428942K->359838K(627712K), 0.0016448 secs] [Times: user=0.00 sys=0.00, real=0.00 secs] 
1887.993: [GC (Allocation Failure) [PSYoungGen: 70653K->1552K(71168K)] 428958K->359857K(627712K), 0.0016735 secs] [Times: user=0.01 sys=0.00, real=0.00 secs] 
1889.390: [GC (Allocation Failure) [PSYoungGen: 70672K->1440K(71168K)] 428977K->359745K(627712K), 0.0043697 secs] [Times: user=0.01 sys=0.00, real=0.00 secs] 
1890.019: [GC (Allocation Failure) [PSYoungGen: 70560K->1408K(71168K)] 428865K->359737K(627712K), 0.0023384 secs] [Times: user=0.01 sys=0.00, real=0.00 secs] 
1890.572: [GC (Allocation Failure) [PSYoungGen: 70528K->1376K(71168K)] 428857K->359705K(627712K), 0.0026943 secs] [Times: user=0.01 sys=0.00, real=0.00 secs] 
1891.012: [GC (Allocation Failure) [PSYoungGen: 70496K->1376K(71168K)] 428825K->359705K(627712K), 0.0021292 secs] [Times: user=0.01 sys=0.00, real=0.00 secs] 
1891.523: [GC (Allocation Failure) [PSYoungGen: 70496K->1501K(71168K)] 428825K->359830K(627712K), 0.0016613 secs] [Times: user=0.01 sys=0.00, real=0.00 secs] 
1891.923: [GC (Allocation Failure) [PSYoungGen: 70621K->1616K(71168K)] 428950K->359945K(627712K), 0.0015714 secs] [Times: user=0.01 sys=0.00, real=0.00 secs] 
1892.388: [GC (Allocation Failure) [PSYoungGen: 70736K->1549K(71168K)] 429065K->359878K(627712K), 0.0016374 secs] [Times: user=0.00 sys=0.00, real=0.01 secs] 
1892.932: [GC (Allocation Failure) [PSYoungGen: 70669K->1728K(71168K)] 428998K->360065K(627712K), 0.0019897 secs] [Times: user=0.00 sys=0.01, real=0.00 secs] 
1893.697: [GC (Allocation Failure) [PSYoungGen: 70848K->1376K(71168K)] 429185K->359713K(627712K), 0.0027080 secs] [Times: user=0.01 sys=0.00, real=0.01 secs] 
1894.263: [GC (Allocation Failure) [PSYoungGen: 70496K->1376K(71168K)] 428833K->359713K(627712K), 0.0021375 secs] [Times: user=0.01 sys=0.00, real=0.00 secs] 
1895.025: [GC (Allocation Failure) [PSYoungGen: 70496K->1344K(71168K)] 428833K->359681K(627712K), 0.0021994 secs] [Times: user=0.01 sys=0.01, real=0.00 secs] 
1895.802: [GC (Allocation Failure) [PSYoungGen: 70464K->1437K(71168K)] 428801K->359774K(627712K), 0.0020045 secs] [Times: user=0.01 sys=0.00, real=0.00 secs] 
1896.231: [GC (Allocation Failure) [PSYoungGen: 70550K->1517K(71168K)] 428888K->359854K(627712K), 0.0016501 secs] [Times: user=0.00 sys=0.00, real=0.00 secs] 
1896.633: [GC (Allocation Failure) [PSYoungGen: 70637K->1517K(71168K)] 428974K->359854K(627712K), 0.0016323 secs] [Times: user=0.01 sys=0.00, real=0.00 secs] 
1897.035: [GC (Allocation Failure) [PSYoungGen: 70637K->1533K(71168K)] 428974K->359870K(627712K), 0.0015976 secs] [Times: user=0.01 sys=0.00, real=0.00 secs] 
1897.726: [GC (Allocation Failure) [PSYoungGen: 70653K->1456K(71168K)] 428990K->359801K(627712K), 0.0022056 secs] [Times: user=0.01 sys=0.00, real=0.00 secs] 
1898.339: [GC (Allocation Failure) [PSYoungGen: 70576K->1376K(71168K)] 428921K->359721K(627712K), 0.0022074 secs] [Times: user=0.01 sys=0.00, real=0.00 secs] 
1898.782: [GC (Allocation Failure) [PSYoungGen: 70496K->1312K(71168K)] 428841K->359681K(627712K), 0.0019316 secs] [Times: user=0.00 sys=0.00, real=0.00 secs] 
1899.070: [GC (Allocation Failure) [PSYoungGen: 70432K->1312K(71168K)] 428801K->359681K(627712K), 0.0019105 secs] [Times: user=0.00 sys=0.00, real=0.00 secs] 
1899.430: [GC (Allocation Failure) [PSYoungGen: 70426K->1501K(71168K)] 428796K->359870K(627712K), 0.0016450 secs] [Times: user=0.01 sys=0.00, real=0.00 secs] 
1899.833: [GC (Allocation Failure) [PSYoungGen: 70621K->1533K(71168K)] 428990K->359902K(627712K), 0.0015982 secs] [Times: user=0.00 sys=0.00, real=0.00 secs] 
1900.235: [GC (Allocation Failure) [PSYoungGen: 70653K->1549K(71168K)] 429022K->359926K(627712K), 0.0016087 secs] [Times: user=0.01 sys=0.00, real=0.00 secs] 
1900.637: [GC (Allocation Failure) [PSYoungGen: 70669K->1520K(71168K)] 429046K->359905K(627712K), 0.0015998 secs] [Times: user=0.01 sys=0.00, real=0.00 secs] 
1901.376: [GC (Allocation Failure) [PSYoungGen: 70640K->1408K(71168K)] 429025K->359801K(627712K), 0.0018322 secs] [Times: user=0.01 sys=0.00, real=0.00 secs] 
1901.784: [GC (Allocation Failure) [PSYoungGen: 70528K->1376K(71168K)] 428921K->359769K(627712K), 0.0025271 secs] [Times: user=0.01 sys=0.00, real=0.00 secs] 
1902.069: [GC (Allocation Failure) [PSYoungGen: 70496K->1312K(71168K)] 428889K->359705K(627712K), 0.0020054 secs] [Times: user=0.01 sys=0.00, real=0.00 secs] 
1902.356: [GC (Allocation Failure) [PSYoungGen: 70432K->1344K(71168K)] 428825K->359737K(627712K), 0.0019620 secs] [Times: user=0.01 sys=0.00, real=0.00 secs] 
1902.900: [GC (Allocation Failure) [PSYoungGen: 70464K->1533K(71168K)] 428857K->359926K(627712K), 0.0016542 secs] [Times: user=0.00 sys=0.00, real=0.00 secs] 
1903.302: [GC (Allocation Failure) [PSYoungGen: 70653K->1533K(71168K)] 429046K->359926K(627712K), 0.0015894 secs] [Times: user=0.01 sys=0.00, real=0.00 secs] 
1903.706: [GC (Allocation Failure) [PSYoungGen: 70653K->1581K(71168K)] 429046K->359974K(627712K), 0.0016424 secs] [Times: user=0.00 sys=0.00, real=0.00 secs] 
1904.585: [GC (Allocation Failure) [PSYoungGen: 70701K->1456K(71168K)] 429094K->359865K(627712K), 0.0037538 secs] [Times: user=0.01 sys=0.00, real=0.01 secs] 
1905.355: [GC (Allocation Failure) [PSYoungGen: 70576K->1344K(71168K)] 428985K->359753K(627712K), 0.0027675 secs] [Times: user=0.01 sys=0.00, real=0.00 secs] 
1906.027: [GC (Allocation Failure) [PSYoungGen: 70464K->1376K(71168K)] 428873K->359785K(627712K), 0.0026539 secs] [Times: user=0.01 sys=0.00, real=0.01 secs] 
1906.788: [GC (Allocation Failure) [PSYoungGen: 70496K->1344K(71168K)] 428905K->359753K(627712K), 0.0024368 secs] [Times: user=0.01 sys=0.00, real=0.01 secs] 
1907.741: [GC (Allocation Failure) [PSYoungGen: 70438K->1501K(71168K)] 428848K->359910K(627712K), 0.0020037 secs] [Times: user=0.01 sys=0.00, real=0.00 secs] 
1908.164: [GC (Allocation Failure) [PSYoungGen: 70621K->1501K(71168K)] 429030K->359910K(627712K), 0.0017057 secs] [Times: user=0.01 sys=0.00, real=0.00 secs] 
1908.566: [GC (Allocation Failure) [PSYoungGen: 70621K->1517K(71168K)] 429030K->359950K(627712K), 0.0016248 secs] [Times: user=0.01 sys=0.00, real=0.00 secs] 
1909.030: [GC (Allocation Failure) [PSYoungGen: 70637K->1533K(71168K)] 429070K->359966K(627712K), 0.0017251 secs] [Times: user=0.01 sys=0.00, real=0.00 secs] 
1909.398: [GC (Allocation Failure) [PSYoungGen: 70653K->1392K(71168K)] 429086K->359833K(627712K), 0.0020395 secs] [Times: user=0.01 sys=0.00, real=0.01 secs] 
1909.686: [GC (Allocation Failure) [PSYoungGen: 70512K->1312K(71168K)] 428953K->359753K(627712K), 0.0021924 secs] [Times: user=0.01 sys=0.00, real=0.00 secs] 
1909.973: [GC (Allocation Failure) [PSYoungGen: 70432K->1344K(71168K)] 428873K->359785K(627712K), 0.0020276 secs] [Times: user=0.01 sys=0.00, real=0.00 secs] 
1910.275: [GC (Allocation Failure) [PSYoungGen: 70464K->1344K(71168K)] 428905K->359785K(627712K), 0.0019036 secs] [Times: user=0.01 sys=0.01, real=0.00 secs] 
1910.761: [GC (Allocation Failure) [PSYoungGen: 70464K->1469K(71168K)] 428905K->359910K(627712K), 0.0016526 secs] [Times: user=0.01 sys=0.00, real=0.00 secs] 
1911.162: [GC (Allocation Failure) [PSYoungGen: 70589K->1533K(71168K)] 429030K->359974K(627712K), 0.0016183 secs] [Times: user=0.01 sys=0.00, real=0.00 secs] 
1911.563: [GC (Allocation Failure) [PSYoungGen: 70653K->1549K(71168K)] 429094K->359990K(627712K), 0.0016158 secs] [Times: user=0.01 sys=0.00, real=0.00 secs] 
1912.051: [GC (Allocation Failure) [PSYoungGen: 70669K->1760K(71168K)] 429110K->360201K(627712K), 0.0019433 secs] [Times: user=0.01 sys=0.00, real=0.00 secs] 
1912.748: [GC (Allocation Failure) [PSYoungGen: 70880K->1376K(71168K)] 429321K->359817K(627712K), 0.0026240 secs] [Times: user=0.01 sys=0.00, real=0.01 secs] 
1913.546: [GC (Allocation Failure) [PSYoungGen: 70496K->1344K(71168K)] 428937K->359785K(627712K), 0.0019618 secs] [Times: user=0.01 sys=0.00, real=0.00 secs] 
1914.374: [GC (Allocation Failure) [PSYoungGen: 70464K->1344K(71168K)] 428905K->359785K(627712K), 0.0026714 secs] [Times: user=0.01 sys=0.00, real=0.00 secs] 
1915.003: [GC (Allocation Failure) [PSYoungGen: 70439K->1437K(71168K)] 428880K->359878K(627712K), 0.0022890 secs] [Times: user=0.00 sys=0.00, real=0.00 secs] 
1915.450: [GC (Allocation Failure) [PSYoungGen: 70557K->1533K(71168K)] 428998K->359974K(627712K), 0.0015810 secs] [Times: user=0.01 sys=0.00, real=0.00 secs] 
1915.853: [GC (Allocation Failure) [PSYoungGen: 70653K->1517K(71168K)] 429094K->359958K(627712K), 0.0016324 secs] [Times: user=0.01 sys=0.00, real=0.00 secs] 
1916.255: [GC (Allocation Failure) [PSYoungGen: 70637K->1552K(71168K)] 429078K->359993K(627712K), 0.0017524 secs] [Times: user=0.01 sys=0.00, real=0.00 secs] 
1917.092: [GC (Allocation Failure) [PSYoungGen: 70672K->1440K(71168K)] 429113K->359881K(627712K), 0.0019241 secs] [Times: user=0.00 sys=0.00, real=0.00 secs] 
1918.255: [GC (Allocation Failure) [PSYoungGen: 70560K->1376K(71168K)] 429001K->359817K(627712K), 0.0027215 secs] [Times: user=0.01 sys=0.00, real=0.00 secs] 
1919.489: [GC (Allocation Failure) [PSYoungGen: 70496K->1344K(71168K)] 428937K->359785K(627712K), 0.0027890 secs] [Times: user=0.01 sys=0.00, real=0.00 secs] 
1920.470: [GC (Allocation Failure) [PSYoungGen: 70464K->1344K(71168K)] 428905K->359793K(627712K), 0.0023957 secs] [Times: user=0.01 sys=0.00, real=0.00 secs] 
1921.256: [GC (Allocation Failure) [PSYoungGen: 70464K->1469K(71168K)] 428913K->359918K(627712K), 0.0016418 secs] [Times: user=0.01 sys=0.00, real=0.00 secs] 
1921.656: [GC (Allocation Failure) [PSYoungGen: 70589K->1549K(71168K)] 429038K->359998K(627712K), 0.0015863 secs] [Times: user=0.01 sys=0.00, real=0.00 secs] 
1922.122: [GC (Allocation Failure) [PSYoungGen: 70669K->1533K(71168K)] 429118K->359982K(627712K), 0.0017523 secs] [Times: user=0.00 sys=0.00, real=0.00 secs] 
1922.529: [GC (Allocation Failure) [PSYoungGen: 70653K->1565K(71168K)] 429102K->360030K(627712K), 0.0016991 secs] [Times: user=0.01 sys=0.00, real=0.00 secs] 
1923.008: [GC (Allocation Failure) [PSYoungGen: 70685K->1360K(71168K)] 429150K->359825K(627712K), 0.0028808 secs] [Times: user=0.02 sys=0.00, real=0.01 secs] 
1923.577: [GC (Allocation Failure) [PSYoungGen: 70480K->1376K(71168K)] 428945K->359841K(627712K), 0.0026265 secs] [Times: user=0.01 sys=0.00, real=0.01 secs] 
1924.112: [GC (Allocation Failure) [PSYoungGen: 70496K->1344K(71168K)] 428961K->359809K(627712K), 0.0026079 secs] [Times: user=0.01 sys=0.00, real=0.00 secs] 
1924.717: [GC (Allocation Failure) [PSYoungGen: 70464K->1376K(71168K)] 428929K->359841K(627712K), 0.0025696 secs] [Times: user=0.01 sys=0.00, real=0.01 secs] 
1925.239: [GC (Allocation Failure) [PSYoungGen: 70496K->1533K(71168K)] 428961K->359998K(627712K), 0.0016815 secs] [Times: user=0.01 sys=0.00, real=0.00 secs] 
1925.641: [GC (Allocation Failure) [PSYoungGen: 70653K->1549K(71168K)] 429118K->360014K(627712K), 0.0016048 secs] [Times: user=0.00 sys=0.00, real=0.00 secs] 
1926.042: [GC (Allocation Failure) [PSYoungGen: 70669K->1517K(71168K)] 429134K->359982K(627712K), 0.0016168 secs] [Times: user=0.00 sys=0.00, real=0.00 secs] 
1926.521: [GC (Allocation Failure) [PSYoungGen: 70637K->1408K(71168K)] 429102K->359873K(627712K), 0.0019626 secs] [Times: user=0.01 sys=0.00, real=0.00 secs] 
1927.213: [GC (Allocation Failure) [PSYoungGen: 70528K->1376K(71168K)] 428993K->359841K(627712K), 0.0034745 secs] [Times: user=0.01 sys=0.00, real=0.00 secs] 
1927.523: [GC (Allocation Failure) [PSYoungGen: 70496K->1344K(71168K)] 428961K->359809K(627712K), 0.0021206 secs] [Times: user=0.01 sys=0.00, real=0.00 secs] 
1927.808: [GC (Allocation Failure) [PSYoungGen: 70464K->1312K(71168K)] 428929K->359785K(627712K), 0.0020072 secs] [Times: user=0.01 sys=0.00, real=0.01 secs] 
1928.154: [GC (Allocation Failure) [PSYoungGen: 70407K->1405K(71168K)] 428881K->359878K(627712K), 0.0014377 secs] [Times: user=0.00 sys=0.00, real=0.00 secs] 
1928.563: [GC (Allocation Failure) [PSYoungGen: 70525K->1517K(71168K)] 428998K->359990K(627712K), 0.0016383 secs] [Times: user=0.01 sys=0.00, real=0.00 secs] 
1928.964: [GC (Allocation Failure) [PSYoungGen: 70637K->1549K(71168K)] 429110K->360022K(627712K), 0.0015727 secs] [Times: user=0.00 sys=0.00, real=0.00 secs] 
1929.366: [GC (Allocation Failure) [PSYoungGen: 70669K->1565K(71168K)] 429142K->360038K(627712K), 0.0016495 secs] [Times: user=0.01 sys=0.00, real=0.00 secs] 
1930.118: [GC (Allocation Failure) [PSYoungGen: 70685K->1360K(71168K)] 429158K->359841K(627712K), 0.0037792 secs] [Times: user=0.02 sys=0.00, real=0.01 secs] 
1930.565: [GC (Allocation Failure) [PSYoungGen: 70480K->1344K(71168K)] 428961K->359833K(627712K), 0.0025664 secs] [Times: user=0.01 sys=0.00, real=0.00 secs] 
1930.967: [GC (Allocation Failure) [PSYoungGen: 70464K->1376K(71168K)] 428953K->359865K(627712K), 0.0018785 secs] [Times: user=0.00 sys=0.01, real=0.01 secs] 
1931.503: [GC (Allocation Failure) [PSYoungGen: 70496K->1376K(71168K)] 428985K->359865K(627712K), 0.0019632 secs] [Times: user=0.01 sys=0.00, real=0.00 secs] 
1931.991: [GC (Allocation Failure) [PSYoungGen: 70467K->1501K(71168K)] 428956K->359990K(627712K), 0.0016108 secs] [Times: user=0.01 sys=0.00, real=0.00 secs] 
1932.394: [GC (Allocation Failure) [PSYoungGen: 70621K->1613K(71168K)] 429110K->360102K(627712K), 0.0015996 secs] [Times: user=0.01 sys=0.00, real=0.00 secs] 
1932.798: [GC (Allocation Failure) [PSYoungGen: 70733K->1517K(71168K)] 429222K->360006K(627712K), 0.0015706 secs] [Times: user=0.01 sys=0.00, real=0.01 secs] 
1933.263: [GC (Allocation Failure) [PSYoungGen: 70637K->1744K(71168K)] 429126K->360233K(627712K), 0.0019297 secs] [Times: user=0.01 sys=0.00, real=0.00 secs] 
1933.652: [GC (Allocation Failure) [PSYoungGen: 70864K->1344K(71168K)] 429353K->359833K(627712K), 0.0017977 secs] [Times: user=0.01 sys=0.00, real=0.00 secs] 
1933.962: [GC (Allocation Failure) [PSYoungGen: 70464K->1312K(71168K)] 428953K->359809K(627712K), 0.0024307 secs] [Times: user=0.01 sys=0.00, real=0.00 secs] 
1934.461: [GC (Allocation Failure) [PSYoungGen: 70432K->1344K(71168K)] 428929K->359841K(627712K), 0.0025035 secs] [Times: user=0.01 sys=0.00, real=0.00 secs] 
1935.062: [GC (Allocation Failure) [PSYoungGen: 70443K->1405K(71168K)] 428941K->359902K(627712K), 0.0023000 secs] [Times: user=0.01 sys=0.00, real=0.00 secs] 
1935.510: [GC (Allocation Failure) [PSYoungGen: 70520K->1581K(71168K)] 429018K->360078K(627712K), 0.0016354 secs] [Times: user=0.00 sys=0.00, real=0.00 secs] 
1935.915: [GC (Allocation Failure) [PSYoungGen: 70701K->1501K(71168K)] 429198K->360014K(627712K), 0.0016526 secs] [Times: user=0.01 sys=0.00, real=0.00 secs] 
1936.318: [GC (Allocation Failure) [PSYoungGen: 70621K->1517K(71168K)] 429134K->360030K(627712K), 0.0017480 secs] [Times: user=0.00 sys=0.00, real=0.01 secs] 
1936.862: [GC (Allocation Failure) [PSYoungGen: 70637K->1424K(71168K)] 429150K->359937K(627712K), 0.0018351 secs] [Times: user=0.01 sys=0.00, real=0.00 secs] 
1937.458: [GC (Allocation Failure) [PSYoungGen: 70544K->1376K(71168K)] 429057K->359905K(627712K), 0.0019032 secs] [Times: user=0.01 sys=0.00, real=0.01 secs] 
1938.123: [GC (Allocation Failure) [PSYoungGen: 70496K->1344K(71168K)] 429025K->359873K(627712K), 0.0021112 secs] [Times: user=0.00 sys=0.00, real=0.00 secs] 
1938.603: [GC (Allocation Failure) [PSYoungGen: 70464K->1344K(71168K)] 428993K->359873K(627712K), 0.0020196 secs] [Times: user=0.01 sys=0.00, real=0.00 secs] 
1938.974: [GC (Allocation Failure) [PSYoungGen: 70464K->1472K(71168K)] 428993K->360001K(627712K), 0.0016240 secs] [Times: user=0.00 sys=0.00, real=0.00 secs] 
1939.378: [GC (Allocation Failure) [PSYoungGen: 70592K->1488K(71168K)] 429121K->360017K(627712K), 0.0016082 secs] [Times: user=0.01 sys=0.00, real=0.01 secs] 
1939.781: [GC (Allocation Failure) [PSYoungGen: 70608K->1501K(71168K)] 429137K->360030K(627712K), 0.0016416 secs] [Times: user=0.01 sys=0.00, real=0.00 secs] 
1940.246: [GC (Allocation Failure) [PSYoungGen: 70621K->1517K(71168K)] 429150K->360054K(627712K), 0.0018347 secs] [Times: user=0.01 sys=0.00, real=0.00 secs] 
1940.985: [GC (Allocation Failure) [PSYoungGen: 70637K->1408K(71168K)] 429174K->359945K(627712K), 0.0021635 secs] [Times: user=0.00 sys=0.00, real=0.00 secs] 
1942.006: [GC (Allocation Failure) [PSYoungGen: 70528K->1344K(71168K)] 429065K->359881K(627712K), 0.0028078 secs] [Times: user=0.01 sys=0.00, real=0.00 secs] 
1943.154: [GC (Allocation Failure) [PSYoungGen: 70464K->1344K(71168K)] 429001K->359881K(627712K), 0.0029161 secs] [Times: user=0.01 sys=0.00, real=0.00 secs] 
1944.047: [GC (Allocation Failure) [PSYoungGen: 70464K->1344K(71168K)] 429001K->359881K(627712K), 0.0029053 secs] [Times: user=0.01 sys=0.00, real=0.01 secs] 
1944.746: [GC (Allocation Failure) [PSYoungGen: 70460K->1517K(71168K)] 428997K->360054K(627712K), 0.0016984 secs] [Times: user=0.01 sys=0.00, real=0.00 secs] 
1945.211: [GC (Allocation Failure) [PSYoungGen: 70637K->1520K(71168K)] 429174K->360057K(627712K), 0.0016716 secs] [Times: user=0.01 sys=0.00, real=0.00 secs] 
1945.612: [GC (Allocation Failure) [PSYoungGen: 70640K->1584K(71168K)] 429177K->360121K(627712K), 0.0016784 secs] [Times: user=0.01 sys=0.00, real=0.00 secs] 
1946.092: [GC (Allocation Failure) [PSYoungGen: 70704K->1456K(71168K)] 429241K->359993K(627712K), 0.0023616 secs] [Times: user=0.01 sys=0.00, real=0.00 secs] 
1946.573: [GC (Allocation Failure) [PSYoungGen: 70576K->1408K(71168K)] 429113K->359945K(627712K), 0.0019906 secs] [Times: user=0.01 sys=0.00, real=0.00 secs] 
1947.148: [GC (Allocation Failure) [PSYoungGen: 70528K->1328K(71168K)] 429065K->359865K(627712K), 0.0021648 secs] [Times: user=0.01 sys=0.00, real=0.01 secs] 
1947.789: [GC (Allocation Failure) [PSYoungGen: 70448K->1344K(71168K)] 428985K->359881K(627712K), 0.0022473 secs] [Times: user=0.01 sys=0.00, real=0.00 secs] 
1948.387: [GC (Allocation Failure) [PSYoungGen: 70464K->1469K(71168K)] 429001K->360006K(627712K), 0.0014863 secs] [Times: user=0.01 sys=0.00, real=0.00 secs] 
1948.798: [GC (Allocation Failure) [PSYoungGen: 70589K->1517K(71168K)] 429126K->360054K(627712K), 0.0016263 secs] [Times: user=0.01 sys=0.00, real=0.01 secs] 
1949.202: [GC (Allocation Failure) [PSYoungGen: 70637K->1517K(71168K)] 429174K->360054K(627712K), 0.0016256 secs] [Times: user=0.01 sys=0.00, real=0.00 secs] 
1949.665: [GC (Allocation Failure) [PSYoungGen: 70637K->1552K(71168K)] 429174K->360105K(627712K), 0.0016818 secs] [Times: user=0.00 sys=0.00, real=0.00 secs] 
1950.010: [GC (Allocation Failure) [PSYoungGen: 70672K->1424K(71168K)] 429225K->359977K(627712K), 0.0021843 secs] [Times: user=0.01 sys=0.00, real=0.00 secs] 
1950.516: [GC (Allocation Failure) [PSYoungGen: 70544K->1328K(71168K)] 429097K->359881K(627712K), 0.0019899 secs] [Times: user=0.00 sys=0.00, real=0.00 secs] 
1951.064: [GC (Allocation Failure) [PSYoungGen: 70448K->1344K(71168K)] 429001K->359897K(627712K), 0.0020222 secs] [Times: user=0.01 sys=0.00, real=0.00 secs] 
1951.869: [GC (Allocation Failure) [PSYoungGen: 70464K->1344K(71168K)] 429017K->359897K(627712K), 0.0031947 secs] [Times: user=0.01 sys=0.00, real=0.00 secs] 
1952.512: [GC (Allocation Failure) [PSYoungGen: 70464K->1501K(71168K)] 429017K->360054K(627712K), 0.0015815 secs] [Times: user=0.00 sys=0.00, real=0.00 secs] 
1952.916: [GC (Allocation Failure) [PSYoungGen: 70621K->1549K(71168K)] 429174K->360102K(627712K), 0.0016561 secs] [Times: user=0.01 sys=0.00, real=0.00 secs] 
1953.320: [GC (Allocation Failure) [PSYoungGen: 70669K->1581K(71168K)] 429222K->360134K(627712K), 0.0016671 secs] [Times: user=0.01 sys=0.00, real=0.00 secs] 
1953.796: [GC (Allocation Failure) [PSYoungGen: 70701K->1760K(71168K)] 429254K->360313K(627712K), 0.0020038 secs] [Times: user=0.00 sys=0.00, real=0.00 secs] 
1954.545: [GC (Allocation Failure) [PSYoungGen: 70880K->1376K(71168K)] 429433K->359929K(627712K), 0.0021731 secs] [Times: user=0.00 sys=0.00, real=0.00 secs] 
1955.156: [GC (Allocation Failure) [PSYoungGen: 70496K->1360K(71168K)] 429049K->359913K(627712K), 0.0022545 secs] [Times: user=0.01 sys=0.00, real=0.00 secs] 
1955.760: [GC (Allocation Failure) [PSYoungGen: 70480K->1376K(71168K)] 429033K->359929K(627712K), 0.0021360 secs] [Times: user=0.00 sys=0.00, real=0.00 secs] 
1956.407: [GC (Allocation Failure) [PSYoungGen: 70328K->240K(71168K)] 428882K->358793K(627712K), 0.0023354 secs] [Times: user=0.01 sys=0.00, real=0.01 secs] 
1956.945: [GC (Allocation Failure) [PSYoungGen: 69360K->1533K(71168K)] 427913K->360086K(627712K), 0.0017534 secs] [Times: user=0.01 sys=0.00, real=0.00 secs] 
1957.346: [GC (Allocation Failure) [PSYoungGen: 70653K->1533K(71168K)] 429206K->360086K(627712K), 0.0016900 secs] [Times: user=0.01 sys=0.00, real=0.00 secs] 
1957.750: [GC (Allocation Failure) [PSYoungGen: 70653K->1517K(71168K)] 429206K->360070K(627712K), 0.0016415 secs] [Times: user=0.01 sys=0.00, real=0.00 secs] 
1958.561: [GC (Allocation Failure) [PSYoungGen: 70637K->1456K(71168K)] 429190K->360009K(627712K), 0.0038293 secs] [Times: user=0.01 sys=0.00, real=0.00 secs] 
1959.539: [GC (Allocation Failure) [PSYoungGen: 70576K->1344K(71168K)] 429129K->359905K(627712K), 0.0027361 secs] [Times: user=0.01 sys=0.00, real=0.00 secs] 
1960.339: [GC (Allocation Failure) [PSYoungGen: 70464K->1376K(71168K)] 429025K->359937K(627712K), 0.0027989 secs] [Times: user=0.01 sys=0.00, real=0.00 secs] 
1961.356: [GC (Allocation Failure) [PSYoungGen: 70496K->1344K(71168K)] 429057K->359905K(627712K), 0.0034660 secs] [Times: user=0.02 sys=0.00, real=0.01 secs] 
1962.044: [GC (Allocation Failure) [PSYoungGen: 70464K->1469K(71168K)] 429025K->360030K(627712K), 0.0016105 secs] [Times: user=0.00 sys=0.00, real=0.00 secs] 
1962.445: [GC (Allocation Failure) [PSYoungGen: 70589K->1517K(71168K)] 429150K->360078K(627712K), 0.0016426 secs] [Times: user=0.00 sys=0.01, real=0.00 secs] 
1962.849: [GC (Allocation Failure) [PSYoungGen: 70637K->1549K(71168K)] 429198K->360110K(627712K), 0.0016792 secs] [Times: user=0.01 sys=0.00, real=0.01 secs] 
1963.315: [GC (Allocation Failure) [PSYoungGen: 70669K->1549K(71168K)] 429230K->360126K(627712K), 0.0016739 secs] [Times: user=0.01 sys=0.00, real=0.00 secs] 
1963.681: [GC (Allocation Failure) [PSYoungGen: 70669K->1392K(71168K)] 429246K->359969K(627712K), 0.0020967 secs] [Times: user=0.01 sys=0.00, real=0.00 secs] 
1964.105: [GC (Allocation Failure) [PSYoungGen: 70512K->1376K(71168K)] 429089K->359953K(627712K), 0.0019055 secs] [Times: user=0.00 sys=0.00, real=0.00 secs] 
1964.699: [GC (Allocation Failure) [PSYoungGen: 70496K->1344K(71168K)] 429073K->359921K(627712K), 0.0021455 secs] [Times: user=0.01 sys=0.00, real=0.00 secs] 
1965.283: [GC (Allocation Failure) [PSYoungGen: 70464K->1312K(71168K)] 429041K->359889K(627712K), 0.0022452 secs] [Times: user=0.01 sys=0.00, real=0.00 secs] 
1965.902: [GC (Allocation Failure) [PSYoungGen: 70423K->1501K(71168K)] 429001K->360078K(627712K), 0.0018023 secs] [Times: user=0.00 sys=0.00, real=0.00 secs] 
1966.303: [GC (Allocation Failure) [PSYoungGen: 70621K->1533K(71168K)] 429198K->360110K(627712K), 0.0017268 secs] [Times: user=0.01 sys=0.00, real=0.00 secs] 
1966.704: [GC (Allocation Failure) [PSYoungGen: 70653K->1552K(71168K)] 429230K->360129K(627712K), 0.0016279 secs] [Times: user=0.01 sys=0.00, real=0.00 secs] 
1967.316: [GC (Allocation Failure) [PSYoungGen: 70672K->1456K(71168K)] 429249K->360033K(627712K), 0.0028053 secs] [Times: user=0.00 sys=0.01, real=0.00 secs] 
1968.001: [GC (Allocation Failure) [PSYoungGen: 70576K->1344K(71168K)] 429153K->359921K(627712K), 0.0024690 secs] [Times: user=0.01 sys=0.00, real=0.00 secs] 
1968.762: [GC (Allocation Failure) [PSYoungGen: 70464K->1328K(71168K)] 429041K->359921K(627712K), 0.0023065 secs] [Times: user=0.01 sys=0.00, real=0.00 secs] 
1969.342: [GC (Allocation Failure) [PSYoungGen: 70448K->1344K(71168K)] 429041K->359937K(627712K), 0.0026262 secs] [Times: user=0.01 sys=0.00, real=0.00 secs] 
1969.951: [GC (Allocation Failure) [PSYoungGen: 70464K->1405K(71168K)] 429057K->359998K(627712K), 0.0017899 secs] [Times: user=0.00 sys=0.00, real=0.00 secs] 
1970.363: [GC (Allocation Failure) [PSYoungGen: 70525K->1533K(71168K)] 429118K->360126K(627712K), 0.0016894 secs] [Times: user=0.01 sys=0.00, real=0.00 secs] 
1970.767: [GC (Allocation Failure) [PSYoungGen: 70653K->1520K(71168K)] 429246K->360113K(627712K), 0.0018199 secs] [Times: user=0.00 sys=0.00, real=0.00 secs] 
1971.228: [GC (Allocation Failure) [PSYoungGen: 70640K->1533K(71168K)] 429233K->360126K(627712K), 0.0017774 secs] [Times: user=0.01 sys=0.00, real=0.01 secs] 
1971.671: [GC (Allocation Failure) [PSYoungGen: 70653K->1392K(71168K)] 429246K->359985K(627712K), 0.0022122 secs] [Times: user=0.01 sys=0.00, real=0.00 secs] 
1972.046: [GC (Allocation Failure) [PSYoungGen: 70512K->1344K(71168K)] 429105K->359937K(627712K), 0.0019386 secs] [Times: user=0.00 sys=0.00, real=0.00 secs] 
1972.346: [GC (Allocation Failure) [PSYoungGen: 70464K->1344K(71168K)] 429057K->359937K(627712K), 0.0020730 secs] [Times: user=0.01 sys=0.00, real=0.00 secs] 
1972.690: [GC (Allocation Failure) [PSYoungGen: 70464K->1408K(71168K)] 429057K->360001K(627712K), 0.0019166 secs] [Times: user=0.01 sys=0.00, real=0.00 secs] 
1973.124: [GC (Allocation Failure) [PSYoungGen: 70528K->1501K(71168K)] 429121K->360094K(627712K), 0.0017673 secs] [Times: user=0.01 sys=0.00, real=0.00 secs] 
1973.589: [GC (Allocation Failure) [PSYoungGen: 70621K->1565K(71168K)] 429214K->360158K(627712K), 0.0017818 secs] [Times: user=0.01 sys=0.00, real=0.01 secs] 
1973.994: [GC (Allocation Failure) [PSYoungGen: 70685K->1517K(71168K)] 429278K->360110K(627712K), 0.0016447 secs] [Times: user=0.00 sys=0.00, real=0.00 secs] 
1974.457: [GC (Allocation Failure) [PSYoungGen: 70637K->1776K(71168K)] 429230K->360369K(627712K), 0.0020584 secs] [Times: user=0.01 sys=0.00, real=0.01 secs] 
1974.797: [GC (Allocation Failure) [PSYoungGen: 70896K->1344K(71168K)] 429489K->359937K(627712K), 0.0021909 secs] [Times: user=0.01 sys=0.00, real=0.01 secs] 
1975.085: [GC (Allocation Failure) [PSYoungGen: 70464K->1312K(71168K)] 429057K->359905K(627712K), 0.0020239 secs] [Times: user=0.00 sys=0.00, real=0.00 secs] 
1975.372: [GC (Allocation Failure) [PSYoungGen: 70432K->1360K(71168K)] 429025K->359953K(627712K), 0.0020042 secs] [Times: user=0.01 sys=0.00, real=0.00 secs] 
1975.677: [GC (Allocation Failure) [PSYoungGen: 70311K->240K(71168K)] 428905K->358833K(627712K), 0.0020428 secs] [Times: user=0.01 sys=0.00, real=0.01 secs] 
1976.090: [GC (Allocation Failure) [PSYoungGen: 69360K->1485K(71168K)] 427953K->360102K(627712K), 0.0016059 secs] [Times: user=0.01 sys=0.00, real=0.00 secs] 
1976.551: [GC (Allocation Failure) [PSYoungGen: 70605K->1533K(71168K)] 429222K->360150K(627712K), 0.0018416 secs] [Times: user=0.01 sys=0.00, real=0.00 secs] 
1977.013: [GC (Allocation Failure) [PSYoungGen: 70653K->1517K(71168K)] 429270K->360134K(627712K), 0.0016420 secs] [Times: user=0.01 sys=0.00, real=0.00 secs] 
1977.581: [GC (Allocation Failure) [PSYoungGen: 70637K->1456K(71168K)] 429254K->360073K(627712K), 0.0026267 secs] [Times: user=0.01 sys=0.00, real=0.00 secs] 
1978.184: [GC (Allocation Failure) [PSYoungGen: 70576K->1392K(71168K)] 429193K->360009K(627712K), 0.0024499 secs] [Times: user=0.01 sys=0.00, real=0.00 secs] 
1978.915: [GC (Allocation Failure) [PSYoungGen: 70512K->1344K(71168K)] 429129K->359961K(627712K), 0.0023306 secs] [Times: user=0.00 sys=0.00, real=0.00 secs] 
1979.558: [GC (Allocation Failure) [PSYoungGen: 70464K->1344K(71168K)] 429081K->359961K(627712K), 0.0022450 secs] [Times: user=0.01 sys=0.00, real=0.01 secs] 
1980.172: [GC (Allocation Failure) [PSYoungGen: 70464K->1469K(71168K)] 429081K->360094K(627712K), 0.0015350 secs] [Times: user=0.01 sys=0.00, real=0.00 secs] 
1980.638: [GC (Allocation Failure) [PSYoungGen: 70589K->1549K(71168K)] 429214K->360174K(627712K), 0.0016830 secs] [Times: user=0.01 sys=0.00, real=0.01 secs] 
1981.102: [GC (Allocation Failure) [PSYoungGen: 70669K->1533K(71168K)] 429294K->360158K(627712K), 0.0017187 secs] [Times: user=0.01 sys=0.00, real=0.00 secs] 
1981.504: [GC (Allocation Failure) [PSYoungGen: 70653K->1549K(71168K)] 429278K->360182K(627712K), 0.0016911 secs] [Times: user=0.01 sys=0.00, real=0.00 secs] 
1982.118: [GC (Allocation Failure) [PSYoungGen: 70669K->1424K(71168K)] 429302K->360057K(627712K), 0.0034005 secs] [Times: user=0.02 sys=0.00, real=0.01 secs] 
1982.779: [GC (Allocation Failure) [PSYoungGen: 70544K->1376K(71168K)] 429177K->360009K(627712K), 0.0023482 secs] [Times: user=0.01 sys=0.00, real=0.00 secs] 
1983.283: [GC (Allocation Failure) [PSYoungGen: 70496K->1376K(71168K)] 429129K->360009K(627712K), 0.0025940 secs] [Times: user=0.01 sys=0.00, real=0.00 secs] 
1983.773: [GC (Allocation Failure) [PSYoungGen: 70496K->1328K(71168K)] 429129K->359961K(627712K), 0.0025379 secs] [Times: user=0.01 sys=0.00, real=0.00 secs] 
1984.267: [GC (Allocation Failure) [PSYoungGen: 70439K->1501K(71168K)] 429073K->360134K(627712K), 0.0016467 secs] [Times: user=0.01 sys=0.00, real=0.00 secs] 
1984.670: [GC (Allocation Failure) [PSYoungGen: 70621K->1533K(71168K)] 429254K->360166K(627712K), 0.0015338 secs] [Times: user=0.01 sys=0.00, real=0.00 secs] 
1985.132: [GC (Allocation Failure) [PSYoungGen: 70653K->1549K(71168K)] 429286K->360182K(627712K), 0.0016423 secs] [Times: user=0.01 sys=0.00, real=0.00 secs] 
1985.689: [GC (Allocation Failure) [PSYoungGen: 70669K->1472K(71168K)] 429302K->360113K(627712K), 0.0022962 secs] [Times: user=0.01 sys=0.00, real=0.00 secs] 
1986.689: [GC (Allocation Failure) [PSYoungGen: 70592K->1376K(71168K)] 429233K->360017K(627712K), 0.0034914 secs] [Times: user=0.01 sys=0.00, real=0.00 secs] 
1987.542: [GC (Allocation Failure) [PSYoungGen: 70496K->1312K(71168K)] 429137K->359953K(627712K), 0.0030996 secs] [Times: user=0.02 sys=0.00, real=0.00 secs] 
1988.255: [GC (Allocation Failure) [PSYoungGen: 70432K->1376K(71168K)] 429073K->360017K(627712K), 0.0025592 secs] [Times: user=0.01 sys=0.00, real=0.00 secs] 
1988.886: [GC (Allocation Failure) [PSYoungGen: 70496K->1469K(71168K)] 429137K->360142K(627712K), 0.0018700 secs] [Times: user=0.01 sys=0.00, real=0.00 secs] 
1989.299: [GC (Allocation Failure) [PSYoungGen: 70589K->1517K(71168K)] 429262K->360190K(627712K), 0.0016786 secs] [Times: user=0.01 sys=0.00, real=0.00 secs] 
1989.772: [GC (Allocation Failure) [PSYoungGen: 70637K->1485K(71168K)] 429310K->360158K(627712K), 0.0016304 secs] [Times: user=0.00 sys=0.01, real=0.00 secs] 
1990.174: [GC (Allocation Failure) [PSYoungGen: 70605K->1552K(71168K)] 429278K->360225K(627712K), 0.0016188 secs] [Times: user=0.01 sys=0.00, real=0.00 secs] 
1990.646: [GC (Allocation Failure) [PSYoungGen: 70672K->1392K(71168K)] 429345K->360065K(627712K), 0.0025859 secs] [Times: user=0.01 sys=0.00, real=0.01 secs] 
1990.957: [GC (Allocation Failure) [PSYoungGen: 70512K->1312K(71168K)] 429185K->359985K(627712K), 0.0020843 secs] [Times: user=0.01 sys=0.00, real=0.00 secs] 
1991.244: [GC (Allocation Failure) [PSYoungGen: 70432K->1376K(71168K)] 429105K->360049K(627712K), 0.0018930 secs] [Times: user=0.01 sys=0.00, real=0.00 secs] 
1991.531: [GC (Allocation Failure) [PSYoungGen: 70496K->1344K(71168K)] 429169K->360017K(627712K), 0.0018770 secs] [Times: user=0.01 sys=0.00, real=0.00 secs] 
1991.916: [GC (Allocation Failure) [PSYoungGen: 70434K->1504K(71168K)] 429108K->360177K(627712K), 0.0016763 secs] [Times: user=0.01 sys=0.00, real=0.00 secs] 
1992.319: [GC (Allocation Failure) [PSYoungGen: 70624K->1549K(71168K)] 429297K->360222K(627712K), 0.0016129 secs] [Times: user=0.01 sys=0.00, real=0.01 secs] 
1992.721: [GC (Allocation Failure) [PSYoungGen: 70669K->1517K(71168K)] 429342K->360190K(627712K), 0.0016418 secs] [Times: user=0.01 sys=0.00, real=0.00 secs] 
1993.148: [GC (Allocation Failure) [PSYoungGen: 70637K->1728K(71168K)] 429310K->360401K(627712K), 0.0018924 secs] [Times: user=0.01 sys=0.00, real=0.01 secs] 
1993.724: [GC (Allocation Failure) [PSYoungGen: 70848K->1328K(71168K)] 429521K->360001K(627712K), 0.0021751 secs] [Times: user=0.01 sys=0.00, real=0.00 secs] 
1994.329: [GC (Allocation Failure) [PSYoungGen: 70448K->1376K(71168K)] 429121K->360049K(627712K), 0.0030842 secs] [Times: user=0.01 sys=0.00, real=0.00 secs] 
1995.008: [GC (Allocation Failure) [PSYoungGen: 70496K->1344K(71168K)] 429169K->360017K(627712K), 0.0024764 secs] [Times: user=0.01 sys=0.00, real=0.01 secs] 
1995.625: [GC (Allocation Failure) [PSYoungGen: 70285K->272K(71168K)] 428959K->358945K(627712K), 0.0021717 secs] [Times: user=0.01 sys=0.00, real=0.00 secs] 
1996.075: [GC (Allocation Failure) [PSYoungGen: 69392K->1517K(71168K)] 428065K->360190K(627712K), 0.0017206 secs] [Times: user=0.01 sys=0.00, real=0.00 secs] 
1996.476: [GC (Allocation Failure) [PSYoungGen: 70637K->1581K(71168K)] 429310K->360254K(627712K), 0.0015930 secs] [Times: user=0.01 sys=0.00, real=0.00 secs] 
1996.939: [GC (Allocation Failure) [PSYoungGen: 70701K->1552K(71168K)] 429374K->360249K(627712K), 0.0016401 secs] [Times: user=0.00 sys=0.00, real=0.00 secs] 
1997.311: [GC (Allocation Failure) [PSYoungGen: 70672K->1440K(71168K)] 429369K->360137K(627712K), 0.0022642 secs] [Times: user=0.01 sys=0.00, real=0.00 secs] 
1997.600: [GC (Allocation Failure) [PSYoungGen: 70560K->1344K(71168K)] 429257K->360041K(627712K), 0.0020010 secs] [Times: user=0.01 sys=0.00, real=0.00 secs] 
1997.888: [GC (Allocation Failure) [PSYoungGen: 70464K->1312K(71168K)] 429161K->360009K(627712K), 0.0019569 secs] [Times: user=0.01 sys=0.00, real=0.01 secs] 
1998.368: [GC (Allocation Failure) [PSYoungGen: 70432K->1344K(71168K)] 429129K->360041K(627712K), 0.0018762 secs] [Times: user=0.01 sys=0.00, real=0.01 secs] 
1998.905: [GC (Allocation Failure) [PSYoungGen: 70464K->1469K(71168K)] 429161K->360166K(627712K), 0.0015989 secs] [Times: user=0.00 sys=0.00, real=0.00 secs] 
1999.366: [GC (Allocation Failure) [PSYoungGen: 70589K->1533K(71168K)] 429286K->360230K(627712K), 0.0017801 secs] [Times: user=0.01 sys=0.00, real=0.00 secs] 
1999.768: [GC (Allocation Failure) [PSYoungGen: 70653K->1517K(71168K)] 429350K->360214K(627712K), 0.0016611 secs] [Times: user=0.01 sys=0.00, real=0.01 secs] 
2000.197: [GC (Allocation Failure) [PSYoungGen: 70637K->1517K(71168K)] 429334K->360222K(627712K), 0.0016494 secs] [Times: user=0.01 sys=0.00, real=0.01 secs] 
2000.586: [GC (Allocation Failure) [PSYoungGen: 70637K->1360K(71168K)] 429342K->360065K(627712K), 0.0017642 secs] [Times: user=0.01 sys=0.00, real=0.00 secs] 
2001.116: [GC (Allocation Failure) [PSYoungGen: 70480K->1312K(71168K)] 429185K->360017K(627712K), 0.0015959 secs] [Times: user=0.00 sys=0.00, real=0.00 secs] 
2001.862: [GC (Allocation Failure) [PSYoungGen: 70432K->1376K(71168K)] 429137K->360081K(627712K), 0.0018810 secs] [Times: user=0.01 sys=0.00, real=0.00 secs] 
2002.634: [GC (Allocation Failure) [PSYoungGen: 70496K->1376K(71168K)] 429201K->360081K(627712K), 0.0018946 secs] [Times: user=0.01 sys=0.00, real=0.00 secs] 
2003.149: [GC (Allocation Failure) [PSYoungGen: 70493K->1485K(71168K)] 429199K->360190K(627712K), 0.0016362 secs] [Times: user=0.01 sys=0.00, real=0.00 secs] 
2003.555: [GC (Allocation Failure) [PSYoungGen: 70605K->1533K(71168K)] 429310K->360238K(627712K), 0.0016243 secs] [Times: user=0.00 sys=0.00, real=0.00 secs] 
2003.957: [GC (Allocation Failure) [PSYoungGen: 70653K->1613K(71168K)] 429358K->360318K(627712K), 0.0017670 secs] [Times: user=0.00 sys=0.00, real=0.01 secs] 
2004.367: [GC (Allocation Failure) [PSYoungGen: 70733K->1504K(71168K)] 429438K->360209K(627712K), 0.0015590 secs] [Times: user=0.01 sys=0.01, real=0.00 secs] 
2004.718: [GC (Allocation Failure) [PSYoungGen: 70624K->1344K(71168K)] 429329K->360049K(627712K), 0.0018053 secs] [Times: user=0.01 sys=0.00, real=0.01 secs] 
2005.006: [GC (Allocation Failure) [PSYoungGen: 70464K->1328K(71168K)] 429169K->360033K(627712K), 0.0017955 secs] [Times: user=0.01 sys=0.00, real=0.00 secs] 
2005.461: [GC (Allocation Failure) [PSYoungGen: 70448K->1344K(71168K)] 429153K->360049K(627712K), 0.0018444 secs] [Times: user=0.01 sys=0.00, real=0.00 secs] 
2006.161: [GC (Allocation Failure) [PSYoungGen: 70464K->1437K(71168K)] 429169K->360142K(627712K), 0.0017047 secs] [Times: user=0.01 sys=0.00, real=0.00 secs] 
2006.561: [GC (Allocation Failure) [PSYoungGen: 70557K->1533K(71168K)] 429262K->360238K(627712K), 0.0016052 secs] [Times: user=0.01 sys=0.00, real=0.00 secs] 
2006.962: [GC (Allocation Failure) [PSYoungGen: 70653K->1485K(71168K)] 429358K->360190K(627712K), 0.0015942 secs] [Times: user=0.01 sys=0.00, real=0.00 secs] 
2007.427: [GC (Allocation Failure) [PSYoungGen: 70605K->1533K(71168K)] 429310K->360270K(627712K), 0.0017430 secs] [Times: user=0.00 sys=0.00, real=0.00 secs] 
2007.815: [GC (Allocation Failure) [PSYoungGen: 70653K->1360K(71168K)] 429390K->360097K(627712K), 0.0020722 secs] [Times: user=0.00 sys=0.00, real=0.00 secs] 
2008.102: [GC (Allocation Failure) [PSYoungGen: 70480K->1328K(71168K)] 429217K->360065K(627712K), 0.0020118 secs] [Times: user=0.00 sys=0.00, real=0.00 secs] 
2008.413: [GC (Allocation Failure) [PSYoungGen: 70448K->1344K(71168K)] 429185K->360081K(627712K), 0.0018892 secs] [Times: user=0.01 sys=0.00, real=0.00 secs] 
2008.729: [GC (Allocation Failure) [PSYoungGen: 70464K->1344K(71168K)] 429201K->360081K(627712K), 0.0018990 secs] [Times: user=0.01 sys=0.00, real=0.00 secs] 
2009.319: [GC (Allocation Failure) [PSYoungGen: 70464K->1469K(71168K)] 429201K->360206K(627712K), 0.0016106 secs] [Times: user=0.01 sys=0.00, real=0.00 secs] 
2009.720: [GC (Allocation Failure) [PSYoungGen: 70589K->1533K(71168K)] 429326K->360270K(627712K), 0.0018185 secs] [Times: user=0.01 sys=0.01, real=0.00 secs] 
2010.125: [GC (Allocation Failure) [PSYoungGen: 70653K->1549K(71168K)] 429390K->360286K(627712K), 0.0013561 secs] [Times: user=0.00 sys=0.00, real=0.00 secs] 
2010.600: [GC (Allocation Failure) [PSYoungGen: 70669K->1888K(71168K)] 429406K->360625K(627712K), 0.0020357 secs] [Times: user=0.01 sys=0.00, real=0.00 secs] 
2011.765: [GC (Allocation Failure) [PSYoungGen: 71008K->1344K(71168K)] 429745K->360081K(627712K), 0.0035861 secs] [Times: user=0.01 sys=0.00, real=0.00 secs] 
2012.789: [GC (Allocation Failure) [PSYoungGen: 70464K->1376K(71168K)] 429201K->360113K(627712K), 0.0032138 secs] [Times: user=0.01 sys=0.00, real=0.01 secs] 
2013.562: [GC (Allocation Failure) [PSYoungGen: 70496K->1408K(71168K)] 429233K->360145K(627712K), 0.0034849 secs] [Times: user=0.01 sys=0.00, real=0.00 secs] 
2014.088: [GC (Allocation Failure) [PSYoungGen: 70528K->1344K(71168K)] 429265K->360081K(627712K), 0.0023966 secs] [Times: user=0.01 sys=0.00, real=0.01 secs] 
2014.555: [GC (Allocation Failure) [PSYoungGen: 70464K->1533K(71168K)] 429201K->360270K(627712K), 0.0016152 secs] [Times: user=0.01 sys=0.00, real=0.00 secs] 
2014.957: [GC (Allocation Failure) [PSYoungGen: 70653K->1533K(71168K)] 429390K->360270K(627712K), 0.0015503 secs] [Times: user=0.00 sys=0.00, real=0.01 secs] 
2015.359: [GC (Allocation Failure) [PSYoungGen: 70653K->1533K(71168K)] 429390K->360270K(627712K), 0.0016503 secs] [Times: user=0.00 sys=0.01, real=0.01 secs] 
2015.867: [GC (Allocation Failure) [PSYoungGen: 70653K->1456K(71168K)] 429390K->360193K(627712K), 0.0019074 secs] [Times: user=0.00 sys=0.00, real=0.01 secs] 
2016.525: [GC (Allocation Failure) [PSYoungGen: 70576K->1360K(71168K)] 429313K->360097K(627712K), 0.0024312 secs] [Times: user=0.01 sys=0.00, real=0.00 secs] 
2017.200: [GC (Allocation Failure) [PSYoungGen: 70480K->1344K(71168K)] 429217K->360081K(627712K), 0.0026619 secs] [Times: user=0.01 sys=0.00, real=0.00 secs] 
2017.987: [GC (Allocation Failure) [PSYoungGen: 70464K->1344K(71168K)] 429201K->360081K(627712K), 0.0028275 secs] [Times: user=0.01 sys=0.00, real=0.01 secs] 
2018.754: [GC (Allocation Failure) [PSYoungGen: 70464K->1472K(71168K)] 429201K->360209K(627712K), 0.0015951 secs] [Times: user=0.01 sys=0.00, real=0.00 secs] 
2019.156: [GC (Allocation Failure) [PSYoungGen: 70592K->1549K(71168K)] 429329K->360286K(627712K), 0.0016049 secs] [Times: user=0.01 sys=0.00, real=0.00 secs] 
2019.558: [GC (Allocation Failure) [PSYoungGen: 70669K->1565K(71168K)] 429406K->360302K(627712K), 0.0016710 secs] [Times: user=0.01 sys=0.00, real=0.01 secs] 
2019.960: [GC (Allocation Failure) [PSYoungGen: 70685K->1533K(71168K)] 429422K->360294K(627712K), 0.0016390 secs] [Times: user=0.00 sys=0.00, real=0.00 secs] 
2020.384: [GC (Allocation Failure) [PSYoungGen: 70653K->1440K(71168K)] 429414K->360201K(627712K), 0.0016495 secs] [Times: user=0.01 sys=0.00, real=0.00 secs] 
2020.670: [GC (Allocation Failure) [PSYoungGen: 70560K->1376K(71168K)] 429321K->360137K(627712K), 0.0015260 secs] [Times: user=0.01 sys=0.00, real=0.00 secs] 
2020.957: [GC (Allocation Failure) [PSYoungGen: 70496K->1376K(71168K)] 429257K->360137K(627712K), 0.0019651 secs] [Times: user=0.01 sys=0.01, real=0.01 secs] 
2021.244: [GC (Allocation Failure) [PSYoungGen: 70496K->1328K(71168K)] 429257K->360089K(627712K), 0.0019530 secs] [Times: user=0.01 sys=0.00, real=0.00 secs] 
2021.693: [GC (Allocation Failure) [PSYoungGen: 70446K->1533K(71168K)] 429208K->360294K(627712K), 0.0016153 secs] [Times: user=0.01 sys=0.00, real=0.00 secs] 
2022.097: [GC (Allocation Failure) [PSYoungGen: 70653K->1517K(71168K)] 429414K->360278K(627712K), 0.0016367 secs] [Times: user=0.00 sys=0.00, real=0.01 secs] 
2022.499: [GC (Allocation Failure) [PSYoungGen: 70637K->1485K(71168K)] 429398K->360246K(627712K), 0.0017147 secs] [Times: user=0.01 sys=0.00, real=0.00 secs] 
2023.020: [GC (Allocation Failure) [PSYoungGen: 70605K->1408K(71168K)] 429366K->360185K(627712K), 0.0020359 secs] [Times: user=0.01 sys=0.00, real=0.00 secs] 
2023.755: [GC (Allocation Failure) [PSYoungGen: 70528K->1328K(71168K)] 429305K->360105K(627712K), 0.0022157 secs] [Times: user=0.01 sys=0.00, real=0.00 secs] 
2024.145: [GC (Allocation Failure) [PSYoungGen: 70448K->1344K(71168K)] 429225K->360121K(627712K), 0.0021608 secs] [Times: user=0.00 sys=0.00, real=0.00 secs] 
2024.439: [GC (Allocation Failure) [PSYoungGen: 70464K->1376K(71168K)] 429241K->360153K(627712K), 0.0018981 secs] [Times: user=0.01 sys=0.00, real=0.00 secs] 
2024.773: [GC (Allocation Failure) [PSYoungGen: 70494K->1405K(71168K)] 429271K->360182K(627712K), 0.0016170 secs] [Times: user=0.01 sys=0.00, real=0.00 secs] 
2025.176: [GC (Allocation Failure) [PSYoungGen: 70525K->1533K(71168K)] 429302K->360310K(627712K), 0.0016078 secs] [Times: user=0.01 sys=0.00, real=0.00 secs] 
2025.577: [GC (Allocation Failure) [PSYoungGen: 70653K->1533K(71168K)] 429430K->360310K(627712K), 0.0016075 secs] [Times: user=0.00 sys=0.00, real=0.00 secs] 
2025.984: [GC (Allocation Failure) [PSYoungGen: 70653K->1517K(71168K)] 429430K->360294K(627712K), 0.0016521 secs] [Times: user=0.01 sys=0.00, real=0.00 secs] 
2026.592: [GC (Allocation Failure) [PSYoungGen: 70637K->1424K(71168K)] 429414K->360217K(627712K), 0.0020628 secs] [Times: user=0.01 sys=0.00, real=0.00 secs] 
2027.051: [GC (Allocation Failure) [PSYoungGen: 70544K->1344K(71168K)] 429337K->360137K(627712K), 0.0025760 secs] [Times: user=0.01 sys=0.00, real=0.00 secs] 
2027.340: [GC (Allocation Failure) [PSYoungGen: 70464K->1344K(71168K)] 429257K->360137K(627712K), 0.0020119 secs] [Times: user=0.01 sys=0.00, real=0.00 secs] 
2027.626: [GC (Allocation Failure) [PSYoungGen: 70464K->1344K(71168K)] 429257K->360137K(627712K), 0.0020496 secs] [Times: user=0.01 sys=0.00, real=0.00 secs] 
2028.033: [GC (Allocation Failure) [PSYoungGen: 70455K->1437K(71168K)] 429249K->360230K(627712K), 0.0016873 secs] [Times: user=0.00 sys=0.00, real=0.00 secs] 
2028.439: [GC (Allocation Failure) [PSYoungGen: 70557K->1533K(71168K)] 429350K->360326K(627712K), 0.0017387 secs] [Times: user=0.01 sys=0.00, real=0.00 secs] 
2028.843: [GC (Allocation Failure) [PSYoungGen: 70653K->1520K(71168K)] 429446K->360313K(627712K), 0.0016348 secs] [Times: user=0.01 sys=0.00, real=0.00 secs] 
2029.263: [GC (Allocation Failure) [PSYoungGen: 70640K->1728K(71168K)] 429433K->360529K(627712K), 0.0018098 secs] [Times: user=0.01 sys=0.00, real=0.00 secs] 
2029.931: [GC (Allocation Failure) [PSYoungGen: 70848K->1344K(71168K)] 429649K->360145K(627712K), 0.0019983 secs] [Times: user=0.00 sys=0.00, real=0.00 secs] 
2030.422: [GC (Allocation Failure) [PSYoungGen: 70464K->1376K(71168K)] 429265K->360177K(627712K), 0.0019588 secs] [Times: user=0.01 sys=0.00, real=0.00 secs] 
2030.693: [GC (Allocation Failure) [PSYoungGen: 70496K->1376K(71168K)] 429297K->360177K(627712K), 0.0017748 secs] [Times: user=0.00 sys=0.00, real=0.00 secs] 
2031.007: [GC (Allocation Failure) [PSYoungGen: 70308K->256K(71168K)] 429109K->359057K(627712K), 0.0018948 secs] [Times: user=0.01 sys=0.00, real=0.00 secs] 
2031.409: [GC (Allocation Failure) [PSYoungGen: 69376K->1517K(71168K)] 428177K->360318K(627712K), 0.0018070 secs] [Times: user=0.00 sys=0.00, real=0.00 secs] 
2031.810: [GC (Allocation Failure) [PSYoungGen: 70637K->1517K(71168K)] 429438K->360318K(627712K), 0.0016039 secs] [Times: user=0.01 sys=0.00, real=0.00 secs] 
2032.213: [GC (Allocation Failure) [PSYoungGen: 70637K->1533K(71168K)] 429438K->360334K(627712K), 0.0016583 secs] [Times: user=0.01 sys=0.00, real=0.00 secs] 
2032.790: [GC (Allocation Failure) [PSYoungGen: 70653K->1472K(71168K)] 429454K->360281K(627712K), 0.0018566 secs] [Times: user=0.01 sys=0.00, real=0.00 secs] 
2033.437: [GC (Allocation Failure) [PSYoungGen: 70592K->1344K(71168K)] 429401K->360153K(627712K), 0.0026136 secs] [Times: user=0.01 sys=0.00, real=0.01 secs] 
2034.040: [GC (Allocation Failure) [PSYoungGen: 70464K->1328K(71168K)] 429273K->360137K(627712K), 0.0024178 secs] [Times: user=0.01 sys=0.00, real=0.00 secs] 
2034.407: [GC (Allocation Failure) [PSYoungGen: 70448K->1376K(71168K)] 429257K->360185K(627712K), 0.0020490 secs] [Times: user=0.00 sys=0.00, real=0.01 secs] 
2034.802: [GC (Allocation Failure) [PSYoungGen: 70496K->1469K(71168K)] 429305K->360278K(627712K), 0.0017297 secs] [Times: user=0.01 sys=0.00, real=0.00 secs] 
2035.203: [GC (Allocation Failure) [PSYoungGen: 70589K->1581K(71168K)] 429398K->360390K(627712K), 0.0016224 secs] [Times: user=0.01 sys=0.00, real=0.00 secs] 
2035.605: [GC (Allocation Failure) [PSYoungGen: 70701K->1517K(71168K)] 429510K->360326K(627712K), 0.0016478 secs] [Times: user=0.01 sys=0.00, real=0.00 secs] 
2036.008: [GC (Allocation Failure) [PSYoungGen: 70637K->1501K(71168K)] 429446K->360318K(627712K), 0.0016008 secs] [Times: user=0.01 sys=0.00, real=0.01 secs] 
2036.768: [GC (Allocation Failure) [PSYoungGen: 70621K->1392K(71168K)] 429438K->360209K(627712K), 0.0019381 secs] [Times: user=0.01 sys=0.00, real=0.01 secs] 
2037.581: [GC (Allocation Failure) [PSYoungGen: 70512K->1376K(71168K)] 429329K->360209K(627712K), 0.0021082 secs] [Times: user=0.00 sys=0.00, real=0.00 secs] 
2038.356: [GC (Allocation Failure) [PSYoungGen: 70496K->1328K(71168K)] 429329K->360161K(627712K), 0.0022082 secs] [Times: user=0.01 sys=0.00, real=0.00 secs] 
2038.905: [GC (Allocation Failure) [PSYoungGen: 70448K->1312K(71168K)] 429281K->360145K(627712K), 0.0021728 secs] [Times: user=0.01 sys=0.00, real=0.00 secs] 
2039.406: [GC (Allocation Failure) [PSYoungGen: 70432K->1501K(71168K)] 429265K->360334K(627712K), 0.0016111 secs] [Times: user=0.01 sys=0.00, real=0.00 secs] 
2039.806: [GC (Allocation Failure) [PSYoungGen: 70621K->1549K(71168K)] 429454K->360382K(627712K), 0.0017594 secs] [Times: user=0.01 sys=0.00, real=0.00 secs] 
2040.209: [GC (Allocation Failure) [PSYoungGen: 70669K->1549K(71168K)] 429502K->360382K(627712K), 0.0015916 secs] [Times: user=0.01 sys=0.00, real=0.00 secs] 
2040.638: [GC (Allocation Failure) [PSYoungGen: 70669K->1456K(71168K)] 429502K->360289K(627712K), 0.0019252 secs] [Times: user=0.00 sys=0.00, real=0.01 secs] 
2041.081: [GC (Allocation Failure) [PSYoungGen: 70576K->1376K(71168K)] 429409K->360209K(627712K), 0.0023062 secs] [Times: user=0.01 sys=0.01, real=0.00 secs] 
2041.617: [GC (Allocation Failure) [PSYoungGen: 70496K->1376K(71168K)] 429329K->360209K(627712K), 0.0028954 secs] [Times: user=0.01 sys=0.00, real=0.01 secs] 
2042.163: [GC (Allocation Failure) [PSYoungGen: 70496K->1376K(71168K)] 429329K->360209K(627712K), 0.0031411 secs] [Times: user=0.01 sys=0.00, real=0.00 secs] 
2042.849: [GC (Allocation Failure) [PSYoungGen: 70496K->1437K(71168K)] 429329K->360270K(627712K), 0.0020002 secs] [Times: user=0.00 sys=0.00, real=0.00 secs] 
2043.349: [GC (Allocation Failure) [PSYoungGen: 70557K->1565K(71168K)] 429390K->360398K(627712K), 0.0018522 secs] [Times: user=0.01 sys=0.00, real=0.00 secs] 
2043.753: [GC (Allocation Failure) [PSYoungGen: 70685K->1565K(71168K)] 429518K->360398K(627712K), 0.0017320 secs] [Times: user=0.01 sys=0.00, real=0.00 secs] 
2044.155: [GC (Allocation Failure) [PSYoungGen: 70685K->1533K(71168K)] 429518K->360366K(627712K), 0.0017283 secs] [Times: user=0.01 sys=0.00, real=0.00 secs] 
2044.570: [GC (Allocation Failure) [PSYoungGen: 70653K->1360K(71168K)] 429486K->360193K(627712K), 0.0029844 secs] [Times: user=0.01 sys=0.00, real=0.00 secs] 
2044.885: [GC (Allocation Failure) [PSYoungGen: 70480K->1312K(71168K)] 429313K->360145K(627712K), 0.0018919 secs] [Times: user=0.01 sys=0.00, real=0.00 secs] 
2045.172: [GC (Allocation Failure) [PSYoungGen: 70432K->1376K(71168K)] 429265K->360209K(627712K), 0.0018527 secs] [Times: user=0.01 sys=0.00, real=0.00 secs] 
2045.459: [GC (Allocation Failure) [PSYoungGen: 70496K->1344K(71168K)] 429329K->360177K(627712K), 0.0019339 secs] [Times: user=0.01 sys=0.00, real=0.00 secs] 
2045.847: [GC (Allocation Failure) [PSYoungGen: 70464K->1501K(71168K)] 429297K->360334K(627712K), 0.0015458 secs] [Times: user=0.00 sys=0.00, real=0.00 secs] 
2046.249: [GC (Allocation Failure) [PSYoungGen: 70603K->1533K(71168K)] 429436K->360366K(627712K), 0.0016369 secs] [Times: user=0.00 sys=0.00, real=0.01 secs] 
2046.653: [GC (Allocation Failure) [PSYoungGen: 70653K->1501K(71168K)] 429486K->360366K(627712K), 0.0015340 secs] [Times: user=0.01 sys=0.00, real=0.00 secs] 
2047.135: [GC (Allocation Failure) [PSYoungGen: 70621K->1728K(71168K)] 429486K->360593K(627712K), 0.0017587 secs] [Times: user=0.01 sys=0.00, real=0.00 secs] 
2047.706: [GC (Allocation Failure) [PSYoungGen: 70848K->1344K(71168K)] 429713K->360209K(627712K), 0.0021194 secs] [Times: user=0.01 sys=0.00, real=0.00 secs] 
2048.279: [GC (Allocation Failure) [PSYoungGen: 70464K->1312K(71168K)] 429329K->360177K(627712K), 0.0020874 secs] [Times: user=0.01 sys=0.00, real=0.00 secs] 
2048.857: [GC (Allocation Failure) [PSYoungGen: 70432K->1376K(71168K)] 429297K->360241K(627712K), 0.0019925 secs] [Times: user=0.00 sys=0.00, real=0.01 secs] 
2049.205: [GC (Allocation Failure) [PSYoungGen: 70380K->256K(71168K)] 429246K->359121K(627712K), 0.0020433 secs] [Times: user=0.01 sys=0.00, real=0.00 secs] 
2049.627: [GC (Allocation Failure) [PSYoungGen: 69376K->1520K(71168K)] 428241K->360385K(627712K), 0.0017507 secs] [Times: user=0.00 sys=0.00, real=0.01 secs] 
2050.031: [GC (Allocation Failure) [PSYoungGen: 70640K->1533K(71168K)] 429505K->360398K(627712K), 0.0015553 secs] [Times: user=0.01 sys=0.00, real=0.00 secs] 
2050.436: [GC (Allocation Failure) [PSYoungGen: 70653K->1552K(71168K)] 429518K->360417K(627712K), 0.0016352 secs] [Times: user=0.01 sys=0.00, real=0.00 secs] 
2051.249: [GC (Allocation Failure) [PSYoungGen: 70672K->1472K(71168K)] 429537K->360337K(627712K), 0.0025470 secs] [Times: user=0.01 sys=0.00, real=0.00 secs] 
2051.718: [GC (Allocation Failure) [PSYoungGen: 70592K->1328K(71168K)] 429457K->360193K(627712K), 0.0019620 secs] [Times: user=0.01 sys=0.00, real=0.01 secs] 
2052.005: [GC (Allocation Failure) [PSYoungGen: 70448K->1344K(71168K)] 429313K->360209K(627712K), 0.0020049 secs] [Times: user=0.01 sys=0.00, real=0.00 secs] 
2052.298: [GC (Allocation Failure) [PSYoungGen: 70464K->1376K(71168K)] 429329K->360241K(627712K), 0.0021048 secs] [Times: user=0.01 sys=0.00, real=0.01 secs] 
2052.769: [GC (Allocation Failure) [PSYoungGen: 70474K->1504K(71168K)] 429340K->360369K(627712K), 0.0016666 secs] [Times: user=0.01 sys=0.00, real=0.01 secs] 
2053.172: [GC (Allocation Failure) [PSYoungGen: 70624K->1517K(71168K)] 429489K->360382K(627712K), 0.0017263 secs] [Times: user=0.00 sys=0.00, real=0.00 secs] 
2053.579: [GC (Allocation Failure) [PSYoungGen: 70637K->1517K(71168K)] 429502K->360382K(627712K), 0.0016030 secs] [Times: user=0.01 sys=0.00, real=0.00 secs] 
2053.989: [GC (Allocation Failure) [PSYoungGen: 70637K->1533K(71168K)] 429502K->360406K(627712K), 0.0016617 secs] [Times: user=0.01 sys=0.00, real=0.00 secs] 
2054.325: [GC (Allocation Failure) [PSYoungGen: 70653K->1392K(71168K)] 429526K->360273K(627712K), 0.0017421 secs] [Times: user=0.01 sys=0.00, real=0.00 secs] 
2054.612: [GC (Allocation Failure) [PSYoungGen: 70512K->1312K(71168K)] 429393K->360193K(627712K), 0.0017084 secs] [Times: user=0.01 sys=0.00, real=0.00 secs] 
2054.900: [GC (Allocation Failure) [PSYoungGen: 70432K->1344K(71168K)] 429313K->360225K(627712K), 0.0015960 secs] [Times: user=0.01 sys=0.00, real=0.00 secs] 
2055.187: [GC (Allocation Failure) [PSYoungGen: 70464K->1344K(71168K)] 429345K->360241K(627712K), 0.0016961 secs] [Times: user=0.01 sys=0.00, real=0.00 secs] 
2055.681: [GC (Allocation Failure) [PSYoungGen: 70464K->1549K(71168K)] 429361K->360446K(627712K), 0.0016182 secs] [Times: user=0.01 sys=0.00, real=0.00 secs] 
2056.146: [GC (Allocation Failure) [PSYoungGen: 70669K->1520K(71168K)] 429566K->360417K(627712K), 0.0016745 secs] [Times: user=0.01 sys=0.00, real=0.00 secs] 
2056.607: [GC (Allocation Failure) [PSYoungGen: 70640K->1533K(71168K)] 429537K->360462K(627712K), 0.0017511 secs] [Times: user=0.01 sys=0.00, real=0.01 secs] 
2057.038: [GC (Allocation Failure) [PSYoungGen: 70653K->1440K(71168K)] 429582K->360369K(627712K), 0.0023556 secs] [Times: user=0.01 sys=0.00, real=0.01 secs] 
2057.384: [GC (Allocation Failure) [PSYoungGen: 70560K->1312K(71168K)] 429489K->360241K(627712K), 0.0020270 secs] [Times: user=0.01 sys=0.00, real=0.00 secs] 
2057.680: [GC (Allocation Failure) [PSYoungGen: 70432K->1312K(71168K)] 429361K->360241K(627712K), 0.0020259 secs] [Times: user=0.01 sys=0.00, real=0.00 secs] 
2057.976: [GC (Allocation Failure) [PSYoungGen: 70432K->1344K(71168K)] 429361K->360273K(627712K), 0.0019568 secs] [Times: user=0.00 sys=0.00, real=0.00 secs] 
2058.407: [GC (Allocation Failure) [PSYoungGen: 70464K->1424K(71168K)] 429393K->360353K(627712K), 0.0016117 secs] [Times: user=0.01 sys=0.00, real=0.00 secs] 
2058.811: [GC (Allocation Failure) [PSYoungGen: 70544K->1533K(71168K)] 429473K->360462K(627712K), 0.0016854 secs] [Times: user=0.00 sys=0.00, real=0.00 secs] 
2059.216: [GC (Allocation Failure) [PSYoungGen: 70653K->1520K(71168K)] 429582K->360449K(627712K), 0.0016792 secs] [Times: user=0.01 sys=0.00, real=0.00 secs] 
2059.618: [GC (Allocation Failure) [PSYoungGen: 70640K->1517K(71168K)] 429569K->360446K(627712K), 0.0016115 secs] [Times: user=0.01 sys=0.00, real=0.01 secs] 
2059.942: [GC (Allocation Failure) [PSYoungGen: 70637K->1392K(71168K)] 429566K->360321K(627712K), 0.0016136 secs] [Times: user=0.01 sys=0.00, real=0.00 secs] 
2060.228: [GC (Allocation Failure) [PSYoungGen: 70512K->1344K(71168K)] 429441K->360273K(627712K), 0.0014043 secs] [Times: user=0.01 sys=0.00, real=0.01 secs] 
2060.559: [GC (Allocation Failure) [PSYoungGen: 70464K->1344K(71168K)] 429393K->360273K(627712K), 0.0029623 secs] [Times: user=0.01 sys=0.00, real=0.00 secs] 
2060.849: [GC (Allocation Failure) [PSYoungGen: 70464K->1344K(71168K)] 429393K->360273K(627712K), 0.0025118 secs] [Times: user=0.01 sys=0.00, real=0.01 secs] 
2061.251: [GC (Allocation Failure) [PSYoungGen: 70464K->1504K(71168K)] 429393K->360433K(627712K), 0.0016483 secs] [Times: user=0.01 sys=0.00, real=0.00 secs] 
2061.660: [GC (Allocation Failure) [PSYoungGen: 70624K->1501K(71168K)] 429553K->360430K(627712K), 0.0015349 secs] [Times: user=0.00 sys=0.00, real=0.00 secs] 
2062.062: [GC (Allocation Failure) [PSYoungGen: 70621K->1565K(71168K)] 429550K->360494K(627712K), 0.0016740 secs] [Times: user=0.01 sys=0.00, real=0.00 secs] 
2062.476: [GC (Allocation Failure) [PSYoungGen: 70685K->2000K(71168K)] 429614K->360929K(627712K), 0.0018907 secs] [Times: user=0.01 sys=0.00, real=0.00 secs] 
2062.760: [GC (Allocation Failure) [PSYoungGen: 71120K->1408K(71168K)] 430049K->360337K(627712K), 0.0016813 secs] [Times: user=0.00 sys=0.00, real=0.00 secs] 
2063.047: [GC (Allocation Failure) [PSYoungGen: 70528K->1376K(71168K)] 429457K->360305K(627712K), 0.0016294 secs] [Times: user=0.01 sys=0.00, real=0.01 secs] 
2063.357: [GC (Allocation Failure) [PSYoungGen: 70496K->1344K(71168K)] 429425K->360273K(627712K), 0.0017756 secs] [Times: user=0.01 sys=0.01, real=0.01 secs] 
2063.688: [GC (Allocation Failure) [PSYoungGen: 70464K->1373K(71168K)] 429393K->360302K(627712K), 0.0018282 secs] [Times: user=0.01 sys=0.00, real=0.01 secs] 
2064.103: [GC (Allocation Failure) [PSYoungGen: 70493K->1549K(71168K)] 429422K->360478K(627712K), 0.0016306 secs] [Times: user=0.01 sys=0.00, real=0.00 secs] 
2064.507: [GC (Allocation Failure) [PSYoungGen: 70669K->1549K(71168K)] 429598K->360478K(627712K), 0.0016098 secs] [Times: user=0.01 sys=0.00, real=0.01 secs] 
2064.909: [GC (Allocation Failure) [PSYoungGen: 70669K->1533K(71168K)] 429598K->360462K(627712K), 0.0016225 secs] [Times: user=0.01 sys=0.00, real=0.00 secs] 
2065.347: [GC (Allocation Failure) [PSYoungGen: 70653K->1472K(71168K)] 429582K->360409K(627712K), 0.0020641 secs] [Times: user=0.00 sys=0.00, real=0.00 secs] 
2065.634: [GC (Allocation Failure) [PSYoungGen: 70592K->1312K(71168K)] 429529K->360265K(627712K), 0.0019987 secs] [Times: user=0.00 sys=0.00, real=0.00 secs] 
2065.942: [GC (Allocation Failure) [PSYoungGen: 70432K->1312K(71168K)] 429385K->360265K(627712K), 0.0019916 secs] [Times: user=0.01 sys=0.00, real=0.00 secs] 
2066.229: [GC (Allocation Failure) [PSYoungGen: 70432K->1376K(71168K)] 429385K->360329K(627712K), 0.0020450 secs] [Times: user=0.01 sys=0.00, real=0.00 secs] 
2066.678: [GC (Allocation Failure) [PSYoungGen: 70490K->1453K(71168K)] 429444K->360406K(627712K), 0.0015086 secs] [Times: user=0.01 sys=0.00, real=0.01 secs] 
2067.082: [GC (Allocation Failure) [PSYoungGen: 70573K->1517K(71168K)] 429526K->360470K(627712K), 0.0015980 secs] [Times: user=0.00 sys=0.00, real=0.00 secs] 
2067.485: [GC (Allocation Failure) [PSYoungGen: 70637K->1517K(71168K)] 429590K->360470K(627712K), 0.0016345 secs] [Times: user=0.01 sys=0.00, real=0.00 secs] 
2067.886: [GC (Allocation Failure) [PSYoungGen: 70637K->1517K(71168K)] 429590K->360486K(627712K), 0.0017526 secs] [Times: user=0.00 sys=0.00, real=0.00 secs] 
2068.659: [GC (Allocation Failure) [PSYoungGen: 70637K->1408K(71168K)] 429606K->360377K(627712K), 0.0026507 secs] [Times: user=0.01 sys=0.00, real=0.00 secs] 
2068.947: [GC (Allocation Failure) [PSYoungGen: 70528K->1344K(71168K)] 429497K->360313K(627712K), 0.0021040 secs] [Times: user=0.01 sys=0.00, real=0.01 secs] 
2069.286: [GC (Allocation Failure) [PSYoungGen: 70464K->1344K(71168K)] 429433K->360313K(627712K), 0.0021850 secs] [Times: user=0.01 sys=0.00, real=0.00 secs] 
2069.984: [GC (Allocation Failure) [PSYoungGen: 70464K->1344K(71168K)] 429433K->360313K(627712K), 0.0023574 secs] [Times: user=0.01 sys=0.00, real=0.00 secs] 
2070.572: [GC (Allocation Failure) [PSYoungGen: 70464K->1501K(71168K)] 429433K->360470K(627712K), 0.0017195 secs] [Times: user=0.00 sys=0.00, real=0.00 secs] 
2070.972: [GC (Allocation Failure) [PSYoungGen: 70621K->1549K(71168K)] 429590K->360518K(627712K), 0.0017439 secs] [Times: user=0.00 sys=0.00, real=0.00 secs] 
2071.374: [GC (Allocation Failure) [PSYoungGen: 70669K->1549K(71168K)] 429638K->360518K(627712K), 0.0017976 secs] [Times: user=0.01 sys=0.00, real=0.00 secs] 
2071.942: [GC (Allocation Failure) [PSYoungGen: 70669K->1456K(71168K)] 429638K->360425K(627712K), 0.0020629 secs] [Times: user=0.01 sys=0.00, real=0.00 secs] 
2072.371: [GC (Allocation Failure) [PSYoungGen: 70576K->1312K(71168K)] 429545K->360281K(627712K), 0.0021060 secs] [Times: user=0.01 sys=0.00, real=0.00 secs] 
2072.659: [GC (Allocation Failure) [PSYoungGen: 70432K->1376K(71168K)] 429401K->360345K(627712K), 0.0026837 secs] [Times: user=0.01 sys=0.00, real=0.00 secs] 
2072.947: [GC (Allocation Failure) [PSYoungGen: 70496K->1344K(71168K)] 429465K->360313K(627712K), 0.0019227 secs] [Times: user=0.01 sys=0.00, real=0.01 secs] 
2073.300: [GC (Allocation Failure) [PSYoungGen: 70464K->1440K(71168K)] 429433K->360409K(627712K), 0.0016214 secs] [Times: user=0.01 sys=0.00, real=0.00 secs] 
2073.707: [GC (Allocation Failure) [PSYoungGen: 70560K->1565K(71168K)] 429529K->360534K(627712K), 0.0017278 secs] [Times: user=0.00 sys=0.00, real=0.01 secs] 
2074.111: [GC (Allocation Failure) [PSYoungGen: 70685K->1533K(71168K)] 429654K->360502K(627712K), 0.0016292 secs] [Times: user=0.01 sys=0.00, real=0.00 secs] 
2074.514: [GC (Allocation Failure) [PSYoungGen: 70653K->1501K(71168K)] 429622K->360470K(627712K), 0.0016332 secs] [Times: user=0.00 sys=0.00, real=0.00 secs] 
2075.485: [GC (Allocation Failure) [PSYoungGen: 70621K->1424K(71168K)] 429590K->360393K(627712K), 0.0021150 secs] [Times: user=0.01 sys=0.00, real=0.00 secs] 
2076.074: [GC (Allocation Failure) [PSYoungGen: 70544K->1376K(71168K)] 429513K->360345K(627712K), 0.0025616 secs] [Times: user=0.01 sys=0.00, real=0.00 secs] 
2076.643: [GC (Allocation Failure) [PSYoungGen: 70496K->1376K(71168K)] 429465K->360345K(627712K), 0.0024975 secs] [Times: user=0.01 sys=0.00, real=0.00 secs] 
2077.444: [GC (Allocation Failure) [PSYoungGen: 70496K->1376K(71168K)] 429465K->360345K(627712K), 0.0023937 secs] [Times: user=0.01 sys=0.00, real=0.00 secs] 
2078.131: [GC (Allocation Failure) [PSYoungGen: 70496K->1469K(71168K)] 429465K->360462K(627712K), 0.0015981 secs] [Times: user=0.01 sys=0.00, real=0.00 secs] 
2078.596: [GC (Allocation Failure) [PSYoungGen: 70589K->1488K(71168K)] 429582K->360481K(627712K), 0.0016768 secs] [Times: user=0.01 sys=0.00, real=0.00 secs] 
2079.060: [GC (Allocation Failure) [PSYoungGen: 70608K->1533K(71168K)] 429601K->360526K(627712K), 0.0016674 secs] [Times: user=0.01 sys=0.00, real=0.00 secs] 
2079.449: [GC (Allocation Failure) [PSYoungGen: 70653K->1952K(71168K)] 429646K->360945K(627712K), 0.0019219 secs] [Times: user=0.01 sys=0.00, real=0.00 secs] 
2079.767: [GC (Allocation Failure) [PSYoungGen: 71072K->1376K(71168K)] 430065K->360369K(627712K), 0.0020104 secs] [Times: user=0.00 sys=0.00, real=0.01 secs] 
2080.107: [GC (Allocation Failure) [PSYoungGen: 70496K->1344K(71168K)] 429489K->360337K(627712K), 0.0020438 secs] [Times: user=0.01 sys=0.00, real=0.01 secs] 
2080.402: [GC (Allocation Failure) [PSYoungGen: 70464K->1344K(71168K)] 429457K->360337K(627712K), 0.0020147 secs] [Times: user=0.01 sys=0.00, real=0.00 secs] 
2080.860: [GC (Allocation Failure) [PSYoungGen: 70464K->1392K(71168K)] 429457K->360385K(627712K), 0.0019562 secs] [Times: user=0.01 sys=0.00, real=0.00 secs] 
2081.275: [GC (Allocation Failure) [PSYoungGen: 70511K->1581K(71168K)] 429505K->360574K(627712K), 0.0016180 secs] [Times: user=0.00 sys=0.00, real=0.00 secs] 
2081.679: [GC (Allocation Failure) [PSYoungGen: 70701K->1501K(71168K)] 429694K->360494K(627712K), 0.0016085 secs] [Times: user=0.01 sys=0.00, real=0.00 secs] 
2082.092: [GC (Allocation Failure) [PSYoungGen: 70621K->1501K(71168K)] 429614K->360494K(627712K), 0.0017010 secs] [Times: user=0.01 sys=0.00, real=0.00 secs] 
2082.518: [GC (Allocation Failure) [PSYoungGen: 70621K->1472K(71168K)] 429614K->360465K(627712K), 0.0018903 secs] [Times: user=0.00 sys=0.00, real=0.01 secs] 
2082.842: [GC (Allocation Failure) [PSYoungGen: 70592K->1312K(71168K)] 429585K->360305K(627712K), 0.0018973 secs] [Times: user=0.01 sys=0.00, real=0.00 secs] 
2083.196: [GC (Allocation Failure) [PSYoungGen: 70432K->1376K(71168K)] 429425K->360369K(627712K), 0.0019944 secs] [Times: user=0.01 sys=0.00, real=0.00 secs] 
2083.528: [GC (Allocation Failure) [PSYoungGen: 70496K->1376K(71168K)] 429489K->360369K(627712K), 0.0019597 secs] [Times: user=0.01 sys=0.00, real=0.01 secs] 
2084.268: [GC (Allocation Failure) [PSYoungGen: 70496K->1453K(71168K)] 429489K->360446K(627712K), 0.0019448 secs] [Times: user=0.01 sys=0.00, real=0.01 secs] 
2084.750: [GC (Allocation Failure) [PSYoungGen: 70573K->1533K(71168K)] 429566K->360526K(627712K), 0.0017801 secs] [Times: user=0.01 sys=0.00, real=0.00 secs] 
2085.150: [GC (Allocation Failure) [PSYoungGen: 70653K->1549K(71168K)] 429646K->360542K(627712K), 0.0018039 secs] [Times: user=0.00 sys=0.00, real=0.00 secs] 
2085.612: [GC (Allocation Failure) [PSYoungGen: 70669K->1517K(71168K)] 429662K->360518K(627712K), 0.0016550 secs] [Times: user=0.01 sys=0.00, real=0.00 secs] 
2085.986: [GC (Allocation Failure) [PSYoungGen: 70637K->1408K(71168K)] 429638K->360409K(627712K), 0.0026198 secs] [Times: user=0.01 sys=0.00, real=0.00 secs] 
2086.269: [GC (Allocation Failure) [PSYoungGen: 70528K->1344K(71168K)] 429529K->360345K(627712K), 0.0021093 secs] [Times: user=0.01 sys=0.00, real=0.00 secs] 
2086.557: [GC (Allocation Failure) [PSYoungGen: 70464K->1344K(71168K)] 429465K->360361K(627712K), 0.0019456 secs] [Times: user=0.01 sys=0.00, real=0.00 secs] 
2086.844: [GC (Allocation Failure) [PSYoungGen: 70464K->1408K(71168K)] 429481K->360425K(627712K), 0.0019877 secs] [Times: user=0.01 sys=0.00, real=0.00 secs] 
2087.267: [GC (Allocation Failure) [PSYoungGen: 70528K->1533K(71168K)] 429545K->360550K(627712K), 0.0017986 secs] [Times: user=0.00 sys=0.00, real=0.00 secs] 
2087.672: [GC (Allocation Failure) [PSYoungGen: 70653K->1581K(71168K)] 429670K->360598K(627712K), 0.0016132 secs] [Times: user=0.01 sys=0.00, real=0.00 secs] 
2088.075: [GC (Allocation Failure) [PSYoungGen: 70701K->1565K(71168K)] 429718K->360582K(627712K), 0.0016538 secs] [Times: user=0.01 sys=0.00, real=0.00 secs] 
2088.538: [GC (Allocation Failure) [PSYoungGen: 70685K->1424K(71168K)] 429702K->360441K(627712K), 0.0019290 secs] [Times: user=0.00 sys=0.00, real=0.01 secs] 
2088.828: [GC (Allocation Failure) [PSYoungGen: 70544K->1312K(71168K)] 429561K->360329K(627712K), 0.0017972 secs] [Times: user=0.00 sys=0.00, real=0.01 secs] 
2089.115: [GC (Allocation Failure) [PSYoungGen: 70432K->1376K(71168K)] 429449K->360393K(627712K), 0.0018460 secs] [Times: user=0.00 sys=0.00, real=0.00 secs] 
2089.402: [GC (Allocation Failure) [PSYoungGen: 70496K->1376K(71168K)] 429513K->360393K(627712K), 0.0018398 secs] [Times: user=0.01 sys=0.00, real=0.00 secs] 
2089.750: [GC (Allocation Failure) [PSYoungGen: 70496K->1456K(71168K)] 429513K->360473K(627712K), 0.0016119 secs] [Times: user=0.01 sys=0.00, real=0.00 secs] 
2090.152: [GC (Allocation Failure) [PSYoungGen: 70576K->1565K(71168K)] 429593K->360582K(627712K), 0.0016514 secs] [Times: user=0.01 sys=0.00, real=0.00 secs] 
2090.612: [GC (Allocation Failure) [PSYoungGen: 70685K->1549K(71168K)] 429702K->360566K(627712K), 0.0016549 secs] [Times: user=0.01 sys=0.00, real=0.00 secs] 
2091.015: [GC (Allocation Failure) [PSYoungGen: 70669K->1581K(71168K)] 429686K->360598K(627712K), 0.0016334 secs] [Times: user=0.00 sys=0.00, real=0.00 secs] 
2092.035: [GC (Allocation Failure) [PSYoungGen: 70701K->1408K(71168K)] 429718K->360425K(627712K), 0.0038867 secs] [Times: user=0.01 sys=0.00, real=0.00 secs] 
2092.892: [GC (Allocation Failure) [PSYoungGen: 70528K->1344K(71168K)] 429545K->360361K(627712K), 0.0030885 secs] [Times: user=0.01 sys=0.00, real=0.00 secs] 
2093.463: [GC (Allocation Failure) [PSYoungGen: 70464K->1312K(71168K)] 429481K->360329K(627712K), 0.0030256 secs] [Times: user=0.02 sys=0.01, real=0.00 secs] 
2094.148: [GC (Allocation Failure) [PSYoungGen: 70432K->1344K(71168K)] 429449K->360361K(627712K), 0.0021422 secs] [Times: user=0.01 sys=0.00, real=0.01 secs] 
2094.583: [GC (Allocation Failure) [PSYoungGen: 70464K->1469K(71168K)] 429481K->360486K(627712K), 0.0016893 secs] [Times: user=0.00 sys=0.00, real=0.00 secs] 
2094.984: [GC (Allocation Failure) [PSYoungGen: 70589K->1533K(71168K)] 429606K->360550K(627712K), 0.0015998 secs] [Times: user=0.01 sys=0.00, real=0.00 secs] 
2095.387: [GC (Allocation Failure) [PSYoungGen: 70653K->1533K(71168K)] 429670K->360550K(627712K), 0.0016899 secs] [Times: user=0.01 sys=0.00, real=0.00 secs] 
2095.891: [GC (Allocation Failure) [PSYoungGen: 70653K->2000K(71168K)] 429670K->361017K(627712K), 0.0020432 secs] [Times: user=0.01 sys=0.00, real=0.00 secs] 
2096.806: [GC (Allocation Failure) [PSYoungGen: 71120K->1344K(71168K)] 430137K->360361K(627712K), 0.0025890 secs] [Times: user=0.01 sys=0.00, real=0.01 secs] 
2097.462: [GC (Allocation Failure) [PSYoungGen: 70464K->1376K(71168K)] 429481K->360393K(627712K), 0.0023925 secs] [Times: user=0.01 sys=0.00, real=0.00 secs] 
2097.945: [GC (Allocation Failure) [PSYoungGen: 70496K->1344K(71168K)] 429513K->360361K(627712K), 0.0028870 secs] [Times: user=0.01 sys=0.00, real=0.00 secs] 
2098.563: [GC (Allocation Failure) [PSYoungGen: 70464K->1437K(71168K)] 429481K->360454K(627712K), 0.0019031 secs] [Times: user=0.01 sys=0.00, real=0.00 secs] 
2098.982: [GC (Allocation Failure) [PSYoungGen: 70554K->1549K(71168K)] 429571K->360566K(627712K), 0.0016170 secs] [Times: user=0.00 sys=0.00, real=0.00 secs] 
2099.388: [GC (Allocation Failure) [PSYoungGen: 70669K->1581K(71168K)] 429686K->360622K(627712K), 0.0016121 secs] [Times: user=0.00 sys=0.00, real=0.01 secs] 
2099.790: [GC (Allocation Failure) [PSYoungGen: 70701K->1485K(71168K)] 429742K->360526K(627712K), 0.0015756 secs] [Times: user=0.01 sys=0.00, real=0.00 secs] 
2100.622: [GC (Allocation Failure) [PSYoungGen: 70605K->1472K(71168K)] 429646K->360513K(627712K), 0.0020247 secs] [Times: user=0.00 sys=0.00, real=0.00 secs] 
2101.551: [GC (Allocation Failure) [PSYoungGen: 70592K->1376K(71168K)] 429633K->360417K(627712K), 0.0030900 secs] [Times: user=0.01 sys=0.00, real=0.00 secs] 
2102.240: [GC (Allocation Failure) [PSYoungGen: 70496K->1344K(71168K)] 429537K->360385K(627712K), 0.0023155 secs] [Times: user=0.01 sys=0.00, real=0.00 secs] 
2102.596: [GC (Allocation Failure) [PSYoungGen: 70464K->1376K(71168K)] 429505K->360417K(627712K), 0.0019953 secs] [Times: user=0.01 sys=0.00, real=0.00 secs] 
2103.058: [GC (Allocation Failure) [PSYoungGen: 70496K->1453K(71168K)] 429537K->360494K(627712K), 0.0017633 secs] [Times: user=0.01 sys=0.00, real=0.01 secs] 
2103.460: [GC (Allocation Failure) [PSYoungGen: 70573K->1533K(71168K)] 429614K->360574K(627712K), 0.0016569 secs] [Times: user=0.00 sys=0.00, real=0.00 secs] 
2103.863: [GC (Allocation Failure) [PSYoungGen: 70653K->1552K(71168K)] 429694K->360593K(627712K), 0.0016579 secs] [Times: user=0.00 sys=0.00, real=0.00 secs] 
2104.323: [GC (Allocation Failure) [PSYoungGen: 70672K->1549K(71168K)] 429713K->360606K(627712K), 0.0016622 secs] [Times: user=0.01 sys=0.00, real=0.00 secs] 
2104.725: [GC (Allocation Failure) [PSYoungGen: 70669K->1392K(71168K)] 429726K->360449K(627712K), 0.0027812 secs] [Times: user=0.01 sys=0.00, real=0.00 secs] 
2105.023: [GC (Allocation Failure) [PSYoungGen: 70512K->1312K(71168K)] 429569K->360369K(627712K), 0.0019389 secs] [Times: user=0.01 sys=0.00, real=0.00 secs] 
2105.338: [GC (Allocation Failure) [PSYoungGen: 70432K->1328K(71168K)] 429489K->360385K(627712K), 0.0018634 secs] [Times: user=0.01 sys=0.00, real=0.01 secs] 
2105.671: [GC (Allocation Failure) [PSYoungGen: 70448K->1376K(71168K)] 429505K->360433K(627712K), 0.0018982 secs] [Times: user=0.00 sys=0.00, real=0.00 secs] 
2106.089: [GC (Allocation Failure) [PSYoungGen: 70489K->1533K(71168K)] 429547K->360590K(627712K), 0.0016591 secs] [Times: user=0.00 sys=0.00, real=0.01 secs] 
2106.492: [GC (Allocation Failure) [PSYoungGen: 70653K->1581K(71168K)] 429710K->360638K(627712K), 0.0016069 secs] [Times: user=0.01 sys=0.00, real=0.00 secs] 
2106.898: [GC (Allocation Failure) [PSYoungGen: 70701K->1520K(71168K)] 429758K->360577K(627712K), 0.0016329 secs] [Times: user=0.01 sys=0.00, real=0.01 secs] 
2107.292: [GC (Allocation Failure) [PSYoungGen: 70640K->1424K(71168K)] 429697K->360497K(627712K), 0.0018779 secs] [Times: user=0.01 sys=0.00, real=0.00 secs] 
2107.878: [GC (Allocation Failure) [PSYoungGen: 70544K->1328K(71168K)] 429617K->360401K(627712K), 0.0027121 secs] [Times: user=0.01 sys=0.00, real=0.01 secs] 
2108.442: [GC (Allocation Failure) [PSYoungGen: 70448K->1344K(71168K)] 429521K->360417K(627712K), 0.0026443 secs] [Times: user=0.01 sys=0.00, real=0.00 secs] 
2109.114: [GC (Allocation Failure) [PSYoungGen: 70464K->1360K(71168K)] 429537K->360433K(627712K), 0.0026813 secs] [Times: user=0.01 sys=0.00, real=0.00 secs] 
2110.126: [GC (Allocation Failure) [PSYoungGen: 70480K->1408K(71168K)] 429553K->360481K(627712K), 0.0020281 secs] [Times: user=0.01 sys=0.00, real=0.00 secs] 
2110.546: [GC (Allocation Failure) [PSYoungGen: 70528K->1565K(71168K)] 429601K->360638K(627712K), 0.0017083 secs] [Times: user=0.01 sys=0.00, real=0.00 secs] 
2110.949: [GC (Allocation Failure) [PSYoungGen: 70685K->1565K(71168K)] 429758K->360638K(627712K), 0.0016587 secs] [Times: user=0.01 sys=0.00, real=0.01 secs] 
2111.352: [GC (Allocation Failure) [PSYoungGen: 70685K->1613K(71168K)] 429758K->360686K(627712K), 0.0016183 secs] [Times: user=0.01 sys=0.00, real=0.00 secs] 
2112.650: [GC (Allocation Failure) [PSYoungGen: 70733K->1424K(71168K)] 429806K->360497K(627712K), 0.0036555 secs] [Times: user=0.02 sys=0.00, real=0.00 secs] 
2113.616: [GC (Allocation Failure) [PSYoungGen: 70544K->1376K(71168K)] 429617K->360449K(627712K), 0.0022129 secs] [Times: user=0.01 sys=0.00, real=0.00 secs] 
2114.279: [GC (Allocation Failure) [PSYoungGen: 70496K->1344K(71168K)] 429569K->360417K(627712K), 0.0021134 secs] [Times: user=0.01 sys=0.00, real=0.00 secs] 
2114.875: [GC (Allocation Failure) [PSYoungGen: 70464K->1312K(71168K)] 429537K->360385K(627712K), 0.0020422 secs] [Times: user=0.01 sys=0.00, real=0.00 secs] 
2115.553: [GC (Allocation Failure) [PSYoungGen: 70432K->1504K(71168K)] 429505K->360577K(627712K), 0.0017065 secs] [Times: user=0.00 sys=0.00, real=0.00 secs] 
2116.016: [GC (Allocation Failure) [PSYoungGen: 70624K->1565K(71168K)] 429697K->360638K(627712K), 0.0016352 secs] [Times: user=0.01 sys=0.00, real=0.00 secs] 
2116.424: [GC (Allocation Failure) [PSYoungGen: 70685K->1565K(71168K)] 429758K->360638K(627712K), 0.0017419 secs] [Times: user=0.01 sys=0.00, real=0.00 secs] 
2116.820: [GC (Allocation Failure) [PSYoungGen: 70685K->1504K(71168K)] 429758K->360577K(627712K), 0.0020029 secs] [Times: user=0.01 sys=0.00, real=0.00 secs] 
2117.116: [GC (Allocation Failure) [PSYoungGen: 70624K->1312K(71168K)] 429697K->360385K(627712K), 0.0022741 secs] [Times: user=0.01 sys=0.00, real=0.00 secs] 
2117.402: [GC (Allocation Failure) [PSYoungGen: 70432K->1312K(71168K)] 429505K->360385K(627712K), 0.0018880 secs] [Times: user=0.01 sys=0.00, real=0.00 secs] 
2117.690: [GC (Allocation Failure) [PSYoungGen: 70432K->1312K(71168K)] 429505K->360385K(627712K), 0.0018346 secs] [Times: user=0.00 sys=0.00, real=0.00 secs] 
2118.288: [GC (Allocation Failure) [PSYoungGen: 70432K->1405K(71168K)] 429505K->360478K(627712K), 0.0019309 secs] [Times: user=0.00 sys=0.00, real=0.01 secs] 
2118.700: [GC (Allocation Failure) [PSYoungGen: 70525K->1485K(71168K)] 429598K->360582K(627712K), 0.0016288 secs] [Times: user=0.01 sys=0.00, real=0.00 secs] 
2119.105: [GC (Allocation Failure) [PSYoungGen: 70605K->1501K(71168K)] 429702K->360598K(627712K), 0.0017131 secs] [Times: user=0.00 sys=0.00, real=0.00 secs] 
2119.510: [GC (Allocation Failure) [PSYoungGen: 70621K->1485K(71168K)] 429718K->360582K(627712K), 0.0017435 secs] [Times: user=0.01 sys=0.00, real=0.00 secs] 
2119.887: [GC (Allocation Failure) [PSYoungGen: 70605K->1440K(71168K)] 429702K->360537K(627712K), 0.0018085 secs] [Times: user=0.00 sys=0.00, real=0.00 secs] 
2120.185: [GC (Allocation Failure) [PSYoungGen: 70560K->1312K(71168K)] 429657K->360409K(627712K), 0.0016628 secs] [Times: user=0.01 sys=0.00, real=0.00 secs] 
2120.595: [GC (Allocation Failure) [PSYoungGen: 70432K->1344K(71168K)] 429529K->360441K(627712K), 0.0017673 secs] [Times: user=0.01 sys=0.00, real=0.00 secs] 
2121.056: [GC (Allocation Failure) [PSYoungGen: 70464K->1328K(71168K)] 429561K->360425K(627712K), 0.0019169 secs] [Times: user=0.00 sys=0.00, real=0.00 secs] 
2121.756: [GC (Allocation Failure) [PSYoungGen: 70448K->1488K(71168K)] 429545K->360585K(627712K), 0.0017630 secs] [Times: user=0.01 sys=0.00, real=0.00 secs] 
2122.158: [GC (Allocation Failure) [PSYoungGen: 70608K->1552K(71168K)] 429705K->360649K(627712K), 0.0015754 secs] [Times: user=0.01 sys=0.00, real=0.01 secs] 
2122.626: [GC (Allocation Failure) [PSYoungGen: 70672K->1549K(71168K)] 429769K->360646K(627712K), 0.0016500 secs] [Times: user=0.01 sys=0.00, real=0.00 secs] 
2123.098: [GC (Allocation Failure) [PSYoungGen: 70669K->1549K(71168K)] 429766K->360662K(627712K), 0.0016531 secs] [Times: user=0.01 sys=0.00, real=0.01 secs] 
2124.007: [GC (Allocation Failure) [PSYoungGen: 70669K->1408K(71168K)] 429782K->360521K(627712K), 0.0027458 secs] [Times: user=0.01 sys=0.00, real=0.01 secs] 
2124.557: [GC (Allocation Failure) [PSYoungGen: 70528K->1344K(71168K)] 429641K->360457K(627712K), 0.0024852 secs] [Times: user=0.01 sys=0.01, real=0.01 secs] 
2125.170: [GC (Allocation Failure) [PSYoungGen: 70464K->1344K(71168K)] 429577K->360457K(627712K), 0.0035613 secs] [Times: user=0.01 sys=0.00, real=0.00 secs] 
2125.790: [GC (Allocation Failure) [PSYoungGen: 70464K->1312K(71168K)] 429577K->360425K(627712K), 0.0024443 secs] [Times: user=0.01 sys=0.00, real=0.00 secs] 
2126.357: [GC (Allocation Failure) [PSYoungGen: 70432K->1533K(71168K)] 429545K->360646K(627712K), 0.0017300 secs] [Times: user=0.01 sys=0.00, real=0.01 secs] 
2126.758: [GC (Allocation Failure) [PSYoungGen: 70653K->1549K(71168K)] 429766K->360662K(627712K), 0.0016437 secs] [Times: user=0.01 sys=0.00, real=0.01 secs] 
2127.162: [GC (Allocation Failure) [PSYoungGen: 70669K->1581K(71168K)] 429782K->360694K(627712K), 0.0016074 secs] [Times: user=0.01 sys=0.00, real=0.00 secs] 
2127.676: [GC (Allocation Failure) [PSYoungGen: 70701K->1440K(71168K)] 429814K->360561K(627712K), 0.0018991 secs] [Times: user=0.01 sys=0.00, real=0.00 secs] 
2128.487: [GC (Allocation Failure) [PSYoungGen: 70560K->1376K(71168K)] 429681K->360513K(627712K), 0.0039320 secs] [Times: user=0.01 sys=0.00, real=0.01 secs] 
2129.298: [GC (Allocation Failure) [PSYoungGen: 70496K->1344K(71168K)] 429633K->360481K(627712K), 0.0032540 secs] [Times: user=0.02 sys=0.00, real=0.01 secs] 
2130.061: [GC (Allocation Failure) [PSYoungGen: 70464K->1376K(71168K)] 429601K->360513K(627712K), 0.0028396 secs] [Times: user=0.01 sys=0.01, real=0.00 secs] 
2131.004: [GC (Allocation Failure) [PSYoungGen: 70496K->1440K(71168K)] 429633K->360577K(627712K), 0.0016512 secs] [Times: user=0.01 sys=0.00, real=0.00 secs] 
2131.466: [GC (Allocation Failure) [PSYoungGen: 70560K->1549K(71168K)] 429697K->360686K(627712K), 0.0016450 secs] [Times: user=0.00 sys=0.00, real=0.00 secs] 
2131.867: [GC (Allocation Failure) [PSYoungGen: 70669K->1552K(71168K)] 429806K->360689K(627712K), 0.0016447 secs] [Times: user=0.00 sys=0.00, real=0.00 secs] 
2132.329: [GC (Allocation Failure) [PSYoungGen: 70672K->1533K(71168K)] 429809K->360670K(627712K), 0.0016535 secs] [Times: user=0.01 sys=0.00, real=0.00 secs] 
2132.725: [GC (Allocation Failure) [PSYoungGen: 70653K->1376K(71168K)] 429790K->360513K(627712K), 0.0021936 secs] [Times: user=0.01 sys=0.00, real=0.00 secs] 
2133.147: [GC (Allocation Failure) [PSYoungGen: 70496K->1408K(71168K)] 429633K->360545K(627712K), 0.0057114 secs] [Times: user=0.02 sys=0.00, real=0.01 secs] 
2133.935: [GC (Allocation Failure) [PSYoungGen: 70528K->1408K(71168K)] 429665K->360545K(627712K), 0.0023536 secs] [Times: user=0.01 sys=0.00, real=0.00 secs] 
2134.712: [GC (Allocation Failure) [PSYoungGen: 70528K->1376K(71168K)] 429665K->360513K(627712K), 0.0037935 secs] [Times: user=0.01 sys=0.00, real=0.00 secs] 
2135.390: [GC (Allocation Failure) [PSYoungGen: 70496K->1469K(71168K)] 429633K->360606K(627712K), 0.0017820 secs] [Times: user=0.01 sys=0.00, real=0.00 secs] 
2135.790: [GC (Allocation Failure) [PSYoungGen: 70589K->1565K(71168K)] 429726K->360702K(627712K), 0.0016832 secs] [Times: user=0.01 sys=0.00, real=0.00 secs] 
2136.192: [GC (Allocation Failure) [PSYoungGen: 70685K->1533K(71168K)] 429822K->360670K(627712K), 0.0015482 secs] [Times: user=0.01 sys=0.00, real=0.00 secs] 
2136.576: [GC (Allocation Failure) [PSYoungGen: 70653K->1488K(71168K)] 429790K->360625K(627712K), 0.0016844 secs] [Times: user=0.01 sys=0.00, real=0.00 secs] 
2136.869: [GC (Allocation Failure) [PSYoungGen: 70608K->1344K(71168K)] 429745K->360481K(627712K), 0.0015068 secs] [Times: user=0.00 sys=0.00, real=0.00 secs] 
2137.156: [GC (Allocation Failure) [PSYoungGen: 70464K->1376K(71168K)] 429601K->360513K(627712K), 0.0016722 secs] [Times: user=0.01 sys=0.00, real=0.00 secs] 
2137.445: [GC (Allocation Failure) [PSYoungGen: 70496K->1376K(71168K)] 429633K->360513K(627712K), 0.0022020 secs] [Times: user=0.01 sys=0.00, real=0.00 secs] 
2137.874: [GC (Allocation Failure) [PSYoungGen: 70496K->1437K(71168K)] 429633K->360590K(627712K), 0.0023247 secs] [Times: user=0.01 sys=0.00, real=0.00 secs] 
2138.316: [GC (Allocation Failure) [PSYoungGen: 70550K->1552K(71168K)] 429704K->360705K(627712K), 0.0016633 secs] [Times: user=0.01 sys=0.00, real=0.00 secs] 
2138.720: [GC (Allocation Failure) [PSYoungGen: 70672K->1488K(71168K)] 429825K->360641K(627712K), 0.0016412 secs] [Times: user=0.01 sys=0.00, real=0.00 secs] 
2139.124: [GC (Allocation Failure) [PSYoungGen: 70608K->1517K(71168K)] 429761K->360670K(627712K), 0.0016099 secs] [Times: user=0.01 sys=0.00, real=0.00 secs] 
2140.207: [GC (Allocation Failure) [PSYoungGen: 70637K->1424K(71168K)] 429790K->360585K(627712K), 0.0024825 secs] [Times: user=0.00 sys=0.00, real=0.01 secs] 
2140.618: [GC (Allocation Failure) [PSYoungGen: 70544K->1344K(71168K)] 429705K->360505K(627712K), 0.0019527 secs] [Times: user=0.01 sys=0.01, real=0.01 secs] 
2140.904: [GC (Allocation Failure) [PSYoungGen: 70464K->1344K(71168K)] 429625K->360505K(627712K), 0.0019285 secs] [Times: user=0.01 sys=0.00, real=0.00 secs] 
2141.191: [GC (Allocation Failure) [PSYoungGen: 70464K->1376K(71168K)] 429625K->360537K(627712K), 0.0018208 secs] [Times: user=0.01 sys=0.00, real=0.00 secs] 
2141.616: [GC (Allocation Failure) [PSYoungGen: 70496K->1456K(71168K)] 429657K->360617K(627712K), 0.0015081 secs] [Times: user=0.01 sys=0.00, real=0.00 secs] 
2142.017: [GC (Allocation Failure) [PSYoungGen: 70576K->1520K(71168K)] 429737K->360681K(627712K), 0.0017454 secs] [Times: user=0.01 sys=0.00, real=0.00 secs] 
2142.420: [GC (Allocation Failure) [PSYoungGen: 70640K->1517K(71168K)] 429801K->360678K(627712K), 0.0016672 secs] [Times: user=0.01 sys=0.00, real=0.00 secs] 
2142.822: [GC (Allocation Failure) [PSYoungGen: 70637K->1549K(71168K)] 429798K->360726K(627712K), 0.0016313 secs] [Times: user=0.01 sys=0.00, real=0.00 secs] 
2143.500: [GC (Allocation Failure) [PSYoungGen: 70669K->1376K(71168K)] 429846K->360553K(627712K), 0.0021477 secs] [Times: user=0.01 sys=0.00, real=0.00 secs] 
2144.108: [GC (Allocation Failure) [PSYoungGen: 70496K->1376K(71168K)] 429673K->360553K(627712K), 0.0023722 secs] [Times: user=0.00 sys=0.01, real=0.01 secs] 
2144.703: [GC (Allocation Failure) [PSYoungGen: 70496K->1344K(71168K)] 429673K->360521K(627712K), 0.0026538 secs] [Times: user=0.01 sys=0.00, real=0.00 secs] 
2145.283: [GC (Allocation Failure) [PSYoungGen: 70464K->1328K(71168K)] 429641K->360505K(627712K), 0.0018090 secs] [Times: user=0.01 sys=0.00, real=0.00 secs] 
2145.765: [GC (Allocation Failure) [PSYoungGen: 70448K->1549K(71168K)] 429625K->360726K(627712K), 0.0016867 secs] [Times: user=0.01 sys=0.00, real=0.00 secs] 
2146.168: [GC (Allocation Failure) [PSYoungGen: 70669K->1517K(71168K)] 429846K->360694K(627712K), 0.0016037 secs] [Times: user=0.01 sys=0.00, real=0.01 secs] 
2146.572: [GC (Allocation Failure) [PSYoungGen: 70637K->1533K(71168K)] 429814K->360710K(627712K), 0.0016197 secs] [Times: user=0.01 sys=0.00, real=0.00 secs] 
2146.955: [GC (Allocation Failure) [PSYoungGen: 70653K->1456K(71168K)] 429830K->360657K(627712K), 0.0018040 secs] [Times: user=0.01 sys=0.00, real=0.00 secs] 
2147.242: [GC (Allocation Failure) [PSYoungGen: 70576K->1328K(71168K)] 429777K->360529K(627712K), 0.0017569 secs] [Times: user=0.01 sys=0.00, real=0.00 secs] 
2147.530: [GC (Allocation Failure) [PSYoungGen: 70448K->1344K(71168K)] 429649K->360545K(627712K), 0.0017487 secs] [Times: user=0.01 sys=0.00, real=0.00 secs] 
2147.816: [GC (Allocation Failure) [PSYoungGen: 70464K->1376K(71168K)] 429665K->360577K(627712K), 0.0018035 secs] [Times: user=0.00 sys=0.00, real=0.00 secs] 
2148.163: [GC (Allocation Failure) [PSYoungGen: 70496K->1456K(71168K)] 429697K->360657K(627712K), 0.0016338 secs] [Times: user=0.01 sys=0.00, real=0.00 secs] 
2148.565: [GC (Allocation Failure) [PSYoungGen: 70576K->1501K(71168K)] 429777K->360702K(627712K), 0.0016334 secs] [Times: user=0.01 sys=0.00, real=0.00 secs] 
2148.972: [GC (Allocation Failure) [PSYoungGen: 70621K->1517K(71168K)] 429822K->360718K(627712K), 0.0016073 secs] [Times: user=0.01 sys=0.00, real=0.00 secs] 
2149.379: [GC (Allocation Failure) [PSYoungGen: 70637K->1488K(71168K)] 429838K->360689K(627712K), 0.0016682 secs] [Times: user=0.01 sys=0.00, real=0.00 secs] 
2150.785: [GC (Allocation Failure) [PSYoungGen: 70608K->1408K(71168K)] 429809K->360625K(627712K), 0.0043646 secs] [Times: user=0.01 sys=0.00, real=0.01 secs] 
2151.475: [GC (Allocation Failure) [PSYoungGen: 70528K->1344K(71168K)] 429745K->360561K(627712K), 0.0025952 secs] [Times: user=0.01 sys=0.00, real=0.00 secs] 
2152.050: [GC (Allocation Failure) [PSYoungGen: 70464K->1376K(71168K)] 429681K->360593K(627712K), 0.0022994 secs] [Times: user=0.01 sys=0.00, real=0.00 secs] 
2152.631: [GC (Allocation Failure) [PSYoungGen: 70496K->1344K(71168K)] 429713K->360561K(627712K), 0.0027140 secs] [Times: user=0.02 sys=0.00, real=0.00 secs] 
2153.190: [GC (Allocation Failure) [PSYoungGen: 70464K->1469K(71168K)] 429681K->360686K(627712K), 0.0016431 secs] [Times: user=0.01 sys=0.00, real=0.00 secs] 
2153.592: [GC (Allocation Failure) [PSYoungGen: 70589K->1501K(71168K)] 429806K->360718K(627712K), 0.0067495 secs] [Times: user=0.03 sys=0.00, real=0.01 secs] 
2154.086: [GC (Allocation Failure) [PSYoungGen: 70621K->1597K(71168K)] 429838K->360814K(627712K), 0.0017014 secs] [Times: user=0.01 sys=0.00, real=0.00 secs] 
2154.589: [GC (Allocation Failure) [PSYoungGen: 70717K->1488K(71168K)] 429934K->360705K(627712K), 0.0021020 secs] [Times: user=0.01 sys=0.00, real=0.00 secs] 
2154.909: [GC (Allocation Failure) [PSYoungGen: 70608K->1344K(70656K)] 429825K->360561K(627200K), 0.0024342 secs] [Times: user=0.01 sys=0.00, real=0.01 secs] 
2155.243: [GC (Allocation Failure) [PSYoungGen: 70464K->1376K(70656K)] 429681K->360593K(627200K), 0.0021218 secs] [Times: user=0.00 sys=0.00, real=0.00 secs] 
2155.531: [GC (Allocation Failure) [PSYoungGen: 70496K->1344K(70656K)] 429713K->360561K(627200K), 0.0020243 secs] [Times: user=0.00 sys=0.00, real=0.00 secs] 
2155.932: [GC (Allocation Failure) [PSYoungGen: 70464K->1469K(70656K)] 429681K->360686K(627200K), 0.0019694 secs] [Times: user=0.01 sys=0.00, real=0.00 secs] 
2156.343: [GC (Allocation Failure) [PSYoungGen: 70589K->1504K(70656K)] 429806K->360745K(627200K), 0.0016474 secs] [Times: user=0.01 sys=0.00, real=0.00 secs] 
2156.744: [GC (Allocation Failure) [PSYoungGen: 70624K->1549K(71168K)] 429865K->360790K(627712K), 0.0016238 secs] [Times: user=0.00 sys=0.00, real=0.00 secs] 
2157.145: [GC (Allocation Failure) [PSYoungGen: 70669K->557K(70144K)] 429910K->360822K(626688K), 0.0016179 secs] [Times: user=0.01 sys=0.00, real=0.00 secs] 
2157.767: [GC (Allocation Failure) [PSYoungGen: 69677K->1424K(70656K)] 429942K->361713K(627200K), 0.0022083 secs] [Times: user=0.01 sys=0.00, real=0.01 secs] 
2158.326: [GC (Allocation Failure) [PSYoungGen: 70544K->1376K(71168K)] 430833K->361665K(627712K), 0.0019735 secs] [Times: user=0.00 sys=0.00, real=0.00 secs] 
2158.929: [GC (Allocation Failure) [PSYoungGen: 70496K->1312K(71168K)] 430785K->361601K(627712K), 0.0024267 secs] [Times: user=0.01 sys=0.00, real=0.00 secs] 
2159.216: [GC (Allocation Failure) [PSYoungGen: 70432K->1344K(71168K)] 430721K->361633K(627712K), 0.0019523 secs] [Times: user=0.01 sys=0.00, real=0.00 secs] 
2159.588: [GC (Allocation Failure) [PSYoungGen: 70464K->1469K(71168K)] 430753K->361758K(627712K), 0.0015053 secs] [Times: user=0.00 sys=0.00, real=0.01 secs] 
2159.988: [GC (Allocation Failure) [PSYoungGen: 70589K->1501K(71168K)] 430878K->361790K(627712K), 0.0016358 secs] [Times: user=0.00 sys=0.00, real=0.01 secs] 
2160.389: [GC (Allocation Failure) [PSYoungGen: 70621K->1533K(71168K)] 430910K->361822K(627712K), 0.0016028 secs] [Times: user=0.00 sys=0.00, real=0.00 secs] 
2160.792: [GC (Allocation Failure) [PSYoungGen: 70653K->1565K(71168K)] 430942K->361870K(627712K), 0.0015777 secs] [Times: user=0.01 sys=0.00, real=0.00 secs] 
2161.370: [GC (Allocation Failure) [PSYoungGen: 70685K->1344K(71168K)] 430990K->361649K(627712K), 0.0017616 secs] [Times: user=0.01 sys=0.00, real=0.00 secs] 
2161.938: [GC (Allocation Failure) [PSYoungGen: 70464K->1344K(71168K)] 430769K->361649K(627712K), 0.0031297 secs] [Times: user=0.01 sys=0.00, real=0.01 secs] 
2162.552: [GC (Allocation Failure) [PSYoungGen: 70464K->1328K(71168K)] 430769K->361633K(627712K), 0.0026303 secs] [Times: user=0.01 sys=0.00, real=0.00 secs] 
2163.025: [GC (Allocation Failure) [PSYoungGen: 70448K->1296K(71168K)] 430753K->361601K(627712K), 0.0023380 secs] [Times: user=0.01 sys=0.00, real=0.00 secs] 
2163.512: [GC (Allocation Failure) [PSYoungGen: 70416K->1549K(71168K)] 430721K->361854K(627712K), 0.0015840 secs] [Times: user=0.00 sys=0.00, real=0.00 secs] 
2163.922: [GC (Allocation Failure) [PSYoungGen: 70669K->1565K(71168K)] 430974K->361870K(627712K), 0.0015560 secs] [Times: user=0.00 sys=0.00, real=0.00 secs] 
2164.330: [GC (Allocation Failure) [PSYoungGen: 70685K->1581K(71168K)] 430990K->361886K(627712K), 0.0016431 secs] [Times: user=0.01 sys=0.00, real=0.00 secs] 
2164.772: [GC (Allocation Failure) [PSYoungGen: 70701K->1440K(71168K)] 431006K->361745K(627712K), 0.0018499 secs] [Times: user=0.01 sys=0.00, real=0.00 secs] 
2165.061: [GC (Allocation Failure) [PSYoungGen: 70560K->1312K(71168K)] 430865K->361617K(627712K), 0.0018117 secs] [Times: user=0.01 sys=0.00, real=0.00 secs] 
2165.352: [GC (Allocation Failure) [PSYoungGen: 70432K->1312K(71168K)] 430737K->361617K(627712K), 0.0018408 secs] [Times: user=0.01 sys=0.00, real=0.00 secs] 
2165.677: [GC (Allocation Failure) [PSYoungGen: 70432K->1344K(71168K)] 430737K->361649K(627712K), 0.0021445 secs] [Times: user=0.00 sys=0.00, real=0.01 secs] 
2166.050: [GC (Allocation Failure) [PSYoungGen: 70464K->1440K(71168K)] 430769K->361745K(627712K), 0.0016010 secs] [Times: user=0.00 sys=0.00, real=0.00 secs] 
2166.450: [GC (Allocation Failure) [PSYoungGen: 70560K->1517K(71168K)] 430865K->361822K(627712K), 0.0016542 secs] [Times: user=0.01 sys=0.00, real=0.00 secs] 
2166.852: [GC (Allocation Failure) [PSYoungGen: 70637K->1533K(71168K)] 430942K->361862K(627712K), 0.0017224 secs] [Times: user=0.01 sys=0.00, real=0.00 secs] 
2167.254: [GC (Allocation Failure) [PSYoungGen: 70653K->1485K(71168K)] 430982K->361814K(627712K), 0.0016005 secs] [Times: user=0.00 sys=0.00, real=0.00 secs] 
2167.660: [GC (Allocation Failure) [PSYoungGen: 70605K->1376K(71168K)] 430934K->361705K(627712K), 0.0018163 secs] [Times: user=0.01 sys=0.00, real=0.00 secs] 
2168.254: [GC (Allocation Failure) [PSYoungGen: 70496K->1312K(71168K)] 430825K->361641K(627712K), 0.0019317 secs] [Times: user=0.01 sys=0.00, real=0.00 secs] 
2168.879: [GC (Allocation Failure) [PSYoungGen: 70432K->1312K(71168K)] 430761K->361641K(627712K), 0.0019334 secs] [Times: user=0.00 sys=0.00, real=0.00 secs] 
2169.451: [GC (Allocation Failure) [PSYoungGen: 70432K->1344K(71168K)] 430761K->361673K(627712K), 0.0018947 secs] [Times: user=0.00 sys=0.00, real=0.00 secs] 
2169.928: [GC (Allocation Failure) [PSYoungGen: 70464K->1469K(71168K)] 430793K->361798K(627712K), 0.0017213 secs] [Times: user=0.01 sys=0.00, real=0.01 secs] 
2170.330: [GC (Allocation Failure) [PSYoungGen: 70589K->1533K(71168K)] 430918K->361862K(627712K), 0.0017269 secs] [Times: user=0.01 sys=0.00, real=0.00 secs] 
2170.738: [GC (Allocation Failure) [PSYoungGen: 70653K->1517K(71168K)] 430982K->361846K(627712K), 0.0016391 secs] [Times: user=0.01 sys=0.00, real=0.01 secs] 
2171.632: [GC (Allocation Failure) [PSYoungGen: 70637K->1488K(71168K)] 430966K->361817K(627712K), 0.0025948 secs] [Times: user=0.01 sys=0.00, real=0.00 secs] 
2172.738: [GC (Allocation Failure) [PSYoungGen: 70608K->1376K(71168K)] 430937K->361705K(627712K), 0.0024314 secs] [Times: user=0.01 sys=0.00, real=0.01 secs] 
2173.370: [GC (Allocation Failure) [PSYoungGen: 70496K->1344K(71168K)] 430825K->361673K(627712K), 0.0022869 secs] [Times: user=0.01 sys=0.00, real=0.00 secs] 
2173.950: [GC (Allocation Failure) [PSYoungGen: 70464K->1376K(71168K)] 430793K->361705K(627712K), 0.0029262 secs] [Times: user=0.01 sys=0.00, real=0.00 secs] 
2174.752: [GC (Allocation Failure) [PSYoungGen: 70496K->1437K(71168K)] 430825K->361766K(627712K), 0.0024896 secs] [Times: user=0.01 sys=0.00, real=0.00 secs] 
2175.203: [GC (Allocation Failure) [PSYoungGen: 70548K->1565K(71168K)] 430877K->361894K(627712K), 0.0016436 secs] [Times: user=0.01 sys=0.00, real=0.00 secs] 
2175.607: [GC (Allocation Failure) [PSYoungGen: 70685K->1501K(71168K)] 431014K->361830K(627712K), 0.0016052 secs] [Times: user=0.01 sys=0.00, real=0.00 secs] 
2176.011: [GC (Allocation Failure) [PSYoungGen: 70621K->1501K(71168K)] 430950K->361830K(627712K), 0.0016410 secs] [Times: user=0.01 sys=0.00, real=0.00 secs] 
2176.344: [GC (Allocation Failure) [PSYoungGen: 70621K->1440K(71168K)] 430950K->361777K(627712K), 0.0016451 secs] [Times: user=0.01 sys=0.00, real=0.00 secs] 
2176.702: [GC (Allocation Failure) [PSYoungGen: 70560K->1328K(71168K)] 430897K->361665K(627712K), 0.0022685 secs] [Times: user=0.01 sys=0.00, real=0.00 secs] 
2177.270: [GC (Allocation Failure) [PSYoungGen: 70448K->1376K(71168K)] 430785K->361713K(627712K), 0.0017853 secs] [Times: user=0.01 sys=0.00, real=0.00 secs] 
2177.855: [GC (Allocation Failure) [PSYoungGen: 70496K->1392K(71168K)] 430833K->361737K(627712K), 0.0034541 secs] [Times: user=0.01 sys=0.00, real=0.00 secs] 
2179.591: [GC (Allocation Failure) [PSYoungGen: 70509K->1456K(71168K)] 430855K->361809K(627712K), 0.0016714 secs] [Times: user=0.01 sys=0.00, real=0.00 secs] 
2180.054: [GC (Allocation Failure) [PSYoungGen: 70576K->1549K(71168K)] 430929K->361926K(627712K), 0.0016835 secs] [Times: user=0.01 sys=0.00, real=0.00 secs] 
2180.457: [GC (Allocation Failure) [PSYoungGen: 70669K->1581K(71168K)] 431046K->361958K(627712K), 0.0016676 secs] [Times: user=0.00 sys=0.00, real=0.00 secs] 
2180.860: [GC (Allocation Failure) [PSYoungGen: 70701K->1584K(71168K)] 431078K->361977K(627712K), 0.0016938 secs] [Times: user=0.01 sys=0.00, real=0.00 secs] 
2181.254: [GC (Allocation Failure) [PSYoungGen: 70704K->1376K(71168K)] 431097K->361769K(627712K), 0.0026845 secs] [Times: user=0.01 sys=0.00, real=0.00 secs] 
2181.768: [GC (Allocation Failure) [PSYoungGen: 70496K->1376K(71168K)] 430889K->361769K(627712K), 0.0021347 secs] [Times: user=0.01 sys=0.00, real=0.01 secs] 
2182.296: [GC (Allocation Failure) [PSYoungGen: 70496K->1328K(71168K)] 430889K->361721K(627712K), 0.0022263 secs] [Times: user=0.01 sys=0.00, real=0.00 secs] 
2182.841: [GC (Allocation Failure) [PSYoungGen: 70448K->1376K(71168K)] 430841K->361769K(627712K), 0.0033761 secs] [Times: user=0.02 sys=0.00, real=0.00 secs] 
2183.396: [GC (Allocation Failure) [PSYoungGen: 70496K->1517K(71168K)] 430889K->361910K(627712K), 0.0016728 secs] [Times: user=0.00 sys=0.00, real=0.00 secs] 
2183.799: [GC (Allocation Failure) [PSYoungGen: 70637K->1584K(71168K)] 431030K->361977K(627712K), 0.0016806 secs] [Times: user=0.01 sys=0.00, real=0.01 secs] 
2184.201: [GC (Allocation Failure) [PSYoungGen: 70704K->1533K(71168K)] 431097K->361926K(627712K), 0.0016498 secs] [Times: user=0.01 sys=0.00, real=0.00 secs] 
2184.580: [GC (Allocation Failure) [PSYoungGen: 70653K->1488K(71168K)] 431046K->361881K(627712K), 0.0017499 secs] [Times: user=0.00 sys=0.00, real=0.00 secs] 
2184.866: [GC (Allocation Failure) [PSYoungGen: 70608K->1344K(71168K)] 431001K->361737K(627712K), 0.0017039 secs] [Times: user=0.00 sys=0.00, real=0.00 secs] 
2185.384: [GC (Allocation Failure) [PSYoungGen: 70464K->1344K(71168K)] 430857K->361737K(627712K), 0.0016499 secs] [Times: user=0.00 sys=0.00, real=0.00 secs] 
2185.883: [GC (Allocation Failure) [PSYoungGen: 70464K->1376K(71168K)] 430857K->361769K(627712K), 0.0018930 secs] [Times: user=0.01 sys=0.00, real=0.00 secs] 
2186.420: [GC (Allocation Failure) [PSYoungGen: 70496K->1376K(71168K)] 430889K->361777K(627712K), 0.0017580 secs] [Times: user=0.01 sys=0.00, real=0.00 secs] 
2186.821: [GC (Allocation Failure) [PSYoungGen: 70496K->1533K(71168K)] 430897K->361934K(627712K), 0.0016290 secs] [Times: user=0.01 sys=0.00, real=0.00 secs] 
2187.222: [GC (Allocation Failure) [PSYoungGen: 70653K->1501K(71168K)] 431054K->361934K(627712K), 0.0016433 secs] [Times: user=0.00 sys=0.00, real=0.00 secs] 
2187.624: [GC (Allocation Failure) [PSYoungGen: 70621K->1517K(71168K)] 431054K->361950K(627712K), 0.0017435 secs] [Times: user=0.01 sys=0.00, real=0.00 secs] 
2188.002: [GC (Allocation Failure) [PSYoungGen: 70637K->1408K(71168K)] 431070K->361841K(627712K), 0.0018109 secs] [Times: user=0.01 sys=0.00, real=0.00 secs] 
2188.775: [GC (Allocation Failure) [PSYoungGen: 70528K->1376K(71168K)] 430961K->361809K(627712K), 0.0040688 secs] [Times: user=0.02 sys=0.00, real=0.01 secs] 
2189.538: [GC (Allocation Failure) [PSYoungGen: 70496K->1312K(71168K)] 430929K->361745K(627712K), 0.0038548 secs] [Times: user=0.02 sys=0.00, real=0.01 secs] 
2190.391: [GC (Allocation Failure) [PSYoungGen: 70432K->1344K(71168K)] 430865K->361777K(627712K), 0.0028941 secs] [Times: user=0.01 sys=0.01, real=0.00 secs] 
2191.235: [GC (Allocation Failure) [PSYoungGen: 70448K->1469K(71168K)] 430881K->361902K(627712K), 0.0016532 secs] [Times: user=0.01 sys=0.00, real=0.00 secs] 
2191.701: [GC (Allocation Failure) [PSYoungGen: 70589K->1581K(71168K)] 431022K->362014K(627712K), 0.0018441 secs] [Times: user=0.01 sys=0.00, real=0.00 secs] 
2192.178: [GC (Allocation Failure) [PSYoungGen: 70701K->1581K(71168K)] 431134K->362014K(627712K), 0.0016519 secs] [Times: user=0.00 sys=0.00, real=0.01 secs] 
2192.595: [GC (Allocation Failure) [PSYoungGen: 70701K->1520K(71168K)] 431134K->361953K(627712K), 0.0019937 secs] [Times: user=0.01 sys=0.01, real=0.00 secs] 
2192.883: [GC (Allocation Failure) [PSYoungGen: 70640K->1344K(71168K)] 431073K->361777K(627712K), 0.0020218 secs] [Times: user=0.01 sys=0.00, real=0.00 secs] 
2193.170: [GC (Allocation Failure) [PSYoungGen: 70464K->1296K(71168K)] 430897K->361729K(627712K), 0.0019209 secs] [Times: user=0.01 sys=0.00, real=0.00 secs] 
2193.506: [GC (Allocation Failure) [PSYoungGen: 70416K->1312K(71168K)] 430849K->361745K(627712K), 0.0020308 secs] [Times: user=0.01 sys=0.00, real=0.00 secs] 
2193.975: [GC (Allocation Failure) [PSYoungGen: 70432K->1469K(71168K)] 430865K->361902K(627712K), 0.0026340 secs] [Times: user=0.00 sys=0.01, real=0.00 secs] 
2194.447: [GC (Allocation Failure) [PSYoungGen: 70589K->1517K(71168K)] 431022K->361950K(627712K), 0.0015667 secs] [Times: user=0.01 sys=0.00, real=0.00 secs] 
2194.859: [GC (Allocation Failure) [PSYoungGen: 70637K->1533K(71168K)] 431070K->361966K(627712K), 0.0016096 secs] [Times: user=0.01 sys=0.00, real=0.01 secs] 
2195.261: [GC (Allocation Failure) [PSYoungGen: 70653K->1552K(71168K)] 431086K->361985K(627712K), 0.0016082 secs] [Times: user=0.01 sys=0.00, real=0.00 secs] 
2195.673: [GC (Allocation Failure) [PSYoungGen: 70672K->1456K(71168K)] 431105K->361889K(627712K), 0.0017519 secs] [Times: user=0.01 sys=0.00, real=0.00 secs] 
2195.961: [GC (Allocation Failure) [PSYoungGen: 70576K->1376K(71168K)] 431009K->361809K(627712K), 0.0016672 secs] [Times: user=0.01 sys=0.00, real=0.00 secs] 
2196.248: [GC (Allocation Failure) [PSYoungGen: 70496K->1344K(71168K)] 430929K->361777K(627712K), 0.0016748 secs] [Times: user=0.01 sys=0.00, real=0.01 secs] 
2196.535: [GC (Allocation Failure) [PSYoungGen: 70464K->1312K(71168K)] 430897K->361761K(627712K), 0.0016933 secs] [Times: user=0.01 sys=0.00, real=0.00 secs] 
2197.038: [GC (Allocation Failure) [PSYoungGen: 70432K->1453K(71168K)] 430881K->361902K(627712K), 0.0015315 secs] [Times: user=0.01 sys=0.00, real=0.01 secs] 
2197.438: [GC (Allocation Failure) [PSYoungGen: 70573K->1533K(71168K)] 431022K->361982K(627712K), 0.0017609 secs] [Times: user=0.01 sys=0.00, real=0.01 secs] 
2197.840: [GC (Allocation Failure) [PSYoungGen: 70653K->1485K(71168K)] 431102K->361934K(627712K), 0.0016110 secs] [Times: user=0.01 sys=0.00, real=0.00 secs] 
2198.305: [GC (Allocation Failure) [PSYoungGen: 70605K->1533K(71168K)] 431054K->361998K(627712K), 0.0017073 secs] [Times: user=0.01 sys=0.00, real=0.00 secs] 
2199.193: [GC (Allocation Failure) [PSYoungGen: 70653K->1344K(71168K)] 431118K->361809K(627712K), 0.0023146 secs] [Times: user=0.01 sys=0.00, real=0.00 secs] 
2199.569: [GC (Allocation Failure) [PSYoungGen: 70464K->1344K(71168K)] 430929K->361809K(627712K), 0.0018670 secs] [Times: user=0.01 sys=0.00, real=0.00 secs] 
2199.856: [GC (Allocation Failure) [PSYoungGen: 70464K->1312K(71168K)] 430929K->361777K(627712K), 0.0020419 secs] [Times: user=0.01 sys=0.00, real=0.00 secs] 
2200.143: [GC (Allocation Failure) [PSYoungGen: 70432K->1376K(71168K)] 430897K->361841K(627712K), 0.0019258 secs] [Times: user=0.01 sys=0.00, real=0.00 secs] 
2200.568: [GC (Allocation Failure) [PSYoungGen: 70496K->1549K(71168K)] 430961K->362014K(627712K), 0.0017066 secs] [Times: user=0.01 sys=0.00, real=0.01 secs] 
2200.969: [GC (Allocation Failure) [PSYoungGen: 70669K->1565K(71168K)] 431134K->362030K(627712K), 0.0016321 secs] [Times: user=0.00 sys=0.00, real=0.00 secs] 
2201.370: [GC (Allocation Failure) [PSYoungGen: 70685K->1552K(71168K)] 431150K->362017K(627712K), 0.0016490 secs] [Times: user=0.00 sys=0.00, real=0.00 secs] 
2201.853: [GC (Allocation Failure) [PSYoungGen: 70672K->1440K(71168K)] 431137K->361913K(627712K), 0.0018128 secs] [Times: user=0.01 sys=0.00, real=0.00 secs] 
2202.422: [GC (Allocation Failure) [PSYoungGen: 70560K->1344K(71168K)] 431033K->361817K(627712K), 0.0016997 secs] [Times: user=0.01 sys=0.00, real=0.00 secs] 
2202.712: [GC (Allocation Failure) [PSYoungGen: 70464K->1344K(71168K)] 430937K->361817K(627712K), 0.0020089 secs] [Times: user=0.00 sys=0.00, real=0.00 secs] 
2202.999: [GC (Allocation Failure) [PSYoungGen: 70464K->1312K(71168K)] 430937K->361785K(627712K), 0.0018858 secs] [Times: user=0.01 sys=0.00, real=0.00 secs] 
2203.370: [GC (Allocation Failure) [PSYoungGen: 70432K->1424K(71168K)] 430905K->361897K(627712K), 0.0016506 secs] [Times: user=0.01 sys=0.00, real=0.00 secs] 
2203.772: [GC (Allocation Failure) [PSYoungGen: 70544K->1501K(71168K)] 431017K->361974K(627712K), 0.0017681 secs] [Times: user=0.01 sys=0.00, real=0.00 secs] 
2204.174: [GC (Allocation Failure) [PSYoungGen: 70621K->1520K(71168K)] 431094K->361993K(627712K), 0.0016279 secs] [Times: user=0.01 sys=0.00, real=0.00 secs] 
2204.638: [GC (Allocation Failure) [PSYoungGen: 70640K->1565K(71168K)] 431113K->362038K(627712K), 0.0017197 secs] [Times: user=0.00 sys=0.00, real=0.01 secs] 
2205.037: [GC (Allocation Failure) [PSYoungGen: 70685K->1408K(71168K)] 431158K->361881K(627712K), 0.0019142 secs] [Times: user=0.00 sys=0.00, real=0.01 secs] 
2205.324: [GC (Allocation Failure) [PSYoungGen: 70528K->1360K(71168K)] 431001K->361833K(627712K), 0.0018497 secs] [Times: user=0.01 sys=0.00, real=0.00 secs] 
2205.641: [GC (Allocation Failure) [PSYoungGen: 70480K->1312K(71168K)] 430953K->361785K(627712K), 0.0021688 secs] [Times: user=0.01 sys=0.00, real=0.00 secs] 
2205.984: [GC (Allocation Failure) [PSYoungGen: 70432K->1344K(71168K)] 430905K->361817K(627712K), 0.0021432 secs] [Times: user=0.01 sys=0.00, real=0.00 secs] 
2206.440: [GC (Allocation Failure) [PSYoungGen: 70464K->1453K(71168K)] 430937K->361950K(627712K), 0.0018246 secs] [Times: user=0.01 sys=0.00, real=0.00 secs] 
2206.842: [GC (Allocation Failure) [PSYoungGen: 70573K->1485K(71168K)] 431070K->361982K(627712K), 0.0016043 secs] [Times: user=0.00 sys=0.00, real=0.00 secs] 
2207.246: [GC (Allocation Failure) [PSYoungGen: 70605K->1533K(71168K)] 431102K->362030K(627712K), 0.0016855 secs] [Times: user=0.01 sys=0.00, real=0.00 secs] 
2207.686: [GC (Allocation Failure) [PSYoungGen: 70653K->1472K(71168K)] 431150K->361969K(627712K), 0.0019048 secs] [Times: user=0.01 sys=0.00, real=0.00 secs] 
2208.352: [GC (Allocation Failure) [PSYoungGen: 70592K->1360K(71168K)] 431089K->361857K(627712K), 0.0021011 secs] [Times: user=0.01 sys=0.00, real=0.00 secs] 
2209.270: [GC (Allocation Failure) [PSYoungGen: 70480K->1376K(71168K)] 430977K->361873K(627712K), 0.0030958 secs] [Times: user=0.01 sys=0.00, real=0.00 secs] 
2210.119: [GC (Allocation Failure) [PSYoungGen: 70496K->1376K(71168K)] 430993K->361873K(627712K), 0.0032381 secs] [Times: user=0.02 sys=0.00, real=0.00 secs] 
2211.229: [GC (Allocation Failure) [PSYoungGen: 70496K->1405K(71168K)] 430993K->361902K(627712K), 0.0022155 secs] [Times: user=0.01 sys=0.00, real=0.01 secs] 
2211.671: [GC (Allocation Failure) [PSYoungGen: 70525K->1549K(71168K)] 431022K->362046K(627712K), 0.0016118 secs] [Times: user=0.01 sys=0.00, real=0.00 secs] 
2212.137: [GC (Allocation Failure) [PSYoungGen: 70669K->1565K(71168K)] 431166K->362062K(627712K), 0.0018677 secs] [Times: user=0.00 sys=0.00, real=0.00 secs] 
2212.539: [GC (Allocation Failure) [PSYoungGen: 70685K->1520K(71168K)] 431182K->362017K(627712K), 0.0016686 secs] [Times: user=0.01 sys=0.00, real=0.00 secs] 
2213.259: [GC (Allocation Failure) [PSYoungGen: 70640K->1456K(71168K)] 431137K->361961K(627712K), 0.0024928 secs] [Times: user=0.01 sys=0.00, real=0.00 secs] 
2213.929: [GC (Allocation Failure) [PSYoungGen: 70576K->1376K(71168K)] 431081K->361881K(627712K), 0.0042031 secs] [Times: user=0.02 sys=0.01, real=0.00 secs] 
2214.587: [GC (Allocation Failure) [PSYoungGen: 70496K->1344K(71168K)] 431001K->361849K(627712K), 0.0027358 secs] [Times: user=0.01 sys=0.00, real=0.01 secs] 
2215.296: [GC (Allocation Failure) [PSYoungGen: 70464K->1376K(71168K)] 430969K->361881K(627712K), 0.0029275 secs] [Times: user=0.01 sys=0.00, real=0.00 secs] 
2215.983: [GC (Allocation Failure) [PSYoungGen: 70496K->1517K(71168K)] 431001K->362022K(627712K), 0.0016609 secs] [Times: user=0.01 sys=0.00, real=0.00 secs] 
2216.385: [GC (Allocation Failure) [PSYoungGen: 70637K->1533K(71168K)] 431142K->362038K(627712K), 0.0015918 secs] [Times: user=0.00 sys=0.00, real=0.00 secs] 
2216.787: [GC (Allocation Failure) [PSYoungGen: 70653K->1613K(71168K)] 431158K->362118K(627712K), 0.0016084 secs] [Times: user=0.01 sys=0.00, real=0.01 secs] 
2217.190: [GC (Allocation Failure) [PSYoungGen: 70733K->1501K(71168K)] 431238K->362014K(627712K), 0.0016390 secs] [Times: user=0.01 sys=0.00, real=0.00 secs] 
2217.528: [GC (Allocation Failure) [PSYoungGen: 70621K->1376K(71168K)] 431134K->361889K(627712K), 0.0015402 secs] [Times: user=0.00 sys=0.00, real=0.01 secs] 
2217.829: [GC (Allocation Failure) [PSYoungGen: 70496K->1328K(71168K)] 431009K->361841K(627712K), 0.0018073 secs] [Times: user=0.01 sys=0.00, real=0.01 secs] 
2218.538: [GC (Allocation Failure) [PSYoungGen: 70448K->1344K(71168K)] 430961K->361857K(627712K), 0.0033825 secs] [Times: user=0.02 sys=0.00, real=0.01 secs] 
2219.224: [GC (Allocation Failure) [PSYoungGen: 70464K->1344K(71168K)] 430977K->361873K(627712K), 0.0026093 secs] [Times: user=0.01 sys=0.00, real=0.00 secs] 
2219.770: [GC (Allocation Failure) [PSYoungGen: 70464K->1533K(71168K)] 430993K->362062K(627712K), 0.0016000 secs] [Times: user=0.01 sys=0.00, real=0.00 secs] 
2220.173: [GC (Allocation Failure) [PSYoungGen: 70653K->1517K(71168K)] 431182K->362046K(627712K), 0.0016972 secs] [Times: user=0.01 sys=0.00, real=0.00 secs] 
2220.575: [GC (Allocation Failure) [PSYoungGen: 70637K->1533K(71168K)] 431166K->362062K(627712K), 0.0016351 secs] [Times: user=0.01 sys=0.00, real=0.00 secs] 
2221.346: [GC (Allocation Failure) [PSYoungGen: 70653K->1440K(71168K)] 431182K->361969K(627712K), 0.0022750 secs] [Times: user=0.01 sys=0.00, real=0.00 secs] 
2221.951: [GC (Allocation Failure) [PSYoungGen: 70560K->1344K(71168K)] 431089K->361873K(627712K), 0.0022833 secs] [Times: user=0.01 sys=0.00, real=0.00 secs] 
2222.636: [GC (Allocation Failure) [PSYoungGen: 70464K->1376K(71168K)] 430993K->361905K(627712K), 0.0024340 secs] [Times: user=0.01 sys=0.00, real=0.00 secs] 
2223.368: [GC (Allocation Failure) [PSYoungGen: 70496K->1376K(71168K)] 431025K->361905K(627712K), 0.0027073 secs] [Times: user=0.01 sys=0.00, real=0.01 secs] 
2224.057: [GC (Allocation Failure) [PSYoungGen: 70478K->1421K(71168K)] 431008K->361950K(627712K), 0.0016354 secs] [Times: user=0.01 sys=0.00, real=0.00 secs] 
2224.459: [GC (Allocation Failure) [PSYoungGen: 70541K->1565K(71168K)] 431070K->362094K(627712K), 0.0017371 secs] [Times: user=0.00 sys=0.00, real=0.00 secs] 
2224.865: [GC (Allocation Failure) [PSYoungGen: 70685K->1581K(71168K)] 431214K->362110K(627712K), 0.0016046 secs] [Times: user=0.01 sys=0.00, real=0.00 secs] 
2225.268: [GC (Allocation Failure) [PSYoungGen: 70701K->1501K(71168K)] 431230K->362030K(627712K), 0.0015827 secs] [Times: user=0.00 sys=0.00, real=0.01 secs] 
2226.001: [GC (Allocation Failure) [PSYoungGen: 70621K->1392K(71168K)] 431150K->361921K(627712K), 0.0021309 secs] [Times: user=0.01 sys=0.00, real=0.00 secs] 
2226.881: [GC (Allocation Failure) [PSYoungGen: 70512K->1344K(71168K)] 431041K->361873K(627712K), 0.0037074 secs] [Times: user=0.02 sys=0.00, real=0.00 secs] 
2227.622: [GC (Allocation Failure) [PSYoungGen: 70464K->1376K(71168K)] 430993K->361905K(627712K), 0.0035770 secs] [Times: user=0.01 sys=0.00, real=0.00 secs] 
2228.332: [GC (Allocation Failure) [PSYoungGen: 70496K->1344K(71168K)] 431025K->361873K(627712K), 0.0033334 secs] [Times: user=0.01 sys=0.00, real=0.00 secs] 
2228.944: [GC (Allocation Failure) [PSYoungGen: 70464K->1453K(71168K)] 430993K->361982K(627712K), 0.0015417 secs] [Times: user=0.01 sys=0.00, real=0.00 secs] 
2229.345: [GC (Allocation Failure) [PSYoungGen: 70573K->1533K(71168K)] 431102K->362086K(627712K), 0.0016275 secs] [Times: user=0.01 sys=0.00, real=0.00 secs] 
2229.749: [GC (Allocation Failure) [PSYoungGen: 70653K->1533K(71168K)] 431206K->362086K(627712K), 0.0015757 secs] [Times: user=0.01 sys=0.00, real=0.00 secs] 
2230.175: [GC (Allocation Failure) [PSYoungGen: 70653K->1472K(71168K)] 431206K->362025K(627712K), 0.0018576 secs] [Times: user=0.01 sys=0.00, real=0.00 secs] 
2230.587: [GC (Allocation Failure) [PSYoungGen: 70592K->1344K(71168K)] 431145K->361897K(627712K), 0.0020455 secs] [Times: user=0.01 sys=0.00, real=0.01 secs] 
2230.938: [GC (Allocation Failure) [PSYoungGen: 70464K->1360K(71168K)] 431017K->361913K(627712K), 0.0021881 secs] [Times: user=0.01 sys=0.00, real=0.01 secs] 
2231.430: [GC (Allocation Failure) [PSYoungGen: 70480K->1376K(71168K)] 431033K->361929K(627712K), 0.0026204 secs] [Times: user=0.01 sys=0.00, real=0.00 secs] 
2232.104: [GC (Allocation Failure) [PSYoungGen: 70471K->1501K(71168K)] 431024K->362054K(627712K), 0.0020507 secs] [Times: user=0.01 sys=0.00, real=0.00 secs] 
2232.619: [GC (Allocation Failure) [PSYoungGen: 70621K->1581K(71168K)] 431174K->362134K(627712K), 0.0016805 secs] [Times: user=0.00 sys=0.00, real=0.00 secs] 
2233.020: [GC (Allocation Failure) [PSYoungGen: 70701K->1533K(71168K)] 431254K->362086K(627712K), 0.0016667 secs] [Times: user=0.01 sys=0.00, real=0.00 secs] 
2233.423: [GC (Allocation Failure) [PSYoungGen: 70653K->1581K(71168K)] 431206K->362134K(627712K), 0.0016432 secs] [Times: user=0.00 sys=0.00, real=0.00 secs] 
2233.844: [GC (Allocation Failure) [PSYoungGen: 70701K->1424K(71168K)] 431254K->361977K(627712K), 0.0029880 secs] [Times: user=0.01 sys=0.00, real=0.00 secs] 
2234.180: [GC (Allocation Failure) [PSYoungGen: 70544K->1344K(71168K)] 431097K->361897K(627712K), 0.0020206 secs] [Times: user=0.01 sys=0.00, real=0.00 secs] 
2234.488: [GC (Allocation Failure) [PSYoungGen: 70464K->1328K(71168K)] 431017K->361881K(627712K), 0.0020584 secs] [Times: user=0.01 sys=0.00, real=0.01 secs] 
2234.786: [GC (Allocation Failure) [PSYoungGen: 70448K->1376K(71168K)] 431001K->361929K(627712K), 0.0024564 secs] [Times: user=0.01 sys=0.00, real=0.00 secs] 
2235.274: [GC (Allocation Failure) [PSYoungGen: 70491K->1469K(71168K)] 431045K->362022K(627712K), 0.0016834 secs] [Times: user=0.00 sys=0.00, real=0.00 secs] 
2235.680: [GC (Allocation Failure) [PSYoungGen: 70589K->1517K(71168K)] 431142K->362070K(627712K), 0.0015627 secs] [Times: user=0.01 sys=0.00, real=0.00 secs] 
2236.087: [GC (Allocation Failure) [PSYoungGen: 70637K->1501K(71168K)] 431190K->362054K(627712K), 0.0016203 secs] [Times: user=0.01 sys=0.00, real=0.00 secs] 
2236.489: [GC (Allocation Failure) [PSYoungGen: 70621K->1517K(71168K)] 431174K->362094K(627712K), 0.0015812 secs] [Times: user=0.01 sys=0.00, real=0.00 secs] 
2237.019: [GC (Allocation Failure) [PSYoungGen: 70637K->1408K(71168K)] 431214K->361985K(627712K), 0.0021501 secs] [Times: user=0.01 sys=0.00, real=0.00 secs] 
2237.305: [GC (Allocation Failure) [PSYoungGen: 70528K->1312K(71168K)] 431105K->361889K(627712K), 0.0018307 secs] [Times: user=0.01 sys=0.00, real=0.00 secs] 
2237.592: [GC (Allocation Failure) [PSYoungGen: 70432K->1312K(71168K)] 431009K->361889K(627712K), 0.0020055 secs] [Times: user=0.01 sys=0.00, real=0.00 secs] 
2237.878: [GC (Allocation Failure) [PSYoungGen: 70432K->1376K(71168K)] 431009K->361953K(627712K), 0.0019981 secs] [Times: user=0.01 sys=0.00, real=0.01 secs] 
2238.430: [GC (Allocation Failure) [PSYoungGen: 70496K->1517K(71168K)] 431073K->362094K(627712K), 0.0016256 secs] [Times: user=0.01 sys=0.00, real=0.00 secs] 
2238.831: [GC (Allocation Failure) [PSYoungGen: 70637K->1565K(71168K)] 431214K->362142K(627712K), 0.0016956 secs] [Times: user=0.00 sys=0.00, real=0.00 secs] 
2239.235: [GC (Allocation Failure) [PSYoungGen: 70685K->1533K(71168K)] 431262K->362110K(627712K), 0.0016833 secs] [Times: user=0.01 sys=0.00, real=0.00 secs] 
2239.627: [GC (Allocation Failure) [PSYoungGen: 70653K->1456K(71168K)] 431230K->362041K(627712K), 0.0022815 secs] [Times: user=0.01 sys=0.00, real=0.01 secs] 
2240.098: [GC (Allocation Failure) [PSYoungGen: 70576K->1376K(71168K)] 431161K->361961K(627712K), 0.0021605 secs] [Times: user=0.01 sys=0.00, real=0.01 secs] 
2240.607: [GC (Allocation Failure) [PSYoungGen: 70496K->1328K(71168K)] 431081K->361913K(627712K), 0.0022049 secs] [Times: user=0.01 sys=0.00, real=0.01 secs] 
2241.141: [GC (Allocation Failure) [PSYoungGen: 70448K->1344K(71168K)] 431033K->361929K(627712K), 0.0040153 secs] [Times: user=0.01 sys=0.00, real=0.00 secs] 
2241.755: [GC (Allocation Failure) [PSYoungGen: 70464K->1472K(71168K)] 431049K->362057K(627712K), 0.0016720 secs] [Times: user=0.01 sys=0.00, real=0.00 secs] 
2242.157: [GC (Allocation Failure) [PSYoungGen: 70592K->1552K(71168K)] 431177K->362137K(627712K), 0.0016540 secs] [Times: user=0.01 sys=0.00, real=0.00 secs] 
2242.560: [GC (Allocation Failure) [PSYoungGen: 70672K->1533K(71168K)] 431257K->362118K(627712K), 0.0016439 secs] [Times: user=0.00 sys=0.00, real=0.00 secs] 
2242.961: [GC (Allocation Failure) [PSYoungGen: 70653K->1581K(71168K)] 431238K->362166K(627712K), 0.0016058 secs] [Times: user=0.01 sys=0.00, real=0.00 secs] 
2243.586: [GC (Allocation Failure) [PSYoungGen: 70701K->1408K(71168K)] 431286K->361993K(627712K), 0.0020651 secs] [Times: user=0.01 sys=0.00, real=0.00 secs] 
2244.229: [GC (Allocation Failure) [PSYoungGen: 70528K->1376K(71168K)] 431113K->361961K(627712K), 0.0021244 secs] [Times: user=0.01 sys=0.00, real=0.01 secs] 
2244.898: [GC (Allocation Failure) [PSYoungGen: 70496K->1328K(71168K)] 431081K->361913K(627712K), 0.0024790 secs] [Times: user=0.01 sys=0.00, real=0.01 secs] 
2245.357: [GC (Allocation Failure) [PSYoungGen: 70448K->1344K(71168K)] 431033K->361929K(627712K), 0.0021446 secs] [Times: user=0.01 sys=0.00, real=0.01 secs] 
2245.757: [GC (Allocation Failure) [PSYoungGen: 70464K->1469K(71168K)] 431049K->362054K(627712K), 0.0016173 secs] [Times: user=0.01 sys=0.00, real=0.00 secs] 
2246.167: [GC (Allocation Failure) [PSYoungGen: 70586K->1565K(71168K)] 431172K->362150K(627712K), 0.0016737 secs] [Times: user=0.00 sys=0.00, real=0.00 secs] 
2246.573: [GC (Allocation Failure) [PSYoungGen: 70685K->1565K(71168K)] 431270K->362150K(627712K), 0.0016598 secs] [Times: user=0.00 sys=0.00, real=0.00 secs] 
2247.095: [GC (Allocation Failure) [PSYoungGen: 70685K->1440K(71168K)] 431270K->362025K(627712K), 0.0018392 secs] [Times: user=0.01 sys=0.00, real=0.00 secs] 
2248.034: [GC (Allocation Failure) [PSYoungGen: 70560K->1376K(71168K)] 431145K->361961K(627712K), 0.0022386 secs] [Times: user=0.01 sys=0.00, real=0.00 secs] 
2248.915: [GC (Allocation Failure) [PSYoungGen: 70496K->1312K(71168K)] 431081K->361921K(627712K), 0.0019011 secs] [Times: user=0.00 sys=0.00, real=0.00 secs] 
2249.244: [GC (Allocation Failure) [PSYoungGen: 70432K->1312K(71168K)] 431041K->361921K(627712K), 0.0020354 secs] [Times: user=0.01 sys=0.00, real=0.00 secs] 
2249.629: [GC (Allocation Failure) [PSYoungGen: 70410K->1405K(71168K)] 431020K->362014K(627712K), 0.0016206 secs] [Times: user=0.01 sys=0.00, real=0.00 secs] 
2250.036: [GC (Allocation Failure) [PSYoungGen: 70525K->1488K(71168K)] 431134K->362097K(627712K), 0.0016218 secs] [Times: user=0.00 sys=0.00, real=0.00 secs] 
2250.437: [GC (Allocation Failure) [PSYoungGen: 70608K->1549K(71168K)] 431217K->362158K(627712K), 0.0016497 secs] [Times: user=0.01 sys=0.00, real=0.01 secs] 
2250.840: [GC (Allocation Failure) [PSYoungGen: 70669K->1565K(71168K)] 431278K->362174K(627712K), 0.0016844 secs] [Times: user=0.00 sys=0.00, real=0.00 secs] 
2251.230: [GC (Allocation Failure) [PSYoungGen: 70685K->1456K(71168K)] 431294K->362073K(627712K), 0.0017137 secs] [Times: user=0.01 sys=0.00, real=0.00 secs] 
2251.601: [GC (Allocation Failure) [PSYoungGen: 70576K->1408K(71168K)] 431193K->362025K(627712K), 0.0016718 secs] [Times: user=0.00 sys=0.00, real=0.00 secs] 
2251.937: [GC (Allocation Failure) [PSYoungGen: 70528K->1360K(71168K)] 431145K->361977K(627712K), 0.0016859 secs] [Times: user=0.01 sys=0.00, real=0.00 secs] 
2252.267: [GC (Allocation Failure) [PSYoungGen: 70480K->1376K(71168K)] 431097K->361993K(627712K), 0.0016185 secs] [Times: user=0.00 sys=0.00, real=0.00 secs] 
2252.679: [GC (Allocation Failure) [PSYoungGen: 70496K->1472K(71168K)] 431113K->362089K(627712K), 0.0016693 secs] [Times: user=0.00 sys=0.00, real=0.00 secs] 
2253.081: [GC (Allocation Failure) [PSYoungGen: 70592K->1501K(71168K)] 431209K->362118K(627712K), 0.0015939 secs] [Times: user=0.01 sys=0.00, real=0.00 secs] 
2253.482: [GC (Allocation Failure) [PSYoungGen: 70621K->1520K(71168K)] 431238K->362137K(627712K), 0.0016279 secs] [Times: user=0.01 sys=0.00, real=0.00 secs] 
2253.889: [GC (Allocation Failure) [PSYoungGen: 70640K->1533K(71168K)] 431257K->362166K(627712K), 0.0016166 secs] [Times: user=0.01 sys=0.00, real=0.00 secs] 
2254.343: [GC (Allocation Failure) [PSYoungGen: 70653K->1344K(71168K)] 431286K->361977K(627712K), 0.0019890 secs] [Times: user=0.01 sys=0.00, real=0.00 secs] 
2254.683: [GC (Allocation Failure) [PSYoungGen: 70464K->1328K(71168K)] 431097K->361961K(627712K), 0.0020859 secs] [Times: user=0.01 sys=0.00, real=0.00 secs] 
2254.970: [GC (Allocation Failure) [PSYoungGen: 70448K->1344K(71168K)] 431081K->361977K(627712K), 0.0019727 secs] [Times: user=0.01 sys=0.00, real=0.00 secs] 
2255.271: [GC (Allocation Failure) [PSYoungGen: 70464K->1344K(71168K)] 431097K->361977K(627712K), 0.0020136 secs] [Times: user=0.00 sys=0.00, real=0.00 secs] 
2255.819: [GC (Allocation Failure) [PSYoungGen: 70461K->1517K(71168K)] 431095K->362150K(627712K), 0.0016681 secs] [Times: user=0.01 sys=0.00, real=0.00 secs] 
2256.228: [GC (Allocation Failure) [PSYoungGen: 70637K->1517K(71168K)] 431270K->362174K(627712K), 0.0016376 secs] [Times: user=0.01 sys=0.00, real=0.01 secs] 
2256.632: [GC (Allocation Failure) [PSYoungGen: 70637K->1533K(71168K)] 431294K->362190K(627712K), 0.0017082 secs] [Times: user=0.01 sys=0.00, real=0.00 secs] 
2257.048: [GC (Allocation Failure) [PSYoungGen: 70653K->1456K(71168K)] 431310K->362121K(627712K), 0.0023236 secs] [Times: user=0.01 sys=0.00, real=0.01 secs] 
2257.358: [GC (Allocation Failure) [PSYoungGen: 70576K->1312K(71168K)] 431241K->361977K(627712K), 0.0021213 secs] [Times: user=0.01 sys=0.00, real=0.01 secs] 
2257.645: [GC (Allocation Failure) [PSYoungGen: 70432K->1312K(71168K)] 431097K->361977K(627712K), 0.0020251 secs] [Times: user=0.01 sys=0.00, real=0.00 secs] 
2258.030: [GC (Allocation Failure) [PSYoungGen: 70432K->1376K(71168K)] 431097K->362041K(627712K), 0.0020226 secs] [Times: user=0.01 sys=0.00, real=0.00 secs] 
2258.399: [GC (Allocation Failure) [PSYoungGen: 70496K->1456K(71168K)] 431161K->362121K(627712K), 0.0016243 secs] [Times: user=0.01 sys=0.00, real=0.01 secs] 
2258.801: [GC (Allocation Failure) [PSYoungGen: 70576K->1549K(71168K)] 431241K->362214K(627712K), 0.0015954 secs] [Times: user=0.00 sys=0.00, real=0.00 secs] 
2259.202: [GC (Allocation Failure) [PSYoungGen: 70669K->1517K(71168K)] 431334K->362182K(627712K), 0.0016083 secs] [Times: user=0.01 sys=0.00, real=0.00 secs] 
2259.605: [GC (Allocation Failure) [PSYoungGen: 70637K->1533K(71168K)] 431302K->362198K(627712K), 0.0016324 secs] [Times: user=0.00 sys=0.00, real=0.00 secs] 
2259.952: [GC (Allocation Failure) [PSYoungGen: 70653K->1392K(71168K)] 431318K->362057K(627712K), 0.0017548 secs] [Times: user=0.01 sys=0.00, real=0.00 secs] 
2260.239: [GC (Allocation Failure) [PSYoungGen: 70512K->1344K(71168K)] 431177K->362009K(627712K), 0.0017130 secs] [Times: user=0.00 sys=0.00, real=0.01 secs] 
2260.525: [GC (Allocation Failure) [PSYoungGen: 70464K->1344K(71168K)] 431129K->362009K(627712K), 0.0016916 secs] [Times: user=0.00 sys=0.00, real=0.00 secs] 
2260.812: [GC (Allocation Failure) [PSYoungGen: 70464K->1328K(71168K)] 431129K->361993K(627712K), 0.0017786 secs] [Times: user=0.01 sys=0.00, real=0.00 secs] 
2261.206: [GC (Allocation Failure) [PSYoungGen: 70448K->1488K(71168K)] 431113K->362153K(627712K), 0.0016971 secs] [Times: user=0.01 sys=0.00, real=0.00 secs] 
2261.609: [GC (Allocation Failure) [PSYoungGen: 70608K->1533K(71168K)] 431273K->362198K(627712K), 0.0016228 secs] [Times: user=0.00 sys=0.00, real=0.00 secs] 
2262.011: [GC (Allocation Failure) [PSYoungGen: 70653K->1549K(71168K)] 431318K->362214K(627712K), 0.0016090 secs] [Times: user=0.01 sys=0.00, real=0.00 secs] 
2262.405: [GC (Allocation Failure) [PSYoungGen: 70669K->1536K(71168K)] 431334K->362201K(627712K), 0.0016779 secs] [Times: user=0.00 sys=0.00, real=0.00 secs] 
2262.692: [GC (Allocation Failure) [PSYoungGen: 70656K->1376K(71168K)] 431321K->362041K(627712K), 0.0014797 secs] [Times: user=0.01 sys=0.01, real=0.00 secs] 
2262.978: [GC (Allocation Failure) [PSYoungGen: 70496K->1312K(71168K)] 431161K->361977K(627712K), 0.0016630 secs] [Times: user=0.00 sys=0.00, real=0.01 secs] 
2263.265: [GC (Allocation Failure) [PSYoungGen: 70432K->1408K(71168K)] 431097K->362073K(627712K), 0.0019369 secs] [Times: user=0.00 sys=0.00, real=0.00 secs] 
2263.635: [GC (Allocation Failure) [PSYoungGen: 70528K->1424K(71168K)] 431193K->362089K(627712K), 0.0018146 secs] [Times: user=0.00 sys=0.00, real=0.00 secs] 
2264.038: [GC (Allocation Failure) [PSYoungGen: 70544K->1517K(71168K)] 431209K->362182K(627712K), 0.0016397 secs] [Times: user=0.01 sys=0.00, real=0.01 secs] 
2264.442: [GC (Allocation Failure) [PSYoungGen: 70637K->1549K(71168K)] 431302K->362214K(627712K), 0.0017485 secs] [Times: user=0.00 sys=0.00, real=0.00 secs] 
2264.867: [GC (Allocation Failure) [PSYoungGen: 70669K->1565K(71168K)] 431334K->362230K(627712K), 0.0017577 secs] [Times: user=0.01 sys=0.00, real=0.00 secs] 
2265.764: [GC (Allocation Failure) [PSYoungGen: 70685K->1424K(71168K)] 431350K->362089K(627712K), 0.0036531 secs] [Times: user=0.01 sys=0.00, real=0.00 secs] 
2266.758: [GC (Allocation Failure) [PSYoungGen: 70544K->1344K(71168K)] 431209K->362025K(627712K), 0.0032833 secs] [Times: user=0.01 sys=0.00, real=0.01 secs] 
2267.607: [GC (Allocation Failure) [PSYoungGen: 70464K->1328K(71168K)] 431145K->362009K(627712K), 0.0029948 secs] [Times: user=0.01 sys=0.00, real=0.01 secs] 
2267.914: [GC (Allocation Failure) [PSYoungGen: 70448K->1312K(71168K)] 431129K->361993K(627712K), 0.0018448 secs] [Times: user=0.01 sys=0.01, real=0.00 secs] 
2268.335: [GC (Allocation Failure) [PSYoungGen: 70432K->1472K(71168K)] 431113K->362153K(627712K), 0.0016784 secs] [Times: user=0.00 sys=0.00, real=0.00 secs] 
2268.738: [GC (Allocation Failure) [PSYoungGen: 70592K->1520K(71168K)] 431273K->362201K(627712K), 0.0016779 secs] [Times: user=0.01 sys=0.00, real=0.01 secs] 
2269.141: [GC (Allocation Failure) [PSYoungGen: 70640K->1501K(71168K)] 431321K->362182K(627712K), 0.0016714 secs] [Times: user=0.00 sys=0.00, real=0.00 secs] 
2269.542: [GC (Allocation Failure) [PSYoungGen: 70621K->320K(71168K)] 431302K->361001K(627712K), 0.0021963 secs] [Times: user=0.01 sys=0.00, real=0.00 secs] 
2269.877: [GC (Allocation Failure) [PSYoungGen: 69440K->1312K(71168K)] 430121K->361993K(627712K), 0.0016831 secs] [Times: user=0.00 sys=0.00, real=0.01 secs] 
2270.224: [GC (Allocation Failure) [PSYoungGen: 70432K->1376K(71168K)] 431113K->362057K(627712K), 0.0018933 secs] [Times: user=0.00 sys=0.00, real=0.00 secs] 
2270.654: [GC (Allocation Failure) [PSYoungGen: 70496K->1344K(71168K)] 431177K->362025K(627712K), 0.0019802 secs] [Times: user=0.01 sys=0.00, real=0.00 secs] 
2271.277: [GC (Allocation Failure) [PSYoungGen: 70464K->1376K(71168K)] 431145K->362057K(627712K), 0.0022725 secs] [Times: user=0.01 sys=0.00, real=0.01 secs] 
2271.851: [GC (Allocation Failure) [PSYoungGen: 70496K->1533K(71168K)] 431177K->362214K(627712K), 0.0017440 secs] [Times: user=0.01 sys=0.00, real=0.00 secs] 
2272.252: [GC (Allocation Failure) [PSYoungGen: 70653K->1533K(71168K)] 431334K->362214K(627712K), 0.0017034 secs] [Times: user=0.01 sys=0.00, real=0.00 secs] 
2272.654: [GC (Allocation Failure) [PSYoungGen: 70653K->1501K(71168K)] 431334K->362182K(627712K), 0.0016026 secs] [Times: user=0.01 sys=0.00, real=0.00 secs] 
2273.359: [GC (Allocation Failure) [PSYoungGen: 70621K->1472K(71168K)] 431302K->362161K(627712K), 0.0038030 secs] [Times: user=0.01 sys=0.00, real=0.00 secs] 
2274.056: [GC (Allocation Failure) [PSYoungGen: 70592K->1376K(71168K)] 431281K->362065K(627712K), 0.0039451 secs] [Times: user=0.01 sys=0.00, real=0.01 secs] 
2274.667: [GC (Allocation Failure) [PSYoungGen: 70496K->1344K(71168K)] 431185K->362033K(627712K), 0.0026641 secs] [Times: user=0.01 sys=0.00, real=0.01 secs] 
2275.121: [GC (Allocation Failure) [PSYoungGen: 70464K->1312K(71168K)] 431153K->362001K(627712K), 0.0024793 secs] [Times: user=0.01 sys=0.00, real=0.00 secs] 
2275.693: [GC (Allocation Failure) [PSYoungGen: 70432K->1440K(71168K)] 431121K->362129K(627712K), 0.0017349 secs] [Times: user=0.01 sys=0.00, real=0.00 secs] 
2276.095: [GC (Allocation Failure) [PSYoungGen: 70560K->1533K(71168K)] 431249K->362222K(627712K), 0.0015860 secs] [Times: user=0.00 sys=0.00, real=0.00 secs] 
2276.499: [GC (Allocation Failure) [PSYoungGen: 70653K->1565K(71168K)] 431342K->362254K(627712K), 0.0016909 secs] [Times: user=0.01 sys=0.00, real=0.00 secs] 
2276.913: [GC (Allocation Failure) [PSYoungGen: 70685K->1533K(71168K)] 431374K->362230K(627712K), 0.0016250 secs] [Times: user=0.01 sys=0.00, real=0.00 secs] 
2277.996: [GC (Allocation Failure) [PSYoungGen: 70653K->1408K(71168K)] 431350K->362105K(627712K), 0.0024889 secs] [Times: user=0.01 sys=0.00, real=0.01 secs] 
2278.650: [GC (Allocation Failure) [PSYoungGen: 70528K->1360K(71168K)] 431225K->362081K(627712K), 0.0024053 secs] [Times: user=0.01 sys=0.00, real=0.00 secs] 
2279.198: [GC (Allocation Failure) [PSYoungGen: 70480K->1312K(71168K)] 431201K->362033K(627712K), 0.0020115 secs] [Times: user=0.00 sys=0.00, real=0.01 secs] 
2279.499: [GC (Allocation Failure) [PSYoungGen: 70432K->1376K(71168K)] 431153K->362097K(627712K), 0.0019577 secs] [Times: user=0.01 sys=0.00, real=0.01 secs] 
2279.893: [GC (Allocation Failure) [PSYoungGen: 70464K->1453K(71168K)] 431186K->362174K(627712K), 0.0017014 secs] [Times: user=0.00 sys=0.00, real=0.00 secs] 
2280.302: [GC (Allocation Failure) [PSYoungGen: 70573K->1517K(71168K)] 431294K->362238K(627712K), 0.0016278 secs] [Times: user=0.00 sys=0.00, real=0.00 secs] 
2280.704: [GC (Allocation Failure) [PSYoungGen: 70637K->1501K(71168K)] 431358K->362222K(627712K), 0.0017137 secs] [Times: user=0.01 sys=0.00, real=0.00 secs] 
2281.151: [GC (Allocation Failure) [PSYoungGen: 70621K->1488K(71168K)] 431342K->362225K(627712K), 0.0018057 secs] [Times: user=0.01 sys=0.00, real=0.00 secs] 
2281.724: [GC (Allocation Failure) [PSYoungGen: 70608K->1376K(71168K)] 431345K->362113K(627712K), 0.0017778 secs] [Times: user=0.01 sys=0.00, real=0.00 secs] 
2282.330: [GC (Allocation Failure) [PSYoungGen: 70496K->1344K(71168K)] 431233K->362081K(627712K), 0.0020935 secs] [Times: user=0.01 sys=0.00, real=0.00 secs] 
2282.809: [GC (Allocation Failure) [PSYoungGen: 70464K->1312K(71168K)] 431201K->362049K(627712K), 0.0019570 secs] [Times: user=0.01 sys=0.00, real=0.00 secs] 
2283.360: [GC (Allocation Failure) [PSYoungGen: 70432K->1405K(71168K)] 431169K->362142K(627712K), 0.0015816 secs] [Times: user=0.00 sys=0.00, real=0.00 secs] 
2283.764: [GC (Allocation Failure) [PSYoungGen: 70525K->1520K(71168K)] 431262K->362257K(627712K), 0.0016837 secs] [Times: user=0.00 sys=0.00, real=0.00 secs] 
2284.166: [GC (Allocation Failure) [PSYoungGen: 70640K->1549K(71168K)] 431377K->362286K(627712K), 0.0016082 secs] [Times: user=0.01 sys=0.00, real=0.00 secs] 
2284.568: [GC (Allocation Failure) [PSYoungGen: 70669K->1501K(71168K)] 431406K->362238K(627712K), 0.0015958 secs] [Times: user=0.00 sys=0.00, real=0.01 secs] 
2285.047: [GC (Allocation Failure) [PSYoungGen: 70621K->1424K(71168K)] 431358K->362161K(627712K), 0.0019792 secs] [Times: user=0.01 sys=0.00, real=0.00 secs] 
2285.334: [GC (Allocation Failure) [PSYoungGen: 70544K->1376K(71168K)] 431281K->362113K(627712K), 0.0019573 secs] [Times: user=0.01 sys=0.00, real=0.00 secs] 
2285.680: [GC (Allocation Failure) [PSYoungGen: 70496K->1376K(71168K)] 431233K->362113K(627712K), 0.0020869 secs] [Times: user=0.01 sys=0.00, real=0.00 secs] 
2286.199: [GC (Allocation Failure) [PSYoungGen: 70496K->1376K(71168K)] 431233K->362113K(627712K), 0.0025690 secs] [Times: user=0.01 sys=0.00, real=0.00 secs] 
2286.955: [GC (Allocation Failure) [PSYoungGen: 70496K->1501K(71168K)] 431233K->362238K(627712K), 0.0015056 secs] [Times: user=0.01 sys=0.00, real=0.00 secs] 
2287.361: [GC (Allocation Failure) [PSYoungGen: 70621K->1549K(71168K)] 431358K->362310K(627712K), 0.0016496 secs] [Times: user=0.00 sys=0.00, real=0.00 secs] 
2287.826: [GC (Allocation Failure) [PSYoungGen: 70669K->1469K(71168K)] 431430K->362230K(627712K), 0.0017788 secs] [Times: user=0.00 sys=0.00, real=0.00 secs] 
2288.227: [GC (Allocation Failure) [PSYoungGen: 70589K->320K(71168K)] 431350K->361081K(627712K), 0.0015709 secs] [Times: user=0.00 sys=0.00, real=0.00 secs] 
2289.462: [GC (Allocation Failure) [PSYoungGen: 69440K->1376K(71168K)] 430201K->362137K(627712K), 0.0032830 secs] [Times: user=0.01 sys=0.00, real=0.00 secs] 
2290.109: [GC (Allocation Failure) [PSYoungGen: 70496K->1376K(71168K)] 431257K->362137K(627712K), 0.0027240 secs] [Times: user=0.01 sys=0.00, real=0.00 secs] 
2290.750: [GC (Allocation Failure) [PSYoungGen: 70496K->1344K(71168K)] 431257K->362105K(627712K), 0.0029442 secs] [Times: user=0.01 sys=0.00, real=0.00 secs] 
2291.314: [GC (Allocation Failure) [PSYoungGen: 70464K->1312K(71168K)] 431225K->362073K(627712K), 0.0021737 secs] [Times: user=0.01 sys=0.00, real=0.00 secs] 
2291.782: [GC (Allocation Failure) [PSYoungGen: 70432K->1501K(71168K)] 431193K->362262K(627712K), 0.0015336 secs] [Times: user=0.01 sys=0.00, real=0.00 secs] 
2292.183: [GC (Allocation Failure) [PSYoungGen: 70621K->1549K(71168K)] 431382K->362310K(627712K), 0.0016233 secs] [Times: user=0.01 sys=0.00, real=0.00 secs] 
2292.585: [GC (Allocation Failure) [PSYoungGen: 70669K->1552K(71168K)] 431430K->362313K(627712K), 0.0015851 secs] [Times: user=0.01 sys=0.00, real=0.00 secs] 
2293.063: [GC (Allocation Failure) [PSYoungGen: 70672K->1424K(71168K)] 431433K->362185K(627712K), 0.0021775 secs] [Times: user=0.01 sys=0.00, real=0.00 secs] 
2293.351: [GC (Allocation Failure) [PSYoungGen: 70544K->1344K(71168K)] 431305K->362105K(627712K), 0.0019368 secs] [Times: user=0.00 sys=0.00, real=0.00 secs] 
2293.638: [GC (Allocation Failure) [PSYoungGen: 70464K->1376K(71168K)] 431225K->362137K(627712K), 0.0018946 secs] [Times: user=0.00 sys=0.00, real=0.01 secs] 
2293.952: [GC (Allocation Failure) [PSYoungGen: 70496K->1312K(71168K)] 431257K->362073K(627712K), 0.0019762 secs] [Times: user=0.01 sys=0.00, real=0.00 secs] 
2294.978: [GC (Allocation Failure) [PSYoungGen: 70432K->1405K(71168K)] 431193K->362166K(627712K), 0.0017484 secs] [Times: user=0.01 sys=0.00, real=0.01 secs] 
2295.443: [GC (Allocation Failure) [PSYoungGen: 70525K->1533K(71168K)] 431286K->362294K(627712K), 0.0017948 secs] [Times: user=0.00 sys=0.00, real=0.00 secs] 
2295.845: [GC (Allocation Failure) [PSYoungGen: 70653K->1552K(71168K)] 431414K->362321K(627712K), 0.0016636 secs] [Times: user=0.01 sys=0.00, real=0.00 secs] 
2296.246: [GC (Allocation Failure) [PSYoungGen: 70672K->1533K(71168K)] 431441K->362310K(627712K), 0.0017387 secs] [Times: user=0.00 sys=0.00, real=0.00 secs] 
2296.729: [GC (Allocation Failure) [PSYoungGen: 70653K->1472K(71168K)] 431430K->362257K(627712K), 0.0033282 secs] [Times: user=0.01 sys=0.00, real=0.00 secs] 
2297.019: [GC (Allocation Failure) [PSYoungGen: 70592K->1376K(71168K)] 431377K->362161K(627712K), 0.0024399 secs] [Times: user=0.01 sys=0.00, real=0.00 secs] 
2297.384: [GC (Allocation Failure) [PSYoungGen: 70496K->1344K(71168K)] 431281K->362153K(627712K), 0.0029295 secs] [Times: user=0.01 sys=0.00, real=0.00 secs] 
2297.891: [GC (Allocation Failure) [PSYoungGen: 70464K->1328K(71168K)] 431273K->362137K(627712K), 0.0027640 secs] [Times: user=0.01 sys=0.00, real=0.00 secs] 
2298.384: [GC (Allocation Failure) [PSYoungGen: 70446K->1453K(71168K)] 431256K->362262K(627712K), 0.0015580 secs] [Times: user=0.00 sys=0.00, real=0.00 secs] 
2298.788: [GC (Allocation Failure) [PSYoungGen: 70573K->1517K(71168K)] 431382K->362326K(627712K), 0.0016469 secs] [Times: user=0.01 sys=0.00, real=0.01 secs] 
2299.190: [GC (Allocation Failure) [PSYoungGen: 70637K->1520K(71168K)] 431446K->362329K(627712K), 0.0015828 secs] [Times: user=0.01 sys=0.00, real=0.00 secs] 
2299.735: [GC (Allocation Failure) [PSYoungGen: 70640K->1488K(71168K)] 431449K->362297K(627712K), 0.0020984 secs] [Times: user=0.00 sys=0.00, real=0.00 secs] 
2300.365: [GC (Allocation Failure) [PSYoungGen: 70608K->1344K(71168K)] 431417K->362153K(627712K), 0.0021513 secs] [Times: user=0.00 sys=0.00, real=0.00 secs] 
2301.061: [GC (Allocation Failure) [PSYoungGen: 70464K->1312K(71168K)] 431273K->362121K(627712K), 0.0020956 secs] [Times: user=0.01 sys=0.00, real=0.00 secs] 
2301.684: [GC (Allocation Failure) [PSYoungGen: 70432K->1344K(71168K)] 431241K->362153K(627712K), 0.0022292 secs] [Times: user=0.01 sys=0.00, real=0.00 secs] 
2302.309: [GC (Allocation Failure) [PSYoungGen: 70464K->1469K(71168K)] 431273K->362278K(627712K), 0.0019506 secs] [Times: user=0.01 sys=0.00, real=0.00 secs] 
2302.721: [GC (Allocation Failure) [PSYoungGen: 70589K->1533K(71168K)] 431398K->362342K(627712K), 0.0016453 secs] [Times: user=0.00 sys=0.00, real=0.00 secs] 
2303.122: [GC (Allocation Failure) [PSYoungGen: 70653K->1520K(71168K)] 431462K->362329K(627712K), 0.0016116 secs] [Times: user=0.01 sys=0.00, real=0.00 secs] 
2303.588: [GC (Allocation Failure) [PSYoungGen: 70640K->1565K(71168K)] 431449K->362374K(627712K), 0.0016643 secs] [Times: user=0.01 sys=0.00, real=0.01 secs] 
2304.203: [GC (Allocation Failure) [PSYoungGen: 70685K->1456K(71168K)] 431494K->362265K(627712K), 0.0022424 secs] [Times: user=0.01 sys=0.00, real=0.00 secs] 
2304.775: [GC (Allocation Failure) [PSYoungGen: 70576K->1344K(71168K)] 431385K->362153K(627712K), 0.0021864 secs] [Times: user=0.00 sys=0.00, real=0.00 secs] 
2305.356: [GC (Allocation Failure) [PSYoungGen: 70464K->1344K(71168K)] 431273K->362153K(627712K), 0.0022211 secs] [Times: user=0.01 sys=0.00, real=0.00 secs] 
2305.864: [GC (Allocation Failure) [PSYoungGen: 70464K->1344K(71168K)] 431273K->362153K(627712K), 0.0019372 secs] [Times: user=0.01 sys=0.00, real=0.00 secs] 
2306.265: [GC (Allocation Failure) [PSYoungGen: 70464K->1485K(71168K)] 431273K->362294K(627712K), 0.0016769 secs] [Times: user=0.00 sys=0.00, real=0.00 secs] 
2306.666: [GC (Allocation Failure) [PSYoungGen: 70605K->1501K(71168K)] 431414K->362310K(627712K), 0.0015992 secs] [Times: user=0.01 sys=0.00, real=0.00 secs] 
2307.075: [GC (Allocation Failure) [PSYoungGen: 70621K->1552K(71168K)] 431430K->362361K(627712K), 0.0016111 secs] [Times: user=0.00 sys=0.00, real=0.00 secs] 
2307.480: [GC (Allocation Failure) [PSYoungGen: 70272K->288K(71168K)] 431081K->361097K(627712K), 0.0014589 secs] [Times: user=0.01 sys=0.00, real=0.00 secs] 
2308.402: [GC (Allocation Failure) [PSYoungGen: 69408K->1344K(71168K)] 430217K->362161K(627712K), 0.0033943 secs] [Times: user=0.02 sys=0.00, real=0.00 secs] 
2308.992: [GC (Allocation Failure) [PSYoungGen: 70464K->1344K(71168K)] 431281K->362161K(627712K), 0.0027654 secs] [Times: user=0.01 sys=0.00, real=0.00 secs] 
2309.594: [GC (Allocation Failure) [PSYoungGen: 70464K->1376K(71168K)] 431281K->362193K(627712K), 0.0025884 secs] [Times: user=0.01 sys=0.00, real=0.00 secs] 
2310.232: [GC (Allocation Failure) [PSYoungGen: 70496K->1344K(71168K)] 431313K->362161K(627712K), 0.0021652 secs] [Times: user=0.01 sys=0.00, real=0.00 secs] 
2310.731: [GC (Allocation Failure) [PSYoungGen: 70464K->1517K(71168K)] 431281K->362334K(627712K), 0.0015997 secs] [Times: user=0.01 sys=0.00, real=0.00 secs] 
2311.134: [GC (Allocation Failure) [PSYoungGen: 70637K->1533K(71168K)] 431454K->362350K(627712K), 0.0017728 secs] [Times: user=0.01 sys=0.00, real=0.00 secs] 
2311.537: [GC (Allocation Failure) [PSYoungGen: 70653K->1517K(71168K)] 431470K->362334K(627712K), 0.0016401 secs] [Times: user=0.01 sys=0.00, real=0.01 secs] 
2312.031: [GC (Allocation Failure) [PSYoungGen: 70637K->1488K(71168K)] 431454K->362305K(627712K), 0.0018262 secs] [Times: user=0.01 sys=0.00, real=0.00 secs] 
2312.699: [GC (Allocation Failure) [PSYoungGen: 70608K->1360K(71168K)] 431425K->362177K(627712K), 0.0019845 secs] [Times: user=0.00 sys=0.00, real=0.00 secs] 
2313.308: [GC (Allocation Failure) [PSYoungGen: 70480K->1344K(71168K)] 431297K->362161K(627712K), 0.0021672 secs] [Times: user=0.01 sys=0.00, real=0.01 secs] 
2313.703: [GC (Allocation Failure) [PSYoungGen: 70464K->1312K(71168K)] 431281K->362129K(627712K), 0.0019539 secs] [Times: user=0.01 sys=0.00, real=0.00 secs] 
2314.062: [GC (Allocation Failure) [PSYoungGen: 70432K->1440K(71168K)] 431249K->362257K(627712K), 0.0015966 secs] [Times: user=0.00 sys=0.00, real=0.00 secs] 
2314.464: [GC (Allocation Failure) [PSYoungGen: 70560K->1501K(71168K)] 431377K->362318K(627712K), 0.0016806 secs] [Times: user=0.01 sys=0.00, real=0.00 secs] 
2314.865: [GC (Allocation Failure) [PSYoungGen: 70621K->1517K(71168K)] 431438K->362334K(627712K), 0.0016109 secs] [Times: user=0.00 sys=0.00, real=0.00 secs] 
2315.268: [GC (Allocation Failure) [PSYoungGen: 70637K->1565K(71168K)] 431454K->362390K(627712K), 0.0016345 secs] [Times: user=0.00 sys=0.00, real=0.01 secs] 
2315.666: [GC (Allocation Failure) [PSYoungGen: 70685K->1408K(71168K)] 431510K->362233K(627712K), 0.0017568 secs] [Times: user=0.01 sys=0.00, real=0.00 secs] 
2315.953: [GC (Allocation Failure) [PSYoungGen: 70528K->1344K(71168K)] 431353K->362169K(627712K), 0.0016365 secs] [Times: user=0.00 sys=0.00, real=0.00 secs] 
2316.346: [GC (Allocation Failure) [PSYoungGen: 70464K->1344K(71168K)] 431289K->362169K(627712K), 0.0017370 secs] [Times: user=0.01 sys=0.00, real=0.00 secs] 
2316.844: [GC (Allocation Failure) [PSYoungGen: 70464K->1376K(71168K)] 431289K->362225K(627712K), 0.0017600 secs] [Times: user=0.01 sys=0.00, real=0.00 secs] 
2317.519: [GC (Allocation Failure) [PSYoungGen: 70494K->1453K(71168K)] 431344K->362302K(627712K), 0.0016277 secs] [Times: user=0.01 sys=0.00, real=0.00 secs] 
2317.935: [GC (Allocation Failure) [PSYoungGen: 70573K->1549K(71168K)] 431422K->362398K(627712K), 0.0016877 secs] [Times: user=0.01 sys=0.00, real=0.00 secs] 
2318.336: [GC (Allocation Failure) [PSYoungGen: 70669K->1485K(71168K)] 431518K->362334K(627712K), 0.0017176 secs] [Times: user=0.00 sys=0.00, real=0.00 secs] 
2318.731: [GC (Allocation Failure) [PSYoungGen: 70605K->1472K(71168K)] 431454K->362321K(627712K), 0.0020648 secs] [Times: user=0.01 sys=0.00, real=0.00 secs] 
2319.019: [GC (Allocation Failure) [PSYoungGen: 70592K->1360K(71168K)] 431441K->362209K(627712K), 0.0020529 secs] [Times: user=0.01 sys=0.00, real=0.00 secs] 
2319.316: [GC (Allocation Failure) [PSYoungGen: 70480K->1344K(71168K)] 431329K->362193K(627712K), 0.0020667 secs] [Times: user=0.00 sys=0.00, real=0.00 secs] 
2319.876: [GC (Allocation Failure) [PSYoungGen: 70464K->1312K(71168K)] 431313K->362161K(627712K), 0.0021151 secs] [Times: user=0.01 sys=0.00, real=0.00 secs] 
2320.873: [GC (Allocation Failure) [PSYoungGen: 70432K->1437K(71168K)] 431281K->362286K(627712K), 0.0025002 secs] [Times: user=0.01 sys=0.00, real=0.00 secs] 
2321.323: [GC (Allocation Failure) [PSYoungGen: 70557K->1549K(71168K)] 431406K->362398K(627712K), 0.0016484 secs] [Times: user=0.00 sys=0.00, real=0.00 secs] 
2321.784: [GC (Allocation Failure) [PSYoungGen: 70669K->1533K(71168K)] 431518K->362382K(627712K), 0.0017610 secs] [Times: user=0.00 sys=0.00, real=0.00 secs] 
2322.187: [GC (Allocation Failure) [PSYoungGen: 70653K->1565K(71168K)] 431502K->362414K(627712K), 0.0017630 secs] [Times: user=0.01 sys=0.00, real=0.00 secs] 
2322.852: [GC (Allocation Failure) [PSYoungGen: 70685K->1456K(71168K)] 431534K->362313K(627712K), 0.0030843 secs] [Times: user=0.01 sys=0.00, real=0.00 secs] 
2323.526: [GC (Allocation Failure) [PSYoungGen: 70576K->1344K(71168K)] 431433K->362201K(627712K), 0.0023393 secs] [Times: user=0.01 sys=0.00, real=0.00 secs] 
2324.102: [GC (Allocation Failure) [PSYoungGen: 70464K->1376K(71168K)] 431321K->362233K(627712K), 0.0022186 secs] [Times: user=0.01 sys=0.00, real=0.00 secs] 
2324.697: [GC (Allocation Failure) [PSYoungGen: 70496K->1344K(71168K)] 431353K->362201K(627712K), 0.0021474 secs] [Times: user=0.01 sys=0.00, real=0.01 secs] 
2325.320: [GC (Allocation Failure) [PSYoungGen: 70457K->1469K(71168K)] 431315K->362326K(627712K), 0.0014959 secs] [Times: user=0.01 sys=0.00, real=0.00 secs] 
2325.727: [GC (Allocation Failure) [PSYoungGen: 70589K->1533K(71168K)] 431446K->362390K(627712K), 0.0016568 secs] [Times: user=0.01 sys=0.00, real=0.01 secs] 
2326.129: [GC (Allocation Failure) [PSYoungGen: 70653K->1501K(71168K)] 431510K->362358K(627712K), 0.0016473 secs] [Times: user=0.01 sys=0.00, real=0.00 secs] 
2326.531: [GC (Allocation Failure) [PSYoungGen: 70621K->1552K(71168K)] 431478K->362425K(627712K), 0.0016200 secs] [Times: user=0.00 sys=0.00, real=0.00 secs] 
2326.842: [GC (Allocation Failure) [PSYoungGen: 70672K->1408K(71168K)] 431545K->362281K(627712K), 0.0017092 secs] [Times: user=0.01 sys=0.00, real=0.00 secs] 
2327.281: [GC (Allocation Failure) [PSYoungGen: 70528K->1328K(71168K)] 431401K->362201K(627712K), 0.0019630 secs] [Times: user=0.01 sys=0.00, real=0.00 secs] 
2327.836: [GC (Allocation Failure) [PSYoungGen: 70448K->1312K(71168K)] 431321K->362185K(627712K), 0.0019580 secs] [Times: user=0.00 sys=0.00, real=0.00 secs] 
2328.439: [GC (Allocation Failure) [PSYoungGen: 70432K->1376K(71168K)] 431305K->362265K(627712K), 0.0031822 secs] [Times: user=0.01 sys=0.00, real=0.00 secs] 
2328.990: [GC (Allocation Failure) [PSYoungGen: 70496K->1501K(71168K)] 431385K->362390K(627712K), 0.0016848 secs] [Times: user=0.01 sys=0.00, real=0.00 secs] 
2329.393: [GC (Allocation Failure) [PSYoungGen: 70621K->1533K(71168K)] 431510K->362422K(627712K), 0.0016897 secs] [Times: user=0.00 sys=0.00, real=0.00 secs] 
2329.795: [GC (Allocation Failure) [PSYoungGen: 70653K->1517K(71168K)] 431542K->362406K(627712K), 0.0017298 secs] [Times: user=0.01 sys=0.00, real=0.00 secs] 
2330.237: [GC (Allocation Failure) [PSYoungGen: 70637K->1488K(71168K)] 431526K->362377K(627712K), 0.0025325 secs] [Times: user=0.01 sys=0.01, real=0.01 secs] 
2330.526: [GC (Allocation Failure) [PSYoungGen: 70608K->1344K(71168K)] 431497K->362233K(627712K), 0.0019487 secs] [Times: user=0.01 sys=0.00, real=0.00 secs] 
2330.813: [GC (Allocation Failure) [PSYoungGen: 70464K->1312K(71168K)] 431353K->362201K(627712K), 0.0020498 secs] [Times: user=0.01 sys=0.00, real=0.00 secs] 
2331.322: [GC (Allocation Failure) [PSYoungGen: 70432K->1328K(71168K)] 431321K->362217K(627712K), 0.0019910 secs] [Times: user=0.00 sys=0.00, real=0.00 secs] 
2331.920: [GC (Allocation Failure) [PSYoungGen: 70448K->1456K(71168K)] 431337K->362345K(627712K), 0.0015981 secs] [Times: user=0.01 sys=0.00, real=0.00 secs] 
2332.384: [GC (Allocation Failure) [PSYoungGen: 70576K->1565K(71168K)] 431465K->362454K(627712K), 0.0017480 secs] [Times: user=0.00 sys=0.00, real=0.00 secs] 
2332.786: [GC (Allocation Failure) [PSYoungGen: 70685K->1565K(71168K)] 431574K->362454K(627712K), 0.0017434 secs] [Times: user=0.00 sys=0.00, real=0.00 secs] 
2333.246: [GC (Allocation Failure) [PSYoungGen: 70685K->1565K(71168K)] 431574K->362454K(627712K), 0.0017197 secs] [Times: user=0.01 sys=0.00, real=0.00 secs] 
2333.893: [GC (Allocation Failure) [PSYoungGen: 70685K->1392K(71168K)] 431574K->362281K(627712K), 0.0025909 secs] [Times: user=0.01 sys=0.00, real=0.00 secs] 
2334.174: [GC (Allocation Failure) [PSYoungGen: 70512K->1344K(71168K)] 431401K->362233K(627712K), 0.0021251 secs] [Times: user=0.01 sys=0.00, real=0.00 secs] 
2334.461: [GC (Allocation Failure) [PSYoungGen: 70464K->1344K(71168K)] 431353K->362233K(627712K), 0.0020225 secs] [Times: user=0.01 sys=0.00, real=0.00 secs] 
2334.789: [GC (Allocation Failure) [PSYoungGen: 70464K->1344K(71168K)] 431353K->362233K(627712K), 0.0019633 secs] [Times: user=0.01 sys=0.00, real=0.00 secs] 
2335.242: [GC (Allocation Failure) [PSYoungGen: 70464K->1469K(71168K)] 431353K->362358K(627712K), 0.0016332 secs] [Times: user=0.01 sys=0.00, real=0.00 secs] 
2335.647: [GC (Allocation Failure) [PSYoungGen: 70589K->1552K(71168K)] 431478K->362441K(627712K), 0.0016431 secs] [Times: user=0.01 sys=0.00, real=0.01 secs] 
2336.050: [GC (Allocation Failure) [PSYoungGen: 70672K->1501K(71168K)] 431561K->362390K(627712K), 0.0015813 secs] [Times: user=0.01 sys=0.00, real=0.00 secs] 
2336.562: [GC (Allocation Failure) [PSYoungGen: 70621K->1488K(71168K)] 431510K->362385K(627712K), 0.0020428 secs] [Times: user=0.01 sys=0.00, real=0.00 secs] 
2337.171: [GC (Allocation Failure) [PSYoungGen: 70608K->1360K(71168K)] 431505K->362257K(627712K), 0.0018340 secs] [Times: user=0.00 sys=0.00, real=0.00 secs] 
2337.757: [GC (Allocation Failure) [PSYoungGen: 70480K->1344K(71168K)] 431377K->362241K(627712K), 0.0024460 secs] [Times: user=0.00 sys=0.00, real=0.01 secs] 
2338.048: [GC (Allocation Failure) [PSYoungGen: 70464K->1344K(71168K)] 431361K->362241K(627712K), 0.0020602 secs] [Times: user=0.01 sys=0.00, real=0.01 secs] 
2338.526: [GC (Allocation Failure) [PSYoungGen: 70452K->1469K(71168K)] 431349K->362366K(627712K), 0.0020478 secs] [Times: user=0.01 sys=0.00, real=0.00 secs] 
2338.954: [GC (Allocation Failure) [PSYoungGen: 70589K->1565K(71168K)] 431486K->362462K(627712K), 0.0017041 secs] [Times: user=0.00 sys=0.00, real=0.00 secs] 
2339.418: [GC (Allocation Failure) [PSYoungGen: 70685K->1517K(71168K)] 431582K->362414K(627712K), 0.0016469 secs] [Times: user=0.01 sys=0.00, real=0.01 secs] 
2339.885: [GC (Allocation Failure) [PSYoungGen: 70637K->1565K(71168K)] 431534K->362462K(627712K), 0.0017778 secs] [Times: user=0.01 sys=0.00, real=0.00 secs] 
2340.301: [GC (Allocation Failure) [PSYoungGen: 70685K->1456K(71168K)] 431582K->362353K(627712K), 0.0022535 secs] [Times: user=0.01 sys=0.00, real=0.00 secs] 
2340.637: [GC (Allocation Failure) [PSYoungGen: 70576K->1312K(71168K)] 431473K->362209K(627712K), 0.0020141 secs] [Times: user=0.01 sys=0.00, real=0.00 secs] 
2341.008: [GC (Allocation Failure) [PSYoungGen: 70432K->1344K(71168K)] 431329K->362241K(627712K), 0.0020902 secs] [Times: user=0.00 sys=0.00, real=0.01 secs] 
2341.326: [GC (Allocation Failure) [PSYoungGen: 70464K->1344K(71168K)] 431361K->362241K(627712K), 0.0021001 secs] [Times: user=0.01 sys=0.00, real=0.00 secs] 
2341.872: [GC (Allocation Failure) [PSYoungGen: 70464K->1501K(71168K)] 431361K->362398K(627712K), 0.0017411 secs] [Times: user=0.01 sys=0.00, real=0.00 secs] 
2342.274: [GC (Allocation Failure) [PSYoungGen: 70621K->1613K(71168K)] 431518K->362510K(627712K), 0.0016179 secs] [Times: user=0.01 sys=0.00, real=0.00 secs] 
2342.676: [GC (Allocation Failure) [PSYoungGen: 70733K->1520K(71168K)] 431630K->362417K(627712K), 0.0016039 secs] [Times: user=0.01 sys=0.00, real=0.00 secs] 
2343.079: [GC (Allocation Failure) [PSYoungGen: 70640K->288K(71168K)] 431537K->361185K(627712K), 0.0015212 secs] [Times: user=0.00 sys=0.00, real=0.00 secs] 
2343.846: [GC (Allocation Failure) [PSYoungGen: 69408K->1376K(71168K)] 430305K->362273K(627712K), 0.0031104 secs] [Times: user=0.01 sys=0.00, real=0.01 secs] 
2344.397: [GC (Allocation Failure) [PSYoungGen: 70496K->1344K(71168K)] 431393K->362241K(627712K), 0.0023953 secs] [Times: user=0.01 sys=0.00, real=0.01 secs] 
2344.987: [GC (Allocation Failure) [PSYoungGen: 70464K->1344K(71168K)] 431361K->362241K(627712K), 0.0023200 secs] [Times: user=0.01 sys=0.00, real=0.01 secs] 
2345.720: [GC (Allocation Failure) [PSYoungGen: 70464K->1344K(71168K)] 431361K->362241K(627712K), 0.0022641 secs] [Times: user=0.01 sys=0.00, real=0.00 secs] 
2346.157: [GC (Allocation Failure) [PSYoungGen: 70464K->1533K(71168K)] 431361K->362430K(627712K), 0.0016188 secs] [Times: user=0.01 sys=0.00, real=0.00 secs] 
2346.616: [GC (Allocation Failure) [PSYoungGen: 70653K->1533K(71168K)] 431550K->362430K(627712K), 0.0016771 secs] [Times: user=0.00 sys=0.00, real=0.00 secs] 
2347.022: [GC (Allocation Failure) [PSYoungGen: 70653K->1533K(71168K)] 431550K->362430K(627712K), 0.0017206 secs] [Times: user=0.01 sys=0.00, real=0.00 secs] 
2347.451: [GC (Allocation Failure) [PSYoungGen: 70653K->1472K(71168K)] 431550K->362385K(627712K), 0.0023567 secs] [Times: user=0.01 sys=0.00, real=0.00 secs] 
2347.846: [GC (Allocation Failure) [PSYoungGen: 70592K->1376K(71168K)] 431505K->362289K(627712K), 0.0021637 secs] [Times: user=0.01 sys=0.00, real=0.00 secs] 
2348.393: [GC (Allocation Failure) [PSYoungGen: 70496K->1344K(71168K)] 431409K->362257K(627712K), 0.0034794 secs] [Times: user=0.01 sys=0.00, real=0.00 secs] 
2348.927: [GC (Allocation Failure) [PSYoungGen: 70464K->1344K(71168K)] 431377K->362257K(627712K), 0.0024827 secs] [Times: user=0.01 sys=0.00, real=0.01 secs] 
2349.573: [GC (Allocation Failure) [PSYoungGen: 70464K->1501K(71168K)] 431377K->362414K(627712K), 0.0019388 secs] [Times: user=0.01 sys=0.00, real=0.00 secs] 
2349.976: [GC (Allocation Failure) [PSYoungGen: 70621K->1565K(71168K)] 431534K->362478K(627712K), 0.0015865 secs] [Times: user=0.01 sys=0.00, real=0.00 secs] 
2350.378: [GC (Allocation Failure) [PSYoungGen: 70685K->1501K(71168K)] 431598K->362414K(627712K), 0.0016705 secs] [Times: user=0.00 sys=0.00, real=0.01 secs] 
2350.784: [GC (Allocation Failure) [PSYoungGen: 70621K->1517K(71168K)] 431534K->362446K(627712K), 0.0015999 secs] [Times: user=0.01 sys=0.00, real=0.00 secs] 
2351.123: [GC (Allocation Failure) [PSYoungGen: 70637K->1376K(71168K)] 431566K->362305K(627712K), 0.0025966 secs] [Times: user=0.01 sys=0.00, real=0.00 secs] 
2351.409: [GC (Allocation Failure) [PSYoungGen: 70496K->1344K(71168K)] 431425K->362273K(627712K), 0.0021021 secs] [Times: user=0.01 sys=0.00, real=0.01 secs] 
2351.951: [GC (Allocation Failure) [PSYoungGen: 70464K->1376K(71168K)] 431393K->362305K(627712K), 0.0020244 secs] [Times: user=0.01 sys=0.00, real=0.00 secs] 
2352.620: [GC (Allocation Failure) [PSYoungGen: 70496K->1344K(71168K)] 431425K->362273K(627712K), 0.0039617 secs] [Times: user=0.01 sys=0.00, real=0.00 secs] 
2353.270: [GC (Allocation Failure) [PSYoungGen: 70464K->1469K(71168K)] 431393K->362398K(627712K), 0.0016905 secs] [Times: user=0.00 sys=0.00, real=0.00 secs] 
2353.671: [GC (Allocation Failure) [PSYoungGen: 70589K->1501K(71168K)] 431518K->362430K(627712K), 0.0017219 secs] [Times: user=0.01 sys=0.00, real=0.00 secs] 
2354.073: [GC (Allocation Failure) [PSYoungGen: 70621K->1533K(71168K)] 431550K->362462K(627712K), 0.0016033 secs] [Times: user=0.00 sys=0.00, real=0.00 secs] 
2354.482: [GC (Allocation Failure) [PSYoungGen: 70653K->1488K(71168K)] 431582K->362417K(627712K), 0.0018038 secs] [Times: user=0.01 sys=0.00, real=0.00 secs] 
2354.822: [GC (Allocation Failure) [PSYoungGen: 70608K->1376K(71168K)] 431537K->362305K(627712K), 0.0018189 secs] [Times: user=0.01 sys=0.00, real=0.00 secs] 
2355.114: [GC (Allocation Failure) [PSYoungGen: 70496K->1328K(71168K)] 431425K->362257K(627712K), 0.0017120 secs] [Times: user=0.01 sys=0.00, real=0.00 secs] 
2355.401: [GC (Allocation Failure) [PSYoungGen: 70448K->1344K(71168K)] 431377K->362273K(627712K), 0.0021789 secs] [Times: user=0.01 sys=0.00, real=0.00 secs] 
2356.025: [GC (Allocation Failure) [PSYoungGen: 70458K->1424K(71168K)] 431388K->362353K(627712K), 0.0016562 secs] [Times: user=0.00 sys=0.00, real=0.00 secs] 
2356.427: [GC (Allocation Failure) [PSYoungGen: 70544K->1517K(71168K)] 431473K->362446K(627712K), 0.0016464 secs] [Times: user=0.01 sys=0.00, real=0.01 secs] 
2356.830: [GC (Allocation Failure) [PSYoungGen: 70637K->1520K(71168K)] 431566K->362473K(627712K), 0.0017672 secs] [Times: user=0.00 sys=0.00, real=0.00 secs] 
2357.293: [GC (Allocation Failure) [PSYoungGen: 70640K->1501K(71168K)] 431593K->362454K(627712K), 0.0018721 secs] [Times: user=0.01 sys=0.00, real=0.00 secs] 
2357.828: [GC (Allocation Failure) [PSYoungGen: 70621K->1424K(71168K)] 431574K->362377K(627712K), 0.0022110 secs] [Times: user=0.01 sys=0.00, real=0.01 secs] 
2358.396: [GC (Allocation Failure) [PSYoungGen: 70544K->1376K(71168K)] 431497K->362329K(627712K), 0.0022292 secs] [Times: user=0.01 sys=0.00, real=0.00 secs] 
2359.002: [GC (Allocation Failure) [PSYoungGen: 70496K->1344K(71168K)] 431449K->362297K(627712K), 0.0022073 secs] [Times: user=0.01 sys=0.00, real=0.00 secs] 
2359.615: [GC (Allocation Failure) [PSYoungGen: 70464K->1376K(71168K)] 431417K->362329K(627712K), 0.0027804 secs] [Times: user=0.01 sys=0.00, real=0.00 secs] 
2360.140: [GC (Allocation Failure) [PSYoungGen: 70496K->1501K(71168K)] 431449K->362454K(627712K), 0.0016563 secs] [Times: user=0.01 sys=0.00, real=0.00 secs] 
2360.541: [GC (Allocation Failure) [PSYoungGen: 70621K->1517K(71168K)] 431574K->362470K(627712K), 0.0017957 secs] [Times: user=0.01 sys=0.00, real=0.00 secs] 
2360.946: [GC (Allocation Failure) [PSYoungGen: 70637K->1549K(71168K)] 431590K->362502K(627712K), 0.0015790 secs] [Times: user=0.01 sys=0.00, real=0.00 secs] 
2361.347: [GC (Allocation Failure) [PSYoungGen: 70669K->288K(71168K)] 431622K->361257K(627712K), 0.0016429 secs] [Times: user=0.01 sys=0.00, real=0.00 secs] 
2361.892: [GC (Allocation Failure) [PSYoungGen: 69408K->1344K(71168K)] 430377K->362313K(627712K), 0.0019961 secs] [Times: user=0.01 sys=0.00, real=0.00 secs] 
2362.422: [GC (Allocation Failure) [PSYoungGen: 70464K->1312K(71168K)] 431433K->362281K(627712K), 0.0019651 secs] [Times: user=0.01 sys=0.00, real=0.00 secs] 
2363.034: [GC (Allocation Failure) [PSYoungGen: 70432K->1360K(71168K)] 431401K->362329K(627712K), 0.0019096 secs] [Times: user=0.01 sys=0.00, real=0.00 secs] 
2363.834: [GC (Allocation Failure) [PSYoungGen: 70480K->1376K(71168K)] 431449K->362345K(627712K), 0.0022434 secs] [Times: user=0.01 sys=0.00, real=0.00 secs] 
2364.331: [GC (Allocation Failure) [PSYoungGen: 70496K->1501K(71168K)] 431465K->362470K(627712K), 0.0016469 secs] [Times: user=0.01 sys=0.00, real=0.00 secs] 
2364.732: [GC (Allocation Failure) [PSYoungGen: 70621K->1520K(71168K)] 431590K->362489K(627712K), 0.0016725 secs] [Times: user=0.01 sys=0.00, real=0.00 secs] 
2365.135: [GC (Allocation Failure) [PSYoungGen: 70640K->1501K(71168K)] 431609K->362470K(627712K), 0.0017341 secs] [Times: user=0.01 sys=0.00, real=0.00 secs] 
2365.927: [GC (Allocation Failure) [PSYoungGen: 70621K->1424K(71168K)] 431590K->362393K(627712K), 0.0021187 secs] [Times: user=0.01 sys=0.00, real=0.01 secs] 
2366.277: [GC (Allocation Failure) [PSYoungGen: 70544K->1344K(71168K)] 431513K->362313K(627712K), 0.0020442 secs] [Times: user=0.01 sys=0.00, real=0.01 secs] 
2366.564: [GC (Allocation Failure) [PSYoungGen: 70464K->1312K(71168K)] 431433K->362281K(627712K), 0.0019940 secs] [Times: user=0.01 sys=0.00, real=0.00 secs] 
2366.916: [GC (Allocation Failure) [PSYoungGen: 70432K->1344K(71168K)] 431401K->362313K(627712K), 0.0020266 secs] [Times: user=0.01 sys=0.00, real=0.00 secs] 
2367.353: [GC (Allocation Failure) [PSYoungGen: 70464K->1437K(71168K)] 431433K->362406K(627712K), 0.0015779 secs] [Times: user=0.01 sys=0.00, real=0.00 secs] 
2367.754: [GC (Allocation Failure) [PSYoungGen: 70557K->1485K(71168K)] 431526K->362478K(627712K), 0.0016357 secs] [Times: user=0.00 sys=0.00, real=0.00 secs] 
2368.155: [GC (Allocation Failure) [PSYoungGen: 70605K->1520K(71168K)] 431598K->362513K(627712K), 0.0017472 secs] [Times: user=0.01 sys=0.00, real=0.00 secs] 
2368.617: [GC (Allocation Failure) [PSYoungGen: 70640K->1533K(71168K)] 431633K->362534K(627712K), 0.0018065 secs] [Times: user=0.01 sys=0.00, real=0.00 secs] 
2369.263: [GC (Allocation Failure) [PSYoungGen: 70653K->1408K(71168K)] 431654K->362409K(627712K), 0.0022240 secs] [Times: user=0.01 sys=0.00, real=0.00 secs] 
2369.926: [GC (Allocation Failure) [PSYoungGen: 70528K->1376K(71168K)] 431529K->362377K(627712K), 0.0023244 secs] [Times: user=0.01 sys=0.00, real=0.00 secs] 
2370.335: [GC (Allocation Failure) [PSYoungGen: 70496K->1344K(71168K)] 431497K->362345K(627712K), 0.0022521 secs] [Times: user=0.01 sys=0.00, real=0.00 secs] 
2370.986: [GC (Allocation Failure) [PSYoungGen: 70464K->1344K(71168K)] 431465K->362345K(627712K), 0.0021801 secs] [Times: user=0.01 sys=0.00, real=0.00 secs] 
2371.576: [GC (Allocation Failure) [PSYoungGen: 70464K->1488K(71168K)] 431465K->362489K(627712K), 0.0015844 secs] [Times: user=0.00 sys=0.00, real=0.00 secs] 
2371.977: [GC (Allocation Failure) [PSYoungGen: 70608K->1533K(71168K)] 431609K->362534K(627712K), 0.0016578 secs] [Times: user=0.01 sys=0.00, real=0.00 secs] 
2372.380: [GC (Allocation Failure) [PSYoungGen: 70653K->1517K(71168K)] 431654K->362518K(627712K), 0.0018083 secs] [Times: user=0.00 sys=0.00, real=0.00 secs] 
2372.935: [GC (Allocation Failure) [PSYoungGen: 70637K->1504K(71168K)] 431638K->362513K(627712K), 0.0021176 secs] [Times: user=0.01 sys=0.00, real=0.00 secs] 
2373.825: [GC (Allocation Failure) [PSYoungGen: 70624K->1344K(71168K)] 431633K->362353K(627712K), 0.0022406 secs] [Times: user=0.01 sys=0.00, real=0.00 secs] 
2374.661: [GC (Allocation Failure) [PSYoungGen: 70464K->1360K(71168K)] 431473K->362369K(627712K), 0.0023065 secs] [Times: user=0.01 sys=0.00, real=0.00 secs] 
2374.948: [GC (Allocation Failure) [PSYoungGen: 70480K->1376K(71168K)] 431489K->362385K(627712K), 0.0020496 secs] [Times: user=0.01 sys=0.00, real=0.01 secs] 
2375.282: [GC (Allocation Failure) [PSYoungGen: 70496K->1469K(71168K)] 431505K->362478K(627712K), 0.0017669 secs] [Times: user=0.00 sys=0.00, real=0.00 secs] 
2375.687: [GC (Allocation Failure) [PSYoungGen: 70589K->1533K(71168K)] 431598K->362542K(627712K), 0.0015774 secs] [Times: user=0.01 sys=0.00, real=0.00 secs] 
2376.091: [GC (Allocation Failure) [PSYoungGen: 70653K->1501K(71168K)] 431662K->362510K(627712K), 0.0015462 secs] [Times: user=0.01 sys=0.00, real=0.00 secs] 
2376.492: [GC (Allocation Failure) [PSYoungGen: 70621K->1584K(71168K)] 431630K->362593K(627712K), 0.0016277 secs] [Times: user=0.01 sys=0.00, real=0.00 secs] 
2376.864: [GC (Allocation Failure) [PSYoungGen: 70704K->1456K(71168K)] 431713K->362465K(627712K), 0.0016399 secs] [Times: user=0.00 sys=0.00, real=0.00 secs] 
2377.151: [GC (Allocation Failure) [PSYoungGen: 70576K->1408K(71168K)] 431585K->362417K(627712K), 0.0016557 secs] [Times: user=0.01 sys=0.00, real=0.00 secs] 
2377.437: [GC (Allocation Failure) [PSYoungGen: 70528K->1376K(71168K)] 431537K->362401K(627712K), 0.0016822 secs] [Times: user=0.01 sys=0.00, real=0.00 secs] 
2377.724: [GC (Allocation Failure) [PSYoungGen: 70496K->1392K(71168K)] 431521K->362417K(627712K), 0.0019207 secs] [Times: user=0.01 sys=0.00, real=0.00 secs] 
2378.116: [GC (Allocation Failure) [PSYoungGen: 70512K->1469K(71168K)] 431537K->362494K(627712K), 0.0016085 secs] [Times: user=0.01 sys=0.00, real=0.00 secs] 
2378.518: [GC (Allocation Failure) [PSYoungGen: 70589K->1552K(71168K)] 431614K->362577K(627712K), 0.0016161 secs] [Times: user=0.01 sys=0.00, real=0.01 secs] 
2378.920: [GC (Allocation Failure) [PSYoungGen: 70672K->1501K(71168K)] 431697K->362526K(627712K), 0.0016402 secs] [Times: user=0.00 sys=0.00, real=0.00 secs] 
2379.330: [GC (Allocation Failure) [PSYoungGen: 70621K->1533K(71168K)] 431646K->362566K(627712K), 0.0016012 secs] [Times: user=0.00 sys=0.00, real=0.00 secs] 
2379.652: [GC (Allocation Failure) [PSYoungGen: 70653K->1408K(71168K)] 431686K->362441K(627712K), 0.0017729 secs] [Times: user=0.01 sys=0.00, real=0.00 secs] 
2379.939: [GC (Allocation Failure) [PSYoungGen: 70528K->1376K(71168K)] 431561K->362409K(627712K), 0.0015951 secs] [Times: user=0.01 sys=0.00, real=0.01 secs] 
2380.225: [GC (Allocation Failure) [PSYoungGen: 70496K->1376K(71168K)] 431529K->362409K(627712K), 0.0017891 secs] [Times: user=0.00 sys=0.00, real=0.00 secs] 
2380.511: [GC (Allocation Failure) [PSYoungGen: 70496K->1376K(71168K)] 431529K->362409K(627712K), 0.0016686 secs] [Times: user=0.01 sys=0.00, real=0.00 secs] 
2380.967: [GC (Allocation Failure) [PSYoungGen: 70496K->1501K(71168K)] 431529K->362534K(627712K), 0.0016052 secs] [Times: user=0.01 sys=0.00, real=0.00 secs] 
2381.371: [GC (Allocation Failure) [PSYoungGen: 70621K->1501K(71168K)] 431654K->362534K(627712K), 0.0016462 secs] [Times: user=0.01 sys=0.00, real=0.00 secs] 
2381.774: [GC (Allocation Failure) [PSYoungGen: 70621K->1533K(71168K)] 431654K->362566K(627712K), 0.0016932 secs] [Times: user=0.00 sys=0.00, real=0.00 secs] 
2382.849: [GC (Allocation Failure) [PSYoungGen: 70653K->1488K(71168K)] 431686K->362537K(627712K), 0.0039217 secs] [Times: user=0.02 sys=0.00, real=0.00 secs] 
2383.409: [GC (Allocation Failure) [PSYoungGen: 70608K->1376K(71168K)] 431657K->362425K(627712K), 0.0031321 secs] [Times: user=0.02 sys=0.00, real=0.00 secs] 
2383.968: [GC (Allocation Failure) [PSYoungGen: 70496K->1344K(71168K)] 431545K->362393K(627712K), 0.0027208 secs] [Times: user=0.01 sys=0.00, real=0.01 secs] 
2384.302: [GC (Allocation Failure) [PSYoungGen: 70464K->1360K(71168K)] 431513K->362409K(627712K), 0.0019125 secs] [Times: user=0.01 sys=0.01, real=0.00 secs] 
2384.801: [GC (Allocation Failure) [PSYoungGen: 70480K->1437K(71168K)] 431529K->362486K(627712K), 0.0016578 secs] [Times: user=0.01 sys=0.00, real=0.00 secs] 
2385.203: [GC (Allocation Failure) [PSYoungGen: 70557K->1565K(71168K)] 431606K->362614K(627712K), 0.0016035 secs] [Times: user=0.01 sys=0.00, real=0.00 secs] 
2385.604: [GC (Allocation Failure) [PSYoungGen: 70685K->1565K(71168K)] 431734K->362614K(627712K), 0.0016104 secs] [Times: user=0.00 sys=0.00, real=0.00 secs] 
2386.009: [GC (Allocation Failure) [PSYoungGen: 70685K->1565K(71168K)] 431734K->362614K(627712K), 0.0017975 secs] [Times: user=0.01 sys=0.00, real=0.00 secs] 
2386.676: [GC (Allocation Failure) [PSYoungGen: 70685K->1408K(71168K)] 431734K->362457K(627712K), 0.0017834 secs] [Times: user=0.01 sys=0.00, real=0.00 secs] 
2387.634: [GC (Allocation Failure) [PSYoungGen: 70528K->1344K(71168K)] 431577K->362393K(627712K), 0.0035275 secs] [Times: user=0.01 sys=0.00, real=0.00 secs] 
2388.236: [GC (Allocation Failure) [PSYoungGen: 70464K->1344K(71168K)] 431513K->362417K(627712K), 0.0021940 secs] [Times: user=0.01 sys=0.01, real=0.00 secs] 
2388.858: [GC (Allocation Failure) [PSYoungGen: 70464K->1376K(71168K)] 431537K->362449K(627712K), 0.0047307 secs] [Times: user=0.02 sys=0.00, real=0.01 secs] 
2389.473: [GC (Allocation Failure) [PSYoungGen: 70495K->1437K(71168K)] 431568K->362510K(627712K), 0.0015477 secs] [Times: user=0.01 sys=0.00, real=0.00 secs] 
2389.879: [GC (Allocation Failure) [PSYoungGen: 70557K->1565K(71168K)] 431630K->362638K(627712K), 0.0015915 secs] [Times: user=0.00 sys=0.00, real=0.01 secs] 
2390.281: [GC (Allocation Failure) [PSYoungGen: 70685K->1549K(71168K)] 431758K->362622K(627712K), 0.0016154 secs] [Times: user=0.01 sys=0.00, real=0.00 secs] 
2390.755: [GC (Allocation Failure) [PSYoungGen: 70669K->1504K(71168K)] 431742K->362577K(627712K), 0.0021668 secs] [Times: user=0.01 sys=0.00, real=0.00 secs] 
2391.461: [GC (Allocation Failure) [PSYoungGen: 70624K->1408K(71168K)] 431697K->362481K(627712K), 0.0024059 secs] [Times: user=0.01 sys=0.00, real=0.00 secs] 
2392.149: [GC (Allocation Failure) [PSYoungGen: 70528K->1376K(71168K)] 431601K->362449K(627712K), 0.0027315 secs] [Times: user=0.01 sys=0.00, real=0.00 secs] 
2392.726: [GC (Allocation Failure) [PSYoungGen: 70496K->1344K(71168K)] 431569K->362417K(627712K), 0.0027584 secs] [Times: user=0.01 sys=0.00, real=0.01 secs] 
2393.258: [GC (Allocation Failure) [PSYoungGen: 70464K->1424K(71168K)] 431537K->362497K(627712K), 0.0019231 secs] [Times: user=0.01 sys=0.00, real=0.01 secs] 
2393.680: [GC (Allocation Failure) [PSYoungGen: 70544K->1501K(71168K)] 431617K->362574K(627712K), 0.0017066 secs] [Times: user=0.00 sys=0.00, real=0.00 secs] 
2394.081: [GC (Allocation Failure) [PSYoungGen: 70621K->1565K(71168K)] 431694K->362638K(627712K), 0.0016624 secs] [Times: user=0.00 sys=0.00, real=0.00 secs] 
2394.484: [GC (Allocation Failure) [PSYoungGen: 70685K->1520K(71168K)] 431758K->362593K(627712K), 0.0016160 secs] [Times: user=0.01 sys=0.00, real=0.00 secs] 
2394.865: [GC (Allocation Failure) [PSYoungGen: 70640K->1392K(71168K)] 431713K->362465K(627712K), 0.0019291 secs] [Times: user=0.01 sys=0.00, real=0.00 secs] 
2395.250: [GC (Allocation Failure) [PSYoungGen: 70512K->1376K(71168K)] 431585K->362449K(627712K), 0.0019422 secs] [Times: user=0.01 sys=0.00, real=0.00 secs] 
2395.554: [GC (Allocation Failure) [PSYoungGen: 70496K->1344K(71168K)] 431569K->362417K(627712K), 0.0018819 secs] [Times: user=0.01 sys=0.00, real=0.00 secs] 
2395.878: [GC (Allocation Failure) [PSYoungGen: 70464K->1344K(71168K)] 431537K->362417K(627712K), 0.0018964 secs] [Times: user=0.01 sys=0.00, real=0.01 secs] 
2396.291: [GC (Allocation Failure) [PSYoungGen: 70464K->1501K(71168K)] 431537K->362574K(627712K), 0.0016403 secs] [Times: user=0.01 sys=0.00, real=0.00 secs] 
2396.691: [GC (Allocation Failure) [PSYoungGen: 70619K->1533K(71168K)] 431693K->362606K(627712K), 0.0016053 secs] [Times: user=0.01 sys=0.00, real=0.00 secs] 
2397.096: [GC (Allocation Failure) [PSYoungGen: 70653K->1501K(71168K)] 431726K->362598K(627712K), 0.0015666 secs] [Times: user=0.01 sys=0.00, real=0.00 secs] 
2397.499: [GC (Allocation Failure) [PSYoungGen: 70621K->1501K(71168K)] 431718K->362606K(627712K), 0.0015878 secs] [Times: user=0.00 sys=0.00, real=0.00 secs] 
2397.849: [GC (Allocation Failure) [PSYoungGen: 70621K->1408K(71168K)] 431726K->362513K(627712K), 0.0017313 secs] [Times: user=0.01 sys=0.00, real=0.00 secs] 
2398.320: [GC (Allocation Failure) [PSYoungGen: 70528K->1376K(71168K)] 431633K->362481K(627712K), 0.0020521 secs] [Times: user=0.01 sys=0.00, real=0.00 secs] 
2398.629: [GC (Allocation Failure) [PSYoungGen: 70496K->1344K(71168K)] 431601K->362449K(627712K), 0.0017988 secs] [Times: user=0.01 sys=0.00, real=0.00 secs] 
2398.946: [GC (Allocation Failure) [PSYoungGen: 70464K->1408K(71168K)] 431569K->362513K(627712K), 0.0018809 secs] [Times: user=0.00 sys=0.00, real=0.00 secs] 
2399.413: [GC (Allocation Failure) [PSYoungGen: 70528K->1469K(71168K)] 431633K->362574K(627712K), 0.0017962 secs] [Times: user=0.01 sys=0.00, real=0.00 secs] 
2399.827: [GC (Allocation Failure) [PSYoungGen: 70589K->1501K(71168K)] 431694K->362606K(627712K), 0.0016376 secs] [Times: user=0.01 sys=0.00, real=0.00 secs] 
2400.230: [GC (Allocation Failure) [PSYoungGen: 70621K->1552K(71168K)] 431726K->362657K(627712K), 0.0016153 secs] [Times: user=0.00 sys=0.00, real=0.00 secs] 
2400.632: [GC (Allocation Failure) [PSYoungGen: 70672K->1488K(71168K)] 431777K->362601K(627712K), 0.0015976 secs] [Times: user=0.01 sys=0.00, real=0.00 secs] 
2400.919: [GC (Allocation Failure) [PSYoungGen: 70608K->1376K(71168K)] 431721K->362489K(627712K), 0.0021845 secs] [Times: user=0.01 sys=0.00, real=0.01 secs] 
2401.344: [GC (Allocation Failure) [PSYoungGen: 70496K->1376K(71168K)] 431609K->362489K(627712K), 0.0019365 secs] [Times: user=0.01 sys=0.00, real=0.00 secs] 
2401.631: [GC (Allocation Failure) [PSYoungGen: 70496K->1344K(71168K)] 431609K->362457K(627712K), 0.0020005 secs] [Times: user=0.01 sys=0.00, real=0.00 secs] 
2402.009: [GC (Allocation Failure) [PSYoungGen: 70464K->1440K(71168K)] 431577K->362553K(627712K), 0.0016379 secs] [Times: user=0.01 sys=0.00, real=0.01 secs] 
2402.411: [GC (Allocation Failure) [PSYoungGen: 70560K->1565K(71168K)] 431673K->362678K(627712K), 0.0016677 secs] [Times: user=0.00 sys=0.01, real=0.00 secs] 
2402.813: [GC (Allocation Failure) [PSYoungGen: 70685K->1517K(71168K)] 431798K->362630K(627712K), 0.0016484 secs] [Times: user=0.00 sys=0.00, real=0.00 secs] 
2403.215: [GC (Allocation Failure) [PSYoungGen: 70637K->1549K(71168K)] 431750K->362662K(627712K), 0.0016137 secs] [Times: user=0.01 sys=0.00, real=0.00 secs] 
2403.957: [GC (Allocation Failure) [PSYoungGen: 70669K->1376K(71168K)] 431782K->362489K(627712K), 0.0024956 secs] [Times: user=0.01 sys=0.00, real=0.01 secs] 
2404.456: [GC (Allocation Failure) [PSYoungGen: 70496K->1376K(71168K)] 431609K->362489K(627712K), 0.0034281 secs] [Times: user=0.02 sys=0.00, real=0.01 secs] 
2405.009: [GC (Allocation Failure) [PSYoungGen: 70496K->1376K(71168K)] 431609K->362489K(627712K), 0.0025947 secs] [Times: user=0.01 sys=0.00, real=0.00 secs] 
2405.739: [GC (Allocation Failure) [PSYoungGen: 70496K->1376K(71168K)] 431609K->362489K(627712K), 0.0026337 secs] [Times: user=0.01 sys=0.00, real=0.00 secs] 
2406.438: [GC (Allocation Failure) [PSYoungGen: 70496K->1469K(71168K)] 431609K->362582K(627712K), 0.0016974 secs] [Times: user=0.00 sys=0.00, real=0.01 secs] 
2406.843: [GC (Allocation Failure) [PSYoungGen: 70589K->1584K(71168K)] 431702K->362697K(627712K), 0.0015867 secs] [Times: user=0.01 sys=0.00, real=0.00 secs] 
2407.301: [GC (Allocation Failure) [PSYoungGen: 70704K->1549K(71168K)] 431817K->362686K(627712K), 0.0017147 secs] [Times: user=0.01 sys=0.00, real=0.00 secs] 
2407.739: [GC (Allocation Failure) [PSYoungGen: 70669K->1472K(71168K)] 431806K->362609K(627712K), 0.0021060 secs] [Times: user=0.00 sys=0.00, real=0.00 secs] 
2408.088: [GC (Allocation Failure) [PSYoungGen: 70592K->1344K(71168K)] 431729K->362481K(627712K), 0.0021318 secs] [Times: user=0.01 sys=0.00, real=0.01 secs] 
2408.396: [GC (Allocation Failure) [PSYoungGen: 70464K->1376K(71168K)] 431601K->362513K(627712K), 0.0020444 secs] [Times: user=0.01 sys=0.00, real=0.00 secs] 
2408.889: [GC (Allocation Failure) [PSYoungGen: 70496K->1344K(71168K)] 431633K->362481K(627712K), 0.0020785 secs] [Times: user=0.00 sys=0.00, real=0.01 secs] 
2409.447: [GC (Allocation Failure) [PSYoungGen: 70450K->1421K(71168K)] 431588K->362558K(627712K), 0.0016220 secs] [Times: user=0.01 sys=0.00, real=0.00 secs] 
2409.852: [GC (Allocation Failure) [PSYoungGen: 70541K->1517K(71168K)] 431678K->362654K(627712K), 0.0057756 secs] [Times: user=0.03 sys=0.00, real=0.00 secs] 
2410.263: [GC (Allocation Failure) [PSYoungGen: 70637K->1488K(71168K)] 431774K->362625K(627712K), 0.0016172 secs] [Times: user=0.00 sys=0.00, real=0.00 secs] 
2410.666: [GC (Allocation Failure) [PSYoungGen: 70608K->1565K(71168K)] 431745K->362702K(627712K), 0.0017433 secs] [Times: user=0.01 sys=0.00, real=0.00 secs] 
2411.264: [GC (Allocation Failure) [PSYoungGen: 70685K->1456K(71168K)] 431822K->362593K(627712K), 0.0019312 secs] [Times: user=0.01 sys=0.00, real=0.00 secs] 
2411.899: [GC (Allocation Failure) [PSYoungGen: 70576K->1376K(71168K)] 431713K->362513K(627712K), 0.0017411 secs] [Times: user=0.00 sys=0.00, real=0.01 secs] 
2412.323: [GC (Allocation Failure) [PSYoungGen: 70496K->1344K(71168K)] 431633K->362481K(627712K), 0.0022644 secs] [Times: user=0.00 sys=0.00, real=0.00 secs] 
2412.827: [GC (Allocation Failure) [PSYoungGen: 70464K->1376K(71168K)] 431601K->362513K(627712K), 0.0022497 secs] [Times: user=0.01 sys=0.00, real=0.01 secs] 
2413.423: [GC (Allocation Failure) [PSYoungGen: 70496K->1485K(71168K)] 431633K->362622K(627712K), 0.0015795 secs] [Times: user=0.00 sys=0.00, real=0.00 secs] 
2413.885: [GC (Allocation Failure) [PSYoungGen: 70605K->1501K(71168K)] 431742K->362638K(627712K), 0.0016251 secs] [Times: user=0.00 sys=0.00, real=0.00 secs] 
2414.287: [GC (Allocation Failure) [PSYoungGen: 70621K->1520K(71168K)] 431758K->362657K(627712K), 0.0016995 secs] [Times: user=0.00 sys=0.00, real=0.01 secs] 
2414.690: [GC (Allocation Failure) [PSYoungGen: 70640K->1501K(71168K)] 431777K->362654K(627712K), 0.0016117 secs] [Times: user=0.01 sys=0.00, real=0.00 secs] 
2415.020: [GC (Allocation Failure) [PSYoungGen: 70621K->1376K(71168K)] 431774K->362529K(627712K), 0.0022157 secs] [Times: user=0.01 sys=0.00, real=0.00 secs] 
2415.302: [GC (Allocation Failure) [PSYoungGen: 70496K->1376K(71168K)] 431649K->362529K(627712K), 0.0021076 secs] [Times: user=0.01 sys=0.00, real=0.00 secs] 
2415.774: [GC (Allocation Failure) [PSYoungGen: 70496K->1344K(71168K)] 431649K->362497K(627712K), 0.0020352 secs] [Times: user=0.00 sys=0.00, real=0.00 secs] 
2416.414: [GC (Allocation Failure) [PSYoungGen: 70464K->1408K(71168K)] 431617K->362569K(627712K), 0.0021646 secs] [Times: user=0.01 sys=0.00, real=0.00 secs] 
2416.913: [GC (Allocation Failure) [PSYoungGen: 70524K->1565K(71168K)] 431686K->362726K(627712K), 0.0016204 secs] [Times: user=0.01 sys=0.00, real=0.00 secs] 
2417.319: [GC (Allocation Failure) [PSYoungGen: 70685K->1501K(71168K)] 431846K->362686K(627712K), 0.0017149 secs] [Times: user=0.01 sys=0.00, real=0.00 secs] 
2417.721: [GC (Allocation Failure) [PSYoungGen: 70621K->1517K(71168K)] 431806K->362702K(627712K), 0.0016111 secs] [Times: user=0.01 sys=0.00, real=0.00 secs] 
2418.279: [GC (Allocation Failure) [PSYoungGen: 70637K->1424K(71168K)] 431822K->362609K(627712K), 0.0021766 secs] [Times: user=0.01 sys=0.00, real=0.00 secs] 
2418.781: [GC (Allocation Failure) [PSYoungGen: 70544K->1360K(71168K)] 431729K->362545K(627712K), 0.0020458 secs] [Times: user=0.01 sys=0.01, real=0.00 secs] 
2419.077: [GC (Allocation Failure) [PSYoungGen: 70480K->1376K(71168K)] 431665K->362561K(627712K), 0.0019365 secs] [Times: user=0.00 sys=0.00, real=0.01 secs] 
2419.598: [GC (Allocation Failure) [PSYoungGen: 70496K->1376K(71168K)] 431681K->362561K(627712K), 0.0019549 secs] [Times: user=0.00 sys=0.00, real=0.01 secs] 
2420.154: [GC (Allocation Failure) [PSYoungGen: 70496K->1408K(71168K)] 431681K->362593K(627712K), 0.0015247 secs] [Times: user=0.01 sys=0.00, real=0.00 secs] 
2420.562: [GC (Allocation Failure) [PSYoungGen: 70528K->1520K(71168K)] 431713K->362705K(627712K), 0.0017327 secs] [Times: user=0.01 sys=0.00, real=0.00 secs] 
2420.965: [GC (Allocation Failure) [PSYoungGen: 70640K->1517K(71168K)] 431825K->362702K(627712K), 0.0016021 secs] [Times: user=0.00 sys=0.00, real=0.00 secs] 
2421.372: [GC (Allocation Failure) [PSYoungGen: 70637K->1533K(71168K)] 431822K->362718K(627712K), 0.0015669 secs] [Times: user=0.01 sys=0.00, real=0.00 secs] 
2422.327: [GC (Allocation Failure) [PSYoungGen: 70653K->1408K(71168K)] 431838K->362593K(627712K), 0.0037141 secs] [Times: user=0.01 sys=0.00, real=0.01 secs] 
2422.625: [GC (Allocation Failure) [PSYoungGen: 70528K->1376K(71168K)] 431713K->362561K(627712K), 0.0023757 secs] [Times: user=0.01 sys=0.00, real=0.00 secs] 
2422.910: [GC (Allocation Failure) [PSYoungGen: 70496K->1344K(71168K)] 431681K->362529K(627712K), 0.0020529 secs] [Times: user=0.01 sys=0.00, real=0.00 secs] 
2423.197: [GC (Allocation Failure) [PSYoungGen: 70464K->1376K(71168K)] 431649K->362561K(627712K), 0.0020078 secs] [Times: user=0.01 sys=0.00, real=0.01 secs] 
2423.590: [GC (Allocation Failure) [PSYoungGen: 70496K->1469K(71168K)] 431681K->362654K(627712K), 0.0015385 secs] [Times: user=0.01 sys=0.00, real=0.00 secs] 
2423.991: [GC (Allocation Failure) [PSYoungGen: 70589K->1613K(71168K)] 431774K->362798K(627712K), 0.0016152 secs] [Times: user=0.01 sys=0.00, real=0.00 secs] 
2424.394: [GC (Allocation Failure) [PSYoungGen: 70733K->1549K(71168K)] 431918K->362734K(627712K), 0.0015875 secs] [Times: user=0.01 sys=0.00, real=0.00 secs] 
2424.854: [GC (Allocation Failure) [PSYoungGen: 70669K->1504K(71168K)] 431854K->362689K(627712K), 0.0020517 secs] [Times: user=0.01 sys=0.00, real=0.00 secs] 
2425.174: [GC (Allocation Failure) [PSYoungGen: 70624K->1376K(71168K)] 431809K->362561K(627712K), 0.0020297 secs] [Times: user=0.01 sys=0.00, real=0.00 secs] 
2425.461: [GC (Allocation Failure) [PSYoungGen: 70496K->1376K(71168K)] 431681K->362561K(627712K), 0.0020621 secs] [Times: user=0.01 sys=0.00, real=0.00 secs] 
2425.748: [GC (Allocation Failure) [PSYoungGen: 70496K->1344K(71168K)] 431681K->362529K(627712K), 0.0020765 secs] [Times: user=0.01 sys=0.00, real=0.01 secs] 
2426.135: [GC (Allocation Failure) [PSYoungGen: 70464K->1421K(71168K)] 431649K->362606K(627712K), 0.0018711 secs] [Times: user=0.00 sys=0.00, real=0.00 secs] 
2426.541: [GC (Allocation Failure) [PSYoungGen: 70541K->1501K(71168K)] 431726K->362710K(627712K), 0.0015838 secs] [Times: user=0.01 sys=0.00, real=0.00 secs] 
2426.942: [GC (Allocation Failure) [PSYoungGen: 70621K->1533K(71168K)] 431830K->362742K(627712K), 0.0019555 secs] [Times: user=0.01 sys=0.00, real=0.00 secs] 
2427.345: [GC (Allocation Failure) [PSYoungGen: 70653K->1565K(71168K)] 431862K->362774K(627712K), 0.0017435 secs] [Times: user=0.01 sys=0.00, real=0.00 secs] 
2427.781: [GC (Allocation Failure) [PSYoungGen: 70685K->1424K(71168K)] 431894K->362641K(627712K), 0.0019031 secs] [Times: user=0.01 sys=0.00, real=0.00 secs] 
2428.284: [GC (Allocation Failure) [PSYoungGen: 70544K->1376K(71168K)] 431761K->362593K(627712K), 0.0036505 secs] [Times: user=0.01 sys=0.00, real=0.00 secs] 
2428.834: [GC (Allocation Failure) [PSYoungGen: 70496K->1376K(71168K)] 431713K->362593K(627712K), 0.0026220 secs] [Times: user=0.01 sys=0.00, real=0.00 secs] 
2429.375: [GC (Allocation Failure) [PSYoungGen: 70496K->1376K(71168K)] 431713K->362593K(627712K), 0.0025025 secs] [Times: user=0.01 sys=0.00, real=0.00 secs] 
2429.916: [GC (Allocation Failure) [PSYoungGen: 70496K->1517K(71168K)] 431713K->362734K(627712K), 0.0015326 secs] [Times: user=0.01 sys=0.00, real=0.00 secs] 
2430.321: [GC (Allocation Failure) [PSYoungGen: 70637K->1552K(71168K)] 431854K->362777K(627712K), 0.0017289 secs] [Times: user=0.01 sys=0.00, real=0.00 secs] 
2430.732: [GC (Allocation Failure) [PSYoungGen: 70672K->1565K(71168K)] 431897K->362790K(627712K), 0.0015978 secs] [Times: user=0.01 sys=0.00, real=0.00 secs] 
2431.138: [GC (Allocation Failure) [PSYoungGen: 70685K->1565K(71168K)] 431910K->362798K(627712K), 0.0016012 secs] [Times: user=0.01 sys=0.00, real=0.01 secs] 
2431.683: [GC (Allocation Failure) [PSYoungGen: 70685K->1440K(71168K)] 431918K->362673K(627712K), 0.0021224 secs] [Times: user=0.00 sys=0.00, real=0.00 secs] 
2432.057: [GC (Allocation Failure) [PSYoungGen: 70560K->1408K(71168K)] 431793K->362641K(627712K), 0.0019808 secs] [Times: user=0.00 sys=0.00, real=0.01 secs] 
2432.384: [GC (Allocation Failure) [PSYoungGen: 70528K->1408K(71168K)] 431761K->362641K(627712K), 0.0020981 secs] [Times: user=0.01 sys=0.00, real=0.00 secs] 
2432.673: [GC (Allocation Failure) [PSYoungGen: 70528K->1408K(71168K)] 431761K->362641K(627712K), 0.0020420 secs] [Times: user=0.01 sys=0.00, real=0.00 secs] 
2433.133: [GC (Allocation Failure) [PSYoungGen: 70528K->1533K(71168K)] 431761K->362766K(627712K), 0.0016284 secs] [Times: user=0.01 sys=0.00, real=0.00 secs] 
2433.536: [GC (Allocation Failure) [PSYoungGen: 70653K->1581K(71168K)] 431886K->362814K(627712K), 0.0016815 secs] [Times: user=0.01 sys=0.00, real=0.00 secs] 
2433.940: [GC (Allocation Failure) [PSYoungGen: 70701K->1584K(71168K)] 431934K->362817K(627712K), 0.0016615 secs] [Times: user=0.00 sys=0.00, real=0.00 secs] 
2434.572: [GC (Allocation Failure) [PSYoungGen: 70704K->1504K(71168K)] 431937K->362737K(627712K), 0.0020257 secs] [Times: user=0.00 sys=0.00, real=0.00 secs] 
2435.311: [GC (Allocation Failure) [PSYoungGen: 70624K->1408K(71168K)] 431857K->362641K(627712K), 0.0020856 secs] [Times: user=0.01 sys=0.00, real=0.00 secs] 
2435.793: [GC (Allocation Failure) [PSYoungGen: 70528K->1376K(71168K)] 431761K->362609K(627712K), 0.0021007 secs] [Times: user=0.00 sys=0.00, real=0.00 secs] 
2436.220: [GC (Allocation Failure) [PSYoungGen: 70496K->1392K(71168K)] 431729K->362625K(627712K), 0.0024313 secs] [Times: user=0.01 sys=0.00, real=0.00 secs] 
2436.816: [GC (Allocation Failure) [PSYoungGen: 70503K->1501K(71168K)] 431737K->362734K(627712K), 0.0016155 secs] [Times: user=0.01 sys=0.01, real=0.00 secs] 
2437.220: [GC (Allocation Failure) [PSYoungGen: 70621K->1520K(71168K)] 431854K->362785K(627712K), 0.0015949 secs] [Times: user=0.01 sys=0.00, real=0.00 secs] 
2437.623: [GC (Allocation Failure) [PSYoungGen: 70640K->1533K(71168K)] 431905K->362798K(627712K), 0.0015593 secs] [Times: user=0.01 sys=0.00, real=0.00 secs] 
2438.026: [GC (Allocation Failure) [PSYoungGen: 70653K->1533K(71168K)] 431918K->362798K(627712K), 0.0015577 secs] [Times: user=0.01 sys=0.00, real=0.00 secs] 
2439.287: [GC (Allocation Failure) [PSYoungGen: 70653K->1408K(71168K)] 431918K->362673K(627712K), 0.0026765 secs] [Times: user=0.01 sys=0.00, real=0.01 secs] 
2440.188: [GC (Allocation Failure) [PSYoungGen: 70528K->1344K(71168K)] 431793K->362609K(627712K), 0.0029130 secs] [Times: user=0.01 sys=0.00, real=0.01 secs] 
2440.803: [GC (Allocation Failure) [PSYoungGen: 70464K->1344K(71168K)] 431729K->362609K(627712K), 0.0023677 secs] [Times: user=0.01 sys=0.00, real=0.00 secs] 
2441.093: [GC (Allocation Failure) [PSYoungGen: 70464K->1376K(71168K)] 431729K->362641K(627712K), 0.0019195 secs] [Times: user=0.01 sys=0.00, real=0.00 secs] 
2441.491: [GC (Allocation Failure) [PSYoungGen: 70496K->1485K(71168K)] 431761K->362750K(627712K), 0.0016278 secs] [Times: user=0.01 sys=0.00, real=0.00 secs] 
2441.892: [GC (Allocation Failure) [PSYoungGen: 70605K->1533K(71168K)] 431870K->362798K(627712K), 0.0015651 secs] [Times: user=0.01 sys=0.00, real=0.00 secs] 
2442.294: [GC (Allocation Failure) [PSYoungGen: 70653K->1597K(71168K)] 431918K->362862K(627712K), 0.0016505 secs] [Times: user=0.01 sys=0.00, real=0.00 secs] 
2442.781: [GC (Allocation Failure) [PSYoungGen: 70717K->1520K(71168K)] 431982K->362785K(627712K), 0.0017537 secs] [Times: user=0.01 sys=0.00, real=0.00 secs] 
2443.608: [GC (Allocation Failure) [PSYoungGen: 70640K->1376K(71168K)] 431905K->362641K(627712K), 0.0040060 secs] [Times: user=0.02 sys=0.00, real=0.01 secs] 
2444.510: [GC (Allocation Failure) [PSYoungGen: 70496K->1360K(71168K)] 431761K->362625K(627712K), 0.0046942 secs] [Times: user=0.02 sys=0.00, real=0.00 secs] 
2445.429: [GC (Allocation Failure) [PSYoungGen: 70480K->1376K(71168K)] 431745K->362641K(627712K), 0.0031580 secs] [Times: user=0.02 sys=0.00, real=0.00 secs] 
2446.387: [GC (Allocation Failure) [PSYoungGen: 70496K->1437K(71168K)] 431761K->362702K(627712K), 0.0021446 secs] [Times: user=0.01 sys=0.00, real=0.00 secs] 
2446.822: [GC (Allocation Failure) [PSYoungGen: 70557K->1501K(71168K)] 431822K->362766K(627712K), 0.0016328 secs] [Times: user=0.00 sys=0.00, real=0.00 secs] 
2447.226: [GC (Allocation Failure) [PSYoungGen: 70621K->1533K(71168K)] 431886K->362798K(627712K), 0.0017568 secs] [Times: user=0.01 sys=0.00, real=0.00 secs] 
2447.629: [GC (Allocation Failure) [PSYoungGen: 70653K->1581K(71168K)] 431918K->362846K(627712K), 0.0016790 secs] [Times: user=0.00 sys=0.00, real=0.00 secs] 
2448.148: [GC (Allocation Failure) [PSYoungGen: 70701K->1472K(71168K)] 431966K->362745K(627712K), 0.0020430 secs] [Times: user=0.01 sys=0.00, real=0.01 secs] 
2448.728: [GC (Allocation Failure) [PSYoungGen: 70592K->1312K(71168K)] 431865K->362601K(627712K), 0.0041515 secs] [Times: user=0.01 sys=0.00, real=0.01 secs] 
2449.303: [GC (Allocation Failure) [PSYoungGen: 70432K->1376K(71168K)] 431721K->362665K(627712K), 0.0026988 secs] [Times: user=0.01 sys=0.00, real=0.00 secs] 
2449.882: [GC (Allocation Failure) [PSYoungGen: 70496K->1344K(71168K)] 431785K->362633K(627712K), 0.0021514 secs] [Times: user=0.01 sys=0.00, real=0.00 secs] 
2450.297: [GC (Allocation Failure) [PSYoungGen: 70464K->1485K(71168K)] 431753K->362774K(627712K), 0.0017878 secs] [Times: user=0.01 sys=0.01, real=0.01 secs] 
2450.700: [GC (Allocation Failure) [PSYoungGen: 70605K->1533K(71168K)] 431894K->362822K(627712K), 0.0017394 secs] [Times: user=0.01 sys=0.00, real=0.00 secs] 
2451.112: [GC (Allocation Failure) [PSYoungGen: 70653K->1549K(71168K)] 431942K->362838K(627712K), 0.0016812 secs] [Times: user=0.01 sys=0.00, real=0.00 secs] 
2451.519: [GC (Allocation Failure) [PSYoungGen: 70669K->1533K(71168K)] 431958K->362838K(627712K), 0.0016083 secs] [Times: user=0.01 sys=0.00, real=0.00 secs] 
2453.486: [GC (Allocation Failure) [PSYoungGen: 70653K->1376K(71168K)] 431958K->362681K(627712K), 0.0035128 secs] [Times: user=0.01 sys=0.00, real=0.01 secs] 
2454.561: [GC (Allocation Failure) [PSYoungGen: 70496K->1408K(71168K)] 431801K->362713K(627712K), 0.0038165 secs] [Times: user=0.01 sys=0.00, real=0.00 secs] 
2455.099: [GC (Allocation Failure) [PSYoungGen: 70528K->1376K(71168K)] 431833K->362681K(627712K), 0.0022301 secs] [Times: user=0.01 sys=0.00, real=0.00 secs] 
2455.698: [GC (Allocation Failure) [PSYoungGen: 70496K->1376K(71168K)] 431801K->362681K(627712K), 0.0035261 secs] [Times: user=0.01 sys=0.00, real=0.01 secs] 
2456.229: [GC (Allocation Failure) [PSYoungGen: 70496K->1533K(71168K)] 431801K->362838K(627712K), 0.0016397 secs] [Times: user=0.01 sys=0.00, real=0.00 secs] 
2456.638: [GC (Allocation Failure) [PSYoungGen: 70653K->1501K(71168K)] 431958K->362806K(627712K), 0.0015900 secs] [Times: user=0.01 sys=0.00, real=0.01 secs] 
2457.039: [GC (Allocation Failure) [PSYoungGen: 70621K->1517K(71168K)] 431926K->362822K(627712K), 0.0016083 secs] [Times: user=0.00 sys=0.00, real=0.00 secs] 
2458.050: [GC (Allocation Failure) [PSYoungGen: 70637K->1472K(71168K)] 431942K->362777K(627712K), 0.0030028 secs] [Times: user=0.01 sys=0.00, real=0.00 secs] 
2458.838: [GC (Allocation Failure) [PSYoungGen: 70592K->1376K(71168K)] 431897K->362681K(627712K), 0.0027747 secs] [Times: user=0.01 sys=0.00, real=0.01 secs] 
2459.229: [GC (Allocation Failure) [PSYoungGen: 70496K->1376K(71168K)] 431801K->362681K(627712K), 0.0020929 secs] [Times: user=0.01 sys=0.00, real=0.00 secs] 
2459.567: [GC (Allocation Failure) [PSYoungGen: 70496K->1376K(71168K)] 431801K->362681K(627712K), 0.0019371 secs] [Times: user=0.01 sys=0.00, real=0.01 secs] 
2459.941: [GC (Allocation Failure) [PSYoungGen: 70496K->1440K(71168K)] 431801K->362769K(627712K), 0.0014959 secs] [Times: user=0.01 sys=0.00, real=0.00 secs] 
2460.344: [GC (Allocation Failure) [PSYoungGen: 70560K->1565K(71168K)] 431889K->362894K(627712K), 0.0016192 secs] [Times: user=0.01 sys=0.00, real=0.00 secs] 
2460.746: [GC (Allocation Failure) [PSYoungGen: 70685K->1501K(71168K)] 432014K->362830K(627712K), 0.0017329 secs] [Times: user=0.00 sys=0.00, real=0.00 secs] 
2461.154: [GC (Allocation Failure) [PSYoungGen: 70621K->1533K(71168K)] 431950K->362862K(627712K), 0.0015709 secs] [Times: user=0.01 sys=0.00, real=0.00 secs] 
2461.872: [GC (Allocation Failure) [PSYoungGen: 70653K->1440K(71168K)] 431982K->362769K(627712K), 0.0039248 secs] [Times: user=0.01 sys=0.00, real=0.00 secs] 
2462.491: [GC (Allocation Failure) [PSYoungGen: 70560K->1376K(71168K)] 431889K->362705K(627712K), 0.0028898 secs] [Times: user=0.01 sys=0.00, real=0.00 secs] 
2463.056: [GC (Allocation Failure) [PSYoungGen: 70496K->1344K(71168K)] 431825K->362673K(627712K), 0.0024446 secs] [Times: user=0.01 sys=0.00, real=0.00 secs] 
2463.601: [GC (Allocation Failure) [PSYoungGen: 70464K->1376K(71168K)] 431793K->362705K(627712K), 0.0020922 secs] [Times: user=0.00 sys=0.00, real=0.00 secs] 
2464.123: [GC (Allocation Failure) [PSYoungGen: 70489K->1501K(71168K)] 431819K->362830K(627712K), 0.0015476 secs] [Times: user=0.01 sys=0.00, real=0.00 secs] 
2464.590: [GC (Allocation Failure) [PSYoungGen: 70621K->1501K(71168K)] 431950K->362830K(627712K), 0.0016600 secs] [Times: user=0.00 sys=0.00, real=0.00 secs] 
2464.992: [GC (Allocation Failure) [PSYoungGen: 70621K->1517K(71168K)] 431950K->362846K(627712K), 0.0016157 secs] [Times: user=0.00 sys=0.00, real=0.00 secs] 
2465.700: [GC (Allocation Failure) [PSYoungGen: 70637K->1472K(71168K)] 431966K->362801K(627712K), 0.0038881 secs] [Times: user=0.02 sys=0.00, real=0.00 secs] 
2466.907: [GC (Allocation Failure) [PSYoungGen: 70592K->1376K(71168K)] 431921K->362705K(627712K), 0.0029934 secs] [Times: user=0.01 sys=0.00, real=0.01 secs] 
2467.484: [GC (Allocation Failure) [PSYoungGen: 70496K->1376K(71168K)] 431825K->362705K(627712K), 0.0028788 secs] [Times: user=0.01 sys=0.00, real=0.00 secs] 
2468.210: [GC (Allocation Failure) [PSYoungGen: 70496K->1376K(71168K)] 431825K->362705K(627712K), 0.0027609 secs] [Times: user=0.01 sys=0.00, real=0.00 secs] 
2468.979: [GC (Allocation Failure) [PSYoungGen: 70496K->1469K(71168K)] 431825K->362798K(627712K), 0.0021494 secs] [Times: user=0.01 sys=0.00, real=0.00 secs] 
2469.417: [GC (Allocation Failure) [PSYoungGen: 70589K->1501K(71168K)] 431918K->362854K(627712K), 0.0016572 secs] [Times: user=0.00 sys=0.00, real=0.00 secs] 
2469.819: [GC (Allocation Failure) [PSYoungGen: 70610K->1549K(71168K)] 431964K->362902K(627712K), 0.0018368 secs] [Times: user=0.01 sys=0.00, real=0.01 secs] 
2470.225: [GC (Allocation Failure) [PSYoungGen: 70669K->1488K(71168K)] 432022K->362841K(627712K), 0.0016269 secs] [Times: user=0.01 sys=0.00, real=0.00 secs] 
2471.041: [GC (Allocation Failure) [PSYoungGen: 70608K->1440K(71168K)] 431961K->362793K(627712K), 0.0022034 secs] [Times: user=0.01 sys=0.00, real=0.00 secs] 
2471.821: [GC (Allocation Failure) [PSYoungGen: 70560K->1344K(71168K)] 431913K->362697K(627712K), 0.0020674 secs] [Times: user=0.01 sys=0.00, real=0.00 secs] 
2472.587: [GC (Allocation Failure) [PSYoungGen: 70464K->1328K(71168K)] 431817K->362681K(627712K), 0.0021205 secs] [Times: user=0.00 sys=0.00, real=0.01 secs] 
2473.429: [GC (Allocation Failure) [PSYoungGen: 70448K->1376K(71168K)] 431801K->362729K(627712K), 0.0021783 secs] [Times: user=0.01 sys=0.00, real=0.00 secs] 
2474.000: [GC (Allocation Failure) [PSYoungGen: 70490K->1501K(71168K)] 431843K->362854K(627712K), 0.0015465 secs] [Times: user=0.01 sys=0.00, real=0.00 secs] 
2474.404: [GC (Allocation Failure) [PSYoungGen: 70621K->1501K(71168K)] 431974K->362854K(627712K), 0.0016073 secs] [Times: user=0.00 sys=0.00, real=0.00 secs] 
2474.806: [GC (Allocation Failure) [PSYoungGen: 70621K->1613K(71168K)] 431974K->362966K(627712K), 0.0016619 secs] [Times: user=0.01 sys=0.01, real=0.00 secs] 
2475.212: [GC (Allocation Failure) [PSYoungGen: 70733K->1533K(71168K)] 432086K->362902K(627712K), 0.0016671 secs] [Times: user=0.01 sys=0.00, real=0.00 secs] 
2476.336: [GC (Allocation Failure) [PSYoungGen: 70653K->1376K(71168K)] 432022K->362745K(627712K), 0.0022915 secs] [Times: user=0.01 sys=0.00, real=0.00 secs] 
2476.912: [GC (Allocation Failure) [PSYoungGen: 70496K->1312K(71168K)] 431865K->362681K(627712K), 0.0024315 secs] [Times: user=0.01 sys=0.00, real=0.00 secs] 
2477.422: [GC (Allocation Failure) [PSYoungGen: 70432K->1376K(71168K)] 431801K->362745K(627712K), 0.0023137 secs] [Times: user=0.01 sys=0.00, real=0.00 secs] 
2477.924: [GC (Allocation Failure) [PSYoungGen: 70496K->1344K(71168K)] 431865K->362713K(627712K), 0.0024235 secs] [Times: user=0.00 sys=0.00, real=0.00 secs] 
2478.407: [GC (Allocation Failure) [PSYoungGen: 70464K->1565K(71168K)] 431833K->362934K(627712K), 0.0016107 secs] [Times: user=0.01 sys=0.00, real=0.01 secs] 
2478.808: [GC (Allocation Failure) [PSYoungGen: 70685K->1565K(71168K)] 432054K->362934K(627712K), 0.0016525 secs] [Times: user=0.00 sys=0.00, real=0.01 secs] 
2479.211: [GC (Allocation Failure) [PSYoungGen: 70685K->1504K(71168K)] 432054K->362897K(627712K), 0.0016234 secs] [Times: user=0.01 sys=0.00, real=0.00 secs] 
2479.595: [GC (Allocation Failure) [PSYoungGen: 70624K->1456K(71168K)] 432017K->362849K(627712K), 0.0017330 secs] [Times: user=0.00 sys=0.00, real=0.00 secs] 
2480.177: [GC (Allocation Failure) [PSYoungGen: 70576K->1376K(71168K)] 431969K->362769K(627712K), 0.0019374 secs] [Times: user=0.01 sys=0.00, real=0.01 secs] 
2480.763: [GC (Allocation Failure) [PSYoungGen: 70496K->1376K(71168K)] 431889K->362769K(627712K), 0.0020869 secs] [Times: user=0.01 sys=0.00, real=0.00 secs] 
2481.379: [GC (Allocation Failure) [PSYoungGen: 70496K->1376K(71168K)] 431889K->362769K(627712K), 0.0021276 secs] [Times: user=0.01 sys=0.00, real=0.00 secs] 
2481.996: [GC (Allocation Failure) [PSYoungGen: 70496K->1469K(71168K)] 431889K->362862K(627712K), 0.0021384 secs] [Times: user=0.01 sys=0.01, real=0.00 secs] 
2482.419: [GC (Allocation Failure) [PSYoungGen: 70589K->1549K(71168K)] 431982K->362942K(627712K), 0.0016446 secs] [Times: user=0.01 sys=0.00, real=0.00 secs] 
2482.820: [GC (Allocation Failure) [PSYoungGen: 70669K->1565K(71168K)] 432062K->362958K(627712K), 0.0016198 secs] [Times: user=0.00 sys=0.00, real=0.00 secs] 
2483.223: [GC (Allocation Failure) [PSYoungGen: 70685K->1533K(71168K)] 432078K->362926K(627712K), 0.0016322 secs] [Times: user=0.01 sys=0.00, real=0.00 secs] 
2483.796: [GC (Allocation Failure) [PSYoungGen: 70653K->1376K(71168K)] 432046K->362769K(627712K), 0.0028944 secs] [Times: user=0.01 sys=0.00, real=0.00 secs] 
2484.338: [GC (Allocation Failure) [PSYoungGen: 70496K->1376K(71168K)] 431889K->362769K(627712K), 0.0027587 secs] [Times: user=0.01 sys=0.00, real=0.01 secs] 
2484.990: [GC (Allocation Failure) [PSYoungGen: 70496K->1376K(71168K)] 431889K->362769K(627712K), 0.0024242 secs] [Times: user=0.01 sys=0.00, real=0.00 secs] 
2485.421: [GC (Allocation Failure) [PSYoungGen: 70496K->1376K(71168K)] 431889K->362769K(627712K), 0.0021174 secs] [Times: user=0.01 sys=0.00, real=0.00 secs] 
2485.826: [GC (Allocation Failure) [PSYoungGen: 70496K->1504K(71168K)] 431889K->362897K(627712K), 0.0015605 secs] [Times: user=0.01 sys=0.00, real=0.00 secs] 
2486.228: [GC (Allocation Failure) [PSYoungGen: 70624K->1597K(71168K)] 432017K->362990K(627712K), 0.0016713 secs] [Times: user=0.01 sys=0.00, real=0.01 secs] 
2486.634: [GC (Allocation Failure) [PSYoungGen: 70717K->1597K(71168K)] 432110K->362990K(627712K), 0.0016755 secs] [Times: user=0.01 sys=0.00, real=0.00 secs] 
2487.121: [GC (Allocation Failure) [PSYoungGen: 70717K->1520K(71168K)] 432110K->362921K(627712K), 0.0020069 secs] [Times: user=0.01 sys=0.00, real=0.00 secs] 
2487.722: [GC (Allocation Failure) [PSYoungGen: 70640K->1344K(71168K)] 432041K->362761K(627712K), 0.0019039 secs] [Times: user=0.01 sys=0.00, real=0.00 secs] 
2488.274: [GC (Allocation Failure) [PSYoungGen: 70464K->1360K(71168K)] 431881K->362777K(627712K), 0.0029106 secs] [Times: user=0.01 sys=0.00, real=0.00 secs] 
2488.825: [GC (Allocation Failure) [PSYoungGen: 70480K->1376K(71168K)] 431897K->362793K(627712K), 0.0031851 secs] [Times: user=0.02 sys=0.00, real=0.00 secs] 
2489.265: [GC (Allocation Failure) [PSYoungGen: 70496K->1424K(71168K)] 431913K->362841K(627712K), 0.0018494 secs] [Times: user=0.01 sys=0.00, real=0.00 secs] 
2489.673: [GC (Allocation Failure) [PSYoungGen: 70512K->1501K(71168K)] 431930K->362918K(627712K), 0.0016460 secs] [Times: user=0.01 sys=0.01, real=0.00 secs] 
2490.078: [GC (Allocation Failure) [PSYoungGen: 70621K->1584K(71168K)] 432038K->363001K(627712K), 0.0016576 secs] [Times: user=0.00 sys=0.00, real=0.01 secs] 
2490.481: [GC (Allocation Failure) [PSYoungGen: 70704K->1501K(71168K)] 432121K->362918K(627712K), 0.0016428 secs] [Times: user=0.01 sys=0.00, real=0.00 secs] 
2491.143: [GC (Allocation Failure) [PSYoungGen: 70621K->1456K(71168K)] 432038K->362881K(627712K), 0.0023134 secs] [Times: user=0.01 sys=0.00, real=0.00 secs] 
2491.889: [GC (Allocation Failure) [PSYoungGen: 70576K->1376K(71168K)] 432001K->362801K(627712K), 0.0023285 secs] [Times: user=0.01 sys=0.00, real=0.00 secs] 
2492.537: [GC (Allocation Failure) [PSYoungGen: 70496K->1408K(71168K)] 431921K->362833K(627712K), 0.0022669 secs] [Times: user=0.01 sys=0.00, real=0.01 secs] 
2493.194: [GC (Allocation Failure) [PSYoungGen: 70528K->1376K(71168K)] 431953K->362801K(627712K), 0.0022695 secs] [Times: user=0.00 sys=0.00, real=0.00 secs] 
2493.686: [GC (Allocation Failure) [PSYoungGen: 70496K->1472K(71168K)] 431921K->362897K(627712K), 0.0015391 secs] [Times: user=0.00 sys=0.00, real=0.00 secs] 
2494.087: [GC (Allocation Failure) [PSYoungGen: 70592K->1533K(71168K)] 432017K->362958K(627712K), 0.0016071 secs] [Times: user=0.00 sys=0.00, real=0.01 secs] 
2494.489: [GC (Allocation Failure) [PSYoungGen: 70653K->1584K(71168K)] 432078K->363009K(627712K), 0.0016019 secs] [Times: user=0.00 sys=0.01, real=0.00 secs] 
2494.892: [GC (Allocation Failure) [PSYoungGen: 70704K->1533K(71168K)] 432129K->362966K(627712K), 0.0015904 secs] [Times: user=0.01 sys=0.00, real=0.00 secs] 
2495.232: [GC (Allocation Failure) [PSYoungGen: 70653K->1408K(71168K)] 432086K->362841K(627712K), 0.0017806 secs] [Times: user=0.01 sys=0.01, real=0.00 secs] 
2495.542: [GC (Allocation Failure) [PSYoungGen: 70528K->1376K(71168K)] 431961K->362809K(627712K), 0.0018533 secs] [Times: user=0.01 sys=0.00, real=0.00 secs] 
2495.829: [GC (Allocation Failure) [PSYoungGen: 70496K->1376K(71168K)] 431929K->362809K(627712K), 0.0019089 secs] [Times: user=0.00 sys=0.00, real=0.00 secs] 
2496.147: [GC (Allocation Failure) [PSYoungGen: 70496K->1376K(71168K)] 431929K->362809K(627712K), 0.0020448 secs] [Times: user=0.01 sys=0.00, real=0.01 secs] 
2496.598: [GC (Allocation Failure) [PSYoungGen: 70496K->1533K(71168K)] 431929K->362966K(627712K), 0.0016468 secs] [Times: user=0.01 sys=0.00, real=0.01 secs] 
2497.003: [GC (Allocation Failure) [PSYoungGen: 70653K->1501K(71168K)] 432086K->362934K(627712K), 0.0015598 secs] [Times: user=0.00 sys=0.00, real=0.00 secs] 
2497.404: [GC (Allocation Failure) [PSYoungGen: 70621K->1533K(71168K)] 432054K->362990K(627712K), 0.0016220 secs] [Times: user=0.00 sys=0.00, real=0.00 secs] 
2497.823: [GC (Allocation Failure) [PSYoungGen: 70653K->1440K(71168K)] 432110K->362897K(627712K), 0.0030820 secs] [Times: user=0.01 sys=0.00, real=0.00 secs] 
2498.167: [GC (Allocation Failure) [PSYoungGen: 70560K->1376K(71168K)] 432017K->362833K(627712K), 0.0019347 secs] [Times: user=0.01 sys=0.00, real=0.00 secs] 
2498.461: [GC (Allocation Failure) [PSYoungGen: 70496K->1344K(71168K)] 431953K->362801K(627712K), 0.0021021 secs] [Times: user=0.01 sys=0.00, real=0.00 secs] 
2498.749: [GC (Allocation Failure) [PSYoungGen: 70464K->1376K(71168K)] 431921K->362833K(627712K), 0.0019956 secs] [Times: user=0.01 sys=0.00, real=0.00 secs] 
2499.151: [GC (Allocation Failure) [PSYoungGen: 70496K->1469K(71168K)] 431953K->362926K(627712K), 0.0016031 secs] [Times: user=0.01 sys=0.00, real=0.00 secs] 
2499.553: [GC (Allocation Failure) [PSYoungGen: 70589K->1565K(71168K)] 432046K->363022K(627712K), 0.0016419 secs] [Times: user=0.00 sys=0.00, real=0.00 secs] 
2499.956: [GC (Allocation Failure) [PSYoungGen: 70685K->1501K(71168K)] 432142K->362958K(627712K), 0.0017220 secs] [Times: user=0.01 sys=0.00, real=0.00 secs] 
2500.358: [GC (Allocation Failure) [PSYoungGen: 70621K->1549K(71168K)] 432078K->363006K(627712K), 0.0018274 secs] [Times: user=0.00 sys=0.00, real=0.01 secs] 
2500.971: [GC (Allocation Failure) [PSYoungGen: 70669K->1440K(71168K)] 432126K->362897K(627712K), 0.0023905 secs] [Times: user=0.00 sys=0.00, real=0.00 secs] 
2501.658: [GC (Allocation Failure) [PSYoungGen: 70560K->1376K(71168K)] 432017K->362833K(627712K), 0.0027365 secs] [Times: user=0.01 sys=0.00, real=0.01 secs] 
2502.346: [GC (Allocation Failure) [PSYoungGen: 70496K->1376K(71168K)] 431953K->362833K(627712K), 0.0024531 secs] [Times: user=0.01 sys=0.00, real=0.00 secs] 
2502.896: [GC (Allocation Failure) [PSYoungGen: 70496K->1376K(71168K)] 431953K->362833K(627712K), 0.0022392 secs] [Times: user=0.01 sys=0.00, real=0.00 secs] 
2503.386: [GC (Allocation Failure) [PSYoungGen: 70496K->1501K(71168K)] 431953K->362958K(627712K), 0.0015963 secs] [Times: user=0.01 sys=0.00, real=0.00 secs] 
2503.788: [GC (Allocation Failure) [PSYoungGen: 70621K->1501K(71168K)] 432078K->362958K(627712K), 0.0015630 secs] [Times: user=0.01 sys=0.00, real=0.01 secs] 
2504.191: [GC (Allocation Failure) [PSYoungGen: 70621K->1565K(71168K)] 432078K->363022K(627712K), 0.0016601 secs] [Times: user=0.01 sys=0.00, real=0.00 secs] 
2504.612: [GC (Allocation Failure) [PSYoungGen: 70685K->1504K(71168K)] 432142K->362961K(627712K), 0.0018727 secs] [Times: user=0.01 sys=0.00, real=0.00 secs] 
2504.991: [GC (Allocation Failure) [PSYoungGen: 70624K->1344K(71168K)] 432081K->362801K(627712K), 0.0018667 secs] [Times: user=0.01 sys=0.00, real=0.00 secs] 
2505.285: [GC (Allocation Failure) [PSYoungGen: 70464K->1376K(71168K)] 431921K->362833K(627712K), 0.0019279 secs] [Times: user=0.00 sys=0.01, real=0.00 secs] 
2505.709: [GC (Allocation Failure) [PSYoungGen: 70496K->1376K(71168K)] 431953K->362833K(627712K), 0.0017534 secs] [Times: user=0.01 sys=0.00, real=0.01 secs] 
2506.515: [GC (Allocation Failure) [PSYoungGen: 70496K->1437K(71168K)] 431953K->362894K(627712K), 0.0025155 secs] [Times: user=0.01 sys=0.00, real=0.00 secs] 
2506.990: [GC (Allocation Failure) [PSYoungGen: 70557K->1533K(71168K)] 432014K->362990K(627712K), 0.0015515 secs] [Times: user=0.01 sys=0.00, real=0.00 secs] 
2507.392: [GC (Allocation Failure) [PSYoungGen: 70653K->1501K(71168K)] 432110K->362958K(627712K), 0.0017044 secs] [Times: user=0.01 sys=0.00, real=0.00 secs] 
2507.793: [GC (Allocation Failure) [PSYoungGen: 70621K->1533K(71168K)] 432078K->363014K(627712K), 0.0015712 secs] [Times: user=0.00 sys=0.00, real=0.00 secs] 
2508.290: [GC (Allocation Failure) [PSYoungGen: 70653K->1440K(71168K)] 432134K->362921K(627712K), 0.0036657 secs] [Times: user=0.01 sys=0.00, real=0.00 secs] 
2508.579: [GC (Allocation Failure) [PSYoungGen: 70560K->1344K(71168K)] 432041K->362825K(627712K), 0.0019823 secs] [Times: user=0.01 sys=0.00, real=0.00 secs] 
2508.866: [GC (Allocation Failure) [PSYoungGen: 70464K->1376K(71168K)] 431945K->362857K(627712K), 0.0019858 secs] [Times: user=0.01 sys=0.00, real=0.00 secs] 
2509.153: [GC (Allocation Failure) [PSYoungGen: 70496K->1344K(71168K)] 431977K->362825K(627712K), 0.0019350 secs] [Times: user=0.01 sys=0.00, real=0.00 secs] 
2509.526: [GC (Allocation Failure) [PSYoungGen: 70457K->1469K(71168K)] 431939K->362950K(627712K), 0.0015817 secs] [Times: user=0.00 sys=0.00, real=0.00 secs] 
2509.931: [GC (Allocation Failure) [PSYoungGen: 70589K->1549K(71168K)] 432070K->363030K(627712K), 0.0016602 secs] [Times: user=0.01 sys=0.00, real=0.00 secs] 
2510.333: [GC (Allocation Failure) [PSYoungGen: 70669K->1501K(71168K)] 432150K->362982K(627712K), 0.0017415 secs] [Times: user=0.00 sys=0.00, real=0.00 secs] 
2510.804: [GC (Allocation Failure) [PSYoungGen: 70621K->1501K(71168K)] 432102K->362990K(627712K), 0.0017906 secs] [Times: user=0.01 sys=0.00, real=0.00 secs] 
2511.904: [GC (Allocation Failure) [PSYoungGen: 70621K->1392K(71168K)] 432110K->362881K(627712K), 0.0029257 secs] [Times: user=0.01 sys=0.00, real=0.00 secs] 
2512.704: [GC (Allocation Failure) [PSYoungGen: 70512K->1344K(71168K)] 432001K->362833K(627712K), 0.0028135 secs] [Times: user=0.01 sys=0.00, real=0.00 secs] 
2513.066: [GC (Allocation Failure) [PSYoungGen: 70464K->1312K(71168K)] 431953K->362801K(627712K), 0.0018880 secs] [Times: user=0.00 sys=0.00, real=0.00 secs] 
2513.353: [GC (Allocation Failure) [PSYoungGen: 70432K->1376K(71168K)] 431921K->362865K(627712K), 0.0019912 secs] [Times: user=0.01 sys=0.00, real=0.00 secs] 
2513.779: [GC (Allocation Failure) [PSYoungGen: 70493K->1533K(71168K)] 431983K->363022K(627712K), 0.0017438 secs] [Times: user=0.00 sys=0.00, real=0.01 secs] 
2514.183: [GC (Allocation Failure) [PSYoungGen: 70653K->1517K(71168K)] 432142K->363006K(627712K), 0.0015868 secs] [Times: user=0.00 sys=0.00, real=0.00 secs] 
2514.586: [GC (Allocation Failure) [PSYoungGen: 70637K->1584K(71168K)] 432126K->363073K(627712K), 0.0016219 secs] [Times: user=0.00 sys=0.00, real=0.00 secs] 
2515.092: [GC (Allocation Failure) [PSYoungGen: 70704K->1488K(71168K)] 432193K->362977K(627712K), 0.0019514 secs] [Times: user=0.00 sys=0.00, real=0.00 secs] 
2515.680: [GC (Allocation Failure) [PSYoungGen: 70608K->1344K(71168K)] 432097K->362833K(627712K), 0.0020556 secs] [Times: user=0.00 sys=0.00, real=0.00 secs] 
2516.253: [GC (Allocation Failure) [PSYoungGen: 70464K->1344K(71168K)] 431953K->362833K(627712K), 0.0021855 secs] [Times: user=0.01 sys=0.00, real=0.00 secs] 
2516.645: [GC (Allocation Failure) [PSYoungGen: 70464K->1360K(71168K)] 431953K->362849K(627712K), 0.0019714 secs] [Times: user=0.01 sys=0.00, real=0.00 secs] 
2517.200: [GC (Allocation Failure) [PSYoungGen: 70480K->1437K(71168K)] 431969K->362926K(627712K), 0.0016066 secs] [Times: user=0.01 sys=0.00, real=0.00 secs] 
2517.602: [GC (Allocation Failure) [PSYoungGen: 70557K->1501K(71168K)] 432046K->362990K(627712K), 0.0015815 secs] [Times: user=0.00 sys=0.00, real=0.00 secs] 
2518.004: [GC (Allocation Failure) [PSYoungGen: 70621K->1501K(71168K)] 432110K->363014K(627712K), 0.0015810 secs] [Times: user=0.01 sys=0.00, real=0.00 secs] 
2518.406: [GC (Allocation Failure) [PSYoungGen: 70621K->1565K(71168K)] 432134K->363078K(627712K), 0.0017127 secs] [Times: user=0.01 sys=0.00, real=0.00 secs] 
2518.759: [GC (Allocation Failure) [PSYoungGen: 70685K->1408K(71168K)] 432198K->362929K(627712K), 0.0018767 secs] [Times: user=0.01 sys=0.00, real=0.00 secs] 
2519.047: [GC (Allocation Failure) [PSYoungGen: 70528K->1376K(71168K)] 432049K->362897K(627712K), 0.0019054 secs] [Times: user=0.01 sys=0.00, real=0.00 secs] 
2519.334: [GC (Allocation Failure) [PSYoungGen: 70496K->1312K(71168K)] 432017K->362833K(627712K), 0.0017901 secs] [Times: user=0.01 sys=0.00, real=0.00 secs] 
2519.684: [GC (Allocation Failure) [PSYoungGen: 70432K->1376K(71168K)] 431953K->362897K(627712K), 0.0017476 secs] [Times: user=0.00 sys=0.00, real=0.00 secs] 
2520.226: [GC (Allocation Failure) [PSYoungGen: 70464K->1469K(71168K)] 431985K->362990K(627712K), 0.0015555 secs] [Times: user=0.00 sys=0.00, real=0.00 secs] 
2520.630: [GC (Allocation Failure) [PSYoungGen: 70589K->1613K(71168K)] 432110K->363134K(627712K), 0.0016662 secs] [Times: user=0.01 sys=0.00, real=0.00 secs] 
2521.093: [GC (Allocation Failure) [PSYoungGen: 70733K->1533K(71168K)] 432254K->363054K(627712K), 0.0016820 secs] [Times: user=0.00 sys=0.00, real=0.00 secs] 
2521.491: [GC (Allocation Failure) [PSYoungGen: 70653K->1520K(71168K)] 432174K->363041K(627712K), 0.0019111 secs] [Times: user=0.01 sys=0.00, real=0.00 secs] 
2521.778: [GC (Allocation Failure) [PSYoungGen: 70640K->1376K(71168K)] 432161K->362897K(627712K), 0.0021079 secs] [Times: user=0.00 sys=0.01, real=0.01 secs] 
2522.139: [GC (Allocation Failure) [PSYoungGen: 70496K->1376K(71168K)] 432017K->362897K(627712K), 0.0020132 secs] [Times: user=0.00 sys=0.00, real=0.01 secs] 
2522.737: [GC (Allocation Failure) [PSYoungGen: 70496K->1376K(71168K)] 432017K->362897K(627712K), 0.0020249 secs] [Times: user=0.01 sys=0.00, real=0.01 secs] 
2523.612: [GC (Allocation Failure) [PSYoungGen: 70496K->1405K(71168K)] 432017K->362926K(627712K), 0.0023255 secs] [Times: user=0.01 sys=0.00, real=0.00 secs] 
2524.053: [GC (Allocation Failure) [PSYoungGen: 70525K->1597K(71168K)] 432046K->363118K(627712K), 0.0016242 secs] [Times: user=0.01 sys=0.00, real=0.00 secs] 
2524.454: [GC (Allocation Failure) [PSYoungGen: 70717K->1501K(71168K)] 432238K->363022K(627712K), 0.0016095 secs] [Times: user=0.00 sys=0.00, real=0.00 secs] 
2524.858: [GC (Allocation Failure) [PSYoungGen: 70621K->1533K(71168K)] 432142K->363054K(627712K), 0.0016967 secs] [Times: user=0.00 sys=0.00, real=0.01 secs] 
2525.429: [GC (Allocation Failure) [PSYoungGen: 70653K->1456K(71168K)] 432174K->362977K(627712K), 0.0022017 secs] [Times: user=0.01 sys=0.00, real=0.00 secs] 
2525.747: [GC (Allocation Failure) [PSYoungGen: 70576K->1376K(71168K)] 432097K->362897K(627712K), 0.0021165 secs] [Times: user=0.01 sys=0.00, real=0.01 secs] 
2526.034: [GC (Allocation Failure) [PSYoungGen: 70496K->1376K(71168K)] 432017K->362897K(627712K), 0.0019141 secs] [Times: user=0.01 sys=0.00, real=0.00 secs] 
2526.322: [GC (Allocation Failure) [PSYoungGen: 70496K->1376K(71168K)] 432017K->362897K(627712K), 0.0020068 secs] [Times: user=0.01 sys=0.00, real=0.00 secs] 
2526.751: [GC (Allocation Failure) [PSYoungGen: 70490K->1440K(71168K)] 432012K->362985K(627712K), 0.0016585 secs] [Times: user=0.00 sys=0.00, real=0.00 secs] 
2527.158: [GC (Allocation Failure) [PSYoungGen: 70560K->1517K(71168K)] 432105K->363062K(627712K), 0.0016210 secs] [Times: user=0.01 sys=0.00, real=0.01 secs] 
2527.560: [GC (Allocation Failure) [PSYoungGen: 70637K->1501K(71168K)] 432182K->363046K(627712K), 0.0015397 secs] [Times: user=0.01 sys=0.00, real=0.00 secs] 
2527.962: [GC (Allocation Failure) [PSYoungGen: 70621K->1533K(71168K)] 432166K->363094K(627712K), 0.0016118 secs] [Times: user=0.00 sys=0.00, real=0.00 secs] 
2528.298: [GC (Allocation Failure) [PSYoungGen: 70653K->1408K(71168K)] 432214K->362969K(627712K), 0.0018057 secs] [Times: user=0.01 sys=0.00, real=0.01 secs] 
2528.637: [GC (Allocation Failure) [PSYoungGen: 70528K->1344K(71168K)] 432089K->362905K(627712K), 0.0017845 secs] [Times: user=0.00 sys=0.00, real=0.01 secs] 
2528.949: [GC (Allocation Failure) [PSYoungGen: 70464K->1376K(71168K)] 432025K->362937K(627712K), 0.0018276 secs] [Times: user=0.00 sys=0.00, real=0.00 secs] 
2529.241: [GC (Allocation Failure) [PSYoungGen: 70496K->1376K(71168K)] 432057K->362937K(627712K), 0.0018522 secs] [Times: user=0.01 sys=0.00, real=0.00 secs] 
2529.671: [GC (Allocation Failure) [PSYoungGen: 70496K->1469K(71168K)] 432057K->363030K(627712K), 0.0016885 secs] [Times: user=0.01 sys=0.00, real=0.00 secs] 
2530.074: [GC (Allocation Failure) [PSYoungGen: 70589K->1613K(71168K)] 432150K->363174K(627712K), 0.0016333 secs] [Times: user=0.00 sys=0.00, real=0.00 secs] 
2530.477: [GC (Allocation Failure) [PSYoungGen: 70733K->1549K(71168K)] 432294K->363110K(627712K), 0.0016693 secs] [Times: user=0.00 sys=0.00, real=0.01 secs] 
2530.860: [GC (Allocation Failure) [PSYoungGen: 70669K->1456K(71168K)] 432230K->363017K(627712K), 0.0018297 secs] [Times: user=0.01 sys=0.00, real=0.00 secs] 
2531.427: [GC (Allocation Failure) [PSYoungGen: 70576K->1344K(71168K)] 432137K->362905K(627712K), 0.0021176 secs] [Times: user=0.01 sys=0.00, real=0.01 secs] 
2532.029: [GC (Allocation Failure) [PSYoungGen: 70464K->1312K(71168K)] 432025K->362873K(627712K), 0.0020690 secs] [Times: user=0.01 sys=0.01, real=0.00 secs] 
2532.991: [GC (Allocation Failure) [PSYoungGen: 70432K->1376K(71168K)] 431993K->362937K(627712K), 0.0025665 secs] [Times: user=0.01 sys=0.00, real=0.00 secs] 
2533.858: [GC (Allocation Failure) [PSYoungGen: 70496K->1440K(71168K)] 432057K->363001K(627712K), 0.0017427 secs] [Times: user=0.01 sys=0.00, real=0.01 secs] 
2534.260: [GC (Allocation Failure) [PSYoungGen: 70560K->1565K(71168K)] 432121K->363126K(627712K), 0.0016542 secs] [Times: user=0.01 sys=0.00, real=0.00 secs] 
2534.663: [GC (Allocation Failure) [PSYoungGen: 70685K->1536K(71168K)] 432246K->363105K(627712K), 0.0016847 secs] [Times: user=0.01 sys=0.00, real=0.00 secs] 
2535.067: [GC (Allocation Failure) [PSYoungGen: 70656K->1568K(71168K)] 432225K->363137K(627712K), 0.0016498 secs] [Times: user=0.01 sys=0.00, real=0.01 secs] 
2535.410: [GC (Allocation Failure) [PSYoungGen: 70688K->1392K(71168K)] 432257K->362961K(627712K), 0.0018419 secs] [Times: user=0.01 sys=0.00, real=0.00 secs] 
2535.697: [GC (Allocation Failure) [PSYoungGen: 70512K->1376K(71168K)] 432081K->362945K(627712K), 0.0016829 secs] [Times: user=0.01 sys=0.00, real=0.00 secs] 
2536.056: [GC (Allocation Failure) [PSYoungGen: 70496K->1376K(71168K)] 432065K->362945K(627712K), 0.0016751 secs] [Times: user=0.01 sys=0.00, real=0.00 secs] 
2536.641: [GC (Allocation Failure) [PSYoungGen: 70496K->1344K(71168K)] 432065K->362921K(627712K), 0.0018990 secs] [Times: user=0.01 sys=0.00, real=0.00 secs] 
2537.152: [GC (Allocation Failure) [PSYoungGen: 70464K->1501K(71168K)] 432041K->363078K(627712K), 0.0015964 secs] [Times: user=0.01 sys=0.00, real=0.00 secs] 
2537.554: [GC (Allocation Failure) [PSYoungGen: 70621K->1501K(71168K)] 432198K->363078K(627712K), 0.0015645 secs] [Times: user=0.00 sys=0.00, real=0.00 secs] 
2537.957: [GC (Allocation Failure) [PSYoungGen: 70621K->1536K(71168K)] 432198K->363137K(627712K), 0.0015746 secs] [Times: user=0.01 sys=0.00, real=0.00 secs] 
2538.351: [GC (Allocation Failure) [PSYoungGen: 70656K->1536K(71168K)] 432257K->363145K(627712K), 0.0016747 secs] [Times: user=0.01 sys=0.00, real=0.00 secs] 
2538.638: [GC (Allocation Failure) [PSYoungGen: 70656K->1360K(71168K)] 432265K->362969K(627712K), 0.0015826 secs] [Times: user=0.01 sys=0.00, real=0.01 secs] 
2538.979: [GC (Allocation Failure) [PSYoungGen: 70480K->1376K(71168K)] 432089K->362985K(627712K), 0.0016357 secs] [Times: user=0.01 sys=0.00, real=0.01 secs] 
2539.864: [GC (Allocation Failure) [PSYoungGen: 70496K->1376K(71168K)] 432105K->362985K(627712K), 0.0041798 secs] [Times: user=0.01 sys=0.00, real=0.00 secs] 
2540.790: [GC (Allocation Failure) [PSYoungGen: 70496K->1437K(71168K)] 432105K->363046K(627712K), 0.0024172 secs] [Times: user=0.01 sys=0.00, real=0.00 secs] 
2541.243: [GC (Allocation Failure) [PSYoungGen: 70557K->1533K(71168K)] 432166K->363142K(627712K), 0.0017426 secs] [Times: user=0.01 sys=0.00, real=0.00 secs] 
2541.647: [GC (Allocation Failure) [PSYoungGen: 70653K->1549K(71168K)] 432262K->363158K(627712K), 0.0016477 secs] [Times: user=0.00 sys=0.00, real=0.01 secs] 
2542.055: [GC (Allocation Failure) [PSYoungGen: 70669K->1533K(71168K)] 432278K->363142K(627712K), 0.0015905 secs] [Times: user=0.01 sys=0.00, real=0.00 secs] 
2542.741: [GC (Allocation Failure) [PSYoungGen: 70653K->1456K(71168K)] 432262K->363065K(627712K), 0.0022209 secs] [Times: user=0.00 sys=0.00, real=0.00 secs] 
2543.377: [GC (Allocation Failure) [PSYoungGen: 70576K->1376K(71168K)] 432185K->362985K(627712K), 0.0023272 secs] [Times: user=0.01 sys=0.00, real=0.01 secs] 
2543.972: [GC (Allocation Failure) [PSYoungGen: 70496K->1376K(71168K)] 432105K->362985K(627712K), 0.0021397 secs] [Times: user=0.01 sys=0.00, real=0.00 secs] 
2544.353: [GC (Allocation Failure) [PSYoungGen: 70496K->1376K(71168K)] 432105K->362985K(627712K), 0.0019873 secs] [Times: user=0.00 sys=0.00, real=0.00 secs] 
2544.767: [GC (Allocation Failure) [PSYoungGen: 70490K->1504K(71168K)] 432100K->363113K(627712K), 0.0015814 secs] [Times: user=0.01 sys=0.00, real=0.01 secs] 
2545.171: [GC (Allocation Failure) [PSYoungGen: 70624K->1488K(71168K)] 432233K->363097K(627712K), 0.0016255 secs] [Times: user=0.01 sys=0.00, real=0.00 secs] 
2545.572: [GC (Allocation Failure) [PSYoungGen: 70608K->1533K(71168K)] 432217K->363142K(627712K), 0.0015601 secs] [Times: user=0.00 sys=0.00, real=0.00 secs] 
2545.974: [GC (Allocation Failure) [PSYoungGen: 70653K->1501K(71168K)] 432262K->363118K(627712K), 0.0016709 secs] [Times: user=0.01 sys=0.00, real=0.00 secs] 
2546.373: [GC (Allocation Failure) [PSYoungGen: 70621K->1408K(71168K)] 432238K->363025K(627712K), 0.0017854 secs] [Times: user=0.01 sys=0.00, real=0.00 secs] 
2546.660: [GC (Allocation Failure) [PSYoungGen: 70528K->1376K(71168K)] 432145K->362993K(627712K), 0.0018935 secs] [Times: user=0.01 sys=0.00, real=0.00 secs] 
2547.111: [GC (Allocation Failure) [PSYoungGen: 70496K->1360K(71168K)] 432113K->362977K(627712K), 0.0021228 secs] [Times: user=0.01 sys=0.00, real=0.00 secs] 
2547.634: [GC (Allocation Failure) [PSYoungGen: 70480K->1376K(71168K)] 432097K->363017K(627712K), 0.0037965 secs] [Times: user=0.02 sys=0.00, real=0.00 secs] 
2548.279: [GC (Allocation Failure) [PSYoungGen: 70496K->1485K(71168K)] 432137K->363126K(627712K), 0.0016469 secs] [Times: user=0.00 sys=0.00, real=0.01 secs] 
2548.680: [GC (Allocation Failure) [PSYoungGen: 70605K->1581K(71168K)] 432246K->363222K(627712K), 0.0016846 secs] [Times: user=0.01 sys=0.00, real=0.00 secs] 
2549.083: [GC (Allocation Failure) [PSYoungGen: 70701K->1533K(71168K)] 432342K->363174K(627712K), 0.0015741 secs] [Times: user=0.01 sys=0.00, real=0.00 secs] 
2549.570: [GC (Allocation Failure) [PSYoungGen: 70653K->1456K(71168K)] 432294K->363097K(627712K), 0.0026145 secs] [Times: user=0.01 sys=0.00, real=0.00 secs] 
2549.985: [GC (Allocation Failure) [PSYoungGen: 70576K->1344K(71168K)] 432217K->362985K(627712K), 0.0020903 secs] [Times: user=0.00 sys=0.00, real=0.00 secs] 
2550.303: [GC (Allocation Failure) [PSYoungGen: 70464K->1376K(71168K)] 432105K->363017K(627712K), 0.0019196 secs] [Times: user=0.01 sys=0.00, real=0.00 secs] 
2550.802: [GC (Allocation Failure) [PSYoungGen: 70496K->1344K(71168K)] 432137K->362985K(627712K), 0.0021470 secs] [Times: user=0.01 sys=0.00, real=0.00 secs] 
2551.365: [GC (Allocation Failure) [PSYoungGen: 70464K->1469K(71168K)] 432105K->363110K(627712K), 0.0015773 secs] [Times: user=0.01 sys=0.00, real=0.00 secs] 
2551.767: [GC (Allocation Failure) [PSYoungGen: 70589K->1520K(71168K)] 432230K->363161K(627712K), 0.0023374 secs] [Times: user=0.01 sys=0.00, real=0.01 secs] 
2552.176: [GC (Allocation Failure) [PSYoungGen: 70640K->1501K(71168K)] 432281K->363142K(627712K), 0.0016255 secs] [Times: user=0.00 sys=0.00, real=0.00 secs] 
2552.646: [GC (Allocation Failure) [PSYoungGen: 70621K->1549K(71168K)] 432262K->363190K(627712K), 0.0019226 secs] [Times: user=0.01 sys=0.00, real=0.00 secs] 
2553.122: [GC (Allocation Failure) [PSYoungGen: 70669K->1408K(71168K)] 432310K->363049K(627712K), 0.0020813 secs] [Times: user=0.01 sys=0.00, real=0.00 secs] 
2553.444: [GC (Allocation Failure) [PSYoungGen: 70528K->1408K(71168K)] 432169K->363049K(627712K), 0.0035869 secs] [Times: user=0.01 sys=0.00, real=0.00 secs] 
2553.762: [GC (Allocation Failure) [PSYoungGen: 70528K->1344K(71168K)] 432169K->362985K(627712K), 0.0018042 secs] [Times: user=0.01 sys=0.00, real=0.00 secs] 
2554.158: [GC (Allocation Failure) [PSYoungGen: 70464K->1376K(71168K)] 432105K->363017K(627712K), 0.0020288 secs] [Times: user=0.00 sys=0.00, real=0.01 secs] 
2554.590: [GC (Allocation Failure) [PSYoungGen: 70466K->1501K(71168K)] 432108K->363142K(627712K), 0.0015925 secs] [Times: user=0.01 sys=0.00, real=0.00 secs] 
2554.994: [GC (Allocation Failure) [PSYoungGen: 70621K->1549K(71168K)] 432262K->363190K(627712K), 0.0016194 secs] [Times: user=0.01 sys=0.00, real=0.00 secs] 
2555.396: [GC (Allocation Failure) [PSYoungGen: 70669K->1501K(71168K)] 432310K->363142K(627712K), 0.0017569 secs] [Times: user=0.00 sys=0.00, real=0.00 secs] 
2555.867: [GC (Allocation Failure) [PSYoungGen: 70621K->1504K(71168K)] 432262K->363145K(627712K), 0.0019584 secs] [Times: user=0.01 sys=0.00, real=0.01 secs] 
2556.189: [GC (Allocation Failure) [PSYoungGen: 70624K->1376K(71168K)] 432265K->363017K(627712K), 0.0018108 secs] [Times: user=0.01 sys=0.00, real=0.00 secs] 
2556.518: [GC (Allocation Failure) [PSYoungGen: 70496K->1376K(71168K)] 432137K->363033K(627712K), 0.0018200 secs] [Times: user=0.01 sys=0.00, real=0.01 secs] 
2557.122: [GC (Allocation Failure) [PSYoungGen: 70496K->1376K(71168K)] 432153K->363033K(627712K), 0.0021347 secs] [Times: user=0.01 sys=0.00, real=0.00 secs] 
2557.934: [GC (Allocation Failure) [PSYoungGen: 70496K->1421K(71168K)] 432153K->363078K(627712K), 0.0023118 secs] [Times: user=0.01 sys=0.00, real=0.00 secs] 
2558.462: [GC (Allocation Failure) [PSYoungGen: 70541K->1565K(71168K)] 432198K->363222K(627712K), 0.0016729 secs] [Times: user=0.00 sys=0.00, real=0.00 secs] 
2558.931: [GC (Allocation Failure) [PSYoungGen: 70685K->1517K(71168K)] 432342K->363174K(627712K), 0.0016928 secs] [Times: user=0.00 sys=0.00, real=0.00 secs] 
2559.333: [GC (Allocation Failure) [PSYoungGen: 70637K->1549K(71168K)] 432294K->363206K(627712K), 0.0016592 secs] [Times: user=0.01 sys=0.00, real=0.00 secs] 
2560.245: [GC (Allocation Failure) [PSYoungGen: 70669K->1440K(71168K)] 432326K->363105K(627712K), 0.0025839 secs] [Times: user=0.01 sys=0.00, real=0.00 secs] 
2560.522: [GC (Allocation Failure) [PSYoungGen: 70560K->1408K(71168K)] 432225K->363073K(627712K), 0.0019779 secs] [Times: user=0.01 sys=0.00, real=0.00 secs] 
2560.809: [GC (Allocation Failure) [PSYoungGen: 70528K->1376K(71168K)] 432193K->363041K(627712K), 0.0020887 secs] [Times: user=0.00 sys=0.00, real=0.00 secs] 
2561.097: [GC (Allocation Failure) [PSYoungGen: 70496K->1408K(71168K)] 432161K->363073K(627712K), 0.0019556 secs] [Times: user=0.01 sys=0.00, real=0.01 secs] 
2561.483: [GC (Allocation Failure) [PSYoungGen: 70528K->1501K(71168K)] 432193K->363166K(627712K), 0.0016358 secs] [Times: user=0.01 sys=0.00, real=0.00 secs] 
2561.883: [GC (Allocation Failure) [PSYoungGen: 70621K->1533K(71168K)] 432286K->363198K(627712K), 0.0015982 secs] [Times: user=0.01 sys=0.00, real=0.00 secs] 
2562.292: [GC (Allocation Failure) [PSYoungGen: 70653K->1597K(71168K)] 432318K->363262K(627712K), 0.0015461 secs] [Times: user=0.01 sys=0.00, real=0.00 secs] 
2562.692: [GC (Allocation Failure) [PSYoungGen: 70309K->320K(71168K)] 431974K->361985K(627712K), 0.0016007 secs] [Times: user=0.00 sys=0.00, real=0.00 secs] 
2563.877: [GC (Allocation Failure) [PSYoungGen: 69440K->1376K(71168K)] 431105K->363041K(627712K), 0.0025555 secs] [Times: user=0.01 sys=0.00, real=0.01 secs] 
2564.485: [GC (Allocation Failure) [PSYoungGen: 70496K->1376K(71168K)] 432161K->363041K(627712K), 0.0022128 secs] [Times: user=0.00 sys=0.00, real=0.00 secs] 
2565.047: [GC (Allocation Failure) [PSYoungGen: 70496K->1376K(71168K)] 432161K->363041K(627712K), 0.0022276 secs] [Times: user=0.01 sys=0.01, real=0.01 secs] 
2565.335: [GC (Allocation Failure) [PSYoungGen: 70496K->1408K(71168K)] 432161K->363073K(627712K), 0.0019630 secs] [Times: user=0.01 sys=0.00, real=0.00 secs] 
2565.761: [GC (Allocation Failure) [PSYoungGen: 70528K->1533K(71168K)] 432193K->363198K(627712K), 0.0016022 secs] [Times: user=0.01 sys=0.00, real=0.00 secs] 
2566.163: [GC (Allocation Failure) [PSYoungGen: 70653K->1565K(71168K)] 432318K->363230K(627712K), 0.0015750 secs] [Times: user=0.01 sys=0.00, real=0.00 secs] 
2566.565: [GC (Allocation Failure) [PSYoungGen: 70685K->1600K(71168K)] 432350K->363265K(627712K), 0.0016752 secs] [Times: user=0.00 sys=0.00, real=0.00 secs] 
2567.592: [GC (Allocation Failure) [PSYoungGen: 70720K->1440K(71168K)] 432385K->363129K(627712K), 0.0026428 secs] [Times: user=0.01 sys=0.00, real=0.00 secs] 
2568.338: [GC (Allocation Failure) [PSYoungGen: 70560K->1376K(71168K)] 432249K->363065K(627712K), 0.0021036 secs] [Times: user=0.01 sys=0.00, real=0.01 secs] 
2568.858: [GC (Allocation Failure) [PSYoungGen: 70496K->1312K(71168K)] 432185K->363001K(627712K), 0.0023369 secs] [Times: user=0.01 sys=0.00, real=0.01 secs] 
2569.437: [GC (Allocation Failure) [PSYoungGen: 70432K->1344K(71168K)] 432121K->363033K(627712K), 0.0022140 secs] [Times: user=0.01 sys=0.00, real=0.01 secs] 
2569.995: [GC (Allocation Failure) [PSYoungGen: 70453K->1453K(71168K)] 432143K->363142K(627712K), 0.0015101 secs] [Times: user=0.01 sys=0.00, real=0.00 secs] 
2570.400: [GC (Allocation Failure) [PSYoungGen: 70573K->1581K(71168K)] 432262K->363278K(627712K), 0.0016280 secs] [Times: user=0.00 sys=0.00, real=0.00 secs] 
2570.834: [GC (Allocation Failure) [PSYoungGen: 70701K->1581K(71168K)] 432398K->363278K(627712K), 0.0016887 secs] [Times: user=0.00 sys=0.00, real=0.00 secs] 
2571.236: [GC (Allocation Failure) [PSYoungGen: 70701K->1501K(71168K)] 432398K->363206K(627712K), 0.0016004 secs] [Times: user=0.00 sys=0.00, real=0.00 secs] 
2571.563: [GC (Allocation Failure) [PSYoungGen: 70621K->1376K(71168K)] 432326K->363089K(627712K), 0.0020874 secs] [Times: user=0.01 sys=0.00, real=0.00 secs] 
2571.850: [GC (Allocation Failure) [PSYoungGen: 70496K->1376K(71168K)] 432209K->363089K(627712K), 0.0019885 secs] [Times: user=0.01 sys=0.00, real=0.00 secs] 
2572.391: [GC (Allocation Failure) [PSYoungGen: 70496K->1376K(71168K)] 432209K->363089K(627712K), 0.0020307 secs] [Times: user=0.00 sys=0.00, real=0.00 secs] 
2572.951: [GC (Allocation Failure) [PSYoungGen: 70496K->1344K(71168K)] 432209K->363057K(627712K), 0.0022662 secs] [Times: user=0.01 sys=0.00, real=0.00 secs] 
2573.470: [GC (Allocation Failure) [PSYoungGen: 70455K->1501K(71168K)] 432169K->363214K(627712K), 0.0015515 secs] [Times: user=0.01 sys=0.00, real=0.00 secs] 
2573.877: [GC (Allocation Failure) [PSYoungGen: 70621K->1552K(71168K)] 432334K->363265K(627712K), 0.0015770 secs] [Times: user=0.01 sys=0.00, real=0.01 secs] 
2574.284: [GC (Allocation Failure) [PSYoungGen: 70672K->1613K(71168K)] 432385K->363326K(627712K), 0.0015974 secs] [Times: user=0.00 sys=0.00, real=0.00 secs] 
2574.724: [GC (Allocation Failure) [PSYoungGen: 70733K->1488K(71168K)] 432446K->363201K(627712K), 0.0018868 secs] [Times: user=0.01 sys=0.00, real=0.00 secs] 
2575.293: [GC (Allocation Failure) [PSYoungGen: 70608K->1312K(71168K)] 432321K->363025K(627712K), 0.0019903 secs] [Times: user=0.01 sys=0.00, real=0.00 secs] 
2575.873: [GC (Allocation Failure) [PSYoungGen: 70432K->1328K(71168K)] 432145K->363041K(627712K), 0.0020503 secs] [Times: user=0.01 sys=0.00, real=0.00 secs] 
2576.457: [GC (Allocation Failure) [PSYoungGen: 70448K->1360K(71168K)] 432161K->363073K(627712K), 0.0021091 secs] [Times: user=0.00 sys=0.00, real=0.01 secs] 
2576.794: [GC (Allocation Failure) [PSYoungGen: 70480K->1485K(71168K)] 432193K->363198K(627712K), 0.0016239 secs] [Times: user=0.00 sys=0.00, real=0.00 secs] 
2577.199: [GC (Allocation Failure) [PSYoungGen: 70605K->1533K(71168K)] 432318K->363262K(627712K), 0.0016712 secs] [Times: user=0.01 sys=0.00, real=0.01 secs] 
2577.601: [GC (Allocation Failure) [PSYoungGen: 70653K->1469K(71168K)] 432382K->363198K(627712K), 0.0015937 secs] [Times: user=0.01 sys=0.00, real=0.00 secs] 
2578.004: [GC (Allocation Failure) [PSYoungGen: 70589K->1469K(71168K)] 432318K->363198K(627712K), 0.0015782 secs] [Times: user=0.00 sys=0.00, real=0.00 secs] 
2578.374: [GC (Allocation Failure) [PSYoungGen: 70589K->1440K(71168K)] 432318K->363169K(627712K), 0.0017838 secs] [Times: user=0.01 sys=0.00, real=0.00 secs] 
2578.802: [GC (Allocation Failure) [PSYoungGen: 70560K->1344K(71168K)] 432289K->363073K(627712K), 0.0016838 secs] [Times: user=0.01 sys=0.00, real=0.00 secs] 
2579.315: [GC (Allocation Failure) [PSYoungGen: 70464K->1328K(71168K)] 432193K->363057K(627712K), 0.0025791 secs] [Times: user=0.01 sys=0.00, real=0.00 secs] 
2579.837: [GC (Allocation Failure) [PSYoungGen: 70448K->1344K(71168K)] 432177K->363073K(627712K), 0.0026296 secs] [Times: user=0.01 sys=0.00, real=0.01 secs] 
2580.457: [GC (Allocation Failure) [PSYoungGen: 70464K->1472K(71168K)] 432193K->363201K(627712K), 0.0015932 secs] [Times: user=0.01 sys=0.00, real=0.01 secs] 
2580.858: [GC (Allocation Failure) [PSYoungGen: 70592K->1520K(71168K)] 432321K->363249K(627712K), 0.0016502 secs] [Times: user=0.01 sys=0.00, real=0.01 secs] 
2581.262: [GC (Allocation Failure) [PSYoungGen: 70640K->1597K(71168K)] 432369K->363326K(627712K), 0.0017490 secs] [Times: user=0.01 sys=0.00, real=0.00 secs] 
2581.722: [GC (Allocation Failure) [PSYoungGen: 70317K->320K(71168K)] 432046K->362049K(627712K), 0.0015675 secs] [Times: user=0.00 sys=0.00, real=0.00 secs] 
2582.694: [GC (Allocation Failure) [PSYoungGen: 69440K->1328K(71168K)] 431169K->363057K(627712K), 0.0050890 secs] [Times: user=0.02 sys=0.00, real=0.01 secs] 
2583.531: [GC (Allocation Failure) [PSYoungGen: 70448K->1344K(71168K)] 432177K->363073K(627712K), 0.0027204 secs] [Times: user=0.02 sys=0.00, real=0.00 secs] 
2584.139: [GC (Allocation Failure) [PSYoungGen: 70464K->1360K(71168K)] 432193K->363089K(627712K), 0.0037006 secs] [Times: user=0.01 sys=0.00, real=0.01 secs] 
2584.733: [GC (Allocation Failure) [PSYoungGen: 70480K->1312K(71168K)] 432209K->363041K(627712K), 0.0022672 secs] [Times: user=0.01 sys=0.00, real=0.00 secs] 
2585.243: [GC (Allocation Failure) [PSYoungGen: 70432K->1501K(71168K)] 432161K->363230K(627712K), 0.0015765 secs] [Times: user=0.00 sys=0.00, real=0.00 secs] 
2585.651: [GC (Allocation Failure) [PSYoungGen: 70621K->1549K(71168K)] 432350K->363278K(627712K), 0.0016106 secs] [Times: user=0.00 sys=0.00, real=0.00 secs] 
2586.053: [GC (Allocation Failure) [PSYoungGen: 70669K->1552K(71168K)] 432398K->363281K(627712K), 0.0016094 secs] [Times: user=0.01 sys=0.00, real=0.00 secs] 
2586.591: [GC (Allocation Failure) [PSYoungGen: 70672K->1456K(71168K)] 432401K->363185K(627712K), 0.0020655 secs] [Times: user=0.01 sys=0.00, real=0.00 secs] 
2587.176: [GC (Allocation Failure) [PSYoungGen: 70576K->1344K(71168K)] 432305K->363073K(627712K), 0.0024112 secs] [Times: user=0.01 sys=0.00, real=0.00 secs] 
2587.839: [GC (Allocation Failure) [PSYoungGen: 70464K->1312K(71168K)] 432193K->363041K(627712K), 0.0028866 secs] [Times: user=0.01 sys=0.01, real=0.00 secs] 
2588.234: [GC (Allocation Failure) [PSYoungGen: 70432K->1344K(71168K)] 432161K->363073K(627712K), 0.0020547 secs] [Times: user=0.01 sys=0.00, real=0.00 secs] 
2588.620: [GC (Allocation Failure) [PSYoungGen: 70437K->1469K(71168K)] 432167K->363222K(627712K), 0.0015667 secs] [Times: user=0.01 sys=0.00, real=0.00 secs] 
2589.099: [GC (Allocation Failure) [PSYoungGen: 70589K->1469K(71168K)] 432342K->363222K(627712K), 0.0017559 secs] [Times: user=0.00 sys=0.00, real=0.01 secs] 
2589.500: [GC (Allocation Failure) [PSYoungGen: 70589K->1469K(71168K)] 432342K->363222K(627712K), 0.0018516 secs] [Times: user=0.01 sys=0.00, real=0.00 secs] 
2589.901: [GC (Allocation Failure) [PSYoungGen: 70589K->1549K(71168K)] 432342K->363318K(627712K), 0.0016539 secs] [Times: user=0.01 sys=0.00, real=0.00 secs] 
2590.290: [GC (Allocation Failure) [PSYoungGen: 70669K->1392K(71168K)] 432438K->363169K(627712K), 0.0025383 secs] [Times: user=0.01 sys=0.00, real=0.00 secs] 
2590.822: [GC (Allocation Failure) [PSYoungGen: 70512K->1328K(71168K)] 432289K->363105K(627712K), 0.0024275 secs] [Times: user=0.01 sys=0.00, real=0.00 secs] 
2591.419: [GC (Allocation Failure) [PSYoungGen: 70448K->1376K(71168K)] 432225K->363153K(627712K), 0.0024211 secs] [Times: user=0.01 sys=0.00, real=0.00 secs] 
2592.197: [GC (Allocation Failure) [PSYoungGen: 70496K->1312K(71168K)] 432273K->363089K(627712K), 0.0027299 secs] [Times: user=0.01 sys=0.00, real=0.01 secs] 
2592.850: [GC (Allocation Failure) [PSYoungGen: 70432K->1469K(71168K)] 432209K->363246K(627712K), 0.0016786 secs] [Times: user=0.00 sys=0.00, real=0.00 secs] 
2593.252: [GC (Allocation Failure) [PSYoungGen: 70589K->1501K(71168K)] 432366K->363278K(627712K), 0.0016915 secs] [Times: user=0.01 sys=0.00, real=0.00 secs] 
2593.654: [GC (Allocation Failure) [PSYoungGen: 70621K->1501K(71168K)] 432398K->363278K(627712K), 0.0015760 secs] [Times: user=0.01 sys=0.00, real=0.00 secs] 
2594.043: [GC (Allocation Failure) [PSYoungGen: 70621K->1456K(71168K)] 432398K->363233K(627712K), 0.0017204 secs] [Times: user=0.01 sys=0.00, real=0.00 secs] 
2594.329: [GC (Allocation Failure) [PSYoungGen: 70576K->1344K(71168K)] 432353K->363121K(627712K), 0.0016709 secs] [Times: user=0.01 sys=0.00, real=0.00 secs] 
2594.616: [GC (Allocation Failure) [PSYoungGen: 70464K->1344K(71168K)] 432241K->363121K(627712K), 0.0015200 secs] [Times: user=0.01 sys=0.00, real=0.00 secs] 
2594.902: [GC (Allocation Failure) [PSYoungGen: 70464K->1344K(71168K)] 432241K->363121K(627712K), 0.0016650 secs] [Times: user=0.01 sys=0.00, real=0.00 secs] 
2595.232: [GC (Allocation Failure) [PSYoungGen: 70442K->1469K(71168K)] 432219K->363246K(627712K), 0.0016122 secs] [Times: user=0.00 sys=0.00, real=0.00 secs] 
2595.635: [GC (Allocation Failure) [PSYoungGen: 70589K->1533K(71168K)] 432366K->363310K(627712K), 0.0016021 secs] [Times: user=0.01 sys=0.00, real=0.00 secs] 
2596.037: [GC (Allocation Failure) [PSYoungGen: 70653K->1501K(71168K)] 432430K->363278K(627712K), 0.0016248 secs] [Times: user=0.01 sys=0.00, real=0.00 secs] 
2596.439: [GC (Allocation Failure) [PSYoungGen: 70621K->1533K(71168K)] 432398K->363310K(627712K), 0.0016083 secs] [Times: user=0.01 sys=0.00, real=0.00 secs] 
2596.794: [GC (Allocation Failure) [PSYoungGen: 70653K->1424K(71168K)] 432430K->363217K(627712K), 0.0018012 secs] [Times: user=0.01 sys=0.00, real=0.00 secs] 
2597.081: [GC (Allocation Failure) [PSYoungGen: 70544K->1344K(71168K)] 432337K->363137K(627712K), 0.0018117 secs] [Times: user=0.01 sys=0.00, real=0.00 secs] 
2597.368: [GC (Allocation Failure) [PSYoungGen: 70464K->1376K(71168K)] 432257K->363169K(627712K), 0.0017911 secs] [Times: user=0.01 sys=0.00, real=0.01 secs] 
2597.655: [GC (Allocation Failure) [PSYoungGen: 70496K->1376K(71168K)] 432289K->363169K(627712K), 0.0017072 secs] [Times: user=0.01 sys=0.00, real=0.00 secs] 
2598.028: [GC (Allocation Failure) [PSYoungGen: 70496K->1501K(71168K)] 432289K->363294K(627712K), 0.0015479 secs] [Times: user=0.01 sys=0.00, real=0.01 secs] 
2598.431: [GC (Allocation Failure) [PSYoungGen: 70621K->1533K(71168K)] 432414K->363326K(627712K), 0.0015565 secs] [Times: user=0.01 sys=0.00, real=0.00 secs] 
2598.833: [GC (Allocation Failure) [PSYoungGen: 70653K->1501K(71168K)] 432446K->363294K(627712K), 0.0016765 secs] [Times: user=0.00 sys=0.00, real=0.00 secs] 
2599.235: [GC (Allocation Failure) [PSYoungGen: 70621K->352K(71168K)] 432414K->362145K(627712K), 0.0018946 secs] [Times: user=0.01 sys=0.00, real=0.00 secs] 
2600.322: [GC (Allocation Failure) [PSYoungGen: 69472K->1376K(71168K)] 431265K->363169K(627712K), 0.0031205 secs] [Times: user=0.02 sys=0.00, real=0.00 secs] 
2601.247: [GC (Allocation Failure) [PSYoungGen: 70496K->1376K(71168K)] 432289K->363169K(627712K), 0.0037644 secs] [Times: user=0.01 sys=0.00, real=0.01 secs] 
2602.077: [GC (Allocation Failure) [PSYoungGen: 70496K->1408K(71168K)] 432289K->363201K(627712K), 0.0027534 secs] [Times: user=0.01 sys=0.00, real=0.01 secs] 
2602.708: [GC (Allocation Failure) [PSYoungGen: 70528K->1360K(71168K)] 432321K->363153K(627712K), 0.0025647 secs] [Times: user=0.02 sys=0.00, real=0.01 secs] 
2603.164: [GC (Allocation Failure) [PSYoungGen: 70480K->1517K(71168K)] 432273K->363310K(627712K), 0.0017099 secs] [Times: user=0.01 sys=0.00, real=0.00 secs] 
2603.565: [GC (Allocation Failure) [PSYoungGen: 70637K->1501K(71168K)] 432430K->363294K(627712K), 0.0016070 secs] [Times: user=0.01 sys=0.00, real=0.00 secs] 
2603.970: [GC (Allocation Failure) [PSYoungGen: 70621K->1520K(71168K)] 432414K->363313K(627712K), 0.0015825 secs] [Times: user=0.01 sys=0.00, real=0.00 secs] 
2604.372: [GC (Allocation Failure) [PSYoungGen: 70640K->1488K(71168K)] 432433K->363281K(627712K), 0.0019026 secs] [Times: user=0.01 sys=0.00, real=0.00 secs] 
2604.907: [GC (Allocation Failure) [PSYoungGen: 70608K->1376K(71168K)] 432401K->363169K(627712K), 0.0018884 secs] [Times: user=0.01 sys=0.00, real=0.00 secs] 
2605.522: [GC (Allocation Failure) [PSYoungGen: 70496K->1376K(71168K)] 432289K->363169K(627712K), 0.0019162 secs] [Times: user=0.00 sys=0.00, real=0.00 secs] 
2606.199: [GC (Allocation Failure) [PSYoungGen: 70496K->1376K(71168K)] 432289K->363169K(627712K), 0.0022667 secs] [Times: user=0.01 sys=0.00, real=0.00 secs] 
2606.779: [GC (Allocation Failure) [PSYoungGen: 70487K->1485K(71168K)] 432281K->363278K(627712K), 0.0016477 secs] [Times: user=0.01 sys=0.00, real=0.00 secs] 
2607.185: [GC (Allocation Failure) [PSYoungGen: 70605K->1533K(71168K)] 432398K->363326K(627712K), 0.0016490 secs] [Times: user=0.01 sys=0.00, real=0.00 secs] 
2607.592: [GC (Allocation Failure) [PSYoungGen: 70653K->1501K(71168K)] 432446K->363294K(627712K), 0.0017528 secs] [Times: user=0.01 sys=0.00, real=0.00 secs] 
2607.997: [GC (Allocation Failure) [PSYoungGen: 70621K->1549K(71168K)] 432414K->363358K(627712K), 0.0016089 secs] [Times: user=0.01 sys=0.00, real=0.00 secs] 
2608.780: [GC (Allocation Failure) [PSYoungGen: 70669K->1440K(71168K)] 432478K->363257K(627712K), 0.0023328 secs] [Times: user=0.01 sys=0.00, real=0.00 secs] 
2609.544: [GC (Allocation Failure) [PSYoungGen: 70560K->1312K(71168K)] 432377K->363129K(627712K), 0.0024295 secs] [Times: user=0.01 sys=0.00, real=0.00 secs] 
2610.323: [GC (Allocation Failure) [PSYoungGen: 70432K->1344K(71168K)] 432249K->363161K(627712K), 0.0025713 secs] [Times: user=0.01 sys=0.00, real=0.00 secs] 
2611.263: [GC (Allocation Failure) [PSYoungGen: 70464K->1344K(71168K)] 432281K->363161K(627712K), 0.0025366 secs] [Times: user=0.01 sys=0.00, real=0.00 secs] 
2612.028: [GC (Allocation Failure) [PSYoungGen: 70464K->1501K(71168K)] 432281K->363318K(627712K), 0.0016146 secs] [Times: user=0.01 sys=0.00, real=0.01 secs] 
2612.492: [GC (Allocation Failure) [PSYoungGen: 70621K->1549K(71168K)] 432438K->363366K(627712K), 0.0018477 secs] [Times: user=0.01 sys=0.00, real=0.00 secs] 
2612.899: [GC (Allocation Failure) [PSYoungGen: 70669K->1533K(71168K)] 432486K->363350K(627712K), 0.0017047 secs] [Times: user=0.00 sys=0.00, real=0.01 secs] 
2613.517: [GC (Allocation Failure) [PSYoungGen: 70653K->1488K(71168K)] 432470K->363305K(627712K), 0.0022607 secs] [Times: user=0.01 sys=0.00, real=0.01 secs] 
2613.806: [GC (Allocation Failure) [PSYoungGen: 70608K->1376K(71168K)] 432425K->363193K(627712K), 0.0019898 secs] [Times: user=0.01 sys=0.00, real=0.00 secs] 
2614.270: [GC (Allocation Failure) [PSYoungGen: 70496K->1344K(71168K)] 432313K->363161K(627712K), 0.0020978 secs] [Times: user=0.01 sys=0.00, real=0.00 secs] 
2614.800: [GC (Allocation Failure) [PSYoungGen: 70464K->1344K(71168K)] 432281K->363161K(627712K), 0.0020791 secs] [Times: user=0.01 sys=0.00, real=0.00 secs] 
2615.486: [GC (Allocation Failure) [PSYoungGen: 70464K->1424K(71168K)] 432281K->363241K(627712K), 0.0018331 secs] [Times: user=0.01 sys=0.00, real=0.00 secs] 
2615.892: [GC (Allocation Failure) [PSYoungGen: 70544K->1501K(71168K)] 432361K->363318K(627712K), 0.0016681 secs] [Times: user=0.01 sys=0.00, real=0.00 secs] 
2616.295: [GC (Allocation Failure) [PSYoungGen: 70621K->1565K(71168K)] 432438K->363382K(627712K), 0.0016511 secs] [Times: user=0.00 sys=0.00, real=0.00 secs] 
2616.697: [GC (Allocation Failure) [PSYoungGen: 70685K->1613K(71168K)] 432502K->363430K(627712K), 0.0017979 secs] [Times: user=0.01 sys=0.00, real=0.01 secs] 
2617.131: [GC (Allocation Failure) [PSYoungGen: 70733K->1456K(71168K)] 432550K->363273K(627712K), 0.0017940 secs] [Times: user=0.01 sys=0.00, real=0.00 secs] 
2617.419: [GC (Allocation Failure) [PSYoungGen: 70576K->1376K(71168K)] 432393K->363193K(627712K), 0.0017340 secs] [Times: user=0.01 sys=0.00, real=0.01 secs] 
2617.710: [GC (Allocation Failure) [PSYoungGen: 70496K->1344K(71168K)] 432313K->363177K(627712K), 0.0017948 secs] [Times: user=0.00 sys=0.00, real=0.00 secs] 
2618.041: [GC (Allocation Failure) [PSYoungGen: 70464K->1376K(71168K)] 432297K->363209K(627712K), 0.0018366 secs] [Times: user=0.01 sys=0.00, real=0.00 secs] 
2618.444: [GC (Allocation Failure) [PSYoungGen: 70496K->1501K(71168K)] 432329K->363334K(627712K), 0.0015767 secs] [Times: user=0.01 sys=0.00, real=0.00 secs] 
2618.902: [GC (Allocation Failure) [PSYoungGen: 70621K->1485K(71168K)] 432454K->363318K(627712K), 0.0016506 secs] [Times: user=0.01 sys=0.00, real=0.00 secs] 
2619.304: [GC (Allocation Failure) [PSYoungGen: 70605K->1485K(71168K)] 432438K->363318K(627712K), 0.0016840 secs] [Times: user=0.01 sys=0.00, real=0.00 secs] 
2619.765: [GC (Allocation Failure) [PSYoungGen: 70605K->1517K(71168K)] 432438K->363366K(627712K), 0.0016494 secs] [Times: user=0.00 sys=0.00, real=0.00 secs] 
2620.088: [GC (Allocation Failure) [PSYoungGen: 70637K->1376K(71168K)] 432486K->363225K(627712K), 0.0021124 secs] [Times: user=0.01 sys=0.00, real=0.01 secs] 
2620.375: [GC (Allocation Failure) [PSYoungGen: 70496K->1376K(71168K)] 432345K->363225K(627712K), 0.0021161 secs] [Times: user=0.00 sys=0.01, real=0.00 secs] 
2620.663: [GC (Allocation Failure) [PSYoungGen: 70496K->1376K(71168K)] 432345K->363225K(627712K), 0.0020081 secs] [Times: user=0.01 sys=0.00, real=0.00 secs] 
2620.950: [GC (Allocation Failure) [PSYoungGen: 70496K->1344K(71168K)] 432345K->363193K(627712K), 0.0023388 secs] [Times: user=0.01 sys=0.00, real=0.00 secs] 
2621.373: [GC (Allocation Failure) [PSYoungGen: 70464K->1549K(71168K)] 432313K->363398K(627712K), 0.0017041 secs] [Times: user=0.00 sys=0.00, real=0.00 secs] 
2621.774: [GC (Allocation Failure) [PSYoungGen: 70669K->1533K(71168K)] 432518K->363382K(627712K), 0.0016592 secs] [Times: user=0.00 sys=0.00, real=0.00 secs] 
2622.178: [GC (Allocation Failure) [PSYoungGen: 70653K->1565K(71168K)] 432502K->363414K(627712K), 0.0016519 secs] [Times: user=0.01 sys=0.00, real=0.01 secs] 
2622.587: [GC (Allocation Failure) [PSYoungGen: 70685K->1456K(71168K)] 432534K->363305K(627712K), 0.0020354 secs] [Times: user=0.01 sys=0.00, real=0.01 secs] 
2622.875: [GC (Allocation Failure) [PSYoungGen: 70576K->1376K(71168K)] 432425K->363225K(627712K), 0.0019186 secs] [Times: user=0.01 sys=0.00, real=0.00 secs] 
2623.202: [GC (Allocation Failure) [PSYoungGen: 70496K->1344K(71168K)] 432345K->363193K(627712K), 0.0018828 secs] [Times: user=0.00 sys=0.00, real=0.00 secs] 
2623.542: [GC (Allocation Failure) [PSYoungGen: 70464K->1344K(71168K)] 432313K->363193K(627712K), 0.0018768 secs] [Times: user=0.01 sys=0.00, real=0.00 secs] 
2623.900: [GC (Allocation Failure) [PSYoungGen: 70456K->1437K(71168K)] 432306K->363286K(627712K), 0.0016182 secs] [Times: user=0.00 sys=0.00, real=0.00 secs] 
2624.303: [GC (Allocation Failure) [PSYoungGen: 70557K->1533K(71168K)] 432406K->363382K(627712K), 0.0016436 secs] [Times: user=0.01 sys=0.00, real=0.00 secs] 
2624.704: [GC (Allocation Failure) [PSYoungGen: 70653K->1533K(71168K)] 432502K->363382K(627712K), 0.0016077 secs] [Times: user=0.01 sys=0.00, real=0.00 secs] 
2625.111: [GC (Allocation Failure) [PSYoungGen: 70653K->1485K(71168K)] 432502K->363334K(627712K), 0.0022804 secs] [Times: user=0.01 sys=0.00, real=0.00 secs] 
2625.469: [GC (Allocation Failure) [PSYoungGen: 70605K->1392K(71168K)] 432454K->363241K(627712K), 0.0020781 secs] [Times: user=0.01 sys=0.00, real=0.00 secs] 
2625.757: [GC (Allocation Failure) [PSYoungGen: 70512K->1376K(71168K)] 432361K->363233K(627712K), 0.0020475 secs] [Times: user=0.00 sys=0.00, real=0.01 secs] 
2626.044: [GC (Allocation Failure) [PSYoungGen: 70496K->1344K(71168K)] 432353K->363201K(627712K), 0.0019527 secs] [Times: user=0.01 sys=0.00, real=0.00 secs] 
2626.332: [GC (Allocation Failure) [PSYoungGen: 70464K->1344K(71168K)] 432321K->363201K(627712K), 0.0020079 secs] [Times: user=0.01 sys=0.00, real=0.00 secs] 
2626.747: [GC (Allocation Failure) [PSYoungGen: 70464K->1437K(71168K)] 432321K->363294K(627712K), 0.0015471 secs] [Times: user=0.00 sys=0.00, real=0.00 secs] 
2627.210: [GC (Allocation Failure) [PSYoungGen: 70557K->1501K(71168K)] 432414K->363358K(627712K), 0.0018113 secs] [Times: user=0.01 sys=0.00, real=0.00 secs] 
2627.615: [GC (Allocation Failure) [PSYoungGen: 70621K->1472K(71168K)] 432478K->363329K(627712K), 0.0016823 secs] [Times: user=0.01 sys=0.00, real=0.00 secs] 
2628.016: [GC (Allocation Failure) [PSYoungGen: 70592K->1472K(71168K)] 432449K->363329K(627712K), 0.0019074 secs] [Times: user=0.01 sys=0.00, real=0.00 secs] 
2628.381: [GC (Allocation Failure) [PSYoungGen: 70592K->1376K(71168K)] 432449K->363233K(627712K), 0.0020879 secs] [Times: user=0.01 sys=0.00, real=0.00 secs] 
2628.965: [GC (Allocation Failure) [PSYoungGen: 70496K->1312K(71168K)] 432353K->363169K(627712K), 0.0021424 secs] [Times: user=0.01 sys=0.00, real=0.00 secs] 
2629.574: [GC (Allocation Failure) [PSYoungGen: 70432K->1344K(71168K)] 432289K->363201K(627712K), 0.0022484 secs] [Times: user=0.01 sys=0.00, real=0.00 secs] 
2630.225: [GC (Allocation Failure) [PSYoungGen: 70464K->1469K(71168K)] 432321K->363326K(627712K), 0.0020001 secs] [Times: user=0.01 sys=0.00, real=0.00 secs] 
2630.655: [GC (Allocation Failure) [PSYoungGen: 70589K->1581K(71168K)] 432446K->363438K(627712K), 0.0015774 secs] [Times: user=0.01 sys=0.00, real=0.00 secs] 
2631.062: [GC (Allocation Failure) [PSYoungGen: 70701K->1565K(71168K)] 432558K->363422K(627712K), 0.0016530 secs] [Times: user=0.01 sys=0.00, real=0.00 secs] 
2631.465: [GC (Allocation Failure) [PSYoungGen: 70685K->1533K(71168K)] 432542K->363390K(627712K), 0.0016606 secs] [Times: user=0.01 sys=0.00, real=0.00 secs] 
2631.835: [GC (Allocation Failure) [PSYoungGen: 70653K->1424K(71168K)] 432510K->363281K(627712K), 0.0018051 secs] [Times: user=0.01 sys=0.00, real=0.00 secs] 
2632.183: [GC (Allocation Failure) [PSYoungGen: 70544K->1376K(71168K)] 432401K->363233K(627712K), 0.0018288 secs] [Times: user=0.01 sys=0.00, real=0.00 secs] 
2632.470: [GC (Allocation Failure) [PSYoungGen: 70496K->1376K(71168K)] 432353K->363233K(627712K), 0.0021590 secs] [Times: user=0.01 sys=0.00, real=0.00 secs] 
2632.835: [GC (Allocation Failure) [PSYoungGen: 70496K->1344K(71168K)] 432353K->363201K(627712K), 0.0028337 secs] [Times: user=0.01 sys=0.00, real=0.00 secs] 
2633.404: [GC (Allocation Failure) [PSYoungGen: 70437K->1469K(71168K)] 432295K->363326K(627712K), 0.0015758 secs] [Times: user=0.00 sys=0.00, real=0.00 secs] 
2633.868: [GC (Allocation Failure) [PSYoungGen: 70589K->1533K(71168K)] 432446K->363390K(627712K), 0.0018404 secs] [Times: user=0.01 sys=0.00, real=0.01 secs] 
2634.269: [GC (Allocation Failure) [PSYoungGen: 70653K->1517K(71168K)] 432510K->363374K(627712K), 0.0019149 secs] [Times: user=0.00 sys=0.00, real=0.00 secs] 
2634.671: [GC (Allocation Failure) [PSYoungGen: 70199K->288K(71168K)] 432056K->362145K(627712K), 0.0017101 secs] [Times: user=0.00 sys=0.00, real=0.00 secs] 
2634.966: [GC (Allocation Failure) [PSYoungGen: 69408K->1344K(71168K)] 431265K->363201K(627712K), 0.0020803 secs] [Times: user=0.01 sys=0.00, real=0.00 secs] 
2635.254: [GC (Allocation Failure) [PSYoungGen: 70464K->1344K(71168K)] 432321K->363201K(627712K), 0.0019444 secs] [Times: user=0.01 sys=0.00, real=0.00 secs] 
2635.541: [GC (Allocation Failure) [PSYoungGen: 70464K->1344K(71168K)] 432321K->363201K(627712K), 0.0020989 secs] [Times: user=0.01 sys=0.00, real=0.00 secs] 
2635.859: [GC (Allocation Failure) [PSYoungGen: 70464K->1376K(71168K)] 432321K->363249K(627712K), 0.0019716 secs] [Times: user=0.00 sys=0.00, real=0.00 secs] 
2636.283: [GC (Allocation Failure) [PSYoungGen: 70474K->1533K(71168K)] 432348K->363406K(627712K), 0.0016078 secs] [Times: user=0.01 sys=0.00, real=0.00 secs] 
2636.688: [GC (Allocation Failure) [PSYoungGen: 70653K->1501K(71168K)] 432526K->363374K(627712K), 0.0016113 secs] [Times: user=0.01 sys=0.00, real=0.01 secs] 
2637.090: [GC (Allocation Failure) [PSYoungGen: 70621K->1533K(71168K)] 432494K->363406K(627712K), 0.0016912 secs] [Times: user=0.01 sys=0.00, real=0.00 secs] 
2638.151: [GC (Allocation Failure) [PSYoungGen: 70653K->1440K(71168K)] 432526K->363313K(627712K), 0.0039994 secs] [Times: user=0.02 sys=0.00, real=0.00 secs] 
2638.784: [GC (Allocation Failure) [PSYoungGen: 70560K->1376K(71168K)] 432433K->363249K(627712K), 0.0026639 secs] [Times: user=0.01 sys=0.00, real=0.00 secs] 
2639.281: [GC (Allocation Failure) [PSYoungGen: 70496K->1344K(71168K)] 432369K->363217K(627712K), 0.0023956 secs] [Times: user=0.01 sys=0.00, real=0.00 secs] 
2639.790: [GC (Allocation Failure) [PSYoungGen: 70464K->1376K(71168K)] 432337K->363249K(627712K), 0.0024286 secs] [Times: user=0.01 sys=0.00, real=0.00 secs] 
2640.379: [GC (Allocation Failure) [PSYoungGen: 70496K->1437K(71168K)] 432369K->363310K(627712K), 0.0016713 secs] [Times: user=0.01 sys=0.00, real=0.00 secs] 
2640.781: [GC (Allocation Failure) [PSYoungGen: 70557K->1568K(71168K)] 432430K->363441K(627712K), 0.0016452 secs] [Times: user=0.00 sys=0.00, real=0.00 secs] 
2641.183: [GC (Allocation Failure) [PSYoungGen: 70688K->1520K(71168K)] 432561K->363393K(627712K), 0.0016133 secs] [Times: user=0.00 sys=0.00, real=0.00 secs] 
2641.590: [GC (Allocation Failure) [PSYoungGen: 70640K->1565K(71168K)] 432513K->363446K(627712K), 0.0015893 secs] [Times: user=0.01 sys=0.00, real=0.00 secs] 
2642.288: [GC (Allocation Failure) [PSYoungGen: 70685K->1424K(71168K)] 432566K->363305K(627712K), 0.0020827 secs] [Times: user=0.01 sys=0.00, real=0.01 secs] 
2642.668: [GC (Allocation Failure) [PSYoungGen: 70544K->1344K(71168K)] 432425K->363225K(627712K), 0.0023123 secs] [Times: user=0.01 sys=0.00, real=0.01 secs] 
2643.089: [GC (Allocation Failure) [PSYoungGen: 70464K->1376K(71168K)] 432345K->363257K(627712K), 0.0025395 secs] [Times: user=0.01 sys=0.00, real=0.00 secs] 
2643.633: [GC (Allocation Failure) [PSYoungGen: 70496K->1376K(71168K)] 432377K->363257K(627712K), 0.0030926 secs] [Times: user=0.01 sys=0.00, real=0.00 secs] 
2644.145: [GC (Allocation Failure) [PSYoungGen: 70496K->1517K(71168K)] 432377K->363398K(627712K), 0.0015698 secs] [Times: user=0.00 sys=0.00, real=0.00 secs] 
2644.546: [GC (Allocation Failure) [PSYoungGen: 70637K->1552K(71168K)] 432518K->363433K(627712K), 0.0016012 secs] [Times: user=0.01 sys=0.00, real=0.00 secs] 
2644.950: [GC (Allocation Failure) [PSYoungGen: 70672K->1501K(71168K)] 432553K->363382K(627712K), 0.0016340 secs] [Times: user=0.00 sys=0.00, real=0.00 secs] 
2645.369: [GC (Allocation Failure) [PSYoungGen: 70621K->1520K(71168K)] 432502K->363401K(627712K), 0.0018591 secs] [Times: user=0.01 sys=0.00, real=0.00 secs] 
2645.656: [GC (Allocation Failure) [PSYoungGen: 70640K->1344K(71168K)] 432521K->363225K(627712K), 0.0016295 secs] [Times: user=0.00 sys=0.00, real=0.00 secs] 
2645.944: [GC (Allocation Failure) [PSYoungGen: 70464K->1344K(71168K)] 432345K->363225K(627712K), 0.0016809 secs] [Times: user=0.00 sys=0.00, real=0.00 secs] 
2646.230: [GC (Allocation Failure) [PSYoungGen: 70464K->1360K(71168K)] 432345K->363241K(627712K), 0.0017532 secs] [Times: user=0.00 sys=0.00, real=0.00 secs] 
2646.549: [GC (Allocation Failure) [PSYoungGen: 70455K->1392K(71168K)] 432336K->363297K(627712K), 0.0014728 secs] [Times: user=0.00 sys=0.00, real=0.00 secs] 
2646.953: [GC (Allocation Failure) [PSYoungGen: 70512K->1501K(71168K)] 432417K->363406K(627712K), 0.0016049 secs] [Times: user=0.01 sys=0.00, real=0.00 secs] 
2647.354: [GC (Allocation Failure) [PSYoungGen: 70621K->1536K(71168K)] 432526K->363441K(627712K), 0.0017103 secs] [Times: user=0.00 sys=0.00, real=0.00 secs] 
2647.760: [GC (Allocation Failure) [PSYoungGen: 70656K->1517K(71168K)] 432561K->363422K(627712K), 0.0016826 secs] [Times: user=0.01 sys=0.00, real=0.00 secs] 
2648.147: [GC (Allocation Failure) [PSYoungGen: 70637K->1472K(71168K)] 432542K->363377K(627712K), 0.0019181 secs] [Times: user=0.01 sys=0.00, real=0.01 secs] 
2648.434: [GC (Allocation Failure) [PSYoungGen: 70592K->1360K(71168K)] 432497K->363265K(627712K), 0.0019389 secs] [Times: user=0.01 sys=0.00, real=0.00 secs] 
2648.722: [GC (Allocation Failure) [PSYoungGen: 70480K->1376K(71168K)] 432385K->363281K(627712K), 0.0018566 secs] [Times: user=0.01 sys=0.00, real=0.00 secs] 
2649.009: [GC (Allocation Failure) [PSYoungGen: 70496K->1392K(71168K)] 432401K->363297K(627712K), 0.0018513 secs] [Times: user=0.01 sys=0.00, real=0.01 secs] 
2649.389: [GC (Allocation Failure) [PSYoungGen: 70512K->1517K(71168K)] 432417K->363422K(627712K), 0.0016731 secs] [Times: user=0.00 sys=0.01, real=0.01 secs] 
2649.790: [GC (Allocation Failure) [PSYoungGen: 70628K->1533K(71168K)] 432533K->363438K(627712K), 0.0016040 secs] [Times: user=0.01 sys=0.00, real=0.00 secs] 
2650.196: [GC (Allocation Failure) [PSYoungGen: 70653K->1552K(71168K)] 432558K->363457K(627712K), 0.0016270 secs] [Times: user=0.00 sys=0.00, real=0.00 secs] 
2650.606: [GC (Allocation Failure) [PSYoungGen: 70672K->1552K(71168K)] 432577K->363457K(627712K), 0.0017137 secs] [Times: user=0.01 sys=0.00, real=0.00 secs] 
2650.931: [GC (Allocation Failure) [PSYoungGen: 70672K->1392K(71168K)] 432577K->363297K(627712K), 0.0018409 secs] [Times: user=0.01 sys=0.00, real=0.00 secs] 
2651.374: [GC (Allocation Failure) [PSYoungGen: 70512K->1360K(71168K)] 432417K->363265K(627712K), 0.0017761 secs] [Times: user=0.00 sys=0.01, real=0.00 secs] 
2651.959: [GC (Allocation Failure) [PSYoungGen: 70480K->1424K(71168K)] 432385K->363329K(627712K), 0.0018355 secs] [Times: user=0.00 sys=0.00, real=0.01 secs] 
2652.506: [GC (Allocation Failure) [PSYoungGen: 70544K->1360K(71168K)] 432449K->363265K(627712K), 0.0018733 secs] [Times: user=0.01 sys=0.00, real=0.00 secs] 
2652.941: [GC (Allocation Failure) [PSYoungGen: 70480K->1517K(71168K)] 432385K->363422K(627712K), 0.0016071 secs] [Times: user=0.00 sys=0.00, real=0.00 secs] 
2653.342: [GC (Allocation Failure) [PSYoungGen: 70637K->1565K(71168K)] 432542K->363470K(627712K), 0.0017153 secs] [Times: user=0.01 sys=0.00, real=0.00 secs] 
2653.745: [GC (Allocation Failure) [PSYoungGen: 70685K->1581K(71168K)] 432590K->363494K(627712K), 0.0016160 secs] [Times: user=0.00 sys=0.00, real=0.00 secs] 
2654.324: [GC (Allocation Failure) [PSYoungGen: 70701K->1472K(71168K)] 432614K->363409K(627712K), 0.0017956 secs] [Times: user=0.00 sys=0.00, real=0.00 secs] 
2654.770: [GC (Allocation Failure) [PSYoungGen: 70592K->1376K(71168K)] 432529K->363313K(627712K), 0.0018586 secs] [Times: user=0.01 sys=0.00, real=0.00 secs] 
2655.325: [GC (Allocation Failure) [PSYoungGen: 70496K->1376K(71168K)] 432433K->363313K(627712K), 0.0026907 secs] [Times: user=0.01 sys=0.00, real=0.00 secs] 
2655.881: [GC (Allocation Failure) [PSYoungGen: 70496K->1376K(71168K)] 432433K->363313K(627712K), 0.0043418 secs] [Times: user=0.01 sys=0.00, real=0.00 secs] 
2656.460: [GC (Allocation Failure) [PSYoungGen: 70496K->1437K(71168K)] 432433K->363382K(627712K), 0.0016722 secs] [Times: user=0.01 sys=0.00, real=0.00 secs] 
2656.862: [GC (Allocation Failure) [PSYoungGen: 70557K->1517K(71168K)] 432502K->363462K(627712K), 0.0016240 secs] [Times: user=0.01 sys=0.00, real=0.00 secs] 
2657.268: [GC (Allocation Failure) [PSYoungGen: 70637K->1549K(71168K)] 432582K->363518K(627712K), 0.0016222 secs] [Times: user=0.00 sys=0.00, real=0.01 secs] 
2657.671: [GC (Allocation Failure) [PSYoungGen: 70669K->1520K(71168K)] 432638K->363505K(627712K), 0.0021419 secs] [Times: user=0.01 sys=0.00, real=0.00 secs] 
2658.087: [GC (Allocation Failure) [PSYoungGen: 70640K->1408K(71168K)] 432625K->363393K(627712K), 0.0019467 secs] [Times: user=0.01 sys=0.00, real=0.01 secs] 
2658.643: [GC (Allocation Failure) [PSYoungGen: 70528K->1376K(71168K)] 432513K->363361K(627712K), 0.0018901 secs] [Times: user=0.01 sys=0.00, real=0.00 secs] 
2659.260: [GC (Allocation Failure) [PSYoungGen: 70496K->1328K(71168K)] 432481K->363313K(627712K), 0.0021494 secs] [Times: user=0.01 sys=0.00, real=0.00 secs] 
2659.934: [GC (Allocation Failure) [PSYoungGen: 70448K->1376K(71168K)] 432433K->363361K(627712K), 0.0021924 secs] [Times: user=0.01 sys=0.00, real=0.00 secs] 
2660.487: [GC (Allocation Failure) [PSYoungGen: 70496K->1504K(71168K)] 432481K->363489K(627712K), 0.0016060 secs] [Times: user=0.01 sys=0.00, real=0.00 secs] 
2660.889: [GC (Allocation Failure) [PSYoungGen: 70624K->1597K(71168K)] 432609K->363582K(627712K), 0.0018141 secs] [Times: user=0.01 sys=0.00, real=0.00 secs] 
2661.292: [GC (Allocation Failure) [PSYoungGen: 70717K->1501K(71168K)] 432702K->363486K(627712K), 0.0015884 secs] [Times: user=0.00 sys=0.00, real=0.00 secs] 
2661.914: [GC (Allocation Failure) [PSYoungGen: 70621K->1504K(71168K)] 432606K->363497K(627712K), 0.0023474 secs] [Times: user=0.01 sys=0.00, real=0.00 secs] 
2662.692: [GC (Allocation Failure) [PSYoungGen: 70624K->1344K(71168K)] 432617K->363337K(627712K), 0.0022001 secs] [Times: user=0.01 sys=0.00, real=0.00 secs] 
2663.078: [GC (Allocation Failure) [PSYoungGen: 70464K->1360K(71168K)] 432457K->363353K(627712K), 0.0021114 secs] [Times: user=0.01 sys=0.00, real=0.01 secs] 
2663.366: [GC (Allocation Failure) [PSYoungGen: 70480K->1344K(71168K)] 432473K->363337K(627712K), 0.0020187 secs] [Times: user=0.00 sys=0.00, real=0.00 secs] 
2663.711: [GC (Allocation Failure) [PSYoungGen: 70464K->1485K(71168K)] 432457K->363478K(627712K), 0.0016088 secs] [Times: user=0.00 sys=0.00, real=0.00 secs] 
2664.115: [GC (Allocation Failure) [PSYoungGen: 70605K->1533K(71168K)] 432598K->363526K(627712K), 0.0015530 secs] [Times: user=0.01 sys=0.00, real=0.00 secs] 
2664.517: [GC (Allocation Failure) [PSYoungGen: 70653K->1533K(71168K)] 432646K->363526K(627712K), 0.0016520 secs] [Times: user=0.01 sys=0.00, real=0.01 secs] 
2664.920: [GC (Allocation Failure) [PSYoungGen: 70653K->1597K(71168K)] 432646K->363590K(627712K), 0.0016509 secs] [Times: user=0.01 sys=0.00, real=0.00 secs] 
2665.283: [GC (Allocation Failure) [PSYoungGen: 70717K->1472K(71168K)] 432710K->363465K(627712K), 0.0019032 secs] [Times: user=0.00 sys=0.00, real=0.00 secs] 
2665.570: [GC (Allocation Failure) [PSYoungGen: 70592K->1376K(71168K)] 432585K->363369K(627712K), 0.0018101 secs] [Times: user=0.00 sys=0.00, real=0.00 secs] 
2665.858: [GC (Allocation Failure) [PSYoungGen: 70496K->1376K(71168K)] 432489K->363369K(627712K), 0.0017512 secs] [Times: user=0.00 sys=0.00, real=0.01 secs] 
2666.149: [GC (Allocation Failure) [PSYoungGen: 70496K->1408K(71168K)] 432489K->363401K(627712K), 0.0043754 secs] [Times: user=0.02 sys=0.00, real=0.00 secs] 
2666.828: [GC (Allocation Failure) [PSYoungGen: 70528K->1501K(71168K)] 432521K->363518K(627712K), 0.0016565 secs] [Times: user=0.00 sys=0.00, real=0.01 secs] 
2667.231: [GC (Allocation Failure) [PSYoungGen: 70621K->1533K(71168K)] 432638K->363550K(627712K), 0.0016310 secs] [Times: user=0.00 sys=0.00, real=0.00 secs] 
2667.633: [GC (Allocation Failure) [PSYoungGen: 70653K->1501K(71168K)] 432670K->363518K(627712K), 0.0017980 secs] [Times: user=0.01 sys=0.00, real=0.00 secs] 
2668.038: [GC (Allocation Failure) [PSYoungGen: 70222K->352K(71168K)] 432240K->362369K(627712K), 0.0015782 secs] [Times: user=0.01 sys=0.00, real=0.01 secs] 
2668.321: [GC (Allocation Failure) [PSYoungGen: 69472K->1376K(71168K)] 431489K->363393K(627712K), 0.0016164 secs] [Times: user=0.01 sys=0.00, real=0.00 secs] 
2668.608: [GC (Allocation Failure) [PSYoungGen: 70496K->1376K(71168K)] 432513K->363393K(627712K), 0.0014776 secs] [Times: user=0.01 sys=0.00, real=0.01 secs] 
2669.045: [GC (Allocation Failure) [PSYoungGen: 70496K->1376K(71168K)] 432513K->363393K(627712K), 0.0024518 secs] [Times: user=0.01 sys=0.00, real=0.00 secs] 
2669.545: [GC (Allocation Failure) [PSYoungGen: 70496K->1376K(71168K)] 432513K->363393K(627712K), 0.0023619 secs] [Times: user=0.01 sys=0.00, real=0.00 secs] 
2670.004: [GC (Allocation Failure) [PSYoungGen: 70465K->1549K(71168K)] 432483K->363566K(627712K), 0.0015922 secs] [Times: user=0.01 sys=0.00, real=0.00 secs] 
2670.411: [GC (Allocation Failure) [PSYoungGen: 70669K->1501K(71168K)] 432686K->363518K(627712K), 0.0016511 secs] [Times: user=0.01 sys=0.00, real=0.00 secs] 
2670.867: [GC (Allocation Failure) [PSYoungGen: 70621K->1533K(71168K)] 432638K->363550K(627712K), 0.0017607 secs] [Times: user=0.01 sys=0.00, real=0.01 secs] 
2671.332: [GC (Allocation Failure) [PSYoungGen: 70653K->1456K(71168K)] 432670K->363473K(627712K), 0.0021214 secs] [Times: user=0.01 sys=0.00, real=0.00 secs] 
2671.620: [GC (Allocation Failure) [PSYoungGen: 70576K->1376K(71168K)] 432593K->363393K(627712K), 0.0020736 secs] [Times: user=0.01 sys=0.00, real=0.00 secs] 
2671.976: [GC (Allocation Failure) [PSYoungGen: 70496K->1344K(71168K)] 432513K->363361K(627712K), 0.0019274 secs] [Times: user=0.01 sys=0.00, real=0.00 secs] 
2672.313: [GC (Allocation Failure) [PSYoungGen: 70464K->1376K(71168K)] 432481K->363393K(627712K), 0.0020254 secs] [Times: user=0.01 sys=0.00, real=0.00 secs] 
2672.669: [GC (Allocation Failure) [PSYoungGen: 70496K->1469K(71168K)] 432513K->363486K(627712K), 0.0016201 secs] [Times: user=0.00 sys=0.00, real=0.00 secs] 
2673.075: [GC (Allocation Failure) [PSYoungGen: 70589K->1584K(71168K)] 432606K->363601K(627712K), 0.0016582 secs] [Times: user=0.01 sys=0.00, real=0.00 secs] 
2673.477: [GC (Allocation Failure) [PSYoungGen: 70704K->1533K(71168K)] 432721K->363550K(627712K), 0.0016351 secs] [Times: user=0.01 sys=0.00, real=0.00 secs] 
2673.879: [GC (Allocation Failure) [PSYoungGen: 70653K->1549K(71168K)] 432670K->363574K(627712K), 0.0015912 secs] [Times: user=0.01 sys=0.00, real=0.00 secs] 
2674.325: [GC (Allocation Failure) [PSYoungGen: 70669K->1424K(71168K)] 432694K->363449K(627712K), 0.0019440 secs] [Times: user=0.01 sys=0.00, real=0.00 secs] 
2674.749: [GC (Allocation Failure) [PSYoungGen: 70544K->1376K(71168K)] 432569K->363401K(627712K), 0.0020611 secs] [Times: user=0.01 sys=0.00, real=0.01 secs] 
2675.306: [GC (Allocation Failure) [PSYoungGen: 70496K->1344K(71168K)] 432521K->363369K(627712K), 0.0019378 secs] [Times: user=0.01 sys=0.00, real=0.00 secs] 
2676.033: [GC (Allocation Failure) [PSYoungGen: 70464K->1376K(71168K)] 432489K->363401K(627712K), 0.0023134 secs] [Times: user=0.01 sys=0.00, real=0.00 secs] 
2676.681: [GC (Allocation Failure) [PSYoungGen: 70496K->1517K(71168K)] 432521K->363542K(627712K), 0.0070904 secs] [Times: user=0.03 sys=0.00, real=0.00 secs] 
2677.088: [GC (Allocation Failure) [PSYoungGen: 70630K->1533K(71168K)] 432656K->363582K(627712K), 0.0016504 secs] [Times: user=0.00 sys=0.00, real=0.01 secs] 
2677.490: [GC (Allocation Failure) [PSYoungGen: 70653K->1533K(71168K)] 432702K->363582K(627712K), 0.0015897 secs] [Times: user=0.01 sys=0.00, real=0.00 secs] 
2678.032: [GC (Allocation Failure) [PSYoungGen: 70653K->1520K(71168K)] 432702K->363585K(627712K), 0.0020735 secs] [Times: user=0.01 sys=0.00, real=0.00 secs] 
2678.892: [GC (Allocation Failure) [PSYoungGen: 70640K->1344K(71168K)] 432705K->363409K(627712K), 0.0022066 secs] [Times: user=0.01 sys=0.00, real=0.00 secs] 
2679.467: [GC (Allocation Failure) [PSYoungGen: 70464K->1376K(71168K)] 432529K->363441K(627712K), 0.0022717 secs] [Times: user=0.01 sys=0.00, real=0.01 secs] 
2679.797: [GC (Allocation Failure) [PSYoungGen: 70496K->1344K(71168K)] 432561K->363409K(627712K), 0.0020362 secs] [Times: user=0.01 sys=0.00, real=0.01 secs] 
2680.240: [GC (Allocation Failure) [PSYoungGen: 70464K->1437K(71168K)] 432529K->363502K(627712K), 0.0016415 secs] [Times: user=0.01 sys=0.00, real=0.00 secs] 
2680.644: [GC (Allocation Failure) [PSYoungGen: 70557K->1565K(71168K)] 432622K->363630K(627712K), 0.0016169 secs] [Times: user=0.01 sys=0.00, real=0.00 secs] 
2681.045: [GC (Allocation Failure) [PSYoungGen: 70685K->1565K(71168K)] 432750K->363630K(627712K), 0.0016506 secs] [Times: user=0.00 sys=0.00, real=0.00 secs] 
2681.448: [GC (Allocation Failure) [PSYoungGen: 70685K->1501K(71168K)] 432750K->363566K(627712K), 0.0016805 secs] [Times: user=0.00 sys=0.00, real=0.01 secs] 
2682.165: [GC (Allocation Failure) [PSYoungGen: 70621K->1472K(71168K)] 432686K->363537K(627712K), 0.0030873 secs] [Times: user=0.01 sys=0.01, real=0.00 secs] 
2682.943: [GC (Allocation Failure) [PSYoungGen: 70592K->1376K(71168K)] 432657K->363441K(627712K), 0.0027960 secs] [Times: user=0.01 sys=0.00, real=0.00 secs] 
2683.460: [GC (Allocation Failure) [PSYoungGen: 70496K->1376K(71168K)] 432561K->363441K(627712K), 0.0026839 secs] [Times: user=0.01 sys=0.00, real=0.00 secs] 
2683.928: [GC (Allocation Failure) [PSYoungGen: 70496K->1376K(71168K)] 432561K->363441K(627712K), 0.0027427 secs] [Times: user=0.01 sys=0.00, real=0.01 secs] 
2684.451: [GC (Allocation Failure) [PSYoungGen: 70496K->1501K(71168K)] 432561K->363566K(627712K), 0.0015362 secs] [Times: user=0.01 sys=0.00, real=0.00 secs] 
2684.906: [GC (Allocation Failure) [PSYoungGen: 70621K->1549K(71168K)] 432686K->363614K(627712K), 0.0016543 secs] [Times: user=0.01 sys=0.00, real=0.00 secs] 
2685.307: [GC (Allocation Failure) [PSYoungGen: 70669K->1501K(71168K)] 432734K->363566K(627712K), 0.0017795 secs] [Times: user=0.00 sys=0.00, real=0.01 secs] 
2685.711: [GC (Allocation Failure) [PSYoungGen: 70621K->432K(71168K)] 432686K->362505K(627712K), 0.0016960 secs] [Times: user=0.00 sys=0.00, real=0.00 secs] 
2686.312: [GC (Allocation Failure) [PSYoungGen: 69552K->1408K(71168K)] 431625K->363481K(627712K), 0.0031301 secs] [Times: user=0.01 sys=0.00, real=0.00 secs] 
2686.818: [GC (Allocation Failure) [PSYoungGen: 70528K->1376K(71168K)] 432601K->363449K(627712K), 0.0044127 secs] [Times: user=0.02 sys=0.00, real=0.01 secs] 
2687.612: [GC (Allocation Failure) [PSYoungGen: 70496K->1376K(71168K)] 432569K->363449K(627712K), 0.0023911 secs] [Times: user=0.01 sys=0.00, real=0.00 secs] 
2688.429: [GC (Allocation Failure) [PSYoungGen: 70496K->1376K(71168K)] 432569K->363457K(627712K), 0.0025517 secs] [Times: user=0.01 sys=0.00, real=0.00 secs] 
2688.948: [GC (Allocation Failure) [PSYoungGen: 70467K->1488K(71168K)] 432549K->363569K(627712K), 0.0017112 secs] [Times: user=0.01 sys=0.00, real=0.01 secs] 
2689.353: [GC (Allocation Failure) [PSYoungGen: 70608K->1565K(71168K)] 432689K->363646K(627712K), 0.0016246 secs] [Times: user=0.01 sys=0.00, real=0.00 secs] 
2689.815: [GC (Allocation Failure) [PSYoungGen: 70685K->1629K(71168K)] 432766K->363710K(627712K), 0.0017084 secs] [Times: user=0.01 sys=0.00, real=0.00 secs] 
2690.269: [GC (Allocation Failure) [PSYoungGen: 70749K->1472K(71168K)] 432830K->363553K(627712K), 0.0026041 secs] [Times: user=0.01 sys=0.00, real=0.00 secs] 
2690.878: [GC (Allocation Failure) [PSYoungGen: 70592K->1376K(71168K)] 432673K->363457K(627712K), 0.0022831 secs] [Times: user=0.01 sys=0.00, real=0.01 secs] 
2691.423: [GC (Allocation Failure) [PSYoungGen: 70496K->1408K(71168K)] 432577K->363489K(627712K), 0.0035308 secs] [Times: user=0.02 sys=0.00, real=0.00 secs] 
2692.032: [GC (Allocation Failure) [PSYoungGen: 70528K->1344K(71168K)] 432609K->363425K(627712K), 0.0023939 secs] [Times: user=0.01 sys=0.00, real=0.00 secs] 
2692.851: [GC (Allocation Failure) [PSYoungGen: 70464K->1437K(71168K)] 432545K->363518K(627712K), 0.0016716 secs] [Times: user=0.01 sys=0.00, real=0.00 secs] 
2693.255: [GC (Allocation Failure) [PSYoungGen: 70557K->1533K(71168K)] 432638K->363614K(627712K), 0.0016679 secs] [Times: user=0.01 sys=0.00, real=0.00 secs] 
2693.659: [GC (Allocation Failure) [PSYoungGen: 70653K->1581K(71168K)] 432734K->363662K(627712K), 0.0016520 secs] [Times: user=0.00 sys=0.00, real=0.00 secs] 
2694.062: [GC (Allocation Failure) [PSYoungGen: 70701K->1501K(71168K)] 432782K->363582K(627712K), 0.0016754 secs] [Times: user=0.01 sys=0.00, real=0.00 secs] 
2694.603: [GC (Allocation Failure) [PSYoungGen: 70621K->1424K(71168K)] 432702K->363505K(627712K), 0.0020036 secs] [Times: user=0.00 sys=0.00, real=0.00 secs] 
2695.077: [GC (Allocation Failure) [PSYoungGen: 70544K->1344K(71168K)] 432625K->363425K(627712K), 0.0019983 secs] [Times: user=0.01 sys=0.00, real=0.01 secs] 
2695.576: [GC (Allocation Failure) [PSYoungGen: 70464K->1376K(71168K)] 432545K->363457K(627712K), 0.0020862 secs] [Times: user=0.01 sys=0.00, real=0.00 secs] 
2696.217: [GC (Allocation Failure) [PSYoungGen: 70496K->1408K(71168K)] 432577K->363489K(627712K), 0.0022570 secs] [Times: user=0.01 sys=0.00, real=0.01 secs] 
2696.771: [GC (Allocation Failure) [PSYoungGen: 70528K->1469K(71168K)] 432609K->363550K(627712K), 0.0015351 secs] [Times: user=0.01 sys=0.00, real=0.00 secs] 
2697.182: [GC (Allocation Failure) [PSYoungGen: 70589K->1533K(71168K)] 432670K->363614K(627712K), 0.0015868 secs] [Times: user=0.01 sys=0.00, real=0.00 secs] 
2697.584: [GC (Allocation Failure) [PSYoungGen: 70653K->1549K(71168K)] 432734K->363630K(627712K), 0.0017735 secs] [Times: user=0.01 sys=0.00, real=0.00 secs] 
2698.040: [GC (Allocation Failure) [PSYoungGen: 70669K->1472K(71168K)] 432750K->363569K(627712K), 0.0019553 secs] [Times: user=0.00 sys=0.00, real=0.00 secs] 
2698.328: [GC (Allocation Failure) [PSYoungGen: 70592K->1344K(71168K)] 432689K->363441K(627712K), 0.0017627 secs] [Times: user=0.01 sys=0.00, real=0.01 secs] 
2698.928: [GC (Allocation Failure) [PSYoungGen: 70464K->1344K(71168K)] 432561K->363441K(627712K), 0.0021858 secs] [Times: user=0.01 sys=0.00, real=0.01 secs] 
2699.550: [GC (Allocation Failure) [PSYoungGen: 70464K->1328K(71168K)] 432561K->363425K(627712K), 0.0021415 secs] [Times: user=0.00 sys=0.00, real=0.00 secs] 
2700.188: [GC (Allocation Failure) [PSYoungGen: 70448K->1469K(71168K)] 432545K->363566K(627712K), 0.0018842 secs] [Times: user=0.01 sys=0.00, real=0.01 secs] 
2700.602: [GC (Allocation Failure) [PSYoungGen: 70589K->1581K(71168K)] 432686K->363678K(627712K), 0.0015944 secs] [Times: user=0.01 sys=0.00, real=0.00 secs] 
2701.004: [GC (Allocation Failure) [PSYoungGen: 70701K->1565K(71168K)] 432798K->363662K(627712K), 0.0016504 secs] [Times: user=0.00 sys=0.00, real=0.00 secs] 
2701.406: [GC (Allocation Failure) [PSYoungGen: 70685K->1501K(71168K)] 432782K->363598K(627712K), 0.0015554 secs] [Times: user=0.01 sys=0.00, real=0.00 secs] 
2702.001: [GC (Allocation Failure) [PSYoungGen: 70621K->1456K(71168K)] 432718K->363553K(627712K), 0.0022014 secs] [Times: user=0.01 sys=0.00, real=0.00 secs] 
2702.288: [GC (Allocation Failure) [PSYoungGen: 70576K->1344K(71168K)] 432673K->363441K(627712K), 0.0020665 secs] [Times: user=0.01 sys=0.00, real=0.01 secs] 
2702.624: [GC (Allocation Failure) [PSYoungGen: 70464K->1376K(71168K)] 432561K->363473K(627712K), 0.0024277 secs] [Times: user=0.01 sys=0.00, real=0.00 secs] 
2703.123: [GC (Allocation Failure) [PSYoungGen: 70496K->1376K(71168K)] 432593K->363473K(627712K), 0.0024422 secs] [Times: user=0.01 sys=0.00, real=0.00 secs] 
2703.738: [GC (Allocation Failure) [PSYoungGen: 70496K->1469K(71168K)] 432593K->363566K(627712K), 0.0016645 secs] [Times: user=0.01 sys=0.00, real=0.01 secs] 
2704.139: [GC (Allocation Failure) [PSYoungGen: 70589K->1520K(71168K)] 432686K->363617K(627712K), 0.0016827 secs] [Times: user=0.01 sys=0.00, real=0.00 secs] 
2704.543: [GC (Allocation Failure) [PSYoungGen: 70640K->1581K(71168K)] 432737K->363678K(627712K), 0.0016178 secs] [Times: user=0.00 sys=0.00, real=0.00 secs] 
2704.946: [GC (Allocation Failure) [PSYoungGen: 70701K->192K(71168K)] 432798K->362297K(627712K), 0.0016366 secs] [Times: user=0.01 sys=0.00, real=0.00 secs] 
2705.819: [GC (Allocation Failure) [PSYoungGen: 69312K->1408K(71168K)] 431417K->363513K(627712K), 0.0022388 secs] [Times: user=0.01 sys=0.00, real=0.01 secs] 
2706.160: [GC (Allocation Failure) [PSYoungGen: 70528K->1376K(71168K)] 432633K->363481K(627712K), 0.0020983 secs] [Times: user=0.00 sys=0.00, real=0.00 secs] 
2706.740: [GC (Allocation Failure) [PSYoungGen: 70496K->1376K(71168K)] 432601K->363481K(627712K), 0.0022469 secs] [Times: user=0.01 sys=0.00, real=0.00 secs] 
2707.288: [GC (Allocation Failure) [PSYoungGen: 70496K->1344K(71168K)] 432601K->363465K(627712K), 0.0022414 secs] [Times: user=0.01 sys=0.00, real=0.01 secs] 
2707.781: [GC (Allocation Failure) [PSYoungGen: 70464K->1517K(71168K)] 432585K->363638K(627712K), 0.0016021 secs] [Times: user=0.00 sys=0.00, real=0.00 secs] 
2708.184: [GC (Allocation Failure) [PSYoungGen: 70637K->1501K(71168K)] 432758K->363622K(627712K), 0.0017205 secs] [Times: user=0.01 sys=0.00, real=0.00 secs] 
2708.589: [GC (Allocation Failure) [PSYoungGen: 70621K->1533K(71168K)] 432742K->363654K(627712K), 0.0016490 secs] [Times: user=0.01 sys=0.00, real=0.00 secs] 
2709.269: [GC (Allocation Failure) [PSYoungGen: 70653K->1456K(71168K)] 432774K->363577K(627712K), 0.0026271 secs] [Times: user=0.01 sys=0.00, real=0.00 secs] 
2709.656: [GC (Allocation Failure) [PSYoungGen: 70576K->1344K(71168K)] 432697K->363465K(627712K), 0.0019968 secs] [Times: user=0.01 sys=0.00, real=0.00 secs] 
2710.174: [GC (Allocation Failure) [PSYoungGen: 70464K->1376K(71168K)] 432585K->363497K(627712K), 0.0018451 secs] [Times: user=0.01 sys=0.00, real=0.00 secs] 
2710.747: [GC (Allocation Failure) [PSYoungGen: 70496K->1392K(71168K)] 432617K->363513K(627712K), 0.0038195 secs] [Times: user=0.02 sys=0.01, real=0.01 secs] 
2711.459: [GC (Allocation Failure) [PSYoungGen: 70512K->1437K(71168K)] 432633K->363558K(627712K), 0.0015576 secs] [Times: user=0.01 sys=0.00, real=0.00 secs] 
2711.936: [GC (Allocation Failure) [PSYoungGen: 70557K->1501K(71168K)] 432678K->363622K(627712K), 0.0017441 secs] [Times: user=0.00 sys=0.00, real=0.00 secs] 
2712.395: [GC (Allocation Failure) [PSYoungGen: 70621K->1549K(71168K)] 432742K->363670K(627712K), 0.0016571 secs] [Times: user=0.01 sys=0.00, real=0.00 secs] 
2712.803: [GC (Allocation Failure) [PSYoungGen: 70669K->1549K(71168K)] 432790K->363670K(627712K), 0.0016578 secs] [Times: user=0.01 sys=0.00, real=0.00 secs] 
2713.248: [GC (Allocation Failure) [PSYoungGen: 70669K->1424K(71168K)] 432790K->363545K(627712K), 0.0028104 secs] [Times: user=0.01 sys=0.00, real=0.01 secs] 
2713.547: [GC (Allocation Failure) [PSYoungGen: 70544K->1344K(71168K)] 432665K->363465K(627712K), 0.0020557 secs] [Times: user=0.01 sys=0.00, real=0.01 secs] 
2713.834: [GC (Allocation Failure) [PSYoungGen: 70464K->1376K(71168K)] 432585K->363497K(627712K), 0.0020125 secs] [Times: user=0.01 sys=0.00, real=0.00 secs] 
2714.282: [GC (Allocation Failure) [PSYoungGen: 70496K->1376K(71168K)] 432617K->363497K(627712K), 0.0020282 secs] [Times: user=0.01 sys=0.00, real=0.00 secs] 
2714.822: [GC (Allocation Failure) [PSYoungGen: 70464K->1501K(71168K)] 432585K->363622K(627712K), 0.0015880 secs] [Times: user=0.01 sys=0.00, real=0.00 secs] 
2715.225: [GC (Allocation Failure) [PSYoungGen: 70621K->1533K(71168K)] 432742K->363654K(627712K), 0.0016352 secs] [Times: user=0.01 sys=0.00, real=0.00 secs] 
2715.628: [GC (Allocation Failure) [PSYoungGen: 70653K->1501K(71168K)] 432774K->363622K(627712K), 0.0016547 secs] [Times: user=0.00 sys=0.00, real=0.01 secs] 
2716.034: [GC (Allocation Failure) [PSYoungGen: 70621K->1472K(71168K)] 432742K->363593K(627712K), 0.0021012 secs] [Times: user=0.01 sys=0.00, real=0.00 secs] 
2716.331: [GC (Allocation Failure) [PSYoungGen: 70592K->1344K(71168K)] 432713K->363465K(627712K), 0.0019022 secs] [Times: user=0.01 sys=0.00, real=0.00 secs] 
2716.719: [GC (Allocation Failure) [PSYoungGen: 70464K->1344K(71168K)] 432585K->363481K(627712K), 0.0022927 secs] [Times: user=0.01 sys=0.00, real=0.00 secs] 
2717.214: [GC (Allocation Failure) [PSYoungGen: 70464K->1344K(71168K)] 432601K->363481K(627712K), 0.0022037 secs] [Times: user=0.01 sys=0.00, real=0.00 secs] 
2717.867: [GC (Allocation Failure) [PSYoungGen: 70462K->1469K(71168K)] 432600K->363606K(627712K), 0.0021803 secs] [Times: user=0.01 sys=0.00, real=0.01 secs] 
2718.298: [GC (Allocation Failure) [PSYoungGen: 70589K->1533K(71168K)] 432726K->363670K(627712K), 0.0015908 secs] [Times: user=0.01 sys=0.00, real=0.01 secs] 
2718.701: [GC (Allocation Failure) [PSYoungGen: 70653K->1533K(71168K)] 432790K->363670K(627712K), 0.0016453 secs] [Times: user=0.00 sys=0.00, real=0.00 secs] 
2719.103: [GC (Allocation Failure) [PSYoungGen: 70653K->1533K(71168K)] 432790K->363670K(627712K), 0.0016036 secs] [Times: user=0.00 sys=0.00, real=0.00 secs] 
2719.492: [GC (Allocation Failure) [PSYoungGen: 70653K->1456K(71168K)] 432790K->363593K(627712K), 0.0019253 secs] [Times: user=0.00 sys=0.00, real=0.00 secs] 
2719.781: [GC (Allocation Failure) [PSYoungGen: 70576K->1376K(71168K)] 432713K->363513K(627712K), 0.0018359 secs] [Times: user=0.00 sys=0.00, real=0.00 secs] 
2720.184: [GC (Allocation Failure) [PSYoungGen: 70496K->1424K(71168K)] 432633K->363561K(627712K), 0.0018041 secs] [Times: user=0.00 sys=0.00, real=0.00 secs] 
2720.743: [GC (Allocation Failure) [PSYoungGen: 70544K->1440K(71168K)] 432681K->363577K(627712K), 0.0020360 secs] [Times: user=0.00 sys=0.00, real=0.00 secs] 
2721.494: [GC (Allocation Failure) [PSYoungGen: 70560K->1501K(71168K)] 432697K->363638K(627712K), 0.0017515 secs] [Times: user=0.01 sys=0.00, real=0.00 secs] 
2721.895: [GC (Allocation Failure) [PSYoungGen: 70621K->1616K(71168K)] 432758K->363753K(627712K), 0.0016604 secs] [Times: user=0.00 sys=0.00, real=0.00 secs] 
2722.297: [GC (Allocation Failure) [PSYoungGen: 70736K->1597K(71168K)] 432873K->363734K(627712K), 0.0016375 secs] [Times: user=0.00 sys=0.00, real=0.00 secs] 
2722.698: [GC (Allocation Failure) [PSYoungGen: 70219K->320K(71168K)] 432357K->362465K(627712K), 0.0016482 secs] [Times: user=0.01 sys=0.00, real=0.01 secs] 
2723.053: [GC (Allocation Failure) [PSYoungGen: 69440K->1376K(71168K)] 431585K->363521K(627712K), 0.0017839 secs] [Times: user=0.00 sys=0.00, real=0.00 secs] 
2723.352: [GC (Allocation Failure) [PSYoungGen: 70496K->1344K(71168K)] 432641K->363489K(627712K), 0.0019101 secs] [Times: user=0.00 sys=0.00, real=0.00 secs] 
2723.643: [GC (Allocation Failure) [PSYoungGen: 70464K->1376K(71168K)] 432609K->363521K(627712K), 0.0027838 secs] [Times: user=0.02 sys=0.00, real=0.00 secs] 
2723.928: [GC (Allocation Failure) [PSYoungGen: 70496K->1376K(71168K)] 432641K->363521K(627712K), 0.0020654 secs] [Times: user=0.01 sys=0.00, real=0.01 secs] 
2724.446: [GC (Allocation Failure) [PSYoungGen: 70496K->1549K(71168K)] 432641K->363694K(627712K), 0.0016881 secs] [Times: user=0.01 sys=0.00, real=0.00 secs] 
2724.908: [GC (Allocation Failure) [PSYoungGen: 70669K->1501K(71168K)] 432814K->363646K(627712K), 0.0016266 secs] [Times: user=0.01 sys=0.00, real=0.01 secs] 
2725.372: [GC (Allocation Failure) [PSYoungGen: 70621K->1549K(71168K)] 432766K->363694K(627712K), 0.0016863 secs] [Times: user=0.01 sys=0.00, real=0.00 secs] 
2725.826: [GC (Allocation Failure) [PSYoungGen: 70669K->1440K(71168K)] 432814K->363585K(627712K), 0.0024409 secs] [Times: user=0.00 sys=0.00, real=0.00 secs] 
2726.134: [GC (Allocation Failure) [PSYoungGen: 70560K->1344K(71168K)] 432705K->363489K(627712K), 0.0020434 secs] [Times: user=0.01 sys=0.00, real=0.00 secs] 
2726.421: [GC (Allocation Failure) [PSYoungGen: 70464K->1344K(71168K)] 432609K->363505K(627712K), 0.0020266 secs] [Times: user=0.00 sys=0.00, real=0.00 secs] 
2726.708: [GC (Allocation Failure) [PSYoungGen: 70464K->1344K(71168K)] 432625K->363505K(627712K), 0.0020166 secs] [Times: user=0.01 sys=0.00, real=0.01 secs] 
2727.078: [GC (Allocation Failure) [PSYoungGen: 70464K->1437K(71168K)] 432625K->363598K(627712K), 0.0016052 secs] [Times: user=0.00 sys=0.00, real=0.01 secs] 
2727.481: [GC (Allocation Failure) [PSYoungGen: 70557K->1565K(71168K)] 432718K->363726K(627712K), 0.0016479 secs] [Times: user=0.01 sys=0.00, real=0.00 secs] 
2727.896: [GC (Allocation Failure) [PSYoungGen: 70685K->1501K(71168K)] 432846K->363662K(627712K), 0.0016359 secs] [Times: user=0.00 sys=0.00, real=0.00 secs] 
2728.298: [GC (Allocation Failure) [PSYoungGen: 70621K->1501K(71168K)] 432782K->363670K(627712K), 0.0015930 secs] [Times: user=0.01 sys=0.00, real=0.01 secs] 
2728.968: [GC (Allocation Failure) [PSYoungGen: 70621K->1408K(71168K)] 432790K->363577K(627712K), 0.0021840 secs] [Times: user=0.01 sys=0.00, real=0.01 secs] 
2729.604: [GC (Allocation Failure) [PSYoungGen: 70528K->1376K(71168K)] 432697K->363545K(627712K), 0.0023791 secs] [Times: user=0.01 sys=0.00, real=0.00 secs] 
2730.629: [GC (Allocation Failure) [PSYoungGen: 70496K->1376K(71168K)] 432665K->363545K(627712K), 0.0023831 secs] [Times: user=0.01 sys=0.00, real=0.00 secs] 
2731.484: [GC (Allocation Failure) [PSYoungGen: 70496K->1376K(71168K)] 432665K->363545K(627712K), 0.0025507 secs] [Times: user=0.01 sys=0.00, real=0.00 secs] 
2732.186: [GC (Allocation Failure) [PSYoungGen: 70490K->1469K(71168K)] 432660K->363638K(627712K), 0.0015227 secs] [Times: user=0.01 sys=0.00, real=0.00 secs] 
2732.590: [GC (Allocation Failure) [PSYoungGen: 70589K->1613K(71168K)] 432758K->363782K(627712K), 0.0016557 secs] [Times: user=0.01 sys=0.00, real=0.00 secs] 
2732.992: [GC (Allocation Failure) [PSYoungGen: 70733K->1488K(71168K)] 432902K->363657K(627712K), 0.0016261 secs] [Times: user=0.01 sys=0.00, real=0.00 secs] 
2734.512: [GC (Allocation Failure) [PSYoungGen: 70608K->1456K(71168K)] 432777K->363625K(627712K), 0.0030159 secs] [Times: user=0.01 sys=0.00, real=0.00 secs] 
2734.909: [GC (Allocation Failure) [PSYoungGen: 70576K->1376K(71168K)] 432745K->363545K(627712K), 0.0020009 secs] [Times: user=0.00 sys=0.00, real=0.00 secs] 
2735.438: [GC (Allocation Failure) [PSYoungGen: 70496K->1376K(71168K)] 432665K->363545K(627712K), 0.0022286 secs] [Times: user=0.01 sys=0.00, real=0.01 secs] 
2735.994: [GC (Allocation Failure) [PSYoungGen: 70496K->1376K(71168K)] 432665K->363545K(627712K), 0.0022676 secs] [Times: user=0.01 sys=0.00, real=0.00 secs] 
2736.673: [GC (Allocation Failure) [PSYoungGen: 70496K->1488K(71168K)] 432665K->363657K(627712K), 0.0019422 secs] [Times: user=0.01 sys=0.00, real=0.00 secs] 
2737.085: [GC (Allocation Failure) [PSYoungGen: 70608K->1533K(71168K)] 432777K->363702K(627712K), 0.0016240 secs] [Times: user=0.01 sys=0.00, real=0.00 secs] 
2737.488: [GC (Allocation Failure) [PSYoungGen: 70653K->1501K(71168K)] 432822K->363670K(627712K), 0.0016587 secs] [Times: user=0.00 sys=0.00, real=0.01 secs] 
2737.894: [GC (Allocation Failure) [PSYoungGen: 70621K->1501K(71168K)] 432790K->363670K(627712K), 0.0016269 secs] [Times: user=0.00 sys=0.00, real=0.00 secs] 
2738.748: [GC (Allocation Failure) [PSYoungGen: 70621K->1424K(71168K)] 432790K->363593K(627712K), 0.0040618 secs] [Times: user=0.01 sys=0.00, real=0.01 secs] 
2739.476: [GC (Allocation Failure) [PSYoungGen: 70544K->1344K(71168K)] 432713K->363513K(627712K), 0.0032121 secs] [Times: user=0.01 sys=0.00, real=0.01 secs] 
2740.145: [GC (Allocation Failure) [PSYoungGen: 70464K->1312K(71168K)] 432633K->363497K(627712K), 0.0028171 secs] [Times: user=0.01 sys=0.00, real=0.00 secs] 
2740.741: [GC (Allocation Failure) [PSYoungGen: 70432K->1376K(71168K)] 432617K->363561K(627712K), 0.0037284 secs] [Times: user=0.01 sys=0.00, real=0.00 secs] 
2741.494: [GC (Allocation Failure) [PSYoungGen: 70496K->1504K(71168K)] 432681K->363689K(627712K), 0.0017218 secs] [Times: user=0.01 sys=0.00, real=0.00 secs] 
2741.897: [GC (Allocation Failure) [PSYoungGen: 70611K->1565K(71168K)] 432797K->363750K(627712K), 0.0016405 secs] [Times: user=0.01 sys=0.00, real=0.00 secs] 
2742.301: [GC (Allocation Failure) [PSYoungGen: 70685K->1565K(71168K)] 432870K->363750K(627712K), 0.0016546 secs] [Times: user=0.00 sys=0.00, real=0.00 secs] 
2742.698: [GC (Allocation Failure) [PSYoungGen: 70309K->256K(71168K)] 432495K->362441K(627712K), 0.0015829 secs] [Times: user=0.01 sys=0.00, real=0.01 secs] 
2743.990: [GC (Allocation Failure) [PSYoungGen: 69376K->1376K(71168K)] 431561K->363561K(627712K), 0.0033818 secs] [Times: user=0.01 sys=0.00, real=0.00 secs] 
2744.476: [GC (Allocation Failure) [PSYoungGen: 70496K->1376K(71168K)] 432681K->363561K(627712K), 0.0024460 secs] [Times: user=0.01 sys=0.00, real=0.01 secs] 
2745.002: [GC (Allocation Failure) [PSYoungGen: 70496K->1344K(71168K)] 432681K->363529K(627712K), 0.0023580 secs] [Times: user=0.01 sys=0.00, real=0.00 secs] 
2745.586: [GC (Allocation Failure) [PSYoungGen: 70464K->1312K(71168K)] 432649K->363497K(627712K), 0.0023714 secs] [Times: user=0.01 sys=0.00, real=0.00 secs] 
2746.211: [GC (Allocation Failure) [PSYoungGen: 70432K->1536K(71168K)] 432617K->363721K(627712K), 0.0017800 secs] [Times: user=0.01 sys=0.00, real=0.00 secs] 
2746.613: [GC (Allocation Failure) [PSYoungGen: 70656K->1549K(71168K)] 432841K->363734K(627712K), 0.0016186 secs] [Times: user=0.01 sys=0.00, real=0.00 secs] 
2747.015: [GC (Allocation Failure) [PSYoungGen: 70669K->1581K(71168K)] 432854K->363766K(627712K), 0.0017581 secs] [Times: user=0.01 sys=0.00, real=0.00 secs] 
2747.484: [GC (Allocation Failure) [PSYoungGen: 70701K->1472K(71168K)] 432886K->363657K(627712K), 0.0023340 secs] [Times: user=0.00 sys=0.01, real=0.00 secs] 
2747.774: [GC (Allocation Failure) [PSYoungGen: 70592K->1376K(71168K)] 432777K->363561K(627712K), 0.0020460 secs] [Times: user=0.00 sys=0.00, real=0.00 secs] 
2748.092: [GC (Allocation Failure) [PSYoungGen: 70496K->1344K(71168K)] 432681K->363529K(627712K), 0.0044163 secs] [Times: user=0.01 sys=0.00, real=0.00 secs] 
2748.563: [GC (Allocation Failure) [PSYoungGen: 70464K->1376K(71168K)] 432649K->363577K(627712K), 0.0017543 secs] [Times: user=0.01 sys=0.00, real=0.00 secs] 
2749.299: [GC (Allocation Failure) [PSYoungGen: 70496K->1437K(71168K)] 432697K->363638K(627712K), 0.0016431 secs] [Times: user=0.00 sys=0.00, real=0.00 secs] 
2749.702: [GC (Allocation Failure) [PSYoungGen: 70557K->1533K(71168K)] 432758K->363734K(627712K), 0.0016552 secs] [Times: user=0.01 sys=0.00, real=0.00 secs] 
2750.108: [GC (Allocation Failure) [PSYoungGen: 70653K->1533K(71168K)] 432854K->363734K(627712K), 0.0016367 secs] [Times: user=0.00 sys=0.00, real=0.01 secs] 
2750.510: [GC (Allocation Failure) [PSYoungGen: 70653K->1501K(71168K)] 432854K->363710K(627712K), 0.0017048 secs] [Times: user=0.01 sys=0.00, real=0.00 secs] 
2750.878: [GC (Allocation Failure) [PSYoungGen: 70621K->1408K(71168K)] 432830K->363617K(627712K), 0.0018417 secs] [Times: user=0.01 sys=0.00, real=0.01 secs] 
2751.205: [GC (Allocation Failure) [PSYoungGen: 70528K->1344K(71168K)] 432737K->363553K(627712K), 0.0017623 secs] [Times: user=0.01 sys=0.00, real=0.00 secs] 
2751.673: [GC (Allocation Failure) [PSYoungGen: 70464K->1376K(71168K)] 432673K->363585K(627712K), 0.0020537 secs] [Times: user=0.01 sys=0.00, real=0.00 secs] 
2752.218: [GC (Allocation Failure) [PSYoungGen: 70496K->1376K(71168K)] 432705K->363585K(627712K), 0.0020482 secs] [Times: user=0.01 sys=0.00, real=0.01 secs] 
2752.700: [GC (Allocation Failure) [PSYoungGen: 70496K->1488K(71168K)] 432705K->363697K(627712K), 0.0016091 secs] [Times: user=0.01 sys=0.00, real=0.00 secs] 
2753.102: [GC (Allocation Failure) [PSYoungGen: 70608K->1552K(71168K)] 432817K->363761K(627712K), 0.0016220 secs] [Times: user=0.00 sys=0.00, real=0.00 secs] 
2753.506: [GC (Allocation Failure) [PSYoungGen: 70672K->1488K(71168K)] 432881K->363697K(627712K), 0.0015999 secs] [Times: user=0.01 sys=0.00, real=0.00 secs] 
2753.923: [GC (Allocation Failure) [PSYoungGen: 70608K->1568K(71168K)] 432817K->363777K(627712K), 0.0018799 secs] [Times: user=0.01 sys=0.00, real=0.00 secs] 
2754.434: [GC (Allocation Failure) [PSYoungGen: 70688K->1376K(71168K)] 432897K->363585K(627712K), 0.0018071 secs] [Times: user=0.01 sys=0.00, real=0.00 secs] 
2755.076: [GC (Allocation Failure) [PSYoungGen: 70496K->1376K(71168K)] 432705K->363585K(627712K), 0.0029223 secs] [Times: user=0.01 sys=0.00, real=0.01 secs] 
2755.654: [GC (Allocation Failure) [PSYoungGen: 70496K->1408K(71168K)] 432705K->363617K(627712K), 0.0025732 secs] [Times: user=0.01 sys=0.00, real=0.00 secs] 
2756.264: [GC (Allocation Failure) [PSYoungGen: 70522K->1469K(71168K)] 432732K->363678K(627712K), 0.0020654 secs] [Times: user=0.01 sys=0.00, real=0.00 secs] 
2756.686: [GC (Allocation Failure) [PSYoungGen: 70589K->1565K(71168K)] 432798K->363774K(627712K), 0.0016573 secs] [Times: user=0.01 sys=0.00, real=0.00 secs] 
2757.087: [GC (Allocation Failure) [PSYoungGen: 70685K->1581K(71168K)] 432894K->363790K(627712K), 0.0015924 secs] [Times: user=0.01 sys=0.00, real=0.01 secs] 
2757.551: [GC (Allocation Failure) [PSYoungGen: 70701K->1581K(71168K)] 432910K->363814K(627712K), 0.0016570 secs] [Times: user=0.01 sys=0.00, real=0.00 secs] 
2757.881: [GC (Allocation Failure) [PSYoungGen: 70701K->1424K(71168K)] 432934K->363657K(627712K), 0.0016504 secs] [Times: user=0.01 sys=0.00, real=0.00 secs] 
2758.299: [GC (Allocation Failure) [PSYoungGen: 70544K->1344K(71168K)] 432777K->363577K(627712K), 0.0017697 secs] [Times: user=0.01 sys=0.00, real=0.00 secs] 
2759.167: [GC (Allocation Failure) [PSYoungGen: 70464K->1344K(71168K)] 432697K->363577K(627712K), 0.0039995 secs] [Times: user=0.01 sys=0.00, real=0.01 secs] 
2760.091: [GC (Allocation Failure) [PSYoungGen: 70464K->1376K(71168K)] 432697K->363609K(627712K), 0.0040571 secs] [Times: user=0.02 sys=0.00, real=0.00 secs] 
2760.904: [GC (Allocation Failure) [PSYoungGen: 70496K->1469K(71168K)] 432729K->363702K(627712K), 0.0016701 secs] [Times: user=0.00 sys=0.00, real=0.00 secs] 
2761.307: [GC (Allocation Failure) [PSYoungGen: 70589K->1536K(71168K)] 432822K->363769K(627712K), 0.0016348 secs] [Times: user=0.01 sys=0.00, real=0.01 secs] 
2761.709: [GC (Allocation Failure) [PSYoungGen: 70656K->1597K(71168K)] 432889K->363830K(627712K), 0.0016280 secs] [Times: user=0.00 sys=0.00, real=0.00 secs] 
2762.112: [GC (Allocation Failure) [PSYoungGen: 70717K->397K(71168K)] 432950K->362638K(627712K), 0.0015847 secs] [Times: user=0.01 sys=0.00, real=0.00 secs] 
2762.772: [GC (Allocation Failure) [PSYoungGen: 69517K->1408K(71168K)] 431758K->363649K(627712K), 0.0019926 secs] [Times: user=0.01 sys=0.00, real=0.00 secs] 
2763.364: [GC (Allocation Failure) [PSYoungGen: 70528K->1344K(71168K)] 432769K->363585K(627712K), 0.0021387 secs] [Times: user=0.01 sys=0.00, real=0.00 secs] 
2763.897: [GC (Allocation Failure) [PSYoungGen: 70464K->1376K(71168K)] 432705K->363617K(627712K), 0.0029221 secs] [Times: user=0.01 sys=0.00, real=0.01 secs] 
2764.480: [GC (Allocation Failure) [PSYoungGen: 70496K->1344K(71168K)] 432737K->363585K(627712K), 0.0025922 secs] [Times: user=0.01 sys=0.00, real=0.00 secs] 
2764.974: [GC (Allocation Failure) [PSYoungGen: 70443K->1536K(71168K)] 432684K->363777K(627712K), 0.0016162 secs] [Times: user=0.01 sys=0.00, real=0.00 secs] 
2765.378: [GC (Allocation Failure) [PSYoungGen: 70656K->1501K(71168K)] 432897K->363742K(627712K), 0.0017377 secs] [Times: user=0.00 sys=0.00, real=0.01 secs] 
2765.780: [GC (Allocation Failure) [PSYoungGen: 70621K->1597K(71168K)] 432862K->363838K(627712K), 0.0016523 secs] [Times: user=0.01 sys=0.00, real=0.00 secs] 
2766.280: [GC (Allocation Failure) [PSYoungGen: 70717K->1440K(71168K)] 432958K->363681K(627712K), 0.0017119 secs] [Times: user=0.01 sys=0.00, real=0.00 secs] 
2766.880: [GC (Allocation Failure) [PSYoungGen: 70560K->1344K(71168K)] 432801K->363585K(627712K), 0.0020517 secs] [Times: user=0.00 sys=0.00, real=0.00 secs] 
2767.577: [GC (Allocation Failure) [PSYoungGen: 70464K->1360K(71168K)] 432705K->363601K(627712K), 0.0027626 secs] [Times: user=0.02 sys=0.00, real=0.01 secs] 
2768.278: [GC (Allocation Failure) [PSYoungGen: 70480K->1344K(71168K)] 432721K->363585K(627712K), 0.0026425 secs] [Times: user=0.01 sys=0.00, real=0.01 secs] 
2768.942: [GC (Allocation Failure) [PSYoungGen: 70464K->1456K(71168K)] 432705K->363721K(627712K), 0.0015019 secs] [Times: user=0.01 sys=0.00, real=0.00 secs] 
2769.344: [GC (Allocation Failure) [PSYoungGen: 70576K->1488K(71168K)] 432841K->363753K(627712K), 0.0016323 secs] [Times: user=0.01 sys=0.00, real=0.00 secs] 
2769.746: [GC (Allocation Failure) [PSYoungGen: 70608K->1565K(71168K)] 432873K->363830K(627712K), 0.0016601 secs] [Times: user=0.00 sys=0.00, real=0.00 secs] 
2770.149: [GC (Allocation Failure) [PSYoungGen: 70685K->1533K(71168K)] 432950K->363798K(627712K), 0.0016297 secs] [Times: user=0.01 sys=0.00, real=0.00 secs] 
2770.600: [GC (Allocation Failure) [PSYoungGen: 70653K->1392K(71168K)] 432918K->363657K(627712K), 0.0019054 secs] [Times: user=0.01 sys=0.00, real=0.00 secs] 
2770.887: [GC (Allocation Failure) [PSYoungGen: 70512K->1344K(71168K)] 432777K->363609K(627712K), 0.0019998 secs] [Times: user=0.01 sys=0.00, real=0.01 secs] 
2771.175: [GC (Allocation Failure) [PSYoungGen: 70464K->1408K(71168K)] 432729K->363673K(627712K), 0.0023168 secs] [Times: user=0.01 sys=0.00, real=0.00 secs] 
2771.463: [GC (Allocation Failure) [PSYoungGen: 70528K->1312K(71168K)] 432793K->363577K(627712K), 0.0020826 secs] [Times: user=0.01 sys=0.00, real=0.00 secs] 
2771.909: [GC (Allocation Failure) [PSYoungGen: 70432K->1501K(71168K)] 432697K->363766K(627712K), 0.0016099 secs] [Times: user=0.01 sys=0.00, real=0.01 secs] 
2772.375: [GC (Allocation Failure) [PSYoungGen: 70621K->1533K(71168K)] 432886K->363798K(627712K), 0.0018453 secs] [Times: user=0.01 sys=0.00, real=0.00 secs] 
2772.778: [GC (Allocation Failure) [PSYoungGen: 70653K->1533K(71168K)] 432918K->363798K(627712K), 0.0016095 secs] [Times: user=0.01 sys=0.00, real=0.01 secs] 
2773.266: [GC (Allocation Failure) [PSYoungGen: 70653K->1520K(71168K)] 432918K->363785K(627712K), 0.0023779 secs] [Times: user=0.01 sys=0.00, real=0.00 secs] 
2773.590: [GC (Allocation Failure) [PSYoungGen: 70640K->1376K(71168K)] 432905K->363641K(627712K), 0.0022151 secs] [Times: user=0.01 sys=0.00, real=0.00 secs] 
2773.878: [GC (Allocation Failure) [PSYoungGen: 70496K->1376K(71168K)] 432761K->363649K(627712K), 0.0020110 secs] [Times: user=0.01 sys=0.00, real=0.01 secs] 
2774.173: [GC (Allocation Failure) [PSYoungGen: 70496K->1376K(71168K)] 432769K->363649K(627712K), 0.0020972 secs] [Times: user=0.01 sys=0.00, real=0.00 secs] 
2774.555: [GC (Allocation Failure) [PSYoungGen: 70496K->1469K(71168K)] 432769K->363742K(627712K), 0.0018217 secs] [Times: user=0.01 sys=0.00, real=0.00 secs] 
2774.961: [GC (Allocation Failure) [PSYoungGen: 70589K->1533K(71168K)] 432862K->363822K(627712K), 0.0016783 secs] [Times: user=0.00 sys=0.00, real=0.00 secs] 
2775.368: [GC (GCLocker Initiated GC) [PSYoungGen: 70653K->1549K(71168K)] 432942K->363838K(627712K), 0.0016445 secs] [Times: user=0.01 sys=0.00, real=0.01 secs] 
2775.776: [GC (Allocation Failure) [PSYoungGen: 70669K->1485K(71168K)] 433216K->364032K(627712K), 0.0016045 secs] [Times: user=0.00 sys=0.00, real=0.00 secs] 
2776.179: [GC (Allocation Failure) [PSYoungGen: 70605K->1424K(71168K)] 433152K->363987K(627712K), 0.0018442 secs] [Times: user=0.01 sys=0.00, real=0.00 secs] 
2776.500: [GC (Allocation Failure) [PSYoungGen: 70544K->1392K(71168K)] 433107K->363955K(627712K), 0.0019346 secs] [Times: user=0.00 sys=0.00, real=0.00 secs] 
2776.799: [GC (Allocation Failure) [PSYoungGen: 70512K->1408K(71168K)] 433075K->363971K(627712K), 0.0018926 secs] [Times: user=0.00 sys=0.00, real=0.00 secs] 
2777.134: [GC (Allocation Failure) [PSYoungGen: 70528K->1376K(71168K)] 433091K->363939K(627712K), 0.0019680 secs] [Times: user=0.01 sys=0.00, real=0.00 secs] 
2777.648: [GC (Allocation Failure) [PSYoungGen: 70496K->1517K(71168K)] 433059K->364080K(627712K), 0.0016008 secs] [Times: user=0.01 sys=0.00, real=0.01 secs] 
2778.050: [GC (Allocation Failure) [PSYoungGen: 70637K->1549K(71168K)] 433200K->364112K(627712K), 0.0016770 secs] [Times: user=0.01 sys=0.00, real=0.00 secs] 
2778.453: [GC (Allocation Failure) [PSYoungGen: 70669K->1565K(71168K)] 433232K->364128K(627712K), 0.0016764 secs] [Times: user=0.00 sys=0.00, real=0.00 secs] 
2778.856: [GC (Allocation Failure) [PSYoungGen: 70253K->352K(71168K)] 432816K->362923K(627712K), 0.0042542 secs] [Times: user=0.02 sys=0.00, real=0.01 secs] 
2779.596: [GC (Allocation Failure) [PSYoungGen: 69472K->1408K(71168K)] 432043K->363979K(627712K), 0.0017225 secs] [Times: user=0.01 sys=0.00, real=0.00 secs] 
2780.183: [GC (Allocation Failure) [PSYoungGen: 70528K->1376K(71168K)] 433099K->363947K(627712K), 0.0027089 secs] [Times: user=0.01 sys=0.00, real=0.00 secs] 
2780.795: [GC (Allocation Failure) [PSYoungGen: 70496K->1408K(71168K)] 433067K->363979K(627712K), 0.0027111 secs] [Times: user=0.01 sys=0.00, real=0.00 secs] 
2781.105: [GC (Allocation Failure) [PSYoungGen: 70528K->1328K(71168K)] 433099K->363939K(627712K), 0.0021306 secs] [Times: user=0.01 sys=0.00, real=0.00 secs] 
2781.535: [GC (Allocation Failure) [PSYoungGen: 70427K->1520K(71168K)] 433038K->364131K(627712K), 0.0016203 secs] [Times: user=0.00 sys=0.00, real=0.00 secs] 
2781.941: [GC (Allocation Failure) [PSYoungGen: 70640K->1581K(71168K)] 433251K->364192K(627712K), 0.0016330 secs] [Times: user=0.01 sys=0.00, real=0.00 secs] 
2782.343: [GC (Allocation Failure) [PSYoungGen: 70701K->1520K(71168K)] 433312K->364139K(627712K), 0.0015747 secs] [Times: user=0.00 sys=0.00, real=0.00 secs] 
2782.850: [GC (Allocation Failure) [PSYoungGen: 70640K->1472K(71168K)] 433259K->364099K(627712K), 0.0020572 secs] [Times: user=0.01 sys=0.00, real=0.00 secs] 
2783.442: [GC (Allocation Failure) [PSYoungGen: 70592K->1344K(71168K)] 433219K->363971K(627712K), 0.0018784 secs] [Times: user=0.01 sys=0.00, real=0.00 secs] 
2784.080: [GC (Allocation Failure) [PSYoungGen: 70464K->1344K(71168K)] 433091K->363971K(627712K), 0.0022420 secs] [Times: user=0.01 sys=0.00, real=0.00 secs] 
2784.737: [GC (Allocation Failure) [PSYoungGen: 70464K->1376K(71168K)] 433091K->364003K(627712K), 0.0028822 secs] [Times: user=0.01 sys=0.01, real=0.01 secs] 
2785.538: [GC (Allocation Failure) [PSYoungGen: 70496K->1469K(71168K)] 433123K->364096K(627712K), 0.0015938 secs] [Times: user=0.01 sys=0.00, real=0.01 secs] 
2785.939: [GC (Allocation Failure) [PSYoungGen: 70589K->1565K(71168K)] 433216K->364192K(627712K), 0.0016570 secs] [Times: user=0.01 sys=0.00, real=0.01 secs] 
2786.342: [GC (Allocation Failure) [PSYoungGen: 70685K->1581K(71168K)] 433312K->364208K(627712K), 0.0018030 secs] [Times: user=0.00 sys=0.00, real=0.00 secs] 
2786.806: [GC (Allocation Failure) [PSYoungGen: 70701K->1552K(71168K)] 433328K->364187K(627712K), 0.0016601 secs] [Times: user=0.01 sys=0.00, real=0.00 secs] 
2787.748: [GC (Allocation Failure) [PSYoungGen: 70672K->1440K(71168K)] 433307K->364083K(627712K), 0.0026698 secs] [Times: user=0.01 sys=0.00, real=0.01 secs] 
2788.470: [GC (Allocation Failure) [PSYoungGen: 70560K->1376K(71168K)] 433203K->364035K(627712K), 0.0028867 secs] [Times: user=0.01 sys=0.00, real=0.00 secs] 
2789.205: [GC (Allocation Failure) [PSYoungGen: 70496K->1376K(71168K)] 433155K->364035K(627712K), 0.0026235 secs] [Times: user=0.01 sys=0.00, real=0.00 secs] 
2789.931: [GC (Allocation Failure) [PSYoungGen: 70496K->1408K(71168K)] 433155K->364067K(627712K), 0.0026886 secs] [Times: user=0.01 sys=0.00, real=0.00 secs] 
2790.497: [GC (Allocation Failure) [PSYoungGen: 70528K->1533K(71168K)] 433187K->364192K(627712K), 0.0015910 secs] [Times: user=0.01 sys=0.00, real=0.00 secs] 
2790.900: [GC (Allocation Failure) [PSYoungGen: 70653K->1533K(71168K)] 433312K->364192K(627712K), 0.0015976 secs] [Times: user=0.01 sys=0.00, real=0.00 secs] 
2791.300: [GC (Allocation Failure) [PSYoungGen: 70653K->1565K(71168K)] 433312K->364224K(627712K), 0.0017050 secs] [Times: user=0.01 sys=0.00, real=0.00 secs] 
2791.784: [GC (Allocation Failure) [PSYoungGen: 70685K->1504K(71168K)] 433344K->364163K(627712K), 0.0019432 secs] [Times: user=0.01 sys=0.00, real=0.00 secs] 
2792.487: [GC (Allocation Failure) [PSYoungGen: 70624K->1344K(71168K)] 433283K->364003K(627712K), 0.0021952 secs] [Times: user=0.01 sys=0.00, real=0.01 secs] 
2793.352: [GC (Allocation Failure) [PSYoungGen: 70464K->1344K(71168K)] 433123K->364003K(627712K), 0.0037373 secs] [Times: user=0.01 sys=0.00, real=0.00 secs] 
2794.251: [GC (Allocation Failure) [PSYoungGen: 70464K->1360K(71168K)] 433123K->364019K(627712K), 0.0033570 secs] [Times: user=0.01 sys=0.00, real=0.00 secs] 
2795.101: [GC (Allocation Failure) [PSYoungGen: 70480K->1456K(71168K)] 433139K->364115K(627712K), 0.0020993 secs] [Times: user=0.01 sys=0.00, real=0.00 secs] 
2795.540: [GC (Allocation Failure) [PSYoungGen: 70576K->1533K(71168K)] 433235K->364192K(627712K), 0.0016342 secs] [Times: user=0.00 sys=0.00, real=0.00 secs] 
2795.941: [GC (Allocation Failure) [PSYoungGen: 70653K->1565K(71168K)] 433312K->364224K(627712K), 0.0016243 secs] [Times: user=0.00 sys=0.00, real=0.00 secs] 
2796.344: [GC (Allocation Failure) [PSYoungGen: 70685K->1517K(71168K)] 433344K->364176K(627712K), 0.0016109 secs] [Times: user=0.00 sys=0.00, real=0.00 secs] 
2796.845: [GC (Allocation Failure) [PSYoungGen: 70637K->1424K(71168K)] 433296K->364083K(627712K), 0.0022016 secs] [Times: user=0.00 sys=0.00, real=0.00 secs] 
2797.133: [GC (Allocation Failure) [PSYoungGen: 70544K->1344K(71168K)] 433203K->364003K(627712K), 0.0020497 secs] [Times: user=0.00 sys=0.00, real=0.00 secs] 
2797.628: [GC (Allocation Failure) [PSYoungGen: 70464K->1376K(71168K)] 433123K->364035K(627712K), 0.0020324 secs] [Times: user=0.01 sys=0.00, real=0.01 secs] 
2798.280: [GC (Allocation Failure) [PSYoungGen: 70496K->1344K(71168K)] 433155K->364003K(627712K), 0.0029258 secs] [Times: user=0.01 sys=0.00, real=0.00 secs] 
2798.916: [GC (Allocation Failure) [PSYoungGen: 70464K->1437K(71168K)] 433123K->364120K(627712K), 0.0016000 secs] [Times: user=0.00 sys=0.00, real=0.00 secs] 
2799.318: [GC (Allocation Failure) [PSYoungGen: 70557K->1565K(71168K)] 433240K->364248K(627712K), 0.0018251 secs] [Times: user=0.01 sys=0.00, real=0.01 secs] 
2799.730: [GC (Allocation Failure) [PSYoungGen: 70685K->1533K(71168K)] 433368K->364216K(627712K), 0.0016033 secs] [Times: user=0.01 sys=0.00, real=0.00 secs] 
2800.133: [GC (Allocation Failure) [PSYoungGen: 70653K->1533K(71168K)] 433336K->364224K(627712K), 0.0015425 secs] [Times: user=0.00 sys=0.00, real=0.00 secs] 
2800.500: [GC (Allocation Failure) [PSYoungGen: 70653K->1408K(71168K)] 433344K->364099K(627712K), 0.0017892 secs] [Times: user=0.01 sys=0.00, real=0.00 secs] 
2801.138: [GC (Allocation Failure) [PSYoungGen: 70528K->1376K(71168K)] 433219K->364067K(627712K), 0.0021997 secs] [Times: user=0.01 sys=0.00, real=0.01 secs] 
2802.073: [GC (Allocation Failure) [PSYoungGen: 70496K->1344K(71168K)] 433187K->364035K(627712K), 0.0024746 secs] [Times: user=0.01 sys=0.01, real=0.00 secs] 
2803.034: [GC (Allocation Failure) [PSYoungGen: 70464K->1344K(71168K)] 433155K->364035K(627712K), 0.0027108 secs] [Times: user=0.01 sys=0.00, real=0.00 secs] 
2803.581: [GC (Allocation Failure) [PSYoungGen: 70464K->1565K(71168K)] 433155K->364256K(627712K), 0.0016220 secs] [Times: user=0.00 sys=0.00, real=0.00 secs] 
2803.987: [GC (Allocation Failure) [PSYoungGen: 70685K->1597K(71168K)] 433376K->364288K(627712K), 0.0016711 secs] [Times: user=0.01 sys=0.00, real=0.01 secs] 
2804.393: [GC (Allocation Failure) [PSYoungGen: 70717K->1501K(71168K)] 433408K->364192K(627712K), 0.0016313 secs] [Times: user=0.01 sys=0.00, real=0.00 secs] 
2804.785: [GC (Allocation Failure) [PSYoungGen: 70621K->1456K(71168K)] 433312K->364147K(627712K), 0.0019368 secs] [Times: user=0.00 sys=0.00, real=0.00 secs] 
2805.072: [GC (Allocation Failure) [PSYoungGen: 70576K->1376K(71168K)] 433267K->364067K(627712K), 0.0019707 secs] [Times: user=0.01 sys=0.00, real=0.00 secs] 
2805.360: [GC (Allocation Failure) [PSYoungGen: 70496K->1344K(71168K)] 433187K->364035K(627712K), 0.0023255 secs] [Times: user=0.01 sys=0.00, real=0.00 secs] 
2805.648: [GC (Allocation Failure) [PSYoungGen: 70464K->1360K(71168K)] 433155K->364051K(627712K), 0.0020868 secs] [Times: user=0.01 sys=0.00, real=0.01 secs] 
2806.052: [GC (Allocation Failure) [PSYoungGen: 70480K->1469K(71168K)] 433171K->364160K(627712K), 0.0015917 secs] [Times: user=0.00 sys=0.00, real=0.00 secs] 
2806.455: [GC (Allocation Failure) [PSYoungGen: 70589K->1533K(71168K)] 433280K->364224K(627712K), 0.0016292 secs] [Times: user=0.00 sys=0.00, real=0.00 secs] 
2806.877: [GC (Allocation Failure) [PSYoungGen: 70653K->1533K(71168K)] 433344K->364224K(627712K), 0.0016991 secs] [Times: user=0.01 sys=0.00, real=0.01 secs] 
2807.279: [GC (Allocation Failure) [PSYoungGen: 70653K->1552K(71168K)] 433344K->364243K(627712K), 0.0016939 secs] [Times: user=0.00 sys=0.00, real=0.00 secs] 
2807.821: [GC (Allocation Failure) [PSYoungGen: 70672K->1408K(71168K)] 433363K->364115K(627712K), 0.0022260 secs] [Times: user=0.01 sys=0.00, real=0.00 secs] 
2808.386: [GC (Allocation Failure) [PSYoungGen: 70528K->1408K(71168K)] 433235K->364115K(627712K), 0.0028560 secs] [Times: user=0.01 sys=0.00, real=0.01 secs] 
2808.995: [GC (Allocation Failure) [PSYoungGen: 70528K->1344K(71168K)] 433235K->364051K(627712K), 0.0029107 secs] [Times: user=0.01 sys=0.00, real=0.00 secs] 
2809.469: [GC (Allocation Failure) [PSYoungGen: 70464K->1376K(71168K)] 433171K->364083K(627712K), 0.0024134 secs] [Times: user=0.01 sys=0.00, real=0.00 secs] 
2809.986: [GC (Allocation Failure) [PSYoungGen: 70496K->1501K(71168K)] 433203K->364208K(627712K), 0.0016060 secs] [Times: user=0.01 sys=0.00, real=0.00 secs] 
2810.388: [GC (Allocation Failure) [PSYoungGen: 70621K->1517K(71168K)] 433328K->364224K(627712K), 0.0016579 secs] [Times: user=0.00 sys=0.00, real=0.01 secs] 
2810.791: [GC (Allocation Failure) [PSYoungGen: 70637K->1565K(71168K)] 433344K->364272K(627712K), 0.0016496 secs] [Times: user=0.01 sys=0.00, real=0.00 secs] 
2811.222: [GC (Allocation Failure) [PSYoungGen: 70685K->1504K(71168K)] 433392K->364211K(627712K), 0.0018851 secs] [Times: user=0.01 sys=0.00, real=0.00 secs] 
2811.553: [GC (Allocation Failure) [PSYoungGen: 70624K->1376K(71168K)] 433331K->364083K(627712K), 0.0017482 secs] [Times: user=0.01 sys=0.00, real=0.00 secs] 
2812.088: [GC (Allocation Failure) [PSYoungGen: 70496K->1344K(71168K)] 433203K->364051K(627712K), 0.0021250 secs] [Times: user=0.01 sys=0.00, real=0.01 secs] 
2812.737: [GC (Allocation Failure) [PSYoungGen: 70464K->1328K(71168K)] 433171K->364035K(627712K), 0.0021045 secs] [Times: user=0.00 sys=0.01, real=0.01 secs] 
2813.481: [GC (Allocation Failure) [PSYoungGen: 70448K->1437K(71168K)] 433155K->364144K(627712K), 0.0020041 secs] [Times: user=0.01 sys=0.00, real=0.00 secs] 
2813.904: [GC (Allocation Failure) [PSYoungGen: 70557K->1501K(71168K)] 433264K->364208K(627712K), 0.0015942 secs] [Times: user=0.00 sys=0.00, real=0.00 secs] 
2814.309: [GC (Allocation Failure) [PSYoungGen: 70621K->1533K(71168K)] 433328K->364240K(627712K), 0.0017155 secs] [Times: user=0.01 sys=0.00, real=0.00 secs] 
2814.711: [GC (Allocation Failure) [PSYoungGen: 70653K->1597K(71168K)] 433360K->364304K(627712K), 0.0016488 secs] [Times: user=0.01 sys=0.00, real=0.00 secs] 
2815.082: [GC (Allocation Failure) [PSYoungGen: 70717K->1392K(71168K)] 433424K->364099K(627712K), 0.0018314 secs] [Times: user=0.01 sys=0.00, real=0.00 secs] 
2815.370: [GC (Allocation Failure) [PSYoungGen: 70512K->1344K(71168K)] 433219K->364051K(627712K), 0.0017359 secs] [Times: user=0.01 sys=0.00, real=0.00 secs] 
2815.657: [GC (Allocation Failure) [PSYoungGen: 70464K->1376K(71168K)] 433171K->364083K(627712K), 0.0017440 secs] [Times: user=0.01 sys=0.00, real=0.00 secs] 
2815.944: [GC (Allocation Failure) [PSYoungGen: 70496K->1376K(71168K)] 433203K->364083K(627712K), 0.0018928 secs] [Times: user=0.00 sys=0.00, real=0.00 secs] 
2816.321: [GC (Allocation Failure) [PSYoungGen: 70496K->1485K(71168K)] 433203K->364192K(627712K), 0.0016746 secs] [Times: user=0.01 sys=0.00, real=0.00 secs] 
2816.723: [GC (Allocation Failure) [PSYoungGen: 70605K->1520K(71168K)] 433312K->364243K(627712K), 0.0016266 secs] [Times: user=0.01 sys=0.00, real=0.00 secs] 
2817.126: [GC (Allocation Failure) [PSYoungGen: 70640K->1533K(71168K)] 433363K->364256K(627712K), 0.0018228 secs] [Times: user=0.01 sys=0.00, real=0.00 secs] 
2817.530: [GC (Allocation Failure) [PSYoungGen: 70653K->1565K(71168K)] 433376K->364296K(627712K), 0.0017142 secs] [Times: user=0.01 sys=0.00, real=0.00 secs] 
2819.586: [GC (Allocation Failure) [PSYoungGen: 70685K->1408K(71168K)] 433416K->364139K(627712K), 0.0031677 secs] [Times: user=0.01 sys=0.00, real=0.01 secs] 
2820.046: [GC (Allocation Failure) [PSYoungGen: 70528K->1376K(71168K)] 433259K->364107K(627712K), 0.0022733 secs] [Times: user=0.01 sys=0.00, real=0.00 secs] 
2820.448: [GC (Allocation Failure) [PSYoungGen: 70496K->1344K(71168K)] 433227K->364075K(627712K), 0.0022766 secs] [Times: user=0.01 sys=0.00, real=0.01 secs] 
2820.885: [GC (Allocation Failure) [PSYoungGen: 70464K->1408K(71168K)] 433195K->364139K(627712K), 0.0021522 secs] [Times: user=0.01 sys=0.00, real=0.00 secs] 
2821.340: [GC (Allocation Failure) [PSYoungGen: 70528K->1533K(71168K)] 433259K->364264K(627712K), 0.0015996 secs] [Times: user=0.01 sys=0.00, real=0.00 secs] 
2821.740: [GC (Allocation Failure) [PSYoungGen: 70653K->1597K(71168K)] 433384K->364328K(627712K), 0.0016682 secs] [Times: user=0.01 sys=0.00, real=0.00 secs] 
2822.144: [GC (Allocation Failure) [PSYoungGen: 70717K->1565K(71168K)] 433448K->364296K(627712K), 0.0016631 secs] [Times: user=0.00 sys=0.00, real=0.00 secs] 
2823.607: [GC (Allocation Failure) [PSYoungGen: 70685K->1472K(71168K)] 433416K->364203K(627712K), 0.0037565 secs] [Times: user=0.01 sys=0.00, real=0.01 secs] 
2824.718: [GC (Allocation Failure) [PSYoungGen: 70592K->1408K(71168K)] 433323K->364139K(627712K), 0.0029684 secs] [Times: user=0.01 sys=0.00, real=0.01 secs] 
2825.325: [GC (Allocation Failure) [PSYoungGen: 70528K->1408K(71168K)] 433259K->364139K(627712K), 0.0028820 secs] [Times: user=0.01 sys=0.00, real=0.00 secs] 
2825.886: [GC (Allocation Failure) [PSYoungGen: 70528K->1376K(71168K)] 433259K->364107K(627712K), 0.0025905 secs] [Times: user=0.01 sys=0.00, real=0.01 secs] 
2826.700: [GC (Allocation Failure) [PSYoungGen: 70496K->1469K(71168K)] 433227K->364200K(627712K), 0.0016355 secs] [Times: user=0.00 sys=0.00, real=0.00 secs] 
2827.102: [GC (Allocation Failure) [PSYoungGen: 70589K->1565K(71168K)] 433320K->364296K(627712K), 0.0016574 secs] [Times: user=0.00 sys=0.00, real=0.00 secs] 
2827.505: [GC (Allocation Failure) [PSYoungGen: 70685K->1565K(71168K)] 433416K->364296K(627712K), 0.0015934 secs] [Times: user=0.01 sys=0.00, real=0.00 secs] 
2827.907: [GC (Allocation Failure) [PSYoungGen: 70685K->1565K(71168K)] 433416K->364296K(627712K), 0.0016201 secs] [Times: user=0.01 sys=0.00, real=0.01 secs] 
2828.239: [GC (Allocation Failure) [PSYoungGen: 70685K->1408K(71168K)] 433416K->364139K(627712K), 0.0017750 secs] [Times: user=0.00 sys=0.00, real=0.01 secs] 
2828.525: [GC (Allocation Failure) [PSYoungGen: 70528K->1376K(71168K)] 433259K->364107K(627712K), 0.0017794 secs] [Times: user=0.01 sys=0.00, real=0.00 secs] 
2828.812: [GC (Allocation Failure) [PSYoungGen: 70496K->1376K(71168K)] 433227K->364123K(627712K), 0.0017335 secs] [Times: user=0.01 sys=0.00, real=0.00 secs] 
2829.098: [GC (Allocation Failure) [PSYoungGen: 70496K->1376K(71168K)] 433243K->364123K(627712K), 0.0017239 secs] [Times: user=0.00 sys=0.00, real=0.01 secs] 
2829.524: [GC (Allocation Failure) [PSYoungGen: 70496K->1485K(71168K)] 433243K->364232K(627712K), 0.0015889 secs] [Times: user=0.00 sys=0.00, real=0.00 secs] 
2829.926: [GC (Allocation Failure) [PSYoungGen: 70574K->1565K(71168K)] 433322K->364312K(627712K), 0.0016442 secs] [Times: user=0.01 sys=0.00, real=0.00 secs] 
2830.341: [GC (Allocation Failure) [PSYoungGen: 70685K->1501K(71168K)] 433432K->364248K(627712K), 0.0015993 secs] [Times: user=0.01 sys=0.00, real=0.00 secs] 
2830.766: [GC (Allocation Failure) [PSYoungGen: 70621K->1520K(71168K)] 433368K->364275K(627712K), 0.0019066 secs] [Times: user=0.00 sys=0.00, real=0.00 secs] 
2831.054: [GC (Allocation Failure) [PSYoungGen: 70640K->1376K(71168K)] 433395K->364131K(627712K), 0.0018634 secs] [Times: user=0.01 sys=0.00, real=0.00 secs] 
2831.341: [GC (Allocation Failure) [PSYoungGen: 70496K->1376K(71168K)] 433251K->364131K(627712K), 0.0018512 secs] [Times: user=0.01 sys=0.00, real=0.00 secs] 
2831.745: [GC (Allocation Failure) [PSYoungGen: 70496K->1408K(71168K)] 433251K->364163K(627712K), 0.0021394 secs] [Times: user=0.01 sys=0.00, real=0.00 secs] 
2832.083: [GC (Allocation Failure) [PSYoungGen: 70528K->1437K(71168K)] 433283K->364192K(627712K), 0.0014964 secs] [Times: user=0.00 sys=0.00, real=0.00 secs] 
2832.486: [GC (Allocation Failure) [PSYoungGen: 70557K->1533K(71168K)] 433312K->364288K(627712K), 0.0016708 secs] [Times: user=0.01 sys=0.00, real=0.00 secs] 
2832.891: [GC (Allocation Failure) [PSYoungGen: 70653K->1565K(71168K)] 433408K->364320K(627712K), 0.0015996 secs] [Times: user=0.01 sys=0.00, real=0.00 secs] 
2833.360: [GC (Allocation Failure) [PSYoungGen: 70685K->1552K(71168K)] 433440K->364307K(627712K), 0.0016875 secs] [Times: user=0.01 sys=0.00, real=0.00 secs] 
2834.527: [GC (Allocation Failure) [PSYoungGen: 70672K->1392K(71168K)] 433427K->364155K(627712K), 0.0028659 secs] [Times: user=0.01 sys=0.00, real=0.01 secs] 
2835.778: [GC (Allocation Failure) [PSYoungGen: 70512K->1408K(71168K)] 433275K->364171K(627712K), 0.0039233 secs] [Times: user=0.02 sys=0.00, real=0.01 secs] 
2836.156: [GC (Allocation Failure) [PSYoungGen: 70528K->1376K(71168K)] 433291K->364139K(627712K), 0.0026431 secs] [Times: user=0.01 sys=0.00, real=0.01 secs] 
2836.451: [GC (Allocation Failure) [PSYoungGen: 70496K->1408K(71168K)] 433259K->364171K(627712K), 0.0019851 secs] [Times: user=0.01 sys=0.00, real=0.00 secs] 
2836.829: [GC (Allocation Failure) [PSYoungGen: 70520K->1536K(71168K)] 433284K->364299K(627712K), 0.0015595 secs] [Times: user=0.01 sys=0.00, real=0.00 secs] 
2837.235: [GC (Allocation Failure) [PSYoungGen: 70656K->1597K(71168K)] 433419K->364360K(627712K), 0.0016584 secs] [Times: user=0.00 sys=0.00, real=0.00 secs] 
2837.637: [GC (Allocation Failure) [PSYoungGen: 70717K->1613K(71168K)] 433480K->364400K(627712K), 0.0016133 secs] [Times: user=0.00 sys=0.00, real=0.00 secs] 
2838.040: [GC (Allocation Failure) [PSYoungGen: 70733K->1533K(71168K)] 433520K->364328K(627712K), 0.0017039 secs] [Times: user=0.01 sys=0.00, real=0.00 secs] 
2838.693: [GC (Allocation Failure) [PSYoungGen: 70653K->1440K(71168K)] 433448K->364243K(627712K), 0.0022866 secs] [Times: user=0.00 sys=0.00, real=0.00 secs] 
2839.364: [GC (Allocation Failure) [PSYoungGen: 70560K->1392K(71168K)] 433363K->364195K(627712K), 0.0026629 secs] [Times: user=0.01 sys=0.00, real=0.00 secs] 
2839.780: [GC (Allocation Failure) [PSYoungGen: 70512K->1408K(71168K)] 433315K->364211K(627712K), 0.0019518 secs] [Times: user=0.01 sys=0.00, real=0.00 secs] 
2840.081: [GC (Allocation Failure) [PSYoungGen: 70528K->1376K(71168K)] 433331K->364179K(627712K), 0.0020193 secs] [Times: user=0.01 sys=0.00, real=0.00 secs] 
2840.543: [GC (Allocation Failure) [PSYoungGen: 70496K->1565K(71168K)] 433299K->364368K(627712K), 0.0017545 secs] [Times: user=0.01 sys=0.00, real=0.00 secs] 
2840.945: [GC (Allocation Failure) [PSYoungGen: 70685K->1533K(71168K)] 433488K->364336K(627712K), 0.0015769 secs] [Times: user=0.01 sys=0.00, real=0.00 secs] 
2841.408: [GC (Allocation Failure) [PSYoungGen: 70653K->1533K(71168K)] 433456K->364336K(627712K), 0.0018591 secs] [Times: user=0.00 sys=0.00, real=0.01 secs] 
2842.257: [GC (Allocation Failure) [PSYoungGen: 70653K->1488K(71168K)] 433456K->364307K(627712K), 0.0031280 secs] [Times: user=0.02 sys=0.00, real=0.01 secs] 
2842.894: [GC (Allocation Failure) [PSYoungGen: 70608K->1408K(71168K)] 433427K->364227K(627712K), 0.0028782 secs] [Times: user=0.01 sys=0.00, real=0.00 secs] 
2843.510: [GC (Allocation Failure) [PSYoungGen: 70528K->1408K(71168K)] 433347K->364227K(627712K), 0.0026339 secs] [Times: user=0.01 sys=0.00, real=0.00 secs] 
2843.969: [GC (Allocation Failure) [PSYoungGen: 70528K->1376K(71168K)] 433347K->364195K(627712K), 0.0020903 secs] [Times: user=0.01 sys=0.00, real=0.00 secs] 
2844.512: [GC (Allocation Failure) [PSYoungGen: 70496K->1501K(71168K)] 433315K->364320K(627712K), 0.0016427 secs] [Times: user=0.00 sys=0.00, real=0.00 secs] 
2844.914: [GC (Allocation Failure) [PSYoungGen: 70621K->1565K(71168K)] 433440K->364384K(627712K), 0.0015607 secs] [Times: user=0.01 sys=0.00, real=0.00 secs] 
2845.316: [GC (Allocation Failure) [PSYoungGen: 70685K->1565K(71168K)] 433504K->364384K(627712K), 0.0015499 secs] [Times: user=0.01 sys=0.00, real=0.00 secs] 
2845.719: [GC (Allocation Failure) [PSYoungGen: 70685K->1565K(71168K)] 433504K->364384K(627712K), 0.0015658 secs] [Times: user=0.00 sys=0.00, real=0.00 secs] 
2846.065: [GC (Allocation Failure) [PSYoungGen: 70685K->1440K(71168K)] 433504K->364267K(627712K), 0.0018545 secs] [Times: user=0.01 sys=0.00, real=0.00 secs] 
2846.551: [GC (Allocation Failure) [PSYoungGen: 70560K->1360K(71168K)] 433387K->364187K(627712K), 0.0017947 secs] [Times: user=0.01 sys=0.00, real=0.00 secs] 
2847.130: [GC (Allocation Failure) [PSYoungGen: 70480K->1376K(71168K)] 433307K->364203K(627712K), 0.0029920 secs] [Times: user=0.02 sys=0.00, real=0.00 secs] 
2847.716: [GC (Allocation Failure) [PSYoungGen: 70496K->1376K(71168K)] 433323K->364203K(627712K), 0.0024003 secs] [Times: user=0.01 sys=0.00, real=0.00 secs] 
2848.286: [GC (Allocation Failure) [PSYoungGen: 70494K->1437K(71168K)] 433321K->364288K(627712K), 0.0015848 secs] [Times: user=0.00 sys=0.00, real=0.00 secs] 
2848.690: [GC (Allocation Failure) [PSYoungGen: 70557K->1533K(71168K)] 433408K->364384K(627712K), 0.0016974 secs] [Times: user=0.01 sys=0.00, real=0.00 secs] 
2849.093: [GC (Allocation Failure) [PSYoungGen: 70653K->1469K(71168K)] 433504K->364320K(627712K), 0.0016422 secs] [Times: user=0.00 sys=0.00, real=0.00 secs] 
2849.492: [GC (Allocation Failure) [PSYoungGen: 70589K->1520K(71168K)] 433440K->364371K(627712K), 0.0018105 secs] [Times: user=0.01 sys=0.00, real=0.00 secs] 
2849.780: [GC (Allocation Failure) [PSYoungGen: 70640K->1312K(71168K)] 433491K->364163K(627712K), 0.0016927 secs] [Times: user=0.00 sys=0.01, real=0.00 secs] 
2850.066: [GC (Allocation Failure) [PSYoungGen: 70432K->1344K(71168K)] 433283K->364195K(627712K), 0.0015117 secs] [Times: user=0.01 sys=0.00, real=0.00 secs] 
2850.352: [GC (Allocation Failure) [PSYoungGen: 70464K->1376K(71168K)] 433315K->364227K(627712K), 0.0015961 secs] [Times: user=0.00 sys=0.00, real=0.00 secs] 
2850.668: [GC (Allocation Failure) [PSYoungGen: 70496K->1453K(71168K)] 433347K->364304K(627712K), 0.0015624 secs] [Times: user=0.01 sys=0.00, real=0.01 secs] 
2851.078: [GC (Allocation Failure) [PSYoungGen: 70573K->1501K(71168K)] 433424K->364352K(627712K), 0.0016655 secs] [Times: user=0.01 sys=0.00, real=0.01 secs] 
2851.479: [GC (Allocation Failure) [PSYoungGen: 70621K->1533K(71168K)] 433472K->364384K(627712K), 0.0015935 secs] [Times: user=0.01 sys=0.00, real=0.00 secs] 
2851.885: [GC (Allocation Failure) [PSYoungGen: 70653K->1565K(71168K)] 433504K->364416K(627712K), 0.0016620 secs] [Times: user=0.01 sys=0.00, real=0.00 secs] 
2852.565: [GC (Allocation Failure) [PSYoungGen: 70685K->1424K(71168K)] 433536K->364275K(627712K), 0.0024128 secs] [Times: user=0.01 sys=0.00, real=0.00 secs] 
2853.141: [GC (Allocation Failure) [PSYoungGen: 70544K->1376K(71168K)] 433395K->364227K(627712K), 0.0022493 secs] [Times: user=0.01 sys=0.00, real=0.00 secs] 
2853.769: [GC (Allocation Failure) [PSYoungGen: 70496K->1376K(71168K)] 433347K->364227K(627712K), 0.0022299 secs] [Times: user=0.01 sys=0.00, real=0.00 secs] 
2854.415: [GC (Allocation Failure) [PSYoungGen: 70496K->1344K(71168K)] 433347K->364195K(627712K), 0.0024248 secs] [Times: user=0.01 sys=0.00, real=0.00 secs] 
2854.979: [GC (Allocation Failure) [PSYoungGen: 70464K->1501K(71168K)] 433315K->364352K(627712K), 0.0015515 secs] [Times: user=0.01 sys=0.00, real=0.00 secs] 
2855.376: [GC (GCLocker Initiated GC) [PSYoungGen: 70621K->1533K(71168K)] 433472K->364384K(627712K), 0.0016313 secs] [Times: user=0.01 sys=0.00, real=0.00 secs] 
2855.783: [GC (Allocation Failure) [PSYoungGen: 70653K->1549K(71168K)] 433730K->364626K(627712K), 0.0016338 secs] [Times: user=0.01 sys=0.00, real=0.00 secs] 
2856.187: [GC (Allocation Failure) [PSYoungGen: 70669K->1565K(71168K)] 433746K->364658K(627712K), 0.0016067 secs] [Times: user=0.01 sys=0.00, real=0.00 secs] 
2856.574: [GC (Allocation Failure) [PSYoungGen: 70685K->1488K(71168K)] 433778K->364581K(627712K), 0.0019004 secs] [Times: user=0.01 sys=0.00, real=0.00 secs] 
2857.213: [GC (Allocation Failure) [PSYoungGen: 70608K->1504K(71168K)] 433701K->364597K(627712K), 0.0035173 secs] [Times: user=0.02 sys=0.00, real=0.00 secs] 
2857.965: [GC (Allocation Failure) [PSYoungGen: 70624K->1504K(71168K)] 433717K->364613K(627712K), 0.0028823 secs] [Times: user=0.02 sys=0.00, real=0.00 secs] 
2858.678: [GC (Allocation Failure) [PSYoungGen: 70624K->1472K(71168K)] 433733K->364581K(627712K), 0.0029166 secs] [Times: user=0.01 sys=0.00, real=0.01 secs] 
2859.299: [GC (Allocation Failure) [PSYoungGen: 70592K->1552K(71168K)] 433701K->364661K(627712K), 0.0015993 secs] [Times: user=0.00 sys=0.00, real=0.00 secs] 
2859.701: [GC (Allocation Failure) [PSYoungGen: 70672K->1565K(71168K)] 433781K->364674K(627712K), 0.0016895 secs] [Times: user=0.01 sys=0.00, real=0.00 secs] 
2860.105: [GC (Allocation Failure) [PSYoungGen: 70685K->1661K(71168K)] 433794K->364770K(627712K), 0.0016809 secs] [Times: user=0.01 sys=0.00, real=0.00 secs] 
2860.522: [GC (Allocation Failure) [PSYoungGen: 70781K->1504K(71168K)] 433890K->364621K(627712K), 0.0016604 secs] [Times: user=0.00 sys=0.00, real=0.00 secs] 
2860.900: [GC (Allocation Failure) [PSYoungGen: 70624K->1472K(71168K)] 433741K->364589K(627712K), 0.0017489 secs] [Times: user=0.01 sys=0.01, real=0.00 secs] 
2861.484: [GC (Allocation Failure) [PSYoungGen: 70592K->1472K(71168K)] 433709K->364589K(627712K), 0.0018666 secs] [Times: user=0.01 sys=0.00, real=0.00 secs] 
2862.054: [GC (Allocation Failure) [PSYoungGen: 70592K->1424K(71168K)] 433709K->364541K(627712K), 0.0034079 secs] [Times: user=0.01 sys=0.00, real=0.00 secs] 
2862.734: [GC (Allocation Failure) [PSYoungGen: 70544K->1485K(71168K)] 433661K->364642K(627712K), 0.0018645 secs] [Times: user=0.01 sys=0.00, real=0.00 secs] 
2863.208: [GC (Allocation Failure) [PSYoungGen: 70605K->1565K(71168K)] 433762K->364722K(627712K), 0.0017298 secs] [Times: user=0.01 sys=0.00, real=0.01 secs] 
2863.610: [GC (Allocation Failure) [PSYoungGen: 70685K->1501K(71168K)] 433842K->364706K(627712K), 0.0016068 secs] [Times: user=0.01 sys=0.00, real=0.00 secs] 
2864.013: [GC (Allocation Failure) [PSYoungGen: 70621K->1501K(71168K)] 433826K->364706K(627712K), 0.0016181 secs] [Times: user=0.01 sys=0.00, real=0.00 secs] 
2864.700: [GC (Allocation Failure) [PSYoungGen: 70621K->1408K(71168K)] 433826K->364621K(627712K), 0.0039455 secs] [Times: user=0.01 sys=0.00, real=0.00 secs] 
2865.717: [GC (Allocation Failure) [PSYoungGen: 70528K->1376K(71168K)] 433741K->364589K(627712K), 0.0034743 secs] [Times: user=0.01 sys=0.00, real=0.01 secs] 
2866.486: [GC (Allocation Failure) [PSYoungGen: 70496K->1408K(71168K)] 433709K->364621K(627712K), 0.0029296 secs] [Times: user=0.01 sys=0.00, real=0.00 secs] 
2867.239: [GC (Allocation Failure) [PSYoungGen: 70528K->1344K(71168K)] 433741K->364557K(627712K), 0.0027548 secs] [Times: user=0.01 sys=0.00, real=0.00 secs] 
2867.865: [GC (Allocation Failure) [PSYoungGen: 70464K->1501K(71168K)] 433677K->364714K(627712K), 0.0016594 secs] [Times: user=0.01 sys=0.00, real=0.00 secs] 
2868.269: [GC (Allocation Failure) [PSYoungGen: 70621K->1533K(71168K)] 433834K->364746K(627712K), 0.0017023 secs] [Times: user=0.01 sys=0.00, real=0.01 secs] 
2868.671: [GC (Allocation Failure) [PSYoungGen: 70653K->1552K(71168K)] 433866K->364765K(627712K), 0.0017573 secs] [Times: user=0.01 sys=0.00, real=0.00 secs] 
2869.091: [GC (Allocation Failure) [PSYoungGen: 70672K->1456K(71168K)] 433885K->364693K(627712K), 0.0019073 secs] [Times: user=0.00 sys=0.00, real=0.00 secs] 
2869.449: [GC (Allocation Failure) [PSYoungGen: 70576K->1312K(71168K)] 433813K->364549K(627712K), 0.0019189 secs] [Times: user=0.00 sys=0.00, real=0.00 secs] 
2869.838: [GC (Allocation Failure) [PSYoungGen: 70432K->1344K(71168K)] 433669K->364581K(627712K), 0.0020401 secs] [Times: user=0.01 sys=0.00, real=0.01 secs] 
2870.383: [GC (Allocation Failure) [PSYoungGen: 70464K->1408K(71168K)] 433701K->364645K(627712K), 0.0021568 secs] [Times: user=0.01 sys=0.00, real=0.00 secs] 
2870.727: [GC (Allocation Failure) [PSYoungGen: 70528K->1437K(71168K)] 433765K->364674K(627712K), 0.0018348 secs] [Times: user=0.01 sys=0.00, real=0.01 secs] 
2871.144: [GC (Allocation Failure) [PSYoungGen: 70557K->1533K(71168K)] 433794K->364770K(627712K), 0.0015177 secs] [Times: user=0.00 sys=0.00, real=0.00 secs] 
2871.550: [GC (Allocation Failure) [PSYoungGen: 70653K->1501K(71168K)] 433890K->364738K(627712K), 0.0015212 secs] [Times: user=0.01 sys=0.00, real=0.00 secs] 
2871.951: [GC (Allocation Failure) [PSYoungGen: 70621K->1533K(71168K)] 433858K->364770K(627712K), 0.0017257 secs] [Times: user=0.00 sys=0.00, real=0.00 secs] 
2872.542: [GC (Allocation Failure) [PSYoungGen: 70653K->1472K(71168K)] 433890K->364709K(627712K), 0.0019623 secs] [Times: user=0.01 sys=0.00, real=0.00 secs] 
2873.159: [GC (Allocation Failure) [PSYoungGen: 70592K->1344K(71168K)] 433829K->364581K(627712K), 0.0030462 secs] [Times: user=0.02 sys=0.00, real=0.00 secs] 
2873.601: [GC (Allocation Failure) [PSYoungGen: 70464K->1376K(71168K)] 433701K->364613K(627712K), 0.0020260 secs] [Times: user=0.01 sys=0.00, real=0.00 secs] 
2873.889: [GC (Allocation Failure) [PSYoungGen: 70496K->1344K(71168K)] 433733K->364581K(627712K), 0.0020573 secs] [Times: user=0.01 sys=0.00, real=0.00 secs] 
2874.262: [GC (Allocation Failure) [PSYoungGen: 70464K->1469K(71168K)] 433701K->364706K(627712K), 0.0016722 secs] [Times: user=0.01 sys=0.00, real=0.00 secs] 
2874.665: [GC (Allocation Failure) [PSYoungGen: 70589K->1549K(71168K)] 433826K->364786K(627712K), 0.0016834 secs] [Times: user=0.01 sys=0.00, real=0.00 secs] 
2875.067: [GC (Allocation Failure) [PSYoungGen: 70669K->1597K(71168K)] 433906K->364834K(627712K), 0.0016528 secs] [Times: user=0.01 sys=0.00, real=0.00 secs] 
2875.473: [GC (Allocation Failure) [PSYoungGen: 70717K->1501K(71168K)] 433954K->364754K(627712K), 0.0015585 secs] [Times: user=0.01 sys=0.00, real=0.00 secs] 
2875.807: [GC (Allocation Failure) [PSYoungGen: 70621K->1408K(71168K)] 433874K->364661K(627712K), 0.0018141 secs] [Times: user=0.01 sys=0.00, real=0.00 secs] 
2876.094: [GC (Allocation Failure) [PSYoungGen: 70528K->1376K(71168K)] 433781K->364629K(627712K), 0.0018727 secs] [Times: user=0.01 sys=0.00, real=0.00 secs] 
2876.381: [GC (Allocation Failure) [PSYoungGen: 70496K->1344K(71168K)] 433749K->364613K(627712K), 0.0017718 secs] [Times: user=0.01 sys=0.00, real=0.00 secs] 
2876.668: [GC (Allocation Failure) [PSYoungGen: 70464K->1376K(71168K)] 433733K->364645K(627712K), 0.0017439 secs] [Times: user=0.01 sys=0.00, real=0.01 secs] 
2877.266: [GC (Allocation Failure) [PSYoungGen: 70496K->1469K(71168K)] 433765K->364738K(627712K), 0.0016607 secs] [Times: user=0.01 sys=0.00, real=0.00 secs] 
2877.667: [GC (Allocation Failure) [PSYoungGen: 70589K->1488K(71168K)] 433858K->364757K(627712K), 0.0016934 secs] [Times: user=0.01 sys=0.00, real=0.01 secs] 
2878.070: [GC (Allocation Failure) [PSYoungGen: 70608K->1485K(71168K)] 433877K->364754K(627712K), 0.0016485 secs] [Times: user=0.00 sys=0.00, real=0.00 secs] 
2878.565: [GC (Allocation Failure) [PSYoungGen: 70605K->1488K(71168K)] 433874K->364757K(627712K), 0.0019562 secs] [Times: user=0.01 sys=0.00, real=0.00 secs] 
2879.230: [GC (Allocation Failure) [PSYoungGen: 70608K->1376K(71168K)] 433877K->364645K(627712K), 0.0042776 secs] [Times: user=0.01 sys=0.00, real=0.00 secs] 
2879.731: [GC (Allocation Failure) [PSYoungGen: 70496K->1360K(71168K)] 433765K->364629K(627712K), 0.0021002 secs] [Times: user=0.01 sys=0.00, real=0.00 secs] 
2880.090: [GC (Allocation Failure) [PSYoungGen: 70480K->1376K(71168K)] 433749K->364645K(627712K), 0.0019813 secs] [Times: user=0.01 sys=0.00, real=0.00 secs] 
2880.456: [GC (Allocation Failure) [PSYoungGen: 70496K->1437K(71168K)] 433765K->364706K(627712K), 0.0016458 secs] [Times: user=0.01 sys=0.00, real=0.00 secs] 
2880.889: [GC (Allocation Failure) [PSYoungGen: 70557K->1533K(71168K)] 433826K->364802K(627712K), 0.0016414 secs] [Times: user=0.00 sys=0.00, real=0.00 secs] 
2881.290: [GC (Allocation Failure) [PSYoungGen: 70653K->1533K(71168K)] 433922K->364802K(627712K), 0.0015778 secs] [Times: user=0.01 sys=0.00, real=0.00 secs] 
2881.762: [GC (Allocation Failure) [PSYoungGen: 70653K->1533K(71168K)] 433922K->364802K(627712K), 0.0016705 secs] [Times: user=0.01 sys=0.00, real=0.00 secs] 
2882.431: [GC (Allocation Failure) [PSYoungGen: 70653K->1408K(71168K)] 433922K->364677K(627712K), 0.0039729 secs] [Times: user=0.02 sys=0.00, real=0.00 secs] 
2883.103: [GC (Allocation Failure) [PSYoungGen: 70528K->1376K(71168K)] 433797K->364645K(627712K), 0.0027800 secs] [Times: user=0.02 sys=0.00, real=0.00 secs] 
2883.678: [GC (Allocation Failure) [PSYoungGen: 70496K->1344K(71168K)] 433765K->364613K(627712K), 0.0023358 secs] [Times: user=0.01 sys=0.00, real=0.01 secs] 
2884.206: [GC (Allocation Failure) [PSYoungGen: 70464K->1376K(71168K)] 433733K->364645K(627712K), 0.0024277 secs] [Times: user=0.01 sys=0.00, real=0.00 secs] 
2884.712: [GC (Allocation Failure) [PSYoungGen: 70496K->1501K(71168K)] 433765K->364770K(627712K), 0.0015573 secs] [Times: user=0.01 sys=0.00, real=0.00 secs] 
2885.116: [GC (Allocation Failure) [PSYoungGen: 70621K->1501K(71168K)] 433890K->364770K(627712K), 0.0017469 secs] [Times: user=0.01 sys=0.00, real=0.00 secs] 
2885.519: [GC (Allocation Failure) [PSYoungGen: 70621K->1488K(71168K)] 433890K->364757K(627712K), 0.0017425 secs] [Times: user=0.00 sys=0.00, real=0.01 secs] 
2886.053: [GC (Allocation Failure) [PSYoungGen: 70608K->1504K(71168K)] 433877K->364773K(627712K), 0.0018386 secs] [Times: user=0.01 sys=0.00, real=0.00 secs] 
2886.654: [GC (Allocation Failure) [PSYoungGen: 70624K->1376K(71168K)] 433893K->364645K(627712K), 0.0016774 secs] [Times: user=0.01 sys=0.00, real=0.00 secs] 
2886.984: [GC (Allocation Failure) [PSYoungGen: 70496K->1376K(71168K)] 433765K->364645K(627712K), 0.0017820 secs] [Times: user=0.00 sys=0.00, real=0.00 secs] 
2887.278: [GC (Allocation Failure) [PSYoungGen: 70496K->1344K(71168K)] 433765K->364613K(627712K), 0.0017534 secs] [Times: user=0.01 sys=0.00, real=0.01 secs] 
2887.746: [GC (Allocation Failure) [PSYoungGen: 70464K->1469K(71168K)] 433733K->364770K(627712K), 0.0019194 secs] [Times: user=0.01 sys=0.00, real=0.00 secs] 
2888.245: [GC (Allocation Failure) [PSYoungGen: 70589K->1549K(71168K)] 433890K->364850K(627712K), 0.0016747 secs] [Times: user=0.01 sys=0.00, real=0.00 secs] 
2888.648: [GC (Allocation Failure) [PSYoungGen: 70669K->1469K(71168K)] 433970K->364770K(627712K), 0.0018708 secs] [Times: user=0.01 sys=0.00, real=0.01 secs] 
2889.049: [GC (Allocation Failure) [PSYoungGen: 70589K->1533K(71168K)] 433890K->364834K(627712K), 0.0015926 secs] [Times: user=0.01 sys=0.00, real=0.00 secs] 
2890.112: [GC (Allocation Failure) [PSYoungGen: 70653K->1424K(71168K)] 433954K->364725K(627712K), 0.0037006 secs] [Times: user=0.01 sys=0.00, real=0.00 secs] 
2891.012: [GC (Allocation Failure) [PSYoungGen: 70544K->1408K(71168K)] 433845K->364709K(627712K), 0.0033420 secs] [Times: user=0.01 sys=0.00, real=0.00 secs] 
2891.855: [GC (Allocation Failure) [PSYoungGen: 70528K->1408K(71168K)] 433829K->364709K(627712K), 0.0028207 secs] [Times: user=0.01 sys=0.00, real=0.00 secs] 
2892.572: [GC (Allocation Failure) [PSYoungGen: 70528K->1408K(71168K)] 433829K->364709K(627712K), 0.0027765 secs] [Times: user=0.01 sys=0.00, real=0.00 secs] 
2893.154: [GC (Allocation Failure) [PSYoungGen: 70528K->1501K(71168K)] 433829K->364802K(627712K), 0.0016641 secs] [Times: user=0.00 sys=0.00, real=0.00 secs] 
2893.555: [GC (Allocation Failure) [PSYoungGen: 70621K->1597K(71168K)] 433922K->364898K(627712K), 0.0015999 secs] [Times: user=0.01 sys=0.00, real=0.00 secs] 
2893.957: [GC (Allocation Failure) [PSYoungGen: 70717K->1533K(71168K)] 434018K->364834K(627712K), 0.0016215 secs] [Times: user=0.01 sys=0.01, real=0.01 secs] 
2894.361: [GC (Allocation Failure) [PSYoungGen: 70653K->1629K(71168K)] 433954K->364946K(627712K), 0.0016786 secs] [Times: user=0.01 sys=0.00, real=0.00 secs] 
2895.195: [GC (Allocation Failure) [PSYoungGen: 70749K->1408K(71168K)] 434066K->364725K(627712K), 0.0021881 secs] [Times: user=0.01 sys=0.00, real=0.00 secs] 
2895.985: [GC (Allocation Failure) [PSYoungGen: 70528K->1344K(71168K)] 433845K->364661K(627712K), 0.0040549 secs] [Times: user=0.02 sys=0.00, real=0.01 secs] 
2896.753: [GC (Allocation Failure) [PSYoungGen: 70464K->1376K(71168K)] 433781K->364693K(627712K), 0.0029988 secs] [Times: user=0.01 sys=0.00, real=0.00 secs] 
2897.338: [GC (Allocation Failure) [PSYoungGen: 70496K->1376K(71168K)] 433813K->364701K(627712K), 0.0024851 secs] [Times: user=0.01 sys=0.00, real=0.01 secs] 
2897.817: [GC (Allocation Failure) [PSYoungGen: 70496K->1552K(71168K)] 433821K->364877K(627712K), 0.0016150 secs] [Times: user=0.01 sys=0.00, real=0.01 secs] 
2898.222: [GC (Allocation Failure) [PSYoungGen: 70672K->1501K(71168K)] 433997K->364826K(627712K), 0.0015653 secs] [Times: user=0.00 sys=0.00, real=0.00 secs] 
2898.624: [GC (Allocation Failure) [PSYoungGen: 70621K->1533K(71168K)] 433946K->364858K(627712K), 0.0016479 secs] [Times: user=0.01 sys=0.00, real=0.00 secs] 
2899.109: [GC (Allocation Failure) [PSYoungGen: 70653K->1456K(71168K)] 433978K->364789K(627712K), 0.0017942 secs] [Times: user=0.01 sys=0.00, real=0.00 secs] 
2899.853: [GC (Allocation Failure) [PSYoungGen: 70576K->1328K(71168K)] 433909K->364677K(627712K), 0.0020236 secs] [Times: user=0.01 sys=0.00, real=0.00 secs] 
2900.593: [GC (Allocation Failure) [PSYoungGen: 70448K->1344K(71168K)] 433797K->364693K(627712K), 0.0022898 secs] [Times: user=0.01 sys=0.00, real=0.00 secs] 
2901.159: [GC (Allocation Failure) [PSYoungGen: 70464K->1344K(71168K)] 433813K->364693K(627712K), 0.0022182 secs] [Times: user=0.01 sys=0.00, real=0.00 secs] 
2901.881: [GC (Allocation Failure) [PSYoungGen: 70464K->1469K(71168K)] 433813K->364818K(627712K), 0.0029102 secs] [Times: user=0.02 sys=0.00, real=0.00 secs] 
2902.293: [GC (Allocation Failure) [PSYoungGen: 70589K->1520K(71168K)] 433938K->364869K(627712K), 0.0016560 secs] [Times: user=0.00 sys=0.00, real=0.00 secs] 
2902.696: [GC (Allocation Failure) [PSYoungGen: 70640K->1501K(71168K)] 433989K->364850K(627712K), 0.0016756 secs] [Times: user=0.01 sys=0.00, real=0.00 secs] 
2903.100: [GC (Allocation Failure) [PSYoungGen: 70621K->1533K(71168K)] 433970K->364882K(627712K), 0.0015738 secs] [Times: user=0.00 sys=0.00, real=0.00 secs] 
2903.754: [GC (Allocation Failure) [PSYoungGen: 70653K->1440K(71168K)] 434002K->364797K(627712K), 0.0023020 secs] [Times: user=0.01 sys=0.00, real=0.00 secs] 
2904.319: [GC (Allocation Failure) [PSYoungGen: 70560K->1408K(71168K)] 433917K->364765K(627712K), 0.0021413 secs] [Times: user=0.01 sys=0.00, real=0.00 secs] 
2905.076: [GC (Allocation Failure) [PSYoungGen: 70528K->1376K(71168K)] 433885K->364733K(627712K), 0.0026282 secs] [Times: user=0.01 sys=0.00, real=0.01 secs] 
2905.770: [GC (Allocation Failure) [PSYoungGen: 70496K->1328K(71168K)] 433853K->364685K(627712K), 0.0027436 secs] [Times: user=0.01 sys=0.00, real=0.00 secs] 
2906.361: [GC (Allocation Failure) [PSYoungGen: 70448K->1501K(71168K)] 433805K->364858K(627712K), 0.0017103 secs] [Times: user=0.00 sys=0.00, real=0.00 secs] 
2906.761: [GC (Allocation Failure) [PSYoungGen: 70594K->1565K(71168K)] 433951K->364922K(627712K), 0.0017284 secs] [Times: user=0.00 sys=0.00, real=0.00 secs] 
2907.166: [GC (Allocation Failure) [PSYoungGen: 70685K->1533K(71168K)] 434042K->364890K(627712K), 0.0016307 secs] [Times: user=0.01 sys=0.00, real=0.00 secs] 
2907.578: [GC (Allocation Failure) [PSYoungGen: 70653K->2016K(71168K)] 434010K->365885K(627712K), 0.0020915 secs] [Times: user=0.01 sys=0.00, real=0.01 secs] 
2907.897: [GC (Allocation Failure) [PSYoungGen: 71136K->1408K(71168K)] 435005K->365277K(627712K), 0.0021375 secs] [Times: user=0.01 sys=0.00, real=0.01 secs] 
2908.203: [GC (Allocation Failure) [PSYoungGen: 70528K->1344K(71168K)] 434397K->365237K(627712K), 0.0020386 secs] [Times: user=0.01 sys=0.00, real=0.00 secs] 
2908.694: [GC (Allocation Failure) [PSYoungGen: 70464K->1376K(71168K)] 434357K->365269K(627712K), 0.0026687 secs] [Times: user=0.01 sys=0.00, real=0.00 secs] 
2909.221: [GC (Allocation Failure) [PSYoungGen: 70496K->1437K(71168K)] 434389K->365330K(627712K), 0.0019225 secs] [Times: user=0.01 sys=0.00, real=0.00 secs] 
2909.647: [GC (Allocation Failure) [PSYoungGen: 70557K->1533K(71168K)] 434450K->365426K(627712K), 0.0015647 secs] [Times: user=0.01 sys=0.00, real=0.00 secs] 
2910.048: [GC (Allocation Failure) [PSYoungGen: 70653K->1549K(71168K)] 434546K->365442K(627712K), 0.0016535 secs] [Times: user=0.01 sys=0.00, real=0.01 secs] 
2910.451: [GC (Allocation Failure) [PSYoungGen: 70669K->1501K(71168K)] 434562K->365394K(627712K), 0.0016201 secs] [Times: user=0.01 sys=0.00, real=0.00 secs] 
2910.834: [GC (Allocation Failure) [PSYoungGen: 70621K->1472K(71168K)] 434514K->365373K(627712K), 0.0018453 secs] [Times: user=0.01 sys=0.00, real=0.00 secs] 
2911.121: [GC (Allocation Failure) [PSYoungGen: 70592K->1344K(71168K)] 434493K->365245K(627712K), 0.0018540 secs] [Times: user=0.01 sys=0.00, real=0.00 secs] 
2911.408: [GC (Allocation Failure) [PSYoungGen: 70464K->1376K(71168K)] 434365K->365277K(627712K), 0.0018225 secs] [Times: user=0.01 sys=0.00, real=0.01 secs] 
2911.695: [GC (Allocation Failure) [PSYoungGen: 70496K->1376K(71168K)] 434397K->365277K(627712K), 0.0017664 secs] [Times: user=0.00 sys=0.00, real=0.00 secs] 
2912.092: [GC (Allocation Failure) [PSYoungGen: 70485K->1504K(71168K)] 434386K->365405K(627712K), 0.0057092 secs] [Times: user=0.03 sys=0.00, real=0.00 secs] 
2912.509: [GC (Allocation Failure) [PSYoungGen: 70624K->1501K(71168K)] 434525K->365402K(627712K), 0.0015782 secs] [Times: user=0.00 sys=0.00, real=0.00 secs] 
2912.911: [GC (Allocation Failure) [PSYoungGen: 70621K->1597K(71168K)] 434522K->365498K(627712K), 0.0017001 secs] [Times: user=0.01 sys=0.00, real=0.00 secs] 
2913.313: [GC (Allocation Failure) [PSYoungGen: 70717K->1533K(71168K)] 434618K->365442K(627712K), 0.0016624 secs] [Times: user=0.01 sys=0.00, real=0.00 secs] 
2915.030: [GC (Allocation Failure) [PSYoungGen: 70653K->1408K(71168K)] 434562K->365317K(627712K), 0.0029702 secs] [Times: user=0.01 sys=0.00, real=0.00 secs] 
2915.545: [GC (Allocation Failure) [PSYoungGen: 70528K->1344K(71168K)] 434437K->365253K(627712K), 0.0022833 secs] [Times: user=0.00 sys=0.00, real=0.00 secs] 
2915.872: [GC (Allocation Failure) [PSYoungGen: 70464K->1376K(71168K)] 434373K->365285K(627712K), 0.0019409 secs] [Times: user=0.01 sys=0.00, real=0.00 secs] 
2916.159: [GC (Allocation Failure) [PSYoungGen: 70496K->1344K(71168K)] 434405K->365253K(627712K), 0.0018765 secs] [Times: user=0.00 sys=0.00, real=0.00 secs] 
2916.572: [GC (Allocation Failure) [PSYoungGen: 70464K->1565K(71168K)] 434373K->365474K(627712K), 0.0015877 secs] [Times: user=0.01 sys=0.00, real=0.00 secs] 
2916.975: [GC (Allocation Failure) [PSYoungGen: 70685K->1533K(71168K)] 434594K->365442K(627712K), 0.0016443 secs] [Times: user=0.01 sys=0.00, real=0.00 secs] 
2917.377: [GC (Allocation Failure) [PSYoungGen: 70653K->1552K(71168K)] 434562K->365485K(627712K), 0.0016438 secs] [Times: user=0.01 sys=0.00, real=0.00 secs] 
2917.907: [GC (Allocation Failure) [PSYoungGen: 70672K->1456K(71168K)] 434605K->365389K(627712K), 0.0018896 secs] [Times: user=0.01 sys=0.00, real=0.01 secs] 
2918.543: [GC (Allocation Failure) [PSYoungGen: 70576K->1344K(71168K)] 434509K->365277K(627712K), 0.0029473 secs] [Times: user=0.02 sys=0.00, real=0.00 secs] 
2918.988: [GC (Allocation Failure) [PSYoungGen: 70464K->1344K(71168K)] 434397K->365277K(627712K), 0.0020760 secs] [Times: user=0.01 sys=0.00, real=0.01 secs] 
2919.321: [GC (Allocation Failure) [PSYoungGen: 70464K->1344K(71168K)] 434397K->365277K(627712K), 0.0018115 secs] [Times: user=0.01 sys=0.00, real=0.00 secs] 
2920.004: [GC (Allocation Failure) [PSYoungGen: 70464K->1392K(71168K)] 434397K->365325K(627712K), 0.0015453 secs] [Times: user=0.00 sys=0.00, real=0.00 secs] 
2920.406: [GC (Allocation Failure) [PSYoungGen: 70512K->1597K(71168K)] 434445K->365530K(627712K), 0.0016657 secs] [Times: user=0.00 sys=0.00, real=0.00 secs] 
2920.808: [GC (Allocation Failure) [PSYoungGen: 70717K->1520K(71168K)] 434650K->365453K(627712K), 0.0016986 secs] [Times: user=0.01 sys=0.00, real=0.01 secs] 
2921.210: [GC (Allocation Failure) [PSYoungGen: 70640K->1533K(71168K)] 434573K->365466K(627712K), 0.0016638 secs] [Times: user=0.00 sys=0.00, real=0.00 secs] 
2921.569: [GC (Allocation Failure) [PSYoungGen: 70653K->1376K(71168K)] 434586K->365309K(627712K), 0.0018468 secs] [Times: user=0.01 sys=0.00, real=0.00 secs] 
2921.856: [GC (Allocation Failure) [PSYoungGen: 70496K->1344K(71168K)] 434429K->365277K(627712K), 0.0017524 secs] [Times: user=0.01 sys=0.00, real=0.00 secs] 
2922.143: [GC (Allocation Failure) [PSYoungGen: 70464K->1376K(71168K)] 434397K->365309K(627712K), 0.0018216 secs] [Times: user=0.00 sys=0.00, real=0.00 secs] 
2922.516: [GC (Allocation Failure) [PSYoungGen: 70496K->1376K(71168K)] 434429K->365309K(627712K), 0.0020117 secs] [Times: user=0.00 sys=0.01, real=0.00 secs] 
2922.950: [GC (Allocation Failure) [PSYoungGen: 70496K->1501K(71168K)] 434429K->365434K(627712K), 0.0015854 secs] [Times: user=0.01 sys=0.00, real=0.00 secs] 
2923.351: [GC (Allocation Failure) [PSYoungGen: 70612K->1565K(71168K)] 434545K->365498K(627712K), 0.0016495 secs] [Times: user=0.01 sys=0.00, real=0.00 secs] 
2923.753: [GC (Allocation Failure) [PSYoungGen: 70685K->1533K(71168K)] 434618K->365466K(627712K), 0.0015951 secs] [Times: user=0.01 sys=0.00, real=0.00 secs] 
2924.144: [GC (Allocation Failure) [PSYoungGen: 70653K->1504K(71168K)] 434586K->365437K(627712K), 0.0016103 secs] [Times: user=0.00 sys=0.00, real=0.00 secs] 
2924.546: [GC (Allocation Failure) [PSYoungGen: 70624K->1376K(71168K)] 434557K->365309K(627712K), 0.0018152 secs] [Times: user=0.01 sys=0.00, real=0.00 secs] 
2924.839: [GC (Allocation Failure) [PSYoungGen: 70496K->1360K(71168K)] 434429K->365293K(627712K), 0.0018233 secs] [Times: user=0.01 sys=0.00, real=0.00 secs] 
2925.138: [GC (Allocation Failure) [PSYoungGen: 70480K->1376K(71168K)] 434413K->365309K(627712K), 0.0018244 secs] [Times: user=0.01 sys=0.00, real=0.01 secs] 
2925.526: [GC (Allocation Failure) [PSYoungGen: 70496K->1469K(71168K)] 434429K->365402K(627712K), 0.0015735 secs] [Times: user=0.01 sys=0.00, real=0.00 secs] 
2925.930: [GC (Allocation Failure) [PSYoungGen: 70589K->1501K(71168K)] 434522K->365450K(627712K), 0.0015651 secs] [Times: user=0.01 sys=0.00, real=0.00 secs] 
2926.337: [GC (Allocation Failure) [PSYoungGen: 70621K->1533K(71168K)] 434570K->365482K(627712K), 0.0015660 secs] [Times: user=0.01 sys=0.00, real=0.00 secs] 
2926.740: [GC (Allocation Failure) [PSYoungGen: 70653K->1501K(71168K)] 434602K->365450K(627712K), 0.0016918 secs] [Times: user=0.00 sys=0.00, real=0.00 secs] 
2928.192: [GC (Allocation Failure) [PSYoungGen: 70621K->1424K(71168K)] 434570K->365373K(627712K), 0.0042113 secs] [Times: user=0.01 sys=0.00, real=0.00 secs] 
2928.806: [GC (Allocation Failure) [PSYoungGen: 70544K->1408K(71168K)] 434493K->365357K(627712K), 0.0023758 secs] [Times: user=0.01 sys=0.00, real=0.01 secs] 
2929.253: [GC (Allocation Failure) [PSYoungGen: 70528K->1344K(71168K)] 434477K->365293K(627712K), 0.0020420 secs] [Times: user=0.01 sys=0.01, real=0.00 secs] 
2930.006: [GC (Allocation Failure) [PSYoungGen: 70464K->1344K(71168K)] 434413K->365293K(627712K), 0.0042870 secs] [Times: user=0.02 sys=0.00, real=0.01 secs] 
2930.865: [GC (Allocation Failure) [PSYoungGen: 70464K->1485K(71168K)] 434413K->365434K(627712K), 0.0015988 secs] [Times: user=0.01 sys=0.00, real=0.00 secs] 
2931.267: [GC (Allocation Failure) [PSYoungGen: 70605K->1533K(71168K)] 434554K->365482K(627712K), 0.0016463 secs] [Times: user=0.01 sys=0.00, real=0.00 secs] 
2931.672: [GC (Allocation Failure) [PSYoungGen: 70653K->1501K(71168K)] 434602K->365450K(627712K), 0.0016196 secs] [Times: user=0.00 sys=0.00, real=0.00 secs] 
2932.075: [GC (Allocation Failure) [PSYoungGen: 70621K->1565K(71168K)] 434570K->365522K(627712K), 0.0016352 secs] [Times: user=0.01 sys=0.00, real=0.00 secs] 
2932.374: [GC (Allocation Failure) [PSYoungGen: 70685K->1376K(71168K)] 434642K->365333K(627712K), 0.0015614 secs] [Times: user=0.00 sys=0.00, real=0.00 secs] 
2932.661: [GC (Allocation Failure) [PSYoungGen: 70496K->1408K(71168K)] 434453K->365365K(627712K), 0.0024747 secs] [Times: user=0.01 sys=0.00, real=0.00 secs] 
2933.171: [GC (Allocation Failure) [PSYoungGen: 70528K->1344K(71168K)] 434485K->365301K(627712K), 0.0020947 secs] [Times: user=0.01 sys=0.00, real=0.00 secs] 
2934.111: [GC (Allocation Failure) [PSYoungGen: 70464K->1344K(71168K)] 434421K->365301K(627712K), 0.0037677 secs] [Times: user=0.01 sys=0.00, real=0.00 secs] 
2934.820: [GC (Allocation Failure) [PSYoungGen: 70435K->1501K(71168K)] 434392K->365458K(627712K), 0.0015755 secs] [Times: user=0.01 sys=0.00, real=0.00 secs] 
2935.223: [GC (Allocation Failure) [PSYoungGen: 70621K->1581K(71168K)] 434578K->365538K(627712K), 0.0016203 secs] [Times: user=0.01 sys=0.00, real=0.00 secs] 
2935.627: [GC (Allocation Failure) [PSYoungGen: 70701K->1501K(71168K)] 434658K->365458K(627712K), 0.0015867 secs] [Times: user=0.00 sys=0.00, real=0.00 secs] 
2936.094: [GC (Allocation Failure) [PSYoungGen: 70621K->1456K(71168K)] 434578K->365421K(627712K), 0.0017836 secs] [Times: user=0.01 sys=0.00, real=0.00 secs] 
2936.393: [GC (Allocation Failure) [PSYoungGen: 70576K->1344K(71168K)] 434541K->365309K(627712K), 0.0017478 secs] [Times: user=0.01 sys=0.00, real=0.00 secs] 
2936.771: [GC (Allocation Failure) [PSYoungGen: 70464K->1376K(71168K)] 434429K->365341K(627712K), 0.0024033 secs] [Times: user=0.01 sys=0.00, real=0.00 secs] 
2937.144: [GC (Allocation Failure) [PSYoungGen: 70496K->1376K(71168K)] 434461K->365341K(627712K), 0.0025551 secs] [Times: user=0.01 sys=0.00, real=0.00 secs] 
2937.713: [GC (Allocation Failure) [PSYoungGen: 70496K->1424K(71168K)] 434461K->365413K(627712K), 0.0016647 secs] [Times: user=0.01 sys=0.00, real=0.00 secs] 
2938.115: [GC (Allocation Failure) [PSYoungGen: 70544K->1533K(71168K)] 434533K->365522K(627712K), 0.0016448 secs] [Times: user=0.00 sys=0.00, real=0.00 secs] 
2938.517: [GC (Allocation Failure) [PSYoungGen: 70653K->1565K(71168K)] 434642K->365554K(627712K), 0.0016585 secs] [Times: user=0.01 sys=0.00, real=0.00 secs] 
2938.920: [GC (Allocation Failure) [PSYoungGen: 70685K->1501K(71168K)] 434674K->365490K(627712K), 0.0016626 secs] [Times: user=0.01 sys=0.00, real=0.00 secs] 
2939.701: [GC (Allocation Failure) [PSYoungGen: 70621K->1408K(71168K)] 434610K->365397K(627712K), 0.0028301 secs] [Times: user=0.01 sys=0.00, real=0.00 secs] 
2940.235: [GC (Allocation Failure) [PSYoungGen: 70528K->1376K(71168K)] 434517K->365365K(627712K), 0.0026662 secs] [Times: user=0.01 sys=0.00, real=0.00 secs] 
2940.575: [GC (Allocation Failure) [PSYoungGen: 70496K->1376K(71168K)] 434485K->365365K(627712K), 0.0021172 secs] [Times: user=0.01 sys=0.00, real=0.00 secs] 
2940.896: [GC (Allocation Failure) [PSYoungGen: 70496K->1376K(71168K)] 434485K->365365K(627712K), 0.0020175 secs] [Times: user=0.01 sys=0.00, real=0.00 secs] 
2941.322: [GC (Allocation Failure) [PSYoungGen: 70496K->1469K(71168K)] 434485K->365458K(627712K), 0.0016639 secs] [Times: user=0.00 sys=0.00, real=0.00 secs] 
2941.722: [GC (Allocation Failure) [PSYoungGen: 70580K->1565K(71168K)] 434569K->365554K(627712K), 0.0016537 secs] [Times: user=0.01 sys=0.00, real=0.00 secs] 
2942.128: [GC (Allocation Failure) [PSYoungGen: 70685K->1597K(71168K)] 434674K->365586K(627712K), 0.0016625 secs] [Times: user=0.01 sys=0.00, real=0.01 secs] 
2943.596: [GC (Allocation Failure) [PSYoungGen: 70717K->1520K(71168K)] 434706K->365517K(627712K), 0.0044198 secs] [Times: user=0.01 sys=0.00, real=0.01 secs] 
2944.780: [GC (Allocation Failure) [PSYoungGen: 70640K->1376K(71168K)] 434637K->365373K(627712K), 0.0032202 secs] [Times: user=0.01 sys=0.00, real=0.00 secs] 
2945.239: [GC (Allocation Failure) [PSYoungGen: 70496K->1376K(71168K)] 434493K->365373K(627712K), 0.0022406 secs] [Times: user=0.01 sys=0.00, real=0.01 secs] 
2945.658: [GC (Allocation Failure) [PSYoungGen: 70496K->1376K(71168K)] 434493K->365373K(627712K), 0.0019389 secs] [Times: user=0.01 sys=0.00, real=0.01 secs] 
2946.265: [GC (Allocation Failure) [PSYoungGen: 70496K->1437K(71168K)] 434493K->365434K(627712K), 0.0032054 secs] [Times: user=0.01 sys=0.00, real=0.00 secs] 
2946.756: [GC (Allocation Failure) [PSYoungGen: 70557K->1533K(71168K)] 434554K->365530K(627712K), 0.0015880 secs] [Times: user=0.01 sys=0.00, real=0.00 secs] 
2947.157: [GC (Allocation Failure) [PSYoungGen: 70653K->1501K(71168K)] 434650K->365498K(627712K), 0.0017140 secs] [Times: user=0.01 sys=0.00, real=0.00 secs] 
2947.559: [GC (Allocation Failure) [PSYoungGen: 70621K->1533K(71168K)] 434618K->365530K(627712K), 0.0017372 secs] [Times: user=0.01 sys=0.00, real=0.00 secs] 
2947.912: [GC (Allocation Failure) [PSYoungGen: 70653K->1456K(71168K)] 434650K->365453K(627712K), 0.0022640 secs] [Times: user=0.01 sys=0.00, real=0.00 secs] 
2948.200: [GC (Allocation Failure) [PSYoungGen: 70576K->1408K(71168K)] 434573K->365421K(627712K), 0.0021054 secs] [Times: user=0.01 sys=0.00, real=0.00 secs] 
2948.487: [GC (Allocation Failure) [PSYoungGen: 70528K->1344K(71168K)] 434541K->365357K(627712K), 0.0020381 secs] [Times: user=0.01 sys=0.00, real=0.01 secs] 
2948.821: [GC (Allocation Failure) [PSYoungGen: 70464K->1344K(71168K)] 434477K->365357K(627712K), 0.0020322 secs] [Times: user=0.01 sys=0.00, real=0.00 secs] 
2949.275: [GC (Allocation Failure) [PSYoungGen: 70464K->1501K(71168K)] 434477K->365514K(627712K), 0.0016242 secs] [Times: user=0.01 sys=0.00, real=0.00 secs] 
2949.678: [GC (Allocation Failure) [PSYoungGen: 70621K->1520K(71168K)] 434634K->365533K(627712K), 0.0016332 secs] [Times: user=0.01 sys=0.00, real=0.01 secs] 
2950.082: [GC (Allocation Failure) [PSYoungGen: 70640K->1501K(71168K)] 434653K->365514K(627712K), 0.0016227 secs] [Times: user=0.01 sys=0.00, real=0.00 secs] 
2950.484: [GC (Allocation Failure) [PSYoungGen: 70621K->1520K(71168K)] 434634K->365557K(627712K), 0.0016338 secs] [Times: user=0.01 sys=0.00, real=0.00 secs] 
2951.110: [GC (Allocation Failure) [PSYoungGen: 70640K->1376K(71168K)] 434677K->365413K(627712K), 0.0021394 secs] [Times: user=0.01 sys=0.00, real=0.00 secs] 
2951.676: [GC (Allocation Failure) [PSYoungGen: 70496K->1376K(71168K)] 434533K->365413K(627712K), 0.0032999 secs] [Times: user=0.01 sys=0.00, real=0.01 secs] 
2952.149: [GC (Allocation Failure) [PSYoungGen: 70496K->1376K(71168K)] 434533K->365413K(627712K), 0.0024760 secs] [Times: user=0.01 sys=0.00, real=0.01 secs] 
2952.445: [GC (Allocation Failure) [PSYoungGen: 70496K->1392K(71168K)] 434533K->365429K(627712K), 0.0020646 secs] [Times: user=0.00 sys=0.00, real=0.00 secs] 
2952.876: [GC (Allocation Failure) [PSYoungGen: 70498K->1565K(71168K)] 434535K->365602K(627712K), 0.0015748 secs] [Times: user=0.01 sys=0.00, real=0.00 secs] 
2953.348: [GC (Allocation Failure) [PSYoungGen: 70685K->1533K(71168K)] 434722K->365570K(627712K), 0.0016169 secs] [Times: user=0.00 sys=0.00, real=0.01 secs] 
2953.762: [GC (Allocation Failure) [PSYoungGen: 70653K->1520K(71168K)] 434690K->365557K(627712K), 0.0016868 secs] [Times: user=0.01 sys=0.00, real=0.00 secs] 
2954.227: [GC (Allocation Failure) [PSYoungGen: 70640K->1424K(71168K)] 434677K->365461K(627712K), 0.0019178 secs] [Times: user=0.01 sys=0.00, real=0.01 secs] 
2954.671: [GC (Allocation Failure) [PSYoungGen: 70544K->1360K(71168K)] 434581K->365397K(627712K), 0.0017605 secs] [Times: user=0.01 sys=0.00, real=0.00 secs] 
2954.958: [GC (Allocation Failure) [PSYoungGen: 70480K->1376K(71168K)] 434517K->365413K(627712K), 0.0017300 secs] [Times: user=0.00 sys=0.00, real=0.01 secs] 
2955.244: [GC (Allocation Failure) [PSYoungGen: 70496K->1328K(71168K)] 434533K->365365K(627712K), 0.0017223 secs] [Times: user=0.01 sys=0.00, real=0.00 secs] 
2955.583: [GC (Allocation Failure) [PSYoungGen: 70448K->1437K(71168K)] 434485K->365474K(627712K), 0.0014959 secs] [Times: user=0.01 sys=0.00, real=0.00 secs] 
2955.985: [GC (Allocation Failure) [PSYoungGen: 70557K->1597K(71168K)] 434594K->365634K(627712K), 0.0016332 secs] [Times: user=0.01 sys=0.00, real=0.00 secs] 
2956.391: [GC (Allocation Failure) [PSYoungGen: 70717K->1581K(71168K)] 434754K->365618K(627712K), 0.0016815 secs] [Times: user=0.01 sys=0.00, real=0.00 secs] 
2956.792: [GC (Allocation Failure) [PSYoungGen: 70701K->1568K(71168K)] 434738K->365629K(627712K), 0.0016446 secs] [Times: user=0.01 sys=0.00, real=0.00 secs] 
2957.455: [GC (Allocation Failure) [PSYoungGen: 70688K->1408K(71168K)] 434749K->365469K(627712K), 0.0022829 secs] [Times: user=0.01 sys=0.00, real=0.00 secs] 
2958.069: [GC (Allocation Failure) [PSYoungGen: 70528K->1376K(71168K)] 434589K->365437K(627712K), 0.0022447 secs] [Times: user=0.01 sys=0.00, real=0.00 secs] 
2958.682: [GC (Allocation Failure) [PSYoungGen: 70496K->1392K(71168K)] 434557K->365453K(627712K), 0.0021531 secs] [Times: user=0.01 sys=0.00, real=0.00 secs] 
2959.277: [GC (Allocation Failure) [PSYoungGen: 70512K->1344K(71168K)] 434573K->365405K(627712K), 0.0020616 secs] [Times: user=0.01 sys=0.00, real=0.01 secs] 
2959.826: [GC (Allocation Failure) [PSYoungGen: 70464K->1501K(71168K)] 434525K->365562K(627712K), 0.0016955 secs] [Times: user=0.01 sys=0.00, real=0.00 secs] 
2960.283: [GC (Allocation Failure) [PSYoungGen: 70621K->1565K(71168K)] 434682K->365626K(627712K), 0.0016599 secs] [Times: user=0.00 sys=0.00, real=0.00 secs] 
2960.686: [GC (Allocation Failure) [PSYoungGen: 70685K->1629K(71168K)] 434746K->365690K(627712K), 0.0016690 secs] [Times: user=0.01 sys=0.00, real=0.00 secs] 
2961.189: [GC (Allocation Failure) [PSYoungGen: 70749K->1504K(71168K)] 434810K->365565K(627712K), 0.0022128 secs] [Times: user=0.01 sys=0.00, real=0.00 secs] 
2961.786: [GC (Allocation Failure) [PSYoungGen: 70624K->1376K(71168K)] 434685K->365437K(627712K), 0.0026803 secs] [Times: user=0.01 sys=0.00, real=0.00 secs] 
2962.083: [GC (Allocation Failure) [PSYoungGen: 70496K->1344K(71168K)] 434557K->365405K(627712K), 0.0023017 secs] [Times: user=0.01 sys=0.00, real=0.00 secs] 
2962.371: [GC (Allocation Failure) [PSYoungGen: 70464K->1376K(71168K)] 434525K->365437K(627712K), 0.0020052 secs] [Times: user=0.01 sys=0.00, real=0.00 secs] 
2962.703: [GC (Allocation Failure) [PSYoungGen: 70496K->1437K(71168K)] 434557K->365498K(627712K), 0.0015589 secs] [Times: user=0.00 sys=0.00, real=0.00 secs] 
2963.107: [GC (Allocation Failure) [PSYoungGen: 70548K->1520K(71168K)] 434609K->365581K(627712K), 0.0015860 secs] [Times: user=0.00 sys=0.00, real=0.00 secs] 
2963.520: [GC (Allocation Failure) [PSYoungGen: 70640K->1501K(71168K)] 434701K->365562K(627712K), 0.0016857 secs] [Times: user=0.01 sys=0.00, real=0.00 secs] 
2963.928: [GC (Allocation Failure) [PSYoungGen: 70621K->1501K(71168K)] 434682K->365562K(627712K), 0.0015631 secs] [Times: user=0.01 sys=0.00, real=0.01 secs] 
2964.440: [GC (Allocation Failure) [PSYoungGen: 70621K->1440K(71168K)] 434682K->365501K(627712K), 0.0019563 secs] [Times: user=0.01 sys=0.00, real=0.00 secs] 
2964.728: [GC (Allocation Failure) [PSYoungGen: 70560K->1344K(71168K)] 434621K->365405K(627712K), 0.0017267 secs] [Times: user=0.01 sys=0.00, real=0.01 secs] 
2965.016: [GC (Allocation Failure) [PSYoungGen: 70464K->1344K(71168K)] 434525K->365405K(627712K), 0.0018202 secs] [Times: user=0.00 sys=0.00, real=0.00 secs] 
2965.303: [GC (Allocation Failure) [PSYoungGen: 70464K->1376K(71168K)] 434525K->365437K(627712K), 0.0018544 secs] [Times: user=0.01 sys=0.00, real=0.00 secs] 
2965.668: [GC (Allocation Failure) [PSYoungGen: 70496K->1485K(71168K)] 434557K->365546K(627712K), 0.0015540 secs] [Times: user=0.00 sys=0.00, real=0.01 secs] 
2966.069: [GC (Allocation Failure) [PSYoungGen: 70605K->1533K(71168K)] 434666K->365618K(627712K), 0.0015998 secs] [Times: user=0.00 sys=0.00, real=0.00 secs] 
2966.471: [GC (Allocation Failure) [PSYoungGen: 70653K->1552K(71168K)] 434738K->365637K(627712K), 0.0016162 secs] [Times: user=0.01 sys=0.00, real=0.00 secs] 
2966.874: [GC (Allocation Failure) [PSYoungGen: 70672K->1565K(71168K)] 434757K->365658K(627712K), 0.0017660 secs] [Times: user=0.01 sys=0.00, real=0.00 secs] 
2967.238: [GC (Allocation Failure) [PSYoungGen: 70685K->1408K(71168K)] 434778K->365501K(627712K), 0.0019760 secs] [Times: user=0.01 sys=0.00, real=0.01 secs] 
2967.526: [GC (Allocation Failure) [PSYoungGen: 70528K->1344K(71168K)] 434621K->365437K(627712K), 0.0020132 secs] [Times: user=0.01 sys=0.00, real=0.00 secs] 
2967.813: [GC (Allocation Failure) [PSYoungGen: 70464K->1344K(71168K)] 434557K->365437K(627712K), 0.0019374 secs] [Times: user=0.00 sys=0.00, real=0.00 secs] 
2968.125: [GC (Allocation Failure) [PSYoungGen: 70464K->1376K(71168K)] 434557K->365469K(627712K), 0.0020210 secs] [Times: user=0.01 sys=0.00, real=0.00 secs] 
2968.554: [GC (Allocation Failure) [PSYoungGen: 70467K->1501K(71168K)] 434561K->365594K(627712K), 0.0016227 secs] [Times: user=0.01 sys=0.00, real=0.00 secs] 
2968.958: [GC (Allocation Failure) [PSYoungGen: 70621K->1549K(71168K)] 434714K->365642K(627712K), 0.0016083 secs] [Times: user=0.00 sys=0.00, real=0.01 secs] 
2969.361: [GC (Allocation Failure) [PSYoungGen: 70669K->1549K(71168K)] 434762K->365642K(627712K), 0.0016273 secs] [Times: user=0.01 sys=0.00, real=0.00 secs] 
2969.773: [GC (Allocation Failure) [PSYoungGen: 70669K->1424K(71168K)] 434762K->365517K(627712K), 0.0018990 secs] [Times: user=0.01 sys=0.00, real=0.00 secs] 
2970.063: [GC (Allocation Failure) [PSYoungGen: 70544K->1344K(71168K)] 434637K->365437K(627712K), 0.0016434 secs] [Times: user=0.01 sys=0.00, real=0.00 secs] 
2970.350: [GC (Allocation Failure) [PSYoungGen: 70464K->1344K(71168K)] 434557K->365437K(627712K), 0.0027127 secs] [Times: user=0.01 sys=0.01, real=0.00 secs] 
2970.638: [GC (Allocation Failure) [PSYoungGen: 70464K->1376K(71168K)] 434557K->365469K(627712K), 0.0022695 secs] [Times: user=0.01 sys=0.00, real=0.01 secs] 
2971.008: [GC (Allocation Failure) [PSYoungGen: 70496K->1469K(71168K)] 434589K->365562K(627712K), 0.0014599 secs] [Times: user=0.01 sys=0.00, real=0.01 secs] 
2971.471: [GC (Allocation Failure) [PSYoungGen: 70589K->1533K(71168K)] 434682K->365626K(627712K), 0.0015459 secs] [Times: user=0.00 sys=0.00, real=0.00 secs] 
2971.877: [GC (Allocation Failure) [PSYoungGen: 70653K->1565K(71168K)] 434746K->365658K(627712K), 0.0016406 secs] [Times: user=0.01 sys=0.00, real=0.01 secs] 
2972.342: [GC (Allocation Failure) [PSYoungGen: 70685K->1533K(71168K)] 434778K->365626K(627712K), 0.0016776 secs] [Times: user=0.01 sys=0.00, real=0.00 secs] 
2972.819: [GC (Allocation Failure) [PSYoungGen: 70653K->1408K(71168K)] 434746K->365509K(627712K), 0.0025318 secs] [Times: user=0.01 sys=0.00, real=0.00 secs] 
2973.371: [GC (Allocation Failure) [PSYoungGen: 70528K->1376K(71168K)] 434629K->365477K(627712K), 0.0019870 secs] [Times: user=0.01 sys=0.00, real=0.00 secs] 
2973.830: [GC (Allocation Failure) [PSYoungGen: 70496K->1344K(71168K)] 434597K->365445K(627712K), 0.0019544 secs] [Times: user=0.01 sys=0.00, real=0.00 secs] 
2974.375: [GC (Allocation Failure) [PSYoungGen: 70464K->1408K(71168K)] 434565K->365509K(627712K), 0.0027123 secs] [Times: user=0.01 sys=0.00, real=0.00 secs] 
2974.965: [GC (Allocation Failure) [PSYoungGen: 70528K->1533K(71168K)] 434629K->365634K(627712K), 0.0016669 secs] [Times: user=0.01 sys=0.00, real=0.00 secs] 
2975.369: [GC (Allocation Failure) [PSYoungGen: 70653K->1501K(71168K)] 434754K->365602K(627712K), 0.0017036 secs] [Times: user=0.01 sys=0.00, real=0.00 secs] 
2975.773: [GC (Allocation Failure) [PSYoungGen: 70621K->1597K(71168K)] 434722K->365698K(627712K), 0.0016647 secs] [Times: user=0.00 sys=0.00, real=0.00 secs] 
2976.221: [GC (Allocation Failure) [PSYoungGen: 70717K->1504K(71168K)] 434818K->365605K(627712K), 0.0021992 secs] [Times: user=0.01 sys=0.00, real=0.00 secs] 
2976.747: [GC (Allocation Failure) [PSYoungGen: 70624K->1376K(71168K)] 434725K->365477K(627712K), 0.0027520 secs] [Times: user=0.01 sys=0.00, real=0.01 secs] 
2977.151: [GC (Allocation Failure) [PSYoungGen: 70496K->1376K(71168K)] 434597K->365493K(627712K), 0.0020337 secs] [Times: user=0.01 sys=0.00, real=0.00 secs] 
2977.729: [GC (Allocation Failure) [PSYoungGen: 70496K->1360K(71168K)] 434613K->365477K(627712K), 0.0022617 secs] [Times: user=0.01 sys=0.00, real=0.00 secs] 
2978.353: [GC (Allocation Failure) [PSYoungGen: 70459K->1437K(71168K)] 434576K->365554K(627712K), 0.0018381 secs] [Times: user=0.00 sys=0.00, real=0.00 secs] 
2978.828: [GC (Allocation Failure) [PSYoungGen: 70557K->1501K(71168K)] 434674K->365618K(627712K), 0.0016510 secs] [Times: user=0.01 sys=0.00, real=0.01 secs] 
2979.230: [GC (Allocation Failure) [PSYoungGen: 70621K->1533K(71168K)] 434738K->365650K(627712K), 0.0018345 secs] [Times: user=0.01 sys=0.00, real=0.00 secs] 
2979.634: [GC (Allocation Failure) [PSYoungGen: 70653K->1501K(71168K)] 434770K->365618K(627712K), 0.0015658 secs] [Times: user=0.01 sys=0.00, real=0.00 secs] 
2979.990: [GC (Allocation Failure) [PSYoungGen: 70621K->1456K(71168K)] 434738K->365573K(627712K), 0.0023196 secs] [Times: user=0.01 sys=0.00, real=0.00 secs] 
2980.278: [GC (Allocation Failure) [PSYoungGen: 70576K->1360K(71168K)] 434693K->365477K(627712K), 0.0021331 secs] [Times: user=0.01 sys=0.00, real=0.01 secs] 
2980.566: [GC (Allocation Failure) [PSYoungGen: 70480K->1344K(71168K)] 434597K->365461K(627712K), 0.0019855 secs] [Times: user=0.00 sys=0.00, real=0.00 secs] 
2980.853: [GC (Allocation Failure) [PSYoungGen: 70464K->1360K(71168K)] 434581K->365477K(627712K), 0.0019603 secs] [Times: user=0.00 sys=0.00, real=0.00 secs] 
2981.292: [GC (Allocation Failure) [PSYoungGen: 70467K->1501K(71168K)] 434584K->365618K(627712K), 0.0015752 secs] [Times: user=0.00 sys=0.01, real=0.00 secs] 
2981.696: [GC (Allocation Failure) [PSYoungGen: 70621K->1552K(71168K)] 434738K->365669K(627712K), 0.0016329 secs] [Times: user=0.01 sys=0.00, real=0.00 secs] 
2982.098: [GC (Allocation Failure) [PSYoungGen: 70672K->1565K(71168K)] 434789K->365682K(627712K), 0.0016345 secs] [Times: user=0.00 sys=0.00, real=0.01 secs] 
2982.501: [GC (Allocation Failure) [PSYoungGen: 70685K->1581K(71168K)] 434802K->365714K(627712K), 0.0015964 secs] [Times: user=0.00 sys=0.00, real=0.00 secs] 
2982.807: [GC (Allocation Failure) [PSYoungGen: 70701K->1376K(71168K)] 434834K->365509K(627712K), 0.0017354 secs] [Times: user=0.01 sys=0.00, real=0.00 secs] 
2983.093: [GC (Allocation Failure) [PSYoungGen: 70496K->1376K(71168K)] 434629K->365509K(627712K), 0.0016568 secs] [Times: user=0.00 sys=0.00, real=0.00 secs] 
2983.380: [GC (Allocation Failure) [PSYoungGen: 70496K->1344K(71168K)] 434629K->365477K(627712K), 0.0018710 secs] [Times: user=0.01 sys=0.00, real=0.00 secs] 
2983.690: [GC (Allocation Failure) [PSYoungGen: 70464K->1344K(71168K)] 434597K->365477K(627712K), 0.0020382 secs] [Times: user=0.01 sys=0.00, real=0.00 secs] 
2984.180: [GC (Allocation Failure) [PSYoungGen: 70443K->1552K(71168K)] 434576K->365685K(627712K), 0.0015725 secs] [Times: user=0.01 sys=0.00, real=0.00 secs] 
2984.584: [GC (Allocation Failure) [PSYoungGen: 70672K->1533K(71168K)] 434805K->365666K(627712K), 0.0015761 secs] [Times: user=0.01 sys=0.00, real=0.00 secs] 
2984.988: [GC (Allocation Failure) [PSYoungGen: 70653K->1549K(71168K)] 434786K->365682K(627712K), 0.0016119 secs] [Times: user=0.00 sys=0.00, real=0.01 secs] 
2985.553: [GC (Allocation Failure) [PSYoungGen: 70669K->1504K(71168K)] 434802K->365645K(627712K), 0.0019241 secs] [Times: user=0.00 sys=0.00, real=0.00 secs] 
2985.880: [GC (Allocation Failure) [PSYoungGen: 70624K->1408K(71168K)] 434765K->365565K(627712K), 0.0018135 secs] [Times: user=0.01 sys=0.00, real=0.00 secs] 
2986.169: [GC (Allocation Failure) [PSYoungGen: 70528K->1408K(71168K)] 434685K->365565K(627712K), 0.0018799 secs] [Times: user=0.00 sys=0.00, real=0.00 secs] 
2986.467: [GC (Allocation Failure) [PSYoungGen: 70528K->1376K(71168K)] 434685K->365533K(627712K), 0.0017991 secs] [Times: user=0.01 sys=0.00, real=0.01 secs] 
2986.861: [GC (Allocation Failure) [PSYoungGen: 70487K->1469K(71168K)] 434644K->365626K(627712K), 0.0017575 secs] [Times: user=0.01 sys=0.00, real=0.00 secs] 
2987.265: [GC (Allocation Failure) [PSYoungGen: 70589K->1533K(71168K)] 434746K->365690K(627712K), 0.0016963 secs] [Times: user=0.01 sys=0.00, real=0.00 secs] 
2987.666: [GC (Allocation Failure) [PSYoungGen: 70653K->1533K(71168K)] 434810K->365690K(627712K), 0.0015542 secs] [Times: user=0.01 sys=0.00, real=0.00 secs] 
2988.130: [GC (Allocation Failure) [PSYoungGen: 70653K->1565K(71168K)] 434810K->365722K(627712K), 0.0016672 secs] [Times: user=0.01 sys=0.00, real=0.00 secs] 
2988.844: [GC (Allocation Failure) [PSYoungGen: 70685K->1408K(71168K)] 434842K->365565K(627712K), 0.0023090 secs] [Times: user=0.01 sys=0.00, real=0.00 secs] 
2989.544: [GC (Allocation Failure) [PSYoungGen: 70528K->1344K(71168K)] 434685K->365501K(627712K), 0.0025166 secs] [Times: user=0.00 sys=0.00, real=0.00 secs] 
2990.049: [GC (Allocation Failure) [PSYoungGen: 70464K->1376K(71168K)] 434621K->365533K(627712K), 0.0025005 secs] [Times: user=0.01 sys=0.00, real=0.00 secs] 
2990.628: [GC (Allocation Failure) [PSYoungGen: 70496K->1360K(71168K)] 434653K->365517K(627712K), 0.0025995 secs] [Times: user=0.01 sys=0.00, real=0.01 secs] 
2991.192: [GC (Allocation Failure) [PSYoungGen: 70480K->1501K(71168K)] 434637K->365658K(627712K), 0.0016437 secs] [Times: user=0.00 sys=0.00, real=0.00 secs] 
2991.593: [GC (Allocation Failure) [PSYoungGen: 70621K->1533K(71168K)] 434778K->365690K(627712K), 0.0016166 secs] [Times: user=0.01 sys=0.00, real=0.00 secs] 
2991.995: [GC (Allocation Failure) [PSYoungGen: 70653K->1552K(71168K)] 434810K->365709K(627712K), 0.0017826 secs] [Times: user=0.00 sys=0.00, real=0.00 secs] 
2992.494: [GC (Allocation Failure) [PSYoungGen: 70672K->1472K(71168K)] 434829K->365629K(627712K), 0.0018859 secs] [Times: user=0.01 sys=0.00, real=0.00 secs] 
2993.032: [GC (Allocation Failure) [PSYoungGen: 70592K->1376K(71168K)] 434749K->365533K(627712K), 0.0019709 secs] [Times: user=0.01 sys=0.00, real=0.00 secs] 
2993.319: [GC (Allocation Failure) [PSYoungGen: 70496K->1360K(71168K)] 434653K->365517K(627712K), 0.0019888 secs] [Times: user=0.01 sys=0.00, real=0.00 secs] 
2993.607: [GC (Allocation Failure) [PSYoungGen: 70480K->1376K(71168K)] 434637K->365533K(627712K), 0.0020320 secs] [Times: user=0.01 sys=0.00, real=0.01 secs] 
2993.956: [GC (Allocation Failure) [PSYoungGen: 70496K->1453K(71168K)] 434653K->365610K(627712K), 0.0016400 secs] [Times: user=0.01 sys=0.00, real=0.00 secs] 
2994.368: [GC (Allocation Failure) [PSYoungGen: 70573K->1501K(71168K)] 434730K->365658K(627712K), 0.0016452 secs] [Times: user=0.01 sys=0.00, real=0.01 secs] 
2994.771: [GC (Allocation Failure) [PSYoungGen: 70621K->1501K(71168K)] 434778K->365658K(627712K), 0.0017213 secs] [Times: user=0.00 sys=0.00, real=0.00 secs] 
2995.176: [GC (Allocation Failure) [PSYoungGen: 70621K->1533K(71168K)] 434778K->365690K(627712K), 0.0016134 secs] [Times: user=0.00 sys=0.00, real=0.00 secs] 
2996.103: [GC (Allocation Failure) [PSYoungGen: 70653K->1456K(71168K)] 434810K->365613K(627712K), 0.0023168 secs] [Times: user=0.01 sys=0.00, real=0.00 secs] 
2996.791: [GC (Allocation Failure) [PSYoungGen: 70576K->1376K(71168K)] 434733K->365533K(627712K), 0.0026199 secs] [Times: user=0.01 sys=0.00, real=0.00 secs] 
2997.545: [GC (Allocation Failure) [PSYoungGen: 70496K->1312K(71168K)] 434653K->365469K(627712K), 0.0023896 secs] [Times: user=0.01 sys=0.01, real=0.00 secs] 
2998.125: [GC (Allocation Failure) [PSYoungGen: 70432K->1344K(71168K)] 434589K->365517K(627712K), 0.0026633 secs] [Times: user=0.01 sys=0.00, real=0.00 secs] 
2998.690: [GC (Allocation Failure) [PSYoungGen: 70464K->1485K(71168K)] 434637K->365658K(627712K), 0.0016949 secs] [Times: user=0.01 sys=0.00, real=0.00 secs] 
2999.150: [GC (Allocation Failure) [PSYoungGen: 70605K->1501K(71168K)] 434778K->365674K(627712K), 0.0016646 secs] [Times: user=0.01 sys=0.00, real=0.00 secs] 
2999.557: [GC (Allocation Failure) [PSYoungGen: 70621K->1501K(71168K)] 434794K->365674K(627712K), 0.0016423 secs] [Times: user=0.00 sys=0.00, real=0.00 secs] 
2999.964: [GC (Allocation Failure) [PSYoungGen: 70621K->1533K(71168K)] 434794K->365714K(627712K), 0.0018894 secs] [Times: user=0.01 sys=0.00, real=0.00 secs] 
3000.596: [GC (Allocation Failure) [PSYoungGen: 70653K->1376K(71168K)] 434834K->365557K(627712K), 0.0029519 secs] [Times: user=0.01 sys=0.00, real=0.01 secs] 
3001.244: [GC (Allocation Failure) [PSYoungGen: 70496K->1376K(71168K)] 434677K->365557K(627712K), 0.0023486 secs] [Times: user=0.01 sys=0.00, real=0.00 secs] 
3001.884: [GC (Allocation Failure) [PSYoungGen: 70496K->1376K(71168K)] 434677K->365557K(627712K), 0.0023986 secs] [Times: user=0.01 sys=0.00, real=0.00 secs] 
3002.480: [GC (Allocation Failure) [PSYoungGen: 70496K->1344K(71168K)] 434677K->365525K(627712K), 0.0019764 secs] [Times: user=0.01 sys=0.00, real=0.00 secs] 
3002.919: [GC (Allocation Failure) [PSYoungGen: 70464K->1597K(71168K)] 434645K->365778K(627712K), 0.0015992 secs] [Times: user=0.00 sys=0.00, real=0.00 secs] 
3003.321: [GC (Allocation Failure) [PSYoungGen: 70717K->1501K(71168K)] 434898K->365682K(627712K), 0.0016383 secs] [Times: user=0.01 sys=0.00, real=0.00 secs] 
3003.723: [GC (Allocation Failure) [PSYoungGen: 70621K->1565K(71168K)] 434802K->365746K(627712K), 0.0016325 secs] [Times: user=0.01 sys=0.00, real=0.00 secs] 
3004.112: [GC (Allocation Failure) [PSYoungGen: 70685K->1472K(71168K)] 434866K->365661K(627712K), 0.0018053 secs] [Times: user=0.01 sys=0.00, real=0.00 secs] 
3004.399: [GC (Allocation Failure) [PSYoungGen: 70592K->1344K(71168K)] 434781K->365533K(627712K), 0.0016171 secs] [Times: user=0.00 sys=0.00, real=0.01 secs] 
3004.755: [GC (Allocation Failure) [PSYoungGen: 70464K->1344K(71168K)] 434653K->365533K(627712K), 0.0031056 secs] [Times: user=0.02 sys=0.00, real=0.00 secs] 
3005.249: [GC (Allocation Failure) [PSYoungGen: 70464K->1344K(71168K)] 434653K->365533K(627712K), 0.0029119 secs] [Times: user=0.01 sys=0.00, real=0.00 secs] 
3005.844: [GC (Allocation Failure) [PSYoungGen: 70464K->1437K(71168K)] 434653K->365626K(627712K), 0.0016542 secs] [Times: user=0.01 sys=0.00, real=0.00 secs] 
3006.247: [GC (Allocation Failure) [PSYoungGen: 70557K->1501K(71168K)] 434746K->365690K(627712K), 0.0016457 secs] [Times: user=0.01 sys=0.00, real=0.01 secs] 
3006.652: [GC (Allocation Failure) [PSYoungGen: 70621K->1584K(71168K)] 434810K->365773K(627712K), 0.0016226 secs] [Times: user=0.00 sys=0.00, real=0.00 secs] 
3007.054: [GC (Allocation Failure) [PSYoungGen: 70704K->1613K(71168K)] 434893K->365802K(627712K), 0.0016394 secs] [Times: user=0.01 sys=0.00, real=0.00 secs] 
3007.621: [GC (Allocation Failure) [PSYoungGen: 70733K->1376K(71168K)] 434922K->365573K(627712K), 0.0024961 secs] [Times: user=0.01 sys=0.00, real=0.00 secs] 
3008.147: [GC (Allocation Failure) [PSYoungGen: 70496K->1360K(71168K)] 434693K->365557K(627712K), 0.0030870 secs] [Times: user=0.01 sys=0.00, real=0.01 secs] 
3008.654: [GC (Allocation Failure) [PSYoungGen: 70480K->1376K(71168K)] 434677K->365573K(627712K), 0.0027838 secs] [Times: user=0.01 sys=0.00, real=0.00 secs] 
3009.122: [GC (Allocation Failure) [PSYoungGen: 70496K->1344K(71168K)] 434693K->365541K(627712K), 0.0024041 secs] [Times: user=0.01 sys=0.00, real=0.00 secs] 
3009.624: [GC (Allocation Failure) [PSYoungGen: 70464K->1424K(71168K)] 434661K->365621K(627712K), 0.0016037 secs] [Times: user=0.00 sys=0.00, real=0.00 secs] 
3010.025: [GC (Allocation Failure) [PSYoungGen: 70539K->1533K(71168K)] 434736K->365730K(627712K), 0.0016180 secs] [Times: user=0.00 sys=0.00, real=0.00 secs] 
3010.436: [GC (Allocation Failure) [PSYoungGen: 70653K->1520K(71168K)] 434850K->365717K(627712K), 0.0016281 secs] [Times: user=0.01 sys=0.00, real=0.00 secs] 
3010.999: [GC (Allocation Failure) [PSYoungGen: 70640K->1472K(71168K)] 434837K->365669K(627712K), 0.0020141 secs] [Times: user=0.00 sys=0.00, real=0.01 secs] 
3011.691: [GC (Allocation Failure) [PSYoungGen: 70592K->1344K(71168K)] 434789K->365541K(627712K), 0.0023397 secs] [Times: user=0.01 sys=0.00, real=0.00 secs] 
3012.327: [GC (Allocation Failure) [PSYoungGen: 70464K->1344K(71168K)] 434661K->365541K(627712K), 0.0030775 secs] [Times: user=0.02 sys=0.00, real=0.01 secs] 
3012.817: [GC (Allocation Failure) [PSYoungGen: 70464K->1392K(71168K)] 434661K->365589K(627712K), 0.0030195 secs] [Times: user=0.01 sys=0.00, real=0.01 secs] 
3013.422: [GC (Allocation Failure) [PSYoungGen: 70512K->1469K(71168K)] 434709K->365666K(627712K), 0.0021586 secs] [Times: user=0.01 sys=0.00, real=0.00 secs] 
3013.853: [GC (Allocation Failure) [PSYoungGen: 70589K->1533K(71168K)] 434786K->365730K(627712K), 0.0016262 secs] [Times: user=0.01 sys=0.00, real=0.00 secs] 
3014.256: [GC (Allocation Failure) [PSYoungGen: 70653K->1501K(71168K)] 434850K->365698K(627712K), 0.0017120 secs] [Times: user=0.00 sys=0.00, real=0.00 secs] 
3014.662: [GC (Allocation Failure) [PSYoungGen: 70621K->1549K(71168K)] 434818K->365746K(627712K), 0.0015969 secs] [Times: user=0.01 sys=0.00, real=0.00 secs] 
3015.024: [GC (Allocation Failure) [PSYoungGen: 70669K->1424K(71168K)] 434866K->365629K(627712K), 0.0017807 secs] [Times: user=0.01 sys=0.00, real=0.00 secs] 
3015.361: [GC (Allocation Failure) [PSYoungGen: 70544K->1376K(71168K)] 434749K->365581K(627712K), 0.0022768 secs] [Times: user=0.01 sys=0.00, real=0.00 secs] 
3015.964: [GC (Allocation Failure) [PSYoungGen: 70496K->1344K(71168K)] 434701K->365549K(627712K), 0.0036816 secs] [Times: user=0.02 sys=0.00, real=0.00 secs] 
3016.679: [GC (Allocation Failure) [PSYoungGen: 70464K->1360K(71168K)] 434669K->365565K(627712K), 0.0028365 secs] [Times: user=0.01 sys=0.00, real=0.00 secs] 
3017.376: [GC (Allocation Failure) [PSYoungGen: 70480K->1501K(71168K)] 434685K->365714K(627712K), 0.0015319 secs] [Times: user=0.01 sys=0.00, real=0.00 secs] 
3017.777: [GC (Allocation Failure) [PSYoungGen: 70621K->1501K(71168K)] 434834K->365714K(627712K), 0.0016101 secs] [Times: user=0.01 sys=0.00, real=0.00 secs] 
3018.179: [GC (Allocation Failure) [PSYoungGen: 70621K->1517K(71168K)] 434834K->365754K(627712K), 0.0017881 secs] [Times: user=0.01 sys=0.00, real=0.00 secs] 
3018.580: [GC (Allocation Failure) [PSYoungGen: 70637K->320K(71168K)] 434874K->364557K(627712K), 0.0016616 secs] [Times: user=0.00 sys=0.00, real=0.00 secs] 
3018.944: [GC (Allocation Failure) [PSYoungGen: 69440K->1376K(71168K)] 433677K->365613K(627712K), 0.0017937 secs] [Times: user=0.01 sys=0.00, real=0.00 secs] 
3019.239: [GC (Allocation Failure) [PSYoungGen: 70496K->1312K(71168K)] 434733K->365549K(627712K), 0.0018051 secs] [Times: user=0.00 sys=0.00, real=0.00 secs] 
3019.576: [GC (Allocation Failure) [PSYoungGen: 70432K->1408K(71168K)] 434669K->365645K(627712K), 0.0018108 secs] [Times: user=0.00 sys=0.00, real=0.00 secs] 
3019.919: [GC (Allocation Failure) [PSYoungGen: 70528K->1376K(71168K)] 434765K->365613K(627712K), 0.0018953 secs] [Times: user=0.00 sys=0.00, real=0.01 secs] 
3020.381: [GC (Allocation Failure) [PSYoungGen: 70496K->1565K(71168K)] 434733K->365810K(627712K), 0.0018915 secs] [Times: user=0.01 sys=0.00, real=0.00 secs] 
3020.785: [GC (Allocation Failure) [PSYoungGen: 70685K->1597K(71168K)] 434930K->365842K(627712K), 0.0015916 secs] [Times: user=0.00 sys=0.00, real=0.00 secs] 
3021.189: [GC (Allocation Failure) [PSYoungGen: 70717K->1597K(71168K)] 434962K->365842K(627712K), 0.0016186 secs] [Times: user=0.00 sys=0.00, real=0.01 secs] 
3021.918: [GC (Allocation Failure) [PSYoungGen: 70717K->1440K(71168K)] 434962K->365693K(627712K), 0.0032807 secs] [Times: user=0.01 sys=0.00, real=0.01 secs] 
3022.924: [GC (Allocation Failure) [PSYoungGen: 70560K->1360K(71168K)] 434813K->365613K(627712K), 0.0028769 secs] [Times: user=0.01 sys=0.00, real=0.00 secs] 
3024.147: [GC (Allocation Failure) [PSYoungGen: 70480K->1376K(71168K)] 434733K->365629K(627712K), 0.0035592 secs] [Times: user=0.01 sys=0.00, real=0.01 secs] 
3024.908: [GC (Allocation Failure) [PSYoungGen: 70496K->1408K(71168K)] 434749K->365661K(627712K), 0.0028543 secs] [Times: user=0.01 sys=0.00, real=0.01 secs] 
3025.600: [GC (Allocation Failure) [PSYoungGen: 70521K->1437K(71168K)] 434774K->365690K(627712K), 0.0015865 secs] [Times: user=0.01 sys=0.00, real=0.00 secs] 
3026.066: [GC (Allocation Failure) [PSYoungGen: 70557K->1584K(71168K)] 434810K->365837K(627712K), 0.0017555 secs] [Times: user=0.01 sys=0.00, real=0.00 secs] 
3026.528: [GC (Allocation Failure) [PSYoungGen: 70704K->1533K(71168K)] 434957K->365786K(627712K), 0.0016363 secs] [Times: user=0.01 sys=0.00, real=0.01 secs] 
3026.931: [GC (Allocation Failure) [PSYoungGen: 70653K->1549K(71168K)] 434906K->365810K(627712K), 0.0018244 secs] [Times: user=0.01 sys=0.00, real=0.00 secs] 
3027.824: [GC (Allocation Failure) [PSYoungGen: 70669K->1408K(71168K)] 434930K->365669K(627712K), 0.0041347 secs] [Times: user=0.02 sys=0.00, real=0.00 secs] 
3028.754: [GC (Allocation Failure) [PSYoungGen: 70528K->1376K(71168K)] 434789K->365637K(627712K), 0.0036667 secs] [Times: user=0.02 sys=0.01, real=0.00 secs] 
3029.912: [GC (Allocation Failure) [PSYoungGen: 70496K->1344K(71168K)] 434757K->365605K(627712K), 0.0038960 secs] [Times: user=0.01 sys=0.00, real=0.00 secs] 
3030.719: [GC (Allocation Failure) [PSYoungGen: 70464K->1376K(71168K)] 434725K->365637K(627712K), 0.0034418 secs] [Times: user=0.01 sys=0.00, real=0.00 secs] 
3031.371: [GC (Allocation Failure) [PSYoungGen: 70496K->1456K(71168K)] 434757K->365733K(627712K), 0.0015871 secs] [Times: user=0.01 sys=0.00, real=0.00 secs] 
3031.772: [GC (Allocation Failure) [PSYoungGen: 70576K->1565K(71168K)] 434853K->365842K(627712K), 0.0016579 secs] [Times: user=0.01 sys=0.00, real=0.00 secs] 
3032.175: [GC (Allocation Failure) [PSYoungGen: 70685K->1501K(71168K)] 434962K->365778K(627712K), 0.0017214 secs] [Times: user=0.00 sys=0.00, real=0.00 secs] 
3032.612: [GC (Allocation Failure) [PSYoungGen: 70621K->1472K(71168K)] 434898K->365765K(627712K), 0.0017290 secs] [Times: user=0.00 sys=0.00, real=0.00 secs] 
3033.117: [GC (Allocation Failure) [PSYoungGen: 70592K->1376K(71168K)] 434885K->365669K(627712K), 0.0019517 secs] [Times: user=0.01 sys=0.00, real=0.01 secs] 
3034.016: [GC (Allocation Failure) [PSYoungGen: 70496K->1344K(71168K)] 434789K->365637K(627712K), 0.0027439 secs] [Times: user=0.01 sys=0.00, real=0.01 secs] 
3034.890: [GC (Allocation Failure) [PSYoungGen: 70464K->1376K(71168K)] 434757K->365669K(627712K), 0.0026865 secs] [Times: user=0.01 sys=0.00, real=0.00 secs] 
3035.813: [GC (Allocation Failure) [PSYoungGen: 70496K->1437K(71168K)] 434789K->365730K(627712K), 0.0021724 secs] [Times: user=0.01 sys=0.00, real=0.00 secs] 
3036.335: [GC (Allocation Failure) [PSYoungGen: 70557K->1501K(71168K)] 434850K->365794K(627712K), 0.0016564 secs] [Times: user=0.01 sys=0.00, real=0.00 secs] 
3036.735: [GC (Allocation Failure) [PSYoungGen: 70621K->1533K(71168K)] 434914K->365826K(627712K), 0.0016949 secs] [Times: user=0.00 sys=0.00, real=0.00 secs] 
3037.138: [GC (Allocation Failure) [PSYoungGen: 70653K->1533K(71168K)] 434946K->365826K(627712K), 0.0018379 secs] [Times: user=0.01 sys=0.00, real=0.01 secs] 
3037.732: [GC (Allocation Failure) [PSYoungGen: 70653K->1456K(71168K)] 434946K->365749K(627712K), 0.0036363 secs] [Times: user=0.02 sys=0.00, real=0.00 secs] 
3038.365: [GC (Allocation Failure) [PSYoungGen: 70576K->1376K(71168K)] 434869K->365669K(627712K), 0.0026623 secs] [Times: user=0.01 sys=0.00, real=0.00 secs] 
3038.994: [GC (Allocation Failure) [PSYoungGen: 70496K->1408K(71168K)] 434789K->365701K(627712K), 0.0028793 secs] [Times: user=0.01 sys=0.01, real=0.00 secs] 
3039.502: [GC (Allocation Failure) [PSYoungGen: 70528K->1376K(71168K)] 434821K->365685K(627712K), 0.0022665 secs] [Times: user=0.01 sys=0.00, real=0.00 secs] 
3039.944: [GC (Allocation Failure) [PSYoungGen: 70471K->1469K(71168K)] 434780K->365778K(627712K), 0.0015684 secs] [Times: user=0.01 sys=0.00, real=0.00 secs] 
3040.347: [GC (Allocation Failure) [PSYoungGen: 70589K->1552K(71168K)] 434898K->365861K(627712K), 0.0018332 secs] [Times: user=0.00 sys=0.00, real=0.01 secs] 
3040.754: [GC (Allocation Failure) [PSYoungGen: 70672K->1533K(71168K)] 434981K->365842K(627712K), 0.0016631 secs] [Times: user=0.01 sys=0.00, real=0.00 secs] 
3041.157: [GC (Allocation Failure) [PSYoungGen: 70653K->224K(71168K)] 434962K->364541K(627712K), 0.0015495 secs] [Times: user=0.01 sys=0.01, real=0.00 secs] 
3041.461: [GC (Allocation Failure) [PSYoungGen: 69344K->1376K(71168K)] 433661K->365693K(627712K), 0.0017476 secs] [Times: user=0.00 sys=0.00, real=0.00 secs] 
3041.856: [GC (Allocation Failure) [PSYoungGen: 70496K->1376K(71168K)] 434813K->365693K(627712K), 0.0033886 secs] [Times: user=0.02 sys=0.00, real=0.01 secs] 
3042.473: [GC (Allocation Failure) [PSYoungGen: 70496K->1376K(71168K)] 434813K->365693K(627712K), 0.0026788 secs] [Times: user=0.01 sys=0.00, real=0.00 secs] 
3043.107: [GC (Allocation Failure) [PSYoungGen: 70496K->1376K(71168K)] 434813K->365693K(627712K), 0.0029318 secs] [Times: user=0.01 sys=0.00, real=0.01 secs] 
3043.692: [GC (Allocation Failure) [PSYoungGen: 70496K->1501K(71168K)] 434813K->365818K(627712K), 0.0016222 secs] [Times: user=0.01 sys=0.00, real=0.00 secs] 
3044.093: [GC (Allocation Failure) [PSYoungGen: 70621K->1501K(71168K)] 434938K->365818K(627712K), 0.0016309 secs] [Times: user=0.01 sys=0.00, real=0.00 secs] 
3044.495: [GC (Allocation Failure) [PSYoungGen: 70621K->1533K(71168K)] 434938K->365850K(627712K), 0.0016220 secs] [Times: user=0.00 sys=0.00, real=0.00 secs] 
3045.045: [GC (Allocation Failure) [PSYoungGen: 70653K->1456K(71168K)] 434970K->365781K(627712K), 0.0020737 secs] [Times: user=0.01 sys=0.00, real=0.00 secs] 
3045.624: [GC (Allocation Failure) [PSYoungGen: 70576K->1376K(71168K)] 434901K->365701K(627712K), 0.0024686 secs] [Times: user=0.01 sys=0.00, real=0.00 secs] 
3045.948: [GC (Allocation Failure) [PSYoungGen: 70496K->1360K(71168K)] 434821K->365685K(627712K), 0.0018451 secs] [Times: user=0.01 sys=0.00, real=0.01 secs] 
3046.247: [GC (Allocation Failure) [PSYoungGen: 70480K->1376K(71168K)] 434805K->365701K(627712K), 0.0019001 secs] [Times: user=0.01 sys=0.00, real=0.00 secs] 
3046.621: [GC (Allocation Failure) [PSYoungGen: 70489K->1469K(71168K)] 434814K->365794K(627712K), 0.0016356 secs] [Times: user=0.00 sys=0.00, real=0.00 secs] 
3047.025: [GC (Allocation Failure) [PSYoungGen: 70589K->1533K(71168K)] 434914K->365882K(627712K), 0.0015903 secs] [Times: user=0.01 sys=0.00, real=0.00 secs] 
3047.426: [GC (Allocation Failure) [PSYoungGen: 70653K->1565K(71168K)] 435002K->365914K(627712K), 0.0016698 secs] [Times: user=0.00 sys=0.00, real=0.00 secs] 
3047.829: [GC (Allocation Failure) [PSYoungGen: 70685K->1533K(71168K)] 435034K->365882K(627712K), 0.0015877 secs] [Times: user=0.01 sys=0.00, real=0.00 secs] 
3048.502: [GC (Allocation Failure) [PSYoungGen: 70653K->1440K(71168K)] 435002K->365789K(627712K), 0.0024474 secs] [Times: user=0.01 sys=0.00, real=0.00 secs] 
3048.791: [GC (Allocation Failure) [PSYoungGen: 70560K->1344K(71168K)] 434909K->365693K(627712K), 0.0020180 secs] [Times: user=0.01 sys=0.00, real=0.00 secs] 
3049.078: [GC (Allocation Failure) [PSYoungGen: 70464K->1376K(71168K)] 434813K->365725K(627712K), 0.0019361 secs] [Times: user=0.01 sys=0.00, real=0.01 secs] 
3049.365: [GC (Allocation Failure) [PSYoungGen: 70496K->1344K(71168K)] 434845K->365693K(627712K), 0.0020448 secs] [Times: user=0.01 sys=0.00, real=0.00 secs] 
3049.804: [GC (Allocation Failure) [PSYoungGen: 70464K->1469K(71168K)] 434813K->365818K(627712K), 0.0015288 secs] [Times: user=0.00 sys=0.00, real=0.00 secs] 
3050.267: [GC (Allocation Failure) [PSYoungGen: 70589K->1613K(71168K)] 434938K->365970K(627712K), 0.0016859 secs] [Times: user=0.00 sys=0.00, real=0.01 secs] 
3050.742: [GC (Allocation Failure) [PSYoungGen: 70733K->1533K(71168K)] 435090K->365890K(627712K), 0.0018230 secs] [Times: user=0.01 sys=0.00, real=0.00 secs] 
3051.539: [GC (Allocation Failure) [PSYoungGen: 70653K->1504K(71168K)] 435010K->365861K(627712K), 0.0040069 secs] [Times: user=0.02 sys=0.00, real=0.01 secs] 
3052.475: [GC (Allocation Failure) [PSYoungGen: 70624K->1344K(71168K)] 434981K->365701K(627712K), 0.0024909 secs] [Times: user=0.01 sys=0.00, real=0.00 secs] 
3052.760: [GC (Allocation Failure) [PSYoungGen: 70464K->1376K(71168K)] 434821K->365733K(627712K), 0.0019816 secs] [Times: user=0.00 sys=0.00, real=0.00 secs] 
3053.169: [GC (Allocation Failure) [PSYoungGen: 70496K->1408K(71168K)] 434853K->365765K(627712K), 0.0026413 secs] [Times: user=0.01 sys=0.00, real=0.00 secs] 
3053.738: [GC (Allocation Failure) [PSYoungGen: 70528K->1453K(71168K)] 434885K->365810K(627712K), 0.0019483 secs] [Times: user=0.01 sys=0.00, real=0.01 secs] 
3054.155: [GC (Allocation Failure) [PSYoungGen: 70573K->1533K(71168K)] 434930K->365890K(627712K), 0.0016175 secs] [Times: user=0.01 sys=0.00, real=0.00 secs] 
3054.558: [GC (Allocation Failure) [PSYoungGen: 70653K->1533K(71168K)] 435010K->365890K(627712K), 0.0016066 secs] [Times: user=0.00 sys=0.00, real=0.01 secs] 
3054.961: [GC (Allocation Failure) [PSYoungGen: 70653K->1597K(71168K)] 435010K->365954K(627712K), 0.0016198 secs] [Times: user=0.01 sys=0.00, real=0.00 secs] 
3055.973: [GC (Allocation Failure) [PSYoungGen: 70717K->1488K(71168K)] 435074K->365845K(627712K), 0.0030527 secs] [Times: user=0.01 sys=0.00, real=0.00 secs] 
3056.982: [GC (Allocation Failure) [PSYoungGen: 70608K->1408K(71168K)] 434965K->365765K(627712K), 0.0028507 secs] [Times: user=0.01 sys=0.00, real=0.00 secs] 
3057.688: [GC (Allocation Failure) [PSYoungGen: 70528K->1376K(71168K)] 434885K->365733K(627712K), 0.0024177 secs] [Times: user=0.01 sys=0.00, real=0.01 secs] 
3058.081: [GC (Allocation Failure) [PSYoungGen: 70496K->1408K(71168K)] 434853K->365765K(627712K), 0.0019966 secs] [Times: user=0.01 sys=0.00, real=0.00 secs] 
3058.472: [GC (Allocation Failure) [PSYoungGen: 70508K->1517K(71168K)] 434865K->365874K(627712K), 0.0015517 secs] [Times: user=0.01 sys=0.00, real=0.00 secs] 
3058.876: [GC (Allocation Failure) [PSYoungGen: 70637K->1565K(71168K)] 434994K->365954K(627712K), 0.0016604 secs] [Times: user=0.00 sys=0.00, real=0.00 secs] 
3059.280: [GC (Allocation Failure) [PSYoungGen: 70685K->1565K(71168K)] 435074K->365954K(627712K), 0.0016590 secs] [Times: user=0.01 sys=0.00, real=0.00 secs] 
3059.685: [GC (Allocation Failure) [PSYoungGen: 70685K->320K(71168K)] 435074K->364717K(627712K), 0.0016437 secs] [Times: user=0.01 sys=0.00, real=0.00 secs] 
3059.991: [GC (Allocation Failure) [PSYoungGen: 69440K->1328K(71168K)] 433837K->365725K(627712K), 0.0016198 secs] [Times: user=0.01 sys=0.00, real=0.00 secs] 
3060.281: [GC (Allocation Failure) [PSYoungGen: 70448K->1376K(71168K)] 434845K->365773K(627712K), 0.0017615 secs] [Times: user=0.01 sys=0.00, real=0.00 secs] 
3060.567: [GC (Allocation Failure) [PSYoungGen: 70496K->1376K(71168K)] 434893K->365773K(627712K), 0.0017823 secs] [Times: user=0.01 sys=0.00, real=0.01 secs] 
3060.855: [GC (Allocation Failure) [PSYoungGen: 70496K->1376K(71168K)] 434893K->365773K(627712K), 0.0021999 secs] [Times: user=0.00 sys=0.00, real=0.00 secs] 
3061.267: [GC (Allocation Failure) [PSYoungGen: 70496K->1485K(71168K)] 434893K->365882K(627712K), 0.0016078 secs] [Times: user=0.01 sys=0.00, real=0.01 secs] 
3061.668: [GC (Allocation Failure) [PSYoungGen: 70605K->1552K(71168K)] 435002K->365949K(627712K), 0.0016339 secs] [Times: user=0.01 sys=0.00, real=0.01 secs] 
3062.071: [GC (Allocation Failure) [PSYoungGen: 70672K->1501K(71168K)] 435069K->365898K(627712K), 0.0015726 secs] [Times: user=0.01 sys=0.00, real=0.00 secs] 
3062.674: [GC (Allocation Failure) [PSYoungGen: 70621K->1440K(71168K)] 435018K->365837K(627712K), 0.0021717 secs] [Times: user=0.00 sys=0.01, real=0.00 secs] 
3063.208: [GC (Allocation Failure) [PSYoungGen: 70560K->1344K(71168K)] 434957K->365741K(627712K), 0.0028868 secs] [Times: user=0.01 sys=0.00, real=0.01 secs] 
3063.533: [GC (Allocation Failure) [PSYoungGen: 70464K->1376K(71168K)] 434861K->365773K(627712K), 0.0020091 secs] [Times: user=0.01 sys=0.00, real=0.00 secs] 
3063.820: [GC (Allocation Failure) [PSYoungGen: 70496K->1376K(71168K)] 434893K->365773K(627712K), 0.0019669 secs] [Times: user=0.01 sys=0.00, real=0.00 secs] 
3064.278: [GC (Allocation Failure) [PSYoungGen: 70496K->1501K(71168K)] 434893K->365898K(627712K), 0.0016547 secs] [Times: user=0.01 sys=0.00, real=0.01 secs] 
3064.678: [GC (Allocation Failure) [PSYoungGen: 70598K->1613K(71168K)] 434996K->366010K(627712K), 0.0018467 secs] [Times: user=0.01 sys=0.00, real=0.01 secs] 
3065.084: [GC (Allocation Failure) [PSYoungGen: 70733K->1533K(71168K)] 435130K->365930K(627712K), 0.0016074 secs] [Times: user=0.01 sys=0.00, real=0.00 secs] 
3065.486: [GC (Allocation Failure) [PSYoungGen: 70653K->1581K(71168K)] 435050K->365986K(627712K), 0.0016281 secs] [Times: user=0.01 sys=0.00, real=0.00 secs] 
3066.984: [GC (Allocation Failure) [PSYoungGen: 70701K->1392K(71168K)] 435106K->365797K(627712K), 0.0035587 secs] [Times: user=0.01 sys=0.00, real=0.00 secs] 
3067.605: [GC (Allocation Failure) [PSYoungGen: 70512K->1344K(71168K)] 434917K->365765K(627712K), 0.0025110 secs] [Times: user=0.00 sys=0.00, real=0.00 secs] 
3068.059: [GC (Allocation Failure) [PSYoungGen: 70464K->1344K(71168K)] 434885K->365765K(627712K), 0.0020101 secs] [Times: user=0.01 sys=0.00, real=0.00 secs] 
3068.395: [GC (Allocation Failure) [PSYoungGen: 70464K->1376K(71168K)] 434885K->365797K(627712K), 0.0020193 secs] [Times: user=0.01 sys=0.00, real=0.00 secs] 
3068.821: [GC (Allocation Failure) [PSYoungGen: 70487K->1469K(71168K)] 434908K->365890K(627712K), 0.0015592 secs] [Times: user=0.01 sys=0.00, real=0.00 secs] 
3069.224: [GC (Allocation Failure) [PSYoungGen: 70589K->1501K(71168K)] 435010K->365922K(627712K), 0.0016315 secs] [Times: user=0.00 sys=0.00, real=0.00 secs] 
3069.630: [GC (Allocation Failure) [PSYoungGen: 70621K->1501K(71168K)] 435042K->365922K(627712K), 0.0017813 secs] [Times: user=0.01 sys=0.00, real=0.00 secs] 
3070.206: [GC (Allocation Failure) [PSYoungGen: 70621K->1504K(71168K)] 435042K->365925K(627712K), 0.0023293 secs] [Times: user=0.01 sys=0.00, real=0.00 secs] 
3071.045: [GC (Allocation Failure) [PSYoungGen: 70624K->1344K(71168K)] 435045K->365765K(627712K), 0.0022205 secs] [Times: user=0.01 sys=0.00, real=0.00 secs] 
3072.181: [GC (Allocation Failure) [PSYoungGen: 70464K->1376K(71168K)] 434885K->365797K(627712K), 0.0040477 secs] [Times: user=0.01 sys=0.01, real=0.00 secs] 
3073.215: [GC (Allocation Failure) [PSYoungGen: 70496K->1344K(71168K)] 434917K->365765K(627712K), 0.0041715 secs] [Times: user=0.02 sys=0.00, real=0.01 secs] 
3073.979: [GC (Allocation Failure) [PSYoungGen: 70464K->1437K(71168K)] 434885K->365858K(627712K), 0.0022013 secs] [Times: user=0.01 sys=0.00, real=0.00 secs] 
3074.501: [GC (Allocation Failure) [PSYoungGen: 70557K->1504K(71168K)] 434978K->365925K(627712K), 0.0018225 secs] [Times: user=0.01 sys=0.00, real=0.00 secs] 
3074.901: [GC (Allocation Failure) [PSYoungGen: 70624K->1581K(71168K)] 435045K->366002K(627712K), 0.0016855 secs] [Times: user=0.01 sys=0.00, real=0.00 secs] 
3075.304: [GC (Allocation Failure) [PSYoungGen: 70701K->1533K(71168K)] 435122K->365954K(627712K), 0.0016450 secs] [Times: user=0.01 sys=0.00, real=0.00 secs] 
3076.733: [GC (Allocation Failure) [PSYoungGen: 70653K->1456K(71168K)] 435074K->365885K(627712K), 0.0050741 secs] [Times: user=0.02 sys=0.00, real=0.00 secs] 
3077.617: [GC (Allocation Failure) [PSYoungGen: 70576K->1376K(71168K)] 435005K->365805K(627712K), 0.0027722 secs] [Times: user=0.01 sys=0.00, real=0.01 secs] 
3078.264: [GC (Allocation Failure) [PSYoungGen: 70496K->1376K(71168K)] 434925K->365805K(627712K), 0.0025289 secs] [Times: user=0.01 sys=0.00, real=0.00 secs] 
3078.920: [GC (Allocation Failure) [PSYoungGen: 70496K->1376K(71168K)] 434925K->365805K(627712K), 0.0024316 secs] [Times: user=0.01 sys=0.00, real=0.00 secs] 
3079.604: [GC (Allocation Failure) [PSYoungGen: 70496K->1533K(71168K)] 434925K->365962K(627712K), 0.0015972 secs] [Times: user=0.00 sys=0.00, real=0.00 secs] 
3080.006: [GC (Allocation Failure) [PSYoungGen: 70653K->1536K(71168K)] 435082K->365965K(627712K), 0.0017790 secs] [Times: user=0.01 sys=0.00, real=0.00 secs] 
3080.408: [GC (Allocation Failure) [PSYoungGen: 70656K->1597K(71168K)] 435085K->366026K(627712K), 0.0016806 secs] [Times: user=0.01 sys=0.00, real=0.01 secs] 
3080.813: [GC (Allocation Failure) [PSYoungGen: 70717K->320K(71168K)] 435146K->364757K(627712K), 0.0016678 secs] [Times: user=0.01 sys=0.00, real=0.00 secs] 
3081.271: [GC (Allocation Failure) [PSYoungGen: 69440K->1376K(71168K)] 433877K->365813K(627712K), 0.0027227 secs] [Times: user=0.01 sys=0.00, real=0.00 secs] 
3081.854: [GC (Allocation Failure) [PSYoungGen: 70496K->1344K(71168K)] 434933K->365781K(627712K), 0.0027034 secs] [Times: user=0.01 sys=0.00, real=0.00 secs] 
3082.464: [GC (Allocation Failure) [PSYoungGen: 70464K->1344K(71168K)] 434901K->365781K(627712K), 0.0023040 secs] [Times: user=0.01 sys=0.00, real=0.00 secs] 
3083.041: [GC (Allocation Failure) [PSYoungGen: 70464K->1408K(71168K)] 434901K->365845K(627712K), 0.0024608 secs] [Times: user=0.01 sys=0.00, real=0.00 secs] 
3083.544: [GC (Allocation Failure) [PSYoungGen: 70528K->1533K(71168K)] 434965K->365970K(627712K), 0.0015896 secs] [Times: user=0.00 sys=0.00, real=0.00 secs] 
3083.945: [GC (Allocation Failure) [PSYoungGen: 70653K->1533K(71168K)] 435090K->365970K(627712K), 0.0015744 secs] [Times: user=0.01 sys=0.00, real=0.00 secs] 
3084.348: [GC (Allocation Failure) [PSYoungGen: 70653K->1533K(71168K)] 435090K->365970K(627712K), 0.0015640 secs] [Times: user=0.01 sys=0.00, real=0.01 secs] 
3084.707: [GC (Allocation Failure) [PSYoungGen: 70653K->1472K(71168K)] 435090K->365909K(627712K), 0.0016000 secs] [Times: user=0.01 sys=0.00, real=0.00 secs] 
3085.225: [GC (Allocation Failure) [PSYoungGen: 70592K->1360K(71168K)] 435029K->365797K(627712K), 0.0018028 secs] [Times: user=0.01 sys=0.00, real=0.00 secs] 
3085.805: [GC (Allocation Failure) [PSYoungGen: 70480K->1376K(71168K)] 434917K->365813K(627712K), 0.0038766 secs] [Times: user=0.02 sys=0.00, real=0.00 secs] 
3086.561: [GC (Allocation Failure) [PSYoungGen: 70496K->1376K(71168K)] 434933K->365813K(627712K), 0.0026272 secs] [Times: user=0.01 sys=0.00, real=0.00 secs] 
3087.227: [GC (Allocation Failure) [PSYoungGen: 70473K->1469K(71168K)] 434910K->365906K(627712K), 0.0015034 secs] [Times: user=0.01 sys=0.00, real=0.01 secs] 
3087.631: [GC (Allocation Failure) [PSYoungGen: 70589K->1565K(71168K)] 435026K->366002K(627712K), 0.0015895 secs] [Times: user=0.01 sys=0.00, real=0.00 secs] 
3088.032: [GC (Allocation Failure) [PSYoungGen: 70685K->1501K(71168K)] 435122K->365962K(627712K), 0.0016298 secs] [Times: user=0.00 sys=0.00, real=0.00 secs] 
3088.434: [GC (Allocation Failure) [PSYoungGen: 70621K->1533K(71168K)] 435082K->366002K(627712K), 0.0016471 secs] [Times: user=0.01 sys=0.00, real=0.00 secs] 
3089.360: [GC (Allocation Failure) [PSYoungGen: 70653K->1392K(71168K)] 435122K->365861K(627712K), 0.0027220 secs] [Times: user=0.01 sys=0.00, real=0.00 secs] 
3090.159: [GC (Allocation Failure) [PSYoungGen: 70512K->1376K(71168K)] 434981K->365845K(627712K), 0.0026637 secs] [Times: user=0.01 sys=0.00, real=0.00 secs] 
3090.930: [GC (Allocation Failure) [PSYoungGen: 70496K->1392K(71168K)] 434965K->365861K(627712K), 0.0041273 secs] [Times: user=0.02 sys=0.00, real=0.00 secs] 
3091.861: [GC (Allocation Failure) [PSYoungGen: 70512K->1312K(71168K)] 434981K->365781K(627712K), 0.0035425 secs] [Times: user=0.01 sys=0.00, real=0.00 secs] 
3092.744: [GC (Allocation Failure) [PSYoungGen: 70432K->1517K(71168K)] 434901K->365986K(627712K), 0.0016486 secs] [Times: user=0.01 sys=0.00, real=0.00 secs] 
3093.145: [GC (Allocation Failure) [PSYoungGen: 70637K->1549K(71168K)] 435106K->366018K(627712K), 0.0016704 secs] [Times: user=0.01 sys=0.00, real=0.00 secs] 
3093.547: [GC (Allocation Failure) [PSYoungGen: 70669K->1501K(71168K)] 435138K->365970K(627712K), 0.0016770 secs] [Times: user=0.00 sys=0.00, real=0.00 secs] 
3094.103: [GC (Allocation Failure) [PSYoungGen: 70621K->1536K(71168K)] 435090K->366005K(627712K), 0.0021153 secs] [Times: user=0.01 sys=0.00, real=0.00 secs] 
3094.690: [GC (Allocation Failure) [PSYoungGen: 70656K->1408K(71168K)] 435125K->365877K(627712K), 0.0035667 secs] [Times: user=0.01 sys=0.00, real=0.00 secs] 
3095.238: [GC (Allocation Failure) [PSYoungGen: 70528K->1360K(71168K)] 434997K->365829K(627712K), 0.0030177 secs] [Times: user=0.01 sys=0.00, real=0.01 secs] 
3095.790: [GC (Allocation Failure) [PSYoungGen: 70480K->1344K(71168K)] 434949K->365813K(627712K), 0.0025951 secs] [Times: user=0.01 sys=0.00, real=0.00 secs] 
3096.692: [GC (Allocation Failure) [PSYoungGen: 70434K->1469K(71168K)] 434903K->365938K(627712K), 0.0021399 secs] [Times: user=0.00 sys=0.00, real=0.00 secs] 
3097.231: [GC (Allocation Failure) [PSYoungGen: 70589K->1568K(71168K)] 435058K->366037K(627712K), 0.0018088 secs] [Times: user=0.01 sys=0.00, real=0.00 secs] 
3097.690: [GC (Allocation Failure) [PSYoungGen: 70688K->1616K(71168K)] 435157K->366085K(627712K), 0.0018794 secs] [Times: user=0.01 sys=0.00, real=0.00 secs] 
3098.097: [GC (Allocation Failure) [PSYoungGen: 70736K->1581K(71168K)] 435205K->366050K(627712K), 0.0016771 secs] [Times: user=0.01 sys=0.00, real=0.00 secs] 
3098.477: [GC (Allocation Failure) [PSYoungGen: 70701K->1456K(71168K)] 435170K->365933K(627712K), 0.0025988 secs] [Times: user=0.01 sys=0.00, real=0.01 secs] 
3098.765: [GC (Allocation Failure) [PSYoungGen: 70576K->1376K(71168K)] 435053K->365853K(627712K), 0.0019637 secs] [Times: user=0.01 sys=0.00, real=0.00 secs] 
3099.067: [GC (Allocation Failure) [PSYoungGen: 70496K->1376K(71168K)] 434973K->365861K(627712K), 0.0020033 secs] [Times: user=0.01 sys=0.00, real=0.00 secs] 
3099.354: [GC (Allocation Failure) [PSYoungGen: 70496K->1344K(71168K)] 434981K->365829K(627712K), 0.0018677 secs] [Times: user=0.00 sys=0.00, real=0.00 secs] 
3099.786: [GC (Allocation Failure) [PSYoungGen: 70464K->1501K(71168K)] 434949K->365986K(627712K), 0.0016108 secs] [Times: user=0.00 sys=0.00, real=0.00 secs] 
3100.249: [GC (Allocation Failure) [PSYoungGen: 70621K->1533K(71168K)] 435106K->366018K(627712K), 0.0016409 secs] [Times: user=0.01 sys=0.00, real=0.01 secs] 
3100.654: [GC (Allocation Failure) [PSYoungGen: 70653K->1584K(71168K)] 435138K->366069K(627712K), 0.0016655 secs] [Times: user=0.00 sys=0.00, real=0.00 secs] 
3101.058: [GC (Allocation Failure) [PSYoungGen: 70294K->320K(71168K)] 434779K->364805K(627712K), 0.0016665 secs] [Times: user=0.01 sys=0.00, real=0.01 secs] 
3101.905: [GC (Allocation Failure) [PSYoungGen: 69440K->1344K(71168K)] 433925K->365829K(627712K), 0.0031533 secs] [Times: user=0.01 sys=0.00, real=0.00 secs] 
3102.481: [GC (Allocation Failure) [PSYoungGen: 70464K->1344K(71168K)] 434949K->365829K(627712K), 0.0023840 secs] [Times: user=0.01 sys=0.00, real=0.00 secs] 
3103.150: [GC (Allocation Failure) [PSYoungGen: 70464K->1376K(71168K)] 434949K->365861K(627712K), 0.0025720 secs] [Times: user=0.01 sys=0.00, real=0.00 secs] 
3103.810: [GC (Allocation Failure) [PSYoungGen: 70496K->1376K(71168K)] 434981K->365861K(627712K), 0.0025787 secs] [Times: user=0.01 sys=0.00, real=0.00 secs] 
3104.384: [GC (Allocation Failure) [PSYoungGen: 70496K->1533K(71168K)] 434981K->366018K(627712K), 0.0018448 secs] [Times: user=0.01 sys=0.00, real=0.00 secs] 
3104.788: [GC (Allocation Failure) [PSYoungGen: 70653K->1501K(71168K)] 435138K->365986K(627712K), 0.0016273 secs] [Times: user=0.01 sys=0.00, real=0.01 secs] 
3105.191: [GC (Allocation Failure) [PSYoungGen: 70621K->1501K(71168K)] 435106K->365986K(627712K), 0.0016492 secs] [Times: user=0.00 sys=0.00, real=0.00 secs] 
3105.572: [GC (Allocation Failure) [PSYoungGen: 70621K->1456K(71168K)] 435106K->365941K(627712K), 0.0018345 secs] [Times: user=0.01 sys=0.00, real=0.00 secs] 
3105.858: [GC (Allocation Failure) [PSYoungGen: 70576K->1376K(71168K)] 435061K->365861K(627712K), 0.0017927 secs] [Times: user=0.01 sys=0.00, real=0.01 secs] 
3106.290: [GC (Allocation Failure) [PSYoungGen: 70496K->1376K(71168K)] 434981K->365861K(627712K), 0.0018302 secs] [Times: user=0.01 sys=0.00, real=0.00 secs] 
3106.830: [GC (Allocation Failure) [PSYoungGen: 70496K->1344K(71168K)] 434981K->365829K(627712K), 0.0024680 secs] [Times: user=0.01 sys=0.00, real=0.00 secs] 
3107.334: [GC (Allocation Failure) [PSYoungGen: 70464K->1469K(71168K)] 434949K->365954K(627712K), 0.0016712 secs] [Times: user=0.01 sys=0.00, real=0.00 secs] 
3107.735: [GC (Allocation Failure) [PSYoungGen: 70589K->1533K(71168K)] 435074K->366042K(627712K), 0.0016027 secs] [Times: user=0.00 sys=0.00, real=0.00 secs] 
3108.200: [GC (Allocation Failure) [PSYoungGen: 70653K->1520K(71168K)] 435162K->366029K(627712K), 0.0018668 secs] [Times: user=0.01 sys=0.00, real=0.00 secs] 
3108.603: [GC (Allocation Failure) [PSYoungGen: 70640K->1501K(71168K)] 435149K->366018K(627712K), 0.0016294 secs] [Times: user=0.00 sys=0.00, real=0.00 secs] 
3108.944: [GC (Allocation Failure) [PSYoungGen: 70621K->1376K(71168K)] 435138K->365893K(627712K), 0.0024116 secs] [Times: user=0.01 sys=0.00, real=0.00 secs] 
3109.232: [GC (Allocation Failure) [PSYoungGen: 70496K->1344K(71168K)] 435013K->365861K(627712K), 0.0019335 secs] [Times: user=0.01 sys=0.00, real=0.00 secs] 
3109.723: [GC (Allocation Failure) [PSYoungGen: 70464K->1344K(71168K)] 434981K->365861K(627712K), 0.0035914 secs] [Times: user=0.01 sys=0.00, real=0.00 secs] 
3110.424: [GC (Allocation Failure) [PSYoungGen: 70464K->1344K(71168K)] 434981K->365861K(627712K), 0.0024893 secs] [Times: user=0.01 sys=0.00, real=0.00 secs] 
3111.080: [GC (Allocation Failure) [PSYoungGen: 70464K->1469K(71168K)] 434981K->365986K(627712K), 0.0015843 secs] [Times: user=0.01 sys=0.00, real=0.00 secs] 
3111.544: [GC (Allocation Failure) [PSYoungGen: 70589K->1549K(71168K)] 435106K->366066K(627712K), 0.0016838 secs] [Times: user=0.01 sys=0.00, real=0.00 secs] 
3111.946: [GC (Allocation Failure) [PSYoungGen: 70669K->1565K(71168K)] 435186K->366082K(627712K), 0.0017030 secs] [Times: user=0.00 sys=0.00, real=0.00 secs] 
3112.455: [GC (Allocation Failure) [PSYoungGen: 70685K->1504K(71168K)] 435202K->366021K(627712K), 0.0021254 secs] [Times: user=0.01 sys=0.00, real=0.00 secs] 
3113.116: [GC (Allocation Failure) [PSYoungGen: 70624K->1328K(71168K)] 435141K->365845K(627712K), 0.0032342 secs] [Times: user=0.02 sys=0.00, real=0.01 secs] 
3113.769: [GC (Allocation Failure) [PSYoungGen: 70448K->1376K(71168K)] 434965K->365893K(627712K), 0.0030295 secs] [Times: user=0.01 sys=0.00, real=0.01 secs] 
3114.469: [GC (Allocation Failure) [PSYoungGen: 70496K->1344K(71168K)] 435013K->365861K(627712K), 0.0027115 secs] [Times: user=0.01 sys=0.00, real=0.00 secs] 
3115.185: [GC (Allocation Failure) [PSYoungGen: 70447K->1437K(71168K)] 434964K->365962K(627712K), 0.0024091 secs] [Times: user=0.01 sys=0.00, real=0.00 secs] 
3115.642: [GC (Allocation Failure) [PSYoungGen: 70557K->1536K(71168K)] 435082K->366061K(627712K), 0.0017240 secs] [Times: user=0.01 sys=0.00, real=0.00 secs] 
3116.046: [GC (Allocation Failure) [PSYoungGen: 70656K->1552K(71168K)] 435181K->366077K(627712K), 0.0017304 secs] [Times: user=0.01 sys=0.00, real=0.00 secs] 
3116.448: [GC (Allocation Failure) [PSYoungGen: 70672K->1565K(71168K)] 435197K->366090K(627712K), 0.0016579 secs] [Times: user=0.00 sys=0.00, real=0.01 secs] 
3117.069: [GC (Allocation Failure) [PSYoungGen: 70685K->1440K(71168K)] 435210K->365965K(627712K), 0.0021075 secs] [Times: user=0.01 sys=0.00, real=0.00 secs] 
3117.474: [GC (Allocation Failure) [PSYoungGen: 70560K->1376K(71168K)] 435085K->365901K(627712K), 0.0022838 secs] [Times: user=0.01 sys=0.00, real=0.00 secs] 
3117.762: [GC (Allocation Failure) [PSYoungGen: 70496K->1344K(71168K)] 435021K->365869K(627712K), 0.0026850 secs] [Times: user=0.01 sys=0.00, real=0.00 secs] 
3118.115: [GC (Allocation Failure) [PSYoungGen: 70464K->1344K(71168K)] 434989K->365885K(627712K), 0.0019406 secs] [Times: user=0.01 sys=0.00, real=0.00 secs] 
3118.609: [GC (Allocation Failure) [PSYoungGen: 70464K->1501K(71168K)] 435005K->366042K(627712K), 0.0016329 secs] [Times: user=0.00 sys=0.00, real=0.00 secs] 
3119.014: [GC (Allocation Failure) [PSYoungGen: 70621K->1533K(71168K)] 435162K->366074K(627712K), 0.0016885 secs] [Times: user=0.01 sys=0.00, real=0.00 secs] 
3119.414: [GC (Allocation Failure) [PSYoungGen: 70653K->1501K(71168K)] 435194K->366042K(627712K), 0.0016642 secs] [Times: user=0.01 sys=0.00, real=0.00 secs] 
3119.815: [GC (Allocation Failure) [PSYoungGen: 70621K->224K(71168K)] 435162K->364773K(627712K), 0.0016504 secs] [Times: user=0.01 sys=0.00, real=0.00 secs] 
3121.081: [GC (Allocation Failure) [PSYoungGen: 69344K->1376K(71168K)] 433893K->365925K(627712K), 0.0028587 secs] [Times: user=0.01 sys=0.00, real=0.00 secs] 
3122.093: [GC (Allocation Failure) [PSYoungGen: 70496K->1376K(71168K)] 435045K->365925K(627712K), 0.0042546 secs] [Times: user=0.02 sys=0.00, real=0.00 secs] 
3122.725: [GC (Allocation Failure) [PSYoungGen: 70496K->1360K(71168K)] 435045K->365909K(627712K), 0.0026936 secs] [Times: user=0.01 sys=0.01, real=0.00 secs] 
3123.240: [GC (Allocation Failure) [PSYoungGen: 70480K->1376K(71168K)] 435029K->365925K(627712K), 0.0021215 secs] [Times: user=0.01 sys=0.00, real=0.00 secs] 
3123.736: [GC (Allocation Failure) [PSYoungGen: 70496K->1533K(71168K)] 435045K->366082K(627712K), 0.0016260 secs] [Times: user=0.00 sys=0.00, real=0.00 secs] 
3124.142: [GC (Allocation Failure) [PSYoungGen: 70653K->1501K(71168K)] 435202K->366050K(627712K), 0.0016383 secs] [Times: user=0.01 sys=0.00, real=0.00 secs] 
3124.544: [GC (Allocation Failure) [PSYoungGen: 70621K->1597K(71168K)] 435170K->366146K(627712K), 0.0016586 secs] [Times: user=0.01 sys=0.00, real=0.00 secs] 
3125.484: [GC (Allocation Failure) [PSYoungGen: 70717K->1456K(71168K)] 435266K->366005K(627712K), 0.0020453 secs] [Times: user=0.01 sys=0.00, real=0.00 secs] 
3126.655: [GC (Allocation Failure) [PSYoungGen: 70576K->1344K(71168K)] 435125K->365893K(627712K), 0.0023541 secs] [Times: user=0.01 sys=0.00, real=0.00 secs] 
3127.642: [GC (Allocation Failure) [PSYoungGen: 70464K->1376K(71168K)] 435013K->365925K(627712K), 0.0024166 secs] [Times: user=0.01 sys=0.00, real=0.00 secs] 
3128.431: [GC (Allocation Failure) [PSYoungGen: 70496K->1376K(71168K)] 435045K->365925K(627712K), 0.0024698 secs] [Times: user=0.01 sys=0.00, real=0.00 secs] 
3129.130: [GC (Allocation Failure) [PSYoungGen: 70496K->1453K(71168K)] 435045K->366002K(627712K), 0.0020046 secs] [Times: user=0.01 sys=0.00, real=0.00 secs] 
3129.613: [GC (Allocation Failure) [PSYoungGen: 70573K->1533K(71168K)] 435122K->366082K(627712K), 0.0016520 secs] [Times: user=0.01 sys=0.00, real=0.00 secs] 
3130.016: [GC (Allocation Failure) [PSYoungGen: 70653K->1501K(71168K)] 435202K->366050K(627712K), 0.0017019 secs] [Times: user=0.00 sys=0.00, real=0.00 secs] 
3130.482: [GC (Allocation Failure) [PSYoungGen: 70621K->1501K(71168K)] 435170K->366050K(627712K), 0.0015886 secs] [Times: user=0.00 sys=0.00, real=0.00 secs] 
3131.077: [GC (Allocation Failure) [PSYoungGen: 70621K->1408K(71168K)] 435170K->365965K(627712K), 0.0032732 secs] [Times: user=0.02 sys=0.00, real=0.01 secs] 
3131.645: [GC (Allocation Failure) [PSYoungGen: 70528K->1376K(71168K)] 435085K->365933K(627712K), 0.0033187 secs] [Times: user=0.01 sys=0.00, real=0.00 secs] 
3132.259: [GC (Allocation Failure) [PSYoungGen: 70496K->1440K(71168K)] 435053K->365997K(627712K), 0.0028229 secs] [Times: user=0.01 sys=0.00, real=0.01 secs] 
3133.098: [GC (Allocation Failure) [PSYoungGen: 70560K->1408K(71168K)] 435117K->365965K(627712K), 0.0025059 secs] [Times: user=0.01 sys=0.00, real=0.01 secs] 
3133.717: [GC (Allocation Failure) [PSYoungGen: 70528K->1501K(71168K)] 435085K->366058K(627712K), 0.0016187 secs] [Times: user=0.01 sys=0.00, real=0.00 secs] 
3134.121: [GC (Allocation Failure) [PSYoungGen: 70621K->1552K(71168K)] 435178K->366109K(627712K), 0.0016383 secs] [Times: user=0.00 sys=0.00, real=0.00 secs] 
3134.523: [GC (Allocation Failure) [PSYoungGen: 70672K->1597K(71168K)] 435229K->366154K(627712K), 0.0016039 secs] [Times: user=0.01 sys=0.00, real=0.00 secs] 
3135.061: [GC (Allocation Failure) [PSYoungGen: 70717K->1504K(71168K)] 435274K->366061K(627712K), 0.0021406 secs] [Times: user=0.01 sys=0.00, real=0.00 secs] 
3135.632: [GC (Allocation Failure) [PSYoungGen: 70624K->1376K(71168K)] 435181K->365933K(627712K), 0.0020720 secs] [Times: user=0.01 sys=0.00, real=0.00 secs] 
3136.209: [GC (Allocation Failure) [PSYoungGen: 70496K->1376K(71168K)] 435053K->365941K(627712K), 0.0022656 secs] [Times: user=0.01 sys=0.00, real=0.00 secs] 
3136.791: [GC (Allocation Failure) [PSYoungGen: 70496K->1344K(71168K)] 435061K->365909K(627712K), 0.0020777 secs] [Times: user=0.01 sys=0.00, real=0.00 secs] 
3137.477: [GC (Allocation Failure) [PSYoungGen: 70464K->1405K(71168K)] 435029K->365970K(627712K), 0.0020447 secs] [Times: user=0.01 sys=0.00, real=0.01 secs] 
3137.910: [GC (Allocation Failure) [PSYoungGen: 70525K->1613K(71168K)] 435090K->366186K(627712K), 0.0016029 secs] [Times: user=0.00 sys=0.00, real=0.00 secs] 
3138.312: [GC (Allocation Failure) [PSYoungGen: 70722K->1501K(71168K)] 435295K->366074K(627712K), 0.0015972 secs] [Times: user=0.01 sys=0.00, real=0.00 secs] 
3138.715: [GC (Allocation Failure) [PSYoungGen: 70621K->1533K(71168K)] 435194K->366130K(627712K), 0.0016778 secs] [Times: user=0.01 sys=0.00, real=0.00 secs] 
3139.282: [GC (Allocation Failure) [PSYoungGen: 70653K->1424K(71168K)] 435250K->366021K(627712K), 0.0019624 secs] [Times: user=0.01 sys=0.00, real=0.00 secs] 
3139.890: [GC (Allocation Failure) [PSYoungGen: 70544K->1344K(71168K)] 435141K->365941K(627712K), 0.0019174 secs] [Times: user=0.00 sys=0.00, real=0.00 secs] 
3140.817: [GC (Allocation Failure) [PSYoungGen: 70464K->1376K(71168K)] 435061K->365973K(627712K), 0.0021828 secs] [Times: user=0.01 sys=0.00, real=0.01 secs] 
3141.751: [GC (Allocation Failure) [PSYoungGen: 70496K->1344K(71168K)] 435093K->365941K(627712K), 0.0021373 secs] [Times: user=0.01 sys=0.00, real=0.00 secs] 
3142.435: [GC (Allocation Failure) [PSYoungGen: 70464K->1472K(71168K)] 435061K->366069K(627712K), 0.0015910 secs] [Times: user=0.01 sys=0.00, real=0.00 secs] 
3142.836: [GC (Allocation Failure) [PSYoungGen: 70592K->1581K(71168K)] 435189K->366178K(627712K), 0.0016606 secs] [Times: user=0.00 sys=0.00, real=0.00 secs] 
3143.237: [GC (Allocation Failure) [PSYoungGen: 70701K->1549K(71168K)] 435298K->366146K(627712K), 0.0016972 secs] [Times: user=0.01 sys=0.00, real=0.01 secs] 
3143.641: [GC (Allocation Failure) [PSYoungGen: 70669K->1533K(71168K)] 435266K->366138K(627712K), 0.0016641 secs] [Times: user=0.01 sys=0.00, real=0.00 secs] 
3143.983: [GC (Allocation Failure) [PSYoungGen: 70653K->1376K(71168K)] 435258K->365981K(627712K), 0.0018758 secs] [Times: user=0.01 sys=0.00, real=0.00 secs] 
3144.423: [GC (Allocation Failure) [PSYoungGen: 70496K->1376K(71168K)] 435101K->365981K(627712K), 0.0019507 secs] [Times: user=0.00 sys=0.01, real=0.00 secs] 
3144.984: [GC (Allocation Failure) [PSYoungGen: 70496K->1312K(71168K)] 435101K->365917K(627712K), 0.0022479 secs] [Times: user=0.01 sys=0.00, real=0.00 secs] 
3145.550: [GC (Allocation Failure) [PSYoungGen: 70432K->1360K(71168K)] 435037K->365965K(627712K), 0.0022598 secs] [Times: user=0.01 sys=0.00, real=0.00 secs] 
3146.019: [GC (Allocation Failure) [PSYoungGen: 70463K->1565K(71168K)] 435068K->366170K(627712K), 0.0015949 secs] [Times: user=0.01 sys=0.00, real=0.00 secs] 
3146.427: [GC (Allocation Failure) [PSYoungGen: 70685K->1597K(71168K)] 435290K->366202K(627712K), 0.0015991 secs] [Times: user=0.01 sys=0.00, real=0.01 secs] 
3146.830: [GC (Allocation Failure) [PSYoungGen: 70717K->1520K(71168K)] 435322K->366125K(627712K), 0.0016164 secs] [Times: user=0.01 sys=0.00, real=0.00 secs] 
3147.292: [GC (Allocation Failure) [PSYoungGen: 70640K->1456K(71168K)] 435245K->366061K(627712K), 0.0019084 secs] [Times: user=0.00 sys=0.00, real=0.00 secs] 
3147.579: [GC (Allocation Failure) [PSYoungGen: 70576K->1376K(71168K)] 435181K->365981K(627712K), 0.0018676 secs] [Times: user=0.01 sys=0.00, real=0.00 secs] 
3148.149: [GC (Allocation Failure) [PSYoungGen: 70496K->1376K(71168K)] 435101K->365997K(627712K), 0.0027537 secs] [Times: user=0.01 sys=0.00, real=0.00 secs] 
3148.747: [GC (Allocation Failure) [PSYoungGen: 70496K->1328K(71168K)] 435117K->365949K(627712K), 0.0027217 secs] [Times: user=0.01 sys=0.00, real=0.01 secs] 
3149.434: [GC (Allocation Failure) [PSYoungGen: 70448K->1389K(71168K)] 435069K->366010K(627712K), 0.0018824 secs] [Times: user=0.01 sys=0.00, real=0.00 secs] 
3149.844: [GC (Allocation Failure) [PSYoungGen: 70509K->1581K(71168K)] 435130K->366202K(627712K), 0.0016615 secs] [Times: user=0.01 sys=0.00, real=0.00 secs] 
3150.248: [GC (Allocation Failure) [PSYoungGen: 70701K->1501K(71168K)] 435322K->366122K(627712K), 0.0016034 secs] [Times: user=0.00 sys=0.00, real=0.01 secs] 
3150.651: [GC (Allocation Failure) [PSYoungGen: 70621K->1565K(71168K)] 435242K->366186K(627712K), 0.0016212 secs] [Times: user=0.00 sys=0.00, real=0.00 secs] 
3151.267: [GC (Allocation Failure) [PSYoungGen: 70685K->1424K(71168K)] 435306K->366045K(627712K), 0.0037437 secs] [Times: user=0.01 sys=0.00, real=0.01 secs] 
3151.867: [GC (Allocation Failure) [PSYoungGen: 70544K->1376K(71168K)] 435165K->365997K(627712K), 0.0028706 secs] [Times: user=0.01 sys=0.00, real=0.01 secs] 
3152.405: [GC (Allocation Failure) [PSYoungGen: 70496K->1376K(71168K)] 435117K->365997K(627712K), 0.0023879 secs] [Times: user=0.01 sys=0.00, real=0.00 secs] 
3153.035: [GC (Allocation Failure) [PSYoungGen: 70496K->1328K(71168K)] 435117K->365949K(627712K), 0.0023142 secs] [Times: user=0.01 sys=0.00, real=0.00 secs] 
3153.595: [GC (Allocation Failure) [PSYoungGen: 70448K->1520K(71168K)] 435069K->366141K(627712K), 0.0017190 secs] [Times: user=0.00 sys=0.00, real=0.00 secs] 
3153.997: [GC (Allocation Failure) [PSYoungGen: 70640K->1565K(71168K)] 435261K->366186K(627712K), 0.0016308 secs] [Times: user=0.01 sys=0.00, real=0.01 secs] 
3154.399: [GC (Allocation Failure) [PSYoungGen: 70685K->1549K(71168K)] 435306K->366170K(627712K), 0.0016507 secs] [Times: user=0.01 sys=0.00, real=0.00 secs] 
3154.873: [GC (Allocation Failure) [PSYoungGen: 70669K->1504K(71168K)] 435290K->366125K(627712K), 0.0019897 secs] [Times: user=0.00 sys=0.00, real=0.00 secs] 
3155.572: [GC (Allocation Failure) [PSYoungGen: 70624K->1376K(71168K)] 435245K->365997K(627712K), 0.0038224 secs] [Times: user=0.02 sys=0.00, real=0.00 secs] 
3156.115: [GC (Allocation Failure) [PSYoungGen: 70496K->1376K(71168K)] 435117K->365997K(627712K), 0.0019998 secs] [Times: user=0.00 sys=0.00, real=0.00 secs] 
3156.437: [GC (Allocation Failure) [PSYoungGen: 70496K->1408K(71168K)] 435117K->366029K(627712K), 0.0019477 secs] [Times: user=0.00 sys=0.00, real=0.01 secs] 
3156.753: [GC (Allocation Failure) [PSYoungGen: 70528K->1488K(71168K)] 435149K->366109K(627712K), 0.0019335 secs] [Times: user=0.00 sys=0.00, real=0.00 secs] 
3157.159: [GC (Allocation Failure) [PSYoungGen: 70608K->1552K(71168K)] 435229K->366173K(627712K), 0.0017540 secs] [Times: user=0.01 sys=0.00, real=0.00 secs] 
3157.561: [GC (Allocation Failure) [PSYoungGen: 70672K->1501K(71168K)] 435293K->366146K(627712K), 0.0016091 secs] [Times: user=0.00 sys=0.00, real=0.00 secs] 
3157.963: [GC (Allocation Failure) [PSYoungGen: 70621K->1533K(71168K)] 435266K->366178K(627712K), 0.0016250 secs] [Times: user=0.00 sys=0.00, real=0.00 secs] 
3158.586: [GC (Allocation Failure) [PSYoungGen: 70653K->1424K(71168K)] 435298K->366069K(627712K), 0.0018503 secs] [Times: user=0.01 sys=0.00, real=0.00 secs] 
3159.331: [GC (Allocation Failure) [PSYoungGen: 70544K->1408K(71168K)] 435189K->366053K(627712K), 0.0023657 secs] [Times: user=0.01 sys=0.00, real=0.00 secs] 
3159.936: [GC (Allocation Failure) [PSYoungGen: 70528K->1376K(71168K)] 435173K->366021K(627712K), 0.0026255 secs] [Times: user=0.01 sys=0.00, real=0.00 secs] 
3160.603: [GC (Allocation Failure) [PSYoungGen: 70496K->1344K(71168K)] 435141K->365989K(627712K), 0.0030079 secs] [Times: user=0.01 sys=0.00, real=0.00 secs] 
3161.444: [GC (Allocation Failure) [PSYoungGen: 70464K->1469K(71168K)] 435109K->366114K(627712K), 0.0018166 secs] [Times: user=0.01 sys=0.00, real=0.00 secs] 
3161.845: [GC (Allocation Failure) [PSYoungGen: 70589K->1536K(71168K)] 435234K->366181K(627712K), 0.0017096 secs] [Times: user=0.01 sys=0.00, real=0.00 secs] 
3162.247: [GC (Allocation Failure) [PSYoungGen: 70656K->1501K(71168K)] 435301K->366146K(627712K), 0.0016357 secs] [Times: user=0.01 sys=0.00, real=0.01 secs] 
3162.709: [GC (Allocation Failure) [PSYoungGen: 70621K->1581K(71168K)] 435266K->366234K(627712K), 0.0017039 secs] [Times: user=0.01 sys=0.00, real=0.00 secs] 
3163.066: [GC (Allocation Failure) [PSYoungGen: 70701K->1408K(71168K)] 435354K->366061K(627712K), 0.0022809 secs] [Times: user=0.01 sys=0.00, real=0.00 secs] 
3163.625: [GC (Allocation Failure) [PSYoungGen: 70528K->1344K(71168K)] 435181K->365997K(627712K), 0.0021182 secs] [Times: user=0.00 sys=0.00, real=0.00 secs] 
3164.162: [GC (Allocation Failure) [PSYoungGen: 70464K->1376K(71168K)] 435117K->366029K(627712K), 0.0029879 secs] [Times: user=0.01 sys=0.00, real=0.00 secs] 
3164.766: [GC (Allocation Failure) [PSYoungGen: 70496K->1344K(71168K)] 435149K->365997K(627712K), 0.0027282 secs] [Times: user=0.01 sys=0.00, real=0.00 secs] 
3165.262: [GC (Allocation Failure) [PSYoungGen: 70464K->1533K(71168K)] 435117K->366186K(627712K), 0.0017302 secs] [Times: user=0.01 sys=0.00, real=0.00 secs] 
3165.728: [GC (Allocation Failure) [PSYoungGen: 70653K->1552K(71168K)] 435306K->366205K(627712K), 0.0016603 secs] [Times: user=0.01 sys=0.00, real=0.01 secs] 
3166.130: [GC (Allocation Failure) [PSYoungGen: 70672K->1501K(71168K)] 435325K->366154K(627712K), 0.0016307 secs] [Times: user=0.01 sys=0.00, real=0.00 secs] 
3166.528: [GC (Allocation Failure) [PSYoungGen: 70621K->1472K(71168K)] 435274K->366125K(627712K), 0.0024278 secs] [Times: user=0.01 sys=0.00, real=0.01 secs] 
3166.824: [GC (Allocation Failure) [PSYoungGen: 70592K->1408K(71168K)] 435245K->366061K(627712K), 0.0020631 secs] [Times: user=0.01 sys=0.00, real=0.00 secs] 
3167.111: [GC (Allocation Failure) [PSYoungGen: 70528K->1424K(71168K)] 435181K->366077K(627712K), 0.0019148 secs] [Times: user=0.00 sys=0.00, real=0.00 secs] 
3167.540: [GC (Allocation Failure) [PSYoungGen: 70544K->1408K(71168K)] 435197K->366085K(627712K), 0.0022783 secs] [Times: user=0.01 sys=0.00, real=0.00 secs] 
3168.145: [GC (Allocation Failure) [PSYoungGen: 70528K->1501K(71168K)] 435205K->366178K(627712K), 0.0016149 secs] [Times: user=0.00 sys=0.00, real=0.00 secs] 
3168.555: [GC (Allocation Failure) [PSYoungGen: 70617K->1565K(71168K)] 435294K->366242K(627712K), 0.0016029 secs] [Times: user=0.01 sys=0.00, real=0.00 secs] 
3169.025: [GC (Allocation Failure) [PSYoungGen: 70685K->1504K(71168K)] 435362K->366181K(627712K), 0.0017016 secs] [Times: user=0.01 sys=0.00, real=0.00 secs] 
3169.490: [GC (Allocation Failure) [PSYoungGen: 70624K->1613K(71168K)] 435301K->366290K(627712K), 0.0016743 secs] [Times: user=0.01 sys=0.00, real=0.00 secs] 
3170.051: [GC (Allocation Failure) [PSYoungGen: 70733K->1424K(71168K)] 435410K->366101K(627712K), 0.0024700 secs] [Times: user=0.01 sys=0.00, real=0.00 secs] 
3170.631: [GC (Allocation Failure) [PSYoungGen: 70544K->1344K(71168K)] 435221K->366021K(627712K), 0.0023340 secs] [Times: user=0.01 sys=0.00, real=0.00 secs] 
3171.269: [GC (Allocation Failure) [PSYoungGen: 70464K->1376K(71168K)] 435141K->366053K(627712K), 0.0026171 secs] [Times: user=0.01 sys=0.00, real=0.00 secs] 
3171.783: [GC (Allocation Failure) [PSYoungGen: 70496K->1312K(71168K)] 435173K->365989K(627712K), 0.0021629 secs] [Times: user=0.01 sys=0.00, real=0.00 secs] 
3172.336: [GC (Allocation Failure) [PSYoungGen: 70432K->1501K(71168K)] 435109K->366178K(627712K), 0.0016374 secs] [Times: user=0.01 sys=0.00, real=0.00 secs] 
3172.738: [GC (Allocation Failure) [PSYoungGen: 70621K->1597K(71168K)] 435298K->366274K(627712K), 0.0018379 secs] [Times: user=0.00 sys=0.00, real=0.01 secs] 
3173.142: [GC (Allocation Failure) [PSYoungGen: 70717K->1584K(71168K)] 435394K->366261K(627712K), 0.0017035 secs] [Times: user=0.01 sys=0.00, real=0.00 secs] 
3173.564: [GC (Allocation Failure) [PSYoungGen: 70704K->1456K(71168K)] 435381K->366141K(627712K), 0.0018898 secs] [Times: user=0.00 sys=0.00, real=0.00 secs] 
3174.174: [GC (Allocation Failure) [PSYoungGen: 70576K->1344K(71168K)] 435261K->366029K(627712K), 0.0019075 secs] [Times: user=0.01 sys=0.00, real=0.00 secs] 
3174.566: [GC (Allocation Failure) [PSYoungGen: 70464K->1344K(71168K)] 435149K->366029K(627712K), 0.0019852 secs] [Times: user=0.01 sys=0.00, real=0.00 secs] 
3174.853: [GC (Allocation Failure) [PSYoungGen: 70464K->1344K(71168K)] 435149K->366029K(627712K), 0.0019212 secs] [Times: user=0.00 sys=0.00, real=0.00 secs] 
3175.278: [GC (Allocation Failure) [PSYoungGen: 70464K->1469K(71168K)] 435149K->366154K(627712K), 0.0021065 secs] [Times: user=0.01 sys=0.00, real=0.01 secs] 
3175.781: [GC (Allocation Failure) [PSYoungGen: 70589K->1568K(71168K)] 435274K->366253K(627712K), 0.0016947 secs] [Times: user=0.01 sys=0.00, real=0.00 secs] 
3176.184: [GC (Allocation Failure) [PSYoungGen: 70688K->1501K(71168K)] 435373K->366186K(627712K), 0.0015691 secs] [Times: user=0.00 sys=0.00, real=0.00 secs] 
3176.590: [GC (Allocation Failure) [PSYoungGen: 70621K->1565K(71168K)] 435306K->366250K(627712K), 0.0016368 secs] [Times: user=0.01 sys=0.00, real=0.00 secs] 
3177.046: [GC (Allocation Failure) [PSYoungGen: 70685K->1456K(71168K)] 435370K->366141K(627712K), 0.0028182 secs] [Times: user=0.01 sys=0.00, real=0.01 secs] 
3177.334: [GC (Allocation Failure) [PSYoungGen: 70576K->1376K(71168K)] 435261K->366077K(627712K), 0.0020551 secs] [Times: user=0.01 sys=0.00, real=0.00 secs] 
3177.622: [GC (Allocation Failure) [PSYoungGen: 70496K->1312K(71168K)] 435197K->366013K(627712K), 0.0020127 secs] [Times: user=0.01 sys=0.00, real=0.00 secs] 
3178.009: [GC (Allocation Failure) [PSYoungGen: 70432K->1376K(71168K)] 435133K->366077K(627712K), 0.0021095 secs] [Times: user=0.00 sys=0.00, real=0.01 secs] 
3178.539: [GC (Allocation Failure) [PSYoungGen: 70496K->1501K(71168K)] 435197K->366202K(627712K), 0.0016593 secs] [Times: user=0.00 sys=0.00, real=0.00 secs] 
3178.955: [GC (Allocation Failure) [PSYoungGen: 70621K->1533K(71168K)] 435322K->366234K(627712K), 0.0016829 secs] [Times: user=0.01 sys=0.00, real=0.00 secs] 
3179.357: [GC (Allocation Failure) [PSYoungGen: 70653K->1501K(71168K)] 435354K->366202K(627712K), 0.0016012 secs] [Times: user=0.01 sys=0.00, real=0.00 secs] 
3179.759: [GC (Allocation Failure) [PSYoungGen: 70621K->1501K(71168K)] 435322K->366210K(627712K), 0.0015569 secs] [Times: user=0.00 sys=0.00, real=0.00 secs] 
3180.062: [GC (Allocation Failure) [PSYoungGen: 70621K->1360K(71168K)] 435330K->366069K(627712K), 0.0016729 secs] [Times: user=0.01 sys=0.00, real=0.00 secs] 
3180.349: [GC (Allocation Failure) [PSYoungGen: 70480K->1344K(71168K)] 435189K->366053K(627712K), 0.0022548 secs] [Times: user=0.01 sys=0.00, real=0.01 secs] 
3180.636: [GC (Allocation Failure) [PSYoungGen: 70464K->1376K(71168K)] 435173K->366085K(627712K), 0.0021540 secs] [Times: user=0.01 sys=0.00, real=0.00 secs] 
3181.107: [GC (Allocation Failure) [PSYoungGen: 70496K->1376K(71168K)] 435205K->366085K(627712K), 0.0028576 secs] [Times: user=0.02 sys=0.00, real=0.01 secs] 
3181.658: [GC (Allocation Failure) [PSYoungGen: 70496K->1501K(71168K)] 435205K->366210K(627712K), 0.0017063 secs] [Times: user=0.01 sys=0.00, real=0.01 secs] 
3182.060: [GC (Allocation Failure) [PSYoungGen: 70621K->1533K(71168K)] 435330K->366242K(627712K), 0.0016404 secs] [Times: user=0.01 sys=0.00, real=0.00 secs] 
3182.461: [GC (Allocation Failure) [PSYoungGen: 70653K->1597K(71168K)] 435362K->366306K(627712K), 0.0016222 secs] [Times: user=0.01 sys=0.00, real=0.00 secs] 
3182.820: [GC (Allocation Failure) [PSYoungGen: 70717K->1472K(71168K)] 435426K->366189K(627712K), 0.0017280 secs] [Times: user=0.01 sys=0.00, real=0.00 secs] 
3183.106: [GC (Allocation Failure) [PSYoungGen: 70592K->1376K(71168K)] 435309K->366093K(627712K), 0.0016779 secs] [Times: user=0.01 sys=0.00, real=0.00 secs] 
3183.393: [GC (Allocation Failure) [PSYoungGen: 70496K->1344K(71168K)] 435213K->366061K(627712K), 0.0026614 secs] [Times: user=0.01 sys=0.00, real=0.00 secs] 
3183.681: [GC (Allocation Failure) [PSYoungGen: 70464K->1376K(71168K)] 435181K->366093K(627712K), 0.0019987 secs] [Times: user=0.01 sys=0.00, real=0.00 secs] 
3184.093: [GC (Allocation Failure) [PSYoungGen: 70496K->1501K(71168K)] 435213K->366218K(627712K), 0.0016076 secs] [Times: user=0.01 sys=0.00, real=0.00 secs] 
3184.495: [GC (Allocation Failure) [PSYoungGen: 70621K->1501K(71168K)] 435338K->366218K(627712K), 0.0015598 secs] [Times: user=0.00 sys=0.00, real=0.00 secs] 
3184.896: [GC (Allocation Failure) [PSYoungGen: 70621K->1581K(71168K)] 435338K->366298K(627712K), 0.0016201 secs] [Times: user=0.01 sys=0.00, real=0.00 secs] 
3185.299: [GC (Allocation Failure) [PSYoungGen: 70701K->1533K(71168K)] 435418K->366250K(627712K), 0.0015963 secs] [Times: user=0.01 sys=0.00, real=0.00 secs] 
3185.664: [GC (Allocation Failure) [PSYoungGen: 70653K->1376K(71168K)] 435370K->366093K(627712K), 0.0018456 secs] [Times: user=0.00 sys=0.00, real=0.00 secs] 
3185.952: [GC (Allocation Failure) [PSYoungGen: 70496K->1376K(71168K)] 435213K->366109K(627712K), 0.0016981 secs] [Times: user=0.01 sys=0.00, real=0.00 secs] 
3186.239: [GC (Allocation Failure) [PSYoungGen: 70496K->1376K(71168K)] 435229K->366109K(627712K), 0.0017661 secs] [Times: user=0.01 sys=0.00, real=0.01 secs] 
3186.525: [GC (Allocation Failure) [PSYoungGen: 70496K->1344K(71168K)] 435229K->366077K(627712K), 0.0019936 secs] [Times: user=0.01 sys=0.00, real=0.00 secs] 
3186.926: [GC (Allocation Failure) [PSYoungGen: 70464K->1517K(71168K)] 435197K->366250K(627712K), 0.0015491 secs] [Times: user=0.00 sys=0.00, real=0.00 secs] 
3187.329: [GC (Allocation Failure) [PSYoungGen: 70628K->1501K(71168K)] 435361K->366234K(627712K), 0.0016626 secs] [Times: user=0.01 sys=0.01, real=0.01 secs] 
3187.730: [GC (Allocation Failure) [PSYoungGen: 70621K->1533K(71168K)] 435354K->366266K(627712K), 0.0016609 secs] [Times: user=0.00 sys=0.00, real=0.00 secs] 
3188.388: [GC (Allocation Failure) [PSYoungGen: 70653K->1472K(71168K)] 435386K->366205K(627712K), 0.0024268 secs] [Times: user=0.01 sys=0.00, real=0.01 secs] 
3189.216: [GC (Allocation Failure) [PSYoungGen: 70592K->1376K(71168K)] 435325K->366109K(627712K), 0.0026911 secs] [Times: user=0.01 sys=0.00, real=0.01 secs] 
3189.860: [GC (Allocation Failure) [PSYoungGen: 70496K->1376K(71168K)] 435229K->366109K(627712K), 0.0044292 secs] [Times: user=0.02 sys=0.00, real=0.00 secs] 
3190.208: [GC (Allocation Failure) [PSYoungGen: 70496K->1344K(71168K)] 435229K->366077K(627712K), 0.0027313 secs] [Times: user=0.01 sys=0.00, real=0.01 secs] 
3190.685: [GC (Allocation Failure) [PSYoungGen: 70464K->1437K(71168K)] 435197K->366170K(627712K), 0.0021382 secs] [Times: user=0.01 sys=0.00, real=0.00 secs] 
3191.113: [GC (Allocation Failure) [PSYoungGen: 70547K->1533K(71168K)] 435280K->366266K(627712K), 0.0016158 secs] [Times: user=0.01 sys=0.00, real=0.00 secs] 
3191.523: [GC (Allocation Failure) [PSYoungGen: 70653K->1536K(71168K)] 435386K->366269K(627712K), 0.0016288 secs] [Times: user=0.00 sys=0.00, real=0.00 secs] 
3191.929: [GC (Allocation Failure) [PSYoungGen: 70656K->1533K(71168K)] 435389K->366266K(627712K), 0.0016467 secs] [Times: user=0.01 sys=0.00, real=0.00 secs] 
3192.310: [GC (Allocation Failure) [PSYoungGen: 70653K->1472K(71168K)] 435386K->366205K(627712K), 0.0016813 secs] [Times: user=0.01 sys=0.00, real=0.00 secs] 
3192.622: [GC (Allocation Failure) [PSYoungGen: 70592K->1376K(71168K)] 435325K->366109K(627712K), 0.0017593 secs] [Times: user=0.01 sys=0.00, real=0.00 secs] 
3192.910: [GC (Allocation Failure) [PSYoungGen: 70496K->1312K(71168K)] 435229K->366045K(627712K), 0.0016817 secs] [Times: user=0.01 sys=0.00, real=0.00 secs] 
3193.197: [GC (Allocation Failure) [PSYoungGen: 70432K->1344K(71168K)] 435165K->366077K(627712K), 0.0017049 secs] [Times: user=0.01 sys=0.00, real=0.01 secs] 
3193.626: [GC (Allocation Failure) [PSYoungGen: 70464K->1469K(71168K)] 435197K->366202K(627712K), 0.0017102 secs] [Times: user=0.01 sys=0.00, real=0.00 secs] 
3194.027: [GC (Allocation Failure) [PSYoungGen: 70589K->1581K(71168K)] 435322K->366314K(627712K), 0.0016158 secs] [Times: user=0.01 sys=0.00, real=0.00 secs] 
3194.429: [GC (Allocation Failure) [PSYoungGen: 70701K->1549K(71168K)] 435434K->366282K(627712K), 0.0016687 secs] [Times: user=0.01 sys=0.00, real=0.01 secs] 
3194.832: [GC (Allocation Failure) [PSYoungGen: 70669K->1565K(71168K)] 435402K->366306K(627712K), 0.0016512 secs] [Times: user=0.01 sys=0.00, real=0.00 secs] 
3195.616: [GC (Allocation Failure) [PSYoungGen: 70685K->1408K(71168K)] 435426K->366149K(627712K), 0.0029292 secs] [Times: user=0.01 sys=0.00, real=0.00 secs] 
3196.442: [GC (Allocation Failure) [PSYoungGen: 70528K->1312K(71168K)] 435269K->366053K(627712K), 0.0027918 secs] [Times: user=0.01 sys=0.01, real=0.00 secs] 
3197.312: [GC (Allocation Failure) [PSYoungGen: 70432K->1376K(71168K)] 435173K->366133K(627712K), 0.0039259 secs] [Times: user=0.02 sys=0.00, real=0.00 secs] 
3198.158: [GC (Allocation Failure) [PSYoungGen: 70496K->1376K(71168K)] 435253K->366133K(627712K), 0.0035361 secs] [Times: user=0.01 sys=0.00, real=0.01 secs] 
3198.754: [GC (Allocation Failure) [PSYoungGen: 70496K->1533K(71168K)] 435253K->366290K(627712K), 0.0016227 secs] [Times: user=0.01 sys=0.00, real=0.00 secs] 
3199.160: [GC (Allocation Failure) [PSYoungGen: 70653K->1517K(71168K)] 435410K->366274K(627712K), 0.0015272 secs] [Times: user=0.00 sys=0.00, real=0.00 secs] 
3199.569: [GC (Allocation Failure) [PSYoungGen: 70637K->1517K(71168K)] 435394K->366274K(627712K), 0.0016444 secs] [Times: user=0.00 sys=0.00, real=0.01 secs] 
3199.976: [GC (Allocation Failure) [PSYoungGen: 70637K->1424K(71168K)] 435394K->366181K(627712K), 0.0018142 secs] [Times: user=0.01 sys=0.00, real=0.00 secs] 
3200.562: [GC (Allocation Failure) [PSYoungGen: 70544K->1392K(71168K)] 435301K->366149K(627712K), 0.0019879 secs] [Times: user=0.01 sys=0.00, real=0.00 secs] 
3201.114: [GC (Allocation Failure) [PSYoungGen: 70512K->1376K(71168K)] 435269K->366133K(627712K), 0.0028552 secs] [Times: user=0.01 sys=0.00, real=0.00 secs] 
3201.691: [GC (Allocation Failure) [PSYoungGen: 70496K->1376K(71168K)] 435253K->366133K(627712K), 0.0036166 secs] [Times: user=0.01 sys=0.00, real=0.00 secs] 
3202.281: [GC (Allocation Failure) [PSYoungGen: 70496K->1437K(71168K)] 435253K->366194K(627712K), 0.0016550 secs] [Times: user=0.01 sys=0.00, real=0.00 secs] 
3202.683: [GC (Allocation Failure) [PSYoungGen: 70557K->1501K(71168K)] 435314K->366258K(627712K), 0.0016144 secs] [Times: user=0.01 sys=0.00, real=0.00 secs] 
3203.089: [GC (Allocation Failure) [PSYoungGen: 70621K->1501K(71168K)] 435378K->366258K(627712K), 0.0015851 secs] [Times: user=0.01 sys=0.00, real=0.00 secs] 
3203.492: [GC (Allocation Failure) [PSYoungGen: 70621K->1565K(71168K)] 435378K->366322K(627712K), 0.0016616 secs] [Times: user=0.01 sys=0.00, real=0.00 secs] 
3203.969: [GC (Allocation Failure) [PSYoungGen: 70685K->1408K(71168K)] 435442K->366173K(627712K), 0.0019913 secs] [Times: user=0.01 sys=0.00, real=0.00 secs] 
3204.256: [GC (Allocation Failure) [PSYoungGen: 70528K->1376K(71168K)] 435293K->366141K(627712K), 0.0019039 secs] [Times: user=0.01 sys=0.00, real=0.00 secs] 
3204.543: [GC (Allocation Failure) [PSYoungGen: 70496K->1376K(71168K)] 435261K->366141K(627712K), 0.0018686 secs] [Times: user=0.00 sys=0.00, real=0.00 secs] 
3204.831: [GC (Allocation Failure) [PSYoungGen: 70496K->1376K(71168K)] 435261K->366141K(627712K), 0.0020190 secs] [Times: user=0.01 sys=0.00, real=0.00 secs] 
3205.240: [GC (Allocation Failure) [PSYoungGen: 70496K->1456K(71168K)] 435261K->366221K(627712K), 0.0016966 secs] [Times: user=0.01 sys=0.00, real=0.00 secs] 
3205.643: [GC (Allocation Failure) [PSYoungGen: 70576K->1533K(71168K)] 435341K->366298K(627712K), 0.0016337 secs] [Times: user=0.01 sys=0.00, real=0.00 secs] 
3206.044: [GC (Allocation Failure) [PSYoungGen: 70653K->1549K(71168K)] 435418K->366314K(627712K), 0.0016752 secs] [Times: user=0.01 sys=0.00, real=0.00 secs] 
3206.840: [GC (Allocation Failure) [PSYoungGen: 70669K->1536K(71168K)] 435434K->366301K(627712K), 0.0039864 secs] [Times: user=0.01 sys=0.00, real=0.00 secs] 
3207.382: [GC (Allocation Failure) [PSYoungGen: 70656K->1344K(71168K)] 435421K->366125K(627712K), 0.0023927 secs] [Times: user=0.01 sys=0.00, real=0.00 secs] 
3207.985: [GC (Allocation Failure) [PSYoungGen: 70464K->1344K(71168K)] 435245K->366125K(627712K), 0.0022257 secs] [Times: user=0.01 sys=0.00, real=0.00 secs] 
3208.725: [GC (Allocation Failure) [PSYoungGen: 70464K->1376K(71168K)] 435245K->366157K(627712K), 0.0021732 secs] [Times: user=0.01 sys=0.00, real=0.00 secs] 
3209.538: [GC (Allocation Failure) [PSYoungGen: 70496K->1456K(71168K)] 435277K->366237K(627712K), 0.0021786 secs] [Times: user=0.00 sys=0.00, real=0.01 secs] 
3210.051: [GC (Allocation Failure) [PSYoungGen: 70576K->1584K(71168K)] 435357K->366365K(627712K), 0.0016494 secs] [Times: user=0.01 sys=0.00, real=0.00 secs] 
3210.453: [GC (Allocation Failure) [PSYoungGen: 70704K->1533K(71168K)] 435485K->366322K(627712K), 0.0018287 secs] [Times: user=0.01 sys=0.00, real=0.00 secs] 
3210.914: [GC (Allocation Failure) [PSYoungGen: 70653K->1501K(71168K)] 435442K->366290K(627712K), 0.0018617 secs] [Times: user=0.01 sys=0.00, real=0.00 secs] 
3211.424: [GC (Allocation Failure) [PSYoungGen: 70621K->1456K(71168K)] 435410K->366245K(627712K), 0.0030307 secs] [Times: user=0.01 sys=0.00, real=0.00 secs] 
3211.803: [GC (Allocation Failure) [PSYoungGen: 70576K->1312K(71168K)] 435365K->366101K(627712K), 0.0021384 secs] [Times: user=0.01 sys=0.00, real=0.00 secs] 
3212.090: [GC (Allocation Failure) [PSYoungGen: 70432K->1376K(71168K)] 435221K->366165K(627712K), 0.0019841 secs] [Times: user=0.01 sys=0.00, real=0.00 secs] 
3212.377: [GC (Allocation Failure) [PSYoungGen: 70496K->1376K(71168K)] 435285K->366165K(627712K), 0.0021241 secs] [Times: user=0.01 sys=0.00, real=0.01 secs] 
3212.746: [GC (Allocation Failure) [PSYoungGen: 70488K->1485K(71168K)] 435277K->366274K(627712K), 0.0016737 secs] [Times: user=0.01 sys=0.00, real=0.00 secs] 
3213.149: [GC (Allocation Failure) [PSYoungGen: 70605K->1565K(71168K)] 435394K->366354K(627712K), 0.0016608 secs] [Times: user=0.01 sys=0.00, real=0.01 secs] 
3213.551: [GC (Allocation Failure) [PSYoungGen: 70685K->1597K(71168K)] 435474K->366386K(627712K), 0.0016611 secs] [Times: user=0.01 sys=0.00, real=0.00 secs] 
3213.953: [GC (Allocation Failure) [PSYoungGen: 70717K->1533K(71168K)] 435506K->366338K(627712K), 0.0016588 secs] [Times: user=0.00 sys=0.00, real=0.00 secs] 
3214.289: [GC (Allocation Failure) [PSYoungGen: 70653K->1376K(71168K)] 435458K->366181K(627712K), 0.0018150 secs] [Times: user=0.01 sys=0.00, real=0.00 secs] 
3214.631: [GC (Allocation Failure) [PSYoungGen: 70496K->1344K(71168K)] 435301K->366149K(627712K), 0.0018493 secs] [Times: user=0.01 sys=0.00, real=0.00 secs] 
3215.003: [GC (Allocation Failure) [PSYoungGen: 70464K->1408K(71168K)] 435269K->366213K(627712K), 0.0021744 secs] [Times: user=0.00 sys=0.00, real=0.00 secs] 
3215.291: [GC (Allocation Failure) [PSYoungGen: 70528K->1440K(71168K)] 435333K->366245K(627712K), 0.0026495 secs] [Times: user=0.01 sys=0.00, real=0.00 secs] 
3215.746: [GC (Allocation Failure) [PSYoungGen: 70560K->1533K(71168K)] 435365K->366338K(627712K), 0.0018055 secs] [Times: user=0.01 sys=0.00, real=0.00 secs] 
3216.208: [GC (Allocation Failure) [PSYoungGen: 70653K->1501K(71168K)] 435458K->366330K(627712K), 0.0016584 secs] [Times: user=0.01 sys=0.00, real=0.01 secs] 
3216.611: [GC (Allocation Failure) [PSYoungGen: 70621K->1469K(71168K)] 435450K->366298K(627712K), 0.0016377 secs] [Times: user=0.00 sys=0.00, real=0.00 secs] 
3217.063: [GC (Allocation Failure) [PSYoungGen: 70589K->1456K(71168K)] 435418K->366285K(627712K), 0.0021025 secs] [Times: user=0.01 sys=0.00, real=0.00 secs] 
3217.558: [GC (Allocation Failure) [PSYoungGen: 70576K->1344K(71168K)] 435405K->366173K(627712K), 0.0027747 secs] [Times: user=0.01 sys=0.00, real=0.01 secs] 
3218.108: [GC (Allocation Failure) [PSYoungGen: 70464K->1312K(71168K)] 435293K->366141K(627712K), 0.0021625 secs] [Times: user=0.01 sys=0.00, real=0.01 secs] 
3219.015: [GC (Allocation Failure) [PSYoungGen: 70432K->1376K(71168K)] 435261K->366205K(627712K), 0.0039870 secs] [Times: user=0.02 sys=0.00, real=0.01 secs] 
3219.885: [GC (Allocation Failure) [PSYoungGen: 70467K->1437K(71168K)] 435296K->366266K(627712K), 0.0016886 secs] [Times: user=0.00 sys=0.00, real=0.00 secs] 
3220.289: [GC (Allocation Failure) [PSYoungGen: 70557K->1533K(71168K)] 435386K->366362K(627712K), 0.0018697 secs] [Times: user=0.01 sys=0.00, real=0.00 secs] 
3220.691: [GC (Allocation Failure) [PSYoungGen: 70653K->1565K(71168K)] 435482K->366394K(627712K), 0.0016009 secs] [Times: user=0.01 sys=0.00, real=0.00 secs] 
3221.092: [GC (Allocation Failure) [PSYoungGen: 70685K->1533K(71168K)] 435514K->366362K(627712K), 0.0016785 secs] [Times: user=0.01 sys=0.00, real=0.00 secs] 
3221.407: [GC (Allocation Failure) [PSYoungGen: 70653K->1408K(71168K)] 435482K->366237K(627712K), 0.0017605 secs] [Times: user=0.01 sys=0.00, real=0.00 secs] 
3221.716: [GC (Allocation Failure) [PSYoungGen: 70528K->1376K(71168K)] 435357K->366205K(627712K), 0.0017632 secs] [Times: user=0.00 sys=0.00, real=0.00 secs] 
3222.242: [GC (Allocation Failure) [PSYoungGen: 70496K->1344K(71168K)] 435325K->366173K(627712K), 0.0029772 secs] [Times: user=0.01 sys=0.00, real=0.00 secs] 
3222.756: [GC (Allocation Failure) [PSYoungGen: 70464K->1344K(71168K)] 435293K->366173K(627712K), 0.0026623 secs] [Times: user=0.01 sys=0.00, real=0.00 secs] 
3223.482: [GC (Allocation Failure) [PSYoungGen: 70433K->1469K(71168K)] 435262K->366298K(627712K), 0.0015821 secs] [Times: user=0.00 sys=0.00, real=0.00 secs] 
3223.947: [GC (Allocation Failure) [PSYoungGen: 70589K->1520K(71168K)] 435418K->366349K(627712K), 0.0016633 secs] [Times: user=0.01 sys=0.00, real=0.00 secs] 
3224.348: [GC (Allocation Failure) [PSYoungGen: 70640K->1501K(71168K)] 435469K->366330K(627712K), 0.0017738 secs] [Times: user=0.00 sys=0.00, real=0.01 secs] 
3224.759: [GC (Allocation Failure) [PSYoungGen: 70621K->1536K(71168K)] 435450K->366365K(627712K), 0.0018848 secs] [Times: user=0.01 sys=0.00, real=0.00 secs] 
3225.088: [GC (Allocation Failure) [PSYoungGen: 70656K->1376K(71168K)] 435485K->366205K(627712K), 0.0021206 secs] [Times: user=0.01 sys=0.00, real=0.01 secs] 
3225.553: [GC (Allocation Failure) [PSYoungGen: 70496K->1344K(71168K)] 435325K->366173K(627712K), 0.0021755 secs] [Times: user=0.01 sys=0.00, real=0.00 secs] 
3226.042: [GC (Allocation Failure) [PSYoungGen: 70464K->1376K(71168K)] 435293K->366205K(627712K), 0.0022723 secs] [Times: user=0.01 sys=0.00, real=0.00 secs] 
3226.778: [GC (Allocation Failure) [PSYoungGen: 70496K->1469K(71168K)] 435325K->366298K(627712K), 0.0024078 secs] [Times: user=0.01 sys=0.00, real=0.01 secs] 
3227.218: [GC (Allocation Failure) [PSYoungGen: 70589K->1488K(71168K)] 435418K->366341K(627712K), 0.0016692 secs] [Times: user=0.01 sys=0.00, real=0.01 secs] 
3227.620: [GC (Allocation Failure) [PSYoungGen: 70608K->1504K(71168K)] 435461K->366357K(627712K), 0.0017052 secs] [Times: user=0.00 sys=0.00, real=0.00 secs] 
3228.024: [GC (Allocation Failure) [PSYoungGen: 70624K->1501K(71168K)] 435477K->366354K(627712K), 0.0016619 secs] [Times: user=0.00 sys=0.00, real=0.00 secs] 
3228.458: [GC (Allocation Failure) [PSYoungGen: 70621K->1424K(71168K)] 435474K->366285K(627712K), 0.0018314 secs] [Times: user=0.01 sys=0.00, real=0.01 secs] 
3228.757: [GC (Allocation Failure) [PSYoungGen: 70544K->1344K(71168K)] 435405K->366205K(627712K), 0.0016484 secs] [Times: user=0.01 sys=0.00, real=0.00 secs] 
3229.114: [GC (Allocation Failure) [PSYoungGen: 70464K->1344K(71168K)] 435325K->366205K(627712K), 0.0030937 secs] [Times: user=0.01 sys=0.00, real=0.00 secs] 
3229.854: [GC (Allocation Failure) [PSYoungGen: 70464K->1376K(71168K)] 435325K->366237K(627712K), 0.0041836 secs] [Times: user=0.02 sys=0.00, real=0.00 secs] 
3230.580: [GC (Allocation Failure) [PSYoungGen: 70496K->1517K(71168K)] 435357K->366378K(627712K), 0.0016578 secs] [Times: user=0.00 sys=0.00, real=0.00 secs] 
3230.982: [GC (Allocation Failure) [PSYoungGen: 70630K->1533K(71168K)] 435491K->366394K(627712K), 0.0016143 secs] [Times: user=0.01 sys=0.00, real=0.00 secs] 
3231.387: [GC (Allocation Failure) [PSYoungGen: 70653K->1533K(71168K)] 435514K->366394K(627712K), 0.0017057 secs] [Times: user=0.01 sys=0.00, real=0.01 secs] 
3231.793: [GC (Allocation Failure) [PSYoungGen: 70653K->1565K(71168K)] 435514K->366442K(627712K), 0.0016571 secs] [Times: user=0.01 sys=0.00, real=0.00 secs] 
3233.613: [GC (Allocation Failure) [PSYoungGen: 70685K->1344K(71168K)] 435562K->366221K(627712K), 0.0028006 secs] [Times: user=0.02 sys=0.00, real=0.00 secs] 
3234.218: [GC (Allocation Failure) [PSYoungGen: 70464K->1344K(71168K)] 435341K->366221K(627712K), 0.0020005 secs] [Times: user=0.00 sys=0.00, real=0.01 secs] 
3234.628: [GC (Allocation Failure) [PSYoungGen: 70464K->1360K(71168K)] 435341K->366237K(627712K), 0.0020965 secs] [Times: user=0.00 sys=0.00, real=0.01 secs] 
3235.165: [GC (Allocation Failure) [PSYoungGen: 70480K->1376K(71168K)] 435357K->366253K(627712K), 0.0020503 secs] [Times: user=0.01 sys=0.00, real=0.00 secs] 
3235.611: [GC (Allocation Failure) [PSYoungGen: 70496K->1533K(71168K)] 435373K->366410K(627712K), 0.0015458 secs] [Times: user=0.00 sys=0.00, real=0.00 secs] 
3236.014: [GC (Allocation Failure) [PSYoungGen: 70653K->1581K(71168K)] 435530K->366458K(627712K), 0.0016158 secs] [Times: user=0.01 sys=0.00, real=0.00 secs] 
3236.415: [GC (GCLocker Initiated GC) [PSYoungGen: 70701K->1501K(71168K)] 435578K->366378K(627712K), 0.0017311 secs] [Times: user=0.01 sys=0.00, real=0.00 secs] 
3237.834: [GC (Allocation Failure) [PSYoungGen: 70621K->1440K(71168K)] 435501K->366320K(627712K), 0.0041333 secs] [Times: user=0.02 sys=0.00, real=0.00 secs] 
3238.725: [GC (Allocation Failure) [PSYoungGen: 70560K->1376K(71168K)] 435440K->366256K(627712K), 0.0026880 secs] [Times: user=0.01 sys=0.00, real=0.00 secs] 
3239.004: [GC (Allocation Failure) [PSYoungGen: 70496K->1376K(71168K)] 435376K->366256K(627712K), 0.0020147 secs] [Times: user=0.01 sys=0.00, real=0.00 secs] 
3239.291: [GC (Allocation Failure) [PSYoungGen: 70496K->1376K(71168K)] 435376K->366256K(627712K), 0.0020110 secs] [Times: user=0.01 sys=0.00, real=0.00 secs] 
3239.644: [GC (Allocation Failure) [PSYoungGen: 70496K->1501K(71168K)] 435376K->366405K(627712K), 0.0015706 secs] [Times: user=0.01 sys=0.00, real=0.00 secs] 
3240.047: [GC (Allocation Failure) [PSYoungGen: 70621K->1597K(71168K)] 435525K->366501K(627712K), 0.0016217 secs] [Times: user=0.00 sys=0.00, real=0.00 secs] 
3240.460: [GC (Allocation Failure) [PSYoungGen: 70717K->1597K(71168K)] 435621K->366501K(627712K), 0.0016419 secs] [Times: user=0.01 sys=0.00, real=0.00 secs] 
3240.862: [GC (Allocation Failure) [PSYoungGen: 70717K->1552K(71168K)] 435621K->366456K(627712K), 0.0016352 secs] [Times: user=0.01 sys=0.00, real=0.00 secs] 
3241.214: [GC (Allocation Failure) [PSYoungGen: 70672K->1424K(71168K)] 435576K->366328K(627712K), 0.0018267 secs] [Times: user=0.01 sys=0.00, real=0.00 secs] 
3241.511: [GC (Allocation Failure) [PSYoungGen: 70544K->1408K(71168K)] 435448K->366312K(627712K), 0.0016949 secs] [Times: user=0.00 sys=0.00, real=0.00 secs] 
3241.813: [GC (Allocation Failure) [PSYoungGen: 70528K->1408K(71168K)] 435432K->366312K(627712K), 0.0016975 secs] [Times: user=0.01 sys=0.00, real=0.00 secs] 
3242.109: [GC (Allocation Failure) [PSYoungGen: 70528K->1408K(71168K)] 435432K->366312K(627712K), 0.0017013 secs] [Times: user=0.00 sys=0.00, real=0.01 secs] 
3242.503: [GC (Allocation Failure) [PSYoungGen: 70499K->1520K(71168K)] 435403K->366424K(627712K), 0.0015952 secs] [Times: user=0.00 sys=0.00, real=0.00 secs] 
3242.969: [GC (Allocation Failure) [PSYoungGen: 70640K->1597K(71168K)] 435544K->366501K(627712K), 0.0016950 secs] [Times: user=0.01 sys=0.00, real=0.00 secs] 
3243.370: [GC (Allocation Failure) [PSYoungGen: 70717K->1597K(71168K)] 435621K->366501K(627712K), 0.0016765 secs] [Times: user=0.01 sys=0.00, real=0.00 secs] 
3243.824: [GC (Allocation Failure) [PSYoungGen: 70717K->1504K(71168K)] 435621K->366456K(627712K), 0.0021165 secs] [Times: user=0.01 sys=0.00, real=0.00 secs] 
3244.136: [GC (Allocation Failure) [PSYoungGen: 70624K->1376K(71168K)] 435576K->366328K(627712K), 0.0021391 secs] [Times: user=0.01 sys=0.00, real=0.00 secs] 
3244.425: [GC (Allocation Failure) [PSYoungGen: 70496K->1408K(71168K)] 435448K->366360K(627712K), 0.0021218 secs] [Times: user=0.00 sys=0.00, real=0.00 secs] 
3244.714: [GC (Allocation Failure) [PSYoungGen: 70528K->1376K(71168K)] 435480K->366328K(627712K), 0.0019545 secs] [Times: user=0.00 sys=0.00, real=0.00 secs] 
3245.095: [GC (Allocation Failure) [PSYoungGen: 70496K->1437K(71168K)] 435448K->366389K(627712K), 0.0017460 secs] [Times: user=0.00 sys=0.00, real=0.00 secs] 
3245.500: [GC (Allocation Failure) [PSYoungGen: 70557K->1565K(71168K)] 435509K->366517K(627712K), 0.0017999 secs] [Times: user=0.00 sys=0.00, real=0.00 secs] 
3245.908: [GC (Allocation Failure) [PSYoungGen: 70685K->1565K(71168K)] 435637K->366541K(627712K), 0.0018136 secs] [Times: user=0.00 sys=0.00, real=0.01 secs] 
3246.310: [GC (Allocation Failure) [PSYoungGen: 70685K->1520K(71168K)] 435661K->366496K(627712K), 0.0017243 secs] [Times: user=0.01 sys=0.00, real=0.00 secs] 
3247.552: [GC (Allocation Failure) [PSYoungGen: 70640K->1440K(71168K)] 435616K->366416K(627712K), 0.0041505 secs] [Times: user=0.02 sys=0.00, real=0.00 secs] 
3248.114: [GC (Allocation Failure) [PSYoungGen: 70560K->1344K(71168K)] 435536K->366320K(627712K), 0.0027026 secs] [Times: user=0.01 sys=0.00, real=0.00 secs] 
3248.667: [GC (Allocation Failure) [PSYoungGen: 70464K->1344K(71168K)] 435440K->366320K(627712K), 0.0027670 secs] [Times: user=0.01 sys=0.00, real=0.01 secs] 
3249.231: [GC (Allocation Failure) [PSYoungGen: 70464K->1376K(71168K)] 435440K->366352K(627712K), 0.0027920 secs] [Times: user=0.01 sys=0.00, real=0.00 secs] 
3249.801: [GC (Allocation Failure) [PSYoungGen: 70496K->1437K(71168K)] 435472K->366413K(627712K), 0.0016204 secs] [Times: user=0.00 sys=0.00, real=0.00 secs] 
3250.202: [GC (Allocation Failure) [PSYoungGen: 70542K->1501K(71168K)] 435518K->366477K(627712K), 0.0016359 secs] [Times: user=0.01 sys=0.00, real=0.00 secs] 
3250.613: [GC (Allocation Failure) [PSYoungGen: 70621K->1565K(71168K)] 435597K->366541K(627712K), 0.0016617 secs] [Times: user=0.01 sys=0.00, real=0.00 secs] 
3251.017: [GC (Allocation Failure) [PSYoungGen: 70685K->1533K(71168K)] 435661K->366517K(627712K), 0.0016638 secs] [Times: user=0.01 sys=0.00, real=0.01 secs] 
3251.781: [GC (Allocation Failure) [PSYoungGen: 70653K->1408K(71168K)] 435637K->366392K(627712K), 0.0021266 secs] [Times: user=0.01 sys=0.00, real=0.00 secs] 
3252.536: [GC (Allocation Failure) [PSYoungGen: 70528K->1344K(71168K)] 435512K->366328K(627712K), 0.0021731 secs] [Times: user=0.01 sys=0.00, real=0.00 secs] 
3253.339: [GC (Allocation Failure) [PSYoungGen: 70464K->1376K(71168K)] 435448K->366360K(627712K), 0.0027454 secs] [Times: user=0.01 sys=0.00, real=0.00 secs] 
3254.227: [GC (Allocation Failure) [PSYoungGen: 70496K->1360K(71168K)] 435480K->366344K(627712K), 0.0033829 secs] [Times: user=0.01 sys=0.00, real=0.01 secs] 
3254.789: [GC (Allocation Failure) [PSYoungGen: 70476K->1501K(71168K)] 435460K->366485K(627712K), 0.0015844 secs] [Times: user=0.01 sys=0.00, real=0.00 secs] 
3255.194: [GC (Allocation Failure) [PSYoungGen: 70621K->1565K(71168K)] 435605K->366549K(627712K), 0.0016707 secs] [Times: user=0.00 sys=0.00, real=0.00 secs] 
3255.596: [GC (Allocation Failure) [PSYoungGen: 70685K->1597K(71168K)] 435669K->366581K(627712K), 0.0016676 secs] [Times: user=0.01 sys=0.00, real=0.00 secs] 
3255.971: [GC (Allocation Failure) [PSYoungGen: 70717K->1456K(71168K)] 435701K->366448K(627712K), 0.0015611 secs] [Times: user=0.00 sys=0.00, real=0.00 secs] 
3256.258: [GC (Allocation Failure) [PSYoungGen: 70576K->1376K(71168K)] 435568K->366368K(627712K), 0.0016645 secs] [Times: user=0.00 sys=0.00, real=0.01 secs] 
3256.564: [GC (Allocation Failure) [PSYoungGen: 70496K->1376K(71168K)] 435488K->366368K(627712K), 0.0016756 secs] [Times: user=0.00 sys=0.00, real=0.00 secs] 
3257.016: [GC (Allocation Failure) [PSYoungGen: 70496K->1376K(71168K)] 435488K->366368K(627712K), 0.0017550 secs] [Times: user=0.00 sys=0.00, real=0.00 secs] 
3257.546: [GC (Allocation Failure) [PSYoungGen: 70486K->1437K(71168K)] 435478K->366445K(627712K), 0.0016646 secs] [Times: user=0.01 sys=0.00, real=0.00 secs] 
3257.949: [GC (Allocation Failure) [PSYoungGen: 70557K->1549K(71168K)] 435565K->366581K(627712K), 0.0016590 secs] [Times: user=0.01 sys=0.00, real=0.00 secs] 
3258.351: [GC (Allocation Failure) [PSYoungGen: 70669K->1501K(71168K)] 435701K->366533K(627712K), 0.0016144 secs] [Times: user=0.01 sys=0.00, real=0.00 secs] 
3258.755: [GC (Allocation Failure) [PSYoungGen: 70621K->1549K(71168K)] 435653K->366581K(627712K), 0.0017233 secs] [Times: user=0.01 sys=0.00, real=0.00 secs] 
3259.813: [GC (Allocation Failure) [PSYoungGen: 70669K->1408K(71168K)] 435701K->366440K(627712K), 0.0023094 secs] [Times: user=0.01 sys=0.00, real=0.00 secs] 
3260.539: [GC (Allocation Failure) [PSYoungGen: 70528K->1376K(71168K)] 435560K->366408K(627712K), 0.0024329 secs] [Times: user=0.01 sys=0.00, real=0.00 secs] 
3261.149: [GC (Allocation Failure) [PSYoungGen: 70496K->1344K(71168K)] 435528K->366376K(627712K), 0.0021201 secs] [Times: user=0.01 sys=0.00, real=0.00 secs] 
3261.823: [GC (Allocation Failure) [PSYoungGen: 70464K->1376K(71168K)] 435496K->366408K(627712K), 0.0022565 secs] [Times: user=0.01 sys=0.00, real=0.00 secs] 
3262.376: [GC (Allocation Failure) [PSYoungGen: 70489K->1501K(71168K)] 435521K->366533K(627712K), 0.0015805 secs] [Times: user=0.00 sys=0.00, real=0.00 secs] 
3262.780: [GC (Allocation Failure) [PSYoungGen: 70621K->1565K(71168K)] 435653K->366597K(627712K), 0.0016188 secs] [Times: user=0.01 sys=0.00, real=0.00 secs] 
3263.181: [GC (Allocation Failure) [PSYoungGen: 70685K->1533K(71168K)] 435717K->366565K(627712K), 0.0016628 secs] [Times: user=0.00 sys=0.00, real=0.00 secs] 
3263.742: [GC (Allocation Failure) [PSYoungGen: 70653K->1504K(71168K)] 435685K->366536K(627712K), 0.0020527 secs] [Times: user=0.01 sys=0.00, real=0.00 secs] 
3264.348: [GC (Allocation Failure) [PSYoungGen: 70624K->1376K(71168K)] 435656K->366408K(627712K), 0.0033869 secs] [Times: user=0.02 sys=0.00, real=0.01 secs] 
3265.059: [GC (Allocation Failure) [PSYoungGen: 70496K->1344K(71168K)] 435528K->366376K(627712K), 0.0032008 secs] [Times: user=0.01 sys=0.01, real=0.01 secs] 
3265.741: [GC (Allocation Failure) [PSYoungGen: 70464K->1376K(71168K)] 435496K->366408K(627712K), 0.0027105 secs] [Times: user=0.01 sys=0.00, real=0.00 secs] 
3266.603: [GC (Allocation Failure) [PSYoungGen: 70496K->1405K(71168K)] 435528K->366437K(627712K), 0.0025052 secs] [Times: user=0.01 sys=0.00, real=0.00 secs] 
3267.151: [GC (Allocation Failure) [PSYoungGen: 70525K->1501K(71168K)] 435557K->366533K(627712K), 0.0016512 secs] [Times: user=0.00 sys=0.00, real=0.00 secs] 
3267.552: [GC (Allocation Failure) [PSYoungGen: 70621K->1584K(71168K)] 435653K->366616K(627712K), 0.0016685 secs] [Times: user=0.01 sys=0.00, real=0.00 secs] 
3268.015: [GC (Allocation Failure) [PSYoungGen: 70704K->1549K(71168K)] 435736K->366581K(627712K), 0.0016602 secs] [Times: user=0.01 sys=0.00, real=0.00 secs] 
3268.590: [GC (Allocation Failure) [PSYoungGen: 70669K->1424K(71168K)] 435701K->366456K(627712K), 0.0040276 secs] [Times: user=0.01 sys=0.00, real=0.00 secs] 
3269.373: [GC (Allocation Failure) [PSYoungGen: 70544K->1344K(71168K)] 435576K->366392K(627712K), 0.0035968 secs] [Times: user=0.01 sys=0.00, real=0.00 secs] 
3269.984: [GC (Allocation Failure) [PSYoungGen: 70464K->1376K(71168K)] 435512K->366424K(627712K), 0.0035149 secs] [Times: user=0.01 sys=0.00, real=0.00 secs] 
3270.654: [GC (Allocation Failure) [PSYoungGen: 70496K->1376K(71168K)] 435544K->366424K(627712K), 0.0028628 secs] [Times: user=0.02 sys=0.00, real=0.00 secs] 
3271.334: [GC (Allocation Failure) [PSYoungGen: 70496K->1469K(71168K)] 435544K->366517K(627712K), 0.0015217 secs] [Times: user=0.01 sys=0.00, real=0.00 secs] 
3271.795: [GC (Allocation Failure) [PSYoungGen: 70589K->1565K(71168K)] 435637K->366613K(627712K), 0.0016797 secs] [Times: user=0.00 sys=0.00, real=0.00 secs] 
3272.264: [GC (Allocation Failure) [PSYoungGen: 70685K->1565K(71168K)] 435733K->366613K(627712K), 0.0016989 secs] [Times: user=0.01 sys=0.00, real=0.00 secs] 
3272.727: [GC (Allocation Failure) [PSYoungGen: 70685K->1552K(71168K)] 435733K->366608K(627712K), 0.0016584 secs] [Times: user=0.01 sys=0.00, real=0.00 secs] 
3273.379: [GC (Allocation Failure) [PSYoungGen: 70672K->1392K(71168K)] 435728K->366448K(627712K), 0.0025968 secs] [Times: user=0.01 sys=0.00, real=0.01 secs] 
3273.799: [GC (Allocation Failure) [PSYoungGen: 70512K->1344K(71168K)] 435568K->366400K(627712K), 0.0021067 secs] [Times: user=0.01 sys=0.00, real=0.00 secs] 
3274.100: [GC (Allocation Failure) [PSYoungGen: 70464K->1344K(71168K)] 435520K->366400K(627712K), 0.0019631 secs] [Times: user=0.00 sys=0.00, real=0.00 secs] 
3274.387: [GC (Allocation Failure) [PSYoungGen: 70464K->1344K(71168K)] 435520K->366400K(627712K), 0.0020326 secs] [Times: user=0.00 sys=0.00, real=0.01 secs] 
3274.812: [GC (Allocation Failure) [PSYoungGen: 70464K->1549K(71168K)] 435520K->366605K(627712K), 0.0016032 secs] [Times: user=0.01 sys=0.00, real=0.00 secs] 
3275.273: [GC (Allocation Failure) [PSYoungGen: 70669K->1536K(71168K)] 435725K->366592K(627712K), 0.0016687 secs] [Times: user=0.01 sys=0.00, real=0.00 secs] 
3275.734: [GC (Allocation Failure) [PSYoungGen: 70656K->1565K(71168K)] 435712K->366621K(627712K), 0.0017084 secs] [Times: user=0.01 sys=0.00, real=0.00 secs] 
3276.145: [GC (Allocation Failure) [PSYoungGen: 70685K->1424K(71168K)] 435741K->366480K(627712K), 0.0024558 secs] [Times: user=0.01 sys=0.00, real=0.00 secs] 
3276.522: [GC (Allocation Failure) [PSYoungGen: 70544K->1376K(71168K)] 435600K->366432K(627712K), 0.0020742 secs] [Times: user=0.01 sys=0.01, real=0.00 secs] 
3276.810: [GC (Allocation Failure) [PSYoungGen: 70496K->1376K(71168K)] 435552K->366432K(627712K), 0.0019207 secs] [Times: user=0.01 sys=0.00, real=0.00 secs] 
3277.158: [GC (Allocation Failure) [PSYoungGen: 70496K->1344K(71168K)] 435552K->366416K(627712K), 0.0018588 secs] [Times: user=0.01 sys=0.00, real=0.01 secs] 
3277.607: [GC (Allocation Failure) [PSYoungGen: 70464K->1392K(71168K)] 435536K->366464K(627712K), 0.0017877 secs] [Times: user=0.01 sys=0.00, real=0.01 secs] 
3278.011: [GC (Allocation Failure) [PSYoungGen: 70512K->1533K(71168K)] 435584K->366605K(627712K), 0.0016935 secs] [Times: user=0.01 sys=0.00, real=0.00 secs] 
3278.413: [GC (Allocation Failure) [PSYoungGen: 70653K->1584K(71168K)] 435725K->366656K(627712K), 0.0016590 secs] [Times: user=0.01 sys=0.00, real=0.00 secs] 
3278.815: [GC (Allocation Failure) [PSYoungGen: 70704K->1533K(71168K)] 435776K->366605K(627712K), 0.0015940 secs] [Times: user=0.01 sys=0.00, real=0.00 secs] 
3279.177: [GC (Allocation Failure) [PSYoungGen: 70653K->1376K(71168K)] 435725K->366448K(627712K), 0.0016962 secs] [Times: user=0.01 sys=0.00, real=0.00 secs] 
3279.556: [GC (Allocation Failure) [PSYoungGen: 70496K->1376K(71168K)] 435568K->366448K(627712K), 0.0017655 secs] [Times: user=0.01 sys=0.00, real=0.00 secs] 
3279.916: [GC (Allocation Failure) [PSYoungGen: 70496K->1312K(71168K)] 435568K->366384K(627712K), 0.0018737 secs] [Times: user=0.01 sys=0.00, real=0.00 secs] 
3280.325: [GC (Allocation Failure) [PSYoungGen: 70432K->1344K(71168K)] 435504K->366416K(627712K), 0.0019229 secs] [Times: user=0.01 sys=0.00, real=0.00 secs] 
3280.810: [GC (Allocation Failure) [PSYoungGen: 70462K->1501K(71168K)] 435534K->366573K(627712K), 0.0015525 secs] [Times: user=0.00 sys=0.00, real=0.00 secs] 
3281.221: [GC (Allocation Failure) [PSYoungGen: 70621K->1533K(71168K)] 435693K->366605K(627712K), 0.0015965 secs] [Times: user=0.01 sys=0.00, real=0.00 secs] 
3281.627: [GC (Allocation Failure) [PSYoungGen: 70653K->1565K(71168K)] 435725K->366637K(627712K), 0.0018158 secs] [Times: user=0.01 sys=0.00, real=0.01 secs] 
3282.455: [GC (Allocation Failure) [PSYoungGen: 70685K->1504K(71168K)] 435757K->366576K(627712K), 0.0022678 secs] [Times: user=0.01 sys=0.00, real=0.00 secs] 
3283.893: [GC (Allocation Failure) [PSYoungGen: 70624K->1376K(71168K)] 435696K->366448K(627712K), 0.0032356 secs] [Times: user=0.01 sys=0.00, real=0.00 secs] 
3284.670: [GC (Allocation Failure) [PSYoungGen: 70496K->1328K(71168K)] 435568K->366400K(627712K), 0.0034353 secs] [Times: user=0.02 sys=0.00, real=0.00 secs] 
3285.192: [GC (Allocation Failure) [PSYoungGen: 70448K->1344K(71168K)] 435520K->366416K(627712K), 0.0025021 secs] [Times: user=0.01 sys=0.00, real=0.00 secs] 
3285.783: [GC (Allocation Failure) [PSYoungGen: 70464K->1437K(71168K)] 435536K->366509K(627712K), 0.0021684 secs] [Times: user=0.01 sys=0.00, real=0.00 secs] 
3286.212: [GC (Allocation Failure) [PSYoungGen: 70557K->1533K(71168K)] 435629K->366605K(627712K), 0.0016643 secs] [Times: user=0.00 sys=0.00, real=0.00 secs] 
3286.613: [GC (Allocation Failure) [PSYoungGen: 70653K->1552K(71168K)] 435725K->366624K(627712K), 0.0016519 secs] [Times: user=0.00 sys=0.00, real=0.00 secs] 
3287.017: [GC (Allocation Failure) [PSYoungGen: 70672K->1597K(71168K)] 435744K->366669K(627712K), 0.0016181 secs] [Times: user=0.01 sys=0.00, real=0.00 secs] 
3287.714: [GC (Allocation Failure) [PSYoungGen: 70717K->1456K(71168K)] 435789K->366544K(627712K), 0.0023154 secs] [Times: user=0.01 sys=0.00, real=0.00 secs] 
3288.068: [GC (Allocation Failure) [PSYoungGen: 70576K->1344K(71168K)] 435664K->366432K(627712K), 0.0021717 secs] [Times: user=0.00 sys=0.00, real=0.01 secs] 
3288.442: [GC (Allocation Failure) [PSYoungGen: 70464K->1344K(71168K)] 435552K->366432K(627712K), 0.0037131 secs] [Times: user=0.01 sys=0.00, real=0.00 secs] 
3288.932: [GC (Allocation Failure) [PSYoungGen: 70464K->1344K(71168K)] 435552K->366456K(627712K), 0.0023998 secs] [Times: user=0.01 sys=0.00, real=0.00 secs] 
3289.443: [GC (Allocation Failure) [PSYoungGen: 70459K->1440K(71168K)] 435571K->366552K(627712K), 0.0015783 secs] [Times: user=0.01 sys=0.00, real=0.00 secs] 
3289.846: [GC (Allocation Failure) [PSYoungGen: 70560K->1533K(71168K)] 435672K->366645K(627712K), 0.0016652 secs] [Times: user=0.01 sys=0.00, real=0.00 secs] 
3290.250: [GC (Allocation Failure) [PSYoungGen: 70653K->1597K(71168K)] 435765K->366709K(627712K), 0.0016785 secs] [Times: user=0.01 sys=0.00, real=0.00 secs] 
3290.653: [GC (Allocation Failure) [PSYoungGen: 70717K->1517K(71168K)] 435829K->366645K(627712K), 0.0016362 secs] [Times: user=0.00 sys=0.00, real=0.00 secs] 
3291.329: [GC (Allocation Failure) [PSYoungGen: 70637K->1392K(71168K)] 435765K->366520K(627712K), 0.0020233 secs] [Times: user=0.01 sys=0.00, real=0.00 secs] 
3291.616: [GC (Allocation Failure) [PSYoungGen: 70512K->1344K(71168K)] 435640K->366472K(627712K), 0.0020190 secs] [Times: user=0.00 sys=0.00, real=0.00 secs] 
3291.903: [GC (Allocation Failure) [PSYoungGen: 70464K->1376K(71168K)] 435592K->366504K(627712K), 0.0018814 secs] [Times: user=0.01 sys=0.00, real=0.00 secs] 
3292.211: [GC (Allocation Failure) [PSYoungGen: 70496K->1344K(71168K)] 435624K->366472K(627712K), 0.0019115 secs] [Times: user=0.01 sys=0.00, real=0.00 secs] 
3292.707: [GC (Allocation Failure) [PSYoungGen: 70464K->1533K(71168K)] 435592K->366661K(627712K), 0.0016062 secs] [Times: user=0.01 sys=0.00, real=0.00 secs] 
3293.108: [GC (Allocation Failure) [PSYoungGen: 70653K->1565K(71168K)] 435781K->366693K(627712K), 0.0016547 secs] [Times: user=0.00 sys=0.00, real=0.01 secs] 
3293.510: [GC (Allocation Failure) [PSYoungGen: 70685K->1501K(71168K)] 435813K->366629K(627712K), 0.0015988 secs] [Times: user=0.01 sys=0.00, real=0.00 secs] 
3293.885: [GC (Allocation Failure) [PSYoungGen: 70621K->1440K(71168K)] 435749K->366568K(627712K), 0.0019119 secs] [Times: user=0.01 sys=0.00, real=0.00 secs] 
3294.284: [GC (Allocation Failure) [PSYoungGen: 70560K->1376K(71168K)] 435688K->366504K(627712K), 0.0018541 secs] [Times: user=0.01 sys=0.00, real=0.00 secs] 
3294.791: [GC (Allocation Failure) [PSYoungGen: 70496K->1376K(71168K)] 435624K->366504K(627712K), 0.0019581 secs] [Times: user=0.01 sys=0.00, real=0.00 secs] 
3295.342: [GC (Allocation Failure) [PSYoungGen: 70496K->1360K(71168K)] 435624K->366488K(627712K), 0.0021856 secs] [Times: user=0.01 sys=0.00, real=0.00 secs] 
3295.961: [GC (Allocation Failure) [PSYoungGen: 70480K->1437K(71168K)] 435608K->366565K(627712K), 0.0015749 secs] [Times: user=0.01 sys=0.00, real=0.00 secs] 
3296.362: [GC (Allocation Failure) [PSYoungGen: 70557K->1581K(71168K)] 435685K->366709K(627712K), 0.0016219 secs] [Times: user=0.01 sys=0.00, real=0.00 secs] 
3296.763: [GC (Allocation Failure) [PSYoungGen: 70701K->1533K(71168K)] 435829K->366685K(627712K), 0.0016289 secs] [Times: user=0.01 sys=0.00, real=0.00 secs] 
3297.170: [GC (Allocation Failure) [PSYoungGen: 70653K->1533K(71168K)] 435805K->366685K(627712K), 0.0017623 secs] [Times: user=0.00 sys=0.00, real=0.00 secs] 
3298.068: [GC (Allocation Failure) [PSYoungGen: 70653K->1376K(71168K)] 435805K->366536K(627712K), 0.0034903 secs] [Times: user=0.02 sys=0.00, real=0.01 secs] 
3298.686: [GC (Allocation Failure) [PSYoungGen: 70496K->1376K(71168K)] 435656K->366536K(627712K), 0.0027970 secs] [Times: user=0.02 sys=0.00, real=0.01 secs] 
3299.296: [GC (Allocation Failure) [PSYoungGen: 70496K->1312K(71168K)] 435656K->366472K(627712K), 0.0026103 secs] [Times: user=0.01 sys=0.00, real=0.01 secs] 
3299.778: [GC (Allocation Failure) [PSYoungGen: 70432K->1312K(71168K)] 435592K->366472K(627712K), 0.0020557 secs] [Times: user=0.01 sys=0.00, real=0.01 secs] 
3300.178: [GC (Allocation Failure) [PSYoungGen: 70432K->1517K(71168K)] 435592K->366677K(627712K), 0.0015689 secs] [Times: user=0.00 sys=0.00, real=0.01 secs] 
3300.581: [GC (Allocation Failure) [PSYoungGen: 70637K->1597K(71168K)] 435797K->366757K(627712K), 0.0016060 secs] [Times: user=0.01 sys=0.00, real=0.00 secs] 
3300.983: [GC (Allocation Failure) [PSYoungGen: 70717K->1501K(71168K)] 435877K->366661K(627712K), 0.0017233 secs] [Times: user=0.00 sys=0.00, real=0.00 secs] 
3301.383: [GC (Allocation Failure) [PSYoungGen: 70621K->1504K(71168K)] 435781K->366664K(627712K), 0.0019322 secs] [Times: user=0.00 sys=0.00, real=0.00 secs] 
3301.705: [GC (Allocation Failure) [PSYoungGen: 70624K->1376K(71168K)] 435784K->366536K(627712K), 0.0017722 secs] [Times: user=0.01 sys=0.00, real=0.00 secs] 
3302.025: [GC (Allocation Failure) [PSYoungGen: 70496K->1408K(71168K)] 435656K->366568K(627712K), 0.0031395 secs] [Times: user=0.01 sys=0.00, real=0.00 secs] 
3302.324: [GC (Allocation Failure) [PSYoungGen: 70528K->1376K(71168K)] 435688K->366536K(627712K), 0.0017290 secs] [Times: user=0.01 sys=0.00, real=0.00 secs] 
3302.639: [GC (Allocation Failure) [PSYoungGen: 70496K->1485K(71168K)] 435656K->366645K(627712K), 0.0015003 secs] [Times: user=0.00 sys=0.00, real=0.00 secs] 
3303.044: [GC (Allocation Failure) [PSYoungGen: 70605K->1584K(71168K)] 435765K->366744K(627712K), 0.0016160 secs] [Times: user=0.01 sys=0.00, real=0.00 secs] 
3303.445: [GC (Allocation Failure) [PSYoungGen: 70704K->1501K(71168K)] 435864K->366661K(627712K), 0.0015992 secs] [Times: user=0.01 sys=0.00, real=0.00 secs] 
3303.848: [GC (Allocation Failure) [PSYoungGen: 70621K->1552K(71168K)] 435781K->366712K(627712K), 0.0016539 secs] [Times: user=0.01 sys=0.00, real=0.01 secs] 
3304.449: [GC (Allocation Failure) [PSYoungGen: 70672K->1440K(71168K)] 435832K->366600K(627712K), 0.0018100 secs] [Times: user=0.00 sys=0.00, real=0.00 secs] 
3304.749: [GC (Allocation Failure) [PSYoungGen: 70560K->1376K(71168K)] 435720K->366536K(627712K), 0.0016903 secs] [Times: user=0.00 sys=0.00, real=0.00 secs] 
3305.081: [GC (Allocation Failure) [PSYoungGen: 70496K->1408K(71168K)] 435656K->366568K(627712K), 0.0024440 secs] [Times: user=0.02 sys=0.00, real=0.00 secs] 
3305.514: [GC (Allocation Failure) [PSYoungGen: 70528K->1344K(71168K)] 435688K->366504K(627712K), 0.0026101 secs] [Times: user=0.01 sys=0.00, real=0.00 secs] 
3306.052: [GC (Allocation Failure) [PSYoungGen: 70464K->1488K(71168K)] 435624K->366672K(627712K), 0.0016903 secs] [Times: user=0.00 sys=0.00, real=0.00 secs] 
3306.453: [GC (Allocation Failure) [PSYoungGen: 70608K->1565K(71168K)] 435792K->366749K(627712K), 0.0016622 secs] [Times: user=0.01 sys=0.00, real=0.00 secs] 
3306.855: [GC (Allocation Failure) [PSYoungGen: 70685K->1533K(71168K)] 435869K->366717K(627712K), 0.0016631 secs] [Times: user=0.00 sys=0.00, real=0.00 secs] 
3307.263: [GC (Allocation Failure) [PSYoungGen: 70653K->1536K(71168K)] 435837K->366744K(627712K), 0.0016261 secs] [Times: user=0.01 sys=0.00, real=0.00 secs] 
3308.650: [GC (Allocation Failure) [PSYoungGen: 70656K->1408K(71168K)] 435864K->366616K(627712K), 0.0038019 secs] [Times: user=0.01 sys=0.00, real=0.00 secs] 
3309.550: [GC (Allocation Failure) [PSYoungGen: 70528K->1344K(71168K)] 435736K->366552K(627712K), 0.0023799 secs] [Times: user=0.01 sys=0.00, real=0.00 secs] 
3310.124: [GC (Allocation Failure) [PSYoungGen: 70464K->1344K(71168K)] 435672K->366552K(627712K), 0.0026360 secs] [Times: user=0.01 sys=0.00, real=0.00 secs] 
3310.836: [GC (Allocation Failure) [PSYoungGen: 70464K->1376K(71168K)] 435672K->366584K(627712K), 0.0020713 secs] [Times: user=0.01 sys=0.00, real=0.00 secs] 
3311.457: [GC (Allocation Failure) [PSYoungGen: 70496K->1533K(71168K)] 435704K->366741K(627712K), 0.0016515 secs] [Times: user=0.01 sys=0.00, real=0.00 secs] 
3311.859: [GC (Allocation Failure) [PSYoungGen: 70653K->1616K(71168K)] 435861K->366824K(627712K), 0.0016256 secs] [Times: user=0.00 sys=0.00, real=0.00 secs] 
3312.272: [GC (Allocation Failure) [PSYoungGen: 70736K->1584K(71168K)] 435944K->366792K(627712K), 0.0016265 secs] [Times: user=0.00 sys=0.00, real=0.00 secs] 
3312.679: [GC (Allocation Failure) [PSYoungGen: 70704K->1440K(71168K)] 435912K->366648K(627712K), 0.0024409 secs] [Times: user=0.01 sys=0.00, real=0.00 secs] 
3312.968: [GC (Allocation Failure) [PSYoungGen: 70560K->1328K(71168K)] 435768K->366536K(627712K), 0.0020638 secs] [Times: user=0.01 sys=0.00, real=0.01 secs] 
3313.376: [GC (Allocation Failure) [PSYoungGen: 70448K->1344K(71168K)] 435656K->366552K(627712K), 0.0020425 secs] [Times: user=0.00 sys=0.00, real=0.00 secs] 
3314.007: [GC (Allocation Failure) [PSYoungGen: 70464K->1328K(71168K)] 435672K->366536K(627712K), 0.0021590 secs] [Times: user=0.01 sys=0.00, real=0.01 secs] 
3314.656: [GC (Allocation Failure) [PSYoungGen: 70448K->1440K(71168K)] 435656K->366648K(627712K), 0.0016343 secs] [Times: user=0.00 sys=0.00, real=0.00 secs] 
3315.057: [GC (Allocation Failure) [PSYoungGen: 70560K->1533K(71168K)] 435768K->366741K(627712K), 0.0016190 secs] [Times: user=0.00 sys=0.00, real=0.01 secs] 
3315.523: [GC (Allocation Failure) [PSYoungGen: 70653K->1584K(71168K)] 435861K->366792K(627712K), 0.0016959 secs] [Times: user=0.01 sys=0.00, real=0.00 secs] 
3315.926: [GC (Allocation Failure) [PSYoungGen: 70704K->1501K(71168K)] 435912K->366709K(627712K), 0.0016619 secs] [Times: user=0.00 sys=0.00, real=0.00 secs] 
3316.269: [GC (Allocation Failure) [PSYoungGen: 70621K->1408K(71168K)] 435829K->366616K(627712K), 0.0022749 secs] [Times: user=0.01 sys=0.01, real=0.00 secs] 
3316.768: [GC (Allocation Failure) [PSYoungGen: 70528K->1376K(71168K)] 435736K->366584K(627712K), 0.0021022 secs] [Times: user=0.00 sys=0.00, real=0.01 secs] 
3317.406: [GC (Allocation Failure) [PSYoungGen: 70496K->1344K(71168K)] 435704K->366552K(627712K), 0.0020452 secs] [Times: user=0.01 sys=0.00, real=0.00 secs] 
3318.048: [GC (Allocation Failure) [PSYoungGen: 70464K->1344K(71168K)] 435672K->366568K(627712K), 0.0021610 secs] [Times: user=0.01 sys=0.00, real=0.01 secs] 
3318.624: [GC (Allocation Failure) [PSYoungGen: 70464K->1501K(71168K)] 435688K->366725K(627712K), 0.0017028 secs] [Times: user=0.01 sys=0.00, real=0.00 secs] 
3319.025: [GC (Allocation Failure) [PSYoungGen: 70607K->1520K(71168K)] 435831K->366744K(627712K), 0.0017809 secs] [Times: user=0.00 sys=0.00, real=0.00 secs] 
3319.427: [GC (Allocation Failure) [PSYoungGen: 70640K->1501K(71168K)] 435864K->366725K(627712K), 0.0018471 secs] [Times: user=0.01 sys=0.00, real=0.01 secs] 
3319.836: [GC (Allocation Failure) [PSYoungGen: 70621K->1504K(71168K)] 435845K->366728K(627712K), 0.0019050 secs] [Times: user=0.01 sys=0.00, real=0.00 secs] 
3320.123: [GC (Allocation Failure) [PSYoungGen: 70624K->1328K(71168K)] 435848K->366552K(627712K), 0.0016868 secs] [Times: user=0.01 sys=0.00, real=0.00 secs] 
3320.410: [GC (Allocation Failure) [PSYoungGen: 70448K->1376K(71168K)] 435672K->366600K(627712K), 0.0017395 secs] [Times: user=0.01 sys=0.00, real=0.00 secs] 
3320.697: [GC (Allocation Failure) [PSYoungGen: 70496K->1344K(71168K)] 435720K->366568K(627712K), 0.0016923 secs] [Times: user=0.00 sys=0.00, real=0.00 secs] 
3321.003: [GC (Allocation Failure) [PSYoungGen: 70464K->1424K(71168K)] 435688K->366648K(627712K), 0.0016000 secs] [Times: user=0.01 sys=0.00, real=0.00 secs] 
3321.407: [GC (Allocation Failure) [PSYoungGen: 70544K->1520K(71168K)] 435768K->366744K(627712K), 0.0016022 secs] [Times: user=0.01 sys=0.00, real=0.00 secs] 
3321.868: [GC (Allocation Failure) [PSYoungGen: 70640K->1597K(71168K)] 435864K->366821K(627712K), 0.0017063 secs] [Times: user=0.01 sys=0.00, real=0.01 secs] 
3322.281: [GC (Allocation Failure) [PSYoungGen: 70717K->1501K(71168K)] 435941K->366725K(627712K), 0.0016099 secs] [Times: user=0.00 sys=0.00, real=0.00 secs] 
3322.888: [GC (Allocation Failure) [PSYoungGen: 70621K->1440K(71168K)] 435845K->366672K(627712K), 0.0030266 secs] [Times: user=0.01 sys=0.00, real=0.01 secs] 
3323.366: [GC (Allocation Failure) [PSYoungGen: 70560K->1376K(71168K)] 435792K->366608K(627712K), 0.0024519 secs] [Times: user=0.01 sys=0.00, real=0.00 secs] 
3323.914: [GC (Allocation Failure) [PSYoungGen: 70496K->1312K(71168K)] 435728K->366544K(627712K), 0.0021858 secs] [Times: user=0.01 sys=0.00, real=0.00 secs] 
3324.725: [GC (Allocation Failure) [PSYoungGen: 70432K->1440K(71168K)] 435664K->366672K(627712K), 0.0024734 secs] [Times: user=0.01 sys=0.00, real=0.00 secs] 
3325.451: [GC (Allocation Failure) [PSYoungGen: 70560K->1501K(71168K)] 435792K->366733K(627712K), 0.0016267 secs] [Times: user=0.01 sys=0.00, real=0.00 secs] 
3325.851: [GC (Allocation Failure) [PSYoungGen: 70621K->1533K(71168K)] 435853K->366765K(627712K), 0.0015807 secs] [Times: user=0.01 sys=0.00, real=0.00 secs] 
3326.257: [GC (Allocation Failure) [PSYoungGen: 70653K->1533K(71168K)] 435885K->366765K(627712K), 0.0016433 secs] [Times: user=0.00 sys=0.00, real=0.00 secs] 
3326.660: [GC (Allocation Failure) [PSYoungGen: 70653K->1565K(71168K)] 435885K->366813K(627712K), 0.0016342 secs] [Times: user=0.01 sys=0.00, real=0.00 secs] 
3327.628: [GC (Allocation Failure) [PSYoungGen: 70685K->1440K(71168K)] 435933K->366688K(627712K), 0.0026879 secs] [Times: user=0.01 sys=0.00, real=0.01 secs] 
3328.311: [GC (Allocation Failure) [PSYoungGen: 70560K->1392K(71168K)] 435808K->366656K(627712K), 0.0027415 secs] [Times: user=0.01 sys=0.00, real=0.00 secs] 
3328.879: [GC (Allocation Failure) [PSYoungGen: 70512K->1408K(71168K)] 435776K->366672K(627712K), 0.0026674 secs] [Times: user=0.01 sys=0.00, real=0.01 secs] 
3329.606: [GC (Allocation Failure) [PSYoungGen: 70528K->1376K(71168K)] 435792K->366640K(627712K), 0.0027584 secs] [Times: user=0.01 sys=0.00, real=0.01 secs] 
3330.264: [GC (Allocation Failure) [PSYoungGen: 70496K->1504K(71168K)] 435760K->366768K(627712K), 0.0016841 secs] [Times: user=0.01 sys=0.00, real=0.00 secs] 
3330.666: [GC (Allocation Failure) [PSYoungGen: 70624K->1565K(71168K)] 435888K->366829K(627712K), 0.0016963 secs] [Times: user=0.00 sys=0.00, real=0.00 secs] 
3331.130: [GC (Allocation Failure) [PSYoungGen: 70685K->1581K(71168K)] 435949K->366845K(627712K), 0.0016779 secs] [Times: user=0.01 sys=0.00, real=0.00 secs] 
3331.532: [GC (Allocation Failure) [PSYoungGen: 70701K->1472K(71168K)] 435965K->366760K(627712K), 0.0021916 secs] [Times: user=0.01 sys=0.00, real=0.00 secs] 
3331.820: [GC (Allocation Failure) [PSYoungGen: 70592K->1376K(71168K)] 435880K->366664K(627712K), 0.0020580 secs] [Times: user=0.01 sys=0.00, real=0.00 secs] 
3332.107: [GC (Allocation Failure) [PSYoungGen: 70496K->1376K(71168K)] 435784K->366664K(627712K), 0.0020509 secs] [Times: user=0.01 sys=0.00, real=0.01 secs] 
3332.394: [GC (Allocation Failure) [PSYoungGen: 70496K->1376K(71168K)] 435784K->366664K(627712K), 0.0026176 secs] [Times: user=0.01 sys=0.00, real=0.00 secs] 
3332.834: [GC (Allocation Failure) [PSYoungGen: 70496K->1469K(71168K)] 435784K->366757K(627712K), 0.0017692 secs] [Times: user=0.00 sys=0.00, real=0.00 secs] 
3333.293: [GC (Allocation Failure) [PSYoungGen: 70589K->1533K(71168K)] 435877K->366821K(627712K), 0.0016710 secs] [Times: user=0.01 sys=0.00, real=0.00 secs] 
3333.695: [GC (Allocation Failure) [PSYoungGen: 70653K->1597K(71168K)] 435941K->366885K(627712K), 0.0017154 secs] [Times: user=0.01 sys=0.00, real=0.00 secs] 
3334.098: [GC (Allocation Failure) [PSYoungGen: 70717K->1533K(71168K)] 436005K->366821K(627712K), 0.0016752 secs] [Times: user=0.01 sys=0.00, real=0.01 secs] 
3334.444: [GC (Allocation Failure) [PSYoungGen: 70653K->1392K(71168K)] 435941K->366688K(627712K), 0.0025094 secs] [Times: user=0.01 sys=0.00, real=0.00 secs] 
3334.729: [GC (Allocation Failure) [PSYoungGen: 70512K->1376K(71168K)] 435808K->366672K(627712K), 0.0021069 secs] [Times: user=0.01 sys=0.00, real=0.00 secs] 
3335.017: [GC (Allocation Failure) [PSYoungGen: 70496K->1344K(71168K)] 435792K->366640K(627712K), 0.0021137 secs] [Times: user=0.01 sys=0.00, real=0.01 secs] 
3335.419: [GC (Allocation Failure) [PSYoungGen: 70464K->1344K(71168K)] 435760K->366640K(627712K), 0.0020673 secs] [Times: user=0.01 sys=0.00, real=0.00 secs] 
3335.833: [GC (Allocation Failure) [PSYoungGen: 70433K->1469K(71168K)] 435729K->366789K(627712K), 0.0017000 secs] [Times: user=0.01 sys=0.00, real=0.00 secs] 
3336.238: [GC (Allocation Failure) [PSYoungGen: 70589K->1549K(71168K)] 435909K->366869K(627712K), 0.0016301 secs] [Times: user=0.01 sys=0.00, real=0.01 secs] 
3336.641: [GC (Allocation Failure) [PSYoungGen: 70669K->1520K(71168K)] 435989K->366840K(627712K), 0.0016253 secs] [Times: user=0.00 sys=0.00, real=0.00 secs] 
3337.149: [GC (Allocation Failure) [PSYoungGen: 70640K->1472K(71168K)] 435960K->366792K(627712K), 0.0019584 secs] [Times: user=0.01 sys=0.00, real=0.00 secs] 
3337.741: [GC (Allocation Failure) [PSYoungGen: 70592K->1344K(71168K)] 435912K->366664K(627712K), 0.0016240 secs] [Times: user=0.01 sys=0.00, real=0.00 secs] 
3338.173: [GC (Allocation Failure) [PSYoungGen: 70464K->1376K(71168K)] 435784K->366696K(627712K), 0.0020038 secs] [Times: user=0.00 sys=0.00, real=0.00 secs] 
3338.762: [GC (Allocation Failure) [PSYoungGen: 70496K->1312K(71168K)] 435816K->366632K(627712K), 0.0020374 secs] [Times: user=0.00 sys=0.01, real=0.00 secs] 
3339.314: [GC (Allocation Failure) [PSYoungGen: 70432K->1456K(71168K)] 435752K->366776K(627712K), 0.0018298 secs] [Times: user=0.00 sys=0.00, real=0.00 secs] 
3339.720: [GC (Allocation Failure) [PSYoungGen: 70576K->1568K(71168K)] 435896K->366888K(627712K), 0.0016154 secs] [Times: user=0.01 sys=0.00, real=0.00 secs] 
3340.122: [GC (Allocation Failure) [PSYoungGen: 70688K->1533K(71168K)] 436008K->366853K(627712K), 0.0016694 secs] [Times: user=0.01 sys=0.00, real=0.00 secs] 
3340.525: [GC (Allocation Failure) [PSYoungGen: 70653K->1533K(71168K)] 435973K->366853K(627712K), 0.0016171 secs] [Times: user=0.00 sys=0.00, real=0.00 secs] 
3341.342: [GC (Allocation Failure) [PSYoungGen: 70653K->1440K(71168K)] 435973K->366760K(627712K), 0.0021787 secs] [Times: user=0.01 sys=0.00, real=0.00 secs] 
3341.932: [GC (Allocation Failure) [PSYoungGen: 70560K->1376K(71168K)] 435880K->366696K(627712K), 0.0022421 secs] [Times: user=0.01 sys=0.01, real=0.00 secs] 
3342.350: [GC (Allocation Failure) [PSYoungGen: 70496K->1408K(71168K)] 435816K->366728K(627712K), 0.0027014 secs] [Times: user=0.01 sys=0.00, real=0.00 secs] 
3342.649: [GC (Allocation Failure) [PSYoungGen: 70528K->1376K(71168K)] 435848K->366696K(627712K), 0.0028878 secs] [Times: user=0.01 sys=0.00, real=0.00 secs] 
3343.225: [GC (Allocation Failure) [PSYoungGen: 70496K->1501K(71168K)] 435816K->366821K(627712K), 0.0014999 secs] [Times: user=0.01 sys=0.00, real=0.00 secs] 
3343.628: [GC (Allocation Failure) [PSYoungGen: 70621K->1597K(71168K)] 435941K->366917K(627712K), 0.0016241 secs] [Times: user=0.01 sys=0.00, real=0.01 secs] 
3344.090: [GC (Allocation Failure) [PSYoungGen: 70717K->1584K(71168K)] 436037K->366904K(627712K), 0.0019167 secs] [Times: user=0.00 sys=0.00, real=0.00 secs] 
3344.496: [GC (Allocation Failure) [PSYoungGen: 70704K->1565K(71168K)] 436024K->366893K(627712K), 0.0016436 secs] [Times: user=0.00 sys=0.00, real=0.00 secs] 
3345.091: [GC (Allocation Failure) [PSYoungGen: 70685K->1408K(71168K)] 436013K->366736K(627712K), 0.0023254 secs] [Times: user=0.01 sys=0.00, real=0.00 secs] 
3345.686: [GC (Allocation Failure) [PSYoungGen: 70528K->1344K(71168K)] 435856K->366672K(627712K), 0.0023998 secs] [Times: user=0.01 sys=0.00, real=0.00 secs] 
3346.279: [GC (Allocation Failure) [PSYoungGen: 70464K->1392K(71168K)] 435792K->366720K(627712K), 0.0024718 secs] [Times: user=0.01 sys=0.00, real=0.00 secs] 
3346.669: [GC (Allocation Failure) [PSYoungGen: 70512K->1344K(71168K)] 435840K->366672K(627712K), 0.0021027 secs] [Times: user=0.01 sys=0.00, real=0.00 secs] 
3347.105: [GC (Allocation Failure) [PSYoungGen: 70464K->1501K(71168K)] 435792K->366829K(627712K), 0.0016257 secs] [Times: user=0.00 sys=0.00, real=0.00 secs] 
3347.510: [GC (Allocation Failure) [PSYoungGen: 70621K->1549K(71168K)] 435949K->366877K(627712K), 0.0015970 secs] [Times: user=0.01 sys=0.00, real=0.00 secs] 
3347.914: [GC (Allocation Failure) [PSYoungGen: 70669K->1501K(71168K)] 435997K->366853K(627712K), 0.0016106 secs] [Times: user=0.01 sys=0.00, real=0.00 secs] 
3348.288: [GC (Allocation Failure) [PSYoungGen: 70621K->1472K(71168K)] 435973K->366832K(627712K), 0.0018987 secs] [Times: user=0.00 sys=0.00, real=0.01 secs] 
3348.726: [GC (Allocation Failure) [PSYoungGen: 70592K->1376K(71168K)] 435952K->366736K(627712K), 0.0018367 secs] [Times: user=0.00 sys=0.00, real=0.00 secs] 
3349.253: [GC (Allocation Failure) [PSYoungGen: 70496K->1376K(71168K)] 435856K->366736K(627712K), 0.0019049 secs] [Times: user=0.01 sys=0.00, real=0.00 secs] 
3349.898: [GC (Allocation Failure) [PSYoungGen: 70496K->1312K(71168K)] 435856K->366672K(627712K), 0.0020284 secs] [Times: user=0.00 sys=0.00, real=0.01 secs] 
3350.592: [GC (Allocation Failure) [PSYoungGen: 70432K->1437K(71168K)] 435792K->366797K(627712K), 0.0016219 secs] [Times: user=0.01 sys=0.00, real=0.00 secs] 
3350.994: [GC (Allocation Failure) [PSYoungGen: 70557K->1565K(71168K)] 435917K->366925K(627712K), 0.0016611 secs] [Times: user=0.01 sys=0.00, real=0.00 secs] 
3351.395: [GC (Allocation Failure) [PSYoungGen: 70685K->1565K(71168K)] 436045K->366925K(627712K), 0.0017950 secs] [Times: user=0.00 sys=0.00, real=0.00 secs] 
3351.797: [GC (Allocation Failure) [PSYoungGen: 70685K->1565K(71168K)] 436045K->366925K(627712K), 0.0017094 secs] [Times: user=0.01 sys=0.00, real=0.01 secs] 
3352.293: [GC (Allocation Failure) [PSYoungGen: 70685K->1424K(71168K)] 436045K->366784K(627712K), 0.0020510 secs] [Times: user=0.01 sys=0.00, real=0.00 secs] 
3352.606: [GC (Allocation Failure) [PSYoungGen: 70544K->1344K(71168K)] 435904K->366704K(627712K), 0.0020008 secs] [Times: user=0.00 sys=0.00, real=0.00 secs] 
3352.894: [GC (Allocation Failure) [PSYoungGen: 70464K->1360K(71168K)] 435824K->366720K(627712K), 0.0019112 secs] [Times: user=0.01 sys=0.00, real=0.00 secs] 
3353.181: [GC (Allocation Failure) [PSYoungGen: 70480K->1376K(71168K)] 435840K->366736K(627712K), 0.0019247 secs] [Times: user=0.00 sys=0.00, real=0.00 secs] 
3353.627: [GC (Allocation Failure) [PSYoungGen: 70496K->1501K(71168K)] 435856K->366861K(627712K), 0.0016169 secs] [Times: user=0.01 sys=0.00, real=0.01 secs] 
3354.029: [GC (Allocation Failure) [PSYoungGen: 70621K->1536K(71168K)] 435981K->366896K(627712K), 0.0016768 secs] [Times: user=0.00 sys=0.00, real=0.00 secs] 
3354.432: [GC (Allocation Failure) [PSYoungGen: 70656K->1584K(71168K)] 436016K->366944K(627712K), 0.0016643 secs] [Times: user=0.01 sys=0.00, real=0.00 secs] 
3354.843: [GC (Allocation Failure) [PSYoungGen: 70704K->1536K(71168K)] 436064K->366896K(627712K), 0.0019060 secs] [Times: user=0.01 sys=0.00, real=0.00 secs] 
3355.130: [GC (Allocation Failure) [PSYoungGen: 70656K->1376K(71168K)] 436016K->366736K(627712K), 0.0017476 secs] [Times: user=0.01 sys=0.00, real=0.00 secs] 
3355.449: [GC (Allocation Failure) [PSYoungGen: 70496K->1376K(71168K)] 435856K->366736K(627712K), 0.0023463 secs] [Times: user=0.01 sys=0.00, real=0.00 secs] 
3355.764: [GC (Allocation Failure) [PSYoungGen: 70496K->1376K(71168K)] 435856K->366736K(627712K), 0.0020420 secs] [Times: user=0.01 sys=0.00, real=0.00 secs] 
3356.101: [GC (Allocation Failure) [PSYoungGen: 70496K->1437K(71168K)] 435856K->366829K(627712K), 0.0018423 secs] [Times: user=0.00 sys=0.00, real=0.00 secs] 
3356.512: [GC (Allocation Failure) [PSYoungGen: 70528K->1517K(71168K)] 435921K->366909K(627712K), 0.0017374 secs] [Times: user=0.01 sys=0.00, real=0.00 secs] 
3356.921: [GC (Allocation Failure) [PSYoungGen: 70637K->1581K(71168K)] 436029K->366973K(627712K), 0.0016459 secs] [Times: user=0.01 sys=0.00, real=0.00 secs] 
3357.324: [GC (Allocation Failure) [PSYoungGen: 70701K->1533K(71168K)] 436093K->366925K(627712K), 0.0016202 secs] [Times: user=0.01 sys=0.00, real=0.00 secs] 
3357.768: [GC (Allocation Failure) [PSYoungGen: 70653K->1392K(71168K)] 436045K->366784K(627712K), 0.0019453 secs] [Times: user=0.01 sys=0.00, real=0.01 secs] 
3358.120: [GC (Allocation Failure) [PSYoungGen: 70512K->1344K(71168K)] 435904K->366736K(627712K), 0.0019227 secs] [Times: user=0.01 sys=0.00, real=0.00 secs] 
3358.409: [GC (Allocation Failure) [PSYoungGen: 70464K->1312K(71168K)] 435856K->366704K(627712K), 0.0021398 secs] [Times: user=0.00 sys=0.00, real=0.00 secs] 
3358.697: [GC (Allocation Failure) [PSYoungGen: 70432K->1360K(71168K)] 435824K->366752K(627712K), 0.0019378 secs] [Times: user=0.01 sys=0.00, real=0.01 secs] 
3359.068: [GC (Allocation Failure) [PSYoungGen: 70480K->1501K(71168K)] 435872K->366893K(627712K), 0.0016546 secs] [Times: user=0.01 sys=0.00, real=0.01 secs] 
3359.468: [GC (Allocation Failure) [PSYoungGen: 70591K->1501K(71168K)] 435983K->366893K(627712K), 0.0015689 secs] [Times: user=0.01 sys=0.00, real=0.01 secs] 
3359.874: [GC (Allocation Failure) [PSYoungGen: 70621K->1549K(71168K)] 436013K->366941K(627712K), 0.0016225 secs] [Times: user=0.00 sys=0.00, real=0.00 secs] 
3360.276: [GC (Allocation Failure) [PSYoungGen: 70669K->1565K(71168K)] 436061K->366965K(627712K), 0.0016711 secs] [Times: user=0.01 sys=0.00, real=0.00 secs] 
3360.652: [GC (Allocation Failure) [PSYoungGen: 70685K->1408K(71168K)] 436085K->366808K(627712K), 0.0017673 secs] [Times: user=0.00 sys=0.00, real=0.00 secs] 
3361.199: [GC (Allocation Failure) [PSYoungGen: 70528K->1376K(71168K)] 435928K->366776K(627712K), 0.0020527 secs] [Times: user=0.01 sys=0.00, real=0.00 secs] 
3361.739: [GC (Allocation Failure) [PSYoungGen: 70496K->1376K(71168K)] 435896K->366776K(627712K), 0.0019564 secs] [Times: user=0.01 sys=0.00, real=0.01 secs] 
3362.365: [GC (Allocation Failure) [PSYoungGen: 70496K->1376K(71168K)] 435896K->366776K(627712K), 0.0020238 secs] [Times: user=0.01 sys=0.00, real=0.00 secs] 
3362.816: [GC (Allocation Failure) [PSYoungGen: 70496K->1520K(71168K)] 435896K->366920K(627712K), 0.0016034 secs] [Times: user=0.01 sys=0.00, real=0.00 secs] 
3363.224: [GC (Allocation Failure) [PSYoungGen: 70640K->1501K(71168K)] 436040K->366901K(627712K), 0.0015843 secs] [Times: user=0.01 sys=0.00, real=0.00 secs] 
3363.630: [GC (Allocation Failure) [PSYoungGen: 70621K->1501K(71168K)] 436021K->366901K(627712K), 0.0015716 secs] [Times: user=0.01 sys=0.00, real=0.00 secs] 
3364.029: [GC (Allocation Failure) [PSYoungGen: 70621K->1472K(71168K)] 436021K->366888K(627712K), 0.0018872 secs] [Times: user=0.01 sys=0.00, real=0.00 secs] 
3364.316: [GC (Allocation Failure) [PSYoungGen: 70592K->1344K(71168K)] 436008K->366760K(627712K), 0.0016951 secs] [Times: user=0.00 sys=0.00, real=0.00 secs] 
3364.604: [GC (Allocation Failure) [PSYoungGen: 70464K->1376K(71168K)] 435880K->366792K(627712K), 0.0029923 secs] [Times: user=0.01 sys=0.00, real=0.00 secs] 
3365.092: [GC (Allocation Failure) [PSYoungGen: 70496K->1376K(71168K)] 435912K->366792K(627712K), 0.0028169 secs] [Times: user=0.01 sys=0.00, real=0.00 secs] 
3365.688: [GC (Allocation Failure) [PSYoungGen: 70496K->1469K(71168K)] 435912K->366885K(627712K), 0.0014874 secs] [Times: user=0.01 sys=0.00, real=0.01 secs] 
3366.090: [GC (Allocation Failure) [PSYoungGen: 70589K->1501K(71168K)] 436005K->366917K(627712K), 0.0016866 secs] [Times: user=0.01 sys=0.00, real=0.00 secs] 
3366.492: [GC (Allocation Failure) [PSYoungGen: 70621K->1597K(71168K)] 436037K->367013K(627712K), 0.0015159 secs] [Times: user=0.01 sys=0.00, real=0.00 secs] 
3366.895: [GC (Allocation Failure) [PSYoungGen: 70717K->1552K(71168K)] 436133K->366992K(627712K), 0.0016381 secs] [Times: user=0.00 sys=0.00, real=0.00 secs] 
3368.019: [GC (Allocation Failure) [PSYoungGen: 70672K->1360K(71168K)] 436112K->366800K(627712K), 0.0037834 secs] [Times: user=0.01 sys=0.00, real=0.01 secs] 
3369.095: [GC (Allocation Failure) [PSYoungGen: 70480K->1344K(71168K)] 435920K->366784K(627712K), 0.0033269 secs] [Times: user=0.01 sys=0.00, real=0.00 secs] 
3369.976: [GC (Allocation Failure) [PSYoungGen: 70464K->1344K(71168K)] 435904K->366784K(627712K), 0.0036746 secs] [Times: user=0.02 sys=0.00, real=0.01 secs] 
3370.514: [GC (Allocation Failure) [PSYoungGen: 70464K->1376K(71168K)] 435904K->366816K(627712K), 0.0021914 secs] [Times: user=0.01 sys=0.00, real=0.00 secs] 
3371.042: [GC (Allocation Failure) [PSYoungGen: 70491K->1501K(71168K)] 435931K->366941K(627712K), 0.0015657 secs] [Times: user=0.01 sys=0.00, real=0.00 secs] 
3371.446: [GC (Allocation Failure) [PSYoungGen: 70621K->1501K(71168K)] 436061K->366941K(627712K), 0.0016349 secs] [Times: user=0.01 sys=0.00, real=0.00 secs] 
3371.848: [GC (Allocation Failure) [PSYoungGen: 70621K->1565K(71168K)] 436061K->367005K(627712K), 0.0016609 secs] [Times: user=0.01 sys=0.00, real=0.01 secs] 
3372.471: [GC (Allocation Failure) [PSYoungGen: 70685K->1488K(71168K)] 436125K->366928K(627712K), 0.0026290 secs] [Times: user=0.01 sys=0.00, real=0.00 secs] 
3373.924: [GC (Allocation Failure) [PSYoungGen: 70608K->1376K(71168K)] 436048K->366816K(627712K), 0.0029625 secs] [Times: user=0.01 sys=0.00, real=0.00 secs] 
3374.348: [GC (Allocation Failure) [PSYoungGen: 70496K->1376K(71168K)] 435936K->366816K(627712K), 0.0019830 secs] [Times: user=0.01 sys=0.00, real=0.01 secs] 
3374.700: [GC (Allocation Failure) [PSYoungGen: 70496K->1376K(71168K)] 435936K->366816K(627712K), 0.0020065 secs] [Times: user=0.01 sys=0.00, real=0.00 secs] 
3375.097: [GC (Allocation Failure) [PSYoungGen: 70496K->1437K(71168K)] 435936K->366877K(627712K), 0.0015607 secs] [Times: user=0.01 sys=0.00, real=0.00 secs] 
3375.498: [GC (Allocation Failure) [PSYoungGen: 70557K->1565K(71168K)] 435997K->367005K(627712K), 0.0016430 secs] [Times: user=0.01 sys=0.00, real=0.01 secs] 
3375.900: [GC (Allocation Failure) [PSYoungGen: 70685K->1520K(71168K)] 436125K->366960K(627712K), 0.0016018 secs] [Times: user=0.00 sys=0.00, real=0.00 secs] 
3376.360: [GC (Allocation Failure) [PSYoungGen: 70640K->1501K(71168K)] 436080K->366941K(627712K), 0.0016485 secs] [Times: user=0.01 sys=0.00, real=0.00 secs] 
3376.787: [GC (Allocation Failure) [PSYoungGen: 70621K->1424K(71168K)] 436061K->366872K(627712K), 0.0021737 secs] [Times: user=0.01 sys=0.00, real=0.01 secs] 
3377.132: [GC (Allocation Failure) [PSYoungGen: 70544K->1344K(71168K)] 435992K->366792K(627712K), 0.0020850 secs] [Times: user=0.01 sys=0.00, real=0.00 secs] 
3377.426: [GC (Allocation Failure) [PSYoungGen: 70464K->1376K(71168K)] 435912K->366832K(627712K), 0.0019423 secs] [Times: user=0.01 sys=0.00, real=0.00 secs] 
3377.730: [GC (Allocation Failure) [PSYoungGen: 70496K->1344K(71168K)] 435952K->366816K(627712K), 0.0020012 secs] [Times: user=0.01 sys=0.00, real=0.00 secs] 
3378.154: [GC (Allocation Failure) [PSYoungGen: 70464K->1469K(71168K)] 435936K->366941K(627712K), 0.0016276 secs] [Times: user=0.01 sys=0.00, real=0.00 secs] 
3378.555: [GC (Allocation Failure) [PSYoungGen: 70589K->1533K(71168K)] 436061K->367005K(627712K), 0.0016197 secs] [Times: user=0.01 sys=0.00, real=0.00 secs] 
3378.957: [GC (Allocation Failure) [PSYoungGen: 70653K->1533K(71168K)] 436125K->367005K(627712K), 0.0015783 secs] [Times: user=0.01 sys=0.00, real=0.00 secs] 
3379.360: [GC (Allocation Failure) [PSYoungGen: 70653K->1533K(71168K)] 436125K->367013K(627712K), 0.0016122 secs] [Times: user=0.00 sys=0.00, real=0.00 secs] 
3379.688: [GC (Allocation Failure) [PSYoungGen: 70653K->1408K(71168K)] 436133K->366888K(627712K), 0.0017720 secs] [Times: user=0.01 sys=0.00, real=0.01 secs] 
3379.999: [GC (Allocation Failure) [PSYoungGen: 70528K->1376K(71168K)] 436008K->366856K(627712K), 0.0016438 secs] [Times: user=0.01 sys=0.00, real=0.00 secs] 
3380.636: [GC (Allocation Failure) [PSYoungGen: 70496K->1376K(71168K)] 435976K->366856K(627712K), 0.0021514 secs] [Times: user=0.00 sys=0.00, real=0.00 secs] 
3381.451: [GC (Allocation Failure) [PSYoungGen: 70496K->1376K(71168K)] 435976K->366856K(627712K), 0.0026304 secs] [Times: user=0.01 sys=0.00, real=0.00 secs] 
3381.978: [GC (Allocation Failure) [PSYoungGen: 70496K->1613K(71168K)] 435976K->367093K(627712K), 0.0016383 secs] [Times: user=0.01 sys=0.00, real=0.01 secs] 
3382.380: [GC (Allocation Failure) [PSYoungGen: 70733K->1533K(71168K)] 436213K->367013K(627712K), 0.0016596 secs] [Times: user=0.01 sys=0.00, real=0.00 secs] 
3382.786: [GC (Allocation Failure) [PSYoungGen: 70653K->1533K(71168K)] 436133K->367013K(627712K), 0.0015879 secs] [Times: user=0.01 sys=0.00, real=0.00 secs] 
3383.704: [GC (Allocation Failure) [PSYoungGen: 70653K->1456K(71168K)] 436133K->366936K(627712K), 0.0061872 secs] [Times: user=0.02 sys=0.00, real=0.01 secs] 
3384.841: [GC (Allocation Failure) [PSYoungGen: 70576K->1376K(71168K)] 436056K->366856K(627712K), 0.0034859 secs] [Times: user=0.02 sys=0.00, real=0.00 secs] 
3385.157: [GC (Allocation Failure) [PSYoungGen: 70496K->1376K(71168K)] 435976K->366856K(627712K), 0.0019487 secs] [Times: user=0.00 sys=0.00, real=0.01 secs] 
3385.444: [GC (Allocation Failure) [PSYoungGen: 70496K->1376K(71168K)] 435976K->366856K(627712K), 0.0018617 secs] [Times: user=0.01 sys=0.00, real=0.00 secs] 
3385.834: [GC (GCLocker Initiated GC) [PSYoungGen: 70496K->1437K(71168K)] 435976K->366917K(627712K), 0.0021545 secs] [Times: user=0.00 sys=0.01, real=0.00 secs] 
3386.286: [GC (Allocation Failure) [PSYoungGen: 70557K->1469K(71168K)] 436263K->367175K(627712K), 0.0016569 secs] [Times: user=0.00 sys=0.00, real=0.00 secs] 
3386.689: [GC (Allocation Failure) [PSYoungGen: 70589K->1597K(71168K)] 436295K->367303K(627712K), 0.0016301 secs] [Times: user=0.01 sys=0.00, real=0.00 secs] 
3387.092: [GC (Allocation Failure) [PSYoungGen: 70717K->1565K(71168K)] 436423K->367271K(627712K), 0.0015636 secs] [Times: user=0.01 sys=0.00, real=0.00 secs] 
3387.657: [GC (Allocation Failure) [PSYoungGen: 70685K->1520K(71168K)] 436391K->367226K(627712K), 0.0037075 secs] [Times: user=0.02 sys=0.00, real=0.01 secs] 
3388.304: [GC (Allocation Failure) [PSYoungGen: 70640K->1472K(71168K)] 436346K->367178K(627712K), 0.0027885 secs] [Times: user=0.02 sys=0.00, real=0.00 secs] 
3388.760: [GC (Allocation Failure) [PSYoungGen: 70592K->1440K(71168K)] 436298K->367162K(627712K), 0.0020503 secs] [Times: user=0.01 sys=0.00, real=0.00 secs] 
3389.047: [GC (Allocation Failure) [PSYoungGen: 70560K->1472K(71168K)] 436282K->367194K(627712K), 0.0018962 secs] [Times: user=0.01 sys=0.00, real=0.01 secs] 
3389.438: [GC (Allocation Failure) [PSYoungGen: 70590K->1536K(71168K)] 436312K->367258K(627712K), 0.0016269 secs] [Times: user=0.00 sys=0.00, real=0.01 secs] 
3389.841: [GC (Allocation Failure) [PSYoungGen: 70656K->1613K(71168K)] 436378K->367335K(627712K), 0.0015965 secs] [Times: user=0.01 sys=0.00, real=0.00 secs] 
3390.309: [GC (Allocation Failure) [PSYoungGen: 70733K->1597K(71168K)] 436455K->367319K(627712K), 0.0016035 secs] [Times: user=0.00 sys=0.00, real=0.00 secs] 
3390.923: [GC (Allocation Failure) [PSYoungGen: 70717K->1632K(71168K)] 436439K->367370K(627712K), 0.0026912 secs] [Times: user=0.01 sys=0.00, real=0.00 secs] 
3391.618: [GC (Allocation Failure) [PSYoungGen: 70752K->1472K(71168K)] 436490K->367210K(627712K), 0.0026000 secs] [Times: user=0.01 sys=0.00, real=0.01 secs] 
3391.949: [GC (Allocation Failure) [PSYoungGen: 70592K->1440K(71168K)] 436330K->367178K(627712K), 0.0021315 secs] [Times: user=0.01 sys=0.00, real=0.00 secs] 
3392.280: [GC (Allocation Failure) [PSYoungGen: 70560K->1472K(71168K)] 436298K->367210K(627712K), 0.0019369 secs] [Times: user=0.00 sys=0.00, real=0.00 secs] 
3392.896: [GC (Allocation Failure) [PSYoungGen: 70592K->1501K(71168K)] 436330K->367295K(627712K), 0.0022462 secs] [Times: user=0.01 sys=0.00, real=0.00 secs] 
3393.391: [GC (Allocation Failure) [PSYoungGen: 70621K->1568K(71168K)] 436415K->367402K(627712K), 0.0017041 secs] [Times: user=0.00 sys=0.00, real=0.00 secs] 
3393.794: [GC (Allocation Failure) [PSYoungGen: 70688K->1533K(71168K)] 436522K->367367K(627712K), 0.0016425 secs] [Times: user=0.01 sys=0.00, real=0.00 secs] 
3394.205: [GC (Allocation Failure) [PSYoungGen: 70653K->1565K(71168K)] 436487K->367399K(627712K), 0.0016986 secs] [Times: user=0.01 sys=0.00, real=0.00 secs] 
3394.890: [GC (Allocation Failure) [PSYoungGen: 70685K->1392K(71168K)] 436519K->367234K(627712K), 0.0040306 secs] [Times: user=0.02 sys=0.00, real=0.00 secs] 
3395.747: [GC (Allocation Failure) [PSYoungGen: 70512K->1344K(71168K)] 436354K->367186K(627712K), 0.0027578 secs] [Times: user=0.01 sys=0.00, real=0.01 secs] 
3396.559: [GC (Allocation Failure) [PSYoungGen: 70464K->1376K(71168K)] 436306K->367218K(627712K), 0.0031216 secs] [Times: user=0.01 sys=0.00, real=0.00 secs] 
3397.090: [GC (Allocation Failure) [PSYoungGen: 70496K->1376K(71168K)] 436338K->367218K(627712K), 0.0026967 secs] [Times: user=0.01 sys=0.00, real=0.00 secs] 
3397.471: [GC (Allocation Failure) [PSYoungGen: 70496K->1501K(71168K)] 436338K->367343K(627712K), 0.0016871 secs] [Times: user=0.00 sys=0.00, real=0.00 secs] 
3397.876: [GC (Allocation Failure) [PSYoungGen: 70621K->1533K(71168K)] 436463K->367375K(627712K), 0.0015999 secs] [Times: user=0.01 sys=0.00, real=0.00 secs] 
3398.281: [GC (Allocation Failure) [PSYoungGen: 70653K->1549K(71168K)] 436495K->367415K(627712K), 0.0016960 secs] [Times: user=0.01 sys=0.00, real=0.00 secs] 
3398.685: [GC (Allocation Failure) [PSYoungGen: 70669K->1469K(71168K)] 436535K->367343K(627712K), 0.0016098 secs] [Times: user=0.01 sys=0.00, real=0.00 secs] 
3399.390: [GC (Allocation Failure) [PSYoungGen: 70589K->1376K(71168K)] 436463K->367250K(627712K), 0.0019128 secs] [Times: user=0.01 sys=0.00, real=0.00 secs] 
3400.004: [GC (Allocation Failure) [PSYoungGen: 70496K->1344K(71168K)] 436370K->367218K(627712K), 0.0018217 secs] [Times: user=0.01 sys=0.00, real=0.00 secs] 
3400.642: [GC (Allocation Failure) [PSYoungGen: 70464K->1376K(71168K)] 436338K->367250K(627712K), 0.0019631 secs] [Times: user=0.00 sys=0.00, real=0.00 secs] 
3400.940: [GC (Allocation Failure) [PSYoungGen: 70496K->1344K(71168K)] 436370K->367218K(627712K), 0.0019151 secs] [Times: user=0.01 sys=0.00, real=0.00 secs] 
3401.369: [GC (Allocation Failure) [PSYoungGen: 70464K->1581K(71168K)] 436338K->367455K(627712K), 0.0016350 secs] [Times: user=0.01 sys=0.00, real=0.00 secs] 
3401.773: [GC (Allocation Failure) [PSYoungGen: 70701K->1565K(71168K)] 436575K->367439K(627712K), 0.0016337 secs] [Times: user=0.01 sys=0.00, real=0.00 secs] 
3402.174: [GC (Allocation Failure) [PSYoungGen: 70685K->1613K(71168K)] 436559K->367487K(627712K), 0.0016595 secs] [Times: user=0.01 sys=0.00, real=0.00 secs] 
3402.644: [GC (Allocation Failure) [PSYoungGen: 70733K->1472K(71168K)] 436607K->367346K(627712K), 0.0021490 secs] [Times: user=0.01 sys=0.00, real=0.00 secs] 
3402.975: [GC (Allocation Failure) [PSYoungGen: 70592K->1344K(71168K)] 436466K->367218K(627712K), 0.0020989 secs] [Times: user=0.01 sys=0.00, real=0.00 secs] 
3403.282: [GC (Allocation Failure) [PSYoungGen: 70464K->1344K(71168K)] 436338K->367218K(627712K), 0.0020251 secs] [Times: user=0.01 sys=0.00, real=0.00 secs] 
3403.629: [GC (Allocation Failure) [PSYoungGen: 70464K->1376K(71168K)] 436338K->367250K(627712K), 0.0019495 secs] [Times: user=0.01 sys=0.00, real=0.00 secs] 
3403.982: [GC (Allocation Failure) [PSYoungGen: 70496K->1456K(71168K)] 436370K->367330K(627712K), 0.0015587 secs] [Times: user=0.01 sys=0.00, real=0.00 secs] 
3404.397: [GC (Allocation Failure) [PSYoungGen: 70576K->1613K(71168K)] 436450K->367487K(627712K), 0.0016744 secs] [Times: user=0.01 sys=0.00, real=0.00 secs] 
3404.799: [GC (Allocation Failure) [PSYoungGen: 70733K->1597K(71168K)] 436607K->367471K(627712K), 0.0016776 secs] [Times: user=0.00 sys=0.00, real=0.01 secs] 
3405.203: [GC (Allocation Failure) [PSYoungGen: 70717K->1613K(71168K)] 436591K->367487K(627712K), 0.0016669 secs] [Times: user=0.00 sys=0.00, real=0.00 secs] 
3405.534: [GC (Allocation Failure) [PSYoungGen: 70733K->1440K(71168K)] 436607K->367314K(627712K), 0.0015561 secs] [Times: user=0.00 sys=0.00, real=0.00 secs] 
3405.894: [GC (Allocation Failure) [PSYoungGen: 70560K->1376K(71168K)] 436434K->367250K(627712K), 0.0018107 secs] [Times: user=0.01 sys=0.00, real=0.00 secs] 
3406.208: [GC (Allocation Failure) [PSYoungGen: 70496K->1344K(71168K)] 436370K->367242K(627712K), 0.0023280 secs] [Times: user=0.01 sys=0.00, real=0.01 secs] 
3406.496: [GC (Allocation Failure) [PSYoungGen: 70464K->1360K(71168K)] 436362K->367258K(627712K), 0.0022108 secs] [Times: user=0.01 sys=0.00, real=0.00 secs] 
3406.905: [GC (Allocation Failure) [PSYoungGen: 70449K->1469K(71168K)] 436347K->367367K(627712K), 0.0015135 secs] [Times: user=0.00 sys=0.00, real=0.00 secs] 
3407.309: [GC (Allocation Failure) [PSYoungGen: 70589K->1501K(71168K)] 436487K->367399K(627712K), 0.0015807 secs] [Times: user=0.01 sys=0.00, real=0.00 secs] 
3407.715: [GC (Allocation Failure) [PSYoungGen: 70621K->1533K(71168K)] 436519K->367431K(627712K), 0.0016732 secs] [Times: user=0.01 sys=0.00, real=0.00 secs] 
3408.392: [GC (Allocation Failure) [PSYoungGen: 70653K->1472K(71168K)] 436551K->367370K(627712K), 0.0029807 secs] [Times: user=0.01 sys=0.00, real=0.00 secs] 
3409.407: [GC (Allocation Failure) [PSYoungGen: 70592K->1376K(71168K)] 436490K->367274K(627712K), 0.0037005 secs] [Times: user=0.02 sys=0.00, real=0.01 secs] 
3410.147: [GC (Allocation Failure) [PSYoungGen: 70496K->1392K(71168K)] 436394K->367290K(627712K), 0.0035970 secs] [Times: user=0.02 sys=0.00, real=0.01 secs] 
3410.512: [GC (Allocation Failure) [PSYoungGen: 70512K->1376K(71168K)] 436410K->367274K(627712K), 0.0021215 secs] [Times: user=0.01 sys=0.00, real=0.00 secs] 
3410.866: [GC (Allocation Failure) [PSYoungGen: 70496K->1437K(71168K)] 436394K->367335K(627712K), 0.0014753 secs] [Times: user=0.00 sys=0.00, real=0.00 secs] 
3411.268: [GC (Allocation Failure) [PSYoungGen: 70557K->1533K(71168K)] 436455K->367431K(627712K), 0.0017059 secs] [Times: user=0.00 sys=0.00, real=0.01 secs] 
3411.670: [GC (Allocation Failure) [PSYoungGen: 70653K->1581K(71168K)] 436551K->367479K(627712K), 0.0016443 secs] [Times: user=0.00 sys=0.00, real=0.00 secs] 
3412.073: [GC (Allocation Failure) [PSYoungGen: 70701K->1501K(71168K)] 436599K->367399K(627712K), 0.0015989 secs] [Times: user=0.01 sys=0.00, real=0.00 secs] 
3412.956: [GC (Allocation Failure) [PSYoungGen: 70621K->1424K(71168K)] 436519K->367322K(627712K), 0.0031119 secs] [Times: user=0.01 sys=0.00, real=0.01 secs] 
3413.833: [GC (Allocation Failure) [PSYoungGen: 70544K->1344K(71168K)] 436442K->367242K(627712K), 0.0033766 secs] [Times: user=0.01 sys=0.00, real=0.00 secs] 
3414.468: [GC (Allocation Failure) [PSYoungGen: 70464K->1376K(71168K)] 436362K->367274K(627712K), 0.0038699 secs] [Times: user=0.02 sys=0.00, real=0.01 secs] 
3415.048: [GC (Allocation Failure) [PSYoungGen: 70496K->1376K(71168K)] 436394K->367274K(627712K), 0.0025755 secs] [Times: user=0.01 sys=0.00, real=0.01 secs] 
3415.636: [GC (Allocation Failure) [PSYoungGen: 70496K->1501K(71168K)] 436394K->367399K(627712K), 0.0015411 secs] [Times: user=0.01 sys=0.00, real=0.00 secs] 
3416.037: [GC (Allocation Failure) [PSYoungGen: 70621K->1533K(71168K)] 436519K->367431K(627712K), 0.0016748 secs] [Times: user=0.01 sys=0.00, real=0.01 secs] 
3416.442: [GC (Allocation Failure) [PSYoungGen: 70653K->1533K(71168K)] 436551K->367431K(627712K), 0.0016640 secs] [Times: user=0.01 sys=0.00, real=0.00 secs] 
3416.846: [GC (Allocation Failure) [PSYoungGen: 70653K->1533K(71168K)] 436551K->367439K(627712K), 0.0015948 secs] [Times: user=0.01 sys=0.00, real=0.00 secs] 
3417.553: [GC (Allocation Failure) [PSYoungGen: 70653K->1376K(71168K)] 436559K->367282K(627712K), 0.0018233 secs] [Times: user=0.00 sys=0.00, real=0.00 secs] 
3418.153: [GC (Allocation Failure) [PSYoungGen: 70496K->1376K(71168K)] 436402K->367282K(627712K), 0.0018397 secs] [Times: user=0.00 sys=0.00, real=0.00 secs] 
3418.864: [GC (Allocation Failure) [PSYoungGen: 70496K->1344K(71168K)] 436402K->367266K(627712K), 0.0020442 secs] [Times: user=0.00 sys=0.00, real=0.00 secs] 
3419.689: [GC (Allocation Failure) [PSYoungGen: 70464K->1312K(71168K)] 436386K->367234K(627712K), 0.0022360 secs] [Times: user=0.01 sys=0.00, real=0.00 secs] 
3420.152: [GC (Allocation Failure) [PSYoungGen: 70432K->1469K(71168K)] 436354K->367391K(627712K), 0.0015878 secs] [Times: user=0.01 sys=0.01, real=0.00 secs] 
3420.553: [GC (Allocation Failure) [PSYoungGen: 70589K->1613K(71168K)] 436511K->367535K(627712K), 0.0016332 secs] [Times: user=0.00 sys=0.00, real=0.00 secs] 
3420.956: [GC (Allocation Failure) [PSYoungGen: 70733K->1565K(71168K)] 436655K->367487K(627712K), 0.0017276 secs] [Times: user=0.01 sys=0.00, real=0.00 secs] 
3421.351: [GC (Allocation Failure) [PSYoungGen: 70685K->1472K(71168K)] 436607K->367394K(627712K), 0.0019444 secs] [Times: user=0.01 sys=0.00, real=0.00 secs] 
3421.660: [GC (Allocation Failure) [PSYoungGen: 70592K->1376K(71168K)] 436514K->367298K(627712K), 0.0016602 secs] [Times: user=0.01 sys=0.00, real=0.00 secs] 
3421.951: [GC (Allocation Failure) [PSYoungGen: 70496K->1376K(71168K)] 436418K->367298K(627712K), 0.0017024 secs] [Times: user=0.01 sys=0.00, real=0.00 secs] 
3422.396: [GC (Allocation Failure) [PSYoungGen: 70496K->1312K(71168K)] 436418K->367234K(627712K), 0.0026424 secs] [Times: user=0.01 sys=0.00, real=0.00 secs] 
3422.904: [GC (Allocation Failure) [PSYoungGen: 70432K->1437K(71168K)] 436354K->367359K(627712K), 0.0015008 secs] [Times: user=0.01 sys=0.00, real=0.00 secs] 
3423.309: [GC (Allocation Failure) [PSYoungGen: 70557K->1565K(71168K)] 436479K->367487K(627712K), 0.0016180 secs] [Times: user=0.01 sys=0.00, real=0.00 secs] 
3423.766: [GC (Allocation Failure) [PSYoungGen: 70685K->1533K(71168K)] 436607K->367455K(627712K), 0.0016256 secs] [Times: user=0.01 sys=0.00, real=0.00 secs] 
3424.169: [GC (Allocation Failure) [PSYoungGen: 70653K->1584K(71168K)] 436575K->367506K(627712K), 0.0016735 secs] [Times: user=0.01 sys=0.00, real=0.00 secs] 
3424.551: [GC (Allocation Failure) [PSYoungGen: 70704K->1440K(71168K)] 436626K->367370K(627712K), 0.0022770 secs] [Times: user=0.01 sys=0.00, real=0.00 secs] 
3424.845: [GC (Allocation Failure) [PSYoungGen: 70560K->1344K(71168K)] 436490K->367274K(627712K), 0.0020905 secs] [Times: user=0.01 sys=0.00, real=0.00 secs] 
3425.132: [GC (Allocation Failure) [PSYoungGen: 70464K->1376K(71168K)] 436394K->367306K(627712K), 0.0021984 secs] [Times: user=0.00 sys=0.00, real=0.00 secs] 
3425.447: [GC (Allocation Failure) [PSYoungGen: 70496K->1376K(71168K)] 436426K->367306K(627712K), 0.0019497 secs] [Times: user=0.01 sys=0.00, real=0.01 secs] 
3425.856: [GC (Allocation Failure) [PSYoungGen: 70496K->1501K(71168K)] 436426K->367431K(627712K), 0.0015989 secs] [Times: user=0.01 sys=0.00, real=0.00 secs] 
3426.257: [GC (Allocation Failure) [PSYoungGen: 70592K->1565K(71168K)] 436522K->367519K(627712K), 0.0016037 secs] [Times: user=0.00 sys=0.00, real=0.01 secs] 
3426.722: [GC (Allocation Failure) [PSYoungGen: 70685K->1533K(71168K)] 436639K->367487K(627712K), 0.0016582 secs] [Times: user=0.01 sys=0.00, real=0.00 secs] 
3427.146: [GC (Allocation Failure) [PSYoungGen: 70653K->1520K(71168K)] 436607K->367474K(627712K), 0.0020374 secs] [Times: user=0.01 sys=0.00, real=0.00 secs] 
3427.462: [GC (Allocation Failure) [PSYoungGen: 70640K->1376K(71168K)] 436594K->367330K(627712K), 0.0019590 secs] [Times: user=0.01 sys=0.00, real=0.00 secs] 
3427.807: [GC (Allocation Failure) [PSYoungGen: 70496K->1360K(71168K)] 436450K->367314K(627712K), 0.0020574 secs] [Times: user=0.01 sys=0.00, real=0.00 secs] 
3428.128: [GC (Allocation Failure) [PSYoungGen: 70480K->1376K(71168K)] 436434K->367330K(627712K), 0.0020553 secs] [Times: user=0.01 sys=0.01, real=0.01 secs] 
3428.452: [GC (Allocation Failure) [PSYoungGen: 70496K->1469K(71168K)] 436450K->367423K(627712K), 0.0016070 secs] [Times: user=0.01 sys=0.00, real=0.00 secs] 
3428.856: [GC (Allocation Failure) [PSYoungGen: 70589K->1581K(71168K)] 436543K->367535K(627712K), 0.0016332 secs] [Times: user=0.00 sys=0.00, real=0.00 secs] 
3429.258: [GC (Allocation Failure) [PSYoungGen: 70701K->1501K(71168K)] 436655K->367455K(627712K), 0.0015619 secs] [Times: user=0.00 sys=0.00, real=0.01 secs] 
3429.661: [GC (Allocation Failure) [PSYoungGen: 70621K->1501K(71168K)] 436575K->367455K(627712K), 0.0015771 secs] [Times: user=0.01 sys=0.00, real=0.00 secs] 
3430.023: [GC (Allocation Failure) [PSYoungGen: 70621K->1440K(71168K)] 436575K->367394K(627712K), 0.0018283 secs] [Times: user=0.00 sys=0.00, real=0.00 secs] 
3430.525: [GC (Allocation Failure) [PSYoungGen: 70560K->1376K(71168K)] 436514K->367330K(627712K), 0.0019218 secs] [Times: user=0.01 sys=0.00, real=0.00 secs] 
3431.116: [GC (Allocation Failure) [PSYoungGen: 70496K->1376K(71168K)] 436450K->367330K(627712K), 0.0019224 secs] [Times: user=0.01 sys=0.00, real=0.00 secs] 
3431.738: [GC (Allocation Failure) [PSYoungGen: 70496K->1376K(71168K)] 436450K->367330K(627712K), 0.0020225 secs] [Times: user=0.01 sys=0.00, real=0.01 secs] 
3432.254: [GC (Allocation Failure) [PSYoungGen: 70496K->1501K(71168K)] 436450K->367455K(627712K), 0.0016374 secs] [Times: user=0.01 sys=0.00, real=0.00 secs] 
3432.655: [GC (Allocation Failure) [PSYoungGen: 70621K->1597K(71168K)] 436575K->367551K(627712K), 0.0016950 secs] [Times: user=0.01 sys=0.00, real=0.00 secs] 
3433.060: [GC (Allocation Failure) [PSYoungGen: 70717K->1533K(71168K)] 436671K->367487K(627712K), 0.0016052 secs] [Times: user=0.01 sys=0.00, real=0.00 secs] 
3433.465: [GC (Allocation Failure) [PSYoungGen: 70653K->1565K(71168K)] 436607K->367527K(627712K), 0.0016592 secs] [Times: user=0.01 sys=0.00, real=0.00 secs] 
3434.139: [GC (Allocation Failure) [PSYoungGen: 70685K->1440K(71168K)] 436647K->367402K(627712K), 0.0024981 secs] [Times: user=0.01 sys=0.00, real=0.00 secs] 
3434.835: [GC (Allocation Failure) [PSYoungGen: 70560K->1376K(71168K)] 436522K->367338K(627712K), 0.0038836 secs] [Times: user=0.02 sys=0.00, real=0.01 secs] 
3435.505: [GC (Allocation Failure) [PSYoungGen: 70496K->1376K(71168K)] 436458K->367338K(627712K), 0.0029581 secs] [Times: user=0.01 sys=0.00, real=0.00 secs] 
3436.284: [GC (Allocation Failure) [PSYoungGen: 70496K->1344K(71168K)] 436458K->367306K(627712K), 0.0042032 secs] [Times: user=0.02 sys=0.00, real=0.00 secs] 
3436.872: [GC (Allocation Failure) [PSYoungGen: 70464K->1565K(71168K)] 436426K->367527K(627712K), 0.0018441 secs] [Times: user=0.01 sys=0.00, real=0.00 secs] 
3437.275: [GC (Allocation Failure) [PSYoungGen: 70685K->1533K(71168K)] 436647K->367495K(627712K), 0.0016813 secs] [Times: user=0.00 sys=0.00, real=0.00 secs] 
3437.679: [GC (Allocation Failure) [PSYoungGen: 70653K->1565K(71168K)] 436615K->367527K(627712K), 0.0017187 secs] [Times: user=0.01 sys=0.00, real=0.00 secs] 
3438.162: [GC (Allocation Failure) [PSYoungGen: 70685K->1456K(71168K)] 436647K->367418K(627712K), 0.0026303 secs] [Times: user=0.01 sys=0.00, real=0.00 secs] 
3439.005: [GC (Allocation Failure) [PSYoungGen: 70576K->1344K(71168K)] 436538K->367330K(627712K), 0.0026303 secs] [Times: user=0.01 sys=0.00, real=0.00 secs] 
3440.114: [GC (Allocation Failure) [PSYoungGen: 70464K->1376K(71168K)] 436450K->367362K(627712K), 0.0028937 secs] [Times: user=0.01 sys=0.00, real=0.00 secs] 
3441.228: [GC (Allocation Failure) [PSYoungGen: 70496K->1312K(71168K)] 436482K->367298K(627712K), 0.0033883 secs] [Times: user=0.01 sys=0.01, real=0.01 secs] 
3442.344: [GC (Allocation Failure) [PSYoungGen: 70432K->1437K(71168K)] 436418K->367423K(627712K), 0.0018323 secs] [Times: user=0.00 sys=0.00, real=0.00 secs] 
3442.751: [GC (Allocation Failure) [PSYoungGen: 70557K->1597K(71168K)] 436543K->367583K(627712K), 0.0015353 secs] [Times: user=0.01 sys=0.00, real=0.00 secs] 
3443.158: [GC (Allocation Failure) [PSYoungGen: 70717K->1533K(71168K)] 436703K->367519K(627712K), 0.0015785 secs] [Times: user=0.00 sys=0.00, real=0.01 secs] 
3443.565: [GC (Allocation Failure) [PSYoungGen: 70653K->1533K(71168K)] 436639K->367519K(627712K), 0.0015685 secs] [Times: user=0.01 sys=0.00, real=0.00 secs] 
3443.936: [GC (Allocation Failure) [PSYoungGen: 70653K->1392K(71168K)] 436639K->367386K(627712K), 0.0020404 secs] [Times: user=0.01 sys=0.00, real=0.00 secs] 
3444.540: [GC (Allocation Failure) [PSYoungGen: 70512K->1376K(71168K)] 436506K->367370K(627712K), 0.0035999 secs] [Times: user=0.02 sys=0.00, real=0.00 secs] 
3445.272: [GC (Allocation Failure) [PSYoungGen: 70496K->1344K(71168K)] 436490K->367338K(627712K), 0.0028853 secs] [Times: user=0.02 sys=0.00, real=0.00 secs] 
3445.986: [GC (Allocation Failure) [PSYoungGen: 70464K->1376K(71168K)] 436458K->367370K(627712K), 0.0030186 secs] [Times: user=0.01 sys=0.00, real=0.01 secs] 
3446.619: [GC (Allocation Failure) [PSYoungGen: 70489K->1437K(71168K)] 436483K->367431K(627712K), 0.0015894 secs] [Times: user=0.01 sys=0.00, real=0.00 secs] 
3447.024: [GC (Allocation Failure) [PSYoungGen: 70557K->1533K(71168K)] 436551K->367527K(627712K), 0.0016004 secs] [Times: user=0.00 sys=0.00, real=0.00 secs] 
3447.428: [GC (Allocation Failure) [PSYoungGen: 70653K->1552K(71168K)] 436647K->367546K(627712K), 0.0016180 secs] [Times: user=0.01 sys=0.00, real=0.01 secs] 
3447.843: [GC (Allocation Failure) [PSYoungGen: 70672K->1472K(71168K)] 436666K->367466K(627712K), 0.0018932 secs] [Times: user=0.01 sys=0.00, real=0.00 secs] 
3448.154: [GC (Allocation Failure) [PSYoungGen: 70592K->1344K(71168K)] 436586K->367338K(627712K), 0.0017130 secs] [Times: user=0.01 sys=0.00, real=0.00 secs] 
3448.441: [GC (Allocation Failure) [PSYoungGen: 70464K->1344K(71168K)] 436458K->367338K(627712K), 0.0017340 secs] [Times: user=0.01 sys=0.00, real=0.00 secs] 
3448.728: [GC (Allocation Failure) [PSYoungGen: 70464K->1312K(71168K)] 436458K->367322K(627712K), 0.0017212 secs] [Times: user=0.01 sys=0.00, real=0.01 secs] 
3449.269: [GC (Allocation Failure) [PSYoungGen: 70432K->1437K(71168K)] 436442K->367447K(627712K), 0.0019630 secs] [Times: user=0.00 sys=0.00, real=0.00 secs] 
3449.763: [GC (Allocation Failure) [PSYoungGen: 70557K->1565K(71168K)] 436567K->367575K(627712K), 0.0016677 secs] [Times: user=0.01 sys=0.00, real=0.00 secs] 
3450.165: [GC (Allocation Failure) [PSYoungGen: 70685K->1501K(71168K)] 436695K->367511K(627712K), 0.0016270 secs] [Times: user=0.01 sys=0.00, real=0.00 secs] 
3450.567: [GC (Allocation Failure) [PSYoungGen: 70621K->1504K(71168K)] 436631K->367514K(627712K), 0.0016016 secs] [Times: user=0.00 sys=0.00, real=0.01 secs] 
3452.570: [GC (Allocation Failure) [PSYoungGen: 70624K->1920K(71168K)] 436634K->367945K(627712K), 0.0035280 secs] [Times: user=0.01 sys=0.00, real=0.00 secs] 
3455.384: [GC (Allocation Failure) [PSYoungGen: 71040K->2016K(68608K)] 437065K->374416K(625152K), 0.0030897 secs] [Times: user=0.01 sys=0.00, real=0.00 secs] 
3460.105: [GC (Allocation Failure) [PSYoungGen: 68576K->4576K(71168K)] 440976K->394837K(627712K), 0.0216588 secs] [Times: user=0.12 sys=0.00, real=0.02 secs] 
3462.012: [GC (Allocation Failure) [PSYoungGen: 71136K->11744K(69120K)] 461397K->421085K(625664K), 0.0220157 secs] [Times: user=0.12 sys=0.01, real=0.02 secs] 
3462.142: [GC (Allocation Failure) [PSYoungGen: 69088K->20960K(78336K)] 478429K->444013K(634880K), 0.0110546 secs] [Times: user=0.05 sys=0.01, real=0.01 secs] 
3463.432: [GC (Allocation Failure) [PSYoungGen: 75304K->29664K(84992K)] 498358K->466077K(641536K), 0.0419835 secs] [Times: user=0.22 sys=0.03, real=0.04 secs] 
3463.715: [GC (Allocation Failure) [PSYoungGen: 84960K->40416K(95744K)] 521373K->488981K(652288K), 0.0264925 secs] [Times: user=0.16 sys=0.00, real=0.03 secs] 
3466.654: [GC (Allocation Failure) [PSYoungGen: 95712K->52192K(102912K)] 544277K->512221K(659456K), 0.0611919 secs] [Times: user=0.31 sys=0.03, real=0.06 secs] 
3470.071: [GC (Allocation Failure) [PSYoungGen: 102880K->66016K(116736K)] 562909K->533536K(673280K), 0.0543673 secs] [Times: user=0.32 sys=0.00, real=0.05 secs] 
3471.271: [GC (Allocation Failure) [PSYoungGen: 116704K->80864K(122880K)] 584224K->554964K(679424K), 0.0842597 secs] [Times: user=0.31 sys=0.16, real=0.08 secs] 
3471.420: [GC (Allocation Failure) [PSYoungGen: 122848K->97760K(139776K)] 596948K->573044K(696320K), 0.0328740 secs] [Times: user=0.19 sys=0.00, real=0.03 secs] 
3473.950: [GC (Allocation Failure) [PSYoungGen: 139744K->107392K(148480K)] 615028K->588280K(705024K), 0.0510360 secs] [Times: user=0.20 sys=0.10, real=0.05 secs] 
3475.317: [GC (Allocation Failure) [PSYoungGen: 140160K->76640K(165888K)] 621048K->602140K(722432K), 0.0479396 secs] [Times: user=0.29 sys=0.00, real=0.05 secs] 
3475.769: [GC (Allocation Failure) [PSYoungGen: 107980K->42208K(160256K)] 633481K->648204K(766976K), 0.0310785 secs] [Times: user=0.15 sys=0.03, real=0.03 secs] 
3475.800: [Full GC (Ergonomics) [PSYoungGen: 42208K->0K(160256K)] [ParOldGen: 605996K->255774K(726528K)] 648204K->255774K(886784K), [Metaspace: 59905K->59821K(1105920K)], 0.5707800 secs] [Times: user=2.32 sys=0.00, real=0.57 secs] 
3476.862: [GC (Allocation Failure) [PSYoungGen: 38912K->6773K(167424K)] 294686K->262547K(893952K), 0.0033717 secs] [Times: user=0.02 sys=0.00, real=0.00 secs] 
3476.944: [GC (Allocation Failure) [PSYoungGen: 45685K->128K(172032K)] 301459K->261886K(898560K), 0.0031450 secs] [Times: user=0.01 sys=0.00, real=0.00 secs] 
3477.083: [GC (Allocation Failure) [PSYoungGen: 46208K->6976K(173056K)] 307966K->268758K(899584K), 0.0030359 secs] [Times: user=0.02 sys=0.00, real=0.00 secs] 
3477.199: [GC (GCLocker Initiated GC) [PSYoungGen: 53056K->17536K(166912K)] 314838K->285780K(893440K), 0.0107416 secs] [Times: user=0.06 sys=0.00, real=0.01 secs] 
3477.349: [GC (Allocation Failure) [PSYoungGen: 71808K->23104K(172544K)] 340054K->307662K(899072K), 0.0204839 secs] [Times: user=0.12 sys=0.00, real=0.02 secs] 
3477.487: [GC (Allocation Failure) [PSYoungGen: 77376K->28576K(163328K)] 361934K->333978K(889856K), 0.0171419 secs] [Times: user=0.10 sys=0.00, real=0.02 secs] 
3477.587: [GC (Allocation Failure) [PSYoungGen: 90160K->25728K(169984K)] 395562K->355422K(896512K), 0.0156507 secs] [Times: user=0.09 sys=0.00, real=0.02 secs] 
3477.677: [GC (Allocation Failure) [PSYoungGen: 90752K->39616K(168960K)] 420446K->394926K(895488K), 0.0175110 secs] [Times: user=0.10 sys=0.00, real=0.02 secs] 
3477.793: [GC (Allocation Failure) [PSYoungGen: 117440K->33408K(173056K)] 472750K->420014K(899584K), 0.0210914 secs] [Times: user=0.12 sys=0.00, real=0.02 secs] 
3477.905: [GC (Allocation Failure) [PSYoungGen: 105774K->30496K(172032K)] 492381K->450458K(898560K), 0.0826267 secs] [Times: user=0.48 sys=0.00, real=0.08 secs] 
3478.086: [GC (Allocation Failure) [PSYoungGen: 123680K->48192K(177152K)] 543642K->498322K(903680K), 0.0246689 secs] [Times: user=0.15 sys=0.00, real=0.03 secs] 
3478.964: [GC (Allocation Failure) [PSYoungGen: 141376K->17632K(192000K)] 591506K->515786K(918528K), 0.0296963 secs] [Times: user=0.18 sys=0.00, real=0.03 secs] 
3481.504: [GC (GCLocker Initiated GC) [PSYoungGen: 129248K->24256K(194048K)] 627403K->540004K(920576K), 0.0798503 secs] [Times: user=0.47 sys=0.00, real=0.08 secs] 
3482.727: [GC (Allocation Failure) [PSYoungGen: 135872K->43808K(210944K)] 651622K->582039K(937472K), 0.0170087 secs] [Times: user=0.10 sys=0.00, real=0.02 secs] 
3482.942: [GC (Allocation Failure) [PSYoungGen: 176416K->60128K(211456K)] 714647K->637727K(937984K), 0.0359605 secs] [Times: user=0.21 sys=0.00, real=0.03 secs] 
3483.231: [GC (Allocation Failure) [PSYoungGen: 192736K->56672K(238592K)] 770335K->694319K(965120K), 0.0379834 secs] [Times: user=0.20 sys=0.02, real=0.04 secs] 
3483.800: [GC (Allocation Failure) [PSYoungGen: 209897K->87008K(241664K)] 847545K->798932K(968192K), 0.0581066 secs] [Times: user=0.25 sys=0.09, real=0.05 secs] 
3483.858: [Full GC (Ergonomics) [PSYoungGen: 87008K->0K(241664K)] [ParOldGen: 711923K->254421K(779776K)] 798932K->254421K(1021440K), [Metaspace: 59969K->59969K(1105920K)], 0.5668320 secs] [Times: user=2.44 sys=0.00, real=0.57 secs] 
3485.083: [GC (Allocation Failure) [PSYoungGen: 154624K->27985K(294912K)] 409045K->282406K(1074688K), 0.0086989 secs] [Times: user=0.03 sys=0.02, real=0.01 secs] 
3485.422: [GC (Allocation Failure) [PSYoungGen: 207607K->73696K(303616K)] 462028K->353363K(1083392K), 0.0215462 secs] [Times: user=0.12 sys=0.00, real=0.02 secs] 
3485.674: [GC (Allocation Failure) [PSYoungGen: 253408K->80384K(330752K)] 533075K->428859K(1110528K), 0.0418064 secs] [Times: user=0.21 sys=0.03, real=0.04 secs] 
3486.823: [GC (Allocation Failure) [PSYoungGen: 285184K->79264K(334336K)] 633659K->499819K(1114112K), 0.0464478 secs] [Times: user=0.27 sys=0.00, real=0.05 secs] 
3487.665: [GC (GCLocker Initiated GC) [PSYoungGen: 284064K->53792K(353792K)] 704621K->553149K(1133568K), 0.0534021 secs] [Times: user=0.31 sys=0.01, real=0.05 secs] 
3488.109: [GC (GCLocker Initiated GC) [PSYoungGen: 290336K->103008K(360960K)] 789695K->650864K(1140736K), 0.0356143 secs] [Times: user=0.20 sys=0.00, real=0.03 secs] 
3489.210: [GC (Allocation Failure) [PSYoungGen: 339552K->96480K(401920K)] 887409K->738945K(1181696K), 0.0637723 secs] [Times: user=0.31 sys=0.07, real=0.06 secs] 
3491.426: [GC (GCLocker Initiated GC) [PSYoungGen: 363744K->74176K(408064K)] 1006209K->812585K(1187840K), 0.0449177 secs] [Times: user=0.26 sys=0.01, real=0.05 secs] 
3491.471: [Full GC (Ergonomics) [PSYoungGen: 74176K->0K(408064K)] [ParOldGen: 738409K->89380K(699904K)] 812585K->89380K(1107968K), [Metaspace: 59983K->59983K(1105920K)], 0.1995405 secs] [Times: user=0.87 sys=0.00, real=0.20 secs] 
3492.019: [GC (Allocation Failure) [PSYoungGen: 267264K->108768K(433664K)] 373031K->214535K(1133568K), 0.1457363 secs] [Times: user=0.86 sys=0.01, real=0.14 secs] 
3493.587: [GC (Allocation Failure) [PSYoungGen: 405728K->76256K(442880K)] 511495K->290795K(1142784K), 0.2690419 secs] [Times: user=1.61 sys=0.01, real=0.27 secs] 
3494.230: [GC (Allocation Failure) [PSYoungGen: 373216K->126368K(473088K)] 587755K->413688K(1172992K), 0.0449975 secs] [Times: user=0.25 sys=0.01, real=0.04 secs] 
3496.021: [GC (Allocation Failure) [PSYoungGen: 458656K->101728K(486912K)] 745976K->506212K(1186816K), 0.0643601 secs] [Times: user=0.38 sys=0.00, real=0.06 secs] 
3496.696: [GC (Allocation Failure) [PSYoungGen: 434016K->135840K(516096K)] 838500K->640608K(1216000K), 0.0607058 secs] [Times: user=0.24 sys=0.12, real=0.06 secs] 
3499.197: [GC (GCLocker Initiated GC) [PSYoungGen: 495776K->117184K(477184K)] 1000544K->748609K(1177088K), 0.0694968 secs] [Times: user=0.41 sys=0.00, real=0.07 secs] 
3499.267: [Full GC (Ergonomics) [PSYoungGen: 117184K->0K(477184K)] [ParOldGen: 631424K->27259K(715264K)] 748609K->27259K(1192448K), [Metaspace: 59991K->59991K(1105920K)], 0.0424158 secs] [Times: user=0.13 sys=0.00, real=0.05 secs] 
3500.148: [GC (Allocation Failure) [PSYoungGen: 359936K->148352K(497664K)] 387266K->175682K(1212928K), 0.0296371 secs] [Times: user=0.17 sys=0.00, real=0.03 secs] 
3501.408: [GC (Allocation Failure) [PSYoungGen: 472448K->99104K(511488K)] 499778K->265770K(1226752K), 0.0703373 secs] [Times: user=0.42 sys=0.00, real=0.07 secs] 
3503.282: [GC (Allocation Failure) [PSYoungGen: 423200K->128576K(510464K)] 589866K->392567K(1225728K), 0.0489878 secs] [Times: user=0.28 sys=0.00, real=0.05 secs] 
3504.864: [GC (Allocation Failure) [PSYoungGen: 458816K->114944K(514560K)] 722807K->497943K(1229824K), 0.0620784 secs] [Times: user=0.36 sys=0.00, real=0.06 secs] 
3505.441: [GC (Allocation Failure) [PSYoungGen: 445184K->128000K(512512K)] 828183K->625084K(1227776K), 0.0537629 secs] [Times: user=0.31 sys=0.00, real=0.05 secs] 
3507.622: [GC (Allocation Failure) [PSYoungGen: 458240K->119136K(514560K)] 955324K->734704K(1229824K), 0.0623765 secs] [Times: user=0.38 sys=0.00, real=0.06 secs] 
3507.685: [Full GC (Ergonomics) [PSYoungGen: 119136K->0K(514560K)] [ParOldGen: 615568K->252143K(1011200K)] 734704K->252143K(1525760K), [Metaspace: 60001K->60001K(1105920K)], 0.5307269 secs] [Times: user=2.33 sys=0.00, real=0.53 secs] 
3508.618: [GC (Allocation Failure) [PSYoungGen: 330240K->117600K(509440K)] 582383K->369743K(1520640K), 0.0241455 secs] [Times: user=0.14 sys=0.00, real=0.03 secs] 
3509.912: [GC (Allocation Failure) [PSYoungGen: 449888K->131072K(512000K)] 702031K->490060K(1523200K), 0.0622761 secs] [Times: user=0.37 sys=0.00, real=0.06 secs] 
3510.883: [GC (GCLocker Initiated GC) [PSYoungGen: 463360K->108800K(506880K)] 822348K->598828K(1518080K), 0.0580503 secs] [Times: user=0.34 sys=0.01, real=0.06 secs] 
3512.367: [GC (Allocation Failure) [PSYoungGen: 446208K->140032K(512000K)] 936241K->728128K(1523200K), 0.0622644 secs] [Times: user=0.36 sys=0.01, real=0.07 secs] 
3515.139: [GC (Allocation Failure) [PSYoungGen: 477440K->99840K(519168K)] 1065536K->827449K(1530368K), 0.0596595 secs] [Times: user=0.34 sys=0.01, real=0.06 secs] 
3515.910: [GC (Allocation Failure) [PSYoungGen: 439415K->175072K(518656K)] 1167024K->1000721K(1529856K), 0.0688429 secs] [Times: user=0.36 sys=0.05, real=0.07 secs] 
3515.979: [Full GC (Ergonomics) [PSYoungGen: 175072K->0K(518656K)] [ParOldGen: 825649K->255081K(1074688K)] 1000721K->255081K(1593344K), [Metaspace: 60013K->60013K(1105920K)], 0.5581834 secs] [Times: user=2.46 sys=0.00, real=0.55 secs] 
3517.405: [GC (Allocation Failure) [PSYoungGen: 343552K->104092K(433664K)] 598633K->359173K(1508352K), 0.0211963 secs] [Times: user=0.12 sys=0.00, real=0.02 secs] 
3517.739: [GC (Allocation Failure) [PSYoungGen: 357532K->114976K(476160K)] 612613K->463897K(1550848K), 0.0507042 secs] [Times: user=0.30 sys=0.00, real=0.05 secs] 
3520.394: [GC (Allocation Failure) [PSYoungGen: 368416K->59968K(471552K)] 717337K->523293K(1546240K), 0.0517982 secs] [Times: user=0.31 sys=0.00, real=0.05 secs] 
3521.028: [GC (GCLocker Initiated GC) [PSYoungGen: 322112K->109856K(478208K)] 785438K->630730K(1552896K), 0.0391994 secs] [Times: user=0.23 sys=0.00, real=0.04 secs] 
3522.334: [GC (Allocation Failure) [PSYoungGen: 372000K->150240K(477184K)] 892878K->772062K(1551872K), 0.0870807 secs] [Times: user=0.50 sys=0.01, real=0.09 secs] 
3523.546: [GC (Allocation Failure) [PSYoungGen: 420064K->68320K(480768K)] 1041886K->807082K(1555456K), 0.0522358 secs] [Times: user=0.30 sys=0.00, real=0.05 secs] 
3524.012: [GC (Allocation Failure) [PSYoungGen: 338144K->117056K(470016K)] 1076906K->918023K(1544704K), 0.0424795 secs] [Times: user=0.25 sys=0.00, real=0.04 secs] 
3525.397: [GC (GCLocker Initiated GC) [PSYoungGen: 394560K->80224K(479232K)] 1195528K->989080K(1553920K), 0.0793722 secs] [Times: user=0.40 sys=0.07, real=0.08 secs] 
3525.476: [Full GC (Ergonomics) [PSYoungGen: 80224K->0K(479232K)] [ParOldGen: 908856K->27992K(873984K)] 989080K->27992K(1353216K), [Metaspace: 60031K->60031K(1105920K)], 0.0451300 secs] [Times: user=0.14 sys=0.00, real=0.05 secs] 
3526.202: [GC (Allocation Failure) [PSYoungGen: 277504K->123904K(486400K)] 305499K->151899K(1360384K), 0.0237255 secs] [Times: user=0.14 sys=0.00, real=0.02 secs] 
3527.424: [GC (Allocation Failure) [PSYoungGen: 421888K->122496K(493056K)] 449883K->256555K(1367040K), 0.0609025 secs] [Times: user=0.36 sys=0.00, real=0.06 secs] 
3527.926: [GC (Allocation Failure) [PSYoungGen: 420480K->88128K(494592K)] 554539K->344683K(1368576K), 0.0522100 secs] [Times: user=0.31 sys=0.00, real=0.05 secs] 
3529.220: [GC (GCLocker Initiated GC) [PSYoungGen: 401472K->134976K(500224K)] 658028K->474196K(1374208K), 0.1040462 secs] [Times: user=0.62 sys=0.01, real=0.10 secs] 
3531.753: [GC (Allocation Failure) [PSYoungGen: 448320K->83744K(508416K)] 787543K->557371K(1382400K), 0.0782150 secs] [Times: user=0.46 sys=0.00, real=0.08 secs] 
3532.223: [GC (Allocation Failure) [PSYoungGen: 407328K->141728K(465408K)] 880955K->693120K(1339392K), 0.0518556 secs] [Times: user=0.30 sys=0.00, real=0.05 secs] 
3533.759: [GC (Allocation Failure) [PSYoungGen: 465312K->89920K(512512K)] 1016704K->782636K(1386496K), 0.0626879 secs] [Times: user=0.37 sys=0.00, real=0.06 secs] 
3533.822: [Full GC (Ergonomics) [PSYoungGen: 89920K->0K(512512K)] [ParOldGen: 692716K->62859K(962048K)] 782636K->62859K(1474560K), [Metaspace: 60039K->60039K(1105920K)], 0.1314203 secs] [Times: user=0.56 sys=0.00, real=0.13 secs] 
3534.372: [GC (Allocation Failure) [PSYoungGen: 322560K->138400K(508928K)] 385419K->201259K(1470976K), 0.0276189 secs] [Times: user=0.16 sys=0.01, real=0.03 secs] 
3535.990: [GC (Allocation Failure) [PSYoungGen: 460960K->96672K(505856K)] 523819K->289587K(1467904K), 0.0619837 secs] [Times: user=0.37 sys=0.00, real=0.06 secs] 
3536.471: [GC (Allocation Failure) [PSYoungGen: 420256K->138720K(507904K)] 613171K->424408K(1469952K), 0.0470279 secs] [Times: user=0.28 sys=0.00, real=0.04 secs] 
3539.321: [GC (Allocation Failure) [PSYoungGen: 462304K->97344K(508928K)] 747992K->513256K(1470976K), 0.0621640 secs] [Times: user=0.37 sys=0.00, real=0.06 secs] 
3539.788: [GC (Allocation Failure) [PSYoungGen: 425024K->135776K(510464K)] 840936K->646245K(1472512K), 0.0490305 secs] [Times: user=0.29 sys=0.00, real=0.05 secs] 
3541.199: [GC (Allocation Failure) [PSYoungGen: 463456K->104352K(507392K)] 973925K->741037K(1469440K), 0.0742120 secs] [Times: user=0.44 sys=0.00, real=0.07 secs] 
3542.332: [GC (Allocation Failure) [PSYoungGen: 436128K->133824K(510976K)] 1072813K->873066K(1473024K), 0.0513361 secs] [Times: user=0.30 sys=0.00, real=0.05 secs] 
3543.757: [GC (Allocation Failure) [PSYoungGen: 465600K->111104K(509440K)] 1204842K->975074K(1471488K), 0.0637512 secs] [Times: user=0.38 sys=0.00, real=0.07 secs] 
3543.821: [Full GC (Ergonomics) [PSYoungGen: 111104K->0K(509440K)] [ParOldGen: 863970K->17099K(949760K)] 975074K->17099K(1459200K), [Metaspace: 60046K->60046K(1105920K)], 0.0257726 secs] [Times: user=0.07 sys=0.00, real=0.02 secs] 
3546.603: [GC (Allocation Failure) [PSYoungGen: 339456K->124736K(514048K)] 356555K->141835K(1463808K), 0.0251106 secs] [Times: user=0.14 sys=0.00, real=0.02 secs] 
3547.951: [GC (Allocation Failure) [PSYoungGen: 464192K->121984K(515072K)] 481291K->254263K(1464832K), 0.0618195 secs] [Times: user=0.36 sys=0.00, real=0.06 secs] 
3548.598: [GC (Allocation Failure) [PSYoungGen: 474240K->132416K(520704K)] 606519K->386631K(1470464K), 0.0555319 secs] [Times: user=0.33 sys=0.00, real=0.06 secs] 
3550.272: [GC (Allocation Failure) [PSYoungGen: 484672K->3024K(500224K)] 738887K->257271K(1449984K), 0.0036802 secs] [Times: user=0.02 sys=0.00, real=0.00 secs] 
3550.913: [GC (Allocation Failure) [PSYoungGen: 334288K->128480K(515072K)] 588535K->384036K(1464832K), 0.0266059 secs] [Times: user=0.16 sys=0.00, real=0.03 secs] 
3552.279: [GC (Allocation Failure) [PSYoungGen: 459744K->118720K(507904K)] 715300K->493176K(1457664K), 0.0643878 secs] [Times: user=0.38 sys=0.01, real=0.06 secs] 
3554.371: [GC (Allocation Failure) [PSYoungGen: 449984K->119904K(511488K)] 824440K->612636K(1461248K), 0.0557681 secs] [Times: user=0.32 sys=0.00, real=0.05 secs] 
3555.697: [GC (Allocation Failure) [PSYoungGen: 451168K->127808K(517632K)] 943900K->730317K(1467392K), 0.0630140 secs] [Times: user=0.37 sys=0.00, real=0.07 secs] 
3556.499: [GC (Allocation Failure) [PSYoungGen: 469824K->116896K(518144K)] 1072333K->847141K(1467904K), 0.0570314 secs] [Times: user=0.34 sys=0.00, real=0.06 secs] 
3557.923: [GC (Allocation Failure) [PSYoungGen: 458912K->131456K(517632K)] 1189157K->968366K(1467392K), 0.0633237 secs] [Times: user=0.37 sys=0.01, real=0.06 secs] 
3557.986: [Full GC (Ergonomics) [PSYoungGen: 131456K->0K(517632K)] [ParOldGen: 836910K->252799K(1255936K)] 968366K->252799K(1773568K), [Metaspace: 60061K->60061K(1105920K)], 0.5403264 secs] [Times: user=2.31 sys=0.00, real=0.54 secs] 
3559.033: [GC (Allocation Failure) [PSYoungGen: 346112K->118560K(518656K)] 598911K->371359K(1774592K), 0.0239995 secs] [Times: user=0.14 sys=0.00, real=0.02 secs] 
3561.717: [GC (Allocation Failure) [PSYoungGen: 464672K->129280K(522752K)] 717471K->490382K(1778688K), 0.0620745 secs] [Times: user=0.37 sys=0.01, real=0.06 secs] 
3562.374: [GC (GCLocker Initiated GC) [PSYoungGen: 484096K->123328K(522752K)] 845198K->613643K(1778688K), 0.0566266 secs] [Times: user=0.33 sys=0.00, real=0.06 secs] 
3563.813: [GC (Allocation Failure) [PSYoungGen: 478144K->124704K(528896K)] 968460K->727941K(1784832K), 0.0626163 secs] [Times: user=0.37 sys=0.00, real=0.06 secs] 
3565.148: [GC (Allocation Failure) [PSYoungGen: 489760K->136480K(528384K)] 1092997K->864357K(1784320K), 0.0574118 secs] [Times: user=0.34 sys=0.00, real=0.06 secs] 
3566.609: [GC (Allocation Failure) [PSYoungGen: 501536K->10944K(504832K)] 1229413K->738861K(1760768K), 0.0038329 secs] [Times: user=0.02 sys=0.00, real=0.00 secs] 
3567.103: [GC (Allocation Failure) [PSYoungGen: 350400K->138560K(478208K)] 1078317K->875372K(1734144K), 0.0302165 secs] [Times: user=0.17 sys=0.00, real=0.03 secs] 
3569.686: [GC (GCLocker Initiated GC) [PSYoungGen: 478016K->107200K(521728K)] 1214831K->972751K(1777664K), 0.0644666 secs] [Times: user=0.38 sys=0.00, real=0.07 secs] 
3570.343: [GC (Allocation Failure) [PSYoungGen: 445632K->139264K(515584K)] 1311186K->1110607K(1771520K), 0.0808326 secs] [Times: user=0.26 sys=0.18, real=0.08 secs] 
3571.764: [GC (Allocation Failure) [PSYoungGen: 477696K->108960K(514048K)] 1449039K->1210655K(1769984K), 0.0704018 secs] [Times: user=0.37 sys=0.05, real=0.07 secs] 
3571.835: [Full GC (Ergonomics) [PSYoungGen: 108960K->0K(514048K)] [ParOldGen: 1101695K->21160K(1080320K)] 1210655K->21160K(1594368K), [Metaspace: 60070K->60070K(1105920K)], 0.0333617 secs] [Times: user=0.08 sys=0.00, real=0.03 secs] 
3572.751: [GC (Allocation Failure) [PSYoungGen: 340992K->138176K(516096K)] 362152K->159336K(1596416K), 0.0271417 secs] [Times: user=0.16 sys=0.01, real=0.02 secs] 
3574.069: [GC (GCLocker Initiated GC) [PSYoungGen: 479168K->109888K(516608K)] 500329K->259881K(1596928K), 0.0697706 secs] [Times: user=0.41 sys=0.01, real=0.07 secs] 
3574.621: [GC (Allocation Failure) [PSYoungGen: 455488K->140544K(518656K)] 605520K->399229K(1598976K), 0.0528831 secs] [Times: user=0.31 sys=0.00, real=0.05 secs] 
3576.864: [GC (GCLocker Initiated GC) [PSYoungGen: 486144K->109824K(520192K)] 744829K->500325K(1600512K), 0.0650782 secs] [Times: user=0.39 sys=0.00, real=0.07 secs] 
3578.078: [GC (Allocation Failure) [PSYoungGen: 459008K->141600K(521216K)] 849580K->639601K(1601536K), 0.0529110 secs] [Times: user=0.32 sys=0.00, real=0.06 secs] 
3579.543: [GC (Allocation Failure) [PSYoungGen: 490784K->110976K(522240K)] 988785K->741497K(1602560K), 0.0657696 secs] [Times: user=0.39 sys=0.00, real=0.07 secs] 
3580.506: [GC (Allocation Failure) [PSYoungGen: 462208K->141152K(522752K)] 1092729K->881520K(1603072K), 0.0535972 secs] [Times: user=0.32 sys=0.01, real=0.06 secs] 
3582.343: [GC (Allocation Failure) [PSYoungGen: 492384K->112064K(522240K)] 1232752K->984364K(1602560K), 0.0666151 secs] [Times: user=0.40 sys=0.00, real=0.07 secs] 
3582.409: [Full GC (Ergonomics) [PSYoungGen: 112064K->0K(522240K)] [ParOldGen: 872300K->27623K(1122304K)] 984364K->27623K(1644544K), [Metaspace: 60087K->60087K(1105920K)], 0.0432781 secs] [Times: user=0.13 sys=0.00, real=0.04 secs] 
3583.153: [GC (Allocation Failure) [PSYoungGen: 352768K->145600K(523264K)] 380391K->173223K(1645568K), 0.0289395 secs] [Times: user=0.16 sys=0.00, real=0.03 secs] 
3585.449: [GC (GCLocker Initiated GC) [PSYoungGen: 498368K->109632K(525312K)] 525991K->273887K(1647616K), 0.0644525 secs] [Times: user=0.38 sys=0.00, real=0.06 secs] 
3586.017: [GC (Allocation Failure) [PSYoungGen: 461376K->155008K(506880K)] 625634K->425999K(1629184K), 0.0534000 secs] [Times: user=0.31 sys=0.00, real=0.06 secs] 
3587.736: [GC (Allocation Failure) [PSYoungGen: 506752K->109856K(522240K)] 777743K->517919K(1644544K), 0.1372341 secs] [Times: user=0.82 sys=0.00, real=0.14 secs] 
3588.463: [GC (Allocation Failure) [PSYoungGen: 452384K->143072K(519168K)] 860447K->658084K(1641472K), 0.0537933 secs] [Times: user=0.32 sys=0.00, real=0.05 secs] 
3590.638: [GC (Allocation Failure) [PSYoungGen: 485600K->104032K(520704K)] 1000612K->752908K(1643008K), 0.0984569 secs] [Times: user=0.59 sys=0.00, real=0.10 secs] 
3592.080: [GC (Allocation Failure) [PSYoungGen: 447072K->140032K(520192K)] 1095948K->890036K(1642496K), 0.0523641 secs] [Times: user=0.30 sys=0.00, real=0.05 secs] 
3593.442: [GC (Allocation Failure) [PSYoungGen: 483072K->111520K(516096K)] 1233076K->993084K(1638400K), 0.0661441 secs] [Times: user=0.39 sys=0.00, real=0.06 secs] 
3594.042: [GC (Allocation Failure) [PSYoungGen: 455584K->143072K(518656K)] 1337148K->1133209K(1640960K), 0.0543283 secs] [Times: user=0.32 sys=0.01, real=0.05 secs] 
3594.096: [Full GC (Ergonomics) [PSYoungGen: 143072K->0K(518656K)] [ParOldGen: 990137K->176148K(1294848K)] 1133209K->176148K(1813504K), [Metaspace: 60106K->60106K(1105920K)], 0.4173322 secs] [Times: user=1.93 sys=0.00, real=0.42 secs] 
3595.823: [GC (Allocation Failure) [PSYoungGen: 344064K->107744K(521728K)] 520212K->283900K(1816576K), 0.0357226 secs] [Times: user=0.21 sys=0.00, real=0.03 secs] 
3596.428: [GC (Allocation Failure) [PSYoungGen: 454880K->144032K(521728K)] 631036K->425573K(1816576K), 0.0540480 secs] [Times: user=0.30 sys=0.01, real=0.06 secs] 
3599.232: [GC (Allocation Failure) [PSYoungGen: 491168K->108672K(522240K)] 772709K->525589K(1817088K), 0.1763559 secs] [Times: user=0.97 sys=0.00, real=0.17 secs] 
3600.387: [GC (Allocation Failure) [PSYoungGen: 455296K->143360K(521728K)] 872213K->666494K(1816576K), 0.0527557 secs] [Times: user=0.31 sys=0.00, real=0.06 secs] 
3601.704: [GC (Allocation Failure) [PSYoungGen: 489984K->109632K(520704K)] 1013118K->767754K(1815552K), 0.0657247 secs] [Times: user=0.39 sys=0.00, real=0.07 secs] 
3602.224: [GC (Allocation Failure) [PSYoungGen: 456256K->152928K(499712K)] 1114378K->916550K(1794560K), 0.0539280 secs] [Times: user=0.32 sys=0.00, real=0.05 secs] 
3603.684: [GC (Allocation Failure) [PSYoungGen: 499552K->109376K(520704K)] 1263174K->1007558K(1815552K), 0.0685492 secs] [Times: user=0.40 sys=0.00, real=0.07 secs] 
3604.185: [GC (Allocation Failure) [PSYoungGen: 449856K->145600K(518656K)] 1348038K->1149115K(1813504K), 0.0538472 secs] [Times: user=0.32 sys=0.00, real=0.06 secs] 
3606.799: [GC (Allocation Failure) [PSYoungGen: 486080K->103456K(519680K)] 1489595K->1243595K(1814528K), 0.1825124 secs] [Times: user=0.97 sys=0.11, real=0.18 secs] 
3606.981: [Full GC (Ergonomics) [PSYoungGen: 103456K->0K(519680K)] [ParOldGen: 1140139K->42002K(1190912K)] 1243595K->42002K(1710592K), [Metaspace: 60237K->60237K(1105920K)], 0.1160386 secs] [Times: user=0.47 sys=0.00, real=0.11 secs] 
3607.941: [GC (GCLocker Initiated GC) [PSYoungGen: 339456K->138784K(478720K)] 381459K->180787K(1669632K), 0.0276057 secs] [Times: user=0.16 sys=0.00, real=0.02 secs] 
3609.256: [GC (Allocation Failure) [PSYoungGen: 478240K->107072K(519680K)] 520245K->279321K(1710592K), 0.0628569 secs] [Times: user=0.38 sys=0.00, real=0.07 secs] 
3609.908: [GC (Allocation Failure) [PSYoungGen: 448064K->140512K(518144K)] 620313K->416854K(1709056K), 0.0518279 secs] [Times: user=0.30 sys=0.00, real=0.06 secs] 
3611.244: [GC (GCLocker Initiated GC) [PSYoungGen: 481504K->107904K(518656K)] 757846K->515130K(1709568K), 0.0641900 secs] [Times: user=0.38 sys=0.00, real=0.06 secs] 
3611.910: [GC (Allocation Failure) [PSYoungGen: 451968K->142976K(519680K)] 859197K->655226K(1710592K), 0.0526332 secs] [Times: user=0.31 sys=0.00, real=0.05 secs] 
3614.324: [GC (Allocation Failure) [PSYoungGen: 487040K->107744K(521728K)] 999290K->753818K(1712640K), 0.1625996 secs] [Times: user=0.97 sys=0.00, real=0.16 secs] 
3615.623: [GC (Allocation Failure) [PSYoungGen: 453856K->141344K(521728K)] 1099930K->892182K(1712640K), 0.0527611 secs] [Times: user=0.31 sys=0.00, real=0.05 secs] 
3617.143: [GC (Allocation Failure) [PSYoungGen: 487456K->109600K(520192K)] 1238294K->992838K(1711104K), 0.0921346 secs] [Times: user=0.54 sys=0.00, real=0.09 secs] 
3618.087: [GC (Allocation Failure) [PSYoungGen: 456224K->151232K(498176K)] 1339462K->1141622K(1689088K), 0.0543271 secs] [Times: user=0.32 sys=0.00, real=0.06 secs] 
3619.574: [GC (GCLocker Initiated GC) [PSYoungGen: 497856K->110560K(521728K)] 1488246K->1234578K(1712640K), 0.0901160 secs] [Times: user=0.53 sys=0.00, real=0.09 secs] 
3619.664: [Full GC (Ergonomics) [PSYoungGen: 110560K->0K(521728K)] [ParOldGen: 1124018K->38756K(1217536K)] 1234578K->38756K(1739264K), [Metaspace: 60239K->60239K(1105920K)], 0.0691020 secs] [Times: user=0.27 sys=0.00, real=0.07 secs] 
3620.260: [GC (Allocation Failure) [PSYoungGen: 342528K->143424K(519680K)] 381286K->182182K(1737216K), 0.0287853 secs] [Times: user=0.17 sys=0.00, real=0.02 secs] 
3622.279: [GC (Allocation Failure) [PSYoungGen: 485952K->107968K(519168K)] 524710K->281246K(1736704K), 0.1172003 secs] [Times: user=0.69 sys=0.00, real=0.11 secs] 
3622.902: [GC (Allocation Failure) [PSYoungGen: 451008K->143936K(519680K)] 624286K->421923K(1737216K), 0.0523398 secs] [Times: user=0.31 sys=0.00, real=0.05 secs] 
3624.355: [GC (Allocation Failure) [PSYoungGen: 486976K->106336K(520192K)] 764963K->519387K(1737728K), 0.0710539 secs] [Times: user=0.42 sys=0.01, real=0.07 secs] 
3625.063: [GC (Allocation Failure) [PSYoungGen: 449888K->144928K(488960K)] 862939K->661880K(1706496K), 0.0523770 secs] [Times: user=0.31 sys=0.00, real=0.05 secs] 
3627.008: [GC (GCLocker Initiated GC) [PSYoungGen: 488480K->105600K(521216K)] 1005433K->758857K(1738752K), 0.0713074 secs] [Times: user=0.42 sys=0.00, real=0.08 secs] 
3627.957: [GC (Allocation Failure) [PSYoungGen: 447616K->143072K(519680K)] 1100944K->898892K(1737216K), 0.0532083 secs] [Times: user=0.31 sys=0.00, real=0.06 secs] 
3629.816: [GC (Allocation Failure) [PSYoungGen: 485088K->105600K(519680K)] 1240908K->995204K(1737216K), 0.0653828 secs] [Times: user=0.38 sys=0.00, real=0.07 secs] 
3630.392: [GC (Allocation Failure) [PSYoungGen: 447616K->143456K(519680K)] 1337220K->1135625K(1737216K), 0.0528792 secs] [Times: user=0.31 sys=0.00, real=0.05 secs] 
3631.916: [GC (Allocation Failure) [PSYoungGen: 485472K->104800K(519680K)] 1477641K->1231289K(1737216K), 0.0912500 secs] [Times: user=0.54 sys=0.00, real=0.09 secs] 
3632.007: [Full GC (Ergonomics) [PSYoungGen: 104800K->0K(519680K)] [ParOldGen: 1126489K->36276K(1249792K)] 1231289K->36276K(1769472K), [Metaspace: 60242K->60242K(1105920K)], 0.0597259 secs] [Times: user=0.22 sys=0.00, real=0.06 secs] 
3632.933: [GC (GCLocker Initiated GC) [PSYoungGen: 342016K->142368K(519680K)] 378292K->178644K(1769472K), 0.0285501 secs] [Times: user=0.17 sys=0.00, real=0.03 secs] 
3634.367: [GC (Allocation Failure) [PSYoungGen: 484384K->109024K(517632K)] 520662K->278790K(1767424K), 0.0721702 secs] [Times: user=0.43 sys=0.00, real=0.08 secs] 
3635.168: [GC (Allocation Failure) [PSYoungGen: 451040K->143008K(518656K)] 620806K->419161K(1768448K), 0.0526534 secs] [Times: user=0.31 sys=0.00, real=0.06 secs] 
3637.100: [GC (Allocation Failure) [PSYoungGen: 485024K->106656K(520704K)] 761177K->516593K(1770496K), 0.0642582 secs] [Times: user=0.38 sys=0.00, real=0.06 secs] 
3637.758: [GC (Allocation Failure) [PSYoungGen: 450720K->144928K(489472K)] 860657K->658774K(1739264K), 0.0525610 secs] [Times: user=0.31 sys=0.00, real=0.06 secs] 
3639.649: [GC (Allocation Failure) [PSYoungGen: 488992K->106048K(521728K)] 1002838K->755814K(1771520K), 0.1313584 secs] [Times: user=0.79 sys=0.00, real=0.13 secs] 
3640.805: [GC (Allocation Failure) [PSYoungGen: 449088K->140192K(520192K)] 1098854K->893163K(1769984K), 0.0520327 secs] [Times: user=0.30 sys=0.00, real=0.05 secs] 
3642.594: [GC (Allocation Failure) [PSYoungGen: 483232K->106816K(518656K)] 1236203K->991007K(1768448K), 0.1463980 secs] [Times: user=0.87 sys=0.00, real=0.15 secs] 
3644.451: [GC (Allocation Failure) [PSYoungGen: 450880K->150080K(494592K)] 1335071K->1138036K(1744384K), 0.0540004 secs] [Times: user=0.32 sys=0.00, real=0.05 secs] 
3645.799: [GC (Allocation Failure) [PSYoungGen: 494144K->110400K(521216K)] 1482100K->1231404K(1771008K), 0.0668998 secs] [Times: user=0.40 sys=0.00, real=0.06 secs] 
3645.866: [Full GC (Ergonomics) [PSYoungGen: 110400K->0K(521216K)] [ParOldGen: 1121004K->36335K(1281536K)] 1231404K->36335K(1802752K), [Metaspace: 60246K->60246K(1105920K)], 0.0602665 secs] [Times: user=0.22 sys=0.00, real=0.06 secs] 
3646.563: [GC (Allocation Failure) [PSYoungGen: 340992K->138240K(479744K)] 377327K->174575K(1761280K), 0.0277594 secs] [Times: user=0.16 sys=0.00, real=0.03 secs] 
3647.878: [GC (Allocation Failure) [PSYoungGen: 479232K->112128K(520704K)] 515567K->277011K(1802240K), 0.0639436 secs] [Times: user=0.38 sys=0.00, real=0.07 secs] 
3648.717: [GC (Allocation Failure) [PSYoungGen: 455680K->139776K(518144K)] 620563K->413116K(1799680K), 0.0533265 secs] [Times: user=0.31 sys=0.01, real=0.06 secs] 
3650.616: [GC (Allocation Failure) [PSYoungGen: 483328K->110592K(522240K)] 756668K->514724K(1803776K), 0.1344772 secs] [Times: user=0.70 sys=0.00, real=0.14 secs] 
3651.795: [GC (Allocation Failure) [PSYoungGen: 459776K->142784K(522240K)] 863908K->655077K(1803776K), 0.0533587 secs] [Times: user=0.31 sys=0.00, real=0.05 secs] 
3653.470: [GC (GCLocker Initiated GC) [PSYoungGen: 491968K->112256K(522752K)] 1004261K->758425K(1804288K), 0.0649512 secs] [Times: user=0.38 sys=0.00, real=0.06 secs] 
3653.989: [GC (Allocation Failure) [PSYoungGen: 462976K->153952K(504832K)] 1109184K->909477K(1786368K), 0.0548705 secs] [Times: user=0.31 sys=0.00, real=0.06 secs] 
3655.441: [GC (Allocation Failure) [PSYoungGen: 504672K->110336K(522240K)] 1260197K->1002505K(1803776K), 0.0747796 secs] [Times: user=0.44 sys=0.00, real=0.07 secs] 
3656.078: [GC (Allocation Failure) [PSYoungGen: 453888K->144512K(520192K)] 1346057K->1142814K(1801728K), 0.0531545 secs] [Times: user=0.31 sys=0.00, real=0.06 secs] 
3658.923: [GC (Allocation Failure) [PSYoungGen: 488064K->106752K(520704K)] 1486366K->1240678K(1802240K), 0.1341949 secs] [Times: user=0.79 sys=0.00, real=0.13 secs] 
3659.058: [Full GC (Ergonomics) [PSYoungGen: 106752K->0K(520704K)] [ParOldGen: 1133926K->44452K(1317888K)] 1240678K->44452K(1838592K), [Metaspace: 60279K->60279K(1105920K)], 0.1149081 secs] [Times: user=0.46 sys=0.00, real=0.12 secs] 
3660.111: [GC (Allocation Failure) [PSYoungGen: 344064K->145856K(489984K)] 388516K->190308K(1807872K), 0.0298449 secs] [Times: user=0.17 sys=0.00, real=0.03 secs] 
3661.907: [GC (Allocation Failure) [PSYoungGen: 489920K->105504K(521216K)] 534372K->287028K(1839104K), 0.1239906 secs] [Times: user=0.74 sys=0.00, real=0.13 secs] 
3662.740: [GC (Allocation Failure) [PSYoungGen: 447520K->153952K(496128K)] 629044K->436999K(1814016K), 0.0512280 secs] [Times: user=0.30 sys=0.00, real=0.05 secs] 
3664.143: [GC (Allocation Failure) [PSYoungGen: 495968K->107264K(517632K)] 779015K->527583K(1835520K), 0.0666543 secs] [Times: user=0.39 sys=0.00, real=0.07 secs] 
3664.709: [GC (Allocation Failure) [PSYoungGen: 441600K->141536K(515584K)] 861919K->664483K(1833472K), 0.0522045 secs] [Times: user=0.31 sys=0.00, real=0.06 secs] 
3666.930: [GC (Allocation Failure) [PSYoungGen: 475872K->102304K(516096K)] 998821K->757565K(1833984K), 0.0644737 secs] [Times: user=0.37 sys=0.01, real=0.06 secs] 
3667.733: [GC (GCLocker Initiated GC) [PSYoungGen: 437152K->137280K(515584K)] 1092416K->892525K(1833472K), 0.0520118 secs] [Times: user=0.31 sys=0.00, real=0.05 secs] 
3669.365: [GC (Allocation Failure) [PSYoungGen: 472128K->105440K(516608K)] 1227375K->989487K(1834496K), 0.0666143 secs] [Times: user=0.39 sys=0.00, real=0.07 secs] 
3670.309: [GC (Allocation Failure) [PSYoungGen: 443872K->136832K(516096K)] 1327919K->1123699K(1833984K), 0.0527307 secs] [Times: user=0.31 sys=0.00, real=0.05 secs] 
3671.685: [GC (GCLocker Initiated GC) [PSYoungGen: 475264K->109504K(517120K)] 1462133K->1223201K(1835008K), 0.0656810 secs] [Times: user=0.39 sys=0.00, real=0.07 secs] 
3672.370: [GC (Allocation Failure) [PSYoungGen: 453568K->149216K(518656K)] 1567304K->1370703K(1836544K), 0.0601993 secs] [Times: user=0.31 sys=0.04, real=0.06 secs] 
3672.430: [Full GC (Ergonomics) [PSYoungGen: 149216K->0K(518656K)] [ParOldGen: 1221487K->164879K(1398272K)] 1370703K->164879K(1916928K), [Metaspace: 60286K->60286K(1105920K)], 0.3754099 secs] [Times: user=1.72 sys=0.00, real=0.37 secs] 
3674.669: [GC (Allocation Failure) [PSYoungGen: 344064K->110400K(522240K)] 508943K->275279K(1920512K), 0.0671581 secs] [Times: user=0.39 sys=0.00, real=0.06 secs] 
3675.791: [GC (Allocation Failure) [PSYoungGen: 453952K->142304K(520192K)] 618831K->414724K(1918464K), 0.0553822 secs] [Times: user=0.32 sys=0.00, real=0.05 secs] 
3677.213: [GC (Allocation Failure) [PSYoungGen: 485856K->106976K(520192K)] 758276K->512704K(1918464K), 0.0757728 secs] [Times: user=0.44 sys=0.01, real=0.08 secs] 
3678.070: [GC (Allocation Failure) [PSYoungGen: 451552K->143296K(520704K)] 857280K->654173K(1918976K), 0.0529471 secs] [Times: user=0.31 sys=0.01, real=0.05 secs] 
3679.716: [GC (Allocation Failure) [PSYoungGen: 487872K->106656K(521216K)] 998749K->751989K(1919488K), 0.1009717 secs] [Times: user=0.60 sys=0.00, real=0.10 secs] 
3680.940: [GC (GCLocker Initiated GC) [PSYoungGen: 451744K->142848K(521216K)] 1097077K->892050K(1919488K), 0.0527497 secs] [Times: user=0.31 sys=0.00, real=0.05 secs] 
3682.391: [GC (Allocation Failure) [PSYoungGen: 487936K->106496K(521216K)] 1237140K->989648K(1919488K), 0.0657615 secs] [Times: user=0.38 sys=0.00, real=0.06 secs] 
3683.434: [GC (Allocation Failure) [PSYoungGen: 451584K->143424K(521216K)] 1334736K->1131336K(1919488K), 0.0526766 secs] [Times: user=0.31 sys=0.00, real=0.05 secs] 
3685.044: [GC (Allocation Failure) [PSYoungGen: 488512K->110976K(520192K)] 1476424K->1233728K(1918464K), 0.0745664 secs] [Times: user=0.43 sys=0.01, real=0.07 secs] 
3685.738: [GC (Allocation Failure) [PSYoungGen: 456064K->151040K(496640K)] 1578816K->1382641K(1894912K), 0.0559819 secs] [Times: user=0.32 sys=0.01, real=0.06 secs] 
3687.103: [GC (Allocation Failure) [PSYoungGen: 496128K->110688K(521216K)] 1727729K->1475645K(1919488K), 0.1045266 secs] [Times: user=0.37 sys=0.23, real=0.10 secs] 
3687.207: [Full GC (Ergonomics) [PSYoungGen: 110688K->0K(521216K)] [ParOldGen: 1364957K->32174K(1380352K)] 1475645K->32174K(1901568K), [Metaspace: 60289K->60289K(1105920K)], 0.1018016 secs] [Times: user=0.42 sys=0.00, real=0.11 secs] 
3688.239: [GC (Allocation Failure) [PSYoungGen: 340992K->140160K(518656K)] 373166K->172334K(1899008K), 0.0283446 secs] [Times: user=0.17 sys=0.00, real=0.02 secs] 
3689.841: [GC (Allocation Failure) [PSYoungGen: 481152K->109280K(519168K)] 513326K->272238K(1899520K), 0.0650688 secs] [Times: user=0.38 sys=0.00, real=0.06 secs] 
3690.805: [GC (Allocation Failure) [PSYoungGen: 452320K->140000K(518656K)] 615278K->409267K(1899008K), 0.0525549 secs] [Times: user=0.31 sys=0.00, real=0.05 secs] 
3692.248: [GC (Allocation Failure) [PSYoungGen: 483040K->110304K(519680K)] 752307K->510539K(1900032K), 0.0671221 secs] [Times: user=0.40 sys=0.00, real=0.07 secs] 
3693.551: [GC (Allocation Failure) [PSYoungGen: 457440K->142848K(521216K)] 857675K->649119K(1901568K), 0.0526652 secs] [Times: user=0.31 sys=0.00, real=0.05 secs] 
3694.936: [GC (GCLocker Initiated GC) [PSYoungGen: 489984K->110208K(522240K)] 996256K->750208K(1902592K), 0.0639403 secs] [Times: user=0.38 sys=0.00, real=0.07 secs] 
3695.578: [GC (Allocation Failure) [PSYoungGen: 459392K->146400K(495616K)] 1099395K->893779K(1875968K), 0.0539452 secs] [Times: user=0.32 sys=0.00, real=0.06 secs] 
3697.699: [GC (Allocation Failure) [PSYoungGen: 495584K->107232K(523776K)] 1242963K->991699K(1904128K), 0.0660753 secs] [Times: user=0.39 sys=0.00, real=0.07 secs] 
3698.326: [GC (Allocation Failure) [PSYoungGen: 454368K->145856K(493056K)] 1338835K->1134823K(1873408K), 0.0533953 secs] [Times: user=0.32 sys=0.00, real=0.06 secs] 
3700.074: [GC (GCLocker Initiated GC) [PSYoungGen: 492992K->109312K(522752K)] 1481959K->1235339K(1903104K), 0.1305719 secs] [Times: user=0.77 sys=0.01, real=0.13 secs] 
3700.856: [GC (Allocation Failure) [PSYoungGen: 454400K->152384K(497664K)] 1580466K->1384523K(1878016K), 0.0535953 secs] [Times: user=0.32 sys=0.00, real=0.06 secs] 
3700.910: [Full GC (Ergonomics) [PSYoungGen: 152384K->0K(497664K)] [ParOldGen: 1232139K->180819K(1398272K)] 1384523K->180819K(1895936K), [Metaspace: 60299K->60299K(1105920K)], 0.4232106 secs] [Times: user=1.96 sys=0.00, real=0.42 secs] 
3702.766: [GC (Allocation Failure) [PSYoungGen: 345088K->107392K(519680K)] 525907K->288212K(1917952K), 0.0364521 secs] [Times: user=0.21 sys=0.00, real=0.04 secs] 
3703.297: [GC (Allocation Failure) [PSYoungGen: 446336K->143360K(518144K)] 627156K->429220K(1916416K), 0.0530219 secs] [Times: user=0.31 sys=0.00, real=0.06 secs] 
3705.211: [GC (GCLocker Initiated GC) [PSYoungGen: 482304K->105088K(517632K)] 768164K->525708K(1915904K), 0.0834306 secs] [Times: user=0.49 sys=0.01, real=0.08 secs] 
3705.921: [GC (Allocation Failure) [PSYoungGen: 444544K->143200K(518144K)] 865235K->665948K(1916416K), 0.0518608 secs] [Times: user=0.30 sys=0.00, real=0.05 secs] 
3707.660: [GC (Allocation Failure) [PSYoungGen: 482656K->104832K(518656K)] 1005404K->761732K(1916928K), 0.1119445 secs] [Times: user=0.66 sys=0.01, real=0.11 secs] 
3708.496: [GC (Allocation Failure) [PSYoungGen: 444800K->140864K(518656K)] 1101700K->899257K(1916928K), 0.0514273 secs] [Times: user=0.30 sys=0.00, real=0.05 secs] 
3709.977: [GC (GCLocker Initiated GC) [PSYoungGen: 480832K->106784K(516608K)] 1239225K->997125K(1914880K), 0.0811391 secs] [Times: user=0.49 sys=0.00, real=0.08 secs] 
3711.072: [GC (Allocation Failure) [PSYoungGen: 447776K->150624K(492032K)] 1338156K->1144933K(1890304K), 0.0541572 secs] [Times: user=0.32 sys=0.00, real=0.05 secs] 
3712.511: [GC (GCLocker Initiated GC) [PSYoungGen: 491616K->106080K(519168K)] 1485926K->1233486K(1917440K), 0.0650466 secs] [Times: user=0.38 sys=0.00, real=0.06 secs] 
3713.119: [GC (Allocation Failure) [PSYoungGen: 443488K->141024K(517120K)] 1570964K->1372013K(1915392K), 0.0538901 secs] [Times: user=0.32 sys=0.00, real=0.05 secs] 
3714.458: [GC (GCLocker Initiated GC) [PSYoungGen: 478432K->103936K(517632K)] 1709421K->1466949K(1915904K), 0.0824790 secs] [Times: user=0.49 sys=0.00, real=0.09 secs] 
3714.540: [Full GC (Ergonomics) [PSYoungGen: 103936K->0K(517632K)] [ParOldGen: 1363013K->25709K(1398272K)] 1466949K->25709K(1915904K), [Metaspace: 60308K->60308K(1105920K)], 0.0406358 secs] [Times: user=0.12 sys=0.00, real=0.04 secs] 
3715.507: [GC (Allocation Failure) [PSYoungGen: 338944K->147392K(486400K)] 364659K->173107K(1884672K), 0.0279505 secs] [Times: user=0.16 sys=0.00, real=0.03 secs] 
3716.876: [GC (Allocation Failure) [PSYoungGen: 486336K->109088K(519680K)] 512051K->264403K(1917952K), 0.0692441 secs] [Times: user=0.41 sys=0.00, real=0.07 secs] 
3717.605: [GC (Allocation Failure) [PSYoungGen: 447008K->138688K(517120K)] 602323K->401207K(1915392K), 0.0524675 secs] [Times: user=0.31 sys=0.00, real=0.05 secs] 
3719.544: [GC (Allocation Failure) [PSYoungGen: 476608K->108224K(517632K)] 739127K->500071K(1915904K), 0.0640241 secs] [Times: user=0.38 sys=0.00, real=0.06 secs] 
3720.191: [GC (Allocation Failure) [PSYoungGen: 448192K->139072K(517120K)] 840039K->637856K(1915392K), 0.0521791 secs] [Times: user=0.31 sys=0.00, real=0.05 secs] 
3721.530: [GC (Allocation Failure) [PSYoungGen: 479040K->107904K(518144K)] 977824K->736732K(1916416K), 0.0663808 secs] [Times: user=0.40 sys=0.00, real=0.06 secs] 
3723.059: [GC (Allocation Failure) [PSYoungGen: 452480K->136736K(519680K)] 1081308K->871561K(1917952K), 0.0524239 secs] [Times: user=0.31 sys=0.00, real=0.05 secs] 
3724.465: [GC (Allocation Failure) [PSYoungGen: 481312K->112544K(518144K)] 1216137K->974821K(1916416K), 0.0647259 secs] [Times: user=0.38 sys=0.00, real=0.07 secs] 
3726.208: [GC (Allocation Failure) [PSYoungGen: 461728K->140288K(521216K)] 1324005K->1113545K(1919488K), 0.0543493 secs] [Times: user=0.32 sys=0.00, real=0.06 secs] 
3727.567: [GC (GCLocker Initiated GC) [PSYoungGen: 489472K->111040K(523776K)] 1462730K->1215042K(1922048K), 0.0655259 secs] [Times: user=0.39 sys=0.00, real=0.07 secs] 
3728.248: [GC (Allocation Failure) [PSYoungGen: 464832K->153408K(507392K)] 1568837K->1366769K(1905664K), 0.0547938 secs] [Times: user=0.32 sys=0.00, real=0.06 secs] 
3729.722: [GC (Allocation Failure) [PSYoungGen: 507200K->111552K(524288K)] 1720561K->1460697K(1922560K), 0.0892393 secs] [Times: user=0.53 sys=0.00, real=0.09 secs] 
3729.812: [Full GC (Ergonomics) [PSYoungGen: 111552K->0K(524288K)] [ParOldGen: 1349145K->27008K(1398272K)] 1460697K->27008K(1922560K), [Metaspace: 60324K->60324K(1105920K)], 0.0439874 secs] [Times: user=0.14 sys=0.00, real=0.04 secs] 
3730.565: [GC (Allocation Failure) [PSYoungGen: 347136K->144352K(521728K)] 374144K->171360K(1920000K), 0.0286880 secs] [Times: user=0.17 sys=0.00, real=0.03 secs] 
3732.933: [GC (Allocation Failure) [PSYoungGen: 491488K->107968K(522752K)] 518496K->270208K(1921024K), 0.1551933 secs] [Times: user=0.91 sys=0.01, real=0.15 secs] 
3734.496: [GC (Allocation Failure) [PSYoungGen: 455104K->139552K(522240K)] 617344K->406665K(1920512K), 0.0520363 secs] [Times: user=0.30 sys=0.01, real=0.05 secs] 
3735.976: [GC (Allocation Failure) [PSYoungGen: 486688K->112000K(519168K)] 753801K->509981K(1917440K), 0.0826394 secs] [Times: user=0.49 sys=0.01, real=0.09 secs] 
3736.737: [GC (Allocation Failure) [PSYoungGen: 460160K->145376K(521216K)] 858141K->652246K(1919488K), 0.0539062 secs] [Times: user=0.32 sys=0.00, real=0.06 secs] 
3738.402: [GC (GCLocker Initiated GC) [PSYoungGen: 493536K->109568K(524288K)] 1000406K->752298K(1922560K), 0.0887136 secs] [Times: user=0.53 sys=0.00, real=0.09 secs] 
3739.061: [GC (Allocation Failure) [PSYoungGen: 458752K->155968K(505344K)] 1101521K->905484K(1903616K), 0.0543619 secs] [Times: user=0.32 sys=0.00, real=0.05 secs] 
3740.965: [GC (GCLocker Initiated GC) [PSYoungGen: 505152K->109152K(520192K)] 1254668K->997832K(1918464K), 0.1026996 secs] [Times: user=0.61 sys=0.00, real=0.10 secs] 
3741.900: [GC (Allocation Failure) [PSYoungGen: 449120K->150304K(490496K)] 1337839K->1144768K(1888768K), 0.0531005 secs] [Times: user=0.31 sys=0.00, real=0.05 secs] 
3743.723: [GC (GCLocker Initiated GC) [PSYoungGen: 490272K->104608K(517632K)] 1484737K->1232713K(1915904K), 0.0649178 secs] [Times: user=0.38 sys=0.00, real=0.06 secs] 
3744.928: [GC (Allocation Failure) [PSYoungGen: 439968K->138784K(474624K)] 1568142K->1368123K(1872896K), 0.0516465 secs] [Times: user=0.30 sys=0.00, real=0.06 secs] 
3746.347: [GC (Allocation Failure) [PSYoungGen: 474144K->105120K(517120K)] 1703483K->1464251K(1915392K), 0.0709767 secs] [Times: user=0.42 sys=0.00, real=0.07 secs] 
3746.418: [Full GC (Ergonomics) [PSYoungGen: 105120K->0K(517120K)] [ParOldGen: 1359131K->30370K(1398272K)] 1464251K->30370K(1915392K), [Metaspace: 60327K->60327K(1105920K)], 0.0567757 secs] [Times: user=0.19 sys=0.01, real=0.06 secs] 
3747.367: [GC (Allocation Failure) [PSYoungGen: 336896K->140672K(515584K)] 367266K->171042K(1913856K), 0.0284365 secs] [Times: user=0.16 sys=0.00, real=0.03 secs] 
3749.302: [GC (GCLocker Initiated GC) [PSYoungGen: 477568K->104960K(518144K)] 507939K->266711K(1916416K), 0.0646951 secs] [Times: user=0.38 sys=0.00, real=0.06 secs] 
3749.880: [GC (Allocation Failure) [PSYoungGen: 445952K->150208K(491520K)] 607742K->414859K(1889792K), 0.0524593 secs] [Times: user=0.31 sys=0.00, real=0.05 secs] 
3751.209: [GC (GCLocker Initiated GC) [PSYoungGen: 491200K->106080K(518656K)] 755853K->503869K(1916928K), 0.0777376 secs] [Times: user=0.46 sys=0.01, real=0.07 secs] 
3752.039: [GC (Allocation Failure) [PSYoungGen: 442976K->136896K(474112K)] 840769K->639005K(1872384K), 0.0520639 secs] [Times: user=0.31 sys=0.00, real=0.05 secs] 
3753.631: [GC (Allocation Failure) [PSYoungGen: 473792K->107552K(517632K)] 975901K->737285K(1915904K), 0.0671561 secs] [Times: user=0.39 sys=0.01, real=0.06 secs] 
3754.796: [GC (Allocation Failure) [PSYoungGen: 446496K->136704K(515584K)] 1076229K->872465K(1913856K), 0.0525349 secs] [Times: user=0.30 sys=0.00, real=0.06 secs] 
3756.145: [GC (Allocation Failure) [PSYoungGen: 475648K->111232K(519680K)] 1211409K->974118K(1917952K), 0.0650804 secs] [Times: user=0.39 sys=0.00, real=0.07 secs] 
3756.695: [GC (Allocation Failure) [PSYoungGen: 457344K->136960K(519680K)] 1320230K->1110109K(1917952K), 0.0538444 secs] [Times: user=0.32 sys=0.00, real=0.06 secs] 
3758.056: [GC (Allocation Failure) [PSYoungGen: 483072K->113856K(519168K)] 1456221K->1215285K(1917440K), 0.0694586 secs] [Times: user=0.42 sys=0.00, real=0.07 secs] 
3759.112: [GC (Allocation Failure) [PSYoungGen: 465600K->139392K(522240K)] 1567029K->1353010K(1920512K), 0.0545866 secs] [Times: user=0.31 sys=0.00, real=0.05 secs] 
3760.519: [GC (Allocation Failure) [PSYoungGen: 491136K->115904K(524288K)] 1704754K->1458994K(1922560K), 0.0710586 secs] [Times: user=0.42 sys=0.00, real=0.07 secs] 
3760.590: [Full GC (Ergonomics) [PSYoungGen: 115904K->0K(524288K)] [ParOldGen: 1343090K->25322K(1398272K)] 1458994K->25322K(1922560K), [Metaspace: 60330K->60330K(1105920K)], 0.0428974 secs] [Times: user=0.12 sys=0.00, real=0.04 secs] 
3761.470: [GC (Allocation Failure) [PSYoungGen: 356864K->147616K(525824K)] 382186K->172938K(1924096K), 0.0295126 secs] [Times: user=0.17 sys=0.00, real=0.03 secs] 
3763.053: [GC (Allocation Failure) [PSYoungGen: 504480K->114080K(527872K)] 529802K->277786K(1926144K), 0.0700870 secs] [Times: user=0.42 sys=0.00, real=0.07 secs] 
3763.862: [GC (Allocation Failure) [PSYoungGen: 469920K->149440K(505344K)] 633626K->424546K(1903616K), 0.0545680 secs] [Times: user=0.32 sys=0.00, real=0.05 secs] 
3765.734: [GC (GCLocker Initiated GC) [PSYoungGen: 505280K->108960K(525312K)] 780387K->524827K(1923584K), 0.1028942 secs] [Times: user=0.60 sys=0.00, real=0.10 secs] 
3766.320: [GC (Allocation Failure) [PSYoungGen: 459680K->150368K(501248K)] 875549K->671074K(1899520K), 0.0528028 secs] [Times: user=0.31 sys=0.00, real=0.05 secs] 
3768.338: [GC (Allocation Failure) [PSYoungGen: 501088K->107104K(522240K)] 1021794K->769110K(1920512K), 0.1014303 secs] [Times: user=0.60 sys=0.01, real=0.11 secs] 
3768.930: [GC (Allocation Failure) [PSYoungGen: 451680K->146336K(491008K)] 1113686K->911679K(1889280K), 0.0515924 secs] [Times: user=0.30 sys=0.00, real=0.05 secs] 
3770.509: [GC (Allocation Failure) [PSYoungGen: 490912K->106592K(521216K)] 1256255K->1009327K(1919488K), 0.1400320 secs] [Times: user=0.83 sys=0.00, real=0.14 secs] 
3771.400: [GC (Allocation Failure) [PSYoungGen: 449120K->145920K(488960K)] 1351855K->1152020K(1887232K), 0.0538759 secs] [Times: user=0.32 sys=0.00, real=0.05 secs] 
3773.472: [GC (Allocation Failure) [PSYoungGen: 488448K->103360K(520192K)] 1494548K->1246724K(1918464K), 0.1379303 secs] [Times: user=0.81 sys=0.00, real=0.14 secs] 
3774.144: [GC (Allocation Failure) [PSYoungGen: 443840K->143744K(484352K)] 1587204K->1386073K(1882624K), 0.0504780 secs] [Times: user=0.29 sys=0.00, real=0.05 secs] 
3774.195: [Full GC (Ergonomics) [PSYoungGen: 143744K->0K(484352K)] [ParOldGen: 1242329K->189389K(1398272K)] 1386073K->189389K(1882624K), [Metaspace: 60331K->60331K(1105920K)], 0.4601034 secs] [Times: user=2.15 sys=0.00, real=0.46 secs] 
3777.638: [GC (Allocation Failure) [PSYoungGen: 340480K->101824K(519680K)] 529869K->291213K(1917952K), 0.0832108 secs] [Times: user=0.49 sys=0.00, real=0.09 secs] 
3778.350: [GC (Allocation Failure) [PSYoungGen: 441280K->142784K(482304K)] 630669K->429550K(1880576K), 0.0499865 secs] [Times: user=0.30 sys=0.00, real=0.05 secs] 
3779.981: [GC (Allocation Failure) [PSYoungGen: 482240K->106496K(520192K)] 769006K->527386K(1918464K), 0.1044005 secs] [Times: user=0.62 sys=0.00, real=0.10 secs] 
3780.795: [GC (Allocation Failure) [PSYoungGen: 445952K->143104K(518144K)] 866842K->666115K(1916416K), 0.0520466 secs] [Times: user=0.31 sys=0.00, real=0.05 secs] 
3782.166: [GC (Allocation Failure) [PSYoungGen: 482560K->105376K(517632K)] 1005571K->762331K(1915904K), 0.0650571 secs] [Times: user=0.38 sys=0.00, real=0.07 secs] 
3782.820: [GC (Allocation Failure) [PSYoungGen: 445344K->142048K(518144K)] 1102299K->901292K(1916416K), 0.0523415 secs] [Times: user=0.31 sys=0.00, real=0.05 secs] 
3784.715: [GC (GCLocker Initiated GC) [PSYoungGen: 482016K->105696K(518656K)] 1241260K->997756K(1916928K), 0.1206480 secs] [Times: user=0.71 sys=0.01, real=0.12 secs] 
3785.326: [GC (Allocation Failure) [PSYoungGen: 447200K->152160K(494080K)] 1339263K->1147600K(1892352K), 0.0532753 secs] [Times: user=0.31 sys=0.01, real=0.06 secs] 
3786.742: [GC (GCLocker Initiated GC) [PSYoungGen: 493664K->104096K(517632K)] 1489107K->1234875K(1915904K), 0.0668052 secs] [Times: user=0.39 sys=0.00, real=0.06 secs] 
3787.816: [GC (Allocation Failure) [PSYoungGen: 438944K->139584K(474624K)] 1569725K->1371010K(1872896K), 0.0520563 secs] [Times: user=0.31 sys=0.00, real=0.05 secs] 
3787.868: [Full GC (Ergonomics) [PSYoungGen: 139584K->0K(474624K)] [ParOldGen: 1231426K->169981K(1398272K)] 1371010K->169981K(1872896K), [Metaspace: 60332K->60332K(1105920K)], 0.4057169 secs] [Times: user=1.89 sys=0.00, real=0.41 secs] 
3789.809: [GC (Allocation Failure) [PSYoungGen: 334848K->104800K(517120K)] 504829K->274782K(1915392K), 0.0531664 secs] [Times: user=0.31 sys=0.00, real=0.05 secs] 
3790.696: [GC (Allocation Failure) [PSYoungGen: 441184K->139040K(515584K)] 611166K->411530K(1913856K), 0.0530425 secs] [Times: user=0.31 sys=0.01, real=0.06 secs] 
3792.066: [GC (Allocation Failure) [PSYoungGen: 475424K->106432K(517120K)] 747914K->508506K(1915392K), 0.0642264 secs] [Times: user=0.38 sys=0.00, real=0.07 secs] 
3792.915: [GC (Allocation Failure) [PSYoungGen: 446912K->140448K(517632K)] 848986K->647927K(1915904K), 0.0519392 secs] [Times: user=0.31 sys=0.00, real=0.05 secs] 
3794.312: [GC (Allocation Failure) [PSYoungGen: 480928K->108064K(517632K)] 988407K->747471K(1915904K), 0.0757833 secs] [Times: user=0.44 sys=0.00, real=0.07 secs] 
3795.816: [GC (Allocation Failure) [PSYoungGen: 451616K->135424K(519168K)] 1091023K->880644K(1917440K), 0.0529924 secs] [Times: user=0.31 sys=0.01, real=0.06 secs] 
3797.236: [GC (Allocation Failure) [PSYoungGen: 478976K->111552K(516608K)] 1224196K->982420K(1914880K), 0.0645485 secs] [Times: user=0.38 sys=0.01, real=0.07 secs] 
3799.106: [GC (Allocation Failure) [PSYoungGen: 459712K->137760K(520192K)] 1330580K->1118541K(1918464K), 0.0540933 secs] [Times: user=0.32 sys=0.00, real=0.06 secs] 
3800.538: [GC (Allocation Failure) [PSYoungGen: 485920K->114752K(521216K)] 1466701K->1223373K(1919488K), 0.0676390 secs] [Times: user=0.40 sys=0.00, real=0.07 secs] 
3801.189: [GC (Allocation Failure) [PSYoungGen: 469056K->143168K(523776K)] 1577677K->1364630K(1922048K), 0.0558495 secs] [Times: user=0.32 sys=0.00, real=0.06 secs] 
3802.620: [GC (Allocation Failure) [PSYoungGen: 497472K->114880K(526848K)] 1718934K->1469542K(1925120K), 0.0665738 secs] [Times: user=0.40 sys=0.00, real=0.06 secs] 
3802.687: [Full GC (Ergonomics) [PSYoungGen: 114880K->0K(526848K)] [ParOldGen: 1354662K->30071K(1398272K)] 1469542K->30071K(1925120K), [Metaspace: 60332K->60332K(1105920K)], 0.0498135 secs] [Times: user=0.16 sys=0.00, real=0.05 secs] 
3803.769: [GC (Allocation Failure) [PSYoungGen: 357376K->145824K(503296K)] 387447K->175895K(1901568K), 0.0293418 secs] [Times: user=0.17 sys=0.00, real=0.03 secs] 
3806.273: [GC (Allocation Failure) [PSYoungGen: 503200K->114144K(528384K)] 533271K->280919K(1926656K), 0.1469082 secs] [Times: user=0.87 sys=0.00, real=0.15 secs] 
3807.414: [GC (Allocation Failure) [PSYoungGen: 469984K->148064K(504320K)] 636759K->425916K(1902592K), 0.0547233 secs] [Times: user=0.32 sys=0.00, real=0.06 secs] 
3809.185: [GC (GCLocker Initiated GC) [PSYoungGen: 503904K->110560K(526336K)] 781756K->527532K(1924608K), 0.1452191 secs] [Times: user=0.86 sys=0.00, real=0.15 secs] 
3809.890: [GC (Allocation Failure) [PSYoungGen: 462816K->148704K(501248K)] 879791K->671496K(1899520K), 0.0525805 secs] [Times: user=0.31 sys=0.00, real=0.05 secs] 
3812.284: [GC (Allocation Failure) [PSYoungGen: 500960K->106656K(523776K)] 1023752K->768908K(1922048K), 0.1048268 secs] [Times: user=0.62 sys=0.00, real=0.10 secs] 
3812.867: [GC (Allocation Failure) [PSYoungGen: 454304K->148960K(496640K)] 1116556K->914501K(1894912K), 0.0526168 secs] [Times: user=0.31 sys=0.01, real=0.06 secs] 
3814.467: [GC (GCLocker Initiated GC) [PSYoungGen: 496608K->107968K(521728K)] 1262149K->1013953K(1920000K), 0.0854182 secs] [Times: user=0.51 sys=0.00, real=0.09 secs] 
3815.306: [GC (Allocation Failure) [PSYoungGen: 451008K->144288K(520192K)] 1356996K->1154969K(1918464K), 0.0661482 secs] [Times: user=0.40 sys=0.00, real=0.07 secs] 
3817.565: [GC (GCLocker Initiated GC) [PSYoungGen: 487328K->105184K(520704K)] 1498010K->1251826K(1918976K), 0.1044876 secs] [Times: user=0.62 sys=0.00, real=0.11 secs] 
3818.114: [GC (Allocation Failure) [PSYoungGen: 447712K->144960K(487936K)] 1594425K->1393161K(1886208K), 0.0514314 secs] [Times: user=0.30 sys=0.00, real=0.05 secs] 
3818.165: [Full GC (Ergonomics) [PSYoungGen: 144960K->0K(487936K)] [ParOldGen: 1248201K->196009K(1398272K)] 1393161K->196009K(1886208K), [Metaspace: 60345K->60345K(1105920K)], 0.4700168 secs] [Times: user=2.20 sys=0.00, real=0.47 secs] 
3821.780: [GC (Allocation Failure) [PSYoungGen: 342528K->103040K(520192K)] 538537K->299049K(1918464K), 0.0807747 secs] [Times: user=0.48 sys=0.00, real=0.08 secs] 
3822.376: [GC (Allocation Failure) [PSYoungGen: 443520K->144416K(485376K)] 639529K->439848K(1883648K), 0.0491707 secs] [Times: user=0.29 sys=0.00, real=0.05 secs] 
3825.125: [GC (Allocation Failure) [PSYoungGen: 484896K->101952K(519680K)] 780328K->533052K(1917952K), 0.1250233 secs] [Times: user=0.72 sys=0.01, real=0.13 secs] 
3825.768: [GC (Allocation Failure) [PSYoungGen: 441408K->143136K(482816K)] 872508K->672393K(1881088K), 0.0496316 secs] [Times: user=0.29 sys=0.00, real=0.05 secs] 
3827.283: [GC (Allocation Failure) [PSYoungGen: 482592K->106880K(520192K)] 1011849K->770789K(1918464K), 0.0663400 secs] [Times: user=0.40 sys=0.00, real=0.07 secs] 
3827.846: [GC (Allocation Failure) [PSYoungGen: 446336K->145440K(485376K)] 1110245K->912897K(1883648K), 0.0522210 secs] [Times: user=0.30 sys=0.00, real=0.05 secs] 
3830.567: [GC (Allocation Failure) [PSYoungGen: 484896K->100832K(518656K)] 1252353K->1005265K(1916928K), 0.0648149 secs] [Times: user=0.38 sys=0.00, real=0.07 secs] 
3831.122: [GC (GCLocker Initiated GC) [PSYoungGen: 438240K->143712K(481280K)] 1342673K->1145546K(1879552K), 0.0510603 secs] [Times: user=0.30 sys=0.00, real=0.05 secs] 
3832.948: [GC (Allocation Failure) [PSYoungGen: 481120K->104416K(519168K)] 1482956K->1241344K(1917440K), 0.0917423 secs] [Times: user=0.54 sys=0.00, real=0.10 secs] 
3833.959: [GC (Allocation Failure) [PSYoungGen: 441824K->139168K(517120K)] 1578752K->1377405K(1915392K), 0.0529923 secs] [Times: user=0.31 sys=0.01, real=0.06 secs] 
3834.012: [Full GC (Ergonomics) [PSYoungGen: 139168K->0K(517120K)] [ParOldGen: 1238237K->175349K(1398272K)] 1377405K->175349K(1915392K), [Metaspace: 60346K->60346K(1105920K)], 0.4178502 secs] [Times: user=1.94 sys=0.00, real=0.42 secs] 
3836.692: [GC (Allocation Failure) [PSYoungGen: 337408K->102432K(517632K)] 512757K->277781K(1915904K), 0.0823951 secs] [Times: user=0.47 sys=0.01, real=0.08 secs] 
3838.252: [GC (Allocation Failure) [PSYoungGen: 441376K->138752K(517120K)] 616725K->413910K(1915392K), 0.0514103 secs] [Times: user=0.30 sys=0.00, real=0.05 secs] 
3839.613: [GC (GCLocker Initiated GC) [PSYoungGen: 477696K->108864K(516096K)] 752854K->514070K(1914368K), 0.0650189 secs] [Times: user=0.38 sys=0.00, real=0.06 secs] 
3840.424: [GC (Allocation Failure) [PSYoungGen: 450880K->140704K(518144K)] 856089K->652277K(1916416K), 0.0531310 secs] [Times: user=0.31 sys=0.00, real=0.05 secs] 
3841.804: [GC (GCLocker Initiated GC) [PSYoungGen: 482720K->107552K(519680K)] 994294K->750442K(1917952K), 0.0649524 secs] [Times: user=0.38 sys=0.01, real=0.07 secs] 
3842.874: [GC (Allocation Failure) [PSYoungGen: 453152K->143264K(520704K)] 1096113K->891165K(1918976K), 0.0533553 secs] [Times: user=0.31 sys=0.00, real=0.05 secs] 
3844.675: [GC (Allocation Failure) [PSYoungGen: 488864K->109952K(520704K)] 1236765K->992081K(1918976K), 0.1067317 secs] [Times: user=0.63 sys=0.00, real=0.11 secs] 
3845.770: [GC (Allocation Failure) [PSYoungGen: 456576K->142464K(521216K)] 1338705K->1132341K(1919488K), 0.0537979 secs] [Times: user=0.32 sys=0.00, real=0.05 secs] 
3847.238: [GC (Allocation Failure) [PSYoungGen: 489088K->108512K(522240K)] 1478965K->1231901K(1920512K), 0.0820813 secs] [Times: user=0.48 sys=0.01, real=0.09 secs] 
3848.127: [GC (Allocation Failure) [PSYoungGen: 456160K->145728K(493568K)] 1579549K->1374338K(1891840K), 0.0533143 secs] [Times: user=0.31 sys=0.00, real=0.06 secs] 
3849.605: [GC (GCLocker Initiated GC) [PSYoungGen: 493376K->107936K(523264K)] 1721986K->1473130K(1921536K), 0.0796798 secs] [Times: user=0.47 sys=0.01, real=0.08 secs] 
3849.685: [Full GC (Ergonomics) [PSYoungGen: 107936K->0K(523264K)] [ParOldGen: 1365194K->33345K(1398272K)] 1473130K->33345K(1921536K), [Metaspace: 60350K->60350K(1105920K)], 0.0576205 secs] [Times: user=0.21 sys=0.00, real=0.06 secs] 
3850.579: [GC (Allocation Failure) [PSYoungGen: 345600K->144416K(521216K)] 379016K->177840K(1919488K), 0.0289830 secs] [Times: user=0.17 sys=0.00, real=0.02 secs] 
3852.034: [GC (Allocation Failure) [PSYoungGen: 490016K->108672K(521216K)] 523440K->277308K(1919488K), 0.0898352 secs] [Times: user=0.53 sys=0.00, real=0.09 secs] 
3852.938: [GC (Allocation Failure) [PSYoungGen: 454272K->142976K(521216K)] 622908K->417941K(1919488K), 0.0528029 secs] [Times: user=0.31 sys=0.00, real=0.06 secs] 
3854.504: [GC (Allocation Failure) [PSYoungGen: 488576K->108576K(520704K)] 763541K->518029K(1918976K), 0.0955337 secs] [Times: user=0.57 sys=0.00, real=0.10 secs] 
3855.357: [GC (Allocation Failure) [PSYoungGen: 454688K->143072K(521216K)] 864141K->657850K(1919488K), 0.0526073 secs] [Times: user=0.31 sys=0.00, real=0.06 secs] 
3856.802: [GC (Allocation Failure) [PSYoungGen: 489184K->110464K(520704K)] 1003962K->758698K(1918976K), 0.0868706 secs] [Times: user=0.52 sys=0.01, real=0.09 secs] 
3857.410: [GC (GCLocker Initiated GC) [PSYoungGen: 457088K->145088K(521216K)] 1105323K->900820K(1919488K), 0.0537246 secs] [Times: user=0.32 sys=0.00, real=0.05 secs] 
3859.169: [GC (Allocation Failure) [PSYoungGen: 491712K->108704K(522752K)] 1247482K->1000370K(1921024K), 0.1025137 secs] [Times: user=0.61 sys=0.00, real=0.11 secs] 
3859.927: [GC (Allocation Failure) [PSYoungGen: 454816K->147456K(494080K)] 1346482K->1144129K(1892352K), 0.0531124 secs] [Times: user=0.31 sys=0.00, real=0.06 secs] 
3861.251: [GC (Allocation Failure) [PSYoungGen: 493568K->105344K(521728K)] 1490241K->1240801K(1920000K), 0.0655071 secs] [Times: user=0.38 sys=0.00, real=0.06 secs] 
3861.906: [GC (Allocation Failure) [PSYoungGen: 448384K->145120K(488448K)] 1583841K->1381886K(1886720K), 0.0518294 secs] [Times: user=0.31 sys=0.00, real=0.05 secs] 
3861.958: [Full GC (Ergonomics) [PSYoungGen: 145120K->0K(488448K)] [ParOldGen: 1236766K->184509K(1398272K)] 1381886K->184509K(1886720K), [Metaspace: 60364K->60364K(1105920K)], 0.4304749 secs] [Times: user=1.99 sys=0.00, real=0.43 secs] 
3863.768: [GC (Allocation Failure) [PSYoungGen: 343040K->106688K(521216K)] 527549K->291197K(1919488K), 0.0362477 secs] [Times: user=0.22 sys=0.00, real=0.04 secs] 
3864.354: [GC (Allocation Failure) [PSYoungGen: 448192K->153184K(495104K)] 632701K->440426K(1893376K), 0.0521103 secs] [Times: user=0.31 sys=0.00, real=0.05 secs] 
3866.412: [GC (Allocation Failure) [PSYoungGen: 494688K->106176K(517632K)] 781930K->529170K(1915904K), 0.1213297 secs] [Times: user=0.72 sys=0.00, real=0.12 secs] 
3867.075: [GC (Allocation Failure) [PSYoungGen: 441024K->141120K(516096K)] 864018K->666943K(1914368K), 0.0516014 secs] [Times: user=0.30 sys=0.00, real=0.05 secs] 
3868.700: [GC (Allocation Failure) [PSYoungGen: 475968K->105696K(516096K)] 1001791K->763891K(1914368K), 0.0981809 secs] [Times: user=0.57 sys=0.01, real=0.09 secs] 
3869.304: [GC (Allocation Failure) [PSYoungGen: 442080K->139360K(516096K)] 1100275K->900127K(1914368K), 0.0517088 secs] [Times: user=0.31 sys=0.00, real=0.05 secs] 
3870.746: [GC (Allocation Failure) [PSYoungGen: 475744K->105536K(515072K)] 1236511K->995631K(1913344K), 0.0971938 secs] [Times: user=0.58 sys=0.00, real=0.10 secs] 
3871.438: [GC (Allocation Failure) [PSYoungGen: 444992K->143360K(517120K)] 1335087K->1136312K(1915392K), 0.0523085 secs] [Times: user=0.31 sys=0.00, real=0.06 secs] 
3873.511: [GC (Allocation Failure) [PSYoungGen: 482816K->104672K(519680K)] 1475768K->1232268K(1917952K), 0.1618635 secs] [Times: user=0.97 sys=0.01, real=0.16 secs] 
3875.061: [GC (Allocation Failure) [PSYoungGen: 446688K->141344K(519680K)] 1574284K->1370705K(1917952K), 0.0527005 secs] [Times: user=0.31 sys=0.00, real=0.05 secs] 
3876.666: [GC (Allocation Failure) [PSYoungGen: 483360K->106272K(519168K)] 1712721K->1467997K(1917440K), 0.0857175 secs] [Times: user=0.51 sys=0.00, real=0.09 secs] 
3876.752: [Full GC (Ergonomics) [PSYoungGen: 106272K->0K(519168K)] [ParOldGen: 1361725K->28301K(1398272K)] 1467997K->28301K(1917440K), [Metaspace: 60364K->60364K(1105920K)], 0.0502250 secs] [Times: user=0.16 sys=0.00, real=0.05 secs] 
3877.573: [GC (Allocation Failure) [PSYoungGen: 342528K->139552K(519680K)] 370829K->167853K(1917952K), 0.0277876 secs] [Times: user=0.16 sys=0.00, real=0.03 secs] 
3879.095: [GC (Allocation Failure) [PSYoungGen: 482080K->110176K(517120K)] 510381K->268557K(1915392K), 0.0655647 secs] [Times: user=0.38 sys=0.00, real=0.07 secs] 
3880.007: [GC (Allocation Failure) [PSYoungGen: 454240K->142208K(519168K)] 612621K->408473K(1917440K), 0.0531221 secs] [Times: user=0.31 sys=0.00, real=0.06 secs] 
3881.464: [GC (GCLocker Initiated GC) [PSYoungGen: 486272K->109088K(521216K)] 752538K->507994K(1919488K), 0.0650409 secs] [Times: user=0.39 sys=0.00, real=0.07 secs] 
3882.405: [GC (Allocation Failure) [PSYoungGen: 456224K->143776K(521728K)] 855131K->650300K(1920000K), 0.0539362 secs] [Times: user=0.32 sys=0.00, real=0.05 secs] 
3884.089: [GC (Allocation Failure) [PSYoungGen: 490912K->109088K(522240K)] 997436K->750828K(1920512K), 0.0784595 secs] [Times: user=0.46 sys=0.00, real=0.08 secs] 
3885.135: [GC (Allocation Failure) [PSYoungGen: 456736K->143008K(522240K)] 1098476K->890993K(1920512K), 0.0533220 secs] [Times: user=0.32 sys=0.00, real=0.05 secs] 
3886.965: [GC (Allocation Failure) [PSYoungGen: 490656K->109984K(521216K)] 1238641K->991505K(1919488K), 0.0682750 secs] [Times: user=0.40 sys=0.00, real=0.07 secs] 
3888.393: [GC (Allocation Failure) [PSYoungGen: 457632K->145024K(521728K)] 1339153K->1133058K(1920000K), 0.0534572 secs] [Times: user=0.32 sys=0.00, real=0.05 secs] 
3889.853: [GC (GCLocker Initiated GC) [PSYoungGen: 492672K->110880K(522752K)] 1480706K->1234754K(1921024K), 0.0659612 secs] [Times: user=0.39 sys=0.00, real=0.07 secs] 
3890.501: [GC (Allocation Failure) [PSYoungGen: 458528K->151488K(499200K)] 1582405K->1383230K(1897472K), 0.0544117 secs] [Times: user=0.32 sys=0.00, real=0.05 secs] 
3890.556: [Full GC (Ergonomics) [PSYoungGen: 151488K->0K(499200K)] [ParOldGen: 1231742K->179969K(1398272K)] 1383230K->179969K(1897472K), [Metaspace: 60364K->60364K(1105920K)], 0.4320251 secs] [Times: user=2.01 sys=0.00, real=0.43 secs] 
3892.448: [GC (Allocation Failure) [PSYoungGen: 347648K->112864K(522240K)] 527617K->292833K(1920512K), 0.0601779 secs] [Times: user=0.35 sys=0.00, real=0.06 secs] 
3893.146: [GC (Allocation Failure) [PSYoungGen: 455904K->143616K(519680K)] 635873K->430704K(1917952K), 0.0530407 secs] [Times: user=0.32 sys=0.01, real=0.05 secs] 
3895.168: [GC (Allocation Failure) [PSYoungGen: 486656K->106656K(520704K)] 773744K->527760K(1918976K), 0.0669055 secs] [Times: user=0.40 sys=0.01, real=0.07 secs] 
3895.899: [GC (Allocation Failure) [PSYoungGen: 450720K->143840K(520704K)] 871824K->668277K(1918976K), 0.0521823 secs] [Times: user=0.31 sys=0.00, real=0.05 secs] 
3897.648: [GC (Allocation Failure) [PSYoungGen: 487904K->108416K(520704K)] 1012341K->767501K(1918976K), 0.0656392 secs] [Times: user=0.39 sys=0.01, real=0.07 secs] 
3898.274: [GC (Allocation Failure) [PSYoungGen: 452480K->144928K(489472K)] 1111565K->907890K(1887744K), 0.0528442 secs] [Times: user=0.31 sys=0.00, real=0.05 secs] 
3900.004: [GC (Allocation Failure) [PSYoungGen: 488992K->107296K(521728K)] 1251954K->1005802K(1920000K), 0.1095717 secs] [Times: user=0.65 sys=0.00, real=0.11 secs] 
3900.759: [GC (Allocation Failure) [PSYoungGen: 450336K->144736K(487936K)] 1348842K->1147101K(1886208K), 0.0533184 secs] [Times: user=0.31 sys=0.00, real=0.05 secs] 
3903.228: [GC (Allocation Failure) [PSYoungGen: 487776K->105984K(521216K)] 1490141K->1244049K(1919488K), 0.1512432 secs] [Times: user=0.89 sys=0.00, real=0.16 secs] 
3904.185: [GC (Allocation Failure) [PSYoungGen: 448000K->143904K(519680K)] 1586065K->1383762K(1917952K), 0.0534874 secs] [Times: user=0.32 sys=0.00, real=0.06 secs] 
3904.239: [Full GC (Ergonomics) [PSYoungGen: 143904K->0K(519680K)] [ParOldGen: 1239858K->181646K(1398272K)] 1383762K->181646K(1917952K), [Metaspace: 60364K->60364K(1105920K)], 0.4390382 secs] [Times: user=2.05 sys=0.00, real=0.43 secs] 
3906.203: [GC (Allocation Failure) [PSYoungGen: 342016K->104864K(519680K)] 523662K->286510K(1917952K), 0.0672877 secs] [Times: user=0.40 sys=0.00, real=0.07 secs] 
3906.850: [GC (Allocation Failure) [PSYoungGen: 446880K->142560K(519680K)] 628526K->426013K(1917952K), 0.0528197 secs] [Times: user=0.27 sys=0.00, real=0.05 secs] 
3908.801: [GC (Allocation Failure) [PSYoungGen: 484576K->104256K(519680K)] 768029K->521117K(1917952K), 0.1266025 secs] [Times: user=0.74 sys=0.01, real=0.12 secs] 
3909.941: [GC (Allocation Failure) [PSYoungGen: 446272K->143968K(486400K)] 863133K->662546K(1884672K), 0.0529347 secs] [Times: user=0.32 sys=0.00, real=0.05 secs] 
3911.477: [GC (Allocation Failure) [PSYoungGen: 485984K->107328K(521216K)] 1004562K->761042K(1919488K), 0.0939197 secs] [Times: user=0.55 sys=0.00, real=0.10 secs] 
3912.049: [GC (Allocation Failure) [PSYoungGen: 448832K->141280K(519168K)] 1102546K->900235K(1917440K), 0.0531969 secs] [Times: user=0.32 sys=0.00, real=0.05 secs] 
3913.659: [GC (Allocation Failure) [PSYoungGen: 482784K->106208K(518144K)] 1241739K->997735K(1916416K), 0.0971613 secs] [Times: user=0.58 sys=0.01, real=0.09 secs] 
3914.490: [GC (Allocation Failure) [PSYoungGen: 448736K->142592K(519168K)] 1340263K->1137296K(1917440K), 0.0531933 secs] [Times: user=0.32 sys=0.00, real=0.05 secs] 
3916.341: [GC (Allocation Failure) [PSYoungGen: 485120K->107552K(519680K)] 1479824K->1235596K(1917952K), 0.1347153 secs] [Times: user=0.80 sys=0.00, real=0.13 secs] 
3917.632: [GC (Allocation Failure) [PSYoungGen: 451616K->143520K(520192K)] 1579660K->1375953K(1918464K), 0.0534176 secs] [Times: user=0.32 sys=0.00, real=0.05 secs] 
3917.686: [Full GC (Ergonomics) [PSYoungGen: 143520K->0K(520192K)] [ParOldGen: 1232433K->173899K(1398272K)] 1375953K->173899K(1918464K), [Metaspace: 60368K->60368K(1105920K)], 0.4080709 secs] [Times: user=1.89 sys=0.00, real=0.41 secs] 
3919.401: [GC (GCLocker Initiated GC) [PSYoungGen: 344064K->109120K(520704K)] 517966K->283022K(1918976K), 0.0506175 secs] [Times: user=0.30 sys=0.00, real=0.05 secs] 
3920.330: [GC (Allocation Failure) [PSYoungGen: 453696K->141088K(520704K)] 627601K->421066K(1918976K), 0.0536638 secs] [Times: user=0.31 sys=0.00, real=0.05 secs] 
3921.787: [GC (Allocation Failure) [PSYoungGen: 485664K->109568K(518656K)] 765642K->521558K(1916928K), 0.0636533 secs] [Times: user=0.37 sys=0.00, real=0.07 secs] 
3923.039: [GC (Allocation Failure) [PSYoungGen: 455168K->141376K(520192K)] 867158K->660023K(1918464K), 0.0525621 secs] [Times: user=0.31 sys=0.00, real=0.05 secs] 
3925.175: [GC (Allocation Failure) [PSYoungGen: 486976K->107712K(521728K)] 1005623K->758287K(1920000K), 0.0988593 secs] [Times: user=0.58 sys=0.00, real=0.10 secs] 
3926.321: [GC (Allocation Failure) [PSYoungGen: 455872K->143392K(522240K)] 1106447K->899048K(1920512K), 0.0530524 secs] [Times: user=0.31 sys=0.00, real=0.05 secs] 
3928.393: [GC (Allocation Failure) [PSYoungGen: 491552K->109792K(522752K)] 1247208K->999960K(1921024K), 0.0959782 secs] [Times: user=0.57 sys=0.00, real=0.10 secs] 
3929.387: [GC (Allocation Failure) [PSYoungGen: 458464K->143872K(522752K)] 1348632K->1140641K(1921024K), 0.0545623 secs] [Times: user=0.32 sys=0.00, real=0.06 secs] 
3931.855: [GC (Allocation Failure) [PSYoungGen: 492544K->108832K(522752K)] 1489313K->1240041K(1921024K), 0.1683034 secs] [Times: user=1.00 sys=0.00, real=0.17 secs] 
3932.814: [GC (Allocation Failure) [PSYoungGen: 457504K->145824K(494592K)] 1588713K->1383418K(1892864K), 0.0545794 secs] [Times: user=0.32 sys=0.00, real=0.05 secs] 
3932.868: [Full GC (Ergonomics) [PSYoungGen: 145824K->0K(494592K)] [ParOldGen: 1237594K->182755K(1398272K)] 1383418K->182755K(1892864K), [Metaspace: 60368K->60368K(1105920K)], 0.4331719 secs] [Times: user=2.03 sys=0.00, real=0.44 secs] 
3934.730: [GC (GCLocker Initiated GC) [PSYoungGen: 348672K->107808K(523264K)] 531427K->290563K(1921536K), 0.0340696 secs] [Times: user=0.20 sys=0.00, real=0.03 secs] 
3935.288: [GC (Allocation Failure) [PSYoungGen: 453920K->154080K(500224K)] 636678K->440959K(1898496K), 0.0530198 secs] [Times: user=0.31 sys=0.01, real=0.06 secs] 
3937.338: [GC (Allocation Failure) [PSYoungGen: 500192K->107264K(519680K)] 787071K->530991K(1917952K), 0.1040176 secs] [Times: user=0.61 sys=0.01, real=0.11 secs] 
3938.173: [GC (Allocation Failure) [PSYoungGen: 445696K->141152K(517632K)] 869423K->668299K(1915904K), 0.0519225 secs] [Times: user=0.30 sys=0.00, real=0.05 secs] 
3940.622: [GC (Allocation Failure) [PSYoungGen: 478579K->107200K(518144K)] 1005726K->766115K(1916416K), 0.1646855 secs] [Times: user=0.97 sys=0.01, real=0.16 secs] 
3941.434: [GC (Allocation Failure) [PSYoungGen: 447168K->138784K(518144K)] 1106083K->901696K(1916416K), 0.0515838 secs] [Times: user=0.31 sys=0.00, real=0.05 secs] 
3943.224: [GC (Allocation Failure) [PSYoungGen: 478752K->107264K(518144K)] 1241664K->1000064K(1916416K), 0.0630887 secs] [Times: user=0.37 sys=0.00, real=0.06 secs] 
3943.922: [GC (Allocation Failure) [PSYoungGen: 450304K->141440K(519168K)] 1343104K->1138621K(1917440K), 0.0532024 secs] [Times: user=0.31 sys=0.00, real=0.05 secs] 
3945.974: [GC (Allocation Failure) [PSYoungGen: 484480K->107392K(519680K)] 1481661K->1236373K(1917952K), 0.0824256 secs] [Times: user=0.49 sys=0.00, real=0.08 secs] 
3947.298: [GC (Allocation Failure) [PSYoungGen: 452992K->141472K(520704K)] 1581973K->1374714K(1918976K), 0.0538342 secs] [Times: user=0.32 sys=0.00, real=0.06 secs] 
3948.791: [GC (Allocation Failure) [PSYoungGen: 487072K->112224K(519168K)] 1720314K->1476842K(1917440K), 0.0665784 secs] [Times: user=0.39 sys=0.00, real=0.06 secs] 
3948.858: [Full GC (Ergonomics) [PSYoungGen: 112224K->0K(519168K)] [ParOldGen: 1364618K->37322K(1398272K)] 1476842K->37322K(1917440K), [Metaspace: 60368K->60368K(1105920K)], 0.0719629 secs] [Times: user=0.28 sys=0.00, real=0.08 secs] 
3949.425: [GC (GCLocker Initiated GC) [PSYoungGen: 347136K->143424K(520704K)] 384460K->180748K(1918976K), 0.0285944 secs] [Times: user=0.16 sys=0.00, real=0.03 secs] 
3951.168: [GC (Allocation Failure) [PSYoungGen: 490560K->108992K(523776K)] 527954K->280730K(1922048K), 0.1077082 secs] [Times: user=0.64 sys=0.01, real=0.11 secs] 
3951.966: [GC (Allocation Failure) [PSYoungGen: 458176K->145536K(495104K)] 629914K->423247K(1893376K), 0.0525020 secs] [Times: user=0.31 sys=0.00, real=0.05 secs] 
3954.011: [GC (Allocation Failure) [PSYoungGen: 494720K->108064K(523776K)] 772431K->522271K(1922048K), 0.1211364 secs] [Times: user=0.72 sys=0.00, real=0.12 secs] 
3954.797: [GC (Allocation Failure) [PSYoungGen: 455200K->144832K(492032K)] 869407K->663268K(1890304K), 0.0530937 secs] [Times: user=0.30 sys=0.01, real=0.06 secs] 
3956.292: [GC (Allocation Failure) [PSYoungGen: 491968K->110400K(523776K)] 1010404K->764376K(1922048K), 0.0648799 secs] [Times: user=0.38 sys=0.00, real=0.06 secs] 
3956.923: [GC (Allocation Failure) [PSYoungGen: 457024K->154272K(501248K)] 1111000K->914913K(1899520K), 0.0539650 secs] [Times: user=0.32 sys=0.01, real=0.05 secs] 
3959.071: [GC (Allocation Failure) [PSYoungGen: 500896K->106368K(519680K)] 1261537K->1004169K(1917952K), 0.1155124 secs] [Times: user=0.68 sys=0.01, real=0.11 secs] 
3959.703: [GC (Allocation Failure) [PSYoungGen: 445312K->153056K(492032K)] 1343113K->1153110K(1890304K), 0.0536776 secs] [Times: user=0.32 sys=0.00, real=0.05 secs] 
3962.279: [GC (Allocation Failure) [PSYoungGen: 492000K->102624K(516096K)] 1492054K->1238818K(1914368K), 0.1551658 secs] [Times: user=0.92 sys=0.00, real=0.15 secs] 
3963.193: [GC (Allocation Failure) [PSYoungGen: 434912K->140512K(515072K)] 1571106K->1375515K(1913344K), 0.0525302 secs] [Times: user=0.31 sys=0.00, real=0.05 secs] 
3963.245: [Full GC (Ergonomics) [PSYoungGen: 140512K->0K(515072K)] [ParOldGen: 1235003K->179701K(1398272K)] 1375515K->179701K(1913344K), [Metaspace: 60369K->60369K(1105920K)], 0.4288658 secs] [Times: user=2.00 sys=0.00, real=0.43 secs] 
3965.009: [GC (Allocation Failure) [PSYoungGen: 332288K->101504K(515072K)] 511989K->281205K(1913344K), 0.0549906 secs] [Times: user=0.32 sys=0.01, real=0.05 secs] 
3965.679: [GC (Allocation Failure) [PSYoungGen: 434816K->138912K(515072K)] 614517K->417193K(1913344K), 0.0509108 secs] [Times: user=0.30 sys=0.00, real=0.05 secs] 
3967.147: [GC (GCLocker Initiated GC) [PSYoungGen: 472224K->103296K(514560K)] 750505K->511094K(1912832K), 0.0664822 secs] [Times: user=0.39 sys=0.00, real=0.07 secs] 
3967.972: [GC (Allocation Failure) [PSYoungGen: 439168K->146464K(515584K)] 847004K->655744K(1913856K), 0.0519168 secs] [Times: user=0.30 sys=0.00, real=0.05 secs] 
3969.518: [GC (Allocation Failure) [PSYoungGen: 482336K->106848K(517120K)] 991616K->744937K(1915392K), 0.0636219 secs] [Times: user=0.38 sys=0.01, real=0.07 secs] 
3970.406: [GC (Allocation Failure) [PSYoungGen: 443232K->134912K(516608K)] 1081321K->878585K(1914880K), 0.0523012 secs] [Times: user=0.31 sys=0.00, real=0.05 secs] 
3972.532: [GC (Allocation Failure) [PSYoungGen: 471296K->111488K(514560K)] 1214969K->981553K(1912832K), 0.0643959 secs] [Times: user=0.38 sys=0.00, real=0.06 secs] 
3973.438: [GC (Allocation Failure) [PSYoungGen: 451456K->132288K(515584K)] 1321521K->1112566K(1913856K), 0.0535227 secs] [Times: user=0.32 sys=0.00, real=0.06 secs] 
3974.909: [GC (Allocation Failure) [PSYoungGen: 472256K->1504K(493568K)] 1452534K->981910K(1891840K), 0.0026081 secs] [Times: user=0.01 sys=0.00, real=0.00 secs] 
3976.079: [GC (Allocation Failure) [PSYoungGen: 321504K->123040K(509440K)] 1301910K->1104035K(1907712K), 0.0258847 secs] [Times: user=0.15 sys=0.00, real=0.02 secs] 
3977.446: [GC (Allocation Failure) [PSYoungGen: 443040K->124896K(499712K)] 1424035K->1219239K(1897984K), 0.0627656 secs] [Times: user=0.37 sys=0.00, real=0.07 secs] 
3978.539: [GC (Allocation Failure) [PSYoungGen: 448480K->106912K(506368K)] 1542823K->1325263K(1904640K), 0.0552953 secs] [Times: user=0.31 sys=0.00, real=0.05 secs] 
3978.595: [Full GC (Ergonomics) [PSYoungGen: 106912K->0K(506368K)] [ParOldGen: 1218351K->122038K(1398272K)] 1325263K->122038K(1904640K), [Metaspace: 60369K->60369K(1105920K)], 0.2766362 secs] [Times: user=1.18 sys=0.00, real=0.28 secs] 
3979.417: [GC (Allocation Failure) [PSYoungGen: 323584K->177120K(485888K)] 445622K->300670K(1884160K), 0.0428388 secs] [Times: user=0.25 sys=0.01, real=0.05 secs] 
3981.369: [GC (Allocation Failure) [PSYoungGen: 485856K->81696K(503808K)] 609406K->345550K(1902080K), 0.0663216 secs] [Times: user=0.39 sys=0.00, real=0.06 secs] 
3981.810: [GC (Allocation Failure) [PSYoungGen: 390432K->134176K(500736K)] 654286K->473527K(1899008K), 0.0506840 secs] [Times: user=0.30 sys=0.00, real=0.05 secs] 
3984.493: [GC (Allocation Failure) [PSYoungGen: 443936K->86592K(502784K)] 783287K->559415K(1901056K), 0.0774304 secs] [Times: user=0.46 sys=0.00, real=0.08 secs] 
3985.033: [GC (Allocation Failure) [PSYoungGen: 396352K->135168K(505856K)] 869175K->685092K(1904128K), 0.0473008 secs] [Times: user=0.28 sys=0.00, real=0.05 secs] 
3986.345: [GC (Allocation Failure) [PSYoungGen: 450048K->94368K(409600K)] 999972K->771168K(1807872K), 0.0640582 secs] [Times: user=0.38 sys=0.00, real=0.06 secs] 
3986.965: [GC (Allocation Failure) [PSYoungGen: 409248K->134752K(504320K)] 1086048K->901653K(1902592K), 0.0476055 secs] [Times: user=0.28 sys=0.00, real=0.05 secs] 
3988.375: [GC (GCLocker Initiated GC) [PSYoungGen: 451680K->96384K(504320K)] 1218582K->988974K(1902592K), 0.0642886 secs] [Times: user=0.38 sys=0.00, real=0.07 secs] 
3989.455: [GC (Allocation Failure) [PSYoungGen: 413312K->137888K(506368K)] 1305940K->1124637K(1904640K), 0.0503598 secs] [Times: user=0.30 sys=0.00, real=0.05 secs] 
3990.849: [GC (Allocation Failure) [PSYoungGen: 460448K->111744K(507904K)] 1447197K->1218989K(1906176K), 0.0648982 secs] [Times: user=0.39 sys=0.00, real=0.06 secs] 
3992.849: [GC (Allocation Failure) [PSYoungGen: 434304K->117760K(505344K)] 1541549K->1336245K(1903616K), 0.0546765 secs] [Times: user=0.32 sys=0.00, real=0.05 secs] 
3994.240: [GC (Allocation Failure) [PSYoungGen: 451584K->130272K(507392K)] 1670069K->1455866K(1905664K), 0.0633937 secs] [Times: user=0.37 sys=0.00, real=0.06 secs] 
3994.303: [Full GC (Ergonomics) [PSYoungGen: 130272K->0K(507392K)] [ParOldGen: 1325594K->251367K(1398272K)] 1455866K->251367K(1905664K), [Metaspace: 60382K->60382K(1105920K)], 0.5335241 secs] [Times: user=2.35 sys=0.00, real=0.53 secs] 
3996.011: [GC (Allocation Failure) [PSYoungGen: 333824K->108096K(517632K)] 585191K->359463K(1915904K), 0.0226107 secs] [Times: user=0.13 sys=0.00, real=0.02 secs] 
3997.439: [GC (Allocation Failure) [PSYoungGen: 460352K->140352K(521728K)] 711719K->489132K(1920000K), 0.0614712 secs] [Times: user=0.36 sys=0.00, real=0.06 secs] 
3999.563: [GC (Allocation Failure) [PSYoungGen: 492608K->114016K(524288K)] 841388K->602732K(1922560K), 0.0588963 secs] [Times: user=0.35 sys=0.00, real=0.06 secs] 
4001.011: [GC (Allocation Failure) [PSYoungGen: 470880K->134272K(525312K)] 959596K->726361K(1923584K), 0.0620492 secs] [Times: user=0.36 sys=0.00, real=0.06 secs] 
4001.734: [GC (Allocation Failure) [PSYoungGen: 491136K->127424K(526848K)] 1083225K->853705K(1925120K), 0.0585383 secs] [Times: user=0.35 sys=0.00, real=0.06 secs] 
4003.195: [GC (Allocation Failure) [PSYoungGen: 488896K->2496K(364032K)] 1215177K->728809K(1762304K), 0.0032800 secs] [Times: user=0.01 sys=0.00, real=0.00 secs] 
4004.581: [GC (Allocation Failure) [PSYoungGen: 363968K->138624K(509440K)] 1090281K->865918K(1907712K), 0.0281065 secs] [Times: user=0.16 sys=0.00, real=0.03 secs] 
4006.045: [GC (Allocation Failure) [PSYoungGen: 465792K->2944K(330240K)] 1193086K->730342K(1728512K), 0.0032420 secs] [Times: user=0.02 sys=0.00, real=0.00 secs] 
4007.484: [GC (Allocation Failure) [PSYoungGen: 330112K->124832K(502272K)] 1057510K->853859K(1900544K), 0.0260933 secs] [Times: user=0.14 sys=0.00, real=0.03 secs] 
4008.851: [GC (Allocation Failure) [PSYoungGen: 429984K->122240K(427520K)] 1159011K->966519K(1825792K), 0.0627995 secs] [Times: user=0.38 sys=0.00, real=0.06 secs] 
4009.759: [GC (Allocation Failure) [PSYoungGen: 421173K->93568K(505856K)] 1265452K->1060023K(1904128K), 0.0531465 secs] [Times: user=0.31 sys=0.00, real=0.05 secs] 
4010.253: [GC (Allocation Failure) [PSYoungGen: 405376K->135456K(499200K)] 1371831K->1189324K(1897472K), 0.0559092 secs] [Times: user=0.33 sys=0.00, real=0.05 secs] 
4012.517: [GC (Allocation Failure) [PSYoungGen: 447264K->83392K(506880K)] 1501132K->1272184K(1905152K), 0.0836731 secs] [Times: user=0.49 sys=0.00, real=0.09 secs] 
4012.601: [Full GC (Ergonomics) [PSYoungGen: 83392K->0K(506880K)] [ParOldGen: 1188792K->81672K(1398272K)] 1272184K->81672K(1905152K), [Metaspace: 60382K->60382K(1105920K)], 0.1772323 secs] [Times: user=0.77 sys=0.00, real=0.17 secs] 
4013.207: [GC (Allocation Failure) [PSYoungGen: 321024K->140864K(507392K)] 402696K->222536K(1905664K), 0.0315421 secs] [Times: user=0.18 sys=0.00, real=0.04 secs] 
4015.165: [GC (Allocation Failure) [PSYoungGen: 461888K->85312K(508416K)] 543560K->307800K(1906688K), 0.0752193 secs] [Times: user=0.44 sys=0.01, real=0.08 secs] 
4015.647: [GC (Allocation Failure) [PSYoungGen: 405312K->145056K(465408K)] 627800K->448981K(1863680K), 0.0472008 secs] [Times: user=0.28 sys=0.00, real=0.05 secs] 
4017.258: [GC (Allocation Failure) [PSYoungGen: 465056K->97312K(511488K)] 768981K->529629K(1909760K), 0.1169330 secs] [Times: user=0.69 sys=0.01, real=0.12 secs] 
4018.122: [GC (Allocation Failure) [PSYoungGen: 415264K->132864K(505344K)] 847581K->658498K(1903616K), 0.0491184 secs] [Times: user=0.29 sys=0.00, real=0.05 secs] 
4019.558: [GC (GCLocker Initiated GC) [PSYoungGen: 450816K->98560K(505344K)] 976450K->747874K(1903616K), 0.0653812 secs] [Times: user=0.37 sys=0.00, real=0.07 secs] 
4020.256: [GC (Allocation Failure) [PSYoungGen: 421632K->141184K(505856K)] 1070949K->886922K(1904128K), 0.0504450 secs] [Times: user=0.30 sys=0.00, real=0.05 secs] 
4021.664: [GC (Allocation Failure) [PSYoungGen: 464256K->108928K(506368K)] 1209994K->977954K(1904640K), 0.0640772 secs] [Times: user=0.38 sys=0.00, real=0.06 secs] 
4022.931: [GC (Allocation Failure) [PSYoungGen: 437632K->125696K(508928K)] 1306658K->1102374K(1907200K), 0.0527349 secs] [Times: user=0.31 sys=0.00, real=0.05 secs] 
4024.321: [GC (Allocation Failure) [PSYoungGen: 454400K->121440K(510464K)] 1431078K->1214406K(1908736K), 0.0637222 secs] [Times: user=0.37 sys=0.00, real=0.06 secs] 
4025.543: [GC (GCLocker Initiated GC) [PSYoungGen: 461408K->118304K(515072K)] 1554375K->1332463K(1913344K), 0.0555562 secs] [Times: user=0.32 sys=0.00, real=0.05 secs] 
4025.598: [Full GC (Ergonomics) [PSYoungGen: 118304K->0K(515072K)] [ParOldGen: 1214159K->132871K(1398272K)] 1332463K->132871K(1913344K), [Metaspace: 60384K->60384K(1105920K)], 0.3036420 secs] [Times: user=1.39 sys=0.00, real=0.31 secs] 
4027.231: [GC (Allocation Failure) [PSYoungGen: 339968K->130368K(522752K)] 472840K->263240K(1921024K), 0.0449735 secs] [Times: user=0.27 sys=0.00, real=0.04 secs] 
4029.412: [GC (Allocation Failure) [PSYoungGen: 483136K->118816K(523264K)] 616008K->382148K(1921536K), 0.0670758 secs] [Times: user=0.40 sys=0.00, real=0.07 secs] 
4030.901: [GC (Allocation Failure) [PSYoungGen: 471584K->129824K(524288K)] 734916K->501169K(1922560K), 0.0619799 secs] [Times: user=0.37 sys=0.00, real=0.06 secs] 
4031.691: [GC (Allocation Failure) [PSYoungGen: 488224K->129984K(524288K)] 859569K->631113K(1922560K), 0.0576197 secs] [Times: user=0.34 sys=0.00, real=0.06 secs] 
4033.244: [GC (GCLocker Initiated GC) [PSYoungGen: 488384K->2896K(502784K)] 989514K->504166K(1901056K), 0.0027298 secs] [Times: user=0.02 sys=0.00, real=0.00 secs] 
4034.454: [GC (Allocation Failure) [PSYoungGen: 340304K->133152K(471040K)] 841612K->636017K(1869312K), 0.0272293 secs] [Times: user=0.16 sys=0.00, real=0.03 secs] 
4035.852: [GC (Allocation Failure) [PSYoungGen: 470560K->115648K(521216K)] 973425K->742433K(1919488K), 0.0643203 secs] [Times: user=0.38 sys=0.00, real=0.06 secs] 
4037.973: [GC (Allocation Failure) [PSYoungGen: 454080K->127424K(465920K)] 1080865K->868771K(1864192K), 0.0543660 secs] [Times: user=0.31 sys=0.00, real=0.05 secs] 
4039.512: [GC (Allocation Failure) [PSYoungGen: 465856K->119680K(519680K)] 1207203K->979311K(1917952K), 0.0632161 secs] [Times: user=0.38 sys=0.00, real=0.06 secs] 
4040.658: [GC (Allocation Failure) [PSYoungGen: 462208K->127072K(515584K)] 1321839K->1105983K(1913856K), 0.0554931 secs] [Times: user=0.32 sys=0.01, real=0.06 secs] 
4042.183: [GC (Allocation Failure) [PSYoungGen: 469600K->122048K(522752K)] 1448511K->1217082K(1921024K), 0.0637038 secs] [Times: user=0.37 sys=0.00, real=0.06 secs] 
4043.894: [GC (Allocation Failure) [PSYoungGen: 473792K->136672K(521216K)] 1568826K->1353322K(1919488K), 0.0566767 secs] [Times: user=0.34 sys=0.00, real=0.06 secs] 
4043.951: [Full GC (Ergonomics) [PSYoungGen: 136672K->0K(521216K)] [ParOldGen: 1216650K->142929K(1398272K)] 1353322K->142929K(1919488K), [Metaspace: 60384K->60384K(1105920K)], 0.3204946 secs] [Times: user=1.46 sys=0.00, real=0.32 secs] 
4045.618: [GC (Allocation Failure) [PSYoungGen: 351744K->121088K(523776K)] 494673K->264017K(1922048K), 0.0417681 secs] [Times: user=0.25 sys=0.00, real=0.05 secs] 
4046.344: [GC (Allocation Failure) [PSYoungGen: 478464K->135296K(525312K)] 621393K->399242K(1923584K), 0.0593047 secs] [Times: user=0.35 sys=0.00, real=0.06 secs] 
4047.845: [GC (Allocation Failure) [PSYoungGen: 492672K->5824K(500736K)] 756618K->269850K(1899008K), 0.0035677 secs] [Times: user=0.02 sys=0.00, real=0.01 secs] 
4049.184: [GC (Allocation Failure) [PSYoungGen: 337088K->132672K(464384K)] 601114K->400487K(1862656K), 0.0277988 secs] [Times: user=0.16 sys=0.00, real=0.03 secs] 
4050.593: [GC (Allocation Failure) [PSYoungGen: 463936K->112800K(520192K)] 731751K->503611K(1918464K), 0.0644897 secs] [Times: user=0.38 sys=0.00, real=0.06 secs] 
4052.372: [GC (Allocation Failure) [PSYoungGen: 447648K->124736K(459776K)] 838459K->627791K(1858048K), 0.0523554 secs] [Times: user=0.31 sys=0.00, real=0.05 secs] 
4054.464: [GC (Allocation Failure) [PSYoungGen: 459584K->123456K(514560K)] 962639K->740727K(1912832K), 0.0627361 secs] [Times: user=0.37 sys=0.00, real=0.06 secs] 
4055.473: [GC (GCLocker Initiated GC) [PSYoungGen: 460864K->118016K(512000K)] 1078136K->858352K(1910272K), 0.0555202 secs] [Times: user=0.32 sys=0.00, real=0.05 secs] 
4056.884: [GC (Allocation Failure) [PSYoungGen: 455424K->131136K(517120K)] 1195763K->978430K(1915392K), 0.0627810 secs] [Times: user=0.37 sys=0.00, real=0.06 secs] 
4058.844: [GC (Allocation Failure) [PSYoungGen: 477760K->116000K(517632K)] 1325054K->1093930K(1915904K), 0.0570271 secs] [Times: user=0.33 sys=0.00, real=0.06 secs] 
4060.290: [GC (Allocation Failure) [PSYoungGen: 462624K->132480K(522240K)] 1440554K->1215531K(1920512K), 0.0624447 secs] [Times: user=0.37 sys=0.00, real=0.06 secs] 
4061.156: [GC (Allocation Failure) [PSYoungGen: 488832K->121024K(523264K)] 1571883K->1336507K(1921536K), 0.0581176 secs] [Times: user=0.34 sys=0.00, real=0.06 secs] 
4061.214: [Full GC (Ergonomics) [PSYoungGen: 121024K->0K(523264K)] [ParOldGen: 1215483K->135615K(1398272K)] 1336507K->135615K(1921536K), [Metaspace: 60384K->60384K(1105920K)], 0.3061342 secs] [Times: user=1.38 sys=0.01, real=0.31 secs] 
4062.872: [GC (Allocation Failure) [PSYoungGen: 356352K->127296K(530432K)] 491967K->262911K(1928704K), 0.0467515 secs] [Times: user=0.28 sys=0.01, real=0.04 secs] 
4064.508: [GC (Allocation Failure) [PSYoungGen: 494400K->136288K(529408K)] 630015K->398791K(1927680K), 0.0638607 secs] [Times: user=0.38 sys=0.00, real=0.07 secs] 
4066.256: [GC (Allocation Failure) [PSYoungGen: 503392K->8064K(505344K)] 765895K->270623K(1903616K), 0.0046620 secs] [Times: user=0.02 sys=0.00, real=0.01 secs] 
4067.892: [GC (Allocation Failure) [PSYoungGen: 348544K->137696K(478208K)] 611103K->405968K(1876480K), 0.0293317 secs] [Times: user=0.17 sys=0.00, real=0.03 secs] 
4069.293: [GC (GCLocker Initiated GC) [PSYoungGen: 478176K->110592K(522752K)] 746448K->507364K(1921024K), 0.0656685 secs] [Times: user=0.38 sys=0.00, real=0.06 secs] 
4070.072: [GC (Allocation Failure) [PSYoungGen: 450560K->138144K(516096K)] 847335K->643572K(1914368K), 0.0535531 secs] [Times: user=0.32 sys=0.00, real=0.05 secs] 
4071.553: [GC (GCLocker Initiated GC) [PSYoungGen: 478112K->108928K(516096K)] 983541K->743069K(1914368K), 0.0649157 secs] [Times: user=0.39 sys=0.00, real=0.06 secs] 
4072.761: [GC (Allocation Failure) [PSYoungGen: 452480K->137056K(517632K)] 1086622K->878491K(1915904K), 0.0533045 secs] [Times: user=0.31 sys=0.00, real=0.05 secs] 
4074.274: [GC (Allocation Failure) [PSYoungGen: 480608K->113120K(516096K)] 1222043K->981779K(1914368K), 0.0698623 secs] [Times: user=0.41 sys=0.01, real=0.07 secs] 
4075.677: [GC (Allocation Failure) [PSYoungGen: 461280K->137056K(519168K)] 1329939K->1117208K(1917440K), 0.0543118 secs] [Times: user=0.32 sys=0.01, real=0.06 secs] 
4077.092: [GC (Allocation Failure) [PSYoungGen: 485216K->115200K(520192K)] 1465368K->1222740K(1918464K), 0.0662871 secs] [Times: user=0.39 sys=0.00, real=0.06 secs] 
4077.807: [GC (Allocation Failure) [PSYoungGen: 469504K->146560K(522752K)] 1577044K->1367481K(1921024K), 0.0553909 secs] [Times: user=0.33 sys=0.00, real=0.06 secs] 
4077.863: [Full GC (Ergonomics) [PSYoungGen: 146560K->0K(522752K)] [ParOldGen: 1220921K->165739K(1398272K)] 1367481K->165739K(1921024K), [Metaspace: 60385K->60385K(1105920K)], 0.3911788 secs] [Times: user=1.81 sys=0.00, real=0.39 secs] 
4079.849: [GC (Allocation Failure) [PSYoungGen: 354304K->110048K(526848K)] 520043K->275787K(1925120K), 0.0613553 secs] [Times: user=0.36 sys=0.01, real=0.06 secs] 
4080.675: [GC (Allocation Failure) [PSYoungGen: 464352K->148352K(502784K)] 630091K->421488K(1901056K), 0.0547866 secs] [Times: user=0.32 sys=0.00, real=0.06 secs] 
4082.826: [GC (GCLocker Initiated GC) [PSYoungGen: 502656K->109184K(525824K)] 775792K->521648K(1924096K), 0.1550274 secs] [Times: user=0.91 sys=0.01, real=0.16 secs] 
4083.800: [GC (GCLocker Initiated GC) [PSYoungGen: 458880K->144128K(522752K)] 871346K->662862K(1921024K), 0.0531069 secs] [Times: user=0.32 sys=0.00, real=0.05 secs] 
4085.510: [GC (Allocation Failure) [PSYoungGen: 493824K->110368K(522752K)] 1012561K->764121K(1921024K), 0.0663297 secs] [Times: user=0.39 sys=0.00, real=0.06 secs] 
4086.426: [GC (Allocation Failure) [PSYoungGen: 460064K->145760K(495616K)] 1113817K->906690K(1893888K), 0.0543097 secs] [Times: user=0.32 sys=0.00, real=0.06 secs] 
4088.888: [GC (Allocation Failure) [PSYoungGen: 495456K->108096K(524288K)] 1256386K->1005514K(1922560K), 0.1043677 secs] [Times: user=0.61 sys=0.01, real=0.11 secs] 
4089.823: [GC (Allocation Failure) [PSYoungGen: 455232K->147776K(495104K)] 1352650K->1149707K(1893376K), 0.0543111 secs] [Times: user=0.32 sys=0.00, real=0.05 secs] 
4091.343: [GC (Allocation Failure) [PSYoungGen: 494912K->106688K(522240K)] 1496843K->1247819K(1920512K), 0.0748190 secs] [Times: user=0.36 sys=0.00, real=0.07 secs] 
4091.945: [GC (Allocation Failure) [PSYoungGen: 450240K->146976K(491008K)] 1591371K->1391500K(1889280K), 0.0543291 secs] [Times: user=0.32 sys=0.00, real=0.06 secs] 
4092.000: [Full GC (Ergonomics) [PSYoungGen: 146976K->0K(491008K)] [ParOldGen: 1244524K->188180K(1398272K)] 1391500K->188180K(1889280K), [Metaspace: 60385K->60385K(1105920K)], 0.4471674 secs] [Times: user=2.08 sys=0.01, real=0.44 secs] 
4094.020: [GC (GCLocker Initiated GC) [PSYoungGen: 343552K->103840K(520704K)] 531732K->292020K(1918976K), 0.0754876 secs] [Times: user=0.44 sys=0.00, real=0.07 secs] 
4094.922: [GC (Allocation Failure) [PSYoungGen: 444832K->142752K(519168K)] 633083K->430478K(1917440K), 0.0506371 secs] [Times: user=0.30 sys=0.00, real=0.05 secs] 
4096.866: [GC (Allocation Failure) [PSYoungGen: 483744K->108896K(517120K)] 771470K->529954K(1915392K), 0.1303311 secs] [Times: user=0.77 sys=0.01, real=0.13 secs] 
4097.617: [GC (Allocation Failure) [PSYoungGen: 449888K->143456K(518144K)] 870946K->669871K(1916416K), 0.0531138 secs] [Times: user=0.31 sys=0.01, real=0.06 secs] 
4099.174: [GC (Allocation Failure) [PSYoungGen: 484448K->107200K(519680K)] 1010863K->767759K(1917952K), 0.0641608 secs] [Times: user=0.38 sys=0.00, real=0.06 secs] 
4099.789: [GC (Allocation Failure) [PSYoungGen: 449728K->144544K(519680K)] 1110287K->909136K(1917952K), 0.0524881 secs] [Times: user=0.30 sys=0.01, real=0.05 secs] 
4101.517: [GC (Allocation Failure) [PSYoungGen: 487072K->104480K(520192K)] 1251664K->1004420K(1918464K), 0.1407801 secs] [Times: user=0.80 sys=0.00, real=0.14 secs] 
4102.418: [GC (Allocation Failure) [PSYoungGen: 446496K->143648K(485888K)] 1346436K->1144256K(1884160K), 0.0515852 secs] [Times: user=0.30 sys=0.00, real=0.06 secs] 
4104.929: [GC (Allocation Failure) [PSYoungGen: 485664K->104704K(520704K)] 1486272K->1240044K(1918976K), 0.1510899 secs] [Times: user=0.90 sys=0.00, real=0.15 secs] 
4106.063: [GC (Allocation Failure) [PSYoungGen: 445696K->157184K(498688K)] 1581036K->1394833K(1896960K), 0.0527618 secs] [Times: user=0.31 sys=0.00, real=0.05 secs] 
4106.116: [Full GC (Ergonomics) [PSYoungGen: 157184K->0K(498688K)] [ParOldGen: 1237649K->176378K(1398272K)] 1394833K->176378K(1896960K), [Metaspace: 60385K->60385K(1105920K)], 0.4134072 secs] [Times: user=1.91 sys=0.00, real=0.42 secs] 
4108.130: [GC (Allocation Failure) [PSYoungGen: 340992K->105952K(516096K)] 517370K->282330K(1914368K), 0.0425534 secs] [Times: user=0.25 sys=0.00, real=0.04 secs] 
4109.118: [GC (Allocation Failure) [PSYoungGen: 437216K->137888K(469504K)] 613594K->416430K(1867776K), 0.0521397 secs] [Times: user=0.31 sys=0.00, real=0.06 secs] 
4110.691: [GC (Allocation Failure) [PSYoungGen: 469152K->106720K(515072K)] 747694K->513947K(1913344K), 0.0757096 secs] [Times: user=0.45 sys=0.00, real=0.07 secs] 
4111.816: [GC (Allocation Failure) [PSYoungGen: 440032K->135488K(513024K)] 847259K->647719K(1911296K), 0.0522402 secs] [Times: user=0.30 sys=0.00, real=0.05 secs] 
4113.488: [GC (Allocation Failure) [PSYoungGen: 468800K->106496K(517120K)] 981031K->744539K(1915392K), 0.0643196 secs] [Times: user=0.38 sys=0.00, real=0.07 secs] 
4114.325: [GC (Allocation Failure) [PSYoungGen: 445952K->138848K(515584K)] 1083995K->882432K(1913856K), 0.0534098 secs] [Times: user=0.32 sys=0.00, real=0.05 secs] 
4115.960: [GC (Allocation Failure) [PSYoungGen: 478304K->108704K(518656K)] 1221888K->982400K(1916928K), 0.0651593 secs] [Times: user=0.39 sys=0.00, real=0.06 secs] 
4116.756: [GC (Allocation Failure) [PSYoungGen: 454816K->137984K(520192K)] 1328512K->1118705K(1918464K), 0.0533693 secs] [Times: user=0.32 sys=0.00, real=0.06 secs] 
4118.181: [GC (Allocation Failure) [PSYoungGen: 484096K->112224K(520192K)] 1464817K->1221213K(1918464K), 0.0690377 secs] [Times: user=0.41 sys=0.00, real=0.07 secs] 
4119.141: [GC (Allocation Failure) [PSYoungGen: 462432K->140992K(522240K)] 1571421K->1361073K(1920512K), 0.0572737 secs] [Times: user=0.33 sys=0.00, real=0.05 secs] 
4120.711: [GC (Allocation Failure) [PSYoungGen: 491200K->112128K(523264K)] 1711281K->1463921K(1921536K), 0.0780805 secs] [Times: user=0.46 sys=0.01, real=0.08 secs] 
4120.789: [Full GC (Ergonomics) [PSYoungGen: 112128K->0K(523264K)] [ParOldGen: 1351793K->22406K(1398272K)] 1463921K->22406K(1921536K), [Metaspace: 60385K->60385K(1105920K)], 0.0306096 secs] [Times: user=0.08 sys=0.00, real=0.03 secs] 
4121.782: [GC (Allocation Failure) [PSYoungGen: 353280K->142880K(524288K)] 375686K->165286K(1922560K), 0.0283414 secs] [Times: user=0.16 sys=0.00, real=0.03 secs] 
4123.213: [GC (Allocation Failure) [PSYoungGen: 496160K->116416K(523776K)] 518566K->272618K(1922048K), 0.0652350 secs] [Times: user=0.39 sys=0.00, real=0.06 secs] 
4124.072: [GC (Allocation Failure) [PSYoungGen: 471232K->145024K(524800K)] 627434K->414981K(1923072K), 0.0550221 secs] [Times: user=0.32 sys=0.00, real=0.05 secs] 
4125.662: [GC (GCLocker Initiated GC) [PSYoungGen: 499840K->114656K(526336K)] 769797K->519661K(1924608K), 0.0681556 secs] [Times: user=0.40 sys=0.00, real=0.07 secs] 
4126.257: [GC (Allocation Failure) [PSYoungGen: 469984K->157152K(512512K)] 874992K->673581K(1910784K), 0.0551395 secs] [Times: user=0.32 sys=0.00, real=0.06 secs] 
4128.674: [GC (Allocation Failure) [PSYoungGen: 512480K->111296K(523264K)] 1028909K->767501K(1921536K), 0.1095138 secs] [Times: user=0.65 sys=0.00, real=0.11 secs] 
4129.283: [GC (Allocation Failure) [PSYoungGen: 456896K->147264K(493056K)] 1113101K->911290K(1891328K), 0.0533467 secs] [Times: user=0.31 sys=0.00, real=0.05 secs] 
4130.978: [GC (Allocation Failure) [PSYoungGen: 492864K->104352K(521216K)] 1256890K->1007058K(1919488K), 0.0672628 secs] [Times: user=0.39 sys=0.00, real=0.07 secs] 
4131.511: [GC (Allocation Failure) [PSYoungGen: 446880K->147104K(489984K)] 1349586K->1149899K(1888256K), 0.0515542 secs] [Times: user=0.30 sys=0.00, real=0.05 secs] 
4133.992: [GC (Allocation Failure) [PSYoungGen: 489632K->103648K(519680K)] 1492427K->1244759K(1917952K), 0.0957730 secs] [Times: user=0.56 sys=0.00, real=0.09 secs] 
4134.572: [GC (Allocation Failure) [PSYoungGen: 443104K->145568K(485376K)] 1584215K->1386564K(1883648K), 0.0509379 secs] [Times: user=0.30 sys=0.00, real=0.05 secs] 
4134.623: [Full GC (Ergonomics) [PSYoungGen: 145568K->0K(485376K)] [ParOldGen: 1240996K->191489K(1398272K)] 1386564K->191489K(1883648K), [Metaspace: 60386K->60386K(1105920K)], 0.4565413 secs] [Times: user=2.13 sys=0.00, real=0.46 secs] 
4137.106: [GC (Allocation Failure) [PSYoungGen: 339456K->103360K(518656K)] 530945K->294849K(1916928K), 0.0732297 secs] [Times: user=0.43 sys=0.01, real=0.08 secs] 
4137.748: [GC (GCLocker Initiated GC) [PSYoungGen: 440768K->143776K(517632K)] 632259K->435256K(1915904K), 0.0495669 secs] [Times: user=0.29 sys=0.00, real=0.05 secs] 
4139.311: [GC (GCLocker Initiated GC) [PSYoungGen: 481184K->103296K(517632K)] 772666K->530106K(1915904K), 0.1055506 secs] [Times: user=0.63 sys=0.00, real=0.10 secs] 
4140.316: [GC (Allocation Failure) [PSYoungGen: 440704K->142080K(517632K)] 867517K->668066K(1915904K), 0.0505097 secs] [Times: user=0.30 sys=0.00, real=0.05 secs] 
4142.220: [GC (Allocation Failure) [PSYoungGen: 479488K->102112K(516608K)] 1005474K->761310K(1914880K), 0.1175130 secs] [Times: user=0.69 sys=0.00, real=0.11 secs] 
4143.374: [GC (Allocation Failure) [PSYoungGen: 439520K->140640K(517120K)] 1098718K->898850K(1915392K), 0.0510124 secs] [Times: user=0.30 sys=0.00, real=0.05 secs] 
4144.846: [GC (Allocation Failure) [PSYoungGen: 478048K->105312K(515584K)] 1236258K->995155K(1913856K), 0.0646516 secs] [Times: user=0.39 sys=0.00, real=0.07 secs] 
4145.466: [GC (Allocation Failure) [PSYoungGen: 444256K->142400K(517120K)] 1334099K->1135251K(1915392K), 0.0529630 secs] [Times: user=0.31 sys=0.00, real=0.06 secs] 
4147.075: [GC (Allocation Failure) [PSYoungGen: 481344K->105568K(518144K)] 1474195K->1232063K(1916416K), 0.0812929 secs] [Times: user=0.48 sys=0.00, real=0.08 secs] 
4147.865: [GC (Allocation Failure) [PSYoungGen: 446560K->141856K(518656K)] 1573055K->1371132K(1916928K), 0.0528151 secs] [Times: user=0.31 sys=0.01, real=0.05 secs] 
4147.917: [Full GC (Ergonomics) [PSYoungGen: 141856K->0K(518656K)] [ParOldGen: 1229276K->169738K(1398272K)] 1371132K->169738K(1916928K), [Metaspace: 60388K->60388K(1105920K)], 0.4048816 secs] [Times: user=1.88 sys=0.00, real=0.41 secs] 
4149.987: [GC (GCLocker Initiated GC) [PSYoungGen: 340992K->105024K(518656K)] 510736K->274768K(1916928K), 0.1046399 secs] [Times: user=0.62 sys=0.00, real=0.11 secs] 
4151.636: [GC (Allocation Failure) [PSYoungGen: 447040K->140704K(519168K)] 616855K->412886K(1917440K), 0.0529058 secs] [Times: user=0.31 sys=0.00, real=0.06 secs] 
4153.077: [GC (Allocation Failure) [PSYoungGen: 482692K->108832K(517632K)] 754875K->512290K(1915904K), 0.0646705 secs] [Times: user=0.39 sys=0.00, real=0.07 secs] 
4153.838: [GC (Allocation Failure) [PSYoungGen: 452384K->141312K(519168K)] 855842K->651623K(1917440K), 0.0530758 secs] [Times: user=0.32 sys=0.00, real=0.06 secs] 
4155.249: [GC (Allocation Failure) [PSYoungGen: 484864K->108416K(520704K)] 995175K->750623K(1918976K), 0.0653395 secs] [Times: user=0.38 sys=0.00, real=0.06 secs] 
4156.612: [GC (GCLocker Initiated GC) [PSYoungGen: 454528K->141728K(521216K)] 1096735K->889828K(1919488K), 0.0533887 secs] [Times: user=0.31 sys=0.00, real=0.05 secs] 
4158.315: [GC (Allocation Failure) [PSYoungGen: 487840K->110208K(520192K)] 1235942K->990542K(1918464K), 0.0687241 secs] [Times: user=0.41 sys=0.00, real=0.07 secs] 
4159.396: [GC (Allocation Failure) [PSYoungGen: 457344K->140192K(521216K)] 1337678K->1129087K(1919488K), 0.0542121 secs] [Times: user=0.32 sys=0.00, real=0.06 secs] 
4160.809: [GC (GCLocker Initiated GC) [PSYoungGen: 487328K->113504K(519680K)] 1476223K->1233263K(1917952K), 0.0653537 secs] [Times: user=0.39 sys=0.00, real=0.06 secs] 
4162.019: [GC (Allocation Failure) [PSYoungGen: 463200K->143968K(521728K)] 1583030K->1374594K(1920000K), 0.0549697 secs] [Times: user=0.32 sys=0.00, real=0.05 secs] 
4163.559: [GC (Allocation Failure) [PSYoungGen: 493664K->112416K(524288K)] 1724290K->1476974K(1922560K), 0.0657567 secs] [Times: user=0.39 sys=0.00, real=0.07 secs] 
4163.624: [Full GC (Ergonomics) [PSYoungGen: 112416K->0K(524288K)] [ParOldGen: 1364558K->36223K(1398272K)] 1476974K->36223K(1922560K), [Metaspace: 60398K->60398K(1105920K)], 0.0699168 secs] [Times: user=0.26 sys=0.00, real=0.07 secs] 
4164.425: [GC (Allocation Failure) [PSYoungGen: 352256K->147552K(500224K)] 388479K->183775K(1898496K), 0.0295042 secs] [Times: user=0.17 sys=0.00, real=0.03 secs] 
4166.234: [GC (Allocation Failure) [PSYoungGen: 499808K->109216K(524800K)] 536031K->283691K(1923072K), 0.0910646 secs] [Times: user=0.54 sys=0.00, real=0.09 secs] 
4167.360: [GC (Allocation Failure) [PSYoungGen: 457888K->146112K(495104K)] 632363K->425484K(1893376K), 0.0527908 secs] [Times: user=0.31 sys=0.00, real=0.05 secs] 
4169.013: [GC (Allocation Failure) [PSYoungGen: 494784K->109376K(523776K)] 774156K->526140K(1922048K), 0.0918060 secs] [Times: user=0.55 sys=0.01, real=0.09 secs] 
4169.784: [GC (Allocation Failure) [PSYoungGen: 456000K->154880K(501760K)] 872764K->676309K(1900032K), 0.0532901 secs] [Times: user=0.32 sys=0.00, real=0.05 secs] 
4171.606: [GC (GCLocker Initiated GC) [PSYoungGen: 501504K->107360K(519680K)] 1022933K->766045K(1917952K), 0.0869801 secs] [Times: user=0.51 sys=0.00, real=0.09 secs] 
4172.232: [GC (Allocation Failure) [PSYoungGen: 446304K->152736K(492032K)] 1105028K->915189K(1890304K), 0.0530534 secs] [Times: user=0.31 sys=0.00, real=0.05 secs] 
4174.215: [GC (Allocation Failure) [PSYoungGen: 491680K->104608K(516096K)] 1254133K->1003021K(1914368K), 0.1011630 secs] [Times: user=0.60 sys=0.00, real=0.10 secs] 
4174.983: [GC (Allocation Failure) [PSYoungGen: 436896K->141440K(474112K)] 1335309K->1141455K(1872384K), 0.0523010 secs] [Times: user=0.30 sys=0.01, real=0.05 secs] 
4176.978: [GC (Allocation Failure) [PSYoungGen: 473728K->101632K(515072K)] 1473743K->1234591K(1913344K), 0.0941193 secs] [Times: user=0.55 sys=0.00, real=0.10 secs] 
4178.028: [GC (Allocation Failure) [PSYoungGen: 434432K->139520K(514560K)] 1567391K->1371296K(1912832K), 0.0517500 secs] [Times: user=0.31 sys=0.00, real=0.06 secs] 
4178.080: [Full GC (Ergonomics) [PSYoungGen: 139520K->0K(514560K)] [ParOldGen: 1231776K->174674K(1398272K)] 1371296K->174674K(1912832K), [Metaspace: 60412K->60412K(1105920K)], 0.4147707 secs] [Times: user=1.92 sys=0.00, real=0.41 secs] 
4180.349: [GC (GCLocker Initiated GC) [PSYoungGen: 332800K->100640K(516096K)] 507474K->275314K(1914368K), 0.0729187 secs] [Times: user=0.43 sys=0.01, real=0.08 secs] 
4182.130: [GC (Allocation Failure) [PSYoungGen: 436512K->136704K(516096K)] 611189K->409674K(1914368K), 0.0510587 secs] [Times: user=0.30 sys=0.00, real=0.05 secs] 
4183.610: [GC (Allocation Failure) [PSYoungGen: 472576K->105920K(515584K)] 745546K->505890K(1913856K), 0.0680912 secs] [Times: user=0.35 sys=0.00, real=0.06 secs] 
4184.389: [GC (Allocation Failure) [PSYoungGen: 445376K->138144K(516608K)] 845346K->642191K(1914880K), 0.0518793 secs] [Times: user=0.31 sys=0.00, real=0.05 secs] 
4185.869: [GC (Allocation Failure) [PSYoungGen: 477600K->108896K(516608K)] 981647K->741463K(1914880K), 0.0642988 secs] [Times: user=0.38 sys=0.00, real=0.06 secs] 
4187.221: [GC (Allocation Failure) [PSYoungGen: 453472K->136704K(519168K)] 1086039K->876723K(1917440K), 0.0530566 secs] [Times: user=0.31 sys=0.00, real=0.05 secs] 
4188.711: [GC (Allocation Failure) [PSYoungGen: 481280K->113696K(518144K)] 1221299K->981276K(1916416K), 0.0651288 secs] [Times: user=0.39 sys=0.00, real=0.06 secs] 
4190.347: [GC (GCLocker Initiated GC) [PSYoungGen: 463392K->137280K(521216K)] 1330972K->1117440K(1919488K), 0.0544078 secs] [Times: user=0.32 sys=0.00, real=0.06 secs] 
4191.913: [GC (Allocation Failure) [PSYoungGen: 486976K->113504K(521728K)] 1467137K->1221913K(1920000K), 0.0658737 secs] [Times: user=0.39 sys=0.00, real=0.06 secs] 
4193.485: [GC (Allocation Failure) [PSYoungGen: 468832K->140320K(524288K)] 1577241K->1360422K(1922560K), 0.0553185 secs] [Times: user=0.32 sys=0.01, real=0.06 secs] 
4195.206: [GC (Allocation Failure) [PSYoungGen: 495648K->114464K(526336K)] 1715750K->1465374K(1924608K), 0.0992808 secs] [Times: user=0.59 sys=0.01, real=0.10 secs] 
4195.306: [Full GC (Ergonomics) [PSYoungGen: 114464K->0K(526336K)] [ParOldGen: 1350910K->25686K(1398272K)] 1465374K->25686K(1924608K), [Metaspace: 60412K->60412K(1105920K)], 0.0474838 secs] [Times: user=0.15 sys=0.00, real=0.05 secs] 
4197.177: [GC (Allocation Failure) [PSYoungGen: 359424K->144224K(527360K)] 385110K->169910K(1925632K), 0.0288190 secs] [Times: user=0.16 sys=0.00, real=0.03 secs] 
4198.865: [GC (GCLocker Initiated GC) [PSYoungGen: 503648K->116896K(528384K)] 529334K->277522K(1926656K), 0.0790799 secs] [Times: user=0.47 sys=0.00, real=0.08 secs] 
4200.337: [GC (Allocation Failure) [PSYoungGen: 476320K->146784K(506368K)] 636949K->420809K(1904640K), 0.0550413 secs] [Times: user=0.32 sys=0.01, real=0.06 secs] 
4202.934: [GC (Allocation Failure) [PSYoungGen: 506208K->111008K(528384K)] 780233K->522789K(1926656K), 0.1314533 secs] [Times: user=0.78 sys=0.01, real=0.13 secs] 
4204.039: [GC (Allocation Failure) [PSYoungGen: 467360K->152032K(508416K)] 879141K->670570K(1906688K), 0.0540795 secs] [Times: user=0.31 sys=0.00, real=0.05 secs] 
4206.097: [GC (Allocation Failure) [PSYoungGen: 508384K->110240K(524800K)] 1026922K->772170K(1923072K), 0.1404220 secs] [Times: user=0.84 sys=0.00, real=0.14 secs] 
4206.822: [GC (Allocation Failure) [PSYoungGen: 459424K->146976K(496640K)] 1121354K->916006K(1894912K), 0.0538142 secs] [Times: user=0.31 sys=0.00, real=0.05 secs] 
4208.635: [GC (Allocation Failure) [PSYoungGen: 496160K->110976K(523776K)] 1265190K->1018262K(1922048K), 0.0913490 secs] [Times: user=0.55 sys=0.01, real=0.09 secs] 
4209.201: [GC (Allocation Failure) [PSYoungGen: 449197K->141408K(522240K)] 1356483K->1155523K(1920512K), 0.0525063 secs] [Times: user=0.31 sys=0.01, real=0.05 secs] 
4211.093: [GC (Allocation Failure) [PSYoungGen: 488544K->110944K(521728K)] 1502659K->1257299K(1920000K), 0.1022450 secs] [Times: user=0.60 sys=0.00, real=0.10 secs] 
4211.693: [GC (Allocation Failure) [PSYoungGen: 447213K->140032K(522240K)] 1593568K->1393946K(1920512K), 0.0524189 secs] [Times: user=0.31 sys=0.00, real=0.05 secs] 
4211.746: [Full GC (Ergonomics) [PSYoungGen: 140032K->0K(522240K)] [ParOldGen: 1253914K->197369K(1398272K)] 1393946K->197369K(1920512K), [Metaspace: 60414K->60414K(1105920K)], 0.4728218 secs] [Times: user=2.19 sys=0.00, real=0.47 secs] 
4214.128: [GC (Allocation Failure) [PSYoungGen: 348160K->106720K(522752K)] 545529K->304089K(1921024K), 0.0538931 secs] [Times: user=0.32 sys=0.00, real=0.06 secs] 
4214.648: [GC (Allocation Failure) [PSYoungGen: 445946K->143840K(523776K)] 643316K->444230K(1922048K), 0.0502205 secs] [Times: user=0.30 sys=0.00, real=0.05 secs] 
4216.392: [GC (Allocation Failure) [PSYoungGen: 494560K->106976K(524800K)] 794950K->542814K(1923072K), 0.0677317 secs] [Times: user=0.40 sys=0.00, real=0.07 secs] 
4216.963: [GC (Allocation Failure) [PSYoungGen: 447080K->144000K(494080K)] 882919K->683050K(1892352K), 0.0511058 secs] [Times: user=0.30 sys=0.00, real=0.05 secs] 
4219.732: [GC (Allocation Failure) [PSYoungGen: 493696K->105920K(524288K)] 1032746K->780358K(1922560K), 0.0905591 secs] [Times: user=0.54 sys=0.00, real=0.09 secs] 
4220.262: [GC (Allocation Failure) [PSYoungGen: 446616K->144864K(493056K)] 1121055K->921891K(1891328K), 0.0512354 secs] [Times: user=0.30 sys=0.00, real=0.05 secs] 
4222.059: [GC (Allocation Failure) [PSYoungGen: 493024K->107840K(523264K)] 1270051K->1021411K(1921536K), 0.0951340 secs] [Times: user=0.56 sys=0.00, real=0.09 secs] 
4222.958: [GC (Allocation Failure) [PSYoungGen: 448235K->143616K(521728K)] 1361806K->1161261K(1920000K), 0.0532203 secs] [Times: user=0.31 sys=0.01, real=0.06 secs] 
4224.747: [GC (Allocation Failure) [PSYoungGen: 489728K->108704K(520704K)] 1507373K->1261189K(1918976K), 0.1656154 secs] [Times: user=0.97 sys=0.00, real=0.17 secs] 
4225.633: [GC (Allocation Failure) [PSYoungGen: 453096K->143648K(521216K)] 1605581K->1400446K(1919488K), 0.0530177 secs] [Times: user=0.31 sys=0.00, real=0.05 secs] 
4225.686: [Full GC (Ergonomics) [PSYoungGen: 143648K->0K(521216K)] [ParOldGen: 1256798K->197530K(1398272K)] 1400446K->197530K(1919488K), [Metaspace: 60415K->60415K(1105920K)], 0.4672355 secs] [Times: user=2.17 sys=0.00, real=0.47 secs] 
4227.862: [GC (Allocation Failure) [PSYoungGen: 346112K->108928K(521728K)] 543642K->306458K(1920000K), 0.0352686 secs] [Times: user=0.20 sys=0.00, real=0.03 secs] 
4228.375: [GC (Allocation Failure) [PSYoungGen: 443290K->142272K(521728K)] 640821K->445099K(1920000K), 0.0507615 secs] [Times: user=0.30 sys=0.01, real=0.05 secs] 
4230.248: [GC (Allocation Failure) [PSYoungGen: 488896K->107424K(522240K)] 791723K->544075K(1920512K), 0.1090605 secs] [Times: user=0.64 sys=0.00, real=0.11 secs] 
4230.820: [GC (Allocation Failure) [PSYoungGen: 445805K->143168K(522240K)] 882456K->683860K(1920512K), 0.0509437 secs] [Times: user=0.30 sys=0.00, real=0.05 secs] 
4232.436: [GC (Allocation Failure) [PSYoungGen: 490304K->104544K(522752K)] 1030996K->779748K(1921024K), 0.0650823 secs] [Times: user=0.38 sys=0.00, real=0.07 secs] 
4233.016: [GC (Allocation Failure) [PSYoungGen: 451168K->146336K(493056K)] 1126372K->922272K(1891328K), 0.0503285 secs] [Times: user=0.29 sys=0.00, real=0.05 secs] 
4235.347: [GC (Allocation Failure) [PSYoungGen: 492960K->106944K(522240K)] 1268896K->1020496K(1920512K), 0.0930220 secs] [Times: user=0.55 sys=0.00, real=0.10 secs] 
4236.064: [GC (Allocation Failure) [PSYoungGen: 449828K->144832K(488448K)] 1363380K->1160757K(1886720K), 0.0519334 secs] [Times: user=0.30 sys=0.00, real=0.05 secs] 
4237.704: [GC (Allocation Failure) [PSYoungGen: 488384K->104992K(521216K)] 1504309K->1257025K(1919488K), 0.1120844 secs] [Times: user=0.66 sys=0.00, real=0.11 secs] 
4238.450: [GC (Allocation Failure) [PSYoungGen: 447008K->145888K(487936K)] 1599041K->1399246K(1886208K), 0.0518753 secs] [Times: user=0.31 sys=0.00, real=0.05 secs] 
4238.502: [Full GC (Ergonomics) [PSYoungGen: 145888K->0K(487936K)] [ParOldGen: 1253358K->196787K(1398272K)] 1399246K->196787K(1886208K), [Metaspace: 60415K->60415K(1105920K)], 0.4708793 secs] [Times: user=2.19 sys=0.00, real=0.47 secs] 
4241.288: [GC (Allocation Failure) [PSYoungGen: 342016K->102400K(520192K)] 538803K->299187K(1918464K), 0.0535842 secs] [Times: user=0.31 sys=0.00, real=0.06 secs] 
4242.088: [GC (Allocation Failure) [PSYoungGen: 442368K->143392K(483840K)] 639155K->438188K(1882112K), 0.0491465 secs] [Times: user=0.28 sys=0.00, real=0.05 secs] 
4244.879: [GC (Allocation Failure) [PSYoungGen: 483360K->103104K(519680K)] 778156K->532468K(1917952K), 0.1345265 secs] [Times: user=0.79 sys=0.00, real=0.13 secs] 
4245.687: [GC (Allocation Failure) [PSYoungGen: 442048K->151840K(491008K)] 871412K->680361K(1889280K), 0.0505646 secs] [Times: user=0.30 sys=0.00, real=0.05 secs] 
4247.258: [GC (Allocation Failure) [PSYoungGen: 490784K->105632K(517120K)] 1019305K->768833K(1915392K), 0.0696151 secs] [Times: user=0.41 sys=0.01, real=0.07 secs] 
4248.089: [GC (Allocation Failure) [PSYoungGen: 438944K->140832K(515072K)] 1102145K->904942K(1913344K), 0.0513203 secs] [Times: user=0.30 sys=0.01, real=0.05 secs] 
4249.636: [GC (Allocation Failure) [PSYoungGen: 474144K->105504K(514560K)] 1238254K->1001158K(1912832K), 0.0642288 secs] [Times: user=0.38 sys=0.00, real=0.07 secs] 
4250.363: [GC (Allocation Failure) [PSYoungGen: 440352K->139680K(515072K)] 1336006K->1137762K(1913344K), 0.0517445 secs] [Times: user=0.31 sys=0.00, real=0.05 secs] 
4252.135: [GC (Allocation Failure) [PSYoungGen: 474528K->105056K(514560K)] 1472610K->1233486K(1912832K), 0.0876475 secs] [Times: user=0.52 sys=0.00, real=0.09 secs] 
4252.958: [GC (Allocation Failure) [PSYoungGen: 443488K->140448K(516608K)] 1571918K->1371535K(1914880K), 0.0522404 secs] [Times: user=0.30 sys=0.00, real=0.06 secs] 
4254.626: [GC (Allocation Failure) [PSYoungGen: 478880K->104704K(517632K)] 1709967K->1467239K(1915904K), 0.0683753 secs] [Times: user=0.40 sys=0.00, real=0.07 secs] 
4254.695: [Full GC (Ergonomics) [PSYoungGen: 104704K->0K(517632K)] [ParOldGen: 1362535K->29150K(1398272K)] 1467239K->29150K(1915904K), [Metaspace: 60415K->60415K(1105920K)], 0.0487337 secs] [Times: user=0.16 sys=0.00, real=0.05 secs] 
4255.428: [GC (Allocation Failure) [PSYoungGen: 341504K->140800K(518656K)] 370654K->169950K(1916928K), 0.0277542 secs] [Times: user=0.16 sys=0.00, real=0.03 secs] 
4256.832: [GC (GCLocker Initiated GC) [PSYoungGen: 482304K->107136K(518656K)] 511454K->267670K(1916928K), 0.0640901 secs] [Times: user=0.38 sys=0.00, real=0.06 secs] 
4258.364: [GC (Allocation Failure) [PSYoungGen: 450688K->141152K(519680K)] 611293K->406402K(1917952K), 0.0522454 secs] [Times: user=0.31 sys=0.00, real=0.05 secs] 
4259.931: [GC (Allocation Failure) [PSYoungGen: 484704K->110016K(518144K)] 749954K->506978K(1916416K), 0.0707746 secs] [Times: user=0.43 sys=0.00, real=0.07 secs] 
4261.135: [GC (Allocation Failure) [PSYoungGen: 455104K->139200K(519680K)] 852066K->644486K(1917952K), 0.0539971 secs] [Times: user=0.32 sys=0.00, real=0.06 secs] 
4262.604: [GC (Allocation Failure) [PSYoungGen: 484288K->111552K(519168K)] 989574K->746854K(1917440K), 0.0682111 secs] [Times: user=0.41 sys=0.00, real=0.07 secs] 
4263.662: [GC (Allocation Failure) [PSYoungGen: 460224K->141760K(521216K)] 1095526K->885806K(1919488K), 0.0539626 secs] [Times: user=0.32 sys=0.00, real=0.05 secs] 
4265.264: [GC (Allocation Failure) [PSYoungGen: 490432K->114016K(522240K)] 1234478K->989830K(1920512K), 0.0867473 secs] [Times: user=0.52 sys=0.00, real=0.09 secs] 
4266.261: [GC (Allocation Failure) [PSYoungGen: 465760K->155136K(507392K)] 1341574K->1142035K(1905664K), 0.0561080 secs] [Times: user=0.33 sys=0.00, real=0.05 secs] 
4267.978: [GC (Allocation Failure) [PSYoungGen: 506880K->109984K(522752K)] 1493779K->1234383K(1921024K), 0.0994219 secs] [Times: user=0.59 sys=0.00, real=0.10 secs] 
4268.686: [GC (Allocation Failure) [PSYoungGen: 454560K->151584K(496640K)] 1578959K->1383196K(1894912K), 0.0547988 secs] [Times: user=0.33 sys=0.00, real=0.06 secs] 
4270.224: [GC (GCLocker Initiated GC) [PSYoungGen: 496160K->107808K(519680K)] 1727772K->1473876K(1917952K), 0.0702576 secs] [Times: user=0.42 sys=0.00, real=0.07 secs] 
4270.294: [Full GC (Ergonomics) [PSYoungGen: 107808K->0K(519680K)] [ParOldGen: 1366068K->40083K(1398272K)] 1473876K->40083K(1917952K), [Metaspace: 60415K->60415K(1105920K)], 0.0787351 secs] [Times: user=0.30 sys=0.00, real=0.08 secs] 
4271.014: [GC (Allocation Failure) [PSYoungGen: 338944K->141792K(518144K)] 379030K->181878K(1916416K), 0.0281953 secs] [Times: user=0.15 sys=0.00, real=0.03 secs] 
4273.003: [GC (GCLocker Initiated GC) [PSYoungGen: 480736K->105472K(517632K)] 520822K->277822K(1915904K), 0.1214930 secs] [Times: user=0.71 sys=0.00, real=0.12 secs] 
4273.908: [GC (Allocation Failure) [PSYoungGen: 445440K->142080K(518144K)] 617793K->417046K(1916416K), 0.0516117 secs] [Times: user=0.30 sys=0.00, real=0.06 secs] 
4275.467: [GC (Allocation Failure) [PSYoungGen: 482048K->106624K(518656K)] 757014K->514274K(1916928K), 0.0644160 secs] [Times: user=0.38 sys=0.00, real=0.07 secs] 
4276.427: [GC (GCLocker Initiated GC) [PSYoungGen: 448128K->142656K(519168K)] 855778K->654339K(1917440K), 0.0522931 secs] [Times: user=0.31 sys=0.00, real=0.06 secs] 
4278.534: [GC (Allocation Failure) [PSYoungGen: 484160K->103968K(520192K)] 995848K->749856K(1918464K), 0.1764573 secs] [Times: user=1.04 sys=0.00, real=0.18 secs] 
4279.444: [GC (Allocation Failure) [PSYoungGen: 446496K->144256K(486912K)] 1092384K->891093K(1885184K), 0.0517512 secs] [Times: user=0.30 sys=0.00, real=0.05 secs] 
4281.754: [GC (Allocation Failure) [PSYoungGen: 486784K->106176K(521216K)] 1233621K->988261K(1919488K), 0.1405995 secs] [Times: user=0.83 sys=0.01, real=0.14 secs] 
4282.869: [GC (Allocation Failure) [PSYoungGen: 448192K->142528K(519680K)] 1330277K->1127410K(1917952K), 0.0519653 secs] [Times: user=0.30 sys=0.01, real=0.05 secs] 
4284.479: [GC (GCLocker Initiated GC) [PSYoungGen: 484544K->106848K(518656K)] 1469426K->1224902K(1916928K), 0.0817359 secs] [Times: user=0.48 sys=0.01, real=0.08 secs] 
4285.180: [GC (Allocation Failure) [PSYoungGen: 448864K->143456K(519168K)] 1566957K->1365913K(1917440K), 0.0531888 secs] [Times: user=0.31 sys=0.01, real=0.05 secs] 
4286.778: [GC (Allocation Failure) [PSYoungGen: 485472K->106784K(520192K)] 1707929K->1463849K(1918464K), 0.0936358 secs] [Times: user=0.55 sys=0.00, real=0.10 secs] 
4286.872: [Full GC (Ergonomics) [PSYoungGen: 106784K->0K(520192K)] [ParOldGen: 1357065K->30261K(1398272K)] 1463849K->30261K(1918464K), [Metaspace: 60415K->60415K(1105920K)], 0.0531047 secs] [Times: user=0.18 sys=0.00, real=0.05 secs] 
4288.461: [GC (Allocation Failure) [PSYoungGen: 343040K->140992K(520192K)] 373301K->171253K(1918464K), 0.0283462 secs] [Times: user=0.17 sys=0.00, real=0.03 secs] 
4290.551: [GC (Allocation Failure) [PSYoungGen: 484032K->108352K(518144K)] 514293K->270705K(1916416K), 0.1687269 secs] [Times: user=1.00 sys=0.01, real=0.17 secs] 
4291.682: [GC (Allocation Failure) [PSYoungGen: 452416K->139360K(519680K)] 614769K->407856K(1917952K), 0.0520197 secs] [Times: user=0.30 sys=0.00, real=0.05 secs] 
4293.996: [GC (Allocation Failure) [PSYoungGen: 483424K->110208K(519680K)] 751920K->509176K(1917952K), 0.0797241 secs] [Times: user=0.47 sys=0.00, real=0.08 secs] 
4295.042: [GC (GCLocker Initiated GC) [PSYoungGen: 457344K->140640K(521216K)] 856312K->647897K(1919488K), 0.0534756 secs] [Times: user=0.31 sys=0.00, real=0.05 secs] 
4297.144: [GC (Allocation Failure) [PSYoungGen: 487776K->110304K(520704K)] 995072K->749196K(1918976K), 0.1107446 secs] [Times: user=0.66 sys=0.00, real=0.11 secs] 
4298.501: [GC (Allocation Failure) [PSYoungGen: 460000K->144384K(522240K)] 1098892K->890961K(1920512K), 0.0536618 secs] [Times: user=0.31 sys=0.00, real=0.05 secs] 
4300.013: [GC (Allocation Failure) [PSYoungGen: 494080K->109536K(524800K)] 1240657K->991097K(1923072K), 0.0649990 secs] [Times: user=0.39 sys=0.00, real=0.06 secs] 
4300.893: [GC (Allocation Failure) [PSYoungGen: 459744K->143488K(494080K)] 1341305K->1131906K(1892352K), 0.0535453 secs] [Times: user=0.31 sys=0.01, real=0.05 secs] 
4302.572: [GC (Allocation Failure) [PSYoungGen: 493696K->111616K(525824K)] 1482114K->1234202K(1924096K), 0.0781224 secs] [Times: user=0.46 sys=0.00, real=0.08 secs] 
4303.716: [GC (Allocation Failure) [PSYoungGen: 461824K->146240K(496640K)] 1584410K->1376927K(1894912K), 0.0546455 secs] [Times: user=0.32 sys=0.00, real=0.06 secs] 
4305.816: [GC (Allocation Failure) [PSYoungGen: 496448K->109696K(524800K)] 1727135K->1477195K(1923072K), 0.0841085 secs] [Times: user=0.49 sys=0.00, real=0.09 secs] 
4305.901: [Full GC (Ergonomics) [PSYoungGen: 109696K->0K(524800K)] [ParOldGen: 1367499K->42490K(1398272K)] 1477195K->42490K(1923072K), [Metaspace: 60419K->60419K(1105920K)], 0.0779073 secs] [Times: user=0.30 sys=0.00, real=0.07 secs] 
4306.878: [GC (Allocation Failure) [PSYoungGen: 348672K->145888K(494592K)] 391162K->188378K(1892864K), 0.0295907 secs] [Times: user=0.17 sys=0.00, real=0.03 secs] 
4308.283: [GC (GCLocker Initiated GC) [PSYoungGen: 494560K->110848K(523776K)] 537050K->289999K(1922048K), 0.0655329 secs] [Times: user=0.38 sys=0.01, real=0.06 secs] 
4308.946: [GC (Allocation Failure) [PSYoungGen: 457472K->146880K(493568K)] 636693K->432842K(1891840K), 0.0530320 secs] [Times: user=0.31 sys=0.00, real=0.06 secs] 
4310.637: [GC (Allocation Failure) [PSYoungGen: 493504K->106144K(522240K)] 779466K->529726K(1920512K), 0.0891374 secs] [Times: user=0.52 sys=0.00, real=0.09 secs] 
4311.193: [GC (Allocation Failure) [PSYoungGen: 450720K->147296K(492032K)] 874302K->673439K(1890304K), 0.0514663 secs] [Times: user=0.30 sys=0.00, real=0.05 secs] 
4313.632: [GC (Allocation Failure) [PSYoungGen: 491872K->106560K(520704K)] 1018015K->771351K(1918976K), 0.1561167 secs] [Times: user=0.93 sys=0.00, real=0.15 secs] 
4314.498: [GC (Allocation Failure) [PSYoungGen: 447552K->145120K(519168K)] 1112343K->912300K(1917440K), 0.0516458 secs] [Times: user=0.30 sys=0.00, real=0.06 secs] 
4316.207: [GC (Allocation Failure) [PSYoungGen: 486112K->104736K(519680K)] 1253292K->1008300K(1917952K), 0.1300026 secs] [Times: user=0.77 sys=0.01, real=0.13 secs] 
4317.182: [GC (Allocation Failure) [PSYoungGen: 445216K->141760K(519168K)] 1348780K->1145889K(1917440K), 0.0505742 secs] [Times: user=0.30 sys=0.00, real=0.05 secs] 
4318.996: [GC (Allocation Failure) [PSYoungGen: 482240K->108064K(516608K)] 1486369K->1244613K(1914880K), 0.0824815 secs] [Times: user=0.49 sys=0.00, real=0.09 secs] 
4319.983: [GC (Allocation Failure) [PSYoungGen: 449056K->143168K(518144K)] 1585605K->1383345K(1916416K), 0.0524679 secs] [Times: user=0.30 sys=0.00, real=0.05 secs] 
4320.036: [Full GC (Ergonomics) [PSYoungGen: 143168K->0K(518144K)] [ParOldGen: 1240177K->186011K(1398272K)] 1383345K->186011K(1916416K), [Metaspace: 60419K->60419K(1105920K)], 0.4366511 secs] [Times: user=2.03 sys=0.00, real=0.44 secs] 
4322.585: [GC (Allocation Failure) [PSYoungGen: 340992K->103584K(520704K)] 527003K->289595K(1918976K), 0.0644031 secs] [Times: user=0.38 sys=0.00, real=0.07 secs] 
4323.510: [GC (Allocation Failure) [PSYoungGen: 446112K->145344K(487936K)] 632123K->430736K(1886208K), 0.0507654 secs] [Times: user=0.30 sys=0.00, real=0.05 secs] 
4325.191: [GC (Allocation Failure) [PSYoungGen: 487872K->105856K(520704K)] 773264K->528264K(1918976K), 0.0712749 secs] [Times: user=0.42 sys=0.01, real=0.07 secs] 
4326.174: [GC (Allocation Failure) [PSYoungGen: 446336K->141440K(518656K)] 868744K->665453K(1916928K), 0.0516486 secs] [Times: user=0.30 sys=0.00, real=0.05 secs] 
4328.055: [GC (Allocation Failure) [PSYoungGen: 481920K->108352K(517632K)] 1005933K->764357K(1915904K), 0.1201346 secs] [Times: user=0.71 sys=0.00, real=0.12 secs] 
4329.231: [GC (Allocation Failure) [PSYoungGen: 449856K->142784K(518656K)] 1105861K->903650K(1916928K), 0.0529722 secs] [Times: user=0.31 sys=0.00, real=0.05 secs] 
4330.859: [GC (GCLocker Initiated GC) [PSYoungGen: 484288K->105728K(519168K)] 1245154K->1000050K(1917440K), 0.0751863 secs] [Times: user=0.44 sys=0.01, real=0.08 secs] 
4331.658: [GC (Allocation Failure) [PSYoungGen: 448768K->143168K(519680K)] 1343093K->1139734K(1917952K), 0.0519959 secs] [Times: user=0.31 sys=0.00, real=0.06 secs] 
4333.151: [GC (Allocation Failure) [PSYoungGen: 486208K->107264K(520192K)] 1482774K->1237774K(1918464K), 0.0654152 secs] [Times: user=0.39 sys=0.00, real=0.06 secs] 
4334.416: [GC (Allocation Failure) [PSYoungGen: 450816K->141312K(520192K)] 1581326K->1376067K(1918464K), 0.0534055 secs] [Times: user=0.31 sys=0.00, real=0.06 secs] 
4334.469: [Full GC (Ergonomics) [PSYoungGen: 141312K->0K(520192K)] [ParOldGen: 1234755K->174044K(1398272K)] 1376067K->174044K(1918464K), [Metaspace: 60419K->60419K(1105920K)], 0.4053553 secs] [Times: user=1.88 sys=0.00, real=0.40 secs] 
4336.803: [GC (Allocation Failure) [PSYoungGen: 343552K->107072K(519168K)] 517596K->281116K(1917440K), 0.0953273 secs] [Times: user=0.56 sys=0.01, real=0.09 secs] 
4337.967: [GC (Allocation Failure) [PSYoungGen: 451648K->141152K(520192K)] 625692K->418937K(1918464K), 0.0525685 secs] [Times: user=0.31 sys=0.00, real=0.06 secs] 
4339.359: [GC (Allocation Failure) [PSYoungGen: 485728K->110624K(519680K)] 763513K->520385K(1917952K), 0.0647494 secs] [Times: user=0.38 sys=0.00, real=0.06 secs] 
4340.028: [GC (Allocation Failure) [PSYoungGen: 456736K->144672K(520704K)] 866497K->662326K(1918976K), 0.0542335 secs] [Times: user=0.32 sys=0.00, real=0.06 secs] 
4341.721: [GC (Allocation Failure) [PSYoungGen: 490784K->108640K(522240K)] 1008438K->761526K(1920512K), 0.0753332 secs] [Times: user=0.45 sys=0.00, real=0.07 secs] 
4342.548: [GC (Allocation Failure) [PSYoungGen: 455264K->145984K(493056K)] 1108150K->904898K(1891328K), 0.0545334 secs] [Times: user=0.32 sys=0.00, real=0.06 secs] 
4344.890: [GC (Allocation Failure) [PSYoungGen: 492608K->105504K(522752K)] 1251522K->1001427K(1921024K), 0.1239365 secs] [Times: user=0.73 sys=0.00, real=0.12 secs] 
4346.014: [GC (Allocation Failure) [PSYoungGen: 450592K->142912K(488448K)] 1346515K->1141391K(1886720K), 0.0527742 secs] [Times: user=0.31 sys=0.00, real=0.05 secs] 
4347.516: [GC (Allocation Failure) [PSYoungGen: 488000K->110560K(523264K)] 1486479K->1243227K(1921536K), 0.1036100 secs] [Times: user=0.60 sys=0.00, real=0.11 secs] 
4348.502: [GC (Allocation Failure) [PSYoungGen: 455648K->143392K(520704K)] 1588315K->1382616K(1918976K), 0.0540330 secs] [Times: user=0.32 sys=0.00, real=0.05 secs] 
4348.556: [Full GC (Ergonomics) [PSYoungGen: 143392K->0K(520704K)] [ParOldGen: 1239224K->180281K(1398272K)] 1382616K->180281K(1918976K), [Metaspace: 60421K->60421K(1105920K)], 0.4270570 secs] [Times: user=1.98 sys=0.00, real=0.43 secs] 
4350.427: [GC (Allocation Failure) [PSYoungGen: 345088K->107200K(521728K)] 525369K->287481K(1920000K), 0.0422472 secs] [Times: user=0.24 sys=0.00, real=0.05 secs] 
4351.693: [GC (Allocation Failure) [PSYoungGen: 453312K->143200K(489472K)] 633593K->427366K(1887744K), 0.0527903 secs] [Times: user=0.31 sys=0.00, real=0.05 secs] 
4353.362: [GC (Allocation Failure) [PSYoungGen: 489312K->110368K(523776K)] 773478K->527958K(1922048K), 0.0864023 secs] [Times: user=0.52 sys=0.01, real=0.09 secs] 
4354.059: [GC (Allocation Failure) [PSYoungGen: 456480K->145824K(521216K)] 874070K->669547K(1919488K), 0.0537641 secs] [Times: user=0.32 sys=0.01, real=0.05 secs] 
4355.538: [GC (Allocation Failure) [PSYoungGen: 491936K->107328K(522240K)] 1015659K->768003K(1920512K), 0.0659091 secs] [Times: user=0.39 sys=0.00, real=0.07 secs] 
4356.368: [GC (Allocation Failure) [PSYoungGen: 452416K->145792K(491008K)] 1113091K->909760K(1889280K), 0.0517293 secs] [Times: user=0.31 sys=0.00, real=0.06 secs] 
4358.122: [GC (GCLocker Initiated GC) [PSYoungGen: 490880K->106752K(521728K)] 1254849K->1007337K(1920000K), 0.0738788 secs] [Times: user=0.44 sys=0.01, real=0.07 secs] 
4358.737: [GC (Allocation Failure) [PSYoungGen: 449792K->146880K(489984K)] 1350447K->1150092K(1888256K), 0.0525562 secs] [Times: user=0.31 sys=0.00, real=0.06 secs] 
4360.929: [GC (Allocation Failure) [PSYoungGen: 489920K->105920K(520704K)] 1493132K->1247140K(1918976K), 0.1119913 secs] [Times: user=0.65 sys=0.00, real=0.11 secs] 
4361.839: [GC (Allocation Failure) [PSYoungGen: 446912K->141888K(519168K)] 1588132K->1385745K(1917440K), 0.0527020 secs] [Times: user=0.31 sys=0.00, real=0.05 secs] 
4361.892: [Full GC (Ergonomics) [PSYoungGen: 141888K->0K(519168K)] [ParOldGen: 1243857K->185230K(1398272K)] 1385745K->185230K(1917440K), [Metaspace: 60423K->60423K(1105920K)], 0.4347183 secs] [Times: user=2.00 sys=0.00, real=0.43 secs] 
4364.343: [GC (Allocation Failure) [PSYoungGen: 340992K->104288K(518656K)] 526222K->289518K(1916928K), 0.0663644 secs] [Times: user=0.39 sys=0.00, real=0.07 secs] 
4365.238: [GC (Allocation Failure) [PSYoungGen: 445792K->152192K(494080K)] 631022K->437207K(1892352K), 0.0514442 secs] [Times: user=0.31 sys=0.00, real=0.06 secs] 
4367.042: [GC (Allocation Failure) [PSYoungGen: 493696K->107872K(518144K)] 778711K->527607K(1916416K), 0.1017937 secs] [Times: user=0.60 sys=0.00, real=0.10 secs] 
4368.357: [GC (Allocation Failure) [PSYoungGen: 443232K->140352K(516096K)] 862967K->663688K(1914368K), 0.0514835 secs] [Times: user=0.31 sys=0.00, real=0.06 secs] 
4369.967: [GC (Allocation Failure) [PSYoungGen: 475712K->105344K(516096K)] 999048K->759644K(1914368K), 0.1019091 secs] [Times: user=0.60 sys=0.01, real=0.10 secs] 
4370.695: [GC (Allocation Failure) [PSYoungGen: 442752K->140224K(516096K)] 1097052K->897177K(1914368K), 0.0519670 secs] [Times: user=0.30 sys=0.00, real=0.05 secs] 
4372.250: [GC (Allocation Failure) [PSYoungGen: 477632K->105728K(517632K)] 1234585K->993537K(1915904K), 0.0815823 secs] [Times: user=0.48 sys=0.00, real=0.08 secs] 
4373.249: [GC (Allocation Failure) [PSYoungGen: 446720K->141632K(518656K)] 1334529K->1132678K(1916928K), 0.0527967 secs] [Times: user=0.31 sys=0.00, real=0.05 secs] 
4375.657: [GC (Allocation Failure) [PSYoungGen: 482624K->106720K(518144K)] 1473670K->1229822K(1916416K), 0.1373668 secs] [Times: user=0.81 sys=0.01, real=0.14 secs] 
4377.197: [GC (Allocation Failure) [PSYoungGen: 449248K->139936K(519168K)] 1572350K->1366914K(1917440K), 0.0530146 secs] [Times: user=0.31 sys=0.00, real=0.06 secs] 
4378.638: [GC (Allocation Failure) [PSYoungGen: 482464K->110112K(517632K)] 1709442K->1468022K(1915904K), 0.0682678 secs] [Times: user=0.40 sys=0.00, real=0.07 secs] 
4378.706: [Full GC (Ergonomics) [PSYoungGen: 110112K->0K(517632K)] [ParOldGen: 1357910K->28744K(1398272K)] 1468022K->28744K(1915904K), [Metaspace: 60427K->60427K(1105920K)], 0.0517743 secs] [Times: user=0.18 sys=0.00, real=0.05 secs] 
4379.849: [GC (Allocation Failure) [PSYoungGen: 345088K->140160K(519680K)] 373832K->168904K(1917952K), 0.0275804 secs] [Times: user=0.16 sys=0.00, real=0.03 secs] 
4381.275: [GC (Allocation Failure) [PSYoungGen: 485248K->111040K(520192K)] 513992K->270472K(1918464K), 0.0634297 secs] [Times: user=0.37 sys=0.00, real=0.07 secs] 
4382.539: [GC (Allocation Failure) [PSYoungGen: 459712K->143072K(521728K)] 619144K->411337K(1920000K), 0.0530546 secs] [Times: user=0.31 sys=0.00, real=0.05 secs] 
4384.190: [GC (Allocation Failure) [PSYoungGen: 491744K->111840K(523776K)] 760009K->513761K(1922048K), 0.1054406 secs] [Times: user=0.62 sys=0.00, real=0.10 secs] 
4385.442: [GC (Allocation Failure) [PSYoungGen: 462560K->143616K(523776K)] 864481K->654525K(1922048K), 0.0538214 secs] [Times: user=0.31 sys=0.00, real=0.05 secs] 
4387.004: [GC (Allocation Failure) [PSYoungGen: 494336K->113376K(522752K)] 1005245K->758805K(1921024K), 0.0998665 secs] [Times: user=0.59 sys=0.01, real=0.10 secs] 
4387.912: [GC (GCLocker Initiated GC) [PSYoungGen: 464096K->144352K(523264K)] 1109527K->899099K(1921536K), 0.0545265 secs] [Times: user=0.32 sys=0.00, real=0.05 secs] 
4389.761: [GC (Allocation Failure) [PSYoungGen: 495072K->112864K(523776K)] 1249821K->1001805K(1922048K), 0.0698147 secs] [Times: user=0.41 sys=0.00, real=0.07 secs] 
4390.445: [GC (Allocation Failure) [PSYoungGen: 464096K->149056K(500736K)] 1353037K->1146906K(1899008K), 0.0547349 secs] [Times: user=0.33 sys=0.00, real=0.06 secs] 
4392.574: [GC (GCLocker Initiated GC) [PSYoungGen: 500288K->107680K(523776K)] 1498140K->1245580K(1922048K), 0.1384383 secs] [Times: user=0.82 sys=0.00, real=0.14 secs] 
4393.199: [GC (GCLocker Initiated GC) [PSYoungGen: 454816K->145568K(493056K)] 1592723K->1387180K(1891328K), 0.0527921 secs] [Times: user=0.31 sys=0.00, real=0.05 secs] 
4393.252: [Full GC (Ergonomics) [PSYoungGen: 145568K->0K(493056K)] [ParOldGen: 1241612K->192501K(1398272K)] 1387180K->192501K(1891328K), [Metaspace: 60427K->60427K(1105920K)], 0.4560957 secs] [Times: user=2.11 sys=0.00, real=0.45 secs] 
4395.645: [GC (Allocation Failure) [PSYoungGen: 347136K->106816K(522752K)] 539638K->299318K(1921024K), 0.0641793 secs] [Times: user=0.37 sys=0.00, real=0.07 secs] 
4396.482: [GC (Allocation Failure) [PSYoungGen: 451904K->146176K(491520K)] 644406K->441183K(1889792K), 0.0504844 secs] [Times: user=0.30 sys=0.00, real=0.05 secs] 
4398.638: [GC (Allocation Failure) [PSYoungGen: 491264K->107424K(521728K)] 786271K->539455K(1920000K), 0.1183603 secs] [Times: user=0.70 sys=0.01, real=0.12 secs] 
4399.737: [GC (Allocation Failure) [PSYoungGen: 450464K->145152K(488448K)] 882495K->680540K(1886720K), 0.0513234 secs] [Times: user=0.30 sys=0.01, real=0.05 secs] 
4401.536: [GC (Allocation Failure) [PSYoungGen: 488192K->105472K(521216K)] 1023580K->777060K(1919488K), 0.1276985 secs] [Times: user=0.76 sys=0.01, real=0.13 secs] 
4402.238: [GC (Allocation Failure) [PSYoungGen: 447488K->144960K(487424K)] 1119076K->917381K(1885696K), 0.0510676 secs] [Times: user=0.30 sys=0.00, real=0.06 secs] 
4403.787: [GC (Allocation Failure) [PSYoungGen: 486976K->106720K(520704K)] 1259397K->1014873K(1918976K), 0.0725013 secs] [Times: user=0.43 sys=0.00, real=0.08 secs] 
4404.861: [GC (Allocation Failure) [PSYoungGen: 447712K->141696K(519168K)] 1355865K->1152629K(1917440K), 0.0518935 secs] [Times: user=0.31 sys=0.00, real=0.05 secs] 
4406.789: [GC (Allocation Failure) [PSYoungGen: 482688K->105920K(518656K)] 1493621K->1249333K(1916928K), 0.1219579 secs] [Times: user=0.72 sys=0.00, real=0.12 secs] 
4407.872: [GC (Allocation Failure) [PSYoungGen: 447936K->152736K(495104K)] 1591349K->1397773K(1893376K), 0.0527597 secs] [Times: user=0.31 sys=0.00, real=0.05 secs] 
4407.924: [Full GC (Ergonomics) [PSYoungGen: 152736K->0K(495104K)] [ParOldGen: 1245037K->188853K(1398272K)] 1397773K->188853K(1893376K), [Metaspace: 60427K->60427K(1105920K)], 0.4470144 secs] [Times: user=2.07 sys=0.00, real=0.45 secs] 
4409.794: [GC (Allocation Failure) [PSYoungGen: 342016K->105856K(518144K)] 530869K->294709K(1916416K), 0.0657369 secs] [Times: user=0.38 sys=0.00, real=0.07 secs] 
4410.721: [GC (Allocation Failure) [PSYoungGen: 441728K->141728K(516608K)] 630581K->431630K(1914880K), 0.0512030 secs] [Times: user=0.30 sys=0.00, real=0.05 secs] 
4412.291: [GC (GCLocker Initiated GC) [PSYoungGen: 477600K->105600K(516096K)] 767502K->528374K(1914368K), 0.0649147 secs] [Times: user=0.38 sys=0.00, real=0.06 secs] 
4413.350: [GC (Allocation Failure) [PSYoungGen: 442496K->140576K(516608K)] 865309K->664961K(1914880K), 0.0511890 secs] [Times: user=0.30 sys=0.00, real=0.05 secs] 
4415.099: [GC (Allocation Failure) [PSYoungGen: 477472K->106816K(515072K)] 1001857K->762557K(1913344K), 0.0738947 secs] [Times: user=0.44 sys=0.00, real=0.07 secs] 
4415.951: [GC (GCLocker Initiated GC) [PSYoungGen: 446272K->138656K(517120K)] 1102014K->898115K(1915392K), 0.0522462 secs] [Times: user=0.31 sys=0.01, real=0.05 secs] 
4417.537: [GC (GCLocker Initiated GC) [PSYoungGen: 478112K->106784K(518144K)] 1237573K->995525K(1916416K), 0.0661353 secs] [Times: user=0.39 sys=0.00, real=0.07 secs] 
4418.903: [GC (Allocation Failure) [PSYoungGen: 450336K->141056K(519680K)] 1339116K->1133637K(1917952K), 0.0531723 secs] [Times: user=0.31 sys=0.00, real=0.05 secs] 
4420.767: [GC (Allocation Failure) [PSYoungGen: 484608K->108672K(518656K)] 1477189K->1232941K(1916928K), 0.0677062 secs] [Times: user=0.40 sys=0.00, real=0.07 secs] 
4422.173: [GC (Allocation Failure) [PSYoungGen: 454272K->142784K(520192K)] 1578541K->1372373K(1918464K), 0.0533665 secs] [Times: user=0.32 sys=0.00, real=0.05 secs] 
4423.819: [GC (Allocation Failure) [PSYoungGen: 488384K->110880K(521216K)] 1717973K->1473642K(1919488K), 0.0657375 secs] [Times: user=0.39 sys=0.00, real=0.06 secs] 
4423.885: [Full GC (Ergonomics) [PSYoungGen: 110880K->0K(521216K)] [ParOldGen: 1362761K->35361K(1398272K)] 1473642K->35361K(1919488K), [Metaspace: 60427K->60427K(1105920K)], 0.0634687 secs] [Times: user=0.23 sys=0.00, real=0.07 secs] 
4424.665: [GC (Allocation Failure) [PSYoungGen: 347648K->152704K(500736K)] 383009K->188065K(1899008K), 0.0292070 secs] [Times: user=0.17 sys=0.00, real=0.03 secs] 
4426.178: [GC (GCLocker Initiated GC) [PSYoungGen: 500352K->109216K(521216K)] 535714K->279894K(1919488K), 0.0642548 secs] [Times: user=0.38 sys=0.01, real=0.07 secs] 
4427.103: [GC (Allocation Failure) [PSYoungGen: 450720K->151648K(493568K)] 621437K->428194K(1891840K), 0.0526836 secs] [Times: user=0.31 sys=0.00, real=0.05 secs] 
4428.796: [GC (GCLocker Initiated GC) [PSYoungGen: 493152K->106656K(518656K)] 769698K->517666K(1916928K), 0.0949399 secs] [Times: user=0.56 sys=0.00, real=0.10 secs] 
4429.635: [GC (Allocation Failure) [PSYoungGen: 443040K->148928K(485376K)] 854089K->663750K(1883648K), 0.0530199 secs] [Times: user=0.31 sys=0.00, real=0.05 secs] 
4431.197: [GC (Allocation Failure) [PSYoungGen: 485312K->106144K(517120K)] 1000134K->752334K(1915392K), 0.0749383 secs] [Times: user=0.45 sys=0.00, real=0.08 secs] 
4432.139: [GC (GCLocker Initiated GC) [PSYoungGen: 439968K->136864K(471040K)] 1086158K->886139K(1869312K), 0.0530296 secs] [Times: user=0.31 sys=0.00, real=0.06 secs] 
4433.635: [GC (Allocation Failure) [PSYoungGen: 470688K->105600K(515584K)] 1219968K->982416K(1913856K), 0.0698959 secs] [Times: user=0.42 sys=0.00, real=0.07 secs] 
4435.370: [GC (Allocation Failure) [PSYoungGen: 440960K->136352K(514048K)] 1317776K->1116141K(1912320K), 0.0536272 secs] [Times: user=0.32 sys=0.00, real=0.05 secs] 
4437.000: [GC (Allocation Failure) [PSYoungGen: 471712K->108096K(518144K)] 1451501K->1215085K(1916416K), 0.0690260 secs] [Times: user=0.41 sys=0.00, real=0.07 secs] 
4438.751: [GC (GCLocker Initiated GC) [PSYoungGen: 450112K->134240K(517632K)] 1557101K->1347186K(1915904K), 0.0537369 secs] [Times: user=0.31 sys=0.00, real=0.05 secs] 
4440.183: [GC (Allocation Failure) [PSYoungGen: 476256K->114048K(519168K)] 1689204K->1451556K(1917440K), 0.0657935 secs] [Times: user=0.39 sys=0.00, real=0.07 secs] 
4440.249: [Full GC (Ergonomics) [PSYoungGen: 114048K->0K(519168K)] [ParOldGen: 1337508K->17389K(1398272K)] 1451556K->17389K(1917440K), [Metaspace: 60428K->60428K(1105920K)], 0.0278602 secs] [Times: user=0.07 sys=0.00, real=0.02 secs] 
4441.276: [GC (GCLocker Initiated GC) [PSYoungGen: 349184K->137376K(520192K)] 366573K->154765K(1918464K), 0.0274843 secs] [Times: user=0.15 sys=0.00, real=0.03 secs] 
4442.675: [GC (Allocation Failure) [PSYoungGen: 486560K->114688K(522240K)] 503956K->259692K(1920512K), 0.0647729 secs] [Times: user=0.38 sys=0.00, real=0.07 secs] 
4444.895: [GC (Allocation Failure) [PSYoungGen: 471040K->141824K(524800K)] 616044K->399553K(1923072K), 0.0539265 secs] [Times: user=0.31 sys=0.00, real=0.05 secs] 
4446.423: [GC (Allocation Failure) [PSYoungGen: 498176K->113248K(528384K)] 755905K->503241K(1926656K), 0.0735138 secs] [Times: user=0.44 sys=0.00, real=0.07 secs] 
4447.197: [GC (Allocation Failure) [PSYoungGen: 473184K->149536K(509952K)] 863177K->651078K(1908224K), 0.0546123 secs] [Times: user=0.32 sys=0.00, real=0.06 secs] 
4449.260: [GC (Allocation Failure) [PSYoungGen: 509472K->114848K(528384K)] 1011014K->757366K(1926656K), 0.1390348 secs] [Times: user=0.82 sys=0.01, real=0.14 secs] 
4450.379: [GC (Allocation Failure) [PSYoungGen: 470176K->146176K(501760K)] 1112694K->900539K(1900032K), 0.0547671 secs] [Times: user=0.32 sys=0.01, real=0.05 secs] 
4453.030: [GC (Allocation Failure) [PSYoungGen: 501504K->111808K(526848K)] 1255867K->1003315K(1925120K), 0.1419496 secs] [Times: user=0.84 sys=0.00, real=0.14 secs] 
4454.014: [GC (Allocation Failure) [PSYoungGen: 465088K->149440K(502784K)] 1356595K->1148488K(1901056K), 0.0537447 secs] [Times: user=0.31 sys=0.01, real=0.05 secs] 
4455.727: [GC (Allocation Failure) [PSYoungGen: 502720K->110592K(524288K)] 1501768K->1250136K(1922560K), 0.0679123 secs] [Times: user=0.40 sys=0.01, real=0.07 secs] 
4456.336: [GC (Allocation Failure) [PSYoungGen: 458695K->146272K(494592K)] 1598239K->1392053K(1892864K), 0.0529639 secs] [Times: user=0.32 sys=0.00, real=0.05 secs] 
4456.389: [Full GC (Ergonomics) [PSYoungGen: 146272K->0K(494592K)] [ParOldGen: 1245781K->197074K(1398272K)] 1392053K->197074K(1892864K), [Metaspace: 60428K->60428K(1105920K)], 0.4794411 secs] [Times: user=2.24 sys=0.00, real=0.48 secs] 
4459.000: [GC (Allocation Failure) [PSYoungGen: 348160K->107104K(523264K)] 545234K->304178K(1921536K), 0.0489761 secs] [Times: user=0.29 sys=0.00, real=0.05 secs] 
4459.616: [GC (Allocation Failure) [PSYoungGen: 453612K->144992K(492032K)] 650686K->444327K(1890304K), 0.0497659 secs] [Times: user=0.29 sys=0.00, real=0.05 secs] 
4461.963: [GC (Allocation Failure) [PSYoungGen: 491616K->109440K(522752K)] 790951K->544895K(1921024K), 0.0794372 secs] [Times: user=0.46 sys=0.00, real=0.08 secs] 
4462.535: [GC (Allocation Failure) [PSYoungGen: 447624K->141824K(521216K)] 883079K->682916K(1919488K), 0.0516305 secs] [Times: user=0.30 sys=0.00, real=0.05 secs] 
4464.081: [GC (Allocation Failure) [PSYoungGen: 486912K->110656K(519680K)] 1028004K->784524K(1917952K), 0.0744780 secs] [Times: user=0.44 sys=0.00, real=0.07 secs] 
4464.587: [GC (Allocation Failure) [PSYoungGen: 441440K->140576K(520704K)] 1115308K->920757K(1918976K), 0.0522402 secs] [Times: user=0.31 sys=0.00, real=0.06 secs] 
4466.805: [GC (Allocation Failure) [PSYoungGen: 486688K->105792K(522752K)] 1266869K->1017837K(1921024K), 0.1331854 secs] [Times: user=0.79 sys=0.00, real=0.13 secs] 
4467.688: [GC (Allocation Failure) [PSYoungGen: 450594K->145632K(495104K)] 1362640K->1158894K(1893376K), 0.0512237 secs] [Times: user=0.30 sys=0.00, real=0.06 secs] 
4470.655: [GC (GCLocker Initiated GC) [PSYoungGen: 494816K->104160K(522752K)] 1508078K->1254614K(1921024K), 0.1406223 secs] [Times: user=0.80 sys=0.01, real=0.14 secs] 
4471.584: [GC (Allocation Failure) [PSYoungGen: 450272K->146112K(492544K)] 1600729K->1396318K(1890816K), 0.0512837 secs] [Times: user=0.30 sys=0.00, real=0.05 secs] 
4471.635: [Full GC (Ergonomics) [PSYoungGen: 146112K->0K(492544K)] [ParOldGen: 1250206K->195699K(1398272K)] 1396318K->195699K(1890816K), [Metaspace: 60428K->60428K(1105920K)], 0.4761349 secs] [Times: user=2.23 sys=0.00, real=0.48 secs] 
4473.719: [GC (Allocation Failure) [PSYoungGen: 346112K->106528K(521728K)] 541811K->302227K(1920000K), 0.0368202 secs] [Times: user=0.21 sys=0.00, real=0.03 secs] 
4474.251: [GC (Allocation Failure) [PSYoungGen: 449568K->153920K(497152K)] 645267K->451804K(1895424K), 0.0511105 secs] [Times: user=0.30 sys=0.00, real=0.05 secs] 
4477.013: [GC (Allocation Failure) [PSYoungGen: 496960K->103072K(517632K)] 794844K->537684K(1915904K), 0.1487699 secs] [Times: user=0.88 sys=0.00, real=0.15 secs] 
4477.913: [GC (Allocation Failure) [PSYoungGen: 438432K->141312K(516608K)] 873044K->675309K(1914880K), 0.0497667 secs] [Times: user=0.29 sys=0.00, real=0.05 secs] 
4479.389: [GC (GCLocker Initiated GC) [PSYoungGen: 476672K->102848K(515072K)] 1010669K->769909K(1913344K), 0.0775182 secs] [Times: user=0.46 sys=0.00, real=0.07 secs] 
4480.300: [GC (Allocation Failure) [PSYoungGen: 438720K->141024K(516096K)] 1105784K->906781K(1914368K), 0.0505761 secs] [Times: user=0.30 sys=0.00, real=0.05 secs] 
4482.017: [GC (Allocation Failure) [PSYoungGen: 476896K->105056K(516096K)] 1242653K->1002761K(1914368K), 0.0819002 secs] [Times: user=0.48 sys=0.01, real=0.09 secs] 
4483.225: [GC (Allocation Failure) [PSYoungGen: 442976K->140896K(517120K)] 1340681K->1140070K(1915392K), 0.0521990 secs] [Times: user=0.31 sys=0.00, real=0.05 secs] 
4485.270: [GC (Allocation Failure) [PSYoungGen: 478816K->106432K(516096K)] 1477990K->1237298K(1914368K), 0.1145515 secs] [Times: user=0.68 sys=0.01, real=0.11 secs] 
4486.610: [GC (Allocation Failure) [PSYoungGen: 446400K->138112K(517632K)] 1577266K->1372779K(1915904K), 0.0537780 secs] [Times: user=0.32 sys=0.00, real=0.05 secs] 
4486.663: [Full GC (Ergonomics) [PSYoungGen: 138112K->0K(517632K)] [ParOldGen: 1234667K->172045K(1398272K)] 1372779K->172045K(1915904K), [Metaspace: 60428K->60428K(1105920K)], 0.4142671 secs] [Times: user=1.93 sys=0.01, real=0.41 secs] 
4488.414: [GC (Allocation Failure) [PSYoungGen: 339968K->108352K(516096K)] 512013K->280397K(1914368K), 0.0356615 secs] [Times: user=0.21 sys=0.00, real=0.04 secs] 
4489.698: [GC (Allocation Failure) [PSYoungGen: 451904K->149312K(518656K)] 623949K->427154K(1916928K), 0.0538243 secs] [Times: user=0.31 sys=0.01, real=0.06 secs] 
4491.201: [GC (Allocation Failure) [PSYoungGen: 492864K->108544K(521216K)] 770706K->518218K(1919488K), 0.0654123 secs] [Times: user=0.38 sys=0.01, real=0.06 secs] 
4492.139: [GC (Allocation Failure) [PSYoungGen: 450560K->142656K(519168K)] 860234K->658051K(1917440K), 0.0532469 secs] [Times: user=0.32 sys=0.00, real=0.05 secs] 
4493.810: [GC (Allocation Failure) [PSYoungGen: 484672K->108384K(519168K)] 1000067K->757011K(1917440K), 0.0911874 secs] [Times: user=0.54 sys=0.00, real=0.09 secs] 
4494.829: [GC (Allocation Failure) [PSYoungGen: 451424K->142528K(519680K)] 1100051K->895986K(1917952K), 0.0529250 secs] [Times: user=0.31 sys=0.00, real=0.06 secs] 
4496.456: [GC (Allocation Failure) [PSYoungGen: 485568K->108320K(519680K)] 1239026K->994882K(1917952K), 0.0769146 secs] [Times: user=0.46 sys=0.00, real=0.08 secs] 
4497.368: [GC (Allocation Failure) [PSYoungGen: 452384K->142976K(520192K)] 1338946K->1134815K(1918464K), 0.0536171 secs] [Times: user=0.32 sys=0.00, real=0.06 secs] 
4499.252: [GC (Allocation Failure) [PSYoungGen: 487040K->108352K(520192K)] 1478879K->1233823K(1918464K), 0.0957668 secs] [Times: user=0.56 sys=0.00, real=0.09 secs] 
4500.586: [GC (Allocation Failure) [PSYoungGen: 453440K->143904K(520704K)] 1578911K->1374820K(1918976K), 0.0544351 secs] [Times: user=0.32 sys=0.00, real=0.06 secs] 
4502.083: [GC (Allocation Failure) [PSYoungGen: 488992K->107840K(521216K)] 1719908K->1473208K(1919488K), 0.0662210 secs] [Times: user=0.39 sys=0.00, real=0.07 secs] 
4502.149: [Full GC (Ergonomics) [PSYoungGen: 107840K->0K(521216K)] [ParOldGen: 1365368K->32361K(1398272K)] 1473208K->32361K(1919488K), [Metaspace: 60435K->60435K(1105920K)], 0.0599637 secs] [Times: user=0.22 sys=0.01, real=0.06 secs] 
4503.081: [GC (Allocation Failure) [PSYoungGen: 345600K->143168K(521216K)] 377961K->175529K(1919488K), 0.0287547 secs] [Times: user=0.17 sys=0.00, real=0.03 secs] 
4504.821: [GC (Allocation Failure) [PSYoungGen: 488768K->107968K(521216K)] 521129K->274609K(1919488K), 0.1230990 secs] [Times: user=0.72 sys=0.01, real=0.12 secs] 
4506.224: [GC (Allocation Failure) [PSYoungGen: 453568K->144576K(490496K)] 620209K->416238K(1888768K), 0.0523309 secs] [Times: user=0.31 sys=0.00, real=0.05 secs] 
4508.290: [GC (Allocation Failure) [PSYoungGen: 490176K->106496K(522752K)] 761838K->513746K(1921024K), 0.1510323 secs] [Times: user=0.89 sys=0.01, real=0.15 secs] 
4509.542: [GC (Allocation Failure) [PSYoungGen: 451072K->142208K(520704K)] 858322K->652555K(1918976K), 0.0523223 secs] [Times: user=0.31 sys=0.00, real=0.05 secs] 
4510.989: [GC (GCLocker Initiated GC) [PSYoungGen: 486784K->112000K(519168K)] 997131K->755127K(1917440K), 0.0644388 secs] [Times: user=0.38 sys=0.00, real=0.06 secs] 
4511.673: [GC (GCLocker Initiated GC) [PSYoungGen: 457088K->143936K(520192K)] 1100218K->896151K(1918464K), 0.0540902 secs] [Times: user=0.32 sys=0.00, real=0.05 secs] 
4513.593: [GC (Allocation Failure) [PSYoungGen: 489024K->105440K(522240K)] 1241241K->992525K(1920512K), 0.0775969 secs] [Times: user=0.46 sys=0.00, real=0.08 secs] 
4514.283: [GC (Allocation Failure) [PSYoungGen: 451552K->152960K(499200K)] 1338637K->1142894K(1897472K), 0.0539323 secs] [Times: user=0.32 sys=0.01, real=0.05 secs] 
4516.593: [GC (Allocation Failure) [PSYoungGen: 499072K->109120K(520192K)] 1489006K->1234622K(1918464K), 0.1303072 secs] [Times: user=0.78 sys=0.00, real=0.13 secs] 
4517.452: [GC (Allocation Failure) [PSYoungGen: 448064K->141536K(517632K)] 1573566K->1372671K(1915904K), 0.0534270 secs] [Times: user=0.32 sys=0.00, real=0.05 secs] 
4517.506: [Full GC (Ergonomics) [PSYoungGen: 141536K->0K(517632K)] [ParOldGen: 1231135K->177478K(1398272K)] 1372671K->177478K(1915904K), [Metaspace: 60435K->60435K(1105920K)], 0.4249176 secs] [Times: user=1.98 sys=0.00, real=0.43 secs] 
4519.236: [GC (Allocation Failure) [PSYoungGen: 338944K->105728K(518656K)] 516422K->283206K(1916928K), 0.0346204 secs] [Times: user=0.20 sys=0.00, real=0.04 secs] 
4520.521: [GC (Allocation Failure) [PSYoungGen: 446208K->141376K(518144K)] 623686K->421811K(1916416K), 0.0527108 secs] [Times: user=0.31 sys=0.00, real=0.05 secs] 
4522.144: [GC (Allocation Failure) [PSYoungGen: 481856K->104608K(519168K)] 762291K->517371K(1917440K), 0.0836967 secs] [Times: user=0.45 sys=0.01, real=0.08 secs] 
4523.937: [GC (Allocation Failure) [PSYoungGen: 447136K->141984K(519680K)] 859899K->656256K(1917952K), 0.0514096 secs] [Times: user=0.30 sys=0.00, real=0.05 secs] 
4525.471: [GC (Allocation Failure) [PSYoungGen: 484512K->108384K(518144K)] 998784K->755184K(1916416K), 0.0722417 secs] [Times: user=0.43 sys=0.00, real=0.07 secs] 
4526.540: [GC (Allocation Failure) [PSYoungGen: 451424K->143680K(519168K)] 1098224K->896180K(1917440K), 0.0537145 secs] [Times: user=0.32 sys=0.00, real=0.05 secs] 
4528.096: [GC (Allocation Failure) [PSYoungGen: 486720K->106688K(521216K)] 1239220K->994012K(1919488K), 0.0895002 secs] [Times: user=0.53 sys=0.00, real=0.09 secs] 
4529.362: [GC (Allocation Failure) [PSYoungGen: 450752K->142432K(520704K)] 1338076K->1133496K(1918976K), 0.0525837 secs] [Times: user=0.31 sys=0.00, real=0.05 secs] 
4531.264: [GC (Allocation Failure) [PSYoungGen: 486496K->108864K(518656K)] 1477560K->1232860K(1916928K), 0.1251123 secs] [Times: user=0.74 sys=0.01, real=0.13 secs] 
4532.836: [GC (Allocation Failure) [PSYoungGen: 452928K->141920K(519680K)] 1576924K->1371401K(1917952K), 0.0531997 secs] [Times: user=0.31 sys=0.00, real=0.06 secs] 
4534.291: [GC (Allocation Failure) [PSYoungGen: 485984K->108640K(520704K)] 1715465K->1470389K(1918976K), 0.0653877 secs] [Times: user=0.39 sys=0.00, real=0.06 secs] 
4534.357: [Full GC (Ergonomics) [PSYoungGen: 108640K->0K(520704K)] [ParOldGen: 1361749K->30569K(1398272K)] 1470389K->30569K(1918976K), [Metaspace: 60460K->60460K(1105920K)], 0.0543177 secs] [Times: user=0.18 sys=0.00, real=0.06 secs] 
4535.128: [GC (Allocation Failure) [PSYoungGen: 346112K->145120K(521216K)] 376681K->175689K(1919488K), 0.0290725 secs] [Times: user=0.17 sys=0.00, real=0.03 secs] 
4536.804: [GC (Allocation Failure) [PSYoungGen: 491232K->108704K(521728K)] 521801K->275417K(1920000K), 0.0673353 secs] [Times: user=0.39 sys=0.00, real=0.07 secs] 
4538.368: [GC (Allocation Failure) [PSYoungGen: 454304K->144288K(521216K)] 621017K->416502K(1919488K), 0.0526743 secs] [Times: user=0.31 sys=0.00, real=0.06 secs] 
4540.170: [GC (Allocation Failure) [PSYoungGen: 489888K->108928K(521216K)] 762102K->516546K(1919488K), 0.0775164 secs] [Times: user=0.46 sys=0.00, real=0.07 secs] 
4542.027: [GC (GCLocker Initiated GC) [PSYoungGen: 454528K->140704K(521216K)] 862146K->653967K(1919488K), 0.0524618 secs] [Times: user=0.31 sys=0.00, real=0.06 secs] 
4543.564: [GC (Allocation Failure) [PSYoungGen: 486304K->108896K(520192K)] 999605K->753477K(1918464K), 0.0638818 secs] [Times: user=0.38 sys=0.00, real=0.06 secs] 
4544.312: [GC (Allocation Failure) [PSYoungGen: 455520K->144000K(521216K)] 1100101K->894914K(1919488K), 0.0530880 secs] [Times: user=0.31 sys=0.00, real=0.05 secs] 
4546.135: [GC (Allocation Failure) [PSYoungGen: 490624K->108064K(522752K)] 1241538K->993730K(1921024K), 0.1001001 secs] [Times: user=0.59 sys=0.01, real=0.10 secs] 
4548.213: [GC (Allocation Failure) [PSYoungGen: 455200K->142528K(522240K)] 1340866K->1133199K(1920512K), 0.0530383 secs] [Times: user=0.31 sys=0.00, real=0.05 secs] 
4549.794: [GC (Allocation Failure) [PSYoungGen: 489664K->108864K(521216K)] 1480335K->1232719K(1919488K), 0.0764012 secs] [Times: user=0.45 sys=0.00, real=0.08 secs] 
4550.507: [GC (Allocation Failure) [PSYoungGen: 456000K->144448K(521728K)] 1579855K->1375237K(1920000K), 0.0555028 secs] [Times: user=0.33 sys=0.00, real=0.06 secs] 
4553.852: [GC (Allocation Failure) [PSYoungGen: 491584K->106048K(523264K)] 1722373K->1472557K(1921536K), 0.1236011 secs] [Times: user=0.74 sys=0.00, real=0.12 secs] 
4553.976: [Full GC (Ergonomics) [PSYoungGen: 106048K->0K(523264K)] [ParOldGen: 1366509K->39973K(1398272K)] 1472557K->39973K(1921536K), [Metaspace: 60460K->60460K(1105920K)], 0.1098976 secs] [Times: user=0.44 sys=0.00, real=0.11 secs] 
4555.426: [GC (Allocation Failure) [PSYoungGen: 346624K->152480K(499200K)] 386597K->192453K(1897472K), 0.0288524 secs] [Times: user=0.17 sys=0.00, real=0.03 secs] 
4557.315: [GC (Allocation Failure) [PSYoungGen: 499104K->108128K(520192K)] 539077K->283597K(1918464K), 0.1133420 secs] [Times: user=0.67 sys=0.00, real=0.11 secs] 
4558.466: [GC (Allocation Failure) [PSYoungGen: 447584K->142816K(518144K)] 623053K->422630K(1916416K), 0.0521386 secs] [Times: user=0.30 sys=0.00, real=0.05 secs] 
4560.166: [GC (Allocation Failure) [PSYoungGen: 482272K->105312K(518144K)] 762086K->519066K(1916416K), 0.0907055 secs] [Times: user=0.54 sys=0.00, real=0.09 secs] 
4561.732: [GC (Allocation Failure) [PSYoungGen: 445792K->139904K(518656K)] 859546K->655847K(1916928K), 0.0511058 secs] [Times: user=0.30 sys=0.00, real=0.05 secs] 
4563.464: [GC (Allocation Failure) [PSYoungGen: 480384K->105600K(517632K)] 996327K->751931K(1915904K), 0.1327339 secs] [Times: user=0.78 sys=0.00, real=0.13 secs] 
4564.605: [GC (Allocation Failure) [PSYoungGen: 448128K->143104K(519168K)] 1094459K->892124K(1917440K), 0.0534291 secs] [Times: user=0.32 sys=0.00, real=0.05 secs] 
4566.143: [GC (Allocation Failure) [PSYoungGen: 485632K->107488K(520192K)] 1234652K->990200K(1918464K), 0.0664168 secs] [Times: user=0.40 sys=0.00, real=0.07 secs] 
4566.775: [GC (Allocation Failure) [PSYoungGen: 451040K->152736K(496640K)] 1333752K->1140985K(1894912K), 0.0546621 secs] [Times: user=0.32 sys=0.00, real=0.06 secs] 
4568.737: [GC (Allocation Failure) [PSYoungGen: 496288K->105888K(518656K)] 1484537K->1230169K(1916928K), 0.0837448 secs] [Times: user=0.49 sys=0.00, real=0.09 secs] 
4570.088: [GC (Allocation Failure) [PSYoungGen: 442784K->139776K(517120K)] 1567065K->1366974K(1915392K), 0.0526475 secs] [Times: user=0.31 sys=0.00, real=0.06 secs] 
4571.849: [GC (Allocation Failure) [PSYoungGen: 476672K->104832K(516096K)] 1703870K->1462358K(1914368K), 0.1145632 secs] [Times: user=0.68 sys=0.01, real=0.11 secs] 
4571.964: [Full GC (Ergonomics) [PSYoungGen: 104832K->0K(516096K)] [ParOldGen: 1357526K->28461K(1398272K)] 1462358K->28461K(1914368K), [Metaspace: 60460K->60460K(1105920K)], 0.0669569 secs] [Times: user=0.22 sys=0.00, real=0.07 secs] 
4573.412: [GC (Allocation Failure) [PSYoungGen: 338432K->138496K(516608K)] 366893K->166957K(1914880K), 0.0277210 secs] [Times: user=0.15 sys=0.00, real=0.03 secs] 
4574.837: [GC (Allocation Failure) [PSYoungGen: 476928K->109472K(515584K)] 505389K->266481K(1913856K), 0.0640467 secs] [Times: user=0.38 sys=0.00, real=0.07 secs] 
4576.144: [GC (Allocation Failure) [PSYoungGen: 452000K->139264K(518144K)] 609009K->403294K(1916416K), 0.0526261 secs] [Times: user=0.31 sys=0.00, real=0.05 secs] 
4577.612: [GC (Allocation Failure) [PSYoungGen: 481792K->111136K(518656K)] 745822K->505182K(1916928K), 0.0697419 secs] [Times: user=0.41 sys=0.00, real=0.07 secs] 
4578.974: [GC (Allocation Failure) [PSYoungGen: 458272K->139936K(520704K)] 852318K->642879K(1918976K), 0.0533218 secs] [Times: user=0.31 sys=0.00, real=0.05 secs] 
4580.612: [GC (Allocation Failure) [PSYoungGen: 487072K->112512K(521216K)] 990015K->745535K(1919488K), 0.0712451 secs] [Times: user=0.42 sys=0.01, real=0.07 secs] 
4581.950: [GC (Allocation Failure) [PSYoungGen: 463232K->142912K(522752K)] 1096255K->886171K(1921024K), 0.0543831 secs] [Times: user=0.32 sys=0.00, real=0.05 secs] 
4583.404: [GC (GCLocker Initiated GC) [PSYoungGen: 493632K->112960K(523776K)] 1236892K->989636K(1922048K), 0.0656796 secs] [Times: user=0.39 sys=0.00, real=0.07 secs] 
4584.503: [GC (Allocation Failure) [PSYoungGen: 465728K->146496K(499712K)] 1342474K->1133311K(1897984K), 0.0546544 secs] [Times: user=0.32 sys=0.00, real=0.05 secs] 
4586.189: [GC (Allocation Failure) [PSYoungGen: 499264K->112064K(526336K)] 1486079K->1236399K(1924608K), 0.0678135 secs] [Times: user=0.40 sys=0.01, real=0.06 secs] 
4587.541: [GC (Allocation Failure) [PSYoungGen: 463296K->145664K(497152K)] 1587631K->1377940K(1895424K), 0.0542179 secs] [Times: user=0.32 sys=0.00, real=0.05 secs] 
4589.772: [GC (Allocation Failure) [PSYoungGen: 496896K->109568K(525312K)] 1729172K->1478268K(1923584K), 0.0980180 secs] [Times: user=0.58 sys=0.00, real=0.10 secs] 
4589.870: [Full GC (Ergonomics) [PSYoungGen: 109568K->0K(525312K)] [ParOldGen: 1368700K->45180K(1398272K)] 1478268K->45180K(1923584K), [Metaspace: 60460K->60460K(1105920K)], 0.0986214 secs] [Times: user=0.39 sys=0.00, real=0.10 secs] 
4591.192: [GC (Allocation Failure) [PSYoungGen: 349696K->146944K(497152K)] 394876K->192124K(1895424K), 0.0296385 secs] [Times: user=0.18 sys=0.00, real=0.03 secs] 
4592.689: [GC (Allocation Failure) [PSYoungGen: 496640K->110880K(523776K)] 541820K->294188K(1922048K), 0.0724881 secs] [Times: user=0.43 sys=0.00, real=0.07 secs] 
4593.593: [GC (Allocation Failure) [PSYoungGen: 458016K->144928K(492544K)] 641324K->435373K(1890816K), 0.0527095 secs] [Times: user=0.31 sys=0.00, real=0.05 secs] 
4595.511: [GC (Allocation Failure) [PSYoungGen: 492064K->109632K(523776K)] 782509K->535917K(1922048K), 0.0650615 secs] [Times: user=0.39 sys=0.00, real=0.06 secs] 
4596.435: [GC (Allocation Failure) [PSYoungGen: 456256K->145408K(492544K)] 882541K->677794K(1890816K), 0.0637117 secs] [Times: user=0.38 sys=0.00, real=0.07 secs] 
4599.301: [GC (Allocation Failure) [PSYoungGen: 492032K->104960K(522240K)] 1024418K->774338K(1920512K), 0.1170616 secs] [Times: user=0.69 sys=0.00, real=0.11 secs] 
4599.967: [GC (Allocation Failure) [PSYoungGen: 449536K->145536K(490496K)] 1118914K->916295K(1888768K), 0.0511059 secs] [Times: user=0.30 sys=0.01, real=0.05 secs] 
4602.202: [GC (Allocation Failure) [PSYoungGen: 490112K->104672K(521216K)] 1260871K->1012479K(1919488K), 0.0986363 secs] [Times: user=0.58 sys=0.00, real=0.10 secs] 
4602.796: [GC (Allocation Failure) [PSYoungGen: 447200K->144992K(487936K)] 1355007K->1153808K(1886208K), 0.0507879 secs] [Times: user=0.30 sys=0.00, real=0.05 secs] 
4605.363: [GC (Allocation Failure) [PSYoungGen: 487520K->105600K(520704K)] 1496336K->1250288K(1918976K), 0.1627038 secs] [Times: user=0.97 sys=0.00, real=0.16 secs] 
4606.233: [GC (Allocation Failure) [PSYoungGen: 446592K->142688K(519168K)] 1591280K->1389189K(1917440K), 0.0517903 secs] [Times: user=0.31 sys=0.00, real=0.05 secs] 
4606.285: [Full GC (Ergonomics) [PSYoungGen: 142688K->0K(519168K)] [ParOldGen: 1246501K->193460K(1398272K)] 1389189K->193460K(1917440K), [Metaspace: 60461K->60461K(1105920K)], 0.4752506 secs] [Times: user=2.22 sys=0.00, real=0.48 secs] 
4608.361: [GC (GCLocker Initiated GC) [PSYoungGen: 340992K->101312K(520192K)] 534454K->294775K(1918464K), 0.0594966 secs] [Times: user=0.35 sys=0.00, real=0.06 secs] 
4609.145: [GC (GCLocker Initiated GC) [PSYoungGen: 442304K->143072K(484352K)] 635771K->433336K(1882624K), 0.0486045 secs] [Times: user=0.28 sys=0.00, real=0.05 secs] 
4611.036: [GC (Allocation Failure) [PSYoungGen: 484064K->103840K(520192K)] 774330K->528178K(1918464K), 0.0942280 secs] [Times: user=0.56 sys=0.00, real=0.10 secs] 
4612.057: [GC (Allocation Failure) [PSYoungGen: 443808K->143840K(518656K)] 868146K->667743K(1916928K), 0.0507294 secs] [Times: user=0.30 sys=0.00, real=0.05 secs] 
4613.819: [GC (Allocation Failure) [PSYoungGen: 483710K->106624K(517632K)] 1007614K->765255K(1915904K), 0.0809163 secs] [Times: user=0.47 sys=0.01, real=0.08 secs] 
4615.013: [GC (Allocation Failure) [PSYoungGen: 446592K->142976K(518144K)] 1105223K->904892K(1916416K), 0.0521329 secs] [Times: user=0.31 sys=0.00, real=0.05 secs] 
4616.871: [GC (GCLocker Initiated GC) [PSYoungGen: 482944K->103552K(519168K)] 1244862K->999486K(1917440K), 0.1006299 secs] [Times: user=0.59 sys=0.01, real=0.10 secs] 
4617.728: [GC (Allocation Failure) [PSYoungGen: 444544K->142624K(519168K)] 1340481K->1138773K(1917440K), 0.0523779 secs] [Times: user=0.31 sys=0.00, real=0.06 secs] 
4619.845: [GC (Allocation Failure) [PSYoungGen: 483616K->105056K(519168K)] 1479765K->1234405K(1917440K), 0.1741828 secs] [Times: user=1.02 sys=0.01, real=0.18 secs] 
4621.372: [GC (Allocation Failure) [PSYoungGen: 446048K->140128K(519168K)] 1575397K->1371306K(1917440K), 0.0529762 secs] [Times: user=0.31 sys=0.00, real=0.05 secs] 
4621.425: [Full GC (Ergonomics) [PSYoungGen: 140128K->0K(519168K)] [ParOldGen: 1231178K->169977K(1398272K)] 1371306K->169977K(1917440K), [Metaspace: 60461K->60461K(1105920K)], 0.3979611 secs] [Times: user=1.84 sys=0.01, real=0.40 secs] 
4623.196: [GC (Allocation Failure) [PSYoungGen: 340992K->107840K(516096K)] 510969K->277817K(1914368K), 0.0378091 secs] [Times: user=0.22 sys=0.00, real=0.04 secs] 
4624.232: [GC (Allocation Failure) [PSYoungGen: 449856K->143328K(518144K)] 619833K->418053K(1916416K), 0.0537624 secs] [Times: user=0.32 sys=0.00, real=0.05 secs] 
4625.828: [GC (Allocation Failure) [PSYoungGen: 485344K->106560K(520704K)] 760069K->515589K(1918976K), 0.0708682 secs] [Times: user=0.41 sys=0.01, real=0.08 secs] 
4627.048: [GC (Allocation Failure) [PSYoungGen: 451136K->142368K(520704K)] 860165K->655545K(1918976K), 0.0523270 secs] [Times: user=0.31 sys=0.00, real=0.06 secs] 
4629.052: [GC (Allocation Failure) [PSYoungGen: 486944K->109024K(519680K)] 1000121K->755449K(1917952K), 0.1276689 secs] [Times: user=0.76 sys=0.00, real=0.13 secs] 
4630.489: [GC (Allocation Failure) [PSYoungGen: 453600K->144256K(520192K)] 1100025K->896790K(1918464K), 0.0535177 secs] [Times: user=0.32 sys=0.00, real=0.05 secs] 
4631.940: [GC (Allocation Failure) [PSYoungGen: 488832K->106720K(521216K)] 1241366K->994586K(1919488K), 0.0691789 secs] [Times: user=0.41 sys=0.00, real=0.07 secs] 
4632.798: [GC (Allocation Failure) [PSYoungGen: 451296K->144256K(520704K)] 1339162K->1136587K(1918976K), 0.0538053 secs] [Times: user=0.31 sys=0.00, real=0.06 secs] 
4634.265: [GC (Allocation Failure) [PSYoungGen: 488832K->108384K(520704K)] 1481163K->1236243K(1918976K), 0.0658893 secs] [Times: user=0.39 sys=0.00, real=0.07 secs] 
4635.601: [GC (Allocation Failure) [PSYoungGen: 452960K->140928K(520704K)] 1580819K->1374455K(1918976K), 0.0530124 secs] [Times: user=0.31 sys=0.00, real=0.05 secs] 
4635.654: [Full GC (Ergonomics) [PSYoungGen: 140928K->0K(520704K)] [ParOldGen: 1233527K->172175K(1398272K)] 1374455K->172175K(1918976K), [Metaspace: 60461K->60461K(1105920K)], 0.4102384 secs] [Times: user=1.91 sys=0.00, real=0.41 secs] 
4637.759: [GC (Allocation Failure) [PSYoungGen: 344576K->107936K(519680K)] 516751K->280112K(1917952K), 0.0754393 secs] [Times: user=0.45 sys=0.00, real=0.07 secs] 
4639.338: [GC (Allocation Failure) [PSYoungGen: 453536K->140832K(520704K)] 625712K->418008K(1918976K), 0.0534963 secs] [Times: user=0.31 sys=0.00, real=0.06 secs] 
4640.793: [GC (Allocation Failure) [PSYoungGen: 486432K->111648K(519680K)] 763608K->520232K(1917952K), 0.0640228 secs] [Times: user=0.38 sys=0.00, real=0.06 secs] 
4641.805: [GC (Allocation Failure) [PSYoungGen: 459296K->142688K(521216K)] 867880K->659989K(1919488K), 0.0539632 secs] [Times: user=0.32 sys=0.00, real=0.06 secs] 
4643.858: [GC (Allocation Failure) [PSYoungGen: 490336K->111296K(522240K)] 1007637K->761817K(1920512K), 0.0895706 secs] [Times: user=0.54 sys=0.00, real=0.09 secs] 
4644.791: [GC (Allocation Failure) [PSYoungGen: 460992K->146368K(522752K)] 1111513K->905206K(1921024K), 0.0541695 secs] [Times: user=0.31 sys=0.00, real=0.05 secs] 
4646.492: [GC (Allocation Failure) [PSYoungGen: 496064K->109952K(523776K)] 1254902K->1005902K(1922048K), 0.0705741 secs] [Times: user=0.41 sys=0.01, real=0.07 secs] 
4647.666: [GC (Allocation Failure) [PSYoungGen: 458624K->144832K(493568K)] 1354574K->1146675K(1891840K), 0.0536145 secs] [Times: user=0.32 sys=0.00, real=0.06 secs] 
4649.549: [GC (Allocation Failure) [PSYoungGen: 493504K->107488K(523776K)] 1495347K->1244899K(1922048K), 0.1163323 secs] [Times: user=0.69 sys=0.00, real=0.12 secs] 
4650.570: [GC (Allocation Failure) [PSYoungGen: 454624K->146720K(494080K)] 1592035K->1387416K(1892352K), 0.0524583 secs] [Times: user=0.31 sys=0.00, real=0.05 secs] 
4650.623: [Full GC (Ergonomics) [PSYoungGen: 146720K->0K(494080K)] [ParOldGen: 1240696K->184886K(1398272K)] 1387416K->184886K(1892352K), [Metaspace: 60461K->60461K(1105920K)], 0.4280552 secs] [Times: user=1.96 sys=0.00, real=0.43 secs] 
4653.240: [GC (Allocation Failure) [PSYoungGen: 347136K->107520K(522240K)] 532022K->292406K(1920512K), 0.0660501 secs] [Times: user=0.39 sys=0.00, real=0.06 secs] 
4654.129: [GC (Allocation Failure) [PSYoungGen: 451584K->153920K(498176K)] 636470K->442759K(1896448K), 0.0527450 secs] [Times: user=0.31 sys=0.00, real=0.05 secs] 
4655.644: [GC (Allocation Failure) [PSYoungGen: 497984K->111104K(519168K)] 786823K->536911K(1917440K), 0.0646078 secs] [Times: user=0.38 sys=0.00, real=0.06 secs] 
4656.242: [GC (Allocation Failure) [PSYoungGen: 448512K->142880K(517120K)] 874319K->673287K(1915392K), 0.0518171 secs] [Times: user=0.31 sys=0.00, real=0.05 secs] 
4658.035: [GC (Allocation Failure) [PSYoungGen: 480288K->103232K(518144K)] 1010695K->767347K(1916416K), 0.0955456 secs] [Times: user=0.56 sys=0.00, real=0.10 secs] 
4659.587: [GC (Allocation Failure) [PSYoungGen: 441664K->142368K(517632K)] 1105779K->905448K(1915904K), 0.0508388 secs] [Times: user=0.29 sys=0.00, real=0.05 secs] 
4661.580: [GC (GCLocker Initiated GC) [PSYoungGen: 480800K->105920K(517632K)] 1243880K->1002180K(1915904K), 0.1193179 secs] [Times: user=0.71 sys=0.00, real=0.12 secs] 
4662.853: [GC (Allocation Failure) [PSYoungGen: 445376K->140320K(518144K)] 1341707K->1139776K(1916416K), 0.0522880 secs] [Times: user=0.31 sys=0.00, real=0.05 secs] 
4664.408: [GC (Allocation Failure) [PSYoungGen: 479776K->108128K(516096K)] 1479232K->1238604K(1914368K), 0.0780102 secs] [Times: user=0.46 sys=0.00, real=0.08 secs] 
4665.149: [GC (Allocation Failure) [PSYoungGen: 449632K->143456K(518144K)] 1580108K->1379465K(1916416K), 0.0533945 secs] [Times: user=0.31 sys=0.00, real=0.05 secs] 
4665.203: [Full GC (Ergonomics) [PSYoungGen: 143456K->0K(518144K)] [ParOldGen: 1236009K->177213K(1398272K)] 1379465K->177213K(1916416K), [Metaspace: 60461K->60461K(1105920K)], 0.4338581 secs] [Times: user=2.02 sys=0.00, real=0.43 secs] 
4667.626: [GC (Allocation Failure) [PSYoungGen: 341504K->104160K(520704K)] 518717K->281373K(1918976K), 0.1087852 secs] [Times: user=0.64 sys=0.01, real=0.11 secs] 
4669.439: [GC (Allocation Failure) [PSYoungGen: 447200K->142176K(520192K)] 624413K->420514K(1918464K), 0.0520640 secs] [Times: user=0.30 sys=0.00, real=0.05 secs] 
4671.599: [GC (Allocation Failure) [PSYoungGen: 485216K->107520K(519168K)] 763554K->519034K(1917440K), 0.1422183 secs] [Times: user=0.84 sys=0.01, real=0.14 secs] 
4673.212: [GC (Allocation Failure) [PSYoungGen: 450560K->141664K(519680K)] 862074K->657183K(1917952K), 0.0524732 secs] [Times: user=0.31 sys=0.00, real=0.05 secs] 
4674.930: [GC (Allocation Failure) [PSYoungGen: 484704K->108416K(519168K)] 1000223K->756263K(1917440K), 0.1269764 secs] [Times: user=0.75 sys=0.00, real=0.12 secs] 
4676.325: [GC (Allocation Failure) [PSYoungGen: 452992K->142464K(520192K)] 1100839K->895716K(1918464K), 0.0535361 secs] [Times: user=0.31 sys=0.00, real=0.05 secs] 
4678.246: [GC (Allocation Failure) [PSYoungGen: 487040K->108192K(520704K)] 1240292K->994876K(1918976K), 0.1166646 secs] [Times: user=0.69 sys=0.01, real=0.12 secs] 
4679.214: [GC (Allocation Failure) [PSYoungGen: 454304K->144640K(521216K)] 1340988K->1136600K(1919488K), 0.0530711 secs] [Times: user=0.31 sys=0.00, real=0.05 secs] 
4681.016: [GC (Allocation Failure) [PSYoungGen: 490752K->108448K(521728K)] 1482712K->1235720K(1920000K), 0.1191546 secs] [Times: user=0.71 sys=0.00, real=0.12 secs] 
4681.761: [GC (Allocation Failure) [PSYoungGen: 454048K->142912K(521216K)] 1581320K->1376820K(1919488K), 0.0542307 secs] [Times: user=0.32 sys=0.00, real=0.05 secs] 
4681.816: [Full GC (Ergonomics) [PSYoungGen: 142912K->0K(521216K)] [ParOldGen: 1233908K->176865K(1398272K)] 1376820K->176865K(1919488K), [Metaspace: 60461K->60461K(1105920K)], 0.4155834 secs] [Times: user=1.91 sys=0.00, real=0.42 secs] 
4683.824: [GC (Allocation Failure) [PSYoungGen: 345600K->108832K(520704K)] 522465K->285697K(1918976K), 0.0518203 secs] [Times: user=0.30 sys=0.00, real=0.05 secs] 
4684.988: [GC (Allocation Failure) [PSYoungGen: 454944K->144608K(521216K)] 631809K->427262K(1919488K), 0.0536664 secs] [Times: user=0.31 sys=0.00, real=0.06 secs] 
4687.456: [GC (Allocation Failure) [PSYoungGen: 490720K->111936K(521216K)] 773374K->530110K(1919488K), 0.1458015 secs] [Times: user=0.87 sys=0.00, real=0.15 secs] 
4688.621: [GC (Allocation Failure) [PSYoungGen: 458048K->143392K(521216K)] 876222K->667543K(1919488K), 0.0525830 secs] [Times: user=0.31 sys=0.00, real=0.05 secs] 
4690.089: [GC (Allocation Failure) [PSYoungGen: 489504K->111744K(521216K)] 1013655K->769759K(1919488K), 0.0644869 secs] [Times: user=0.39 sys=0.00, real=0.06 secs] 
4690.758: [GC (Allocation Failure) [PSYoungGen: 458880K->155360K(502784K)] 1116895K->920960K(1901056K), 0.0541045 secs] [Times: user=0.32 sys=0.00, real=0.06 secs] 
4692.777: [GC (GCLocker Initiated GC) [PSYoungGen: 502496K->107776K(520192K)] 1268096K->1011224K(1918464K), 0.0963576 secs] [Times: user=0.57 sys=0.01, real=0.10 secs] 
4693.527: [GC (Allocation Failure) [PSYoungGen: 447232K->145120K(518144K)] 1350683K->1152788K(1916416K), 0.0535662 secs] [Times: user=0.31 sys=0.00, real=0.06 secs] 
4695.970: [GC (GCLocker Initiated GC) [PSYoungGen: 484576K->104096K(519168K)] 1492244K->1247996K(1917440K), 0.1179396 secs] [Times: user=0.70 sys=0.00, real=0.11 secs] 
4697.027: [GC (Allocation Failure) [PSYoungGen: 442528K->142048K(518144K)] 1586467K->1385856K(1916416K), 0.0519549 secs] [Times: user=0.30 sys=0.00, real=0.05 secs] 
4697.079: [Full GC (Ergonomics) [PSYoungGen: 142048K->0K(518144K)] [ParOldGen: 1243808K->182875K(1398272K)] 1385856K->182875K(1916416K), [Metaspace: 60461K->60461K(1105920K)], 0.4389707 secs] [Times: user=2.04 sys=0.00, real=0.44 secs] 
4699.024: [GC (Allocation Failure) [PSYoungGen: 338432K->106592K(516608K)] 521307K->289467K(1914880K), 0.0338157 secs] [Times: user=0.20 sys=0.01, real=0.03 secs] 
4699.653: [GC (Allocation Failure) [PSYoungGen: 445536K->143136K(517632K)] 628411K->428696K(1915904K), 0.0514499 secs] [Times: user=0.30 sys=0.00, real=0.05 secs] 
4701.718: [GC (Allocation Failure) [PSYoungGen: 482080K->104576K(518144K)] 767640K->524124K(1916416K), 0.1053733 secs] [Times: user=0.62 sys=0.00, real=0.11 secs] 
4702.926: [GC (Allocation Failure) [PSYoungGen: 445056K->140416K(518656K)] 864604K->661609K(1916928K), 0.0513452 secs] [Times: user=0.30 sys=0.01, real=0.05 secs] 
4705.019: [GC (Allocation Failure) [PSYoungGen: 480896K->108384K(517120K)] 1002089K->760593K(1915392K), 0.0919903 secs] [Times: user=0.54 sys=0.00, real=0.09 secs] 
4706.184: [GC (Allocation Failure) [PSYoungGen: 450400K->140416K(518656K)] 1102609K->897881K(1916928K), 0.0531468 secs] [Times: user=0.31 sys=0.00, real=0.05 secs] 
4707.660: [GC (Allocation Failure) [PSYoungGen: 482432K->109568K(518656K)] 1239897K->998177K(1916928K), 0.0647259 secs] [Times: user=0.38 sys=0.00, real=0.06 secs] 
4708.384: [GC (Allocation Failure) [PSYoungGen: 454656K->145184K(520192K)] 1343265K->1141722K(1918464K), 0.0551554 secs] [Times: user=0.32 sys=0.00, real=0.06 secs] 
4710.683: [GC (Allocation Failure) [PSYoungGen: 490272K->105792K(522240K)] 1486810K->1238922K(1920512K), 0.1552393 secs] [Times: user=0.92 sys=0.01, real=0.15 secs] 
4711.834: [GC (Allocation Failure) [PSYoungGen: 450880K->144064K(489472K)] 1584010K->1380014K(1887744K), 0.0530973 secs] [Times: user=0.31 sys=0.00, real=0.05 secs] 
4711.887: [Full GC (Ergonomics) [PSYoungGen: 144064K->0K(489472K)] [ParOldGen: 1235950K->177397K(1398272K)] 1380014K->177397K(1887744K), [Metaspace: 60464K->60464K(1105920K)], 0.4165997 secs] [Times: user=1.93 sys=0.00, real=0.42 secs] 
4714.102: [GC (Allocation Failure) [PSYoungGen: 345088K->107744K(522752K)] 522485K->285141K(1921024K), 0.0634959 secs] [Times: user=0.37 sys=0.00, real=0.06 secs] 
4715.401: [GC (Allocation Failure) [PSYoungGen: 452320K->141344K(520704K)] 629717K->423702K(1918976K), 0.0532136 secs] [Times: user=0.32 sys=0.00, real=0.05 secs] 
4717.258: [GC (GCLocker Initiated GC) [PSYoungGen: 485920K->107776K(520704K)] 768278K->522286K(1918976K), 0.1558857 secs] [Times: user=0.92 sys=0.01, real=0.16 secs] 
4718.477: [GC (Allocation Failure) [PSYoungGen: 453376K->152448K(498176K)] 867889K->671245K(1896448K), 0.0534675 secs] [Times: user=0.32 sys=0.00, real=0.06 secs] 
4720.131: [GC (Allocation Failure) [PSYoungGen: 498048K->109056K(520192K)] 1016845K->762741K(1918464K), 0.0848238 secs] [Times: user=0.50 sys=0.00, real=0.08 secs] 
4721.315: [GC (Allocation Failure) [PSYoungGen: 448512K->141472K(518144K)] 1102197K->900714K(1916416K), 0.0531298 secs] [Times: user=0.31 sys=0.00, real=0.05 secs] 
4722.925: [GC (Allocation Failure) [PSYoungGen: 480928K->107840K(517632K)] 1240170K->999098K(1915904K), 0.0792170 secs] [Times: user=0.47 sys=0.00, real=0.08 secs] 
4723.698: [GC (Allocation Failure) [PSYoungGen: 448832K->142112K(518144K)] 1340090K->1138231K(1916416K), 0.0535898 secs] [Times: user=0.31 sys=0.01, real=0.06 secs] 
4725.380: [GC (Allocation Failure) [PSYoungGen: 483104K->105088K(519680K)] 1479223K->1234039K(1917952K), 0.0719796 secs] [Times: user=0.43 sys=0.00, real=0.07 secs] 
4726.604: [GC (Allocation Failure) [PSYoungGen: 448640K->141408K(520192K)] 1577591K->1372855K(1918464K), 0.0541328 secs] [Times: user=0.32 sys=0.00, real=0.05 secs] 
4728.603: [GC (Allocation Failure) [PSYoungGen: 484960K->109504K(519168K)] 1716407K->1473055K(1917440K), 0.1063417 secs] [Times: user=0.62 sys=0.01, real=0.11 secs] 
4728.710: [Full GC (Ergonomics) [PSYoungGen: 109504K->0K(519168K)] [ParOldGen: 1363550K->34369K(1398272K)] 1473055K->34369K(1917440K), [Metaspace: 60464K->60464K(1105920K)], 0.0699573 secs] [Times: user=0.27 sys=0.00, real=0.07 secs] 
4730.601: [GC (Allocation Failure) [PSYoungGen: 344576K->140384K(520192K)] 378945K->174753K(1918464K), 0.0283785 secs] [Times: user=0.16 sys=0.01, real=0.03 secs] 
4732.196: [GC (Allocation Failure) [PSYoungGen: 484960K->110880K(519680K)] 519329K->276173K(1917952K), 0.0975600 secs] [Times: user=0.58 sys=0.00, real=0.10 secs] 
4733.809: [GC (Allocation Failure) [PSYoungGen: 458016K->141856K(521216K)] 623309K->415290K(1919488K), 0.0530723 secs] [Times: user=0.31 sys=0.00, real=0.05 secs] 
4735.933: [GC (GCLocker Initiated GC) [PSYoungGen: 488992K->108640K(522240K)] 762426K->514535K(1920512K), 0.1566420 secs] [Times: user=0.93 sys=0.01, real=0.16 secs] 
4737.553: [GC (Allocation Failure) [PSYoungGen: 457824K->144768K(522752K)] 863721K->656406K(1921024K), 0.0534297 secs] [Times: user=0.31 sys=0.00, real=0.05 secs] 
4739.394: [GC (Allocation Failure) [PSYoungGen: 493952K->109856K(523264K)] 1005590K->756894K(1921536K), 0.1479291 secs] [Times: user=0.88 sys=0.00, real=0.15 secs] 
4740.493: [GC (Allocation Failure) [PSYoungGen: 458528K->144288K(522752K)] 1105566K->898355K(1921024K), 0.0540143 secs] [Times: user=0.32 sys=0.00, real=0.05 secs] 
4742.159: [GC (Allocation Failure) [PSYoungGen: 492960K->109920K(522752K)] 1247027K->999491K(1921024K), 0.1131386 secs] [Times: user=0.67 sys=0.01, real=0.11 secs] 
4743.274: [GC (Allocation Failure) [PSYoungGen: 458592K->148096K(497152K)] 1348163K->1143152K(1895424K), 0.0548138 secs] [Times: user=0.33 sys=0.01, real=0.05 secs] 
4745.263: [GC (Allocation Failure) [PSYoungGen: 496768K->105344K(522240K)] 1491824K->1239552K(1920512K), 0.1043266 secs] [Times: user=0.62 sys=0.00, real=0.10 secs] 
4746.484: [GC (Allocation Failure) [PSYoungGen: 449920K->145728K(490496K)] 1584128K->1381049K(1888768K), 0.0520111 secs] [Times: user=0.30 sys=0.00, real=0.05 secs] 
4746.536: [Full GC (Ergonomics) [PSYoungGen: 145728K->0K(490496K)] [ParOldGen: 1235321K->184686K(1398272K)] 1381049K->184686K(1888768K), [Metaspace: 60466K->60466K(1105920K)], 0.4391571 secs] [Times: user=2.04 sys=0.00, real=0.44 secs] 
4748.556: [GC (Allocation Failure) [PSYoungGen: 344576K->107360K(521728K)] 529262K->292046K(1920000K), 0.0335832 secs] [Times: user=0.19 sys=0.00, real=0.04 secs] 
4749.131: [GC (Allocation Failure) [PSYoungGen: 449888K->146048K(488960K)] 634574K->434730K(1887232K), 0.0528412 secs] [Times: user=0.31 sys=0.00, real=0.05 secs] 
4750.956: [GC (GCLocker Initiated GC) [PSYoungGen: 488576K->104320K(520192K)] 777260K->530324K(1918464K), 0.0962405 secs] [Times: user=0.57 sys=0.00, real=0.10 secs] 
4751.985: [GC (Allocation Failure) [PSYoungGen: 444800K->143840K(484352K)] 870807K->669940K(1882624K), 0.0513012 secs] [Times: user=0.30 sys=0.01, real=0.05 secs] 
4754.025: [GC (Allocation Failure) [PSYoungGen: 484320K->105376K(520192K)] 1010420K->766020K(1918464K), 0.1340385 secs] [Times: user=0.80 sys=0.00, real=0.14 secs] 
4755.446: [GC (Allocation Failure) [PSYoungGen: 445344K->139488K(518656K)] 1105988K->901329K(1916928K), 0.0507631 secs] [Times: user=0.30 sys=0.00, real=0.05 secs] 
4756.994: [GC (Allocation Failure) [PSYoungGen: 479456K->108352K(517632K)] 1241297K->1000201K(1915904K), 0.0749031 secs] [Times: user=0.45 sys=0.00, real=0.08 secs] 
4757.935: [GC (Allocation Failure) [PSYoungGen: 449856K->141920K(518144K)] 1341705K->1139473K(1916416K), 0.0536902 secs] [Times: user=0.32 sys=0.00, real=0.05 secs] 
4759.757: [GC (Allocation Failure) [PSYoungGen: 483424K->107072K(519168K)] 1480977K->1237173K(1917440K), 0.1382333 secs] [Times: user=0.82 sys=0.00, real=0.14 secs] 
4761.493: [GC (Allocation Failure) [PSYoungGen: 451648K->141120K(520192K)] 1581749K->1375258K(1918464K), 0.0532182 secs] [Times: user=0.32 sys=0.00, real=0.05 secs] 
4761.546: [Full GC (Ergonomics) [PSYoungGen: 141120K->0K(520192K)] [ParOldGen: 1234138K->173450K(1398272K)] 1375258K->173450K(1918464K), [Metaspace: 60466K->60466K(1105920K)], 0.4036102 secs] [Times: user=1.86 sys=0.00, real=0.41 secs] 
4763.438: [GC (Allocation Failure) [PSYoungGen: 344576K->110240K(519680K)] 518026K->283690K(1917952K), 0.0702819 secs] [Times: user=0.41 sys=0.00, real=0.07 secs] 
4764.150: [GC (GCLocker Initiated GC) [PSYoungGen: 456352K->143328K(520704K)] 629803K->424606K(1918976K), 0.0541638 secs] [Times: user=0.31 sys=0.00, real=0.05 secs] 
4765.652: [GC (Allocation Failure) [PSYoungGen: 489440K->108992K(522240K)] 770720K->524401K(1920512K), 0.0645494 secs] [Times: user=0.38 sys=0.00, real=0.06 secs] 
4766.486: [GC (Allocation Failure) [PSYoungGen: 456640K->146208K(494080K)] 872049K->667957K(1892352K), 0.0536108 secs] [Times: user=0.32 sys=0.00, real=0.06 secs] 
4769.045: [GC (GCLocker Initiated GC) [PSYoungGen: 493856K->107488K(523264K)] 1015605K->766589K(1921536K), 0.1654678 secs] [Times: user=0.98 sys=0.01, real=0.17 secs] 
4770.471: [GC (Allocation Failure) [PSYoungGen: 453088K->145184K(491008K)] 1112192K->907277K(1889280K), 0.0525763 secs] [Times: user=0.31 sys=0.00, real=0.05 secs] 
4772.419: [GC (Allocation Failure) [PSYoungGen: 490784K->109920K(522752K)] 1252877K->1007881K(1921024K), 0.1073387 secs] [Times: user=0.63 sys=0.00, real=0.11 secs] 
4773.587: [GC (Allocation Failure) [PSYoungGen: 454496K->143648K(520704K)] 1352457K->1147102K(1918976K), 0.0534640 secs] [Times: user=0.31 sys=0.00, real=0.06 secs] 
4775.392: [GC (Allocation Failure) [PSYoungGen: 488224K->106144K(521216K)] 1491678K->1243974K(1919488K), 0.0899167 secs] [Times: user=0.53 sys=0.00, real=0.09 secs] 
4776.579: [GC (Allocation Failure) [PSYoungGen: 451232K->145120K(490496K)] 1589062K->1385043K(1888768K), 0.0525052 secs] [Times: user=0.31 sys=0.01, real=0.05 secs] 
4776.632: [Full GC (Ergonomics) [PSYoungGen: 145120K->0K(490496K)] [ParOldGen: 1239923K->183216K(1398272K)] 1385043K->183216K(1888768K), [Metaspace: 60466K->60466K(1105920K)], 0.4346863 secs] [Times: user=2.01 sys=0.00, real=0.43 secs] 
4779.143: [GC (Allocation Failure) [PSYoungGen: 345088K->106048K(521728K)] 528304K->289264K(1920000K), 0.0620966 secs] [Times: user=0.36 sys=0.01, real=0.06 secs] 
4780.374: [GC (Allocation Failure) [PSYoungGen: 449088K->152672K(496128K)] 632304K->438004K(1894400K), 0.0524012 secs] [Times: user=0.30 sys=0.00, real=0.05 secs] 
4782.483: [GC (Allocation Failure) [PSYoungGen: 495712K->109440K(519168K)] 781044K->530244K(1917440K), 0.0648309 secs] [Times: user=0.39 sys=0.00, real=0.06 secs] 
4783.458: [GC (Allocation Failure) [PSYoungGen: 446336K->141984K(516608K)] 867140K->665785K(1914880K), 0.0517915 secs] [Times: user=0.30 sys=0.00, real=0.06 secs] 
4785.120: [GC (Allocation Failure) [PSYoungGen: 478880K->104160K(518144K)] 1002681K->760589K(1916416K), 0.0655041 secs] [Times: user=0.39 sys=0.00, real=0.06 secs] 
4786.317: [GC (Allocation Failure) [PSYoungGen: 442080K->140832K(517120K)] 1098509K->897938K(1915392K), 0.0513607 secs] [Times: user=0.30 sys=0.00, real=0.05 secs] 
4788.037: [GC (Allocation Failure) [PSYoungGen: 478752K->107488K(516096K)] 1235858K->996106K(1914368K), 0.0757999 secs] [Times: user=0.45 sys=0.00, real=0.08 secs] 
4789.581: [GC (GCLocker Initiated GC) [PSYoungGen: 447456K->139744K(517632K)] 1336074K->1132983K(1915904K), 0.0547492 secs] [Times: user=0.32 sys=0.00, real=0.05 secs] 
4791.190: [GC (Allocation Failure) [PSYoungGen: 479712K->106912K(518144K)] 1472990K->1230490K(1916416K), 0.0675041 secs] [Times: user=0.40 sys=0.01, real=0.06 secs] 
4792.024: [GC (Allocation Failure) [PSYoungGen: 450464K->142240K(519680K)] 1574042K->1370087K(1917952K), 0.0536545 secs] [Times: user=0.31 sys=0.00, real=0.05 secs] 
4794.108: [GC (Allocation Failure) [PSYoungGen: 485792K->108256K(520192K)] 1713639K->1469135K(1918464K), 0.0970487 secs] [Times: user=0.57 sys=0.01, real=0.10 secs] 
4794.205: [Full GC (Ergonomics) [PSYoungGen: 108256K->0K(520192K)] [ParOldGen: 1360879K->29859K(1398272K)] 1469135K->29859K(1918464K), [Metaspace: 60466K->60466K(1105920K)], 0.0596556 secs] [Times: user=0.22 sys=0.00, real=0.06 secs] 
4795.553: [GC (Allocation Failure) [PSYoungGen: 345088K->141920K(520704K)] 374947K->171779K(1918976K), 0.0283813 secs] [Times: user=0.17 sys=0.00, real=0.03 secs] 
4797.123: [GC (Allocation Failure) [PSYoungGen: 487008K->109984K(520192K)] 516867K->272251K(1918464K), 0.1078906 secs] [Times: user=0.63 sys=0.01, real=0.11 secs] 
4798.117: [GC (Allocation Failure) [PSYoungGen: 456608K->143776K(521216K)] 618875K->413176K(1919488K), 0.0525437 secs] [Times: user=0.31 sys=0.00, real=0.06 secs] 
4799.611: [GC (Allocation Failure) [PSYoungGen: 490400K->111680K(521216K)] 759800K->515928K(1919488K), 0.0640174 secs] [Times: user=0.38 sys=0.00, real=0.06 secs] 
4800.715: [GC (Allocation Failure) [PSYoungGen: 459328K->143648K(521728K)] 863576K->657012K(1920000K), 0.0540028 secs] [Times: user=0.31 sys=0.00, real=0.05 secs] 
4802.599: [GC (Allocation Failure) [PSYoungGen: 490478K->110688K(522752K)] 1003843K->758132K(1921024K), 0.0687886 secs] [Times: user=0.41 sys=0.01, real=0.06 secs] 
4803.396: [GC (Allocation Failure) [PSYoungGen: 459360K->145856K(494592K)] 1106804K->901017K(1892864K), 0.0536406 secs] [Times: user=0.32 sys=0.00, real=0.06 secs] 
4805.190: [GC (Allocation Failure) [PSYoungGen: 494528K->109568K(523776K)] 1249689K->1001337K(1922048K), 0.0650369 secs] [Times: user=0.39 sys=0.01, real=0.06 secs] 
4806.174: [GC (GCLocker Initiated GC) [PSYoungGen: 456704K->143936K(522240K)] 1348473K->1141834K(1920512K), 0.0531419 secs] [Times: user=0.31 sys=0.00, real=0.05 secs] 
4807.915: [GC (Allocation Failure) [PSYoungGen: 491072K->110720K(521216K)] 1488973K->1243573K(1919488K), 0.0964113 secs] [Times: user=0.57 sys=0.00, real=0.10 secs] 
4809.307: [GC (Allocation Failure) [PSYoungGen: 457856K->144608K(521728K)] 1590709K->1383970K(1920000K), 0.0530813 secs] [Times: user=0.31 sys=0.00, real=0.06 secs] 
4809.360: [Full GC (Ergonomics) [PSYoungGen: 144608K->0K(521728K)] [ParOldGen: 1239362K->188648K(1398272K)] 1383970K->188648K(1920000K), [Metaspace: 60466K->60466K(1105920K)], 0.4568735 secs] [Times: user=2.13 sys=0.00, real=0.45 secs] 
4811.656: [GC (Allocation Failure) [PSYoungGen: 347136K->111904K(522240K)] 535784K->300553K(1920512K), 0.0728913 secs] [Times: user=0.43 sys=0.00, real=0.08 secs] 
4812.591: [GC (Allocation Failure) [PSYoungGen: 459552K->147584K(495616K)] 648201K->442137K(1893888K), 0.0525259 secs] [Times: user=0.31 sys=0.00, real=0.05 secs] 
4814.775: [GC (Allocation Failure) [PSYoungGen: 495232K->105280K(522240K)] 789785K->538513K(1920512K), 0.1205872 secs] [Times: user=0.71 sys=0.00, real=0.12 secs] 
4815.769: [GC (Allocation Failure) [PSYoungGen: 449856K->145952K(491008K)] 883089K->680454K(1889280K), 0.0506895 secs] [Times: user=0.30 sys=0.00, real=0.06 secs] 
4817.921: [GC (GCLocker Initiated GC) [PSYoungGen: 490528K->107072K(521216K)] 1025030K->778686K(1919488K), 0.1269728 secs] [Times: user=0.75 sys=0.00, real=0.12 secs] 
4819.175: [GC (Allocation Failure) [PSYoungGen: 449088K->144384K(519680K)] 1120705K->918482K(1917952K), 0.0511632 secs] [Times: user=0.30 sys=0.00, real=0.05 secs] 
4821.692: [GC (Allocation Failure) [PSYoungGen: 486400K->102848K(520192K)] 1260498K->1012570K(1918464K), 0.1385778 secs] [Times: user=0.82 sys=0.00, real=0.14 secs] 
4822.655: [GC (Allocation Failure) [PSYoungGen: 444352K->144608K(486400K)] 1354074K->1153247K(1884672K), 0.0504174 secs] [Times: user=0.29 sys=0.01, real=0.05 secs] 
4824.472: [GC (Allocation Failure) [PSYoungGen: 486112K->106272K(520192K)] 1494751K->1250663K(1918464K), 0.1004449 secs] [Times: user=0.60 sys=0.01, real=0.10 secs] 
4825.442: [GC (Allocation Failure) [PSYoungGen: 446240K->143392K(518656K)] 1590631K->1390068K(1916928K), 0.0520548 secs] [Times: user=0.31 sys=0.00, real=0.05 secs] 
4825.494: [Full GC (Ergonomics) [PSYoungGen: 143392K->0K(518656K)] [ParOldGen: 1246676K->188474K(1398272K)] 1390068K->188474K(1916928K), [Metaspace: 60466K->60466K(1105920K)], 0.4444184 secs] [Times: user=2.06 sys=0.00, real=0.44 secs] 
4828.059: [GC (Allocation Failure) [PSYoungGen: 339968K->106720K(518144K)] 528442K->295194K(1916416K), 0.0784466 secs] [Times: user=0.46 sys=0.00, real=0.07 secs] 
4828.979: [GC (Allocation Failure) [PSYoungGen: 447200K->144640K(518656K)] 635674K->434186K(1916928K), 0.0511017 secs] [Times: user=0.30 sys=0.00, real=0.05 secs] 
4830.857: [GC (Allocation Failure) [PSYoungGen: 485120K->105184K(519168K)] 774666K->530367K(1917440K), 0.0644873 secs] [Times: user=0.39 sys=0.00, real=0.07 secs] 
4831.782: [GC (Allocation Failure) [PSYoungGen: 445152K->143232K(518656K)] 870335K->669591K(1916928K), 0.0509682 secs] [Times: user=0.30 sys=0.00, real=0.05 secs] 
4833.378: [GC (Allocation Failure) [PSYoungGen: 483200K->103232K(518656K)] 1009559K->764087K(1916928K), 0.1016911 secs] [Times: user=0.60 sys=0.00, real=0.11 secs] 
4834.685: [GC (Allocation Failure) [PSYoungGen: 443200K->141696K(518656K)] 1104055K->902288K(1916928K), 0.0511435 secs] [Times: user=0.29 sys=0.00, real=0.05 secs] 
4836.674: [GC (Allocation Failure) [PSYoungGen: 481664K->107040K(517120K)] 1242256K->1000032K(1915392K), 0.0994916 secs] [Times: user=0.58 sys=0.00, real=0.10 secs] 
4838.107: [GC (Allocation Failure) [PSYoungGen: 447520K->142336K(518144K)] 1340512K->1138953K(1916416K), 0.0525792 secs] [Times: user=0.31 sys=0.01, real=0.06 secs] 
4839.676: [GC (Allocation Failure) [PSYoungGen: 482816K->107104K(518656K)] 1479433K->1236701K(1916928K), 0.1048869 secs] [Times: user=0.62 sys=0.00, real=0.11 secs] 
4840.411: [GC (Allocation Failure) [PSYoungGen: 449120K->150784K(493056K)] 1578717K->1384666K(1891328K), 0.0538585 secs] [Times: user=0.31 sys=0.00, real=0.05 secs] 
4840.465: [Full GC (Ergonomics) [PSYoungGen: 150784K->0K(493056K)] [ParOldGen: 1233882K->175347K(1398272K)] 1384666K->175347K(1891328K), [Metaspace: 60466K->60466K(1105920K)], 0.4166199 secs] [Times: user=1.93 sys=0.01, real=0.42 secs] 
4842.561: [GC (Allocation Failure) [PSYoungGen: 342016K->106144K(519168K)] 517363K->281492K(1917440K), 0.0515871 secs] [Times: user=0.30 sys=0.00, real=0.05 secs] 
4843.747: [GC (Allocation Failure) [PSYoungGen: 443552K->139936K(517120K)] 618900K->418688K(1915392K), 0.0523772 secs] [Times: user=0.31 sys=0.00, real=0.06 secs] 
4845.579: [GC (Allocation Failure) [PSYoungGen: 477344K->106592K(517120K)] 756096K->515764K(1915392K), 0.1522638 secs] [Times: user=0.90 sys=0.01, real=0.15 secs] 
4847.523: [GC (Allocation Failure) [PSYoungGen: 446048K->138912K(517120K)] 855220K->651865K(1915392K), 0.0520640 secs] [Times: user=0.30 sys=0.00, real=0.05 secs] 
4848.960: [GC (GCLocker Initiated GC) [PSYoungGen: 478368K->107488K(517120K)] 991321K->749605K(1915392K), 0.0648676 secs] [Times: user=0.38 sys=0.00, real=0.06 secs] 
4850.153: [GC (Allocation Failure) [PSYoungGen: 451040K->149472K(493056K)] 1093160K->896869K(1891328K), 0.0543805 secs] [Times: user=0.32 sys=0.00, real=0.05 secs] 
4851.696: [GC (Allocation Failure) [PSYoungGen: 493024K->107680K(520704K)] 1240421K->986917K(1918976K), 0.0758209 secs] [Times: user=0.45 sys=0.00, real=0.08 secs] 
4852.919: [GC (Allocation Failure) [PSYoungGen: 448160K->140096K(518656K)] 1327397K->1124850K(1916928K), 0.0533486 secs] [Times: user=0.32 sys=0.01, real=0.05 secs] 
4854.448: [GC (Allocation Failure) [PSYoungGen: 480576K->109632K(518656K)] 1465330K->1225082K(1916928K), 0.0684134 secs] [Times: user=0.40 sys=0.00, real=0.07 secs] 
4855.809: [GC (Allocation Failure) [PSYoungGen: 452160K->140032K(518656K)] 1567610K->1362407K(1916928K), 0.0537912 secs] [Times: user=0.31 sys=0.00, real=0.05 secs] 
4857.279: [GC (Allocation Failure) [PSYoungGen: 482560K->111008K(518144K)] 1704935K->1464039K(1916416K), 0.0651569 secs] [Times: user=0.38 sys=0.00, real=0.06 secs] 
4857.345: [Full GC (Ergonomics) [PSYoungGen: 111008K->0K(518144K)] [ParOldGen: 1353031K->23523K(1398272K)] 1464039K->23523K(1916416K), [Metaspace: 60466K->60466K(1105920K)], 0.0358952 secs] [Times: user=0.10 sys=0.00, real=0.04 secs] 
4858.749: [GC (Allocation Failure) [PSYoungGen: 346112K->140352K(520192K)] 369635K->163875K(1918464K), 0.0280327 secs] [Times: user=0.16 sys=0.00, real=0.02 secs] 
4860.565: [GC (Allocation Failure) [PSYoungGen: 486464K->112032K(520704K)] 509987K->267083K(1918976K), 0.0788675 secs] [Times: user=0.47 sys=0.01, real=0.08 secs] 
4862.123: [GC (Allocation Failure) [PSYoungGen: 461728K->142272K(522240K)] 616779K->407096K(1920512K), 0.0530464 secs] [Times: user=0.31 sys=0.00, real=0.05 secs] 
4863.736: [GC (Allocation Failure) [PSYoungGen: 491968K->110976K(523776K)] 756792K->508712K(1922048K), 0.0696258 secs] [Times: user=0.41 sys=0.01, real=0.07 secs] 
4865.009: [GC (Allocation Failure) [PSYoungGen: 463232K->143232K(524288K)] 860968K->648932K(1922560K), 0.0537769 secs] [Times: user=0.32 sys=0.00, real=0.05 secs] 
4866.517: [GC (Allocation Failure) [PSYoungGen: 495488K->113440K(524800K)] 1001188K->752528K(1923072K), 0.0660081 secs] [Times: user=0.39 sys=0.00, real=0.07 secs] 
4867.290: [GC (Allocation Failure) [PSYoungGen: 466208K->146048K(499200K)] 1105296K->895453K(1897472K), 0.0557766 secs] [Times: user=0.32 sys=0.02, real=0.05 secs] 
4869.719: [GC (Allocation Failure) [PSYoungGen: 498816K->113056K(526336K)] 1248221K->998717K(1924608K), 0.1480754 secs] [Times: user=0.87 sys=0.01, real=0.14 secs] 
4870.709: [GC (Allocation Failure) [PSYoungGen: 464800K->148800K(500736K)] 1350461K->1142966K(1899008K), 0.0546651 secs] [Times: user=0.32 sys=0.00, real=0.05 secs] 
4872.918: [GC (Allocation Failure) [PSYoungGen: 500544K->109856K(524288K)] 1494710K->1243502K(1922560K), 0.1288028 secs] [Times: user=0.77 sys=0.00, real=0.13 secs] 
4873.768: [GC (Allocation Failure) [PSYoungGen: 458016K->146944K(495616K)] 1591662K->1386643K(1893888K), 0.0536302 secs] [Times: user=0.31 sys=0.00, real=0.06 secs] 
4873.822: [Full GC (Ergonomics) [PSYoungGen: 146944K->0K(495616K)] [ParOldGen: 1239699K->192544K(1398272K)] 1386643K->192544K(1893888K), [Metaspace: 60466K->60466K(1105920K)], 0.4586161 secs] [Times: user=2.14 sys=0.00, real=0.46 secs] 
4875.960: [GC (Allocation Failure) [PSYoungGen: 348160K->109024K(522752K)] 540704K->301568K(1921024K), 0.0651972 secs] [Times: user=0.38 sys=0.00, real=0.06 secs] 
4876.883: [GC (Allocation Failure) [PSYoungGen: 454112K->154464K(499712K)] 646656K->451593K(1897984K), 0.0514086 secs] [Times: user=0.30 sys=0.00, real=0.05 secs] 
4878.684: [GC (Allocation Failure) [PSYoungGen: 499552K->111040K(519680K)] 796681K->545553K(1917952K), 0.0793217 secs] [Times: user=0.47 sys=0.00, real=0.08 secs] 
4879.260: [GC (Allocation Failure) [PSYoungGen: 449472K->143232K(517632K)] 883985K->682621K(1915904K), 0.0513924 secs] [Times: user=0.30 sys=0.00, real=0.05 secs] 
4881.408: [GC (GCLocker Initiated GC) [PSYoungGen: 481664K->102720K(518656K)] 1021054K->776438K(1916928K), 0.1016989 secs] [Times: user=0.60 sys=0.00, real=0.11 secs] 
4882.510: [GC (Allocation Failure) [PSYoungGen: 441664K->142752K(518144K)] 1115385K->914382K(1916416K), 0.0497276 secs] [Times: user=0.29 sys=0.00, real=0.05 secs] 
4884.374: [GC (Allocation Failure) [PSYoungGen: 481696K->104320K(518656K)] 1253326K->1009738K(1916928K), 0.0687096 secs] [Times: user=0.41 sys=0.00, real=0.07 secs] 
4885.253: [GC (Allocation Failure) [PSYoungGen: 443776K->143616K(518656K)] 1349194K->1149190K(1916928K), 0.0510549 secs] [Times: user=0.30 sys=0.00, real=0.05 secs] 
4887.460: [GC (Allocation Failure) [PSYoungGen: 483072K->104224K(518656K)] 1488646K->1244267K(1916928K), 0.1122853 secs] [Times: user=0.66 sys=0.00, real=0.11 secs] 
4888.507: [GC (Allocation Failure) [PSYoungGen: 443680K->152256K(492032K)] 1583723K->1392711K(1890304K), 0.0520612 secs] [Times: user=0.31 sys=0.00, real=0.06 secs] 
4888.559: [Full GC (Ergonomics) [PSYoungGen: 152256K->0K(492032K)] [ParOldGen: 1240455K->183953K(1398272K)] 1392711K->183953K(1890304K), [Metaspace: 60466K->60466K(1105920K)], 0.4479715 secs] [Times: user=2.10 sys=0.00, real=0.44 secs] 
4890.486: [GC (Allocation Failure) [PSYoungGen: 339456K->106272K(517120K)] 523409K->290225K(1915392K), 0.0475457 secs] [Times: user=0.28 sys=0.00, real=0.05 secs] 
4891.192: [GC (Allocation Failure) [PSYoungGen: 439584K->140352K(515072K)] 623537K->426736K(1913344K), 0.0516704 secs] [Times: user=0.30 sys=0.01, real=0.05 secs] 
4892.839: [GC (GCLocker Initiated GC) [PSYoungGen: 473664K->104160K(515584K)] 760049K->521737K(1913856K), 0.0788651 secs] [Times: user=0.47 sys=0.00, real=0.07 secs] 
4894.523: [GC (Allocation Failure) [PSYoungGen: 439008K->146912K(515072K)] 856624K->665965K(1913344K), 0.0521334 secs] [Times: user=0.31 sys=0.00, real=0.05 secs] 
4896.793: [GC (GCLocker Initiated GC) [PSYoungGen: 481760K->103936K(517120K)] 1000813K->752573K(1915392K), 0.1187382 secs] [Times: user=0.70 sys=0.01, real=0.12 secs] 
4898.419: [GC (Allocation Failure) [PSYoungGen: 438784K->135904K(471040K)] 1087428K->886216K(1869312K), 0.0513299 secs] [Times: user=0.31 sys=0.00, real=0.05 secs] 
4899.834: [GC (Allocation Failure) [PSYoungGen: 470752K->108672K(517632K)] 1221064K->985336K(1915904K), 0.0641417 secs] [Times: user=0.38 sys=0.00, real=0.06 secs] 
4901.207: [GC (Allocation Failure) [PSYoungGen: 446592K->134016K(515072K)] 1323256K->1117821K(1913344K), 0.0531121 secs] [Times: user=0.31 sys=0.00, real=0.06 secs] 
4902.655: [GC (Allocation Failure) [PSYoungGen: 471936K->111040K(519168K)] 1455741K->1219461K(1917440K), 0.0646732 secs] [Times: user=0.38 sys=0.00, real=0.07 secs] 
4904.299: [GC (Allocation Failure) [PSYoungGen: 455616K->134048K(517632K)] 1564037K->1351978K(1915904K), 0.0539804 secs] [Times: user=0.31 sys=0.01, real=0.06 secs] 
4905.752: [GC (Allocation Failure) [PSYoungGen: 478624K->116096K(521216K)] 1696554K->1458906K(1919488K), 0.0654568 secs] [Times: user=0.39 sys=0.00, real=0.06 secs] 
4905.818: [Full GC (Ergonomics) [PSYoungGen: 116096K->0K(521216K)] [ParOldGen: 1342810K->19391K(1398272K)] 1458906K->19391K(1919488K), [Metaspace: 60466K->60466K(1105920K)], 0.0302919 secs] [Times: user=0.08 sys=0.00, real=0.03 secs] 
4907.650: [GC (Allocation Failure) [PSYoungGen: 353792K->137312K(522240K)] 373183K->156703K(1920512K), 0.0271161 secs] [Times: user=0.15 sys=0.00, real=0.02 secs] 
4909.217: [GC (Allocation Failure) [PSYoungGen: 491104K->117248K(525824K)] 510495K->264323K(1924096K), 0.0694539 secs] [Times: user=0.41 sys=0.00, real=0.07 secs] 
4910.749: [GC (Allocation Failure) [PSYoungGen: 478720K->147232K(527872K)] 625795K->409495K(1926144K), 0.0548278 secs] [Times: user=0.33 sys=0.00, real=0.05 secs] 
4912.932: [GC (Allocation Failure) [PSYoungGen: 508704K->114240K(530432K)] 770967K->514272K(1928704K), 0.1080802 secs] [Times: user=0.63 sys=0.00, real=0.11 secs] 
4914.152: [GC (Allocation Failure) [PSYoungGen: 474176K->150432K(510464K)] 874208K->661828K(1908736K), 0.0552601 secs] [Times: user=0.32 sys=0.00, real=0.05 secs] 
4915.936: [GC (Allocation Failure) [PSYoungGen: 510368K->112992K(527360K)] 1021764K->765460K(1925632K), 0.0726673 secs] [Times: user=0.43 sys=0.00, real=0.08 secs] 
4916.579: [GC (Allocation Failure) [PSYoungGen: 467296K->149952K(504320K)] 1119764K->911209K(1902592K), 0.0543149 secs] [Times: user=0.32 sys=0.00, real=0.05 secs] 
4918.909: [GC (Allocation Failure) [PSYoungGen: 504256K->110656K(524800K)] 1265513K->1012897K(1923072K), 0.1115344 secs] [Times: user=0.66 sys=0.00, real=0.11 secs] 
4919.647: [GC (Allocation Failure) [PSYoungGen: 459840K->145760K(495104K)] 1362081K->1154690K(1893376K), 0.0539304 secs] [Times: user=0.32 sys=0.00, real=0.06 secs] 
4923.373: [GC (Allocation Failure) [PSYoungGen: 494944K->105120K(523264K)] 1503874K->1250666K(1921536K), 0.1226042 secs] [Times: user=0.73 sys=0.00, real=0.12 secs] 
4924.678: [GC (Allocation Failure) [PSYoungGen: 452256K->146432K(494080K)] 1597802K->1392755K(1892352K), 0.0517798 secs] [Times: user=0.31 sys=0.00, real=0.06 secs] 
4924.730: [Full GC (Ergonomics) [PSYoungGen: 146432K->0K(494080K)] [ParOldGen: 1246323K->196833K(1398272K)] 1392755K->196833K(1892352K), [Metaspace: 60508K->60508K(1105920K)], 0.4668240 secs] [Times: user=2.17 sys=0.00, real=0.46 secs] 
4927.551: [GC (Allocation Failure) [PSYoungGen: 347136K->105408K(521728K)] 543969K->302241K(1920000K), 0.0950883 secs] [Times: user=0.56 sys=0.00, real=0.09 secs] 
4928.283: [GC (Allocation Failure) [PSYoungGen: 446912K->145472K(489472K)] 643745K->444046K(1887744K), 0.0501863 secs] [Times: user=0.29 sys=0.00, real=0.05 secs] 
4930.926: [GC (Allocation Failure) [PSYoungGen: 489024K->103040K(520704K)] 787598K->538750K(1918976K), 0.1626256 secs] [Times: user=0.96 sys=0.01, real=0.16 secs] 
4931.912: [GC (GCLocker Initiated GC) [PSYoungGen: 444544K->144832K(486400K)] 880254K->679935K(1884672K), 0.0495874 secs] [Times: user=0.29 sys=0.00, real=0.05 secs] 
4933.620: [GC (Allocation Failure) [PSYoungGen: 486336K->105696K(520192K)] 1021441K->776929K(1918464K), 0.0995656 secs] [Times: user=0.59 sys=0.00, real=0.10 secs] 
4934.850: [GC (Allocation Failure) [PSYoungGen: 445664K->142304K(518656K)] 1116897K->915369K(1916928K), 0.0508717 secs] [Times: user=0.30 sys=0.01, real=0.05 secs] 
4936.839: [GC (Allocation Failure) [PSYoungGen: 482272K->105920K(518144K)] 1255337K->1012585K(1916416K), 0.1049163 secs] [Times: user=0.62 sys=0.00, real=0.10 secs] 
4938.329: [GC (Allocation Failure) [PSYoungGen: 446400K->144096K(518656K)] 1353065K->1152502K(1916928K), 0.0520996 secs] [Times: user=0.31 sys=0.00, real=0.05 secs] 
4940.744: [GC (Allocation Failure) [PSYoungGen: 484576K->104256K(519168K)] 1492982K->1247662K(1917440K), 0.1316203 secs] [Times: user=0.78 sys=0.00, real=0.13 secs] 
4942.183: [GC (Allocation Failure) [PSYoungGen: 445248K->142752K(519168K)] 1588654K->1386535K(1917440K), 0.0513968 secs] [Times: user=0.30 sys=0.00, real=0.05 secs] 
4942.234: [Full GC (Ergonomics) [PSYoungGen: 142752K->0K(519168K)] [ParOldGen: 1243783K->184385K(1398272K)] 1386535K->184385K(1917440K), [Metaspace: 60541K->60541K(1105920K)], 0.4320518 secs] [Times: user=1.92 sys=0.00, real=0.43 secs] 
4944.024: [GC (GCLocker Initiated GC) [PSYoungGen: 340992K->107584K(518144K)] 525378K->291970K(1916416K), 0.0510941 secs] [Times: user=0.29 sys=0.00, real=0.05 secs] 
4945.359: [GC (Allocation Failure) [PSYoungGen: 448576K->142528K(518656K)] 632965K->429938K(1916928K), 0.0519190 secs] [Times: user=0.29 sys=0.01, real=0.05 secs] 
4947.038: [GC (Allocation Failure) [PSYoungGen: 483520K->109728K(517632K)] 770930K->530086K(1915904K), 0.0641153 secs] [Times: user=0.38 sys=0.00, real=0.07 secs] 
4947.910: [GC (Allocation Failure) [PSYoungGen: 451744K->144928K(518656K)] 872102K->671015K(1916928K), 0.0527987 secs] [Times: user=0.31 sys=0.00, real=0.05 secs] 
4950.145: [GC (Allocation Failure) [PSYoungGen: 486944K->104928K(521216K)] 1013031K->766663K(1919488K), 0.1336749 secs] [Times: user=0.80 sys=0.01, real=0.13 secs] 
4951.156: [GC (GCLocker Initiated GC) [PSYoungGen: 447456K->144832K(487424K)] 1109191K->907156K(1885696K), 0.0519489 secs] [Times: user=0.31 sys=0.00, real=0.05 secs] 
4952.769: [GC (Allocation Failure) [PSYoungGen: 487360K->106368K(521216K)] 1249687K->1004363K(1919488K), 0.0673005 secs] [Times: user=0.40 sys=0.00, real=0.06 secs] 
4953.725: [GC (Allocation Failure) [PSYoungGen: 447872K->144992K(486912K)] 1345867K->1146028K(1885184K), 0.0528089 secs] [Times: user=0.31 sys=0.00, real=0.05 secs] 
4956.073: [GC (Allocation Failure) [PSYoungGen: 486496K->105952K(520704K)] 1487532K->1243252K(1918976K), 0.0846024 secs] [Times: user=0.50 sys=0.00, real=0.08 secs] 
4957.181: [GC (Allocation Failure) [PSYoungGen: 446432K->143008K(518656K)] 1583732K->1382453K(1916928K), 0.0531686 secs] [Times: user=0.31 sys=0.00, real=0.05 secs] 
4957.235: [Full GC (Ergonomics) [PSYoungGen: 143008K->0K(518656K)] [ParOldGen: 1239444K->180579K(1398272K)] 1382453K->180579K(1916928K), [Metaspace: 60541K->60541K(1105920K)], 0.4233569 secs] [Times: user=1.96 sys=0.00, real=0.42 secs] 
4959.350: [GC (Allocation Failure) [PSYoungGen: 340480K->107136K(518144K)] 521059K->287715K(1916416K), 0.0568296 secs] [Times: user=0.33 sys=0.00, real=0.05 secs] 
4961.116: [GC (Allocation Failure) [PSYoungGen: 448128K->139584K(518656K)] 628707K->424536K(1916928K), 0.0521032 secs] [Times: user=0.31 sys=0.00, real=0.05 secs] 
4963.143: [GC (Allocation Failure) [PSYoungGen: 480576K->107200K(517632K)] 765528K->522368K(1915904K), 0.1289051 secs] [Times: user=0.76 sys=0.00, real=0.13 secs] 
4964.679: [GC (Allocation Failure) [PSYoungGen: 450240K->141408K(519168K)] 865408K->660589K(1917440K), 0.0525135 secs] [Times: user=0.31 sys=0.00, real=0.05 secs] 
4966.722: [GC (GCLocker Initiated GC) [PSYoungGen: 484448K->105376K(520704K)] 1003629K->756633K(1918976K), 0.1626289 secs] [Times: user=0.97 sys=0.00, real=0.16 secs] 
4968.603: [GC (Allocation Failure) [PSYoungGen: 450976K->143968K(489984K)] 1102236K->897272K(1888256K), 0.0521248 secs] [Times: user=0.31 sys=0.00, real=0.05 secs] 
4970.097: [GC (Allocation Failure) [PSYoungGen: 489568K->109632K(523264K)] 1242872K->997557K(1921536K), 0.0716032 secs] [Times: user=0.42 sys=0.00, real=0.07 secs] 
4970.931: [GC (Allocation Failure) [PSYoungGen: 454720K->145120K(520704K)] 1342645K->1139793K(1918976K), 0.0540771 secs] [Times: user=0.32 sys=0.01, real=0.05 secs] 
4972.664: [GC (Allocation Failure) [PSYoungGen: 490208K->108448K(521216K)] 1484881K->1239325K(1919488K), 0.0880724 secs] [Times: user=0.53 sys=0.00, real=0.09 secs] 
4973.722: [GC (Allocation Failure) [PSYoungGen: 453024K->143968K(520704K)] 1583901K->1380530K(1918976K), 0.0535067 secs] [Times: user=0.32 sys=0.00, real=0.05 secs] 
4973.775: [Full GC (Ergonomics) [PSYoungGen: 143968K->0K(520704K)] [ParOldGen: 1236562K->177781K(1398272K)] 1380530K->177781K(1918976K), [Metaspace: 60543K->60543K(1105920K)], 0.4286232 secs] [Times: user=2.00 sys=0.00, real=0.43 secs] 
4976.571: [GC (Allocation Failure) [PSYoungGen: 344576K->107616K(520704K)] 522357K->285397K(1918976K), 0.0987150 secs] [Times: user=0.59 sys=0.00, real=0.10 secs] 
4978.148: [GC (Allocation Failure) [PSYoungGen: 452192K->142208K(520704K)] 629973K->424870K(1918976K), 0.0531283 secs] [Times: user=0.31 sys=0.00, real=0.06 secs] 
4979.713: [GC (Allocation Failure) [PSYoungGen: 486784K->108224K(520192K)] 769446K->524358K(1918464K), 0.0678673 secs] [Times: user=0.40 sys=0.00, real=0.07 secs] 
4980.779: [GC (Allocation Failure) [PSYoungGen: 453312K->143424K(520704K)] 869446K->664858K(1918976K), 0.0527812 secs] [Times: user=0.31 sys=0.01, real=0.05 secs] 
4982.721: [GC (Allocation Failure) [PSYoungGen: 488512K->107744K(521216K)] 1009946K->763558K(1919488K), 0.0818504 secs] [Times: user=0.48 sys=0.00, real=0.08 secs] 
4984.138: [GC (Allocation Failure) [PSYoungGen: 453344K->144512K(521216K)] 1109158K->904843K(1919488K), 0.0533045 secs] [Times: user=0.32 sys=0.00, real=0.06 secs] 
4985.931: [GC (GCLocker Initiated GC) [PSYoungGen: 490112K->108000K(521728K)] 1250444K->1003948K(1920000K), 0.1159884 secs] [Times: user=0.68 sys=0.00, real=0.11 secs] 
4987.233: [GC (Allocation Failure) [PSYoungGen: 453088K->142016K(521216K)] 1349039K->1143267K(1919488K), 0.0532205 secs] [Times: user=0.31 sys=0.00, real=0.05 secs] 
4989.217: [GC (Allocation Failure) [PSYoungGen: 487104K->107424K(520704K)] 1488355K->1241491K(1918976K), 0.1572510 secs] [Times: user=0.94 sys=0.01, real=0.16 secs] 
4990.833: [GC (Allocation Failure) [PSYoungGen: 453024K->142048K(521216K)] 1587091K->1380295K(1919488K), 0.0529348 secs] [Times: user=0.31 sys=0.00, real=0.05 secs] 
4990.886: [Full GC (Ergonomics) [PSYoungGen: 142048K->0K(521216K)] [ParOldGen: 1238247K->177747K(1398272K)] 1380295K->177747K(1919488K), [Metaspace: 60544K->60544K(1105920K)], 0.4328922 secs] [Times: user=2.02 sys=0.00, real=0.43 secs] 
4993.148: [GC (Allocation Failure) [PSYoungGen: 345600K->106528K(521216K)] 523347K->284275K(1919488K), 0.0507742 secs] [Times: user=0.30 sys=0.00, real=0.06 secs] 
4994.697: [GC (Allocation Failure) [PSYoungGen: 453152K->151680K(498688K)] 630899K->432884K(1896960K), 0.0533962 secs] [Times: user=0.31 sys=0.00, real=0.06 secs] 
4996.165: [GC (Allocation Failure) [PSYoungGen: 498304K->112320K(521216K)] 779508K->527568K(1919488K), 0.0902888 secs] [Times: user=0.54 sys=0.00, real=0.09 secs] 
4997.363: [GC (Allocation Failure) [PSYoungGen: 453312K->143296K(518656K)] 868560K->666709K(1916928K), 0.0534925 secs] [Times: user=0.31 sys=0.00, real=0.05 secs] 
4999.304: [GC (Allocation Failure) [PSYoungGen: 484288K->103072K(520192K)] 1007701K->761025K(1918464K), 0.1150706 secs] [Times: user=0.68 sys=0.00, real=0.12 secs] 
5001.046: [GC (Allocation Failure) [PSYoungGen: 445088K->140992K(519680K)] 1103041K->898878K(1917952K), 0.0513271 secs] [Times: user=0.30 sys=0.00, real=0.05 secs] 
5002.657: [GC (Allocation Failure) [PSYoungGen: 483008K->108608K(517120K)] 1240894K->998102K(1915392K), 0.1041104 secs] [Times: user=0.61 sys=0.00, real=0.11 secs] 
5004.051: [GC (Allocation Failure) [PSYoungGen: 451136K->141088K(518656K)] 1340630K->1135898K(1916928K), 0.0536250 secs] [Times: user=0.32 sys=0.00, real=0.05 secs] 
5005.485: [GC (Allocation Failure) [PSYoungGen: 483616K->111392K(518656K)] 1478426K->1237550K(1916928K), 0.0646780 secs] [Times: user=0.39 sys=0.01, real=0.07 secs] 
5006.435: [GC (Allocation Failure) [PSYoungGen: 456992K->143808K(520192K)] 1583150K->1378527K(1918464K), 0.0540097 secs] [Times: user=0.31 sys=0.00, real=0.06 secs] 
5006.489: [Full GC (Ergonomics) [PSYoungGen: 143808K->0K(520192K)] [ParOldGen: 1234719K->176594K(1398272K)] 1378527K->176594K(1918464K), [Metaspace: 60544K->60544K(1105920K)], 0.4237288 secs] [Times: user=1.98 sys=0.00, real=0.42 secs] 
5008.646: [GC (Allocation Failure) [PSYoungGen: 345600K->108448K(522752K)] 522194K->285042K(1921024K), 0.0577679 secs] [Times: user=0.34 sys=0.01, real=0.06 secs] 
5009.904: [GC (Allocation Failure) [PSYoungGen: 455584K->144896K(492544K)] 632178K->426519K(1890816K), 0.0533038 secs] [Times: user=0.31 sys=0.00, real=0.05 secs] 
5011.904: [GC (GCLocker Initiated GC) [PSYoungGen: 492032K->108160K(523264K)] 773655K->525407K(1921536K), 0.1236656 secs] [Times: user=0.73 sys=0.01, real=0.12 secs] 
5012.913: [GC (Allocation Failure) [PSYoungGen: 454272K->144064K(490496K)] 871522K->666255K(1888768K), 0.0527280 secs] [Times: user=0.31 sys=0.00, real=0.05 secs] 
5015.221: [GC (Allocation Failure) [PSYoungGen: 490176K->107840K(523264K)] 1012367K->765231K(1921536K), 0.1644291 secs] [Times: user=0.97 sys=0.00, real=0.16 secs] 
5017.122: [GC (Allocation Failure) [PSYoungGen: 453440K->143680K(521216K)] 1110831K->904411K(1919488K), 0.0527392 secs] [Times: user=0.31 sys=0.00, real=0.05 secs] 
5019.402: [GC (Allocation Failure) [PSYoungGen: 489280K->105504K(521728K)] 1250011K->1001075K(1920000K), 0.1260609 secs] [Times: user=0.74 sys=0.01, real=0.12 secs] 
5020.789: [GC (GCLocker Initiated GC) [PSYoungGen: 450592K->144928K(490496K)] 1346164K->1143457K(1888768K), 0.0529323 secs] [Times: user=0.31 sys=0.00, real=0.05 secs] 
5022.599: [GC (Allocation Failure) [PSYoungGen: 490016K->108032K(522240K)] 1488616K->1243084K(1920512K), 0.1139597 secs] [Times: user=0.67 sys=0.00, real=0.11 secs] 
5023.703: [GC (Allocation Failure) [PSYoungGen: 451584K->143104K(520192K)] 1586636K->1382696K(1918464K), 0.0543746 secs] [Times: user=0.32 sys=0.00, real=0.05 secs] 
5023.758: [Full GC (Ergonomics) [PSYoungGen: 143104K->0K(520192K)] [ParOldGen: 1239592K->181356K(1398272K)] 1382696K->181356K(1918464K), [Metaspace: 60544K->60544K(1105920K)], 0.4375030 secs] [Times: user=2.05 sys=0.00, real=0.44 secs] 
5026.206: [GC (Allocation Failure) [PSYoungGen: 343552K->108416K(519680K)] 524908K->289772K(1917952K), 0.0541134 secs] [Times: user=0.32 sys=0.00, real=0.06 secs] 
5027.429: [GC (Allocation Failure) [PSYoungGen: 452480K->145280K(520192K)] 633836K->430969K(1918464K), 0.0526343 secs] [Times: user=0.31 sys=0.00, real=0.05 secs] 
5029.257: [GC (GCLocker Initiated GC) [PSYoungGen: 489344K->107264K(520704K)] 775033K->529005K(1918976K), 0.1012848 secs] [Times: user=0.60 sys=0.01, real=0.10 secs] 
5030.329: [GC (Allocation Failure) [PSYoungGen: 450816K->144768K(488448K)] 872560K->669501K(1886720K), 0.0522295 secs] [Times: user=0.31 sys=0.00, real=0.06 secs] 
5031.742: [GC (GCLocker Initiated GC) [PSYoungGen: 488320K->105664K(521216K)] 1013053K->766305K(1919488K), 0.0643536 secs] [Times: user=0.38 sys=0.01, real=0.06 secs] 
5032.661: [GC (Allocation Failure) [PSYoungGen: 447680K->144064K(519680K)] 1108391K->906748K(1917952K), 0.0521853 secs] [Times: user=0.31 sys=0.00, real=0.05 secs] 
5034.619: [GC (GCLocker Initiated GC) [PSYoungGen: 486080K->106528K(519680K)] 1248764K->1004084K(1917952K), 0.1267226 secs] [Times: user=0.64 sys=0.00, real=0.13 secs] 
5036.027: [GC (GCLocker Initiated GC) [PSYoungGen: 448544K->142944K(519680K)] 1346104K->1142861K(1917952K), 0.0525561 secs] [Times: user=0.31 sys=0.00, real=0.06 secs] 
5037.664: [GC (Allocation Failure) [PSYoungGen: 484960K->107008K(518656K)] 1486933K->1242637K(1916928K), 0.0874579 secs] [Times: user=0.52 sys=0.00, real=0.09 secs] 
5038.757: [GC (Allocation Failure) [PSYoungGen: 449024K->143008K(519168K)] 1584653K->1383502K(1917440K), 0.0527779 secs] [Times: user=0.31 sys=0.00, real=0.06 secs] 
5038.810: [Full GC (Ergonomics) [PSYoungGen: 143008K->0K(519168K)] [ParOldGen: 1240494K->180157K(1398272K)] 1383502K->180157K(1917440K), [Metaspace: 60544K->60544K(1105920K)], 0.4333939 secs] [Times: user=2.00 sys=0.00, real=0.43 secs] 
5041.184: [GC (Allocation Failure) [PSYoungGen: 342016K->106816K(519168K)] 522173K->286973K(1917440K), 0.0519962 secs] [Times: user=0.31 sys=0.00, real=0.05 secs] 
5042.101: [GC (Allocation Failure) [PSYoungGen: 449856K->143328K(519680K)] 630013K->427434K(1917952K), 0.0526710 secs] [Times: user=0.31 sys=0.00, real=0.05 secs] 
5044.246: [GC (GCLocker Initiated GC) [PSYoungGen: 486368K->106912K(520192K)] 770474K->525006K(1918464K), 0.1230188 secs] [Times: user=0.73 sys=0.00, real=0.13 secs] 
5045.695: [GC (Allocation Failure) [PSYoungGen: 450464K->143072K(520192K)] 868597K->664434K(1918464K), 0.0523545 secs] [Times: user=0.31 sys=0.00, real=0.05 secs] 
5047.221: [GC (Allocation Failure) [PSYoungGen: 486624K->107328K(520704K)] 1007986K->762594K(1918976K), 0.0643032 secs] [Times: user=0.38 sys=0.01, real=0.06 secs] 
5048.734: [GC (Allocation Failure) [PSYoungGen: 451392K->143552K(520704K)] 1106658K->903366K(1918976K), 0.0527388 secs] [Times: user=0.31 sys=0.00, real=0.05 secs] 
5050.521: [GC (Allocation Failure) [PSYoungGen: 487616K->108000K(519680K)] 1247430K->1002583K(1917952K), 0.0875031 secs] [Times: user=0.52 sys=0.00, real=0.09 secs] 
5051.793: [GC (Allocation Failure) [PSYoungGen: 452064K->142944K(520192K)] 1346647K->1142443K(1918464K), 0.0532066 secs] [Times: user=0.32 sys=0.00, real=0.05 secs] 
5053.931: [GC (Allocation Failure) [PSYoungGen: 487008K->107680K(520704K)] 1486507K->1240827K(1918976K), 0.0782349 secs] [Times: user=0.47 sys=0.01, real=0.08 secs] 
5055.004: [GC (Allocation Failure) [PSYoungGen: 452256K->144032K(520704K)] 1585403K->1382447K(1918976K), 0.0541799 secs] [Times: user=0.32 sys=0.00, real=0.05 secs] 
5055.058: [Full GC (Ergonomics) [PSYoungGen: 144032K->0K(520704K)] [ParOldGen: 1238415K->181152K(1398272K)] 1382447K->181152K(1918976K), [Metaspace: 60549K->60549K(1105920K)], 0.4262893 secs] [Times: user=1.88 sys=0.00, real=0.43 secs] 
5056.854: [GC (Allocation Failure) [PSYoungGen: 344576K->109280K(520704K)] 525728K->290432K(1918976K), 0.0584478 secs] [Times: user=0.33 sys=0.01, real=0.06 secs] 
5058.368: [GC (GCLocker Initiated GC) [PSYoungGen: 453856K->140640K(520704K)] 635009K->426973K(1918976K), 0.0528260 secs] [Times: user=0.31 sys=0.00, real=0.06 secs] 
5060.280: [GC (Allocation Failure) [PSYoungGen: 485216K->110464K(519168K)] 771558K->527606K(1917440K), 0.0801807 secs] [Times: user=0.47 sys=0.00, real=0.08 secs] 
5061.517: [GC (GCLocker Initiated GC) [PSYoungGen: 456576K->144736K(520704K)] 873718K->670019K(1918976K), 0.0522533 secs] [Times: user=0.30 sys=0.00, real=0.06 secs] 
5063.721: [GC (Allocation Failure) [PSYoungGen: 490848K->107904K(522752K)] 1016133K->768653K(1921024K), 0.1480518 secs] [Times: user=0.88 sys=0.00, real=0.15 secs] 
5064.828: [GC (Allocation Failure) [PSYoungGen: 455040K->146720K(494080K)] 1115789K->911146K(1892352K), 0.0527438 secs] [Times: user=0.31 sys=0.00, real=0.06 secs] 
5066.642: [GC (Allocation Failure) [PSYoungGen: 493856K->107616K(522752K)] 1258282K->1009786K(1921024K), 0.1433671 secs] [Times: user=0.84 sys=0.01, real=0.14 secs] 
5068.012: [GC (Allocation Failure) [PSYoungGen: 452192K->142880K(520704K)] 1354362K->1148551K(1918976K), 0.0523642 secs] [Times: user=0.31 sys=0.00, real=0.05 secs] 
5070.055: [GC (Allocation Failure) [PSYoungGen: 487456K->109056K(520192K)] 1493127K->1247967K(1918464K), 0.0814585 secs] [Times: user=0.48 sys=0.00, real=0.08 secs] 
5070.817: [GC (Allocation Failure) [PSYoungGen: 454144K->146432K(492032K)] 1593055K->1390540K(1890304K), 0.0535263 secs] [Times: user=0.31 sys=0.00, real=0.06 secs] 
5070.870: [Full GC (Ergonomics) [PSYoungGen: 146432K->0K(492032K)] [ParOldGen: 1244108K->186867K(1398272K)] 1390540K->186867K(1890304K), [Metaspace: 60549K->60549K(1105920K)], 0.4524677 secs] [Times: user=2.11 sys=0.00, real=0.45 secs] 
5073.228: [GC (Allocation Failure) [PSYoungGen: 345088K->107936K(522240K)] 531955K->294803K(1920512K), 0.0526888 secs] [Times: user=0.30 sys=0.00, real=0.06 secs] 
5074.135: [GC (Allocation Failure) [PSYoungGen: 451488K->145376K(488960K)] 638355K->435592K(1887232K), 0.0516298 secs] [Times: user=0.30 sys=0.00, real=0.05 secs] 
5076.301: [GC (Allocation Failure) [PSYoungGen: 488928K->108576K(521728K)] 779144K->535052K(1920000K), 0.1052200 secs] [Times: user=0.63 sys=0.00, real=0.10 secs] 
5077.429: [GC (Allocation Failure) [PSYoungGen: 451104K->143456K(519680K)] 877580K->672209K(1917952K), 0.0511473 secs] [Times: user=0.30 sys=0.00, real=0.05 secs] 
5079.313: [GC (Allocation Failure) [PSYoungGen: 485984K->107328K(520192K)] 1014737K->770497K(1918464K), 0.0987449 secs] [Times: user=0.58 sys=0.01, real=0.10 secs] 
5080.006: [GC (Allocation Failure) [PSYoungGen: 450368K->145792K(488960K)] 1113537K->912370K(1887232K), 0.0524053 secs] [Times: user=0.31 sys=0.00, real=0.05 secs] 
5081.965: [GC (Allocation Failure) [PSYoungGen: 488832K->106688K(521216K)] 1255410K->1010010K(1919488K), 0.1251304 secs] [Times: user=0.74 sys=0.00, real=0.13 secs] 
5082.820: [GC (Allocation Failure) [PSYoungGen: 448704K->146176K(488448K)] 1352026K->1152303K(1886720K), 0.0521860 secs] [Times: user=0.31 sys=0.00, real=0.05 secs] 
5084.843: [GC (Allocation Failure) [PSYoungGen: 488192K->104800K(520192K)] 1494319K->1248459K(1918464K), 0.0884079 secs] [Times: user=0.52 sys=0.00, real=0.09 secs] 
5086.104: [GC (GCLocker Initiated GC) [PSYoungGen: 444768K->143936K(518656K)] 1588427K->1388460K(1916928K), 0.0574355 secs] [Times: user=0.28 sys=0.00, real=0.06 secs] 
5086.161: [Full GC (Ergonomics) [PSYoungGen: 143936K->0K(518656K)] [ParOldGen: 1244524K->187234K(1398272K)] 1388460K->187234K(1916928K), [Metaspace: 60549K->60549K(1105920K)], 0.4503943 secs] [Times: user=2.09 sys=0.00, real=0.45 secs] 
5089.208: [GC (Allocation Failure) [PSYoungGen: 339968K->103616K(519168K)] 527205K->290853K(1917440K), 0.0956413 secs] [Times: user=0.56 sys=0.00, real=0.10 secs] 
5090.573: [GC (Allocation Failure) [PSYoungGen: 443072K->143488K(483328K)] 630309K->430890K(1881600K), 0.0508507 secs] [Times: user=0.30 sys=0.01, real=0.05 secs] 
5092.231: [GC (Allocation Failure) [PSYoungGen: 482944K->104352K(519680K)] 770346K->526554K(1917952K), 0.0638490 secs] [Times: user=0.38 sys=0.00, real=0.06 secs] 
5093.392: [GC (Allocation Failure) [PSYoungGen: 443296K->139264K(518144K)] 865498K->662777K(1916416K), 0.0510093 secs] [Times: user=0.30 sys=0.00, real=0.05 secs] 
5095.067: [GC (Allocation Failure) [PSYoungGen: 478208K->108608K(516096K)] 1001721K->761645K(1914368K), 0.1147399 secs] [Times: user=0.67 sys=0.01, real=0.12 secs] 
5096.663: [GC (Allocation Failure) [PSYoungGen: 449088K->140928K(517120K)] 1102125K->899110K(1915392K), 0.0529479 secs] [Times: user=0.32 sys=0.00, real=0.05 secs] 
5098.671: [GC (Allocation Failure) [PSYoungGen: 481408K->108288K(519168K)] 1239590K->997658K(1917440K), 0.1375240 secs] [Times: user=0.82 sys=0.00, real=0.14 secs] 
5100.316: [GC (Allocation Failure) [PSYoungGen: 452864K->141760K(520192K)] 1342234K->1136323K(1918464K), 0.0529723 secs] [Times: user=0.31 sys=0.01, real=0.06 secs] 
5101.884: [GC (Allocation Failure) [PSYoungGen: 486336K->110432K(519680K)] 1480899K->1237767K(1917952K), 0.1054932 secs] [Times: user=0.62 sys=0.01, real=0.11 secs] 
5102.992: [GC (Allocation Failure) [PSYoungGen: 456544K->144032K(520704K)] 1583879K->1379076K(1918976K), 0.0544370 secs] [Times: user=0.32 sys=0.00, real=0.05 secs] 
5103.046: [Full GC (Ergonomics) [PSYoungGen: 144032K->0K(520704K)] [ParOldGen: 1235044K->176805K(1398272K)] 1379076K->176805K(1918976K), [Metaspace: 60549K->60549K(1105920K)], 0.4199244 secs] [Times: user=1.95 sys=0.00, real=0.42 secs] 
5105.622: [GC (Allocation Failure) [PSYoungGen: 346112K->105024K(523264K)] 522917K->281829K(1921536K), 0.0549988 secs] [Times: user=0.32 sys=0.01, real=0.05 secs] 
5107.342: [GC (Allocation Failure) [PSYoungGen: 451648K->143296K(489984K)] 628453K->422414K(1888256K), 0.0528962 secs] [Times: user=0.32 sys=0.00, real=0.05 secs] 
5108.964: [GC (GCLocker Initiated GC) [PSYoungGen: 489920K->109408K(523776K)] 769039K->522271K(1922048K), 0.0642016 secs] [Times: user=0.38 sys=0.00, real=0.06 secs] 
5109.927: [GC (Allocation Failure) [PSYoungGen: 456032K->144448K(491520K)] 868902K->664042K(1889792K), 0.0532424 secs] [Times: user=0.31 sys=0.00, real=0.06 secs] 
5111.983: [GC (Allocation Failure) [PSYoungGen: 491072K->108000K(523264K)] 1010666K->762706K(1921536K), 0.1183058 secs] [Times: user=0.70 sys=0.00, real=0.12 secs] 
5113.765: [GC (Allocation Failure) [PSYoungGen: 453600K->143968K(521216K)] 1108306K->903807K(1919488K), 0.0530463 secs] [Times: user=0.31 sys=0.00, real=0.05 secs] 
5116.378: [GC (Allocation Failure) [PSYoungGen: 489568K->107392K(521216K)] 1249407K->1002159K(1919488K), 0.1115498 secs] [Times: user=0.66 sys=0.00, real=0.12 secs] 
5117.293: [GC (Allocation Failure) [PSYoungGen: 452992K->144480K(490496K)] 1347759K->1143976K(1888768K), 0.0527710 secs] [Times: user=0.31 sys=0.00, real=0.05 secs] 
5118.925: [GC (Allocation Failure) [PSYoungGen: 490080K->108096K(522752K)] 1489576K->1242656K(1921024K), 0.0682802 secs] [Times: user=0.40 sys=0.00, real=0.07 secs] 
5120.172: [GC (Allocation Failure) [PSYoungGen: 452672K->145536K(490496K)] 1587232K->1384205K(1888768K), 0.0533852 secs] [Times: user=0.31 sys=0.00, real=0.05 secs] 
5120.226: [Full GC (Ergonomics) [PSYoungGen: 145536K->0K(490496K)] [ParOldGen: 1238669K->182665K(1398272K)] 1384205K->182665K(1888768K), [Metaspace: 60549K->60549K(1105920K)], 0.4341601 secs] [Times: user=2.02 sys=0.00, real=0.44 secs] 
5123.097: [GC (Allocation Failure) [PSYoungGen: 344576K->103744K(521216K)] 527241K->286409K(1919488K), 0.0859936 secs] [Times: user=0.51 sys=0.01, real=0.09 secs] 
5124.467: [GC (Allocation Failure) [PSYoungGen: 446272K->141504K(520192K)] 628937K->425070K(1918464K), 0.0514727 secs] [Times: user=0.30 sys=0.01, real=0.05 secs] 
5126.062: [GC (Allocation Failure) [PSYoungGen: 484032K->108800K(517120K)] 767598K->524446K(1915392K), 0.0642157 secs] [Times: user=0.38 sys=0.00, real=0.06 secs] 
5127.144: [GC (Allocation Failure) [PSYoungGen: 451328K->141792K(518656K)] 866974K->663115K(1916928K), 0.0529494 secs] [Times: user=0.31 sys=0.00, real=0.05 secs] 
5129.168: [GC (Allocation Failure) [PSYoungGen: 484320K->108576K(520192K)] 1005643K->762103K(1918464K), 0.0913269 secs] [Times: user=0.54 sys=0.00, real=0.10 secs] 
5130.454: [GC (Allocation Failure) [PSYoungGen: 453664K->144000K(520704K)] 1107191K->903400K(1918976K), 0.0526925 secs] [Times: user=0.31 sys=0.00, real=0.05 secs] 
5132.426: [GC (Allocation Failure) [PSYoungGen: 489088K->107648K(521216K)] 1248488K->1001928K(1919488K), 0.1496395 secs] [Times: user=0.89 sys=0.01, real=0.15 secs] 
5133.839: [GC (Allocation Failure) [PSYoungGen: 453248K->143296K(521216K)] 1347528K->1141760K(1919488K), 0.0526573 secs] [Times: user=0.32 sys=0.00, real=0.06 secs] 
5135.386: [GC (GCLocker Initiated GC) [PSYoungGen: 488896K->111264K(520192K)] 1487361K->1243689K(1918464K), 0.1089753 secs] [Times: user=0.65 sys=0.01, real=0.11 secs] 
5137.137: [GC (Allocation Failure) [PSYoungGen: 456864K->142848K(520704K)] 1589292K->1382433K(1918976K), 0.0533724 secs] [Times: user=0.32 sys=0.00, real=0.06 secs] 
5137.190: [Full GC (Ergonomics) [PSYoungGen: 142848K->0K(520704K)] [ParOldGen: 1239585K->181176K(1398272K)] 1382433K->181176K(1918976K), [Metaspace: 60588K->60588K(1105920K)], 0.4443529 secs] [Times: user=2.00 sys=0.00, real=0.44 secs] 
5139.206: [GC (Allocation Failure) [PSYoungGen: 345600K->110304K(521216K)] 526776K->291480K(1919488K), 0.0723548 secs] [Times: user=0.43 sys=0.01, real=0.07 secs] 
5140.721: [GC (Allocation Failure) [PSYoungGen: 457440K->145408K(521728K)] 638616K->432557K(1920000K), 0.0535013 secs] [Times: user=0.32 sys=0.00, real=0.05 secs] 
5142.777: [GC (Allocation Failure) [PSYoungGen: 492544K->111104K(521728K)] 779693K->533989K(1920000K), 0.0908307 secs] [Times: user=0.54 sys=0.01, real=0.09 secs] 
5144.163: [GC (Allocation Failure) [PSYoungGen: 458240K->144096K(521728K)] 881125K->674558K(1920000K), 0.0532385 secs] [Times: user=0.32 sys=0.00, real=0.05 secs] 
5145.930: [GC (Allocation Failure) [PSYoungGen: 491232K->107456K(522752K)] 1021694K->772790K(1921024K), 0.0783000 secs] [Times: user=0.46 sys=0.01, real=0.07 secs] 
5147.465: [GC (Allocation Failure) [PSYoungGen: 454592K->145088K(492544K)] 1119926K->913802K(1890816K), 0.0524271 secs] [Times: user=0.31 sys=0.00, real=0.05 secs] 
5149.736: [GC (Allocation Failure) [PSYoungGen: 492224K->107552K(522752K)] 1260938K->1012166K(1921024K), 0.1062748 secs] [Times: user=0.63 sys=0.00, real=0.11 secs] 
5151.169: [GC (Allocation Failure) [PSYoungGen: 452640K->144256K(521216K)] 1357254K->1152707K(1919488K), 0.0525497 secs] [Times: user=0.30 sys=0.00, real=0.05 secs] 
5152.713: [GC (Allocation Failure) [PSYoungGen: 489344K->109760K(520192K)] 1497795K->1253299K(1918464K), 0.0664342 secs] [Times: user=0.40 sys=0.00, real=0.07 secs] 
5153.929: [GC (Allocation Failure) [PSYoungGen: 454848K->145472K(520704K)] 1598387K->1394384K(1918976K), 0.0526856 secs] [Times: user=0.31 sys=0.00, real=0.05 secs] 
5153.982: [Full GC (Ergonomics) [PSYoungGen: 145472K->0K(520704K)] [ParOldGen: 1248912K->192233K(1398272K)] 1394384K->192233K(1918976K), [Metaspace: 60588K->60588K(1105920K)], 0.4640835 secs] [Times: user=2.17 sys=0.00, real=0.46 secs] 
5156.028: [GC (Allocation Failure) [PSYoungGen: 345088K->106240K(521728K)] 537321K->298473K(1920000K), 0.0435699 secs] [Times: user=0.26 sys=0.00, real=0.05 secs] 
5157.472: [GC (Allocation Failure) [PSYoungGen: 450304K->144160K(488448K)] 642537K->437938K(1886720K), 0.0506925 secs] [Times: user=0.30 sys=0.00, real=0.05 secs] 
5159.392: [GC (Allocation Failure) [PSYoungGen: 488224K->108480K(522240K)] 782002K->536826K(1920512K), 0.1206964 secs] [Times: user=0.72 sys=0.01, real=0.12 secs] 
5160.312: [GC (Allocation Failure) [PSYoungGen: 452032K->145696K(489472K)] 880378K->678239K(1887744K), 0.0518186 secs] [Times: user=0.30 sys=0.00, real=0.05 secs] 
5162.052: [GC (Allocation Failure) [PSYoungGen: 489248K->105504K(521216K)] 1021791K->774831K(1919488K), 0.1007832 secs] [Times: user=0.59 sys=0.01, real=0.10 secs] 
5162.754: [GC (GCLocker Initiated GC) [PSYoungGen: 447520K->143104K(519680K)] 1116847K->913808K(1917952K), 0.0509611 secs] [Times: user=0.30 sys=0.00, real=0.05 secs] 
5164.859: [GC (Allocation Failure) [PSYoungGen: 485120K->104576K(519680K)] 1255828K->1009244K(1917952K), 0.1000740 secs] [Times: user=0.59 sys=0.01, real=0.10 secs] 
5166.197: [GC (Allocation Failure) [PSYoungGen: 446592K->144096K(486400K)] 1351260K->1149677K(1884672K), 0.0522592 secs] [Times: user=0.31 sys=0.00, real=0.06 secs] 
5169.057: [GC (GCLocker Initiated GC) [PSYoungGen: 486112K->103712K(520704K)] 1491693K->1244701K(1918976K), 0.1580356 secs] [Times: user=0.93 sys=0.01, real=0.16 secs] 
5170.163: [GC (Allocation Failure) [PSYoungGen: 444704K->141728K(519168K)] 1585697K->1382585K(1917440K), 0.0514007 secs] [Times: user=0.31 sys=0.00, real=0.05 secs] 
5170.214: [Full GC (Ergonomics) [PSYoungGen: 141728K->0K(519168K)] [ParOldGen: 1240857K->180791K(1398272K)] 1382585K->180791K(1917440K), [Metaspace: 60589K->60589K(1105920K)], 0.4399091 secs] [Times: user=2.05 sys=0.00, real=0.44 secs] 
5172.797: [GC (Allocation Failure) [PSYoungGen: 340992K->104832K(518656K)] 521783K->285623K(1916928K), 0.0737049 secs] [Times: user=0.44 sys=0.00, real=0.08 secs] 
5174.539: [GC (Allocation Failure) [PSYoungGen: 446336K->140640K(519168K)] 627127K->423160K(1917440K), 0.0514921 secs] [Times: user=0.31 sys=0.00, real=0.05 secs] 
5176.401: [GC (Allocation Failure) [PSYoungGen: 482144K->107296K(517120K)] 764664K->521272K(1915392K), 0.0732546 secs] [Times: user=0.43 sys=0.00, real=0.07 secs] 
5177.813: [GC (Allocation Failure) [PSYoungGen: 449824K->142496K(518656K)] 863800K->660736K(1916928K), 0.0519663 secs] [Times: user=0.31 sys=0.00, real=0.05 secs] 
5179.272: [GC (Allocation Failure) [PSYoungGen: 485024K->107072K(520704K)] 1003264K->758488K(1918976K), 0.0645002 secs] [Times: user=0.38 sys=0.00, real=0.06 secs] 
5180.416: [GC (Allocation Failure) [PSYoungGen: 451648K->142976K(520704K)] 1103064K->898836K(1918976K), 0.0537213 secs] [Times: user=0.32 sys=0.00, real=0.06 secs] 
5182.355: [GC (Allocation Failure) [PSYoungGen: 487552K->109984K(519168K)] 1243412K->999684K(1917440K), 0.1305647 secs] [Times: user=0.77 sys=0.00, real=0.13 secs] 
5184.098: [GC (Allocation Failure) [PSYoungGen: 455072K->142240K(520192K)] 1344772K->1139425K(1918464K), 0.0541700 secs] [Times: user=0.32 sys=0.00, real=0.06 secs] 
5186.127: [GC (Allocation Failure) [PSYoungGen: 487328K->108672K(520704K)] 1484513K->1238921K(1918976K), 0.1638171 secs] [Times: user=0.97 sys=0.01, real=0.17 secs] 
5187.300: [GC (Allocation Failure) [PSYoungGen: 455296K->143392K(521216K)] 1585545K->1379262K(1919488K), 0.0539186 secs] [Times: user=0.32 sys=0.00, real=0.05 secs] 
5187.354: [Full GC (Ergonomics) [PSYoungGen: 143392K->0K(521216K)] [ParOldGen: 1235870K->176982K(1398272K)] 1379262K->176982K(1919488K), [Metaspace: 60589K->60589K(1105920K)], 0.4127210 secs] [Times: user=1.90 sys=0.00, real=0.41 secs] 
5189.227: [GC (Allocation Failure) [PSYoungGen: 346624K->111360K(522240K)] 523606K->288342K(1920512K), 0.0516022 secs] [Times: user=0.30 sys=0.01, real=0.06 secs] 
5190.626: [GC (Allocation Failure) [PSYoungGen: 459008K->144928K(522240K)] 635990K->429903K(1920512K), 0.0538561 secs] [Times: user=0.31 sys=0.00, real=0.06 secs] 
5192.437: [GC (Allocation Failure) [PSYoungGen: 492576K->108768K(522752K)] 777551K->529383K(1921024K), 0.1182577 secs] [Times: user=0.70 sys=0.00, real=0.12 secs] 
5194.380: [GC (Allocation Failure) [PSYoungGen: 455904K->146272K(493568K)] 876519K->671364K(1891840K), 0.0532196 secs] [Times: user=0.31 sys=0.00, real=0.05 secs] 
5196.219: [GC (Allocation Failure) [PSYoungGen: 493408K->107040K(522752K)] 1018500K->769176K(1921024K), 0.1109183 secs] [Times: user=0.66 sys=0.00, real=0.12 secs] 
5197.142: [GC (Allocation Failure) [PSYoungGen: 452128K->147520K(493056K)] 1114264K->912285K(1891328K), 0.0525491 secs] [Times: user=0.31 sys=0.00, real=0.05 secs] 
5199.222: [GC (Allocation Failure) [PSYoungGen: 492608K->105952K(521216K)] 1257373K->1009485K(1919488K), 0.1291797 secs] [Times: user=0.77 sys=0.00, real=0.13 secs] 
5200.413: [GC (Allocation Failure) [PSYoungGen: 447968K->144768K(486912K)] 1351501K->1149737K(1885184K), 0.0516793 secs] [Times: user=0.30 sys=0.00, real=0.05 secs] 
5202.635: [GC (Allocation Failure) [PSYoungGen: 486784K->106432K(520704K)] 1491753K->1246886K(1918976K), 0.1141918 secs] [Times: user=0.68 sys=0.00, real=0.12 secs] 
5204.128: [GC (Allocation Failure) [PSYoungGen: 447424K->142432K(519168K)] 1587878K->1384810K(1917440K), 0.0519699 secs] [Times: user=0.31 sys=0.00, real=0.06 secs] 
5204.180: [Full GC (Ergonomics) [PSYoungGen: 142432K->0K(519168K)] [ParOldGen: 1242378K->183119K(1398272K)] 1384810K->183119K(1917440K), [Metaspace: 60589K->60589K(1105920K)], 0.4283498 secs] [Times: user=1.98 sys=0.00, real=0.43 secs] 
5206.220: [GC (Allocation Failure) [PSYoungGen: 340992K->108256K(517632K)] 524111K->291375K(1915904K), 0.0726614 secs] [Times: user=0.43 sys=0.00, real=0.07 secs] 
5208.188: [GC (Allocation Failure) [PSYoungGen: 449760K->142304K(518656K)] 632879K->427343K(1916928K), 0.0515817 secs] [Times: user=0.30 sys=0.00, real=0.06 secs] 
5210.003: [GC (Allocation Failure) [PSYoungGen: 483808K->106592K(519168K)] 768847K->524528K(1917440K), 0.1217508 secs] [Times: user=0.72 sys=0.01, real=0.12 secs] 
5212.057: [GC (Allocation Failure) [PSYoungGen: 449632K->141216K(519680K)] 867568K->662752K(1917952K), 0.0518449 secs] [Times: user=0.31 sys=0.00, real=0.05 secs] 
5213.659: [GC (Allocation Failure) [PSYoungGen: 484256K->107808K(519168K)] 1005792K->761216K(1917440K), 0.1020984 secs] [Times: user=0.60 sys=0.01, real=0.10 secs] 
5215.126: [GC (Allocation Failure) [PSYoungGen: 452384K->140960K(520192K)] 1105792K->899221K(1918464K), 0.0529290 secs] [Times: user=0.31 sys=0.00, real=0.06 secs] 
5216.909: [GC (GCLocker Initiated GC) [PSYoungGen: 485536K->109408K(520192K)] 1243797K->999185K(1918464K), 0.1045167 secs] [Times: user=0.62 sys=0.01, real=0.10 secs] 
5219.013: [GC (Allocation Failure) [PSYoungGen: 456032K->142432K(521216K)] 1345812K->1138789K(1919488K), 0.0537367 secs] [Times: user=0.32 sys=0.00, real=0.05 secs] 
5220.730: [GC (Allocation Failure) [PSYoungGen: 489056K->108832K(521728K)] 1485413K->1238265K(1920000K), 0.0678218 secs] [Times: user=0.40 sys=0.01, real=0.06 secs] 
5222.245: [GC (Allocation Failure) [PSYoungGen: 456992K->143680K(522240K)] 1586425K->1378598K(1920512K), 0.0535260 secs] [Times: user=0.31 sys=0.00, real=0.05 secs] 
5222.298: [Full GC (Ergonomics) [PSYoungGen: 143680K->0K(522240K)] [ParOldGen: 1234918K->177575K(1398272K)] 1378598K->177575K(1920512K), [Metaspace: 60589K->60589K(1105920K)], 0.4168008 secs] [Times: user=1.93 sys=0.00, real=0.42 secs] 
5224.398: [GC (Allocation Failure) [PSYoungGen: 348160K->111168K(522752K)] 525735K->288743K(1921024K), 0.0571627 secs] [Times: user=0.34 sys=0.01, real=0.06 secs] 
5225.625: [GC (GCLocker Initiated GC) [PSYoungGen: 459840K->144256K(522752K)] 637415K->429456K(1921024K), 0.0540443 secs] [Times: user=0.31 sys=0.01, real=0.06 secs] 
5227.355: [GC (GCLocker Initiated GC) [PSYoungGen: 492928K->110784K(522752K)] 778132K->530860K(1921024K), 0.1380111 secs] [Times: user=0.82 sys=0.00, real=0.14 secs] 
5228.833: [GC (Allocation Failure) [PSYoungGen: 459456K->152704K(501760K)] 879571K->679335K(1900032K), 0.0532965 secs] [Times: user=0.31 sys=0.00, real=0.05 secs] 
5230.621: [GC (Allocation Failure) [PSYoungGen: 501376K->111968K(521728K)] 1028007K->773616K(1920000K), 0.0739971 secs] [Times: user=0.44 sys=0.00, real=0.07 secs] 
5231.386: [GC (Allocation Failure) [PSYoungGen: 454496K->145344K(519680K)] 1116144K->914988K(1917952K), 0.0540914 secs] [Times: user=0.31 sys=0.00, real=0.06 secs] 
5233.112: [GC (Allocation Failure) [PSYoungGen: 487872K->106208K(520192K)] 1257516K->1012228K(1918464K), 0.0656922 secs] [Times: user=0.38 sys=0.00, real=0.06 secs] 
5234.321: [GC (Allocation Failure) [PSYoungGen: 448224K->144416K(519680K)] 1354244K->1152365K(1917952K), 0.0521427 secs] [Times: user=0.31 sys=0.00, real=0.05 secs] 
5236.769: [GC (Allocation Failure) [PSYoungGen: 486432K->104512K(520192K)] 1494381K->1248093K(1918464K), 0.1413751 secs] [Times: user=0.84 sys=0.00, real=0.14 secs] 
5238.293: [GC (Allocation Failure) [PSYoungGen: 446016K->144416K(486400K)] 1589597K->1388298K(1884672K), 0.0518146 secs] [Times: user=0.31 sys=0.00, real=0.05 secs] 
5238.345: [Full GC (Ergonomics) [PSYoungGen: 144416K->0K(486400K)] [ParOldGen: 1243882K->187094K(1398272K)] 1388298K->187094K(1884672K), [Metaspace: 60589K->60589K(1105920K)], 0.4431063 secs] [Times: user=2.06 sys=0.00, real=0.44 secs] 
5240.476: [GC (Allocation Failure) [PSYoungGen: 341504K->104544K(520192K)] 528598K->291638K(1918464K), 0.0436988 secs] [Times: user=0.25 sys=0.00, real=0.05 secs] 
5241.729: [GC (Allocation Failure) [PSYoungGen: 445024K->141952K(519168K)] 632118K->429675K(1917440K), 0.0511016 secs] [Times: user=0.30 sys=0.00, real=0.06 secs] 
5243.906: [GC (Allocation Failure) [PSYoungGen: 481675K->105920K(517120K)] 769398K->526555K(1915392K), 0.1512982 secs] [Times: user=0.89 sys=0.01, real=0.15 secs] 
5245.746: [GC (GCLocker Initiated GC) [PSYoungGen: 446400K->140416K(518144K)] 867035K->663448K(1916416K), 0.0508536 secs] [Times: user=0.30 sys=0.00, real=0.05 secs] 
5247.588: [GC (Allocation Failure) [PSYoungGen: 480896K->106496K(518656K)] 1003930K->761034K(1916928K), 0.1010239 secs] [Times: user=0.60 sys=0.01, real=0.10 secs] 
5248.424: [GC (Allocation Failure) [PSYoungGen: 449536K->143456K(519680K)] 1104074K->901454K(1917952K), 0.0525434 secs] [Times: user=0.31 sys=0.00, real=0.05 secs] 
5249.926: [GC (Allocation Failure) [PSYoungGen: 486496K->108064K(519680K)] 1244496K->1000120K(1917952K), 0.0668708 secs] [Times: user=0.39 sys=0.00, real=0.07 secs] 
5250.928: [GC (Allocation Failure) [PSYoungGen: 452128K->143200K(520192K)] 1344184K->1140381K(1918464K), 0.0536760 secs] [Times: user=0.31 sys=0.00, real=0.06 secs] 
5252.955: [GC (GCLocker Initiated GC) [PSYoungGen: 487264K->105984K(521216K)] 1484445K->1237405K(1919488K), 0.1580490 secs] [Times: user=0.94 sys=0.00, real=0.16 secs] 
5254.917: [GC (Allocation Failure) [PSYoungGen: 450048K->143328K(520704K)] 1581472K->1377157K(1918976K), 0.0529228 secs] [Times: user=0.31 sys=0.01, real=0.06 secs] 
5254.970: [Full GC (Ergonomics) [PSYoungGen: 143328K->0K(520704K)] [ParOldGen: 1233829K->176750K(1398272K)] 1377157K->176750K(1918976K), [Metaspace: 60590K->60590K(1105920K)], 0.4272041 secs] [Times: user=2.00 sys=0.00, real=0.42 secs] 
5257.053: [GC (Allocation Failure) [PSYoungGen: 344064K->108384K(519680K)] 520814K->285134K(1917952K), 0.0614801 secs] [Times: user=0.36 sys=0.00, real=0.06 secs] 
5258.201: [GC (Allocation Failure) [PSYoungGen: 452448K->143680K(520192K)] 629198K->425619K(1918464K), 0.0535719 secs] [Times: user=0.31 sys=0.00, real=0.05 secs] 
5260.070: [GC (Allocation Failure) [PSYoungGen: 487744K->106624K(520704K)] 769683K->523187K(1918976K), 0.1019039 secs] [Times: user=0.60 sys=0.00, real=0.10 secs] 
5262.140: [GC (Allocation Failure) [PSYoungGen: 451200K->149568K(494592K)] 867763K->670004K(1892864K), 0.0529808 secs] [Times: user=0.31 sys=0.00, real=0.05 secs] 
5264.100: [GC (Allocation Failure) [PSYoungGen: 494144K->107136K(520192K)] 1014580K->759660K(1918464K), 0.1262735 secs] [Times: user=0.75 sys=0.00, real=0.12 secs] 
5266.114: [GC (Allocation Failure) [PSYoungGen: 447104K->138752K(479232K)] 1099628K->895037K(1877504K), 0.0522701 secs] [Times: user=0.31 sys=0.00, real=0.05 secs] 
5267.732: [GC (GCLocker Initiated GC) [PSYoungGen: 478720K->107424K(520192K)] 1235005K->993489K(1918464K), 0.0932271 secs] [Times: user=0.55 sys=0.01, real=0.09 secs] 
5270.040: [GC (Allocation Failure) [PSYoungGen: 449440K->139488K(518144K)] 1335508K->1130017K(1916416K), 0.0527353 secs] [Times: user=0.31 sys=0.00, real=0.05 secs] 
5271.563: [GC (Allocation Failure) [PSYoungGen: 481504K->109408K(520192K)] 1472033K->1230049K(1918464K), 0.0645470 secs] [Times: user=0.38 sys=0.00, real=0.06 secs] 
5274.102: [GC (GCLocker Initiated GC) [PSYoungGen: 455520K->138400K(520704K)] 1576161K->1366070K(1918976K), 0.0538512 secs] [Times: user=0.32 sys=0.00, real=0.05 secs] 
5275.519: [GC (Allocation Failure) [PSYoungGen: 484512K->112160K(519168K)] 1712185K->1468737K(1917440K), 0.0655872 secs] [Times: user=0.39 sys=0.00, real=0.06 secs] 
5275.584: [Full GC (Ergonomics) [PSYoungGen: 112160K->0K(519168K)] [ParOldGen: 1356577K->29167K(1398272K)] 1468737K->29167K(1917440K), [Metaspace: 60590K->60590K(1105920K)], 0.0537604 secs] [Times: user=0.17 sys=0.00, real=0.05 secs] 
5276.870: [GC (Allocation Failure) [PSYoungGen: 349696K->142592K(521728K)] 378863K->171760K(1920000K), 0.0280888 secs] [Times: user=0.16 sys=0.00, real=0.02 secs] 
5278.490: [GC (Allocation Failure) [PSYoungGen: 492288K->110944K(524800K)] 521456K->273048K(1923072K), 0.0703744 secs] [Times: user=0.42 sys=0.01, real=0.07 secs] 
5279.899: [GC (Allocation Failure) [PSYoungGen: 463712K->147104K(500224K)] 625816K->417316K(1898496K), 0.0536086 secs] [Times: user=0.32 sys=0.01, real=0.05 secs] 
5281.570: [GC (Allocation Failure) [PSYoungGen: 499872K->110080K(525312K)] 770084K->517996K(1923584K), 0.0919678 secs] [Times: user=0.55 sys=0.01, real=0.09 secs] 
5283.152: [GC (Allocation Failure) [PSYoungGen: 459776K->145536K(495616K)] 867692K->660257K(1893888K), 0.0534623 secs] [Times: user=0.31 sys=0.00, real=0.05 secs] 
5284.617: [GC (Allocation Failure) [PSYoungGen: 495232K->108992K(524288K)] 1009953K->759789K(1922560K), 0.0654409 secs] [Times: user=0.39 sys=0.00, real=0.07 secs] 
5286.721: [GC (Allocation Failure) [PSYoungGen: 457152K->144768K(493056K)] 1107949K->900554K(1891328K), 0.0531120 secs] [Times: user=0.31 sys=0.00, real=0.05 secs] 
5288.672: [GC (Allocation Failure) [PSYoungGen: 492928K->107264K(523776K)] 1248714K->998586K(1922048K), 0.1391204 secs] [Times: user=0.83 sys=0.00, real=0.14 secs] 
5290.595: [GC (Allocation Failure) [PSYoungGen: 454400K->144480K(492032K)] 1345722K->1138547K(1890304K), 0.0526728 secs] [Times: user=0.31 sys=0.00, real=0.05 secs] 
5292.054: [GC (Allocation Failure) [PSYoungGen: 491616K->110656K(523776K)] 1485683K->1240015K(1922048K), 0.0660248 secs] [Times: user=0.39 sys=0.01, real=0.07 secs] 
5293.212: [GC (Allocation Failure) [PSYoungGen: 457280K->144512K(521728K)] 1586639K->1380444K(1920000K), 0.0542098 secs] [Times: user=0.32 sys=0.00, real=0.05 secs] 
5293.266: [Full GC (Ergonomics) [PSYoungGen: 144512K->0K(521728K)] [ParOldGen: 1235932K->186300K(1398272K)] 1380444K->186300K(1920000K), [Metaspace: 60591K->60591K(1105920K)], 0.4460699 secs] [Times: user=2.08 sys=0.00, real=0.45 secs] 
5295.204: [GC (GCLocker Initiated GC) [PSYoungGen: 346624K->107744K(522240K)] 532924K->294044K(1920512K), 0.0618849 secs] [Times: user=0.36 sys=0.01, real=0.06 secs] 
5296.203: [GC (Allocation Failure) [PSYoungGen: 453856K->146944K(493568K)] 640159K->436796K(1891840K), 0.0524833 secs] [Times: user=0.30 sys=0.00, real=0.05 secs] 
5298.769: [GC (Allocation Failure) [PSYoungGen: 493056K->105184K(521728K)] 782908K->532804K(1920000K), 0.1324262 secs] [Times: user=0.79 sys=0.00, real=0.14 secs] 
5299.796: [GC (Allocation Failure) [PSYoungGen: 448224K->145664K(488960K)] 875844K->674925K(1887232K), 0.0514587 secs] [Times: user=0.30 sys=0.01, real=0.05 secs] 
5301.400: [GC (GCLocker Initiated GC) [PSYoungGen: 488704K->105216K(520704K)] 1017966K->771382K(1918976K), 0.0940526 secs] [Times: user=0.50 sys=0.01, real=0.09 secs] 
5302.800: [GC (Allocation Failure) [PSYoungGen: 446208K->152032K(493056K)] 1112377K->919432K(1891328K), 0.0514354 secs] [Times: user=0.30 sys=0.00, real=0.05 secs] 
5304.739: [GC (Allocation Failure) [PSYoungGen: 493024K->104800K(517632K)] 1260424K->1006824K(1915904K), 0.0978167 secs] [Times: user=0.57 sys=0.00, real=0.10 secs] 
5306.185: [GC (GCLocker Initiated GC) [PSYoungGen: 439648K->138752K(474112K)] 1341674K->1141835K(1872384K), 0.0517919 secs] [Times: user=0.31 sys=0.00, real=0.05 secs] 
5308.186: [GC (Allocation Failure) [PSYoungGen: 473600K->103456K(517120K)] 1476685K->1236549K(1915392K), 0.1144001 secs] [Times: user=0.69 sys=0.00, real=0.12 secs] 
5309.911: [GC (Allocation Failure) [PSYoungGen: 439840K->140416K(515584K)] 1572933K->1374017K(1913856K), 0.0514446 secs] [Times: user=0.31 sys=0.00, real=0.05 secs] 
5309.962: [Full GC (Ergonomics) [PSYoungGen: 140416K->0K(515584K)] [ParOldGen: 1233601K->173014K(1398272K)] 1374017K->173014K(1913856K), [Metaspace: 60591K->60591K(1105920K)], 0.4050403 secs] [Times: user=1.87 sys=0.00, real=0.40 secs] 
5311.876: [GC (Allocation Failure) [PSYoungGen: 336384K->104640K(517632K)] 509398K->277654K(1915904K), 0.0590957 secs] [Times: user=0.34 sys=0.01, real=0.06 secs] 
5313.983: [GC (Allocation Failure) [PSYoungGen: 444608K->138848K(518144K)] 617622K->414133K(1916416K), 0.0527439 secs] [Times: user=0.31 sys=0.00, real=0.05 secs] 
5315.419: [GC (GCLocker Initiated GC) [PSYoungGen: 478816K->107360K(516608K)] 754101K->512277K(1914880K), 0.0646694 secs] [Times: user=0.38 sys=0.00, real=0.06 secs] 
5317.322: [GC (Allocation Failure) [PSYoungGen: 449888K->138752K(518656K)] 854808K->648493K(1916928K), 0.0528489 secs] [Times: user=0.31 sys=0.00, real=0.05 secs] 
5318.862: [GC (Allocation Failure) [PSYoungGen: 481280K->109344K(518656K)] 991021K->748361K(1916928K), 0.0792828 secs] [Times: user=0.47 sys=0.00, real=0.08 secs] 
5319.905: [GC (Allocation Failure) [PSYoungGen: 455968K->142048K(520704K)] 1094985K->888686K(1918976K), 0.0536212 secs] [Times: user=0.32 sys=0.00, real=0.06 secs] 
5321.365: [GC (Allocation Failure) [PSYoungGen: 488672K->111168K(521216K)] 1235310K->990486K(1919488K), 0.0657059 secs] [Times: user=0.39 sys=0.00, real=0.07 secs] 
5323.104: [GC (Allocation Failure) [PSYoungGen: 460352K->142080K(522240K)] 1339670K->1130459K(1920512K), 0.0543628 secs] [Times: user=0.32 sys=0.00, real=0.05 secs] 
5324.562: [GC (Allocation Failure) [PSYoungGen: 491264K->111360K(522752K)] 1479643K->1232439K(1921024K), 0.0651855 secs] [Times: user=0.38 sys=0.00, real=0.06 secs] 
5326.433: [GC (Allocation Failure) [PSYoungGen: 462080K->142304K(523264K)] 1583159K->1371455K(1921536K), 0.0538123 secs] [Times: user=0.31 sys=0.01, real=0.05 secs] 
5328.299: [GC (GCLocker Initiated GC) [PSYoungGen: 493024K->110784K(523264K)] 1722176K->1472528K(1921536K), 0.1164011 secs] [Times: user=0.69 sys=0.00, real=0.11 secs] 
5328.415: [Full GC (Ergonomics) [PSYoungGen: 110784K->0K(523264K)] [ParOldGen: 1361744K->32945K(1398272K)] 1472528K->32945K(1921536K), [Metaspace: 60591K->60558K(1105920K)], 0.0943687 secs] [Times: user=0.32 sys=0.00, real=0.10 secs] 
5330.012: [GC (Allocation Failure) [PSYoungGen: 351744K->152864K(504832K)] 384760K->185880K(1903104K), 0.0293442 secs] [Times: user=0.17 sys=0.00, real=0.03 secs] 
5331.930: [GC (Allocation Failure) [PSYoungGen: 504608K->114880K(523776K)] 537624K->283264K(1922048K), 0.1474304 secs] [Times: user=0.87 sys=0.00, real=0.14 secs] 
5334.288: [GC (Allocation Failure) [PSYoungGen: 460480K->148224K(520704K)] 628864K->427252K(1918976K), 0.0543510 secs] [Times: user=0.31 sys=0.00, real=0.06 secs] 
5336.025: [GC (Allocation Failure) [PSYoungGen: 493824K->110848K(521728K)] 772852K->520505K(1920000K), 0.0989848 secs] [Times: user=0.59 sys=0.00, real=0.10 secs] 
5337.537: [GC (Allocation Failure) [PSYoungGen: 455424K->141184K(520704K)] 865081K->658829K(1918976K), 0.0532066 secs] [Times: user=0.32 sys=0.00, real=0.06 secs] 
5339.332: [GC (Allocation Failure) [PSYoungGen: 485760K->107840K(521216K)] 1003405K->757369K(1919488K), 0.1469133 secs] [Times: user=0.87 sys=0.01, real=0.15 secs] 
5341.127: [GC (Allocation Failure) [PSYoungGen: 453952K->143712K(521728K)] 1103481K->897678K(1920000K), 0.0531030 secs] [Times: user=0.32 sys=0.00, real=0.06 secs] 
5342.793: [GC (Allocation Failure) [PSYoungGen: 489824K->110368K(520704K)] 1243790K->998782K(1918976K), 0.0897861 secs] [Times: user=0.53 sys=0.00, real=0.09 secs] 
5343.614: [GC (Allocation Failure) [PSYoungGen: 456480K->146016K(521216K)] 1344894K->1140571K(1919488K), 0.0538620 secs] [Times: user=0.31 sys=0.01, real=0.05 secs] 
5345.026: [GC (Allocation Failure) [PSYoungGen: 492128K->108224K(522240K)] 1486683K->1239699K(1920512K), 0.0675933 secs] [Times: user=0.40 sys=0.00, real=0.07 secs] 
5346.854: [GC (Allocation Failure) [PSYoungGen: 453312K->143456K(521216K)] 1584787K->1379304K(1919488K), 0.0536469 secs] [Times: user=0.32 sys=0.00, real=0.05 secs] 
5346.907: [Full GC (Ergonomics) [PSYoungGen: 143456K->0K(521216K)] [ParOldGen: 1235848K->183666K(1398272K)] 1379304K->183666K(1919488K), [Metaspace: 60558K->60558K(1105920K)], 0.4572649 secs] [Times: user=2.13 sys=0.00, real=0.46 secs] 
5349.421: [GC (Allocation Failure) [PSYoungGen: 345088K->105184K(521728K)] 528754K->288850K(1920000K), 0.0774319 secs] [Times: user=0.45 sys=0.00, real=0.07 secs] 
5351.383: [GC (Allocation Failure) [PSYoungGen: 449760K->151200K(496128K)] 633426K->436253K(1894400K), 0.0524168 secs] [Times: user=0.31 sys=0.00, real=0.05 secs] 
5353.031: [GC (GCLocker Initiated GC) [PSYoungGen: 495776K->109024K(520192K)] 780831K->527807K(1918464K), 0.0661732 secs] [Times: user=0.39 sys=0.00, real=0.06 secs] 
5354.110: [GC (Allocation Failure) [PSYoungGen: 448480K->143008K(518144K)] 867266K->666483K(1916416K), 0.0526787 secs] [Times: user=0.31 sys=0.00, real=0.05 secs] 
5355.904: [GC (Allocation Failure) [PSYoungGen: 482464K->106016K(518144K)] 1005939K->763523K(1916416K), 0.1028528 secs] [Times: user=0.61 sys=0.00, real=0.10 secs] 
5356.902: [GC (Allocation Failure) [PSYoungGen: 446496K->150944K(491520K)] 1104003K->911350K(1889792K), 0.0526538 secs] [Times: user=0.31 sys=0.00, real=0.05 secs] 
5358.867: [GC (Allocation Failure) [PSYoungGen: 491424K->106976K(518144K)] 1251830K->1000910K(1916416K), 0.1082364 secs] [Times: user=0.65 sys=0.00, real=0.11 secs] 
5360.362: [GC (GCLocker Initiated GC) [PSYoungGen: 442848K->139520K(475648K)] 1336783K->1137372K(1873920K), 0.0537132 secs] [Times: user=0.31 sys=0.01, real=0.05 secs] 
5361.758: [GC (Allocation Failure) [PSYoungGen: 475392K->102912K(517120K)] 1473246K->1230822K(1915392K), 0.0640965 secs] [Times: user=0.38 sys=0.01, real=0.07 secs] 
5362.796: [GC (Allocation Failure) [PSYoungGen: 439799K->139872K(516096K)] 1567709K->1367859K(1914368K), 0.0532780 secs] [Times: user=0.29 sys=0.01, real=0.06 secs] 
5364.278: [GC (Allocation Failure) [PSYoungGen: 476768K->107296K(516608K)] 1704755K->1465659K(1914880K), 0.0660408 secs] [Times: user=0.39 sys=0.00, real=0.07 secs] 
5364.344: [Full GC (Ergonomics) [PSYoungGen: 107296K->0K(516608K)] [ParOldGen: 1358363K->26448K(1398272K)] 1465659K->26448K(1914880K), [Metaspace: 60563K->59689K(1105920K)], 0.0463510 secs] [Times: user=0.14 sys=0.00, real=0.05 secs] 
5366.436: [GC (Allocation Failure) [PSYoungGen: 340480K->137696K(517632K)] 366928K->164145K(1915904K), 0.0275328 secs] [Times: user=0.16 sys=0.00, real=0.03 secs] 
5367.825: [GC (Allocation Failure) [PSYoungGen: 478176K->110688K(517120K)] 504625K->265281K(1915392K), 0.0633802 secs] [Times: user=0.37 sys=0.00, real=0.07 secs] 
5369.806: [GC (Allocation Failure) [PSYoungGen: 455776K->139232K(519680K)] 610369K->402077K(1917952K), 0.0530010 secs] [Times: user=0.31 sys=0.00, real=0.06 secs] 
5371.239: [GC (Allocation Failure) [PSYoungGen: 484320K->110432K(519680K)] 747165K->503037K(1917952K), 0.0644689 secs] [Times: user=0.38 sys=0.00, real=0.07 secs] 
5373.964: [GC (Allocation Failure) [PSYoungGen: 459616K->138848K(521728K)] 852221K->639954K(1920000K), 0.0530025 secs] [Times: user=0.31 sys=0.00, real=0.05 secs] 
5375.401: [GC (Allocation Failure) [PSYoungGen: 488032K->111872K(522752K)] 989138K->742346K(1921024K), 0.0657420 secs] [Times: user=0.38 sys=0.01, real=0.06 secs] 
5377.108: [GC (Allocation Failure) [PSYoungGen: 465152K->143616K(524288K)] 1095626K->883439K(1922560K), 0.0537914 secs] [Times: user=0.31 sys=0.00, real=0.06 secs] 
5378.624: [GC (GCLocker Initiated GC) [PSYoungGen: 496896K->114496K(524288K)] 1236719K->987819K(1922560K), 0.0809862 secs] [Times: user=0.48 sys=0.00, real=0.08 secs] 
5380.132: [GC (Allocation Failure) [PSYoungGen: 468800K->144640K(524800K)] 1342126K->1129603K(1923072K), 0.0558910 secs] [Times: user=0.32 sys=0.01, real=0.05 secs] 
5381.772: [GC (Allocation Failure) [PSYoungGen: 498944K->116160K(525312K)] 1483907K->1235971K(1923584K), 0.0965963 secs] [Times: user=0.57 sys=0.00, real=0.10 secs] 
5382.974: [GC (Allocation Failure) [PSYoungGen: 470976K->149280K(504320K)] 1590787K->1381172K(1902592K), 0.0561984 secs] [Times: user=0.33 sys=0.00, real=0.06 secs] 
5384.981: [GC (Allocation Failure) [PSYoungGen: 504096K->111040K(525824K)] 1735988K->1482992K(1924096K), 0.1066883 secs] [Times: user=0.64 sys=0.00, real=0.10 secs] 
5385.088: [Full GC (Ergonomics) [PSYoungGen: 111040K->0K(525824K)] [ParOldGen: 1371952K->49923K(1398272K)] 1482992K->49923K(1924096K), [Metaspace: 59689K->59689K(1105920K)], 0.1164947 secs] [Times: user=0.50 sys=0.00, real=0.12 secs] 
5386.432: [GC (Allocation Failure) [PSYoungGen: 351232K->146880K(498176K)] 401155K->196803K(1896448K), 0.0298164 secs] [Times: user=0.18 sys=0.00, real=0.03 secs] 
5388.606: [GC (GCLocker Initiated GC) [PSYoungGen: 498112K->106848K(523776K)] 548035K->294727K(1922048K), 0.1396712 secs] [Times: user=0.83 sys=0.00, real=0.14 secs] 
5390.271: [GC (Allocation Failure) [PSYoungGen: 454496K->145760K(493568K)] 642446K->436250K(1891840K), 0.0509478 secs] [Times: user=0.30 sys=0.00, real=0.05 secs] 
5392.997: [GC (Allocation Failure) [PSYoungGen: 493408K->107328K(522752K)] 783898K->534190K(1921024K), 0.1557493 secs] [Times: user=0.92 sys=0.00, real=0.16 secs] 
5394.132: [GC (Allocation Failure) [PSYoungGen: 452928K->146304K(492032K)] 879790K->676811K(1890304K), 0.0514260 secs] [Times: user=0.31 sys=0.00, real=0.05 secs] 
5396.102: [GC (Allocation Failure) [PSYoungGen: 491904K->108032K(521728K)] 1022411K->776163K(1920000K), 0.0951506 secs] [Times: user=0.57 sys=0.00, real=0.09 secs] 
5397.091: [GC (Allocation Failure) [PSYoungGen: 451072K->144608K(520192K)] 1119203K->916964K(1918464K), 0.0519104 secs] [Times: user=0.30 sys=0.00, real=0.05 secs] 
5399.083: [GC (GCLocker Initiated GC) [PSYoungGen: 487648K->105440K(520704K)] 1260008K->1013392K(1918976K), 0.1103632 secs] [Times: user=0.65 sys=0.00, real=0.11 secs] 
5400.712: [GC (Allocation Failure) [PSYoungGen: 447968K->142752K(520192K)] 1355990K->1151579K(1918464K), 0.0502542 secs] [Times: user=0.30 sys=0.00, real=0.05 secs] 
5402.717: [GC (GCLocker Initiated GC) [PSYoungGen: 485280K->105728K(519168K)] 1494110K->1248422K(1917440K), 0.1055973 secs] [Times: user=0.63 sys=0.01, real=0.11 secs] 
5403.561: [GC (Allocation Failure) [PSYoungGen: 448256K->144640K(519680K)] 1591021K->1389318K(1917952K), 0.0523190 secs] [Times: user=0.31 sys=0.00, real=0.05 secs] 
5403.613: [Full GC (Ergonomics) [PSYoungGen: 144640K->0K(519680K)] [ParOldGen: 1244678K->192673K(1398272K)] 1389318K->192673K(1917952K), [Metaspace: 59689K->59689K(1105920K)], 0.4607938 secs] [Times: user=2.10 sys=0.00, real=0.46 secs] 
5406.843: [GC (GCLocker Initiated GC) [PSYoungGen: 342528K->103328K(520704K)] 535201K->296001K(1918976K), 0.0557100 secs] [Times: user=0.33 sys=0.00, real=0.05 secs] 
5408.346: [GC (Allocation Failure) [PSYoungGen: 444832K->151200K(493056K)] 637544K->443299K(1891328K), 0.0505273 secs] [Times: user=0.30 sys=0.00, real=0.05 secs] 
5410.218: [GC (Allocation Failure) [PSYoungGen: 492704K->106656K(518144K)] 784803K->532355K(1916416K), 0.1450417 secs] [Times: user=0.86 sys=0.00, real=0.15 secs] 
5411.228: [GC (Allocation Failure) [PSYoungGen: 442016K->141664K(516096K)] 867715K->669656K(1914368K), 0.0509336 secs] [Times: user=0.30 sys=0.00, real=0.05 secs] 
5412.850: [GC (Allocation Failure) [PSYoungGen: 475145K->103328K(516608K)] 1003137K->764104K(1914880K), 0.0756403 secs] [Times: user=0.45 sys=0.00, real=0.07 secs] 
5414.153: [GC (Allocation Failure) [PSYoungGen: 440224K->138688K(516608K)] 1101000K->899772K(1914880K), 0.0510394 secs] [Times: user=0.30 sys=0.01, real=0.05 secs] 
5415.635: [GC (GCLocker Initiated GC) [PSYoungGen: 475584K->104416K(515072K)] 1236671K->994855K(1913344K), 0.0645993 secs] [Times: user=0.38 sys=0.00, real=0.07 secs] 
5417.646: [GC (Allocation Failure) [PSYoungGen: 443872K->140800K(517120K)] 1334382K->1132386K(1915392K), 0.0523458 secs] [Times: user=0.30 sys=0.00, real=0.05 secs] 
5419.087: [GC (Allocation Failure) [PSYoungGen: 480256K->106944K(518144K)] 1471842K->1230010K(1916416K), 0.0651037 secs] [Times: user=0.38 sys=0.01, real=0.07 secs] 
5420.104: [GC (Allocation Failure) [PSYoungGen: 449472K->142112K(519168K)] 1572538K->1369943K(1917440K), 0.0535873 secs] [Times: user=0.32 sys=0.00, real=0.05 secs] 
5421.665: [GC (Allocation Failure) [PSYoungGen: 484640K->107456K(519680K)] 1712471K->1468239K(1917952K), 0.0688208 secs] [Times: user=0.41 sys=0.00, real=0.07 secs] 
5421.734: [Full GC (Ergonomics) [PSYoungGen: 107456K->0K(519680K)] [ParOldGen: 1360783K->28776K(1398272K)] 1468239K->28776K(1917952K), [Metaspace: 59689K->59689K(1105920K)], 0.0487742 secs] [Times: user=0.16 sys=0.01, real=0.05 secs] 
5423.184: [GC (Allocation Failure) [PSYoungGen: 344064K->142720K(520192K)] 372840K->171496K(1918464K), 0.0280303 secs] [Times: user=0.17 sys=0.00, real=0.03 secs] 
5424.632: [GC (Allocation Failure) [PSYoungGen: 486784K->108384K(520192K)] 515560K->270976K(1918464K), 0.0646197 secs] [Times: user=0.38 sys=0.00, real=0.06 secs] 
5426.829: [GC (Allocation Failure) [PSYoungGen: 453472K->142144K(520704K)] 616064K->409717K(1918976K), 0.0525604 secs] [Times: user=0.31 sys=0.00, real=0.05 secs] 
5428.278: [GC (Allocation Failure) [PSYoungGen: 487232K->109056K(520704K)] 754805K->509405K(1918976K), 0.0810478 secs] [Times: user=0.48 sys=0.00, real=0.08 secs] 
5429.237: [GC (Allocation Failure) [PSYoungGen: 455168K->145344K(521216K)] 855517K->652322K(1919488K), 0.0535157 secs] [Times: user=0.32 sys=0.00, real=0.06 secs] 
5430.653: [GC (Allocation Failure) [PSYoungGen: 491456K->108640K(521728K)] 998434K->752026K(1920000K), 0.0654165 secs] [Times: user=0.39 sys=0.00, real=0.07 secs] 
5432.414: [GC (Allocation Failure) [PSYoungGen: 454240K->144416K(521216K)] 1097626K->893255K(1919488K), 0.0531664 secs] [Times: user=0.32 sys=0.00, real=0.05 secs] 
5433.973: [GC (Allocation Failure) [PSYoungGen: 490016K->108672K(521216K)] 1238855K->992895K(1919488K), 0.0907073 secs] [Times: user=0.54 sys=0.00, real=0.09 secs] 
5436.089: [GC (Allocation Failure) [PSYoungGen: 454272K->143072K(521216K)] 1338495K->1132643K(1919488K), 0.0535612 secs] [Times: user=0.31 sys=0.00, real=0.05 secs] 
5437.798: [GC (Allocation Failure) [PSYoungGen: 488672K->108512K(521216K)] 1478243K->1231748K(1919488K), 0.0998376 secs] [Times: user=0.59 sys=0.01, real=0.10 secs] 
5439.522: [GC (Allocation Failure) [PSYoungGen: 454112K->142976K(521216K)] 1577348K->1371976K(1919488K), 0.0535728 secs] [Times: user=0.32 sys=0.00, real=0.05 secs] 
5441.247: [GC (Allocation Failure) [PSYoungGen: 488576K->107232K(521728K)] 1717576K->1470272K(1920000K), 0.0915626 secs] [Times: user=0.54 sys=0.01, real=0.09 secs] 
5441.338: [Full GC (Ergonomics) [PSYoungGen: 107232K->0K(521728K)] [ParOldGen: 1363040K->37811K(1398272K)] 1470272K->37811K(1920000K), [Metaspace: 59689K->59689K(1105920K)], 0.0734764 secs] [Times: user=0.28 sys=0.00, real=0.08 secs] 
5443.145: [GC (Allocation Failure) [PSYoungGen: 346112K->143296K(521728K)] 383923K->181107K(1920000K), 0.0285577 secs] [Times: user=0.16 sys=0.00, real=0.03 secs] 
5444.793: [GC (Allocation Failure) [PSYoungGen: 489408K->106304K(521728K)] 527219K->278435K(1920000K), 0.0907887 secs] [Times: user=0.53 sys=0.00, real=0.09 secs] 
5445.830: [GC (Allocation Failure) [PSYoungGen: 452416K->145760K(492032K)] 624547K->421164K(1890304K), 0.0521105 secs] [Times: user=0.31 sys=0.00, real=0.05 secs] 
5447.444: [GC (Allocation Failure) [PSYoungGen: 491872K->107808K(522240K)] 767276K->520028K(1920512K), 0.0982141 secs] [Times: user=0.58 sys=0.00, real=0.10 secs] 
5448.989: [GC (Allocation Failure) [PSYoungGen: 451360K->141824K(520192K)] 863580K->658633K(1918464K), 0.0519685 secs] [Times: user=0.31 sys=0.00, real=0.06 secs] 
5450.597: [GC (Allocation Failure) [PSYoungGen: 485376K->111104K(518144K)] 1002185K->759853K(1916416K), 0.0697792 secs] [Times: user=0.41 sys=0.00, real=0.07 secs] 
5452.220: [GC (Allocation Failure) [PSYoungGen: 455680K->143328K(519680K)] 1104429K->898986K(1917952K), 0.0529500 secs] [Times: user=0.31 sys=0.00, real=0.05 secs] 
5454.168: [GC (GCLocker Initiated GC) [PSYoungGen: 487904K->107168K(521728K)] 1243562K->996818K(1920000K), 0.0855111 secs] [Times: user=0.50 sys=0.01, real=0.09 secs] 
5455.876: [GC (Allocation Failure) [PSYoungGen: 453792K->152224K(499200K)] 1343481K->1145390K(1897472K), 0.0529908 secs] [Times: user=0.31 sys=0.00, real=0.06 secs] 
5457.775: [GC (Allocation Failure) [PSYoungGen: 498848K->110560K(520704K)] 1492014K->1238494K(1918976K), 0.1071161 secs] [Times: user=0.64 sys=0.00, real=0.11 secs] 
5459.495: [GC (GCLocker Initiated GC) [PSYoungGen: 451040K->140128K(518656K)] 1578974K->1375158K(1916928K), 0.0538075 secs] [Times: user=0.31 sys=0.00, real=0.05 secs] 
5459.549: [Full GC (Ergonomics) [PSYoungGen: 140128K->0K(518656K)] [ParOldGen: 1235030K->179550K(1398272K)] 1375158K->179550K(1916928K), [Metaspace: 59689K->59689K(1105920K)], 0.4329051 secs] [Times: user=2.01 sys=0.00, real=0.44 secs] 
5461.413: [GC (Allocation Failure) [PSYoungGen: 340480K->107328K(519168K)] 522083K->288931K(1917440K), 0.0411365 secs] [Times: user=0.24 sys=0.01, real=0.04 secs] 
5462.098: [GC (Allocation Failure) [PSYoungGen: 449344K->144000K(518656K)] 630947K->431244K(1916928K), 0.0528648 secs] [Times: user=0.31 sys=0.00, real=0.06 secs] 
5463.551: [GC (Allocation Failure) [PSYoungGen: 486016K->106208K(520704K)] 773260K->528224K(1918976K), 0.0797674 secs] [Times: user=0.47 sys=0.00, real=0.08 secs] 
5464.540: [GC (Allocation Failure) [PSYoungGen: 450272K->144960K(489472K)] 872288K->670624K(1887744K), 0.0526736 secs] [Times: user=0.31 sys=0.00, real=0.05 secs] 
5466.870: [GC (Allocation Failure) [PSYoungGen: 489024K->106400K(521728K)] 1014688K->768320K(1920000K), 0.1595617 secs] [Times: user=0.95 sys=0.00, real=0.16 secs] 
5468.751: [GC (Allocation Failure) [PSYoungGen: 448928K->142368K(519680K)] 1110848K->906317K(1917952K), 0.0524766 secs] [Times: user=0.31 sys=0.00, real=0.05 secs] 
5470.308: [GC (Allocation Failure) [PSYoungGen: 484689K->108896K(519168K)] 1248639K->1005413K(1917440K), 0.0788825 secs] [Times: user=0.47 sys=0.01, real=0.08 secs] 
5472.154: [GC (Allocation Failure) [PSYoungGen: 451936K->140896K(519680K)] 1348453K->1142870K(1917952K), 0.0532261 secs] [Times: user=0.31 sys=0.01, real=0.05 secs] 
5473.618: [GC (Allocation Failure) [PSYoungGen: 483936K->109440K(518656K)] 1485910K->1243066K(1916928K), 0.0661344 secs] [Times: user=0.39 sys=0.00, real=0.07 secs] 
5474.925: [GC (Allocation Failure) [PSYoungGen: 454528K->142272K(520192K)] 1588154K->1382795K(1918464K), 0.0544190 secs] [Times: user=0.32 sys=0.00, real=0.06 secs] 
5474.980: [Full GC (Ergonomics) [PSYoungGen: 142272K->0K(520192K)] [ParOldGen: 1240523K->179454K(1398272K)] 1382795K->179454K(1918464K), [Metaspace: 59689K->59668K(1105920K)], 0.4365516 secs] [Times: user=2.00 sys=0.00, real=0.43 secs] 
5478.415: [GC (Allocation Failure) [PSYoungGen: 345088K->106336K(522240K)] 524542K->285790K(1920512K), 0.0620412 secs] [Times: user=0.37 sys=0.00, real=0.06 secs] 
5480.165: [GC (GCLocker Initiated GC) [PSYoungGen: 453472K->140352K(522240K)] 632928K->422893K(1920512K), 0.0528128 secs] [Times: user=0.31 sys=0.01, real=0.05 secs] 
5481.590: [GC (Allocation Failure) [PSYoungGen: 487488K->111616K(520192K)] 770068K->525172K(1918464K), 0.0709108 secs] [Times: user=0.42 sys=0.00, real=0.07 secs] 
5483.259: [GC (Allocation Failure) [PSYoungGen: 459776K->142976K(521728K)] 873332K->665185K(1920000K), 0.0537608 secs] [Times: user=0.32 sys=0.00, real=0.05 secs] 
5484.850: [GC (Allocation Failure) [PSYoungGen: 491136K->110496K(522752K)] 1013345K->766493K(1921024K), 0.0682383 secs] [Times: user=0.40 sys=0.00, real=0.06 secs] 
5486.160: [GC (Allocation Failure) [PSYoungGen: 460704K->145344K(495616K)] 1116701K->907725K(1893888K), 0.0543000 secs] [Times: user=0.33 sys=0.00, real=0.05 secs] 
5487.790: [GC (GCLocker Initiated GC) [PSYoungGen: 495552K->112576K(525312K)] 1257934K->1010486K(1923584K), 0.0796492 secs] [Times: user=0.47 sys=0.00, real=0.08 secs] 
5488.625: [GC (Allocation Failure) [PSYoungGen: 461760K->147520K(497152K)] 1359740K->1153609K(1895424K), 0.0545388 secs] [Times: user=0.32 sys=0.00, real=0.06 secs] 
5490.469: [GC (Allocation Failure) [PSYoungGen: 496704K->109184K(523776K)] 1502793K->1254065K(1922048K), 0.0797179 secs] [Times: user=0.48 sys=0.00, real=0.07 secs] 
5491.198: [GC (Allocation Failure) [PSYoungGen: 456320K->148448K(495616K)] 1601201K->1398438K(1893888K), 0.0537874 secs] [Times: user=0.32 sys=0.00, real=0.06 secs] 
5491.252: [Full GC (Ergonomics) [PSYoungGen: 148448K->0K(495616K)] [ParOldGen: 1249990K->196684K(1398272K)] 1398438K->196684K(1893888K), [Metaspace: 59668K->59668K(1105920K)], 0.4805356 secs] [Times: user=2.25 sys=0.00, real=0.48 secs] 
5493.995: [GC (Allocation Failure) [PSYoungGen: 347136K->104768K(521216K)] 543820K->301452K(1919488K), 0.0649333 secs] [Times: user=0.37 sys=0.00, real=0.07 secs] 
5495.100: [GC (Allocation Failure) [PSYoungGen: 447296K->145024K(487936K)] 643980K->441833K(1886208K), 0.0495118 secs] [Times: user=0.29 sys=0.00, real=0.05 secs] 
5496.827: [GC (Allocation Failure) [PSYoungGen: 487552K->106080K(520704K)] 784361K->538729K(1918976K), 0.0784100 secs] [Times: user=0.47 sys=0.00, real=0.08 secs] 
5497.610: [GC (Allocation Failure) [PSYoungGen: 447072K->152160K(493568K)] 879721K->686669K(1891840K), 0.0516070 secs] [Times: user=0.31 sys=0.00, real=0.05 secs] 
5499.916: [GC (Allocation Failure) [PSYoungGen: 493152K->103808K(517632K)] 1027661K->773278K(1915904K), 0.1570685 secs] [Times: user=0.92 sys=0.01, real=0.16 secs] 
5501.480: [GC (Allocation Failure) [PSYoungGen: 438656K->141600K(516096K)] 1108126K->910566K(1914368K), 0.0501823 secs] [Times: user=0.29 sys=0.00, real=0.05 secs] 
5502.939: [GC (Allocation Failure) [PSYoungGen: 476448K->103520K(515584K)] 1245414K->1005170K(1913856K), 0.0742785 secs] [Times: user=0.43 sys=0.00, real=0.08 secs] 
5504.361: [GC (Allocation Failure) [PSYoungGen: 439392K->140384K(516096K)] 1341042K->1141923K(1914368K), 0.0516847 secs] [Times: user=0.30 sys=0.00, real=0.05 secs] 
5506.185: [GC (Allocation Failure) [PSYoungGen: 476256K->105248K(515072K)] 1477795K->1238319K(1913344K), 0.1375945 secs] [Times: user=0.81 sys=0.01, real=0.14 secs] 
5507.988: [GC (Allocation Failure) [PSYoungGen: 443168K->138912K(516608K)] 1576239K->1373724K(1914880K), 0.0525506 secs] [Times: user=0.31 sys=0.00, real=0.06 secs] 
5508.041: [Full GC (Ergonomics) [PSYoungGen: 138912K->0K(516608K)] [ParOldGen: 1234812K->173497K(1398272K)] 1373724K->173497K(1914880K), [Metaspace: 59668K->59668K(1105920K)], 0.4132615 secs] [Times: user=1.91 sys=0.00, real=0.41 secs] 
5509.740: [GC (Allocation Failure) [PSYoungGen: 337920K->106368K(516096K)] 511417K->279865K(1914368K), 0.0350127 secs] [Times: user=0.21 sys=0.00, real=0.03 secs] 
5512.127: [GC (Allocation Failure) [PSYoungGen: 447872K->147712K(518144K)] 621369K->424670K(1916416K), 0.0536891 secs] [Times: user=0.31 sys=0.00, real=0.06 secs] 
5513.536: [GC (Allocation Failure) [PSYoungGen: 489216K->109504K(519680K)] 766174K->516526K(1917952K), 0.0646986 secs] [Times: user=0.38 sys=0.00, real=0.07 secs] 
5515.300: [GC (Allocation Failure) [PSYoungGen: 450496K->138688K(518656K)] 857518K->652587K(1916928K), 0.0530082 secs] [Times: user=0.31 sys=0.00, real=0.05 secs] 
5516.754: [GC (Allocation Failure) [PSYoungGen: 479680K->109184K(518144K)] 993579K->752763K(1916416K), 0.0643442 secs] [Times: user=0.39 sys=0.00, real=0.06 secs] 
5519.154: [GC (Allocation Failure) [PSYoungGen: 452736K->140032K(519168K)] 1096315K->890392K(1917440K), 0.0529348 secs] [Times: user=0.31 sys=0.00, real=0.05 secs] 
5520.728: [GC (Allocation Failure) [PSYoungGen: 483584K->108192K(519680K)] 1233944K->989568K(1917952K), 0.0658406 secs] [Times: user=0.39 sys=0.00, real=0.07 secs] 
5522.695: [GC (Allocation Failure) [PSYoungGen: 455328K->140320K(521216K)] 1336704K->1127420K(1919488K), 0.0536069 secs] [Times: user=0.32 sys=0.00, real=0.05 secs] 
5524.113: [GC (Allocation Failure) [PSYoungGen: 487456K->111456K(520704K)] 1474556K->1229380K(1918976K), 0.0670546 secs] [Times: user=0.40 sys=0.00, real=0.07 secs] 
5525.869: [GC (Allocation Failure) [PSYoungGen: 461152K->142016K(522240K)] 1579076K->1368945K(1920512K), 0.0558998 secs] [Times: user=0.33 sys=0.00, real=0.05 secs] 
5527.348: [GC (Allocation Failure) [PSYoungGen: 491712K->113312K(523264K)] 1718641K->1472465K(1921536K), 0.0657006 secs] [Times: user=0.38 sys=0.00, real=0.07 secs] 
5527.413: [Full GC (Ergonomics) [PSYoungGen: 113312K->0K(523264K)] [ParOldGen: 1359153K->34158K(1398272K)] 1472465K->34158K(1921536K), [Metaspace: 59668K->59668K(1105920K)], 0.0605574 secs] [Times: user=0.22 sys=0.00, real=0.06 secs] 
5529.686: [GC (Allocation Failure) [PSYoungGen: 351744K->151584K(503808K)] 385902K->185742K(1902080K), 0.0289193 secs] [Times: user=0.17 sys=0.00, real=0.03 secs] 
5531.371: [GC (Allocation Failure) [PSYoungGen: 503328K->111712K(524288K)] 537486K->279758K(1922560K), 0.0897763 secs] [Times: user=0.53 sys=0.00, real=0.09 secs] 
5533.536: [GC (Allocation Failure) [PSYoungGen: 458848K->142976K(521728K)] 626894K->419083K(1920000K), 0.0532507 secs] [Times: user=0.32 sys=0.00, real=0.06 secs] 
5535.499: [GC (Allocation Failure) [PSYoungGen: 490112K->113472K(520704K)] 766219K->523195K(1918976K), 0.1664289 secs] [Times: user=0.98 sys=0.01, real=0.17 secs] 
5536.835: [GC (Allocation Failure) [PSYoungGen: 461632K->144928K(521728K)] 871355K->662348K(1920000K), 0.0533512 secs] [Times: user=0.31 sys=0.00, real=0.06 secs] 
5538.705: [GC (GCLocker Initiated GC) [PSYoungGen: 493088K->109248K(523776K)] 1010508K->762076K(1922048K), 0.0931860 secs] [Times: user=0.54 sys=0.00, real=0.09 secs] 
5539.686: [GC (Allocation Failure) [PSYoungGen: 457408K->145856K(494080K)] 1110239K->903242K(1892352K), 0.0526721 secs] [Times: user=0.31 sys=0.00, real=0.05 secs] 
5541.550: [GC (GCLocker Initiated GC) [PSYoungGen: 494016K->107808K(523264K)] 1251405K->1001669K(1921536K), 0.1515731 secs] [Times: user=0.90 sys=0.01, real=0.15 secs] 
5542.484: [GC (Allocation Failure) [PSYoungGen: 453920K->146752K(493056K)] 1347784K->1144437K(1891328K), 0.0534295 secs] [Times: user=0.32 sys=0.00, real=0.05 secs] 
5544.438: [GC (Allocation Failure) [PSYoungGen: 492864K->107552K(522240K)] 1490549K->1242885K(1920512K), 0.1387304 secs] [Times: user=0.82 sys=0.00, real=0.14 secs] 
5545.984: [GC (Allocation Failure) [PSYoungGen: 451616K->143744K(520704K)] 1586949K->1382637K(1918976K), 0.0532898 secs] [Times: user=0.32 sys=0.00, real=0.05 secs] 
5546.037: [Full GC (Ergonomics) [PSYoungGen: 143744K->0K(520704K)] [ParOldGen: 1238893K->187126K(1398272K)] 1382637K->187126K(1918976K), [Metaspace: 59668K->59668K(1105920K)], 0.4443388 secs] [Times: user=2.07 sys=0.00, real=0.45 secs] 
5548.100: [GC (Allocation Failure) [PSYoungGen: 344064K->107264K(520704K)] 531190K->294390K(1918976K), 0.0371110 secs] [Times: user=0.21 sys=0.01, real=0.03 secs] 
5549.660: [GC (Allocation Failure) [PSYoungGen: 451328K->142304K(520704K)] 638454K->432234K(1918976K), 0.0514349 secs] [Times: user=0.31 sys=0.00, real=0.05 secs] 
5551.259: [GC (Allocation Failure) [PSYoungGen: 486368K->110432K(519168K)] 776298K->532938K(1917440K), 0.0659353 secs] [Times: user=0.39 sys=0.00, real=0.06 secs] 
5552.809: [GC (Allocation Failure) [PSYoungGen: 455008K->142304K(520192K)] 877514K->670927K(1918464K), 0.0526289 secs] [Times: user=0.31 sys=0.00, real=0.05 secs] 
5554.359: [GC (Allocation Failure) [PSYoungGen: 486880K->109568K(521216K)] 1015503K->770823K(1919488K), 0.0653625 secs] [Times: user=0.38 sys=0.00, real=0.07 secs] 
5555.088: [GC (Allocation Failure) [PSYoungGen: 456192K->146912K(493568K)] 1117447K->913260K(1891840K), 0.0535986 secs] [Times: user=0.32 sys=0.00, real=0.06 secs] 
5556.694: [GC (Allocation Failure) [PSYoungGen: 493536K->108320K(522752K)] 1259884K->1012508K(1921024K), 0.0919393 secs] [Times: user=0.55 sys=0.00, real=0.09 secs] 
5557.531: [GC (Allocation Failure) [PSYoungGen: 453408K->147136K(492544K)] 1357596K->1156185K(1890816K), 0.0546688 secs] [Times: user=0.31 sys=0.00, real=0.05 secs] 
5560.053: [GC (Allocation Failure) [PSYoungGen: 492224K->105536K(521216K)] 1501273K->1253049K(1919488K), 0.1713392 secs] [Times: user=1.01 sys=0.01, real=0.17 secs] 
5561.879: [GC (Allocation Failure) [PSYoungGen: 447552K->143552K(519680K)] 1595065K->1392126K(1917952K), 0.0519321 secs] [Times: user=0.30 sys=0.00, real=0.05 secs] 
5561.931: [Full GC (Ergonomics) [PSYoungGen: 143552K->0K(519680K)] [ParOldGen: 1248574K->191200K(1398272K)] 1392126K->191200K(1917952K), [Metaspace: 59668K->59668K(1105920K)], 0.4648906 secs] [Times: user=2.18 sys=0.00, real=0.46 secs] 
5564.001: [GC (Allocation Failure) [PSYoungGen: 342016K->105664K(519680K)] 533216K->296864K(1917952K), 0.0447402 secs] [Times: user=0.26 sys=0.00, real=0.04 secs] 
5564.686: [GC (Allocation Failure) [PSYoungGen: 447680K->145152K(487424K)] 638880K->438057K(1885696K), 0.0505192 secs] [Times: user=0.30 sys=0.00, real=0.05 secs] 
5566.452: [GC (Allocation Failure) [PSYoungGen: 487168K->106112K(520704K)] 780073K->535241K(1918976K), 0.1005258 secs] [Times: user=0.59 sys=0.00, real=0.10 secs] 
5567.325: [GC (Allocation Failure) [PSYoungGen: 447104K->154144K(495616K)] 876233K->685318K(1893888K), 0.0519760 secs] [Times: user=0.30 sys=0.00, real=0.05 secs] 
5569.380: [GC (Allocation Failure) [PSYoungGen: 495136K->102560K(516608K)] 1026310K->770902K(1914880K), 0.1344864 secs] [Times: user=0.79 sys=0.01, real=0.13 secs] 
5570.808: [GC (Allocation Failure) [PSYoungGen: 435360K->148224K(481280K)] 1103702K->914874K(1879552K), 0.0506294 secs] [Times: user=0.30 sys=0.00, real=0.06 secs] 
5572.307: [GC (Allocation Failure) [PSYoungGen: 481024K->101440K(515072K)] 1247674K->998902K(1913344K), 0.0644101 secs] [Times: user=0.39 sys=0.00, real=0.07 secs] 
5574.096: [GC (Allocation Failure) [PSYoungGen: 431168K->134688K(464896K)] 1328630K->1130915K(1863168K), 0.0507906 secs] [Times: user=0.30 sys=0.00, real=0.05 secs] 
5575.521: [GC (Allocation Failure) [PSYoungGen: 464416K->103840K(513536K)] 1460643K->1225435K(1911808K), 0.0639492 secs] [Times: user=0.38 sys=0.00, real=0.06 secs] 
5577.355: [GC (Allocation Failure) [PSYoungGen: 435616K->135616K(511488K)] 1557211K->1358944K(1909760K), 0.0521286 secs] [Times: user=0.30 sys=0.01, real=0.05 secs] 
5578.918: [GC (Allocation Failure) [PSYoungGen: 467392K->106656K(517120K)] 1690720K->1456268K(1915392K), 0.0645232 secs] [Times: user=0.38 sys=0.00, real=0.07 secs] 
5578.982: [Full GC (Ergonomics) [PSYoungGen: 106656K->0K(517120K)] [ParOldGen: 1349612K->18095K(1398272K)] 1456268K->18095K(1915392K), [Metaspace: 59669K->59669K(1105920K)], 0.0280983 secs] [Times: user=0.07 sys=0.00, real=0.03 secs] 
5580.308: [GC (Allocation Failure) [PSYoungGen: 339456K->131616K(516096K)] 357551K->149711K(1914368K), 0.0262236 secs] [Times: user=0.15 sys=0.00, real=0.03 secs] 
5581.761: [GC (Allocation Failure) [PSYoungGen: 471072K->116736K(518656K)] 489167K->256947K(1916928K), 0.0635533 secs] [Times: user=0.37 sys=0.00, real=0.06 secs] 
5583.587: [GC (Allocation Failure) [PSYoungGen: 464896K->132576K(518656K)] 605107K->388692K(1916928K), 0.0544233 secs] [Times: user=0.31 sys=0.00, real=0.06 secs] 
5585.097: [GC (Allocation Failure) [PSYoungGen: 480736K->2880K(497664K)] 736852K->259092K(1895936K), 0.0028834 secs] [Times: user=0.02 sys=0.00, real=0.01 secs] 
5587.074: [GC (Allocation Failure) [PSYoungGen: 331072K->126368K(513536K)] 587284K->383633K(1911808K), 0.0254115 secs] [Times: user=0.15 sys=0.00, real=0.03 secs] 
5588.458: [GC (Allocation Failure) [PSYoungGen: 454560K->120768K(503296K)] 711825K->494801K(1901568K), 0.0625418 secs] [Times: user=0.38 sys=0.00, real=0.07 secs] 
5589.908: [GC (Allocation Failure) [PSYoungGen: 451008K->114208K(509440K)] 825041K->608969K(1907712K), 0.0691862 secs] [Times: user=0.40 sys=0.00, real=0.07 secs] 
5591.336: [GC (Allocation Failure) [PSYoungGen: 444448K->134496K(517632K)] 939209K->732240K(1915904K), 0.0613567 secs] [Times: user=0.36 sys=0.00, real=0.06 secs] 
5593.190: [GC (Allocation Failure) [PSYoungGen: 479584K->109920K(519168K)] 1077328K->842104K(1917440K), 0.0568380 secs] [Times: user=0.33 sys=0.00, real=0.05 secs] 
5594.686: [GC (Allocation Failure) [PSYoungGen: 455008K->139360K(518144K)] 1187192K->970213K(1916416K), 0.0619907 secs] [Times: user=0.37 sys=0.00, real=0.06 secs] 
5596.622: [GC (Allocation Failure) [PSYoungGen: 488032K->112256K(521728K)] 1318885K->1081965K(1920000K), 0.0588262 secs] [Times: user=0.35 sys=0.00, real=0.06 secs] 
5598.070: [GC (Allocation Failure) [PSYoungGen: 460928K->136576K(522752K)] 1430637K->1207897K(1921024K), 0.0620414 secs] [Times: user=0.37 sys=0.00, real=0.06 secs] 
5600.193: [GC (Allocation Failure) [PSYoungGen: 490880K->116768K(524800K)] 1562201K->1324186K(1923072K), 0.0581404 secs] [Times: user=0.34 sys=0.00, real=0.06 secs] 
5601.657: [GC (Allocation Failure) [PSYoungGen: 471072K->131456K(525824K)] 1678490K->1445150K(1924096K), 0.0625104 secs] [Times: user=0.38 sys=0.00, real=0.07 secs] 
5601.720: [Full GC (Ergonomics) [PSYoungGen: 131456K->0K(525824K)] [ParOldGen: 1313694K->251751K(1398272K)] 1445150K->251751K(1924096K), [Metaspace: 59669K->59669K(1105920K)], 0.5322239 secs] [Times: user=2.34 sys=0.00, real=0.53 secs] 
5604.011: [GC (Allocation Failure) [PSYoungGen: 359936K->126432K(525824K)] 611687K->378183K(1924096K), 0.0259260 secs] [Times: user=0.15 sys=0.00, real=0.02 secs] 
5605.452: [GC (Allocation Failure) [PSYoungGen: 486368K->2592K(503808K)] 738119K->254403K(1902080K), 0.0030862 secs] [Times: user=0.01 sys=0.00, real=0.00 secs] 
5606.428: [GC (Allocation Failure) [PSYoungGen: 343072K->131328K(472064K)] 594883K->384404K(1870336K), 0.0268051 secs] [Times: user=0.15 sys=0.00, real=0.03 secs] 
5607.865: [GC (Allocation Failure) [PSYoungGen: 471808K->118144K(522752K)] 724884K->492640K(1921024K), 0.0635243 secs] [Times: user=0.38 sys=0.00, real=0.06 secs] 
5609.966: [GC (Allocation Failure) [PSYoungGen: 460160K->129472K(518144K)] 834656K->620860K(1916416K), 0.0548524 secs] [Times: user=0.32 sys=0.00, real=0.06 secs] 
5611.407: [GC (Allocation Failure) [PSYoungGen: 471488K->320K(496128K)] 962876K->491880K(1894400K), 0.0029230 secs] [Times: user=0.01 sys=0.00, real=0.01 secs] 
5612.666: [GC (Allocation Failure) [PSYoungGen: 320320K->117312K(509440K)] 811880K->608896K(1907712K), 0.0246331 secs] [Times: user=0.15 sys=0.00, real=0.03 secs] 
5614.018: [GC (Allocation Failure) [PSYoungGen: 437312K->131456K(508416K)] 928896K->729293K(1906688K), 0.0628702 secs] [Times: user=0.37 sys=0.00, real=0.07 secs] 
5614.787: [GC (Allocation Failure) [PSYoungGen: 453504K->104384K(426496K)] 1051341K->833629K(1824768K), 0.0571315 secs] [Times: user=0.34 sys=0.01, real=0.06 secs] 
5615.242: [GC (Allocation Failure) [PSYoungGen: 426432K->160640K(491520K)] 1155677K->984174K(1889792K), 0.0599530 secs] [Times: user=0.36 sys=0.00, real=0.06 secs] 
5617.880: [GC (Allocation Failure) [PSYoungGen: 471936K->82176K(504320K)] 1295470K->1049414K(1902592K), 0.0620662 secs] [Times: user=0.36 sys=0.00, real=0.06 secs] 
5618.312: [GC (Allocation Failure) [PSYoungGen: 393472K->135392K(504832K)] 1360710K->1179035K(1903104K), 0.0532704 secs] [Times: user=0.32 sys=0.00, real=0.05 secs] 
5620.686: [GC (GCLocker Initiated GC) [PSYoungGen: 450272K->82688K(397824K)] 1493916K->1261164K(1796096K), 0.1044676 secs] [Times: user=0.62 sys=0.00, real=0.11 secs] 
5621.595: [Full GC (Ergonomics) [PSYoungGen: 397568K->0K(397824K)] [ParOldGen: 1194930K->207634K(1398272K)] 1592499K->207634K(1796096K), [Metaspace: 59669K->59669K(1105920K)], 0.4732897 secs] [Times: user=2.27 sys=0.00, real=0.47 secs] 
5624.207: [GC (Allocation Failure) [PSYoungGen: 314880K->83360K(509952K)] 522514K->290994K(1908224K), 0.1492313 secs] [Times: user=0.89 sys=0.00, real=0.15 secs] 
5625.260: [GC (Allocation Failure) [PSYoungGen: 404384K->137344K(505856K)] 612018K->424067K(1904128K), 0.0457486 secs] [Times: user=0.27 sys=0.01, real=0.04 secs] 
5626.609: [GC (Allocation Failure) [PSYoungGen: 458368K->97056K(505856K)] 745091K->512651K(1904128K), 0.0620015 secs] [Times: user=0.37 sys=0.00, real=0.06 secs] 
5628.334: [GC (Allocation Failure) [PSYoungGen: 422176K->134400K(507904K)] 837771K->644024K(1906176K), 0.0480254 secs] [Times: user=0.28 sys=0.00, real=0.05 secs] 
5629.708: [GC (Allocation Failure) [PSYoungGen: 459520K->103168K(506368K)] 969144K->737936K(1904640K), 0.0619968 secs] [Times: user=0.36 sys=0.00, real=0.07 secs] 
5630.919: [GC (Allocation Failure) [PSYoungGen: 433920K->133888K(509952K)] 1068688K->869765K(1908224K), 0.0509843 secs] [Times: user=0.30 sys=0.00, real=0.05 secs] 
5632.342: [GC (Allocation Failure) [PSYoungGen: 464640K->110848K(508416K)] 1200517K->971325K(1906688K), 0.0647500 secs] [Times: user=0.38 sys=0.01, real=0.06 secs] 
5634.000: [GC (Allocation Failure) [PSYoungGen: 449280K->130336K(513024K)] 1309757K->1100145K(1911296K), 0.0526767 secs] [Times: user=0.31 sys=0.00, real=0.05 secs] 
5635.444: [GC (Allocation Failure) [PSYoungGen: 468768K->118944K(515584K)] 1438577K->1209050K(1913856K), 0.0642090 secs] [Times: user=0.38 sys=0.00, real=0.06 secs] 
5636.669: [GC (Allocation Failure) [PSYoungGen: 468128K->132672K(519680K)] 1558234K->1340702K(1917952K), 0.0556625 secs] [Times: user=0.32 sys=0.00, real=0.05 secs] 
5638.137: [GC (Allocation Failure) [PSYoungGen: 481856K->2720K(499200K)] 1689886K->1210854K(1897472K), 0.0037888 secs] [Times: user=0.02 sys=0.00, real=0.01 secs] 
5638.141: [Full GC (Ergonomics) [PSYoungGen: 2720K->0K(499200K)] [ParOldGen: 1208134K->18033K(1398272K)] 1210854K->18033K(1897472K), [Metaspace: 59669K->59669K(1105920K)], 0.0274326 secs] [Times: user=0.07 sys=0.00, real=0.02 secs] 
5639.330: [GC (Allocation Failure) [PSYoungGen: 327168K->127840K(513024K)] 345201K->145873K(1911296K), 0.0254966 secs] [Times: user=0.15 sys=0.00, real=0.02 secs] 
5640.680: [GC (Allocation Failure) [PSYoungGen: 455008K->119552K(506880K)] 473041K->255874K(1905152K), 0.0631616 secs] [Times: user=0.37 sys=0.01, real=0.06 secs] 
5643.749: [GC (Allocation Failure) [PSYoungGen: 446720K->109088K(509952K)] 583042K->364506K(1908224K), 0.0528227 secs] [Times: user=0.31 sys=0.00, real=0.05 secs] 
5645.115: [GC (Allocation Failure) [PSYoungGen: 436256K->139008K(507392K)] 691674K->492881K(1905664K), 0.0614156 secs] [Times: user=0.36 sys=0.00, real=0.06 secs] 
5646.811: [GC (Allocation Failure) [PSYoungGen: 465146K->93504K(512000K)] 819019K->586345K(1910272K), 0.0634619 secs] [Times: user=0.37 sys=0.00, real=0.06 secs] 
5647.274: [GC (Allocation Failure) [PSYoungGen: 425280K->145408K(509952K)] 918121K->725322K(1908224K), 0.0560813 secs] [Times: user=0.33 sys=0.00, real=0.06 secs] 
5650.856: [GC (Allocation Failure) [PSYoungGen: 478720K->87872K(516096K)] 1058634K->813066K(1914368K), 0.0869312 secs] [Times: user=0.52 sys=0.00, real=0.09 secs] 
5651.356: [GC (Allocation Failure) [PSYoungGen: 421184K->146112K(506368K)] 1146378K->953194K(1904640K), 0.0560007 secs] [Times: user=0.33 sys=0.00, real=0.06 secs] 
5653.859: [GC (Allocation Failure) [PSYoungGen: 472256K->87040K(512512K)] 1279338K->1040186K(1910784K), 0.0799140 secs] [Times: user=0.47 sys=0.00, real=0.08 secs] 
5654.385: [GC (Allocation Failure) [PSYoungGen: 413184K->141568K(506880K)] 1366330K->1175839K(1905152K), 0.0539076 secs] [Times: user=0.32 sys=0.00, real=0.06 secs] 
5656.143: [GC (Allocation Failure) [PSYoungGen: 464640K->88800K(510976K)] 1498911K->1264079K(1909248K), 0.1061118 secs] [Times: user=0.63 sys=0.00, real=0.11 secs] 
5656.829: [GC (Allocation Failure) [PSYoungGen: 411872K->141696K(506880K)] 1587151K->1399804K(1905152K), 0.0532751 secs] [Times: user=0.31 sys=0.00, real=0.06 secs] 
5656.882: [Full GC (Ergonomics) [PSYoungGen: 141696K->0K(506880K)] [ParOldGen: 1258108K->206684K(1398272K)] 1399804K->206684K(1905152K), [Metaspace: 59672K->59672K(1105920K)], 0.4758727 secs] [Times: user=2.21 sys=0.00, real=0.47 secs] 
5659.248: [GC (Allocation Failure) [PSYoungGen: 322048K->87648K(510464K)] 528732K->294332K(1908736K), 0.1227808 secs] [Times: user=0.73 sys=0.00, real=0.13 secs] 
5660.306: [GC (Allocation Failure) [PSYoungGen: 409696K->134048K(510464K)] 616384K->425129K(1908736K), 0.0472614 secs] [Times: user=0.28 sys=0.00, real=0.05 secs] 
5661.705: [GC (Allocation Failure) [PSYoungGen: 458656K->100864K(425984K)] 749737K->517077K(1824256K), 0.0942248 secs] [Times: user=0.56 sys=0.00, real=0.10 secs] 
5663.144: [GC (Allocation Failure) [PSYoungGen: 425472K->142848K(503808K)] 841685K->656798K(1902080K), 0.0511683 secs] [Times: user=0.30 sys=0.00, real=0.05 secs] 
5664.536: [GC (Allocation Failure) [PSYoungGen: 464896K->101024K(507904K)] 978846K->740134K(1906176K), 0.0663427 secs] [Times: user=0.40 sys=0.00, real=0.07 secs] 
5667.219: [GC (Allocation Failure) [PSYoungGen: 423072K->129280K(509952K)] 1062182K->867155K(1908224K), 0.0504309 secs] [Times: user=0.30 sys=0.00, real=0.05 secs] 
5668.608: [GC (Allocation Failure) [PSYoungGen: 460544K->113184K(511488K)] 1198419K->970683K(1909760K), 0.0633218 secs] [Times: user=0.37 sys=0.00, real=0.07 secs] 
5670.761: [GC (Allocation Failure) [PSYoungGen: 444448K->130944K(515072K)] 1301947K->1101056K(1913344K), 0.0534171 secs] [Times: user=0.32 sys=0.00, real=0.05 secs] 
5672.249: [GC (Allocation Failure) [PSYoungGen: 471424K->124288K(514560K)] 1441536K->1207580K(1912832K), 0.0639971 secs] [Times: user=0.38 sys=0.00, real=0.06 secs] 
5673.964: [GC (Allocation Failure) [PSYoungGen: 464768K->119616K(519168K)] 1548060K->1327092K(1917440K), 0.0570576 secs] [Times: user=0.33 sys=0.00, real=0.06 secs] 
5675.429: [GC (Allocation Failure) [PSYoungGen: 473408K->128704K(520192K)] 1680884K->1445184K(1918464K), 0.0632221 secs] [Times: user=0.37 sys=0.00, real=0.06 secs] 
5675.492: [Full GC (Ergonomics) [PSYoungGen: 128704K->0K(520192K)] [ParOldGen: 1316480K->251908K(1398272K)] 1445184K->251908K(1918464K), [Metaspace: 59672K->59672K(1105920K)], 0.5299064 secs] [Times: user=2.33 sys=0.00, real=0.53 secs] 
5678.446: [GC (Allocation Failure) [PSYoungGen: 353792K->126048K(528384K)] 605700K->377957K(1926656K), 0.0257067 secs] [Times: user=0.15 sys=0.00, real=0.03 secs] 
5679.933: [GC (Allocation Failure) [PSYoungGen: 493152K->2912K(370176K)] 745061K->254885K(1768448K), 0.0029900 secs] [Times: user=0.01 sys=0.00, real=0.00 secs] 
5682.564: [GC (Allocation Failure) [PSYoungGen: 370016K->141280K(509440K)] 621989K->394281K(1907712K), 0.0282513 secs] [Times: user=0.17 sys=0.00, real=0.03 secs] 
5683.943: [GC (Allocation Failure) [PSYoungGen: 471520K->108192K(438784K)] 724521K->493345K(1837056K), 0.0646322 secs] [Times: user=0.39 sys=0.00, real=0.06 secs] 
5686.268: [GC (Allocation Failure) [PSYoungGen: 438432K->128032K(513536K)] 823585K->619830K(1911808K), 0.0521006 secs] [Times: user=0.30 sys=0.00, real=0.06 secs] 
5687.696: [GC (Allocation Failure) [PSYoungGen: 463904K->118560K(513024K)] 955702K->729182K(1911296K), 0.0631196 secs] [Times: user=0.38 sys=0.00, real=0.07 secs] 
5689.023: [GC (Allocation Failure) [PSYoungGen: 454432K->122144K(518656K)] 1065054K->850982K(1916928K), 0.0546790 secs] [Times: user=0.32 sys=0.00, real=0.05 secs] 
5690.564: [GC (Allocation Failure) [PSYoungGen: 469280K->126816K(517120K)] 1198118K->967211K(1915392K), 0.0631317 secs] [Times: user=0.37 sys=0.01, real=0.06 secs] 
5692.189: [GC (Allocation Failure) [PSYoungGen: 473952K->124736K(526848K)] 1314347K->1091531K(1925120K), 0.0571807 secs] [Times: user=0.34 sys=0.00, real=0.05 secs] 
5693.669: [GC (Allocation Failure) [PSYoungGen: 484160K->1376K(360960K)] 1450955K->968219K(1759232K), 0.0038408 secs] [Times: user=0.01 sys=0.00, real=0.00 secs] 
5694.582: [GC (Allocation Failure) [PSYoungGen: 360800K->138048K(507904K)] 1327643K->1105480K(1906176K), 0.0286170 secs] [Times: user=0.17 sys=0.00, real=0.03 secs] 
5695.970: [GC (Allocation Failure) [PSYoungGen: 464192K->1216K(327680K)] 1431624K->968792K(1725952K), 0.0037733 secs] [Times: user=0.02 sys=0.00, real=0.00 secs] 
5697.251: [GC (Allocation Failure) [PSYoungGen: 327360K->122080K(502784K)] 1294936K->1090245K(1901056K), 0.0255799 secs] [Times: user=0.15 sys=0.00, real=0.02 secs] 
5698.650: [GC (Allocation Failure) [PSYoungGen: 428256K->125824K(502272K)] 1396421K->1205697K(1900544K), 0.0628278 secs] [Times: user=0.38 sys=0.00, real=0.06 secs] 
5700.202: [GC (Allocation Failure) [PSYoungGen: 432000K->92960K(487936K)] 1511873K->1298589K(1886208K), 0.0582913 secs] [Times: user=0.34 sys=0.00, real=0.06 secs] 
5700.260: [Full GC (Ergonomics) [PSYoungGen: 92960K->0K(487936K)] [ParOldGen: 1205629K->108087K(1398272K)] 1298589K->108087K(1886208K), [Metaspace: 59672K->59672K(1105920K)], 0.2655275 secs] [Times: user=1.17 sys=0.00, real=0.26 secs] 
5700.888: [GC (Allocation Failure) [PSYoungGen: 306688K->131936K(495104K)] 414775K->240023K(1893376K), 0.0278492 secs] [Times: user=0.16 sys=0.00, real=0.03 secs] 
5702.621: [GC (Allocation Failure) [PSYoungGen: 438624K->84288K(502784K)] 546711K->323431K(1901056K), 0.0600966 secs] [Times: user=0.36 sys=0.00, real=0.06 secs] 
5703.069: [GC (Allocation Failure) [PSYoungGen: 403776K->138368K(505344K)] 642919K->455574K(1903616K), 0.0519098 secs] [Times: user=0.31 sys=0.00, real=0.05 secs] 
5704.911: [GC (Allocation Failure) [PSYoungGen: 457856K->87584K(507392K)] 775062K->542934K(1905664K), 0.1431116 secs] [Times: user=0.84 sys=0.01, real=0.14 secs] 
5705.682: [GC (Allocation Failure) [PSYoungGen: 410144K->138464K(507904K)] 865494K->677195K(1906176K), 0.0490451 secs] [Times: user=0.29 sys=0.00, real=0.05 secs] 
5707.208: [GC (Allocation Failure) [PSYoungGen: 461024K->95616K(505856K)] 999755K->764211K(1904128K), 0.0883226 secs] [Times: user=0.52 sys=0.00, real=0.09 secs] 
5708.807: [GC (Allocation Failure) [PSYoungGen: 419200K->134560K(507392K)] 1087795K->894776K(1905664K), 0.0470900 secs] [Times: user=0.28 sys=0.01, real=0.05 secs] 
5710.295: [GC (Allocation Failure) [PSYoungGen: 458144K->101088K(505344K)] 1218360K->986456K(1903616K), 0.0622043 secs] [Times: user=0.37 sys=0.01, real=0.06 secs] 
5712.207: [GC (Allocation Failure) [PSYoungGen: 429792K->132192K(508928K)] 1315160K->1116189K(1907200K), 0.0511274 secs] [Times: user=0.31 sys=0.00, real=0.05 secs] 
5713.607: [GC (Allocation Failure) [PSYoungGen: 460896K->108192K(506880K)] 1444893K->1215137K(1905152K), 0.0638580 secs] [Times: user=0.38 sys=0.00, real=0.07 secs] 
5715.486: [GC (Allocation Failure) [PSYoungGen: 445088K->129664K(512000K)] 1552033K->1343302K(1910272K), 0.0530468 secs] [Times: user=0.31 sys=0.00, real=0.06 secs] 
5715.539: [Full GC (Ergonomics) [PSYoungGen: 129664K->0K(512000K)] [ParOldGen: 1213638K->145765K(1398272K)] 1343302K->145765K(1910272K), [Metaspace: 59672K->59672K(1105920K)], 0.3353912 secs] [Times: user=1.55 sys=0.00, real=0.33 secs] 
5717.205: [GC (Allocation Failure) [PSYoungGen: 336896K->118400K(516096K)] 482661K->264165K(1914368K), 0.0418933 secs] [Times: user=0.25 sys=0.00, real=0.04 secs] 
5719.762: [GC (Allocation Failure) [PSYoungGen: 466560K->129088K(519680K)] 612325K->393321K(1917952K), 0.0857981 secs] [Times: user=0.50 sys=0.00, real=0.08 secs] 
5721.511: [GC (Allocation Failure) [PSYoungGen: 477248K->1728K(500224K)] 741481K->265985K(1898496K), 0.0020661 secs] [Times: user=0.01 sys=0.00, real=0.00 secs] 
5723.732: [GC (Allocation Failure) [PSYoungGen: 329920K->137888K(466432K)] 594177K->402742K(1864704K), 0.0254137 secs] [Times: user=0.15 sys=0.00, real=0.02 secs] 
5725.100: [GC (Allocation Failure) [PSYoungGen: 466080K->126144K(509952K)] 730934K->502502K(1908224K), 0.0626842 secs] [Times: user=0.38 sys=0.00, real=0.06 secs] 
5726.789: [GC (Allocation Failure) [PSYoungGen: 446144K->121600K(441856K)] 822502K->624054K(1840128K), 0.0553378 secs] [Times: user=0.32 sys=0.00, real=0.05 secs] 
5727.305: [GC (Allocation Failure) [PSYoungGen: 441600K->160768K(491008K)] 944054K->758007K(1889280K), 0.0572368 secs] [Times: user=0.34 sys=0.00, real=0.06 secs] 
5729.304: [GC (Allocation Failure) [PSYoungGen: 466432K->82272K(502272K)] 1063671K->823547K(1900544K), 0.0645786 secs] [Times: user=0.38 sys=0.00, real=0.07 secs] 
5729.731: [GC (Allocation Failure) [PSYoungGen: 387936K->131328K(497664K)] 1129211K->949040K(1895936K), 0.0503565 secs] [Times: user=0.29 sys=0.00, real=0.05 secs] 
5731.559: [GC (Allocation Failure) [PSYoungGen: 439552K->85760K(501248K)] 1257264K->1033900K(1899520K), 0.0824545 secs] [Times: user=0.49 sys=0.00, real=0.08 secs] 
5732.181: [GC (Allocation Failure) [PSYoungGen: 393984K->134208K(505344K)] 1342124K->1162197K(1903616K), 0.0476448 secs] [Times: user=0.28 sys=0.00, real=0.04 secs] 
5733.855: [GC (Allocation Failure) [PSYoungGen: 449600K->93728K(409600K)] 1477589K->1247457K(1807872K), 0.1243010 secs] [Times: user=0.74 sys=0.00, real=0.13 secs] 
5735.299: [GC (Allocation Failure) [PSYoungGen: 409120K->133824K(503296K)] 1562849K->1377382K(1901568K), 0.0477226 secs] [Times: user=0.28 sys=0.00, real=0.05 secs] 
5735.346: [Full GC (Ergonomics) [PSYoungGen: 133824K->0K(503296K)] [ParOldGen: 1243558K->172559K(1398272K)] 1377382K->172559K(1901568K), [Metaspace: 59672K->59672K(1105920K)], 0.4509122 secs] [Times: user=2.11 sys=0.00, real=0.45 secs] 
5737.050: [GC (Allocation Failure) [PSYoungGen: 316928K->96480K(504320K)] 489487K->269039K(1902592K), 0.0425378 secs] [Times: user=0.25 sys=0.00, real=0.04 secs] 
5738.566: [GC (Allocation Failure) [PSYoungGen: 413408K->128736K(508928K)] 585967K->395204K(1907200K), 0.0495657 secs] [Times: user=0.29 sys=0.00, real=0.05 secs] 
5740.091: [GC (Allocation Failure) [PSYoungGen: 454880K->112832K(507904K)] 721348K->498556K(1906176K), 0.0625325 secs] [Times: user=0.37 sys=0.00, real=0.06 secs] 
5741.117: [GC (Allocation Failure) [PSYoungGen: 438976K->121472K(512512K)] 824700K->619940K(1910784K), 0.0539015 secs] [Times: user=0.32 sys=0.00, real=0.06 secs] 
5742.543: [GC (Allocation Failure) [PSYoungGen: 458880K->127488K(509440K)] 957348K->736559K(1907712K), 0.0624596 secs] [Times: user=0.37 sys=0.00, real=0.06 secs] 
5743.927: [GC (Allocation Failure) [PSYoungGen: 464896K->115168K(520704K)] 1073967K->851291K(1918976K), 0.0568531 secs] [Times: user=0.33 sys=0.00, real=0.06 secs] 
5745.375: [GC (Allocation Failure) [PSYoungGen: 471008K->133504K(521728K)] 1207131K->973768K(1920000K), 0.0620925 secs] [Times: user=0.37 sys=0.00, real=0.06 secs] 
5746.396: [GC (Allocation Failure) [PSYoungGen: 489344K->127744K(531968K)] 1329608K->1101360K(1930240K), 0.0585998 secs] [Times: user=0.35 sys=0.00, real=0.06 secs] 
5747.880: [GC (Allocation Failure) [PSYoungGen: 492800K->3040K(368128K)] 1466416K->976704K(1766400K), 0.0048014 secs] [Times: user=0.02 sys=0.00, real=0.00 secs] 
5749.537: [GC (Allocation Failure) [PSYoungGen: 368096K->149664K(501248K)] 1341760K->1124373K(1899520K), 0.0294519 secs] [Times: user=0.17 sys=0.00, real=0.03 secs] 
5750.902: [GC (Allocation Failure) [PSYoungGen: 469664K->108160K(509440K)] 1444373K->1214389K(1907712K), 0.0656179 secs] [Times: user=0.39 sys=0.00, real=0.06 secs] 
5752.017: [GC (Allocation Failure) [PSYoungGen: 428160K->123968K(504320K)] 1534389K->1336738K(1902592K), 0.0527386 secs] [Times: user=0.31 sys=0.00, real=0.06 secs] 
5752.069: [Full GC (Ergonomics) [PSYoungGen: 123968K->0K(504320K)] [ParOldGen: 1212770K->138475K(1398272K)] 1336738K->138475K(1902592K), [Metaspace: 59672K->59672K(1105920K)], 0.3254466 secs] [Times: user=1.47 sys=0.01, real=0.32 secs] 
5753.713: [GC (Allocation Failure) [PSYoungGen: 327168K->123264K(507392K)] 465643K->261739K(1905664K), 0.0430573 secs] [Times: user=0.26 sys=0.00, real=0.04 secs] 
5755.072: [GC (Allocation Failure) [PSYoungGen: 450432K->111488K(506368K)] 588907K->373131K(1904640K), 0.0620279 secs] [Times: user=0.36 sys=0.00, real=0.06 secs] 
5756.496: [GC (Allocation Failure) [PSYoungGen: 452992K->137120K(512512K)] 714635K->499607K(1910784K), 0.0612199 secs] [Times: user=0.37 sys=0.00, real=0.06 secs] 
5758.336: [GC (Allocation Failure) [PSYoungGen: 478624K->107904K(522240K)] 841111K->607463K(1920512K), 0.0568646 secs] [Times: user=0.34 sys=0.00, real=0.06 secs] 
5759.826: [GC (Allocation Failure) [PSYoungGen: 461184K->140416K(523264K)] 960743K->737188K(1921536K), 0.0616599 secs] [Times: user=0.36 sys=0.00, real=0.06 secs] 
5761.421: [GC (Allocation Failure) [PSYoungGen: 493696K->116032K(522240K)] 1090468K->853228K(1920512K), 0.0598692 secs] [Times: user=0.36 sys=0.00, real=0.06 secs] 
5762.927: [GC (Allocation Failure) [PSYoungGen: 471360K->132928K(523776K)] 1208556K->974723K(1922048K), 0.0623788 secs] [Times: user=0.37 sys=0.00, real=0.07 secs] 
5764.615: [GC (Allocation Failure) [PSYoungGen: 488256K->125760K(526848K)] 1330051K->1100419K(1925120K), 0.0587421 secs] [Times: user=0.34 sys=0.00, real=0.06 secs] 
5766.116: [GC (Allocation Failure) [PSYoungGen: 487232K->2912K(364544K)] 1461891K->977611K(1762816K), 0.0038852 secs] [Times: user=0.02 sys=0.00, real=0.01 secs] 
5767.674: [GC (Allocation Failure) [PSYoungGen: 364384K->140320K(507904K)] 1339083K->1116192K(1906176K), 0.0289329 secs] [Times: user=0.17 sys=0.00, real=0.03 secs] 
5769.083: [GC (Allocation Failure) [PSYoungGen: 466464K->110000K(436224K)] 1442336K->1216032K(1834496K), 0.0650036 secs] [Times: user=0.38 sys=0.00, real=0.06 secs] 
5769.755: [GC (Allocation Failure) [PSYoungGen: 436144K->127744K(510464K)] 1542176K->1342205K(1908736K), 0.0532047 secs] [Times: user=0.31 sys=0.00, real=0.05 secs] 
5769.808: [Full GC (Ergonomics) [PSYoungGen: 127744K->0K(510464K)] [ParOldGen: 1214461K->142962K(1398272K)] 1342205K->142962K(1908736K), [Metaspace: 59673K->59673K(1105920K)], 0.3266485 secs] [Times: user=1.50 sys=0.01, real=0.33 secs] 
5771.445: [GC (Allocation Failure) [PSYoungGen: 331264K->119968K(509952K)] 474226K->262930K(1908224K), 0.0420927 secs] [Times: user=0.25 sys=0.00, real=0.04 secs] 
5773.022: [GC (Allocation Failure) [PSYoungGen: 451232K->118112K(516096K)] 594194K->380810K(1914368K), 0.0586621 secs] [Times: user=0.34 sys=0.00, real=0.06 secs] 
5774.447: [GC (Allocation Failure) [PSYoungGen: 463200K->129856K(515584K)] 725898K->500169K(1913856K), 0.0619973 secs] [Times: user=0.37 sys=0.00, real=0.07 secs] 
5775.367: [GC (Allocation Failure) [PSYoungGen: 474944K->120992K(522752K)] 845257K->621117K(1921024K), 0.0572933 secs] [Times: user=0.34 sys=0.00, real=0.06 secs] 
5776.836: [GC (Allocation Failure) [PSYoungGen: 478880K->127392K(525312K)] 979005K->737898K(1923584K), 0.0628241 secs] [Times: user=0.38 sys=0.00, real=0.07 secs] 
5777.947: [GC (Allocation Failure) [PSYoungGen: 485280K->134304K(529408K)] 1095786K->871970K(1927680K), 0.0576123 secs] [Times: user=0.34 sys=0.00, real=0.06 secs] 
5779.520: [GC (Allocation Failure) [PSYoungGen: 497312K->5920K(369152K)] 1234978K->743618K(1767424K), 0.0050764 secs] [Times: user=0.02 sys=0.01, real=0.00 secs] 
5781.784: [GC (Allocation Failure) [PSYoungGen: 368928K->145536K(503296K)] 1106626K->886751K(1901568K), 0.0306347 secs] [Times: user=0.17 sys=0.00, real=0.03 secs] 
5783.163: [GC (Allocation Failure) [PSYoungGen: 466560K->102592K(509952K)] 1207775K->979327K(1908224K), 0.0664957 secs] [Times: user=0.40 sys=0.00, real=0.07 secs] 
5784.586: [GC (Allocation Failure) [PSYoungGen: 423616K->125920K(507904K)] 1300351K->1103627K(1906176K), 0.0510823 secs] [Times: user=0.30 sys=0.00, real=0.05 secs] 
5786.025: [GC (Allocation Failure) [PSYoungGen: 453600K->120480K(508928K)] 1431307K->1214427K(1907200K), 0.0640147 secs] [Times: user=0.38 sys=0.00, real=0.07 secs] 
5787.767: [GC (Allocation Failure) [PSYoungGen: 448160K->113632K(508416K)] 1542107K->1328027K(1906688K), 0.0556232 secs] [Times: user=0.33 sys=0.00, real=0.06 secs] 
5787.822: [Full GC (Ergonomics) [PSYoungGen: 113632K->0K(508416K)] [ParOldGen: 1214395K->127238K(1398272K)] 1328027K->127238K(1906688K), [Metaspace: 59673K->59673K(1105920K)], 0.2878668 secs] [Times: user=1.31 sys=0.00, real=0.29 secs] 
5789.426: [GC (Allocation Failure) [PSYoungGen: 340480K->135456K(511488K)] 467718K->262694K(1909760K), 0.0465789 secs] [Times: user=0.27 sys=0.00, real=0.05 secs] 
5791.821: [GC (Allocation Failure) [PSYoungGen: 475936K->108096K(521216K)] 603174K->370630K(1919488K), 0.0672080 secs] [Times: user=0.40 sys=0.00, real=0.06 secs] 
5793.256: [GC (Allocation Failure) [PSYoungGen: 462400K->139776K(523264K)] 724934K->499979K(1921536K), 0.0614869 secs] [Times: user=0.36 sys=0.00, real=0.06 secs] 
5794.575: [GC (Allocation Failure) [PSYoungGen: 494080K->118176K(523776K)] 854283K->618107K(1922048K), 0.0590766 secs] [Times: user=0.35 sys=0.00, real=0.06 secs] 
5796.076: [GC (Allocation Failure) [PSYoungGen: 475040K->130304K(524800K)] 974971K->737694K(1923072K), 0.0622936 secs] [Times: user=0.37 sys=0.00, real=0.06 secs] 
5797.685: [GC (Allocation Failure) [PSYoungGen: 487168K->127968K(527872K)] 1094558K->865598K(1926144K), 0.0579270 secs] [Times: user=0.34 sys=0.00, real=0.06 secs] 
5799.149: [GC (Allocation Failure) [PSYoungGen: 490976K->3904K(367104K)] 1228606K->741598K(1765376K), 0.0037420 secs] [Times: user=0.01 sys=0.00, real=0.00 secs] 
5800.641: [GC (Allocation Failure) [PSYoungGen: 366912K->142784K(506368K)] 1104606K->882491K(1904640K), 0.0293653 secs] [Times: user=0.17 sys=0.00, real=0.03 secs] 
5802.001: [GC (GCLocker Initiated GC) [PSYoungGen: 467904K->106848K(432128K)] 1207611K->979471K(1830400K), 0.0661989 secs] [Times: user=0.39 sys=0.00, real=0.06 secs] 
5803.976: [GC (Allocation Failure) [PSYoungGen: 431968K->126592K(512000K)] 1304594K->1104286K(1910272K), 0.0517209 secs] [Times: user=0.30 sys=0.00, real=0.05 secs] 
5805.384: [GC (Allocation Failure) [PSYoungGen: 458368K->120256K(510976K)] 1436062K->1214934K(1909248K), 0.0630248 secs] [Times: user=0.38 sys=0.00, real=0.06 secs] 
5806.311: [GC (Allocation Failure) [PSYoungGen: 452032K->119200K(516096K)] 1546710K->1334086K(1914368K), 0.0546629 secs] [Times: user=0.32 sys=0.00, real=0.05 secs] 
5806.366: [Full GC (Ergonomics) [PSYoungGen: 119200K->0K(516096K)] [ParOldGen: 1214886K->132739K(1398272K)] 1334086K->132739K(1914368K), [Metaspace: 59673K->59673K(1105920K)], 0.3135282 secs] [Times: user=1.45 sys=0.01, real=0.32 secs] 
5808.032: [GC (Allocation Failure) [PSYoungGen: 343040K->129696K(514560K)] 475779K->262435K(1912832K), 0.0487341 secs] [Times: user=0.29 sys=0.00, real=0.05 secs] 
5809.209: [GC (Allocation Failure) [PSYoungGen: 472736K->120384K(521728K)] 605475K->382523K(1920000K), 0.0673063 secs] [Times: user=0.39 sys=0.00, real=0.06 secs] 
5810.680: [GC (Allocation Failure) [PSYoungGen: 476224K->127616K(523776K)] 738363K->499838K(1922048K), 0.0621425 secs] [Times: user=0.36 sys=0.00, real=0.06 secs] 
5811.655: [GC (Allocation Failure) [PSYoungGen: 483456K->131648K(530944K)] 855678K->631358K(1929216K), 0.0573112 secs] [Times: user=0.34 sys=0.00, real=0.06 secs] 
5813.133: [GC (Allocation Failure) [PSYoungGen: 495680K->4416K(368640K)] 995390K->504198K(1766912K), 0.0027207 secs] [Times: user=0.01 sys=0.00, real=0.00 secs] 
5814.518: [GC (Allocation Failure) [PSYoungGen: 368448K->146976K(502784K)] 868230K->649195K(1901056K), 0.0300624 secs] [Times: user=0.17 sys=0.00, real=0.03 secs] 
5815.880: [GC (Allocation Failure) [PSYoungGen: 468000K->102944K(509952K)] 970219K->742707K(1908224K), 0.0698132 secs] [Times: user=0.41 sys=0.00, real=0.07 secs] 
5817.065: [GC (Allocation Failure) [PSYoungGen: 423968K->127136K(506880K)] 1063731K->868024K(1905152K), 0.0505649 secs] [Times: user=0.30 sys=0.01, real=0.05 secs] 
5818.468: [GC (Allocation Failure) [PSYoungGen: 454304K->118848K(508928K)] 1195192K->976760K(1907200K), 0.0630156 secs] [Times: user=0.38 sys=0.00, real=0.07 secs] 
5820.024: [GC (GCLocker Initiated GC) [PSYoungGen: 446016K->116320K(509440K)] 1303928K->1093064K(1907712K), 0.0542245 secs] [Times: user=0.32 sys=0.01, real=0.05 secs] 
5821.435: [GC (Allocation Failure) [PSYoungGen: 456288K->132480K(512000K)] 1433034K->1214405K(1910272K), 0.0627516 secs] [Times: user=0.37 sys=0.00, real=0.06 secs] 
5822.364: [GC (Allocation Failure) [PSYoungGen: 472448K->118304K(519168K)] 1554373K->1332685K(1917440K), 0.0579445 secs] [Times: user=0.35 sys=0.00, real=0.06 secs] 
5822.422: [Full GC (Ergonomics) [PSYoungGen: 118304K->0K(519168K)] [ParOldGen: 1214381K->131941K(1398272K)] 1332685K->131941K(1917440K), [Metaspace: 59673K->59673K(1105920K)], 0.3090929 secs] [Times: user=1.42 sys=0.00, real=0.31 secs] 
5824.051: [GC (Allocation Failure) [PSYoungGen: 353280K->129984K(522240K)] 485221K->261925K(1920512K), 0.0474624 secs] [Times: user=0.27 sys=0.00, real=0.04 secs] 
5825.299: [GC (GCLocker Initiated GC) [PSYoungGen: 483264K->123584K(524800K)] 615205K->385145K(1923072K), 0.0668197 secs] [Times: user=0.39 sys=0.01, real=0.06 secs] 
5826.807: [GC (Allocation Failure) [PSYoungGen: 484544K->1184K(362496K)] 746107K->262851K(1760768K), 0.0021074 secs] [Times: user=0.01 sys=0.00, real=0.01 secs] 
5827.927: [GC (Allocation Failure) [PSYoungGen: 362144K->138016K(508416K)] 623811K->400312K(1906688K), 0.0278650 secs] [Times: user=0.16 sys=0.00, real=0.03 secs] 
5829.346: [GC (Allocation Failure) [PSYoungGen: 465184K->1568K(329216K)] 727480K->264008K(1727488K), 0.0019376 secs] [Times: user=0.01 sys=0.00, real=0.00 secs] 
5831.028: [GC (Allocation Failure) [PSYoungGen: 328736K->123776K(502784K)] 591176K->386813K(1901056K), 0.0253251 secs] [Times: user=0.15 sys=0.00, real=0.03 secs] 
5832.381: [GC (Allocation Failure) [PSYoungGen: 430464K->123776K(430592K)] 693501K->500921K(1828864K), 0.0627299 secs] [Times: user=0.37 sys=0.00, real=0.06 secs] 
5834.334: [GC (GCLocker Initiated GC) [PSYoungGen: 430464K->91168K(508928K)] 807609K->591769K(1907200K), 0.0554692 secs] [Times: user=0.30 sys=0.00, real=0.06 secs] 
5834.823: [GC (Allocation Failure) [PSYoungGen: 405024K->136224K(501760K)] 905696K->721941K(1900032K), 0.0544090 secs] [Times: user=0.33 sys=0.00, real=0.05 secs] 
5837.178: [GC (Allocation Failure) [PSYoungGen: 450080K->83360K(504832K)] 1035797K->804845K(1903104K), 0.1059276 secs] [Times: user=0.62 sys=0.00, real=0.11 secs] 
5837.735: [GC (Allocation Failure) [PSYoungGen: 402336K->138432K(505856K)] 1123821K->937722K(1904128K), 0.0528033 secs] [Times: user=0.31 sys=0.00, real=0.05 secs] 
5839.681: [GC (Allocation Failure) [PSYoungGen: 457408K->87328K(506368K)] 1256698K->1024730K(1904640K), 0.1394518 secs] [Times: user=0.83 sys=0.01, real=0.14 secs] 
5840.345: [GC (Allocation Failure) [PSYoungGen: 407840K->135680K(506880K)] 1345242K->1156371K(1905152K), 0.0491836 secs] [Times: user=0.29 sys=0.00, real=0.05 secs] 
5842.111: [GC (Allocation Failure) [PSYoungGen: 456192K->97472K(502784K)] 1476883K->1244991K(1901056K), 0.1097486 secs] [Times: user=0.65 sys=0.00, real=0.11 secs] 
5843.425: [GC (Allocation Failure) [PSYoungGen: 420032K->135680K(505856K)] 1567551K->1376624K(1904128K), 0.0483599 secs] [Times: user=0.28 sys=0.00, real=0.05 secs] 
5843.473: [Full GC (Ergonomics) [PSYoungGen: 135680K->0K(505856K)] [ParOldGen: 1240944K->174837K(1398272K)] 1376624K->174837K(1904128K), [Metaspace: 59673K->59673K(1105920K)], 0.4271382 secs] [Times: user=1.99 sys=0.00, real=0.43 secs] 
5845.185: [GC (Allocation Failure) [PSYoungGen: 322560K->100448K(506368K)] 497397K->275285K(1904640K), 0.0347235 secs] [Times: user=0.20 sys=0.00, real=0.04 secs] 
5847.479: [GC (GCLocker Initiated GC) [PSYoungGen: 429664K->131072K(509440K)] 604501K->403738K(1907712K), 0.0506369 secs] [Times: user=0.30 sys=0.01, real=0.05 secs] 
5848.924: [GC (Allocation Failure) [PSYoungGen: 460288K->108272K(506880K)] 732957K->502493K(1905152K), 0.0632419 secs] [Times: user=0.37 sys=0.01, real=0.06 secs] 
5850.635: [GC (Allocation Failure) [PSYoungGen: 445168K->132960K(512000K)] 839389K->633729K(1910272K), 0.0521371 secs] [Times: user=0.31 sys=0.01, real=0.05 secs] 
5852.081: [GC (Allocation Failure) [PSYoungGen: 469856K->114464K(514048K)] 970625K->738613K(1912320K), 0.0640949 secs] [Times: user=0.38 sys=0.00, real=0.06 secs] 
5853.787: [GC (Allocation Failure) [PSYoungGen: 461600K->130016K(518144K)] 1085749K->868365K(1916416K), 0.0544969 secs] [Times: user=0.32 sys=0.00, real=0.06 secs] 
5855.214: [GC (Allocation Failure) [PSYoungGen: 477152K->2304K(500736K)] 1215501K->740789K(1899008K), 0.0025500 secs] [Times: user=0.01 sys=0.00, real=0.00 secs] 
5856.717: [GC (Allocation Failure) [PSYoungGen: 331520K->125120K(514048K)] 1070005K->864354K(1912320K), 0.0261152 secs] [Times: user=0.15 sys=0.00, real=0.03 secs] 
5858.104: [GC (Allocation Failure) [PSYoungGen: 454336K->122560K(510976K)] 1193570K->977046K(1909248K), 0.0633099 secs] [Times: user=0.38 sys=0.00, real=0.06 secs] 
5859.450: [GC (Allocation Failure) [PSYoungGen: 451776K->114176K(443904K)] 1306262K->1091198K(1842176K), 0.0575151 secs] [Times: user=0.34 sys=0.00, real=0.05 secs] 
5860.869: [GC (Allocation Failure) [PSYoungGen: 443392K->134272K(509440K)] 1420414K->1214891K(1907712K), 0.0627725 secs] [Times: user=0.37 sys=0.00, real=0.06 secs] 
5862.233: [GC (Allocation Failure) [PSYoungGen: 465536K->102688K(512000K)] 1546155K->1317495K(1910272K), 0.0572216 secs] [Times: user=0.33 sys=0.00, real=0.06 secs] 
5862.290: [Full GC (Ergonomics) [PSYoungGen: 102688K->0K(512000K)] [ParOldGen: 1214807K->116777K(1398272K)] 1317495K->116777K(1910272K), [Metaspace: 59673K->59673K(1105920K)], 0.2795220 secs] [Times: user=1.24 sys=0.00, real=0.28 secs] 
5863.106: [GC (Allocation Failure) [PSYoungGen: 330150K->175072K(484864K)] 446928K->296561K(1883136K), 0.0436649 secs] [Times: user=0.26 sys=0.00, real=0.05 secs] 
5865.352: [GC (Allocation Failure) [PSYoungGen: 484832K->82048K(504320K)] 606321K->344937K(1902592K), 0.1072568 secs] [Times: user=0.64 sys=0.00, real=0.11 secs] 
5865.848: [GC (Allocation Failure) [PSYoungGen: 391808K->135744K(503296K)] 654697K->474838K(1901568K), 0.0513776 secs] [Times: user=0.30 sys=0.00, real=0.06 secs] 
5867.625: [GC (Allocation Failure) [PSYoungGen: 447552K->86784K(504832K)] 786646K->561402K(1903104K), 0.1255846 secs] [Times: user=0.75 sys=0.00, real=0.13 secs] 
5868.177: [GC (Allocation Failure) [PSYoungGen: 390821K->129120K(502784K)] 865439K->684687K(1901056K), 0.0471260 secs] [Times: user=0.27 sys=0.00, real=0.05 secs] 
5869.510: [GC (Allocation Failure) [PSYoungGen: 444512K->96992K(503808K)] 1000079K->772647K(1902080K), 0.0587554 secs] [Times: user=0.35 sys=0.00, real=0.06 secs] 
5870.441: [GC (Allocation Failure) [PSYoungGen: 412384K->141248K(504320K)] 1088039K->909870K(1902592K), 0.0478208 secs] [Times: user=0.28 sys=0.00, real=0.04 secs] 
5871.807: [GC (Allocation Failure) [PSYoungGen: 461248K->99840K(507392K)] 1229870K->992206K(1905664K), 0.0617337 secs] [Times: user=0.36 sys=0.00, real=0.07 secs] 
5873.241: [GC (Allocation Failure) [PSYoungGen: 419840K->131008K(510976K)] 1312206K->1120635K(1909248K), 0.0506817 secs] [Times: user=0.30 sys=0.00, real=0.05 secs] 
5874.651: [GC (Allocation Failure) [PSYoungGen: 458688K->108240K(436224K)] 1448315K->1219343K(1834496K), 0.0640581 secs] [Times: user=0.38 sys=0.00, real=0.06 secs] 
5876.518: [GC (Allocation Failure) [PSYoungGen: 435920K->127168K(511488K)] 1547023K->1344996K(1909760K), 0.0529557 secs] [Times: user=0.31 sys=0.00, real=0.06 secs] 
5877.937: [GC (Allocation Failure) [PSYoungGen: 461504K->119488K(509952K)] 1679332K->1455012K(1908224K), 0.0642711 secs] [Times: user=0.38 sys=0.00, real=0.07 secs] 
5878.002: [Full GC (Ergonomics) [PSYoungGen: 119488K->0K(509952K)] [ParOldGen: 1335524K->250645K(1398272K)] 1455012K->250645K(1908224K), [Metaspace: 59673K->59673K(1105920K)], 0.5295961 secs] [Times: user=2.32 sys=0.00, real=0.53 secs] 
5880.502: [GC (Allocation Failure) [PSYoungGen: 334336K->119040K(518656K)] 584981K->369685K(1916928K), 0.0246805 secs] [Times: user=0.14 sys=0.00, real=0.02 secs] 
5881.941: [GC (Allocation Failure) [PSYoungGen: 469760K->128928K(517120K)] 720405K->488240K(1915392K), 0.0619495 secs] [Times: user=0.37 sys=0.00, real=0.06 secs] 
5883.401: [GC (Allocation Failure) [PSYoungGen: 479648K->126272K(530944K)] 838960K->614464K(1929216K), 0.0573526 secs] [Times: user=0.34 sys=0.00, real=0.06 secs] 
5884.863: [GC (Allocation Failure) [PSYoungGen: 492352K->3136K(369664K)] 980544K->491428K(1767936K), 0.0031429 secs] [Times: user=0.01 sys=0.00, real=0.00 secs] 
5885.756: [GC (Allocation Failure) [PSYoungGen: 369216K->145888K(505344K)] 857508K->635517K(1903616K), 0.0298002 secs] [Times: user=0.17 sys=0.00, real=0.03 secs] 
5887.221: [GC (GCLocker Initiated GC) [PSYoungGen: 472032K->104000K(512512K)] 961661K->730125K(1910784K), 0.0662495 secs] [Times: user=0.39 sys=0.00, real=0.06 secs] 
5888.389: [GC (Allocation Failure) [PSYoungGen: 430144K->130080K(512512K)] 1056308K->858616K(1910784K), 0.0510925 secs] [Times: user=0.30 sys=0.00, real=0.05 secs] 
5889.836: [GC (Allocation Failure) [PSYoungGen: 462368K->115776K(513024K)] 1190904K->965084K(1911296K), 0.0638555 secs] [Times: user=0.38 sys=0.00, real=0.07 secs] 
5891.875: [GC (Allocation Failure) [PSYoungGen: 448064K->117216K(513536K)] 1297372K->1082165K(1911808K), 0.0546054 secs] [Times: user=0.31 sys=0.01, real=0.06 secs] 
5893.318: [GC (Allocation Failure) [PSYoungGen: 459744K->131072K(513024K)] 1424693K->1202772K(1911296K), 0.0630225 secs] [Times: user=0.37 sys=0.00, real=0.07 secs] 
5894.769: [GC (Allocation Failure) [PSYoungGen: 473600K->118272K(520192K)] 1545300K->1320976K(1918464K), 0.0568229 secs] [Times: user=0.33 sys=0.00, real=0.05 secs] 
5894.826: [Full GC (Ergonomics) [PSYoungGen: 118272K->0K(520192K)] [ParOldGen: 1202704K->132314K(1398272K)] 1320976K->132314K(1918464K), [Metaspace: 59673K->59673K(1105920K)], 0.3018267 secs] [Times: user=1.38 sys=0.00, real=0.30 secs] 
5896.489: [GC (Allocation Failure) [PSYoungGen: 356864K->129920K(523776K)] 489178K->262234K(1922048K), 0.0438191 secs] [Times: user=0.26 sys=0.00, real=0.04 secs] 
5897.817: [GC (Allocation Failure) [PSYoungGen: 486784K->128256K(530432K)] 619098K->390306K(1928704K), 0.0630963 secs] [Times: user=0.38 sys=0.00, real=0.07 secs] 
5899.332: [GC (Allocation Failure) [PSYoungGen: 492800K->3136K(368128K)] 754850K->265226K(1766400K), 0.0023369 secs] [Times: user=0.01 sys=0.00, real=0.00 secs] 
5900.705: [GC (Allocation Failure) [PSYoungGen: 367680K->144832K(504320K)] 629770K->408263K(1902592K), 0.0290985 secs] [Times: user=0.17 sys=0.00, real=0.03 secs] 
5902.170: [GC (Allocation Failure) [PSYoungGen: 467904K->104000K(510976K)] 731335K->503095K(1909248K), 0.0649647 secs] [Times: user=0.39 sys=0.00, real=0.06 secs] 
5903.463: [GC (GCLocker Initiated GC) [PSYoungGen: 427072K->124480K(507904K)] 826168K->625988K(1906176K), 0.0508116 secs] [Times: user=0.30 sys=0.00, real=0.05 secs] 
5904.857: [GC (Allocation Failure) [PSYoungGen: 454208K->123200K(509440K)] 955718K->739414K(1907712K), 0.0629245 secs] [Times: user=0.37 sys=0.00, real=0.07 secs] 
5906.219: [GC (Allocation Failure) [PSYoungGen: 452928K->115520K(509952K)] 1069142K->854366K(1908224K), 0.0551663 secs] [Times: user=0.32 sys=0.00, real=0.05 secs] 
5907.618: [GC (Allocation Failure) [PSYoungGen: 457536K->132480K(514048K)] 1196382K->976603K(1912320K), 0.0625190 secs] [Times: user=0.37 sys=0.00, real=0.07 secs] 
5908.728: [GC (Allocation Failure) [PSYoungGen: 474496K->115360K(517120K)] 1318619K->1091683K(1915392K), 0.0574260 secs] [Times: user=0.34 sys=0.00, real=0.06 secs] 
5910.159: [GC (Allocation Failure) [PSYoungGen: 468640K->133824K(521216K)] 1444963K->1215067K(1919488K), 0.0629214 secs] [Times: user=0.37 sys=0.00, real=0.07 secs] 
5911.864: [GC (Allocation Failure) [PSYoungGen: 487104K->123552K(527360K)] 1568347K->1337803K(1925632K), 0.0584809 secs] [Times: user=0.34 sys=0.01, real=0.06 secs] 
5911.923: [Full GC (Ergonomics) [PSYoungGen: 123552K->0K(527360K)] [ParOldGen: 1214251K->137594K(1398272K)] 1337803K->137594K(1925632K), [Metaspace: 59673K->59673K(1105920K)], 0.3198111 secs] [Times: user=1.47 sys=0.00, real=0.32 secs] 
5913.631: [GC (Allocation Failure) [PSYoungGen: 361472K->125088K(528384K)] 499066K->262682K(1926656K), 0.0436241 secs] [Times: user=0.25 sys=0.00, real=0.04 secs] 
5915.106: [GC (Allocation Failure) [PSYoungGen: 486560K->136480K(528896K)] 624154K->398830K(1927168K), 0.0618427 secs] [Times: user=0.36 sys=0.00, real=0.06 secs] 
5916.592: [GC (Allocation Failure) [PSYoungGen: 500512K->7296K(371712K)] 762862K->269694K(1769984K), 0.0028803 secs] [Times: user=0.02 sys=0.00, real=0.00 secs] 
5917.719: [GC (Allocation Failure) [PSYoungGen: 371328K->156544K(496128K)] 633726K->424167K(1894400K), 0.0312588 secs] [Times: user=0.19 sys=0.00, real=0.03 secs] 
5919.086: [GC (Allocation Failure) [PSYoungGen: 471424K->99264K(506880K)] 739047K->505743K(1905152K), 0.0648318 secs] [Times: user=0.39 sys=0.00, real=0.07 secs] 
5920.192: [GC (Allocation Failure) [PSYoungGen: 414144K->126016K(497664K)] 820623K->630260K(1895936K), 0.0495911 secs] [Times: user=0.29 sys=0.00, real=0.05 secs] 
5921.573: [GC (Allocation Failure) [PSYoungGen: 446528K->118336K(504832K)] 950772K->739256K(1903104K), 0.0621557 secs] [Times: user=0.37 sys=0.00, real=0.06 secs] 
5922.873: [GC (Allocation Failure) [PSYoungGen: 438848K->111360K(500224K)] 1059768K->850632K(1898496K), 0.0535063 secs] [Times: user=0.32 sys=0.00, real=0.05 secs] 
5924.307: [GC (Allocation Failure) [PSYoungGen: 446720K->137056K(508416K)] 1185992K->976753K(1906688K), 0.0618390 secs] [Times: user=0.37 sys=0.00, real=0.07 secs] 
5926.280: [GC (Allocation Failure) [PSYoungGen: 472416K->102016K(521216K)] 1312113K->1078737K(1919488K), 0.0571882 secs] [Times: user=0.34 sys=0.00, real=0.05 secs] 
5927.745: [GC (Allocation Failure) [PSYoungGen: 452224K->146528K(497152K)] 1428945K->1214740K(1895424K), 0.0617697 secs] [Times: user=0.37 sys=0.00, real=0.06 secs] 
5930.387: [GC (Allocation Failure) [PSYoungGen: 496736K->105664K(524800K)] 1564948K->1320028K(1923072K), 0.0604184 secs] [Times: user=0.36 sys=0.00, real=0.06 secs] 
5930.448: [Full GC (Ergonomics) [PSYoungGen: 105664K->0K(524800K)] [ParOldGen: 1214364K->119805K(1398272K)] 1320028K->119805K(1923072K), [Metaspace: 59673K->59673K(1105920K)], 0.2784706 secs] [Times: user=1.27 sys=0.00, real=0.28 secs] 
5932.042: [GC (Allocation Failure) [PSYoungGen: 346624K->142624K(520704K)] 466429K->262429K(1918976K), 0.0526939 secs] [Times: user=0.31 sys=0.00, real=0.05 secs] 
5933.627: [GC (Allocation Failure) [PSYoungGen: 489248K->106496K(521216K)] 609053K->368845K(1919488K), 0.0729147 secs] [Times: user=0.43 sys=0.00, real=0.08 secs] 
5935.052: [GC (Allocation Failure) [PSYoungGen: 452608K->141056K(520704K)] 714957K->499642K(1918976K), 0.0611778 secs] [Times: user=0.36 sys=0.00, real=0.06 secs] 
5936.595: [GC (Allocation Failure) [PSYoungGen: 487168K->118240K(516608K)] 845754K->617822K(1914880K), 0.0589991 secs] [Times: user=0.35 sys=0.00, real=0.06 secs] 
5938.050: [GC (Allocation Failure) [PSYoungGen: 465376K->138464K(519168K)] 964958K->737297K(1917440K), 0.0619782 secs] [Times: user=0.37 sys=0.00, real=0.06 secs] 
5939.271: [GC (Allocation Failure) [PSYoungGen: 485600K->115168K(520192K)] 1084433K->852425K(1918464K), 0.0581748 secs] [Times: user=0.34 sys=0.00, real=0.06 secs] 
5940.712: [GC (Allocation Failure) [PSYoungGen: 468448K->132608K(522752K)] 1205705K->974624K(1921024K), 0.0618339 secs] [Times: user=0.37 sys=0.00, real=0.06 secs] 
5941.504: [GC (Allocation Failure) [PSYoungGen: 485888K->124672K(521728K)] 1327904K->1099240K(1920000K), 0.0578457 secs] [Times: user=0.33 sys=0.01, real=0.06 secs] 
5942.972: [GC (Allocation Failure) [PSYoungGen: 485120K->1536K(362496K)] 1459688K->976192K(1760768K), 0.0026748 secs] [Times: user=0.02 sys=0.00, real=0.00 secs] 
5944.236: [GC (Allocation Failure) [PSYoungGen: 361984K->138432K(510976K)] 1336640K->1113669K(1909248K), 0.0286929 secs] [Times: user=0.16 sys=0.00, real=0.03 secs] 
5945.682: [GC (Allocation Failure) [PSYoungGen: 467648K->1472K(330752K)] 1442885K->976821K(1729024K), 0.0025629 secs] [Times: user=0.01 sys=0.00, real=0.00 secs] 
5946.673: [GC (Allocation Failure) [PSYoungGen: 330688K->127104K(502272K)] 1306037K->1103034K(1900544K), 0.0264324 secs] [Times: user=0.15 sys=0.00, real=0.03 secs] 
5947.986: [GC (Allocation Failure) [PSYoungGen: 432768K->120448K(426496K)] 1408698K->1213742K(1824768K), 0.0632446 secs] [Times: user=0.37 sys=0.00, real=0.07 secs] 
5949.245: [GC (Allocation Failure) [PSYoungGen: 421767K->93184K(504832K)] 1515061K->1306894K(1903104K), 0.0800648 secs] [Times: user=0.48 sys=0.00, real=0.08 secs] 
5949.325: [Full GC (Ergonomics) [PSYoungGen: 93184K->0K(504832K)] [ParOldGen: 1213710K->107869K(1398272K)] 1306894K->107869K(1903104K), [Metaspace: 59673K->59673K(1105920K)], 0.2541976 secs] [Times: user=1.16 sys=0.00, real=0.26 secs] 
5949.962: [GC (Allocation Failure) [PSYoungGen: 311808K->133984K(498688K)] 419677K->241853K(1896960K), 0.0282493 secs] [Times: user=0.16 sys=0.00, real=0.03 secs] 
5952.305: [GC (Allocation Failure) [PSYoungGen: 445792K->82944K(507392K)] 553661K->323897K(1905664K), 0.1007353 secs] [Times: user=0.59 sys=0.00, real=0.10 secs] 
5952.818: [GC (Allocation Failure) [PSYoungGen: 405504K->141344K(507904K)] 646457K->459482K(1906176K), 0.0518156 secs] [Times: user=0.31 sys=0.00, real=0.06 secs] 
5954.654: [GC (Allocation Failure) [PSYoungGen: 462745K->87072K(508928K)] 780884K->546458K(1907200K), 0.1151374 secs] [Times: user=0.69 sys=0.00, real=0.12 secs] 
5955.421: [GC (Allocation Failure) [PSYoungGen: 408608K->135104K(507904K)] 867994K->676978K(1906176K), 0.0486550 secs] [Times: user=0.29 sys=0.00, real=0.05 secs] 
5956.806: [GC (Allocation Failure) [PSYoungGen: 456640K->99840K(502784K)] 998514K->767418K(1901056K), 0.0617808 secs] [Times: user=0.36 sys=0.01, real=0.06 secs] 
5958.756: [GC (Allocation Failure) [PSYoungGen: 423424K->133824K(506368K)] 1091002K->897150K(1904640K), 0.0487318 secs] [Times: user=0.29 sys=0.00, real=0.05 secs] 
5960.136: [GC (GCLocker Initiated GC) [PSYoungGen: 457408K->99904K(506880K)] 1220735K->987899K(1905152K), 0.0632441 secs] [Times: user=0.37 sys=0.00, real=0.07 secs] 
5961.881: [GC (Allocation Failure) [PSYoungGen: 431168K->133632K(510464K)] 1319201K->1119519K(1908736K), 0.0504234 secs] [Times: user=0.30 sys=0.00, real=0.05 secs] 
5963.285: [GC (Allocation Failure) [PSYoungGen: 464896K->107040K(509440K)] 1450783K->1217183K(1907712K), 0.0640231 secs] [Times: user=0.37 sys=0.00, real=0.07 secs] 
5964.676: [GC (Allocation Failure) [PSYoungGen: 445472K->134176K(513536K)] 1555615K->1349704K(1911808K), 0.0527862 secs] [Times: user=0.31 sys=0.00, real=0.05 secs] 
5964.728: [Full GC (Ergonomics) [PSYoungGen: 134176K->0K(513536K)] [ParOldGen: 1215528K->151697K(1398272K)] 1349704K->151697K(1911808K), [Metaspace: 59673K->59673K(1105920K)], 0.3491726 secs] [Times: user=1.60 sys=0.00, real=0.35 secs] 
5966.386: [GC (Allocation Failure) [PSYoungGen: 338432K->113280K(513536K)] 490129K->264977K(1911808K), 0.0400681 secs] [Times: user=0.24 sys=0.00, real=0.04 secs] 
5968.241: [GC (Allocation Failure) [PSYoungGen: 459904K->131712K(517632K)] 611601K->395374K(1915904K), 0.0563838 secs] [Times: user=0.33 sys=0.00, real=0.05 secs] 
5969.685: [GC (Allocation Failure) [PSYoungGen: 478336K->118464K(519680K)] 741998K->504066K(1917952K), 0.0642327 secs] [Times: user=0.39 sys=0.00, real=0.07 secs] 
5971.495: [GC (Allocation Failure) [PSYoungGen: 474304K->137632K(523264K)] 859906K->640031K(1921536K), 0.0548859 secs] [Times: user=0.33 sys=0.00, real=0.06 secs] 
5972.965: [GC (GCLocker Initiated GC) [PSYoungGen: 493472K->116416K(524800K)] 995871K->747079K(1923072K), 0.0651458 secs] [Times: user=0.39 sys=0.00, real=0.07 secs] 
5974.632: [GC (Allocation Failure) [PSYoungGen: 477888K->144128K(526848K)] 1108554K->889331K(1925120K), 0.0558224 secs] [Times: user=0.33 sys=0.00, real=0.05 secs] 
5976.064: [GC (Allocation Failure) [PSYoungGen: 505600K->117472K(529408K)] 1250803K->996831K(1927680K), 0.0682367 secs] [Times: user=0.40 sys=0.00, real=0.07 secs] 
5976.892: [GC (Allocation Failure) [PSYoungGen: 480480K->151424K(514560K)] 1359839K->1145404K(1912832K), 0.0582527 secs] [Times: user=0.33 sys=0.00, real=0.06 secs] 
5978.374: [GC (GCLocker Initiated GC) [PSYoungGen: 514432K->113056K(529408K)] 1508412K->1249304K(1927680K), 0.0677000 secs] [Times: user=0.40 sys=0.00, real=0.07 secs] 
5979.435: [GC (Allocation Failure) [PSYoungGen: 469408K->150304K(506880K)] 1605695K->1395896K(1905152K), 0.0554130 secs] [Times: user=0.33 sys=0.00, real=0.06 secs] 
5979.490: [Full GC (Ergonomics) [PSYoungGen: 150304K->0K(506880K)] [ParOldGen: 1245592K->192401K(1398272K)] 1395896K->192401K(1905152K), [Metaspace: 59673K->59673K(1105920K)], 0.4700923 secs] [Times: user=2.18 sys=0.00, real=0.47 secs] 
5981.640: [GC (Allocation Failure) [PSYoungGen: 356352K->110880K(526336K)] 548753K->303281K(1924608K), 0.0467685 secs] [Times: user=0.28 sys=0.00, real=0.04 secs] 
5982.671: [GC (Allocation Failure) [PSYoungGen: 457735K->144416K(496128K)] 650136K->443465K(1894400K), 0.0517350 secs] [Times: user=0.31 sys=0.00, real=0.05 secs] 
5984.398: [GC (Allocation Failure) [PSYoungGen: 495648K->109536K(525312K)] 794697K->544089K(1923584K), 0.0694601 secs] [Times: user=0.41 sys=0.00, real=0.07 secs] 
5985.055: [GC (Allocation Failure) [PSYoungGen: 459232K->150720K(500736K)] 893785K->690638K(1899008K), 0.0526389 secs] [Times: user=0.31 sys=0.00, real=0.05 secs] 
5987.190: [GC (Allocation Failure) [PSYoungGen: 500416K->101216K(521216K)] 1040334K->791526K(1919488K), 0.1160939 secs] [Times: user=0.69 sys=0.01, real=0.11 secs] 
5987.834: [GC (Allocation Failure) [PSYoungGen: 444256K->149920K(493056K)] 1134566K->931959K(1891328K), 0.0556368 secs] [Times: user=0.33 sys=0.00, real=0.06 secs] 
5989.894: [GC (Allocation Failure) [PSYoungGen: 489591K->92672K(516096K)] 1271631K->1024591K(1914368K), 0.1068471 secs] [Times: user=0.64 sys=0.00, real=0.11 secs] 
5990.861: [GC (Allocation Failure) [PSYoungGen: 425594K->138528K(516608K)] 1357513K->1158684K(1914880K), 0.0508710 secs] [Times: user=0.29 sys=0.01, real=0.05 secs] 
5992.564: [GC (Allocation Failure) [PSYoungGen: 472864K->102784K(512512K)] 1493020K->1252548K(1910784K), 0.0857809 secs] [Times: user=0.50 sys=0.00, real=0.09 secs] 
5993.638: [GC (Allocation Failure) [PSYoungGen: 437632K->141984K(514560K)] 1587396K->1390547K(1912832K), 0.0505866 secs] [Times: user=0.30 sys=0.01, real=0.06 secs] 
5993.689: [Full GC (Ergonomics) [PSYoungGen: 141984K->0K(514560K)] [ParOldGen: 1248563K->190155K(1398272K)] 1390547K->190155K(1912832K), [Metaspace: 59673K->59673K(1105920K)], 0.4556048 secs] [Times: user=2.12 sys=0.00, real=0.45 secs] 
5995.426: [GC (GCLocker Initiated GC) [PSYoungGen: 334848K->101280K(517632K)] 525003K->291435K(1915904K), 0.0314687 secs] [Times: user=0.19 sys=0.00, real=0.03 secs] 
5996.730: [GC (Allocation Failure) [PSYoungGen: 439200K->141248K(517632K)] 629393K->429002K(1915904K), 0.0495668 secs] [Times: user=0.29 sys=0.00, real=0.05 secs] 
5998.157: [GC (GCLocker Initiated GC) [PSYoungGen: 479168K->103808K(516096K)] 766923K->523779K(1914368K), 0.0639909 secs] [Times: user=0.38 sys=0.00, real=0.07 secs] 
5999.137: [GC (Allocation Failure) [PSYoungGen: 442240K->148800K(487424K)] 862250K->669775K(1885696K), 0.0514034 secs] [Times: user=0.31 sys=0.00, real=0.05 secs] 
6000.726: [GC (Allocation Failure) [PSYoungGen: 487232K->105728K(518656K)] 1008207K->758207K(1916928K), 0.0649713 secs] [Times: user=0.39 sys=0.00, real=0.07 secs] 
6001.646: [GC (Allocation Failure) [PSYoungGen: 441600K->139872K(516096K)] 1094079K->895180K(1914368K), 0.0535086 secs] [Times: user=0.32 sys=0.00, real=0.06 secs] 
6003.125: [GC (GCLocker Initiated GC) [PSYoungGen: 475744K->104992K(515072K)] 1231052K->990764K(1913344K), 0.0655442 secs] [Times: user=0.38 sys=0.01, real=0.07 secs] 
6004.953: [GC (Allocation Failure) [PSYoungGen: 442400K->145216K(516096K)] 1328175K->1133292K(1914368K), 0.0531336 secs] [Times: user=0.31 sys=0.00, real=0.05 secs] 
6006.359: [GC (Allocation Failure) [PSYoungGen: 482624K->109152K(517632K)] 1470700K->1224680K(1915904K), 0.0651316 secs] [Times: user=0.38 sys=0.00, real=0.06 secs] 
6008.495: [GC (Allocation Failure) [PSYoungGen: 448096K->136288K(517632K)] 1563624K->1358669K(1915904K), 0.0548218 secs] [Times: user=0.33 sys=0.00, real=0.06 secs] 
6009.952: [GC (Allocation Failure) [PSYoungGen: 475232K->110752K(516096K)] 1697613K->1460133K(1914368K), 0.0666249 secs] [Times: user=0.39 sys=0.00, real=0.07 secs] 
6010.019: [Full GC (Ergonomics) [PSYoungGen: 110752K->0K(516096K)] [ParOldGen: 1349381K->20584K(1398272K)] 1460133K->20584K(1914368K), [Metaspace: 59673K->59673K(1105920K)], 0.0304974 secs] [Times: user=0.08 sys=0.00, real=0.03 secs] 
6011.231: [GC (Allocation Failure) [PSYoungGen: 342528K->136864K(517632K)] 363112K->157448K(1915904K), 0.0274351 secs] [Times: user=0.15 sys=0.00, real=0.02 secs] 
6012.646: [GC (Allocation Failure) [PSYoungGen: 479392K->111648K(518144K)] 499976K->259848K(1916416K), 0.0639452 secs] [Times: user=0.38 sys=0.00, real=0.07 secs] 
6013.886: [GC (Allocation Failure) [PSYoungGen: 460832K->140768K(521216K)] 609032K->399064K(1919488K), 0.0529247 secs] [Times: user=0.31 sys=0.00, real=0.06 secs] 
6015.332: [GC (Allocation Failure) [PSYoungGen: 489952K->110528K(523264K)] 748248K->500448K(1921536K), 0.0649203 secs] [Times: user=0.37 sys=0.01, real=0.06 secs] 
6016.350: [GC (Allocation Failure) [PSYoungGen: 463808K->143936K(524288K)] 853728K->642541K(1922560K), 0.0542165 secs] [Times: user=0.32 sys=0.00, real=0.05 secs] 
6017.825: [GC (Allocation Failure) [PSYoungGen: 497216K->112896K(525312K)] 995821K->746057K(1923584K), 0.0661025 secs] [Times: user=0.39 sys=0.00, real=0.07 secs] 
6018.833: [GC (Allocation Failure) [PSYoungGen: 466176K->144352K(524800K)] 1099337K->887757K(1923072K), 0.0547061 secs] [Times: user=0.32 sys=0.01, real=0.05 secs] 
6020.305: [GC (Allocation Failure) [PSYoungGen: 497632K->112608K(524800K)] 1241037K->990865K(1923072K), 0.0660443 secs] [Times: user=0.39 sys=0.00, real=0.07 secs] 
6021.244: [GC (Allocation Failure) [PSYoungGen: 465888K->146880K(500224K)] 1344145K->1134718K(1898496K), 0.0547783 secs] [Times: user=0.33 sys=0.00, real=0.06 secs] 
6022.734: [GC (Allocation Failure) [PSYoungGen: 500160K->111296K(525824K)] 1487998K->1236910K(1924096K), 0.1019943 secs] [Times: user=0.60 sys=0.01, real=0.10 secs] 
6023.790: [GC (Allocation Failure) [PSYoungGen: 462016K->147744K(498688K)] 1587630K->1380731K(1896960K), 0.0545092 secs] [Times: user=0.32 sys=0.00, real=0.05 secs] 
6023.845: [Full GC (Ergonomics) [PSYoungGen: 147744K->0K(498688K)] [ParOldGen: 1232987K->186591K(1398272K)] 1380731K->186591K(1896960K), [Metaspace: 59673K->59673K(1105920K)], 0.4498531 secs] [Times: user=2.10 sys=0.00, real=0.45 secs] 
6025.615: [GC (GCLocker Initiated GC) [PSYoungGen: 350720K->108672K(523776K)] 537312K->295264K(1922048K), 0.0330815 secs] [Times: user=0.19 sys=0.01, real=0.03 secs] 
6027.313: [GC (Allocation Failure) [PSYoungGen: 455808K->152480K(499712K)] 642403K->443328K(1897984K), 0.0517309 secs] [Times: user=0.31 sys=0.00, real=0.05 secs] 
6028.784: [GC (Allocation Failure) [PSYoungGen: 499616K->109216K(520704K)] 790464K->535396K(1918976K), 0.0677483 secs] [Times: user=0.39 sys=0.00, real=0.07 secs] 
6030.304: [GC (Allocation Failure) [PSYoungGen: 450208K->142240K(519168K)] 876388K->672600K(1917440K), 0.0515696 secs] [Times: user=0.31 sys=0.00, real=0.05 secs] 
6031.683: [GC (Allocation Failure) [PSYoungGen: 483232K->108928K(518656K)] 1013592K->772432K(1916928K), 0.0640494 secs] [Times: user=0.37 sys=0.00, real=0.06 secs] 
6033.038: [GC (Allocation Failure) [PSYoungGen: 450944K->142176K(519168K)] 1114448K->910517K(1917440K), 0.0525135 secs] [Times: user=0.31 sys=0.00, real=0.06 secs] 
6034.521: [GC (Allocation Failure) [PSYoungGen: 484192K->105088K(520192K)] 1252533K->1006473K(1918464K), 0.0642930 secs] [Times: user=0.37 sys=0.01, real=0.06 secs] 
6035.722: [GC (Allocation Failure) [PSYoungGen: 449131K->143968K(488448K)] 1350516K->1146718K(1886720K), 0.0521102 secs] [Times: user=0.30 sys=0.01, real=0.05 secs] 
6037.108: [GC (Allocation Failure) [PSYoungGen: 488032K->108384K(522240K)] 1490782K->1245930K(1920512K), 0.0652467 secs] [Times: user=0.39 sys=0.00, real=0.07 secs] 
6039.237: [GC (Allocation Failure) [PSYoungGen: 451936K->142176K(520192K)] 1589482K->1383935K(1918464K), 0.0524918 secs] [Times: user=0.31 sys=0.01, real=0.06 secs] 
6039.289: [Full GC (Ergonomics) [PSYoungGen: 142176K->0K(520192K)] [ParOldGen: 1241759K->183017K(1398272K)] 1383935K->183017K(1918464K), [Metaspace: 59673K->59673K(1105920K)], 0.4475241 secs] [Times: user=2.03 sys=0.00, real=0.44 secs] 
6041.052: [GC (GCLocker Initiated GC) [PSYoungGen: 343552K->105568K(520192K)] 526569K->288585K(1918464K), 0.0336501 secs] [Times: user=0.19 sys=0.01, real=0.03 secs] 
6043.046: [GC (Allocation Failure) [PSYoungGen: 450144K->140896K(520704K)] 633164K->425267K(1918976K), 0.0512869 secs] [Times: user=0.30 sys=0.00, real=0.05 secs] 
6044.569: [GC (Allocation Failure) [PSYoungGen: 485472K->108928K(519680K)] 769843K->524779K(1917952K), 0.0825516 secs] [Times: user=0.49 sys=0.00, real=0.08 secs] 
6046.106: [GC (Allocation Failure) [PSYoungGen: 454528K->142816K(520704K)] 870379K->665160K(1918976K), 0.0524034 secs] [Times: user=0.31 sys=0.00, real=0.05 secs] 
6047.620: [GC (Allocation Failure) [PSYoungGen: 488416K->108448K(521216K)] 1010760K->764848K(1919488K), 0.0965772 secs] [Times: user=0.57 sys=0.01, real=0.09 secs] 
6048.826: [GC (Allocation Failure) [PSYoungGen: 455584K->145440K(493056K)] 1111984K->906365K(1891328K), 0.0529952 secs] [Times: user=0.31 sys=0.01, real=0.05 secs] 
6050.236: [GC (Allocation Failure) [PSYoungGen: 492576K->109088K(523264K)] 1253501K->1006653K(1921536K), 0.0662123 secs] [Times: user=0.39 sys=0.00, real=0.07 secs] 
6051.870: [GC (Allocation Failure) [PSYoungGen: 454688K->143680K(521216K)] 1352253K->1146313K(1919488K), 0.0531019 secs] [Times: user=0.31 sys=0.00, real=0.05 secs] 
6053.257: [GC (Allocation Failure) [PSYoungGen: 489280K->110016K(520704K)] 1491913K->1247069K(1918976K), 0.0658812 secs] [Times: user=0.38 sys=0.00, real=0.07 secs] 
6055.234: [GC (Allocation Failure) [PSYoungGen: 456128K->151232K(497664K)] 1593181K->1394218K(1895936K), 0.0536781 secs] [Times: user=0.31 sys=0.00, real=0.05 secs] 
6055.287: [Full GC (Ergonomics) [PSYoungGen: 151232K->0K(497664K)] [ParOldGen: 1242986K->185324K(1398272K)] 1394218K->185324K(1895936K), [Metaspace: 59673K->59673K(1105920K)], 0.4489904 secs] [Times: user=2.10 sys=0.00, real=0.45 secs] 
6057.364: [GC (Allocation Failure) [PSYoungGen: 346112K->106048K(520704K)] 531436K->291373K(1918976K), 0.0553905 secs] [Times: user=0.32 sys=0.00, real=0.06 secs] 
6059.233: [GC (Allocation Failure) [PSYoungGen: 447040K->142656K(519168K)] 632365K->429537K(1917440K), 0.0512224 secs] [Times: user=0.30 sys=0.00, real=0.05 secs] 
6060.842: [GC (Allocation Failure) [PSYoungGen: 483648K->105088K(519680K)] 770529K->525829K(1917952K), 0.0638745 secs] [Times: user=0.37 sys=0.00, real=0.06 secs] 
6062.221: [GC (Allocation Failure) [PSYoungGen: 446592K->142016K(519680K)] 867333K->663738K(1917952K), 0.0513464 secs] [Times: user=0.30 sys=0.00, real=0.05 secs] 
6063.654: [GC (Allocation Failure) [PSYoungGen: 483520K->107008K(517632K)] 1005242K->761454K(1915904K), 0.0641844 secs] [Times: user=0.38 sys=0.00, real=0.06 secs] 
6064.525: [GC (Allocation Failure) [PSYoungGen: 448512K->141600K(518656K)] 1102958K->900271K(1916928K), 0.0521477 secs] [Times: user=0.31 sys=0.00, real=0.05 secs] 
6065.957: [GC (Allocation Failure) [PSYoungGen: 483104K->107424K(518656K)] 1241775K->998663K(1916928K), 0.0647920 secs] [Times: user=0.38 sys=0.00, real=0.07 secs] 
6067.471: [GC (Allocation Failure) [PSYoungGen: 450976K->141408K(519680K)] 1342215K->1136700K(1917952K), 0.0531883 secs] [Times: user=0.32 sys=0.00, real=0.05 secs] 
6068.921: [GC (Allocation Failure) [PSYoungGen: 484960K->111968K(518656K)] 1480252K->1238932K(1916928K), 0.0658628 secs] [Times: user=0.39 sys=0.00, real=0.06 secs] 
6070.254: [GC (Allocation Failure) [PSYoungGen: 457568K->140672K(520192K)] 1584532K->1376625K(1918464K), 0.0540307 secs] [Times: user=0.32 sys=0.00, real=0.05 secs] 
6070.308: [Full GC (Ergonomics) [PSYoungGen: 140672K->0K(520192K)] [ParOldGen: 1235953K->175405K(1398272K)] 1376625K->175405K(1918464K), [Metaspace: 59673K->59673K(1105920K)], 0.4135514 secs] [Times: user=1.83 sys=0.00, real=0.42 secs] 
6072.067: [GC (Allocation Failure) [PSYoungGen: 345600K->110848K(521216K)] 521005K->286253K(1919488K), 0.0351436 secs] [Times: user=0.20 sys=0.01, real=0.04 secs] 
6073.406: [GC (Allocation Failure) [PSYoungGen: 459520K->143200K(522240K)] 634925K->426334K(1920512K), 0.0542760 secs] [Times: user=0.32 sys=0.00, real=0.06 secs] 
6074.890: [GC (Allocation Failure) [PSYoungGen: 491872K->111872K(522752K)] 775006K->528870K(1921024K), 0.0646925 secs] [Times: user=0.38 sys=0.00, real=0.06 secs] 
6076.766: [GC (Allocation Failure) [PSYoungGen: 462080K->153760K(504320K)] 879078K->678979K(1902592K), 0.0542876 secs] [Times: user=0.32 sys=0.00, real=0.06 secs] 
6078.241: [GC (GCLocker Initiated GC) [PSYoungGen: 503968K->111520K(522240K)] 1029188K->772452K(1920512K), 0.0659322 secs] [Times: user=0.39 sys=0.00, real=0.06 secs] 
6079.797: [GC (Allocation Failure) [PSYoungGen: 455072K->141184K(520192K)] 1116007K->909394K(1918464K), 0.0529120 secs] [Times: user=0.31 sys=0.00, real=0.06 secs] 
6081.215: [GC (GCLocker Initiated GC) [PSYoungGen: 484736K->109120K(519680K)] 1252946K->1009118K(1917952K), 0.0644828 secs] [Times: user=0.38 sys=0.00, real=0.07 secs] 
6082.787: [GC (Allocation Failure) [PSYoungGen: 454208K->144128K(520192K)] 1354209K->1148738K(1918464K), 0.0529397 secs] [Times: user=0.31 sys=0.00, real=0.06 secs] 
6084.189: [GC (Allocation Failure) [PSYoungGen: 489216K->111360K(521728K)] 1493826K->1250434K(1920000K), 0.0653141 secs] [Times: user=0.38 sys=0.00, real=0.06 secs] 
6086.252: [GC (GCLocker Initiated GC) [PSYoungGen: 457984K->141472K(521728K)] 1597058K->1387779K(1920000K), 0.0534415 secs] [Times: user=0.31 sys=0.00, real=0.05 secs] 
6086.305: [Full GC (Ergonomics) [PSYoungGen: 141472K->0K(521728K)] [ParOldGen: 1246307K->185780K(1398272K)] 1387779K->185780K(1920000K), [Metaspace: 59673K->59673K(1105920K)], 0.4518144 secs] [Times: user=2.11 sys=0.00, real=0.45 secs] 
6088.245: [GC (Allocation Failure) [PSYoungGen: 346624K->109856K(521216K)] 532407K->295639K(1919488K), 0.0449032 secs] [Times: user=0.27 sys=0.00, real=0.05 secs] 
6090.472: [GC (Allocation Failure) [PSYoungGen: 458016K->143360K(522240K)] 643799K->434808K(1920512K), 0.0515779 secs] [Times: user=0.30 sys=0.00, real=0.05 secs] 
6091.983: [GC (Allocation Failure) [PSYoungGen: 491520K->109344K(523264K)] 782968K->534992K(1921536K), 0.0919975 secs] [Times: user=0.54 sys=0.00, real=0.09 secs] 
6093.420: [GC (Allocation Failure) [PSYoungGen: 458528K->146656K(496128K)] 884176K->677596K(1894400K), 0.0530471 secs] [Times: user=0.31 sys=0.00, real=0.05 secs] 
6094.935: [GC (Allocation Failure) [PSYoungGen: 495840K->109824K(523776K)] 1026780K->778516K(1922048K), 0.0718636 secs] [Times: user=0.43 sys=0.00, real=0.07 secs] 
6096.209: [GC (Allocation Failure) [PSYoungGen: 454873K->144992K(521728K)] 1123566K->919217K(1920000K), 0.0524993 secs] [Times: user=0.31 sys=0.00, real=0.05 secs] 
6097.710: [GC (Allocation Failure) [PSYoungGen: 491616K->110176K(522240K)] 1265843K->1020595K(1920512K), 0.0671182 secs] [Times: user=0.39 sys=0.00, real=0.06 secs] 
6098.696: [GC (Allocation Failure) [PSYoungGen: 447088K->141088K(521728K)] 1357508K->1157068K(1920000K), 0.0526984 secs] [Times: user=0.31 sys=0.00, real=0.06 secs] 
6100.158: [GC (Allocation Failure) [PSYoungGen: 487200K->107936K(520704K)] 1503180K->1256348K(1918976K), 0.0660105 secs] [Times: user=0.39 sys=0.00, real=0.07 secs] 
6101.038: [GC (Allocation Failure) [PSYoungGen: 450119K->143680K(521728K)] 1598532K->1395477K(1920000K), 0.0526872 secs] [Times: user=0.31 sys=0.00, real=0.06 secs] 
6101.091: [Full GC (Ergonomics) [PSYoungGen: 143680K->0K(521728K)] [ParOldGen: 1251797K->195753K(1398272K)] 1395477K->195753K(1920000K), [Metaspace: 59673K->59673K(1105920K)], 0.4735075 secs] [Times: user=2.13 sys=0.00, real=0.47 secs] 
6103.503: [GC (Allocation Failure) [PSYoungGen: 347136K->106592K(523264K)] 542889K->302345K(1921536K), 0.0698782 secs] [Times: user=0.41 sys=0.00, real=0.07 secs] 
6104.424: [GC (Allocation Failure) [PSYoungGen: 451759K->144832K(492544K)] 647512K->442733K(1890816K), 0.0504488 secs] [Times: user=0.29 sys=0.00, real=0.05 secs] 
6106.424: [GC (Allocation Failure) [PSYoungGen: 492480K->105856K(522752K)] 790381K->539805K(1921024K), 0.1253751 secs] [Times: user=0.74 sys=0.00, real=0.13 secs] 
6107.641: [GC (Allocation Failure) [PSYoungGen: 451456K->145408K(491520K)] 885405K->680770K(1889792K), 0.0507196 secs] [Times: user=0.30 sys=0.00, real=0.05 secs] 
6109.302: [GC (Allocation Failure) [PSYoungGen: 491008K->107744K(522240K)] 1026370K->779738K(1920512K), 0.0943048 secs] [Times: user=0.55 sys=0.00, real=0.09 secs] 
6110.028: [GC (Allocation Failure) [PSYoungGen: 451808K->143232K(520704K)] 1123802K->918823K(1918976K), 0.0510801 secs] [Times: user=0.30 sys=0.00, real=0.06 secs] 
6111.771: [GC (Allocation Failure) [PSYoungGen: 487296K->105984K(520704K)] 1262887K->1016071K(1918976K), 0.0953045 secs] [Times: user=0.56 sys=0.00, real=0.09 secs] 
6112.828: [GC (Allocation Failure) [PSYoungGen: 450048K->145216K(489472K)] 1360135K->1156016K(1887744K), 0.0507380 secs] [Times: user=0.29 sys=0.00, real=0.06 secs] 
6114.417: [GC (Allocation Failure) [PSYoungGen: 489280K->108864K(521728K)] 1500080K->1256016K(1920000K), 0.0952048 secs] [Times: user=0.56 sys=0.01, real=0.10 secs] 
6115.513: [GC (Allocation Failure) [PSYoungGen: 451392K->142880K(519680K)] 1598544K->1394605K(1917952K), 0.0533214 secs] [Times: user=0.31 sys=0.00, real=0.05 secs] 
6115.567: [Full GC (Ergonomics) [PSYoungGen: 142880K->0K(519680K)] [ParOldGen: 1251725K->194654K(1398272K)] 1394605K->194654K(1917952K), [Metaspace: 59673K->59673K(1105920K)], 0.4689722 secs] [Times: user=2.18 sys=0.00, real=0.47 secs] 
6117.706: [GC (Allocation Failure) [PSYoungGen: 342528K->105504K(519680K)] 537182K->300158K(1917952K), 0.0400411 secs] [Times: user=0.23 sys=0.00, real=0.04 secs] 
6118.805: [GC (Allocation Failure) [PSYoungGen: 449056K->144992K(488960K)] 643710K->440587K(1887232K), 0.0502663 secs] [Times: user=0.29 sys=0.00, real=0.05 secs] 
6120.336: [GC (Allocation Failure) [PSYoungGen: 488544K->104576K(521216K)] 784139K->536335K(1919488K), 0.0740015 secs] [Times: user=0.44 sys=0.00, real=0.08 secs] 
6122.160: [GC (Allocation Failure) [PSYoungGen: 446592K->142272K(519680K)] 878351K->674276K(1917952K), 0.0502673 secs] [Times: user=0.30 sys=0.00, real=0.05 secs] 
6123.547: [GC (GCLocker Initiated GC) [PSYoungGen: 484288K->106560K(518656K)] 1016292K->771828K(1916928K), 0.0647545 secs] [Times: user=0.38 sys=0.01, real=0.07 secs] 
6124.972: [GC (Allocation Failure) [PSYoungGen: 448576K->148960K(491008K)] 1113883K->916684K(1889280K), 0.0521799 secs] [Times: user=0.31 sys=0.00, real=0.05 secs] 
6126.447: [GC (Allocation Failure) [PSYoungGen: 490976K->108416K(520192K)] 1258700K->1007416K(1918464K), 0.0643692 secs] [Times: user=0.38 sys=0.00, real=0.07 secs] 
6127.648: [GC (Allocation Failure) [PSYoungGen: 447872K->140512K(518144K)] 1346872K->1143569K(1916416K), 0.0527994 secs] [Times: user=0.31 sys=0.00, real=0.06 secs] 
6129.053: [GC (Allocation Failure) [PSYoungGen: 479968K->108960K(516608K)] 1483025K->1242829K(1914880K), 0.0652836 secs] [Times: user=0.38 sys=0.00, real=0.07 secs] 
6130.213: [GC (Allocation Failure) [PSYoungGen: 449952K->140416K(517632K)] 1583821K->1379385K(1915904K), 0.0533101 secs] [Times: user=0.31 sys=0.01, real=0.05 secs] 
6130.267: [Full GC (Ergonomics) [PSYoungGen: 140416K->0K(517632K)] [ParOldGen: 1238969K->178914K(1398272K)] 1379385K->178914K(1915904K), [Metaspace: 59673K->59673K(1105920K)], 0.4316299 secs] [Times: user=2.02 sys=0.00, real=0.43 secs] 
6131.968: [GC (Allocation Failure) [PSYoungGen: 340992K->109248K(518144K)] 519906K->288162K(1916416K), 0.0343615 secs] [Times: user=0.20 sys=0.00, real=0.04 secs] 
6132.840: [GC (Allocation Failure) [PSYoungGen: 453824K->142944K(519680K)] 632738K->427135K(1917952K), 0.0530483 secs] [Times: user=0.32 sys=0.00, real=0.05 secs] 
6134.327: [GC (Allocation Failure) [PSYoungGen: 487520K->108896K(521728K)] 771711K->526575K(1920000K), 0.0644380 secs] [Times: user=0.38 sys=0.00, real=0.07 secs] 
6135.161: [GC (Allocation Failure) [PSYoungGen: 455520K->155808K(502784K)] 873199K->678244K(1901056K), 0.0541249 secs] [Times: user=0.32 sys=0.00, real=0.05 secs] 
6136.543: [GC (Allocation Failure) [PSYoungGen: 502432K->107360K(519168K)] 1024868K->768492K(1917440K), 0.0663500 secs] [Times: user=0.40 sys=0.00, real=0.07 secs] 
6138.523: [GC (Allocation Failure) [PSYoungGen: 445280K->141056K(517632K)] 1106412K->905561K(1915904K), 0.0524362 secs] [Times: user=0.30 sys=0.00, real=0.05 secs] 
6139.937: [GC (Allocation Failure) [PSYoungGen: 478976K->103968K(518144K)] 1243486K->1000606K(1916416K), 0.0649722 secs] [Times: user=0.38 sys=0.01, real=0.07 secs] 
6141.196: [GC (Allocation Failure) [PSYoungGen: 442912K->139456K(517632K)] 1339550K->1136913K(1915904K), 0.0519940 secs] [Times: user=0.31 sys=0.00, real=0.05 secs] 
6142.640: [GC (GCLocker Initiated GC) [PSYoungGen: 478400K->107232K(516608K)] 1475857K->1234981K(1914880K), 0.0655173 secs] [Times: user=0.38 sys=0.00, real=0.06 secs] 
6144.113: [GC (Allocation Failure) [PSYoungGen: 448736K->139136K(518144K)] 1576488K->1371277K(1916416K), 0.0538879 secs] [Times: user=0.32 sys=0.00, real=0.05 secs] 
6145.527: [GC (GCLocker Initiated GC) [PSYoungGen: 480640K->110336K(517632K)] 1712781K->1471813K(1915904K), 0.0693569 secs] [Times: user=0.41 sys=0.01, real=0.07 secs] 
6145.596: [Full GC (Ergonomics) [PSYoungGen: 110336K->0K(517632K)] [ParOldGen: 1361477K->32755K(1398272K)] 1471813K->32755K(1915904K), [Metaspace: 59673K->59673K(1105920K)], 0.0627936 secs] [Times: user=0.22 sys=0.00, real=0.07 secs] 
6146.390: [GC (Allocation Failure) [PSYoungGen: 345088K->140672K(519680K)] 377850K->173434K(1917952K), 0.0286914 secs] [Times: user=0.16 sys=0.01, real=0.03 secs] 
6147.869: [GC (Allocation Failure) [PSYoungGen: 485760K->112640K(520192K)] 518522K->275858K(1918464K), 0.0638194 secs] [Times: user=0.38 sys=0.00, real=0.06 secs] 
6148.792: [GC (Allocation Failure) [PSYoungGen: 461312K->146752K(521728K)] 624530K->419799K(1920000K), 0.0539535 secs] [Times: user=0.32 sys=0.00, real=0.05 secs] 
6150.283: [GC (Allocation Failure) [PSYoungGen: 494532K->108544K(524288K)] 767580K->519415K(1922560K), 0.0643853 secs] [Times: user=0.38 sys=0.00, real=0.06 secs] 
6152.280: [GC (Allocation Failure) [PSYoungGen: 456704K->143648K(492032K)] 867575K->659980K(1890304K), 0.0526120 secs] [Times: user=0.31 sys=0.00, real=0.05 secs] 
6153.706: [GC (GCLocker Initiated GC) [PSYoungGen: 491808K->108768K(524288K)] 1008141K->759725K(1922560K), 0.0652939 secs] [Times: user=0.39 sys=0.01, real=0.07 secs] 
6155.166: [GC (Allocation Failure) [PSYoungGen: 456416K->145984K(494080K)] 1107444K->901816K(1892352K), 0.0528930 secs] [Times: user=0.31 sys=0.00, real=0.06 secs] 
6156.548: [GC (Allocation Failure) [PSYoungGen: 493632K->105184K(522752K)] 1249464K->998232K(1921024K), 0.0669900 secs] [Times: user=0.39 sys=0.01, real=0.07 secs] 
6157.986: [GC (Allocation Failure) [PSYoungGen: 450784K->145728K(491520K)] 1343832K->1139501K(1889792K), 0.0531242 secs] [Times: user=0.31 sys=0.01, real=0.06 secs] 
6159.446: [GC (Allocation Failure) [PSYoungGen: 491328K->108192K(522240K)] 1485101K->1238397K(1920512K), 0.0664212 secs] [Times: user=0.39 sys=0.00, real=0.07 secs] 
6160.889: [GC (Allocation Failure) [PSYoungGen: 451744K->144096K(520192K)] 1581949K->1378674K(1918464K), 0.0530608 secs] [Times: user=0.31 sys=0.00, real=0.05 secs] 
6160.942: [Full GC (Ergonomics) [PSYoungGen: 144096K->0K(520192K)] [ParOldGen: 1234578K->183416K(1398272K)] 1378674K->183416K(1918464K), [Metaspace: 59673K->59673K(1105920K)], 0.4492617 secs] [Times: user=2.09 sys=0.00, real=0.45 secs] 
6162.709: [GC (GCLocker Initiated GC) [PSYoungGen: 343552K->106624K(520704K)] 526968K->290040K(1918976K), 0.0333087 secs] [Times: user=0.19 sys=0.01, real=0.03 secs] 
6164.279: [GC (Allocation Failure) [PSYoungGen: 449664K->141152K(520192K)] 633083K->426816K(1918464K), 0.0513255 secs] [Times: user=0.30 sys=0.00, real=0.06 secs] 
6165.675: [GC (Allocation Failure) [PSYoungGen: 484192K->108576K(518144K)] 769856K->525668K(1916416K), 0.0641948 secs] [Times: user=0.38 sys=0.00, real=0.07 secs] 
6167.220: [GC (Allocation Failure) [PSYoungGen: 452640K->141888K(519680K)] 869732K->663517K(1917952K), 0.0524989 secs] [Times: user=0.30 sys=0.00, real=0.05 secs] 
6168.688: [GC (Allocation Failure) [PSYoungGen: 485952K->109440K(520704K)] 1007583K->763695K(1918976K), 0.0830415 secs] [Times: user=0.49 sys=0.00, real=0.09 secs] 
6170.334: [GC (Allocation Failure) [PSYoungGen: 455552K->143232K(521216K)] 1109807K->902964K(1919488K), 0.0532232 secs] [Times: user=0.32 sys=0.00, real=0.05 secs] 
6171.719: [GC (Allocation Failure) [PSYoungGen: 489344K->109376K(521216K)] 1249076K->1003340K(1919488K), 0.0669186 secs] [Times: user=0.39 sys=0.01, real=0.07 secs] 
6173.194: [GC (Allocation Failure) [PSYoungGen: 456512K->152384K(499712K)] 1350476K->1151177K(1897984K), 0.0541762 secs] [Times: user=0.32 sys=0.00, real=0.05 secs] 
6174.570: [GC (GCLocker Initiated GC) [PSYoungGen: 499520K->111040K(521216K)] 1498313K->1244553K(1919488K), 0.0658510 secs] [Times: user=0.38 sys=0.00, real=0.06 secs] 
6175.089: [GC (GCLocker Initiated GC) [PSYoungGen: 452544K->142592K(519168K)] 1586061K->1382642K(1917440K), 0.0541370 secs] [Times: user=0.32 sys=0.00, real=0.05 secs] 
6175.143: [Full GC (Ergonomics) [PSYoungGen: 142592K->0K(519168K)] [ParOldGen: 1240050K->181840K(1398272K)] 1382642K->181840K(1917440K), [Metaspace: 59673K->59673K(1105920K)], 0.4462357 secs] [Times: user=2.08 sys=0.00, real=0.45 secs] 
6176.902: [GC (Allocation Failure) [PSYoungGen: 341504K->103808K(520192K)] 523346K->285650K(1918464K), 0.0334141 secs] [Times: user=0.19 sys=0.00, real=0.03 secs] 
6177.466: [GC (Allocation Failure) [PSYoungGen: 446336K->142144K(520192K)] 628178K->424811K(1918464K), 0.0513854 secs] [Times: user=0.31 sys=0.00, real=0.05 secs] 
Heap
 PSYoungGen      total 520192K, used 426340K [0x00000000d5580000, 0x0000000100000000, 0x0000000100000000)
  eden space 34252