5.479: [GC (Allocation Failure) [PSYoungGen: 128000K->12509K(148992K)] 128000K->12597K(488960K), 0.0139023 secs] [Times: user=0.03 sys=0.01, real=0.01 secs] 
5.930: [GC (Metadata GC Threshold) [PSYoungGen: 48904K->6091K(148992K)] 48992K->6187K(488960K), 0.0060610 secs] [Times: user=0.03 sys=0.00, real=0.01 secs] 
5.936: [Full GC (Metadata GC Threshold) [PSYoungGen: 6091K->0K(148992K)] [ParOldGen: 96K->5936K(183296K)] 6187K->5936K(332288K), [Metaspace: 20447K->20447K(1067008K)], 0.0265148 secs] [Times: user=0.07 sys=0.01, real=0.02 secs] 
7.116: [GC (Allocation Failure) [PSYoungGen: 128000K->9892K(148992K)] 133936K->15837K(332288K), 0.0026182 secs] [Times: user=0.01 sys=0.00, real=0.00 secs] 
7.641: [GC (Metadata GC Threshold) [PSYoungGen: 37953K->4694K(220160K)] 43898K->10646K(403456K), 0.0040501 secs] [Times: user=0.02 sys=0.00, real=0.00 secs] 
7.645: [Full GC (Metadata GC Threshold) [PSYoungGen: 4694K->0K(220160K)] [ParOldGen: 5952K->8870K(297472K)] 10646K->8870K(517632K), [Metaspace: 33726K->33726K(1079296K)], 0.0273956 secs] [Times: user=0.08 sys=0.01, real=0.03 secs] 
9.560: [GC (Allocation Failure) [PSYoungGen: 195060K->19389K(220160K)] 203930K->28267K(517632K), 0.0065762 secs] [Times: user=0.01 sys=0.01, real=0.01 secs] 
10.905: [GC (Allocation Failure) [PSYoungGen: 213082K->12998K(288768K)] 221961K->95613K(586240K), 0.0134522 secs] [Times: user=0.06 sys=0.02, real=0.02 secs] 
13.121: [GC (Allocation Failure) [PSYoungGen: 273752K->4822K(288768K)] 356366K->218509K(586240K), 0.0164238 secs] [Times: user=0.08 sys=0.02, real=0.02 secs] 
13.137: [Full GC (Ergonomics) [PSYoungGen: 4822K->0K(288768K)] [ParOldGen: 213686K->176186K(675328K)] 218509K->176186K(964096K), [Metaspace: 52378K->52378K(1097728K)], 0.1009236 secs] [Times: user=0.44 sys=0.00, real=0.10 secs] 
16.772: [GC (Allocation Failure) [PSYoungGen: 268288K->18499K(367616K)] 444474K->211077K(1042944K), 0.0063666 secs] [Times: user=0.03 sys=0.01, real=0.01 secs] 
19.989: [GC (Allocation Failure) [PSYoungGen: 367171K->1810K(391680K)] 559749K->194397K(1067008K), 0.0030199 secs] [Times: user=0.01 sys=0.01, real=0.00 secs] 
22.993: [GC (Allocation Failure) [PSYoungGen: 370450K->1778K(424448K)] 563037K->194373K(1099776K), 0.0021939 secs] [Times: user=0.01 sys=0.00, real=0.00 secs] 
25.635: [GC (Allocation Failure) [PSYoungGen: 403186K->2181K(424960K)] 595781K->194775K(1100288K), 0.0032840 secs] [Times: user=0.02 sys=0.00, real=0.01 secs] 
28.161: [GC (Allocation Failure) [PSYoungGen: 403589K->1970K(468992K)] 596183K->260109K(1144320K), 0.0076593 secs] [Times: user=0.03 sys=0.00, real=0.01 secs] 
34.506: [GC (Allocation Failure) [PSYoungGen: 447922K->18405K(468992K)] 706061K->276544K(1144320K), 0.0059639 secs] [Times: user=0.02 sys=0.01, real=0.01 secs] 
39.326: [GC (Allocation Failure) [PSYoungGen: 464357K->2018K(499200K)] 722496K->260165K(1174528K), 0.0026708 secs] [Times: user=0.02 sys=0.00, real=0.00 secs] 
45.366: [GC (Allocation Failure) [PSYoungGen: 483298K->18357K(506368K)] 741445K->276504K(1181696K), 0.0086819 secs] [Times: user=0.03 sys=0.01, real=0.00 secs] 
49.273: [GC (Allocation Failure) [PSYoungGen: 499637K->2021K(535040K)] 757784K->260176K(1210368K), 0.0035139 secs] [Times: user=0.02 sys=0.00, real=0.01 secs] 
57.924: [GC (Allocation Failure) [PSYoungGen: 515045K->1986K(539648K)] 773200K->260149K(1214976K), 0.0029936 secs] [Times: user=0.01 sys=0.00, real=0.01 secs] 
62.776: [GC (Allocation Failure) [PSYoungGen: 515010K->18418K(554496K)] 773173K->276589K(1229824K), 0.0053602 secs] [Times: user=0.03 sys=0.00, real=0.00 secs] 
67.114: [GC (Allocation Failure) [PSYoungGen: 547238K->802K(557056K)] 805409K->258981K(1232384K), 0.0017889 secs] [Times: user=0.01 sys=0.00, real=0.01 secs] 
74.188: [GC (Allocation Failure) [PSYoungGen: 529698K->2018K(516096K)] 787877K->260205K(1191424K), 0.0028545 secs] [Times: user=0.01 sys=0.00, real=0.00 secs] 
80.679: [GC (Allocation Failure) [PSYoungGen: 516066K->2018K(501760K)] 774253K->260213K(1177088K), 0.0027428 secs] [Times: user=0.01 sys=0.00, real=0.00 secs] 
83.915: [GC (Allocation Failure) [PSYoungGen: 501730K->2562K(488960K)] 759925K->260765K(1164288K), 0.0022569 secs] [Times: user=0.01 sys=0.01, real=0.01 secs] 
87.805: [GC (Allocation Failure) [PSYoungGen: 488450K->1712K(475136K)] 746653K->260291K(1150464K), 0.0030461 secs] [Times: user=0.02 sys=0.00, real=0.01 secs] 
94.301: [GC (Allocation Failure) [PSYoungGen: 474800K->9824K(471040K)] 733379K->268459K(1146368K), 0.0065154 secs] [Times: user=0.02 sys=0.00, real=0.01 secs] 
99.108: [GC (Allocation Failure) [PSYoungGen: 470624K->1616K(450560K)] 729259K->260299K(1125888K), 0.0034440 secs] [Times: user=0.01 sys=0.00, real=0.00 secs] 
104.771: [GC (Allocation Failure) [PSYoungGen: 450128K->5600K(442368K)] 708811K->264467K(1117696K), 0.0019489 secs] [Times: user=0.01 sys=0.00, real=0.00 secs] 
108.618: [GC (Allocation Failure) [PSYoungGen: 442336K->1520K(427008K)] 701203K->260435K(1102336K), 0.0037206 secs] [Times: user=0.02 sys=0.00, real=0.00 secs] 
114.356: [GC (Allocation Failure) [PSYoungGen: 426992K->1472K(416256K)] 685907K->260443K(1091584K), 0.0027635 secs] [Times: user=0.01 sys=0.00, real=0.00 secs] 
120.830: [GC (Allocation Failure) [PSYoungGen: 416192K->17904K(422400K)] 675163K->276907K(1097728K), 0.0044304 secs] [Times: user=0.02 sys=0.00, real=0.00 secs] 
125.019: [GC (Allocation Failure) [PSYoungGen: 422384K->1488K(396288K)] 681387K->260515K(1071616K), 0.0033979 secs] [Times: user=0.01 sys=0.00, real=0.00 secs] 
129.030: [GC (Allocation Failure) [PSYoungGen: 396240K->1456K(407040K)] 655267K->260515K(1082368K), 0.0022487 secs] [Times: user=0.01 sys=0.00, real=0.00 secs] 
132.994: [GC (Allocation Failure) [PSYoungGen: 386480K->5568K(381440K)] 645539K->264667K(1056768K), 0.0018699 secs] [Times: user=0.01 sys=0.00, real=0.01 secs] 
137.213: [GC (Allocation Failure) [PSYoungGen: 381376K->17856K(385024K)] 640475K->277003K(1060352K), 0.0030222 secs] [Times: user=0.01 sys=0.00, real=0.01 secs] 
141.618: [GC (Allocation Failure) [PSYoungGen: 384960K->1472K(359936K)] 644107K->260651K(1035264K), 0.0021965 secs] [Times: user=0.01 sys=0.00, real=0.00 secs] 
145.893: [GC (Allocation Failure) [PSYoungGen: 359872K->1440K(351744K)] 619051K->260627K(1027072K), 0.0028284 secs] [Times: user=0.01 sys=0.00, real=0.00 secs] 
148.736: [GC (Allocation Failure) [PSYoungGen: 351648K->1440K(344064K)] 610835K->260659K(1019392K), 0.0027506 secs] [Times: user=0.01 sys=0.00, real=0.00 secs] 
150.886: [GC (Allocation Failure) [PSYoungGen: 343968K->1456K(355328K)] 603187K->260715K(1030656K), 0.0019875 secs] [Times: user=0.00 sys=0.00, real=0.01 secs] 
152.729: [GC (Allocation Failure) [PSYoungGen: 336304K->1440K(329216K)] 595563K->260699K(1004544K), 0.0016464 secs] [Times: user=0.01 sys=0.00, real=0.00 secs] 
158.055: [GC (Allocation Failure) [PSYoungGen: 329120K->1424K(339456K)] 588379K->260715K(1014784K), 0.0014688 secs] [Times: user=0.00 sys=0.00, real=0.01 secs] 
162.715: [GC (Allocation Failure) [PSYoungGen: 321936K->368K(314368K)] 581227K->259675K(989696K), 0.0015114 secs] [Times: user=0.00 sys=0.00, real=0.01 secs] 
164.669: [GC (Allocation Failure) [PSYoungGen: 314224K->224K(324608K)] 573531K->259539K(999936K), 0.0013660 secs] [Times: user=0.01 sys=0.00, real=0.00 secs] 
166.818: [GC (GCLocker Initiated GC) [PSYoungGen: 307424K->1405K(302592K)] 566739K->260736K(977920K), 0.0014948 secs] [Times: user=0.01 sys=0.00, real=0.00 secs] 
168.259: [GC (Allocation Failure) [PSYoungGen: 302461K->1440K(296448K)] 561795K->260790K(971776K), 0.0025935 secs] [Times: user=0.01 sys=0.00, real=0.00 secs] 
169.992: [GC (Allocation Failure) [PSYoungGen: 296352K->1472K(290304K)] 555702K->260846K(965632K), 0.0022369 secs] [Times: user=0.00 sys=0.00, real=0.00 secs] 
171.886: [GC (Allocation Failure) [PSYoungGen: 290240K->1488K(296960K)] 549614K->260878K(972288K), 0.0020773 secs] [Times: user=0.01 sys=0.00, real=0.00 secs] 
173.820: [GC (Allocation Failure) [PSYoungGen: 284624K->1472K(279040K)] 544014K->260894K(954368K), 0.0019618 secs] [Times: user=0.01 sys=0.00, real=0.00 secs] 
177.819: [GC (Allocation Failure) [PSYoungGen: 278976K->1440K(273408K)] 538398K->260870K(948736K), 0.0039130 secs] [Times: user=0.01 sys=0.00, real=0.00 secs] 
180.644: [GC (Allocation Failure) [PSYoungGen: 273312K->1472K(268288K)] 532742K->260926K(943616K), 0.0018212 secs] [Times: user=0.01 sys=0.00, real=0.00 secs] 
182.382: [GC (Allocation Failure) [PSYoungGen: 268224K->9680K(271360K)] 527678K->277326K(946688K), 0.0036395 secs] [Times: user=0.01 sys=0.00, real=0.01 secs] 
184.579: [GC (Allocation Failure) [PSYoungGen: 271312K->9696K(266240K)] 538958K->277342K(941568K), 0.0021310 secs] [Times: user=0.01 sys=0.01, real=0.00 secs] 
185.824: [GC (GCLocker Initiated GC) [PSYoungGen: 266208K->1456K(253440K)] 533854K->269110K(928768K), 0.0017375 secs] [Times: user=0.00 sys=0.00, real=0.01 secs] 
187.207: [GC (Allocation Failure) [PSYoungGen: 253360K->1472K(248832K)] 521017K->269129K(924160K), 0.0023774 secs] [Times: user=0.01 sys=0.00, real=0.00 secs] 
190.175: [GC (Allocation Failure) [PSYoungGen: 248768K->1520K(244224K)] 516425K->269185K(919552K), 0.0038123 secs] [Times: user=0.02 sys=0.01, real=0.01 secs] 
193.169: [GC (Allocation Failure) [PSYoungGen: 244208K->9728K(248832K)] 511873K->285593K(924160K), 0.0047231 secs] [Times: user=0.02 sys=0.01, real=0.00 secs] 
196.726: [GC (Allocation Failure) [PSYoungGen: 248320K->5616K(240128K)] 524185K->281489K(915456K), 0.0045091 secs] [Times: user=0.02 sys=0.00, real=0.00 secs] 
198.301: [GC (Allocation Failure) [PSYoungGen: 240112K->1472K(231936K)] 515985K->277353K(907264K), 0.0034229 secs] [Times: user=0.01 sys=0.00, real=0.00 secs] 
201.182: [GC (Allocation Failure) [PSYoungGen: 231872K->1488K(227840K)] 507753K->277377K(903168K), 0.0022522 secs] [Times: user=0.01 sys=0.00, real=0.00 secs] 
203.764: [GC (Allocation Failure) [PSYoungGen: 227792K->9680K(232448K)] 503681K->293825K(907776K), 0.0082324 secs] [Times: user=0.03 sys=0.00, real=0.01 secs] 
206.596: [GC (Allocation Failure) [PSYoungGen: 232359K->1552K(221184K)] 516504K->285697K(896512K), 0.0018834 secs] [Times: user=0.00 sys=0.00, real=0.01 secs] 
210.176: [GC (Allocation Failure) [PSYoungGen: 220688K->1424K(217088K)] 504833K->285577K(892416K), 0.0037773 secs] [Times: user=0.01 sys=0.00, real=0.00 secs] 
213.542: [GC (Allocation Failure) [PSYoungGen: 216976K->9712K(221696K)] 501129K->302057K(897024K), 0.0073882 secs] [Times: user=0.03 sys=0.00, real=0.01 secs] 
215.534: [GC (Allocation Failure) [PSYoungGen: 221680K->3536K(212480K)] 514025K->295889K(887808K), 0.0044443 secs] [Times: user=0.01 sys=0.00, real=0.01 secs] 
218.278: [GC (Allocation Failure) [PSYoungGen: 211920K->1456K(206848K)] 504273K->293817K(882176K), 0.0028040 secs] [Times: user=0.01 sys=0.00, real=0.00 secs] 
220.768: [GC (Allocation Failure) [PSYoungGen: 206768K->9696K(214528K)] 499129K->310273K(889856K), 0.0066400 secs] [Times: user=0.03 sys=0.00, real=0.00 secs] 
222.609: [GC (Allocation Failure) [PSYoungGen: 211936K->2480K(201728K)] 512513K->303065K(877056K), 0.0021244 secs] [Times: user=0.00 sys=0.00, real=0.00 secs] 
223.792: [GC (Allocation Failure) [PSYoungGen: 201648K->1440K(205824K)] 502233K->302033K(881152K), 0.0021603 secs] [Times: user=0.01 sys=0.00, real=0.00 secs] 
226.044: [GC (Allocation Failure) [PSYoungGen: 197536K->9664K(202752K)] 498129K->318497K(878080K), 0.0033798 secs] [Times: user=0.02 sys=0.01, real=0.01 secs] 
227.715: [GC (Allocation Failure) [PSYoungGen: 202688K->1392K(200192K)] 511521K->310233K(875520K), 0.0023151 secs] [Times: user=0.01 sys=0.00, real=0.01 secs] 
230.410: [GC (Allocation Failure) [PSYoungGen: 191344K->1408K(188928K)] 500185K->310257K(864256K), 0.0029898 secs] [Times: user=0.01 sys=0.00, real=0.00 secs] 
233.503: [GC (Allocation Failure) [PSYoungGen: 188177K->5584K(195584K)] 497026K->314433K(870912K), 0.0021887 secs] [Times: user=0.01 sys=0.00, real=0.00 secs] 
236.043: [GC (Allocation Failure) [PSYoungGen: 190416K->1376K(183808K)] 499265K->310225K(859136K), 0.0030227 secs] [Times: user=0.01 sys=0.00, real=0.00 secs] 
238.917: [GC (Allocation Failure) [PSYoungGen: 183648K->9648K(192000K)] 492497K->326689K(867328K), 0.0058479 secs] [Times: user=0.02 sys=0.00, real=0.00 secs] 
240.967: [GC (Allocation Failure) [PSYoungGen: 189360K->1376K(178688K)] 506401K->318425K(854016K), 0.0034412 secs] [Times: user=0.01 sys=0.00, real=0.00 secs] 
242.332: [GC (Allocation Failure) [PSYoungGen: 178528K->1440K(184832K)] 495577K->318505K(860160K), 0.0018123 secs] [Times: user=0.01 sys=0.00, real=0.00 secs] 
243.363: [GC (Allocation Failure) [PSYoungGen: 176032K->1405K(173568K)] 493097K->318478K(848896K), 0.0015182 secs] [Times: user=0.01 sys=0.00, real=0.00 secs] 
245.792: [GC (Allocation Failure) [PSYoungGen: 173437K->1408K(178688K)] 490510K->318481K(854016K), 0.0025651 secs] [Times: user=0.01 sys=0.00, real=0.00 secs] 
248.653: [GC (Allocation Failure) [PSYoungGen: 168955K->2448K(169984K)] 486029K->319529K(845312K), 0.0024182 secs] [Times: user=0.01 sys=0.00, real=0.00 secs] 
249.948: [GC (Allocation Failure) [PSYoungGen: 169872K->1408K(173568K)] 486953K->318489K(848896K), 0.0023811 secs] [Times: user=0.01 sys=0.00, real=0.00 secs] 
251.664: [GC (Allocation Failure) [PSYoungGen: 163528K->5520K(168960K)] 480610K->322601K(844288K), 0.0021482 secs] [Times: user=0.01 sys=0.00, real=0.01 secs] 
252.864: [GC (Allocation Failure) [PSYoungGen: 168848K->1408K(169472K)] 485929K->318497K(844800K), 0.0018282 secs] [Times: user=0.01 sys=0.00, real=0.01 secs] 
255.108: [GC (Allocation Failure) [PSYoungGen: 162688K->9680K(168960K)] 479777K->326769K(844288K), 0.0021398 secs] [Times: user=0.01 sys=0.00, real=0.00 secs] 
256.609: [GC (Allocation Failure) [PSYoungGen: 168912K->1376K(166400K)] 486001K->318481K(841728K), 0.0038819 secs] [Times: user=0.01 sys=0.00, real=0.00 secs] 
258.516: [GC (Allocation Failure) [PSYoungGen: 158560K->9664K(164864K)] 475665K->326769K(840192K), 0.0021402 secs] [Times: user=0.01 sys=0.00, real=0.00 secs] 
259.758: [GC (Allocation Failure) [PSYoungGen: 164800K->1408K(163328K)] 481905K->318513K(838656K), 0.0020301 secs] [Times: user=0.01 sys=0.00, real=0.00 secs] 
261.446: [GC (Allocation Failure) [PSYoungGen: 154496K->9632K(160768K)] 471601K->326737K(836096K), 0.0027147 secs] [Times: user=0.01 sys=0.00, real=0.00 secs] 
263.284: [GC (Allocation Failure) [PSYoungGen: 160672K->1328K(160256K)] 477777K->318433K(835584K), 0.0042694 secs] [Times: user=0.02 sys=0.00, real=0.01 secs] 
265.479: [GC (Allocation Failure) [PSYoungGen: 150320K->3488K(151040K)] 467425K->320601K(826368K), 0.0030978 secs] [Times: user=0.01 sys=0.00, real=0.00 secs] 
267.220: [GC (Allocation Failure) [PSYoungGen: 150944K->1408K(157184K)] 468057K->318521K(832512K), 0.0034384 secs] [Times: user=0.01 sys=0.00, real=0.00 secs] 
269.058: [GC (Allocation Failure) [PSYoungGen: 147328K->1952K(146432K)] 464441K->319081K(821760K), 0.0017059 secs] [Times: user=0.00 sys=0.00, real=0.00 secs] 
270.483: [GC (Allocation Failure) [PSYoungGen: 146336K->1408K(152576K)] 463465K->318545K(827904K), 0.0024316 secs] [Times: user=0.01 sys=0.00, real=0.00 secs] 
272.245: [GC (Allocation Failure) [PSYoungGen: 144256K->1376K(142848K)] 461393K->318513K(818176K), 0.0036401 secs] [Times: user=0.01 sys=0.00, real=0.01 secs] 
273.550: [GC (Allocation Failure) [PSYoungGen: 142688K->9632K(151040K)] 459825K->334977K(826368K), 0.0031406 secs] [Times: user=0.02 sys=0.00, real=0.00 secs] 
274.583: [GC (Allocation Failure) [PSYoungGen: 149408K->1408K(139776K)] 474753K->326761K(815104K), 0.0019353 secs] [Times: user=0.00 sys=0.00, real=0.00 secs] 
276.176: [GC (Allocation Failure) [PSYoungGen: 139648K->9664K(148992K)] 465001K->343209K(824320K), 0.0049263 secs] [Times: user=0.02 sys=0.00, real=0.01 secs] 
277.272: [GC (Allocation Failure) [PSYoungGen: 146368K->1408K(136704K)] 479913K->334953K(812032K), 0.0032386 secs] [Times: user=0.02 sys=0.00, real=0.00 secs] 
278.858: [GC (Allocation Failure) [PSYoungGen: 136576K->9664K(146944K)] 470121K->343217K(822272K), 0.0020297 secs] [Times: user=0.01 sys=0.00, real=0.00 secs] 
280.070: [GC (Allocation Failure) [PSYoungGen: 143296K->1408K(133632K)] 476849K->334961K(808960K), 0.0024395 secs] [Times: user=0.01 sys=0.00, real=0.00 secs] 
281.355: [GC (Allocation Failure) [PSYoungGen: 133504K->1357K(141824K)] 467057K->334919K(817152K), 0.0014982 secs] [Times: user=0.01 sys=0.00, real=0.01 secs] 
282.797: [GC (Allocation Failure) [PSYoungGen: 131917K->1440K(130560K)] 465479K->335001K(805888K), 0.0025533 secs] [Times: user=0.01 sys=0.00, real=0.00 secs] 
284.422: [GC (Allocation Failure) [PSYoungGen: 130464K->1408K(137728K)] 464025K->334969K(813056K), 0.0030874 secs] [Times: user=0.01 sys=0.00, real=0.00 secs] 
286.136: [GC (Allocation Failure) [PSYoungGen: 123848K->9648K(138752K)] 457410K->343217K(814080K), 0.0022384 secs] [Times: user=0.00 sys=0.00, real=0.00 secs] 
286.628: [GC (Allocation Failure) [PSYoungGen: 136112K->1392K(137216K)] 469681K->334961K(812544K), 0.0020572 secs] [Times: user=0.01 sys=0.00, real=0.00 secs] 
287.962: [GC (Allocation Failure) [PSYoungGen: 126832K->1552K(126464K)] 460401K->335121K(801792K), 0.0022756 secs] [Times: user=0.01 sys=0.00, real=0.00 secs] 
288.950: [GC (Allocation Failure) [PSYoungGen: 125968K->1408K(134144K)] 459537K->334993K(809472K), 0.0020607 secs] [Times: user=0.01 sys=0.00, real=0.00 secs] 
289.884: [GC (Allocation Failure) [PSYoungGen: 124800K->1408K(123904K)] 458385K->334993K(799232K), 0.0021706 secs] [Times: user=0.01 sys=0.00, real=0.00 secs] 
291.382: [GC (Allocation Failure) [PSYoungGen: 123776K->9632K(132608K)] 457361K->343217K(807936K), 0.0023233 secs] [Times: user=0.01 sys=0.00, real=0.00 secs] 
292.182: [GC (Allocation Failure) [PSYoungGen: 130464K->1392K(121344K)] 464049K->334985K(796672K), 0.0022182 secs] [Times: user=0.01 sys=0.00, real=0.00 secs] 
293.332: [GC (Allocation Failure) [PSYoungGen: 121200K->1421K(129536K)] 454793K->335015K(804864K), 0.0020570 secs] [Times: user=0.01 sys=0.00, real=0.00 secs] 
294.124: [GC (Allocation Failure) [PSYoungGen: 120205K->9632K(130048K)] 453799K->351425K(805376K), 0.0032715 secs] [Times: user=0.01 sys=0.00, real=0.01 secs] 
294.986: [GC (Allocation Failure) [PSYoungGen: 127392K->1376K(128512K)] 469185K->343169K(803840K), 0.0018628 secs] [Times: user=0.01 sys=0.00, real=0.01 secs] 
296.290: [GC (Allocation Failure) [PSYoungGen: 118112K->5536K(121344K)] 459905K->347337K(796672K), 0.0021776 secs] [Times: user=0.01 sys=0.00, real=0.00 secs] 
296.790: [GC (Allocation Failure) [PSYoungGen: 121248K->1376K(125440K)] 463049K->343177K(800768K), 0.0021261 secs] [Times: user=0.01 sys=0.00, real=0.00 secs] 
297.673: [GC (Allocation Failure) [PSYoungGen: 116064K->1408K(115200K)] 457865K->343209K(790528K), 0.0022770 secs] [Times: user=0.01 sys=0.00, real=0.00 secs] 
299.373: [GC (Allocation Failure) [PSYoungGen: 115072K->9632K(124928K)] 456873K->351441K(800256K), 0.0035084 secs] [Times: user=0.01 sys=0.00, real=0.01 secs] 
300.318: [GC (Allocation Failure) [PSYoungGen: 122272K->1408K(113152K)] 464081K->343225K(788480K), 0.0025100 secs] [Times: user=0.00 sys=0.00, real=0.00 secs] 
301.734: [GC (Allocation Failure) [PSYoungGen: 113024K->1424K(121344K)] 454841K->343249K(796672K), 0.0044308 secs] [Times: user=0.02 sys=0.00, real=0.01 secs] 
303.711: [GC (Allocation Failure) [PSYoungGen: 112016K->9664K(121856K)] 453841K->359681K(797184K), 0.0069526 secs] [Times: user=0.03 sys=0.00, real=0.01 secs] 
304.704: [GC (Allocation Failure) [PSYoungGen: 119232K->1392K(120320K)] 469249K->351417K(795648K), 0.0033753 secs] [Times: user=0.01 sys=0.00, real=0.01 secs] 
305.697: [GC (Allocation Failure) [PSYoungGen: 109936K->1392K(109056K)] 459961K->351417K(784384K), 0.0029735 secs] [Times: user=0.01 sys=0.00, real=0.00 secs] 
307.056: [GC (Allocation Failure) [PSYoungGen: 108912K->9664K(118784K)] 458937K->367881K(794112K), 0.0037754 secs] [Times: user=0.01 sys=0.00, real=0.00 secs] 
308.348: [GC (Allocation Failure) [PSYoungGen: 115648K->1408K(106496K)] 473865K->359625K(781824K), 0.0041307 secs] [Times: user=0.01 sys=0.00, real=0.00 secs] 
310.023: [GC (Allocation Failure) [PSYoungGen: 106368K->1424K(115712K)] 464585K->359649K(791040K), 0.0015794 secs] [Times: user=0.00 sys=0.00, real=0.00 secs] 
311.184: [GC (Allocation Failure) [PSYoungGen: 105360K->9664K(116224K)] 463585K->376089K(791552K), 0.0036381 secs] [Times: user=0.02 sys=0.00, real=0.01 secs] 
312.293: [GC (Allocation Failure) [PSYoungGen: 112576K->1440K(114176K)] 479001K->367865K(789504K), 0.0029871 secs] [Times: user=0.01 sys=0.00, real=0.01 secs] 
313.203: [GC (Allocation Failure) [PSYoungGen: 103328K->1405K(102400K)] 469753K->367831K(777728K), 0.0022483 secs] [Times: user=0.01 sys=0.00, real=0.00 secs] 
314.020: [GC (Allocation Failure) [PSYoungGen: 102269K->9664K(112640K)] 468695K->384281K(787968K), 0.0029430 secs] [Times: user=0.01 sys=0.00, real=0.00 secs] 
314.643: [GC (Allocation Failure) [PSYoungGen: 108992K->1424K(100352K)] 483609K->376041K(775680K), 0.0018063 secs] [Times: user=0.00 sys=0.00, real=0.00 secs] 
315.395: [GC (Allocation Failure) [PSYoungGen: 100240K->1408K(111104K)] 474857K->376025K(786432K), 0.0031538 secs] [Times: user=0.01 sys=0.00, real=0.01 secs] 
316.506: [GC (Allocation Failure) [PSYoungGen: 95649K->9648K(111616K)] 470267K->384265K(786944K), 0.0028272 secs] [Times: user=0.01 sys=0.00, real=0.00 secs] 
317.228: [GC (Allocation Failure) [PSYoungGen: 107440K->1376K(110592K)] 482057K->375993K(785920K), 0.0026892 secs] [Times: user=0.01 sys=0.00, real=0.00 secs] 
318.063: [GC (Allocation Failure) [PSYoungGen: 98656K->1408K(98304K)] 473273K->376025K(773632K), 0.0024605 secs] [Times: user=0.01 sys=0.00, real=0.01 secs] 
319.504: [GC (Allocation Failure) [PSYoungGen: 98176K->9632K(109568K)] 472793K->384273K(784896K), 0.0035234 secs] [Times: user=0.01 sys=0.00, real=0.01 secs] 
320.190: [GC (Allocation Failure) [PSYoungGen: 105376K->1376K(96768K)] 480017K->376017K(772096K), 0.0027782 secs] [Times: user=0.02 sys=0.00, real=0.00 secs] 
320.995: [GC (Allocation Failure) [PSYoungGen: 96608K->1408K(107520K)] 471249K->376049K(782848K), 0.0029388 secs] [Times: user=0.01 sys=0.00, real=0.01 secs] 
322.835: [GC (Allocation Failure) [PSYoungGen: 96128K->2464K(96768K)] 470769K->377113K(772096K), 0.0021201 secs] [Times: user=0.00 sys=0.01, real=0.01 secs] 
323.519: [GC (Allocation Failure) [PSYoungGen: 96672K->9632K(106496K)] 471321K->392473K(781824K), 0.0030424 secs] [Times: user=0.02 sys=0.00, real=0.00 secs] 
324.361: [GC (Allocation Failure) [PSYoungGen: 102816K->1408K(94208K)] 485657K->384249K(769536K), 0.0020819 secs] [Times: user=0.01 sys=0.00, real=0.00 secs] 
324.833: [GC (Allocation Failure) [PSYoungGen: 94080K->1376K(104448K)] 476921K->384225K(779776K), 0.0021983 secs] [Times: user=0.01 sys=0.00, real=0.00 secs] 
325.827: [GC (Allocation Failure) [PSYoungGen: 93536K->9648K(104960K)] 476385K->400689K(780288K), 0.0033780 secs] [Times: user=0.01 sys=0.00, real=0.00 secs] 
326.604: [GC (Allocation Failure) [PSYoungGen: 101296K->1408K(104448K)] 492337K->392449K(779776K), 0.0019937 secs] [Times: user=0.01 sys=0.00, real=0.01 secs] 
327.217: [GC (Allocation Failure) [PSYoungGen: 92544K->1424K(92160K)] 483585K->392473K(767488K), 0.0020410 secs] [Times: user=0.01 sys=0.00, real=0.00 secs] 
329.690: [GC (Allocation Failure) [PSYoungGen: 92048K->5552K(102400K)] 483097K->396609K(777728K), 0.0047976 secs] [Times: user=0.02 sys=0.00, real=0.00 secs] 
330.499: [GC (Allocation Failure) [PSYoungGen: 95664K->9664K(102912K)] 486721K->408913K(778240K), 0.0040130 secs] [Times: user=0.02 sys=0.00, real=0.00 secs] 
331.186: [GC (Allocation Failure) [PSYoungGen: 99264K->1376K(101888K)] 498513K->400625K(777216K), 0.0023170 secs] [Times: user=0.01 sys=0.00, real=0.00 secs] 
332.078: [GC (Allocation Failure) [PSYoungGen: 90464K->1341K(90112K)] 489713K->400591K(765440K), 0.0015459 secs] [Times: user=0.01 sys=0.00, real=0.00 secs] 
332.904: [GC (Allocation Failure) [PSYoungGen: 89917K->9632K(101376K)] 489167K->417073K(776704K), 0.0034928 secs] [Times: user=0.02 sys=0.00, real=0.01 secs] 
333.646: [GC (Allocation Failure) [PSYoungGen: 97184K->1440K(88576K)] 504625K->408881K(763904K), 0.0021583 secs] [Times: user=0.01 sys=0.00, real=0.01 secs] 
334.350: [GC (Allocation Failure) [PSYoungGen: 88480K->1392K(99328K)] 495921K->408833K(774656K), 0.0023077 secs] [Times: user=0.01 sys=0.00, real=0.00 secs] 
335.833: [GC (Allocation Failure) [PSYoungGen: 87920K->5568K(91648K)] 495361K->413010K(766976K), 0.0029868 secs] [Times: user=0.01 sys=0.00, real=0.01 secs] 
336.983: [GC (Allocation Failure) [PSYoungGen: 91584K->9600K(98304K)] 499026K->425242K(773632K), 0.0061211 secs] [Times: user=0.03 sys=0.00, real=0.01 secs] 
337.926: [GC (Allocation Failure) [PSYoungGen: 94592K->1344K(86016K)] 510234K->417001K(761344K), 0.0023942 secs] [Times: user=0.01 sys=0.00, real=0.00 secs] 
338.330: [GC (Allocation Failure) [PSYoungGen: 85824K->1376K(96768K)] 501481K->417033K(772096K), 0.0026227 secs] [Times: user=0.01 sys=0.00, real=0.00 secs] 
339.473: [GC (Allocation Failure) [PSYoungGen: 85344K->9600K(97280K)] 501001K->425258K(772608K), 0.0024052 secs] [Times: user=0.01 sys=0.01, real=0.00 secs] 
340.259: [GC (Allocation Failure) [PSYoungGen: 93056K->1408K(96256K)] 508714K->417065K(771584K), 0.0029422 secs] [Times: user=0.01 sys=0.00, real=0.00 secs] 
340.967: [GC (Allocation Failure) [PSYoungGen: 84352K->1376K(83968K)] 500009K->417033K(759296K), 0.0027090 secs] [Times: user=0.01 sys=0.00, real=0.00 secs] 
342.151: [GC (Allocation Failure) [PSYoungGen: 83808K->1328K(94208K)] 499465K->416986K(769536K), 0.0024226 secs] [Times: user=0.01 sys=0.00, real=0.00 secs] 
343.243: [GC (Allocation Failure) [PSYoungGen: 79008K->9616K(94720K)] 494666K->425282K(770048K), 0.0025736 secs] [Times: user=0.01 sys=0.00, real=0.00 secs] 
343.973: [GC (Allocation Failure) [PSYoungGen: 91024K->1408K(93696K)] 506690K->417073K(769024K), 0.0027766 secs] [Times: user=0.01 sys=0.00, real=0.01 secs] 
344.999: [GC (Allocation Failure) [PSYoungGen: 82304K->1376K(81920K)] 497969K->417041K(757248K), 0.0036805 secs] [Times: user=0.02 sys=0.00, real=0.00 secs] 
346.243: [GC (Allocation Failure) [PSYoungGen: 81760K->1360K(91648K)] 497425K->417026K(766976K), 0.0016990 secs] [Times: user=0.00 sys=0.00, real=0.00 secs] 
347.072: [GC (Allocation Failure) [PSYoungGen: 81232K->9632K(92160K)] 496898K->433498K(767488K), 0.0036703 secs] [Times: user=0.02 sys=0.00, real=0.01 secs] 
347.816: [GC (Allocation Failure) [PSYoungGen: 88992K->1408K(91648K)] 512858K->425282K(766976K), 0.0044384 secs] [Times: user=0.02 sys=0.00, real=0.01 secs] 
348.673: [GC (Allocation Failure) [PSYoungGen: 80256K->1376K(79872K)] 504130K->425250K(755200K), 0.0036718 secs] [Times: user=0.01 sys=0.00, real=0.01 secs] 
350.134: [GC (Allocation Failure) [PSYoungGen: 79712K->1392K(89600K)] 503586K->425266K(764928K), 0.0015789 secs] [Times: user=0.00 sys=0.00, real=0.01 secs] 
350.527: [GC (Allocation Failure) [PSYoungGen: 79216K->9664K(90112K)] 503090K->441730K(765440K), 0.0029947 secs] [Times: user=0.01 sys=0.00, real=0.00 secs] 
350.849: [GC (Allocation Failure) [PSYoungGen: 86976K->1376K(89600K)] 519042K->433442K(764928K), 0.0018312 secs] [Times: user=0.00 sys=0.00, real=0.00 secs] 
351.211: [GC (Allocation Failure) [PSYoungGen: 78176K->1376K(77824K)] 510242K->433442K(753152K), 0.0031590 secs] [Times: user=0.02 sys=0.00, real=0.00 secs] 
351.959: [GC (Allocation Failure) [PSYoungGen: 77664K->1421K(87040K)] 509730K->433495K(762368K), 0.0016244 secs] [Times: user=0.01 sys=0.00, real=0.00 secs] 
352.798: [GC (Allocation Failure) [PSYoungGen: 74806K->9648K(87552K)] 506880K->441722K(762880K), 0.0027661 secs] [Times: user=0.01 sys=0.00, real=0.00 secs] 
353.632: [GC (Allocation Failure) [PSYoungGen: 84912K->1376K(87040K)] 516986K->433450K(762368K), 0.0051020 secs] [Times: user=0.02 sys=0.00, real=0.01 secs] 
354.724: [GC (Allocation Failure) [PSYoungGen: 76128K->1376K(75776K)] 508202K->433450K(751104K), 0.0038121 secs] [Times: user=0.02 sys=0.00, real=0.01 secs] 
355.850: [GC (Allocation Failure) [PSYoungGen: 75616K->1408K(84992K)] 507690K->433482K(760320K), 0.0049707 secs] [Times: user=0.02 sys=0.00, real=0.00 secs] 
357.663: [GC (Allocation Failure) [PSYoungGen: 75136K->9600K(85504K)] 507210K->441682K(760832K), 0.0025540 secs] [Times: user=0.01 sys=0.00, real=0.00 secs] 
358.824: [GC (Allocation Failure) [PSYoungGen: 82816K->9632K(86016K)] 514898K->449906K(761344K), 0.0059616 secs] [Times: user=0.03 sys=0.01, real=0.01 secs] 
360.235: [GC (Allocation Failure) [PSYoungGen: 81824K->1408K(73216K)] 522098K->441682K(748544K), 0.0046267 secs] [Times: user=0.02 sys=0.00, real=0.01 secs] 
361.964: [GC (Allocation Failure) [PSYoungGen: 73088K->1376K(83968K)] 513362K->441666K(759296K), 0.0043455 secs] [Times: user=0.02 sys=0.00, real=0.01 secs] 
363.102: [GC (Allocation Failure) [PSYoungGen: 72544K->5504K(76288K)] 512834K->445794K(751616K), 0.0022131 secs] [Times: user=0.00 sys=0.00, real=0.00 secs] 
363.456: [GC (Allocation Failure) [PSYoungGen: 76160K->9568K(82432K)] 516450K->458050K(757760K), 0.0033964 secs] [Times: user=0.01 sys=0.00, real=0.00 secs] 
364.047: [GC (Allocation Failure) [PSYoungGen: 78688K->1408K(70656K)] 527170K->449890K(745984K), 0.0043489 secs] [Times: user=0.02 sys=0.00, real=0.00 secs] 
364.665: [GC (Allocation Failure) [PSYoungGen: 70528K->1376K(82432K)] 519010K->449866K(757760K), 0.0035049 secs] [Times: user=0.01 sys=0.00, real=0.01 secs] 
365.417: [GC (Allocation Failure) [PSYoungGen: 70496K->1357K(70656K)] 518986K->449847K(745984K), 0.0015940 secs] [Times: user=0.00 sys=0.00, real=0.00 secs] 
366.909: [GC (Allocation Failure) [PSYoungGen: 70477K->9632K(81408K)] 518967K->458122K(756736K), 0.0058673 secs] [Times: user=0.03 sys=0.00, real=0.00 secs] 
367.901: [GC (Allocation Failure) [PSYoungGen: 77728K->9632K(82432K)] 526218K->466314K(757760K), 0.0058944 secs] [Times: user=0.03 sys=0.00, real=0.01 secs] 
368.964: [GC (Allocation Failure) [PSYoungGen: 77728K->1408K(82432K)] 534410K->458090K(757760K), 0.0041042 secs] [Times: user=0.02 sys=0.00, real=0.01 secs] 
369.857: [GC (Allocation Failure) [PSYoungGen: 69504K->1440K(69632K)] 526186K->458130K(744960K), 0.0046779 secs] [Times: user=0.02 sys=0.00, real=0.00 secs] 
371.141: [GC (Allocation Failure) [PSYoungGen: 69536K->2496K(81408K)] 526226K->459186K(756736K), 0.0028301 secs] [Times: user=0.01 sys=0.00, real=0.00 secs] 
371.978: [GC (Allocation Failure) [PSYoungGen: 70592K->9600K(81920K)] 527282K->474482K(757248K), 0.0087158 secs] [Times: user=0.04 sys=0.00, real=0.01 secs] 
372.890: [GC (Allocation Failure) [PSYoungGen: 77696K->1408K(81920K)] 542578K->466290K(757248K), 0.0036656 secs] [Times: user=0.02 sys=0.00, real=0.00 secs] 
373.655: [GC (Allocation Failure) [PSYoungGen: 69504K->1376K(69632K)] 534386K->466258K(744960K), 0.0028406 secs] [Times: user=0.01 sys=0.00, real=0.01 secs] 
374.266: [GC (Allocation Failure) [PSYoungGen: 69472K->1408K(80896K)] 534354K->466290K(756224K), 0.0025608 secs] [Times: user=0.01 sys=0.00, real=0.01 secs] 
375.302: [GC (Allocation Failure) [PSYoungGen: 69504K->9664K(81408K)] 534386K->474554K(756736K), 0.0024729 secs] [Times: user=0.01 sys=0.00, real=0.00 secs] 
376.055: [GC (Allocation Failure) [PSYoungGen: 77760K->9568K(82432K)] 542650K->482650K(757760K), 0.0086329 secs] [Times: user=0.04 sys=0.00, real=0.01 secs] 
377.052: [GC (Allocation Failure) [PSYoungGen: 77152K->1376K(82944K)] 550234K->474466K(758272K), 0.0044852 secs] [Times: user=0.02 sys=0.00, real=0.01 secs] 
377.766: [GC (Allocation Failure) [PSYoungGen: 68960K->1408K(81920K)] 542050K->474514K(757248K), 0.0049421 secs] [Times: user=0.02 sys=0.01, real=0.00 secs] 
378.944: [GC (Allocation Failure) [PSYoungGen: 68992K->1408K(69120K)] 542098K->474514K(744448K), 0.0071448 secs] [Times: user=0.03 sys=0.00, real=0.01 secs] 
379.363: [GC (Allocation Failure) [PSYoungGen: 65450K->9616K(79872K)] 538556K->482722K(755200K), 0.0023387 secs] [Times: user=0.01 sys=0.00, real=0.00 secs] 
379.645: [GC (Allocation Failure) [PSYoungGen: 75664K->1376K(67584K)] 548770K->474482K(742912K), 0.0021084 secs] [Times: user=0.01 sys=0.00, real=0.01 secs] 
380.093: [GC (Allocation Failure) [PSYoungGen: 67424K->1408K(79872K)] 540530K->474522K(755200K), 0.0023290 secs] [Times: user=0.01 sys=0.00, real=0.00 secs] 
380.900: [GC (Allocation Failure) [PSYoungGen: 67456K->1408K(67584K)] 540570K->474530K(742912K), 0.0044146 secs] [Times: user=0.02 sys=0.00, real=0.00 secs] 
381.963: [GC (Allocation Failure) [PSYoungGen: 67456K->2400K(78336K)] 540578K->475522K(753664K), 0.0020822 secs] [Times: user=0.00 sys=0.00, real=0.00 secs] 
382.178: [GC (Allocation Failure) [PSYoungGen: 68448K->9568K(78848K)] 541570K->490890K(754176K), 0.0031180 secs] [Times: user=0.01 sys=0.00, real=0.00 secs] 
382.454: [GC (Allocation Failure) [PSYoungGen: 75616K->1376K(79360K)] 556938K->482698K(754688K), 0.0018006 secs] [Times: user=0.01 sys=0.00, real=0.00 secs] 
382.728: [GC (Allocation Failure) [PSYoungGen: 67424K->1344K(67584K)] 548746K->482666K(742912K), 0.0021480 secs] [Times: user=0.01 sys=0.00, real=0.00 secs] 
383.003: [GC (Allocation Failure) [PSYoungGen: 67392K->1376K(78336K)] 548714K->482722K(753664K), 0.0026096 secs] [Times: user=0.01 sys=0.00, real=0.00 secs] 
384.407: [GC (Allocation Failure) [PSYoungGen: 67424K->3456K(69632K)] 548770K->484810K(744960K), 0.0027852 secs] [Times: user=0.01 sys=0.00, real=0.00 secs] 
385.028: [GC (Allocation Failure) [PSYoungGen: 69504K->9568K(76288K)] 550858K->499122K(751616K), 0.0049407 secs] [Times: user=0.02 sys=0.00, real=0.00 secs] 
385.676: [GC (Allocation Failure) [PSYoungGen: 74080K->1344K(66048K)] 563634K->490898K(741376K), 0.0027028 secs] [Times: user=0.01 sys=0.00, real=0.00 secs] 
386.767: [GC (Allocation Failure) [PSYoungGen: 65856K->1344K(76288K)] 555410K->490898K(751616K), 0.0036703 secs] [Times: user=0.02 sys=0.00, real=0.00 secs] 
387.645: [GC (Allocation Failure) [PSYoungGen: 65856K->1344K(66048K)] 555410K->490898K(741376K), 0.0038242 secs] [Times: user=0.02 sys=0.00, real=0.01 secs] 
388.504: [GC (Allocation Failure) [PSYoungGen: 65856K->9600K(74752K)] 555410K->499154K(750080K), 0.0024204 secs] [Times: user=0.01 sys=0.00, real=0.01 secs] 
388.732: [GC (Allocation Failure) [PSYoungGen: 72576K->9504K(76288K)] 562130K->507250K(751616K), 0.0032549 secs] [Times: user=0.01 sys=0.00, real=0.00 secs] 
388.995: [GC (Allocation Failure) [PSYoungGen: 72480K->1312K(76288K)] 570226K->499058K(751616K), 0.0020974 secs] [Times: user=0.01 sys=0.00, real=0.01 secs] 
389.499: [GC (Allocation Failure) [PSYoungGen: 64288K->1408K(64512K)] 562034K->499154K(739840K), 0.0020832 secs] [Times: user=0.00 sys=0.00, real=0.00 secs] 
389.971: [GC (Allocation Failure) [PSYoungGen: 64384K->1344K(75264K)] 562130K->499090K(750592K), 0.0031033 secs] [Times: user=0.01 sys=0.00, real=0.00 secs] 
390.886: [GC (Allocation Failure) [PSYoungGen: 64320K->9632K(75776K)] 562066K->507378K(751104K), 0.0024471 secs] [Times: user=0.01 sys=0.00, real=0.00 secs] 
391.114: [GC (Allocation Failure) [PSYoungGen: 72608K->9536K(76288K)] 570354K->515474K(751616K), 0.0031854 secs] [Times: user=0.01 sys=0.00, real=0.01 secs] 
391.396: [GC (Allocation Failure) [PSYoungGen: 71488K->1344K(63488K)] 577426K->507282K(738816K), 0.0022323 secs] [Times: user=0.01 sys=0.00, real=0.00 secs] 
391.884: [GC (Allocation Failure) [PSYoungGen: 63296K->1312K(75776K)] 569234K->507250K(751104K), 0.0023694 secs] [Times: user=0.01 sys=0.00, real=0.01 secs] 
392.395: [GC (Allocation Failure) [PSYoungGen: 63264K->1360K(63488K)] 569202K->507298K(738816K), 0.0021886 secs] [Times: user=0.01 sys=0.00, real=0.01 secs] 
393.256: [GC (Allocation Failure) [PSYoungGen: 63312K->9632K(74752K)] 569250K->515594K(750080K), 0.0024996 secs] [Times: user=0.01 sys=0.00, real=0.01 secs] 
393.667: [GC (Allocation Failure) [PSYoungGen: 70560K->9616K(75776K)] 576522K->523770K(751104K), 0.0035193 secs] [Times: user=0.02 sys=0.00, real=0.00 secs] 
394.156: [GC (Allocation Failure) [PSYoungGen: 70544K->1376K(75776K)] 584698K->515530K(751104K), 0.0037941 secs] [Times: user=0.02 sys=0.00, real=0.00 secs] 
394.681: [GC (Allocation Failure) [PSYoungGen: 62304K->1440K(62464K)] 576458K->515594K(737792K), 0.0034208 secs] [Times: user=0.01 sys=0.01, real=0.00 secs] 
395.248: [GC (Allocation Failure) [PSYoungGen: 62368K->1376K(74752K)] 576522K->515530K(750080K), 0.0033893 secs] [Times: user=0.01 sys=0.00, real=0.00 secs] 
396.227: [GC (Allocation Failure) [PSYoungGen: 62304K->5520K(66560K)] 576458K->519674K(741888K), 0.0021799 secs] [Times: user=0.01 sys=0.00, real=0.00 secs] 
396.677: [GC (Allocation Failure) [PSYoungGen: 66448K->9584K(73728K)] 580602K->531930K(749056K), 0.0030988 secs] [Times: user=0.01 sys=0.00, real=0.00 secs] 
397.231: [GC (Allocation Failure) [PSYoungGen: 69488K->1408K(61440K)] 591834K->523754K(736768K), 0.0032262 secs] [Times: user=0.02 sys=0.00, real=0.00 secs] 
397.750: [GC (Allocation Failure) [PSYoungGen: 61312K->1376K(73216K)] 583658K->523722K(748544K), 0.0027155 secs] [Times: user=0.01 sys=0.00, real=0.00 secs] 
398.395: [GC (Allocation Failure) [PSYoungGen: 61280K->1376K(61440K)] 583626K->523722K(736768K), 0.0043503 secs] [Times: user=0.01 sys=0.00, real=0.01 secs] 
399.909: [GC (Allocation Failure) [PSYoungGen: 59729K->3504K(72192K)] 582076K->525850K(747520K), 0.0052227 secs] [Times: user=0.03 sys=0.01, real=0.00 secs] 
400.868: [GC (Allocation Failure) [PSYoungGen: 63408K->9632K(72704K)] 585754K->540170K(748032K), 0.0084058 secs] [Times: user=0.04 sys=0.00, real=0.01 secs] 
401.379: [GC (Allocation Failure) [PSYoungGen: 69536K->1408K(72704K)] 600074K->531946K(748032K), 0.0038910 secs] [Times: user=0.02 sys=0.00, real=0.00 secs] 
401.925: [GC (Allocation Failure) [PSYoungGen: 61312K->1376K(61440K)] 591850K->531914K(736768K), 0.0036227 secs] [Times: user=0.02 sys=0.00, real=0.01 secs] 
402.320: [GC (Allocation Failure) [PSYoungGen: 61280K->1408K(71680K)] 591818K->531946K(747008K), 0.0028234 secs] [Times: user=0.01 sys=0.00, real=0.00 secs] 
403.213: [GC (Allocation Failure) [PSYoungGen: 61312K->1664K(61952K)] 591850K->532218K(737280K), 0.0021445 secs] [Times: user=0.00 sys=0.00, real=0.00 secs] 
403.929: [GC (Allocation Failure) [PSYoungGen: 61568K->9600K(70144K)] 592122K->540170K(745472K), 0.0026110 secs] [Times: user=0.01 sys=0.00, real=0.00 secs] 
404.760: [GC (Allocation Failure) [PSYoungGen: 67968K->9600K(71680K)] 598538K->548362K(747008K), 0.0090945 secs] [Times: user=0.04 sys=0.00, real=0.01 secs] 
405.443: [GC (Allocation Failure) [PSYoungGen: 67968K->1376K(72192K)] 606730K->540138K(747520K), 0.0048554 secs] [Times: user=0.02 sys=0.01, real=0.01 secs] 
405.989: [GC (Allocation Failure) [PSYoungGen: 59744K->1376K(59904K)] 598506K->540138K(735232K), 0.0046846 secs] [Times: user=0.02 sys=0.00, real=0.00 secs] 
406.451: [GC (Allocation Failure) [PSYoungGen: 59727K->256K(71168K)] 598490K->539018K(746496K), 0.0036999 secs] [Times: user=0.02 sys=0.00, real=0.00 secs] 
408.306: [GC (Allocation Failure) [PSYoungGen: 58624K->9664K(71680K)] 597386K->548426K(747008K), 0.0057534 secs] [Times: user=0.02 sys=0.00, real=0.00 secs] 
409.114: [GC (Allocation Failure) [PSYoungGen: 68032K->9632K(72192K)] 606794K->556586K(747520K), 0.0076063 secs] [Times: user=0.03 sys=0.00, real=0.01 secs] 
409.889: [GC (Allocation Failure) [PSYoungGen: 66976K->1376K(58880K)] 613930K->548330K(734208K), 0.0038912 secs] [Times: user=0.02 sys=0.00, real=0.00 secs] 
410.215: [GC (Allocation Failure) [PSYoungGen: 58720K->1376K(71680K)] 605674K->548330K(747008K), 0.0026409 secs] [Times: user=0.01 sys=0.00, real=0.01 secs] 
410.456: [GC (Allocation Failure) [PSYoungGen: 58720K->1376K(58880K)] 605674K->548346K(734208K), 0.0025205 secs] [Times: user=0.01 sys=0.00, real=0.00 secs] 
411.593: [GC (Allocation Failure) [PSYoungGen: 58720K->2464K(70144K)] 605690K->549434K(745472K), 0.0033687 secs] [Times: user=0.02 sys=0.00, real=0.01 secs] 
412.176: [GC (Allocation Failure) [PSYoungGen: 52150K->9632K(70656K)] 599120K->556602K(745984K), 0.0058658 secs] [Times: user=0.03 sys=0.00, real=0.00 secs] 
412.808: [GC (Allocation Failure) [PSYoungGen: 66976K->9632K(70656K)] 613946K->564794K(745984K), 0.0081033 secs] [Times: user=0.04 sys=0.00, real=0.01 secs] 
413.452: [GC (Allocation Failure) [PSYoungGen: 65952K->1440K(57856K)] 621114K->556602K(733184K), 0.0032302 secs] [Times: user=0.02 sys=0.00, real=0.00 secs] 
413.978: [GC (Allocation Failure) [PSYoungGen: 57760K->1408K(70144K)] 612922K->556570K(745472K), 0.0040059 secs] [Times: user=0.02 sys=0.00, real=0.00 secs] 
414.248: [GC (Allocation Failure) [PSYoungGen: 57728K->1408K(57856K)] 612890K->556578K(733184K), 0.0028052 secs] [Times: user=0.01 sys=0.00, real=0.00 secs] 
415.596: [GC (Allocation Failure) [PSYoungGen: 57193K->5520K(70144K)] 612363K->560690K(745472K), 0.0033600 secs] [Times: user=0.01 sys=0.00, real=0.00 secs] 
416.056: [GC (Allocation Failure) [PSYoungGen: 61840K->9600K(70144K)] 617010K->572962K(745472K), 0.0081576 secs] [Times: user=0.04 sys=0.00, real=0.01 secs] 
416.527: [GC (Allocation Failure) [PSYoungGen: 65920K->1408K(74240K)] 629282K->564770K(749568K), 0.0033530 secs] [Times: user=0.01 sys=0.00, real=0.00 secs] 
417.025: [GC (Allocation Failure) [PSYoungGen: 62336K->1408K(62464K)] 625698K->564770K(737792K), 0.0027663 secs] [Times: user=0.02 sys=0.00, real=0.01 secs] 
417.516: [GC (Allocation Failure) [PSYoungGen: 62336K->1408K(73728K)] 625698K->564770K(749056K), 0.0027259 secs] [Times: user=0.01 sys=0.00, real=0.01 secs] 
418.586: [GC (Allocation Failure) [PSYoungGen: 62336K->2432K(63488K)] 625698K->565802K(738816K), 0.0025983 secs] [Times: user=0.01 sys=0.00, real=0.00 secs] 
419.263: [GC (Allocation Failure) [PSYoungGen: 63360K->9536K(72704K)] 626730K->581106K(748032K), 0.0114176 secs] [Times: user=0.05 sys=0.00, real=0.01 secs] 
420.069: [GC (Allocation Failure) [PSYoungGen: 69440K->1376K(61440K)] 641010K->572946K(736768K), 0.0048618 secs] [Times: user=0.02 sys=0.00, real=0.00 secs] 
420.955: [GC (Allocation Failure) [PSYoungGen: 61280K->1376K(72192K)] 632850K->572946K(747520K), 0.0052018 secs] [Times: user=0.02 sys=0.00, real=0.01 secs] 
421.813: [GC (Allocation Failure) [PSYoungGen: 61280K->1376K(61440K)] 632850K->572946K(736768K), 0.0052167 secs] [Times: user=0.02 sys=0.00, real=0.01 secs] 
422.863: [GC (Allocation Failure) [PSYoungGen: 61280K->1520K(71168K)] 632850K->573090K(746496K), 0.0023914 secs] [Times: user=0.01 sys=0.00, real=0.00 secs] 
423.235: [GC (Allocation Failure) [PSYoungGen: 61424K->9632K(71680K)] 632994K->581202K(747008K), 0.0026881 secs] [Times: user=0.01 sys=0.00, real=0.01 secs] 
423.480: [GC (Allocation Failure) [PSYoungGen: 69536K->9584K(71680K)] 641106K->589362K(747008K), 0.0036371 secs] [Times: user=0.02 sys=0.00, real=0.00 secs] 
423.725: [GC (Allocation Failure) [PSYoungGen: 67952K->1360K(59904K)] 647730K->581138K(735232K), 0.0023175 secs] [Times: user=0.01 sys=0.00, real=0.01 secs] 
423.993: [GC (Allocation Failure) [PSYoungGen: 59728K->1312K(71680K)] 639506K->581090K(747008K), 0.0021399 secs] [Times: user=0.01 sys=0.00, real=0.00 secs] 
424.403: [GC (Allocation Failure) [PSYoungGen: 59680K->1325K(59904K)] 639458K->581103K(735232K), 0.0022979 secs] [Times: user=0.01 sys=0.01, real=0.00 secs] 
426.140: [GC (Allocation Failure) [PSYoungGen: 59693K->9600K(70656K)] 639471K->589378K(745984K), 0.0062620 secs] [Times: user=0.03 sys=0.00, real=0.01 secs] 
427.139: [GC (Allocation Failure) [PSYoungGen: 66944K->9600K(71680K)] 646722K->597570K(747008K), 0.0079833 secs] [Times: user=0.04 sys=0.00, real=0.01 secs] 
427.645: [GC (Allocation Failure) [PSYoungGen: 66944K->1408K(71680K)] 654914K->589378K(747008K), 0.0032991 secs] [Times: user=0.01 sys=0.00, real=0.01 secs] 
428.171: [GC (Allocation Failure) [PSYoungGen: 58752K->1376K(58880K)] 646722K->589346K(734208K), 0.0033972 secs] [Times: user=0.01 sys=0.00, real=0.00 secs] 
428.695: [GC (Allocation Failure) [PSYoungGen: 58720K->1344K(70656K)] 646690K->589330K(745984K), 0.0034135 secs] [Times: user=0.01 sys=0.00, real=0.01 secs] 
430.061: [GC (Allocation Failure) [PSYoungGen: 58688K->2416K(59904K)] 646674K->590402K(735232K), 0.0024597 secs] [Times: user=0.01 sys=0.00, real=0.00 secs] 
430.817: [GC (Allocation Failure) [PSYoungGen: 52120K->9600K(69632K)] 640106K->597586K(744960K), 0.0027685 secs] [Times: user=0.01 sys=0.00, real=0.00 secs] 
431.679: [GC (Allocation Failure) [PSYoungGen: 65920K->9568K(70656K)] 653906K->605746K(745984K), 0.0097188 secs] [Times: user=0.05 sys=0.00, real=0.01 secs] 
432.536: [GC (Allocation Failure) [PSYoungGen: 65888K->1376K(70656K)] 662066K->597554K(745984K), 0.0040245 secs] [Times: user=0.02 sys=0.01, real=0.01 secs] 
433.033: [GC (Allocation Failure) [PSYoungGen: 57696K->1408K(57856K)] 653874K->597586K(733184K), 0.0035325 secs] [Times: user=0.01 sys=0.00, real=0.01 secs] 
433.479: [GC (Allocation Failure) [PSYoungGen: 57728K->1376K(69632K)] 653906K->597562K(744960K), 0.0034996 secs] [Times: user=0.02 sys=0.00, real=0.00 secs] 
434.324: [GC (Allocation Failure) [PSYoungGen: 57696K->5536K(61952K)] 653882K->601738K(737280K), 0.0023104 secs] [Times: user=0.01 sys=0.00, real=0.01 secs] 
434.790: [GC (Allocation Failure) [PSYoungGen: 61856K->9632K(68096K)] 658058K->614026K(743424K), 0.0041188 secs] [Times: user=0.02 sys=0.00, real=0.00 secs] 
435.170: [GC (Allocation Failure) [PSYoungGen: 64416K->1376K(56320K)] 668810K->605770K(731648K), 0.0024105 secs] [Times: user=0.01 sys=0.00, real=0.00 secs] 
435.398: [GC (Allocation Failure) [PSYoungGen: 56160K->1376K(68096K)] 660554K->605770K(743424K), 0.0026346 secs] [Times: user=0.01 sys=0.00, real=0.00 secs] 
435.628: [GC (Allocation Failure) [PSYoungGen: 56160K->1328K(56320K)] 660554K->605722K(731648K), 0.0026172 secs] [Times: user=0.01 sys=0.01, real=0.00 secs] 
436.419: [GC (Allocation Failure) [PSYoungGen: 56112K->1405K(67072K)] 660506K->605799K(742400K), 0.0017320 secs] [Times: user=0.01 sys=0.00, real=0.00 secs] 
436.880: [GC (Allocation Failure) [PSYoungGen: 56189K->9632K(67584K)] 660583K->614026K(742912K), 0.0026689 secs] [Times: user=0.01 sys=0.00, real=0.00 secs] 
437.075: [GC (Allocation Failure) [PSYoungGen: 64416K->9600K(68096K)] 668810K->622186K(743424K), 0.0037530 secs] [Times: user=0.02 sys=0.00, real=0.01 secs] 
437.300: [GC (Allocation Failure) [PSYoungGen: 63360K->1344K(69120K)] 675946K->613930K(744448K), 0.0025086 secs] [Times: user=0.01 sys=0.00, real=0.00 secs] 
437.524: [GC (Allocation Failure) [PSYoungGen: 55104K->1376K(72704K)] 667690K->613970K(748032K), 0.0023384 secs] [Times: user=0.01 sys=0.00, real=0.01 secs] 
437.768: [GC (Allocation Failure) [PSYoungGen: 60256K->1408K(73216K)] 672850K->614002K(748544K), 0.0022684 secs] [Times: user=0.02 sys=0.00, real=0.00 secs] 
438.480: [GC (Allocation Failure) [PSYoungGen: 60288K->3520K(65536K)] 672882K->616114K(740864K), 0.0022248 secs] [Times: user=0.01 sys=0.01, real=0.00 secs] 
438.676: [GC (Allocation Failure) [PSYoungGen: 62400K->9568K(71680K)] 674994K->630354K(747008K), 0.0032347 secs] [Times: user=0.01 sys=0.01, real=0.01 secs] 
438.978: [GC (Allocation Failure) [PSYoungGen: 68448K->1408K(76288K)] 689234K->622194K(751616K), 0.0020077 secs] [Times: user=0.01 sys=0.00, real=0.00 secs] 
439.357: [GC (Allocation Failure) [PSYoungGen: 65408K->1376K(77312K)] 686194K->622186K(752640K), 0.0031307 secs] [Times: user=0.01 sys=0.00, real=0.00 secs] 
439.909: [GC (Allocation Failure) [PSYoungGen: 65376K->1376K(70656K)] 686186K->622194K(745984K), 0.0034249 secs] [Times: user=0.01 sys=0.00, real=0.00 secs] 
440.826: [GC (Allocation Failure) [PSYoungGen: 65376K->3520K(67584K)] 686194K->624346K(742912K), 0.0022100 secs] [Times: user=0.01 sys=0.01, real=0.00 secs] 
441.033: [GC (Allocation Failure) [PSYoungGen: 67520K->9584K(74240K)] 688346K->638602K(749568K), 0.0033789 secs] [Times: user=0.01 sys=0.00, real=0.01 secs] 
441.294: [GC (Allocation Failure) [PSYoungGen: 72048K->1376K(75776K)] 701066K->630394K(751104K), 0.0023727 secs] [Times: user=0.01 sys=0.00, real=0.01 secs] 
441.554: [GC (Allocation Failure) [PSYoungGen: 63840K->1408K(79872K)] 692858K->630426K(755200K), 0.0023955 secs] [Times: user=0.01 sys=0.00, real=0.01 secs] 
441.837: [GC (Allocation Failure) [PSYoungGen: 69504K->1408K(69632K)] 698522K->630426K(744960K), 0.0022312 secs] [Times: user=0.01 sys=0.00, real=0.00 secs] 
443.171: [GC (Allocation Failure) [PSYoungGen: 69504K->5568K(79872K)] 698522K->634586K(755200K), 0.0046263 secs] [Times: user=0.02 sys=0.00, real=0.01 secs] 
443.925: [GC (Allocation Failure) [PSYoungGen: 73664K->9632K(79872K)] 702682K->646850K(755200K), 0.0055932 secs] [Times: user=0.02 sys=0.00, real=0.01 secs] 
444.880: [GC (Allocation Failure) [PSYoungGen: 77728K->1376K(80384K)] 714946K->638594K(755712K), 0.0045102 secs] [Times: user=0.02 sys=0.00, real=0.00 secs] 
445.783: [GC (Allocation Failure) [PSYoungGen: 69472K->1408K(69632K)] 706690K->638626K(744960K), 0.0053468 secs] [Times: user=0.02 sys=0.00, real=0.01 secs] 
446.571: [GC (Allocation Failure) [PSYoungGen: 69504K->1405K(79360K)] 706722K->638623K(754688K), 0.0032482 secs] [Times: user=0.02 sys=0.00, real=0.00 secs] 
447.889: [GC (Allocation Failure) [PSYoungGen: 69501K->9632K(79872K)] 706719K->646858K(755200K), 0.0029230 secs] [Times: user=0.01 sys=0.00, real=0.00 secs] 
448.482: [GC (Allocation Failure) [PSYoungGen: 77728K->9600K(80384K)] 714954K->655018K(755712K), 0.0045890 secs] [Times: user=0.02 sys=0.00, real=0.01 secs] 
449.067: [GC (Allocation Failure) [PSYoungGen: 76672K->1392K(81408K)] 722090K->646810K(756736K), 0.0028739 secs] [Times: user=0.01 sys=0.00, real=0.00 secs] 
449.509: [GC (Allocation Failure) [PSYoungGen: 68464K->1376K(80384K)] 713882K->646794K(755712K), 0.0026525 secs] [Times: user=0.01 sys=0.00, real=0.00 secs] 
450.493: [GC (Allocation Failure) [PSYoungGen: 68448K->1952K(69120K)] 713866K->647370K(744448K), 0.0026006 secs] [Times: user=0.01 sys=0.00, real=0.00 secs] 
451.150: [GC (Allocation Failure) [PSYoungGen: 69024K->9600K(79360K)] 714442K->663226K(754688K), 0.0066255 secs] [Times: user=0.03 sys=0.01, real=0.01 secs] 
451.972: [GC (Allocation Failure) [PSYoungGen: 75648K->1344K(67584K)] 729274K->654970K(742912K), 0.0056119 secs] [Times: user=0.03 sys=0.00, real=0.01 secs] 
452.750: [GC (Allocation Failure) [PSYoungGen: 67392K->1376K(78848K)] 721018K->655002K(754176K), 0.0040958 secs] [Times: user=0.02 sys=0.00, real=0.00 secs] 
453.113: [GC (Allocation Failure) [PSYoungGen: 67424K->1408K(67584K)] 721050K->655034K(742912K), 0.0028116 secs] [Times: user=0.01 sys=0.00, real=0.00 secs] 
453.845: [GC (Allocation Failure) [PSYoungGen: 67456K->5568K(78848K)] 721082K->659194K(754176K), 0.0019325 secs] [Times: user=0.01 sys=0.00, real=0.01 secs] 
454.068: [GC (Allocation Failure) [PSYoungGen: 71616K->9584K(78848K)] 725242K->671402K(754176K), 0.0029031 secs] [Times: user=0.01 sys=0.00, real=0.00 secs] 
454.390: [GC (Allocation Failure) [PSYoungGen: 75632K->1408K(78848K)] 737450K->663242K(754176K), 0.0024567 secs] [Times: user=0.01 sys=0.00, real=0.00 secs] 
454.665: [GC (Allocation Failure) [PSYoungGen: 67456K->1376K(79360K)] 729290K->663210K(754688K), 0.0024489 secs] [Times: user=0.01 sys=0.00, real=0.01 secs] 
454.939: [GC (Allocation Failure) [PSYoungGen: 67424K->1360K(78336K)] 729258K->663194K(753664K), 0.0023714 secs] [Times: user=0.01 sys=0.00, real=0.00 secs] 
455.635: [GC (Allocation Failure) [PSYoungGen: 67408K->9632K(78848K)] 729242K->671466K(754176K), 0.0025736 secs] [Times: user=0.01 sys=0.00, real=0.01 secs] 
455.877: [GC (Allocation Failure) [PSYoungGen: 75680K->9600K(78848K)] 737514K->679634K(754176K), 0.0032423 secs] [Times: user=0.02 sys=0.00, real=0.00 secs] 
455.880: [Full GC (Ergonomics) [PSYoungGen: 9600K->0K(78848K)] [ParOldGen: 670034K->86814K(628224K)] 679634K->86814K(707072K), [Metaspace: 55108K->55099K(1099776K)], 0.0403052 secs] [Times: user=0.07 sys=0.01, real=0.04 secs] 
456.117: [GC (Allocation Failure) [PSYoungGen: 65024K->96K(79872K)] 184606K->152446K(708096K), 0.0027251 secs] [Times: user=0.01 sys=0.00, real=0.00 secs] 
456.492: [GC (Allocation Failure) [PSYoungGen: 65120K->64K(84480K)] 250238K->185182K(712704K), 0.0016541 secs] [Times: user=0.00 sys=0.00, real=0.00 secs] 
456.842: [GC (Allocation Failure) [PSYoungGen: 71232K->96K(85504K)] 256350K->250750K(713728K), 0.0050198 secs] [Times: user=0.03 sys=0.00, real=0.01 secs] 
457.426: [GC (Allocation Failure) [PSYoungGen: 71264K->1216K(91136K)] 321918K->284639K(719360K), 0.0038719 secs] [Times: user=0.02 sys=0.00, real=0.00 secs] 
458.559: [GC (Allocation Failure) [PSYoungGen: 79552K->1440K(91648K)] 362975K->284863K(719872K), 0.0024026 secs] [Times: user=0.01 sys=0.00, real=0.00 secs] 
459.330: [GC (Allocation Failure) [PSYoungGen: 79776K->1408K(95232K)] 363199K->284831K(723456K), 0.0025224 secs] [Times: user=0.01 sys=0.00, real=0.00 secs] 
460.348: [GC (Allocation Failure) [PSYoungGen: 85888K->1405K(96768K)] 369311K->284828K(724992K), 0.0037442 secs] [Times: user=0.01 sys=0.00, real=0.00 secs] 
461.749: [GC (Allocation Failure) [PSYoungGen: 85885K->2477K(99840K)] 369308K->285900K(728064K), 0.0017944 secs] [Times: user=0.00 sys=0.00, real=0.00 secs] 
462.092: [GC (Allocation Failure) [PSYoungGen: 92589K->1408K(100864K)] 376012K->284831K(729088K), 0.0014018 secs] [Times: user=0.00 sys=0.00, real=0.00 secs] 
462.747: [GC (Allocation Failure) [PSYoungGen: 91520K->1405K(104960K)] 374943K->284828K(733184K), 0.0019409 secs] [Times: user=0.01 sys=0.00, real=0.00 secs] 
463.527: [GC (Allocation Failure) [PSYoungGen: 97149K->1405K(105472K)] 380572K->284828K(733696K), 0.0023698 secs] [Times: user=0.01 sys=0.00, real=0.00 secs] 
464.487: [GC (Allocation Failure) [PSYoungGen: 97149K->1437K(108544K)] 380572K->284860K(736768K), 0.0025821 secs] [Times: user=0.01 sys=0.00, real=0.00 secs] 
464.945: [GC (Allocation Failure) [PSYoungGen: 102301K->1408K(109568K)] 385724K->284831K(737792K), 0.0017214 secs] [Times: user=0.01 sys=0.00, real=0.01 secs] 
465.364: [GC (Allocation Failure) [PSYoungGen: 102272K->1437K(114688K)] 385695K->284860K(742912K), 0.0020581 secs] [Times: user=0.01 sys=0.00, real=0.01 secs] 
467.398: [GC (Allocation Failure) [PSYoungGen: 108445K->1408K(114688K)] 391868K->284831K(742912K), 0.0025151 secs] [Times: user=0.02 sys=0.00, real=0.00 secs] 
468.314: [GC (Allocation Failure) [PSYoungGen: 108416K->1408K(118784K)] 391839K->284839K(747008K), 0.0026945 secs] [Times: user=0.01 sys=0.00, real=0.01 secs] 
469.571: [GC (Allocation Failure) [PSYoungGen: 114048K->1421K(119296K)] 397479K->284852K(747520K), 0.0014992 secs] [Times: user=0.01 sys=0.00, real=0.00 secs] 
471.463: [GC (Allocation Failure) [PSYoungGen: 114061K->1469K(122368K)] 397492K->284908K(750592K), 0.0037451 secs] [Times: user=0.01 sys=0.01, real=0.01 secs] 
472.496: [GC (Allocation Failure) [PSYoungGen: 118717K->1424K(123392K)] 402156K->284900K(751616K), 0.0026343 secs] [Times: user=0.01 sys=0.00, real=0.00 secs] 
473.829: [GC (Allocation Failure) [PSYoungGen: 117672K->5536K(126976K)] 401148K->289044K(755200K), 0.0018510 secs] [Times: user=0.01 sys=0.00, real=0.00 secs] 
474.746: [GC (Allocation Failure) [PSYoungGen: 126880K->1344K(128000K)] 410388K->284852K(756224K), 0.0022637 secs] [Times: user=0.01 sys=0.00, real=0.00 secs] 
475.861: [GC (Allocation Failure) [PSYoungGen: 122688K->1376K(131584K)] 406196K->284884K(759808K), 0.0025771 secs] [Times: user=0.01 sys=0.00, real=0.00 secs] 
477.992: [GC (Allocation Failure) [PSYoungGen: 127328K->1440K(132096K)] 410836K->284956K(760320K), 0.0028566 secs] [Times: user=0.01 sys=0.00, real=0.00 secs] 
479.679: [GC (Allocation Failure) [PSYoungGen: 127392K->1408K(135680K)] 410908K->284924K(763904K), 0.0030104 secs] [Times: user=0.01 sys=0.00, real=0.00 secs] 
481.063: [GC (Allocation Failure) [PSYoungGen: 131968K->5536K(136192K)] 415484K->293148K(764416K), 0.0018715 secs] [Times: user=0.00 sys=0.00, real=0.00 secs] 
481.605: [GC (Allocation Failure) [PSYoungGen: 136096K->1408K(141824K)] 423708K->289028K(770048K), 0.0017616 secs] [Times: user=0.00 sys=0.00, real=0.01 secs] 
483.255: [GC (Allocation Failure) [PSYoungGen: 136576K->1952K(141312K)] 424196K->289580K(769536K), 0.0038156 secs] [Times: user=0.01 sys=0.00, real=0.01 secs] 
484.853: [GC (Allocation Failure) [PSYoungGen: 137120K->1376K(145408K)] 424748K->289004K(773632K), 0.0033495 secs] [Times: user=0.01 sys=0.00, real=0.01 secs] 
486.273: [GC (Allocation Failure) [PSYoungGen: 141664K->1408K(145920K)] 429292K->289036K(774144K), 0.0026703 secs] [Times: user=0.01 sys=0.00, real=0.00 secs] 
487.482: [GC (Allocation Failure) [PSYoungGen: 141696K->1440K(150016K)] 429324K->289076K(778240K), 0.0019700 secs] [Times: user=0.00 sys=0.00, real=0.00 secs] 
488.471: [GC (Allocation Failure) [PSYoungGen: 146848K->1344K(150528K)] 434484K->288980K(778752K), 0.0020740 secs] [Times: user=0.01 sys=0.00, real=0.00 secs] 
490.284: [GC (Allocation Failure) [PSYoungGen: 146752K->1408K(155648K)] 434388K->289044K(783872K), 0.0028549 secs] [Times: user=0.01 sys=0.01, real=0.01 secs] 
491.600: [GC (Allocation Failure) [PSYoungGen: 151936K->1344K(155648K)] 439572K->288980K(783872K), 0.0021796 secs] [Times: user=0.01 sys=0.00, real=0.00 secs] 
493.357: [GC (Allocation Failure) [PSYoungGen: 151872K->1440K(159232K)] 439508K->289076K(787456K), 0.0025408 secs] [Times: user=0.00 sys=0.00, real=0.00 secs] 
495.022: [GC (Allocation Failure) [PSYoungGen: 156576K->1392K(159744K)] 444212K->289028K(787968K), 0.0029139 secs] [Times: user=0.01 sys=0.00, real=0.00 secs] 
497.466: [GC (Allocation Failure) [PSYoungGen: 156528K->1376K(163328K)] 444164K->289012K(791552K), 0.0028228 secs] [Times: user=0.01 sys=0.00, real=0.01 secs] 
498.376: [GC (Allocation Failure) [PSYoungGen: 161120K->1408K(163840K)] 448756K->289044K(792064K), 0.0019578 secs] [Times: user=0.01 sys=0.00, real=0.00 secs] 
501.035: [GC (Allocation Failure) [PSYoungGen: 161152K->1408K(166912K)] 448788K->289044K(795136K), 0.0033810 secs] [Times: user=0.01 sys=0.00, real=0.01 secs] 
502.316: [GC (Allocation Failure) [PSYoungGen: 165760K->1408K(167936K)] 453396K->289044K(796160K), 0.0013553 secs] [Times: user=0.00 sys=0.00, real=0.00 secs] 
503.329: [GC (Allocation Failure) [PSYoungGen: 165760K->1376K(172544K)] 453396K->289020K(800768K), 0.0023161 secs] [Times: user=0.00 sys=0.01, real=0.00 secs] 
505.097: [GC (Allocation Failure) [PSYoungGen: 170336K->1440K(172544K)] 457980K->289092K(800768K), 0.0016562 secs] [Times: user=0.01 sys=0.00, real=0.00 secs] 
506.500: [GC (Allocation Failure) [PSYoungGen: 170400K->1376K(176128K)] 458052K->289036K(804352K), 0.0021558 secs] [Times: user=0.01 sys=0.00, real=0.00 secs] 
508.256: [GC (Allocation Failure) [PSYoungGen: 174944K->1424K(176640K)] 462604K->289092K(804864K), 0.0019680 secs] [Times: user=0.00 sys=0.00, real=0.00 secs] 
509.042: [GC (Allocation Failure) [PSYoungGen: 174992K->1392K(181248K)] 462660K->289060K(809472K), 0.0019720 secs] [Times: user=0.00 sys=0.00, real=0.00 secs] 
511.607: [GC (Allocation Failure) [PSYoungGen: 179568K->1408K(181248K)] 467236K->289084K(809472K), 0.0033493 secs] [Times: user=0.01 sys=0.01, real=0.00 secs] 
513.770: [GC (Allocation Failure) [PSYoungGen: 179584K->1568K(185344K)] 467260K->289244K(813568K), 0.0019320 secs] [Times: user=0.00 sys=0.00, real=0.00 secs] 
515.248: [GC (Allocation Failure) [PSYoungGen: 184352K->1408K(185856K)] 472028K->289092K(814080K), 0.0020757 secs] [Times: user=0.01 sys=0.00, real=0.00 secs] 
517.013: [GC (Allocation Failure) [PSYoungGen: 184192K->1440K(189952K)] 471876K->289124K(818176K), 0.0018364 secs] [Times: user=0.01 sys=0.00, real=0.00 secs] 
517.790: [GC (Allocation Failure) [PSYoungGen: 188832K->1408K(189952K)] 476516K->289092K(818176K), 0.0017801 secs] [Times: user=0.01 sys=0.00, real=0.00 secs] 
520.282: [GC (Allocation Failure) [PSYoungGen: 188800K->1472K(194048K)] 476484K->289156K(822272K), 0.0020415 secs] [Times: user=0.01 sys=0.00, real=0.00 secs] 
522.126: [GC (Allocation Failure) [PSYoungGen: 193472K->1440K(194560K)] 481156K->289132K(822784K), 0.0017058 secs] [Times: user=0.00 sys=0.00, real=0.00 secs] 
522.924: [GC (Allocation Failure) [PSYoungGen: 193440K->1440K(199168K)] 481132K->289132K(827392K), 0.0017241 secs] [Times: user=0.00 sys=0.00, real=0.00 secs] 
526.162: [GC (Allocation Failure) [PSYoungGen: 198048K->1440K(199168K)] 485740K->289132K(827392K), 0.0027410 secs] [Times: user=0.02 sys=0.00, real=0.00 secs] 
528.761: [GC (Allocation Failure) [PSYoungGen: 198048K->2464K(203776K)] 485740K->290164K(832000K), 0.0037107 secs] [Times: user=0.02 sys=0.00, real=0.00 secs] 
529.986: [GC (Allocation Failure) [PSYoungGen: 203680K->1376K(203776K)] 491380K->289076K(832000K), 0.0018295 secs] [Times: user=0.01 sys=0.00, real=0.00 secs] 
531.941: [GC (Allocation Failure) [PSYoungGen: 202592K->1472K(208896K)] 490292K->289172K(837120K), 0.0024406 secs] [Times: user=0.01 sys=0.00, real=0.00 secs] 
533.662: [GC (Allocation Failure) [PSYoungGen: 207808K->2432K(208896K)] 495508K->293204K(837120K), 0.0019975 secs] [Times: user=0.01 sys=0.00, real=0.00 secs] 
534.761: [GC (Allocation Failure) [PSYoungGen: 208768K->416K(213504K)] 499540K->291188K(841728K), 0.0017415 secs] [Times: user=0.01 sys=0.00, real=0.00 secs] 
538.744: [GC (Allocation Failure) [PSYoungGen: 211360K->1440K(214016K)] 502132K->292212K(842240K), 0.0026570 secs] [Times: user=0.01 sys=0.00, real=0.01 secs] 
542.865: [GC (Allocation Failure) [PSYoungGen: 212384K->1440K(218112K)] 503156K->292220K(846336K), 0.0035157 secs] [Times: user=0.02 sys=0.00, real=0.01 secs] 
544.377: [GC (Allocation Failure) [PSYoungGen: 216992K->1408K(218112K)] 507772K->292188K(846336K), 0.0021137 secs] [Times: user=0.01 sys=0.00, real=0.00 secs] 
547.403: [GC (Allocation Failure) [PSYoungGen: 216960K->1440K(222720K)] 507740K->292220K(850944K), 0.0020215 secs] [Times: user=0.01 sys=0.00, real=0.00 secs] 
550.195: [GC (Allocation Failure) [PSYoungGen: 221600K->1440K(222720K)] 512380K->292220K(850944K), 0.0026848 secs] [Times: user=0.01 sys=0.00, real=0.01 secs] 
553.057: [GC (Allocation Failure) [PSYoungGen: 221600K->2512K(226816K)] 512380K->294316K(855040K), 0.0024487 secs] [Times: user=0.01 sys=0.00, real=0.00 secs] 
555.835: [GC (Allocation Failure) [PSYoungGen: 226768K->1424K(227328K)] 518572K->293268K(855552K), 0.0024728 secs] [Times: user=0.01 sys=0.00, real=0.01 secs] 
558.376: [GC (Allocation Failure) [PSYoungGen: 226192K->1472K(230912K)] 518036K->293324K(859136K), 0.0021124 secs] [Times: user=0.01 sys=0.00, real=0.00 secs] 
561.429: [GC (Allocation Failure) [PSYoungGen: 229824K->1440K(230912K)] 521676K->293292K(859136K), 0.0022796 secs] [Times: user=0.01 sys=0.00, real=0.00 secs] 
563.665: [GC (Allocation Failure) [PSYoungGen: 229792K->2464K(234496K)] 521644K->297388K(862720K), 0.0019991 secs] [Times: user=0.01 sys=0.00, real=0.01 secs] 
565.569: [GC (Allocation Failure) [PSYoungGen: 234400K->384K(235008K)] 529324K->295316K(863232K), 0.0018681 secs] [Times: user=0.01 sys=0.00, real=0.00 secs] 
568.218: [GC (Allocation Failure) [PSYoungGen: 232320K->1472K(239104K)] 527252K->296404K(867328K), 0.0036476 secs] [Times: user=0.01 sys=0.00, real=0.00 secs] 
570.493: [GC (Allocation Failure) [PSYoungGen: 237504K->1440K(239104K)] 532436K->296380K(867328K), 0.0016625 secs] [Times: user=0.00 sys=0.00, real=0.00 secs] 
574.054: [GC (Allocation Failure) [PSYoungGen: 237472K->1440K(243200K)] 532412K->296380K(871424K), 0.0041342 secs] [Times: user=0.01 sys=0.00, real=0.01 secs] 
577.408: [GC (Allocation Failure) [PSYoungGen: 241909K->288K(243200K)] 536849K->295244K(871424K), 0.0013376 secs] [Times: user=0.00 sys=0.00, real=0.00 secs] 
580.018: [GC (Allocation Failure) [PSYoungGen: 240928K->1440K(247296K)] 535884K->296396K(875520K), 0.0025830 secs] [Times: user=0.00 sys=0.01, real=0.00 secs] 
582.217: [GC (Allocation Failure) [PSYoungGen: 246176K->1440K(247296K)] 541132K->296396K(875520K), 0.0025872 secs] [Times: user=0.01 sys=0.00, real=0.00 secs] 
584.576: [GC (Allocation Failure) [PSYoungGen: 246176K->1456K(251904K)] 541132K->296412K(880128K), 0.0030907 secs] [Times: user=0.01 sys=0.01, real=0.00 secs] 
587.366: [GC (Allocation Failure) [PSYoungGen: 250800K->1440K(251904K)] 545756K->296412K(880128K), 0.0059505 secs] [Times: user=0.02 sys=0.00, real=0.01 secs] 
590.034: [GC (Allocation Failure) [PSYoungGen: 250784K->1408K(258048K)] 545756K->296388K(886272K), 0.0029117 secs] [Times: user=0.01 sys=0.00, real=0.01 secs] 
593.283: [GC (Allocation Failure) [PSYoungGen: 256896K->1392K(258048K)] 551876K->296388K(886272K), 0.0015283 secs] [Times: user=0.00 sys=0.00, real=0.00 secs] 
596.082: [GC (Allocation Failure) [PSYoungGen: 256880K->1408K(262144K)] 551876K->296412K(890368K), 0.0022465 secs] [Times: user=0.01 sys=0.00, real=0.00 secs] 
598.762: [GC (Allocation Failure) [PSYoungGen: 262016K->1440K(262656K)] 557020K->296444K(890880K), 0.0032849 secs] [Times: user=0.01 sys=0.00, real=0.00 secs] 
601.503: [GC (Allocation Failure) [PSYoungGen: 262048K->1424K(267776K)] 557052K->296428K(896000K), 0.0028895 secs] [Times: user=0.01 sys=0.00, real=0.00 secs] 
603.789: [GC (Allocation Failure) [PSYoungGen: 267152K->1424K(267776K)] 562156K->296436K(896000K), 0.0021674 secs] [Times: user=0.01 sys=0.00, real=0.00 secs] 
606.107: [GC (Allocation Failure) [PSYoungGen: 267152K->1456K(272896K)] 562164K->296476K(901120K), 0.0020118 secs] [Times: user=0.01 sys=0.00, real=0.00 secs] 
608.620: [GC (Allocation Failure) [PSYoungGen: 272304K->1472K(272896K)] 567324K->296492K(901120K), 0.0036241 secs] [Times: user=0.01 sys=0.00, real=0.00 secs] 
611.914: [GC (Allocation Failure) [PSYoungGen: 272320K->1440K(278528K)] 567340K->296476K(906752K), 0.0029708 secs] [Times: user=0.01 sys=0.00, real=0.01 secs] 
616.000: [GC (Allocation Failure) [PSYoungGen: 277920K->1440K(278528K)] 572956K->296484K(906752K), 0.0016409 secs] [Times: user=0.00 sys=0.00, real=0.00 secs] 
617.586: [GC (Allocation Failure) [PSYoungGen: 277920K->1408K(283136K)] 572964K->296452K(911360K), 0.0018201 secs] [Times: user=0.01 sys=0.00, real=0.00 secs] 
619.138: [GC (Allocation Failure) [PSYoungGen: 282496K->1389K(283136K)] 577540K->296441K(911360K), 0.0014988 secs] [Times: user=0.00 sys=0.00, real=0.00 secs] 
621.133: [GC (Allocation Failure) [PSYoungGen: 282477K->1488K(288256K)] 577529K->296540K(916480K), 0.0028827 secs] [Times: user=0.02 sys=0.01, real=0.00 secs] 
624.049: [GC (Allocation Failure) [PSYoungGen: 287696K->1472K(288256K)] 582748K->296524K(916480K), 0.0030470 secs] [Times: user=0.01 sys=0.00, real=0.00 secs] 
627.251: [GC (Allocation Failure) [PSYoungGen: 287680K->1424K(293888K)] 582732K->296484K(922112K), 0.0039483 secs] [Times: user=0.02 sys=0.01, real=0.00 secs] 
630.948: [GC (Allocation Failure) [PSYoungGen: 293264K->1376K(293888K)] 588324K->296444K(922112K), 0.0025054 secs] [Times: user=0.01 sys=0.00, real=0.00 secs] 
635.473: [GC (Allocation Failure) [PSYoungGen: 293216K->1424K(298496K)] 588284K->296492K(926720K), 0.0033948 secs] [Times: user=0.02 sys=0.00, real=0.01 secs] 
639.123: [GC (Allocation Failure) [PSYoungGen: 298384K->1472K(299008K)] 593452K->296548K(927232K), 0.0021701 secs] [Times: user=0.01 sys=0.00, real=0.00 secs] 
643.502: [GC (Allocation Failure) [PSYoungGen: 298432K->1440K(303104K)] 593508K->296516K(931328K), 0.0020511 secs] [Times: user=0.01 sys=0.00, real=0.00 secs] 
645.934: [GC (Allocation Failure) [PSYoungGen: 303008K->1440K(303616K)] 598084K->296532K(931840K), 0.0020147 secs] [Times: user=0.01 sys=0.00, real=0.01 secs] 
648.336: [GC (Allocation Failure) [PSYoungGen: 303008K->1408K(308224K)] 598100K->296508K(936448K), 0.0028312 secs] [Times: user=0.01 sys=0.00, real=0.01 secs] 
650.269: [GC (Allocation Failure) [PSYoungGen: 307584K->1408K(308224K)] 602684K->296508K(936448K), 0.0019859 secs] [Times: user=0.01 sys=0.00, real=0.00 secs] 
654.174: [GC (Allocation Failure) [PSYoungGen: 307584K->1424K(312832K)] 602684K->296540K(941056K), 0.0033551 secs] [Times: user=0.01 sys=0.00, real=0.01 secs] 
658.363: [GC (Allocation Failure) [PSYoungGen: 312720K->1456K(313344K)] 607836K->296588K(941568K), 0.0032888 secs] [Times: user=0.01 sys=0.00, real=0.01 secs] 
662.994: [GC (Allocation Failure) [PSYoungGen: 312752K->1389K(317440K)] 607884K->296545K(945664K), 0.0014862 secs] [Times: user=0.00 sys=0.00, real=0.00 secs] 
666.404: [GC (Allocation Failure) [PSYoungGen: 317293K->1440K(317952K)] 612449K->296596K(946176K), 0.0018646 secs] [Times: user=0.01 sys=0.00, real=0.01 secs] 
669.227: [GC (Allocation Failure) [PSYoungGen: 317344K->1440K(322048K)] 612500K->296596K(950272K), 0.0022452 secs] [Times: user=0.01 sys=0.00, real=0.00 secs] 
671.686: [GC (Allocation Failure) [PSYoungGen: 321952K->1440K(322048K)] 617108K->296596K(950272K), 0.0016609 secs] [Times: user=0.01 sys=0.00, real=0.00 secs] 
674.379: [GC (Allocation Failure) [PSYoungGen: 321952K->1456K(326656K)] 617108K->296620K(954880K), 0.0018576 secs] [Times: user=0.00 sys=0.00, real=0.00 secs] 
677.253: [GC (Allocation Failure) [PSYoungGen: 326576K->1424K(326656K)] 621740K->296588K(954880K), 0.0033049 secs] [Times: user=0.01 sys=0.01, real=0.01 secs] 
681.103: [GC (Allocation Failure) [PSYoungGen: 326544K->1440K(331776K)] 621708K->296612K(960000K), 0.0027172 secs] [Times: user=0.01 sys=0.00, real=0.00 secs] 
684.209: [GC (Allocation Failure) [PSYoungGen: 331680K->1408K(331776K)] 626852K->296588K(960000K), 0.0025135 secs] [Times: user=0.01 sys=0.00, real=0.00 secs] 
687.367: [GC (Allocation Failure) [PSYoungGen: 331648K->1408K(336896K)] 626828K->296596K(965120K), 0.0024117 secs] [Times: user=0.01 sys=0.00, real=0.00 secs] 
691.000: [GC (Allocation Failure) [PSYoungGen: 336768K->1472K(336896K)] 631956K->296660K(965120K), 0.0026983 secs] [Times: user=0.01 sys=0.00, real=0.00 secs] 
693.332: [GC (Allocation Failure) [PSYoungGen: 336832K->1472K(342016K)] 632020K->296676K(970240K), 0.0017014 secs] [Times: user=0.01 sys=0.00, real=0.00 secs] 
696.187: [GC (Allocation Failure) [PSYoungGen: 341952K->1456K(342016K)] 637156K->296668K(970240K), 0.0017119 secs] [Times: user=0.01 sys=0.00, real=0.00 secs] 
698.425: [GC (Allocation Failure) [PSYoungGen: 341936K->1456K(346624K)] 637148K->296676K(974848K), 0.0017138 secs] [Times: user=0.01 sys=0.00, real=0.01 secs] 
701.885: [GC (Allocation Failure) [PSYoungGen: 346544K->1472K(346624K)] 641764K->296716K(974848K), 0.0019407 secs] [Times: user=0.00 sys=0.00, real=0.01 secs] 
704.550: [GC (Allocation Failure) [PSYoungGen: 346560K->1408K(351232K)] 641804K->296660K(979456K), 0.0024952 secs] [Times: user=0.01 sys=0.00, real=0.00 secs] 
708.780: [GC (Allocation Failure) [PSYoungGen: 351104K->1472K(351232K)] 646356K->296724K(979456K), 0.0037814 secs] [Times: user=0.01 sys=0.00, real=0.00 secs] 
712.633: [GC (Allocation Failure) [PSYoungGen: 351168K->1472K(356352K)] 646420K->296724K(984576K), 0.0033427 secs] [Times: user=0.01 sys=0.00, real=0.01 secs] 
717.086: [GC (Allocation Failure) [PSYoungGen: 356288K->1472K(356352K)] 651540K->296724K(984576K), 0.0018303 secs] [Times: user=0.00 sys=0.00, real=0.00 secs] 
720.247: [GC (Allocation Failure) [PSYoungGen: 356288K->1456K(360960K)] 651540K->296708K(989184K), 0.0015472 secs] [Times: user=0.01 sys=0.00, real=0.00 secs] 
723.467: [GC (Allocation Failure) [PSYoungGen: 360880K->1488K(361472K)] 656132K->296748K(989696K), 0.0018916 secs] [Times: user=0.01 sys=0.00, real=0.00 secs] 
726.867: [GC (Allocation Failure) [PSYoungGen: 361424K->1440K(365568K)] 656684K->296700K(993792K), 0.0028357 secs] [Times: user=0.01 sys=0.01, real=0.00 secs] 
729.386: [GC (Allocation Failure) [PSYoungGen: 365472K->1488K(365568K)] 660732K->296748K(993792K), 0.0017037 secs] [Times: user=0.01 sys=0.00, real=0.00 secs] 
733.472: [GC (Allocation Failure) [PSYoungGen: 365520K->1456K(370176K)] 660780K->296732K(998400K), 0.0017753 secs] [Times: user=0.00 sys=0.00, real=0.00 secs] 
738.368: [GC (Allocation Failure) [PSYoungGen: 370096K->1472K(370688K)] 665372K->296748K(998912K), 0.0021641 secs] [Times: user=0.01 sys=0.00, real=0.00 secs] 
741.013: [GC (Allocation Failure) [PSYoungGen: 370624K->1472K(374272K)] 665900K->296748K(1002496K), 0.0019056 secs] [Times: user=0.00 sys=0.00, real=0.00 secs] 
743.121: [GC (Allocation Failure) [PSYoungGen: 374208K->1472K(374272K)] 669484K->296756K(1002496K), 0.0019609 secs] [Times: user=0.01 sys=0.00, real=0.00 secs] 
747.169: [GC (Allocation Failure) [PSYoungGen: 374208K->1440K(378880K)] 669492K->296732K(1007104K), 0.0018192 secs] [Times: user=0.01 sys=0.00, real=0.00 secs] 
750.364: [GC (Allocation Failure) [PSYoungGen: 378784K->1456K(379392K)] 674076K->296764K(1007616K), 0.0018544 secs] [Times: user=0.00 sys=0.00, real=0.00 secs] 
752.990: [GC (Allocation Failure) [PSYoungGen: 379312K->1472K(383488K)] 674620K->296788K(1011712K), 0.0025580 secs] [Times: user=0.01 sys=0.00, real=0.00 secs] 
756.788: [GC (Allocation Failure) [PSYoungGen: 383424K->1456K(383488K)] 678740K->296812K(1011712K), 0.0018038 secs] [Times: user=0.01 sys=0.00, real=0.00 secs] 
759.545: [GC (Allocation Failure) [PSYoungGen: 383408K->1440K(388608K)] 678764K->296804K(1016832K), 0.0020199 secs] [Times: user=0.01 sys=0.00, real=0.01 secs] 
764.069: [GC (Allocation Failure) [PSYoungGen: 388512K->1424K(388608K)] 683876K->296788K(1016832K), 0.0031316 secs] [Times: user=0.01 sys=0.00, real=0.00 secs] 
770.181: [GC (Allocation Failure) [PSYoungGen: 388496K->1424K(393216K)] 683860K->296796K(1021440K), 0.0018546 secs] [Times: user=0.01 sys=0.00, real=0.00 secs] 
775.938: [GC (Allocation Failure) [PSYoungGen: 393104K->1440K(393728K)] 688476K->296812K(1021952K), 0.0035845 secs] [Times: user=0.02 sys=0.00, real=0.00 secs] 
780.225: [GC (Allocation Failure) [PSYoungGen: 393632K->1440K(397824K)] 689004K->296820K(1026048K), 0.0022589 secs] [Times: user=0.01 sys=0.00, real=0.01 secs] 
784.020: [GC (Allocation Failure) [PSYoungGen: 397728K->1440K(397824K)] 693108K->296820K(1026048K), 0.0016662 secs] [Times: user=0.01 sys=0.00, real=0.00 secs] 
788.787: [GC (Allocation Failure) [PSYoungGen: 397728K->1408K(402432K)] 693108K->296804K(1030656K), 0.0039902 secs] [Times: user=0.01 sys=0.00, real=0.00 secs] 
793.820: [GC (Allocation Failure) [PSYoungGen: 402304K->1376K(402432K)] 697700K->296780K(1030656K), 0.0040734 secs] [Times: user=0.02 sys=0.00, real=0.00 secs] 
799.702: [GC (Allocation Failure) [PSYoungGen: 402272K->1440K(407040K)] 697676K->296844K(1035264K), 0.0018410 secs] [Times: user=0.01 sys=0.00, real=0.00 secs] 
803.505: [GC (Allocation Failure) [PSYoungGen: 406944K->1408K(407552K)] 702348K->296812K(1035776K), 0.0032109 secs] [Times: user=0.01 sys=0.00, real=0.01 secs] 
807.063: [GC (Allocation Failure) [PSYoungGen: 407424K->1392K(412160K)] 702828K->296796K(1040384K), 0.0018406 secs] [Times: user=0.00 sys=0.01, real=0.00 secs] 
811.149: [GC (Allocation Failure) [PSYoungGen: 412016K->1424K(412160K)] 707420K->296844K(1040384K), 0.0017338 secs] [Times: user=0.01 sys=0.00, real=0.00 secs] 
814.320: [GC (Allocation Failure) [PSYoungGen: 412048K->1408K(416768K)] 707468K->296836K(1044992K), 0.0024800 secs] [Times: user=0.01 sys=0.00, real=0.00 secs] 
820.688: [GC (Allocation Failure) [PSYoungGen: 416640K->1424K(416768K)] 712068K->296860K(1044992K), 0.0028248 secs] [Times: user=0.01 sys=0.00, real=0.00 secs] 
825.447: [GC (Allocation Failure) [PSYoungGen: 416656K->1472K(421376K)] 712092K->296916K(1049600K), 0.0018760 secs] [Times: user=0.01 sys=0.00, real=0.00 secs] 
827.868: [GC (Allocation Failure) [PSYoungGen: 421312K->1440K(421376K)] 716756K->296900K(1049600K), 0.0020574 secs] [Times: user=0.01 sys=0.00, real=0.00 secs] 
832.682: [GC (Allocation Failure) [PSYoungGen: 421280K->1472K(426496K)] 716740K->296940K(1054720K), 0.0035027 secs] [Times: user=0.01 sys=0.00, real=0.00 secs] 
835.473: [GC (Allocation Failure) [PSYoungGen: 426432K->1440K(426496K)] 721900K->296908K(1054720K), 0.0023120 secs] [Times: user=0.01 sys=0.00, real=0.00 secs] 
840.123: [GC (Allocation Failure) [PSYoungGen: 426400K->1389K(431616K)] 721868K->296865K(1059840K), 0.0015222 secs] [Times: user=0.00 sys=0.00, real=0.00 secs] 
844.559: [GC (Allocation Failure) [PSYoungGen: 431469K->1440K(432128K)] 726945K->296916K(1060352K), 0.0027278 secs] [Times: user=0.01 sys=0.00, real=0.00 secs] 
850.665: [GC (Allocation Failure) [PSYoungGen: 432032K->1456K(436736K)] 727508K->296932K(1064960K), 0.0028265 secs] [Times: user=0.01 sys=0.01, real=0.01 secs] 
856.935: [GC (Allocation Failure) [PSYoungGen: 436656K->1408K(436736K)] 732132K->296884K(1064960K), 0.0021069 secs] [Times: user=0.01 sys=0.00, real=0.01 secs] 
860.937: [GC (Allocation Failure) [PSYoungGen: 436608K->1440K(441344K)] 732084K->296924K(1069568K), 0.0030972 secs] [Times: user=0.02 sys=0.00, real=0.00 secs] 
868.428: [GC (Allocation Failure) [PSYoungGen: 441248K->1408K(441344K)] 736732K->296900K(1069568K), 0.0030823 secs] [Times: user=0.01 sys=0.00, real=0.00 secs] 
873.034: [GC (Allocation Failure) [PSYoungGen: 441216K->1408K(445952K)] 736708K->296900K(1074176K), 0.0020994 secs] [Times: user=0.01 sys=0.00, real=0.01 secs] 
878.114: [GC (Allocation Failure) [PSYoungGen: 445824K->1376K(445952K)] 741316K->296868K(1074176K), 0.0030916 secs] [Times: user=0.01 sys=0.00, real=0.01 secs] 
882.301: [GC (Allocation Failure) [PSYoungGen: 445792K->1408K(450560K)] 741284K->296908K(1078784K), 0.0025979 secs] [Times: user=0.01 sys=0.00, real=0.00 secs] 
888.064: [GC (Allocation Failure) [PSYoungGen: 450432K->1408K(450560K)] 745932K->296908K(1078784K), 0.0019368 secs] [Times: user=0.01 sys=0.00, real=0.01 secs] 
890.374: [GC (Allocation Failure) [PSYoungGen: 450432K->1424K(455168K)] 745932K->296932K(1083392K), 0.0014797 secs] [Times: user=0.00 sys=0.00, real=0.00 secs] 
895.184: [GC (Allocation Failure) [PSYoungGen: 455056K->1408K(455168K)] 750564K->296932K(1083392K), 0.0037237 secs] [Times: user=0.02 sys=0.00, real=0.01 secs] 
901.388: [GC (Allocation Failure) [PSYoungGen: 455040K->1440K(460288K)] 750564K->296964K(1088512K), 0.0033242 secs] [Times: user=0.01 sys=0.00, real=0.00 secs] 
904.281: [GC (Allocation Failure) [PSYoungGen: 460192K->1456K(460800K)] 755716K->296988K(1089024K), 0.0017677 secs] [Times: user=0.00 sys=0.00, real=0.00 secs] 
908.089: [GC (Allocation Failure) [PSYoungGen: 460720K->1408K(465920K)] 756252K->296940K(1094144K), 0.0021056 secs] [Times: user=0.01 sys=0.00, real=0.00 secs] 
914.859: [GC (Allocation Failure) [PSYoungGen: 465792K->1408K(465920K)] 761324K->296948K(1094144K), 0.0027216 secs] [Times: user=0.01 sys=0.00, real=0.00 secs] 
921.197: [GC (Allocation Failure) [PSYoungGen: 465792K->1360K(470528K)] 761332K->296908K(1098752K), 0.0015611 secs] [Times: user=0.01 sys=0.00, real=0.00 secs] 
926.887: [GC (Allocation Failure) [PSYoungGen: 470352K->1392K(471040K)] 765900K->296956K(1099264K), 0.0020254 secs] [Times: user=0.01 sys=0.00, real=0.00 secs] 
931.376: [GC (Allocation Failure) [PSYoungGen: 470896K->1408K(474624K)] 766460K->296972K(1102848K), 0.0020215 secs] [Times: user=0.00 sys=0.00, real=0.00 secs] 
936.745: [GC (Allocation Failure) [PSYoungGen: 474496K->1408K(474624K)] 770060K->296972K(1102848K), 0.0023685 secs] [Times: user=0.00 sys=0.00, real=0.01 secs] 
942.739: [GC (Allocation Failure) [PSYoungGen: 474496K->1472K(478720K)] 770060K->297044K(1106944K), 0.0025761 secs] [Times: user=0.01 sys=0.00, real=0.00 secs] 
949.899: [GC (Allocation Failure) [PSYoungGen: 478656K->1376K(478720K)] 774228K->296948K(1106944K), 0.0037875 secs] [Times: user=0.01 sys=0.00, real=0.00 secs] 
954.237: [GC (Allocation Failure) [PSYoungGen: 478560K->1408K(483328K)] 774132K->297004K(1111552K), 0.0018574 secs] [Times: user=0.01 sys=0.00, real=0.00 secs] 
959.973: [GC (Allocation Failure) [PSYoungGen: 483200K->1472K(483328K)] 778796K->297068K(1111552K), 0.0018065 secs] [Times: user=0.01 sys=0.00, real=0.00 secs] 
965.692: [GC (Allocation Failure) [PSYoungGen: 483264K->1440K(487424K)] 778860K->297036K(1115648K), 0.0032195 secs] [Times: user=0.01 sys=0.00, real=0.00 secs] 
969.429: [GC (Allocation Failure) [PSYoungGen: 487328K->1504K(487424K)] 782924K->297100K(1115648K), 0.0017370 secs] [Times: user=0.01 sys=0.00, real=0.00 secs] 
973.415: [GC (Allocation Failure) [PSYoungGen: 487391K->1504K(491520K)] 782987K->297108K(1119744K), 0.0016931 secs] [Times: user=0.01 sys=0.00, real=0.01 secs] 
980.634: [GC (Allocation Failure) [PSYoungGen: 491488K->1440K(492032K)] 787092K->297052K(1120256K), 0.0038077 secs] [Times: user=0.01 sys=0.01, real=0.01 secs] 
987.945: [GC (Allocation Failure) [PSYoungGen: 491424K->1456K(496128K)] 787036K->297084K(1124352K), 0.0034225 secs] [Times: user=0.01 sys=0.00, real=0.01 secs] 
993.546: [GC (Allocation Failure) [PSYoungGen: 496048K->1424K(496128K)] 791676K->297052K(1124352K), 0.0017439 secs] [Times: user=0.01 sys=0.00, real=0.00 secs] 
997.390: [GC (Allocation Failure) [PSYoungGen: 496016K->1440K(500736K)] 791644K->297068K(1128960K), 0.0031730 secs] [Times: user=0.01 sys=0.00, real=0.00 secs] 
1004.405: [GC (Allocation Failure) [PSYoungGen: 500640K->1440K(500736K)] 796268K->297068K(1128960K), 0.0034204 secs] [Times: user=0.01 sys=0.00, real=0.01 secs] 
1011.578: [GC (Allocation Failure) [PSYoungGen: 500640K->1437K(505344K)] 796268K->297081K(1133568K), 0.0014281 secs] [Times: user=0.00 sys=0.00, real=0.00 secs] 
1015.852: [GC (Allocation Failure) [PSYoungGen: 505245K->1472K(505856K)] 800889K->297124K(1134080K), 0.0033926 secs] [Times: user=0.02 sys=0.00, real=0.00 secs] 
1023.228: [GC (Allocation Failure) [PSYoungGen: 505792K->1440K(510464K)] 801444K->297092K(1138688K), 0.0033933 secs] [Times: user=0.01 sys=0.01, real=0.00 secs] 
1028.103: [GC (Allocation Failure) [PSYoungGen: 510368K->1440K(510464K)] 806020K->297092K(1138688K), 0.0015361 secs] [Times: user=0.00 sys=0.00, real=0.00 secs] 
1033.601: [GC (Allocation Failure) [PSYoungGen: 510368K->1408K(515072K)] 806020K->297060K(1143296K), 0.0043048 secs] [Times: user=0.01 sys=0.01, real=0.00 secs] 
1040.550: [GC (Allocation Failure) [PSYoungGen: 514944K->1440K(515072K)] 810596K->297100K(1143296K), 0.0017813 secs] [Times: user=0.01 sys=0.00, real=0.00 secs] 
1044.748: [GC (Allocation Failure) [PSYoungGen: 514976K->1408K(519680K)] 810636K->297084K(1147904K), 0.0018911 secs] [Times: user=0.01 sys=0.00, real=0.00 secs] 
1050.224: [GC (Allocation Failure) [PSYoungGen: 519552K->1360K(520192K)] 815228K->297044K(1148416K), 0.0015677 secs] [Times: user=0.01 sys=0.00, real=0.00 secs] 
1057.441: [GC (Allocation Failure) [PSYoungGen: 520016K->1408K(524288K)] 815700K->297108K(1152512K), 0.0039531 secs] [Times: user=0.01 sys=0.01, real=0.00 secs] 
1062.378: [GC (Allocation Failure) [PSYoungGen: 524160K->1472K(524288K)] 819860K->297180K(1152512K), 0.0018715 secs] [Times: user=0.01 sys=0.00, real=0.00 secs] 
1066.108: [GC (Allocation Failure) [PSYoungGen: 524224K->1408K(528896K)] 819932K->297124K(1157120K), 0.0016806 secs] [Times: user=0.01 sys=0.00, real=0.00 secs] 
1070.158: [GC (Allocation Failure) [PSYoungGen: 528768K->1360K(528896K)] 824484K->297084K(1157120K), 0.0015564 secs] [Times: user=0.01 sys=0.00, real=0.00 secs] 
1078.266: [GC (Allocation Failure) [PSYoungGen: 528720K->1408K(516096K)] 824444K->297132K(1144320K), 0.0025492 secs] [Times: user=0.01 sys=0.00, real=0.00 secs] 
1083.418: [GC (Allocation Failure) [PSYoungGen: 515968K->1472K(520192K)] 811692K->297204K(1148416K), 0.0024541 secs] [Times: user=0.01 sys=0.00, real=0.00 secs] 
1090.137: [GC (Allocation Failure) [PSYoungGen: 520128K->416K(506368K)] 815860K->297172K(1134592K), 0.0020842 secs] [Times: user=0.01 sys=0.00, real=0.00 secs] 
1094.339: [GC (Allocation Failure) [PSYoungGen: 506272K->1440K(512512K)] 803028K->298196K(1140736K), 0.0028187 secs] [Times: user=0.01 sys=0.00, real=0.00 secs] 
1098.840: [GC (Allocation Failure) [PSYoungGen: 511904K->1440K(517120K)] 808660K->298204K(1145344K), 0.0024391 secs] [Times: user=0.01 sys=0.00, real=0.00 secs] 
1105.800: [GC (Allocation Failure) [PSYoungGen: 517024K->1440K(521728K)] 813788K->298204K(1149952K), 0.0018837 secs] [Times: user=0.01 sys=0.00, real=0.00 secs] 
1110.156: [GC (Allocation Failure) [PSYoungGen: 521632K->1440K(526336K)] 818396K->298204K(1154560K), 0.0020921 secs] [Times: user=0.01 sys=0.00, real=0.00 secs] 
1114.126: [GC (Allocation Failure) [PSYoungGen: 526240K->1440K(530432K)] 823004K->298204K(1158656K), 0.0021832 secs] [Times: user=0.00 sys=0.00, real=0.00 secs] 
1117.718: [GC (Allocation Failure) [PSYoungGen: 529824K->1408K(531968K)] 826588K->298172K(1160192K), 0.0019478 secs] [Times: user=0.01 sys=0.00, real=0.00 secs] 
1123.256: [GC (Allocation Failure) [PSYoungGen: 531328K->1392K(531968K)] 828092K->298164K(1160192K), 0.0021210 secs] [Times: user=0.01 sys=0.00, real=0.01 secs] 
1130.834: [GC (Allocation Failure) [PSYoungGen: 531312K->1440K(536064K)] 828084K->298212K(1164288K), 0.0022448 secs] [Times: user=0.01 sys=0.00, real=0.01 secs] 
1136.039: [GC (Allocation Failure) [PSYoungGen: 535968K->1392K(522752K)] 832740K->298180K(1150976K), 0.0015631 secs] [Times: user=0.01 sys=0.00, real=0.00 secs] 
1142.288: [GC (Allocation Failure) [PSYoungGen: 522608K->1408K(527360K)] 819396K->298196K(1155584K), 0.0031530 secs] [Times: user=0.01 sys=0.01, real=0.00 secs] 
1148.933: [GC (Allocation Failure) [PSYoungGen: 527232K->1440K(514560K)] 824020K->298236K(1142784K), 0.0020893 secs] [Times: user=0.01 sys=0.00, real=0.00 secs] 
1153.021: [GC (Allocation Failure) [PSYoungGen: 514464K->1408K(519680K)] 811260K->298204K(1147904K), 0.0031410 secs] [Times: user=0.01 sys=0.00, real=0.00 secs] 
1157.695: [GC (Allocation Failure) [PSYoungGen: 519552K->1360K(524800K)] 816348K->298156K(1153024K), 0.0022165 secs] [Times: user=0.00 sys=0.00, real=0.01 secs] 
1163.737: [GC (Allocation Failure) [PSYoungGen: 524624K->1376K(529920K)] 821420K->298188K(1158144K), 0.0026525 secs] [Times: user=0.01 sys=0.00, real=0.00 secs] 
1169.109: [GC (Allocation Failure) [PSYoungGen: 529760K->1408K(533504K)] 826572K->298236K(1161728K), 0.0020085 secs] [Times: user=0.01 sys=0.00, real=0.00 secs] 
1174.595: [GC (Allocation Failure) [PSYoungGen: 532864K->1424K(535040K)] 829692K->298252K(1163264K), 0.0022266 secs] [Times: user=0.00 sys=0.00, real=0.01 secs] 
1181.004: [GC (Allocation Failure) [PSYoungGen: 534416K->1440K(535040K)] 831244K->298276K(1163264K), 0.0023613 secs] [Times: user=0.00 sys=0.00, real=0.01 secs] 
1188.578: [GC (Allocation Failure) [PSYoungGen: 534432K->1408K(521216K)] 831268K->298244K(1149440K), 0.0026860 secs] [Times: user=0.01 sys=0.00, real=0.00 secs] 
1195.373: [GC (Allocation Failure) [PSYoungGen: 521088K->1440K(508416K)] 817924K->298276K(1136640K), 0.0023413 secs] [Times: user=0.01 sys=0.00, real=0.00 secs] 
1202.519: [GC (Allocation Failure) [PSYoungGen: 508320K->336K(495104K)] 805156K->298204K(1123328K), 0.0019872 secs] [Times: user=0.01 sys=0.00, real=0.00 secs] 
1208.459: [GC (Allocation Failure) [PSYoungGen: 494928K->320K(484864K)] 792796K->298188K(1113088K), 0.0026619 secs] [Times: user=0.02 sys=0.00, real=0.00 secs] 
1211.491: [GC (Allocation Failure) [PSYoungGen: 483136K->1408K(488960K)] 781004K->299276K(1117184K), 0.0020462 secs] [Times: user=0.01 sys=0.00, real=0.00 secs] 
1216.523: [GC (Allocation Failure) [PSYoungGen: 488832K->1408K(493056K)] 786700K->299276K(1121280K), 0.0019996 secs] [Times: user=0.01 sys=0.00, real=0.00 secs] 
1221.922: [GC (Allocation Failure) [PSYoungGen: 492928K->1440K(497664K)] 790796K->299308K(1125888K), 0.0031362 secs] [Times: user=0.02 sys=0.00, real=0.00 secs] 
1228.121: [GC (Allocation Failure) [PSYoungGen: 497568K->1392K(501760K)] 795436K->299260K(1129984K), 0.0018939 secs] [Times: user=0.01 sys=0.00, real=0.00 secs] 
1232.899: [GC (Allocation Failure) [PSYoungGen: 501616K->1408K(489984K)] 799484K->299276K(1118208K), 0.0016591 secs] [Times: user=0.01 sys=0.00, real=0.00 secs] 
1235.428: [GC (Allocation Failure) [PSYoungGen: 489856K->1440K(494592K)] 787724K->299308K(1122816K), 0.0019067 secs] [Times: user=0.00 sys=0.00, real=0.00 secs] 
1241.331: [GC (Allocation Failure) [PSYoungGen: 494496K->1392K(499200K)] 792364K->299268K(1127424K), 0.0020711 secs] [Times: user=0.01 sys=0.00, real=0.00 secs] 
1247.377: [GC (Allocation Failure) [PSYoungGen: 499056K->1440K(503296K)] 796932K->299324K(1131520K), 0.0021433 secs] [Times: user=0.01 sys=0.00, real=0.00 secs] 
1252.143: [GC (Allocation Failure) [PSYoungGen: 503200K->1472K(507392K)] 801084K->299372K(1135616K), 0.0019081 secs] [Times: user=0.01 sys=0.00, real=0.00 secs] 
1258.606: [GC (Allocation Failure) [PSYoungGen: 507328K->1376K(512000K)] 805228K->299276K(1140224K), 0.0032392 secs] [Times: user=0.01 sys=0.00, real=0.01 secs] 
1264.680: [GC (Allocation Failure) [PSYoungGen: 511840K->1472K(499712K)] 809740K->299380K(1127936K), 0.0017121 secs] [Times: user=0.00 sys=0.00, real=0.00 secs] 
1267.222: [GC (Allocation Failure) [PSYoungGen: 499648K->1440K(504832K)] 797556K->299348K(1133056K), 0.0022546 secs] [Times: user=0.00 sys=0.00, real=0.00 secs] 
1273.115: [GC (Allocation Failure) [PSYoungGen: 504736K->1472K(509440K)] 802644K->299380K(1137664K), 0.0017838 secs] [Times: user=0.01 sys=0.00, real=0.01 secs] 
1277.736: [GC (Allocation Failure) [PSYoungGen: 509376K->1408K(514048K)] 807284K->299324K(1142272K), 0.0018054 secs] [Times: user=0.01 sys=0.00, real=0.00 secs] 
1282.624: [GC (Allocation Failure) [PSYoungGen: 513920K->1440K(518656K)] 811836K->299364K(1146880K), 0.0017653 secs] [Times: user=0.00 sys=0.00, real=0.01 secs] 
1287.110: [GC (Allocation Failure) [PSYoungGen: 518560K->1440K(523264K)] 816484K->299380K(1151488K), 0.0019998 secs] [Times: user=0.01 sys=0.00, real=0.00 secs] 
1292.847: [GC (Allocation Failure) [PSYoungGen: 523168K->1392K(510464K)] 821108K->299332K(1138688K), 0.0019298 secs] [Times: user=0.01 sys=0.00, real=0.00 secs] 
1298.963: [GC (Allocation Failure) [PSYoungGen: 510320K->1440K(515072K)] 808260K->299388K(1143296K), 0.0030664 secs] [Times: user=0.02 sys=0.00, real=0.00 secs] 
1304.154: [GC (Allocation Failure) [PSYoungGen: 514976K->1405K(502784K)] 812924K->299361K(1131008K), 0.0014803 secs] [Times: user=0.01 sys=0.00, real=0.00 secs] 
1309.193: [GC (Allocation Failure) [PSYoungGen: 502653K->1440K(491008K)] 800609K->299396K(1119232K), 0.0022168 secs] [Times: user=0.01 sys=0.00, real=0.00 secs] 
1315.507: [GC (Allocation Failure) [PSYoungGen: 490912K->1440K(495104K)] 788868K->299396K(1123328K), 0.0031822 secs] [Times: user=0.01 sys=0.01, real=0.00 secs] 
1319.550: [GC (Allocation Failure) [PSYoungGen: 495008K->1360K(499200K)] 792964K->299324K(1127424K), 0.0019208 secs] [Times: user=0.00 sys=0.01, real=0.00 secs] 
1325.300: [GC (Allocation Failure) [PSYoungGen: 499024K->1440K(487424K)] 796988K->299412K(1115648K), 0.0017791 secs] [Times: user=0.01 sys=0.00, real=0.00 secs] 
1330.264: [GC (Allocation Failure) [PSYoungGen: 487328K->1456K(476160K)] 785300K->299436K(1104384K), 0.0022081 secs] [Times: user=0.01 sys=0.00, real=0.00 secs] 
1335.556: [GC (Allocation Failure) [PSYoungGen: 476080K->1376K(480256K)] 774060K->299364K(1108480K), 0.0023146 secs] [Times: user=0.01 sys=0.00, real=0.00 secs] 
1341.037: [GC (Allocation Failure) [PSYoungGen: 480096K->1440K(468992K)] 778084K->299436K(1097216K), 0.0018408 secs] [Times: user=0.01 sys=0.01, real=0.00 secs] 
1346.051: [GC (Allocation Failure) [PSYoungGen: 468896K->160K(457216K)] 766892K->298156K(1085440K), 0.0015707 secs] [Times: user=0.01 sys=0.00, real=0.00 secs] 
1350.427: [GC (Allocation Failure) [PSYoungGen: 456864K->1376K(448512K)] 754860K->299372K(1076736K), 0.0015824 secs] [Times: user=0.00 sys=0.00, real=0.00 secs] 
1355.570: [GC (Allocation Failure) [PSYoungGen: 447840K->1920K(438784K)] 745836K->300436K(1067008K), 0.0016671 secs] [Times: user=0.01 sys=0.00, real=0.00 secs] 
1359.205: [GC (Allocation Failure) [PSYoungGen: 438656K->1408K(442368K)] 737172K->299924K(1070592K), 0.0034179 secs] [Times: user=0.01 sys=0.00, real=0.01 secs] 
1364.856: [GC (Allocation Failure) [PSYoungGen: 442240K->368K(445440K)] 740756K->299908K(1073664K), 0.0016840 secs] [Times: user=0.01 sys=0.00, real=0.00 secs] 
1369.533: [GC (Allocation Failure) [PSYoungGen: 445296K->1408K(451072K)] 744836K->300948K(1079296K), 0.0020794 secs] [Times: user=0.01 sys=0.00, real=0.00 secs] 
1373.054: [GC (Allocation Failure) [PSYoungGen: 450432K->1392K(454656K)] 749972K->300940K(1082880K), 0.0015430 secs] [Times: user=0.00 sys=0.00, real=0.00 secs] 
1375.635: [GC (Allocation Failure) [PSYoungGen: 454512K->1472K(459264K)] 754060K->301020K(1087488K), 0.0019713 secs] [Times: user=0.01 sys=0.00, real=0.01 secs] 
1379.407: [GC (Allocation Failure) [PSYoungGen: 459200K->1408K(463872K)] 758748K->300956K(1092096K), 0.0021144 secs] [Times: user=0.01 sys=0.00, real=0.00 secs] 
1383.668: [GC (Allocation Failure) [PSYoungGen: 463744K->1392K(470528K)] 763292K->300948K(1098752K), 0.0059423 secs] [Times: user=0.01 sys=0.00, real=0.00 secs] 
1390.665: [GC (Allocation Failure) [PSYoungGen: 470384K->1440K(476672K)] 769940K->300996K(1104896K), 0.0038689 secs] [Times: user=0.02 sys=0.00, real=0.01 secs] 
1396.427: [GC (Allocation Failure) [PSYoungGen: 476576K->1440K(482304K)] 776132K->300996K(1110528K), 0.0020687 secs] [Times: user=0.01 sys=0.00, real=0.00 secs] 
1403.055: [GC (Allocation Failure) [PSYoungGen: 482208K->1456K(487936K)] 781764K->301020K(1116160K), 0.0028476 secs] [Times: user=0.01 sys=0.00, real=0.01 secs] 
1406.905: [GC (Allocation Failure) [PSYoungGen: 487856K->1376K(493056K)] 787420K->300940K(1121280K), 0.0018083 secs] [Times: user=0.00 sys=0.01, real=0.01 secs] 
1412.279: [GC (Allocation Failure) [PSYoungGen: 492896K->1408K(498176K)] 792460K->300972K(1126400K), 0.0029420 secs] [Times: user=0.01 sys=0.00, real=0.00 secs] 
1418.610: [GC (Allocation Failure) [PSYoungGen: 498048K->1408K(503296K)] 797612K->300980K(1131520K), 0.0025694 secs] [Times: user=0.01 sys=0.00, real=0.00 secs] 
1425.738: [GC (Allocation Failure) [PSYoungGen: 503168K->1376K(507904K)] 802740K->300948K(1136128K), 0.0015927 secs] [Times: user=0.00 sys=0.00, real=0.00 secs] 
1432.282: [GC (Allocation Failure) [PSYoungGen: 507744K->1408K(512512K)] 807316K->300988K(1140736K), 0.0039632 secs] [Times: user=0.01 sys=0.00, real=0.00 secs] 
1438.224: [GC (Allocation Failure) [PSYoungGen: 512384K->1392K(514560K)] 811964K->300972K(1142784K), 0.0031321 secs] [Times: user=0.01 sys=0.00, real=0.01 secs] 
1442.833: [GC (Allocation Failure) [PSYoungGen: 514416K->1376K(515072K)] 813996K->300964K(1143296K), 0.0018705 secs] [Times: user=0.01 sys=0.00, real=0.00 secs] 
1448.319: [GC (Allocation Failure) [PSYoungGen: 514400K->1424K(519680K)] 813988K->301012K(1147904K), 0.0042510 secs] [Times: user=0.02 sys=0.00, real=0.00 secs] 
1454.693: [GC (Allocation Failure) [PSYoungGen: 519056K->1472K(519680K)] 818644K->301068K(1147904K), 0.0020072 secs] [Times: user=0.00 sys=0.00, real=0.00 secs] 
1459.205: [GC (Allocation Failure) [PSYoungGen: 519104K->1440K(523776K)] 818700K->301036K(1152000K), 0.0018814 secs] [Times: user=0.00 sys=0.00, real=0.01 secs] 
1468.666: [GC (Allocation Failure) [PSYoungGen: 523680K->1440K(510976K)] 823276K->301036K(1139200K), 0.0018647 secs] [Times: user=0.01 sys=0.00, real=0.01 secs] 
1473.850: [GC (Allocation Failure) [PSYoungGen: 510880K->1456K(515584K)] 810476K->301052K(1143808K), 0.0032404 secs] [Times: user=0.01 sys=0.00, real=0.00 secs] 
1478.727: [GC (Allocation Failure) [PSYoungGen: 515504K->1440K(520192K)] 815100K->301044K(1148416K), 0.0021281 secs] [Times: user=0.01 sys=0.00, real=0.00 secs] 
1484.403: [GC (Allocation Failure) [PSYoungGen: 520096K->1456K(522240K)] 819700K->301060K(1150464K), 0.0037979 secs] [Times: user=0.01 sys=0.00, real=0.01 secs] 
1490.383: [GC (Allocation Failure) [PSYoungGen: 522160K->160K(522752K)] 821764K->299764K(1150976K), 0.0014631 secs] [Times: user=0.01 sys=0.00, real=0.00 secs] 
1497.277: [GC (Allocation Failure) [PSYoungGen: 520864K->1424K(527360K)] 820468K->301028K(1155584K), 0.0025344 secs] [Times: user=0.01 sys=0.00, real=0.00 secs] 
1506.361: [GC (Allocation Failure) [PSYoungGen: 526736K->1424K(527360K)] 826340K->301036K(1155584K), 0.0035188 secs] [Times: user=0.01 sys=0.00, real=0.00 secs] 
1511.269: [GC (Allocation Failure) [PSYoungGen: 526736K->1472K(514048K)] 826348K->301084K(1142272K), 0.0018510 secs] [Times: user=0.01 sys=0.00, real=0.00 secs] 
1517.901: [GC (Allocation Failure) [PSYoungGen: 513984K->1405K(501760K)] 813596K->301017K(1129984K), 0.0016543 secs] [Times: user=0.01 sys=0.00, real=0.00 secs] 
1524.171: [GC (Allocation Failure) [PSYoungGen: 501629K->1472K(489984K)] 801241K->301084K(1118208K), 0.0027093 secs] [Times: user=0.01 sys=0.00, real=0.00 secs] 
1530.941: [GC (Allocation Failure) [PSYoungGen: 489920K->1440K(478720K)] 789532K->301076K(1106944K), 0.0028869 secs] [Times: user=0.01 sys=0.01, real=0.00 secs] 
1537.557: [GC (Allocation Failure) [PSYoungGen: 478624K->1376K(467456K)] 778260K->301028K(1095680K), 0.0025698 secs] [Times: user=0.01 sys=0.00, real=0.00 secs] 
1542.180: [GC (Allocation Failure) [PSYoungGen: 467296K->1456K(456704K)] 766948K->301116K(1084928K), 0.0019818 secs] [Times: user=0.00 sys=0.00, real=0.00 secs] 
1545.336: [GC (Allocation Failure) [PSYoungGen: 456624K->320K(445440K)] 756284K->299996K(1073664K), 0.0014844 secs] [Times: user=0.00 sys=0.00, real=0.00 secs] 
1548.932: [GC (Allocation Failure) [PSYoungGen: 445248K->1376K(451072K)] 744924K->301052K(1079296K), 0.0016959 secs] [Times: user=0.01 sys=0.00, real=0.00 secs] 
1552.363: [GC (Allocation Failure) [PSYoungGen: 450400K->160K(453632K)] 750076K->299844K(1081856K), 0.0016062 secs] [Times: user=0.00 sys=0.00, real=0.00 secs] 
1559.506: [GC (Allocation Failure) [PSYoungGen: 453280K->1408K(444928K)] 752964K->301100K(1073152K), 0.0023311 secs] [Times: user=0.00 sys=0.00, real=0.00 secs] 
1563.027: [GC (Allocation Failure) [PSYoungGen: 444288K->1408K(448000K)] 743980K->301100K(1076224K), 0.0015379 secs] [Times: user=0.00 sys=0.00, real=0.00 secs] 
1566.541: [GC (Allocation Failure) [PSYoungGen: 447872K->1376K(452096K)] 747564K->301068K(1080320K), 0.0025132 secs] [Times: user=0.00 sys=0.00, real=0.00 secs] 
1571.714: [GC (Allocation Failure) [PSYoungGen: 451936K->1504K(456192K)] 751628K->301260K(1084416K), 0.0016764 secs] [Times: user=0.01 sys=0.00, real=0.00 secs] 
1576.281: [GC (Allocation Failure) [PSYoungGen: 456160K->1488K(460800K)] 755916K->301252K(1089024K), 0.0027629 secs] [Times: user=0.01 sys=0.00, real=0.00 secs] 
1581.311: [GC (Allocation Failure) [PSYoungGen: 460752K->1472K(464896K)] 760516K->301236K(1093120K), 0.0016010 secs] [Times: user=0.01 sys=0.00, real=0.00 secs] 
1584.032: [GC (Allocation Failure) [PSYoungGen: 464832K->1504K(469504K)] 764596K->301268K(1097728K), 0.0016789 secs] [Times: user=0.01 sys=0.00, real=0.00 secs] 
1587.670: [GC (Allocation Failure) [PSYoungGen: 469472K->1504K(474112K)] 769236K->301284K(1102336K), 0.0022682 secs] [Times: user=0.01 sys=0.00, real=0.00 secs] 
1592.115: [GC (Allocation Failure) [PSYoungGen: 474080K->1504K(479232K)] 773860K->301284K(1107456K), 0.0025535 secs] [Times: user=0.00 sys=0.00, real=0.01 secs] 
1598.896: [GC (Allocation Failure) [PSYoungGen: 479200K->1472K(483840K)] 778980K->301252K(1112064K), 0.0026145 secs] [Times: user=0.01 sys=0.00, real=0.01 secs] 
1603.496: [GC (Allocation Failure) [PSYoungGen: 483776K->1968K(489472K)] 783556K->301748K(1117696K), 0.0027435 secs] [Times: user=0.01 sys=0.00, real=0.00 secs] 
1609.276: [GC (Allocation Failure) [PSYoungGen: 489392K->480K(476672K)] 789172K->301284K(1104896K), 0.0026455 secs] [Times: user=0.01 sys=0.00, real=0.01 secs] 
1613.735: [GC (Allocation Failure) [PSYoungGen: 476640K->1472K(467968K)] 777444K->302276K(1096192K), 0.0018842 secs] [Times: user=0.00 sys=0.00, real=0.01 secs] 
1617.520: [GC (Allocation Failure) [PSYoungGen: 466880K->1440K(456192K)] 767684K->302244K(1084416K), 0.0018390 secs] [Times: user=0.01 sys=0.00, real=0.00 secs] 
1623.949: [GC (Allocation Failure) [PSYoungGen: 456096K->1504K(445952K)] 756900K->302308K(1074176K), 0.0035682 secs] [Times: user=0.01 sys=0.00, real=0.00 secs] 
1627.850: [GC (Allocation Failure) [PSYoungGen: 445920K->1504K(436224K)] 746724K->302316K(1064448K), 0.0035349 secs] [Times: user=0.01 sys=0.00, real=0.00 secs] 
1632.780: [GC (Allocation Failure) [PSYoungGen: 436192K->1504K(426496K)] 737004K->302316K(1054720K), 0.0024958 secs] [Times: user=0.01 sys=0.00, real=0.00 secs] 
1638.461: [GC (Allocation Failure) [PSYoungGen: 426464K->1472K(417280K)] 727276K->302284K(1045504K), 0.0043630 secs] [Times: user=0.01 sys=0.00, real=0.00 secs] 
1643.591: [GC (Allocation Failure) [PSYoungGen: 417216K->1440K(408576K)] 718028K->302348K(1036800K), 0.0018763 secs] [Times: user=0.01 sys=0.00, real=0.00 secs] 
1647.991: [GC (Allocation Failure) [PSYoungGen: 408480K->1440K(399872K)] 709388K->302356K(1028096K), 0.0024546 secs] [Times: user=0.01 sys=0.00, real=0.00 secs] 
1651.618: [GC (Allocation Failure) [PSYoungGen: 399776K->1408K(391680K)] 700692K->302324K(1019904K), 0.0019956 secs] [Times: user=0.00 sys=0.00, real=0.00 secs] 
1654.158: [GC (Allocation Failure) [PSYoungGen: 391552K->1408K(383488K)] 692468K->302324K(1011712K), 0.0035474 secs] [Times: user=0.02 sys=0.00, real=0.00 secs] 
1657.360: [GC (Allocation Failure) [PSYoungGen: 383360K->1376K(375808K)] 684276K->302300K(1004032K), 0.0025315 secs] [Times: user=0.01 sys=0.00, real=0.00 secs] 
1659.538: [GC (Allocation Failure) [PSYoungGen: 375648K->1472K(368128K)] 676572K->302404K(996352K), 0.0018990 secs] [Times: user=0.01 sys=0.00, real=0.00 secs] 
1662.481: [GC (Allocation Failure) [PSYoungGen: 368064K->1408K(360960K)] 668996K->302340K(989184K), 0.0019834 secs] [Times: user=0.01 sys=0.00, real=0.00 secs] 
1665.613: [GC (Allocation Failure) [PSYoungGen: 360832K->1440K(353792K)] 661764K->302372K(982016K), 0.0017504 secs] [Times: user=0.00 sys=0.00, real=0.00 secs] 
1669.715: [GC (Allocation Failure) [PSYoungGen: 353696K->1408K(347136K)] 654628K->302340K(975360K), 0.0041262 secs] [Times: user=0.01 sys=0.00, real=0.01 secs] 
1672.513: [GC (Allocation Failure) [PSYoungGen: 347008K->1376K(340480K)] 647940K->302308K(968704K), 0.0019717 secs] [Times: user=0.01 sys=0.00, real=0.00 secs] 
1675.691: [GC (Allocation Failure) [PSYoungGen: 340320K->1408K(334336K)] 641252K->302340K(962560K), 0.0020910 secs] [Times: user=0.00 sys=0.00, real=0.00 secs] 
1679.613: [GC (Allocation Failure) [PSYoungGen: 334208K->1424K(328192K)] 635140K->302356K(956416K), 0.0029704 secs] [Times: user=0.01 sys=0.00, real=0.01 secs] 
1685.061: [GC (Allocation Failure) [PSYoungGen: 328080K->1376K(322048K)] 629012K->302308K(950272K), 0.0020624 secs] [Times: user=0.01 sys=0.00, real=0.00 secs] 
1687.224: [GC (Allocation Failure) [PSYoungGen: 321888K->1408K(316416K)] 622820K->302348K(944640K), 0.0026832 secs] [Times: user=0.01 sys=0.00, real=0.01 secs] 
1690.871: [GC (Allocation Failure) [PSYoungGen: 316274K->272K(309760K)] 617215K->301212K(937984K), 0.0042871 secs] [Times: user=0.01 sys=0.00, real=0.00 secs] 
1693.236: [GC (Allocation Failure) [PSYoungGen: 309520K->1392K(305152K)] 610460K->302356K(933376K), 0.0015472 secs] [Times: user=0.00 sys=0.00, real=0.01 secs] 
1695.962: [GC (Allocation Failure) [PSYoungGen: 305008K->256K(299008K)] 605972K->301220K(927232K), 0.0014608 secs] [Times: user=0.01 sys=0.00, real=0.00 secs] 
1699.905: [GC (Allocation Failure) [PSYoungGen: 298752K->128K(293888K)] 599716K->301092K(922112K), 0.0013930 secs] [Times: user=0.01 sys=0.00, real=0.01 secs] 
1701.600: [GC (Allocation Failure) [PSYoungGen: 293504K->1344K(290304K)] 594468K->302308K(918528K), 0.0013859 secs] [Times: user=0.01 sys=0.00, real=0.00 secs] 
1703.854: [GC (Allocation Failure) [PSYoungGen: 289600K->1373K(285184K)] 590564K->302345K(913408K), 0.0017741 secs] [Times: user=0.01 sys=0.00, real=0.01 secs] 
1706.038: [GC (Allocation Failure) [PSYoungGen: 285021K->1440K(280576K)] 585993K->302420K(908800K), 0.0030369 secs] [Times: user=0.01 sys=0.00, real=0.00 secs] 
1707.868: [GC (Allocation Failure) [PSYoungGen: 280480K->1472K(275968K)] 581460K->302452K(904192K), 0.0018354 secs] [Times: user=0.00 sys=0.00, real=0.00 secs] 
1711.668: [GC (Allocation Failure) [PSYoungGen: 275904K->1440K(271360K)] 576884K->302420K(899584K), 0.0043731 secs] [Times: user=0.01 sys=0.01, real=0.00 secs] 
1714.808: [GC (Allocation Failure) [PSYoungGen: 271264K->1440K(267264K)] 572244K->302420K(895488K), 0.0022699 secs] [Times: user=0.01 sys=0.00, real=0.00 secs] 
1717.072: [GC (Allocation Failure) [PSYoungGen: 267168K->1472K(263168K)] 568148K->302452K(891392K), 0.0019445 secs] [Times: user=0.01 sys=0.00, real=0.00 secs] 
1719.141: [GC (Allocation Failure) [PSYoungGen: 263104K->1408K(259072K)] 564084K->302396K(887296K), 0.0021115 secs] [Times: user=0.01 sys=0.00, real=0.00 secs] 
1722.900: [GC (Allocation Failure) [PSYoungGen: 258944K->1408K(254976K)] 559932K->302396K(883200K), 0.0020607 secs] [Times: user=0.01 sys=0.00, real=0.00 secs] 
1725.482: [GC (Allocation Failure) [PSYoungGen: 254848K->1440K(251392K)] 555836K->302428K(879616K), 0.0017980 secs] [Times: user=0.01 sys=0.00, real=0.00 secs] 
1728.135: [GC (Allocation Failure) [PSYoungGen: 251296K->1357K(247808K)] 552284K->302361K(876032K), 0.0016651 secs] [Times: user=0.01 sys=0.00, real=0.01 secs] 
1731.763: [GC (Allocation Failure) [PSYoungGen: 247629K->1408K(244224K)] 548633K->302420K(872448K), 0.0027074 secs] [Times: user=0.01 sys=0.00, real=0.00 secs] 
1735.047: [GC (Allocation Failure) [PSYoungGen: 244096K->1408K(240640K)] 545108K->302420K(868864K), 0.0020351 secs] [Times: user=0.01 sys=0.00, real=0.00 secs] 
1737.638: [GC (Allocation Failure) [PSYoungGen: 240512K->1472K(237056K)] 541524K->302484K(865280K), 0.0033432 secs] [Times: user=0.01 sys=0.00, real=0.00 secs] 
1740.988: [GC (Allocation Failure) [PSYoungGen: 236992K->1376K(233472K)] 538004K->302388K(861696K), 0.0021557 secs] [Times: user=0.00 sys=0.01, real=0.00 secs] 
1743.021: [GC (Allocation Failure) [PSYoungGen: 233312K->160K(229376K)] 534324K->301172K(857600K), 0.0013539 secs] [Times: user=0.00 sys=0.00, real=0.00 secs] 
1745.707: [GC (Allocation Failure) [PSYoungGen: 229024K->1408K(227840K)] 530036K->302428K(856064K), 0.0036189 secs] [Times: user=0.01 sys=0.00, real=0.00 secs] 
1748.365: [GC (Allocation Failure) [PSYoungGen: 227200K->1408K(224256K)] 528220K->302428K(852480K), 0.0022982 secs] [Times: user=0.01 sys=0.00, real=0.01 secs] 
1751.024: [GC (Allocation Failure) [PSYoungGen: 224128K->1376K(221184K)] 525148K->302396K(849408K), 0.0040561 secs] [Times: user=0.01 sys=0.00, real=0.01 secs] 
1754.679: [GC (Allocation Failure) [PSYoungGen: 221024K->1504K(218112K)] 522044K->302532K(846336K), 0.0016641 secs] [Times: user=0.00 sys=0.00, real=0.00 secs] 
1756.029: [GC (Allocation Failure) [PSYoungGen: 218080K->1344K(215040K)] 519108K->302372K(843264K), 0.0021542 secs] [Times: user=0.01 sys=0.00, real=0.00 secs] 
1757.797: [GC (Allocation Failure) [PSYoungGen: 214848K->1424K(212480K)] 515876K->302452K(840704K), 0.0020720 secs] [Times: user=0.01 sys=0.00, real=0.00 secs] 
1759.739: [GC (Allocation Failure) [PSYoungGen: 212368K->1440K(209920K)] 513396K->302468K(838144K), 0.0020801 secs] [Times: user=0.01 sys=0.00, real=0.00 secs] 
1761.204: [GC (Allocation Failure) [PSYoungGen: 209824K->1376K(207360K)] 510852K->302404K(835584K), 0.0025671 secs] [Times: user=0.01 sys=0.00, real=0.01 secs] 
1763.843: [GC (Allocation Failure) [PSYoungGen: 207200K->1376K(204800K)] 508228K->302404K(833024K), 0.0020286 secs] [Times: user=0.00 sys=0.00, real=0.00 secs] 
1767.454: [GC (Allocation Failure) [PSYoungGen: 204640K->1440K(202240K)] 505668K->302468K(830464K), 0.0030079 secs] [Times: user=0.02 sys=0.00, real=0.01 secs] 
1769.583: [GC (Allocation Failure) [PSYoungGen: 202144K->1376K(199680K)] 503172K->302404K(827904K), 0.0031618 secs] [Times: user=0.01 sys=0.00, real=0.01 secs] 
1771.303: [GC (Allocation Failure) [PSYoungGen: 199520K->1376K(197120K)] 500548K->302404K(825344K), 0.0016959 secs] [Times: user=0.00 sys=0.00, real=0.00 secs] 
1773.351: [GC (Allocation Failure) [PSYoungGen: 196960K->1376K(194560K)] 497988K->302412K(822784K), 0.0021613 secs] [Times: user=0.01 sys=0.00, real=0.00 secs] 
1776.107: [GC (Allocation Failure) [PSYoungGen: 194400K->1408K(192000K)] 495436K->302468K(820224K), 0.0051767 secs] [Times: user=0.02 sys=0.00, real=0.00 secs] 
1778.222: [GC (Allocation Failure) [PSYoungGen: 191872K->1376K(189952K)] 492932K->302436K(818176K), 0.0021867 secs] [Times: user=0.01 sys=0.00, real=0.00 secs] 
1780.872: [GC (Allocation Failure) [PSYoungGen: 189792K->1376K(187904K)] 490852K->302436K(816128K), 0.0027122 secs] [Times: user=0.01 sys=0.00, real=0.00 secs] 
1782.646: [GC (Allocation Failure) [PSYoungGen: 187744K->1408K(185856K)] 488804K->302468K(814080K), 0.0021061 secs] [Times: user=0.01 sys=0.00, real=0.00 secs] 
1784.705: [GC (Allocation Failure) [PSYoungGen: 185728K->1392K(183808K)] 486788K->302452K(812032K), 0.0020620 secs] [Times: user=0.01 sys=0.00, real=0.01 secs] 
1786.894: [GC (Allocation Failure) [PSYoungGen: 183637K->224K(180736K)] 484697K->301292K(808960K), 0.0015255 secs] [Times: user=0.01 sys=0.00, real=0.01 secs] 
1789.526: [GC (Allocation Failure) [PSYoungGen: 180448K->1408K(179712K)] 481516K->302476K(807936K), 0.0030827 secs] [Times: user=0.01 sys=0.00, real=0.00 secs] 
1792.347: [GC (Allocation Failure) [PSYoungGen: 179584K->1408K(177664K)] 480652K->302476K(805888K), 0.0027115 secs] [Times: user=0.01 sys=0.00, real=0.00 secs] 
1793.063: [GC (Allocation Failure) [PSYoungGen: 177536K->1440K(175616K)] 478604K->302508K(803840K), 0.0018036 secs] [Times: user=0.01 sys=0.00, real=0.00 secs] 
1794.497: [GC (Allocation Failure) [PSYoungGen: 175520K->1376K(173568K)] 476588K->302444K(801792K), 0.0019220 secs] [Times: user=0.00 sys=0.00, real=0.00 secs] 
1796.029: [GC (Allocation Failure) [PSYoungGen: 173408K->1357K(171520K)] 474476K->302425K(799744K), 0.0014110 secs] [Times: user=0.01 sys=0.00, real=0.00 secs] 
1798.495: [GC (Allocation Failure) [PSYoungGen: 171341K->1440K(169472K)] 472409K->302508K(797696K), 0.0032802 secs] [Times: user=0.01 sys=0.00, real=0.01 secs] 
1800.515: [GC (Allocation Failure) [PSYoungGen: 169376K->1408K(167936K)] 470444K->302476K(796160K), 0.0017549 secs] [Times: user=0.01 sys=0.00, real=0.01 secs] 
1801.499: [GC (Allocation Failure) [PSYoungGen: 167808K->1376K(166400K)] 468876K->302444K(794624K), 0.0022406 secs] [Times: user=0.01 sys=0.00, real=0.00 secs] 
1803.436: [GC (Allocation Failure) [PSYoungGen: 166240K->1440K(164864K)] 467308K->302516K(793088K), 0.0018256 secs] [Times: user=0.00 sys=0.00, real=0.00 secs] 
1804.759: [GC (Allocation Failure) [PSYoungGen: 164768K->1376K(163328K)] 465844K->302452K(791552K), 0.0021522 secs] [Times: user=0.00 sys=0.00, real=0.00 secs] 
1806.046: [GC (Allocation Failure) [PSYoungGen: 163168K->1440K(161792K)] 464244K->302516K(790016K), 0.0018623 secs] [Times: user=0.01 sys=0.00, real=0.00 secs] 
1806.748: [GC (Allocation Failure) [PSYoungGen: 161696K->1344K(160256K)] 462772K->302420K(788480K), 0.0018736 secs] [Times: user=0.01 sys=0.00, real=0.00 secs] 
1809.301: [GC (Allocation Failure) [PSYoungGen: 160064K->1408K(158720K)] 461140K->302484K(786944K), 0.0025175 secs] [Times: user=0.01 sys=0.00, real=0.00 secs] 
1810.832: [GC (Allocation Failure) [PSYoungGen: 158592K->1344K(157184K)] 459668K->302420K(785408K), 0.0022739 secs] [Times: user=0.00 sys=0.00, real=0.00 secs] 
1812.702: [GC (Allocation Failure) [PSYoungGen: 156992K->1376K(155648K)] 458068K->302452K(783872K), 0.0021082 secs] [Times: user=0.01 sys=0.00, real=0.00 secs] 
1813.926: [GC (Allocation Failure) [PSYoungGen: 155488K->1376K(154112K)] 456564K->302452K(782336K), 0.0019912 secs] [Times: user=0.01 sys=0.00, real=0.00 secs] 
1815.180: [GC (Allocation Failure) [PSYoungGen: 153952K->1440K(152576K)] 455028K->302516K(780800K), 0.0017449 secs] [Times: user=0.01 sys=0.00, real=0.00 secs] 
1816.863: [GC (Allocation Failure) [PSYoungGen: 152480K->1360K(151040K)] 453556K->302436K(779264K), 0.0019637 secs] [Times: user=0.01 sys=0.00, real=0.00 secs] 
1818.114: [GC (Allocation Failure) [PSYoungGen: 150864K->1440K(149504K)] 451940K->302524K(777728K), 0.0016878 secs] [Times: user=0.00 sys=0.00, real=0.01 secs] 
1819.465: [GC (Allocation Failure) [PSYoungGen: 149408K->1341K(147968K)] 450492K->302425K(776192K), 0.0019630 secs] [Times: user=0.00 sys=0.00, real=0.01 secs] 
1820.723: [GC (Allocation Failure) [PSYoungGen: 147773K->1376K(146432K)] 448857K->302460K(774656K), 0.0017723 secs] [Times: user=0.01 sys=0.00, real=0.00 secs] 
1821.979: [GC (Allocation Failure) [PSYoungGen: 146272K->1376K(144896K)] 447356K->302460K(773120K), 0.0019531 secs] [Times: user=0.01 sys=0.00, real=0.00 secs] 
1823.680: [GC (Allocation Failure) [PSYoungGen: 144736K->1472K(143872K)] 445820K->302556K(772096K), 0.0018461 secs] [Times: user=0.01 sys=0.00, real=0.00 secs] 
1825.242: [GC (Allocation Failure) [PSYoungGen: 143808K->1376K(142848K)] 444892K->302460K(771072K), 0.0024696 secs] [Times: user=0.01 sys=0.00, real=0.00 secs] 
1826.794: [GC (Allocation Failure) [PSYoungGen: 142688K->1408K(141824K)] 443772K->302492K(770048K), 0.0016010 secs] [Times: user=0.01 sys=0.00, real=0.00 secs] 
1828.042: [GC (Allocation Failure) [PSYoungGen: 141696K->1408K(140800K)] 442780K->302492K(769024K), 0.0027663 secs] [Times: user=0.01 sys=0.00, real=0.00 secs] 
1829.611: [GC (Allocation Failure) [PSYoungGen: 140672K->384K(138752K)] 441756K->302492K(766976K), 0.0019235 secs] [Times: user=0.00 sys=0.00, real=0.00 secs] 
1830.847: [GC (Allocation Failure) [PSYoungGen: 138624K->352K(139264K)] 440732K->302468K(767488K), 0.0023588 secs] [Times: user=0.01 sys=0.00, real=0.00 secs] 
1832.564: [GC (Allocation Failure) [PSYoungGen: 137568K->1408K(137728K)] 439684K->303524K(765952K), 0.0018743 secs] [Times: user=0.01 sys=0.00, real=0.01 secs] 
1833.402: [GC (Allocation Failure) [PSYoungGen: 137600K->1312K(136704K)] 439716K->303428K(764928K), 0.0020852 secs] [Times: user=0.00 sys=0.00, real=0.00 secs] 
1834.479: [GC (Allocation Failure) [PSYoungGen: 136480K->1408K(135680K)] 438596K->303524K(763904K), 0.0017508 secs] [Times: user=0.00 sys=0.00, real=0.00 secs] 
1835.612: [GC (Allocation Failure) [PSYoungGen: 135552K->1312K(134656K)] 437668K->303428K(762880K), 0.0025705 secs] [Times: user=0.01 sys=0.00, real=0.00 secs] 
1837.146: [GC (Allocation Failure) [PSYoungGen: 134432K->864K(133120K)] 436548K->304004K(761344K), 0.0018172 secs] [Times: user=0.01 sys=0.00, real=0.01 secs] 
1837.809: [GC (Allocation Failure) [PSYoungGen: 132960K->320K(131584K)] 436100K->303460K(759808K), 0.0018705 secs] [Times: user=0.00 sys=0.00, real=0.00 secs] 
1838.381: [GC (Allocation Failure) [PSYoungGen: 131392K->352K(137216K)] 434532K->303492K(765440K), 0.0023980 secs] [Times: user=0.01 sys=0.00, real=0.00 secs] 
1839.510: [GC (Allocation Failure) [PSYoungGen: 137056K->1408K(143872K)] 440196K->304548K(772096K), 0.0017267 secs] [Times: user=0.01 sys=0.00, real=0.00 secs] 
1840.334: [GC (Allocation Failure) [PSYoungGen: 143232K->1344K(149504K)] 446372K->304484K(777728K), 0.0035329 secs] [Times: user=0.01 sys=0.00, real=0.01 secs] 
1842.191: [GC (Allocation Failure) [PSYoungGen: 149312K->1408K(155136K)] 452452K->304556K(783360K), 0.0024729 secs] [Times: user=0.00 sys=0.00, real=0.00 secs] 
1843.569: [GC (Allocation Failure) [PSYoungGen: 155008K->1376K(160768K)] 458156K->304524K(788992K), 0.0025698 secs] [Times: user=0.01 sys=0.00, real=0.00 secs] 
1844.878: [GC (Allocation Failure) [PSYoungGen: 160608K->1408K(159232K)] 463756K->304556K(787456K), 0.0017618 secs] [Times: user=0.00 sys=0.00, real=0.00 secs] 
1846.021: [GC (Allocation Failure) [PSYoungGen: 159104K->1376K(157696K)] 462252K->304524K(785920K), 0.0019797 secs] [Times: user=0.01 sys=0.00, real=0.00 secs] 
1848.922: [GC (Allocation Failure) [PSYoungGen: 157536K->1424K(156160K)] 460684K->304572K(784384K), 0.0027394 secs] [Times: user=0.01 sys=0.00, real=0.00 secs] 
1850.740: [GC (Allocation Failure) [PSYoungGen: 156048K->1357K(154624K)] 459196K->304505K(782848K), 0.0039236 secs] [Times: user=0.02 sys=0.00, real=0.00 secs] 
1852.330: [GC (Allocation Failure) [PSYoungGen: 154445K->1376K(153088K)] 457593K->304532K(781312K), 0.0023696 secs] [Times: user=0.01 sys=0.00, real=0.00 secs] 
1853.648: [GC (Allocation Failure) [PSYoungGen: 152928K->1360K(151552K)] 456084K->304516K(779776K), 0.0013883 secs] [Times: user=0.01 sys=0.00, real=0.00 secs] 
1854.323: [GC (Allocation Failure) [PSYoungGen: 151376K->1408K(150016K)] 454532K->304564K(778240K), 0.0018729 secs] [Times: user=0.01 sys=0.00, real=0.00 secs] 
1855.818: [GC (Allocation Failure) [PSYoungGen: 149888K->1312K(148480K)] 453044K->304468K(776704K), 0.0018964 secs] [Times: user=0.01 sys=0.00, real=0.00 secs] 
1856.453: [GC (Allocation Failure) [PSYoungGen: 148256K->1344K(146944K)] 451412K->304500K(775168K), 0.0019529 secs] [Times: user=0.01 sys=0.00, real=0.00 secs] 
1858.227: [GC (Allocation Failure) [PSYoungGen: 146752K->1344K(145408K)] 449908K->304500K(773632K), 0.0019905 secs] [Times: user=0.01 sys=0.00, real=0.00 secs] 
1860.285: [GC (Allocation Failure) [PSYoungGen: 145216K->1344K(144384K)] 448372K->304500K(772608K), 0.0022703 secs] [Times: user=0.00 sys=0.00, real=0.01 secs] 
1862.054: [GC (Allocation Failure) [PSYoungGen: 144192K->1376K(143360K)] 447348K->304532K(771584K), 0.0017784 secs] [Times: user=0.00 sys=0.00, real=0.00 secs] 
1864.104: [GC (Allocation Failure) [PSYoungGen: 143200K->1296K(142336K)] 446356K->304452K(770560K), 0.0025493 secs] [Times: user=0.01 sys=0.00, real=0.01 secs] 
1866.534: [GC (Allocation Failure) [PSYoungGen: 142096K->1344K(141312K)] 445252K->304500K(769536K), 0.0020384 secs] [Times: user=0.01 sys=0.00, real=0.01 secs] 
1868.285: [GC (Allocation Failure) [PSYoungGen: 141120K->1360K(140288K)] 444276K->304516K(768512K), 0.0026888 secs] [Times: user=0.01 sys=0.00, real=0.01 secs] 
1869.853: [GC (Allocation Failure) [PSYoungGen: 140112K->1408K(139264K)] 443268K->304564K(767488K), 0.0017436 secs] [Times: user=0.01 sys=0.00, real=0.00 secs] 
1870.425: [GC (Allocation Failure) [PSYoungGen: 139136K->1408K(138240K)] 442292K->304564K(766464K), 0.0018509 secs] [Times: user=0.01 sys=0.00, real=0.01 secs] 
1871.532: [GC (Allocation Failure) [PSYoungGen: 138112K->1408K(137216K)] 441268K->304572K(765440K), 0.0015327 secs] [Times: user=0.00 sys=0.00, real=0.00 secs] 
1872.251: [GC (Allocation Failure) [PSYoungGen: 137088K->1376K(136192K)] 440252K->304540K(764416K), 0.0019270 secs] [Times: user=0.01 sys=0.00, real=0.00 secs] 
1873.255: [GC (GCLocker Initiated GC) [PSYoungGen: 136032K->1389K(135168K)] 439196K->304553K(763392K), 0.0013883 secs] [Times: user=0.01 sys=0.00, real=0.01 secs] 
1875.102: [GC (Allocation Failure) [PSYoungGen: 135021K->1440K(134144K)] 438188K->304607K(762368K), 0.0021250 secs] [Times: user=0.01 sys=0.00, real=0.00 secs] 
1876.686: [GC (Allocation Failure) [PSYoungGen: 134048K->1408K(133120K)] 437215K->304575K(761344K), 0.0028266 secs] [Times: user=0.01 sys=0.00, real=0.01 secs] 
1878.275: [GC (Allocation Failure) [PSYoungGen: 132992K->1472K(132096K)] 436159K->304639K(760320K), 0.0022634 secs] [Times: user=0.00 sys=0.00, real=0.01 secs] 
1879.433: [GC (Allocation Failure) [PSYoungGen: 132032K->1440K(131072K)] 435199K->304607K(759296K), 0.0018674 secs] [Times: user=0.01 sys=0.00, real=0.00 secs] 
1880.586: [GC (Allocation Failure) [PSYoungGen: 130976K->1472K(130048K)] 434143K->304639K(758272K), 0.0018747 secs] [Times: user=0.01 sys=0.00, real=0.00 secs] 
1881.631: [GC (Allocation Failure) [PSYoungGen: 129984K->1408K(129024K)] 433151K->304575K(757248K), 0.0016951 secs] [Times: user=0.01 sys=0.00, real=0.00 secs] 
1883.300: [GC (Allocation Failure) [PSYoungGen: 128896K->1984K(128512K)] 432063K->305663K(756736K), 0.0018953 secs] [Times: user=0.01 sys=0.00, real=0.00 secs] 
1884.762: [GC (Allocation Failure) [PSYoungGen: 128448K->384K(125952K)] 432127K->305087K(754176K), 0.0019969 secs] [Times: user=0.01 sys=0.00, real=0.00 secs] 
1886.103: [GC (Allocation Failure) [PSYoungGen: 125824K->384K(124928K)] 430527K->305087K(753152K), 0.0023831 secs] [Times: user=0.01 sys=0.00, real=0.01 secs] 
1887.522: [GC (Allocation Failure) [PSYoungGen: 124800K->1472K(124928K)] 429503K->306175K(753152K), 0.0019719 secs] [Times: user=0.01 sys=0.00, real=0.00 secs] 
1888.291: [GC (Allocation Failure) [PSYoungGen: 124864K->1408K(123904K)] 429567K->306111K(752128K), 0.0032015 secs] [Times: user=0.01 sys=0.00, real=0.00 secs] 
1890.015: [GC (Allocation Failure) [PSYoungGen: 123776K->1440K(122880K)] 428479K->306143K(751104K), 0.0022034 secs] [Times: user=0.00 sys=0.00, real=0.01 secs] 
1891.118: [GC (Allocation Failure) [PSYoungGen: 122784K->1440K(121856K)] 427487K->306143K(750080K), 0.0029074 secs] [Times: user=0.01 sys=0.00, real=0.00 secs] 
1892.191: [GC (Allocation Failure) [PSYoungGen: 121760K->1440K(120832K)] 426463K->306143K(749056K), 0.0023563 secs] [Times: user=0.01 sys=0.00, real=0.00 secs] 
1893.783: [GC (Allocation Failure) [PSYoungGen: 120736K->1472K(119808K)] 425439K->306183K(748032K), 0.0029397 secs] [Times: user=0.01 sys=0.00, real=0.00 secs] 
1894.781: [GC (Allocation Failure) [PSYoungGen: 119744K->1376K(118784K)] 424455K->306143K(747008K), 0.0023302 secs] [Times: user=0.01 sys=0.00, real=0.00 secs] 
1896.339: [GC (Allocation Failure) [PSYoungGen: 118624K->1376K(117760K)] 423391K->306143K(745984K), 0.0029557 secs] [Times: user=0.01 sys=0.00, real=0.00 secs] 
1897.510: [GC (Allocation Failure) [PSYoungGen: 117600K->1344K(116736K)] 422367K->306111K(744960K), 0.0025690 secs] [Times: user=0.01 sys=0.00, real=0.00 secs] 
1898.631: [GC (Allocation Failure) [PSYoungGen: 116544K->1344K(115712K)] 421311K->306111K(743936K), 0.0026187 secs] [Times: user=0.01 sys=0.00, real=0.00 secs] 
1899.648: [GC (Allocation Failure) [PSYoungGen: 115520K->1408K(115200K)] 420287K->306175K(743424K), 0.0015627 secs] [Times: user=0.00 sys=0.00, real=0.00 secs] 
1900.119: [GC (Allocation Failure) [PSYoungGen: 115072K->1376K(114688K)] 419839K->306143K(742912K), 0.0018122 secs] [Times: user=0.01 sys=0.00, real=0.00 secs] 
1901.090: [GC (Allocation Failure) [PSYoungGen: 114528K->1440K(114176K)] 419295K->306215K(742400K), 0.0018204 secs] [Times: user=0.01 sys=0.00, real=0.00 secs] 
1901.640: [GC (Allocation Failure) [PSYoungGen: 114080K->1344K(119296K)] 418855K->306119K(747520K), 0.0020805 secs] [Times: user=0.01 sys=0.00, real=0.00 secs] 
1902.160: [GC (Allocation Failure) [PSYoungGen: 119104K->1408K(124928K)] 423879K->306183K(753152K), 0.0019153 secs] [Times: user=0.01 sys=0.00, real=0.00 secs] 
1904.090: [GC (Allocation Failure) [PSYoungGen: 124800K->1344K(123904K)] 429575K->306127K(752128K), 0.0023810 secs] [Times: user=0.01 sys=0.00, real=0.00 secs] 
1905.095: [GC (Allocation Failure) [PSYoungGen: 123712K->1440K(122880K)] 428495K->306223K(751104K), 0.0021206 secs] [Times: user=0.01 sys=0.00, real=0.01 secs] 
1906.766: [GC (Allocation Failure) [PSYoungGen: 122784K->1472K(121856K)] 427567K->306255K(750080K), 0.0017464 secs] [Times: user=0.01 sys=0.00, real=0.00 secs] 
1907.962: [GC (Allocation Failure) [PSYoungGen: 121792K->1408K(120832K)] 426575K->306191K(749056K), 0.0017075 secs] [Times: user=0.01 sys=0.00, real=0.00 secs] 
1909.151: [GC (Allocation Failure) [PSYoungGen: 120704K->1408K(119808K)] 425487K->306191K(748032K), 0.0024481 secs] [Times: user=0.00 sys=0.00, real=0.00 secs] 
1910.410: [GC (Allocation Failure) [PSYoungGen: 119680K->1440K(118784K)] 424463K->306231K(747008K), 0.0019529 secs] [Times: user=0.01 sys=0.00, real=0.00 secs] 
1910.992: [GC (Allocation Failure) [PSYoungGen: 118688K->1376K(117760K)] 423479K->306167K(745984K), 0.0019400 secs] [Times: user=0.01 sys=0.00, real=0.00 secs] 
1912.212: [GC (Allocation Failure) [PSYoungGen: 117600K->896K(116224K)] 422391K->306711K(744448K), 0.0018403 secs] [Times: user=0.01 sys=0.00, real=0.00 secs] 
1913.253: [GC (Allocation Failure) [PSYoungGen: 116096K->384K(114688K)] 421911K->306199K(742912K), 0.0018334 secs] [Times: user=0.00 sys=0.00, real=0.00 secs] 
1914.291: [GC (Allocation Failure) [PSYoungGen: 114560K->384K(114176K)] 420375K->306199K(742400K), 0.0018157 secs] [Times: user=0.01 sys=0.00, real=0.00 secs] 
1915.726: [GC (Allocation Failure) [PSYoungGen: 114048K->1472K(115200K)] 419863K->307287K(743424K), 0.0017863 secs] [Times: user=0.00 sys=0.00, real=0.00 secs] 
1916.993: [GC (Allocation Failure) [PSYoungGen: 114624K->1408K(114176K)] 420439K->307223K(742400K), 0.0021270 secs] [Times: user=0.00 sys=0.00, real=0.00 secs] 
1917.971: [GC (Allocation Failure) [PSYoungGen: 114048K->1344K(113664K)] 419863K->307159K(741888K), 0.0021546 secs] [Times: user=0.01 sys=0.00, real=0.00 secs] 
1919.010: [GC (Allocation Failure) [PSYoungGen: 113472K->1440K(113152K)] 419287K->307255K(741376K), 0.0017051 secs] [Times: user=0.01 sys=0.00, real=0.00 secs] 
1920.058: [GC (Allocation Failure) [PSYoungGen: 113056K->1408K(112640K)] 418871K->307223K(740864K), 0.0021029 secs] [Times: user=0.01 sys=0.00, real=0.00 secs] 
1921.385: [GC (Allocation Failure) [PSYoungGen: 112512K->1376K(112128K)] 418327K->307207K(740352K), 0.0018063 secs] [Times: user=0.00 sys=0.00, real=0.01 secs] 
1922.328: [GC (Allocation Failure) [PSYoungGen: 111968K->1376K(111616K)] 417799K->307207K(739840K), 0.0020185 secs] [Times: user=0.01 sys=0.00, real=0.00 secs] 
1923.033: [GC (Allocation Failure) [PSYoungGen: 111456K->1408K(111104K)] 417287K->307239K(739328K), 0.0019888 secs] [Times: user=0.01 sys=0.00, real=0.00 secs] 
1924.269: [GC (Allocation Failure) [PSYoungGen: 110976K->1408K(110592K)] 416807K->307239K(738816K), 0.0023170 secs] [Times: user=0.01 sys=0.00, real=0.00 secs] 
1925.184: [GC (Allocation Failure) [PSYoungGen: 110464K->1344K(110080K)] 416295K->307175K(738304K), 0.0020795 secs] [Times: user=0.01 sys=0.00, real=0.01 secs] 
1926.067: [GC (Allocation Failure) [PSYoungGen: 109888K->1344K(109568K)] 415719K->307175K(737792K), 0.0024394 secs] [Times: user=0.01 sys=0.00, real=0.00 secs] 
1927.946: [GC (Allocation Failure) [PSYoungGen: 109376K->1376K(109056K)] 415207K->307207K(737280K), 0.0035808 secs] [Times: user=0.01 sys=0.00, real=0.00 secs] 
1929.158: [GC (Allocation Failure) [PSYoungGen: 108896K->1344K(114176K)] 414727K->307175K(742400K), 0.0060545 secs] [Times: user=0.02 sys=0.00, real=0.00 secs] 
1930.530: [GC (Allocation Failure) [PSYoungGen: 113984K->128K(112640K)] 419815K->305959K(740864K), 0.0014126 secs] [Times: user=0.00 sys=0.00, real=0.00 secs] 
1931.868: [GC (Allocation Failure) [PSYoungGen: 112256K->1344K(113664K)] 418087K->307183K(741888K), 0.0025756 secs] [Times: user=0.01 sys=0.00, real=0.00 secs] 
1933.104: [GC (Allocation Failure) [PSYoungGen: 112960K->1344K(112640K)] 418799K->307183K(740864K), 0.0034977 secs] [Times: user=0.01 sys=0.00, real=0.01 secs] 
1934.640: [GC (Allocation Failure) [PSYoungGen: 112448K->1360K(112128K)] 418287K->307199K(740352K), 0.0020485 secs] [Times: user=0.01 sys=0.00, real=0.00 secs] 
1935.510: [GC (Allocation Failure) [PSYoungGen: 111952K->1376K(111616K)] 417791K->307215K(739840K), 0.0018763 secs] [Times: user=0.00 sys=0.00, real=0.00 secs] 
1936.438: [GC (Allocation Failure) [PSYoungGen: 111456K->1344K(111104K)] 417295K->307183K(739328K), 0.0022210 secs] [Times: user=0.00 sys=0.00, real=0.00 secs] 
1937.526: [GC (Allocation Failure) [PSYoungGen: 110912K->1408K(110592K)] 416751K->307247K(738816K), 0.0018308 secs] [Times: user=0.01 sys=0.00, real=0.00 secs] 
1938.027: [GC (Allocation Failure) [PSYoungGen: 110464K->1376K(110080K)] 416303K->307215K(738304K), 0.0019200 secs] [Times: user=0.01 sys=0.00, real=0.00 secs] 
1938.720: [GC (Allocation Failure) [PSYoungGen: 109920K->1309K(109568K)] 415759K->307148K(737792K), 0.0014292 secs] [Times: user=0.01 sys=0.00, real=0.00 secs] 
1939.503: [GC (Allocation Failure) [PSYoungGen: 109341K->1408K(109056K)] 415180K->307247K(737280K), 0.0019315 secs] [Times: user=0.00 sys=0.00, real=0.00 secs] 
1940.071: [GC (Allocation Failure) [PSYoungGen: 108928K->1312K(108544K)] 414767K->307159K(736768K), 0.0019000 secs] [Times: user=0.01 sys=0.00, real=0.00 secs] 
1941.155: [GC (Allocation Failure) [PSYoungGen: 108320K->1408K(108032K)] 414167K->307255K(736256K), 0.0017948 secs] [Times: user=0.01 sys=0.00, real=0.01 secs] 
1941.940: [GC (Allocation Failure) [PSYoungGen: 107904K->1344K(107520K)] 413751K->307191K(735744K), 0.0019383 secs] [Times: user=0.01 sys=0.00, real=0.00 secs] 
1942.431: [GC (Allocation Failure) [PSYoungGen: 107328K->1344K(112640K)] 413175K->307199K(740864K), 0.0020395 secs] [Times: user=0.01 sys=0.00, real=0.00 secs] 
1944.374: [GC (Allocation Failure) [PSYoungGen: 112448K->1408K(112128K)] 418303K->307263K(740352K), 0.0034366 secs] [Times: user=0.01 sys=0.00, real=0.01 secs] 
1946.019: [GC (Allocation Failure) [PSYoungGen: 112000K->1344K(111616K)] 417855K->307207K(739840K), 0.0029207 secs] [Times: user=0.01 sys=0.00, real=0.00 secs] 
1946.997: [GC (Allocation Failure) [PSYoungGen: 111424K->1376K(111104K)] 417287K->307239K(739328K), 0.0022831 secs] [Times: user=0.01 sys=0.00, real=0.00 secs] 
1948.495: [GC (Allocation Failure) [PSYoungGen: 110944K->1376K(110592K)] 416807K->307239K(738816K), 0.0027580 secs] [Times: user=0.01 sys=0.00, real=0.01 secs] 
1949.527: [GC (Allocation Failure) [PSYoungGen: 110432K->1344K(110080K)] 416295K->307215K(738304K), 0.0024262 secs] [Times: user=0.01 sys=0.00, real=0.00 secs] 
1950.948: [GC (Allocation Failure) [PSYoungGen: 109888K->1325K(109568K)] 415759K->307196K(737792K), 0.0015788 secs] [Times: user=0.01 sys=0.00, real=0.00 secs] 
1953.105: [GC (Allocation Failure) [PSYoungGen: 109357K->1376K(109056K)] 415228K->307247K(737280K), 0.0036832 secs] [Times: user=0.01 sys=0.00, real=0.01 secs] 
1954.552: [GC (Allocation Failure) [PSYoungGen: 108896K->1360K(108544K)] 414767K->307231K(736768K), 0.0036074 secs] [Times: user=0.01 sys=0.00, real=0.00 secs] 
1955.831: [GC (Allocation Failure) [PSYoungGen: 108368K->1408K(108032K)] 414239K->307279K(736256K), 0.0017099 secs] [Times: user=0.01 sys=0.00, real=0.00 secs] 
1956.504: [GC (Allocation Failure) [PSYoungGen: 107904K->1376K(107520K)] 413775K->307247K(735744K), 0.0021451 secs] [Times: user=0.01 sys=0.00, real=0.01 secs] 
1957.491: [GC (Allocation Failure) [PSYoungGen: 107360K->384K(105984K)] 413231K->307287K(734208K), 0.0022369 secs] [Times: user=0.00 sys=0.00, real=0.00 secs] 
1959.120: [GC (Allocation Failure) [PSYoungGen: 105856K->1408K(107008K)] 412759K->308311K(735232K), 0.0018209 secs] [Times: user=0.01 sys=0.00, real=0.00 secs] 
1959.661: [GC (Allocation Failure) [PSYoungGen: 106368K->1344K(105984K)] 413271K->308247K(734208K), 0.0026023 secs] [Times: user=0.01 sys=0.00, real=0.00 secs] 
1960.296: [GC (Allocation Failure) [PSYoungGen: 105792K->1344K(105472K)] 412695K->308247K(733696K), 0.0023948 secs] [Times: user=0.01 sys=0.00, real=0.01 secs] 
1962.231: [GC (Allocation Failure) [PSYoungGen: 105280K->1376K(104960K)] 412183K->308279K(733184K), 0.0026303 secs] [Times: user=0.01 sys=0.01, real=0.00 secs] 
1962.971: [GC (Allocation Failure) [PSYoungGen: 104800K->1344K(104448K)] 411703K->308255K(732672K), 0.0019442 secs] [Times: user=0.01 sys=0.00, real=0.00 secs] 
1963.455: [GC (Allocation Failure) [PSYoungGen: 104256K->1344K(103936K)] 411167K->308255K(732160K), 0.0018590 secs] [Times: user=0.01 sys=0.00, real=0.01 secs] 
1966.091: [GC (Allocation Failure) [PSYoungGen: 103744K->1376K(103424K)] 410655K->308287K(731648K), 0.0042275 secs] [Times: user=0.01 sys=0.00, real=0.00 secs] 
1968.076: [GC (Allocation Failure) [PSYoungGen: 103264K->1376K(102912K)] 410175K->308287K(731136K), 0.0025262 secs] [Times: user=0.01 sys=0.00, real=0.00 secs] 
1969.487: [GC (Allocation Failure) [PSYoungGen: 102752K->1408K(102400K)] 409663K->308319K(730624K), 0.0034457 secs] [Times: user=0.02 sys=0.00, real=0.00 secs] 
1970.947: [GC (Allocation Failure) [PSYoungGen: 102272K->1408K(101888K)] 409183K->308319K(730112K), 0.0021279 secs] [Times: user=0.01 sys=0.00, real=0.00 secs] 
1972.026: [GC (Allocation Failure) [PSYoungGen: 101760K->1408K(101376K)] 408671K->308327K(729600K), 0.0024711 secs] [Times: user=0.01 sys=0.00, real=0.00 secs] 
1973.058: [GC (Allocation Failure) [PSYoungGen: 101248K->1344K(100864K)] 408167K->308271K(729088K), 0.0020698 secs] [Times: user=0.00 sys=0.00, real=0.00 secs] 
1974.111: [GC (Allocation Failure) [PSYoungGen: 100672K->1408K(100352K)] 407599K->308335K(728576K), 0.0019224 secs] [Times: user=0.00 sys=0.00, real=0.00 secs] 
1975.004: [GC (Allocation Failure) [PSYoungGen: 100224K->1376K(99840K)] 407151K->308303K(728064K), 0.0023990 secs] [Times: user=0.01 sys=0.00, real=0.01 secs] 
1975.958: [GC (Allocation Failure) [PSYoungGen: 99680K->1344K(99328K)] 406607K->308271K(727552K), 0.0030275 secs] [Times: user=0.01 sys=0.00, real=0.00 secs] 
1977.463: [GC (Allocation Failure) [PSYoungGen: 99136K->1440K(98816K)] 406063K->308367K(727040K), 0.0016381 secs] [Times: user=0.01 sys=0.00, real=0.00 secs] 
1978.321: [GC (Allocation Failure) [PSYoungGen: 98720K->1408K(98304K)] 405647K->308335K(726528K), 0.0027592 secs] [Times: user=0.01 sys=0.00, real=0.00 secs] 
1979.220: [GC (Allocation Failure) [PSYoungGen: 98176K->1408K(97792K)] 405103K->308335K(726016K), 0.0020390 secs] [Times: user=0.00 sys=0.00, real=0.00 secs] 
1980.228: [GC (Allocation Failure) [PSYoungGen: 97664K->1408K(97280K)] 404591K->308335K(725504K), 0.0018511 secs] [Times: user=0.00 sys=0.00, real=0.00 secs] 
1980.645: [GC (Allocation Failure) [PSYoungGen: 97152K->1360K(96768K)] 404079K->308287K(724992K), 0.0017104 secs] [Times: user=0.01 sys=0.00, real=0.01 secs] 
1981.095: [GC (Allocation Failure) [PSYoungGen: 96592K->1344K(101888K)] 403519K->308279K(730112K), 0.0026785 secs] [Times: user=0.01 sys=0.00, real=0.01 secs] 
1982.495: [GC (Allocation Failure) [PSYoungGen: 101696K->1408K(101376K)] 408631K->308343K(729600K), 0.0017073 secs] [Times: user=0.00 sys=0.00, real=0.01 secs] 
1982.993: [GC (Allocation Failure) [PSYoungGen: 101248K->1376K(106496K)] 408183K->308311K(734720K), 0.0028137 secs] [Times: user=0.01 sys=0.00, real=0.01 secs] 
1983.602: [GC (Allocation Failure) [PSYoungGen: 106336K->320K(111104K)] 413271K->308287K(739328K), 0.0023791 secs] [Times: user=0.01 sys=0.00, real=0.00 secs] 
1985.011: [GC (Allocation Failure) [PSYoungGen: 110912K->1328K(118784K)] 418879K->309295K(747008K), 0.0038417 secs] [Times: user=0.02 sys=0.00, real=0.00 secs] 
1986.015: [GC (Allocation Failure) [PSYoungGen: 118064K->1344K(124416K)] 426031K->309311K(752640K), 0.0026977 secs] [Times: user=0.01 sys=0.00, real=0.01 secs] 
1987.661: [GC (Allocation Failure) [PSYoungGen: 124224K->1376K(123392K)] 432191K->309343K(751616K), 0.0020065 secs] [Times: user=0.01 sys=0.00, real=0.00 secs] 
1988.845: [GC (Allocation Failure) [PSYoungGen: 123232K->1376K(122368K)] 431199K->309351K(750592K), 0.0021257 secs] [Times: user=0.01 sys=0.00, real=0.01 secs] 
1989.928: [GC (Allocation Failure) [PSYoungGen: 122208K->1376K(121344K)] 430183K->309351K(749568K), 0.0024662 secs] [Times: user=0.01 sys=0.00, real=0.00 secs] 
1992.009: [GC (Allocation Failure) [PSYoungGen: 121184K->1408K(120320K)] 429159K->309383K(748544K), 0.0037111 secs] [Times: user=0.02 sys=0.00, real=0.00 secs] 
1993.615: [GC (Allocation Failure) [PSYoungGen: 120192K->1376K(119296K)] 428167K->309351K(747520K), 0.0028938 secs] [Times: user=0.01 sys=0.01, real=0.01 secs] 
1995.564: [GC (Allocation Failure) [PSYoungGen: 119136K->1440K(118272K)] 427111K->309415K(746496K), 0.0016160 secs] [Times: user=0.01 sys=0.00, real=0.00 secs] 
1996.728: [GC (Allocation Failure) [PSYoungGen: 118176K->1344K(117248K)] 426151K->309319K(745472K), 0.0020625 secs] [Times: user=0.00 sys=0.00, real=0.00 secs] 
1997.840: [GC (Allocation Failure) [PSYoungGen: 117056K->1376K(116224K)] 425031K->309351K(744448K), 0.0022876 secs] [Times: user=0.01 sys=0.00, real=0.00 secs] 
1999.597: [GC (Allocation Failure) [PSYoungGen: 116064K->1376K(115712K)] 424039K->309351K(743936K), 0.0021106 secs] [Times: user=0.01 sys=0.00, real=0.00 secs] 
2000.514: [GC (Allocation Failure) [PSYoungGen: 115552K->1376K(115200K)] 423527K->309351K(743424K), 0.0018862 secs] [Times: user=0.00 sys=0.00, real=0.00 secs] 
2001.349: [GC (Allocation Failure) [PSYoungGen: 115040K->1341K(114688K)] 423015K->309316K(742912K), 0.0014663 secs] [Times: user=0.01 sys=0.00, real=0.00 secs] 
2002.574: [GC (Allocation Failure) [PSYoungGen: 114493K->1440K(114176K)] 422468K->309415K(742400K), 0.0017394 secs] [Times: user=0.01 sys=0.00, real=0.01 secs] 
2003.642: [GC (Allocation Failure) [PSYoungGen: 114080K->1344K(113664K)] 422055K->309327K(741888K), 0.0020875 secs] [Times: user=0.00 sys=0.00, real=0.00 secs] 
2005.004: [GC (Allocation Failure) [PSYoungGen: 113472K->1440K(113152K)] 421455K->309423K(741376K), 0.0019850 secs] [Times: user=0.01 sys=0.00, real=0.00 secs] 
2005.505: [GC (Allocation Failure) [PSYoungGen: 113056K->1328K(112640K)] 421039K->309311K(740864K), 0.0018683 secs] [Times: user=0.00 sys=0.00, real=0.01 secs] 
2006.392: [GC (Allocation Failure) [PSYoungGen: 112432K->1376K(112128K)] 420415K->309359K(740352K), 0.0020948 secs] [Times: user=0.00 sys=0.00, real=0.00 secs] 
2008.652: [GC (Allocation Failure) [PSYoungGen: 111968K->1440K(111616K)] 419951K->309423K(739840K), 0.0036547 secs] [Times: user=0.01 sys=0.01, real=0.00 secs] 
2010.122: [GC (Allocation Failure) [PSYoungGen: 111520K->320K(110080K)] 419503K->309327K(738304K), 0.0025161 secs] [Times: user=0.01 sys=0.00, real=0.00 secs] 
2011.682: [GC (Allocation Failure) [PSYoungGen: 109888K->1389K(111104K)] 418895K->310396K(739328K), 0.0014110 secs] [Times: user=0.01 sys=0.00, real=0.00 secs] 
2012.500: [GC (Allocation Failure) [PSYoungGen: 110445K->1408K(110080K)] 419452K->310423K(738304K), 0.0017369 secs] [Times: user=0.01 sys=0.00, real=0.00 secs] 
2013.318: [GC (Allocation Failure) [PSYoungGen: 109952K->1376K(109568K)] 418967K->310391K(737792K), 0.0024006 secs] [Times: user=0.01 sys=0.00, real=0.00 secs] 
2014.631: [GC (Allocation Failure) [PSYoungGen: 109408K->1408K(109056K)] 418423K->310423K(737280K), 0.0016853 secs] [Times: user=0.01 sys=0.00, real=0.00 secs] 
2015.434: [GC (Allocation Failure) [PSYoungGen: 108928K->1344K(108544K)] 417943K->310359K(736768K), 0.0028724 secs] [Times: user=0.01 sys=0.00, real=0.01 secs] 
2016.314: [GC (Allocation Failure) [PSYoungGen: 108352K->1376K(108032K)] 417367K->310391K(736256K), 0.0026735 secs] [Times: user=0.01 sys=0.00, real=0.01 secs] 
2017.776: [GC (Allocation Failure) [PSYoungGen: 107872K->1376K(107520K)] 416887K->310391K(735744K), 0.0020311 secs] [Times: user=0.01 sys=0.00, real=0.01 secs] 
2018.356: [GC (Allocation Failure) [PSYoungGen: 107360K->1344K(107008K)] 416375K->310359K(735232K), 0.0020545 secs] [Times: user=0.01 sys=0.00, real=0.00 secs] 
2018.849: [GC (Allocation Failure) [PSYoungGen: 106816K->1344K(106496K)] 415831K->310359K(734720K), 0.0021148 secs] [Times: user=0.01 sys=0.00, real=0.00 secs] 
2020.928: [GC (Allocation Failure) [PSYoungGen: 106304K->1408K(105984K)] 415319K->310431K(734208K), 0.0033832 secs] [Times: user=0.01 sys=0.00, real=0.00 secs] 
2022.109: [GC (Allocation Failure) [PSYoungGen: 105856K->1312K(105472K)] 414879K->310343K(733696K), 0.0027917 secs] [Times: user=0.01 sys=0.00, real=0.00 secs] 
2023.043: [GC (Allocation Failure) [PSYoungGen: 105248K->1408K(104960K)] 414279K->310439K(733184K), 0.0022134 secs] [Times: user=0.01 sys=0.00, real=0.00 secs] 
2024.351: [GC (Allocation Failure) [PSYoungGen: 104832K->1408K(104448K)] 413863K->310439K(732672K), 0.0019714 secs] [Times: user=0.01 sys=0.00, real=0.00 secs] 
2025.430: [GC (Allocation Failure) [PSYoungGen: 104320K->1296K(103936K)] 413351K->310335K(732160K), 0.0020452 secs] [Times: user=0.01 sys=0.00, real=0.00 secs] 
2026.592: [GC (Allocation Failure) [PSYoungGen: 103696K->1360K(103424K)] 412735K->310399K(731648K), 0.0022425 secs] [Times: user=0.01 sys=0.00, real=0.00 secs] 
2028.356: [GC (Allocation Failure) [PSYoungGen: 103248K->1408K(102912K)] 412287K->310447K(731136K), 0.0022986 secs] [Times: user=0.01 sys=0.00, real=0.01 secs] 
2029.557: [GC (Allocation Failure) [PSYoungGen: 102784K->1376K(102400K)] 411823K->310415K(730624K), 0.0025322 secs] [Times: user=0.01 sys=0.00, real=0.00 secs] 
2030.946: [GC (Allocation Failure) [PSYoungGen: 102240K->1360K(101888K)] 411279K->310407K(730112K), 0.0017325 secs] [Times: user=0.01 sys=0.00, real=0.01 secs] 
2032.077: [GC (Allocation Failure) [PSYoungGen: 101712K->1376K(101376K)] 410759K->310423K(729600K), 0.0022229 secs] [Times: user=0.00 sys=0.00, real=0.00 secs] 
2033.660: [GC (Allocation Failure) [PSYoungGen: 101216K->320K(99840K)] 410263K->310391K(728064K), 0.0026102 secs] [Times: user=0.01 sys=0.00, real=0.00 secs] 
2035.039: [GC (Allocation Failure) [PSYoungGen: 99648K->1357K(100864K)] 409719K->311428K(729088K), 0.0013852 secs] [Times: user=0.00 sys=0.00, real=0.00 secs] 
2036.942: [GC (Allocation Failure) [PSYoungGen: 100173K->1440K(99840K)] 410244K->311511K(728064K), 0.0043870 secs] [Times: user=0.02 sys=0.00, real=0.01 secs] 
2038.140: [GC (Allocation Failure) [PSYoungGen: 99744K->1344K(99328K)] 409815K->311415K(727552K), 0.0027125 secs] [Times: user=0.01 sys=0.00, real=0.00 secs] 
2038.621: [GC (Allocation Failure) [PSYoungGen: 99136K->1389K(98816K)] 409207K->311460K(727040K), 0.0013743 secs] [Times: user=0.01 sys=0.00, real=0.00 secs] 
2039.822: [GC (Allocation Failure) [PSYoungGen: 98669K->1376K(98304K)] 408740K->311447K(726528K), 0.0020413 secs] [Times: user=0.01 sys=0.00, real=0.00 secs] 
2040.812: [GC (Allocation Failure) [PSYoungGen: 98144K->1376K(97792K)] 408215K->311447K(726016K), 0.0024451 secs] [Times: user=0.01 sys=0.00, real=0.00 secs] 
2041.766: [GC (Allocation Failure) [PSYoungGen: 97632K->1344K(97280K)] 407703K->311415K(725504K), 0.0020635 secs] [Times: user=0.01 sys=0.00, real=0.01 secs] 
2043.748: [GC (Allocation Failure) [PSYoungGen: 97088K->1408K(96768K)] 407159K->311479K(724992K), 0.0022107 secs] [Times: user=0.01 sys=0.00, real=0.00 secs] 
2045.034: [GC (Allocation Failure) [PSYoungGen: 96640K->1360K(96256K)] 406711K->311431K(724480K), 0.0033044 secs] [Times: user=0.01 sys=0.00, real=0.01 secs] 
2045.829: [GC (Allocation Failure) [PSYoungGen: 96080K->1344K(95744K)] 406151K->311415K(723968K), 0.0026403 secs] [Times: user=0.01 sys=0.00, real=0.00 secs] 
2047.509: [GC (Allocation Failure) [PSYoungGen: 95552K->1440K(95232K)] 405623K->311511K(723456K), 0.0030018 secs] [Times: user=0.01 sys=0.00, real=0.00 secs] 
2049.545: [GC (Allocation Failure) [PSYoungGen: 95136K->1408K(94720K)] 405207K->311479K(722944K), 0.0038815 secs] [Times: user=0.01 sys=0.00, real=0.01 secs] 
2050.629: [GC (Allocation Failure) [PSYoungGen: 94592K->1328K(94208K)] 404663K->311399K(722432K), 0.0025067 secs] [Times: user=0.01 sys=0.00, real=0.00 secs] 
2052.269: [GC (Allocation Failure) [PSYoungGen: 94000K->1408K(93696K)] 404071K->311479K(721920K), 0.0018572 secs] [Times: user=0.00 sys=0.00, real=0.00 secs] 
2053.215: [GC (Allocation Failure) [PSYoungGen: 93568K->1408K(93184K)] 403639K->311487K(721408K), 0.0026799 secs] [Times: user=0.01 sys=0.00, real=0.01 secs] 
2054.462: [GC (Allocation Failure) [PSYoungGen: 93056K->1360K(92672K)] 403135K->311439K(720896K), 0.0033380 secs] [Times: user=0.01 sys=0.01, real=0.00 secs] 
2056.518: [GC (Allocation Failure) [PSYoungGen: 92496K->1376K(92160K)] 402575K->311463K(720384K), 0.0034481 secs] [Times: user=0.01 sys=0.00, real=0.00 secs] 
2058.192: [GC (Allocation Failure) [PSYoungGen: 92000K->1408K(91648K)] 402087K->311495K(719872K), 0.0033292 secs] [Times: user=0.01 sys=0.00, real=0.00 secs] 
2059.595: [GC (Allocation Failure) [PSYoungGen: 91520K->1376K(91136K)] 401607K->311463K(719360K), 0.0031428 secs] [Times: user=0.01 sys=0.00, real=0.01 secs] 
2060.729: [GC (Allocation Failure) [PSYoungGen: 90976K->1392K(90624K)] 401063K->311479K(718848K), 0.0018147 secs] [Times: user=0.01 sys=0.00, real=0.00 secs] 
2062.906: [GC (Allocation Failure) [PSYoungGen: 90480K->1424K(90112K)] 400567K->311519K(718336K), 0.0029169 secs] [Times: user=0.01 sys=0.00, real=0.01 secs] 
2063.462: [GC (Allocation Failure) [PSYoungGen: 90000K->384K(88576K)] 400095K->311503K(716800K), 0.0020425 secs] [Times: user=0.01 sys=0.00, real=0.00 secs] 
2063.963: [GC (Allocation Failure) [PSYoungGen: 88448K->320K(89600K)] 399567K->311439K(717824K), 0.0017005 secs] [Times: user=0.01 sys=0.00, real=0.00 secs] 
2065.292: [GC (Allocation Failure) [PSYoungGen: 87872K->1440K(88576K)] 398991K->312559K(716800K), 0.0018890 secs] [Times: user=0.01 sys=0.00, real=0.00 secs] 
2065.681: [GC (Allocation Failure) [PSYoungGen: 88480K->1376K(88064K)] 399599K->312495K(716288K), 0.0019238 secs] [Times: user=0.00 sys=0.00, real=0.00 secs] 
2066.204: [GC (Allocation Failure) [PSYoungGen: 87904K->1376K(92672K)] 399023K->312503K(720896K), 0.0029694 secs] [Times: user=0.01 sys=0.00, real=0.01 secs] 
2067.346: [GC (Allocation Failure) [PSYoungGen: 92512K->1408K(92160K)] 403639K->312543K(720384K), 0.0018070 secs] [Times: user=0.00 sys=0.00, real=0.00 secs] 
2067.890: [GC (Allocation Failure) [PSYoungGen: 92032K->1360K(91648K)] 403167K->312495K(719872K), 0.0019532 secs] [Times: user=0.01 sys=0.00, real=0.00 secs] 
2068.314: [GC (Allocation Failure) [PSYoungGen: 91472K->1376K(97280K)] 402607K->312511K(725504K), 0.0027513 secs] [Times: user=0.01 sys=0.00, real=0.01 secs] 
2069.165: [GC (Allocation Failure) [PSYoungGen: 97120K->1389K(102400K)] 408255K->312524K(730624K), 0.0013799 secs] [Times: user=0.00 sys=0.00, real=0.01 secs] 
2070.209: [GC (Allocation Failure) [PSYoungGen: 102253K->1408K(101888K)] 413388K->312551K(730112K), 0.0028496 secs] [Times: user=0.01 sys=0.00, real=0.00 secs] 
2070.692: [GC (Allocation Failure) [PSYoungGen: 101760K->1376K(107520K)] 412903K->312527K(735744K), 0.0020900 secs] [Times: user=0.00 sys=0.01, real=0.00 secs] 
2071.609: [GC (Allocation Failure) [PSYoungGen: 107360K->1357K(107008K)] 418511K->312508K(735232K), 0.0015894 secs] [Times: user=0.00 sys=0.00, real=0.00 secs] 
2073.534: [GC (Allocation Failure) [PSYoungGen: 106829K->1376K(106496K)] 417980K->312527K(734720K), 0.0027599 secs] [Times: user=0.01 sys=0.00, real=0.01 secs] 
2074.590: [GC (Allocation Failure) [PSYoungGen: 106336K->1344K(105984K)] 417487K->312495K(734208K), 0.0027635 secs] [Times: user=0.01 sys=0.00, real=0.00 secs] 
2075.934: [GC (Allocation Failure) [PSYoungGen: 105792K->1424K(105472K)] 416943K->312583K(733696K), 0.0018793 secs] [Times: user=0.01 sys=0.00, real=0.00 secs] 
2076.445: [GC (Allocation Failure) [PSYoungGen: 105360K->1344K(104960K)] 416519K->312511K(733184K), 0.0021194 secs] [Times: user=0.01 sys=0.00, real=0.01 secs] 
2076.879: [GC (Allocation Failure) [PSYoungGen: 104768K->1344K(104448K)] 415935K->312511K(732672K), 0.0018850 secs] [Times: user=0.01 sys=0.00, real=0.00 secs] 
2078.487: [GC (Allocation Failure) [PSYoungGen: 104256K->1408K(103936K)] 415423K->312575K(732160K), 0.0056285 secs] [Times: user=0.02 sys=0.00, real=0.00 secs] 
2079.813: [GC (Allocation Failure) [PSYoungGen: 103808K->1376K(103424K)] 414975K->312543K(731648K), 0.0024091 secs] [Times: user=0.01 sys=0.00, real=0.00 secs] 
2080.906: [GC (Allocation Failure) [PSYoungGen: 103264K->1376K(102912K)] 414431K->312543K(731136K), 0.0023761 secs] [Times: user=0.00 sys=0.01, real=0.01 secs] 
2082.058: [GC (Allocation Failure) [PSYoungGen: 102752K->1408K(102400K)] 413919K->312575K(730624K), 0.0018760 secs] [Times: user=0.00 sys=0.00, real=0.00 secs] 
2082.477: [GC (Allocation Failure) [PSYoungGen: 102272K->1376K(101888K)] 413439K->312543K(730112K), 0.0019573 secs] [Times: user=0.01 sys=0.00, real=0.00 secs] 
2082.991: [GC (Allocation Failure) [PSYoungGen: 101728K->1344K(101376K)] 412895K->312511K(729600K), 0.0018400 secs] [Times: user=0.00 sys=0.00, real=0.00 secs] 
2084.280: [GC (Allocation Failure) [PSYoungGen: 101184K->1408K(100864K)] 412351K->312575K(729088K), 0.0021281 secs] [Times: user=0.00 sys=0.00, real=0.00 secs] 
2084.894: [GC (Allocation Failure) [PSYoungGen: 100736K->1344K(100352K)] 411903K->312511K(728576K), 0.0021091 secs] [Times: user=0.01 sys=0.00, real=0.01 secs] 
2085.781: [GC (Allocation Failure) [PSYoungGen: 100160K->1408K(99840K)] 411327K->312575K(728064K), 0.0023802 secs] [Times: user=0.01 sys=0.00, real=0.00 secs] 
2086.898: [GC (Allocation Failure) [PSYoungGen: 99712K->1408K(99328K)] 410879K->312575K(727552K), 0.0018417 secs] [Times: user=0.01 sys=0.00, real=0.00 secs] 
2087.416: [GC (Allocation Failure) [PSYoungGen: 99200K->1376K(98816K)] 410367K->312551K(727040K), 0.0019253 secs] [Times: user=0.00 sys=0.00, real=0.00 secs] 
2087.820: [GC (Allocation Failure) [PSYoungGen: 98656K->1312K(98304K)] 409831K->312487K(726528K), 0.0018424 secs] [Times: user=0.00 sys=0.00, real=0.00 secs] 
2089.184: [GC (Allocation Failure) [PSYoungGen: 98080K->1408K(97792K)] 409255K->312583K(726016K), 0.0019610 secs] [Times: user=0.01 sys=0.00, real=0.01 secs] 
2090.490: [GC (Allocation Failure) [PSYoungGen: 97664K->320K(96256K)] 408839K->312519K(724480K), 0.0025824 secs] [Times: user=0.01 sys=0.00, real=0.00 secs] 
2091.865: [GC (Allocation Failure) [PSYoungGen: 96064K->352K(97280K)] 408263K->312551K(725504K), 0.0034070 secs] [Times: user=0.02 sys=0.00, real=0.01 secs] 
2093.307: [GC (Allocation Failure) [PSYoungGen: 95584K->1376K(96256K)] 407783K->313583K(724480K), 0.0018442 secs] [Times: user=0.00 sys=0.00, real=0.00 secs] 
2094.129: [GC (Allocation Failure) [PSYoungGen: 96096K->1296K(95744K)] 408303K->313503K(723968K), 0.0022183 secs] [Times: user=0.01 sys=0.00, real=0.00 secs] 
2094.949: [GC (Allocation Failure) [PSYoungGen: 95504K->1328K(95232K)] 407711K->313535K(723456K), 0.0019874 secs] [Times: user=0.00 sys=0.00, real=0.00 secs] 
2096.485: [GC (Allocation Failure) [PSYoungGen: 95024K->1904K(95232K)] 407231K->314111K(723456K), 0.0018029 secs] [Times: user=0.00 sys=0.00, real=0.01 secs] 
2096.878: [GC (Allocation Failure) [PSYoungGen: 95088K->352K(93184K)] 407295K->313583K(721408K), 0.0017044 secs] [Times: user=0.01 sys=0.00, real=0.00 secs] 
2097.263: [GC (Allocation Failure) [PSYoungGen: 93024K->288K(94720K)] 406255K->313519K(722944K), 0.0016328 secs] [Times: user=0.01 sys=0.00, real=0.00 secs] 
2098.098: [GC (Allocation Failure) [PSYoungGen: 92448K->1309K(93184K)] 405679K->314548K(721408K), 0.0025397 secs] [Times: user=0.01 sys=0.00, real=0.00 secs] 
2098.884: [GC (Allocation Failure) [PSYoungGen: 92957K->1360K(92672K)] 406196K->314599K(720896K), 0.0019366 secs] [Times: user=0.00 sys=0.00, real=0.01 secs] 
2099.263: [GC (Allocation Failure) [PSYoungGen: 92496K->1312K(92160K)] 405735K->314551K(720384K), 0.0020556 secs] [Times: user=0.00 sys=0.00, real=0.00 secs] 
2099.876: [GC (Allocation Failure) [PSYoungGen: 91936K->1344K(97280K)] 405175K->314583K(725504K), 0.0027363 secs] [Times: user=0.01 sys=0.00, real=0.00 secs] 
2101.184: [GC (Allocation Failure) [PSYoungGen: 97088K->1408K(96768K)] 410327K->314647K(724992K), 0.0033462 secs] [Times: user=0.01 sys=0.00, real=0.01 secs] 
2101.582: [GC (Allocation Failure) [PSYoungGen: 96640K->1376K(102400K)] 409879K->314615K(730624K), 0.0023953 secs] [Times: user=0.01 sys=0.00, real=0.00 secs] 
2102.208: [GC (Allocation Failure) [PSYoungGen: 102240K->1376K(108544K)] 415479K->314615K(736768K), 0.0023046 secs] [Times: user=0.01 sys=0.00, real=0.00 secs] 
2103.585: [GC (Allocation Failure) [PSYoungGen: 108384K->1408K(108032K)] 421623K->314647K(736256K), 0.0027788 secs] [Times: user=0.01 sys=0.00, real=0.01 secs] 
2104.025: [GC (Allocation Failure) [PSYoungGen: 107904K->1344K(114176K)] 421143K->314583K(742400K), 0.0018597 secs] [Times: user=0.00 sys=0.00, real=0.01 secs] 
2104.571: [GC (Allocation Failure) [PSYoungGen: 113984K->1357K(113664K)] 427223K->314604K(741888K), 0.0015993 secs] [Times: user=0.01 sys=0.00, real=0.00 secs] 
2106.417: [GC (Allocation Failure) [PSYoungGen: 113485K->1376K(113152K)] 426732K->314623K(741376K), 0.0020505 secs] [Times: user=0.01 sys=0.00, real=0.00 secs] 
2107.461: [GC (Allocation Failure) [PSYoungGen: 112992K->1344K(112640K)] 426239K->314591K(740864K), 0.0028245 secs] [Times: user=0.01 sys=0.00, real=0.00 secs] 
2108.796: [GC (Allocation Failure) [PSYoungGen: 112448K->1440K(112128K)] 425695K->314687K(740352K), 0.0016672 secs] [Times: user=0.01 sys=0.00, real=0.00 secs] 
2109.580: [GC (Allocation Failure) [PSYoungGen: 112032K->1360K(111616K)] 425279K->314607K(739840K), 0.0019176 secs] [Times: user=0.01 sys=0.00, real=0.00 secs] 
2110.041: [GC (Allocation Failure) [PSYoungGen: 111440K->1328K(111104K)] 424687K->314575K(739328K), 0.0018954 secs] [Times: user=0.01 sys=0.00, real=0.00 secs] 
2112.040: [GC (Allocation Failure) [PSYoungGen: 110896K->1360K(110592K)] 424143K->314607K(738816K), 0.0040953 secs] [Times: user=0.01 sys=0.00, real=0.00 secs] 
2113.477: [GC (Allocation Failure) [PSYoungGen: 110416K->1376K(110080K)] 423663K->314623K(738304K), 0.0020676 secs] [Times: user=0.01 sys=0.00, real=0.00 secs] 
2114.387: [GC (Allocation Failure) [PSYoungGen: 109920K->1344K(109568K)] 423167K->314591K(737792K), 0.0021045 secs] [Times: user=0.01 sys=0.00, real=0.00 secs] 
2115.592: [GC (Allocation Failure) [PSYoungGen: 109376K->1376K(109056K)] 422623K->314623K(737280K), 0.0019072 secs] [Times: user=0.01 sys=0.00, real=0.00 secs] 
2116.039: [GC (Allocation Failure) [PSYoungGen: 108896K->1376K(108544K)] 422143K->314623K(736768K), 0.0020581 secs] [Times: user=0.01 sys=0.00, real=0.00 secs] 
2116.928: [GC (Allocation Failure) [PSYoungGen: 108384K->1309K(108032K)] 421631K->314556K(736256K), 0.0016337 secs] [Times: user=0.00 sys=0.00, real=0.00 secs] 
2117.638: [GC (Allocation Failure) [PSYoungGen: 107805K->1376K(107520K)] 421052K->314623K(735744K), 0.0029558 secs] [Times: user=0.01 sys=0.00, real=0.00 secs] 
2118.581: [GC (Allocation Failure) [PSYoungGen: 107360K->1376K(107008K)] 420607K->314631K(735232K), 0.0030289 secs] [Times: user=0.01 sys=0.00, real=0.00 secs] 
2120.227: [GC (Allocation Failure) [PSYoungGen: 106848K->1392K(106496K)] 420103K->314647K(734720K), 0.0018327 secs] [Times: user=0.01 sys=0.00, real=0.00 secs] 
2121.462: [GC (Allocation Failure) [PSYoungGen: 106352K->1376K(105984K)] 419607K->314631K(734208K), 0.0032963 secs] [Times: user=0.01 sys=0.00, real=0.00 secs] 
2123.091: [GC (Allocation Failure) [PSYoungGen: 105824K->1344K(105472K)] 419079K->314599K(733696K), 0.0024120 secs] [Times: user=0.01 sys=0.01, real=0.00 secs] 
2124.890: [GC (Allocation Failure) [PSYoungGen: 105280K->1408K(104960K)] 418535K->314663K(733184K), 0.0021173 secs] [Times: user=0.00 sys=0.00, real=0.00 secs] 
2125.363: [GC (Allocation Failure) [PSYoungGen: 104832K->1376K(104448K)] 418087K->314631K(732672K), 0.0024507 secs] [Times: user=0.01 sys=0.00, real=0.00 secs] 
2126.171: [GC (Allocation Failure) [PSYoungGen: 104288K->1376K(103936K)] 417543K->314631K(732160K), 0.0018445 secs] [Times: user=0.01 sys=0.00, real=0.00 secs] 
2127.479: [GC (Allocation Failure) [PSYoungGen: 103776K->1408K(103424K)] 417031K->314663K(731648K), 0.0022469 secs] [Times: user=0.01 sys=0.00, real=0.00 secs] 
2127.974: [GC (Allocation Failure) [PSYoungGen: 103296K->320K(101888K)] 416551K->314599K(730112K), 0.0018373 secs] [Times: user=0.01 sys=0.00, real=0.01 secs] 
2128.414: [GC (Allocation Failure) [PSYoungGen: 101696K->288K(102912K)] 415975K->314575K(731136K), 0.0018178 secs] [Times: user=0.01 sys=0.00, real=0.00 secs] 
2131.263: [GC (Allocation Failure) [PSYoungGen: 101152K->1472K(101888K)] 415439K->315759K(730112K), 0.0039338 secs] [Times: user=0.02 sys=0.00, real=0.01 secs] 
2131.872: [GC (Allocation Failure) [PSYoungGen: 101824K->1376K(101376K)] 416111K->315663K(729600K), 0.0021699 secs] [Times: user=0.01 sys=0.00, real=0.00 secs] 
2132.287: [GC (Allocation Failure) [PSYoungGen: 101216K->1408K(100864K)] 415503K->315695K(729088K), 0.0018310 secs] [Times: user=0.01 sys=0.00, real=0.00 secs] 
2133.448: [GC (Allocation Failure) [PSYoungGen: 100736K->1408K(100352K)] 415023K->315695K(728576K), 0.0021167 secs] [Times: user=0.01 sys=0.00, real=0.00 secs] 
2134.292: [GC (Allocation Failure) [PSYoungGen: 100224K->1344K(99840K)] 414511K->315631K(728064K), 0.0018921 secs] [Times: user=0.01 sys=0.00, real=0.00 secs] 
2135.079: [GC (Allocation Failure) [PSYoungGen: 99648K->1376K(99328K)] 413935K->315663K(727552K), 0.0020304 secs] [Times: user=0.01 sys=0.00, real=0.00 secs] 
2136.394: [GC (Allocation Failure) [PSYoungGen: 99168K->1408K(98816K)] 413455K->315695K(727040K), 0.0018484 secs] [Times: user=0.01 sys=0.00, real=0.01 secs] 
2137.739: [GC (Allocation Failure) [PSYoungGen: 98688K->1344K(98304K)] 412975K->315631K(726528K), 0.0037015 secs] [Times: user=0.01 sys=0.00, real=0.00 secs] 
2139.199: [GC (Allocation Failure) [PSYoungGen: 98112K->1376K(97792K)] 412399K->315663K(726016K), 0.0032430 secs] [Times: user=0.01 sys=0.00, real=0.00 secs] 
2140.659: [GC (Allocation Failure) [PSYoungGen: 97632K->1440K(97280K)] 411919K->315735K(725504K), 0.0029105 secs] [Times: user=0.01 sys=0.00, real=0.00 secs] 
2141.061: [GC (Allocation Failure) [PSYoungGen: 97184K->1376K(96768K)] 411479K->315671K(724992K), 0.0019510 secs] [Times: user=0.01 sys=0.00, real=0.00 secs] 
2141.456: [GC (Allocation Failure) [PSYoungGen: 96608K->1376K(96256K)] 410903K->315671K(724480K), 0.0019318 secs] [Times: user=0.00 sys=0.00, real=0.00 secs] 
2143.028: [GC (Allocation Failure) [PSYoungGen: 96096K->1408K(95744K)] 410391K->315703K(723968K), 0.0027645 secs] [Times: user=0.01 sys=0.00, real=0.00 secs] 
2144.358: [GC (Allocation Failure) [PSYoungGen: 95616K->1312K(95232K)] 409911K->315607K(723456K), 0.0036652 secs] [Times: user=0.01 sys=0.00, real=0.00 secs] 
2145.703: [GC (Allocation Failure) [PSYoungGen: 95008K->1344K(94720K)] 409303K->315639K(722944K), 0.0032441 secs] [Times: user=0.01 sys=0.00, real=0.01 secs] 
2147.567: [GC (Allocation Failure) [PSYoungGen: 94528K->1376K(94208K)] 408823K->315671K(722432K), 0.0021633 secs] [Times: user=0.01 sys=0.00, real=0.00 secs] 
2148.502: [GC (Allocation Failure) [PSYoungGen: 94048K->1408K(93696K)] 408343K->315703K(721920K), 0.0022344 secs] [Times: user=0.00 sys=0.00, real=0.00 secs] 
2149.305: [GC (Allocation Failure) [PSYoungGen: 93568K->1376K(93184K)] 407863K->315671K(721408K), 0.0026715 secs] [Times: user=0.01 sys=0.00, real=0.01 secs] 
2150.396: [GC (Allocation Failure) [PSYoungGen: 93024K->1357K(92672K)] 407319K->315661K(720896K), 0.0014289 secs] [Times: user=0.01 sys=0.00, real=0.01 secs] 
2151.289: [GC (Allocation Failure) [PSYoungGen: 92493K->1376K(92160K)] 406797K->315679K(720384K), 0.0019870 secs] [Times: user=0.00 sys=0.00, real=0.00 secs] 
2151.667: [GC (Allocation Failure) [PSYoungGen: 92000K->1376K(91648K)] 406303K->315679K(719872K), 0.0018839 secs] [Times: user=0.00 sys=0.00, real=0.00 secs] 
2152.041: [GC (Allocation Failure) [PSYoungGen: 91488K->1344K(91136K)] 405791K->315647K(719360K), 0.0019245 secs] [Times: user=0.01 sys=0.00, real=0.00 secs] 
2153.719: [GC (Allocation Failure) [PSYoungGen: 90944K->1408K(90624K)] 405247K->315711K(718848K), 0.0023576 secs] [Times: user=0.01 sys=0.00, real=0.00 secs] 
2155.080: [GC (Allocation Failure) [PSYoungGen: 90496K->1344K(90112K)] 404799K->315647K(718336K), 0.0025941 secs] [Times: user=0.01 sys=0.00, real=0.00 secs] 
2156.011: [GC (Allocation Failure) [PSYoungGen: 89920K->1344K(89600K)] 404223K->315647K(717824K), 0.0025979 secs] [Times: user=0.01 sys=0.00, real=0.00 secs] 
2157.281: [GC (Allocation Failure) [PSYoungGen: 89408K->1408K(89088K)] 403711K->315711K(717312K), 0.0018325 secs] [Times: user=0.01 sys=0.00, real=0.00 secs] 
2157.751: [GC (Allocation Failure) [PSYoungGen: 88960K->384K(87552K)] 403263K->315711K(715776K), 0.0018239 secs] [Times: user=0.00 sys=0.00, real=0.00 secs] 
2158.233: [GC (Allocation Failure) [PSYoungGen: 87424K->320K(88576K)] 402751K->315655K(716800K), 0.0017436 secs] [Times: user=0.01 sys=0.00, real=0.00 secs] 
2159.217: [GC (Allocation Failure) [PSYoungGen: 86848K->1392K(87552K)] 402183K->316735K(715776K), 0.0019240 secs] [Times: user=0.01 sys=0.00, real=0.00 secs] 
2160.516: [GC (Allocation Failure) [PSYoungGen: 87408K->1440K(87040K)] 402751K->316783K(715264K), 0.0029845 secs] [Times: user=0.01 sys=0.00, real=0.00 secs] 
2161.274: [GC (Allocation Failure) [PSYoungGen: 86944K->1344K(86528K)] 402287K->316687K(714752K), 0.0018465 secs] [Times: user=0.01 sys=0.00, real=0.00 secs] 
2162.357: [GC (Allocation Failure) [PSYoungGen: 86336K->1408K(86016K)] 401679K->316751K(714240K), 0.0041914 secs] [Times: user=0.01 sys=0.00, real=0.00 secs] 
2163.580: [GC (Allocation Failure) [PSYoungGen: 85888K->1408K(85504K)] 401231K->316751K(713728K), 0.0016429 secs] [Times: user=0.00 sys=0.00, real=0.00 secs] 
2164.082: [GC (Allocation Failure) [PSYoungGen: 85376K->1312K(84992K)] 400719K->316655K(713216K), 0.0020765 secs] [Times: user=0.01 sys=0.00, real=0.00 secs] 
2164.465: [GC (Allocation Failure) [PSYoungGen: 84768K->1376K(84480K)] 400111K->316719K(712704K), 0.0019181 secs] [Times: user=0.01 sys=0.00, real=0.01 secs] 
2164.829: [GC (Allocation Failure) [PSYoungGen: 84304K->288K(88576K)] 399647K->315631K(716800K), 0.0019469 secs] [Times: user=0.01 sys=0.00, real=0.00 secs] 
2168.062: [GC (Allocation Failure) [PSYoungGen: 88352K->1376K(89088K)] 403695K->316719K(717312K), 0.0027612 secs] [Times: user=0.01 sys=0.00, real=0.00 secs] 
2168.432: [GC (Allocation Failure) [PSYoungGen: 88928K->1376K(88576K)] 404271K->316727K(716800K), 0.0020346 secs] [Times: user=0.01 sys=0.00, real=0.00 secs] 
2168.901: [GC (Allocation Failure) [PSYoungGen: 88416K->1312K(88064K)] 403767K->316663K(716288K), 0.0018371 secs] [Times: user=0.01 sys=0.00, real=0.00 secs] 
2170.209: [GC (Allocation Failure) [PSYoungGen: 87840K->1376K(87552K)] 403191K->316727K(715776K), 0.0021820 secs] [Times: user=0.01 sys=0.00, real=0.00 secs] 
2171.108: [GC (Allocation Failure) [PSYoungGen: 87392K->1344K(87040K)] 402743K->316695K(715264K), 0.0022158 secs] [Times: user=0.01 sys=0.00, real=0.00 secs] 
2171.975: [GC (Allocation Failure) [PSYoungGen: 86848K->1344K(86528K)] 402199K->316695K(714752K), 0.0025478 secs] [Times: user=0.01 sys=0.00, real=0.01 secs] 
2173.490: [GC (Allocation Failure) [PSYoungGen: 86336K->1357K(86016K)] 401687K->316709K(714240K), 0.0015400 secs] [Times: user=0.01 sys=0.00, real=0.00 secs] 
2174.524: [GC (Allocation Failure) [PSYoungGen: 85837K->1408K(85504K)] 401189K->316759K(713728K), 0.0021563 secs] [Times: user=0.01 sys=0.00, real=0.01 secs] 
2175.263: [GC (Allocation Failure) [PSYoungGen: 85376K->1344K(84992K)] 400727K->316695K(713216K), 0.0020908 secs] [Times: user=0.01 sys=0.00, real=0.00 secs] 
2175.973: [GC (Allocation Failure) [PSYoungGen: 84800K->1376K(84480K)] 400151K->316727K(712704K), 0.0022462 secs] [Times: user=0.01 sys=0.00, real=0.00 secs] 
2177.036: [GC (Allocation Failure) [PSYoungGen: 84320K->1408K(83968K)] 399671K->316759K(712192K), 0.0018513 secs] [Times: user=0.01 sys=0.00, real=0.01 secs] 
2177.770: [GC (Allocation Failure) [PSYoungGen: 83840K->1344K(83456K)] 399191K->316703K(711680K), 0.0021530 secs] [Times: user=0.01 sys=0.00, real=0.00 secs] 
2178.226: [GC (Allocation Failure) [PSYoungGen: 83264K->1312K(82944K)] 398623K->316671K(711168K), 0.0020144 secs] [Times: user=0.01 sys=0.00, real=0.01 secs] 
2178.601: [GC (Allocation Failure) [PSYoungGen: 82720K->1360K(82432K)] 398079K->316719K(710656K), 0.0021200 secs] [Times: user=0.01 sys=0.01, real=0.00 secs] 
2179.806: [GC (Allocation Failure) [PSYoungGen: 82256K->1344K(81920K)] 397615K->316703K(710144K), 0.0018760 secs] [Times: user=0.01 sys=0.00, real=0.00 secs] 
2180.731: [GC (Allocation Failure) [PSYoungGen: 81728K->1376K(81408K)] 397087K->316743K(709632K), 0.0035375 secs] [Times: user=0.01 sys=0.00, real=0.00 secs] 
2181.446: [GC (Allocation Failure) [PSYoungGen: 81248K->1344K(80896K)] 396615K->316711K(709120K), 0.0023239 secs] [Times: user=0.01 sys=0.00, real=0.00 secs] 
2182.519: [GC (Allocation Failure) [PSYoungGen: 80704K->256K(79360K)] 396071K->315623K(707584K), 0.0016382 secs] [Times: user=0.00 sys=0.00, real=0.00 secs] 
2183.417: [GC (Allocation Failure) [PSYoungGen: 79104K->1408K(80384K)] 394471K->316783K(708608K), 0.0024863 secs] [Times: user=0.01 sys=0.00, real=0.00 secs] 
2184.137: [GC (Allocation Failure) [PSYoungGen: 80256K->1408K(80384K)] 395631K->316783K(708608K), 0.0031561 secs] [Times: user=0.01 sys=0.00, real=0.00 secs] 
2185.144: [GC (Allocation Failure) [PSYoungGen: 80256K->1408K(80384K)] 395631K->316783K(708608K), 0.0032646 secs] [Times: user=0.01 sys=0.00, real=0.01 secs] 
2186.550: [GC (Allocation Failure) [PSYoungGen: 80256K->1440K(80384K)] 395631K->316823K(708608K), 0.0021885 secs] [Times: user=0.01 sys=0.00, real=0.00 secs] 
2187.432: [GC (Allocation Failure) [PSYoungGen: 80288K->1376K(80384K)] 395671K->316759K(708608K), 0.0033923 secs] [Times: user=0.01 sys=0.00, real=0.00 secs] 
2188.151: [GC (Allocation Failure) [PSYoungGen: 80224K->1376K(80384K)] 395607K->316759K(708608K), 0.0025264 secs] [Times: user=0.01 sys=0.00, real=0.00 secs] 
2188.911: [GC (Allocation Failure) [PSYoungGen: 80224K->1408K(80384K)] 395607K->316791K(708608K), 0.0022719 secs] [Times: user=0.01 sys=0.00, real=0.00 secs] 
2189.747: [GC (Allocation Failure) [PSYoungGen: 80256K->1440K(80384K)] 395639K->316823K(708608K), 0.0019124 secs] [Times: user=0.01 sys=0.00, real=0.00 secs] 
2190.075: [GC (Allocation Failure) [PSYoungGen: 80288K->1344K(80384K)] 395671K->316727K(708608K), 0.0018217 secs] [Times: user=0.01 sys=0.00, real=0.01 secs] 
2190.582: [GC (Allocation Failure) [PSYoungGen: 80192K->1376K(80384K)] 395575K->316759K(708608K), 0.0020576 secs] [Times: user=0.01 sys=0.00, real=0.00 secs] 
2191.202: [GC (Allocation Failure) [PSYoungGen: 80224K->1408K(80384K)] 395607K->316791K(708608K), 0.0018367 secs] [Times: user=0.00 sys=0.00, real=0.00 secs] 
2192.834: [GC (Allocation Failure) [PSYoungGen: 80256K->1408K(80384K)] 395639K->316791K(708608K), 0.0040378 secs] [Times: user=0.01 sys=0.00, real=0.01 secs] 
2193.635: [GC (Allocation Failure) [PSYoungGen: 80256K->1440K(80384K)] 395639K->316823K(708608K), 0.0025187 secs] [Times: user=0.01 sys=0.00, real=0.01 secs] 
2194.436: [GC (Allocation Failure) [PSYoungGen: 80288K->1392K(80384K)] 395671K->316775K(708608K), 0.0022910 secs] [Times: user=0.01 sys=0.00, real=0.01 secs] 
2195.409: [GC (Allocation Failure) [PSYoungGen: 80240K->1357K(80384K)] 395623K->316757K(708608K), 0.0014366 secs] [Times: user=0.00 sys=0.00, real=0.00 secs] 
2196.102: [GC (Allocation Failure) [PSYoungGen: 80205K->1440K(80384K)] 395605K->316847K(708608K), 0.0019181 secs] [Times: user=0.01 sys=0.01, real=0.00 secs] 
2196.430: [GC (Allocation Failure) [PSYoungGen: 80288K->1376K(80384K)] 395695K->316783K(708608K), 0.0018666 secs] [Times: user=0.01 sys=0.00, real=0.00 secs] 
2196.757: [GC (Allocation Failure) [PSYoungGen: 80224K->1344K(84992K)] 395631K->316751K(713216K), 0.0019034 secs] [Times: user=0.01 sys=0.00, real=0.00 secs] 
2197.729: [GC (Allocation Failure) [PSYoungGen: 84800K->1328K(84480K)] 400207K->316735K(712704K), 0.0015756 secs] [Times: user=0.00 sys=0.00, real=0.00 secs] 
2198.543: [GC (Allocation Failure) [PSYoungGen: 84272K->1376K(83968K)] 399679K->316783K(712192K), 0.0021365 secs] [Times: user=0.01 sys=0.00, real=0.00 secs] 
2198.960: [GC (Allocation Failure) [PSYoungGen: 83808K->1376K(83456K)] 399215K->316783K(711680K), 0.0020256 secs] [Times: user=0.01 sys=0.00, real=0.00 secs] 
2199.469: [GC (Allocation Failure) [PSYoungGen: 83296K->1376K(82944K)] 398703K->316783K(711168K), 0.0021502 secs] [Times: user=0.01 sys=0.00, real=0.00 secs] 
2201.493: [GC (Allocation Failure) [PSYoungGen: 82784K->1408K(82432K)] 398191K->316815K(710656K), 0.0026693 secs] [Times: user=0.01 sys=0.00, real=0.00 secs] 
2202.541: [GC (Allocation Failure) [PSYoungGen: 82304K->1328K(81920K)] 397711K->316735K(710144K), 0.0029611 secs] [Times: user=0.01 sys=0.00, real=0.00 secs] 
2203.401: [GC (Allocation Failure) [PSYoungGen: 81712K->384K(80384K)] 397119K->316815K(708608K), 0.0026115 secs] [Times: user=0.01 sys=0.00, real=0.00 secs] 
2204.198: [GC (Allocation Failure) [PSYoungGen: 80256K->1360K(81408K)] 396687K->317791K(709632K), 0.0016177 secs] [Times: user=0.00 sys=0.00, real=0.00 secs] 
2204.908: [GC (Allocation Failure) [PSYoungGen: 80720K->1376K(80384K)] 397151K->317807K(708608K), 0.0019143 secs] [Times: user=0.00 sys=0.00, real=0.00 secs] 
2205.477: [GC (Allocation Failure) [PSYoungGen: 80224K->1376K(80384K)] 396655K->317815K(708608K), 0.0033963 secs] [Times: user=0.01 sys=0.00, real=0.00 secs] 
2206.104: [GC (Allocation Failure) [PSYoungGen: 80224K->1408K(85504K)] 396663K->317847K(713728K), 0.0039312 secs] [Times: user=0.01 sys=0.00, real=0.01 secs] 
2208.398: [GC (Allocation Failure) [PSYoungGen: 85376K->1440K(84992K)] 401815K->317879K(713216K), 0.0039906 secs] [Times: user=0.01 sys=0.00, real=0.00 secs] 
2209.907: [GC (Allocation Failure) [PSYoungGen: 84896K->1376K(84480K)] 401335K->317815K(712704K), 0.0043526 secs] [Times: user=0.02 sys=0.00, real=0.00 secs] 
2210.904: [GC (Allocation Failure) [PSYoungGen: 84320K->1376K(83968K)] 400759K->317815K(712192K), 0.0026387 secs] [Times: user=0.01 sys=0.00, real=0.01 secs] 
2211.732: [GC (Allocation Failure) [PSYoungGen: 83808K->1376K(83456K)] 400247K->317815K(711680K), 0.0023008 secs] [Times: user=0.01 sys=0.00, real=0.00 secs] 
2214.512: [GC (Allocation Failure) [PSYoungGen: 83296K->1376K(82944K)] 399735K->317815K(711168K), 0.0024370 secs] [Times: user=0.01 sys=0.00, real=0.00 secs] 
2215.236: [GC (Allocation Failure) [PSYoungGen: 82784K->1312K(82432K)] 399223K->317751K(710656K), 0.0020159 secs] [Times: user=0.01 sys=0.00, real=0.00 secs] 
2216.104: [GC (Allocation Failure) [PSYoungGen: 82208K->1344K(81920K)] 398647K->317783K(710144K), 0.0024311 secs] [Times: user=0.00 sys=0.00, real=0.01 secs] 
2217.074: [GC (Allocation Failure) [PSYoungGen: 81728K->1357K(81408K)] 398167K->317797K(709632K), 0.0014828 secs] [Times: user=0.01 sys=0.00, real=0.01 secs] 
2219.189: [GC (Allocation Failure) [PSYoungGen: 81229K->1376K(80896K)] 397669K->317815K(709120K), 0.0025108 secs] [Times: user=0.01 sys=0.00, real=0.00 secs] 
2219.923: [GC (Allocation Failure) [PSYoungGen: 80736K->1328K(80384K)] 397175K->317767K(708608K), 0.0024811 secs] [Times: user=0.00 sys=0.00, real=0.01 secs] 
2220.691: [GC (Allocation Failure) [PSYoungGen: 80176K->1344K(80384K)] 396615K->317791K(708608K), 0.0028632 secs] [Times: user=0.01 sys=0.00, real=0.00 secs] 
2221.896: [GC (Allocation Failure) [PSYoungGen: 80192K->336K(79360K)] 396639K->318319K(707584K), 0.0015594 secs] [Times: user=0.00 sys=0.00, real=0.00 secs] 
2222.299: [GC (Allocation Failure) [PSYoungGen: 79184K->320K(80896K)] 397167K->318303K(709120K), 0.0015150 secs] [Times: user=0.00 sys=0.00, real=0.00 secs] 
2222.683: [GC (Allocation Failure) [PSYoungGen: 79168K->368K(79360K)] 397151K->318351K(707584K), 0.0019519 secs] [Times: user=0.00 sys=0.00, real=0.00 secs] 
2223.018: [GC (Allocation Failure) [PSYoungGen: 79216K->288K(80896K)] 397199K->318271K(709120K), 0.0017705 secs] [Times: user=0.00 sys=0.00, real=0.00 secs] 
2223.858: [GC (Allocation Failure) [PSYoungGen: 79136K->1344K(80384K)] 397119K->319327K(708608K), 0.0018307 secs] [Times: user=0.01 sys=0.00, real=0.00 secs] 
2224.268: [GC (Allocation Failure) [PSYoungGen: 80192K->1344K(80384K)] 398175K->319327K(708608K), 0.0018872 secs] [Times: user=0.01 sys=0.00, real=0.00 secs] 
2224.683: [GC (Allocation Failure) [PSYoungGen: 80192K->1344K(80384K)] 398175K->319327K(708608K), 0.0019726 secs] [Times: user=0.01 sys=0.00, real=0.00 secs] 
2225.371: [GC (Allocation Failure) [PSYoungGen: 80192K->1328K(80384K)] 398175K->319311K(708608K), 0.0021495 secs] [Times: user=0.01 sys=0.00, real=0.00 secs] 
2226.569: [GC (Allocation Failure) [PSYoungGen: 80176K->1344K(80384K)] 398159K->319335K(708608K), 0.0017812 secs] [Times: user=0.01 sys=0.00, real=0.00 secs] 
2227.018: [GC (Allocation Failure) [PSYoungGen: 80192K->1376K(80384K)] 398183K->319367K(708608K), 0.0020824 secs] [Times: user=0.01 sys=0.00, real=0.00 secs] 
2227.395: [GC (Allocation Failure) [PSYoungGen: 80224K->1344K(85504K)] 398215K->319335K(713728K), 0.0022908 secs] [Times: user=0.01 sys=0.00, real=0.01 secs] 
2228.211: [GC (Allocation Failure) [PSYoungGen: 85312K->1325K(84992K)] 403303K->319317K(713216K), 0.0015152 secs] [Times: user=0.01 sys=0.00, real=0.00 secs] 
2229.960: [GC (Allocation Failure) [PSYoungGen: 84781K->1376K(84480K)] 402773K->319375K(712704K), 0.0034007 secs] [Times: user=0.01 sys=0.00, real=0.00 secs] 
2230.962: [GC (Allocation Failure) [PSYoungGen: 84320K->1376K(83968K)] 402319K->319375K(712192K), 0.0028121 secs] [Times: user=0.01 sys=0.00, real=0.00 secs] 
2232.049: [GC (Allocation Failure) [PSYoungGen: 83808K->1344K(83456K)] 401807K->319343K(711680K), 0.0027214 secs] [Times: user=0.01 sys=0.00, real=0.00 secs] 
2233.436: [GC (Allocation Failure) [PSYoungGen: 83264K->1376K(82944K)] 401263K->319375K(711168K), 0.0025304 secs] [Times: user=0.01 sys=0.00, real=0.00 secs] 
2234.671: [GC (Allocation Failure) [PSYoungGen: 82784K->1376K(82432K)] 400783K->319375K(710656K), 0.0065857 secs] [Times: user=0.03 sys=0.00, real=0.01 secs] 
2235.995: [GC (Allocation Failure) [PSYoungGen: 82272K->1376K(81920K)] 400271K->319375K(710144K), 0.0044232 secs] [Times: user=0.02 sys=0.01, real=0.01 secs] 
2237.273: [GC (Allocation Failure) [PSYoungGen: 81760K->1312K(81408K)] 399759K->319311K(709632K), 0.0032757 secs] [Times: user=0.02 sys=0.00, real=0.01 secs] 
2238.539: [GC (Allocation Failure) [PSYoungGen: 81184K->1344K(80896K)] 399183K->319351K(709120K), 0.0020642 secs] [Times: user=0.01 sys=0.00, real=0.00 secs] 
2239.185: [GC (Allocation Failure) [PSYoungGen: 80704K->1344K(80384K)] 398711K->319351K(708608K), 0.0034229 secs] [Times: user=0.02 sys=0.00, real=0.01 secs] 
2240.297: [GC (Allocation Failure) [PSYoungGen: 80192K->1376K(80384K)] 398199K->319383K(708608K), 0.0028053 secs] [Times: user=0.01 sys=0.00, real=0.00 secs] 
2240.932: [GC (Allocation Failure) [PSYoungGen: 80210K->240K(79360K)] 398218K->318247K(707584K), 0.0038084 secs] [Times: user=0.01 sys=0.00, real=0.01 secs] 
2242.693: [GC (Allocation Failure) [PSYoungGen: 79088K->1360K(80896K)] 397095K->319367K(709120K), 0.0033846 secs] [Times: user=0.01 sys=0.00, real=0.01 secs] 
2243.656: [GC (Allocation Failure) [PSYoungGen: 80208K->1376K(80384K)] 398215K->319383K(708608K), 0.0028908 secs] [Times: user=0.01 sys=0.00, real=0.00 secs] 
2245.107: [GC (Allocation Failure) [PSYoungGen: 80224K->1344K(80384K)] 398231K->319351K(708608K), 0.0036254 secs] [Times: user=0.02 sys=0.00, real=0.00 secs] 
2246.326: [GC (Allocation Failure) [PSYoungGen: 80192K->1357K(80384K)] 398199K->319365K(708608K), 0.0015376 secs] [Times: user=0.00 sys=0.00, real=0.00 secs] 
2247.054: [GC (Allocation Failure) [PSYoungGen: 80205K->1408K(80384K)] 398213K->319415K(708608K), 0.0036519 secs] [Times: user=0.01 sys=0.01, real=0.01 secs] 
2247.675: [GC (Allocation Failure) [PSYoungGen: 80256K->1376K(80384K)] 398263K->319383K(708608K), 0.0026212 secs] [Times: user=0.01 sys=0.00, real=0.01 secs] 
2248.435: [GC (Allocation Failure) [PSYoungGen: 80224K->1344K(80384K)] 398231K->319351K(708608K), 0.0028323 secs] [Times: user=0.01 sys=0.00, real=0.01 secs] 
2249.438: [GC (Allocation Failure) [PSYoungGen: 80192K->1440K(80384K)] 398199K->319455K(708608K), 0.0026804 secs] [Times: user=0.01 sys=0.00, real=0.00 secs] 
2249.807: [GC (Allocation Failure) [PSYoungGen: 80288K->1344K(80384K)] 398303K->319359K(708608K), 0.0017372 secs] [Times: user=0.00 sys=0.00, real=0.00 secs] 
2250.135: [GC (Allocation Failure) [PSYoungGen: 80192K->1312K(84992K)] 398207K->319327K(713216K), 0.0018084 secs] [Times: user=0.00 sys=0.00, real=0.01 secs] 
2250.481: [GC (Allocation Failure) [PSYoungGen: 84768K->1312K(90624K)] 402783K->319327K(718848K), 0.0019523 secs] [Times: user=0.01 sys=0.00, real=0.00 secs] 
2252.399: [GC (Allocation Failure) [PSYoungGen: 90400K->1376K(90112K)] 408415K->319391K(718336K), 0.0025990 secs] [Times: user=0.01 sys=0.00, real=0.00 secs] 
2252.901: [GC (Allocation Failure) [PSYoungGen: 89952K->1376K(89600K)] 407967K->319391K(717824K), 0.0022656 secs] [Times: user=0.01 sys=0.00, real=0.00 secs] 
2254.055: [GC (Allocation Failure) [PSYoungGen: 89440K->1360K(89088K)] 407455K->319375K(717312K), 0.0037610 secs] [Times: user=0.01 sys=0.00, real=0.01 secs] 
2256.417: [GC (Allocation Failure) [PSYoungGen: 88912K->1408K(88576K)] 406927K->319423K(716800K), 0.0037757 secs] [Times: user=0.02 sys=0.00, real=0.00 secs] 
2257.203: [GC (Allocation Failure) [PSYoungGen: 88448K->1376K(88064K)] 406463K->319391K(716288K), 0.0020780 secs] [Times: user=0.01 sys=0.00, real=0.00 secs] 
2257.873: [GC (Allocation Failure) [PSYoungGen: 87904K->1312K(87552K)] 405919K->319335K(715776K), 0.0021012 secs] [Times: user=0.01 sys=0.00, real=0.00 secs] 
2258.723: [GC (Allocation Failure) [PSYoungGen: 87328K->1408K(87040K)] 405351K->319431K(715264K), 0.0029560 secs] [Times: user=0.01 sys=0.00, real=0.01 secs] 
2260.144: [GC (Allocation Failure) [PSYoungGen: 86912K->1408K(86528K)] 404935K->319431K(714752K), 0.0039541 secs] [Times: user=0.02 sys=0.00, real=0.01 secs] 
2260.546: [GC (Allocation Failure) [PSYoungGen: 86400K->1344K(86016K)] 404423K->319383K(714240K), 0.0017715 secs] [Times: user=0.01 sys=0.00, real=0.00 secs] 
2260.946: [GC (Allocation Failure) [PSYoungGen: 85824K->1312K(85504K)] 403863K->319351K(713728K), 0.0020045 secs] [Times: user=0.01 sys=0.00, real=0.01 secs] 
2262.977: [GC (Allocation Failure) [PSYoungGen: 85280K->1408K(84992K)] 403319K->319447K(713216K), 0.0037985 secs] [Times: user=0.01 sys=0.00, real=0.00 secs] 
2264.531: [GC (Allocation Failure) [PSYoungGen: 84864K->1376K(84480K)] 402903K->319415K(712704K), 0.0028998 secs] [Times: user=0.01 sys=0.00, real=0.00 secs] 
2264.873: [GC (Allocation Failure) [PSYoungGen: 84320K->1344K(83968K)] 402359K->319383K(712192K), 0.0019787 secs] [Times: user=0.01 sys=0.00, real=0.00 secs] 
2265.484: [GC (Allocation Failure) [PSYoungGen: 83776K->1376K(83456K)] 401815K->319415K(711680K), 0.0025437 secs] [Times: user=0.01 sys=0.00, real=0.01 secs] 
2268.281: [GC (Allocation Failure) [PSYoungGen: 83296K->384K(81920K)] 401335K->319447K(710144K), 0.0037315 secs] [Times: user=0.02 sys=0.00, real=0.00 secs] 
2269.026: [GC (Allocation Failure) [PSYoungGen: 81792K->320K(82944K)] 400855K->319383K(711168K), 0.0021997 secs] [Times: user=0.01 sys=0.00, real=0.00 secs] 
2269.971: [GC (Allocation Failure) [PSYoungGen: 81216K->320K(80896K)] 400279K->319383K(709120K), 0.0028256 secs] [Times: user=0.01 sys=0.00, real=0.00 secs] 
2270.934: [GC (Allocation Failure) [PSYoungGen: 80704K->1357K(81920K)] 399767K->320429K(710144K), 0.0014372 secs] [Times: user=0.01 sys=0.00, real=0.00 secs] 
2271.750: [GC (Allocation Failure) [PSYoungGen: 81229K->1408K(80896K)] 400301K->320479K(709120K), 0.0019656 secs] [Times: user=0.01 sys=0.00, real=0.00 secs] 
2272.219: [GC (Allocation Failure) [PSYoungGen: 80768K->1344K(80384K)] 399839K->320415K(708608K), 0.0023001 secs] [Times: user=0.01 sys=0.01, real=0.00 secs] 
2273.281: [GC (Allocation Failure) [PSYoungGen: 80192K->1312K(80384K)] 399263K->320383K(708608K), 0.0026841 secs] [Times: user=0.01 sys=0.00, real=0.00 secs] 
2274.585: [GC (Allocation Failure) [PSYoungGen: 80160K->1376K(80384K)] 399231K->320447K(708608K), 0.0019658 secs] [Times: user=0.01 sys=0.00, real=0.01 secs] 
2274.997: [GC (Allocation Failure) [PSYoungGen: 80224K->1360K(80384K)] 399295K->320431K(708608K), 0.0019183 secs] [Times: user=0.00 sys=0.00, real=0.00 secs] 
2275.325: [GC (Allocation Failure) [PSYoungGen: 80208K->1312K(85504K)] 399279K->320383K(713728K), 0.0027573 secs] [Times: user=0.01 sys=0.00, real=0.01 secs] 
2275.727: [GC (Allocation Failure) [PSYoungGen: 85280K->1408K(91136K)] 404351K->320479K(719360K), 0.0022623 secs] [Times: user=0.01 sys=0.00, real=0.00 secs] 
2277.965: [GC (Allocation Failure) [PSYoungGen: 91008K->1376K(90624K)] 410079K->320447K(718848K), 0.0040310 secs] [Times: user=0.02 sys=0.00, real=0.01 secs] 
2279.337: [GC (Allocation Failure) [PSYoungGen: 90464K->1344K(90112K)] 409535K->320423K(718336K), 0.0032550 secs] [Times: user=0.01 sys=0.00, real=0.00 secs] 
2280.166: [GC (Allocation Failure) [PSYoungGen: 89920K->1328K(89600K)] 408999K->320407K(717824K), 0.0027159 secs] [Times: user=0.00 sys=0.00, real=0.00 secs] 
2281.294: [GC (Allocation Failure) [PSYoungGen: 89392K->1408K(89088K)] 408471K->320487K(717312K), 0.0016791 secs] [Times: user=0.01 sys=0.00, real=0.00 secs] 
2281.963: [GC (Allocation Failure) [PSYoungGen: 88960K->1344K(88576K)] 408039K->320423K(716800K), 0.0019077 secs] [Times: user=0.01 sys=0.00, real=0.00 secs] 
2282.665: [GC (Allocation Failure) [PSYoungGen: 88384K->1376K(88064K)] 407463K->320455K(716288K), 0.0026900 secs] [Times: user=0.01 sys=0.00, real=0.01 secs] 
2283.425: [GC (Allocation Failure) [PSYoungGen: 87904K->1344K(87552K)] 406983K->320423K(715776K), 0.0027965 secs] [Times: user=0.01 sys=0.00, real=0.01 secs] 
2285.474: [GC (Allocation Failure) [PSYoungGen: 87360K->1440K(87040K)] 406439K->320519K(715264K), 0.0033079 secs] [Times: user=0.01 sys=0.00, real=0.01 secs] 
2286.544: [GC (Allocation Failure) [PSYoungGen: 86944K->1408K(86528K)] 406023K->320487K(714752K), 0.0036381 secs] [Times: user=0.02 sys=0.00, real=0.01 secs] 
2287.348: [GC (Allocation Failure) [PSYoungGen: 86400K->1376K(86016K)] 405479K->320455K(714240K), 0.0027762 secs] [Times: user=0.01 sys=0.00, real=0.00 secs] 
2288.770: [GC (Allocation Failure) [PSYoungGen: 85856K->1408K(85504K)] 404935K->320495K(713728K), 0.0029721 secs] [Times: user=0.02 sys=0.00, real=0.00 secs] 
2289.603: [GC (Allocation Failure) [PSYoungGen: 85376K->1376K(84992K)] 404463K->320463K(713216K), 0.0022677 secs] [Times: user=0.01 sys=0.00, real=0.00 secs] 
2290.680: [GC (Allocation Failure) [PSYoungGen: 84832K->1344K(84480K)] 403919K->320431K(712704K), 0.0041158 secs] [Times: user=0.01 sys=0.00, real=0.00 secs] 
2291.685: [GC (Allocation Failure) [PSYoungGen: 84288K->1376K(83968K)] 403375K->320463K(712192K), 0.0033761 secs] [Times: user=0.01 sys=0.00, real=0.01 secs] 
2293.416: [GC (Allocation Failure) [PSYoungGen: 83808K->1408K(83456K)] 402895K->320495K(711680K), 0.0024045 secs] [Times: user=0.01 sys=0.00, real=0.00 secs] 
2294.609: [GC (Allocation Failure) [PSYoungGen: 83328K->1376K(82944K)] 402415K->320463K(711168K), 0.0038998 secs] [Times: user=0.02 sys=0.00, real=0.00 secs] 
2295.802: [GC (Allocation Failure) [PSYoungGen: 82784K->1344K(82432K)] 401871K->320431K(710656K), 0.0036211 secs] [Times: user=0.01 sys=0.00, real=0.00 secs] 
2297.152: [GC (Allocation Failure) [PSYoungGen: 82240K->1440K(81920K)] 401327K->320527K(710144K), 0.0017370 secs] [Times: user=0.01 sys=0.00, real=0.00 secs] 
2298.233: [GC (Allocation Failure) [PSYoungGen: 81824K->1376K(81408K)] 400911K->320463K(709632K), 0.0023381 secs] [Times: user=0.01 sys=0.00, real=0.00 secs] 
2299.135: [GC (Allocation Failure) [PSYoungGen: 81248K->1344K(80896K)] 400335K->320431K(709120K), 0.0034532 secs] [Times: user=0.01 sys=0.00, real=0.01 secs] 
2299.663: [GC (Allocation Failure) [PSYoungGen: 80704K->1344K(80384K)] 399791K->320431K(708608K), 0.0020557 secs] [Times: user=0.01 sys=0.00, real=0.00 secs] 
2300.552: [GC (Allocation Failure) [PSYoungGen: 80192K->1376K(80384K)] 399279K->320471K(708608K), 0.0019045 secs] [Times: user=0.00 sys=0.00, real=0.00 secs] 
2301.290: [GC (Allocation Failure) [PSYoungGen: 80224K->1344K(80384K)] 399319K->320439K(708608K), 0.0023858 secs] [Times: user=0.01 sys=0.00, real=0.00 secs] 
2302.082: [GC (Allocation Failure) [PSYoungGen: 80192K->288K(79360K)] 399287K->320407K(707584K), 0.0022522 secs] [Times: user=0.01 sys=0.00, real=0.00 secs] 
2302.908: [GC (Allocation Failure) [PSYoungGen: 79136K->320K(80896K)] 399255K->320447K(709120K), 0.0024526 secs] [Times: user=0.01 sys=0.00, real=0.00 secs] 
2304.506: [GC (Allocation Failure) [PSYoungGen: 79168K->1392K(80384K)] 399295K->321519K(708608K), 0.0023218 secs] [Times: user=0.00 sys=0.00, real=0.00 secs] 
2305.338: [GC (Allocation Failure) [PSYoungGen: 80240K->1344K(80384K)] 400367K->321479K(708608K), 0.0026664 secs] [Times: user=0.01 sys=0.00, real=0.00 secs] 
2306.213: [GC (Allocation Failure) [PSYoungGen: 80192K->1344K(80384K)] 400327K->321479K(708608K), 0.0033991 secs] [Times: user=0.01 sys=0.00, real=0.01 secs] 
2307.064: [GC (Allocation Failure) [PSYoungGen: 80192K->1344K(80384K)] 400327K->321479K(708608K), 0.0024860 secs] [Times: user=0.01 sys=0.00, real=0.01 secs] 
2308.115: [GC (Allocation Failure) [PSYoungGen: 80192K->1408K(80384K)] 400327K->321551K(708608K), 0.0017896 secs] [Times: user=0.01 sys=0.00, real=0.01 secs] 
2308.450: [GC (Allocation Failure) [PSYoungGen: 80256K->1344K(80384K)] 400399K->321487K(708608K), 0.0017991 secs] [Times: user=0.01 sys=0.00, real=0.00 secs] 
2308.781: [GC (Allocation Failure) [PSYoungGen: 80192K->1344K(80384K)] 400335K->321487K(708608K), 0.0021828 secs] [Times: user=0.01 sys=0.00, real=0.00 secs] 
2309.462: [GC (Allocation Failure) [PSYoungGen: 80192K->1309K(80384K)] 400335K->321453K(708608K), 0.0015757 secs] [Times: user=0.01 sys=0.00, real=0.00 secs] 
2309.949: [GC (Allocation Failure) [PSYoungGen: 80157K->1392K(80384K)] 400301K->321535K(708608K), 0.0016995 secs] [Times: user=0.00 sys=0.00, real=0.00 secs] 
2310.314: [GC (Allocation Failure) [PSYoungGen: 80240K->1392K(80384K)] 400383K->321535K(708608K), 0.0017494 secs] [Times: user=0.01 sys=0.00, real=0.01 secs] 
2310.919: [GC (Allocation Failure) [PSYoungGen: 80240K->1392K(80384K)] 400383K->321535K(708608K), 0.0026072 secs] [Times: user=0.01 sys=0.00, real=0.00 secs] 
2312.020: [GC (Allocation Failure) [PSYoungGen: 80240K->1456K(80384K)] 400383K->321599K(708608K), 0.0018414 secs] [Times: user=0.01 sys=0.00, real=0.00 secs] 
2312.347: [GC (Allocation Failure) [PSYoungGen: 80304K->1424K(80384K)] 400447K->321567K(708608K), 0.0017318 secs] [Times: user=0.01 sys=0.00, real=0.00 secs] 
2312.675: [GC (Allocation Failure) [PSYoungGen: 80272K->1392K(85504K)] 400415K->321535K(713728K), 0.0024706 secs] [Times: user=0.01 sys=0.00, real=0.01 secs] 
2313.032: [GC (Allocation Failure) [PSYoungGen: 85360K->1360K(91136K)] 405503K->321503K(719360K), 0.0019670 secs] [Times: user=0.01 sys=0.00, real=0.00 secs] 
2313.839: [GC (Allocation Failure) [PSYoungGen: 90960K->1424K(90624K)] 411103K->321575K(718848K), 0.0015260 secs] [Times: user=0.00 sys=0.00, real=0.00 secs] 
2314.212: [GC (Allocation Failure) [PSYoungGen: 90512K->1392K(90112K)] 410663K->321543K(718336K), 0.0015573 secs] [Times: user=0.01 sys=0.00, real=0.00 secs] 
2314.579: [GC (Allocation Failure) [PSYoungGen: 89968K->1392K(89600K)] 410119K->321543K(717824K), 0.0016952 secs] [Times: user=0.01 sys=0.00, real=0.00 secs] 
2315.675: [GC (Allocation Failure) [PSYoungGen: 89456K->1376K(89088K)] 409607K->321527K(717312K), 0.0022686 secs] [Times: user=0.01 sys=0.00, real=0.01 secs] 
2316.248: [GC (Allocation Failure) [PSYoungGen: 88928K->1392K(88576K)] 409079K->321543K(716800K), 0.0020054 secs] [Times: user=0.01 sys=0.00, real=0.00 secs] 
2316.614: [GC (Allocation Failure) [PSYoungGen: 88432K->1392K(88064K)] 408583K->321543K(716288K), 0.0018577 secs] [Times: user=0.00 sys=0.00, real=0.00 secs] 
2316.977: [GC (Allocation Failure) [PSYoungGen: 87920K->1392K(87552K)] 408071K->321543K(715776K), 0.0018616 secs] [Times: user=0.00 sys=0.00, real=0.00 secs] 
2318.959: [GC (Allocation Failure) [PSYoungGen: 87408K->1392K(87040K)] 407559K->321543K(715264K), 0.0038164 secs] [Times: user=0.02 sys=0.00, real=0.00 secs] 
2320.137: [GC (Allocation Failure) [PSYoungGen: 86896K->1376K(86528K)] 407047K->321551K(714752K), 0.0037124 secs] [Times: user=0.01 sys=0.00, real=0.00 secs] 
2320.507: [GC (Allocation Failure) [PSYoungGen: 86368K->1376K(86016K)] 406543K->321551K(714240K), 0.0017935 secs] [Times: user=0.00 sys=0.00, real=0.00 secs] 
2321.453: [GC (Allocation Failure) [PSYoungGen: 85856K->1408K(85504K)] 406031K->321583K(713728K), 0.0019429 secs] [Times: user=0.01 sys=0.00, real=0.00 secs] 
2322.274: [GC (Allocation Failure) [PSYoungGen: 85376K->1344K(84992K)] 405551K->321519K(713216K), 0.0034322 secs] [Times: user=0.01 sys=0.00, real=0.01 secs] 
2322.663: [GC (Allocation Failure) [PSYoungGen: 84800K->1344K(84480K)] 404975K->321519K(712704K), 0.0020422 secs] [Times: user=0.01 sys=0.00, real=0.00 secs] 
2323.082: [GC (Allocation Failure) [PSYoungGen: 84288K->352K(82944K)] 404463K->321551K(711168K), 0.0018136 secs] [Times: user=0.01 sys=0.00, real=0.00 secs] 
2324.197: [GC (Allocation Failure) [PSYoungGen: 82784K->1408K(83968K)] 403983K->322607K(712192K), 0.0017318 secs] [Times: user=0.01 sys=0.00, real=0.00 secs] 
2324.899: [GC (Allocation Failure) [PSYoungGen: 83328K->1344K(82944K)] 404527K->322551K(711168K), 0.0018380 secs] [Times: user=0.00 sys=0.00, real=0.00 secs] 
2325.506: [GC (Allocation Failure) [PSYoungGen: 82752K->1376K(82432K)] 403959K->322583K(710656K), 0.0021787 secs] [Times: user=0.01 sys=0.00, real=0.01 secs] 
2326.500: [GC (Allocation Failure) [PSYoungGen: 82272K->1488K(81920K)] 403479K->322695K(710144K), 0.0016397 secs] [Times: user=0.00 sys=0.00, real=0.00 secs] 
2327.218: [GC (Allocation Failure) [PSYoungGen: 81872K->1344K(81408K)] 403079K->322551K(709632K), 0.0019280 secs] [Times: user=0.01 sys=0.00, real=0.00 secs] 
2327.825: [GC (Allocation Failure) [PSYoungGen: 81216K->1344K(80896K)] 402423K->322551K(709120K), 0.0018734 secs] [Times: user=0.00 sys=0.00, real=0.01 secs] 
2328.154: [GC (Allocation Failure) [PSYoungGen: 80704K->1376K(80384K)] 401911K->322583K(708608K), 0.0021498 secs] [Times: user=0.01 sys=0.00, real=0.01 secs] 
2329.466: [GC (Allocation Failure) [PSYoungGen: 80224K->1408K(80384K)] 401431K->322615K(708608K), 0.0021247 secs] [Times: user=0.00 sys=0.00, real=0.00 secs] 
2330.148: [GC (Allocation Failure) [PSYoungGen: 80256K->1296K(80384K)] 401463K->322503K(708608K), 0.0025809 secs] [Times: user=0.01 sys=0.00, real=0.00 secs] 
2330.844: [GC (Allocation Failure) [PSYoungGen: 80144K->1344K(80384K)] 401351K->322551K(708608K), 0.0032497 secs] [Times: user=0.01 sys=0.00, real=0.01 secs] 
2331.307: [GC (Allocation Failure) [PSYoungGen: 80192K->1344K(80384K)] 401399K->322551K(708608K), 0.0021456 secs] [Times: user=0.01 sys=0.00, real=0.00 secs] 
2332.194: [GC (Allocation Failure) [PSYoungGen: 80192K->1408K(80384K)] 401399K->322615K(708608K), 0.0017093 secs] [Times: user=0.01 sys=0.00, real=0.00 secs] 
2332.521: [GC (Allocation Failure) [PSYoungGen: 80256K->1392K(80384K)] 401463K->322599K(708608K), 0.0016597 secs] [Times: user=0.01 sys=0.00, real=0.00 secs] 
2332.848: [GC (Allocation Failure) [PSYoungGen: 80240K->1408K(85504K)] 401447K->322615K(713728K), 0.0021784 secs] [Times: user=0.01 sys=0.00, real=0.00 secs] 
2333.433: [GC (Allocation Failure) [PSYoungGen: 85376K->1357K(84992K)] 406583K->322565K(713216K), 0.0015813 secs] [Times: user=0.01 sys=0.00, real=0.00 secs] 
2334.419: [GC (Allocation Failure) [PSYoungGen: 84813K->1408K(84480K)] 406021K->322623K(712704K), 0.0018289 secs] [Times: user=0.01 sys=0.00, real=0.00 secs] 
2335.134: [GC (Allocation Failure) [PSYoungGen: 84352K->1344K(83968K)] 405567K->322559K(712192K), 0.0028122 secs] [Times: user=0.01 sys=0.00, real=0.01 secs] 
2335.683: [GC (Allocation Failure) [PSYoungGen: 83776K->1376K(83456K)] 404991K->322591K(711680K), 0.0019531 secs] [Times: user=0.01 sys=0.00, real=0.00 secs] 
2336.611: [GC (Allocation Failure) [PSYoungGen: 83296K->1440K(82944K)] 404511K->322655K(711168K), 0.0021487 secs] [Times: user=0.01 sys=0.00, real=0.00 secs] 
2337.006: [GC (Allocation Failure) [PSYoungGen: 82848K->352K(81408K)] 404063K->322591K(709632K), 0.0020619 secs] [Times: user=0.01 sys=0.00, real=0.01 secs] 
2337.371: [GC (Allocation Failure) [PSYoungGen: 81248K->320K(82432K)] 403487K->322559K(710656K), 0.0020328 secs] [Times: user=0.00 sys=0.00, real=0.00 secs] 
2338.028: [GC (Allocation Failure) [PSYoungGen: 80704K->352K(80384K)] 402943K->322591K(708608K), 0.0028674 secs] [Times: user=0.01 sys=0.00, real=0.00 secs] 
2339.552: [GC (Allocation Failure) [PSYoungGen: 80224K->1408K(81408K)] 402463K->323647K(709632K), 0.0025514 secs] [Times: user=0.01 sys=0.00, real=0.00 secs] 
2340.256: [GC (Allocation Failure) [PSYoungGen: 80768K->1376K(80384K)] 403007K->323615K(708608K), 0.0029686 secs] [Times: user=0.01 sys=0.00, real=0.00 secs] 
2340.945: [GC (Allocation Failure) [PSYoungGen: 80224K->1344K(80384K)] 402463K->323583K(708608K), 0.0031252 secs] [Times: user=0.02 sys=0.00, real=0.01 secs] 
2341.657: [GC (Allocation Failure) [PSYoungGen: 80180K->272K(79360K)] 402420K->322511K(707584K), 0.0026259 secs] [Times: user=0.01 sys=0.00, real=0.00 secs] 
2342.727: [GC (Allocation Failure) [PSYoungGen: 79120K->1376K(80896K)] 401359K->323615K(709120K), 0.0017690 secs] [Times: user=0.01 sys=0.00, real=0.00 secs] 
2343.507: [GC (Allocation Failure) [PSYoungGen: 80224K->1344K(80384K)] 402463K->323583K(708608K), 0.0033861 secs] [Times: user=0.01 sys=0.00, real=0.00 secs] 
2344.467: [GC (Allocation Failure) [PSYoungGen: 80192K->1344K(80384K)] 402431K->323583K(708608K), 0.0024972 secs] [Times: user=0.01 sys=0.00, real=0.00 secs] 
2345.837: [GC (Allocation Failure) [PSYoungGen: 80192K->160K(79360K)] 402431K->322407K(707584K), 0.0014794 secs] [Times: user=0.01 sys=0.00, real=0.00 secs] 
2346.525: [GC (Allocation Failure) [PSYoungGen: 79008K->1344K(81408K)] 401255K->323591K(709632K), 0.0017956 secs] [Times: user=0.00 sys=0.00, real=0.01 secs] 
2347.314: [GC (Allocation Failure) [PSYoungGen: 80192K->1312K(80384K)] 402439K->323559K(708608K), 0.0031885 secs] [Times: user=0.02 sys=0.00, real=0.01 secs] 
2348.067: [GC (Allocation Failure) [PSYoungGen: 80160K->1344K(80384K)] 402407K->323591K(708608K), 0.0025217 secs] [Times: user=0.01 sys=0.00, real=0.00 secs] 
2349.528: [GC (Allocation Failure) [PSYoungGen: 80192K->1376K(80384K)] 402439K->323623K(708608K), 0.0026899 secs] [Times: user=0.01 sys=0.00, real=0.00 secs] 
2350.868: [GC (Allocation Failure) [PSYoungGen: 80224K->1376K(80384K)] 402471K->323623K(708608K), 0.0037668 secs] [Times: user=0.02 sys=0.00, real=0.00 secs] 
2351.785: [GC (Allocation Failure) [PSYoungGen: 80224K->1312K(80384K)] 402471K->323559K(708608K), 0.0029578 secs] [Times: user=0.01 sys=0.00, real=0.01 secs] 
2352.955: [GC (Allocation Failure) [PSYoungGen: 80160K->1376K(80384K)] 402407K->323623K(708608K), 0.0026317 secs] [Times: user=0.01 sys=0.00, real=0.01 secs] 
2354.294: [GC (Allocation Failure) [PSYoungGen: 80224K->1376K(80384K)] 402471K->323623K(708608K), 0.0018975 secs] [Times: user=0.00 sys=0.00, real=0.01 secs] 
2355.266: [GC (Allocation Failure) [PSYoungGen: 80224K->1360K(80384K)] 402471K->323607K(708608K), 0.0039422 secs] [Times: user=0.01 sys=0.00, real=0.00 secs] 
2356.243: [GC (Allocation Failure) [PSYoungGen: 80208K->1344K(80384K)] 402455K->323591K(708608K), 0.0027901 secs] [Times: user=0.01 sys=0.00, real=0.00 secs] 
2357.025: [GC (Allocation Failure) [PSYoungGen: 80192K->1344K(80384K)] 402439K->323591K(708608K), 0.0029123 secs] [Times: user=0.01 sys=0.00, real=0.01 secs] 
2358.143: [GC (Allocation Failure) [PSYoungGen: 80192K->1376K(80384K)] 402439K->323623K(708608K), 0.0018361 secs] [Times: user=0.01 sys=0.00, real=0.00 secs] 
2358.773: [GC (Allocation Failure) [PSYoungGen: 80224K->1344K(80384K)] 402471K->323599K(708608K), 0.0020240 secs] [Times: user=0.01 sys=0.00, real=0.00 secs] 
2359.395: [GC (Allocation Failure) [PSYoungGen: 80192K->1344K(80384K)] 402447K->323599K(708608K), 0.0018889 secs] [Times: user=0.01 sys=0.00, real=0.01 secs] 
2360.107: [GC (Allocation Failure) [PSYoungGen: 80192K->1325K(80384K)] 402447K->323581K(708608K), 0.0015912 secs] [Times: user=0.01 sys=0.00, real=0.00 secs] 
2361.278: [GC (Allocation Failure) [PSYoungGen: 80173K->1376K(80384K)] 402429K->323631K(708608K), 0.0026938 secs] [Times: user=0.01 sys=0.00, real=0.00 secs] 
2362.340: [GC (Allocation Failure) [PSYoungGen: 80224K->1376K(80384K)] 402479K->323631K(708608K), 0.0030155 secs] [Times: user=0.01 sys=0.00, real=0.00 secs] 
2363.300: [GC (Allocation Failure) [PSYoungGen: 80224K->1344K(80384K)] 402479K->323599K(708608K), 0.0029479 secs] [Times: user=0.01 sys=0.00, real=0.00 secs] 
2364.542: [GC (Allocation Failure) [PSYoungGen: 80192K->1888K(80896K)] 402447K->324143K(709120K), 0.0019864 secs] [Times: user=0.01 sys=0.00, real=0.00 secs] 
2365.379: [GC (Allocation Failure) [PSYoungGen: 80736K->352K(79360K)] 402991K->323631K(707584K), 0.0023442 secs] [Times: user=0.01 sys=0.00, real=0.00 secs] 
2366.069: [GC (Allocation Failure) [PSYoungGen: 79200K->304K(79360K)] 402479K->323583K(707584K), 0.0021366 secs] [Times: user=0.01 sys=0.00, real=0.00 secs] 
2367.035: [GC (Allocation Failure) [PSYoungGen: 79152K->320K(79360K)] 402431K->323599K(707584K), 0.0025938 secs] [Times: user=0.01 sys=0.00, real=0.01 secs] 
2368.449: [GC (Allocation Failure) [PSYoungGen: 79168K->1440K(81408K)] 402447K->324727K(709632K), 0.0021068 secs] [Times: user=0.01 sys=0.00, real=0.00 secs] 
2369.380: [GC (Allocation Failure) [PSYoungGen: 80288K->1376K(80384K)] 403575K->324663K(708608K), 0.0028062 secs] [Times: user=0.01 sys=0.00, real=0.00 secs] 
2370.154: [GC (Allocation Failure) [PSYoungGen: 80224K->1376K(80384K)] 403511K->324663K(708608K), 0.0030498 secs] [Times: user=0.01 sys=0.00, real=0.01 secs] 
2371.218: [GC (Allocation Failure) [PSYoungGen: 80224K->1408K(80384K)] 403511K->324695K(708608K), 0.0037135 secs] [Times: user=0.02 sys=0.00, real=0.00 secs] 
2372.521: [GC (Allocation Failure) [PSYoungGen: 80256K->1376K(80384K)] 403543K->324663K(708608K), 0.0020774 secs] [Times: user=0.01 sys=0.00, real=0.00 secs] 
2373.223: [GC (Allocation Failure) [PSYoungGen: 80224K->1344K(80384K)] 403511K->324631K(708608K), 0.0027349 secs] [Times: user=0.01 sys=0.00, real=0.00 secs] 
2374.120: [GC (Allocation Failure) [PSYoungGen: 80192K->1344K(80384K)] 403479K->324639K(708608K), 0.0041720 secs] [Times: user=0.02 sys=0.01, real=0.00 secs] 
2375.084: [GC (Allocation Failure) [PSYoungGen: 80192K->1344K(80384K)] 403487K->324639K(708608K), 0.0036376 secs] [Times: user=0.02 sys=0.00, real=0.01 secs] 
2376.474: [GC (Allocation Failure) [PSYoungGen: 80192K->1408K(80384K)] 403487K->324703K(708608K), 0.0021674 secs] [Times: user=0.00 sys=0.00, real=0.01 secs] 
2377.146: [GC (Allocation Failure) [PSYoungGen: 80256K->1312K(80384K)] 403551K->324607K(708608K), 0.0021831 secs] [Times: user=0.01 sys=0.00, real=0.01 secs] 
2377.774: [GC (Allocation Failure) [PSYoungGen: 80160K->1344K(80384K)] 403455K->324647K(708608K), 0.0022152 secs] [Times: user=0.01 sys=0.00, real=0.01 secs] 
2378.886: [GC (Allocation Failure) [PSYoungGen: 80192K->1357K(80384K)] 403495K->324661K(708608K), 0.0015454 secs] [Times: user=0.00 sys=0.00, real=0.00 secs] 
2379.955: [GC (Allocation Failure) [PSYoungGen: 80205K->1376K(80384K)] 403509K->324679K(708608K), 0.0020485 secs] [Times: user=0.01 sys=0.00, real=0.01 secs] 
2381.019: [GC (Allocation Failure) [PSYoungGen: 80224K->1376K(80384K)] 403527K->324679K(708608K), 0.0019222 secs] [Times: user=0.01 sys=0.00, real=0.00 secs] 
2381.827: [GC (Allocation Failure) [PSYoungGen: 80224K->1312K(80384K)] 403527K->324615K(708608K), 0.0020197 secs] [Times: user=0.01 sys=0.00, real=0.00 secs] 
2382.902: [GC (Allocation Failure) [PSYoungGen: 80160K->1376K(80384K)] 403463K->324679K(708608K), 0.0015962 secs] [Times: user=0.00 sys=0.00, real=0.00 secs] 
2384.219: [GC (Allocation Failure) [PSYoungGen: 80224K->1344K(80384K)] 403527K->324647K(708608K), 0.0020232 secs] [Times: user=0.01 sys=0.00, real=0.00 secs] 
2385.239: [GC (Allocation Failure) [PSYoungGen: 80192K->1376K(80384K)] 403495K->324679K(708608K), 0.0018392 secs] [Times: user=0.01 sys=0.00, real=0.00 secs] 
2385.884: [GC (Allocation Failure) [PSYoungGen: 80224K->1344K(80384K)] 403527K->324647K(708608K), 0.0021419 secs] [Times: user=0.01 sys=0.00, real=0.01 secs] 
2386.830: [GC (Allocation Failure) [PSYoungGen: 80192K->1376K(80384K)] 403495K->324679K(708608K), 0.0017885 secs] [Times: user=0.01 sys=0.00, real=0.00 secs] 
2387.208: [GC (Allocation Failure) [PSYoungGen: 80224K->1376K(80384K)] 403527K->324679K(708608K), 0.0018924 secs] [Times: user=0.01 sys=0.00, real=0.00 secs] 
2387.713: [GC (Allocation Failure) [PSYoungGen: 80224K->1312K(80384K)] 403527K->324623K(708608K), 0.0016694 secs] [Times: user=0.01 sys=0.00, real=0.00 secs] 
2388.370: [GC (Allocation Failure) [PSYoungGen: 80160K->1360K(80384K)] 403471K->324672K(708608K), 0.0021385 secs] [Times: user=0.01 sys=0.00, real=0.00 secs] 
2389.577: [GC (Allocation Failure) [PSYoungGen: 80208K->1408K(80384K)] 403520K->324719K(708608K), 0.0021887 secs] [Times: user=0.01 sys=0.00, real=0.00 secs] 
2390.264: [GC (Allocation Failure) [PSYoungGen: 80256K->1376K(80384K)] 403567K->324687K(708608K), 0.0033245 secs] [Times: user=0.01 sys=0.00, real=0.01 secs] 
2391.053: [GC (Allocation Failure) [PSYoungGen: 80224K->1376K(80384K)] 403535K->324687K(708608K), 0.0025092 secs] [Times: user=0.00 sys=0.00, real=0.00 secs] 
2392.133: [GC (Allocation Failure) [PSYoungGen: 80224K->1309K(80384K)] 403535K->324621K(708608K), 0.0023753 secs] [Times: user=0.01 sys=0.00, real=0.00 secs] 
2392.898: [GC (Allocation Failure) [PSYoungGen: 80157K->1344K(80384K)] 403469K->324655K(708608K), 0.0016433 secs] [Times: user=0.01 sys=0.00, real=0.00 secs] 
2393.226: [GC (Allocation Failure) [PSYoungGen: 80192K->1344K(80384K)] 403503K->324655K(708608K), 0.0019675 secs] [Times: user=0.01 sys=0.00, real=0.00 secs] 
2393.554: [GC (Allocation Failure) [PSYoungGen: 80192K->320K(79360K)] 403503K->324655K(707584K), 0.0021547 secs] [Times: user=0.01 sys=0.01, real=0.01 secs] 
2394.395: [GC (Allocation Failure) [PSYoungGen: 79168K->1536K(80896K)] 403503K->325872K(709120K), 0.0017415 secs] [Times: user=0.01 sys=0.00, real=0.01 secs] 
2394.719: [GC (Allocation Failure) [PSYoungGen: 80384K->1376K(80384K)] 404720K->325720K(708608K), 0.0018301 secs] [Times: user=0.00 sys=0.00, real=0.00 secs] 
2395.047: [GC (Allocation Failure) [PSYoungGen: 80224K->1408K(80384K)] 404568K->325752K(708608K), 0.0018684 secs] [Times: user=0.01 sys=0.00, real=0.00 secs] 
2395.374: [GC (Allocation Failure) [PSYoungGen: 80256K->1344K(86016K)] 404600K->325688K(714240K), 0.0022422 secs] [Times: user=0.01 sys=0.00, real=0.01 secs] 
2396.225: [GC (Allocation Failure) [PSYoungGen: 85824K->1440K(85504K)] 410168K->325784K(713728K), 0.0020618 secs] [Times: user=0.01 sys=0.00, real=0.01 secs] 
2396.575: [GC (Allocation Failure) [PSYoungGen: 85408K->1376K(91136K)] 409752K->325720K(719360K), 0.0020983 secs] [Times: user=0.00 sys=0.00, real=0.01 secs] 
2396.949: [GC (Allocation Failure) [PSYoungGen: 90976K->1408K(98304K)] 415320K->325752K(726528K), 0.0037212 secs] [Times: user=0.01 sys=0.00, real=0.00 secs] 
2397.769: [GC (Allocation Failure) [PSYoungGen: 98176K->128K(103936K)] 422520K->324471K(732160K), 0.0016157 secs] [Times: user=0.01 sys=0.00, real=0.00 secs] 
2400.320: [GC (Allocation Failure) [PSYoungGen: 103552K->1344K(104960K)] 427895K->325688K(733184K), 0.0034116 secs] [Times: user=0.02 sys=0.00, real=0.00 secs] 
2402.297: [GC (Allocation Failure) [PSYoungGen: 104256K->1376K(103936K)] 428600K->325720K(732160K), 0.0037447 secs] [Times: user=0.02 sys=0.00, real=0.00 secs] 
2403.303: [GC (Allocation Failure) [PSYoungGen: 103776K->1376K(103424K)] 428120K->325720K(731648K), 0.0019419 secs] [Times: user=0.00 sys=0.00, real=0.00 secs] 
2403.776: [GC (Allocation Failure) [PSYoungGen: 103264K->1312K(102912K)] 427608K->325656K(731136K), 0.0017896 secs] [Times: user=0.00 sys=0.00, real=0.01 secs] 
2404.460: [GC (Allocation Failure) [PSYoungGen: 102688K->1376K(102400K)] 427032K->325720K(730624K), 0.0018342 secs] [Times: user=0.00 sys=0.00, real=0.00 secs] 
2405.810: [GC (Allocation Failure) [PSYoungGen: 102240K->1376K(101888K)] 426584K->325720K(730112K), 0.0017778 secs] [Times: user=0.01 sys=0.00, real=0.00 secs] 
2406.812: [GC (Allocation Failure) [PSYoungGen: 101728K->1344K(101376K)] 426072K->325696K(729600K), 0.0038869 secs] [Times: user=0.02 sys=0.01, real=0.01 secs] 
2408.067: [GC (Allocation Failure) [PSYoungGen: 101184K->1376K(100864K)] 425536K->325728K(729088K), 0.0026707 secs] [Times: user=0.01 sys=0.00, real=0.00 secs] 
2409.620: [GC (Allocation Failure) [PSYoungGen: 100704K->1408K(100352K)] 425056K->325760K(728576K), 0.0018621 secs] [Times: user=0.00 sys=0.00, real=0.00 secs] 
2410.089: [GC (Allocation Failure) [PSYoungGen: 100224K->1376K(99840K)] 424576K->325728K(728064K), 0.0016328 secs] [Times: user=0.01 sys=0.00, real=0.00 secs] 
2410.613: [GC (Allocation Failure) [PSYoungGen: 99680K->1312K(99328K)] 424032K->325664K(727552K), 0.0019254 secs] [Times: user=0.01 sys=0.00, real=0.00 secs] 
2411.691: [GC (Allocation Failure) [PSYoungGen: 99104K->1408K(98816K)] 423456K->325760K(727040K), 0.0018273 secs] [Times: user=0.00 sys=0.01, real=0.00 secs] 
2412.504: [GC (Allocation Failure) [PSYoungGen: 98688K->1312K(98304K)] 423040K->325664K(726528K), 0.0028257 secs] [Times: user=0.01 sys=0.00, real=0.01 secs] 
2413.466: [GC (Allocation Failure) [PSYoungGen: 98080K->1408K(97792K)] 422432K->325760K(726016K), 0.0026849 secs] [Times: user=0.02 sys=0.00, real=0.00 secs] 
2414.642: [GC (Allocation Failure) [PSYoungGen: 97664K->1952K(97792K)] 422016K->326304K(726016K), 0.0019265 secs] [Times: user=0.00 sys=0.00, real=0.00 secs] 
2415.466: [GC (Allocation Failure) [PSYoungGen: 97696K->352K(95744K)] 422048K->325728K(723968K), 0.0023893 secs] [Times: user=0.00 sys=0.00, real=0.01 secs] 
2416.011: [GC (Allocation Failure) [PSYoungGen: 95584K->320K(95232K)] 420960K->325696K(723456K), 0.0019203 secs] [Times: user=0.01 sys=0.00, real=0.00 secs] 
2416.792: [GC (Allocation Failure) [PSYoungGen: 95040K->1357K(95744K)] 420416K->326741K(723968K), 0.0015425 secs] [Times: user=0.00 sys=0.01, real=0.00 secs] 
2419.212: [GC (Allocation Failure) [PSYoungGen: 95565K->1360K(95232K)] 420949K->326744K(723456K), 0.0032711 secs] [Times: user=0.02 sys=0.00, real=0.00 secs] 
2419.716: [GC (Allocation Failure) [PSYoungGen: 95056K->1376K(94720K)] 420440K->326760K(722944K), 0.0017996 secs] [Times: user=0.00 sys=0.00, real=0.00 secs] 
2420.185: [GC (Allocation Failure) [PSYoungGen: 94560K->1376K(94208K)] 419944K->326760K(722432K), 0.0020613 secs] [Times: user=0.01 sys=0.00, real=0.01 secs] 
2422.089: [GC (Allocation Failure) [PSYoungGen: 94048K->1376K(93696K)] 419432K->326760K(721920K), 0.0028416 secs] [Times: user=0.01 sys=0.00, real=0.00 secs] 
2422.998: [GC (Allocation Failure) [PSYoungGen: 93536K->1344K(93184K)] 418920K->326736K(721408K), 0.0024589 secs] [Times: user=0.01 sys=0.00, real=0.00 secs] 
2423.526: [GC (Allocation Failure) [PSYoungGen: 92992K->1376K(92672K)] 418384K->326776K(720896K), 0.0019263 secs] [Times: user=0.01 sys=0.00, real=0.01 secs] 
2424.859: [GC (Allocation Failure) [PSYoungGen: 92512K->1408K(92160K)] 417912K->326808K(720384K), 0.0039160 secs] [Times: user=0.01 sys=0.00, real=0.00 secs] 
2425.501: [GC (Allocation Failure) [PSYoungGen: 92032K->1344K(91648K)] 417432K->326744K(719872K), 0.0021309 secs] [Times: user=0.01 sys=0.00, real=0.00 secs] 
2426.254: [GC (Allocation Failure) [PSYoungGen: 91456K->1408K(91136K)] 416856K->326808K(719360K), 0.0024717 secs] [Times: user=0.01 sys=0.00, real=0.01 secs] 
2427.611: [GC (Allocation Failure) [PSYoungGen: 91008K->1408K(90624K)] 416408K->326808K(718848K), 0.0018901 secs] [Times: user=0.00 sys=0.00, real=0.00 secs] 
2428.028: [GC (Allocation Failure) [PSYoungGen: 90496K->1376K(90112K)] 415896K->326784K(718336K), 0.0021261 secs] [Times: user=0.01 sys=0.00, real=0.00 secs] 
2428.420: [GC (Allocation Failure) [PSYoungGen: 89952K->1344K(89600K)] 415360K->326752K(717824K), 0.0019690 secs] [Times: user=0.01 sys=0.01, real=0.00 secs] 
2428.967: [GC (Allocation Failure) [PSYoungGen: 89408K->1325K(89088K)] 414816K->326733K(717312K), 0.0014633 secs] [Times: user=0.00 sys=0.00, real=0.00 secs] 
2429.995: [GC (Allocation Failure) [PSYoungGen: 88877K->1376K(88576K)] 414285K->326784K(716800K), 0.0020097 secs] [Times: user=0.01 sys=0.00, real=0.01 secs] 
2430.732: [GC (Allocation Failure) [PSYoungGen: 88416K->1344K(88064K)] 413824K->326752K(716288K), 0.0021927 secs] [Times: user=0.01 sys=0.00, real=0.00 secs] 
2431.451: [GC (Allocation Failure) [PSYoungGen: 87872K->1376K(87552K)] 413280K->326792K(715776K), 0.0018754 secs] [Times: user=0.00 sys=0.00, real=0.00 secs] 
2432.427: [GC (Allocation Failure) [PSYoungGen: 87392K->1376K(87040K)] 412808K->326792K(715264K), 0.0017718 secs] [Times: user=0.01 sys=0.00, real=0.00 secs] 
2432.789: [GC (Allocation Failure) [PSYoungGen: 86880K->1408K(86528K)] 412296K->326824K(714752K), 0.0017596 secs] [Times: user=0.00 sys=0.01, real=0.00 secs] 
2433.253: [GC (Allocation Failure) [PSYoungGen: 86400K->1312K(86016K)] 411816K->326728K(714240K), 0.0019413 secs] [Times: user=0.01 sys=0.00, real=0.00 secs] 
2433.950: [GC (Allocation Failure) [PSYoungGen: 85792K->1357K(85504K)] 411208K->326781K(713728K), 0.0014693 secs] [Times: user=0.00 sys=0.00, real=0.00 secs] 
2435.091: [GC (Allocation Failure) [PSYoungGen: 85325K->1440K(84992K)] 410749K->326872K(713216K), 0.0024098 secs] [Times: user=0.01 sys=0.00, real=0.00 secs] 
2435.791: [GC (Allocation Failure) [PSYoungGen: 84896K->1408K(84480K)] 410328K->326840K(712704K), 0.0023064 secs] [Times: user=0.01 sys=0.00, real=0.00 secs] 
2436.527: [GC (Allocation Failure) [PSYoungGen: 84352K->1376K(83968K)] 409784K->326808K(712192K), 0.0025889 secs] [Times: user=0.01 sys=0.00, real=0.00 secs] 
2438.032: [GC (Allocation Failure) [PSYoungGen: 83808K->1456K(83456K)] 409240K->326888K(711680K), 0.0019271 secs] [Times: user=0.01 sys=0.00, real=0.00 secs] 
2438.714: [GC (Allocation Failure) [PSYoungGen: 83376K->1376K(82944K)] 408808K->326808K(711168K), 0.0021724 secs] [Times: user=0.01 sys=0.00, real=0.01 secs] 
2439.457: [GC (Allocation Failure) [PSYoungGen: 82784K->1376K(82432K)] 408216K->326808K(710656K), 0.0021265 secs] [Times: user=0.01 sys=0.00, real=0.00 secs] 
2440.189: [GC (Allocation Failure) [PSYoungGen: 82272K->1344K(81920K)] 407704K->326776K(710144K), 0.0025306 secs] [Times: user=0.01 sys=0.00, real=0.00 secs] 
2441.501: [GC (Allocation Failure) [PSYoungGen: 81728K->1408K(81408K)] 407160K->326840K(709632K), 0.0018486 secs] [Times: user=0.01 sys=0.00, real=0.00 secs] 
2442.509: [GC (Allocation Failure) [PSYoungGen: 81280K->1408K(80896K)] 406712K->326840K(709120K), 0.0023898 secs] [Times: user=0.01 sys=0.00, real=0.00 secs] 
2443.573: [GC (Allocation Failure) [PSYoungGen: 80768K->384K(79360K)] 406200K->326840K(707584K), 0.0027313 secs] [Times: user=0.01 sys=0.00, real=0.01 secs] 
2444.595: [GC (Allocation Failure) [PSYoungGen: 79232K->1389K(80896K)] 405688K->327845K(709120K), 0.0014628 secs] [Times: user=0.00 sys=0.00, real=0.01 secs] 
2445.054: [GC (Allocation Failure) [PSYoungGen: 80237K->1376K(80384K)] 406693K->327832K(708608K), 0.0017756 secs] [Times: user=0.01 sys=0.00, real=0.00 secs] 
2445.431: [GC (Allocation Failure) [PSYoungGen: 80224K->1376K(80384K)] 406680K->327832K(708608K), 0.0019438 secs] [Times: user=0.00 sys=0.00, real=0.00 secs] 
2445.758: [GC (Allocation Failure) [PSYoungGen: 80224K->1312K(80384K)] 406680K->327768K(708608K), 0.0018023 secs] [Times: user=0.01 sys=0.00, real=0.00 secs] 
2446.602: [GC (Allocation Failure) [PSYoungGen: 80160K->1408K(80384K)] 406616K->327880K(708608K), 0.0018096 secs] [Times: user=0.01 sys=0.00, real=0.00 secs] 
2446.950: [GC (Allocation Failure) [PSYoungGen: 80256K->1408K(80384K)] 406728K->327880K(708608K), 0.0017240 secs] [Times: user=0.00 sys=0.00, real=0.00 secs] 
2447.322: [GC (Allocation Failure) [PSYoungGen: 80256K->1376K(80384K)] 406728K->327848K(708608K), 0.0018011 secs] [Times: user=0.01 sys=0.00, real=0.00 secs] 
2447.670: [GC (Allocation Failure) [PSYoungGen: 80224K->1344K(80384K)] 406696K->327816K(708608K), 0.0017318 secs] [Times: user=0.01 sys=0.00, real=0.00 secs] 
2448.949: [GC (Allocation Failure) [PSYoungGen: 80192K->1440K(80384K)] 406664K->327912K(708608K), 0.0037622 secs] [Times: user=0.01 sys=0.00, real=0.00 secs] 
2450.275: [GC (Allocation Failure) [PSYoungGen: 80288K->1376K(80384K)] 406760K->327848K(708608K), 0.0026591 secs] [Times: user=0.01 sys=0.00, real=0.01 secs] 
2450.846: [GC (Allocation Failure) [PSYoungGen: 80224K->1360K(80384K)] 406696K->327832K(708608K), 0.0022358 secs] [Times: user=0.00 sys=0.00, real=0.00 secs] 
2451.514: [GC (Allocation Failure) [PSYoungGen: 80208K->1408K(80384K)] 406680K->327880K(708608K), 0.0019018 secs] [Times: user=0.01 sys=0.00, real=0.00 secs] 
2452.402: [GC (Allocation Failure) [PSYoungGen: 80256K->1440K(80384K)] 406728K->327912K(708608K), 0.0017574 secs] [Times: user=0.00 sys=0.00, real=0.00 secs] 
2452.939: [GC (Allocation Failure) [PSYoungGen: 80288K->1344K(80384K)] 406760K->327816K(708608K), 0.0021066 secs] [Times: user=0.01 sys=0.00, real=0.00 secs] 
2453.660: [GC (Allocation Failure) [PSYoungGen: 80192K->1376K(80384K)] 406664K->327856K(708608K), 0.0020812 secs] [Times: user=0.01 sys=0.00, real=0.00 secs] 
2454.527: [GC (Allocation Failure) [PSYoungGen: 80224K->1360K(80384K)] 406704K->327840K(708608K), 0.0016844 secs] [Times: user=0.00 sys=0.00, real=0.00 secs] 
2455.511: [GC (Allocation Failure) [PSYoungGen: 80208K->1344K(80384K)] 406688K->327824K(708608K), 0.0019791 secs] [Times: user=0.01 sys=0.00, real=0.00 secs] 
2456.076: [GC (Allocation Failure) [PSYoungGen: 80192K->384K(79360K)] 406672K->327888K(707584K), 0.0033716 secs] [Times: user=0.01 sys=0.00, real=0.00 secs] 
2457.000: [GC (Allocation Failure) [PSYoungGen: 79232K->288K(80896K)] 406736K->327792K(709120K), 0.0034642 secs] [Times: user=0.01 sys=0.00, real=0.00 secs] 
2458.366: [GC (Allocation Failure) [PSYoungGen: 79136K->1632K(80896K)] 406640K->329144K(709120K), 0.0017463 secs] [Times: user=0.01 sys=0.00, real=0.00 secs] 
2459.113: [GC (Allocation Failure) [PSYoungGen: 80480K->1360K(80384K)] 407992K->328872K(708608K), 0.0040650 secs] [Times: user=0.02 sys=0.00, real=0.01 secs] 
2459.868: [GC (Allocation Failure) [PSYoungGen: 80208K->352K(79360K)] 407720K->328888K(707584K), 0.0027794 secs] [Times: user=0.01 sys=0.00, real=0.00 secs] 
2460.610: [GC (Allocation Failure) [PSYoungGen: 79200K->320K(80896K)] 407736K->328856K(709120K), 0.0029351 secs] [Times: user=0.01 sys=0.00, real=0.00 secs] 
2462.174: [GC (Allocation Failure) [PSYoungGen: 79168K->1376K(80384K)] 407704K->329912K(708608K), 0.0041803 secs] [Times: user=0.02 sys=0.00, real=0.01 secs] 
2463.297: [GC (Allocation Failure) [PSYoungGen: 80224K->1344K(80384K)] 408760K->329880K(708608K), 0.0030595 secs] [Times: user=0.01 sys=0.00, real=0.00 secs] 
2464.267: [GC (Allocation Failure) [PSYoungGen: 80192K->1312K(80384K)] 408728K->329848K(708608K), 0.0027903 secs] [Times: user=0.01 sys=0.01, real=0.00 secs] 
2465.055: [GC (Allocation Failure) [PSYoungGen: 80160K->1344K(80384K)] 408696K->329880K(708608K), 0.0027658 secs] [Times: user=0.01 sys=0.01, real=0.01 secs] 
2466.215: [GC (Allocation Failure) [PSYoungGen: 80192K->1408K(80384K)] 408728K->329944K(708608K), 0.0018344 secs] [Times: user=0.01 sys=0.00, real=0.01 secs] 
2466.874: [GC (Allocation Failure) [PSYoungGen: 80256K->1376K(80384K)] 408792K->329912K(708608K), 0.0021291 secs] [Times: user=0.01 sys=0.00, real=0.01 secs] 
2467.465: [GC (Allocation Failure) [PSYoungGen: 80224K->1344K(80384K)] 408760K->329888K(708608K), 0.0018613 secs] [Times: user=0.01 sys=0.00, real=0.01 secs] 
2468.289: [GC (Allocation Failure) [PSYoungGen: 80192K->1376K(80384K)] 408736K->329920K(708608K), 0.0026916 secs] [Times: user=0.01 sys=0.00, real=0.00 secs] 
2469.297: [GC (Allocation Failure) [PSYoungGen: 80224K->1376K(80384K)] 408768K->329920K(708608K), 0.0016808 secs] [Times: user=0.01 sys=0.00, real=0.00 secs] 
2469.697: [GC (Allocation Failure) [PSYoungGen: 80224K->1376K(80384K)] 408768K->329920K(708608K), 0.0019400 secs] [Times: user=0.01 sys=0.00, real=0.00 secs] 
2470.437: [GC (Allocation Failure) [PSYoungGen: 80224K->1344K(86016K)] 408768K->329888K(714240K), 0.0072521 secs] [Times: user=0.03 sys=0.00, real=0.00 secs] 
2471.654: [GC (Allocation Failure) [PSYoungGen: 85824K->128K(84480K)] 414368K->328680K(712704K), 0.0018709 secs] [Times: user=0.00 sys=0.00, real=0.01 secs] 
2472.918: [GC (Allocation Failure) [PSYoungGen: 84096K->1360K(84992K)] 412648K->329912K(713216K), 0.0021255 secs] [Times: user=0.01 sys=0.00, real=0.00 secs] 
2473.321: [GC (Allocation Failure) [PSYoungGen: 84816K->1344K(84480K)] 413368K->329896K(712704K), 0.0021855 secs] [Times: user=0.00 sys=0.00, real=0.00 secs] 
2473.977: [GC (Allocation Failure) [PSYoungGen: 84288K->1376K(83968K)] 412840K->329928K(712192K), 0.0021380 secs] [Times: user=0.01 sys=0.00, real=0.00 secs] 
2475.206: [GC (Allocation Failure) [PSYoungGen: 83808K->1376K(83456K)] 412360K->329928K(711680K), 0.0019533 secs] [Times: user=0.00 sys=0.00, real=0.00 secs] 
2476.210: [GC (Allocation Failure) [PSYoungGen: 83296K->1296K(82944K)] 411848K->329856K(711168K), 0.0018760 secs] [Times: user=0.01 sys=0.00, real=0.00 secs] 
2476.949: [GC (Allocation Failure) [PSYoungGen: 82704K->1376K(82432K)] 411264K->329936K(710656K), 0.0020644 secs] [Times: user=0.01 sys=0.00, real=0.00 secs] 
2478.033: [GC (Allocation Failure) [PSYoungGen: 82272K->1312K(81920K)] 410832K->329872K(710144K), 0.0019805 secs] [Times: user=0.01 sys=0.00, real=0.00 secs] 
2479.171: [GC (Allocation Failure) [PSYoungGen: 81696K->1408K(81408K)] 410256K->329968K(709632K), 0.0016758 secs] [Times: user=0.01 sys=0.00, real=0.00 secs] 
2480.407: [GC (Allocation Failure) [PSYoungGen: 81280K->1344K(80896K)] 409840K->329904K(709120K), 0.0019654 secs] [Times: user=0.00 sys=0.01, real=0.00 secs] 
2481.462: [GC (Allocation Failure) [PSYoungGen: 80704K->1408K(80384K)] 409264K->329968K(708608K), 0.0024570 secs] [Times: user=0.01 sys=0.00, real=0.00 secs] 
2482.775: [GC (Allocation Failure) [PSYoungGen: 80256K->1389K(80384K)] 408816K->329949K(708608K), 0.0015596 secs] [Times: user=0.01 sys=0.00, real=0.01 secs] 
2483.591: [GC (Allocation Failure) [PSYoungGen: 80237K->1440K(80384K)] 408797K->330008K(708608K), 0.0019836 secs] [Times: user=0.01 sys=0.00, real=0.00 secs] 
2483.919: [GC (Allocation Failure) [PSYoungGen: 80288K->1376K(80384K)] 408856K->329944K(708608K), 0.0018671 secs] [Times: user=0.01 sys=0.00, real=0.00 secs] 
2484.247: [GC (Allocation Failure) [PSYoungGen: 80224K->1344K(80384K)] 408792K->329912K(708608K), 0.0020030 secs] [Times: user=0.00 sys=0.00, real=0.00 secs] 
2485.383: [GC (Allocation Failure) [PSYoungGen: 80192K->1376K(80384K)] 408760K->329944K(708608K), 0.0022129 secs] [Times: user=0.01 sys=0.00, real=0.00 secs] 
2487.019: [GC (Allocation Failure) [PSYoungGen: 80224K->1344K(80384K)] 408792K->329912K(708608K), 0.0031710 secs] [Times: user=0.02 sys=0.00, real=0.00 secs] 
2487.471: [GC (Allocation Failure) [PSYoungGen: 80192K->1376K(80384K)] 408760K->329952K(708608K), 0.0020000 secs] [Times: user=0.00 sys=0.00, real=0.00 secs] 
2487.851: [GC (Allocation Failure) [PSYoungGen: 80224K->1376K(80384K)] 408800K->329952K(708608K), 0.0020232 secs] [Times: user=0.00 sys=0.00, real=0.00 secs] 
2488.743: [GC (Allocation Failure) [PSYoungGen: 80224K->1408K(80384K)] 408800K->329984K(708608K), 0.0018138 secs] [Times: user=0.01 sys=0.00, real=0.00 secs] 
2489.130: [GC (Allocation Failure) [PSYoungGen: 80256K->1344K(80384K)] 408832K->329920K(708608K), 0.0020560 secs] [Times: user=0.01 sys=0.00, real=0.00 secs] 
2489.458: [GC (Allocation Failure) [PSYoungGen: 80192K->1376K(80384K)] 408768K->329952K(708608K), 0.0019411 secs] [Times: user=0.01 sys=0.00, real=0.00 secs] 
2489.786: [GC (Allocation Failure) [PSYoungGen: 80224K->1312K(80384K)] 408800K->329888K(708608K), 0.0021164 secs] [Times: user=0.01 sys=0.00, real=0.01 secs] 
2491.057: [GC (Allocation Failure) [PSYoungGen: 80160K->1408K(80384K)] 408736K->329984K(708608K), 0.0019489 secs] [Times: user=0.01 sys=0.00, real=0.00 secs] 
2492.267: [GC (Allocation Failure) [PSYoungGen: 80256K->1312K(80384K)] 408832K->329888K(708608K), 0.0037927 secs] [Times: user=0.01 sys=0.01, real=0.00 secs] 
2493.350: [GC (Allocation Failure) [PSYoungGen: 80160K->1328K(80384K)] 408736K->329904K(708608K), 0.0040110 secs] [Times: user=0.01 sys=0.00, real=0.00 secs] 
2494.852: [GC (Allocation Failure) [PSYoungGen: 80176K->1325K(80384K)] 408752K->329901K(708608K), 0.0016092 secs] [Times: user=0.00 sys=0.00, real=0.00 secs] 
2495.995: [GC (Allocation Failure) [PSYoungGen: 80173K->1376K(80384K)] 408749K->329960K(708608K), 0.0018973 secs] [Times: user=0.01 sys=0.00, real=0.01 secs] 
2496.675: [GC (Allocation Failure) [PSYoungGen: 80224K->1344K(80384K)] 408808K->329928K(708608K), 0.0036136 secs] [Times: user=0.01 sys=0.00, real=0.01 secs] 
2497.372: [GC (Allocation Failure) [PSYoungGen: 80192K->320K(79360K)] 408776K->329928K(707584K), 0.0030343 secs] [Times: user=0.01 sys=0.01, real=0.00 secs] 
2498.511: [GC (Allocation Failure) [PSYoungGen: 79168K->1968K(80896K)] 408776K->331576K(709120K), 0.0018258 secs] [Times: user=0.01 sys=0.00, real=0.00 secs] 
2499.235: [GC (Allocation Failure) [PSYoungGen: 80816K->1376K(80384K)] 410424K->330984K(708608K), 0.0022979 secs] [Times: user=0.01 sys=0.00, real=0.01 secs] 
2500.264: [GC (Allocation Failure) [PSYoungGen: 80224K->1344K(80384K)] 409832K->330952K(708608K), 0.0039595 secs] [Times: user=0.01 sys=0.00, real=0.01 secs] 
2501.320: [GC (Allocation Failure) [PSYoungGen: 80192K->1376K(80384K)] 409800K->330984K(708608K), 0.0029086 secs] [Times: user=0.02 sys=0.00, real=0.00 secs] 
2502.834: [GC (Allocation Failure) [PSYoungGen: 80224K->1440K(80384K)] 409832K->331048K(708608K), 0.0021059 secs] [Times: user=0.01 sys=0.00, real=0.01 secs] 
2503.872: [GC (Allocation Failure) [PSYoungGen: 80288K->1344K(80384K)] 409896K->330952K(708608K), 0.0020727 secs] [Times: user=0.01 sys=0.00, real=0.00 secs] 
2504.819: [GC (Allocation Failure) [PSYoungGen: 80192K->1344K(80384K)] 409800K->330952K(708608K), 0.0041888 secs] [Times: user=0.02 sys=0.00, real=0.00 secs] 
2505.724: [GC (Allocation Failure) [PSYoungGen: 80192K->1376K(80384K)] 409800K->330984K(708608K), 0.0029977 secs] [Times: user=0.01 sys=0.00, real=0.01 secs] 
2507.257: [GC (Allocation Failure) [PSYoungGen: 80224K->1408K(80384K)] 409832K->331016K(708608K), 0.0029574 secs] [Times: user=0.01 sys=0.00, real=0.00 secs] 
2508.009: [GC (Allocation Failure) [PSYoungGen: 80256K->1376K(80384K)] 409864K->330984K(708608K), 0.0027203 secs] [Times: user=0.01 sys=0.00, real=0.00 secs] 
2508.826: [GC (Allocation Failure) [PSYoungGen: 80224K->1344K(80384K)] 409832K->330960K(708608K), 0.0026426 secs] [Times: user=0.01 sys=0.00, real=0.00 secs] 
2509.698: [GC (Allocation Failure) [PSYoungGen: 80192K->1312K(80384K)] 409808K->330928K(708608K), 0.0033539 secs] [Times: user=0.02 sys=0.00, real=0.00 secs] 
2511.550: [GC (Allocation Failure) [PSYoungGen: 80160K->1376K(80384K)] 409776K->330992K(708608K), 0.0041954 secs] [Times: user=0.01 sys=0.00, real=0.00 secs] 
2511.878: [GC (Allocation Failure) [PSYoungGen: 80224K->1408K(80384K)] 409840K->331024K(708608K), 0.0018927 secs] [Times: user=0.01 sys=0.00, real=0.00 secs] 
2512.205: [GC (Allocation Failure) [PSYoungGen: 80256K->1344K(80384K)] 409872K->330960K(708608K), 0.0021981 secs] [Times: user=0.01 sys=0.00, real=0.01 secs] 
2512.939: [GC (Allocation Failure) [PSYoungGen: 80192K->1341K(80384K)] 409808K->330957K(708608K), 0.0014171 secs] [Times: user=0.01 sys=0.00, real=0.00 secs] 
2514.325: [GC (Allocation Failure) [PSYoungGen: 80189K->1360K(80384K)] 409805K->330976K(708608K), 0.0030933 secs] [Times: user=0.01 sys=0.00, real=0.01 secs] 
2515.243: [GC (Allocation Failure) [PSYoungGen: 80208K->1376K(80384K)] 409824K->330992K(708608K), 0.0021328 secs] [Times: user=0.00 sys=0.00, real=0.00 secs] 
2515.739: [GC (Allocation Failure) [PSYoungGen: 80224K->1344K(80384K)] 409840K->330960K(708608K), 0.0023793 secs] [Times: user=0.01 sys=0.00, real=0.00 secs] 
2516.650: [GC (Allocation Failure) [PSYoungGen: 80192K->384K(79360K)] 409808K->331024K(707584K), 0.0018221 secs] [Times: user=0.01 sys=0.00, real=0.00 secs] 
2517.349: [GC (Allocation Failure) [PSYoungGen: 79232K->336K(80896K)] 409872K->330984K(709120K), 0.0018335 secs] [Times: user=0.00 sys=0.00, real=0.00 secs] 
2517.844: [GC (Allocation Failure) [PSYoungGen: 79184K->288K(79360K)] 409832K->330936K(707584K), 0.0020927 secs] [Times: user=0.01 sys=0.00, real=0.01 secs] 
2518.202: [GC (Allocation Failure) [PSYoungGen: 79136K->320K(80896K)] 409784K->330968K(709120K), 0.0018585 secs] [Times: user=0.01 sys=0.00, real=0.00 secs] 
2519.266: [GC (Allocation Failure) [PSYoungGen: 79168K->1376K(80384K)] 409816K->332024K(708608K), 0.0020089 secs] [Times: user=0.01 sys=0.00, real=0.00 secs] 
2520.272: [GC (Allocation Failure) [PSYoungGen: 80224K->1344K(80384K)] 410872K->331992K(708608K), 0.0040751 secs] [Times: user=0.02 sys=0.00, real=0.01 secs] 
2521.350: [GC (Allocation Failure) [PSYoungGen: 80192K->1408K(80384K)] 410840K->332056K(708608K), 0.0035571 secs] [Times: user=0.02 sys=0.00, real=0.00 secs] 
2522.214: [GC (Allocation Failure) [PSYoungGen: 80256K->1376K(80384K)] 410904K->332024K(708608K), 0.0028445 secs] [Times: user=0.01 sys=0.00, real=0.01 secs] 
2523.968: [GC (Allocation Failure) [PSYoungGen: 80224K->1408K(80384K)] 410872K->332056K(708608K), 0.0027863 secs] [Times: user=0.01 sys=0.00, real=0.00 secs] 
2525.006: [GC (Allocation Failure) [PSYoungGen: 80256K->1360K(80384K)] 410904K->332008K(708608K), 0.0042608 secs] [Times: user=0.02 sys=0.00, real=0.00 secs] 
2525.776: [GC (Allocation Failure) [PSYoungGen: 80208K->1360K(80384K)] 410856K->332008K(708608K), 0.0027411 secs] [Times: user=0.01 sys=0.00, real=0.00 secs] 
2526.845: [GC (Allocation Failure) [PSYoungGen: 80208K->1357K(80384K)] 410856K->332005K(708608K), 0.0016247 secs] [Times: user=0.00 sys=0.00, real=0.01 secs] 
2528.492: [GC (Allocation Failure) [PSYoungGen: 80205K->1408K(80384K)] 410853K->332064K(708608K), 0.0024009 secs] [Times: user=0.01 sys=0.00, real=0.00 secs] 
2529.638: [GC (Allocation Failure) [PSYoungGen: 80256K->1360K(80384K)] 410912K->332016K(708608K), 0.0036396 secs] [Times: user=0.01 sys=0.00, real=0.00 secs] 
2530.031: [GC (Allocation Failure) [PSYoungGen: 80208K->1344K(80384K)] 410864K->332000K(708608K), 0.0020684 secs] [Times: user=0.01 sys=0.00, real=0.00 secs] 
2531.086: [GC (Allocation Failure) [PSYoungGen: 80192K->1904K(80896K)] 410848K->332560K(709120K), 0.0023321 secs] [Times: user=0.01 sys=0.00, real=0.00 secs] 
2532.805: [GC (Allocation Failure) [PSYoungGen: 80752K->288K(79360K)] 411408K->331968K(707584K), 0.0038611 secs] [Times: user=0.02 sys=0.00, real=0.01 secs] 
2533.442: [GC (Allocation Failure) [PSYoungGen: 79136K->320K(81408K)] 410816K->332000K(709632K), 0.0018894 secs] [Times: user=0.01 sys=0.00, real=0.00 secs] 
2533.826: [GC (Allocation Failure) [PSYoungGen: 79168K->320K(79360K)] 410848K->332000K(707584K), 0.0020206 secs] [Times: user=0.01 sys=0.00, real=0.00 secs] 
2534.784: [GC (Allocation Failure) [PSYoungGen: 79168K->1344K(81408K)] 410848K->333024K(709632K), 0.0017084 secs] [Times: user=0.00 sys=0.00, real=0.00 secs] 
2535.449: [GC (Allocation Failure) [PSYoungGen: 80192K->1312K(80384K)] 411872K->332992K(708608K), 0.0018230 secs] [Times: user=0.01 sys=0.00, real=0.00 secs] 
2535.830: [GC (Allocation Failure) [PSYoungGen: 80160K->1376K(80384K)] 411840K->333056K(708608K), 0.0019177 secs] [Times: user=0.00 sys=0.00, real=0.00 secs] 
2536.158: [GC (Allocation Failure) [PSYoungGen: 80224K->1376K(80384K)] 411904K->333056K(708608K), 0.0018957 secs] [Times: user=0.00 sys=0.00, real=0.00 secs] 
2537.301: [GC (Allocation Failure) [PSYoungGen: 80224K->1344K(80384K)] 411904K->333032K(708608K), 0.0019158 secs] [Times: user=0.01 sys=0.00, real=0.00 secs] 
2538.031: [GC (Allocation Failure) [PSYoungGen: 80192K->1344K(80384K)] 411880K->333032K(708608K), 0.0032414 secs] [Times: user=0.01 sys=0.00, real=0.00 secs] 
2538.727: [GC (Allocation Failure) [PSYoungGen: 80192K->1376K(80384K)] 411880K->333064K(708608K), 0.0027271 secs] [Times: user=0.01 sys=0.01, real=0.00 secs] 
2539.512: [GC (Allocation Failure) [PSYoungGen: 80224K->1344K(80384K)] 411912K->333032K(708608K), 0.0023237 secs] [Times: user=0.01 sys=0.00, real=0.00 secs] 
2540.781: [GC (Allocation Failure) [PSYoungGen: 80192K->1392K(80384K)] 411880K->333088K(708608K), 0.0022962 secs] [Times: user=0.01 sys=0.00, real=0.00 secs] 
2541.416: [GC (Allocation Failure) [PSYoungGen: 80240K->1376K(80384K)] 411936K->333080K(708608K), 0.0022710 secs] [Times: user=0.00 sys=0.00, real=0.00 secs] 
2542.034: [GC (Allocation Failure) [PSYoungGen: 80224K->1376K(80384K)] 411928K->333080K(708608K), 0.0032269 secs] [Times: user=0.01 sys=0.00, real=0.01 secs] 
2542.903: [GC (Allocation Failure) [PSYoungGen: 80224K->1328K(80384K)] 411928K->333032K(708608K), 0.0014089 secs] [Times: user=0.01 sys=0.00, real=0.00 secs] 
2543.983: [GC (Allocation Failure) [PSYoungGen: 80176K->1376K(80384K)] 411880K->333080K(708608K), 0.0041773 secs] [Times: user=0.02 sys=0.00, real=0.01 secs] 
2544.956: [GC (Allocation Failure) [PSYoungGen: 80224K->1376K(80384K)] 411928K->333088K(708608K), 0.0026952 secs] [Times: user=0.01 sys=0.00, real=0.00 secs] 
2545.608: [GC (Allocation Failure) [PSYoungGen: 80224K->1376K(80384K)] 411936K->333088K(708608K), 0.0025404 secs] [Times: user=0.01 sys=0.00, real=0.00 secs] 
2546.556: [GC (Allocation Failure) [PSYoungGen: 80224K->1408K(80384K)] 411936K->333120K(708608K), 0.0016894 secs] [Times: user=0.00 sys=0.00, real=0.01 secs] 
2547.355: [GC (Allocation Failure) [PSYoungGen: 80256K->1344K(80384K)] 411968K->333056K(708608K), 0.0034985 secs] [Times: user=0.01 sys=0.00, real=0.01 secs] 
2547.869: [GC (Allocation Failure) [PSYoungGen: 80192K->1376K(80384K)] 411904K->333088K(708608K), 0.0022249 secs] [Times: user=0.01 sys=0.00, real=0.00 secs] 
2548.422: [GC (Allocation Failure) [PSYoungGen: 80224K->1328K(80384K)] 411936K->333040K(708608K), 0.0023488 secs] [Times: user=0.01 sys=0.00, real=0.00 secs] 
2549.607: [GC (Allocation Failure) [PSYoungGen: 80176K->1376K(80384K)] 411888K->333088K(708608K), 0.0016942 secs] [Times: user=0.01 sys=0.00, real=0.00 secs] 
2550.519: [GC (Allocation Failure) [PSYoungGen: 80224K->1344K(80384K)] 411936K->333056K(708608K), 0.0039476 secs] [Times: user=0.01 sys=0.00, real=0.00 secs] 
2551.220: [GC (Allocation Failure) [PSYoungGen: 80192K->1344K(80384K)] 411904K->333056K(708608K), 0.0026464 secs] [Times: user=0.01 sys=0.00, real=0.00 secs] 
2551.915: [GC (Allocation Failure) [PSYoungGen: 80192K->1376K(80384K)] 411904K->333088K(708608K), 0.0027383 secs] [Times: user=0.01 sys=0.00, real=0.01 secs] 
2554.020: [GC (Allocation Failure) [PSYoungGen: 80224K->1408K(80384K)] 411936K->333128K(708608K), 0.0026837 secs] [Times: user=0.01 sys=0.00, real=0.00 secs] 
2554.583: [GC (Allocation Failure) [PSYoungGen: 80256K->1344K(80384K)] 411976K->333064K(708608K), 0.0020256 secs] [Times: user=0.01 sys=0.00, real=0.00 secs] 
2554.911: [GC (Allocation Failure) [PSYoungGen: 80192K->1344K(80896K)] 411912K->333064K(709120K), 0.0019718 secs] [Times: user=0.01 sys=0.00, real=0.00 secs] 
2555.406: [GC (Allocation Failure) [PSYoungGen: 80192K->1357K(80896K)] 411912K->333077K(709120K), 0.0015476 secs] [Times: user=0.01 sys=0.00, real=0.01 secs] 
2556.844: [GC (Allocation Failure) [PSYoungGen: 80205K->1376K(80896K)] 411925K->333104K(709120K), 0.0034611 secs] [Times: user=0.02 sys=0.00, real=0.01 secs] 
2557.552: [GC (Allocation Failure) [PSYoungGen: 80224K->1344K(80384K)] 411952K->333072K(708608K), 0.0033092 secs] [Times: user=0.01 sys=0.00, real=0.00 secs] 
2558.305: [GC (Allocation Failure) [PSYoungGen: 80192K->1344K(80384K)] 411920K->333072K(708608K), 0.0022304 secs] [Times: user=0.01 sys=0.00, real=0.01 secs] 
2559.368: [GC (Allocation Failure) [PSYoungGen: 80192K->896K(80384K)] 411920K->333648K(708608K), 0.0018582 secs] [Times: user=0.01 sys=0.00, real=0.00 secs] 
2560.043: [GC (Allocation Failure) [PSYoungGen: 79744K->352K(80896K)] 412496K->333104K(709120K), 0.0018099 secs] [Times: user=0.00 sys=0.00, real=0.00 secs] 
2560.370: [GC (Allocation Failure) [PSYoungGen: 79200K->288K(80896K)] 411952K->333040K(709120K), 0.0020682 secs] [Times: user=0.01 sys=0.00, real=0.00 secs] 
2560.885: [GC (Allocation Failure) [PSYoungGen: 79136K->320K(80896K)] 411888K->333072K(709120K), 0.0032472 secs] [Times: user=0.02 sys=0.00, real=0.01 secs] 
2562.386: [GC (Allocation Failure) [PSYoungGen: 79168K->1376K(80896K)] 411920K->334128K(709120K), 0.0029370 secs] [Times: user=0.01 sys=0.01, real=0.01 secs] 
2563.331: [GC (Allocation Failure) [PSYoungGen: 80224K->1376K(80896K)] 412976K->334136K(709120K), 0.0029956 secs] [Times: user=0.01 sys=0.00, real=0.00 secs] 
2564.294: [GC (Allocation Failure) [PSYoungGen: 80224K->1344K(80896K)] 412984K->334104K(709120K), 0.0027002 secs] [Times: user=0.01 sys=0.00, real=0.01 secs] 
2565.008: [GC (Allocation Failure) [PSYoungGen: 80192K->1376K(80896K)] 412952K->334136K(709120K), 0.0025723 secs] [Times: user=0.01 sys=0.00, real=0.00 secs] 
2567.111: [GC (Allocation Failure) [PSYoungGen: 80224K->1376K(80896K)] 412984K->334144K(709120K), 0.0035471 secs] [Times: user=0.01 sys=0.00, real=0.00 secs] 
2567.780: [GC (Allocation Failure) [PSYoungGen: 80224K->1344K(80896K)] 412992K->334112K(709120K), 0.0030119 secs] [Times: user=0.01 sys=0.00, real=0.00 secs] 
2568.206: [GC (Allocation Failure) [PSYoungGen: 80192K->1344K(80896K)] 412960K->334112K(709120K), 0.0019746 secs] [Times: user=0.01 sys=0.00, real=0.00 secs] 
2568.540: [GC (Allocation Failure) [PSYoungGen: 80192K->1344K(80896K)] 412960K->334112K(709120K), 0.0017167 secs] [Times: user=0.01 sys=0.00, real=0.00 secs] 
2569.820: [GC (Allocation Failure) [PSYoungGen: 80192K->1408K(80896K)] 412960K->334176K(709120K), 0.0038257 secs] [Times: user=0.01 sys=0.00, real=0.00 secs] 
2571.013: [GC (Allocation Failure) [PSYoungGen: 80256K->1376K(80896K)] 413024K->334144K(709120K), 0.0026266 secs] [Times: user=0.01 sys=0.00, real=0.01 secs] 
2572.156: [GC (Allocation Failure) [PSYoungGen: 80224K->1344K(80896K)] 412992K->334112K(709120K), 0.0028234 secs] [Times: user=0.01 sys=0.00, real=0.00 secs] 
2573.235: [GC (Allocation Failure) [PSYoungGen: 80192K->1357K(80896K)] 412960K->334125K(709120K), 0.0014757 secs] [Times: user=0.01 sys=0.00, real=0.01 secs] 
2574.492: [GC (Allocation Failure) [PSYoungGen: 80205K->1424K(80896K)] 412973K->334200K(709120K), 0.0017041 secs] [Times: user=0.01 sys=0.00, real=0.00 secs] 
2575.582: [GC (Allocation Failure) [PSYoungGen: 80272K->1376K(80896K)] 413048K->334152K(709120K), 0.0019047 secs] [Times: user=0.01 sys=0.00, real=0.00 secs] 
2576.527: [GC (Allocation Failure) [PSYoungGen: 80224K->1376K(80896K)] 413000K->334152K(709120K), 0.0020762 secs] [Times: user=0.01 sys=0.00, real=0.00 secs] 
2577.562: [GC (Allocation Failure) [PSYoungGen: 80224K->1376K(80896K)] 413000K->334152K(709120K), 0.0019235 secs] [Times: user=0.01 sys=0.00, real=0.00 secs] 
2578.247: [GC (Allocation Failure) [PSYoungGen: 80224K->1344K(80896K)] 413000K->334128K(709120K), 0.0021664 secs] [Times: user=0.01 sys=0.00, real=0.00 secs] 
2578.897: [GC (Allocation Failure) [PSYoungGen: 80192K->1344K(80896K)] 412976K->334128K(709120K), 0.0020390 secs] [Times: user=0.01 sys=0.00, real=0.00 secs] 
2579.585: [GC (Allocation Failure) [PSYoungGen: 80192K->1344K(80896K)] 412976K->334128K(709120K), 0.0022218 secs] [Times: user=0.01 sys=0.00, real=0.01 secs] 
2580.511: [GC (Allocation Failure) [PSYoungGen: 80192K->1440K(80896K)] 412976K->334232K(709120K), 0.0018112 secs] [Times: user=0.01 sys=0.00, real=0.00 secs] 
2580.870: [GC (Allocation Failure) [PSYoungGen: 80288K->1376K(80896K)] 413080K->334168K(709120K), 0.0018260 secs] [Times: user=0.01 sys=0.00, real=0.00 secs] 
2581.207: [GC (Allocation Failure) [PSYoungGen: 80224K->1344K(80896K)] 413016K->334136K(709120K), 0.0018611 secs] [Times: user=0.01 sys=0.00, real=0.00 secs] 
2581.535: [GC (Allocation Failure) [PSYoungGen: 80192K->1376K(80896K)] 412984K->334168K(709120K), 0.0018372 secs] [Times: user=0.01 sys=0.00, real=0.01 secs] 
2583.716: [GC (Allocation Failure) [PSYoungGen: 80224K->1376K(80896K)] 413016K->334168K(709120K), 0.0030186 secs] [Times: user=0.02 sys=0.00, real=0.00 secs] 
2584.500: [GC (Allocation Failure) [PSYoungGen: 80224K->1344K(80896K)] 413016K->334136K(709120K), 0.0026716 secs] [Times: user=0.02 sys=0.00, real=0.00 secs] 
2585.150: [GC (Allocation Failure) [PSYoungGen: 80192K->1328K(80896K)] 412984K->334120K(709120K), 0.0030369 secs] [Times: user=0.01 sys=0.00, real=0.00 secs] 
2586.121: [GC (Allocation Failure) [PSYoungGen: 80176K->1360K(80896K)] 412968K->334152K(709120K), 0.0017482 secs] [Times: user=0.01 sys=0.00, real=0.00 secs] 
2586.979: [GC (Allocation Failure) [PSYoungGen: 80208K->1376K(80896K)] 413000K->334176K(709120K), 0.0018867 secs] [Times: user=0.01 sys=0.00, real=0.00 secs] 
2587.673: [GC (Allocation Failure) [PSYoungGen: 80224K->1360K(80384K)] 413024K->334160K(708608K), 0.0021467 secs] [Times: user=0.01 sys=0.00, real=0.00 secs] 
2588.459: [GC (Allocation Failure) [PSYoungGen: 80208K->1344K(80384K)] 413008K->334144K(708608K), 0.0022566 secs] [Times: user=0.01 sys=0.00, real=0.00 secs] 
2589.980: [GC (Allocation Failure) [PSYoungGen: 80192K->1520K(80384K)] 412992K->334384K(708608K), 0.0018063 secs] [Times: user=0.00 sys=0.00, real=0.00 secs] 
2590.307: [GC (Allocation Failure) [PSYoungGen: 80368K->1280K(80896K)] 413232K->334144K(709120K), 0.0017060 secs] [Times: user=0.01 sys=0.00, real=0.00 secs] 
2590.634: [GC (Allocation Failure) [PSYoungGen: 80128K->1296K(80896K)] 412992K->334160K(709120K), 0.0019538 secs] [Times: user=0.00 sys=0.00, real=0.01 secs] 
2591.071: [GC (Allocation Failure) [PSYoungGen: 80144K->1312K(80896K)] 413008K->334176K(709120K), 0.0018415 secs] [Times: user=0.01 sys=0.00, real=0.00 secs] 
2592.056: [GC (Allocation Failure) [PSYoungGen: 80160K->1440K(80896K)] 413024K->334304K(709120K), 0.0019168 secs] [Times: user=0.01 sys=0.00, real=0.01 secs] 
2592.726: [GC (Allocation Failure) [PSYoungGen: 80288K->1440K(80896K)] 413152K->334304K(709120K), 0.0025011 secs] [Times: user=0.01 sys=0.00, real=0.00 secs] 
2593.320: [GC (Allocation Failure) [PSYoungGen: 80288K->1344K(80896K)] 413152K->334208K(709120K), 0.0023220 secs] [Times: user=0.01 sys=0.00, real=0.00 secs] 
2594.033: [GC (Allocation Failure) [PSYoungGen: 80192K->1408K(80896K)] 413056K->334272K(709120K), 0.0021577 secs] [Times: user=0.00 sys=0.00, real=0.00 secs] 
2595.031: [GC (Allocation Failure) [PSYoungGen: 80256K->1440K(80896K)] 413120K->334312K(709120K), 0.0017426 secs] [Times: user=0.00 sys=0.00, real=0.00 secs] 
2595.667: [GC (Allocation Failure) [PSYoungGen: 80288K->1424K(80896K)] 413160K->334296K(709120K), 0.0018407 secs] [Times: user=0.01 sys=0.00, real=0.00 secs] 
2596.305: [GC (Allocation Failure) [PSYoungGen: 80272K->1408K(80896K)] 413144K->334280K(709120K), 0.0025780 secs] [Times: user=0.01 sys=0.00, real=0.01 secs] 
2596.919: [GC (Allocation Failure) [PSYoungGen: 80256K->1344K(80896K)] 413128K->334216K(709120K), 0.0024868 secs] [Times: user=0.01 sys=0.00, real=0.00 secs] 
2598.037: [GC (Allocation Failure) [PSYoungGen: 80192K->1472K(80896K)] 413064K->334344K(709120K), 0.0024196 secs] [Times: user=0.01 sys=0.00, real=0.00 secs] 
2598.699: [GC (Allocation Failure) [PSYoungGen: 80320K->1472K(80896K)] 413192K->334344K(709120K), 0.0021159 secs] [Times: user=0.01 sys=0.00, real=0.00 secs] 
2599.248: [GC (Allocation Failure) [PSYoungGen: 80320K->1376K(80896K)] 413192K->334248K(709120K), 0.0020740 secs] [Times: user=0.01 sys=0.00, real=0.00 secs] 
2599.919: [GC (Allocation Failure) [PSYoungGen: 80224K->1357K(80896K)] 413096K->334269K(709120K), 0.0015107 secs] [Times: user=0.00 sys=0.00, real=0.00 secs] 
2600.462: [GC (Allocation Failure) [PSYoungGen: 80205K->1408K(80896K)] 413117K->334320K(709120K), 0.0018056 secs] [Times: user=0.00 sys=0.00, real=0.00 secs] 
2600.876: [GC (Allocation Failure) [PSYoungGen: 80256K->1376K(80384K)] 413168K->334288K(708608K), 0.0021649 secs] [Times: user=0.00 sys=0.00, real=0.01 secs] 
2601.461: [GC (Allocation Failure) [PSYoungGen: 80224K->1344K(80384K)] 413136K->334256K(708608K), 0.0023386 secs] [Times: user=0.01 sys=0.00, real=0.00 secs] 
2602.717: [GC (Allocation Failure) [PSYoungGen: 80192K->384K(79872K)] 413104K->334320K(708096K), 0.0019609 secs] [Times: user=0.00 sys=0.00, real=0.00 secs] 
2603.662: [GC (Allocation Failure) [PSYoungGen: 79232K->320K(80896K)] 413168K->334256K(709120K), 0.0027983 secs] [Times: user=0.01 sys=0.00, real=0.00 secs] 
2604.386: [GC (Allocation Failure) [PSYoungGen: 79168K->320K(80896K)] 413104K->334264K(709120K), 0.0022908 secs] [Times: user=0.01 sys=0.00, real=0.01 secs] 
2605.373: [GC (Allocation Failure) [PSYoungGen: 79168K->336K(80896K)] 413112K->334280K(709120K), 0.0028719 secs] [Times: user=0.01 sys=0.00, real=0.01 secs] 
2606.511: [GC (Allocation Failure) [PSYoungGen: 79184K->1440K(80896K)] 413128K->335384K(709120K), 0.0017393 secs] [Times: user=0.01 sys=0.00, real=0.00 secs] 
2607.070: [GC (Allocation Failure) [PSYoungGen: 80288K->1344K(80896K)] 414232K->335288K(709120K), 0.0018293 secs] [Times: user=0.00 sys=0.00, real=0.00 secs] 
2607.660: [GC (Allocation Failure) [PSYoungGen: 80192K->1344K(80896K)] 414136K->335288K(709120K), 0.0020047 secs] [Times: user=0.00 sys=0.00, real=0.00 secs] 
2608.335: [GC (Allocation Failure) [PSYoungGen: 80192K->1312K(80896K)] 414136K->335256K(709120K), 0.0020026 secs] [Times: user=0.00 sys=0.00, real=0.01 secs] 
2609.658: [GC (Allocation Failure) [PSYoungGen: 80160K->1376K(80896K)] 414104K->335320K(709120K), 0.0019512 secs] [Times: user=0.01 sys=0.00, real=0.00 secs] 
2610.320: [GC (Allocation Failure) [PSYoungGen: 80224K->1376K(80896K)] 414168K->335320K(709120K), 0.0021045 secs] [Times: user=0.00 sys=0.00, real=0.00 secs] 
2610.648: [GC (Allocation Failure) [PSYoungGen: 80224K->1344K(80896K)] 414168K->335288K(709120K), 0.0019520 secs] [Times: user=0.01 sys=0.00, real=0.00 secs] 
2611.278: [GC (Allocation Failure) [PSYoungGen: 80192K->1357K(80896K)] 414136K->335301K(709120K), 0.0014182 secs] [Times: user=0.01 sys=0.00, real=0.00 secs] 
2612.729: [GC (Allocation Failure) [PSYoungGen: 80205K->1360K(80896K)] 414149K->335304K(709120K), 0.0024804 secs] [Times: user=0.00 sys=0.00, real=0.00 secs] 
2613.414: [GC (Allocation Failure) [PSYoungGen: 80208K->1344K(80896K)] 414152K->335288K(709120K), 0.0027275 secs] [Times: user=0.01 sys=0.00, real=0.01 secs] 
2614.120: [GC (Allocation Failure) [PSYoungGen: 80192K->1328K(80896K)] 414136K->335272K(709120K), 0.0026863 secs] [Times: user=0.01 sys=0.00, real=0.00 secs] 
2615.255: [GC (Allocation Failure) [PSYoungGen: 80176K->1664K(80896K)] 414120K->335608K(709120K), 0.0017281 secs] [Times: user=0.00 sys=0.00, real=0.01 secs] 
2616.676: [GC (Allocation Failure) [PSYoungGen: 80512K->1376K(80896K)] 414456K->335328K(709120K), 0.0023638 secs] [Times: user=0.01 sys=0.00, real=0.00 secs] 
2617.933: [GC (Allocation Failure) [PSYoungGen: 80224K->1344K(80896K)] 414176K->335296K(709120K), 0.0037981 secs] [Times: user=0.01 sys=0.00, real=0.01 secs] 
2619.068: [GC (Allocation Failure) [PSYoungGen: 80192K->1376K(80896K)] 414144K->335328K(709120K), 0.0032941 secs] [Times: user=0.01 sys=0.00, real=0.00 secs] 
2620.714: [GC (Allocation Failure) [PSYoungGen: 80224K->1360K(80896K)] 414176K->335312K(709120K), 0.0023423 secs] [Times: user=0.01 sys=0.00, real=0.01 secs] 
2622.376: [GC (Allocation Failure) [PSYoungGen: 80208K->1360K(80896K)] 414160K->335312K(709120K), 0.0038197 secs] [Times: user=0.01 sys=0.00, real=0.00 secs] 
2623.093: [GC (Allocation Failure) [PSYoungGen: 80208K->1376K(80896K)] 414160K->335328K(709120K), 0.0026099 secs] [Times: user=0.01 sys=0.00, real=0.01 secs] 
2623.796: [GC (Allocation Failure) [PSYoungGen: 80224K->1376K(80896K)] 414176K->335328K(709120K), 0.0023188 secs] [Times: user=0.01 sys=0.01, real=0.00 secs] 
2625.613: [GC (Allocation Failure) [PSYoungGen: 80224K->1376K(80896K)] 414176K->335328K(709120K), 0.0025923 secs] [Times: user=0.01 sys=0.00, real=0.01 secs] 
2627.140: [GC (Allocation Failure) [PSYoungGen: 80224K->1344K(80896K)] 414176K->335296K(709120K), 0.0030050 secs] [Times: user=0.01 sys=0.00, real=0.00 secs] 
2627.913: [GC (Allocation Failure) [PSYoungGen: 80192K->1344K(80896K)] 414144K->335296K(709120K), 0.0022073 secs] [Times: user=0.01 sys=0.00, real=0.00 secs] 
2628.241: [GC (Allocation Failure) [PSYoungGen: 80192K->1344K(80896K)] 414144K->335296K(709120K), 0.0018117 secs] [Times: user=0.01 sys=0.00, real=0.00 secs] 
2629.281: [GC (Allocation Failure) [PSYoungGen: 80192K->1376K(80896K)] 414144K->335328K(709120K), 0.0020357 secs] [Times: user=0.01 sys=0.00, real=0.00 secs] 
2629.909: [GC (Allocation Failure) [PSYoungGen: 80224K->1376K(80896K)] 414176K->335336K(709120K), 0.0020164 secs] [Times: user=0.01 sys=0.00, real=0.00 secs] 
2630.613: [GC (Allocation Failure) [PSYoungGen: 80224K->1344K(80896K)] 414184K->335304K(709120K), 0.0020957 secs] [Times: user=0.01 sys=0.00, real=0.00 secs] 
2631.627: [GC (Allocation Failure) [PSYoungGen: 80192K->1357K(80896K)] 414152K->335317K(709120K), 0.0014196 secs] [Times: user=0.00 sys=0.00, real=0.00 secs] 
2633.659: [GC (Allocation Failure) [PSYoungGen: 80205K->1376K(80896K)] 414165K->335336K(709120K), 0.0036852 secs] [Times: user=0.02 sys=0.00, real=0.00 secs] 
2634.360: [GC (Allocation Failure) [PSYoungGen: 80224K->1344K(80384K)] 414184K->335304K(708608K), 0.0019033 secs] [Times: user=0.01 sys=0.01, real=0.00 secs] 
2634.822: [GC (Allocation Failure) [PSYoungGen: 80192K->1344K(80384K)] 414152K->335304K(708608K), 0.0019733 secs] [Times: user=0.01 sys=0.00, real=0.00 secs] 
2636.108: [GC (Allocation Failure) [PSYoungGen: 80192K->384K(79872K)] 414152K->335368K(708096K), 0.0036061 secs] [Times: user=0.01 sys=0.00, real=0.00 secs] 
2637.160: [GC (Allocation Failure) [PSYoungGen: 79232K->288K(80896K)] 414216K->335272K(709120K), 0.0025288 secs] [Times: user=0.01 sys=0.00, real=0.00 secs] 
2638.064: [GC (Allocation Failure) [PSYoungGen: 79136K->288K(80896K)] 414120K->335272K(709120K), 0.0024876 secs] [Times: user=0.01 sys=0.00, real=0.01 secs] 
2638.769: [GC (Allocation Failure) [PSYoungGen: 79136K->336K(80896K)] 414120K->335328K(709120K), 0.0022655 secs] [Times: user=0.01 sys=0.00, real=0.00 secs] 
2640.119: [GC (Allocation Failure) [PSYoungGen: 79184K->1408K(80896K)] 414176K->336400K(709120K), 0.0017971 secs] [Times: user=0.00 sys=0.01, real=0.00 secs] 
2640.866: [GC (Allocation Failure) [PSYoungGen: 80256K->1344K(80896K)] 415248K->336336K(709120K), 0.0018567 secs] [Times: user=0.01 sys=0.00, real=0.00 secs] 
2641.863: [GC (Allocation Failure) [PSYoungGen: 80192K->1344K(80896K)] 415184K->336336K(709120K), 0.0020559 secs] [Times: user=0.01 sys=0.00, real=0.00 secs] 
2642.659: [GC (Allocation Failure) [PSYoungGen: 80192K->1376K(80896K)] 415184K->336368K(709120K), 0.0023724 secs] [Times: user=0.01 sys=0.00, real=0.00 secs] 
2644.059: [GC (Allocation Failure) [PSYoungGen: 80224K->1376K(80896K)] 415216K->336368K(709120K), 0.0018121 secs] [Times: user=0.01 sys=0.00, real=0.00 secs] 
2644.843: [GC (Allocation Failure) [PSYoungGen: 80224K->1328K(80896K)] 415216K->336320K(709120K), 0.0017573 secs] [Times: user=0.00 sys=0.00, real=0.00 secs] 
2645.276: [GC (Allocation Failure) [PSYoungGen: 80176K->1344K(80896K)] 415168K->336336K(709120K), 0.0019822 secs] [Times: user=0.01 sys=0.00, real=0.00 secs] 
2645.821: [GC (Allocation Failure) [PSYoungGen: 80172K->256K(80896K)] 415164K->335248K(709120K), 0.0019190 secs] [Times: user=0.01 sys=0.00, real=0.00 secs] 
2646.999: [GC (Allocation Failure) [PSYoungGen: 79104K->1408K(81408K)] 414096K->336408K(709632K), 0.0024856 secs] [Times: user=0.01 sys=0.00, real=0.00 secs] 
2647.752: [GC (Allocation Failure) [PSYoungGen: 80256K->1344K(81408K)] 415256K->336344K(709632K), 0.0025701 secs] [Times: user=0.01 sys=0.00, real=0.00 secs] 
2648.633: [GC (Allocation Failure) [PSYoungGen: 80192K->1344K(80384K)] 415192K->336344K(708608K), 0.0022780 secs] [Times: user=0.01 sys=0.00, real=0.00 secs] 
2650.258: [GC (Allocation Failure) [PSYoungGen: 80192K->128K(80896K)] 415192K->335128K(709120K), 0.0013906 secs] [Times: user=0.00 sys=0.00, real=0.00 secs] 
2652.264: [GC (Allocation Failure) [PSYoungGen: 78976K->1408K(81408K)] 413976K->336408K(709632K), 0.0030192 secs] [Times: user=0.01 sys=0.00, real=0.01 secs] 
2653.090: [GC (Allocation Failure) [PSYoungGen: 80256K->1312K(81408K)] 415256K->336312K(709632K), 0.0028097 secs] [Times: user=0.01 sys=0.00, real=0.00 secs] 
2654.073: [GC (Allocation Failure) [PSYoungGen: 80160K->1344K(81408K)] 415160K->336344K(709632K), 0.0029859 secs] [Times: user=0.02 sys=0.00, real=0.01 secs] 
2655.412: [GC (Allocation Failure) [PSYoungGen: 80192K->1344K(81408K)] 415192K->336344K(709632K), 0.0017492 secs] [Times: user=0.01 sys=0.00, real=0.00 secs] 
2655.772: [GC (Allocation Failure) [PSYoungGen: 80192K->1376K(81408K)] 415192K->336376K(709632K), 0.0017579 secs] [Times: user=0.01 sys=0.00, real=0.00 secs] 
2656.100: [GC (Allocation Failure) [PSYoungGen: 80224K->1344K(80384K)] 415224K->336344K(708608K), 0.0020582 secs] [Times: user=0.01 sys=0.00, real=0.00 secs] 
2656.683: [GC (Allocation Failure) [PSYoungGen: 80192K->1344K(80896K)] 415192K->336344K(709120K), 0.0020615 secs] [Times: user=0.01 sys=0.00, real=0.00 secs] 
2657.805: [GC (Allocation Failure) [PSYoungGen: 80192K->1344K(80896K)] 415192K->336352K(709120K), 0.0020244 secs] [Times: user=0.01 sys=0.00, real=0.01 secs] 
2658.177: [GC (Allocation Failure) [PSYoungGen: 80192K->1344K(80896K)] 415200K->336352K(709120K), 0.0025682 secs] [Times: user=0.01 sys=0.00, real=0.00 secs] 
2659.127: [GC (Allocation Failure) [PSYoungGen: 80192K->1312K(80896K)] 415200K->336320K(709120K), 0.0036834 secs] [Times: user=0.01 sys=0.00, real=0.00 secs] 
2660.391: [GC (Allocation Failure) [PSYoungGen: 80160K->1344K(80896K)] 415168K->336352K(709120K), 0.0039313 secs] [Times: user=0.02 sys=0.00, real=0.00 secs] 
2661.551: [GC (Allocation Failure) [PSYoungGen: 80192K->1392K(80896K)] 415200K->336400K(709120K), 0.0016361 secs] [Times: user=0.00 sys=0.00, real=0.00 secs] 
2662.242: [GC (Allocation Failure) [PSYoungGen: 80240K->1376K(80896K)] 415248K->336392K(709120K), 0.0038263 secs] [Times: user=0.01 sys=0.00, real=0.01 secs] 
2663.211: [GC (Allocation Failure) [PSYoungGen: 80224K->1376K(80896K)] 415240K->336392K(709120K), 0.0031736 secs] [Times: user=0.01 sys=0.00, real=0.00 secs] 
2664.441: [GC (Allocation Failure) [PSYoungGen: 80224K->1309K(80896K)] 415240K->336333K(709120K), 0.0014545 secs] [Times: user=0.01 sys=0.00, real=0.00 secs] 
2665.682: [GC (Allocation Failure) [PSYoungGen: 80157K->1376K(80896K)] 415181K->336400K(709120K), 0.0026969 secs] [Times: user=0.02 sys=0.00, real=0.00 secs] 
2666.842: [GC (Allocation Failure) [PSYoungGen: 80224K->1344K(80896K)] 415248K->336368K(709120K), 0.0042034 secs] [Times: user=0.02 sys=0.00, real=0.01 secs] 
2667.456: [GC (Allocation Failure) [PSYoungGen: 80192K->1376K(80896K)] 415216K->336408K(709120K), 0.0026360 secs] [Times: user=0.01 sys=0.00, real=0.00 secs] 
2668.583: [GC (Allocation Failure) [PSYoungGen: 80224K->1920K(80896K)] 415256K->336952K(709120K), 0.0024815 secs] [Times: user=0.01 sys=0.00, real=0.00 secs] 
2669.139: [GC (Allocation Failure) [PSYoungGen: 80768K->1344K(80896K)] 415800K->336376K(709120K), 0.0023038 secs] [Times: user=0.01 sys=0.00, real=0.00 secs] 
2670.121: [GC (Allocation Failure) [PSYoungGen: 80192K->1376K(80896K)] 415224K->336408K(709120K), 0.0026445 secs] [Times: user=0.01 sys=0.00, real=0.00 secs] 
2671.093: [GC (Allocation Failure) [PSYoungGen: 80224K->1376K(80896K)] 415256K->336408K(709120K), 0.0029646 secs] [Times: user=0.01 sys=0.00, real=0.01 secs] 
2672.416: [GC (Allocation Failure) [PSYoungGen: 80224K->1408K(80896K)] 415256K->336440K(709120K), 0.0018928 secs] [Times: user=0.00 sys=0.00, real=0.00 secs] 
2672.971: [GC (Allocation Failure) [PSYoungGen: 80256K->1376K(80896K)] 415288K->336408K(709120K), 0.0019662 secs] [Times: user=0.01 sys=0.00, real=0.00 secs] 
2673.655: [GC (Allocation Failure) [PSYoungGen: 80224K->1344K(80896K)] 415256K->336376K(709120K), 0.0020469 secs] [Times: user=0.01 sys=0.00, real=0.01 secs] 
2674.358: [GC (Allocation Failure) [PSYoungGen: 80192K->1344K(80896K)] 415224K->336376K(709120K), 0.0021244 secs] [Times: user=0.01 sys=0.00, real=0.00 secs] 
2675.695: [GC (Allocation Failure) [PSYoungGen: 80192K->1376K(80896K)] 415224K->336408K(709120K), 0.0020682 secs] [Times: user=0.00 sys=0.00, real=0.01 secs] 
2676.023: [GC (Allocation Failure) [PSYoungGen: 80224K->1376K(80896K)] 415256K->336408K(709120K), 0.0019641 secs] [Times: user=0.01 sys=0.00, real=0.00 secs] 
2676.489: [GC (Allocation Failure) [PSYoungGen: 80224K->1344K(80896K)] 415256K->336376K(709120K), 0.0018467 secs] [Times: user=0.01 sys=0.00, real=0.00 secs] 
2677.102: [GC (Allocation Failure) [PSYoungGen: 80192K->1344K(80896K)] 415224K->336384K(709120K), 0.0019069 secs] [Times: user=0.00 sys=0.00, real=0.00 secs] 
2678.262: [GC (Allocation Failure) [PSYoungGen: 80192K->1408K(80896K)] 415232K->336448K(709120K), 0.0021470 secs] [Times: user=0.01 sys=0.00, real=0.00 secs] 
2678.993: [GC (Allocation Failure) [PSYoungGen: 80256K->1312K(80896K)] 415296K->336352K(709120K), 0.0021300 secs] [Times: user=0.01 sys=0.00, real=0.00 secs] 
2679.774: [GC (Allocation Failure) [PSYoungGen: 80160K->1376K(80896K)] 415200K->336416K(709120K), 0.0023245 secs] [Times: user=0.01 sys=0.00, real=0.01 secs] 
2681.064: [GC (Allocation Failure) [PSYoungGen: 80224K->1296K(80384K)] 415264K->336336K(708608K), 0.0017081 secs] [Times: user=0.00 sys=0.00, real=0.01 secs] 
2681.468: [GC (Allocation Failure) [PSYoungGen: 80144K->1408K(80384K)] 415184K->336448K(708608K), 0.0017755 secs] [Times: user=0.00 sys=0.00, real=0.00 secs] 
2681.795: [GC (Allocation Failure) [PSYoungGen: 80256K->1344K(80384K)] 415296K->336384K(708608K), 0.0016672 secs] [Times: user=0.00 sys=0.00, real=0.01 secs] 
2682.123: [GC (Allocation Failure) [PSYoungGen: 80192K->1376K(80384K)] 415232K->336416K(708608K), 0.0017978 secs] [Times: user=0.01 sys=0.00, real=0.00 secs] 
2683.047: [GC (Allocation Failure) [PSYoungGen: 80224K->1376K(80384K)] 415264K->336416K(708608K), 0.0018303 secs] [Times: user=0.00 sys=0.00, real=0.00 secs] 
2683.928: [GC (Allocation Failure) [PSYoungGen: 80224K->1344K(80384K)] 415264K->336384K(708608K), 0.0022977 secs] [Times: user=0.01 sys=0.00, real=0.00 secs] 
2684.627: [GC (Allocation Failure) [PSYoungGen: 80192K->1408K(80384K)] 415232K->336456K(708608K), 0.0021178 secs] [Times: user=0.01 sys=0.00, real=0.00 secs] 
2685.195: [GC (Allocation Failure) [PSYoungGen: 80256K->1360K(80384K)] 415304K->336408K(708608K), 0.0020383 secs] [Times: user=0.01 sys=0.00, real=0.01 secs] 
2686.287: [GC (Allocation Failure) [PSYoungGen: 80208K->1408K(80384K)] 415256K->336456K(708608K), 0.0019416 secs] [Times: user=0.01 sys=0.00, real=0.00 secs] 
2686.964: [GC (Allocation Failure) [PSYoungGen: 80256K->1344K(80384K)] 415304K->336392K(708608K), 0.0018970 secs] [Times: user=0.00 sys=0.00, real=0.01 secs] 
2687.781: [GC (Allocation Failure) [PSYoungGen: 80192K->1376K(80384K)] 415240K->336424K(708608K), 0.0020917 secs] [Times: user=0.01 sys=0.00, real=0.00 secs] 
2688.637: [GC (Allocation Failure) [PSYoungGen: 80224K->1344K(80384K)] 415272K->336392K(708608K), 0.0020314 secs] [Times: user=0.00 sys=0.00, real=0.00 secs] 
2689.531: [GC (Allocation Failure) [PSYoungGen: 80192K->1408K(80384K)] 415240K->336456K(708608K), 0.0017942 secs] [Times: user=0.01 sys=0.00, real=0.00 secs] 
2689.859: [GC (Allocation Failure) [PSYoungGen: 80256K->1344K(80384K)] 415304K->336392K(708608K), 0.0017859 secs] [Times: user=0.00 sys=0.00, real=0.00 secs] 
2690.186: [GC (Allocation Failure) [PSYoungGen: 80192K->1408K(80384K)] 415240K->336456K(708608K), 0.0017507 secs] [Times: user=0.01 sys=0.00, real=0.00 secs] 
2690.686: [GC (Allocation Failure) [PSYoungGen: 80256K->1325K(80384K)] 415304K->336373K(708608K), 0.0014261 secs] [Times: user=0.01 sys=0.00, real=0.00 secs] 
2691.852: [GC (Allocation Failure) [PSYoungGen: 80173K->1408K(80384K)] 415221K->336456K(708608K), 0.0018508 secs] [Times: user=0.00 sys=0.00, real=0.00 secs] 
2692.479: [GC (Allocation Failure) [PSYoungGen: 80256K->1344K(80384K)] 415304K->336392K(708608K), 0.0019336 secs] [Times: user=0.01 sys=0.00, real=0.00 secs] 
2692.846: [GC (Allocation Failure) [PSYoungGen: 80192K->1344K(80384K)] 415240K->336392K(708608K), 0.0018568 secs] [Times: user=0.01 sys=0.00, real=0.00 secs] 
2693.646: [GC (Allocation Failure) [PSYoungGen: 80192K->928K(80384K)] 415240K->337000K(708608K), 0.0017268 secs] [Times: user=0.01 sys=0.00, real=0.00 secs] 
2694.030: [GC (Allocation Failure) [PSYoungGen: 79776K->352K(80384K)] 415848K->336432K(708608K), 0.0016878 secs] [Times: user=0.01 sys=0.00, real=0.00 secs] 
2694.357: [GC (Allocation Failure) [PSYoungGen: 79200K->320K(80896K)] 415280K->336400K(709120K), 0.0022939 secs] [Times: user=0.01 sys=0.00, real=0.00 secs] 
2694.776: [GC (Allocation Failure) [PSYoungGen: 79168K->352K(80896K)] 415248K->336432K(709120K), 0.0020810 secs] [Times: user=0.00 sys=0.00, real=0.00 secs] 
2695.666: [GC (Allocation Failure) [PSYoungGen: 79200K->1440K(80896K)] 415280K->337520K(709120K), 0.0016605 secs] [Times: user=0.01 sys=0.00, real=0.00 secs] 
2695.995: [GC (Allocation Failure) [PSYoungGen: 80288K->1312K(80896K)] 416368K->337392K(709120K), 0.0015172 secs] [Times: user=0.00 sys=0.00, real=0.01 secs] 
2696.610: [GC (Allocation Failure) [PSYoungGen: 80160K->1312K(80896K)] 416240K->337392K(709120K), 0.0035685 secs] [Times: user=0.01 sys=0.00, real=0.00 secs] 
2697.343: [GC (Allocation Failure) [PSYoungGen: 80160K->1376K(80896K)] 416240K->337456K(709120K), 0.0024408 secs] [Times: user=0.01 sys=0.00, real=0.00 secs] 
2698.663: [GC (Allocation Failure) [PSYoungGen: 80224K->1376K(80896K)] 416304K->337456K(709120K), 0.0038521 secs] [Times: user=0.01 sys=0.00, real=0.01 secs] 
2699.346: [GC (Allocation Failure) [PSYoungGen: 80224K->1312K(80896K)] 416304K->337392K(709120K), 0.0025578 secs] [Times: user=0.01 sys=0.00, real=0.00 secs] 
2699.664: [GC (Allocation Failure) [PSYoungGen: 80160K->1376K(80896K)] 416240K->337456K(709120K), 0.0020839 secs] [Times: user=0.01 sys=0.00, real=0.01 secs] 
2699.992: [GC (Allocation Failure) [PSYoungGen: 80224K->1376K(80896K)] 416304K->337456K(709120K), 0.0018396 secs] [Times: user=0.01 sys=0.00, real=0.00 secs] 
2700.763: [GC (Allocation Failure) [PSYoungGen: 80224K->1408K(80896K)] 416304K->337488K(709120K), 0.0016821 secs] [Times: user=0.01 sys=0.00, real=0.00 secs] 
2701.091: [GC (Allocation Failure) [PSYoungGen: 80256K->1392K(80896K)] 416336K->337472K(709120K), 0.0017510 secs] [Times: user=0.00 sys=0.00, real=0.00 secs] 
2701.418: [GC (Allocation Failure) [PSYoungGen: 80240K->1376K(80896K)] 416320K->337456K(709120K), 0.0021457 secs] [Times: user=0.01 sys=0.00, real=0.00 secs] 
2702.219: [GC (Allocation Failure) [PSYoungGen: 80224K->1325K(80896K)] 416304K->337413K(709120K), 0.0016978 secs] [Times: user=0.01 sys=0.00, real=0.00 secs] 
2703.803: [GC (Allocation Failure) [PSYoungGen: 80173K->1408K(80896K)] 416261K->337496K(709120K), 0.0027261 secs] [Times: user=0.01 sys=0.00, real=0.01 secs] 
2704.792: [GC (Allocation Failure) [PSYoungGen: 80256K->1376K(80896K)] 416344K->337464K(709120K), 0.0029678 secs] [Times: user=0.01 sys=0.00, real=0.00 secs] 
2705.846: [GC (Allocation Failure) [PSYoungGen: 80224K->1312K(80896K)] 416312K->337400K(709120K), 0.0040123 secs] [Times: user=0.01 sys=0.00, real=0.01 secs] 
2707.647: [GC (Allocation Failure) [PSYoungGen: 80160K->1376K(80896K)] 416248K->337464K(709120K), 0.0021298 secs] [Times: user=0.01 sys=0.00, real=0.00 secs] 
2708.544: [GC (Allocation Failure) [PSYoungGen: 80224K->1344K(80896K)] 416312K->337432K(709120K), 0.0019094 secs] [Times: user=0.00 sys=0.00, real=0.01 secs] 
2709.152: [GC (Allocation Failure) [PSYoungGen: 80192K->1376K(80896K)] 416280K->337464K(709120K), 0.0020672 secs] [Times: user=0.01 sys=0.00, real=0.00 secs] 
2709.807: [GC (Allocation Failure) [PSYoungGen: 80224K->1344K(80896K)] 416312K->337432K(709120K), 0.0027429 secs] [Times: user=0.01 sys=0.00, real=0.00 secs] 
2711.002: [GC (Allocation Failure) [PSYoungGen: 80192K->1376K(80896K)] 416280K->337464K(709120K), 0.0019129 secs] [Times: user=0.01 sys=0.00, real=0.00 secs] 
2711.794: [GC (Allocation Failure) [PSYoungGen: 80224K->1376K(80896K)] 416312K->337464K(709120K), 0.0024485 secs] [Times: user=0.01 sys=0.00, real=0.01 secs] 
2712.372: [GC (Allocation Failure) [PSYoungGen: 80224K->1376K(80896K)] 416312K->337464K(709120K), 0.0022142 secs] [Times: user=0.01 sys=0.00, real=0.00 secs] 
2712.715: [GC (Allocation Failure) [PSYoungGen: 80224K->1344K(80896K)] 416312K->337432K(709120K), 0.0019492 secs] [Times: user=0.01 sys=0.00, real=0.01 secs] 
2714.160: [GC (Allocation Failure) [PSYoungGen: 80192K->1408K(80896K)] 416280K->337496K(709120K), 0.0027221 secs] [Times: user=0.01 sys=0.00, real=0.00 secs] 
2715.108: [GC (Allocation Failure) [PSYoungGen: 80256K->1344K(80896K)] 416344K->337432K(709120K), 0.0028907 secs] [Times: user=0.02 sys=0.00, real=0.00 secs] 
2716.113: [GC (Allocation Failure) [PSYoungGen: 80192K->1344K(80896K)] 416280K->337432K(709120K), 0.0032595 secs] [Times: user=0.01 sys=0.01, real=0.01 secs] 
2717.088: [GC (Allocation Failure) [PSYoungGen: 80192K->1357K(80384K)] 416280K->337445K(708608K), 0.0015472 secs] [Times: user=0.01 sys=0.00, real=0.00 secs] 
2717.889: [GC (Allocation Failure) [PSYoungGen: 80205K->1408K(80384K)] 416293K->337504K(708608K), 0.0020996 secs] [Times: user=0.00 sys=0.00, real=0.00 secs] 
2718.217: [GC (Allocation Failure) [PSYoungGen: 80256K->304K(79872K)] 416352K->337424K(708096K), 0.0018998 secs] [Times: user=0.01 sys=0.00, real=0.00 secs] 
2718.733: [GC (Allocation Failure) [PSYoungGen: 79152K->288K(80896K)] 416272K->337408K(709120K), 0.0019124 secs] [Times: user=0.01 sys=0.00, real=0.00 secs] 
2719.701: [GC (Allocation Failure) [PSYoungGen: 79136K->1888K(80896K)] 416256K->339008K(709120K), 0.0017520 secs] [Times: user=0.00 sys=0.00, real=0.00 secs] 
2720.470: [GC (Allocation Failure) [PSYoungGen: 80736K->1344K(80896K)] 417856K->338464K(709120K), 0.0017723 secs] [Times: user=0.00 sys=0.00, real=0.00 secs] 
2721.346: [GC (Allocation Failure) [PSYoungGen: 80192K->1376K(80896K)] 417312K->338496K(709120K), 0.0021931 secs] [Times: user=0.01 sys=0.00, real=0.00 secs] 
2722.048: [GC (Allocation Failure) [PSYoungGen: 80224K->1344K(80896K)] 417344K->338464K(709120K), 0.0022534 secs] [Times: user=0.00 sys=0.00, real=0.00 secs] 
2723.314: [GC (Allocation Failure) [PSYoungGen: 80192K->1344K(80896K)] 417312K->338472K(709120K), 0.0018978 secs] [Times: user=0.01 sys=0.00, real=0.01 secs] 
2724.293: [GC (Allocation Failure) [PSYoungGen: 80192K->1344K(80896K)] 417320K->338472K(709120K), 0.0039507 secs] [Times: user=0.01 sys=0.00, real=0.01 secs] 
2725.170: [GC (Allocation Failure) [PSYoungGen: 80192K->1360K(80896K)] 417320K->338488K(709120K), 0.0028229 secs] [Times: user=0.01 sys=0.00, real=0.00 secs] 
2725.795: [GC (Allocation Failure) [PSYoungGen: 80208K->1408K(80896K)] 417336K->338536K(709120K), 0.0032390 secs] [Times: user=0.01 sys=0.00, real=0.01 secs] 
2727.080: [GC (Allocation Failure) [PSYoungGen: 80256K->1408K(80896K)] 417384K->338544K(709120K), 0.0019721 secs] [Times: user=0.00 sys=0.00, real=0.00 secs] 
2727.804: [GC (Allocation Failure) [PSYoungGen: 80256K->1360K(80896K)] 417392K->338496K(709120K), 0.0019936 secs] [Times: user=0.01 sys=0.00, real=0.01 secs] 
2728.132: [GC (Allocation Failure) [PSYoungGen: 80208K->1376K(80896K)] 417344K->338512K(709120K), 0.0018902 secs] [Times: user=0.01 sys=0.00, real=0.00 secs] 
2728.527: [GC (Allocation Failure) [PSYoungGen: 80224K->1344K(80896K)] 417360K->338480K(709120K), 0.0018312 secs] [Times: user=0.01 sys=0.00, real=0.00 secs] 
2729.637: [GC (Allocation Failure) [PSYoungGen: 80192K->1408K(80896K)] 417328K->338544K(709120K), 0.0017272 secs] [Times: user=0.01 sys=0.00, real=0.00 secs] 
2730.276: [GC (Allocation Failure) [PSYoungGen: 80256K->1344K(80896K)] 417392K->338480K(709120K), 0.0023768 secs] [Times: user=0.01 sys=0.00, real=0.01 secs] 
2730.855: [GC (Allocation Failure) [PSYoungGen: 80192K->1344K(80896K)] 417328K->338480K(709120K), 0.0027559 secs] [Times: user=0.01 sys=0.00, real=0.01 secs] 
2731.968: [GC (Allocation Failure) [PSYoungGen: 80192K->1357K(80896K)] 417328K->338493K(709120K), 0.0014272 secs] [Times: user=0.01 sys=0.00, real=0.00 secs] 
2732.338: [GC (Allocation Failure) [PSYoungGen: 80205K->1408K(80896K)] 417341K->338544K(709120K), 0.0016824 secs] [Times: user=0.00 sys=0.00, real=0.00 secs] 
2732.665: [GC (Allocation Failure) [PSYoungGen: 80256K->1344K(80896K)] 417392K->338480K(709120K), 0.0016395 secs] [Times: user=0.00 sys=0.00, real=0.01 secs] 
2732.998: [GC (Allocation Failure) [PSYoungGen: 80192K->1344K(80896K)] 417328K->338480K(709120K), 0.0027656 secs] [Times: user=0.02 sys=0.00, real=0.00 secs] 
2733.837: [GC (Allocation Failure) [PSYoungGen: 80192K->1472K(80896K)] 417328K->338616K(709120K), 0.0019473 secs] [Times: user=0.01 sys=0.00, real=0.00 secs] 
2734.206: [GC (Allocation Failure) [PSYoungGen: 80320K->1344K(80896K)] 417464K->338488K(709120K), 0.0020996 secs] [Times: user=0.01 sys=0.00, real=0.00 secs] 
2734.870: [GC (Allocation Failure) [PSYoungGen: 80192K->1376K(80896K)] 417336K->338520K(709120K), 0.0020399 secs] [Times: user=0.01 sys=0.00, real=0.00 secs] 
2735.523: [GC (Allocation Failure) [PSYoungGen: 80224K->1344K(80896K)] 417368K->338488K(709120K), 0.0022058 secs] [Times: user=0.01 sys=0.00, real=0.00 secs] 
2736.426: [GC (Allocation Failure) [PSYoungGen: 80192K->1424K(80896K)] 417336K->338568K(709120K), 0.0017793 secs] [Times: user=0.01 sys=0.01, real=0.00 secs] 
2736.776: [GC (Allocation Failure) [PSYoungGen: 80272K->1376K(80384K)] 417416K->338520K(708608K), 0.0018280 secs] [Times: user=0.01 sys=0.00, real=0.00 secs] 
2737.356: [GC (Allocation Failure) [PSYoungGen: 80224K->1344K(80384K)] 417368K->338488K(708608K), 0.0032086 secs] [Times: user=0.01 sys=0.00, real=0.00 secs] 
2737.945: [GC (Allocation Failure) [PSYoungGen: 80192K->320K(79872K)] 417336K->338488K(708096K), 0.0026518 secs] [Times: user=0.01 sys=0.00, real=0.01 secs] 
2738.824: [GC (Allocation Failure) [PSYoungGen: 79168K->1408K(80896K)] 417336K->339576K(709120K), 0.0017196 secs] [Times: user=0.00 sys=0.00, real=0.01 secs] 
2739.224: [GC (Allocation Failure) [PSYoungGen: 80256K->1344K(80896K)] 418424K->339512K(709120K), 0.0017424 secs] [Times: user=0.01 sys=0.00, real=0.01 secs] 
2739.957: [GC (Allocation Failure) [PSYoungGen: 80192K->1344K(80896K)] 418360K->339512K(709120K), 0.0019155 secs] [Times: user=0.01 sys=0.00, real=0.00 secs] 
2741.042: [GC (Allocation Failure) [PSYoungGen: 80192K->1357K(80896K)] 418360K->339525K(709120K), 0.0014278 secs] [Times: user=0.01 sys=0.00, real=0.00 secs] 
2742.086: [GC (Allocation Failure) [PSYoungGen: 80205K->1392K(80896K)] 418373K->339560K(709120K), 0.0028897 secs] [Times: user=0.01 sys=0.00, real=0.01 secs] 
2742.527: [GC (Allocation Failure) [PSYoungGen: 80240K->1312K(80896K)] 418408K->339480K(709120K), 0.0020559 secs] [Times: user=0.01 sys=0.00, real=0.00 secs] 
2742.896: [GC (Allocation Failure) [PSYoungGen: 80160K->1376K(80896K)] 418328K->339544K(709120K), 0.0018452 secs] [Times: user=0.01 sys=0.00, real=0.00 secs] 
2743.743: [GC (Allocation Failure) [PSYoungGen: 80224K->1920K(80896K)] 418392K->340096K(709120K), 0.0017520 secs] [Times: user=0.01 sys=0.01, real=0.00 secs] 
2744.070: [GC (Allocation Failure) [PSYoungGen: 80768K->1408K(80896K)] 418944K->339584K(709120K), 0.0016864 secs] [Times: user=0.01 sys=0.00, real=0.00 secs] 
2744.438: [GC (Allocation Failure) [PSYoungGen: 80256K->1376K(80896K)] 418432K->339552K(709120K), 0.0017536 secs] [Times: user=0.01 sys=0.00, real=0.00 secs] 
2744.765: [GC (Allocation Failure) [PSYoungGen: 80224K->1344K(80896K)] 418400K->339520K(709120K), 0.0016398 secs] [Times: user=0.00 sys=0.01, real=0.01 secs] 
2746.418: [GC (Allocation Failure) [PSYoungGen: 80192K->1408K(80896K)] 418368K->339584K(709120K), 0.0033902 secs] [Times: user=0.01 sys=0.00, real=0.00 secs] 
2747.212: [GC (Allocation Failure) [PSYoungGen: 80256K->1376K(80896K)] 418432K->339552K(709120K), 0.0039874 secs] [Times: user=0.02 sys=0.00, real=0.00 secs] 
2747.757: [GC (Allocation Failure) [PSYoungGen: 80224K->1344K(80896K)] 418400K->339520K(709120K), 0.0020505 secs] [Times: user=0.01 sys=0.00, real=0.00 secs] 
2748.523: [GC (Allocation Failure) [PSYoungGen: 80192K->1376K(80896K)] 418368K->339552K(709120K), 0.0022782 secs] [Times: user=0.01 sys=0.00, real=0.00 secs] 
2750.989: [GC (Allocation Failure) [PSYoungGen: 80224K->1360K(80896K)] 418400K->339536K(709120K), 0.0023750 secs] [Times: user=0.01 sys=0.00, real=0.00 secs] 
2751.725: [GC (Allocation Failure) [PSYoungGen: 80208K->1344K(80896K)] 418384K->339520K(709120K), 0.0021546 secs] [Times: user=0.01 sys=0.00, real=0.01 secs] 
2752.467: [GC (Allocation Failure) [PSYoungGen: 80192K->1344K(80896K)] 418368K->339520K(709120K), 0.0020703 secs] [Times: user=0.01 sys=0.00, real=0.00 secs] 
2753.302: [GC (Allocation Failure) [PSYoungGen: 80192K->224K(80896K)] 418368K->338400K(709120K), 0.0020714 secs] [Times: user=0.01 sys=0.00, real=0.00 secs] 
2754.475: [GC (Allocation Failure) [PSYoungGen: 79072K->1392K(80896K)] 417248K->339568K(709120K), 0.0025738 secs] [Times: user=0.01 sys=0.00, real=0.01 secs] 
2755.135: [GC (Allocation Failure) [PSYoungGen: 80240K->1312K(80896K)] 418416K->339488K(709120K), 0.0028170 secs] [Times: user=0.02 sys=0.00, real=0.01 secs] 
2755.678: [GC (Allocation Failure) [PSYoungGen: 80160K->1344K(80896K)] 418336K->339520K(709120K), 0.0022135 secs] [Times: user=0.01 sys=0.00, real=0.00 secs] 
2756.726: [GC (Allocation Failure) [PSYoungGen: 80192K->224K(80896K)] 418368K->338408K(709120K), 0.0014175 secs] [Times: user=0.01 sys=0.00, real=0.00 secs] 
2757.881: [GC (Allocation Failure) [PSYoungGen: 79072K->1344K(80896K)] 417256K->339528K(709120K), 0.0037774 secs] [Times: user=0.01 sys=0.00, real=0.00 secs] 
2758.942: [GC (Allocation Failure) [PSYoungGen: 80192K->1344K(80896K)] 418376K->339528K(709120K), 0.0041268 secs] [Times: user=0.01 sys=0.00, real=0.01 secs] 
2760.117: [GC (Allocation Failure) [PSYoungGen: 80192K->1344K(80896K)] 418376K->339528K(709120K), 0.0035059 secs] [Times: user=0.01 sys=0.00, real=0.00 secs] 
2761.683: [GC (Allocation Failure) [PSYoungGen: 80192K->1376K(80896K)] 418376K->339560K(709120K), 0.0022731 secs] [Times: user=0.01 sys=0.00, real=0.00 secs] 
2762.705: [GC (Allocation Failure) [PSYoungGen: 80224K->1376K(80896K)] 418408K->339560K(709120K), 0.0034917 secs] [Times: user=0.02 sys=0.00, real=0.01 secs] 
2763.751: [GC (Allocation Failure) [PSYoungGen: 80224K->1328K(80896K)] 418408K->339512K(709120K), 0.0033237 secs] [Times: user=0.01 sys=0.00, real=0.00 secs] 
2764.873: [GC (Allocation Failure) [PSYoungGen: 80176K->1344K(80896K)] 418360K->339528K(709120K), 0.0033598 secs] [Times: user=0.02 sys=0.00, real=0.01 secs] 
2766.888: [GC (Allocation Failure) [PSYoungGen: 80192K->1360K(80896K)] 418376K->339544K(709120K), 0.0037638 secs] [Times: user=0.02 sys=0.00, real=0.00 secs] 
2767.948: [GC (Allocation Failure) [PSYoungGen: 80208K->1344K(80896K)] 418392K->339528K(709120K), 0.0025431 secs] [Times: user=0.01 sys=0.00, real=0.00 secs] 
2769.267: [GC (Allocation Failure) [PSYoungGen: 80192K->1344K(80896K)] 418376K->339528K(709120K), 0.0029227 secs] [Times: user=0.01 sys=0.00, real=0.00 secs] 
2770.299: [GC (Allocation Failure) [PSYoungGen: 80192K->1344K(80896K)] 418376K->339536K(709120K), 0.0027360 secs] [Times: user=0.01 sys=0.00, real=0.00 secs] 
2771.409: [GC (Allocation Failure) [PSYoungGen: 80192K->1408K(80896K)] 418384K->339600K(709120K), 0.0020093 secs] [Times: user=0.01 sys=0.00, real=0.00 secs] 
2772.685: [GC (Allocation Failure) [PSYoungGen: 80256K->1376K(80896K)] 418448K->339568K(709120K), 0.0021531 secs] [Times: user=0.01 sys=0.00, real=0.01 secs] 
2773.966: [GC (Allocation Failure) [PSYoungGen: 80224K->1344K(80896K)] 418416K->339536K(709120K), 0.0035278 secs] [Times: user=0.01 sys=0.01, real=0.01 secs] 
2775.111: [GC (Allocation Failure) [PSYoungGen: 80192K->1357K(80896K)] 418384K->339549K(709120K), 0.0014341 secs] [Times: user=0.01 sys=0.00, real=0.00 secs] 
2776.378: [GC (Allocation Failure) [PSYoungGen: 80205K->1408K(80896K)] 418397K->339600K(709120K), 0.0039818 secs] [Times: user=0.02 sys=0.00, real=0.00 secs] 
2777.222: [GC (Allocation Failure) [PSYoungGen: 80256K->1344K(80896K)] 418448K->339536K(709120K), 0.0026830 secs] [Times: user=0.01 sys=0.00, real=0.00 secs] 
2778.208: [GC (Allocation Failure) [PSYoungGen: 80192K->1344K(80896K)] 418384K->339536K(709120K), 0.0027507 secs] [Times: user=0.02 sys=0.00, real=0.00 secs] 
2779.761: [GC (Allocation Failure) [PSYoungGen: 80192K->1920K(80896K)] 418384K->340112K(709120K), 0.0019095 secs] [Times: user=0.01 sys=0.00, real=0.00 secs] 
2780.913: [GC (Allocation Failure) [PSYoungGen: 80768K->1344K(80896K)] 418960K->339536K(709120K), 0.0024233 secs] [Times: user=0.01 sys=0.00, real=0.00 secs] 
2782.011: [GC (Allocation Failure) [PSYoungGen: 80192K->1344K(80896K)] 418384K->339544K(709120K), 0.0026748 secs] [Times: user=0.01 sys=0.00, real=0.00 secs] 
2783.377: [GC (Allocation Failure) [PSYoungGen: 80192K->1328K(80896K)] 418392K->339528K(709120K), 0.0031171 secs] [Times: user=0.01 sys=0.00, real=0.00 secs] 
2784.723: [GC (Allocation Failure) [PSYoungGen: 80176K->1408K(80896K)] 418376K->339608K(709120K), 0.0018519 secs] [Times: user=0.00 sys=0.00, real=0.00 secs] 
2785.375: [GC (Allocation Failure) [PSYoungGen: 80256K->1376K(80896K)] 418456K->339584K(709120K), 0.0019335 secs] [Times: user=0.01 sys=0.00, real=0.01 secs] 
2786.019: [GC (Allocation Failure) [PSYoungGen: 80224K->1344K(80896K)] 418432K->339552K(709120K), 0.0019837 secs] [Times: user=0.01 sys=0.00, real=0.00 secs] 
2786.669: [GC (Allocation Failure) [PSYoungGen: 80192K->1344K(80896K)] 418400K->339560K(709120K), 0.0021484 secs] [Times: user=0.00 sys=0.00, real=0.00 secs] 
2787.700: [GC (Allocation Failure) [PSYoungGen: 80192K->1440K(80896K)] 418408K->339664K(709120K), 0.0018866 secs] [Times: user=0.01 sys=0.00, real=0.00 secs] 
2788.135: [GC (Allocation Failure) [PSYoungGen: 80288K->1408K(80896K)] 418512K->339632K(709120K), 0.0018459 secs] [Times: user=0.00 sys=0.00, real=0.01 secs] 
2788.800: [GC (Allocation Failure) [PSYoungGen: 80256K->1344K(80896K)] 418480K->339576K(709120K), 0.0019275 secs] [Times: user=0.01 sys=0.00, real=0.00 secs] 
2789.702: [GC (Allocation Failure) [PSYoungGen: 80192K->1344K(80896K)] 418424K->339576K(709120K), 0.0027262 secs] [Times: user=0.01 sys=0.00, real=0.00 secs] 
2791.098: [GC (Allocation Failure) [PSYoungGen: 80192K->1408K(80896K)] 418424K->339640K(709120K), 0.0025600 secs] [Times: user=0.01 sys=0.01, real=0.00 secs] 
2792.326: [GC (Allocation Failure) [PSYoungGen: 80256K->1344K(80896K)] 418488K->339576K(709120K), 0.0027952 secs] [Times: user=0.01 sys=0.00, real=0.01 secs] 
2793.242: [GC (Allocation Failure) [PSYoungGen: 80192K->1344K(80384K)] 418424K->339576K(708608K), 0.0030386 secs] [Times: user=0.01 sys=0.00, real=0.00 secs] 
2794.528: [GC (Allocation Failure) [PSYoungGen: 80192K->1357K(80384K)] 418424K->339589K(708608K), 0.0016341 secs] [Times: user=0.01 sys=0.00, real=0.00 secs] 
2795.275: [GC (Allocation Failure) [PSYoungGen: 80205K->368K(79872K)] 418437K->339624K(708096K), 0.0023109 secs] [Times: user=0.00 sys=0.00, real=0.01 secs] 
2795.604: [GC (Allocation Failure) [PSYoungGen: 79216K->336K(80896K)] 418472K->339592K(709120K), 0.0021024 secs] [Times: user=0.01 sys=0.00, real=0.01 secs] 
2796.170: [GC (Allocation Failure) [PSYoungGen: 79184K->320K(80896K)] 418440K->339584K(709120K), 0.0025405 secs] [Times: user=0.01 sys=0.00, real=0.00 secs] 
2797.222: [GC (Allocation Failure) [PSYoungGen: 79168K->1408K(80896K)] 418432K->340672K(709120K), 0.0018179 secs] [Times: user=0.01 sys=0.00, real=0.00 secs] 
2797.575: [GC (Allocation Failure) [PSYoungGen: 80256K->1376K(80896K)] 419520K->340640K(709120K), 0.0018057 secs] [Times: user=0.01 sys=0.00, real=0.01 secs] 
2798.043: [GC (Allocation Failure) [PSYoungGen: 80224K->1344K(80896K)] 419488K->340608K(709120K), 0.0018027 secs] [Times: user=0.00 sys=0.00, real=0.00 secs] 
2798.804: [GC (Allocation Failure) [PSYoungGen: 80192K->1312K(80896K)] 419456K->340576K(709120K), 0.0018593 secs] [Times: user=0.01 sys=0.00, real=0.01 secs] 
2799.941: [GC (Allocation Failure) [PSYoungGen: 80160K->1408K(80896K)] 419424K->340672K(709120K), 0.0018783 secs] [Times: user=0.01 sys=0.00, real=0.00 secs] 
2800.641: [GC (Allocation Failure) [PSYoungGen: 80256K->1344K(80896K)] 419520K->340608K(709120K), 0.0036134 secs] [Times: user=0.01 sys=0.00, real=0.00 secs] 
2801.359: [GC (Allocation Failure) [PSYoungGen: 80192K->1344K(80896K)] 419456K->340608K(709120K), 0.0022877 secs] [Times: user=0.01 sys=0.00, real=0.00 secs] 
2802.187: [GC (Allocation Failure) [PSYoungGen: 80192K->1344K(80896K)] 419456K->340608K(709120K), 0.0023516 secs] [Times: user=0.01 sys=0.00, real=0.00 secs] 
2805.235: [GC (Allocation Failure) [PSYoungGen: 80192K->1408K(80896K)] 419456K->340672K(709120K), 0.0039324 secs] [Times: user=0.01 sys=0.00, real=0.01 secs] 
2806.164: [GC (Allocation Failure) [PSYoungGen: 80256K->1360K(80896K)] 419520K->340624K(709120K), 0.0031596 secs] [Times: user=0.02 sys=0.00, real=0.01 secs] 
2806.802: [GC (Allocation Failure) [PSYoungGen: 80208K->1376K(80896K)] 419472K->340640K(709120K), 0.0024247 secs] [Times: user=0.01 sys=0.00, real=0.00 secs] 
2807.710: [GC (Allocation Failure) [PSYoungGen: 80224K->1392K(80896K)] 419488K->340664K(709120K), 0.0018908 secs] [Times: user=0.00 sys=0.00, real=0.00 secs] 
2808.381: [GC (Allocation Failure) [PSYoungGen: 80240K->1408K(80896K)] 419512K->340680K(709120K), 0.0022854 secs] [Times: user=0.01 sys=0.01, real=0.00 secs] 
2808.713: [GC (Allocation Failure) [PSYoungGen: 80256K->1344K(80896K)] 419528K->340616K(709120K), 0.0029457 secs] [Times: user=0.01 sys=0.00, real=0.01 secs] 
2809.043: [GC (Allocation Failure) [PSYoungGen: 80192K->1376K(80896K)] 419464K->340648K(709120K), 0.0018021 secs] [Times: user=0.01 sys=0.00, real=0.00 secs] 
2809.851: [GC (Allocation Failure) [PSYoungGen: 80224K->1888K(80896K)] 419496K->341160K(709120K), 0.0020090 secs] [Times: user=0.00 sys=0.00, real=0.00 secs] 
2810.603: [GC (Allocation Failure) [PSYoungGen: 80736K->1376K(80896K)] 420008K->340648K(709120K), 0.0023411 secs] [Times: user=0.01 sys=0.00, real=0.00 secs] 
2811.294: [GC (Allocation Failure) [PSYoungGen: 80224K->1344K(80896K)] 419496K->340616K(709120K), 0.0025317 secs] [Times: user=0.01 sys=0.00, real=0.01 secs] 
2811.824: [GC (Allocation Failure) [PSYoungGen: 80192K->1376K(80896K)] 419464K->340648K(709120K), 0.0020295 secs] [Times: user=0.01 sys=0.00, real=0.01 secs] 
2813.278: [GC (Allocation Failure) [PSYoungGen: 80224K->1376K(80896K)] 419496K->340648K(709120K), 0.0020136 secs] [Times: user=0.01 sys=0.00, real=0.00 secs] 
2814.447: [GC (Allocation Failure) [PSYoungGen: 80224K->1344K(80896K)] 419496K->340616K(709120K), 0.0034375 secs] [Times: user=0.01 sys=0.00, real=0.00 secs] 
2815.072: [GC (Allocation Failure) [PSYoungGen: 80192K->1344K(80896K)] 419464K->340616K(709120K), 0.0024057 secs] [Times: user=0.01 sys=0.00, real=0.00 secs] 
2815.429: [GC (Allocation Failure) [PSYoungGen: 80192K->1344K(80896K)] 419464K->340616K(709120K), 0.0017337 secs] [Times: user=0.01 sys=0.00, real=0.00 secs] 
2816.454: [GC (Allocation Failure) [PSYoungGen: 80192K->1360K(80896K)] 419464K->340640K(709120K), 0.0018452 secs] [Times: user=0.01 sys=0.00, real=0.01 secs] 
2817.282: [GC (Allocation Failure) [PSYoungGen: 80208K->1312K(80896K)] 419488K->340592K(709120K), 0.0018508 secs] [Times: user=0.01 sys=0.00, real=0.00 secs] 
2817.984: [GC (Allocation Failure) [PSYoungGen: 80160K->1376K(80896K)] 419440K->340656K(709120K), 0.0033726 secs] [Times: user=0.01 sys=0.00, real=0.01 secs] 
2818.634: [GC (Allocation Failure) [PSYoungGen: 80224K->1344K(80896K)] 419504K->340624K(709120K), 0.0025603 secs] [Times: user=0.01 sys=0.00, real=0.01 secs] 
2819.581: [GC (Allocation Failure) [PSYoungGen: 80192K->1408K(80896K)] 419472K->340688K(709120K), 0.0017282 secs] [Times: user=0.01 sys=0.00, real=0.00 secs] 
2819.944: [GC (Allocation Failure) [PSYoungGen: 80256K->1376K(80896K)] 419536K->340656K(709120K), 0.0015856 secs] [Times: user=0.01 sys=0.00, real=0.00 secs] 
2820.319: [GC (Allocation Failure) [PSYoungGen: 80224K->1376K(80384K)] 419504K->340656K(708608K), 0.0017593 secs] [Times: user=0.01 sys=0.00, real=0.00 secs] 
2820.989: [GC (Allocation Failure) [PSYoungGen: 80224K->1325K(80384K)] 419504K->340605K(708608K), 0.0014892 secs] [Times: user=0.01 sys=0.00, real=0.00 secs] 
2822.709: [GC (Allocation Failure) [PSYoungGen: 80173K->416K(79872K)] 419453K->340720K(708096K), 0.0067199 secs] [Times: user=0.03 sys=0.00, real=0.00 secs] 
2823.683: [GC (Allocation Failure) [PSYoungGen: 79264K->304K(80896K)] 419568K->340608K(709120K), 0.0022151 secs] [Times: user=0.01 sys=0.00, real=0.00 secs] 
2824.167: [GC (Allocation Failure) [PSYoungGen: 79152K->288K(80896K)] 419456K->340592K(709120K), 0.0019390 secs] [Times: user=0.01 sys=0.00, real=0.00 secs] 
2825.180: [GC (Allocation Failure) [PSYoungGen: 79136K->1376K(80896K)] 419440K->341688K(709120K), 0.0016757 secs] [Times: user=0.01 sys=0.00, real=0.00 secs] 
2825.742: [GC (Allocation Failure) [PSYoungGen: 80224K->1344K(80896K)] 420536K->341656K(709120K), 0.0017228 secs] [Times: user=0.01 sys=0.00, real=0.00 secs] 
2826.108: [GC (Allocation Failure) [PSYoungGen: 80192K->1312K(80896K)] 420504K->341624K(709120K), 0.0018692 secs] [Times: user=0.01 sys=0.00, real=0.00 secs] 
2826.875: [GC (Allocation Failure) [PSYoungGen: 80160K->1360K(80896K)] 420472K->341672K(709120K), 0.0017262 secs] [Times: user=0.01 sys=0.00, real=0.01 secs] 
2828.541: [GC (Allocation Failure) [PSYoungGen: 80208K->1408K(80896K)] 420520K->341720K(709120K), 0.0037263 secs] [Times: user=0.01 sys=0.00, real=0.00 secs] 
2829.881: [GC (Allocation Failure) [PSYoungGen: 80256K->1376K(80896K)] 420568K->341688K(709120K), 0.0033868 secs] [Times: user=0.01 sys=0.00, real=0.00 secs] 
2830.563: [GC (Allocation Failure) [PSYoungGen: 80224K->1344K(80896K)] 420536K->341656K(709120K), 0.0028907 secs] [Times: user=0.01 sys=0.00, real=0.00 secs] 
2831.211: [GC (Allocation Failure) [PSYoungGen: 80192K->1376K(80896K)] 420504K->341688K(709120K), 0.0030408 secs] [Times: user=0.01 sys=0.00, real=0.00 secs] 
2832.419: [GC (Allocation Failure) [PSYoungGen: 80224K->1440K(80896K)] 420536K->341752K(709120K), 0.0019290 secs] [Times: user=0.01 sys=0.00, real=0.00 secs] 
2833.017: [GC (Allocation Failure) [PSYoungGen: 80288K->1376K(80896K)] 420600K->341688K(709120K), 0.0021408 secs] [Times: user=0.01 sys=0.00, real=0.00 secs] 
2833.355: [GC (Allocation Failure) [PSYoungGen: 80224K->1408K(80896K)] 420536K->341720K(709120K), 0.0020476 secs] [Times: user=0.01 sys=0.00, real=0.01 secs] 
2833.967: [GC (Allocation Failure) [PSYoungGen: 80256K->1389K(80896K)] 420568K->341701K(709120K), 0.0014984 secs] [Times: user=0.01 sys=0.00, real=0.00 secs] 
2835.159: [GC (Allocation Failure) [PSYoungGen: 80237K->1408K(80896K)] 420549K->341720K(709120K), 0.0020357 secs] [Times: user=0.01 sys=0.00, real=0.00 secs] 
2836.149: [GC (Allocation Failure) [PSYoungGen: 80256K->1296K(80896K)] 420568K->341616K(709120K), 0.0023463 secs] [Times: user=0.01 sys=0.00, real=0.00 secs] 
2837.032: [GC (Allocation Failure) [PSYoungGen: 80144K->1376K(80896K)] 420464K->341696K(709120K), 0.0024541 secs] [Times: user=0.01 sys=0.00, real=0.00 secs] 
2838.556: [GC (Allocation Failure) [PSYoungGen: 80224K->1680K(80896K)] 420544K->342000K(709120K), 0.0020366 secs] [Times: user=0.01 sys=0.00, real=0.00 secs] 
2839.070: [GC (Allocation Failure) [PSYoungGen: 80528K->1344K(80896K)] 420848K->341664K(709120K), 0.0020448 secs] [Times: user=0.01 sys=0.00, real=0.00 secs] 
2839.483: [GC (Allocation Failure) [PSYoungGen: 80192K->1408K(80896K)] 420512K->341728K(709120K), 0.0022287 secs] [Times: user=0.01 sys=0.00, real=0.00 secs] 
2839.986: [GC (Allocation Failure) [PSYoungGen: 80256K->1312K(80896K)] 420576K->341632K(709120K), 0.0019879 secs] [Times: user=0.01 sys=0.00, real=0.01 secs] 
2841.400: [GC (Allocation Failure) [PSYoungGen: 80160K->1392K(80896K)] 420480K->341712K(709120K), 0.0023984 secs] [Times: user=0.01 sys=0.00, real=0.00 secs] 
2842.198: [GC (Allocation Failure) [PSYoungGen: 80240K->1360K(80896K)] 420560K->341680K(709120K), 0.0027897 secs] [Times: user=0.01 sys=0.00, real=0.00 secs] 
2843.049: [GC (Allocation Failure) [PSYoungGen: 80208K->1376K(80896K)] 420528K->341696K(709120K), 0.0034838 secs] [Times: user=0.01 sys=0.01, real=0.00 secs] 
2843.882: [GC (Allocation Failure) [PSYoungGen: 80224K->1376K(80896K)] 420544K->341696K(709120K), 0.0035131 secs] [Times: user=0.02 sys=0.00, real=0.00 secs] 
2845.203: [GC (Allocation Failure) [PSYoungGen: 80224K->1408K(80896K)] 420544K->341728K(709120K), 0.0020617 secs] [Times: user=0.01 sys=0.00, real=0.00 secs] 
2846.097: [GC (Allocation Failure) [PSYoungGen: 80256K->1376K(80896K)] 420576K->341696K(709120K), 0.0031381 secs] [Times: user=0.01 sys=0.00, real=0.00 secs] 
2847.015: [GC (Allocation Failure) [PSYoungGen: 80224K->1376K(80896K)] 420544K->341704K(709120K), 0.0034702 secs] [Times: user=0.01 sys=0.00, real=0.01 secs] 
2847.805: [GC (Allocation Failure) [PSYoungGen: 80224K->1376K(80896K)] 420552K->341704K(709120K), 0.0030945 secs] [Times: user=0.01 sys=0.00, real=0.01 secs] 
2849.238: [GC (Allocation Failure) [PSYoungGen: 80224K->1376K(80896K)] 420552K->341704K(709120K), 0.0021322 secs] [Times: user=0.01 sys=0.00, real=0.00 secs] 
2850.150: [GC (Allocation Failure) [PSYoungGen: 80224K->1344K(80384K)] 420552K->341672K(708608K), 0.0028043 secs] [Times: user=0.01 sys=0.01, real=0.00 secs] 
2850.911: [GC (Allocation Failure) [PSYoungGen: 80192K->1376K(80384K)] 420520K->341704K(708608K), 0.0023492 secs] [Times: user=0.01 sys=0.00, real=0.00 secs] 
2852.038: [GC (Allocation Failure) [PSYoungGen: 80224K->1357K(80384K)] 420552K->341685K(708608K), 0.0015576 secs] [Times: user=0.01 sys=0.00, real=0.00 secs] 
2853.549: [GC (Allocation Failure) [PSYoungGen: 80205K->1376K(80384K)] 420533K->341704K(708608K), 0.0040127 secs] [Times: user=0.02 sys=0.00, real=0.00 secs] 
2854.634: [GC (Allocation Failure) [PSYoungGen: 80224K->1344K(80384K)] 420552K->341672K(708608K), 0.0044893 secs] [Times: user=0.01 sys=0.01, real=0.01 secs] 
2855.548: [GC (Allocation Failure) [PSYoungGen: 80192K->1312K(80384K)] 420520K->341640K(708608K), 0.0030388 secs] [Times: user=0.01 sys=0.00, real=0.00 secs] 
2856.741: [GC (Allocation Failure) [PSYoungGen: 80160K->1392K(80384K)] 420488K->341720K(708608K), 0.0018044 secs] [Times: user=0.01 sys=0.00, real=0.00 secs] 
2857.069: [GC (Allocation Failure) [PSYoungGen: 80240K->1376K(80384K)] 420568K->341704K(708608K), 0.0017322 secs] [Times: user=0.01 sys=0.00, real=0.00 secs] 
2857.396: [GC (Allocation Failure) [PSYoungGen: 80224K->1344K(80384K)] 420552K->341672K(708608K), 0.0018522 secs] [Times: user=0.01 sys=0.00, real=0.00 secs] 
2857.724: [GC (Allocation Failure) [PSYoungGen: 80192K->1312K(80384K)] 420520K->341648K(708608K), 0.0018411 secs] [Times: user=0.00 sys=0.00, real=0.00 secs] 
2859.100: [GC (Allocation Failure) [PSYoungGen: 80160K->1360K(80384K)] 420496K->341696K(708608K), 0.0029312 secs] [Times: user=0.01 sys=0.00, real=0.00 secs] 
2859.670: [GC (Allocation Failure) [PSYoungGen: 80208K->1344K(80384K)] 420544K->341680K(708608K), 0.0019239 secs] [Times: user=0.01 sys=0.00, real=0.00 secs] 
2860.034: [GC (Allocation Failure) [PSYoungGen: 80192K->1344K(80384K)] 420528K->341680K(708608K), 0.0018834 secs] [Times: user=0.01 sys=0.00, real=0.01 secs] 
2860.634: [GC (Allocation Failure) [PSYoungGen: 80192K->1344K(80384K)] 420528K->341680K(708608K), 0.0017633 secs] [Times: user=0.00 sys=0.00, real=0.00 secs] 
2861.870: [GC (Allocation Failure) [PSYoungGen: 80192K->1408K(80384K)] 420528K->341744K(708608K), 0.0020514 secs] [Times: user=0.01 sys=0.00, real=0.00 secs] 
2862.935: [GC (Allocation Failure) [PSYoungGen: 80256K->1344K(80384K)] 420592K->341680K(708608K), 0.0021711 secs] [Times: user=0.00 sys=0.01, real=0.01 secs] 
2864.029: [GC (Allocation Failure) [PSYoungGen: 80192K->1376K(80384K)] 420528K->341712K(708608K), 0.0038549 secs] [Times: user=0.02 sys=0.00, real=0.00 secs] 
2865.178: [GC (Allocation Failure) [PSYoungGen: 80224K->1341K(80384K)] 420560K->341677K(708608K), 0.0022378 secs] [Times: user=0.01 sys=0.00, real=0.00 secs] 
2867.118: [GC (Allocation Failure) [PSYoungGen: 80189K->1408K(80384K)] 420525K->341752K(708608K), 0.0035827 secs] [Times: user=0.02 sys=0.00, real=0.00 secs] 
2868.157: [GC (Allocation Failure) [PSYoungGen: 80256K->1344K(80384K)] 420600K->341688K(708608K), 0.0029836 secs] [Times: user=0.01 sys=0.00, real=0.00 secs] 
2869.205: [GC (Allocation Failure) [PSYoungGen: 80192K->1344K(80384K)] 420536K->341688K(708608K), 0.0033787 secs] [Times: user=0.01 sys=0.00, real=0.01 secs] 
2870.763: [GC (Allocation Failure) [PSYoungGen: 80192K->1504K(80384K)] 420536K->341856K(708608K), 0.0019404 secs] [Times: user=0.01 sys=0.00, real=0.00 secs] 
2872.571: [GC (Allocation Failure) [PSYoungGen: 80352K->1376K(80384K)] 420704K->341728K(708608K), 0.0028700 secs] [Times: user=0.01 sys=0.00, real=0.00 secs] 
2873.253: [GC (Allocation Failure) [PSYoungGen: 80224K->1376K(80384K)] 420576K->341728K(708608K), 0.0026702 secs] [Times: user=0.01 sys=0.00, real=0.00 secs] 
2873.974: [GC (Allocation Failure) [PSYoungGen: 80224K->1376K(80384K)] 420576K->341728K(708608K), 0.0026754 secs] [Times: user=0.01 sys=0.00, real=0.01 secs] 
2875.685: [GC (Allocation Failure) [PSYoungGen: 80224K->1376K(80384K)] 420576K->341728K(708608K), 0.0025760 secs] [Times: user=0.01 sys=0.00, real=0.01 secs] 
2876.939: [GC (Allocation Failure) [PSYoungGen: 80224K->1376K(80384K)] 420576K->341728K(708608K), 0.0033392 secs] [Times: user=0.01 sys=0.00, real=0.00 secs] 
2877.851: [GC (Allocation Failure) [PSYoungGen: 80224K->1344K(80384K)] 420576K->341696K(708608K), 0.0033873 secs] [Times: user=0.01 sys=0.00, real=0.00 secs] 
2878.296: [GC (Allocation Failure) [PSYoungGen: 80192K->1376K(80384K)] 420544K->341728K(708608K), 0.0021192 secs] [Times: user=0.00 sys=0.01, real=0.00 secs] 
2879.136: [GC (Allocation Failure) [PSYoungGen: 80224K->1408K(80384K)] 420576K->341760K(708608K), 0.0017530 secs] [Times: user=0.01 sys=0.00, real=0.00 secs] 
2879.491: [GC (Allocation Failure) [PSYoungGen: 80256K->1376K(80384K)] 420608K->341728K(708608K), 0.0018483 secs] [Times: user=0.01 sys=0.00, real=0.00 secs] 
2879.818: [GC (Allocation Failure) [PSYoungGen: 80224K->1376K(80384K)] 420576K->341736K(708608K), 0.0017929 secs] [Times: user=0.01 sys=0.00, real=0.00 secs] 
2880.214: [GC (Allocation Failure) [PSYoungGen: 80224K->1376K(80384K)] 420584K->341736K(708608K), 0.0021085 secs] [Times: user=0.01 sys=0.00, real=0.00 secs] 
2881.395: [GC (Allocation Failure) [PSYoungGen: 80224K->1344K(80384K)] 420584K->341704K(708608K), 0.0021430 secs] [Times: user=0.01 sys=0.00, real=0.01 secs] 
2882.119: [GC (Allocation Failure) [PSYoungGen: 80192K->1376K(80384K)] 420552K->341736K(708608K), 0.0030028 secs] [Times: user=0.01 sys=0.00, real=0.00 secs] 
2882.756: [GC (Allocation Failure) [PSYoungGen: 80224K->1344K(80384K)] 420584K->341704K(708608K), 0.0023729 secs] [Times: user=0.01 sys=0.00, real=0.00 secs] 
2883.955: [GC (Allocation Failure) [PSYoungGen: 80192K->1389K(80384K)] 420552K->341749K(708608K), 0.0013941 secs] [Times: user=0.00 sys=0.00, real=0.01 secs] 
2885.335: [GC (Allocation Failure) [PSYoungGen: 80237K->1376K(80384K)] 420597K->341736K(708608K), 0.0034606 secs] [Times: user=0.01 sys=0.00, real=0.01 secs] 
2886.043: [GC (Allocation Failure) [PSYoungGen: 80224K->1344K(80384K)] 420584K->341704K(708608K), 0.0026879 secs] [Times: user=0.01 sys=0.00, real=0.01 secs] 
2886.850: [GC (Allocation Failure) [PSYoungGen: 80192K->1296K(80384K)] 420552K->341664K(708608K), 0.0026140 secs] [Times: user=0.01 sys=0.00, real=0.00 secs] 
2888.219: [GC (Allocation Failure) [PSYoungGen: 80144K->1376K(80384K)] 420512K->341744K(708608K), 0.0021580 secs] [Times: user=0.01 sys=0.00, real=0.00 secs] 
2889.015: [GC (Allocation Failure) [PSYoungGen: 80224K->1344K(80384K)] 420592K->341712K(708608K), 0.0029732 secs] [Times: user=0.01 sys=0.00, real=0.01 secs] 
2889.665: [GC (Allocation Failure) [PSYoungGen: 80192K->1312K(80384K)] 420560K->341680K(708608K), 0.0030861 secs] [Times: user=0.01 sys=0.00, real=0.01 secs] 
2890.292: [GC (Allocation Failure) [PSYoungGen: 80160K->1344K(80384K)] 420528K->341712K(708608K), 0.0026210 secs] [Times: user=0.01 sys=0.00, real=0.00 secs] 
2891.245: [GC (Allocation Failure) [PSYoungGen: 80192K->1440K(80384K)] 420560K->341808K(708608K), 0.0017030 secs] [Times: user=0.01 sys=0.00, real=0.01 secs] 
2891.869: [GC (Allocation Failure) [PSYoungGen: 80288K->1360K(80384K)] 420656K->341728K(708608K), 0.0017181 secs] [Times: user=0.01 sys=0.00, real=0.00 secs] 
2892.610: [GC (Allocation Failure) [PSYoungGen: 80208K->1344K(80384K)] 420576K->341712K(708608K), 0.0018961 secs] [Times: user=0.01 sys=0.00, real=0.00 secs] 
2893.484: [GC (Allocation Failure) [PSYoungGen: 80192K->1376K(80384K)] 420560K->341744K(708608K), 0.0026509 secs] [Times: user=0.00 sys=0.00, real=0.01 secs] 
2895.429: [GC (Allocation Failure) [PSYoungGen: 80224K->1440K(80384K)] 420592K->341808K(708608K), 0.0028065 secs] [Times: user=0.01 sys=0.00, real=0.00 secs] 
2896.147: [GC (Allocation Failure) [PSYoungGen: 80288K->1344K(80384K)] 420656K->341712K(708608K), 0.0035328 secs] [Times: user=0.01 sys=0.00, real=0.00 secs] 
2897.031: [GC (Allocation Failure) [PSYoungGen: 80192K->1344K(80384K)] 420560K->341712K(708608K), 0.0028093 secs] [Times: user=0.02 sys=0.00, real=0.00 secs] 
2897.785: [GC (Allocation Failure) [PSYoungGen: 80192K->1392K(80384K)] 420560K->341768K(708608K), 0.0025369 secs] [Times: user=0.01 sys=0.00, real=0.01 secs] 
2898.651: [GC (Allocation Failure) [PSYoungGen: 80240K->1376K(80384K)] 420616K->341760K(708608K), 0.0016590 secs] [Times: user=0.01 sys=0.00, real=0.00 secs] 
2898.994: [GC (Allocation Failure) [PSYoungGen: 80224K->1376K(80384K)] 420608K->341760K(708608K), 0.0017063 secs] [Times: user=0.01 sys=0.00, real=0.01 secs] 
2899.345: [GC (Allocation Failure) [PSYoungGen: 80224K->1344K(80384K)] 420608K->341728K(708608K), 0.0027951 secs] [Times: user=0.01 sys=0.00, real=0.01 secs] 
2900.171: [GC (Allocation Failure) [PSYoungGen: 80192K->1440K(80384K)] 420576K->341832K(708608K), 0.0014369 secs] [Times: user=0.01 sys=0.00, real=0.00 secs] 
2900.560: [GC (Allocation Failure) [PSYoungGen: 80288K->1312K(80384K)] 420680K->341704K(708608K), 0.0017846 secs] [Times: user=0.00 sys=0.00, real=0.00 secs] 
2900.959: [GC (Allocation Failure) [PSYoungGen: 80160K->1376K(80384K)] 420552K->341776K(708608K), 0.0025946 secs] [Times: user=0.01 sys=0.00, real=0.00 secs] 
2901.566: [GC (Allocation Failure) [PSYoungGen: 80224K->1344K(80384K)] 420624K->341744K(708608K), 0.0027026 secs] [Times: user=0.01 sys=0.00, real=0.00 secs] 
2902.678: [GC (Allocation Failure) [PSYoungGen: 80192K->1440K(80384K)] 420592K->341840K(708608K), 0.0017410 secs] [Times: user=0.01 sys=0.00, real=0.00 secs] 
2903.345: [GC (Allocation Failure) [PSYoungGen: 80288K->1344K(80384K)] 420688K->341744K(708608K), 0.0026237 secs] [Times: user=0.01 sys=0.00, real=0.01 secs] 
2903.755: [GC (Allocation Failure) [PSYoungGen: 80192K->1344K(80384K)] 420592K->341744K(708608K), 0.0024098 secs] [Times: user=0.01 sys=0.00, real=0.01 secs] 
2904.280: [GC (Allocation Failure) [PSYoungGen: 80192K->1376K(80384K)] 420592K->341784K(708608K), 0.0021485 secs] [Times: user=0.01 sys=0.00, real=0.00 secs] 
2906.102: [GC (Allocation Failure) [PSYoungGen: 80224K->1408K(80384K)] 420632K->341816K(708608K), 0.0031264 secs] [Times: user=0.01 sys=0.00, real=0.00 secs] 
2907.057: [GC (Allocation Failure) [PSYoungGen: 80256K->1344K(80384K)] 420664K->341752K(708608K), 0.0038526 secs] [Times: user=0.02 sys=0.01, real=0.00 secs] 
2907.802: [GC (Allocation Failure) [PSYoungGen: 80192K->1344K(80384K)] 420600K->341752K(708608K), 0.0030955 secs] [Times: user=0.01 sys=0.01, real=0.00 secs] 
2908.814: [GC (Allocation Failure) [PSYoungGen: 80192K->1344K(80384K)] 420600K->341752K(708608K), 0.0022370 secs] [Times: user=0.01 sys=0.00, real=0.01 secs] 
2909.948: [GC (Allocation Failure) [PSYoungGen: 80192K->1408K(80384K)] 420600K->341816K(708608K), 0.0018533 secs] [Times: user=0.00 sys=0.00, real=0.00 secs] 
2911.043: [GC (Allocation Failure) [PSYoungGen: 80256K->1376K(80384K)] 420664K->341784K(708608K), 0.0029721 secs] [Times: user=0.01 sys=0.00, real=0.01 secs] 
2911.769: [GC (Allocation Failure) [PSYoungGen: 80224K->1376K(80384K)] 420632K->341784K(708608K), 0.0028588 secs] [Times: user=0.01 sys=0.00, real=0.00 secs] 
2912.780: [GC (Allocation Failure) [PSYoungGen: 80224K->1357K(80384K)] 420632K->341765K(708608K), 0.0014745 secs] [Times: user=0.00 sys=0.00, real=0.00 secs] 
2913.300: [GC (Allocation Failure) [PSYoungGen: 80205K->1408K(80384K)] 420613K->341816K(708608K), 0.0017514 secs] [Times: user=0.01 sys=0.00, real=0.00 secs] 
2913.726: [GC (Allocation Failure) [PSYoungGen: 80256K->1376K(80384K)] 420664K->341784K(708608K), 0.0018245 secs] [Times: user=0.01 sys=0.00, real=0.01 secs] 
2914.317: [GC (Allocation Failure) [PSYoungGen: 80224K->1408K(80384K)] 420632K->341816K(708608K), 0.0018880 secs] [Times: user=0.01 sys=0.00, real=0.00 secs] 
2915.434: [GC (Allocation Failure) [PSYoungGen: 80256K->1408K(80384K)] 420664K->341816K(708608K), 0.0018468 secs] [Times: user=0.00 sys=0.00, real=0.01 secs] 
2916.197: [GC (Allocation Failure) [PSYoungGen: 80256K->1344K(80384K)] 420664K->341760K(708608K), 0.0019695 secs] [Times: user=0.00 sys=0.00, real=0.00 secs] 
2916.802: [GC (Allocation Failure) [PSYoungGen: 80192K->1344K(80384K)] 420608K->341760K(708608K), 0.0019429 secs] [Times: user=0.01 sys=0.00, real=0.00 secs] 
2917.469: [GC (Allocation Failure) [PSYoungGen: 80192K->1344K(80384K)] 420608K->341760K(708608K), 0.0021079 secs] [Times: user=0.01 sys=0.00, real=0.00 secs] 
2918.493: [GC (Allocation Failure) [PSYoungGen: 80192K->1392K(80384K)] 420608K->341808K(708608K), 0.0020844 secs] [Times: user=0.01 sys=0.00, real=0.00 secs] 
2919.435: [GC (Allocation Failure) [PSYoungGen: 80240K->1376K(80384K)] 420656K->341792K(708608K), 0.0027039 secs] [Times: user=0.01 sys=0.00, real=0.01 secs] 
2920.390: [GC (Allocation Failure) [PSYoungGen: 80224K->1360K(80384K)] 420640K->341776K(708608K), 0.0027349 secs] [Times: user=0.01 sys=0.00, real=0.00 secs] 
2921.401: [GC (Allocation Failure) [PSYoungGen: 80208K->1376K(80384K)] 420624K->341792K(708608K), 0.0029217 secs] [Times: user=0.01 sys=0.00, real=0.00 secs] 
2922.678: [GC (Allocation Failure) [PSYoungGen: 80224K->1440K(80384K)] 420640K->341856K(708608K), 0.0022357 secs] [Times: user=0.01 sys=0.00, real=0.00 secs] 
2923.365: [GC (Allocation Failure) [PSYoungGen: 80288K->1408K(80384K)] 420704K->341824K(708608K), 0.0023107 secs] [Times: user=0.00 sys=0.00, real=0.01 secs] 
2924.230: [GC (Allocation Failure) [PSYoungGen: 80256K->1344K(80384K)] 420672K->341760K(708608K), 0.0022389 secs] [Times: user=0.01 sys=0.00, real=0.00 secs] 
2924.969: [GC (Allocation Failure) [PSYoungGen: 80192K->1376K(80384K)] 420608K->341792K(708608K), 0.0021974 secs] [Times: user=0.01 sys=0.00, real=0.00 secs] 
2926.338: [GC (Allocation Failure) [PSYoungGen: 80224K->1376K(80384K)] 420640K->341800K(708608K), 0.0030548 secs] [Times: user=0.02 sys=0.00, real=0.00 secs] 
2926.992: [GC (Allocation Failure) [PSYoungGen: 80224K->1312K(80384K)] 420648K->341736K(708608K), 0.0020988 secs] [Times: user=0.00 sys=0.00, real=0.00 secs] 
2927.649: [GC (Allocation Failure) [PSYoungGen: 80160K->1376K(80384K)] 420584K->341800K(708608K), 0.0024350 secs] [Times: user=0.01 sys=0.00, real=0.00 secs] 
2928.549: [GC (Allocation Failure) [PSYoungGen: 80224K->1325K(80384K)] 420648K->341749K(708608K), 0.0014587 secs] [Times: user=0.00 sys=0.00, real=0.00 secs] 
2929.543: [GC (Allocation Failure) [PSYoungGen: 80173K->1408K(80384K)] 420597K->341832K(708608K), 0.0022986 secs] [Times: user=0.01 sys=0.00, real=0.00 secs] 
2930.016: [GC (Allocation Failure) [PSYoungGen: 80256K->1360K(80384K)] 420680K->341784K(708608K), 0.0019531 secs] [Times: user=0.01 sys=0.00, real=0.00 secs] 
2930.466: [GC (Allocation Failure) [PSYoungGen: 80208K->1376K(80384K)] 420632K->341800K(708608K), 0.0020601 secs] [Times: user=0.00 sys=0.00, real=0.00 secs] 
2931.542: [GC (Allocation Failure) [PSYoungGen: 80224K->1376K(80384K)] 420648K->341800K(708608K), 0.0018639 secs] [Times: user=0.00 sys=0.00, real=0.00 secs] 
2932.281: [GC (Allocation Failure) [PSYoungGen: 80224K->1344K(80384K)] 420648K->341768K(708608K), 0.0026790 secs] [Times: user=0.01 sys=0.00, real=0.00 secs] 
2932.976: [GC (Allocation Failure) [PSYoungGen: 80192K->1344K(80384K)] 420616K->341768K(708608K), 0.0022269 secs] [Times: user=0.00 sys=0.00, real=0.00 secs] 
2933.794: [GC (Allocation Failure) [PSYoungGen: 80192K->1344K(80384K)] 420616K->341768K(708608K), 0.0026991 secs] [Times: user=0.01 sys=0.00, real=0.01 secs] 
2935.100: [GC (Allocation Failure) [PSYoungGen: 80192K->1376K(80384K)] 420616K->341800K(708608K), 0.0017067 secs] [Times: user=0.01 sys=0.00, real=0.00 secs] 
2936.313: [GC (Allocation Failure) [PSYoungGen: 80224K->1344K(80384K)] 420648K->341776K(708608K), 0.0019032 secs] [Times: user=0.00 sys=0.00, real=0.00 secs] 
2937.169: [GC (Allocation Failure) [PSYoungGen: 80192K->1344K(80384K)] 420624K->341776K(708608K), 0.0025213 secs] [Times: user=0.02 sys=0.00, real=0.00 secs] 
2938.272: [GC (Allocation Failure) [PSYoungGen: 80192K->1376K(80384K)] 420624K->341808K(708608K), 0.0028408 secs] [Times: user=0.01 sys=0.01, real=0.00 secs] 
2939.257: [GC (Allocation Failure) [PSYoungGen: 80224K->1408K(80384K)] 420656K->341840K(708608K), 0.0017923 secs] [Times: user=0.01 sys=0.00, real=0.00 secs] 
2939.670: [GC (Allocation Failure) [PSYoungGen: 80256K->1344K(80384K)] 420688K->341776K(708608K), 0.0018701 secs] [Times: user=0.01 sys=0.00, real=0.00 secs] 
2940.312: [GC (Allocation Failure) [PSYoungGen: 80192K->1360K(80384K)] 420624K->341792K(708608K), 0.0019893 secs] [Times: user=0.00 sys=0.00, real=0.00 secs] 
2941.178: [GC (Allocation Failure) [PSYoungGen: 80208K->1357K(80384K)] 420640K->341789K(708608K), 0.0016042 secs] [Times: user=0.00 sys=0.00, real=0.00 secs] 
2942.766: [GC (Allocation Failure) [PSYoungGen: 80205K->1408K(80384K)] 420637K->341840K(708608K), 0.0027775 secs] [Times: user=0.01 sys=0.00, real=0.00 secs] 
2943.605: [GC (Allocation Failure) [PSYoungGen: 80256K->1344K(80384K)] 420688K->341776K(708608K), 0.0028771 secs] [Times: user=0.01 sys=0.00, real=0.01 secs] 
2944.577: [GC (Allocation Failure) [PSYoungGen: 80192K->1344K(80384K)] 420624K->341776K(708608K), 0.0026638 secs] [Times: user=0.01 sys=0.00, real=0.00 secs] 
2945.833: [GC (Allocation Failure) [PSYoungGen: 80192K->1440K(80384K)] 420624K->342896K(708608K), 0.0017419 secs] [Times: user=0.00 sys=0.00, real=0.00 secs] 
2946.265: [GC (Allocation Failure) [PSYoungGen: 80288K->1344K(80384K)] 421744K->342800K(708608K), 0.0017987 secs] [Times: user=0.01 sys=0.00, real=0.01 secs] 
2946.613: [GC (Allocation Failure) [PSYoungGen: 80192K->1376K(80384K)] 421648K->342832K(708608K), 0.0016860 secs] [Times: user=0.01 sys=0.00, real=0.00 secs] 
2947.080: [GC (Allocation Failure) [PSYoungGen: 80224K->1360K(80384K)] 421680K->342824K(708608K), 0.0020965 secs] [Times: user=0.01 sys=0.00, real=0.00 secs] 
2948.027: [GC (Allocation Failure) [PSYoungGen: 80208K->1376K(80384K)] 421672K->342840K(708608K), 0.0017434 secs] [Times: user=0.01 sys=0.00, real=0.00 secs] 
2949.121: [GC (Allocation Failure) [PSYoungGen: 80224K->1344K(80384K)] 421688K->342808K(708608K), 0.0028026 secs] [Times: user=0.01 sys=0.01, real=0.00 secs] 
2950.462: [GC (Allocation Failure) [PSYoungGen: 80192K->1344K(80384K)] 421656K->342808K(708608K), 0.0032640 secs] [Times: user=0.01 sys=0.00, real=0.00 secs] 
2951.278: [GC (Allocation Failure) [PSYoungGen: 80192K->1376K(80384K)] 421656K->342840K(708608K), 0.0047418 secs] [Times: user=0.02 sys=0.00, real=0.00 secs] 
2954.252: [GC (Allocation Failure) [PSYoungGen: 80224K->1504K(80384K)] 421688K->343389K(708608K), 0.0033392 secs] [Times: user=0.02 sys=0.00, real=0.00 secs] 
2957.589: [GC (Allocation Failure) [PSYoungGen: 80352K->2016K(78336K)] 422237K->351418K(706560K), 0.0046605 secs] [Times: user=0.03 sys=0.00, real=0.00 secs] 
2964.154: [GC (Allocation Failure) [PSYoungGen: 78304K->4576K(80896K)] 427706K->382018K(709120K), 0.0398953 secs] [Times: user=0.23 sys=0.00, real=0.04 secs] 
2966.836: [GC (Allocation Failure) [PSYoungGen: 80864K->15840K(79360K)] 458306K->419642K(707584K), 0.0627478 secs] [Times: user=0.32 sys=0.05, real=0.07 secs] 
2970.606: [GC (Allocation Failure) [PSYoungGen: 79328K->28640K(92160K)] 483130K->448858K(720384K), 0.0298957 secs] [Times: user=0.17 sys=0.01, real=0.03 secs] 
2971.980: [GC (GCLocker Initiated GC) [PSYoungGen: 92128K->39904K(95232K)] 512347K->479427K(723456K), 0.0601563 secs] [Times: user=0.30 sys=0.05, real=0.06 secs] 
2972.168: [GC (Allocation Failure) [PSYoungGen: 95200K->54240K(109568K)] 534758K->514782K(737792K), 0.0321782 secs] [Times: user=0.18 sys=0.00, real=0.03 secs] 
2980.992: [GC (Allocation Failure) [PSYoungGen: 109536K->67360K(125952K)] 570078K->527902K(754176K), 0.0244857 secs] [Times: user=0.12 sys=0.01, real=0.03 secs] 
2981.068: [GC (Allocation Failure) [PSYoungGen: 121120K->83936K(137728K)] 581662K->569536K(765952K), 0.0314407 secs] [Times: user=0.18 sys=0.00, real=0.03 secs] 
2981.154: [GC (Allocation Failure) [PSYoungGen: 137696K->92960K(158720K)] 623296K->579480K(786944K), 0.0436607 secs] [Times: user=0.11 sys=0.09, real=0.05 secs] 
2982.142: [GC (Allocation Failure) [PSYoungGen: 143136K->103325K(172544K)] 629656K->589878K(800768K), 0.0345197 secs] [Times: user=0.20 sys=0.00, real=0.04 secs] 
2982.272: [GC (Allocation Failure) [PSYoungGen: 153501K->70624K(197120K)] 640054K->590272K(825344K), 0.0389977 secs] [Times: user=0.22 sys=0.01, real=0.04 secs] 
2983.274: [GC (Allocation Failure) [PSYoungGen: 131040K->25184K(197120K)] 650688K->604776K(825344K), 0.0658629 secs] [Times: user=0.39 sys=0.00, real=0.07 secs] 
2983.340: [Full GC (Ergonomics) [PSYoungGen: 25184K->0K(197120K)] [ParOldGen: 579592K->30133K(624128K)] 604776K->30133K(821248K), [Metaspace: 60062K->59978K(1105920K)], 0.0938226 secs] [Times: user=0.32 sys=0.00, real=0.09 secs] 
2983.693: [GC (Allocation Failure) [PSYoungGen: 60416K->28640K(194048K)] 90549K->58773K(818176K), 0.0114570 secs] [Times: user=0.06 sys=0.00, real=0.01 secs] 
2983.825: [GC (Allocation Failure) [PSYoungGen: 100832K->39392K(199168K)] 130965K->95926K(823296K), 0.0265585 secs] [Times: user=0.16 sys=0.00, real=0.03 secs] 
2983.928: [GC (Allocation Failure) [PSYoungGen: 111584K->38624K(194048K)] 168118K->126277K(818176K), 0.0195420 secs] [Times: user=0.11 sys=0.00, real=0.02 secs] 
2984.023: [GC (Allocation Failure) [PSYoungGen: 125152K->42944K(200192K)] 212805K->169021K(824320K), 0.0259390 secs] [Times: user=0.16 sys=0.00, real=0.03 secs] 
2984.220: [GC (Allocation Failure) [PSYoungGen: 129472K->49920K(202240K)] 255549K->218918K(826368K), 0.0488073 secs] [Times: user=0.29 sys=0.00, real=0.05 secs] 
2985.405: [GC (Allocation Failure) [PSYoungGen: 152748K->47392K(206336K)] 321746K->299078K(830464K), 0.0418347 secs] [Times: user=0.25 sys=0.00, real=0.05 secs] 
2986.282: [GC (Allocation Failure) [PSYoungGen: 150816K->4832K(220160K)] 402502K->303066K(844288K), 0.0713687 secs] [Times: user=0.43 sys=0.01, real=0.07 secs] 
2986.494: [GC (Allocation Failure) [PSYoungGen: 127200K->52256K(221696K)] 425434K->354590K(845824K), 0.0128021 secs] [Times: user=0.07 sys=0.00, real=0.02 secs] 
2986.627: [GC (Allocation Failure) [PSYoungGen: 174624K->63200K(241152K)] 476958K->412739K(865280K), 0.0318681 secs] [Times: user=0.18 sys=0.01, real=0.03 secs] 
2986.773: [GC (Allocation Failure) [PSYoungGen: 206290K->70240K(243712K)] 555829K->482371K(867840K), 0.0393255 secs] [Times: user=0.23 sys=0.00, real=0.04 secs] 
2987.987: [GC (Allocation Failure) [PSYoungGen: 213600K->65504K(273408K)] 625731K->547691K(897536K), 0.0521811 secs] [Times: user=0.30 sys=0.01, real=0.05 secs] 
2988.296: [GC (Allocation Failure) [PSYoungGen: 234976K->40128K(274944K)] 717163K->587499K(899072K), 0.0352607 secs] [Times: user=0.20 sys=0.00, real=0.03 secs] 
2988.332: [Full GC (Ergonomics) [PSYoungGen: 40128K->0K(274944K)] [ParOldGen: 547371K->55735K(716800K)] 587499K->55735K(991744K), [Metaspace: 59987K->59987K(1105920K)], 0.1092441 secs] [Times: user=0.46 sys=0.00, real=0.11 secs] 
2988.624: [GC (Allocation Failure) [PSYoungGen: 169472K->81248K(296960K)] 225207K->136983K(1013760K), 0.0320115 secs] [Times: user=0.12 sys=0.06, real=0.04 secs] 
2990.297: [GC (Allocation Failure) [PSYoungGen: 276832K->98016K(303616K)] 332567K->226719K(1020416K), 0.0879580 secs] [Times: user=0.52 sys=0.00, real=0.08 secs] 
2991.846: [GC (Allocation Failure) [PSYoungGen: 293600K->44576K(342016K)] 422303K->270919K(1058816K), 0.1026841 secs] [Times: user=0.55 sys=0.03, real=0.10 secs] 
2992.316: [GC (Allocation Failure) [PSYoungGen: 276000K->105632K(346624K)] 502343K->375460K(1063424K), 0.0353299 secs] [Times: user=0.20 sys=0.00, real=0.04 secs] 
2992.528: [GC (Allocation Failure) [PSYoungGen: 337056K->127968K(343552K)] 606884K->504440K(1060352K), 0.0744636 secs] [Times: user=0.32 sys=0.13, real=0.07 secs] 
2994.500: [GC (Allocation Failure) [PSYoungGen: 343520K->47200K(401408K)] 719992K->535432K(1118208K), 0.1249989 secs] [Times: user=0.74 sys=0.00, real=0.12 secs] 
2995.030: [GC (Allocation Failure) [PSYoungGen: 262752K->105632K(435200K)] 750984K->637469K(1152000K), 0.0361010 secs] [Times: user=0.20 sys=0.02, real=0.04 secs] 
2996.708: [GC (Allocation Failure) [PSYoungGen: 360608K->106944K(436224K)] 892445K->736189K(1153024K), 0.0583195 secs] [Times: user=0.34 sys=0.02, real=0.06 secs] 
2996.767: [Full GC (Ergonomics) [PSYoungGen: 106944K->0K(436224K)] [ParOldGen: 629245K->252741K(991232K)] 736189K->252741K(1427456K), [Metaspace: 59997K->59997K(1105920K)], 0.5344921 secs] [Times: user=2.33 sys=0.00, real=0.53 secs] 
3000.552: [GC (Allocation Failure) [PSYoungGen: 254976K->89280K(455168K)] 507717K->342021K(1446400K), 0.0340229 secs] [Times: user=0.14 sys=0.05, real=0.03 secs] 
3000.884: [GC (Allocation Failure) [PSYoungGen: 383168K->145600K(468992K)] 635909K->481326K(1460224K), 0.0551533 secs] [Times: user=0.33 sys=0.00, real=0.06 secs] 
3003.717: [GC (Allocation Failure) [PSYoungGen: 439488K->85280K(514048K)] 775214K->566430K(1505280K), 0.1026739 secs] [Times: user=0.52 sys=0.01, real=0.10 secs] 
3004.075: [GC (Allocation Failure) [PSYoungGen: 415008K->179680K(509440K)] 896158K->758323K(1500672K), 0.0603603 secs] [Times: user=0.36 sys=0.00, real=0.06 secs] 
3009.379: [GC (Allocation Failure) [PSYoungGen: 508494K->98304K(430592K)] 1087137K->824107K(1421824K), 0.0995013 secs] [Times: user=0.50 sys=0.09, real=0.10 secs] 
3009.714: [GC (Allocation Failure) [PSYoungGen: 339456K->121408K(470016K)] 1065259K->939376K(1461248K), 0.0601956 secs] [Times: user=0.32 sys=0.04, real=0.06 secs] 
3009.774: [Full GC (Ergonomics) [PSYoungGen: 121408K->0K(470016K)] [ParOldGen: 817968K->224473K(1036800K)] 939376K->224473K(1506816K), [Metaspace: 60007K->60007K(1105920K)], 0.5105352 secs] [Times: user=2.35 sys=0.00, real=0.51 secs] 
3011.854: [GC (Allocation Failure) [PSYoungGen: 241152K->63520K(455168K)] 465625K->287993K(1491968K), 0.1263398 secs] [Times: user=0.75 sys=0.00, real=0.13 secs] 
3012.495: [GC (Allocation Failure) [PSYoungGen: 311328K->118144K(465920K)] 535801K->402650K(1502720K), 0.0385830 secs] [Times: user=0.22 sys=0.01, real=0.04 secs] 
3016.462: [GC (Allocation Failure) [PSYoungGen: 365952K->99456K(455168K)] 650458K->492978K(1491968K), 0.0578751 secs] [Times: user=0.35 sys=0.00, real=0.06 secs] 
3018.498: [GC (Allocation Failure) [PSYoungGen: 367744K->100032K(470528K)] 761266K->593154K(1507328K), 0.0576643 secs] [Times: user=0.34 sys=0.00, real=0.05 secs] 
3018.764: [GC (Allocation Failure) [PSYoungGen: 368320K->139936K(494080K)] 861442K->723063K(1530880K), 0.0612814 secs] [Times: user=0.33 sys=0.04, real=0.06 secs] 
3020.605: [GC (Allocation Failure) [PSYoungGen: 440992K->88384K(498688K)] 1024119K->811575K(1535488K), 0.0730296 secs] [Times: user=0.43 sys=0.00, real=0.08 secs] 
3020.966: [GC (Allocation Failure) [PSYoungGen: 389440K->151104K(490496K)] 1112631K->956411K(1527296K), 0.0575262 secs] [Times: user=0.33 sys=0.01, real=0.06 secs] 
3024.758: [GC (Allocation Failure) [PSYoungGen: 449600K->89632K(498688K)] 1254907K->1046175K(1535488K), 0.1115869 secs] [Times: user=0.54 sys=0.12, real=0.11 secs] 
3024.870: [Full GC (Ergonomics) [PSYoungGen: 89632K->0K(498688K)] [ParOldGen: 956543K->90095K(943616K)] 1046175K->90095K(1442304K), [Metaspace: 60020K->60020K(1105920K)], 0.2021560 secs] [Times: user=0.91 sys=0.00, real=0.20 secs] 
3025.310: [GC (Allocation Failure) [PSYoungGen: 298496K->149600K(489984K)] 388591K->239695K(1433600K), 0.0328334 secs] [Times: user=0.19 sys=0.00, real=0.03 secs] 
3027.054: [GC (Allocation Failure) [PSYoungGen: 445024K->86048K(497152K)] 535119K->325759K(1440768K), 0.1022669 secs] [Times: user=0.61 sys=0.00, real=0.11 secs] 
3027.974: [GC (Allocation Failure) [PSYoungGen: 381472K->144288K(493568K)] 621183K->463843K(1437184K), 0.1384888 secs] [Times: user=0.82 sys=0.00, real=0.14 secs] 
3029.869: [GC (Allocation Failure) [PSYoungGen: 440736K->90848K(387584K)] 760291K->554776K(1331200K), 0.0912903 secs] [Times: user=0.54 sys=0.00, real=0.09 secs] 
3031.353: [GC (Allocation Failure) [PSYoungGen: 387296K->144128K(492544K)] 851224K->694025K(1436160K), 0.0764401 secs] [Times: user=0.45 sys=0.00, real=0.08 secs] 
3035.137: [GC (Allocation Failure) [PSYoungGen: 440576K->83328K(496640K)] 990473K->777465K(1440256K), 0.1486838 secs] [Times: user=0.88 sys=0.00, real=0.14 secs] 
3035.596: [GC (Allocation Failure) [PSYoungGen: 379776K->145792K(494080K)] 1073913K->919710K(1437696K), 0.0482856 secs] [Times: user=0.29 sys=0.00, real=0.04 secs] 
3035.645: [Full GC (Ergonomics) [PSYoungGen: 145792K->0K(494080K)] [ParOldGen: 773918K->198389K(1100288K)] 919710K->198389K(1594368K), [Metaspace: 60031K->60031K(1105920K)], 0.4576136 secs] [Times: user=2.11 sys=0.01, real=0.46 secs] 
3038.839: [GC (Allocation Failure) [PSYoungGen: 297472K->96640K(394240K)] 495861K->295029K(1494528K), 0.0857959 secs] [Times: user=0.51 sys=0.00, real=0.08 secs] 
3039.249: [GC (Allocation Failure) [PSYoungGen: 394112K->143648K(494080K)] 592501K->434906K(1594368K), 0.0476341 secs] [Times: user=0.28 sys=0.00, real=0.05 secs] 
3042.162: [GC (Allocation Failure) [PSYoungGen: 442144K->100096K(497152K)] 733402K->525914K(1597440K), 0.1512548 secs] [Times: user=0.90 sys=0.00, real=0.15 secs] 
3043.285: [GC (Allocation Failure) [PSYoungGen: 398592K->142592K(495104K)] 824410K->665265K(1595392K), 0.0498671 secs] [Times: user=0.29 sys=0.00, real=0.05 secs] 
3044.799: [GC (Allocation Failure) [PSYoungGen: 444672K->101280K(497664K)] 967345K->757801K(1597952K), 0.1079483 secs] [Times: user=0.65 sys=0.00, real=0.11 secs] 
3046.039: [GC (Allocation Failure) [PSYoungGen: 403360K->145440K(497152K)] 1059881K->901667K(1597440K), 0.0777914 secs] [Times: user=0.46 sys=0.00, real=0.08 secs] 
3048.999: [GC (Allocation Failure) [PSYoungGen: 452128K->103296K(500736K)] 1208355K->996891K(1601024K), 0.1184017 secs] [Times: user=0.70 sys=0.01, real=0.12 secs] 
3050.639: [GC (Allocation Failure) [PSYoungGen: 409984K->145664K(499712K)] 1303579K->1139272K(1600000K), 0.0616379 secs] [Times: user=0.31 sys=0.06, real=0.06 secs] 
3050.701: [Full GC (Ergonomics) [PSYoungGen: 145664K->0K(499712K)] [ParOldGen: 993608K->175392K(1115136K)] 1139272K->175392K(1614848K), [Metaspace: 60057K->60057K(1105920K)], 0.4112560 secs] [Times: user=1.91 sys=0.00, real=0.41 secs] 
3052.908: [GC (Allocation Failure) [PSYoungGen: 310784K->102880K(503296K)] 486176K->278272K(1618432K), 0.1074930 secs] [Times: user=0.64 sys=0.00, real=0.11 secs] 
3053.879: [GC (Allocation Failure) [PSYoungGen: 413664K->147616K(502272K)] 589056K->423309K(1617408K), 0.0529125 secs] [Times: user=0.31 sys=0.01, real=0.05 secs] 
3056.602: [GC (Allocation Failure) [PSYoungGen: 461472K->106560K(505856K)] 737165K->521065K(1620992K), 0.1619803 secs] [Times: user=0.97 sys=0.00, real=0.16 secs] 
3057.935: [GC (Allocation Failure) [PSYoungGen: 420416K->148032K(501760K)] 834921K->666290K(1616896K), 0.0525088 secs] [Times: user=0.31 sys=0.01, real=0.06 secs] 
3059.279: [GC (Allocation Failure) [PSYoungGen: 462400K->108000K(505856K)] 980658K->765842K(1620992K), 0.0746039 secs] [Times: user=0.45 sys=0.00, real=0.07 secs] 
3060.534: [GC (Allocation Failure) [PSYoungGen: 422368K->149184K(502784K)] 1080210K->912843K(1617920K), 0.0801920 secs] [Times: user=0.47 sys=0.01, real=0.08 secs] 
3063.332: [GC (Allocation Failure) [PSYoungGen: 465088K->105504K(506880K)] 1228747K->1010203K(1622016K), 0.1080568 secs] [Times: user=0.64 sys=0.00, real=0.11 secs] 
3063.880: [GC (Allocation Failure) [PSYoungGen: 421408K->153280K(501248K)] 1326107K->1159419K(1616384K), 0.0560019 secs] [Times: user=0.30 sys=0.02, real=0.06 secs] 
3063.936: [Full GC (Ergonomics) [PSYoungGen: 153280K->0K(501248K)] [ParOldGen: 1006139K->194857K(1184768K)] 1159419K->194857K(1686016K), [Metaspace: 60073K->60073K(1105920K)], 0.4541706 secs] [Times: user=2.12 sys=0.00, real=0.45 secs] 
3066.199: [GC (Allocation Failure) [PSYoungGen: 313856K->102848K(506368K)] 508713K->297705K(1691136K), 0.0944483 secs] [Times: user=0.56 sys=0.00, real=0.09 secs] 
3066.801: [GC (Allocation Failure) [PSYoungGen: 412056K->151040K(502272K)] 606913K->445114K(1687040K), 0.0501595 secs] [Times: user=0.30 sys=0.00, real=0.05 secs] 
3071.124: [GC (Allocation Failure) [PSYoungGen: 463872K->100192K(505856K)] 757946K->537038K(1690624K), 0.1633628 secs] [Times: user=0.97 sys=0.00, real=0.17 secs] 
3072.136: [GC (Allocation Failure) [PSYoungGen: 406479K->150752K(501760K)] 843325K->684339K(1686528K), 0.0492298 secs] [Times: user=0.30 sys=0.00, real=0.04 secs] 
3073.667: [GC (Allocation Failure) [PSYoungGen: 461536K->104736K(504832K)] 995123K->781003K(1689600K), 0.1509395 secs] [Times: user=0.90 sys=0.00, real=0.15 secs] 
3074.116: [GC (Allocation Failure) [PSYoungGen: 415402K->147072K(502784K)] 1091669K->924224K(1687552K), 0.0499765 secs] [Times: user=0.30 sys=0.00, real=0.05 secs] 
3076.743: [GC (Allocation Failure) [PSYoungGen: 458880K->105600K(504832K)] 1236032K->1020832K(1689600K), 0.1613279 secs] [Times: user=0.95 sys=0.01, real=0.16 secs] 
3077.222: [GC (Allocation Failure) [PSYoungGen: 402843K->144960K(503808K)] 1318075K->1161909K(1688576K), 0.0528949 secs] [Times: user=0.30 sys=0.02, real=0.05 secs] 
3077.275: [Full GC (Ergonomics) [PSYoungGen: 144960K->0K(503808K)] [ParOldGen: 1016949K->197616K(1226240K)] 1161909K->197616K(1730048K), [Metaspace: 60078K->60078K(1105920K)], 0.4682506 secs] [Times: user=2.18 sys=0.00, real=0.47 secs] 
3079.921: [GC (Allocation Failure) [PSYoungGen: 313856K->102368K(504832K)] 511472K->299984K(1731072K), 0.0939839 secs] [Times: user=0.56 sys=0.00, real=0.09 secs] 
3080.337: [GC (Allocation Failure) [PSYoungGen: 404173K->148512K(503296K)] 601789K->444933K(1729536K), 0.0493934 secs] [Times: user=0.29 sys=0.00, real=0.05 secs] 
3082.097: [GC (Allocation Failure) [PSYoungGen: 463392K->103584K(506368K)] 759813K->540449K(1732608K), 0.1657714 secs] [Times: user=0.98 sys=0.00, real=0.16 secs] 
3082.543: [GC (Allocation Failure) [PSYoungGen: 407868K->147232K(504832K)] 844733K->684362K(1731072K), 0.0497101 secs] [Times: user=0.29 sys=0.00, real=0.05 secs] 
3085.200: [GC (Allocation Failure) [PSYoungGen: 463648K->107360K(423936K)] 1000778K->783018K(1650176K), 0.1649803 secs] [Times: user=0.98 sys=0.01, real=0.16 secs] 
3085.645: [GC (Allocation Failure) [PSYoungGen: 408240K->143392K(505856K)] 1083898K->922627K(1732096K), 0.0512468 secs] [Times: user=0.29 sys=0.00, real=0.06 secs] 
3087.492: [GC (Allocation Failure) [PSYoungGen: 461856K->107264K(506880K)] 1241091K->1021187K(1733120K), 0.1569651 secs] [Times: user=0.94 sys=0.00, real=0.16 secs] 
3088.126: [GC (Allocation Failure) [PSYoungGen: 425728K->153792K(503808K)] 1339651K->1171744K(1730048K), 0.0810490 secs] [Times: user=0.48 sys=0.00, real=0.08 secs] 
3091.268: [GC (Allocation Failure) [PSYoungGen: 472256K->98112K(508416K)] 1490208K->1269616K(1734656K), 0.1628569 secs] [Times: user=0.63 sys=0.29, real=0.16 secs] 
3091.431: [Full GC (Ergonomics) [PSYoungGen: 98112K->0K(508416K)] [ParOldGen: 1171504K->68339K(1139712K)] 1269616K->68339K(1648128K), [Metaspace: 60087K->60087K(1105920K)], 0.1554826 secs] [Times: user=0.69 sys=0.00, real=0.16 secs] 
3091.824: [GC (Allocation Failure) [PSYoungGen: 318464K->156160K(499712K)] 386803K->224499K(1639424K), 0.0349577 secs] [Times: user=0.20 sys=0.01, real=0.04 secs] 
3093.876: [GC (Allocation Failure) [PSYoungGen: 466944K->94432K(504832K)] 535283K->318619K(1644544K), 0.1025842 secs] [Times: user=0.61 sys=0.00, real=0.11 secs] 
3094.266: [GC (GCLocker Initiated GC) [PSYoungGen: 405216K->151744K(498688K)] 629403K->464880K(1638400K), 0.0541995 secs] [Times: user=0.32 sys=0.01, real=0.06 secs] 
3098.161: [GC (Allocation Failure) [PSYoungGen: 457408K->86272K(502272K)] 770597K->550925K(1641984K), 0.1328598 secs] [Times: user=0.79 sys=0.01, real=0.13 secs] 
3098.557: [GC (Allocation Failure) [PSYoungGen: 391936K->152864K(495104K)] 856589K->698146K(1634816K), 0.0532001 secs] [Times: user=0.32 sys=0.00, real=0.05 secs] 
3100.166: [GC (Allocation Failure) [PSYoungGen: 451360K->91456K(498688K)] 996642K->789610K(1638400K), 0.1234865 secs] [Times: user=0.73 sys=0.00, real=0.12 secs] 
3100.700: [GC (Allocation Failure) [PSYoungGen: 389952K->146592K(497152K)] 1088106K->930911K(1636864K), 0.0814005 secs] [Times: user=0.48 sys=0.01, real=0.08 secs] 
3104.105: [GC (Allocation Failure) [PSYoungGen: 445088K->85984K(498688K)] 1229407K->1016399K(1638400K), 0.1572896 secs] [Times: user=0.94 sys=0.00, real=0.16 secs] 
3104.262: [Full GC (Ergonomics) [PSYoungGen: 85984K->0K(498688K)] [ParOldGen: 930415K->55037K(1182720K)] 1016399K->55037K(1681408K), [Metaspace: 60102K->60102K(1105920K)], 0.1507152 secs] [Times: user=0.70 sys=0.01, real=0.15 secs] 
3104.647: [GC (Allocation Failure) [PSYoungGen: 298496K->146112K(496640K)] 353533K->201149K(1679360K), 0.0290744 secs] [Times: user=0.17 sys=0.00, real=0.03 secs] 
3106.619: [GC (Allocation Failure) [PSYoungGen: 443584K->93600K(391168K)] 498621K->286561K(1573888K), 0.1497228 secs] [Times: user=0.89 sys=0.00, real=0.15 secs] 
3107.578: [GC (Allocation Failure) [PSYoungGen: 391072K->144992K(496128K)] 584033K->427942K(1678848K), 0.0471944 secs] [Times: user=0.28 sys=0.00, real=0.04 secs] 
3110.620: [GC (Allocation Failure) [PSYoungGen: 442976K->97920K(497152K)] 725926K->517574K(1679872K), 0.1157693 secs] [Times: user=0.69 sys=0.00, real=0.11 secs] 
3111.511: [GC (Allocation Failure) [PSYoungGen: 395904K->139360K(498176K)] 815558K->653990K(1680896K), 0.0487922 secs] [Times: user=0.28 sys=0.00, real=0.05 secs] 
3112.921: [GC (Allocation Failure) [PSYoungGen: 441440K->105856K(497664K)] 956070K->750579K(1680384K), 0.0849023 secs] [Times: user=0.51 sys=0.00, real=0.09 secs] 
3113.736: [GC (Allocation Failure) [PSYoungGen: 407936K->144320K(496640K)] 1052659K->892971K(1679360K), 0.0523137 secs] [Times: user=0.30 sys=0.00, real=0.06 secs] 
3116.287: [GC (Allocation Failure) [PSYoungGen: 449984K->103392K(498176K)] 1198635K->988152K(1680896K), 0.1066565 secs] [Times: user=0.64 sys=0.01, real=0.10 secs] 
3118.438: [GC (Allocation Failure) [PSYoungGen: 409056K->140832K(503808K)] 1293816K->1126712K(1686528K), 0.0512491 secs] [Times: user=0.31 sys=0.00, real=0.05 secs] 
3120.196: [GC (Allocation Failure) [PSYoungGen: 455712K->109440K(504320K)] 1441592K->1226988K(1687040K), 0.1571323 secs] [Times: user=0.94 sys=0.01, real=0.15 secs] 
3120.353: [Full GC (Ergonomics) [PSYoungGen: 109440K->0K(504320K)] [ParOldGen: 1117548K->29420K(1180672K)] 1226988K->29420K(1684992K), [Metaspace: 60115K->60115K(1105920K)], 0.0703455 secs] [Times: user=0.23 sys=0.00, real=0.07 secs] 
3121.469: [GC (Allocation Failure) [PSYoungGen: 314880K->148608K(502272K)] 344300K->178028K(1682944K), 0.0291382 secs] [Times: user=0.17 sys=0.00, real=0.03 secs] 
3123.581: [GC (Allocation Failure) [PSYoungGen: 465536K->108864K(505856K)] 494956K->277840K(1686528K), 0.1218646 secs] [Times: user=0.73 sys=0.00, real=0.12 secs] 
3125.213: [GC (Allocation Failure) [PSYoungGen: 425792K->149216K(506368K)] 594768K->424141K(1687040K), 0.0528738 secs] [Times: user=0.31 sys=0.00, real=0.06 secs] 
3127.415: [GC (Allocation Failure) [PSYoungGen: 470240K->108960K(509952K)] 745165K->523945K(1690624K), 0.1551760 secs] [Times: user=0.93 sys=0.00, real=0.16 secs] 
3128.436: [GC (Allocation Failure) [PSYoungGen: 429984K->155616K(502272K)] 844969K->675474K(1682944K), 0.0526460 secs] [Times: user=0.31 sys=0.00, real=0.06 secs] 
3130.395: [GC (Allocation Failure) [PSYoungGen: 472544K->107168K(507904K)] 992402K->774282K(1688576K), 0.1306621 secs] [Times: user=0.78 sys=0.00, real=0.14 secs] 
3130.833: [GC (Allocation Failure) [PSYoungGen: 410322K->147360K(506880K)] 1077436K->917990K(1687552K), 0.0517533 secs] [Times: user=0.30 sys=0.00, real=0.05 secs] 
3133.136: [GC (Allocation Failure) [PSYoungGen: 466336K->106720K(425984K)] 1236966K->1016583K(1606656K), 0.1110202 secs] [Times: user=0.66 sys=0.00, real=0.12 secs] 
3133.500: [GC (Allocation Failure) [PSYoungGen: 425696K->154720K(502272K)] 1335559K->1167555K(1682944K), 0.0531069 secs] [Times: user=0.32 sys=0.00, real=0.05 secs] 
3133.554: [Full GC (Ergonomics) [PSYoungGen: 154720K->0K(502272K)] [ParOldGen: 1012835K->208258K(1392640K)] 1167555K->208258K(1894912K), [Metaspace: 60139K->60139K(1105920K)], 0.4801437 secs] [Times: user=2.24 sys=0.00, real=0.48 secs] 
3136.424: [GC (Allocation Failure) [PSYoungGen: 313823K->94400K(506880K)] 522081K->302658K(1899520K), 0.1264936 secs] [Times: user=0.75 sys=0.01, real=0.13 secs] 
3136.854: [GC (Allocation Failure) [PSYoungGen: 409280K->152608K(500224K)] 617538K->451559K(1892864K), 0.0534235 secs] [Times: user=0.32 sys=0.00, real=0.06 secs] 
3139.569: [GC (Allocation Failure) [PSYoungGen: 461344K->97472K(503808K)] 760295K->548751K(1896448K), 0.1294766 secs] [Times: user=0.78 sys=0.00, real=0.13 secs] 
3139.998: [GC (Allocation Failure) [PSYoungGen: 406208K->152960K(498176K)] 857487K->691867K(1890816K), 0.0537904 secs] [Times: user=0.32 sys=0.00, real=0.05 secs] 
3143.409: [GC (Allocation Failure) [PSYoungGen: 454805K->88928K(501760K)] 993713K->780420K(1894400K), 0.1393751 secs] [Times: user=0.83 sys=0.00, real=0.14 secs] 
3143.838: [GC (Allocation Failure) [PSYoungGen: 393568K->179712K(475648K)] 1085060K->956636K(1868288K), 0.0550248 secs] [Times: user=0.32 sys=0.01, real=0.05 secs] 
3146.298: [GC (Allocation Failure) [PSYoungGen: 458752K->82688K(488960K)] 1235676K->1005916K(1881600K), 0.1420232 secs] [Times: user=0.85 sys=0.00, real=0.14 secs] 
3146.848: [GC (Allocation Failure) [PSYoungGen: 361728K->135936K(480768K)] 1284956K->1138317K(1873408K), 0.0518313 secs] [Times: user=0.31 sys=0.00, real=0.05 secs] 
3149.129: [GC (Allocation Failure) [PSYoungGen: 414976K->89984K(484864K)] 1417357K->1219445K(1877504K), 0.0995927 secs] [Times: user=0.59 sys=0.01, real=0.10 secs] 
3150.560: [GC (Allocation Failure) [PSYoungGen: 369024K->128384K(479744K)] 1498485K->1345506K(1872384K), 0.0524380 secs] [Times: user=0.27 sys=0.03, real=0.05 secs] 
3150.612: [Full GC (Ergonomics) [PSYoungGen: 128384K->0K(479744K)] [ParOldGen: 1217122K->151665K(1388544K)] 1345506K->151665K(1868288K), [Metaspace: 60142K->60142K(1105920K)], 0.3437572 secs] [Times: user=1.58 sys=0.00, real=0.35 secs] 
3152.061: [GC (Allocation Failure) [PSYoungGen: 289280K->112224K(487424K)] 440945K->263889K(1875968K), 0.0396941 secs] [Times: user=0.24 sys=0.00, real=0.04 secs] 
3153.705: [GC (Allocation Failure) [PSYoungGen: 401504K->140992K(500224K)] 553169K->405117K(1888768K), 0.0586201 secs] [Times: user=0.35 sys=0.00, real=0.06 secs] 
3155.025: [GC (Allocation Failure) [PSYoungGen: 449728K->132064K(501248K)] 713853K->502102K(1889792K), 0.0613531 secs] [Times: user=0.36 sys=0.00, real=0.07 secs] 
3155.697: [GC (Allocation Failure) [PSYoungGen: 440800K->123872K(497152K)] 810838K->626134K(1885696K), 0.0574412 secs] [Times: user=0.35 sys=0.00, real=0.05 secs] 
3158.325: [GC (Allocation Failure) [PSYoungGen: 441824K->123584K(500224K)] 944086K->739427K(1888768K), 0.0620744 secs] [Times: user=0.37 sys=0.00, real=0.07 secs] 
3159.259: [GC (Allocation Failure) [PSYoungGen: 441536K->134592K(515072K)] 1057379K->874171K(1903616K), 0.0567296 secs] [Times: user=0.34 sys=0.00, real=0.05 secs] 
3161.582: [GC (Allocation Failure) [PSYoungGen: 473536K->6176K(345600K)] 1213115K->745779K(1734144K), 0.0033818 secs] [Times: user=0.02 sys=0.00, real=0.00 secs] 
3163.883: [GC (Allocation Failure) [PSYoungGen: 345120K->152960K(494080K)] 1084723K->896871K(1882624K), 0.0314617 secs] [Times: user=0.18 sys=0.00, real=0.03 secs] 
3165.472: [GC (Allocation Failure) [PSYoungGen: 456576K->103904K(501248K)] 1200487K->991419K(1889792K), 0.1243878 secs] [Times: user=0.74 sys=0.00, real=0.13 secs] 
3167.642: [GC (Allocation Failure) [PSYoungGen: 407520K->140064K(501248K)] 1295035K->1129580K(1889792K), 0.0534501 secs] [Times: user=0.31 sys=0.00, real=0.06 secs] 
3168.892: [GC (Allocation Failure) [PSYoungGen: 449312K->108320K(417792K)] 1438828K->1228632K(1806336K), 0.0656172 secs] [Times: user=0.39 sys=0.00, real=0.07 secs] 
3169.479: [GC (Allocation Failure) [PSYoungGen: 417568K->147104K(497152K)] 1537880K->1374449K(1885696K), 0.0562494 secs] [Times: user=0.32 sys=0.01, real=0.05 secs] 
3169.535: [Full GC (Ergonomics) [PSYoungGen: 147104K->0K(497152K)] [ParOldGen: 1227345K->174435K(1398272K)] 1374449K->174435K(1895424K), [Metaspace: 60142K->60142K(1105920K)], 0.4082854 secs] [Times: user=1.91 sys=0.00, real=0.41 secs] 
3172.862: [GC (Allocation Failure) [PSYoungGen: 309760K->100448K(501248K)] 484195K->274883K(1899520K), 0.0473326 secs] [Times: user=0.27 sys=0.01, real=0.05 secs] 
3173.436: [GC (Allocation Failure) [PSYoungGen: 410208K->147360K(503808K)] 584643K->421209K(1902080K), 0.0521543 secs] [Times: user=0.31 sys=0.00, real=0.05 secs] 
3175.714: [GC (Allocation Failure) [PSYoungGen: 463264K->105216K(421376K)] 737113K->518201K(1819648K), 0.1103410 secs] [Times: user=0.65 sys=0.00, real=0.11 secs] 
3176.411: [GC (Allocation Failure) [PSYoungGen: 421120K->150528K(502272K)] 834105K->666369K(1900544K), 0.0522913 secs] [Times: user=0.31 sys=0.00, real=0.05 secs] 
3178.740: [GC (Allocation Failure) [PSYoungGen: 465408K->106752K(506880K)] 981249K->764449K(1905152K), 0.1105929 secs] [Times: user=0.66 sys=0.00, real=0.11 secs] 
3179.398: [GC (Allocation Failure) [PSYoungGen: 421632K->148128K(504320K)] 1079329K->910694K(1902592K), 0.0534392 secs] [Times: user=0.31 sys=0.00, real=0.05 secs] 
3182.112: [GC (Allocation Failure) [PSYoungGen: 464544K->104704K(507392K)] 1227110K->1007334K(1905664K), 0.0769569 secs] [Times: user=0.46 sys=0.00, real=0.08 secs] 
3183.367: [GC (Allocation Failure) [PSYoungGen: 421120K->151040K(502784K)] 1323750K->1154651K(1901056K), 0.0528413 secs] [Times: user=0.32 sys=0.00, real=0.05 secs] 
3185.403: [GC (GCLocker Initiated GC) [PSYoungGen: 465920K->106336K(506880K)] 1469531K->1251884K(1905152K), 0.1664655 secs] [Times: user=0.99 sys=0.01, real=0.17 secs] 
3185.933: [GC (Allocation Failure) [PSYoungGen: 421216K->152704K(501248K)] 1566766K->1401184K(1899520K), 0.0561748 secs] [Times: user=0.31 sys=0.02, real=0.06 secs] 
3185.989: [Full GC (Ergonomics) [PSYoungGen: 152704K->0K(501248K)] [ParOldGen: 1248480K->198629K(1398272K)] 1401184K->198629K(1899520K), [Metaspace: 60142K->60142K(1105920K)], 0.4752090 secs] [Times: user=2.22 sys=0.00, real=0.47 secs] 
3189.149: [GC (Allocation Failure) [PSYoungGen: 312832K->104832K(505856K)] 511461K->303461K(1904128K), 0.0708248 secs] [Times: user=0.42 sys=0.00, real=0.07 secs] 
3189.551: [GC (Allocation Failure) [PSYoungGen: 402051K->146144K(505856K)] 600681K->445958K(1904128K), 0.0500514 secs] [Times: user=0.30 sys=0.00, real=0.05 secs] 
3192.224: [GC (Allocation Failure) [PSYoungGen: 462048K->103392K(419328K)] 761862K->541142K(1817600K), 0.1499860 secs] [Times: user=0.90 sys=0.00, real=0.15 secs] 
3192.780: [GC (Allocation Failure) [PSYoungGen: 406599K->146784K(504320K)] 844350K->684799K(1902592K), 0.0496076 secs] [Times: user=0.29 sys=0.00, real=0.05 secs] 
3195.764: [GC (Allocation Failure) [PSYoungGen: 462176K->102464K(506368K)] 1000191K->779071K(1904640K), 0.1490780 secs] [Times: user=0.89 sys=0.00, real=0.15 secs] 
3196.494: [GC (Allocation Failure) [PSYoungGen: 410594K->148832K(504320K)] 1087202K->923884K(1902592K), 0.0501770 secs] [Times: user=0.30 sys=0.00, real=0.05 secs] 
3199.053: [GC (Allocation Failure) [PSYoungGen: 464736K->102656K(507392K)] 1239788K->1017948K(1905664K), 0.1589181 secs] [Times: user=0.95 sys=0.01, real=0.16 secs] 
3199.794: [GC (Allocation Failure) [PSYoungGen: 409717K->148448K(504832K)] 1325009K->1162537K(1903104K), 0.0506747 secs] [Times: user=0.30 sys=0.00, real=0.05 secs] 
3201.550: [GC (Allocation Failure) [PSYoungGen: 464352K->109632K(425984K)] 1478441K->1263481K(1824256K), 0.1495890 secs] [Times: user=0.89 sys=0.00, real=0.15 secs] 
3201.966: [GC (Allocation Failure) [PSYoungGen: 425536K->151744K(502784K)] 1579385K->1411482K(1901056K), 0.0546461 secs] [Times: user=0.32 sys=0.02, real=0.06 secs] 
3202.020: [Full GC (Ergonomics) [PSYoungGen: 151744K->0K(502784K)] [ParOldGen: 1259738K->209222K(1398272K)] 1411482K->209222K(1901056K), [Metaspace: 60159K->60159K(1105920K)], 0.4796036 secs] [Times: user=2.24 sys=0.00, real=0.48 secs] 
3205.449: [GC (Allocation Failure) [PSYoungGen: 314880K->95008K(506368K)] 524102K->304230K(1904640K), 0.1709689 secs] [Times: user=1.02 sys=0.00, real=0.17 secs] 
3205.893: [GC (Allocation Failure) [PSYoungGen: 409888K->154464K(499200K)] 619110K->455257K(1897472K), 0.0546303 secs] [Times: user=0.32 sys=0.00, real=0.06 secs] 
3208.183: [GC (Allocation Failure) [PSYoungGen: 463200K->95200K(503808K)] 763993K->550557K(1902080K), 0.1115210 secs] [Times: user=0.66 sys=0.00, real=0.11 secs] 
3208.541: [GC (Allocation Failure) [PSYoungGen: 403936K->154208K(496640K)] 859293K->699310K(1894912K), 0.0549083 secs] [Times: user=0.32 sys=0.00, real=0.06 secs] 
3211.437: [GC (Allocation Failure) [PSYoungGen: 456800K->89184K(500736K)] 1001902K->788398K(1899008K), 0.1348293 secs] [Times: user=0.80 sys=0.01, real=0.13 secs] 
3211.866: [GC (Allocation Failure) [PSYoungGen: 391776K->168096K(482816K)] 1090990K->950959K(1881088K), 0.0535835 secs] [Times: user=0.31 sys=0.00, real=0.05 secs] 
3214.783: [GC (Allocation Failure) [PSYoungGen: 453280K->82016K(492032K)] 1236143K->1016703K(1890304K), 0.1495775 secs] [Times: user=0.89 sys=0.01, real=0.15 secs] 
3215.394: [GC (Allocation Failure) [PSYoungGen: 367200K->139584K(487424K)] 1301887K->1152484K(1885696K), 0.0716161 secs] [Times: user=0.43 sys=0.00, real=0.07 secs] 
3219.297: [GC (Allocation Failure) [PSYoungGen: 425280K->88224K(489984K)] 1438180K->1232444K(1888256K), 0.1613932 secs] [Times: user=0.95 sys=0.01, real=0.16 secs] 
3220.865: [GC (Allocation Failure) [PSYoungGen: 373920K->134048K(486400K)] 1518140K->1363841K(1884672K), 0.0466512 secs] [Times: user=0.27 sys=0.00, real=0.05 secs] 
3220.912: [Full GC (Ergonomics) [PSYoungGen: 134048K->0K(486400K)] [ParOldGen: 1229793K->167936K(1398272K)] 1363841K->167936K(1884672K), [Metaspace: 60163K->60163K(1105920K)], 0.3889972 secs] [Times: user=1.80 sys=0.00, real=0.39 secs] 
3223.168: [GC (Allocation Failure) [PSYoungGen: 291840K->100416K(491008K)] 459776K->268352K(1889280K), 0.0415551 secs] [Times: user=0.24 sys=0.00, real=0.04 secs] 
3225.201: [GC (Allocation Failure) [PSYoungGen: 392256K->132608K(492544K)] 560192K->399229K(1890816K), 0.0514355 secs] [Times: user=0.31 sys=0.00, real=0.05 secs] 
3226.379: [GC (Allocation Failure) [PSYoungGen: 436736K->114880K(496640K)] 703357K->505021K(1894912K), 0.0630571 secs] [Times: user=0.38 sys=0.00, real=0.06 secs] 
3229.052: [GC (Allocation Failure) [PSYoungGen: 419008K->130752K(503296K)] 809149K->634298K(1901568K), 0.0534531 secs] [Times: user=0.31 sys=0.00, real=0.06 secs] 
3230.344: [GC (Allocation Failure) [PSYoungGen: 450752K->118880K(503808K)] 954298K->743970K(1902080K), 0.0635383 secs] [Times: user=0.37 sys=0.00, real=0.07 secs] 
3231.853: [GC (Allocation Failure) [PSYoungGen: 438880K->142848K(507904K)] 1063970K->885119K(1906176K), 0.0553019 secs] [Times: user=0.33 sys=0.00, real=0.06 secs] 
3233.438: [GC (Allocation Failure) [PSYoungGen: 472576K->116000K(509952K)] 1214847K->991823K(1908224K), 0.1348479 secs] [Times: user=0.80 sys=0.00, real=0.13 secs] 
3234.556: [GC (Allocation Failure) [PSYoungGen: 445728K->162624K(504320K)] 1321551K->1152738K(1902592K), 0.0574562 secs] [Times: user=0.34 sys=0.00, real=0.06 secs] 
3236.859: [GC (Allocation Failure) [PSYoungGen: 490816K->114400K(513536K)] 1480930K->1250002K(1911808K), 0.0988980 secs] [Times: user=0.58 sys=0.00, real=0.10 secs] 
3237.627: [GC (Allocation Failure) [PSYoungGen: 435300K->154112K(507904K)] 1570902K->1401167K(1906176K), 0.1101859 secs] [Times: user=0.65 sys=0.00, real=0.11 secs] 
3237.737: [Full GC (Ergonomics) [PSYoungGen: 154112K->0K(507904K)] [ParOldGen: 1247055K->199167K(1398272K)] 1401167K->199167K(1906176K), [Metaspace: 60168K->60168K(1105920K)], 0.5065391 secs] [Times: user=2.40 sys=0.00, real=0.50 secs] 
3240.881: [GC (Allocation Failure) [PSYoungGen: 326144K->107104K(512512K)] 525311K->306271K(1910784K), 0.0786523 secs] [Times: user=0.46 sys=0.00, real=0.08 secs] 
3241.346: [GC (Allocation Failure) [PSYoungGen: 433248K->160224K(501248K)] 632415K->462760K(1899520K), 0.0515133 secs] [Times: user=0.31 sys=0.00, real=0.06 secs] 
3243.471: [GC (Allocation Failure) [PSYoungGen: 477152K->96032K(507904K)] 779688K->558900K(1906176K), 0.1249427 secs] [Times: user=0.74 sys=0.00, real=0.12 secs] 
3243.893: [GC (Allocation Failure) [PSYoungGen: 412960K->158656K(497664K)] 875828K->711670K(1895936K), 0.0554745 secs] [Times: user=0.33 sys=0.00, real=0.06 secs] 
3246.510: [GC (Allocation Failure) [PSYoungGen: 465344K->93856K(502784K)] 1018358K->805662K(1901056K), 0.1091159 secs] [Times: user=0.65 sys=0.00, real=0.11 secs] 
3246.943: [GC (Allocation Failure) [PSYoungGen: 400544K->170272K(483840K)] 1112350K->970448K(1882112K), 0.0756964 secs] [Times: user=0.45 sys=0.00, real=0.08 secs] 
3249.380: [GC (Allocation Failure) [PSYoungGen: 458528K->80192K(368640K)] 1258704K->1034416K(1766912K), 0.1147664 secs] [Times: user=0.68 sys=0.00, real=0.11 secs] 
3249.733: [GC (Allocation Failure) [PSYoungGen: 368448K->143872K(494080K)] 1322672K->1172569K(1892352K), 0.0501958 secs] [Times: user=0.30 sys=0.00, real=0.05 secs] 
3253.760: [GC (Allocation Failure) [PSYoungGen: 431616K->79904K(492544K)] 1460313K->1252401K(1890816K), 0.1291175 secs] [Times: user=0.76 sys=0.01, real=0.13 secs] 
3254.926: [GC (Allocation Failure) [PSYoungGen: 367648K->139840K(491008K)] 1540145K->1387938K(1889280K), 0.0482785 secs] [Times: user=0.29 sys=0.00, real=0.04 secs] 
3254.975: [Full GC (Ergonomics) [PSYoungGen: 139840K->0K(491008K)] [ParOldGen: 1248098K->182400K(1398272K)] 1387938K->182400K(1889280K), [Metaspace: 60174K->60174K(1105920K)], 0.4602010 secs] [Times: user=2.15 sys=0.00, real=0.46 secs] 
3257.032: [GC (GCLocker Initiated GC) [PSYoungGen: 288768K->94912K(492032K)] 471168K->277312K(1890304K), 0.0679836 secs] [Times: user=0.40 sys=0.00, real=0.07 secs] 
3258.541: [GC (Allocation Failure) [PSYoungGen: 383680K->136896K(493056K)] 566083K->411624K(1891328K), 0.0490301 secs] [Times: user=0.28 sys=0.00, real=0.05 secs] 
3259.743: [GC (Allocation Failure) [PSYoungGen: 431808K->105024K(493568K)] 706536K->507284K(1891840K), 0.0658331 secs] [Times: user=0.39 sys=0.00, real=0.07 secs] 
3260.965: [GC (Allocation Failure) [PSYoungGen: 399936K->135584K(498176K)] 802196K->641525K(1896448K), 0.0522996 secs] [Times: user=0.31 sys=0.00, real=0.06 secs] 
3263.385: [GC (Allocation Failure) [PSYoungGen: 439712K->109184K(496128K)] 945653K->741757K(1894400K), 0.0640998 secs] [Times: user=0.38 sys=0.00, real=0.07 secs] 
3265.351: [GC (GCLocker Initiated GC) [PSYoungGen: 413312K->131136K(503296K)] 1045885K->871230K(1901568K), 0.0523122 secs] [Times: user=0.31 sys=0.00, real=0.05 secs] 
3266.556: [GC (Allocation Failure) [PSYoungGen: 447040K->118272K(500224K)] 1187142K->980070K(1898496K), 0.0636139 secs] [Times: user=0.37 sys=0.00, real=0.06 secs] 
3268.526: [GC (Allocation Failure) [PSYoungGen: 434176K->137408K(505344K)] 1295974K->1115939K(1903616K), 0.0555058 secs] [Times: user=0.33 sys=0.00, real=0.05 secs] 
3269.890: [GC (Allocation Failure) [PSYoungGen: 464064K->116384K(505856K)] 1442595K->1222835K(1904128K), 0.0766749 secs] [Times: user=0.45 sys=0.00, real=0.08 secs] 
3271.236: [GC (Allocation Failure) [PSYoungGen: 443040K->151776K(509952K)] 1549491K->1373064K(1908224K), 0.0561358 secs] [Times: user=0.33 sys=0.00, real=0.06 secs] 
3273.654: [GC (Allocation Failure) [PSYoungGen: 487136K->116544K(515584K)] 1708424K->1480836K(1913856K), 0.0879430 secs] [Times: user=0.44 sys=0.08, real=0.09 secs] 
3273.742: [Full GC (Ergonomics) [PSYoungGen: 116544K->0K(515584K)] [ParOldGen: 1364292K->40931K(1398272K)] 1480836K->40931K(1913856K), [Metaspace: 60193K->60193K(1105920K)], 0.0779142 secs] [Times: user=0.30 sys=0.00, real=0.08 secs] 
3274.285: [GC (Allocation Failure) [PSYoungGen: 333031K->159232K(507392K)] 373962K->200163K(1905664K), 0.0314715 secs] [Times: user=0.19 sys=0.00, real=0.04 secs] 
3276.836: [GC (Allocation Failure) [PSYoungGen: 490496K->110208K(515072K)] 531427K->302292K(1913344K), 0.1404673 secs] [Times: user=0.83 sys=0.00, real=0.15 secs] 
3277.284: [GC (Allocation Failure) [PSYoungGen: 441472K->162432K(501248K)] 633556K->460824K(1899520K), 0.0527780 secs] [Times: user=0.31 sys=0.00, real=0.06 secs] 
3280.854: [GC (Allocation Failure) [PSYoungGen: 482432K->95648K(509440K)] 780824K->556548K(1907712K), 0.1410242 secs] [Times: user=0.83 sys=0.01, real=0.14 secs] 
3281.263: [GC (Allocation Failure) [PSYoungGen: 415648K->158560K(498176K)] 876548K->709421K(1896448K), 0.0563820 secs] [Times: user=0.34 sys=0.00, real=0.06 secs] 
3283.629: [GC (Allocation Failure) [PSYoungGen: 467296K->93728K(503808K)] 1018157K->803057K(1902080K), 0.1161665 secs] [Times: user=0.69 sys=0.00, real=0.11 secs] 
3283.995: [GC (Allocation Failure) [PSYoungGen: 402464K->154688K(497152K)] 1111793K->951561K(1895424K), 0.0563840 secs] [Times: user=0.33 sys=0.00, real=0.06 secs] 
3286.575: [GC (Allocation Failure) [PSYoungGen: 457280K->87456K(390144K)] 1254153K->1038997K(1788416K), 0.1059569 secs] [Times: user=0.63 sys=0.01, real=0.11 secs] 
3286.921: [GC (Allocation Failure) [PSYoungGen: 390048K->151264K(496128K)] 1341589K->1184090K(1894400K), 0.0545966 secs] [Times: user=0.32 sys=0.00, real=0.05 secs] 
3290.212: [GC (Allocation Failure) [PSYoungGen: 448736K->85472K(498176K)] 1481562K->1269466K(1896448K), 0.1269165 secs] [Times: user=0.76 sys=0.00, real=0.13 secs] 
3290.592: [GC (Allocation Failure) [PSYoungGen: 382944K->149216K(494080K)] 1566938K->1412935K(1892352K), 0.0530705 secs] [Times: user=0.32 sys=0.00, real=0.05 secs] 
3290.645: [Full GC (Ergonomics) [PSYoungGen: 149216K->0K(494080K)] [ParOldGen: 1263718K->215749K(1398272K)] 1412935K->215749K(1892352K), [Metaspace: 60195K->60195K(1105920K)], 0.5081918 secs] [Times: user=2.29 sys=0.00, real=0.51 secs] 
3294.183: [GC (Allocation Failure) [PSYoungGen: 293376K->84864K(496128K)] 509125K->300613K(1894400K), 0.1325698 secs] [Times: user=0.79 sys=0.00, real=0.13 secs] 
3294.623: [GC (Allocation Failure) [PSYoungGen: 370245K->138400K(492032K)] 585995K->435402K(1890304K), 0.0461310 secs] [Times: user=0.27 sys=0.00, real=0.05 secs] 
3296.550: [GC (Allocation Failure) [PSYoungGen: 432800K->95072K(494592K)] 729802K->522250K(1892864K), 0.1634702 secs] [Times: user=0.97 sys=0.00, real=0.16 secs] 
3297.579: [GC (Allocation Failure) [PSYoungGen: 389472K->144800K(496640K)] 816650K->663496K(1894912K), 0.0470259 secs] [Times: user=0.28 sys=0.00, real=0.05 secs] 
3299.337: [GC (Allocation Failure) [PSYoungGen: 444320K->96480K(498176K)] 963016K->751616K(1896448K), 0.1134621 secs] [Times: user=0.68 sys=0.00, real=0.11 secs] 
3300.698: [GC (Allocation Failure) [PSYoungGen: 396000K->151744K(494592K)] 1051136K->900620K(1892864K), 0.0498671 secs] [Times: user=0.30 sys=0.00, real=0.05 secs] 
3302.742: [GC (Allocation Failure) [PSYoungGen: 450752K->100352K(498688K)] 1199628K->983964K(1896960K), 0.1647524 secs] [Times: user=0.98 sys=0.00, real=0.17 secs] 
3304.639: [GC (Allocation Failure) [PSYoungGen: 399360K->141152K(498688K)] 1282972K->1122097K(1896960K), 0.0513192 secs] [Times: user=0.31 sys=0.00, real=0.05 secs] 
3305.986: [GC (Allocation Failure) [PSYoungGen: 444256K->105504K(409088K)] 1425201K->1218649K(1807360K), 0.0853045 secs] [Times: user=0.51 sys=0.00, real=0.09 secs] 
3307.410: [GC (Allocation Failure) [PSYoungGen: 408608K->139040K(499200K)] 1521753K->1355510K(1897472K), 0.0535572 secs] [Times: user=0.32 sys=0.00, real=0.05 secs] 
3307.463: [Full GC (Ergonomics) [PSYoungGen: 139040K->0K(499200K)] [ParOldGen: 1216470K->162818K(1398272K)] 1355510K->162818K(1897472K), [Metaspace: 60199K->60199K(1105920K)], 0.3764206 secs] [Times: user=1.74 sys=0.00, real=0.38 secs] 
3309.030: [GC (Allocation Failure) [PSYoungGen: 307712K->108384K(498688K)] 470530K->271202K(1896960K), 0.0435086 secs] [Times: user=0.26 sys=0.00, real=0.04 secs] 
3310.096: [GC (Allocation Failure) [PSYoungGen: 416096K->142176K(502272K)] 578914K->411771K(1900544K), 0.0546106 secs] [Times: user=0.32 sys=0.01, real=0.05 secs] 
3312.772: [GC (Allocation Failure) [PSYoungGen: 457568K->109152K(503296K)] 727163K->511691K(1901568K), 0.1569385 secs] [Times: user=0.94 sys=0.00, real=0.16 secs] 
3314.128: [GC (Allocation Failure) [PSYoungGen: 424544K->147744K(505344K)] 827083K->657064K(1903616K), 0.0528560 secs] [Times: user=0.31 sys=0.00, real=0.05 secs] 
3316.055: [GC (Allocation Failure) [PSYoungGen: 468768K->108704K(508416K)] 978088K->756748K(1906688K), 0.1691702 secs] [Times: user=1.01 sys=0.00, real=0.17 secs] 
3317.590: [GC (Allocation Failure) [PSYoungGen: 429728K->151552K(505856K)] 1077772K->905962K(1904128K), 0.0536951 secs] [Times: user=0.32 sys=0.00, real=0.05 secs] 
3320.938: [GC (Allocation Failure) [PSYoungGen: 473600K->107648K(510464K)] 1228010K->1005022K(1908736K), 0.1386215 secs] [Times: user=0.83 sys=0.01, real=0.14 secs] 
3321.739: [GC (Allocation Failure) [PSYoungGen: 429696K->156384K(502272K)] 1327070K->1158147K(1900544K), 0.0806742 secs] [Times: user=0.47 sys=0.00, real=0.08 secs] 
3324.119: [GC (Allocation Failure) [PSYoungGen: 473312K->101888K(507904K)] 1475075K->1251531K(1906176K), 0.1093234 secs] [Times: user=0.65 sys=0.00, real=0.11 secs] 
3325.102: [GC (Allocation Failure) [PSYoungGen: 413723K->151296K(502784K)] 1563366K->1399084K(1901056K), 0.0516145 secs] [Times: user=0.31 sys=0.00, real=0.05 secs] 
3325.154: [Full GC (Ergonomics) [PSYoungGen: 151296K->0K(502784K)] [ParOldGen: 1247788K->196705K(1398272K)] 1399084K->196705K(1901056K), [Metaspace: 60204K->60204K(1105920K)], 0.4691394 secs] [Times: user=2.18 sys=0.00, real=0.47 secs] 
3328.474: [GC (Allocation Failure) [PSYoungGen: 313856K->105568K(506368K)] 510561K->302273K(1904640K), 0.0873578 secs] [Times: user=0.51 sys=0.00, real=0.09 secs] 
3329.179: [GC (Allocation Failure) [PSYoungGen: 412086K->146048K(506368K)] 608791K->444622K(1904640K), 0.0662148 secs] [Times: user=0.40 sys=0.00, real=0.06 secs] 
3331.849: [GC (Allocation Failure) [PSYoungGen: 462464K->106752K(423424K)] 761038K->542430K(1821696K), 0.1497536 secs] [Times: user=0.87 sys=0.00, real=0.15 secs] 
3332.276: [GC (Allocation Failure) [PSYoungGen: 423168K->153536K(501248K)] 858846K->692267K(1899520K), 0.0517690 secs] [Times: user=0.31 sys=0.00, real=0.06 secs] 
3334.790: [GC (Allocation Failure) [PSYoungGen: 466880K->97792K(505856K)] 1005611K->789747K(1904128K), 0.1507096 secs] [Times: user=0.89 sys=0.00, real=0.15 secs] 
3335.360: [GC (Allocation Failure) [PSYoungGen: 411136K->156640K(497664K)] 1103091K->940712K(1895936K), 0.0639395 secs] [Times: user=0.38 sys=0.00, real=0.06 secs] 
3339.087: [GC (Allocation Failure) [PSYoungGen: 463328K->87136K(394240K)] 1247400K->1028032K(1792512K), 0.1299652 secs] [Times: user=0.78 sys=0.00, real=0.13 secs] 
3339.476: [GC (Allocation Failure) [PSYoungGen: 393824K->151712K(497152K)] 1334720K->1173776K(1895424K), 0.0523698 secs] [Times: user=0.32 sys=0.00, real=0.05 secs] 
3343.677: [GC (Allocation Failure) [PSYoungGen: 452256K->87552K(499712K)] 1474320K->1261008K(1897984K), 0.1637946 secs] [Times: user=0.97 sys=0.00, real=0.16 secs] 
3344.111: [GC (Allocation Failure) [PSYoungGen: 375615K->140448K(497152K)] 1549072K->1397793K(1895424K), 0.0488154 secs] [Times: user=0.29 sys=0.00, real=0.05 secs] 
3344.160: [Full GC (Ergonomics) [PSYoungGen: 140448K->0K(497152K)] [ParOldGen: 1257345K->196973K(1398272K)] 1397793K->196973K(1895424K), [Metaspace: 60208K->60208K(1105920K)], 0.4635560 secs] [Times: user=2.15 sys=0.00, real=0.46 secs] 
3347.214: [GC (Allocation Failure) [PSYoungGen: 301056K->95488K(498688K)] 498029K->292461K(1896960K), 0.0616933 secs] [Times: user=0.36 sys=0.01, real=0.07 secs] 
3348.102: [GC (Allocation Failure) [PSYoungGen: 396544K->146720K(499200K)] 593517K->435470K(1897472K), 0.0470527 secs] [Times: user=0.28 sys=0.01, real=0.05 secs] 
3349.535: [GC (Allocation Failure) [PSYoungGen: 450336K->103040K(407040K)] 739086K->530046K(1805312K), 0.0937646 secs] [Times: user=0.56 sys=0.00, real=0.10 secs] 
3350.718: [GC (Allocation Failure) [PSYoungGen: 406656K->155360K(494592K)] 833662K->681194K(1892864K), 0.0506804 secs] [Times: user=0.30 sys=0.00, real=0.05 secs] 
3353.068: [GC (Allocation Failure) [PSYoungGen: 456416K->100320K(499712K)] 982250K->764222K(1897984K), 0.1706326 secs] [Times: user=1.01 sys=0.01, real=0.17 secs] 
3354.178: [GC (Allocation Failure) [PSYoungGen: 401376K->152032K(496128K)] 1065278K->913383K(1894400K), 0.0504064 secs] [Times: user=0.30 sys=0.00, real=0.05 secs] 
3356.075: [GC (Allocation Failure) [PSYoungGen: 452576K->98496K(499712K)] 1213927K->994767K(1897984K), 0.1738870 secs] [Times: user=1.02 sys=0.01, real=0.18 secs] 
3357.354: [GC (Allocation Failure) [PSYoungGen: 399040K->143296K(498688K)] 1295311K->1135076K(1896960K), 0.0499021 secs] [Times: user=0.29 sys=0.00, real=0.05 secs] 
3358.630: [GC (Allocation Failure) [PSYoungGen: 446400K->103712K(499712K)] 1438180K->1230028K(1897984K), 0.0715434 secs] [Times: user=0.42 sys=0.00, real=0.07 secs] 
3360.776: [GC (Allocation Failure) [PSYoungGen: 406816K->140032K(501248K)] 1533132K->1367885K(1899520K), 0.0520212 secs] [Times: user=0.31 sys=0.01, real=0.06 secs] 
3360.828: [Full GC (Ergonomics) [PSYoungGen: 140032K->0K(501248K)] [ParOldGen: 1227853K->166482K(1398272K)] 1367885K->166482K(1899520K), [Metaspace: 60210K->60210K(1105920K)], 0.3792925 secs] [Times: user=1.75 sys=0.00, real=0.38 secs] 
3362.861: [GC (Allocation Failure) [PSYoungGen: 307712K->108224K(500224K)] 474194K->274706K(1898496K), 0.0572581 secs] [Times: user=0.34 sys=0.00, real=0.06 secs] 
3365.294: [GC (Allocation Failure) [PSYoungGen: 415936K->139136K(501760K)] 582418K->412111K(1900032K), 0.0536569 secs] [Times: user=0.32 sys=0.00, real=0.06 secs] 
3367.115: [GC (Allocation Failure) [PSYoungGen: 452480K->110336K(501248K)] 725455K->513355K(1899520K), 0.0680937 secs] [Times: user=0.40 sys=0.00, real=0.07 secs] 
3367.825: [GC (Allocation Failure) [PSYoungGen: 423680K->145120K(504832K)] 826699K->657584K(1903104K), 0.0938674 secs] [Times: user=0.56 sys=0.00, real=0.10 secs] 
3370.032: [GC (Allocation Failure) [PSYoungGen: 465632K->111232K(506880K)] 978096K->759648K(1905152K), 0.0885771 secs] [Times: user=0.53 sys=0.00, real=0.09 secs] 
3371.166: [GC (Allocation Failure) [PSYoungGen: 431744K->152352K(506368K)] 1080160K->909921K(1904640K), 0.0547750 secs] [Times: user=0.33 sys=0.00, real=0.05 secs] 
3373.556: [GC (Allocation Failure) [PSYoungGen: 475936K->107648K(510976K)] 1233505K->1009069K(1909248K), 0.1603353 secs] [Times: user=0.95 sys=0.00, real=0.17 secs] 
3374.675: [GC (Allocation Failure) [PSYoungGen: 431232K->157376K(502272K)] 1332653K->1162606K(1900544K), 0.0538808 secs] [Times: user=0.32 sys=0.00, real=0.06 secs] 
3377.303: [GC (Allocation Failure) [PSYoungGen: 475328K->106144K(508416K)] 1480558K->1259834K(1906688K), 0.1670391 secs] [Times: user=0.99 sys=0.00, real=0.17 secs] 
3377.910: [GC (Allocation Failure) [PSYoungGen: 424096K->154592K(501760K)] 1577786K->1410575K(1900032K), 0.0524823 secs] [Times: user=0.31 sys=0.00, real=0.05 secs] 
3377.962: [Full GC (Ergonomics) [PSYoungGen: 154592K->0K(501760K)] [ParOldGen: 1255983K->206165K(1398272K)] 1410575K->206165K(1900032K), [Metaspace: 60220K->60220K(1105920K)], 0.4693763 secs] [Times: user=2.18 sys=0.00, real=0.47 secs] 
3381.754: [GC (Allocation Failure) [PSYoungGen: 313856K->93408K(506368K)] 520021K->299573K(1904640K), 0.1726799 secs] [Times: user=1.03 sys=0.00, real=0.18 secs] 
3382.211: [GC (Allocation Failure) [PSYoungGen: 407264K->168736K(487424K)] 613429K->464754K(1885696K), 0.0539523 secs] [Times: user=0.32 sys=0.00, real=0.05 secs] 
3384.524: [GC (Allocation Failure) [PSYoungGen: 464160K->89472K(497152K)] 760178K->537570K(1895424K), 0.1149385 secs] [Times: user=0.69 sys=0.00, real=0.12 secs] 
3384.897: [GC (Allocation Failure) [PSYoungGen: 380657K->140480K(492544K)] 828755K->674602K(1890816K), 0.0489079 secs] [Times: user=0.29 sys=0.00, real=0.05 secs] 
3388.679: [GC (Allocation Failure) [PSYoungGen: 436416K->93792K(495104K)] 970538K->759978K(1893376K), 0.1395717 secs] [Times: user=0.83 sys=0.00, real=0.14 secs] 
3389.605: [GC (Allocation Failure) [PSYoungGen: 389728K->143584K(498688K)] 1055914K->899775K(1896960K), 0.0474405 secs] [Times: user=0.28 sys=0.00, real=0.05 secs] 
3392.766: [GC (Allocation Failure) [PSYoungGen: 445664K->99488K(499712K)] 1201855K->990539K(1897984K), 0.0823440 secs] [Times: user=0.49 sys=0.00, real=0.09 secs] 
3394.493: [GC (Allocation Failure) [PSYoungGen: 401568K->141632K(500224K)] 1292619K->1129832K(1898496K), 0.0496127 secs] [Times: user=0.30 sys=0.01, real=0.05 secs] 
3395.889: [GC (Allocation Failure) [PSYoungGen: 446784K->104640K(499712K)] 1434984K->1225292K(1897984K), 0.0761720 secs] [Times: user=0.45 sys=0.00, real=0.07 secs] 
3397.233: [GC (Allocation Failure) [PSYoungGen: 409792K->143232K(499200K)] 1530444K->1366545K(1897472K), 0.0530745 secs] [Times: user=0.32 sys=0.00, real=0.06 secs] 
3397.286: [Full GC (Ergonomics) [PSYoungGen: 143232K->0K(499200K)] [ParOldGen: 1223313K->172704K(1398272K)] 1366545K->172704K(1897472K), [Metaspace: 60222K->60222K(1105920K)], 0.4049402 secs] [Times: user=1.86 sys=0.00, real=0.40 secs] 
3399.704: [GC (Allocation Failure) [PSYoungGen: 308224K->104480K(500224K)] 480928K->277184K(1898496K), 0.0544296 secs] [Times: user=0.32 sys=0.00, real=0.06 secs] 
3400.776: [GC (Allocation Failure) [PSYoungGen: 412704K->147552K(502272K)] 585408K->421917K(1900544K), 0.0530716 secs] [Times: user=0.31 sys=0.00, real=0.05 secs] 
3402.489: [GC (Allocation Failure) [PSYoungGen: 460896K->105408K(504832K)] 735261K->518281K(1903104K), 0.1500518 secs] [Times: user=0.89 sys=0.01, real=0.15 secs] 
3403.857: [GC (Allocation Failure) [PSYoungGen: 418752K->148320K(503296K)] 831625K->664338K(1901568K), 0.0524951 secs] [Times: user=0.31 sys=0.00, real=0.05 secs] 
3406.644: [GC (Allocation Failure) [PSYoungGen: 463712K->107328K(506368K)] 979730K->763146K(1904640K), 0.1632993 secs] [Times: user=0.97 sys=0.01, real=0.17 secs] 
3407.857: [GC (Allocation Failure) [PSYoungGen: 422720K->150912K(503808K)] 1078538K->910943K(1902080K), 0.0530454 secs] [Times: user=0.31 sys=0.00, real=0.05 secs] 
3410.851: [GC (Allocation Failure) [PSYoungGen: 467328K->103680K(507392K)] 1227359K->1005627K(1905664K), 0.1405164 secs] [Times: user=0.84 sys=0.00, real=0.14 secs] 
3411.743: [GC (Allocation Failure) [PSYoungGen: 420096K->154080K(501248K)] 1322043K->1155712K(1899520K), 0.0514570 secs] [Times: user=0.30 sys=0.00, real=0.05 secs] 
3413.883: [GC (Allocation Failure) [PSYoungGen: 466912K->104352K(505856K)] 1468544K->1251404K(1904128K), 0.1607320 secs] [Times: user=0.88 sys=0.00, real=0.16 secs] 
3414.620: [GC (Allocation Failure) [PSYoungGen: 414286K->150688K(502272K)] 1561339K->1398338K(1900544K), 0.0515288 secs] [Times: user=0.31 sys=0.00, real=0.05 secs] 
3414.672: [Full GC (Ergonomics) [PSYoungGen: 150688K->0K(502272K)] [ParOldGen: 1247650K->197206K(1398272K)] 1398338K->197206K(1900544K), [Metaspace: 60238K->60238K(1105920K)], 0.4685217 secs] [Times: user=2.17 sys=0.00, real=0.47 secs] 
3417.151: [GC (Allocation Failure) [PSYoungGen: 311808K->105888K(505344K)] 509014K->303094K(1903616K), 0.0903949 secs] [Times: user=0.54 sys=0.00, real=0.09 secs] 
3418.299: [GC (Allocation Failure) [PSYoungGen: 408296K->144544K(504320K)] 605503K->444235K(1902592K), 0.0892652 secs] [Times: user=0.53 sys=0.00, real=0.09 secs] 
3420.750: [GC (Allocation Failure) [PSYoungGen: 458400K->104768K(505344K)] 758091K->540539K(1903616K), 0.1485789 secs] [Times: user=0.89 sys=0.00, real=0.15 secs] 
3421.378: [GC (Allocation Failure) [PSYoungGen: 402998K->145248K(504832K)] 838770K->682778K(1903104K), 0.0746373 secs] [Times: user=0.45 sys=0.00, real=0.07 secs] 
3424.429: [GC (Allocation Failure) [PSYoungGen: 461152K->102400K(505856K)] 998682K->777146K(1904128K), 0.1663436 secs] [Times: user=0.86 sys=0.00, real=0.16 secs] 
3424.993: [GC (Allocation Failure) [PSYoungGen: 408038K->148128K(505856K)] 1082784K->921459K(1904128K), 0.0500293 secs] [Times: user=0.30 sys=0.00, real=0.05 secs] 
3428.245: [GC (Allocation Failure) [PSYoungGen: 466080K->104928K(507904K)] 1239411K->1017883K(1906176K), 0.1639784 secs] [Times: user=0.98 sys=0.00, real=0.17 secs] 
3429.353: [GC (Allocation Failure) [PSYoungGen: 422880K->155392K(501760K)] 1335835K->1168816K(1900032K), 0.0518670 secs] [Times: user=0.31 sys=0.00, real=0.05 secs] 
3432.401: [GC (Allocation Failure) [PSYoungGen: 467880K->95392K(506368K)] 1481304K->1264124K(1904640K), 0.1793982 secs] [Times: user=1.07 sys=0.00, real=0.18 secs] 
3432.867: [GC (Allocation Failure) [PSYoungGen: 409248K->152256K(500736K)] 1577980K->1412645K(1899008K), 0.0547129 secs] [Times: user=0.33 sys=0.01, real=0.05 secs] 
3432.922: [Full GC (Ergonomics) [PSYoungGen: 152256K->0K(500736K)] [ParOldGen: 1260389K->211111K(1398272K)] 1412645K->211111K(1899008K), [Metaspace: 60240K->60240K(1105920K)], 0.4859112 secs] [Times: user=2.25 sys=0.00, real=0.49 secs] 
3437.103: [GC (Allocation Failure) [PSYoungGen: 308357K->90368K(503808K)] 519469K->301479K(1902080K), 0.1445419 secs] [Times: user=0.86 sys=0.00, real=0.15 secs] 
3437.523: [GC (Allocation Failure) [PSYoungGen: 399104K->151456K(497664K)] 610215K->449600K(1895936K), 0.0526393 secs] [Times: user=0.32 sys=0.00, real=0.05 secs] 
3440.214: [GC (Allocation Failure) [PSYoungGen: 454048K->88832K(500736K)] 752192K->538592K(1899008K), 0.1433531 secs] [Times: user=0.85 sys=0.00, real=0.15 secs] 
3440.647: [GC (Allocation Failure) [PSYoungGen: 391424K->197088K(430080K)] 841184K->732775K(1828352K), 0.0554723 secs] [Times: user=0.32 sys=0.02, real=0.05 secs] 
3442.425: [GC (Allocation Failure) [PSYoungGen: 430048K->60416K(465920K)] 965735K->744143K(1864192K), 0.0821722 secs] [Times: user=0.49 sys=0.00, real=0.09 secs] 
3443.460: [GC (Allocation Failure) [PSYoungGen: 293376K->108416K(465920K)] 977103K->850868K(1864192K), 0.0507292 secs] [Times: user=0.30 sys=0.00, real=0.05 secs] 
3444.560: [GC (Allocation Failure) [PSYoungGen: 341376K->119872K(465920K)] 1083828K->961564K(1864192K), 0.1454237 secs] [Times: user=0.87 sys=0.00, real=0.14 secs] 
3446.433: [GC (Allocation Failure) [PSYoungGen: 351193K->57088K(465920K)] 1192885K->1018340K(1864192K), 0.1287509 secs] [Times: user=0.77 sys=0.01, real=0.13 secs] 
3446.826: [GC (Allocation Failure) [PSYoungGen: 290048K->112960K(346112K)] 1251300K->1127734K(1744384K), 0.0387723 secs] [Times: user=0.23 sys=0.00, real=0.03 secs] 
3448.704: [GC (Allocation Failure) [PSYoungGen: 345920K->89920K(463360K)] 1360694K->1208886K(1861632K), 0.0572777 secs] [Times: user=0.34 sys=0.00, real=0.06 secs] 
3449.972: [GC (GCLocker Initiated GC) [PSYoungGen: 328512K->88512K(457728K)] 1447478K->1297198K(1856000K), 0.0672495 secs] [Times: user=0.39 sys=0.01, real=0.07 secs] 
3450.287: [GC (Allocation Failure) [PSYoungGen: 327104K->119264K(471552K)] 1535793K->1410846K(1869824K), 0.0507999 secs] [Times: user=0.30 sys=0.00, real=0.05 secs] 
3450.338: [Full GC (Ergonomics) [PSYoungGen: 119264K->0K(471552K)] [ParOldGen: 1291582K->216375K(1398272K)] 1410846K->216375K(1869824K), [Metaspace: 60241K->60241K(1105920K)], 0.4994807 secs] [Times: user=2.32 sys=0.00, real=0.50 secs] 
3453.410: [GC (Allocation Failure) [PSYoungGen: 263168K->72224K(468992K)] 479543K->288599K(1867264K), 0.1510414 secs] [Times: user=0.90 sys=0.00, real=0.15 secs] 
3454.307: [GC (Allocation Failure) [PSYoungGen: 335392K->129248K(490496K)] 551767K->414012K(1888768K), 0.0420679 secs] [Times: user=0.25 sys=0.00, real=0.04 secs] 
3455.674: [GC (Allocation Failure) [PSYoungGen: 415968K->96480K(488448K)] 700732K->502092K(1886720K), 0.0938352 secs] [Times: user=0.56 sys=0.00, real=0.10 secs] 
3457.720: [GC (Allocation Failure) [PSYoungGen: 383200K->132480K(489472K)] 788812K->632261K(1887744K), 0.0486608 secs] [Times: user=0.28 sys=0.00, real=0.05 secs] 
3458.875: [GC (Allocation Failure) [PSYoungGen: 426368K->110752K(488960K)] 926149K->733989K(1887232K), 0.0633019 secs] [Times: user=0.37 sys=0.00, real=0.07 secs] 
3461.911: [GC (Allocation Failure) [PSYoungGen: 404640K->125088K(498688K)] 1027877K->857585K(1896960K), 0.0519308 secs] [Times: user=0.31 sys=0.00, real=0.05 secs] 
3463.175: [GC (Allocation Failure) [PSYoungGen: 436384K->122112K(495616K)] 1168881K->969977K(1893888K), 0.0622103 secs] [Times: user=0.37 sys=0.00, real=0.07 secs] 
3464.906: [GC (Allocation Failure) [PSYoungGen: 433408K->154784K(498688K)] 1281273K->1124937K(1896960K), 0.0568936 secs] [Times: user=0.33 sys=0.00, real=0.06 secs] 
3467.023: [GC (Allocation Failure) [PSYoungGen: 473248K->1984K(320512K)] 1443401K->972169K(1718784K), 0.0025545 secs] [Times: user=0.01 sys=0.00, real=0.01 secs] 
3468.402: [GC (Allocation Failure) [PSYoungGen: 320448K->139328K(492032K)] 1290633K->1110254K(1890304K), 0.0281059 secs] [Times: user=0.16 sys=0.00, real=0.03 secs] 
3469.607: [GC (Allocation Failure) [PSYoungGen: 429632K->1408K(291840K)] 1400558K->972466K(1690112K), 0.0019410 secs] [Times: user=0.01 sys=0.00, real=0.00 secs] 
3471.705: [GC (Allocation Failure) [PSYoungGen: 291712K->123008K(488448K)] 1262770K->1094066K(1886720K), 0.0248636 secs] [Times: user=0.14 sys=0.00, real=0.03 secs] 
3474.206: [GC (Allocation Failure) [PSYoungGen: 398464K->210400K(485888K)] 1369522K->1208394K(1884160K), 0.0603206 secs] [Times: user=0.36 sys=0.00, real=0.07 secs] 
3476.285: [GC (Allocation Failure) [PSYoungGen: 485856K->87104K(445952K)] 1483850K->1085154K(1844224K), 0.0278628 secs] [Times: user=0.16 sys=0.00, real=0.03 secs] 
3477.153: [GC (Allocation Failure) [PSYoungGen: 320064K->116608K(465920K)] 1318114K->1195831K(1864192K), 0.1329171 secs] [Times: user=0.79 sys=0.00, real=0.14 secs] 
3480.033: [GC (Allocation Failure) [PSYoungGen: 349568K->58944K(457728K)] 1428791K->1254735K(1856000K), 0.1354663 secs] [Times: user=0.81 sys=0.00, real=0.14 secs] 
3480.975: [GC (Allocation Failure) [PSYoungGen: 294976K->111328K(463360K)] 1490767K->1363916K(1861632K), 0.0409866 secs] [Times: user=0.24 sys=0.00, real=0.05 secs] 
3481.016: [Full GC (Ergonomics) [PSYoungGen: 111328K->0K(463360K)] [ParOldGen: 1252588K->141668K(1398272K)] 1363916K->141668K(1861632K), [Metaspace: 60241K->60241K(1105920K)], 0.3265050 secs] [Times: user=1.50 sys=0.00, real=0.32 secs] 
3483.255: [GC (Allocation Failure) [PSYoungGen: 236032K->137024K(467456K)] 377700K->278692K(1865728K), 0.0830963 secs] [Times: user=0.50 sys=0.00, real=0.09 secs] 
3487.185: [GC (Allocation Failure) [PSYoungGen: 387392K->61312K(466944K)] 529060K->323744K(1865216K), 0.1042391 secs] [Times: user=0.62 sys=0.00, real=0.11 secs] 
3487.515: [GC (GCLocker Initiated GC) [PSYoungGen: 311680K->126304K(478720K)] 574113K->444554K(1876992K), 0.0417168 secs] [Times: user=0.24 sys=0.00, real=0.05 secs] 
3489.113: [GC (Allocation Failure) [PSYoungGen: 394080K->83040K(479232K)] 712382K->519487K(1877504K), 0.1012729 secs] [Times: user=0.60 sys=0.00, real=0.10 secs] 
3490.566: [GC (Allocation Failure) [PSYoungGen: 350816K->126176K(484352K)] 787263K->643259K(1882624K), 0.0433316 secs] [Times: user=0.25 sys=0.01, real=0.05 secs] 
3492.337: [GC (Allocation Failure) [PSYoungGen: 405216K->105664K(481792K)] 922299K->739795K(1880064K), 0.0607491 secs] [Times: user=0.37 sys=0.00, real=0.06 secs] 
3493.971: [GC (Allocation Failure) [PSYoungGen: 384704K->115168K(489984K)] 1018835K->855019K(1888256K), 0.0522263 secs] [Times: user=0.31 sys=0.00, real=0.05 secs] 
3496.593: [GC (Allocation Failure) [PSYoungGen: 411616K->133088K(484352K)] 1151467K->977768K(1882624K), 0.0612341 secs] [Times: user=0.36 sys=0.00, real=0.06 secs] 
3498.495: [GC (Allocation Failure) [PSYoungGen: 429536K->103104K(501760K)] 1274216K->1080752K(1900032K), 0.0607673 secs] [Times: user=0.36 sys=0.00, real=0.07 secs] 
3500.173: [GC (Allocation Failure) [PSYoungGen: 424640K->145312K(504320K)] 1402288K->1215695K(1902592K), 0.0608729 secs] [Times: user=0.37 sys=0.00, real=0.06 secs] 
3502.907: [GC (Allocation Failure) [PSYoungGen: 466848K->114208K(507392K)] 1537231K->1329711K(1905664K), 0.0618491 secs] [Times: user=0.36 sys=0.00, real=0.06 secs] 
3502.969: [Full GC (Ergonomics) [PSYoungGen: 114208K->0K(507392K)] [ParOldGen: 1215503K->129232K(1398272K)] 1329711K->129232K(1905664K), [Metaspace: 60245K->60245K(1105920K)], 0.2903200 secs] [Times: user=1.32 sys=0.00, real=0.29 secs] 
3504.840: [GC (Allocation Failure) [PSYoungGen: 327680K->133696K(508928K)] 456912K->262928K(1907200K), 0.0494801 secs] [Times: user=0.29 sys=0.00, real=0.05 secs] 
3506.263: [GC (Allocation Failure) [PSYoungGen: 461376K->140192K(511488K)] 590608K->403420K(1909760K), 0.0695689 secs] [Times: user=0.41 sys=0.00, real=0.07 secs] 
3507.628: [GC (Allocation Failure) [PSYoungGen: 469318K->5440K(334848K)] 732546K->268732K(1733120K), 0.0022049 secs] [Times: user=0.01 sys=0.00, real=0.00 secs] 
3509.066: [GC (Allocation Failure) [PSYoungGen: 334656K->151648K(486400K)] 597948K->419089K(1884672K), 0.0307302 secs] [Times: user=0.18 sys=0.00, real=0.04 secs] 
3511.633: [GC (Allocation Failure) [PSYoungGen: 440928K->97664K(494080K)] 708369K->507793K(1892352K), 0.0704877 secs] [Times: user=0.42 sys=0.00, real=0.07 secs] 
3513.376: [GC (Allocation Failure) [PSYoungGen: 386944K->130752K(491520K)] 797073K->636702K(1889792K), 0.0497158 secs] [Times: user=0.29 sys=0.00, real=0.04 secs] 
3515.921: [GC (Allocation Failure) [PSYoungGen: 427200K->113760K(493056K)] 933150K->741102K(1891328K), 0.0633478 secs] [Times: user=0.38 sys=0.00, real=0.06 secs] 
3518.245: [GC (Allocation Failure) [PSYoungGen: 410208K->124000K(499200K)] 1037550K->864310K(1897472K), 0.0537217 secs] [Times: user=0.31 sys=0.00, real=0.06 secs] 
3520.550: [GC (Allocation Failure) [PSYoungGen: 434272K->123744K(496128K)] 1174582K->977803K(1894400K), 0.0624164 secs] [Times: user=0.37 sys=0.00, real=0.06 secs] 
3521.234: [GC (Allocation Failure) [PSYoungGen: 434016K->127200K(508416K)] 1288075K->1105171K(1906688K), 0.0627606 secs] [Times: user=0.37 sys=0.01, real=0.07 secs] 
3523.076: [GC (Allocation Failure) [PSYoungGen: 453344K->2656K(329216K)] 1431315K->980659K(1727488K), 0.0025713 secs] [Times: user=0.01 sys=0.00, real=0.00 secs] 
3525.141: [GC (Allocation Failure) [PSYoungGen: 328800K->145728K(492544K)] 1306803K->1125520K(1890816K), 0.0640329 secs] [Times: user=0.37 sys=0.01, real=0.06 secs] 
3526.833: [GC (Allocation Failure) [PSYoungGen: 445248K->104192K(403968K)] 1425040K->1221496K(1802240K), 0.0816299 secs] [Times: user=0.48 sys=0.00, real=0.08 secs] 
3529.291: [GC (Allocation Failure) [PSYoungGen: 403712K->134560K(495616K)] 1521016K->1353973K(1893888K), 0.0516385 secs] [Times: user=0.31 sys=0.00, real=0.05 secs] 
3529.343: [Full GC (Ergonomics) [PSYoungGen: 134560K->0K(495616K)] [ParOldGen: 1219413K->151526K(1398272K)] 1353973K->151526K(1893888K), [Metaspace: 60248K->60248K(1105920K)], 0.3503086 secs] [Times: user=1.62 sys=0.00, real=0.35 secs] 
3530.793: [GC (Allocation Failure) [PSYoungGen: 304640K->113888K(497152K)] 456166K->265414K(1895424K), 0.0399782 secs] [Times: user=0.23 sys=0.00, real=0.04 secs] 
3533.128: [GC (Allocation Failure) [PSYoungGen: 418528K->134784K(500224K)] 570054K->398639K(1898496K), 0.0558174 secs] [Times: user=0.34 sys=0.00, real=0.05 secs] 
3534.459: [GC (Allocation Failure) [PSYoungGen: 449152K->115264K(501248K)] 713007K->504759K(1899520K), 0.0782573 secs] [Times: user=0.47 sys=0.00, real=0.08 secs] 
3537.109: [GC (Allocation Failure) [PSYoungGen: 429632K->139904K(503296K)] 819127K->643052K(1901568K), 0.0547600 secs] [Times: user=0.32 sys=0.00, real=0.05 secs] 
3538.637: [GC (Allocation Failure) [PSYoungGen: 462976K->115616K(506368K)] 966124K->748568K(1904640K), 0.1032781 secs] [Times: user=0.61 sys=0.01, real=0.10 secs] 
3541.321: [GC (Allocation Failure) [PSYoungGen: 438688K->149856K(505344K)] 1071640K->896037K(1903616K), 0.0557871 secs] [Times: user=0.33 sys=0.00, real=0.06 secs] 
3542.841: [GC (Allocation Failure) [PSYoungGen: 478560K->115392K(512000K)] 1224741K->1001849K(1910272K), 0.1113645 secs] [Times: user=0.66 sys=0.00, real=0.11 secs] 
3543.967: [GC (Allocation Failure) [PSYoungGen: 444096K->156160K(505856K)] 1330553K->1155174K(1904128K), 0.0566716 secs] [Times: user=0.34 sys=0.00, real=0.05 secs] 
3546.334: [GC (Allocation Failure) [PSYoungGen: 484352K->112640K(513536K)] 1483366K->1258358K(1911808K), 0.1440963 secs] [Times: user=0.85 sys=0.01, real=0.15 secs] 
3546.898: [GC (Allocation Failure) [PSYoungGen: 440832K->159200K(502272K)] 1586550K->1413291K(1900544K), 0.0555915 secs] [Times: user=0.33 sys=0.00, real=0.05 secs] 
3546.953: [Full GC (Ergonomics) [PSYoungGen: 159200K->0K(502272K)] [ParOldGen: 1254091K->211604K(1398272K)] 1413291K->211604K(1900544K), [Metaspace: 60249K->60249K(1105920K)], 0.4994822 secs] [Times: user=2.34 sys=0.00, real=0.50 secs] 
3550.416: [GC (Allocation Failure) [PSYoungGen: 321024K->98656K(509952K)] 532628K->310260K(1908224K), 0.1191380 secs] [Times: user=0.71 sys=0.00, real=0.11 secs] 
3550.950: [GC (Allocation Failure) [PSYoungGen: 419680K->159040K(498176K)] 631284K->464017K(1896448K), 0.0672378 secs] [Times: user=0.40 sys=0.01, real=0.07 secs] 
3554.006: [GC (Allocation Failure) [PSYoungGen: 469824K->91584K(504832K)] 774801K->555753K(1903104K), 0.1165687 secs] [Times: user=0.69 sys=0.00, real=0.12 secs] 
3554.374: [GC (Allocation Failure) [PSYoungGen: 402368K->154175K(496128K)] 866537K->704110K(1894400K), 0.0551071 secs] [Times: user=0.33 sys=0.01, real=0.06 secs] 
3558.246: [GC (Allocation Failure) [PSYoungGen: 456767K->88128K(500736K)] 1006702K->791926K(1899008K), 0.0918735 secs] [Times: user=0.54 sys=0.00, real=0.09 secs] 
3558.566: [GC (Allocation Failure) [PSYoungGen: 390720K->150304K(495616K)] 1094518K->935959K(1893888K), 0.0537044 secs] [Times: user=0.32 sys=0.00, real=0.06 secs] 
3562.084: [GC (Allocation Failure) [PSYoungGen: 448800K->89664K(498688K)] 1234455K->1025015K(1896960K), 0.1300096 secs] [Times: user=0.77 sys=0.00, real=0.13 secs] 
3562.468: [GC (Allocation Failure) [PSYoungGen: 388160K->149632K(495104K)] 1323511K->1168836K(1893376K), 0.0538195 secs] [Times: user=0.32 sys=0.00, real=0.05 secs] 
3565.611: [GC (Allocation Failure) [PSYoungGen: 446080K->84544K(497664K)] 1465284K->1253436K(1895936K), 0.1578515 secs] [Times: user=0.93 sys=0.01, real=0.16 secs] 
3566.098: [GC (Allocation Failure) [PSYoungGen: 377435K->141248K(496128K)] 1546327K->1390848K(1894400K), 0.0480695 secs] [Times: user=0.28 sys=0.01, real=0.05 secs] 
3566.147: [Full GC (Ergonomics) [PSYoungGen: 141248K->0K(496128K)] [ParOldGen: 1249600K->197501K(1398272K)] 1390848K->197501K(1894400K), [Metaspace: 60253K->60253K(1105920K)], 0.4761078 secs] [Times: user=2.23 sys=0.00, real=0.47 secs] 
3569.241: [GC (Allocation Failure) [PSYoungGen: 296960K->94592K(391680K)] 494461K->292093K(1789952K), 0.0769813 secs] [Times: user=0.46 sys=0.00, real=0.08 secs] 
3570.079: [GC (Allocation Failure) [PSYoungGen: 391552K->144352K(495104K)] 589053K->432777K(1893376K), 0.0467893 secs] [Times: user=0.27 sys=0.00, real=0.05 secs] 
3572.818: [GC (Allocation Failure) [PSYoungGen: 442336K->98784K(496640K)] 730761K->522594K(1894912K), 0.0854489 secs] [Times: user=0.51 sys=0.00, real=0.08 secs] 
3573.583: [GC (Allocation Failure) [PSYoungGen: 396768K->141856K(497664K)] 820578K->662563K(1895936K), 0.0497744 secs] [Times: user=0.29 sys=0.00, real=0.05 secs] 
3575.648: [GC (Allocation Failure) [PSYoungGen: 444448K->101824K(498176K)] 965155K->755587K(1896448K), 0.1059301 secs] [Times: user=0.63 sys=0.00, real=0.10 secs] 
3576.892: [GC (Allocation Failure) [PSYoungGen: 404416K->144384K(497664K)] 1058179K->897780K(1895936K), 0.0512118 secs] [Times: user=0.31 sys=0.00, real=0.05 secs] 
3578.990: [GC (Allocation Failure) [PSYoungGen: 450560K->101344K(499712K)] 1203956K->990652K(1897984K), 0.1701357 secs] [Times: user=1.02 sys=0.00, real=0.17 secs] 
3580.395: [GC (Allocation Failure) [PSYoungGen: 407520K->143264K(502272K)] 1296828K->1132807K(1900544K), 0.0517464 secs] [Times: user=0.31 sys=0.00, real=0.06 secs] 
3582.311: [GC (Allocation Failure) [PSYoungGen: 455584K->106208K(503808K)] 1445127K->1230767K(1902080K), 0.1048265 secs] [Times: user=0.63 sys=0.00, real=0.11 secs] 
3584.379: [GC (Allocation Failure) [PSYoungGen: 418528K->144576K(502784K)] 1543087K->1373628K(1901056K), 0.0530757 secs] [Times: user=0.31 sys=0.00, real=0.05 secs] 
3584.433: [Full GC (Ergonomics) [PSYoungGen: 144576K->0K(502784K)] [ParOldGen: 1229052K->170520K(1398272K)] 1373628K->170520K(1901056K), [Metaspace: 60253K->60253K(1105920K)], 0.4003838 secs] [Times: user=1.86 sys=0.00, real=0.40 secs] 
3586.589: [GC (Allocation Failure) [PSYoungGen: 315392K->109696K(504832K)] 485912K->280216K(1903104K), 0.0530887 secs] [Times: user=0.31 sys=0.00, real=0.05 secs] 
3588.314: [GC (Allocation Failure) [PSYoungGen: 425088K->147296K(504320K)] 595608K->424965K(1902592K), 0.0546482 secs] [Times: user=0.33 sys=0.00, real=0.06 secs] 
3590.186: [GC (Allocation Failure) [PSYoungGen: 464856K->110496K(507392K)] 742526K->526465K(1905664K), 0.1521495 secs] [Times: user=0.90 sys=0.00, real=0.16 secs] 
3591.455: [GC (Allocation Failure) [PSYoungGen: 429472K->152896K(504320K)] 845441K->676478K(1902592K), 0.0541134 secs] [Times: user=0.32 sys=0.00, real=0.06 secs] 
3593.475: [GC (Allocation Failure) [PSYoungGen: 472892K->108256K(509440K)] 996474K->775622K(1907712K), 0.1487136 secs] [Times: user=0.89 sys=0.00, real=0.15 secs] 
3594.232: [GC (Allocation Failure) [PSYoungGen: 414044K->150080K(505856K)] 1081410K->921791K(1904128K), 0.0524841 secs] [Times: user=0.31 sys=0.00, real=0.05 secs] 
3596.349: [GC (Allocation Failure) [PSYoungGen: 470080K->105568K(509440K)] 1241791K->1018987K(1907712K), 0.1555079 secs] [Times: user=0.93 sys=0.00, real=0.15 secs] 
3596.974: [GC (Allocation Failure) [PSYoungGen: 425568K->154272K(502784K)] 1338987K->1170097K(1901056K), 0.0835277 secs] [Times: user=0.49 sys=0.00, real=0.09 secs] 
3600.433: [GC (Allocation Failure) [PSYoungGen: 470176K->97024K(507392K)] 1486001K->1266941K(1905664K), 0.1624781 secs] [Times: user=0.97 sys=0.01, real=0.16 secs] 
3601.035: [GC (Allocation Failure) [PSYoungGen: 412928K->154944K(499200K)] 1582845K->1416558K(1897472K), 0.0557894 secs] [Times: user=0.34 sys=0.00, real=0.06 secs] 
3601.090: [Full GC (Ergonomics) [PSYoungGen: 154944K->0K(499200K)] [ParOldGen: 1261614K->214503K(1398272K)] 1416558K->214503K(1897472K), [Metaspace: 60377K->60377K(1105920K)], 0.4972636 secs] [Times: user=2.32 sys=0.00, real=0.50 secs] 
3604.853: [GC (Allocation Failure) [PSYoungGen: 308736K->89824K(503808K)] 523239K->304327K(1902080K), 0.1414491 secs] [Times: user=0.84 sys=0.00, real=0.14 secs] 
3605.294: [GC (Allocation Failure) [PSYoungGen: 398560K->152832K(496128K)] 613063K->451304K(1894400K), 0.0520858 secs] [Times: user=0.31 sys=0.00, real=0.06 secs] 
3607.990: [GC (Allocation Failure) [PSYoungGen: 454105K->89312K(500224K)] 752577K->540360K(1898496K), 0.1368095 secs] [Times: user=0.82 sys=0.00, real=0.14 secs] 
3608.387: [GC (Allocation Failure) [PSYoungGen: 390880K->147872K(497152K)] 841928K->684813K(1895424K), 0.0535366 secs] [Times: user=0.31 sys=0.00, real=0.05 secs] 
3610.876: [GC (Allocation Failure) [PSYoungGen: 447392K->89344K(499200K)] 984333K->774297K(1897472K), 0.1531856 secs] [Times: user=0.91 sys=0.00, real=0.15 secs] 
3612.515: [GC (Allocation Failure) [PSYoungGen: 385043K->142304K(498688K)] 1069996K->912958K(1896960K), 0.1298294 secs] [Times: user=0.78 sys=0.00, real=0.13 secs] 
3615.664: [GC (Allocation Failure) [PSYoungGen: 443360K->96960K(398336K)] 1214014K->1001818K(1796608K), 0.1602312 secs] [Times: user=0.96 sys=0.00, real=0.16 secs] 
3616.976: [GC (Allocation Failure) [PSYoungGen: 398016K->147584K(496640K)] 1302874K->1145395K(1894912K), 0.0503680 secs] [Times: user=0.30 sys=0.01, real=0.05 secs] 
3619.686: [GC (Allocation Failure) [PSYoungGen: 446836K->96128K(498688K)] 1444648K->1233107K(1896960K), 0.1615765 secs] [Times: user=0.97 sys=0.00, real=0.17 secs] 
3620.413: [GC (Allocation Failure) [PSYoungGen: 397171K->144832K(499200K)] 1534151K->1376368K(1897472K), 0.0502777 secs] [Times: user=0.30 sys=0.00, real=0.05 secs] 
3620.463: [Full GC (Ergonomics) [PSYoungGen: 144832K->0K(499200K)] [ParOldGen: 1231536K->183055K(1398272K)] 1376368K->183055K(1897472K), [Metaspace: 60377K->60377K(1105920K)], 0.4300100 secs] [Times: user=1.99 sys=0.00, real=0.43 secs] 
3623.297: [GC (Allocation Failure) [PSYoungGen: 304128K->99296K(500736K)] 487183K->282351K(1899008K), 0.0784769 secs] [Times: user=0.46 sys=0.00, real=0.07 secs] 
3624.119: [GC (Allocation Failure) [PSYoungGen: 403424K->144480K(499712K)] 586479K->424732K(1897984K), 0.0506123 secs] [Times: user=0.30 sys=0.00, real=0.05 secs] 
3626.582: [GC (Allocation Failure) [PSYoungGen: 450656K->102688K(500736K)] 730908K->518484K(1899008K), 0.1626238 secs] [Times: user=0.96 sys=0.01, real=0.16 secs] 
3627.631: [GC (Allocation Failure) [PSYoungGen: 408864K->145056K(499712K)] 824660K->661229K(1897984K), 0.0515086 secs] [Times: user=0.30 sys=0.00, real=0.05 secs] 
3629.645: [GC (Allocation Failure) [PSYoungGen: 453792K->106272K(501760K)] 969965K->758781K(1900032K), 0.0784956 secs] [Times: user=0.47 sys=0.00, real=0.08 secs] 
3630.341: [GC (GCLocker Initiated GC) [PSYoungGen: 415008K->148672K(500224K)] 1067519K->905629K(1898496K), 0.0529401 secs] [Times: user=0.31 sys=0.00, real=0.05 secs] 
3633.534: [GC (Allocation Failure) [PSYoungGen: 459968K->101344K(503808K)] 1216925K->998773K(1902080K), 0.1698446 secs] [Times: user=1.01 sys=0.01, real=0.17 secs] 
3634.259: [GC (Allocation Failure) [PSYoungGen: 412640K->158624K(496128K)] 1310069K->1155535K(1894400K), 0.0522007 secs] [Times: user=0.31 sys=0.00, real=0.05 secs] 
3637.379: [GC (Allocation Failure) [PSYoungGen: 465312K->100320K(502784K)] 1462223K->1239535K(1901056K), 0.1539711 secs] [Times: user=0.92 sys=0.00, real=0.15 secs] 
3638.340: [GC (Allocation Failure) [PSYoungGen: 407008K->145184K(502272K)] 1546223K->1382412K(1900544K), 0.0517295 secs] [Times: user=0.31 sys=0.00, real=0.05 secs] 
3638.392: [Full GC (Ergonomics) [PSYoungGen: 145184K->0K(502272K)] [ParOldGen: 1237228K->179587K(1398272K)] 1382412K->179587K(1900544K), [Metaspace: 60377K->60377K(1105920K)], 0.4268833 secs] [Times: user=1.98 sys=0.00, real=0.43 secs] 
3640.663: [GC (Allocation Failure) [PSYoungGen: 309248K->105248K(414720K)] 488835K->284835K(1812992K), 0.0769900 secs] [Times: user=0.45 sys=0.01, real=0.08 secs] 
3642.535: [GC (Allocation Failure) [PSYoungGen: 414496K->146336K(500224K)] 594083K->428572K(1898496K), 0.0526252 secs] [Times: user=0.31 sys=0.00, real=0.06 secs] 
3644.478: [GC (Allocation Failure) [PSYoungGen: 455584K->104512K(502272K)] 737820K->524532K(1900544K), 0.1182830 secs] [Times: user=0.71 sys=0.00, real=0.12 secs] 
3645.941: [GC (Allocation Failure) [PSYoungGen: 413760K->146912K(502784K)] 833780K->669149K(1901056K), 0.0519113 secs] [Times: user=0.31 sys=0.00, real=0.05 secs] 
3648.644: [GC (Allocation Failure) [PSYoungGen: 459381K->104608K(504832K)] 981619K->765557K(1903104K), 0.1522403 secs] [Times: user=0.91 sys=0.00, real=0.15 secs] 
3649.593: [GC (GCLocker Initiated GC) [PSYoungGen: 417440K->148640K(503296K)] 1078391K->912000K(1901568K), 0.0517140 secs] [Times: user=0.31 sys=0.00, real=0.05 secs] 
3652.545: [GC (Allocation Failure) [PSYoungGen: 463008K->104640K(505856K)] 1226369K->1008109K(1904128K), 0.1632246 secs] [Times: user=0.97 sys=0.01, real=0.17 secs] 
3653.453: [GC (Allocation Failure) [PSYoungGen: 419008K->152576K(501760K)] 1322477K->1157458K(1900032K), 0.0566039 secs] [Times: user=0.33 sys=0.00, real=0.06 secs] 
3656.614: [GC (GCLocker Initiated GC) [PSYoungGen: 465408K->101504K(505856K)] 1470290K->1250642K(1904128K), 0.1702479 secs] [Times: user=1.02 sys=0.01, real=0.17 secs] 
3657.686: [GC (Allocation Failure) [PSYoungGen: 414336K->151104K(501248K)] 1563522K->1397795K(1899520K), 0.0507065 secs] [Times: user=0.30 sys=0.00, real=0.05 secs] 
3657.737: [Full GC (Ergonomics) [PSYoungGen: 151104K->0K(501248K)] [ParOldGen: 1246691K->194322K(1398272K)] 1397795K->194322K(1899520K), [Metaspace: 60400K->60400K(1105920K)], 0.4746525 secs] [Times: user=2.22 sys=0.00, real=0.47 secs] 
3660.803: [GC (Allocation Failure) [PSYoungGen: 310784K->103808K(504832K)] 505106K->298130K(1903104K), 0.0947698 secs] [Times: user=0.56 sys=0.00, real=0.10 secs] 
3661.752: [GC (Allocation Failure) [PSYoungGen: 414070K->150464K(501760K)] 608392K->444859K(1900032K), 0.0502744 secs] [Times: user=0.29 sys=0.00, real=0.05 secs] 
3663.680: [GC (Allocation Failure) [PSYoungGen: 461248K->105120K(504832K)] 755643K->541635K(1903104K), 0.1553734 secs] [Times: user=0.93 sys=0.00, real=0.15 secs] 
3664.340: [GC (Allocation Failure) [PSYoungGen: 406789K->145760K(504320K)] 843304K->683447K(1902592K), 0.0493073 secs] [Times: user=0.29 sys=0.01, real=0.05 secs] 
3667.249: [GC (Allocation Failure) [PSYoungGen: 458592K->102240K(415232K)] 996279K->776967K(1813504K), 0.1673221 secs] [Times: user=1.00 sys=0.00, real=0.17 secs] 
3668.439: [GC (Allocation Failure) [PSYoungGen: 406097K->148480K(502272K)] 1080825K->921208K(1900544K), 0.0496532 secs] [Times: user=0.29 sys=0.00, real=0.05 secs] 
3669.815: [GC (Allocation Failure) [PSYoungGen: 460800K->106720K(504832K)] 1233528K->1019464K(1903104K), 0.1059805 secs] [Times: user=0.63 sys=0.01, real=0.11 secs] 
3670.281: [GC (Allocation Failure) [PSYoungGen: 419040K->152480K(502272K)] 1331784K->1168853K(1900544K), 0.0527551 secs] [Times: user=0.32 sys=0.00, real=0.05 secs] 
3673.746: [GC (Allocation Failure) [PSYoungGen: 465312K->91936K(505856K)] 1481685K->1260953K(1904128K), 0.1634449 secs] [Times: user=0.96 sys=0.00, real=0.17 secs] 
3674.273: [GC (Allocation Failure) [PSYoungGen: 404768K->152224K(499200K)] 1573785K->1409470K(1897472K), 0.0546624 secs] [Times: user=0.32 sys=0.00, real=0.06 secs] 
3674.327: [Full GC (Ergonomics) [PSYoungGen: 152224K->0K(499200K)] [ParOldGen: 1257246K->207953K(1398272K)] 1409470K->207953K(1897472K), [Metaspace: 60407K->60407K(1105920K)], 0.4878031 secs] [Times: user=2.29 sys=0.00, real=0.48 secs] 
3678.371: [GC (Allocation Failure) [PSYoungGen: 306688K->90400K(502784K)] 514641K->298353K(1901056K), 0.1603246 secs] [Times: user=0.95 sys=0.00, real=0.16 secs] 
3679.008: [GC (Allocation Failure) [PSYoungGen: 385307K->141408K(501248K)] 593261K->436094K(1899520K), 0.0485097 secs] [Times: user=0.29 sys=0.00, real=0.05 secs] 
3681.185: [GC (GCLocker Initiated GC) [PSYoungGen: 448608K->100672K(408064K)] 743294K->528286K(1806336K), 0.1591660 secs] [Times: user=0.94 sys=0.00, real=0.16 secs] 
3682.066: [GC (Allocation Failure) [PSYoungGen: 407872K->142336K(501248K)] 851874K->682929K(1899520K), 0.2490830 secs] [Times: user=1.48 sys=0.00, real=0.24 secs] 
3684.099: [GC (Allocation Failure) [PSYoungGen: 451584K->94816K(501760K)] 992177K->777773K(1900032K), 0.3954385 secs] [Times: user=2.36 sys=0.01, real=0.39 secs] 
3684.778: [GC (Allocation Failure) [PSYoungGen: 404064K->148672K(501760K)] 1087021K->923246K(1900032K), 0.0541120 secs] [Times: user=0.32 sys=0.00, real=0.05 secs] 
3690.097: [GC (Allocation Failure) [PSYoungGen: 459456K->89600K(504832K)] 1234030K->1012122K(1903104K), 0.1652466 secs] [Times: user=0.98 sys=0.00, real=0.16 secs] 
3690.669: [GC (Allocation Failure) [PSYoungGen: 387776K->144576K(502784K)] 1310299K->1153311K(1901056K), 0.0490615 secs] [Times: user=0.29 sys=0.00, real=0.05 secs] 
3692.600: [GC (Allocation Failure) [PSYoungGen: 454336K->104768K(414720K)] 1463071K->1249743K(1812992K), 0.1253025 secs] [Times: user=0.74 sys=0.00, real=0.12 secs] 
3693.335: [GC (Allocation Failure) [PSYoungGen: 414333K->146432K(499200K)] 1559308K->1392896K(1897472K), 0.0830982 secs] [Times: user=0.50 sys=0.00, real=0.09 secs] 
3693.418: [Full GC (Ergonomics) [PSYoungGen: 146432K->0K(499200K)] [ParOldGen: 1246464K->197315K(1398272K)] 1392896K->197315K(1897472K), [Metaspace: 60415K->60415K(1105920K)], 0.4814877 secs] [Times: user=2.24 sys=0.00, real=0.48 secs] 
3696.613: [GC (Allocation Failure) [PSYoungGen: 308736K->103456K(501760K)] 506051K->300771K(1900032K), 0.0963063 secs] [Times: user=0.56 sys=0.01, real=0.10 secs] 
3697.109: [GC (Allocation Failure) [PSYoungGen: 402954K->146944K(502272K)] 600269K->444153K(1900544K), 0.0488916 secs] [Times: user=0.29 sys=0.00, real=0.05 secs] 
3700.075: [GC (Allocation Failure) [PSYoungGen: 459776K->99776K(504832K)] 756985K->535753K(1903104K), 0.1435262 secs] [Times: user=0.85 sys=0.01, real=0.15 secs] 
3700.834: [GC (Allocation Failure) [PSYoungGen: 412608K->151168K(501248K)] 848585K->683642K(1899520K), 0.0490133 secs] [Times: user=0.29 sys=0.00, real=0.05 secs] 
3702.956: [GC (Allocation Failure) [PSYoungGen: 462976K->103840K(505344K)] 995450K->778958K(1903616K), 0.1683254 secs] [Times: user=0.99 sys=0.00, real=0.16 secs] 
3704.185: [GC (Allocation Failure) [PSYoungGen: 415648K->147744K(503296K)] 1090766K->922711K(1901568K), 0.0497554 secs] [Times: user=0.30 sys=0.00, real=0.05 secs] 
3706.416: [GC (Allocation Failure) [PSYoungGen: 460576K->105216K(418304K)] 1235543K->1018999K(1816576K), 0.1663452 secs] [Times: user=0.98 sys=0.01, real=0.16 secs] 
3707.685: [GC (Allocation Failure) [PSYoungGen: 410115K->146432K(502784K)] 1323898K->1161355K(1901056K), 0.0503385 secs] [Times: user=0.30 sys=0.00, real=0.05 secs] 
3710.436: [GC (Allocation Failure) [PSYoungGen: 459776K->104672K(504832K)] 1474699K->1256720K(1903104K), 0.1641248 secs] [Times: user=0.97 sys=0.00, real=0.16 secs] 
3711.032: [GC (Allocation Failure) [PSYoungGen: 405108K->145984K(504320K)] 1557156K->1399197K(1902592K), 0.0507325 secs] [Times: user=0.30 sys=0.00, real=0.05 secs] 
3711.082: [Full GC (Ergonomics) [PSYoungGen: 145984K->0K(504320K)] [ParOldGen: 1253213K->197033K(1398272K)] 1399197K->197033K(1902592K), [Metaspace: 60416K->60416K(1105920K)], 0.4754111 secs] [Times: user=2.17 sys=0.00, real=0.48 secs] 
3714.717: [GC (Allocation Failure) [PSYoungGen: 315904K->102688K(506368K)] 512937K->299721K(1904640K), 0.0782057 secs] [Times: user=0.46 sys=0.00, real=0.07 secs] 
3715.861: [GC (Allocation Failure) [PSYoungGen: 410931K->148384K(505344K)] 607965K->444266K(1903616K), 0.0490749 secs] [Times: user=0.29 sys=0.00, real=0.05 secs] 
3718.793: [GC (Allocation Failure) [PSYoungGen: 465824K->105024K(507904K)] 761706K->540458K(1906176K), 0.1472738 secs] [Times: user=0.88 sys=0.00, real=0.15 secs] 
3719.842: [GC (Allocation Failure) [PSYoungGen: 422464K->155488K(500736K)] 857898K->691570K(1899008K), 0.0517243 secs] [Times: user=0.31 sys=0.00, real=0.05 secs] 
3722.582: [GC (Allocation Failure) [PSYoungGen: 468320K->95168K(505856K)] 1004402K->786626K(1904128K), 0.1664449 secs] [Times: user=0.99 sys=0.00, real=0.17 secs] 
3723.227: [GC (Allocation Failure) [PSYoungGen: 408000K->151776K(499712K)] 1099458K->934575K(1897984K), 0.0546861 secs] [Times: user=0.32 sys=0.00, real=0.05 secs] 
3725.481: [GC (Allocation Failure) [PSYoungGen: 459488K->94688K(503296K)] 1242287K->1028899K(1901568K), 0.1541358 secs] [Times: user=0.92 sys=0.00, real=0.15 secs] 
3725.934: [GC (Allocation Failure) [PSYoungGen: 402400K->153792K(496640K)] 1336611K->1177108K(1894912K), 0.0546471 secs] [Times: user=0.32 sys=0.01, real=0.06 secs] 
3729.396: [GC (Allocation Failure) [PSYoungGen: 453232K->86944K(500736K)] 1476549K->1264124K(1899008K), 0.1380444 secs] [Times: user=0.83 sys=0.00, real=0.14 secs] 
3730.099: [GC (GCLocker Initiated GC) [PSYoungGen: 389536K->147840K(497152K)] 1566716K->1408529K(1895424K), 0.0769628 secs] [Times: user=0.46 sys=0.00, real=0.07 secs] 
3730.176: [Full GC (Ergonomics) [PSYoungGen: 147840K->0K(497152K)] [ParOldGen: 1260689K->206354K(1398272K)] 1408529K->206354K(1895424K), [Metaspace: 60416K->60416K(1105920K)], 0.4814624 secs] [Times: user=2.25 sys=0.00, real=0.49 secs] 
3734.162: [GC (Allocation Failure) [PSYoungGen: 299520K->89280K(499200K)] 505877K->295637K(1897472K), 0.1500184 secs] [Times: user=0.89 sys=0.00, real=0.15 secs] 
3734.619: [GC (Allocation Failure) [PSYoungGen: 388800K->145568K(497664K)] 595157K->435746K(1895936K), 0.0475413 secs] [Times: user=0.28 sys=0.00, real=0.05 secs] 
3737.098: [GC (Allocation Failure) [PSYoungGen: 445088K->95808K(395776K)] 735266K->523078K(1794048K), 0.1637991 secs] [Times: user=0.97 sys=0.00, real=0.16 secs] 
3738.218: [GC (Allocation Failure) [PSYoungGen: 395328K->145824K(495616K)] 822598K->665118K(1893888K), 0.0476506 secs] [Times: user=0.29 sys=0.00, real=0.05 secs] 
3741.083: [GC (Allocation Failure) [PSYoungGen: 444832K->97888K(497664K)] 964126K->754278K(1895936K), 0.1490504 secs] [Times: user=0.89 sys=0.00, real=0.15 secs] 
3741.785: [GC (Allocation Failure) [PSYoungGen: 396896K->144832K(497152K)] 1053286K->896667K(1895424K), 0.0493412 secs] [Times: user=0.30 sys=0.00, real=0.05 secs] 
3743.962: [GC (Allocation Failure) [PSYoungGen: 446912K->100384K(498688K)] 1198747K->988379K(1896960K), 0.1736409 secs] [Times: user=1.03 sys=0.01, real=0.18 secs] 
3745.813: [GC (Allocation Failure) [PSYoungGen: 402464K->143328K(499712K)] 1290459K->1129016K(1897984K), 0.0504124 secs] [Times: user=0.30 sys=0.00, real=0.05 secs] 
3747.834: [GC (Allocation Failure) [PSYoungGen: 449504K->101952K(500736K)] 1435192K->1222364K(1899008K), 0.1561530 secs] [Times: user=0.93 sys=0.01, real=0.16 secs] 
3750.070: [GC (Allocation Failure) [PSYoungGen: 408128K->141824K(501248K)] 1528540K->1361781K(1899520K), 0.0510952 secs] [Times: user=0.30 sys=0.00, real=0.05 secs] 
3750.121: [Full GC (Ergonomics) [PSYoungGen: 141824K->0K(501248K)] [ParOldGen: 1219957K->168268K(1398272K)] 1361781K->168268K(1899520K), [Metaspace: 60416K->60416K(1105920K)], 0.3912082 secs] [Times: user=1.81 sys=0.00, real=0.39 secs] 
3752.221: [GC (Allocation Failure) [PSYoungGen: 310272K->106208K(501760K)] 478540K->274476K(1900032K), 0.0831450 secs] [Times: user=0.48 sys=0.00, real=0.08 secs] 
3754.451: [GC (Allocation Failure) [PSYoungGen: 416480K->143264K(503296K)] 584748K->415709K(1901568K), 0.0533784 secs] [Times: user=0.32 sys=0.00, real=0.05 secs] 
3756.055: [GC (Allocation Failure) [PSYoungGen: 458656K->109792K(504320K)] 731101K->516149K(1902592K), 0.1271017 secs] [Times: user=0.76 sys=0.01, real=0.13 secs] 
3757.643: [GC (Allocation Failure) [PSYoungGen: 425184K->147296K(503808K)] 831541K->660690K(1902080K), 0.0532797 secs] [Times: user=0.32 sys=0.01, real=0.06 secs] 
3759.580: [GC (Allocation Failure) [PSYoungGen: 466272K->111424K(506880K)] 979666K->763018K(1905152K), 0.1650901 secs] [Times: user=0.98 sys=0.00, real=0.16 secs] 
3761.233: [GC (Allocation Failure) [PSYoungGen: 430400K->152256K(505344K)] 1081994K->912250K(1903616K), 0.0544889 secs] [Times: user=0.32 sys=0.00, real=0.06 secs] 
3763.488: [GC (Allocation Failure) [PSYoungGen: 473792K->107200K(509952K)] 1233786K->1010934K(1908224K), 0.1733996 secs] [Times: user=1.03 sys=0.00, real=0.17 secs] 
3764.819: [GC (Allocation Failure) [PSYoungGen: 424240K->153568K(503808K)] 1327975K->1160123K(1902080K), 0.0531889 secs] [Times: user=0.32 sys=0.00, real=0.05 secs] 
3767.495: [GC (Allocation Failure) [PSYoungGen: 471520K->108032K(508416K)] 1478075K->1259287K(1906688K), 0.1683625 secs] [Times: user=1.00 sys=0.00, real=0.17 secs] 
3768.258: [GC (Allocation Failure) [PSYoungGen: 425984K->155680K(501248K)] 1577239K->1411076K(1899520K), 0.0535495 secs] [Times: user=0.32 sys=0.00, real=0.05 secs] 
3768.312: [Full GC (Ergonomics) [PSYoungGen: 155680K->0K(501248K)] [ParOldGen: 1255396K->209766K(1398272K)] 1411076K->209766K(1899520K), [Metaspace: 60416K->60416K(1105920K)], 0.4834074 secs] [Times: user=2.24 sys=0.00, real=0.48 secs] 
3772.421: [GC (Allocation Failure) [PSYoungGen: 313856K->90880K(506368K)] 523622K->300646K(1904640K), 0.1458271 secs] [Times: user=0.87 sys=0.01, real=0.15 secs] 
3772.852: [GC (Allocation Failure) [PSYoungGen: 404736K->192480K(425472K)] 614502K->498315K(1823744K), 0.0616022 secs] [Times: user=0.32 sys=0.04, real=0.06 secs] 
3776.543: [GC (Allocation Failure) [PSYoungGen: 425440K->57536K(465920K)] 731275K->506651K(1864192K), 0.0739435 secs] [Times: user=0.44 sys=0.00, real=0.08 secs] 
3777.442: [GC (Allocation Failure) [PSYoungGen: 290496K->110912K(465920K)] 739611K->615588K(1864192K), 0.0411868 secs] [Times: user=0.24 sys=0.00, real=0.04 secs] 
3778.860: [GC (GCLocker Initiated GC) [PSYoungGen: 343872K->118112K(465920K)] 848548K->725148K(1864192K), 0.1241646 secs] [Times: user=0.74 sys=0.00, real=0.12 secs] 
3781.372: [GC (GCLocker Initiated GC) [PSYoungGen: 351072K->53536K(465920K)] 962207K->782455K(1864192K), 0.1054379 secs] [Times: user=0.62 sys=0.01, real=0.11 secs] 
3781.753: [GC (Allocation Failure) [PSYoungGen: 286496K->125984K(359424K)] 1015450K->906978K(1757696K), 0.0536247 secs] [Times: user=0.32 sys=0.01, real=0.06 secs] 
3783.517: [GC (Allocation Failure) [PSYoungGen: 358944K->83712K(462848K)] 1139938K->974254K(1861120K), 0.1030669 secs] [Times: user=0.62 sys=0.00, real=0.10 secs] 
3784.961: [GC (Allocation Failure) [PSYoungGen: 316353K->92800K(458752K)] 1206896K->1066758K(1857024K), 0.0659055 secs] [Times: user=0.38 sys=0.00, real=0.07 secs] 
3785.573: [GC (Allocation Failure) [PSYoungGen: 329856K->116992K(467456K)] 1303814K->1178487K(1865728K), 0.0896746 secs] [Times: user=0.53 sys=0.00, real=0.09 secs] 
3788.250: [GC (GCLocker Initiated GC) [PSYoungGen: 378112K->69856K(467456K)] 1439607K->1248103K(1865728K), 0.1180435 secs] [Times: user=0.70 sys=0.01, real=0.12 secs] 
3788.934: [GC (Allocation Failure) [PSYoungGen: 330976K->127840K(486400K)] 1509226K->1372942K(1884672K), 0.0526949 secs] [Times: user=0.31 sys=0.00, real=0.06 secs] 
3788.987: [Full GC (Ergonomics) [PSYoungGen: 127840K->0K(486400K)] [ParOldGen: 1245102K->174975K(1398272K)] 1372942K->174975K(1884672K), [Metaspace: 60416K->60416K(1105920K)], 0.4144521 secs] [Times: user=1.92 sys=0.00, real=0.41 secs] 
3792.983: [GC (Allocation Failure) [PSYoungGen: 287232K->90720K(488960K)] 462207K->265695K(1887232K), 0.0592136 secs] [Times: user=0.35 sys=0.00, real=0.06 secs] 
3794.791: [GC (Allocation Failure) [PSYoungGen: 377952K->132576K(494592K)] 552927K->396796K(1892864K), 0.0482176 secs] [Times: user=0.29 sys=0.00, real=0.05 secs] 
3796.728: [GC (Allocation Failure) [PSYoungGen: 430560K->112320K(410624K)] 694780K->500224K(1808896K), 0.0619042 secs] [Times: user=0.37 sys=0.01, real=0.06 secs] 
3798.844: [GC (Allocation Failure) [PSYoungGen: 410304K->123808K(496640K)] 798208K->623896K(1894912K), 0.0521539 secs] [Times: user=0.31 sys=0.00, real=0.06 secs] 
3800.050: [GC (Allocation Failure) [PSYoungGen: 432544K->123840K(493568K)] 932632K->737357K(1891840K), 0.0621269 secs] [Times: user=0.37 sys=0.00, real=0.06 secs] 
3801.532: [GC (Allocation Failure) [PSYoungGen: 432576K->126688K(509440K)] 1046093K->864213K(1907712K), 0.0575313 secs] [Times: user=0.34 sys=0.00, real=0.06 secs] 
3802.798: [GC (Allocation Failure) [PSYoungGen: 454880K->3136K(331776K)] 1192405K->740713K(1730048K), 0.0022125 secs] [Times: user=0.01 sys=0.00, real=0.00 secs] 
3804.314: [GC (Allocation Failure) [PSYoungGen: 331328K->149984K(490496K)] 1068905K->889490K(1888768K), 0.0299428 secs] [Times: user=0.18 sys=0.01, real=0.03 secs] 
3806.605: [GC (Allocation Failure) [PSYoungGen: 448480K->101568K(498688K)] 1187986K->982770K(1896960K), 0.0709462 secs] [Times: user=0.42 sys=0.01, real=0.08 secs] 
3808.667: [GC (Allocation Failure) [PSYoungGen: 400064K->136000K(497664K)] 1281266K->1117234K(1895936K), 0.0511399 secs] [Times: user=0.31 sys=0.00, real=0.05 secs] 
3809.971: [GC (Allocation Failure) [PSYoungGen: 441152K->110720K(416256K)] 1422386K->1218778K(1814528K), 0.0811669 secs] [Times: user=0.49 sys=0.00, real=0.08 secs] 
3812.609: [GC (Allocation Failure) [PSYoungGen: 415872K->136032K(496128K)] 1523930K->1353575K(1894400K), 0.0530904 secs] [Times: user=0.32 sys=0.00, real=0.05 secs] 
3812.662: [Full GC (Ergonomics) [PSYoungGen: 136032K->0K(496128K)] [ParOldGen: 1217543K->152687K(1398272K)] 1353575K->152687K(1894400K), [Metaspace: 60417K->60417K(1105920K)], 0.3546692 secs] [Times: user=1.64 sys=0.00, real=0.36 secs] 
3814.129: [GC (Allocation Failure) [PSYoungGen: 310272K->112960K(498176K)] 462959K->265647K(1896448K), 0.0395512 secs] [Times: user=0.23 sys=0.00, real=0.04 secs] 
3816.617: [GC (Allocation Failure) [PSYoungGen: 423232K->138912K(502272K)] 575919K->403260K(1900544K), 0.0563118 secs] [Times: user=0.34 sys=0.00, real=0.05 secs] 
3817.974: [GC (Allocation Failure) [PSYoungGen: 460960K->114656K(505344K)] 725308K->508404K(1903616K), 0.0700552 secs] [Times: user=0.42 sys=0.00, real=0.07 secs] 
3819.566: [GC (Allocation Failure) [PSYoungGen: 436704K->150208K(505344K)] 830452K->657273K(1903616K), 0.0548711 secs] [Times: user=0.32 sys=0.00, real=0.06 secs] 
3822.516: [GC (Allocation Failure) [PSYoungGen: 478912K->110432K(512000K)] 985977K->759337K(1910272K), 0.1120880 secs] [Times: user=0.67 sys=0.00, real=0.12 secs] 
3823.473: [GC (Allocation Failure) [PSYoungGen: 439136K->158560K(502784K)] 1088041K->916003K(1901056K), 0.0552538 secs] [Times: user=0.33 sys=0.00, real=0.06 secs] 
3826.738: [GC (Allocation Failure) [PSYoungGen: 482656K->109440K(511488K)] 1240099K->1017243K(1909760K), 0.1413962 secs] [Times: user=0.84 sys=0.00, real=0.14 secs] 
3827.316: [GC (Allocation Failure) [PSYoungGen: 433536K->158784K(500224K)] 1341339K->1172148K(1898496K), 0.0548864 secs] [Times: user=0.32 sys=0.00, real=0.05 secs] 
3830.252: [GC (Allocation Failure) [PSYoungGen: 475712K->94816K(507904K)] 1489076K->1266612K(1906176K), 0.1418625 secs] [Times: user=0.85 sys=0.00, real=0.14 secs] 
3831.077: [GC (Allocation Failure) [PSYoungGen: 411744K->154080K(499200K)] 1583540K->1415149K(1897472K), 0.1016027 secs] [Times: user=0.61 sys=0.00, real=0.10 secs] 
3831.179: [Full GC (Ergonomics) [PSYoungGen: 154080K->0K(499200K)] [ParOldGen: 1261069K->212862K(1398272K)] 1415149K->212862K(1897472K), [Metaspace: 60418K->60418K(1105920K)], 0.5287161 secs] [Times: user=2.50 sys=0.01, real=0.53 secs] 
3835.445: [GC (Allocation Failure) [PSYoungGen: 309760K->99328K(504320K)] 522622K->312190K(1902592K), 0.1396111 secs] [Times: user=0.83 sys=0.00, real=0.14 secs] 
3836.231: [GC (Allocation Failure) [PSYoungGen: 409088K->152832K(498688K)] 621950K->450875K(1896960K), 0.0525942 secs] [Times: user=0.31 sys=0.00, real=0.05 secs] 
3838.694: [GC (Allocation Failure) [PSYoungGen: 459520K->92864K(502784K)] 757563K->543495K(1901056K), 0.1558751 secs] [Times: user=0.93 sys=0.00, real=0.16 secs] 
3839.193: [GC (Allocation Failure) [PSYoungGen: 399552K->153152K(495616K)] 850183K->690860K(1893888K), 0.0532388 secs] [Times: user=0.32 sys=0.00, real=0.06 secs] 
3843.113: [GC (Allocation Failure) [PSYoungGen: 453696K->85056K(499712K)] 991404K->775876K(1897984K), 0.1579610 secs] [Times: user=0.94 sys=0.01, real=0.16 secs] 
3843.871: [GC (Allocation Failure) [PSYoungGen: 373061K->141600K(498176K)] 1063881K->913981K(1896448K), 0.0488405 secs] [Times: user=0.29 sys=0.00, real=0.05 secs] 
3845.413: [GC (Allocation Failure) [PSYoungGen: 442656K->101408K(402944K)] 1215037K->1007277K(1801216K), 0.1558043 secs] [Times: user=0.93 sys=0.01, real=0.16 secs] 
3847.109: [GC (Allocation Failure) [PSYoungGen: 402464K->142400K(497664K)] 1308333K->1146093K(1895936K), 0.1058059 secs] [Times: user=0.63 sys=0.00, real=0.10 secs] 
3850.586: [GC (Allocation Failure) [PSYoungGen: 445504K->98944K(498176K)] 1449197K->1236541K(1896448K), 0.1377120 secs] [Times: user=0.82 sys=0.00, real=0.13 secs] 
3851.241: [GC (Allocation Failure) [PSYoungGen: 402048K->148864K(497664K)] 1539645K->1382250K(1895936K), 0.0505793 secs] [Times: user=0.30 sys=0.00, real=0.05 secs] 
3851.291: [Full GC (Ergonomics) [PSYoungGen: 148864K->0K(497664K)] [ParOldGen: 1233386K->187419K(1398272K)] 1382250K->187419K(1895936K), [Metaspace: 60422K->60422K(1105920K)], 0.4399119 secs] [Times: user=2.04 sys=0.00, real=0.44 secs] 
3854.038: [GC (Allocation Failure) [PSYoungGen: 305664K->100480K(501248K)] 493083K->287907K(1899520K), 0.0904327 secs] [Times: user=0.53 sys=0.01, real=0.09 secs] 
3855.880: [GC (Allocation Failure) [PSYoungGen: 406144K->146784K(500736K)] 593571K->431392K(1899008K), 0.1362056 secs] [Times: user=0.80 sys=0.00, real=0.14 secs] 
3859.036: [GC (Allocation Failure) [PSYoungGen: 455520K->101376K(503296K)] 740128K->524584K(1901568K), 0.1532366 secs] [Times: user=0.90 sys=0.01, real=0.16 secs] 
3860.471: [GC (Allocation Failure) [PSYoungGen: 410112K->145696K(502272K)] 833320K->667357K(1900544K), 0.0511200 secs] [Times: user=0.30 sys=0.00, real=0.05 secs] 
3862.660: [GC (Allocation Failure) [PSYoungGen: 456480K->107104K(503808K)] 978141K->765669K(1902080K), 0.1343738 secs] [Times: user=0.80 sys=0.00, real=0.13 secs] 
3863.823: [GC (Allocation Failure) [PSYoungGen: 417888K->149504K(500736K)] 1076453K->911266K(1899008K), 0.0530699 secs] [Times: user=0.31 sys=0.00, real=0.06 secs] 
3866.325: [GC (GCLocker Initiated GC) [PSYoungGen: 460800K->103712K(503808K)] 1222562K->1006434K(1902080K), 0.1235989 secs] [Times: user=0.73 sys=0.01, real=0.13 secs] 
3867.280: [GC (Allocation Failure) [PSYoungGen: 415008K->152832K(500224K)] 1317733K->1156013K(1898496K), 0.0555445 secs] [Times: user=0.33 sys=0.00, real=0.05 secs] 
3870.637: [GC (Allocation Failure) [PSYoungGen: 463616K->98176K(504832K)] 1466797K->1245945K(1903104K), 0.1591979 secs] [Times: user=0.95 sys=0.00, real=0.16 secs] 
3871.980: [GC (Allocation Failure) [PSYoungGen: 408960K->152192K(499712K)] 1556729K->1394074K(1897984K), 0.0515017 secs] [Times: user=0.31 sys=0.00, real=0.05 secs] 
3872.032: [Full GC (Ergonomics) [PSYoungGen: 152192K->0K(499712K)] [ParOldGen: 1241882K->191731K(1398272K)] 1394074K->191731K(1897984K), [Metaspace: 60439K->60439K(1105920K)], 0.4542984 secs] [Times: user=2.11 sys=0.00, real=0.46 secs] 
3875.393: [GC (Allocation Failure) [PSYoungGen: 307712K->101280K(503296K)] 499443K->293011K(1901568K), 0.1004202 secs] [Times: user=0.54 sys=0.01, real=0.10 secs] 
3876.952: [GC (Allocation Failure) [PSYoungGen: 408992K->149760K(500736K)] 600723K->439296K(1899008K), 0.0493489 secs] [Times: user=0.29 sys=0.00, real=0.05 secs] 
3879.074: [GC (GCLocker Initiated GC) [PSYoungGen: 457472K->96864K(503296K)] 747008K->527672K(1901568K), 0.1549172 secs] [Times: user=0.92 sys=0.00, real=0.16 secs] 
3880.322: [GC (Allocation Failure) [PSYoungGen: 404576K->158112K(493568K)] 835387K->681704K(1891840K), 0.0491706 secs] [Times: user=0.29 sys=0.00, real=0.05 secs] 
3883.054: [GC (Allocation Failure) [PSYoungGen: 457632K->100448K(499200K)] 981224K->765248K(1897472K), 0.1444260 secs] [Times: user=0.86 sys=0.01, real=0.15 secs] 
3884.998: [GC (Allocation Failure) [PSYoungGen: 399968K->142624K(495616K)] 1064768K->904641K(1893888K), 0.0509940 secs] [Times: user=0.30 sys=0.00, real=0.05 secs] 
3887.589: [GC (Allocation Failure) [PSYoungGen: 444704K->100608K(498688K)] 1206721K->996481K(1896960K), 0.1457760 secs] [Times: user=0.87 sys=0.00, real=0.14 secs] 
3888.952: [GC (Allocation Failure) [PSYoungGen: 402688K->141472K(500736K)] 1298561K->1135922K(1899008K), 0.0512453 secs] [Times: user=0.31 sys=0.00, real=0.05 secs] 
3892.089: [GC (Allocation Failure) [PSYoungGen: 449696K->104064K(501760K)] 1444146K->1231434K(1900032K), 0.1615458 secs] [Times: user=0.96 sys=0.01, real=0.16 secs] 
3894.192: [GC (Allocation Failure) [PSYoungGen: 412288K->144512K(502272K)] 1539658K->1373151K(1900544K), 0.0533159 secs] [Times: user=0.32 sys=0.00, real=0.05 secs] 
3894.245: [Full GC (Ergonomics) [PSYoungGen: 144512K->0K(502272K)] [ParOldGen: 1228639K->171159K(1398272K)] 1373151K->171159K(1900544K), [Metaspace: 60447K->60447K(1105920K)], 0.4045892 secs] [Times: user=1.88 sys=0.00, real=0.41 secs] 
3895.978: [GC (Allocation Failure) [PSYoungGen: 311808K->108768K(503296K)] 482967K->279927K(1901568K), 0.0515842 secs] [Times: user=0.25 sys=0.00, real=0.05 secs] 
3897.607: [GC (Allocation Failure) [PSYoungGen: 420576K->144096K(503808K)] 591735K->421516K(1902080K), 0.0542107 secs] [Times: user=0.32 sys=0.00, real=0.05 secs] 
3899.172: [GC (Allocation Failure) [PSYoungGen: 460000K->110176K(504832K)] 737420K->522320K(1903104K), 0.0812748 secs] [Times: user=0.48 sys=0.01, real=0.08 secs] 
3901.068: [GC (Allocation Failure) [PSYoungGen: 426080K->148928K(504320K)] 838224K->668597K(1902592K), 0.0536235 secs] [Times: user=0.32 sys=0.00, real=0.05 secs] 
3903.374: [GC (Allocation Failure) [PSYoungGen: 467904K->109376K(507392K)] 987573K->769293K(1905664K), 0.1480416 secs] [Times: user=0.88 sys=0.00, real=0.15 secs] 
3904.410: [GC (Allocation Failure) [PSYoungGen: 428352K->160800K(499200K)] 1088269K->926334K(1897472K), 0.0538733 secs] [Times: user=0.32 sys=0.00, real=0.05 secs] 
3906.078: [GC (Allocation Failure) [PSYoungGen: 474656K->109920K(506368K)] 1240190K->1019298K(1904640K), 0.0838449 secs] [Times: user=0.49 sys=0.00, real=0.08 secs] 
3907.703: [GC (Allocation Failure) [PSYoungGen: 414067K->144256K(503296K)] 1323445K->1160392K(1901568K), 0.1514903 secs] [Times: user=0.90 sys=0.00, real=0.15 secs] 
3912.663: [GC (Allocation Failure) [PSYoungGen: 461184K->100544K(506368K)] 1477320K->1252544K(1904640K), 0.1708325 secs] [Times: user=1.01 sys=0.00, real=0.17 secs] 
3913.631: [GC (Allocation Failure) [PSYoungGen: 409267K->150208K(504832K)] 1561267K->1399225K(1903104K), 0.0499728 secs] [Times: user=0.30 sys=0.00, real=0.05 secs] 
3913.681: [Full GC (Ergonomics) [PSYoungGen: 150208K->0K(504832K)] [ParOldGen: 1249017K->196748K(1398272K)] 1399225K->196748K(1903104K), [Metaspace: 60463K->60463K(1105920K)], 0.4703132 secs] [Times: user=2.19 sys=0.00, real=0.47 secs] 
3917.619: [GC (Allocation Failure) [PSYoungGen: 316928K->103040K(507904K)] 513676K->299788K(1906176K), 0.0620541 secs] [Times: user=0.37 sys=0.00, real=0.06 secs] 
3918.120: [GC (Allocation Failure) [PSYoungGen: 406292K->147808K(505856K)] 603040K->444060K(1904128K), 0.0491403 secs] [Times: user=0.29 sys=0.00, real=0.05 secs] 
3920.964: [GC (Allocation Failure) [PSYoungGen: 464736K->107936K(424960K)] 760988K->543149K(1823232K), 0.1744082 secs] [Times: user=1.05 sys=0.00, real=0.18 secs] 
3921.666: [GC (Allocation Failure) [PSYoungGen: 424864K->153408K(502784K)] 860077K->693209K(1901056K), 0.0512283 secs] [Times: user=0.31 sys=0.00, real=0.06 secs] 
3924.658: [GC (Allocation Failure) [PSYoungGen: 468288K->100288K(506880K)] 1008089K->793321K(1905152K), 0.1555258 secs] [Times: user=0.93 sys=0.00, real=0.15 secs] 
3925.967: [GC (Allocation Failure) [PSYoungGen: 415168K->153344K(501248K)] 1108201K->937195K(1899520K), 0.1315202 secs] [Times: user=0.78 sys=0.00, real=0.13 secs] 
3930.208: [GC (Allocation Failure) [PSYoungGen: 464128K->91040K(504832K)] 1247979K->1028035K(1903104K), 0.1402949 secs] [Times: user=0.83 sys=0.00, real=0.14 secs] 
3930.790: [GC (Allocation Failure) [PSYoungGen: 401824K->155200K(495616K)] 1338819K->1177293K(1893888K), 0.0529843 secs] [Times: user=0.32 sys=0.00, real=0.05 secs] 
3935.549: [GC (Allocation Failure) [PSYoungGen: 456768K->86208K(500224K)] 1478861K->1263657K(1898496K), 0.1707951 secs] [Times: user=1.02 sys=0.00, real=0.17 secs] 
3936.390: [GC (Allocation Failure) [PSYoungGen: 372617K->138112K(496128K)] 1550067K->1397942K(1894400K), 0.0478424 secs] [Times: user=0.29 sys=0.00, real=0.05 secs] 
3936.438: [Full GC (Ergonomics) [PSYoungGen: 138112K->0K(496128K)] [ParOldGen: 1259830K->196972K(1398272K)] 1397942K->196972K(1894400K), [Metaspace: 60463K->60463K(1105920K)], 0.4766669 secs] [Times: user=2.23 sys=0.00, real=0.47 secs] 
3939.201: [GC (Allocation Failure) [PSYoungGen: 301568K->96512K(498176K)] 498540K->293485K(1896448K), 0.0927040 secs] [Times: user=0.55 sys=0.00, real=0.09 secs] 
3940.844: [GC (Allocation Failure) [PSYoungGen: 398080K->146080K(500224K)] 595053K->436053K(1898496K), 0.0475092 secs] [Times: user=0.28 sys=0.00, real=0.05 secs] 
3942.621: [GC (Allocation Failure) [PSYoungGen: 452256K->103840K(410112K)] 742229K->531502K(1808384K), 0.1254218 secs] [Times: user=0.75 sys=0.01, real=0.13 secs] 
3943.728: [GC (Allocation Failure) [PSYoungGen: 410016K->147712K(498688K)] 837678K->675950K(1896960K), 0.0507655 secs] [Times: user=0.30 sys=0.00, real=0.05 secs] 
3946.221: [GC (Allocation Failure) [PSYoungGen: 454400K->100448K(501248K)] 982638K->767838K(1899520K), 0.1520832 secs] [Times: user=0.91 sys=0.00, real=0.15 secs] 
3947.574: [GC (Allocation Failure) [PSYoungGen: 407136K->148608K(501760K)] 1074526K->912407K(1900032K), 0.0502285 secs] [Times: user=0.29 sys=0.00, real=0.05 secs] 
3950.013: [GC (Allocation Failure) [PSYoungGen: 458368K->103520K(413696K)] 1222167K->1007015K(1811968K), 0.1370336 secs] [Times: user=0.82 sys=0.00, real=0.14 secs] 
3951.199: [GC (Allocation Failure) [PSYoungGen: 413280K->151264K(500224K)] 1316775K->1155361K(1898496K), 0.0775552 secs] [Times: user=0.47 sys=0.00, real=0.08 secs] 
3954.842: [GC (Allocation Failure) [PSYoungGen: 460000K->99840K(503808K)] 1464097K->1247081K(1902080K), 0.1652608 secs] [Times: user=0.98 sys=0.00, real=0.17 secs] 
3955.744: [GC (Allocation Failure) [PSYoungGen: 408576K->151808K(499200K)] 1555817K->1394906K(1897472K), 0.0506894 secs] [Times: user=0.30 sys=0.00, real=0.05 secs] 
3955.795: [Full GC (Ergonomics) [PSYoungGen: 151808K->0K(499200K)] [ParOldGen: 1243098K->191880K(1398272K)] 1394906K->191880K(1897472K), [Metaspace: 60463K->60463K(1105920K)], 0.4553511 secs] [Times: user=2.12 sys=0.00, real=0.46 secs] 
3958.841: [GC (GCLocker Initiated GC) [PSYoungGen: 306688K->97344K(502784K)] 498568K->289224K(1901056K), 0.0941293 secs] [Times: user=0.55 sys=0.01, real=0.09 secs] 
3959.926: [GC (Allocation Failure) [PSYoungGen: 404032K->157376K(493568K)] 595947K->442755K(1891840K), 0.0490193 secs] [Times: user=0.29 sys=0.00, real=0.04 secs] 
3962.376: [GC (Allocation Failure) [PSYoungGen: 456896K->99872K(499200K)] 742275K->525835K(1897472K), 0.0884913 secs] [Times: user=0.52 sys=0.00, real=0.08 secs] 
3963.353: [GC (Allocation Failure) [PSYoungGen: 399392K->141984K(494592K)] 825355K->665536K(1892864K), 0.0497823 secs] [Times: user=0.30 sys=0.00, real=0.05 secs] 
3965.536: [GC (Allocation Failure) [PSYoungGen: 444064K->100768K(498176K)] 967616K->757832K(1896448K), 0.0897815 secs] [Times: user=0.53 sys=0.00, real=0.09 secs] 
3966.682: [GC (Allocation Failure) [PSYoungGen: 402848K->145120K(502784K)] 1059912K->900990K(1901056K), 0.0510398 secs] [Times: user=0.30 sys=0.00, real=0.05 secs] 
3969.680: [GC (Allocation Failure) [PSYoungGen: 454368K->103680K(413184K)] 1210238K->996486K(1811456K), 0.0916870 secs] [Times: user=0.55 sys=0.00, real=0.09 secs] 
3971.380: [GC (Allocation Failure) [PSYoungGen: 412928K->146720K(500224K)] 1305734K->1140723K(1898496K), 0.0521684 secs] [Times: user=0.31 sys=0.00, real=0.05 secs] 
3973.077: [GC (Allocation Failure) [PSYoungGen: 455456K->104704K(502272K)] 1449459K->1236639K(1900544K), 0.1752730 secs] [Times: user=1.04 sys=0.00, real=0.17 secs] 
3975.270: [GC (Allocation Failure) [PSYoungGen: 413440K->147040K(501760K)] 1545375K->1380812K(1900032K), 0.0531644 secs] [Times: user=0.31 sys=0.00, real=0.05 secs] 
3975.323: [Full GC (Ergonomics) [PSYoungGen: 147040K->0K(501760K)] [ParOldGen: 1233772K->177891K(1398272K)] 1380812K->177891K(1900032K), [Metaspace: 60465K->60465K(1105920K)], 0.4247971 secs] [Times: user=1.97 sys=0.00, real=0.43 secs] 
3978.955: [GC (Allocation Failure) [PSYoungGen: 311808K->105088K(503808K)] 489699K->282979K(1902080K), 0.1031582 secs] [Times: user=0.61 sys=0.01, real=0.11 secs] 
3981.091: [GC (Allocation Failure) [PSYoungGen: 416896K->146208K(503808K)] 594787K->426239K(1902080K), 0.0518010 secs] [Times: user=0.31 sys=0.01, real=0.05 secs] 
3983.053: [GC (Allocation Failure) [PSYoungGen: 461088K->108800K(505856K)] 741119K->525903K(1904128K), 0.1544088 secs] [Times: user=0.92 sys=0.01, real=0.16 secs] 
3984.697: [GC (Allocation Failure) [PSYoungGen: 423680K->149408K(503296K)] 840783K->672220K(1901568K), 0.0530680 secs] [Times: user=0.31 sys=0.00, real=0.05 secs] 
3987.552: [GC (Allocation Failure) [PSYoungGen: 465312K->107040K(506368K)] 988124K->769948K(1904640K), 0.1397102 secs] [Times: user=0.82 sys=0.01, real=0.14 secs] 
3989.397: [GC (Allocation Failure) [PSYoungGen: 422944K->153184K(503296K)] 1085852K->918998K(1901568K), 0.0527386 secs] [Times: user=0.31 sys=0.00, real=0.05 secs] 
3991.338: [GC (Allocation Failure) [PSYoungGen: 469088K->107712K(507392K)] 1234902K->1017790K(1905664K), 0.1371800 secs] [Times: user=0.82 sys=0.00, real=0.13 secs] 
3992.501: [GC (Allocation Failure) [PSYoungGen: 408563K->145472K(507392K)] 1318642K->1159495K(1905664K), 0.0522259 secs] [Times: user=0.31 sys=0.00, real=0.05 secs] 
3995.473: [GC (Allocation Failure) [PSYoungGen: 463936K->103104K(421888K)] 1477959K->1254239K(1820160K), 0.1448204 secs] [Times: user=0.86 sys=0.00, real=0.15 secs] 
3996.308: [GC (Allocation Failure) [PSYoungGen: 407049K->147392K(505856K)] 1558184K->1398144K(1904128K), 0.0510986 secs] [Times: user=0.30 sys=0.00, real=0.05 secs] 
3996.360: [Full GC (Ergonomics) [PSYoungGen: 147392K->0K(505856K)] [ParOldGen: 1250752K->196798K(1398272K)] 1398144K->196798K(1904128K), [Metaspace: 60470K->60470K(1105920K)], 0.4768160 secs] [Times: user=2.22 sys=0.00, real=0.48 secs] 
3998.966: [GC (Allocation Failure) [PSYoungGen: 317952K->105888K(507904K)] 514750K->302686K(1906176K), 0.0756864 secs] [Times: user=0.44 sys=0.00, real=0.07 secs] 
3999.417: [GC (GCLocker Initiated GC) [PSYoungGen: 423840K->154080K(503296K)] 620638K->453363K(1901568K), 0.0511670 secs] [Times: user=0.30 sys=0.00, real=0.05 secs] 
4003.388: [GC (Allocation Failure) [PSYoungGen: 469984K->94496K(507392K)] 769269K->547921K(1905664K), 0.1707749 secs] [Times: user=1.02 sys=0.00, real=0.17 secs] 
4003.881: [GC (Allocation Failure) [PSYoungGen: 410400K->153312K(499712K)] 863825K->697926K(1897984K), 0.0547257 secs] [Times: user=0.32 sys=0.00, real=0.05 secs] 
4008.437: [GC (GCLocker Initiated GC) [PSYoungGen: 462048K->88704K(503808K)] 1006662K->786318K(1902080K), 0.1347955 secs] [Times: user=0.81 sys=0.00, real=0.13 secs] 
4009.542: [GC (Allocation Failure) [PSYoungGen: 397440K->151040K(497664K)] 1095102K->933657K(1895936K), 0.0536543 secs] [Times: user=0.32 sys=0.00, real=0.05 secs] 
4011.456: [GC (Allocation Failure) [PSYoungGen: 453632K->94176K(500736K)] 1236249K->1028017K(1899008K), 0.1665949 secs] [Times: user=1.00 sys=0.00, real=0.17 secs] 
4013.606: [GC (Allocation Failure) [PSYoungGen: 396768K->162880K(487424K)] 1330609K->1185214K(1885696K), 0.1490624 secs] [Times: user=0.89 sys=0.00, real=0.14 secs] 
4016.426: [GC (Allocation Failure) [PSYoungGen: 454208K->87936K(495104K)] 1476542K->1256486K(1893376K), 0.1208071 secs] [Times: user=0.72 sys=0.01, real=0.13 secs] 
4017.022: [GC (Allocation Failure) [PSYoungGen: 379264K->141568K(492032K)] 1547814K->1394611K(1890304K), 0.0641552 secs] [Times: user=0.38 sys=0.00, real=0.07 secs] 
4017.086: [Full GC (Ergonomics) [PSYoungGen: 141568K->0K(492032K)] [ParOldGen: 1253043K->192744K(1398272K)] 1394611K->192744K(1890304K), [Metaspace: 60472K->60472K(1105920K)], 0.4588642 secs] [Times: user=2.13 sys=0.00, real=0.45 secs] 
4020.034: [GC (Allocation Failure) [PSYoungGen: 292352K->93920K(494080K)] 485096K->286665K(1892352K), 0.0961714 secs] [Times: user=0.56 sys=0.01, real=0.10 secs] 
4021.028: [GC (Allocation Failure) [PSYoungGen: 386272K->141440K(496640K)] 579017K->425737K(1894912K), 0.0479348 secs] [Times: user=0.29 sys=0.00, real=0.05 secs] 
4023.694: [GC (Allocation Failure) [PSYoungGen: 439424K->96320K(496640K)] 723721K->513637K(1894912K), 0.1566926 secs] [Times: user=0.94 sys=0.00, real=0.16 secs] 
4025.063: [GC (Allocation Failure) [PSYoungGen: 394304K->139488K(498688K)] 811621K->651527K(1896960K), 0.0494150 secs] [Times: user=0.30 sys=0.00, real=0.05 secs] 
4027.398: [GC (Allocation Failure) [PSYoungGen: 442080K->104096K(497664K)] 954119K->746703K(1895936K), 0.0857010 secs] [Times: user=0.50 sys=0.00, real=0.08 secs] 
4029.111: [GC (Allocation Failure) [PSYoungGen: 406688K->141952K(498688K)] 1049295K->887241K(1896960K), 0.0519329 secs] [Times: user=0.31 sys=0.00, real=0.05 secs] 
4032.471: [GC (Allocation Failure) [PSYoungGen: 449152K->104704K(499200K)] 1194441K->983529K(1897472K), 0.0973014 secs] [Times: user=0.59 sys=0.00, real=0.10 secs] 
4033.853: [GC (Allocation Failure) [PSYoungGen: 411904K->143552K(502272K)] 1290729K->1125530K(1900544K), 0.0529143 secs] [Times: user=0.31 sys=0.00, real=0.06 secs] 
4036.733: [GC (Allocation Failure) [PSYoungGen: 457408K->107264K(503808K)] 1439386K->1224278K(1902080K), 0.0669542 secs] [Times: user=0.40 sys=0.00, real=0.07 secs] 
4037.543: [GC (Allocation Failure) [PSYoungGen: 421120K->147904K(502784K)] 1538134K->1370563K(1901056K), 0.0534035 secs] [Times: user=0.32 sys=0.00, real=0.06 secs] 
4037.596: [Full GC (Ergonomics) [PSYoungGen: 147904K->0K(502784K)] [ParOldGen: 1222659K->168971K(1398272K)] 1370563K->168971K(1901056K), [Metaspace: 60475K->60475K(1105920K)], 0.3950953 secs] [Times: user=1.83 sys=0.00, real=0.39 secs] 
4041.356: [GC (Allocation Failure) [PSYoungGen: 316928K->106400K(506368K)] 485899K->275371K(1904640K), 0.0660775 secs] [Times: user=0.39 sys=0.00, real=0.06 secs] 
4042.076: [GC (Allocation Failure) [PSYoungGen: 423328K->151680K(503808K)] 592299K->425476K(1902080K), 0.0544383 secs] [Times: user=0.32 sys=0.00, real=0.06 secs] 
4045.121: [GC (Allocation Failure) [PSYoungGen: 469632K->105408K(508416K)] 743428K->522588K(1906688K), 0.1677564 secs] [Times: user=0.99 sys=0.00, real=0.17 secs] 
4046.124: [GC (Allocation Failure) [PSYoungGen: 423360K->154048K(502272K)] 840540K->674297K(1900544K), 0.0524496 secs] [Times: user=0.31 sys=0.00, real=0.06 secs] 
4050.660: [GC (Allocation Failure) [PSYoungGen: 468928K->100832K(506880K)] 989177K->767009K(1905152K), 0.1664390 secs] [Times: user=1.00 sys=0.00, real=0.17 secs] 
4051.811: [GC (Allocation Failure) [PSYoungGen: 415712K->152480K(500736K)] 1081889K->915382K(1899008K), 0.0511255 secs] [Times: user=0.30 sys=0.00, real=0.05 secs] 
4054.658: [GC (Allocation Failure) [PSYoungGen: 463264K->102912K(504832K)] 1226166K->1009402K(1903104K), 0.1681272 secs] [Times: user=1.00 sys=0.00, real=0.17 secs] 
4055.647: [GC (Allocation Failure) [PSYoungGen: 413696K->152736K(500224K)] 1320186K->1158586K(1898496K), 0.0516153 secs] [Times: user=0.30 sys=0.00, real=0.05 secs] 
4058.920: [GC (Allocation Failure) [PSYoungGen: 461472K->98112K(503808K)] 1467322K->1248194K(1902080K), 0.1671915 secs] [Times: user=1.00 sys=0.00, real=0.17 secs] 
4060.944: [GC (Allocation Failure) [PSYoungGen: 406848K->149408K(501248K)] 1556930K->1393607K(1899520K), 0.0492434 secs] [Times: user=0.29 sys=0.00, real=0.05 secs] 
4060.993: [Full GC (Ergonomics) [PSYoungGen: 149408K->0K(501248K)] [ParOldGen: 1244199K->191615K(1398272K)] 1393607K->191615K(1899520K), [Metaspace: 60475K->60475K(1105920K)], 0.4566408 secs] [Times: user=2.14 sys=0.00, real=0.46 secs] 
4063.853: [GC (Allocation Failure) [PSYoungGen: 307712K->100032K(503296K)] 499327K->291647K(1901568K), 0.0980233 secs] [Times: user=0.57 sys=0.01, real=0.10 secs] 
4065.496: [GC (Allocation Failure) [PSYoungGen: 407744K->147584K(501760K)] 599359K->435136K(1900032K), 0.0487443 secs] [Times: user=0.29 sys=0.00, real=0.04 secs] 
4068.387: [GC (Allocation Failure) [PSYoungGen: 455808K->103232K(411648K)] 743360K->529480K(1809920K), 0.1577894 secs] [Times: user=0.93 sys=0.01, real=0.15 secs] 
4069.922: [GC (Allocation Failure) [PSYoungGen: 411456K->149152K(500736K)] 837704K->674292K(1899008K), 0.0506324 secs] [Times: user=0.30 sys=0.00, real=0.05 secs] 
4072.474: [GC (GCLocker Initiated GC) [PSYoungGen: 457376K->102208K(502784K)] 982517K->767397K(1901056K), 0.1578706 secs] [Times: user=0.94 sys=0.01, real=0.16 secs] 
4073.453: [GC (Allocation Failure) [PSYoungGen: 410432K->149280K(501248K)] 1075669K->912882K(1899520K), 0.0508201 secs] [Times: user=0.30 sys=0.00, real=0.05 secs] 
4075.909: [GC (Allocation Failure) [PSYoungGen: 458528K->102816K(503808K)] 1222130K->1006850K(1902080K), 0.1604155 secs] [Times: user=0.95 sys=0.01, real=0.16 secs] 
4076.821: [GC (Allocation Failure) [PSYoungGen: 412064K->151584K(500736K)] 1316098K->1155106K(1899008K), 0.0516108 secs] [Times: user=0.31 sys=0.00, real=0.05 secs] 
4079.890: [GC (Allocation Failure) [PSYoungGen: 460320K->99360K(503808K)] 1463842K->1246050K(1902080K), 0.1311818 secs] [Times: user=0.78 sys=0.00, real=0.13 secs] 
4080.926: [GC (Allocation Failure) [PSYoungGen: 408096K->150016K(499712K)] 1554786K->1392423K(1897984K), 0.0498353 secs] [Times: user=0.29 sys=0.00, real=0.04 secs] 
4080.976: [Full GC (Ergonomics) [PSYoungGen: 150016K->0K(499712K)] [ParOldGen: 1242407K->190841K(1398272K)] 1392423K->190841K(1897984K), [Metaspace: 60475K->60475K(1105920K)], 0.4619411 secs] [Times: user=2.15 sys=0.00, real=0.47 secs] 
4085.314: [GC (Allocation Failure) [PSYoungGen: 306688K->99680K(502784K)] 497529K->290521K(1901056K), 0.0457528 secs] [Times: user=0.27 sys=0.00, real=0.05 secs] 
4087.531: [GC (Allocation Failure) [PSYoungGen: 406368K->143392K(502784K)] 597209K->430754K(1901056K), 0.1402989 secs] [Times: user=0.83 sys=0.01, real=0.14 secs] 
4091.426: [GC (Allocation Failure) [PSYoungGen: 452640K->101152K(410624K)] 740002K->523458K(1808896K), 0.1477198 secs] [Times: user=0.88 sys=0.00, real=0.14 secs] 
4093.654: [GC (Allocation Failure) [PSYoungGen: 410400K->148992K(500224K)] 832706K->669670K(1898496K), 0.0505370 secs] [Times: user=0.30 sys=0.00, real=0.05 secs] 
4095.426: [GC (GCLocker Initiated GC) [PSYoungGen: 457728K->100704K(502784K)] 978407K->761691K(1901056K), 0.1739046 secs] [Times: user=1.03 sys=0.00, real=0.18 secs] 
4097.349: [GC (Allocation Failure) [PSYoungGen: 409440K->157120K(496128K)] 1070430K->916061K(1894400K), 0.0514719 secs] [Times: user=0.31 sys=0.00, real=0.05 secs] 
4100.881: [GC (Allocation Failure) [PSYoungGen: 461760K->95904K(501760K)] 1220701K->995277K(1900032K), 0.1654069 secs] [Times: user=0.97 sys=0.00, real=0.17 secs] 
4103.435: [GC (Allocation Failure) [PSYoungGen: 400544K->142656K(499200K)] 1299917K->1135090K(1897472K), 0.0500172 secs] [Times: user=0.29 sys=0.00, real=0.05 secs] 
4105.328: [GC (Allocation Failure) [PSYoungGen: 448832K->105920K(501248K)] 1441266K->1231806K(1899520K), 0.1511753 secs] [Times: user=0.90 sys=0.00, real=0.15 secs] 
4107.390: [GC (Allocation Failure) [PSYoungGen: 412096K->144768K(501248K)] 1537982K->1374031K(1899520K), 0.0533878 secs] [Times: user=0.32 sys=0.00, real=0.05 secs] 
4107.444: [Full GC (Ergonomics) [PSYoungGen: 144768K->0K(501248K)] [ParOldGen: 1229263K->172772K(1398272K)] 1374031K->172772K(1899520K), [Metaspace: 60475K->60475K(1105920K)], 0.4093474 secs] [Times: user=1.90 sys=0.00, real=0.41 secs] 
4109.756: [GC (Allocation Failure) [PSYoungGen: 309760K->103424K(502272K)] 482532K->276196K(1900544K), 0.1053449 secs] [Times: user=0.61 sys=0.01, real=0.11 secs] 
4112.366: [GC (Allocation Failure) [PSYoungGen: 413184K->146016K(503296K)] 585956K->419465K(1901568K), 0.0523756 secs] [Times: user=0.31 sys=0.00, real=0.06 secs] 
4114.704: [GC (Allocation Failure) [PSYoungGen: 459360K->107104K(504832K)] 732809K->517737K(1903104K), 0.1719122 secs] [Times: user=1.02 sys=0.00, real=0.18 secs] 
4117.232: [GC (Allocation Failure) [PSYoungGen: 420448K->146592K(504320K)] 831081K->661494K(1902592K), 0.0525871 secs] [Times: user=0.31 sys=0.00, real=0.05 secs] 
4119.645: [GC (Allocation Failure) [PSYoungGen: 462496K->108512K(505856K)] 977398K->760766K(1904128K), 0.1727024 secs] [Times: user=1.03 sys=0.00, real=0.18 secs] 
4121.549: [GC (Allocation Failure) [PSYoungGen: 424416K->150528K(503808K)] 1076670K->907978K(1902080K), 0.0530343 secs] [Times: user=0.32 sys=0.00, real=0.05 secs] 
4124.419: [GC (Allocation Failure) [PSYoungGen: 467456K->106624K(507392K)] 1224906K->1005471K(1905664K), 0.1554929 secs] [Times: user=0.93 sys=0.00, real=0.15 secs] 
4125.869: [GC (Allocation Failure) [PSYoungGen: 423552K->155776K(501248K)] 1322399K->1157223K(1899520K), 0.0529213 secs] [Times: user=0.31 sys=0.00, real=0.05 secs] 
4129.814: [GC (Allocation Failure) [PSYoungGen: 469632K->103424K(506368K)] 1471079K->1252175K(1904640K), 0.1560566 secs] [Times: user=0.93 sys=0.00, real=0.16 secs] 
4130.717: [GC (Allocation Failure) [PSYoungGen: 415564K->150880K(503296K)] 1564316K->1397696K(1901568K), 0.0502133 secs] [Times: user=0.30 sys=0.00, real=0.05 secs] 
4130.767: [Full GC (Ergonomics) [PSYoungGen: 150880K->0K(503296K)] [ParOldGen: 1246816K->196913K(1398272K)] 1397696K->196913K(1901568K), [Metaspace: 60475K->60475K(1105920K)], 0.4696034 secs] [Times: user=2.19 sys=0.00, real=0.47 secs] 
4134.140: [GC (Allocation Failure) [PSYoungGen: 312832K->103968K(505856K)] 509745K->300881K(1904128K), 0.0861429 secs] [Times: user=0.50 sys=0.00, real=0.09 secs] 
4134.637: [GC (Allocation Failure) [PSYoungGen: 406305K->146240K(505344K)] 603219K->443606K(1903616K), 0.0491148 secs] [Times: user=0.29 sys=0.00, real=0.05 secs] 
4138.965: [GC (GCLocker Initiated GC) [PSYoungGen: 460608K->100736K(415232K)] 757974K->536234K(1813504K), 0.1620330 secs] [Times: user=0.95 sys=0.02, real=0.17 secs] 
4140.441: [GC (Allocation Failure) [PSYoungGen: 415104K->142624K(505856K)] 866991K->690952K(1904128K), 0.2066167 secs] [Times: user=1.23 sys=0.00, real=0.21 secs] 
4143.530: [GC (Allocation Failure) [PSYoungGen: 458528K->95776K(505856K)] 1006856K->786500K(1904128K), 0.4127538 secs] [Times: user=2.47 sys=0.00, real=0.41 secs] 
4144.449: [GC (Allocation Failure) [PSYoungGen: 411680K->154624K(499712K)] 1102404K->937670K(1897984K), 0.0545634 secs] [Times: user=0.33 sys=0.00, real=0.05 secs] 
4149.063: [GC (Allocation Failure) [PSYoungGen: 465408K->88928K(504832K)] 1248454K->1026674K(1903104K), 0.1333291 secs] [Times: user=0.79 sys=0.00, real=0.14 secs] 
4149.595: [GC (Allocation Failure) [PSYoungGen: 399712K->152352K(497664K)] 1337458K->1175586K(1895936K), 0.0541224 secs] [Times: user=0.33 sys=0.00, real=0.06 secs] 
4151.215: [GC (GCLocker Initiated GC) [PSYoungGen: 455968K->94592K(501248K)] 1479203K->1270339K(1899520K), 0.0838511 secs] [Times: user=0.50 sys=0.00, real=0.09 secs] 
4151.731: [GC (Allocation Failure) [PSYoungGen: 398208K->149408K(498176K)] 1574003K->1414613K(1896448K), 0.0852348 secs] [Times: user=0.50 sys=0.00, real=0.09 secs] 
4151.816: [Full GC (Ergonomics) [PSYoungGen: 149408K->0K(498176K)] [ParOldGen: 1265204K->211018K(1398272K)] 1414613K->211018K(1896448K), [Metaspace: 60475K->60475K(1105920K)], 0.5039267 secs] [Times: user=2.37 sys=0.00, real=0.50 secs] 
4156.247: [GC (Allocation Failure) [PSYoungGen: 302592K->89152K(500736K)] 513610K->300170K(1899008K), 0.1221823 secs] [Times: user=0.73 sys=0.00, real=0.12 secs] 
4157.574: [GC (Allocation Failure) [PSYoungGen: 380223K->138112K(496640K)] 591242K->435220K(1894912K), 0.0726461 secs] [Times: user=0.42 sys=0.00, real=0.08 secs] 
4161.249: [GC (Allocation Failure) [PSYoungGen: 441728K->96896K(499200K)] 738836K->523612K(1897472K), 0.1653673 secs] [Times: user=0.98 sys=0.00, real=0.16 secs] 
4163.255: [GC (Allocation Failure) [PSYoungGen: 400512K->147040K(500736K)] 827228K->667153K(1899008K), 0.1176627 secs] [Times: user=0.70 sys=0.01, real=0.12 secs] 
4165.342: [GC (Allocation Failure) [PSYoungGen: 454752K->103936K(412160K)] 974865K->762593K(1810432K), 0.1077101 secs] [Times: user=0.64 sys=0.00, real=0.11 secs] 
4167.805: [GC (Allocation Failure) [PSYoungGen: 411648K->145568K(499712K)] 1070305K->905186K(1897984K), 0.1104598 secs] [Times: user=0.65 sys=0.00, real=0.11 secs] 
4171.173: [GC (Allocation Failure) [PSYoungGen: 453792K->99232K(501760K)] 1213410K->996258K(1900032K), 0.1569592 secs] [Times: user=0.93 sys=0.00, real=0.16 secs] 
4173.380: [GC (Allocation Failure) [PSYoungGen: 407456K->148544K(501760K)] 1304482K->1140902K(1900032K), 0.0499398 secs] [Times: user=0.30 sys=0.00, real=0.05 secs] 
4177.133: [GC (Allocation Failure) [PSYoungGen: 459328K->103488K(414720K)] 1451686K->1235503K(1812992K), 0.1475671 secs] [Times: user=0.87 sys=0.01, real=0.15 secs] 
4179.282: [GC (Allocation Failure) [PSYoungGen: 414272K->149824K(500736K)] 1546287K->1381955K(1899008K), 0.0528179 secs] [Times: user=0.31 sys=0.00, real=0.05 secs] 
4179.335: [Full GC (Ergonomics) [PSYoungGen: 149824K->0K(500736K)] [ParOldGen: 1232131K->188113K(1398272K)] 1381955K->188113K(1899008K), [Metaspace: 60475K->60475K(1105920K)], 0.4530679 secs] [Times: user=2.11 sys=0.00, real=0.46 secs] 
4183.235: [GC (Allocation Failure) [PSYoungGen: 310272K->102144K(504320K)] 498385K->290257K(1902592K), 0.0746247 secs] [Times: user=0.36 sys=0.00, real=0.08 secs] 
4185.022: [GC (Allocation Failure) [PSYoungGen: 412416K->147424K(502784K)] 600529K->431970K(1901056K), 0.0497422 secs] [Times: user=0.30 sys=0.00, real=0.05 secs] 
4186.947: [GC (Allocation Failure) [PSYoungGen: 459232K->104128K(416256K)] 743778K->527586K(1814528K), 0.1317603 secs] [Times: user=0.78 sys=0.00, real=0.13 secs] 
4187.764: [GC (Allocation Failure) [PSYoungGen: 415936K->152352K(500224K)] 839394K->676199K(1898496K), 0.0513299 secs] [Times: user=0.30 sys=0.00, real=0.05 secs] 
4190.735: [GC (Allocation Failure) [PSYoungGen: 462624K->102816K(504320K)] 986471K->770571K(1902592K), 0.1709371 secs] [Times: user=1.02 sys=0.00, real=0.18 secs] 
4191.590: [GC (Allocation Failure) [PSYoungGen: 413088K->151744K(500224K)] 1080843K->918556K(1898496K), 0.0515196 secs] [Times: user=0.31 sys=0.00, real=0.05 secs] 
4193.934: [GC (Allocation Failure) [PSYoungGen: 460480K->101792K(503808K)] 1227292K->1011468K(1902080K), 0.1706036 secs] [Times: user=1.02 sys=0.00, real=0.17 secs] 
4195.567: [GC (Allocation Failure) [PSYoungGen: 410528K->151264K(500224K)] 1320204K->1159354K(1898496K), 0.0890234 secs] [Times: user=0.53 sys=0.00, real=0.09 secs] 
4199.112: [GC (Allocation Failure) [PSYoungGen: 458976K->98944K(503296K)] 1467066K->1250210K(1901568K), 0.1705139 secs] [Times: user=1.02 sys=0.00, real=0.17 secs] 
4201.245: [GC (Allocation Failure) [PSYoungGen: 406656K->149120K(500224K)] 1557922K->1395803K(1898496K), 0.1267950 secs] [Times: user=0.75 sys=0.01, real=0.13 secs] 
4201.372: [Full GC (Ergonomics) [PSYoungGen: 149120K->0K(500224K)] [ParOldGen: 1246683K->194184K(1398272K)] 1395803K->194184K(1898496K), [Metaspace: 60476K->60476K(1105920K)], 0.5167385 secs] [Times: user=2.47 sys=0.00, real=0.52 secs] 
4206.426: [GC (Allocation Failure) [PSYoungGen: 306688K->93632K(502784K)] 500872K->287816K(1901056K), 0.0915329 secs] [Times: user=0.54 sys=0.00, real=0.10 secs] 
4207.869: [GC (Allocation Failure) [PSYoungGen: 400320K->147104K(501248K)] 594504K->431237K(1899520K), 0.0474790 secs] [Times: user=0.28 sys=0.00, real=0.05 secs] 
4209.730: [GC (Allocation Failure) [PSYoungGen: 453792K->105792K(412672K)] 737925K->527945K(1810944K), 0.1687096 secs] [Times: user=1.00 sys=0.01, real=0.17 secs] 
4210.883: [GC (Allocation Failure) [PSYoungGen: 412480K->150432K(497664K)] 834633K->675126K(1895936K), 0.0521566 secs] [Times: user=0.31 sys=0.01, real=0.05 secs] 
4214.214: [GC (Allocation Failure) [PSYoungGen: 455584K->98752K(500736K)] 980278K->765694K(1899008K), 0.1687242 secs] [Times: user=0.82 sys=0.01, real=0.17 secs] 
4215.948: [GC (Allocation Failure) [PSYoungGen: 403904K->148256K(501248K)] 1070846K->910827K(1899520K), 0.1054431 secs] [Times: user=0.63 sys=0.00, real=0.10 secs] 
4218.674: [GC (Allocation Failure) [PSYoungGen: 455968K->100896K(409088K)] 1218539K->1003555K(1807360K), 0.1283284 secs] [Times: user=0.76 sys=0.01, real=0.13 secs] 
4220.620: [GC (Allocation Failure) [PSYoungGen: 408608K->146464K(501248K)] 1311267K->1145908K(1899520K), 0.0508561 secs] [Times: user=0.30 sys=0.00, real=0.05 secs] 
4223.678: [GC (Allocation Failure) [PSYoungGen: 454688K->105120K(413696K)] 1454132K->1241648K(1811968K), 0.1624315 secs] [Times: user=0.96 sys=0.00, real=0.16 secs] 
4224.647: [GC (Allocation Failure) [PSYoungGen: 413344K->150528K(498688K)] 1549872K->1388732K(1896960K), 0.0777628 secs] [Times: user=0.46 sys=0.00, real=0.07 secs] 
4224.725: [Full GC (Ergonomics) [PSYoungGen: 150528K->0K(498688K)] [ParOldGen: 1238204K->187740K(1398272K)] 1388732K->187740K(1896960K), [Metaspace: 60481K->60481K(1105920K)], 0.4566771 secs] [Times: user=2.12 sys=0.00, real=0.46 secs] 
4229.123: [GC (Allocation Failure) [PSYoungGen: 307712K->96832K(502272K)] 495452K->284572K(1900544K), 0.0672415 secs] [Times: user=0.40 sys=0.00, real=0.07 secs] 
4230.820: [GC (Allocation Failure) [PSYoungGen: 404544K->145280K(503296K)] 592284K->427508K(1901568K), 0.1024556 secs] [Times: user=0.61 sys=0.01, real=0.10 secs] 
4235.024: [GC (GCLocker Initiated GC) [PSYoungGen: 456064K->101376K(412672K)] 738292K->519949K(1810944K), 0.1515179 secs] [Times: user=0.90 sys=0.00, real=0.15 secs] 
4237.751: [GC (Allocation Failure) [PSYoungGen: 412160K->147040K(501248K)] 830767K->664244K(1899520K), 0.0511043 secs] [Times: user=0.30 sys=0.00, real=0.05 secs] 
4239.901: [GC (Allocation Failure) [PSYoungGen: 457312K->104448K(503296K)] 974516K->759852K(1901568K), 0.1655752 secs] [Times: user=0.99 sys=0.01, real=0.17 secs] 
4241.821: [GC (Allocation Failure) [PSYoungGen: 414720K->149248K(501760K)] 1070124K->905961K(1900032K), 0.0519229 secs] [Times: user=0.30 sys=0.00, real=0.05 secs] 
4243.054: [GC (Allocation Failure) [PSYoungGen: 461056K->107360K(504832K)] 1217769K->1004453K(1903104K), 0.0761773 secs] [Times: user=0.45 sys=0.00, real=0.08 secs] 
4243.981: [GC (Allocation Failure) [PSYoungGen: 419168K->152608K(501248K)] 1316261K->1154138K(1899520K), 0.0879113 secs] [Times: user=0.52 sys=0.00, real=0.09 secs] 
4247.326: [GC (Allocation Failure) [PSYoungGen: 464416K->99904K(505344K)] 1465946K->1245866K(1903616K), 0.1538010 secs] [Times: user=0.89 sys=0.00, real=0.16 secs] 
4247.948: [GC (Allocation Failure) [PSYoungGen: 411712K->152192K(500224K)] 1557674K->1394375K(1898496K), 0.0504948 secs] [Times: user=0.30 sys=0.00, real=0.05 secs] 
4247.998: [Full GC (Ergonomics) [PSYoungGen: 152192K->0K(500224K)] [ParOldGen: 1242183K->192801K(1398272K)] 1394375K->192801K(1898496K), [Metaspace: 60481K->60481K(1105920K)], 0.4631544 secs] [Times: user=2.15 sys=0.00, real=0.46 secs] 
4251.122: [GC (Allocation Failure) [PSYoungGen: 308736K->103488K(503808K)] 501537K->296289K(1902080K), 0.0845387 secs] [Times: user=0.50 sys=0.00, real=0.09 secs] 
4252.055: [GC (Allocation Failure) [PSYoungGen: 412224K->150624K(501248K)] 605025K->443498K(1899520K), 0.0502757 secs] [Times: user=0.29 sys=0.00, real=0.05 secs] 
4255.378: [GC (Allocation Failure) [PSYoungGen: 459360K->102144K(503808K)] 752234K->537042K(1902080K), 0.1337671 secs] [Times: user=0.80 sys=0.00, real=0.13 secs] 
4256.986: [GC (Allocation Failure) [PSYoungGen: 410880K->149920K(501248K)] 845778K->682683K(1899520K), 0.0499330 secs] [Times: user=0.29 sys=0.00, real=0.05 secs] 
4260.028: [GC (Allocation Failure) [PSYoungGen: 458656K->98816K(503808K)] 991419K->772843K(1902080K), 0.1614565 secs] [Times: user=0.96 sys=0.00, real=0.16 secs] 
4261.497: [GC (Allocation Failure) [PSYoungGen: 407552K->150112K(500224K)] 1081579K->918712K(1898496K), 0.0491608 secs] [Times: user=0.29 sys=0.00, real=0.05 secs] 
4263.312: [GC (GCLocker Initiated GC) [PSYoungGen: 456800K->103840K(410624K)] 1225400K->1013936K(1808896K), 0.1574731 secs] [Times: user=0.94 sys=0.01, real=0.16 secs] 
4264.566: [GC (Allocation Failure) [PSYoungGen: 410528K->141504K(502784K)] 1337056K->1168140K(1901056K), 0.2279969 secs] [Times: user=1.36 sys=0.00, real=0.23 secs] 
4268.650: [GC (Allocation Failure) [PSYoungGen: 451264K->89664K(502272K)] 1477900K->1258340K(1900544K), 0.4449994 secs] [Times: user=2.67 sys=0.01, real=0.44 secs] 
4269.477: [GC (Allocation Failure) [PSYoungGen: 384764K->144288K(504320K)] 1553440K->1399261K(1902592K), 0.0509630 secs] [Times: user=0.31 sys=0.00, real=0.05 secs] 
4269.528: [Full GC (Ergonomics) [PSYoungGen: 144288K->0K(504320K)] [ParOldGen: 1254973K->196904K(1398272K)] 1399261K->196904K(1902592K), [Metaspace: 60481K->60481K(1105920K)], 0.4723200 secs] [Times: user=2.20 sys=0.00, real=0.47 secs] 
4274.438: [GC (Allocation Failure) [PSYoungGen: 312320K->100096K(412672K)] 509224K->297000K(1810944K), 0.0949855 secs] [Times: user=0.56 sys=0.00, real=0.09 secs] 
4275.890: [GC (Allocation Failure) [PSYoungGen: 412416K->150048K(500736K)] 609320K->443376K(1899008K), 0.0484967 secs] [Times: user=0.29 sys=0.00, real=0.05 secs] 
4278.292: [GC (Allocation Failure) [PSYoungGen: 460320K->104160K(504320K)] 753648K->538832K(1902592K), 0.1466846 secs] [Times: user=0.87 sys=0.00, real=0.15 secs] 
4279.488: [GC (Allocation Failure) [PSYoungGen: 409702K->146848K(503296K)] 844375K->682093K(1901568K), 0.0501272 secs] [Times: user=0.30 sys=0.00, real=0.05 secs] 
4282.601: [GC (Allocation Failure) [PSYoungGen: 459168K->103072K(415744K)] 994413K->776953K(1814016K), 0.1630516 secs] [Times: user=0.97 sys=0.00, real=0.16 secs] 
4283.187: [GC (Allocation Failure) [PSYoungGen: 404942K->147488K(502784K)] 1078824K->921050K(1901056K), 0.0500630 secs] [Times: user=0.30 sys=0.00, real=0.05 secs] 
4287.838: [GC (Allocation Failure) [PSYoungGen: 460320K->100320K(504832K)] 1233882K->1013210K(1903104K), 0.1676675 secs] [Times: user=1.00 sys=0.00, real=0.16 secs] 
4288.864: [GC (Allocation Failure) [PSYoungGen: 412578K->149664K(502784K)] 1325469K->1159552K(1901056K), 0.0498863 secs] [Times: user=0.29 sys=0.01, real=0.05 secs] 
4292.778: [GC (Allocation Failure) [PSYoungGen: 462496K->101408K(505856K)] 1472384K->1252736K(1904128K), 0.1535719 secs] [Times: user=0.91 sys=0.01, real=0.15 secs] 
4294.078: [GC (Allocation Failure) [PSYoungGen: 414240K->150624K(501248K)] 1565568K->1399229K(1899520K), 0.0507125 secs] [Times: user=0.31 sys=0.00, real=0.05 secs] 
4294.129: [Full GC (Ergonomics) [PSYoungGen: 150624K->0K(501248K)] [ParOldGen: 1248605K->197487K(1398272K)] 1399229K->197487K(1899520K), [Metaspace: 60481K->60481K(1105920K)], 0.4674413 secs] [Times: user=2.16 sys=0.00, real=0.47 secs] 
4296.461: [GC (Allocation Failure) [PSYoungGen: 310784K->103968K(504832K)] 508271K->301455K(1903104K), 0.0683287 secs] [Times: user=0.40 sys=0.00, real=0.07 secs] 
4297.546: [GC (Allocation Failure) [PSYoungGen: 409405K->147360K(503296K)] 606892K->444652K(1901568K), 0.0498439 secs] [Times: user=0.30 sys=0.00, real=0.05 secs] 
4300.509: [GC (Allocation Failure) [PSYoungGen: 459680K->103712K(416256K)] 756972K->539660K(1814528K), 0.1608486 secs] [Times: user=0.96 sys=0.00, real=0.16 secs] 
4302.343: [GC (Allocation Failure) [PSYoungGen: 416032K->147424K(502784K)] 851980K->683157K(1901056K), 0.0502173 secs] [Times: user=0.30 sys=0.00, real=0.05 secs] 
4304.585: [GC (Allocation Failure) [PSYoungGen: 460256K->106112K(504832K)] 995989K->780641K(1903104K), 0.1093776 secs] [Times: user=0.64 sys=0.01, real=0.11 secs] 
4305.563: [GC (Allocation Failure) [PSYoungGen: 409445K->144704K(504832K)] 1083975K->921855K(1903104K), 0.0510188 secs] [Times: user=0.30 sys=0.00, real=0.05 secs] 
4308.959: [GC (Allocation Failure) [PSYoungGen: 460608K->103328K(505856K)] 1237759K->1016527K(1904128K), 0.1628235 secs] [Times: user=0.97 sys=0.01, real=0.16 secs] 
4311.027: [GC (Allocation Failure) [PSYoungGen: 414386K->148320K(505344K)] 1327586K->1160996K(1903616K), 0.0507570 secs] [Times: user=0.30 sys=0.00, real=0.05 secs] 
4313.784: [GC (Allocation Failure) [PSYoungGen: 465760K->107264K(507904K)] 1478436K->1259380K(1906176K), 0.1653001 secs] [Times: user=0.98 sys=0.00, real=0.17 secs] 
4314.501: [GC (Allocation Failure) [PSYoungGen: 424704K->153184K(503296K)] 1576820K->1409081K(1901568K), 0.0548732 secs] [Times: user=0.32 sys=0.00, real=0.06 secs] 
4314.556: [Full GC (Ergonomics) [PSYoungGen: 153184K->0K(503296K)] [ParOldGen: 1255897K->206640K(1398272K)] 1409081K->206640K(1901568K), [Metaspace: 60481K->60481K(1105920K)], 0.4791470 secs] [Times: user=2.23 sys=0.00, real=0.47 secs] 
4318.127: [GC (Allocation Failure) [PSYoungGen: 315904K->100576K(507392K)] 522544K->307216K(1905664K), 0.1594527 secs] [Times: user=0.95 sys=0.00, real=0.16 secs] 
4319.995: [GC (Allocation Failure) [PSYoungGen: 416480K->150880K(502784K)] 623120K->448569K(1901056K), 0.1404996 secs] [Times: user=0.83 sys=0.01, real=0.14 secs] 
4323.009: [GC (Allocation Failure) [PSYoungGen: 463712K->95968K(505856K)] 761401K->544313K(1904128K), 0.1138811 secs] [Times: user=0.68 sys=0.00, real=0.11 secs] 
4323.648: [GC (Allocation Failure) [PSYoungGen: 408800K->154592K(498688K)] 857145K->692870K(1896960K), 0.0549965 secs] [Times: user=0.32 sys=0.00, real=0.05 secs] 
4326.532: [GC (Allocation Failure) [PSYoungGen: 461280K->92192K(502784K)] 999558K->784758K(1901056K), 0.1206959 secs] [Times: user=0.72 sys=0.00, real=0.12 secs] 
4327.394: [GC (Allocation Failure) [PSYoungGen: 398880K->151360K(497152K)] 1091446K->930323K(1895424K), 0.0915849 secs] [Times: user=0.55 sys=0.00, real=0.09 secs] 
4330.833: [GC (Allocation Failure) [PSYoungGen: 452928K->88640K(500224K)] 1231891K->1019147K(1898496K), 0.1559609 secs] [Times: user=0.93 sys=0.00, real=0.16 secs] 
4331.314: [GC (Allocation Failure) [PSYoungGen: 390208K->148928K(496128K)] 1320715K->1162476K(1894400K), 0.0530922 secs] [Times: user=0.31 sys=0.00, real=0.06 secs] 
4336.614: [GC (Allocation Failure) [PSYoungGen: 447424K->88768K(498688K)] 1460972K->1250772K(1896960K), 0.1683762 secs] [Times: user=1.01 sys=0.00, real=0.17 secs] 
4337.845: [GC (Allocation Failure) [PSYoungGen: 381729K->142336K(497664K)] 1543733K->1389461K(1895936K), 0.0500029 secs] [Times: user=0.30 sys=0.00, real=0.05 secs] 
4337.895: [Full GC (Ergonomics) [PSYoungGen: 142336K->0K(497664K)] [ParOldGen: 1247125K->196721K(1398272K)] 1389461K->196721K(1895936K), [Metaspace: 60481K->60481K(1105920K)], 0.4728232 secs] [Times: user=2.21 sys=0.00, real=0.48 secs] 
4341.151: [GC (Allocation Failure) [PSYoungGen: 300032K->95136K(498688K)] 496753K->291857K(1896960K), 0.0886258 secs] [Times: user=0.51 sys=0.01, real=0.09 secs] 
4342.910: [GC (Allocation Failure) [PSYoungGen: 395168K->145408K(497152K)] 591889K->432802K(1895424K), 0.0470627 secs] [Times: user=0.28 sys=0.00, real=0.05 secs] 
4345.339: [GC (Allocation Failure) [PSYoungGen: 446464K->100064K(498688K)] 733858K->524170K(1896960K), 0.1523655 secs] [Times: user=0.90 sys=0.00, real=0.15 secs] 
4347.990: [GC (Allocation Failure) [PSYoungGen: 401120K->141504K(498688K)] 825226K->662627K(1896960K), 0.0496778 secs] [Times: user=0.29 sys=0.00, real=0.05 secs] 
4349.817: [GC (Allocation Failure) [PSYoungGen: 446144K->103776K(499200K)] 967267K->757595K(1897472K), 0.1654779 secs] [Times: user=0.98 sys=0.00, real=0.16 secs] 
4352.152: [GC (Allocation Failure) [PSYoungGen: 408416K->143904K(499200K)] 1062235K->898108K(1897472K), 0.0512875 secs] [Times: user=0.31 sys=0.00, real=0.05 secs] 
4353.597: [GC (Allocation Failure) [PSYoungGen: 452640K->107040K(500736K)] 1206844K->996004K(1899008K), 0.1261622 secs] [Times: user=0.75 sys=0.00, real=0.12 secs] 
4354.950: [GC (Allocation Failure) [PSYoungGen: 415776K->146944K(501248K)] 1304740K->1139981K(1899520K), 0.0534185 secs] [Times: user=0.32 sys=0.00, real=0.05 secs] 
4356.850: [GC (Allocation Failure) [PSYoungGen: 460288K->107744K(504320K)] 1453325K->1238665K(1902592K), 0.1586799 secs] [Times: user=0.94 sys=0.00, real=0.16 secs] 
4357.888: [GC (Allocation Failure) [PSYoungGen: 421088K->159648K(497664K)] 1552009K->1395979K(1895936K), 0.0543423 secs] [Times: user=0.32 sys=0.00, real=0.05 secs] 
4357.943: [Full GC (Ergonomics) [PSYoungGen: 159648K->0K(497664K)] [ParOldGen: 1236331K->187265K(1398272K)] 1395979K->187265K(1895936K), [Metaspace: 60482K->60482K(1105920K)], 0.4386518 secs] [Times: user=2.03 sys=0.00, real=0.44 secs] 
4361.454: [GC (Allocation Failure) [PSYoungGen: 310784K->100864K(504832K)] 498049K->288129K(1903104K), 0.0990033 secs] [Times: user=0.58 sys=0.01, real=0.10 secs] 
4362.890: [GC (Allocation Failure) [PSYoungGen: 411648K->150240K(500736K)] 598913K->434526K(1899008K), 0.0504515 secs] [Times: user=0.30 sys=0.00, real=0.05 secs] 
4365.212: [GC (Allocation Failure) [PSYoungGen: 458976K->103008K(503808K)] 743262K->528658K(1902080K), 0.1483033 secs] [Times: user=0.88 sys=0.00, real=0.15 secs] 
4367.568: [GC (Allocation Failure) [PSYoungGen: 411744K->155136K(497664K)] 837394K->679762K(1895936K), 0.0511644 secs] [Times: user=0.30 sys=0.00, real=0.05 secs] 
4370.918: [GC (Allocation Failure) [PSYoungGen: 460800K->101376K(502272K)] 985426K->764122K(1900544K), 0.1340771 secs] [Times: user=0.80 sys=0.00, real=0.13 secs] 
4371.791: [GC (Allocation Failure) [PSYoungGen: 407040K->147840K(500736K)] 1069786K->908583K(1899008K), 0.0503052 secs] [Times: user=0.30 sys=0.00, real=0.05 secs] 
4374.965: [GC (Allocation Failure) [PSYoungGen: 454528K->102272K(409088K)] 1215271K->1002263K(1807360K), 0.1720486 secs] [Times: user=1.03 sys=0.00, real=0.18 secs] 
4376.187: [GC (Allocation Failure) [PSYoungGen: 408960K->148576K(499712K)] 1308951K->1147908K(1897984K), 0.0527518 secs] [Times: user=0.31 sys=0.00, real=0.05 secs] 
4379.706: [GC (Allocation Failure) [PSYoungGen: 455264K->100320K(501760K)] 1454596K->1239712K(1900032K), 0.1522408 secs] [Times: user=0.91 sys=0.01, real=0.15 secs] 
4380.677: [GC (Allocation Failure) [PSYoungGen: 407008K->148288K(501760K)] 1546400K->1385377K(1900032K), 0.0521394 secs] [Times: user=0.31 sys=0.00, real=0.05 secs] 
4380.729: [Full GC (Ergonomics) [PSYoungGen: 148288K->0K(501760K)] [ParOldGen: 1237089K->184533K(1398272K)] 1385377K->184533K(1900032K), [Metaspace: 60482K->60482K(1105920K)], 0.4432758 secs] [Times: user=2.07 sys=0.00, real=0.44 secs] 
4383.819: [GC (Allocation Failure) [PSYoungGen: 308736K->101024K(410112K)] 493269K->285557K(1808384K), 0.0896918 secs] [Times: user=0.53 sys=0.00, real=0.09 secs] 
4385.368: [GC (Allocation Failure) [PSYoungGen: 409760K->147104K(501760K)] 594293K->429498K(1900032K), 0.0505697 secs] [Times: user=0.29 sys=0.01, real=0.05 secs] 
4387.173: [GC (Allocation Failure) [PSYoungGen: 456352K->105504K(503296K)] 738746K->526034K(1901568K), 0.1267623 secs] [Times: user=0.75 sys=0.00, real=0.13 secs] 
4389.235: [GC (Allocation Failure) [PSYoungGen: 414752K->151104K(499712K)] 835282K->673271K(1897984K), 0.0515749 secs] [Times: user=0.30 sys=0.00, real=0.06 secs] 
4391.477: [GC (Allocation Failure) [PSYoungGen: 459840K->100576K(503296K)] 982007K->765151K(1901568K), 0.1570520 secs] [Times: user=0.94 sys=0.00, real=0.15 secs] 
4393.554: [GC (Allocation Failure) [PSYoungGen: 409312K->159776K(493568K)] 1073887K->921284K(1891840K), 0.0515392 secs] [Times: user=0.30 sys=0.00, real=0.05 secs] 
4395.518: [GC (Allocation Failure) [PSYoungGen: 461344K->99040K(500224K)] 1222852K->1003604K(1898496K), 0.0994591 secs] [Times: user=0.59 sys=0.00, real=0.10 secs] 
4396.270: [GC (Allocation Failure) [PSYoungGen: 400608K->145120K(498688K)] 1305172K->1145345K(1896960K), 0.0497062 secs] [Times: user=0.29 sys=0.00, real=0.05 secs] 
4399.690: [GC (Allocation Failure) [PSYoungGen: 449248K->100864K(500736K)] 1449473K->1237161K(1899008K), 0.1284302 secs] [Times: user=0.76 sys=0.00, real=0.13 secs] 
4401.647: [GC (Allocation Failure) [PSYoungGen: 404992K->145248K(500736K)] 1541289K->1379658K(1899008K), 0.0513774 secs] [Times: user=0.31 sys=0.00, real=0.05 secs] 
4401.698: [Full GC (Ergonomics) [PSYoungGen: 145248K->0K(500736K)] [ParOldGen: 1234410K->178825K(1398272K)] 1379658K->178825K(1899008K), [Metaspace: 60482K->60482K(1105920K)], 0.4181249 secs] [Times: user=1.93 sys=0.00, real=0.42 secs] 
4403.294: [GC (GCLocker Initiated GC) [PSYoungGen: 306688K->105568K(412672K)] 485514K->284394K(1810944K), 0.0616825 secs] [Times: user=0.36 sys=0.00, real=0.06 secs] 
4404.690: [GC (Allocation Failure) [PSYoungGen: 412256K->144096K(500224K)] 591116K->425917K(1898496K), 0.0521673 secs] [Times: user=0.31 sys=0.00, real=0.05 secs] 
4407.286: [GC (Allocation Failure) [PSYoungGen: 452832K->104128K(501248K)] 734653K->520989K(1899520K), 0.1592698 secs] [Times: user=0.95 sys=0.01, real=0.15 secs] 
4409.461: [GC (Allocation Failure) [PSYoungGen: 412864K->153568K(499712K)] 829725K->671534K(1897984K), 0.0515262 secs] [Times: user=0.30 sys=0.01, real=0.05 secs] 
4411.008: [GC (Allocation Failure) [PSYoungGen: 463840K->108032K(504320K)] 981806K->762462K(1902592K), 0.1703965 secs] [Times: user=1.02 sys=0.01, real=0.17 secs] 
4413.830: [GC (Allocation Failure) [PSYoungGen: 418304K->153376K(500224K)] 1072734K->912789K(1898496K), 0.0535760 secs] [Times: user=0.32 sys=0.00, real=0.05 secs] 
4416.169: [GC (GCLocker Initiated GC) [PSYoungGen: 463136K->105920K(504320K)] 1222550K->1001430K(1902592K), 0.1707293 secs] [Times: user=1.02 sys=0.00, real=0.17 secs] 
4417.976: [GC (Allocation Failure) [PSYoungGen: 415680K->145728K(504320K)] 1311192K->1144853K(1902592K), 0.0532950 secs] [Times: user=0.32 sys=0.00, real=0.05 secs] 
4419.976: [GC (Allocation Failure) [PSYoungGen: 458560K->107136K(420352K)] 1457685K->1243181K(1818624K), 0.1078246 secs] [Times: user=0.64 sys=0.00, real=0.11 secs] 
4421.339: [GC (Allocation Failure) [PSYoungGen: 419968K->153632K(500224K)] 1556013K->1393363K(1898496K), 0.0590873 secs] [Times: user=0.35 sys=0.00, real=0.06 secs] 
4421.399: [Full GC (Ergonomics) [PSYoungGen: 153632K->0K(500224K)] [ParOldGen: 1239731K->191788K(1398272K)] 1393363K->191788K(1898496K), [Metaspace: 60482K->60482K(1105920K)], 0.4594759 secs] [Times: user=2.13 sys=0.00, real=0.46 secs] 
4425.961: [GC (Allocation Failure) [PSYoungGen: 310784K->98880K(504320K)] 502572K->290668K(1902592K), 0.0687272 secs] [Times: user=0.40 sys=0.00, real=0.07 secs] 
4427.826: [GC (Allocation Failure) [PSYoungGen: 409664K->148864K(502784K)] 601452K->435441K(1901056K), 0.0490122 secs] [Times: user=0.29 sys=0.00, real=0.04 secs] 
4430.100: [GC (Allocation Failure) [PSYoungGen: 459648K->105184K(416256K)] 746225K->531133K(1814528K), 0.1663036 secs] [Times: user=0.99 sys=0.00, real=0.17 secs] 
4431.344: [GC (Allocation Failure) [PSYoungGen: 415968K->151168K(501760K)] 841917K->678462K(1900032K), 0.0520688 secs] [Times: user=0.31 sys=0.01, real=0.06 secs] 
4433.365: [GC (Allocation Failure) [PSYoungGen: 461440K->102592K(504320K)] 988734K->772446K(1902592K), 0.1525773 secs] [Times: user=0.90 sys=0.00, real=0.16 secs] 
4434.717: [GC (Allocation Failure) [PSYoungGen: 412864K->151776K(500736K)] 1082718K->920555K(1899008K), 0.0510622 secs] [Times: user=0.30 sys=0.00, real=0.05 secs] 
4437.826: [GC (Allocation Failure) [PSYoungGen: 460512K->101568K(503808K)] 1229291K->1013859K(1902080K), 0.1769958 secs] [Times: user=1.05 sys=0.00, real=0.17 secs] 
4438.448: [GC (Allocation Failure) [PSYoungGen: 407648K->148736K(502784K)] 1319940K->1159288K(1901056K), 0.0511255 secs] [Times: user=0.31 sys=0.00, real=0.05 secs] 
4442.451: [GC (Allocation Failure) [PSYoungGen: 458496K->97952K(504320K)] 1469048K->1249144K(1902592K), 0.1560293 secs] [Times: user=0.93 sys=0.00, real=0.16 secs] 
4443.793: [GC (Allocation Failure) [PSYoungGen: 407712K->152160K(498688K)] 1558904K->1397153K(1896960K), 0.0494537 secs] [Times: user=0.29 sys=0.00, real=0.05 secs] 
4443.842: [Full GC (Ergonomics) [PSYoungGen: 152160K->0K(498688K)] [ParOldGen: 1244993K->195912K(1398272K)] 1397153K->195912K(1896960K), [Metaspace: 60483K->60483K(1105920K)], 0.4787079 secs] [Times: user=2.24 sys=0.00, real=0.48 secs] 
4447.524: [GC (Allocation Failure) [PSYoungGen: 305664K->97248K(502272K)] 501576K->293160K(1900544K), 0.0919567 secs] [Times: user=0.54 sys=0.01, real=0.10 secs] 
4449.471: [GC (Allocation Failure) [PSYoungGen: 402912K->148480K(500224K)] 598824K->437681K(1898496K), 0.0479630 secs] [Times: user=0.28 sys=0.00, real=0.05 secs] 
4452.130: [GC (Allocation Failure) [PSYoungGen: 454144K->99520K(502272K)] 743345K->528381K(1900544K), 0.1589945 secs] [Times: user=0.95 sys=0.00, real=0.16 secs] 
4454.524: [GC (Allocation Failure) [PSYoungGen: 405184K->147744K(500736K)] 834045K->671846K(1899008K), 0.0491817 secs] [Times: user=0.29 sys=0.00, real=0.05 secs] 
4456.056: [GC (Allocation Failure) [PSYoungGen: 453920K->103488K(410112K)] 978022K->766582K(1808384K), 0.1579552 secs] [Times: user=0.94 sys=0.01, real=0.15 secs] 
4457.412: [GC (Allocation Failure) [PSYoungGen: 409664K->146464K(499712K)] 1072758K->909731K(1897984K), 0.0515797 secs] [Times: user=0.31 sys=0.01, real=0.05 secs] 
4460.415: [GC (Allocation Failure) [PSYoungGen: 453152K->103232K(501248K)] 1216419K->1003995K(1899520K), 0.1109527 secs] [Times: user=0.66 sys=0.01, real=0.11 secs] 
4461.173: [GC (Allocation Failure) [PSYoungGen: 409920K->147872K(500736K)] 1310683K->1148821K(1899008K), 0.0520750 secs] [Times: user=0.31 sys=0.00, real=0.05 secs] 
4464.079: [GC (Allocation Failure) [PSYoungGen: 457120K->103040K(502784K)] 1458069K->1243341K(1901056K), 0.0992714 secs] [Times: user=0.59 sys=0.00, real=0.10 secs] 
4465.130: [GC (Allocation Failure) [PSYoungGen: 412288K->149824K(501760K)] 1552589K->1390218K(1900032K), 0.1013016 secs] [Times: user=0.60 sys=0.01, real=0.10 secs] 
4465.232: [Full GC (Ergonomics) [PSYoungGen: 149824K->0K(501760K)] [ParOldGen: 1240394K->188401K(1398272K)] 1390218K->188401K(1900032K), [Metaspace: 60492K->60492K(1105920K)], 0.4757246 secs] [Times: user=2.24 sys=0.00, real=0.48 secs] 
4469.030: [GC (Allocation Failure) [PSYoungGen: 310784K->100608K(504832K)] 499185K->289009K(1903104K), 0.0833326 secs] [Times: user=0.49 sys=0.01, real=0.08 secs] 
4470.393: [GC (Allocation Failure) [PSYoungGen: 411392K->150240K(501248K)] 599793K->435386K(1899520K), 0.0504029 secs] [Times: user=0.30 sys=0.00, real=0.05 secs] 
4472.720: [GC (Allocation Failure) [PSYoungGen: 460000K->104832K(504320K)] 745146K->531842K(1902592K), 0.1546964 secs] [Times: user=0.92 sys=0.00, real=0.15 secs] 
4474.733: [GC (Allocation Failure) [PSYoungGen: 414592K->148544K(502272K)] 841602K->676823K(1900544K), 0.0510647 secs] [Times: user=0.31 sys=0.00, real=0.05 secs] 
4478.388: [GC (Allocation Failure) [PSYoungGen: 459328K->105376K(504320K)] 987607K->772959K(1902592K), 0.1695751 secs] [Times: user=1.01 sys=0.00, real=0.17 secs] 
4480.445: [GC (Allocation Failure) [PSYoungGen: 416160K->147616K(502272K)] 1083743K->917328K(1900544K), 0.0509428 secs] [Times: user=0.30 sys=0.00, real=0.06 secs] 
4483.549: [GC (Allocation Failure) [PSYoungGen: 459424K->104960K(504320K)] 1229136K->1013568K(1902592K), 0.1598905 secs] [Times: user=0.95 sys=0.00, real=0.16 secs] 
4485.071: [GC (Allocation Failure) [PSYoungGen: 416768K->149792K(503296K)] 1325376K->1159453K(1901568K), 0.0531642 secs] [Times: user=0.32 sys=0.00, real=0.05 secs] 
4487.234: [GC (Allocation Failure) [PSYoungGen: 463136K->108288K(505856K)] 1472797K->1258893K(1904128K), 0.1726515 secs] [Times: user=1.04 sys=0.00, real=0.18 secs] 
4488.443: [GC (Allocation Failure) [PSYoungGen: 406484K->142656K(505856K)] 1557090K->1397862K(1904128K), 0.0529160 secs] [Times: user=0.32 sys=0.00, real=0.06 secs] 
4488.496: [Full GC (Ergonomics) [PSYoungGen: 142656K->0K(505856K)] [ParOldGen: 1255206K->196586K(1398272K)] 1397862K->196586K(1904128K), [Metaspace: 60500K->60500K(1105920K)], 0.4774226 secs] [Times: user=2.23 sys=0.00, real=0.47 secs] 
4492.072: [GC (Allocation Failure) [PSYoungGen: 316416K->103200K(505856K)] 513002K->299786K(1904128K), 0.0975788 secs] [Times: user=0.57 sys=0.00, real=0.10 secs] 
4493.317: [GC (Allocation Failure) [PSYoungGen: 411245K->148320K(504832K)] 607832K->444223K(1903104K), 0.0592931 secs] [Times: user=0.35 sys=0.00, real=0.06 secs] 
4496.963: [GC (Allocation Failure) [PSYoungGen: 465760K->107488K(507392K)] 761663K->542767K(1905664K), 0.1727768 secs] [Times: user=1.03 sys=0.00, real=0.17 secs] 
4497.988: [GC (Allocation Failure) [PSYoungGen: 424928K->154144K(502784K)] 860207K->693120K(1901056K), 0.0514135 secs] [Times: user=0.31 sys=0.00, real=0.05 secs] 
4501.174: [GC (Allocation Failure) [PSYoungGen: 470048K->94272K(507392K)] 1009024K->786968K(1905664K), 0.1320073 secs] [Times: user=0.71 sys=0.00, real=0.14 secs] 
4502.221: [GC (Allocation Failure) [PSYoungGen: 410176K->152928K(500736K)] 1102872K->935865K(1899008K), 0.0553445 secs] [Times: user=0.33 sys=0.00, real=0.06 secs] 
4505.429: [GC (Allocation Failure) [PSYoungGen: 462688K->92960K(504320K)] 1245625K->1028489K(1902592K), 0.1491759 secs] [Times: user=0.89 sys=0.00, real=0.15 secs] 
4506.163: [GC (Allocation Failure) [PSYoungGen: 402720K->154816K(496640K)] 1338249K->1177514K(1894912K), 0.0550026 secs] [Times: user=0.33 sys=0.00, real=0.06 secs] 
4509.218: [GC (Allocation Failure) [PSYoungGen: 457408K->88960K(500736K)] 1480106K->1266458K(1899008K), 0.1782635 secs] [Times: user=1.07 sys=0.00, real=0.18 secs] 
4509.929: [GC (Allocation Failure) [PSYoungGen: 391552K->149792K(496128K)] 1569050K->1410695K(1894400K), 0.0534623 secs] [Times: user=0.32 sys=0.00, real=0.05 secs] 
4509.982: [Full GC (Ergonomics) [PSYoungGen: 149792K->0K(496128K)] [ParOldGen: 1260903K->208970K(1398272K)] 1410695K->208970K(1894400K), [Metaspace: 60507K->60507K(1105920K)], 0.4821357 secs] [Times: user=2.24 sys=0.00, real=0.48 secs] 
4513.929: [GC (Allocation Failure) [PSYoungGen: 298496K->88832K(498688K)] 507466K->297802K(1896960K), 0.1592312 secs] [Times: user=0.95 sys=0.00, real=0.16 secs] 
4514.657: [GC (Allocation Failure) [PSYoungGen: 383455K->141440K(496640K)] 592426K->435879K(1894912K), 0.0482625 secs] [Times: user=0.29 sys=0.00, real=0.04 secs] 
4518.294: [GC (Allocation Failure) [PSYoungGen: 440960K->94208K(498176K)] 735399K->521527K(1896448K), 0.1411123 secs] [Times: user=0.84 sys=0.00, real=0.14 secs] 
4520.179: [GC (Allocation Failure) [PSYoungGen: 393728K->143584K(498176K)] 821047K->661167K(1896448K), 0.0467549 secs] [Times: user=0.27 sys=0.00, real=0.04 secs] 
4521.682: [GC (Allocation Failure) [PSYoungGen: 445664K->104448K(407040K)] 963247K->756199K(1805312K), 0.0887896 secs] [Times: user=0.52 sys=0.00, real=0.09 secs] 
4522.399: [GC (Allocation Failure) [PSYoungGen: 406528K->147936K(496128K)] 1058279K->900761K(1894400K), 0.0513490 secs] [Times: user=0.30 sys=0.00, real=0.05 secs] 
4524.932: [GC (Allocation Failure) [PSYoungGen: 451040K->99520K(498688K)] 1203865K->991849K(1896960K), 0.1202813 secs] [Times: user=0.71 sys=0.00, real=0.12 secs] 
4526.953: [GC (Allocation Failure) [PSYoungGen: 402624K->143872K(501760K)] 1294953K->1132970K(1900032K), 0.0501999 secs] [Times: user=0.30 sys=0.00, real=0.05 secs] 
4530.110: [GC (Allocation Failure) [PSYoungGen: 453120K->103104K(502784K)] 1442218K->1227046K(1901056K), 0.1685080 secs] [Times: user=1.00 sys=0.00, real=0.17 secs] 
4531.446: [GC (Allocation Failure) [PSYoungGen: 412352K->147200K(500736K)] 1536294K->1371427K(1899008K), 0.0518796 secs] [Times: user=0.31 sys=0.00, real=0.05 secs] 
4531.498: [Full GC (Ergonomics) [PSYoungGen: 147200K->0K(500736K)] [ParOldGen: 1224227K->178390K(1398272K)] 1371427K->178390K(1899008K), [Metaspace: 60507K->60507K(1105920K)], 0.4230230 secs] [Times: user=1.95 sys=0.00, real=0.42 secs] 
4535.798: [GC (Allocation Failure) [PSYoungGen: 310272K->102144K(503296K)] 488662K->280534K(1901568K), 0.0482062 secs] [Times: user=0.28 sys=0.00, real=0.04 secs] 
4536.749: [GC (Allocation Failure) [PSYoungGen: 412416K->147424K(502784K)] 590806K->426067K(1901056K), 0.0699378 secs] [Times: user=0.41 sys=0.01, real=0.07 secs] 
4540.495: [GC (Allocation Failure) [PSYoungGen: 460256K->105344K(505344K)] 738899K->522931K(1903616K), 0.0939973 secs] [Times: user=0.56 sys=0.00, real=0.10 secs] 
4541.393: [GC (Allocation Failure) [PSYoungGen: 418176K->150848K(501248K)] 835763K->671660K(1899520K), 0.0524354 secs] [Times: user=0.31 sys=0.00, real=0.05 secs] 
4544.328: [GC (Allocation Failure) [PSYoungGen: 463168K->104096K(505344K)] 983980K->767560K(1903616K), 0.1117091 secs] [Times: user=0.66 sys=0.00, real=0.11 secs] 
4544.858: [GC (Allocation Failure) [PSYoungGen: 416416K->151072K(501760K)] 1079880K->915706K(1900032K), 0.0522305 secs] [Times: user=0.31 sys=0.00, real=0.05 secs] 
4547.095: [GC (Allocation Failure) [PSYoungGen: 462880K->105216K(505344K)] 1227514K->1012426K(1903616K), 0.1480772 secs] [Times: user=0.88 sys=0.00, real=0.15 secs] 
4548.081: [GC (Allocation Failure) [PSYoungGen: 417024K->151232K(502272K)] 1324234K->1160455K(1900544K), 0.0609411 secs] [Times: user=0.36 sys=0.00, real=0.06 secs] 
4551.401: [GC (Allocation Failure) [PSYoungGen: 463040K->103104K(505344K)] 1472263K->1255439K(1903616K), 0.1657273 secs] [Times: user=0.99 sys=0.00, real=0.17 secs] 
4552.115: [GC (Allocation Failure) [PSYoungGen: 406121K->147584K(503808K)] 1558456K->1399443K(1902080K), 0.0510724 secs] [Times: user=0.30 sys=0.00, real=0.06 secs] 
4552.166: [Full GC (Ergonomics) [PSYoungGen: 147584K->0K(503808K)] [ParOldGen: 1251859K->197015K(1398272K)] 1399443K->197015K(1902080K), [Metaspace: 60507K->60507K(1105920K)], 0.4755073 secs] [Times: user=2.21 sys=0.00, real=0.47 secs] 
4555.892: [GC (Allocation Failure) [PSYoungGen: 312832K->100352K(505856K)] 509847K->297367K(1904128K), 0.0745896 secs] [Times: user=0.44 sys=0.01, real=0.08 secs] 
4557.061: [GC (Allocation Failure) [PSYoungGen: 408081K->151072K(501760K)] 605096K->444384K(1900032K), 0.0484820 secs] [Times: user=0.29 sys=0.01, real=0.05 secs] 
4559.783: [GC (Allocation Failure) [PSYoungGen: 461856K->101280K(504832K)] 755168K->537120K(1903104K), 0.1306641 secs] [Times: user=0.78 sys=0.00, real=0.13 secs] 
4560.992: [GC (Allocation Failure) [PSYoungGen: 408734K->149664K(501760K)] 844574K->683049K(1900032K), 0.0491831 secs] [Times: user=0.29 sys=0.00, real=0.05 secs] 
4563.438: [GC (GCLocker Initiated GC) [PSYoungGen: 459424K->100128K(504320K)] 992809K->774713K(1902592K), 0.1418938 secs] [Times: user=0.84 sys=0.00, real=0.14 secs] 
4564.786: [GC (Allocation Failure) [PSYoungGen: 409888K->150464K(501248K)] 1084476K->921381K(1899520K), 0.0494964 secs] [Times: user=0.29 sys=0.00, real=0.04 secs] 
4567.244: [GC (Allocation Failure) [PSYoungGen: 459200K->101632K(503808K)] 1230117K->1014221K(1902080K), 0.1644035 secs] [Times: user=0.97 sys=0.00, real=0.17 secs] 
4568.533: [GC (Allocation Failure) [PSYoungGen: 410368K->149696K(501248K)] 1322957K->1159822K(1899520K), 0.0502738 secs] [Times: user=0.29 sys=0.00, real=0.05 secs] 
4571.128: [GC (Allocation Failure) [PSYoungGen: 458432K->99712K(503808K)] 1468558K->1250762K(1902080K), 0.1315659 secs] [Times: user=0.78 sys=0.00, real=0.13 secs] 
4572.179: [GC (Allocation Failure) [PSYoungGen: 408448K->151456K(499712K)] 1559498K->1398199K(1897984K), 0.0502341 secs] [Times: user=0.30 sys=0.00, real=0.05 secs] 
4572.229: [Full GC (Ergonomics) [PSYoungGen: 151456K->0K(499712K)] [ParOldGen: 1246743K->196934K(1398272K)] 1398199K->196934K(1897984K), [Metaspace: 60508K->60508K(1105920K)], 0.4773489 secs] [Times: user=2.23 sys=0.00, real=0.48 secs] 
4575.239: [GC (Allocation Failure) [PSYoungGen: 306688K->101056K(502784K)] 503622K->297990K(1901056K), 0.0789538 secs] [Times: user=0.47 sys=0.00, real=0.08 secs] 
4576.099: [GC (Allocation Failure) [PSYoungGen: 405573K->149792K(500224K)] 602507K->444067K(1898496K), 0.0490280 secs] [Times: user=0.29 sys=0.00, real=0.05 secs] 
4577.987: [GC (Allocation Failure) [PSYoungGen: 456480K->102880K(502784K)] 750755K->538827K(1901056K), 0.1419293 secs] [Times: user=0.85 sys=0.00, real=0.14 secs] 
4578.990: [GC (Allocation Failure) [PSYoungGen: 409568K->148512K(500736K)] 845515K->683252K(1899008K), 0.0499295 secs] [Times: user=0.30 sys=0.00, real=0.05 secs] 
4581.220: [GC (Allocation Failure) [PSYoungGen: 455712K->100416K(502784K)] 990452K->774952K(1901056K), 0.1408750 secs] [Times: user=0.84 sys=0.00, real=0.14 secs] 
4582.494: [GC (Allocation Failure) [PSYoungGen: 407616K->148800K(500224K)] 1082152K->920065K(1898496K), 0.0495298 secs] [Times: user=0.29 sys=0.00, real=0.05 secs] 
4586.947: [GC (Allocation Failure) [PSYoungGen: 456000K->96096K(502784K)] 1227265K->1007573K(1901056K), 0.1408823 secs] [Times: user=0.84 sys=0.00, real=0.14 secs] 
4588.224: [GC (Allocation Failure) [PSYoungGen: 403296K->149408K(500224K)] 1314773K->1153546K(1898496K), 0.0493240 secs] [Times: user=0.30 sys=0.00, real=0.05 secs] 
4590.404: [GC (Allocation Failure) [PSYoungGen: 456096K->103840K(410624K)] 1460234K->1248654K(1808896K), 0.1246694 secs] [Times: user=0.74 sys=0.01, real=0.13 secs] 
4591.156: [GC (Allocation Failure) [PSYoungGen: 410528K->149216K(499712K)] 1555342K->1394311K(1897984K), 0.0515478 secs] [Times: user=0.31 sys=0.00, real=0.05 secs] 
4591.208: [Full GC (Ergonomics) [PSYoungGen: 149216K->0K(499712K)] [ParOldGen: 1245095K->191999K(1398272K)] 1394311K->191999K(1897984K), [Metaspace: 60508K->60508K(1105920K)], 0.4536189 secs] [Times: user=2.10 sys=0.00, real=0.45 secs] 
4595.113: [GC (Allocation Failure) [PSYoungGen: 306688K->98400K(502272K)] 498687K->290399K(1900544K), 0.0890362 secs] [Times: user=0.52 sys=0.00, real=0.09 secs] 
4597.373: [GC (Allocation Failure) [PSYoungGen: 405088K->155744K(496128K)] 597087K->441796K(1894400K), 0.0492438 secs] [Times: user=0.29 sys=0.00, real=0.05 secs] 
4599.122: [GC (Allocation Failure) [PSYoungGen: 458336K->103104K(500736K)] 744388K->528040K(1899008K), 0.1087021 secs] [Times: user=0.65 sys=0.00, real=0.11 secs] 
4600.647: [GC (Allocation Failure) [PSYoungGen: 405696K->148192K(499712K)] 830632K->671917K(1897984K), 0.0508105 secs] [Times: user=0.30 sys=0.00, real=0.05 secs] 
4603.321: [GC (Allocation Failure) [PSYoungGen: 452832K->100768K(405504K)] 976557K->763889K(1803776K), 0.1507723 secs] [Times: user=0.90 sys=0.00, real=0.15 secs] 
4606.039: [GC (Allocation Failure) [PSYoungGen: 405408K->143904K(501248K)] 1068529K->904694K(1899520K), 0.0501672 secs] [Times: user=0.30 sys=0.00, real=0.05 secs] 
4607.928: [GC (Allocation Failure) [PSYoungGen: 450592K->103456K(501248K)] 1211382K->999422K(1899520K), 0.1374655 secs] [Times: user=0.82 sys=0.00, real=0.14 secs] 
4609.928: [GC (Allocation Failure) [PSYoungGen: 410144K->144448K(501248K)] 1306110K->1141347K(1899520K), 0.0518144 secs] [Times: user=0.31 sys=0.00, real=0.05 secs] 
4613.777: [GC (Allocation Failure) [PSYoungGen: 453696K->101056K(501760K)] 1450595K->1233683K(1900032K), 0.0926937 secs] [Times: user=0.55 sys=0.01, real=0.09 secs] 
4615.212: [GC (Allocation Failure) [PSYoungGen: 410304K->147488K(501760K)] 1542931K->1378648K(1900032K), 0.0516603 secs] [Times: user=0.31 sys=0.00, real=0.05 secs] 
4615.264: [Full GC (Ergonomics) [PSYoungGen: 147488K->0K(501760K)] [ParOldGen: 1231160K->177300K(1398272K)] 1378648K->177300K(1900032K), [Metaspace: 60508K->60508K(1105920K)], 0.4202027 secs] [Times: user=1.95 sys=0.00, real=0.42 secs] 
4617.286: [GC (Allocation Failure) [PSYoungGen: 311808K->105280K(504320K)] 489108K->282580K(1902592K), 0.0918059 secs] [Times: user=0.54 sys=0.00, real=0.10 secs] 
4618.914: [GC (Allocation Failure) [PSYoungGen: 417088K->150240K(502784K)] 594388K->430374K(1901056K), 0.0529285 secs] [Times: user=0.31 sys=0.00, real=0.06 secs] 
4622.326: [GC (Allocation Failure) [PSYoungGen: 463584K->104480K(505856K)] 743718K->526618K(1904128K), 0.1617554 secs] [Times: user=0.97 sys=0.00, real=0.16 secs] 
4624.147: [GC (Allocation Failure) [PSYoungGen: 417824K->149280K(503808K)] 839962K->672671K(1902080K), 0.0512220 secs] [Times: user=0.30 sys=0.00, real=0.05 secs] 
4626.950: [GC (Allocation Failure) [PSYoungGen: 463136K->105056K(419328K)] 986527K->768599K(1817600K), 0.1700943 secs] [Times: user=1.01 sys=0.00, real=0.17 secs] 
4628.599: [GC (Allocation Failure) [PSYoungGen: 418912K->151744K(502272K)] 1082455K->916740K(1900544K), 0.0521728 secs] [Times: user=0.31 sys=0.00, real=0.05 secs] 
4630.713: [GC (Allocation Failure) [PSYoungGen: 464576K->104608K(505856K)] 1229572K->1012692K(1904128K), 0.1500393 secs] [Times: user=0.89 sys=0.01, real=0.15 secs] 
4632.497: [GC (Allocation Failure) [PSYoungGen: 417440K->150240K(503296K)] 1325524K->1158532K(1901568K), 0.0510709 secs] [Times: user=0.31 sys=0.00, real=0.05 secs] 
4634.833: [GC (Allocation Failure) [PSYoungGen: 463072K->101472K(505856K)] 1471364K->1250920K(1904128K), 0.1593427 secs] [Times: user=0.91 sys=0.00, real=0.16 secs] 
4636.485: [GC (Allocation Failure) [PSYoungGen: 412898K->151232K(501760K)] 1562347K->1398341K(1900032K), 0.0504181 secs] [Times: user=0.29 sys=0.00, real=0.05 secs] 
4636.535: [Full GC (Ergonomics) [PSYoungGen: 151232K->0K(501760K)] [ParOldGen: 1247109K->196926K(1398272K)] 1398341K->196926K(1900032K), [Metaspace: 60509K->60509K(1105920K)], 0.4737126 secs] [Times: user=2.22 sys=0.00, real=0.48 secs] 
4640.880: [GC (Allocation Failure) [PSYoungGen: 310784K->100992K(504832K)] 507710K->297918K(1903104K), 0.0964724 secs] [Times: user=0.56 sys=0.01, real=0.10 secs] 
4641.904: [GC (Allocation Failure) [PSYoungGen: 407904K->150464K(500736K)] 604830K->443699K(1899008K), 0.0484895 secs] [Times: user=0.29 sys=0.00, real=0.05 secs] 
4644.035: [GC (Allocation Failure) [PSYoungGen: 459200K->100288K(503808K)] 752435K->535359K(1902080K), 0.1669365 secs] [Times: user=0.99 sys=0.00, real=0.17 secs] 
4645.676: [GC (Allocation Failure) [PSYoungGen: 409024K->150080K(500736K)] 844095K->681476K(1899008K), 0.0496523 secs] [Times: user=0.29 sys=0.00, real=0.05 secs] 
4648.360: [GC (Allocation Failure) [PSYoungGen: 457792K->101280K(503296K)] 989188K->774224K(1901568K), 0.1520546 secs] [Times: user=0.91 sys=0.00, real=0.15 secs] 
4649.601: [GC (Allocation Failure) [PSYoungGen: 408992K->148384K(501248K)] 1081936K->918861K(1899520K), 0.0501224 secs] [Times: user=0.30 sys=0.00, real=0.05 secs] 
4652.130: [GC (Allocation Failure) [PSYoungGen: 456608K->103456K(412160K)] 1227085K->1013649K(1810432K), 0.1487895 secs] [Times: user=0.89 sys=0.01, real=0.15 secs] 
4653.347: [GC (Allocation Failure) [PSYoungGen: 411680K->149760K(500224K)] 1321873K->1159807K(1898496K), 0.0519875 secs] [Times: user=0.30 sys=0.00, real=0.05 secs] 
4655.844: [GC (Allocation Failure) [PSYoungGen: 457984K->100960K(502784K)] 1468031K->1252143K(1901056K), 0.1310112 secs] [Times: user=0.77 sys=0.02, real=0.13 secs] 
4657.571: [GC (Allocation Failure) [PSYoungGen: 409184K->148192K(502272K)] 1560367K->1395847K(1900544K), 0.0500203 secs] [Times: user=0.29 sys=0.00, real=0.05 secs] 
4657.621: [Full GC (Ergonomics) [PSYoungGen: 148192K->0K(502272K)] [ParOldGen: 1247655K->194386K(1398272K)] 1395847K->194386K(1900544K), [Metaspace: 60509K->60509K(1105920K)], 0.4699495 secs] [Times: user=2.20 sys=0.00, real=0.47 secs] 
4660.284: [GC (Allocation Failure) [PSYoungGen: 309760K->103200K(413184K)] 504146K->297586K(1811456K), 0.1017490 secs] [Times: user=0.59 sys=0.00, real=0.11 secs] 
4661.209: [GC (Allocation Failure) [PSYoungGen: 412960K->150304K(501248K)] 607346K->443931K(1899520K), 0.0500991 secs] [Times: user=0.30 sys=0.00, real=0.05 secs] 
4664.075: [GC (Allocation Failure) [PSYoungGen: 459552K->103200K(503808K)] 753179K->538123K(1902080K), 0.1467014 secs] [Times: user=0.87 sys=0.00, real=0.15 secs] 
4665.993: [GC (Allocation Failure) [PSYoungGen: 412448K->149024K(502272K)] 847371K->683020K(1900544K), 0.0498177 secs] [Times: user=0.29 sys=0.00, real=0.05 secs] 
4667.563: [GC (Allocation Failure) [PSYoungGen: 459296K->104384K(504320K)] 993292K->778632K(1902592K), 0.1317717 secs] [Times: user=0.78 sys=0.01, real=0.13 secs] 
4668.329: [GC (Allocation Failure) [PSYoungGen: 410735K->146208K(503296K)] 1084983K->921285K(1901568K), 0.0505806 secs] [Times: user=0.30 sys=0.00, real=0.05 secs] 
4671.898: [GC (Allocation Failure) [PSYoungGen: 458016K->102912K(504320K)] 1233093K->1015861K(1902592K), 0.1555798 secs] [Times: user=0.93 sys=0.00, real=0.15 secs] 
4672.610: [GC (Allocation Failure) [PSYoungGen: 406322K->147232K(503808K)] 1319271K->1159730K(1902080K), 0.0502429 secs] [Times: user=0.30 sys=0.00, real=0.05 secs] 
4675.786: [GC (Allocation Failure) [PSYoungGen: 460576K->100416K(505344K)] 1473074K->1251910K(1903616K), 0.1621342 secs] [Times: user=0.94 sys=0.00, real=0.17 secs] 
4676.766: [GC (Allocation Failure) [PSYoungGen: 411129K->151072K(501760K)] 1562623K->1399195K(1900032K), 0.0500126 secs] [Times: user=0.30 sys=0.01, real=0.05 secs] 
4676.816: [Full GC (Ergonomics) [PSYoungGen: 151072K->0K(501760K)] [ParOldGen: 1248123K->197383K(1398272K)] 1399195K->197383K(1900032K), [Metaspace: 60509K->60509K(1105920K)], 0.4773191 secs] [Times: user=2.23 sys=0.00, real=0.47 secs] 
4680.867: [GC (Allocation Failure) [PSYoungGen: 311808K->103072K(505344K)] 509191K->300455K(1903616K), 0.0918734 secs] [Times: user=0.54 sys=0.01, real=0.09 secs] 
4681.965: [GC (Allocation Failure) [PSYoungGen: 409768K->147936K(503808K)] 607151K->444588K(1902080K), 0.0496830 secs] [Times: user=0.29 sys=0.00, real=0.05 secs] 
4685.466: [GC (Allocation Failure) [PSYoungGen: 460768K->101696K(414720K)] 757420K->537436K(1812992K), 0.1617951 secs] [Times: user=0.96 sys=0.00, real=0.16 secs] 
4686.642: [GC (Allocation Failure) [PSYoungGen: 407378K->149216K(502784K)] 843118K->682429K(1901056K), 0.0501014 secs] [Times: user=0.30 sys=0.00, real=0.05 secs] 
4690.565: [GC (Allocation Failure) [PSYoungGen: 461536K->100256K(505344K)] 994749K->774493K(1903616K), 0.1531856 secs] [Times: user=0.91 sys=0.00, real=0.16 secs] 
4691.799: [GC (Allocation Failure) [PSYoungGen: 405337K->150496K(501760K)] 1079574K->921030K(1900032K), 0.0502191 secs] [Times: user=0.30 sys=0.00, real=0.05 secs] 
4694.570: [GC (Allocation Failure) [PSYoungGen: 461280K->102208K(504832K)] 1231814K->1014962K(1903104K), 0.1605433 secs] [Times: user=0.96 sys=0.00, real=0.16 secs] 
4695.806: [GC (Allocation Failure) [PSYoungGen: 412162K->148768K(502272K)] 1324916K->1159702K(1900544K), 0.0510551 secs] [Times: user=0.30 sys=0.00, real=0.05 secs] 
4699.125: [GC (Allocation Failure) [PSYoungGen: 459552K->100736K(504832K)] 1470486K->1251942K(1903104K), 0.1228305 secs] [Times: user=0.73 sys=0.00, real=0.13 secs] 
4700.887: [GC (Allocation Failure) [PSYoungGen: 411520K->150176K(501248K)] 1562726K->1398199K(1899520K), 0.0503382 secs] [Times: user=0.30 sys=0.00, real=0.05 secs] 
4700.937: [Full GC (Ergonomics) [PSYoungGen: 150176K->0K(501248K)] [ParOldGen: 1248023K->197304K(1398272K)] 1398199K->197304K(1899520K), [Metaspace: 60509K->60509K(1105920K)], 0.4729481 secs] [Times: user=2.21 sys=0.00, real=0.47 secs] 
4703.769: [GC (Allocation Failure) [PSYoungGen: 309760K->99904K(504320K)] 507064K->297208K(1902592K), 0.0909589 secs] [Times: user=0.52 sys=0.00, real=0.09 secs] 
4704.830: [GC (Allocation Failure) [PSYoungGen: 409664K->150880K(500224K)] 606968K->444045K(1898496K), 0.0486735 secs] [Times: user=0.28 sys=0.00, real=0.05 secs] 
4708.063: [GC (Allocation Failure) [PSYoungGen: 458592K->100640K(503296K)] 751757K->535837K(1901568K), 0.1651857 secs] [Times: user=0.98 sys=0.01, real=0.17 secs] 
4709.633: [GC (Allocation Failure) [PSYoungGen: 408352K->147328K(501760K)] 843549K->678621K(1900032K), 0.0487482 secs] [Times: user=0.29 sys=0.00, real=0.05 secs] 
4712.216: [GC (Allocation Failure) [PSYoungGen: 456064K->102528K(411648K)] 987357K->772210K(1809920K), 0.1530642 secs] [Times: user=0.91 sys=0.00, real=0.15 secs] 
4713.671: [GC (Allocation Failure) [PSYoungGen: 411264K->158240K(494592K)] 1080946K->926765K(1892864K), 0.0509719 secs] [Times: user=0.30 sys=0.00, real=0.05 secs] 
4716.165: [GC (Allocation Failure) [PSYoungGen: 460832K->99072K(500736K)] 1229357K->1008921K(1899008K), 0.1395825 secs] [Times: user=0.84 sys=0.00, real=0.14 secs] 
4717.634: [GC (Allocation Failure) [PSYoungGen: 401664K->146944K(500224K)] 1311513K->1151834K(1898496K), 0.0493044 secs] [Times: user=0.29 sys=0.00, real=0.05 secs] 
4720.008: [GC (Allocation Failure) [PSYoungGen: 451584K->100000K(404992K)] 1456474K->1243018K(1803264K), 0.1713434 secs] [Times: user=1.02 sys=0.00, real=0.17 secs] 
4721.884: [GC (Allocation Failure) [PSYoungGen: 404640K->147744K(499200K)] 1547658K->1387038K(1897472K), 0.0505506 secs] [Times: user=0.30 sys=0.00, real=0.05 secs] 
4721.935: [Full GC (Ergonomics) [PSYoungGen: 147744K->0K(499200K)] [ParOldGen: 1239294K->187516K(1398272K)] 1387038K->187516K(1897472K), [Metaspace: 60509K->60509K(1105920K)], 0.4441848 secs] [Times: user=2.07 sys=0.00, real=0.45 secs] 
4724.627: [GC (Allocation Failure) [PSYoungGen: 304640K->100896K(500736K)] 492156K->288412K(1899008K), 0.1017213 secs] [Times: user=0.59 sys=0.01, real=0.10 secs] 
4726.067: [GC (Allocation Failure) [PSYoungGen: 405536K->145472K(500736K)] 593052K->430940K(1899008K), 0.0503637 secs] [Times: user=0.30 sys=0.00, real=0.05 secs] 
4728.259: [GC (Allocation Failure) [PSYoungGen: 452672K->105312K(501760K)] 738140K->527577K(1900032K), 0.1515494 secs] [Times: user=0.90 sys=0.00, real=0.15 secs] 
4730.603: [GC (Allocation Failure) [PSYoungGen: 412512K->153952K(498176K)] 834777K->677649K(1896448K), 0.0518391 secs] [Times: user=0.31 sys=0.00, real=0.05 secs] 
4732.503: [GC (Allocation Failure) [PSYoungGen: 460640K->102592K(502272K)] 984337K->762905K(1900544K), 0.1612671 secs] [Times: user=0.96 sys=0.00, real=0.16 secs] 
4734.586: [GC (Allocation Failure) [PSYoungGen: 409280K->146624K(502784K)] 1069593K->906438K(1901056K), 0.0511661 secs] [Times: user=0.30 sys=0.00, real=0.06 secs] 
4736.207: [GC (Allocation Failure) [PSYoungGen: 456384K->105472K(415744K)] 1216198K->1003030K(1814016K), 0.1078748 secs] [Times: user=0.64 sys=0.00, real=0.10 secs] 
4738.399: [GC (Allocation Failure) [PSYoungGen: 415232K->146304K(501760K)] 1312790K->1146696K(1900032K), 0.0516732 secs] [Times: user=0.31 sys=0.00, real=0.05 secs] 
4741.165: [GC (Allocation Failure) [PSYoungGen: 455019K->103584K(502784K)] 1455412K->1241296K(1901056K), 0.1711506 secs] [Times: user=1.02 sys=0.01, real=0.18 secs] 
4741.891: [GC (Allocation Failure) [PSYoungGen: 413856K->150432K(501760K)] 1551568K->1389341K(1900032K), 0.0523501 secs] [Times: user=0.31 sys=0.00, real=0.05 secs] 
4741.944: [Full GC (Ergonomics) [PSYoungGen: 150432K->0K(501760K)] [ParOldGen: 1238909K->188054K(1398272K)] 1389341K->188054K(1900032K), [Metaspace: 60509K->60509K(1105920K)], 0.4533792 secs] [Times: user=2.10 sys=0.00, real=0.46 secs] 
4745.335: [GC (Allocation Failure) [PSYoungGen: 311808K->100928K(504832K)] 499862K->288982K(1903104K), 0.0694505 secs] [Times: user=0.41 sys=0.00, real=0.07 secs] 
4746.418: [GC (Allocation Failure) [PSYoungGen: 412736K->148960K(502784K)] 600790K->434203K(1901056K), 0.0504108 secs] [Times: user=0.30 sys=0.00, real=0.05 secs] 
4748.454: [GC (Allocation Failure) [PSYoungGen: 460768K->107328K(419328K)] 746011K->532559K(1817600K), 0.1532231 secs] [Times: user=0.90 sys=0.01, real=0.16 secs] 
4749.514: [GC (Allocation Failure) [PSYoungGen: 419136K->152224K(500736K)] 844367K->681372K(1899008K), 0.0528922 secs] [Times: user=0.31 sys=0.00, real=0.06 secs] 
4752.165: [GC (Allocation Failure) [PSYoungGen: 463008K->99520K(504320K)] 992156K->772704K(1902592K), 0.1607410 secs] [Times: user=0.96 sys=0.00, real=0.17 secs] 
4753.496: [GC (Allocation Failure) [PSYoungGen: 410304K->151136K(500736K)] 1083488K->919525K(1899008K), 0.0497230 secs] [Times: user=0.29 sys=0.00, real=0.05 secs] 
4756.331: [GC (Allocation Failure) [PSYoungGen: 459872K->104576K(503808K)] 1228261K->1015093K(1902080K), 0.1613148 secs] [Times: user=0.97 sys=0.00, real=0.16 secs] 
4758.167: [GC (Allocation Failure) [PSYoungGen: 413312K->148064K(501760K)] 1323829K->1159150K(1900032K), 0.0510570 secs] [Times: user=0.31 sys=0.00, real=0.05 secs] 
4760.931: [GC (Allocation Failure) [PSYoungGen: 457824K->102368K(503808K)] 1468910K->1252574K(1902080K), 0.1486944 secs] [Times: user=0.89 sys=0.01, real=0.15 secs] 
4762.301: [GC (Allocation Failure) [PSYoungGen: 412128K->150176K(501760K)] 1562334K->1398659K(1900032K), 0.0507740 secs] [Times: user=0.30 sys=0.00, real=0.05 secs] 
4762.352: [Full GC (Ergonomics) [PSYoungGen: 150176K->0K(501760K)] [ParOldGen: 1248483K->197278K(1398272K)] 1398659K->197278K(1900032K), [Metaspace: 60509K->60509K(1105920K)], 0.4772573 secs] [Times: user=2.23 sys=0.00, real=0.48 secs] 
4765.106: [GC (Allocation Failure) [PSYoungGen: 310272K->104288K(504320K)] 507550K->301566K(1902592K), 0.0921537 secs] [Times: user=0.54 sys=0.00, real=0.10 secs] 
4766.490: [GC (Allocation Failure) [PSYoungGen: 410056K->146624K(503296K)] 607335K->444743K(1901568K), 0.0488953 secs] [Times: user=0.29 sys=0.00, real=0.05 secs] 
4769.398: [GC (Allocation Failure) [PSYoungGen: 458432K->100576K(504832K)] 756551K->536719K(1903104K), 0.1508202 secs] [Times: user=0.90 sys=0.00, real=0.15 secs] 
4770.477: [GC (Allocation Failure) [PSYoungGen: 412384K->151040K(501760K)] 848527K->683876K(1900032K), 0.0494274 secs] [Times: user=0.29 sys=0.00, real=0.05 secs] 
4772.449: [GC (Allocation Failure) [PSYoungGen: 461824K->105344K(504832K)] 994660K->780284K(1903104K), 0.1425990 secs] [Times: user=0.84 sys=0.00, real=0.14 secs] 
4774.591: [GC (Allocation Failure) [PSYoungGen: 409463K->145312K(503808K)] 1084404K->922010K(1902080K), 0.1428888 secs] [Times: user=0.85 sys=0.00, real=0.14 secs] 
4778.331: [GC (Allocation Failure) [PSYoungGen: 458144K->102592K(504832K)] 1234842K->1015962K(1903104K), 0.1730851 secs] [Times: user=0.97 sys=0.00, real=0.17 secs] 
4779.505: [GC (Allocation Failure) [PSYoungGen: 409348K->148960K(503808K)] 1322719K->1160767K(1902080K), 0.0503087 secs] [Times: user=0.29 sys=0.00, real=0.05 secs] 
4781.687: [GC (Allocation Failure) [PSYoungGen: 462816K->106016K(505856K)] 1474623K->1258199K(1904128K), 0.1221847 secs] [Times: user=0.73 sys=0.00, real=0.12 secs] 
4782.631: [GC (Allocation Failure) [PSYoungGen: 406182K->144832K(505344K)] 1558366K->1399160K(1903616K), 0.0513982 secs] [Times: user=0.30 sys=0.00, real=0.05 secs] 
4782.682: [Full GC (Ergonomics) [PSYoungGen: 144832K->0K(505344K)] [ParOldGen: 1254328K->197103K(1398272K)] 1399160K->197103K(1903616K), [Metaspace: 60512K->60512K(1105920K)], 0.4769649 secs] [Times: user=2.23 sys=0.00, real=0.48 secs] 
4786.105: [GC (Allocation Failure) [PSYoungGen: 315904K->103296K(506368K)] 513007K->300399K(1904640K), 0.0843917 secs] [Times: user=0.50 sys=0.00, real=0.09 secs] 
4787.241: [GC (Allocation Failure) [PSYoungGen: 407257K->147840K(504320K)] 604361K->444392K(1902592K), 0.0487726 secs] [Times: user=0.29 sys=0.00, real=0.05 secs] 
4790.068: [GC (Allocation Failure) [PSYoungGen: 464256K->105184K(506880K)] 760808K->541048K(1905152K), 0.1574350 secs] [Times: user=0.94 sys=0.00, real=0.15 secs] 
4791.149: [GC (Allocation Failure) [PSYoungGen: 406632K->145568K(507392K)] 842497K->682753K(1905664K), 0.0495551 secs] [Times: user=0.29 sys=0.00, real=0.05 secs] 
4794.113: [GC (Allocation Failure) [PSYoungGen: 465056K->107552K(508416K)] 1002241K->781833K(1906688K), 0.1554505 secs] [Times: user=0.93 sys=0.00, real=0.16 secs] 
4795.270: [GC (Allocation Failure) [PSYoungGen: 411697K->144064K(507392K)] 1085979K->921690K(1905664K), 0.0510434 secs] [Times: user=0.30 sys=0.00, real=0.05 secs] 
4798.452: [GC (Allocation Failure) [PSYoungGen: 465088K->109376K(508416K)] 1242714K->1021962K(1906688K), 0.1570302 secs] [Times: user=0.94 sys=0.00, real=0.16 secs] 
4799.970: [GC (Allocation Failure) [PSYoungGen: 430400K->153728K(504832K)] 1342986K->1171887K(1903104K), 0.0534236 secs] [Times: user=0.31 sys=0.00, real=0.05 secs] 
4803.534: [GC (Allocation Failure) [PSYoungGen: 474240K->95744K(509440K)] 1492399K->1267007K(1907712K), 0.1704289 secs] [Times: user=1.02 sys=0.00, real=0.17 secs] 
4804.576: [GC (Allocation Failure) [PSYoungGen: 416256K->159872K(497152K)] 1587519K->1421196K(1895424K), 0.0580900 secs] [Times: user=0.35 sys=0.00, real=0.06 secs] 
4804.634: [Full GC (Ergonomics) [PSYoungGen: 159872K->0K(497152K)] [ParOldGen: 1261324K->219374K(1398272K)] 1421196K->219374K(1895424K), [Metaspace: 60512K->60479K(1105920K)], 0.5224004 secs] [Times: user=2.43 sys=0.00, real=0.53 secs] 
4808.222: [GC (GCLocker Initiated GC) [PSYoungGen: 308736K->90592K(503808K)] 528110K->309966K(1902080K), 0.1118856 secs] [Times: user=0.67 sys=0.00, real=0.11 secs] 
4808.617: [GC (Allocation Failure) [PSYoungGen: 399328K->154624K(496128K)] 618705K->459066K(1894400K), 0.0538839 secs] [Times: user=0.32 sys=0.00, real=0.05 secs] 
4811.263: [GC (Allocation Failure) [PSYoungGen: 456192K->91264K(500224K)] 760634K->550386K(1898496K), 0.1408807 secs] [Times: user=0.84 sys=0.00, real=0.14 secs] 
4812.097: [GC (Allocation Failure) [PSYoungGen: 392832K->147360K(498688K)] 851954K->692071K(1896960K), 0.0539011 secs] [Times: user=0.32 sys=0.00, real=0.05 secs] 
4815.360: [GC (Allocation Failure) [PSYoungGen: 447904K->91008K(499712K)] 992615K->782719K(1897984K), 0.1294736 secs] [Times: user=0.77 sys=0.00, real=0.13 secs] 
4815.976: [GC (Allocation Failure) [PSYoungGen: 391552K->148800K(496640K)] 1083263K->925928K(1894912K), 0.0537829 secs] [Times: user=0.32 sys=0.00, real=0.06 secs] 
4819.551: [GC (Allocation Failure) [PSYoungGen: 447296K->86496K(498688K)] 1224424K->1012136K(1896960K), 0.1365617 secs] [Times: user=0.74 sys=0.00, real=0.14 secs] 
4819.976: [GC (Allocation Failure) [PSYoungGen: 373967K->141728K(497664K)] 1299607K->1150644K(1895936K), 0.0495126 secs] [Times: user=0.30 sys=0.00, real=0.04 secs] 
4822.106: [GC (Allocation Failure) [PSYoungGen: 441248K->98496K(398336K)] 1450164K->1240973K(1796608K), 0.1398190 secs] [Times: user=0.84 sys=0.00, real=0.14 secs] 
4823.852: [GC (Allocation Failure) [PSYoungGen: 398016K->145120K(495616K)] 1540493K->1382065K(1893888K), 0.0492388 secs] [Times: user=0.30 sys=0.00, real=0.05 secs] 
4823.901: [Full GC (Ergonomics) [PSYoungGen: 145120K->0K(495616K)] [ParOldGen: 1236945K->189246K(1398272K)] 1382065K->189246K(1893888K), [Metaspace: 60479K->59605K(1105920K)], 0.4539090 secs] [Times: user=2.08 sys=0.00, real=0.45 secs] 
4826.247: [GC (Allocation Failure) [PSYoungGen: 300032K->97216K(497152K)] 489278K->286462K(1895424K), 0.0931536 secs] [Times: user=0.55 sys=0.00, real=0.09 secs] 
4829.511: [GC (Allocation Failure) [PSYoungGen: 397248K->140192K(500224K)] 586494K->423775K(1898496K), 0.0480252 secs] [Times: user=0.29 sys=0.00, real=0.05 secs] 
4831.127: [GC (Allocation Failure) [PSYoungGen: 446368K->105728K(500224K)] 729951K->520911K(1898496K), 0.1104635 secs] [Times: user=0.66 sys=0.00, real=0.11 secs] 
4833.675: [GC (Allocation Failure) [PSYoungGen: 411904K->151552K(496128K)] 827087K->670228K(1894400K), 0.0530900 secs] [Times: user=0.31 sys=0.00, real=0.06 secs] 
4835.953: [GC (Allocation Failure) [PSYoungGen: 457728K->103264K(500736K)] 976404K->756348K(1899008K), 0.0995186 secs] [Times: user=0.59 sys=0.00, real=0.10 secs] 
4837.364: [GC (Allocation Failure) [PSYoungGen: 409440K->143840K(504320K)] 1062524K->897561K(1902592K), 0.0513581 secs] [Times: user=0.31 sys=0.01, real=0.05 secs] 
4839.330: [GC (Allocation Failure) [PSYoungGen: 457184K->106944K(420352K)] 1210907K->995299K(1818624K), 0.0648173 secs] [Times: user=0.38 sys=0.01, real=0.06 secs] 
4840.860: [GC (Allocation Failure) [PSYoungGen: 420288K->148192K(501248K)] 1308643K->1141376K(1899520K), 0.0529276 secs] [Times: user=0.31 sys=0.00, real=0.05 secs] 
4843.214: [GC (Allocation Failure) [PSYoungGen: 461024K->106080K(504320K)] 1454208K->1238776K(1902592K), 0.0811279 secs] [Times: user=0.49 sys=0.00, real=0.08 secs] 
4844.242: [GC (Allocation Failure) [PSYoungGen: 418912K->150304K(503296K)] 1551608K->1386885K(1901568K), 0.0554545 secs] [Times: user=0.33 sys=0.00, real=0.06 secs] 
4844.298: [Full GC (Ergonomics) [PSYoungGen: 150304K->0K(503296K)] [ParOldGen: 1236581K->185282K(1398272K)] 1386885K->185282K(1901568K), [Metaspace: 59605K->59605K(1105920K)], 0.4408611 secs] [Times: user=2.04 sys=0.00, real=0.44 secs] 
4847.724: [GC (GCLocker Initiated GC) [PSYoungGen: 315392K->104096K(506880K)] 500674K->289378K(1905152K), 0.0859373 secs] [Times: user=0.51 sys=0.00, real=0.09 secs] 
4849.104: [GC (Allocation Failure) [PSYoungGen: 419488K->159776K(496128K)] 604805K->445502K(1894400K), 0.0521235 secs] [Times: user=0.31 sys=0.01, real=0.06 secs] 
4851.686: [GC (Allocation Failure) [PSYoungGen: 467488K->102592K(503296K)] 753214K->531374K(1901568K), 0.1628808 secs] [Times: user=0.97 sys=0.00, real=0.16 secs] 
4853.489: [GC (Allocation Failure) [PSYoungGen: 410304K->147680K(502784K)] 839086K->674723K(1901056K), 0.0504098 secs] [Times: user=0.30 sys=0.00, real=0.05 secs] 
4855.151: [GC (Allocation Failure) [PSYoungGen: 457440K->106560K(416768K)] 984483K->771835K(1815040K), 0.1150906 secs] [Times: user=0.68 sys=0.00, real=0.12 secs] 
4857.534: [GC (Allocation Failure) [PSYoungGen: 416320K->147168K(501248K)] 1081595K->915271K(1899520K), 0.0514522 secs] [Times: user=0.31 sys=0.00, real=0.05 secs] 
4859.536: [GC (Allocation Failure) [PSYoungGen: 456928K->104096K(502784K)] 1225031K->1010112K(1901056K), 0.1522081 secs] [Times: user=0.91 sys=0.00, real=0.15 secs] 
4861.079: [GC (Allocation Failure) [PSYoungGen: 413856K->152512K(501248K)] 1319872K->1158816K(1899520K), 0.0511713 secs] [Times: user=0.30 sys=0.00, real=0.05 secs] 
4863.605: [GC (Allocation Failure) [PSYoungGen: 463296K->101824K(504832K)] 1469600K->1252368K(1903104K), 0.1639200 secs] [Times: user=0.97 sys=0.00, real=0.17 secs] 
4864.713: [GC (Allocation Failure) [PSYoungGen: 412608K->150048K(501760K)] 1563152K->1398937K(1900032K), 0.0508151 secs] [Times: user=0.30 sys=0.00, real=0.05 secs] 
4864.764: [Full GC (Ergonomics) [PSYoungGen: 150048K->0K(501760K)] [ParOldGen: 1248889K->197269K(1398272K)] 1398937K->197269K(1900032K), [Metaspace: 59605K->59605K(1105920K)], 0.4647723 secs] [Times: user=2.16 sys=0.00, real=0.47 secs] 
4867.707: [GC (Allocation Failure) [PSYoungGen: 309760K->102816K(504320K)] 507029K->300085K(1902592K), 0.0922896 secs] [Times: user=0.55 sys=0.00, real=0.09 secs] 
4869.166: [GC (Allocation Failure) [PSYoungGen: 407396K->148160K(502272K)] 604666K->444050K(1900544K), 0.0489722 secs] [Times: user=0.29 sys=0.01, real=0.04 secs] 
4871.806: [GC (Allocation Failure) [PSYoungGen: 458432K->102464K(504320K)] 754322K->537778K(1902592K), 0.1612416 secs] [Times: user=0.96 sys=0.00, real=0.16 secs] 
4873.969: [GC (Allocation Failure) [PSYoungGen: 412736K->149248K(501760K)] 848050K->682447K(1900032K), 0.0490375 secs] [Times: user=0.29 sys=0.00, real=0.05 secs] 
4876.453: [GC (Allocation Failure) [PSYoungGen: 459520K->101184K(504320K)] 992719K->774775K(1902592K), 0.1776765 secs] [Times: user=1.05 sys=0.00, real=0.18 secs] 
4878.203: [GC (Allocation Failure) [PSYoungGen: 411456K->150176K(501248K)] 1085047K->920628K(1899520K), 0.0494798 secs] [Times: user=0.29 sys=0.00, real=0.05 secs] 
4880.775: [GC (Allocation Failure) [PSYoungGen: 459936K->101504K(504320K)] 1230388K->1013268K(1902592K), 0.1701133 secs] [Times: user=1.00 sys=0.01, real=0.17 secs] 
4882.122: [GC (Allocation Failure) [PSYoungGen: 409424K->150016K(501760K)] 1321188K->1158657K(1900032K), 0.0495872 secs] [Times: user=0.29 sys=0.00, real=0.05 secs] 
4884.290: [GC (Allocation Failure) [PSYoungGen: 459776K->103456K(504320K)] 1468417K->1253529K(1902592K), 0.1489034 secs] [Times: user=0.89 sys=0.00, real=0.15 secs] 
4885.422: [GC (Allocation Failure) [PSYoungGen: 412039K->147616K(502784K)] 1562113K->1396890K(1901056K), 0.0501911 secs] [Times: user=0.30 sys=0.00, real=0.05 secs] 
4885.472: [Full GC (Ergonomics) [PSYoungGen: 147616K->0K(502784K)] [ParOldGen: 1249274K->197364K(1398272K)] 1396890K->197364K(1901056K), [Metaspace: 59605K->59605K(1105920K)], 0.4709514 secs] [Times: user=2.18 sys=0.00, real=0.47 secs] 
4888.785: [GC (Allocation Failure) [PSYoungGen: 310784K->102560K(504320K)] 508148K->299924K(1902592K), 0.0846893 secs] [Times: user=0.50 sys=0.00, real=0.09 secs] 
4889.276: [GC (Allocation Failure) [PSYoungGen: 411429K->148768K(502784K)] 608793K->444930K(1901056K), 0.0495393 secs] [Times: user=0.29 sys=0.00, real=0.05 secs] 
4892.899: [GC (Allocation Failure) [PSYoungGen: 460064K->101088K(504832K)] 756226K->537286K(1903104K), 0.1657762 secs] [Times: user=0.99 sys=0.01, real=0.16 secs] 
4893.826: [GC (GCLocker Initiated GC) [PSYoungGen: 412384K->149184K(502272K)] 848582K->682472K(1900544K), 0.0493955 secs] [Times: user=0.29 sys=0.00, real=0.04 secs] 
4897.130: [GC (Allocation Failure) [PSYoungGen: 459968K->102496K(504832K)] 993258K->776282K(1903104K), 0.1608121 secs] [Times: user=0.95 sys=0.01, real=0.16 secs] 
4898.057: [GC (Allocation Failure) [PSYoungGen: 411124K->149664K(502272K)] 1084911K->922007K(1900544K), 0.0509286 secs] [Times: user=0.30 sys=0.00, real=0.05 secs] 
4901.421: [GC (Allocation Failure) [PSYoungGen: 460448K->100832K(504832K)] 1232791K->1014411K(1903104K), 0.1264773 secs] [Times: user=0.66 sys=0.00, real=0.13 secs] 
4902.405: [GC (Allocation Failure) [PSYoungGen: 410592K->149600K(501760K)] 1324171K->1160496K(1900032K), 0.0495649 secs] [Times: user=0.30 sys=0.00, real=0.05 secs] 
4905.457: [GC (Allocation Failure) [PSYoungGen: 459360K->100192K(504320K)] 1470256K->1252100K(1902592K), 0.1588875 secs] [Times: user=0.95 sys=0.00, real=0.16 secs] 
4906.804: [GC (Allocation Failure) [PSYoungGen: 409952K->149920K(500736K)] 1561860K->1398305K(1899008K), 0.0516201 secs] [Times: user=0.30 sys=0.00, real=0.05 secs] 
4906.855: [Full GC (Ergonomics) [PSYoungGen: 149920K->0K(500736K)] [ParOldGen: 1248385K->196699K(1398272K)] 1398305K->196699K(1899008K), [Metaspace: 59605K->59605K(1105920K)], 0.4674243 secs] [Times: user=2.16 sys=0.00, real=0.47 secs] 
4909.687: [GC (Allocation Failure) [PSYoungGen: 308736K->100000K(503808K)] 505435K->296699K(1902080K), 0.0654878 secs] [Times: user=0.39 sys=0.00, real=0.06 secs] 
4911.093: [GC (Allocation Failure) [PSYoungGen: 408736K->150336K(500224K)] 605435K->442820K(1898496K), 0.0489460 secs] [Times: user=0.29 sys=0.00, real=0.05 secs] 
4913.307: [GC (Allocation Failure) [PSYoungGen: 458048K->102560K(503296K)] 750532K->536448K(1901568K), 0.1712040 secs] [Times: user=1.02 sys=0.00, real=0.17 secs] 
4914.235: [GC (Allocation Failure) [PSYoungGen: 410272K->149344K(501760K)] 844160K->681945K(1900032K), 0.0501628 secs] [Times: user=0.30 sys=0.00, real=0.05 secs] 
4917.211: [GC (Allocation Failure) [PSYoungGen: 458080K->101728K(410624K)] 990681K->774873K(1808896K), 0.1593547 secs] [Times: user=0.95 sys=0.00, real=0.16 secs] 
4918.144: [GC (Allocation Failure) [PSYoungGen: 410464K->150688K(500224K)] 1083609K->921266K(1898496K), 0.0510510 secs] [Times: user=0.30 sys=0.00, real=0.05 secs] 
4921.084: [GC (Allocation Failure) [PSYoungGen: 458400K->102368K(503296K)] 1228978K->1015170K(1901568K), 0.1641781 secs] [Times: user=0.98 sys=0.00, real=0.17 secs] 
4922.246: [GC (Allocation Failure) [PSYoungGen: 410080K->148704K(501760K)] 1322882K->1160275K(1900032K), 0.0512647 secs] [Times: user=0.30 sys=0.00, real=0.05 secs] 
4925.804: [GC (Allocation Failure) [PSYoungGen: 457440K->100000K(503808K)] 1469011K->1251411K(1902080K), 0.1655654 secs] [Times: user=0.98 sys=0.00, real=0.17 secs] 
4927.607: [GC (Allocation Failure) [PSYoungGen: 408736K->149216K(501760K)] 1560147K->1396114K(1900032K), 0.0509842 secs] [Times: user=0.30 sys=0.00, real=0.05 secs] 
4927.658: [Full GC (Ergonomics) [PSYoungGen: 149216K->0K(501760K)] [ParOldGen: 1246898K->194708K(1398272K)] 1396114K->194708K(1900032K), [Metaspace: 59606K->59606K(1105920K)], 0.4654749 secs] [Times: user=2.17 sys=0.00, real=0.46 secs] 
4930.483: [GC (Allocation Failure) [PSYoungGen: 308736K->101024K(503808K)] 503444K->295732K(1902080K), 0.0778291 secs] [Times: user=0.45 sys=0.01, real=0.08 secs] 
4931.722: [GC (Allocation Failure) [PSYoungGen: 409760K->150080K(500736K)] 604468K->441677K(1899008K), 0.0493584 secs] [Times: user=0.29 sys=0.00, real=0.05 secs] 
4933.899: [GC (Allocation Failure) [PSYoungGen: 457792K->103168K(411136K)] 749389K->535993K(1809408K), 0.1559457 secs] [Times: user=0.93 sys=0.00, real=0.15 secs] 
4936.136: [GC (Allocation Failure) [PSYoungGen: 410880K->145440K(501760K)] 843705K->677970K(1900032K), 0.0500342 secs] [Times: user=0.30 sys=0.00, real=0.05 secs] 
4938.016: [GC (Allocation Failure) [PSYoungGen: 454688K->104032K(502784K)] 987218K->773550K(1901056K), 0.1460440 secs] [Times: user=0.87 sys=0.01, real=0.15 secs] 
4939.007: [GC (Allocation Failure) [PSYoungGen: 413280K->158240K(496640K)] 1082798K->927987K(1894912K), 0.0523630 secs] [Times: user=0.31 sys=0.00, real=0.05 secs] 
4942.226: [GC (Allocation Failure) [PSYoungGen: 463904K->100608K(502272K)] 1233651K->1011863K(1900544K), 0.1307184 secs] [Times: user=0.77 sys=0.01, real=0.13 secs] 
4943.051: [GC (GCLocker Initiated GC) [PSYoungGen: 406272K->148256K(501248K)] 1317527K->1156364K(1899520K), 0.0501319 secs] [Times: user=0.30 sys=0.00, real=0.05 secs] 
4945.060: [GC (Allocation Failure) [PSYoungGen: 454944K->103424K(410624K)] 1463055K->1251087K(1808896K), 0.1178034 secs] [Times: user=0.70 sys=0.00, real=0.12 secs] 
4946.196: [GC (Allocation Failure) [PSYoungGen: 410112K->148480K(500224K)] 1557775K->1396324K(1898496K), 0.0521019 secs] [Times: user=0.31 sys=0.00, real=0.06 secs] 
4946.248: [Full GC (Ergonomics) [PSYoungGen: 148480K->0K(500224K)] [ParOldGen: 1247844K->194251K(1398272K)] 1396324K->194251K(1898496K), [Metaspace: 59621K->59621K(1105920K)], 0.4551073 secs] [Times: user=2.11 sys=0.00, real=0.45 secs] 
4949.924: [GC (Allocation Failure) [PSYoungGen: 306688K->98144K(501760K)] 500939K->292395K(1900032K), 0.0993114 secs] [Times: user=0.58 sys=0.00, real=0.10 secs] 
4952.292: [GC (Allocation Failure) [PSYoungGen: 404832K->146176K(502784K)] 599083K->434740K(1901056K), 0.0485947 secs] [Times: user=0.28 sys=0.00, real=0.05 secs] 
4954.009: [GC (Allocation Failure) [PSYoungGen: 455424K->104672K(414208K)] 743988K->530972K(1812480K), 0.1306229 secs] [Times: user=0.77 sys=0.01, real=0.13 secs] 
4955.516: [GC (Allocation Failure) [PSYoungGen: 413920K->156768K(496128K)] 840220K->683825K(1894400K), 0.0516406 secs] [Times: user=0.31 sys=0.00, real=0.05 secs] 
4959.352: [GC (Allocation Failure) [PSYoungGen: 461408K->99456K(501760K)] 988465K->765969K(1900032K), 0.1463324 secs] [Times: user=0.87 sys=0.00, real=0.15 secs] 
4960.804: [GC (Allocation Failure) [PSYoungGen: 404096K->147264K(501248K)] 1070609K->909854K(1899520K), 0.0952233 secs] [Times: user=0.57 sys=0.01, real=0.10 secs] 
4962.832: [GC (Allocation Failure) [PSYoungGen: 453952K->103424K(410624K)] 1216542K->1004926K(1808896K), 0.0965452 secs] [Times: user=0.56 sys=0.00, real=0.10 secs] 
4964.282: [GC (Allocation Failure) [PSYoungGen: 410112K->145120K(500224K)] 1311614K->1146307K(1898496K), 0.0511557 secs] [Times: user=0.30 sys=0.00, real=0.05 secs] 
4966.375: [GC (Allocation Failure) [PSYoungGen: 452320K->106400K(501248K)] 1453507K->1243263K(1899520K), 0.1663773 secs] [Times: user=0.99 sys=0.00, real=0.17 secs] 
4967.425: [GC (Allocation Failure) [PSYoungGen: 413600K->150176K(500224K)] 1550463K->1390060K(1898496K), 0.0534231 secs] [Times: user=0.31 sys=0.00, real=0.06 secs] 
4967.478: [Full GC (Ergonomics) [PSYoungGen: 150176K->0K(500224K)] [ParOldGen: 1239884K->188708K(1398272K)] 1390060K->188708K(1898496K), [Metaspace: 59621K->59621K(1105920K)], 0.4492013 secs] [Times: user=2.09 sys=0.00, real=0.45 secs] 
4970.147: [GC (Allocation Failure) [PSYoungGen: 309248K->101984K(502784K)] 497956K->290692K(1901056K), 0.1006865 secs] [Times: user=0.60 sys=0.00, real=0.10 secs] 
4971.524: [GC (Allocation Failure) [PSYoungGen: 411232K->150912K(501248K)] 599940K->437681K(1899520K), 0.0502929 secs] [Times: user=0.30 sys=0.00, real=0.05 secs] 
4974.236: [GC (Allocation Failure) [PSYoungGen: 460672K->101568K(504320K)] 747441K->530513K(1902592K), 0.1673460 secs] [Times: user=1.00 sys=0.00, real=0.16 secs] 
4976.097: [GC (Allocation Failure) [PSYoungGen: 411328K->150272K(501760K)] 840273K->676310K(1900032K), 0.0504147 secs] [Times: user=0.30 sys=0.00, real=0.05 secs] 
4978.406: [GC (Allocation Failure) [PSYoungGen: 460032K->100832K(504320K)] 986070K->768270K(1902592K), 0.1504251 secs] [Times: user=0.90 sys=0.01, real=0.15 secs] 
4980.795: [GC (Allocation Failure) [PSYoungGen: 410592K->150592K(500224K)] 1078030K->914767K(1898496K), 0.0501444 secs] [Times: user=0.29 sys=0.00, real=0.05 secs] 
4982.928: [GC (Allocation Failure) [PSYoungGen: 458304K->99392K(503296K)] 1222479K->1005579K(1901568K), 0.1739098 secs] [Times: user=1.03 sys=0.00, real=0.17 secs] 
4984.695: [GC (Allocation Failure) [PSYoungGen: 407104K->150624K(500224K)] 1313291K->1152124K(1898496K), 0.0503857 secs] [Times: user=0.30 sys=0.00, real=0.05 secs] 
4986.538: [GC (Allocation Failure) [PSYoungGen: 457312K->101984K(502784K)] 1458812K->1245516K(1901056K), 0.1299533 secs] [Times: user=0.78 sys=0.00, real=0.13 secs] 
4988.787: [GC (Allocation Failure) [PSYoungGen: 408672K->148896K(500736K)] 1552204K->1389897K(1899008K), 0.0507759 secs] [Times: user=0.30 sys=0.00, real=0.05 secs] 
4988.838: [Full GC (Ergonomics) [PSYoungGen: 148896K->0K(500736K)] [ParOldGen: 1241001K->186571K(1398272K)] 1389897K->186571K(1899008K), [Metaspace: 59623K->59623K(1105920K)], 0.4661752 secs] [Times: user=2.17 sys=0.00, real=0.46 secs] 
4991.546: [GC (Allocation Failure) [PSYoungGen: 307200K->102528K(502784K)] 493771K->289099K(1901056K), 0.0857909 secs] [Times: user=0.51 sys=0.00, real=0.09 secs] 
4992.947: [GC (Allocation Failure) [PSYoungGen: 409728K->149120K(500736K)] 596299K->433916K(1899008K), 0.0507849 secs] [Times: user=0.30 sys=0.00, real=0.05 secs] 
4995.273: [GC (Allocation Failure) [PSYoungGen: 456832K->99904K(502784K)] 741628K->524796K(1901056K), 0.1693580 secs] [Times: user=1.00 sys=0.00, real=0.17 secs] 
4997.268: [GC (Allocation Failure) [PSYoungGen: 407616K->146368K(502272K)] 832508K->667745K(1900544K), 0.0496730 secs] [Times: user=0.30 sys=0.00, real=0.05 secs] 
4999.072: [GC (Allocation Failure) [PSYoungGen: 455616K->105760K(415232K)] 976993K->764333K(1813504K), 0.1686687 secs] [Times: user=1.00 sys=0.00, real=0.17 secs] 
5000.806: [GC (Allocation Failure) [PSYoungGen: 415008K->149216K(499712K)] 1073581K->909522K(1897984K), 0.0521894 secs] [Times: user=0.31 sys=0.00, real=0.05 secs] 
5002.953: [GC (Allocation Failure) [PSYoungGen: 457952K->102336K(502272K)] 1218258K->1002778K(1900544K), 0.1481143 secs] [Times: user=0.89 sys=0.01, real=0.15 secs] 
5004.509: [GC (Allocation Failure) [PSYoungGen: 411072K->147872K(503296K)] 1311514K->1146790K(1901568K), 0.0511169 secs] [Times: user=0.30 sys=0.00, real=0.05 secs] 
5008.790: [GC (Allocation Failure) [PSYoungGen: 460192K->104832K(505344K)] 1459110K->1242590K(1903616K), 0.0956302 secs] [Times: user=0.57 sys=0.01, real=0.10 secs] 
5011.012: [GC (Allocation Failure) [PSYoungGen: 417152K->158496K(497152K)] 1554910K->1397491K(1895424K), 0.0802320 secs] [Times: user=0.48 sys=0.00, real=0.08 secs] 
5011.093: [Full GC (Ergonomics) [PSYoungGen: 158496K->0K(497152K)] [ParOldGen: 1238995K->188610K(1398272K)] 1397491K->188610K(1895424K), [Metaspace: 59686K->59686K(1105920K)], 0.4655073 secs] [Times: user=2.17 sys=0.00, real=0.47 secs] 
5014.129: [GC (Allocation Failure) [PSYoungGen: 306688K->98624K(502784K)] 495298K->287234K(1901056K), 0.0850266 secs] [Times: user=0.47 sys=0.00, real=0.08 secs] 
5015.466: [GC (Allocation Failure) [PSYoungGen: 405312K->156800K(495104K)] 593922K->440435K(1893376K), 0.0497429 secs] [Times: user=0.29 sys=0.00, real=0.04 secs] 
5017.017: [GC (Allocation Failure) [PSYoungGen: 457344K->101376K(499712K)] 740979K->524819K(1897984K), 0.0988910 secs] [Times: user=0.59 sys=0.00, real=0.10 secs] 
5017.564: [GC (Allocation Failure) [PSYoungGen: 401920K->144256K(497664K)] 825363K->666436K(1895936K), 0.0502629 secs] [Times: user=0.30 sys=0.00, real=0.05 secs] 
5019.723: [GC (Allocation Failure) [PSYoungGen: 447360K->101760K(499712K)] 969540K->759740K(1897984K), 0.0962385 secs] [Times: user=0.57 sys=0.00, real=0.10 secs] 
5021.586: [GC (Allocation Failure) [PSYoungGen: 404864K->141632K(501760K)] 1062844K->898981K(1900032K), 0.0508444 secs] [Times: user=0.30 sys=0.00, real=0.06 secs] 
5023.691: [GC (Allocation Failure) [PSYoungGen: 449856K->104864K(501760K)] 1207205K->994785K(1900032K), 0.0982516 secs] [Times: user=0.58 sys=0.00, real=0.10 secs] 
5025.537: [GC (Allocation Failure) [PSYoungGen: 413088K->144448K(501248K)] 1303009K->1137082K(1899520K), 0.0532951 secs] [Times: user=0.32 sys=0.00, real=0.05 secs] 
5027.508: [GC (Allocation Failure) [PSYoungGen: 455232K->106144K(502272K)] 1447866K->1234106K(1900544K), 0.1169617 secs] [Times: user=0.68 sys=0.00, real=0.11 secs] 
5029.287: [GC (Allocation Failure) [PSYoungGen: 416928K->147328K(503296K)] 1544890K->1378438K(1901568K), 0.0542033 secs] [Times: user=0.32 sys=0.00, real=0.05 secs] 
5029.342: [Full GC (Ergonomics) [PSYoungGen: 147328K->0K(503296K)] [ParOldGen: 1231110K->177656K(1398272K)] 1378438K->177656K(1901568K), [Metaspace: 59690K->59690K(1105920K)], 0.4259849 secs] [Times: user=1.98 sys=0.00, real=0.43 secs] 
5031.349: [GC (Allocation Failure) [PSYoungGen: 314880K->107552K(505344K)] 492536K->285208K(1903616K), 0.0958903 secs] [Times: user=0.57 sys=0.00, real=0.09 secs] 
5033.485: [GC (Allocation Failure) [PSYoungGen: 422432K->148160K(504832K)] 600088K->430605K(1903104K), 0.0529707 secs] [Times: user=0.32 sys=0.00, real=0.06 secs] 
5035.524: [GC (Allocation Failure) [PSYoungGen: 465600K->106912K(507392K)] 748045K->528605K(1905664K), 0.1233827 secs] [Times: user=0.73 sys=0.00, real=0.13 secs] 
5036.848: [GC (Allocation Failure) [PSYoungGen: 424352K->153920K(502784K)] 846045K->678698K(1901056K), 0.0523805 secs] [Times: user=0.31 sys=0.00, real=0.05 secs] 
5039.041: [GC (Allocation Failure) [PSYoungGen: 469824K->106240K(507392K)] 994602K->775986K(1905664K), 0.1353936 secs] [Times: user=0.80 sys=0.01, real=0.14 secs] 
5040.505: [GC (Allocation Failure) [PSYoungGen: 416916K->148864K(505856K)] 1086662K->920595K(1904128K), 0.0512359 secs] [Times: user=0.31 sys=0.00, real=0.06 secs] 
5044.521: [GC (Allocation Failure) [PSYoungGen: 465792K->103776K(507904K)] 1237523K->1015727K(1906176K), 0.1765196 secs] [Times: user=1.05 sys=0.00, real=0.18 secs] 
5045.635: [GC (Allocation Failure) [PSYoungGen: 420704K->188512K(476160K)] 1332655K->1200351K(1874432K), 0.0618765 secs] [Times: user=0.29 sys=0.07, real=0.07 secs] 
5047.913: [GC (Allocation Failure) [PSYoungGen: 475744K->82944K(370688K)] 1487583K->1250423K(1768960K), 0.1558051 secs] [Times: user=0.93 sys=0.00, real=0.16 secs] 
5049.377: [GC (Allocation Failure) [PSYoungGen: 370176K->139232K(495616K)] 1537655K->1385936K(1893888K), 0.0491221 secs] [Times: user=0.30 sys=0.00, real=0.05 secs] 
5049.426: [Full GC (Ergonomics) [PSYoungGen: 139232K->0K(495616K)] [ParOldGen: 1246704K->183834K(1398272K)] 1385936K->183834K(1893888K), [Metaspace: 59696K->59696K(1105920K)], 0.4409923 secs] [Times: user=2.05 sys=0.00, real=0.44 secs] 
5052.085: [GC (Allocation Failure) [PSYoungGen: 288768K->96704K(385536K)] 472602K->280538K(1783808K), 0.0572406 secs] [Times: user=0.33 sys=0.00, real=0.06 secs] 
5054.839: [GC (Allocation Failure) [PSYoungGen: 385472K->131616K(495104K)] 569306K->410107K(1893376K), 0.0483667 secs] [Times: user=0.29 sys=0.00, real=0.05 secs] 
5056.286: [GC (Allocation Failure) [PSYoungGen: 425504K->102784K(489984K)] 703995K->503699K(1888256K), 0.0618254 secs] [Times: user=0.37 sys=0.00, real=0.07 secs] 
5058.811: [GC (Allocation Failure) [PSYoungGen: 396672K->133280K(497664K)] 797587K->635192K(1895936K), 0.0516522 secs] [Times: user=0.31 sys=0.00, real=0.05 secs] 
5060.262: [GC (Allocation Failure) [PSYoungGen: 437920K->114144K(494592K)] 939832K->740288K(1892864K), 0.0636923 secs] [Times: user=0.38 sys=0.00, real=0.06 secs] 
5063.690: [GC (Allocation Failure) [PSYoungGen: 418784K->137216K(501760K)] 1044928K->875973K(1900032K), 0.0607552 secs] [Times: user=0.36 sys=0.00, real=0.06 secs] 
5064.976: [GC (Allocation Failure) [PSYoungGen: 454144K->2880K(320000K)] 1192901K->741781K(1718272K), 0.0035487 secs] [Times: user=0.02 sys=0.00, real=0.00 secs] 
5068.985: [GC (Allocation Failure) [PSYoungGen: 319808K->136672K(499200K)] 1058709K->876717K(1897472K), 0.0302721 secs] [Times: user=0.17 sys=0.00, real=0.03 secs] 
5070.123: [GC (Allocation Failure) [PSYoungGen: 437216K->199136K(499712K)] 1177261K->979973K(1897984K), 0.0622693 secs] [Times: user=0.37 sys=0.00, real=0.06 secs] 
5074.020: [GC (Allocation Failure) [PSYoungGen: 499680K->127904K(445440K)] 1280517K->1106574K(1843712K), 0.0737719 secs] [Times: user=0.44 sys=0.00, real=0.07 secs] 
5074.991: [GC (Allocation Failure) [PSYoungGen: 372019K->156960K(403456K)] 1350690K->1253930K(1801728K), 0.0724838 secs] [Times: user=0.43 sys=0.00, real=0.07 secs] 
5077.911: [GC (Allocation Failure) [PSYoungGen: 403232K->67776K(469504K)] 1500202K->1284058K(1867776K), 0.1287933 secs] [Times: user=0.76 sys=0.01, real=0.13 secs] 
5078.040: [Full GC (Ergonomics) [PSYoungGen: 67776K->0K(469504K)] [ParOldGen: 1216282K->81970K(1398272K)] 1284058K->81970K(1867776K), [Metaspace: 59696K->59696K(1105920K)], 0.2244224 secs] [Times: user=1.06 sys=0.00, real=0.22 secs] 
5078.453: [GC (Allocation Failure) [PSYoungGen: 240581K->120064K(362496K)] 322551K->202034K(1760768K), 0.0248666 secs] [Times: user=0.14 sys=0.00, real=0.03 secs] 
5079.534: [GC (Allocation Failure) [PSYoungGen: 362240K->74208K(462848K)] 444210K->268246K(1861120K), 0.0572971 secs] [Times: user=0.34 sys=0.00, real=0.06 secs] 
5082.324: [GC (Allocation Failure) [PSYoungGen: 318432K->111904K(461824K)] 512470K->377759K(1860096K), 0.0431481 secs] [Times: user=0.25 sys=0.00, real=0.05 secs] 
5082.549: [GC (Allocation Failure) [PSYoungGen: 356128K->125440K(475136K)] 621983K->493747K(1873408K), 0.0570480 secs] [Times: user=0.34 sys=0.01, real=0.06 secs] 
5085.359: [GC (Allocation Failure) [PSYoungGen: 394240K->78784K(471552K)] 762547K->571803K(1869824K), 0.1279693 secs] [Times: user=0.77 sys=0.00, real=0.13 secs] 
5085.756: [GC (Allocation Failure) [PSYoungGen: 347584K->135040K(492544K)] 840603K->697120K(1890816K), 0.0490505 secs] [Times: user=0.29 sys=0.00, real=0.04 secs] 
5088.265: [GC (Allocation Failure) [PSYoungGen: 426368K->85600K(491008K)] 988448K->782904K(1889280K), 0.1139393 secs] [Times: user=0.68 sys=0.00, real=0.12 secs] 
5088.695: [GC (Allocation Failure) [PSYoungGen: 376928K->139040K(494080K)] 1074232K->918747K(1892352K), 0.0485514 secs] [Times: user=0.29 sys=0.01, real=0.05 secs] 
5092.171: [GC (Allocation Failure) [PSYoungGen: 436000K->97728K(495104K)] 1215707K->1007403K(1893376K), 0.1653622 secs] [Times: user=0.98 sys=0.00, real=0.17 secs] 
5093.533: [GC (Allocation Failure) [PSYoungGen: 394688K->144480K(493568K)] 1304363K->1147920K(1891840K), 0.0480824 secs] [Times: user=0.28 sys=0.00, real=0.05 secs] 
5095.162: [GC (Allocation Failure) [PSYoungGen: 444876K->99456K(496640K)] 1448316K->1238636K(1894912K), 0.0972647 secs] [Times: user=0.58 sys=0.00, real=0.10 secs] 
5096.837: [GC (Allocation Failure) [PSYoungGen: 400000K->141248K(499200K)] 1539180K->1376793K(1897472K), 0.0502789 secs] [Times: user=0.30 sys=0.01, real=0.05 secs] 
5096.887: [Full GC (Ergonomics) [PSYoungGen: 141248K->0K(499200K)] [ParOldGen: 1235545K->177249K(1398272K)] 1376793K->177249K(1897472K), [Metaspace: 59696K->59696K(1105920K)], 0.4262058 secs] [Times: user=1.98 sys=0.00, real=0.42 secs] 
5098.843: [GC (Allocation Failure) [PSYoungGen: 307712K->105696K(501248K)] 484961K->282945K(1899520K), 0.1005089 secs] [Times: user=0.58 sys=0.00, real=0.10 secs] 
5101.052: [GC (Allocation Failure) [PSYoungGen: 413408K->144096K(498688K)] 590657K->423930K(1896960K), 0.0521411 secs] [Times: user=0.31 sys=0.00, real=0.05 secs] 
5102.536: [GC (Allocation Failure) [PSYoungGen: 454880K->105120K(501760K)] 734714K->519958K(1900032K), 0.0940917 secs] [Times: user=0.56 sys=0.00, real=0.10 secs] 
5104.204: [GC (Allocation Failure) [PSYoungGen: 415904K->147776K(502272K)] 830742K->664927K(1900544K), 0.0527097 secs] [Times: user=0.31 sys=0.00, real=0.06 secs] 
5106.877: [GC (Allocation Failure) [PSYoungGen: 463680K->107232K(506368K)] 980831K->763119K(1904640K), 0.1662072 secs] [Times: user=0.99 sys=0.00, real=0.16 secs] 
5109.150: [GC (Allocation Failure) [PSYoungGen: 423136K->148640K(503808K)] 1079023K->909159K(1902080K), 0.0523129 secs] [Times: user=0.31 sys=0.00, real=0.05 secs] 
5113.112: [GC (Allocation Failure) [PSYoungGen: 466592K->104896K(507904K)] 1227111K->1005508K(1906176K), 0.1603363 secs] [Times: user=0.95 sys=0.00, real=0.16 secs] 
5114.279: [GC (Allocation Failure) [PSYoungGen: 422848K->155680K(500224K)] 1323460K->1157600K(1898496K), 0.0529028 secs] [Times: user=0.31 sys=0.00, real=0.05 secs] 
5116.668: [GC (Allocation Failure) [PSYoungGen: 469536K->104576K(506368K)] 1471456K->1253908K(1904640K), 0.1676732 secs] [Times: user=1.00 sys=0.00, real=0.16 secs] 
5117.735: [GC (Allocation Failure) [PSYoungGen: 409725K->147200K(504320K)] 1559058K->1397469K(1902592K), 0.0684133 secs] [Times: user=0.41 sys=0.00, real=0.07 secs] 
5117.804: [Full GC (Ergonomics) [PSYoungGen: 147200K->0K(504320K)] [ParOldGen: 1250269K->195514K(1398272K)] 1397469K->195514K(1902592K), [Metaspace: 59696K->59696K(1105920K)], 0.4770167 secs] [Times: user=2.23 sys=0.00, real=0.48 secs] 
5120.336: [GC (Allocation Failure) [PSYoungGen: 314880K->107040K(422400K)] 510394K->302554K(1820672K), 0.0575787 secs] [Times: user=0.34 sys=0.00, real=0.05 secs] 
5121.188: [GC (Allocation Failure) [PSYoungGen: 410870K->145472K(503296K)] 606384K->442419K(1901568K), 0.0493956 secs] [Times: user=0.29 sys=0.00, real=0.05 secs] 
5123.941: [GC (Allocation Failure) [PSYoungGen: 460864K->105088K(505344K)] 757811K->539103K(1903616K), 0.1075902 secs] [Times: user=0.64 sys=0.00, real=0.11 secs] 
5124.678: [GC (Allocation Failure) [PSYoungGen: 407980K->145600K(505856K)] 841995K->681224K(1904128K), 0.0842816 secs] [Times: user=0.50 sys=0.00, real=0.08 secs] 
5127.721: [GC (Allocation Failure) [PSYoungGen: 464576K->106688K(507904K)] 1000200K->779288K(1906176K), 0.0957273 secs] [Times: user=0.57 sys=0.00, real=0.10 secs] 
5128.556: [GC (GCLocker Initiated GC) [PSYoungGen: 425664K->153824K(502784K)] 1098264K->929642K(1901056K), 0.0694262 secs] [Times: user=0.42 sys=0.00, real=0.07 secs] 
5132.449: [GC (Allocation Failure) [PSYoungGen: 470752K->93344K(507904K)] 1246574K->1023134K(1906176K), 0.1502718 secs] [Times: user=0.90 sys=0.00, real=0.15 secs] 
5133.431: [GC (Allocation Failure) [PSYoungGen: 410272K->186496K(475136K)] 1340062K->1205960K(1873408K), 0.0567461 secs] [Times: user=0.33 sys=0.01, real=0.06 secs] 
5135.854: [GC (Allocation Failure) [PSYoungGen: 471680K->84640K(492032K)] 1491144K->1257400K(1890304K), 0.1655256 secs] [Times: user=0.99 sys=0.00, real=0.17 secs] 
5137.075: [GC (Allocation Failure) [PSYoungGen: 369824K->137024K(483840K)] 1542584K->1390737K(1882112K), 0.0475267 secs] [Times: user=0.28 sys=0.00, real=0.05 secs] 
5137.123: [Full GC (Ergonomics) [PSYoungGen: 137024K->0K(483840K)] [ParOldGen: 1253713K->189616K(1398272K)] 1390737K->189616K(1882112K), [Metaspace: 59727K->59727K(1105920K)], 0.4692194 secs] [Times: user=2.16 sys=0.00, real=0.47 secs] 
5139.196: [GC (Allocation Failure) [PSYoungGen: 285184K->94912K(487936K)] 474800K->284528K(1886208K), 0.0972935 secs] [Times: user=0.57 sys=0.00, real=0.10 secs] 
5142.120: [GC (Allocation Failure) [PSYoungGen: 380096K->132992K(485888K)] 569712K->414505K(1884160K), 0.0468750 secs] [Times: user=0.28 sys=0.00, real=0.05 secs] 
5143.269: [GC (Allocation Failure) [PSYoungGen: 428416K->102912K(492032K)] 709929K->508513K(1890304K), 0.0616574 secs] [Times: user=0.37 sys=0.00, real=0.06 secs] 
5145.951: [GC (Allocation Failure) [PSYoungGen: 398336K->135200K(495616K)] 803937K->641558K(1893888K), 0.0509025 secs] [Times: user=0.30 sys=0.00, real=0.05 secs] 
5147.132: [GC (Allocation Failure) [PSYoungGen: 444448K->111136K(500224K)] 950806K->743118K(1898496K), 0.0645246 secs] [Times: user=0.38 sys=0.01, real=0.07 secs] 
5149.143: [GC (Allocation Failure) [PSYoungGen: 420384K->140416K(507904K)] 1052366K->882072K(1906176K), 0.0532724 secs] [Times: user=0.32 sys=0.00, real=0.06 secs] 
5151.849: [GC (Allocation Failure) [PSYoungGen: 461952K->113504K(507904K)] 1203608K->986520K(1906176K), 0.0646211 secs] [Times: user=0.38 sys=0.00, real=0.06 secs] 
5153.128: [GC (Allocation Failure) [PSYoungGen: 435040K->147840K(505344K)] 1308056K->1132613K(1903616K), 0.0554388 secs] [Times: user=0.33 sys=0.00, real=0.05 secs] 
5154.996: [GC (Allocation Failure) [PSYoungGen: 470912K->115360K(508416K)] 1455685K->1238805K(1906688K), 0.0714722 secs] [Times: user=0.42 sys=0.01, real=0.07 secs] 
5156.377: [GC (Allocation Failure) [PSYoungGen: 438432K->155264K(506368K)] 1561877K->1392002K(1904640K), 0.0560314 secs] [Times: user=0.34 sys=0.00, real=0.05 secs] 
5156.433: [Full GC (Ergonomics) [PSYoungGen: 155264K->0K(506368K)] [ParOldGen: 1236738K->190358K(1398272K)] 1392002K->190358K(1904640K), [Metaspace: 59732K->59732K(1105920K)], 0.4605155 secs] [Times: user=2.14 sys=0.00, real=0.46 secs] 
5160.519: [GC (Allocation Failure) [PSYoungGen: 325120K->105376K(512000K)] 515478K->295734K(1910272K), 0.0880893 secs] [Times: user=0.52 sys=0.01, real=0.09 secs] 
5162.346: [GC (Allocation Failure) [PSYoungGen: 418122K->152384K(505856K)] 608481K->444335K(1904128K), 0.0508716 secs] [Times: user=0.30 sys=0.00, real=0.06 secs] 
5164.672: [GC (Allocation Failure) [PSYoungGen: 473408K->107360K(509952K)] 765359K->543491K(1908224K), 0.1722944 secs] [Times: user=1.03 sys=0.00, real=0.17 secs] 
5165.910: [GC (Allocation Failure) [PSYoungGen: 428384K->154176K(503296K)] 864515K->694036K(1901568K), 0.0522836 secs] [Times: user=0.31 sys=0.00, real=0.05 secs] 
5168.861: [GC (Allocation Failure) [PSYoungGen: 471104K->96672K(507904K)] 1010964K->790120K(1906176K), 0.1528521 secs] [Times: user=0.90 sys=0.00, real=0.15 secs] 
5169.657: [GC (Allocation Failure) [PSYoungGen: 413600K->158240K(497664K)] 1107048K->942761K(1895936K), 0.0565974 secs] [Times: user=0.34 sys=0.00, real=0.05 secs] 
5172.943: [GC (Allocation Failure) [PSYoungGen: 465952K->92736K(503296K)] 1250473K->1035737K(1901568K), 0.1548022 secs] [Times: user=0.92 sys=0.00, real=0.16 secs] 
5173.429: [GC (Allocation Failure) [PSYoungGen: 400448K->154272K(495616K)] 1343449K->1184462K(1893888K), 0.0555879 secs] [Times: user=0.33 sys=0.00, real=0.05 secs] 
5176.820: [GC (Allocation Failure) [PSYoungGen: 454816K->85216K(499712K)] 1485006K->1269830K(1897984K), 0.1539987 secs] [Times: user=0.91 sys=0.00, real=0.15 secs] 
5177.709: [GC (Allocation Failure) [PSYoungGen: 385760K->148800K(496640K)] 1570374K->1412856K(1894912K), 0.0519266 secs] [Times: user=0.31 sys=0.00, real=0.05 secs] 
5177.761: [Full GC (Ergonomics) [PSYoungGen: 148800K->0K(496640K)] [ParOldGen: 1264056K->208676K(1398272K)] 1412856K->208676K(1894912K), [Metaspace: 59732K->59732K(1105920K)], 0.4872105 secs] [Times: user=2.27 sys=0.00, real=0.49 secs] 
5183.181: [GC (Allocation Failure) [PSYoungGen: 297472K->83104K(498176K)] 506148K->291780K(1896448K), 0.1436750 secs] [Times: user=0.85 sys=0.01, real=0.14 secs] 
5183.789: [GC (Allocation Failure) [PSYoungGen: 380576K->146432K(495104K)] 589252K->434833K(1893376K), 0.0467015 secs] [Times: user=0.28 sys=0.00, real=0.04 secs] 
5185.949: [GC (Allocation Failure) [PSYoungGen: 440832K->93376K(388096K)] 729233K->519793K(1786368K), 0.1568602 secs] [Times: user=0.93 sys=0.00, real=0.15 secs] 
5188.267: [GC (Allocation Failure) [PSYoungGen: 387776K->148512K(493568K)] 814193K->664454K(1891840K), 0.0472707 secs] [Times: user=0.28 sys=0.00, real=0.04 secs] 
5189.511: [GC (Allocation Failure) [PSYoungGen: 442400K->99200K(495616K)] 958342K->746282K(1893888K), 0.0628661 secs] [Times: user=0.37 sys=0.00, real=0.06 secs] 
5190.570: [GC (Allocation Failure) [PSYoungGen: 393088K->139296K(496128K)] 1040170K->883151K(1894400K), 0.0506619 secs] [Times: user=0.30 sys=0.00, real=0.05 secs] 
5192.707: [GC (GCLocker Initiated GC) [PSYoungGen: 437792K->102048K(495616K)] 1181648K->976404K(1893888K), 0.0667831 secs] [Times: user=0.40 sys=0.00, real=0.06 secs] 
5193.593: [GC (Allocation Failure) [PSYoungGen: 400544K->139808K(498176K)] 1274948K->1114858K(1896448K), 0.0519555 secs] [Times: user=0.31 sys=0.00, real=0.05 secs] 
5197.046: [GC (Allocation Failure) [PSYoungGen: 444448K->105504K(497664K)] 1419498K->1211490K(1895936K), 0.0651420 secs] [Times: user=0.39 sys=0.00, real=0.06 secs] 
5199.965: [GC (Allocation Failure) [PSYoungGen: 410144K->135488K(502784K)] 1516130K->1345526K(1901056K), 0.0550188 secs] [Times: user=0.33 sys=0.00, real=0.06 secs] 
5201.151: [GC (Allocation Failure) [PSYoungGen: 449344K->114464K(501248K)] 1659382K->1450470K(1899520K), 0.0658342 secs] [Times: user=0.39 sys=0.00, real=0.07 secs] 
5201.217: [Full GC (Ergonomics) [PSYoungGen: 114464K->0K(501248K)] [ParOldGen: 1336006K->20049K(1398272K)] 1450470K->20049K(1899520K), [Metaspace: 59732K->59732K(1105920K)], 0.0303400 secs] [Times: user=0.07 sys=0.00, real=0.03 secs] 
5203.026: [GC (Allocation Failure) [PSYoungGen: 313856K->142272K(503808K)] 333905K->162321K(1902080K), 0.0279608 secs] [Times: user=0.16 sys=0.00, real=0.02 secs] 
5204.191: [GC (Allocation Failure) [PSYoungGen: 463296K->116352K(505344K)] 483345K->269113K(1903616K), 0.0642391 secs] [Times: user=0.38 sys=0.00, real=0.06 secs] 
5206.414: [GC (Allocation Failure) [PSYoungGen: 437376K->150496K(506368K)] 590137K->417126K(1904640K), 0.0547098 secs] [Times: user=0.33 sys=0.00, real=0.06 secs] 
5208.054: [GC (Allocation Failure) [PSYoungGen: 477664K->112992K(510976K)] 744294K->521294K(1909248K), 0.1207259 secs] [Times: user=0.72 sys=0.00, real=0.12 secs] 
5209.417: [GC (Allocation Failure) [PSYoungGen: 439283K->157920K(505344K)] 847585K->675527K(1903616K), 0.0557744 secs] [Times: user=0.30 sys=0.00, real=0.05 secs] 
5214.228: [GC (Allocation Failure) [PSYoungGen: 483040K->108032K(512000K)] 1000647K->775383K(1910272K), 0.1633765 secs] [Times: user=0.98 sys=0.00, real=0.16 secs] 
5215.819: [GC (Allocation Failure) [PSYoungGen: 433152K->159072K(501760K)] 1100503K->929968K(1900032K), 0.0525342 secs] [Times: user=0.32 sys=0.00, real=0.05 secs] 
5219.779: [GC (Allocation Failure) [PSYoungGen: 476000K->94752K(507904K)] 1246896K->1024852K(1906176K), 0.1335962 secs] [Times: user=0.74 sys=0.00, real=0.13 secs] 
5220.397: [GC (Allocation Failure) [PSYoungGen: 411680K->156544K(498688K)] 1341780K->1175637K(1896960K), 0.0560923 secs] [Times: user=0.33 sys=0.00, real=0.05 secs] 
5223.396: [GC (Allocation Failure) [PSYoungGen: 464256K->92896K(503296K)] 1483349K->1268389K(1901568K), 0.1488065 secs] [Times: user=0.89 sys=0.00, real=0.15 secs] 
5224.017: [GC (Allocation Failure) [PSYoungGen: 400608K->153088K(496640K)] 1576101K->1415594K(1894912K), 0.0548127 secs] [Times: user=0.32 sys=0.00, real=0.05 secs] 
5224.072: [Full GC (Ergonomics) [PSYoungGen: 153088K->0K(496640K)] [ParOldGen: 1262506K->219659K(1398272K)] 1415594K->219659K(1894912K), [Metaspace: 59733K->59733K(1105920K)], 0.5230892 secs] [Times: user=2.44 sys=0.00, real=0.52 secs] 
5227.419: [GC (Allocation Failure) [PSYoungGen: 301568K->85824K(500224K)] 521227K->305483K(1898496K), 0.1268161 secs] [Times: user=0.75 sys=0.01, real=0.13 secs] 
5227.979: [GC (Allocation Failure) [PSYoungGen: 387392K->149728K(496128K)] 607051K->449156K(1894400K), 0.0521418 secs] [Times: user=0.31 sys=0.00, real=0.05 secs] 
5231.663: [GC (Allocation Failure) [PSYoungGen: 447200K->86624K(498176K)] 746628K->535392K(1896448K), 0.1579835 secs] [Times: user=0.94 sys=0.01, real=0.16 secs] 
5233.248: [GC (Allocation Failure) [PSYoungGen: 382985K->141696K(496640K)] 831753K->673161K(1894912K), 0.0473648 secs] [Times: user=0.28 sys=0.00, real=0.04 secs] 
5235.167: [GC (GCLocker Initiated GC) [PSYoungGen: 439680K->97280K(395776K)] 971145K->761953K(1794048K), 0.1671703 secs] [Times: user=0.99 sys=0.00, real=0.16 secs] 
5236.962: [GC (Allocation Failure) [PSYoungGen: 395264K->140768K(497664K)] 1059940K->899133K(1895936K), 0.0483678 secs] [Times: user=0.28 sys=0.00, real=0.05 secs] 
5239.195: [GC (Allocation Failure) [PSYoungGen: 441824K->103072K(497152K)] 1200189K->993093K(1895424K), 0.1340584 secs] [Times: user=0.80 sys=0.01, real=0.14 secs] 
5241.621: [GC (Allocation Failure) [PSYoungGen: 404128K->139648K(499200K)] 1294149K->1130066K(1897472K), 0.0507573 secs] [Times: user=0.30 sys=0.00, real=0.05 secs] 
5242.919: [GC (Allocation Failure) [PSYoungGen: 446336K->106016K(498688K)] 1436754K->1227010K(1896960K), 0.0791055 secs] [Times: user=0.47 sys=0.01, real=0.08 secs] 
5243.838: [GC (Allocation Failure) [PSYoungGen: 412704K->146688K(500224K)] 1533698K->1371215K(1898496K), 0.0534472 secs] [Times: user=0.31 sys=0.00, real=0.05 secs] 
5243.892: [Full GC (Ergonomics) [PSYoungGen: 146688K->0K(500224K)] [ParOldGen: 1224527K->178750K(1398272K)] 1371215K->178750K(1898496K), [Metaspace: 59733K->59733K(1105920K)], 0.4249350 secs] [Times: user=1.97 sys=0.00, real=0.43 secs] 
5246.402: [GC (Allocation Failure) [PSYoungGen: 311808K->104928K(502784K)] 490558K->283678K(1901056K), 0.1079983 secs] [Times: user=0.63 sys=0.01, real=0.11 secs] 
5248.020: [GC (Allocation Failure) [PSYoungGen: 416736K->148128K(503808K)] 595486K->429175K(1902080K), 0.0520649 secs] [Times: user=0.31 sys=0.01, real=0.05 secs] 
5249.865: [GC (Allocation Failure) [PSYoungGen: 464544K->106784K(506880K)] 745591K->526967K(1905152K), 0.1291142 secs] [Times: user=0.76 sys=0.01, real=0.13 secs] 
5251.888: [GC (Allocation Failure) [PSYoungGen: 423200K->148544K(504832K)] 843383K->671828K(1903104K), 0.0525190 secs] [Times: user=0.31 sys=0.01, real=0.05 secs] 
5253.584: [GC (Allocation Failure) [PSYoungGen: 466496K->111136K(507904K)] 989780K->773748K(1906176K), 0.1645847 secs] [Times: user=0.97 sys=0.00, real=0.17 secs] 
5255.528: [GC (Allocation Failure) [PSYoungGen: 429088K->151200K(504832K)] 1091700K->921261K(1903104K), 0.0543297 secs] [Times: user=0.32 sys=0.00, real=0.05 secs] 
5257.733: [GC (Allocation Failure) [PSYoungGen: 469664K->109568K(508416K)] 1239725K->1021493K(1906688K), 0.1724071 secs] [Times: user=1.02 sys=0.01, real=0.17 secs] 
5258.706: [GC (Allocation Failure) [PSYoungGen: 428032K->154080K(503808K)] 1339957K->1171710K(1902080K), 0.0535033 secs] [Times: user=0.32 sys=0.00, real=0.05 secs] 
5262.204: [GC (Allocation Failure) [PSYoungGen: 471008K->95648K(507904K)] 1488638K->1266790K(1906176K), 0.1437115 secs] [Times: user=0.86 sys=0.00, real=0.15 secs] 
5263.255: [GC (Allocation Failure) [PSYoungGen: 412576K->174592K(484864K)] 1583718K->1435170K(1883136K), 0.0574111 secs] [Times: user=0.34 sys=0.00, real=0.06 secs] 
5263.312: [Full GC (Ergonomics) [PSYoungGen: 174592K->0K(484864K)] [ParOldGen: 1260578K->217822K(1398272K)] 1435170K->217822K(1883136K), [Metaspace: 59733K->59733K(1105920K)], 0.5004198 secs] [Times: user=2.33 sys=0.00, real=0.50 secs] 
5266.808: [GC (Allocation Failure) [PSYoungGen: 294400K->84736K(379392K)] 512222K->302558K(1777664K), 0.1316302 secs] [Times: user=0.78 sys=0.00, real=0.13 secs] 
5267.400: [GC (Allocation Failure) [PSYoungGen: 379136K->147200K(495104K)] 596958K->443587K(1893376K), 0.0506632 secs] [Times: user=0.30 sys=0.00, real=0.05 secs] 
5269.687: [GC (Allocation Failure) [PSYoungGen: 439552K->85376K(495616K)] 735939K->528655K(1893888K), 0.1360449 secs] [Times: user=0.80 sys=0.00, real=0.13 secs] 
5271.056: [GC (Allocation Failure) [PSYoungGen: 377728K->143232K(494592K)] 821007K->667627K(1892864K), 0.0481269 secs] [Times: user=0.28 sys=0.00, real=0.04 secs] 
5272.352: [GC (Allocation Failure) [PSYoungGen: 436096K->97632K(390656K)] 960491K->756651K(1788928K), 0.0747775 secs] [Times: user=0.44 sys=0.01, real=0.08 secs] 
5273.398: [GC (Allocation Failure) [PSYoungGen: 390496K->141440K(494592K)] 1049515K->894860K(1892864K), 0.0493563 secs] [Times: user=0.29 sys=0.00, real=0.05 secs] 
5275.308: [GC (Allocation Failure) [PSYoungGen: 436864K->98528K(494080K)] 1190284K->984664K(1892352K), 0.0650541 secs] [Times: user=0.39 sys=0.00, real=0.06 secs] 
5277.928: [GC (Allocation Failure) [PSYoungGen: 393952K->137600K(498176K)] 1280088K->1119397K(1896448K), 0.0507914 secs] [Times: user=0.30 sys=0.00, real=0.05 secs] 
5279.148: [GC (Allocation Failure) [PSYoungGen: 440192K->105952K(496640K)] 1421989K->1215733K(1894912K), 0.0639026 secs] [Times: user=0.37 sys=0.00, real=0.06 secs] 
5281.086: [GC (Allocation Failure) [PSYoungGen: 408544K->140960K(498688K)] 1518325K->1354554K(1896960K), 0.0529628 secs] [Times: user=0.31 sys=0.00, real=0.05 secs] 
5282.288: [GC (Allocation Failure) [PSYoungGen: 449696K->110880K(499200K)] 1663290K->1456470K(1897472K), 0.0658632 secs] [Times: user=0.40 sys=0.00, real=0.06 secs] 
5282.354: [Full GC (Ergonomics) [PSYoungGen: 110880K->0K(499200K)] [ParOldGen: 1345590K->26415K(1398272K)] 1456470K->26415K(1897472K), [Metaspace: 59734K->59734K(1105920K)], 0.0453118 secs] [Times: user=0.14 sys=0.00, real=0.05 secs] 
5283.999: [GC (Allocation Failure) [PSYoungGen: 308736K->144544K(502272K)] 335151K->170959K(1900544K), 0.0282866 secs] [Times: user=0.17 sys=0.00, real=0.03 secs] 
5285.198: [GC (GCLocker Initiated GC) [PSYoungGen: 460960K->108864K(504320K)] 487375K->270815K(1902592K), 0.0633290 secs] [Times: user=0.37 sys=0.00, real=0.06 secs] 
5286.660: [GC (Allocation Failure) [PSYoungGen: 425280K->158336K(501248K)] 587234K->426643K(1899520K), 0.0536820 secs] [Times: user=0.32 sys=0.00, real=0.05 secs] 
5289.148: [GC (Allocation Failure) [PSYoungGen: 475264K->105376K(507904K)] 743571K->515011K(1906176K), 0.0652671 secs] [Times: user=0.39 sys=0.00, real=0.06 secs] 
5290.125: [GC (Allocation Failure) [PSYoungGen: 422304K->151424K(503296K)] 831939K->664424K(1901568K), 0.0525543 secs] [Times: user=0.32 sys=0.00, real=0.06 secs] 
5292.577: [GC (Allocation Failure) [PSYoungGen: 466304K->104352K(506880K)] 979304K->760272K(1905152K), 0.0994663 secs] [Times: user=0.59 sys=0.01, real=0.10 secs] 
5293.875: [GC (Allocation Failure) [PSYoungGen: 419232K->151904K(502272K)] 1075152K->908569K(1900544K), 0.0515249 secs] [Times: user=0.30 sys=0.00, real=0.06 secs] 
5296.524: [GC (Allocation Failure) [PSYoungGen: 464736K->106464K(505856K)] 1221401K->1006293K(1904128K), 0.1655521 secs] [Times: user=0.99 sys=0.00, real=0.17 secs] 
5297.783: [GC (Allocation Failure) [PSYoungGen: 419296K->148736K(504320K)] 1319125K->1151799K(1902592K), 0.0919811 secs] [Times: user=0.55 sys=0.00, real=0.09 secs] 
5300.480: [GC (Allocation Failure) [PSYoungGen: 463104K->105536K(506368K)] 1466167K->1248959K(1904640K), 0.1431710 secs] [Times: user=0.85 sys=0.00, real=0.14 secs] 
5301.361: [GC (Allocation Failure) [PSYoungGen: 411835K->146976K(504832K)] 1555258K->1392572K(1903104K), 0.0511602 secs] [Times: user=0.30 sys=0.00, real=0.05 secs] 
5301.413: [Full GC (Ergonomics) [PSYoungGen: 146976K->0K(504832K)] [ParOldGen: 1245596K->195988K(1398272K)] 1392572K->195988K(1903104K), [Metaspace: 59735K->59735K(1105920K)], 0.4665852 secs] [Times: user=2.16 sys=0.00, real=0.47 secs] 
5305.122: [GC (Allocation Failure) [PSYoungGen: 315392K->103584K(506368K)] 511380K->299572K(1904640K), 0.0935446 secs] [Times: user=0.55 sys=0.01, real=0.09 secs] 
5306.326: [GC (Allocation Failure) [PSYoungGen: 413016K->147392K(505344K)] 609005K->443233K(1903616K), 0.0488720 secs] [Times: user=0.29 sys=0.00, real=0.05 secs] 
5309.153: [GC (Allocation Failure) [PSYoungGen: 463808K->106016K(422912K)] 759649K->540353K(1821184K), 0.1568303 secs] [Times: user=0.94 sys=0.00, real=0.16 secs] 
5309.941: [GC (Allocation Failure) [PSYoungGen: 410169K->145536K(505344K)] 844507K->681742K(1903616K), 0.0499748 secs] [Times: user=0.30 sys=0.00, real=0.05 secs] 
5312.708: [GC (Allocation Failure) [PSYoungGen: 462976K->105888K(506880K)] 999182K->778910K(1905152K), 0.1595363 secs] [Times: user=0.95 sys=0.00, real=0.16 secs] 
5313.470: [GC (Allocation Failure) [PSYoungGen: 423328K->186848K(419840K)] 1096350K->978143K(1818112K), 0.0559801 secs] [Times: user=0.33 sys=0.00, real=0.05 secs] 
5315.102: [GC (Allocation Failure) [PSYoungGen: 419808K->62688K(465920K)] 1211103K->991567K(1864192K), 0.0718213 secs] [Times: user=0.43 sys=0.00, real=0.07 secs] 
5318.137: [GC (Allocation Failure) [PSYoungGen: 295648K->104128K(465920K)] 1224527K->1092812K(1864192K), 0.0596129 secs] [Times: user=0.34 sys=0.01, real=0.06 secs] 
5318.373: [GC (Allocation Failure) [PSYoungGen: 337088K->122784K(465920K)] 1325772K->1206780K(1864192K), 0.0552543 secs] [Times: user=0.33 sys=0.00, real=0.06 secs] 
5320.465: [GC (Allocation Failure) [PSYoungGen: 354619K->57248K(465920K)] 1438615K->1264204K(1864192K), 0.1147354 secs] [Times: user=0.67 sys=0.01, real=0.12 secs] 
5321.040: [GC (Allocation Failure) [PSYoungGen: 290208K->112960K(346112K)] 1497164K->1373165K(1744384K), 0.0392111 secs] [Times: user=0.23 sys=0.00, real=0.04 secs] 
5321.079: [Full GC (Ergonomics) [PSYoungGen: 112960K->0K(346112K)] [ParOldGen: 1260205K->171059K(1398272K)] 1373165K->171059K(1744384K), [Metaspace: 59735K->59735K(1105920K)], 0.4026994 secs] [Times: user=1.84 sys=0.00, real=0.40 secs] 
5322.496: [GC (Allocation Failure) [PSYoungGen: 232960K->90720K(465408K)] 404019K->261779K(1863680K), 0.0342233 secs] [Times: user=0.20 sys=0.00, real=0.03 secs] 
5324.719: [GC (Allocation Failure) [PSYoungGen: 328800K->88224K(460288K)] 499859K->349455K(1858560K), 0.0762333 secs] [Times: user=0.45 sys=0.00, real=0.07 secs] 
5324.993: [GC (Allocation Failure) [PSYoungGen: 326304K->119840K(467968K)] 587535K->463224K(1866240K), 0.0493593 secs] [Times: user=0.29 sys=0.00, real=0.05 secs] 
5327.366: [GC (Allocation Failure) [PSYoungGen: 377888K->70624K(466944K)] 721272K->533888K(1865216K), 0.1509570 secs] [Times: user=0.90 sys=0.01, real=0.16 secs] 
5328.328: [GC (Allocation Failure) [PSYoungGen: 328672K->126816K(484352K)] 791936K->656653K(1882624K), 0.0411202 secs] [Times: user=0.24 sys=0.00, real=0.04 secs] 
5329.493: [GC (Allocation Failure) [PSYoungGen: 409440K->96352K(485888K)] 939277K->744057K(1884160K), 0.0591893 secs] [Times: user=0.36 sys=0.00, real=0.06 secs] 
5332.390: [GC (Allocation Failure) [PSYoungGen: 378976K->128256K(493056K)] 1026681K->870733K(1891328K), 0.0556429 secs] [Times: user=0.33 sys=0.00, real=0.06 secs] 
5333.809: [GC (Allocation Failure) [PSYoungGen: 424704K->115360K(491008K)] 1167181K->977001K(1889280K), 0.0624292 secs] [Times: user=0.37 sys=0.00, real=0.06 secs] 
5337.406: [GC (Allocation Failure) [PSYoungGen: 411808K->120960K(499712K)] 1273449K->1098097K(1897984K), 0.0680301 secs] [Times: user=0.41 sys=0.01, real=0.06 secs] 
5338.610: [GC (Allocation Failure) [PSYoungGen: 433280K->127584K(495104K)] 1410417K->1215226K(1893376K), 0.0625889 secs] [Times: user=0.38 sys=0.00, real=0.06 secs] 
5341.216: [GC (Allocation Failure) [PSYoungGen: 439904K->123520K(512512K)] 1527546K->1338350K(1910784K), 0.0620189 secs] [Times: user=0.37 sys=0.00, real=0.06 secs] 
5342.443: [GC (Allocation Failure) [PSYoungGen: 455808K->2912K(335360K)] 1670638K->1217822K(1733632K), 0.0035273 secs] [Times: user=0.02 sys=0.00, real=0.01 secs] 
5345.827: [GC (Allocation Failure) [PSYoungGen: 335200K->144032K(496128K)] 1550110K->1360019K(1894400K), 0.0295175 secs] [Times: user=0.17 sys=0.01, real=0.03 secs] 
5345.857: [Full GC (Ergonomics) [PSYoungGen: 144032K->0K(496128K)] [ParOldGen: 1215987K->159016K(1398272K)] 1360019K->159016K(1894400K), [Metaspace: 59736K->59736K(1105920K)], 0.3822853 secs] [Times: user=1.77 sys=0.00, real=0.38 secs] 
5347.357: [GC (Allocation Failure) [PSYoungGen: 305664K->108800K(414720K)] 464680K->267816K(1812992K), 0.0393680 secs] [Times: user=0.23 sys=0.00, real=0.04 secs] 
5350.406: [GC (Allocation Failure) [PSYoungGen: 414464K->136512K(497664K)] 573480K->402453K(1895936K), 0.0572747 secs] [Times: user=0.34 sys=0.00, real=0.06 secs] 
5351.605: [GC (Allocation Failure) [PSYoungGen: 446272K->111808K(499712K)] 712213K->504757K(1897984K), 0.0643872 secs] [Times: user=0.38 sys=0.01, real=0.07 secs] 
5354.489: [GC (Allocation Failure) [PSYoungGen: 421568K->137536K(500736K)] 814517K->640649K(1899008K), 0.0550986 secs] [Times: user=0.33 sys=0.00, real=0.05 secs] 
5355.704: [GC (Allocation Failure) [PSYoungGen: 456000K->116480K(503296K)] 959113K->747249K(1901568K), 0.0647392 secs] [Times: user=0.38 sys=0.00, real=0.07 secs] 
5357.105: [GC (Allocation Failure) [PSYoungGen: 434944K->146752K(504832K)] 1065713K->892462K(1903104K), 0.0553429 secs] [Times: user=0.32 sys=0.00, real=0.06 secs] 
5358.922: [GC (Allocation Failure) [PSYoungGen: 472896K->115296K(510464K)] 1218606K->998470K(1908736K), 0.0811886 secs] [Times: user=0.48 sys=0.00, real=0.08 secs] 
5360.138: [GC (Allocation Failure) [PSYoungGen: 441440K->155360K(504832K)] 1324614K->1151123K(1903104K), 0.0563680 secs] [Times: user=0.33 sys=0.00, real=0.05 secs] 
5362.102: [GC (Allocation Failure) [PSYoungGen: 482528K->114336K(513024K)] 1478291K->1256315K(1911296K), 0.1491733 secs] [Times: user=0.89 sys=0.00, real=0.15 secs] 
5363.895: [GC (Allocation Failure) [PSYoungGen: 425776K->146016K(512000K)] 1567756K->1398793K(1910272K), 0.0553265 secs] [Times: user=0.32 sys=0.00, real=0.06 secs] 
5363.951: [Full GC (Ergonomics) [PSYoungGen: 146016K->0K(512000K)] [ParOldGen: 1252777K->196433K(1398272K)] 1398793K->196433K(1910272K), [Metaspace: 59738K->59738K(1105920K)], 0.4744145 secs] [Times: user=2.22 sys=0.00, real=0.47 secs] 
5368.138: [GC (Allocation Failure) [PSYoungGen: 331264K->108608K(440320K)] 527697K->305041K(1838592K), 0.0885523 secs] [Times: user=0.52 sys=0.01, real=0.09 secs] 
5369.259: [GC (Allocation Failure) [PSYoungGen: 439872K->158752K(502272K)] 636305K->460154K(1900544K), 0.0774493 secs] [Times: user=0.46 sys=0.00, real=0.08 secs] 
5372.058: [GC (GCLocker Initiated GC) [PSYoungGen: 480800K->97920K(510464K)] 782202K->558070K(1908736K), 0.1060625 secs] [Times: user=0.63 sys=0.00, real=0.10 secs] 
5372.475: [GC (Allocation Failure) [PSYoungGen: 419968K->159264K(497664K)] 880170K->711635K(1895936K), 0.0573259 secs] [Times: user=0.33 sys=0.00, real=0.06 secs] 
5376.442: [GC (Allocation Failure) [PSYoungGen: 470048K->93216K(504832K)] 1022419K->804355K(1903104K), 0.1454186 secs] [Times: user=0.86 sys=0.00, real=0.15 secs] 
5376.878: [GC (Allocation Failure) [PSYoungGen: 404000K->154304K(496640K)] 1115139K->952752K(1894912K), 0.0557977 secs] [Times: user=0.33 sys=0.00, real=0.05 secs] 
5380.107: [GC (Allocation Failure) [PSYoungGen: 457920K->90016K(501248K)] 1256368K->1042524K(1899520K), 0.1403692 secs] [Times: user=0.83 sys=0.00, real=0.14 secs] 
5380.507: [GC (Allocation Failure) [PSYoungGen: 393632K->150560K(496128K)] 1346140K->1187441K(1894400K), 0.0544549 secs] [Times: user=0.33 sys=0.00, real=0.05 secs] 
5384.023: [GC (Allocation Failure) [PSYoungGen: 450080K->86144K(499200K)] 1486961K->1273385K(1897472K), 0.1617626 secs] [Times: user=0.84 sys=0.00, real=0.16 secs] 
5384.185: [Full GC (Ergonomics) [PSYoungGen: 86144K->0K(499200K)] [ParOldGen: 1187241K->73193K(1398272K)] 1273385K->73193K(1897472K), [Metaspace: 59738K->59738K(1105920K)], 0.1997787 secs] [Times: user=0.94 sys=0.00, real=0.20 secs] 
5384.668: [GC (Allocation Failure) [PSYoungGen: 299520K->148576K(495104K)] 372713K->221769K(1893376K), 0.0331224 secs] [Times: user=0.20 sys=0.00, real=0.03 secs] 
5387.114: [GC (Allocation Failure) [PSYoungGen: 445024K->89568K(497664K)] 518217K->311050K(1895936K), 0.1640462 secs] [Times: user=0.97 sys=0.00, real=0.17 secs] 
5387.681: [GC (Allocation Failure) [PSYoungGen: 386016K->179584K(472064K)] 607498K->484738K(1870336K), 0.0537491 secs] [Times: user=0.32 sys=0.00, real=0.05 secs] 
5390.244: [GC (Allocation Failure) [PSYoungGen: 452480K->77984K(485888K)] 757634K->529614K(1884160K), 0.0638607 secs] [Times: user=0.38 sys=0.00, real=0.07 secs] 
5391.592: [GC (Allocation Failure) [PSYoungGen: 350880K->131456K(474624K)] 802510K->657656K(1872896K), 0.0458065 secs] [Times: user=0.27 sys=0.00, real=0.05 secs] 
5393.492: [GC (Allocation Failure) [PSYoungGen: 404352K->91360K(480256K)] 930552K->740008K(1878528K), 0.0591688 secs] [Times: user=0.35 sys=0.00, real=0.06 secs] 
5394.754: [GC (Allocation Failure) [PSYoungGen: 364256K->125216K(476672K)] 1012904K->864173K(1874944K), 0.0529406 secs] [Times: user=0.32 sys=0.00, real=0.06 secs] 
5397.164: [GC (Allocation Failure) [PSYoungGen: 412448K->119648K(485376K)] 1151405K->974909K(1883648K), 0.0621730 secs] [Times: user=0.37 sys=0.01, real=0.07 secs] 
5399.246: [GC (Allocation Failure) [PSYoungGen: 406880K->108032K(489472K)] 1262141K->1082973K(1887744K), 0.0755172 secs] [Times: user=0.45 sys=0.00, real=0.07 secs] 
5400.539: [GC (Allocation Failure) [PSYoungGen: 418304K->140256K(495616K)] 1393245K->1212642K(1893888K), 0.0613252 secs] [Times: user=0.37 sys=0.00, real=0.06 secs] 
5403.030: [GC (Allocation Failure) [PSYoungGen: 450528K->107648K(506368K)] 1522914K->1320142K(1904640K), 0.0857080 secs] [Times: user=0.51 sys=0.00, real=0.08 secs] 
5403.115: [Full GC (Ergonomics) [PSYoungGen: 107648K->0K(506368K)] [ParOldGen: 1212494K->121765K(1398272K)] 1320142K->121765K(1904640K), [Metaspace: 59738K->59738K(1105920K)], 0.2803111 secs] [Times: user=1.27 sys=0.00, real=0.28 secs] 
5404.680: [GC (Allocation Failure) [PSYoungGen: 327168K->140160K(509440K)] 448933K->261925K(1907712K), 0.0519399 secs] [Times: user=0.31 sys=0.00, real=0.05 secs] 
5406.833: [GC (Allocation Failure) [PSYoungGen: 467328K->127680K(509952K)] 589093K->389441K(1908224K), 0.0752521 secs] [Times: user=0.45 sys=0.00, real=0.08 secs] 
5409.005: [GC (Allocation Failure) [PSYoungGen: 460480K->3072K(336384K)] 722241K->264865K(1734656K), 0.0022273 secs] [Times: user=0.01 sys=0.00, real=0.01 secs] 
5410.468: [GC (Allocation Failure) [PSYoungGen: 335872K->161312K(483328K)] 597665K->424786K(1881600K), 0.0305001 secs] [Times: user=0.18 sys=0.00, real=0.03 secs] 
5413.170: [GC (Allocation Failure) [PSYoungGen: 450592K->96192K(494080K)] 714066K->504154K(1892352K), 0.0661982 secs] [Times: user=0.40 sys=0.00, real=0.06 secs] 
5414.385: [GC (GCLocker Initiated GC) [PSYoungGen: 385472K->129824K(483840K)] 793434K->632715K(1882112K), 0.0490076 secs] [Times: user=0.29 sys=0.00, real=0.05 secs] 
5416.279: [GC (Allocation Failure) [PSYoungGen: 424736K->115744K(491520K)] 927628K->739068K(1889792K), 0.0626766 secs] [Times: user=0.37 sys=0.00, real=0.06 secs] 
5418.421: [GC (Allocation Failure) [PSYoungGen: 410656K->117280K(488960K)] 1033980K->856104K(1887232K), 0.0687877 secs] [Times: user=0.40 sys=0.00, real=0.07 secs] 
5419.622: [GC (Allocation Failure) [PSYoungGen: 430624K->130592K(495616K)] 1169448K->976176K(1893888K), 0.0612330 secs] [Times: user=0.36 sys=0.00, real=0.06 secs] 
5423.707: [GC (Allocation Failure) [PSYoungGen: 443936K->121056K(505344K)] 1289520K->1097408K(1903616K), 0.0637772 secs] [Times: user=0.37 sys=0.00, real=0.06 secs] 
5424.994: [GC (Allocation Failure) [PSYoungGen: 456416K->2592K(338432K)] 1432768K->979036K(1736704K), 0.0040555 secs] [Times: user=0.02 sys=0.00, real=0.01 secs] 
5427.032: [GC (Allocation Failure) [PSYoungGen: 337952K->146016K(495616K)] 1314396K->1123568K(1893888K), 0.0294160 secs] [Times: user=0.17 sys=0.00, real=0.03 secs] 
5429.020: [GC (Allocation Failure) [PSYoungGen: 451680K->6304K(312320K)] 1429232K->983944K(1710592K), 0.0045040 secs] [Times: user=0.02 sys=0.00, real=0.00 secs] 
5430.310: [GC (Allocation Failure) [PSYoungGen: 311968K->139232K(485376K)] 1289608K->1121653K(1883648K), 0.0290849 secs] [Times: user=0.17 sys=0.00, real=0.03 secs] 
5431.995: [GC (Allocation Failure) [PSYoungGen: 419296K->103840K(384000K)] 1401717K->1216317K(1782272K), 0.0637944 secs] [Times: user=0.38 sys=0.00, real=0.07 secs] 
5433.043: [GC (Allocation Failure) [PSYoungGen: 383904K->118368K(487424K)] 1496381K->1334549K(1885696K), 0.0661668 secs] [Times: user=0.39 sys=0.00, real=0.07 secs] 
5433.109: [Full GC (Ergonomics) [PSYoungGen: 118368K->0K(487424K)] [ParOldGen: 1216181K->131783K(1398272K)] 1334549K->131783K(1885696K), [Metaspace: 59738K->59738K(1105920K)], 0.2986989 secs] [Times: user=1.35 sys=0.00, real=0.30 secs] 
5435.315: [GC (Allocation Failure) [PSYoungGen: 288256K->129952K(483328K)] 420039K->261735K(1881600K), 0.0476202 secs] [Times: user=0.28 sys=0.00, real=0.05 secs] 
5437.860: [GC (Allocation Failure) [PSYoungGen: 411138K->93728K(495616K)] 542922K->355727K(1893888K), 0.1039842 secs] [Times: user=0.62 sys=0.00, real=0.10 secs] 
5438.549: [GC (Allocation Failure) [PSYoungGen: 398761K->185504K(494592K)] 660760K->534812K(1892864K), 0.0605996 secs] [Times: user=0.36 sys=0.00, real=0.06 secs] 
5442.083: [GC (Allocation Failure) [PSYoungGen: 494240K->93376K(495104K)] 843548K->593592K(1893376K), 0.1009317 secs] [Times: user=0.60 sys=0.00, real=0.10 secs] 
5442.414: [GC (Allocation Failure) [PSYoungGen: 384192K->146112K(437248K)] 884408K->733813K(1835520K), 0.0563905 secs] [Times: user=0.33 sys=0.00, real=0.06 secs] 
5446.631: [GC (Allocation Failure) [PSYoungGen: 436928K->80448K(494592K)] 1024629K->814477K(1892864K), 0.1250110 secs] [Times: user=0.74 sys=0.00, real=0.13 secs] 
5447.027: [GC (Allocation Failure) [PSYoungGen: 367680K->160544K(448000K)] 1101709K->969058K(1846272K), 0.0533250 secs] [Times: user=0.31 sys=0.00, real=0.05 secs] 
5451.115: [GC (Allocation Failure) [PSYoungGen: 447776K->83584K(489984K)] 1256290K->1036434K(1888256K), 0.1615991 secs] [Times: user=0.97 sys=0.00, real=0.17 secs] 
5451.674: [GC (Allocation Failure) [PSYoungGen: 346391K->132928K(410112K)] 1299241K->1159791K(1808384K), 0.0462476 secs] [Times: user=0.27 sys=0.00, real=0.05 secs] 
5452.818: [GC (Allocation Failure) [PSYoungGen: 409920K->90688K(488960K)] 1436783K->1242419K(1887232K), 0.0645427 secs] [Times: user=0.38 sys=0.01, real=0.06 secs] 
5455.620: [GC (Allocation Failure) [PSYoungGen: 372800K->130368K(483840K)] 1524531K->1369376K(1882112K), 0.0471429 secs] [Times: user=0.28 sys=0.00, real=0.05 secs] 
5455.667: [Full GC (Ergonomics) [PSYoungGen: 130368K->0K(483840K)] [ParOldGen: 1239008K->166362K(1398272K)] 1369376K->166362K(1882112K), [Metaspace: 59738K->59738K(1105920K)], 0.3679574 secs] [Times: user=1.60 sys=0.00, real=0.36 secs] 
5457.103: [GC (Allocation Failure) [PSYoungGen: 282112K->98688K(491520K)] 448474K->265050K(1889792K), 0.0367580 secs] [Times: user=0.22 sys=0.00, real=0.04 secs] 
5458.925: [GC (Allocation Failure) [PSYoungGen: 394624K->132992K(489472K)] 560986K->397284K(1887744K), 0.0539618 secs] [Times: user=0.31 sys=0.00, real=0.06 secs] 
5461.723: [GC (Allocation Failure) [PSYoungGen: 428928K->112064K(493568K)] 693220K->500024K(1891840K), 0.0623536 secs] [Times: user=0.38 sys=0.00, real=0.06 secs] 
5462.809: [GC (Allocation Failure) [PSYoungGen: 424384K->133984K(498176K)] 812344K->633960K(1896448K), 0.0530396 secs] [Times: user=0.31 sys=0.00, real=0.05 secs] 
5464.970: [GC (Allocation Failure) [PSYoungGen: 446304K->2560K(488448K)] 946280K->502560K(1886720K), 0.0019866 secs] [Times: user=0.00 sys=0.00, real=0.00 secs] 
5466.501: [GC (Allocation Failure) [PSYoungGen: 305152K->130848K(433664K)] 805152K->632097K(1831936K), 0.0264483 secs] [Times: user=0.16 sys=0.00, real=0.03 secs] 
5467.788: [GC (Allocation Failure) [PSYoungGen: 433440K->117248K(505856K)] 934689K->739901K(1904128K), 0.0631441 secs] [Times: user=0.37 sys=0.00, real=0.06 secs] 
5469.477: [GC (Allocation Failure) [PSYoungGen: 424448K->129600K(437248K)] 1047101K->869178K(1835520K), 0.0548519 secs] [Times: user=0.32 sys=0.00, real=0.05 secs] 
5472.186: [GC (Allocation Failure) [PSYoungGen: 436800K->117536K(504832K)] 1176378K->977130K(1903104K), 0.0630184 secs] [Times: user=0.38 sys=0.00, real=0.06 secs] 
5474.647: [GC (Allocation Failure) [PSYoungGen: 430368K->129567K(499200K)] 1289962K->1106778K(1897472K), 0.0574463 secs] [Times: user=0.34 sys=0.00, real=0.05 secs] 
5476.647: [GC (Allocation Failure) [PSYoungGen: 442399K->480K(489472K)] 1419610K->977750K(1887744K), 0.0039450 secs] [Times: user=0.02 sys=0.00, real=0.00 secs] 
5477.952: [GC (Allocation Failure) [PSYoungGen: 304096K->129408K(433152K)] 1281366K->1106702K(1831424K), 0.0276037 secs] [Times: user=0.16 sys=0.00, real=0.03 secs] 
5480.333: [GC (Allocation Failure) [PSYoungGen: 433024K->119168K(504320K)] 1410318K->1215231K(1902592K), 0.0634058 secs] [Times: user=0.38 sys=0.00, real=0.07 secs] 
5482.825: [GC (Allocation Failure) [PSYoungGen: 425344K->132320K(500736K)] 1521407K->1347043K(1899008K), 0.0639486 secs] [Times: user=0.38 sys=0.00, real=0.07 secs] 
5482.889: [Full GC (Ergonomics) [PSYoungGen: 132320K->0K(500736K)] [ParOldGen: 1214723K->137715K(1398272K)] 1347043K->137715K(1899008K), [Metaspace: 59738K->59738K(1105920K)], 0.3157765 secs] [Times: user=1.44 sys=0.01, real=0.31 secs] 
5485.071: [GC (Allocation Failure) [PSYoungGen: 306176K->123552K(501248K)] 443891K->261267K(1899520K), 0.0425425 secs] [Times: user=0.25 sys=0.00, real=0.04 secs] 
5486.088: [GC (Allocation Failure) [PSYoungGen: 432800K->124928K(501248K)] 570515K->386443K(1899520K), 0.0628458 secs] [Times: user=0.37 sys=0.00, real=0.06 secs] 
5487.813: [GC (Allocation Failure) [PSYoungGen: 434176K->123136K(502272K)] 695691K->499147K(1900544K), 0.0622615 secs] [Times: user=0.37 sys=0.00, real=0.06 secs] 
5489.279: [GC (Allocation Failure) [PSYoungGen: 440576K->128544K(503296K)] 816587K->627611K(1901568K), 0.0600250 secs] [Times: user=0.36 sys=0.00, real=0.06 secs] 
5491.767: [GC (Allocation Failure) [PSYoungGen: 445984K->1824K(489984K)] 945051K->500915K(1888256K), 0.0026831 secs] [Times: user=0.01 sys=0.00, real=0.00 secs] 
5493.131: [GC (Allocation Failure) [PSYoungGen: 307488K->130272K(436224K)] 806579K->630212K(1834496K), 0.0282952 secs] [Times: user=0.16 sys=0.00, real=0.03 secs] 
5494.769: [GC (Allocation Failure) [PSYoungGen: 435936K->1344K(484352K)] 935876K->501460K(1882624K), 0.0021301 secs] [Times: user=0.00 sys=0.00, real=0.00 secs] 
5495.796: [GC (Allocation Failure) [PSYoungGen: 288576K->124160K(493056K)] 788692K->625117K(1891328K), 0.0299482 secs] [Times: user=0.17 sys=0.00, real=0.03 secs] 
5497.265: [GC (Allocation Failure) [PSYoungGen: 411392K->122848K(489472K)] 912349K->738525K(1887744K), 0.0622993 secs] [Times: user=0.37 sys=0.00, real=0.07 secs] 
5499.886: [GC (Allocation Failure) [PSYoungGen: 410592K->105216K(393216K)] 1026269K->843309K(1791488K), 0.0807591 secs] [Times: user=0.48 sys=0.00, real=0.09 secs] 
5500.543: [GC (Allocation Failure) [PSYoungGen: 392138K->177856K(465920K)] 1130231K->1011274K(1864192K), 0.0603991 secs] [Times: user=0.36 sys=0.00, real=0.06 secs] 
5503.977: [GC (Allocation Failure) [PSYoungGen: 448704K->75680K(484864K)] 1282122K->1052010K(1883136K), 0.1117996 secs] [Times: user=0.67 sys=0.00, real=0.11 secs] 
5504.308: [GC (Allocation Failure) [PSYoungGen: 346528K->132992K(479232K)] 1322858K->1179447K(1877504K), 0.0487193 secs] [Times: user=0.28 sys=0.00, real=0.05 secs] 
5507.275: [GC (Allocation Failure) [PSYoungGen: 408448K->78336K(484352K)] 1454903K->1256955K(1882624K), 0.1572517 secs] [Times: user=0.93 sys=0.01, real=0.16 secs] 
5507.432: [Full GC (Ergonomics) [PSYoungGen: 78336K->0K(484352K)] [ParOldGen: 1178619K->55736K(1398272K)] 1256955K->55736K(1882624K), [Metaspace: 59742K->59742K(1105920K)], 0.1742498 secs] [Times: user=0.80 sys=0.00, real=0.18 secs] 
5509.088: [GC (Allocation Failure) [PSYoungGen: 275456K->131904K(489472K)] 331192K->187640K(1887744K), 0.0260707 secs] [Times: user=0.15 sys=0.00, real=0.02 secs] 
5510.255: [GC (Allocation Failure) [PSYoungGen: 417600K->96256K(382464K)] 473336K->275340K(1780736K), 0.0595585 secs] [Times: user=0.35 sys=0.01, real=0.06 secs] 
5511.583: [GC (Allocation Failure) [PSYoungGen: 381952K->141952K(483328K)] 561036K->414826K(1881600K), 0.0483087 secs] [Times: user=0.29 sys=0.00, real=0.05 secs] 
5512.824: [GC (Allocation Failure) [PSYoungGen: 428672K->101280K(487424K)] 701546K->498522K(1885696K), 0.0613291 secs] [Times: user=0.36 sys=0.00, real=0.06 secs] 
5514.825: [GC (Allocation Failure) [PSYoungGen: 388000K->131456K(494592K)] 785242K->628743K(1892864K), 0.0526958 secs] [Times: user=0.31 sys=0.00, real=0.06 secs] 
5516.637: [GC (Allocation Failure) [PSYoungGen: 433024K->113728K(494592K)] 930311K->733611K(1892864K), 0.0628207 secs] [Times: user=0.37 sys=0.01, real=0.06 secs] 
5519.519: [GC (Allocation Failure) [PSYoungGen: 415296K->122208K(502272K)] 1035179K->855815K(1900544K), 0.0627841 secs] [Times: user=0.37 sys=0.00, real=0.06 secs] 
5520.732: [GC (Allocation Failure) [PSYoungGen: 438624K->126400K(498688K)] 1172231K->971493K(1896960K), 0.0625021 secs] [Times: user=0.37 sys=0.00, real=0.06 secs] 
5524.518: [GC (Allocation Failure) [PSYoungGen: 442816K->127680K(512512K)] 1287909K->1098997K(1910784K), 0.0672057 secs] [Times: user=0.40 sys=0.00, real=0.06 secs] 
5525.748: [GC (Allocation Failure) [PSYoungGen: 459968K->4000K(336384K)] 1431285K->975397K(1734656K), 0.0022848 secs] [Times: user=0.00 sys=0.01, real=0.00 secs] 
5527.957: [GC (Allocation Failure) [PSYoungGen: 336288K->150048K(491008K)] 1307685K->1124386K(1889280K), 0.0303053 secs] [Times: user=0.17 sys=0.00, real=0.03 secs] 
5530.338: [GC (Allocation Failure) [PSYoungGen: 449568K->100736K(499200K)] 1423906K->1216362K(1897472K), 0.0658359 secs] [Times: user=0.39 sys=0.00, real=0.06 secs] 
5532.882: [GC (Allocation Failure) [PSYoungGen: 400256K->137120K(497664K)] 1515882K->1351766K(1895936K), 0.0505849 secs] [Times: user=0.30 sys=0.00, real=0.05 secs] 
5532.933: [Full GC (Ergonomics) [PSYoungGen: 137120K->0K(497664K)] [ParOldGen: 1214646K->154286K(1398272K)] 1351766K->154286K(1895936K), [Metaspace: 59744K->59744K(1105920K)], 0.3627617 secs] [Times: user=1.68 sys=0.00, real=0.36 secs] 
5534.406: [GC (Allocation Failure) [PSYoungGen: 305664K->109760K(415744K)] 459950K->264046K(1814016K), 0.0395252 secs] [Times: user=0.23 sys=0.00, real=0.03 secs] 
5537.087: [GC (Allocation Failure) [PSYoungGen: 415424K->134720K(498176K)] 569710K->397191K(1896448K), 0.0573384 secs] [Times: user=0.34 sys=0.00, real=0.05 secs] 
5538.323: [GC (Allocation Failure) [PSYoungGen: 446528K->115744K(499200K)] 708999K->503095K(1897472K), 0.0631168 secs] [Times: user=0.37 sys=0.01, real=0.07 secs] 
5539.733: [GC (Allocation Failure) [PSYoungGen: 427552K->141760K(502784K)] 814903K->643956K(1901056K), 0.0548600 secs] [Times: user=0.32 sys=0.00, real=0.06 secs] 
5542.054: [GC (Allocation Failure) [PSYoungGen: 463296K->112320K(506368K)] 965492K->747416K(1904640K), 0.0655382 secs] [Times: user=0.39 sys=0.00, real=0.07 secs] 
5542.931: [GC (Allocation Failure) [PSYoungGen: 433856K->151136K(504832K)] 1068952K->897013K(1903104K), 0.0555594 secs] [Times: user=0.33 sys=0.00, real=0.06 secs] 
5545.070: [GC (Allocation Failure) [PSYoungGen: 477280K->112864K(511488K)] 1223157K->1000981K(1909760K), 0.0671390 secs] [Times: user=0.39 sys=0.01, real=0.07 secs] 
5546.094: [GC (Allocation Failure) [PSYoungGen: 439008K->155264K(503808K)] 1327125K->1153975K(1902080K), 0.0551092 secs] [Times: user=0.33 sys=0.01, real=0.06 secs] 
5548.924: [GC (Allocation Failure) [PSYoungGen: 479360K->108864K(511488K)] 1478071K->1254239K(1909760K), 0.1653432 secs] [Times: user=0.97 sys=0.01, real=0.17 secs] 
5550.303: [GC (Allocation Failure) [PSYoungGen: 422667K->148608K(507392K)] 1568042K->1399228K(1905664K), 0.0527093 secs] [Times: user=0.31 sys=0.00, real=0.05 secs] 
5550.355: [Full GC (Ergonomics) [PSYoungGen: 148608K->0K(507392K)] [ParOldGen: 1250620K->196103K(1398272K)] 1399228K->196103K(1905664K), [Metaspace: 59744K->59724K(1105920K)], 0.4708806 secs] [Times: user=2.16 sys=0.00, real=0.48 secs] 
5552.791: [GC (Allocation Failure) [PSYoungGen: 324096K->109824K(511488K)] 520199K->305927K(1909760K), 0.0840401 secs] [Times: user=0.49 sys=0.00, real=0.08 secs] 
5553.658: [GC (Allocation Failure) [PSYoungGen: 433920K->158720K(501248K)] 630023K->460540K(1899520K), 0.0528922 secs] [Times: user=0.31 sys=0.00, real=0.05 secs] 
5557.295: [GC (Allocation Failure) [PSYoungGen: 476672K->95232K(508416K)] 778492K->555836K(1906688K), 0.1222481 secs] [Times: user=0.73 sys=0.00, real=0.13 secs] 
5557.874: [GC (Allocation Failure) [PSYoungGen: 413184K->159104K(496128K)] 873788K->709041K(1894400K), 0.0558247 secs] [Times: user=0.33 sys=0.00, real=0.06 secs] 
5561.482: [GC (Allocation Failure) [PSYoungGen: 465792K->90848K(502784K)] 1015729K->799909K(1901056K), 0.1555007 secs] [Times: user=0.92 sys=0.01, real=0.16 secs] 
5561.919: [GC (Allocation Failure) [PSYoungGen: 397536K->152096K(497152K)] 1106597K->945452K(1895424K), 0.0548033 secs] [Times: user=0.33 sys=0.00, real=0.05 secs] 
5565.493: [GC (Allocation Failure) [PSYoungGen: 453664K->87136K(500224K)] 1247020K->1032172K(1898496K), 0.1684890 secs] [Times: user=1.00 sys=0.00, real=0.17 secs] 
5566.210: [GC (Allocation Failure) [PSYoungGen: 388704K->151104K(494592K)] 1333740K->1177481K(1892864K), 0.0525177 secs] [Times: user=0.31 sys=0.00, real=0.05 secs] 
5569.132: [GC (Allocation Failure) [PSYoungGen: 447552K->86528K(497664K)] 1473929K->1264025K(1895936K), 0.1115912 secs] [Times: user=0.67 sys=0.00, real=0.11 secs] 
5570.233: [GC (Allocation Failure) [PSYoungGen: 368823K->137952K(493568K)] 1546321K->1397885K(1891840K), 0.0483502 secs] [Times: user=0.29 sys=0.01, real=0.05 secs] 
5570.282: [Full GC (Ergonomics) [PSYoungGen: 137952K->0K(493568K)] [ParOldGen: 1259933K->195570K(1398272K)] 1397885K->195570K(1891840K), [Metaspace: 59724K->59724K(1105920K)], 0.4701701 secs] [Times: user=2.19 sys=0.00, real=0.47 secs] 
5572.322: [GC (Allocation Failure) [PSYoungGen: 297472K->98688K(496128K)] 493042K->294258K(1894400K), 0.0995331 secs] [Times: user=0.59 sys=0.00, real=0.10 secs] 
5573.873: [GC (Allocation Failure) [PSYoungGen: 396160K->142688K(498176K)] 591730K->433227K(1896448K), 0.0478797 secs] [Times: user=0.28 sys=0.00, real=0.05 secs] 
5575.001: [GC (Allocation Failure) [PSYoungGen: 445792K->100928K(499200K)] 736331K->525275K(1897472K), 0.0626718 secs] [Times: user=0.37 sys=0.00, real=0.06 secs] 
5577.328: [GC (Allocation Failure) [PSYoungGen: 404032K->143456K(499200K)] 828379K->664920K(1897472K), 0.0491680 secs] [Times: user=0.29 sys=0.00, real=0.05 secs] 
5578.522: [GC (Allocation Failure) [PSYoungGen: 450144K->106400K(500224K)] 971608K->761944K(1898496K), 0.0629918 secs] [Times: user=0.37 sys=0.00, real=0.06 secs] 
5581.034: [GC (Allocation Failure) [PSYoungGen: 413088K->142784K(501248K)] 1068632K->902037K(1899520K), 0.0528657 secs] [Times: user=0.30 sys=0.01, real=0.06 secs] 
5582.299: [GC (Allocation Failure) [PSYoungGen: 454592K->108256K(502272K)] 1213845K->1000997K(1900544K), 0.0665990 secs] [Times: user=0.39 sys=0.01, real=0.06 secs] 
5584.208: [GC (Allocation Failure) [PSYoungGen: 420064K->147552K(502272K)] 1312805K->1145834K(1900544K), 0.0536971 secs] [Times: user=0.32 sys=0.00, real=0.05 secs] 
5586.048: [GC (Allocation Failure) [PSYoungGen: 463456K->107136K(505344K)] 1461738K->1244170K(1903616K), 0.1666173 secs] [Times: user=0.98 sys=0.01, real=0.16 secs] 
5588.211: [GC (Allocation Failure) [PSYoungGen: 423040K->152160K(503808K)] 1560074K->1392286K(1902080K), 0.0542861 secs] [Times: user=0.32 sys=0.00, real=0.05 secs] 
5588.265: [Full GC (Ergonomics) [PSYoungGen: 152160K->0K(503808K)] [ParOldGen: 1240126K->190941K(1398272K)] 1392286K->190941K(1902080K), [Metaspace: 59724K->59724K(1105920K)], 0.4653975 secs] [Times: user=2.18 sys=0.00, real=0.47 secs] 
5591.066: [GC (Allocation Failure) [PSYoungGen: 317952K->102912K(508416K)] 508893K->293854K(1906688K), 0.1012427 secs] [Times: user=0.60 sys=0.00, real=0.10 secs] 
5592.862: [GC (Allocation Failure) [PSYoungGen: 420864K->153632K(501760K)] 611806K->443038K(1900032K), 0.0501562 secs] [Times: user=0.30 sys=0.00, real=0.05 secs] 
5594.990: [GC (Allocation Failure) [PSYoungGen: 467488K->104704K(506368K)] 756894K->539070K(1904640K), 0.1610268 secs] [Times: user=0.95 sys=0.00, real=0.16 secs] 
5596.603: [GC (Allocation Failure) [PSYoungGen: 413246K->146720K(505856K)] 847613K->681595K(1904128K), 0.0499252 secs] [Times: user=0.30 sys=0.00, real=0.05 secs] 
5598.640: [GC (Allocation Failure) [PSYoungGen: 462624K->107200K(423424K)] 997499K->779691K(1821696K), 0.1665531 secs] [Times: user=0.99 sys=0.00, real=0.17 secs] 
5599.313: [GC (Allocation Failure) [PSYoungGen: 423104K->169760K(489984K)] 1095595K->945556K(1888256K), 0.0535631 secs] [Times: user=0.29 sys=0.00, real=0.06 secs] 
5601.640: [GC (Allocation Failure) [PSYoungGen: 471328K->89792K(500224K)] 1247124K->1018396K(1898496K), 0.1771445 secs] [Times: user=1.06 sys=0.00, real=0.18 secs] 
5603.208: [GC (Allocation Failure) [PSYoungGen: 391360K->143424K(499200K)] 1319964K->1158185K(1897472K), 0.0496212 secs] [Times: user=0.29 sys=0.00, real=0.05 secs] 
5605.214: [GC (Allocation Failure) [PSYoungGen: 444992K->102112K(403968K)] 1459753K->1251441K(1802240K), 0.1446610 secs] [Times: user=0.86 sys=0.00, real=0.15 secs] 
5607.194: [GC (Allocation Failure) [PSYoungGen: 403680K->142336K(498688K)] 1553009K->1389842K(1896960K), 0.0496773 secs] [Times: user=0.29 sys=0.01, real=0.05 secs] 
5607.244: [Full GC (Ergonomics) [PSYoungGen: 142336K->0K(498688K)] [ParOldGen: 1247506K->189046K(1398272K)] 1389842K->189046K(1896960K), [Metaspace: 59724K->59724K(1105920K)], 0.4631721 secs] [Times: user=2.16 sys=0.00, real=0.47 secs] 
5609.016: [GC (Allocation Failure) [PSYoungGen: 303616K->101376K(498176K)] 492662K->290422K(1896448K), 0.0576937 secs] [Times: user=0.33 sys=0.01, real=0.06 secs] 
5610.365: [GC (Allocation Failure) [PSYoungGen: 404992K->155424K(496128K)] 594038K->441715K(1894400K), 0.0502392 secs] [Times: user=0.30 sys=0.00, real=0.05 secs] 
5612.090: [GC (Allocation Failure) [PSYoungGen: 459552K->102112K(501248K)] 745843K->526443K(1899520K), 0.1302452 secs] [Times: user=0.77 sys=0.00, real=0.13 secs] 
5614.279: [GC (Allocation Failure) [PSYoungGen: 406240K->142848K(499712K)] 830571K->665255K(1897984K), 0.0495281 secs] [Times: user=0.29 sys=0.00, real=0.05 secs] 
5615.501: [GC (Allocation Failure) [PSYoungGen: 450560K->107392K(501760K)] 972967K->763432K(1900032K), 0.0629705 secs] [Times: user=0.37 sys=0.00, real=0.06 secs] 
5617.557: [GC (Allocation Failure) [PSYoungGen: 415104K->142848K(502784K)] 1071144K->903580K(1901056K), 0.0522403 secs] [Times: user=0.31 sys=0.00, real=0.05 secs] 
5619.154: [GC (Allocation Failure) [PSYoungGen: 455168K->109376K(503296K)] 1215900K->1003548K(1901568K), 0.1192660 secs] [Times: user=0.70 sys=0.01, real=0.12 secs] 
5621.410: [GC (Allocation Failure) [PSYoungGen: 421696K->148576K(502272K)] 1315868K->1148001K(1900544K), 0.0531038 secs] [Times: user=0.32 sys=0.00, real=0.05 secs] 
5623.341: [GC (Allocation Failure) [PSYoungGen: 463456K->106880K(504832K)] 1462881K->1245753K(1903104K), 0.1653580 secs] [Times: user=0.99 sys=0.00, real=0.17 secs] 
5624.874: [GC (Allocation Failure) [PSYoungGen: 421760K->154208K(502784K)] 1560633K->1395430K(1901056K), 0.0530455 secs] [Times: user=0.31 sys=0.00, real=0.06 secs] 
5624.927: [Full GC (Ergonomics) [PSYoungGen: 154208K->0K(502784K)] [ParOldGen: 1241222K->193235K(1398272K)] 1395430K->193235K(1901056K), [Metaspace: 59724K->59724K(1105920K)], 0.4682899 secs] [Times: user=2.19 sys=0.00, real=0.46 secs] 
5627.765: [GC (Allocation Failure) [PSYoungGen: 315904K->103296K(507392K)] 509139K->296532K(1905664K), 0.0934525 secs] [Times: user=0.55 sys=0.00, real=0.10 secs] 
5629.404: [GC (GCLocker Initiated GC) [PSYoungGen: 419200K->149184K(504320K)] 612437K->441798K(1902592K), 0.0505493 secs] [Times: user=0.29 sys=0.01, real=0.05 secs] 
5632.119: [GC (Allocation Failure) [PSYoungGen: 464064K->104512K(506880K)] 756725K->537406K(1905152K), 0.1548844 secs] [Times: user=0.92 sys=0.00, real=0.15 secs] 
5633.409: [GC (Allocation Failure) [PSYoungGen: 411326K->148544K(504832K)] 844220K->682146K(1903104K), 0.0505729 secs] [Times: user=0.30 sys=0.00, real=0.05 secs] 
5635.107: [GC (Allocation Failure) [PSYoungGen: 463936K->106912K(506880K)] 997538K->780690K(1905152K), 0.1410310 secs] [Times: user=0.84 sys=0.00, real=0.14 secs] 
5636.380: [GC (Allocation Failure) [PSYoungGen: 407444K->143744K(506368K)] 1081223K->921011K(1904640K), 0.0979285 secs] [Times: user=0.58 sys=0.00, real=0.10 secs] 
5639.509: [GC (Allocation Failure) [PSYoungGen: 461184K->105952K(506880K)] 1238451K->1018499K(1905152K), 0.1591592 secs] [Times: user=0.95 sys=0.00, real=0.16 secs] 
5640.663: [GC (Allocation Failure) [PSYoungGen: 412269K->145408K(506368K)] 1324816K->1160155K(1904640K), 0.0509286 secs] [Times: user=0.31 sys=0.00, real=0.05 secs] 
5644.882: [GC (Allocation Failure) [PSYoungGen: 464896K->105056K(507392K)] 1479643K->1256307K(1905664K), 0.1634762 secs] [Times: user=0.98 sys=0.01, real=0.16 secs] 
5646.429: [GC (Allocation Failure) [PSYoungGen: 411346K->145952K(508416K)] 1562597K->1398268K(1906688K), 0.0511391 secs] [Times: user=0.30 sys=0.01, real=0.05 secs] 
5646.480: [Full GC (Ergonomics) [PSYoungGen: 145952K->0K(508416K)] [ParOldGen: 1252316K->195858K(1398272K)] 1398268K->195858K(1906688K), [Metaspace: 59724K->59724K(1105920K)], 0.4690229 secs] [Times: user=2.19 sys=0.00, real=0.47 secs] 
5649.205: [GC (Allocation Failure) [PSYoungGen: 322560K->106752K(509952K)] 518418K->302610K(1908224K), 0.0742219 secs] [Times: user=0.44 sys=0.01, real=0.08 secs] 
5650.858: [GC (Allocation Failure) [PSYoungGen: 429312K->155904K(502784K)] 625170K->454423K(1901056K), 0.0511780 secs] [Times: user=0.30 sys=0.00, real=0.05 secs] 
5653.038: [GC (Allocation Failure) [PSYoungGen: 473856K->97472K(508416K)] 772375K->551391K(1906688K), 0.1452488 secs] [Times: user=0.86 sys=0.00, real=0.14 secs] 
5653.992: [GC (Allocation Failure) [PSYoungGen: 415424K->158944K(497152K)] 869343K->704092K(1895424K), 0.0550619 secs] [Times: user=0.33 sys=0.00, real=0.06 secs] 
5656.696: [GC (Allocation Failure) [PSYoungGen: 466656K->92544K(503296K)] 1011804K->796588K(1901568K), 0.1593921 secs] [Times: user=0.95 sys=0.00, real=0.16 secs] 
5657.270: [GC (Allocation Failure) [PSYoungGen: 400256K->152032K(497664K)] 1104300K->943069K(1895936K), 0.0737731 secs] [Times: user=0.44 sys=0.00, real=0.07 secs] 
5660.821: [GC (Allocation Failure) [PSYoungGen: 454624K->87616K(500736K)] 1245661K->1030405K(1899008K), 0.1783045 secs] [Times: user=1.01 sys=0.00, real=0.18 secs] 
5661.650: [GC (Allocation Failure) [PSYoungGen: 390208K->150016K(496128K)] 1332997K->1174126K(1894400K), 0.0528099 secs] [Times: user=0.31 sys=0.00, real=0.05 secs] 
5663.379: [GC (Allocation Failure) [PSYoungGen: 448512K->91296K(498688K)] 1472622K->1264850K(1896960K), 0.1187207 secs] [Times: user=0.70 sys=0.00, real=0.12 secs] 
5664.329: [GC (Allocation Failure) [PSYoungGen: 389792K->146784K(497152K)] 1563346K->1406119K(1895424K), 0.0525253 secs] [Times: user=0.31 sys=0.00, real=0.05 secs] 
5664.382: [Full GC (Ergonomics) [PSYoungGen: 146784K->0K(497152K)] [ParOldGen: 1259335K->204526K(1398272K)] 1406119K->204526K(1895424K), [Metaspace: 59724K->59724K(1105920K)], 0.4769593 secs] [Times: user=2.22 sys=0.00, real=0.48 secs] 
5666.975: [GC (GCLocker Initiated GC) [PSYoungGen: 298496K->88800K(498688K)] 503022K->293326K(1896960K), 0.0862591 secs] [Times: user=0.51 sys=0.00, real=0.09 secs] 
5667.574: [GC (Allocation Failure) [PSYoungGen: 387296K->143168K(498176K)] 591826K->432975K(1896448K), 0.0475844 secs] [Times: user=0.27 sys=0.00, real=0.05 secs] 
5669.922: [GC (Allocation Failure) [PSYoungGen: 442688K->98016K(397824K)] 732495K->522411K(1796096K), 0.1318938 secs] [Times: user=0.79 sys=0.00, real=0.13 secs] 
5671.617: [GC (Allocation Failure) [PSYoungGen: 397536K->144288K(496128K)] 821931K->663044K(1894400K), 0.0489635 secs] [Times: user=0.30 sys=0.00, real=0.05 secs] 
5673.696: [GC (Allocation Failure) [PSYoungGen: 444320K->99520K(497152K)] 963076K->754092K(1895424K), 0.0871524 secs] [Times: user=0.52 sys=0.00, real=0.09 secs] 
5675.072: [GC (Allocation Failure) [PSYoungGen: 399552K->140960K(498688K)] 1054124K->892369K(1896960K), 0.0498582 secs] [Times: user=0.29 sys=0.00, real=0.05 secs] 
5676.852: [GC (GCLocker Initiated GC) [PSYoungGen: 446112K->103264K(499200K)] 1197522K->986754K(1897472K), 0.0633249 secs] [Times: user=0.37 sys=0.00, real=0.06 secs] 
5677.896: [GC (Allocation Failure) [PSYoungGen: 408416K->155072K(495104K)] 1291941K->1139777K(1893376K), 0.0527357 secs] [Times: user=0.31 sys=0.00, real=0.06 secs] 
5680.320: [GC (Allocation Failure) [PSYoungGen: 460224K->101664K(501248K)] 1444929K->1224978K(1899520K), 0.0791216 secs] [Times: user=0.47 sys=0.00, real=0.08 secs] 
5683.821: [GC (Allocation Failure) [PSYoungGen: 406816K->140960K(500224K)] 1530130K->1362950K(1898496K), 0.0510089 secs] [Times: user=0.30 sys=0.00, real=0.05 secs] 
5683.872: [Full GC (Ergonomics) [PSYoungGen: 140960K->0K(500224K)] [ParOldGen: 1221990K->170226K(1398272K)] 1362950K->170226K(1898496K), [Metaspace: 59724K->59724K(1105920K)], 0.4100667 secs] [Times: user=1.92 sys=0.00, real=0.41 secs] 
5685.376: [GC (Allocation Failure) [PSYoungGen: 310272K->108096K(502784K)] 480498K->278322K(1901056K), 0.0363294 secs] [Times: user=0.21 sys=0.00, real=0.03 secs] 
5687.604: [GC (Allocation Failure) [PSYoungGen: 418368K->152832K(500224K)] 588594K->428635K(1898496K), 0.0549116 secs] [Times: user=0.32 sys=0.00, real=0.06 secs] 
5688.798: [GC (Allocation Failure) [PSYoungGen: 464640K->108896K(504832K)] 740443K->520119K(1903104K), 0.0642046 secs] [Times: user=0.39 sys=0.00, real=0.06 secs] 
5690.752: [GC (Allocation Failure) [PSYoungGen: 420704K->144768K(505856K)] 831927K->662636K(1904128K), 0.0539004 secs] [Times: user=0.32 sys=0.01, real=0.05 secs] 
5691.950: [GC (Allocation Failure) [PSYoungGen: 459705K->109408K(425984K)] 977573K->763212K(1824256K), 0.0665522 secs] [Times: user=0.39 sys=0.00, real=0.07 secs] 
5693.830: [GC (Allocation Failure) [PSYoungGen: 425824K->148000K(503296K)] 1079628K->908900K(1901568K), 0.0543800 secs] [Times: user=0.32 sys=0.00, real=0.05 secs] 
5695.800: [GC (Allocation Failure) [PSYoungGen: 464416K->107488K(505856K)] 1225316K->1007368K(1904128K), 0.1094634 secs] [Times: user=0.65 sys=0.01, real=0.11 secs] 
5697.828: [GC (Allocation Failure) [PSYoungGen: 423904K->149504K(505856K)] 1323784K->1153045K(1904128K), 0.0532859 secs] [Times: user=0.32 sys=0.00, real=0.05 secs] 
5699.685: [GC (Allocation Failure) [PSYoungGen: 468992K->109664K(508928K)] 1472533K->1253597K(1907200K), 0.1441436 secs] [Times: user=0.86 sys=0.00, real=0.15 secs] 
5701.323: [GC (Allocation Failure) [PSYoungGen: 423981K->148480K(507392K)] 1567914K->1397882K(1905664K), 0.0532414 secs] [Times: user=0.31 sys=0.00, real=0.06 secs] 
5701.376: [Full GC (Ergonomics) [PSYoungGen: 148480K->0K(507392K)] [ParOldGen: 1249402K->196687K(1398272K)] 1397882K->196687K(1905664K), [Metaspace: 59724K->59724K(1105920K)], 0.4684056 secs] [Times: user=2.18 sys=0.00, real=0.46 secs] 
5704.254: [GC (Allocation Failure) [PSYoungGen: 321024K->109760K(509440K)] 517711K->306447K(1907712K), 0.0871493 secs] [Times: user=0.52 sys=0.00, real=0.09 secs] 
5705.251: [GC (Allocation Failure) [PSYoungGen: 430784K->153600K(504832K)] 627471K->456376K(1903104K), 0.0517407 secs] [Times: user=0.31 sys=0.00, real=0.05 secs] 
5707.249: [GC (Allocation Failure) [PSYoungGen: 472576K->99616K(508928K)] 775352K->555580K(1907200K), 0.1539586 secs] [Times: user=0.91 sys=0.01, real=0.15 secs] 
5708.175: [GC (Allocation Failure) [PSYoungGen: 418592K->156512K(499712K)] 874556K->706037K(1897984K), 0.0569773 secs] [Times: user=0.34 sys=0.00, real=0.06 secs] 
5711.750: [GC (Allocation Failure) [PSYoungGen: 467296K->95104K(504832K)] 1016821K->800337K(1903104K), 0.1484057 secs] [Times: user=0.89 sys=0.00, real=0.15 secs] 
5712.191: [GC (Allocation Failure) [PSYoungGen: 405888K->170464K(485376K)] 1111121K->965226K(1883648K), 0.0561658 secs] [Times: user=0.34 sys=0.00, real=0.06 secs] 
5714.211: [GC (Allocation Failure) [PSYoungGen: 462816K->85632K(495616K)] 1257578K->1034314K(1893888K), 0.1699094 secs] [Times: user=1.01 sys=0.00, real=0.17 secs] 
5714.732: [GC (Allocation Failure) [PSYoungGen: 377984K->144128K(493568K)] 1326666K->1173075K(1891840K), 0.0522103 secs] [Times: user=0.31 sys=0.00, real=0.05 secs] 
5718.056: [GC (Allocation Failure) [PSYoungGen: 436480K->85504K(494592K)] 1465427K->1258299K(1892864K), 0.1520533 secs] [Times: user=0.91 sys=0.00, real=0.15 secs] 
5718.874: [GC (Allocation Failure) [PSYoungGen: 377856K->142208K(494592K)] 1550651K->1397212K(1892864K), 0.0483069 secs] [Times: user=0.29 sys=0.00, real=0.05 secs] 
5718.922: [Full GC (Ergonomics) [PSYoungGen: 142208K->0K(494592K)] [ParOldGen: 1255004K->195131K(1398272K)] 1397212K->195131K(1892864K), [Metaspace: 59724K->59724K(1105920K)], 0.4702171 secs] [Times: user=2.19 sys=0.00, real=0.47 secs] 
5720.956: [GC (Allocation Failure) [PSYoungGen: 294400K->95008K(495616K)] 489531K->290139K(1893888K), 0.0489045 secs] [Times: user=0.28 sys=0.00, real=0.05 secs] 
5723.483: [GC (Allocation Failure) [PSYoungGen: 389408K->139744K(496640K)] 584539K->425720K(1894912K), 0.0463023 secs] [Times: user=0.28 sys=0.00, real=0.05 secs] 
5724.615: [GC (Allocation Failure) [PSYoungGen: 438240K->100864K(496128K)] 724216K->517312K(1894400K), 0.0612438 secs] [Times: user=0.37 sys=0.00, real=0.07 secs] 
5726.798: [GC (Allocation Failure) [PSYoungGen: 399360K->140704K(497152K)] 815808K->654901K(1895424K), 0.0502955 secs] [Times: user=0.30 sys=0.00, real=0.05 secs] 
5727.955: [GC (Allocation Failure) [PSYoungGen: 443808K->105568K(497152K)] 958005K->751085K(1895424K), 0.0649947 secs] [Times: user=0.39 sys=0.00, real=0.07 secs] 
5730.851: [GC (Allocation Failure) [PSYoungGen: 408672K->137984K(501248K)] 1054189K->886506K(1899520K), 0.0526570 secs] [Times: user=0.31 sys=0.00, real=0.05 secs] 
5732.055: [GC (GCLocker Initiated GC) [PSYoungGen: 449280K->111296K(500736K)] 1197803K->988219K(1899008K), 0.0644341 secs] [Times: user=0.38 sys=0.01, real=0.07 secs] 
5734.322: [GC (Allocation Failure) [PSYoungGen: 422592K->151392K(499712K)] 1299550K->1137717K(1897984K), 0.0549870 secs] [Times: user=0.32 sys=0.00, real=0.06 secs] 
5735.491: [GC (Allocation Failure) [PSYoungGen: 466272K->110080K(504320K)] 1452597K->1230421K(1902592K), 0.0662943 secs] [Times: user=0.39 sys=0.00, real=0.07 secs] 
5736.250: [GC (Allocation Failure) [PSYoungGen: 424960K->149824K(506368K)] 1545301K->1378046K(1904640K), 0.0555175 secs] [Times: user=0.32 sys=0.01, real=0.05 secs] 
5736.305: [Full GC (Ergonomics) [PSYoungGen: 149824K->0K(506368K)] [ParOldGen: 1228222K->178368K(1398272K)] 1378046K->178368K(1904640K), [Metaspace: 59724K->59724K(1105920K)], 0.4210811 secs] [Times: user=1.95 sys=0.00, real=0.43 secs] 
5738.039: [GC (Allocation Failure) [PSYoungGen: 321024K->109760K(509952K)] 499392K->288128K(1908224K), 0.0339392 secs] [Times: user=0.20 sys=0.00, real=0.03 secs] 
5740.296: [GC (Allocation Failure) [PSYoungGen: 430784K->153952K(503296K)] 609152K->438376K(1901568K), 0.0534878 secs] [Times: user=0.32 sys=0.00, real=0.05 secs] 
5742.393: [GC (Allocation Failure) [PSYoungGen: 471904K->105344K(508416K)] 756328K->534949K(1906688K), 0.1497237 secs] [Times: user=0.89 sys=0.00, real=0.15 secs] 
5743.985: [GC (Allocation Failure) [PSYoungGen: 420613K->151008K(504832K)] 850218K->681633K(1903104K), 0.0508492 secs] [Times: user=0.30 sys=0.00, real=0.06 secs] 
5746.701: [GC (Allocation Failure) [PSYoungGen: 467936K->105664K(507904K)] 998561K->778733K(1906176K), 0.1449617 secs] [Times: user=0.87 sys=0.00, real=0.14 secs] 
5748.585: [GC (Allocation Failure) [PSYoungGen: 416359K->145696K(506880K)] 1089429K->920734K(1905152K), 0.0502586 secs] [Times: user=0.30 sys=0.00, real=0.05 secs] 
5751.096: [GC (GCLocker Initiated GC) [PSYoungGen: 464160K->108224K(427008K)] 1239198K->1019643K(1825280K), 0.1663757 secs] [Times: user=0.99 sys=0.01, real=0.16 secs] 
5752.473: [GC (Allocation Failure) [PSYoungGen: 426688K->151904K(503808K)] 1338141K->1167538K(1902080K), 0.0525502 secs] [Times: user=0.31 sys=0.00, real=0.05 secs] 
5755.188: [GC (Allocation Failure) [PSYoungGen: 467141K->96032K(507392K)] 1482775K->1262950K(1905664K), 0.1306990 secs] [Times: user=0.77 sys=0.00, real=0.13 secs] 
5755.772: [GC (Allocation Failure) [PSYoungGen: 412960K->155104K(499712K)] 1579878K->1413715K(1897984K), 0.0551749 secs] [Times: user=0.32 sys=0.00, real=0.06 secs] 
5755.827: [Full GC (Ergonomics) [PSYoungGen: 155104K->0K(499712K)] [ParOldGen: 1258611K->212657K(1398272K)] 1413715K->212657K(1897984K), [Metaspace: 59724K->59724K(1105920K)], 0.4986833 secs] [Times: user=2.34 sys=0.00, real=0.49 secs] 
5758.106: [GC (Allocation Failure) [PSYoungGen: 309760K->94176K(504320K)] 522417K->306833K(1902592K), 0.1250514 secs] [Times: user=0.74 sys=0.00, real=0.13 secs] 
5758.555: [GC (Allocation Failure) [PSYoungGen: 403936K->155136K(496128K)] 616593K->456082K(1894400K), 0.0536617 secs] [Times: user=0.32 sys=0.00, real=0.06 secs] 
5761.775: [GC (Allocation Failure) [PSYoungGen: 457728K->87872K(500736K)] 758674K->543898K(1899008K), 0.1561579 secs] [Times: user=0.92 sys=0.00, real=0.16 secs] 
5762.245: [GC (Allocation Failure) [PSYoungGen: 390464K->151488K(495104K)] 846490K->689819K(1893376K), 0.0528957 secs] [Times: user=0.31 sys=0.00, real=0.06 secs] 
5765.119: [GC (Allocation Failure) [PSYoungGen: 448960K->85056K(498176K)] 987291K->774891K(1896448K), 0.1534004 secs] [Times: user=0.91 sys=0.00, real=0.15 secs] 
5766.310: [GC (Allocation Failure) [PSYoungGen: 377511K->140832K(495616K)] 1067346K->912101K(1893888K), 0.0486052 secs] [Times: user=0.29 sys=0.00, real=0.05 secs] 
5768.331: [GC (Allocation Failure) [PSYoungGen: 438816K->96096K(497152K)] 1210085K->999346K(1895424K), 0.1327585 secs] [Times: user=0.78 sys=0.01, real=0.13 secs] 
5770.784: [GC (Allocation Failure) [PSYoungGen: 394068K->142624K(498176K)] 1297318K->1137446K(1896448K), 0.0475457 secs] [Times: user=0.28 sys=0.00, real=0.05 secs] 
5771.985: [GC (Allocation Failure) [PSYoungGen: 443758K->102592K(404480K)] 1438581K->1231314K(1802752K), 0.0638807 secs] [Times: user=0.38 sys=0.00, real=0.07 secs] 
5774.200: [GC (Allocation Failure) [PSYoungGen: 404160K->140832K(497664K)] 1532882K->1369647K(1895936K), 0.0503529 secs] [Times: user=0.30 sys=0.00, real=0.05 secs] 
5774.251: [Full GC (Ergonomics) [PSYoungGen: 140832K->0K(497664K)] [ParOldGen: 1228815K->176870K(1398272K)] 1369647K->176870K(1895936K), [Metaspace: 59724K->59724K(1105920K)], 0.4200829 secs] [Times: user=1.94 sys=0.00, real=0.42 secs] 
5775.836: [GC (GCLocker Initiated GC) [PSYoungGen: 304640K->103200K(498176K)] 481510K->280071K(1896448K), 0.0374806 secs] [Times: user=0.22 sys=0.00, real=0.03 secs] 
5777.502: [GC (Allocation Failure) [PSYoungGen: 407840K->141568K(501760K)] 584714K->418859K(1900032K), 0.0518073 secs] [Times: user=0.30 sys=0.00, real=0.05 secs] 
5778.660: [GC (Allocation Failure) [PSYoungGen: 453376K->109952K(502272K)] 730667K->519607K(1900544K), 0.0631786 secs] [Times: user=0.38 sys=0.00, real=0.06 secs] 
5780.799: [GC (Allocation Failure) [PSYoungGen: 421760K->147040K(501248K)] 831415K->664164K(1899520K), 0.0538584 secs] [Times: user=0.32 sys=0.00, real=0.05 secs] 
5782.008: [GC (Allocation Failure) [PSYoungGen: 462432K->108192K(504320K)] 979556K->763260K(1902592K), 0.0773770 secs] [Times: user=0.46 sys=0.00, real=0.07 secs] 
5784.096: [GC (Allocation Failure) [PSYoungGen: 423584K->149504K(505856K)] 1078652K->910213K(1904128K), 0.0542320 secs] [Times: user=0.32 sys=0.00, real=0.05 secs] 
5786.949: [GC (Allocation Failure) [PSYoungGen: 470016K->106624K(509440K)] 1230725K->1008229K(1907712K), 0.1096682 secs] [Times: user=0.65 sys=0.01, real=0.11 secs] 
5788.261: [GC (Allocation Failure) [PSYoungGen: 422811K->154016K(502784K)] 1324416K->1158882K(1901056K), 0.0527141 secs] [Times: user=0.31 sys=0.00, real=0.05 secs] 
5791.520: [GC (Allocation Failure) [PSYoungGen: 470944K->102080K(507904K)] 1475810K->1252554K(1906176K), 0.1546503 secs] [Times: user=0.92 sys=0.00, real=0.15 secs] 
5792.568: [GC (Allocation Failure) [PSYoungGen: 411820K->149184K(504320K)] 1562294K->1397666K(1902592K), 0.0503447 secs] [Times: user=0.29 sys=0.00, real=0.05 secs] 
5792.619: [Full GC (Ergonomics) [PSYoungGen: 149184K->0K(504320K)] [ParOldGen: 1248482K->195881K(1398272K)] 1397666K->195881K(1902592K), [Metaspace: 59724K->59724K(1105920K)], 0.4700130 secs] [Times: user=2.20 sys=0.00, real=0.47 secs] 
5795.611: [GC (Allocation Failure) [PSYoungGen: 315904K->104896K(507392K)] 511785K->300777K(1905664K), 0.0900537 secs] [Times: user=0.53 sys=0.01, real=0.09 secs] 
5796.387: [GC (Allocation Failure) [PSYoungGen: 407095K->145760K(506880K)] 602977K->442599K(1905152K), 0.0490448 secs] [Times: user=0.29 sys=0.00, real=0.04 secs] 
5798.297: [GC (Allocation Failure) [PSYoungGen: 463712K->105440K(423424K)] 760551K->539687K(1821696K), 0.1329998 secs] [Times: user=0.78 sys=0.00, real=0.13 secs] 
5799.571: [GC (Allocation Failure) [PSYoungGen: 413676K->145984K(505856K)] 847924K->681864K(1904128K), 0.0493337 secs] [Times: user=0.29 sys=0.00, real=0.05 secs] 
5802.098: [GC (Allocation Failure) [PSYoungGen: 464448K->107264K(507392K)] 1000328K->780180K(1905664K), 0.1448637 secs] [Times: user=0.86 sys=0.00, real=0.14 secs] 
5803.028: [GC (Allocation Failure) [PSYoungGen: 425728K->153536K(503296K)] 1098644K->929173K(1901568K), 0.0519090 secs] [Times: user=0.31 sys=0.00, real=0.05 secs] 
5805.720: [GC (Allocation Failure) [PSYoungGen: 470464K->95328K(507904K)] 1246101K->1024281K(1906176K), 0.1420059 secs] [Times: user=0.84 sys=0.00, real=0.14 secs] 
5806.532: [GC (Allocation Failure) [PSYoungGen: 412256K->153376K(500736K)] 1341209K->1173674K(1899008K), 0.0552107 secs] [Times: user=0.33 sys=0.00, real=0.06 secs] 
5810.287: [GC (Allocation Failure) [PSYoungGen: 464160K->94304K(504832K)] 1484458K->1267578K(1903104K), 0.0719833 secs] [Times: user=0.43 sys=0.00, real=0.07 secs] 
5810.857: [GC (Allocation Failure) [PSYoungGen: 405088K->153504K(497664K)] 1578362K->1416124K(1895936K), 0.0642199 secs] [Times: user=0.38 sys=0.01, real=0.06 secs] 
5810.922: [Full GC (Ergonomics) [PSYoungGen: 153504K->0K(497664K)] [ParOldGen: 1262620K->214506K(1398272K)] 1416124K->214506K(1895936K), [Metaspace: 59724K->59724K(1105920K)], 0.5001507 secs] [Times: user=2.34 sys=0.00, real=0.50 secs] 
5814.602: [GC (Allocation Failure) [PSYoungGen: 304640K->90144K(501760K)] 519146K->304650K(1900032K), 0.1357328 secs] [Times: user=0.81 sys=0.00, real=0.14 secs] 
5815.045: [GC (Allocation Failure) [PSYoungGen: 394784K->149152K(498176K)] 609290K->448091K(1896448K), 0.0525976 secs] [Times: user=0.32 sys=0.00, real=0.06 secs] 
5817.146: [GC (Allocation Failure) [PSYoungGen: 450720K->98560K(400384K)] 749659K->546075K(1798656K), 0.1316980 secs] [Times: user=0.78 sys=0.00, real=0.13 secs] 
5818.269: [GC (Allocation Failure) [PSYoungGen: 386473K->137952K(501760K)] 833988K->674048K(1900032K), 0.0491499 secs] [Times: user=0.29 sys=0.00, real=0.05 secs] 
5820.173: [GC (Allocation Failure) [PSYoungGen: 443616K->100960K(499712K)] 979712K->766368K(1897984K), 0.1620548 secs] [Times: user=0.96 sys=0.01, real=0.16 secs] 
5822.044: [GC (Allocation Failure) [PSYoungGen: 406624K->147840K(497664K)] 1072032K->909844K(1895936K), 0.0503543 secs] [Times: user=0.29 sys=0.00, real=0.05 secs] 
5823.872: [GC (Allocation Failure) [PSYoungGen: 454016K->102432K(500224K)] 1216020K->1003788K(1898496K), 0.1021159 secs] [Times: user=0.61 sys=0.00, real=0.10 secs] 
5824.992: [GC (Allocation Failure) [PSYoungGen: 408608K->147648K(501760K)] 1309964K->1148161K(1900032K), 0.0509987 secs] [Times: user=0.30 sys=0.00, real=0.05 secs] 
5827.588: [GC (Allocation Failure) [PSYoungGen: 458432K->100256K(504320K)] 1458945K->1239913K(1902592K), 0.1054559 secs] [Times: user=0.63 sys=0.01, real=0.10 secs] 
5828.647: [GC (Allocation Failure) [PSYoungGen: 411040K->151840K(500736K)] 1550697K->1387914K(1899008K), 0.0512322 secs] [Times: user=0.30 sys=0.00, real=0.05 secs] 
5828.698: [Full GC (Ergonomics) [PSYoungGen: 151840K->0K(500736K)] [ParOldGen: 1236074K->193572K(1398272K)] 1387914K->193572K(1899008K), [Metaspace: 59724K->59724K(1105920K)], 0.4663657 secs] [Times: user=2.18 sys=0.00, real=0.46 secs] 
5831.941: [GC (Allocation Failure) [PSYoungGen: 309760K->100992K(504320K)] 503332K->294564K(1902592K), 0.0307402 secs] [Times: user=0.18 sys=0.00, real=0.03 secs] 
5833.599: [GC (Allocation Failure) [PSYoungGen: 410752K->148736K(501760K)] 604324K->439733K(1900032K), 0.0491579 secs] [Times: user=0.29 sys=0.00, real=0.05 secs] 
5834.947: [GC (Allocation Failure) [PSYoungGen: 458496K->107712K(417792K)] 749493K->538697K(1816064K), 0.0649718 secs] [Times: user=0.38 sys=0.00, real=0.06 secs] 
5835.921: [GC (Allocation Failure) [PSYoungGen: 417472K->147968K(501248K)] 848457K->681282K(1899520K), 0.0513516 secs] [Times: user=0.30 sys=0.00, real=0.05 secs] 
5838.303: [GC (Allocation Failure) [PSYoungGen: 458240K->104032K(503296K)] 991554K->776454K(1901568K), 0.1748339 secs] [Times: user=1.04 sys=0.00, real=0.18 secs] 
5838.924: [GC (Allocation Failure) [PSYoungGen: 407278K->147008K(503808K)] 1079701K->920311K(1902080K), 0.0501152 secs] [Times: user=0.30 sys=0.00, real=0.05 secs] 
5841.844: [GC (Allocation Failure) [PSYoungGen: 460352K->101152K(505344K)] 1233655K->1013259K(1903616K), 0.1625297 secs] [Times: user=0.97 sys=0.00, real=0.17 secs] 
5843.188: [GC (Allocation Failure) [PSYoungGen: 410045K->149472K(503808K)] 1322153K->1159044K(1902080K), 0.0499655 secs] [Times: user=0.30 sys=0.00, real=0.05 secs] 
5846.412: [GC (Allocation Failure) [PSYoungGen: 463328K->102976K(506368K)] 1472900K->1253608K(1904640K), 0.1681225 secs] [Times: user=0.99 sys=0.01, real=0.17 secs] 
5848.067: [GC (Allocation Failure) [PSYoungGen: 408101K->148480K(503808K)] 1558733K->1397469K(1902080K), 0.0509311 secs] [Times: user=0.30 sys=0.00, real=0.05 secs] 
5848.118: [Full GC (Ergonomics) [PSYoungGen: 148480K->0K(503808K)] [ParOldGen: 1248989K->195487K(1398272K)] 1397469K->195487K(1902080K), [Metaspace: 59724K->59724K(1105920K)], 0.4933433 secs] [Times: user=2.31 sys=0.00, real=0.49 secs] 
5850.737: [GC (Allocation Failure) [PSYoungGen: 313856K->105184K(419328K)] 509343K->300671K(1817600K), 0.0873632 secs] [Times: user=0.52 sys=0.00, real=0.08 secs] 
5851.953: [GC (Allocation Failure) [PSYoungGen: 413539K->148064K(503296K)] 609026K->442504K(1901568K), 0.0489506 secs] [Times: user=0.28 sys=0.00, real=0.05 secs] 
5854.430: [GC (GCLocker Initiated GC) [PSYoungGen: 461920K->105344K(505856K)] 756362K->539110K(1904128K), 0.1711279 secs] [Times: user=1.01 sys=0.00, real=0.17 secs] 
5856.096: [GC (Allocation Failure) [PSYoungGen: 419200K->142304K(506368K)] 869350K->693611K(1904640K), 0.2427083 secs] [Times: user=1.46 sys=0.00, real=0.24 secs] 
5858.995: [GC (Allocation Failure) [PSYoungGen: 459744K->94528K(506368K)] 1011051K->788143K(1904640K), 0.4475583 secs] [Times: user=2.69 sys=0.01, real=0.45 secs] 
5859.949: [GC (Allocation Failure) [PSYoungGen: 411968K->158400K(497152K)] 1105583K->940588K(1895424K), 0.0555640 secs] [Times: user=0.33 sys=0.00, real=0.05 secs] 
5863.286: [GC (Allocation Failure) [PSYoungGen: 467136K->90848K(503808K)] 1249324K->1031376K(1902080K), 0.1753443 secs] [Times: user=1.03 sys=0.01, real=0.17 secs] 
5863.843: [GC (Allocation Failure) [PSYoungGen: 399584K->154528K(495616K)] 1340112K->1179805K(1893888K), 0.0546406 secs] [Times: user=0.33 sys=0.01, real=0.06 secs] 
5866.724: [GC (Allocation Failure) [PSYoungGen: 456096K->88096K(500224K)] 1481373K->1267877K(1898496K), 0.1656804 secs] [Times: user=0.98 sys=0.00, real=0.17 secs] 
5867.651: [GC (Allocation Failure) [PSYoungGen: 389664K->148864K(496640K)] 1569445K->1410542K(1894912K), 0.0532108 secs] [Times: user=0.31 sys=0.00, real=0.05 secs] 
5867.704: [Full GC (Ergonomics) [PSYoungGen: 148864K->0K(496640K)] [ParOldGen: 1261678K->209580K(1398272K)] 1410542K->209580K(1894912K), [Metaspace: 59724K->59724K(1105920K)], 0.4876420 secs] [Times: user=2.26 sys=0.00, real=0.49 secs] 
5870.807: [GC (Allocation Failure) [PSYoungGen: 298496K->86304K(498688K)] 508076K->295884K(1896960K), 0.1665279 secs] [Times: user=1.00 sys=0.00, real=0.16 secs] 
5872.300: [GC (Allocation Failure) [PSYoungGen: 384800K->143008K(498688K)] 594380K->434881K(1896960K), 0.0465331 secs] [Times: user=0.28 sys=0.00, real=0.05 secs] 
5874.342: [GC (Allocation Failure) [PSYoungGen: 442528K->99680K(399360K)] 734401K->525897K(1797632K), 0.1701622 secs] [Times: user=1.02 sys=0.00, real=0.17 secs] 
5876.472: [GC (Allocation Failure) [PSYoungGen: 399200K->142912K(495616K)] 825417K->664778K(1893888K), 0.0486211 secs] [Times: user=0.29 sys=0.01, real=0.05 secs] 
5877.865: [GC (Allocation Failure) [PSYoungGen: 442432K->101408K(496128K)] 964298K->757698K(1894400K), 0.0912071 secs] [Times: user=0.55 sys=0.00, real=0.09 secs] 
5879.013: [GC (Allocation Failure) [PSYoungGen: 400928K->142560K(498176K)] 1057218K->897496K(1896448K), 0.0686633 secs] [Times: user=0.41 sys=0.00, real=0.07 secs] 
5881.818: [GC (Allocation Failure) [PSYoungGen: 447712K->103872K(499200K)] 1202648K->992512K(1897472K), 0.0784066 secs] [Times: user=0.46 sys=0.00, real=0.08 secs] 
5883.224: [GC (Allocation Failure) [PSYoungGen: 409024K->143008K(500224K)] 1297664K->1133213K(1898496K), 0.0526575 secs] [Times: user=0.31 sys=0.00, real=0.06 secs] 
5884.815: [GC (Allocation Failure) [PSYoungGen: 451363K->108608K(501760K)] 1441569K->1232713K(1900032K), 0.0743109 secs] [Times: user=0.45 sys=0.00, real=0.08 secs] 
5887.410: [GC (Allocation Failure) [PSYoungGen: 418880K->142944K(502784K)] 1542985K->1373014K(1901056K), 0.0536040 secs] [Times: user=0.32 sys=0.00, real=0.05 secs] 
5887.464: [Full GC (Ergonomics) [PSYoungGen: 142944K->0K(502784K)] [ParOldGen: 1230070K->178769K(1398272K)] 1373014K->178769K(1901056K), [Metaspace: 59724K->59724K(1105920K)], 0.4220081 secs] [Times: user=1.95 sys=0.00, real=0.42 secs] 
5888.990: [GC (Allocation Failure) [PSYoungGen: 315904K->109760K(504320K)] 494673K->288529K(1902592K), 0.0341838 secs] [Times: user=0.20 sys=0.00, real=0.03 secs] 
5890.584: [GC (Allocation Failure) [PSYoungGen: 425664K->158464K(500224K)] 604433K->443601K(1898496K), 0.0538933 secs] [Times: user=0.32 sys=0.01, real=0.06 secs] 
5893.501: [GC (GCLocker Initiated GC) [PSYoungGen: 474368K->108960K(507392K)] 759505K->535278K(1905664K), 0.1788469 secs] [Times: user=1.07 sys=0.00, real=0.18 secs] 
5895.097: [GC (Allocation Failure) [PSYoungGen: 424864K->151264K(503808K)] 851185K->681764K(1902080K), 0.0531128 secs] [Times: user=0.31 sys=0.00, real=0.05 secs] 
5896.642: [GC (Allocation Failure) [PSYoungGen: 467168K->109632K(507392K)] 997668K->782156K(1905664K), 0.1062937 secs] [Times: user=0.63 sys=0.00, real=0.11 secs] 
5897.379: [GC (Allocation Failure) [PSYoungGen: 425536K->167488K(491520K)] 1098060K->945649K(1889792K), 0.0540168 secs] [Times: user=0.32 sys=0.00, real=0.05 secs] 
5900.464: [GC (Allocation Failure) [PSYoungGen: 471104K->91872K(501248K)] 1249265K->1020341K(1899520K), 0.1637531 secs] [Times: user=0.97 sys=0.00, real=0.17 secs] 
5902.011: [GC (Allocation Failure) [PSYoungGen: 391137K->143072K(498688K)] 1319606K->1159514K(1896960K), 0.0531945 secs] [Times: user=0.31 sys=0.00, real=0.05 secs] 
5904.089: [GC (Allocation Failure) [PSYoungGen: 447200K->99936K(500224K)] 1463642K->1250510K(1898496K), 0.1699255 secs] [Times: user=1.00 sys=0.01, real=0.17 secs] 
5905.363: [GC (Allocation Failure) [PSYoungGen: 404064K->146784K(500736K)] 1554638K->1393339K(1899008K), 0.0503641 secs] [Times: user=0.29 sys=0.00, real=0.05 secs] 
5905.413: [Full GC (Ergonomics) [PSYoungGen: 146784K->0K(500736K)] [ParOldGen: 1246554K->191215K(1398272K)] 1393339K->191215K(1899008K), [Metaspace: 59724K->59724K(1105920K)], 0.4583474 secs] [Times: user=2.14 sys=0.00, real=0.46 secs] 
5907.292: [GC (Allocation Failure) [PSYoungGen: 306688K->103840K(410624K)] 497903K->295055K(1808896K), 0.0462831 secs] [Times: user=0.28 sys=0.00, real=0.05 secs] 
5908.382: [GC (Allocation Failure) [PSYoungGen: 410528K->150912K(498688K)] 601743K->441020K(1896960K), 0.0504826 secs] [Times: user=0.29 sys=0.00, real=0.05 secs] 
5910.012: [GC (Allocation Failure) [PSYoungGen: 457088K->100704K(501760K)] 747196K->533204K(1900032K), 0.1307662 secs] [Times: user=0.78 sys=0.00, real=0.13 secs] 
5911.438: [GC (Allocation Failure) [PSYoungGen: 406880K->148000K(501760K)] 839380K->676945K(1900032K), 0.0489307 secs] [Times: user=0.29 sys=0.00, real=0.05 secs] 
5913.255: [GC (Allocation Failure) [PSYoungGen: 456736K->101184K(410112K)] 985681K->769297K(1808384K), 0.1246851 secs] [Times: user=0.74 sys=0.00, real=0.13 secs] 
5914.897: [GC (Allocation Failure) [PSYoungGen: 409920K->149184K(500736K)] 1078033K->914172K(1899008K), 0.0506447 secs] [Times: user=0.30 sys=0.00, real=0.05 secs] 
5916.035: [GC (Allocation Failure) [PSYoungGen: 457408K->104960K(503296K)] 1222396K->1010164K(1901568K), 0.0661510 secs] [Times: user=0.40 sys=0.00, real=0.07 secs] 
5917.826: [GC (Allocation Failure) [PSYoungGen: 413184K->146752K(501760K)] 1318388K->1153633K(1900032K), 0.0516636 secs] [Times: user=0.30 sys=0.00, real=0.05 secs] 
5920.172: [GC (Allocation Failure) [PSYoungGen: 456512K->102656K(503296K)] 1463393K->1247413K(1901568K), 0.0686982 secs] [Times: user=0.41 sys=0.00, real=0.07 secs] 
5922.175: [GC (Allocation Failure) [PSYoungGen: 412416K->147680K(502272K)] 1557173K->1391002K(1900544K), 0.0514620 secs] [Times: user=0.31 sys=0.00, real=0.06 secs] 
5922.227: [Full GC (Ergonomics) [PSYoungGen: 147680K->0K(502272K)] [ParOldGen: 1243322K->189795K(1398272K)] 1391002K->189795K(1900544K), [Metaspace: 59726K->59726K(1105920K)], 0.4540465 secs] [Times: user=2.11 sys=0.00, real=0.45 secs] 
5923.999: [GC (Allocation Failure) [PSYoungGen: 311296K->107872K(504320K)] 501091K->297667K(1902592K), 0.0367503 secs] [Times: user=0.22 sys=0.00, real=0.04 secs] 
5924.645: [GC (Allocation Failure) [PSYoungGen: 416439K->149760K(501248K)] 606235K->443592K(1899520K), 0.0512542 secs] [Times: user=0.30 sys=0.00, real=0.06 secs] 
5927.208: [GC (GCLocker Initiated GC) [PSYoungGen: 461568K->103040K(504320K)] 755400K->537672K(1902592K), 0.1690047 secs] [Times: user=1.00 sys=0.01, real=0.17 secs] 
5929.025: [GC (Allocation Failure) [PSYoungGen: 414848K->140512K(504832K)] 865865K->690502K(1903104K), 0.2328530 secs] [Times: user=1.39 sys=0.00, real=0.24 secs] 
5931.636: [GC (Allocation Failure) [PSYoungGen: 456928K->96832K(505856K)] 1006918K->787138K(1904128K), 0.4235759 secs] [Times: user=2.54 sys=0.00, real=0.43 secs] 
5932.430: [GC (GCLocker Initiated GC) [PSYoungGen: 413248K->154784K(500736K)] 1103554K->937971K(1899008K), 0.0566308 secs] [Times: user=0.33 sys=0.00, real=0.06 secs] 
5935.262: [GC (Allocation Failure) [PSYoungGen: 467616K->93376K(505856K)] 1250806K->1031506K(1904128K), 0.1657286 secs] [Times: user=0.98 sys=0.01, real=0.17 secs] 
5935.864: [GC (Allocation Failure) [PSYoungGen: 406208K->156704K(495616K)] 1344338K->1182487K(1893888K), 0.0564912 secs] [Times: user=0.34 sys=0.00, real=0.06 secs] 
5938.704: [GC (Allocation Failure) [PSYoungGen: 460320K->86592K(501248K)] 1486103K->1269231K(1899520K), 0.1635276 secs] [Times: user=0.97 sys=0.00, real=0.17 secs] 
5939.247: [GC (Allocation Failure) [PSYoungGen: 390208K->150560K(496128K)] 1572847K->1414032K(1894400K), 0.0540658 secs] [Times: user=0.32 sys=0.00, real=0.05 secs] 
5939.301: [Full GC (Ergonomics) [PSYoungGen: 150560K->0K(496128K)] [ParOldGen: 1263472K->210734K(1398272K)] 1414032K->210734K(1894400K), [Metaspace: 59726K->59726K(1105920K)], 0.4917680 secs] [Times: user=2.30 sys=0.00, real=0.49 secs] 
5941.764: [GC (Allocation Failure) [PSYoungGen: 295732K->90528K(498688K)] 506467K->301262K(1896960K), 0.1545812 secs] [Times: user=0.92 sys=0.00, real=0.16 secs] 
5942.619: [GC (Allocation Failure) [PSYoungGen: 381399K->138752K(494592K)] 592134K->436007K(1892864K), 0.0472864 secs] [Times: user=0.28 sys=0.00, real=0.05 secs] 
5944.681: [GC (Allocation Failure) [PSYoungGen: 438784K->100032K(497152K)] 736039K->526983K(1895424K), 0.1456266 secs] [Times: user=0.86 sys=0.01, real=0.15 secs] 
5946.915: [GC (Allocation Failure) [PSYoungGen: 400064K->144832K(499712K)] 827015K->667500K(1897984K), 0.0483347 secs] [Times: user=0.28 sys=0.00, real=0.05 secs] 
5948.384: [GC (Allocation Failure) [PSYoungGen: 450496K->100736K(501248K)] 973164K->759952K(1899520K), 0.0925170 secs] [Times: user=0.53 sys=0.00, real=0.10 secs] 
5950.132: [GC (Allocation Failure) [PSYoungGen: 406400K->145664K(499200K)] 1065616K->901975K(1897472K), 0.0498015 secs] [Times: user=0.29 sys=0.00, real=0.05 secs] 
5951.348: [GC (Allocation Failure) [PSYoungGen: 452864K->102400K(501248K)] 1209175K->994967K(1899520K), 0.0646187 secs] [Times: user=0.38 sys=0.00, real=0.06 secs] 
5952.978: [GC (Allocation Failure) [PSYoungGen: 409600K->146304K(501760K)] 1302167K->1137472K(1900032K), 0.0512007 secs] [Times: user=0.30 sys=0.00, real=0.05 secs] 
5954.380: [GC (Allocation Failure) [PSYoungGen: 457088K->108320K(503808K)] 1448256K->1236376K(1902080K), 0.0793888 secs] [Times: user=0.48 sys=0.00, real=0.08 secs] 
5955.876: [GC (Allocation Failure) [PSYoungGen: 419104K->149376K(500736K)] 1547160K->1382301K(1899008K), 0.0535160 secs] [Times: user=0.32 sys=0.00, real=0.05 secs] 
5955.930: [Full GC (Ergonomics) [PSYoungGen: 149376K->0K(500736K)] [ParOldGen: 1232925K->189213K(1398272K)] 1382301K->189213K(1899008K), [Metaspace: 59727K->59727K(1105920K)], 0.4584572 secs] [Times: user=2.14 sys=0.00, real=0.46 secs] 
5957.817: [GC (Allocation Failure) [PSYoungGen: 311808K->103744K(503808K)] 501021K->292957K(1902080K), 0.0536737 secs] [Times: user=0.32 sys=0.00, real=0.05 secs] 
5959.297: [GC (Allocation Failure) [PSYoungGen: 415552K->149216K(503808K)] 604765K->437862K(1902080K), 0.0502373 secs] [Times: user=0.30 sys=0.00, real=0.05 secs] 
5961.242: [GC (GCLocker Initiated GC) [PSYoungGen: 464096K->106144K(506880K)] 752742K->534550K(1905152K), 0.1632464 secs] [Times: user=0.97 sys=0.01, real=0.16 secs] 
5962.345: [GC (Allocation Failure) [PSYoungGen: 421024K->145152K(505344K)] 865821K->692333K(1903616K), 0.2269434 secs] [Times: user=1.36 sys=0.00, real=0.23 secs] 
5965.255: [GC (Allocation Failure) [PSYoungGen: 461568K->93728K(506880K)] 1008749K->786365K(1905152K), 0.4443217 secs] [Times: user=2.66 sys=0.01, real=0.45 secs] 
5966.259: [GC (Allocation Failure) [PSYoungGen: 410144K->155200K(499200K)] 1102781K->937329K(1897472K), 0.0538049 secs] [Times: user=0.32 sys=0.00, real=0.05 secs] 
5970.198: [GC (Allocation Failure) [PSYoungGen: 464960K->90368K(504320K)] 1247089K->1027602K(1902592K), 0.1557717 secs] [Times: user=0.93 sys=0.00, real=0.15 secs] 
5970.810: [GC (Allocation Failure) [PSYoungGen: 400128K->170816K(483328K)] 1337362K->1192586K(1881600K), 0.0546404 secs] [Times: user=0.32 sys=0.00, real=0.05 secs] 
5974.557: [GC (Allocation Failure) [PSYoungGen: 460096K->81568K(494080K)] 1481866K->1257666K(1892352K), 0.1672508 secs] [Times: user=0.99 sys=0.00, real=0.16 secs] 
5975.439: [GC (Allocation Failure) [PSYoungGen: 370848K->140736K(491008K)] 1546946K->1394390K(1889280K), 0.0482183 secs] [Times: user=0.29 sys=0.00, real=0.05 secs] 
5975.487: [Full GC (Ergonomics) [PSYoungGen: 140736K->0K(491008K)] [ParOldGen: 1253654K->192397K(1398272K)] 1394390K->192397K(1889280K), [Metaspace: 59727K->59727K(1105920K)], 0.4686277 secs] [Times: user=2.19 sys=0.00, real=0.46 secs] 
5977.151: [GC (Allocation Failure) [PSYoungGen: 289280K->98048K(492544K)] 481677K->290446K(1890816K), 0.0417927 secs] [Times: user=0.25 sys=0.00, real=0.04 secs] 
5980.094: [GC (Allocation Failure) [PSYoungGen: 387328K->136928K(493568K)] 579726K->421122K(1891840K), 0.0470073 secs] [Times: user=0.28 sys=0.00, real=0.05 secs] 
5981.288: [GC (Allocation Failure) [PSYoungGen: 432864K->100288K(493568K)] 717058K->512438K(1891840K), 0.0619955 secs] [Times: user=0.37 sys=0.01, real=0.06 secs] 
5982.873: [GC (Allocation Failure) [PSYoungGen: 396224K->136544K(499200K)] 808374K->647376K(1897472K), 0.0505571 secs] [Times: user=0.30 sys=0.00, real=0.05 secs] 
5985.143: [GC (GCLocker Initiated GC) [PSYoungGen: 441696K->106720K(497664K)] 952528K->744952K(1895936K), 0.0638567 secs] [Times: user=0.38 sys=0.00, real=0.07 secs] 
5986.263: [GC (Allocation Failure) [PSYoungGen: 411872K->140352K(500224K)] 1050107K->883884K(1898496K), 0.0535049 secs] [Times: user=0.32 sys=0.00, real=0.06 secs] 
5988.175: [GC (Allocation Failure) [PSYoungGen: 452160K->111328K(500736K)] 1195692K->985296K(1899008K), 0.0651980 secs] [Times: user=0.39 sys=0.00, real=0.07 secs] 
5990.029: [GC (Allocation Failure) [PSYoungGen: 423136K->143744K(503808K)] 1297104K->1127093K(1902080K), 0.0554627 secs] [Times: user=0.33 sys=0.00, real=0.05 secs] 
5991.274: [GC (Allocation Failure) [PSYoungGen: 463232K->111968K(505856K)] 1446581K->1229953K(1904128K), 0.0660049 secs] [Times: user=0.39 sys=0.00, real=0.07 secs] 
5993.926: [GC (Allocation Failure) [PSYoungGen: 431456K->148160K(506368K)] 1549441K->1375192K(1904640K), 0.0551130 secs] [Times: user=0.33 sys=0.00, real=0.05 secs] 
5993.981: [Full GC (Ergonomics) [PSYoungGen: 148160K->0K(506368K)] [ParOldGen: 1227032K->173223K(1398272K)] 1375192K->173223K(1904640K), [Metaspace: 59728K->59728K(1105920K)], 0.4105533 secs] [Times: user=1.90 sys=0.00, real=0.41 secs] 
5995.510: [GC (Allocation Failure) [PSYoungGen: 324608K->114400K(509952K)] 497831K->287623K(1908224K), 0.0350838 secs] [Times: user=0.21 sys=0.00, real=0.03 secs] 
5997.672: [GC (Allocation Failure) [PSYoungGen: 439008K->153536K(507392K)] 612231K->437236K(1905664K), 0.0552777 secs] [Times: user=0.32 sys=0.00, real=0.06 secs] 
5999.266: [GC (Allocation Failure) [PSYoungGen: 479680K->112736K(512512K)] 763380K->540916K(1910784K), 0.1437180 secs] [Times: user=0.85 sys=0.00, real=0.14 secs] 
6000.415: [GC (Allocation Failure) [PSYoungGen: 438880K->156128K(505344K)] 867060K->693021K(1903616K), 0.0547449 secs] [Times: user=0.32 sys=0.00, real=0.06 secs] 
6003.213: [GC (Allocation Failure) [PSYoungGen: 478176K->99968K(510464K)] 1015069K->792629K(1908736K), 0.1630791 secs] [Times: user=0.97 sys=0.00, real=0.17 secs] 
6003.954: [GC (Allocation Failure) [PSYoungGen: 422016K->159296K(499200K)] 1114677K->945674K(1897472K), 0.0565037 secs] [Times: user=0.34 sys=0.00, real=0.06 secs] 
6007.048: [GC (Allocation Failure) [PSYoungGen: 471104K->93472K(505344K)] 1257482K->1038682K(1903616K), 0.1745243 secs] [Times: user=1.04 sys=0.00, real=0.17 secs] 
6007.498: [GC (Allocation Failure) [PSYoungGen: 405280K->156608K(496128K)] 1350490K->1189439K(1894400K), 0.0561380 secs] [Times: user=0.33 sys=0.00, real=0.05 secs] 
6011.228: [GC (Allocation Failure) [PSYoungGen: 459200K->85184K(388096K)] 1492031K->1274799K(1786368K), 0.1717283 secs] [Times: user=1.02 sys=0.00, real=0.17 secs] 
6011.722: [GC (Allocation Failure) [PSYoungGen: 387776K->167232K(483840K)] 1577391K->1435726K(1882112K), 0.0542459 secs] [Times: user=0.32 sys=0.01, real=0.06 secs] 
6011.776: [Full GC (Ergonomics) [PSYoungGen: 167232K->0K(483840K)] [ParOldGen: 1268494K->217528K(1398272K)] 1435726K->217528K(1882112K), [Metaspace: 59728K->59728K(1105920K)], 0.5109436 secs] [Times: user=2.38 sys=0.00, real=0.51 secs] 
6014.688: [GC (Allocation Failure) [PSYoungGen: 285184K->83584K(492032K)] 502712K->301112K(1890304K), 0.1131341 secs] [Times: user=0.67 sys=0.01, real=0.11 secs] 
6015.383: [GC (Allocation Failure) [PSYoungGen: 368768K->139968K(486912K)] 586296K->434613K(1885184K), 0.0465093 secs] [Times: user=0.28 sys=0.00, real=0.05 secs] 
6016.536: [GC (Allocation Failure) [PSYoungGen: 425152K->94336K(489472K)] 719797K->520577K(1887744K), 0.0606473 secs] [Times: user=0.36 sys=0.00, real=0.06 secs] 
6018.798: [GC (Allocation Failure) [PSYoungGen: 379520K->132896K(485888K)] 805761K->649870K(1884160K), 0.0463400 secs] [Times: user=0.27 sys=0.00, real=0.04 secs] 
6019.984: [GC (Allocation Failure) [PSYoungGen: 425248K->102208K(490496K)] 942222K->742518K(1888768K), 0.0628948 secs] [Times: user=0.38 sys=0.00, real=0.07 secs] 
6021.347: [GC (Allocation Failure) [PSYoungGen: 394560K->134176K(495104K)] 1034870K->875123K(1893376K), 0.0509998 secs] [Times: user=0.31 sys=0.00, real=0.05 secs] 
6023.063: [GC (Allocation Failure) [PSYoungGen: 440864K->108448K(498176K)] 1181811K->974391K(1896448K), 0.0625641 secs] [Times: user=0.37 sys=0.00, real=0.06 secs] 
6024.771: [GC (Allocation Failure) [PSYoungGen: 415136K->139680K(506368K)] 1281079K->1112608K(1904640K), 0.0521389 secs] [Times: user=0.31 sys=0.00, real=0.05 secs] 
6025.991: [GC (Allocation Failure) [PSYoungGen: 458656K->113888K(506368K)] 1431584K->1217176K(1904640K), 0.0681913 secs] [Times: user=0.41 sys=0.01, real=0.07 secs] 
6028.505: [GC (Allocation Failure) [PSYoungGen: 432864K->146912K(503808K)] 1536152K->1361973K(1902080K), 0.0555281 secs] [Times: user=0.33 sys=0.00, real=0.06 secs] 
6030.056: [GC (Allocation Failure) [PSYoungGen: 467936K->112864K(506880K)] 1682997K->1465633K(1905152K), 0.0998312 secs] [Times: user=0.60 sys=0.00, real=0.10 secs] 
6030.156: [Full GC (Ergonomics) [PSYoungGen: 112864K->0K(506880K)] [ParOldGen: 1352769K->35116K(1398272K)] 1465633K->35116K(1905152K), [Metaspace: 59728K->59728K(1105920K)], 0.0748495 secs] [Times: user=0.29 sys=0.00, real=0.07 secs] 
6032.141: [GC (Allocation Failure) [PSYoungGen: 321024K->150016K(507904K)] 356140K->185132K(1906176K), 0.0294042 secs] [Times: user=0.18 sys=0.00, real=0.03 secs] 
6033.990: [GC (Allocation Failure) [PSYoungGen: 476160K->110176K(512000K)] 511276K->286569K(1910272K), 0.0955421 secs] [Times: user=0.57 sys=0.00, real=0.09 secs] 
6035.638: [GC (Allocation Failure) [PSYoungGen: 436320K->153696K(506368K)] 612713K->437153K(1904640K), 0.0837062 secs] [Times: user=0.49 sys=0.00, real=0.08 secs] 
6038.519: [GC (Allocation Failure) [PSYoungGen: 477792K->106400K(511488K)] 761249K->535470K(1909760K), 0.1683169 secs] [Times: user=1.00 sys=0.01, real=0.17 secs] 
6039.675: [GC (Allocation Failure) [PSYoungGen: 430496K->156800K(501760K)] 859566K->687950K(1900032K), 0.0514410 secs] [Times: user=0.31 sys=0.00, real=0.06 secs] 
6042.175: [GC (Allocation Failure) [PSYoungGen: 473728K->97504K(507904K)] 1004878K->785150K(1906176K), 0.1479746 secs] [Times: user=0.88 sys=0.00, real=0.15 secs] 
6042.680: [GC (Allocation Failure) [PSYoungGen: 414432K->156768K(498688K)] 1102078K->935895K(1896960K), 0.0546057 secs] [Times: user=0.32 sys=0.01, real=0.05 secs] 
6045.528: [GC (Allocation Failure) [PSYoungGen: 465504K->91232K(503808K)] 1244631K->1026719K(1902080K), 0.1493594 secs] [Times: user=0.89 sys=0.00, real=0.15 secs] 
6045.978: [GC (Allocation Failure) [PSYoungGen: 399968K->152992K(497152K)] 1335455K->1173676K(1895424K), 0.0544727 secs] [Times: user=0.32 sys=0.00, real=0.05 secs] 
6048.374: [GC (Allocation Failure) [PSYoungGen: 455584K->90944K(500736K)] 1476268K->1264296K(1899008K), 0.1265806 secs] [Times: user=0.75 sys=0.00, real=0.13 secs] 
6048.845: [GC (Allocation Failure) [PSYoungGen: 393536K->151168K(496128K)] 1566888K->1409273K(1894400K), 0.0530374 secs] [Times: user=0.31 sys=0.01, real=0.06 secs] 
6048.898: [Full GC (Ergonomics) [PSYoungGen: 151168K->0K(496128K)] [ParOldGen: 1258105K->213041K(1398272K)] 1409273K->213041K(1894400K), [Metaspace: 59728K->59728K(1105920K)], 0.5064572 secs] [Times: user=2.37 sys=0.00, real=0.50 secs] 
6052.158: [GC (Allocation Failure) [PSYoungGen: 298146K->86592K(498688K)] 511188K->299633K(1896960K), 0.0605233 secs] [Times: user=0.36 sys=0.00, real=0.06 secs] 
6052.637: [GC (Allocation Failure) [PSYoungGen: 385088K->146400K(497152K)] 598129K->442326K(1895424K), 0.0513609 secs] [Times: user=0.30 sys=0.00, real=0.05 secs] 
6055.197: [GC (Allocation Failure) [PSYoungGen: 443872K->85152K(498176K)] 739798K->527550K(1896448K), 0.1224346 secs] [Times: user=0.72 sys=0.01, real=0.12 secs] 
6055.741: [GC (Allocation Failure) [PSYoungGen: 382624K->146112K(496640K)] 825022K->670031K(1894912K), 0.0487194 secs] [Times: user=0.29 sys=0.00, real=0.05 secs] 
6057.696: [GC (Allocation Failure) [PSYoungGen: 442560K->97088K(393728K)] 966479K->759079K(1792000K), 0.0959816 secs] [Times: user=0.57 sys=0.01, real=0.10 secs] 
6060.045: [GC (Allocation Failure) [PSYoungGen: 393536K->141472K(495616K)] 1055527K->896324K(1893888K), 0.0478799 secs] [Times: user=0.28 sys=0.00, real=0.05 secs] 
6061.191: [GC (Allocation Failure) [PSYoungGen: 438944K->101440K(495616K)] 1193796K->988004K(1893888K), 0.0637351 secs] [Times: user=0.37 sys=0.00, real=0.06 secs] 
6063.143: [GC (Allocation Failure) [PSYoungGen: 398912K->138688K(497152K)] 1285476K->1123965K(1895424K), 0.0503031 secs] [Times: user=0.30 sys=0.00, real=0.05 secs] 
6064.358: [GC (Allocation Failure) [PSYoungGen: 441792K->106752K(496640K)] 1427069K->1221293K(1894912K), 0.0643064 secs] [Times: user=0.38 sys=0.00, real=0.06 secs] 
6066.557: [GC (Allocation Failure) [PSYoungGen: 409856K->139904K(499712K)] 1524397K->1358782K(1897984K), 0.0525867 secs] [Times: user=0.31 sys=0.00, real=0.05 secs] 
6066.610: [Full GC (Ergonomics) [PSYoungGen: 139904K->0K(499712K)] [ParOldGen: 1218878K->166097K(1398272K)] 1358782K->166097K(1897984K), [Metaspace: 59728K->59728K(1105920K)], 0.3892566 secs] [Times: user=1.79 sys=0.00, real=0.39 secs] 
6068.104: [GC (Allocation Failure) [PSYoungGen: 310784K->109152K(500224K)] 476881K->275249K(1898496K), 0.0372293 secs] [Times: user=0.22 sys=0.00, real=0.04 secs] 
6070.715: [GC (Allocation Failure) [PSYoungGen: 419936K->143168K(503296K)] 586033K->416270K(1901568K), 0.0542761 secs] [Times: user=0.33 sys=0.00, real=0.06 secs] 
6071.891: [GC (Allocation Failure) [PSYoungGen: 461632K->112384K(505344K)] 734734K->519254K(1903616K), 0.0659593 secs] [Times: user=0.37 sys=0.00, real=0.07 secs] 
6074.481: [GC (Allocation Failure) [PSYoungGen: 430848K->148448K(505856K)] 837718K->665163K(1904128K), 0.0544856 secs] [Times: user=0.32 sys=0.00, real=0.05 secs] 
6075.733: [GC (Allocation Failure) [PSYoungGen: 472032K->112576K(509440K)] 988747K->768619K(1907712K), 0.0662516 secs] [Times: user=0.39 sys=0.00, real=0.07 secs] 
6076.799: [GC (Allocation Failure) [PSYoungGen: 436160K->155136K(505344K)] 1092203K->919960K(1903616K), 0.0538258 secs] [Times: user=0.32 sys=0.00, real=0.05 secs] 
6079.001: [GC (Allocation Failure) [PSYoungGen: 478208K->109600K(510976K)] 1243032K->1020248K(1909248K), 0.1547723 secs] [Times: user=0.92 sys=0.00, real=0.16 secs] 
6080.148: [GC (Allocation Failure) [PSYoungGen: 432672K->157504K(501760K)] 1343320K->1173733K(1900032K), 0.0534814 secs] [Times: user=0.32 sys=0.00, real=0.05 secs] 
6082.859: [GC (Allocation Failure) [PSYoungGen: 474432K->94848K(507904K)] 1490661K->1268493K(1906176K), 0.1692771 secs] [Times: user=1.01 sys=0.00, real=0.17 secs] 
6083.313: [GC (Allocation Failure) [PSYoungGen: 411776K->157088K(498176K)] 1585421K->1419979K(1896448K), 0.0559194 secs] [Times: user=0.34 sys=0.00, real=0.06 secs] 
6083.369: [Full GC (Ergonomics) [PSYoungGen: 157088K->0K(498176K)] [ParOldGen: 1262891K->218564K(1398272K)] 1419979K->218564K(1896448K), [Metaspace: 59728K->59728K(1105920K)], 0.5120578 secs] [Times: user=2.38 sys=0.00, real=0.51 secs] 
6086.908: [GC (Allocation Failure) [PSYoungGen: 307712K->90080K(503296K)] 526276K->308644K(1901568K), 0.1343593 secs] [Times: user=0.80 sys=0.00, real=0.13 secs] 
6087.340: [GC (Allocation Failure) [PSYoungGen: 397792K->153952K(496128K)] 616356K->456469K(1894400K), 0.0537959 secs] [Times: user=0.32 sys=0.00, real=0.05 secs] 
6089.722: [GC (Allocation Failure) [PSYoungGen: 454496K->87904K(499712K)] 757013K->544485K(1897984K), 0.1426750 secs] [Times: user=0.84 sys=0.01, real=0.14 secs] 
6090.230: [GC (Allocation Failure) [PSYoungGen: 388448K->150464K(495104K)] 845029K->689015K(1893376K), 0.0521460 secs] [Times: user=0.31 sys=0.00, real=0.05 secs] 
6092.203: [GC (GCLocker Initiated GC) [PSYoungGen: 446912K->86528K(497664K)] 985463K->775679K(1895936K), 0.1610100 secs] [Times: user=0.94 sys=0.01, real=0.16 secs] 
6093.232: [GC (Allocation Failure) [PSYoungGen: 382976K->134624K(489984K)] 1088515K->922616K(1888256K), 0.2937090 secs] [Times: user=1.76 sys=0.00, real=0.29 secs] 
6095.512: [GC (Allocation Failure) [PSYoungGen: 431584K->89792K(494080K)] 1219576K->1012016K(1892352K), 0.4169248 secs] [Times: user=2.50 sys=0.01, real=0.42 secs] 
6097.100: [GC (Allocation Failure) [PSYoungGen: 386752K->150496K(496128K)] 1308976K->1158469K(1894400K), 0.0500195 secs] [Times: user=0.29 sys=0.00, real=0.05 secs] 
6098.700: [GC (Allocation Failure) [PSYoungGen: 451040K->98976K(499712K)] 1459013K->1239925K(1897984K), 0.1014939 secs] [Times: user=0.61 sys=0.00, real=0.10 secs] 
6100.360: [GC (Allocation Failure) [PSYoungGen: 399520K->145312K(498688K)] 1540469K->1380890K(1896960K), 0.0499855 secs] [Times: user=0.30 sys=0.00, real=0.05 secs] 
6100.410: [Full GC (Ergonomics) [PSYoungGen: 145312K->0K(498688K)] [ParOldGen: 1235578K->187222K(1398272K)] 1380890K->187222K(1896960K), [Metaspace: 59728K->59728K(1105920K)], 0.4532983 secs] [Times: user=2.11 sys=0.00, real=0.45 secs] 
6101.919: [GC (Allocation Failure) [PSYoungGen: 302592K->99904K(402944K)] 489814K->287126K(1801216K), 0.0313219 secs] [Times: user=0.18 sys=0.00, real=0.03 secs] 
6104.236: [GC (Allocation Failure) [PSYoungGen: 402496K->142816K(498176K)] 589718K->425711K(1896448K), 0.0490815 secs] [Times: user=0.29 sys=0.00, real=0.04 secs] 
6105.380: [GC (Allocation Failure) [PSYoungGen: 446944K->105088K(499200K)] 729839K->521427K(1897472K), 0.0635487 secs] [Times: user=0.38 sys=0.00, real=0.06 secs] 
6108.008: [GC (Allocation Failure) [PSYoungGen: 409216K->139232K(501248K)] 825555K->658152K(1899520K), 0.0511376 secs] [Times: user=0.30 sys=0.00, real=0.05 secs] 
6109.240: [GC (Allocation Failure) [PSYoungGen: 449504K->109408K(500736K)] 968424K->758308K(1899008K), 0.0639002 secs] [Times: user=0.38 sys=0.00, real=0.06 secs] 
6111.177: [GC (Allocation Failure) [PSYoungGen: 419680K->144128K(502272K)] 1068580K->899697K(1900544K), 0.0532472 secs] [Times: user=0.31 sys=0.00, real=0.05 secs] 
6112.441: [GC (Allocation Failure) [PSYoungGen: 460032K->111808K(503808K)] 1215601K->1001773K(1902080K), 0.0654200 secs] [Times: user=0.39 sys=0.00, real=0.07 secs] 
6113.429: [GC (Allocation Failure) [PSYoungGen: 427712K->151680K(503808K)] 1317677K->1149913K(1902080K), 0.0550273 secs] [Times: user=0.32 sys=0.00, real=0.05 secs] 
6115.487: [GC (Allocation Failure) [PSYoungGen: 471680K->107808K(508416K)] 1469913K->1248558K(1906688K), 0.1762848 secs] [Times: user=1.05 sys=0.00, real=0.17 secs] 
6117.493: [GC (Allocation Failure) [PSYoungGen: 427808K->152608K(505344K)] 1568558K->1396882K(1903616K), 0.0536652 secs] [Times: user=0.32 sys=0.00, real=0.06 secs] 
6117.547: [Full GC (Ergonomics) [PSYoungGen: 152608K->0K(505344K)] [ParOldGen: 1244274K->196272K(1398272K)] 1396882K->196272K(1903616K), [Metaspace: 59728K->59728K(1105920K)], 0.4692483 secs] [Times: user=2.19 sys=0.00, real=0.47 secs] 
6119.842: [GC (Allocation Failure) [PSYoungGen: 320000K->106464K(509440K)] 516272K->302736K(1907712K), 0.0679884 secs] [Times: user=0.40 sys=0.00, real=0.07 secs] 
6121.100: [GC (Allocation Failure) [PSYoungGen: 426464K->186848K(419840K)] 622736K->486397K(1818112K), 0.0528430 secs] [Times: user=0.31 sys=0.01, real=0.05 secs] 
6122.177: [GC (Allocation Failure) [PSYoungGen: 419808K->62400K(465920K)] 719357K->515565K(1864192K), 0.0622517 secs] [Times: user=0.37 sys=0.00, real=0.06 secs] 
6123.299: [GC (Allocation Failure) [PSYoungGen: 295360K->109312K(465920K)] 748525K->622470K(1864192K), 0.0480020 secs] [Times: user=0.28 sys=0.00, real=0.05 secs] 
6124.464: [GC (Allocation Failure) [PSYoungGen: 342272K->118976K(352256K)] 855430K->732062K(1750528K), 0.1525435 secs] [Times: user=0.91 sys=0.00, real=0.16 secs] 
6126.752: [GC (Allocation Failure) [PSYoungGen: 348335K->54560K(459264K)] 961421K->786574K(1857536K), 0.1000576 secs] [Times: user=0.60 sys=0.00, real=0.10 secs] 
6127.215: [GC (Allocation Failure) [PSYoungGen: 284448K->112832K(343040K)] 1016462K->895455K(1741312K), 0.0376443 secs] [Times: user=0.22 sys=0.00, real=0.04 secs] 
6129.601: [GC (Allocation Failure) [PSYoungGen: 342720K->89792K(464384K)] 1125343K->976919K(1862656K), 0.0559976 secs] [Times: user=0.33 sys=0.00, real=0.06 secs] 
6130.820: [GC (Allocation Failure) [PSYoungGen: 331456K->87200K(459776K)] 1218583K->1063899K(1858048K), 0.0677089 secs] [Times: user=0.40 sys=0.01, real=0.07 secs] 
6131.144: [GC (Allocation Failure) [PSYoungGen: 328864K->137728K(473088K)] 1305563K->1195888K(1871360K), 0.0498951 secs] [Times: user=0.30 sys=0.00, real=0.05 secs] 
6133.299: [GC (Allocation Failure) [PSYoungGen: 397312K->70240K(471552K)] 1455472K->1249780K(1869824K), 0.1032247 secs] [Times: user=0.62 sys=0.00, real=0.10 secs] 
6133.785: [GC (Allocation Failure) [PSYoungGen: 329824K->127616K(481792K)] 1509364K->1373930K(1880064K), 0.0418128 secs] [Times: user=0.25 sys=0.00, real=0.05 secs] 
6133.827: [Full GC (Ergonomics) [PSYoungGen: 127616K->0K(481792K)] [ParOldGen: 1246314K->171130K(1398272K)] 1373930K->171130K(1880064K), [Metaspace: 59728K->59728K(1105920K)], 0.3981361 secs] [Times: user=1.83 sys=0.00, real=0.39 secs] 
6136.213: [GC (Allocation Failure) [PSYoungGen: 276480K->92256K(482816K)] 447610K->263386K(1881088K), 0.0347678 secs] [Times: user=0.20 sys=0.00, real=0.04 secs] 
6137.401: [GC (Allocation Failure) [PSYoungGen: 368736K->119840K(485888K)] 539866K->381927K(1884160K), 0.0568212 secs] [Times: user=0.34 sys=0.00, real=0.06 secs] 
6139.593: [GC (Allocation Failure) [PSYoungGen: 411680K->128096K(486912K)] 673767K->500003K(1885184K), 0.0619001 secs] [Times: user=0.37 sys=0.00, real=0.06 secs] 
6140.883: [GC (Allocation Failure) [PSYoungGen: 419936K->107168K(492032K)] 791843K->606963K(1890304K), 0.0779633 secs] [Times: user=0.46 sys=0.00, real=0.08 secs] 
6143.652: [GC (Allocation Failure) [PSYoungGen: 418464K->141312K(497152K)] 918259K->737180K(1895424K), 0.0607446 secs] [Times: user=0.37 sys=0.01, real=0.06 secs] 
6146.045: [GC (Allocation Failure) [PSYoungGen: 452608K->107488K(504832K)] 1048476K->844732K(1903104K), 0.0871670 secs] [Times: user=0.51 sys=0.00, real=0.09 secs] 
6147.348: [GC (Allocation Failure) [PSYoungGen: 431584K->140640K(507392K)] 1168828K->974744K(1905664K), 0.0607557 secs] [Times: user=0.36 sys=0.01, real=0.06 secs] 
6148.072: [GC (Allocation Failure) [PSYoungGen: 464736K->128736K(512000K)] 1298840K->1103553K(1910272K), 0.0659520 secs] [Times: user=0.39 sys=0.00, real=0.07 secs] 
6149.426: [GC (Allocation Failure) [PSYoungGen: 458464K->2976K(332800K)] 1433281K->977849K(1731072K), 0.0027980 secs] [Times: user=0.01 sys=0.00, real=0.01 secs] 
6151.890: [GC (Allocation Failure) [PSYoungGen: 332704K->145152K(492544K)] 1307577K->1121369K(1890816K), 0.0293128 secs] [Times: user=0.17 sys=0.00, real=0.03 secs] 
6153.028: [GC (Allocation Failure) [PSYoungGen: 441600K->106208K(402944K)] 1417817K->1217753K(1801216K), 0.0650858 secs] [Times: user=0.38 sys=0.00, real=0.06 secs] 
6155.297: [GC (Allocation Failure) [PSYoungGen: 402656K->133920K(495104K)] 1514201K->1349618K(1893376K), 0.0526085 secs] [Times: user=0.31 sys=0.00, real=0.05 secs] 
6155.350: [Full GC (Ergonomics) [PSYoungGen: 133920K->0K(495104K)] [ParOldGen: 1215698K->149844K(1398272K)] 1349618K->149844K(1893376K), [Metaspace: 59728K->59728K(1105920K)], 0.3483467 secs] [Times: user=1.59 sys=0.00, real=0.35 secs] 
6156.805: [GC (Allocation Failure) [PSYoungGen: 301568K->112896K(495104K)] 451412K->262740K(1893376K), 0.0403845 secs] [Times: user=0.24 sys=0.00, real=0.04 secs] 
6158.245: [GC (Allocation Failure) [PSYoungGen: 414464K->130432K(498688K)] 564308K->391945K(1896960K), 0.0558053 secs] [Times: user=0.33 sys=0.00, real=0.06 secs] 
6159.450: [GC (Allocation Failure) [PSYoungGen: 443264K->1952K(497664K)] 704777K->263585K(1895936K), 0.0019793 secs] [Times: user=0.01 sys=0.00, real=0.00 secs] 
6161.310: [GC (Allocation Failure) [PSYoungGen: 314784K->135936K(496640K)] 576417K->398186K(1894912K), 0.0287244 secs] [Times: user=0.17 sys=0.01, real=0.03 secs] 
6163.145: [GC (Allocation Failure) [PSYoungGen: 435456K->352K(300032K)] 697706K->262689K(1698304K), 0.0016723 secs] [Times: user=0.01 sys=0.00, real=0.01 secs] 
6165.255: [GC (Allocation Failure) [PSYoungGen: 299872K->126528K(490496K)] 562209K->388866K(1888768K), 0.0309237 secs] [Times: user=0.18 sys=0.00, real=0.03 secs] 
6166.836: [GC (Allocation Failure) [PSYoungGen: 408640K->208352K(490496K)] 670978K->499738K(1888768K), 0.0600067 secs] [Times: user=0.36 sys=0.00, real=0.06 secs] 
6169.496: [GC (Allocation Failure) [PSYoungGen: 490464K->99104K(441344K)] 781850K->390522K(1839616K), 0.0349013 secs] [Times: user=0.20 sys=0.00, real=0.04 secs] 
6169.741: [GC (Allocation Failure) [PSYoungGen: 332064K->122432K(465920K)] 623482K->503066K(1864192K), 0.0524491 secs] [Times: user=0.31 sys=0.00, real=0.05 secs] 
6170.928: [GC (Allocation Failure) [PSYoungGen: 355392K->59968K(456704K)] 736026K->563118K(1854976K), 0.0569586 secs] [Times: user=0.33 sys=0.00, real=0.05 secs] 
6172.501: [GC (Allocation Failure) [PSYoungGen: 297024K->112064K(463360K)] 800174K->671771K(1861632K), 0.0361776 secs] [Times: user=0.22 sys=0.00, real=0.04 secs] 
6173.884: [GC (Allocation Failure) [PSYoungGen: 349120K->106624K(455680K)] 908827K->768743K(1853952K), 0.0578321 secs] [Times: user=0.33 sys=0.00, real=0.06 secs] 
6177.359: [GC (Allocation Failure) [PSYoungGen: 363136K->79200K(462336K)] 1025255K->847983K(1860608K), 0.0928089 secs] [Times: user=0.55 sys=0.00, real=0.09 secs] 
6177.674: [GC (Allocation Failure) [PSYoungGen: 335712K->129024K(491520K)] 1104495K->971316K(1889792K), 0.0496280 secs] [Times: user=0.29 sys=0.00, real=0.05 secs] 
6179.472: [GC (Allocation Failure) [PSYoungGen: 417627K->84832K(491008K)] 1259920K->1056260K(1889280K), 0.1289604 secs] [Times: user=0.76 sys=0.01, real=0.13 secs] 
6180.284: [GC (Allocation Failure) [PSYoungGen: 365683K->137824K(489472K)] 1337112K->1190580K(1887744K), 0.0481398 secs] [Times: user=0.28 sys=0.00, real=0.05 secs] 
6182.367: [GC (Allocation Failure) [PSYoungGen: 432736K->97152K(492544K)] 1485492K->1279508K(1890816K), 0.0939831 secs] [Times: user=0.55 sys=0.00, real=0.09 secs] 
6183.522: [GC (Allocation Failure) [PSYoungGen: 392064K->139456K(494080K)] 1574420K->1415369K(1892352K), 0.0483627 secs] [Times: user=0.28 sys=0.00, real=0.05 secs] 
6183.570: [Full GC (Ergonomics) [PSYoungGen: 139456K->0K(494080K)] [ParOldGen: 1275913K->182351K(1398272K)] 1415369K->182351K(1892352K), [Metaspace: 59728K->59728K(1105920K)], 0.4260116 secs] [Times: user=1.98 sys=0.00, real=0.43 secs] 
6185.070: [GC (Allocation Failure) [PSYoungGen: 303104K->105600K(497664K)] 485455K->287951K(1895936K), 0.0331677 secs] [Times: user=0.20 sys=0.00, real=0.03 secs] 
6187.612: [GC (Allocation Failure) [PSYoungGen: 408704K->140768K(496640K)] 591055K->425200K(1894912K), 0.0511141 secs] [Times: user=0.30 sys=0.00, real=0.05 secs] 
6188.779: [GC (GCLocker Initiated GC) [PSYoungGen: 450528K->106592K(500224K)] 734960K->522372K(1898496K), 0.0637286 secs] [Times: user=0.38 sys=0.00, real=0.06 secs] 
6189.933: [GC (Allocation Failure) [PSYoungGen: 416352K->153600K(497152K)] 832167K->673548K(1895424K), 0.0530665 secs] [Times: user=0.30 sys=0.01, real=0.06 secs] 
6191.822: [GC (Allocation Failure) [PSYoungGen: 465600K->107296K(505344K)] 985549K->763388K(1903616K), 0.0650087 secs] [Times: user=0.38 sys=0.01, real=0.07 secs] 
6193.145: [GC (Allocation Failure) [PSYoungGen: 420640K->149088K(502272K)] 1076732K->910369K(1900544K), 0.0539377 secs] [Times: user=0.32 sys=0.01, real=0.06 secs] 
6195.823: [GC (Allocation Failure) [PSYoungGen: 464992K->105856K(507392K)] 1226273K->1007281K(1905664K), 0.1164490 secs] [Times: user=0.69 sys=0.01, real=0.12 secs] 
6198.130: [GC (GCLocker Initiated GC) [PSYoungGen: 421760K->145952K(503808K)] 1323185K->1149533K(1902080K), 0.0522237 secs] [Times: user=0.31 sys=0.00, real=0.05 secs] 
6200.218: [GC (Allocation Failure) [PSYoungGen: 463392K->108768K(507392K)] 1466976K->1249328K(1905664K), 0.1250045 secs] [Times: user=0.74 sys=0.00, real=0.12 secs] 
6202.478: [GC (Allocation Failure) [PSYoungGen: 426208K->151136K(502784K)] 1566768K->1396436K(1901056K), 0.0544402 secs] [Times: user=0.32 sys=0.00, real=0.05 secs] 
6202.533: [Full GC (Ergonomics) [PSYoungGen: 151136K->0K(502784K)] [ParOldGen: 1245300K->194425K(1398272K)] 1396436K->194425K(1901056K), [Metaspace: 59728K->59728K(1105920K)], 0.4584225 secs] [Times: user=2.13 sys=0.00, real=0.46 secs] 
6204.484: [GC (Allocation Failure) [PSYoungGen: 317440K->107808K(507904K)] 511865K->302233K(1906176K), 0.0660195 secs] [Times: user=0.39 sys=0.00, real=0.07 secs] 
6205.052: [GC (Allocation Failure) [PSYoungGen: 413296K->146144K(505856K)] 607721K->443958K(1904128K), 0.0511777 secs] [Times: user=0.30 sys=0.01, real=0.05 secs] 
6207.472: [GC (Allocation Failure) [PSYoungGen: 466144K->109504K(508928K)] 763958K->544718K(1907200K), 0.1197886 secs] [Times: user=0.71 sys=0.00, real=0.12 secs] 
6208.031: [GC (Allocation Failure) [PSYoungGen: 429504K->154752K(502784K)] 864718K->695984K(1901056K), 0.0520861 secs] [Times: user=0.31 sys=0.00, real=0.05 secs] 
6210.421: [GC (Allocation Failure) [PSYoungGen: 472704K->96032K(508416K)] 1013936K->791376K(1906688K), 0.1631469 secs] [Times: user=0.96 sys=0.01, real=0.16 secs] 
6211.216: [GC (Allocation Failure) [PSYoungGen: 413984K->158208K(496640K)] 1109328K->944069K(1894912K), 0.0567687 secs] [Times: user=0.34 sys=0.00, real=0.06 secs] 
6215.438: [GC (Allocation Failure) [PSYoungGen: 465920K->86688K(503296K)] 1251781K->1030909K(1901568K), 0.1472484 secs] [Times: user=0.87 sys=0.00, real=0.14 secs] 
6216.192: [GC (Allocation Failure) [PSYoungGen: 394400K->153536K(495104K)] 1338621K->1177942K(1893376K), 0.0544766 secs] [Times: user=0.32 sys=0.00, real=0.06 secs] 
6218.103: [GC (Allocation Failure) [PSYoungGen: 453056K->90976K(499200K)] 1477462K->1268638K(1897472K), 0.0868711 secs] [Times: user=0.52 sys=0.00, real=0.09 secs] 
6218.442: [GC (Allocation Failure) [PSYoungGen: 390496K->148352K(496640K)] 1568158K->1411409K(1894912K), 0.0543364 secs] [Times: user=0.32 sys=0.00, real=0.06 secs] 
6218.497: [Full GC (Ergonomics) [PSYoungGen: 148352K->0K(496640K)] [ParOldGen: 1263057K->208647K(1398272K)] 1411409K->208647K(1894912K), [Metaspace: 59728K->59728K(1105920K)], 0.4860248 secs] [Times: user=2.26 sys=0.00, real=0.48 secs] 
6221.777: [GC (Allocation Failure) [PSYoungGen: 298496K->88576K(498688K)] 507143K->297223K(1896960K), 0.1622454 secs] [Times: user=0.97 sys=0.00, real=0.16 secs] 
6223.845: [GC (Allocation Failure) [PSYoungGen: 387072K->141248K(496640K)] 595719K->435096K(1894912K), 0.0480035 secs] [Times: user=0.28 sys=0.00, real=0.05 secs] 
6225.376: [GC (Allocation Failure) [PSYoungGen: 440768K->99296K(498176K)] 734616K->525776K(1896448K), 0.0889753 secs] [Times: user=0.53 sys=0.00, real=0.08 secs] 
6226.883: [GC (Allocation Failure) [PSYoungGen: 398816K->144960K(496640K)] 825296K->666377K(1894912K), 0.0481696 secs] [Times: user=0.29 sys=0.00, real=0.05 secs] 
6228.108: [GC (Allocation Failure) [PSYoungGen: 446528K->101760K(498176K)] 967945K->759261K(1896448K), 0.0818834 secs] [Times: user=0.49 sys=0.00, real=0.08 secs] 
6228.944: [GC (GCLocker Initiated GC) [PSYoungGen: 403328K->147232K(497664K)] 1060829K->902994K(1895936K), 0.0501298 secs] [Times: user=0.30 sys=0.00, real=0.05 secs] 
6230.426: [GC (Allocation Failure) [PSYoungGen: 451872K->100800K(500224K)] 1207637K->995229K(1898496K), 0.0640453 secs] [Times: user=0.38 sys=0.00, real=0.06 secs] 
6233.062: [GC (Allocation Failure) [PSYoungGen: 405440K->145216K(500224K)] 1299869K->1136114K(1898496K), 0.0498129 secs] [Times: user=0.29 sys=0.00, real=0.05 secs] 
6234.209: [GC (Allocation Failure) [PSYoungGen: 453440K->105920K(502272K)] 1444338K->1233086K(1900544K), 0.0638399 secs] [Times: user=0.38 sys=0.01, real=0.06 secs] 
6236.492: [GC (Allocation Failure) [PSYoungGen: 414144K->143552K(501248K)] 1541310K->1373259K(1899520K), 0.0519252 secs] [Times: user=0.31 sys=0.01, real=0.05 secs] 
6236.544: [Full GC (Ergonomics) [PSYoungGen: 143552K->0K(501248K)] [ParOldGen: 1229707K->179845K(1398272K)] 1373259K->179845K(1899520K), [Metaspace: 59728K->59728K(1105920K)], 0.4289436 secs] [Times: user=1.90 sys=0.00, real=0.43 secs] 
6238.470: [GC (Allocation Failure) [PSYoungGen: 311296K->106752K(502784K)] 491141K->286597K(1901056K), 0.0593741 secs] [Times: user=0.35 sys=0.00, real=0.06 secs] 
6240.334: [GC (Allocation Failure) [PSYoungGen: 418048K->146400K(502272K)] 597893K->430302K(1900544K), 0.0523704 secs] [Times: user=0.31 sys=0.00, real=0.06 secs] 
6241.815: [GC (Allocation Failure) [PSYoungGen: 461280K->110400K(504832K)] 745182K->531574K(1903104K), 0.0986005 secs] [Times: user=0.59 sys=0.00, real=0.10 secs] 
6243.454: [GC (Allocation Failure) [PSYoungGen: 425280K->149664K(503808K)] 846454K->675803K(1902080K), 0.0528959 secs] [Times: user=0.31 sys=0.00, real=0.06 secs] 
6245.518: [GC (GCLocker Initiated GC) [PSYoungGen: 467616K->108864K(507392K)] 993755K->775883K(1905664K), 0.0894256 secs] [Times: user=0.53 sys=0.01, real=0.09 secs] 
6247.397: [GC (Allocation Failure) [PSYoungGen: 426816K->140896K(509440K)] 1110222K->929347K(1907712K), 0.2311544 secs] [Times: user=1.38 sys=0.00, real=0.23 secs] 
6249.425: [GC (Allocation Failure) [PSYoungGen: 464480K->103168K(509440K)] 1252931K->1031631K(1907712K), 0.3703073 secs] [Times: user=2.22 sys=0.00, real=0.37 secs] 
6250.267: [GC (Allocation Failure) [PSYoungGen: 426752K->176704K(487424K)] 1355215K->1202003K(1885696K), 0.0597273 secs] [Times: user=0.35 sys=0.01, real=0.06 secs] 
6252.945: [GC (Allocation Failure) [PSYoungGen: 480320K->91872K(501248K)] 1505619K->1277027K(1899520K), 0.1647176 secs] [Times: user=0.98 sys=0.00, real=0.17 secs] 
6253.401: [GC (Allocation Failure) [PSYoungGen: 395488K->150400K(497664K)] 1580643K->1421792K(1895936K), 0.0547086 secs] [Times: user=0.32 sys=0.00, real=0.05 secs] 
6253.455: [Full GC (Ergonomics) [PSYoungGen: 150400K->0K(497664K)] [ParOldGen: 1271392K->220496K(1398272K)] 1421792K->220496K(1895936K), [Metaspace: 59728K->59728K(1105920K)], 0.5251338 secs] [Times: user=2.46 sys=0.00, real=0.53 secs] 
6256.592: [GC (Allocation Failure) [PSYoungGen: 300544K->89024K(499712K)] 521040K->309520K(1897984K), 0.1162624 secs] [Times: user=0.69 sys=0.01, real=0.12 secs] 
6257.117: [GC (Allocation Failure) [PSYoungGen: 389568K->150816K(495104K)] 610064K->454581K(1893376K), 0.0536624 secs] [Times: user=0.32 sys=0.00, real=0.05 secs] 
6259.565: [GC (Allocation Failure) [PSYoungGen: 447264K->86528K(497664K)] 751029K->541241K(1895936K), 0.1595086 secs] [Times: user=0.95 sys=0.00, real=0.16 secs] 
6260.502: [GC (Allocation Failure) [PSYoungGen: 371613K->138336K(493056K)] 826326K->673522K(1891328K), 0.0473874 secs] [Times: user=0.28 sys=0.01, real=0.05 secs] 
6262.210: [GC (Allocation Failure) [PSYoungGen: 435296K->98848K(495616K)] 970482K->763354K(1893888K), 0.1024115 secs] [Times: user=0.61 sys=0.00, real=0.10 secs] 
6263.480: [GC (Allocation Failure) [PSYoungGen: 395808K->143808K(499200K)] 1060314K->903135K(1897472K), 0.0486328 secs] [Times: user=0.28 sys=0.00, real=0.05 secs] 
6264.598: [GC (Allocation Failure) [PSYoungGen: 447424K->105344K(409088K)] 1206751K->999651K(1807360K), 0.0644607 secs] [Times: user=0.38 sys=0.00, real=0.06 secs] 
6266.389: [GC (Allocation Failure) [PSYoungGen: 408960K->143968K(497664K)] 1303267K->1139919K(1895936K), 0.0514993 secs] [Times: user=0.30 sys=0.00, real=0.05 secs] 
6267.580: [GC (Allocation Failure) [PSYoungGen: 449632K->104224K(499200K)] 1445583K->1235392K(1897472K), 0.0638048 secs] [Times: user=0.38 sys=0.00, real=0.06 secs] 
6268.623: [GC (Allocation Failure) [PSYoungGen: 409888K->149152K(500224K)] 1541056K->1381480K(1898496K), 0.0520636 secs] [Times: user=0.31 sys=0.00, real=0.05 secs] 
6268.675: [Full GC (Ergonomics) [PSYoungGen: 149152K->0K(500224K)] [ParOldGen: 1232328K->189104K(1398272K)] 1381480K->189104K(1898496K), [Metaspace: 59728K->59728K(1105920K)], 0.4554150 secs] [Times: user=2.11 sys=0.01, real=0.46 secs] 
6270.459: [GC (Allocation Failure) [PSYoungGen: 310272K->102624K(503296K)] 499376K->291728K(1901568K), 0.0436171 secs] [Times: user=0.26 sys=0.00, real=0.04 secs] 
6272.154: [GC (Allocation Failure) [PSYoungGen: 412896K->151328K(500736K)] 602000K->439025K(1899008K), 0.0502224 secs] [Times: user=0.30 sys=0.00, real=0.05 secs] 
6273.353: [GC (Allocation Failure) [PSYoungGen: 462112K->104064K(504832K)] 749809K->534549K(1903104K), 0.1007242 secs] [Times: user=0.60 sys=0.00, real=0.10 secs] 
6275.497: [GC (Allocation Failure) [PSYoungGen: 414848K->147168K(503808K)] 845333K->677894K(1902080K), 0.0505945 secs] [Times: user=0.29 sys=0.00, real=0.05 secs] 
6277.764: [GC (Allocation Failure) [PSYoungGen: 460000K->102976K(416256K)] 990726K->771502K(1814528K), 0.1228725 secs] [Times: user=0.73 sys=0.00, real=0.13 secs] 
6280.498: [GC (Allocation Failure) [PSYoungGen: 415808K->148224K(502272K)] 1084334K->916064K(1900544K), 0.0508073 secs] [Times: user=0.30 sys=0.01, real=0.05 secs] 
6282.708: [GC (Allocation Failure) [PSYoungGen: 460544K->103488K(504832K)] 1228384K->1010728K(1903104K), 0.1377127 secs] [Times: user=0.82 sys=0.00, real=0.14 secs] 
6284.914: [GC (Allocation Failure) [PSYoungGen: 415808K->148000K(504320K)] 1323048K->1154741K(1902592K), 0.0517129 secs] [Times: user=0.31 sys=0.00, real=0.05 secs] 
6286.394: [GC (Allocation Failure) [PSYoungGen: 462368K->107872K(422400K)] 1469109K->1253437K(1820672K), 0.0909523 secs] [Times: user=0.54 sys=0.00, real=0.09 secs] 
6287.294: [GC (Allocation Failure) [PSYoungGen: 417431K->148704K(503296K)] 1562996K->1397502K(1901568K), 0.0536751 secs] [Times: user=0.32 sys=0.00, real=0.06 secs] 
6287.348: [Full GC (Ergonomics) [PSYoungGen: 148704K->0K(503296K)] [ParOldGen: 1248798K->196089K(1398272K)] 1397502K->196089K(1901568K), [Metaspace: 59728K->59728K(1105920K)], 0.4668470 secs] [Times: user=2.15 sys=0.00, real=0.46 secs] 
6289.528: [GC (Allocation Failure) [PSYoungGen: 314368K->105216K(505856K)] 510457K->301305K(1904128K), 0.0698581 secs] [Times: user=0.41 sys=0.00, real=0.07 secs] 
6290.305: [GC (Allocation Failure) [PSYoungGen: 403957K->145664K(505344K)] 600046K->443110K(1903616K), 0.0497815 secs] [Times: user=0.29 sys=0.00, real=0.05 secs] 
6292.755: [GC (Allocation Failure) [PSYoungGen: 462592K->102432K(506880K)] 760038K->536958K(1905152K), 0.1661788 secs] [Times: user=0.99 sys=0.01, real=0.17 secs] 
6294.236: [GC (Allocation Failure) [PSYoungGen: 409272K->148960K(505856K)] 843798K->681382K(1904128K), 0.0499336 secs] [Times: user=0.30 sys=0.00, real=0.05 secs] 
6296.490: [GC (Allocation Failure) [PSYoungGen: 466912K->102240K(508416K)] 999334K->775023K(1906688K), 0.1698881 secs] [Times: user=1.00 sys=0.00, real=0.17 secs] 
6298.126: [GC (Allocation Failure) [PSYoungGen: 413172K->148320K(505344K)] 1085955K->919511K(1903616K), 0.0499278 secs] [Times: user=0.30 sys=0.00, real=0.05 secs] 
6300.427: [GC (Allocation Failure) [PSYoungGen: 465248K->107072K(424448K)] 1236439K->1018119K(1822720K), 0.1590397 secs] [Times: user=0.94 sys=0.00, real=0.16 secs] 
6302.205: [GC (Allocation Failure) [PSYoungGen: 408170K->144448K(506368K)] 1319218K->1157760K(1904640K), 0.0505514 secs] [Times: user=0.30 sys=0.01, real=0.06 secs] 
6304.297: [GC (Allocation Failure) [PSYoungGen: 462912K->107392K(507392K)] 1476224K->1256424K(1905664K), 0.1639412 secs] [Times: user=0.97 sys=0.00, real=0.16 secs] 
6305.591: [GC (Allocation Failure) [PSYoungGen: 412701K->143744K(506880K)] 1561734K->1396537K(1905152K), 0.0517533 secs] [Times: user=0.31 sys=0.00, real=0.05 secs] 
6305.643: [Full GC (Ergonomics) [PSYoungGen: 143744K->0K(506880K)] [ParOldGen: 1252793K->196286K(1398272K)] 1396537K->196286K(1905152K), [Metaspace: 59728K->59728K(1105920K)], 0.4685876 secs] [Times: user=2.17 sys=0.01, real=0.47 secs] 
6308.266: [GC (Allocation Failure) [PSYoungGen: 321024K->107520K(507904K)] 517310K->303806K(1906176K), 0.0840932 secs] [Times: user=0.50 sys=0.00, real=0.08 secs] 
6309.377: [GC (Allocation Failure) [PSYoungGen: 428544K->172896K(491008K)] 624830K->472288K(1889280K), 0.0519903 secs] [Times: user=0.30 sys=0.01, real=0.05 secs] 
6312.118: [GC (Allocation Failure) [PSYoungGen: 479584K->92480K(502784K)] 778976K->548288K(1901056K), 0.1548278 secs] [Times: user=0.92 sys=0.00, real=0.15 secs] 
6312.629: [GC (Allocation Failure) [PSYoungGen: 399168K->149824K(499200K)] 854976K->694183K(1897472K), 0.0537161 secs] [Times: user=0.32 sys=0.00, real=0.05 secs] 
6316.268: [GC (Allocation Failure) [PSYoungGen: 453440K->89472K(501248K)] 997799K->783355K(1899520K), 0.1711489 secs] [Times: user=1.02 sys=0.00, real=0.17 secs] 
6317.129: [GC (Allocation Failure) [PSYoungGen: 382595K->142624K(499712K)] 1076478K->921500K(1897984K), 0.0502654 secs] [Times: user=0.30 sys=0.00, real=0.05 secs] 
6318.829: [GC (Allocation Failure) [PSYoungGen: 446752K->103552K(408064K)] 1225628K->1016512K(1806336K), 0.0955547 secs] [Times: user=0.56 sys=0.00, real=0.09 secs] 
6319.903: [GC (Allocation Failure) [PSYoungGen: 407680K->147264K(498688K)] 1320640K->1159501K(1896960K), 0.0515073 secs] [Times: user=0.31 sys=0.00, real=0.05 secs] 
6321.896: [GC (Allocation Failure) [PSYoungGen: 452416K->100032K(500224K)] 1464653K->1250845K(1898496K), 0.1796766 secs] [Times: user=1.06 sys=0.01, real=0.18 secs] 
6323.316: [GC (Allocation Failure) [PSYoungGen: 405184K->147712K(501248K)] 1555997K->1394486K(1899520K), 0.0504132 secs] [Times: user=0.30 sys=0.00, real=0.06 secs] 
6323.366: [Full GC (Ergonomics) [PSYoungGen: 147712K->0K(501248K)] [ParOldGen: 1246774K->192595K(1398272K)] 1394486K->192595K(1899520K), [Metaspace: 59728K->59728K(1105920K)], 0.4640937 secs] [Times: user=2.16 sys=0.00, real=0.46 secs] 
6325.156: [GC (Allocation Failure) [PSYoungGen: 308224K->101088K(503296K)] 500819K->293683K(1901568K), 0.0468873 secs] [Times: user=0.28 sys=0.00, real=0.04 secs] 
6326.650: [GC (Allocation Failure) [PSYoungGen: 409312K->148000K(501248K)] 601907K->438244K(1899520K), 0.0497094 secs] [Times: user=0.30 sys=0.00, real=0.05 secs] 
6327.816: [GC (Allocation Failure) [PSYoungGen: 456736K->105344K(414208K)] 746980K->534676K(1812480K), 0.0651213 secs] [Times: user=0.38 sys=0.00, real=0.06 secs] 
6329.340: [GC (Allocation Failure) [PSYoungGen: 414080K->147360K(500736K)] 843412K->678697K(1899008K), 0.0507614 secs] [Times: user=0.30 sys=0.00, real=0.05 secs] 
6332.010: [GC (Allocation Failure) [PSYoungGen: 457120K->101472K(502784K)] 988457K->771217K(1901056K), 0.1107307 secs] [Times: user=0.66 sys=0.00, real=0.11 secs] 
6333.140: [GC (Allocation Failure) [PSYoungGen: 411232K->150336K(501248K)] 1080977K->917878K(1899520K), 0.0504209 secs] [Times: user=0.30 sys=0.00, real=0.05 secs] 
6335.676: [GC (Allocation Failure) [PSYoungGen: 461120K->102688K(504832K)] 1228662K->1011746K(1903104K), 0.0884577 secs] [Times: user=0.53 sys=0.00, real=0.08 secs] 
6337.663: [GC (Allocation Failure) [PSYoungGen: 413472K->148480K(502784K)] 1322530K->1156663K(1901056K), 0.0505209 secs] [Times: user=0.29 sys=0.00, real=0.05 secs] 
6339.545: [GC (Allocation Failure) [PSYoungGen: 460288K->106240K(418304K)] 1468471K->1253403K(1816576K), 0.1374016 secs] [Times: user=0.75 sys=0.00, real=0.14 secs] 
6340.341: [GC (Allocation Failure) [PSYoungGen: 413700K->147200K(503296K)] 1560863K->1396812K(1901568K), 0.0518630 secs] [Times: user=0.31 sys=0.00, real=0.05 secs] 
6340.393: [Full GC (Ergonomics) [PSYoungGen: 147200K->0K(503296K)] [ParOldGen: 1249612K->195692K(1398272K)] 1396812K->195692K(1901568K), [Metaspace: 59728K->59728K(1105920K)], 0.4696656 secs] [Times: user=2.19 sys=0.00, real=0.47 secs] 
6342.650: [GC (Allocation Failure) [PSYoungGen: 312832K->103424K(504832K)] 508524K->299116K(1903104K), 0.0845676 secs] [Times: user=0.50 sys=0.00, real=0.08 secs] 
6344.095: [GC (Allocation Failure) [PSYoungGen: 415976K->148128K(503296K)] 611669K->443045K(1901568K), 0.0495939 secs] [Times: user=0.29 sys=0.00, real=0.05 secs] 
6345.902: [GC (Allocation Failure) [PSYoungGen: 461984K->104928K(505856K)] 756901K->539141K(1904128K), 0.1254858 secs] [Times: user=0.74 sys=0.01, real=0.13 secs] 
6346.776: [GC (Allocation Failure) [PSYoungGen: 407957K->146400K(504320K)] 842170K->681113K(1902592K), 0.0497566 secs] [Times: user=0.30 sys=0.00, real=0.05 secs] 
6348.712: [GC (Allocation Failure) [PSYoungGen: 461792K->105888K(506368K)] 996505K->778490K(1904640K), 0.1576635 secs] [Times: user=0.93 sys=0.00, real=0.16 secs] 
6349.812: [GC (Allocation Failure) [PSYoungGen: 409005K->145248K(505344K)] 1081607K->920075K(1903616K), 0.0548401 secs] [Times: user=0.30 sys=0.00, real=0.06 secs] 
6353.203: [GC (Allocation Failure) [PSYoungGen: 462688K->103168K(506880K)] 1237515K->1014787K(1905152K), 0.1170459 secs] [Times: user=0.69 sys=0.01, real=0.12 secs] 
6354.082: [GC (Allocation Failure) [PSYoungGen: 409116K->148192K(505856K)] 1320736K->1159076K(1904128K), 0.0503826 secs] [Times: user=0.30 sys=0.00, real=0.05 secs] 
6356.069: [GC (GCLocker Initiated GC) [PSYoungGen: 467168K->105696K(508416K)] 1478053K->1256209K(1906688K), 0.1482332 secs] [Times: user=0.88 sys=0.00, real=0.15 secs] 
6356.962: [GC (Allocation Failure) [PSYoungGen: 424672K->155776K(501760K)] 1575187K->1408317K(1900032K), 0.0524007 secs] [Times: user=0.31 sys=0.00, real=0.05 secs] 
6357.014: [Full GC (Ergonomics) [PSYoungGen: 155776K->0K(501760K)] [ParOldGen: 1252541K->206502K(1398272K)] 1408317K->206502K(1900032K), [Metaspace: 59728K->59728K(1105920K)], 0.4827137 secs] [Times: user=2.24 sys=0.00, real=0.49 secs] 
6359.978: [GC (Allocation Failure) [PSYoungGen: 314880K->94208K(506880K)] 521382K->300710K(1905152K), 0.1416429 secs] [Times: user=0.74 sys=0.00, real=0.14 secs] 
6360.943: [GC (Allocation Failure) [PSYoungGen: 409088K->153952K(499200K)] 615590K->450291K(1897472K), 0.0546141 secs] [Times: user=0.33 sys=0.00, real=0.06 secs] 
6363.067: [GC (Allocation Failure) [PSYoungGen: 461664K->89376K(503296K)] 758003K->539371K(1901568K), 0.1514723 secs] [Times: user=0.90 sys=0.00, real=0.15 secs] 
6364.551: [GC (Allocation Failure) [PSYoungGen: 397088K->149216K(499200K)] 847083K->684243K(1897472K), 0.0537688 secs] [Times: user=0.32 sys=0.00, real=0.05 secs] 
6366.259: [GC (Allocation Failure) [PSYoungGen: 450575K->94048K(501248K)] 985602K->778060K(1899520K), 0.1035859 secs] [Times: user=0.61 sys=0.00, real=0.10 secs] 
6367.011: [GC (Allocation Failure) [PSYoungGen: 385072K->138688K(497664K)] 1069084K->913019K(1895936K), 0.0509673 secs] [Times: user=0.30 sys=0.00, real=0.05 secs] 
6368.747: [GC (Allocation Failure) [PSYoungGen: 443840K->101760K(499712K)] 1218171K->1005899K(1897984K), 0.0934806 secs] [Times: user=0.56 sys=0.00, real=0.09 secs] 
6369.912: [GC (Allocation Failure) [PSYoungGen: 406807K->148768K(500224K)] 1310946K->1150936K(1898496K), 0.0495102 secs] [Times: user=0.30 sys=0.00, real=0.05 secs] 
6372.086: [GC (Allocation Failure) [PSYoungGen: 457504K->101504K(503296K)] 1459672K->1243824K(1901568K), 0.1481168 secs] [Times: user=0.89 sys=0.00, real=0.14 secs] 
6373.555: [GC (Allocation Failure) [PSYoungGen: 410240K->149792K(501248K)] 1552560K->1389592K(1899520K), 0.0499843 secs] [Times: user=0.30 sys=0.00, real=0.05 secs] 
6373.605: [Full GC (Ergonomics) [PSYoungGen: 149792K->0K(501248K)] [ParOldGen: 1239800K->195823K(1398272K)] 1389592K->195823K(1899520K), [Metaspace: 59728K->59728K(1105920K)], 0.4635225 secs] [Times: user=2.14 sys=0.00, real=0.47 secs] 
6375.475: [GC (Allocation Failure) [PSYoungGen: 309760K->101024K(504320K)] 505583K->296847K(1902592K), 0.0366469 secs] [Times: user=0.21 sys=0.01, real=0.04 secs] 
6377.024: [GC (Allocation Failure) [PSYoungGen: 410784K->149696K(500736K)] 606607K->442040K(1899008K), 0.0482966 secs] [Times: user=0.29 sys=0.00, real=0.05 secs] 
6379.364: [GC (Allocation Failure) [PSYoungGen: 458432K->100800K(503808K)] 750776K->533920K(1902080K), 0.1494410 secs] [Times: user=0.88 sys=0.01, real=0.15 secs] 
6380.664: [GC (Allocation Failure) [PSYoungGen: 409536K->149856K(500736K)] 842656K->679184K(1899008K), 0.0501815 secs] [Times: user=0.27 sys=0.00, real=0.05 secs] 
6381.909: [GC (Allocation Failure) [PSYoungGen: 458592K->105088K(503808K)] 987920K->775364K(1902080K), 0.0726819 secs] [Times: user=0.43 sys=0.00, real=0.07 secs] 
6383.305: [GC (Allocation Failure) [PSYoungGen: 413824K->147968K(501760K)] 1084100K->919477K(1900032K), 0.0509837 secs] [Times: user=0.30 sys=0.00, real=0.06 secs] 
6384.870: [GC (Allocation Failure) [PSYoungGen: 457728K->104992K(503808K)] 1229237K->1015233K(1902080K), 0.0899792 secs] [Times: user=0.54 sys=0.00, real=0.09 secs] 
6386.528: [GC (Allocation Failure) [PSYoungGen: 414558K->146080K(502272K)] 1324799K->1157846K(1900544K), 0.0512303 secs] [Times: user=0.30 sys=0.00, real=0.05 secs] 
6388.540: [GC (Allocation Failure) [PSYoungGen: 457376K->103424K(503808K)] 1469142K->1253014K(1902080K), 0.0797878 secs] [Times: user=0.48 sys=0.00, real=0.08 secs] 
6389.682: [GC (Allocation Failure) [PSYoungGen: 411144K->147552K(502272K)] 1560735K->1396699K(1900544K), 0.0512854 secs] [Times: user=0.31 sys=0.00, real=0.05 secs] 
6389.733: [Full GC (Ergonomics) [PSYoungGen: 147552K->0K(502272K)] [ParOldGen: 1249147K->195641K(1398272K)] 1396699K->195641K(1900544K), [Metaspace: 59728K->59728K(1105920K)], 0.4702438 secs] [Times: user=2.18 sys=0.00, real=0.47 secs] 
6392.083: [GC (Allocation Failure) [PSYoungGen: 312832K->103456K(504832K)] 508473K->299097K(1903104K), 0.0731134 secs] [Times: user=0.43 sys=0.00, real=0.08 secs] 
6392.623: [GC (Allocation Failure) [PSYoungGen: 400203K->146624K(505344K)] 595845K->442406K(1903616K), 0.0492238 secs] [Times: user=0.29 sys=0.00, real=0.05 secs] 
6395.505: [GC (Allocation Failure) [PSYoungGen: 462528K->102688K(506880K)] 758310K->536958K(1905152K), 0.1606112 secs] [Times: user=0.96 sys=0.00, real=0.16 secs] 
6397.369: [GC (Allocation Failure) [PSYoungGen: 416781K->148864K(503808K)] 851052K->681755K(1902080K), 0.0495307 secs] [Times: user=0.30 sys=0.00, real=0.05 secs] 
6399.031: [GC (Allocation Failure) [PSYoungGen: 464256K->107488K(506880K)] 997147K->780803K(1905152K), 0.1595730 secs] [Times: user=0.94 sys=0.00, real=0.16 secs] 
6399.780: [GC (Allocation Failure) [PSYoungGen: 410615K->143712K(505856K)] 1083931K->920869K(1904128K), 0.0506133 secs] [Times: user=0.30 sys=0.00, real=0.05 secs] 
6402.308: [GC (GCLocker Initiated GC) [PSYoungGen: 461664K->108096K(506880K)] 1238821K->1019869K(1905152K), 0.1600425 secs] [Times: user=0.94 sys=0.00, real=0.16 secs] 
6402.926: [GC (Allocation Failure) [PSYoungGen: 426048K->170944K(491520K)] 1337823K->1186984K(1889792K), 0.0526851 secs] [Times: user=0.31 sys=0.01, real=0.05 secs] 
6405.167: [GC (Allocation Failure) [PSYoungGen: 476608K->92032K(502272K)] 1492648K->1261872K(1900544K), 0.1734833 secs] [Times: user=1.03 sys=0.01, real=0.17 secs] 
6406.083: [GC (Allocation Failure) [PSYoungGen: 382235K->140352K(499200K)] 1552076K->1398137K(1897472K), 0.0500487 secs] [Times: user=0.30 sys=0.00, real=0.05 secs] 
6406.133: [Full GC (Ergonomics) [PSYoungGen: 140352K->0K(499200K)] [ParOldGen: 1257785K->195622K(1398272K)] 1398137K->195622K(1897472K), [Metaspace: 59728K->59728K(1105920K)], 0.4746268 secs] [Times: user=2.22 sys=0.00, real=0.48 secs] 
6408.307: [GC (Allocation Failure) [PSYoungGen: 305664K->99968K(500736K)] 501286K->295590K(1899008K), 0.0492281 secs] [Times: user=0.29 sys=0.00, real=0.05 secs] 
6411.048: [GC (Allocation Failure) [PSYoungGen: 405632K->144352K(501760K)] 601254K->435443K(1900032K), 0.0481281 secs] [Times: user=0.29 sys=0.00, real=0.04 secs] 
6412.205: [GC (Allocation Failure) [PSYoungGen: 453600K->105824K(502784K)] 744691K->532139K(1901056K), 0.0640655 secs] [Times: user=0.38 sys=0.00, real=0.07 secs] 
6415.046: [GC (Allocation Failure) [PSYoungGen: 415072K->144480K(501760K)] 841387K->673032K(1900032K), 0.0511063 secs] [Times: user=0.31 sys=0.00, real=0.05 secs] 
6416.260: [GC (Allocation Failure) [PSYoungGen: 456288K->106272K(502784K)] 984840K->770064K(1901056K), 0.0674904 secs] [Times: user=0.40 sys=0.00, real=0.07 secs] 
6418.056: [GC (Allocation Failure) [PSYoungGen: 418080K->147520K(503296K)] 1081872K->914053K(1901568K), 0.0533945 secs] [Times: user=0.32 sys=0.00, real=0.06 secs] 
6419.998: [GC (Allocation Failure) [PSYoungGen: 462912K->107968K(505856K)] 1229445K->1013441K(1904128K), 0.0651317 secs] [Times: user=0.38 sys=0.00, real=0.06 secs] 
6421.341: [GC (Allocation Failure) [PSYoungGen: 420285K->148128K(504832K)] 1325758K->1158506K(1903104K), 0.0931520 secs] [Times: user=0.55 sys=0.00, real=0.09 secs] 
6424.237: [GC (Allocation Failure) [PSYoungGen: 466080K->108544K(507392K)] 1476458K->1258250K(1905664K), 0.0890374 secs] [Times: user=0.53 sys=0.00, real=0.09 secs] 
6424.649: [GC (Allocation Failure) [PSYoungGen: 426496K->153600K(503296K)] 1576202K->1408393K(1901568K), 0.0534092 secs] [Times: user=0.31 sys=0.00, real=0.05 secs] 
6424.702: [Full GC (Ergonomics) [PSYoungGen: 153600K->0K(503296K)] [ParOldGen: 1254793K->207587K(1398272K)] 1408393K->207587K(1901568K), [Metaspace: 59728K->59728K(1105920K)], 0.4849454 secs] [Times: user=2.25 sys=0.00, real=0.49 secs] 
6427.957: [GC (Allocation Failure) [PSYoungGen: 316928K->94912K(507904K)] 524515K->302499K(1906176K), 0.0605204 secs] [Times: user=0.35 sys=0.00, real=0.06 secs] 
6428.290: [GC (Allocation Failure) [PSYoungGen: 411840K->156224K(498176K)] 619427K->452884K(1896448K), 0.0550012 secs] [Times: user=0.32 sys=0.00, real=0.05 secs] 
6431.276: [GC (Allocation Failure) [PSYoungGen: 463936K->93248K(503296K)] 760596K->545468K(1901568K), 0.1576540 secs] [Times: user=0.93 sys=0.02, real=0.15 secs] 
6432.500: [GC (Allocation Failure) [PSYoungGen: 400960K->151552K(498176K)] 853180K->686584K(1896448K), 0.0529924 secs] [Times: user=0.31 sys=0.00, real=0.05 secs] 
6434.187: [GC (Allocation Failure) [PSYoungGen: 455168K->98080K(501248K)] 990200K->784437K(1899520K), 0.1512181 secs] [Times: user=0.90 sys=0.01, real=0.15 secs] 
6435.072: [GC (Allocation Failure) [PSYoungGen: 401696K->147840K(500224K)] 1088053K->921709K(1898496K), 0.0550936 secs] [Times: user=0.33 sys=0.00, real=0.06 secs] 
6437.417: [GC (Allocation Failure) [PSYoungGen: 452480K->96320K(401408K)] 1226349K->1017293K(1799680K), 0.1651112 secs] [Times: user=0.98 sys=0.01, real=0.16 secs] 
6438.143: [GC (Allocation Failure) [PSYoungGen: 400960K->150400K(497664K)] 1321933K->1161958K(1895936K), 0.0557022 secs] [Times: user=0.33 sys=0.00, real=0.06 secs] 
6440.864: [GC (Allocation Failure) [PSYoungGen: 452992K->90848K(500736K)] 1464550K->1252146K(1899008K), 0.1530557 secs] [Times: user=0.91 sys=0.00, real=0.16 secs] 
6441.476: [GC (Allocation Failure) [PSYoungGen: 383199K->139648K(496640K)] 1544498K->1387966K(1894912K), 0.0505661 secs] [Times: user=0.30 sys=0.00, real=0.06 secs] 
6441.526: [Full GC (Ergonomics) [PSYoungGen: 139648K->0K(496640K)] [ParOldGen: 1248318K->195592K(1398272K)] 1387966K->195592K(1894912K), [Metaspace: 59728K->59728K(1105920K)], 0.4771585 secs] [Times: user=2.23 sys=0.00, real=0.47 secs] 
6443.614: [GC (Allocation Failure) [PSYoungGen: 303616K->99392K(499200K)] 499208K->294984K(1897472K), 0.0802330 secs] [Times: user=0.48 sys=0.00, real=0.08 secs] 
6445.256: [GC (Allocation Failure) [PSYoungGen: 403008K->147456K(501248K)] 598600K->437801K(1899520K), 0.0477992 secs] [Times: user=0.28 sys=0.00, real=0.05 secs] 
6447.734: [GC (Allocation Failure) [PSYoungGen: 455680K->102208K(410624K)] 746025K->531001K(1808896K), 0.0882497 secs] [Times: user=0.53 sys=0.00, real=0.09 secs] 
6448.902: [GC (Allocation Failure) [PSYoungGen: 410432K->155776K(495616K)] 839225K->683067K(1893888K), 0.0515524 secs] [Times: user=0.30 sys=0.00, real=0.05 secs] 
6451.422: [GC (Allocation Failure) [PSYoungGen: 459392K->102272K(501248K)] 986683K->767787K(1899520K), 0.0646593 secs] [Times: user=0.38 sys=0.00, real=0.07 secs] 
6452.952: [GC (Allocation Failure) [PSYoungGen: 405888K->145632K(501248K)] 1071403K->909968K(1899520K), 0.0507340 secs] [Times: user=0.30 sys=0.00, real=0.05 secs] 
6454.248: [GC (Allocation Failure) [PSYoungGen: 452832K->104640K(412160K)] 1217168K->1005944K(1810432K), 0.0816492 secs] [Times: user=0.49 sys=0.00, real=0.08 secs] 
6455.943: [GC (Allocation Failure) [PSYoungGen: 411840K->144128K(500224K)] 1313144K->1146405K(1898496K), 0.0523991 secs] [Times: user=0.31 sys=0.00, real=0.05 secs] 
6457.099: [GC (Allocation Failure) [PSYoungGen: 452352K->107648K(501248K)] 1454629K->1244501K(1899520K), 0.0647098 secs] [Times: user=0.38 sys=0.00, real=0.06 secs] 
6458.499: [GC (Allocation Failure) [PSYoungGen: 415872K->148320K(500736K)] 1552725K->1389601K(1899008K), 0.0532565 secs] [Times: user=0.32 sys=0.00, real=0.05 secs] 
6458.552: [Full GC (Ergonomics) [PSYoungGen: 148320K->0K(500736K)] [ParOldGen: 1241281K->188914K(1398272K)] 1389601K->188914K(1899008K), [Metaspace: 59728K->59728K(1105920K)], 0.4483919 secs] [Times: user=2.08 sys=0.00, real=0.45 secs] 
6461.168: [GC (Allocation Failure) [PSYoungGen: 311296K->101792K(503296K)] 500210K->290706K(1901568K), 0.0314863 secs] [Times: user=0.18 sys=0.00, real=0.03 secs] 
6462.613: [GC (Allocation Failure) [PSYoungGen: 413088K->150080K(503296K)] 602002K->437519K(1901568K), 0.0500491 secs] [Times: user=0.30 sys=0.00, real=0.05 secs] 
6465.599: [GC (Allocation Failure) [PSYoungGen: 463936K->106848K(506368K)] 751375K->535819K(1904640K), 0.0656190 secs] [Times: user=0.38 sys=0.00, real=0.06 secs] 
6467.140: [GC (Allocation Failure) [PSYoungGen: 420704K->149408K(503808K)] 849675K->679684K(1902080K), 0.0514314 secs] [Times: user=0.31 sys=0.00, real=0.05 secs] 
6471.117: [GC (Allocation Failure) [PSYoungGen: 463776K->99968K(506368K)] 994052K->770812K(1904640K), 0.1270249 secs] [Times: user=0.76 sys=0.00, real=0.12 secs] 
6473.361: [GC (Allocation Failure) [PSYoungGen: 414336K->151744K(500736K)] 1085180K->918352K(1899008K), 0.0494633 secs] [Times: user=0.30 sys=0.00, real=0.05 secs] 
6475.094: [GC (Allocation Failure) [PSYoungGen: 462528K->103104K(504832K)] 1229136K->1012376K(1903104K), 0.1685840 secs] [Times: user=1.00 sys=0.00, real=0.17 secs] 
6477.101: [GC (Allocation Failure) [PSYoungGen: 413888K->149920K(501760K)] 1323160K->1158614K(1900032K), 0.0506332 secs] [Times: user=0.30 sys=0.00, real=0.05 secs] 
6479.683: [GC (Allocation Failure) [PSYoungGen: 460704K->98080K(504832K)] 1469398K->1248062K(1903104K), 0.0845767 secs] [Times: user=0.49 sys=0.01, real=0.09 secs] 
6482.003: [GC (Allocation Failure) [PSYoungGen: 408864K->150720K(500736K)] 1558846K->1394483K(1899008K), 0.0494523 secs] [Times: user=0.30 sys=0.00, real=0.05 secs] 
6482.052: [Full GC (Ergonomics) [PSYoungGen: 150720K->0K(500736K)] [ParOldGen: 1243763K->193242K(1398272K)] 1394483K->193242K(1899008K), [Metaspace: 59728K->59728K(1105920K)], 0.4645514 secs] [Times: user=2.16 sys=0.00, real=0.47 secs] 
6483.763: [GC (Allocation Failure) [PSYoungGen: 308736K->100192K(503808K)] 501978K->293434K(1902080K), 0.0438247 secs] [Times: user=0.26 sys=0.00, real=0.05 secs] 
6485.596: [GC (Allocation Failure) [PSYoungGen: 408928K->149632K(500736K)] 602170K->439563K(1899008K), 0.0492546 secs] [Times: user=0.29 sys=0.01, real=0.04 secs] 
6487.176: [GC (Allocation Failure) [PSYoungGen: 457344K->103008K(411136K)] 747275K->533891K(1809408K), 0.0817654 secs] [Times: user=0.49 sys=0.00, real=0.08 secs] 
6489.454: [GC (Allocation Failure) [PSYoungGen: 410720K->145760K(501248K)] 841603K->675400K(1899520K), 0.0495212 secs] [Times: user=0.30 sys=0.00, real=0.05 secs] 
6490.902: [GC (Allocation Failure) [PSYoungGen: 454496K->104800K(502784K)] 984136K->771432K(1901056K), 0.1117044 secs] [Times: user=0.66 sys=0.00, real=0.11 secs] 
6493.065: [GC (Allocation Failure) [PSYoungGen: 413536K->150304K(500736K)] 1080168K->917793K(1899008K), 0.0510983 secs] [Times: user=0.31 sys=0.00, real=0.05 secs] 
6494.585: [GC (Allocation Failure) [PSYoungGen: 460064K->102464K(503296K)] 1227553K->1011693K(1901568K), 0.0982592 secs] [Times: user=0.59 sys=0.00, real=0.10 secs] 
6496.741: [GC (Allocation Failure) [PSYoungGen: 412224K->148448K(503296K)] 1321453K->1155977K(1901568K), 0.0500586 secs] [Times: user=0.29 sys=0.00, real=0.05 secs] 
6497.981: [GC (Allocation Failure) [PSYoungGen: 460256K->105280K(417280K)] 1467785K->1251929K(1815552K), 0.0662077 secs] [Times: user=0.39 sys=0.00, real=0.07 secs] 
6499.841: [GC (Allocation Failure) [PSYoungGen: 417088K->148672K(501760K)] 1563737K->1396790K(1900032K), 0.0514082 secs] [Times: user=0.30 sys=0.00, real=0.05 secs] 
6499.893: [Full GC (Ergonomics) [PSYoungGen: 148672K->0K(501760K)] [ParOldGen: 1248118K->196120K(1398272K)] 1396790K->196120K(1900032K), [Metaspace: 59728K->59728K(1105920K)], 0.4652652 secs] [Times: user=2.16 sys=0.00, real=0.47 secs] 
6501.997: [GC (Allocation Failure) [PSYoungGen: 311296K->104672K(504320K)] 507416K->300792K(1902592K), 0.0501538 secs] [Times: user=0.30 sys=0.00, real=0.05 secs] 
6503.295: [GC (Allocation Failure) [PSYoungGen: 413941K->146848K(503296K)] 610062K->443789K(1901568K), 0.0497847 secs] [Times: user=0.29 sys=0.00, real=0.05 secs] 
6505.655: [GC (Allocation Failure) [PSYoungGen: 460192K->103808K(505344K)] 757133K->538873K(1903616K), 0.1659024 secs] [Times: user=0.99 sys=0.00, real=0.17 secs] 
6507.904: [GC (Allocation Failure) [PSYoungGen: 417152K->147072K(504832K)] 852217K->682590K(1903104K), 0.0497170 secs] [Times: user=0.29 sys=0.00, real=0.05 secs] 
6509.091: [GC (Allocation Failure) [PSYoungGen: 462464K->106464K(506368K)] 997982K->780670K(1904640K), 0.0902951 secs] [Times: user=0.53 sys=0.01, real=0.09 secs] 
6510.973: [GC (Allocation Failure) [PSYoungGen: 416379K->145408K(505856K)] 1090586K->921795K(1904128K), 0.0504662 secs] [Times: user=0.30 sys=0.00, real=0.05 secs] 
6512.967: [GC (Allocation Failure) [PSYoungGen: 462848K->106272K(506880K)] 1239235K->1018707K(1905152K), 0.1720978 secs] [Times: user=1.01 sys=0.00, real=0.17 secs] 
6513.785: [GC (Allocation Failure) [PSYoungGen: 408482K->144864K(506880K)] 1320917K->1159792K(1905152K), 0.0499368 secs] [Times: user=0.29 sys=0.00, real=0.05 secs] 
6516.023: [GC (Allocation Failure) [PSYoungGen: 464864K->108704K(507904K)] 1479792K->1259420K(1906176K), 0.1539724 secs] [Times: user=0.91 sys=0.01, real=0.16 secs] 
6516.807: [GC (Allocation Failure) [PSYoungGen: 428704K->154624K(503808K)] 1579420K->1410116K(1902080K), 0.0535786 secs] [Times: user=0.32 sys=0.00, real=0.05 secs] 
6516.860: [Full GC (Ergonomics) [PSYoungGen: 154624K->0K(503808K)] [ParOldGen: 1255492K->208285K(1398272K)] 1410116K->208285K(1902080K), [Metaspace: 59728K->59728K(1105920K)], 0.4718605 secs] [Times: user=2.18 sys=0.00, real=0.47 secs] 
6519.311: [GC (Allocation Failure) [PSYoungGen: 318976K->100128K(508928K)] 527261K->308413K(1907200K), 0.1168526 secs] [Times: user=0.69 sys=0.01, real=0.12 secs] 
6520.056: [GC (Allocation Failure) [PSYoungGen: 419104K->156352K(500224K)] 627389K->458538K(1898496K), 0.0562821 secs] [Times: user=0.33 sys=0.01, real=0.06 secs] 
6522.090: [GC (Allocation Failure) [PSYoungGen: 468160K->98464K(505344K)] 770346K->556390K(1903616K), 0.0671049 secs] [Times: user=0.40 sys=0.00, real=0.07 secs] 
6522.438: [GC (Allocation Failure) [PSYoungGen: 410272K->154304K(498176K)] 868198K->704888K(1896448K), 0.0569208 secs] [Times: user=0.34 sys=0.00, real=0.05 secs] 
6525.191: [GC (Allocation Failure) [PSYoungGen: 459968K->91424K(502272K)] 1010552K->796248K(1900544K), 0.1462527 secs] [Times: user=0.87 sys=0.00, real=0.15 secs] 
6525.604: [GC (Allocation Failure) [PSYoungGen: 397088K->153440K(496128K)] 1101912K->943705K(1894400K), 0.0553933 secs] [Times: user=0.33 sys=0.00, real=0.06 secs] 
6528.961: [GC (Allocation Failure) [PSYoungGen: 453984K->86176K(499712K)] 1244249K->1030025K(1897984K), 0.1315888 secs] [Times: user=0.78 sys=0.00, real=0.13 secs] 
6529.349: [GC (Allocation Failure) [PSYoungGen: 386720K->150848K(494592K)] 1330569K->1174974K(1892864K), 0.0550396 secs] [Times: user=0.33 sys=0.00, real=0.05 secs] 
6532.172: [GC (Allocation Failure) [PSYoungGen: 446272K->84512K(497152K)] 1470398K->1259574K(1895424K), 0.1697546 secs] [Times: user=1.01 sys=0.00, real=0.17 secs] 
6533.229: [GC (Allocation Failure) [PSYoungGen: 379936K->146272K(495616K)] 1554998K->1400151K(1893888K), 0.0514391 secs] [Times: user=0.30 sys=0.00, real=0.05 secs] 
6533.280: [Full GC (Ergonomics) [PSYoungGen: 146272K->0K(495616K)] [ParOldGen: 1253879K->206698K(1398272K)] 1400151K->206698K(1893888K), [Metaspace: 59728K->59728K(1105920K)], 0.4814880 secs] [Times: user=2.24 sys=0.00, real=0.48 secs] 
6535.998: [GC (Allocation Failure) [PSYoungGen: 294400K->84032K(496640K)] 501098K->290730K(1894912K), 0.1475521 secs] [Times: user=0.88 sys=0.00, real=0.15 secs] 
6537.879: [GC (Allocation Failure) [PSYoungGen: 378432K->143744K(496128K)] 585130K->429623K(1894400K), 0.0461548 secs] [Times: user=0.28 sys=0.01, real=0.04 secs] 
6539.204: [GC (Allocation Failure) [PSYoungGen: 438144K->98656K(393216K)] 724023K->519555K(1791488K), 0.0766409 secs] [Times: user=0.45 sys=0.00, real=0.08 secs] 
6541.736: [GC (Allocation Failure) [PSYoungGen: 393056K->149888K(489984K)] 813955K->663104K(1888256K), 0.0483838 secs] [Times: user=0.29 sys=0.00, real=0.04 secs] 
6542.967: [GC (Allocation Failure) [PSYoungGen: 441728K->97536K(493056K)] 954944K->743560K(1891328K), 0.0622309 secs] [Times: user=0.37 sys=0.00, real=0.06 secs] 
6545.178: [GC (Allocation Failure) [PSYoungGen: 389376K->134240K(492544K)] 1035400K->874925K(1890816K), 0.0494776 secs] [Times: user=0.29 sys=0.00, real=0.05 secs] 
6546.379: [GC (Allocation Failure) [PSYoungGen: 433760K->104960K(495104K)] 1174445K->970477K(1893376K), 0.0631014 secs] [Times: user=0.38 sys=0.00, real=0.06 secs] 
6546.984: [GC (Allocation Failure) [PSYoungGen: 404480K->136896K(502272K)] 1269997K->1105817K(1900544K), 0.0602988 secs] [Times: user=0.36 sys=0.00, real=0.06 secs] 
6548.256: [GC (Allocation Failure) [PSYoungGen: 448192K->111520K(501248K)] 1417113K->1208114K(1899520K), 0.0647900 secs] [Times: user=0.39 sys=0.00, real=0.06 secs] 
6548.845: [GC (Allocation Failure) [PSYoungGen: 422816K->140192K(501760K)] 1519410K->1346926K(1900032K), 0.0800496 secs] [Times: user=0.47 sys=0.00, real=0.08 secs] 
Heap
 PSYoungGen      total 501760K, used 441784K [0x00000000d5580000, 0x00000000ffd00000, 0x0000000100000000)
  eden space 316928K