1.072: [GC (Allocation Failure) [PSYoungGen: 128000K->12867K(148992K)] 128000K->12955K(488960K), 0.1448878 secs] [Times: user=0.01 sys=0.00, real=0.15 secs] 
1.349: [GC (Metadata GC Threshold) [PSYoungGen: 49637K->6016K(148992K)] 49725K->6112K(488960K), 0.0036434 secs] [Times: user=0.02 sys=0.00, real=0.00 secs] 
1.353: [Full GC (Metadata GC Threshold) [PSYoungGen: 6016K->0K(148992K)] [ParOldGen: 96K->5927K(206336K)] 6112K->5927K(355328K), [Metaspace: 20460K->20460K(1067008K)], 0.0173563 secs] [Times: user=0.04 sys=0.00, real=0.02 secs] 
1.909: [GC (Allocation Failure) [PSYoungGen: 128000K->10403K(148992K)] 133927K->16338K(355328K), 0.0044624 secs] [Times: user=0.02 sys=0.00, real=0.00 secs] 
3.582: [GC (Metadata GC Threshold) [PSYoungGen: 37494K->4616K(188928K)] 43429K->10559K(395264K), 0.0027473 secs] [Times: user=0.01 sys=0.00, real=0.01 secs] 
3.585: [Full GC (Metadata GC Threshold) [PSYoungGen: 4616K->0K(188928K)] [ParOldGen: 5943K->8807K(329216K)] 10559K->8807K(518144K), [Metaspace: 33741K->33741K(1079296K)], 0.0204036 secs] [Times: user=0.06 sys=0.00, real=0.02 secs] 
4.997: [GC (Allocation Failure) [PSYoungGen: 175104K->18114K(196096K)] 183911K->26929K(525312K), 0.0064259 secs] [Times: user=0.02 sys=0.00, real=0.01 secs] 
6.495: [GC (Allocation Failure) [PSYoungGen: 193218K->13485K(261120K)] 202033K->96036K(590336K), 0.0108458 secs] [Times: user=0.05 sys=0.00, real=0.01 secs] 
7.069: [GC (Allocation Failure) [PSYoungGen: 233945K->4487K(261632K)] 316497K->185350K(590848K), 0.0112208 secs] [Times: user=0.06 sys=0.00, real=0.01 secs] 
7.775: [GC (Allocation Failure) [PSYoungGen: 245639K->4792K(376832K)] 426502K->283967K(706048K), 0.0112897 secs] [Times: user=0.06 sys=0.01, real=0.01 secs] 
7.787: [Full GC (Ergonomics) [PSYoungGen: 4792K->0K(376832K)] [ParOldGen: 279175K->208931K(736768K)] 283967K->208931K(1113600K), [Metaspace: 52522K->52522K(1097728K)], 0.0694029 secs] [Times: user=0.27 sys=0.02, real=0.07 secs] 
9.595: [GC (Allocation Failure) [PSYoungGen: 356352K->18829K(376832K)] 565283K->244152K(1113600K), 0.0056087 secs] [Times: user=0.02 sys=0.01, real=0.00 secs] 
11.110: [GC (Allocation Failure) [PSYoungGen: 375181K->2205K(445952K)] 600504K->227529K(1182720K), 0.0024378 secs] [Times: user=0.01 sys=0.00, real=0.00 secs] 
13.602: [GC (Allocation Failure) [PSYoungGen: 437405K->2141K(458240K)] 662729K->227465K(1195008K), 0.0017897 secs] [Times: user=0.01 sys=0.00, real=0.00 secs] 
16.487: [GC (Allocation Failure) [PSYoungGen: 437341K->2488K(513024K)] 662665K->227812K(1249792K), 0.0023896 secs] [Times: user=0.01 sys=0.00, real=0.00 secs] 
20.317: [GC (Allocation Failure) [PSYoungGen: 506296K->2448K(526336K)] 731620K->227771K(1263104K), 0.0032916 secs] [Times: user=0.01 sys=0.00, real=0.00 secs] 
23.673: [GC (Allocation Failure) [PSYoungGen: 506256K->2384K(572928K)] 731579K->227707K(1309696K), 0.0039857 secs] [Times: user=0.01 sys=0.01, real=0.01 secs] 
27.875: [GC (Allocation Failure) [PSYoungGen: 563536K->2416K(582656K)] 788859K->227747K(1319424K), 0.0029457 secs] [Times: user=0.01 sys=0.00, real=0.00 secs] 
30.447: [GC (Allocation Failure) [PSYoungGen: 563568K->2384K(622592K)] 788899K->227715K(1359360K), 0.0028949 secs] [Times: user=0.01 sys=0.00, real=0.00 secs] 
34.589: [GC (Allocation Failure) [PSYoungGen: 611152K->2416K(629248K)] 836483K->227747K(1366016K), 0.0028263 secs] [Times: user=0.01 sys=0.00, real=0.00 secs] 
39.086: [GC (Allocation Failure) [PSYoungGen: 611184K->2416K(652288K)] 836515K->227747K(1389056K), 0.0053854 secs] [Times: user=0.01 sys=0.01, real=0.00 secs] 
43.366: [GC (Allocation Failure) [PSYoungGen: 638320K->2493K(654848K)] 863651K->227825K(1391616K), 0.0023098 secs] [Times: user=0.01 sys=0.00, real=0.00 secs] 
45.238: [GC (Allocation Failure) [PSYoungGen: 638397K->2525K(677888K)] 863729K->227857K(1414656K), 0.0027151 secs] [Times: user=0.01 sys=0.01, real=0.00 secs] 
49.292: [GC (Allocation Failure) [PSYoungGen: 663005K->2541K(643072K)] 888337K->227881K(1379840K), 0.0022988 secs] [Times: user=0.00 sys=0.00, real=0.01 secs] 
52.348: [GC (Allocation Failure) [PSYoungGen: 643053K->10560K(632320K)] 868393K->244099K(1369088K), 0.0045211 secs] [Times: user=0.01 sys=0.01, real=0.00 secs] 
57.170: [GC (Allocation Failure) [PSYoungGen: 632128K->2416K(605696K)] 865667K->235963K(1342464K), 0.0028447 secs] [Times: user=0.01 sys=0.00, real=0.00 secs] 
62.014: [GC (Allocation Failure) [PSYoungGen: 605552K->1824K(587776K)] 839099K->235973K(1324544K), 0.0039113 secs] [Times: user=0.01 sys=0.00, real=0.00 secs] 
64.467: [GC (Allocation Failure) [PSYoungGen: 587552K->1792K(570880K)] 821701K->235973K(1307648K), 0.0026947 secs] [Times: user=0.01 sys=0.00, real=0.00 secs] 
67.376: [GC (Allocation Failure) [PSYoungGen: 570624K->1824K(555008K)] 804805K->236053K(1291776K), 0.0025757 secs] [Times: user=0.01 sys=0.00, real=0.00 secs] 
69.738: [GC (Allocation Failure) [PSYoungGen: 554784K->1744K(539648K)] 789013K->236158K(1276416K), 0.0025965 secs] [Times: user=0.01 sys=0.00, real=0.00 secs] 
72.065: [GC (Allocation Failure) [PSYoungGen: 539344K->1728K(524800K)] 773758K->236190K(1261568K), 0.0024604 secs] [Times: user=0.01 sys=0.00, real=0.00 secs] 
76.016: [GC (Allocation Failure) [PSYoungGen: 524480K->1696K(510464K)] 758942K->236206K(1247232K), 0.0030493 secs] [Times: user=0.01 sys=0.00, real=0.00 secs] 
79.684: [GC (Allocation Failure) [PSYoungGen: 510112K->1680K(496640K)] 744622K->236214K(1233408K), 0.0046818 secs] [Times: user=0.01 sys=0.00, real=0.00 secs] 
82.431: [GC (Allocation Failure) [PSYoungGen: 496272K->1664K(483328K)] 730806K->236246K(1220096K), 0.0035093 secs] [Times: user=0.01 sys=0.00, real=0.01 secs] 
84.701: [GC (Allocation Failure) [PSYoungGen: 482944K->1680K(470528K)] 717526K->236302K(1207296K), 0.0023153 secs] [Times: user=0.01 sys=0.00, real=0.00 secs] 
86.889: [GC (Allocation Failure) [PSYoungGen: 470160K->3728K(460288K)] 704782K->238390K(1197056K), 0.0021980 secs] [Times: user=0.00 sys=0.00, real=0.00 secs] 
88.455: [GC (Allocation Failure) [PSYoungGen: 459920K->1677K(446464K)] 694582K->236347K(1183232K), 0.0016859 secs] [Times: user=0.01 sys=0.00, real=0.00 secs] 
92.375: [GC (Allocation Failure) [PSYoungGen: 446093K->1613K(435200K)] 680763K->236323K(1171968K), 0.0016475 secs] [Times: user=0.01 sys=0.00, real=0.00 secs] 
96.263: [GC (Allocation Failure) [PSYoungGen: 434765K->1648K(424448K)] 669475K->236366K(1161216K), 0.0027372 secs] [Times: user=0.01 sys=0.01, real=0.01 secs] 
98.589: [GC (Allocation Failure) [PSYoungGen: 424048K->1664K(414208K)] 658766K->236430K(1150976K), 0.0035822 secs] [Times: user=0.01 sys=0.00, real=0.00 secs] 
101.030: [GC (Allocation Failure) [PSYoungGen: 413824K->3744K(406528K)] 648590K->238574K(1143296K), 0.0022985 secs] [Times: user=0.01 sys=0.00, real=0.00 secs] 
102.991: [GC (Allocation Failure) [PSYoungGen: 406176K->1597K(394752K)] 641006K->236443K(1131520K), 0.0015452 secs] [Times: user=0.01 sys=0.01, real=0.00 secs] 
105.677: [GC (Allocation Failure) [PSYoungGen: 394301K->1536K(385536K)] 629147K->236382K(1122304K), 0.0027859 secs] [Times: user=0.01 sys=0.00, real=0.00 secs] 
107.077: [GC (Allocation Failure) [PSYoungGen: 385024K->1632K(376832K)] 619870K->236486K(1113600K), 0.0022235 secs] [Times: user=0.01 sys=0.00, real=0.00 secs] 
108.248: [GC (Allocation Failure) [PSYoungGen: 376416K->1632K(368128K)] 611270K->236502K(1104896K), 0.0016005 secs] [Times: user=0.01 sys=0.00, real=0.00 secs] 
110.942: [GC (Allocation Failure) [PSYoungGen: 367712K->1565K(359936K)] 602582K->236459K(1096704K), 0.0020703 secs] [Times: user=0.01 sys=0.00, real=0.00 secs] 
112.288: [GC (Allocation Failure) [PSYoungGen: 359453K->1632K(351744K)] 594347K->236542K(1088512K), 0.0024827 secs] [Times: user=0.01 sys=0.00, real=0.00 secs] 
114.036: [GC (Allocation Failure) [PSYoungGen: 351328K->1568K(344064K)] 586238K->236502K(1080832K), 0.0016999 secs] [Times: user=0.01 sys=0.00, real=0.00 secs] 
116.281: [GC (Allocation Failure) [PSYoungGen: 343584K->1520K(336384K)] 578518K->236470K(1073152K), 0.0031455 secs] [Times: user=0.01 sys=0.00, real=0.00 secs] 
117.496: [GC (Allocation Failure) [PSYoungGen: 336368K->5760K(333824K)] 571318K->244846K(1070592K), 0.0024960 secs] [Times: user=0.01 sys=0.00, real=0.00 secs] 
118.703: [GC (Allocation Failure) [PSYoungGen: 333440K->1533K(322560K)] 572526K->240635K(1059328K), 0.0016002 secs] [Times: user=0.00 sys=0.00, real=0.01 secs] 
120.951: [GC (Allocation Failure) [PSYoungGen: 322557K->1504K(315904K)] 561659K->240614K(1052672K), 0.0027598 secs] [Times: user=0.01 sys=0.00, real=0.01 secs] 
123.359: [GC (Allocation Failure) [PSYoungGen: 315872K->1632K(309760K)] 554982K->240750K(1046528K), 0.0019661 secs] [Times: user=0.00 sys=0.00, real=0.00 secs] 
127.272: [GC (Allocation Failure) [PSYoungGen: 309344K->1488K(303104K)] 548462K->240622K(1039872K), 0.0046736 secs] [Times: user=0.02 sys=0.00, real=0.01 secs] 
128.573: [GC (Allocation Failure) [PSYoungGen: 303056K->1709K(297472K)] 542190K->240859K(1034240K), 0.0017000 secs] [Times: user=0.01 sys=0.00, real=0.01 secs] 
129.869: [GC (Allocation Failure) [PSYoungGen: 297133K->1488K(291328K)] 536283K->240654K(1028096K), 0.0020781 secs] [Times: user=0.01 sys=0.00, real=0.00 secs] 
130.502: [GC (Allocation Failure) [PSYoungGen: 291280K->3712K(288256K)] 530446K->242878K(1025024K), 0.0019034 secs] [Times: user=0.01 sys=0.01, real=0.01 secs] 
131.865: [GC (Allocation Failure) [PSYoungGen: 287872K->1565K(280576K)] 527038K->240747K(1017344K), 0.0031777 secs] [Times: user=0.01 sys=0.00, real=0.00 secs] 
132.696: [GC (Allocation Failure) [PSYoungGen: 280093K->3680K(277504K)] 519275K->242870K(1014272K), 0.0035003 secs] [Times: user=0.01 sys=0.00, real=0.00 secs] 
137.424: [GC (Allocation Failure) [PSYoungGen: 277088K->1533K(269824K)] 516278K->240739K(1006592K), 0.0027278 secs] [Times: user=0.01 sys=0.00, real=0.01 secs] 
138.904: [GC (Allocation Failure) [PSYoungGen: 269821K->3664K(267264K)] 509027K->242878K(1004032K), 0.0019892 secs] [Times: user=0.00 sys=0.00, real=0.00 secs] 
142.912: [GC (Allocation Failure) [PSYoungGen: 266832K->1533K(260096K)] 506046K->240747K(996864K), 0.0021744 secs] [Times: user=0.01 sys=0.00, real=0.01 secs] 
143.406: [GC (Allocation Failure) [PSYoungGen: 260093K->1664K(256000K)] 499307K->240894K(992768K), 0.0018800 secs] [Times: user=0.01 sys=0.00, real=0.00 secs] 
146.723: [GC (Allocation Failure) [PSYoungGen: 255616K->1440K(250880K)] 494846K->240678K(987648K), 0.0029095 secs] [Times: user=0.01 sys=0.00, real=0.01 secs] 
147.659: [GC (Allocation Failure) [PSYoungGen: 250784K->1693K(246784K)] 490022K->240947K(983552K), 0.0016740 secs] [Times: user=0.00 sys=0.00, real=0.00 secs] 
150.379: [GC (Allocation Failure) [PSYoungGen: 246429K->1504K(242176K)] 485683K->240758K(978944K), 0.0022379 secs] [Times: user=0.01 sys=0.00, real=0.00 secs] 
152.016: [GC (Allocation Failure) [PSYoungGen: 242144K->1597K(238592K)] 481398K->240851K(975360K), 0.0017312 secs] [Times: user=0.00 sys=0.00, real=0.00 secs] 
154.703: [GC (Allocation Failure) [PSYoungGen: 238141K->1552K(234496K)] 477395K->240838K(971264K), 0.0034284 secs] [Times: user=0.01 sys=0.00, real=0.01 secs] 
158.357: [GC (Allocation Failure) [PSYoungGen: 234000K->1533K(229888K)] 473286K->240859K(966656K), 0.0017548 secs] [Times: user=0.01 sys=0.00, real=0.00 secs] 
159.151: [GC (Allocation Failure) [PSYoungGen: 229885K->1584K(226816K)] 469211K->249110K(963584K), 0.0025139 secs] [Times: user=0.01 sys=0.00, real=0.01 secs] 
160.471: [GC (Allocation Failure) [PSYoungGen: 226352K->1360K(222720K)] 473878K->248902K(959488K), 0.0022760 secs] [Times: user=0.01 sys=0.01, real=0.00 secs] 
161.048: [GC (Allocation Failure) [PSYoungGen: 222544K->1661K(219648K)] 470086K->249219K(956416K), 0.0017087 secs] [Times: user=0.00 sys=0.00, real=0.00 secs] 
163.604: [GC (Allocation Failure) [PSYoungGen: 219261K->1472K(215552K)] 466819K->249038K(952320K), 0.0022502 secs] [Times: user=0.00 sys=0.00, real=0.01 secs] 
164.441: [GC (Allocation Failure) [PSYoungGen: 215488K->1568K(212480K)] 463054K->249134K(949248K), 0.0017048 secs] [Times: user=0.01 sys=0.00, real=0.00 secs] 
165.885: [GC (Allocation Failure) [PSYoungGen: 212000K->1504K(208896K)] 459566K->249070K(945664K), 0.0027843 secs] [Times: user=0.01 sys=0.00, real=0.00 secs] 
169.275: [GC (Allocation Failure) [PSYoungGen: 208864K->1408K(205824K)] 456430K->248982K(942592K), 0.0024724 secs] [Times: user=0.01 sys=0.00, real=0.00 secs] 
169.975: [GC (Allocation Failure) [PSYoungGen: 205696K->1565K(203264K)] 453270K->249139K(940032K), 0.0018859 secs] [Times: user=0.01 sys=0.00, real=0.00 secs] 
171.439: [GC (Allocation Failure) [PSYoungGen: 202781K->1488K(199680K)] 450355K->249062K(936448K), 0.0025835 secs] [Times: user=0.01 sys=0.00, real=0.00 secs] 
172.860: [GC (Allocation Failure) [PSYoungGen: 199632K->1501K(196608K)] 447206K->249083K(933376K), 0.0016605 secs] [Times: user=0.01 sys=0.00, real=0.00 secs] 
173.201: [GC (Allocation Failure) [PSYoungGen: 196573K->1632K(194048K)] 444155K->249214K(930816K), 0.0016612 secs] [Times: user=0.00 sys=0.00, real=0.00 secs] 
174.965: [GC (Allocation Failure) [PSYoungGen: 193632K->1520K(190976K)] 441214K->249102K(927744K), 0.0029075 secs] [Times: user=0.01 sys=0.00, real=0.00 secs] 
176.592: [GC (Allocation Failure) [PSYoungGen: 190960K->1533K(188416K)] 438542K->249115K(925184K), 0.0015670 secs] [Times: user=0.01 sys=0.00, real=0.00 secs] 
176.924: [GC (Allocation Failure) [PSYoungGen: 188413K->480K(184832K)] 435995K->248070K(921600K), 0.0017657 secs] [Times: user=0.01 sys=0.00, real=0.00 secs] 
180.045: [GC (Allocation Failure) [PSYoungGen: 184800K->1408K(184832K)] 432390K->248998K(921600K), 0.0035397 secs] [Times: user=0.01 sys=0.00, real=0.00 secs] 
181.933: [GC (Allocation Failure) [PSYoungGen: 183168K->1472K(180736K)] 430758K->249070K(917504K), 0.0016160 secs] [Times: user=0.01 sys=0.00, real=0.01 secs] 
182.536: [GC (Allocation Failure) [PSYoungGen: 180672K->1824K(178688K)] 428270K->249438K(915456K), 0.0021400 secs] [Times: user=0.01 sys=0.00, real=0.00 secs] 
183.825: [GC (Allocation Failure) [PSYoungGen: 178464K->1376K(175616K)] 426078K->248990K(912384K), 0.0019655 secs] [Times: user=0.00 sys=0.00, real=0.00 secs] 
185.170: [GC (Allocation Failure) [PSYoungGen: 175456K->1485K(173568K)] 423070K->249123K(910336K), 0.0019716 secs] [Times: user=0.00 sys=0.00, real=0.00 secs] 
185.550: [GC (Allocation Failure) [PSYoungGen: 173517K->1536K(172032K)] 421155K->249174K(908800K), 0.0017750 secs] [Times: user=0.01 sys=0.00, real=0.00 secs] 
186.985: [GC (Allocation Failure) [PSYoungGen: 171520K->1424K(169472K)] 419158K->249070K(906240K), 0.0023813 secs] [Times: user=0.01 sys=0.00, real=0.00 secs] 
188.711: [GC (Allocation Failure) [PSYoungGen: 169360K->1453K(167424K)] 417006K->249099K(904192K), 0.0020953 secs] [Times: user=0.01 sys=0.00, real=0.00 secs] 
189.039: [GC (Allocation Failure) [PSYoungGen: 167341K->1581K(165888K)] 414987K->249227K(902656K), 0.0018254 secs] [Times: user=0.00 sys=0.00, real=0.00 secs] 
190.148: [GC (Allocation Failure) [PSYoungGen: 165421K->1440K(163328K)] 413067K->249086K(900096K), 0.0020703 secs] [Times: user=0.00 sys=0.00, real=0.00 secs] 
191.517: [GC (Allocation Failure) [PSYoungGen: 163232K->1408K(161280K)] 410878K->249054K(898048K), 0.0023375 secs] [Times: user=0.01 sys=0.00, real=0.00 secs] 
192.036: [GC (Allocation Failure) [PSYoungGen: 161152K->1552K(159744K)] 408798K->249198K(896512K), 0.0016458 secs] [Times: user=0.00 sys=0.00, real=0.00 secs] 
192.533: [GC (Allocation Failure) [PSYoungGen: 159248K->1568K(157696K)] 406894K->249230K(894464K), 0.0021554 secs] [Times: user=0.00 sys=0.00, real=0.01 secs] 
193.247: [GC (Allocation Failure) [PSYoungGen: 157216K->368K(154112K)] 404878K->249054K(890880K), 0.0019833 secs] [Times: user=0.01 sys=0.00, real=0.00 secs] 
193.813: [GC (Allocation Failure) [PSYoungGen: 153968K->1565K(154112K)] 402654K->250251K(890880K), 0.0014613 secs] [Times: user=0.01 sys=0.00, real=0.01 secs] 
194.080: [GC (Allocation Failure) [PSYoungGen: 153117K->1565K(152064K)] 401803K->250251K(888832K), 0.0015034 secs] [Times: user=0.00 sys=0.00, real=0.00 secs] 
195.615: [GC (Allocation Failure) [PSYoungGen: 151581K->1456K(150016K)] 400267K->250150K(886784K), 0.0020420 secs] [Times: user=0.00 sys=0.01, real=0.00 secs] 
196.417: [GC (Allocation Failure) [PSYoungGen: 149936K->1440K(148480K)] 398630K->250142K(885248K), 0.0020639 secs] [Times: user=0.01 sys=0.00, real=0.00 secs] 
196.830: [GC (Allocation Failure) [PSYoungGen: 148384K->1565K(147456K)] 397086K->250267K(884224K), 0.0015351 secs] [Times: user=0.01 sys=0.00, real=0.00 secs] 
197.567: [GC (Allocation Failure) [PSYoungGen: 146973K->512K(144896K)] 395675K->251286K(881664K), 0.0021527 secs] [Times: user=0.01 sys=0.00, real=0.00 secs] 
199.825: [GC (Allocation Failure) [PSYoungGen: 144384K->384K(142848K)] 395158K->251158K(879616K), 0.0031075 secs] [Times: user=0.01 sys=0.01, real=0.00 secs] 
201.843: [GC (Allocation Failure) [PSYoungGen: 142720K->1533K(142336K)] 393494K->252315K(879104K), 0.0029172 secs] [Times: user=0.01 sys=0.00, real=0.01 secs] 
202.164: [GC (Allocation Failure) [PSYoungGen: 142333K->1616K(141312K)] 393115K->252398K(878080K), 0.0017291 secs] [Times: user=0.01 sys=0.00, real=0.01 secs] 
203.019: [GC (Allocation Failure) [PSYoungGen: 140880K->1584K(139776K)] 391662K->252366K(876544K), 0.0020285 secs] [Times: user=0.01 sys=0.00, real=0.00 secs] 
205.043: [GC (Allocation Failure) [PSYoungGen: 139312K->1376K(137728K)] 390094K->252158K(874496K), 0.0032991 secs] [Times: user=0.01 sys=0.00, real=0.01 secs] 
206.809: [GC (Allocation Failure) [PSYoungGen: 137568K->1469K(136192K)] 388350K->252251K(872960K), 0.0020609 secs] [Times: user=0.01 sys=0.00, real=0.00 secs] 
207.066: [GC (Allocation Failure) [PSYoungGen: 136125K->1565K(135168K)] 386907K->252347K(871936K), 0.0018911 secs] [Times: user=0.01 sys=0.00, real=0.00 secs] 
207.907: [GC (Allocation Failure) [PSYoungGen: 134685K->1552K(133632K)] 385467K->252342K(870400K), 0.0029380 secs] [Times: user=0.01 sys=0.00, real=0.00 secs] 
210.164: [GC (Allocation Failure) [PSYoungGen: 133136K->1376K(131584K)] 383926K->252174K(868352K), 0.0026469 secs] [Times: user=0.01 sys=0.00, real=0.00 secs] 
211.773: [GC (Allocation Failure) [PSYoungGen: 131424K->1469K(130560K)] 382222K->252267K(867328K), 0.0023000 secs] [Times: user=0.00 sys=0.00, real=0.01 secs] 
212.041: [GC (Allocation Failure) [PSYoungGen: 130493K->1565K(130048K)] 381291K->252363K(866816K), 0.0017418 secs] [Times: user=0.00 sys=0.00, real=0.00 secs] 
212.527: [GC (Allocation Failure) [PSYoungGen: 129565K->512K(128000K)] 380363K->252350K(864768K), 0.0019838 secs] [Times: user=0.00 sys=0.00, real=0.00 secs] 
213.727: [GC (Allocation Failure) [PSYoungGen: 127488K->320K(126464K)] 379326K->252158K(863232K), 0.0021707 secs] [Times: user=0.01 sys=0.00, real=0.00 secs] 
215.177: [GC (Allocation Failure) [PSYoungGen: 126272K->336K(125440K)] 378110K->252182K(862208K), 0.0024941 secs] [Times: user=0.01 sys=0.00, real=0.00 secs] 
215.660: [GC (Allocation Failure) [PSYoungGen: 125264K->1565K(126464K)] 377110K->253419K(863232K), 0.0015532 secs] [Times: user=0.01 sys=0.00, real=0.00 secs] 
215.875: [GC (Allocation Failure) [PSYoungGen: 125469K->1597K(124928K)] 377323K->253459K(861696K), 0.0017360 secs] [Times: user=0.01 sys=0.00, real=0.00 secs] 
216.375: [GC (Allocation Failure) [PSYoungGen: 124477K->1456K(123392K)] 376339K->253326K(860160K), 0.0022022 secs] [Times: user=0.00 sys=0.00, real=0.00 secs] 
216.943: [GC (Allocation Failure) [PSYoungGen: 123312K->1344K(122368K)] 375182K->253214K(859136K), 0.0021585 secs] [Times: user=0.01 sys=0.00, real=0.01 secs] 
217.553: [GC (Allocation Failure) [PSYoungGen: 122176K->1533K(121344K)] 374046K->253403K(858112K), 0.0022321 secs] [Times: user=0.01 sys=0.00, real=0.01 secs] 
217.870: [GC (Allocation Failure) [PSYoungGen: 121341K->1565K(120832K)] 373211K->253443K(857600K), 0.0017055 secs] [Times: user=0.01 sys=0.00, real=0.00 secs] 
218.406: [GC (Allocation Failure) [PSYoungGen: 120349K->1488K(119296K)] 372227K->253366K(856064K), 0.0037953 secs] [Times: user=0.01 sys=0.00, real=0.00 secs] 
219.351: [GC (Allocation Failure) [PSYoungGen: 119248K->1344K(118272K)] 371126K->253222K(855040K), 0.0018938 secs] [Times: user=0.00 sys=0.00, real=0.00 secs] 
220.093: [GC (Allocation Failure) [PSYoungGen: 118080K->1376K(117248K)] 369958K->253254K(854016K), 0.0021543 secs] [Times: user=0.01 sys=0.00, real=0.01 secs] 
220.505: [GC (Allocation Failure) [PSYoungGen: 117088K->1565K(116736K)] 368966K->253443K(853504K), 0.0018257 secs] [Times: user=0.01 sys=0.00, real=0.00 secs] 
220.706: [GC (Allocation Failure) [PSYoungGen: 116253K->1565K(115712K)] 368131K->253443K(852480K), 0.0017648 secs] [Times: user=0.01 sys=0.00, real=0.00 secs] 
222.113: [GC (Allocation Failure) [PSYoungGen: 115229K->1440K(114176K)] 367107K->253318K(850944K), 0.0026656 secs] [Times: user=0.01 sys=0.00, real=0.01 secs] 
222.673: [GC (Allocation Failure) [PSYoungGen: 114080K->1408K(113152K)] 365958K->253302K(849920K), 0.0019006 secs] [Times: user=0.01 sys=0.00, real=0.01 secs] 
223.588: [GC (Allocation Failure) [PSYoungGen: 113024K->1469K(112128K)] 364918K->253363K(848896K), 0.0018358 secs] [Times: user=0.01 sys=0.00, real=0.00 secs] 
223.852: [GC (Allocation Failure) [PSYoungGen: 112061K->1565K(111616K)] 363955K->253475K(848384K), 0.0020580 secs] [Times: user=0.00 sys=0.00, real=0.01 secs] 
224.046: [GC (Allocation Failure) [PSYoungGen: 111133K->528K(109568K)] 363043K->253462K(846336K), 0.0017182 secs] [Times: user=0.00 sys=0.00, real=0.00 secs] 
225.171: [GC (Allocation Failure) [PSYoungGen: 109072K->1408K(110080K)] 362006K->254342K(846848K), 0.0027192 secs] [Times: user=0.01 sys=0.00, real=0.00 secs] 
226.442: [GC (Allocation Failure) [PSYoungGen: 108928K->1408K(108032K)] 361862K->254350K(844800K), 0.0036464 secs] [Times: user=0.01 sys=0.00, real=0.01 secs] 
228.074: [GC (Allocation Failure) [PSYoungGen: 107904K->1437K(107008K)] 360846K->254379K(843776K), 0.0027569 secs] [Times: user=0.01 sys=0.00, real=0.00 secs] 
228.388: [GC (Allocation Failure) [PSYoungGen: 106909K->1533K(105984K)] 359851K->254475K(842752K), 0.0014659 secs] [Times: user=0.00 sys=0.00, real=0.00 secs] 
228.574: [GC (Allocation Failure) [PSYoungGen: 105981K->1517K(104960K)] 358923K->254459K(841728K), 0.0017347 secs] [Times: user=0.00 sys=0.00, real=0.01 secs] 
229.821: [GC (Allocation Failure) [PSYoungGen: 104941K->1488K(104448K)] 357883K->254430K(841216K), 0.0018984 secs] [Times: user=0.01 sys=0.00, real=0.00 secs] 
230.248: [GC (Allocation Failure) [PSYoungGen: 104400K->1392K(103936K)] 357342K->254334K(840704K), 0.0018538 secs] [Times: user=0.01 sys=0.00, real=0.00 secs] 
230.720: [GC (Allocation Failure) [PSYoungGen: 103792K->1376K(103424K)] 356734K->254318K(840192K), 0.0016240 secs] [Times: user=0.01 sys=0.00, real=0.00 secs] 
230.998: [GC (Allocation Failure) [PSYoungGen: 103264K->1533K(102912K)] 356206K->254491K(839680K), 0.0017528 secs] [Times: user=0.01 sys=0.00, real=0.00 secs] 
231.175: [GC (Allocation Failure) [PSYoungGen: 102909K->1533K(102400K)] 355867K->254499K(839168K), 0.0014763 secs] [Times: user=0.00 sys=0.00, real=0.00 secs] 
232.036: [GC (Allocation Failure) [PSYoungGen: 102397K->1440K(101888K)] 355363K->254414K(838656K), 0.0022085 secs] [Times: user=0.01 sys=0.00, real=0.00 secs] 
233.024: [GC (Allocation Failure) [PSYoungGen: 101792K->1376K(101376K)] 354766K->254350K(838144K), 0.0018561 secs] [Times: user=0.00 sys=0.00, real=0.00 secs] 
234.092: [GC (Allocation Failure) [PSYoungGen: 101216K->1440K(100864K)] 354190K->254414K(837632K), 0.0032850 secs] [Times: user=0.01 sys=0.00, real=0.01 secs] 
234.809: [GC (Allocation Failure) [PSYoungGen: 100768K->1501K(100352K)] 353742K->254483K(837120K), 0.0020456 secs] [Times: user=0.01 sys=0.00, real=0.00 secs] 
234.996: [GC (Allocation Failure) [PSYoungGen: 100317K->1552K(100352K)] 353299K->254534K(837120K), 0.0017760 secs] [Times: user=0.01 sys=0.00, real=0.00 secs] 
235.170: [GC (Allocation Failure) [PSYoungGen: 99856K->541K(98816K)] 352838K->254563K(835584K), 0.0014867 secs] [Times: user=0.01 sys=0.00, real=0.00 secs] 
236.628: [GC (Allocation Failure) [PSYoungGen: 98333K->1440K(98816K)] 352355K->255470K(835584K), 0.0021520 secs] [Times: user=0.01 sys=0.00, real=0.00 secs] 
237.530: [GC (Allocation Failure) [PSYoungGen: 98720K->1392K(98304K)] 352750K->255422K(835072K), 0.0019500 secs] [Times: user=0.01 sys=0.00, real=0.00 secs] 
238.319: [GC (Allocation Failure) [PSYoungGen: 98160K->1437K(97792K)] 352190K->255467K(834560K), 0.0023879 secs] [Times: user=0.01 sys=0.00, real=0.00 secs] 
238.521: [GC (Allocation Failure) [PSYoungGen: 97693K->1533K(97280K)] 351723K->255603K(834048K), 0.0016125 secs] [Times: user=0.00 sys=0.00, real=0.00 secs] 
238.696: [GC (Allocation Failure) [PSYoungGen: 97277K->1565K(97280K)] 351347K->255635K(834048K), 0.0015501 secs] [Times: user=0.01 sys=0.00, real=0.00 secs] 
239.059: [GC (Allocation Failure) [PSYoungGen: 96797K->448K(95232K)] 350867K->255542K(832000K), 0.0021921 secs] [Times: user=0.01 sys=0.00, real=0.00 secs] 
239.806: [GC (Allocation Failure) [PSYoungGen: 95168K->352K(94720K)] 350262K->255446K(831488K), 0.0023144 secs] [Times: user=0.01 sys=0.01, real=0.00 secs] 
241.115: [GC (Allocation Failure) [PSYoungGen: 94560K->384K(94208K)] 349654K->255478K(830976K), 0.0028185 secs] [Times: user=0.00 sys=0.01, real=0.00 secs] 
242.319: [GC (Allocation Failure) [PSYoungGen: 94080K->1533K(95744K)] 349174K->256627K(832512K), 0.0021590 secs] [Times: user=0.01 sys=0.00, real=0.00 secs] 
242.521: [GC (Allocation Failure) [PSYoungGen: 94717K->1456K(94208K)] 349811K->256566K(830976K), 0.0017829 secs] [Times: user=0.00 sys=0.00, real=0.00 secs] 
242.682: [GC (Allocation Failure) [PSYoungGen: 94128K->1501K(93696K)] 349238K->256611K(830464K), 0.0017683 secs] [Times: user=0.01 sys=0.00, real=0.01 secs] 
243.834: [GC (Allocation Failure) [PSYoungGen: 93661K->1456K(93184K)] 348771K->256566K(829952K), 0.0020855 secs] [Times: user=0.01 sys=0.00, real=0.01 secs] 
244.418: [GC (Allocation Failure) [PSYoungGen: 93104K->1344K(92672K)] 348214K->256470K(829440K), 0.0020876 secs] [Times: user=0.01 sys=0.00, real=0.00 secs] 
245.031: [GC (Allocation Failure) [PSYoungGen: 92480K->1344K(92160K)] 347606K->256470K(828928K), 0.0019419 secs] [Times: user=0.01 sys=0.00, real=0.00 secs] 
245.583: [GC (Allocation Failure) [PSYoungGen: 91968K->1565K(92160K)] 347094K->256691K(828928K), 0.0019086 secs] [Times: user=0.00 sys=0.00, real=0.01 secs] 
245.786: [GC (Allocation Failure) [PSYoungGen: 91677K->1501K(91136K)] 346803K->256635K(827904K), 0.0018564 secs] [Times: user=0.01 sys=0.00, real=0.00 secs] 
245.969: [GC (Allocation Failure) [PSYoungGen: 91101K->1565K(91136K)] 346235K->256699K(827904K), 0.0017433 secs] [Times: user=0.01 sys=0.00, real=0.00 secs] 
246.858: [GC (Allocation Failure) [PSYoungGen: 90653K->1360K(90112K)] 345787K->256494K(826880K), 0.0029709 secs] [Times: user=0.01 sys=0.01, real=0.00 secs] 
247.679: [GC (Allocation Failure) [PSYoungGen: 89936K->1344K(89600K)] 345070K->256478K(826368K), 0.0020394 secs] [Times: user=0.01 sys=0.00, real=0.00 secs] 
248.137: [GC (Allocation Failure) [PSYoungGen: 89408K->1376K(89088K)] 344542K->256510K(825856K), 0.0018917 secs] [Times: user=0.00 sys=0.01, real=0.00 secs] 
249.101: [GC (Allocation Failure) [PSYoungGen: 88928K->1533K(88576K)] 344062K->256667K(825344K), 0.0023069 secs] [Times: user=0.00 sys=0.00, real=0.00 secs] 
249.276: [GC (Allocation Failure) [PSYoungGen: 88573K->1533K(88064K)] 343707K->256707K(824832K), 0.0014598 secs] [Times: user=0.00 sys=0.00, real=0.00 secs] 
249.428: [GC (Allocation Failure) [PSYoungGen: 88061K->1469K(87552K)] 343235K->256651K(824320K), 0.0015267 secs] [Times: user=0.00 sys=0.00, real=0.00 secs] 
249.855: [GC (Allocation Failure) [PSYoungGen: 87485K->1424K(87040K)] 342667K->256606K(823808K), 0.0018023 secs] [Times: user=0.01 sys=0.00, real=0.00 secs] 
250.209: [GC (Allocation Failure) [PSYoungGen: 86928K->1344K(86528K)] 342110K->256526K(823296K), 0.0019719 secs] [Times: user=0.01 sys=0.00, real=0.00 secs] 
250.714: [GC (Allocation Failure) [PSYoungGen: 86336K->1376K(86016K)] 341518K->256558K(822784K), 0.0019046 secs] [Times: user=0.01 sys=0.00, real=0.00 secs] 
251.455: [GC (Allocation Failure) [PSYoungGen: 85856K->1469K(85504K)] 341038K->256675K(822272K), 0.0029679 secs] [Times: user=0.01 sys=0.00, real=0.00 secs] 
251.684: [GC (Allocation Failure) [PSYoungGen: 85437K->1501K(84992K)] 340643K->256715K(821760K), 0.0015365 secs] [Times: user=0.00 sys=0.00, real=0.00 secs] 
251.832: [GC (Allocation Failure) [PSYoungGen: 84957K->1488K(84480K)] 340171K->256718K(821248K), 0.0017224 secs] [Times: user=0.01 sys=0.00, real=0.00 secs] 
252.113: [GC (Allocation Failure) [PSYoungGen: 84432K->1504K(83968K)] 339662K->256766K(820736K), 0.0021620 secs] [Times: user=0.00 sys=0.00, real=0.01 secs] 
252.867: [GC (Allocation Failure) [PSYoungGen: 83936K->1344K(83456K)] 339198K->256606K(820224K), 0.0026233 secs] [Times: user=0.01 sys=0.00, real=0.00 secs] 
253.696: [GC (Allocation Failure) [PSYoungGen: 83264K->1360K(82944K)] 338526K->256622K(819712K), 0.0021265 secs] [Times: user=0.01 sys=0.01, real=0.00 secs] 
254.359: [GC (Allocation Failure) [PSYoungGen: 82768K->1344K(82432K)] 338030K->256606K(819200K), 0.0022500 secs] [Times: user=0.01 sys=0.00, real=0.00 secs] 
254.970: [GC (Allocation Failure) [PSYoungGen: 82240K->1533K(81920K)] 337502K->256795K(818688K), 0.0020738 secs] [Times: user=0.01 sys=0.00, real=0.00 secs] 
255.123: [GC (Allocation Failure) [PSYoungGen: 81917K->1501K(81408K)] 337179K->256763K(818176K), 0.0018025 secs] [Times: user=0.01 sys=0.00, real=0.01 secs] 
255.264: [GC (Allocation Failure) [PSYoungGen: 81373K->1504K(80896K)] 336635K->256814K(817664K), 0.0016454 secs] [Times: user=0.00 sys=0.00, real=0.00 secs] 
256.302: [GC (Allocation Failure) [PSYoungGen: 80864K->1472K(80384K)] 336174K->258830K(817152K), 0.0024193 secs] [Times: user=0.01 sys=0.00, real=0.01 secs] 
256.719: [GC (Allocation Failure) [PSYoungGen: 80320K->1408K(79872K)] 337678K->258766K(816640K), 0.0017202 secs] [Times: user=0.01 sys=0.00, real=0.00 secs] 
257.654: [GC (Allocation Failure) [PSYoungGen: 79744K->1376K(79360K)] 337102K->258742K(816128K), 0.0028368 secs] [Times: user=0.01 sys=0.00, real=0.00 secs] 
258.746: [GC (Allocation Failure) [PSYoungGen: 79200K->1376K(78848K)] 336566K->258742K(815616K), 0.0029958 secs] [Times: user=0.01 sys=0.00, real=0.00 secs] 
259.525: [GC (Allocation Failure) [PSYoungGen: 78688K->1533K(78336K)] 336054K->258899K(815104K), 0.0022592 secs] [Times: user=0.01 sys=0.00, real=0.00 secs] 
259.681: [GC (Allocation Failure) [PSYoungGen: 78333K->1472K(77824K)] 335699K->258838K(814592K), 0.0016171 secs] [Times: user=0.00 sys=0.00, real=0.00 secs] 
259.837: [GC (Allocation Failure) [PSYoungGen: 77760K->1453K(77312K)] 335126K->258819K(814080K), 0.0017092 secs] [Times: user=0.01 sys=0.00, real=0.00 secs] 
260.454: [GC (Allocation Failure) [PSYoungGen: 77229K->1472K(76800K)] 334595K->258838K(813568K), 0.0022132 secs] [Times: user=0.01 sys=0.00, real=0.00 secs] 
261.259: [GC (Allocation Failure) [PSYoungGen: 76736K->1376K(76288K)] 334102K->258742K(813056K), 0.0026489 secs] [Times: user=0.01 sys=0.00, real=0.00 secs] 
261.791: [GC (Allocation Failure) [PSYoungGen: 76128K->1408K(75776K)] 333494K->258774K(812544K), 0.0017123 secs] [Times: user=0.01 sys=0.00, real=0.00 secs] 
262.099: [GC (Allocation Failure) [PSYoungGen: 75648K->1440K(75264K)] 333014K->258806K(812032K), 0.0018369 secs] [Times: user=0.01 sys=0.00, real=0.00 secs] 
262.366: [GC (Allocation Failure) [PSYoungGen: 75168K->1437K(74752K)] 332534K->258803K(811520K), 0.0014336 secs] [Times: user=0.01 sys=0.00, real=0.00 secs] 
262.495: [GC (Allocation Failure) [PSYoungGen: 74653K->1472K(74240K)] 332019K->258862K(811008K), 0.0016681 secs] [Times: user=0.01 sys=0.00, real=0.00 secs] 
262.624: [GC (Allocation Failure) [PSYoungGen: 74176K->1533K(73728K)] 331566K->258955K(810496K), 0.0015878 secs] [Times: user=0.01 sys=0.00, real=0.00 secs] 
262.772: [GC (Allocation Failure) [PSYoungGen: 73565K->224K(78848K)] 330987K->257670K(815616K), 0.0017625 secs] [Times: user=0.01 sys=0.00, real=0.01 secs] 
264.168: [GC (Allocation Failure) [PSYoungGen: 78560K->1408K(79360K)] 336006K->258854K(816128K), 0.0030803 secs] [Times: user=0.01 sys=0.00, real=0.00 secs] 
265.131: [GC (Allocation Failure) [PSYoungGen: 79232K->1408K(78848K)] 336678K->258862K(815616K), 0.0030683 secs] [Times: user=0.01 sys=0.00, real=0.01 secs] 
265.799: [GC (Allocation Failure) [PSYoungGen: 78720K->1376K(78336K)] 336174K->258830K(815104K), 0.0020474 secs] [Times: user=0.01 sys=0.00, real=0.00 secs] 
266.517: [GC (Allocation Failure) [PSYoungGen: 78176K->1533K(77824K)] 335630K->258987K(814592K), 0.0025159 secs] [Times: user=0.01 sys=0.00, real=0.00 secs] 
266.715: [GC (Allocation Failure) [PSYoungGen: 77821K->1472K(77312K)] 335275K->258934K(814080K), 0.0014597 secs] [Times: user=0.00 sys=0.00, real=0.00 secs] 
266.850: [GC (Allocation Failure) [PSYoungGen: 77248K->1565K(77312K)] 334710K->259027K(814080K), 0.0017233 secs] [Times: user=0.01 sys=0.00, real=0.00 secs] 
266.987: [GC (Allocation Failure) [PSYoungGen: 76829K->509K(75264K)] 334291K->258995K(812032K), 0.0015317 secs] [Times: user=0.01 sys=0.00, real=0.00 secs] 
268.166: [GC (Allocation Failure) [PSYoungGen: 75261K->1344K(76288K)] 333747K->259830K(813056K), 0.0024810 secs] [Times: user=0.01 sys=0.00, real=0.00 secs] 
268.688: [GC (Allocation Failure) [PSYoungGen: 75584K->1344K(75264K)] 334070K->259830K(812032K), 0.0020253 secs] [Times: user=0.01 sys=0.00, real=0.00 secs] 
269.287: [GC (Allocation Failure) [PSYoungGen: 75072K->1344K(74752K)] 333558K->259830K(811520K), 0.0023352 secs] [Times: user=0.01 sys=0.00, real=0.00 secs] 
269.956: [GC (Allocation Failure) [PSYoungGen: 74560K->1501K(74240K)] 333046K->259987K(811008K), 0.0020311 secs] [Times: user=0.01 sys=0.00, real=0.00 secs] 
270.178: [GC (Allocation Failure) [PSYoungGen: 74205K->1437K(73728K)] 332691K->259923K(810496K), 0.0019713 secs] [Times: user=0.01 sys=0.00, real=0.00 secs] 
270.349: [GC (Allocation Failure) [PSYoungGen: 73629K->1453K(73216K)] 332115K->259939K(809984K), 0.0016439 secs] [Times: user=0.01 sys=0.00, real=0.00 secs] 
270.497: [GC (Allocation Failure) [PSYoungGen: 73133K->1565K(73216K)] 331619K->260051K(809984K), 0.0016509 secs] [Times: user=0.00 sys=0.00, real=0.00 secs] 
271.173: [GC (Allocation Failure) [PSYoungGen: 72733K->432K(71168K)] 331219K->259950K(807936K), 0.0030959 secs] [Times: user=0.01 sys=0.00, real=0.01 secs] 
271.773: [GC (Allocation Failure) [PSYoungGen: 71088K->384K(72704K)] 330606K->259902K(809472K), 0.0021964 secs] [Times: user=0.00 sys=0.00, real=0.01 secs] 
272.360: [GC (Allocation Failure) [PSYoungGen: 71040K->400K(71168K)] 330558K->259926K(807936K), 0.0025445 secs] [Times: user=0.01 sys=0.00, real=0.00 secs] 
272.972: [GC (Allocation Failure) [PSYoungGen: 71056K->384K(73216K)] 330582K->259910K(809984K), 0.0019960 secs] [Times: user=0.01 sys=0.00, real=0.00 secs] 
273.580: [GC (Allocation Failure) [PSYoungGen: 71040K->1488K(72192K)] 330566K->261014K(808960K), 0.0019475 secs] [Times: user=0.00 sys=0.00, real=0.00 secs] 
273.715: [GC (Allocation Failure) [PSYoungGen: 72144K->1501K(72192K)] 331670K->261027K(808960K), 0.0016598 secs] [Times: user=0.01 sys=0.00, real=0.00 secs] 
273.859: [GC (Allocation Failure) [PSYoungGen: 72157K->1485K(72192K)] 331683K->261011K(808960K), 0.0020070 secs] [Times: user=0.01 sys=0.00, real=0.00 secs] 
274.015: [GC (Allocation Failure) [PSYoungGen: 72141K->192K(71168K)] 331667K->259718K(807936K), 0.0015604 secs] [Times: user=0.01 sys=0.00, real=0.00 secs] 
274.793: [GC (Allocation Failure) [PSYoungGen: 70848K->1376K(72192K)] 330374K->260902K(808960K), 0.0024519 secs] [Times: user=0.01 sys=0.00, real=0.01 secs] 
275.471: [GC (Allocation Failure) [PSYoungGen: 72032K->1376K(72192K)] 331558K->260902K(808960K), 0.0023821 secs] [Times: user=0.01 sys=0.00, real=0.00 secs] 
276.249: [GC (Allocation Failure) [PSYoungGen: 72032K->1344K(72192K)] 331558K->260870K(808960K), 0.0039626 secs] [Times: user=0.01 sys=0.00, real=0.00 secs] 
277.252: [GC (Allocation Failure) [PSYoungGen: 72000K->1501K(72192K)] 331526K->261027K(808960K), 0.0023703 secs] [Times: user=0.01 sys=0.00, real=0.01 secs] 
277.428: [GC (Allocation Failure) [PSYoungGen: 72157K->1501K(72192K)] 331683K->261027K(808960K), 0.0016918 secs] [Times: user=0.00 sys=0.00, real=0.00 secs] 
277.554: [GC (Allocation Failure) [PSYoungGen: 72153K->1565K(72704K)] 331679K->261091K(809472K), 0.0016267 secs] [Times: user=0.01 sys=0.00, real=0.01 secs] 
277.679: [GC (Allocation Failure) [PSYoungGen: 72221K->1469K(72192K)] 331747K->260995K(808960K), 0.0016147 secs] [Times: user=0.01 sys=0.00, real=0.00 secs] 
278.130: [GC (Allocation Failure) [PSYoungGen: 72125K->1456K(72192K)] 331651K->260998K(808960K), 0.0027406 secs] [Times: user=0.01 sys=0.00, real=0.00 secs] 
278.896: [GC (Allocation Failure) [PSYoungGen: 72112K->1376K(72192K)] 331654K->260918K(808960K), 0.0026723 secs] [Times: user=0.01 sys=0.00, real=0.00 secs] 
279.685: [GC (Allocation Failure) [PSYoungGen: 72032K->1312K(72192K)] 331574K->260854K(808960K), 0.0023437 secs] [Times: user=0.01 sys=0.00, real=0.00 secs] 
280.402: [GC (Allocation Failure) [PSYoungGen: 71968K->1376K(72192K)] 331510K->260918K(808960K), 0.0021734 secs] [Times: user=0.01 sys=0.01, real=0.01 secs] 
281.030: [GC (Allocation Failure) [PSYoungGen: 72032K->1501K(72192K)] 331574K->261043K(808960K), 0.0023492 secs] [Times: user=0.01 sys=0.00, real=0.00 secs] 
281.180: [GC (Allocation Failure) [PSYoungGen: 72157K->1469K(72192K)] 331699K->261011K(808960K), 0.0015188 secs] [Times: user=0.01 sys=0.00, real=0.00 secs] 
281.309: [GC (Allocation Failure) [PSYoungGen: 72125K->1533K(72192K)] 331667K->261075K(808960K), 0.0015866 secs] [Times: user=0.01 sys=0.00, real=0.00 secs] 
281.435: [GC (Allocation Failure) [PSYoungGen: 72189K->1504K(72192K)] 331731K->261078K(808960K), 0.0015114 secs] [Times: user=0.00 sys=0.00, real=0.00 secs] 
282.449: [GC (Allocation Failure) [PSYoungGen: 72160K->1424K(72192K)] 331734K->261006K(808960K), 0.0021082 secs] [Times: user=0.01 sys=0.00, real=0.00 secs] 
283.118: [GC (Allocation Failure) [PSYoungGen: 72080K->1344K(72192K)] 331662K->260926K(808960K), 0.0018308 secs] [Times: user=0.01 sys=0.00, real=0.00 secs] 
283.801: [GC (Allocation Failure) [PSYoungGen: 72000K->1344K(72192K)] 331582K->260926K(808960K), 0.0019931 secs] [Times: user=0.01 sys=0.00, real=0.00 secs] 
284.367: [GC (Allocation Failure) [PSYoungGen: 72000K->1376K(72192K)] 331582K->260958K(808960K), 0.0018415 secs] [Times: user=0.01 sys=0.00, real=0.00 secs] 
284.610: [GC (Allocation Failure) [PSYoungGen: 72032K->1501K(72192K)] 331614K->261083K(808960K), 0.0017256 secs] [Times: user=0.01 sys=0.00, real=0.00 secs] 
284.737: [GC (Allocation Failure) [PSYoungGen: 72157K->1501K(72192K)] 331739K->261083K(808960K), 0.0014138 secs] [Times: user=0.01 sys=0.00, real=0.00 secs] 
284.862: [GC (Allocation Failure) [PSYoungGen: 72157K->1469K(72192K)] 331739K->261051K(808960K), 0.0015052 secs] [Times: user=0.00 sys=0.00, real=0.01 secs] 
285.205: [GC (Allocation Failure) [PSYoungGen: 72125K->960K(71680K)] 331707K->261574K(808448K), 0.0020523 secs] [Times: user=0.00 sys=0.00, real=0.00 secs] 
285.500: [GC (Allocation Failure) [PSYoungGen: 71616K->320K(71168K)] 332230K->260934K(807936K), 0.0021533 secs] [Times: user=0.01 sys=0.00, real=0.00 secs] 
285.794: [GC (Allocation Failure) [PSYoungGen: 70976K->384K(71168K)] 331590K->260998K(807936K), 0.0020088 secs] [Times: user=0.00 sys=0.00, real=0.00 secs] 
286.087: [GC (Allocation Failure) [PSYoungGen: 71040K->384K(73216K)] 331654K->260998K(809984K), 0.0016711 secs] [Times: user=0.01 sys=0.00, real=0.00 secs] 
286.587: [GC (Allocation Failure) [PSYoungGen: 71040K->1501K(72192K)] 331654K->262115K(808960K), 0.0022863 secs] [Times: user=0.01 sys=0.00, real=0.00 secs] 
286.739: [GC (Allocation Failure) [PSYoungGen: 72157K->1533K(72192K)] 332771K->262147K(808960K), 0.0016399 secs] [Times: user=0.01 sys=0.00, real=0.00 secs] 
286.863: [GC (Allocation Failure) [PSYoungGen: 72189K->1533K(72192K)] 332803K->262147K(808960K), 0.0016632 secs] [Times: user=0.01 sys=0.00, real=0.01 secs] 
286.988: [GC (Allocation Failure) [PSYoungGen: 72189K->1501K(78336K)] 332803K->262115K(815104K), 0.0016581 secs] [Times: user=0.01 sys=0.00, real=0.00 secs] 
287.622: [GC (Allocation Failure) [PSYoungGen: 78301K->1456K(77824K)] 338915K->262086K(814592K), 0.0019402 secs] [Times: user=0.00 sys=0.01, real=0.01 secs] 
288.555: [GC (Allocation Failure) [PSYoungGen: 77744K->1408K(77312K)] 338374K->262038K(814080K), 0.0023012 secs] [Times: user=0.01 sys=0.00, real=0.00 secs] 
289.186: [GC (Allocation Failure) [PSYoungGen: 77184K->1376K(76800K)] 337814K->262006K(813568K), 0.0023614 secs] [Times: user=0.01 sys=0.00, real=0.00 secs] 
289.932: [GC (Allocation Failure) [PSYoungGen: 76640K->1344K(76288K)] 337270K->261974K(813056K), 0.0022896 secs] [Times: user=0.01 sys=0.01, real=0.01 secs] 
290.353: [GC (Allocation Failure) [PSYoungGen: 76096K->1533K(75776K)] 336726K->262163K(812544K), 0.0017994 secs] [Times: user=0.00 sys=0.00, real=0.01 secs] 
290.488: [GC (Allocation Failure) [PSYoungGen: 75773K->1533K(75264K)] 336403K->262179K(812032K), 0.0017214 secs] [Times: user=0.01 sys=0.00, real=0.00 secs] 
290.637: [GC (Allocation Failure) [PSYoungGen: 75261K->1485K(74752K)] 335907K->262131K(811520K), 0.0018737 secs] [Times: user=0.01 sys=0.00, real=0.00 secs] 
290.926: [GC (Allocation Failure) [PSYoungGen: 74701K->1472K(74240K)] 335347K->262126K(811008K), 0.0022133 secs] [Times: user=0.01 sys=0.01, real=0.00 secs] 
291.247: [GC (Allocation Failure) [PSYoungGen: 74176K->1408K(73728K)] 334830K->262062K(810496K), 0.0027994 secs] [Times: user=0.01 sys=0.00, real=0.00 secs] 
291.629: [GC (Allocation Failure) [PSYoungGen: 73600K->1376K(73216K)] 334254K->262030K(809984K), 0.0019205 secs] [Times: user=0.01 sys=0.00, real=0.00 secs] 
291.968: [GC (Allocation Failure) [PSYoungGen: 73056K->1440K(72704K)] 333710K->262094K(809472K), 0.0018335 secs] [Times: user=0.01 sys=0.00, real=0.00 secs] 
292.337: [GC (Allocation Failure) [PSYoungGen: 72608K->1456K(72192K)] 333262K->262110K(808960K), 0.0017115 secs] [Times: user=0.01 sys=0.00, real=0.00 secs] 
292.482: [GC (Allocation Failure) [PSYoungGen: 72112K->1501K(72192K)] 332766K->262155K(808960K), 0.0019103 secs] [Times: user=0.00 sys=0.00, real=0.00 secs] 
292.646: [GC (Allocation Failure) [PSYoungGen: 72157K->1536K(72704K)] 332811K->262190K(809472K), 0.0016447 secs] [Times: user=0.01 sys=0.00, real=0.00 secs] 
292.770: [GC (Allocation Failure) [PSYoungGen: 72192K->448K(77312K)] 332846K->262126K(814080K), 0.0015697 secs] [Times: user=0.01 sys=0.00, real=0.00 secs] 
294.120: [GC (Allocation Failure) [PSYoungGen: 77248K->1376K(78336K)] 338926K->263070K(815104K), 0.0031568 secs] [Times: user=0.01 sys=0.00, real=0.00 secs] 
294.449: [GC (Allocation Failure) [PSYoungGen: 77664K->1376K(77312K)] 339358K->263070K(814080K), 0.0019347 secs] [Times: user=0.01 sys=0.00, real=0.00 secs] 
294.804: [GC (Allocation Failure) [PSYoungGen: 77152K->1376K(76800K)] 338846K->263070K(813568K), 0.0020150 secs] [Times: user=0.01 sys=0.01, real=0.00 secs] 
295.298: [GC (Allocation Failure) [PSYoungGen: 76640K->1501K(76288K)] 338334K->263195K(813056K), 0.0019369 secs] [Times: user=0.01 sys=0.00, real=0.00 secs] 
295.447: [GC (Allocation Failure) [PSYoungGen: 76253K->1565K(76288K)] 337947K->263259K(813056K), 0.0017272 secs] [Times: user=0.01 sys=0.00, real=0.00 secs] 
295.581: [GC (Allocation Failure) [PSYoungGen: 75805K->509K(74240K)] 337499K->263227K(811008K), 0.0015635 secs] [Times: user=0.00 sys=0.00, real=0.00 secs] 
295.711: [GC (Allocation Failure) [PSYoungGen: 74237K->445K(73728K)] 336955K->263163K(810496K), 0.0015104 secs] [Times: user=0.01 sys=0.00, real=0.00 secs] 
296.218: [GC (Allocation Failure) [PSYoungGen: 73661K->1376K(74240K)] 336379K->264102K(811008K), 0.0020546 secs] [Times: user=0.00 sys=0.00, real=0.00 secs] 
296.521: [GC (Allocation Failure) [PSYoungGen: 74080K->1376K(73728K)] 336806K->264102K(810496K), 0.0019174 secs] [Times: user=0.01 sys=0.00, real=0.00 secs] 
296.821: [GC (Allocation Failure) [PSYoungGen: 73568K->1408K(73216K)] 336294K->264134K(809984K), 0.0018220 secs] [Times: user=0.01 sys=0.00, real=0.00 secs] 
297.219: [GC (Allocation Failure) [PSYoungGen: 73088K->1408K(72704K)] 335814K->264134K(809472K), 0.0020586 secs] [Times: user=0.01 sys=0.00, real=0.00 secs] 
297.495: [GC (Allocation Failure) [PSYoungGen: 72576K->1469K(72192K)] 335302K->264195K(808960K), 0.0014392 secs] [Times: user=0.00 sys=0.00, real=0.00 secs] 
297.620: [GC (Allocation Failure) [PSYoungGen: 72125K->1469K(72192K)] 334851K->264195K(808960K), 0.0015420 secs] [Times: user=0.01 sys=0.00, real=0.00 secs] 
297.748: [GC (Allocation Failure) [PSYoungGen: 72125K->1504K(72192K)] 334851K->264230K(808960K), 0.0014727 secs] [Times: user=0.00 sys=0.00, real=0.00 secs] 
298.044: [GC (Allocation Failure) [PSYoungGen: 72160K->1968K(72704K)] 334886K->264694K(809472K), 0.0020383 secs] [Times: user=0.01 sys=0.00, real=0.00 secs] 
299.007: [GC (Allocation Failure) [PSYoungGen: 72624K->352K(71168K)] 335350K->264110K(807936K), 0.0023190 secs] [Times: user=0.00 sys=0.00, real=0.00 secs] 
299.806: [GC (Allocation Failure) [PSYoungGen: 71008K->320K(73216K)] 334766K->264078K(809984K), 0.0031994 secs] [Times: user=0.02 sys=0.00, real=0.00 secs] 
300.433: [GC (Allocation Failure) [PSYoungGen: 70976K->352K(71168K)] 334734K->264126K(807936K), 0.0038363 secs] [Times: user=0.01 sys=0.01, real=0.01 secs] 
301.882: [GC (Allocation Failure) [PSYoungGen: 71008K->1437K(73216K)] 334782K->265211K(809984K), 0.0029448 secs] [Times: user=0.01 sys=0.00, real=0.01 secs] 
302.096: [GC (Allocation Failure) [PSYoungGen: 72089K->1456K(72192K)] 335863K->265230K(808960K), 0.0016379 secs] [Times: user=0.00 sys=0.00, real=0.00 secs] 
302.246: [GC (Allocation Failure) [PSYoungGen: 72112K->1453K(72192K)] 335886K->265227K(808960K), 0.0017925 secs] [Times: user=0.01 sys=0.00, real=0.00 secs] 
302.406: [GC (Allocation Failure) [PSYoungGen: 72109K->1533K(72192K)] 335883K->265307K(808960K), 0.0015374 secs] [Times: user=0.00 sys=0.00, real=0.00 secs] 
303.225: [GC (Allocation Failure) [PSYoungGen: 72189K->1472K(72192K)] 335963K->265246K(808960K), 0.0031782 secs] [Times: user=0.01 sys=0.00, real=0.00 secs] 
303.518: [GC (Allocation Failure) [PSYoungGen: 72128K->1344K(72192K)] 335902K->265118K(808960K), 0.0020966 secs] [Times: user=0.01 sys=0.00, real=0.00 secs] 
303.861: [GC (Allocation Failure) [PSYoungGen: 72000K->1344K(72192K)] 335774K->265118K(808960K), 0.0021733 secs] [Times: user=0.01 sys=0.00, real=0.00 secs] 
304.218: [GC (Allocation Failure) [PSYoungGen: 72000K->1376K(72192K)] 335774K->265150K(808960K), 0.0020396 secs] [Times: user=0.01 sys=0.00, real=0.00 secs] 
304.553: [GC (Allocation Failure) [PSYoungGen: 72032K->1437K(72192K)] 335806K->265219K(808960K), 0.0019169 secs] [Times: user=0.01 sys=0.00, real=0.01 secs] 
304.680: [GC (Allocation Failure) [PSYoungGen: 72093K->1501K(72192K)] 335875K->265283K(808960K), 0.0016336 secs] [Times: user=0.01 sys=0.00, real=0.00 secs] 
304.805: [GC (Allocation Failure) [PSYoungGen: 72157K->1533K(72192K)] 335939K->265315K(808960K), 0.0016127 secs] [Times: user=0.00 sys=0.00, real=0.00 secs] 
304.930: [GC (Allocation Failure) [PSYoungGen: 72189K->1501K(78336K)] 335971K->265307K(815104K), 0.0016307 secs] [Times: user=0.01 sys=0.00, real=0.00 secs] 
305.890: [GC (Allocation Failure) [PSYoungGen: 78301K->1392K(77824K)] 342107K->265198K(814592K), 0.0022588 secs] [Times: user=0.01 sys=0.00, real=0.00 secs] 
306.529: [GC (Allocation Failure) [PSYoungGen: 77680K->1376K(77312K)] 341486K->265190K(814080K), 0.0025152 secs] [Times: user=0.01 sys=0.00, real=0.00 secs] 
307.265: [GC (Allocation Failure) [PSYoungGen: 77152K->1344K(76800K)] 340966K->265158K(813568K), 0.0021954 secs] [Times: user=0.00 sys=0.00, real=0.00 secs] 
307.784: [GC (Allocation Failure) [PSYoungGen: 76608K->1488K(76288K)] 340422K->265302K(813056K), 0.0019661 secs] [Times: user=0.01 sys=0.00, real=0.00 secs] 
307.985: [GC (Allocation Failure) [PSYoungGen: 76208K->1533K(75776K)] 340022K->265347K(812544K), 0.0023873 secs] [Times: user=0.00 sys=0.00, real=0.00 secs] 
308.200: [GC (Allocation Failure) [PSYoungGen: 75773K->1453K(75264K)] 339587K->265267K(812032K), 0.0022405 secs] [Times: user=0.00 sys=0.00, real=0.00 secs] 
308.394: [GC (Allocation Failure) [PSYoungGen: 75181K->1501K(74752K)] 338995K->265315K(811520K), 0.0020427 secs] [Times: user=0.01 sys=0.00, real=0.00 secs] 
308.793: [GC (Allocation Failure) [PSYoungGen: 74717K->1392K(74240K)] 338531K->265214K(811008K), 0.0024322 secs] [Times: user=0.01 sys=0.00, real=0.01 secs] 
309.091: [GC (Allocation Failure) [PSYoungGen: 74096K->1408K(73728K)] 337918K->265230K(810496K), 0.0020046 secs] [Times: user=0.00 sys=0.00, real=0.00 secs] 
309.487: [GC (Allocation Failure) [PSYoungGen: 73600K->1344K(73216K)] 337422K->265166K(809984K), 0.0020893 secs] [Times: user=0.00 sys=0.00, real=0.00 secs] 
309.784: [GC (Allocation Failure) [PSYoungGen: 73024K->1344K(72704K)] 336846K->265166K(809472K), 0.0020289 secs] [Times: user=0.01 sys=0.00, real=0.00 secs] 
310.150: [GC (Allocation Failure) [PSYoungGen: 72512K->1533K(72192K)] 336334K->265379K(808960K), 0.0014812 secs] [Times: user=0.01 sys=0.00, real=0.00 secs] 
310.276: [GC (Allocation Failure) [PSYoungGen: 72189K->1533K(72192K)] 336035K->265403K(808960K), 0.0016312 secs] [Times: user=0.01 sys=0.00, real=0.00 secs] 
310.401: [GC (Allocation Failure) [PSYoungGen: 72189K->1501K(72192K)] 336059K->265371K(808960K), 0.0015132 secs] [Times: user=0.01 sys=0.00, real=0.00 secs] 
310.809: [GC (Allocation Failure) [PSYoungGen: 72157K->1456K(72192K)] 336027K->265326K(808960K), 0.0021473 secs] [Times: user=0.01 sys=0.00, real=0.00 secs] 
311.677: [GC (Allocation Failure) [PSYoungGen: 72112K->1376K(72192K)] 335982K->265246K(808960K), 0.0030969 secs] [Times: user=0.02 sys=0.00, real=0.00 secs] 
312.714: [GC (Allocation Failure) [PSYoungGen: 72032K->1360K(72192K)] 335902K->265230K(808960K), 0.0032322 secs] [Times: user=0.01 sys=0.00, real=0.00 secs] 
313.823: [GC (Allocation Failure) [PSYoungGen: 72016K->1376K(72192K)] 335886K->265246K(808960K), 0.0040937 secs] [Times: user=0.01 sys=0.00, real=0.01 secs] 
315.395: [GC (Allocation Failure) [PSYoungGen: 72032K->1504K(72192K)] 335902K->265374K(808960K), 0.0023740 secs] [Times: user=0.01 sys=0.00, real=0.00 secs] 
315.615: [GC (Allocation Failure) [PSYoungGen: 72160K->1453K(72192K)] 336030K->265323K(808960K), 0.0019374 secs] [Times: user=0.01 sys=0.00, real=0.00 secs] 
315.792: [GC (Allocation Failure) [PSYoungGen: 72109K->1453K(78848K)] 335979K->265323K(815616K), 0.0048969 secs] [Times: user=0.02 sys=0.00, real=0.01 secs] 
315.964: [GC (Allocation Failure) [PSYoungGen: 78765K->1533K(86016K)] 342635K->265403K(822784K), 0.0015655 secs] [Times: user=0.00 sys=0.00, real=0.00 secs] 
317.519: [GC (Allocation Failure) [PSYoungGen: 86013K->1392K(85504K)] 349883K->265270K(822272K), 0.0036860 secs] [Times: user=0.02 sys=0.00, real=0.00 secs] 
317.973: [GC (Allocation Failure) [PSYoungGen: 85360K->1392K(84992K)] 349238K->265270K(821760K), 0.0017119 secs] [Times: user=0.01 sys=0.00, real=0.01 secs] 
318.496: [GC (Allocation Failure) [PSYoungGen: 84848K->1408K(84480K)] 348726K->265286K(821248K), 0.0020044 secs] [Times: user=0.00 sys=0.01, real=0.00 secs] 
318.861: [GC (Allocation Failure) [PSYoungGen: 84352K->1421K(83968K)] 348230K->265299K(820736K), 0.0018909 secs] [Times: user=0.01 sys=0.00, real=0.00 secs] 
319.010: [GC (Allocation Failure) [PSYoungGen: 83853K->1501K(83456K)] 347731K->265379K(820224K), 0.0016522 secs] [Times: user=0.01 sys=0.00, real=0.00 secs] 
319.153: [GC (Allocation Failure) [PSYoungGen: 83421K->1501K(82944K)] 347299K->265379K(819712K), 0.0015733 secs] [Times: user=0.01 sys=0.00, real=0.01 secs] 
319.883: [GC (Allocation Failure) [PSYoungGen: 82909K->1472K(82432K)] 346787K->265350K(819200K), 0.0024708 secs] [Times: user=0.01 sys=0.00, real=0.01 secs] 
320.771: [GC (Allocation Failure) [PSYoungGen: 82368K->1344K(81920K)] 346246K->265230K(818688K), 0.0024280 secs] [Times: user=0.01 sys=0.00, real=0.00 secs] 
321.718: [GC (Allocation Failure) [PSYoungGen: 81728K->1408K(81408K)] 345614K->265294K(818176K), 0.0021791 secs] [Times: user=0.01 sys=0.00, real=0.00 secs] 
322.638: [GC (Allocation Failure) [PSYoungGen: 81280K->1344K(80896K)] 345166K->265230K(817664K), 0.0031092 secs] [Times: user=0.01 sys=0.00, real=0.00 secs] 
323.166: [GC (Allocation Failure) [PSYoungGen: 80704K->1453K(80384K)] 344590K->265339K(817152K), 0.0018597 secs] [Times: user=0.01 sys=0.00, real=0.00 secs] 
323.312: [GC (Allocation Failure) [PSYoungGen: 80301K->1533K(79872K)] 344187K->265435K(816640K), 0.0015466 secs] [Times: user=0.01 sys=0.00, real=0.00 secs] 
323.471: [GC (Allocation Failure) [PSYoungGen: 79869K->1437K(79360K)] 343771K->265339K(816128K), 0.0019489 secs] [Times: user=0.00 sys=0.00, real=0.00 secs] 
323.840: [GC (Allocation Failure) [PSYoungGen: 79261K->1456K(78848K)] 343163K->265358K(815616K), 0.0018540 secs] [Times: user=0.00 sys=0.00, real=0.00 secs] 
324.567: [GC (Allocation Failure) [PSYoungGen: 78768K->1344K(78336K)] 342670K->265246K(815104K), 0.0022879 secs] [Times: user=0.01 sys=0.00, real=0.00 secs] 
325.330: [GC (Allocation Failure) [PSYoungGen: 78144K->1408K(77824K)] 342046K->265326K(814592K), 0.0017360 secs] [Times: user=0.01 sys=0.00, real=0.00 secs] 
326.162: [GC (Allocation Failure) [PSYoungGen: 77696K->1376K(77312K)] 341614K->265294K(814080K), 0.0020919 secs] [Times: user=0.01 sys=0.00, real=0.01 secs] 
326.672: [GC (Allocation Failure) [PSYoungGen: 77152K->1488K(76800K)] 341070K->265406K(813568K), 0.0019790 secs] [Times: user=0.00 sys=0.00, real=0.00 secs] 
326.830: [GC (Allocation Failure) [PSYoungGen: 76752K->1501K(76288K)] 340670K->265419K(813056K), 0.0017366 secs] [Times: user=0.01 sys=0.00, real=0.00 secs] 
326.983: [GC (Allocation Failure) [PSYoungGen: 76253K->1421K(75776K)] 340171K->265339K(812544K), 0.0018618 secs] [Times: user=0.01 sys=0.00, real=0.01 secs] 
327.795: [GC (Allocation Failure) [PSYoungGen: 75661K->1488K(75264K)] 339579K->265414K(812032K), 0.0027931 secs] [Times: user=0.01 sys=0.00, real=0.00 secs] 
328.897: [GC (Allocation Failure) [PSYoungGen: 75216K->1344K(74752K)] 339142K->265270K(811520K), 0.0031900 secs] [Times: user=0.01 sys=0.01, real=0.00 secs] 
330.130: [GC (Allocation Failure) [PSYoungGen: 74560K->1376K(74240K)] 338486K->265302K(811008K), 0.0026122 secs] [Times: user=0.01 sys=0.00, real=0.00 secs] 
331.018: [GC (Allocation Failure) [PSYoungGen: 74080K->1376K(73728K)] 338006K->265302K(810496K), 0.0029477 secs] [Times: user=0.01 sys=0.00, real=0.00 secs] 
331.598: [GC (Allocation Failure) [PSYoungGen: 73568K->1488K(73216K)] 337494K->265414K(809984K), 0.0018980 secs] [Times: user=0.01 sys=0.00, real=0.00 secs] 
331.733: [GC (Allocation Failure) [PSYoungGen: 73168K->1469K(72704K)] 337094K->265395K(809472K), 0.0016810 secs] [Times: user=0.00 sys=0.00, real=0.01 secs] 
331.859: [GC (Allocation Failure) [PSYoungGen: 72637K->1501K(72192K)] 336563K->265427K(808960K), 0.0016299 secs] [Times: user=0.00 sys=0.00, real=0.00 secs] 
331.984: [GC (Allocation Failure) [PSYoungGen: 72157K->1437K(72192K)] 336083K->265363K(808960K), 0.0015067 secs] [Times: user=0.00 sys=0.00, real=0.01 secs] 
332.901: [GC (Allocation Failure) [PSYoungGen: 72093K->1424K(72192K)] 336019K->265350K(808960K), 0.0023501 secs] [Times: user=0.00 sys=0.00, real=0.00 secs] 
333.878: [GC (Allocation Failure) [PSYoungGen: 72080K->1328K(72192K)] 336006K->265254K(808960K), 0.0023452 secs] [Times: user=0.01 sys=0.00, real=0.00 secs] 
334.791: [GC (Allocation Failure) [PSYoungGen: 71984K->1376K(72192K)] 335910K->265310K(808960K), 0.0028138 secs] [Times: user=0.01 sys=0.00, real=0.00 secs] 
336.122: [GC (Allocation Failure) [PSYoungGen: 72032K->1376K(72192K)] 335966K->265310K(808960K), 0.0032606 secs] [Times: user=0.02 sys=0.00, real=0.01 secs] 
336.651: [GC (Allocation Failure) [PSYoungGen: 72032K->1501K(72192K)] 335966K->265435K(808960K), 0.0021366 secs] [Times: user=0.00 sys=0.00, real=0.00 secs] 
336.784: [GC (Allocation Failure) [PSYoungGen: 72157K->1501K(72192K)] 336091K->265435K(808960K), 0.0015491 secs] [Times: user=0.01 sys=0.00, real=0.01 secs] 
336.909: [GC (Allocation Failure) [PSYoungGen: 72157K->1472K(72192K)] 336091K->265406K(808960K), 0.0017750 secs] [Times: user=0.01 sys=0.00, real=0.00 secs] 
337.552: [GC (Allocation Failure) [PSYoungGen: 72128K->1472K(72192K)] 336062K->265414K(808960K), 0.0016990 secs] [Times: user=0.00 sys=0.00, real=0.00 secs] 
338.328: [GC (Allocation Failure) [PSYoungGen: 72128K->1376K(72192K)] 336070K->265318K(808960K), 0.0031219 secs] [Times: user=0.01 sys=0.00, real=0.00 secs] 
338.794: [GC (Allocation Failure) [PSYoungGen: 72032K->1392K(72192K)] 335974K->265334K(808960K), 0.0019866 secs] [Times: user=0.01 sys=0.00, real=0.01 secs] 
339.099: [GC (Allocation Failure) [PSYoungGen: 72048K->1344K(72192K)] 335990K->265286K(808960K), 0.0020683 secs] [Times: user=0.01 sys=0.00, real=0.00 secs] 
339.478: [GC (Allocation Failure) [PSYoungGen: 71980K->1469K(72192K)] 335923K->265411K(808960K), 0.0018125 secs] [Times: user=0.00 sys=0.00, real=0.00 secs] 
339.644: [GC (Allocation Failure) [PSYoungGen: 72125K->1485K(72192K)] 336067K->265427K(808960K), 0.0018116 secs] [Times: user=0.00 sys=0.00, real=0.01 secs] 
339.801: [GC (Allocation Failure) [PSYoungGen: 72141K->1533K(72192K)] 336083K->265475K(808960K), 0.0015397 secs] [Times: user=0.00 sys=0.00, real=0.00 secs] 
339.926: [GC (Allocation Failure) [PSYoungGen: 72189K->1501K(72192K)] 336131K->265443K(808960K), 0.0016719 secs] [Times: user=0.01 sys=0.00, real=0.00 secs] 
340.469: [GC (Allocation Failure) [PSYoungGen: 72157K->1472K(72192K)] 336099K->265430K(808960K), 0.0026892 secs] [Times: user=0.01 sys=0.00, real=0.00 secs] 
341.363: [GC (Allocation Failure) [PSYoungGen: 72128K->1376K(72192K)] 336086K->265334K(808960K), 0.0044296 secs] [Times: user=0.02 sys=0.00, real=0.01 secs] 
341.798: [GC (Allocation Failure) [PSYoungGen: 72032K->1376K(72192K)] 335990K->265350K(808960K), 0.0019552 secs] [Times: user=0.01 sys=0.00, real=0.00 secs] 
342.410: [GC (Allocation Failure) [PSYoungGen: 72032K->1376K(72192K)] 336006K->265350K(808960K), 0.0020040 secs] [Times: user=0.01 sys=0.00, real=0.00 secs] 
342.831: [GC (Allocation Failure) [PSYoungGen: 72032K->1456K(72192K)] 336006K->265430K(808960K), 0.0023225 secs] [Times: user=0.01 sys=0.00, real=0.00 secs] 
343.014: [GC (Allocation Failure) [PSYoungGen: 72112K->1533K(72192K)] 336086K->265507K(808960K), 0.0015550 secs] [Times: user=0.01 sys=0.00, real=0.00 secs] 
343.143: [GC (Allocation Failure) [PSYoungGen: 72189K->1501K(72192K)] 336163K->265475K(808960K), 0.0015420 secs] [Times: user=0.01 sys=0.00, real=0.01 secs] 
343.400: [GC (Allocation Failure) [PSYoungGen: 72157K->1520K(72192K)] 336131K->265494K(808960K), 0.0019920 secs] [Times: user=0.01 sys=0.00, real=0.00 secs] 
344.078: [GC (Allocation Failure) [PSYoungGen: 72176K->1376K(72192K)] 336150K->265350K(808960K), 0.0028092 secs] [Times: user=0.01 sys=0.00, real=0.00 secs] 
344.540: [GC (Allocation Failure) [PSYoungGen: 72032K->1360K(72192K)] 336006K->265334K(808960K), 0.0031719 secs] [Times: user=0.01 sys=0.00, real=0.00 secs] 
344.926: [GC (Allocation Failure) [PSYoungGen: 72016K->1376K(72192K)] 335990K->265350K(808960K), 0.0020016 secs] [Times: user=0.01 sys=0.00, real=0.00 secs] 
345.725: [GC (Allocation Failure) [PSYoungGen: 72032K->1469K(72192K)] 336006K->265443K(808960K), 0.0024190 secs] [Times: user=0.01 sys=0.00, real=0.00 secs] 
345.887: [GC (Allocation Failure) [PSYoungGen: 72125K->1501K(72192K)] 336099K->265475K(808960K), 0.0015358 secs] [Times: user=0.01 sys=0.00, real=0.00 secs] 
346.012: [GC (Allocation Failure) [PSYoungGen: 72157K->1501K(72192K)] 336131K->265475K(808960K), 0.0015678 secs] [Times: user=0.00 sys=0.00, real=0.00 secs] 
346.153: [GC (Allocation Failure) [PSYoungGen: 72157K->1501K(72192K)] 336131K->265475K(808960K), 0.0017227 secs] [Times: user=0.01 sys=0.00, real=0.01 secs] 
346.485: [GC (Allocation Failure) [PSYoungGen: 72157K->1408K(72192K)] 336131K->265398K(808960K), 0.0031834 secs] [Times: user=0.02 sys=0.00, real=0.00 secs] 
346.906: [GC (Allocation Failure) [PSYoungGen: 72064K->1360K(72192K)] 336054K->265350K(808960K), 0.0017800 secs] [Times: user=0.00 sys=0.00, real=0.00 secs] 
347.488: [GC (Allocation Failure) [PSYoungGen: 72016K->1408K(72192K)] 336006K->265398K(808960K), 0.0021731 secs] [Times: user=0.01 sys=0.00, real=0.00 secs] 
348.513: [GC (Allocation Failure) [PSYoungGen: 72064K->1344K(72192K)] 336054K->265334K(808960K), 0.0026934 secs] [Times: user=0.01 sys=0.00, real=0.01 secs] 
349.692: [GC (Allocation Failure) [PSYoungGen: 72000K->1501K(72192K)] 335990K->265491K(808960K), 0.0023946 secs] [Times: user=0.01 sys=0.00, real=0.01 secs] 
349.850: [GC (Allocation Failure) [PSYoungGen: 72157K->1440K(72192K)] 336147K->265430K(808960K), 0.0014798 secs] [Times: user=0.01 sys=0.00, real=0.00 secs] 
349.975: [GC (Allocation Failure) [PSYoungGen: 72096K->1440K(72192K)] 336086K->265430K(808960K), 0.0016263 secs] [Times: user=0.00 sys=0.00, real=0.00 secs] 
350.101: [GC (Allocation Failure) [PSYoungGen: 72096K->1501K(72192K)] 336086K->265507K(808960K), 0.0015261 secs] [Times: user=0.00 sys=0.00, real=0.00 secs] 
352.131: [GC (Allocation Failure) [PSYoungGen: 72157K->1408K(72192K)] 336163K->265414K(808960K), 0.0044270 secs] [Times: user=0.01 sys=0.00, real=0.01 secs] 
353.121: [GC (Allocation Failure) [PSYoungGen: 72064K->1376K(72192K)] 336070K->265382K(808960K), 0.0021569 secs] [Times: user=0.00 sys=0.01, real=0.00 secs] 
353.836: [GC (Allocation Failure) [PSYoungGen: 72032K->1376K(72192K)] 336038K->265398K(808960K), 0.0021185 secs] [Times: user=0.01 sys=0.01, real=0.00 secs] 
354.365: [GC (Allocation Failure) [PSYoungGen: 72032K->1344K(72192K)] 336054K->265374K(808960K), 0.0021709 secs] [Times: user=0.01 sys=0.00, real=0.00 secs] 
354.734: [GC (GCLocker Initiated GC) [PSYoungGen: 72000K->1501K(72192K)] 336030K->265531K(808960K), 0.0015974 secs] [Times: user=0.01 sys=0.00, real=0.01 secs] 
354.859: [GC (Allocation Failure) [PSYoungGen: 72157K->1373K(72192K)] 336254K->265470K(808960K), 0.0014369 secs] [Times: user=0.00 sys=0.00, real=0.00 secs] 
354.984: [GC (Allocation Failure) [PSYoungGen: 72029K->1533K(72192K)] 336126K->265630K(808960K), 0.0016532 secs] [Times: user=0.01 sys=0.00, real=0.00 secs] 
355.271: [GC (Allocation Failure) [PSYoungGen: 72189K->1504K(72192K)] 336286K->265609K(808960K), 0.0017908 secs] [Times: user=0.00 sys=0.00, real=0.00 secs] 
355.933: [GC (Allocation Failure) [PSYoungGen: 72160K->1360K(72192K)] 336265K->265465K(808960K), 0.0019326 secs] [Times: user=0.01 sys=0.00, real=0.01 secs] 
356.315: [GC (Allocation Failure) [PSYoungGen: 72016K->1408K(72192K)] 336121K->265513K(808960K), 0.0020333 secs] [Times: user=0.01 sys=0.00, real=0.00 secs] 
356.608: [GC (Allocation Failure) [PSYoungGen: 72064K->1408K(72192K)] 336169K->265513K(808960K), 0.0019331 secs] [Times: user=0.00 sys=0.00, real=0.00 secs] 
356.984: [GC (Allocation Failure) [PSYoungGen: 72064K->1501K(72192K)] 336169K->265606K(808960K), 0.0017988 secs] [Times: user=0.00 sys=0.00, real=0.01 secs] 
357.117: [GC (Allocation Failure) [PSYoungGen: 72157K->1533K(72192K)] 336262K->265638K(808960K), 0.0016647 secs] [Times: user=0.01 sys=0.00, real=0.00 secs] 
357.243: [GC (Allocation Failure) [PSYoungGen: 72189K->1504K(72192K)] 336294K->265609K(808960K), 0.0015723 secs] [Times: user=0.00 sys=0.00, real=0.01 secs] 
357.368: [GC (Allocation Failure) [PSYoungGen: 72160K->1504K(78336K)] 336265K->265609K(815104K), 0.0016056 secs] [Times: user=0.01 sys=0.00, real=0.00 secs] 
358.233: [GC (Allocation Failure) [PSYoungGen: 78304K->1456K(77824K)] 342409K->265561K(814592K), 0.0022406 secs] [Times: user=0.01 sys=0.00, real=0.01 secs] 
358.862: [GC (Allocation Failure) [PSYoungGen: 77744K->1376K(77312K)] 341849K->265481K(814080K), 0.0023182 secs] [Times: user=0.01 sys=0.00, real=0.01 secs] 
359.300: [GC (Allocation Failure) [PSYoungGen: 77152K->1376K(76800K)] 341257K->265481K(813568K), 0.0019922 secs] [Times: user=0.01 sys=0.00, real=0.00 secs] 
359.764: [GC (Allocation Failure) [PSYoungGen: 76640K->1472K(76288K)] 340745K->265577K(813056K), 0.0021184 secs] [Times: user=0.01 sys=0.00, real=0.00 secs] 
360.047: [GC (Allocation Failure) [PSYoungGen: 76224K->1533K(75776K)] 340329K->265662K(812544K), 0.0015668 secs] [Times: user=0.01 sys=0.00, real=0.00 secs] 
360.199: [GC (Allocation Failure) [PSYoungGen: 75773K->1453K(75264K)] 339902K->265598K(812032K), 0.0019533 secs] [Times: user=0.00 sys=0.00, real=0.00 secs] 
360.372: [GC (Allocation Failure) [PSYoungGen: 75181K->1485K(74752K)] 339326K->265638K(811520K), 0.0018397 secs] [Times: user=0.01 sys=0.00, real=0.01 secs] 
360.997: [GC (Allocation Failure) [PSYoungGen: 74701K->1424K(74240K)] 338854K->265585K(811008K), 0.0026506 secs] [Times: user=0.01 sys=0.00, real=0.00 secs] 
361.770: [GC (Allocation Failure) [PSYoungGen: 74128K->1376K(73728K)] 338289K->265537K(810496K), 0.0021338 secs] [Times: user=0.01 sys=0.00, real=0.00 secs] 
362.610: [GC (Allocation Failure) [PSYoungGen: 73568K->1344K(73216K)] 337729K->265505K(809984K), 0.0022602 secs] [Times: user=0.01 sys=0.00, real=0.00 secs] 
364.070: [GC (Allocation Failure) [PSYoungGen: 73024K->1408K(72704K)] 337185K->265569K(809472K), 0.0035071 secs] [Times: user=0.02 sys=0.00, real=0.00 secs] 
364.867: [GC (Allocation Failure) [PSYoungGen: 72576K->1485K(72192K)] 336737K->265646K(808960K), 0.0024959 secs] [Times: user=0.01 sys=0.00, real=0.00 secs] 
365.028: [GC (Allocation Failure) [PSYoungGen: 72113K->1485K(72192K)] 336274K->265646K(808960K), 0.0016366 secs] [Times: user=0.00 sys=0.00, real=0.00 secs] 
365.153: [GC (Allocation Failure) [PSYoungGen: 72141K->1485K(72192K)] 336302K->265646K(808960K), 0.0016755 secs] [Times: user=0.01 sys=0.00, real=0.01 secs] 
365.278: [GC (Allocation Failure) [PSYoungGen: 72141K->1485K(72192K)] 336302K->265646K(808960K), 0.0015734 secs] [Times: user=0.00 sys=0.00, real=0.00 secs] 
365.857: [GC (Allocation Failure) [PSYoungGen: 72141K->1440K(72192K)] 336302K->265617K(808960K), 0.0017370 secs] [Times: user=0.00 sys=0.00, real=0.00 secs] 
366.711: [GC (Allocation Failure) [PSYoungGen: 72096K->1376K(72192K)] 336273K->265561K(808960K), 0.0023975 secs] [Times: user=0.01 sys=0.00, real=0.00 secs] 
367.515: [GC (Allocation Failure) [PSYoungGen: 72032K->1392K(72192K)] 336217K->265577K(808960K), 0.0021249 secs] [Times: user=0.00 sys=0.00, real=0.00 secs] 
368.276: [GC (Allocation Failure) [PSYoungGen: 72048K->1408K(72192K)] 336233K->265593K(808960K), 0.0021710 secs] [Times: user=0.01 sys=0.00, real=0.00 secs] 
368.570: [GC (Allocation Failure) [PSYoungGen: 72064K->1437K(72192K)] 336249K->265622K(808960K), 0.0017262 secs] [Times: user=0.01 sys=0.00, real=0.00 secs] 
368.699: [GC (Allocation Failure) [PSYoungGen: 72093K->1485K(72192K)] 336278K->265670K(808960K), 0.0014867 secs] [Times: user=0.00 sys=0.00, real=0.00 secs] 
368.824: [GC (Allocation Failure) [PSYoungGen: 72141K->1485K(72192K)] 336326K->265670K(808960K), 0.0018891 secs] [Times: user=0.01 sys=0.00, real=0.00 secs] 
369.591: [GC (Allocation Failure) [PSYoungGen: 72141K->1440K(72192K)] 336326K->265649K(808960K), 0.0021290 secs] [Times: user=0.01 sys=0.01, real=0.00 secs] 
370.925: [GC (Allocation Failure) [PSYoungGen: 72096K->1376K(72192K)] 336305K->265585K(808960K), 0.0026436 secs] [Times: user=0.01 sys=0.00, real=0.00 secs] 
372.209: [GC (Allocation Failure) [PSYoungGen: 72032K->1376K(72192K)] 336241K->265593K(808960K), 0.0038076 secs] [Times: user=0.01 sys=0.00, real=0.00 secs] 
373.493: [GC (Allocation Failure) [PSYoungGen: 72032K->1376K(72192K)] 336249K->265593K(808960K), 0.0032971 secs] [Times: user=0.01 sys=0.00, real=0.01 secs] 
374.350: [GC (Allocation Failure) [PSYoungGen: 72032K->1437K(72192K)] 336249K->265678K(808960K), 0.0026823 secs] [Times: user=0.01 sys=0.00, real=0.00 secs] 
374.538: [GC (Allocation Failure) [PSYoungGen: 72093K->1536K(72704K)] 336334K->265777K(809472K), 0.0015455 secs] [Times: user=0.01 sys=0.00, real=0.00 secs] 
374.665: [GC (Allocation Failure) [PSYoungGen: 72192K->461K(71168K)] 336433K->265726K(807936K), 0.0017609 secs] [Times: user=0.01 sys=0.00, real=0.00 secs] 
374.819: [GC (Allocation Failure) [PSYoungGen: 71117K->525K(72704K)] 336382K->265790K(809472K), 0.0019305 secs] [Times: user=0.01 sys=0.00, real=0.00 secs] 
375.846: [GC (Allocation Failure) [PSYoungGen: 71181K->1392K(72192K)] 336446K->266657K(808960K), 0.0028314 secs] [Times: user=0.01 sys=0.00, real=0.00 secs] 
377.110: [GC (Allocation Failure) [PSYoungGen: 72048K->1376K(72192K)] 337313K->266641K(808960K), 0.0035175 secs] [Times: user=0.01 sys=0.00, real=0.00 secs] 
378.438: [GC (Allocation Failure) [PSYoungGen: 72032K->1376K(72192K)] 337297K->266641K(808960K), 0.0036384 secs] [Times: user=0.02 sys=0.00, real=0.00 secs] 
379.329: [GC (Allocation Failure) [PSYoungGen: 72032K->1376K(72192K)] 337297K->266641K(808960K), 0.0022839 secs] [Times: user=0.01 sys=0.00, real=0.00 secs] 
380.122: [GC (Allocation Failure) [PSYoungGen: 72032K->1520K(72192K)] 337297K->266793K(808960K), 0.0020775 secs] [Times: user=0.01 sys=0.00, real=0.01 secs] 
380.269: [GC (Allocation Failure) [PSYoungGen: 72176K->1469K(72192K)] 337449K->266742K(808960K), 0.0015732 secs] [Times: user=0.00 sys=0.00, real=0.00 secs] 
380.394: [GC (Allocation Failure) [PSYoungGen: 72125K->1485K(72192K)] 337398K->266758K(808960K), 0.0015165 secs] [Times: user=0.00 sys=0.01, real=0.01 secs] 
380.518: [GC (Allocation Failure) [PSYoungGen: 72141K->1517K(72192K)] 337414K->266806K(808960K), 0.0018566 secs] [Times: user=0.01 sys=0.00, real=0.00 secs] 
381.495: [GC (Allocation Failure) [PSYoungGen: 72173K->1408K(72192K)] 337462K->266705K(808960K), 0.0026981 secs] [Times: user=0.01 sys=0.00, real=0.00 secs] 
382.845: [GC (Allocation Failure) [PSYoungGen: 72064K->1344K(72192K)] 337361K->266641K(808960K), 0.0023520 secs] [Times: user=0.01 sys=0.00, real=0.00 secs] 
384.174: [GC (Allocation Failure) [PSYoungGen: 72000K->1408K(72192K)] 337297K->266705K(808960K), 0.0021105 secs] [Times: user=0.01 sys=0.00, real=0.00 secs] 
384.512: [GC (Allocation Failure) [PSYoungGen: 72064K->1437K(72192K)] 337361K->266734K(808960K), 0.0019496 secs] [Times: user=0.01 sys=0.00, real=0.01 secs] 
384.645: [GC (Allocation Failure) [PSYoungGen: 72093K->1517K(72192K)] 337390K->266814K(808960K), 0.0016521 secs] [Times: user=0.01 sys=0.00, real=0.00 secs] 
384.772: [GC (Allocation Failure) [PSYoungGen: 72173K->1456K(72192K)] 337470K->266769K(808960K), 0.0016205 secs] [Times: user=0.00 sys=0.00, real=0.01 secs] 
384.897: [GC (Allocation Failure) [PSYoungGen: 72112K->1501K(72192K)] 337425K->266814K(808960K), 0.0015785 secs] [Times: user=0.00 sys=0.00, real=0.00 secs] 
385.167: [GC (Allocation Failure) [PSYoungGen: 72157K->1392K(72192K)] 337470K->266713K(808960K), 0.0019600 secs] [Times: user=0.01 sys=0.00, real=0.00 secs] 
385.461: [GC (Allocation Failure) [PSYoungGen: 72048K->1408K(72192K)] 337369K->266729K(808960K), 0.0017087 secs] [Times: user=0.01 sys=0.00, real=0.00 secs] 
385.754: [GC (Allocation Failure) [PSYoungGen: 72064K->1376K(72192K)] 337385K->266697K(808960K), 0.0018764 secs] [Times: user=0.01 sys=0.00, real=0.00 secs] 
386.130: [GC (Allocation Failure) [PSYoungGen: 72032K->1376K(72192K)] 337353K->266697K(808960K), 0.0017320 secs] [Times: user=0.00 sys=0.00, real=0.00 secs] 
386.460: [GC (Allocation Failure) [PSYoungGen: 72032K->1453K(72192K)] 337353K->266782K(808960K), 0.0019061 secs] [Times: user=0.01 sys=0.00, real=0.00 secs] 
386.590: [GC (Allocation Failure) [PSYoungGen: 72109K->1472K(72192K)] 337438K->266801K(808960K), 0.0014400 secs] [Times: user=0.00 sys=0.00, real=0.00 secs] 
386.715: [GC (Allocation Failure) [PSYoungGen: 72128K->1437K(72192K)] 337457K->266766K(808960K), 0.0017012 secs] [Times: user=0.01 sys=0.00, real=0.00 secs] 
386.842: [GC (Allocation Failure) [PSYoungGen: 72093K->1453K(78336K)] 337422K->266782K(815104K), 0.0014504 secs] [Times: user=0.01 sys=0.00, real=0.00 secs] 
387.158: [GC (Allocation Failure) [PSYoungGen: 78253K->1440K(77824K)] 343582K->266777K(814592K), 0.0018034 secs] [Times: user=0.00 sys=0.00, real=0.00 secs] 
387.475: [GC (Allocation Failure) [PSYoungGen: 77728K->1408K(77312K)] 343065K->266745K(814080K), 0.0015102 secs] [Times: user=0.01 sys=0.00, real=0.00 secs] 
387.973: [GC (Allocation Failure) [PSYoungGen: 77184K->1440K(76800K)] 342521K->266777K(813568K), 0.0016933 secs] [Times: user=0.00 sys=0.00, real=0.01 secs] 
388.497: [GC (Allocation Failure) [PSYoungGen: 76704K->1501K(76288K)] 342041K->266838K(813056K), 0.0019853 secs] [Times: user=0.01 sys=0.00, real=0.00 secs] 
388.652: [GC (Allocation Failure) [PSYoungGen: 76250K->1485K(75776K)] 341588K->266846K(812544K), 0.0016185 secs] [Times: user=0.00 sys=0.00, real=0.01 secs] 
388.788: [GC (Allocation Failure) [PSYoungGen: 75725K->1485K(75264K)] 341086K->266846K(812032K), 0.0014953 secs] [Times: user=0.01 sys=0.00, real=0.00 secs] 
388.918: [GC (Allocation Failure) [PSYoungGen: 75213K->1456K(74752K)] 340574K->266817K(811520K), 0.0018228 secs] [Times: user=0.01 sys=0.00, real=0.00 secs] 
389.561: [GC (Allocation Failure) [PSYoungGen: 74672K->1456K(74240K)] 340033K->266833K(811008K), 0.0019553 secs] [Times: user=0.01 sys=0.00, real=0.00 secs] 
390.536: [GC (Allocation Failure) [PSYoungGen: 74160K->1408K(73728K)] 339537K->266785K(810496K), 0.0028704 secs] [Times: user=0.01 sys=0.00, real=0.00 secs] 
391.674: [GC (Allocation Failure) [PSYoungGen: 73600K->1344K(73216K)] 338977K->266721K(809984K), 0.0025232 secs] [Times: user=0.01 sys=0.00, real=0.00 secs] 
392.710: [GC (Allocation Failure) [PSYoungGen: 73024K->1344K(72704K)] 338401K->266721K(809472K), 0.0075536 secs] [Times: user=0.03 sys=0.00, real=0.01 secs] 
393.243: [GC (Allocation Failure) [PSYoungGen: 72512K->1453K(72192K)] 337889K->266838K(808960K), 0.0018485 secs] [Times: user=0.01 sys=0.00, real=0.01 secs] 
393.376: [GC (Allocation Failure) [PSYoungGen: 72109K->1453K(72192K)] 337494K->266838K(808960K), 0.0015178 secs] [Times: user=0.01 sys=0.00, real=0.00 secs] 
393.502: [GC (Allocation Failure) [PSYoungGen: 72109K->1520K(72192K)] 337494K->266905K(808960K), 0.0017012 secs] [Times: user=0.00 sys=0.00, real=0.00 secs] 
393.669: [GC (Allocation Failure) [PSYoungGen: 72176K->1568K(72704K)] 337561K->266953K(809472K), 0.0017582 secs] [Times: user=0.01 sys=0.00, real=0.00 secs] 
394.036: [GC (Allocation Failure) [PSYoungGen: 72224K->384K(71168K)] 337609K->266793K(807936K), 0.0018726 secs] [Times: user=0.01 sys=0.00, real=0.00 secs] 
394.330: [GC (Allocation Failure) [PSYoungGen: 71040K->384K(72704K)] 337449K->266793K(809472K), 0.0017782 secs] [Times: user=0.00 sys=0.00, real=0.00 secs] 
394.624: [GC (Allocation Failure) [PSYoungGen: 71040K->352K(71168K)] 337449K->266761K(807936K), 0.0019000 secs] [Times: user=0.00 sys=0.00, real=0.01 secs] 
395.180: [GC (Allocation Failure) [PSYoungGen: 71008K->1501K(72704K)] 337417K->267910K(809472K), 0.0018844 secs] [Times: user=0.01 sys=0.00, real=0.00 secs] 
395.393: [GC (Allocation Failure) [PSYoungGen: 72157K->1485K(72192K)] 338566K->267894K(808960K), 0.0024287 secs] [Times: user=0.01 sys=0.00, real=0.01 secs] 
395.550: [GC (Allocation Failure) [PSYoungGen: 72141K->1488K(72192K)] 338550K->267897K(808960K), 0.0017632 secs] [Times: user=0.01 sys=0.00, real=0.00 secs] 
395.694: [GC (Allocation Failure) [PSYoungGen: 72144K->1520K(72192K)] 338553K->267929K(808960K), 0.0017956 secs] [Times: user=0.00 sys=0.00, real=0.00 secs] 
396.303: [GC (Allocation Failure) [PSYoungGen: 72176K->1440K(72192K)] 338585K->267865K(808960K), 0.0029150 secs] [Times: user=0.01 sys=0.00, real=0.01 secs] 
397.156: [GC (Allocation Failure) [PSYoungGen: 72096K->1408K(72192K)] 338521K->267833K(808960K), 0.0022825 secs] [Times: user=0.01 sys=0.00, real=0.00 secs] 
398.087: [GC (Allocation Failure) [PSYoungGen: 72064K->1344K(72192K)] 338489K->267769K(808960K), 0.0026846 secs] [Times: user=0.01 sys=0.00, real=0.00 secs] 
399.001: [GC (Allocation Failure) [PSYoungGen: 72000K->1408K(72192K)] 338425K->267833K(808960K), 0.0019746 secs] [Times: user=0.00 sys=0.00, real=0.00 secs] 
400.337: [GC (Allocation Failure) [PSYoungGen: 72064K->1421K(72192K)] 338489K->267846K(808960K), 0.0022212 secs] [Times: user=0.01 sys=0.00, real=0.00 secs] 
400.527: [GC (Allocation Failure) [PSYoungGen: 72077K->1517K(72192K)] 338502K->267942K(808960K), 0.0022543 secs] [Times: user=0.01 sys=0.00, real=0.00 secs] 
400.685: [GC (Allocation Failure) [PSYoungGen: 72173K->1469K(72192K)] 338598K->267894K(808960K), 0.0018126 secs] [Times: user=0.01 sys=0.00, real=0.00 secs] 
400.809: [GC (Allocation Failure) [PSYoungGen: 72123K->1517K(72192K)] 338549K->267998K(808960K), 0.0017250 secs] [Times: user=0.01 sys=0.00, real=0.00 secs] 
401.229: [GC (Allocation Failure) [PSYoungGen: 72173K->1456K(72192K)] 338654K->267945K(808960K), 0.0020167 secs] [Times: user=0.01 sys=0.00, real=0.00 secs] 
401.581: [GC (Allocation Failure) [PSYoungGen: 72112K->1408K(72192K)] 338601K->267897K(808960K), 0.0017183 secs] [Times: user=0.01 sys=0.00, real=0.00 secs] 
401.909: [GC (Allocation Failure) [PSYoungGen: 72064K->1376K(72192K)] 338553K->267865K(808960K), 0.0020434 secs] [Times: user=0.01 sys=0.00, real=0.00 secs] 
402.202: [GC (Allocation Failure) [PSYoungGen: 72032K->1360K(72192K)] 338521K->267865K(808960K), 0.0018789 secs] [Times: user=0.00 sys=0.00, real=0.01 secs] 
402.413: [GC (Allocation Failure) [PSYoungGen: 72016K->1533K(72192K)] 338521K->268038K(808960K), 0.0016841 secs] [Times: user=0.01 sys=0.00, real=0.01 secs] 
402.537: [GC (Allocation Failure) [PSYoungGen: 72189K->1533K(72192K)] 338694K->268070K(808960K), 0.0014372 secs] [Times: user=0.01 sys=0.00, real=0.00 secs] 
402.662: [GC (Allocation Failure) [PSYoungGen: 72189K->1440K(72192K)] 338726K->267993K(808960K), 0.0016158 secs] [Times: user=0.00 sys=0.00, real=0.00 secs] 
402.955: [GC (Allocation Failure) [PSYoungGen: 72096K->1376K(72192K)] 338649K->267929K(808960K), 0.0016743 secs] [Times: user=0.01 sys=0.00, real=0.00 secs] 
403.249: [GC (Allocation Failure) [PSYoungGen: 72032K->1392K(72192K)] 338585K->267945K(808960K), 0.0018820 secs] [Times: user=0.00 sys=0.00, real=0.00 secs] 
403.542: [GC (Allocation Failure) [PSYoungGen: 72048K->1408K(72192K)] 338601K->267961K(808960K), 0.0017173 secs] [Times: user=0.01 sys=0.00, real=0.01 secs] 
404.072: [GC (Allocation Failure) [PSYoungGen: 72064K->1376K(72192K)] 338617K->267929K(808960K), 0.0020599 secs] [Times: user=0.01 sys=0.00, real=0.00 secs] 
404.530: [GC (Allocation Failure) [PSYoungGen: 72032K->1437K(72192K)] 338585K->267990K(808960K), 0.0017398 secs] [Times: user=0.00 sys=0.00, real=0.00 secs] 
404.662: [GC (Allocation Failure) [PSYoungGen: 72093K->1472K(72192K)] 338646K->268025K(808960K), 0.0016447 secs] [Times: user=0.01 sys=0.00, real=0.01 secs] 
404.789: [GC (Allocation Failure) [PSYoungGen: 72128K->1440K(72192K)] 338681K->267993K(808960K), 0.0014687 secs] [Times: user=0.01 sys=0.00, real=0.00 secs] 
404.912: [GC (Allocation Failure) [PSYoungGen: 72096K->1485K(72192K)] 338649K->268038K(808960K), 0.0016649 secs] [Times: user=0.00 sys=0.00, real=0.01 secs] 
405.526: [GC (Allocation Failure) [PSYoungGen: 72141K->1408K(72192K)] 338694K->267969K(808960K), 0.0019505 secs] [Times: user=0.01 sys=0.00, real=0.00 secs] 
406.357: [GC (Allocation Failure) [PSYoungGen: 72064K->1408K(72192K)] 338625K->267969K(808960K), 0.0026835 secs] [Times: user=0.01 sys=0.00, real=0.00 secs] 
407.081: [GC (Allocation Failure) [PSYoungGen: 72064K->1408K(72192K)] 338625K->267969K(808960K), 0.0028924 secs] [Times: user=0.01 sys=0.00, real=0.01 secs] 
407.856: [GC (Allocation Failure) [PSYoungGen: 72064K->1376K(72192K)] 338625K->267937K(808960K), 0.0025777 secs] [Times: user=0.01 sys=0.00, real=0.00 secs] 
408.856: [GC (Allocation Failure) [PSYoungGen: 72032K->1421K(72192K)] 338593K->267982K(808960K), 0.0019874 secs] [Times: user=0.00 sys=0.00, real=0.00 secs] 
409.071: [GC (Allocation Failure) [PSYoungGen: 72077K->1453K(72192K)] 338638K->268014K(808960K), 0.0024051 secs] [Times: user=0.01 sys=0.00, real=0.00 secs] 
409.222: [GC (Allocation Failure) [PSYoungGen: 72109K->1440K(72192K)] 338670K->268001K(808960K), 0.0017122 secs] [Times: user=0.00 sys=0.00, real=0.00 secs] 
409.346: [GC (Allocation Failure) [PSYoungGen: 72069K->1501K(72192K)] 338630K->268078K(808960K), 0.0017474 secs] [Times: user=0.00 sys=0.00, real=0.00 secs] 
410.118: [GC (Allocation Failure) [PSYoungGen: 72157K->1408K(72192K)] 338734K->267985K(808960K), 0.0025421 secs] [Times: user=0.01 sys=0.01, real=0.00 secs] 
410.954: [GC (Allocation Failure) [PSYoungGen: 72064K->1312K(72192K)] 338641K->267889K(808960K), 0.0023419 secs] [Times: user=0.01 sys=0.00, real=0.00 secs] 
411.903: [GC (Allocation Failure) [PSYoungGen: 71968K->1344K(72192K)] 338545K->267921K(808960K), 0.0022010 secs] [Times: user=0.00 sys=0.00, real=0.01 secs] 
412.933: [GC (Allocation Failure) [PSYoungGen: 71953K->288K(71168K)] 338531K->266865K(807936K), 0.0024819 secs] [Times: user=0.01 sys=0.00, real=0.01 secs] 
413.116: [GC (Allocation Failure) [PSYoungGen: 70944K->1488K(72192K)] 337521K->268089K(808960K), 0.0014369 secs] [Times: user=0.00 sys=0.00, real=0.00 secs] 
413.255: [GC (Allocation Failure) [PSYoungGen: 72144K->1485K(72192K)] 338745K->268086K(808960K), 0.0018356 secs] [Times: user=0.00 sys=0.00, real=0.00 secs] 
413.422: [GC (Allocation Failure) [PSYoungGen: 72141K->1485K(72192K)] 338742K->268086K(808960K), 0.0014738 secs] [Times: user=0.01 sys=0.00, real=0.00 secs] 
413.889: [GC (Allocation Failure) [PSYoungGen: 72141K->1456K(72192K)] 338742K->268057K(808960K), 0.0023845 secs] [Times: user=0.01 sys=0.00, real=0.00 secs] 
414.867: [GC (Allocation Failure) [PSYoungGen: 72112K->1376K(72192K)] 338713K->267977K(808960K), 0.0024388 secs] [Times: user=0.01 sys=0.00, real=0.00 secs] 
415.947: [GC (Allocation Failure) [PSYoungGen: 72032K->1376K(72192K)] 338633K->267977K(808960K), 0.0038981 secs] [Times: user=0.02 sys=0.00, real=0.00 secs] 
417.172: [GC (Allocation Failure) [PSYoungGen: 72032K->1344K(72192K)] 338633K->267945K(808960K), 0.0028268 secs] [Times: user=0.01 sys=0.00, real=0.01 secs] 
418.050: [GC (Allocation Failure) [PSYoungGen: 72000K->1533K(72192K)] 338601K->268142K(808960K), 0.0025396 secs] [Times: user=0.01 sys=0.00, real=0.00 secs] 
418.216: [GC (Allocation Failure) [PSYoungGen: 72189K->1485K(72192K)] 338798K->268094K(808960K), 0.0014714 secs] [Times: user=0.01 sys=0.00, real=0.00 secs] 
418.342: [GC (Allocation Failure) [PSYoungGen: 72141K->1517K(72192K)] 338750K->268126K(808960K), 0.0018076 secs] [Times: user=0.00 sys=0.00, real=0.01 secs] 
418.469: [GC (Allocation Failure) [PSYoungGen: 72173K->1469K(72192K)] 338782K->268078K(808960K), 0.0016977 secs] [Times: user=0.00 sys=0.00, real=0.00 secs] 
419.046: [GC (Allocation Failure) [PSYoungGen: 72125K->1408K(72192K)] 338734K->268033K(808960K), 0.0020700 secs] [Times: user=0.01 sys=0.00, real=0.00 secs] 
419.799: [GC (Allocation Failure) [PSYoungGen: 72064K->1392K(72192K)] 338689K->268017K(808960K), 0.0025072 secs] [Times: user=0.01 sys=0.00, real=0.00 secs] 
420.557: [GC (Allocation Failure) [PSYoungGen: 72048K->1437K(72192K)] 338673K->268062K(808960K), 0.0023161 secs] [Times: user=0.01 sys=0.00, real=0.00 secs] 
420.687: [GC (Allocation Failure) [PSYoungGen: 72092K->1517K(72192K)] 338717K->268142K(808960K), 0.0018113 secs] [Times: user=0.01 sys=0.00, real=0.00 secs] 
420.774: [GC (Allocation Failure) [PSYoungGen: 72173K->1485K(78848K)] 338798K->268110K(815616K), 0.0016100 secs] [Times: user=0.00 sys=0.00, real=0.01 secs] 
420.865: [GC (Allocation Failure) [PSYoungGen: 78797K->1437K(86528K)] 345422K->268062K(823296K), 0.0015914 secs] [Times: user=0.01 sys=0.00, real=0.00 secs] 
421.912: [GC (Allocation Failure) [PSYoungGen: 86429K->1440K(94208K)] 353054K->268073K(830976K), 0.0034227 secs] [Times: user=0.01 sys=0.00, real=0.01 secs] 
423.564: [GC (Allocation Failure) [PSYoungGen: 94112K->1376K(93696K)] 360745K->268017K(830464K), 0.0035034 secs] [Times: user=0.01 sys=0.00, real=0.00 secs] 
424.817: [GC (Allocation Failure) [PSYoungGen: 93536K->1392K(93184K)] 360177K->268041K(829952K), 0.0023092 secs] [Times: user=0.01 sys=0.00, real=0.00 secs] 
425.724: [GC (Allocation Failure) [PSYoungGen: 93040K->1488K(92672K)] 359689K->268137K(829440K), 0.0019012 secs] [Times: user=0.01 sys=0.00, real=0.00 secs] 
425.892: [GC (Allocation Failure) [PSYoungGen: 92624K->1485K(92160K)] 359273K->268134K(828928K), 0.0016322 secs] [Times: user=0.00 sys=0.00, real=0.00 secs] 
426.050: [GC (Allocation Failure) [PSYoungGen: 92109K->1469K(91648K)] 358758K->268118K(828416K), 0.0017235 secs] [Times: user=0.00 sys=0.00, real=0.00 secs] 
426.984: [GC (Allocation Failure) [PSYoungGen: 91581K->1376K(91136K)] 358230K->268025K(827904K), 0.0035001 secs] [Times: user=0.01 sys=0.01, real=0.00 secs] 
427.989: [GC (Allocation Failure) [PSYoungGen: 90976K->1392K(90624K)] 357625K->268041K(827392K), 0.0021015 secs] [Times: user=0.01 sys=0.00, real=0.00 secs] 
428.974: [GC (Allocation Failure) [PSYoungGen: 90480K->1376K(90112K)] 357129K->268025K(826880K), 0.0042132 secs] [Times: user=0.01 sys=0.00, real=0.00 secs] 
429.658: [GC (Allocation Failure) [PSYoungGen: 89952K->1421K(89600K)] 356601K->268070K(826368K), 0.0019824 secs] [Times: user=0.01 sys=0.00, real=0.00 secs] 
429.836: [GC (Allocation Failure) [PSYoungGen: 89485K->1533K(89088K)] 356134K->268182K(825856K), 0.0015615 secs] [Times: user=0.01 sys=0.00, real=0.00 secs] 
429.991: [GC (Allocation Failure) [PSYoungGen: 89085K->1453K(88576K)] 355734K->268102K(825344K), 0.0014753 secs] [Times: user=0.01 sys=0.00, real=0.00 secs] 
430.720: [GC (Allocation Failure) [PSYoungGen: 88493K->1408K(88064K)] 355142K->268057K(824832K), 0.0021171 secs] [Times: user=0.00 sys=0.00, real=0.00 secs] 
431.582: [GC (Allocation Failure) [PSYoungGen: 87936K->1408K(87552K)] 354585K->268057K(824320K), 0.0024618 secs] [Times: user=0.01 sys=0.00, real=0.01 secs] 
432.387: [GC (Allocation Failure) [PSYoungGen: 87424K->1376K(87040K)] 354073K->268025K(823808K), 0.0031845 secs] [Times: user=0.01 sys=0.00, real=0.00 secs] 
433.047: [GC (Allocation Failure) [PSYoungGen: 86880K->1485K(86528K)] 353529K->268142K(823296K), 0.0021510 secs] [Times: user=0.01 sys=0.00, real=0.00 secs] 
433.224: [GC (Allocation Failure) [PSYoungGen: 86477K->1517K(86016K)] 353134K->268174K(822784K), 0.0016841 secs] [Times: user=0.00 sys=0.00, real=0.01 secs] 
433.372: [GC (Allocation Failure) [PSYoungGen: 85997K->1517K(85504K)] 352654K->268198K(822272K), 0.0014897 secs] [Times: user=0.01 sys=0.00, real=0.01 secs] 
433.593: [GC (Allocation Failure) [PSYoungGen: 85485K->1456K(84992K)] 352166K->268137K(821760K), 0.0017691 secs] [Times: user=0.01 sys=0.00, real=0.01 secs] 
433.939: [GC (Allocation Failure) [PSYoungGen: 84912K->1408K(84480K)] 351593K->268089K(821248K), 0.0015682 secs] [Times: user=0.01 sys=0.00, real=0.00 secs] 
434.610: [GC (Allocation Failure) [PSYoungGen: 84352K->1376K(83968K)] 351033K->268057K(820736K), 0.0020984 secs] [Times: user=0.01 sys=0.00, real=0.00 secs] 
435.312: [GC (Allocation Failure) [PSYoungGen: 83808K->1408K(83456K)] 350489K->268097K(820224K), 0.0021262 secs] [Times: user=0.01 sys=0.00, real=0.01 secs] 
435.591: [GC (Allocation Failure) [PSYoungGen: 83328K->1485K(82944K)] 350017K->268174K(819712K), 0.0016582 secs] [Times: user=0.01 sys=0.00, real=0.00 secs] 
435.738: [GC (Allocation Failure) [PSYoungGen: 82893K->1520K(82432K)] 349582K->268241K(819200K), 0.0014975 secs] [Times: user=0.00 sys=0.00, real=0.00 secs] 
435.903: [GC (Allocation Failure) [PSYoungGen: 82416K->1453K(81920K)] 349137K->268174K(818688K), 0.0018506 secs] [Times: user=0.01 sys=0.00, real=0.01 secs] 
436.308: [GC (Allocation Failure) [PSYoungGen: 81837K->1456K(81408K)] 348558K->268177K(818176K), 0.0019801 secs] [Times: user=0.01 sys=0.00, real=0.00 secs] 
436.819: [GC (Allocation Failure) [PSYoungGen: 81328K->1408K(80896K)] 348049K->268129K(817664K), 0.0019064 secs] [Times: user=0.01 sys=0.00, real=0.00 secs] 
437.666: [GC (Allocation Failure) [PSYoungGen: 80768K->1376K(80384K)] 347489K->268097K(817152K), 0.0023111 secs] [Times: user=0.00 sys=0.00, real=0.00 secs] 
438.602: [GC (Allocation Failure) [PSYoungGen: 80224K->1501K(79872K)] 346945K->268222K(816640K), 0.0022576 secs] [Times: user=0.01 sys=0.00, real=0.01 secs] 
438.785: [GC (Allocation Failure) [PSYoungGen: 79837K->1405K(79360K)] 346558K->268126K(816128K), 0.0015647 secs] [Times: user=0.00 sys=0.00, real=0.00 secs] 
438.923: [GC (Allocation Failure) [PSYoungGen: 79229K->1453K(78848K)] 345950K->268174K(815616K), 0.0016405 secs] [Times: user=0.01 sys=0.00, real=0.01 secs] 
439.059: [GC (Allocation Failure) [PSYoungGen: 78765K->1469K(78336K)] 345486K->268190K(815104K), 0.0015772 secs] [Times: user=0.00 sys=0.00, real=0.00 secs] 
439.637: [GC (Allocation Failure) [PSYoungGen: 78269K->1376K(77824K)] 344990K->268097K(814592K), 0.0020283 secs] [Times: user=0.01 sys=0.00, real=0.00 secs] 
439.954: [GC (Allocation Failure) [PSYoungGen: 77664K->1392K(77312K)] 344385K->268113K(814080K), 0.0019120 secs] [Times: user=0.01 sys=0.00, real=0.00 secs] 
440.269: [GC (Allocation Failure) [PSYoungGen: 77168K->1376K(76800K)] 343889K->268097K(813568K), 0.0019413 secs] [Times: user=0.01 sys=0.00, real=0.00 secs] 
440.624: [GC (Allocation Failure) [PSYoungGen: 76640K->1501K(76288K)] 343361K->268222K(813056K), 0.0019144 secs] [Times: user=0.01 sys=0.00, real=0.00 secs] 
440.776: [GC (Allocation Failure) [PSYoungGen: 76253K->1469K(75776K)] 342974K->268206K(812544K), 0.0016099 secs] [Times: user=0.00 sys=0.00, real=0.00 secs] 
440.910: [GC (Allocation Failure) [PSYoungGen: 75709K->1453K(75264K)] 342446K->268190K(812032K), 0.0015125 secs] [Times: user=0.01 sys=0.00, real=0.00 secs] 
441.041: [GC (Allocation Failure) [PSYoungGen: 75181K->1453K(74752K)] 341918K->268190K(811520K), 0.0017536 secs] [Times: user=0.00 sys=0.00, real=0.00 secs] 
441.320: [GC (Allocation Failure) [PSYoungGen: 74669K->1392K(74240K)] 341406K->268129K(811008K), 0.0017700 secs] [Times: user=0.00 sys=0.00, real=0.00 secs] 
441.623: [GC (Allocation Failure) [PSYoungGen: 74096K->1376K(73728K)] 340833K->268121K(810496K), 0.0018797 secs] [Times: user=0.01 sys=0.00, real=0.01 secs] 
441.923: [GC (Allocation Failure) [PSYoungGen: 73568K->1360K(73216K)] 340313K->268105K(809984K), 0.0018390 secs] [Times: user=0.01 sys=0.01, real=0.01 secs] 
442.220: [GC (Allocation Failure) [PSYoungGen: 73040K->1344K(72704K)] 339785K->268089K(809472K), 0.0019827 secs] [Times: user=0.01 sys=0.00, real=0.00 secs] 
442.426: [GC (Allocation Failure) [PSYoungGen: 72512K->1485K(72192K)] 339257K->268230K(808960K), 0.0016370 secs] [Times: user=0.00 sys=0.00, real=0.00 secs] 
442.570: [GC (Allocation Failure) [PSYoungGen: 72141K->1456K(72192K)] 338886K->268201K(808960K), 0.0018443 secs] [Times: user=0.01 sys=0.00, real=0.00 secs] 
442.721: [GC (Allocation Failure) [PSYoungGen: 72112K->1456K(72192K)] 338857K->268201K(808960K), 0.0015789 secs] [Times: user=0.00 sys=0.00, real=0.00 secs] 
442.892: [GC (Allocation Failure) [PSYoungGen: 72112K->1952K(72704K)] 338857K->268697K(809472K), 0.0018270 secs] [Times: user=0.00 sys=0.00, real=0.00 secs] 
443.185: [GC (Allocation Failure) [PSYoungGen: 72608K->352K(71168K)] 339353K->268129K(807936K), 0.0018711 secs] [Times: user=0.01 sys=0.01, real=0.00 secs] 
443.478: [GC (Allocation Failure) [PSYoungGen: 71008K->384K(72704K)] 338785K->268161K(809472K), 0.0019576 secs] [Times: user=0.01 sys=0.00, real=0.00 secs] 
443.772: [GC (Allocation Failure) [PSYoungGen: 71040K->384K(71168K)] 338817K->268161K(807936K), 0.0019867 secs] [Times: user=0.00 sys=0.00, real=0.01 secs] 
444.108: [GC (Allocation Failure) [PSYoungGen: 71040K->1469K(73216K)] 338817K->269246K(809984K), 0.0020953 secs] [Times: user=0.01 sys=0.00, real=0.00 secs] 
444.300: [GC (Allocation Failure) [PSYoungGen: 72125K->1485K(72192K)] 339902K->269262K(808960K), 0.0023231 secs] [Times: user=0.01 sys=0.00, real=0.00 secs] 
444.447: [GC (Allocation Failure) [PSYoungGen: 72141K->1485K(72192K)] 339918K->269262K(808960K), 0.0015323 secs] [Times: user=0.00 sys=0.00, real=0.00 secs] 
444.575: [GC (Allocation Failure) [PSYoungGen: 72141K->1517K(78336K)] 339918K->269294K(815104K), 0.0016966 secs] [Times: user=0.00 sys=0.00, real=0.00 secs] 
444.991: [GC (Allocation Failure) [PSYoungGen: 78317K->1424K(84992K)] 346094K->269209K(821760K), 0.0046035 secs] [Times: user=0.01 sys=0.00, real=0.01 secs] 
445.699: [GC (Allocation Failure) [PSYoungGen: 84880K->1376K(84480K)] 352665K->269161K(821248K), 0.0025336 secs] [Times: user=0.00 sys=0.00, real=0.00 secs] 
446.446: [GC (Allocation Failure) [PSYoungGen: 84320K->1408K(83968K)] 352105K->269193K(820736K), 0.0031537 secs] [Times: user=0.01 sys=0.00, real=0.00 secs] 
446.818: [GC (Allocation Failure) [PSYoungGen: 83840K->1437K(83456K)] 351625K->269222K(820224K), 0.0017936 secs] [Times: user=0.01 sys=0.00, real=0.00 secs] 
446.972: [GC (Allocation Failure) [PSYoungGen: 83357K->1488K(82944K)] 351142K->269273K(819712K), 0.0017490 secs] [Times: user=0.01 sys=0.00, real=0.01 secs] 
447.118: [GC (Allocation Failure) [PSYoungGen: 82896K->1424K(82432K)] 350681K->269209K(819200K), 0.0014539 secs] [Times: user=0.01 sys=0.00, real=0.00 secs] 
447.261: [GC (Allocation Failure) [PSYoungGen: 82320K->1424K(81920K)] 350105K->269209K(818688K), 0.0017037 secs] [Times: user=0.01 sys=0.00, real=0.00 secs] 
447.750: [GC (Allocation Failure) [PSYoungGen: 81808K->1408K(81408K)] 349593K->269201K(818176K), 0.0018919 secs] [Times: user=0.01 sys=0.00, real=0.00 secs] 
448.167: [GC (Allocation Failure) [PSYoungGen: 81280K->1392K(80896K)] 349073K->269185K(817664K), 0.0027329 secs] [Times: user=0.01 sys=0.00, real=0.00 secs] 
448.879: [GC (Allocation Failure) [PSYoungGen: 80752K->1344K(80384K)] 348545K->269137K(817152K), 0.0032226 secs] [Times: user=0.01 sys=0.00, real=0.00 secs] 
449.518: [GC (Allocation Failure) [PSYoungGen: 80192K->1517K(79872K)] 347985K->269310K(816640K), 0.0020028 secs] [Times: user=0.00 sys=0.00, real=0.00 secs] 
449.671: [GC (Allocation Failure) [PSYoungGen: 79853K->1533K(79360K)] 347646K->269326K(816128K), 0.0016060 secs] [Times: user=0.01 sys=0.00, real=0.00 secs] 
449.809: [GC (Allocation Failure) [PSYoungGen: 79357K->1485K(78848K)] 347150K->269278K(815616K), 0.0017040 secs] [Times: user=0.00 sys=0.00, real=0.00 secs] 
449.990: [GC (Allocation Failure) [PSYoungGen: 78797K->1504K(78336K)] 346590K->269455K(815104K), 0.0017636 secs] [Times: user=0.01 sys=0.00, real=0.00 secs] 
450.308: [GC (Allocation Failure) [PSYoungGen: 78304K->1280K(77824K)] 346255K->269247K(814592K), 0.0019416 secs] [Times: user=0.01 sys=0.00, real=0.00 secs] 
450.625: [GC (Allocation Failure) [PSYoungGen: 77568K->1280K(77312K)] 345535K->269247K(814080K), 0.0017487 secs] [Times: user=0.00 sys=0.00, real=0.00 secs] 
450.939: [GC (Allocation Failure) [PSYoungGen: 77056K->1280K(76800K)] 345023K->269247K(813568K), 0.0019150 secs] [Times: user=0.01 sys=0.00, real=0.00 secs] 
451.244: [GC (Allocation Failure) [PSYoungGen: 76544K->1421K(76288K)] 344511K->269388K(813056K), 0.0023198 secs] [Times: user=0.01 sys=0.00, real=0.00 secs] 
451.490: [GC (Allocation Failure) [PSYoungGen: 76173K->1453K(75776K)] 344140K->269420K(812544K), 0.0020618 secs] [Times: user=0.01 sys=0.00, real=0.00 secs] 
451.635: [GC (Allocation Failure) [PSYoungGen: 75693K->1456K(75264K)] 343660K->269423K(812032K), 0.0015935 secs] [Times: user=0.00 sys=0.00, real=0.00 secs] 
451.765: [GC (Allocation Failure) [PSYoungGen: 75184K->1469K(74752K)] 343151K->269436K(811520K), 0.0017168 secs] [Times: user=0.00 sys=0.00, real=0.00 secs] 
452.090: [GC (Allocation Failure) [PSYoungGen: 74685K->1472K(74240K)] 342652K->269447K(811008K), 0.0020177 secs] [Times: user=0.01 sys=0.00, real=0.00 secs] 
452.392: [GC (Allocation Failure) [PSYoungGen: 74176K->1472K(73728K)] 342151K->269455K(810496K), 0.0020076 secs] [Times: user=0.01 sys=0.00, real=0.01 secs] 
452.692: [GC (Allocation Failure) [PSYoungGen: 73664K->1440K(73216K)] 341647K->269423K(809984K), 0.0018516 secs] [Times: user=0.01 sys=0.00, real=0.00 secs] 
453.017: [GC (Allocation Failure) [PSYoungGen: 73120K->1501K(72704K)] 341103K->269484K(809472K), 0.0019831 secs] [Times: user=0.01 sys=0.00, real=0.00 secs] 
453.153: [GC (Allocation Failure) [PSYoungGen: 72669K->1517K(72192K)] 340652K->269548K(808960K), 0.0014860 secs] [Times: user=0.00 sys=0.00, real=0.01 secs] 
453.279: [GC (Allocation Failure) [PSYoungGen: 72173K->1456K(72192K)] 340204K->269487K(808960K), 0.0016271 secs] [Times: user=0.00 sys=0.00, real=0.00 secs] 
453.403: [GC (Allocation Failure) [PSYoungGen: 72112K->1501K(78848K)] 340143K->269532K(815616K), 0.0016271 secs] [Times: user=0.01 sys=0.00, real=0.01 secs] 
453.884: [GC (Allocation Failure) [PSYoungGen: 78813K->1424K(78336K)] 346844K->269511K(815104K), 0.0022783 secs] [Times: user=0.01 sys=0.00, real=0.01 secs] 
454.223: [GC (Allocation Failure) [PSYoungGen: 78224K->1408K(77824K)] 346311K->269495K(814592K), 0.0017966 secs] [Times: user=0.01 sys=0.00, real=0.01 secs] 
454.588: [GC (Allocation Failure) [PSYoungGen: 77696K->1376K(77312K)] 345783K->269463K(814080K), 0.0020224 secs] [Times: user=0.01 sys=0.00, real=0.00 secs] 
455.102: [GC (Allocation Failure) [PSYoungGen: 77152K->1344K(76800K)] 345239K->269431K(813568K), 0.0019489 secs] [Times: user=0.01 sys=0.00, real=0.01 secs] 
455.511: [GC (Allocation Failure) [PSYoungGen: 76608K->1456K(76288K)] 344695K->269551K(813056K), 0.0018750 secs] [Times: user=0.01 sys=0.00, real=0.00 secs] 
455.648: [GC (Allocation Failure) [PSYoungGen: 76208K->1469K(75776K)] 344303K->269564K(812544K), 0.0016251 secs] [Times: user=0.01 sys=0.00, real=0.00 secs] 
455.780: [GC (Allocation Failure) [PSYoungGen: 75709K->1469K(75264K)] 343804K->269564K(812032K), 0.0016155 secs] [Times: user=0.01 sys=0.00, real=0.00 secs] 
456.098: [GC (Allocation Failure) [PSYoungGen: 75197K->1472K(74752K)] 343292K->269575K(811520K), 0.0017709 secs] [Times: user=0.01 sys=0.00, real=0.00 secs] 
456.746: [GC (Allocation Failure) [PSYoungGen: 74688K->1376K(74240K)] 342791K->269479K(811008K), 0.0018684 secs] [Times: user=0.01 sys=0.00, real=0.00 secs] 
457.439: [GC (Allocation Failure) [PSYoungGen: 74080K->1376K(73728K)] 342183K->269479K(810496K), 0.0018939 secs] [Times: user=0.00 sys=0.00, real=0.00 secs] 
458.410: [GC (Allocation Failure) [PSYoungGen: 73568K->1376K(73216K)] 341671K->269479K(809984K), 0.0024894 secs] [Times: user=0.01 sys=0.00, real=0.00 secs] 
459.146: [GC (Allocation Failure) [PSYoungGen: 73056K->1501K(72704K)] 341159K->269612K(809472K), 0.0021782 secs] [Times: user=0.01 sys=0.00, real=0.00 secs] 
459.299: [GC (Allocation Failure) [PSYoungGen: 72669K->1501K(72192K)] 340780K->269612K(808960K), 0.0016207 secs] [Times: user=0.01 sys=0.00, real=0.00 secs] 
459.423: [GC (Allocation Failure) [PSYoungGen: 72157K->1405K(72192K)] 340268K->269516K(808960K), 0.0015137 secs] [Times: user=0.00 sys=0.00, real=0.01 secs] 
459.548: [GC (Allocation Failure) [PSYoungGen: 72061K->1501K(72192K)] 340172K->269612K(808960K), 0.0016119 secs] [Times: user=0.00 sys=0.00, real=0.00 secs] 
459.928: [GC (Allocation Failure) [PSYoungGen: 72157K->1392K(72192K)] 340268K->269503K(808960K), 0.0018563 secs] [Times: user=0.01 sys=0.00, real=0.00 secs] 
460.222: [GC (Allocation Failure) [PSYoungGen: 72048K->1344K(72192K)] 340159K->269455K(808960K), 0.0019523 secs] [Times: user=0.00 sys=0.00, real=0.01 secs] 
460.516: [GC (Allocation Failure) [PSYoungGen: 72000K->1376K(72192K)] 340111K->269487K(808960K), 0.0018239 secs] [Times: user=0.00 sys=0.00, real=0.00 secs] 
460.827: [GC (Allocation Failure) [PSYoungGen: 72032K->1376K(72192K)] 340143K->269503K(808960K), 0.0017641 secs] [Times: user=0.00 sys=0.00, real=0.00 secs] 
461.050: [GC (Allocation Failure) [PSYoungGen: 72032K->1501K(72192K)] 340159K->269628K(808960K), 0.0014467 secs] [Times: user=0.01 sys=0.00, real=0.00 secs] 
461.176: [GC (Allocation Failure) [PSYoungGen: 72157K->1501K(72192K)] 340284K->269628K(808960K), 0.0017220 secs] [Times: user=0.00 sys=0.00, real=0.00 secs] 
461.303: [GC (Allocation Failure) [PSYoungGen: 72157K->1504K(72192K)] 340284K->269631K(808960K), 0.0015640 secs] [Times: user=0.01 sys=0.00, real=0.01 secs] 
461.499: [GC (Allocation Failure) [PSYoungGen: 72160K->1984K(72704K)] 340287K->270127K(809472K), 0.0018273 secs] [Times: user=0.01 sys=0.00, real=0.00 secs] 
462.069: [GC (Allocation Failure) [PSYoungGen: 72640K->336K(71168K)] 340783K->269503K(807936K), 0.0017945 secs] [Times: user=0.00 sys=0.00, real=0.00 secs] 
462.684: [GC (Allocation Failure) [PSYoungGen: 70992K->320K(71168K)] 340159K->269487K(807936K), 0.0017954 secs] [Times: user=0.00 sys=0.00, real=0.00 secs] 
463.436: [GC (Allocation Failure) [PSYoungGen: 70976K->352K(71168K)] 340143K->269519K(807936K), 0.0025841 secs] [Times: user=0.01 sys=0.01, real=0.00 secs] 
464.336: [GC (Allocation Failure) [PSYoungGen: 71008K->1501K(73216K)] 340175K->270668K(809984K), 0.0024242 secs] [Times: user=0.01 sys=0.00, real=0.00 secs] 
464.522: [GC (Allocation Failure) [PSYoungGen: 72157K->1504K(72192K)] 341324K->270671K(808960K), 0.0015881 secs] [Times: user=0.01 sys=0.00, real=0.00 secs] 
464.649: [GC (Allocation Failure) [PSYoungGen: 72160K->1440K(72192K)] 341327K->270607K(808960K), 0.0016137 secs] [Times: user=0.00 sys=0.00, real=0.00 secs] 
464.775: [GC (Allocation Failure) [PSYoungGen: 72080K->1501K(72192K)] 341248K->270668K(808960K), 0.0016200 secs] [Times: user=0.01 sys=0.00, real=0.00 secs] 
465.411: [GC (Allocation Failure) [PSYoungGen: 72157K->1424K(72192K)] 341324K->270591K(808960K), 0.0020152 secs] [Times: user=0.00 sys=0.00, real=0.00 secs] 
466.341: [GC (Allocation Failure) [PSYoungGen: 72080K->1376K(72192K)] 341247K->270543K(808960K), 0.0025689 secs] [Times: user=0.01 sys=0.01, real=0.01 secs] 
466.797: [GC (Allocation Failure) [PSYoungGen: 72032K->1376K(72192K)] 341199K->270543K(808960K), 0.0021279 secs] [Times: user=0.01 sys=0.00, real=0.00 secs] 
467.089: [GC (Allocation Failure) [PSYoungGen: 72032K->1408K(72192K)] 341199K->270575K(808960K), 0.0019222 secs] [Times: user=0.01 sys=0.00, real=0.00 secs] 
467.323: [GC (Allocation Failure) [PSYoungGen: 72064K->1469K(72192K)] 341231K->270636K(808960K), 0.0015331 secs] [Times: user=0.00 sys=0.00, real=0.01 secs] 
467.448: [GC (Allocation Failure) [PSYoungGen: 72125K->1501K(72192K)] 341292K->270668K(808960K), 0.0014462 secs] [Times: user=0.00 sys=0.00, real=0.00 secs] 
467.592: [GC (Allocation Failure) [PSYoungGen: 72157K->1501K(72192K)] 341324K->270668K(808960K), 0.0018446 secs] [Times: user=0.00 sys=0.00, real=0.01 secs] 
467.746: [GC (Allocation Failure) [PSYoungGen: 72157K->1501K(72192K)] 341324K->270692K(808960K), 0.0015895 secs] [Times: user=0.01 sys=0.00, real=0.00 secs] 
468.045: [GC (Allocation Failure) [PSYoungGen: 72157K->1408K(72192K)] 341348K->270599K(808960K), 0.0019552 secs] [Times: user=0.01 sys=0.00, real=0.00 secs] 
468.339: [GC (Allocation Failure) [PSYoungGen: 72064K->1344K(72192K)] 341255K->270535K(808960K), 0.0018326 secs] [Times: user=0.01 sys=0.00, real=0.00 secs] 
468.632: [GC (Allocation Failure) [PSYoungGen: 72000K->1408K(72192K)] 341191K->270599K(808960K), 0.0019784 secs] [Times: user=0.01 sys=0.00, real=0.01 secs] 
468.926: [GC (Allocation Failure) [PSYoungGen: 72064K->1376K(72192K)] 341255K->270567K(808960K), 0.0019736 secs] [Times: user=0.01 sys=0.00, real=0.00 secs] 
469.152: [GC (Allocation Failure) [PSYoungGen: 72032K->1501K(72192K)] 341223K->270692K(808960K), 0.0016366 secs] [Times: user=0.00 sys=0.00, real=0.00 secs] 
469.276: [GC (Allocation Failure) [PSYoungGen: 72157K->1501K(72192K)] 341348K->270708K(808960K), 0.0016114 secs] [Times: user=0.01 sys=0.00, real=0.00 secs] 
469.401: [GC (Allocation Failure) [PSYoungGen: 72157K->1437K(78336K)] 341364K->270644K(815104K), 0.0017406 secs] [Times: user=0.01 sys=0.00, real=0.00 secs] 
469.626: [GC (Allocation Failure) [PSYoungGen: 78237K->1408K(77824K)] 347444K->270623K(814592K), 0.0016598 secs] [Times: user=0.01 sys=0.00, real=0.00 secs] 
469.942: [GC (Allocation Failure) [PSYoungGen: 77696K->1408K(77312K)] 346911K->270623K(814080K), 0.0016899 secs] [Times: user=0.01 sys=0.00, real=0.00 secs] 
470.287: [GC (Allocation Failure) [PSYoungGen: 77184K->1408K(76800K)] 346399K->270623K(813568K), 0.0015417 secs] [Times: user=0.01 sys=0.00, real=0.00 secs] 
470.710: [GC (Allocation Failure) [PSYoungGen: 76672K->1376K(76288K)] 345887K->270591K(813056K), 0.0033962 secs] [Times: user=0.01 sys=0.00, real=0.00 secs] 
471.216: [GC (Allocation Failure) [PSYoungGen: 76128K->1469K(75776K)] 345343K->270684K(812544K), 0.0016011 secs] [Times: user=0.00 sys=0.00, real=0.00 secs] 
471.347: [GC (Allocation Failure) [PSYoungGen: 75709K->1469K(75264K)] 344924K->270684K(812032K), 0.0017041 secs] [Times: user=0.00 sys=0.00, real=0.00 secs] 
471.476: [GC (Allocation Failure) [PSYoungGen: 75197K->1469K(74752K)] 344412K->270684K(811520K), 0.0016095 secs] [Times: user=0.00 sys=0.00, real=0.00 secs] 
471.740: [GC (Allocation Failure) [PSYoungGen: 74685K->1984K(74752K)] 343900K->271199K(811520K), 0.0021032 secs] [Times: user=0.00 sys=0.00, real=0.00 secs] 
472.081: [GC (Allocation Failure) [PSYoungGen: 74688K->352K(72704K)] 343903K->270591K(809472K), 0.0020465 secs] [Times: user=0.00 sys=0.00, real=0.00 secs] 
472.381: [GC (Allocation Failure) [PSYoungGen: 72544K->352K(72192K)] 342783K->270591K(808960K), 0.0016679 secs] [Times: user=0.00 sys=0.00, real=0.00 secs] 
472.713: [GC (Allocation Failure) [PSYoungGen: 72032K->384K(71680K)] 342271K->270623K(808448K), 0.0020128 secs] [Times: user=0.01 sys=0.00, real=0.01 secs] 
473.040: [GC (Allocation Failure) [PSYoungGen: 71552K->1469K(73216K)] 341791K->271709K(809984K), 0.0019626 secs] [Times: user=0.01 sys=0.00, real=0.00 secs] 
473.180: [GC (Allocation Failure) [PSYoungGen: 72125K->1469K(72192K)] 342365K->271708K(808960K), 0.0015717 secs] [Times: user=0.01 sys=0.00, real=0.00 secs] 
473.307: [GC (Allocation Failure) [PSYoungGen: 72125K->1536K(72704K)] 342364K->271775K(809472K), 0.0017063 secs] [Times: user=0.00 sys=0.00, real=0.00 secs] 
473.449: [GC (Allocation Failure) [PSYoungGen: 72192K->1469K(78848K)] 342431K->271708K(815616K), 0.0019047 secs] [Times: user=0.01 sys=0.00, real=0.00 secs] 
474.028: [GC (Allocation Failure) [PSYoungGen: 78781K->1392K(78336K)] 349020K->271631K(815104K), 0.0020356 secs] [Times: user=0.01 sys=0.00, real=0.00 secs] 
474.628: [GC (Allocation Failure) [PSYoungGen: 78192K->1344K(77824K)] 348431K->271583K(814592K), 0.0044961 secs] [Times: user=0.01 sys=0.00, real=0.00 secs] 
475.254: [GC (Allocation Failure) [PSYoungGen: 77632K->1360K(77312K)] 347871K->271599K(814080K), 0.0021662 secs] [Times: user=0.01 sys=0.01, real=0.00 secs] 
475.854: [GC (Allocation Failure) [PSYoungGen: 77136K->1408K(76800K)] 347375K->271647K(813568K), 0.0019539 secs] [Times: user=0.01 sys=0.00, real=0.00 secs] 
476.075: [GC (Allocation Failure) [PSYoungGen: 76672K->1469K(76288K)] 346911K->271708K(813056K), 0.0016173 secs] [Times: user=0.00 sys=0.00, real=0.00 secs] 
476.206: [GC (Allocation Failure) [PSYoungGen: 76221K->1456K(75776K)] 346460K->271695K(812544K), 0.0015953 secs] [Times: user=0.00 sys=0.00, real=0.00 secs] 
476.362: [GC (Allocation Failure) [PSYoungGen: 75696K->1485K(75264K)] 345935K->271725K(812032K), 0.0017779 secs] [Times: user=0.01 sys=0.00, real=0.00 secs] 
477.334: [GC (Allocation Failure) [PSYoungGen: 75213K->1440K(74752K)] 345453K->271679K(811520K), 0.0034163 secs] [Times: user=0.01 sys=0.00, real=0.00 secs] 
478.200: [GC (Allocation Failure) [PSYoungGen: 74656K->1408K(74240K)] 344895K->271647K(811008K), 0.0033325 secs] [Times: user=0.01 sys=0.00, real=0.00 secs] 
478.803: [GC (Allocation Failure) [PSYoungGen: 74112K->1376K(73728K)] 344351K->271615K(810496K), 0.0026071 secs] [Times: user=0.01 sys=0.01, real=0.01 secs] 
479.452: [GC (Allocation Failure) [PSYoungGen: 73568K->1344K(73216K)] 343807K->271583K(809984K), 0.0022499 secs] [Times: user=0.01 sys=0.00, real=0.01 secs] 
479.817: [GC (Allocation Failure) [PSYoungGen: 73024K->1485K(72704K)] 343263K->271725K(809472K), 0.0056256 secs] [Times: user=0.02 sys=0.00, real=0.00 secs] 
479.948: [GC (Allocation Failure) [PSYoungGen: 72653K->1485K(79360K)] 342893K->271725K(816128K), 0.0021296 secs] [Times: user=0.01 sys=0.00, real=0.00 secs] 
480.088: [GC (Allocation Failure) [PSYoungGen: 79309K->1437K(86528K)] 349549K->271676K(823296K), 0.0017410 secs] [Times: user=0.01 sys=0.00, real=0.00 secs] 
480.403: [GC (Allocation Failure) [PSYoungGen: 86429K->1440K(86016K)] 356668K->271687K(822784K), 0.0017855 secs] [Times: user=0.01 sys=0.00, real=0.01 secs] 
480.994: [GC (Allocation Failure) [PSYoungGen: 85920K->1376K(85504K)] 356167K->271623K(822272K), 0.0019315 secs] [Times: user=0.01 sys=0.00, real=0.00 secs] 
481.401: [GC (Allocation Failure) [PSYoungGen: 85344K->1344K(84992K)] 355591K->271599K(821760K), 0.0019127 secs] [Times: user=0.00 sys=0.00, real=0.00 secs] 
482.214: [GC (Allocation Failure) [PSYoungGen: 84800K->1360K(84480K)] 355055K->271639K(821248K), 0.0022834 secs] [Times: user=0.01 sys=0.00, real=0.00 secs] 
482.561: [GC (Allocation Failure) [PSYoungGen: 84304K->1501K(83968K)] 354583K->271780K(820736K), 0.0017725 secs] [Times: user=0.01 sys=0.00, real=0.00 secs] 
482.706: [GC (Allocation Failure) [PSYoungGen: 83933K->1533K(83456K)] 354212K->271813K(820224K), 0.0015680 secs] [Times: user=0.00 sys=0.00, real=0.00 secs] 
482.878: [GC (Allocation Failure) [PSYoungGen: 83453K->1501K(82944K)] 353733K->271781K(819712K), 0.0018482 secs] [Times: user=0.01 sys=0.00, real=0.00 secs] 
484.136: [GC (Allocation Failure) [PSYoungGen: 82909K->1424K(82432K)] 353189K->271703K(819200K), 0.0027113 secs] [Times: user=0.01 sys=0.00, real=0.00 secs] 
486.083: [GC (Allocation Failure) [PSYoungGen: 82320K->1392K(81920K)] 352599K->271671K(818688K), 0.0032950 secs] [Times: user=0.01 sys=0.00, real=0.01 secs] 
487.198: [GC (Allocation Failure) [PSYoungGen: 81776K->1440K(81408K)] 352055K->271727K(818176K), 0.0024787 secs] [Times: user=0.01 sys=0.00, real=0.00 secs] 
488.156: [GC (Allocation Failure) [PSYoungGen: 81312K->1517K(80896K)] 351599K->271805K(817664K), 0.0026354 secs] [Times: user=0.01 sys=0.01, real=0.00 secs] 
488.357: [GC (Allocation Failure) [PSYoungGen: 80877K->1469K(80384K)] 351165K->271756K(817152K), 0.0016452 secs] [Times: user=0.01 sys=0.00, real=0.00 secs] 
488.496: [GC (Allocation Failure) [PSYoungGen: 80317K->1565K(80384K)] 350604K->271853K(817152K), 0.0015614 secs] [Times: user=0.00 sys=0.00, real=0.00 secs] 
488.636: [GC (Allocation Failure) [PSYoungGen: 79901K->480K(78336K)] 350189K->271791K(815104K), 0.0016845 secs] [Times: user=0.01 sys=0.00, real=0.00 secs] 
488.982: [GC (Allocation Failure) [PSYoungGen: 78304K->1408K(79360K)] 349615K->272719K(816128K), 0.0018188 secs] [Times: user=0.01 sys=0.00, real=0.00 secs] 
489.634: [GC (Allocation Failure) [PSYoungGen: 78720K->1344K(78336K)] 350031K->272679K(815104K), 0.0021382 secs] [Times: user=0.01 sys=0.00, real=0.01 secs] 
490.287: [GC (Allocation Failure) [PSYoungGen: 78144K->1376K(77824K)] 349479K->272711K(814592K), 0.0021934 secs] [Times: user=0.01 sys=0.00, real=0.00 secs] 
490.923: [GC (Allocation Failure) [PSYoungGen: 77664K->1501K(77312K)] 348999K->272837K(814080K), 0.0022579 secs] [Times: user=0.01 sys=0.00, real=0.01 secs] 
491.084: [GC (Allocation Failure) [PSYoungGen: 77277K->1469K(76800K)] 348613K->272813K(813568K), 0.0017013 secs] [Times: user=0.01 sys=0.00, real=0.00 secs] 
491.216: [GC (Allocation Failure) [PSYoungGen: 76733K->1501K(76288K)] 348077K->272845K(813056K), 0.0015713 secs] [Times: user=0.01 sys=0.00, real=0.00 secs] 
491.368: [GC (Allocation Failure) [PSYoungGen: 76253K->1501K(75776K)] 347597K->272845K(812544K), 0.0017911 secs] [Times: user=0.01 sys=0.00, real=0.00 secs] 
492.949: [GC (Allocation Failure) [PSYoungGen: 75741K->1440K(75264K)] 347085K->272791K(812032K), 0.0029270 secs] [Times: user=0.02 sys=0.00, real=0.00 secs] 
493.797: [GC (Allocation Failure) [PSYoungGen: 75168K->1376K(74752K)] 346519K->272727K(811520K), 0.0027525 secs] [Times: user=0.01 sys=0.00, real=0.00 secs] 
494.817: [GC (Allocation Failure) [PSYoungGen: 74592K->1376K(74240K)] 345943K->272743K(811008K), 0.0027143 secs] [Times: user=0.01 sys=0.00, real=0.00 secs] 
496.062: [GC (Allocation Failure) [PSYoungGen: 74080K->1469K(73728K)] 345447K->272837K(810496K), 0.0030317 secs] [Times: user=0.01 sys=0.00, real=0.01 secs] 
496.266: [GC (Allocation Failure) [PSYoungGen: 73661K->1501K(73216K)] 345029K->272869K(809984K), 0.0017365 secs] [Times: user=0.00 sys=0.00, real=0.00 secs] 
496.412: [GC (Allocation Failure) [PSYoungGen: 73181K->1533K(72704K)] 344549K->272909K(809472K), 0.0018922 secs] [Times: user=0.01 sys=0.00, real=0.01 secs] 
496.571: [GC (Allocation Failure) [PSYoungGen: 72701K->1453K(72192K)] 344077K->272829K(808960K), 0.0016567 secs] [Times: user=0.00 sys=0.00, real=0.00 secs] 
497.818: [GC (Allocation Failure) [PSYoungGen: 72109K->1456K(72192K)] 343485K->272831K(808960K), 0.0027647 secs] [Times: user=0.00 sys=0.00, real=0.00 secs] 
498.506: [GC (Allocation Failure) [PSYoungGen: 72112K->1344K(72192K)] 343487K->272727K(808960K), 0.0025535 secs] [Times: user=0.01 sys=0.00, real=0.00 secs] 
499.280: [GC (Allocation Failure) [PSYoungGen: 72000K->1328K(72192K)] 343383K->272719K(808960K), 0.0029131 secs] [Times: user=0.01 sys=0.00, real=0.00 secs] 
500.036: [GC (Allocation Failure) [PSYoungGen: 71984K->1344K(72192K)] 343375K->272735K(808960K), 0.0026179 secs] [Times: user=0.01 sys=0.01, real=0.00 secs] 
500.674: [GC (Allocation Failure) [PSYoungGen: 72000K->1421K(72192K)] 343391K->272813K(808960K), 0.0022220 secs] [Times: user=0.01 sys=0.00, real=0.00 secs] 
500.863: [GC (Allocation Failure) [PSYoungGen: 72077K->1485K(72192K)] 343469K->272877K(808960K), 0.0022879 secs] [Times: user=0.01 sys=0.00, real=0.01 secs] 
501.025: [GC (Allocation Failure) [PSYoungGen: 72141K->1501K(72192K)] 343533K->272893K(808960K), 0.0017384 secs] [Times: user=0.01 sys=0.00, real=0.00 secs] 
501.150: [GC (Allocation Failure) [PSYoungGen: 72157K->1469K(72192K)] 343549K->272861K(808960K), 0.0015585 secs] [Times: user=0.01 sys=0.00, real=0.00 secs] 
502.243: [GC (Allocation Failure) [PSYoungGen: 72125K->1408K(72192K)] 343517K->272807K(808960K), 0.0030634 secs] [Times: user=0.01 sys=0.00, real=0.01 secs] 
503.460: [GC (Allocation Failure) [PSYoungGen: 72064K->1344K(72192K)] 343463K->272743K(808960K), 0.0035053 secs] [Times: user=0.02 sys=0.00, real=0.00 secs] 
504.252: [GC (Allocation Failure) [PSYoungGen: 72000K->1392K(72192K)] 343399K->272815K(808960K), 0.0028119 secs] [Times: user=0.01 sys=0.00, real=0.01 secs] 
504.973: [GC (Allocation Failure) [PSYoungGen: 72048K->1376K(72192K)] 343471K->272799K(808960K), 0.0031723 secs] [Times: user=0.01 sys=0.00, real=0.01 secs] 
505.457: [GC (Allocation Failure) [PSYoungGen: 72032K->1533K(72192K)] 343455K->272957K(808960K), 0.0018610 secs] [Times: user=0.01 sys=0.00, real=0.00 secs] 
505.625: [GC (Allocation Failure) [PSYoungGen: 72183K->1517K(72192K)] 343606K->272941K(808960K), 0.0018684 secs] [Times: user=0.01 sys=0.00, real=0.00 secs] 
505.785: [GC (Allocation Failure) [PSYoungGen: 72173K->1501K(72192K)] 343597K->272925K(808960K), 0.0017303 secs] [Times: user=0.01 sys=0.00, real=0.00 secs] 
506.033: [GC (Allocation Failure) [PSYoungGen: 72157K->1440K(72192K)] 343581K->272863K(808960K), 0.0021256 secs] [Times: user=0.01 sys=0.00, real=0.01 secs] 
506.838: [GC (Allocation Failure) [PSYoungGen: 72096K->1408K(72192K)] 343519K->272831K(808960K), 0.0026197 secs] [Times: user=0.01 sys=0.01, real=0.00 secs] 
507.271: [GC (Allocation Failure) [PSYoungGen: 72064K->1328K(72192K)] 343487K->272751K(808960K), 0.0020796 secs] [Times: user=0.01 sys=0.00, real=0.00 secs] 
507.565: [GC (Allocation Failure) [PSYoungGen: 71984K->1376K(72192K)] 343407K->272799K(808960K), 0.0019949 secs] [Times: user=0.01 sys=0.00, real=0.00 secs] 
507.857: [GC (Allocation Failure) [PSYoungGen: 72032K->1469K(72192K)] 343455K->272893K(808960K), 0.0013978 secs] [Times: user=0.01 sys=0.00, real=0.00 secs] 
507.983: [GC (Allocation Failure) [PSYoungGen: 72125K->1469K(72192K)] 343549K->272893K(808960K), 0.0016653 secs] [Times: user=0.01 sys=0.00, real=0.01 secs] 
508.109: [GC (Allocation Failure) [PSYoungGen: 72125K->1440K(72192K)] 343549K->272863K(808960K), 0.0015007 secs] [Times: user=0.00 sys=0.00, real=0.00 secs] 
508.235: [GC (Allocation Failure) [PSYoungGen: 72096K->1469K(78336K)] 343519K->272893K(815104K), 0.0017280 secs] [Times: user=0.00 sys=0.00, real=0.00 secs] 
509.961: [GC (Allocation Failure) [PSYoungGen: 78269K->1408K(77824K)] 349693K->272847K(814592K), 0.0034518 secs] [Times: user=0.01 sys=0.00, real=0.01 secs] 
510.799: [GC (Allocation Failure) [PSYoungGen: 77696K->1408K(77312K)] 349135K->272847K(814080K), 0.0025729 secs] [Times: user=0.01 sys=0.00, real=0.00 secs] 
511.651: [GC (Allocation Failure) [PSYoungGen: 77184K->1408K(76800K)] 348623K->272847K(813568K), 0.0024758 secs] [Times: user=0.00 sys=0.00, real=0.00 secs] 
512.498: [GC (Allocation Failure) [PSYoungGen: 76672K->1408K(76288K)] 348111K->272863K(813056K), 0.0032108 secs] [Times: user=0.01 sys=0.00, real=0.00 secs] 
512.809: [GC (Allocation Failure) [PSYoungGen: 76160K->1501K(75776K)] 347615K->272957K(812544K), 0.0017006 secs] [Times: user=0.01 sys=0.00, real=0.00 secs] 
512.941: [GC (Allocation Failure) [PSYoungGen: 75741K->1501K(75264K)] 347197K->272957K(812032K), 0.0016349 secs] [Times: user=0.00 sys=0.00, real=0.00 secs] 
513.071: [GC (Allocation Failure) [PSYoungGen: 75229K->1501K(74752K)] 346685K->272957K(811520K), 0.0015247 secs] [Times: user=0.01 sys=0.00, real=0.00 secs] 
513.541: [GC (Allocation Failure) [PSYoungGen: 74717K->1408K(74240K)] 346173K->272863K(811008K), 0.0021755 secs] [Times: user=0.01 sys=0.00, real=0.00 secs] 
513.961: [GC (Allocation Failure) [PSYoungGen: 74112K->1344K(73728K)] 345567K->272799K(810496K), 0.0020768 secs] [Times: user=0.01 sys=0.00, real=0.00 secs] 
514.555: [GC (Allocation Failure) [PSYoungGen: 73536K->1376K(73216K)] 344991K->272831K(809984K), 0.0022869 secs] [Times: user=0.01 sys=0.00, real=0.00 secs] 
515.145: [GC (Allocation Failure) [PSYoungGen: 73056K->1408K(72704K)] 344511K->272863K(809472K), 0.0021376 secs] [Times: user=0.01 sys=0.00, real=0.00 secs] 
515.604: [GC (Allocation Failure) [PSYoungGen: 72576K->1389K(72192K)] 344031K->272845K(808960K), 0.0022045 secs] [Times: user=0.00 sys=0.00, real=0.00 secs] 
515.747: [GC (Allocation Failure) [PSYoungGen: 72036K->1501K(72192K)] 343491K->272957K(808960K), 0.0015961 secs] [Times: user=0.00 sys=0.00, real=0.00 secs] 
515.874: [GC (Allocation Failure) [PSYoungGen: 72157K->1437K(72192K)] 343613K->272893K(808960K), 0.0016862 secs] [Times: user=0.01 sys=0.00, real=0.00 secs] 
515.998: [GC (Allocation Failure) [PSYoungGen: 72093K->1437K(72192K)] 343549K->272893K(808960K), 0.0014632 secs] [Times: user=0.00 sys=0.00, real=0.00 secs] 
516.946: [GC (Allocation Failure) [PSYoungGen: 72093K->1424K(72192K)] 343549K->272887K(808960K), 0.0041902 secs] [Times: user=0.01 sys=0.00, real=0.00 secs] 
517.615: [GC (Allocation Failure) [PSYoungGen: 72080K->1408K(72192K)] 343543K->272871K(808960K), 0.0024406 secs] [Times: user=0.01 sys=0.00, real=0.00 secs] 
518.433: [GC (Allocation Failure) [PSYoungGen: 72064K->1360K(72192K)] 343527K->272823K(808960K), 0.0030852 secs] [Times: user=0.02 sys=0.00, real=0.01 secs] 
519.181: [GC (Allocation Failure) [PSYoungGen: 72016K->352K(71168K)] 343479K->272839K(807936K), 0.0030646 secs] [Times: user=0.01 sys=0.00, real=0.00 secs] 
519.660: [GC (Allocation Failure) [PSYoungGen: 71008K->1453K(72704K)] 343495K->273941K(809472K), 0.0019864 secs] [Times: user=0.01 sys=0.00, real=0.00 secs] 
519.830: [GC (Allocation Failure) [PSYoungGen: 72109K->1421K(72192K)] 344597K->273909K(808960K), 0.0019859 secs] [Times: user=0.01 sys=0.00, real=0.00 secs] 
519.989: [GC (Allocation Failure) [PSYoungGen: 72077K->1501K(72192K)] 344565K->273989K(808960K), 0.0019182 secs] [Times: user=0.01 sys=0.00, real=0.00 secs] 
520.185: [GC (Allocation Failure) [PSYoungGen: 72157K->1440K(72192K)] 344645K->273927K(808960K), 0.0019156 secs] [Times: user=0.01 sys=0.00, real=0.00 secs] 
520.489: [GC (Allocation Failure) [PSYoungGen: 72096K->1344K(72192K)] 344583K->273831K(808960K), 0.0019510 secs] [Times: user=0.00 sys=0.00, real=0.00 secs] 
520.987: [GC (Allocation Failure) [PSYoungGen: 72000K->1376K(72704K)] 344487K->273863K(809472K), 0.0020484 secs] [Times: user=0.01 sys=0.01, real=0.00 secs] 
521.519: [GC (Allocation Failure) [PSYoungGen: 72032K->1376K(72704K)] 344519K->273887K(809472K), 0.0018495 secs] [Times: user=0.01 sys=0.00, real=0.00 secs] 
521.995: [GC (Allocation Failure) [PSYoungGen: 72016K->1421K(72704K)] 344528K->273933K(809472K), 0.0018526 secs] [Times: user=0.01 sys=0.00, real=0.00 secs] 
522.126: [GC (Allocation Failure) [PSYoungGen: 72077K->1472K(72704K)] 344589K->273983K(809472K), 0.0016845 secs] [Times: user=0.01 sys=0.00, real=0.00 secs] 
522.252: [GC (Allocation Failure) [PSYoungGen: 72128K->1504K(72704K)] 344639K->274015K(809472K), 0.0015207 secs] [Times: user=0.00 sys=0.01, real=0.00 secs] 
522.377: [GC (Allocation Failure) [PSYoungGen: 72160K->1440K(72704K)] 344671K->273951K(809472K), 0.0017264 secs] [Times: user=0.00 sys=0.00, real=0.00 secs] 
523.490: [GC (Allocation Failure) [PSYoungGen: 72096K->1456K(72192K)] 344607K->273975K(808960K), 0.0042672 secs] [Times: user=0.02 sys=0.00, real=0.01 secs] 
524.580: [GC (Allocation Failure) [PSYoungGen: 72112K->1376K(72192K)] 344631K->273895K(808960K), 0.0041968 secs] [Times: user=0.01 sys=0.01, real=0.01 secs] 
525.779: [GC (Allocation Failure) [PSYoungGen: 72032K->1408K(72192K)] 344551K->273927K(808960K), 0.0038118 secs] [Times: user=0.01 sys=0.00, real=0.00 secs] 
526.785: [GC (Allocation Failure) [PSYoungGen: 72064K->1408K(72192K)] 344583K->273927K(808960K), 0.0038049 secs] [Times: user=0.01 sys=0.00, real=0.00 secs] 
527.535: [GC (Allocation Failure) [PSYoungGen: 72064K->1533K(72192K)] 344583K->274053K(808960K), 0.0020544 secs] [Times: user=0.01 sys=0.01, real=0.00 secs] 
527.684: [GC (Allocation Failure) [PSYoungGen: 72189K->1501K(72192K)] 344709K->274021K(808960K), 0.0017347 secs] [Times: user=0.01 sys=0.00, real=0.00 secs] 
527.808: [GC (Allocation Failure) [PSYoungGen: 72157K->1501K(72192K)] 344677K->274021K(808960K), 0.0016025 secs] [Times: user=0.00 sys=0.00, real=0.00 secs] 
527.935: [GC (Allocation Failure) [PSYoungGen: 72157K->256K(71168K)] 344677K->272775K(807936K), 0.0016372 secs] [Times: user=0.01 sys=0.00, real=0.00 secs] 
528.782: [GC (Allocation Failure) [PSYoungGen: 70912K->1344K(72192K)] 343431K->273863K(808960K), 0.0024066 secs] [Times: user=0.01 sys=0.00, real=0.01 secs] 
529.430: [GC (Allocation Failure) [PSYoungGen: 72000K->1376K(72192K)] 344519K->273895K(808960K), 0.0020908 secs] [Times: user=0.01 sys=0.00, real=0.00 secs] 
530.113: [GC (Allocation Failure) [PSYoungGen: 72032K->1408K(72192K)] 344551K->273927K(808960K), 0.0024895 secs] [Times: user=0.01 sys=0.00, real=0.01 secs] 
530.618: [GC (Allocation Failure) [PSYoungGen: 72064K->1456K(72192K)] 344583K->273975K(808960K), 0.0022787 secs] [Times: user=0.01 sys=0.00, real=0.00 secs] 
530.823: [GC (Allocation Failure) [PSYoungGen: 72112K->1533K(72704K)] 344631K->274053K(809472K), 0.0020045 secs] [Times: user=0.00 sys=0.00, real=0.01 secs] 
530.975: [GC (Allocation Failure) [PSYoungGen: 72189K->1469K(72704K)] 344709K->273989K(809472K), 0.0018521 secs] [Times: user=0.00 sys=0.00, real=0.00 secs] 
531.102: [GC (Allocation Failure) [PSYoungGen: 72125K->1469K(72704K)] 344645K->273989K(809472K), 0.0015525 secs] [Times: user=0.01 sys=0.00, real=0.00 secs] 
531.815: [GC (Allocation Failure) [PSYoungGen: 72125K->1440K(72704K)] 344645K->273967K(809472K), 0.0033033 secs] [Times: user=0.01 sys=0.00, real=0.00 secs] 
532.684: [GC (Allocation Failure) [PSYoungGen: 72096K->1376K(72704K)] 344623K->273903K(809472K), 0.0023978 secs] [Times: user=0.01 sys=0.00, real=0.00 secs] 
532.965: [GC (Allocation Failure) [PSYoungGen: 72032K->1408K(72704K)] 344559K->273959K(809472K), 0.0024220 secs] [Times: user=0.01 sys=0.00, real=0.00 secs] 
533.259: [GC (Allocation Failure) [PSYoungGen: 72064K->1440K(72704K)] 344615K->273991K(809472K), 0.0019363 secs] [Times: user=0.00 sys=0.00, real=0.00 secs] 
533.523: [GC (Allocation Failure) [PSYoungGen: 72096K->1504K(72704K)] 344647K->274055K(809472K), 0.0015979 secs] [Times: user=0.01 sys=0.00, real=0.01 secs] 
533.650: [GC (Allocation Failure) [PSYoungGen: 72160K->1533K(72704K)] 344711K->274085K(809472K), 0.0015564 secs] [Times: user=0.01 sys=0.00, real=0.00 secs] 
533.775: [GC (Allocation Failure) [PSYoungGen: 72189K->1501K(72704K)] 344741K->274053K(809472K), 0.0016085 secs] [Times: user=0.01 sys=0.00, real=0.00 secs] 
533.899: [GC (Allocation Failure) [PSYoungGen: 72157K->1533K(72704K)] 344709K->274093K(809472K), 0.0015615 secs] [Times: user=0.01 sys=0.00, real=0.00 secs] 
535.007: [GC (Allocation Failure) [PSYoungGen: 72189K->1472K(72704K)] 344749K->274031K(809472K), 0.0023674 secs] [Times: user=0.01 sys=0.00, real=0.00 secs] 
535.623: [GC (Allocation Failure) [PSYoungGen: 72128K->1376K(72704K)] 344687K->273943K(809472K), 0.0042355 secs] [Times: user=0.02 sys=0.00, real=0.01 secs] 
536.261: [GC (Allocation Failure) [PSYoungGen: 72032K->1360K(72704K)] 344599K->273927K(809472K), 0.0019261 secs] [Times: user=0.00 sys=0.00, real=0.00 secs] 
536.620: [GC (Allocation Failure) [PSYoungGen: 72016K->1408K(72704K)] 344583K->273975K(809472K), 0.0019042 secs] [Times: user=0.00 sys=0.00, real=0.00 secs] 
536.913: [GC (Allocation Failure) [PSYoungGen: 72064K->1501K(72704K)] 344631K->274069K(809472K), 0.0015595 secs] [Times: user=0.01 sys=0.00, real=0.01 secs] 
537.038: [GC (Allocation Failure) [PSYoungGen: 72157K->1469K(72704K)] 344725K->274037K(809472K), 0.0016885 secs] [Times: user=0.01 sys=0.00, real=0.00 secs] 
537.165: [GC (Allocation Failure) [PSYoungGen: 72125K->1456K(72704K)] 344693K->274023K(809472K), 0.0016068 secs] [Times: user=0.00 sys=0.00, real=0.00 secs] 
537.611: [GC (Allocation Failure) [PSYoungGen: 72112K->2000K(72704K)] 344679K->274575K(809472K), 0.0024666 secs] [Times: user=0.01 sys=0.00, real=0.00 secs] 
539.029: [GC (Allocation Failure) [PSYoungGen: 72656K->1456K(72704K)] 345231K->274031K(809472K), 0.0028356 secs] [Times: user=0.01 sys=0.01, real=0.00 secs] 
539.583: [GC (Allocation Failure) [PSYoungGen: 72112K->1424K(72704K)] 344687K->273999K(809472K), 0.0022719 secs] [Times: user=0.01 sys=0.00, real=0.01 secs] 
540.305: [GC (Allocation Failure) [PSYoungGen: 72080K->1424K(72704K)] 344655K->273999K(809472K), 0.0029846 secs] [Times: user=0.01 sys=0.00, real=0.00 secs] 
540.856: [GC (Allocation Failure) [PSYoungGen: 72080K->1549K(72704K)] 344655K->274125K(809472K), 0.0024014 secs] [Times: user=0.01 sys=0.00, real=0.00 secs] 
541.077: [GC (Allocation Failure) [PSYoungGen: 72205K->1520K(72704K)] 344781K->274095K(809472K), 0.0020971 secs] [Times: user=0.01 sys=0.00, real=0.00 secs] 
541.225: [GC (Allocation Failure) [PSYoungGen: 72176K->1581K(72704K)] 344751K->274157K(809472K), 0.0017119 secs] [Times: user=0.01 sys=0.00, real=0.00 secs] 
541.349: [GC (Allocation Failure) [PSYoungGen: 72237K->1581K(72704K)] 344813K->274157K(809472K), 0.0015790 secs] [Times: user=0.01 sys=0.00, real=0.00 secs] 
541.572: [GC (Allocation Failure) [PSYoungGen: 72237K->1424K(72704K)] 344813K->274023K(809472K), 0.0020952 secs] [Times: user=0.01 sys=0.00, real=0.01 secs] 
541.866: [GC (Allocation Failure) [PSYoungGen: 72080K->1392K(72704K)] 344679K->273991K(809472K), 0.0020174 secs] [Times: user=0.01 sys=0.00, real=0.00 secs] 
542.159: [GC (Allocation Failure) [PSYoungGen: 72048K->1360K(72704K)] 344647K->273959K(809472K), 0.0018268 secs] [Times: user=0.01 sys=0.00, real=0.00 secs] 
542.453: [GC (Allocation Failure) [PSYoungGen: 72016K->1456K(72704K)] 344615K->274055K(809472K), 0.0017462 secs] [Times: user=0.01 sys=0.00, real=0.01 secs] 
542.715: [GC (Allocation Failure) [PSYoungGen: 72112K->1485K(72704K)] 344711K->274085K(809472K), 0.0016149 secs] [Times: user=0.00 sys=0.00, real=0.00 secs] 
542.840: [GC (Allocation Failure) [PSYoungGen: 72141K->1517K(72704K)] 344741K->274117K(809472K), 0.0016576 secs] [Times: user=0.00 sys=0.00, real=0.00 secs] 
542.984: [GC (Allocation Failure) [PSYoungGen: 72173K->1520K(72704K)] 344773K->274119K(809472K), 0.0017758 secs] [Times: user=0.01 sys=0.00, real=0.00 secs] 
543.163: [GC (Allocation Failure) [PSYoungGen: 72176K->1488K(72704K)] 344775K->274127K(809472K), 0.0022311 secs] [Times: user=0.01 sys=0.00, real=0.01 secs] 
543.684: [GC (Allocation Failure) [PSYoungGen: 72144K->1392K(72192K)] 344783K->274031K(808960K), 0.0024085 secs] [Times: user=0.01 sys=0.01, real=0.00 secs] 
544.267: [GC (Allocation Failure) [PSYoungGen: 72048K->1376K(72192K)] 344687K->274015K(808960K), 0.0024483 secs] [Times: user=0.01 sys=0.00, real=0.00 secs] 
545.025: [GC (Allocation Failure) [PSYoungGen: 72032K->1360K(72192K)] 344671K->273999K(808960K), 0.0028376 secs] [Times: user=0.01 sys=0.00, real=0.00 secs] 
545.929: [GC (Allocation Failure) [PSYoungGen: 72016K->1376K(72192K)] 344655K->274015K(808960K), 0.0026666 secs] [Times: user=0.01 sys=0.00, real=0.00 secs] 
546.248: [GC (Allocation Failure) [PSYoungGen: 72032K->1501K(72192K)] 344671K->274141K(808960K), 0.0019091 secs] [Times: user=0.01 sys=0.00, real=0.00 secs] 
546.378: [GC (Allocation Failure) [PSYoungGen: 72157K->1456K(76800K)] 344797K->274095K(813568K), 0.0049679 secs] [Times: user=0.02 sys=0.01, real=0.00 secs] 
546.517: [GC (Allocation Failure) [PSYoungGen: 76179K->1549K(80384K)] 348819K->274189K(817152K), 0.0015794 secs] [Times: user=0.01 sys=0.00, real=0.00 secs] 
546.875: [GC (Allocation Failure) [PSYoungGen: 79885K->1392K(80384K)] 352525K->274039K(817152K), 0.0021605 secs] [Times: user=0.01 sys=0.00, real=0.00 secs] 
547.201: [GC (Allocation Failure) [PSYoungGen: 79728K->1344K(87040K)] 352375K->273991K(823808K), 0.0019199 secs] [Times: user=0.01 sys=0.00, real=0.00 secs] 
547.556: [GC (Allocation Failure) [PSYoungGen: 86848K->1376K(86528K)] 359495K->274023K(823296K), 0.0020348 secs] [Times: user=0.00 sys=0.00, real=0.00 secs] 
548.011: [GC (Allocation Failure) [PSYoungGen: 86368K->1344K(86016K)] 359015K->273991K(822784K), 0.0019339 secs] [Times: user=0.01 sys=0.00, real=0.00 secs] 
548.388: [GC (Allocation Failure) [PSYoungGen: 85824K->1501K(85504K)] 358471K->274149K(822272K), 0.0017980 secs] [Times: user=0.00 sys=0.00, real=0.00 secs] 
548.535: [GC (Allocation Failure) [PSYoungGen: 85469K->1469K(84992K)] 358117K->274117K(821760K), 0.0016874 secs] [Times: user=0.01 sys=0.00, real=0.00 secs] 
548.707: [GC (Allocation Failure) [PSYoungGen: 84925K->1469K(84480K)] 357573K->274117K(821248K), 0.0018014 secs] [Times: user=0.00 sys=0.00, real=0.00 secs] 
549.542: [GC (Allocation Failure) [PSYoungGen: 84413K->1392K(83968K)] 357061K->274039K(820736K), 0.0033660 secs] [Times: user=0.01 sys=0.00, real=0.01 secs] 
550.462: [GC (Allocation Failure) [PSYoungGen: 83824K->1408K(83456K)] 356471K->274055K(820224K), 0.0022879 secs] [Times: user=0.00 sys=0.00, real=0.01 secs] 
551.404: [GC (Allocation Failure) [PSYoungGen: 83328K->1376K(82944K)] 355975K->274023K(819712K), 0.0025218 secs] [Times: user=0.01 sys=0.00, real=0.01 secs] 
552.184: [GC (Allocation Failure) [PSYoungGen: 82768K->1421K(82432K)] 355415K->274077K(819200K), 0.0020051 secs] [Times: user=0.00 sys=0.00, real=0.00 secs] 
552.385: [GC (Allocation Failure) [PSYoungGen: 82317K->1469K(81920K)] 354973K->274125K(818688K), 0.0021657 secs] [Times: user=0.01 sys=0.00, real=0.00 secs] 
552.592: [GC (Allocation Failure) [PSYoungGen: 81853K->1453K(81408K)] 354509K->274109K(818176K), 0.0021618 secs] [Times: user=0.01 sys=0.00, real=0.01 secs] 
553.148: [GC (Allocation Failure) [PSYoungGen: 81325K->1440K(80896K)] 353981K->274095K(817664K), 0.0030726 secs] [Times: user=0.01 sys=0.00, real=0.00 secs] 
554.445: [GC (Allocation Failure) [PSYoungGen: 80800K->1408K(80384K)] 353455K->274063K(817152K), 0.0026197 secs] [Times: user=0.01 sys=0.00, real=0.00 secs] 
555.400: [GC (Allocation Failure) [PSYoungGen: 80256K->1440K(79872K)] 352911K->274095K(816640K), 0.0021126 secs] [Times: user=0.01 sys=0.00, real=0.00 secs] 
556.596: [GC (Allocation Failure) [PSYoungGen: 79776K->1376K(79360K)] 352431K->274031K(816128K), 0.0027090 secs] [Times: user=0.01 sys=0.00, real=0.00 secs] 
556.934: [GC (Allocation Failure) [PSYoungGen: 79200K->1501K(78848K)] 351855K->274157K(815616K), 0.0016416 secs] [Times: user=0.00 sys=0.00, real=0.00 secs] 
557.070: [GC (Allocation Failure) [PSYoungGen: 78813K->1533K(78336K)] 351469K->274189K(815104K), 0.0016866 secs] [Times: user=0.00 sys=0.00, real=0.00 secs] 
557.204: [GC (Allocation Failure) [PSYoungGen: 78333K->1501K(77824K)] 350989K->274157K(814592K), 0.0016726 secs] [Times: user=0.01 sys=0.00, real=0.00 secs] 
558.581: [GC (Allocation Failure) [PSYoungGen: 77789K->1408K(77312K)] 350445K->274063K(814080K), 0.0026025 secs] [Times: user=0.01 sys=0.00, real=0.00 secs] 
559.304: [GC (Allocation Failure) [PSYoungGen: 77184K->1376K(76800K)] 349839K->274031K(813568K), 0.0028026 secs] [Times: user=0.01 sys=0.00, real=0.00 secs] 
559.969: [GC (Allocation Failure) [PSYoungGen: 76640K->1376K(76288K)] 349295K->274031K(813056K), 0.0026539 secs] [Times: user=0.01 sys=0.01, real=0.00 secs] 
560.825: [GC (Allocation Failure) [PSYoungGen: 76128K->1376K(75776K)] 348783K->274031K(812544K), 0.0026051 secs] [Times: user=0.01 sys=0.00, real=0.00 secs] 
561.189: [GC (Allocation Failure) [PSYoungGen: 75616K->1501K(75264K)] 348271K->274157K(812032K), 0.0018370 secs] [Times: user=0.00 sys=0.00, real=0.00 secs] 
561.319: [GC (Allocation Failure) [PSYoungGen: 75229K->1469K(74752K)] 347885K->274125K(811520K), 0.0016569 secs] [Times: user=0.00 sys=0.00, real=0.00 secs] 
561.468: [GC (Allocation Failure) [PSYoungGen: 74685K->1469K(74240K)] 347341K->274125K(811008K), 0.0018828 secs] [Times: user=0.01 sys=0.00, real=0.00 secs] 
561.982: [GC (Allocation Failure) [PSYoungGen: 74173K->1984K(74240K)] 346829K->274639K(811008K), 0.0028527 secs] [Times: user=0.01 sys=0.00, real=0.01 secs] 
562.857: [GC (Allocation Failure) [PSYoungGen: 74176K->1408K(73216K)] 346831K->274063K(809984K), 0.0033280 secs] [Times: user=0.02 sys=0.00, real=0.00 secs] 
564.029: [GC (Allocation Failure) [PSYoungGen: 73088K->1408K(72704K)] 345743K->274063K(809472K), 0.0036894 secs] [Times: user=0.01 sys=0.00, real=0.00 secs] 
565.014: [GC (Allocation Failure) [PSYoungGen: 72576K->1408K(72192K)] 345231K->274079K(808960K), 0.0033732 secs] [Times: user=0.02 sys=0.00, real=0.00 secs] 
566.011: [GC (Allocation Failure) [PSYoungGen: 72064K->1501K(72192K)] 344735K->274173K(808960K), 0.0021256 secs] [Times: user=0.01 sys=0.00, real=0.00 secs] 
566.227: [GC (Allocation Failure) [PSYoungGen: 72157K->1469K(72704K)] 344829K->274141K(809472K), 0.0022595 secs] [Times: user=0.01 sys=0.00, real=0.00 secs] 
566.379: [GC (Allocation Failure) [PSYoungGen: 72125K->1469K(72704K)] 344797K->274141K(809472K), 0.0015833 secs] [Times: user=0.01 sys=0.00, real=0.00 secs] 
566.522: [GC (Allocation Failure) [PSYoungGen: 72125K->1421K(72704K)] 344797K->274093K(809472K), 0.0017243 secs] [Times: user=0.01 sys=0.00, real=0.00 secs] 
567.104: [GC (Allocation Failure) [PSYoungGen: 72077K->1392K(72704K)] 344749K->274079K(809472K), 0.0028060 secs] [Times: user=0.01 sys=0.00, real=0.01 secs] 
568.009: [GC (Allocation Failure) [PSYoungGen: 72048K->1408K(72704K)] 344735K->274095K(809472K), 0.0028719 secs] [Times: user=0.01 sys=0.00, real=0.00 secs] 
568.932: [GC (Allocation Failure) [PSYoungGen: 72064K->1408K(72704K)] 344751K->274095K(809472K), 0.0025431 secs] [Times: user=0.01 sys=0.00, real=0.01 secs] 
570.333: [GC (Allocation Failure) [PSYoungGen: 72064K->1344K(72704K)] 344751K->274031K(809472K), 0.0036903 secs] [Times: user=0.01 sys=0.00, real=0.01 secs] 
571.035: [GC (Allocation Failure) [PSYoungGen: 72000K->1389K(72704K)] 344687K->274077K(809472K), 0.0021868 secs] [Times: user=0.01 sys=0.00, real=0.00 secs] 
571.192: [GC (Allocation Failure) [PSYoungGen: 72045K->1469K(72704K)] 344733K->274157K(809472K), 0.0015764 secs] [Times: user=0.01 sys=0.00, real=0.00 secs] 
571.317: [GC (Allocation Failure) [PSYoungGen: 72125K->1501K(72704K)] 344813K->274189K(809472K), 0.0014527 secs] [Times: user=0.01 sys=0.01, real=0.00 secs] 
571.463: [GC (Allocation Failure) [PSYoungGen: 72157K->1453K(72704K)] 344845K->274149K(809472K), 0.0016734 secs] [Times: user=0.01 sys=0.00, real=0.01 secs] 
571.861: [GC (Allocation Failure) [PSYoungGen: 72109K->1408K(72704K)] 344805K->274103K(809472K), 0.0020230 secs] [Times: user=0.01 sys=0.00, real=0.00 secs] 
572.154: [GC (Allocation Failure) [PSYoungGen: 72064K->1392K(72704K)] 344759K->274087K(809472K), 0.0019656 secs] [Times: user=0.00 sys=0.00, real=0.00 secs] 
572.497: [GC (Allocation Failure) [PSYoungGen: 72048K->1376K(72704K)] 344743K->274087K(809472K), 0.0018587 secs] [Times: user=0.01 sys=0.00, real=0.00 secs] 
573.012: [GC (Allocation Failure) [PSYoungGen: 72032K->1344K(72704K)] 344743K->274055K(809472K), 0.0019338 secs] [Times: user=0.01 sys=0.00, real=0.01 secs] 
573.851: [GC (Allocation Failure) [PSYoungGen: 72000K->1453K(72704K)] 344711K->274165K(809472K), 0.0017773 secs] [Times: user=0.01 sys=0.00, real=0.00 secs] 
573.982: [GC (Allocation Failure) [PSYoungGen: 72109K->1469K(72704K)] 344821K->274181K(809472K), 0.0016514 secs] [Times: user=0.00 sys=0.00, real=0.00 secs] 
574.107: [GC (Allocation Failure) [PSYoungGen: 72125K->1501K(72704K)] 344837K->274213K(809472K), 0.0016402 secs] [Times: user=0.01 sys=0.00, real=0.00 secs] 
574.415: [GC (Allocation Failure) [PSYoungGen: 72157K->1440K(72704K)] 344869K->274151K(809472K), 0.0018942 secs] [Times: user=0.00 sys=0.00, real=0.00 secs] 
575.112: [GC (Allocation Failure) [PSYoungGen: 72096K->1344K(72704K)] 344807K->274055K(809472K), 0.0025050 secs] [Times: user=0.01 sys=0.01, real=0.01 secs] 
575.901: [GC (Allocation Failure) [PSYoungGen: 72000K->1376K(72704K)] 344711K->274087K(809472K), 0.0020992 secs] [Times: user=0.01 sys=0.00, real=0.00 secs] 
577.080: [GC (Allocation Failure) [PSYoungGen: 72032K->1376K(72704K)] 344743K->274087K(809472K), 0.0028574 secs] [Times: user=0.01 sys=0.00, real=0.00 secs] 
577.932: [GC (Allocation Failure) [PSYoungGen: 72032K->1501K(72704K)] 344743K->274213K(809472K), 0.0021958 secs] [Times: user=0.00 sys=0.00, real=0.01 secs] 
578.090: [GC (Allocation Failure) [PSYoungGen: 72157K->1469K(72704K)] 344869K->274181K(809472K), 0.0014566 secs] [Times: user=0.00 sys=0.00, real=0.00 secs] 
578.214: [GC (Allocation Failure) [PSYoungGen: 72125K->1469K(72704K)] 344837K->274181K(809472K), 0.0016228 secs] [Times: user=0.01 sys=0.00, real=0.00 secs] 
578.339: [GC (Allocation Failure) [PSYoungGen: 72125K->1501K(72704K)] 344837K->274213K(809472K), 0.0014869 secs] [Times: user=0.00 sys=0.00, real=0.00 secs] 
578.686: [GC (Allocation Failure) [PSYoungGen: 72157K->1424K(72704K)] 344869K->274143K(809472K), 0.0019384 secs] [Times: user=0.01 sys=0.00, real=0.00 secs] 
579.133: [GC (Allocation Failure) [PSYoungGen: 72080K->1376K(72704K)] 344799K->274095K(809472K), 0.0019531 secs] [Times: user=0.01 sys=0.00, real=0.01 secs] 
579.704: [GC (Allocation Failure) [PSYoungGen: 72032K->1344K(72704K)] 344751K->274063K(809472K), 0.0020557 secs] [Times: user=0.00 sys=0.00, real=0.00 secs] 
580.481: [GC (Allocation Failure) [PSYoungGen: 72000K->1408K(72704K)] 344719K->274135K(809472K), 0.0020919 secs] [Times: user=0.01 sys=0.00, real=0.00 secs] 
581.292: [GC (Allocation Failure) [PSYoungGen: 72064K->1485K(72704K)] 344791K->274213K(809472K), 0.0021687 secs] [Times: user=0.01 sys=0.00, real=0.01 secs] 
581.442: [GC (Allocation Failure) [PSYoungGen: 72141K->1469K(72704K)] 344869K->274197K(809472K), 0.0017057 secs] [Times: user=0.01 sys=0.00, real=0.01 secs] 
581.567: [GC (Allocation Failure) [PSYoungGen: 72125K->1501K(72704K)] 344853K->274229K(809472K), 0.0016237 secs] [Times: user=0.01 sys=0.00, real=0.00 secs] 
582.001: [GC (Allocation Failure) [PSYoungGen: 72157K->1728K(72704K)] 344885K->274455K(809472K), 0.0020889 secs] [Times: user=0.01 sys=0.00, real=0.00 secs] 
582.770: [GC (Allocation Failure) [PSYoungGen: 72384K->1376K(72704K)] 345111K->274111K(809472K), 0.0029312 secs] [Times: user=0.01 sys=0.00, real=0.00 secs] 
583.613: [GC (Allocation Failure) [PSYoungGen: 72032K->1408K(72704K)] 344767K->274143K(809472K), 0.0031491 secs] [Times: user=0.01 sys=0.00, real=0.01 secs] 
584.550: [GC (Allocation Failure) [PSYoungGen: 72064K->1344K(72704K)] 344799K->274079K(809472K), 0.0035921 secs] [Times: user=0.02 sys=0.00, real=0.00 secs] 
585.546: [GC (Allocation Failure) [PSYoungGen: 72000K->1405K(72704K)] 344735K->274141K(809472K), 0.0036362 secs] [Times: user=0.02 sys=0.00, real=0.00 secs] 
585.769: [GC (Allocation Failure) [PSYoungGen: 72061K->1533K(72704K)] 344797K->274269K(809472K), 0.0019893 secs] [Times: user=0.01 sys=0.00, real=0.00 secs] 
585.895: [GC (Allocation Failure) [PSYoungGen: 72189K->1501K(72704K)] 344925K->274237K(809472K), 0.0016365 secs] [Times: user=0.01 sys=0.00, real=0.00 secs] 
586.040: [GC (Allocation Failure) [PSYoungGen: 72157K->1437K(72704K)] 344893K->274173K(809472K), 0.0018219 secs] [Times: user=0.01 sys=0.00, real=0.00 secs] 
587.073: [GC (Allocation Failure) [PSYoungGen: 72093K->1456K(72704K)] 344829K->274199K(809472K), 0.0034028 secs] [Times: user=0.01 sys=0.00, real=0.01 secs] 
587.429: [GC (Allocation Failure) [PSYoungGen: 72112K->1376K(72704K)] 344855K->274119K(809472K), 0.0019656 secs] [Times: user=0.00 sys=0.00, real=0.00 secs] 
587.723: [GC (Allocation Failure) [PSYoungGen: 72032K->1376K(72704K)] 344775K->274119K(809472K), 0.0045429 secs] [Times: user=0.02 sys=0.00, real=0.01 secs] 
588.032: [GC (Allocation Failure) [PSYoungGen: 72032K->1344K(72704K)] 344775K->274087K(809472K), 0.0017953 secs] [Times: user=0.01 sys=0.00, real=0.00 secs] 
588.309: [GC (Allocation Failure) [PSYoungGen: 72000K->1520K(72704K)] 344743K->274263K(809472K), 0.0014746 secs] [Times: user=0.01 sys=0.00, real=0.00 secs] 
588.434: [GC (Allocation Failure) [PSYoungGen: 72176K->1469K(72704K)] 344919K->274213K(809472K), 0.0016155 secs] [Times: user=0.01 sys=0.00, real=0.00 secs] 
588.559: [GC (Allocation Failure) [PSYoungGen: 72125K->1469K(72704K)] 344869K->274213K(809472K), 0.0016370 secs] [Times: user=0.01 sys=0.00, real=0.00 secs] 
588.685: [GC (Allocation Failure) [PSYoungGen: 72125K->1504K(72704K)] 344869K->274263K(809472K), 0.0016278 secs] [Times: user=0.00 sys=0.00, real=0.00 secs] 
589.520: [GC (Allocation Failure) [PSYoungGen: 72160K->1440K(72192K)] 344919K->274207K(808960K), 0.0021285 secs] [Times: user=0.01 sys=0.00, real=0.00 secs] 
590.375: [GC (Allocation Failure) [PSYoungGen: 72096K->1408K(72192K)] 344863K->274175K(808960K), 0.0022522 secs] [Times: user=0.01 sys=0.00, real=0.00 secs] 
591.083: [GC (Allocation Failure) [PSYoungGen: 72064K->1376K(72192K)] 344831K->274143K(808960K), 0.0021280 secs] [Times: user=0.01 sys=0.00, real=0.01 secs] 
591.676: [GC (Allocation Failure) [PSYoungGen: 72032K->1440K(72192K)] 344799K->274223K(808960K), 0.0022307 secs] [Times: user=0.00 sys=0.00, real=0.00 secs] 
592.006: [GC (Allocation Failure) [PSYoungGen: 72096K->1501K(72192K)] 344879K->274285K(808960K), 0.0014799 secs] [Times: user=0.00 sys=0.00, real=0.00 secs] 
592.130: [GC (Allocation Failure) [PSYoungGen: 72157K->1469K(72192K)] 344941K->274253K(808960K), 0.0017235 secs] [Times: user=0.00 sys=0.00, real=0.00 secs] 
592.255: [GC (Allocation Failure) [PSYoungGen: 72125K->1533K(72192K)] 344909K->274317K(808960K), 0.0015830 secs] [Times: user=0.01 sys=0.00, real=0.00 secs] 
592.677: [GC (Allocation Failure) [PSYoungGen: 72189K->1408K(72192K)] 344973K->274199K(808960K), 0.0026296 secs] [Times: user=0.01 sys=0.00, real=0.00 secs] 
593.347: [GC (Allocation Failure) [PSYoungGen: 72064K->1376K(72192K)] 344855K->274167K(808960K), 0.0020870 secs] [Times: user=0.01 sys=0.00, real=0.00 secs] 
594.253: [GC (Allocation Failure) [PSYoungGen: 72032K->1408K(72192K)] 344823K->274199K(808960K), 0.0024931 secs] [Times: user=0.00 sys=0.00, real=0.01 secs] 
595.233: [GC (Allocation Failure) [PSYoungGen: 72064K->1376K(72192K)] 344855K->274167K(808960K), 0.0023583 secs] [Times: user=0.01 sys=0.00, real=0.01 secs] 
596.160: [GC (Allocation Failure) [PSYoungGen: 72032K->1469K(72192K)] 344823K->274261K(808960K), 0.0025120 secs] [Times: user=0.01 sys=0.00, real=0.00 secs] 
596.341: [GC (Allocation Failure) [PSYoungGen: 72125K->1456K(72192K)] 344917K->274247K(808960K), 0.0016387 secs] [Times: user=0.01 sys=0.00, real=0.00 secs] 
596.468: [GC (Allocation Failure) [PSYoungGen: 72112K->1501K(72704K)] 344903K->274293K(809472K), 0.0015317 secs] [Times: user=0.01 sys=0.00, real=0.00 secs] 
596.592: [GC (Allocation Failure) [PSYoungGen: 72157K->1469K(72704K)] 344949K->274261K(809472K), 0.0015333 secs] [Times: user=0.01 sys=0.00, real=0.00 secs] 
597.170: [GC (Allocation Failure) [PSYoungGen: 72125K->1440K(72704K)] 344917K->274239K(809472K), 0.0018768 secs] [Times: user=0.01 sys=0.00, real=0.00 secs] 
597.938: [GC (Allocation Failure) [PSYoungGen: 72096K->1408K(72704K)] 344895K->274207K(809472K), 0.0037108 secs] [Times: user=0.01 sys=0.00, real=0.00 secs] 
598.526: [GC (Allocation Failure) [PSYoungGen: 72064K->1344K(72704K)] 344863K->274143K(809472K), 0.0018874 secs] [Times: user=0.01 sys=0.00, real=0.00 secs] 
599.136: [GC (Allocation Failure) [PSYoungGen: 72000K->1408K(72704K)] 344799K->274207K(809472K), 0.0019283 secs] [Times: user=0.01 sys=0.00, real=0.00 secs] 
599.602: [GC (Allocation Failure) [PSYoungGen: 72064K->1424K(72704K)] 344863K->274223K(809472K), 0.0017979 secs] [Times: user=0.01 sys=0.00, real=0.00 secs] 
599.736: [GC (Allocation Failure) [PSYoungGen: 72080K->1501K(72704K)] 344879K->274301K(809472K), 0.0016437 secs] [Times: user=0.01 sys=0.00, real=0.00 secs] 
599.881: [GC (Allocation Failure) [PSYoungGen: 72157K->1437K(72704K)] 344957K->274237K(809472K), 0.0016461 secs] [Times: user=0.01 sys=0.00, real=0.00 secs] 
600.034: [GC (Allocation Failure) [PSYoungGen: 72093K->1469K(72704K)] 344893K->274277K(809472K), 0.0016978 secs] [Times: user=0.00 sys=0.00, real=0.00 secs] 
600.432: [GC (Allocation Failure) [PSYoungGen: 72125K->1440K(72704K)] 344933K->274247K(809472K), 0.0019571 secs] [Times: user=0.01 sys=0.00, real=0.01 secs] 
600.946: [GC (Allocation Failure) [PSYoungGen: 72096K->1344K(72704K)] 344903K->274151K(809472K), 0.0019475 secs] [Times: user=0.00 sys=0.00, real=0.00 secs] 
601.527: [GC (Allocation Failure) [PSYoungGen: 72000K->1376K(72704K)] 344807K->274207K(809472K), 0.0019753 secs] [Times: user=0.01 sys=0.00, real=0.00 secs] 
602.237: [GC (Allocation Failure) [PSYoungGen: 72032K->1376K(72704K)] 344863K->274207K(809472K), 0.0018126 secs] [Times: user=0.01 sys=0.00, real=0.00 secs] 
602.512: [GC (Allocation Failure) [PSYoungGen: 72032K->1501K(72704K)] 344863K->274333K(809472K), 0.0016030 secs] [Times: user=0.01 sys=0.00, real=0.00 secs] 
602.637: [GC (Allocation Failure) [PSYoungGen: 72157K->1501K(72704K)] 344989K->274341K(809472K), 0.0015912 secs] [Times: user=0.01 sys=0.00, real=0.00 secs] 
602.762: [GC (Allocation Failure) [PSYoungGen: 72157K->1469K(72704K)] 344997K->274309K(809472K), 0.0016373 secs] [Times: user=0.01 sys=0.00, real=0.00 secs] 
603.421: [GC (Allocation Failure) [PSYoungGen: 72125K->1456K(72704K)] 344965K->274311K(809472K), 0.0025046 secs] [Times: user=0.01 sys=0.00, real=0.01 secs] 
604.081: [GC (Allocation Failure) [PSYoungGen: 72112K->1376K(72704K)] 344967K->274231K(809472K), 0.0022691 secs] [Times: user=0.01 sys=0.00, real=0.01 secs] 
604.762: [GC (Allocation Failure) [PSYoungGen: 72032K->1408K(72704K)] 344887K->274263K(809472K), 0.0019429 secs] [Times: user=0.01 sys=0.00, real=0.00 secs] 
605.744: [GC (Allocation Failure) [PSYoungGen: 72064K->1376K(72704K)] 344919K->274231K(809472K), 0.0024101 secs] [Times: user=0.01 sys=0.00, real=0.01 secs] 
606.869: [GC (Allocation Failure) [PSYoungGen: 72032K->1469K(72704K)] 344887K->274325K(809472K), 0.0024796 secs] [Times: user=0.01 sys=0.00, real=0.00 secs] 
607.046: [GC (Allocation Failure) [PSYoungGen: 72125K->1469K(72704K)] 344981K->274325K(809472K), 0.0016396 secs] [Times: user=0.00 sys=0.00, real=0.00 secs] 
607.171: [GC (Allocation Failure) [PSYoungGen: 72125K->1501K(72704K)] 344981K->274357K(809472K), 0.0016500 secs] [Times: user=0.01 sys=0.00, real=0.00 secs] 
607.317: [GC (Allocation Failure) [PSYoungGen: 72157K->1456K(72704K)] 345013K->274311K(809472K), 0.0019149 secs] [Times: user=0.01 sys=0.00, real=0.00 secs] 
607.807: [GC (Allocation Failure) [PSYoungGen: 72112K->1392K(72704K)] 344967K->274247K(809472K), 0.0025799 secs] [Times: user=0.01 sys=0.00, real=0.00 secs] 
608.175: [GC (Allocation Failure) [PSYoungGen: 72048K->1344K(72704K)] 344903K->274199K(809472K), 0.0017215 secs] [Times: user=0.01 sys=0.00, real=0.00 secs] 
608.569: [GC (Allocation Failure) [PSYoungGen: 72000K->1344K(72704K)] 344855K->274199K(809472K), 0.0018591 secs] [Times: user=0.00 sys=0.00, real=0.00 secs] 
608.862: [GC (Allocation Failure) [PSYoungGen: 72000K->1408K(72704K)] 344855K->274271K(809472K), 0.0019982 secs] [Times: user=0.00 sys=0.00, real=0.01 secs] 
609.115: [GC (Allocation Failure) [PSYoungGen: 72064K->1437K(72704K)] 344927K->274301K(809472K), 0.0015460 secs] [Times: user=0.00 sys=0.00, real=0.00 secs] 
609.240: [GC (Allocation Failure) [PSYoungGen: 72093K->1469K(72704K)] 344957K->274333K(809472K), 0.0014920 secs] [Times: user=0.01 sys=0.00, real=0.00 secs] 
609.365: [GC (Allocation Failure) [PSYoungGen: 72125K->1501K(72704K)] 344989K->274365K(809472K), 0.0015738 secs] [Times: user=0.01 sys=0.00, real=0.00 secs] 
609.612: [GC (Allocation Failure) [PSYoungGen: 72157K->1952K(72704K)] 345021K->274823K(809472K), 0.0018722 secs] [Times: user=0.01 sys=0.00, real=0.00 secs] 
609.927: [GC (Allocation Failure) [PSYoungGen: 72608K->1344K(72704K)] 345479K->274215K(809472K), 0.0017964 secs] [Times: user=0.00 sys=0.00, real=0.00 secs] 
610.220: [GC (Allocation Failure) [PSYoungGen: 72000K->1408K(72704K)] 344871K->274303K(809472K), 0.0017954 secs] [Times: user=0.01 sys=0.00, real=0.00 secs] 
610.514: [GC (Allocation Failure) [PSYoungGen: 72064K->1360K(72704K)] 344959K->274255K(809472K), 0.0016458 secs] [Times: user=0.01 sys=0.00, real=0.01 secs] 
610.876: [GC (Allocation Failure) [PSYoungGen: 72016K->1469K(72704K)] 344911K->274365K(809472K), 0.0017632 secs] [Times: user=0.01 sys=0.00, real=0.00 secs] 
611.048: [GC (Allocation Failure) [PSYoungGen: 72125K->1437K(72704K)] 345021K->274333K(809472K), 0.0018204 secs] [Times: user=0.01 sys=0.00, real=0.00 secs] 
611.211: [GC (Allocation Failure) [PSYoungGen: 72093K->1469K(72704K)] 344989K->274365K(809472K), 0.0015360 secs] [Times: user=0.01 sys=0.00, real=0.00 secs] 
611.337: [GC (Allocation Failure) [PSYoungGen: 72125K->1501K(72704K)] 345021K->274397K(809472K), 0.0016610 secs] [Times: user=0.00 sys=0.00, real=0.00 secs] 
611.570: [GC (Allocation Failure) [PSYoungGen: 72157K->1472K(72704K)] 345053K->274367K(809472K), 0.0021373 secs] [Times: user=0.01 sys=0.00, real=0.00 secs] 
611.865: [GC (Allocation Failure) [PSYoungGen: 72128K->1408K(72704K)] 345023K->274303K(809472K), 0.0019468 secs] [Times: user=0.01 sys=0.00, real=0.00 secs] 
612.158: [GC (Allocation Failure) [PSYoungGen: 72064K->1408K(72704K)] 344959K->274311K(809472K), 0.0018156 secs] [Times: user=0.01 sys=0.00, real=0.00 secs] 
612.639: [GC (Allocation Failure) [PSYoungGen: 72064K->1376K(72704K)] 344967K->274279K(809472K), 0.0020676 secs] [Times: user=0.01 sys=0.00, real=0.00 secs] 
613.262: [GC (Allocation Failure) [PSYoungGen: 72032K->1453K(72704K)] 344935K->274365K(809472K), 0.0019712 secs] [Times: user=0.01 sys=0.00, real=0.01 secs] 
613.403: [GC (Allocation Failure) [PSYoungGen: 72109K->1440K(72704K)] 345021K->274351K(809472K), 0.0014937 secs] [Times: user=0.00 sys=0.00, real=0.01 secs] 
613.529: [GC (Allocation Failure) [PSYoungGen: 72096K->1501K(72704K)] 345007K->274413K(809472K), 0.0015667 secs] [Times: user=0.01 sys=0.00, real=0.00 secs] 
613.654: [GC (Allocation Failure) [PSYoungGen: 72157K->1456K(72704K)] 345069K->274375K(809472K), 0.0015881 secs] [Times: user=0.01 sys=0.00, real=0.00 secs] 
614.324: [GC (Allocation Failure) [PSYoungGen: 72112K->1408K(72704K)] 345031K->274327K(809472K), 0.0020353 secs] [Times: user=0.01 sys=0.00, real=0.01 secs] 
614.998: [GC (Allocation Failure) [PSYoungGen: 72064K->1408K(72704K)] 344983K->274327K(809472K), 0.0019443 secs] [Times: user=0.00 sys=0.00, real=0.00 secs] 
615.679: [GC (Allocation Failure) [PSYoungGen: 72064K->1408K(72704K)] 344983K->274327K(809472K), 0.0024722 secs] [Times: user=0.01 sys=0.00, real=0.00 secs] 
616.129: [GC (Allocation Failure) [PSYoungGen: 72064K->1408K(72704K)] 344983K->274335K(809472K), 0.0019579 secs] [Times: user=0.01 sys=0.00, real=0.00 secs] 
616.421: [GC (Allocation Failure) [PSYoungGen: 72064K->1469K(72704K)] 344991K->274397K(809472K), 0.0016326 secs] [Times: user=0.01 sys=0.00, real=0.00 secs] 
616.547: [GC (Allocation Failure) [PSYoungGen: 72125K->1501K(72704K)] 345053K->274429K(809472K), 0.0016244 secs] [Times: user=0.00 sys=0.00, real=0.00 secs] 
616.673: [GC (Allocation Failure) [PSYoungGen: 72157K->1501K(72704K)] 345085K->274429K(809472K), 0.0016271 secs] [Times: user=0.00 sys=0.00, real=0.01 secs] 
616.876: [GC (Allocation Failure) [PSYoungGen: 72157K->1536K(72704K)] 345085K->274463K(809472K), 0.0020131 secs] [Times: user=0.01 sys=0.00, real=0.00 secs] 
617.200: [GC (Allocation Failure) [PSYoungGen: 72192K->1376K(72704K)] 345119K->274303K(809472K), 0.0015691 secs] [Times: user=0.00 sys=0.00, real=0.00 secs] 
617.495: [GC (Allocation Failure) [PSYoungGen: 72032K->1376K(72704K)] 344959K->274303K(809472K), 0.0018180 secs] [Times: user=0.01 sys=0.00, real=0.00 secs] 
617.856: [GC (Allocation Failure) [PSYoungGen: 72032K->1408K(72704K)] 344959K->274335K(809472K), 0.0028833 secs] [Times: user=0.01 sys=0.00, real=0.00 secs] 
618.305: [GC (Allocation Failure) [PSYoungGen: 72064K->1485K(72704K)] 344991K->274413K(809472K), 0.0023006 secs] [Times: user=0.01 sys=0.00, real=0.00 secs] 
618.467: [GC (Allocation Failure) [PSYoungGen: 72141K->1533K(72704K)] 345069K->274461K(809472K), 0.0016155 secs] [Times: user=0.01 sys=0.00, real=0.00 secs] 
618.596: [GC (Allocation Failure) [PSYoungGen: 72189K->1501K(72704K)] 345117K->274429K(809472K), 0.0016272 secs] [Times: user=0.01 sys=0.00, real=0.00 secs] 
618.740: [GC (Allocation Failure) [PSYoungGen: 72157K->1533K(72704K)] 345085K->274461K(809472K), 0.0018230 secs] [Times: user=0.00 sys=0.00, real=0.00 secs] 
619.099: [GC (Allocation Failure) [PSYoungGen: 72189K->1440K(72192K)] 345117K->274367K(808960K), 0.0020439 secs] [Times: user=0.01 sys=0.00, real=0.00 secs] 
619.393: [GC (Allocation Failure) [PSYoungGen: 72096K->1376K(72192K)] 345023K->274319K(808960K), 0.0021809 secs] [Times: user=0.01 sys=0.00, real=0.01 secs] 
619.687: [GC (Allocation Failure) [PSYoungGen: 72032K->1376K(72192K)] 344975K->274319K(808960K), 0.0018454 secs] [Times: user=0.01 sys=0.00, real=0.00 secs] 
619.980: [GC (Allocation Failure) [PSYoungGen: 72032K->1408K(72192K)] 344975K->274351K(808960K), 0.0020298 secs] [Times: user=0.01 sys=0.00, real=0.00 secs] 
620.308: [GC (Allocation Failure) [PSYoungGen: 72064K->1469K(72192K)] 345007K->274413K(808960K), 0.0021552 secs] [Times: user=0.01 sys=0.00, real=0.00 secs] 
620.491: [GC (Allocation Failure) [PSYoungGen: 72125K->1533K(72192K)] 345069K->274477K(808960K), 0.0016868 secs] [Times: user=0.00 sys=0.00, real=0.00 secs] 
620.614: [GC (Allocation Failure) [PSYoungGen: 72189K->1501K(72192K)] 345133K->274445K(808960K), 0.0016911 secs] [Times: user=0.01 sys=0.00, real=0.00 secs] 
620.739: [GC (Allocation Failure) [PSYoungGen: 72157K->1469K(75776K)] 345101K->274421K(812544K), 0.0016766 secs] [Times: user=0.01 sys=0.00, real=0.00 secs] 
621.949: [GC (Allocation Failure) [PSYoungGen: 75197K->1440K(74752K)] 348149K->274391K(811520K), 0.0036441 secs] [Times: user=0.02 sys=0.00, real=0.00 secs] 
622.681: [GC (Allocation Failure) [PSYoungGen: 74656K->1408K(74240K)] 347607K->274359K(811008K), 0.0032242 secs] [Times: user=0.01 sys=0.00, real=0.01 secs] 
623.466: [GC (Allocation Failure) [PSYoungGen: 74112K->1408K(73728K)] 347063K->274359K(810496K), 0.0025585 secs] [Times: user=0.01 sys=0.00, real=0.00 secs] 
624.227: [GC (Allocation Failure) [PSYoungGen: 73600K->1437K(73216K)] 346551K->274389K(809984K), 0.0026654 secs] [Times: user=0.01 sys=0.00, real=0.00 secs] 
624.406: [GC (Allocation Failure) [PSYoungGen: 73117K->1453K(72704K)] 346069K->274405K(809472K), 0.0016156 secs] [Times: user=0.01 sys=0.00, real=0.00 secs] 
624.531: [GC (Allocation Failure) [PSYoungGen: 72621K->1424K(72192K)] 345573K->274375K(808960K), 0.0017934 secs] [Times: user=0.01 sys=0.00, real=0.00 secs] 
624.655: [GC (Allocation Failure) [PSYoungGen: 72080K->1469K(72192K)] 345031K->274421K(808960K), 0.0016340 secs] [Times: user=0.01 sys=0.00, real=0.00 secs] 
625.268: [GC (Allocation Failure) [PSYoungGen: 72125K->1472K(72192K)] 345077K->274435K(808960K), 0.0020555 secs] [Times: user=0.00 sys=0.00, real=0.00 secs] 
625.994: [GC (Allocation Failure) [PSYoungGen: 72128K->1376K(72192K)] 345091K->274339K(808960K), 0.0021183 secs] [Times: user=0.01 sys=0.00, real=0.00 secs] 
626.904: [GC (Allocation Failure) [PSYoungGen: 72032K->1376K(72192K)] 344995K->274339K(808960K), 0.0028840 secs] [Times: user=0.01 sys=0.00, real=0.00 secs] 
627.538: [GC (Allocation Failure) [PSYoungGen: 72032K->1376K(72192K)] 344995K->274339K(808960K), 0.0025667 secs] [Times: user=0.01 sys=0.00, real=0.00 secs] 
627.992: [GC (Allocation Failure) [PSYoungGen: 72032K->1453K(72192K)] 344995K->274417K(808960K), 0.0021300 secs] [Times: user=0.01 sys=0.00, real=0.00 secs] 
628.134: [GC (Allocation Failure) [PSYoungGen: 72109K->1501K(72192K)] 345073K->274465K(808960K), 0.0017601 secs] [Times: user=0.00 sys=0.00, real=0.00 secs] 
628.260: [GC (Allocation Failure) [PSYoungGen: 72157K->1501K(72704K)] 345121K->274465K(809472K), 0.0015587 secs] [Times: user=0.01 sys=0.00, real=0.00 secs] 
628.385: [GC (Allocation Failure) [PSYoungGen: 72142K->1469K(72704K)] 345106K->274433K(809472K), 0.0014759 secs] [Times: user=0.00 sys=0.00, real=0.00 secs] 
628.845: [GC (Allocation Failure) [PSYoungGen: 72125K->1408K(72704K)] 345089K->274371K(809472K), 0.0019437 secs] [Times: user=0.01 sys=0.00, real=0.00 secs] 
629.237: [GC (Allocation Failure) [PSYoungGen: 72064K->1376K(72704K)] 345027K->274339K(809472K), 0.0020065 secs] [Times: user=0.01 sys=0.00, real=0.00 secs] 
629.596: [GC (Allocation Failure) [PSYoungGen: 72032K->1392K(72704K)] 344995K->274355K(809472K), 0.0018981 secs] [Times: user=0.01 sys=0.00, real=0.00 secs] 
630.023: [GC (Allocation Failure) [PSYoungGen: 72048K->1376K(72704K)] 345011K->274339K(809472K), 0.0018200 secs] [Times: user=0.00 sys=0.00, real=0.01 secs] 
630.253: [GC (Allocation Failure) [PSYoungGen: 72032K->1469K(72704K)] 344995K->274433K(809472K), 0.0016233 secs] [Times: user=0.01 sys=0.00, real=0.01 secs] 
630.379: [GC (Allocation Failure) [PSYoungGen: 72125K->1469K(72704K)] 345089K->274433K(809472K), 0.0015856 secs] [Times: user=0.01 sys=0.00, real=0.00 secs] 
630.503: [GC (Allocation Failure) [PSYoungGen: 72125K->1469K(72704K)] 345089K->274449K(809472K), 0.0015068 secs] [Times: user=0.00 sys=0.00, real=0.01 secs] 
631.006: [GC (Allocation Failure) [PSYoungGen: 72125K->1440K(72704K)] 345105K->274427K(809472K), 0.0020773 secs] [Times: user=0.00 sys=0.00, real=0.00 secs] 
631.329: [GC (Allocation Failure) [PSYoungGen: 72096K->1408K(72704K)] 345083K->274395K(809472K), 0.0019809 secs] [Times: user=0.01 sys=0.00, real=0.00 secs] 
631.623: [GC (Allocation Failure) [PSYoungGen: 72064K->1344K(72704K)] 345051K->274331K(809472K), 0.0018776 secs] [Times: user=0.00 sys=0.00, real=0.01 secs] 
631.929: [GC (Allocation Failure) [PSYoungGen: 72000K->1344K(72704K)] 344987K->274331K(809472K), 0.0019188 secs] [Times: user=0.01 sys=0.00, real=0.00 secs] 
632.213: [GC (Allocation Failure) [PSYoungGen: 71985K->1469K(72704K)] 344973K->274457K(809472K), 0.0017917 secs] [Times: user=0.01 sys=0.00, real=0.01 secs] 
632.344: [GC (Allocation Failure) [PSYoungGen: 72125K->1469K(72704K)] 345113K->274457K(809472K), 0.0015927 secs] [Times: user=0.00 sys=0.00, real=0.00 secs] 
632.467: [GC (Allocation Failure) [PSYoungGen: 72125K->1469K(72704K)] 345113K->274457K(809472K), 0.0015906 secs] [Times: user=0.01 sys=0.00, real=0.00 secs] 
632.592: [GC (Allocation Failure) [PSYoungGen: 72125K->1501K(72704K)] 345113K->274489K(809472K), 0.0017099 secs] [Times: user=0.01 sys=0.00, real=0.00 secs] 
632.907: [GC (Allocation Failure) [PSYoungGen: 72157K->1424K(72192K)] 345145K->274419K(808960K), 0.0017220 secs] [Times: user=0.01 sys=0.00, real=0.00 secs] 
633.232: [GC (Allocation Failure) [PSYoungGen: 72080K->1376K(72192K)] 345075K->274371K(808960K), 0.0018175 secs] [Times: user=0.00 sys=0.00, real=0.00 secs] 
633.525: [GC (Allocation Failure) [PSYoungGen: 72032K->1376K(72192K)] 345027K->274371K(808960K), 0.0016605 secs] [Times: user=0.01 sys=0.00, real=0.00 secs] 
633.980: [GC (Allocation Failure) [PSYoungGen: 72032K->1344K(72192K)] 345027K->274339K(808960K), 0.0019171 secs] [Times: user=0.01 sys=0.00, real=0.00 secs] 
634.315: [GC (Allocation Failure) [PSYoungGen: 72000K->1501K(72192K)] 344995K->274497K(808960K), 0.0024226 secs] [Times: user=0.01 sys=0.00, real=0.00 secs] 
634.539: [GC (Allocation Failure) [PSYoungGen: 72157K->1469K(72192K)] 345153K->274465K(808960K), 0.0022377 secs] [Times: user=0.01 sys=0.00, real=0.00 secs] 
634.680: [GC (Allocation Failure) [PSYoungGen: 72125K->1501K(72192K)] 345121K->274497K(808960K), 0.0015738 secs] [Times: user=0.01 sys=0.00, real=0.00 secs] 
634.826: [GC (Allocation Failure) [PSYoungGen: 72157K->1453K(72192K)] 345153K->274465K(808960K), 0.0017964 secs] [Times: user=0.01 sys=0.00, real=0.00 secs] 
635.510: [GC (Allocation Failure) [PSYoungGen: 72109K->1440K(72192K)] 345121K->274451K(808960K), 0.0022369 secs] [Times: user=0.01 sys=0.00, real=0.00 secs] 
635.798: [GC (Allocation Failure) [PSYoungGen: 72096K->1376K(72192K)] 345107K->274387K(808960K), 0.0020276 secs] [Times: user=0.00 sys=0.00, real=0.00 secs] 
636.173: [GC (Allocation Failure) [PSYoungGen: 72032K->1376K(72192K)] 345043K->274387K(808960K), 0.0018676 secs] [Times: user=0.00 sys=0.00, real=0.01 secs] 
636.971: [GC (Allocation Failure) [PSYoungGen: 72032K->1469K(72192K)] 345043K->274481K(808960K), 0.0023437 secs] [Times: user=0.00 sys=0.00, real=0.00 secs] 
637.138: [GC (Allocation Failure) [PSYoungGen: 72125K->1424K(72192K)] 345137K->274435K(808960K), 0.0016820 secs] [Times: user=0.01 sys=0.00, real=0.00 secs] 
637.286: [GC (Allocation Failure) [PSYoungGen: 72059K->1469K(72704K)] 345071K->274481K(809472K), 0.0017844 secs] [Times: user=0.01 sys=0.00, real=0.00 secs] 
637.441: [GC (Allocation Failure) [PSYoungGen: 72125K->1501K(72704K)] 345136K->274513K(809472K), 0.0017146 secs] [Times: user=0.00 sys=0.00, real=0.00 secs] 
637.987: [GC (Allocation Failure) [PSYoungGen: 72157K->1408K(72704K)] 345169K->274435K(809472K), 0.0025965 secs] [Times: user=0.01 sys=0.00, real=0.00 secs] 
638.758: [GC (Allocation Failure) [PSYoungGen: 72064K->1376K(72704K)] 345091K->274403K(809472K), 0.0021818 secs] [Times: user=0.00 sys=0.00, real=0.00 secs] 
639.261: [GC (Allocation Failure) [PSYoungGen: 72032K->1408K(72704K)] 345059K->274435K(809472K), 0.0019536 secs] [Times: user=0.01 sys=0.00, real=0.00 secs] 
639.968: [GC (Allocation Failure) [PSYoungGen: 72064K->1344K(72704K)] 345091K->274371K(809472K), 0.0024638 secs] [Times: user=0.01 sys=0.00, real=0.00 secs] 
640.468: [GC (Allocation Failure) [PSYoungGen: 72000K->1501K(72704K)] 345027K->274529K(809472K), 0.0018967 secs] [Times: user=0.01 sys=0.00, real=0.00 secs] 
640.618: [GC (Allocation Failure) [PSYoungGen: 72157K->1405K(72704K)] 345185K->274433K(809472K), 0.0014960 secs] [Times: user=0.00 sys=0.00, real=0.00 secs] 
640.768: [GC (Allocation Failure) [PSYoungGen: 72061K->1421K(72704K)] 345089K->274465K(809472K), 0.0017777 secs] [Times: user=0.01 sys=0.00, real=0.00 secs] 
640.927: [GC (Allocation Failure) [PSYoungGen: 72077K->1504K(72704K)] 345121K->274547K(809472K), 0.0015814 secs] [Times: user=0.01 sys=0.00, real=0.00 secs] 
641.883: [GC (Allocation Failure) [PSYoungGen: 72160K->1440K(72704K)] 345203K->274483K(809472K), 0.0022574 secs] [Times: user=0.01 sys=0.00, real=0.01 secs] 
642.174: [GC (Allocation Failure) [PSYoungGen: 72096K->1408K(72704K)] 345139K->274451K(809472K), 0.0020043 secs] [Times: user=0.01 sys=0.00, real=0.01 secs] 
642.467: [GC (Allocation Failure) [PSYoungGen: 72064K->1408K(72704K)] 345107K->274451K(809472K), 0.0019796 secs] [Times: user=0.00 sys=0.00, real=0.00 secs] 
642.761: [GC (Allocation Failure) [PSYoungGen: 72064K->1376K(72192K)] 345107K->274419K(808960K), 0.0029122 secs] [Times: user=0.01 sys=0.00, real=0.00 secs] 
643.042: [GC (Allocation Failure) [PSYoungGen: 72032K->1501K(72192K)] 345075K->274545K(808960K), 0.0015713 secs] [Times: user=0.01 sys=0.00, real=0.01 secs] 
643.187: [GC (Allocation Failure) [PSYoungGen: 72157K->1453K(72704K)] 345201K->274497K(809472K), 0.0015920 secs] [Times: user=0.01 sys=0.00, real=0.00 secs] 
643.346: [GC (Allocation Failure) [PSYoungGen: 72109K->1485K(72704K)] 345153K->274529K(809472K), 0.0019308 secs] [Times: user=0.01 sys=0.00, real=0.00 secs] 
643.728: [GC (Allocation Failure) [PSYoungGen: 72141K->1920K(72704K)] 345185K->274963K(809472K), 0.0019421 secs] [Times: user=0.01 sys=0.00, real=0.00 secs] 
644.353: [GC (Allocation Failure) [PSYoungGen: 72576K->1376K(72704K)] 345619K->274419K(809472K), 0.0021295 secs] [Times: user=0.01 sys=0.00, real=0.01 secs] 
645.298: [GC (Allocation Failure) [PSYoungGen: 72032K->1376K(72704K)] 345075K->274419K(809472K), 0.0038603 secs] [Times: user=0.02 sys=0.00, real=0.00 secs] 
645.991: [GC (Allocation Failure) [PSYoungGen: 72032K->1376K(72704K)] 345075K->274419K(809472K), 0.0024285 secs] [Times: user=0.01 sys=0.00, real=0.00 secs] 
647.070: [GC (Allocation Failure) [PSYoungGen: 72032K->1533K(72704K)] 345075K->274577K(809472K), 0.0030335 secs] [Times: user=0.01 sys=0.00, real=0.00 secs] 
647.279: [GC (Allocation Failure) [PSYoungGen: 72189K->1501K(72704K)] 345233K->274545K(809472K), 0.0018176 secs] [Times: user=0.00 sys=0.00, real=0.00 secs] 
647.405: [GC (Allocation Failure) [PSYoungGen: 72157K->1469K(72704K)] 345201K->274513K(809472K), 0.0015872 secs] [Times: user=0.01 sys=0.00, real=0.00 secs] 
647.548: [GC (Allocation Failure) [PSYoungGen: 72120K->1453K(72704K)] 345164K->274497K(809472K), 0.0016845 secs] [Times: user=0.01 sys=0.00, real=0.00 secs] 
648.037: [GC (Allocation Failure) [PSYoungGen: 72109K->1456K(72704K)] 345153K->274507K(809472K), 0.0020238 secs] [Times: user=0.01 sys=0.00, real=0.00 secs] 
648.685: [GC (Allocation Failure) [PSYoungGen: 72112K->1408K(72704K)] 345163K->274459K(809472K), 0.0018492 secs] [Times: user=0.00 sys=0.00, real=0.00 secs] 
649.263: [GC (Allocation Failure) [PSYoungGen: 72064K->1376K(72704K)] 345115K->274427K(809472K), 0.0028910 secs] [Times: user=0.01 sys=0.00, real=0.01 secs] 
649.849: [GC (Allocation Failure) [PSYoungGen: 72032K->1408K(72704K)] 345083K->274459K(809472K), 0.0028342 secs] [Times: user=0.01 sys=0.00, real=0.00 secs] 
650.430: [GC (Allocation Failure) [PSYoungGen: 72064K->1421K(72704K)] 345115K->274473K(809472K), 0.0021550 secs] [Times: user=0.01 sys=0.00, real=0.00 secs] 
650.616: [GC (Allocation Failure) [PSYoungGen: 72077K->1453K(72704K)] 345129K->274505K(809472K), 0.0019426 secs] [Times: user=0.01 sys=0.00, real=0.00 secs] 
650.770: [GC (Allocation Failure) [PSYoungGen: 72109K->1501K(72704K)] 345161K->274553K(809472K), 0.0016045 secs] [Times: user=0.01 sys=0.00, real=0.00 secs] 
650.895: [GC (Allocation Failure) [PSYoungGen: 72157K->1469K(72704K)] 345209K->274537K(809472K), 0.0016617 secs] [Times: user=0.01 sys=0.00, real=0.00 secs] 
651.894: [GC (Allocation Failure) [PSYoungGen: 72125K->1440K(72704K)] 345193K->274507K(809472K), 0.0030887 secs] [Times: user=0.02 sys=0.00, real=0.00 secs] 
652.710: [GC (Allocation Failure) [PSYoungGen: 72096K->1376K(72704K)] 345163K->274467K(809472K), 0.0021690 secs] [Times: user=0.01 sys=0.00, real=0.00 secs] 
653.472: [GC (Allocation Failure) [PSYoungGen: 72032K->1344K(72704K)] 345123K->274435K(809472K), 0.0024012 secs] [Times: user=0.01 sys=0.00, real=0.01 secs] 
654.084: [GC (Allocation Failure) [PSYoungGen: 72000K->1344K(72704K)] 345091K->274435K(809472K), 0.0024897 secs] [Times: user=0.01 sys=0.00, real=0.00 secs] 
654.376: [GC (Allocation Failure) [PSYoungGen: 72000K->1501K(72704K)] 345091K->274593K(809472K), 0.0016635 secs] [Times: user=0.01 sys=0.01, real=0.00 secs] 
654.502: [GC (Allocation Failure) [PSYoungGen: 72157K->1469K(72704K)] 345249K->274561K(809472K), 0.0015883 secs] [Times: user=0.00 sys=0.00, real=0.00 secs] 
654.626: [GC (Allocation Failure) [PSYoungGen: 72125K->1501K(72704K)] 345217K->274593K(809472K), 0.0016963 secs] [Times: user=0.01 sys=0.00, real=0.00 secs] 
655.150: [GC (Allocation Failure) [PSYoungGen: 72157K->1424K(72704K)] 345249K->274523K(809472K), 0.0019463 secs] [Times: user=0.00 sys=0.00, real=0.00 secs] 
656.161: [GC (Allocation Failure) [PSYoungGen: 72080K->1344K(72704K)] 345179K->274443K(809472K), 0.0025653 secs] [Times: user=0.01 sys=0.00, real=0.01 secs] 
657.040: [GC (Allocation Failure) [PSYoungGen: 72000K->1392K(72704K)] 345099K->274491K(809472K), 0.0030430 secs] [Times: user=0.02 sys=0.00, real=0.00 secs] 
658.037: [GC (Allocation Failure) [PSYoungGen: 72048K->1376K(72704K)] 345147K->274475K(809472K), 0.0031914 secs] [Times: user=0.01 sys=0.00, real=0.00 secs] 
658.896: [GC (Allocation Failure) [PSYoungGen: 72032K->1469K(72704K)] 345131K->274569K(809472K), 0.0023454 secs] [Times: user=0.01 sys=0.00, real=0.00 secs] 
659.130: [GC (Allocation Failure) [PSYoungGen: 72125K->1501K(72704K)] 345225K->274601K(809472K), 0.0020847 secs] [Times: user=0.01 sys=0.00, real=0.00 secs] 
659.320: [GC (Allocation Failure) [PSYoungGen: 72157K->1533K(72704K)] 345257K->274633K(809472K), 0.0019589 secs] [Times: user=0.00 sys=0.00, real=0.00 secs] 
659.482: [GC (Allocation Failure) [PSYoungGen: 72189K->1469K(72704K)] 345289K->274569K(809472K), 0.0015492 secs] [Times: user=0.00 sys=0.00, real=0.00 secs] 
660.327: [GC (Allocation Failure) [PSYoungGen: 72125K->1440K(72704K)] 345225K->274539K(809472K), 0.0030676 secs] [Times: user=0.02 sys=0.00, real=0.00 secs] 
660.966: [GC (Allocation Failure) [PSYoungGen: 72096K->1376K(72704K)] 345195K->274475K(809472K), 0.0021237 secs] [Times: user=0.00 sys=0.00, real=0.00 secs] 
661.413: [GC (Allocation Failure) [PSYoungGen: 72032K->1376K(72704K)] 345131K->274475K(809472K), 0.0023759 secs] [Times: user=0.01 sys=0.00, real=0.01 secs] 
661.823: [GC (Allocation Failure) [PSYoungGen: 72032K->1344K(72704K)] 345131K->274443K(809472K), 0.0019656 secs] [Times: user=0.01 sys=0.00, real=0.01 secs] 
662.078: [GC (Allocation Failure) [PSYoungGen: 72000K->1453K(72704K)] 345099K->274553K(809472K), 0.0023912 secs] [Times: user=0.01 sys=0.00, real=0.00 secs] 
662.259: [GC (Allocation Failure) [PSYoungGen: 72109K->1469K(72704K)] 345209K->274569K(809472K), 0.0015798 secs] [Times: user=0.01 sys=0.00, real=0.00 secs] 
662.384: [GC (Allocation Failure) [PSYoungGen: 72125K->1501K(72704K)] 345225K->274601K(809472K), 0.0015620 secs] [Times: user=0.01 sys=0.00, real=0.00 secs] 
662.867: [GC (Allocation Failure) [PSYoungGen: 72157K->1536K(72704K)] 345257K->274659K(809472K), 0.0019047 secs] [Times: user=0.01 sys=0.00, real=0.00 secs] 
664.188: [GC (Allocation Failure) [PSYoungGen: 72192K->1376K(72704K)] 345315K->274499K(809472K), 0.0020436 secs] [Times: user=0.00 sys=0.01, real=0.00 secs] 
664.479: [GC (Allocation Failure) [PSYoungGen: 72032K->1376K(72704K)] 345155K->274499K(809472K), 0.0020946 secs] [Times: user=0.01 sys=0.00, real=0.00 secs] 
664.930: [GC (Allocation Failure) [PSYoungGen: 72032K->1376K(72704K)] 345155K->274499K(809472K), 0.0018500 secs] [Times: user=0.01 sys=0.00, real=0.00 secs] 
665.295: [GC (Allocation Failure) [PSYoungGen: 72032K->1469K(72704K)] 345155K->274593K(809472K), 0.0022923 secs] [Times: user=0.00 sys=0.00, real=0.00 secs] 
665.460: [GC (Allocation Failure) [PSYoungGen: 72125K->1469K(72704K)] 345249K->274593K(809472K), 0.0016272 secs] [Times: user=0.01 sys=0.00, real=0.00 secs] 
665.585: [GC (Allocation Failure) [PSYoungGen: 72125K->1533K(72704K)] 345249K->274657K(809472K), 0.0015338 secs] [Times: user=0.01 sys=0.00, real=0.00 secs] 
665.709: [GC (Allocation Failure) [PSYoungGen: 72189K->1469K(72704K)] 345313K->274593K(809472K), 0.0015433 secs] [Times: user=0.01 sys=0.00, real=0.00 secs] 
666.157: [GC (Allocation Failure) [PSYoungGen: 72125K->1392K(72704K)] 345249K->274523K(809472K), 0.0021820 secs] [Times: user=0.01 sys=0.00, real=0.00 secs] 
666.745: [GC (Allocation Failure) [PSYoungGen: 72048K->1312K(72704K)] 345179K->274443K(809472K), 0.0020958 secs] [Times: user=0.01 sys=0.00, real=0.00 secs] 
667.392: [GC (Allocation Failure) [PSYoungGen: 71968K->1376K(72704K)] 345099K->274507K(809472K), 0.0029075 secs] [Times: user=0.02 sys=0.00, real=0.01 secs] 
667.977: [GC (Allocation Failure) [PSYoungGen: 72032K->1376K(72704K)] 345163K->274507K(809472K), 0.0028669 secs] [Times: user=0.01 sys=0.00, real=0.00 secs] 
668.430: [GC (Allocation Failure) [PSYoungGen: 72032K->1501K(72704K)] 345163K->274633K(809472K), 0.0019123 secs] [Times: user=0.01 sys=0.00, real=0.00 secs] 
668.613: [GC (Allocation Failure) [PSYoungGen: 72157K->1453K(72704K)] 345289K->274585K(809472K), 0.0020158 secs] [Times: user=0.00 sys=0.01, real=0.01 secs] 
668.795: [GC (Allocation Failure) [PSYoungGen: 72109K->1453K(72704K)] 345241K->274585K(809472K), 0.0022215 secs] [Times: user=0.01 sys=0.00, real=0.00 secs] 
668.952: [GC (Allocation Failure) [PSYoungGen: 72104K->1501K(72704K)] 345236K->274641K(809472K), 0.0016867 secs] [Times: user=0.01 sys=0.00, real=0.00 secs] 
669.328: [GC (Allocation Failure) [PSYoungGen: 72157K->1440K(72704K)] 345297K->274579K(809472K), 0.0020332 secs] [Times: user=0.01 sys=0.00, real=0.00 secs] 
669.817: [GC (Allocation Failure) [PSYoungGen: 72096K->1408K(72704K)] 345235K->274547K(809472K), 0.0017489 secs] [Times: user=0.00 sys=0.00, real=0.00 secs] 
670.384: [GC (Allocation Failure) [PSYoungGen: 72064K->1376K(72704K)] 345203K->274531K(809472K), 0.0021354 secs] [Times: user=0.01 sys=0.00, real=0.01 secs] 
670.971: [GC (Allocation Failure) [PSYoungGen: 72032K->1376K(72704K)] 345187K->274531K(809472K), 0.0021095 secs] [Times: user=0.01 sys=0.00, real=0.00 secs] 
671.243: [GC (Allocation Failure) [PSYoungGen: 72032K->1536K(72704K)] 345187K->274691K(809472K), 0.0015174 secs] [Times: user=0.01 sys=0.00, real=0.01 secs] 
671.369: [GC (Allocation Failure) [PSYoungGen: 72192K->1504K(72704K)] 345347K->274659K(809472K), 0.0015960 secs] [Times: user=0.01 sys=0.00, real=0.00 secs] 
671.514: [GC (Allocation Failure) [PSYoungGen: 72160K->1421K(72704K)] 345315K->274577K(809472K), 0.0017615 secs] [Times: user=0.00 sys=0.00, real=0.01 secs] 
671.868: [GC (Allocation Failure) [PSYoungGen: 72077K->1456K(72704K)] 345233K->274619K(809472K), 0.0018770 secs] [Times: user=0.01 sys=0.00, real=0.00 secs] 
672.162: [GC (Allocation Failure) [PSYoungGen: 72112K->1376K(72704K)] 345275K->274539K(809472K), 0.0019581 secs] [Times: user=0.01 sys=0.00, real=0.01 secs] 
672.538: [GC (Allocation Failure) [PSYoungGen: 72032K->1376K(72704K)] 345195K->274539K(809472K), 0.0019271 secs] [Times: user=0.01 sys=0.00, real=0.00 secs] 
673.226: [GC (Allocation Failure) [PSYoungGen: 72032K->1424K(72704K)] 345195K->274587K(809472K), 0.0021397 secs] [Times: user=0.01 sys=0.00, real=0.00 secs] 
673.929: [GC (Allocation Failure) [PSYoungGen: 72080K->1501K(72704K)] 345243K->274665K(809472K), 0.0027792 secs] [Times: user=0.01 sys=0.00, real=0.00 secs] 
674.127: [GC (Allocation Failure) [PSYoungGen: 72157K->1501K(72704K)] 345321K->274665K(809472K), 0.0016395 secs] [Times: user=0.01 sys=0.00, real=0.00 secs] 
674.270: [GC (Allocation Failure) [PSYoungGen: 72157K->1501K(72704K)] 345321K->274665K(809472K), 0.0018248 secs] [Times: user=0.00 sys=0.00, real=0.00 secs] 
674.420: [GC (Allocation Failure) [PSYoungGen: 72157K->1536K(72704K)] 345321K->274699K(809472K), 0.0015022 secs] [Times: user=0.01 sys=0.00, real=0.00 secs] 
674.849: [GC (Allocation Failure) [PSYoungGen: 72192K->1440K(72704K)] 345355K->274619K(809472K), 0.0020898 secs] [Times: user=0.01 sys=0.00, real=0.00 secs] 
675.718: [GC (Allocation Failure) [PSYoungGen: 72096K->1376K(72704K)] 345275K->274563K(809472K), 0.0031770 secs] [Times: user=0.01 sys=0.00, real=0.00 secs] 
676.656: [GC (Allocation Failure) [PSYoungGen: 72032K->1376K(72704K)] 345219K->274571K(809472K), 0.0033560 secs] [Times: user=0.01 sys=0.00, real=0.00 secs] 
677.612: [GC (Allocation Failure) [PSYoungGen: 72032K->1376K(72704K)] 345227K->274571K(809472K), 0.0030991 secs] [Times: user=0.01 sys=0.00, real=0.01 secs] 
678.182: [GC (Allocation Failure) [PSYoungGen: 72032K->1421K(72704K)] 345227K->274617K(809472K), 0.0022528 secs] [Times: user=0.00 sys=0.00, real=0.01 secs] 
678.389: [GC (Allocation Failure) [PSYoungGen: 72077K->1549K(72704K)] 345273K->274745K(809472K), 0.0048407 secs] [Times: user=0.02 sys=0.00, real=0.01 secs] 
678.582: [GC (Allocation Failure) [PSYoungGen: 72205K->1469K(72704K)] 345401K->274665K(809472K), 0.0021549 secs] [Times: user=0.00 sys=0.00, real=0.01 secs] 
678.736: [GC (Allocation Failure) [PSYoungGen: 72125K->1501K(79360K)] 345321K->274713K(816128K), 0.0016607 secs] [Times: user=0.00 sys=0.00, real=0.00 secs] 
679.589: [GC (Allocation Failure) [PSYoungGen: 78813K->1424K(78336K)] 352025K->274635K(815104K), 0.0037685 secs] [Times: user=0.02 sys=0.00, real=0.00 secs] 
680.318: [GC (Allocation Failure) [PSYoungGen: 78224K->1408K(77824K)] 351435K->274619K(814592K), 0.0034164 secs] [Times: user=0.01 sys=0.01, real=0.00 secs] 
681.200: [GC (Allocation Failure) [PSYoungGen: 77696K->1376K(77312K)] 350907K->274587K(814080K), 0.0027766 secs] [Times: user=0.01 sys=0.00, real=0.00 secs] 
682.807: [GC (Allocation Failure) [PSYoungGen: 77152K->1501K(76800K)] 350363K->274713K(813568K), 0.0025007 secs] [Times: user=0.01 sys=0.00, real=0.00 secs] 
683.057: [GC (Allocation Failure) [PSYoungGen: 76765K->1437K(76288K)] 349977K->274649K(813056K), 0.0020476 secs] [Times: user=0.00 sys=0.00, real=0.00 secs] 
683.244: [GC (Allocation Failure) [PSYoungGen: 76189K->1469K(75776K)] 349401K->274681K(812544K), 0.0020100 secs] [Times: user=0.00 sys=0.00, real=0.01 secs] 
683.427: [GC (Allocation Failure) [PSYoungGen: 75709K->1501K(75264K)] 348921K->274713K(812032K), 0.0021618 secs] [Times: user=0.01 sys=0.00, real=0.00 secs] 
683.928: [GC (Allocation Failure) [PSYoungGen: 75229K->1440K(74752K)] 348441K->274683K(811520K), 0.0022500 secs] [Times: user=0.01 sys=0.00, real=0.00 secs] 
684.273: [GC (Allocation Failure) [PSYoungGen: 74656K->1408K(74240K)] 347899K->274651K(811008K), 0.0021389 secs] [Times: user=0.01 sys=0.00, real=0.01 secs] 
684.638: [GC (Allocation Failure) [PSYoungGen: 74112K->1344K(73728K)] 347355K->274587K(810496K), 0.0019440 secs] [Times: user=0.01 sys=0.00, real=0.00 secs] 
684.938: [GC (Allocation Failure) [PSYoungGen: 73536K->1408K(73216K)] 346779K->274651K(809984K), 0.0018301 secs] [Times: user=0.01 sys=0.00, real=0.00 secs] 
685.082: [GC (Allocation Failure) [PSYoungGen: 73088K->1501K(72704K)] 346331K->274745K(809472K), 0.0017166 secs] [Times: user=0.01 sys=0.00, real=0.01 secs] 
685.208: [GC (Allocation Failure) [PSYoungGen: 72669K->1501K(72192K)] 345913K->274745K(808960K), 0.0016803 secs] [Times: user=0.01 sys=0.00, real=0.00 secs] 
685.334: [GC (Allocation Failure) [PSYoungGen: 72157K->1469K(72704K)] 345401K->274713K(809472K), 0.0016592 secs] [Times: user=0.01 sys=0.00, real=0.00 secs] 
685.724: [GC (Allocation Failure) [PSYoungGen: 72125K->1440K(72704K)] 345369K->274683K(809472K), 0.0019746 secs] [Times: user=0.01 sys=0.00, real=0.00 secs] 
686.018: [GC (Allocation Failure) [PSYoungGen: 72096K->1360K(72704K)] 345339K->274603K(809472K), 0.0018814 secs] [Times: user=0.00 sys=0.00, real=0.00 secs] 
686.353: [GC (Allocation Failure) [PSYoungGen: 72016K->1408K(72704K)] 345259K->274651K(809472K), 0.0018649 secs] [Times: user=0.01 sys=0.00, real=0.01 secs] 
686.680: [GC (Allocation Failure) [PSYoungGen: 72064K->1408K(72704K)] 345307K->274651K(809472K), 0.0029379 secs] [Times: user=0.01 sys=0.00, real=0.00 secs] 
687.084: [GC (Allocation Failure) [PSYoungGen: 72064K->1453K(72704K)] 345307K->274697K(809472K), 0.0020469 secs] [Times: user=0.01 sys=0.01, real=0.00 secs] 
687.271: [GC (Allocation Failure) [PSYoungGen: 72109K->1485K(72704K)] 345353K->274729K(809472K), 0.0019823 secs] [Times: user=0.01 sys=0.00, real=0.00 secs] 
687.427: [GC (Allocation Failure) [PSYoungGen: 72141K->1469K(72704K)] 345385K->274713K(809472K), 0.0016257 secs] [Times: user=0.01 sys=0.00, real=0.00 secs] 
687.552: [GC (Allocation Failure) [PSYoungGen: 72125K->1501K(72704K)] 345369K->274745K(809472K), 0.0015758 secs] [Times: user=0.00 sys=0.00, real=0.00 secs] 
688.003: [GC (Allocation Failure) [PSYoungGen: 72157K->1408K(72704K)] 345401K->274651K(809472K), 0.0021621 secs] [Times: user=0.01 sys=0.00, real=0.01 secs] 
688.343: [GC (Allocation Failure) [PSYoungGen: 72064K->1408K(72704K)] 345307K->274651K(809472K), 0.0020456 secs] [Times: user=0.01 sys=0.00, real=0.01 secs] 
688.651: [GC (Allocation Failure) [PSYoungGen: 72064K->1408K(72704K)] 345307K->274667K(809472K), 0.0017910 secs] [Times: user=0.01 sys=0.00, real=0.00 secs] 
689.024: [GC (Allocation Failure) [PSYoungGen: 72064K->1376K(72704K)] 345323K->274635K(809472K), 0.0017175 secs] [Times: user=0.00 sys=0.00, real=0.00 secs] 
689.278: [GC (Allocation Failure) [PSYoungGen: 72032K->1469K(72704K)] 345291K->274737K(809472K), 0.0015555 secs] [Times: user=0.01 sys=0.00, real=0.00 secs] 
689.403: [GC (Allocation Failure) [PSYoungGen: 72125K->1469K(72704K)] 345393K->274737K(809472K), 0.0015740 secs] [Times: user=0.00 sys=0.00, real=0.01 secs] 
689.528: [GC (Allocation Failure) [PSYoungGen: 72125K->1536K(72704K)] 345393K->274803K(809472K), 0.0016805 secs] [Times: user=0.00 sys=0.00, real=0.00 secs] 
690.365: [GC (Allocation Failure) [PSYoungGen: 72192K->1952K(72704K)] 345459K->275219K(809472K), 0.0040012 secs] [Times: user=0.01 sys=0.00, real=0.00 secs] 
691.392: [GC (Allocation Failure) [PSYoungGen: 72608K->1376K(72704K)] 345875K->274643K(809472K), 0.0028576 secs] [Times: user=0.01 sys=0.00, real=0.01 secs] 
692.062: [GC (Allocation Failure) [PSYoungGen: 72032K->1376K(72704K)] 345299K->274643K(809472K), 0.0020395 secs] [Times: user=0.01 sys=0.00, real=0.01 secs] 
692.662: [GC (Allocation Failure) [PSYoungGen: 72032K->1344K(72704K)] 345299K->274611K(809472K), 0.0020465 secs] [Times: user=0.01 sys=0.00, real=0.01 secs] 
693.335: [GC (Allocation Failure) [PSYoungGen: 72000K->1456K(72704K)] 345267K->274723K(809472K), 0.0024234 secs] [Times: user=0.01 sys=0.00, real=0.00 secs] 
693.479: [GC (Allocation Failure) [PSYoungGen: 72112K->1469K(72704K)] 345379K->274737K(809472K), 0.0015500 secs] [Times: user=0.01 sys=0.00, real=0.00 secs] 
693.603: [GC (Allocation Failure) [PSYoungGen: 72125K->1469K(72704K)] 345393K->274737K(809472K), 0.0016229 secs] [Times: user=0.00 sys=0.00, real=0.01 secs] 
693.728: [GC (Allocation Failure) [PSYoungGen: 72101K->1456K(72704K)] 345368K->274723K(809472K), 0.0015972 secs] [Times: user=0.01 sys=0.00, real=0.00 secs] 
694.764: [GC (Allocation Failure) [PSYoungGen: 72112K->1472K(72704K)] 345379K->274739K(809472K), 0.0041443 secs] [Times: user=0.02 sys=0.00, real=0.00 secs] 
695.849: [GC (Allocation Failure) [PSYoungGen: 72128K->1376K(72704K)] 345395K->274643K(809472K), 0.0036717 secs] [Times: user=0.01 sys=0.00, real=0.00 secs] 
696.962: [GC (Allocation Failure) [PSYoungGen: 72032K->1376K(72704K)] 345299K->274643K(809472K), 0.0036260 secs] [Times: user=0.01 sys=0.00, real=0.01 secs] 
697.969: [GC (Allocation Failure) [PSYoungGen: 72032K->1360K(72704K)] 345299K->274627K(809472K), 0.0029867 secs] [Times: user=0.01 sys=0.00, real=0.00 secs] 
698.536: [GC (Allocation Failure) [PSYoungGen: 72016K->1501K(72704K)] 345283K->274777K(809472K), 0.0022194 secs] [Times: user=0.01 sys=0.00, real=0.00 secs] 
698.693: [GC (Allocation Failure) [PSYoungGen: 72157K->1469K(72704K)] 345433K->274745K(809472K), 0.0015973 secs] [Times: user=0.01 sys=0.00, real=0.01 secs] 
698.817: [GC (Allocation Failure) [PSYoungGen: 72125K->1469K(72704K)] 345401K->274745K(809472K), 0.0015439 secs] [Times: user=0.01 sys=0.00, real=0.00 secs] 
698.943: [GC (Allocation Failure) [PSYoungGen: 72125K->1517K(72704K)] 345401K->274809K(809472K), 0.0037554 secs] [Times: user=0.02 sys=0.00, real=0.01 secs] 
699.879: [GC (Allocation Failure) [PSYoungGen: 72173K->1408K(78848K)] 345465K->274699K(815616K), 0.0022584 secs] [Times: user=0.01 sys=0.01, real=0.00 secs] 
700.760: [GC (Allocation Failure) [PSYoungGen: 78720K->1376K(78336K)] 352011K->274667K(815104K), 0.0028540 secs] [Times: user=0.01 sys=0.00, real=0.00 secs] 
701.894: [GC (Allocation Failure) [PSYoungGen: 78176K->1344K(77824K)] 351467K->274635K(814592K), 0.0031027 secs] [Times: user=0.01 sys=0.00, real=0.00 secs] 
703.107: [GC (Allocation Failure) [PSYoungGen: 77632K->1469K(77312K)] 350923K->274761K(814080K), 0.0030715 secs] [Times: user=0.01 sys=0.00, real=0.00 secs] 
703.315: [GC (Allocation Failure) [PSYoungGen: 77232K->1469K(76800K)] 350523K->274761K(813568K), 0.0017263 secs] [Times: user=0.01 sys=0.00, real=0.00 secs] 
703.449: [GC (Allocation Failure) [PSYoungGen: 76733K->1469K(76288K)] 350025K->274761K(813056K), 0.0016498 secs] [Times: user=0.01 sys=0.00, real=0.00 secs] 
703.581: [GC (Allocation Failure) [PSYoungGen: 76221K->1501K(75776K)] 349513K->274793K(812544K), 0.0016120 secs] [Times: user=0.01 sys=0.00, real=0.00 secs] 
704.637: [GC (Allocation Failure) [PSYoungGen: 75741K->1472K(75264K)] 349033K->274779K(812032K), 0.0024504 secs] [Times: user=0.01 sys=0.00, real=0.00 secs] 
705.556: [GC (Allocation Failure) [PSYoungGen: 75200K->1376K(74752K)] 348507K->274683K(811520K), 0.0025544 secs] [Times: user=0.01 sys=0.00, real=0.00 secs] 
706.251: [GC (Allocation Failure) [PSYoungGen: 74592K->1376K(74240K)] 347899K->274683K(811008K), 0.0021779 secs] [Times: user=0.01 sys=0.00, real=0.00 secs] 
707.352: [GC (Allocation Failure) [PSYoungGen: 74080K->1408K(73728K)] 347387K->274715K(810496K), 0.0028658 secs] [Times: user=0.01 sys=0.00, real=0.01 secs] 
707.807: [GC (Allocation Failure) [PSYoungGen: 73600K->1485K(73216K)] 346907K->274793K(809984K), 0.0018740 secs] [Times: user=0.01 sys=0.00, real=0.00 secs] 
707.975: [GC (Allocation Failure) [PSYoungGen: 73165K->1501K(72704K)] 346473K->274809K(809472K), 0.0019876 secs] [Times: user=0.00 sys=0.00, real=0.00 secs] 
708.127: [GC (Allocation Failure) [PSYoungGen: 72669K->1533K(72192K)] 345977K->274841K(808960K), 0.0017281 secs] [Times: user=0.00 sys=0.00, real=0.00 secs] 
708.560: [GC (Allocation Failure) [PSYoungGen: 72189K->1488K(72192K)] 345497K->274803K(808960K), 0.0023498 secs] [Times: user=0.01 sys=0.00, real=0.00 secs] 
709.251: [GC (Allocation Failure) [PSYoungGen: 72144K->1408K(72704K)] 345459K->274731K(809472K), 0.0024190 secs] [Times: user=0.01 sys=0.00, real=0.00 secs] 
709.880: [GC (Allocation Failure) [PSYoungGen: 72064K->1376K(72704K)] 345387K->274699K(809472K), 0.0019355 secs] [Times: user=0.01 sys=0.00, real=0.00 secs] 
710.512: [GC (Allocation Failure) [PSYoungGen: 72032K->1408K(72704K)] 345355K->274731K(809472K), 0.0019223 secs] [Times: user=0.01 sys=0.00, real=0.01 secs] 
711.064: [GC (Allocation Failure) [PSYoungGen: 72064K->1437K(72704K)] 345387K->274761K(809472K), 0.0018280 secs] [Times: user=0.01 sys=0.00, real=0.01 secs] 
711.197: [GC (Allocation Failure) [PSYoungGen: 72093K->1488K(72704K)] 345417K->274811K(809472K), 0.0016931 secs] [Times: user=0.01 sys=0.00, real=0.00 secs] 
711.341: [GC (Allocation Failure) [PSYoungGen: 72144K->1469K(72704K)] 345467K->274793K(809472K), 0.0017325 secs] [Times: user=0.01 sys=0.00, real=0.00 secs] 
711.496: [GC (Allocation Failure) [PSYoungGen: 72125K->1485K(72704K)] 345449K->274809K(809472K), 0.0015720 secs] [Times: user=0.00 sys=0.00, real=0.00 secs] 
711.971: [GC (Allocation Failure) [PSYoungGen: 72141K->1440K(72704K)] 345465K->274787K(809472K), 0.0022798 secs] [Times: user=0.01 sys=0.00, real=0.00 secs] 
712.726: [GC (Allocation Failure) [PSYoungGen: 72096K->1408K(72704K)] 345443K->274755K(809472K), 0.0023282 secs] [Times: user=0.01 sys=0.00, real=0.00 secs] 
713.551: [GC (Allocation Failure) [PSYoungGen: 72064K->1408K(72704K)] 345411K->274755K(809472K), 0.0026143 secs] [Times: user=0.01 sys=0.00, real=0.00 secs] 
714.372: [GC (Allocation Failure) [PSYoungGen: 72064K->1408K(72704K)] 345411K->274755K(809472K), 0.0025649 secs] [Times: user=0.01 sys=0.00, real=0.01 secs] 
715.133: [GC (Allocation Failure) [PSYoungGen: 72064K->1485K(72704K)] 345411K->274833K(809472K), 0.0020295 secs] [Times: user=0.01 sys=0.00, real=0.01 secs] 
715.324: [GC (Allocation Failure) [PSYoungGen: 72141K->1565K(72704K)] 345489K->274913K(809472K), 0.0020553 secs] [Times: user=0.00 sys=0.00, real=0.01 secs] 
715.506: [GC (Allocation Failure) [PSYoungGen: 72221K->1533K(72704K)] 345569K->274881K(809472K), 0.0020161 secs] [Times: user=0.00 sys=0.00, real=0.00 secs] 
715.726: [GC (Allocation Failure) [PSYoungGen: 72189K->336K(72704K)] 345537K->273699K(809472K), 0.0018571 secs] [Times: user=0.01 sys=0.00, real=0.00 secs] 
716.755: [GC (Allocation Failure) [PSYoungGen: 70992K->1408K(72704K)] 344355K->274771K(809472K), 0.0025639 secs] [Times: user=0.01 sys=0.00, real=0.00 secs] 
717.328: [GC (Allocation Failure) [PSYoungGen: 72064K->1408K(72704K)] 345427K->274771K(809472K), 0.0018592 secs] [Times: user=0.01 sys=0.00, real=0.00 secs] 
717.637: [GC (Allocation Failure) [PSYoungGen: 72064K->1344K(72704K)] 345427K->274707K(809472K), 0.0020207 secs] [Times: user=0.01 sys=0.00, real=0.00 secs] 
718.161: [GC (Allocation Failure) [PSYoungGen: 72000K->1469K(72704K)] 345363K->274833K(809472K), 0.0019512 secs] [Times: user=0.01 sys=0.01, real=0.00 secs] 
718.332: [GC (Allocation Failure) [PSYoungGen: 72125K->1501K(72704K)] 345489K->274865K(809472K), 0.0016545 secs] [Times: user=0.00 sys=0.00, real=0.00 secs] 
718.458: [GC (Allocation Failure) [PSYoungGen: 72157K->1469K(72704K)] 345521K->274833K(809472K), 0.0015696 secs] [Times: user=0.01 sys=0.00, real=0.00 secs] 
718.584: [GC (Allocation Failure) [PSYoungGen: 72125K->1469K(72704K)] 345489K->274833K(809472K), 0.0015024 secs] [Times: user=0.00 sys=0.00, real=0.00 secs] 
719.864: [GC (Allocation Failure) [PSYoungGen: 72125K->1424K(72704K)] 345489K->274795K(809472K), 0.0038285 secs] [Times: user=0.01 sys=0.00, real=0.00 secs] 
720.747: [GC (Allocation Failure) [PSYoungGen: 72080K->1312K(72704K)] 345451K->274683K(809472K), 0.0021444 secs] [Times: user=0.01 sys=0.00, real=0.00 secs] 
721.294: [GC (Allocation Failure) [PSYoungGen: 71968K->1376K(72704K)] 345339K->274747K(809472K), 0.0021786 secs] [Times: user=0.01 sys=0.00, real=0.00 secs] 
721.983: [GC (Allocation Failure) [PSYoungGen: 72032K->1376K(72704K)] 345403K->274747K(809472K), 0.0019871 secs] [Times: user=0.00 sys=0.00, real=0.01 secs] 
723.156: [GC (Allocation Failure) [PSYoungGen: 72032K->1421K(72704K)] 345403K->274801K(809472K), 0.0022454 secs] [Times: user=0.01 sys=0.00, real=0.00 secs] 
723.361: [GC (Allocation Failure) [PSYoungGen: 72077K->1501K(72704K)] 345457K->274881K(809472K), 0.0021215 secs] [Times: user=0.01 sys=0.00, real=0.00 secs] 
723.547: [GC (Allocation Failure) [PSYoungGen: 72157K->1469K(72704K)] 345537K->274849K(809472K), 0.0019680 secs] [Times: user=0.01 sys=0.00, real=0.00 secs] 
723.732: [GC (Allocation Failure) [PSYoungGen: 72122K->1533K(72704K)] 345501K->274913K(809472K), 0.0022076 secs] [Times: user=0.01 sys=0.00, real=0.01 secs] 
724.297: [GC (Allocation Failure) [PSYoungGen: 72189K->1456K(72704K)] 345569K->274835K(809472K), 0.0019594 secs] [Times: user=0.01 sys=0.00, real=0.00 secs] 
724.590: [GC (Allocation Failure) [PSYoungGen: 72112K->1376K(72704K)] 345491K->274755K(809472K), 0.0018726 secs] [Times: user=0.01 sys=0.00, real=0.00 secs] 
724.884: [GC (Allocation Failure) [PSYoungGen: 72032K->1360K(72704K)] 345411K->274739K(809472K), 0.0016659 secs] [Times: user=0.01 sys=0.00, real=0.01 secs] 
725.177: [GC (Allocation Failure) [PSYoungGen: 72016K->1408K(72704K)] 345395K->274787K(809472K), 0.0019610 secs] [Times: user=0.00 sys=0.00, real=0.00 secs] 
725.416: [GC (Allocation Failure) [PSYoungGen: 72064K->1501K(72704K)] 345443K->274881K(809472K), 0.0015325 secs] [Times: user=0.01 sys=0.00, real=0.00 secs] 
725.541: [GC (Allocation Failure) [PSYoungGen: 72157K->1501K(72704K)] 345537K->274881K(809472K), 0.0015578 secs] [Times: user=0.00 sys=0.00, real=0.00 secs] 
725.665: [GC (Allocation Failure) [PSYoungGen: 72157K->1469K(72704K)] 345537K->274849K(809472K), 0.0016009 secs] [Times: user=0.00 sys=0.00, real=0.00 secs] 
726.369: [GC (Allocation Failure) [PSYoungGen: 72125K->1488K(72704K)] 345505K->274875K(809472K), 0.0026172 secs] [Times: user=0.01 sys=0.00, real=0.00 secs] 
727.719: [GC (Allocation Failure) [PSYoungGen: 72144K->1376K(72704K)] 345531K->274763K(809472K), 0.0025644 secs] [Times: user=0.01 sys=0.00, real=0.00 secs] 
729.131: [GC (Allocation Failure) [PSYoungGen: 72032K->1408K(72704K)] 345419K->274795K(809472K), 0.0043086 secs] [Times: user=0.01 sys=0.00, real=0.01 secs] 
729.992: [GC (Allocation Failure) [PSYoungGen: 72064K->1344K(72704K)] 345451K->274739K(809472K), 0.0022479 secs] [Times: user=0.01 sys=0.00, real=0.01 secs] 
730.823: [GC (Allocation Failure) [PSYoungGen: 72000K->1469K(72704K)] 345395K->274865K(809472K), 0.0024674 secs] [Times: user=0.01 sys=0.00, real=0.01 secs] 
731.003: [GC (Allocation Failure) [PSYoungGen: 72125K->1469K(72704K)] 345521K->274865K(809472K), 0.0014617 secs] [Times: user=0.01 sys=0.00, real=0.01 secs] 
731.128: [GC (Allocation Failure) [PSYoungGen: 72125K->1501K(72704K)] 345521K->274897K(809472K), 0.0019420 secs] [Times: user=0.01 sys=0.00, real=0.00 secs] 
731.294: [GC (Allocation Failure) [PSYoungGen: 72157K->1485K(72704K)] 345553K->274881K(809472K), 0.0021693 secs] [Times: user=0.00 sys=0.00, real=0.01 secs] 
731.990: [GC (Allocation Failure) [PSYoungGen: 72141K->1488K(72704K)] 345537K->274891K(809472K), 0.0038364 secs] [Times: user=0.01 sys=0.00, real=0.00 secs] 
732.672: [GC (Allocation Failure) [PSYoungGen: 72144K->1376K(72704K)] 345547K->274787K(809472K), 0.0025649 secs] [Times: user=0.01 sys=0.00, real=0.01 secs] 
733.187: [GC (Allocation Failure) [PSYoungGen: 72032K->1328K(72704K)] 345443K->274755K(809472K), 0.0024637 secs] [Times: user=0.01 sys=0.00, real=0.00 secs] 
734.153: [GC (Allocation Failure) [PSYoungGen: 71984K->1376K(72704K)] 345411K->274803K(809472K), 0.0029354 secs] [Times: user=0.01 sys=0.00, real=0.01 secs] 
735.087: [GC (Allocation Failure) [PSYoungGen: 72032K->1421K(72704K)] 345459K->274849K(809472K), 0.0022602 secs] [Times: user=0.01 sys=0.00, real=0.00 secs] 
735.247: [GC (Allocation Failure) [PSYoungGen: 72077K->1469K(72704K)] 345505K->274897K(809472K), 0.0016785 secs] [Times: user=0.01 sys=0.00, real=0.00 secs] 
735.391: [GC (Allocation Failure) [PSYoungGen: 72125K->1517K(72704K)] 345553K->274945K(809472K), 0.0018313 secs] [Times: user=0.01 sys=0.00, real=0.00 secs] 
735.548: [GC (Allocation Failure) [PSYoungGen: 72173K->1437K(72704K)] 345601K->274873K(809472K), 0.0017676 secs] [Times: user=0.01 sys=0.00, real=0.00 secs] 
736.411: [GC (Allocation Failure) [PSYoungGen: 72093K->1440K(72704K)] 345529K->274875K(809472K), 0.0023782 secs] [Times: user=0.01 sys=0.00, real=0.00 secs] 
736.982: [GC (Allocation Failure) [PSYoungGen: 72096K->1408K(72704K)] 345531K->274851K(809472K), 0.0022583 secs] [Times: user=0.01 sys=0.00, real=0.01 secs] 
737.968: [GC (Allocation Failure) [PSYoungGen: 72064K->1376K(72704K)] 345507K->274819K(809472K), 0.0026275 secs] [Times: user=0.01 sys=0.00, real=0.00 secs] 
739.156: [GC (Allocation Failure) [PSYoungGen: 72032K->1376K(72704K)] 345475K->274819K(809472K), 0.0039663 secs] [Times: user=0.01 sys=0.00, real=0.00 secs] 
739.492: [GC (Allocation Failure) [PSYoungGen: 72032K->1453K(72704K)] 345475K->274897K(809472K), 0.0019242 secs] [Times: user=0.00 sys=0.00, real=0.01 secs] 
739.659: [GC (Allocation Failure) [PSYoungGen: 72108K->1501K(72704K)] 345552K->274945K(809472K), 0.0018102 secs] [Times: user=0.00 sys=0.00, real=0.00 secs] 
739.816: [GC (Allocation Failure) [PSYoungGen: 72157K->1421K(72704K)] 345601K->274865K(809472K), 0.0018541 secs] [Times: user=0.01 sys=0.00, real=0.00 secs] 
740.363: [GC (Allocation Failure) [PSYoungGen: 72077K->1424K(72704K)] 345521K->274875K(809472K), 0.0025154 secs] [Times: user=0.01 sys=0.01, real=0.01 secs] 
740.841: [GC (Allocation Failure) [PSYoungGen: 72080K->1376K(72704K)] 345531K->274827K(809472K), 0.0019320 secs] [Times: user=0.01 sys=0.00, real=0.00 secs] 
741.158: [GC (Allocation Failure) [PSYoungGen: 72032K->1408K(72192K)] 345483K->274859K(808960K), 0.0019919 secs] [Times: user=0.01 sys=0.00, real=0.00 secs] 
741.685: [GC (Allocation Failure) [PSYoungGen: 72064K->1344K(71680K)] 345515K->274795K(808448K), 0.0018247 secs] [Times: user=0.01 sys=0.00, real=0.00 secs] 
742.200: [GC (Allocation Failure) [PSYoungGen: 71488K->1437K(71680K)] 344939K->274897K(808448K), 0.0020070 secs] [Times: user=0.01 sys=0.00, real=0.00 secs] 
742.338: [GC (Allocation Failure) [PSYoungGen: 71581K->1501K(71168K)] 345041K->274961K(807936K), 0.0016151 secs] [Times: user=0.00 sys=0.00, real=0.00 secs] 
742.460: [GC (Allocation Failure) [PSYoungGen: 71133K->1504K(71680K)] 344593K->274963K(808448K), 0.0015678 secs] [Times: user=0.01 sys=0.00, real=0.00 secs] 
742.600: [GC (Allocation Failure) [PSYoungGen: 71136K->1424K(71680K)] 344595K->274883K(808448K), 0.0017744 secs] [Times: user=0.00 sys=0.00, real=0.00 secs] 
743.672: [GC (Allocation Failure) [PSYoungGen: 71056K->1456K(71680K)] 344515K->274915K(808448K), 0.0035899 secs] [Times: user=0.02 sys=0.00, real=0.01 secs] 
744.506: [GC (Allocation Failure) [PSYoungGen: 71088K->1376K(71680K)] 344547K->274835K(808448K), 0.0028058 secs] [Times: user=0.01 sys=0.00, real=0.00 secs] 
745.128: [GC (Allocation Failure) [PSYoungGen: 71008K->1376K(71680K)] 344467K->274835K(808448K), 0.0030905 secs] [Times: user=0.01 sys=0.00, real=0.00 secs] 
746.070: [GC (Allocation Failure) [PSYoungGen: 71008K->1376K(71680K)] 344467K->274835K(808448K), 0.0025977 secs] [Times: user=0.01 sys=0.00, real=0.00 secs] 
746.738: [GC (Allocation Failure) [PSYoungGen: 71008K->1533K(71680K)] 344467K->274993K(808448K), 0.0022825 secs] [Times: user=0.01 sys=0.00, real=0.00 secs] 
746.900: [GC (Allocation Failure) [PSYoungGen: 71165K->1469K(71680K)] 344625K->274929K(808448K), 0.0016124 secs] [Times: user=0.01 sys=0.01, real=0.00 secs] 
747.022: [GC (Allocation Failure) [PSYoungGen: 71101K->1437K(71680K)] 344561K->274897K(808448K), 0.0016584 secs] [Times: user=0.00 sys=0.00, real=0.01 secs] 
747.145: [GC (Allocation Failure) [PSYoungGen: 71069K->1469K(71680K)] 344529K->274945K(808448K), 0.0015206 secs] [Times: user=0.01 sys=0.00, real=0.00 secs] 
747.519: [GC (Allocation Failure) [PSYoungGen: 71101K->1440K(71680K)] 344577K->274915K(808448K), 0.0022713 secs] [Times: user=0.01 sys=0.00, real=0.00 secs] 
747.805: [GC (Allocation Failure) [PSYoungGen: 71072K->1376K(71680K)] 344547K->274851K(808448K), 0.0019118 secs] [Times: user=0.01 sys=0.00, real=0.00 secs] 
748.094: [GC (Allocation Failure) [PSYoungGen: 71008K->1344K(71680K)] 344483K->274819K(808448K), 0.0017779 secs] [Times: user=0.01 sys=0.00, real=0.00 secs] 
748.383: [GC (Allocation Failure) [PSYoungGen: 70976K->1344K(71680K)] 344451K->274819K(808448K), 0.0018509 secs] [Times: user=0.01 sys=0.00, real=0.01 secs] 
748.629: [GC (Allocation Failure) [PSYoungGen: 70976K->1488K(71680K)] 344451K->274971K(808448K), 0.0015726 secs] [Times: user=0.00 sys=0.00, real=0.00 secs] 
748.751: [GC (Allocation Failure) [PSYoungGen: 71120K->1501K(71680K)] 344603K->274985K(808448K), 0.0015266 secs] [Times: user=0.01 sys=0.00, real=0.00 secs] 
748.892: [GC (Allocation Failure) [PSYoungGen: 71133K->1485K(71680K)] 344617K->274969K(808448K), 0.0018621 secs] [Times: user=0.00 sys=0.00, real=0.00 secs] 
749.230: [GC (Allocation Failure) [PSYoungGen: 71117K->1952K(71680K)] 344601K->275435K(808448K), 0.0018534 secs] [Times: user=0.00 sys=0.00, real=0.00 secs] 
750.126: [GC (Allocation Failure) [PSYoungGen: 71584K->1376K(71680K)] 345067K->274859K(808448K), 0.0025751 secs] [Times: user=0.01 sys=0.00, real=0.00 secs] 
750.977: [GC (Allocation Failure) [PSYoungGen: 71008K->1344K(71680K)] 344491K->274843K(808448K), 0.0034658 secs] [Times: user=0.01 sys=0.00, real=0.00 secs] 
751.911: [GC (Allocation Failure) [PSYoungGen: 70976K->1376K(71680K)] 344475K->274875K(808448K), 0.0024054 secs] [Times: user=0.01 sys=0.00, real=0.00 secs] 
753.000: [GC (Allocation Failure) [PSYoungGen: 71008K->1469K(71680K)] 344507K->274969K(808448K), 0.0036206 secs] [Times: user=0.01 sys=0.00, real=0.00 secs] 
753.222: [GC (Allocation Failure) [PSYoungGen: 71101K->1501K(71680K)] 344601K->275001K(808448K), 0.0019558 secs] [Times: user=0.00 sys=0.00, real=0.01 secs] 
753.380: [GC (Allocation Failure) [PSYoungGen: 71133K->1392K(71680K)] 344633K->274891K(808448K), 0.0017171 secs] [Times: user=0.00 sys=0.00, real=0.00 secs] 
753.531: [GC (Allocation Failure) [PSYoungGen: 71024K->1469K(71680K)] 344523K->274969K(808448K), 0.0016120 secs] [Times: user=0.01 sys=0.00, real=0.00 secs] 
753.990: [GC (Allocation Failure) [PSYoungGen: 71101K->1456K(71680K)] 344601K->274963K(808448K), 0.0025873 secs] [Times: user=0.01 sys=0.00, real=0.00 secs] 
754.361: [GC (Allocation Failure) [PSYoungGen: 71088K->1376K(71680K)] 344595K->274883K(808448K), 0.0020451 secs] [Times: user=0.01 sys=0.00, real=0.00 secs] 
755.093: [GC (Allocation Failure) [PSYoungGen: 71008K->1376K(71680K)] 344515K->274883K(808448K), 0.0026456 secs] [Times: user=0.00 sys=0.00, real=0.01 secs] 
755.800: [GC (Allocation Failure) [PSYoungGen: 71008K->1344K(71680K)] 344515K->274851K(808448K), 0.0026757 secs] [Times: user=0.01 sys=0.00, real=0.00 secs] 
756.436: [GC (Allocation Failure) [PSYoungGen: 70973K->1533K(71680K)] 344480K->275049K(808448K), 0.0019768 secs] [Times: user=0.00 sys=0.00, real=0.00 secs] 
756.598: [GC (Allocation Failure) [PSYoungGen: 71165K->1469K(71680K)] 344681K->274985K(808448K), 0.0015982 secs] [Times: user=0.00 sys=0.00, real=0.00 secs] 
756.720: [GC (Allocation Failure) [PSYoungGen: 71101K->1469K(71680K)] 344617K->274985K(808448K), 0.0016287 secs] [Times: user=0.00 sys=0.00, real=0.00 secs] 
756.843: [GC (Allocation Failure) [PSYoungGen: 71101K->1469K(71680K)] 344617K->275001K(808448K), 0.0016541 secs] [Times: user=0.01 sys=0.00, real=0.01 secs] 
757.450: [GC (Allocation Failure) [PSYoungGen: 71101K->1424K(71680K)] 344633K->274955K(808448K), 0.0020554 secs] [Times: user=0.01 sys=0.00, real=0.00 secs] 
758.138: [GC (Allocation Failure) [PSYoungGen: 71056K->1376K(71680K)] 344587K->274907K(808448K), 0.0022907 secs] [Times: user=0.01 sys=0.00, real=0.00 secs] 
758.640: [GC (Allocation Failure) [PSYoungGen: 71008K->1344K(71680K)] 344539K->274875K(808448K), 0.0021074 secs] [Times: user=0.01 sys=0.00, real=0.00 secs] 
759.563: [GC (Allocation Failure) [PSYoungGen: 70976K->1376K(71680K)] 344507K->274907K(808448K), 0.0034400 secs] [Times: user=0.01 sys=0.00, real=0.01 secs] 
760.403: [GC (Allocation Failure) [PSYoungGen: 71008K->1501K(71680K)] 344539K->275033K(808448K), 0.0021971 secs] [Times: user=0.01 sys=0.00, real=0.01 secs] 
760.595: [GC (Allocation Failure) [PSYoungGen: 71133K->1469K(71680K)] 344665K->275001K(808448K), 0.0022879 secs] [Times: user=0.01 sys=0.00, real=0.00 secs] 
760.749: [GC (Allocation Failure) [PSYoungGen: 71101K->1501K(71680K)] 344633K->275033K(808448K), 0.0017082 secs] [Times: user=0.01 sys=0.00, real=0.00 secs] 
760.891: [GC (Allocation Failure) [PSYoungGen: 71133K->1469K(71680K)] 344665K->275009K(808448K), 0.0018745 secs] [Times: user=0.01 sys=0.00, real=0.00 secs] 
762.093: [GC (Allocation Failure) [PSYoungGen: 71101K->1408K(71680K)] 344641K->274947K(808448K), 0.0021513 secs] [Times: user=0.01 sys=0.00, real=0.01 secs] 
762.551: [GC (Allocation Failure) [PSYoungGen: 71040K->1408K(71680K)] 344579K->274963K(808448K), 0.0018932 secs] [Times: user=0.01 sys=0.00, real=0.00 secs] 
762.950: [GC (Allocation Failure) [PSYoungGen: 71040K->1376K(71680K)] 344595K->274931K(808448K), 0.0019007 secs] [Times: user=0.01 sys=0.00, real=0.00 secs] 
763.538: [GC (Allocation Failure) [PSYoungGen: 71008K->1360K(71680K)] 344563K->274915K(808448K), 0.0021271 secs] [Times: user=0.01 sys=0.00, real=0.00 secs] 
764.524: [GC (Allocation Failure) [PSYoungGen: 70992K->1456K(71680K)] 344547K->275011K(808448K), 0.0019528 secs] [Times: user=0.00 sys=0.00, real=0.00 secs] 
764.661: [GC (Allocation Failure) [PSYoungGen: 71088K->1469K(71680K)] 344643K->275025K(808448K), 0.0016702 secs] [Times: user=0.00 sys=0.00, real=0.00 secs] 
764.786: [GC (Allocation Failure) [PSYoungGen: 71101K->1501K(71680K)] 344657K->275057K(808448K), 0.0015701 secs] [Times: user=0.01 sys=0.00, real=0.00 secs] 
765.016: [GC (Allocation Failure) [PSYoungGen: 71133K->1920K(71680K)] 344689K->275491K(808448K), 0.0019526 secs] [Times: user=0.01 sys=0.00, real=0.00 secs] 
765.315: [GC (Allocation Failure) [PSYoungGen: 71552K->1376K(71680K)] 345123K->274947K(808448K), 0.0020259 secs] [Times: user=0.01 sys=0.00, real=0.00 secs] 
765.731: [GC (Allocation Failure) [PSYoungGen: 71008K->1376K(71680K)] 344579K->274947K(808448K), 0.0019180 secs] [Times: user=0.00 sys=0.00, real=0.00 secs] 
766.032: [GC (Allocation Failure) [PSYoungGen: 71008K->1376K(71680K)] 344579K->274947K(808448K), 0.0017173 secs] [Times: user=0.01 sys=0.00, real=0.01 secs] 
766.563: [GC (Allocation Failure) [PSYoungGen: 71006K->1437K(71680K)] 344578K->275009K(808448K), 0.0022109 secs] [Times: user=0.01 sys=0.00, real=0.01 secs] 
766.731: [GC (Allocation Failure) [PSYoungGen: 71069K->1501K(71680K)] 344641K->275073K(808448K), 0.0016137 secs] [Times: user=0.01 sys=0.00, real=0.00 secs] 
766.871: [GC (Allocation Failure) [PSYoungGen: 71133K->1453K(71680K)] 344705K->275025K(808448K), 0.0016980 secs] [Times: user=0.01 sys=0.00, real=0.00 secs] 
767.024: [GC (Allocation Failure) [PSYoungGen: 71085K->1501K(71680K)] 344657K->275073K(808448K), 0.0015453 secs] [Times: user=0.01 sys=0.00, real=0.00 secs] 
768.033: [GC (Allocation Failure) [PSYoungGen: 71133K->1440K(71680K)] 344705K->275019K(808448K), 0.0026754 secs] [Times: user=0.01 sys=0.00, real=0.01 secs] 
768.582: [GC (Allocation Failure) [PSYoungGen: 71072K->1360K(71680K)] 344651K->274939K(808448K), 0.0020529 secs] [Times: user=0.01 sys=0.00, real=0.01 secs] 
768.872: [GC (Allocation Failure) [PSYoungGen: 70992K->1376K(71680K)] 344571K->274955K(808448K), 0.0019024 secs] [Times: user=0.01 sys=0.00, real=0.01 secs] 
769.302: [GC (Allocation Failure) [PSYoungGen: 71008K->1376K(71680K)] 344587K->274955K(808448K), 0.0019852 secs] [Times: user=0.01 sys=0.00, real=0.00 secs] 
769.927: [GC (Allocation Failure) [PSYoungGen: 71008K->1501K(71680K)] 344587K->275081K(808448K), 0.0019433 secs] [Times: user=0.01 sys=0.00, real=0.00 secs] 
770.063: [GC (Allocation Failure) [PSYoungGen: 71133K->1469K(71680K)] 344713K->275065K(808448K), 0.0015879 secs] [Times: user=0.00 sys=0.00, real=0.01 secs] 
770.187: [GC (Allocation Failure) [PSYoungGen: 71101K->1472K(71680K)] 344697K->275067K(808448K), 0.0015349 secs] [Times: user=0.01 sys=0.00, real=0.00 secs] 
770.311: [GC (Allocation Failure) [PSYoungGen: 71104K->1469K(71680K)] 344699K->275089K(808448K), 0.0015535 secs] [Times: user=0.00 sys=0.00, real=0.00 secs] 
770.921: [GC (Allocation Failure) [PSYoungGen: 71101K->1408K(71680K)] 344721K->275027K(808448K), 0.0021716 secs] [Times: user=0.01 sys=0.00, real=0.00 secs] 
771.235: [GC (Allocation Failure) [PSYoungGen: 71040K->1408K(71680K)] 344659K->275027K(808448K), 0.0018555 secs] [Times: user=0.01 sys=0.00, real=0.00 secs] 
771.524: [GC (Allocation Failure) [PSYoungGen: 71040K->1440K(71680K)] 344659K->275059K(808448K), 0.0019073 secs] [Times: user=0.01 sys=0.00, real=0.00 secs] 
771.813: [GC (Allocation Failure) [PSYoungGen: 71072K->1376K(71680K)] 344691K->274995K(808448K), 0.0019938 secs] [Times: user=0.01 sys=0.00, real=0.01 secs] 
772.785: [GC (Allocation Failure) [PSYoungGen: 71008K->1424K(71680K)] 344627K->275043K(808448K), 0.0019646 secs] [Times: user=0.01 sys=0.00, real=0.00 secs] 
772.916: [GC (Allocation Failure) [PSYoungGen: 71026K->1469K(71680K)] 344646K->275089K(808448K), 0.0015836 secs] [Times: user=0.00 sys=0.00, real=0.00 secs] 
773.038: [GC (Allocation Failure) [PSYoungGen: 71101K->1501K(71680K)] 344721K->275121K(808448K), 0.0016056 secs] [Times: user=0.01 sys=0.00, real=0.00 secs] 
773.163: [GC (Allocation Failure) [PSYoungGen: 71133K->1456K(71680K)] 344753K->275083K(808448K), 0.0016758 secs] [Times: user=0.01 sys=0.00, real=0.01 secs] 
773.702: [GC (Allocation Failure) [PSYoungGen: 71088K->1424K(71680K)] 344715K->275059K(808448K), 0.0021482 secs] [Times: user=0.01 sys=0.00, real=0.01 secs] 
774.152: [GC (Allocation Failure) [PSYoungGen: 71056K->1360K(71680K)] 344691K->274995K(808448K), 0.0019739 secs] [Times: user=0.01 sys=0.00, real=0.01 secs] 
774.775: [GC (Allocation Failure) [PSYoungGen: 70992K->1376K(71680K)] 344627K->275011K(808448K), 0.0021011 secs] [Times: user=0.00 sys=0.00, real=0.00 secs] 
775.349: [GC (Allocation Failure) [PSYoungGen: 71008K->1344K(71680K)] 344643K->274979K(808448K), 0.0019439 secs] [Times: user=0.01 sys=0.00, real=0.00 secs] 
775.689: [GC (Allocation Failure) [PSYoungGen: 70976K->1469K(71680K)] 344611K->275105K(808448K), 0.0014867 secs] [Times: user=0.01 sys=0.00, real=0.00 secs] 
775.811: [GC (Allocation Failure) [PSYoungGen: 71101K->1469K(71680K)] 344737K->275105K(808448K), 0.0016101 secs] [Times: user=0.01 sys=0.00, real=0.00 secs] 
775.933: [GC (Allocation Failure) [PSYoungGen: 71101K->1469K(71680K)] 344737K->275105K(808448K), 0.0017027 secs] [Times: user=0.00 sys=0.00, real=0.01 secs] 
776.230: [GC (Allocation Failure) [PSYoungGen: 71101K->1984K(71680K)] 344737K->275619K(808448K), 0.0018637 secs] [Times: user=0.01 sys=0.00, real=0.00 secs] 
776.886: [GC (Allocation Failure) [PSYoungGen: 71616K->1376K(71680K)] 345251K->275011K(808448K), 0.0022312 secs] [Times: user=0.01 sys=0.00, real=0.00 secs] 
777.454: [GC (Allocation Failure) [PSYoungGen: 71008K->1344K(71680K)] 344643K->274979K(808448K), 0.0019162 secs] [Times: user=0.01 sys=0.00, real=0.00 secs] 
777.743: [GC (Allocation Failure) [PSYoungGen: 70976K->1408K(71680K)] 344611K->275043K(808448K), 0.0019102 secs] [Times: user=0.01 sys=0.00, real=0.01 secs] 
778.095: [GC (Allocation Failure) [PSYoungGen: 71040K->1456K(71680K)] 344675K->275091K(808448K), 0.0019055 secs] [Times: user=0.01 sys=0.00, real=0.00 secs] 
778.234: [GC (Allocation Failure) [PSYoungGen: 71081K->1469K(71680K)] 344717K->275105K(808448K), 0.0016133 secs] [Times: user=0.01 sys=0.00, real=0.00 secs] 
778.375: [GC (Allocation Failure) [PSYoungGen: 71101K->1485K(71680K)] 344737K->275121K(808448K), 0.0016580 secs] [Times: user=0.01 sys=0.00, real=0.00 secs] 
778.529: [GC (Allocation Failure) [PSYoungGen: 71117K->1424K(71680K)] 344753K->275059K(808448K), 0.0017161 secs] [Times: user=0.00 sys=0.00, real=0.00 secs] 
779.084: [GC (Allocation Failure) [PSYoungGen: 71056K->1456K(71680K)] 344691K->275107K(808448K), 0.0026858 secs] [Times: user=0.01 sys=0.00, real=0.00 secs] 
779.696: [GC (Allocation Failure) [PSYoungGen: 71088K->1376K(71680K)] 344739K->275027K(808448K), 0.0030070 secs] [Times: user=0.01 sys=0.00, real=0.00 secs] 
780.352: [GC (Allocation Failure) [PSYoungGen: 71008K->1408K(71680K)] 344659K->275075K(808448K), 0.0026107 secs] [Times: user=0.01 sys=0.00, real=0.01 secs] 
780.789: [GC (Allocation Failure) [PSYoungGen: 71040K->1312K(71680K)] 344707K->274979K(808448K), 0.0018582 secs] [Times: user=0.01 sys=0.00, real=0.00 secs] 
781.079: [GC (Allocation Failure) [PSYoungGen: 70944K->1373K(71680K)] 344611K->275041K(808448K), 0.0017287 secs] [Times: user=0.00 sys=0.00, real=0.00 secs] 
781.206: [GC (Allocation Failure) [PSYoungGen: 71005K->1469K(71680K)] 344673K->275137K(808448K), 0.0015806 secs] [Times: user=0.01 sys=0.00, real=0.00 secs] 
781.328: [GC (Allocation Failure) [PSYoungGen: 71101K->1501K(71680K)] 344769K->275169K(808448K), 0.0016014 secs] [Times: user=0.00 sys=0.00, real=0.00 secs] 
781.451: [GC (Allocation Failure) [PSYoungGen: 71133K->1501K(71680K)] 344801K->275185K(808448K), 0.0015962 secs] [Times: user=0.01 sys=0.00, real=0.00 secs] 
781.788: [GC (Allocation Failure) [PSYoungGen: 71133K->1456K(71168K)] 344817K->275139K(807936K), 0.0021874 secs] [Times: user=0.01 sys=0.00, real=0.00 secs] 
782.077: [GC (Allocation Failure) [PSYoungGen: 71088K->1376K(71168K)] 344771K->275059K(807936K), 0.0021338 secs] [Times: user=0.01 sys=0.00, real=0.00 secs] 
782.367: [GC (Allocation Failure) [PSYoungGen: 71008K->1376K(76800K)] 344691K->275059K(813568K), 0.0082920 secs] [Times: user=0.04 sys=0.00, real=0.01 secs] 
782.685: [GC (Allocation Failure) [PSYoungGen: 76640K->1408K(77312K)] 350323K->275091K(814080K), 0.0018489 secs] [Times: user=0.00 sys=0.00, real=0.00 secs] 
783.070: [GC (Allocation Failure) [PSYoungGen: 76672K->1517K(76288K)] 350355K->275201K(813056K), 0.0016088 secs] [Times: user=0.01 sys=0.00, real=0.00 secs] 
783.202: [GC (Allocation Failure) [PSYoungGen: 76269K->1501K(83456K)] 349953K->275185K(820224K), 0.0017212 secs] [Times: user=0.01 sys=0.00, real=0.00 secs] 
783.370: [GC (Allocation Failure) [PSYoungGen: 83421K->1456K(83968K)] 357105K->275139K(820736K), 0.0017793 secs] [Times: user=0.00 sys=0.00, real=0.00 secs] 
783.719: [GC (Allocation Failure) [PSYoungGen: 83376K->1392K(82944K)] 357059K->275083K(819712K), 0.0022169 secs] [Times: user=0.01 sys=0.00, real=0.00 secs] 
784.057: [GC (Allocation Failure) [PSYoungGen: 82800K->1376K(82432K)] 356491K->275067K(819200K), 0.0021103 secs] [Times: user=0.00 sys=0.00, real=0.00 secs] 
784.394: [GC (Allocation Failure) [PSYoungGen: 82272K->1312K(81920K)] 355963K->275003K(818688K), 0.0021020 secs] [Times: user=0.00 sys=0.00, real=0.01 secs] 
784.808: [GC (Allocation Failure) [PSYoungGen: 81696K->1408K(81408K)] 355387K->275099K(818176K), 0.0019271 secs] [Times: user=0.00 sys=0.00, real=0.00 secs] 
785.023: [GC (Allocation Failure) [PSYoungGen: 81280K->1501K(80896K)] 354971K->275193K(817664K), 0.0017394 secs] [Times: user=0.01 sys=0.00, real=0.01 secs] 
785.164: [GC (Allocation Failure) [PSYoungGen: 80861K->1488K(80384K)] 354553K->275179K(817152K), 0.0015925 secs] [Times: user=0.00 sys=0.00, real=0.00 secs] 
785.302: [GC (Allocation Failure) [PSYoungGen: 80336K->1469K(79872K)] 354027K->275161K(816640K), 0.0017884 secs] [Times: user=0.01 sys=0.01, real=0.01 secs] 
786.048: [GC (Allocation Failure) [PSYoungGen: 79805K->1456K(79360K)] 353497K->275147K(816128K), 0.0020490 secs] [Times: user=0.01 sys=0.00, real=0.00 secs] 
786.736: [GC (Allocation Failure) [PSYoungGen: 79280K->1408K(78848K)] 352971K->275099K(815616K), 0.0021667 secs] [Times: user=0.01 sys=0.00, real=0.00 secs] 
787.058: [GC (Allocation Failure) [PSYoungGen: 78720K->1344K(78336K)] 352411K->275035K(815104K), 0.0021278 secs] [Times: user=0.01 sys=0.00, real=0.00 secs] 
787.842: [GC (Allocation Failure) [PSYoungGen: 78144K->1501K(77824K)] 351835K->275193K(814592K), 0.0022235 secs] [Times: user=0.01 sys=0.00, real=0.01 secs] 
788.022: [GC (Allocation Failure) [PSYoungGen: 77789K->1469K(77312K)] 351481K->275161K(814080K), 0.0017047 secs] [Times: user=0.01 sys=0.00, real=0.01 secs] 
788.158: [GC (Allocation Failure) [PSYoungGen: 77245K->1469K(76800K)] 350937K->275161K(813568K), 0.0016806 secs] [Times: user=0.01 sys=0.00, real=0.00 secs] 
788.291: [GC (Allocation Failure) [PSYoungGen: 76733K->1472K(76288K)] 350425K->275163K(813056K), 0.0016082 secs] [Times: user=0.00 sys=0.00, real=0.00 secs] 
788.897: [GC (Allocation Failure) [PSYoungGen: 76224K->1456K(75776K)] 349915K->275155K(812544K), 0.0020452 secs] [Times: user=0.01 sys=0.00, real=0.00 secs] 
789.499: [GC (Allocation Failure) [PSYoungGen: 75696K->1408K(75264K)] 349395K->275107K(812032K), 0.0037419 secs] [Times: user=0.02 sys=0.00, real=0.00 secs] 
790.115: [GC (Allocation Failure) [PSYoungGen: 75136K->1472K(74752K)] 348835K->275171K(811520K), 0.0022551 secs] [Times: user=0.01 sys=0.00, real=0.00 secs] 
790.791: [GC (Allocation Failure) [PSYoungGen: 74688K->1408K(74240K)] 348387K->275107K(811008K), 0.0018514 secs] [Times: user=0.00 sys=0.00, real=0.00 secs] 
791.028: [GC (Allocation Failure) [PSYoungGen: 74112K->1533K(73728K)] 347811K->275249K(810496K), 0.0017046 secs] [Times: user=0.00 sys=0.00, real=0.00 secs] 
791.156: [GC (Allocation Failure) [PSYoungGen: 73725K->1533K(73216K)] 347441K->275249K(809984K), 0.0016257 secs] [Times: user=0.01 sys=0.00, real=0.00 secs] 
791.284: [GC (Allocation Failure) [PSYoungGen: 73213K->1533K(72704K)] 346929K->275249K(809472K), 0.0016658 secs] [Times: user=0.00 sys=0.00, real=0.00 secs] 
791.851: [GC (Allocation Failure) [PSYoungGen: 72701K->1472K(72192K)] 346417K->275187K(808960K), 0.0024883 secs] [Times: user=0.01 sys=0.00, real=0.01 secs] 
792.966: [GC (Allocation Failure) [PSYoungGen: 72128K->1376K(72704K)] 345843K->275099K(809472K), 0.0024491 secs] [Times: user=0.00 sys=0.00, real=0.00 secs] 
793.809: [GC (Allocation Failure) [PSYoungGen: 72032K->1408K(72704K)] 345755K->275131K(809472K), 0.0029200 secs] [Times: user=0.01 sys=0.00, real=0.00 secs] 
794.732: [GC (Allocation Failure) [PSYoungGen: 72064K->1408K(72704K)] 345787K->275131K(809472K), 0.0027200 secs] [Times: user=0.01 sys=0.00, real=0.01 secs] 
795.598: [GC (Allocation Failure) [PSYoungGen: 72064K->1533K(72704K)] 345787K->275257K(809472K), 0.0021983 secs] [Times: user=0.01 sys=0.00, real=0.00 secs] 
795.771: [GC (Allocation Failure) [PSYoungGen: 72189K->1501K(72704K)] 345913K->275225K(809472K), 0.0016660 secs] [Times: user=0.00 sys=0.00, real=0.00 secs] 
795.896: [GC (Allocation Failure) [PSYoungGen: 72157K->1533K(72704K)] 345881K->275257K(809472K), 0.0015951 secs] [Times: user=0.00 sys=0.00, real=0.00 secs] 
796.023: [GC (Allocation Failure) [PSYoungGen: 72189K->1501K(72704K)] 345913K->275225K(809472K), 0.0016293 secs] [Times: user=0.01 sys=0.00, real=0.01 secs] 
796.581: [GC (Allocation Failure) [PSYoungGen: 72157K->1456K(72704K)] 345881K->275187K(809472K), 0.0020192 secs] [Times: user=0.01 sys=0.00, real=0.00 secs] 
797.231: [GC (Allocation Failure) [PSYoungGen: 72112K->1360K(72704K)] 345843K->275091K(809472K), 0.0022285 secs] [Times: user=0.01 sys=0.00, real=0.00 secs] 
797.975: [GC (Allocation Failure) [PSYoungGen: 72016K->1376K(72704K)] 345747K->275107K(809472K), 0.0025292 secs] [Times: user=0.01 sys=0.00, real=0.00 secs] 
798.967: [GC (Allocation Failure) [PSYoungGen: 72032K->1376K(72704K)] 345763K->275107K(809472K), 0.0037946 secs] [Times: user=0.02 sys=0.00, real=0.00 secs] 
799.515: [GC (Allocation Failure) [PSYoungGen: 72032K->1533K(72704K)] 345763K->275265K(809472K), 0.0020963 secs] [Times: user=0.01 sys=0.00, real=0.00 secs] 
799.664: [GC (Allocation Failure) [PSYoungGen: 72189K->1501K(72704K)] 345921K->275233K(809472K), 0.0015586 secs] [Times: user=0.01 sys=0.00, real=0.01 secs] 
799.788: [GC (Allocation Failure) [PSYoungGen: 72157K->1424K(72704K)] 345889K->275155K(809472K), 0.0014901 secs] [Times: user=0.00 sys=0.00, real=0.00 secs] 
799.914: [GC (Allocation Failure) [PSYoungGen: 72080K->1344K(72704K)] 345811K->275075K(809472K), 0.0015143 secs] [Times: user=0.00 sys=0.00, real=0.00 secs] 
801.050: [GC (Allocation Failure) [PSYoungGen: 72000K->1376K(72704K)] 345731K->275107K(809472K), 0.0023106 secs] [Times: user=0.01 sys=0.00, real=0.00 secs] 
802.045: [GC (Allocation Failure) [PSYoungGen: 72032K->1344K(72704K)] 345763K->275075K(809472K), 0.0022643 secs] [Times: user=0.01 sys=0.00, real=0.00 secs] 
803.176: [GC (Allocation Failure) [PSYoungGen: 72000K->1344K(72704K)] 345731K->275091K(809472K), 0.0027268 secs] [Times: user=0.01 sys=0.00, real=0.00 secs] 
806.061: [GC (Allocation Failure) [PSYoungGen: 72000K->1469K(72704K)] 345747K->275217K(809472K), 0.0035366 secs] [Times: user=0.01 sys=0.00, real=0.01 secs] 
806.297: [GC (Allocation Failure) [PSYoungGen: 72125K->1485K(72704K)] 345873K->275233K(809472K), 0.0018446 secs] [Times: user=0.01 sys=0.00, real=0.00 secs] 
806.428: [GC (Allocation Failure) [PSYoungGen: 72141K->1501K(72704K)] 345889K->275249K(809472K), 0.0015268 secs] [Times: user=0.00 sys=0.00, real=0.00 secs] 
806.555: [GC (Allocation Failure) [PSYoungGen: 72157K->1469K(72704K)] 345905K->275217K(809472K), 0.0016175 secs] [Times: user=0.01 sys=0.01, real=0.00 secs] 
807.027: [GC (Allocation Failure) [PSYoungGen: 72125K->1424K(72704K)] 345873K->275171K(809472K), 0.0032996 secs] [Times: user=0.01 sys=0.00, real=0.00 secs] 
807.760: [GC (Allocation Failure) [PSYoungGen: 72080K->1408K(72704K)] 345827K->275155K(809472K), 0.0021018 secs] [Times: user=0.01 sys=0.00, real=0.00 secs] 
808.500: [GC (Allocation Failure) [PSYoungGen: 72064K->1376K(72704K)] 345811K->275123K(809472K), 0.0018911 secs] [Times: user=0.01 sys=0.00, real=0.00 secs] 
809.400: [GC (Allocation Failure) [PSYoungGen: 72032K->1360K(72704K)] 345779K->275107K(809472K), 0.0022540 secs] [Times: user=0.01 sys=0.00, real=0.00 secs] 
809.916: [GC (Allocation Failure) [PSYoungGen: 72016K->1437K(72704K)] 345763K->275185K(809472K), 0.0018151 secs] [Times: user=0.00 sys=0.00, real=0.00 secs] 
810.046: [GC (Allocation Failure) [PSYoungGen: 72093K->1501K(72704K)] 345841K->275249K(809472K), 0.0015811 secs] [Times: user=0.00 sys=0.00, real=0.00 secs] 
810.171: [GC (Allocation Failure) [PSYoungGen: 72157K->1469K(72704K)] 345905K->275217K(809472K), 0.0016055 secs] [Times: user=0.01 sys=0.00, real=0.00 secs] 
810.296: [GC (Allocation Failure) [PSYoungGen: 72125K->1405K(72704K)] 345873K->275161K(809472K), 0.0014775 secs] [Times: user=0.01 sys=0.00, real=0.00 secs] 
811.039: [GC (Allocation Failure) [PSYoungGen: 72061K->1472K(72704K)] 345817K->275235K(809472K), 0.0018877 secs] [Times: user=0.01 sys=0.00, real=0.00 secs] 
811.710: [GC (Allocation Failure) [PSYoungGen: 72128K->1376K(72704K)] 345891K->275139K(809472K), 0.0025950 secs] [Times: user=0.01 sys=0.00, real=0.00 secs] 
812.306: [GC (Allocation Failure) [PSYoungGen: 72032K->1344K(72704K)] 345795K->275107K(809472K), 0.0026196 secs] [Times: user=0.01 sys=0.00, real=0.00 secs] 
812.779: [GC (Allocation Failure) [PSYoungGen: 72000K->1344K(72704K)] 345763K->275123K(809472K), 0.0019704 secs] [Times: user=0.01 sys=0.00, real=0.00 secs] 
813.000: [GC (Allocation Failure) [PSYoungGen: 72000K->1501K(72704K)] 345779K->275281K(809472K), 0.0015475 secs] [Times: user=0.01 sys=0.00, real=0.00 secs] 
813.146: [GC (Allocation Failure) [PSYoungGen: 72157K->1517K(72704K)] 345937K->275297K(809472K), 0.0023041 secs] [Times: user=0.01 sys=0.00, real=0.00 secs] 
813.311: [GC (Allocation Failure) [PSYoungGen: 72173K->1501K(72704K)] 345953K->275281K(809472K), 0.0017949 secs] [Times: user=0.01 sys=0.00, real=0.00 secs] 
813.696: [GC (Allocation Failure) [PSYoungGen: 72157K->1440K(72704K)] 345937K->275243K(809472K), 0.0019917 secs] [Times: user=0.00 sys=0.00, real=0.00 secs] 
814.433: [GC (Allocation Failure) [PSYoungGen: 72096K->1408K(72704K)] 345899K->275211K(809472K), 0.0019951 secs] [Times: user=0.01 sys=0.00, real=0.01 secs] 
815.188: [GC (Allocation Failure) [PSYoungGen: 72064K->1344K(72704K)] 345867K->275147K(809472K), 0.0020696 secs] [Times: user=0.01 sys=0.01, real=0.00 secs] 
815.983: [GC (Allocation Failure) [PSYoungGen: 72000K->1376K(72704K)] 345803K->275179K(809472K), 0.0021943 secs] [Times: user=0.01 sys=0.00, real=0.01 secs] 
816.848: [GC (Allocation Failure) [PSYoungGen: 72032K->1469K(72704K)] 345835K->275273K(809472K), 0.0023645 secs] [Times: user=0.01 sys=0.00, real=0.00 secs] 
817.079: [GC (Allocation Failure) [PSYoungGen: 72125K->1501K(72704K)] 345929K->275305K(809472K), 0.0021318 secs] [Times: user=0.01 sys=0.00, real=0.00 secs] 
817.221: [GC (Allocation Failure) [PSYoungGen: 72157K->1501K(72704K)] 345961K->275305K(809472K), 0.0015878 secs] [Times: user=0.00 sys=0.00, real=0.00 secs] 
817.365: [GC (Allocation Failure) [PSYoungGen: 72157K->1421K(72704K)] 345961K->275225K(809472K), 0.0027758 secs] [Times: user=0.01 sys=0.00, real=0.00 secs] 
818.472: [GC (Allocation Failure) [PSYoungGen: 72077K->1424K(72192K)] 345881K->275227K(808960K), 0.0038296 secs] [Times: user=0.01 sys=0.01, real=0.01 secs] 
820.156: [GC (Allocation Failure) [PSYoungGen: 72080K->1376K(72192K)] 345883K->275179K(808960K), 0.0035454 secs] [Times: user=0.02 sys=0.01, real=0.00 secs] 
821.636: [GC (Allocation Failure) [PSYoungGen: 72032K->1376K(72192K)] 345835K->275179K(808960K), 0.0030569 secs] [Times: user=0.01 sys=0.00, real=0.00 secs] 
822.785: [GC (Allocation Failure) [PSYoungGen: 72032K->1376K(72192K)] 345835K->275179K(808960K), 0.0026595 secs] [Times: user=0.01 sys=0.00, real=0.00 secs] 
823.403: [GC (Allocation Failure) [PSYoungGen: 72032K->1456K(72192K)] 345835K->275259K(808960K), 0.0018390 secs] [Times: user=0.01 sys=0.00, real=0.01 secs] 
823.582: [GC (Allocation Failure) [PSYoungGen: 72112K->1453K(72192K)] 345915K->275257K(808960K), 0.0022741 secs] [Times: user=0.01 sys=0.00, real=0.01 secs] 
823.789: [GC (Allocation Failure) [PSYoungGen: 72109K->1533K(72192K)] 345913K->275337K(808960K), 0.0022288 secs] [Times: user=0.01 sys=0.00, real=0.00 secs] 
823.941: [GC (Allocation Failure) [PSYoungGen: 72189K->1469K(72192K)] 345993K->275281K(808960K), 0.0017848 secs] [Times: user=0.00 sys=0.00, real=0.00 secs] 
824.879: [GC (Allocation Failure) [PSYoungGen: 72125K->1440K(72192K)] 345937K->275251K(808960K), 0.0041727 secs] [Times: user=0.02 sys=0.00, real=0.00 secs] 
825.831: [GC (Allocation Failure) [PSYoungGen: 72096K->1376K(72192K)] 345907K->275195K(808960K), 0.0044792 secs] [Times: user=0.02 sys=0.00, real=0.01 secs] 
826.603: [GC (Allocation Failure) [PSYoungGen: 72032K->1344K(72192K)] 345851K->275163K(808960K), 0.0036343 secs] [Times: user=0.01 sys=0.00, real=0.01 secs] 
827.347: [GC (Allocation Failure) [PSYoungGen: 71951K->320K(71168K)] 345770K->274139K(807936K), 0.0031627 secs] [Times: user=0.02 sys=0.00, real=0.00 secs] 
827.555: [GC (Allocation Failure) [PSYoungGen: 70976K->1437K(72704K)] 344795K->275257K(809472K), 0.0017264 secs] [Times: user=0.00 sys=0.00, real=0.00 secs] 
827.680: [GC (Allocation Failure) [PSYoungGen: 72093K->1501K(72704K)] 345913K->275321K(809472K), 0.0016215 secs] [Times: user=0.01 sys=0.00, real=0.00 secs] 
827.805: [GC (Allocation Failure) [PSYoungGen: 72157K->1440K(72704K)] 345977K->275259K(809472K), 0.0014965 secs] [Times: user=0.00 sys=0.00, real=0.00 secs] 
828.561: [GC (Allocation Failure) [PSYoungGen: 72096K->1408K(72704K)] 345915K->275227K(809472K), 0.0027191 secs] [Times: user=0.01 sys=0.00, real=0.01 secs] 
829.571: [GC (Allocation Failure) [PSYoungGen: 72064K->1312K(72704K)] 345883K->275131K(809472K), 0.0032043 secs] [Times: user=0.01 sys=0.00, real=0.01 secs] 
830.599: [GC (Allocation Failure) [PSYoungGen: 71968K->1376K(72704K)] 345787K->275195K(809472K), 0.0032549 secs] [Times: user=0.01 sys=0.01, real=0.00 secs] 
831.401: [GC (Allocation Failure) [PSYoungGen: 72032K->1360K(72704K)] 345851K->275179K(809472K), 0.0025026 secs] [Times: user=0.01 sys=0.00, real=0.00 secs] 
832.014: [GC (Allocation Failure) [PSYoungGen: 72016K->1405K(72704K)] 345835K->275225K(809472K), 0.0021309 secs] [Times: user=0.01 sys=0.00, real=0.00 secs] 
832.216: [GC (Allocation Failure) [PSYoungGen: 72061K->1469K(72704K)] 345881K->275289K(809472K), 0.0019643 secs] [Times: user=0.01 sys=0.00, real=0.00 secs] 
832.406: [GC (Allocation Failure) [PSYoungGen: 72125K->1501K(72704K)] 345945K->275321K(809472K), 0.0020788 secs] [Times: user=0.01 sys=0.00, real=0.00 secs] 
832.565: [GC (Allocation Failure) [PSYoungGen: 72157K->1469K(72704K)] 345977K->275289K(809472K), 0.0016033 secs] [Times: user=0.01 sys=0.00, real=0.00 secs] 
833.777: [GC (Allocation Failure) [PSYoungGen: 72125K->1392K(72704K)] 345945K->275219K(809472K), 0.0029042 secs] [Times: user=0.01 sys=0.00, real=0.00 secs] 
834.319: [GC (Allocation Failure) [PSYoungGen: 72048K->1360K(72704K)] 345875K->275187K(809472K), 0.0023030 secs] [Times: user=0.01 sys=0.00, real=0.00 secs] 
834.901: [GC (Allocation Failure) [PSYoungGen: 72016K->1312K(72704K)] 345843K->275139K(809472K), 0.0021555 secs] [Times: user=0.01 sys=0.00, real=0.00 secs] 
835.489: [GC (Allocation Failure) [PSYoungGen: 71968K->1312K(72704K)] 345795K->275139K(809472K), 0.0022367 secs] [Times: user=0.01 sys=0.00, real=0.00 secs] 
835.910: [GC (Allocation Failure) [PSYoungGen: 71968K->1485K(72704K)] 345795K->275313K(809472K), 0.0019952 secs] [Times: user=0.01 sys=0.00, real=0.00 secs] 
836.054: [GC (Allocation Failure) [PSYoungGen: 72141K->1501K(72704K)] 345969K->275329K(809472K), 0.0015433 secs] [Times: user=0.01 sys=0.00, real=0.00 secs] 
836.180: [GC (Allocation Failure) [PSYoungGen: 72157K->1469K(72704K)] 345985K->275297K(809472K), 0.0016210 secs] [Times: user=0.01 sys=0.00, real=0.00 secs] 
836.613: [GC (Allocation Failure) [PSYoungGen: 72125K->1952K(72704K)] 345953K->275779K(809472K), 0.0024832 secs] [Times: user=0.01 sys=0.00, real=0.01 secs] 
837.966: [GC (Allocation Failure) [PSYoungGen: 72608K->1376K(72704K)] 346435K->275203K(809472K), 0.0055622 secs] [Times: user=0.02 sys=0.00, real=0.00 secs] 
838.676: [GC (Allocation Failure) [PSYoungGen: 72032K->1360K(72704K)] 345859K->275187K(809472K), 0.0027054 secs] [Times: user=0.01 sys=0.00, real=0.00 secs] 
839.706: [GC (Allocation Failure) [PSYoungGen: 72016K->1392K(72704K)] 345843K->275219K(809472K), 0.0030861 secs] [Times: user=0.01 sys=0.00, real=0.00 secs] 
840.620: [GC (Allocation Failure) [PSYoungGen: 72048K->1456K(72704K)] 345875K->275283K(809472K), 0.0023274 secs] [Times: user=0.01 sys=0.00, real=0.00 secs] 
840.813: [GC (Allocation Failure) [PSYoungGen: 72112K->1501K(72704K)] 345939K->275329K(809472K), 0.0016508 secs] [Times: user=0.00 sys=0.00, real=0.01 secs] 
840.936: [GC (Allocation Failure) [PSYoungGen: 72157K->1501K(72704K)] 345985K->275329K(809472K), 0.0015517 secs] [Times: user=0.01 sys=0.00, real=0.00 secs] 
841.061: [GC (Allocation Failure) [PSYoungGen: 72157K->1437K(72704K)] 345985K->275265K(809472K), 0.0014815 secs] [Times: user=0.01 sys=0.00, real=0.00 secs] 
842.145: [GC (Allocation Failure) [PSYoungGen: 72093K->1456K(72704K)] 345921K->275283K(809472K), 0.0022630 secs] [Times: user=0.01 sys=0.00, real=0.00 secs] 
842.944: [GC (Allocation Failure) [PSYoungGen: 72112K->1408K(72704K)] 345939K->275235K(809472K), 0.0037110 secs] [Times: user=0.01 sys=0.00, real=0.01 secs] 
843.760: [GC (Allocation Failure) [PSYoungGen: 72064K->1376K(72704K)] 345891K->275219K(809472K), 0.0032499 secs] [Times: user=0.01 sys=0.00, real=0.00 secs] 
844.765: [GC (Allocation Failure) [PSYoungGen: 72032K->1376K(72704K)] 345875K->275219K(809472K), 0.0026668 secs] [Times: user=0.02 sys=0.00, real=0.00 secs] 
845.421: [GC (Allocation Failure) [PSYoungGen: 72032K->1437K(72704K)] 345875K->275281K(809472K), 0.0019385 secs] [Times: user=0.00 sys=0.00, real=0.00 secs] 
845.562: [GC (Allocation Failure) [PSYoungGen: 72093K->1469K(72704K)] 345937K->275313K(809472K), 0.0015736 secs] [Times: user=0.01 sys=0.00, real=0.00 secs] 
845.687: [GC (Allocation Failure) [PSYoungGen: 72125K->1501K(72704K)] 345969K->275345K(809472K), 0.0015998 secs] [Times: user=0.01 sys=0.00, real=0.00 secs] 
845.812: [GC (Allocation Failure) [PSYoungGen: 72157K->1469K(72704K)] 346001K->275329K(809472K), 0.0015936 secs] [Times: user=0.00 sys=0.00, real=0.00 secs] 
846.261: [GC (Allocation Failure) [PSYoungGen: 72125K->1392K(72704K)] 345985K->275251K(809472K), 0.0017557 secs] [Times: user=0.01 sys=0.00, real=0.00 secs] 
846.844: [GC (Allocation Failure) [PSYoungGen: 72048K->1376K(72704K)] 345907K->275235K(809472K), 0.0020734 secs] [Times: user=0.01 sys=0.00, real=0.00 secs] 
847.428: [GC (Allocation Failure) [PSYoungGen: 72032K->1344K(72704K)] 345891K->275203K(809472K), 0.0022207 secs] [Times: user=0.01 sys=0.00, real=0.00 secs] 
848.015: [GC (Allocation Failure) [PSYoungGen: 72000K->1376K(72704K)] 345859K->275235K(809472K), 0.0028666 secs] [Times: user=0.01 sys=0.00, real=0.00 secs] 
848.384: [GC (Allocation Failure) [PSYoungGen: 72032K->1501K(72704K)] 345891K->275361K(809472K), 0.0018056 secs] [Times: user=0.01 sys=0.00, real=0.00 secs] 
848.519: [GC (Allocation Failure) [PSYoungGen: 72157K->1424K(72704K)] 346017K->275283K(809472K), 0.0015937 secs] [Times: user=0.01 sys=0.00, real=0.00 secs] 
848.645: [GC (Allocation Failure) [PSYoungGen: 72080K->1469K(72704K)] 345939K->275329K(809472K), 0.0015345 secs] [Times: user=0.00 sys=0.00, real=0.00 secs] 
848.950: [GC (Allocation Failure) [PSYoungGen: 72125K->1440K(72704K)] 345985K->275307K(809472K), 0.0021192 secs] [Times: user=0.01 sys=0.00, real=0.00 secs] 
849.521: [GC (Allocation Failure) [PSYoungGen: 72096K->1408K(72704K)] 345963K->275275K(809472K), 0.0020399 secs] [Times: user=0.01 sys=0.00, real=0.00 secs] 
850.095: [GC (Allocation Failure) [PSYoungGen: 72064K->1440K(72704K)] 345931K->275307K(809472K), 0.0025089 secs] [Times: user=0.01 sys=0.00, real=0.00 secs] 
850.659: [GC (Allocation Failure) [PSYoungGen: 72096K->1376K(72704K)] 345963K->275259K(809472K), 0.0023433 secs] [Times: user=0.01 sys=0.00, real=0.00 secs] 
851.248: [GC (Allocation Failure) [PSYoungGen: 72032K->1469K(72704K)] 345915K->275353K(809472K), 0.0022157 secs] [Times: user=0.01 sys=0.00, real=0.00 secs] 
851.400: [GC (Allocation Failure) [PSYoungGen: 72125K->1469K(72704K)] 346009K->275353K(809472K), 0.0015684 secs] [Times: user=0.01 sys=0.00, real=0.00 secs] 
851.525: [GC (Allocation Failure) [PSYoungGen: 72125K->1501K(72704K)] 346009K->275385K(809472K), 0.0016433 secs] [Times: user=0.01 sys=0.00, real=0.00 secs] 
851.651: [GC (Allocation Failure) [PSYoungGen: 72157K->1469K(72704K)] 346041K->275353K(809472K), 0.0016152 secs] [Times: user=0.01 sys=0.00, real=0.00 secs] 
852.339: [GC (Allocation Failure) [PSYoungGen: 72125K->1424K(72704K)] 346009K->275307K(809472K), 0.0021705 secs] [Times: user=0.00 sys=0.00, real=0.00 secs] 
853.414: [GC (Allocation Failure) [PSYoungGen: 72080K->1376K(72704K)] 345963K->275259K(809472K), 0.0025851 secs] [Times: user=0.01 sys=0.00, real=0.00 secs] 
854.586: [GC (Allocation Failure) [PSYoungGen: 72032K->1376K(72704K)] 345915K->275259K(809472K), 0.0031144 secs] [Times: user=0.02 sys=0.00, real=0.00 secs] 
855.469: [GC (Allocation Failure) [PSYoungGen: 72032K->1376K(72704K)] 345915K->275259K(809472K), 0.0030727 secs] [Times: user=0.02 sys=0.00, real=0.00 secs] 
855.964: [GC (Allocation Failure) [PSYoungGen: 72032K->1501K(72704K)] 345915K->275385K(809472K), 0.0021352 secs] [Times: user=0.00 sys=0.00, real=0.00 secs] 
856.111: [GC (Allocation Failure) [PSYoungGen: 72157K->1469K(72704K)] 346041K->275361K(809472K), 0.0016504 secs] [Times: user=0.00 sys=0.00, real=0.00 secs] 
856.237: [GC (Allocation Failure) [PSYoungGen: 72125K->1437K(72704K)] 346017K->275329K(809472K), 0.0015323 secs] [Times: user=0.00 sys=0.00, real=0.00 secs] 
856.362: [GC (Allocation Failure) [PSYoungGen: 72093K->1469K(72704K)] 345985K->275377K(809472K), 0.0015572 secs] [Times: user=0.01 sys=0.00, real=0.00 secs] 
857.289: [GC (Allocation Failure) [PSYoungGen: 72125K->1376K(72704K)] 346033K->275291K(809472K), 0.0041283 secs] [Times: user=0.01 sys=0.00, real=0.00 secs] 
857.883: [GC (Allocation Failure) [PSYoungGen: 72032K->1408K(72704K)] 345947K->275323K(809472K), 0.0023958 secs] [Times: user=0.01 sys=0.00, real=0.01 secs] 
858.383: [GC (Allocation Failure) [PSYoungGen: 72064K->1360K(72704K)] 345979K->275275K(809472K), 0.0031816 secs] [Times: user=0.01 sys=0.01, real=0.01 secs] 
858.928: [GC (Allocation Failure) [PSYoungGen: 72016K->1376K(72704K)] 345931K->275291K(809472K), 0.0023970 secs] [Times: user=0.01 sys=0.00, real=0.00 secs] 
859.135: [GC (Allocation Failure) [PSYoungGen: 72032K->1501K(72704K)] 345947K->275417K(809472K), 0.0016234 secs] [Times: user=0.01 sys=0.00, real=0.00 secs] 
859.258: [GC (Allocation Failure) [PSYoungGen: 72157K->1501K(72704K)] 346073K->275417K(809472K), 0.0017229 secs] [Times: user=0.00 sys=0.00, real=0.00 secs] 
859.403: [GC (Allocation Failure) [PSYoungGen: 72157K->1469K(72704K)] 346073K->275385K(809472K), 0.0018486 secs] [Times: user=0.00 sys=0.00, real=0.01 secs] 
860.612: [GC (Allocation Failure) [PSYoungGen: 72125K->1472K(72704K)] 346041K->275387K(809472K), 0.0037305 secs] [Times: user=0.01 sys=0.00, real=0.01 secs] 
861.449: [GC (Allocation Failure) [PSYoungGen: 72128K->1376K(72704K)] 346043K->275291K(809472K), 0.0029143 secs] [Times: user=0.02 sys=0.00, real=0.00 secs] 
862.248: [GC (Allocation Failure) [PSYoungGen: 72032K->1392K(72704K)] 345947K->275307K(809472K), 0.0031148 secs] [Times: user=0.01 sys=0.00, real=0.00 secs] 
862.688: [GC (Allocation Failure) [PSYoungGen: 72048K->1376K(72704K)] 345963K->275299K(809472K), 0.0019396 secs] [Times: user=0.01 sys=0.00, real=0.00 secs] 
863.048: [GC (Allocation Failure) [PSYoungGen: 72032K->1469K(72704K)] 345955K->275393K(809472K), 0.0017934 secs] [Times: user=0.01 sys=0.00, real=0.00 secs] 
863.181: [GC (Allocation Failure) [PSYoungGen: 72125K->1501K(72704K)] 346049K->275425K(809472K), 0.0016636 secs] [Times: user=0.01 sys=0.00, real=0.00 secs] 
863.304: [GC (Allocation Failure) [PSYoungGen: 72157K->1504K(72704K)] 346081K->275427K(809472K), 0.0015441 secs] [Times: user=0.01 sys=0.00, real=0.00 secs] 
863.429: [GC (Allocation Failure) [PSYoungGen: 72160K->1437K(72704K)] 346083K->275361K(809472K), 0.0015722 secs] [Times: user=0.01 sys=0.00, real=0.00 secs] 
864.393: [GC (Allocation Failure) [PSYoungGen: 72093K->1440K(72704K)] 346017K->275371K(809472K), 0.0046850 secs] [Times: user=0.02 sys=0.00, real=0.01 secs] 
865.150: [GC (Allocation Failure) [PSYoungGen: 72096K->1408K(72704K)] 346027K->275339K(809472K), 0.0024044 secs] [Times: user=0.00 sys=0.00, real=0.00 secs] 
865.729: [GC (Allocation Failure) [PSYoungGen: 72064K->1376K(72704K)] 345995K->275307K(809472K), 0.0025549 secs] [Times: user=0.01 sys=0.01, real=0.00 secs] 
866.195: [GC (Allocation Failure) [PSYoungGen: 72032K->1408K(72704K)] 345963K->275339K(809472K), 0.0020228 secs] [Times: user=0.01 sys=0.00, real=0.00 secs] 
866.403: [GC (Allocation Failure) [PSYoungGen: 72064K->1469K(72704K)] 345995K->275401K(809472K), 0.0015779 secs] [Times: user=0.01 sys=0.00, real=0.01 secs] 
866.550: [GC (Allocation Failure) [PSYoungGen: 72125K->1565K(72704K)] 346057K->275497K(809472K), 0.0019106 secs] [Times: user=0.01 sys=0.00, real=0.00 secs] 
866.710: [GC (Allocation Failure) [PSYoungGen: 72221K->1469K(72704K)] 346153K->275401K(809472K), 0.0019057 secs] [Times: user=0.01 sys=0.00, real=0.00 secs] 
867.100: [GC (Allocation Failure) [PSYoungGen: 72125K->1728K(72704K)] 346057K->275659K(809472K), 0.0033122 secs] [Times: user=0.01 sys=0.00, real=0.00 secs] 
868.045: [GC (Allocation Failure) [PSYoungGen: 72384K->1408K(72704K)] 346315K->275339K(809472K), 0.0030551 secs] [Times: user=0.01 sys=0.00, real=0.00 secs] 
868.652: [GC (Allocation Failure) [PSYoungGen: 72064K->1408K(72704K)] 345995K->275339K(809472K), 0.0021024 secs] [Times: user=0.00 sys=0.00, real=0.01 secs] 
869.241: [GC (Allocation Failure) [PSYoungGen: 72064K->1376K(72704K)] 345995K->275307K(809472K), 0.0021943 secs] [Times: user=0.01 sys=0.00, real=0.00 secs] 
869.745: [GC (Allocation Failure) [PSYoungGen: 72032K->1501K(72704K)] 345963K->275433K(809472K), 0.0019520 secs] [Times: user=0.00 sys=0.00, real=0.00 secs] 
869.891: [GC (Allocation Failure) [PSYoungGen: 72157K->1469K(72704K)] 346089K->275401K(809472K), 0.0016599 secs] [Times: user=0.01 sys=0.00, real=0.00 secs] 
870.016: [GC (Allocation Failure) [PSYoungGen: 72125K->1469K(72704K)] 346057K->275401K(809472K), 0.0015206 secs] [Times: user=0.01 sys=0.00, real=0.00 secs] 
870.142: [GC (Allocation Failure) [PSYoungGen: 72125K->1501K(72704K)] 346057K->275433K(809472K), 0.0015315 secs] [Times: user=0.00 sys=0.00, real=0.00 secs] 
870.522: [GC (Allocation Failure) [PSYoungGen: 72157K->1440K(72704K)] 346089K->275403K(809472K), 0.0016740 secs] [Times: user=0.00 sys=0.00, real=0.01 secs] 
871.248: [GC (Allocation Failure) [PSYoungGen: 72096K->1408K(72704K)] 346059K->275387K(809472K), 0.0030755 secs] [Times: user=0.01 sys=0.00, real=0.00 secs] 
871.790: [GC (Allocation Failure) [PSYoungGen: 72064K->1408K(72704K)] 346043K->275387K(809472K), 0.0021632 secs] [Times: user=0.01 sys=0.00, real=0.00 secs] 
872.408: [GC (Allocation Failure) [PSYoungGen: 72064K->1344K(72704K)] 346043K->275323K(809472K), 0.0022190 secs] [Times: user=0.01 sys=0.00, real=0.00 secs] 
872.853: [GC (Allocation Failure) [PSYoungGen: 72000K->1533K(72704K)] 345979K->275513K(809472K), 0.0019187 secs] [Times: user=0.00 sys=0.00, real=0.01 secs] 
872.984: [GC (Allocation Failure) [PSYoungGen: 72189K->1437K(72704K)] 346169K->275417K(809472K), 0.0016764 secs] [Times: user=0.00 sys=0.00, real=0.00 secs] 
873.110: [GC (Allocation Failure) [PSYoungGen: 72093K->1501K(72704K)] 346073K->275481K(809472K), 0.0015375 secs] [Times: user=0.01 sys=0.00, real=0.00 secs] 
873.236: [GC (Allocation Failure) [PSYoungGen: 72157K->1469K(72704K)] 346137K->275465K(809472K), 0.0015175 secs] [Times: user=0.00 sys=0.00, real=0.00 secs] 
873.510: [GC (Allocation Failure) [PSYoungGen: 72125K->1376K(72704K)] 346121K->275379K(809472K), 0.0015393 secs] [Times: user=0.01 sys=0.00, real=0.00 secs] 
873.889: [GC (Allocation Failure) [PSYoungGen: 72032K->1408K(72704K)] 346035K->275411K(809472K), 0.0019383 secs] [Times: user=0.00 sys=0.00, real=0.00 secs] 
874.398: [GC (Allocation Failure) [PSYoungGen: 72064K->1344K(72704K)] 346067K->275347K(809472K), 0.0025964 secs] [Times: user=0.01 sys=0.00, real=0.00 secs] 
874.950: [GC (Allocation Failure) [PSYoungGen: 72000K->1376K(72704K)] 346003K->275379K(809472K), 0.0024437 secs] [Times: user=0.01 sys=0.00, real=0.00 secs] 
875.209: [GC (Allocation Failure) [PSYoungGen: 72032K->1501K(72704K)] 346035K->275505K(809472K), 0.0016116 secs] [Times: user=0.01 sys=0.00, real=0.00 secs] 
875.335: [GC (Allocation Failure) [PSYoungGen: 72157K->1469K(72704K)] 346161K->275473K(809472K), 0.0015728 secs] [Times: user=0.01 sys=0.00, real=0.00 secs] 
875.479: [GC (Allocation Failure) [PSYoungGen: 72125K->1469K(72704K)] 346129K->275473K(809472K), 0.0016257 secs] [Times: user=0.00 sys=0.00, real=0.00 secs] 
875.748: [GC (Allocation Failure) [PSYoungGen: 72125K->1472K(72704K)] 346129K->275499K(809472K), 0.0019918 secs] [Times: user=0.00 sys=0.00, real=0.00 secs] 
876.450: [GC (Allocation Failure) [PSYoungGen: 72128K->1376K(72704K)] 346155K->275403K(809472K), 0.0029181 secs] [Times: user=0.01 sys=0.00, real=0.00 secs] 
877.118: [GC (Allocation Failure) [PSYoungGen: 72032K->1408K(72704K)] 346059K->275435K(809472K), 0.0029285 secs] [Times: user=0.01 sys=0.00, real=0.00 secs] 
877.410: [GC (Allocation Failure) [PSYoungGen: 72064K->1376K(72704K)] 346091K->275403K(809472K), 0.0018914 secs] [Times: user=0.01 sys=0.00, real=0.00 secs] 
877.698: [GC (Allocation Failure) [PSYoungGen: 72032K->1469K(72704K)] 346059K->275497K(809472K), 0.0017895 secs] [Times: user=0.01 sys=0.00, real=0.00 secs] 
877.829: [GC (Allocation Failure) [PSYoungGen: 72125K->1469K(72704K)] 346153K->275497K(809472K), 0.0016443 secs] [Times: user=0.01 sys=0.00, real=0.00 secs] 
877.972: [GC (Allocation Failure) [PSYoungGen: 72125K->1469K(72704K)] 346153K->275497K(809472K), 0.0017226 secs] [Times: user=0.01 sys=0.00, real=0.01 secs] 
878.141: [GC (Allocation Failure) [PSYoungGen: 72125K->1485K(72704K)] 346153K->275513K(809472K), 0.0019602 secs] [Times: user=0.00 sys=0.00, real=0.00 secs] 
878.673: [GC (Allocation Failure) [PSYoungGen: 72141K->1392K(72704K)] 346169K->275427K(809472K), 0.0023169 secs] [Times: user=0.01 sys=0.00, real=0.01 secs] 
879.352: [GC (Allocation Failure) [PSYoungGen: 72048K->1376K(72704K)] 346083K->275411K(809472K), 0.0022764 secs] [Times: user=0.01 sys=0.00, real=0.01 secs] 
879.909: [GC (Allocation Failure) [PSYoungGen: 72032K->1408K(72704K)] 346067K->275443K(809472K), 0.0024445 secs] [Times: user=0.01 sys=0.00, real=0.00 secs] 
880.452: [GC (Allocation Failure) [PSYoungGen: 72064K->1408K(72704K)] 346099K->275459K(809472K), 0.0024344 secs] [Times: user=0.01 sys=0.00, real=0.01 secs] 
880.829: [GC (Allocation Failure) [PSYoungGen: 72064K->1501K(72704K)] 346115K->275553K(809472K), 0.0024821 secs] [Times: user=0.01 sys=0.00, real=0.00 secs] 
880.998: [GC (Allocation Failure) [PSYoungGen: 72157K->1469K(72704K)] 346209K->275521K(809472K), 0.0016888 secs] [Times: user=0.01 sys=0.00, real=0.00 secs] 
881.124: [GC (Allocation Failure) [PSYoungGen: 72125K->1437K(72704K)] 346177K->275489K(809472K), 0.0016353 secs] [Times: user=0.01 sys=0.00, real=0.00 secs] 
881.270: [GC (Allocation Failure) [PSYoungGen: 72093K->1469K(72704K)] 346145K->275537K(809472K), 0.0018202 secs] [Times: user=0.01 sys=0.00, real=0.00 secs] 
881.663: [GC (Allocation Failure) [PSYoungGen: 72125K->1408K(72704K)] 346193K->275475K(809472K), 0.0017187 secs] [Times: user=0.01 sys=0.00, real=0.01 secs] 
882.111: [GC (Allocation Failure) [PSYoungGen: 72064K->1376K(72704K)] 346131K->275443K(809472K), 0.0021792 secs] [Times: user=0.00 sys=0.00, real=0.00 secs] 
882.658: [GC (Allocation Failure) [PSYoungGen: 72032K->1376K(72704K)] 346099K->275443K(809472K), 0.0019030 secs] [Times: user=0.01 sys=0.00, real=0.00 secs] 
883.505: [GC (Allocation Failure) [PSYoungGen: 72032K->1408K(72192K)] 346099K->275475K(808960K), 0.0026653 secs] [Times: user=0.01 sys=0.00, real=0.00 secs] 
883.811: [GC (Allocation Failure) [PSYoungGen: 72064K->1453K(72192K)] 346131K->275521K(808960K), 0.0019225 secs] [Times: user=0.00 sys=0.00, real=0.00 secs] 
883.949: [GC (Allocation Failure) [PSYoungGen: 72109K->1469K(72192K)] 346177K->275537K(808960K), 0.0016014 secs] [Times: user=0.00 sys=0.00, real=0.00 secs] 
884.075: [GC (Allocation Failure) [PSYoungGen: 72125K->1536K(72704K)] 346193K->275603K(809472K), 0.0016137 secs] [Times: user=0.01 sys=0.00, real=0.00 secs] 
884.469: [GC (Allocation Failure) [PSYoungGen: 72192K->1392K(72704K)] 346259K->275475K(809472K), 0.0025589 secs] [Times: user=0.01 sys=0.01, real=0.00 secs] 
885.051: [GC (Allocation Failure) [PSYoungGen: 72048K->1376K(72704K)] 346131K->275459K(809472K), 0.0023810 secs] [Times: user=0.01 sys=0.00, real=0.00 secs] 
885.469: [GC (Allocation Failure) [PSYoungGen: 72032K->1440K(72704K)] 346115K->275523K(809472K), 0.0018916 secs] [Times: user=0.01 sys=0.00, real=0.00 secs] 
886.025: [GC (Allocation Failure) [PSYoungGen: 72096K->1376K(72704K)] 346179K->275459K(809472K), 0.0019438 secs] [Times: user=0.01 sys=0.00, real=0.00 secs] 
886.509: [GC (Allocation Failure) [PSYoungGen: 72032K->1469K(72704K)] 346115K->275553K(809472K), 0.0019198 secs] [Times: user=0.01 sys=0.00, real=0.00 secs] 
886.642: [GC (Allocation Failure) [PSYoungGen: 72125K->1488K(72704K)] 346209K->275571K(809472K), 0.0016494 secs] [Times: user=0.00 sys=0.00, real=0.01 secs] 
886.767: [GC (Allocation Failure) [PSYoungGen: 72144K->1501K(72704K)] 346227K->275585K(809472K), 0.0015376 secs] [Times: user=0.00 sys=0.00, real=0.00 secs] 
886.893: [GC (Allocation Failure) [PSYoungGen: 72157K->1501K(72704K)] 346241K->275585K(809472K), 0.0015700 secs] [Times: user=0.01 sys=0.00, real=0.01 secs] 
887.523: [GC (Allocation Failure) [PSYoungGen: 72157K->1424K(72704K)] 346241K->275515K(809472K), 0.0017321 secs] [Times: user=0.01 sys=0.00, real=0.01 secs] 
888.339: [GC (Allocation Failure) [PSYoungGen: 72080K->1408K(72704K)] 346171K->275499K(809472K), 0.0018112 secs] [Times: user=0.01 sys=0.00, real=0.00 secs] 
889.191: [GC (Allocation Failure) [PSYoungGen: 72064K->1440K(72704K)] 346155K->275531K(809472K), 0.0019764 secs] [Times: user=0.01 sys=0.00, real=0.00 secs] 
889.721: [GC (Allocation Failure) [PSYoungGen: 72096K->1408K(72704K)] 346187K->275499K(809472K), 0.0018558 secs] [Times: user=0.01 sys=0.00, real=0.00 secs] 
890.200: [GC (Allocation Failure) [PSYoungGen: 72064K->1533K(72704K)] 346155K->275625K(809472K), 0.0015596 secs] [Times: user=0.01 sys=0.00, real=0.00 secs] 
890.324: [GC (Allocation Failure) [PSYoungGen: 72189K->1501K(72704K)] 346281K->275593K(809472K), 0.0017383 secs] [Times: user=0.01 sys=0.00, real=0.00 secs] 
890.448: [GC (Allocation Failure) [PSYoungGen: 72157K->1472K(72704K)] 346249K->275563K(809472K), 0.0016221 secs] [Times: user=0.01 sys=0.00, real=0.00 secs] 
890.674: [GC (Allocation Failure) [PSYoungGen: 72128K->1760K(72704K)] 346219K->275875K(809472K), 0.0019548 secs] [Times: user=0.01 sys=0.00, real=0.00 secs] 
891.396: [GC (Allocation Failure) [PSYoungGen: 72416K->1312K(72704K)] 346531K->275443K(809472K), 0.0021410 secs] [Times: user=0.00 sys=0.00, real=0.00 secs] 
892.033: [GC (Allocation Failure) [PSYoungGen: 71968K->1344K(72704K)] 346099K->275475K(809472K), 0.0019230 secs] [Times: user=0.01 sys=0.00, real=0.01 secs] 
892.513: [GC (Allocation Failure) [PSYoungGen: 72000K->1408K(72704K)] 346131K->275539K(809472K), 0.0019805 secs] [Times: user=0.01 sys=0.00, real=0.01 secs] 
893.063: [GC (Allocation Failure) [PSYoungGen: 72064K->1501K(72704K)] 346195K->275633K(809472K), 0.0021640 secs] [Times: user=0.01 sys=0.00, real=0.01 secs] 
893.218: [GC (Allocation Failure) [PSYoungGen: 72157K->1565K(72704K)] 346289K->275697K(809472K), 0.0016155 secs] [Times: user=0.01 sys=0.00, real=0.00 secs] 
893.343: [GC (Allocation Failure) [PSYoungGen: 72204K->1488K(72704K)] 346336K->275619K(809472K), 0.0014686 secs] [Times: user=0.00 sys=0.00, real=0.01 secs] 
893.468: [GC (Allocation Failure) [PSYoungGen: 72144K->1437K(72704K)] 346275K->275569K(809472K), 0.0015789 secs] [Times: user=0.01 sys=0.00, real=0.00 secs] 
893.862: [GC (Allocation Failure) [PSYoungGen: 72093K->1440K(72704K)] 346225K->275595K(809472K), 0.0019241 secs] [Times: user=0.01 sys=0.00, real=0.01 secs] 
894.701: [GC (Allocation Failure) [PSYoungGen: 72096K->1392K(72704K)] 346251K->275555K(809472K), 0.0025441 secs] [Times: user=0.02 sys=0.00, real=0.00 secs] 
895.632: [GC (Allocation Failure) [PSYoungGen: 72048K->1344K(72704K)] 346211K->275507K(809472K), 0.0024626 secs] [Times: user=0.01 sys=0.00, real=0.01 secs] 
896.308: [GC (Allocation Failure) [PSYoungGen: 72000K->1344K(72704K)] 346163K->275507K(809472K), 0.0024471 secs] [Times: user=0.01 sys=0.00, real=0.00 secs] 
896.822: [GC (Allocation Failure) [PSYoungGen: 72000K->1469K(72704K)] 346163K->275633K(809472K), 0.0020398 secs] [Times: user=0.01 sys=0.00, real=0.01 secs] 
896.970: [GC (Allocation Failure) [PSYoungGen: 72125K->1469K(72704K)] 346289K->275633K(809472K), 0.0015986 secs] [Times: user=0.00 sys=0.00, real=0.00 secs] 
897.096: [GC (Allocation Failure) [PSYoungGen: 72125K->1437K(72704K)] 346289K->275601K(809472K), 0.0016516 secs] [Times: user=0.01 sys=0.00, real=0.00 secs] 
897.221: [GC (Allocation Failure) [PSYoungGen: 72093K->1456K(72704K)] 346257K->275627K(809472K), 0.0015603 secs] [Times: user=0.01 sys=0.00, real=0.00 secs] 
897.804: [GC (Allocation Failure) [PSYoungGen: 72112K->1456K(72704K)] 346283K->275627K(809472K), 0.0018271 secs] [Times: user=0.01 sys=0.00, real=0.00 secs] 
898.416: [GC (Allocation Failure) [PSYoungGen: 72112K->1376K(72704K)] 346283K->275547K(809472K), 0.0022886 secs] [Times: user=0.01 sys=0.00, real=0.00 secs] 
899.018: [GC (Allocation Failure) [PSYoungGen: 72032K->1344K(72704K)] 346203K->275515K(809472K), 0.0023029 secs] [Times: user=0.01 sys=0.00, real=0.00 secs] 
899.645: [GC (Allocation Failure) [PSYoungGen: 72000K->1376K(72704K)] 346171K->275547K(809472K), 0.0025266 secs] [Times: user=0.01 sys=0.00, real=0.00 secs] 
899.932: [GC (Allocation Failure) [PSYoungGen: 72032K->1488K(72704K)] 346203K->275659K(809472K), 0.0018068 secs] [Times: user=0.00 sys=0.00, real=0.00 secs] 
900.058: [GC (Allocation Failure) [PSYoungGen: 72144K->1488K(72704K)] 346315K->275659K(809472K), 0.0016301 secs] [Times: user=0.00 sys=0.00, real=0.00 secs] 
900.184: [GC (Allocation Failure) [PSYoungGen: 72144K->1437K(72704K)] 346315K->275609K(809472K), 0.0016206 secs] [Times: user=0.01 sys=0.00, real=0.00 secs] 
900.515: [GC (Allocation Failure) [PSYoungGen: 72093K->1408K(72704K)] 346265K->275587K(809472K), 0.0017988 secs] [Times: user=0.01 sys=0.00, real=0.00 secs] 
901.218: [GC (Allocation Failure) [PSYoungGen: 72064K->1440K(72704K)] 346243K->275635K(809472K), 0.0024417 secs] [Times: user=0.01 sys=0.00, real=0.00 secs] 
901.869: [GC (Allocation Failure) [PSYoungGen: 72096K->1376K(72704K)] 346291K->275571K(809472K), 0.0024575 secs] [Times: user=0.01 sys=0.00, real=0.00 secs] 
902.395: [GC (Allocation Failure) [PSYoungGen: 72032K->1344K(72704K)] 346227K->275539K(809472K), 0.0031213 secs] [Times: user=0.01 sys=0.00, real=0.00 secs] 
902.948: [GC (Allocation Failure) [PSYoungGen: 72000K->1501K(72704K)] 346195K->275697K(809472K), 0.0023449 secs] [Times: user=0.01 sys=0.00, real=0.00 secs] 
903.175: [GC (Allocation Failure) [PSYoungGen: 72157K->1469K(72704K)] 346353K->275665K(809472K), 0.0021540 secs] [Times: user=0.00 sys=0.00, real=0.00 secs] 
903.318: [GC (Allocation Failure) [PSYoungGen: 72125K->1469K(72704K)] 346321K->275665K(809472K), 0.0017476 secs] [Times: user=0.01 sys=0.00, real=0.00 secs] 
903.443: [GC (Allocation Failure) [PSYoungGen: 72121K->1488K(72704K)] 346316K->275683K(809472K), 0.0015673 secs] [Times: user=0.01 sys=0.00, real=0.01 secs] 
903.836: [GC (Allocation Failure) [PSYoungGen: 72144K->1440K(72704K)] 346339K->275635K(809472K), 0.0029129 secs] [Times: user=0.01 sys=0.00, real=0.00 secs] 
904.186: [GC (Allocation Failure) [PSYoungGen: 72096K->1376K(72704K)] 346291K->275571K(809472K), 0.0020436 secs] [Times: user=0.01 sys=0.00, real=0.00 secs] 
904.720: [GC (Allocation Failure) [PSYoungGen: 72032K->1376K(72704K)] 346227K->275571K(809472K), 0.0020514 secs] [Times: user=0.01 sys=0.00, real=0.00 secs] 
905.291: [GC (Allocation Failure) [PSYoungGen: 72032K->1408K(72704K)] 346227K->275603K(809472K), 0.0022797 secs] [Times: user=0.00 sys=0.00, real=0.00 secs] 
905.759: [GC (Allocation Failure) [PSYoungGen: 72064K->1424K(72704K)] 346259K->275619K(809472K), 0.0020172 secs] [Times: user=0.01 sys=0.00, real=0.00 secs] 
905.948: [GC (Allocation Failure) [PSYoungGen: 72080K->1485K(72704K)] 346275K->275681K(809472K), 0.0020564 secs] [Times: user=0.00 sys=0.00, real=0.00 secs] 
906.099: [GC (Allocation Failure) [PSYoungGen: 72141K->1469K(72704K)] 346337K->275665K(809472K), 0.0015829 secs] [Times: user=0.01 sys=0.00, real=0.00 secs] 
906.224: [GC (Allocation Failure) [PSYoungGen: 72125K->1453K(72704K)] 346321K->275657K(809472K), 0.0016126 secs] [Times: user=0.00 sys=0.00, real=0.00 secs] 
906.531: [GC (Allocation Failure) [PSYoungGen: 72109K->1408K(72704K)] 346313K->275619K(809472K), 0.0019070 secs] [Times: user=0.01 sys=0.00, real=0.00 secs] 
906.824: [GC (Allocation Failure) [PSYoungGen: 72064K->1376K(72704K)] 346275K->275587K(809472K), 0.0019640 secs] [Times: user=0.01 sys=0.00, real=0.00 secs] 
907.118: [GC (Allocation Failure) [PSYoungGen: 72032K->1408K(72192K)] 346243K->275619K(808960K), 0.0020071 secs] [Times: user=0.01 sys=0.00, real=0.00 secs] 
907.420: [GC (Allocation Failure) [PSYoungGen: 72064K->1408K(72192K)] 346275K->275619K(808960K), 0.0024735 secs] [Times: user=0.01 sys=0.00, real=0.00 secs] 
907.636: [GC (Allocation Failure) [PSYoungGen: 72064K->1469K(72192K)] 346275K->275689K(808960K), 0.0015639 secs] [Times: user=0.01 sys=0.00, real=0.00 secs] 
907.761: [GC (Allocation Failure) [PSYoungGen: 72125K->1469K(72192K)] 346345K->275689K(808960K), 0.0016366 secs] [Times: user=0.01 sys=0.00, real=0.00 secs] 
907.888: [GC (Allocation Failure) [PSYoungGen: 72125K->1501K(72192K)] 346345K->275721K(808960K), 0.0017567 secs] [Times: user=0.00 sys=0.00, real=0.00 secs] 
908.102: [GC (Allocation Failure) [PSYoungGen: 72157K->1456K(72192K)] 346377K->275675K(808960K), 0.0017654 secs] [Times: user=0.01 sys=0.00, real=0.01 secs] 
908.549: [GC (Allocation Failure) [PSYoungGen: 72112K->1376K(72192K)] 346331K->275595K(808960K), 0.0022681 secs] [Times: user=0.01 sys=0.00, real=0.00 secs] 
908.843: [GC (Allocation Failure) [PSYoungGen: 72032K->1408K(72192K)] 346251K->275651K(808960K), 0.0020187 secs] [Times: user=0.01 sys=0.00, real=0.01 secs] 
909.137: [GC (Allocation Failure) [PSYoungGen: 72064K->1376K(72192K)] 346307K->275619K(808960K), 0.0021781 secs] [Times: user=0.01 sys=0.01, real=0.00 secs] 
909.710: [GC (Allocation Failure) [PSYoungGen: 72032K->1533K(72192K)] 346275K->275777K(808960K), 0.0022323 secs] [Times: user=0.01 sys=0.00, real=0.00 secs] 
909.877: [GC (Allocation Failure) [PSYoungGen: 72189K->1501K(72192K)] 346433K->275745K(808960K), 0.0017231 secs] [Times: user=0.00 sys=0.00, real=0.00 secs] 
910.021: [GC (Allocation Failure) [PSYoungGen: 72157K->1453K(72192K)] 346401K->275697K(808960K), 0.0016799 secs] [Times: user=0.00 sys=0.00, real=0.00 secs] 
910.179: [GC (Allocation Failure) [PSYoungGen: 72109K->1472K(72192K)] 346353K->275715K(808960K), 0.0019770 secs] [Times: user=0.01 sys=0.00, real=0.00 secs] 
910.830: [GC (Allocation Failure) [PSYoungGen: 72128K->1440K(72192K)] 346371K->275691K(808960K), 0.0024875 secs] [Times: user=0.01 sys=0.00, real=0.00 secs] 
911.609: [GC (Allocation Failure) [PSYoungGen: 72096K->1408K(72192K)] 346347K->275659K(808960K), 0.0039287 secs] [Times: user=0.01 sys=0.00, real=0.00 secs] 
912.604: [GC (Allocation Failure) [PSYoungGen: 72064K->1408K(72192K)] 346315K->275659K(808960K), 0.0034628 secs] [Times: user=0.01 sys=0.01, real=0.00 secs] 
913.344: [GC (Allocation Failure) [PSYoungGen: 72064K->1408K(72192K)] 346315K->275659K(808960K), 0.0033071 secs] [Times: user=0.01 sys=0.00, real=0.00 secs] 
913.733: [GC (Allocation Failure) [PSYoungGen: 72064K->1501K(72192K)] 346315K->275761K(808960K), 0.0019898 secs] [Times: user=0.01 sys=0.00, real=0.01 secs] 
913.876: [GC (Allocation Failure) [PSYoungGen: 72157K->1469K(72704K)] 346417K->275729K(809472K), 0.0014922 secs] [Times: user=0.01 sys=0.00, real=0.00 secs] 
914.001: [GC (Allocation Failure) [PSYoungGen: 72125K->1501K(72704K)] 346385K->275761K(809472K), 0.0014913 secs] [Times: user=0.01 sys=0.00, real=0.00 secs] 
914.210: [GC (Allocation Failure) [PSYoungGen: 72157K->1952K(72704K)] 346417K->276723K(809472K), 0.0018132 secs] [Times: user=0.01 sys=0.00, real=0.00 secs] 
914.874: [GC (Allocation Failure) [PSYoungGen: 72608K->1376K(72704K)] 347379K->276147K(809472K), 0.0019317 secs] [Times: user=0.00 sys=0.00, real=0.00 secs] 
915.214: [GC (Allocation Failure) [PSYoungGen: 72032K->1376K(72704K)] 346803K->276147K(809472K), 0.0019162 secs] [Times: user=0.01 sys=0.00, real=0.00 secs] 
915.512: [GC (Allocation Failure) [PSYoungGen: 72032K->1344K(72704K)] 346803K->276115K(809472K), 0.0025165 secs] [Times: user=0.01 sys=0.00, real=0.01 secs] 
915.845: [GC (Allocation Failure) [PSYoungGen: 72000K->1437K(72704K)] 346771K->276209K(809472K), 0.0020041 secs] [Times: user=0.01 sys=0.00, real=0.00 secs] 
915.985: [GC (Allocation Failure) [PSYoungGen: 72093K->1501K(72704K)] 346865K->276273K(809472K), 0.0016447 secs] [Times: user=0.00 sys=0.00, real=0.00 secs] 
916.110: [GC (Allocation Failure) [PSYoungGen: 72157K->1469K(72704K)] 346929K->276241K(809472K), 0.0014699 secs] [Times: user=0.00 sys=0.00, real=0.00 secs] 
916.236: [GC (Allocation Failure) [PSYoungGen: 72125K->1469K(72704K)] 346897K->276241K(809472K), 0.0016735 secs] [Times: user=0.01 sys=0.00, real=0.00 secs] 
916.474: [GC (Allocation Failure) [PSYoungGen: 72125K->1424K(72704K)] 346897K->276195K(809472K), 0.0017011 secs] [Times: user=0.01 sys=0.00, real=0.00 secs] 
916.767: [GC (Allocation Failure) [PSYoungGen: 72080K->1408K(72704K)] 346851K->276179K(809472K), 0.0017314 secs] [Times: user=0.00 sys=0.00, real=0.00 secs] 
917.061: [GC (Allocation Failure) [PSYoungGen: 72064K->1376K(72704K)] 346835K->276147K(809472K), 0.0016221 secs] [Times: user=0.01 sys=0.00, real=0.00 secs] 
917.361: [GC (Allocation Failure) [PSYoungGen: 72032K->1376K(72704K)] 346803K->276147K(809472K), 0.0018194 secs] [Times: user=0.01 sys=0.00, real=0.00 secs] 
917.637: [GC (Allocation Failure) [PSYoungGen: 72032K->1533K(72704K)] 346803K->276305K(809472K), 0.0018097 secs] [Times: user=0.01 sys=0.00, real=0.00 secs] 
917.773: [GC (Allocation Failure) [PSYoungGen: 72189K->1504K(72704K)] 346961K->276275K(809472K), 0.0015020 secs] [Times: user=0.01 sys=0.00, real=0.01 secs] 
917.899: [GC (Allocation Failure) [PSYoungGen: 72160K->1440K(72704K)] 346931K->276211K(809472K), 0.0015449 secs] [Times: user=0.01 sys=0.00, real=0.00 secs] 
918.044: [GC (Allocation Failure) [PSYoungGen: 72090K->1485K(72704K)] 346862K->276265K(809472K), 0.0018106 secs] [Times: user=0.01 sys=0.00, real=0.00 secs] 
919.091: [GC (Allocation Failure) [PSYoungGen: 72141K->1408K(72704K)] 346921K->276211K(809472K), 0.0021240 secs] [Times: user=0.01 sys=0.00, real=0.00 secs] 
919.420: [GC (Allocation Failure) [PSYoungGen: 72064K->1376K(72704K)] 346867K->276179K(809472K), 0.0017808 secs] [Times: user=0.00 sys=0.00, real=0.00 secs] 
919.733: [GC (Allocation Failure) [PSYoungGen: 72032K->1344K(72704K)] 346835K->276147K(809472K), 0.0017675 secs] [Times: user=0.01 sys=0.00, real=0.01 secs] 
920.034: [GC (Allocation Failure) [PSYoungGen: 72000K->1376K(72704K)] 346803K->276179K(809472K), 0.0017852 secs] [Times: user=0.00 sys=0.00, real=0.00 secs] 
920.259: [GC (Allocation Failure) [PSYoungGen: 72032K->1437K(72704K)] 346835K->276241K(809472K), 0.0017337 secs] [Times: user=0.00 sys=0.00, real=0.00 secs] 
920.384: [GC (Allocation Failure) [PSYoungGen: 72093K->1469K(72704K)] 346897K->276273K(809472K), 0.0015718 secs] [Times: user=0.01 sys=0.00, real=0.01 secs] 
920.509: [GC (Allocation Failure) [PSYoungGen: 72125K->1501K(72704K)] 346929K->276305K(809472K), 0.0014706 secs] [Times: user=0.00 sys=0.00, real=0.00 secs] 
921.419: [GC (Allocation Failure) [PSYoungGen: 72157K->1424K(72704K)] 346961K->276235K(809472K), 0.0035079 secs] [Times: user=0.01 sys=0.00, real=0.00 secs] 
922.266: [GC (Allocation Failure) [PSYoungGen: 72080K->1376K(72704K)] 346891K->276187K(809472K), 0.0023809 secs] [Times: user=0.01 sys=0.00, real=0.00 secs] 
922.952: [GC (Allocation Failure) [PSYoungGen: 72032K->1408K(72704K)] 346843K->276219K(809472K), 0.0031586 secs] [Times: user=0.01 sys=0.00, real=0.01 secs] 
923.764: [GC (Allocation Failure) [PSYoungGen: 72064K->1408K(72704K)] 346875K->276219K(809472K), 0.0031243 secs] [Times: user=0.01 sys=0.00, real=0.00 secs] 
924.339: [GC (Allocation Failure) [PSYoungGen: 72064K->1533K(72704K)] 346875K->276345K(809472K), 0.0021407 secs] [Times: user=0.01 sys=0.01, real=0.00 secs] 
924.557: [GC (Allocation Failure) [PSYoungGen: 72189K->1453K(72704K)] 347001K->276265K(809472K), 0.0020369 secs] [Times: user=0.01 sys=0.00, real=0.00 secs] 
924.705: [GC (Allocation Failure) [PSYoungGen: 72109K->1501K(72704K)] 346921K->276313K(809472K), 0.0016707 secs] [Times: user=0.01 sys=0.00, real=0.00 secs] 
924.850: [GC (Allocation Failure) [PSYoungGen: 72157K->1469K(72704K)] 346969K->276281K(809472K), 0.0017724 secs] [Times: user=0.01 sys=0.00, real=0.00 secs] 
925.724: [GC (Allocation Failure) [PSYoungGen: 72125K->1424K(72704K)] 346937K->276235K(809472K), 0.0043890 secs] [Times: user=0.01 sys=0.00, real=0.01 secs] 
926.798: [GC (Allocation Failure) [PSYoungGen: 72080K->1376K(72704K)] 346891K->276187K(809472K), 0.0039472 secs] [Times: user=0.02 sys=0.00, real=0.00 secs] 
928.028: [GC (Allocation Failure) [PSYoungGen: 72032K->1376K(72704K)] 346843K->276187K(809472K), 0.0040759 secs] [Times: user=0.01 sys=0.00, real=0.00 secs] 
928.977: [GC (Allocation Failure) [PSYoungGen: 72032K->1408K(72704K)] 346843K->276219K(809472K), 0.0029568 secs] [Times: user=0.02 sys=0.00, real=0.00 secs] 
929.334: [GC (Allocation Failure) [PSYoungGen: 72064K->1501K(72704K)] 346875K->276313K(809472K), 0.0019471 secs] [Times: user=0.01 sys=0.00, real=0.00 secs] 
929.477: [GC (Allocation Failure) [PSYoungGen: 72157K->1533K(72704K)] 346969K->276345K(809472K), 0.0016232 secs] [Times: user=0.01 sys=0.00, real=0.00 secs] 
929.603: [GC (Allocation Failure) [PSYoungGen: 72163K->1437K(72704K)] 346975K->276249K(809472K), 0.0016029 secs] [Times: user=0.01 sys=0.00, real=0.01 secs] 
929.728: [GC (Allocation Failure) [PSYoungGen: 72093K->1469K(72704K)] 346905K->276305K(809472K), 0.0015266 secs] [Times: user=0.01 sys=0.00, real=0.00 secs] 
931.177: [GC (Allocation Failure) [PSYoungGen: 72125K->1440K(72704K)] 346961K->276275K(809472K), 0.0031374 secs] [Times: user=0.01 sys=0.00, real=0.00 secs] 
932.158: [GC (Allocation Failure) [PSYoungGen: 72096K->1392K(72704K)] 346931K->276227K(809472K), 0.0037017 secs] [Times: user=0.01 sys=0.00, real=0.00 secs] 
933.043: [GC (Allocation Failure) [PSYoungGen: 72048K->1344K(72704K)] 346883K->276179K(809472K), 0.0034706 secs] [Times: user=0.01 sys=0.00, real=0.01 secs] 
933.795: [GC (Allocation Failure) [PSYoungGen: 72000K->1469K(72704K)] 346835K->276305K(809472K), 0.0021891 secs] [Times: user=0.01 sys=0.00, real=0.00 secs] 
933.970: [GC (Allocation Failure) [PSYoungGen: 72125K->1424K(72704K)] 346961K->276259K(809472K), 0.0014702 secs] [Times: user=0.01 sys=0.00, real=0.00 secs] 
934.095: [GC (Allocation Failure) [PSYoungGen: 72075K->1501K(72704K)] 346911K->276353K(809472K), 0.0016878 secs] [Times: user=0.00 sys=0.00, real=0.00 secs] 
934.240: [GC (Allocation Failure) [PSYoungGen: 72157K->1424K(72704K)] 347009K->276275K(809472K), 0.0018051 secs] [Times: user=0.01 sys=0.00, real=0.00 secs] 
934.482: [GC (Allocation Failure) [PSYoungGen: 72080K->1424K(72704K)] 346931K->276291K(809472K), 0.0018870 secs] [Times: user=0.01 sys=0.00, real=0.01 secs] 
934.851: [GC (Allocation Failure) [PSYoungGen: 72080K->1344K(72704K)] 346947K->276211K(809472K), 0.0017900 secs] [Times: user=0.01 sys=0.00, real=0.00 secs] 
935.402: [GC (Allocation Failure) [PSYoungGen: 72000K->1344K(72704K)] 346867K->276211K(809472K), 0.0020109 secs] [Times: user=0.01 sys=0.00, real=0.01 secs] 
935.696: [GC (Allocation Failure) [PSYoungGen: 72000K->1344K(72704K)] 346867K->276211K(809472K), 0.0018779 secs] [Times: user=0.01 sys=0.00, real=0.00 secs] 
936.003: [GC (Allocation Failure) [PSYoungGen: 72000K->1408K(72704K)] 346867K->276275K(809472K), 0.0014790 secs] [Times: user=0.01 sys=0.00, real=0.01 secs] 
936.129: [GC (Allocation Failure) [PSYoungGen: 72064K->1517K(72704K)] 346931K->276385K(809472K), 0.0016717 secs] [Times: user=0.01 sys=0.00, real=0.00 secs] 
936.260: [GC (Allocation Failure) [PSYoungGen: 72173K->1501K(72704K)] 347041K->276369K(809472K), 0.0015751 secs] [Times: user=0.01 sys=0.00, real=0.00 secs] 
936.385: [GC (Allocation Failure) [PSYoungGen: 72157K->1469K(72704K)] 347025K->276337K(809472K), 0.0016130 secs] [Times: user=0.00 sys=0.00, real=0.00 secs] 
936.680: [GC (Allocation Failure) [PSYoungGen: 72125K->1440K(72704K)] 346993K->276315K(809472K), 0.0018263 secs] [Times: user=0.00 sys=0.00, real=0.00 secs] 
936.973: [GC (Allocation Failure) [PSYoungGen: 72096K->1376K(72704K)] 346971K->276251K(809472K), 0.0016286 secs] [Times: user=0.00 sys=0.00, real=0.01 secs] 
937.266: [GC (Allocation Failure) [PSYoungGen: 72032K->1408K(72704K)] 346907K->276283K(809472K), 0.0016780 secs] [Times: user=0.00 sys=0.00, real=0.00 secs] 
937.606: [GC (Allocation Failure) [PSYoungGen: 72064K->1376K(72704K)] 346939K->276251K(809472K), 0.0016236 secs] [Times: user=0.00 sys=0.00, real=0.00 secs] 
937.844: [GC (Allocation Failure) [PSYoungGen: 72032K->1456K(72704K)] 346907K->276331K(809472K), 0.0015389 secs] [Times: user=0.01 sys=0.00, real=0.01 secs] 
937.989: [GC (Allocation Failure) [PSYoungGen: 72112K->1501K(72704K)] 346987K->276377K(809472K), 0.0017675 secs] [Times: user=0.01 sys=0.00, real=0.00 secs] 
938.143: [GC (Allocation Failure) [PSYoungGen: 72157K->1469K(72704K)] 347033K->276345K(809472K), 0.0017016 secs] [Times: user=0.01 sys=0.00, real=0.01 secs] 
938.515: [GC (Allocation Failure) [PSYoungGen: 72125K->1952K(72704K)] 347001K->276827K(809472K), 0.0022246 secs] [Times: user=0.01 sys=0.00, real=0.00 secs] 
939.242: [GC (Allocation Failure) [PSYoungGen: 72608K->1344K(72704K)] 347483K->276235K(809472K), 0.0025109 secs] [Times: user=0.01 sys=0.00, real=0.01 secs] 
939.551: [GC (Allocation Failure) [PSYoungGen: 72000K->1408K(72704K)] 346891K->276299K(809472K), 0.0019463 secs] [Times: user=0.01 sys=0.00, real=0.00 secs] 
939.845: [GC (Allocation Failure) [PSYoungGen: 72064K->1376K(72704K)] 346955K->276267K(809472K), 0.0020976 secs] [Times: user=0.01 sys=0.00, real=0.00 secs] 
940.245: [GC (Allocation Failure) [PSYoungGen: 72032K->1469K(72704K)] 346923K->276361K(809472K), 0.0022606 secs] [Times: user=0.01 sys=0.00, real=0.00 secs] 
940.406: [GC (Allocation Failure) [PSYoungGen: 72125K->1456K(72704K)] 347017K->276347K(809472K), 0.0016141 secs] [Times: user=0.01 sys=0.00, real=0.00 secs] 
940.533: [GC (Allocation Failure) [PSYoungGen: 72112K->1469K(72704K)] 347003K->276361K(809472K), 0.0014441 secs] [Times: user=0.00 sys=0.00, real=0.01 secs] 
940.656: [GC (Allocation Failure) [PSYoungGen: 72125K->1501K(72704K)] 347017K->276393K(809472K), 0.0014928 secs] [Times: user=0.01 sys=0.00, real=0.00 secs] 
941.199: [GC (Allocation Failure) [PSYoungGen: 72157K->1440K(72704K)] 347049K->276331K(809472K), 0.0018439 secs] [Times: user=0.01 sys=0.00, real=0.00 secs] 
941.743: [GC (Allocation Failure) [PSYoungGen: 72096K->1376K(72704K)] 346987K->276267K(809472K), 0.0046080 secs] [Times: user=0.02 sys=0.00, real=0.01 secs] 
942.039: [GC (Allocation Failure) [PSYoungGen: 72032K->1408K(72704K)] 346923K->276299K(809472K), 0.0019244 secs] [Times: user=0.01 sys=0.00, real=0.00 secs] 
942.333: [GC (Allocation Failure) [PSYoungGen: 72064K->1312K(72704K)] 346955K->276203K(809472K), 0.0018910 secs] [Times: user=0.01 sys=0.00, real=0.01 secs] 
942.568: [GC (Allocation Failure) [PSYoungGen: 71968K->1469K(72704K)] 346859K->276361K(809472K), 0.0016046 secs] [Times: user=0.00 sys=0.00, real=0.00 secs] 
942.693: [GC (Allocation Failure) [PSYoungGen: 72125K->1504K(72704K)] 347017K->276395K(809472K), 0.0015821 secs] [Times: user=0.01 sys=0.00, real=0.01 secs] 
942.818: [GC (Allocation Failure) [PSYoungGen: 72160K->1469K(72704K)] 347051K->276361K(809472K), 0.0016374 secs] [Times: user=0.01 sys=0.00, real=0.00 secs] 
942.963: [GC (Allocation Failure) [PSYoungGen: 72123K->1533K(72704K)] 347014K->276441K(809472K), 0.0018096 secs] [Times: user=0.01 sys=0.00, real=0.01 secs] 
944.437: [GC (Allocation Failure) [PSYoungGen: 72189K->1408K(72192K)] 347097K->276315K(808960K), 0.0028235 secs] [Times: user=0.01 sys=0.00, real=0.00 secs] 
945.360: [GC (Allocation Failure) [PSYoungGen: 72064K->1408K(72192K)] 346971K->276315K(808960K), 0.0028903 secs] [Times: user=0.01 sys=0.01, real=0.00 secs] 
946.058: [GC (Allocation Failure) [PSYoungGen: 72064K->1376K(72192K)] 346971K->276283K(808960K), 0.0047019 secs] [Times: user=0.02 sys=0.00, real=0.00 secs] 
946.877: [GC (Allocation Failure) [PSYoungGen: 72032K->1376K(72192K)] 346939K->276283K(808960K), 0.0026154 secs] [Times: user=0.01 sys=0.00, real=0.00 secs] 
947.283: [GC (Allocation Failure) [PSYoungGen: 72032K->1485K(72192K)] 346939K->276393K(808960K), 0.0025416 secs] [Times: user=0.01 sys=0.00, real=0.01 secs] 
947.420: [GC (Allocation Failure) [PSYoungGen: 72141K->1501K(72192K)] 347049K->276409K(808960K), 0.0017444 secs] [Times: user=0.01 sys=0.00, real=0.00 secs] 
947.547: [GC (Allocation Failure) [PSYoungGen: 72157K->1469K(72192K)] 347065K->276377K(808960K), 0.0016524 secs] [Times: user=0.01 sys=0.00, real=0.00 secs] 
947.856: [GC (Allocation Failure) [PSYoungGen: 72125K->1472K(72192K)] 347033K->276379K(808960K), 0.0021432 secs] [Times: user=0.01 sys=0.00, real=0.00 secs] 
948.266: [GC (Allocation Failure) [PSYoungGen: 72128K->1408K(72192K)] 347035K->276315K(808960K), 0.0016965 secs] [Times: user=0.00 sys=0.00, real=0.00 secs] 
948.693: [GC (Allocation Failure) [PSYoungGen: 72064K->1312K(72192K)] 346971K->276219K(808960K), 0.0022198 secs] [Times: user=0.00 sys=0.00, real=0.01 secs] 
949.269: [GC (Allocation Failure) [PSYoungGen: 71968K->1408K(72192K)] 346875K->276315K(808960K), 0.0030990 secs] [Times: user=0.01 sys=0.00, real=0.00 secs] 
949.865: [GC (Allocation Failure) [PSYoungGen: 72064K->1469K(72192K)] 346971K->276377K(808960K), 0.0021642 secs] [Times: user=0.01 sys=0.00, real=0.00 secs] 
950.011: [GC (Allocation Failure) [PSYoungGen: 72125K->1501K(72192K)] 347033K->276409K(808960K), 0.0014875 secs] [Times: user=0.01 sys=0.00, real=0.00 secs] 
950.136: [GC (Allocation Failure) [PSYoungGen: 72157K->1501K(72704K)] 347065K->276409K(809472K), 0.0016408 secs] [Times: user=0.00 sys=0.00, real=0.00 secs] 
950.278: [GC (Allocation Failure) [PSYoungGen: 72157K->1453K(72704K)] 347065K->276361K(809472K), 0.0019051 secs] [Times: user=0.01 sys=0.00, real=0.00 secs] 
951.148: [GC (Allocation Failure) [PSYoungGen: 72109K->1456K(72704K)] 347017K->276363K(809472K), 0.0032466 secs] [Times: user=0.01 sys=0.00, real=0.00 secs] 
951.863: [GC (Allocation Failure) [PSYoungGen: 72112K->1408K(72704K)] 347019K->276331K(809472K), 0.0023398 secs] [Times: user=0.01 sys=0.00, real=0.01 secs] 
952.658: [GC (Allocation Failure) [PSYoungGen: 72064K->1408K(72704K)] 346987K->276331K(809472K), 0.0036243 secs] [Times: user=0.02 sys=0.00, real=0.00 secs] 
953.744: [GC (Allocation Failure) [PSYoungGen: 72064K->1408K(72704K)] 346987K->276331K(809472K), 0.0033795 secs] [Times: user=0.01 sys=0.00, real=0.00 secs] 
954.397: [GC (Allocation Failure) [PSYoungGen: 72064K->1533K(72704K)] 346987K->276457K(809472K), 0.0022064 secs] [Times: user=0.01 sys=0.00, real=0.00 secs] 
954.545: [GC (Allocation Failure) [PSYoungGen: 72189K->1536K(72704K)] 347113K->276459K(809472K), 0.0015699 secs] [Times: user=0.01 sys=0.00, real=0.00 secs] 
954.670: [GC (Allocation Failure) [PSYoungGen: 72166K->1501K(72704K)] 347090K->276425K(809472K), 0.0015889 secs] [Times: user=0.01 sys=0.00, real=0.00 secs] 
955.029: [GC (Allocation Failure) [PSYoungGen: 72157K->1536K(72704K)] 347081K->276459K(809472K), 0.0020452 secs] [Times: user=0.01 sys=0.00, real=0.00 secs] 
955.489: [GC (Allocation Failure) [PSYoungGen: 72192K->1408K(72704K)] 347115K->276331K(809472K), 0.0019135 secs] [Times: user=0.01 sys=0.00, real=0.00 secs] 
955.809: [GC (Allocation Failure) [PSYoungGen: 72064K->1312K(72704K)] 346987K->276235K(809472K), 0.0017933 secs] [Times: user=0.00 sys=0.00, real=0.00 secs] 
956.153: [GC (Allocation Failure) [PSYoungGen: 71968K->1408K(72704K)] 346891K->276331K(809472K), 0.0021178 secs] [Times: user=0.01 sys=0.00, real=0.01 secs] 
956.853: [GC (Allocation Failure) [PSYoungGen: 72064K->1501K(72704K)] 346987K->276425K(809472K), 0.0022663 secs] [Times: user=0.01 sys=0.00, real=0.01 secs] 
957.019: [GC (Allocation Failure) [PSYoungGen: 72157K->1501K(72704K)] 347081K->276425K(809472K), 0.0015784 secs] [Times: user=0.01 sys=0.00, real=0.00 secs] 
957.145: [GC (Allocation Failure) [PSYoungGen: 72157K->1488K(72704K)] 347081K->276411K(809472K), 0.0016550 secs] [Times: user=0.00 sys=0.00, real=0.00 secs] 
957.270: [GC (Allocation Failure) [PSYoungGen: 72144K->1469K(72704K)] 347067K->276393K(809472K), 0.0016024 secs] [Times: user=0.01 sys=0.00, real=0.00 secs] 
957.918: [GC (Allocation Failure) [PSYoungGen: 72125K->1424K(72704K)] 347049K->276363K(809472K), 0.0022777 secs] [Times: user=0.01 sys=0.00, real=0.00 secs] 
959.027: [GC (Allocation Failure) [PSYoungGen: 72080K->1376K(72704K)] 347019K->276315K(809472K), 0.0037354 secs] [Times: user=0.02 sys=0.00, real=0.00 secs] 
960.130: [GC (Allocation Failure) [PSYoungGen: 72032K->1344K(72704K)] 346971K->276283K(809472K), 0.0038231 secs] [Times: user=0.01 sys=0.00, real=0.00 secs] 
961.259: [GC (Allocation Failure) [PSYoungGen: 72000K->1376K(72704K)] 346939K->276315K(809472K), 0.0026862 secs] [Times: user=0.01 sys=0.00, real=0.00 secs] 
962.111: [GC (Allocation Failure) [PSYoungGen: 72032K->1501K(72704K)] 346971K->276441K(809472K), 0.0023072 secs] [Times: user=0.01 sys=0.00, real=0.00 secs] 
962.270: [GC (Allocation Failure) [PSYoungGen: 72157K->1501K(72704K)] 347097K->276441K(809472K), 0.0017525 secs] [Times: user=0.01 sys=0.00, real=0.00 secs] 
962.395: [GC (Allocation Failure) [PSYoungGen: 72157K->1501K(72704K)] 347097K->276457K(809472K), 0.0017098 secs] [Times: user=0.00 sys=0.00, real=0.00 secs] 
962.518: [GC (Allocation Failure) [PSYoungGen: 72157K->1469K(72704K)] 347113K->276433K(809472K), 0.0016160 secs] [Times: user=0.01 sys=0.00, real=0.00 secs] 
963.235: [GC (Allocation Failure) [PSYoungGen: 72125K->1440K(72704K)] 347089K->276403K(809472K), 0.0019262 secs] [Times: user=0.01 sys=0.00, real=0.00 secs] 
963.609: [GC (Allocation Failure) [PSYoungGen: 72096K->1376K(72704K)] 347059K->276339K(809472K), 0.0020708 secs] [Times: user=0.01 sys=0.00, real=0.00 secs] 
963.902: [GC (Allocation Failure) [PSYoungGen: 72032K->1408K(72704K)] 346995K->276371K(809472K), 0.0020299 secs] [Times: user=0.01 sys=0.00, real=0.01 secs] 
964.195: [GC (Allocation Failure) [PSYoungGen: 72064K->1344K(72704K)] 347027K->276307K(809472K), 0.0019757 secs] [Times: user=0.01 sys=0.00, real=0.00 secs] 
964.385: [GC (Allocation Failure) [PSYoungGen: 72000K->1501K(72704K)] 346963K->276465K(809472K), 0.0016955 secs] [Times: user=0.01 sys=0.00, real=0.00 secs] 
964.510: [GC (Allocation Failure) [PSYoungGen: 72157K->1469K(72704K)] 347121K->276433K(809472K), 0.0016388 secs] [Times: user=0.01 sys=0.00, real=0.00 secs] 
964.636: [GC (Allocation Failure) [PSYoungGen: 72125K->1501K(72704K)] 347089K->276465K(809472K), 0.0015858 secs] [Times: user=0.01 sys=0.00, real=0.00 secs] 
964.818: [GC (Allocation Failure) [PSYoungGen: 72157K->1472K(72704K)] 347121K->276443K(809472K), 0.0018207 secs] [Times: user=0.01 sys=0.00, real=0.00 secs] 
965.111: [GC (Allocation Failure) [PSYoungGen: 72128K->1376K(72704K)] 347099K->276347K(809472K), 0.0016952 secs] [Times: user=0.01 sys=0.00, real=0.00 secs] 
965.403: [GC (Allocation Failure) [PSYoungGen: 72032K->1376K(72704K)] 347003K->276347K(809472K), 0.0017080 secs] [Times: user=0.00 sys=0.00, real=0.01 secs] 
965.696: [GC (Allocation Failure) [PSYoungGen: 72032K->1376K(72704K)] 347003K->276347K(809472K), 0.0016752 secs] [Times: user=0.01 sys=0.00, real=0.00 secs] 
965.991: [GC (Allocation Failure) [PSYoungGen: 72032K->1488K(72704K)] 347003K->276467K(809472K), 0.0014204 secs] [Times: user=0.01 sys=0.00, real=0.00 secs] 
966.137: [GC (Allocation Failure) [PSYoungGen: 72144K->1469K(72704K)] 347123K->276449K(809472K), 0.0017762 secs] [Times: user=0.00 sys=0.00, real=0.00 secs] 
966.295: [GC (Allocation Failure) [PSYoungGen: 72125K->1437K(72704K)] 347105K->276417K(809472K), 0.0017681 secs] [Times: user=0.01 sys=0.00, real=0.00 secs] 
966.457: [GC (Allocation Failure) [PSYoungGen: 72093K->1501K(72704K)] 347073K->276481K(809472K), 0.0016956 secs] [Times: user=0.01 sys=0.00, real=0.00 secs] 
967.017: [GC (Allocation Failure) [PSYoungGen: 72157K->1424K(72704K)] 347137K->276403K(809472K), 0.0031190 secs] [Times: user=0.02 sys=0.00, real=0.00 secs] 
967.855: [GC (Allocation Failure) [PSYoungGen: 72080K->1408K(72704K)] 347059K->276387K(809472K), 0.0023040 secs] [Times: user=0.01 sys=0.00, real=0.00 secs] 
968.566: [GC (Allocation Failure) [PSYoungGen: 72064K->1376K(72704K)] 347043K->276355K(809472K), 0.0021970 secs] [Times: user=0.01 sys=0.00, real=0.00 secs] 
969.522: [GC (Allocation Failure) [PSYoungGen: 72032K->1376K(72704K)] 347011K->276355K(809472K), 0.0026822 secs] [Times: user=0.01 sys=0.00, real=0.01 secs] 
971.570: [GC (Allocation Failure) [PSYoungGen: 72032K->1501K(72704K)] 347011K->276481K(809472K), 0.0021952 secs] [Times: user=0.01 sys=0.00, real=0.00 secs] 
971.767: [GC (Allocation Failure) [PSYoungGen: 72157K->1485K(72704K)] 347137K->276465K(809472K), 0.0021273 secs] [Times: user=0.00 sys=0.00, real=0.00 secs] 
971.921: [GC (Allocation Failure) [PSYoungGen: 72141K->1469K(72704K)] 347121K->276465K(809472K), 0.0015583 secs] [Times: user=0.00 sys=0.00, real=0.00 secs] 
972.047: [GC (Allocation Failure) [PSYoungGen: 72125K->1536K(72704K)] 347121K->276547K(809472K), 0.0015968 secs] [Times: user=0.01 sys=0.00, real=0.00 secs] 
972.780: [GC (Allocation Failure) [PSYoungGen: 72192K->1440K(72704K)] 347203K->276451K(809472K), 0.0029594 secs] [Times: user=0.01 sys=0.00, real=0.00 secs] 
973.068: [GC (Allocation Failure) [PSYoungGen: 72096K->1376K(72704K)] 347107K->276387K(809472K), 0.0019806 secs] [Times: user=0.01 sys=0.00, real=0.00 secs] 
973.363: [GC (Allocation Failure) [PSYoungGen: 72032K->1344K(72704K)] 347043K->276355K(809472K), 0.0019352 secs] [Times: user=0.01 sys=0.00, real=0.01 secs] 
973.656: [GC (Allocation Failure) [PSYoungGen: 72000K->1376K(72704K)] 347011K->276387K(809472K), 0.0019045 secs] [Times: user=0.00 sys=0.00, real=0.00 secs] 
973.808: [GC (Allocation Failure) [PSYoungGen: 72032K->1469K(72704K)] 347043K->276481K(809472K), 0.0015468 secs] [Times: user=0.00 sys=0.00, real=0.00 secs] 
973.954: [GC (Allocation Failure) [PSYoungGen: 72125K->1424K(72704K)] 347137K->276435K(809472K), 0.0018049 secs] [Times: user=0.01 sys=0.00, real=0.00 secs] 
974.114: [GC (Allocation Failure) [PSYoungGen: 72080K->1536K(72704K)] 347091K->276547K(809472K), 0.0016667 secs] [Times: user=0.01 sys=0.00, real=0.00 secs] 
976.682: [GC (Allocation Failure) [PSYoungGen: 72192K->1456K(72704K)] 347203K->276467K(809472K), 0.0034050 secs] [Times: user=0.02 sys=0.00, real=0.01 secs] 
978.245: [GC (Allocation Failure) [PSYoungGen: 72112K->1376K(72704K)] 347123K->276387K(809472K), 0.0025733 secs] [Times: user=0.01 sys=0.00, real=0.00 secs] 
979.135: [GC (Allocation Failure) [PSYoungGen: 72032K->1408K(72704K)] 347043K->276427K(809472K), 0.0031446 secs] [Times: user=0.01 sys=0.00, real=0.00 secs] 
979.984: [GC (Allocation Failure) [PSYoungGen: 72064K->1408K(72704K)] 347083K->276435K(809472K), 0.0036142 secs] [Times: user=0.01 sys=0.00, real=0.00 secs] 
980.762: [GC (Allocation Failure) [PSYoungGen: 72064K->1437K(72704K)] 347091K->276465K(809472K), 0.0022080 secs] [Times: user=0.01 sys=0.00, real=0.01 secs] 
980.923: [GC (Allocation Failure) [PSYoungGen: 72093K->1501K(72704K)] 347121K->276529K(809472K), 0.0015362 secs] [Times: user=0.00 sys=0.00, real=0.01 secs] 
981.049: [GC (Allocation Failure) [PSYoungGen: 72157K->1469K(72704K)] 347185K->276497K(809472K), 0.0015764 secs] [Times: user=0.01 sys=0.00, real=0.00 secs] 
981.173: [GC (Allocation Failure) [PSYoungGen: 72125K->1501K(72704K)] 347153K->276529K(809472K), 0.0015449 secs] [Times: user=0.00 sys=0.00, real=0.01 secs] 
982.444: [GC (Allocation Failure) [PSYoungGen: 72157K->1408K(72704K)] 347185K->276443K(809472K), 0.0026469 secs] [Times: user=0.01 sys=0.00, real=0.00 secs] 
983.155: [GC (Allocation Failure) [PSYoungGen: 72064K->1344K(72704K)] 347099K->276379K(809472K), 0.0034173 secs] [Times: user=0.01 sys=0.00, real=0.00 secs] 
983.814: [GC (Allocation Failure) [PSYoungGen: 72000K->1376K(72704K)] 347035K->276411K(809472K), 0.0029321 secs] [Times: user=0.02 sys=0.00, real=0.00 secs] 
984.443: [GC (Allocation Failure) [PSYoungGen: 72032K->1376K(72704K)] 347067K->276411K(809472K), 0.0028899 secs] [Times: user=0.01 sys=0.00, real=0.01 secs] 
984.852: [GC (Allocation Failure) [PSYoungGen: 72032K->1501K(72704K)] 347067K->276537K(809472K), 0.0020088 secs] [Times: user=0.01 sys=0.00, real=0.01 secs] 
984.989: [GC (Allocation Failure) [PSYoungGen: 72157K->1488K(72704K)] 347193K->276523K(809472K), 0.0015671 secs] [Times: user=0.00 sys=0.00, real=0.00 secs] 
985.134: [GC (Allocation Failure) [PSYoungGen: 72144K->1469K(72704K)] 347179K->276505K(809472K), 0.0017209 secs] [Times: user=0.01 sys=0.00, real=0.00 secs] 
985.420: [GC (Allocation Failure) [PSYoungGen: 72125K->1952K(72704K)] 347161K->277003K(809472K), 0.0019259 secs] [Times: user=0.01 sys=0.00, real=0.00 secs] 
986.148: [GC (Allocation Failure) [PSYoungGen: 72608K->1344K(72704K)] 347659K->276395K(809472K), 0.0024070 secs] [Times: user=0.01 sys=0.00, real=0.00 secs] 
986.676: [GC (Allocation Failure) [PSYoungGen: 72000K->1344K(72704K)] 347051K->276395K(809472K), 0.0026873 secs] [Times: user=0.01 sys=0.00, real=0.00 secs] 
987.416: [GC (Allocation Failure) [PSYoungGen: 72000K->1376K(72704K)] 347051K->276427K(809472K), 0.0031737 secs] [Times: user=0.01 sys=0.01, real=0.00 secs] 
988.363: [GC (Allocation Failure) [PSYoungGen: 72032K->1469K(72704K)] 347083K->276521K(809472K), 0.0034375 secs] [Times: user=0.01 sys=0.00, real=0.01 secs] 
988.588: [GC (Allocation Failure) [PSYoungGen: 72125K->1469K(72704K)] 347177K->276521K(809472K), 0.0018340 secs] [Times: user=0.01 sys=0.00, real=0.00 secs] 
988.714: [GC (Allocation Failure) [PSYoungGen: 72125K->1501K(72704K)] 347177K->276553K(809472K), 0.0015327 secs] [Times: user=0.01 sys=0.00, real=0.00 secs] 
988.839: [GC (Allocation Failure) [PSYoungGen: 72157K->1469K(72704K)] 347209K->276521K(809472K), 0.0016278 secs] [Times: user=0.01 sys=0.00, real=0.00 secs] 
990.090: [GC (Allocation Failure) [PSYoungGen: 72125K->1440K(72704K)] 347177K->276491K(809472K), 0.0022672 secs] [Times: user=0.01 sys=0.00, real=0.00 secs] 
990.970: [GC (Allocation Failure) [PSYoungGen: 72096K->1344K(72704K)] 347147K->276395K(809472K), 0.0023049 secs] [Times: user=0.01 sys=0.00, real=0.00 secs] 
991.841: [GC (Allocation Failure) [PSYoungGen: 72000K->1408K(72704K)] 347051K->276459K(809472K), 0.0019639 secs] [Times: user=0.01 sys=0.00, real=0.00 secs] 
992.480: [GC (Allocation Failure) [PSYoungGen: 72064K->1376K(72704K)] 347115K->276427K(809472K), 0.0021739 secs] [Times: user=0.01 sys=0.00, real=0.00 secs] 
993.045: [GC (Allocation Failure) [PSYoungGen: 72032K->1469K(72704K)] 347083K->276545K(809472K), 0.0019362 secs] [Times: user=0.01 sys=0.00, real=0.00 secs] 
993.175: [GC (Allocation Failure) [PSYoungGen: 72125K->1456K(72704K)] 347201K->276531K(809472K), 0.0016501 secs] [Times: user=0.01 sys=0.00, real=0.00 secs] 
993.299: [GC (Allocation Failure) [PSYoungGen: 72112K->1504K(72704K)] 347187K->276579K(809472K), 0.0016049 secs] [Times: user=0.00 sys=0.00, real=0.00 secs] 
993.425: [GC (Allocation Failure) [PSYoungGen: 72160K->1501K(72704K)] 347235K->276593K(809472K), 0.0016625 secs] [Times: user=0.00 sys=0.00, real=0.00 secs] 
993.805: [GC (Allocation Failure) [PSYoungGen: 72157K->1392K(72704K)] 347249K->276483K(809472K), 0.0017647 secs] [Times: user=0.00 sys=0.00, real=0.00 secs] 
994.099: [GC (Allocation Failure) [PSYoungGen: 72048K->1376K(72704K)] 347139K->276467K(809472K), 0.0018234 secs] [Times: user=0.01 sys=0.00, real=0.00 secs] 
994.392: [GC (Allocation Failure) [PSYoungGen: 72032K->1376K(72704K)] 347123K->276467K(809472K), 0.0020079 secs] [Times: user=0.00 sys=0.00, real=0.01 secs] 
994.686: [GC (Allocation Failure) [PSYoungGen: 72032K->1376K(72704K)] 347123K->276467K(809472K), 0.0019973 secs] [Times: user=0.01 sys=0.00, real=0.00 secs] 
994.989: [GC (Allocation Failure) [PSYoungGen: 72032K->1469K(72704K)] 347123K->276561K(809472K), 0.0016144 secs] [Times: user=0.01 sys=0.00, real=0.00 secs] 
995.115: [GC (Allocation Failure) [PSYoungGen: 72125K->1469K(72704K)] 347217K->276561K(809472K), 0.0015540 secs] [Times: user=0.00 sys=0.00, real=0.00 secs] 
995.260: [GC (Allocation Failure) [PSYoungGen: 72125K->1501K(72704K)] 347217K->276593K(809472K), 0.0017470 secs] [Times: user=0.01 sys=0.00, real=0.00 secs] 
995.582: [GC (Allocation Failure) [PSYoungGen: 72157K->1440K(72704K)] 347249K->276539K(809472K), 0.0021295 secs] [Times: user=0.00 sys=0.00, real=0.00 secs] 
995.876: [GC (Allocation Failure) [PSYoungGen: 72096K->1344K(72704K)] 347195K->276443K(809472K), 0.0020380 secs] [Times: user=0.01 sys=0.00, real=0.00 secs] 
996.169: [GC (Allocation Failure) [PSYoungGen: 72000K->1376K(72704K)] 347099K->276475K(809472K), 0.0018335 secs] [Times: user=0.00 sys=0.00, real=0.00 secs] 
996.714: [GC (Allocation Failure) [PSYoungGen: 72032K->1312K(72704K)] 347131K->276411K(809472K), 0.0021156 secs] [Times: user=0.01 sys=0.00, real=0.00 secs] 
997.272: [GC (Allocation Failure) [PSYoungGen: 71968K->1501K(72704K)] 347067K->276601K(809472K), 0.0020088 secs] [Times: user=0.01 sys=0.00, real=0.01 secs] 
997.409: [GC (Allocation Failure) [PSYoungGen: 72157K->1469K(72704K)] 347257K->276569K(809472K), 0.0016423 secs] [Times: user=0.00 sys=0.00, real=0.00 secs] 
997.535: [GC (Allocation Failure) [PSYoungGen: 72125K->1469K(72704K)] 347225K->276569K(809472K), 0.0016202 secs] [Times: user=0.01 sys=0.00, real=0.00 secs] 
997.663: [GC (Allocation Failure) [PSYoungGen: 72125K->1488K(72704K)] 347225K->276587K(809472K), 0.0019147 secs] [Times: user=0.01 sys=0.00, real=0.01 secs] 
998.235: [GC (Allocation Failure) [PSYoungGen: 72144K->1408K(72192K)] 347243K->276507K(808960K), 0.0022773 secs] [Times: user=0.01 sys=0.00, real=0.00 secs] 
998.625: [GC (Allocation Failure) [PSYoungGen: 72064K->1376K(72192K)] 347163K->276475K(808960K), 0.0021926 secs] [Times: user=0.01 sys=0.00, real=0.00 secs] 
998.919: [GC (Allocation Failure) [PSYoungGen: 72032K->1408K(72192K)] 347131K->276507K(808960K), 0.0018736 secs] [Times: user=0.01 sys=0.00, real=0.00 secs] 
999.212: [GC (Allocation Failure) [PSYoungGen: 72064K->1408K(72192K)] 347163K->276515K(808960K), 0.0018419 secs] [Times: user=0.01 sys=0.00, real=0.01 secs] 
999.478: [GC (Allocation Failure) [PSYoungGen: 72064K->1456K(72192K)] 347171K->276563K(808960K), 0.0016246 secs] [Times: user=0.01 sys=0.00, real=0.00 secs] 
999.602: [GC (Allocation Failure) [PSYoungGen: 72112K->1565K(72704K)] 347219K->276673K(809472K), 0.0017135 secs] [Times: user=0.01 sys=0.00, real=0.01 secs] 
999.726: [GC (Allocation Failure) [PSYoungGen: 72221K->445K(71168K)] 347329K->276577K(807936K), 0.0017334 secs] [Times: user=0.01 sys=0.00, real=0.00 secs] 
999.852: [GC (Allocation Failure) [PSYoungGen: 71101K->192K(75264K)] 347233K->276331K(812032K), 0.0015663 secs] [Times: user=0.01 sys=0.00, real=0.01 secs] 
1000.270: [GC (Allocation Failure) [PSYoungGen: 73408K->1376K(74240K)] 349547K->277515K(811008K), 0.0019119 secs] [Times: user=0.01 sys=0.00, real=0.00 secs] 
1000.600: [GC (Allocation Failure) [PSYoungGen: 74080K->1376K(73728K)] 350219K->277515K(810496K), 0.0020888 secs] [Times: user=0.01 sys=0.01, real=0.00 secs] 
1000.985: [GC (Allocation Failure) [PSYoungGen: 73568K->1312K(73216K)] 349707K->277451K(809984K), 0.0019915 secs] [Times: user=0.00 sys=0.00, real=0.00 secs] 
1001.443: [GC (Allocation Failure) [PSYoungGen: 72992K->1437K(72704K)] 349131K->277577K(809472K), 0.0021260 secs] [Times: user=0.01 sys=0.00, real=0.01 secs] 
1001.590: [GC (Allocation Failure) [PSYoungGen: 72605K->1440K(72192K)] 348745K->277579K(808960K), 0.0015775 secs] [Times: user=0.00 sys=0.00, real=0.00 secs] 
1001.714: [GC (Allocation Failure) [PSYoungGen: 72096K->1469K(72192K)] 348235K->277609K(808960K), 0.0016963 secs] [Times: user=0.00 sys=0.00, real=0.00 secs] 
1001.839: [GC (Allocation Failure) [PSYoungGen: 72125K->1469K(72192K)] 348265K->277609K(808960K), 0.0015169 secs] [Times: user=0.01 sys=0.00, real=0.00 secs] 
1002.183: [GC (Allocation Failure) [PSYoungGen: 72125K->1472K(72192K)] 348265K->277611K(808960K), 0.0022372 secs] [Times: user=0.01 sys=0.00, real=0.01 secs] 
1002.513: [GC (Allocation Failure) [PSYoungGen: 72128K->1376K(72192K)] 348267K->277515K(808960K), 0.0021582 secs] [Times: user=0.01 sys=0.00, real=0.01 secs] 
1002.807: [GC (Allocation Failure) [PSYoungGen: 72032K->1376K(72192K)] 348171K->277515K(808960K), 0.0021077 secs] [Times: user=0.01 sys=0.00, real=0.00 secs] 
1003.243: [GC (Allocation Failure) [PSYoungGen: 72032K->1408K(72192K)] 348171K->277547K(808960K), 0.0020961 secs] [Times: user=0.01 sys=0.00, real=0.01 secs] 
1003.564: [GC (Allocation Failure) [PSYoungGen: 72064K->1440K(72192K)] 348203K->277579K(808960K), 0.0014812 secs] [Times: user=0.00 sys=0.00, real=0.00 secs] 
1003.689: [GC (Allocation Failure) [PSYoungGen: 72096K->1456K(72192K)] 348235K->277595K(808960K), 0.0015463 secs] [Times: user=0.00 sys=0.00, real=0.00 secs] 
1003.813: [GC (Allocation Failure) [PSYoungGen: 72107K->1469K(72704K)] 348247K->277609K(809472K), 0.0014688 secs] [Times: user=0.01 sys=0.00, real=0.01 secs] 
1003.938: [GC (Allocation Failure) [PSYoungGen: 72125K->1469K(72704K)] 348265K->277609K(809472K), 0.0018080 secs] [Times: user=0.00 sys=0.00, real=0.00 secs] 
1005.288: [GC (Allocation Failure) [PSYoungGen: 72125K->1424K(72704K)] 348265K->277563K(809472K), 0.0028585 secs] [Times: user=0.00 sys=0.00, real=0.00 secs] 
1006.313: [GC (Allocation Failure) [PSYoungGen: 72080K->1376K(72704K)] 348219K->277515K(809472K), 0.0029096 secs] [Times: user=0.02 sys=0.00, real=0.01 secs] 
1007.029: [GC (Allocation Failure) [PSYoungGen: 72032K->1408K(72704K)] 348171K->277547K(809472K), 0.0023087 secs] [Times: user=0.01 sys=0.00, real=0.00 secs] 
1007.939: [GC (Allocation Failure) [PSYoungGen: 72064K->1376K(72704K)] 348203K->277515K(809472K), 0.0048242 secs] [Times: user=0.02 sys=0.00, real=0.01 secs] 
1008.311: [GC (Allocation Failure) [PSYoungGen: 72032K->1533K(72704K)] 348171K->277673K(809472K), 0.0020345 secs] [Times: user=0.01 sys=0.00, real=0.00 secs] 
1008.448: [GC (Allocation Failure) [PSYoungGen: 72189K->1501K(72704K)] 348329K->277641K(809472K), 0.0016530 secs] [Times: user=0.00 sys=0.00, real=0.00 secs] 
1008.573: [GC (Allocation Failure) [PSYoungGen: 72157K->1469K(72704K)] 348297K->277609K(809472K), 0.0015699 secs] [Times: user=0.01 sys=0.00, real=0.01 secs] 
1008.966: [GC (Allocation Failure) [PSYoungGen: 72125K->1472K(72704K)] 348265K->277611K(809472K), 0.0021346 secs] [Times: user=0.01 sys=0.00, real=0.00 secs] 
1009.373: [GC (Allocation Failure) [PSYoungGen: 72128K->1344K(72704K)] 348267K->277483K(809472K), 0.0019518 secs] [Times: user=0.00 sys=0.00, real=0.01 secs] 
1009.883: [GC (Allocation Failure) [PSYoungGen: 72000K->1312K(72704K)] 348139K->277451K(809472K), 0.0021558 secs] [Times: user=0.01 sys=0.00, real=0.01 secs] 
1010.433: [GC (Allocation Failure) [PSYoungGen: 71968K->1312K(72704K)] 348107K->277451K(809472K), 0.0021940 secs] [Times: user=0.01 sys=0.00, real=0.01 secs] 
1011.277: [GC (Allocation Failure) [PSYoungGen: 71968K->1469K(72704K)] 348107K->277609K(809472K), 0.0023054 secs] [Times: user=0.01 sys=0.00, real=0.00 secs] 
1011.433: [GC (Allocation Failure) [PSYoungGen: 72125K->1469K(72704K)] 348265K->277609K(809472K), 0.0016336 secs] [Times: user=0.01 sys=0.00, real=0.01 secs] 
1011.557: [GC (Allocation Failure) [PSYoungGen: 72125K->1469K(72704K)] 348265K->277609K(809472K), 0.0017490 secs] [Times: user=0.01 sys=0.00, real=0.00 secs] 
1011.702: [GC (Allocation Failure) [PSYoungGen: 72125K->1485K(72704K)] 348265K->277625K(809472K), 0.0018082 secs] [Times: user=0.00 sys=0.00, real=0.00 secs] 
1012.064: [GC (Allocation Failure) [PSYoungGen: 72141K->1440K(72704K)] 348281K->277595K(809472K), 0.0020022 secs] [Times: user=0.01 sys=0.00, real=0.01 secs] 
1012.358: [GC (Allocation Failure) [PSYoungGen: 72096K->1360K(72704K)] 348251K->277515K(809472K), 0.0019850 secs] [Times: user=0.01 sys=0.00, real=0.00 secs] 
1012.651: [GC (Allocation Failure) [PSYoungGen: 72016K->1376K(72704K)] 348171K->277531K(809472K), 0.0018848 secs] [Times: user=0.01 sys=0.00, real=0.00 secs] 
1013.159: [GC (Allocation Failure) [PSYoungGen: 72032K->1440K(72704K)] 348187K->277595K(809472K), 0.0020227 secs] [Times: user=0.01 sys=0.00, real=0.00 secs] 
1013.609: [GC (Allocation Failure) [PSYoungGen: 72096K->1469K(72704K)] 348251K->277625K(809472K), 0.0016041 secs] [Times: user=0.00 sys=0.00, real=0.00 secs] 
1013.734: [GC (Allocation Failure) [PSYoungGen: 72125K->1469K(72704K)] 348281K->277625K(809472K), 0.0016404 secs] [Times: user=0.00 sys=0.00, real=0.00 secs] 
1013.858: [GC (Allocation Failure) [PSYoungGen: 72125K->1437K(72704K)] 348281K->277593K(809472K), 0.0015819 secs] [Times: user=0.00 sys=0.00, real=0.00 secs] 
1014.002: [GC (Allocation Failure) [PSYoungGen: 72093K->1501K(72704K)] 348249K->277673K(809472K), 0.0016931 secs] [Times: user=0.01 sys=0.00, real=0.01 secs] 
1014.878: [GC (Allocation Failure) [PSYoungGen: 72157K->1440K(72704K)] 348329K->277611K(809472K), 0.0025400 secs] [Times: user=0.01 sys=0.00, real=0.00 secs] 
1015.364: [GC (Allocation Failure) [PSYoungGen: 72096K->1408K(72704K)] 348267K->277579K(809472K), 0.0020256 secs] [Times: user=0.01 sys=0.00, real=0.00 secs] 
1016.118: [GC (Allocation Failure) [PSYoungGen: 72064K->1376K(72704K)] 348235K->277547K(809472K), 0.0026148 secs] [Times: user=0.01 sys=0.00, real=0.00 secs] 
1017.118: [GC (Allocation Failure) [PSYoungGen: 72032K->1437K(72704K)] 348203K->277609K(809472K), 0.0023968 secs] [Times: user=0.01 sys=0.00, real=0.00 secs] 
1017.359: [GC (Allocation Failure) [PSYoungGen: 72093K->1485K(72704K)] 348265K->277657K(809472K), 0.0020108 secs] [Times: user=0.01 sys=0.00, real=0.00 secs] 
1017.500: [GC (Allocation Failure) [PSYoungGen: 72141K->1501K(72704K)] 348313K->277673K(809472K), 0.0016778 secs] [Times: user=0.01 sys=0.00, real=0.00 secs] 
1017.643: [GC (Allocation Failure) [PSYoungGen: 72157K->1469K(72704K)] 348329K->277641K(809472K), 0.0018056 secs] [Times: user=0.01 sys=0.00, real=0.01 secs] 
1018.069: [GC (Allocation Failure) [PSYoungGen: 72125K->1424K(72704K)] 348297K->277595K(809472K), 0.0033073 secs] [Times: user=0.01 sys=0.00, real=0.00 secs] 
1018.717: [GC (Allocation Failure) [PSYoungGen: 72080K->1376K(72704K)] 348251K->277547K(809472K), 0.0020178 secs] [Times: user=0.01 sys=0.00, real=0.00 secs] 
1019.404: [GC (Allocation Failure) [PSYoungGen: 72032K->1376K(72704K)] 348203K->277547K(809472K), 0.0018575 secs] [Times: user=0.00 sys=0.00, real=0.00 secs] 
1020.240: [GC (Allocation Failure) [PSYoungGen: 72032K->1408K(72704K)] 348203K->277579K(809472K), 0.0019163 secs] [Times: user=0.00 sys=0.00, real=0.00 secs] 
1020.786: [GC (Allocation Failure) [PSYoungGen: 72064K->1437K(72704K)] 348235K->277609K(809472K), 0.0018956 secs] [Times: user=0.01 sys=0.00, real=0.00 secs] 
1020.918: [GC (Allocation Failure) [PSYoungGen: 72093K->1501K(72704K)] 348265K->277673K(809472K), 0.0016543 secs] [Times: user=0.00 sys=0.00, real=0.00 secs] 
1021.043: [GC (Allocation Failure) [PSYoungGen: 72157K->1437K(72704K)] 348329K->277609K(809472K), 0.0015818 secs] [Times: user=0.01 sys=0.00, real=0.01 secs] 
1021.170: [GC (Allocation Failure) [PSYoungGen: 72093K->1469K(72704K)] 348265K->277641K(809472K), 0.0015948 secs] [Times: user=0.01 sys=0.00, real=0.00 secs] 
1022.129: [GC (Allocation Failure) [PSYoungGen: 72125K->1440K(72704K)] 348297K->277619K(809472K), 0.0026668 secs] [Times: user=0.01 sys=0.00, real=0.00 secs] 
1022.816: [GC (Allocation Failure) [PSYoungGen: 72096K->1344K(72704K)] 348275K->277523K(809472K), 0.0024899 secs] [Times: user=0.01 sys=0.00, real=0.00 secs] 
1023.717: [GC (Allocation Failure) [PSYoungGen: 72000K->1376K(72704K)] 348179K->277555K(809472K), 0.0028562 secs] [Times: user=0.01 sys=0.00, real=0.00 secs] 
1024.600: [GC (Allocation Failure) [PSYoungGen: 72032K->1344K(72704K)] 348211K->277523K(809472K), 0.0033038 secs] [Times: user=0.02 sys=0.00, real=0.00 secs] 
1024.997: [GC (Allocation Failure) [PSYoungGen: 72000K->1533K(72704K)] 348179K->277713K(809472K), 0.0019280 secs] [Times: user=0.01 sys=0.00, real=0.00 secs] 
1025.139: [GC (Allocation Failure) [PSYoungGen: 72189K->1501K(72704K)] 348369K->277681K(809472K), 0.0016631 secs] [Times: user=0.01 sys=0.00, real=0.00 secs] 
1025.262: [GC (Allocation Failure) [PSYoungGen: 72157K->1469K(72704K)] 348337K->277649K(809472K), 0.0016307 secs] [Times: user=0.00 sys=0.00, real=0.01 secs] 
1025.756: [GC (Allocation Failure) [PSYoungGen: 72125K->2000K(72704K)] 348305K->278179K(809472K), 0.0019944 secs] [Times: user=0.01 sys=0.00, real=0.00 secs] 
1027.262: [GC (Allocation Failure) [PSYoungGen: 72656K->1376K(72704K)] 348835K->277555K(809472K), 0.0034997 secs] [Times: user=0.02 sys=0.00, real=0.01 secs] 
1028.030: [GC (Allocation Failure) [PSYoungGen: 72032K->1376K(72704K)] 348211K->277555K(809472K), 0.0025658 secs] [Times: user=0.01 sys=0.00, real=0.00 secs] 
1028.593: [GC (Allocation Failure) [PSYoungGen: 72032K->1344K(72704K)] 348211K->277523K(809472K), 0.0022272 secs] [Times: user=0.00 sys=0.00, real=0.01 secs] 
1029.457: [GC (Allocation Failure) [PSYoungGen: 72000K->1469K(72704K)] 348179K->277649K(809472K), 0.0027961 secs] [Times: user=0.01 sys=0.00, real=0.00 secs] 
1029.674: [GC (Allocation Failure) [PSYoungGen: 72125K->1533K(72704K)] 348305K->277713K(809472K), 0.0019544 secs] [Times: user=0.01 sys=0.00, real=0.01 secs] 
1029.799: [GC (Allocation Failure) [PSYoungGen: 72189K->1469K(72704K)] 348369K->277649K(809472K), 0.0015851 secs] [Times: user=0.01 sys=0.00, real=0.00 secs] 
1029.925: [GC (Allocation Failure) [PSYoungGen: 72124K->1501K(72704K)] 348303K->277681K(809472K), 0.0017620 secs] [Times: user=0.01 sys=0.00, real=0.00 secs] 
1030.223: [GC (Allocation Failure) [PSYoungGen: 72157K->1408K(72704K)] 348337K->277587K(809472K), 0.0023881 secs] [Times: user=0.01 sys=0.00, real=0.01 secs] 
1030.613: [GC (Allocation Failure) [PSYoungGen: 72064K->1408K(72704K)] 348243K->277587K(809472K), 0.0019489 secs] [Times: user=0.01 sys=0.00, real=0.01 secs] 
1031.084: [GC (Allocation Failure) [PSYoungGen: 72064K->1408K(72704K)] 348243K->277587K(809472K), 0.0019534 secs] [Times: user=0.01 sys=0.00, real=0.00 secs] 
1031.571: [GC (Allocation Failure) [PSYoungGen: 72064K->1392K(72704K)] 348243K->277571K(809472K), 0.0019857 secs] [Times: user=0.01 sys=0.00, real=0.00 secs] 
1032.236: [GC (Allocation Failure) [PSYoungGen: 72048K->1469K(72704K)] 348227K->277681K(809472K), 0.0020847 secs] [Times: user=0.01 sys=0.00, real=0.00 secs] 
1032.392: [GC (Allocation Failure) [PSYoungGen: 72125K->1469K(72704K)] 348337K->277681K(809472K), 0.0016115 secs] [Times: user=0.01 sys=0.00, real=0.01 secs] 
1032.517: [GC (Allocation Failure) [PSYoungGen: 72125K->1469K(72704K)] 348337K->277681K(809472K), 0.0015658 secs] [Times: user=0.00 sys=0.00, real=0.00 secs] 
1032.641: [GC (Allocation Failure) [PSYoungGen: 72125K->1536K(72704K)] 348337K->277763K(809472K), 0.0016575 secs] [Times: user=0.01 sys=0.00, real=0.00 secs] 
1033.581: [GC (Allocation Failure) [PSYoungGen: 72192K->1440K(72704K)] 348419K->277667K(809472K), 0.0021551 secs] [Times: user=0.01 sys=0.00, real=0.00 secs] 
1034.616: [GC (Allocation Failure) [PSYoungGen: 72096K->1376K(72704K)] 348323K->277603K(809472K), 0.0028891 secs] [Times: user=0.01 sys=0.00, real=0.00 secs] 
1035.813: [GC (Allocation Failure) [PSYoungGen: 72032K->1376K(72704K)] 348259K->277603K(809472K), 0.0040419 secs] [Times: user=0.02 sys=0.00, real=0.01 secs] 
1036.795: [GC (Allocation Failure) [PSYoungGen: 72032K->1376K(72704K)] 348259K->277603K(809472K), 0.0026627 secs] [Times: user=0.01 sys=0.00, real=0.00 secs] 
1037.143: [GC (Allocation Failure) [PSYoungGen: 72032K->1453K(72704K)] 348259K->277681K(809472K), 0.0017973 secs] [Times: user=0.00 sys=0.00, real=0.01 secs] 
1037.271: [GC (Allocation Failure) [PSYoungGen: 72109K->1469K(72704K)] 348337K->277697K(809472K), 0.0016140 secs] [Times: user=0.01 sys=0.00, real=0.00 secs] 
1037.396: [GC (Allocation Failure) [PSYoungGen: 72115K->1437K(72704K)] 348342K->277665K(809472K), 0.0017575 secs] [Times: user=0.00 sys=0.00, real=0.00 secs] 
1037.938: [GC (Allocation Failure) [PSYoungGen: 72093K->1440K(72704K)] 348321K->277667K(809472K), 0.0027488 secs] [Times: user=0.01 sys=0.00, real=0.00 secs] 
1038.513: [GC (Allocation Failure) [PSYoungGen: 72096K->1376K(72704K)] 348323K->277603K(809472K), 0.0024505 secs] [Times: user=0.01 sys=0.00, real=0.01 secs] 
1039.103: [GC (Allocation Failure) [PSYoungGen: 72032K->1344K(72704K)] 348259K->277571K(809472K), 0.0023782 secs] [Times: user=0.01 sys=0.00, real=0.01 secs] 
1039.772: [GC (Allocation Failure) [PSYoungGen: 72000K->1344K(72704K)] 348227K->277571K(809472K), 0.0025743 secs] [Times: user=0.01 sys=0.00, real=0.01 secs] 
1040.405: [GC (Allocation Failure) [PSYoungGen: 72000K->1469K(72704K)] 348227K->277697K(809472K), 0.0022628 secs] [Times: user=0.01 sys=0.00, real=0.00 secs] 
1040.558: [GC (Allocation Failure) [PSYoungGen: 72125K->1469K(72704K)] 348353K->277697K(809472K), 0.0015863 secs] [Times: user=0.01 sys=0.00, real=0.00 secs] 
1040.683: [GC (Allocation Failure) [PSYoungGen: 72125K->1501K(72704K)] 348353K->277729K(809472K), 0.0015903 secs] [Times: user=0.01 sys=0.00, real=0.01 secs] 
1040.806: [GC (Allocation Failure) [PSYoungGen: 72157K->1469K(72704K)] 348385K->277697K(809472K), 0.0016214 secs] [Times: user=0.01 sys=0.00, real=0.00 secs] 
1041.129: [GC (Allocation Failure) [PSYoungGen: 72125K->1440K(72704K)] 348353K->277675K(809472K), 0.0019249 secs] [Times: user=0.01 sys=0.00, real=0.00 secs] 
1041.423: [GC (Allocation Failure) [PSYoungGen: 72096K->1376K(72704K)] 348331K->277611K(809472K), 0.0018068 secs] [Times: user=0.01 sys=0.00, real=0.01 secs] 
1041.716: [GC (Allocation Failure) [PSYoungGen: 72032K->1408K(72704K)] 348267K->277659K(809472K), 0.0017538 secs] [Times: user=0.00 sys=0.00, real=0.00 secs] 
1042.009: [GC (Allocation Failure) [PSYoungGen: 72064K->1344K(72704K)] 348315K->277595K(809472K), 0.0022508 secs] [Times: user=0.01 sys=0.00, real=0.00 secs] 
1042.276: [GC (Allocation Failure) [PSYoungGen: 72000K->1536K(72704K)] 348251K->277787K(809472K), 0.0015069 secs] [Times: user=0.00 sys=0.00, real=0.00 secs] 
1042.402: [GC (Allocation Failure) [PSYoungGen: 72192K->1456K(72704K)] 348443K->277707K(809472K), 0.0016263 secs] [Times: user=0.01 sys=0.00, real=0.01 secs] 
1042.527: [GC (Allocation Failure) [PSYoungGen: 72112K->1456K(72704K)] 348363K->277707K(809472K), 0.0014748 secs] [Times: user=0.00 sys=0.00, real=0.00 secs] 
1042.652: [GC (Allocation Failure) [PSYoungGen: 72112K->128K(72704K)] 348363K->276395K(809472K), 0.0015107 secs] [Times: user=0.00 sys=0.00, real=0.00 secs] 
1044.275: [GC (Allocation Failure) [PSYoungGen: 70784K->1376K(72704K)] 347051K->277643K(809472K), 0.0030805 secs] [Times: user=0.01 sys=0.00, real=0.00 secs] 
1044.787: [GC (Allocation Failure) [PSYoungGen: 72032K->1344K(72704K)] 348299K->277611K(809472K), 0.0019538 secs] [Times: user=0.00 sys=0.00, real=0.00 secs] 
1045.247: [GC (Allocation Failure) [PSYoungGen: 72000K->1408K(72704K)] 348267K->277675K(809472K), 0.0020556 secs] [Times: user=0.01 sys=0.00, real=0.00 secs] 
1045.908: [GC (Allocation Failure) [PSYoungGen: 72064K->1469K(72704K)] 348331K->277737K(809472K), 0.0020859 secs] [Times: user=0.00 sys=0.00, real=0.00 secs] 
1046.062: [GC (Allocation Failure) [PSYoungGen: 72125K->1437K(72704K)] 348393K->277705K(809472K), 0.0015833 secs] [Times: user=0.01 sys=0.00, real=0.00 secs] 
1046.186: [GC (Allocation Failure) [PSYoungGen: 72093K->1501K(72704K)] 348361K->277769K(809472K), 0.0015967 secs] [Times: user=0.00 sys=0.00, real=0.00 secs] 
1046.311: [GC (Allocation Failure) [PSYoungGen: 72157K->1456K(72704K)] 348425K->277723K(809472K), 0.0016114 secs] [Times: user=0.01 sys=0.00, real=0.00 secs] 
1046.964: [GC (Allocation Failure) [PSYoungGen: 72112K->1408K(72704K)] 348379K->277675K(809472K), 0.0020758 secs] [Times: user=0.01 sys=0.00, real=0.00 secs] 
1047.671: [GC (Allocation Failure) [PSYoungGen: 72064K->1376K(72704K)] 348331K->277643K(809472K), 0.0020717 secs] [Times: user=0.01 sys=0.00, real=0.00 secs] 
1048.173: [GC (Allocation Failure) [PSYoungGen: 72032K->1408K(72704K)] 348299K->277675K(809472K), 0.0021269 secs] [Times: user=0.01 sys=0.00, real=0.01 secs] 
1048.719: [GC (Allocation Failure) [PSYoungGen: 72064K->1312K(72704K)] 348331K->277579K(809472K), 0.0018745 secs] [Times: user=0.01 sys=0.00, real=0.00 secs] 
1049.587: [GC (Allocation Failure) [PSYoungGen: 71968K->1501K(72704K)] 348235K->277769K(809472K), 0.0023058 secs] [Times: user=0.01 sys=0.00, real=0.00 secs] 
1049.747: [GC (Allocation Failure) [PSYoungGen: 72157K->1501K(72704K)] 348425K->277769K(809472K), 0.0015748 secs] [Times: user=0.01 sys=0.00, real=0.00 secs] 
1049.872: [GC (Allocation Failure) [PSYoungGen: 72157K->1469K(72704K)] 348425K->277737K(809472K), 0.0016250 secs] [Times: user=0.00 sys=0.01, real=0.00 secs] 
1050.014: [GC (Allocation Failure) [PSYoungGen: 72125K->1469K(72704K)] 348393K->277737K(809472K), 0.0016439 secs] [Times: user=0.00 sys=0.00, real=0.00 secs] 
1050.571: [GC (Allocation Failure) [PSYoungGen: 72125K->1408K(72704K)] 348393K->277675K(809472K), 0.0022406 secs] [Times: user=0.01 sys=0.00, real=0.00 secs] 
1051.318: [GC (Allocation Failure) [PSYoungGen: 72064K->1376K(72704K)] 348331K->277667K(809472K), 0.0021610 secs] [Times: user=0.01 sys=0.00, real=0.00 secs] 
1052.472: [GC (Allocation Failure) [PSYoungGen: 72032K->1376K(72704K)] 348323K->277667K(809472K), 0.0032909 secs] [Times: user=0.02 sys=0.00, real=0.01 secs] 
1053.607: [GC (Allocation Failure) [PSYoungGen: 72032K->1408K(72704K)] 348323K->277699K(809472K), 0.0036122 secs] [Times: user=0.01 sys=0.00, real=0.00 secs] 
1054.268: [GC (Allocation Failure) [PSYoungGen: 72064K->1469K(72704K)] 348355K->277761K(809472K), 0.0020180 secs] [Times: user=0.01 sys=0.00, real=0.00 secs] 
1054.452: [GC (Allocation Failure) [PSYoungGen: 72125K->1469K(72704K)] 348417K->277761K(809472K), 0.0019687 secs] [Times: user=0.01 sys=0.00, real=0.01 secs] 
1054.609: [GC (Allocation Failure) [PSYoungGen: 72125K->1501K(72704K)] 348417K->277793K(809472K), 0.0016653 secs] [Times: user=0.01 sys=0.00, real=0.00 secs] 
1054.950: [GC (Allocation Failure) [PSYoungGen: 72157K->1984K(72704K)] 348449K->278795K(809472K), 0.0020988 secs] [Times: user=0.01 sys=0.00, real=0.00 secs] 
1056.004: [GC (Allocation Failure) [PSYoungGen: 72640K->1376K(72704K)] 349451K->278187K(809472K), 0.0036571 secs] [Times: user=0.02 sys=0.00, real=0.00 secs] 
1056.806: [GC (Allocation Failure) [PSYoungGen: 72032K->1408K(72704K)] 348843K->278219K(809472K), 0.0022074 secs] [Times: user=0.00 sys=0.00, real=0.00 secs] 
1057.892: [GC (Allocation Failure) [PSYoungGen: 72064K->1376K(72704K)] 348875K->278187K(809472K), 0.0031894 secs] [Times: user=0.01 sys=0.00, real=0.01 secs] 
1058.731: [GC (Allocation Failure) [PSYoungGen: 72032K->1501K(72704K)] 348843K->278313K(809472K), 0.0021826 secs] [Times: user=0.01 sys=0.00, real=0.00 secs] 
1058.940: [GC (Allocation Failure) [PSYoungGen: 72157K->1533K(72704K)] 348969K->278345K(809472K), 0.0023383 secs] [Times: user=0.01 sys=0.00, real=0.00 secs] 
1059.094: [GC (Allocation Failure) [PSYoungGen: 72189K->1501K(72704K)] 349001K->278313K(809472K), 0.0015850 secs] [Times: user=0.00 sys=0.00, real=0.00 secs] 
1059.224: [GC (Allocation Failure) [PSYoungGen: 72157K->1469K(72704K)] 348969K->278281K(809472K), 0.0014820 secs] [Times: user=0.01 sys=0.00, real=0.00 secs] 
1060.253: [GC (Allocation Failure) [PSYoungGen: 72125K->1360K(72704K)] 348937K->278171K(809472K), 0.0025364 secs] [Times: user=0.02 sys=0.00, real=0.01 secs] 
1060.555: [GC (Allocation Failure) [PSYoungGen: 72016K->1344K(72704K)] 348827K->278155K(809472K), 0.0018456 secs] [Times: user=0.00 sys=0.00, real=0.00 secs] 
1061.196: [GC (Allocation Failure) [PSYoungGen: 72000K->1344K(72704K)] 348811K->278155K(809472K), 0.0022189 secs] [Times: user=0.01 sys=0.00, real=0.00 secs] 
1061.753: [GC (Allocation Failure) [PSYoungGen: 72000K->1408K(72704K)] 348811K->278219K(809472K), 0.0021435 secs] [Times: user=0.01 sys=0.00, real=0.01 secs] 
1062.155: [GC (Allocation Failure) [PSYoungGen: 72064K->1421K(72704K)] 348875K->278233K(809472K), 0.0018150 secs] [Times: user=0.01 sys=0.00, real=0.00 secs] 
1062.286: [GC (Allocation Failure) [PSYoungGen: 72077K->1469K(72704K)] 348889K->278281K(809472K), 0.0015318 secs] [Times: user=0.01 sys=0.00, real=0.00 secs] 
1062.410: [GC (Allocation Failure) [PSYoungGen: 72125K->1469K(72704K)] 348937K->278281K(809472K), 0.0015290 secs] [Times: user=0.01 sys=0.00, real=0.00 secs] 
1062.536: [GC (Allocation Failure) [PSYoungGen: 72125K->1469K(72704K)] 348937K->278297K(809472K), 0.0016540 secs] [Times: user=0.00 sys=0.00, real=0.00 secs] 
1063.226: [GC (Allocation Failure) [PSYoungGen: 72125K->1392K(72704K)] 348953K->278219K(809472K), 0.0019108 secs] [Times: user=0.01 sys=0.00, real=0.00 secs] 
1063.582: [GC (Allocation Failure) [PSYoungGen: 72048K->1376K(72704K)] 348875K->278203K(809472K), 0.0026659 secs] [Times: user=0.01 sys=0.00, real=0.01 secs] 
1064.161: [GC (Allocation Failure) [PSYoungGen: 72032K->1328K(72704K)] 348859K->278155K(809472K), 0.0024053 secs] [Times: user=0.01 sys=0.00, real=0.00 secs] 
1064.875: [GC (Allocation Failure) [PSYoungGen: 71984K->1376K(72704K)] 348811K->278203K(809472K), 0.0024150 secs] [Times: user=0.01 sys=0.00, real=0.00 secs] 
1065.253: [GC (Allocation Failure) [PSYoungGen: 72032K->1501K(72704K)] 348859K->278329K(809472K), 0.0017073 secs] [Times: user=0.00 sys=0.00, real=0.01 secs] 
1065.379: [GC (Allocation Failure) [PSYoungGen: 72157K->1469K(72704K)] 348985K->278297K(809472K), 0.0016154 secs] [Times: user=0.01 sys=0.00, real=0.00 secs] 
1065.504: [GC (Allocation Failure) [PSYoungGen: 72125K->1469K(72704K)] 348953K->278297K(809472K), 0.0016806 secs] [Times: user=0.01 sys=0.00, real=0.00 secs] 
1066.158: [GC (Allocation Failure) [PSYoungGen: 72125K->1472K(72704K)] 348953K->278299K(809472K), 0.0022061 secs] [Times: user=0.01 sys=0.00, real=0.00 secs] 
1067.264: [GC (Allocation Failure) [PSYoungGen: 72128K->1408K(72704K)] 348955K->278235K(809472K), 0.0038871 secs] [Times: user=0.02 sys=0.00, real=0.00 secs] 
1068.075: [GC (Allocation Failure) [PSYoungGen: 72064K->1376K(72704K)] 348891K->278203K(809472K), 0.0028732 secs] [Times: user=0.01 sys=0.00, real=0.00 secs] 
1068.827: [GC (Allocation Failure) [PSYoungGen: 72032K->1392K(72704K)] 348859K->278219K(809472K), 0.0028890 secs] [Times: user=0.01 sys=0.00, real=0.00 secs] 
1069.468: [GC (Allocation Failure) [PSYoungGen: 72035K->1408K(72704K)] 348863K->278235K(809472K), 0.0053900 secs] [Times: user=0.02 sys=0.00, real=0.00 secs] 
1069.678: [GC (Allocation Failure) [PSYoungGen: 72064K->1421K(72704K)] 348891K->278249K(809472K), 0.0015002 secs] [Times: user=0.00 sys=0.00, real=0.00 secs] 
1069.824: [GC (Allocation Failure) [PSYoungGen: 72077K->1485K(72704K)] 348905K->278313K(809472K), 0.0018237 secs] [Times: user=0.01 sys=0.00, real=0.01 secs] 
1069.993: [GC (Allocation Failure) [PSYoungGen: 72141K->1421K(72704K)] 348969K->278249K(809472K), 0.0020231 secs] [Times: user=0.01 sys=0.00, real=0.01 secs] 
1070.839: [GC (Allocation Failure) [PSYoungGen: 72077K->1440K(72704K)] 348905K->278275K(809472K), 0.0026921 secs] [Times: user=0.01 sys=0.00, real=0.00 secs] 
1071.450: [GC (Allocation Failure) [PSYoungGen: 72096K->1408K(72192K)] 348931K->278243K(808960K), 0.0021004 secs] [Times: user=0.01 sys=0.00, real=0.00 secs] 
1071.805: [GC (Allocation Failure) [PSYoungGen: 72064K->1376K(72192K)] 348899K->278211K(808960K), 0.0023478 secs] [Times: user=0.01 sys=0.00, real=0.00 secs] 
1072.281: [GC (Allocation Failure) [PSYoungGen: 72032K->1360K(72192K)] 348867K->278219K(808960K), 0.0020461 secs] [Times: user=0.01 sys=0.00, real=0.00 secs] 
1072.557: [GC (Allocation Failure) [PSYoungGen: 72016K->1437K(72192K)] 348875K->278297K(808960K), 0.0016102 secs] [Times: user=0.01 sys=0.00, real=0.00 secs] 
1072.684: [GC (Allocation Failure) [PSYoungGen: 72093K->1469K(72192K)] 348953K->278329K(808960K), 0.0015194 secs] [Times: user=0.01 sys=0.00, real=0.00 secs] 
1072.808: [GC (Allocation Failure) [PSYoungGen: 72125K->1469K(71680K)] 348985K->278329K(808448K), 0.0016161 secs] [Times: user=0.01 sys=0.00, real=0.00 secs] 
1073.017: [GC (Allocation Failure) [PSYoungGen: 71613K->224K(72192K)] 348473K->277083K(808960K), 0.0018244 secs] [Times: user=0.01 sys=0.00, real=0.00 secs] 
1073.930: [GC (Allocation Failure) [PSYoungGen: 70368K->1376K(72192K)] 347227K->278235K(808960K), 0.0018856 secs] [Times: user=0.01 sys=0.00, real=0.00 secs] 
1074.531: [GC (Allocation Failure) [PSYoungGen: 71520K->1344K(72192K)] 348379K->278203K(808960K), 0.0023753 secs] [Times: user=0.01 sys=0.00, real=0.00 secs] 
1075.176: [GC (Allocation Failure) [PSYoungGen: 71488K->1376K(72192K)] 348347K->278235K(808960K), 0.0020954 secs] [Times: user=0.00 sys=0.00, real=0.00 secs] 
1075.827: [GC (Allocation Failure) [PSYoungGen: 71520K->256K(72192K)] 348379K->277115K(808960K), 0.0035088 secs] [Times: user=0.01 sys=0.00, real=0.00 secs] 
1076.051: [GC (Allocation Failure) [PSYoungGen: 70400K->1437K(72192K)] 347259K->278297K(808960K), 0.0018481 secs] [Times: user=0.01 sys=0.00, real=0.00 secs] 
1076.175: [GC (Allocation Failure) [PSYoungGen: 71581K->1421K(72192K)] 348441K->278281K(808960K), 0.0015810 secs] [Times: user=0.00 sys=0.00, real=0.00 secs] 
1076.300: [GC (Allocation Failure) [PSYoungGen: 71565K->1469K(72192K)] 348425K->278329K(808960K), 0.0015833 secs] [Times: user=0.01 sys=0.00, real=0.00 secs] 
1076.760: [GC (Allocation Failure) [PSYoungGen: 71613K->1408K(72192K)] 348473K->278267K(808960K), 0.0025837 secs] [Times: user=0.01 sys=0.00, real=0.00 secs] 
1077.079: [GC (Allocation Failure) [PSYoungGen: 71552K->1360K(72192K)] 348411K->278219K(808960K), 0.0018901 secs] [Times: user=0.01 sys=0.00, real=0.00 secs] 
1077.416: [GC (Allocation Failure) [PSYoungGen: 71504K->1344K(72192K)] 348363K->278203K(808960K), 0.0018429 secs] [Times: user=0.01 sys=0.00, real=0.00 secs] 
1077.976: [GC (Allocation Failure) [PSYoungGen: 71488K->1360K(72192K)] 348347K->278219K(808960K), 0.0036321 secs] [Times: user=0.02 sys=0.00, real=0.00 secs] 
1078.477: [GC (Allocation Failure) [PSYoungGen: 71496K->1501K(72192K)] 348356K->278361K(808960K), 0.0022107 secs] [Times: user=0.01 sys=0.00, real=0.00 secs] 
1078.639: [GC (Allocation Failure) [PSYoungGen: 71645K->1440K(72192K)] 348505K->278299K(808960K), 0.0015977 secs] [Times: user=0.00 sys=0.00, real=0.00 secs] 
1078.763: [GC (Allocation Failure) [PSYoungGen: 71584K->1437K(72192K)] 348443K->278297K(808960K), 0.0014654 secs] [Times: user=0.01 sys=0.00, real=0.01 secs] 
1078.887: [GC (Allocation Failure) [PSYoungGen: 71581K->1469K(72192K)] 348441K->278337K(808960K), 0.0016157 secs] [Times: user=0.00 sys=0.00, real=0.00 secs] 
1079.561: [GC (Allocation Failure) [PSYoungGen: 71613K->1392K(72192K)] 348481K->278259K(808960K), 0.0022244 secs] [Times: user=0.00 sys=0.00, real=0.00 secs] 
1080.088: [GC (Allocation Failure) [PSYoungGen: 71536K->1408K(72192K)] 348403K->278275K(808960K), 0.0024130 secs] [Times: user=0.01 sys=0.00, real=0.00 secs] 
1080.439: [GC (Allocation Failure) [PSYoungGen: 71552K->1408K(72192K)] 348419K->278291K(808960K), 0.0021056 secs] [Times: user=0.01 sys=0.00, real=0.00 secs] 
1081.159: [GC (Allocation Failure) [PSYoungGen: 71552K->1376K(72192K)] 348435K->278259K(808960K), 0.0020644 secs] [Times: user=0.01 sys=0.00, real=0.00 secs] 
1081.590: [GC (Allocation Failure) [PSYoungGen: 71503K->1469K(72192K)] 348386K->278353K(808960K), 0.0015689 secs] [Times: user=0.01 sys=0.00, real=0.00 secs] 
1081.713: [GC (Allocation Failure) [PSYoungGen: 71582K->1440K(72192K)] 348466K->278323K(808960K), 0.0016429 secs] [Times: user=0.01 sys=0.00, real=0.01 secs] 
1081.836: [GC (Allocation Failure) [PSYoungGen: 71584K->1501K(72192K)] 348467K->278385K(808960K), 0.0016239 secs] [Times: user=0.00 sys=0.00, real=0.00 secs] 
1081.958: [GC (Allocation Failure) [PSYoungGen: 71645K->1469K(72192K)] 348529K->278361K(808960K), 0.0016025 secs] [Times: user=0.01 sys=0.00, real=0.00 secs] 
1082.830: [GC (Allocation Failure) [PSYoungGen: 71613K->1376K(72192K)] 348505K->278267K(808960K), 0.0027985 secs] [Times: user=0.01 sys=0.00, real=0.00 secs] 
1083.628: [GC (Allocation Failure) [PSYoungGen: 71520K->1408K(72192K)] 348411K->278299K(808960K), 0.0026274 secs] [Times: user=0.01 sys=0.00, real=0.00 secs] 
1084.600: [GC (Allocation Failure) [PSYoungGen: 71552K->1328K(72192K)] 348443K->278219K(808960K), 0.0027117 secs] [Times: user=0.01 sys=0.00, real=0.00 secs] 
1085.607: [GC (Allocation Failure) [PSYoungGen: 71472K->1376K(72192K)] 348363K->278267K(808960K), 0.0022200 secs] [Times: user=0.01 sys=0.00, real=0.00 secs] 
1086.026: [GC (Allocation Failure) [PSYoungGen: 71520K->1501K(72192K)] 348411K->278393K(808960K), 0.0018090 secs] [Times: user=0.00 sys=0.00, real=0.00 secs] 
1086.187: [GC (Allocation Failure) [PSYoungGen: 71645K->1437K(72192K)] 348537K->278329K(808960K), 0.0018108 secs] [Times: user=0.01 sys=0.00, real=0.00 secs] 
1086.341: [GC (Allocation Failure) [PSYoungGen: 71581K->1421K(72192K)] 348473K->278313K(808960K), 0.0018938 secs] [Times: user=0.01 sys=0.00, real=0.00 secs] 
1086.830: [GC (Allocation Failure) [PSYoungGen: 71565K->1408K(72192K)] 348457K->278299K(808960K), 0.0021090 secs] [Times: user=0.00 sys=0.00, real=0.00 secs] 
1087.122: [GC (Allocation Failure) [PSYoungGen: 71552K->1344K(72192K)] 348443K->278235K(808960K), 0.0019154 secs] [Times: user=0.01 sys=0.00, real=0.01 secs] 
1087.414: [GC (Allocation Failure) [PSYoungGen: 71488K->1408K(72192K)] 348379K->278299K(808960K), 0.0018273 secs] [Times: user=0.00 sys=0.00, real=0.00 secs] 
1087.705: [GC (Allocation Failure) [PSYoungGen: 71552K->1376K(72192K)] 348443K->278267K(808960K), 0.0019267 secs] [Times: user=0.01 sys=0.01, real=0.00 secs] 
1088.049: [GC (Allocation Failure) [PSYoungGen: 71520K->1501K(72192K)] 348411K->278393K(808960K), 0.0021497 secs] [Times: user=0.01 sys=0.00, real=0.00 secs] 
1088.276: [GC (Allocation Failure) [PSYoungGen: 71645K->1501K(72192K)] 348537K->278393K(808960K), 0.0020406 secs] [Times: user=0.01 sys=0.00, real=0.00 secs] 
1088.445: [GC (Allocation Failure) [PSYoungGen: 71645K->1437K(72192K)] 348537K->278329K(808960K), 0.0017643 secs] [Times: user=0.01 sys=0.00, real=0.00 secs] 
1088.602: [GC (Allocation Failure) [PSYoungGen: 71581K->1469K(72192K)] 348473K->278369K(808960K), 0.0016392 secs] [Times: user=0.01 sys=0.00, real=0.01 secs] 
1089.169: [GC (Allocation Failure) [PSYoungGen: 71613K->1408K(72192K)] 348513K->278315K(808960K), 0.0028204 secs] [Times: user=0.01 sys=0.00, real=0.00 secs] 
1089.608: [GC (Allocation Failure) [PSYoungGen: 71552K->1376K(72192K)] 348459K->278283K(808960K), 0.0018707 secs] [Times: user=0.01 sys=0.00, real=0.00 secs] 
1090.102: [GC (Allocation Failure) [PSYoungGen: 71520K->1392K(72192K)] 348427K->278299K(808960K), 0.0022058 secs] [Times: user=0.01 sys=0.00, real=0.01 secs] 
1090.598: [GC (Allocation Failure) [PSYoungGen: 71536K->1408K(72192K)] 348443K->278339K(808960K), 0.0023599 secs] [Times: user=0.01 sys=0.00, real=0.00 secs] 
1091.013: [GC (Allocation Failure) [PSYoungGen: 71552K->1453K(72192K)] 348483K->278385K(808960K), 0.0020777 secs] [Times: user=0.01 sys=0.00, real=0.01 secs] 
1091.157: [GC (Allocation Failure) [PSYoungGen: 71567K->1488K(72192K)] 348499K->278419K(808960K), 0.0016063 secs] [Times: user=0.01 sys=0.00, real=0.00 secs] 
1091.280: [GC (Allocation Failure) [PSYoungGen: 71632K->1469K(72192K)] 348563K->278401K(808960K), 0.0015502 secs] [Times: user=0.00 sys=0.00, real=0.00 secs] 
1091.402: [GC (Allocation Failure) [PSYoungGen: 71613K->1501K(72192K)] 348545K->278441K(808960K), 0.0016526 secs] [Times: user=0.00 sys=0.00, real=0.00 secs] 
1094.394: [GC (Allocation Failure) [PSYoungGen: 71645K->1440K(72192K)] 348585K->278379K(808960K), 0.0030038 secs] [Times: user=0.01 sys=0.00, real=0.00 secs] 
1095.069: [GC (Allocation Failure) [PSYoungGen: 71584K->1408K(72192K)] 348523K->278347K(808960K), 0.0024816 secs] [Times: user=0.01 sys=0.00, real=0.00 secs] 
1095.711: [GC (Allocation Failure) [PSYoungGen: 71552K->1376K(72192K)] 348491K->278315K(808960K), 0.0023003 secs] [Times: user=0.01 sys=0.00, real=0.00 secs] 
1096.268: [GC (Allocation Failure) [PSYoungGen: 71520K->1408K(72192K)] 348459K->278347K(808960K), 0.0020402 secs] [Times: user=0.01 sys=0.00, real=0.00 secs] 
1096.495: [GC (Allocation Failure) [PSYoungGen: 71552K->1469K(72192K)] 348491K->278409K(808960K), 0.0016206 secs] [Times: user=0.01 sys=0.00, real=0.00 secs] 
1096.620: [GC (Allocation Failure) [PSYoungGen: 71613K->1469K(72192K)] 348553K->278409K(808960K), 0.0015268 secs] [Times: user=0.01 sys=0.00, real=0.00 secs] 
1096.743: [GC (Allocation Failure) [PSYoungGen: 71613K->1472K(72192K)] 348553K->278419K(808960K), 0.0016155 secs] [Times: user=0.01 sys=0.00, real=0.01 secs] 
1096.927: [GC (Allocation Failure) [PSYoungGen: 71616K->1952K(72192K)] 348563K->278923K(808960K), 0.0017356 secs] [Times: user=0.00 sys=0.00, real=0.00 secs] 
1097.444: [GC (Allocation Failure) [PSYoungGen: 72096K->1344K(72192K)] 349067K->278315K(808960K), 0.0019113 secs] [Times: user=0.01 sys=0.00, real=0.00 secs] 
1098.291: [GC (Allocation Failure) [PSYoungGen: 71488K->1344K(72192K)] 348459K->278315K(808960K), 0.0029636 secs] [Times: user=0.01 sys=0.00, real=0.01 secs] 
1099.116: [GC (Allocation Failure) [PSYoungGen: 71488K->1376K(72192K)] 348459K->278347K(808960K), 0.0032274 secs] [Times: user=0.01 sys=0.00, real=0.00 secs] 
1099.975: [GC (Allocation Failure) [PSYoungGen: 71520K->1501K(72192K)] 348491K->278473K(808960K), 0.0036397 secs] [Times: user=0.01 sys=0.00, real=0.00 secs] 
1100.201: [GC (Allocation Failure) [PSYoungGen: 71644K->1469K(72192K)] 348616K->278441K(808960K), 0.0016967 secs] [Times: user=0.00 sys=0.00, real=0.00 secs] 
1100.330: [GC (Allocation Failure) [PSYoungGen: 71613K->1504K(72192K)] 348585K->278475K(808960K), 0.0015186 secs] [Times: user=0.00 sys=0.00, real=0.00 secs] 
1100.473: [GC (Allocation Failure) [PSYoungGen: 71648K->1469K(72192K)] 348619K->278441K(808960K), 0.0018404 secs] [Times: user=0.01 sys=0.00, real=0.01 secs] 
1100.786: [GC (Allocation Failure) [PSYoungGen: 71613K->1456K(72192K)] 348585K->278443K(808960K), 0.0021096 secs] [Times: user=0.01 sys=0.00, real=0.00 secs] 
1101.283: [GC (Allocation Failure) [PSYoungGen: 71600K->1312K(72192K)] 348587K->278315K(808960K), 0.0020687 secs] [Times: user=0.01 sys=0.00, real=0.01 secs] 
1101.817: [GC (Allocation Failure) [PSYoungGen: 71456K->1408K(72192K)] 348459K->278411K(808960K), 0.0036473 secs] [Times: user=0.02 sys=0.00, real=0.00 secs] 
1102.397: [GC (Allocation Failure) [PSYoungGen: 71552K->1376K(72192K)] 348555K->278379K(808960K), 0.0024628 secs] [Times: user=0.01 sys=0.00, real=0.00 secs] 
1102.903: [GC (Allocation Failure) [PSYoungGen: 71520K->1421K(72192K)] 348523K->278425K(808960K), 0.0020590 secs] [Times: user=0.01 sys=0.00, real=0.01 secs] 
1103.048: [GC (Allocation Failure) [PSYoungGen: 71565K->1437K(72192K)] 348569K->278441K(808960K), 0.0014800 secs] [Times: user=0.01 sys=0.00, real=0.00 secs] 
1103.173: [GC (Allocation Failure) [PSYoungGen: 71581K->1472K(72192K)] 348585K->278475K(808960K), 0.0015840 secs] [Times: user=0.00 sys=0.00, real=0.01 secs] 
1103.297: [GC (Allocation Failure) [PSYoungGen: 71616K->1456K(72192K)] 348619K->278475K(808960K), 0.0016983 secs] [Times: user=0.00 sys=0.00, real=0.00 secs] 
1104.004: [GC (Allocation Failure) [PSYoungGen: 71600K->1456K(72192K)] 348619K->278475K(808960K), 0.0021077 secs] [Times: user=0.01 sys=0.00, real=0.00 secs] 
1104.957: [GC (Allocation Failure) [PSYoungGen: 71600K->1408K(72192K)] 348619K->278427K(808960K), 0.0035904 secs] [Times: user=0.01 sys=0.00, real=0.00 secs] 
1106.095: [GC (Allocation Failure) [PSYoungGen: 71552K->1376K(72192K)] 348571K->278395K(808960K), 0.0031685 secs] [Times: user=0.01 sys=0.00, real=0.00 secs] 
1107.153: [GC (Allocation Failure) [PSYoungGen: 71520K->1408K(72192K)] 348539K->278427K(808960K), 0.0031431 secs] [Times: user=0.01 sys=0.00, real=0.01 secs] 
1107.753: [GC (Allocation Failure) [PSYoungGen: 71552K->1501K(72192K)] 348571K->278521K(808960K), 0.0019632 secs] [Times: user=0.01 sys=0.00, real=0.01 secs] 
1107.932: [GC (Allocation Failure) [PSYoungGen: 71645K->1501K(72192K)] 348665K->278521K(808960K), 0.0020714 secs] [Times: user=0.00 sys=0.00, real=0.00 secs] 
1108.086: [GC (Allocation Failure) [PSYoungGen: 71645K->1501K(72192K)] 348665K->278521K(808960K), 0.0016052 secs] [Times: user=0.00 sys=0.00, real=0.00 secs] 
1108.209: [GC (Allocation Failure) [PSYoungGen: 71645K->1469K(72192K)] 348665K->278497K(808960K), 0.0016833 secs] [Times: user=0.00 sys=0.00, real=0.00 secs] 
1109.444: [GC (Allocation Failure) [PSYoungGen: 71613K->1376K(72192K)] 348641K->278411K(808960K), 0.0028793 secs] [Times: user=0.01 sys=0.00, real=0.01 secs] 
1110.091: [GC (Allocation Failure) [PSYoungGen: 71520K->1344K(72192K)] 348555K->278379K(808960K), 0.0020538 secs] [Times: user=0.00 sys=0.00, real=0.00 secs] 
1110.666: [GC (Allocation Failure) [PSYoungGen: 71488K->1360K(72192K)] 348523K->278395K(808960K), 0.0019298 secs] [Times: user=0.01 sys=0.00, real=0.00 secs] 
1111.307: [GC (Allocation Failure) [PSYoungGen: 71504K->1408K(72192K)] 348539K->278443K(808960K), 0.0020332 secs] [Times: user=0.00 sys=0.00, real=0.00 secs] 
1111.509: [GC (Allocation Failure) [PSYoungGen: 71552K->1469K(72192K)] 348587K->278513K(808960K), 0.0016357 secs] [Times: user=0.00 sys=0.00, real=0.00 secs] 
1111.631: [GC (Allocation Failure) [PSYoungGen: 71613K->1469K(72192K)] 348657K->278513K(808960K), 0.0015704 secs] [Times: user=0.01 sys=0.00, real=0.00 secs] 
1111.756: [GC (Allocation Failure) [PSYoungGen: 71613K->1440K(72192K)] 348657K->278483K(808960K), 0.0015165 secs] [Times: user=0.01 sys=0.00, real=0.00 secs] 
1112.063: [GC (Allocation Failure) [PSYoungGen: 71584K->1472K(72192K)] 348627K->278515K(808960K), 0.0020989 secs] [Times: user=0.00 sys=0.00, real=0.01 secs] 
1112.388: [GC (Allocation Failure) [PSYoungGen: 71616K->1344K(72192K)] 348659K->278411K(808960K), 0.0019365 secs] [Times: user=0.00 sys=0.00, real=0.00 secs] 
1112.709: [GC (Allocation Failure) [PSYoungGen: 71488K->1376K(72192K)] 348555K->278443K(808960K), 0.0019261 secs] [Times: user=0.01 sys=0.00, real=0.00 secs] 
1113.001: [GC (Allocation Failure) [PSYoungGen: 71520K->1408K(72192K)] 348587K->278475K(808960K), 0.0019390 secs] [Times: user=0.00 sys=0.00, real=0.00 secs] 
1113.492: [GC (Allocation Failure) [PSYoungGen: 71552K->1373K(72192K)] 348619K->278441K(808960K), 0.0018358 secs] [Times: user=0.01 sys=0.00, real=0.01 secs] 
1113.621: [GC (Allocation Failure) [PSYoungGen: 71517K->1456K(72192K)] 348585K->278523K(808960K), 0.0017065 secs] [Times: user=0.01 sys=0.01, real=0.00 secs] 
1113.743: [GC (Allocation Failure) [PSYoungGen: 71600K->1456K(72192K)] 348667K->278523K(808960K), 0.0017508 secs] [Times: user=0.01 sys=0.00, real=0.01 secs] 
1113.866: [GC (Allocation Failure) [PSYoungGen: 71600K->1501K(72192K)] 348667K->278569K(808960K), 0.0016910 secs] [Times: user=0.01 sys=0.00, real=0.00 secs] 
1114.129: [GC (Allocation Failure) [PSYoungGen: 71645K->1408K(71680K)] 348713K->278483K(808448K), 0.0019301 secs] [Times: user=0.00 sys=0.00, real=0.00 secs] 
1114.476: [GC (Allocation Failure) [PSYoungGen: 71552K->1376K(71680K)] 348627K->278451K(808448K), 0.0022712 secs] [Times: user=0.01 sys=0.01, real=0.00 secs] 
1114.826: [GC (Allocation Failure) [PSYoungGen: 71520K->1376K(71680K)] 348595K->278451K(808448K), 0.0018075 secs] [Times: user=0.01 sys=0.00, real=0.00 secs] 
1115.150: [GC (Allocation Failure) [PSYoungGen: 71520K->1376K(71680K)] 348595K->278451K(808448K), 0.0021754 secs] [Times: user=0.01 sys=0.00, real=0.00 secs] 
1115.478: [GC (Allocation Failure) [PSYoungGen: 71520K->1392K(71680K)] 348595K->278483K(808448K), 0.0018666 secs] [Times: user=0.01 sys=0.00, real=0.00 secs] 
1115.635: [GC (Allocation Failure) [PSYoungGen: 71536K->1424K(71680K)] 348627K->278515K(808448K), 0.0019189 secs] [Times: user=0.00 sys=0.00, real=0.00 secs] 
1115.793: [GC (Allocation Failure) [PSYoungGen: 71568K->445K(70656K)] 348659K->278561K(807424K), 0.0018124 secs] [Times: user=0.00 sys=0.00, real=0.01 secs] 
1115.965: [GC (Allocation Failure) [PSYoungGen: 70589K->461K(72192K)] 348705K->278593K(808960K), 0.0019452 secs] [Times: user=0.01 sys=0.00, real=0.00 secs] 
1116.636: [GC (Allocation Failure) [PSYoungGen: 70605K->1376K(71680K)] 348737K->279507K(808448K), 0.0022315 secs] [Times: user=0.01 sys=0.00, real=0.00 secs] 
1117.484: [GC (Allocation Failure) [PSYoungGen: 71520K->1376K(71680K)] 349651K->279507K(808448K), 0.0024678 secs] [Times: user=0.01 sys=0.00, real=0.00 secs] 
1118.252: [GC (Allocation Failure) [PSYoungGen: 71520K->1376K(71680K)] 349651K->279507K(808448K), 0.0025551 secs] [Times: user=0.01 sys=0.00, real=0.01 secs] 
1119.006: [GC (Allocation Failure) [PSYoungGen: 71520K->1408K(71680K)] 349651K->279539K(808448K), 0.0027391 secs] [Times: user=0.01 sys=0.00, real=0.00 secs] 
1119.639: [GC (Allocation Failure) [PSYoungGen: 71552K->1504K(71680K)] 349683K->279635K(808448K), 0.0021522 secs] [Times: user=0.00 sys=0.00, real=0.00 secs] 
1119.778: [GC (Allocation Failure) [PSYoungGen: 71648K->1501K(71680K)] 349779K->279633K(808448K), 0.0016729 secs] [Times: user=0.01 sys=0.00, real=0.00 secs] 
1119.902: [GC (Allocation Failure) [PSYoungGen: 71645K->1501K(72192K)] 349777K->279633K(808960K), 0.0016573 secs] [Times: user=0.01 sys=0.00, real=0.01 secs] 
1120.257: [GC (Allocation Failure) [PSYoungGen: 71645K->1472K(72192K)] 349777K->279611K(808960K), 0.0021201 secs] [Times: user=0.01 sys=0.00, real=0.00 secs] 
1121.268: [GC (Allocation Failure) [PSYoungGen: 71616K->1408K(72192K)] 349755K->279547K(808960K), 0.0024682 secs] [Times: user=0.01 sys=0.00, real=0.00 secs] 
1121.899: [GC (Allocation Failure) [PSYoungGen: 71552K->1376K(72192K)] 349691K->279531K(808960K), 0.0021040 secs] [Times: user=0.01 sys=0.00, real=0.00 secs] 
1122.796: [GC (Allocation Failure) [PSYoungGen: 71520K->1376K(72192K)] 349675K->279531K(808960K), 0.0029523 secs] [Times: user=0.01 sys=0.00, real=0.00 secs] 
1123.666: [GC (Allocation Failure) [PSYoungGen: 71520K->1469K(72192K)] 349675K->279625K(808960K), 0.0027363 secs] [Times: user=0.01 sys=0.00, real=0.00 secs] 
1123.864: [GC (Allocation Failure) [PSYoungGen: 71613K->1469K(72192K)] 349769K->279625K(808960K), 0.0015769 secs] [Times: user=0.01 sys=0.00, real=0.01 secs] 
1124.005: [GC (Allocation Failure) [PSYoungGen: 71613K->1456K(72192K)] 349769K->279611K(808960K), 0.0018163 secs] [Times: user=0.00 sys=0.00, real=0.00 secs] 
1124.158: [GC (Allocation Failure) [PSYoungGen: 71600K->1488K(72192K)] 349755K->279643K(808960K), 0.0017071 secs] [Times: user=0.01 sys=0.00, real=0.00 secs] 
1124.549: [GC (Allocation Failure) [PSYoungGen: 71632K->1440K(72192K)] 349787K->279595K(808960K), 0.0020795 secs] [Times: user=0.00 sys=0.00, real=0.00 secs] 
1125.034: [GC (Allocation Failure) [PSYoungGen: 71584K->1408K(72192K)] 349739K->279563K(808960K), 0.0072814 secs] [Times: user=0.03 sys=0.00, real=0.01 secs] 
1125.407: [GC (Allocation Failure) [PSYoungGen: 71552K->1408K(72192K)] 349707K->279563K(808960K), 0.0019622 secs] [Times: user=0.01 sys=0.00, real=0.00 secs] 
1125.770: [GC (Allocation Failure) [PSYoungGen: 71552K->1392K(72192K)] 349707K->279547K(808960K), 0.0018222 secs] [Times: user=0.01 sys=0.00, real=0.00 secs] 
1126.118: [GC (Allocation Failure) [PSYoungGen: 71536K->1469K(72192K)] 349691K->279625K(808960K), 0.0022676 secs] [Times: user=0.01 sys=0.00, real=0.00 secs] 
1126.316: [GC (Allocation Failure) [PSYoungGen: 71613K->1469K(72192K)] 349769K->279625K(808960K), 0.0018465 secs] [Times: user=0.01 sys=0.00, real=0.00 secs] 
1126.444: [GC (Allocation Failure) [PSYoungGen: 71613K->1469K(72192K)] 349769K->279625K(808960K), 0.0016466 secs] [Times: user=0.01 sys=0.00, real=0.01 secs] 
1126.566: [GC (Allocation Failure) [PSYoungGen: 71613K->1456K(72192K)] 349769K->279619K(808960K), 0.0015259 secs] [Times: user=0.01 sys=0.00, real=0.00 secs] 
1127.262: [GC (Allocation Failure) [PSYoungGen: 71600K->1440K(72192K)] 349763K->279611K(808960K), 0.0025325 secs] [Times: user=0.00 sys=0.00, real=0.01 secs] 
1127.865: [GC (Allocation Failure) [PSYoungGen: 71584K->1376K(72192K)] 349755K->279547K(808960K), 0.0027188 secs] [Times: user=0.01 sys=0.00, real=0.00 secs] 
1128.445: [GC (Allocation Failure) [PSYoungGen: 71520K->1376K(72192K)] 349691K->279547K(808960K), 0.0021863 secs] [Times: user=0.01 sys=0.00, real=0.00 secs] 
1129.094: [GC (Allocation Failure) [PSYoungGen: 71520K->1376K(72192K)] 349691K->279547K(808960K), 0.0031404 secs] [Times: user=0.01 sys=0.00, real=0.00 secs] 
1129.616: [GC (Allocation Failure) [PSYoungGen: 71520K->1533K(72192K)] 349691K->279705K(808960K), 0.0020550 secs] [Times: user=0.01 sys=0.00, real=0.00 secs] 
1129.756: [GC (Allocation Failure) [PSYoungGen: 71677K->1469K(72192K)] 349849K->279641K(808960K), 0.0016113 secs] [Times: user=0.00 sys=0.00, real=0.00 secs] 
1129.880: [GC (Allocation Failure) [PSYoungGen: 71613K->1469K(72192K)] 349785K->279641K(808960K), 0.0015740 secs] [Times: user=0.00 sys=0.00, real=0.00 secs] 
1130.023: [GC (Allocation Failure) [PSYoungGen: 71613K->1440K(72192K)] 349785K->279619K(808960K), 0.0017352 secs] [Times: user=0.01 sys=0.00, real=0.01 secs] 
1130.410: [GC (Allocation Failure) [PSYoungGen: 71584K->1376K(72192K)] 349763K->279579K(808960K), 0.0019344 secs] [Times: user=0.01 sys=0.00, real=0.00 secs] 
1130.701: [GC (Allocation Failure) [PSYoungGen: 71520K->1408K(72192K)] 349723K->279611K(808960K), 0.0019225 secs] [Times: user=0.01 sys=0.00, real=0.00 secs] 
1130.993: [GC (Allocation Failure) [PSYoungGen: 71552K->1376K(72192K)] 349755K->279579K(808960K), 0.0017770 secs] [Times: user=0.00 sys=0.01, real=0.01 secs] 
1131.341: [GC (Allocation Failure) [PSYoungGen: 71520K->1437K(72192K)] 349723K->279641K(808960K), 0.0023702 secs] [Times: user=0.01 sys=0.00, real=0.00 secs] 
1131.547: [GC (Allocation Failure) [PSYoungGen: 71581K->1501K(72192K)] 349785K->279705K(808960K), 0.0018039 secs] [Times: user=0.00 sys=0.00, real=0.00 secs] 
1131.672: [GC (Allocation Failure) [PSYoungGen: 71645K->1469K(72192K)] 349849K->279673K(808960K), 0.0015787 secs] [Times: user=0.01 sys=0.00, real=0.00 secs] 
1131.796: [GC (Allocation Failure) [PSYoungGen: 71613K->1501K(72192K)] 349817K->279705K(808960K), 0.0015871 secs] [Times: user=0.01 sys=0.00, real=0.00 secs] 
1132.057: [GC (Allocation Failure) [PSYoungGen: 71645K->1440K(72192K)] 349849K->279651K(808960K), 0.0018645 secs] [Times: user=0.01 sys=0.00, real=0.00 secs] 
1132.349: [GC (Allocation Failure) [PSYoungGen: 71584K->1376K(72192K)] 349795K->279587K(808960K), 0.0017128 secs] [Times: user=0.01 sys=0.00, real=0.00 secs] 
1132.642: [GC (Allocation Failure) [PSYoungGen: 71520K->1376K(72192K)] 349731K->279587K(808960K), 0.0019799 secs] [Times: user=0.01 sys=0.00, real=0.01 secs] 
1132.933: [GC (Allocation Failure) [PSYoungGen: 71520K->1344K(72192K)] 349731K->279555K(808960K), 0.0017265 secs] [Times: user=0.00 sys=0.00, real=0.01 secs] 
1133.295: [GC (Allocation Failure) [PSYoungGen: 71488K->1469K(72192K)] 349699K->279681K(808960K), 0.0024398 secs] [Times: user=0.01 sys=0.00, real=0.00 secs] 
1133.477: [GC (Allocation Failure) [PSYoungGen: 71600K->1501K(72192K)] 349812K->279713K(808960K), 0.0015804 secs] [Times: user=0.00 sys=0.00, real=0.00 secs] 
1133.600: [GC (Allocation Failure) [PSYoungGen: 71645K->1437K(72192K)] 349857K->279649K(808960K), 0.0015814 secs] [Times: user=0.01 sys=0.00, real=0.00 secs] 
1133.723: [GC (Allocation Failure) [PSYoungGen: 71581K->1504K(72192K)] 349793K->279731K(808960K), 0.0017377 secs] [Times: user=0.01 sys=0.00, real=0.01 secs] 
1134.337: [GC (Allocation Failure) [PSYoungGen: 71648K->1408K(71680K)] 349875K->279635K(808448K), 0.0033332 secs] [Times: user=0.01 sys=0.01, real=0.00 secs] 
1134.972: [GC (Allocation Failure) [PSYoungGen: 71552K->1376K(71680K)] 349779K->279603K(808448K), 0.0026261 secs] [Times: user=0.01 sys=0.01, real=0.01 secs] 
1135.434: [GC (Allocation Failure) [PSYoungGen: 71520K->1344K(71680K)] 349747K->279571K(808448K), 0.0029295 secs] [Times: user=0.01 sys=0.00, real=0.01 secs] 
1135.930: [GC (Allocation Failure) [PSYoungGen: 71488K->1392K(71680K)] 349715K->279619K(808448K), 0.0022027 secs] [Times: user=0.00 sys=0.00, real=0.00 secs] 
1136.336: [GC (Allocation Failure) [PSYoungGen: 71536K->1501K(71680K)] 349763K->279729K(808448K), 0.0023414 secs] [Times: user=0.01 sys=0.01, real=0.00 secs] 
1136.507: [GC (Allocation Failure) [PSYoungGen: 71645K->1501K(71680K)] 349873K->279729K(808448K), 0.0017309 secs] [Times: user=0.01 sys=0.00, real=0.00 secs] 
1136.630: [GC (Allocation Failure) [PSYoungGen: 71645K->1437K(71680K)] 349873K->279665K(808448K), 0.0015540 secs] [Times: user=0.01 sys=0.00, real=0.00 secs] 
1136.752: [GC (Allocation Failure) [PSYoungGen: 71581K->1501K(71680K)] 349809K->279737K(808448K), 0.0016272 secs] [Times: user=0.01 sys=0.00, real=0.01 secs] 
1137.459: [GC (Allocation Failure) [PSYoungGen: 71645K->1440K(71680K)] 349881K->279675K(808448K), 0.0021681 secs] [Times: user=0.01 sys=0.00, real=0.00 secs] 
1138.021: [GC (Allocation Failure) [PSYoungGen: 71584K->1344K(71680K)] 349819K->279579K(808448K), 0.0021407 secs] [Times: user=0.01 sys=0.00, real=0.00 secs] 
1138.321: [GC (Allocation Failure) [PSYoungGen: 71488K->1376K(71680K)] 349723K->279611K(808448K), 0.0020812 secs] [Times: user=0.01 sys=0.00, real=0.00 secs] 
1138.612: [GC (Allocation Failure) [PSYoungGen: 71520K->1376K(71680K)] 349755K->279611K(808448K), 0.0020339 secs] [Times: user=0.01 sys=0.00, real=0.01 secs] 
1139.057: [GC (Allocation Failure) [PSYoungGen: 71520K->1469K(71680K)] 349755K->279705K(808448K), 0.0020890 secs] [Times: user=0.00 sys=0.00, real=0.00 secs] 
1139.204: [GC (Allocation Failure) [PSYoungGen: 71613K->1501K(72192K)] 349849K->279737K(808960K), 0.0015927 secs] [Times: user=0.01 sys=0.00, real=0.01 secs] 
1139.345: [GC (Allocation Failure) [PSYoungGen: 71645K->1469K(72192K)] 349881K->279705K(808960K), 0.0016958 secs] [Times: user=0.01 sys=0.00, real=0.00 secs] 
1139.780: [GC (Allocation Failure) [PSYoungGen: 71613K->1408K(72192K)] 349849K->279643K(808960K), 0.0021897 secs] [Times: user=0.01 sys=0.00, real=0.00 secs] 
1140.539: [GC (Allocation Failure) [PSYoungGen: 71552K->1408K(72192K)] 349787K->279659K(808960K), 0.0024660 secs] [Times: user=0.01 sys=0.00, real=0.00 secs] 
1141.462: [GC (Allocation Failure) [PSYoungGen: 71552K->1408K(72192K)] 349803K->279659K(808960K), 0.0031240 secs] [Times: user=0.02 sys=0.00, real=0.01 secs] 
1142.280: [GC (Allocation Failure) [PSYoungGen: 71552K->1376K(72192K)] 349803K->279627K(808960K), 0.0027903 secs] [Times: user=0.01 sys=0.00, real=0.00 secs] 
1142.796: [GC (Allocation Failure) [PSYoungGen: 71520K->1469K(72192K)] 349771K->279721K(808960K), 0.0019288 secs] [Times: user=0.01 sys=0.00, real=0.00 secs] 
1142.930: [GC (Allocation Failure) [PSYoungGen: 71596K->1504K(72192K)] 349848K->279755K(808960K), 0.0015366 secs] [Times: user=0.01 sys=0.00, real=0.00 secs] 
1143.053: [GC (Allocation Failure) [PSYoungGen: 71648K->1501K(72192K)] 349899K->279753K(808960K), 0.0015709 secs] [Times: user=0.01 sys=0.00, real=0.01 secs] 
1143.175: [GC (Allocation Failure) [PSYoungGen: 71645K->1469K(72192K)] 349897K->279721K(808960K), 0.0014900 secs] [Times: user=0.01 sys=0.00, real=0.00 secs] 
1143.471: [GC (Allocation Failure) [PSYoungGen: 71613K->1440K(72192K)] 349865K->279691K(808960K), 0.0019825 secs] [Times: user=0.01 sys=0.00, real=0.00 secs] 
1143.763: [GC (Allocation Failure) [PSYoungGen: 71584K->1344K(72192K)] 349835K->279595K(808960K), 0.0018299 secs] [Times: user=0.01 sys=0.00, real=0.01 secs] 
1144.054: [GC (Allocation Failure) [PSYoungGen: 71488K->1376K(72192K)] 349739K->279627K(808960K), 0.0017973 secs] [Times: user=0.00 sys=0.00, real=0.00 secs] 
1144.346: [GC (Allocation Failure) [PSYoungGen: 71520K->1408K(72192K)] 349771K->279659K(808960K), 0.0017607 secs] [Times: user=0.01 sys=0.00, real=0.00 secs] 
1144.653: [GC (Allocation Failure) [PSYoungGen: 71552K->1469K(72192K)] 349803K->279721K(808960K), 0.0017884 secs] [Times: user=0.00 sys=0.00, real=0.01 secs] 
1144.780: [GC (Allocation Failure) [PSYoungGen: 71591K->1472K(72192K)] 349843K->279723K(808960K), 0.0014844 secs] [Times: user=0.01 sys=0.00, real=0.00 secs] 
1144.905: [GC (Allocation Failure) [PSYoungGen: 71616K->1469K(72192K)] 349867K->279721K(808960K), 0.0016347 secs] [Times: user=0.00 sys=0.00, real=0.00 secs] 
1145.028: [GC (Allocation Failure) [PSYoungGen: 71613K->1472K(72192K)] 349865K->279739K(808960K), 0.0015869 secs] [Times: user=0.01 sys=0.00, real=0.00 secs] 
1146.872: [GC (Allocation Failure) [PSYoungGen: 71616K->1376K(72192K)] 349883K->279643K(808960K), 0.0023986 secs] [Times: user=0.01 sys=0.00, real=0.01 secs] 
1147.667: [GC (Allocation Failure) [PSYoungGen: 71520K->1376K(72192K)] 349787K->279643K(808960K), 0.0026079 secs] [Times: user=0.01 sys=0.00, real=0.00 secs] 
1148.377: [GC (Allocation Failure) [PSYoungGen: 71520K->1376K(72192K)] 349787K->279643K(808960K), 0.0024378 secs] [Times: user=0.01 sys=0.00, real=0.00 secs] 
1149.126: [GC (Allocation Failure) [PSYoungGen: 71520K->1408K(72192K)] 349787K->279675K(808960K), 0.0024857 secs] [Times: user=0.01 sys=0.00, real=0.00 secs] 
1149.720: [GC (Allocation Failure) [PSYoungGen: 71552K->1469K(72192K)] 349819K->279737K(808960K), 0.0020363 secs] [Times: user=0.01 sys=0.00, real=0.00 secs] 
1149.877: [GC (Allocation Failure) [PSYoungGen: 71613K->1501K(72192K)] 349881K->279769K(808960K), 0.0018421 secs] [Times: user=0.01 sys=0.00, real=0.00 secs] 
1150.035: [GC (Allocation Failure) [PSYoungGen: 71645K->1469K(72192K)] 349913K->279737K(808960K), 0.0015508 secs] [Times: user=0.01 sys=0.00, real=0.00 secs] 
1150.570: [GC (Allocation Failure) [PSYoungGen: 71613K->1968K(72192K)] 349881K->280235K(808960K), 0.0021039 secs] [Times: user=0.01 sys=0.00, real=0.00 secs] 
1151.555: [GC (Allocation Failure) [PSYoungGen: 72112K->1376K(72192K)] 350379K->279643K(808960K), 0.0033708 secs] [Times: user=0.01 sys=0.00, real=0.00 secs] 
1152.293: [GC (Allocation Failure) [PSYoungGen: 71520K->1392K(72192K)] 349787K->279659K(808960K), 0.0025618 secs] [Times: user=0.01 sys=0.00, real=0.01 secs] 
1153.280: [GC (Allocation Failure) [PSYoungGen: 71536K->1376K(72192K)] 349803K->279643K(808960K), 0.0030182 secs] [Times: user=0.01 sys=0.00, real=0.00 secs] 
1153.884: [GC (Allocation Failure) [PSYoungGen: 71492K->1469K(72192K)] 349760K->279761K(808960K), 0.0022647 secs] [Times: user=0.00 sys=0.00, real=0.00 secs] 
1154.043: [GC (Allocation Failure) [PSYoungGen: 71613K->1501K(72192K)] 349905K->279793K(808960K), 0.0016143 secs] [Times: user=0.00 sys=0.00, real=0.01 secs] 
1154.166: [GC (Allocation Failure) [PSYoungGen: 71645K->1456K(72192K)] 349937K->279747K(808960K), 0.0015373 secs] [Times: user=0.00 sys=0.00, real=0.00 secs] 
1154.288: [GC (Allocation Failure) [PSYoungGen: 71600K->1472K(72192K)] 349891K->279763K(808960K), 0.0015425 secs] [Times: user=0.01 sys=0.00, real=0.00 secs] 
1154.601: [GC (Allocation Failure) [PSYoungGen: 71616K->1440K(72192K)] 349907K->279731K(808960K), 0.0020876 secs] [Times: user=0.01 sys=0.00, real=0.00 secs] 
1154.893: [GC (Allocation Failure) [PSYoungGen: 71584K->1408K(72192K)] 349875K->279707K(808960K), 0.0019796 secs] [Times: user=0.01 sys=0.00, real=0.01 secs] 
1155.185: [GC (Allocation Failure) [PSYoungGen: 71552K->1344K(72192K)] 349851K->279643K(808960K), 0.0020618 secs] [Times: user=0.01 sys=0.00, real=0.00 secs] 
1155.769: [GC (Allocation Failure) [PSYoungGen: 71488K->1376K(72192K)] 349787K->279675K(808960K), 0.0019194 secs] [Times: user=0.01 sys=0.00, real=0.00 secs] 
1156.572: [GC (Allocation Failure) [PSYoungGen: 71520K->1469K(72192K)] 349819K->279769K(808960K), 0.0019245 secs] [Times: user=0.01 sys=0.00, real=0.01 secs] 
1156.708: [GC (Allocation Failure) [PSYoungGen: 71597K->1501K(72192K)] 349897K->279801K(808960K), 0.0017161 secs] [Times: user=0.00 sys=0.00, real=0.00 secs] 
1156.850: [GC (Allocation Failure) [PSYoungGen: 71645K->1469K(72192K)] 349945K->279769K(808960K), 0.0018685 secs] [Times: user=0.00 sys=0.00, real=0.00 secs] 
1156.999: [GC (Allocation Failure) [PSYoungGen: 71613K->1501K(72192K)] 349913K->279809K(808960K), 0.0016283 secs] [Times: user=0.01 sys=0.00, real=0.00 secs] 
1157.534: [GC (Allocation Failure) [PSYoungGen: 71645K->1408K(72192K)] 349953K->279715K(808960K), 0.0021392 secs] [Times: user=0.00 sys=0.00, real=0.00 secs] 
1157.876: [GC (Allocation Failure) [PSYoungGen: 71552K->1344K(72192K)] 349859K->279651K(808960K), 0.0019793 secs] [Times: user=0.01 sys=0.00, real=0.00 secs] 
1158.167: [GC (Allocation Failure) [PSYoungGen: 71488K->1376K(72192K)] 349795K->279683K(808960K), 0.0019620 secs] [Times: user=0.00 sys=0.00, real=0.00 secs] 
1158.783: [GC (Allocation Failure) [PSYoungGen: 71520K->1344K(72192K)] 349827K->279651K(808960K), 0.0020365 secs] [Times: user=0.00 sys=0.00, real=0.01 secs] 
1159.300: [GC (Allocation Failure) [PSYoungGen: 71488K->1501K(72192K)] 349795K->279809K(808960K), 0.0021235 secs] [Times: user=0.01 sys=0.00, real=0.00 secs] 
1159.438: [GC (Allocation Failure) [PSYoungGen: 71645K->1501K(72192K)] 349953K->279809K(808960K), 0.0016832 secs] [Times: user=0.01 sys=0.00, real=0.00 secs] 
1159.561: [GC (Allocation Failure) [PSYoungGen: 71645K->1520K(72192K)] 349953K->279827K(808960K), 0.0016910 secs] [Times: user=0.01 sys=0.00, real=0.00 secs] 
1159.685: [GC (Allocation Failure) [PSYoungGen: 71664K->256K(72192K)] 349971K->278563K(808960K), 0.0014588 secs] [Times: user=0.01 sys=0.01, real=0.00 secs] 
1160.706: [GC (Allocation Failure) [PSYoungGen: 70400K->1376K(72192K)] 348707K->279691K(808960K), 0.0027199 secs] [Times: user=0.01 sys=0.00, real=0.00 secs] 
1161.414: [GC (Allocation Failure) [PSYoungGen: 71520K->1408K(72192K)] 349835K->279723K(808960K), 0.0021851 secs] [Times: user=0.01 sys=0.00, real=0.00 secs] 
1162.164: [GC (Allocation Failure) [PSYoungGen: 71552K->1408K(72192K)] 349867K->279723K(808960K), 0.0024919 secs] [Times: user=0.01 sys=0.00, real=0.00 secs] 
1163.157: [GC (Allocation Failure) [PSYoungGen: 71309K->256K(72192K)] 349625K->278571K(808960K), 0.0027943 secs] [Times: user=0.01 sys=0.00, real=0.00 secs] 
1163.394: [GC (Allocation Failure) [PSYoungGen: 70400K->1485K(72192K)] 348715K->279801K(808960K), 0.0018080 secs] [Times: user=0.01 sys=0.00, real=0.00 secs] 
1163.527: [GC (Allocation Failure) [PSYoungGen: 71629K->1469K(72192K)] 349945K->279785K(808960K), 0.0015899 secs] [Times: user=0.01 sys=0.00, real=0.00 secs] 
1163.650: [GC (Allocation Failure) [PSYoungGen: 71613K->1469K(72192K)] 349929K->279785K(808960K), 0.0016067 secs] [Times: user=0.00 sys=0.00, real=0.00 secs] 
1164.093: [GC (Allocation Failure) [PSYoungGen: 71613K->1424K(72192K)] 349929K->279739K(808960K), 0.0037031 secs] [Times: user=0.01 sys=0.00, real=0.01 secs] 
1164.789: [GC (Allocation Failure) [PSYoungGen: 71568K->1376K(72192K)] 349883K->279691K(808960K), 0.0022974 secs] [Times: user=0.01 sys=0.00, real=0.00 secs] 
1165.674: [GC (Allocation Failure) [PSYoungGen: 71520K->1376K(72192K)] 349835K->279691K(808960K), 0.0026083 secs] [Times: user=0.01 sys=0.00, real=0.00 secs] 
1166.753: [GC (Allocation Failure) [PSYoungGen: 71520K->1408K(72192K)] 349835K->279723K(808960K), 0.0031488 secs] [Times: user=0.01 sys=0.00, real=0.01 secs] 
1167.668: [GC (Allocation Failure) [PSYoungGen: 71552K->1533K(72192K)] 349867K->279849K(808960K), 0.0021961 secs] [Times: user=0.00 sys=0.00, real=0.00 secs] 
1167.834: [GC (Allocation Failure) [PSYoungGen: 71657K->1456K(72192K)] 349972K->279771K(808960K), 0.0017178 secs] [Times: user=0.01 sys=0.00, real=0.00 secs] 
1167.958: [GC (Allocation Failure) [PSYoungGen: 71600K->1504K(72192K)] 349915K->279819K(808960K), 0.0016775 secs] [Times: user=0.01 sys=0.00, real=0.00 secs] 
1168.105: [GC (Allocation Failure) [PSYoungGen: 71648K->1437K(72192K)] 349963K->279769K(808960K), 0.0019978 secs] [Times: user=0.01 sys=0.00, real=0.00 secs] 
1169.189: [GC (Allocation Failure) [PSYoungGen: 71581K->1456K(72192K)] 349913K->279787K(808960K), 0.0033465 secs] [Times: user=0.01 sys=0.00, real=0.00 secs] 
1169.791: [GC (Allocation Failure) [PSYoungGen: 71600K->1392K(72192K)] 349931K->279723K(808960K), 0.0021729 secs] [Times: user=0.01 sys=0.00, real=0.00 secs] 
1170.380: [GC (Allocation Failure) [PSYoungGen: 71536K->1376K(72192K)] 349867K->279707K(808960K), 0.0021057 secs] [Times: user=0.01 sys=0.00, real=0.00 secs] 
1171.218: [GC (Allocation Failure) [PSYoungGen: 71520K->1408K(72192K)] 349851K->279739K(808960K), 0.0036579 secs] [Times: user=0.02 sys=0.00, real=0.00 secs] 
1171.728: [GC (Allocation Failure) [PSYoungGen: 71552K->1469K(72192K)] 349883K->279801K(808960K), 0.0021558 secs] [Times: user=0.01 sys=0.00, real=0.00 secs] 
1171.872: [GC (Allocation Failure) [PSYoungGen: 71613K->1520K(72192K)] 349945K->279851K(808960K), 0.0029507 secs] [Times: user=0.01 sys=0.00, real=0.01 secs] 
1172.029: [GC (Allocation Failure) [PSYoungGen: 71664K->1453K(72192K)] 349995K->279785K(808960K), 0.0019029 secs] [Times: user=0.01 sys=0.01, real=0.00 secs] 
1172.193: [GC (Allocation Failure) [PSYoungGen: 71597K->1501K(72192K)] 349929K->279849K(808960K), 0.0016002 secs] [Times: user=0.01 sys=0.00, real=0.01 secs] 
1174.348: [GC (Allocation Failure) [PSYoungGen: 71645K->1392K(72192K)] 349993K->279755K(808960K), 0.0031462 secs] [Times: user=0.01 sys=0.00, real=0.00 secs] 
1175.052: [GC (Allocation Failure) [PSYoungGen: 71536K->1376K(72192K)] 349899K->279739K(808960K), 0.0035252 secs] [Times: user=0.01 sys=0.00, real=0.01 secs] 
1175.782: [GC (Allocation Failure) [PSYoungGen: 71520K->1312K(72192K)] 349883K->279675K(808960K), 0.0022148 secs] [Times: user=0.01 sys=0.00, real=0.01 secs] 
1176.455: [GC (Allocation Failure) [PSYoungGen: 71456K->1376K(72192K)] 349819K->279739K(808960K), 0.0026904 secs] [Times: user=0.02 sys=0.00, real=0.00 secs] 
1177.130: [GC (Allocation Failure) [PSYoungGen: 71520K->1437K(72192K)] 349883K->279801K(808960K), 0.0019808 secs] [Times: user=0.01 sys=0.00, real=0.00 secs] 
1177.265: [GC (Allocation Failure) [PSYoungGen: 71581K->1488K(72192K)] 349945K->279851K(808960K), 0.0017291 secs] [Times: user=0.01 sys=0.00, real=0.00 secs] 
1177.388: [GC (Allocation Failure) [PSYoungGen: 71632K->1517K(72192K)] 349995K->279881K(808960K), 0.0016042 secs] [Times: user=0.01 sys=0.00, real=0.00 secs] 
1178.890: [GC (Allocation Failure) [PSYoungGen: 71661K->1424K(72192K)] 350025K->279787K(808960K), 0.0037527 secs] [Times: user=0.01 sys=0.01, real=0.01 secs] 
1180.321: [GC (Allocation Failure) [PSYoungGen: 71568K->1376K(72192K)] 349931K->279739K(808960K), 0.0030078 secs] [Times: user=0.01 sys=0.01, real=0.00 secs] 
1180.956: [GC (Allocation Failure) [PSYoungGen: 71520K->1376K(72192K)] 349883K->279739K(808960K), 0.0019645 secs] [Times: user=0.01 sys=0.00, real=0.00 secs] 
1181.494: [GC (Allocation Failure) [PSYoungGen: 71520K->1376K(72192K)] 349883K->279739K(808960K), 0.0017950 secs] [Times: user=0.00 sys=0.00, real=0.00 secs] 
1182.301: [GC (Allocation Failure) [PSYoungGen: 71520K->1469K(72192K)] 349883K->279833K(808960K), 0.0024562 secs] [Times: user=0.01 sys=0.00, real=0.01 secs] 
1182.519: [GC (Allocation Failure) [PSYoungGen: 71613K->1469K(72192K)] 349977K->279833K(808960K), 0.0021020 secs] [Times: user=0.01 sys=0.00, real=0.00 secs] 
1182.658: [GC (Allocation Failure) [PSYoungGen: 71613K->1469K(72192K)] 349977K->279833K(808960K), 0.0015403 secs] [Times: user=0.01 sys=0.00, real=0.00 secs] 
1182.780: [GC (Allocation Failure) [PSYoungGen: 71613K->1469K(72192K)] 349977K->279833K(808960K), 0.0015196 secs] [Times: user=0.01 sys=0.00, real=0.00 secs] 
1183.434: [GC (Allocation Failure) [PSYoungGen: 71613K->1456K(72192K)] 349977K->279819K(808960K), 0.0032785 secs] [Times: user=0.01 sys=0.00, real=0.00 secs] 
1183.814: [GC (Allocation Failure) [PSYoungGen: 71600K->1376K(72192K)] 349963K->279747K(808960K), 0.0020149 secs] [Times: user=0.01 sys=0.00, real=0.00 secs] 
1184.138: [GC (Allocation Failure) [PSYoungGen: 71520K->1376K(72192K)] 349891K->279747K(808960K), 0.0019468 secs] [Times: user=0.01 sys=0.00, real=0.00 secs] 
1185.003: [GC (Allocation Failure) [PSYoungGen: 71520K->1408K(72192K)] 349891K->279779K(808960K), 0.0022968 secs] [Times: user=0.01 sys=0.00, real=0.01 secs] 
1185.747: [GC (Allocation Failure) [PSYoungGen: 71552K->1389K(72192K)] 349923K->279761K(808960K), 0.0021570 secs] [Times: user=0.01 sys=0.00, real=0.00 secs] 
1185.896: [GC (Allocation Failure) [PSYoungGen: 71522K->1469K(72192K)] 349893K->279841K(808960K), 0.0016365 secs] [Times: user=0.01 sys=0.00, real=0.00 secs] 
1186.022: [GC (Allocation Failure) [PSYoungGen: 71613K->1501K(72192K)] 349985K->279873K(808960K), 0.0015547 secs] [Times: user=0.01 sys=0.00, real=0.00 secs] 
1186.144: [GC (Allocation Failure) [PSYoungGen: 71645K->1469K(72192K)] 350017K->279857K(808960K), 0.0016033 secs] [Times: user=0.01 sys=0.00, real=0.00 secs] 
1187.529: [GC (Allocation Failure) [PSYoungGen: 71613K->1440K(72192K)] 350001K->279827K(808960K), 0.0032280 secs] [Times: user=0.01 sys=0.00, real=0.00 secs] 
1188.598: [GC (Allocation Failure) [PSYoungGen: 71584K->1408K(72192K)] 349971K->279795K(808960K), 0.0024127 secs] [Times: user=0.01 sys=0.00, real=0.00 secs] 
1189.417: [GC (Allocation Failure) [PSYoungGen: 71552K->1376K(72192K)] 349939K->279763K(808960K), 0.0026046 secs] [Times: user=0.01 sys=0.00, real=0.00 secs] 
1190.118: [GC (Allocation Failure) [PSYoungGen: 71520K->1376K(72192K)] 349907K->279763K(808960K), 0.0028044 secs] [Times: user=0.01 sys=0.00, real=0.00 secs] 
1190.770: [GC (Allocation Failure) [PSYoungGen: 71520K->1469K(72192K)] 349907K->279857K(808960K), 0.0020311 secs] [Times: user=0.01 sys=0.00, real=0.00 secs] 
1190.912: [GC (Allocation Failure) [PSYoungGen: 71613K->1469K(72192K)] 350001K->279857K(808960K), 0.0016618 secs] [Times: user=0.01 sys=0.00, real=0.00 secs] 
1191.034: [GC (Allocation Failure) [PSYoungGen: 71613K->1501K(72192K)] 350001K->279889K(808960K), 0.0016849 secs] [Times: user=0.01 sys=0.00, real=0.00 secs] 
1191.306: [GC (Allocation Failure) [PSYoungGen: 71645K->1728K(72192K)] 350033K->280115K(808960K), 0.0020397 secs] [Times: user=0.01 sys=0.00, real=0.00 secs] 
1192.093: [GC (Allocation Failure) [PSYoungGen: 71872K->1376K(72192K)] 350259K->279763K(808960K), 0.0021878 secs] [Times: user=0.01 sys=0.00, real=0.01 secs] 
1193.294: [GC (Allocation Failure) [PSYoungGen: 71520K->1376K(72192K)] 349907K->279763K(808960K), 0.0038968 secs] [Times: user=0.01 sys=0.00, real=0.00 secs] 
1194.582: [GC (Allocation Failure) [PSYoungGen: 71520K->1360K(72192K)] 349907K->279763K(808960K), 0.0038887 secs] [Times: user=0.01 sys=0.00, real=0.01 secs] 
1195.835: [GC (Allocation Failure) [PSYoungGen: 71504K->1437K(72192K)] 349907K->279841K(808960K), 0.0036498 secs] [Times: user=0.02 sys=0.00, real=0.00 secs] 
1196.061: [GC (Allocation Failure) [PSYoungGen: 71581K->1469K(72192K)] 349985K->279873K(808960K), 0.0018347 secs] [Times: user=0.01 sys=0.00, real=0.00 secs] 
1196.225: [GC (Allocation Failure) [PSYoungGen: 71613K->1453K(72192K)] 350017K->279857K(808960K), 0.0018078 secs] [Times: user=0.01 sys=0.00, real=0.00 secs] 
1196.381: [GC (Allocation Failure) [PSYoungGen: 71597K->1501K(72192K)] 350001K->279905K(808960K), 0.0016921 secs] [Times: user=0.01 sys=0.00, real=0.00 secs] 
1196.834: [GC (Allocation Failure) [PSYoungGen: 71645K->1424K(72192K)] 350049K->279827K(808960K), 0.0024537 secs] [Times: user=0.01 sys=0.00, real=0.01 secs] 
1197.462: [GC (Allocation Failure) [PSYoungGen: 71568K->1376K(72192K)] 349971K->279779K(808960K), 0.0023178 secs] [Times: user=0.01 sys=0.00, real=0.01 secs] 
1198.115: [GC (Allocation Failure) [PSYoungGen: 71520K->1376K(72192K)] 349923K->279779K(808960K), 0.0020742 secs] [Times: user=0.01 sys=0.00, real=0.00 secs] 
1198.789: [GC (Allocation Failure) [PSYoungGen: 71520K->1344K(72192K)] 349923K->279747K(808960K), 0.0022894 secs] [Times: user=0.01 sys=0.00, real=0.00 secs] 
1199.364: [GC (Allocation Failure) [PSYoungGen: 71488K->1469K(72192K)] 349891K->279873K(808960K), 0.0021687 secs] [Times: user=0.01 sys=0.00, real=0.00 secs] 
1199.515: [GC (Allocation Failure) [PSYoungGen: 71595K->1501K(72192K)] 349999K->279905K(808960K), 0.0016593 secs] [Times: user=0.01 sys=0.00, real=0.00 secs] 
1199.639: [GC (Allocation Failure) [PSYoungGen: 71645K->1469K(72192K)] 350049K->279873K(808960K), 0.0016130 secs] [Times: user=0.00 sys=0.01, real=0.00 secs] 
1199.761: [GC (Allocation Failure) [PSYoungGen: 71613K->1472K(72192K)] 350017K->279891K(808960K), 0.0016033 secs] [Times: user=0.00 sys=0.00, real=0.00 secs] 
1200.370: [GC (Allocation Failure) [PSYoungGen: 71616K->1440K(72192K)] 350035K->279859K(808960K), 0.0022126 secs] [Times: user=0.01 sys=0.00, real=0.00 secs] 
1200.661: [GC (Allocation Failure) [PSYoungGen: 71584K->1408K(72192K)] 350003K->279827K(808960K), 0.0018984 secs] [Times: user=0.00 sys=0.00, real=0.00 secs] 
1201.000: [GC (Allocation Failure) [PSYoungGen: 71552K->1376K(72192K)] 349971K->279795K(808960K), 0.0019354 secs] [Times: user=0.01 sys=0.00, real=0.00 secs] 
1201.588: [GC (Allocation Failure) [PSYoungGen: 71520K->1376K(72192K)] 349939K->279811K(808960K), 0.0018583 secs] [Times: user=0.01 sys=0.00, real=0.00 secs] 
1201.834: [GC (Allocation Failure) [PSYoungGen: 71520K->1488K(72192K)] 349955K->279923K(808960K), 0.0016457 secs] [Times: user=0.01 sys=0.00, real=0.00 secs] 
1201.957: [GC (Allocation Failure) [PSYoungGen: 71632K->1488K(72192K)] 350067K->279923K(808960K), 0.0015929 secs] [Times: user=0.00 sys=0.00, real=0.00 secs] 
1202.081: [GC (Allocation Failure) [PSYoungGen: 71632K->1472K(72192K)] 350067K->279907K(808960K), 0.0015657 secs] [Times: user=0.00 sys=0.00, real=0.00 secs] 
1202.204: [GC (Allocation Failure) [PSYoungGen: 71616K->1469K(72192K)] 350051K->279921K(808960K), 0.0015577 secs] [Times: user=0.01 sys=0.01, real=0.01 secs] 
1202.849: [GC (Allocation Failure) [PSYoungGen: 71613K->1408K(72192K)] 350065K->279859K(808960K), 0.0021207 secs] [Times: user=0.01 sys=0.00, real=0.00 secs] 
1203.543: [GC (Allocation Failure) [PSYoungGen: 71552K->1408K(72192K)] 350003K->279859K(808960K), 0.0023567 secs] [Times: user=0.01 sys=0.00, real=0.01 secs] 
1204.125: [GC (Allocation Failure) [PSYoungGen: 71552K->1344K(72192K)] 350003K->279795K(808960K), 0.0018818 secs] [Times: user=0.00 sys=0.00, real=0.00 secs] 
1204.675: [GC (Allocation Failure) [PSYoungGen: 71488K->1376K(72192K)] 349939K->279827K(808960K), 0.0020494 secs] [Times: user=0.01 sys=0.00, real=0.00 secs] 
1204.853: [GC (Allocation Failure) [PSYoungGen: 71520K->1469K(72192K)] 349971K->279921K(808960K), 0.0016321 secs] [Times: user=0.01 sys=0.00, real=0.01 secs] 
1204.995: [GC (Allocation Failure) [PSYoungGen: 71613K->1469K(72192K)] 350065K->279921K(808960K), 0.0017333 secs] [Times: user=0.01 sys=0.00, real=0.00 secs] 
1205.152: [GC (Allocation Failure) [PSYoungGen: 71613K->1533K(72192K)] 350065K->279985K(808960K), 0.0018263 secs] [Times: user=0.01 sys=0.00, real=0.01 secs] 
1206.565: [GC (Allocation Failure) [PSYoungGen: 71677K->1424K(72192K)] 350129K->279875K(808960K), 0.0043680 secs] [Times: user=0.02 sys=0.00, real=0.00 secs] 
1207.960: [GC (Allocation Failure) [PSYoungGen: 71568K->1376K(72192K)] 350019K->279827K(808960K), 0.0018969 secs] [Times: user=0.01 sys=0.00, real=0.00 secs] 
1208.251: [GC (Allocation Failure) [PSYoungGen: 71520K->1392K(72192K)] 349971K->279843K(808960K), 0.0018787 secs] [Times: user=0.01 sys=0.00, real=0.00 secs] 
1208.966: [GC (Allocation Failure) [PSYoungGen: 71536K->1344K(72192K)] 349987K->279795K(808960K), 0.0024480 secs] [Times: user=0.01 sys=0.00, real=0.00 secs] 
1209.567: [GC (Allocation Failure) [PSYoungGen: 71488K->1469K(72192K)] 349939K->279921K(808960K), 0.0019248 secs] [Times: user=0.00 sys=0.00, real=0.00 secs] 
1209.698: [GC (Allocation Failure) [PSYoungGen: 71588K->1456K(72192K)] 350040K->279915K(808960K), 0.0016444 secs] [Times: user=0.00 sys=0.00, real=0.00 secs] 
1209.821: [GC (Allocation Failure) [PSYoungGen: 71600K->1501K(72192K)] 350059K->279961K(808960K), 0.0016949 secs] [Times: user=0.00 sys=0.00, real=0.00 secs] 
1209.963: [GC (Allocation Failure) [PSYoungGen: 71645K->1469K(72192K)] 350105K->279929K(808960K), 0.0017492 secs] [Times: user=0.00 sys=0.00, real=0.01 secs] 
1211.089: [GC (Allocation Failure) [PSYoungGen: 71613K->1392K(72192K)] 350073K->279851K(808960K), 0.0026091 secs] [Times: user=0.00 sys=0.00, real=0.00 secs] 
1211.785: [GC (Allocation Failure) [PSYoungGen: 71536K->1344K(72192K)] 349995K->279803K(808960K), 0.0021767 secs] [Times: user=0.01 sys=0.00, real=0.00 secs] 
1212.369: [GC (Allocation Failure) [PSYoungGen: 71488K->1376K(72192K)] 349947K->279835K(808960K), 0.0020061 secs] [Times: user=0.01 sys=0.00, real=0.00 secs] 
1212.988: [GC (Allocation Failure) [PSYoungGen: 71520K->1344K(72192K)] 349979K->279811K(808960K), 0.0021915 secs] [Times: user=0.00 sys=0.00, real=0.00 secs] 
1213.570: [GC (Allocation Failure) [PSYoungGen: 71488K->1533K(72192K)] 349955K->280009K(808960K), 0.0018514 secs] [Times: user=0.01 sys=0.00, real=0.00 secs] 
1213.705: [GC (Allocation Failure) [PSYoungGen: 71677K->1456K(72192K)] 350153K->279931K(808960K), 0.0016160 secs] [Times: user=0.01 sys=0.00, real=0.00 secs] 
1213.829: [GC (Allocation Failure) [PSYoungGen: 71600K->1456K(72192K)] 350075K->279931K(808960K), 0.0016659 secs] [Times: user=0.01 sys=0.00, real=0.00 secs] 
1213.954: [GC (Allocation Failure) [PSYoungGen: 71600K->1456K(72192K)] 350075K->279947K(808960K), 0.0017038 secs] [Times: user=0.00 sys=0.00, real=0.00 secs] 
1214.853: [GC (Allocation Failure) [PSYoungGen: 71600K->1472K(72192K)] 350091K->279963K(808960K), 0.0022040 secs] [Times: user=0.01 sys=0.00, real=0.01 secs] 
1215.630: [GC (Allocation Failure) [PSYoungGen: 71616K->1408K(72192K)] 350107K->279899K(808960K), 0.0024298 secs] [Times: user=0.01 sys=0.00, real=0.00 secs] 
1216.197: [GC (Allocation Failure) [PSYoungGen: 71552K->1376K(72192K)] 350043K->279875K(808960K), 0.0022981 secs] [Times: user=0.00 sys=0.00, real=0.00 secs] 
1216.494: [GC (Allocation Failure) [PSYoungGen: 71520K->1392K(72192K)] 350019K->279899K(808960K), 0.0026238 secs] [Times: user=0.01 sys=0.00, real=0.01 secs] 
1216.822: [GC (Allocation Failure) [PSYoungGen: 71536K->1501K(72192K)] 350043K->280009K(808960K), 0.0015744 secs] [Times: user=0.01 sys=0.00, real=0.00 secs] 
1216.946: [GC (Allocation Failure) [PSYoungGen: 71645K->1456K(72192K)] 350153K->279963K(808960K), 0.0017309 secs] [Times: user=0.00 sys=0.00, real=0.00 secs] 
1217.068: [GC (Allocation Failure) [PSYoungGen: 71600K->1469K(72192K)] 350107K->279977K(808960K), 0.0016180 secs] [Times: user=0.01 sys=0.00, real=0.00 secs] 
1217.346: [GC (Allocation Failure) [PSYoungGen: 71613K->1440K(72192K)] 350121K->279947K(808960K), 0.0020084 secs] [Times: user=0.01 sys=0.00, real=0.00 secs] 
1217.776: [GC (Allocation Failure) [PSYoungGen: 71584K->1312K(72192K)] 350091K->279819K(808960K), 0.0019397 secs] [Times: user=0.00 sys=0.00, real=0.00 secs] 
1218.086: [GC (Allocation Failure) [PSYoungGen: 71456K->1312K(72192K)] 349963K->279819K(808960K), 0.0018988 secs] [Times: user=0.01 sys=0.00, real=0.00 secs] 
1218.408: [GC (Allocation Failure) [PSYoungGen: 71456K->1408K(72192K)] 349963K->279915K(808960K), 0.0018333 secs] [Times: user=0.01 sys=0.00, real=0.00 secs] 
1218.747: [GC (Allocation Failure) [PSYoungGen: 71552K->1501K(72192K)] 350059K->280009K(808960K), 0.0018260 secs] [Times: user=0.00 sys=0.00, real=0.00 secs] 
1218.916: [GC (Allocation Failure) [PSYoungGen: 71645K->1501K(72192K)] 350153K->280009K(808960K), 0.0019659 secs] [Times: user=0.01 sys=0.00, real=0.00 secs] 
1219.075: [GC (Allocation Failure) [PSYoungGen: 71645K->1456K(72192K)] 350153K->279963K(808960K), 0.0016617 secs] [Times: user=0.01 sys=0.00, real=0.00 secs] 
1219.200: [GC (Allocation Failure) [PSYoungGen: 71600K->1469K(72192K)] 350107K->279977K(808960K), 0.0016119 secs] [Times: user=0.01 sys=0.00, real=0.00 secs] 
1219.656: [GC (Allocation Failure) [PSYoungGen: 71613K->1424K(72192K)] 350121K->279947K(808960K), 0.0028140 secs] [Times: user=0.01 sys=0.00, real=0.00 secs] 
1220.638: [GC (Allocation Failure) [PSYoungGen: 71568K->1328K(72192K)] 350091K->279851K(808960K), 0.0027136 secs] [Times: user=0.01 sys=0.00, real=0.00 secs] 
1221.649: [GC (Allocation Failure) [PSYoungGen: 71472K->1344K(72192K)] 349995K->279867K(808960K), 0.0029875 secs] [Times: user=0.01 sys=0.00, real=0.00 secs] 
1222.456: [GC (Allocation Failure) [PSYoungGen: 71488K->1344K(72192K)] 350011K->279867K(808960K), 0.0021969 secs] [Times: user=0.01 sys=0.00, real=0.00 secs] 
1223.214: [GC (Allocation Failure) [PSYoungGen: 71488K->1501K(72192K)] 350011K->280025K(808960K), 0.0020680 secs] [Times: user=0.01 sys=0.00, real=0.00 secs] 
1223.371: [GC (Allocation Failure) [PSYoungGen: 71645K->1456K(72192K)] 350169K->279979K(808960K), 0.0016290 secs] [Times: user=0.01 sys=0.00, real=0.00 secs] 
1223.494: [GC (Allocation Failure) [PSYoungGen: 71600K->1504K(72192K)] 350123K->280027K(808960K), 0.0016317 secs] [Times: user=0.00 sys=0.00, real=0.00 secs] 
1223.636: [GC (Allocation Failure) [PSYoungGen: 71648K->1421K(72192K)] 350171K->279953K(808960K), 0.0018241 secs] [Times: user=0.01 sys=0.00, real=0.00 secs] 
1224.521: [GC (Allocation Failure) [PSYoungGen: 71565K->1344K(72192K)] 350097K->279875K(808960K), 0.0020391 secs] [Times: user=0.00 sys=0.00, real=0.00 secs] 
1225.479: [GC (Allocation Failure) [PSYoungGen: 71488K->1376K(72192K)] 350019K->279907K(808960K), 0.0025198 secs] [Times: user=0.01 sys=0.00, real=0.00 secs] 
1226.492: [GC (Allocation Failure) [PSYoungGen: 71520K->1360K(72192K)] 350051K->279891K(808960K), 0.0020912 secs] [Times: user=0.01 sys=0.00, real=0.01 secs] 
1227.252: [GC (Allocation Failure) [PSYoungGen: 71504K->1360K(72192K)] 350035K->279891K(808960K), 0.0024080 secs] [Times: user=0.01 sys=0.01, real=0.01 secs] 
1227.715: [GC (Allocation Failure) [PSYoungGen: 71493K->1469K(72192K)] 350025K->280001K(808960K), 0.0019694 secs] [Times: user=0.01 sys=0.00, real=0.00 secs] 
1227.843: [GC (Allocation Failure) [PSYoungGen: 71613K->1501K(72192K)] 350145K->280033K(808960K), 0.0016045 secs] [Times: user=0.00 sys=0.00, real=0.01 secs] 
1227.967: [GC (Allocation Failure) [PSYoungGen: 71645K->1501K(72192K)] 350177K->280033K(808960K), 0.0016983 secs] [Times: user=0.00 sys=0.00, real=0.00 secs] 
1228.152: [GC (Allocation Failure) [PSYoungGen: 71645K->1600K(72192K)] 350177K->280131K(808960K), 0.0016793 secs] [Times: user=0.01 sys=0.00, real=0.00 secs] 
1228.930: [GC (Allocation Failure) [PSYoungGen: 71744K->1328K(72192K)] 350275K->279859K(808960K), 0.0017484 secs] [Times: user=0.00 sys=0.00, real=0.00 secs] 
1229.695: [GC (Allocation Failure) [PSYoungGen: 71472K->1360K(72192K)] 350003K->279891K(808960K), 0.0020282 secs] [Times: user=0.01 sys=0.01, real=0.00 secs] 
1230.499: [GC (Allocation Failure) [PSYoungGen: 71504K->1344K(72192K)] 350035K->279875K(808960K), 0.0040488 secs] [Times: user=0.01 sys=0.00, real=0.00 secs] 
1231.201: [GC (Allocation Failure) [PSYoungGen: 71488K->1469K(72192K)] 350019K->280001K(808960K), 0.0024274 secs] [Times: user=0.01 sys=0.00, real=0.00 secs] 
1231.435: [GC (Allocation Failure) [PSYoungGen: 71613K->1469K(72192K)] 350145K->280001K(808960K), 0.0018768 secs] [Times: user=0.01 sys=0.00, real=0.00 secs] 
1231.569: [GC (Allocation Failure) [PSYoungGen: 71613K->1469K(72192K)] 350145K->280001K(808960K), 0.0015920 secs] [Times: user=0.01 sys=0.00, real=0.00 secs] 
1231.695: [GC (Allocation Failure) [PSYoungGen: 71613K->1501K(72192K)] 350145K->280033K(808960K), 0.0015625 secs] [Times: user=0.01 sys=0.00, real=0.00 secs] 
1232.390: [GC (Allocation Failure) [PSYoungGen: 71645K->1424K(72192K)] 350177K->279955K(808960K), 0.0034779 secs] [Times: user=0.02 sys=0.00, real=0.00 secs] 
1234.130: [GC (Allocation Failure) [PSYoungGen: 71568K->1408K(72192K)] 350099K->279955K(808960K), 0.0032620 secs] [Times: user=0.01 sys=0.00, real=0.01 secs] 
1235.038: [GC (Allocation Failure) [PSYoungGen: 71552K->1360K(72192K)] 350099K->279907K(808960K), 0.0018819 secs] [Times: user=0.01 sys=0.00, real=0.00 secs] 
1235.993: [GC (Allocation Failure) [PSYoungGen: 71504K->1408K(72192K)] 350051K->279955K(808960K), 0.0017901 secs] [Times: user=0.01 sys=0.00, real=0.01 secs] 
1236.732: [GC (Allocation Failure) [PSYoungGen: 71552K->1373K(72192K)] 350099K->279921K(808960K), 0.0019046 secs] [Times: user=0.00 sys=0.00, real=0.01 secs] 
1236.897: [GC (Allocation Failure) [PSYoungGen: 71516K->1533K(72192K)] 350064K->280081K(808960K), 0.0018359 secs] [Times: user=0.01 sys=0.00, real=0.00 secs] 
1237.051: [GC (Allocation Failure) [PSYoungGen: 71677K->1437K(72192K)] 350225K->279985K(808960K), 0.0016400 secs] [Times: user=0.00 sys=0.00, real=0.00 secs] 
1237.178: [GC (Allocation Failure) [PSYoungGen: 71581K->1488K(72192K)] 350129K->280043K(808960K), 0.0014773 secs] [Times: user=0.01 sys=0.00, real=0.00 secs] 
1237.450: [GC (Allocation Failure) [PSYoungGen: 71632K->1408K(72192K)] 350187K->279963K(808960K), 0.0020957 secs] [Times: user=0.00 sys=0.00, real=0.00 secs] 
1238.029: [GC (Allocation Failure) [PSYoungGen: 71552K->1440K(72192K)] 350107K->279995K(808960K), 0.0017921 secs] [Times: user=0.01 sys=0.00, real=0.00 secs] 
1238.756: [GC (Allocation Failure) [PSYoungGen: 71584K->1376K(72192K)] 350139K->279931K(808960K), 0.0021227 secs] [Times: user=0.01 sys=0.00, real=0.00 secs] 
1239.830: [GC (Allocation Failure) [PSYoungGen: 71520K->1408K(72192K)] 350075K->279963K(808960K), 0.0023660 secs] [Times: user=0.01 sys=0.00, real=0.00 secs] 
1240.316: [GC (Allocation Failure) [PSYoungGen: 71552K->1533K(72192K)] 350107K->280089K(808960K), 0.0039055 secs] [Times: user=0.02 sys=0.00, real=0.00 secs] 
1240.450: [GC (Allocation Failure) [PSYoungGen: 71677K->1469K(72192K)] 350233K->280025K(808960K), 0.0014732 secs] [Times: user=0.01 sys=0.00, real=0.00 secs] 
1240.593: [GC (Allocation Failure) [PSYoungGen: 71613K->1565K(72192K)] 350169K->280121K(808960K), 0.0017835 secs] [Times: user=0.01 sys=0.00, real=0.01 secs] 
1240.761: [GC (Allocation Failure) [PSYoungGen: 71709K->1469K(72192K)] 350265K->280041K(808960K), 0.0020314 secs] [Times: user=0.01 sys=0.00, real=0.00 secs] 
1241.707: [GC (Allocation Failure) [PSYoungGen: 71613K->1424K(72192K)] 350185K->279995K(808960K), 0.0019467 secs] [Times: user=0.01 sys=0.00, real=0.00 secs] 
1242.018: [GC (Allocation Failure) [PSYoungGen: 71568K->1408K(72192K)] 350139K->280003K(808960K), 0.0019498 secs] [Times: user=0.01 sys=0.00, real=0.00 secs] 
1242.333: [GC (Allocation Failure) [PSYoungGen: 71552K->1376K(72192K)] 350147K->279971K(808960K), 0.0020470 secs] [Times: user=0.00 sys=0.00, real=0.01 secs] 
1242.681: [GC (Allocation Failure) [PSYoungGen: 71520K->1408K(72192K)] 350115K->280003K(808960K), 0.0020104 secs] [Times: user=0.01 sys=0.00, real=0.00 secs] 
1242.885: [GC (Allocation Failure) [PSYoungGen: 71552K->1501K(72192K)] 350147K->280097K(808960K), 0.0015070 secs] [Times: user=0.00 sys=0.00, real=0.00 secs] 
1243.008: [GC (Allocation Failure) [PSYoungGen: 71645K->1469K(72192K)] 350241K->280065K(808960K), 0.0016187 secs] [Times: user=0.01 sys=0.00, real=0.00 secs] 
1243.132: [GC (Allocation Failure) [PSYoungGen: 71613K->1469K(72192K)] 350209K->280065K(808960K), 0.0015626 secs] [Times: user=0.01 sys=0.00, real=0.01 secs] 
1243.324: [GC (Allocation Failure) [PSYoungGen: 71613K->1440K(72192K)] 350209K->280051K(808960K), 0.0042398 secs] [Times: user=0.02 sys=0.00, real=0.00 secs] 
1243.717: [GC (Allocation Failure) [PSYoungGen: 71584K->1376K(78336K)] 350195K->279987K(815104K), 0.0018076 secs] [Times: user=0.01 sys=0.01, real=0.00 secs] 
1244.111: [GC (Allocation Failure) [PSYoungGen: 78176K->1344K(77824K)] 356787K->279955K(814592K), 0.0019981 secs] [Times: user=0.01 sys=0.00, real=0.00 secs] 
1244.485: [GC (Allocation Failure) [PSYoungGen: 77632K->1376K(77312K)] 356243K->279987K(814080K), 0.0022047 secs] [Times: user=0.01 sys=0.00, real=0.00 secs] 
1244.989: [GC (Allocation Failure) [PSYoungGen: 77152K->1533K(76800K)] 355763K->280145K(813568K), 0.0027293 secs] [Times: user=0.01 sys=0.00, real=0.00 secs] 
1245.184: [GC (Allocation Failure) [PSYoungGen: 76797K->1485K(76288K)] 355409K->280097K(813056K), 0.0016672 secs] [Times: user=0.00 sys=0.00, real=0.00 secs] 
1245.315: [GC (Allocation Failure) [PSYoungGen: 76237K->1501K(75776K)] 354849K->280113K(812544K), 0.0017308 secs] [Times: user=0.00 sys=0.00, real=0.00 secs] 
1245.447: [GC (Allocation Failure) [PSYoungGen: 75741K->1501K(75264K)] 354353K->280113K(812032K), 0.0016620 secs] [Times: user=0.01 sys=0.00, real=0.00 secs] 
1246.146: [GC (Allocation Failure) [PSYoungGen: 75229K->1424K(74752K)] 353841K->280035K(811520K), 0.0033646 secs] [Times: user=0.01 sys=0.00, real=0.00 secs] 
1246.697: [GC (Allocation Failure) [PSYoungGen: 74640K->1408K(74240K)] 353251K->280019K(811008K), 0.0024436 secs] [Times: user=0.01 sys=0.00, real=0.00 secs] 
1247.299: [GC (Allocation Failure) [PSYoungGen: 74112K->1376K(73728K)] 352723K->279987K(810496K), 0.0028195 secs] [Times: user=0.01 sys=0.00, real=0.00 secs] 
1248.117: [GC (Allocation Failure) [PSYoungGen: 73568K->1469K(73216K)] 352179K->280081K(809984K), 0.0026335 secs] [Times: user=0.01 sys=0.00, real=0.00 secs] 
1248.292: [GC (Allocation Failure) [PSYoungGen: 73149K->1469K(72704K)] 351761K->280081K(809472K), 0.0016682 secs] [Times: user=0.01 sys=0.00, real=0.00 secs] 
1248.418: [GC (Allocation Failure) [PSYoungGen: 72637K->1469K(72192K)] 351249K->280081K(808960K), 0.0018382 secs] [Times: user=0.01 sys=0.00, real=0.00 secs] 
1248.543: [GC (Allocation Failure) [PSYoungGen: 72125K->1469K(72704K)] 350737K->280081K(809472K), 0.0014771 secs] [Times: user=0.00 sys=0.00, real=0.01 secs] 
1249.037: [GC (Allocation Failure) [PSYoungGen: 72125K->1456K(72704K)] 350737K->280075K(809472K), 0.0018663 secs] [Times: user=0.01 sys=0.00, real=0.00 secs] 
1249.831: [GC (Allocation Failure) [PSYoungGen: 72112K->1376K(72704K)] 350731K->279995K(809472K), 0.0021901 secs] [Times: user=0.01 sys=0.00, real=0.00 secs] 
1250.843: [GC (Allocation Failure) [PSYoungGen: 72032K->1376K(72704K)] 350651K->279995K(809472K), 0.0032038 secs] [Times: user=0.01 sys=0.00, real=0.01 secs] 
1251.933: [GC (Allocation Failure) [PSYoungGen: 72032K->1344K(72704K)] 350651K->279963K(809472K), 0.0023405 secs] [Times: user=0.01 sys=0.00, real=0.01 secs] 
1252.639: [GC (Allocation Failure) [PSYoungGen: 72000K->1501K(72704K)] 350619K->280137K(809472K), 0.0018840 secs] [Times: user=0.00 sys=0.00, real=0.00 secs] 
1252.774: [GC (Allocation Failure) [PSYoungGen: 72157K->1456K(72704K)] 350793K->280092K(809472K), 0.0016508 secs] [Times: user=0.01 sys=0.00, real=0.00 secs] 
1252.899: [GC (Allocation Failure) [PSYoungGen: 72112K->1440K(72704K)] 350748K->280075K(809472K), 0.0016054 secs] [Times: user=0.01 sys=0.00, real=0.00 secs] 
1253.025: [GC (Allocation Failure) [PSYoungGen: 72090K->1549K(72704K)] 350726K->280185K(809472K), 0.0016636 secs] [Times: user=0.00 sys=0.00, real=0.00 secs] 
1253.536: [GC (Allocation Failure) [PSYoungGen: 72205K->1376K(72704K)] 350841K->280011K(809472K), 0.0021228 secs] [Times: user=0.01 sys=0.00, real=0.00 secs] 
1253.830: [GC (Allocation Failure) [PSYoungGen: 72032K->1344K(72704K)] 350667K->279979K(809472K), 0.0020400 secs] [Times: user=0.01 sys=0.00, real=0.00 secs] 
1254.123: [GC (Allocation Failure) [PSYoungGen: 72000K->1376K(72704K)] 350635K->280011K(809472K), 0.0020374 secs] [Times: user=0.01 sys=0.00, real=0.01 secs] 
1254.417: [GC (Allocation Failure) [PSYoungGen: 72032K->1376K(72704K)] 350667K->280011K(809472K), 0.0017230 secs] [Times: user=0.01 sys=0.00, real=0.00 secs] 
1254.593: [GC (Allocation Failure) [PSYoungGen: 72032K->1424K(72704K)] 350667K->280059K(809472K), 0.0016302 secs] [Times: user=0.01 sys=0.00, real=0.01 secs] 
1254.719: [GC (Allocation Failure) [PSYoungGen: 72080K->1501K(72704K)] 350715K->280145K(809472K), 0.0016493 secs] [Times: user=0.01 sys=0.00, real=0.00 secs] 
1254.866: [GC (Allocation Failure) [PSYoungGen: 72157K->1469K(72704K)] 350801K->280113K(809472K), 0.0017396 secs] [Times: user=0.01 sys=0.00, real=0.00 secs] 
1255.077: [GC (Allocation Failure) [PSYoungGen: 72125K->1472K(72704K)] 350769K->280115K(809472K), 0.0020067 secs] [Times: user=0.01 sys=0.00, real=0.00 secs] 
1255.399: [GC (Allocation Failure) [PSYoungGen: 72128K->1408K(72704K)] 350771K->280051K(809472K), 0.0020174 secs] [Times: user=0.01 sys=0.00, real=0.00 secs] 
1255.693: [GC (Allocation Failure) [PSYoungGen: 72064K->1376K(72704K)] 350707K->280019K(809472K), 0.0023561 secs] [Times: user=0.01 sys=0.00, real=0.01 secs] 
1255.987: [GC (Allocation Failure) [PSYoungGen: 72032K->1376K(72704K)] 350675K->280019K(809472K), 0.0019423 secs] [Times: user=0.00 sys=0.00, real=0.00 secs] 
1256.260: [GC (Allocation Failure) [PSYoungGen: 72032K->1501K(72704K)] 350675K->280145K(809472K), 0.0014365 secs] [Times: user=0.00 sys=0.00, real=0.00 secs] 
1256.384: [GC (Allocation Failure) [PSYoungGen: 72157K->1501K(72704K)] 350801K->280145K(809472K), 0.0016574 secs] [Times: user=0.01 sys=0.00, real=0.00 secs] 
1256.510: [GC (Allocation Failure) [PSYoungGen: 72157K->1488K(72704K)] 350801K->280132K(809472K), 0.0015644 secs] [Times: user=0.01 sys=0.00, real=0.00 secs] 
1256.636: [GC (Allocation Failure) [PSYoungGen: 72144K->1501K(72704K)] 350788K->280145K(809472K), 0.0015644 secs] [Times: user=0.01 sys=0.00, real=0.00 secs] 
1258.220: [GC (Allocation Failure) [PSYoungGen: 72157K->1392K(72704K)] 350801K->280035K(809472K), 0.0031844 secs] [Times: user=0.01 sys=0.00, real=0.00 secs] 
1259.611: [GC (Allocation Failure) [PSYoungGen: 72048K->1376K(72704K)] 350691K->280019K(809472K), 0.0029990 secs] [Times: user=0.01 sys=0.00, real=0.01 secs] 
1260.704: [GC (Allocation Failure) [PSYoungGen: 72032K->1312K(72704K)] 350675K->279955K(809472K), 0.0024261 secs] [Times: user=0.01 sys=0.00, real=0.00 secs] 
1261.416: [GC (Allocation Failure) [PSYoungGen: 71968K->1376K(72704K)] 350611K->280019K(809472K), 0.0024501 secs] [Times: user=0.00 sys=0.01, real=0.00 secs] 
1261.796: [GC (Allocation Failure) [PSYoungGen: 72032K->1456K(72704K)] 350675K->280100K(809472K), 0.0017560 secs] [Times: user=0.01 sys=0.00, real=0.00 secs] 
1261.977: [GC (Allocation Failure) [PSYoungGen: 72112K->1485K(72704K)] 350756K->280145K(809472K), 0.0023709 secs] [Times: user=0.00 sys=0.00, real=0.00 secs] 
1262.140: [GC (Allocation Failure) [PSYoungGen: 72141K->1469K(72704K)] 350801K->280129K(809472K), 0.0015923 secs] [Times: user=0.00 sys=0.00, real=0.00 secs] 
1262.470: [GC (Allocation Failure) [PSYoungGen: 72125K->1504K(72704K)] 350785K->280163K(809472K), 0.0018929 secs] [Times: user=0.01 sys=0.00, real=0.00 secs] 
1263.570: [GC (Allocation Failure) [PSYoungGen: 72160K->1408K(72704K)] 350819K->280067K(809472K), 0.0029110 secs] [Times: user=0.02 sys=0.00, real=0.00 secs] 
1264.224: [GC (Allocation Failure) [PSYoungGen: 72064K->1408K(72704K)] 350723K->280067K(809472K), 0.0021150 secs] [Times: user=0.01 sys=0.00, real=0.00 secs] 
1264.777: [GC (Allocation Failure) [PSYoungGen: 72064K->1392K(72704K)] 350723K->280051K(809472K), 0.0022054 secs] [Times: user=0.01 sys=0.00, real=0.00 secs] 
1265.456: [GC (Allocation Failure) [PSYoungGen: 72048K->1437K(72704K)] 350707K->280097K(809472K), 0.0021801 secs] [Times: user=0.00 sys=0.00, real=0.00 secs] 
1265.613: [GC (Allocation Failure) [PSYoungGen: 72093K->1437K(72704K)] 350753K->280097K(809472K), 0.0016178 secs] [Times: user=0.01 sys=0.00, real=0.01 secs] 
1265.739: [GC (Allocation Failure) [PSYoungGen: 72093K->1437K(72704K)] 350753K->280097K(809472K), 0.0015137 secs] [Times: user=0.00 sys=0.00, real=0.00 secs] 
1265.864: [GC (Allocation Failure) [PSYoungGen: 72093K->1501K(72704K)] 350753K->280161K(809472K), 0.0015765 secs] [Times: user=0.01 sys=0.00, real=0.01 secs] 
1266.285: [GC (Allocation Failure) [PSYoungGen: 72157K->1472K(72704K)] 350817K->280131K(809472K), 0.0017467 secs] [Times: user=0.01 sys=0.00, real=0.00 secs] 
1266.645: [GC (Allocation Failure) [PSYoungGen: 72128K->1408K(72704K)] 350787K->280067K(809472K), 0.0017288 secs] [Times: user=0.01 sys=0.00, real=0.00 secs] 
1267.145: [GC (Allocation Failure) [PSYoungGen: 72064K->1376K(72704K)] 350723K->280035K(809472K), 0.0021519 secs] [Times: user=0.00 sys=0.00, real=0.00 secs] 
1267.821: [GC (Allocation Failure) [PSYoungGen: 72032K->1376K(72704K)] 350691K->280035K(809472K), 0.0020650 secs] [Times: user=0.01 sys=0.00, real=0.00 secs] 
1268.448: [GC (Allocation Failure) [PSYoungGen: 72032K->1533K(72704K)] 350691K->280193K(809472K), 0.0021557 secs] [Times: user=0.01 sys=0.00, real=0.00 secs] 
1268.607: [GC (Allocation Failure) [PSYoungGen: 72189K->1437K(72704K)] 350849K->280097K(809472K), 0.0016249 secs] [Times: user=0.00 sys=0.00, real=0.00 secs] 
1268.733: [GC (Allocation Failure) [PSYoungGen: 72093K->1501K(72704K)] 350753K->280161K(809472K), 0.0015754 secs] [Times: user=0.01 sys=0.00, real=0.01 secs] 
1268.859: [GC (Allocation Failure) [PSYoungGen: 72157K->1453K(72704K)] 350817K->280129K(809472K), 0.0016027 secs] [Times: user=0.01 sys=0.00, real=0.00 secs] 
1270.287: [GC (Allocation Failure) [PSYoungGen: 72109K->1440K(72704K)] 350785K->280115K(809472K), 0.0037822 secs] [Times: user=0.02 sys=0.00, real=0.00 secs] 
1271.236: [GC (Allocation Failure) [PSYoungGen: 72096K->1376K(72704K)] 350771K->280051K(809472K), 0.0032041 secs] [Times: user=0.01 sys=0.00, real=0.00 secs] 
1272.097: [GC (Allocation Failure) [PSYoungGen: 72032K->1392K(72704K)] 350707K->280091K(809472K), 0.0040939 secs] [Times: user=0.02 sys=0.00, real=0.00 secs] 
1273.107: [GC (Allocation Failure) [PSYoungGen: 72048K->1360K(72704K)] 350747K->280059K(809472K), 0.0039896 secs] [Times: user=0.02 sys=0.00, real=0.00 secs] 
1273.619: [GC (Allocation Failure) [PSYoungGen: 72016K->1501K(72704K)] 350715K->280201K(809472K), 0.0019375 secs] [Times: user=0.01 sys=0.00, real=0.00 secs] 
1273.760: [GC (Allocation Failure) [PSYoungGen: 72157K->1520K(72704K)] 350857K->280220K(809472K), 0.0015098 secs] [Times: user=0.00 sys=0.00, real=0.00 secs] 
1273.884: [GC (Allocation Failure) [PSYoungGen: 72176K->1469K(72704K)] 350876K->280169K(809472K), 0.0016118 secs] [Times: user=0.01 sys=0.00, real=0.00 secs] 
1274.107: [GC (Allocation Failure) [PSYoungGen: 72125K->1952K(72704K)] 350825K->280651K(809472K), 0.0018558 secs] [Times: user=0.01 sys=0.00, real=0.00 secs] 
1274.449: [GC (Allocation Failure) [PSYoungGen: 72608K->1376K(72704K)] 351307K->280075K(809472K), 0.0016669 secs] [Times: user=0.01 sys=0.00, real=0.00 secs] 
1274.995: [GC (Allocation Failure) [PSYoungGen: 72032K->1344K(72704K)] 350731K->280043K(809472K), 0.0046623 secs] [Times: user=0.02 sys=0.00, real=0.00 secs] 
1275.653: [GC (Allocation Failure) [PSYoungGen: 72000K->1408K(72704K)] 350699K->280107K(809472K), 0.0019931 secs] [Times: user=0.01 sys=0.00, real=0.01 secs] 
1276.430: [GC (Allocation Failure) [PSYoungGen: 72064K->1456K(72704K)] 350763K->280156K(809472K), 0.0032144 secs] [Times: user=0.01 sys=0.00, real=0.00 secs] 
1276.640: [GC (Allocation Failure) [PSYoungGen: 72112K->1501K(72704K)] 350812K->280201K(809472K), 0.0015725 secs] [Times: user=0.01 sys=0.00, real=0.00 secs] 
1276.765: [GC (Allocation Failure) [PSYoungGen: 72157K->1469K(72704K)] 350857K->280169K(809472K), 0.0016186 secs] [Times: user=0.01 sys=0.00, real=0.00 secs] 
1276.891: [GC (Allocation Failure) [PSYoungGen: 72122K->1520K(72704K)] 350822K->280220K(809472K), 0.0015912 secs] [Times: user=0.01 sys=0.00, real=0.00 secs] 
1277.115: [GC (Allocation Failure) [PSYoungGen: 72176K->1440K(72704K)] 350876K->280139K(809472K), 0.0014604 secs] [Times: user=0.00 sys=0.00, real=0.00 secs] 
1277.408: [GC (Allocation Failure) [PSYoungGen: 72096K->1344K(72704K)] 350795K->280043K(809472K), 0.0014518 secs] [Times: user=0.00 sys=0.00, real=0.00 secs] 
1277.719: [GC (Allocation Failure) [PSYoungGen: 72000K->1408K(72704K)] 350699K->280107K(809472K), 0.0016268 secs] [Times: user=0.01 sys=0.00, real=0.00 secs] 
1278.012: [GC (Allocation Failure) [PSYoungGen: 72064K->1376K(72704K)] 350763K->280075K(809472K), 0.0017385 secs] [Times: user=0.01 sys=0.00, real=0.01 secs] 
1278.407: [GC (Allocation Failure) [PSYoungGen: 72032K->1469K(72704K)] 350731K->280169K(809472K), 0.0024214 secs] [Times: user=0.01 sys=0.00, real=0.00 secs] 
1278.576: [GC (Allocation Failure) [PSYoungGen: 72125K->1501K(72704K)] 350825K->280201K(809472K), 0.0016564 secs] [Times: user=0.01 sys=0.00, real=0.00 secs] 
1278.719: [GC (Allocation Failure) [PSYoungGen: 72157K->1485K(72704K)] 350857K->280185K(809472K), 0.0046155 secs] [Times: user=0.02 sys=0.00, real=0.01 secs] 
1278.880: [GC (Allocation Failure) [PSYoungGen: 72141K->1501K(79360K)] 350841K->280209K(816128K), 0.0014648 secs] [Times: user=0.00 sys=0.00, real=0.00 secs] 
1280.008: [GC (Allocation Failure) [PSYoungGen: 79325K->1424K(79872K)] 358033K->280131K(816640K), 0.0042524 secs] [Times: user=0.02 sys=0.00, real=0.00 secs] 
1280.864: [GC (Allocation Failure) [PSYoungGen: 79248K->1376K(78848K)] 357955K->280099K(815616K), 0.0030887 secs] [Times: user=0.01 sys=0.00, real=0.01 secs] 
1281.440: [GC (Allocation Failure) [PSYoungGen: 78688K->1408K(78336K)] 357411K->280131K(815104K), 0.0022433 secs] [Times: user=0.00 sys=0.00, real=0.00 secs] 
1282.139: [GC (Allocation Failure) [PSYoungGen: 78208K->1424K(77824K)] 356931K->280147K(814592K), 0.0027333 secs] [Times: user=0.01 sys=0.00, real=0.00 secs] 
1282.362: [GC (Allocation Failure) [PSYoungGen: 77712K->1517K(77312K)] 356435K->280241K(814080K), 0.0017641 secs] [Times: user=0.01 sys=0.00, real=0.01 secs] 
1282.497: [GC (Allocation Failure) [PSYoungGen: 77293K->1456K(76800K)] 356017K->280179K(813568K), 0.0016936 secs] [Times: user=0.00 sys=0.00, real=0.00 secs] 
1282.629: [GC (Allocation Failure) [PSYoungGen: 76720K->1533K(76288K)] 355443K->280257K(813056K), 0.0017789 secs] [Times: user=0.01 sys=0.01, real=0.00 secs] 
1282.983: [GC (Allocation Failure) [PSYoungGen: 76285K->1472K(75776K)] 355009K->280195K(812544K), 0.0024784 secs] [Times: user=0.01 sys=0.00, real=0.01 secs] 
1283.288: [GC (Allocation Failure) [PSYoungGen: 75712K->1376K(75264K)] 354435K->280099K(812032K), 0.0021277 secs] [Times: user=0.01 sys=0.00, real=0.00 secs] 
1283.764: [GC (Allocation Failure) [PSYoungGen: 75104K->1392K(74752K)] 353827K->280115K(811520K), 0.0020007 secs] [Times: user=0.01 sys=0.00, real=0.00 secs] 
1284.293: [GC (Allocation Failure) [PSYoungGen: 74608K->1501K(74240K)] 353331K->280225K(811008K), 0.0021273 secs] [Times: user=0.00 sys=0.00, real=0.01 secs] 
1284.440: [GC (Allocation Failure) [PSYoungGen: 74205K->1437K(73728K)] 352929K->280161K(810496K), 0.0015789 secs] [Times: user=0.00 sys=0.01, real=0.00 secs] 
1284.567: [GC (Allocation Failure) [PSYoungGen: 73629K->1485K(73216K)] 352353K->280209K(809984K), 0.0016458 secs] [Times: user=0.01 sys=0.00, real=0.00 secs] 
1284.698: [GC (Allocation Failure) [PSYoungGen: 73165K->1469K(72704K)] 351889K->280193K(809472K), 0.0014846 secs] [Times: user=0.01 sys=0.00, real=0.00 secs] 
1285.074: [GC (Allocation Failure) [PSYoungGen: 72637K->1408K(72192K)] 351361K->280131K(808960K), 0.0019316 secs] [Times: user=0.01 sys=0.00, real=0.00 secs] 
1285.851: [GC (Allocation Failure) [PSYoungGen: 72064K->1408K(72192K)] 350787K->280131K(808960K), 0.0017788 secs] [Times: user=0.01 sys=0.00, real=0.00 secs] 
1286.835: [GC (Allocation Failure) [PSYoungGen: 72064K->1376K(72192K)] 350787K->280099K(808960K), 0.0041225 secs] [Times: user=0.02 sys=0.00, real=0.00 secs] 
1287.418: [GC (Allocation Failure) [PSYoungGen: 72032K->1392K(72192K)] 350755K->280115K(808960K), 0.0025182 secs] [Times: user=0.01 sys=0.00, real=0.00 secs] 
1287.879: [GC (Allocation Failure) [PSYoungGen: 72048K->1389K(72192K)] 350771K->280113K(808960K), 0.0022302 secs] [Times: user=0.01 sys=0.00, real=0.00 secs] 
1288.027: [GC (Allocation Failure) [PSYoungGen: 72045K->1469K(72192K)] 350769K->280193K(808960K), 0.0016382 secs] [Times: user=0.01 sys=0.00, real=0.00 secs] 
1288.152: [GC (Allocation Failure) [PSYoungGen: 72125K->1469K(72192K)] 350849K->280193K(808960K), 0.0017033 secs] [Times: user=0.01 sys=0.00, real=0.00 secs] 
1288.277: [GC (Allocation Failure) [PSYoungGen: 72125K->1469K(72192K)] 350849K->280193K(808960K), 0.0015829 secs] [Times: user=0.01 sys=0.00, real=0.00 secs] 
1289.341: [GC (Allocation Failure) [PSYoungGen: 72125K->1424K(72192K)] 350849K->280147K(808960K), 0.0038062 secs] [Times: user=0.01 sys=0.00, real=0.01 secs] 
1290.347: [GC (Allocation Failure) [PSYoungGen: 72080K->1376K(72192K)] 350803K->280099K(808960K), 0.0035350 secs] [Times: user=0.02 sys=0.00, real=0.00 secs] 
1291.014: [GC (Allocation Failure) [PSYoungGen: 72032K->1344K(72192K)] 350755K->280067K(808960K), 0.0023396 secs] [Times: user=0.01 sys=0.00, real=0.00 secs] 
1291.301: [GC (Allocation Failure) [PSYoungGen: 72000K->1376K(72192K)] 350723K->280099K(808960K), 0.0019180 secs] [Times: user=0.01 sys=0.00, real=0.00 secs] 
1291.523: [GC (Allocation Failure) [PSYoungGen: 72032K->1501K(72192K)] 350755K->280225K(808960K), 0.0016546 secs] [Times: user=0.01 sys=0.00, real=0.01 secs] 
1291.671: [GC (Allocation Failure) [PSYoungGen: 72157K->1421K(72192K)] 350881K->280145K(808960K), 0.0018978 secs] [Times: user=0.00 sys=0.00, real=0.00 secs] 
1291.839: [GC (Allocation Failure) [PSYoungGen: 72077K->1501K(72192K)] 350801K->280241K(808960K), 0.0016985 secs] [Times: user=0.01 sys=0.00, real=0.00 secs] 
1292.045: [GC (Allocation Failure) [PSYoungGen: 72157K->1472K(72704K)] 350897K->280211K(809472K), 0.0019219 secs] [Times: user=0.01 sys=0.00, real=0.00 secs] 
1292.415: [GC (Allocation Failure) [PSYoungGen: 72128K->1440K(72704K)] 350867K->280179K(809472K), 0.0018915 secs] [Times: user=0.01 sys=0.00, real=0.00 secs] 
1292.763: [GC (Allocation Failure) [PSYoungGen: 72096K->1376K(72704K)] 350835K->280115K(809472K), 0.0020345 secs] [Times: user=0.01 sys=0.00, real=0.01 secs] 
1293.108: [GC (Allocation Failure) [PSYoungGen: 72032K->1376K(72704K)] 350771K->280115K(809472K), 0.0022052 secs] [Times: user=0.01 sys=0.00, real=0.00 secs] 
1293.408: [GC (Allocation Failure) [PSYoungGen: 72032K->1501K(72704K)] 350771K->280241K(809472K), 0.0023544 secs] [Times: user=0.01 sys=0.00, real=0.00 secs] 
1293.575: [GC (Allocation Failure) [PSYoungGen: 72157K->1501K(72704K)] 350897K->280241K(809472K), 0.0016023 secs] [Times: user=0.01 sys=0.00, real=0.00 secs] 
1293.700: [GC (Allocation Failure) [PSYoungGen: 72157K->1469K(72704K)] 350897K->280209K(809472K), 0.0014794 secs] [Times: user=0.00 sys=0.00, real=0.00 secs] 
1293.824: [GC (Allocation Failure) [PSYoungGen: 72125K->1501K(72704K)] 350865K->280241K(809472K), 0.0017293 secs] [Times: user=0.01 sys=0.00, real=0.00 secs] 
1294.658: [GC (Allocation Failure) [PSYoungGen: 72157K->1472K(72192K)] 350897K->280211K(808960K), 0.0024647 secs] [Times: user=0.00 sys=0.00, real=0.00 secs] 
1294.953: [GC (Allocation Failure) [PSYoungGen: 72128K->1408K(72192K)] 350867K->280147K(808960K), 0.0023328 secs] [Times: user=0.00 sys=0.01, real=0.01 secs] 
1295.287: [GC (Allocation Failure) [PSYoungGen: 72064K->1344K(72192K)] 350803K->280083K(808960K), 0.0019536 secs] [Times: user=0.01 sys=0.00, real=0.00 secs] 
1295.724: [GC (Allocation Failure) [PSYoungGen: 72000K->1392K(72192K)] 350739K->280131K(808960K), 0.0021061 secs] [Times: user=0.01 sys=0.00, real=0.00 secs] 
1296.078: [GC (Allocation Failure) [PSYoungGen: 72048K->1469K(72192K)] 350787K->280209K(808960K), 0.0015723 secs] [Times: user=0.01 sys=0.00, real=0.00 secs] 
1296.204: [GC (Allocation Failure) [PSYoungGen: 72125K->1501K(72192K)] 350865K->280241K(808960K), 0.0016638 secs] [Times: user=0.00 sys=0.00, real=0.01 secs] 
1296.329: [GC (Allocation Failure) [PSYoungGen: 72157K->1501K(72192K)] 350897K->280241K(808960K), 0.0015896 secs] [Times: user=0.01 sys=0.00, real=0.00 secs] 
1296.456: [GC (Allocation Failure) [PSYoungGen: 72157K->1501K(75776K)] 350897K->280265K(812544K), 0.0016881 secs] [Times: user=0.00 sys=0.00, real=0.00 secs] 
1297.183: [GC (Allocation Failure) [PSYoungGen: 75229K->1376K(74752K)] 353993K->280139K(811520K), 0.0022584 secs] [Times: user=0.01 sys=0.00, real=0.01 secs] 
1297.537: [GC (Allocation Failure) [PSYoungGen: 74592K->1376K(74240K)] 353355K->280139K(811008K), 0.0031283 secs] [Times: user=0.01 sys=0.00, real=0.00 secs] 
1297.914: [GC (Allocation Failure) [PSYoungGen: 74080K->1376K(73728K)] 352843K->280139K(810496K), 0.0019363 secs] [Times: user=0.01 sys=0.00, real=0.00 secs] 
1298.285: [GC (Allocation Failure) [PSYoungGen: 73568K->1437K(73216K)] 352331K->280201K(809984K), 0.0021398 secs] [Times: user=0.01 sys=0.00, real=0.00 secs] 
1298.431: [GC (Allocation Failure) [PSYoungGen: 73117K->1392K(72704K)] 351881K->280155K(809472K), 0.0015585 secs] [Times: user=0.01 sys=0.00, real=0.00 secs] 
1298.557: [GC (Allocation Failure) [PSYoungGen: 72560K->1469K(72192K)] 351323K->280233K(808960K), 0.0018054 secs] [Times: user=0.00 sys=0.00, real=0.00 secs] 
1298.682: [GC (Allocation Failure) [PSYoungGen: 72125K->1488K(75776K)] 350889K->280252K(812544K), 0.0016556 secs] [Times: user=0.01 sys=0.00, real=0.01 secs] 
1299.094: [GC (Allocation Failure) [PSYoungGen: 75728K->1424K(75264K)] 354492K->280219K(812032K), 0.0020725 secs] [Times: user=0.01 sys=0.00, real=0.01 secs] 
1299.707: [GC (Allocation Failure) [PSYoungGen: 75152K->1408K(74752K)] 353947K->280203K(811520K), 0.0038118 secs] [Times: user=0.01 sys=0.00, real=0.00 secs] 
1300.277: [GC (Allocation Failure) [PSYoungGen: 74624K->1344K(74240K)] 353419K->280139K(811008K), 0.0024846 secs] [Times: user=0.00 sys=0.00, real=0.00 secs] 
1300.857: [GC (Allocation Failure) [PSYoungGen: 74048K->1344K(73728K)] 352843K->280139K(810496K), 0.0024690 secs] [Times: user=0.01 sys=0.00, real=0.00 secs] 
1301.205: [GC (Allocation Failure) [PSYoungGen: 73536K->1501K(73216K)] 352331K->280297K(809984K), 0.0017932 secs] [Times: user=0.01 sys=0.00, real=0.00 secs] 
1301.331: [GC (Allocation Failure) [PSYoungGen: 73181K->1469K(72704K)] 351977K->280265K(809472K), 0.0018041 secs] [Times: user=0.01 sys=0.00, real=0.00 secs] 
1301.457: [GC (Allocation Failure) [PSYoungGen: 72637K->1469K(72192K)] 351433K->280265K(808960K), 0.0016132 secs] [Times: user=0.00 sys=0.00, real=0.00 secs] 
1301.653: [GC (Allocation Failure) [PSYoungGen: 72125K->1696K(72704K)] 350921K->280499K(809472K), 0.0017365 secs] [Times: user=0.01 sys=0.00, real=0.01 secs] 
1302.327: [GC (Allocation Failure) [PSYoungGen: 72352K->1376K(72704K)] 351155K->280187K(809472K), 0.0021782 secs] [Times: user=0.01 sys=0.00, real=0.00 secs] 
1303.165: [GC (Allocation Failure) [PSYoungGen: 72032K->1376K(72704K)] 350843K->280187K(809472K), 0.0031780 secs] [Times: user=0.01 sys=0.00, real=0.00 secs] 
1304.036: [GC (Allocation Failure) [PSYoungGen: 72032K->1392K(72704K)] 350843K->280203K(809472K), 0.0031237 secs] [Times: user=0.01 sys=0.00, real=0.00 secs] 
1304.973: [GC (Allocation Failure) [PSYoungGen: 72040K->1501K(72704K)] 350852K->280313K(809472K), 0.0032294 secs] [Times: user=0.02 sys=0.00, real=0.01 secs] 
1305.194: [GC (Allocation Failure) [PSYoungGen: 72157K->1469K(72704K)] 350969K->280281K(809472K), 0.0016622 secs] [Times: user=0.01 sys=0.00, real=0.00 secs] 
1305.324: [GC (Allocation Failure) [PSYoungGen: 72125K->1469K(72704K)] 350937K->280281K(809472K), 0.0015965 secs] [Times: user=0.01 sys=0.00, real=0.01 secs] 
1305.449: [GC (Allocation Failure) [PSYoungGen: 72125K->1501K(72704K)] 350937K->280313K(809472K), 0.0016375 secs] [Times: user=0.01 sys=0.00, real=0.00 secs] 
1305.800: [GC (Allocation Failure) [PSYoungGen: 72157K->1392K(72704K)] 350969K->280211K(809472K), 0.0018782 secs] [Times: user=0.01 sys=0.00, real=0.00 secs] 
1306.430: [GC (Allocation Failure) [PSYoungGen: 72048K->1408K(72704K)] 350867K->280227K(809472K), 0.0036972 secs] [Times: user=0.01 sys=0.00, real=0.01 secs] 
1307.115: [GC (Allocation Failure) [PSYoungGen: 72064K->1360K(72704K)] 350883K->280179K(809472K), 0.0024628 secs] [Times: user=0.00 sys=0.00, real=0.00 secs] 
1307.737: [GC (Allocation Failure) [PSYoungGen: 72016K->1408K(72704K)] 350835K->280227K(809472K), 0.0026001 secs] [Times: user=0.01 sys=0.00, real=0.00 secs] 
1308.307: [GC (Allocation Failure) [PSYoungGen: 72064K->1501K(72704K)] 350883K->280321K(809472K), 0.0023047 secs] [Times: user=0.00 sys=0.00, real=0.00 secs] 
1308.467: [GC (Allocation Failure) [PSYoungGen: 72157K->1501K(72704K)] 350977K->280321K(809472K), 0.0016004 secs] [Times: user=0.00 sys=0.00, real=0.00 secs] 
1308.591: [GC (Allocation Failure) [PSYoungGen: 72157K->1456K(72704K)] 350977K->280275K(809472K), 0.0016298 secs] [Times: user=0.01 sys=0.00, real=0.00 secs] 
1308.716: [GC (Allocation Failure) [PSYoungGen: 72112K->1424K(72704K)] 350931K->280259K(809472K), 0.0017564 secs] [Times: user=0.00 sys=0.00, real=0.00 secs] 
1309.645: [GC (Allocation Failure) [PSYoungGen: 72080K->1376K(72704K)] 350915K->280211K(809472K), 0.0022044 secs] [Times: user=0.01 sys=0.00, real=0.00 secs] 
1310.478: [GC (Allocation Failure) [PSYoungGen: 72032K->1376K(72704K)] 350867K->280211K(809472K), 0.0039423 secs] [Times: user=0.02 sys=0.00, real=0.00 secs] 
1311.440: [GC (Allocation Failure) [PSYoungGen: 72032K->1344K(72704K)] 350867K->280179K(809472K), 0.0036618 secs] [Times: user=0.02 sys=0.00, real=0.01 secs] 
1312.341: [GC (Allocation Failure) [PSYoungGen: 72000K->1376K(72704K)] 350835K->280227K(809472K), 0.0032640 secs] [Times: user=0.02 sys=0.00, real=0.01 secs] 
1312.694: [GC (Allocation Failure) [PSYoungGen: 72032K->1501K(72704K)] 350883K->280353K(809472K), 0.0020023 secs] [Times: user=0.01 sys=0.00, real=0.00 secs] 
1312.831: [GC (Allocation Failure) [PSYoungGen: 72157K->1456K(72704K)] 351009K->280307K(809472K), 0.0016807 secs] [Times: user=0.01 sys=0.00, real=0.00 secs] 
1312.956: [GC (Allocation Failure) [PSYoungGen: 72112K->1501K(72704K)] 350963K->280353K(809472K), 0.0016847 secs] [Times: user=0.00 sys=0.00, real=0.00 secs] 
1313.281: [GC (Allocation Failure) [PSYoungGen: 72157K->1392K(72704K)] 351009K->280251K(809472K), 0.0019591 secs] [Times: user=0.00 sys=0.00, real=0.00 secs] 
1313.995: [GC (Allocation Failure) [PSYoungGen: 72048K->1344K(72704K)] 350907K->280203K(809472K), 0.0019301 secs] [Times: user=0.01 sys=0.00, real=0.00 secs] 
1314.640: [GC (Allocation Failure) [PSYoungGen: 72000K->1376K(72704K)] 350859K->280235K(809472K), 0.0021241 secs] [Times: user=0.01 sys=0.00, real=0.00 secs] 
1315.326: [GC (Allocation Failure) [PSYoungGen: 72032K->1376K(72704K)] 350891K->280235K(809472K), 0.0022988 secs] [Times: user=0.00 sys=0.00, real=0.00 secs] 
1315.676: [GC (Allocation Failure) [PSYoungGen: 72032K->1437K(72704K)] 350891K->280297K(809472K), 0.0019034 secs] [Times: user=0.01 sys=0.00, real=0.00 secs] 
1315.813: [GC (Allocation Failure) [PSYoungGen: 72093K->1488K(72704K)] 350953K->280347K(809472K), 0.0014794 secs] [Times: user=0.00 sys=0.00, real=0.01 secs] 
1315.938: [GC (Allocation Failure) [PSYoungGen: 72144K->1469K(72704K)] 351003K->280329K(809472K), 0.0015651 secs] [Times: user=0.01 sys=0.00, real=0.00 secs] 
1316.063: [GC (Allocation Failure) [PSYoungGen: 72125K->1488K(72704K)] 350985K->280348K(809472K), 0.0016135 secs] [Times: user=0.00 sys=0.00, real=0.01 secs] 
1316.493: [GC (Allocation Failure) [PSYoungGen: 72144K->1408K(72704K)] 351004K->280275K(809472K), 0.0017220 secs] [Times: user=0.01 sys=0.00, real=0.01 secs] 
1317.475: [GC (Allocation Failure) [PSYoungGen: 72064K->1376K(72704K)] 350931K->280243K(809472K), 0.0021651 secs] [Times: user=0.01 sys=0.00, real=0.00 secs] 
1318.637: [GC (Allocation Failure) [PSYoungGen: 72032K->1376K(72704K)] 350899K->280243K(809472K), 0.0029385 secs] [Times: user=0.01 sys=0.00, real=0.00 secs] 
1319.296: [GC (Allocation Failure) [PSYoungGen: 72032K->1408K(72704K)] 350899K->280275K(809472K), 0.0024406 secs] [Times: user=0.01 sys=0.00, real=0.00 secs] 
1319.655: [GC (Allocation Failure) [PSYoungGen: 72064K->1437K(72704K)] 350931K->280305K(809472K), 0.0018700 secs] [Times: user=0.01 sys=0.00, real=0.00 secs] 
1319.785: [GC (Allocation Failure) [PSYoungGen: 72093K->1469K(72704K)] 350961K->280337K(809472K), 0.0015655 secs] [Times: user=0.01 sys=0.00, real=0.00 secs] 
1319.909: [GC (Allocation Failure) [PSYoungGen: 72125K->1501K(72704K)] 350993K->280369K(809472K), 0.0015374 secs] [Times: user=0.00 sys=0.00, real=0.00 secs] 
1320.034: [GC (Allocation Failure) [PSYoungGen: 72157K->1437K(72704K)] 351025K->280321K(809472K), 0.0016074 secs] [Times: user=0.01 sys=0.00, real=0.00 secs] 
1320.511: [GC (Allocation Failure) [PSYoungGen: 72093K->1424K(72704K)] 350977K->280315K(809472K), 0.0017724 secs] [Times: user=0.01 sys=0.00, real=0.00 secs] 
1321.090: [GC (Allocation Failure) [PSYoungGen: 72080K->1408K(72704K)] 350971K->280315K(809472K), 0.0017584 secs] [Times: user=0.01 sys=0.00, real=0.00 secs] 
1321.706: [GC (Allocation Failure) [PSYoungGen: 72064K->1408K(72192K)] 350971K->280315K(808960K), 0.0019522 secs] [Times: user=0.01 sys=0.00, real=0.00 secs] 
1322.338: [GC (Allocation Failure) [PSYoungGen: 72064K->1328K(71680K)] 350971K->280235K(808448K), 0.0018611 secs] [Times: user=0.01 sys=0.00, real=0.00 secs] 
1322.540: [GC (Allocation Failure) [PSYoungGen: 71472K->1424K(71680K)] 350379K->280331K(808448K), 0.0017246 secs] [Times: user=0.00 sys=0.00, real=0.00 secs] 
1322.665: [GC (Allocation Failure) [PSYoungGen: 71568K->1469K(71680K)] 350475K->280377K(808448K), 0.0015731 secs] [Times: user=0.01 sys=0.00, real=0.00 secs] 
1322.789: [GC (Allocation Failure) [PSYoungGen: 71613K->1437K(71680K)] 350521K->280345K(808448K), 0.0017020 secs] [Times: user=0.01 sys=0.00, real=0.00 secs] 
1323.174: [GC (Allocation Failure) [PSYoungGen: 71581K->1440K(71680K)] 350489K->280355K(808448K), 0.0022460 secs] [Times: user=0.01 sys=0.00, real=0.00 secs] 
1324.953: [GC (Allocation Failure) [PSYoungGen: 71584K->1376K(71680K)] 350499K->280291K(808448K), 0.0041090 secs] [Times: user=0.02 sys=0.00, real=0.01 secs] 
1325.877: [GC (Allocation Failure) [PSYoungGen: 71520K->1376K(71680K)] 350435K->280291K(808448K), 0.0031835 secs] [Times: user=0.01 sys=0.00, real=0.00 secs] 
1326.666: [GC (Allocation Failure) [PSYoungGen: 71520K->1360K(71680K)] 350435K->280275K(808448K), 0.0031349 secs] [Times: user=0.01 sys=0.00, real=0.00 secs] 
1327.420: [GC (Allocation Failure) [PSYoungGen: 71504K->1437K(71680K)] 350419K->280353K(808448K), 0.0023407 secs] [Times: user=0.01 sys=0.00, real=0.00 secs] 
1327.610: [GC (Allocation Failure) [PSYoungGen: 71581K->1488K(71680K)] 350497K->280403K(808448K), 0.0015343 secs] [Times: user=0.00 sys=0.00, real=0.00 secs] 
1327.733: [GC (Allocation Failure) [PSYoungGen: 71632K->1501K(71168K)] 350547K->280417K(807936K), 0.0016670 secs] [Times: user=0.01 sys=0.00, real=0.01 secs] 
1327.858: [GC (Allocation Failure) [PSYoungGen: 71133K->1469K(71680K)] 350049K->280385K(808448K), 0.0015572 secs] [Times: user=0.00 sys=0.00, real=0.00 secs] 
1328.394: [GC (Allocation Failure) [PSYoungGen: 71101K->1424K(71680K)] 350017K->280347K(808448K), 0.0022205 secs] [Times: user=0.00 sys=0.00, real=0.00 secs] 
1329.065: [GC (Allocation Failure) [PSYoungGen: 71056K->1408K(71680K)] 349979K->280331K(808448K), 0.0019328 secs] [Times: user=0.01 sys=0.00, real=0.00 secs] 
1329.682: [GC (Allocation Failure) [PSYoungGen: 71040K->1408K(71168K)] 349963K->280331K(807936K), 0.0037039 secs] [Times: user=0.02 sys=0.00, real=0.01 secs] 
1330.308: [GC (Allocation Failure) [PSYoungGen: 71040K->1392K(71168K)] 349963K->280323K(807936K), 0.0023294 secs] [Times: user=0.01 sys=0.00, real=0.00 secs] 
1330.859: [GC (Allocation Failure) [PSYoungGen: 71024K->413K(70656K)] 349955K->280369K(807424K), 0.0019186 secs] [Times: user=0.01 sys=0.01, real=0.00 secs] 
1330.998: [GC (Allocation Failure) [PSYoungGen: 70045K->413K(71680K)] 350001K->280369K(808448K), 0.0015598 secs] [Times: user=0.01 sys=0.00, real=0.00 secs] 
1331.121: [GC (Allocation Failure) [PSYoungGen: 70045K->477K(71680K)] 350001K->280433K(808448K), 0.0014986 secs] [Times: user=0.01 sys=0.00, real=0.00 secs] 
1331.244: [GC (Allocation Failure) [PSYoungGen: 70109K->477K(71680K)] 350065K->280449K(808448K), 0.0015895 secs] [Times: user=0.01 sys=0.00, real=0.00 secs] 
1331.849: [GC (Allocation Failure) [PSYoungGen: 70109K->1408K(71680K)] 350081K->281411K(808448K), 0.0021049 secs] [Times: user=0.01 sys=0.00, real=0.00 secs] 
1332.450: [GC (Allocation Failure) [PSYoungGen: 71040K->1392K(71680K)] 351043K->281395K(808448K), 0.0021766 secs] [Times: user=0.01 sys=0.00, real=0.00 secs] 
1333.090: [GC (Allocation Failure) [PSYoungGen: 71024K->1408K(71680K)] 351027K->281411K(808448K), 0.0020021 secs] [Times: user=0.01 sys=0.00, real=0.00 secs] 
1333.440: [GC (Allocation Failure) [PSYoungGen: 71040K->1376K(71680K)] 351043K->281379K(808448K), 0.0018871 secs] [Times: user=0.01 sys=0.00, real=0.00 secs] 
1333.685: [GC (Allocation Failure) [PSYoungGen: 71008K->1488K(71680K)] 351011K->281492K(808448K), 0.0016473 secs] [Times: user=0.01 sys=0.00, real=0.00 secs] 
1333.810: [GC (Allocation Failure) [PSYoungGen: 71120K->1456K(71680K)] 351124K->281460K(808448K), 0.0014928 secs] [Times: user=0.00 sys=0.00, real=0.00 secs] 
1333.933: [GC (Allocation Failure) [PSYoungGen: 71088K->1469K(71680K)] 351092K->281473K(808448K), 0.0015577 secs] [Times: user=0.01 sys=0.01, real=0.01 secs] 
1334.074: [GC (Allocation Failure) [PSYoungGen: 71101K->1533K(71680K)] 351105K->281553K(808448K), 0.0017894 secs] [Times: user=0.01 sys=0.00, real=0.00 secs] 
1334.753: [GC (Allocation Failure) [PSYoungGen: 71165K->1440K(71680K)] 351185K->281475K(808448K), 0.0027717 secs] [Times: user=0.02 sys=0.00, real=0.01 secs] 
1335.347: [GC (Allocation Failure) [PSYoungGen: 71072K->1376K(71680K)] 351107K->281411K(808448K), 0.0023624 secs] [Times: user=0.01 sys=0.00, real=0.00 secs] 
1335.921: [GC (Allocation Failure) [PSYoungGen: 71008K->1376K(71680K)] 351043K->281411K(808448K), 0.0036692 secs] [Times: user=0.02 sys=0.00, real=0.01 secs] 
1336.466: [GC (Allocation Failure) [PSYoungGen: 71008K->1360K(71680K)] 351043K->281395K(808448K), 0.0019833 secs] [Times: user=0.01 sys=0.00, real=0.00 secs] 
1336.626: [GC (Allocation Failure) [PSYoungGen: 70992K->1501K(71680K)] 351027K->281537K(808448K), 0.0017275 secs] [Times: user=0.00 sys=0.00, real=0.00 secs] 
1336.749: [GC (Allocation Failure) [PSYoungGen: 71133K->1469K(71680K)] 351169K->281505K(808448K), 0.0015934 secs] [Times: user=0.01 sys=0.00, real=0.00 secs] 
1336.872: [GC (Allocation Failure) [PSYoungGen: 71101K->1469K(71680K)] 351137K->281505K(808448K), 0.0015115 secs] [Times: user=0.01 sys=0.00, real=0.00 secs] 
1337.366: [GC (Allocation Failure) [PSYoungGen: 71101K->1408K(71680K)] 351137K->281451K(808448K), 0.0024902 secs] [Times: user=0.01 sys=0.00, real=0.00 secs] 
1338.116: [GC (Allocation Failure) [PSYoungGen: 71040K->1360K(71680K)] 351083K->281403K(808448K), 0.0023921 secs] [Times: user=0.01 sys=0.00, real=0.00 secs] 
1339.065: [GC (Allocation Failure) [PSYoungGen: 70992K->1408K(71680K)] 351035K->281451K(808448K), 0.0024199 secs] [Times: user=0.01 sys=0.00, real=0.00 secs] 
1340.040: [GC (Allocation Failure) [PSYoungGen: 71040K->1376K(71680K)] 351083K->281419K(808448K), 0.0029065 secs] [Times: user=0.01 sys=0.00, real=0.00 secs] 
1341.150: [GC (Allocation Failure) [PSYoungGen: 71008K->1501K(71680K)] 351051K->281545K(808448K), 0.0028298 secs] [Times: user=0.01 sys=0.00, real=0.00 secs] 
1341.356: [GC (Allocation Failure) [PSYoungGen: 71133K->1501K(71680K)] 351177K->281545K(808448K), 0.0017136 secs] [Times: user=0.01 sys=0.00, real=0.00 secs] 
1341.498: [GC (Allocation Failure) [PSYoungGen: 71133K->1456K(71680K)] 351177K->281500K(808448K), 0.0018143 secs] [Times: user=0.01 sys=0.00, real=0.00 secs] 
1341.652: [GC (Allocation Failure) [PSYoungGen: 71088K->1469K(71680K)] 351132K->281513K(808448K), 0.0018582 secs] [Times: user=0.00 sys=0.00, real=0.01 secs] 
1341.920: [GC (Allocation Failure) [PSYoungGen: 71101K->1456K(71680K)] 351145K->281523K(808448K), 0.0020875 secs] [Times: user=0.01 sys=0.00, real=0.00 secs] 
1342.210: [GC (Allocation Failure) [PSYoungGen: 71088K->1408K(71680K)] 351155K->281475K(808448K), 0.0020097 secs] [Times: user=0.01 sys=0.00, real=0.00 secs] 
1342.625: [GC (Allocation Failure) [PSYoungGen: 71040K->1344K(71680K)] 351107K->281411K(808448K), 0.0020824 secs] [Times: user=0.01 sys=0.00, real=0.00 secs] 
1343.147: [GC (Allocation Failure) [PSYoungGen: 70976K->1376K(71680K)] 351043K->281443K(808448K), 0.0020365 secs] [Times: user=0.01 sys=0.00, real=0.00 secs] 
1343.639: [GC (Allocation Failure) [PSYoungGen: 71008K->1501K(71680K)] 351075K->281569K(808448K), 0.0023462 secs] [Times: user=0.01 sys=0.00, real=0.00 secs] 
1343.837: [GC (Allocation Failure) [PSYoungGen: 71133K->1421K(71680K)] 351201K->281489K(808448K), 0.0019264 secs] [Times: user=0.01 sys=0.00, real=0.00 secs] 
1343.964: [GC (Allocation Failure) [PSYoungGen: 71053K->1501K(71680K)] 351121K->281569K(808448K), 0.0017017 secs] [Times: user=0.01 sys=0.00, real=0.00 secs] 
1344.117: [GC (Allocation Failure) [PSYoungGen: 71133K->1501K(71680K)] 351201K->281585K(808448K), 0.0020632 secs] [Times: user=0.00 sys=0.00, real=0.00 secs] 
1344.796: [GC (Allocation Failure) [PSYoungGen: 71133K->1424K(71680K)] 351217K->281507K(808448K), 0.0028658 secs] [Times: user=0.01 sys=0.00, real=0.00 secs] 
1345.709: [GC (Allocation Failure) [PSYoungGen: 71056K->1344K(71680K)] 351139K->281427K(808448K), 0.0029232 secs] [Times: user=0.01 sys=0.00, real=0.00 secs] 
1346.483: [GC (Allocation Failure) [PSYoungGen: 70976K->1408K(71680K)] 351059K->281491K(808448K), 0.0026684 secs] [Times: user=0.01 sys=0.00, real=0.01 secs] 
1347.446: [GC (Allocation Failure) [PSYoungGen: 71040K->1376K(71680K)] 351123K->281459K(808448K), 0.0023306 secs] [Times: user=0.01 sys=0.00, real=0.00 secs] 
1347.824: [GC (Allocation Failure) [PSYoungGen: 71008K->1469K(71680K)] 351091K->281553K(808448K), 0.0015097 secs] [Times: user=0.00 sys=0.00, real=0.00 secs] 
1347.948: [GC (Allocation Failure) [PSYoungGen: 71101K->1501K(71680K)] 351185K->281585K(808448K), 0.0015959 secs] [Times: user=0.00 sys=0.00, real=0.00 secs] 
1348.071: [GC (Allocation Failure) [PSYoungGen: 71133K->1469K(71680K)] 351217K->281553K(808448K), 0.0016492 secs] [Times: user=0.01 sys=0.00, real=0.00 secs] 
1348.196: [GC (Allocation Failure) [PSYoungGen: 71101K->1424K(71680K)] 351185K->281516K(808448K), 0.0015428 secs] [Times: user=0.00 sys=0.00, real=0.00 secs] 
1350.353: [GC (Allocation Failure) [PSYoungGen: 71056K->1440K(71680K)] 351148K->281531K(808448K), 0.0034615 secs] [Times: user=0.01 sys=0.00, real=0.01 secs] 
1351.527: [GC (Allocation Failure) [PSYoungGen: 71072K->1344K(71680K)] 351163K->281435K(808448K), 0.0036757 secs] [Times: user=0.01 sys=0.00, real=0.00 secs] 
1352.245: [GC (Allocation Failure) [PSYoungGen: 70976K->1392K(71680K)] 351067K->281483K(808448K), 0.0025775 secs] [Times: user=0.01 sys=0.00, real=0.00 secs] 
1352.903: [GC (Allocation Failure) [PSYoungGen: 71024K->1408K(71680K)] 351115K->281499K(808448K), 0.0028464 secs] [Times: user=0.02 sys=0.00, real=0.01 secs] 
1353.139: [GC (Allocation Failure) [PSYoungGen: 71040K->1501K(71680K)] 351131K->281593K(808448K), 0.0016350 secs] [Times: user=0.00 sys=0.00, real=0.00 secs] 
1353.263: [GC (Allocation Failure) [PSYoungGen: 71133K->1437K(71680K)] 351225K->281529K(808448K), 0.0014915 secs] [Times: user=0.01 sys=0.00, real=0.01 secs] 
1353.386: [GC (Allocation Failure) [PSYoungGen: 71069K->1488K(71680K)] 351161K->281580K(808448K), 0.0025569 secs] [Times: user=0.01 sys=0.00, real=0.00 secs] 
1354.071: [GC (Allocation Failure) [PSYoungGen: 71120K->1408K(71168K)] 351212K->281507K(807936K), 0.0025589 secs] [Times: user=0.00 sys=0.00, real=0.01 secs] 
1355.110: [GC (Allocation Failure) [PSYoungGen: 71040K->1376K(71168K)] 351139K->281475K(807936K), 0.0025249 secs] [Times: user=0.01 sys=0.00, real=0.00 secs] 
1355.973: [GC (Allocation Failure) [PSYoungGen: 71008K->1376K(71168K)] 351107K->281475K(807936K), 0.0024073 secs] [Times: user=0.01 sys=0.00, real=0.01 secs] 
1356.375: [GC (Allocation Failure) [PSYoungGen: 71008K->1344K(71168K)] 351107K->281443K(807936K), 0.0024016 secs] [Times: user=0.01 sys=0.00, real=0.00 secs] 
1357.136: [GC (Allocation Failure) [PSYoungGen: 70976K->1437K(71168K)] 351075K->281537K(807936K), 0.0026490 secs] [Times: user=0.01 sys=0.00, real=0.00 secs] 
1357.328: [GC (Allocation Failure) [PSYoungGen: 71069K->1453K(71168K)] 351169K->281553K(807936K), 0.0017614 secs] [Times: user=0.01 sys=0.01, real=0.00 secs] 
1357.469: [GC (Allocation Failure) [PSYoungGen: 71085K->1501K(71168K)] 351185K->281601K(807936K), 0.0017881 secs] [Times: user=0.00 sys=0.00, real=0.00 secs] 
1357.597: [GC (Allocation Failure) [PSYoungGen: 71133K->1437K(71168K)] 351233K->281537K(807936K), 0.0018706 secs] [Times: user=0.01 sys=0.00, real=0.00 secs] 
1359.068: [GC (Allocation Failure) [PSYoungGen: 71069K->1392K(71168K)] 351169K->281491K(807936K), 0.0035721 secs] [Times: user=0.01 sys=0.00, real=0.00 secs] 
1360.309: [GC (Allocation Failure) [PSYoungGen: 71024K->1408K(71168K)] 351123K->281507K(807936K), 0.0039466 secs] [Times: user=0.02 sys=0.00, real=0.00 secs] 
1361.137: [GC (Allocation Failure) [PSYoungGen: 71040K->1376K(71168K)] 351139K->281475K(807936K), 0.0023253 secs] [Times: user=0.01 sys=0.00, real=0.00 secs] 
1362.042: [GC (Allocation Failure) [PSYoungGen: 71008K->1408K(71168K)] 351107K->281507K(807936K), 0.0021784 secs] [Times: user=0.01 sys=0.00, real=0.01 secs] 
1362.750: [GC (Allocation Failure) [PSYoungGen: 71040K->1469K(71168K)] 351139K->281569K(807936K), 0.0022532 secs] [Times: user=0.01 sys=0.00, real=0.00 secs] 
1362.955: [GC (Allocation Failure) [PSYoungGen: 71101K->1501K(71168K)] 351201K->281601K(807936K), 0.0020387 secs] [Times: user=0.00 sys=0.00, real=0.00 secs] 
1363.164: [GC (Allocation Failure) [PSYoungGen: 71133K->1469K(71168K)] 351233K->281569K(807936K), 0.0022547 secs] [Times: user=0.01 sys=0.01, real=0.00 secs] 
1363.367: [GC (Allocation Failure) [PSYoungGen: 71101K->1501K(71680K)] 351201K->281617K(808448K), 0.0020716 secs] [Times: user=0.01 sys=0.00, real=0.00 secs] 
1363.867: [GC (Allocation Failure) [PSYoungGen: 71133K->1408K(71680K)] 351249K->281531K(808448K), 0.0027727 secs] [Times: user=0.01 sys=0.00, real=0.00 secs] 
1364.147: [GC (Allocation Failure) [PSYoungGen: 71040K->1392K(71680K)] 351163K->281515K(808448K), 0.0018563 secs] [Times: user=0.00 sys=0.00, real=0.00 secs] 
1364.436: [GC (Allocation Failure) [PSYoungGen: 71024K->1344K(71680K)] 351147K->281467K(808448K), 0.0026579 secs] [Times: user=0.01 sys=0.00, real=0.00 secs] 
1364.726: [GC (Allocation Failure) [PSYoungGen: 70976K->1344K(71680K)] 351099K->281467K(808448K), 0.0019601 secs] [Times: user=0.00 sys=0.00, real=0.00 secs] 
1365.031: [GC (Allocation Failure) [PSYoungGen: 70976K->1421K(71680K)] 351099K->281545K(808448K), 0.0015466 secs] [Times: user=0.00 sys=0.00, real=0.00 secs] 
1365.155: [GC (Allocation Failure) [PSYoungGen: 71053K->1501K(71680K)] 351177K->281625K(808448K), 0.0015727 secs] [Times: user=0.01 sys=0.00, real=0.00 secs] 
1365.280: [GC (Allocation Failure) [PSYoungGen: 71133K->1501K(71680K)] 351257K->281625K(808448K), 0.0015720 secs] [Times: user=0.01 sys=0.00, real=0.00 secs] 
1365.403: [GC (Allocation Failure) [PSYoungGen: 71133K->1469K(71680K)] 351257K->281601K(808448K), 0.0016986 secs] [Times: user=0.00 sys=0.00, real=0.01 secs] 
1365.694: [GC (Allocation Failure) [PSYoungGen: 71101K->1440K(71168K)] 351233K->281571K(807936K), 0.0016720 secs] [Times: user=0.00 sys=0.00, real=0.01 secs] 
1365.982: [GC (Allocation Failure) [PSYoungGen: 71072K->1344K(71168K)] 351203K->281475K(807936K), 0.0018197 secs] [Times: user=0.01 sys=0.00, real=0.01 secs] 
1366.271: [GC (Allocation Failure) [PSYoungGen: 70976K->1408K(71168K)] 351107K->281539K(807936K), 0.0019168 secs] [Times: user=0.00 sys=0.00, real=0.00 secs] 
1366.603: [GC (Allocation Failure) [PSYoungGen: 71040K->1376K(71168K)] 351171K->281507K(807936K), 0.0021200 secs] [Times: user=0.00 sys=0.00, real=0.01 secs] 
1366.789: [GC (Allocation Failure) [PSYoungGen: 71008K->1440K(71168K)] 351139K->281571K(807936K), 0.0015697 secs] [Times: user=0.00 sys=0.00, real=0.00 secs] 
1366.930: [GC (Allocation Failure) [PSYoungGen: 71072K->1453K(71168K)] 351203K->281585K(807936K), 0.0018524 secs] [Times: user=0.00 sys=0.00, real=0.00 secs] 
1367.103: [GC (Allocation Failure) [PSYoungGen: 71085K->1501K(71168K)] 351217K->281633K(807936K), 0.0022040 secs] [Times: user=0.01 sys=0.00, real=0.01 secs] 
1367.516: [GC (Allocation Failure) [PSYoungGen: 71133K->1440K(71168K)] 351265K->281571K(807936K), 0.0037380 secs] [Times: user=0.01 sys=0.00, real=0.00 secs] 
1368.490: [GC (Allocation Failure) [PSYoungGen: 71072K->1408K(71168K)] 351203K->281539K(807936K), 0.0037978 secs] [Times: user=0.01 sys=0.00, real=0.00 secs] 
1369.388: [GC (Allocation Failure) [PSYoungGen: 71040K->1376K(71168K)] 351171K->281507K(807936K), 0.0027239 secs] [Times: user=0.01 sys=0.00, real=0.00 secs] 
1370.157: [GC (Allocation Failure) [PSYoungGen: 71008K->1376K(71168K)] 351139K->281523K(807936K), 0.0020333 secs] [Times: user=0.01 sys=0.00, real=0.00 secs] 
1371.083: [GC (Allocation Failure) [PSYoungGen: 71008K->1469K(71168K)] 351155K->281617K(807936K), 0.0029847 secs] [Times: user=0.02 sys=0.00, real=0.01 secs] 
1371.282: [GC (Allocation Failure) [PSYoungGen: 71090K->1504K(71168K)] 351237K->281651K(807936K), 0.0014729 secs] [Times: user=0.01 sys=0.00, real=0.00 secs] 
1371.405: [GC (Allocation Failure) [PSYoungGen: 71136K->1501K(71680K)] 351283K->281649K(808448K), 0.0015915 secs] [Times: user=0.01 sys=0.00, real=0.00 secs] 
1371.527: [GC (Allocation Failure) [PSYoungGen: 71133K->1501K(71680K)] 351281K->281649K(808448K), 0.0016004 secs] [Times: user=0.01 sys=0.00, real=0.00 secs] 
1372.103: [GC (Allocation Failure) [PSYoungGen: 71133K->1440K(71680K)] 351281K->281587K(808448K), 0.0028012 secs] [Times: user=0.01 sys=0.00, real=0.01 secs] 
1373.059: [GC (Allocation Failure) [PSYoungGen: 71072K->1376K(71680K)] 351219K->281523K(808448K), 0.0025130 secs] [Times: user=0.01 sys=0.00, real=0.00 secs] 
1374.262: [GC (Allocation Failure) [PSYoungGen: 71008K->1376K(71680K)] 351155K->281523K(808448K), 0.0030174 secs] [Times: user=0.01 sys=0.00, real=0.01 secs] 
1375.161: [GC (Allocation Failure) [PSYoungGen: 71008K->1312K(71680K)] 351155K->281459K(808448K), 0.0021739 secs] [Times: user=0.01 sys=0.00, real=0.00 secs] 
1375.804: [GC (Allocation Failure) [PSYoungGen: 70944K->1469K(71680K)] 351091K->281617K(808448K), 0.0020554 secs] [Times: user=0.00 sys=0.00, real=0.00 secs] 
1375.940: [GC (Allocation Failure) [PSYoungGen: 71101K->1469K(71680K)] 351249K->281617K(808448K), 0.0015405 secs] [Times: user=0.00 sys=0.00, real=0.00 secs] 
1376.063: [GC (Allocation Failure) [PSYoungGen: 71101K->1501K(71680K)] 351249K->281649K(808448K), 0.0015389 secs] [Times: user=0.00 sys=0.00, real=0.01 secs] 
1376.186: [GC (Allocation Failure) [PSYoungGen: 71133K->1501K(71680K)] 351281K->281665K(808448K), 0.0015492 secs] [Times: user=0.00 sys=0.00, real=0.00 secs] 
1377.311: [GC (Allocation Failure) [PSYoungGen: 71133K->1424K(71680K)] 351297K->281587K(808448K), 0.0027678 secs] [Times: user=0.01 sys=0.00, real=0.01 secs] 
1378.243: [GC (Allocation Failure) [PSYoungGen: 71056K->1408K(71680K)] 351219K->281571K(808448K), 0.0026143 secs] [Times: user=0.01 sys=0.00, real=0.01 secs] 
1378.772: [GC (Allocation Failure) [PSYoungGen: 71040K->1344K(71680K)] 351203K->281507K(808448K), 0.0019035 secs] [Times: user=0.01 sys=0.00, real=0.01 secs] 
1379.403: [GC (Allocation Failure) [PSYoungGen: 70976K->1440K(71680K)] 351139K->281603K(808448K), 0.0021109 secs] [Times: user=0.00 sys=0.00, real=0.01 secs] 
1379.795: [GC (Allocation Failure) [PSYoungGen: 71072K->1469K(71680K)] 351235K->281633K(808448K), 0.0015625 secs] [Times: user=0.01 sys=0.00, real=0.00 secs] 
1379.918: [GC (Allocation Failure) [PSYoungGen: 71101K->1437K(71680K)] 351265K->281601K(808448K), 0.0016409 secs] [Times: user=0.00 sys=0.00, real=0.00 secs] 
1380.041: [GC (Allocation Failure) [PSYoungGen: 71069K->1488K(71680K)] 351233K->281652K(808448K), 0.0016026 secs] [Times: user=0.01 sys=0.00, real=0.00 secs] 
1380.165: [GC (Allocation Failure) [PSYoungGen: 71120K->1424K(71680K)] 351284K->281596K(808448K), 0.0016526 secs] [Times: user=0.01 sys=0.00, real=0.00 secs] 
1381.250: [GC (Allocation Failure) [PSYoungGen: 71056K->1408K(71680K)] 351228K->281579K(808448K), 0.0021171 secs] [Times: user=0.01 sys=0.00, real=0.00 secs] 
1381.623: [GC (Allocation Failure) [PSYoungGen: 71040K->1312K(71680K)] 351211K->281483K(808448K), 0.0020444 secs] [Times: user=0.01 sys=0.00, real=0.01 secs] 
1381.922: [GC (Allocation Failure) [PSYoungGen: 70944K->1344K(71680K)] 351115K->281539K(808448K), 0.0024234 secs] [Times: user=0.01 sys=0.00, real=0.01 secs] 
1382.531: [GC (Allocation Failure) [PSYoungGen: 70976K->1376K(71680K)] 351171K->281571K(808448K), 0.0030160 secs] [Times: user=0.01 sys=0.00, real=0.01 secs] 
1382.764: [GC (Allocation Failure) [PSYoungGen: 71008K->1501K(71680K)] 351203K->281697K(808448K), 0.0014940 secs] [Times: user=0.00 sys=0.00, real=0.00 secs] 
1382.887: [GC (Allocation Failure) [PSYoungGen: 71133K->1424K(71680K)] 351329K->281620K(808448K), 0.0015461 secs] [Times: user=0.01 sys=0.00, real=0.00 secs] 
1383.009: [GC (Allocation Failure) [PSYoungGen: 71056K->1469K(71680K)] 351252K->281665K(808448K), 0.0016652 secs] [Times: user=0.01 sys=0.00, real=0.00 secs] 
1383.237: [GC (Allocation Failure) [PSYoungGen: 71101K->1440K(71680K)] 351297K->281635K(808448K), 0.0017485 secs] [Times: user=0.01 sys=0.00, real=0.00 secs] 
1383.860: [GC (Allocation Failure) [PSYoungGen: 71072K->1344K(71680K)] 351267K->281539K(808448K), 0.0020542 secs] [Times: user=0.01 sys=0.00, real=0.00 secs] 
1384.285: [GC (Allocation Failure) [PSYoungGen: 70976K->1376K(71680K)] 351171K->281571K(808448K), 0.0025497 secs] [Times: user=0.00 sys=0.00, real=0.00 secs] 
1385.157: [GC (Allocation Failure) [PSYoungGen: 71008K->1376K(71680K)] 351203K->281571K(808448K), 0.0026025 secs] [Times: user=0.01 sys=0.00, real=0.00 secs] 
1386.174: [GC (Allocation Failure) [PSYoungGen: 71008K->1501K(71680K)] 351203K->281697K(808448K), 0.0029581 secs] [Times: user=0.01 sys=0.00, real=0.00 secs] 
1386.378: [GC (Allocation Failure) [PSYoungGen: 71133K->1501K(71680K)] 351329K->281697K(808448K), 0.0015243 secs] [Times: user=0.01 sys=0.00, real=0.00 secs] 
1386.501: [GC (Allocation Failure) [PSYoungGen: 71133K->1440K(71680K)] 351329K->281635K(808448K), 0.0016390 secs] [Times: user=0.01 sys=0.00, real=0.00 secs] 
1386.623: [GC (Allocation Failure) [PSYoungGen: 71072K->1469K(71680K)] 351267K->281665K(808448K), 0.0016659 secs] [Times: user=0.01 sys=0.00, real=0.01 secs] 
1387.483: [GC (Allocation Failure) [PSYoungGen: 71101K->1360K(71680K)] 351297K->281563K(808448K), 0.0027876 secs] [Times: user=0.00 sys=0.00, real=0.01 secs] 
1387.813: [GC (Allocation Failure) [PSYoungGen: 70992K->1392K(71680K)] 351195K->281595K(808448K), 0.0019384 secs] [Times: user=0.00 sys=0.00, real=0.01 secs] 
1388.423: [GC (Allocation Failure) [PSYoungGen: 71024K->1376K(71680K)] 351227K->281579K(808448K), 0.0033736 secs] [Times: user=0.02 sys=0.00, real=0.01 secs] 
1389.128: [GC (Allocation Failure) [PSYoungGen: 71008K->1376K(71680K)] 351211K->281579K(808448K), 0.0025090 secs] [Times: user=0.01 sys=0.00, real=0.00 secs] 
1389.591: [GC (Allocation Failure) [PSYoungGen: 71008K->1469K(71680K)] 351211K->281673K(808448K), 0.0020338 secs] [Times: user=0.00 sys=0.00, real=0.00 secs] 
1389.767: [GC (Allocation Failure) [PSYoungGen: 71101K->1501K(71680K)] 351305K->281705K(808448K), 0.0021388 secs] [Times: user=0.01 sys=0.00, real=0.00 secs] 
1389.929: [GC (Allocation Failure) [PSYoungGen: 71133K->1437K(71680K)] 351337K->281641K(808448K), 0.0017140 secs] [Times: user=0.01 sys=0.00, real=0.00 secs] 
1390.072: [GC (Allocation Failure) [PSYoungGen: 71069K->1469K(71680K)] 351273K->281681K(808448K), 0.0018901 secs] [Times: user=0.01 sys=0.00, real=0.01 secs] 
1390.679: [GC (Allocation Failure) [PSYoungGen: 71101K->1440K(71680K)] 351313K->281651K(808448K), 0.0024328 secs] [Times: user=0.01 sys=0.00, real=0.00 secs] 
1391.068: [GC (Allocation Failure) [PSYoungGen: 71072K->1376K(71680K)] 351283K->281587K(808448K), 0.0018081 secs] [Times: user=0.00 sys=0.00, real=0.00 secs] 
1391.397: [GC (Allocation Failure) [PSYoungGen: 71008K->1344K(71680K)] 351219K->281571K(808448K), 0.0023084 secs] [Times: user=0.01 sys=0.00, real=0.00 secs] 
1391.701: [GC (Allocation Failure) [PSYoungGen: 70976K->1408K(71680K)] 351203K->281635K(808448K), 0.0019558 secs] [Times: user=0.01 sys=0.00, real=0.00 secs] 
1391.918: [GC (Allocation Failure) [PSYoungGen: 71040K->1469K(71680K)] 351267K->281697K(808448K), 0.0015916 secs] [Times: user=0.01 sys=0.00, real=0.00 secs] 
1392.041: [GC (Allocation Failure) [PSYoungGen: 71101K->1501K(71680K)] 351329K->281729K(808448K), 0.0015521 secs] [Times: user=0.00 sys=0.00, real=0.00 secs] 
1392.165: [GC (Allocation Failure) [PSYoungGen: 71133K->1501K(71680K)] 351361K->281729K(808448K), 0.0015297 secs] [Times: user=0.00 sys=0.00, real=0.00 secs] 
1392.288: [GC (Allocation Failure) [PSYoungGen: 71133K->1456K(71680K)] 351361K->281692K(808448K), 0.0027685 secs] [Times: user=0.01 sys=0.00, real=0.00 secs] 
1394.110: [GC (Allocation Failure) [PSYoungGen: 71088K->1472K(71168K)] 351324K->281707K(807936K), 0.0031575 secs] [Times: user=0.01 sys=0.00, real=0.00 secs] 
1394.401: [GC (Allocation Failure) [PSYoungGen: 71104K->1344K(71168K)] 351339K->281579K(807936K), 0.0021117 secs] [Times: user=0.01 sys=0.00, real=0.00 secs] 
1394.991: [GC (Allocation Failure) [PSYoungGen: 70976K->1344K(71168K)] 351211K->281579K(807936K), 0.0020384 secs] [Times: user=0.01 sys=0.00, real=0.00 secs] 
1395.569: [GC (Allocation Failure) [PSYoungGen: 70976K->1408K(71168K)] 351211K->281643K(807936K), 0.0028620 secs] [Times: user=0.01 sys=0.00, real=0.00 secs] 
1395.826: [GC (Allocation Failure) [PSYoungGen: 71040K->1533K(71168K)] 351275K->281769K(807936K), 0.0018879 secs] [Times: user=0.01 sys=0.00, real=0.00 secs] 
1395.952: [GC (Allocation Failure) [PSYoungGen: 71165K->1517K(71168K)] 351401K->281753K(807936K), 0.0016469 secs] [Times: user=0.00 sys=0.00, real=0.01 secs] 
1396.077: [GC (Allocation Failure) [PSYoungGen: 71149K->1437K(71168K)] 351385K->281673K(807936K), 0.0015304 secs] [Times: user=0.00 sys=0.00, real=0.00 secs] 
1396.657: [GC (Allocation Failure) [PSYoungGen: 71069K->1440K(71168K)] 351305K->281691K(807936K), 0.0019697 secs] [Times: user=0.01 sys=0.00, real=0.00 secs] 
1397.344: [GC (Allocation Failure) [PSYoungGen: 71072K->1376K(71168K)] 351323K->281627K(807936K), 0.0033323 secs] [Times: user=0.01 sys=0.00, real=0.00 secs] 
1397.941: [GC (Allocation Failure) [PSYoungGen: 71008K->1360K(71168K)] 351259K->281611K(807936K), 0.0026040 secs] [Times: user=0.01 sys=0.00, real=0.00 secs] 
1398.658: [GC (Allocation Failure) [PSYoungGen: 70992K->1408K(71168K)] 351243K->281659K(807936K), 0.0023674 secs] [Times: user=0.01 sys=0.00, real=0.00 secs] 
1399.419: [GC (Allocation Failure) [PSYoungGen: 71040K->1501K(71168K)] 351291K->281753K(807936K), 0.0029610 secs] [Times: user=0.01 sys=0.00, real=0.00 secs] 
1399.620: [GC (Allocation Failure) [PSYoungGen: 71102K->1469K(71168K)] 351354K->281721K(807936K), 0.0017369 secs] [Times: user=0.00 sys=0.00, real=0.00 secs] 
1399.763: [GC (Allocation Failure) [PSYoungGen: 71101K->1501K(71168K)] 351353K->281753K(807936K), 0.0019211 secs] [Times: user=0.00 sys=0.00, real=0.01 secs] 
1399.917: [GC (Allocation Failure) [PSYoungGen: 71133K->1501K(71680K)] 351385K->281753K(808448K), 0.0015507 secs] [Times: user=0.00 sys=0.00, real=0.00 secs] 
1400.517: [GC (Allocation Failure) [PSYoungGen: 71133K->1424K(71680K)] 351385K->281675K(808448K), 0.0037872 secs] [Times: user=0.02 sys=0.00, real=0.00 secs] 
1401.547: [GC (Allocation Failure) [PSYoungGen: 71056K->1376K(71680K)] 351307K->281627K(808448K), 0.0035479 secs] [Times: user=0.01 sys=0.00, real=0.00 secs] 
1402.674: [GC (Allocation Failure) [PSYoungGen: 71008K->1360K(71680K)] 351259K->281627K(808448K), 0.0039465 secs] [Times: user=0.02 sys=0.00, real=0.00 secs] 
1403.619: [GC (Allocation Failure) [PSYoungGen: 70992K->1344K(71680K)] 351259K->281611K(808448K), 0.0026863 secs] [Times: user=0.01 sys=0.00, real=0.00 secs] 
1404.398: [GC (Allocation Failure) [PSYoungGen: 70976K->1405K(71680K)] 351243K->281673K(808448K), 0.0022432 secs] [Times: user=0.01 sys=0.00, real=0.00 secs] 
1404.559: [GC (Allocation Failure) [PSYoungGen: 71037K->1501K(71680K)] 351305K->281769K(808448K), 0.0015599 secs] [Times: user=0.00 sys=0.00, real=0.00 secs] 
1404.682: [GC (Allocation Failure) [PSYoungGen: 71133K->1501K(71680K)] 351401K->281769K(808448K), 0.0015944 secs] [Times: user=0.00 sys=0.00, real=0.00 secs] 
1404.824: [GC (Allocation Failure) [PSYoungGen: 71133K->1469K(71680K)] 351401K->281753K(808448K), 0.0017640 secs] [Times: user=0.01 sys=0.00, real=0.00 secs] 
1405.479: [GC (Allocation Failure) [PSYoungGen: 71101K->1408K(71680K)] 351385K->281691K(808448K), 0.0031367 secs] [Times: user=0.01 sys=0.00, real=0.00 secs] 
1406.194: [GC (Allocation Failure) [PSYoungGen: 71040K->1408K(71680K)] 351323K->281691K(808448K), 0.0028988 secs] [Times: user=0.00 sys=0.00, real=0.01 secs] 
1406.643: [GC (Allocation Failure) [PSYoungGen: 71040K->1344K(71680K)] 351323K->281627K(808448K), 0.0018980 secs] [Times: user=0.01 sys=0.00, real=0.01 secs] 
1406.932: [GC (Allocation Failure) [PSYoungGen: 70976K->1344K(71680K)] 351259K->281627K(808448K), 0.0019546 secs] [Times: user=0.01 sys=0.00, real=0.01 secs] 
1407.191: [GC (Allocation Failure) [PSYoungGen: 70976K->1469K(71680K)] 351259K->281753K(808448K), 0.0015872 secs] [Times: user=0.00 sys=0.00, real=0.00 secs] 
1407.314: [GC (Allocation Failure) [PSYoungGen: 71101K->1469K(71680K)] 351385K->281753K(808448K), 0.0015709 secs] [Times: user=0.01 sys=0.00, real=0.01 secs] 
1407.436: [GC (Allocation Failure) [PSYoungGen: 71101K->1469K(71680K)] 351385K->281753K(808448K), 0.0015772 secs] [Times: user=0.01 sys=0.00, real=0.00 secs] 
1407.559: [GC (Allocation Failure) [PSYoungGen: 71101K->1469K(71680K)] 351385K->281769K(808448K), 0.0016003 secs] [Times: user=0.01 sys=0.00, real=0.00 secs] 
1407.935: [GC (Allocation Failure) [PSYoungGen: 71101K->1440K(71680K)] 351401K->281739K(808448K), 0.0019657 secs] [Times: user=0.01 sys=0.00, real=0.00 secs] 
1408.239: [GC (Allocation Failure) [PSYoungGen: 71072K->1408K(71680K)] 351371K->281707K(808448K), 0.0039152 secs] [Times: user=0.02 sys=0.00, real=0.00 secs] 
1408.532: [GC (Allocation Failure) [PSYoungGen: 71040K->1344K(71680K)] 351339K->281643K(808448K), 0.0021921 secs] [Times: user=0.01 sys=0.00, real=0.01 secs] 
1409.089: [GC (Allocation Failure) [PSYoungGen: 70976K->1376K(71680K)] 351275K->281675K(808448K), 0.0028448 secs] [Times: user=0.01 sys=0.00, real=0.00 secs] 
1409.339: [GC (Allocation Failure) [PSYoungGen: 71008K->1501K(71680K)] 351307K->281801K(808448K), 0.0019930 secs] [Times: user=0.01 sys=0.00, real=0.00 secs] 
1409.500: [GC (Allocation Failure) [PSYoungGen: 71133K->1533K(71680K)] 351433K->281849K(808448K), 0.0017103 secs] [Times: user=0.01 sys=0.00, real=0.00 secs] 
1409.655: [GC (Allocation Failure) [PSYoungGen: 71165K->1501K(71680K)] 351481K->281817K(808448K), 0.0018818 secs] [Times: user=0.01 sys=0.00, real=0.00 secs] 
1410.011: [GC (Allocation Failure) [PSYoungGen: 71133K->1472K(71680K)] 351449K->281795K(808448K), 0.0022454 secs] [Times: user=0.01 sys=0.00, real=0.00 secs] 
1410.980: [GC (Allocation Failure) [PSYoungGen: 71104K->1376K(71680K)] 351427K->281699K(808448K), 0.0035678 secs] [Times: user=0.01 sys=0.00, real=0.00 secs] 
1412.135: [GC (Allocation Failure) [PSYoungGen: 71008K->1344K(71680K)] 351331K->281667K(808448K), 0.0038578 secs] [Times: user=0.02 sys=0.00, real=0.00 secs] 
1412.973: [GC (Allocation Failure) [PSYoungGen: 70976K->1376K(71680K)] 351299K->281699K(808448K), 0.0031682 secs] [Times: user=0.02 sys=0.01, real=0.01 secs] 
1414.646: [GC (Allocation Failure) [PSYoungGen: 71008K->1437K(71680K)] 351331K->281761K(808448K), 0.0029363 secs] [Times: user=0.01 sys=0.00, real=0.00 secs] 
1414.844: [GC (Allocation Failure) [PSYoungGen: 71069K->1469K(71680K)] 351393K->281793K(808448K), 0.0016112 secs] [Times: user=0.01 sys=0.00, real=0.01 secs] 
1414.966: [GC (Allocation Failure) [PSYoungGen: 71101K->1456K(71680K)] 351425K->281780K(808448K), 0.0016351 secs] [Times: user=0.00 sys=0.00, real=0.00 secs] 
1415.108: [GC (Allocation Failure) [PSYoungGen: 71088K->1437K(71680K)] 351412K->281761K(808448K), 0.0020048 secs] [Times: user=0.00 sys=0.00, real=0.00 secs] 
1415.478: [GC (Allocation Failure) [PSYoungGen: 71069K->1424K(71680K)] 351393K->281747K(808448K), 0.0022862 secs] [Times: user=0.01 sys=0.00, real=0.00 secs] 
1416.047: [GC (Allocation Failure) [PSYoungGen: 71056K->1376K(71680K)] 351379K->281699K(808448K), 0.0025180 secs] [Times: user=0.01 sys=0.00, real=0.00 secs] 
1416.577: [GC (Allocation Failure) [PSYoungGen: 71008K->1376K(71680K)] 351331K->281699K(808448K), 0.0026194 secs] [Times: user=0.01 sys=0.00, real=0.00 secs] 
1417.290: [GC (Allocation Failure) [PSYoungGen: 71008K->1376K(71680K)] 351331K->281699K(808448K), 0.0019949 secs] [Times: user=0.00 sys=0.00, real=0.00 secs] 
1417.832: [GC (Allocation Failure) [PSYoungGen: 71008K->1421K(71168K)] 351331K->281745K(807936K), 0.0021538 secs] [Times: user=0.01 sys=0.00, real=0.01 secs] 
1417.970: [GC (Allocation Failure) [PSYoungGen: 71053K->1469K(71168K)] 351377K->281793K(807936K), 0.0016362 secs] [Times: user=0.01 sys=0.00, real=0.00 secs] 
1418.096: [GC (Allocation Failure) [PSYoungGen: 71101K->1440K(71168K)] 351425K->281763K(807936K), 0.0016550 secs] [Times: user=0.01 sys=0.00, real=0.00 secs] 
1418.237: [GC (Allocation Failure) [PSYoungGen: 71072K->1501K(71168K)] 351395K->281833K(807936K), 0.0018015 secs] [Times: user=0.00 sys=0.00, real=0.00 secs] 
1419.015: [GC (Allocation Failure) [PSYoungGen: 71133K->1440K(71680K)] 351465K->281771K(808448K), 0.0021560 secs] [Times: user=0.01 sys=0.00, real=0.00 secs] 
1419.411: [GC (Allocation Failure) [PSYoungGen: 71072K->1360K(71680K)] 351403K->281691K(808448K), 0.0021420 secs] [Times: user=0.01 sys=0.00, real=0.00 secs] 
1420.062: [GC (Allocation Failure) [PSYoungGen: 70992K->1376K(71680K)] 351323K->281707K(808448K), 0.0021093 secs] [Times: user=0.01 sys=0.00, real=0.01 secs] 
1420.709: [GC (Allocation Failure) [PSYoungGen: 71008K->1344K(71680K)] 351339K->281683K(808448K), 0.0021537 secs] [Times: user=0.00 sys=0.00, real=0.00 secs] 
1421.036: [GC (Allocation Failure) [PSYoungGen: 70976K->1469K(71680K)] 351315K->281809K(808448K), 0.0016121 secs] [Times: user=0.00 sys=0.00, real=0.00 secs] 
1421.158: [GC (Allocation Failure) [PSYoungGen: 71101K->1456K(71680K)] 351441K->281796K(808448K), 0.0016314 secs] [Times: user=0.01 sys=0.00, real=0.00 secs] 
1421.281: [GC (Allocation Failure) [PSYoungGen: 71088K->1536K(71680K)] 351428K->281876K(808448K), 0.0016249 secs] [Times: user=0.00 sys=0.00, real=0.00 secs] 
1421.404: [GC (Allocation Failure) [PSYoungGen: 71168K->1440K(71680K)] 351508K->281787K(808448K), 0.0016901 secs] [Times: user=0.00 sys=0.00, real=0.00 secs] 
1421.807: [GC (Allocation Failure) [PSYoungGen: 71072K->1376K(71168K)] 351419K->281723K(807936K), 0.0019291 secs] [Times: user=0.00 sys=0.00, real=0.00 secs] 
1422.096: [GC (Allocation Failure) [PSYoungGen: 71008K->1344K(71168K)] 351355K->281691K(807936K), 0.0018956 secs] [Times: user=0.01 sys=0.00, real=0.00 secs] 
1422.529: [GC (Allocation Failure) [PSYoungGen: 70976K->1376K(71168K)] 351323K->281723K(807936K), 0.0017595 secs] [Times: user=0.01 sys=0.00, real=0.00 secs] 
1422.956: [GC (Allocation Failure) [PSYoungGen: 71008K->1376K(71168K)] 351355K->281723K(807936K), 0.0020635 secs] [Times: user=0.01 sys=0.00, real=0.00 secs] 
1423.142: [GC (Allocation Failure) [PSYoungGen: 71008K->1469K(71168K)] 351355K->281817K(807936K), 0.0016677 secs] [Times: user=0.01 sys=0.00, real=0.01 secs] 
1423.265: [GC (Allocation Failure) [PSYoungGen: 71101K->1533K(71168K)] 351449K->281881K(807936K), 0.0016995 secs] [Times: user=0.01 sys=0.00, real=0.00 secs] 
1423.406: [GC (Allocation Failure) [PSYoungGen: 71165K->1421K(71168K)] 351513K->281769K(807936K), 0.0017985 secs] [Times: user=0.00 sys=0.00, real=0.00 secs] 
1423.695: [GC (Allocation Failure) [PSYoungGen: 71053K->1408K(71168K)] 351401K->281755K(807936K), 0.0020565 secs] [Times: user=0.01 sys=0.00, real=0.00 secs] 
1423.985: [GC (Allocation Failure) [PSYoungGen: 71040K->1408K(71168K)] 351387K->281755K(807936K), 0.0017993 secs] [Times: user=0.01 sys=0.00, real=0.00 secs] 
1424.274: [GC (Allocation Failure) [PSYoungGen: 71040K->1376K(71168K)] 351387K->281723K(807936K), 0.0020555 secs] [Times: user=0.01 sys=0.00, real=0.00 secs] 
1424.563: [GC (Allocation Failure) [PSYoungGen: 71008K->1408K(71168K)] 351355K->281755K(807936K), 0.0019979 secs] [Times: user=0.00 sys=0.00, real=0.01 secs] 
1424.895: [GC (Allocation Failure) [PSYoungGen: 71040K->1405K(71168K)] 351387K->281753K(807936K), 0.0019884 secs] [Times: user=0.00 sys=0.00, real=0.00 secs] 
1425.023: [GC (Allocation Failure) [PSYoungGen: 71037K->432K(71680K)] 351385K->281804K(808448K), 0.0026628 secs] [Times: user=0.01 sys=0.00, real=0.01 secs] 
1425.150: [GC (Allocation Failure) [PSYoungGen: 71600K->445K(73216K)] 352972K->281817K(809984K), 0.0015585 secs] [Times: user=0.01 sys=0.00, real=0.00 secs] 
1425.276: [GC (Allocation Failure) [PSYoungGen: 71613K->461K(79872K)] 352985K->281833K(816640K), 0.0017105 secs] [Times: user=0.01 sys=0.00, real=0.00 secs] 
1426.233: [GC (Allocation Failure) [PSYoungGen: 78285K->1472K(78848K)] 359657K->282843K(815616K), 0.0023146 secs] [Times: user=0.01 sys=0.00, real=0.01 secs] 
1426.691: [GC (Allocation Failure) [PSYoungGen: 78784K->1408K(78336K)] 360155K->282779K(815104K), 0.0021160 secs] [Times: user=0.01 sys=0.00, real=0.00 secs] 
1427.392: [GC (Allocation Failure) [PSYoungGen: 78208K->1408K(77824K)] 359579K->282779K(814592K), 0.0024989 secs] [Times: user=0.01 sys=0.00, real=0.01 secs] 
1428.243: [GC (Allocation Failure) [PSYoungGen: 77696K->1440K(77312K)] 359067K->282811K(814080K), 0.0021725 secs] [Times: user=0.01 sys=0.00, real=0.01 secs] 
1429.086: [GC (Allocation Failure) [PSYoungGen: 77216K->1501K(76800K)] 358587K->282873K(813568K), 0.0020059 secs] [Times: user=0.01 sys=0.00, real=0.00 secs] 
1429.225: [GC (Allocation Failure) [PSYoungGen: 76765K->1469K(76288K)] 358137K->282841K(813056K), 0.0016238 secs] [Times: user=0.01 sys=0.00, real=0.00 secs] 
1429.357: [GC (Allocation Failure) [PSYoungGen: 76221K->1485K(75776K)] 357593K->282857K(812544K), 0.0023823 secs] [Times: user=0.01 sys=0.00, real=0.00 secs] 
1430.555: [GC (Allocation Failure) [PSYoungGen: 75725K->1408K(75264K)] 357097K->282779K(812032K), 0.0031543 secs] [Times: user=0.01 sys=0.00, real=0.00 secs] 
1431.366: [GC (Allocation Failure) [PSYoungGen: 75136K->1408K(74752K)] 356507K->282779K(811520K), 0.0027455 secs] [Times: user=0.01 sys=0.00, real=0.00 secs] 
1432.150: [GC (Allocation Failure) [PSYoungGen: 74624K->1344K(74240K)] 355995K->282715K(811008K), 0.0023540 secs] [Times: user=0.01 sys=0.00, real=0.00 secs] 
1432.858: [GC (Allocation Failure) [PSYoungGen: 74048K->1360K(73728K)] 355419K->282731K(810496K), 0.0024506 secs] [Times: user=0.01 sys=0.00, real=0.00 secs] 
1433.262: [GC (Allocation Failure) [PSYoungGen: 73552K->1469K(73216K)] 354923K->282865K(809984K), 0.0020522 secs] [Times: user=0.00 sys=0.01, real=0.01 secs] 
1433.391: [GC (Allocation Failure) [PSYoungGen: 73149K->1456K(72704K)] 354545K->282852K(809472K), 0.0016888 secs] [Times: user=0.01 sys=0.01, real=0.00 secs] 
1433.516: [GC (Allocation Failure) [PSYoungGen: 72624K->1469K(72192K)] 354020K->282865K(808960K), 0.0016931 secs] [Times: user=0.01 sys=0.00, real=0.00 secs] 
1433.640: [GC (Allocation Failure) [PSYoungGen: 71503K->256K(72704K)] 352898K->281651K(809472K), 0.0014966 secs] [Times: user=0.00 sys=0.00, real=0.00 secs] 
1434.026: [GC (Allocation Failure) [PSYoungGen: 70912K->1408K(72704K)] 352307K->282803K(809472K), 0.0017653 secs] [Times: user=0.01 sys=0.00, real=0.00 secs] 
1434.505: [GC (Allocation Failure) [PSYoungGen: 72064K->1344K(72704K)] 353459K->282739K(809472K), 0.0020483 secs] [Times: user=0.01 sys=0.00, real=0.00 secs] 
1435.091: [GC (Allocation Failure) [PSYoungGen: 72000K->1376K(72704K)] 353395K->282771K(809472K), 0.0019873 secs] [Times: user=0.00 sys=0.00, real=0.00 secs] 
1435.807: [GC (Allocation Failure) [PSYoungGen: 72032K->1392K(72704K)] 353427K->282788K(809472K), 0.0031491 secs] [Times: user=0.02 sys=0.00, real=0.00 secs] 
1436.018: [GC (Allocation Failure) [PSYoungGen: 72048K->1472K(72704K)] 353444K->282868K(809472K), 0.0015613 secs] [Times: user=0.01 sys=0.00, real=0.00 secs] 
1436.143: [GC (Allocation Failure) [PSYoungGen: 72128K->1469K(72704K)] 353524K->282865K(809472K), 0.0016139 secs] [Times: user=0.01 sys=0.00, real=0.01 secs] 
1436.288: [GC (Allocation Failure) [PSYoungGen: 72125K->1453K(72704K)] 353521K->282849K(809472K), 0.0018338 secs] [Times: user=0.01 sys=0.00, real=0.00 secs] 
1436.597: [GC (Allocation Failure) [PSYoungGen: 72109K->1440K(72704K)] 353505K->282835K(809472K), 0.0020301 secs] [Times: user=0.01 sys=0.00, real=0.00 secs] 
1437.209: [GC (Allocation Failure) [PSYoungGen: 72096K->1344K(72704K)] 353491K->282739K(809472K), 0.0021279 secs] [Times: user=0.01 sys=0.00, real=0.00 secs] 
1438.129: [GC (Allocation Failure) [PSYoungGen: 72000K->1408K(72704K)] 353395K->282803K(809472K), 0.0024956 secs] [Times: user=0.01 sys=0.00, real=0.00 secs] 
1439.111: [GC (Allocation Failure) [PSYoungGen: 72064K->1408K(72704K)] 353459K->282803K(809472K), 0.0026494 secs] [Times: user=0.01 sys=0.00, real=0.00 secs] 
1439.867: [GC (Allocation Failure) [PSYoungGen: 72064K->1501K(72704K)] 353459K->282897K(809472K), 0.0024057 secs] [Times: user=0.00 sys=0.00, real=0.00 secs] 
1440.036: [GC (Allocation Failure) [PSYoungGen: 72157K->1469K(72704K)] 353553K->282865K(809472K), 0.0015753 secs] [Times: user=0.01 sys=0.00, real=0.00 secs] 
1440.161: [GC (Allocation Failure) [PSYoungGen: 72125K->1469K(72704K)] 353521K->282865K(809472K), 0.0015548 secs] [Times: user=0.00 sys=0.00, real=0.00 secs] 
1440.304: [GC (Allocation Failure) [PSYoungGen: 72125K->1469K(72704K)] 353521K->282873K(809472K), 0.0018064 secs] [Times: user=0.01 sys=0.00, real=0.00 secs] 
1440.855: [GC (Allocation Failure) [PSYoungGen: 72125K->1408K(72704K)] 353529K->282811K(809472K), 0.0019133 secs] [Times: user=0.01 sys=0.00, real=0.00 secs] 
1441.148: [GC (Allocation Failure) [PSYoungGen: 72064K->1344K(72704K)] 353467K->282747K(809472K), 0.0020315 secs] [Times: user=0.01 sys=0.00, real=0.00 secs] 
1441.442: [GC (Allocation Failure) [PSYoungGen: 72000K->1376K(72704K)] 353403K->282795K(809472K), 0.0019459 secs] [Times: user=0.01 sys=0.00, real=0.01 secs] 
1441.787: [GC (Allocation Failure) [PSYoungGen: 72032K->1408K(72704K)] 353451K->282827K(809472K), 0.0017840 secs] [Times: user=0.00 sys=0.00, real=0.00 secs] 
1442.490: [GC (Allocation Failure) [PSYoungGen: 72064K->1469K(72704K)] 353483K->282889K(809472K), 0.0022971 secs] [Times: user=0.01 sys=0.00, real=0.00 secs] 
1442.649: [GC (Allocation Failure) [PSYoungGen: 72125K->1469K(72704K)] 353545K->282889K(809472K), 0.0016783 secs] [Times: user=0.01 sys=0.00, real=0.00 secs] 
1442.794: [GC (Allocation Failure) [PSYoungGen: 72125K->1501K(72704K)] 353545K->282921K(809472K), 0.0018595 secs] [Times: user=0.01 sys=0.00, real=0.00 secs] 
1443.117: [GC (Allocation Failure) [PSYoungGen: 72157K->1424K(72704K)] 353577K->282843K(809472K), 0.0021170 secs] [Times: user=0.00 sys=0.00, real=0.00 secs] 
1443.453: [GC (Allocation Failure) [PSYoungGen: 72080K->1376K(72704K)] 353499K->282795K(809472K), 0.0019916 secs] [Times: user=0.01 sys=0.00, real=0.01 secs] 
1443.781: [GC (Allocation Failure) [PSYoungGen: 72032K->1344K(72704K)] 353451K->282763K(809472K), 0.0020266 secs] [Times: user=0.01 sys=0.00, real=0.00 secs] 
1444.075: [GC (Allocation Failure) [PSYoungGen: 72000K->1344K(72704K)] 353419K->282763K(809472K), 0.0019362 secs] [Times: user=0.01 sys=0.00, real=0.00 secs] 
1444.404: [GC (Allocation Failure) [PSYoungGen: 72000K->1405K(72704K)] 353419K->282825K(809472K), 0.0018896 secs] [Times: user=0.00 sys=0.00, real=0.00 secs] 
1444.538: [GC (Allocation Failure) [PSYoungGen: 72061K->1456K(72704K)] 353481K->282876K(809472K), 0.0015871 secs] [Times: user=0.00 sys=0.00, real=0.00 secs] 
1444.682: [GC (Allocation Failure) [PSYoungGen: 72112K->1453K(72704K)] 353532K->282873K(809472K), 0.0017075 secs] [Times: user=0.01 sys=0.00, real=0.00 secs] 
1444.838: [GC (Allocation Failure) [PSYoungGen: 72109K->1501K(72704K)] 353529K->282921K(809472K), 0.0019216 secs] [Times: user=0.01 sys=0.00, real=0.00 secs] 
1445.198: [GC (Allocation Failure) [PSYoungGen: 72157K->1440K(72704K)] 353577K->282859K(809472K), 0.0019777 secs] [Times: user=0.01 sys=0.00, real=0.00 secs] 
1445.503: [GC (Allocation Failure) [PSYoungGen: 72096K->1376K(72704K)] 353515K->282795K(809472K), 0.0019976 secs] [Times: user=0.01 sys=0.00, real=0.01 secs] 
1445.830: [GC (Allocation Failure) [PSYoungGen: 72032K->1344K(72704K)] 353451K->282763K(809472K), 0.0017795 secs] [Times: user=0.01 sys=0.00, real=0.00 secs] 
1446.137: [GC (Allocation Failure) [PSYoungGen: 72000K->1392K(72704K)] 353419K->282811K(809472K), 0.0018087 secs] [Times: user=0.01 sys=0.00, real=0.00 secs] 
1446.696: [GC (Allocation Failure) [PSYoungGen: 72048K->1469K(72704K)] 353467K->282897K(809472K), 0.0020320 secs] [Times: user=0.01 sys=0.00, real=0.00 secs] 
1446.881: [GC (Allocation Failure) [PSYoungGen: 72125K->1453K(72704K)] 353553K->282881K(809472K), 0.0018098 secs] [Times: user=0.00 sys=0.01, real=0.00 secs] 
1447.011: [GC (Allocation Failure) [PSYoungGen: 72109K->1501K(72704K)] 353537K->282929K(809472K), 0.0016196 secs] [Times: user=0.01 sys=0.00, real=0.00 secs] 
1447.136: [GC (Allocation Failure) [PSYoungGen: 72157K->1469K(72704K)] 353585K->282913K(809472K), 0.0016495 secs] [Times: user=0.00 sys=0.00, real=0.00 secs] 
1447.811: [GC (Allocation Failure) [PSYoungGen: 72125K->1440K(72704K)] 353569K->282883K(809472K), 0.0021366 secs] [Times: user=0.00 sys=0.00, real=0.00 secs] 
1448.460: [GC (Allocation Failure) [PSYoungGen: 72096K->1376K(72704K)] 353539K->282819K(809472K), 0.0022154 secs] [Times: user=0.01 sys=0.00, real=0.00 secs] 
1449.063: [GC (Allocation Failure) [PSYoungGen: 72032K->1408K(72704K)] 353475K->282851K(809472K), 0.0023252 secs] [Times: user=0.01 sys=0.00, real=0.01 secs] 
1449.638: [GC (Allocation Failure) [PSYoungGen: 72064K->1376K(72704K)] 353507K->282819K(809472K), 0.0024057 secs] [Times: user=0.01 sys=0.00, real=0.00 secs] 
1450.264: [GC (Allocation Failure) [PSYoungGen: 72032K->1469K(72704K)] 353475K->282913K(809472K), 0.0020105 secs] [Times: user=0.01 sys=0.00, real=0.00 secs] 
1450.398: [GC (Allocation Failure) [PSYoungGen: 72125K->1469K(72704K)] 353569K->282929K(809472K), 0.0016164 secs] [Times: user=0.01 sys=0.00, real=0.00 secs] 
1450.523: [GC (Allocation Failure) [PSYoungGen: 72125K->1469K(72704K)] 353585K->282929K(809472K), 0.0017565 secs] [Times: user=0.01 sys=0.00, real=0.01 secs] 
1451.162: [GC (Allocation Failure) [PSYoungGen: 72125K->1424K(72704K)] 353585K->282891K(809472K), 0.0032753 secs] [Times: user=0.01 sys=0.00, real=0.01 secs] 
1452.111: [GC (Allocation Failure) [PSYoungGen: 72080K->1376K(72704K)] 353547K->282843K(809472K), 0.0031134 secs] [Times: user=0.01 sys=0.00, real=0.01 secs] 
1452.769: [GC (Allocation Failure) [PSYoungGen: 72032K->1376K(72704K)] 353499K->282843K(809472K), 0.0026385 secs] [Times: user=0.01 sys=0.00, real=0.00 secs] 
1453.367: [GC (Allocation Failure) [PSYoungGen: 72032K->1344K(72704K)] 353499K->282811K(809472K), 0.0025458 secs] [Times: user=0.01 sys=0.00, real=0.00 secs] 
1453.789: [GC (Allocation Failure) [PSYoungGen: 72000K->1469K(72704K)] 353467K->282937K(809472K), 0.0019403 secs] [Times: user=0.01 sys=0.00, real=0.00 secs] 
1453.927: [GC (Allocation Failure) [PSYoungGen: 72125K->1469K(72704K)] 353593K->282937K(809472K), 0.0016972 secs] [Times: user=0.00 sys=0.00, real=0.00 secs] 
1454.072: [GC (Allocation Failure) [PSYoungGen: 72125K->1469K(72704K)] 353593K->282937K(809472K), 0.0017404 secs] [Times: user=0.01 sys=0.00, real=0.00 secs] 
1454.235: [GC (Allocation Failure) [PSYoungGen: 72125K->1533K(72704K)] 353593K->283001K(809472K), 0.0019575 secs] [Times: user=0.00 sys=0.00, real=0.00 secs] 
1455.376: [GC (Allocation Failure) [PSYoungGen: 72189K->1424K(72704K)] 353657K->282891K(809472K), 0.0027069 secs] [Times: user=0.01 sys=0.00, real=0.00 secs] 
1456.229: [GC (Allocation Failure) [PSYoungGen: 72080K->1344K(72704K)] 353547K->282811K(809472K), 0.0026105 secs] [Times: user=0.01 sys=0.00, real=0.00 secs] 
1457.328: [GC (Allocation Failure) [PSYoungGen: 72000K->1408K(72704K)] 353467K->282883K(809472K), 0.0031071 secs] [Times: user=0.01 sys=0.00, real=0.00 secs] 
1458.114: [GC (Allocation Failure) [PSYoungGen: 72064K->1360K(72704K)] 353539K->282835K(809472K), 0.0028799 secs] [Times: user=0.01 sys=0.00, real=0.00 secs] 
1458.961: [GC (Allocation Failure) [PSYoungGen: 72016K->1453K(72704K)] 353491K->282929K(809472K), 0.0023128 secs] [Times: user=0.01 sys=0.00, real=0.00 secs] 
1459.154: [GC (Allocation Failure) [PSYoungGen: 72109K->1485K(72704K)] 353585K->282961K(809472K), 0.0023025 secs] [Times: user=0.01 sys=0.00, real=0.00 secs] 
1459.320: [GC (Allocation Failure) [PSYoungGen: 72141K->1501K(72704K)] 353617K->282977K(809472K), 0.0017146 secs] [Times: user=0.00 sys=0.00, real=0.00 secs] 
1459.601: [GC (Allocation Failure) [PSYoungGen: 72157K->1552K(72704K)] 353633K->283027K(809472K), 0.0018655 secs] [Times: user=0.01 sys=0.00, real=0.00 secs] 
1460.331: [GC (Allocation Failure) [PSYoungGen: 72208K->1376K(72704K)] 353683K->282851K(809472K), 0.0024423 secs] [Times: user=0.01 sys=0.00, real=0.01 secs] 
1460.726: [GC (Allocation Failure) [PSYoungGen: 72032K->1376K(72704K)] 353507K->282851K(809472K), 0.0019473 secs] [Times: user=0.01 sys=0.00, real=0.00 secs] 
1461.020: [GC (Allocation Failure) [PSYoungGen: 72032K->1344K(72704K)] 353507K->282819K(809472K), 0.0019622 secs] [Times: user=0.01 sys=0.00, real=0.00 secs] 
1461.702: [GC (Allocation Failure) [PSYoungGen: 72000K->1456K(72704K)] 353475K->282932K(809472K), 0.0022266 secs] [Times: user=0.01 sys=0.00, real=0.01 secs] 
1461.864: [GC (Allocation Failure) [PSYoungGen: 72112K->1469K(72704K)] 353588K->282945K(809472K), 0.0017054 secs] [Times: user=0.01 sys=0.00, real=0.00 secs] 
1461.989: [GC (Allocation Failure) [PSYoungGen: 72125K->1469K(72704K)] 353601K->282945K(809472K), 0.0016395 secs] [Times: user=0.01 sys=0.00, real=0.00 secs] 
1462.131: [GC (Allocation Failure) [PSYoungGen: 72125K->1501K(72704K)] 353601K->282977K(809472K), 0.0018180 secs] [Times: user=0.01 sys=0.00, real=0.00 secs] 
1462.757: [GC (Allocation Failure) [PSYoungGen: 72157K->1488K(72704K)] 353633K->282987K(809472K), 0.0023508 secs] [Times: user=0.00 sys=0.00, real=0.00 secs] 
1463.609: [GC (Allocation Failure) [PSYoungGen: 72144K->1376K(72704K)] 353643K->282875K(809472K), 0.0032208 secs] [Times: user=0.01 sys=0.00, real=0.00 secs] 
1464.583: [GC (Allocation Failure) [PSYoungGen: 72032K->1376K(72704K)] 353531K->282875K(809472K), 0.0023728 secs] [Times: user=0.01 sys=0.00, real=0.01 secs] 
1465.432: [GC (Allocation Failure) [PSYoungGen: 72032K->1408K(72704K)] 353531K->282907K(809472K), 0.0029031 secs] [Times: user=0.01 sys=0.00, real=0.01 secs] 
1466.126: [GC (Allocation Failure) [PSYoungGen: 72064K->1469K(72704K)] 353563K->282969K(809472K), 0.0023809 secs] [Times: user=0.01 sys=0.00, real=0.00 secs] 
1466.296: [GC (Allocation Failure) [PSYoungGen: 72125K->1440K(72704K)] 353625K->282940K(809472K), 0.0017294 secs] [Times: user=0.01 sys=0.00, real=0.00 secs] 
1466.439: [GC (Allocation Failure) [PSYoungGen: 72096K->1533K(72704K)] 353596K->283033K(809472K), 0.0017752 secs] [Times: user=0.01 sys=0.00, real=0.00 secs] 
1466.599: [GC (Allocation Failure) [PSYoungGen: 72189K->1469K(72704K)] 353689K->282985K(809472K), 0.0016952 secs] [Times: user=0.00 sys=0.00, real=0.00 secs] 
1467.128: [GC (Allocation Failure) [PSYoungGen: 72125K->1392K(72704K)] 353641K->282907K(809472K), 0.0029082 secs] [Times: user=0.02 sys=0.00, real=0.00 secs] 
1467.793: [GC (Allocation Failure) [PSYoungGen: 72048K->1344K(72704K)] 353563K->282859K(809472K), 0.0026144 secs] [Times: user=0.01 sys=0.00, real=0.01 secs] 
1468.517: [GC (Allocation Failure) [PSYoungGen: 72000K->1376K(72704K)] 353515K->282891K(809472K), 0.0022281 secs] [Times: user=0.01 sys=0.00, real=0.00 secs] 
1469.225: [GC (Allocation Failure) [PSYoungGen: 72032K->1344K(72704K)] 353547K->282859K(809472K), 0.0043806 secs] [Times: user=0.02 sys=0.01, real=0.00 secs] 
1469.633: [GC (Allocation Failure) [PSYoungGen: 72000K->1517K(72704K)] 353515K->283033K(809472K), 0.0019076 secs] [Times: user=0.01 sys=0.00, real=0.01 secs] 
1469.770: [GC (Allocation Failure) [PSYoungGen: 72173K->1533K(72704K)] 353689K->283049K(809472K), 0.0016028 secs] [Times: user=0.00 sys=0.00, real=0.00 secs] 
1469.914: [GC (Allocation Failure) [PSYoungGen: 72189K->1501K(72704K)] 353705K->283017K(809472K), 0.0018660 secs] [Times: user=0.01 sys=0.00, real=0.00 secs] 
1470.224: [GC (Allocation Failure) [PSYoungGen: 72157K->1408K(72704K)] 353673K->282939K(809472K), 0.0021847 secs] [Times: user=0.01 sys=0.00, real=0.00 secs] 
1470.558: [GC (Allocation Failure) [PSYoungGen: 72064K->1376K(72704K)] 353595K->282907K(809472K), 0.0020562 secs] [Times: user=0.01 sys=0.00, real=0.00 secs] 
1470.852: [GC (Allocation Failure) [PSYoungGen: 72032K->1392K(72704K)] 353563K->282923K(809472K), 0.0018563 secs] [Times: user=0.00 sys=0.00, real=0.01 secs] 
1471.146: [GC (Allocation Failure) [PSYoungGen: 72048K->1344K(72704K)] 353579K->282883K(809472K), 0.0019798 secs] [Times: user=0.00 sys=0.00, real=0.00 secs] 
1471.465: [GC (Allocation Failure) [PSYoungGen: 72000K->1437K(72704K)] 353539K->282977K(809472K), 0.0019369 secs] [Times: user=0.00 sys=0.00, real=0.00 secs] 
1471.594: [GC (Allocation Failure) [PSYoungGen: 72093K->1469K(72704K)] 353633K->283009K(809472K), 0.0015869 secs] [Times: user=0.01 sys=0.00, real=0.00 secs] 
1471.719: [GC (Allocation Failure) [PSYoungGen: 72125K->1440K(72704K)] 353665K->282980K(809472K), 0.0014439 secs] [Times: user=0.01 sys=0.00, real=0.00 secs] 
1471.844: [GC (Allocation Failure) [PSYoungGen: 72069K->1501K(72704K)] 353609K->283041K(809472K), 0.0016731 secs] [Times: user=0.00 sys=0.00, real=0.01 secs] 
1472.557: [GC (Allocation Failure) [PSYoungGen: 72157K->1456K(72704K)] 353697K->282995K(809472K), 0.0027357 secs] [Times: user=0.01 sys=0.00, real=0.00 secs] 
1473.265: [GC (Allocation Failure) [PSYoungGen: 72112K->1376K(72704K)] 353651K->282915K(809472K), 0.0025958 secs] [Times: user=0.01 sys=0.00, real=0.00 secs] 
1474.075: [GC (Allocation Failure) [PSYoungGen: 72032K->1376K(72704K)] 353571K->282915K(809472K), 0.0025405 secs] [Times: user=0.01 sys=0.00, real=0.00 secs] 
1474.660: [GC (Allocation Failure) [PSYoungGen: 72032K->1408K(72704K)] 353571K->282947K(809472K), 0.0023826 secs] [Times: user=0.01 sys=0.00, real=0.00 secs] 
1475.134: [GC (Allocation Failure) [PSYoungGen: 72064K->1469K(72704K)] 353603K->283009K(809472K), 0.0017929 secs] [Times: user=0.01 sys=0.00, real=0.00 secs] 
1475.271: [GC (Allocation Failure) [PSYoungGen: 72125K->1469K(72704K)] 353665K->283009K(809472K), 0.0016387 secs] [Times: user=0.00 sys=0.00, real=0.00 secs] 
1475.416: [GC (Allocation Failure) [PSYoungGen: 72125K->1453K(72704K)] 353665K->282993K(809472K), 0.0054435 secs] [Times: user=0.02 sys=0.00, real=0.00 secs] 
1475.587: [GC (Allocation Failure) [PSYoungGen: 72109K->1469K(80384K)] 353649K->283033K(817152K), 0.0020087 secs] [Times: user=0.01 sys=0.01, real=0.00 secs] 
1476.841: [GC (Allocation Failure) [PSYoungGen: 79805K->1408K(80384K)] 361369K->282971K(817152K), 0.0023336 secs] [Times: user=0.00 sys=0.01, real=0.00 secs] 
1478.096: [GC (Allocation Failure) [PSYoungGen: 79744K->1344K(79360K)] 361307K->282907K(816128K), 0.0028338 secs] [Times: user=0.01 sys=0.00, real=0.00 secs] 
1479.167: [GC (Allocation Failure) [PSYoungGen: 79168K->1392K(78848K)] 360731K->282955K(815616K), 0.0030406 secs] [Times: user=0.00 sys=0.00, real=0.00 secs] 
1479.809: [GC (Allocation Failure) [PSYoungGen: 78704K->1437K(78336K)] 360267K->283001K(815104K), 0.0022198 secs] [Times: user=0.01 sys=0.00, real=0.00 secs] 
1480.030: [GC (Allocation Failure) [PSYoungGen: 78237K->1453K(77824K)] 359801K->283017K(814592K), 0.0024146 secs] [Times: user=0.01 sys=0.00, real=0.00 secs] 
1480.191: [GC (Allocation Failure) [PSYoungGen: 77741K->1485K(77312K)] 359305K->283049K(814080K), 0.0016215 secs] [Times: user=0.01 sys=0.00, real=0.00 secs] 
1480.323: [GC (Allocation Failure) [PSYoungGen: 77261K->1520K(85504K)] 358825K->283084K(822272K), 0.0091232 secs] [Times: user=0.01 sys=0.04, real=0.01 secs] 
1482.462: [GC (Allocation Failure) [PSYoungGen: 84976K->1344K(88064K)] 366540K->282907K(824832K), 0.0022716 secs] [Times: user=0.01 sys=0.00, real=0.01 secs] 
1482.834: [GC (Allocation Failure) [PSYoungGen: 87360K->1408K(88064K)] 368923K->282995K(824832K), 0.0020020 secs] [Times: user=0.00 sys=0.00, real=0.00 secs] 
1483.210: [GC (Allocation Failure) [PSYoungGen: 87424K->1344K(96256K)] 369011K->282931K(833024K), 0.0026559 secs] [Times: user=0.01 sys=0.00, real=0.00 secs] 
1483.574: [GC (Allocation Failure) [PSYoungGen: 96064K->1504K(96768K)] 377651K->283092K(833536K), 0.0192150 secs] [Times: user=0.07 sys=0.02, real=0.01 secs] 
1483.759: [GC (Allocation Failure) [PSYoungGen: 96224K->1613K(108544K)] 377812K->283201K(845312K), 0.0029844 secs] [Times: user=0.02 sys=0.00, real=0.00 secs] 
1484.122: [GC (Allocation Failure) [PSYoungGen: 108109K->2032K(109056K)] 389697K->283619K(845824K), 0.0044278 secs] [Times: user=0.02 sys=0.00, real=0.01 secs] 
1485.682: [GC (Allocation Failure) [PSYoungGen: 109040K->1392K(120320K)] 390627K->282979K(857088K), 0.0023413 secs] [Times: user=0.00 sys=0.01, real=0.01 secs] 
1487.489: [GC (Allocation Failure) [PSYoungGen: 120176K->1376K(120832K)] 401763K->282963K(857600K), 0.0028468 secs] [Times: user=0.01 sys=0.01, real=0.00 secs] 
1488.381: [GC (Allocation Failure) [PSYoungGen: 120160K->1453K(119296K)] 401747K->283041K(856064K), 0.0026780 secs] [Times: user=0.01 sys=0.00, real=0.01 secs] 
1488.589: [GC (Allocation Failure) [PSYoungGen: 119213K->1536K(130560K)] 400801K->283124K(867328K), 0.0032946 secs] [Times: user=0.01 sys=0.01, real=0.00 secs] 
1489.108: [GC (Allocation Failure) [PSYoungGen: 130048K->416K(128000K)] 411636K->283027K(864768K), 0.0021841 secs] [Times: user=0.01 sys=0.01, real=0.00 secs] 
1489.753: [GC (Allocation Failure) [PSYoungGen: 127904K->352K(128512K)] 410515K->282963K(865280K), 0.0017677 secs] [Times: user=0.01 sys=0.00, real=0.01 secs] 
1490.675: [GC (Allocation Failure) [PSYoungGen: 126816K->1501K(126976K)] 409427K->284113K(863744K), 0.0019828 secs] [Times: user=0.01 sys=0.00, real=0.00 secs] 
1490.901: [GC (Allocation Failure) [PSYoungGen: 126941K->1533K(125952K)] 409553K->284145K(862720K), 0.0016859 secs] [Times: user=0.00 sys=0.00, real=0.00 secs] 
1491.418: [GC (Allocation Failure) [PSYoungGen: 125949K->1504K(124928K)] 408561K->284115K(861696K), 0.0022766 secs] [Times: user=0.00 sys=0.00, real=0.00 secs] 
1492.586: [GC (Allocation Failure) [PSYoungGen: 124896K->1344K(123904K)] 407507K->283963K(860672K), 0.0022197 secs] [Times: user=0.01 sys=0.00, real=0.00 secs] 
1493.698: [GC (Allocation Failure) [PSYoungGen: 123712K->1344K(122880K)] 406331K->283963K(859648K), 0.0023396 secs] [Times: user=0.01 sys=0.00, real=0.00 secs] 
1494.369: [GC (Allocation Failure) [PSYoungGen: 122688K->1565K(122368K)] 405307K->284193K(859136K), 0.0017668 secs] [Times: user=0.01 sys=0.00, real=0.00 secs] 
1494.580: [GC (Allocation Failure) [PSYoungGen: 121885K->525K(120320K)] 404513K->284177K(857088K), 0.0016592 secs] [Times: user=0.00 sys=0.00, real=0.00 secs] 
1495.478: [GC (Allocation Failure) [PSYoungGen: 119821K->1408K(119808K)] 403473K->285059K(856576K), 0.0028867 secs] [Times: user=0.01 sys=0.00, real=0.00 secs] 
1496.719: [GC (Allocation Failure) [PSYoungGen: 119680K->1408K(118784K)] 403331K->285059K(855552K), 0.0048814 secs] [Times: user=0.01 sys=0.01, real=0.01 secs] 
1497.666: [GC (Allocation Failure) [PSYoungGen: 118656K->1469K(117760K)] 402307K->285129K(854528K), 0.0021346 secs] [Times: user=0.01 sys=0.00, real=0.00 secs] 
1497.883: [GC (Allocation Failure) [PSYoungGen: 117693K->1533K(116736K)] 401353K->285201K(853504K), 0.0015927 secs] [Times: user=0.01 sys=0.00, real=0.01 secs] 
1498.550: [GC (Allocation Failure) [PSYoungGen: 116733K->1536K(116224K)] 400401K->285203K(852992K), 0.0029835 secs] [Times: user=0.01 sys=0.00, real=0.00 secs] 
1499.208: [GC (Allocation Failure) [PSYoungGen: 115712K->288K(113664K)] 399379K->284979K(850432K), 0.0032323 secs] [Times: user=0.02 sys=0.01, real=0.00 secs] 
1499.955: [GC (Allocation Failure) [PSYoungGen: 113440K->352K(114688K)] 398131K->285043K(851456K), 0.0019087 secs] [Times: user=0.00 sys=0.00, real=0.00 secs] 
1500.308: [GC (Allocation Failure) [PSYoungGen: 112480K->1501K(112640K)] 397171K->286193K(849408K), 0.0016819 secs] [Times: user=0.01 sys=0.00, real=0.00 secs] 
1500.502: [GC (Allocation Failure) [PSYoungGen: 112605K->1552K(112128K)] 397297K->286244K(848896K), 0.0017095 secs] [Times: user=0.01 sys=0.00, real=0.00 secs] 
1501.535: [GC (Allocation Failure) [PSYoungGen: 111632K->1440K(110592K)] 396324K->286131K(847360K), 0.0033114 secs] [Times: user=0.01 sys=0.00, real=0.00 secs] 
1502.572: [GC (Allocation Failure) [PSYoungGen: 110496K->1376K(109568K)] 395187K->286067K(846336K), 0.0028234 secs] [Times: user=0.01 sys=0.00, real=0.01 secs] 
1503.104: [GC (Allocation Failure) [PSYoungGen: 109408K->1376K(108544K)] 394099K->286067K(845312K), 0.0020908 secs] [Times: user=0.01 sys=0.00, real=0.01 secs] 
1503.606: [GC (Allocation Failure) [PSYoungGen: 108384K->1501K(107520K)] 393075K->286193K(844288K), 0.0017275 secs] [Times: user=0.01 sys=0.00, real=0.00 secs] 
1503.793: [GC (Allocation Failure) [PSYoungGen: 107485K->1533K(106496K)] 392177K->286233K(843264K), 0.0018622 secs] [Times: user=0.00 sys=0.00, real=0.01 secs] 
1504.210: [GC (Allocation Failure) [PSYoungGen: 106493K->1488K(105472K)] 391193K->286187K(842240K), 0.0021153 secs] [Times: user=0.01 sys=0.00, real=0.00 secs] 
1504.862: [GC (Allocation Failure) [PSYoungGen: 105424K->1344K(104448K)] 390123K->286051K(841216K), 0.0021597 secs] [Times: user=0.01 sys=0.00, real=0.01 secs] 
1505.622: [GC (Allocation Failure) [PSYoungGen: 104256K->1344K(103936K)] 388963K->286051K(840704K), 0.0023596 secs] [Times: user=0.01 sys=0.00, real=0.01 secs] 
1506.100: [GC (Allocation Failure) [PSYoungGen: 103744K->1501K(103424K)] 388451K->286209K(840192K), 0.0016084 secs] [Times: user=0.01 sys=0.00, real=0.00 secs] 
1506.280: [GC (Allocation Failure) [PSYoungGen: 103389K->1565K(103424K)] 388097K->286273K(840192K), 0.0016810 secs] [Times: user=0.01 sys=0.00, real=0.00 secs] 
1506.614: [GC (Allocation Failure) [PSYoungGen: 102941K->448K(101376K)] 387649K->286179K(838144K), 0.0019929 secs] [Times: user=0.00 sys=0.00, real=0.00 secs] 
1507.083: [GC (Allocation Failure) [PSYoungGen: 101312K->368K(102912K)] 387043K->286099K(839680K), 0.0020180 secs] [Times: user=0.00 sys=0.00, real=0.01 secs] 
1507.876: [GC (Allocation Failure) [PSYoungGen: 100720K->352K(100352K)] 386451K->286083K(837120K), 0.0028470 secs] [Times: user=0.02 sys=0.00, real=0.00 secs] 
1508.788: [GC (Allocation Failure) [PSYoungGen: 100192K->1501K(101888K)] 385923K->287233K(838656K), 0.0026970 secs] [Times: user=0.01 sys=0.00, real=0.00 secs] 
1509.025: [GC (Allocation Failure) [PSYoungGen: 100829K->1533K(100352K)] 386561K->287265K(837120K), 0.0018363 secs] [Times: user=0.01 sys=0.00, real=0.00 secs] 
1509.237: [GC (Allocation Failure) [PSYoungGen: 100349K->1533K(99840K)] 386081K->287265K(836608K), 0.0021107 secs] [Times: user=0.00 sys=0.00, real=0.00 secs] 
1509.747: [GC (Allocation Failure) [PSYoungGen: 99837K->1440K(99328K)] 385569K->287171K(836096K), 0.0027025 secs] [Times: user=0.01 sys=0.00, real=0.00 secs] 
1510.261: [GC (Allocation Failure) [PSYoungGen: 99232K->1360K(98816K)] 384963K->287091K(835584K), 0.0021536 secs] [Times: user=0.01 sys=0.00, real=0.00 secs] 
1510.665: [GC (Allocation Failure) [PSYoungGen: 98640K->1408K(98304K)] 384371K->287139K(835072K), 0.0021028 secs] [Times: user=0.01 sys=0.00, real=0.00 secs] 
1510.967: [GC (Allocation Failure) [PSYoungGen: 98176K->1501K(97792K)] 383907K->287233K(834560K), 0.0015843 secs] [Times: user=0.00 sys=0.00, real=0.00 secs] 
1511.138: [GC (Allocation Failure) [PSYoungGen: 97757K->1533K(97280K)] 383489K->287265K(834048K), 0.0016934 secs] [Times: user=0.01 sys=0.00, real=0.00 secs] 
1511.712: [GC (Allocation Failure) [PSYoungGen: 97277K->1472K(96768K)] 383009K->287227K(833536K), 0.0022130 secs] [Times: user=0.00 sys=0.00, real=0.01 secs] 
1513.646: [GC (Allocation Failure) [PSYoungGen: 96704K->1376K(96256K)] 382459K->287131K(833024K), 0.0042746 secs] [Times: user=0.02 sys=0.00, real=0.00 secs] 
1514.472: [GC (Allocation Failure) [PSYoungGen: 96096K->1344K(95744K)] 381851K->287099K(832512K), 0.0021239 secs] [Times: user=0.01 sys=0.00, real=0.00 secs] 
1514.962: [GC (Allocation Failure) [PSYoungGen: 95552K->1440K(95232K)] 381307K->287196K(832000K), 0.0021176 secs] [Times: user=0.01 sys=0.00, real=0.01 secs] 
1515.194: [GC (Allocation Failure) [PSYoungGen: 95136K->1501K(94720K)] 380892K->287265K(831488K), 0.0021175 secs] [Times: user=0.01 sys=0.00, real=0.00 secs] 
1515.422: [GC (Allocation Failure) [PSYoungGen: 94685K->1488K(94208K)] 380449K->287252K(830976K), 0.0021064 secs] [Times: user=0.00 sys=0.00, real=0.01 secs] 
1515.974: [GC (Allocation Failure) [PSYoungGen: 94160K->1440K(93696K)] 379924K->287203K(830464K), 0.0032668 secs] [Times: user=0.02 sys=0.00, real=0.00 secs] 
1516.775: [GC (Allocation Failure) [PSYoungGen: 93600K->1344K(93184K)] 379363K->287107K(829952K), 0.0026011 secs] [Times: user=0.01 sys=0.00, real=0.00 secs] 
1517.374: [GC (Allocation Failure) [PSYoungGen: 92992K->1408K(92672K)] 378755K->287171K(829440K), 0.0021824 secs] [Times: user=0.01 sys=0.00, real=0.00 secs] 
1517.785: [GC (Allocation Failure) [PSYoungGen: 92544K->1453K(92160K)] 378307K->287217K(828928K), 0.0024020 secs] [Times: user=0.01 sys=0.00, real=0.00 secs] 
1518.005: [GC (Allocation Failure) [PSYoungGen: 92077K->1501K(91648K)] 377841K->287265K(828416K), 0.0023269 secs] [Times: user=0.01 sys=0.00, real=0.00 secs] 
1518.241: [GC (Allocation Failure) [PSYoungGen: 91613K->1488K(91136K)] 377377K->287252K(827904K), 0.0019932 secs] [Times: user=0.01 sys=0.00, real=0.00 secs] 
1518.784: [GC (Allocation Failure) [PSYoungGen: 91088K->1440K(90624K)] 376852K->287203K(827392K), 0.0037881 secs] [Times: user=0.01 sys=0.00, real=0.00 secs] 
1519.530: [GC (Allocation Failure) [PSYoungGen: 90528K->1344K(90112K)] 376291K->287107K(826880K), 0.0025599 secs] [Times: user=0.01 sys=0.00, real=0.00 secs] 
1520.368: [GC (Allocation Failure) [PSYoungGen: 89920K->1344K(89600K)] 375683K->287107K(826368K), 0.0058086 secs] [Times: user=0.02 sys=0.00, real=0.01 secs] 
1520.884: [GC (Allocation Failure) [PSYoungGen: 89408K->1437K(89088K)] 375171K->287201K(825856K), 0.0020799 secs] [Times: user=0.01 sys=0.00, real=0.01 secs] 
1521.052: [GC (Allocation Failure) [PSYoungGen: 88989K->1440K(88576K)] 374753K->287204K(825344K), 0.0016372 secs] [Times: user=0.01 sys=0.00, real=0.01 secs] 
1521.205: [GC (Allocation Failure) [PSYoungGen: 88480K->1437K(88064K)] 374244K->287201K(824832K), 0.0016819 secs] [Times: user=0.01 sys=0.00, real=0.00 secs] 
1521.803: [GC (Allocation Failure) [PSYoungGen: 87965K->1424K(87552K)] 373729K->287195K(824320K), 0.0023049 secs] [Times: user=0.01 sys=0.01, real=0.01 secs] 
1522.524: [GC (Allocation Failure) [PSYoungGen: 87440K->1408K(87040K)] 373211K->287179K(823808K), 0.0023060 secs] [Times: user=0.00 sys=0.00, real=0.00 secs] 
1523.196: [GC (Allocation Failure) [PSYoungGen: 86912K->1360K(86528K)] 372683K->287131K(823296K), 0.0024685 secs] [Times: user=0.01 sys=0.00, real=0.00 secs] 
1523.954: [GC (Allocation Failure) [PSYoungGen: 86352K->1469K(86016K)] 372123K->287241K(822784K), 0.0021970 secs] [Times: user=0.01 sys=0.00, real=0.01 secs] 
1524.128: [GC (Allocation Failure) [PSYoungGen: 85949K->1501K(85504K)] 371721K->287273K(822272K), 0.0017665 secs] [Times: user=0.00 sys=0.00, real=0.00 secs] 
1524.275: [GC (Allocation Failure) [PSYoungGen: 85469K->1469K(84992K)] 371241K->287241K(821760K), 0.0016286 secs] [Times: user=0.01 sys=0.00, real=0.00 secs] 
1524.421: [GC (Allocation Failure) [PSYoungGen: 84346K->288K(83456K)] 370117K->286059K(820224K), 0.0016327 secs] [Times: user=0.00 sys=0.00, real=0.00 secs] 
1524.896: [GC (Allocation Failure) [PSYoungGen: 83232K->1392K(83968K)] 369003K->287163K(820736K), 0.0018756 secs] [Times: user=0.00 sys=0.00, real=0.00 secs] 
1525.344: [GC (Allocation Failure) [PSYoungGen: 83824K->1376K(83456K)] 369595K->287147K(820224K), 0.0019129 secs] [Times: user=0.01 sys=0.00, real=0.00 secs] 
1525.952: [GC (Allocation Failure) [PSYoungGen: 83296K->1392K(82944K)] 369067K->287179K(819712K), 0.0019380 secs] [Times: user=0.00 sys=0.00, real=0.01 secs] 
1526.369: [GC (Allocation Failure) [PSYoungGen: 82800K->1469K(82432K)] 368587K->287257K(819200K), 0.0016583 secs] [Times: user=0.00 sys=0.00, real=0.00 secs] 
1526.512: [GC (Allocation Failure) [PSYoungGen: 82365K->1501K(81920K)] 368153K->287289K(818688K), 0.0015878 secs] [Times: user=0.01 sys=0.00, real=0.00 secs] 
1526.653: [GC (Allocation Failure) [PSYoungGen: 81885K->1469K(81408K)] 367673K->287257K(818176K), 0.0016951 secs] [Times: user=0.01 sys=0.00, real=0.01 secs] 
1527.242: [GC (Allocation Failure) [PSYoungGen: 81341K->1440K(80896K)] 367129K->287227K(817664K), 0.0020191 secs] [Times: user=0.00 sys=0.00, real=0.01 secs] 
1527.572: [GC (Allocation Failure) [PSYoungGen: 80800K->1344K(80384K)] 366587K->287131K(817152K), 0.0020759 secs] [Times: user=0.01 sys=0.00, real=0.01 secs] 
1527.900: [GC (Allocation Failure) [PSYoungGen: 80192K->1408K(79872K)] 365979K->287211K(816640K), 0.0018366 secs] [Times: user=0.00 sys=0.00, real=0.00 secs] 
1528.417: [GC (Allocation Failure) [PSYoungGen: 79744K->1344K(79360K)] 365547K->287147K(816128K), 0.0065967 secs] [Times: user=0.03 sys=0.00, real=0.01 secs] 
1528.713: [GC (Allocation Failure) [PSYoungGen: 79168K->1469K(78848K)] 364971K->287273K(815616K), 0.0016095 secs] [Times: user=0.00 sys=0.00, real=0.01 secs] 
1528.848: [GC (Allocation Failure) [PSYoungGen: 78781K->1472K(78336K)] 364585K->287276K(815104K), 0.0018452 secs] [Times: user=0.01 sys=0.00, real=0.00 secs] 
1528.984: [GC (Allocation Failure) [PSYoungGen: 78272K->1456K(77824K)] 364076K->287260K(814592K), 0.0016429 secs] [Times: user=0.01 sys=0.00, real=0.00 secs] 
1530.217: [GC (Allocation Failure) [PSYoungGen: 77744K->1456K(77312K)] 363548K->287259K(814080K), 0.0033413 secs] [Times: user=0.01 sys=0.00, real=0.00 secs] 
1530.914: [GC (Allocation Failure) [PSYoungGen: 77232K->1376K(76800K)] 363035K->287179K(813568K), 0.0022362 secs] [Times: user=0.01 sys=0.00, real=0.00 secs] 
1531.636: [GC (Allocation Failure) [PSYoungGen: 76640K->1344K(76288K)] 362443K->287155K(813056K), 0.0026714 secs] [Times: user=0.01 sys=0.00, real=0.00 secs] 
1531.952: [GC (Allocation Failure) [PSYoungGen: 76096K->1376K(75776K)] 361907K->287187K(812544K), 0.0019718 secs] [Times: user=0.00 sys=0.00, real=0.01 secs] 
1532.222: [GC (Allocation Failure) [PSYoungGen: 75616K->1469K(75264K)] 361427K->287281K(812032K), 0.0016489 secs] [Times: user=0.00 sys=0.00, real=0.01 secs] 
1532.352: [GC (Allocation Failure) [PSYoungGen: 75197K->1501K(74752K)] 361009K->287313K(811520K), 0.0016191 secs] [Times: user=0.00 sys=0.00, real=0.00 secs] 
1532.481: [GC (Allocation Failure) [PSYoungGen: 74717K->1440K(74240K)] 360529K->287252K(811008K), 0.0015742 secs] [Times: user=0.01 sys=0.00, real=0.00 secs] 
1533.359: [GC (Allocation Failure) [PSYoungGen: 74144K->1408K(73728K)] 359956K->287227K(810496K), 0.0022793 secs] [Times: user=0.01 sys=0.00, real=0.00 secs] 
1534.439: [GC (Allocation Failure) [PSYoungGen: 73600K->1376K(73216K)] 359419K->287195K(809984K), 0.0027451 secs] [Times: user=0.01 sys=0.01, real=0.00 secs] 
1535.168: [GC (Allocation Failure) [PSYoungGen: 73056K->1376K(72704K)] 358875K->287195K(809472K), 0.0023698 secs] [Times: user=0.01 sys=0.00, real=0.00 secs] 
1536.011: [GC (Allocation Failure) [PSYoungGen: 72544K->1408K(72192K)] 358363K->287227K(808960K), 0.0026443 secs] [Times: user=0.01 sys=0.00, real=0.00 secs] 
1537.011: [GC (Allocation Failure) [PSYoungGen: 72064K->1437K(72192K)] 357883K->287257K(808960K), 0.0023797 secs] [Times: user=0.01 sys=0.00, real=0.00 secs] 
1537.178: [GC (Allocation Failure) [PSYoungGen: 72093K->1469K(72192K)] 357913K->287289K(808960K), 0.0017480 secs] [Times: user=0.01 sys=0.00, real=0.00 secs] 
1537.324: [GC (Allocation Failure) [PSYoungGen: 72125K->1501K(72704K)] 357945K->287321K(809472K), 0.0017997 secs] [Times: user=0.01 sys=0.00, real=0.00 secs] 
1537.483: [GC (Allocation Failure) [PSYoungGen: 72157K->1453K(72704K)] 357977K->287273K(809472K), 0.0018458 secs] [Times: user=0.01 sys=0.00, real=0.01 secs] 
1538.763: [GC (Allocation Failure) [PSYoungGen: 72109K->1440K(72704K)] 357929K->287267K(809472K), 0.0020794 secs] [Times: user=0.01 sys=0.00, real=0.01 secs] 
1539.154: [GC (Allocation Failure) [PSYoungGen: 72096K->1376K(72704K)] 357923K->287203K(809472K), 0.0020206 secs] [Times: user=0.01 sys=0.00, real=0.01 secs] 
1539.471: [GC (Allocation Failure) [PSYoungGen: 72032K->1376K(72704K)] 357859K->287203K(809472K), 0.0018378 secs] [Times: user=0.00 sys=0.00, real=0.00 secs] 
1539.764: [GC (Allocation Failure) [PSYoungGen: 72032K->1408K(72704K)] 357859K->287235K(809472K), 0.0018669 secs] [Times: user=0.01 sys=0.00, real=0.00 secs] 
1540.056: [GC (Allocation Failure) [PSYoungGen: 72064K->1469K(72704K)] 357891K->287297K(809472K), 0.0015042 secs] [Times: user=0.00 sys=0.00, real=0.00 secs] 
1540.180: [GC (Allocation Failure) [PSYoungGen: 72125K->1469K(72704K)] 357953K->287297K(809472K), 0.0015911 secs] [Times: user=0.01 sys=0.00, real=0.00 secs] 
1540.306: [GC (Allocation Failure) [PSYoungGen: 72125K->1440K(72704K)] 357953K->287268K(809472K), 0.0016801 secs] [Times: user=0.01 sys=0.00, real=0.00 secs] 
1540.431: [GC (Allocation Failure) [PSYoungGen: 72096K->1440K(72704K)] 357924K->287275K(809472K), 0.0015025 secs] [Times: user=0.00 sys=0.00, real=0.00 secs] 
1541.585: [GC (Allocation Failure) [PSYoungGen: 72096K->1408K(72192K)] 357931K->287243K(808960K), 0.0039578 secs] [Times: user=0.01 sys=0.00, real=0.00 secs] 
1542.537: [GC (Allocation Failure) [PSYoungGen: 72064K->1392K(72192K)] 357899K->287243K(808960K), 0.0044054 secs] [Times: user=0.01 sys=0.00, real=0.00 secs] 
1543.432: [GC (Allocation Failure) [PSYoungGen: 72048K->352K(71680K)] 357899K->287227K(808448K), 0.0036911 secs] [Times: user=0.01 sys=0.00, real=0.01 secs] 
1543.991: [GC (Allocation Failure) [PSYoungGen: 71008K->1392K(72704K)] 357883K->288268K(809472K), 0.0019952 secs] [Times: user=0.01 sys=0.00, real=0.00 secs] 
1544.169: [GC (Allocation Failure) [PSYoungGen: 72048K->1501K(72704K)] 358924K->288377K(809472K), 0.0022055 secs] [Times: user=0.01 sys=0.00, real=0.00 secs] 
1544.335: [GC (Allocation Failure) [PSYoungGen: 72157K->1456K(72704K)] 359033K->288332K(809472K), 0.0017722 secs] [Times: user=0.00 sys=0.00, real=0.00 secs] 
1544.488: [GC (Allocation Failure) [PSYoungGen: 72097K->1453K(72704K)] 358973K->288329K(809472K), 0.0019519 secs] [Times: user=0.01 sys=0.00, real=0.00 secs] 
1545.586: [GC (Allocation Failure) [PSYoungGen: 72109K->1424K(72704K)] 358985K->288299K(809472K), 0.0034772 secs] [Times: user=0.01 sys=0.00, real=0.00 secs] 
1546.781: [GC (Allocation Failure) [PSYoungGen: 72080K->1376K(72704K)] 358955K->288251K(809472K), 0.0047234 secs] [Times: user=0.01 sys=0.00, real=0.01 secs] 
1547.638: [GC (Allocation Failure) [PSYoungGen: 72032K->1344K(72704K)] 358907K->288219K(809472K), 0.0029744 secs] [Times: user=0.01 sys=0.00, real=0.00 secs] 
1548.399: [GC (Allocation Failure) [PSYoungGen: 72000K->1408K(72704K)] 358875K->288283K(809472K), 0.0026184 secs] [Times: user=0.01 sys=0.00, real=0.00 secs] 
1549.134: [GC (Allocation Failure) [PSYoungGen: 72064K->1533K(72704K)] 358939K->288409K(809472K), 0.0021060 secs] [Times: user=0.01 sys=0.00, real=0.00 secs] 
1549.300: [GC (Allocation Failure) [PSYoungGen: 72189K->1501K(72704K)] 359065K->288377K(809472K), 0.0017199 secs] [Times: user=0.00 sys=0.00, real=0.00 secs] 
1549.428: [GC (Allocation Failure) [PSYoungGen: 72157K->1469K(72704K)] 359033K->288345K(809472K), 0.0017262 secs] [Times: user=0.00 sys=0.00, real=0.00 secs] 
1549.555: [GC (Allocation Failure) [PSYoungGen: 72125K->1469K(72704K)] 359001K->288353K(809472K), 0.0016070 secs] [Times: user=0.01 sys=0.00, real=0.00 secs] 
1550.504: [GC (Allocation Failure) [PSYoungGen: 72125K->1408K(72704K)] 359009K->288291K(809472K), 0.0024991 secs] [Times: user=0.01 sys=0.00, real=0.00 secs] 
1551.255: [GC (Allocation Failure) [PSYoungGen: 72064K->1408K(72704K)] 358947K->288291K(809472K), 0.0019685 secs] [Times: user=0.00 sys=0.00, real=0.00 secs] 
1551.897: [GC (Allocation Failure) [PSYoungGen: 72064K->1408K(72704K)] 358947K->288291K(809472K), 0.0025829 secs] [Times: user=0.01 sys=0.00, real=0.00 secs] 
1552.593: [GC (Allocation Failure) [PSYoungGen: 72064K->1376K(72704K)] 358947K->288259K(809472K), 0.0037008 secs] [Times: user=0.01 sys=0.00, real=0.01 secs] 
1553.042: [GC (Allocation Failure) [PSYoungGen: 72032K->1501K(72704K)] 358915K->288385K(809472K), 0.0027701 secs] [Times: user=0.01 sys=0.00, real=0.01 secs] 
1553.172: [GC (Allocation Failure) [PSYoungGen: 72157K->1469K(72704K)] 359041K->288353K(809472K), 0.0016122 secs] [Times: user=0.01 sys=0.00, real=0.00 secs] 
1553.298: [GC (Allocation Failure) [PSYoungGen: 72118K->1504K(72704K)] 359002K->288388K(809472K), 0.0017628 secs] [Times: user=0.01 sys=0.00, real=0.00 secs] 
1553.587: [GC (Allocation Failure) [PSYoungGen: 72160K->1456K(72704K)] 359044K->288363K(809472K), 0.0020416 secs] [Times: user=0.01 sys=0.00, real=0.00 secs] 
1553.881: [GC (Allocation Failure) [PSYoungGen: 72112K->1376K(72704K)] 359019K->288283K(809472K), 0.0019870 secs] [Times: user=0.01 sys=0.00, real=0.00 secs] 
1554.174: [GC (Allocation Failure) [PSYoungGen: 72032K->1344K(72704K)] 358939K->288251K(809472K), 0.0019915 secs] [Times: user=0.01 sys=0.00, real=0.00 secs] 
1554.468: [GC (Allocation Failure) [PSYoungGen: 72000K->1376K(72704K)] 358907K->288283K(809472K), 0.0022072 secs] [Times: user=0.01 sys=0.00, real=0.00 secs] 
1555.732: [GC (Allocation Failure) [PSYoungGen: 72032K->1501K(72704K)] 358939K->288409K(809472K), 0.0029556 secs] [Times: user=0.01 sys=0.00, real=0.01 secs] 
1555.940: [GC (Allocation Failure) [PSYoungGen: 72157K->1424K(72704K)] 359065K->288332K(809472K), 0.0016226 secs] [Times: user=0.01 sys=0.00, real=0.00 secs] 
1556.087: [GC (Allocation Failure) [PSYoungGen: 72080K->1453K(72704K)] 358988K->288361K(809472K), 0.0020146 secs] [Times: user=0.01 sys=0.00, real=0.00 secs] 
1556.255: [GC (Allocation Failure) [PSYoungGen: 72109K->1501K(72704K)] 359017K->288409K(809472K), 0.0015896 secs] [Times: user=0.01 sys=0.00, real=0.00 secs] 
1556.756: [GC (Allocation Failure) [PSYoungGen: 72157K->1424K(72704K)] 359065K->288331K(809472K), 0.0030378 secs] [Times: user=0.01 sys=0.00, real=0.00 secs] 
1557.335: [GC (Allocation Failure) [PSYoungGen: 72080K->1376K(72704K)] 358987K->288283K(809472K), 0.0023497 secs] [Times: user=0.01 sys=0.00, real=0.00 secs] 
1558.138: [GC (Allocation Failure) [PSYoungGen: 72032K->1408K(72704K)] 358939K->288315K(809472K), 0.0025315 secs] [Times: user=0.01 sys=0.00, real=0.00 secs] 
1558.781: [GC (Allocation Failure) [PSYoungGen: 72064K->1408K(72704K)] 358971K->288315K(809472K), 0.0021827 secs] [Times: user=0.01 sys=0.00, real=0.00 secs] 
1559.374: [GC (Allocation Failure) [PSYoungGen: 72064K->1501K(72704K)] 358971K->288409K(809472K), 0.0020380 secs] [Times: user=0.01 sys=0.00, real=0.00 secs] 
1559.562: [GC (Allocation Failure) [PSYoungGen: 72157K->1501K(72704K)] 359065K->288409K(809472K), 0.0021866 secs] [Times: user=0.01 sys=0.00, real=0.01 secs] 
1559.723: [GC (Allocation Failure) [PSYoungGen: 72157K->1501K(72704K)] 359065K->288409K(809472K), 0.0017210 secs] [Times: user=0.01 sys=0.00, real=0.01 secs] 
1559.849: [GC (Allocation Failure) [PSYoungGen: 72157K->1469K(72704K)] 359065K->288401K(809472K), 0.0017157 secs] [Times: user=0.00 sys=0.00, real=0.00 secs] 
1560.253: [GC (Allocation Failure) [PSYoungGen: 72125K->1408K(72704K)] 359057K->288339K(809472K), 0.0020873 secs] [Times: user=0.01 sys=0.00, real=0.01 secs] 
1560.547: [GC (Allocation Failure) [PSYoungGen: 72064K->1328K(72704K)] 358995K->288259K(809472K), 0.0018990 secs] [Times: user=0.01 sys=0.00, real=0.00 secs] 
1560.840: [GC (Allocation Failure) [PSYoungGen: 71984K->1344K(72704K)] 358915K->288275K(809472K), 0.0028740 secs] [Times: user=0.01 sys=0.00, real=0.00 secs] 
1561.179: [GC (Allocation Failure) [PSYoungGen: 72000K->1312K(72704K)] 358931K->288251K(809472K), 0.0027089 secs] [Times: user=0.01 sys=0.00, real=0.00 secs] 
1561.437: [GC (Allocation Failure) [PSYoungGen: 71968K->1485K(72704K)] 358907K->288425K(809472K), 0.0060081 secs] [Times: user=0.03 sys=0.00, real=0.00 secs] 
1561.573: [GC (Allocation Failure) [PSYoungGen: 72141K->1440K(72704K)] 359081K->288380K(809472K), 0.0015853 secs] [Times: user=0.01 sys=0.00, real=0.01 secs] 
1561.698: [GC (Allocation Failure) [PSYoungGen: 72096K->1485K(79872K)] 359036K->288425K(816640K), 0.0014961 secs] [Times: user=0.01 sys=0.00, real=0.00 secs] 
1562.023: [GC (Allocation Failure) [PSYoungGen: 79309K->1472K(79872K)] 366249K->288419K(816640K), 0.0019147 secs] [Times: user=0.00 sys=0.00, real=0.01 secs] 
1562.347: [GC (Allocation Failure) [PSYoungGen: 79296K->1360K(78848K)] 366243K->288307K(815616K), 0.0019945 secs] [Times: user=0.01 sys=0.00, real=0.00 secs] 
1562.669: [GC (Allocation Failure) [PSYoungGen: 78672K->1344K(78336K)] 365619K->288291K(815104K), 0.0018705 secs] [Times: user=0.01 sys=0.00, real=0.00 secs] 
1562.988: [GC (Allocation Failure) [PSYoungGen: 78144K->1408K(77824K)] 365091K->288355K(814592K), 0.0017474 secs] [Times: user=0.01 sys=0.00, real=0.00 secs] 
1563.247: [GC (Allocation Failure) [PSYoungGen: 77696K->1517K(77312K)] 364643K->288465K(814080K), 0.0017128 secs] [Times: user=0.00 sys=0.00, real=0.00 secs] 
1563.383: [GC (Allocation Failure) [PSYoungGen: 77293K->1501K(76800K)] 364241K->288449K(813568K), 0.0016164 secs] [Times: user=0.01 sys=0.00, real=0.01 secs] 
1563.514: [GC (Allocation Failure) [PSYoungGen: 76765K->1501K(76288K)] 363713K->288449K(813056K), 0.0017648 secs] [Times: user=0.01 sys=0.00, real=0.00 secs] 
1563.888: [GC (Allocation Failure) [PSYoungGen: 76253K->1472K(75776K)] 363201K->288419K(812544K), 0.0020817 secs] [Times: user=0.00 sys=0.00, real=0.00 secs] 
1564.514: [GC (Allocation Failure) [PSYoungGen: 75712K->1344K(75264K)] 362659K->288291K(812032K), 0.0022530 secs] [Times: user=0.01 sys=0.01, real=0.00 secs] 
1565.163: [GC (Allocation Failure) [PSYoungGen: 75072K->1408K(74752K)] 362019K->288355K(811520K), 0.0021905 secs] [Times: user=0.01 sys=0.00, real=0.01 secs] 
1565.467: [GC (Allocation Failure) [PSYoungGen: 74624K->1344K(74240K)] 361571K->288291K(811008K), 0.0021048 secs] [Times: user=0.01 sys=0.00, real=0.00 secs] 
1565.727: [GC (Allocation Failure) [PSYoungGen: 74048K->1501K(73728K)] 360995K->288449K(810496K), 0.0014977 secs] [Times: user=0.01 sys=0.00, real=0.00 secs] 
1565.854: [GC (Allocation Failure) [PSYoungGen: 73693K->1488K(73216K)] 360641K->288436K(809984K), 0.0016054 secs] [Times: user=0.01 sys=0.00, real=0.00 secs] 
1565.980: [GC (Allocation Failure) [PSYoungGen: 73168K->1469K(72704K)] 360116K->288417K(809472K), 0.0015696 secs] [Times: user=0.01 sys=0.00, real=0.00 secs] 
1566.106: [GC (Allocation Failure) [PSYoungGen: 72637K->1469K(72192K)] 359585K->288417K(808960K), 0.0016836 secs] [Times: user=0.00 sys=0.00, real=0.00 secs] 
1566.776: [GC (Allocation Failure) [PSYoungGen: 72125K->1408K(72192K)] 359073K->288363K(808960K), 0.0018346 secs] [Times: user=0.01 sys=0.00, real=0.00 secs] 
1567.458: [GC (Allocation Failure) [PSYoungGen: 72064K->1392K(72192K)] 359019K->288347K(808960K), 0.0031159 secs] [Times: user=0.02 sys=0.00, real=0.00 secs] 
1568.151: [GC (Allocation Failure) [PSYoungGen: 72048K->1408K(72192K)] 359003K->288363K(808960K), 0.0024814 secs] [Times: user=0.01 sys=0.00, real=0.00 secs] 
1568.884: [GC (Allocation Failure) [PSYoungGen: 72064K->1328K(72192K)] 359019K->288283K(808960K), 0.0027994 secs] [Times: user=0.01 sys=0.00, real=0.00 secs] 
1569.487: [GC (Allocation Failure) [PSYoungGen: 71984K->1469K(72192K)] 358939K->288425K(808960K), 0.0020038 secs] [Times: user=0.00 sys=0.00, real=0.00 secs] 
1569.657: [GC (Allocation Failure) [PSYoungGen: 72125K->1469K(72192K)] 359081K->288425K(808960K), 0.0020384 secs] [Times: user=0.00 sys=0.00, real=0.00 secs] 
1569.817: [GC (Allocation Failure) [PSYoungGen: 72125K->1520K(72192K)] 359081K->288476K(808960K), 0.0015875 secs] [Times: user=0.00 sys=0.00, real=0.00 secs] 
1570.286: [GC (Allocation Failure) [PSYoungGen: 72176K->1456K(72192K)] 359132K->288411K(808960K), 0.0029034 secs] [Times: user=0.01 sys=0.01, real=0.00 secs] 
1571.098: [GC (Allocation Failure) [PSYoungGen: 72112K->1360K(72192K)] 359067K->288315K(808960K), 0.0026340 secs] [Times: user=0.01 sys=0.00, real=0.00 secs] 
1571.501: [GC (Allocation Failure) [PSYoungGen: 72016K->1344K(72192K)] 358971K->288323K(808960K), 0.0021583 secs] [Times: user=0.01 sys=0.00, real=0.00 secs] 
1571.890: [GC (Allocation Failure) [PSYoungGen: 72000K->1392K(72192K)] 358979K->288371K(808960K), 0.0019828 secs] [Times: user=0.01 sys=0.00, real=0.00 secs] 
1572.652: [GC (Allocation Failure) [PSYoungGen: 72048K->1469K(72192K)] 359027K->288449K(808960K), 0.0023099 secs] [Times: user=0.01 sys=0.00, real=0.01 secs] 
1572.810: [GC (Allocation Failure) [PSYoungGen: 72125K->1501K(72192K)] 359105K->288481K(808960K), 0.0015966 secs] [Times: user=0.01 sys=0.00, real=0.00 secs] 
1572.935: [GC (Allocation Failure) [PSYoungGen: 72157K->1501K(72192K)] 359137K->288481K(808960K), 0.0016431 secs] [Times: user=0.01 sys=0.00, real=0.00 secs] 
1573.060: [GC (Allocation Failure) [PSYoungGen: 72157K->1501K(72704K)] 359137K->288481K(809472K), 0.0017210 secs] [Times: user=0.00 sys=0.00, real=0.00 secs] 
1573.692: [GC (Allocation Failure) [PSYoungGen: 72157K->1440K(72704K)] 359137K->288419K(809472K), 0.0019743 secs] [Times: user=0.00 sys=0.00, real=0.01 secs] 
1574.377: [GC (Allocation Failure) [PSYoungGen: 72096K->1376K(72704K)] 359075K->288355K(809472K), 0.0028222 secs] [Times: user=0.01 sys=0.00, real=0.00 secs] 
1575.039: [GC (Allocation Failure) [PSYoungGen: 72032K->1376K(72704K)] 359011K->288355K(809472K), 0.0031791 secs] [Times: user=0.01 sys=0.00, real=0.00 secs] 
1575.765: [GC (Allocation Failure) [PSYoungGen: 72032K->1376K(72704K)] 359011K->288371K(809472K), 0.0021066 secs] [Times: user=0.00 sys=0.00, real=0.00 secs] 
1576.070: [GC (Allocation Failure) [PSYoungGen: 72032K->1469K(72704K)] 359027K->288481K(809472K), 0.0016512 secs] [Times: user=0.00 sys=0.00, real=0.00 secs] 
1576.195: [GC (Allocation Failure) [PSYoungGen: 72125K->1440K(72704K)] 359137K->288452K(809472K), 0.0015730 secs] [Times: user=0.01 sys=0.00, real=0.00 secs] 
1576.319: [GC (Allocation Failure) [PSYoungGen: 72096K->1501K(72704K)] 359108K->288513K(809472K), 0.0015743 secs] [Times: user=0.01 sys=0.00, real=0.00 secs] 
1576.536: [GC (Allocation Failure) [PSYoungGen: 72157K->1728K(72704K)] 359169K->288739K(809472K), 0.0019065 secs] [Times: user=0.00 sys=0.00, real=0.00 secs] 
1577.001: [GC (Allocation Failure) [PSYoungGen: 72384K->1440K(72704K)] 359395K->288451K(809472K), 0.0019688 secs] [Times: user=0.01 sys=0.00, real=0.00 secs] 
1577.638: [GC (Allocation Failure) [PSYoungGen: 72096K->1376K(72704K)] 359107K->288387K(809472K), 0.0021514 secs] [Times: user=0.01 sys=0.00, real=0.00 secs] 
1578.374: [GC (Allocation Failure) [PSYoungGen: 72032K->1344K(72704K)] 359043K->288355K(809472K), 0.0038226 secs] [Times: user=0.01 sys=0.00, real=0.00 secs] 
1579.161: [GC (Allocation Failure) [PSYoungGen: 71982K->1469K(72704K)] 358994K->288481K(809472K), 0.0023195 secs] [Times: user=0.01 sys=0.00, real=0.00 secs] 
1579.343: [GC (Allocation Failure) [PSYoungGen: 72125K->1469K(72704K)] 359137K->288481K(809472K), 0.0015354 secs] [Times: user=0.01 sys=0.00, real=0.01 secs] 
1579.486: [GC (Allocation Failure) [PSYoungGen: 72125K->1456K(72704K)] 359137K->288468K(809472K), 0.0018397 secs] [Times: user=0.00 sys=0.00, real=0.00 secs] 
1579.641: [GC (Allocation Failure) [PSYoungGen: 72112K->1501K(72704K)] 359124K->288513K(809472K), 0.0017125 secs] [Times: user=0.01 sys=0.00, real=0.00 secs] 
1580.349: [GC (Allocation Failure) [PSYoungGen: 72157K->1456K(72704K)] 359169K->288467K(809472K), 0.0027367 secs] [Times: user=0.01 sys=0.00, real=0.00 secs] 
1581.012: [GC (Allocation Failure) [PSYoungGen: 72112K->1408K(72704K)] 359123K->288419K(809472K), 0.0027441 secs] [Times: user=0.01 sys=0.00, real=0.01 secs] 
1583.512: [GC (Allocation Failure) [PSYoungGen: 72064K->1376K(72704K)] 359075K->288395K(809472K), 0.0037493 secs] [Times: user=0.01 sys=0.00, real=0.01 secs] 
1584.510: [GC (Allocation Failure) [PSYoungGen: 72032K->1344K(72704K)] 359051K->288363K(809472K), 0.0025973 secs] [Times: user=0.01 sys=0.00, real=0.00 secs] 
1585.117: [GC (Allocation Failure) [PSYoungGen: 72000K->1501K(72704K)] 359019K->288521K(809472K), 0.0020701 secs] [Times: user=0.01 sys=0.00, real=0.00 secs] 
1585.300: [GC (Allocation Failure) [PSYoungGen: 72157K->1501K(72704K)] 359177K->288521K(809472K), 0.0020617 secs] [Times: user=0.01 sys=0.00, real=0.00 secs] 
1585.490: [GC (Allocation Failure) [PSYoungGen: 72157K->1421K(72704K)] 359177K->288441K(809472K), 0.0023917 secs] [Times: user=0.01 sys=0.00, real=0.00 secs] 
1585.641: [GC (Allocation Failure) [PSYoungGen: 72077K->1501K(72704K)] 359097K->288537K(809472K), 0.0060691 secs] [Times: user=0.02 sys=0.00, real=0.01 secs] 
1587.957: [GC (Allocation Failure) [PSYoungGen: 72157K->1376K(79360K)] 359193K->288411K(816128K), 0.0028467 secs] [Times: user=0.01 sys=0.00, real=0.00 secs] 
1589.096: [GC (Allocation Failure) [PSYoungGen: 79200K->1376K(78848K)] 366235K->288411K(815616K), 0.0037310 secs] [Times: user=0.01 sys=0.00, real=0.00 secs] 
1589.704: [GC (Allocation Failure) [PSYoungGen: 78688K->1376K(78336K)] 365723K->288411K(815104K), 0.0024976 secs] [Times: user=0.01 sys=0.00, real=0.00 secs] 
1590.649: [GC (Allocation Failure) [PSYoungGen: 78176K->1472K(79360K)] 365211K->288508K(816128K), 0.0179945 secs] [Times: user=0.09 sys=0.00, real=0.02 secs] 
1590.847: [GC (Allocation Failure) [PSYoungGen: 78784K->1501K(86016K)] 365820K->288537K(822784K), 0.0016029 secs] [Times: user=0.00 sys=0.00, real=0.00 secs] 
1590.996: [GC (Allocation Failure) [PSYoungGen: 85469K->1549K(86016K)] 372505K->288585K(822784K), 0.0017218 secs] [Times: user=0.01 sys=0.00, real=0.00 secs] 
1591.145: [GC (Allocation Failure) [PSYoungGen: 85517K->1501K(93696K)] 372553K->288537K(830464K), 0.0015785 secs] [Times: user=0.01 sys=0.00, real=0.00 secs] 
1591.931: [GC (Allocation Failure) [PSYoungGen: 93149K->1376K(92672K)] 380185K->288411K(829440K), 0.0020477 secs] [Times: user=0.01 sys=0.00, real=0.00 secs] 
1592.339: [GC (Allocation Failure) [PSYoungGen: 92512K->1344K(92160K)] 379547K->288379K(828928K), 0.0019780 secs] [Times: user=0.01 sys=0.00, real=0.00 secs] 
1592.715: [GC (Allocation Failure) [PSYoungGen: 91968K->1376K(91648K)] 379003K->288411K(828416K), 0.0019812 secs] [Times: user=0.01 sys=0.00, real=0.00 secs] 
1592.992: [GC (Allocation Failure) [PSYoungGen: 91488K->1472K(91136K)] 378523K->288508K(827904K), 0.0017315 secs] [Times: user=0.00 sys=0.00, real=0.00 secs] 
1593.151: [GC (Allocation Failure) [PSYoungGen: 91072K->1469K(90624K)] 378108K->288521K(827392K), 0.0018899 secs] [Times: user=0.00 sys=0.00, real=0.00 secs] 
1593.333: [GC (Allocation Failure) [PSYoungGen: 90557K->1501K(90112K)] 377609K->288553K(826880K), 0.0019017 secs] [Times: user=0.00 sys=0.00, real=0.01 secs] 
1593.825: [GC (Allocation Failure) [PSYoungGen: 90077K->1408K(89600K)] 377129K->288459K(826368K), 0.0020847 secs] [Times: user=0.01 sys=0.00, real=0.00 secs] 
1594.191: [GC (Allocation Failure) [PSYoungGen: 89472K->1344K(89088K)] 376523K->288395K(825856K), 0.0019489 secs] [Times: user=0.00 sys=0.00, real=0.00 secs] 
1594.817: [GC (Allocation Failure) [PSYoungGen: 88896K->1376K(88576K)] 375947K->288427K(825344K), 0.0022909 secs] [Times: user=0.01 sys=0.00, real=0.00 secs] 
1595.189: [GC (Allocation Failure) [PSYoungGen: 88416K->1501K(88064K)] 375467K->288553K(824832K), 0.0022411 secs] [Times: user=0.01 sys=0.00, real=0.00 secs] 
1595.439: [GC (Allocation Failure) [PSYoungGen: 88029K->1453K(87552K)] 375081K->288505K(824320K), 0.0053710 secs] [Times: user=0.01 sys=0.01, real=0.01 secs] 
1595.603: [GC (Allocation Failure) [PSYoungGen: 87469K->1501K(87040K)] 374521K->288553K(823808K), 0.0017970 secs] [Times: user=0.00 sys=0.00, real=0.01 secs] 
1597.074: [GC (Allocation Failure) [PSYoungGen: 87005K->1408K(86528K)] 374057K->288459K(823296K), 0.0034406 secs] [Times: user=0.01 sys=0.00, real=0.00 secs] 
1599.013: [GC (Allocation Failure) [PSYoungGen: 86400K->1376K(86016K)] 373451K->288427K(822784K), 0.0030701 secs] [Times: user=0.01 sys=0.00, real=0.01 secs] 
1599.664: [GC (Allocation Failure) [PSYoungGen: 85856K->1344K(85504K)] 372907K->288395K(822272K), 0.0019777 secs] [Times: user=0.00 sys=0.00, real=0.00 secs] 
1600.030: [GC (Allocation Failure) [PSYoungGen: 85312K->1469K(84992K)] 372363K->288521K(821760K), 0.0016081 secs] [Times: user=0.01 sys=0.00, real=0.00 secs] 
1600.179: [GC (Allocation Failure) [PSYoungGen: 84925K->1469K(84480K)] 371977K->288521K(821248K), 0.0015908 secs] [Times: user=0.01 sys=0.00, real=0.00 secs] 
1600.326: [GC (Allocation Failure) [PSYoungGen: 84413K->1469K(83968K)] 371465K->288521K(820736K), 0.0015917 secs] [Times: user=0.01 sys=0.00, real=0.00 secs] 
1601.375: [GC (Allocation Failure) [PSYoungGen: 83901K->1376K(83456K)] 370953K->288427K(820224K), 0.0026085 secs] [Times: user=0.01 sys=0.00, real=0.00 secs] 
1602.450: [GC (Allocation Failure) [PSYoungGen: 83296K->1376K(82944K)] 370347K->288427K(819712K), 0.0027343 secs] [Times: user=0.01 sys=0.00, real=0.00 secs] 
1603.178: [GC (Allocation Failure) [PSYoungGen: 82784K->1344K(82432K)] 369835K->288395K(819200K), 0.0021114 secs] [Times: user=0.01 sys=0.00, real=0.00 secs] 
1604.048: [GC (Allocation Failure) [PSYoungGen: 82240K->1392K(81920K)] 369291K->288443K(818688K), 0.0026294 secs] [Times: user=0.01 sys=0.00, real=0.00 secs] 
1604.687: [GC (Allocation Failure) [PSYoungGen: 81776K->1453K(81408K)] 368827K->288505K(818176K), 0.0020054 secs] [Times: user=0.01 sys=0.00, real=0.00 secs] 
1604.832: [GC (Allocation Failure) [PSYoungGen: 81325K->1469K(80896K)] 368377K->288537K(817664K), 0.0016618 secs] [Times: user=0.01 sys=0.00, real=0.01 secs] 
1604.974: [GC (Allocation Failure) [PSYoungGen: 80829K->1501K(80384K)] 367897K->288569K(817152K), 0.0017488 secs] [Times: user=0.01 sys=0.00, real=0.01 secs] 
1605.968: [GC (Allocation Failure) [PSYoungGen: 80349K->1392K(79872K)] 367417K->288459K(816640K), 0.0021266 secs] [Times: user=0.00 sys=0.00, real=0.00 secs] 
1606.293: [GC (Allocation Failure) [PSYoungGen: 79728K->1344K(79360K)] 366795K->288411K(816128K), 0.0019621 secs] [Times: user=0.00 sys=0.00, real=0.01 secs] 
1606.617: [GC (Allocation Failure) [PSYoungGen: 79168K->1344K(78848K)] 366235K->288419K(815616K), 0.0020319 secs] [Times: user=0.01 sys=0.00, real=0.00 secs] 
1607.522: [GC (Allocation Failure) [PSYoungGen: 78656K->1469K(78336K)] 365731K->288545K(815104K), 0.0038631 secs] [Times: user=0.01 sys=0.00, real=0.01 secs] 
1607.759: [GC (Allocation Failure) [PSYoungGen: 78269K->1453K(77824K)] 365345K->288529K(814592K), 0.0017141 secs] [Times: user=0.00 sys=0.00, real=0.00 secs] 
1607.894: [GC (Allocation Failure) [PSYoungGen: 77741K->1469K(77312K)] 364817K->288545K(814080K), 0.0018358 secs] [Times: user=0.01 sys=0.00, real=0.00 secs] 
1608.028: [GC (Allocation Failure) [PSYoungGen: 77245K->1501K(76800K)] 364321K->288577K(813568K), 0.0017304 secs] [Times: user=0.00 sys=0.00, real=0.00 secs] 
1608.746: [GC (Allocation Failure) [PSYoungGen: 76765K->1440K(76288K)] 363841K->288515K(813056K), 0.0025702 secs] [Times: user=0.01 sys=0.00, real=0.00 secs] 
1609.407: [GC (Allocation Failure) [PSYoungGen: 76192K->1376K(75776K)] 363267K->288451K(812544K), 0.0023419 secs] [Times: user=0.01 sys=0.00, real=0.00 secs] 
1610.011: [GC (Allocation Failure) [PSYoungGen: 75616K->1344K(75264K)] 362691K->288419K(812032K), 0.0033817 secs] [Times: user=0.02 sys=0.00, real=0.01 secs] 
1610.697: [GC (Allocation Failure) [PSYoungGen: 75072K->1376K(74752K)] 362147K->288451K(811520K), 0.0024703 secs] [Times: user=0.01 sys=0.00, real=0.00 secs] 
1610.964: [GC (Allocation Failure) [PSYoungGen: 74592K->1472K(74240K)] 361667K->288548K(811008K), 0.0016166 secs] [Times: user=0.00 sys=0.00, real=0.00 secs] 
1611.093: [GC (Allocation Failure) [PSYoungGen: 74176K->1469K(73728K)] 361252K->288561K(810496K), 0.0016748 secs] [Times: user=0.00 sys=0.00, real=0.01 secs] 
1611.249: [GC (Allocation Failure) [PSYoungGen: 73661K->1437K(73216K)] 360753K->288529K(809984K), 0.0020230 secs] [Times: user=0.01 sys=0.00, real=0.00 secs] 
1611.882: [GC (Allocation Failure) [PSYoungGen: 73117K->1472K(72704K)] 360209K->288563K(809472K), 0.0026887 secs] [Times: user=0.01 sys=0.00, real=0.01 secs] 
1612.178: [GC (Allocation Failure) [PSYoungGen: 72640K->1408K(72192K)] 359731K->288499K(808960K), 0.0020577 secs] [Times: user=0.01 sys=0.00, real=0.00 secs] 
1612.472: [GC (Allocation Failure) [PSYoungGen: 72064K->1376K(72704K)] 359155K->288467K(809472K), 0.0019430 secs] [Times: user=0.01 sys=0.00, real=0.01 secs] 
1612.765: [GC (Allocation Failure) [PSYoungGen: 72032K->1344K(72704K)] 359123K->288435K(809472K), 0.0018564 secs] [Times: user=0.01 sys=0.01, real=0.00 secs] 
1613.146: [GC (Allocation Failure) [PSYoungGen: 72000K->1488K(72704K)] 359091K->288580K(809472K), 0.0026657 secs] [Times: user=0.01 sys=0.00, real=0.00 secs] 
1613.385: [GC (Allocation Failure) [PSYoungGen: 72144K->1501K(72704K)] 359236K->288593K(809472K), 0.0019981 secs] [Times: user=0.01 sys=0.00, real=0.00 secs] 
1613.523: [GC (Allocation Failure) [PSYoungGen: 72157K->1437K(72704K)] 359249K->288529K(809472K), 0.0016705 secs] [Times: user=0.01 sys=0.00, real=0.01 secs] 
1613.669: [GC (Allocation Failure) [PSYoungGen: 72093K->1456K(72704K)] 359185K->288548K(809472K), 0.0017392 secs] [Times: user=0.00 sys=0.00, real=0.00 secs] 
1614.675: [GC (Allocation Failure) [PSYoungGen: 72112K->1440K(72704K)] 359204K->288531K(809472K), 0.0022794 secs] [Times: user=0.01 sys=0.00, real=0.00 secs] 
1615.170: [GC (Allocation Failure) [PSYoungGen: 72096K->1344K(72704K)] 359187K->288435K(809472K), 0.0021901 secs] [Times: user=0.01 sys=0.00, real=0.00 secs] 
1615.742: [GC (Allocation Failure) [PSYoungGen: 72000K->1408K(72704K)] 359091K->288499K(809472K), 0.0022492 secs] [Times: user=0.01 sys=0.00, real=0.01 secs] 
1616.328: [GC (Allocation Failure) [PSYoungGen: 72064K->1344K(72704K)] 359155K->288435K(809472K), 0.0026801 secs] [Times: user=0.01 sys=0.00, real=0.00 secs] 
1616.647: [GC (Allocation Failure) [PSYoungGen: 72000K->1501K(72704K)] 359091K->288593K(809472K), 0.0019815 secs] [Times: user=0.00 sys=0.00, real=0.00 secs] 
1616.819: [GC (Allocation Failure) [PSYoungGen: 72157K->1501K(72704K)] 359249K->288593K(809472K), 0.0021870 secs] [Times: user=0.01 sys=0.00, real=0.00 secs] 
1616.981: [GC (Allocation Failure) [PSYoungGen: 72157K->1469K(72704K)] 359249K->288561K(809472K), 0.0016130 secs] [Times: user=0.00 sys=0.00, real=0.00 secs] 
1617.381: [GC (Allocation Failure) [PSYoungGen: 72125K->1984K(72704K)] 359217K->289091K(809472K), 0.0020524 secs] [Times: user=0.01 sys=0.00, real=0.00 secs] 
1617.808: [GC (Allocation Failure) [PSYoungGen: 72640K->1360K(72704K)] 359747K->288467K(809472K), 0.0019960 secs] [Times: user=0.00 sys=0.00, real=0.00 secs] 
1618.175: [GC (Allocation Failure) [PSYoungGen: 72016K->1376K(72704K)] 359123K->288483K(809472K), 0.0019336 secs] [Times: user=0.01 sys=0.00, real=0.00 secs] 
1618.512: [GC (Allocation Failure) [PSYoungGen: 72032K->1344K(72704K)] 359139K->288451K(809472K), 0.0019922 secs] [Times: user=0.01 sys=0.00, real=0.01 secs] 
1618.808: [GC (Allocation Failure) [PSYoungGen: 72000K->1456K(72704K)] 359107K->288564K(809472K), 0.0018530 secs] [Times: user=0.01 sys=0.00, real=0.00 secs] 
1618.977: [GC (Allocation Failure) [PSYoungGen: 72112K->1501K(72704K)] 359220K->288609K(809472K), 0.0020264 secs] [Times: user=0.01 sys=0.00, real=0.00 secs] 
1619.138: [GC (Allocation Failure) [PSYoungGen: 72157K->1469K(72704K)] 359265K->288577K(809472K), 0.0017794 secs] [Times: user=0.01 sys=0.00, real=0.00 secs] 
1619.263: [GC (Allocation Failure) [PSYoungGen: 72125K->1501K(72704K)] 359233K->288609K(809472K), 0.0016343 secs] [Times: user=0.01 sys=0.00, real=0.01 secs] 
1619.589: [GC (Allocation Failure) [PSYoungGen: 72157K->1424K(72704K)] 359265K->288555K(809472K), 0.0022390 secs] [Times: user=0.00 sys=0.00, real=0.00 secs] 
1619.884: [GC (Allocation Failure) [PSYoungGen: 72080K->1312K(72704K)] 359211K->288443K(809472K), 0.0019685 secs] [Times: user=0.01 sys=0.00, real=0.00 secs] 
1620.177: [GC (Allocation Failure) [PSYoungGen: 71968K->1408K(72704K)] 359099K->288539K(809472K), 0.0018661 secs] [Times: user=0.00 sys=0.00, real=0.00 secs] 
1620.524: [GC (Allocation Failure) [PSYoungGen: 72064K->1344K(72704K)] 359195K->288475K(809472K), 0.0017875 secs] [Times: user=0.00 sys=0.00, real=0.01 secs] 
1620.798: [GC (Allocation Failure) [PSYoungGen: 72000K->1440K(72704K)] 359131K->288572K(809472K), 0.0014598 secs] [Times: user=0.01 sys=0.00, real=0.00 secs] 
1620.923: [GC (Allocation Failure) [PSYoungGen: 72096K->1424K(72704K)] 359228K->288556K(809472K), 0.0015931 secs] [Times: user=0.01 sys=0.00, real=0.01 secs] 
1621.048: [GC (Allocation Failure) [PSYoungGen: 72080K->1437K(72704K)] 359212K->288569K(809472K), 0.0016111 secs] [Times: user=0.00 sys=0.00, real=0.00 secs] 
1621.173: [GC (Allocation Failure) [PSYoungGen: 72093K->1469K(72704K)] 359225K->288617K(809472K), 0.0014592 secs] [Times: user=0.00 sys=0.00, real=0.01 secs] 
1621.507: [GC (Allocation Failure) [PSYoungGen: 72125K->1408K(72704K)] 359273K->288555K(809472K), 0.0017295 secs] [Times: user=0.01 sys=0.00, real=0.00 secs] 
1621.800: [GC (Allocation Failure) [PSYoungGen: 72064K->1360K(72704K)] 359211K->288507K(809472K), 0.0016322 secs] [Times: user=0.01 sys=0.00, real=0.00 secs] 
1622.094: [GC (Allocation Failure) [PSYoungGen: 72016K->1360K(72704K)] 359163K->288507K(809472K), 0.0028499 secs] [Times: user=0.01 sys=0.00, real=0.00 secs] 
1622.858: [GC (Allocation Failure) [PSYoungGen: 72016K->1360K(72704K)] 359163K->288507K(809472K), 0.0024565 secs] [Times: user=0.01 sys=0.00, real=0.00 secs] 
1623.077: [GC (Allocation Failure) [PSYoungGen: 72016K->1536K(72704K)] 359163K->288684K(809472K), 0.0015649 secs] [Times: user=0.00 sys=0.00, real=0.00 secs] 
1623.203: [GC (Allocation Failure) [PSYoungGen: 72192K->1469K(72704K)] 359340K->288617K(809472K), 0.0017468 secs] [Times: user=0.00 sys=0.00, real=0.01 secs] 
1623.329: [GC (Allocation Failure) [PSYoungGen: 72122K->1501K(72704K)] 359270K->288649K(809472K), 0.0016863 secs] [Times: user=0.01 sys=0.00, real=0.00 secs] 
1624.702: [GC (Allocation Failure) [PSYoungGen: 72157K->1376K(72704K)] 359305K->288523K(809472K), 0.0031568 secs] [Times: user=0.02 sys=0.00, real=0.01 secs] 
1625.453: [GC (Allocation Failure) [PSYoungGen: 72032K->1376K(72704K)] 359179K->288523K(809472K), 0.0022040 secs] [Times: user=0.01 sys=0.00, real=0.01 secs] 
1626.173: [GC (Allocation Failure) [PSYoungGen: 72032K->1360K(72704K)] 359179K->288507K(809472K), 0.0021924 secs] [Times: user=0.01 sys=0.00, real=0.01 secs] 
1627.007: [GC (Allocation Failure) [PSYoungGen: 72016K->1376K(72704K)] 359163K->288523K(809472K), 0.0021981 secs] [Times: user=0.01 sys=0.00, real=0.00 secs] 
1627.812: [GC (Allocation Failure) [PSYoungGen: 72032K->1501K(72704K)] 359179K->288649K(809472K), 0.0020950 secs] [Times: user=0.01 sys=0.00, real=0.00 secs] 
1627.955: [GC (Allocation Failure) [PSYoungGen: 72157K->1437K(72704K)] 359305K->288585K(809472K), 0.0014393 secs] [Times: user=0.00 sys=0.00, real=0.00 secs] 
1628.081: [GC (Allocation Failure) [PSYoungGen: 72093K->1501K(72704K)] 359241K->288649K(809472K), 0.0016323 secs] [Times: user=0.01 sys=0.00, real=0.00 secs] 
1628.207: [GC (Allocation Failure) [PSYoungGen: 72157K->1501K(72704K)] 359305K->288649K(809472K), 0.0016529 secs] [Times: user=0.01 sys=0.00, real=0.00 secs] 
1629.015: [GC (Allocation Failure) [PSYoungGen: 72157K->1440K(72704K)] 359305K->288587K(809472K), 0.0031425 secs] [Times: user=0.01 sys=0.00, real=0.00 secs] 
1629.931: [GC (Allocation Failure) [PSYoungGen: 72096K->1344K(72704K)] 359243K->288491K(809472K), 0.0025551 secs] [Times: user=0.01 sys=0.00, real=0.00 secs] 
1630.609: [GC (Allocation Failure) [PSYoungGen: 72000K->1376K(72704K)] 359147K->288523K(809472K), 0.0026466 secs] [Times: user=0.01 sys=0.00, real=0.00 secs] 
1631.271: [GC (Allocation Failure) [PSYoungGen: 72032K->1328K(72704K)] 359179K->288475K(809472K), 0.0023216 secs] [Times: user=0.01 sys=0.00, real=0.00 secs] 
1631.638: [GC (Allocation Failure) [PSYoungGen: 71984K->1501K(72704K)] 359131K->288649K(809472K), 0.0019192 secs] [Times: user=0.00 sys=0.00, real=0.00 secs] 
1631.769: [GC (Allocation Failure) [PSYoungGen: 72157K->1453K(72704K)] 359305K->288601K(809472K), 0.0015431 secs] [Times: user=0.01 sys=0.00, real=0.00 secs] 
1631.894: [GC (Allocation Failure) [PSYoungGen: 72106K->1437K(72704K)] 359253K->288585K(809472K), 0.0015506 secs] [Times: user=0.01 sys=0.00, real=0.00 secs] 
1632.020: [GC (Allocation Failure) [PSYoungGen: 72093K->1440K(72704K)] 359241K->288611K(809472K), 0.0015137 secs] [Times: user=0.00 sys=0.00, real=0.00 secs] 
1634.144: [GC (Allocation Failure) [PSYoungGen: 72096K->1344K(72704K)] 359267K->288515K(809472K), 0.0038675 secs] [Times: user=0.01 sys=0.00, real=0.00 secs] 
1634.496: [GC (Allocation Failure) [PSYoungGen: 72000K->1408K(72704K)] 359171K->288579K(809472K), 0.0019561 secs] [Times: user=0.01 sys=0.00, real=0.00 secs] 
1634.789: [GC (Allocation Failure) [PSYoungGen: 72064K->1344K(72704K)] 359235K->288515K(809472K), 0.0019374 secs] [Times: user=0.01 sys=0.00, real=0.00 secs] 
1635.098: [GC (Allocation Failure) [PSYoungGen: 72000K->1501K(72704K)] 359171K->288673K(809472K), 0.0017553 secs] [Times: user=0.00 sys=0.00, real=0.00 secs] 
1635.258: [GC (Allocation Failure) [PSYoungGen: 72145K->1501K(72704K)] 359317K->288673K(809472K), 0.0018905 secs] [Times: user=0.01 sys=0.00, real=0.00 secs] 
1635.429: [GC (Allocation Failure) [PSYoungGen: 72157K->1485K(72704K)] 359329K->288657K(809472K), 0.0021405 secs] [Times: user=0.00 sys=0.00, real=0.00 secs] 
1635.612: [GC (Allocation Failure) [PSYoungGen: 72141K->1437K(72704K)] 359313K->288609K(809472K), 0.0020805 secs] [Times: user=0.01 sys=0.00, real=0.00 secs] 
1636.829: [GC (Allocation Failure) [PSYoungGen: 72093K->1392K(72704K)] 359265K->288563K(809472K), 0.0041838 secs] [Times: user=0.01 sys=0.00, real=0.00 secs] 
1638.383: [GC (Allocation Failure) [PSYoungGen: 72048K->1408K(72704K)] 359219K->288579K(809472K), 0.0037755 secs] [Times: user=0.01 sys=0.00, real=0.01 secs] 
1638.755: [GC (Allocation Failure) [PSYoungGen: 72064K->1376K(72704K)] 359235K->288547K(809472K), 0.0019409 secs] [Times: user=0.01 sys=0.00, real=0.00 secs] 
1639.083: [GC (Allocation Failure) [PSYoungGen: 72032K->1344K(72704K)] 359203K->288515K(809472K), 0.0017291 secs] [Times: user=0.01 sys=0.00, real=0.01 secs] 
1639.641: [GC (Allocation Failure) [PSYoungGen: 72000K->1533K(72704K)] 359171K->288705K(809472K), 0.0019728 secs] [Times: user=0.01 sys=0.00, real=0.00 secs] 
1639.781: [GC (Allocation Failure) [PSYoungGen: 72189K->1437K(72704K)] 359361K->288609K(809472K), 0.0015528 secs] [Times: user=0.00 sys=0.00, real=0.00 secs] 
1639.905: [GC (Allocation Failure) [PSYoungGen: 72093K->1488K(72704K)] 359265K->288660K(809472K), 0.0015591 secs] [Times: user=0.01 sys=0.00, real=0.00 secs] 
1640.031: [GC (Allocation Failure) [PSYoungGen: 72144K->1501K(72704K)] 359316K->288689K(809472K), 0.0016056 secs] [Times: user=0.00 sys=0.00, real=0.00 secs] 
1640.815: [GC (Allocation Failure) [PSYoungGen: 72157K->1440K(72704K)] 359345K->288627K(809472K), 0.0020116 secs] [Times: user=0.01 sys=0.00, real=0.00 secs] 
1641.670: [GC (Allocation Failure) [PSYoungGen: 72096K->1344K(72704K)] 359283K->288531K(809472K), 0.0028816 secs] [Times: user=0.01 sys=0.00, real=0.00 secs] 
1642.524: [GC (Allocation Failure) [PSYoungGen: 72000K->1408K(72704K)] 359187K->288627K(809472K), 0.0029067 secs] [Times: user=0.02 sys=0.00, real=0.00 secs] 
1643.339: [GC (Allocation Failure) [PSYoungGen: 72064K->1376K(72704K)] 359283K->288595K(809472K), 0.0025793 secs] [Times: user=0.01 sys=0.00, real=0.00 secs] 
1643.696: [GC (Allocation Failure) [PSYoungGen: 72032K->1501K(72704K)] 359251K->288721K(809472K), 0.0020033 secs] [Times: user=0.01 sys=0.00, real=0.00 secs] 
1643.858: [GC (Allocation Failure) [PSYoungGen: 72157K->1437K(72704K)] 359377K->288657K(809472K), 0.0017891 secs] [Times: user=0.01 sys=0.00, real=0.00 secs] 
1644.015: [GC (Allocation Failure) [PSYoungGen: 72093K->1501K(72704K)] 359313K->288721K(809472K), 0.0017361 secs] [Times: user=0.01 sys=0.00, real=0.00 secs] 
1645.607: [GC (Allocation Failure) [PSYoungGen: 72157K->1440K(72704K)] 359377K->288659K(809472K), 0.0039453 secs] [Times: user=0.02 sys=0.00, real=0.00 secs] 
1646.702: [GC (Allocation Failure) [PSYoungGen: 72096K->1376K(72704K)] 359315K->288595K(809472K), 0.0031472 secs] [Times: user=0.01 sys=0.00, real=0.01 secs] 
1647.538: [GC (Allocation Failure) [PSYoungGen: 72032K->1376K(72704K)] 359251K->288595K(809472K), 0.0026876 secs] [Times: user=0.01 sys=0.00, real=0.00 secs] 
1648.304: [GC (Allocation Failure) [PSYoungGen: 72032K->1328K(72704K)] 359251K->288547K(809472K), 0.0025116 secs] [Times: user=0.01 sys=0.00, real=0.00 secs] 
1648.831: [GC (Allocation Failure) [PSYoungGen: 71984K->1501K(72704K)] 359203K->288721K(809472K), 0.0021774 secs] [Times: user=0.01 sys=0.00, real=0.00 secs] 
1648.983: [GC (Allocation Failure) [PSYoungGen: 72157K->1469K(72704K)] 359377K->288689K(809472K), 0.0015345 secs] [Times: user=0.01 sys=0.00, real=0.01 secs] 
1649.128: [GC (Allocation Failure) [PSYoungGen: 72125K->1456K(72704K)] 359345K->288676K(809472K), 0.0019169 secs] [Times: user=0.00 sys=0.00, real=0.00 secs] 
1649.293: [GC (Allocation Failure) [PSYoungGen: 72112K->1501K(72704K)] 359332K->288721K(809472K), 0.0015898 secs] [Times: user=0.00 sys=0.00, real=0.01 secs] 
1649.741: [GC (Allocation Failure) [PSYoungGen: 72157K->1392K(72704K)] 359377K->288611K(809472K), 0.0022270 secs] [Times: user=0.01 sys=0.00, real=0.00 secs] 
1650.335: [GC (Allocation Failure) [PSYoungGen: 72048K->1408K(72704K)] 359267K->288627K(809472K), 0.0036459 secs] [Times: user=0.01 sys=0.00, real=0.00 secs] 
1650.915: [GC (Allocation Failure) [PSYoungGen: 72064K->1376K(72704K)] 359283K->288595K(809472K), 0.0024549 secs] [Times: user=0.01 sys=0.00, real=0.00 secs] 
1651.504: [GC (Allocation Failure) [PSYoungGen: 72032K->1376K(72704K)] 359251K->288595K(809472K), 0.0022974 secs] [Times: user=0.01 sys=0.00, real=0.00 secs] 
1651.959: [GC (Allocation Failure) [PSYoungGen: 72032K->1424K(72704K)] 359251K->288644K(809472K), 0.0020154 secs] [Times: user=0.01 sys=0.00, real=0.00 secs] 
1652.127: [GC (Allocation Failure) [PSYoungGen: 72080K->1533K(72704K)] 359300K->288753K(809472K), 0.0020390 secs] [Times: user=0.01 sys=0.00, real=0.00 secs] 
1652.285: [GC (Allocation Failure) [PSYoungGen: 72189K->1469K(72704K)] 359409K->288689K(809472K), 0.0016850 secs] [Times: user=0.00 sys=0.00, real=0.00 secs] 
1652.429: [GC (Allocation Failure) [PSYoungGen: 72121K->1469K(72704K)] 359341K->288721K(809472K), 0.0019290 secs] [Times: user=0.01 sys=0.00, real=0.00 secs] 
1653.207: [GC (Allocation Failure) [PSYoungGen: 72125K->1360K(72704K)] 359377K->288611K(809472K), 0.0029027 secs] [Times: user=0.01 sys=0.00, real=0.00 secs] 
1653.514: [GC (Allocation Failure) [PSYoungGen: 72016K->1376K(72704K)] 359267K->288627K(809472K), 0.0022260 secs] [Times: user=0.01 sys=0.00, real=0.00 secs] 
1653.909: [GC (Allocation Failure) [PSYoungGen: 72032K->1376K(72704K)] 359283K->288627K(809472K), 0.0017729 secs] [Times: user=0.00 sys=0.00, real=0.00 secs] 
1654.445: [GC (Allocation Failure) [PSYoungGen: 72032K->1408K(72704K)] 359283K->288667K(809472K), 0.0032050 secs] [Times: user=0.01 sys=0.00, real=0.00 secs] 
1654.823: [GC (Allocation Failure) [PSYoungGen: 72064K->1469K(72704K)] 359323K->288729K(809472K), 0.0019507 secs] [Times: user=0.00 sys=0.00, real=0.01 secs] 
1654.986: [GC (Allocation Failure) [PSYoungGen: 72125K->1469K(72704K)] 359385K->288729K(809472K), 0.0016588 secs] [Times: user=0.01 sys=0.00, real=0.00 secs] 
1655.117: [GC (Allocation Failure) [PSYoungGen: 72125K->1469K(72704K)] 359385K->288729K(809472K), 0.0016602 secs] [Times: user=0.00 sys=0.00, real=0.00 secs] 
1655.722: [GC (Allocation Failure) [PSYoungGen: 72125K->1424K(72704K)] 359385K->288683K(809472K), 0.0025693 secs] [Times: user=0.01 sys=0.00, real=0.01 secs] 
1656.600: [GC (Allocation Failure) [PSYoungGen: 72080K->1376K(72704K)] 359339K->288635K(809472K), 0.0022673 secs] [Times: user=0.01 sys=0.00, real=0.00 secs] 
1657.334: [GC (Allocation Failure) [PSYoungGen: 72032K->1408K(72704K)] 359291K->288667K(809472K), 0.0018482 secs] [Times: user=0.01 sys=0.00, real=0.00 secs] 
1658.119: [GC (Allocation Failure) [PSYoungGen: 72064K->1344K(72704K)] 359323K->288603K(809472K), 0.0025189 secs] [Times: user=0.01 sys=0.00, real=0.00 secs] 
1658.632: [GC (Allocation Failure) [PSYoungGen: 71994K->1437K(72704K)] 359253K->288697K(809472K), 0.0021156 secs] [Times: user=0.01 sys=0.00, real=0.01 secs] 
1658.783: [GC (Allocation Failure) [PSYoungGen: 72093K->1501K(72704K)] 359353K->288761K(809472K), 0.0015615 secs] [Times: user=0.01 sys=0.00, real=0.01 secs] 
1658.908: [GC (Allocation Failure) [PSYoungGen: 72157K->1472K(72704K)] 359417K->288732K(809472K), 0.0015010 secs] [Times: user=0.00 sys=0.00, real=0.00 secs] 
1659.035: [GC (Allocation Failure) [PSYoungGen: 72128K->1469K(72704K)] 359388K->288729K(809472K), 0.0016093 secs] [Times: user=0.01 sys=0.00, real=0.00 secs] 
1659.524: [GC (Allocation Failure) [PSYoungGen: 72125K->1472K(72704K)] 359385K->288739K(809472K), 0.0017506 secs] [Times: user=0.01 sys=0.00, real=0.01 secs] 
1660.205: [GC (Allocation Failure) [PSYoungGen: 72128K->1408K(72704K)] 359395K->288675K(809472K), 0.0020467 secs] [Times: user=0.01 sys=0.00, real=0.00 secs] 
1660.842: [GC (Allocation Failure) [PSYoungGen: 72064K->1376K(72704K)] 359331K->288643K(809472K), 0.0019054 secs] [Times: user=0.01 sys=0.00, real=0.01 secs] 
1661.136: [GC (Allocation Failure) [PSYoungGen: 72032K->1408K(72704K)] 359299K->288675K(809472K), 0.0020314 secs] [Times: user=0.01 sys=0.00, real=0.00 secs] 
1662.671: [GC (Allocation Failure) [PSYoungGen: 72064K->1501K(72704K)] 359331K->288801K(809472K), 0.0022324 secs] [Times: user=0.01 sys=0.00, real=0.00 secs] 
1662.822: [GC (Allocation Failure) [PSYoungGen: 72157K->1469K(72704K)] 359457K->288769K(809472K), 0.0016942 secs] [Times: user=0.00 sys=0.00, real=0.00 secs] 
1662.947: [GC (Allocation Failure) [PSYoungGen: 72125K->1469K(72704K)] 359425K->288769K(809472K), 0.0016349 secs] [Times: user=0.01 sys=0.00, real=0.00 secs] 
1663.298: [GC (Allocation Failure) [PSYoungGen: 72125K->1600K(72704K)] 359425K->288899K(809472K), 0.0021209 secs] [Times: user=0.01 sys=0.00, real=0.00 secs] 
1664.821: [GC (Allocation Failure) [PSYoungGen: 72256K->1376K(72704K)] 359555K->288675K(809472K), 0.0026266 secs] [Times: user=0.01 sys=0.00, real=0.00 secs] 
1665.577: [GC (Allocation Failure) [PSYoungGen: 72032K->1408K(72704K)] 359331K->288707K(809472K), 0.0021728 secs] [Times: user=0.01 sys=0.00, real=0.00 secs] 
1666.410: [GC (Allocation Failure) [PSYoungGen: 72064K->1376K(72704K)] 359363K->288675K(809472K), 0.0021920 secs] [Times: user=0.01 sys=0.00, real=0.00 secs] 
1667.002: [GC (Allocation Failure) [PSYoungGen: 72032K->1469K(72704K)] 359331K->288769K(809472K), 0.0021583 secs] [Times: user=0.01 sys=0.00, real=0.01 secs] 
1667.158: [GC (Allocation Failure) [PSYoungGen: 72125K->1469K(72704K)] 359425K->288769K(809472K), 0.0015564 secs] [Times: user=0.00 sys=0.00, real=0.00 secs] 
1667.301: [GC (Allocation Failure) [PSYoungGen: 72125K->1469K(72704K)] 359425K->288769K(809472K), 0.0018037 secs] [Times: user=0.01 sys=0.00, real=0.00 secs] 
1667.463: [GC (Allocation Failure) [PSYoungGen: 72125K->1453K(72704K)] 359425K->288753K(809472K), 0.0020201 secs] [Times: user=0.00 sys=0.00, real=0.01 secs] 
1668.277: [GC (Allocation Failure) [PSYoungGen: 72109K->1440K(72704K)] 359409K->288739K(809472K), 0.0018629 secs] [Times: user=0.00 sys=0.00, real=0.00 secs] 
1669.137: [GC (Allocation Failure) [PSYoungGen: 72096K->1344K(72704K)] 359395K->288643K(809472K), 0.0033788 secs] [Times: user=0.02 sys=0.00, real=0.00 secs] 
1670.097: [GC (Allocation Failure) [PSYoungGen: 72000K->1376K(72704K)] 359299K->288675K(809472K), 0.0030100 secs] [Times: user=0.01 sys=0.00, real=0.00 secs] 
1670.834: [GC (Allocation Failure) [PSYoungGen: 72032K->1376K(72704K)] 359331K->288675K(809472K), 0.0029211 secs] [Times: user=0.02 sys=0.01, real=0.00 secs] 
1671.378: [GC (Allocation Failure) [PSYoungGen: 72032K->1469K(72704K)] 359331K->288769K(809472K), 0.0021568 secs] [Times: user=0.00 sys=0.00, real=0.00 secs] 
1671.526: [GC (Allocation Failure) [PSYoungGen: 72125K->1472K(72704K)] 359425K->288772K(809472K), 0.0014882 secs] [Times: user=0.00 sys=0.00, real=0.00 secs] 
1671.652: [GC (Allocation Failure) [PSYoungGen: 72128K->1469K(72704K)] 359428K->288769K(809472K), 0.0016619 secs] [Times: user=0.01 sys=0.00, real=0.01 secs] 
1671.779: [GC (Allocation Failure) [PSYoungGen: 72121K->1501K(72704K)] 359421K->288817K(809472K), 0.0016507 secs] [Times: user=0.00 sys=0.00, real=0.00 secs] 
1672.762: [GC (Allocation Failure) [PSYoungGen: 72157K->1424K(72704K)] 359473K->288763K(809472K), 0.0037695 secs] [Times: user=0.01 sys=0.00, real=0.01 secs] 
1673.599: [GC (Allocation Failure) [PSYoungGen: 72080K->1376K(72704K)] 359419K->288715K(809472K), 0.0025661 secs] [Times: user=0.01 sys=0.00, real=0.00 secs] 
1674.433: [GC (Allocation Failure) [PSYoungGen: 72032K->1344K(72704K)] 359371K->288683K(809472K), 0.0037946 secs] [Times: user=0.02 sys=0.00, real=0.01 secs] 
1675.187: [GC (Allocation Failure) [PSYoungGen: 72000K->1376K(72704K)] 359339K->288715K(809472K), 0.0034345 secs] [Times: user=0.02 sys=0.00, real=0.00 secs] 
1675.536: [GC (Allocation Failure) [PSYoungGen: 72032K->1424K(72704K)] 359371K->288764K(809472K), 0.0018397 secs] [Times: user=0.00 sys=0.00, real=0.00 secs] 
1675.672: [GC (Allocation Failure) [PSYoungGen: 72080K->1469K(72704K)] 359420K->288809K(809472K), 0.0015638 secs] [Times: user=0.01 sys=0.00, real=0.01 secs] 
1675.797: [GC (Allocation Failure) [PSYoungGen: 72125K->1469K(72704K)] 359465K->288809K(809472K), 0.0016669 secs] [Times: user=0.01 sys=0.00, real=0.00 secs] 
1675.982: [GC (Allocation Failure) [PSYoungGen: 72125K->1440K(72704K)] 359465K->288779K(809472K), 0.0017869 secs] [Times: user=0.00 sys=0.00, real=0.00 secs] 
1676.275: [GC (Allocation Failure) [PSYoungGen: 72096K->1376K(72704K)] 359435K->288715K(809472K), 0.0017183 secs] [Times: user=0.01 sys=0.00, real=0.00 secs] 
1676.715: [GC (Allocation Failure) [PSYoungGen: 72032K->1376K(72704K)] 359371K->288715K(809472K), 0.0022174 secs] [Times: user=0.01 sys=0.00, real=0.00 secs] 
1677.010: [GC (Allocation Failure) [PSYoungGen: 72032K->1344K(72704K)] 359371K->288683K(809472K), 0.0019404 secs] [Times: user=0.01 sys=0.00, real=0.00 secs] 
1677.295: [GC (Allocation Failure) [PSYoungGen: 72000K->1389K(72192K)] 359339K->288729K(808960K), 0.0019246 secs] [Times: user=0.01 sys=0.00, real=0.00 secs] 
1677.460: [GC (Allocation Failure) [PSYoungGen: 72045K->1453K(71680K)] 359385K->288793K(808448K), 0.0018498 secs] [Times: user=0.01 sys=0.00, real=0.00 secs] 
1677.606: [GC (Allocation Failure) [PSYoungGen: 71597K->1501K(72192K)] 358937K->288841K(808960K), 0.0017309 secs] [Times: user=0.01 sys=0.00, real=0.00 secs] 
1677.746: [GC (Allocation Failure) [PSYoungGen: 71645K->1469K(72192K)] 358985K->288809K(808960K), 0.0018451 secs] [Times: user=0.01 sys=0.00, real=0.00 secs] 
1679.062: [GC (Allocation Failure) [PSYoungGen: 71613K->1424K(72192K)] 358953K->288763K(808960K), 0.0045056 secs] [Times: user=0.01 sys=0.00, real=0.01 secs] 
1679.952: [GC (Allocation Failure) [PSYoungGen: 71568K->1408K(72192K)] 358907K->288747K(808960K), 0.0026886 secs] [Times: user=0.01 sys=0.00, real=0.01 secs] 
1680.392: [GC (Allocation Failure) [PSYoungGen: 71552K->1376K(72192K)] 358891K->288715K(808960K), 0.0019743 secs] [Times: user=0.01 sys=0.00, real=0.01 secs] 
1680.727: [GC (Allocation Failure) [PSYoungGen: 71520K->1344K(72192K)] 358859K->288699K(808960K), 0.0019973 secs] [Times: user=0.01 sys=0.00, real=0.00 secs] 
1681.001: [GC (Allocation Failure) [PSYoungGen: 71488K->1469K(72192K)] 358843K->288825K(808960K), 0.0015178 secs] [Times: user=0.01 sys=0.00, real=0.00 secs] 
1681.124: [GC (Allocation Failure) [PSYoungGen: 71589K->1456K(72192K)] 358944K->288812K(808960K), 0.0015980 secs] [Times: user=0.01 sys=0.00, real=0.01 secs] 
1681.247: [GC (Allocation Failure) [PSYoungGen: 71600K->1469K(72192K)] 358956K->288825K(808960K), 0.0016728 secs] [Times: user=0.00 sys=0.00, real=0.00 secs] 
1681.370: [GC (Allocation Failure) [PSYoungGen: 71613K->1424K(72192K)] 358969K->288796K(808960K), 0.0017571 secs] [Times: user=0.01 sys=0.00, real=0.00 secs] 
1682.858: [GC (Allocation Failure) [PSYoungGen: 71568K->1408K(71680K)] 358940K->288779K(808448K), 0.0035062 secs] [Times: user=0.01 sys=0.00, real=0.00 secs] 
1683.878: [GC (Allocation Failure) [PSYoungGen: 71552K->1376K(71680K)] 358923K->288747K(808448K), 0.0026367 secs] [Times: user=0.01 sys=0.00, real=0.00 secs] 
1684.618: [GC (Allocation Failure) [PSYoungGen: 71520K->1376K(71680K)] 358891K->288747K(808448K), 0.0021879 secs] [Times: user=0.01 sys=0.00, real=0.00 secs] 
1685.064: [GC (Allocation Failure) [PSYoungGen: 71520K->1344K(71680K)] 358891K->288715K(808448K), 0.0019623 secs] [Times: user=0.01 sys=0.00, real=0.01 secs] 
1685.249: [GC (Allocation Failure) [PSYoungGen: 71488K->1437K(71680K)] 358859K->288809K(808448K), 0.0015184 secs] [Times: user=0.00 sys=0.00, real=0.00 secs] 
1685.374: [GC (Allocation Failure) [PSYoungGen: 71581K->1456K(71680K)] 358953K->288828K(808448K), 0.0016511 secs] [Times: user=0.00 sys=0.00, real=0.01 secs] 
1685.516: [GC (Allocation Failure) [PSYoungGen: 71600K->1469K(71680K)] 358972K->288841K(808448K), 0.0017839 secs] [Times: user=0.01 sys=0.00, real=0.00 secs] 
1685.755: [GC (Allocation Failure) [PSYoungGen: 71613K->1936K(72192K)] 358985K->289315K(808960K), 0.0019367 secs] [Times: user=0.01 sys=0.01, real=0.00 secs] 
1686.336: [GC (Allocation Failure) [PSYoungGen: 72080K->1376K(72192K)] 359459K->288755K(808960K), 0.0017987 secs] [Times: user=0.00 sys=0.00, real=0.00 secs] 
1686.978: [GC (Allocation Failure) [PSYoungGen: 71520K->1376K(72192K)] 358899K->288755K(808960K), 0.0018841 secs] [Times: user=0.01 sys=0.00, real=0.00 secs] 
1687.747: [GC (Allocation Failure) [PSYoungGen: 71520K->1344K(72192K)] 358899K->288723K(808960K), 0.0023224 secs] [Times: user=0.01 sys=0.00, real=0.00 secs] 
1688.504: [GC (Allocation Failure) [PSYoungGen: 71488K->1437K(72192K)] 358867K->288817K(808960K), 0.0025178 secs] [Times: user=0.01 sys=0.00, real=0.00 secs] 
1688.693: [GC (Allocation Failure) [PSYoungGen: 71581K->1456K(72192K)] 358961K->288836K(808960K), 0.0015398 secs] [Times: user=0.01 sys=0.00, real=0.01 secs] 
1688.843: [GC (Allocation Failure) [PSYoungGen: 71600K->1501K(72192K)] 358980K->288881K(808960K), 0.0036732 secs] [Times: user=0.02 sys=0.00, real=0.01 secs] 
1689.035: [GC (Allocation Failure) [PSYoungGen: 71645K->1501K(72192K)] 359025K->288881K(808960K), 0.0022003 secs] [Times: user=0.01 sys=0.00, real=0.00 secs] 
1689.346: [GC (Allocation Failure) [PSYoungGen: 71645K->1424K(71680K)] 359025K->288811K(808448K), 0.0024734 secs] [Times: user=0.01 sys=0.00, real=0.00 secs] 
1689.714: [GC (Allocation Failure) [PSYoungGen: 71568K->1376K(71680K)] 358955K->288763K(808448K), 0.0023725 secs] [Times: user=0.01 sys=0.00, real=0.01 secs] 
1690.015: [GC (Allocation Failure) [PSYoungGen: 71520K->1344K(71680K)] 358907K->288731K(808448K), 0.0020829 secs] [Times: user=0.01 sys=0.00, real=0.00 secs] 
1690.327: [GC (Allocation Failure) [PSYoungGen: 71488K->1392K(71680K)] 358875K->288795K(808448K), 0.0019541 secs] [Times: user=0.01 sys=0.00, real=0.00 secs] 
1690.599: [GC (Allocation Failure) [PSYoungGen: 71536K->1501K(71680K)] 358939K->288905K(808448K), 0.0015034 secs] [Times: user=0.01 sys=0.00, real=0.00 secs] 
1690.723: [GC (Allocation Failure) [PSYoungGen: 71617K->1501K(71680K)] 359021K->288905K(808448K), 0.0016179 secs] [Times: user=0.01 sys=0.00, real=0.01 secs] 
1690.846: [GC (Allocation Failure) [PSYoungGen: 71645K->1501K(71680K)] 359049K->288905K(808448K), 0.0015928 secs] [Times: user=0.01 sys=0.00, real=0.00 secs] 
1690.970: [GC (Allocation Failure) [PSYoungGen: 71645K->1472K(75264K)] 359049K->288892K(812032K), 0.0017256 secs] [Times: user=0.00 sys=0.00, real=0.00 secs] 
1692.282: [GC (Allocation Failure) [PSYoungGen: 74688K->1440K(74240K)] 362108K->288859K(811008K), 0.0028220 secs] [Times: user=0.01 sys=0.00, real=0.01 secs] 
1692.967: [GC (Allocation Failure) [PSYoungGen: 74144K->1376K(73728K)] 361563K->288795K(810496K), 0.0033683 secs] [Times: user=0.02 sys=0.00, real=0.00 secs] 
1693.585: [GC (Allocation Failure) [PSYoungGen: 73568K->1376K(73216K)] 360987K->288795K(809984K), 0.0025247 secs] [Times: user=0.02 sys=0.00, real=0.00 secs] 
1694.160: [GC (Allocation Failure) [PSYoungGen: 73056K->1392K(72704K)] 360475K->288811K(809472K), 0.0027746 secs] [Times: user=0.01 sys=0.00, real=0.00 secs] 
1694.482: [GC (Allocation Failure) [PSYoungGen: 72560K->1488K(72192K)] 359979K->288916K(808960K), 0.0015356 secs] [Times: user=0.01 sys=0.00, real=0.01 secs] 
1694.627: [GC (Allocation Failure) [PSYoungGen: 72144K->1469K(72192K)] 359572K->288897K(808960K), 0.0017879 secs] [Times: user=0.00 sys=0.00, real=0.00 secs] 
1694.763: [GC (Allocation Failure) [PSYoungGen: 72125K->1469K(72192K)] 359553K->288905K(808960K), 0.0016269 secs] [Times: user=0.01 sys=0.00, real=0.01 secs] 
1695.237: [GC (Allocation Failure) [PSYoungGen: 72125K->1440K(72192K)] 359561K->288875K(808960K), 0.0022206 secs] [Times: user=0.00 sys=0.00, real=0.00 secs] 
1696.302: [GC (Allocation Failure) [PSYoungGen: 72096K->1376K(72192K)] 359531K->288811K(808960K), 0.0026716 secs] [Times: user=0.02 sys=0.00, real=0.01 secs] 
1696.785: [GC (Allocation Failure) [PSYoungGen: 72032K->1376K(72192K)] 359467K->288811K(808960K), 0.0023496 secs] [Times: user=0.01 sys=0.00, real=0.00 secs] 
1697.474: [GC (Allocation Failure) [PSYoungGen: 72032K->1360K(72192K)] 359467K->288795K(808960K), 0.0037067 secs] [Times: user=0.01 sys=0.00, real=0.00 secs] 
1698.229: [GC (Allocation Failure) [PSYoungGen: 72016K->1405K(72192K)] 359451K->288841K(808960K), 0.0030959 secs] [Times: user=0.01 sys=0.00, real=0.00 secs] 
1698.429: [GC (Allocation Failure) [PSYoungGen: 72061K->1501K(72704K)] 359497K->288937K(809472K), 0.0015715 secs] [Times: user=0.01 sys=0.00, real=0.00 secs] 
1698.554: [GC (Allocation Failure) [PSYoungGen: 72157K->1501K(72704K)] 359593K->288937K(809472K), 0.0015322 secs] [Times: user=0.01 sys=0.00, real=0.00 secs] 
1698.677: [GC (Allocation Failure) [PSYoungGen: 72157K->1437K(72704K)] 359593K->288873K(809472K), 0.0016735 secs] [Times: user=0.00 sys=0.00, real=0.00 secs] 
1699.514: [GC (Allocation Failure) [PSYoungGen: 72093K->1392K(72704K)] 359529K->288827K(809472K), 0.0021613 secs] [Times: user=0.01 sys=0.00, real=0.00 secs] 
1700.499: [GC (Allocation Failure) [PSYoungGen: 72048K->1376K(72704K)] 359483K->288811K(809472K), 0.0030692 secs] [Times: user=0.01 sys=0.00, real=0.00 secs] 
1701.235: [GC (Allocation Failure) [PSYoungGen: 72032K->1328K(72704K)] 359467K->288763K(809472K), 0.0037256 secs] [Times: user=0.01 sys=0.00, real=0.00 secs] 
1702.322: [GC (Allocation Failure) [PSYoungGen: 71984K->1408K(72704K)] 359419K->288843K(809472K), 0.0031709 secs] [Times: user=0.01 sys=0.00, real=0.01 secs] 
1702.938: [GC (Allocation Failure) [PSYoungGen: 72064K->1501K(72704K)] 359499K->288937K(809472K), 0.0021997 secs] [Times: user=0.01 sys=0.00, real=0.00 secs] 
1703.095: [GC (Allocation Failure) [PSYoungGen: 72157K->1501K(72704K)] 359593K->288937K(809472K), 0.0016073 secs] [Times: user=0.00 sys=0.00, real=0.00 secs] 
1703.220: [GC (Allocation Failure) [PSYoungGen: 72157K->1469K(72704K)] 359593K->288929K(809472K), 0.0015747 secs] [Times: user=0.01 sys=0.00, real=0.00 secs] 
1703.345: [GC (Allocation Failure) [PSYoungGen: 72125K->1469K(72704K)] 359585K->288937K(809472K), 0.0016275 secs] [Times: user=0.01 sys=0.00, real=0.00 secs] 
1704.610: [GC (Allocation Failure) [PSYoungGen: 72125K->1424K(72704K)] 359593K->288891K(809472K), 0.0037432 secs] [Times: user=0.02 sys=0.00, real=0.01 secs] 
1704.908: [GC (Allocation Failure) [PSYoungGen: 72080K->1344K(72704K)] 359547K->288811K(809472K), 0.0031782 secs] [Times: user=0.01 sys=0.00, real=0.00 secs] 
1705.339: [GC (Allocation Failure) [PSYoungGen: 72000K->1344K(72704K)] 359467K->288811K(809472K), 0.0019445 secs] [Times: user=0.01 sys=0.00, real=0.00 secs] 
1706.187: [GC (Allocation Failure) [PSYoungGen: 72000K->1408K(72704K)] 359467K->288875K(809472K), 0.0038473 secs] [Times: user=0.02 sys=0.00, real=0.00 secs] 
1706.459: [GC (Allocation Failure) [PSYoungGen: 72064K->1501K(72704K)] 359531K->288969K(809472K), 0.0018879 secs] [Times: user=0.01 sys=0.00, real=0.00 secs] 
1706.590: [GC (Allocation Failure) [PSYoungGen: 72157K->1501K(72704K)] 359625K->288969K(809472K), 0.0017920 secs] [Times: user=0.01 sys=0.00, real=0.00 secs] 
1706.716: [GC (Allocation Failure) [PSYoungGen: 72157K->1440K(72704K)] 359625K->288908K(809472K), 0.0017157 secs] [Times: user=0.01 sys=0.00, real=0.00 secs] 
1707.191: [GC (Allocation Failure) [PSYoungGen: 72096K->1424K(72704K)] 359564K->288891K(809472K), 0.0033603 secs] [Times: user=0.01 sys=0.00, real=0.01 secs] 
1708.223: [GC (Allocation Failure) [PSYoungGen: 72080K->1392K(72704K)] 359547K->288859K(809472K), 0.0029900 secs] [Times: user=0.01 sys=0.00, real=0.01 secs] 
1709.138: [GC (Allocation Failure) [PSYoungGen: 72048K->1408K(72704K)] 359515K->288875K(809472K), 0.0030245 secs] [Times: user=0.01 sys=0.00, real=0.00 secs] 
1710.045: [GC (Allocation Failure) [PSYoungGen: 72064K->1408K(72704K)] 359531K->288875K(809472K), 0.0029821 secs] [Times: user=0.01 sys=0.00, real=0.00 secs] 
1710.767: [GC (Allocation Failure) [PSYoungGen: 72064K->1469K(72704K)] 359531K->288937K(809472K), 0.0021081 secs] [Times: user=0.01 sys=0.00, real=0.00 secs] 
1710.919: [GC (Allocation Failure) [PSYoungGen: 72125K->1501K(72704K)] 359593K->288969K(809472K), 0.0015759 secs] [Times: user=0.00 sys=0.00, real=0.00 secs] 
1711.046: [GC (Allocation Failure) [PSYoungGen: 72157K->1469K(72704K)] 359625K->288937K(809472K), 0.0015524 secs] [Times: user=0.00 sys=0.00, real=0.00 secs] 
1711.172: [GC (Allocation Failure) [PSYoungGen: 72125K->1472K(72704K)] 359593K->288940K(809472K), 0.0015961 secs] [Times: user=0.01 sys=0.00, real=0.00 secs] 
1711.931: [GC (Allocation Failure) [PSYoungGen: 72128K->1456K(72704K)] 359596K->288923K(809472K), 0.0018454 secs] [Times: user=0.01 sys=0.00, real=0.00 secs] 
1712.309: [GC (Allocation Failure) [PSYoungGen: 72112K->1376K(72704K)] 359579K->288867K(809472K), 0.0030516 secs] [Times: user=0.01 sys=0.00, real=0.00 secs] 
1712.835: [GC (Allocation Failure) [PSYoungGen: 72032K->1408K(72704K)] 359523K->288899K(809472K), 0.0030122 secs] [Times: user=0.01 sys=0.00, real=0.00 secs] 
1713.434: [GC (Allocation Failure) [PSYoungGen: 72064K->1376K(72704K)] 359555K->288867K(809472K), 0.0024503 secs] [Times: user=0.01 sys=0.00, real=0.00 secs] 
1713.741: [GC (Allocation Failure) [PSYoungGen: 72032K->1453K(72704K)] 359523K->288945K(809472K), 0.0018583 secs] [Times: user=0.01 sys=0.00, real=0.00 secs] 
1713.871: [GC (Allocation Failure) [PSYoungGen: 72109K->1437K(72192K)] 359601K->288929K(808960K), 0.0017177 secs] [Times: user=0.01 sys=0.00, real=0.00 secs] 
1713.997: [GC (Allocation Failure) [PSYoungGen: 72093K->1501K(71680K)] 359585K->288993K(808448K), 0.0015974 secs] [Times: user=0.01 sys=0.00, real=0.00 secs] 
1714.160: [GC (Allocation Failure) [PSYoungGen: 71645K->1968K(72192K)] 359137K->289459K(808960K), 0.0017864 secs] [Times: user=0.00 sys=0.00, real=0.00 secs] 
1714.452: [GC (Allocation Failure) [PSYoungGen: 72112K->1376K(72192K)] 359603K->288867K(808960K), 0.0016839 secs] [Times: user=0.01 sys=0.00, real=0.00 secs] 
1714.915: [GC (Allocation Failure) [PSYoungGen: 71520K->1408K(72192K)] 359011K->288899K(808960K), 0.0017819 secs] [Times: user=0.01 sys=0.00, real=0.00 secs] 
1715.440: [GC (Allocation Failure) [PSYoungGen: 71552K->1376K(72192K)] 359043K->288867K(808960K), 0.0019429 secs] [Times: user=0.01 sys=0.00, real=0.00 secs] 
1715.979: [GC (Allocation Failure) [PSYoungGen: 71520K->1469K(72192K)] 359011K->288961K(808960K), 0.0019963 secs] [Times: user=0.00 sys=0.00, real=0.00 secs] 
1716.119: [GC (Allocation Failure) [PSYoungGen: 71613K->1469K(72192K)] 359105K->288961K(808960K), 0.0015021 secs] [Times: user=0.01 sys=0.00, real=0.00 secs] 
1716.244: [GC (Allocation Failure) [PSYoungGen: 71613K->1469K(72192K)] 359105K->288961K(808960K), 0.0015410 secs] [Times: user=0.01 sys=0.00, real=0.00 secs] 
1716.369: [GC (Allocation Failure) [PSYoungGen: 71613K->1437K(72192K)] 359105K->288929K(808960K), 0.0015993 secs] [Times: user=0.00 sys=0.00, real=0.00 secs] 
1717.127: [GC (Allocation Failure) [PSYoungGen: 71581K->1440K(72192K)] 359073K->288955K(808960K), 0.0022189 secs] [Times: user=0.01 sys=0.00, real=0.00 secs] 
1717.558: [GC (Allocation Failure) [PSYoungGen: 71584K->1312K(72192K)] 359099K->288827K(808960K), 0.0020241 secs] [Times: user=0.01 sys=0.00, real=0.00 secs] 
1717.908: [GC (Allocation Failure) [PSYoungGen: 71456K->1344K(72192K)] 358971K->288859K(808960K), 0.0019738 secs] [Times: user=0.01 sys=0.00, real=0.00 secs] 
1718.236: [GC (Allocation Failure) [PSYoungGen: 71488K->1312K(72192K)] 359003K->288827K(808960K), 0.0019824 secs] [Times: user=0.01 sys=0.00, real=0.00 secs] 
1718.496: [GC (Allocation Failure) [PSYoungGen: 71456K->1469K(72192K)] 358971K->288985K(808960K), 0.0015021 secs] [Times: user=0.01 sys=0.00, real=0.00 secs] 
1718.619: [GC (Allocation Failure) [PSYoungGen: 71588K->1472K(72192K)] 359104K->288988K(808960K), 0.0016058 secs] [Times: user=0.01 sys=0.00, real=0.00 secs] 
1718.743: [GC (Allocation Failure) [PSYoungGen: 71616K->1472K(72192K)] 359132K->288988K(808960K), 0.0016510 secs] [Times: user=0.01 sys=0.00, real=0.01 secs] 
1718.865: [GC (Allocation Failure) [PSYoungGen: 71616K->1472K(72192K)] 359132K->289004K(808960K), 0.0017786 secs] [Times: user=0.01 sys=0.00, real=0.00 secs] 
1719.180: [GC (Allocation Failure) [PSYoungGen: 71616K->1408K(72192K)] 359148K->288939K(808960K), 0.0018510 secs] [Times: user=0.01 sys=0.00, real=0.00 secs] 
1719.472: [GC (Allocation Failure) [PSYoungGen: 71552K->1408K(72192K)] 359083K->288963K(808960K), 0.0017878 secs] [Times: user=0.00 sys=0.00, real=0.00 secs] 
1720.065: [GC (Allocation Failure) [PSYoungGen: 71552K->1376K(72192K)] 359107K->288931K(808960K), 0.0019814 secs] [Times: user=0.01 sys=0.00, real=0.00 secs] 
1720.624: [GC (Allocation Failure) [PSYoungGen: 71520K->1376K(72192K)] 359075K->288931K(808960K), 0.0020353 secs] [Times: user=0.01 sys=0.00, real=0.01 secs] 
1720.929: [GC (Allocation Failure) [PSYoungGen: 71520K->1533K(72192K)] 359075K->289089K(808960K), 0.0018430 secs] [Times: user=0.01 sys=0.00, real=0.00 secs] 
1721.054: [GC (Allocation Failure) [PSYoungGen: 71677K->1456K(72192K)] 359233K->289012K(808960K), 0.0016640 secs] [Times: user=0.01 sys=0.00, real=0.00 secs] 
1721.178: [GC (Allocation Failure) [PSYoungGen: 71600K->1488K(72192K)] 359156K->289044K(808960K), 0.0015469 secs] [Times: user=0.01 sys=0.00, real=0.00 secs] 
1721.302: [GC (Allocation Failure) [PSYoungGen: 71632K->1501K(72192K)] 359188K->289065K(808960K), 0.0016990 secs] [Times: user=0.01 sys=0.00, real=0.01 secs] 
1721.837: [GC (Allocation Failure) [PSYoungGen: 71645K->1408K(72192K)] 359209K->288971K(808960K), 0.0020569 secs] [Times: user=0.01 sys=0.00, real=0.00 secs] 
1722.312: [GC (Allocation Failure) [PSYoungGen: 71552K->1344K(72192K)] 359115K->288907K(808960K), 0.0033002 secs] [Times: user=0.01 sys=0.00, real=0.01 secs] 
1722.871: [GC (Allocation Failure) [PSYoungGen: 71488K->1312K(72192K)] 359051K->288875K(808960K), 0.0029141 secs] [Times: user=0.01 sys=0.00, real=0.01 secs] 
1723.558: [GC (Allocation Failure) [PSYoungGen: 71456K->1408K(72192K)] 359019K->288971K(808960K), 0.0024833 secs] [Times: user=0.01 sys=0.00, real=0.00 secs] 
1723.768: [GC (Allocation Failure) [PSYoungGen: 71552K->1456K(72192K)] 359115K->289020K(808960K), 0.0015743 secs] [Times: user=0.01 sys=0.00, real=0.00 secs] 
1723.891: [GC (Allocation Failure) [PSYoungGen: 71600K->1469K(72192K)] 359164K->289033K(808960K), 0.0017066 secs] [Times: user=0.01 sys=0.00, real=0.00 secs] 
1724.014: [GC (Allocation Failure) [PSYoungGen: 71613K->1456K(72192K)] 359177K->289020K(808960K), 0.0015750 secs] [Times: user=0.01 sys=0.00, real=0.00 secs] 
1724.302: [GC (Allocation Failure) [PSYoungGen: 71600K->1456K(72192K)] 359164K->289019K(808960K), 0.0017413 secs] [Times: user=0.00 sys=0.00, real=0.01 secs] 
1724.968: [GC (Allocation Failure) [PSYoungGen: 71600K->1376K(72192K)] 359163K->288939K(808960K), 0.0018686 secs] [Times: user=0.01 sys=0.00, real=0.00 secs] 
1725.768: [GC (Allocation Failure) [PSYoungGen: 71520K->1376K(72192K)] 359083K->288939K(808960K), 0.0025547 secs] [Times: user=0.01 sys=0.00, real=0.00 secs] 
1726.421: [GC (Allocation Failure) [PSYoungGen: 71520K->1376K(72192K)] 359083K->288939K(808960K), 0.0036384 secs] [Times: user=0.02 sys=0.00, real=0.01 secs] 
1727.020: [GC (Allocation Failure) [PSYoungGen: 71520K->1469K(72192K)] 359083K->289033K(808960K), 0.0024603 secs] [Times: user=0.01 sys=0.00, real=0.00 secs] 
1727.200: [GC (Allocation Failure) [PSYoungGen: 71591K->1501K(72192K)] 359155K->289065K(808960K), 0.0015495 secs] [Times: user=0.00 sys=0.00, real=0.00 secs] 
1727.325: [GC (Allocation Failure) [PSYoungGen: 71645K->1469K(72192K)] 359209K->289033K(808960K), 0.0016615 secs] [Times: user=0.00 sys=0.00, real=0.00 secs] 
1727.447: [GC (Allocation Failure) [PSYoungGen: 71613K->1424K(72192K)] 359177K->288988K(808960K), 0.0015637 secs] [Times: user=0.00 sys=0.00, real=0.00 secs] 
1728.435: [GC (Allocation Failure) [PSYoungGen: 71568K->1424K(72192K)] 359132K->288987K(808960K), 0.0022998 secs] [Times: user=0.01 sys=0.00, real=0.00 secs] 
1728.919: [GC (Allocation Failure) [PSYoungGen: 71568K->1408K(72192K)] 359131K->288971K(808960K), 0.0023177 secs] [Times: user=0.01 sys=0.00, real=0.00 secs] 
1729.473: [GC (Allocation Failure) [PSYoungGen: 71552K->1312K(72192K)] 359115K->288875K(808960K), 0.0032546 secs] [Times: user=0.02 sys=0.00, real=0.01 secs] 
1730.050: [GC (Allocation Failure) [PSYoungGen: 71456K->1376K(72192K)] 359019K->288939K(808960K), 0.0026209 secs] [Times: user=0.01 sys=0.00, real=0.00 secs] 
1730.474: [GC (Allocation Failure) [PSYoungGen: 71520K->1469K(72192K)] 359083K->289033K(808960K), 0.0017953 secs] [Times: user=0.00 sys=0.00, real=0.00 secs] 
1730.603: [GC (Allocation Failure) [PSYoungGen: 71600K->1469K(72192K)] 359164K->289033K(808960K), 0.0014956 secs] [Times: user=0.00 sys=0.00, real=0.01 secs] 
1730.725: [GC (Allocation Failure) [PSYoungGen: 71613K->1501K(72192K)] 359177K->289065K(808960K), 0.0016009 secs] [Times: user=0.00 sys=0.00, real=0.00 secs] 
1730.849: [GC (Allocation Failure) [PSYoungGen: 71645K->1504K(72192K)] 359209K->289084K(808960K), 0.0015912 secs] [Times: user=0.00 sys=0.00, real=0.00 secs] 
1732.536: [GC (Allocation Failure) [PSYoungGen: 71648K->1392K(72192K)] 359228K->288987K(808960K), 0.0023391 secs] [Times: user=0.00 sys=0.00, real=0.00 secs] 
1732.827: [GC (Allocation Failure) [PSYoungGen: 71536K->1408K(72192K)] 359131K->289003K(808960K), 0.0021213 secs] [Times: user=0.01 sys=0.00, real=0.00 secs] 
1733.119: [GC (Allocation Failure) [PSYoungGen: 71552K->1376K(72192K)] 359147K->288971K(808960K), 0.0019039 secs] [Times: user=0.01 sys=0.00, real=0.00 secs] 
1733.410: [GC (Allocation Failure) [PSYoungGen: 71520K->1344K(72192K)] 359115K->288939K(808960K), 0.0018674 secs] [Times: user=0.01 sys=0.00, real=0.00 secs] 
1733.597: [GC (Allocation Failure) [PSYoungGen: 71488K->1437K(72192K)] 359083K->289033K(808960K), 0.0016192 secs] [Times: user=0.01 sys=0.00, real=0.00 secs] 
1733.719: [GC (Allocation Failure) [PSYoungGen: 71581K->1469K(72192K)] 359177K->289065K(808960K), 0.0016028 secs] [Times: user=0.01 sys=0.00, real=0.00 secs] 
1733.843: [GC (Allocation Failure) [PSYoungGen: 71613K->1472K(72192K)] 359209K->289068K(808960K), 0.0016421 secs] [Times: user=0.00 sys=0.00, real=0.01 secs] 
1734.021: [GC (Allocation Failure) [PSYoungGen: 71616K->1472K(72192K)] 359212K->289067K(808960K), 0.0017386 secs] [Times: user=0.01 sys=0.00, real=0.00 secs] 
1734.313: [GC (Allocation Failure) [PSYoungGen: 71616K->1376K(72192K)] 359211K->288971K(808960K), 0.0017940 secs] [Times: user=0.00 sys=0.00, real=0.01 secs] 
1734.604: [GC (Allocation Failure) [PSYoungGen: 71520K->1392K(72192K)] 359115K->288987K(808960K), 0.0015918 secs] [Times: user=0.00 sys=0.00, real=0.00 secs] 
1734.894: [GC (Allocation Failure) [PSYoungGen: 71536K->1408K(72192K)] 359131K->289003K(808960K), 0.0016190 secs] [Times: user=0.00 sys=0.00, real=0.00 secs] 
1735.188: [GC (Allocation Failure) [PSYoungGen: 71552K->1469K(72192K)] 359147K->289065K(808960K), 0.0019244 secs] [Times: user=0.01 sys=0.01, real=0.00 secs] 
1735.346: [GC (Allocation Failure) [PSYoungGen: 71613K->1469K(72192K)] 359209K->289065K(808960K), 0.0017628 secs] [Times: user=0.00 sys=0.00, real=0.00 secs] 
1735.495: [GC (Allocation Failure) [PSYoungGen: 71613K->1533K(72192K)] 359209K->289129K(808960K), 0.0016722 secs] [Times: user=0.01 sys=0.00, real=0.00 secs] 
1735.619: [GC (Allocation Failure) [PSYoungGen: 71677K->1485K(72192K)] 359273K->289081K(808960K), 0.0014325 secs] [Times: user=0.01 sys=0.00, real=0.00 secs] 
1735.831: [GC (Allocation Failure) [PSYoungGen: 71629K->1456K(72192K)] 359225K->289051K(808960K), 0.0020481 secs] [Times: user=0.01 sys=0.00, real=0.00 secs] 
1736.156: [GC (Allocation Failure) [PSYoungGen: 71600K->1376K(72192K)] 359195K->288971K(808960K), 0.0020181 secs] [Times: user=0.00 sys=0.00, real=0.00 secs] 
1736.448: [GC (Allocation Failure) [PSYoungGen: 71520K->1408K(72192K)] 359115K->289003K(808960K), 0.0019137 secs] [Times: user=0.01 sys=0.00, real=0.00 secs] 
1736.740: [GC (Allocation Failure) [PSYoungGen: 71552K->1408K(72192K)] 359147K->289003K(808960K), 0.0018800 secs] [Times: user=0.01 sys=0.00, real=0.00 secs] 
1737.026: [GC (Allocation Failure) [PSYoungGen: 71552K->1469K(72192K)] 359147K->289065K(808960K), 0.0018390 secs] [Times: user=0.01 sys=0.00, real=0.00 secs] 
1737.154: [GC (Allocation Failure) [PSYoungGen: 71610K->1501K(72192K)] 359206K->289097K(808960K), 0.0016215 secs] [Times: user=0.00 sys=0.00, real=0.01 secs] 
1737.279: [GC (Allocation Failure) [PSYoungGen: 71645K->1469K(72192K)] 359241K->289065K(808960K), 0.0016035 secs] [Times: user=0.01 sys=0.00, real=0.00 secs] 
1737.403: [GC (Allocation Failure) [PSYoungGen: 71613K->1488K(72192K)] 359209K->289092K(808960K), 0.0015971 secs] [Times: user=0.01 sys=0.00, real=0.01 secs] 
1738.053: [GC (Allocation Failure) [PSYoungGen: 71632K->1360K(72192K)] 359236K->288963K(808960K), 0.0025517 secs] [Times: user=0.01 sys=0.00, real=0.01 secs] 
1738.709: [GC (Allocation Failure) [PSYoungGen: 71504K->1312K(72192K)] 359107K->288915K(808960K), 0.0026309 secs] [Times: user=0.01 sys=0.00, real=0.00 secs] 
1739.239: [GC (Allocation Failure) [PSYoungGen: 71456K->1376K(72192K)] 359059K->288995K(808960K), 0.0020775 secs] [Times: user=0.00 sys=0.00, real=0.00 secs] 
1739.531: [GC (Allocation Failure) [PSYoungGen: 71520K->1408K(72192K)] 359139K->289027K(808960K), 0.0019221 secs] [Times: user=0.01 sys=0.00, real=0.00 secs] 
1739.735: [GC (Allocation Failure) [PSYoungGen: 71552K->1501K(72192K)] 359171K->289121K(808960K), 0.0016313 secs] [Times: user=0.01 sys=0.00, real=0.00 secs] 
1739.858: [GC (Allocation Failure) [PSYoungGen: 71645K->1469K(72192K)] 359265K->289089K(808960K), 0.0016612 secs] [Times: user=0.01 sys=0.00, real=0.00 secs] 
1739.982: [GC (Allocation Failure) [PSYoungGen: 71613K->1469K(72192K)] 359233K->289089K(808960K), 0.0015162 secs] [Times: user=0.01 sys=0.00, real=0.00 secs] 
1740.139: [GC (Allocation Failure) [PSYoungGen: 71613K->1504K(72192K)] 359233K->289123K(808960K), 0.0016606 secs] [Times: user=0.00 sys=0.00, real=0.00 secs] 
1740.428: [GC (Allocation Failure) [PSYoungGen: 71648K->1408K(72192K)] 359267K->289027K(808960K), 0.0017412 secs] [Times: user=0.00 sys=0.00, real=0.00 secs] 
1740.719: [GC (Allocation Failure) [PSYoungGen: 71552K->1376K(72192K)] 359171K->288995K(808960K), 0.0016624 secs] [Times: user=0.01 sys=0.00, real=0.00 secs] 
1741.010: [GC (Allocation Failure) [PSYoungGen: 71520K->1312K(72192K)] 359139K->288931K(808960K), 0.0016369 secs] [Times: user=0.00 sys=0.00, real=0.00 secs] 
1741.312: [GC (Allocation Failure) [PSYoungGen: 71456K->1437K(72192K)] 359075K->289057K(808960K), 0.0016240 secs] [Times: user=0.01 sys=0.00, real=0.00 secs] 
1741.469: [GC (Allocation Failure) [PSYoungGen: 71581K->1501K(72192K)] 359201K->289121K(808960K), 0.0019351 secs] [Times: user=0.01 sys=0.00, real=0.00 secs] 
1741.627: [GC (Allocation Failure) [PSYoungGen: 71645K->1536K(72192K)] 359265K->289156K(808960K), 0.0017319 secs] [Times: user=0.00 sys=0.00, real=0.00 secs] 
1741.770: [GC (Allocation Failure) [PSYoungGen: 71680K->1469K(72192K)] 359300K->289089K(808960K), 0.0018747 secs] [Times: user=0.00 sys=0.01, real=0.00 secs] 
1742.560: [GC (Allocation Failure) [PSYoungGen: 71613K->1440K(72192K)] 359233K->289059K(808960K), 0.0036236 secs] [Times: user=0.01 sys=0.00, real=0.01 secs] 
1743.571: [GC (Allocation Failure) [PSYoungGen: 71584K->1376K(72192K)] 359203K->288995K(808960K), 0.0025902 secs] [Times: user=0.02 sys=0.00, real=0.01 secs] 
1744.415: [GC (Allocation Failure) [PSYoungGen: 71520K->1312K(72192K)] 359139K->288931K(808960K), 0.0022373 secs] [Times: user=0.00 sys=0.01, real=0.00 secs] 
1744.977: [GC (Allocation Failure) [PSYoungGen: 71456K->1312K(72192K)] 359075K->288931K(808960K), 0.0021072 secs] [Times: user=0.01 sys=0.00, real=0.00 secs] 
1745.639: [GC (Allocation Failure) [PSYoungGen: 71456K->1469K(72192K)] 359075K->289089K(808960K), 0.0023571 secs] [Times: user=0.00 sys=0.00, real=0.00 secs] 
1745.810: [GC (Allocation Failure) [PSYoungGen: 71613K->1469K(72192K)] 359232K->289089K(808960K), 0.0017207 secs] [Times: user=0.01 sys=0.00, real=0.00 secs] 
1745.959: [GC (Allocation Failure) [PSYoungGen: 71613K->1453K(72192K)] 359233K->289073K(808960K), 0.0023278 secs] [Times: user=0.00 sys=0.00, real=0.00 secs] 
1746.136: [GC (Allocation Failure) [PSYoungGen: 71597K->1469K(72192K)] 359217K->289097K(808960K), 0.0016762 secs] [Times: user=0.01 sys=0.00, real=0.00 secs] 
1746.399: [GC (Allocation Failure) [PSYoungGen: 71613K->1424K(72192K)] 359241K->289051K(808960K), 0.0027876 secs] [Times: user=0.01 sys=0.00, real=0.00 secs] 
1746.691: [GC (Allocation Failure) [PSYoungGen: 71568K->1376K(72192K)] 359195K->289003K(808960K), 0.0020646 secs] [Times: user=0.01 sys=0.00, real=0.00 secs] 
1746.983: [GC (Allocation Failure) [PSYoungGen: 71520K->1344K(72192K)] 359147K->288971K(808960K), 0.0019151 secs] [Times: user=0.01 sys=0.00, real=0.01 secs] 
1747.274: [GC (Allocation Failure) [PSYoungGen: 71488K->1408K(72192K)] 359115K->289035K(808960K), 0.0020028 secs] [Times: user=0.01 sys=0.01, real=0.00 secs] 
1747.501: [GC (Allocation Failure) [PSYoungGen: 71552K->1392K(72192K)] 359179K->289020K(808960K), 0.0015468 secs] [Times: user=0.00 sys=0.00, real=0.00 secs] 
1747.625: [GC (Allocation Failure) [PSYoungGen: 71521K->1421K(71680K)] 359149K->289049K(808448K), 0.0017782 secs] [Times: user=0.00 sys=0.00, real=0.00 secs] 
1747.749: [GC (Allocation Failure) [PSYoungGen: 71565K->1456K(71168K)] 359193K->289084K(807936K), 0.0017690 secs] [Times: user=0.01 sys=0.00, real=0.00 secs] 
1747.891: [GC (Allocation Failure) [PSYoungGen: 71088K->1485K(71680K)] 358716K->289129K(808448K), 0.0019104 secs] [Times: user=0.01 sys=0.00, real=0.00 secs] 
1748.273: [GC (Allocation Failure) [PSYoungGen: 71117K->1440K(71168K)] 358761K->289091K(807936K), 0.0026780 secs] [Times: user=0.01 sys=0.00, real=0.01 secs] 
1748.610: [GC (Allocation Failure) [PSYoungGen: 71072K->1424K(71168K)] 358723K->289075K(807936K), 0.0031726 secs] [Times: user=0.01 sys=0.01, real=0.00 secs] 
1748.902: [GC (Allocation Failure) [PSYoungGen: 71056K->1408K(71168K)] 358707K->289075K(807936K), 0.0019168 secs] [Times: user=0.01 sys=0.00, real=0.01 secs] 
1749.191: [GC (Allocation Failure) [PSYoungGen: 71040K->1376K(71168K)] 358707K->289051K(807936K), 0.0019895 secs] [Times: user=0.01 sys=0.00, real=0.00 secs] 
1749.372: [GC (Allocation Failure) [PSYoungGen: 71008K->480K(70144K)] 358683K->289212K(806912K), 0.0015452 secs] [Times: user=0.01 sys=0.00, real=0.00 secs] 
1749.495: [GC (Allocation Failure) [PSYoungGen: 70112K->477K(71680K)] 358844K->289209K(808448K), 0.0014405 secs] [Times: user=0.01 sys=0.00, real=0.00 secs] 
1749.617: [GC (Allocation Failure) [PSYoungGen: 70109K->461K(75776K)] 358841K->289193K(812544K), 0.0016833 secs] [Times: user=0.01 sys=0.00, real=0.00 secs] 
1750.659: [GC (Allocation Failure) [PSYoungGen: 74189K->1440K(74752K)] 362921K->290171K(811520K), 0.0028174 secs] [Times: user=0.01 sys=0.00, real=0.00 secs] 
1751.388: [GC (Allocation Failure) [PSYoungGen: 74656K->1440K(74240K)] 363387K->290171K(811008K), 0.0021332 secs] [Times: user=0.00 sys=0.00, real=0.00 secs] 
1752.054: [GC (Allocation Failure) [PSYoungGen: 74144K->1376K(73728K)] 362875K->290107K(810496K), 0.0032575 secs] [Times: user=0.01 sys=0.00, real=0.00 secs] 
1752.702: [GC (Allocation Failure) [PSYoungGen: 73568K->1376K(73216K)] 362299K->290107K(809984K), 0.0028780 secs] [Times: user=0.01 sys=0.00, real=0.01 secs] 
1753.211: [GC (Allocation Failure) [PSYoungGen: 73056K->1469K(72704K)] 361787K->290201K(809472K), 0.0020485 secs] [Times: user=0.01 sys=0.00, real=0.00 secs] 
1753.349: [GC (Allocation Failure) [PSYoungGen: 72637K->1533K(72192K)] 361369K->290265K(808960K), 0.0017240 secs] [Times: user=0.01 sys=0.00, real=0.00 secs] 
1753.474: [GC (Allocation Failure) [PSYoungGen: 72189K->1520K(72704K)] 360921K->290252K(809472K), 0.0015989 secs] [Times: user=0.00 sys=0.00, real=0.00 secs] 
1753.619: [GC (Allocation Failure) [PSYoungGen: 72176K->1533K(72704K)] 360908K->290265K(809472K), 0.0018477 secs] [Times: user=0.01 sys=0.00, real=0.00 secs] 
1754.368: [GC (Allocation Failure) [PSYoungGen: 72189K->1408K(72704K)] 360921K->290163K(809472K), 0.0024412 secs] [Times: user=0.01 sys=0.00, real=0.00 secs] 
1755.588: [GC (Allocation Failure) [PSYoungGen: 72064K->1376K(72704K)] 360819K->290131K(809472K), 0.0039778 secs] [Times: user=0.02 sys=0.00, real=0.00 secs] 
1756.668: [GC (Allocation Failure) [PSYoungGen: 72032K->1312K(72704K)] 360787K->290067K(809472K), 0.0040450 secs] [Times: user=0.02 sys=0.00, real=0.00 secs] 
1757.598: [GC (Allocation Failure) [PSYoungGen: 71968K->1376K(72704K)] 360723K->290131K(809472K), 0.0027025 secs] [Times: user=0.01 sys=0.00, real=0.00 secs] 
1757.965: [GC (Allocation Failure) [PSYoungGen: 72032K->1456K(72704K)] 360787K->290212K(809472K), 0.0018158 secs] [Times: user=0.00 sys=0.00, real=0.00 secs] 
1758.095: [GC (Allocation Failure) [PSYoungGen: 72112K->1501K(72704K)] 360868K->290257K(809472K), 0.0014494 secs] [Times: user=0.00 sys=0.00, real=0.00 secs] 
1758.222: [GC (Allocation Failure) [PSYoungGen: 72157K->1501K(72704K)] 360913K->290257K(809472K), 0.0017164 secs] [Times: user=0.00 sys=0.00, real=0.00 secs] 
1758.374: [GC (Allocation Failure) [PSYoungGen: 71721K->1952K(72704K)] 360477K->290707K(809472K), 0.0020227 secs] [Times: user=0.01 sys=0.00, real=0.00 secs] 
1758.667: [GC (Allocation Failure) [PSYoungGen: 72608K->1408K(72704K)] 361363K->290163K(809472K), 0.0015588 secs] [Times: user=0.01 sys=0.00, real=0.00 secs] 
1759.323: [GC (Allocation Failure) [PSYoungGen: 72064K->1376K(72704K)] 360819K->290131K(809472K), 0.0021111 secs] [Times: user=0.00 sys=0.00, real=0.01 secs] 
1760.095: [GC (Allocation Failure) [PSYoungGen: 72032K->1312K(72704K)] 360787K->290067K(809472K), 0.0019530 secs] [Times: user=0.01 sys=0.00, real=0.00 secs] 
1761.054: [GC (Allocation Failure) [PSYoungGen: 71968K->1469K(72704K)] 360723K->290225K(809472K), 0.0026800 secs] [Times: user=0.01 sys=0.00, real=0.00 secs] 
1761.251: [GC (Allocation Failure) [PSYoungGen: 72125K->1469K(72704K)] 360881K->290225K(809472K), 0.0016477 secs] [Times: user=0.01 sys=0.00, real=0.00 secs] 
1761.376: [GC (Allocation Failure) [PSYoungGen: 72125K->1437K(72704K)] 360881K->290193K(809472K), 0.0015001 secs] [Times: user=0.00 sys=0.00, real=0.00 secs] 
1761.501: [GC (Allocation Failure) [PSYoungGen: 72093K->1437K(72704K)] 360849K->290193K(809472K), 0.0015077 secs] [Times: user=0.00 sys=0.00, real=0.00 secs] 
1762.482: [GC (Allocation Failure) [PSYoungGen: 72093K->1440K(72704K)] 360849K->290195K(809472K), 0.0026771 secs] [Times: user=0.01 sys=0.00, real=0.01 secs] 
1763.052: [GC (Allocation Failure) [PSYoungGen: 72096K->1344K(72704K)] 360851K->290115K(809472K), 0.0019984 secs] [Times: user=0.01 sys=0.00, real=0.01 secs] 
1763.681: [GC (Allocation Failure) [PSYoungGen: 72000K->1408K(72704K)] 360771K->290179K(809472K), 0.0021372 secs] [Times: user=0.01 sys=0.00, real=0.00 secs] 
1764.414: [GC (Allocation Failure) [PSYoungGen: 72064K->1376K(72704K)] 360835K->290147K(809472K), 0.0027116 secs] [Times: user=0.01 sys=0.00, real=0.00 secs] 
1765.292: [GC (Allocation Failure) [PSYoungGen: 72032K->1456K(72704K)] 360803K->290236K(809472K), 0.0030216 secs] [Times: user=0.02 sys=0.00, real=0.01 secs] 
1765.493: [GC (Allocation Failure) [PSYoungGen: 72112K->1533K(72704K)] 360892K->290313K(809472K), 0.0021805 secs] [Times: user=0.01 sys=0.00, real=0.01 secs] 
1765.649: [GC (Allocation Failure) [PSYoungGen: 72189K->1501K(72704K)] 360969K->290281K(809472K), 0.0016492 secs] [Times: user=0.01 sys=0.00, real=0.00 secs] 
1765.773: [GC (Allocation Failure) [PSYoungGen: 72157K->1469K(72704K)] 360937K->290257K(809472K), 0.0016487 secs] [Times: user=0.01 sys=0.00, real=0.01 secs] 
1766.793: [GC (Allocation Failure) [PSYoungGen: 72125K->1408K(72704K)] 360913K->290195K(809472K), 0.0061770 secs] [Times: user=0.02 sys=0.00, real=0.01 secs] 
1767.554: [GC (Allocation Failure) [PSYoungGen: 72064K->1408K(72704K)] 360851K->290195K(809472K), 0.0026565 secs] [Times: user=0.01 sys=0.00, real=0.00 secs] 
1768.327: [GC (Allocation Failure) [PSYoungGen: 72064K->1360K(72704K)] 360851K->290147K(809472K), 0.0029139 secs] [Times: user=0.01 sys=0.00, real=0.00 secs] 
1768.910: [GC (Allocation Failure) [PSYoungGen: 72016K->1408K(72704K)] 360803K->290195K(809472K), 0.0020068 secs] [Times: user=0.00 sys=0.00, real=0.00 secs] 
1769.177: [GC (Allocation Failure) [PSYoungGen: 72064K->1501K(72704K)] 360851K->290289K(809472K), 0.0016161 secs] [Times: user=0.01 sys=0.00, real=0.00 secs] 
1769.304: [GC (Allocation Failure) [PSYoungGen: 72157K->1472K(72704K)] 360945K->290260K(809472K), 0.0016601 secs] [Times: user=0.00 sys=0.00, real=0.00 secs] 
1769.429: [GC (Allocation Failure) [PSYoungGen: 72128K->1501K(72704K)] 360916K->290289K(809472K), 0.0016308 secs] [Times: user=0.01 sys=0.00, real=0.00 secs] 
1769.746: [GC (Allocation Failure) [PSYoungGen: 72157K->1440K(72704K)] 360945K->290235K(809472K), 0.0018767 secs] [Times: user=0.01 sys=0.00, real=0.00 secs] 
1770.806: [GC (Allocation Failure) [PSYoungGen: 72096K->1344K(72704K)] 360891K->290139K(809472K), 0.0020984 secs] [Times: user=0.01 sys=0.00, real=0.00 secs] 
1771.664: [GC (Allocation Failure) [PSYoungGen: 72000K->1408K(72704K)] 360795K->290203K(809472K), 0.0023166 secs] [Times: user=0.01 sys=0.00, real=0.00 secs] 
1772.254: [GC (Allocation Failure) [PSYoungGen: 72064K->1408K(72704K)] 360859K->290203K(809472K), 0.0021160 secs] [Times: user=0.01 sys=0.00, real=0.00 secs] 
1772.607: [GC (Allocation Failure) [PSYoungGen: 72064K->1405K(72704K)] 360859K->290217K(809472K), 0.0018452 secs] [Times: user=0.01 sys=0.00, real=0.00 secs] 
1772.741: [GC (Allocation Failure) [PSYoungGen: 72061K->1469K(72704K)] 360873K->290281K(809472K), 0.0016249 secs] [Times: user=0.01 sys=0.00, real=0.00 secs] 
1772.865: [GC (Allocation Failure) [PSYoungGen: 72125K->1472K(72704K)] 360937K->290284K(809472K), 0.0015068 secs] [Times: user=0.01 sys=0.00, real=0.00 secs] 
1772.991: [GC (Allocation Failure) [PSYoungGen: 72128K->1501K(72704K)] 360940K->290313K(809472K), 0.0015723 secs] [Times: user=0.01 sys=0.00, real=0.00 secs] 
1773.520: [GC (Allocation Failure) [PSYoungGen: 72157K->1424K(72704K)] 360969K->290235K(809472K), 0.0021774 secs] [Times: user=0.01 sys=0.00, real=0.00 secs] 
1774.168: [GC (Allocation Failure) [PSYoungGen: 72080K->1408K(72704K)] 360891K->290219K(809472K), 0.0030080 secs] [Times: user=0.01 sys=0.00, real=0.00 secs] 
1774.536: [GC (Allocation Failure) [PSYoungGen: 72064K->1376K(72704K)] 360875K->290187K(809472K), 0.0020536 secs] [Times: user=0.01 sys=0.00, real=0.00 secs] 
1774.877: [GC (Allocation Failure) [PSYoungGen: 72032K->1344K(72704K)] 360843K->290155K(809472K), 0.0020480 secs] [Times: user=0.00 sys=0.00, real=0.00 secs] 
1775.169: [GC (Allocation Failure) [PSYoungGen: 72000K->1501K(72704K)] 360811K->290313K(809472K), 0.0016272 secs] [Times: user=0.01 sys=0.00, real=0.00 secs] 
1775.305: [GC (Allocation Failure) [PSYoungGen: 72157K->1456K(72704K)] 360969K->290268K(809472K), 0.0017074 secs] [Times: user=0.01 sys=0.00, real=0.00 secs] 
1775.449: [GC (Allocation Failure) [PSYoungGen: 72112K->1469K(72704K)] 360924K->290281K(809472K), 0.0018164 secs] [Times: user=0.00 sys=0.00, real=0.00 secs] 
1775.608: [GC (Allocation Failure) [PSYoungGen: 72125K->1453K(72704K)] 360937K->290273K(809472K), 0.0018751 secs] [Times: user=0.01 sys=0.00, real=0.00 secs] 
1777.210: [GC (Allocation Failure) [PSYoungGen: 72109K->1440K(72704K)] 360929K->290259K(809472K), 0.0035603 secs] [Times: user=0.01 sys=0.00, real=0.01 secs] 
1777.524: [GC (Allocation Failure) [PSYoungGen: 72096K->1360K(72704K)] 360915K->290179K(809472K), 0.0024280 secs] [Times: user=0.01 sys=0.00, real=0.00 secs] 
1777.978: [GC (Allocation Failure) [PSYoungGen: 72016K->1360K(72704K)] 360835K->290179K(809472K), 0.0020147 secs] [Times: user=0.01 sys=0.00, real=0.00 secs] 
1779.073: [GC (Allocation Failure) [PSYoungGen: 72016K->1437K(72704K)] 360835K->290257K(809472K), 0.0037748 secs] [Times: user=0.01 sys=0.00, real=0.01 secs] 
1779.314: [GC (Allocation Failure) [PSYoungGen: 72093K->1453K(72704K)] 360913K->290273K(809472K), 0.0019225 secs] [Times: user=0.01 sys=0.00, real=0.00 secs] 
1779.447: [GC (Allocation Failure) [PSYoungGen: 72104K->1504K(72704K)] 360924K->290324K(809472K), 0.0016812 secs] [Times: user=0.01 sys=0.00, real=0.00 secs] 
1779.573: [GC (Allocation Failure) [PSYoungGen: 72160K->1440K(72704K)] 360980K->290260K(809472K), 0.0016593 secs] [Times: user=0.00 sys=0.00, real=0.01 secs] 
1780.227: [GC (Allocation Failure) [PSYoungGen: 72096K->1424K(72704K)] 360916K->290243K(809472K), 0.0021282 secs] [Times: user=0.00 sys=0.00, real=0.00 secs] 
1781.368: [GC (Allocation Failure) [PSYoungGen: 72080K->1376K(72704K)] 360899K->290195K(809472K), 0.0027090 secs] [Times: user=0.01 sys=0.00, real=0.00 secs] 
1782.481: [GC (Allocation Failure) [PSYoungGen: 72032K->1408K(72192K)] 360851K->290227K(808960K), 0.0033117 secs] [Times: user=0.01 sys=0.00, real=0.01 secs] 
1783.288: [GC (Allocation Failure) [PSYoungGen: 72064K->1408K(72192K)] 360883K->290243K(808960K), 0.0029271 secs] [Times: user=0.01 sys=0.00, real=0.00 secs] 
1783.979: [GC (Allocation Failure) [PSYoungGen: 72064K->413K(71680K)] 360899K->290273K(808448K), 0.0022074 secs] [Times: user=0.01 sys=0.00, real=0.00 secs] 
1784.143: [GC (Allocation Failure) [PSYoungGen: 71069K->493K(72704K)] 360929K->290353K(809472K), 0.0016383 secs] [Times: user=0.01 sys=0.00, real=0.01 secs] 
1784.268: [GC (Allocation Failure) [PSYoungGen: 71149K->461K(72704K)] 361009K->290321K(809472K), 0.0015728 secs] [Times: user=0.01 sys=0.00, real=0.00 secs] 
1784.392: [GC (Allocation Failure) [PSYoungGen: 71117K->493K(72704K)] 360977K->290353K(809472K), 0.0014822 secs] [Times: user=0.00 sys=0.00, real=0.01 secs] 
1784.973: [GC (Allocation Failure) [PSYoungGen: 71149K->1440K(72704K)] 361009K->291299K(809472K), 0.0020821 secs] [Times: user=0.01 sys=0.00, real=0.01 secs] 
1785.571: [GC (Allocation Failure) [PSYoungGen: 72096K->1360K(72704K)] 361955K->291219K(809472K), 0.0025943 secs] [Times: user=0.01 sys=0.00, real=0.01 secs] 
1786.187: [GC (Allocation Failure) [PSYoungGen: 72016K->1312K(72704K)] 361875K->291171K(809472K), 0.0024473 secs] [Times: user=0.01 sys=0.00, real=0.00 secs] 
1786.715: [GC (Allocation Failure) [PSYoungGen: 71968K->1344K(72704K)] 361827K->291203K(809472K), 0.0024909 secs] [Times: user=0.01 sys=0.00, real=0.00 secs] 
1787.098: [GC (Allocation Failure) [PSYoungGen: 72000K->1437K(72704K)] 361859K->291297K(809472K), 0.0019390 secs] [Times: user=0.01 sys=0.00, real=0.00 secs] 
1787.243: [GC (Allocation Failure) [PSYoungGen: 72093K->1456K(72704K)] 361953K->291316K(809472K), 0.0015834 secs] [Times: user=0.00 sys=0.00, real=0.01 secs] 
1787.369: [GC (Allocation Failure) [PSYoungGen: 72112K->1501K(72704K)] 361972K->291361K(809472K), 0.0015535 secs] [Times: user=0.01 sys=0.00, real=0.00 secs] 
1788.007: [GC (Allocation Failure) [PSYoungGen: 72157K->1952K(72704K)] 362017K->291811K(809472K), 0.0023264 secs] [Times: user=0.01 sys=0.00, real=0.00 secs] 
1789.046: [GC (Allocation Failure) [PSYoungGen: 72608K->1408K(73216K)] 362467K->291267K(809984K), 0.0023017 secs] [Times: user=0.01 sys=0.00, real=0.00 secs] 
1789.388: [GC (Allocation Failure) [PSYoungGen: 72064K->1344K(72192K)] 361923K->291203K(808960K), 0.0020908 secs] [Times: user=0.01 sys=0.00, real=0.00 secs] 
1789.769: [GC (Allocation Failure) [PSYoungGen: 72000K->1408K(72704K)] 361859K->291267K(809472K), 0.0019956 secs] [Times: user=0.01 sys=0.01, real=0.00 secs] 
1790.166: [GC (Allocation Failure) [PSYoungGen: 72064K->1469K(72704K)] 361923K->291329K(809472K), 0.0019386 secs] [Times: user=0.00 sys=0.00, real=0.00 secs] 
1790.312: [GC (Allocation Failure) [PSYoungGen: 72125K->1501K(72704K)] 361985K->291361K(809472K), 0.0015958 secs] [Times: user=0.01 sys=0.00, real=0.01 secs] 
1790.437: [GC (Allocation Failure) [PSYoungGen: 72157K->1437K(72704K)] 362017K->291297K(809472K), 0.0015577 secs] [Times: user=0.00 sys=0.00, real=0.00 secs] 
1790.581: [GC (Allocation Failure) [PSYoungGen: 72093K->1421K(72704K)] 361953K->291281K(809472K), 0.0018947 secs] [Times: user=0.01 sys=0.00, real=0.00 secs] 
1791.148: [GC (Allocation Failure) [PSYoungGen: 72077K->1424K(72704K)] 361937K->291299K(809472K), 0.0031578 secs] [Times: user=0.02 sys=0.00, real=0.00 secs] 
1792.167: [GC (Allocation Failure) [PSYoungGen: 72080K->1344K(72704K)] 361955K->291219K(809472K), 0.0024931 secs] [Times: user=0.00 sys=0.00, real=0.00 secs] 
1792.915: [GC (Allocation Failure) [PSYoungGen: 72000K->1328K(72704K)] 361875K->291203K(809472K), 0.0025611 secs] [Times: user=0.01 sys=0.00, real=0.00 secs] 
1793.663: [GC (Allocation Failure) [PSYoungGen: 71984K->1360K(72704K)] 361859K->291235K(809472K), 0.0023287 secs] [Times: user=0.01 sys=0.00, real=0.01 secs] 
1794.155: [GC (Allocation Failure) [PSYoungGen: 72016K->1501K(72704K)] 361891K->291377K(809472K), 0.0019448 secs] [Times: user=0.01 sys=0.00, real=0.00 secs] 
1794.291: [GC (Allocation Failure) [PSYoungGen: 72157K->1440K(72704K)] 362033K->291316K(809472K), 0.0014917 secs] [Times: user=0.01 sys=0.00, real=0.00 secs] 
1794.416: [GC (Allocation Failure) [PSYoungGen: 72096K->1469K(72704K)] 361972K->291345K(809472K), 0.0015523 secs] [Times: user=0.01 sys=0.00, real=0.00 secs] 
1794.541: [GC (Allocation Failure) [PSYoungGen: 72125K->1469K(72704K)] 362001K->291353K(809472K), 0.0016128 secs] [Times: user=0.00 sys=0.00, real=0.00 secs] 
1795.843: [GC (Allocation Failure) [PSYoungGen: 72125K->1376K(72704K)] 362009K->291259K(809472K), 0.0036989 secs] [Times: user=0.01 sys=0.00, real=0.01 secs] 
1797.007: [GC (Allocation Failure) [PSYoungGen: 72032K->1376K(72704K)] 361915K->291259K(809472K), 0.0038742 secs] [Times: user=0.02 sys=0.00, real=0.00 secs] 
1798.216: [GC (Allocation Failure) [PSYoungGen: 72032K->1344K(72704K)] 361915K->291227K(809472K), 0.0041045 secs] [Times: user=0.02 sys=0.00, real=0.00 secs] 
1799.396: [GC (Allocation Failure) [PSYoungGen: 72000K->1376K(72704K)] 361883K->291259K(809472K), 0.0041905 secs] [Times: user=0.02 sys=0.00, real=0.00 secs] 
1799.702: [GC (Allocation Failure) [PSYoungGen: 72032K->1485K(72704K)] 361915K->291369K(809472K), 0.0021369 secs] [Times: user=0.01 sys=0.00, real=0.01 secs] 
1799.843: [GC (Allocation Failure) [PSYoungGen: 72141K->1501K(72704K)] 362025K->291385K(809472K), 0.0016491 secs] [Times: user=0.01 sys=0.00, real=0.01 secs] 
1799.968: [GC (Allocation Failure) [PSYoungGen: 72157K->1469K(72704K)] 362041K->291353K(809472K), 0.0015336 secs] [Times: user=0.01 sys=0.00, real=0.00 secs] 
1800.228: [GC (Allocation Failure) [PSYoungGen: 72125K->1472K(72704K)] 362009K->291355K(809472K), 0.0019775 secs] [Times: user=0.01 sys=0.00, real=0.00 secs] 
1800.532: [GC (Allocation Failure) [PSYoungGen: 72128K->1408K(72704K)] 362011K->291291K(809472K), 0.0020399 secs] [Times: user=0.01 sys=0.00, real=0.01 secs] 
1800.833: [GC (Allocation Failure) [PSYoungGen: 72064K->1376K(72704K)] 361947K->291259K(809472K), 0.0025835 secs] [Times: user=0.01 sys=0.00, real=0.01 secs] 
1801.128: [GC (Allocation Failure) [PSYoungGen: 72032K->1344K(72704K)] 361915K->291227K(809472K), 0.0016205 secs] [Times: user=0.01 sys=0.00, real=0.00 secs] 
1801.554: [GC (Allocation Failure) [PSYoungGen: 72000K->1501K(72704K)] 361883K->291393K(809472K), 0.0026482 secs] [Times: user=0.01 sys=0.00, real=0.00 secs] 
1801.767: [GC (Allocation Failure) [PSYoungGen: 72157K->1453K(72704K)] 362049K->291345K(809472K), 0.0019584 secs] [Times: user=0.01 sys=0.00, real=0.00 secs] 
1801.895: [GC (Allocation Failure) [PSYoungGen: 72109K->1469K(72704K)] 362001K->291361K(809472K), 0.0016213 secs] [Times: user=0.01 sys=0.00, real=0.00 secs] 
1802.020: [GC (Allocation Failure) [PSYoungGen: 72125K->1469K(72704K)] 362017K->291361K(809472K), 0.0016407 secs] [Times: user=0.00 sys=0.00, real=0.00 secs] 
1803.202: [GC (Allocation Failure) [PSYoungGen: 72125K->1360K(72704K)] 362017K->291267K(809472K), 0.0035911 secs] [Times: user=0.01 sys=0.00, real=0.01 secs] 
1804.103: [GC (Allocation Failure) [PSYoungGen: 72016K->1408K(72704K)] 361923K->291315K(809472K), 0.0024959 secs] [Times: user=0.01 sys=0.00, real=0.01 secs] 
1804.391: [GC (Allocation Failure) [PSYoungGen: 72064K->1408K(72704K)] 361971K->291315K(809472K), 0.0021120 secs] [Times: user=0.01 sys=0.00, real=0.00 secs] 
1804.760: [GC (Allocation Failure) [PSYoungGen: 72064K->1408K(72704K)] 361971K->291315K(809472K), 0.0019189 secs] [Times: user=0.01 sys=0.00, real=0.00 secs] 
1805.374: [GC (Allocation Failure) [PSYoungGen: 72064K->1456K(72704K)] 361971K->291364K(809472K), 0.0019387 secs] [Times: user=0.01 sys=0.00, real=0.00 secs] 
1805.517: [GC (Allocation Failure) [PSYoungGen: 72112K->1501K(72704K)] 362020K->291409K(809472K), 0.0017038 secs] [Times: user=0.01 sys=0.00, real=0.00 secs] 
1805.644: [GC (Allocation Failure) [PSYoungGen: 72157K->1469K(72704K)] 362065K->291377K(809472K), 0.0016055 secs] [Times: user=0.00 sys=0.00, real=0.00 secs] 
1805.791: [GC (Allocation Failure) [PSYoungGen: 72125K->224K(72704K)] 362033K->290147K(809472K), 0.0016710 secs] [Times: user=0.01 sys=0.00, real=0.00 secs] 
1807.068: [GC (Allocation Failure) [PSYoungGen: 70880K->1408K(72704K)] 360803K->291331K(809472K), 0.0029454 secs] [Times: user=0.01 sys=0.00, real=0.00 secs] 
1808.319: [GC (Allocation Failure) [PSYoungGen: 72064K->1360K(72704K)] 361987K->291283K(809472K), 0.0024827 secs] [Times: user=0.01 sys=0.00, real=0.00 secs] 
1809.125: [GC (Allocation Failure) [PSYoungGen: 72016K->1376K(72704K)] 361939K->291299K(809472K), 0.0023871 secs] [Times: user=0.01 sys=0.00, real=0.00 secs] 
1809.845: [GC (Allocation Failure) [PSYoungGen: 72032K->1469K(72704K)] 361955K->291393K(809472K), 0.0021707 secs] [Times: user=0.01 sys=0.00, real=0.00 secs] 
1810.015: [GC (Allocation Failure) [PSYoungGen: 72125K->1469K(72704K)] 362049K->291393K(809472K), 0.0017554 secs] [Times: user=0.01 sys=0.00, real=0.00 secs] 
1810.160: [GC (Allocation Failure) [PSYoungGen: 72120K->1456K(72704K)] 362044K->291388K(809472K), 0.0018955 secs] [Times: user=0.00 sys=0.00, real=0.00 secs] 
1810.327: [GC (Allocation Failure) [PSYoungGen: 72112K->1469K(72704K)] 362044K->291401K(809472K), 0.0015934 secs] [Times: user=0.01 sys=0.00, real=0.00 secs] 
1810.822: [GC (Allocation Failure) [PSYoungGen: 72125K->1440K(72704K)] 362057K->291371K(809472K), 0.0027707 secs] [Times: user=0.01 sys=0.00, real=0.01 secs] 
1811.373: [GC (Allocation Failure) [PSYoungGen: 72096K->1408K(72704K)] 362027K->291339K(809472K), 0.0020828 secs] [Times: user=0.01 sys=0.00, real=0.01 secs] 
1811.759: [GC (Allocation Failure) [PSYoungGen: 72064K->1344K(72704K)] 361995K->291275K(809472K), 0.0019928 secs] [Times: user=0.00 sys=0.00, real=0.00 secs] 
1812.374: [GC (Allocation Failure) [PSYoungGen: 72000K->1376K(72704K)] 361931K->291323K(809472K), 0.0024408 secs] [Times: user=0.01 sys=0.00, real=0.00 secs] 
1812.973: [GC (Allocation Failure) [PSYoungGen: 72032K->1421K(72704K)] 361979K->291377K(809472K), 0.0021817 secs] [Times: user=0.00 sys=0.00, real=0.01 secs] 
1813.166: [GC (Allocation Failure) [PSYoungGen: 72077K->1488K(72704K)] 362033K->291444K(809472K), 0.0022817 secs] [Times: user=0.01 sys=0.00, real=0.00 secs] 
1813.327: [GC (Allocation Failure) [PSYoungGen: 72144K->1469K(72704K)] 362100K->291425K(809472K), 0.0016037 secs] [Times: user=0.01 sys=0.00, real=0.00 secs] 
1813.452: [GC (Allocation Failure) [PSYoungGen: 72125K->1501K(72704K)] 362081K->291457K(809472K), 0.0017304 secs] [Times: user=0.01 sys=0.00, real=0.00 secs] 
1813.737: [GC (Allocation Failure) [PSYoungGen: 72157K->1408K(72704K)] 362113K->291363K(809472K), 0.0020101 secs] [Times: user=0.01 sys=0.00, real=0.00 secs] 
1814.031: [GC (Allocation Failure) [PSYoungGen: 72064K->1376K(72704K)] 362019K->291331K(809472K), 0.0019521 secs] [Times: user=0.01 sys=0.00, real=0.00 secs] 
1814.324: [GC (Allocation Failure) [PSYoungGen: 72032K->1360K(72704K)] 361987K->291323K(809472K), 0.0017427 secs] [Times: user=0.01 sys=0.00, real=0.00 secs] 
1814.617: [GC (Allocation Failure) [PSYoungGen: 72016K->1376K(72704K)] 361979K->291339K(809472K), 0.0021216 secs] [Times: user=0.01 sys=0.00, real=0.00 secs] 
1814.838: [GC (Allocation Failure) [PSYoungGen: 72032K->1501K(72704K)] 361995K->291465K(809472K), 0.0017275 secs] [Times: user=0.01 sys=0.00, real=0.00 secs] 
1814.965: [GC (Allocation Failure) [PSYoungGen: 72157K->1437K(72704K)] 362121K->291401K(809472K), 0.0016425 secs] [Times: user=0.01 sys=0.00, real=0.00 secs] 
1815.092: [GC (Allocation Failure) [PSYoungGen: 72093K->1501K(72704K)] 362057K->291465K(809472K), 0.0015291 secs] [Times: user=0.01 sys=0.00, real=0.00 secs] 
1815.560: [GC (Allocation Failure) [PSYoungGen: 72157K->1440K(72704K)] 362121K->291403K(809472K), 0.0032147 secs] [Times: user=0.01 sys=0.00, real=0.00 secs] 
1816.720: [GC (Allocation Failure) [PSYoungGen: 72096K->1344K(72704K)] 362059K->291307K(809472K), 0.0035200 secs] [Times: user=0.01 sys=0.00, real=0.01 secs] 
1817.996: [GC (Allocation Failure) [PSYoungGen: 72000K->1408K(72704K)] 361963K->291371K(809472K), 0.0112753 secs] [Times: user=0.04 sys=0.01, real=0.01 secs] 
1819.015: [GC (Allocation Failure) [PSYoungGen: 72064K->1376K(72704K)] 362027K->291339K(809472K), 0.0027884 secs] [Times: user=0.01 sys=0.00, real=0.00 secs] 
1819.845: [GC (Allocation Failure) [PSYoungGen: 72032K->1392K(72704K)] 361995K->291356K(809472K), 0.0023351 secs] [Times: user=0.00 sys=0.00, real=0.00 secs] 
1820.015: [GC (Allocation Failure) [PSYoungGen: 72048K->1469K(72704K)] 362012K->291433K(809472K), 0.0015767 secs] [Times: user=0.00 sys=0.00, real=0.00 secs] 
1820.141: [GC (Allocation Failure) [PSYoungGen: 72125K->1469K(72704K)] 362089K->291433K(809472K), 0.0016168 secs] [Times: user=0.01 sys=0.00, real=0.00 secs] 
1820.266: [GC (Allocation Failure) [PSYoungGen: 72125K->1501K(72704K)] 362089K->291465K(809472K), 0.0016138 secs] [Times: user=0.01 sys=0.00, real=0.00 secs] 
1822.417: [GC (Allocation Failure) [PSYoungGen: 72157K->1424K(72704K)] 362121K->291387K(809472K), 0.0042083 secs] [Times: user=0.01 sys=0.00, real=0.00 secs] 
1823.242: [GC (Allocation Failure) [PSYoungGen: 72080K->1376K(72704K)] 362043K->291339K(809472K), 0.0023279 secs] [Times: user=0.01 sys=0.00, real=0.01 secs] 
1823.866: [GC (Allocation Failure) [PSYoungGen: 72032K->1376K(72704K)] 361995K->291339K(809472K), 0.0020886 secs] [Times: user=0.00 sys=0.00, real=0.00 secs] 
1824.649: [GC (Allocation Failure) [PSYoungGen: 72032K->1376K(72704K)] 361995K->291339K(809472K), 0.0020570 secs] [Times: user=0.01 sys=0.00, real=0.00 secs] 
1825.432: [GC (Allocation Failure) [PSYoungGen: 72032K->1533K(72704K)] 361995K->291505K(809472K), 0.0023181 secs] [Times: user=0.00 sys=0.00, real=0.01 secs] 
1825.590: [GC (Allocation Failure) [PSYoungGen: 72189K->1469K(72704K)] 362161K->291441K(809472K), 0.0016350 secs] [Times: user=0.01 sys=0.00, real=0.00 secs] 
1825.715: [GC (Allocation Failure) [PSYoungGen: 72114K->1501K(72704K)] 362086K->291473K(809472K), 0.0017118 secs] [Times: user=0.00 sys=0.00, real=0.00 secs] 
1825.861: [GC (Allocation Failure) [PSYoungGen: 72157K->1501K(72704K)] 362129K->291489K(809472K), 0.0018142 secs] [Times: user=0.01 sys=0.00, real=0.00 secs] 
1827.125: [GC (Allocation Failure) [PSYoungGen: 72157K->1440K(72704K)] 362145K->291427K(809472K), 0.0029365 secs] [Times: user=0.01 sys=0.00, real=0.00 secs] 
1827.873: [GC (Allocation Failure) [PSYoungGen: 72096K->1376K(72704K)] 362083K->291363K(809472K), 0.0038995 secs] [Times: user=0.01 sys=0.00, real=0.01 secs] 
1828.645: [GC (Allocation Failure) [PSYoungGen: 72032K->1376K(72704K)] 362019K->291363K(809472K), 0.0025408 secs] [Times: user=0.01 sys=0.00, real=0.00 secs] 
1829.451: [GC (Allocation Failure) [PSYoungGen: 72032K->1376K(72704K)] 362019K->291363K(809472K), 0.0022827 secs] [Times: user=0.01 sys=0.00, real=0.00 secs] 
1829.792: [GC (Allocation Failure) [PSYoungGen: 72032K->1501K(72704K)] 362019K->291489K(809472K), 0.0016001 secs] [Times: user=0.01 sys=0.00, real=0.00 secs] 
1829.916: [GC (Allocation Failure) [PSYoungGen: 72157K->1501K(72704K)] 362145K->291489K(809472K), 0.0016041 secs] [Times: user=0.01 sys=0.00, real=0.00 secs] 
1830.042: [GC (Allocation Failure) [PSYoungGen: 72157K->1469K(72704K)] 362145K->291457K(809472K), 0.0015752 secs] [Times: user=0.01 sys=0.00, real=0.00 secs] 
1830.431: [GC (Allocation Failure) [PSYoungGen: 72125K->1440K(72704K)] 362113K->291427K(809472K), 0.0018736 secs] [Times: user=0.00 sys=0.00, real=0.00 secs] 
1831.171: [GC (Allocation Failure) [PSYoungGen: 72096K->1376K(72704K)] 362083K->291363K(809472K), 0.0024619 secs] [Times: user=0.01 sys=0.00, real=0.00 secs] 
1831.815: [GC (Allocation Failure) [PSYoungGen: 72032K->1344K(72704K)] 362019K->291331K(809472K), 0.0021133 secs] [Times: user=0.01 sys=0.00, real=0.00 secs] 
1832.919: [GC (Allocation Failure) [PSYoungGen: 72000K->1360K(72704K)] 361987K->291363K(809472K), 0.0022513 secs] [Times: user=0.01 sys=0.00, real=0.00 secs] 
1833.957: [GC (Allocation Failure) [PSYoungGen: 72006K->1456K(72704K)] 362010K->291460K(809472K), 0.0022295 secs] [Times: user=0.01 sys=0.00, real=0.00 secs] 
1834.121: [GC (Allocation Failure) [PSYoungGen: 72112K->1469K(72704K)] 362116K->291473K(809472K), 0.0015289 secs] [Times: user=0.01 sys=0.00, real=0.00 secs] 
1834.264: [GC (Allocation Failure) [PSYoungGen: 72125K->1533K(72704K)] 362129K->291537K(809472K), 0.0017964 secs] [Times: user=0.01 sys=0.00, real=0.01 secs] 
1834.421: [GC (Allocation Failure) [PSYoungGen: 72189K->1469K(72704K)] 362193K->291473K(809472K), 0.0016781 secs] [Times: user=0.00 sys=0.00, real=0.00 secs] 
1834.986: [GC (Allocation Failure) [PSYoungGen: 72125K->1424K(72704K)] 362129K->291427K(809472K), 0.0020584 secs] [Times: user=0.01 sys=0.00, real=0.00 secs] 
1835.372: [GC (Allocation Failure) [PSYoungGen: 72080K->1376K(72704K)] 362083K->291379K(809472K), 0.0020285 secs] [Times: user=0.01 sys=0.00, real=0.01 secs] 
1835.668: [GC (Allocation Failure) [PSYoungGen: 72032K->1328K(72704K)] 362035K->291331K(809472K), 0.0018699 secs] [Times: user=0.00 sys=0.00, real=0.00 secs] 
1835.986: [GC (Allocation Failure) [PSYoungGen: 71984K->1408K(72704K)] 361987K->291411K(809472K), 0.0020233 secs] [Times: user=0.01 sys=0.00, real=0.00 secs] 
1836.364: [GC (Allocation Failure) [PSYoungGen: 72064K->1437K(72704K)] 362067K->291441K(809472K), 0.0021551 secs] [Times: user=0.01 sys=0.00, real=0.00 secs] 
1836.518: [GC (Allocation Failure) [PSYoungGen: 72093K->1440K(72704K)] 362097K->291444K(809472K), 0.0016350 secs] [Times: user=0.01 sys=0.00, real=0.00 secs] 
1836.645: [GC (Allocation Failure) [PSYoungGen: 72096K->1501K(72704K)] 362100K->291505K(809472K), 0.0015954 secs] [Times: user=0.00 sys=0.00, real=0.00 secs] 
1836.930: [GC (Allocation Failure) [PSYoungGen: 72157K->1536K(72704K)] 362161K->291539K(809472K), 0.0018806 secs] [Times: user=0.01 sys=0.00, real=0.00 secs] 
1838.522: [GC (Allocation Failure) [PSYoungGen: 72192K->1376K(72704K)] 362195K->291379K(809472K), 0.0036482 secs] [Times: user=0.01 sys=0.00, real=0.01 secs] 
1839.242: [GC (Allocation Failure) [PSYoungGen: 72032K->1408K(72704K)] 362035K->291411K(809472K), 0.0027383 secs] [Times: user=0.01 sys=0.00, real=0.01 secs] 
1840.025: [GC (Allocation Failure) [PSYoungGen: 72064K->1376K(72704K)] 362067K->291379K(809472K), 0.0021679 secs] [Times: user=0.01 sys=0.00, real=0.00 secs] 
1841.207: [GC (Allocation Failure) [PSYoungGen: 72032K->1389K(72704K)] 362035K->291393K(809472K), 0.0066527 secs] [Times: user=0.02 sys=0.00, real=0.01 secs] 
1841.475: [GC (Allocation Failure) [PSYoungGen: 72045K->1437K(72704K)] 362049K->291441K(809472K), 0.0019763 secs] [Times: user=0.01 sys=0.00, real=0.00 secs] 
1841.611: [GC (Allocation Failure) [PSYoungGen: 72093K->1469K(72704K)] 362097K->291473K(809472K), 0.0016330 secs] [Times: user=0.01 sys=0.00, real=0.00 secs] 
1841.735: [GC (Allocation Failure) [PSYoungGen: 72125K->1501K(72704K)] 362129K->291505K(809472K), 0.0015068 secs] [Times: user=0.01 sys=0.00, real=0.00 secs] 
1842.609: [GC (Allocation Failure) [PSYoungGen: 72157K->1424K(72704K)] 362161K->291435K(809472K), 0.0031828 secs] [Times: user=0.01 sys=0.00, real=0.00 secs] 
1843.388: [GC (Allocation Failure) [PSYoungGen: 72080K->1376K(72704K)] 362091K->291387K(809472K), 0.0021787 secs] [Times: user=0.01 sys=0.00, real=0.00 secs] 
1843.698: [GC (Allocation Failure) [PSYoungGen: 72032K->1408K(72704K)] 362043K->291419K(809472K), 0.0019699 secs] [Times: user=0.01 sys=0.00, real=0.00 secs] 
1844.096: [GC (Allocation Failure) [PSYoungGen: 72064K->1376K(72704K)] 362075K->291387K(809472K), 0.0020259 secs] [Times: user=0.01 sys=0.00, real=0.00 secs] 
1844.436: [GC (Allocation Failure) [PSYoungGen: 72032K->1437K(72704K)] 362043K->291449K(809472K), 0.0024364 secs] [Times: user=0.01 sys=0.00, real=0.00 secs] 
1844.609: [GC (Allocation Failure) [PSYoungGen: 72093K->1501K(72704K)] 362105K->291513K(809472K), 0.0016314 secs] [Times: user=0.00 sys=0.00, real=0.00 secs] 
1844.736: [GC (Allocation Failure) [PSYoungGen: 72140K->1469K(72704K)] 362152K->291481K(809472K), 0.0016344 secs] [Times: user=0.01 sys=0.00, real=0.00 secs] 
1844.861: [GC (Allocation Failure) [PSYoungGen: 72105K->1501K(72704K)] 362117K->291529K(809472K), 0.0016458 secs] [Times: user=0.01 sys=0.00, real=0.00 secs] 
1846.305: [GC (Allocation Failure) [PSYoungGen: 72157K->1360K(72704K)] 362185K->291387K(809472K), 0.0024462 secs] [Times: user=0.01 sys=0.00, real=0.00 secs] 
1846.629: [GC (Allocation Failure) [PSYoungGen: 72016K->1376K(72704K)] 362043K->291403K(809472K), 0.0019194 secs] [Times: user=0.01 sys=0.00, real=0.00 secs] 
1846.923: [GC (Allocation Failure) [PSYoungGen: 72032K->1376K(72704K)] 362059K->291403K(809472K), 0.0019491 secs] [Times: user=0.01 sys=0.00, real=0.01 secs] 
1847.365: [GC (Allocation Failure) [PSYoungGen: 72032K->1376K(72704K)] 362059K->291403K(809472K), 0.0020886 secs] [Times: user=0.00 sys=0.01, real=0.00 secs] 
1847.674: [GC (Allocation Failure) [PSYoungGen: 72032K->1533K(72704K)] 362059K->291561K(809472K), 0.0019624 secs] [Times: user=0.01 sys=0.00, real=0.00 secs] 
1847.846: [GC (Allocation Failure) [PSYoungGen: 72189K->1485K(72704K)] 362217K->291513K(809472K), 0.0019616 secs] [Times: user=0.01 sys=0.00, real=0.00 secs] 
1848.019: [GC (Allocation Failure) [PSYoungGen: 72141K->1453K(72704K)] 362169K->291481K(809472K), 0.0022221 secs] [Times: user=0.00 sys=0.00, real=0.00 secs] 
1848.325: [GC (Allocation Failure) [PSYoungGen: 72109K->1456K(72704K)] 362137K->291483K(809472K), 0.0019945 secs] [Times: user=0.01 sys=0.00, real=0.00 secs] 
1848.817: [GC (Allocation Failure) [PSYoungGen: 72112K->1376K(72704K)] 362139K->291403K(809472K), 0.0024000 secs] [Times: user=0.01 sys=0.00, real=0.00 secs] 
1849.390: [GC (Allocation Failure) [PSYoungGen: 72032K->1408K(72704K)] 362059K->291435K(809472K), 0.0023753 secs] [Times: user=0.01 sys=0.00, real=0.00 secs] 
1849.998: [GC (Allocation Failure) [PSYoungGen: 72064K->1344K(72704K)] 362091K->291371K(809472K), 0.0022561 secs] [Times: user=0.01 sys=0.00, real=0.00 secs] 
1850.575: [GC (Allocation Failure) [PSYoungGen: 72000K->1405K(72704K)] 362027K->291433K(809472K), 0.0026683 secs] [Times: user=0.01 sys=0.00, real=0.00 secs] 
1850.770: [GC (Allocation Failure) [PSYoungGen: 72061K->1437K(72704K)] 362089K->291465K(809472K), 0.0016428 secs] [Times: user=0.01 sys=0.00, real=0.00 secs] 
1850.894: [GC (Allocation Failure) [PSYoungGen: 72093K->1469K(72704K)] 362121K->291521K(809472K), 0.0016234 secs] [Times: user=0.00 sys=0.00, real=0.00 secs] 
1851.019: [GC (Allocation Failure) [PSYoungGen: 72125K->1469K(72704K)] 362177K->291521K(809472K), 0.0016589 secs] [Times: user=0.00 sys=0.00, real=0.00 secs] 
1851.623: [GC (Allocation Failure) [PSYoungGen: 72125K->1440K(72704K)] 362177K->291491K(809472K), 0.0018806 secs] [Times: user=0.01 sys=0.00, real=0.01 secs] 
1852.393: [GC (Allocation Failure) [PSYoungGen: 72096K->1376K(72704K)] 362147K->291427K(809472K), 0.0025809 secs] [Times: user=0.01 sys=0.00, real=0.01 secs] 
1853.285: [GC (Allocation Failure) [PSYoungGen: 72032K->1376K(72704K)] 362083K->291427K(809472K), 0.0025546 secs] [Times: user=0.01 sys=0.00, real=0.00 secs] 
1854.779: [GC (Allocation Failure) [PSYoungGen: 72032K->1408K(72192K)] 362083K->291459K(808960K), 0.0031465 secs] [Times: user=0.01 sys=0.00, real=0.00 secs] 
1855.744: [GC (Allocation Failure) [PSYoungGen: 72064K->1456K(72192K)] 362115K->291508K(808960K), 0.0020724 secs] [Times: user=0.01 sys=0.00, real=0.00 secs] 
1855.924: [GC (Allocation Failure) [PSYoungGen: 72112K->464K(71680K)] 362164K->291540K(808448K), 0.0020202 secs] [Times: user=0.01 sys=0.00, real=0.01 secs] 
1856.115: [GC (Allocation Failure) [PSYoungGen: 71120K->429K(72704K)] 362196K->291505K(809472K), 0.0022847 secs] [Times: user=0.01 sys=0.00, real=0.00 secs] 
1856.273: [GC (Allocation Failure) [PSYoungGen: 71085K->445K(72704K)] 362161K->291537K(809472K), 0.0016473 secs] [Times: user=0.01 sys=0.00, real=0.01 secs] 
1856.662: [GC (Allocation Failure) [PSYoungGen: 71101K->1408K(72704K)] 362193K->292499K(809472K), 0.0020947 secs] [Times: user=0.01 sys=0.00, real=0.01 secs] 
1857.059: [GC (Allocation Failure) [PSYoungGen: 72064K->1408K(72704K)] 363155K->292499K(809472K), 0.0019891 secs] [Times: user=0.01 sys=0.00, real=0.00 secs] 
1857.352: [GC (Allocation Failure) [PSYoungGen: 72064K->1376K(72704K)] 363155K->292467K(809472K), 0.0020465 secs] [Times: user=0.01 sys=0.00, real=0.01 secs] 
1857.677: [GC (Allocation Failure) [PSYoungGen: 72032K->1376K(72704K)] 363123K->292467K(809472K), 0.0018256 secs] [Times: user=0.01 sys=0.00, real=0.00 secs] 
1857.841: [GC (Allocation Failure) [PSYoungGen: 72032K->1488K(72704K)] 363123K->292580K(809472K), 0.0015864 secs] [Times: user=0.01 sys=0.00, real=0.00 secs] 
1857.966: [GC (Allocation Failure) [PSYoungGen: 72144K->1469K(72704K)] 363236K->292561K(809472K), 0.0015443 secs] [Times: user=0.00 sys=0.00, real=0.00 secs] 
1858.092: [GC (Allocation Failure) [PSYoungGen: 72125K->1469K(72704K)] 363217K->292561K(809472K), 0.0015667 secs] [Times: user=0.00 sys=0.00, real=0.00 secs] 
1858.365: [GC (Allocation Failure) [PSYoungGen: 72125K->1440K(72704K)] 363217K->292531K(809472K), 0.0017361 secs] [Times: user=0.00 sys=0.00, real=0.00 secs] 
1858.658: [GC (Allocation Failure) [PSYoungGen: 72096K->1376K(72704K)] 363187K->292467K(809472K), 0.0017546 secs] [Times: user=0.01 sys=0.00, real=0.00 secs] 
1858.951: [GC (Allocation Failure) [PSYoungGen: 72032K->1408K(72704K)] 363123K->292499K(809472K), 0.0017175 secs] [Times: user=0.00 sys=0.00, real=0.00 secs] 
1859.243: [GC (Allocation Failure) [PSYoungGen: 72064K->1408K(72704K)] 363155K->292515K(809472K), 0.0016453 secs] [Times: user=0.01 sys=0.00, real=0.01 secs] 
1859.562: [GC (Allocation Failure) [PSYoungGen: 72064K->1469K(72704K)] 363171K->292577K(809472K), 0.0018120 secs] [Times: user=0.00 sys=0.00, real=0.00 secs] 
1859.690: [GC (Allocation Failure) [PSYoungGen: 72125K->1488K(72704K)] 363233K->292596K(809472K), 0.0016254 secs] [Times: user=0.01 sys=0.00, real=0.00 secs] 
1859.815: [GC (Allocation Failure) [PSYoungGen: 72144K->1501K(72704K)] 363252K->292609K(809472K), 0.0015839 secs] [Times: user=0.01 sys=0.00, real=0.00 secs] 
1859.939: [GC (Allocation Failure) [PSYoungGen: 72157K->1440K(72704K)] 363265K->292548K(809472K), 0.0016697 secs] [Times: user=0.01 sys=0.00, real=0.00 secs] 
1860.806: [GC (Allocation Failure) [PSYoungGen: 72096K->1408K(72192K)] 363204K->292523K(808960K), 0.0035000 secs] [Times: user=0.01 sys=0.00, real=0.00 secs] 
1861.747: [GC (Allocation Failure) [PSYoungGen: 72064K->1344K(72192K)] 363179K->292459K(808960K), 0.0042425 secs] [Times: user=0.01 sys=0.00, real=0.00 secs] 
1862.772: [GC (Allocation Failure) [PSYoungGen: 72000K->1376K(72192K)] 363115K->292491K(808960K), 0.0038297 secs] [Times: user=0.01 sys=0.00, real=0.01 secs] 
1863.756: [GC (Allocation Failure) [PSYoungGen: 72032K->1312K(72192K)] 363147K->292427K(808960K), 0.0030196 secs] [Times: user=0.01 sys=0.00, real=0.00 secs] 
1864.153: [GC (Allocation Failure) [PSYoungGen: 71968K->1469K(72192K)] 363083K->292585K(808960K), 0.0018741 secs] [Times: user=0.01 sys=0.00, real=0.01 secs] 
1864.321: [GC (Allocation Failure) [PSYoungGen: 72125K->1453K(72192K)] 363241K->292569K(808960K), 0.0020143 secs] [Times: user=0.00 sys=0.00, real=0.00 secs] 
1864.479: [GC (Allocation Failure) [PSYoungGen: 72109K->1469K(72192K)] 363225K->292585K(808960K), 0.0018549 secs] [Times: user=0.01 sys=0.00, real=0.00 secs] 
1865.208: [GC (Allocation Failure) [PSYoungGen: 72125K->1744K(72704K)] 363241K->292859K(809472K), 0.0023104 secs] [Times: user=0.01 sys=0.00, real=0.00 secs] 
1866.159: [GC (Allocation Failure) [PSYoungGen: 72400K->352K(71168K)] 363515K->292491K(807936K), 0.0038947 secs] [Times: user=0.02 sys=0.00, real=0.00 secs] 
1866.831: [GC (Allocation Failure) [PSYoungGen: 71008K->352K(72704K)] 363147K->292491K(809472K), 0.0028729 secs] [Times: user=0.01 sys=0.00, real=0.00 secs] 
1867.549: [GC (Allocation Failure) [PSYoungGen: 71008K->288K(72192K)] 363147K->292427K(808960K), 0.0027975 secs] [Times: user=0.01 sys=0.00, real=0.00 secs] 
1868.578: [GC (Allocation Failure) [PSYoungGen: 70944K->1469K(73216K)] 363083K->293609K(809984K), 0.0030389 secs] [Times: user=0.01 sys=0.00, real=0.00 secs] 
1868.783: [GC (Allocation Failure) [PSYoungGen: 72125K->1533K(73216K)] 364265K->293673K(809984K), 0.0017891 secs] [Times: user=0.01 sys=0.00, real=0.01 secs] 
1868.907: [GC (Allocation Failure) [PSYoungGen: 72189K->1501K(73216K)] 364329K->293641K(809984K), 0.0016676 secs] [Times: user=0.01 sys=0.00, real=0.00 secs] 
1869.032: [GC (Allocation Failure) [PSYoungGen: 72157K->1469K(73216K)] 364297K->293609K(809984K), 0.0015609 secs] [Times: user=0.00 sys=0.00, real=0.00 secs] 
1869.857: [GC (Allocation Failure) [PSYoungGen: 72125K->1392K(73216K)] 364265K->293531K(809984K), 0.0020407 secs] [Times: user=0.01 sys=0.00, real=0.00 secs] 
1871.218: [GC (Allocation Failure) [PSYoungGen: 72048K->1376K(73216K)] 364187K->293515K(809984K), 0.0034579 secs] [Times: user=0.01 sys=0.00, real=0.00 secs] 
1872.054: [GC (Allocation Failure) [PSYoungGen: 72032K->1408K(73216K)] 364171K->293547K(809984K), 0.0028357 secs] [Times: user=0.01 sys=0.00, real=0.00 secs] 
1872.635: [GC (Allocation Failure) [PSYoungGen: 72064K->1408K(72192K)] 364203K->293547K(808960K), 0.0025851 secs] [Times: user=0.01 sys=0.00, real=0.00 secs] 
1872.901: [GC (Allocation Failure) [PSYoungGen: 72064K->1440K(72704K)] 364203K->293580K(809472K), 0.0014815 secs] [Times: user=0.00 sys=0.00, real=0.00 secs] 
1873.027: [GC (Allocation Failure) [PSYoungGen: 72096K->1469K(72704K)] 364236K->293609K(809472K), 0.0015850 secs] [Times: user=0.01 sys=0.00, real=0.00 secs] 
1873.153: [GC (Allocation Failure) [PSYoungGen: 72125K->1501K(72704K)] 364265K->293641K(809472K), 0.0015984 secs] [Times: user=0.01 sys=0.00, real=0.01 secs] 
1873.299: [GC (Allocation Failure) [PSYoungGen: 72157K->1421K(72704K)] 364297K->293577K(809472K), 0.0018452 secs] [Times: user=0.00 sys=0.00, real=0.00 secs] 
1874.092: [GC (Allocation Failure) [PSYoungGen: 72077K->1360K(72704K)] 364233K->293515K(809472K), 0.0024306 secs] [Times: user=0.01 sys=0.00, real=0.01 secs] 
1874.833: [GC (Allocation Failure) [PSYoungGen: 72016K->1408K(72704K)] 364171K->293563K(809472K), 0.0029621 secs] [Times: user=0.01 sys=0.00, real=0.01 secs] 
1875.601: [GC (Allocation Failure) [PSYoungGen: 72064K->1312K(72704K)] 364219K->293467K(809472K), 0.0027852 secs] [Times: user=0.01 sys=0.00, real=0.00 secs] 
1876.173: [GC (Allocation Failure) [PSYoungGen: 71968K->1360K(72704K)] 364123K->293515K(809472K), 0.0022924 secs] [Times: user=0.01 sys=0.00, real=0.01 secs] 
1876.416: [GC (Allocation Failure) [PSYoungGen: 72016K->1469K(72704K)] 364171K->293625K(809472K), 0.0016545 secs] [Times: user=0.01 sys=0.00, real=0.00 secs] 
1876.563: [GC (Allocation Failure) [PSYoungGen: 72125K->1453K(72704K)] 364281K->293609K(809472K), 0.0018818 secs] [Times: user=0.01 sys=0.00, real=0.01 secs] 
1876.720: [GC (Allocation Failure) [PSYoungGen: 72109K->1440K(72704K)] 364265K->293596K(809472K), 0.0017394 secs] [Times: user=0.01 sys=0.00, real=0.00 secs] 
1877.664: [GC (Allocation Failure) [PSYoungGen: 72096K->1456K(72704K)] 364252K->293611K(809472K), 0.0036603 secs] [Times: user=0.01 sys=0.00, real=0.00 secs] 
1878.972: [GC (Allocation Failure) [PSYoungGen: 72112K->1360K(72704K)] 364267K->293515K(809472K), 0.0034923 secs] [Times: user=0.02 sys=0.00, real=0.01 secs] 
1879.279: [GC (Allocation Failure) [PSYoungGen: 72016K->1376K(72704K)] 364171K->293531K(809472K), 0.0021278 secs] [Times: user=0.01 sys=0.00, real=0.00 secs] 
1880.215: [GC (Allocation Failure) [PSYoungGen: 72032K->1376K(72704K)] 364187K->293531K(809472K), 0.0026519 secs] [Times: user=0.01 sys=0.00, real=0.00 secs] 
1881.195: [GC (Allocation Failure) [PSYoungGen: 72032K->1405K(72704K)] 364187K->293561K(809472K), 0.0026238 secs] [Times: user=0.01 sys=0.00, real=0.00 secs] 
1881.390: [GC (Allocation Failure) [PSYoungGen: 72061K->1504K(72704K)] 364217K->293660K(809472K), 0.0015045 secs] [Times: user=0.01 sys=0.00, real=0.00 secs] 
1881.515: [GC (Allocation Failure) [PSYoungGen: 72160K->1469K(72704K)] 364316K->293625K(809472K), 0.0016745 secs] [Times: user=0.01 sys=0.00, real=0.00 secs] 
1881.640: [GC (Allocation Failure) [PSYoungGen: 72125K->1437K(72704K)] 364281K->293593K(809472K), 0.0015236 secs] [Times: user=0.01 sys=0.00, real=0.00 secs] 
1882.155: [GC (Allocation Failure) [PSYoungGen: 72093K->1472K(72704K)] 364249K->293627K(809472K), 0.0018584 secs] [Times: user=0.01 sys=0.00, real=0.00 secs] 
1882.460: [GC (Allocation Failure) [PSYoungGen: 72128K->1360K(72704K)] 364283K->293531K(809472K), 0.0017660 secs] [Times: user=0.00 sys=0.00, real=0.00 secs] 
1882.754: [GC (Allocation Failure) [PSYoungGen: 72016K->1344K(72704K)] 364187K->293515K(809472K), 0.0017621 secs] [Times: user=0.00 sys=0.00, real=0.01 secs] 
1883.230: [GC (Allocation Failure) [PSYoungGen: 72000K->1392K(72704K)] 364171K->293563K(809472K), 0.0020099 secs] [Times: user=0.00 sys=0.00, real=0.00 secs] 
1883.665: [GC (Allocation Failure) [PSYoungGen: 72048K->1469K(72704K)] 364219K->293641K(809472K), 0.0019376 secs] [Times: user=0.01 sys=0.00, real=0.00 secs] 
1883.798: [GC (Allocation Failure) [PSYoungGen: 72125K->1472K(72704K)] 364297K->293644K(809472K), 0.0016362 secs] [Times: user=0.01 sys=0.00, real=0.00 secs] 
1883.922: [GC (Allocation Failure) [PSYoungGen: 72128K->1501K(72704K)] 364300K->293673K(809472K), 0.0016174 secs] [Times: user=0.01 sys=0.00, real=0.00 secs] 
1884.047: [GC (Allocation Failure) [PSYoungGen: 72157K->1469K(72704K)] 364329K->293649K(809472K), 0.0016953 secs] [Times: user=0.01 sys=0.00, real=0.00 secs] 
1884.700: [GC (Allocation Failure) [PSYoungGen: 72125K->1376K(72704K)] 364305K->293555K(809472K), 0.0021167 secs] [Times: user=0.01 sys=0.00, real=0.00 secs] 
1885.261: [GC (Allocation Failure) [PSYoungGen: 72032K->1376K(72704K)] 364211K->293555K(809472K), 0.0020708 secs] [Times: user=0.01 sys=0.00, real=0.00 secs] 
1885.850: [GC (Allocation Failure) [PSYoungGen: 72032K->1376K(72704K)] 364211K->293555K(809472K), 0.0020821 secs] [Times: user=0.01 sys=0.00, real=0.00 secs] 
1886.580: [GC (Allocation Failure) [PSYoungGen: 72032K->256K(72704K)] 364211K->292435K(809472K), 0.0024291 secs] [Times: user=0.00 sys=0.00, real=0.00 secs] 
1886.750: [GC (Allocation Failure) [PSYoungGen: 70912K->1437K(72704K)] 363091K->293617K(809472K), 0.0017063 secs] [Times: user=0.00 sys=0.00, real=0.00 secs] 
1886.878: [GC (Allocation Failure) [PSYoungGen: 72093K->1469K(72704K)] 364273K->293649K(809472K), 0.0017238 secs] [Times: user=0.00 sys=0.00, real=0.00 secs] 
1887.003: [GC (Allocation Failure) [PSYoungGen: 72117K->1501K(72704K)] 364297K->293681K(809472K), 0.0017226 secs] [Times: user=0.01 sys=0.00, real=0.01 secs] 
1887.507: [GC (Allocation Failure) [PSYoungGen: 72157K->1424K(72704K)] 364337K->293619K(809472K), 0.0020914 secs] [Times: user=0.01 sys=0.00, real=0.00 secs] 
1888.417: [GC (Allocation Failure) [PSYoungGen: 72080K->1360K(72704K)] 364275K->293555K(809472K), 0.0031797 secs] [Times: user=0.01 sys=0.00, real=0.00 secs] 
1889.050: [GC (Allocation Failure) [PSYoungGen: 72016K->1344K(72704K)] 364211K->293539K(809472K), 0.0040419 secs] [Times: user=0.01 sys=0.00, real=0.00 secs] 
1889.846: [GC (Allocation Failure) [PSYoungGen: 72000K->1360K(72704K)] 364195K->293555K(809472K), 0.0030825 secs] [Times: user=0.01 sys=0.00, real=0.00 secs] 
1890.391: [GC (Allocation Failure) [PSYoungGen: 72016K->1469K(72704K)] 364211K->293665K(809472K), 0.0022387 secs] [Times: user=0.01 sys=0.00, real=0.00 secs] 
1890.541: [GC (Allocation Failure) [PSYoungGen: 72125K->1437K(72704K)] 364321K->293633K(809472K), 0.0016016 secs] [Times: user=0.01 sys=0.00, real=0.00 secs] 
1890.667: [GC (Allocation Failure) [PSYoungGen: 72093K->1437K(72704K)] 364289K->293633K(809472K), 0.0015583 secs] [Times: user=0.01 sys=0.00, real=0.00 secs] 
1890.792: [GC (Allocation Failure) [PSYoungGen: 72093K->1501K(72704K)] 364289K->293697K(809472K), 0.0015373 secs] [Times: user=0.01 sys=0.00, real=0.01 secs] 
1891.673: [GC (Allocation Failure) [PSYoungGen: 72157K->1408K(72704K)] 364353K->293619K(809472K), 0.0043891 secs] [Times: user=0.02 sys=0.00, real=0.01 secs] 
1892.343: [GC (Allocation Failure) [PSYoungGen: 72064K->1376K(72704K)] 364275K->293587K(809472K), 0.0026602 secs] [Times: user=0.01 sys=0.00, real=0.01 secs] 
1892.880: [GC (Allocation Failure) [PSYoungGen: 72032K->1344K(72704K)] 364243K->293555K(809472K), 0.0020306 secs] [Times: user=0.01 sys=0.00, real=0.00 secs] 
1893.173: [GC (Allocation Failure) [PSYoungGen: 72000K->1360K(72704K)] 364211K->293571K(809472K), 0.0020002 secs] [Times: user=0.01 sys=0.00, real=0.01 secs] 
1893.399: [GC (Allocation Failure) [PSYoungGen: 72016K->1469K(72704K)] 364227K->293681K(809472K), 0.0017215 secs] [Times: user=0.01 sys=0.00, real=0.00 secs] 
1893.525: [GC (Allocation Failure) [PSYoungGen: 72125K->1469K(72704K)] 364337K->293681K(809472K), 0.0016058 secs] [Times: user=0.01 sys=0.00, real=0.00 secs] 
1893.653: [GC (Allocation Failure) [PSYoungGen: 72105K->1501K(72704K)] 364316K->293713K(809472K), 0.0016255 secs] [Times: user=0.01 sys=0.00, real=0.01 secs] 
1894.131: [GC (Allocation Failure) [PSYoungGen: 72157K->1920K(72704K)] 364369K->294131K(809472K), 0.0026394 secs] [Times: user=0.01 sys=0.01, real=0.01 secs] 
1894.793: [GC (Allocation Failure) [PSYoungGen: 72576K->1376K(72704K)] 364787K->293595K(809472K), 0.0023589 secs] [Times: user=0.01 sys=0.00, real=0.01 secs] 
1895.242: [GC (Allocation Failure) [PSYoungGen: 72032K->1408K(72704K)] 364251K->293627K(809472K), 0.0019435 secs] [Times: user=0.01 sys=0.00, real=0.01 secs] 
1895.712: [GC (Allocation Failure) [PSYoungGen: 72064K->1376K(72704K)] 364283K->293595K(809472K), 0.0021138 secs] [Times: user=0.01 sys=0.00, real=0.01 secs] 
1896.507: [GC (Allocation Failure) [PSYoungGen: 72032K->1437K(72704K)] 364251K->293657K(809472K), 0.0023494 secs] [Times: user=0.01 sys=0.00, real=0.00 secs] 
1896.723: [GC (Allocation Failure) [PSYoungGen: 72093K->1533K(72704K)] 364313K->293753K(809472K), 0.0021920 secs] [Times: user=0.01 sys=0.00, real=0.01 secs] 
1896.869: [GC (Allocation Failure) [PSYoungGen: 72189K->1501K(72704K)] 364409K->293721K(809472K), 0.0017133 secs] [Times: user=0.01 sys=0.00, real=0.00 secs] 
1897.014: [GC (Allocation Failure) [PSYoungGen: 72157K->1501K(72704K)] 364377K->293721K(809472K), 0.0018216 secs] [Times: user=0.01 sys=0.00, real=0.01 secs] 
1897.380: [GC (Allocation Failure) [PSYoungGen: 72157K->1424K(72704K)] 364377K->293643K(809472K), 0.0027748 secs] [Times: user=0.01 sys=0.00, real=0.00 secs] 
1897.665: [GC (Allocation Failure) [PSYoungGen: 72080K->1408K(72704K)] 364299K->293627K(809472K), 0.0019495 secs] [Times: user=0.01 sys=0.00, real=0.00 secs] 
1897.959: [GC (Allocation Failure) [PSYoungGen: 72064K->1376K(72704K)] 364283K->293595K(809472K), 0.0019098 secs] [Times: user=0.01 sys=0.00, real=0.00 secs] 
1898.252: [GC (Allocation Failure) [PSYoungGen: 72032K->1376K(72704K)] 364251K->293595K(809472K), 0.0020221 secs] [Times: user=0.00 sys=0.00, real=0.01 secs] 
1898.530: [GC (Allocation Failure) [PSYoungGen: 72032K->1501K(72704K)] 364251K->293721K(809472K), 0.0015827 secs] [Times: user=0.01 sys=0.00, real=0.00 secs] 
1898.657: [GC (Allocation Failure) [PSYoungGen: 72157K->1469K(72704K)] 364377K->293689K(809472K), 0.0016541 secs] [Times: user=0.00 sys=0.00, real=0.00 secs] 
1898.807: [GC (Allocation Failure) [PSYoungGen: 72125K->1456K(72704K)] 364345K->293676K(809472K), 0.0019261 secs] [Times: user=0.00 sys=0.00, real=0.00 secs] 
1898.970: [GC (Allocation Failure) [PSYoungGen: 72112K->1501K(72704K)] 364332K->293737K(809472K), 0.0015864 secs] [Times: user=0.00 sys=0.01, real=0.00 secs] 
1899.996: [GC (Allocation Failure) [PSYoungGen: 72157K->1408K(72704K)] 364393K->293659K(809472K), 0.0021776 secs] [Times: user=0.01 sys=0.00, real=0.00 secs] 
1900.982: [GC (Allocation Failure) [PSYoungGen: 72064K->1376K(72704K)] 364315K->293627K(809472K), 0.0025851 secs] [Times: user=0.01 sys=0.00, real=0.01 secs] 
1901.739: [GC (Allocation Failure) [PSYoungGen: 72032K->1376K(72704K)] 364283K->293627K(809472K), 0.0025186 secs] [Times: user=0.01 sys=0.00, real=0.00 secs] 
1903.042: [GC (Allocation Failure) [PSYoungGen: 72032K->1376K(72704K)] 364283K->293627K(809472K), 0.0032252 secs] [Times: user=0.01 sys=0.00, real=0.01 secs] 
1903.519: [GC (Allocation Failure) [PSYoungGen: 72032K->1469K(72704K)] 364283K->293721K(809472K), 0.0020294 secs] [Times: user=0.01 sys=0.00, real=0.00 secs] 
1903.650: [GC (Allocation Failure) [PSYoungGen: 72125K->1504K(72704K)] 364377K->293756K(809472K), 0.0016110 secs] [Times: user=0.01 sys=0.00, real=0.00 secs] 
1903.795: [GC (Allocation Failure) [PSYoungGen: 72160K->1453K(72704K)] 364412K->293705K(809472K), 0.0017706 secs] [Times: user=0.01 sys=0.00, real=0.00 secs] 
1904.254: [GC (Allocation Failure) [PSYoungGen: 72109K->1408K(72704K)] 364361K->293659K(809472K), 0.0028423 secs] [Times: user=0.01 sys=0.00, real=0.01 secs] 
1904.822: [GC (Allocation Failure) [PSYoungGen: 72064K->1408K(72704K)] 364315K->293659K(809472K), 0.0020808 secs] [Times: user=0.01 sys=0.00, real=0.01 secs] 
1905.717: [GC (Allocation Failure) [PSYoungGen: 72064K->1344K(72704K)] 364315K->293595K(809472K), 0.0026221 secs] [Times: user=0.01 sys=0.00, real=0.00 secs] 
1907.024: [GC (Allocation Failure) [PSYoungGen: 72000K->1408K(72704K)] 364251K->293659K(809472K), 0.0024829 secs] [Times: user=0.01 sys=0.00, real=0.00 secs] 
1908.484: [GC (Allocation Failure) [PSYoungGen: 72049K->1501K(72704K)] 364301K->293753K(809472K), 0.0026246 secs] [Times: user=0.01 sys=0.00, real=0.00 secs] 
1908.675: [GC (Allocation Failure) [PSYoungGen: 72157K->1469K(72704K)] 364409K->293721K(809472K), 0.0016540 secs] [Times: user=0.01 sys=0.00, real=0.00 secs] 
1908.800: [GC (Allocation Failure) [PSYoungGen: 72125K->1469K(72704K)] 364377K->293721K(809472K), 0.0017026 secs] [Times: user=0.00 sys=0.00, real=0.00 secs] 
1908.924: [GC (Allocation Failure) [PSYoungGen: 72125K->1501K(72704K)] 364377K->293753K(809472K), 0.0034991 secs] [Times: user=0.01 sys=0.00, real=0.00 secs] 
1909.352: [GC (Allocation Failure) [PSYoungGen: 72157K->1456K(72704K)] 364409K->293715K(809472K), 0.0020777 secs] [Times: user=0.01 sys=0.00, real=0.01 secs] 
1909.986: [GC (Allocation Failure) [PSYoungGen: 72112K->1376K(72192K)] 364371K->293635K(808960K), 0.0022611 secs] [Times: user=0.01 sys=0.00, real=0.00 secs] 
1910.670: [GC (Allocation Failure) [PSYoungGen: 72032K->1376K(72192K)] 364291K->293635K(808960K), 0.0027570 secs] [Times: user=0.01 sys=0.00, real=0.00 secs] 
1911.541: [GC (Allocation Failure) [PSYoungGen: 72032K->1344K(72192K)] 364291K->293603K(808960K), 0.0023049 secs] [Times: user=0.00 sys=0.00, real=0.00 secs] 
1912.067: [GC (Allocation Failure) [PSYoungGen: 72000K->1469K(72192K)] 364259K->293729K(808960K), 0.0020295 secs] [Times: user=0.00 sys=0.00, real=0.00 secs] 
1912.237: [GC (Allocation Failure) [PSYoungGen: 72125K->1456K(72192K)] 364385K->293716K(808960K), 0.0020149 secs] [Times: user=0.00 sys=0.00, real=0.00 secs] 
1912.387: [GC (Allocation Failure) [PSYoungGen: 72112K->1533K(72192K)] 364372K->293793K(808960K), 0.0016587 secs] [Times: user=0.00 sys=0.00, real=0.00 secs] 
1912.527: [GC (Allocation Failure) [PSYoungGen: 72189K->128K(75776K)] 364449K->292403K(812544K), 0.0169111 secs] [Times: user=0.08 sys=0.00, real=0.01 secs] 
1913.003: [GC (Allocation Failure) [PSYoungGen: 74368K->1344K(76288K)] 366643K->293635K(813056K), 0.0020318 secs] [Times: user=0.01 sys=0.00, real=0.01 secs] 
1914.038: [GC (Allocation Failure) [PSYoungGen: 75584K->1376K(84992K)] 367875K->293667K(821760K), 0.0036384 secs] [Times: user=0.01 sys=0.00, real=0.00 secs] 
1915.131: [GC (Allocation Failure) [PSYoungGen: 84832K->1344K(86016K)] 377123K->293635K(822784K), 0.0031311 secs] [Times: user=0.01 sys=0.00, real=0.01 secs] 
1916.102: [GC (Allocation Failure) [PSYoungGen: 85312K->1469K(94208K)] 377603K->293769K(830976K), 0.0024555 secs] [Times: user=0.01 sys=0.00, real=0.01 secs] 
1916.366: [GC (Allocation Failure) [PSYoungGen: 94141K->1485K(94720K)] 386441K->293785K(831488K), 0.0021221 secs] [Times: user=0.01 sys=0.00, real=0.00 secs] 
1916.536: [GC (Allocation Failure) [PSYoungGen: 94157K->1504K(103936K)] 386457K->293804K(840704K), 0.0032385 secs] [Times: user=0.00 sys=0.01, real=0.00 secs] 
1917.423: [GC (Allocation Failure) [PSYoungGen: 103392K->1424K(103936K)] 395692K->293723K(840704K), 0.0029513 secs] [Times: user=0.01 sys=0.00, real=0.01 secs] 
1918.824: [GC (Allocation Failure) [PSYoungGen: 103312K->1344K(102912K)] 395611K->293643K(839680K), 0.0028683 secs] [Times: user=0.01 sys=0.00, real=0.01 secs] 
1920.142: [GC (Allocation Failure) [PSYoungGen: 102720K->1344K(102400K)] 395019K->293643K(839168K), 0.0043638 secs] [Times: user=0.01 sys=0.00, real=0.01 secs] 
1921.101: [GC (Allocation Failure) [PSYoungGen: 102208K->1501K(101888K)] 394507K->293801K(838656K), 0.0016074 secs] [Times: user=0.00 sys=0.00, real=0.00 secs] 
1921.311: [GC (Allocation Failure) [PSYoungGen: 101853K->1485K(101376K)] 394153K->293785K(838144K), 0.0019861 secs] [Times: user=0.01 sys=0.00, real=0.00 secs] 
1922.290: [GC (Allocation Failure) [PSYoungGen: 101325K->1408K(100864K)] 393625K->293707K(837632K), 0.0028217 secs] [Times: user=0.01 sys=0.00, real=0.00 secs] 
1923.422: [GC (Allocation Failure) [PSYoungGen: 100736K->1376K(100352K)] 393035K->293675K(837120K), 0.0027618 secs] [Times: user=0.01 sys=0.00, real=0.01 secs] 
1924.258: [GC (Allocation Failure) [PSYoungGen: 100192K->1408K(99840K)] 392491K->293707K(836608K), 0.0021535 secs] [Times: user=0.00 sys=0.00, real=0.00 secs] 
1924.901: [GC (Allocation Failure) [PSYoungGen: 99712K->1533K(99328K)] 392011K->293841K(836096K), 0.0017014 secs] [Times: user=0.01 sys=0.00, real=0.00 secs] 
1925.074: [GC (Allocation Failure) [PSYoungGen: 99325K->1533K(98816K)] 391633K->293881K(835584K), 0.0016468 secs] [Times: user=0.00 sys=0.01, real=0.00 secs] 
1925.247: [GC (Allocation Failure) [PSYoungGen: 98813K->1565K(98816K)] 391161K->293929K(835584K), 0.0017331 secs] [Times: user=0.01 sys=0.00, real=0.00 secs] 
1926.253: [GC (Allocation Failure) [PSYoungGen: 98333K->416K(96768K)] 390697K->293803K(833536K), 0.0021565 secs] [Times: user=0.01 sys=0.00, real=0.01 secs] 
1928.111: [GC (Allocation Failure) [PSYoungGen: 96672K->336K(97792K)] 390059K->293723K(834560K), 0.0045664 secs] [Times: user=0.02 sys=0.00, real=0.01 secs] 
1929.734: [GC (Allocation Failure) [PSYoungGen: 96080K->320K(95744K)] 389467K->293707K(832512K), 0.0039017 secs] [Times: user=0.01 sys=0.01, real=0.01 secs] 
1930.340: [GC (Allocation Failure) [PSYoungGen: 95552K->1469K(97280K)] 388939K->294857K(834048K), 0.0016449 secs] [Times: user=0.01 sys=0.00, real=0.00 secs] 
1930.510: [GC (Allocation Failure) [PSYoungGen: 96189K->1517K(95744K)] 389577K->294905K(832512K), 0.0016765 secs] [Times: user=0.01 sys=0.00, real=0.00 secs] 
1930.918: [GC (Allocation Failure) [PSYoungGen: 95725K->1456K(95232K)] 389113K->294843K(832000K), 0.0023903 secs] [Times: user=0.01 sys=0.00, real=0.00 secs] 
1931.366: [GC (Allocation Failure) [PSYoungGen: 95152K->1376K(94720K)] 388539K->294763K(831488K), 0.0021104 secs] [Times: user=0.00 sys=0.00, real=0.00 secs] 
1931.858: [GC (Allocation Failure) [PSYoungGen: 94560K->1376K(94208K)] 387947K->294763K(830976K), 0.0020796 secs] [Times: user=0.01 sys=0.00, real=0.00 secs] 
1932.311: [GC (Allocation Failure) [PSYoungGen: 94048K->1456K(93696K)] 387435K->294844K(830464K), 0.0019364 secs] [Times: user=0.00 sys=0.00, real=0.00 secs] 
1932.529: [GC (Allocation Failure) [PSYoungGen: 93616K->1469K(93184K)] 387004K->294865K(829952K), 0.0020869 secs] [Times: user=0.00 sys=0.00, real=0.00 secs] 
1932.714: [GC (Allocation Failure) [PSYoungGen: 93117K->1520K(92672K)] 386513K->294916K(829440K), 0.0016926 secs] [Times: user=0.01 sys=0.00, real=0.01 secs] 
1933.961: [GC (Allocation Failure) [PSYoungGen: 92656K->1440K(92160K)] 386052K->294835K(828928K), 0.0032506 secs] [Times: user=0.01 sys=0.00, real=0.01 secs] 
1934.772: [GC (Allocation Failure) [PSYoungGen: 92064K->1312K(91648K)] 385459K->294715K(828416K), 0.0030208 secs] [Times: user=0.02 sys=0.00, real=0.01 secs] 
1935.345: [GC (Allocation Failure) [PSYoungGen: 91424K->1376K(91136K)] 384827K->294779K(827904K), 0.0021808 secs] [Times: user=0.01 sys=0.00, real=0.00 secs] 
1936.282: [GC (Allocation Failure) [PSYoungGen: 90976K->1501K(90624K)] 384379K->294905K(827392K), 0.0021630 secs] [Times: user=0.01 sys=0.00, real=0.01 secs] 
1936.475: [GC (Allocation Failure) [PSYoungGen: 90589K->1501K(90112K)] 383993K->294913K(826880K), 0.0017554 secs] [Times: user=0.01 sys=0.00, real=0.00 secs] 
1936.632: [GC (Allocation Failure) [PSYoungGen: 90077K->1501K(89600K)] 383489K->294913K(826368K), 0.0016532 secs] [Times: user=0.00 sys=0.00, real=0.00 secs] 
1937.189: [GC (Allocation Failure) [PSYoungGen: 89565K->1408K(89088K)] 382977K->294827K(825856K), 0.0028036 secs] [Times: user=0.01 sys=0.00, real=0.00 secs] 
1938.524: [GC (Allocation Failure) [PSYoungGen: 88960K->1344K(88576K)] 382379K->294763K(825344K), 0.0027610 secs] [Times: user=0.01 sys=0.00, real=0.01 secs] 
1939.355: [GC (Allocation Failure) [PSYoungGen: 88384K->1376K(88064K)] 381803K->294795K(824832K), 0.0023132 secs] [Times: user=0.01 sys=0.00, real=0.00 secs] 
1940.412: [GC (Allocation Failure) [PSYoungGen: 87904K->1437K(87552K)] 381323K->294857K(824320K), 0.0033189 secs] [Times: user=0.02 sys=0.00, real=0.01 secs] 
1940.659: [GC (Allocation Failure) [PSYoungGen: 87453K->1469K(87040K)] 380873K->294889K(823808K), 0.0016878 secs] [Times: user=0.00 sys=0.00, real=0.00 secs] 
1940.808: [GC (Allocation Failure) [PSYoungGen: 86973K->1533K(86528K)] 380393K->294953K(823296K), 0.0015752 secs] [Times: user=0.01 sys=0.00, real=0.00 secs] 
1940.964: [GC (Allocation Failure) [PSYoungGen: 86525K->1424K(86016K)] 379945K->294843K(822784K), 0.0016224 secs] [Times: user=0.00 sys=0.00, real=0.00 secs] 
1941.609: [GC (Allocation Failure) [PSYoungGen: 85904K->1408K(85504K)] 379323K->294827K(822272K), 0.0019748 secs] [Times: user=0.01 sys=0.00, real=0.00 secs] 
1942.008: [GC (Allocation Failure) [PSYoungGen: 85376K->1344K(84992K)] 378795K->294763K(821760K), 0.0020254 secs] [Times: user=0.01 sys=0.00, real=0.00 secs] 
1942.484: [GC (Allocation Failure) [PSYoungGen: 84800K->1408K(84480K)] 378219K->294835K(821248K), 0.0019641 secs] [Times: user=0.01 sys=0.00, real=0.00 secs] 
1943.039: [GC (Allocation Failure) [PSYoungGen: 84352K->1469K(83968K)] 377779K->294913K(820736K), 0.0017699 secs] [Times: user=0.01 sys=0.00, real=0.00 secs] 
1943.185: [GC (Allocation Failure) [PSYoungGen: 83901K->1469K(83456K)] 377345K->294913K(820224K), 0.0018516 secs] [Times: user=0.01 sys=0.00, real=0.00 secs] 
1943.329: [GC (Allocation Failure) [PSYoungGen: 83389K->1469K(82944K)] 376833K->294913K(819712K), 0.0017554 secs] [Times: user=0.01 sys=0.00, real=0.00 secs] 
1944.078: [GC (Allocation Failure) [PSYoungGen: 82877K->1440K(82432K)] 376321K->294883K(819200K), 0.0020657 secs] [Times: user=0.00 sys=0.00, real=0.00 secs] 
1944.458: [GC (Allocation Failure) [PSYoungGen: 82336K->1376K(81920K)] 375779K->294819K(818688K), 0.0022504 secs] [Times: user=0.01 sys=0.00, real=0.00 secs] 
1944.808: [GC (Allocation Failure) [PSYoungGen: 81760K->1344K(81408K)] 375203K->294787K(818176K), 0.0019486 secs] [Times: user=0.01 sys=0.00, real=0.00 secs] 
1945.319: [GC (Allocation Failure) [PSYoungGen: 81216K->1456K(80896K)] 374659K->294900K(817664K), 0.0021734 secs] [Times: user=0.01 sys=0.00, real=0.00 secs] 
1945.477: [GC (Allocation Failure) [PSYoungGen: 80816K->1469K(80384K)] 374260K->294913K(817152K), 0.0015288 secs] [Times: user=0.00 sys=0.00, real=0.00 secs] 
1945.616: [GC (Allocation Failure) [PSYoungGen: 80317K->1469K(79872K)] 373761K->294913K(816640K), 0.0017245 secs] [Times: user=0.01 sys=0.00, real=0.00 secs] 
1945.754: [GC (Allocation Failure) [PSYoungGen: 79805K->1501K(79360K)] 373249K->294945K(816128K), 0.0016664 secs] [Times: user=0.01 sys=0.00, real=0.00 secs] 
1946.642: [GC (Allocation Failure) [PSYoungGen: 79325K->1408K(78848K)] 372769K->294851K(815616K), 0.0025389 secs] [Times: user=0.00 sys=0.00, real=0.01 secs] 
1947.615: [GC (Allocation Failure) [PSYoungGen: 78720K->1376K(78336K)] 372163K->294827K(815104K), 0.0025456 secs] [Times: user=0.01 sys=0.00, real=0.00 secs] 
1948.528: [GC (Allocation Failure) [PSYoungGen: 78176K->1408K(77824K)] 371627K->294859K(814592K), 0.0024051 secs] [Times: user=0.01 sys=0.00, real=0.00 secs] 
1949.283: [GC (Allocation Failure) [PSYoungGen: 77696K->1437K(77312K)] 371147K->294889K(814080K), 0.0028001 secs] [Times: user=0.01 sys=0.00, real=0.01 secs] 
1949.472: [GC (Allocation Failure) [PSYoungGen: 77213K->1501K(76800K)] 370665K->294953K(813568K), 0.0018202 secs] [Times: user=0.00 sys=0.00, real=0.01 secs] 
1949.625: [GC (Allocation Failure) [PSYoungGen: 76765K->1437K(76288K)] 370217K->294889K(813056K), 0.0018226 secs] [Times: user=0.01 sys=0.00, real=0.00 secs] 
1949.788: [GC (Allocation Failure) [PSYoungGen: 76189K->1501K(75776K)] 369641K->294953K(812544K), 0.0016944 secs] [Times: user=0.01 sys=0.00, real=0.00 secs] 
1950.127: [GC (Allocation Failure) [PSYoungGen: 75741K->1392K(75264K)] 369193K->294843K(812032K), 0.0021487 secs] [Times: user=0.00 sys=0.00, real=0.00 secs] 
1950.663: [GC (Allocation Failure) [PSYoungGen: 75120K->1408K(74752K)] 368571K->294859K(811520K), 0.0022578 secs] [Times: user=0.01 sys=0.00, real=0.01 secs] 
1951.359: [GC (Allocation Failure) [PSYoungGen: 74624K->1424K(74240K)] 368075K->294875K(811008K), 0.0022761 secs] [Times: user=0.01 sys=0.00, real=0.00 secs] 
1952.109: [GC (Allocation Failure) [PSYoungGen: 74128K->1376K(73728K)] 367579K->294851K(810496K), 0.0028302 secs] [Times: user=0.01 sys=0.00, real=0.00 secs] 
1952.574: [GC (Allocation Failure) [PSYoungGen: 73568K->1421K(73216K)] 367043K->294897K(809984K), 0.0020092 secs] [Times: user=0.00 sys=0.00, real=0.00 secs] 
1952.705: [GC (Allocation Failure) [PSYoungGen: 73101K->1501K(72704K)] 366577K->294977K(809472K), 0.0016877 secs] [Times: user=0.00 sys=0.00, real=0.00 secs] 
1952.830: [GC (Allocation Failure) [PSYoungGen: 72669K->1469K(72192K)] 366145K->294945K(808960K), 0.0015965 secs] [Times: user=0.01 sys=0.00, real=0.00 secs] 
1953.710: [GC (Allocation Failure) [PSYoungGen: 72125K->1472K(72192K)] 365601K->294947K(808960K), 0.0031394 secs] [Times: user=0.01 sys=0.00, real=0.00 secs] 
1954.409: [GC (Allocation Failure) [PSYoungGen: 72128K->1344K(72192K)] 365603K->294819K(808960K), 0.0028173 secs] [Times: user=0.01 sys=0.00, real=0.00 secs] 
1955.375: [GC (Allocation Failure) [PSYoungGen: 72000K->1376K(72192K)] 365475K->294851K(808960K), 0.0024899 secs] [Times: user=0.01 sys=0.00, real=0.00 secs] 
1956.502: [GC (Allocation Failure) [PSYoungGen: 72032K->1360K(72192K)] 365507K->294835K(808960K), 0.0030290 secs] [Times: user=0.01 sys=0.00, real=0.01 secs] 
1957.190: [GC (Allocation Failure) [PSYoungGen: 72016K->1469K(72192K)] 365491K->294945K(808960K), 0.0032013 secs] [Times: user=0.01 sys=0.01, real=0.00 secs] 
1957.388: [GC (Allocation Failure) [PSYoungGen: 72125K->1469K(72192K)] 365601K->294945K(808960K), 0.0016880 secs] [Times: user=0.01 sys=0.00, real=0.00 secs] 
1957.513: [GC (Allocation Failure) [PSYoungGen: 72125K->1469K(72192K)] 365601K->294945K(808960K), 0.0017751 secs] [Times: user=0.00 sys=0.00, real=0.01 secs] 
1957.638: [GC (Allocation Failure) [PSYoungGen: 72125K->1469K(72192K)] 365601K->294945K(808960K), 0.0015486 secs] [Times: user=0.01 sys=0.00, real=0.00 secs] 
1958.107: [GC (Allocation Failure) [PSYoungGen: 72125K->1408K(72192K)] 365601K->294883K(808960K), 0.0027713 secs] [Times: user=0.01 sys=0.00, real=0.00 secs] 
1958.554: [GC (Allocation Failure) [PSYoungGen: 72064K->1408K(72192K)] 365539K->294883K(808960K), 0.0020220 secs] [Times: user=0.00 sys=0.00, real=0.00 secs] 
1959.109: [GC (Allocation Failure) [PSYoungGen: 72064K->1376K(72192K)] 365539K->294851K(808960K), 0.0021622 secs] [Times: user=0.01 sys=0.00, real=0.00 secs] 
1959.775: [GC (Allocation Failure) [PSYoungGen: 72032K->1376K(72192K)] 365507K->294851K(808960K), 0.0021170 secs] [Times: user=0.00 sys=0.00, real=0.00 secs] 
1960.212: [GC (Allocation Failure) [PSYoungGen: 72032K->1501K(72192K)] 365507K->294977K(808960K), 0.0019916 secs] [Times: user=0.01 sys=0.00, real=0.01 secs] 
1960.384: [GC (Allocation Failure) [PSYoungGen: 72157K->1453K(72704K)] 365633K->294929K(809472K), 0.0019746 secs] [Times: user=0.01 sys=0.00, real=0.00 secs] 
1960.541: [GC (Allocation Failure) [PSYoungGen: 72109K->1469K(72704K)] 365585K->294945K(809472K), 0.0015836 secs] [Times: user=0.01 sys=0.00, real=0.00 secs] 
1960.666: [GC (Allocation Failure) [PSYoungGen: 72125K->1501K(72704K)] 365601K->294993K(809472K), 0.0018054 secs] [Times: user=0.01 sys=0.00, real=0.00 secs] 
1961.132: [GC (Allocation Failure) [PSYoungGen: 72157K->1440K(72704K)] 365649K->294931K(809472K), 0.0021086 secs] [Times: user=0.01 sys=0.00, real=0.01 secs] 
1961.426: [GC (Allocation Failure) [PSYoungGen: 72096K->1344K(72704K)] 365587K->294851K(809472K), 0.0030725 secs] [Times: user=0.01 sys=0.00, real=0.00 secs] 
1961.729: [GC (Allocation Failure) [PSYoungGen: 72000K->1424K(72704K)] 365507K->294931K(809472K), 0.0018654 secs] [Times: user=0.01 sys=0.00, real=0.00 secs] 
1962.096: [GC (Allocation Failure) [PSYoungGen: 72080K->1469K(72704K)] 365587K->294977K(809472K), 0.0018241 secs] [Times: user=0.00 sys=0.00, real=0.00 secs] 
1962.232: [GC (Allocation Failure) [PSYoungGen: 72095K->1488K(72704K)] 365603K->294996K(809472K), 0.0016171 secs] [Times: user=0.00 sys=0.00, real=0.00 secs] 
1962.357: [GC (Allocation Failure) [PSYoungGen: 72144K->1501K(72704K)] 365652K->295009K(809472K), 0.0016219 secs] [Times: user=0.01 sys=0.00, real=0.00 secs] 
1962.482: [GC (Allocation Failure) [PSYoungGen: 72157K->1501K(72704K)] 365665K->295009K(809472K), 0.0016335 secs] [Times: user=0.01 sys=0.00, real=0.01 secs] 
1962.759: [GC (Allocation Failure) [PSYoungGen: 72157K->1424K(72192K)] 365665K->294931K(808960K), 0.0019059 secs] [Times: user=0.01 sys=0.00, real=0.00 secs] 
1963.053: [GC (Allocation Failure) [PSYoungGen: 72080K->1344K(72192K)] 365587K->294851K(808960K), 0.0019393 secs] [Times: user=0.01 sys=0.00, real=0.01 secs] 
1963.347: [GC (Allocation Failure) [PSYoungGen: 72000K->1376K(72192K)] 365507K->294883K(808960K), 0.0017477 secs] [Times: user=0.01 sys=0.00, real=0.00 secs] 
1963.688: [GC (Allocation Failure) [PSYoungGen: 72032K->1360K(72192K)] 365539K->294867K(808960K), 0.0021648 secs] [Times: user=0.01 sys=0.00, real=0.00 secs] 
1964.161: [GC (Allocation Failure) [PSYoungGen: 72016K->1440K(72192K)] 365523K->294948K(808960K), 0.0019088 secs] [Times: user=0.00 sys=0.00, real=0.00 secs] 
1964.342: [GC (Allocation Failure) [PSYoungGen: 72096K->1533K(72192K)] 365604K->295041K(808960K), 0.0020316 secs] [Times: user=0.01 sys=0.00, real=0.01 secs] 
1964.498: [GC (Allocation Failure) [PSYoungGen: 72189K->1469K(72192K)] 365697K->294977K(808960K), 0.0017659 secs] [Times: user=0.00 sys=0.00, real=0.00 secs] 
1964.623: [GC (Allocation Failure) [PSYoungGen: 72125K->1469K(72192K)] 365633K->294977K(808960K), 0.0018776 secs] [Times: user=0.01 sys=0.01, real=0.01 secs] 
1965.790: [GC (Allocation Failure) [PSYoungGen: 72125K->1392K(72192K)] 365633K->294907K(808960K), 0.0026995 secs] [Times: user=0.01 sys=0.00, real=0.00 secs] 
1966.073: [GC (Allocation Failure) [PSYoungGen: 72048K->1376K(72192K)] 365563K->294891K(808960K), 0.0022099 secs] [Times: user=0.01 sys=0.00, real=0.01 secs] 
1966.758: [GC (Allocation Failure) [PSYoungGen: 72032K->1344K(72192K)] 365547K->294859K(808960K), 0.0020604 secs] [Times: user=0.01 sys=0.00, real=0.00 secs] 
1967.443: [GC (Allocation Failure) [PSYoungGen: 72000K->1408K(72192K)] 365515K->294923K(808960K), 0.0023448 secs] [Times: user=0.01 sys=0.00, real=0.01 secs] 
1968.102: [GC (Allocation Failure) [PSYoungGen: 72064K->1533K(72192K)] 365579K->295049K(808960K), 0.0020540 secs] [Times: user=0.01 sys=0.00, real=0.00 secs] 
1968.248: [GC (Allocation Failure) [PSYoungGen: 72189K->1501K(72704K)] 365705K->295017K(809472K), 0.0016834 secs] [Times: user=0.01 sys=0.00, real=0.00 secs] 
1968.373: [GC (Allocation Failure) [PSYoungGen: 72157K->1469K(72704K)] 365673K->294985K(809472K), 0.0017402 secs] [Times: user=0.01 sys=0.00, real=0.01 secs] 
1968.732: [GC (Allocation Failure) [PSYoungGen: 72125K->1440K(72704K)] 365641K->294955K(809472K), 0.0024790 secs] [Times: user=0.01 sys=0.00, real=0.01 secs] 
1969.079: [GC (Allocation Failure) [PSYoungGen: 72096K->1408K(72704K)] 365611K->294923K(809472K), 0.0017908 secs] [Times: user=0.01 sys=0.00, real=0.00 secs] 
1969.381: [GC (Allocation Failure) [PSYoungGen: 72064K->1408K(72704K)] 365579K->294923K(809472K), 0.0019757 secs] [Times: user=0.01 sys=0.00, real=0.00 secs] 
1969.685: [GC (Allocation Failure) [PSYoungGen: 72064K->1376K(72704K)] 365579K->294891K(809472K), 0.0020666 secs] [Times: user=0.00 sys=0.00, real=0.00 secs] 
1970.218: [GC (Allocation Failure) [PSYoungGen: 72032K->1501K(72704K)] 365547K->295017K(809472K), 0.0020162 secs] [Times: user=0.00 sys=0.00, real=0.00 secs] 
1970.359: [GC (Allocation Failure) [PSYoungGen: 72157K->1437K(72704K)] 365673K->294953K(809472K), 0.0014861 secs] [Times: user=0.00 sys=0.00, real=0.00 secs] 
1970.484: [GC (Allocation Failure) [PSYoungGen: 72093K->1501K(72704K)] 365609K->295017K(809472K), 0.0015482 secs] [Times: user=0.00 sys=0.00, real=0.01 secs] 
1970.608: [GC (Allocation Failure) [PSYoungGen: 72157K->1488K(72704K)] 365673K->295004K(809472K), 0.0016238 secs] [Times: user=0.01 sys=0.00, real=0.00 secs] 
1971.441: [GC (Allocation Failure) [PSYoungGen: 72144K->1424K(72704K)] 365660K->294947K(809472K), 0.0023148 secs] [Times: user=0.01 sys=0.00, real=0.00 secs] 
1972.259: [GC (Allocation Failure) [PSYoungGen: 72080K->1408K(72704K)] 365603K->294931K(809472K), 0.0020724 secs] [Times: user=0.01 sys=0.00, real=0.00 secs] 
1972.855: [GC (Allocation Failure) [PSYoungGen: 72064K->1344K(72704K)] 365587K->294867K(809472K), 0.0021820 secs] [Times: user=0.01 sys=0.00, real=0.00 secs] 
1973.419: [GC (Allocation Failure) [PSYoungGen: 72000K->1344K(72704K)] 365523K->294867K(809472K), 0.0020327 secs] [Times: user=0.01 sys=0.00, real=0.00 secs] 
1973.877: [GC (Allocation Failure) [PSYoungGen: 72000K->1501K(72704K)] 365523K->295025K(809472K), 0.0021911 secs] [Times: user=0.01 sys=0.00, real=0.00 secs] 
1974.064: [GC (Allocation Failure) [PSYoungGen: 72157K->1501K(72704K)] 365681K->295025K(809472K), 0.0019704 secs] [Times: user=0.01 sys=0.00, real=0.00 secs] 
1974.224: [GC (Allocation Failure) [PSYoungGen: 72157K->1501K(72704K)] 365681K->295025K(809472K), 0.0016481 secs] [Times: user=0.00 sys=0.00, real=0.01 secs] 
1974.349: [GC (Allocation Failure) [PSYoungGen: 72157K->1469K(72704K)] 365681K->295009K(809472K), 0.0016575 secs] [Times: user=0.01 sys=0.00, real=0.00 secs] 
1975.139: [GC (Allocation Failure) [PSYoungGen: 72125K->1408K(72704K)] 365665K->294955K(809472K), 0.0033393 secs] [Times: user=0.01 sys=0.00, real=0.00 secs] 
1975.803: [GC (Allocation Failure) [PSYoungGen: 72064K->1344K(72704K)] 365611K->294891K(809472K), 0.0030049 secs] [Times: user=0.02 sys=0.00, real=0.01 secs] 
1976.520: [GC (Allocation Failure) [PSYoungGen: 72000K->1344K(72704K)] 365547K->294891K(809472K), 0.0022269 secs] [Times: user=0.01 sys=0.01, real=0.00 secs] 
1977.531: [GC (Allocation Failure) [PSYoungGen: 72000K->1408K(72704K)] 365547K->294955K(809472K), 0.0032554 secs] [Times: user=0.01 sys=0.00, real=0.01 secs] 
1977.796: [GC (Allocation Failure) [PSYoungGen: 72060K->1501K(72704K)] 365608K->295049K(809472K), 0.0018502 secs] [Times: user=0.01 sys=0.00, real=0.00 secs] 
1977.956: [GC (Allocation Failure) [PSYoungGen: 72157K->1421K(72704K)] 365705K->294969K(809472K), 0.0018725 secs] [Times: user=0.00 sys=0.00, real=0.00 secs] 
1978.143: [GC (Allocation Failure) [PSYoungGen: 72077K->1501K(72704K)] 365625K->295049K(809472K), 0.0022449 secs] [Times: user=0.00 sys=0.00, real=0.01 secs] 
1979.997: [GC (Allocation Failure) [PSYoungGen: 72157K->1408K(72704K)] 365705K->294955K(809472K), 0.0045166 secs] [Times: user=0.01 sys=0.00, real=0.00 secs] 
1980.987: [GC (Allocation Failure) [PSYoungGen: 72064K->1376K(72704K)] 365611K->294923K(809472K), 0.0023498 secs] [Times: user=0.01 sys=0.00, real=0.00 secs] 
1981.641: [GC (Allocation Failure) [PSYoungGen: 72032K->1376K(72704K)] 365579K->294923K(809472K), 0.0024215 secs] [Times: user=0.01 sys=0.00, real=0.00 secs] 
1982.516: [GC (Allocation Failure) [PSYoungGen: 72032K->1312K(72704K)] 365579K->294859K(809472K), 0.0029207 secs] [Times: user=0.02 sys=0.00, real=0.00 secs] 
1983.287: [GC (Allocation Failure) [PSYoungGen: 71968K->1469K(72704K)] 365515K->295017K(809472K), 0.0024629 secs] [Times: user=0.01 sys=0.00, real=0.00 secs] 
1983.516: [GC (Allocation Failure) [PSYoungGen: 72125K->1469K(72704K)] 365673K->295017K(809472K), 0.0019903 secs] [Times: user=0.00 sys=0.00, real=0.00 secs] 
1983.651: [GC (Allocation Failure) [PSYoungGen: 72125K->1501K(72704K)] 365673K->295049K(809472K), 0.0018321 secs] [Times: user=0.00 sys=0.00, real=0.00 secs] 
1983.776: [GC (Allocation Failure) [PSYoungGen: 72157K->1440K(72704K)] 365705K->294988K(809472K), 0.0017819 secs] [Times: user=0.01 sys=0.00, real=0.00 secs] 
1984.267: [GC (Allocation Failure) [PSYoungGen: 72096K->1392K(72704K)] 365644K->294963K(809472K), 0.0027520 secs] [Times: user=0.01 sys=0.00, real=0.00 secs] 
1984.850: [GC (Allocation Failure) [PSYoungGen: 72048K->1376K(72704K)] 365619K->294947K(809472K), 0.0022629 secs] [Times: user=0.01 sys=0.00, real=0.00 secs] 
1985.432: [GC (Allocation Failure) [PSYoungGen: 72032K->1376K(72704K)] 365603K->294947K(809472K), 0.0019982 secs] [Times: user=0.01 sys=0.00, real=0.01 secs] 
1986.023: [GC (Allocation Failure) [PSYoungGen: 72032K->1408K(72704K)] 365603K->294979K(809472K), 0.0020198 secs] [Times: user=0.01 sys=0.00, real=0.01 secs] 
1986.531: [GC (Allocation Failure) [PSYoungGen: 72064K->1424K(72704K)] 365635K->294996K(809472K), 0.0020100 secs] [Times: user=0.01 sys=0.00, real=0.00 secs] 
1986.669: [GC (Allocation Failure) [PSYoungGen: 72080K->1501K(72704K)] 365652K->295073K(809472K), 0.0016225 secs] [Times: user=0.00 sys=0.00, real=0.00 secs] 
1986.796: [GC (Allocation Failure) [PSYoungGen: 72157K->1581K(72704K)] 365729K->295153K(809472K), 0.0018906 secs] [Times: user=0.01 sys=0.00, real=0.00 secs] 
1987.229: [GC (Allocation Failure) [PSYoungGen: 72237K->1568K(72704K)] 365809K->295139K(809472K), 0.0022651 secs] [Times: user=0.01 sys=0.00, real=0.00 secs] 
1988.020: [GC (Allocation Failure) [PSYoungGen: 72224K->1376K(72704K)] 365795K->294947K(809472K), 0.0023563 secs] [Times: user=0.00 sys=0.00, real=0.00 secs] 
1988.339: [GC (Allocation Failure) [PSYoungGen: 72032K->1408K(72704K)] 365603K->294979K(809472K), 0.0019028 secs] [Times: user=0.01 sys=0.00, real=0.00 secs] 
1988.633: [GC (Allocation Failure) [PSYoungGen: 72064K->1344K(72704K)] 365635K->294915K(809472K), 0.0019883 secs] [Times: user=0.01 sys=0.00, real=0.01 secs] 
1988.962: [GC (Allocation Failure) [PSYoungGen: 72000K->1421K(72704K)] 365571K->294993K(809472K), 0.0029058 secs] [Times: user=0.01 sys=0.00, real=0.01 secs] 
1989.143: [GC (Allocation Failure) [PSYoungGen: 72077K->1453K(72704K)] 365649K->295025K(809472K), 0.0021828 secs] [Times: user=0.01 sys=0.00, real=0.01 secs] 
1989.306: [GC (Allocation Failure) [PSYoungGen: 72109K->1440K(72704K)] 365681K->295012K(809472K), 0.0017654 secs] [Times: user=0.01 sys=0.00, real=0.00 secs] 
1989.449: [GC (Allocation Failure) [PSYoungGen: 72096K->1501K(72704K)] 365668K->295073K(809472K), 0.0017105 secs] [Times: user=0.00 sys=0.00, real=0.00 secs] 
1990.260: [GC (Allocation Failure) [PSYoungGen: 72157K->1424K(72704K)] 365729K->294995K(809472K), 0.0023950 secs] [Times: user=0.01 sys=0.00, real=0.00 secs] 
1991.523: [GC (Allocation Failure) [PSYoungGen: 72080K->1344K(72704K)] 365651K->294939K(809472K), 0.0040145 secs] [Times: user=0.02 sys=0.01, real=0.01 secs] 
1992.336: [GC (Allocation Failure) [PSYoungGen: 72000K->1376K(72704K)] 365595K->294971K(809472K), 0.0023961 secs] [Times: user=0.01 sys=0.00, real=0.00 secs] 
1993.325: [GC (Allocation Failure) [PSYoungGen: 72032K->1376K(72704K)] 365627K->294971K(809472K), 0.0020778 secs] [Times: user=0.01 sys=0.00, real=0.00 secs] 
1993.863: [GC (Allocation Failure) [PSYoungGen: 72032K->1469K(72704K)] 365627K->295065K(809472K), 0.0018640 secs] [Times: user=0.01 sys=0.00, real=0.01 secs] 
1993.997: [GC (Allocation Failure) [PSYoungGen: 72125K->1440K(72704K)] 365721K->295036K(809472K), 0.0017335 secs] [Times: user=0.00 sys=0.00, real=0.00 secs] 
1994.122: [GC (Allocation Failure) [PSYoungGen: 72096K->1501K(72704K)] 365692K->295097K(809472K), 0.0016123 secs] [Times: user=0.01 sys=0.00, real=0.01 secs] 
1994.248: [GC (Allocation Failure) [PSYoungGen: 72157K->1469K(72704K)] 365753K->295073K(809472K), 0.0015993 secs] [Times: user=0.00 sys=0.00, real=0.00 secs] 
1995.141: [GC (Allocation Failure) [PSYoungGen: 72125K->1440K(72704K)] 365729K->295043K(809472K), 0.0019360 secs] [Times: user=0.01 sys=0.00, real=0.00 secs] 
1995.562: [GC (Allocation Failure) [PSYoungGen: 72096K->1360K(72704K)] 365699K->294963K(809472K), 0.0020063 secs] [Times: user=0.01 sys=0.00, real=0.00 secs] 
1996.041: [GC (Allocation Failure) [PSYoungGen: 72016K->1408K(72704K)] 365619K->295011K(809472K), 0.0019110 secs] [Times: user=0.00 sys=0.00, real=0.00 secs] 
1996.631: [GC (Allocation Failure) [PSYoungGen: 72064K->1376K(72704K)] 365667K->294979K(809472K), 0.0030896 secs] [Times: user=0.01 sys=0.00, real=0.01 secs] 
1996.961: [GC (GCLocker Initiated GC) [PSYoungGen: 72032K->1469K(72704K)] 365635K->295073K(809472K), 0.0015705 secs] [Times: user=0.01 sys=0.00, real=0.00 secs] 
1997.088: [GC (Allocation Failure) [PSYoungGen: 72125K->1376K(72704K)] 365924K->295175K(809472K), 0.0015791 secs] [Times: user=0.00 sys=0.00, real=0.00 secs] 
1997.215: [GC (Allocation Failure) [PSYoungGen: 72032K->1469K(72704K)] 365831K->295268K(809472K), 0.0016049 secs] [Times: user=0.01 sys=0.00, real=0.00 secs] 
1997.487: [GC (Allocation Failure) [PSYoungGen: 72125K->1456K(72704K)] 365924K->295255K(809472K), 0.0019849 secs] [Times: user=0.01 sys=0.00, real=0.00 secs] 
1997.782: [GC (Allocation Failure) [PSYoungGen: 72112K->1376K(72704K)] 365911K->295175K(809472K), 0.0018436 secs] [Times: user=0.00 sys=0.00, real=0.01 secs] 
1998.092: [GC (Allocation Failure) [PSYoungGen: 72032K->1376K(72704K)] 365831K->295175K(809472K), 0.0022390 secs] [Times: user=0.01 sys=0.00, real=0.01 secs] 
1998.386: [GC (Allocation Failure) [PSYoungGen: 72032K->1392K(72704K)] 365831K->295191K(809472K), 0.0024163 secs] [Times: user=0.01 sys=0.00, real=0.00 secs] 
1998.721: [GC (Allocation Failure) [PSYoungGen: 72048K->1469K(72704K)] 365847K->295268K(809472K), 0.0019209 secs] [Times: user=0.00 sys=0.00, real=0.00 secs] 
1998.855: [GC (Allocation Failure) [PSYoungGen: 72125K->1501K(72704K)] 365924K->295300K(809472K), 0.0016171 secs] [Times: user=0.01 sys=0.00, real=0.00 secs] 
1998.981: [GC (Allocation Failure) [PSYoungGen: 72157K->1501K(72704K)] 365956K->295300K(809472K), 0.0015509 secs] [Times: user=0.00 sys=0.00, real=0.00 secs] 
1999.126: [GC (Allocation Failure) [PSYoungGen: 72157K->1453K(72704K)] 365956K->295252K(809472K), 0.0020345 secs] [Times: user=0.00 sys=0.00, real=0.00 secs] 
2000.323: [GC (Allocation Failure) [PSYoungGen: 72109K->1472K(72192K)] 365908K->295287K(808960K), 0.0036709 secs] [Times: user=0.01 sys=0.00, real=0.01 secs] 
2001.176: [GC (Allocation Failure) [PSYoungGen: 72128K->1376K(72192K)] 365943K->295191K(808960K), 0.0024491 secs] [Times: user=0.01 sys=0.00, real=0.00 secs] 
2001.960: [GC (Allocation Failure) [PSYoungGen: 72032K->1376K(72192K)] 365847K->295191K(808960K), 0.0020427 secs] [Times: user=0.01 sys=0.00, real=0.00 secs] 
2002.624: [GC (Allocation Failure) [PSYoungGen: 72032K->1376K(72192K)] 365847K->295191K(808960K), 0.0023161 secs] [Times: user=0.01 sys=0.00, real=0.01 secs] 
2003.018: [GC (Allocation Failure) [PSYoungGen: 72032K->1440K(72192K)] 365847K->295263K(808960K), 0.0019388 secs] [Times: user=0.01 sys=0.00, real=0.00 secs] 
2003.149: [GC (Allocation Failure) [PSYoungGen: 72096K->1533K(72192K)] 365919K->295372K(808960K), 0.0018107 secs] [Times: user=0.01 sys=0.00, real=0.00 secs] 
2003.275: [GC (Allocation Failure) [PSYoungGen: 72189K->1469K(72192K)] 366028K->295324K(808960K), 0.0015881 secs] [Times: user=0.01 sys=0.00, real=0.00 secs] 
2003.417: [GC (Allocation Failure) [PSYoungGen: 72125K->1488K(72192K)] 365980K->295359K(808960K), 0.0018891 secs] [Times: user=0.01 sys=0.00, real=0.00 secs] 
2004.902: [GC (Allocation Failure) [PSYoungGen: 72144K->1408K(72192K)] 366015K->295279K(808960K), 0.0023447 secs] [Times: user=0.01 sys=0.00, real=0.01 secs] 
2005.330: [GC (Allocation Failure) [PSYoungGen: 72064K->1392K(72192K)] 365935K->295263K(808960K), 0.0024685 secs] [Times: user=0.01 sys=0.01, real=0.00 secs] 
2005.624: [GC (Allocation Failure) [PSYoungGen: 72048K->1408K(72192K)] 365919K->295279K(808960K), 0.0020344 secs] [Times: user=0.01 sys=0.00, real=0.00 secs] 
2005.981: [GC (Allocation Failure) [PSYoungGen: 71953K->320K(71168K)] 365824K->294191K(807936K), 0.0018651 secs] [Times: user=0.01 sys=0.00, real=0.00 secs] 
2006.113: [GC (Allocation Failure) [PSYoungGen: 70976K->1437K(72704K)] 364847K->295308K(809472K), 0.0016021 secs] [Times: user=0.01 sys=0.00, real=0.01 secs] 
2006.238: [GC (Allocation Failure) [PSYoungGen: 72093K->1469K(72704K)] 365964K->295340K(809472K), 0.0016040 secs] [Times: user=0.01 sys=0.00, real=0.00 secs] 
2006.382: [GC (Allocation Failure) [PSYoungGen: 72125K->1501K(72704K)] 365996K->295372K(809472K), 0.0018059 secs] [Times: user=0.01 sys=0.00, real=0.01 secs] 
2007.203: [GC (Allocation Failure) [PSYoungGen: 72157K->1424K(72704K)] 366028K->295295K(809472K), 0.0036394 secs] [Times: user=0.01 sys=0.00, real=0.01 secs] 
2007.526: [GC (Allocation Failure) [PSYoungGen: 72080K->1344K(72704K)] 365951K->295215K(809472K), 0.0020307 secs] [Times: user=0.01 sys=0.00, real=0.00 secs] 
2007.963: [GC (Allocation Failure) [PSYoungGen: 72000K->1408K(72704K)] 365871K->295279K(809472K), 0.0020096 secs] [Times: user=0.01 sys=0.00, real=0.01 secs] 
2008.522: [GC (Allocation Failure) [PSYoungGen: 72064K->1376K(72704K)] 365935K->295247K(809472K), 0.0027209 secs] [Times: user=0.02 sys=0.00, real=0.01 secs] 
2009.282: [GC (Allocation Failure) [PSYoungGen: 72032K->1501K(72704K)] 365903K->295372K(809472K), 0.0025238 secs] [Times: user=0.00 sys=0.00, real=0.01 secs] 
2009.454: [GC (Allocation Failure) [PSYoungGen: 72157K->1469K(72704K)] 366028K->295340K(809472K), 0.0016395 secs] [Times: user=0.00 sys=0.00, real=0.01 secs] 
2009.578: [GC (Allocation Failure) [PSYoungGen: 72125K->1469K(72704K)] 365996K->295340K(809472K), 0.0014773 secs] [Times: user=0.00 sys=0.00, real=0.00 secs] 
2009.703: [GC (Allocation Failure) [PSYoungGen: 72125K->1469K(72704K)] 365996K->295340K(809472K), 0.0016446 secs] [Times: user=0.00 sys=0.00, real=0.01 secs] 
2010.548: [GC (Allocation Failure) [PSYoungGen: 72125K->1376K(72704K)] 365996K->295271K(809472K), 0.0020323 secs] [Times: user=0.01 sys=0.00, real=0.00 secs] 
2011.113: [GC (Allocation Failure) [PSYoungGen: 72032K->1376K(72704K)] 365927K->295271K(809472K), 0.0023472 secs] [Times: user=0.01 sys=0.00, real=0.01 secs] 
2011.714: [GC (Allocation Failure) [PSYoungGen: 72032K->1408K(72704K)] 365927K->295303K(809472K), 0.0024248 secs] [Times: user=0.01 sys=0.00, real=0.01 secs] 
2012.316: [GC (Allocation Failure) [PSYoungGen: 72064K->1376K(72704K)] 365959K->295271K(809472K), 0.0024596 secs] [Times: user=0.01 sys=0.00, real=0.00 secs] 
2012.621: [GC (Allocation Failure) [PSYoungGen: 72032K->1485K(72704K)] 365927K->295380K(809472K), 0.0044394 secs] [Times: user=0.02 sys=0.00, real=0.01 secs] 
2012.755: [GC (Allocation Failure) [PSYoungGen: 72141K->1469K(72704K)] 366036K->295364K(809472K), 0.0015330 secs] [Times: user=0.01 sys=0.00, real=0.00 secs] 
2012.900: [GC (Allocation Failure) [PSYoungGen: 72125K->1437K(72704K)] 366020K->295332K(809472K), 0.0018654 secs] [Times: user=0.00 sys=0.00, real=0.00 secs] 
2013.257: [GC (Allocation Failure) [PSYoungGen: 72093K->1952K(72704K)] 365988K->295847K(809472K), 0.0018307 secs] [Times: user=0.00 sys=0.00, real=0.00 secs] 
2013.909: [GC (Allocation Failure) [PSYoungGen: 72608K->1328K(72704K)] 366503K->295223K(809472K), 0.0023241 secs] [Times: user=0.01 sys=0.00, real=0.00 secs] 
2014.467: [GC (Allocation Failure) [PSYoungGen: 71984K->1312K(72704K)] 365879K->295207K(809472K), 0.0028148 secs] [Times: user=0.01 sys=0.00, real=0.00 secs] 
2015.059: [GC (Allocation Failure) [PSYoungGen: 71968K->1344K(72704K)] 365863K->295239K(809472K), 0.0031687 secs] [Times: user=0.01 sys=0.01, real=0.00 secs] 
2015.912: [GC (Allocation Failure) [PSYoungGen: 72000K->1469K(72704K)] 365895K->295364K(809472K), 0.0026272 secs] [Times: user=0.01 sys=0.01, real=0.01 secs] 
2016.099: [GC (Allocation Failure) [PSYoungGen: 72125K->1469K(72704K)] 366020K->295364K(809472K), 0.0017231 secs] [Times: user=0.01 sys=0.00, real=0.00 secs] 
2016.223: [GC (Allocation Failure) [PSYoungGen: 72125K->1469K(72704K)] 366020K->295364K(809472K), 0.0016147 secs] [Times: user=0.01 sys=0.00, real=0.01 secs] 
2016.350: [GC (Allocation Failure) [PSYoungGen: 72125K->1501K(72704K)] 366020K->295396K(809472K), 0.0016118 secs] [Times: user=0.00 sys=0.00, real=0.00 secs] 
2016.966: [GC (Allocation Failure) [PSYoungGen: 72157K->1440K(72704K)] 366052K->295343K(809472K), 0.0025074 secs] [Times: user=0.01 sys=0.00, real=0.00 secs] 
2017.552: [GC (Allocation Failure) [PSYoungGen: 72096K->1376K(72704K)] 365999K->295279K(809472K), 0.0024106 secs] [Times: user=0.01 sys=0.00, real=0.01 secs] 
2018.168: [GC (Allocation Failure) [PSYoungGen: 72032K->1360K(72704K)] 365935K->295263K(809472K), 0.0023714 secs] [Times: user=0.01 sys=0.00, real=0.00 secs] 
2018.775: [GC (Allocation Failure) [PSYoungGen: 72016K->1376K(72704K)] 365919K->295279K(809472K), 0.0032300 secs] [Times: user=0.01 sys=0.00, real=0.00 secs] 
2019.148: [GC (Allocation Failure) [PSYoungGen: 72032K->1501K(72704K)] 365935K->295404K(809472K), 0.0018908 secs] [Times: user=0.00 sys=0.00, real=0.00 secs] 
2019.280: [GC (Allocation Failure) [PSYoungGen: 72157K->1469K(72704K)] 366060K->295372K(809472K), 0.0015000 secs] [Times: user=0.01 sys=0.00, real=0.00 secs] 
2019.405: [GC (Allocation Failure) [PSYoungGen: 72125K->1440K(72704K)] 366028K->295343K(809472K), 0.0014784 secs] [Times: user=0.01 sys=0.00, real=0.00 secs] 
2019.530: [GC (Allocation Failure) [PSYoungGen: 72096K->1501K(72704K)] 365999K->295420K(809472K), 0.0016965 secs] [Times: user=0.00 sys=0.00, real=0.00 secs] 
2019.975: [GC (Allocation Failure) [PSYoungGen: 72157K->1424K(72704K)] 366076K->295343K(809472K), 0.0020555 secs] [Times: user=0.01 sys=0.00, real=0.00 secs] 
2020.535: [GC (Allocation Failure) [PSYoungGen: 72080K->1424K(72704K)] 365999K->295343K(809472K), 0.0032181 secs] [Times: user=0.01 sys=0.00, real=0.00 secs] 
2020.861: [GC (Allocation Failure) [PSYoungGen: 72080K->1376K(72704K)] 365999K->295303K(809472K), 0.0020992 secs] [Times: user=0.01 sys=0.00, real=0.00 secs] 
2021.155: [GC (Allocation Failure) [PSYoungGen: 72032K->1408K(72704K)] 365959K->295335K(809472K), 0.0017785 secs] [Times: user=0.01 sys=0.00, real=0.00 secs] 
2021.359: [GC (Allocation Failure) [PSYoungGen: 72064K->1469K(72704K)] 365991K->295396K(809472K), 0.0016129 secs] [Times: user=0.01 sys=0.01, real=0.00 secs] 
2021.484: [GC (Allocation Failure) [PSYoungGen: 72125K->1437K(72704K)] 366052K->295364K(809472K), 0.0016016 secs] [Times: user=0.00 sys=0.00, real=0.00 secs] 
2021.608: [GC (Allocation Failure) [PSYoungGen: 72093K->1501K(72704K)] 366020K->295428K(809472K), 0.0016221 secs] [Times: user=0.00 sys=0.00, real=0.00 secs] 
2022.690: [GC (Allocation Failure) [PSYoungGen: 72157K->1440K(72704K)] 366084K->295375K(809472K), 0.0028437 secs] [Times: user=0.01 sys=0.00, real=0.00 secs] 
2023.739: [GC (Allocation Failure) [PSYoungGen: 72096K->1344K(72704K)] 366031K->295279K(809472K), 0.0021132 secs] [Times: user=0.00 sys=0.00, real=0.00 secs] 
2024.033: [GC (Allocation Failure) [PSYoungGen: 72000K->1376K(72704K)] 365935K->295311K(809472K), 0.0020183 secs] [Times: user=0.01 sys=0.00, real=0.01 secs] 
2024.410: [GC (Allocation Failure) [PSYoungGen: 72032K->1376K(72704K)] 365967K->295311K(809472K), 0.0019780 secs] [Times: user=0.01 sys=0.01, real=0.00 secs] 
2024.965: [GC (Allocation Failure) [PSYoungGen: 72032K->1456K(72704K)] 365967K->295391K(809472K), 0.0020389 secs] [Times: user=0.00 sys=0.00, real=0.00 secs] 
2025.119: [GC (Allocation Failure) [PSYoungGen: 72112K->1501K(72704K)] 366047K->295436K(809472K), 0.0015884 secs] [Times: user=0.01 sys=0.00, real=0.00 secs] 
2025.245: [GC (Allocation Failure) [PSYoungGen: 72157K->1469K(72704K)] 366092K->295404K(809472K), 0.0017273 secs] [Times: user=0.01 sys=0.00, real=0.00 secs] 
2025.370: [GC (Allocation Failure) [PSYoungGen: 72125K->1501K(72704K)] 366060K->295436K(809472K), 0.0016296 secs] [Times: user=0.01 sys=0.00, real=0.00 secs] 
2025.923: [GC (Allocation Failure) [PSYoungGen: 72157K->1424K(72704K)] 366092K->295367K(809472K), 0.0021129 secs] [Times: user=0.01 sys=0.00, real=0.01 secs] 
2026.476: [GC (Allocation Failure) [PSYoungGen: 72080K->1408K(72704K)] 366023K->295351K(809472K), 0.0019689 secs] [Times: user=0.00 sys=0.00, real=0.00 secs] 
2026.772: [GC (Allocation Failure) [PSYoungGen: 72064K->1376K(72704K)] 366007K->295319K(809472K), 0.0024803 secs] [Times: user=0.01 sys=0.00, real=0.01 secs] 
2027.212: [GC (Allocation Failure) [PSYoungGen: 72032K->1408K(72704K)] 365975K->295351K(809472K), 0.0020271 secs] [Times: user=0.01 sys=0.00, real=0.01 secs] 
2027.722: [GC (Allocation Failure) [PSYoungGen: 72064K->1421K(72704K)] 366007K->295364K(809472K), 0.0020115 secs] [Times: user=0.00 sys=0.00, real=0.01 secs] 
2027.856: [GC (Allocation Failure) [PSYoungGen: 72077K->1501K(72704K)] 366020K->295444K(809472K), 0.0016498 secs] [Times: user=0.01 sys=0.01, real=0.00 secs] 
2027.982: [GC (Allocation Failure) [PSYoungGen: 72157K->1501K(72704K)] 366100K->295444K(809472K), 0.0017032 secs] [Times: user=0.00 sys=0.01, real=0.00 secs] 
2028.107: [GC (Allocation Failure) [PSYoungGen: 72157K->192K(72704K)] 366100K->294151K(809472K), 0.0014252 secs] [Times: user=0.00 sys=0.00, real=0.00 secs] 
2028.853: [GC (Allocation Failure) [PSYoungGen: 70848K->1312K(72704K)] 364807K->295271K(809472K), 0.0020587 secs] [Times: user=0.01 sys=0.00, real=0.01 secs] 
2029.425: [GC (Allocation Failure) [PSYoungGen: 71968K->1376K(72704K)] 365927K->295335K(809472K), 0.0019501 secs] [Times: user=0.01 sys=0.00, real=0.00 secs] 
2029.983: [GC (Allocation Failure) [PSYoungGen: 72032K->1344K(72704K)] 365991K->295303K(809472K), 0.0020131 secs] [Times: user=0.01 sys=0.00, real=0.01 secs] 
2031.881: [GC (Allocation Failure) [PSYoungGen: 72000K->1405K(72704K)] 365959K->295380K(809472K), 0.0037825 secs] [Times: user=0.01 sys=0.00, real=0.01 secs] 
2032.118: [GC (Allocation Failure) [PSYoungGen: 72061K->1453K(72704K)] 366036K->295428K(809472K), 0.0023139 secs] [Times: user=0.01 sys=0.00, real=0.00 secs] 
2032.247: [GC (Allocation Failure) [PSYoungGen: 72109K->1501K(72704K)] 366084K->295476K(809472K), 0.0016321 secs] [Times: user=0.01 sys=0.00, real=0.00 secs] 
2032.372: [GC (Allocation Failure) [PSYoungGen: 72157K->1501K(72704K)] 366132K->295476K(809472K), 0.0016602 secs] [Times: user=0.00 sys=0.00, real=0.00 secs] 
2032.727: [GC (Allocation Failure) [PSYoungGen: 72157K->1408K(72704K)] 366132K->295383K(809472K), 0.0021244 secs] [Times: user=0.01 sys=0.00, real=0.00 secs] 
2033.021: [GC (Allocation Failure) [PSYoungGen: 72064K->1344K(72704K)] 366039K->295319K(809472K), 0.0018136 secs] [Times: user=0.01 sys=0.00, real=0.00 secs] 
2033.411: [GC (Allocation Failure) [PSYoungGen: 72000K->1408K(72704K)] 365975K->295383K(809472K), 0.0018078 secs] [Times: user=0.00 sys=0.00, real=0.00 secs] 
2034.019: [GC (Allocation Failure) [PSYoungGen: 72064K->1376K(72704K)] 366039K->295351K(809472K), 0.0019517 secs] [Times: user=0.01 sys=0.00, real=0.00 secs] 
2034.559: [GC (Allocation Failure) [PSYoungGen: 72032K->1437K(72704K)] 366007K->295412K(809472K), 0.0018476 secs] [Times: user=0.01 sys=0.00, real=0.00 secs] 
2034.734: [GC (Allocation Failure) [PSYoungGen: 72093K->1456K(72704K)] 366068K->295431K(809472K), 0.0019255 secs] [Times: user=0.01 sys=0.00, real=0.00 secs] 
2034.887: [GC (Allocation Failure) [PSYoungGen: 72112K->1424K(72704K)] 366087K->295399K(809472K), 0.0015941 secs] [Times: user=0.01 sys=0.00, real=0.00 secs] 
2035.014: [GC (Allocation Failure) [PSYoungGen: 72080K->1469K(72704K)] 366055K->295444K(809472K), 0.0016200 secs] [Times: user=0.01 sys=0.00, real=0.00 secs] 
2035.532: [GC (Allocation Failure) [PSYoungGen: 72125K->1408K(72704K)] 366100K->295383K(809472K), 0.0023370 secs] [Times: user=0.01 sys=0.00, real=0.01 secs] 
2036.022: [GC (Allocation Failure) [PSYoungGen: 72064K->1360K(72704K)] 366039K->295335K(809472K), 0.0026128 secs] [Times: user=0.01 sys=0.00, real=0.01 secs] 
2036.815: [GC (Allocation Failure) [PSYoungGen: 72016K->1408K(72704K)] 365991K->295383K(809472K), 0.0022615 secs] [Times: user=0.01 sys=0.00, real=0.00 secs] 
2037.698: [GC (Allocation Failure) [PSYoungGen: 72064K->1328K(72704K)] 366039K->295303K(809472K), 0.0018654 secs] [Times: user=0.01 sys=0.00, real=0.00 secs] 
2039.258: [GC (Allocation Failure) [PSYoungGen: 71984K->1501K(72704K)] 365959K->295476K(809472K), 0.0021885 secs] [Times: user=0.01 sys=0.00, real=0.00 secs] 
2039.401: [GC (Allocation Failure) [PSYoungGen: 72157K->1488K(72704K)] 366132K->295463K(809472K), 0.0016709 secs] [Times: user=0.01 sys=0.00, real=0.00 secs] 
2039.528: [GC (Allocation Failure) [PSYoungGen: 72144K->1437K(72704K)] 366119K->295412K(809472K), 0.0016509 secs] [Times: user=0.01 sys=0.00, real=0.00 secs] 
2039.777: [GC (Allocation Failure) [PSYoungGen: 72093K->1456K(72704K)] 366068K->295431K(809472K), 0.0019754 secs] [Times: user=0.01 sys=0.00, real=0.00 secs] 
2040.375: [GC (Allocation Failure) [PSYoungGen: 72112K->1376K(72704K)] 366087K->295351K(809472K), 0.0018490 secs] [Times: user=0.01 sys=0.00, real=0.00 secs] 
2040.826: [GC (Allocation Failure) [PSYoungGen: 72032K->1376K(72704K)] 366007K->295351K(809472K), 0.0019763 secs] [Times: user=0.01 sys=0.00, real=0.00 secs] 
2041.356: [GC (Allocation Failure) [PSYoungGen: 72032K->1344K(72704K)] 366007K->295319K(809472K), 0.0020994 secs] [Times: user=0.01 sys=0.00, real=0.00 secs] 
2041.970: [GC (Allocation Failure) [PSYoungGen: 72000K->1424K(72704K)] 365975K->295399K(809472K), 0.0022453 secs] [Times: user=0.01 sys=0.00, real=0.00 secs] 
2042.129: [GC (Allocation Failure) [PSYoungGen: 72080K->1469K(72704K)] 366055K->295460K(809472K), 0.0018057 secs] [Times: user=0.01 sys=0.00, real=0.00 secs] 
2042.273: [GC (Allocation Failure) [PSYoungGen: 72125K->1437K(72704K)] 366116K->295428K(809472K), 0.0017803 secs] [Times: user=0.01 sys=0.00, real=0.01 secs] 
2042.426: [GC (Allocation Failure) [PSYoungGen: 72093K->1501K(72704K)] 366084K->295492K(809472K), 0.0016674 secs] [Times: user=0.01 sys=0.00, real=0.00 secs] 
2043.209: [GC (Allocation Failure) [PSYoungGen: 72157K->1408K(72704K)] 366148K->295415K(809472K), 0.0031147 secs] [Times: user=0.01 sys=0.00, real=0.00 secs] 
2043.612: [GC (Allocation Failure) [PSYoungGen: 72064K->1376K(72704K)] 366071K->295383K(809472K), 0.0020450 secs] [Times: user=0.01 sys=0.00, real=0.01 secs] 
2043.911: [GC (Allocation Failure) [PSYoungGen: 72032K->1344K(72704K)] 366039K->295351K(809472K), 0.0018552 secs] [Times: user=0.00 sys=0.00, real=0.00 secs] 
2044.542: [GC (Allocation Failure) [PSYoungGen: 72000K->1312K(72704K)] 366007K->295319K(809472K), 0.0021657 secs] [Times: user=0.00 sys=0.00, real=0.01 secs] 
2044.917: [GC (Allocation Failure) [PSYoungGen: 71968K->1501K(72704K)] 365975K->295508K(809472K), 0.0016697 secs] [Times: user=0.01 sys=0.00, real=0.00 secs] 
2045.044: [GC (Allocation Failure) [PSYoungGen: 72157K->1469K(72704K)] 366164K->295476K(809472K), 0.0015990 secs] [Times: user=0.01 sys=0.00, real=0.01 secs] 
2045.170: [GC (Allocation Failure) [PSYoungGen: 72125K->1501K(72704K)] 366132K->295508K(809472K), 0.0016416 secs] [Times: user=0.00 sys=0.00, real=0.00 secs] 
2045.295: [GC (Allocation Failure) [PSYoungGen: 72157K->1469K(72704K)] 366164K->295492K(809472K), 0.0015227 secs] [Times: user=0.01 sys=0.00, real=0.00 secs] 
2045.615: [GC (Allocation Failure) [PSYoungGen: 72125K->1408K(72704K)] 366148K->295431K(809472K), 0.0018945 secs] [Times: user=0.00 sys=0.00, real=0.00 secs] 
2046.069: [GC (Allocation Failure) [PSYoungGen: 72064K->1408K(72704K)] 366087K->295431K(809472K), 0.0018416 secs] [Times: user=0.00 sys=0.00, real=0.00 secs] 
2046.636: [GC (Allocation Failure) [PSYoungGen: 72064K->1376K(72704K)] 366087K->295399K(809472K), 0.0025684 secs] [Times: user=0.01 sys=0.00, real=0.00 secs] 
2047.186: [GC (Allocation Failure) [PSYoungGen: 72032K->1376K(72704K)] 366055K->295407K(809472K), 0.0024743 secs] [Times: user=0.01 sys=0.00, real=0.00 secs] 
2047.414: [GC (Allocation Failure) [PSYoungGen: 72032K->1469K(72704K)] 366063K->295500K(809472K), 0.0016339 secs] [Times: user=0.01 sys=0.00, real=0.00 secs] 
2047.540: [GC (Allocation Failure) [PSYoungGen: 72125K->1469K(72704K)] 366156K->295500K(809472K), 0.0015797 secs] [Times: user=0.01 sys=0.00, real=0.00 secs] 
2047.665: [GC (Allocation Failure) [PSYoungGen: 72125K->1501K(72704K)] 366156K->295532K(809472K), 0.0015305 secs] [Times: user=0.01 sys=0.00, real=0.00 secs] 
2048.275: [GC (Allocation Failure) [PSYoungGen: 72157K->1456K(72704K)] 366188K->295503K(809472K), 0.0021655 secs] [Times: user=0.01 sys=0.00, real=0.00 secs] 
2048.615: [GC (Allocation Failure) [PSYoungGen: 72112K->1408K(72704K)] 366159K->295455K(809472K), 0.0019049 secs] [Times: user=0.01 sys=0.00, real=0.00 secs] 
2048.909: [GC (Allocation Failure) [PSYoungGen: 72064K->1344K(72704K)] 366111K->295391K(809472K), 0.0018690 secs] [Times: user=0.01 sys=0.00, real=0.00 secs] 
2049.234: [GC (Allocation Failure) [PSYoungGen: 72000K->1408K(72704K)] 366047K->295455K(809472K), 0.0019864 secs] [Times: user=0.01 sys=0.00, real=0.00 secs] 
2049.557: [GC (Allocation Failure) [PSYoungGen: 72064K->1469K(72704K)] 366111K->295540K(809472K), 0.0018845 secs] [Times: user=0.01 sys=0.00, real=0.00 secs] 
2049.688: [GC (Allocation Failure) [PSYoungGen: 72125K->1501K(72704K)] 366196K->295572K(809472K), 0.0016726 secs] [Times: user=0.00 sys=0.00, real=0.00 secs] 
2049.813: [GC (Allocation Failure) [PSYoungGen: 72157K->1501K(72704K)] 366228K->295572K(809472K), 0.0015475 secs] [Times: user=0.00 sys=0.00, real=0.01 secs] 
2049.939: [GC (Allocation Failure) [PSYoungGen: 72157K->1488K(72704K)] 366228K->295559K(809472K), 0.0017678 secs] [Times: user=0.01 sys=0.00, real=0.00 secs] 
2050.218: [GC (Allocation Failure) [PSYoungGen: 72144K->1424K(72192K)] 366215K->295503K(808960K), 0.0018064 secs] [Times: user=0.00 sys=0.00, real=0.00 secs] 
2050.511: [GC (Allocation Failure) [PSYoungGen: 72080K->1376K(72192K)] 366159K->295455K(808960K), 0.0019566 secs] [Times: user=0.01 sys=0.00, real=0.00 secs] 
2050.849: [GC (Allocation Failure) [PSYoungGen: 72032K->1376K(72192K)] 366111K->295455K(808960K), 0.0018471 secs] [Times: user=0.01 sys=0.00, real=0.00 secs] 
2051.186: [GC (Allocation Failure) [PSYoungGen: 72032K->1328K(72192K)] 366111K->295407K(808960K), 0.0019260 secs] [Times: user=0.01 sys=0.00, real=0.00 secs] 
2051.401: [GC (Allocation Failure) [PSYoungGen: 71984K->1424K(72192K)] 366063K->295503K(808960K), 0.0014515 secs] [Times: user=0.00 sys=0.00, real=0.00 secs] 
2051.527: [GC (Allocation Failure) [PSYoungGen: 72080K->1456K(72192K)] 366159K->295535K(808960K), 0.0018340 secs] [Times: user=0.01 sys=0.00, real=0.00 secs] 
2051.672: [GC (Allocation Failure) [PSYoungGen: 72112K->1501K(72192K)] 366191K->295580K(808960K), 0.0018137 secs] [Times: user=0.00 sys=0.00, real=0.01 secs] 
2051.872: [GC (Allocation Failure) [PSYoungGen: 72157K->1472K(72192K)] 366236K->295551K(808960K), 0.0016858 secs] [Times: user=0.01 sys=0.00, real=0.00 secs] 
2052.191: [GC (Allocation Failure) [PSYoungGen: 72128K->1344K(72192K)] 366207K->295423K(808960K), 0.0018484 secs] [Times: user=0.01 sys=0.00, real=0.00 secs] 
2052.674: [GC (Allocation Failure) [PSYoungGen: 72000K->1312K(72192K)] 366079K->295399K(808960K), 0.0021643 secs] [Times: user=0.01 sys=0.00, real=0.01 secs] 
2053.121: [GC (Allocation Failure) [PSYoungGen: 71968K->1392K(72192K)] 366055K->295487K(808960K), 0.0019410 secs] [Times: user=0.01 sys=0.00, real=0.00 secs] 
2053.645: [GC (Allocation Failure) [PSYoungGen: 72048K->1437K(72192K)] 366143K->295532K(808960K), 0.0046192 secs] [Times: user=0.02 sys=0.00, real=0.00 secs] 
2053.850: [GC (Allocation Failure) [PSYoungGen: 72093K->1533K(72192K)] 366188K->295628K(808960K), 0.0023800 secs] [Times: user=0.01 sys=0.00, real=0.00 secs] 
2054.001: [GC (Allocation Failure) [PSYoungGen: 72189K->1501K(72704K)] 366284K->295596K(809472K), 0.0016302 secs] [Times: user=0.00 sys=0.00, real=0.00 secs] 
2054.147: [GC (Allocation Failure) [PSYoungGen: 72157K->1421K(72704K)] 366252K->295516K(809472K), 0.0019295 secs] [Times: user=0.01 sys=0.00, real=0.00 secs] 
2054.573: [GC (Allocation Failure) [PSYoungGen: 72077K->1424K(72704K)] 366172K->295519K(809472K), 0.0040722 secs] [Times: user=0.02 sys=0.00, real=0.01 secs] 
2055.318: [GC (Allocation Failure) [PSYoungGen: 72080K->1376K(72704K)] 366175K->295471K(809472K), 0.0026785 secs] [Times: user=0.01 sys=0.00, real=0.00 secs] 
2056.215: [GC (Allocation Failure) [PSYoungGen: 72032K->1344K(72704K)] 366127K->295439K(809472K), 0.0023572 secs] [Times: user=0.01 sys=0.00, real=0.00 secs] 
2056.829: [GC (Allocation Failure) [PSYoungGen: 72000K->1408K(72704K)] 366095K->295503K(809472K), 0.0022599 secs] [Times: user=0.01 sys=0.00, real=0.00 secs] 
2057.352: [GC (Allocation Failure) [PSYoungGen: 72064K->1469K(72704K)] 366159K->295564K(809472K), 0.0020984 secs] [Times: user=0.01 sys=0.00, real=0.01 secs] 
2057.495: [GC (Allocation Failure) [PSYoungGen: 72125K->1501K(72704K)] 366220K->295596K(809472K), 0.0015605 secs] [Times: user=0.01 sys=0.00, real=0.00 secs] 
2057.621: [GC (Allocation Failure) [PSYoungGen: 72157K->1469K(72704K)] 366252K->295564K(809472K), 0.0016711 secs] [Times: user=0.01 sys=0.00, real=0.00 secs] 
2057.767: [GC (Allocation Failure) [PSYoungGen: 72121K->1485K(72704K)] 366216K->295588K(809472K), 0.0018279 secs] [Times: user=0.00 sys=0.00, real=0.00 secs] 
2058.131: [GC (Allocation Failure) [PSYoungGen: 72141K->1408K(72704K)] 366244K->295511K(809472K), 0.0020596 secs] [Times: user=0.01 sys=0.00, real=0.00 secs] 
2058.425: [GC (Allocation Failure) [PSYoungGen: 72064K->1408K(72704K)] 366167K->295511K(809472K), 0.0019869 secs] [Times: user=0.00 sys=0.00, real=0.00 secs] 
2058.726: [GC (Allocation Failure) [PSYoungGen: 72064K->1376K(72704K)] 366167K->295479K(809472K), 0.0020641 secs] [Times: user=0.01 sys=0.00, real=0.00 secs] 
2059.020: [GC (Allocation Failure) [PSYoungGen: 72032K->1408K(72704K)] 366135K->295511K(809472K), 0.0020465 secs] [Times: user=0.00 sys=0.00, real=0.00 secs] 
2059.256: [GC (Allocation Failure) [PSYoungGen: 72064K->1437K(72704K)] 366167K->295540K(809472K), 0.0016782 secs] [Times: user=0.01 sys=0.00, real=0.00 secs] 
2059.381: [GC (Allocation Failure) [PSYoungGen: 72093K->1469K(72704K)] 366196K->295572K(809472K), 0.0015666 secs] [Times: user=0.01 sys=0.00, real=0.00 secs] 
2059.506: [GC (Allocation Failure) [PSYoungGen: 72125K->1469K(72704K)] 366228K->295572K(809472K), 0.0015292 secs] [Times: user=0.01 sys=0.00, real=0.00 secs] 
2059.697: [GC (Allocation Failure) [PSYoungGen: 72125K->1440K(72704K)] 366228K->295551K(809472K), 0.0019217 secs] [Times: user=0.01 sys=0.00, real=0.00 secs] 
2060.080: [GC (Allocation Failure) [PSYoungGen: 72096K->1376K(72704K)] 366207K->295503K(809472K), 0.0018116 secs] [Times: user=0.01 sys=0.00, real=0.00 secs] 
2060.598: [GC (Allocation Failure) [PSYoungGen: 72032K->1344K(72704K)] 366159K->295471K(809472K), 0.0019165 secs] [Times: user=0.00 sys=0.00, real=0.00 secs] 
2061.236: [GC (Allocation Failure) [PSYoungGen: 72000K->1392K(72192K)] 366127K->295519K(808960K), 0.0020084 secs] [Times: user=0.00 sys=0.00, real=0.00 secs] 
2061.852: [GC (Allocation Failure) [PSYoungGen: 72048K->1469K(71680K)] 366175K->295596K(808448K), 0.0019949 secs] [Times: user=0.01 sys=0.00, real=0.01 secs] 
2061.994: [GC (Allocation Failure) [PSYoungGen: 71599K->1536K(72192K)] 365726K->295663K(808960K), 0.0016230 secs] [Times: user=0.01 sys=0.00, real=0.00 secs] 
2062.118: [GC (Allocation Failure) [PSYoungGen: 71680K->1437K(72192K)] 365807K->295564K(808960K), 0.0016360 secs] [Times: user=0.00 sys=0.00, real=0.00 secs] 
2062.241: [GC (Allocation Failure) [PSYoungGen: 71581K->1469K(72192K)] 365708K->295596K(808960K), 0.0015932 secs] [Times: user=0.00 sys=0.00, real=0.00 secs] 
2062.713: [GC (Allocation Failure) [PSYoungGen: 71613K->1456K(72192K)] 365740K->295583K(808960K), 0.0018506 secs] [Times: user=0.01 sys=0.00, real=0.01 secs] 
2063.472: [GC (Allocation Failure) [PSYoungGen: 71600K->1408K(72192K)] 365727K->295535K(808960K), 0.0021980 secs] [Times: user=0.01 sys=0.00, real=0.01 secs] 
2064.507: [GC (Allocation Failure) [PSYoungGen: 71552K->1376K(72192K)] 365679K->295503K(808960K), 0.0037258 secs] [Times: user=0.01 sys=0.00, real=0.00 secs] 
2065.176: [GC (Allocation Failure) [PSYoungGen: 71520K->1408K(72192K)] 365647K->295535K(808960K), 0.0026682 secs] [Times: user=0.02 sys=0.00, real=0.00 secs] 
2065.608: [GC (Allocation Failure) [PSYoungGen: 71552K->1437K(71680K)] 365679K->295564K(808448K), 0.0022772 secs] [Times: user=0.00 sys=0.00, real=0.00 secs] 
2065.758: [GC (Allocation Failure) [PSYoungGen: 71581K->1469K(71680K)] 365708K->295596K(808448K), 0.0016670 secs] [Times: user=0.01 sys=0.00, real=0.00 secs] 
2065.883: [GC (Allocation Failure) [PSYoungGen: 71613K->1501K(72192K)] 365740K->295628K(808960K), 0.0016014 secs] [Times: user=0.01 sys=0.00, real=0.01 secs] 
2066.008: [GC (Allocation Failure) [PSYoungGen: 71645K->1437K(72192K)] 365772K->295572K(808960K), 0.0022634 secs] [Times: user=0.00 sys=0.00, real=0.00 secs] 
2067.106: [GC (Allocation Failure) [PSYoungGen: 71581K->1440K(71680K)] 365716K->295575K(808448K), 0.0033562 secs] [Times: user=0.02 sys=0.00, real=0.00 secs] 
2068.278: [GC (Allocation Failure) [PSYoungGen: 71584K->1344K(71680K)] 365719K->295479K(808448K), 0.0039858 secs] [Times: user=0.01 sys=0.00, real=0.00 secs] 
2068.831: [GC (Allocation Failure) [PSYoungGen: 71488K->384K(70656K)] 365623K->295543K(807424K), 0.0025611 secs] [Times: user=0.01 sys=0.01, real=0.00 secs] 
2069.305: [GC (Allocation Failure) [PSYoungGen: 70528K->320K(72192K)] 365687K->295479K(808960K), 0.0027153 secs] [Times: user=0.01 sys=0.00, real=0.00 secs] 
2069.842: [GC (Allocation Failure) [PSYoungGen: 70464K->1392K(71680K)] 365623K->296551K(808448K), 0.0021280 secs] [Times: user=0.01 sys=0.00, real=0.00 secs] 
2069.974: [GC (Allocation Failure) [PSYoungGen: 71536K->1501K(71680K)] 366695K->296660K(808448K), 0.0017932 secs] [Times: user=0.01 sys=0.00, real=0.00 secs] 
2070.124: [GC (Allocation Failure) [PSYoungGen: 71645K->1453K(71680K)] 366804K->296612K(808448K), 0.0019208 secs] [Times: user=0.01 sys=0.00, real=0.00 secs] 
2070.414: [GC (Allocation Failure) [PSYoungGen: 71597K->1632K(72192K)] 366756K->296791K(808960K), 0.0019731 secs] [Times: user=0.01 sys=0.00, real=0.01 secs] 
2071.106: [GC (Allocation Failure) [PSYoungGen: 71776K->368K(70656K)] 366935K->296551K(807424K), 0.0023511 secs] [Times: user=0.00 sys=0.00, real=0.00 secs] 
2071.822: [GC (Allocation Failure) [PSYoungGen: 70512K->352K(72704K)] 366695K->296535K(809472K), 0.0021216 secs] [Times: user=0.01 sys=0.00, real=0.01 secs] 
2072.508: [GC (Allocation Failure) [PSYoungGen: 70496K->384K(71680K)] 366679K->296591K(808448K), 0.0023371 secs] [Times: user=0.01 sys=0.00, real=0.00 secs] 
2073.112: [GC (Allocation Failure) [PSYoungGen: 70528K->1469K(72704K)] 366735K->297676K(809472K), 0.0021668 secs] [Times: user=0.01 sys=0.00, real=0.00 secs] 
2073.268: [GC (Allocation Failure) [PSYoungGen: 71586K->1501K(72704K)] 367793K->297708K(809472K), 0.0015825 secs] [Times: user=0.00 sys=0.00, real=0.00 secs] 
2073.392: [GC (Allocation Failure) [PSYoungGen: 71645K->1469K(72704K)] 367852K->297676K(809472K), 0.0014486 secs] [Times: user=0.01 sys=0.00, real=0.00 secs] 
2073.515: [GC (Allocation Failure) [PSYoungGen: 71613K->1456K(72704K)] 367820K->297663K(809472K), 0.0015533 secs] [Times: user=0.01 sys=0.00, real=0.00 secs] 
2073.805: [GC (Allocation Failure) [PSYoungGen: 71600K->1440K(72704K)] 367807K->297647K(809472K), 0.0018110 secs] [Times: user=0.01 sys=0.00, real=0.00 secs] 
2074.449: [GC (Allocation Failure) [PSYoungGen: 71584K->1376K(72704K)] 367791K->297583K(809472K), 0.0016822 secs] [Times: user=0.01 sys=0.00, real=0.00 secs] 
2074.807: [GC (Allocation Failure) [PSYoungGen: 71520K->1344K(72704K)] 367727K->297551K(809472K), 0.0019874 secs] [Times: user=0.01 sys=0.00, real=0.00 secs] 
2075.099: [GC (Allocation Failure) [PSYoungGen: 71488K->1376K(72704K)] 367695K->297583K(809472K), 0.0017904 secs] [Times: user=0.01 sys=0.00, real=0.00 secs] 
2075.531: [GC (Allocation Failure) [PSYoungGen: 71520K->1501K(72704K)] 367727K->297708K(809472K), 0.0023110 secs] [Times: user=0.01 sys=0.00, real=0.00 secs] 
2075.738: [GC (Allocation Failure) [PSYoungGen: 71645K->1453K(72704K)] 367852K->297660K(809472K), 0.0020006 secs] [Times: user=0.01 sys=0.00, real=0.00 secs] 
2075.903: [GC (Allocation Failure) [PSYoungGen: 71597K->1485K(72704K)] 367804K->297692K(809472K), 0.0018191 secs] [Times: user=0.00 sys=0.00, real=0.01 secs] 
2076.053: [GC (Allocation Failure) [PSYoungGen: 71629K->1501K(72704K)] 367836K->297716K(809472K), 0.0016594 secs] [Times: user=0.01 sys=0.00, real=0.01 secs] 
2076.562: [GC (Allocation Failure) [PSYoungGen: 71645K->1408K(71680K)] 367860K->297623K(808448K), 0.0043952 secs] [Times: user=0.01 sys=0.00, real=0.01 secs] 
2076.962: [GC (Allocation Failure) [PSYoungGen: 71552K->1344K(72192K)] 367767K->297559K(808960K), 0.0021240 secs] [Times: user=0.01 sys=0.00, real=0.01 secs] 
2077.322: [GC (Allocation Failure) [PSYoungGen: 71488K->1360K(72192K)] 367703K->297575K(808960K), 0.0020676 secs] [Times: user=0.01 sys=0.00, real=0.01 secs] 
2077.614: [GC (Allocation Failure) [PSYoungGen: 71504K->1408K(72192K)] 367719K->297623K(808960K), 0.0020525 secs] [Times: user=0.01 sys=0.00, real=0.00 secs] 
2077.828: [GC (Allocation Failure) [PSYoungGen: 71552K->1472K(72192K)] 367767K->297687K(808960K), 0.0015854 secs] [Times: user=0.01 sys=0.00, real=0.00 secs] 
2077.952: [GC (Allocation Failure) [PSYoungGen: 71616K->1469K(72192K)] 367831K->297684K(808960K), 0.0015419 secs] [Times: user=0.01 sys=0.00, real=0.00 secs] 
2078.075: [GC (Allocation Failure) [PSYoungGen: 71613K->1456K(72192K)] 367828K->297671K(808960K), 0.0015076 secs] [Times: user=0.01 sys=0.00, real=0.00 secs] 
2078.199: [GC (Allocation Failure) [PSYoungGen: 71600K->1469K(72192K)] 367815K->297700K(808960K), 0.0016705 secs] [Times: user=0.01 sys=0.00, real=0.00 secs] 
2078.517: [GC (Allocation Failure) [PSYoungGen: 71613K->1456K(72192K)] 367844K->297687K(808960K), 0.0016858 secs] [Times: user=0.01 sys=0.00, real=0.00 secs] 
2078.807: [GC (Allocation Failure) [PSYoungGen: 71600K->1344K(72192K)] 367831K->297583K(808960K), 0.0015332 secs] [Times: user=0.00 sys=0.00, real=0.00 secs] 
2079.098: [GC (Allocation Failure) [PSYoungGen: 71488K->1376K(72192K)] 367727K->297615K(808960K), 0.0016069 secs] [Times: user=0.01 sys=0.00, real=0.00 secs] 
2079.430: [GC (Allocation Failure) [PSYoungGen: 71520K->1344K(72192K)] 367759K->297583K(808960K), 0.0015800 secs] [Times: user=0.01 sys=0.00, real=0.00 secs] 
2079.622: [GC (Allocation Failure) [PSYoungGen: 71488K->1456K(72192K)] 367727K->297695K(808960K), 0.0019324 secs] [Times: user=0.00 sys=0.00, real=0.00 secs] 
2079.784: [GC (Allocation Failure) [PSYoungGen: 71600K->1469K(72192K)] 367839K->297708K(808960K), 0.0016545 secs] [Times: user=0.00 sys=0.00, real=0.00 secs] 
2079.907: [GC (Allocation Failure) [PSYoungGen: 71613K->1488K(72192K)] 367852K->297727K(808960K), 0.0017500 secs] [Times: user=0.01 sys=0.00, real=0.00 secs] 
2080.108: [GC (Allocation Failure) [PSYoungGen: 71632K->1488K(72192K)] 367871K->297735K(808960K), 0.0020941 secs] [Times: user=0.01 sys=0.00, real=0.00 secs] 
2080.592: [GC (Allocation Failure) [PSYoungGen: 71632K->1344K(72192K)] 367879K->297591K(808960K), 0.0026708 secs] [Times: user=0.01 sys=0.00, real=0.01 secs] 
2081.166: [GC (Allocation Failure) [PSYoungGen: 71488K->1376K(72192K)] 367735K->297623K(808960K), 0.0021555 secs] [Times: user=0.01 sys=0.00, real=0.00 secs] 
2081.748: [GC (Allocation Failure) [PSYoungGen: 71520K->1328K(72192K)] 367767K->297575K(808960K), 0.0023795 secs] [Times: user=0.01 sys=0.00, real=0.00 secs] 
2082.334: [GC (Allocation Failure) [PSYoungGen: 71472K->1469K(72192K)] 367719K->297716K(808960K), 0.0021536 secs] [Times: user=0.01 sys=0.00, real=0.00 secs] 
2082.537: [GC (Allocation Failure) [PSYoungGen: 71613K->1456K(72192K)] 367860K->297703K(808960K), 0.0020149 secs] [Times: user=0.00 sys=0.00, real=0.00 secs] 
2082.671: [GC (Allocation Failure) [PSYoungGen: 71600K->1501K(72192K)] 367847K->297748K(808960K), 0.0016548 secs] [Times: user=0.00 sys=0.00, real=0.00 secs] 
2082.815: [GC (Allocation Failure) [PSYoungGen: 71645K->1453K(72192K)] 367892K->297700K(808960K), 0.0019473 secs] [Times: user=0.01 sys=0.00, real=0.00 secs] 
2083.276: [GC (Allocation Failure) [PSYoungGen: 71597K->1424K(72192K)] 367844K->297671K(808960K), 0.0028479 secs] [Times: user=0.01 sys=0.00, real=0.00 secs] 
2083.938: [GC (Allocation Failure) [PSYoungGen: 71568K->1376K(72192K)] 367815K->297623K(808960K), 0.0022844 secs] [Times: user=0.01 sys=0.00, real=0.00 secs] 
2084.758: [GC (Allocation Failure) [PSYoungGen: 71520K->1344K(72192K)] 367767K->297591K(808960K), 0.0026769 secs] [Times: user=0.01 sys=0.00, real=0.00 secs] 
2085.479: [GC (Allocation Failure) [PSYoungGen: 71488K->1328K(72192K)] 367735K->297575K(808960K), 0.0026007 secs] [Times: user=0.01 sys=0.00, real=0.00 secs] 
2085.909: [GC (Allocation Failure) [PSYoungGen: 71472K->1469K(72192K)] 367719K->297716K(808960K), 0.0021137 secs] [Times: user=0.01 sys=0.00, real=0.00 secs] 
2086.052: [GC (Allocation Failure) [PSYoungGen: 71596K->1469K(72192K)] 367843K->297716K(808960K), 0.0015585 secs] [Times: user=0.01 sys=0.00, real=0.00 secs] 
2086.178: [GC (Allocation Failure) [PSYoungGen: 71613K->1501K(72192K)] 367860K->297748K(808960K), 0.0015893 secs] [Times: user=0.00 sys=0.00, real=0.00 secs] 
2086.303: [GC (Allocation Failure) [PSYoungGen: 71645K->1440K(72192K)] 367892K->297695K(808960K), 0.0015012 secs] [Times: user=0.01 sys=0.00, real=0.01 secs] 
2087.804: [GC (Allocation Failure) [PSYoungGen: 71584K->1408K(72192K)] 367839K->297663K(808960K), 0.0034635 secs] [Times: user=0.01 sys=0.00, real=0.00 secs] 
2088.595: [GC (Allocation Failure) [PSYoungGen: 71552K->1360K(72192K)] 367807K->297615K(808960K), 0.0033114 secs] [Times: user=0.02 sys=0.00, real=0.00 secs] 
2089.235: [GC (Allocation Failure) [PSYoungGen: 71504K->1376K(72192K)] 367759K->297631K(808960K), 0.0029492 secs] [Times: user=0.01 sys=0.00, real=0.00 secs] 
2089.847: [GC (Allocation Failure) [PSYoungGen: 71520K->1408K(72192K)] 367775K->297663K(808960K), 0.0023172 secs] [Times: user=0.01 sys=0.00, real=0.00 secs] 
2090.181: [GC (Allocation Failure) [PSYoungGen: 71552K->1469K(72192K)] 367807K->297724K(808960K), 0.0015749 secs] [Times: user=0.01 sys=0.00, real=0.00 secs] 
2090.304: [GC (Allocation Failure) [PSYoungGen: 71613K->1469K(72192K)] 367868K->297724K(808960K), 0.0015857 secs] [Times: user=0.00 sys=0.00, real=0.00 secs] 
2090.427: [GC (Allocation Failure) [PSYoungGen: 71613K->1469K(72192K)] 367868K->297724K(808960K), 0.0015789 secs] [Times: user=0.00 sys=0.00, real=0.00 secs] 
2090.624: [GC (Allocation Failure) [PSYoungGen: 71613K->1920K(72192K)] 367868K->298175K(808960K), 0.0018321 secs] [Times: user=0.01 sys=0.00, real=0.00 secs] 
2091.445: [GC (Allocation Failure) [PSYoungGen: 72064K->1376K(72192K)] 368319K->297631K(808960K), 0.0018381 secs] [Times: user=0.01 sys=0.00, real=0.00 secs] 
2092.160: [GC (Allocation Failure) [PSYoungGen: 71520K->1376K(72192K)] 367775K->297655K(808960K), 0.0018578 secs] [Times: user=0.01 sys=0.00, real=0.00 secs] 
2092.851: [GC (Allocation Failure) [PSYoungGen: 71520K->1408K(72192K)] 367799K->297687K(808960K), 0.0022438 secs] [Times: user=0.01 sys=0.00, real=0.00 secs] 
2093.490: [GC (Allocation Failure) [PSYoungGen: 71552K->1501K(72192K)] 367831K->297780K(808960K), 0.0020358 secs] [Times: user=0.01 sys=0.00, real=0.00 secs] 
2093.686: [GC (Allocation Failure) [PSYoungGen: 71645K->1485K(72192K)] 367924K->297764K(808960K), 0.0020663 secs] [Times: user=0.01 sys=0.00, real=0.00 secs] 
2093.837: [GC (Allocation Failure) [PSYoungGen: 71629K->1456K(72192K)] 367908K->297735K(808960K), 0.0016410 secs] [Times: user=0.00 sys=0.00, real=0.00 secs] 
2093.960: [GC (Allocation Failure) [PSYoungGen: 71600K->1469K(72192K)] 367879K->297748K(808960K), 0.0017227 secs] [Times: user=0.01 sys=0.00, real=0.00 secs] 
2094.403: [GC (Allocation Failure) [PSYoungGen: 71613K->1408K(72192K)] 367892K->297695K(808960K), 0.0033499 secs] [Times: user=0.01 sys=0.00, real=0.01 secs] 
2094.978: [GC (Allocation Failure) [PSYoungGen: 71552K->1344K(72192K)] 367839K->297631K(808960K), 0.0030651 secs] [Times: user=0.01 sys=0.00, real=0.00 secs] 
2095.629: [GC (Allocation Failure) [PSYoungGen: 71488K->1328K(72192K)] 367775K->297615K(808960K), 0.0024912 secs] [Times: user=0.01 sys=0.00, real=0.00 secs] 
2096.231: [GC (Allocation Failure) [PSYoungGen: 71472K->1376K(72192K)] 367759K->297663K(808960K), 0.0025543 secs] [Times: user=0.01 sys=0.00, real=0.00 secs] 
2096.647: [GC (Allocation Failure) [PSYoungGen: 71520K->1437K(72192K)] 367807K->297724K(808960K), 0.0019654 secs] [Times: user=0.01 sys=0.00, real=0.00 secs] 
2096.784: [GC (Allocation Failure) [PSYoungGen: 71572K->1501K(72192K)] 367859K->297788K(808960K), 0.0016048 secs] [Times: user=0.01 sys=0.00, real=0.00 secs] 
2096.908: [GC (Allocation Failure) [PSYoungGen: 71645K->1437K(72192K)] 367932K->297724K(808960K), 0.0015299 secs] [Times: user=0.01 sys=0.00, real=0.00 secs] 
2097.031: [GC (Allocation Failure) [PSYoungGen: 71581K->1501K(72192K)] 367868K->297796K(808960K), 0.0015931 secs] [Times: user=0.00 sys=0.00, real=0.00 secs] 
2097.596: [GC (Allocation Failure) [PSYoungGen: 71645K->1408K(72192K)] 367940K->297703K(808960K), 0.0023478 secs] [Times: user=0.00 sys=0.00, real=0.00 secs] 
2098.116: [GC (Allocation Failure) [PSYoungGen: 71552K->1392K(72192K)] 367847K->297687K(808960K), 0.0024370 secs] [Times: user=0.01 sys=0.00, real=0.00 secs] 
2098.410: [GC (Allocation Failure) [PSYoungGen: 71536K->1344K(72192K)] 367831K->297639K(808960K), 0.0022163 secs] [Times: user=0.01 sys=0.00, real=0.00 secs] 
2098.909: [GC (Allocation Failure) [PSYoungGen: 71488K->1376K(72192K)] 367783K->297671K(808960K), 0.0020439 secs] [Times: user=0.01 sys=0.00, real=0.00 secs] 
2099.303: [GC (Allocation Failure) [PSYoungGen: 71520K->1501K(72192K)] 367815K->297796K(808960K), 0.0020947 secs] [Times: user=0.01 sys=0.00, real=0.01 secs] 
2099.448: [GC (Allocation Failure) [PSYoungGen: 71645K->1469K(72192K)] 367940K->297764K(808960K), 0.0015696 secs] [Times: user=0.01 sys=0.00, real=0.00 secs] 
2099.571: [GC (Allocation Failure) [PSYoungGen: 71613K->1472K(72192K)] 367908K->297767K(808960K), 0.0015091 secs] [Times: user=0.00 sys=0.00, real=0.00 secs] 
2099.695: [GC (Allocation Failure) [PSYoungGen: 71616K->1469K(72192K)] 367911K->297772K(808960K), 0.0015948 secs] [Times: user=0.00 sys=0.00, real=0.00 secs] 
2100.714: [GC (Allocation Failure) [PSYoungGen: 71613K->1408K(72192K)] 367916K->297719K(808960K), 0.0021319 secs] [Times: user=0.01 sys=0.00, real=0.00 secs] 
2101.788: [GC (Allocation Failure) [PSYoungGen: 71552K->1408K(72192K)] 367863K->297719K(808960K), 0.0025636 secs] [Times: user=0.02 sys=0.00, real=0.00 secs] 
2102.870: [GC (Allocation Failure) [PSYoungGen: 71552K->1312K(72192K)] 367863K->297623K(808960K), 0.0040220 secs] [Times: user=0.02 sys=0.00, real=0.01 secs] 
2103.560: [GC (Allocation Failure) [PSYoungGen: 71456K->1312K(72192K)] 367767K->297623K(808960K), 0.0027770 secs] [Times: user=0.01 sys=0.00, real=0.00 secs] 
2103.790: [GC (Allocation Failure) [PSYoungGen: 71456K->1501K(72192K)] 367767K->297812K(808960K), 0.0015498 secs] [Times: user=0.01 sys=0.00, real=0.00 secs] 
2103.914: [GC (Allocation Failure) [PSYoungGen: 71645K->1469K(72192K)] 367956K->297780K(808960K), 0.0017563 secs] [Times: user=0.00 sys=0.00, real=0.00 secs] 
2104.055: [GC (Allocation Failure) [PSYoungGen: 71613K->1456K(72192K)] 367924K->297767K(808960K), 0.0017812 secs] [Times: user=0.00 sys=0.00, real=0.00 secs] 
2104.553: [GC (Allocation Failure) [PSYoungGen: 71600K->1424K(72192K)] 367911K->297735K(808960K), 0.0024222 secs] [Times: user=0.01 sys=0.00, real=0.01 secs] 
2105.334: [GC (Allocation Failure) [PSYoungGen: 71568K->1360K(72192K)] 367879K->297671K(808960K), 0.0027026 secs] [Times: user=0.01 sys=0.00, real=0.00 secs] 
2106.378: [GC (Allocation Failure) [PSYoungGen: 71504K->1376K(72192K)] 367815K->297687K(808960K), 0.0033439 secs] [Times: user=0.01 sys=0.00, real=0.00 secs] 
2107.150: [GC (Allocation Failure) [PSYoungGen: 71520K->1376K(72192K)] 367831K->297687K(808960K), 0.0035965 secs] [Times: user=0.02 sys=0.00, real=0.00 secs] 
2108.013: [GC (Allocation Failure) [PSYoungGen: 71500K->1469K(72192K)] 367811K->297780K(808960K), 0.0028334 secs] [Times: user=0.01 sys=0.00, real=0.01 secs] 
2108.208: [GC (Allocation Failure) [PSYoungGen: 71613K->1501K(72192K)] 367924K->297812K(808960K), 0.0016852 secs] [Times: user=0.00 sys=0.00, real=0.00 secs] 
2108.333: [GC (Allocation Failure) [PSYoungGen: 71645K->1501K(72192K)] 367956K->297812K(808960K), 0.0016464 secs] [Times: user=0.00 sys=0.00, real=0.01 secs] 
2108.476: [GC (Allocation Failure) [PSYoungGen: 71645K->1469K(72192K)] 367956K->297780K(808960K), 0.0019150 secs] [Times: user=0.01 sys=0.00, real=0.00 secs] 
2109.156: [GC (Allocation Failure) [PSYoungGen: 71613K->1456K(72192K)] 367924K->297767K(808960K), 0.0026427 secs] [Times: user=0.01 sys=0.00, real=0.00 secs] 
2109.573: [GC (Allocation Failure) [PSYoungGen: 71600K->1376K(72192K)] 367911K->297687K(808960K), 0.0019688 secs] [Times: user=0.01 sys=0.00, real=0.01 secs] 
2110.176: [GC (Allocation Failure) [PSYoungGen: 71520K->1344K(72192K)] 367831K->297655K(808960K), 0.0033135 secs] [Times: user=0.01 sys=0.00, real=0.00 secs] 
2110.787: [GC (Allocation Failure) [PSYoungGen: 71488K->1376K(72192K)] 367799K->297687K(808960K), 0.0029647 secs] [Times: user=0.01 sys=0.00, real=0.00 secs] 
2111.197: [GC (Allocation Failure) [PSYoungGen: 71520K->1469K(72192K)] 367831K->297780K(808960K), 0.0020807 secs] [Times: user=0.01 sys=0.00, real=0.00 secs] 
2111.372: [GC (Allocation Failure) [PSYoungGen: 71609K->1453K(72192K)] 367920K->297764K(808960K), 0.0019143 secs] [Times: user=0.00 sys=0.01, real=0.00 secs] 
2111.531: [GC (Allocation Failure) [PSYoungGen: 71597K->1440K(72192K)] 367908K->297751K(808960K), 0.0016854 secs] [Times: user=0.01 sys=0.00, real=0.00 secs] 
2111.656: [GC (Allocation Failure) [PSYoungGen: 71584K->1469K(72192K)] 367895K->297788K(808960K), 0.0017942 secs] [Times: user=0.01 sys=0.00, real=0.00 secs] 
2112.295: [GC (Allocation Failure) [PSYoungGen: 71613K->1408K(72192K)] 367932K->297735K(808960K), 0.0042643 secs] [Times: user=0.01 sys=0.00, real=0.00 secs] 
2112.962: [GC (Allocation Failure) [PSYoungGen: 71552K->1408K(72192K)] 367879K->297735K(808960K), 0.0029896 secs] [Times: user=0.01 sys=0.00, real=0.01 secs] 
2113.502: [GC (Allocation Failure) [PSYoungGen: 71552K->1376K(72192K)] 367879K->297703K(808960K), 0.0023027 secs] [Times: user=0.01 sys=0.00, real=0.01 secs] 
2114.027: [GC (Allocation Failure) [PSYoungGen: 71520K->1344K(72192K)] 367847K->297671K(808960K), 0.0022295 secs] [Times: user=0.00 sys=0.00, real=0.00 secs] 
2114.254: [GC (Allocation Failure) [PSYoungGen: 71488K->1504K(72192K)] 367815K->297831K(808960K), 0.0015439 secs] [Times: user=0.00 sys=0.00, real=0.00 secs] 
2114.379: [GC (Allocation Failure) [PSYoungGen: 71648K->1501K(72192K)] 367975K->297828K(808960K), 0.0015912 secs] [Times: user=0.00 sys=0.01, real=0.00 secs] 
2114.503: [GC (Allocation Failure) [PSYoungGen: 71645K->1437K(72192K)] 367972K->297764K(808960K), 0.0015768 secs] [Times: user=0.00 sys=0.00, real=0.01 secs] 
2114.725: [GC (Allocation Failure) [PSYoungGen: 71581K->1440K(72192K)] 367908K->297767K(808960K), 0.0019429 secs] [Times: user=0.01 sys=0.00, real=0.00 secs] 
2115.297: [GC (Allocation Failure) [PSYoungGen: 71584K->1408K(72192K)] 367911K->297735K(808960K), 0.0021131 secs] [Times: user=0.01 sys=0.00, real=0.00 secs] 
2115.966: [GC (Allocation Failure) [PSYoungGen: 71552K->1376K(72192K)] 367879K->297703K(808960K), 0.0022435 secs] [Times: user=0.01 sys=0.00, real=0.00 secs] 
2116.497: [GC (Allocation Failure) [PSYoungGen: 71520K->1376K(72192K)] 367847K->297703K(808960K), 0.0023792 secs] [Times: user=0.01 sys=0.01, real=0.00 secs] 
2117.004: [GC (Allocation Failure) [PSYoungGen: 71520K->1424K(71680K)] 367847K->297751K(808448K), 0.0023231 secs] [Times: user=0.01 sys=0.00, real=0.00 secs] 
2117.164: [GC (Allocation Failure) [PSYoungGen: 71568K->1469K(71168K)] 367895K->297796K(807936K), 0.0016049 secs] [Times: user=0.01 sys=0.00, real=0.00 secs] 
2117.287: [GC (Allocation Failure) [PSYoungGen: 71101K->1469K(71680K)] 367428K->297796K(808448K), 0.0016255 secs] [Times: user=0.00 sys=0.00, real=0.00 secs] 
2117.429: [GC (Allocation Failure) [PSYoungGen: 71101K->1469K(71680K)] 367428K->297796K(808448K), 0.0017640 secs] [Times: user=0.00 sys=0.00, real=0.00 secs] 
2117.853: [GC (Allocation Failure) [PSYoungGen: 71101K->1456K(71680K)] 367428K->297783K(808448K), 0.0023862 secs] [Times: user=0.01 sys=0.00, real=0.01 secs] 
2118.508: [GC (Allocation Failure) [PSYoungGen: 71088K->1360K(71680K)] 367415K->297687K(808448K), 0.0023155 secs] [Times: user=0.01 sys=0.00, real=0.00 secs] 
2119.046: [GC (Allocation Failure) [PSYoungGen: 70992K->1376K(71680K)] 367319K->297703K(808448K), 0.0023421 secs] [Times: user=0.01 sys=0.00, real=0.00 secs] 
2119.683: [GC (Allocation Failure) [PSYoungGen: 71008K->1376K(71680K)] 367335K->297703K(808448K), 0.0026367 secs] [Times: user=0.01 sys=0.00, real=0.01 secs] 
2120.270: [GC (Allocation Failure) [PSYoungGen: 71008K->1469K(71680K)] 367335K->297796K(808448K), 0.0024748 secs] [Times: user=0.01 sys=0.00, real=0.00 secs] 
2120.482: [GC (Allocation Failure) [PSYoungGen: 71101K->1533K(71680K)] 367428K->297860K(808448K), 0.0022493 secs] [Times: user=0.01 sys=0.00, real=0.01 secs] 
2120.634: [GC (Allocation Failure) [PSYoungGen: 71165K->1469K(71680K)] 367492K->297796K(808448K), 0.0016843 secs] [Times: user=0.00 sys=0.00, real=0.00 secs] 
2120.757: [GC (Allocation Failure) [PSYoungGen: 71101K->1469K(71680K)] 367428K->297820K(808448K), 0.0016995 secs] [Times: user=0.00 sys=0.00, real=0.00 secs] 
2121.656: [GC (Allocation Failure) [PSYoungGen: 71101K->1408K(71680K)] 367452K->297759K(808448K), 0.0040699 secs] [Times: user=0.02 sys=0.00, real=0.00 secs] 
2122.077: [GC (Allocation Failure) [PSYoungGen: 71040K->1360K(71680K)] 367391K->297711K(808448K), 0.0021880 secs] [Times: user=0.01 sys=0.00, real=0.00 secs] 
2122.367: [GC (Allocation Failure) [PSYoungGen: 70992K->1344K(71680K)] 367343K->297695K(808448K), 0.0018934 secs] [Times: user=0.01 sys=0.00, real=0.00 secs] 
2122.656: [GC (Allocation Failure) [PSYoungGen: 70976K->1360K(71680K)] 367327K->297711K(808448K), 0.0018141 secs] [Times: user=0.01 sys=0.00, real=0.00 secs] 
2122.866: [GC (Allocation Failure) [PSYoungGen: 70992K->1501K(71680K)] 367343K->297852K(808448K), 0.0015796 secs] [Times: user=0.00 sys=0.00, real=0.00 secs] 
2122.989: [GC (Allocation Failure) [PSYoungGen: 71133K->1469K(71680K)] 367484K->297820K(808448K), 0.0015872 secs] [Times: user=0.01 sys=0.00, real=0.00 secs] 
2123.112: [GC (Allocation Failure) [PSYoungGen: 71101K->1501K(71680K)] 367452K->297852K(808448K), 0.0015972 secs] [Times: user=0.01 sys=0.00, real=0.00 secs] 
2123.235: [GC (Allocation Failure) [PSYoungGen: 71133K->1437K(71680K)] 367484K->297804K(808448K), 0.0015915 secs] [Times: user=0.01 sys=0.00, real=0.00 secs] 
2124.544: [GC (Allocation Failure) [PSYoungGen: 71069K->1472K(71680K)] 367436K->297839K(808448K), 0.0036214 secs] [Times: user=0.01 sys=0.00, real=0.00 secs] 
2125.388: [GC (Allocation Failure) [PSYoungGen: 71104K->1408K(71680K)] 367471K->297775K(808448K), 0.0080910 secs] [Times: user=0.04 sys=0.00, real=0.01 secs] 
2126.073: [GC (Allocation Failure) [PSYoungGen: 71040K->1344K(71680K)] 367407K->297711K(808448K), 0.0022940 secs] [Times: user=0.01 sys=0.00, real=0.01 secs] 
2126.649: [GC (Allocation Failure) [PSYoungGen: 70976K->1344K(71680K)] 367343K->297711K(808448K), 0.0025262 secs] [Times: user=0.01 sys=0.00, real=0.00 secs] 
2127.193: [GC (Allocation Failure) [PSYoungGen: 70976K->1469K(71680K)] 367343K->297836K(808448K), 0.0020222 secs] [Times: user=0.01 sys=0.00, real=0.01 secs] 
2127.363: [GC (Allocation Failure) [PSYoungGen: 71101K->1501K(71680K)] 367468K->297868K(808448K), 0.0019041 secs] [Times: user=0.01 sys=0.00, real=0.01 secs] 
2127.528: [GC (Allocation Failure) [PSYoungGen: 71133K->1485K(71680K)] 367500K->297852K(808448K), 0.0020824 secs] [Times: user=0.01 sys=0.00, real=0.00 secs] 
2128.382: [GC (Allocation Failure) [PSYoungGen: 71117K->1440K(71680K)] 367484K->297815K(808448K), 0.0040678 secs] [Times: user=0.02 sys=0.00, real=0.01 secs] 
2130.190: [GC (Allocation Failure) [PSYoungGen: 71072K->1376K(71680K)] 367447K->297751K(808448K), 0.0040951 secs] [Times: user=0.02 sys=0.00, real=0.01 secs] 
2130.931: [GC (Allocation Failure) [PSYoungGen: 71008K->1376K(71680K)] 367383K->297751K(808448K), 0.0027287 secs] [Times: user=0.01 sys=0.00, real=0.01 secs] 
2131.455: [GC (Allocation Failure) [PSYoungGen: 71008K->1344K(71680K)] 367383K->297719K(808448K), 0.0033593 secs] [Times: user=0.02 sys=0.00, real=0.00 secs] 
2131.980: [GC (Allocation Failure) [PSYoungGen: 70976K->1469K(71680K)] 367351K->297844K(808448K), 0.0021661 secs] [Times: user=0.01 sys=0.00, real=0.00 secs] 
2132.141: [GC (Allocation Failure) [PSYoungGen: 71101K->1501K(71680K)] 367476K->297876K(808448K), 0.0015943 secs] [Times: user=0.01 sys=0.00, real=0.00 secs] 
2132.264: [GC (Allocation Failure) [PSYoungGen: 71133K->1501K(71680K)] 367508K->297876K(808448K), 0.0016031 secs] [Times: user=0.01 sys=0.00, real=0.00 secs] 
2132.387: [GC (Allocation Failure) [PSYoungGen: 71133K->1469K(71680K)] 367508K->297844K(808448K), 0.0016901 secs] [Times: user=0.00 sys=0.00, real=0.00 secs] 
2132.628: [GC (Allocation Failure) [PSYoungGen: 71101K->1456K(71680K)] 367476K->297831K(808448K), 0.0019672 secs] [Times: user=0.01 sys=0.00, real=0.00 secs] 
2132.918: [GC (Allocation Failure) [PSYoungGen: 71088K->1376K(71680K)] 367463K->297759K(808448K), 0.0018008 secs] [Times: user=0.00 sys=0.00, real=0.00 secs] 
2133.368: [GC (Allocation Failure) [PSYoungGen: 71008K->1376K(71680K)] 367391K->297759K(808448K), 0.0026869 secs] [Times: user=0.01 sys=0.00, real=0.00 secs] 
2133.990: [GC (Allocation Failure) [PSYoungGen: 71008K->1376K(71680K)] 367391K->297759K(808448K), 0.0022443 secs] [Times: user=0.00 sys=0.00, real=0.00 secs] 
2134.523: [GC (GCLocker Initiated GC) [PSYoungGen: 71008K->1424K(71680K)] 367391K->297807K(808448K), 0.0026712 secs] [Times: user=0.01 sys=0.00, real=0.01 secs] 
2134.702: [GC (Allocation Failure) [PSYoungGen: 71056K->1389K(71680K)] 367602K->297935K(808448K), 0.0017276 secs] [Times: user=0.01 sys=0.00, real=0.01 secs] 
2134.827: [GC (Allocation Failure) [PSYoungGen: 71021K->1469K(71680K)] 367567K->298015K(808448K), 0.0015236 secs] [Times: user=0.00 sys=0.00, real=0.00 secs] 
2134.951: [GC (Allocation Failure) [PSYoungGen: 71101K->1501K(71680K)] 367647K->298055K(808448K), 0.0017052 secs] [Times: user=0.00 sys=0.00, real=0.00 secs] 
2135.469: [GC (Allocation Failure) [PSYoungGen: 71133K->1472K(71680K)] 367687K->298026K(808448K), 0.0028328 secs] [Times: user=0.01 sys=0.00, real=0.00 secs] 
2136.021: [GC (Allocation Failure) [PSYoungGen: 71104K->1440K(71680K)] 367658K->297994K(808448K), 0.0025003 secs] [Times: user=0.01 sys=0.00, real=0.00 secs] 
2136.626: [GC (Allocation Failure) [PSYoungGen: 71072K->1392K(71680K)] 367626K->297946K(808448K), 0.0033789 secs] [Times: user=0.01 sys=0.00, real=0.00 secs] 
2137.261: [GC (Allocation Failure) [PSYoungGen: 71024K->1440K(71680K)] 367578K->297994K(808448K), 0.0026452 secs] [Times: user=0.01 sys=0.00, real=0.00 secs] 
2137.591: [GC (Allocation Failure) [PSYoungGen: 71072K->1501K(71680K)] 367626K->298055K(808448K), 0.0019407 secs] [Times: user=0.01 sys=0.00, real=0.00 secs] 
2137.721: [GC (Allocation Failure) [PSYoungGen: 71133K->1488K(71680K)] 367687K->298042K(808448K), 0.0016169 secs] [Times: user=0.01 sys=0.00, real=0.00 secs] 
2137.844: [GC (Allocation Failure) [PSYoungGen: 71120K->1456K(71680K)] 367674K->298010K(808448K), 0.0015028 secs] [Times: user=0.01 sys=0.00, real=0.00 secs] 
2137.967: [GC (Allocation Failure) [PSYoungGen: 71088K->1520K(71680K)] 367642K->298090K(808448K), 0.0025631 secs] [Times: user=0.01 sys=0.00, real=0.00 secs] 
2138.982: [GC (Allocation Failure) [PSYoungGen: 71152K->1440K(71168K)] 367722K->298010K(807936K), 0.0039113 secs] [Times: user=0.02 sys=0.00, real=0.01 secs] 
2139.640: [GC (Allocation Failure) [PSYoungGen: 71072K->1408K(71168K)] 367642K->297978K(807936K), 0.0025492 secs] [Times: user=0.01 sys=0.00, real=0.00 secs] 
2140.248: [GC (Allocation Failure) [PSYoungGen: 71040K->1408K(71168K)] 367610K->297978K(807936K), 0.0026934 secs] [Times: user=0.01 sys=0.00, real=0.00 secs] 
2140.931: [GC (Allocation Failure) [PSYoungGen: 71040K->1376K(71168K)] 367610K->297962K(807936K), 0.0026002 secs] [Times: user=0.01 sys=0.00, real=0.00 secs] 
2141.208: [GC (Allocation Failure) [PSYoungGen: 71008K->1456K(71168K)] 367594K->298066K(807936K), 0.0019335 secs] [Times: user=0.00 sys=0.00, real=0.00 secs] 
2141.367: [GC (Allocation Failure) [PSYoungGen: 71088K->1501K(71168K)] 367698K->298127K(807936K), 0.0019193 secs] [Times: user=0.01 sys=0.00, real=0.00 secs] 
2141.522: [GC (Allocation Failure) [PSYoungGen: 71133K->1469K(71168K)] 367759K->298095K(807936K), 0.0017406 secs] [Times: user=0.01 sys=0.00, real=0.00 secs] 
2142.447: [GC (Allocation Failure) [PSYoungGen: 71101K->1408K(71168K)] 367727K->298042K(807936K), 0.0026607 secs] [Times: user=0.01 sys=0.00, real=0.00 secs] 
2143.255: [GC (Allocation Failure) [PSYoungGen: 71040K->1328K(71168K)] 367674K->297962K(807936K), 0.0032278 secs] [Times: user=0.01 sys=0.00, real=0.00 secs] 
2144.056: [GC (Allocation Failure) [PSYoungGen: 70960K->1328K(71168K)] 367594K->297962K(807936K), 0.0033543 secs] [Times: user=0.01 sys=0.00, real=0.00 secs] 
2144.864: [GC (Allocation Failure) [PSYoungGen: 70960K->1376K(71168K)] 367594K->298010K(807936K), 0.0032077 secs] [Times: user=0.02 sys=0.00, real=0.00 secs] 
2145.818: [GC (Allocation Failure) [PSYoungGen: 71008K->1437K(71168K)] 367642K->298071K(807936K), 0.0029498 secs] [Times: user=0.01 sys=0.00, real=0.00 secs] 
2146.001: [GC (Allocation Failure) [PSYoungGen: 71069K->1469K(71168K)] 367703K->298103K(807936K), 0.0016622 secs] [Times: user=0.01 sys=0.00, real=0.00 secs] 
2146.127: [GC (Allocation Failure) [PSYoungGen: 71101K->1469K(71168K)] 367735K->298103K(807936K), 0.0017011 secs] [Times: user=0.00 sys=0.00, real=0.00 secs] 
2146.252: [GC (Allocation Failure) [PSYoungGen: 71101K->1501K(71680K)] 367735K->298135K(808448K), 0.0015733 secs] [Times: user=0.01 sys=0.00, real=0.00 secs] 
2146.695: [GC (Allocation Failure) [PSYoungGen: 71133K->1424K(71680K)] 367767K->298058K(808448K), 0.0022337 secs] [Times: user=0.01 sys=0.00, real=0.00 secs] 
2147.909: [GC (Allocation Failure) [PSYoungGen: 71056K->1408K(71680K)] 367690K->298042K(808448K), 0.0019918 secs] [Times: user=0.01 sys=0.00, real=0.00 secs] 
2150.048: [GC (Allocation Failure) [PSYoungGen: 71040K->1376K(71680K)] 367674K->298010K(808448K), 0.0042889 secs] [Times: user=0.02 sys=0.01, real=0.00 secs] 
2151.644: [GC (Allocation Failure) [PSYoungGen: 71008K->1376K(71680K)] 367642K->298010K(808448K), 0.0021249 secs] [Times: user=0.01 sys=0.00, real=0.00 secs] 
2152.000: [GC (Allocation Failure) [PSYoungGen: 71008K->1440K(71680K)] 367642K->298074K(808448K), 0.0015829 secs] [Times: user=0.01 sys=0.00, real=0.00 secs] 
2152.125: [GC (Allocation Failure) [PSYoungGen: 71072K->1469K(71680K)] 367706K->298103K(808448K), 0.0017384 secs] [Times: user=0.00 sys=0.00, real=0.00 secs] 
2152.249: [GC (Allocation Failure) [PSYoungGen: 71101K->1472K(71680K)] 367735K->298106K(808448K), 0.0017344 secs] [Times: user=0.01 sys=0.00, real=0.00 secs] 
2152.373: [GC (Allocation Failure) [PSYoungGen: 71104K->1501K(71680K)] 367738K->298151K(808448K), 0.0016245 secs] [Times: user=0.01 sys=0.00, real=0.01 secs] 
2152.633: [GC (Allocation Failure) [PSYoungGen: 71133K->1472K(71680K)] 367783K->298122K(808448K), 0.0017535 secs] [Times: user=0.01 sys=0.00, real=0.01 secs] 
2152.922: [GC (Allocation Failure) [PSYoungGen: 71104K->1344K(71680K)] 367754K->297994K(808448K), 0.0017955 secs] [Times: user=0.01 sys=0.00, real=0.01 secs] 
2153.211: [GC (Allocation Failure) [PSYoungGen: 70976K->1376K(71680K)] 367626K->298042K(808448K), 0.0017312 secs] [Times: user=0.01 sys=0.00, real=0.00 secs] 
2153.500: [GC (Allocation Failure) [PSYoungGen: 71008K->1328K(71680K)] 367674K->297994K(808448K), 0.0017607 secs] [Times: user=0.01 sys=0.00, real=0.00 secs] 
2153.688: [GC (Allocation Failure) [PSYoungGen: 70960K->1456K(71680K)] 367626K->298122K(808448K), 0.0015834 secs] [Times: user=0.00 sys=0.00, real=0.00 secs] 
2153.811: [GC (Allocation Failure) [PSYoungGen: 71088K->1501K(71680K)] 367754K->298167K(808448K), 0.0016588 secs] [Times: user=0.01 sys=0.00, real=0.00 secs] 
2153.935: [GC (Allocation Failure) [PSYoungGen: 71133K->1469K(71680K)] 367799K->298135K(808448K), 0.0015913 secs] [Times: user=0.01 sys=0.00, real=0.00 secs] 
2154.059: [GC (Allocation Failure) [PSYoungGen: 71101K->1488K(71680K)] 367767K->298170K(808448K), 0.0017199 secs] [Times: user=0.01 sys=0.00, real=0.00 secs] 
2154.361: [GC (Allocation Failure) [PSYoungGen: 71120K->1440K(71680K)] 367802K->298122K(808448K), 0.0017803 secs] [Times: user=0.01 sys=0.00, real=0.00 secs] 
2154.650: [GC (Allocation Failure) [PSYoungGen: 71072K->1376K(71680K)] 367754K->298058K(808448K), 0.0018249 secs] [Times: user=0.00 sys=0.00, real=0.00 secs] 
2154.939: [GC (Allocation Failure) [PSYoungGen: 71008K->1328K(71680K)] 367690K->298010K(808448K), 0.0017023 secs] [Times: user=0.01 sys=0.00, real=0.00 secs] 
2155.243: [GC (Allocation Failure) [PSYoungGen: 70960K->1376K(71680K)] 367642K->298066K(808448K), 0.0018405 secs] [Times: user=0.01 sys=0.00, real=0.01 secs] 
2155.485: [GC (Allocation Failure) [PSYoungGen: 71008K->1469K(71680K)] 367698K->298159K(808448K), 0.0015783 secs] [Times: user=0.00 sys=0.00, real=0.00 secs] 
2155.610: [GC (Allocation Failure) [PSYoungGen: 71101K->1501K(71680K)] 367791K->298191K(808448K), 0.0016814 secs] [Times: user=0.01 sys=0.00, real=0.00 secs] 
2155.735: [GC (Allocation Failure) [PSYoungGen: 71133K->1501K(71680K)] 367823K->298191K(808448K), 0.0015786 secs] [Times: user=0.01 sys=0.00, real=0.00 secs] 
2155.957: [GC (Allocation Failure) [PSYoungGen: 71133K->1472K(71680K)] 367823K->298162K(808448K), 0.0018720 secs] [Times: user=0.01 sys=0.00, real=0.00 secs] 
2156.772: [GC (Allocation Failure) [PSYoungGen: 71104K->1360K(71680K)] 367794K->298050K(808448K), 0.0027491 secs] [Times: user=0.01 sys=0.00, real=0.01 secs] 
2157.550: [GC (Allocation Failure) [PSYoungGen: 70992K->1344K(71680K)] 367682K->298034K(808448K), 0.0020048 secs] [Times: user=0.01 sys=0.00, real=0.00 secs] 
2158.297: [GC (Allocation Failure) [PSYoungGen: 70976K->1344K(71680K)] 367666K->298034K(808448K), 0.0019568 secs] [Times: user=0.01 sys=0.00, real=0.00 secs] 
2159.004: [GC (Allocation Failure) [PSYoungGen: 70976K->1437K(71680K)] 367666K->298127K(808448K), 0.0022699 secs] [Times: user=0.01 sys=0.00, real=0.00 secs] 
2159.163: [GC (Allocation Failure) [PSYoungGen: 71069K->1440K(71680K)] 367759K->298130K(808448K), 0.0016113 secs] [Times: user=0.00 sys=0.00, real=0.01 secs] 
2159.286: [GC (Allocation Failure) [PSYoungGen: 71072K->1472K(71680K)] 367762K->298162K(808448K), 0.0016238 secs] [Times: user=0.01 sys=0.00, real=0.00 secs] 
2159.409: [GC (Allocation Failure) [PSYoungGen: 71104K->1469K(71680K)] 367794K->298159K(808448K), 0.0016006 secs] [Times: user=0.01 sys=0.00, real=0.00 secs] 
2160.117: [GC (Allocation Failure) [PSYoungGen: 71101K->1392K(71680K)] 367791K->298082K(808448K), 0.0020404 secs] [Times: user=0.01 sys=0.00, real=0.00 secs] 
2161.936: [GC (Allocation Failure) [PSYoungGen: 71024K->1408K(71680K)] 367714K->298122K(808448K), 0.0030667 secs] [Times: user=0.01 sys=0.00, real=0.00 secs] 
2163.175: [GC (Allocation Failure) [PSYoungGen: 71040K->1344K(71680K)] 367754K->298058K(808448K), 0.0033488 secs] [Times: user=0.01 sys=0.00, real=0.00 secs] 
2164.146: [GC (Allocation Failure) [PSYoungGen: 70976K->1312K(71680K)] 367690K->298026K(808448K), 0.0023376 secs] [Times: user=0.01 sys=0.00, real=0.00 secs] 
2164.832: [GC (Allocation Failure) [PSYoungGen: 70944K->1469K(71680K)] 367658K->298183K(808448K), 0.0022568 secs] [Times: user=0.01 sys=0.00, real=0.01 secs] 
2164.988: [GC (Allocation Failure) [PSYoungGen: 71101K->1501K(71680K)] 367815K->298215K(808448K), 0.0016932 secs] [Times: user=0.01 sys=0.00, real=0.00 secs] 
2165.111: [GC (Allocation Failure) [PSYoungGen: 71133K->1469K(71680K)] 367847K->298183K(808448K), 0.0016968 secs] [Times: user=0.01 sys=0.00, real=0.00 secs] 
2165.235: [GC (Allocation Failure) [PSYoungGen: 71101K->1501K(71680K)] 367815K->298231K(808448K), 0.0016372 secs] [Times: user=0.01 sys=0.00, real=0.00 secs] 
2165.966: [GC (Allocation Failure) [PSYoungGen: 71133K->1424K(71680K)] 367863K->298154K(808448K), 0.0024504 secs] [Times: user=0.01 sys=0.00, real=0.00 secs] 
2166.747: [GC (Allocation Failure) [PSYoungGen: 71056K->1344K(71680K)] 367786K->298074K(808448K), 0.0019483 secs] [Times: user=0.01 sys=0.00, real=0.00 secs] 
2167.372: [GC (Allocation Failure) [PSYoungGen: 70976K->1328K(71680K)] 367706K->298058K(808448K), 0.0019768 secs] [Times: user=0.01 sys=0.00, real=0.01 secs] 
2168.406: [GC (Allocation Failure) [PSYoungGen: 70960K->1360K(71680K)] 367690K->298090K(808448K), 0.0024973 secs] [Times: user=0.01 sys=0.00, real=0.00 secs] 
2168.888: [GC (Allocation Failure) [PSYoungGen: 70992K->1501K(71680K)] 367722K->298231K(808448K), 0.0020946 secs] [Times: user=0.01 sys=0.00, real=0.00 secs] 
2169.024: [GC (Allocation Failure) [PSYoungGen: 71133K->1469K(71680K)] 367863K->298199K(808448K), 0.0016295 secs] [Times: user=0.00 sys=0.00, real=0.00 secs] 
2169.147: [GC (Allocation Failure) [PSYoungGen: 71101K->1421K(71680K)] 367831K->298151K(808448K), 0.0017305 secs] [Times: user=0.01 sys=0.00, real=0.00 secs] 
2169.270: [GC (Allocation Failure) [PSYoungGen: 71053K->1437K(71680K)] 367783K->298183K(808448K), 0.0016738 secs] [Times: user=0.01 sys=0.00, real=0.00 secs] 
2170.385: [GC (Allocation Failure) [PSYoungGen: 71069K->1440K(71680K)] 367815K->298194K(808448K), 0.0021004 secs] [Times: user=0.00 sys=0.00, real=0.00 secs] 
2170.786: [GC (Allocation Failure) [PSYoungGen: 71072K->1344K(71680K)] 367826K->298098K(808448K), 0.0020251 secs] [Times: user=0.01 sys=0.00, real=0.00 secs] 
2171.100: [GC (Allocation Failure) [PSYoungGen: 70976K->1328K(71680K)] 367730K->298082K(808448K), 0.0019483 secs] [Times: user=0.01 sys=0.00, real=0.00 secs] 
2171.389: [GC (Allocation Failure) [PSYoungGen: 70960K->1376K(71680K)] 367714K->298146K(808448K), 0.0020963 secs] [Times: user=0.00 sys=0.00, real=0.00 secs] 
2171.556: [GC (Allocation Failure) [PSYoungGen: 71008K->1469K(71680K)] 367778K->298239K(808448K), 0.0015670 secs] [Times: user=0.01 sys=0.00, real=0.00 secs] 
2171.680: [GC (Allocation Failure) [PSYoungGen: 71101K->1456K(71680K)] 367871K->298226K(808448K), 0.0014530 secs] [Times: user=0.00 sys=0.00, real=0.00 secs] 
2171.804: [GC (Allocation Failure) [PSYoungGen: 71088K->1501K(71680K)] 367858K->298271K(808448K), 0.0016545 secs] [Times: user=0.01 sys=0.00, real=0.00 secs] 
2172.001: [GC (Allocation Failure) [PSYoungGen: 71133K->1440K(71680K)] 367903K->298218K(808448K), 0.0017514 secs] [Times: user=0.01 sys=0.00, real=0.00 secs] 
2172.290: [GC (Allocation Failure) [PSYoungGen: 71072K->1376K(71680K)] 367850K->298154K(808448K), 0.0016929 secs] [Times: user=0.01 sys=0.00, real=0.00 secs] 
2172.845: [GC (Allocation Failure) [PSYoungGen: 71008K->1344K(71680K)] 367786K->298122K(808448K), 0.0021024 secs] [Times: user=0.00 sys=0.00, real=0.00 secs] 
2173.593: [GC (Allocation Failure) [PSYoungGen: 70976K->1344K(71680K)] 367754K->298122K(808448K), 0.0021412 secs] [Times: user=0.01 sys=0.00, real=0.01 secs] 
2174.196: [GC (Allocation Failure) [PSYoungGen: 70976K->1501K(71680K)] 367754K->298287K(808448K), 0.0015560 secs] [Times: user=0.01 sys=0.00, real=0.00 secs] 
2174.320: [GC (Allocation Failure) [PSYoungGen: 71133K->1501K(71680K)] 367919K->298295K(808448K), 0.0016280 secs] [Times: user=0.01 sys=0.00, real=0.00 secs] 
2174.443: [GC (Allocation Failure) [PSYoungGen: 71133K->1501K(71680K)] 367927K->298295K(808448K), 0.0015904 secs] [Times: user=0.00 sys=0.00, real=0.01 secs] 
2174.567: [GC (Allocation Failure) [PSYoungGen: 71133K->1501K(71680K)] 367927K->298295K(808448K), 0.0015743 secs] [Times: user=0.01 sys=0.00, real=0.00 secs] 
2174.971: [GC (Allocation Failure) [PSYoungGen: 71133K->1424K(71680K)] 367927K->298218K(808448K), 0.0017101 secs] [Times: user=0.01 sys=0.00, real=0.00 secs] 
2175.732: [GC (Allocation Failure) [PSYoungGen: 71056K->1408K(71680K)] 367850K->298202K(808448K), 0.0021624 secs] [Times: user=0.00 sys=0.00, real=0.01 secs] 
2176.782: [GC (Allocation Failure) [PSYoungGen: 71040K->1376K(71680K)] 367834K->298170K(808448K), 0.0031057 secs] [Times: user=0.01 sys=0.00, real=0.01 secs] 
2177.989: [GC (Allocation Failure) [PSYoungGen: 71008K->1376K(71680K)] 367802K->298170K(808448K), 0.0023510 secs] [Times: user=0.00 sys=0.00, real=0.00 secs] 
2178.958: [GC (Allocation Failure) [PSYoungGen: 71008K->1501K(71680K)] 367802K->298295K(808448K), 0.0023009 secs] [Times: user=0.01 sys=0.00, real=0.00 secs] 
2179.119: [GC (Allocation Failure) [PSYoungGen: 71117K->1469K(71680K)] 367911K->298263K(808448K), 0.0016257 secs] [Times: user=0.01 sys=0.00, real=0.00 secs] 
2179.242: [GC (Allocation Failure) [PSYoungGen: 71101K->1504K(71680K)] 367895K->298298K(808448K), 0.0017317 secs] [Times: user=0.01 sys=0.00, real=0.01 secs] 
2179.365: [GC (Allocation Failure) [PSYoungGen: 71136K->1501K(71680K)] 367930K->298303K(808448K), 0.0017193 secs] [Times: user=0.01 sys=0.00, real=0.00 secs] 
2179.825: [GC (Allocation Failure) [PSYoungGen: 71133K->1376K(71680K)] 367935K->298186K(808448K), 0.0020464 secs] [Times: user=0.01 sys=0.00, real=0.00 secs] 
2180.417: [GC (Allocation Failure) [PSYoungGen: 71008K->1344K(71680K)] 367818K->298154K(808448K), 0.0021424 secs] [Times: user=0.01 sys=0.00, real=0.00 secs] 
2181.114: [GC (Allocation Failure) [PSYoungGen: 70976K->1408K(71680K)] 367786K->298218K(808448K), 0.0020934 secs] [Times: user=0.01 sys=0.00, real=0.00 secs] 
2181.753: [GC (Allocation Failure) [PSYoungGen: 71040K->1376K(71680K)] 367850K->298186K(808448K), 0.0019446 secs] [Times: user=0.01 sys=0.00, real=0.01 secs] 
2182.272: [GC (Allocation Failure) [PSYoungGen: 71008K->1501K(71680K)] 367818K->298311K(808448K), 0.0021682 secs] [Times: user=0.01 sys=0.00, real=0.00 secs] 
2182.441: [GC (Allocation Failure) [PSYoungGen: 71133K->1469K(71680K)] 367943K->298279K(808448K), 0.0018703 secs] [Times: user=0.01 sys=0.00, real=0.00 secs] 
2182.609: [GC (Allocation Failure) [PSYoungGen: 71101K->1456K(71680K)] 367911K->298266K(808448K), 0.0020135 secs] [Times: user=0.00 sys=0.00, real=0.00 secs] 
2182.764: [GC (Allocation Failure) [PSYoungGen: 71088K->1488K(71680K)] 367898K->298322K(808448K), 0.0017400 secs] [Times: user=0.01 sys=0.00, real=0.00 secs] 
2183.370: [GC (Allocation Failure) [PSYoungGen: 71120K->1440K(71680K)] 367954K->298274K(808448K), 0.0026501 secs] [Times: user=0.01 sys=0.00, real=0.00 secs] 
2184.306: [GC (Allocation Failure) [PSYoungGen: 71072K->1344K(71680K)] 367906K->298178K(808448K), 0.0030372 secs] [Times: user=0.01 sys=0.00, real=0.00 secs] 
2185.710: [GC (Allocation Failure) [PSYoungGen: 70976K->1376K(71680K)] 367810K->298210K(808448K), 0.0026217 secs] [Times: user=0.01 sys=0.00, real=0.00 secs] 
2187.301: [GC (Allocation Failure) [PSYoungGen: 71008K->1344K(71680K)] 367842K->298178K(808448K), 0.0032124 secs] [Times: user=0.01 sys=0.00, real=0.01 secs] 
2187.570: [GC (Allocation Failure) [PSYoungGen: 70976K->1469K(71680K)] 367810K->298303K(808448K), 0.0019606 secs] [Times: user=0.00 sys=0.00, real=0.00 secs] 
2187.739: [GC (Allocation Failure) [PSYoungGen: 71101K->1453K(71680K)] 367935K->298287K(808448K), 0.0019485 secs] [Times: user=0.00 sys=0.00, real=0.00 secs] 
2187.892: [GC (Allocation Failure) [PSYoungGen: 71085K->1469K(71680K)] 367919K->298303K(808448K), 0.0019743 secs] [Times: user=0.00 sys=0.00, real=0.01 secs] 
2188.715: [GC (Allocation Failure) [PSYoungGen: 71101K->1440K(71680K)] 367935K->298282K(808448K), 0.0026187 secs] [Times: user=0.01 sys=0.00, real=0.00 secs] 
2189.163: [GC (Allocation Failure) [PSYoungGen: 71072K->1376K(71680K)] 367914K->298218K(808448K), 0.0019271 secs] [Times: user=0.01 sys=0.00, real=0.01 secs] 
2189.506: [GC (Allocation Failure) [PSYoungGen: 71008K->1376K(71680K)] 367850K->298218K(808448K), 0.0019921 secs] [Times: user=0.00 sys=0.00, real=0.00 secs] 
2190.040: [GC (Allocation Failure) [PSYoungGen: 71008K->1344K(71680K)] 367850K->298186K(808448K), 0.0020016 secs] [Times: user=0.01 sys=0.00, real=0.00 secs] 
2190.727: [GC (Allocation Failure) [PSYoungGen: 70976K->1469K(71680K)] 367818K->298311K(808448K), 0.0021536 secs] [Times: user=0.01 sys=0.00, real=0.00 secs] 
2190.885: [GC (Allocation Failure) [PSYoungGen: 71101K->1469K(71680K)] 367943K->298311K(808448K), 0.0016719 secs] [Times: user=0.01 sys=0.00, real=0.00 secs] 
2191.007: [GC (Allocation Failure) [PSYoungGen: 71101K->1469K(71680K)] 367943K->298311K(808448K), 0.0017289 secs] [Times: user=0.01 sys=0.00, real=0.00 secs] 
2191.149: [GC (Allocation Failure) [PSYoungGen: 71101K->1456K(71680K)] 367943K->298298K(808448K), 0.0018226 secs] [Times: user=0.01 sys=0.00, real=0.00 secs] 
2191.667: [GC (Allocation Failure) [PSYoungGen: 71088K->1376K(71680K)] 367930K->298218K(808448K), 0.0030010 secs] [Times: user=0.01 sys=0.00, real=0.00 secs] 
2191.952: [GC (Allocation Failure) [PSYoungGen: 71008K->1440K(71680K)] 367850K->298282K(808448K), 0.0019179 secs] [Times: user=0.00 sys=0.00, real=0.01 secs] 
2192.542: [GC (Allocation Failure) [PSYoungGen: 71072K->1376K(71680K)] 367914K->298226K(808448K), 0.0020626 secs] [Times: user=0.01 sys=0.00, real=0.01 secs] 
2193.169: [GC (Allocation Failure) [PSYoungGen: 71008K->1312K(71680K)] 367858K->298162K(808448K), 0.0036439 secs] [Times: user=0.01 sys=0.00, real=0.00 secs] 
2194.120: [GC (Allocation Failure) [PSYoungGen: 70944K->1501K(71680K)] 367794K->298351K(808448K), 0.0023145 secs] [Times: user=0.01 sys=0.00, real=0.00 secs] 
2194.281: [GC (Allocation Failure) [PSYoungGen: 71133K->1469K(71680K)] 367983K->298319K(808448K), 0.0016341 secs] [Times: user=0.01 sys=0.00, real=0.00 secs] 
2194.404: [GC (Allocation Failure) [PSYoungGen: 71101K->1501K(71680K)] 367951K->298351K(808448K), 0.0017137 secs] [Times: user=0.00 sys=0.00, real=0.00 secs] 
2194.545: [GC (Allocation Failure) [PSYoungGen: 71133K->1456K(71680K)] 367983K->298314K(808448K), 0.0018463 secs] [Times: user=0.00 sys=0.00, real=0.00 secs] 
2195.564: [GC (Allocation Failure) [PSYoungGen: 71088K->1376K(71680K)] 367946K->298242K(808448K), 0.0022205 secs] [Times: user=0.01 sys=0.00, real=0.00 secs] 
2195.837: [GC (Allocation Failure) [PSYoungGen: 71008K->1424K(71680K)] 367874K->298290K(808448K), 0.0019405 secs] [Times: user=0.00 sys=0.00, real=0.00 secs] 
2196.132: [GC (Allocation Failure) [PSYoungGen: 71056K->1376K(71680K)] 367922K->298242K(808448K), 0.0020007 secs] [Times: user=0.01 sys=0.00, real=0.01 secs] 
2196.422: [GC (Allocation Failure) [PSYoungGen: 71008K->1408K(71680K)] 367874K->298274K(808448K), 0.0020090 secs] [Times: user=0.01 sys=0.00, real=0.00 secs] 
2196.637: [GC (Allocation Failure) [PSYoungGen: 71040K->1469K(71680K)] 367906K->298335K(808448K), 0.0016052 secs] [Times: user=0.01 sys=0.00, real=0.00 secs] 
2196.760: [GC (Allocation Failure) [PSYoungGen: 71101K->1517K(71680K)] 367967K->298383K(808448K), 0.0015800 secs] [Times: user=0.01 sys=0.00, real=0.00 secs] 
2196.883: [GC (Allocation Failure) [PSYoungGen: 71149K->1501K(71680K)] 368015K->298367K(808448K), 0.0014966 secs] [Times: user=0.00 sys=0.00, real=0.01 secs] 
2197.006: [GC (Allocation Failure) [PSYoungGen: 71133K->1533K(71680K)] 367999K->298407K(808448K), 0.0030520 secs] [Times: user=0.01 sys=0.00, real=0.00 secs] 
2199.024: [GC (Allocation Failure) [PSYoungGen: 71165K->1456K(77824K)] 368039K->298330K(814592K), 0.0041626 secs] [Times: user=0.02 sys=0.00, real=0.00 secs] 
2200.029: [GC (Allocation Failure) [PSYoungGen: 77744K->1456K(77312K)] 374618K->298330K(814080K), 0.0079652 secs] [Times: user=0.03 sys=0.01, real=0.01 secs] 
2200.860: [GC (Allocation Failure) [PSYoungGen: 77232K->1408K(76800K)] 374106K->298282K(813568K), 0.0022909 secs] [Times: user=0.01 sys=0.00, real=0.00 secs] 
2201.529: [GC (Allocation Failure) [PSYoungGen: 76672K->1469K(76288K)] 373546K->298343K(813056K), 0.0023021 secs] [Times: user=0.01 sys=0.00, real=0.00 secs] 
2201.696: [GC (Allocation Failure) [PSYoungGen: 76221K->1504K(75776K)] 373095K->298378K(812544K), 0.0015762 secs] [Times: user=0.01 sys=0.00, real=0.00 secs] 
2201.827: [GC (Allocation Failure) [PSYoungGen: 75744K->1501K(75264K)] 372618K->298375K(812032K), 0.0017959 secs] [Times: user=0.01 sys=0.00, real=0.00 secs] 
2201.956: [GC (Allocation Failure) [PSYoungGen: 75229K->1485K(74752K)] 372103K->298359K(811520K), 0.0016030 secs] [Times: user=0.01 sys=0.00, real=0.00 secs] 
2202.755: [GC (Allocation Failure) [PSYoungGen: 74701K->1408K(74240K)] 371575K->298298K(811008K), 0.0025000 secs] [Times: user=0.01 sys=0.00, real=0.00 secs] 
2203.506: [GC (Allocation Failure) [PSYoungGen: 74112K->1376K(73728K)] 371002K->298266K(810496K), 0.0022489 secs] [Times: user=0.01 sys=0.00, real=0.00 secs] 
2204.524: [GC (Allocation Failure) [PSYoungGen: 73568K->1344K(73216K)] 370458K->298234K(809984K), 0.0030670 secs] [Times: user=0.01 sys=0.00, real=0.00 secs] 
2205.522: [GC (Allocation Failure) [PSYoungGen: 73024K->1376K(72704K)] 369914K->298266K(809472K), 0.0039659 secs] [Times: user=0.01 sys=0.00, real=0.01 secs] 
2205.986: [GC (Allocation Failure) [PSYoungGen: 72544K->1437K(72192K)] 369434K->298327K(808960K), 0.0021966 secs] [Times: user=0.01 sys=0.00, real=0.00 secs] 
2206.126: [GC (Allocation Failure) [PSYoungGen: 72093K->1501K(72192K)] 368983K->298391K(808960K), 0.0017280 secs] [Times: user=0.01 sys=0.00, real=0.00 secs] 
2206.251: [GC (Allocation Failure) [PSYoungGen: 72140K->1501K(72704K)] 369030K->298391K(809472K), 0.0016814 secs] [Times: user=0.01 sys=0.00, real=0.00 secs] 
2206.492: [GC (Allocation Failure) [PSYoungGen: 72157K->1456K(72704K)] 369047K->298346K(809472K), 0.0020489 secs] [Times: user=0.01 sys=0.00, real=0.01 secs] 
2206.786: [GC (Allocation Failure) [PSYoungGen: 72112K->1408K(72704K)] 369002K->298306K(809472K), 0.0019083 secs] [Times: user=0.01 sys=0.00, real=0.00 secs] 
2207.079: [GC (Allocation Failure) [PSYoungGen: 72064K->1344K(72704K)] 368962K->298242K(809472K), 0.0019811 secs] [Times: user=0.01 sys=0.00, real=0.00 secs] 
2207.373: [GC (Allocation Failure) [PSYoungGen: 72000K->1408K(72704K)] 368898K->298306K(809472K), 0.0020805 secs] [Times: user=0.01 sys=0.00, real=0.01 secs] 
2207.735: [GC (Allocation Failure) [PSYoungGen: 72064K->1469K(72704K)] 368962K->298367K(809472K), 0.0020045 secs] [Times: user=0.01 sys=0.00, real=0.00 secs] 
2207.904: [GC (Allocation Failure) [PSYoungGen: 72125K->1437K(72704K)] 369023K->298335K(809472K), 0.0018387 secs] [Times: user=0.01 sys=0.00, real=0.00 secs] 
2208.067: [GC (Allocation Failure) [PSYoungGen: 72093K->1469K(72704K)] 368991K->298367K(809472K), 0.0016082 secs] [Times: user=0.00 sys=0.00, real=0.00 secs] 
2208.192: [GC (Allocation Failure) [PSYoungGen: 72125K->1501K(72704K)] 369023K->298399K(809472K), 0.0016052 secs] [Times: user=0.01 sys=0.00, real=0.01 secs] 
2208.674: [GC (Allocation Failure) [PSYoungGen: 72157K->1424K(72704K)] 369055K->298322K(809472K), 0.0036027 secs] [Times: user=0.01 sys=0.00, real=0.00 secs] 
2209.292: [GC (Allocation Failure) [PSYoungGen: 72080K->1376K(72704K)] 368978K->298274K(809472K), 0.0024338 secs] [Times: user=0.01 sys=0.00, real=0.01 secs] 
2209.892: [GC (Allocation Failure) [PSYoungGen: 72032K->1408K(72704K)] 368930K->298306K(809472K), 0.0021657 secs] [Times: user=0.01 sys=0.00, real=0.01 secs] 
2210.384: [GC (Allocation Failure) [PSYoungGen: 72064K->1376K(72704K)] 368962K->298282K(809472K), 0.0041412 secs] [Times: user=0.01 sys=0.00, real=0.00 secs] 
2210.759: [GC (Allocation Failure) [PSYoungGen: 72032K->1469K(72704K)] 368938K->298375K(809472K), 0.0021199 secs] [Times: user=0.00 sys=0.00, real=0.00 secs] 
2210.901: [GC (Allocation Failure) [PSYoungGen: 72125K->1424K(72704K)] 369031K->298330K(809472K), 0.0016618 secs] [Times: user=0.00 sys=0.00, real=0.00 secs] 
2211.027: [GC (Allocation Failure) [PSYoungGen: 72080K->1501K(72704K)] 368986K->298407K(809472K), 0.0017336 secs] [Times: user=0.00 sys=0.00, real=0.00 secs] 
2211.151: [GC (Allocation Failure) [PSYoungGen: 72157K->1424K(72704K)] 369063K->298346K(809472K), 0.0016646 secs] [Times: user=0.01 sys=0.00, real=0.00 secs] 
2211.744: [GC (Allocation Failure) [PSYoungGen: 72080K->1408K(72192K)] 369002K->298330K(808960K), 0.0018230 secs] [Times: user=0.00 sys=0.00, real=0.00 secs] 
2212.142: [GC (Allocation Failure) [PSYoungGen: 72064K->1376K(72192K)] 368986K->298298K(808960K), 0.0028354 secs] [Times: user=0.01 sys=0.00, real=0.01 secs] 
2212.432: [GC (Allocation Failure) [PSYoungGen: 72032K->1376K(72192K)] 368954K->298298K(808960K), 0.0020613 secs] [Times: user=0.00 sys=0.00, real=0.00 secs] 
2212.732: [GC (Allocation Failure) [PSYoungGen: 72032K->1376K(72192K)] 368954K->298298K(808960K), 0.0021828 secs] [Times: user=0.00 sys=0.00, real=0.01 secs] 
2212.898: [GC (Allocation Failure) [PSYoungGen: 72032K->1469K(72192K)] 368954K->298391K(808960K), 0.0016495 secs] [Times: user=0.01 sys=0.00, real=0.00 secs] 
2213.044: [GC (Allocation Failure) [PSYoungGen: 72125K->1501K(72192K)] 369047K->298423K(808960K), 0.0019960 secs] [Times: user=0.01 sys=0.00, real=0.00 secs] 
2213.206: [GC (Allocation Failure) [PSYoungGen: 72151K->1456K(72192K)] 369074K->298378K(808960K), 0.0017214 secs] [Times: user=0.00 sys=0.00, real=0.00 secs] 
2213.418: [GC (Allocation Failure) [PSYoungGen: 72112K->1472K(72192K)] 369034K->298394K(808960K), 0.0025484 secs] [Times: user=0.01 sys=0.00, real=0.00 secs] 
2213.718: [GC (Allocation Failure) [PSYoungGen: 72128K->1376K(72192K)] 369050K->298298K(808960K), 0.0020393 secs] [Times: user=0.01 sys=0.00, real=0.00 secs] 
2214.011: [GC (Allocation Failure) [PSYoungGen: 72032K->1408K(72192K)] 368954K->298330K(808960K), 0.0020570 secs] [Times: user=0.01 sys=0.00, real=0.00 secs] 
2214.305: [GC (Allocation Failure) [PSYoungGen: 72064K->1376K(72192K)] 368986K->298298K(808960K), 0.0019356 secs] [Times: user=0.00 sys=0.00, real=0.00 secs] 
2214.564: [GC (Allocation Failure) [PSYoungGen: 72032K->1501K(72192K)] 368954K->298423K(808960K), 0.0017496 secs] [Times: user=0.01 sys=0.00, real=0.00 secs] 
2214.690: [GC (Allocation Failure) [PSYoungGen: 72157K->1501K(72192K)] 369079K->298423K(808960K), 0.0016989 secs] [Times: user=0.00 sys=0.00, real=0.00 secs] 
2214.815: [GC (Allocation Failure) [PSYoungGen: 72157K->1469K(72704K)] 369079K->298391K(809472K), 0.0017121 secs] [Times: user=0.01 sys=0.00, real=0.00 secs] 
2214.940: [GC (Allocation Failure) [PSYoungGen: 72125K->1533K(79360K)] 369047K->298455K(816128K), 0.0015478 secs] [Times: user=0.00 sys=0.00, real=0.00 secs] 
2215.800: [GC (Allocation Failure) [PSYoungGen: 78845K->1424K(78336K)] 375767K->298346K(815104K), 0.0022952 secs] [Times: user=0.01 sys=0.00, real=0.00 secs] 
2216.540: [GC (Allocation Failure) [PSYoungGen: 78224K->1408K(77824K)] 375146K->298330K(814592K), 0.0026307 secs] [Times: user=0.01 sys=0.00, real=0.00 secs] 
2217.277: [GC (Allocation Failure) [PSYoungGen: 77696K->1376K(77312K)] 374618K->298298K(814080K), 0.0024844 secs] [Times: user=0.00 sys=0.00, real=0.00 secs] 
2218.492: [GC (Allocation Failure) [PSYoungGen: 77152K->1421K(76800K)] 374074K->298343K(813568K), 0.0035546 secs] [Times: user=0.01 sys=0.01, real=0.01 secs] 
2218.738: [GC (Allocation Failure) [PSYoungGen: 76685K->1517K(76288K)] 373607K->298439K(813056K), 0.0020504 secs] [Times: user=0.01 sys=0.00, real=0.00 secs] 
2218.915: [GC (Allocation Failure) [PSYoungGen: 76269K->1501K(75776K)] 373191K->298423K(812544K), 0.0021531 secs] [Times: user=0.00 sys=0.00, real=0.00 secs] 
2219.114: [GC (Allocation Failure) [PSYoungGen: 75741K->1437K(75264K)] 372663K->298359K(812032K), 0.0023840 secs] [Times: user=0.01 sys=0.00, real=0.00 secs] 
2219.623: [GC (Allocation Failure) [PSYoungGen: 75165K->1424K(74752K)] 372087K->298354K(811520K), 0.0026915 secs] [Times: user=0.01 sys=0.00, real=0.01 secs] 
2219.916: [GC (Allocation Failure) [PSYoungGen: 74640K->1408K(74240K)] 371570K->298338K(811008K), 0.0019459 secs] [Times: user=0.01 sys=0.00, real=0.00 secs] 
2220.218: [GC (Allocation Failure) [PSYoungGen: 74112K->1376K(73728K)] 371042K->298306K(810496K), 0.0020507 secs] [Times: user=0.01 sys=0.00, real=0.00 secs] 
2220.517: [GC (Allocation Failure) [PSYoungGen: 73568K->1408K(73216K)] 370498K->298338K(809984K), 0.0021226 secs] [Times: user=0.00 sys=0.00, real=0.00 secs] 
2220.760: [GC (Allocation Failure) [PSYoungGen: 73088K->1469K(72704K)] 370018K->298399K(809472K), 0.0016933 secs] [Times: user=0.01 sys=0.00, real=0.00 secs] 
2220.886: [GC (Allocation Failure) [PSYoungGen: 72637K->1472K(72192K)] 369567K->298426K(808960K), 0.0016937 secs] [Times: user=0.00 sys=0.00, real=0.00 secs] 
2221.011: [GC (Allocation Failure) [PSYoungGen: 72128K->1501K(72704K)] 369082K->298455K(809472K), 0.0016403 secs] [Times: user=0.01 sys=0.00, real=0.00 secs] 
2221.282: [GC (Allocation Failure) [PSYoungGen: 72157K->1984K(72704K)] 369111K->299450K(809472K), 0.0021331 secs] [Times: user=0.01 sys=0.00, real=0.01 secs] 
2222.015: [GC (Allocation Failure) [PSYoungGen: 72640K->1344K(72704K)] 370106K->298818K(809472K), 0.0024996 secs] [Times: user=0.01 sys=0.00, real=0.00 secs] 
2222.710: [GC (Allocation Failure) [PSYoungGen: 72000K->1408K(72704K)] 369474K->298882K(809472K), 0.0023413 secs] [Times: user=0.01 sys=0.00, real=0.00 secs] 
2223.473: [GC (Allocation Failure) [PSYoungGen: 72064K->1344K(72704K)] 369538K->298818K(809472K), 0.0021499 secs] [Times: user=0.01 sys=0.00, real=0.01 secs] 
2224.230: [GC (Allocation Failure) [PSYoungGen: 72000K->1501K(72704K)] 369474K->298975K(809472K), 0.0027297 secs] [Times: user=0.01 sys=0.00, real=0.00 secs] 
2224.407: [GC (Allocation Failure) [PSYoungGen: 72157K->1469K(72704K)] 369631K->298943K(809472K), 0.0017196 secs] [Times: user=0.00 sys=0.00, real=0.00 secs] 
2224.551: [GC (Allocation Failure) [PSYoungGen: 72125K->1469K(72704K)] 369599K->298943K(809472K), 0.0019420 secs] [Times: user=0.01 sys=0.00, real=0.00 secs] 
2224.715: [GC (Allocation Failure) [PSYoungGen: 72125K->1469K(72704K)] 369599K->298943K(809472K), 0.0017303 secs] [Times: user=0.00 sys=0.00, real=0.00 secs] 
2225.348: [GC (Allocation Failure) [PSYoungGen: 72125K->1424K(72704K)] 369599K->298898K(809472K), 0.0045071 secs] [Times: user=0.02 sys=0.00, real=0.00 secs] 
2226.128: [GC (Allocation Failure) [PSYoungGen: 72080K->1376K(72704K)] 369554K->298850K(809472K), 0.0025659 secs] [Times: user=0.01 sys=0.00, real=0.00 secs] 
2226.710: [GC (Allocation Failure) [PSYoungGen: 72032K->1376K(72704K)] 369506K->298850K(809472K), 0.0022810 secs] [Times: user=0.01 sys=0.00, real=0.00 secs] 
2227.308: [GC (Allocation Failure) [PSYoungGen: 72032K->1344K(72704K)] 369506K->298818K(809472K), 0.0021957 secs] [Times: user=0.01 sys=0.00, real=0.00 secs] 
2227.767: [GC (Allocation Failure) [PSYoungGen: 72000K->1469K(72704K)] 369474K->298943K(809472K), 0.0019558 secs] [Times: user=0.01 sys=0.00, real=0.00 secs] 
2227.942: [GC (Allocation Failure) [PSYoungGen: 72125K->1469K(72704K)] 369599K->298943K(809472K), 0.0020710 secs] [Times: user=0.01 sys=0.00, real=0.00 secs] 
2228.145: [GC (Allocation Failure) [PSYoungGen: 72125K->1421K(72704K)] 369599K->298895K(809472K), 0.0022697 secs] [Times: user=0.01 sys=0.00, real=0.00 secs] 
2228.358: [GC (Allocation Failure) [PSYoungGen: 72077K->1469K(72704K)] 369551K->298959K(809472K), 0.0021079 secs] [Times: user=0.01 sys=0.00, real=0.00 secs] 
2229.617: [GC (Allocation Failure) [PSYoungGen: 72125K->1408K(72704K)] 369615K->298898K(809472K), 0.0025994 secs] [Times: user=0.01 sys=0.00, real=0.00 secs] 
2230.605: [GC (Allocation Failure) [PSYoungGen: 72064K->1360K(72704K)] 369554K->298850K(809472K), 0.0025520 secs] [Times: user=0.01 sys=0.00, real=0.00 secs] 
2231.366: [GC (Allocation Failure) [PSYoungGen: 72016K->1376K(72704K)] 369506K->298866K(809472K), 0.0020546 secs] [Times: user=0.01 sys=0.00, real=0.00 secs] 
2232.100: [GC (Allocation Failure) [PSYoungGen: 72032K->1376K(72704K)] 369522K->298866K(809472K), 0.0020977 secs] [Times: user=0.01 sys=0.00, real=0.00 secs] 
2232.474: [GC (Allocation Failure) [PSYoungGen: 72032K->1501K(72704K)] 369522K->298991K(809472K), 0.0017084 secs] [Times: user=0.00 sys=0.00, real=0.00 secs] 
2232.618: [GC (Allocation Failure) [PSYoungGen: 72157K->1501K(72704K)] 369647K->298991K(809472K), 0.0018071 secs] [Times: user=0.01 sys=0.00, real=0.00 secs] 
2232.779: [GC (Allocation Failure) [PSYoungGen: 72157K->1437K(72704K)] 369647K->298943K(809472K), 0.0020391 secs] [Times: user=0.01 sys=0.00, real=0.00 secs] 
2235.115: [GC (Allocation Failure) [PSYoungGen: 72093K->1408K(72704K)] 369599K->298914K(809472K), 0.0046731 secs] [Times: user=0.02 sys=0.00, real=0.00 secs] 
2235.856: [GC (Allocation Failure) [PSYoungGen: 72064K->1328K(72704K)] 369570K->298834K(809472K), 0.0021922 secs] [Times: user=0.01 sys=0.00, real=0.00 secs] 
2236.499: [GC (Allocation Failure) [PSYoungGen: 71984K->1376K(72704K)] 369490K->298882K(809472K), 0.0023545 secs] [Times: user=0.00 sys=0.00, real=0.00 secs] 
2237.479: [GC (Allocation Failure) [PSYoungGen: 72032K->1408K(72704K)] 369538K->298914K(809472K), 0.0022699 secs] [Times: user=0.01 sys=0.00, real=0.00 secs] 
2238.283: [GC (Allocation Failure) [PSYoungGen: 72064K->1437K(72704K)] 369570K->298943K(809472K), 0.0026766 secs] [Times: user=0.01 sys=0.00, real=0.01 secs] 
2238.485: [GC (Allocation Failure) [PSYoungGen: 72093K->1501K(72704K)] 369599K->299007K(809472K), 0.0016291 secs] [Times: user=0.00 sys=0.00, real=0.00 secs] 
2238.612: [GC (Allocation Failure) [PSYoungGen: 72157K->1501K(72704K)] 369663K->299007K(809472K), 0.0016266 secs] [Times: user=0.01 sys=0.00, real=0.00 secs] 
2238.738: [GC (Allocation Failure) [PSYoungGen: 72157K->1469K(72704K)] 369663K->298975K(809472K), 0.0016646 secs] [Times: user=0.00 sys=0.00, real=0.00 secs] 
2239.320: [GC (Allocation Failure) [PSYoungGen: 72125K->1440K(72704K)] 369631K->298946K(809472K), 0.0023533 secs] [Times: user=0.01 sys=0.00, real=0.00 secs] 
2239.878: [GC (Allocation Failure) [PSYoungGen: 72096K->1408K(72704K)] 369602K->298914K(809472K), 0.0023391 secs] [Times: user=0.01 sys=0.00, real=0.00 secs] 
2240.464: [GC (Allocation Failure) [PSYoungGen: 72064K->1376K(72704K)] 369570K->298882K(809472K), 0.0023453 secs] [Times: user=0.01 sys=0.00, real=0.01 secs] 
2241.064: [GC (Allocation Failure) [PSYoungGen: 72032K->1408K(72704K)] 369538K->298914K(809472K), 0.0021246 secs] [Times: user=0.01 sys=0.00, real=0.01 secs] 
2241.460: [GC (Allocation Failure) [PSYoungGen: 72064K->1469K(72704K)] 369570K->298975K(809472K), 0.0016057 secs] [Times: user=0.01 sys=0.00, real=0.00 secs] 
2241.586: [GC (Allocation Failure) [PSYoungGen: 72125K->1437K(72704K)] 369631K->298943K(809472K), 0.0014946 secs] [Times: user=0.00 sys=0.00, real=0.00 secs] 
2241.711: [GC (Allocation Failure) [PSYoungGen: 72093K->1501K(72704K)] 369599K->299007K(809472K), 0.0017095 secs] [Times: user=0.00 sys=0.00, real=0.00 secs] 
2241.837: [GC (Allocation Failure) [PSYoungGen: 72157K->224K(72704K)] 369663K->297746K(809472K), 0.0016159 secs] [Times: user=0.01 sys=0.00, real=0.00 secs] 
2242.254: [GC (Allocation Failure) [PSYoungGen: 70880K->1376K(72704K)] 368402K->298898K(809472K), 0.0019445 secs] [Times: user=0.01 sys=0.00, real=0.01 secs] 
2242.547: [GC (Allocation Failure) [PSYoungGen: 72032K->1408K(72704K)] 369554K->298930K(809472K), 0.0018663 secs] [Times: user=0.01 sys=0.00, real=0.00 secs] 
2242.874: [GC (Allocation Failure) [PSYoungGen: 72064K->1376K(72704K)] 369586K->298898K(809472K), 0.0019173 secs] [Times: user=0.01 sys=0.00, real=0.00 secs] 
2243.283: [GC (Allocation Failure) [PSYoungGen: 72032K->1469K(72704K)] 369554K->298991K(809472K), 0.0019727 secs] [Times: user=0.01 sys=0.00, real=0.01 secs] 
2243.422: [GC (Allocation Failure) [PSYoungGen: 72125K->1469K(72704K)] 369647K->298991K(809472K), 0.0015283 secs] [Times: user=0.01 sys=0.00, real=0.01 secs] 
2243.549: [GC (Allocation Failure) [PSYoungGen: 72125K->1456K(72704K)] 369647K->298978K(809472K), 0.0016767 secs] [Times: user=0.01 sys=0.00, real=0.00 secs] 
2243.674: [GC (Allocation Failure) [PSYoungGen: 72112K->1501K(72704K)] 369634K->299023K(809472K), 0.0016851 secs] [Times: user=0.01 sys=0.00, real=0.00 secs] 
2244.492: [GC (Allocation Failure) [PSYoungGen: 72157K->1424K(72704K)] 369679K->298954K(809472K), 0.0029933 secs] [Times: user=0.01 sys=0.00, real=0.01 secs] 
2246.014: [GC (Allocation Failure) [PSYoungGen: 72080K->1344K(72704K)] 369610K->298874K(809472K), 0.0027986 secs] [Times: user=0.01 sys=0.00, real=0.00 secs] 
2247.086: [GC (Allocation Failure) [PSYoungGen: 72000K->1344K(72704K)] 369530K->298874K(809472K), 0.0025706 secs] [Times: user=0.01 sys=0.00, real=0.00 secs] 
2247.946: [GC (Allocation Failure) [PSYoungGen: 72000K->1376K(72704K)] 369530K->298906K(809472K), 0.0033349 secs] [Times: user=0.01 sys=0.00, real=0.00 secs] 
2248.686: [GC (Allocation Failure) [PSYoungGen: 72032K->1469K(72704K)] 369562K->298999K(809472K), 0.0023552 secs] [Times: user=0.01 sys=0.00, real=0.00 secs] 
2248.856: [GC (Allocation Failure) [PSYoungGen: 72125K->1408K(72704K)] 369655K->298938K(809472K), 0.0015259 secs] [Times: user=0.01 sys=0.00, real=0.00 secs] 
2248.981: [GC (Allocation Failure) [PSYoungGen: 72064K->1469K(72704K)] 369594K->298999K(809472K), 0.0015208 secs] [Times: user=0.01 sys=0.00, real=0.00 secs] 
2249.106: [GC (Allocation Failure) [PSYoungGen: 72125K->1501K(72704K)] 369655K->299031K(809472K), 0.0015968 secs] [Times: user=0.01 sys=0.00, real=0.00 secs] 
2250.608: [GC (Allocation Failure) [PSYoungGen: 72157K->1424K(72704K)] 369687K->298954K(809472K), 0.0022748 secs] [Times: user=0.01 sys=0.00, real=0.00 secs] 
2251.873: [GC (Allocation Failure) [PSYoungGen: 72080K->1376K(72704K)] 369610K->298906K(809472K), 0.0026628 secs] [Times: user=0.01 sys=0.01, real=0.01 secs] 
2252.304: [GC (Allocation Failure) [PSYoungGen: 72032K->1408K(72704K)] 369562K->298938K(809472K), 0.0021222 secs] [Times: user=0.01 sys=0.00, real=0.00 secs] 
2252.597: [GC (Allocation Failure) [PSYoungGen: 72064K->1376K(72704K)] 369594K->298906K(809472K), 0.0019412 secs] [Times: user=0.01 sys=0.00, real=0.00 secs] 
2252.819: [GC (Allocation Failure) [PSYoungGen: 72032K->1469K(72704K)] 369562K->298999K(809472K), 0.0015800 secs] [Times: user=0.01 sys=0.00, real=0.00 secs] 
2252.964: [GC (Allocation Failure) [PSYoungGen: 72125K->1469K(72704K)] 369655K->298999K(809472K), 0.0019824 secs] [Times: user=0.01 sys=0.00, real=0.00 secs] 
2253.143: [GC (Allocation Failure) [PSYoungGen: 72125K->1501K(72704K)] 369655K->299031K(809472K), 0.0022956 secs] [Times: user=0.01 sys=0.00, real=0.01 secs] 
2253.645: [GC (Allocation Failure) [PSYoungGen: 72157K->1984K(72704K)] 369687K->300034K(809472K), 0.0020831 secs] [Times: user=0.00 sys=0.00, real=0.00 secs] 
2254.786: [GC (Allocation Failure) [PSYoungGen: 72640K->1376K(72704K)] 370690K->299434K(809472K), 0.0027818 secs] [Times: user=0.01 sys=0.01, real=0.00 secs] 
2255.318: [GC (Allocation Failure) [PSYoungGen: 72032K->1376K(72704K)] 370090K->299434K(809472K), 0.0024023 secs] [Times: user=0.01 sys=0.00, real=0.00 secs] 
2255.942: [GC (Allocation Failure) [PSYoungGen: 72032K->1408K(72704K)] 370090K->299466K(809472K), 0.0020222 secs] [Times: user=0.01 sys=0.00, real=0.01 secs] 
2256.525: [GC (Allocation Failure) [PSYoungGen: 72064K->1469K(72704K)] 370122K->299527K(809472K), 0.0024236 secs] [Times: user=0.01 sys=0.00, real=0.00 secs] 
2256.695: [GC (Allocation Failure) [PSYoungGen: 72125K->1472K(72704K)] 370183K->299530K(809472K), 0.0016403 secs] [Times: user=0.01 sys=0.00, real=0.00 secs] 
2256.821: [GC (Allocation Failure) [PSYoungGen: 72128K->1469K(72704K)] 370186K->299527K(809472K), 0.0016048 secs] [Times: user=0.00 sys=0.00, real=0.00 secs] 
2256.945: [GC (Allocation Failure) [PSYoungGen: 72125K->1456K(72704K)] 370183K->299514K(809472K), 0.0017359 secs] [Times: user=0.00 sys=0.00, real=0.00 secs] 
2257.520: [GC (Allocation Failure) [PSYoungGen: 72112K->1424K(72704K)] 370170K->299482K(809472K), 0.0024790 secs] [Times: user=0.01 sys=0.00, real=0.00 secs] 
2258.208: [GC (Allocation Failure) [PSYoungGen: 72080K->1344K(72704K)] 370138K->299402K(809472K), 0.0021110 secs] [Times: user=0.01 sys=0.00, real=0.00 secs] 
2258.617: [GC (Allocation Failure) [PSYoungGen: 72000K->1376K(72704K)] 370058K->299434K(809472K), 0.0072683 secs] [Times: user=0.04 sys=0.00, real=0.01 secs] 
2258.916: [GC (Allocation Failure) [PSYoungGen: 72032K->1408K(72704K)] 370090K->299466K(809472K), 0.0019360 secs] [Times: user=0.01 sys=0.00, real=0.00 secs] 
2259.274: [GC (Allocation Failure) [PSYoungGen: 72064K->1437K(72704K)] 370122K->299495K(809472K), 0.0017429 secs] [Times: user=0.01 sys=0.00, real=0.01 secs] 
2259.420: [GC (Allocation Failure) [PSYoungGen: 72093K->1424K(72704K)] 370151K->299482K(809472K), 0.0019065 secs] [Times: user=0.01 sys=0.00, real=0.00 secs] 
2259.587: [GC (Allocation Failure) [PSYoungGen: 72080K->1501K(72704K)] 370138K->299559K(809472K), 0.0017234 secs] [Times: user=0.01 sys=0.00, real=0.00 secs] 
2259.732: [GC (Allocation Failure) [PSYoungGen: 72157K->1469K(72704K)] 370215K->299543K(809472K), 0.0018697 secs] [Times: user=0.01 sys=0.00, real=0.00 secs] 
2261.338: [GC (Allocation Failure) [PSYoungGen: 72125K->1456K(72192K)] 370199K->299554K(808960K), 0.0073140 secs] [Times: user=0.01 sys=0.02, real=0.01 secs] 
2262.111: [GC (Allocation Failure) [PSYoungGen: 72112K->1376K(72192K)] 370210K->299474K(808960K), 0.0029314 secs] [Times: user=0.01 sys=0.00, real=0.01 secs] 
2262.854: [GC (Allocation Failure) [PSYoungGen: 72032K->1344K(72192K)] 370130K->299442K(808960K), 0.0026380 secs] [Times: user=0.01 sys=0.00, real=0.00 secs] 
2263.616: [GC (Allocation Failure) [PSYoungGen: 72000K->1344K(72192K)] 370098K->299442K(808960K), 0.0028343 secs] [Times: user=0.01 sys=0.00, real=0.00 secs] 
2263.921: [GC (Allocation Failure) [PSYoungGen: 72000K->1501K(72192K)] 370098K->299599K(808960K), 0.0015150 secs] [Times: user=0.01 sys=0.00, real=0.00 secs] 
2264.047: [GC (Allocation Failure) [PSYoungGen: 72157K->1485K(72192K)] 370255K->299584K(808960K), 0.0016395 secs] [Times: user=0.00 sys=0.00, real=0.00 secs] 
2264.191: [GC (Allocation Failure) [PSYoungGen: 72141K->1437K(72192K)] 370240K->299535K(808960K), 0.0018496 secs] [Times: user=0.00 sys=0.00, real=0.00 secs] 
2264.528: [GC (Allocation Failure) [PSYoungGen: 72093K->1472K(72192K)] 370191K->299570K(808960K), 0.0023138 secs] [Times: user=0.01 sys=0.00, real=0.00 secs] 
2264.928: [GC (Allocation Failure) [PSYoungGen: 72128K->1376K(72192K)] 370226K->299474K(808960K), 0.0019674 secs] [Times: user=0.01 sys=0.00, real=0.00 secs] 
2265.222: [GC (Allocation Failure) [PSYoungGen: 72032K->1376K(72192K)] 370130K->299474K(808960K), 0.0019341 secs] [Times: user=0.00 sys=0.00, real=0.01 secs] 
2265.516: [GC (Allocation Failure) [PSYoungGen: 72032K->1376K(72192K)] 370130K->299474K(808960K), 0.0019929 secs] [Times: user=0.01 sys=0.00, real=0.00 secs] 
2265.816: [GC (Allocation Failure) [PSYoungGen: 72032K->1440K(72192K)] 370130K->299538K(808960K), 0.0017247 secs] [Times: user=0.01 sys=0.00, real=0.00 secs] 
2265.942: [GC (Allocation Failure) [PSYoungGen: 72096K->1469K(72192K)] 370194K->299567K(808960K), 0.0015066 secs] [Times: user=0.01 sys=0.00, real=0.00 secs] 
2266.067: [GC (Allocation Failure) [PSYoungGen: 72125K->1472K(72704K)] 370223K->299570K(809472K), 0.0015260 secs] [Times: user=0.01 sys=0.00, real=0.00 secs] 
2266.193: [GC (Allocation Failure) [PSYoungGen: 72128K->1469K(72704K)] 370226K->299567K(809472K), 0.0016293 secs] [Times: user=0.00 sys=0.00, real=0.01 secs] 
2266.940: [GC (Allocation Failure) [PSYoungGen: 72125K->1456K(72704K)] 370223K->299562K(809472K), 0.0025905 secs] [Times: user=0.01 sys=0.00, real=0.00 secs] 
2267.951: [GC (Allocation Failure) [PSYoungGen: 72112K->1312K(72704K)] 370218K->299418K(809472K), 0.0032671 secs] [Times: user=0.02 sys=0.00, real=0.01 secs] 
2268.946: [GC (Allocation Failure) [PSYoungGen: 71968K->1360K(72704K)] 370074K->299466K(809472K), 0.0050141 secs] [Times: user=0.01 sys=0.00, real=0.00 secs] 
2269.554: [GC (Allocation Failure) [PSYoungGen: 72016K->1376K(72704K)] 370122K->299482K(809472K), 0.0027099 secs] [Times: user=0.01 sys=0.00, real=0.00 secs] 
2269.893: [GC (Allocation Failure) [PSYoungGen: 72032K->1469K(72704K)] 370138K->299575K(809472K), 0.0018213 secs] [Times: user=0.01 sys=0.00, real=0.01 secs] 
2270.024: [GC (Allocation Failure) [PSYoungGen: 72125K->1469K(72704K)] 370231K->299575K(809472K), 0.0015462 secs] [Times: user=0.00 sys=0.00, real=0.00 secs] 
2270.149: [GC (Allocation Failure) [PSYoungGen: 72125K->1469K(72704K)] 370231K->299575K(809472K), 0.0016506 secs] [Times: user=0.01 sys=0.00, real=0.00 secs] 
2270.277: [GC (Allocation Failure) [PSYoungGen: 72071K->256K(72704K)] 370178K->298362K(809472K), 0.0015877 secs] [Times: user=0.01 sys=0.00, real=0.00 secs] 
2271.306: [GC (Allocation Failure) [PSYoungGen: 70912K->1376K(72704K)] 369018K->299506K(809472K), 0.0018791 secs] [Times: user=0.01 sys=0.00, real=0.00 secs] 
2271.948: [GC (Allocation Failure) [PSYoungGen: 72032K->1408K(72704K)] 370162K->299538K(809472K), 0.0020192 secs] [Times: user=0.00 sys=0.00, real=0.00 secs] 
2272.668: [GC (Allocation Failure) [PSYoungGen: 72064K->1392K(72704K)] 370194K->299522K(809472K), 0.0026944 secs] [Times: user=0.01 sys=0.00, real=0.00 secs] 
2273.619: [GC (Allocation Failure) [PSYoungGen: 72048K->1437K(72704K)] 370178K->299567K(809472K), 0.0036709 secs] [Times: user=0.01 sys=0.00, real=0.00 secs] 
2273.866: [GC (Allocation Failure) [PSYoungGen: 72093K->1469K(72704K)] 370223K->299599K(809472K), 0.0019327 secs] [Times: user=0.01 sys=0.00, real=0.00 secs] 
2273.998: [GC (Allocation Failure) [PSYoungGen: 72125K->1424K(72704K)] 370255K->299554K(809472K), 0.0015446 secs] [Times: user=0.00 sys=0.00, real=0.00 secs] 
2274.152: [GC (Allocation Failure) [PSYoungGen: 72080K->1501K(72704K)] 370210K->299631K(809472K), 0.0019773 secs] [Times: user=0.01 sys=0.00, real=0.01 secs] 
2274.567: [GC (Allocation Failure) [PSYoungGen: 72157K->1472K(72704K)] 370287K->299602K(809472K), 0.0027326 secs] [Times: user=0.01 sys=0.00, real=0.00 secs] 
2275.130: [GC (Allocation Failure) [PSYoungGen: 72128K->1376K(72704K)] 370258K->299506K(809472K), 0.0022835 secs] [Times: user=0.01 sys=0.00, real=0.00 secs] 
2275.792: [GC (Allocation Failure) [PSYoungGen: 72032K->1344K(72704K)] 370162K->299474K(809472K), 0.0021405 secs] [Times: user=0.01 sys=0.00, real=0.01 secs] 
2276.458: [GC (Allocation Failure) [PSYoungGen: 72000K->1376K(72704K)] 370130K->299506K(809472K), 0.0020002 secs] [Times: user=0.01 sys=0.00, real=0.00 secs] 
2277.100: [GC (Allocation Failure) [PSYoungGen: 72032K->1405K(72704K)] 370162K->299535K(809472K), 0.0022319 secs] [Times: user=0.01 sys=0.00, real=0.00 secs] 
2277.264: [GC (Allocation Failure) [PSYoungGen: 72061K->1469K(72704K)] 370191K->299599K(809472K), 0.0016731 secs] [Times: user=0.00 sys=0.00, real=0.01 secs] 
2277.389: [GC (Allocation Failure) [PSYoungGen: 72125K->1501K(72704K)] 370255K->299631K(809472K), 0.0017332 secs] [Times: user=0.01 sys=0.00, real=0.00 secs] 
2277.515: [GC (Allocation Failure) [PSYoungGen: 72157K->1469K(72704K)] 370287K->299607K(809472K), 0.0017500 secs] [Times: user=0.01 sys=0.00, real=0.00 secs] 
2278.386: [GC (Allocation Failure) [PSYoungGen: 72125K->1424K(72704K)] 370263K->299562K(809472K), 0.0025887 secs] [Times: user=0.01 sys=0.00, real=0.00 secs] 
2279.031: [GC (Allocation Failure) [PSYoungGen: 72080K->1408K(72704K)] 370218K->299546K(809472K), 0.0027463 secs] [Times: user=0.00 sys=0.00, real=0.00 secs] 
2279.785: [GC (Allocation Failure) [PSYoungGen: 72064K->1392K(72704K)] 370202K->299530K(809472K), 0.0020751 secs] [Times: user=0.01 sys=0.00, real=0.00 secs] 
2280.448: [GC (Allocation Failure) [PSYoungGen: 72048K->1376K(72704K)] 370186K->299514K(809472K), 0.0019830 secs] [Times: user=0.01 sys=0.00, real=0.00 secs] 
2280.710: [GC (Allocation Failure) [PSYoungGen: 72032K->1485K(72704K)] 370170K->299623K(809472K), 0.0015027 secs] [Times: user=0.00 sys=0.00, real=0.00 secs] 
2280.836: [GC (Allocation Failure) [PSYoungGen: 72141K->1469K(72704K)] 370279K->299607K(809472K), 0.0016172 secs] [Times: user=0.01 sys=0.00, real=0.00 secs] 
2280.963: [GC (Allocation Failure) [PSYoungGen: 72125K->1501K(72704K)] 370263K->299639K(809472K), 0.0016278 secs] [Times: user=0.00 sys=0.00, real=0.01 secs] 
2281.285: [GC (Allocation Failure) [PSYoungGen: 72157K->1952K(72704K)] 370295K->300098K(809472K), 0.0020616 secs] [Times: user=0.01 sys=0.00, real=0.00 secs] 
2281.908: [GC (Allocation Failure) [PSYoungGen: 72608K->1360K(72704K)] 370754K->299530K(809472K), 0.0027010 secs] [Times: user=0.01 sys=0.00, real=0.00 secs] 
2282.506: [GC (Allocation Failure) [PSYoungGen: 72016K->1360K(72704K)] 370186K->299530K(809472K), 0.0021813 secs] [Times: user=0.01 sys=0.00, real=0.00 secs] 
2282.815: [GC (Allocation Failure) [PSYoungGen: 72016K->1360K(72704K)] 370186K->299530K(809472K), 0.0019654 secs] [Times: user=0.01 sys=0.00, real=0.00 secs] 
2283.614: [GC (Allocation Failure) [PSYoungGen: 72016K->1469K(72704K)] 370186K->299639K(809472K), 0.0022868 secs] [Times: user=0.01 sys=0.00, real=0.01 secs] 
2283.780: [GC (Allocation Failure) [PSYoungGen: 72125K->1453K(72704K)] 370295K->299623K(809472K), 0.0016275 secs] [Times: user=0.01 sys=0.00, real=0.00 secs] 
2283.904: [GC (Allocation Failure) [PSYoungGen: 72109K->1469K(72704K)] 370279K->299639K(809472K), 0.0016054 secs] [Times: user=0.00 sys=0.00, real=0.00 secs] 
2284.029: [GC (Allocation Failure) [PSYoungGen: 72125K->1456K(72704K)] 370295K->299626K(809472K), 0.0016336 secs] [Times: user=0.01 sys=0.00, real=0.00 secs] 
2284.766: [GC (Allocation Failure) [PSYoungGen: 72112K->1472K(72704K)] 370282K->299642K(809472K), 0.0021135 secs] [Times: user=0.01 sys=0.00, real=0.00 secs] 
2285.079: [GC (Allocation Failure) [PSYoungGen: 72128K->1376K(72704K)] 370298K->299546K(809472K), 0.0020422 secs] [Times: user=0.00 sys=0.00, real=0.00 secs] 
2285.372: [GC (Allocation Failure) [PSYoungGen: 72032K->1376K(72704K)] 370202K->299546K(809472K), 0.0020064 secs] [Times: user=0.01 sys=0.00, real=0.01 secs] 
2285.666: [GC (Allocation Failure) [PSYoungGen: 72032K->1344K(72704K)] 370202K->299514K(809472K), 0.0019996 secs] [Times: user=0.00 sys=0.00, real=0.00 secs] 
2285.955: [GC (Allocation Failure) [PSYoungGen: 72000K->1504K(72704K)] 370170K->299674K(809472K), 0.0020293 secs] [Times: user=0.01 sys=0.00, real=0.00 secs] 
2286.142: [GC (Allocation Failure) [PSYoungGen: 72160K->1469K(72704K)] 370330K->299639K(809472K), 0.0019620 secs] [Times: user=0.00 sys=0.00, real=0.01 secs] 
2286.271: [GC (Allocation Failure) [PSYoungGen: 72125K->1501K(72704K)] 370295K->299671K(809472K), 0.0017116 secs] [Times: user=0.00 sys=0.00, real=0.00 secs] 
2286.415: [GC (Allocation Failure) [PSYoungGen: 72157K->1440K(72704K)] 370327K->299618K(809472K), 0.0019171 secs] [Times: user=0.00 sys=0.00, real=0.00 secs] 
2287.294: [GC (Allocation Failure) [PSYoungGen: 72096K->1440K(72704K)] 370274K->299626K(809472K), 0.0031328 secs] [Times: user=0.01 sys=0.00, real=0.00 secs] 
2287.585: [GC (Allocation Failure) [PSYoungGen: 72096K->1376K(72704K)] 370282K->299562K(809472K), 0.0020967 secs] [Times: user=0.01 sys=0.00, real=0.00 secs] 
2287.879: [GC (Allocation Failure) [PSYoungGen: 72032K->1376K(72704K)] 370218K->299562K(809472K), 0.0019542 secs] [Times: user=0.00 sys=0.01, real=0.00 secs] 
2288.172: [GC (Allocation Failure) [PSYoungGen: 72032K->1440K(72704K)] 370218K->299626K(809472K), 0.0019449 secs] [Times: user=0.01 sys=0.00, real=0.01 secs] 
2288.398: [GC (Allocation Failure) [PSYoungGen: 72096K->1501K(72704K)] 370282K->299687K(809472K), 0.0014892 secs] [Times: user=0.01 sys=0.00, real=0.00 secs] 
2288.544: [GC (Allocation Failure) [PSYoungGen: 72157K->1501K(72704K)] 370343K->299687K(809472K), 0.0018720 secs] [Times: user=0.01 sys=0.00, real=0.00 secs] 
2288.702: [GC (Allocation Failure) [PSYoungGen: 72157K->1485K(72704K)] 370343K->299671K(809472K), 0.0020150 secs] [Times: user=0.01 sys=0.00, real=0.01 secs] 
2289.244: [GC (Allocation Failure) [PSYoungGen: 72141K->1440K(72704K)] 370327K->299642K(809472K), 0.0028769 secs] [Times: user=0.01 sys=0.00, real=0.01 secs] 
2290.256: [GC (Allocation Failure) [PSYoungGen: 72096K->1376K(72704K)] 370298K->299578K(809472K), 0.0037492 secs] [Times: user=0.02 sys=0.00, real=0.00 secs] 
2290.847: [GC (Allocation Failure) [PSYoungGen: 72032K->1344K(72704K)] 370234K->299546K(809472K), 0.0023837 secs] [Times: user=0.01 sys=0.00, real=0.00 secs] 
2291.701: [GC (Allocation Failure) [PSYoungGen: 72000K->1360K(72704K)] 370202K->299570K(809472K), 0.0023254 secs] [Times: user=0.01 sys=0.00, real=0.00 secs] 
2292.707: [GC (Allocation Failure) [PSYoungGen: 72016K->1469K(72704K)] 370226K->299679K(809472K), 0.0024918 secs] [Times: user=0.01 sys=0.00, real=0.00 secs] 
2292.876: [GC (Allocation Failure) [PSYoungGen: 72125K->1456K(72704K)] 370335K->299666K(809472K), 0.0017361 secs] [Times: user=0.00 sys=0.00, real=0.00 secs] 
2293.001: [GC (Allocation Failure) [PSYoungGen: 72112K->1501K(72704K)] 370322K->299711K(809472K), 0.0017234 secs] [Times: user=0.00 sys=0.00, real=0.00 secs] 
2293.144: [GC (Allocation Failure) [PSYoungGen: 72157K->1469K(72704K)] 370367K->299679K(809472K), 0.0018363 secs] [Times: user=0.01 sys=0.00, real=0.00 secs] 
2293.830: [GC (Allocation Failure) [PSYoungGen: 72125K->1392K(72704K)] 370335K->299602K(809472K), 0.0026998 secs] [Times: user=0.01 sys=0.00, real=0.00 secs] 
2294.598: [GC (Allocation Failure) [PSYoungGen: 72048K->1376K(72704K)] 370258K->299586K(809472K), 0.0032452 secs] [Times: user=0.01 sys=0.00, real=0.00 secs] 
2295.451: [GC (Allocation Failure) [PSYoungGen: 72032K->1376K(72704K)] 370242K->299586K(809472K), 0.0033224 secs] [Times: user=0.01 sys=0.00, real=0.01 secs] 
2296.294: [GC (Allocation Failure) [PSYoungGen: 72032K->1376K(72704K)] 370242K->299586K(809472K), 0.0030583 secs] [Times: user=0.02 sys=0.00, real=0.01 secs] 
2296.642: [GC (Allocation Failure) [PSYoungGen: 72032K->1437K(72704K)] 370242K->299647K(809472K), 0.0018198 secs] [Times: user=0.01 sys=0.00, real=0.01 secs] 
2296.772: [GC (Allocation Failure) [PSYoungGen: 72093K->1469K(72704K)] 370303K->299679K(809472K), 0.0015344 secs] [Times: user=0.00 sys=0.00, real=0.01 secs] 
2296.897: [GC (Allocation Failure) [PSYoungGen: 72125K->1501K(72704K)] 370335K->299711K(809472K), 0.0015850 secs] [Times: user=0.01 sys=0.00, real=0.00 secs] 
2297.021: [GC (Allocation Failure) [PSYoungGen: 72157K->1408K(72704K)] 370367K->299634K(809472K), 0.0015552 secs] [Times: user=0.01 sys=0.00, real=0.00 secs] 
2297.642: [GC (Allocation Failure) [PSYoungGen: 72064K->1376K(72704K)] 370290K->299602K(809472K), 0.0019878 secs] [Times: user=0.01 sys=0.00, real=0.01 secs] 
2297.936: [GC (Allocation Failure) [PSYoungGen: 72032K->1408K(72704K)] 370258K->299634K(809472K), 0.0019475 secs] [Times: user=0.01 sys=0.00, real=0.00 secs] 
2298.547: [GC (Allocation Failure) [PSYoungGen: 72064K->1376K(72704K)] 370290K->299602K(809472K), 0.0021041 secs] [Times: user=0.01 sys=0.00, real=0.00 secs] 
2299.227: [GC (Allocation Failure) [PSYoungGen: 72032K->1469K(72704K)] 370258K->299695K(809472K), 0.0018969 secs] [Times: user=0.01 sys=0.00, real=0.00 secs] 
2299.405: [GC (Allocation Failure) [PSYoungGen: 72125K->1469K(72704K)] 370351K->299695K(809472K), 0.0020480 secs] [Times: user=0.01 sys=0.00, real=0.00 secs] 
2299.562: [GC (Allocation Failure) [PSYoungGen: 72125K->1469K(72704K)] 370351K->299695K(809472K), 0.0017367 secs] [Times: user=0.00 sys=0.00, real=0.01 secs] 
2299.692: [GC (Allocation Failure) [PSYoungGen: 72125K->1472K(72704K)] 370351K->299698K(809472K), 0.0014954 secs] [Times: user=0.01 sys=0.00, real=0.00 secs] 
2299.954: [GC (Allocation Failure) [PSYoungGen: 72128K->1456K(72704K)] 370354K->299682K(809472K), 0.0022902 secs] [Times: user=0.01 sys=0.00, real=0.00 secs] 
2300.265: [GC (Allocation Failure) [PSYoungGen: 72112K->1376K(72704K)] 370338K->299602K(809472K), 0.0020704 secs] [Times: user=0.00 sys=0.00, real=0.00 secs] 
2300.558: [GC (Allocation Failure) [PSYoungGen: 72032K->1376K(72704K)] 370258K->299618K(809472K), 0.0020474 secs] [Times: user=0.01 sys=0.00, real=0.00 secs] 
2300.852: [GC (Allocation Failure) [PSYoungGen: 72032K->1376K(72704K)] 370274K->299618K(809472K), 0.0019440 secs] [Times: user=0.00 sys=0.00, real=0.00 secs] 
2301.262: [GC (Allocation Failure) [PSYoungGen: 72032K->1437K(72704K)] 370274K->299679K(809472K), 0.0015510 secs] [Times: user=0.01 sys=0.00, real=0.00 secs] 
2301.388: [GC (Allocation Failure) [PSYoungGen: 72093K->1469K(72704K)] 370335K->299711K(809472K), 0.0017290 secs] [Times: user=0.00 sys=0.00, real=0.00 secs] 
2301.534: [GC (Allocation Failure) [PSYoungGen: 72125K->1501K(72704K)] 370367K->299743K(809472K), 0.0018572 secs] [Times: user=0.01 sys=0.00, real=0.00 secs] 
2301.693: [GC (Allocation Failure) [PSYoungGen: 72157K->1424K(72704K)] 370399K->299674K(809472K), 0.0017440 secs] [Times: user=0.01 sys=0.00, real=0.01 secs] 
2302.307: [GC (Allocation Failure) [PSYoungGen: 72080K->1408K(72704K)] 370330K->299658K(809472K), 0.0021690 secs] [Times: user=0.01 sys=0.00, real=0.00 secs] 
2302.935: [GC (Allocation Failure) [PSYoungGen: 72064K->1392K(72704K)] 370314K->299642K(809472K), 0.0019628 secs] [Times: user=0.01 sys=0.00, real=0.00 secs] 
2303.231: [GC (Allocation Failure) [PSYoungGen: 72048K->1344K(72704K)] 370298K->299594K(809472K), 0.0019559 secs] [Times: user=0.01 sys=0.00, real=0.00 secs] 
2303.537: [GC (Allocation Failure) [PSYoungGen: 72000K->1360K(72704K)] 370250K->299610K(809472K), 0.0027273 secs] [Times: user=0.01 sys=0.00, real=0.00 secs] 
2303.833: [GC (Allocation Failure) [PSYoungGen: 72016K->1469K(72704K)] 370266K->299719K(809472K), 0.0022118 secs] [Times: user=0.01 sys=0.00, real=0.01 secs] 
2303.983: [GC (Allocation Failure) [PSYoungGen: 72125K->1437K(72704K)] 370375K->299687K(809472K), 0.0016692 secs] [Times: user=0.01 sys=0.00, real=0.01 secs] 
2304.109: [GC (Allocation Failure) [PSYoungGen: 72093K->1440K(72704K)] 370343K->299690K(809472K), 0.0016511 secs] [Times: user=0.00 sys=0.00, real=0.00 secs] 
2304.894: [GC (Allocation Failure) [PSYoungGen: 72096K->1440K(72192K)] 370346K->299698K(808960K), 0.0031776 secs] [Times: user=0.01 sys=0.00, real=0.01 secs] 
2307.290: [GC (Allocation Failure) [PSYoungGen: 72096K->1376K(72192K)] 370354K->299634K(808960K), 0.0036228 secs] [Times: user=0.01 sys=0.00, real=0.00 secs] 
2307.858: [GC (Allocation Failure) [PSYoungGen: 72032K->320K(71680K)] 370290K->299602K(808448K), 0.0021651 secs] [Times: user=0.01 sys=0.01, real=0.00 secs] 
2308.205: [GC (Allocation Failure) [PSYoungGen: 70976K->320K(72704K)] 370258K->299602K(809472K), 0.0019786 secs] [Times: user=0.01 sys=0.00, real=0.00 secs] 
2308.623: [GC (Allocation Failure) [PSYoungGen: 70976K->1469K(72704K)] 370258K->300752K(809472K), 0.0026908 secs] [Times: user=0.01 sys=0.00, real=0.01 secs] 
2308.804: [GC (Allocation Failure) [PSYoungGen: 72125K->1501K(72704K)] 371408K->300784K(809472K), 0.0017064 secs] [Times: user=0.00 sys=0.00, real=0.00 secs] 
2308.947: [GC (Allocation Failure) [PSYoungGen: 72157K->1469K(72704K)] 371440K->300752K(809472K), 0.0018385 secs] [Times: user=0.01 sys=0.00, real=0.00 secs] 
2309.123: [GC (Allocation Failure) [PSYoungGen: 72125K->1437K(72704K)] 371408K->300719K(809472K), 0.0021460 secs] [Times: user=0.01 sys=0.00, real=0.01 secs] 
2310.214: [GC (Allocation Failure) [PSYoungGen: 72093K->1456K(72704K)] 371375K->300738K(809472K), 0.0035516 secs] [Times: user=0.02 sys=0.00, real=0.00 secs] 
2310.615: [GC (Allocation Failure) [PSYoungGen: 72112K->1376K(72704K)] 371394K->300658K(809472K), 0.0018591 secs] [Times: user=0.01 sys=0.00, real=0.00 secs] 
2310.958: [GC (Allocation Failure) [PSYoungGen: 72032K->1392K(72704K)] 371314K->300674K(809472K), 0.0018442 secs] [Times: user=0.01 sys=0.00, real=0.00 secs] 
2311.268: [GC (Allocation Failure) [PSYoungGen: 72048K->1376K(72704K)] 371330K->300658K(809472K), 0.0018239 secs] [Times: user=0.01 sys=0.00, real=0.00 secs] 
2311.562: [GC (Allocation Failure) [PSYoungGen: 72032K->1437K(72704K)] 371314K->300719K(809472K), 0.0024592 secs] [Times: user=0.01 sys=0.00, real=0.01 secs] 
2311.741: [GC (Allocation Failure) [PSYoungGen: 72093K->1501K(72704K)] 371375K->300784K(809472K), 0.0016121 secs] [Times: user=0.00 sys=0.01, real=0.00 secs] 
2311.887: [GC (Allocation Failure) [PSYoungGen: 72157K->1453K(72704K)] 371440K->300736K(809472K), 0.0018887 secs] [Times: user=0.01 sys=0.00, real=0.00 secs] 
2312.047: [GC (Allocation Failure) [PSYoungGen: 72109K->1501K(72704K)] 371392K->300808K(809472K), 0.0016425 secs] [Times: user=0.00 sys=0.00, real=0.00 secs] 
2313.403: [GC (Allocation Failure) [PSYoungGen: 72157K->1440K(72704K)] 371464K->300746K(809472K), 0.0043276 secs] [Times: user=0.02 sys=0.00, real=0.01 secs] 
2314.641: [GC (Allocation Failure) [PSYoungGen: 72096K->1376K(72704K)] 371402K->300682K(809472K), 0.0033406 secs] [Times: user=0.01 sys=0.00, real=0.01 secs] 
2315.480: [GC (Allocation Failure) [PSYoungGen: 72032K->1376K(72704K)] 371338K->300682K(809472K), 0.0026409 secs] [Times: user=0.01 sys=0.00, real=0.00 secs] 
2316.565: [GC (Allocation Failure) [PSYoungGen: 72032K->1344K(72704K)] 371338K->300650K(809472K), 0.0025770 secs] [Times: user=0.01 sys=0.00, real=0.00 secs] 
2317.083: [GC (Allocation Failure) [PSYoungGen: 72000K->1501K(72704K)] 371306K->300808K(809472K), 0.0016806 secs] [Times: user=0.01 sys=0.00, real=0.01 secs] 
2317.211: [GC (Allocation Failure) [PSYoungGen: 72157K->1469K(72704K)] 371464K->300775K(809472K), 0.0016875 secs] [Times: user=0.01 sys=0.00, real=0.00 secs] 
2317.338: [GC (Allocation Failure) [PSYoungGen: 72121K->1504K(72704K)] 371428K->300810K(809472K), 0.0016939 secs] [Times: user=0.01 sys=0.00, real=0.00 secs] 
2317.621: [GC (Allocation Failure) [PSYoungGen: 72160K->1440K(72704K)] 371466K->300746K(809472K), 0.0020846 secs] [Times: user=0.00 sys=0.00, real=0.00 secs] 
2317.915: [GC (Allocation Failure) [PSYoungGen: 72096K->1376K(72704K)] 371402K->300682K(809472K), 0.0020095 secs] [Times: user=0.01 sys=0.00, real=0.00 secs] 
2318.209: [GC (Allocation Failure) [PSYoungGen: 72032K->1376K(72704K)] 371338K->300682K(809472K), 0.0019578 secs] [Times: user=0.01 sys=0.00, real=0.00 secs] 
2318.502: [GC (Allocation Failure) [PSYoungGen: 72032K->1344K(72704K)] 371338K->300650K(809472K), 0.0020112 secs] [Times: user=0.00 sys=0.00, real=0.01 secs] 
2318.818: [GC (Allocation Failure) [PSYoungGen: 72000K->1440K(72704K)] 371306K->300746K(809472K), 0.0017791 secs] [Times: user=0.01 sys=0.00, real=0.00 secs] 
2318.949: [GC (Allocation Failure) [PSYoungGen: 72096K->1501K(72704K)] 371402K->300808K(809472K), 0.0016393 secs] [Times: user=0.01 sys=0.00, real=0.00 secs] 
2319.076: [GC (Allocation Failure) [PSYoungGen: 72157K->1501K(72704K)] 371464K->300808K(809472K), 0.0016215 secs] [Times: user=0.00 sys=0.00, real=0.00 secs] 
2319.201: [GC (Allocation Failure) [PSYoungGen: 72157K->1469K(72704K)] 371464K->300775K(809472K), 0.0016512 secs] [Times: user=0.01 sys=0.00, real=0.00 secs] 
2320.696: [GC (Allocation Failure) [PSYoungGen: 72125K->1376K(72704K)] 371431K->300682K(809472K), 0.0040431 secs] [Times: user=0.02 sys=0.00, real=0.00 secs] 
2321.591: [GC (Allocation Failure) [PSYoungGen: 72032K->1344K(72704K)] 371338K->300666K(809472K), 0.0029156 secs] [Times: user=0.01 sys=0.00, real=0.00 secs] 
2322.411: [GC (Allocation Failure) [PSYoungGen: 72000K->1344K(72704K)] 371322K->300666K(809472K), 0.0025362 secs] [Times: user=0.01 sys=0.01, real=0.00 secs] 
2323.090: [GC (Allocation Failure) [PSYoungGen: 72000K->1408K(72704K)] 371322K->300730K(809472K), 0.0032061 secs] [Times: user=0.02 sys=0.00, real=0.00 secs] 
2323.553: [GC (Allocation Failure) [PSYoungGen: 72064K->1421K(72704K)] 371386K->300744K(809472K), 0.0019666 secs] [Times: user=0.01 sys=0.00, real=0.01 secs] 
2323.726: [GC (Allocation Failure) [PSYoungGen: 72077K->1437K(72704K)] 371400K->300759K(809472K), 0.0019556 secs] [Times: user=0.01 sys=0.00, real=0.00 secs] 
2323.901: [GC (Allocation Failure) [PSYoungGen: 72093K->1456K(72704K)] 371415K->300778K(809472K), 0.0022458 secs] [Times: user=0.00 sys=0.00, real=0.00 secs] 
2324.573: [GC (Allocation Failure) [PSYoungGen: 72112K->1728K(72704K)] 371434K->301050K(809472K), 0.0022017 secs] [Times: user=0.01 sys=0.00, real=0.01 secs] 
2325.777: [GC (Allocation Failure) [PSYoungGen: 72384K->1376K(72704K)] 371706K->300698K(809472K), 0.0029026 secs] [Times: user=0.01 sys=0.00, real=0.00 secs] 
2326.490: [GC (Allocation Failure) [PSYoungGen: 72032K->1376K(72704K)] 371354K->300698K(809472K), 0.0026794 secs] [Times: user=0.00 sys=0.00, real=0.00 secs] 
2327.049: [GC (Allocation Failure) [PSYoungGen: 72032K->1408K(72704K)] 371354K->300730K(809472K), 0.0022956 secs] [Times: user=0.01 sys=0.00, real=0.00 secs] 
2327.697: [GC (Allocation Failure) [PSYoungGen: 72064K->1501K(72704K)] 371386K->300824K(809472K), 0.0022446 secs] [Times: user=0.01 sys=0.00, real=0.00 secs] 
2327.863: [GC (Allocation Failure) [PSYoungGen: 72157K->1501K(72704K)] 371480K->300824K(809472K), 0.0016746 secs] [Times: user=0.00 sys=0.00, real=0.01 secs] 
2327.990: [GC (Allocation Failure) [PSYoungGen: 72157K->1440K(72704K)] 371480K->300762K(809472K), 0.0015334 secs] [Times: user=0.01 sys=0.00, real=0.00 secs] 
2328.115: [GC (Allocation Failure) [PSYoungGen: 72096K->1469K(72704K)] 371418K->300791K(809472K), 0.0017491 secs] [Times: user=0.01 sys=0.01, real=0.00 secs] 
2328.585: [GC (Allocation Failure) [PSYoungGen: 72125K->1456K(72704K)] 371447K->300778K(809472K), 0.0022674 secs] [Times: user=0.01 sys=0.00, real=0.00 secs] 
2329.211: [GC (Allocation Failure) [PSYoungGen: 72112K->1408K(72704K)] 371434K->300730K(809472K), 0.0021122 secs] [Times: user=0.01 sys=0.00, real=0.00 secs] 
2329.866: [GC (Allocation Failure) [PSYoungGen: 72064K->1344K(72704K)] 371386K->300666K(809472K), 0.0020499 secs] [Times: user=0.01 sys=0.00, real=0.00 secs] 
2330.840: [GC (Allocation Failure) [PSYoungGen: 72000K->1344K(72704K)] 371322K->300666K(809472K), 0.0025022 secs] [Times: user=0.01 sys=0.01, real=0.00 secs] 
2331.486: [GC (Allocation Failure) [PSYoungGen: 72000K->1437K(72704K)] 371322K->300759K(809472K), 0.0021394 secs] [Times: user=0.00 sys=0.00, real=0.00 secs] 
2331.639: [GC (Allocation Failure) [PSYoungGen: 72093K->1437K(72704K)] 371415K->300759K(809472K), 0.0017543 secs] [Times: user=0.01 sys=0.00, real=0.00 secs] 
2331.784: [GC (Allocation Failure) [PSYoungGen: 72093K->1485K(72704K)] 371415K->300808K(809472K), 0.0018436 secs] [Times: user=0.01 sys=0.00, real=0.01 secs] 
2331.941: [GC (Allocation Failure) [PSYoungGen: 72141K->1437K(72704K)] 371464K->300767K(809472K), 0.0019197 secs] [Times: user=0.00 sys=0.00, real=0.00 secs] 
2333.462: [GC (Allocation Failure) [PSYoungGen: 72093K->1440K(72704K)] 371423K->300786K(809472K), 0.0028645 secs] [Times: user=0.01 sys=0.00, real=0.01 secs] 
2333.806: [GC (Allocation Failure) [PSYoungGen: 72096K->1408K(72704K)] 371442K->300754K(809472K), 0.0020668 secs] [Times: user=0.01 sys=0.00, real=0.00 secs] 
2334.125: [GC (Allocation Failure) [PSYoungGen: 72064K->1408K(72704K)] 371410K->300754K(809472K), 0.0023230 secs] [Times: user=0.00 sys=0.00, real=0.00 secs] 
2334.720: [GC (Allocation Failure) [PSYoungGen: 72064K->1376K(72704K)] 371410K->300722K(809472K), 0.0020732 secs] [Times: user=0.01 sys=0.00, real=0.00 secs] 
2335.231: [GC (Allocation Failure) [PSYoungGen: 72032K->1501K(72704K)] 371378K->300848K(809472K), 0.0021257 secs] [Times: user=0.01 sys=0.00, real=0.00 secs] 
2335.363: [GC (Allocation Failure) [PSYoungGen: 72157K->1501K(72704K)] 371504K->300848K(809472K), 0.0017391 secs] [Times: user=0.01 sys=0.00, real=0.01 secs] 
2335.489: [GC (Allocation Failure) [PSYoungGen: 72157K->1472K(72704K)] 371504K->300818K(809472K), 0.0016955 secs] [Times: user=0.00 sys=0.00, real=0.00 secs] 
2335.920: [GC (Allocation Failure) [PSYoungGen: 72128K->1408K(72704K)] 371474K->300754K(809472K), 0.0021350 secs] [Times: user=0.01 sys=0.00, real=0.00 secs] 
2336.941: [GC (Allocation Failure) [PSYoungGen: 72064K->1360K(72704K)] 371410K->300706K(809472K), 0.0023906 secs] [Times: user=0.01 sys=0.00, real=0.01 secs] 
2337.252: [GC (Allocation Failure) [PSYoungGen: 72016K->1408K(72704K)] 371362K->300754K(809472K), 0.0020548 secs] [Times: user=0.01 sys=0.00, real=0.01 secs] 
2337.586: [GC (Allocation Failure) [PSYoungGen: 72064K->1376K(72704K)] 371410K->300722K(809472K), 0.0019363 secs] [Times: user=0.01 sys=0.00, real=0.00 secs] 
2338.026: [GC (Allocation Failure) [PSYoungGen: 72032K->1437K(72704K)] 371378K->300784K(809472K), 0.0022118 secs] [Times: user=0.00 sys=0.00, real=0.00 secs] 
2338.220: [GC (Allocation Failure) [PSYoungGen: 72093K->1501K(72704K)] 371440K->300848K(809472K), 0.0021135 secs] [Times: user=0.01 sys=0.00, real=0.00 secs] 
2338.376: [GC (Allocation Failure) [PSYoungGen: 72157K->1405K(72704K)] 371504K->300751K(809472K), 0.0017037 secs] [Times: user=0.01 sys=0.00, real=0.00 secs] 
2338.503: [GC (Allocation Failure) [PSYoungGen: 72061K->1501K(72704K)] 371407K->300848K(809472K), 0.0016897 secs] [Times: user=0.00 sys=0.00, real=0.01 secs] 
2339.613: [GC (Allocation Failure) [PSYoungGen: 72157K->1424K(72704K)] 371504K->300770K(809472K), 0.0034843 secs] [Times: user=0.01 sys=0.00, real=0.01 secs] 
2341.166: [GC (Allocation Failure) [PSYoungGen: 72080K->1376K(72704K)] 371426K->300722K(809472K), 0.0033368 secs] [Times: user=0.02 sys=0.00, real=0.00 secs] 
2341.947: [GC (Allocation Failure) [PSYoungGen: 72032K->1312K(72704K)] 371378K->300658K(809472K), 0.0023454 secs] [Times: user=0.01 sys=0.00, real=0.00 secs] 
2342.857: [GC (Allocation Failure) [PSYoungGen: 71968K->1344K(72704K)] 371314K->300706K(809472K), 0.0022829 secs] [Times: user=0.00 sys=0.01, real=0.00 secs] 
2343.439: [GC (Allocation Failure) [PSYoungGen: 72000K->1437K(72704K)] 371362K->300799K(809472K), 0.0020254 secs] [Times: user=0.01 sys=0.00, real=0.00 secs] 
2343.607: [GC (Allocation Failure) [PSYoungGen: 72093K->1469K(72704K)] 371455K->300832K(809472K), 0.0018252 secs] [Times: user=0.01 sys=0.00, real=0.00 secs] 
2343.758: [GC (Allocation Failure) [PSYoungGen: 72125K->1501K(72704K)] 371488K->300864K(809472K), 0.0016644 secs] [Times: user=0.01 sys=0.00, real=0.00 secs] 
2343.903: [GC (Allocation Failure) [PSYoungGen: 72157K->1424K(72704K)] 371520K->300794K(809472K), 0.0018152 secs] [Times: user=0.01 sys=0.00, real=0.01 secs] 
2344.611: [GC (Allocation Failure) [PSYoungGen: 72080K->1440K(72704K)] 371450K->300810K(809472K), 0.0025911 secs] [Times: user=0.01 sys=0.00, real=0.01 secs] 
2345.163: [GC (Allocation Failure) [PSYoungGen: 72096K->1408K(72704K)] 371466K->300778K(809472K), 0.0025272 secs] [Times: user=0.01 sys=0.00, real=0.01 secs] 
2345.951: [GC (Allocation Failure) [PSYoungGen: 72064K->1376K(72704K)] 371434K->300746K(809472K), 0.0028082 secs] [Times: user=0.01 sys=0.00, real=0.01 secs] 
2346.766: [GC (Allocation Failure) [PSYoungGen: 72032K->1376K(72704K)] 371402K->300746K(809472K), 0.0025245 secs] [Times: user=0.01 sys=0.00, real=0.00 secs] 
2346.975: [GC (Allocation Failure) [PSYoungGen: 72032K->1469K(72704K)] 371402K->300839K(809472K), 0.0016086 secs] [Times: user=0.00 sys=0.00, real=0.00 secs] 
2347.100: [GC (Allocation Failure) [PSYoungGen: 72125K->1469K(72704K)] 371495K->300839K(809472K), 0.0016120 secs] [Times: user=0.01 sys=0.00, real=0.00 secs] 
2347.224: [GC (Allocation Failure) [PSYoungGen: 72125K->1501K(72704K)] 371495K->300872K(809472K), 0.0016054 secs] [Times: user=0.00 sys=0.00, real=0.00 secs] 
2347.679: [GC (Allocation Failure) [PSYoungGen: 72157K->1456K(72704K)] 371528K->300826K(809472K), 0.0021324 secs] [Times: user=0.01 sys=0.00, real=0.00 secs] 
2348.351: [GC (Allocation Failure) [PSYoungGen: 72112K->1376K(72704K)] 371482K->300746K(809472K), 0.0021060 secs] [Times: user=0.01 sys=0.00, real=0.00 secs] 
2348.709: [GC (Allocation Failure) [PSYoungGen: 72032K->1344K(72704K)] 371402K->300714K(809472K), 0.0019453 secs] [Times: user=0.00 sys=0.00, real=0.00 secs] 
2349.003: [GC (Allocation Failure) [PSYoungGen: 72000K->1392K(72704K)] 371370K->300762K(809472K), 0.0018350 secs] [Times: user=0.01 sys=0.00, real=0.01 secs] 
2349.313: [GC (Allocation Failure) [PSYoungGen: 72048K->1469K(72704K)] 371418K->300840K(809472K), 0.0015953 secs] [Times: user=0.01 sys=0.00, real=0.01 secs] 
2349.438: [GC (Allocation Failure) [PSYoungGen: 72125K->1501K(72704K)] 371496K->300872K(809472K), 0.0015953 secs] [Times: user=0.01 sys=0.00, real=0.00 secs] 
2349.574: [GC (Allocation Failure) [PSYoungGen: 72157K->1485K(72704K)] 371528K->300856K(809472K), 0.0017862 secs] [Times: user=0.00 sys=0.00, real=0.01 secs] 
2349.733: [GC (Allocation Failure) [PSYoungGen: 72141K->1437K(72704K)] 371512K->300807K(809472K), 0.0019300 secs] [Times: user=0.01 sys=0.00, real=0.01 secs] 
2350.892: [GC (Allocation Failure) [PSYoungGen: 72093K->1424K(72704K)] 371463K->300794K(809472K), 0.0029154 secs] [Times: user=0.02 sys=0.00, real=0.01 secs] 
2351.626: [GC (Allocation Failure) [PSYoungGen: 72080K->1376K(72704K)] 371450K->300762K(809472K), 0.0024068 secs] [Times: user=0.01 sys=0.00, real=0.00 secs] 
2352.937: [GC (Allocation Failure) [PSYoungGen: 72032K->1376K(72704K)] 371418K->300762K(809472K), 0.0036607 secs] [Times: user=0.02 sys=0.00, real=0.00 secs] 
2353.833: [GC (Allocation Failure) [PSYoungGen: 72032K->1376K(72704K)] 371418K->300762K(809472K), 0.0026525 secs] [Times: user=0.01 sys=0.00, real=0.01 secs] 
2354.227: [GC (Allocation Failure) [PSYoungGen: 72032K->1437K(72704K)] 371418K->300823K(809472K), 0.0021046 secs] [Times: user=0.01 sys=0.00, real=0.00 secs] 
2354.409: [GC (Allocation Failure) [PSYoungGen: 72093K->1437K(72192K)] 371479K->300823K(808960K), 0.0019959 secs] [Times: user=0.00 sys=0.00, real=0.00 secs] 
2354.564: [GC (Allocation Failure) [PSYoungGen: 72093K->1501K(71680K)] 371479K->300888K(808448K), 0.0017022 secs] [Times: user=0.01 sys=0.00, real=0.00 secs] 
2355.161: [GC (Allocation Failure) [PSYoungGen: 71645K->1696K(72192K)] 371032K->301082K(808960K), 0.0021381 secs] [Times: user=0.00 sys=0.00, real=0.00 secs] 
2355.595: [GC (Allocation Failure) [PSYoungGen: 71840K->1360K(72192K)] 371226K->300746K(808960K), 0.0019088 secs] [Times: user=0.01 sys=0.00, real=0.00 secs] 
2355.886: [GC (Allocation Failure) [PSYoungGen: 71504K->1376K(72192K)] 370890K->300762K(808960K), 0.0018666 secs] [Times: user=0.01 sys=0.00, real=0.00 secs] 
2356.345: [GC (Allocation Failure) [PSYoungGen: 71520K->1408K(72192K)] 370906K->300794K(808960K), 0.0020096 secs] [Times: user=0.01 sys=0.00, real=0.00 secs] 
2356.925: [GC (Allocation Failure) [PSYoungGen: 71552K->1501K(72192K)] 370938K->300888K(808960K), 0.0020626 secs] [Times: user=0.01 sys=0.00, real=0.00 secs] 
2357.076: [GC (Allocation Failure) [PSYoungGen: 71645K->1469K(72192K)] 371032K->300855K(808960K), 0.0016303 secs] [Times: user=0.01 sys=0.00, real=0.00 secs] 
2357.200: [GC (Allocation Failure) [PSYoungGen: 71613K->1437K(72192K)] 370999K->300823K(808960K), 0.0016959 secs] [Times: user=0.00 sys=0.00, real=0.00 secs] 
2357.323: [GC (Allocation Failure) [PSYoungGen: 71581K->1469K(72192K)] 370967K->300855K(808960K), 0.0016910 secs] [Times: user=0.00 sys=0.00, real=0.01 secs] 
2357.921: [GC (Allocation Failure) [PSYoungGen: 71613K->1456K(72192K)] 370999K->300842K(808960K), 0.0020824 secs] [Times: user=0.01 sys=0.00, real=0.00 secs] 
2358.354: [GC (Allocation Failure) [PSYoungGen: 71600K->1376K(72192K)] 370986K->300762K(808960K), 0.0024798 secs] [Times: user=0.01 sys=0.00, real=0.00 secs] 
2358.648: [GC (Allocation Failure) [PSYoungGen: 71520K->1408K(72192K)] 370906K->300794K(808960K), 0.0021337 secs] [Times: user=0.01 sys=0.00, real=0.00 secs] 
2359.302: [GC (Allocation Failure) [PSYoungGen: 71552K->1376K(72192K)] 370938K->300762K(808960K), 0.0021444 secs] [Times: user=0.00 sys=0.00, real=0.01 secs] 
2359.762: [GC (Allocation Failure) [PSYoungGen: 71511K->1453K(72192K)] 370898K->300840K(808960K), 0.0018722 secs] [Times: user=0.00 sys=0.00, real=0.01 secs] 
2359.889: [GC (Allocation Failure) [PSYoungGen: 71597K->1469K(72192K)] 370984K->300856K(808960K), 0.0015753 secs] [Times: user=0.01 sys=0.00, real=0.00 secs] 
2360.013: [GC (Allocation Failure) [PSYoungGen: 71613K->1485K(72192K)] 371000K->300872K(808960K), 0.0014807 secs] [Times: user=0.00 sys=0.00, real=0.01 secs] 
2360.136: [GC (Allocation Failure) [PSYoungGen: 71629K->1469K(72192K)] 371016K->300879K(808960K), 0.0016681 secs] [Times: user=0.00 sys=0.00, real=0.00 secs] 
2361.161: [GC (Allocation Failure) [PSYoungGen: 71613K->1408K(72192K)] 371023K->300818K(808960K), 0.0027470 secs] [Times: user=0.01 sys=0.00, real=0.00 secs] 
2362.213: [GC (Allocation Failure) [PSYoungGen: 71552K->1312K(72192K)] 370962K->300722K(808960K), 0.0033072 secs] [Times: user=0.01 sys=0.00, real=0.01 secs] 
2362.983: [GC (Allocation Failure) [PSYoungGen: 71456K->1312K(72192K)] 370866K->300722K(808960K), 0.0026729 secs] [Times: user=0.01 sys=0.00, real=0.01 secs] 
2363.571: [GC (Allocation Failure) [PSYoungGen: 71456K->1376K(72192K)] 370866K->300786K(808960K), 0.0034510 secs] [Times: user=0.01 sys=0.00, real=0.01 secs] 
2363.925: [GC (Allocation Failure) [PSYoungGen: 71520K->1437K(72192K)] 370930K->300847K(808960K), 0.0018745 secs] [Times: user=0.00 sys=0.00, real=0.00 secs] 
2364.053: [GC (Allocation Failure) [PSYoungGen: 71569K->1437K(72192K)] 370979K->300847K(808960K), 0.0016384 secs] [Times: user=0.00 sys=0.00, real=0.01 secs] 
2364.177: [GC (Allocation Failure) [PSYoungGen: 71581K->1424K(72192K)] 370991K->300834K(808960K), 0.0016839 secs] [Times: user=0.01 sys=0.00, real=0.00 secs] 
2364.302: [GC (Allocation Failure) [PSYoungGen: 71568K->1440K(72192K)] 370978K->300858K(808960K), 0.0014989 secs] [Times: user=0.01 sys=0.00, real=0.00 secs] 
2364.686: [GC (Allocation Failure) [PSYoungGen: 71584K->1408K(71680K)] 371002K->300834K(808448K), 0.0019520 secs] [Times: user=0.01 sys=0.00, real=0.00 secs] 
2364.978: [GC (Allocation Failure) [PSYoungGen: 71552K->1376K(71680K)] 370978K->300802K(808448K), 0.0019944 secs] [Times: user=0.00 sys=0.00, real=0.00 secs] 
2365.269: [GC (Allocation Failure) [PSYoungGen: 71520K->1408K(71680K)] 370946K->300834K(808448K), 0.0019737 secs] [Times: user=0.01 sys=0.00, real=0.00 secs] 
2365.565: [GC (Allocation Failure) [PSYoungGen: 71552K->1408K(71680K)] 370978K->300834K(808448K), 0.0023161 secs] [Times: user=0.01 sys=0.00, real=0.00 secs] 
2365.845: [GC (Allocation Failure) [PSYoungGen: 71552K->1501K(71680K)] 370978K->300927K(808448K), 0.0018863 secs] [Times: user=0.00 sys=0.00, real=0.00 secs] 
2365.971: [GC (Allocation Failure) [PSYoungGen: 71645K->1533K(71168K)] 371071K->300960K(807936K), 0.0015349 secs] [Times: user=0.00 sys=0.00, real=0.00 secs] 
2366.095: [GC (Allocation Failure) [PSYoungGen: 71165K->1533K(71680K)] 370592K->300959K(808448K), 0.0020155 secs] [Times: user=0.00 sys=0.00, real=0.00 secs] 
2366.405: [GC (Allocation Failure) [PSYoungGen: 71165K->1456K(71168K)] 370591K->300882K(807936K), 0.0019693 secs] [Times: user=0.01 sys=0.00, real=0.00 secs] 
2366.947: [GC (Allocation Failure) [PSYoungGen: 71088K->1408K(71168K)] 370514K->300834K(807936K), 0.0019551 secs] [Times: user=0.01 sys=0.00, real=0.00 secs] 
2367.504: [GC (Allocation Failure) [PSYoungGen: 71040K->1408K(71168K)] 370466K->300834K(807936K), 0.0037167 secs] [Times: user=0.01 sys=0.00, real=0.00 secs] 
2368.071: [GC (Allocation Failure) [PSYoungGen: 71040K->1408K(71168K)] 370466K->300834K(807936K), 0.0032319 secs] [Times: user=0.01 sys=0.00, real=0.01 secs] 
2368.679: [GC (Allocation Failure) [PSYoungGen: 71040K->1488K(71168K)] 370466K->300914K(807936K), 0.0025597 secs] [Times: user=0.01 sys=0.00, real=0.00 secs] 
2368.859: [GC (Allocation Failure) [PSYoungGen: 71108K->1472K(71168K)] 370534K->300898K(807936K), 0.0016063 secs] [Times: user=0.01 sys=0.00, real=0.00 secs] 
2368.984: [GC (Allocation Failure) [PSYoungGen: 71104K->1533K(71168K)] 370530K->300960K(807936K), 0.0016348 secs] [Times: user=0.01 sys=0.00, real=0.01 secs] 
2369.108: [GC (Allocation Failure) [PSYoungGen: 71165K->1501K(71168K)] 370592K->300927K(807936K), 0.0017656 secs] [Times: user=0.00 sys=0.00, real=0.00 secs] 
2369.572: [GC (Allocation Failure) [PSYoungGen: 71133K->1424K(71168K)] 370559K->300890K(807936K), 0.0019580 secs] [Times: user=0.01 sys=0.00, real=0.01 secs] 
2370.156: [GC (Allocation Failure) [PSYoungGen: 71056K->1312K(71168K)] 370522K->300778K(807936K), 0.0023488 secs] [Times: user=0.00 sys=0.00, real=0.00 secs] 
2370.775: [GC (Allocation Failure) [PSYoungGen: 70944K->1408K(71168K)] 370410K->300874K(807936K), 0.0020000 secs] [Times: user=0.00 sys=0.00, real=0.00 secs] 
2371.103: [GC (Allocation Failure) [PSYoungGen: 71040K->1344K(71168K)] 370506K->300810K(807936K), 0.0020672 secs] [Times: user=0.01 sys=0.00, real=0.01 secs] 
2371.394: [GC (Allocation Failure) [PSYoungGen: 70976K->1501K(71168K)] 370442K->300968K(807936K), 0.0013341 secs] [Times: user=0.01 sys=0.00, real=0.00 secs] 
2371.521: [GC (Allocation Failure) [PSYoungGen: 71133K->1488K(71680K)] 370600K->300954K(808448K), 0.0015096 secs] [Times: user=0.00 sys=0.00, real=0.00 secs] 
2371.646: [GC (Allocation Failure) [PSYoungGen: 71120K->1456K(71680K)] 370586K->300922K(808448K), 0.0044651 secs] [Times: user=0.02 sys=0.00, real=0.00 secs] 
2371.771: [GC (Allocation Failure) [PSYoungGen: 71088K->1501K(71680K)] 370554K->300984K(808448K), 0.0015705 secs] [Times: user=0.01 sys=0.00, real=0.00 secs] 
2372.478: [GC (Allocation Failure) [PSYoungGen: 71133K->1440K(77824K)] 370616K->300922K(814592K), 0.0021083 secs] [Times: user=0.01 sys=0.00, real=0.00 secs] 
2372.892: [GC (Allocation Failure) [PSYoungGen: 77728K->1376K(77312K)] 377210K->300858K(814080K), 0.0021846 secs] [Times: user=0.00 sys=0.00, real=0.01 secs] 
2373.559: [GC (Allocation Failure) [PSYoungGen: 77152K->1328K(76800K)] 376634K->300810K(813568K), 0.0027187 secs] [Times: user=0.01 sys=0.00, real=0.00 secs] 
2374.624: [GC (Allocation Failure) [PSYoungGen: 76592K->1376K(76288K)] 376074K->300858K(813056K), 0.0029628 secs] [Times: user=0.01 sys=0.00, real=0.00 secs] 
2374.882: [GC (Allocation Failure) [PSYoungGen: 76128K->1469K(75776K)] 375610K->300952K(812544K), 0.0017560 secs] [Times: user=0.01 sys=0.00, real=0.01 secs] 
2375.038: [GC (Allocation Failure) [PSYoungGen: 75709K->1469K(75264K)] 375192K->300951K(812032K), 0.0022009 secs] [Times: user=0.01 sys=0.00, real=0.00 secs] 
2375.205: [GC (Allocation Failure) [PSYoungGen: 75197K->1501K(74752K)] 374679K->300984K(811520K), 0.0017279 secs] [Times: user=0.00 sys=0.00, real=0.00 secs] 
2375.959: [GC (Allocation Failure) [PSYoungGen: 74717K->1424K(74240K)] 374200K->300906K(811008K), 0.0030445 secs] [Times: user=0.01 sys=0.00, real=0.00 secs] 
2376.603: [GC (Allocation Failure) [PSYoungGen: 74128K->1344K(73728K)] 373610K->300826K(810496K), 0.0028802 secs] [Times: user=0.01 sys=0.00, real=0.01 secs] 
2377.324: [GC (Allocation Failure) [PSYoungGen: 73536K->1408K(73216K)] 373018K->300890K(809984K), 0.0029168 secs] [Times: user=0.01 sys=0.00, real=0.01 secs] 
2378.028: [GC (Allocation Failure) [PSYoungGen: 73088K->1344K(72704K)] 372570K->300826K(809472K), 0.0024423 secs] [Times: user=0.01 sys=0.00, real=0.00 secs] 
2378.508: [GC (Allocation Failure) [PSYoungGen: 72512K->1437K(72192K)] 371994K->300919K(808960K), 0.0020868 secs] [Times: user=0.01 sys=0.00, real=0.00 secs] 
2378.647: [GC (Allocation Failure) [PSYoungGen: 72093K->1469K(72192K)] 371575K->300951K(808960K), 0.0016901 secs] [Times: user=0.01 sys=0.00, real=0.00 secs] 
2378.772: [GC (Allocation Failure) [PSYoungGen: 72125K->1533K(72704K)] 371607K->301016K(809472K), 0.0015456 secs] [Times: user=0.00 sys=0.00, real=0.01 secs] 
2378.898: [GC (Allocation Failure) [PSYoungGen: 72162K->1469K(72704K)] 371644K->300952K(809472K), 0.0015696 secs] [Times: user=0.00 sys=0.00, real=0.00 secs] 
2379.637: [GC (Allocation Failure) [PSYoungGen: 72125K->1440K(72704K)] 371608K->300922K(809472K), 0.0020178 secs] [Times: user=0.01 sys=0.00, real=0.00 secs] 
2380.023: [GC (Allocation Failure) [PSYoungGen: 72096K->1344K(72704K)] 371578K->300826K(809472K), 0.0020684 secs] [Times: user=0.01 sys=0.00, real=0.01 secs] 
2380.317: [GC (Allocation Failure) [PSYoungGen: 72000K->1408K(72704K)] 371482K->300890K(809472K), 0.0019189 secs] [Times: user=0.01 sys=0.00, real=0.00 secs] 
2381.192: [GC (Allocation Failure) [PSYoungGen: 72014K->256K(72704K)] 371496K->299738K(809472K), 0.0029619 secs] [Times: user=0.01 sys=0.00, real=0.01 secs] 
2381.424: [GC (Allocation Failure) [PSYoungGen: 70912K->1437K(72704K)] 370394K->300935K(809472K), 0.0019991 secs] [Times: user=0.01 sys=0.00, real=0.00 secs] 
2381.559: [GC (Allocation Failure) [PSYoungGen: 72093K->1472K(72704K)] 371591K->300970K(809472K), 0.0016834 secs] [Times: user=0.01 sys=0.00, real=0.00 secs] 
2381.689: [GC (Allocation Failure) [PSYoungGen: 72128K->1469K(72704K)] 371626K->300967K(809472K), 0.0015499 secs] [Times: user=0.01 sys=0.00, real=0.00 secs] 
2382.156: [GC (Allocation Failure) [PSYoungGen: 72125K->1424K(72704K)] 371623K->300922K(809472K), 0.0029943 secs] [Times: user=0.01 sys=0.00, real=0.00 secs] 
2382.715: [GC (Allocation Failure) [PSYoungGen: 72080K->1360K(72704K)] 371578K->300858K(809472K), 0.0019994 secs] [Times: user=0.01 sys=0.00, real=0.00 secs] 
2383.008: [GC (Allocation Failure) [PSYoungGen: 72016K->1376K(72704K)] 371514K->300874K(809472K), 0.0019403 secs] [Times: user=0.01 sys=0.00, real=0.00 secs] 
2383.612: [GC (Allocation Failure) [PSYoungGen: 72032K->1344K(72704K)] 371530K->300842K(809472K), 0.0021019 secs] [Times: user=0.01 sys=0.00, real=0.01 secs] 
2384.165: [GC (Allocation Failure) [PSYoungGen: 72000K->1469K(72704K)] 371498K->300967K(809472K), 0.0022074 secs] [Times: user=0.01 sys=0.00, real=0.00 secs] 
2384.318: [GC (Allocation Failure) [PSYoungGen: 72125K->1501K(72704K)] 371623K->300999K(809472K), 0.0016375 secs] [Times: user=0.00 sys=0.00, real=0.00 secs] 
2384.443: [GC (Allocation Failure) [PSYoungGen: 72157K->1469K(72704K)] 371655K->300967K(809472K), 0.0016410 secs] [Times: user=0.01 sys=0.00, real=0.01 secs] 
2384.568: [GC (Allocation Failure) [PSYoungGen: 72125K->1501K(72704K)] 371623K->301000K(809472K), 0.0017084 secs] [Times: user=0.00 sys=0.00, real=0.00 secs] 
2385.248: [GC (Allocation Failure) [PSYoungGen: 72157K->1440K(72704K)] 371656K->300938K(809472K), 0.0021294 secs] [Times: user=0.01 sys=0.00, real=0.00 secs] 
2385.798: [GC (Allocation Failure) [PSYoungGen: 72096K->1376K(72704K)] 371594K->300874K(809472K), 0.0021637 secs] [Times: user=0.01 sys=0.00, real=0.00 secs] 
2386.080: [GC (Allocation Failure) [PSYoungGen: 72032K->1408K(72704K)] 371530K->300906K(809472K), 0.0019042 secs] [Times: user=0.01 sys=0.00, real=0.00 secs] 
2386.374: [GC (Allocation Failure) [PSYoungGen: 72064K->1376K(72704K)] 371562K->300874K(809472K), 0.0017802 secs] [Times: user=0.00 sys=0.00, real=0.00 secs] 
2386.647: [GC (Allocation Failure) [PSYoungGen: 72032K->1501K(72704K)] 371530K->301000K(809472K), 0.0021530 secs] [Times: user=0.01 sys=0.00, real=0.00 secs] 
2386.829: [GC (Allocation Failure) [PSYoungGen: 72157K->1469K(72704K)] 371656K->300968K(809472K), 0.0017556 secs] [Times: user=0.01 sys=0.00, real=0.00 secs] 
2386.974: [GC (Allocation Failure) [PSYoungGen: 72125K->1424K(72704K)] 371624K->300922K(809472K), 0.0018125 secs] [Times: user=0.01 sys=0.00, real=0.00 secs] 
2387.224: [GC (Allocation Failure) [PSYoungGen: 72080K->1968K(72704K)] 371578K->301466K(809472K), 0.0019031 secs] [Times: user=0.00 sys=0.00, real=0.00 secs] 
2387.826: [GC (Allocation Failure) [PSYoungGen: 72624K->1376K(72704K)] 372122K->300874K(809472K), 0.0033686 secs] [Times: user=0.02 sys=0.00, real=0.00 secs] 
2388.417: [GC (Allocation Failure) [PSYoungGen: 72032K->1376K(72704K)] 371530K->300874K(809472K), 0.0030660 secs] [Times: user=0.01 sys=0.00, real=0.00 secs] 
2388.989: [GC (Allocation Failure) [PSYoungGen: 72032K->1344K(72704K)] 371530K->300842K(809472K), 0.0023372 secs] [Times: user=0.01 sys=0.00, real=0.00 secs] 
2389.421: [GC (Allocation Failure) [PSYoungGen: 72000K->1469K(72704K)] 371498K->300967K(809472K), 0.0021916 secs] [Times: user=0.01 sys=0.00, real=0.00 secs] 
2389.626: [GC (Allocation Failure) [PSYoungGen: 72125K->1501K(72704K)] 371623K->301000K(809472K), 0.0023754 secs] [Times: user=0.01 sys=0.00, real=0.00 secs] 
2389.780: [GC (Allocation Failure) [PSYoungGen: 72157K->1469K(72704K)] 371656K->300967K(809472K), 0.0016593 secs] [Times: user=0.01 sys=0.00, real=0.00 secs] 
2389.924: [GC (Allocation Failure) [PSYoungGen: 72125K->1456K(72704K)] 371623K->300954K(809472K), 0.0018008 secs] [Times: user=0.01 sys=0.00, real=0.00 secs] 
2390.248: [GC (Allocation Failure) [PSYoungGen: 72112K->1424K(72704K)] 371610K->300938K(809472K), 0.0027833 secs] [Times: user=0.01 sys=0.00, real=0.00 secs] 
2390.541: [GC (Allocation Failure) [PSYoungGen: 72080K->1376K(72704K)] 371594K->300890K(809472K), 0.0020126 secs] [Times: user=0.01 sys=0.00, real=0.00 secs] 
2390.834: [GC (Allocation Failure) [PSYoungGen: 72032K->1344K(72704K)] 371546K->300858K(809472K), 0.0019482 secs] [Times: user=0.00 sys=0.00, real=0.00 secs] 
2391.128: [GC (Allocation Failure) [PSYoungGen: 72000K->1376K(72704K)] 371514K->300890K(809472K), 0.0018607 secs] [Times: user=0.01 sys=0.00, real=0.00 secs] 
2391.377: [GC (Allocation Failure) [PSYoungGen: 72032K->1501K(72704K)] 371546K->301016K(809472K), 0.0016318 secs] [Times: user=0.00 sys=0.00, real=0.00 secs] 
2391.503: [GC (Allocation Failure) [PSYoungGen: 72157K->1501K(72704K)] 371672K->301016K(809472K), 0.0015871 secs] [Times: user=0.00 sys=0.00, real=0.01 secs] 
2391.628: [GC (Allocation Failure) [PSYoungGen: 72157K->1472K(72704K)] 371672K->300986K(809472K), 0.0016632 secs] [Times: user=0.01 sys=0.00, real=0.00 secs] 
2391.754: [GC (Allocation Failure) [PSYoungGen: 72125K->1456K(72704K)] 371639K->300978K(809472K), 0.0016598 secs] [Times: user=0.00 sys=0.00, real=0.01 secs] 
2392.126: [GC (Allocation Failure) [PSYoungGen: 72112K->1392K(72704K)] 371634K->300914K(809472K), 0.0017725 secs] [Times: user=0.00 sys=0.00, real=0.00 secs] 
2392.420: [GC (Allocation Failure) [PSYoungGen: 72048K->1376K(72704K)] 371570K->300898K(809472K), 0.0019277 secs] [Times: user=0.01 sys=0.00, real=0.00 secs] 
2392.883: [GC (Allocation Failure) [PSYoungGen: 72032K->1408K(72704K)] 371554K->300930K(809472K), 0.0018971 secs] [Times: user=0.01 sys=0.00, real=0.01 secs] 
2393.418: [GC (Allocation Failure) [PSYoungGen: 72064K->1344K(72704K)] 371586K->300866K(809472K), 0.0042901 secs] [Times: user=0.01 sys=0.00, real=0.00 secs] 
2393.655: [GC (Allocation Failure) [PSYoungGen: 72000K->1469K(72704K)] 371522K->300991K(809472K), 0.0015933 secs] [Times: user=0.01 sys=0.00, real=0.00 secs] 
2393.781: [GC (Allocation Failure) [PSYoungGen: 72125K->1440K(72704K)] 371647K->300962K(809472K), 0.0014975 secs] [Times: user=0.00 sys=0.00, real=0.00 secs] 
2393.906: [GC (Allocation Failure) [PSYoungGen: 72096K->1501K(72704K)] 371618K->301024K(809472K), 0.0016088 secs] [Times: user=0.01 sys=0.00, real=0.00 secs] 
2394.384: [GC (Allocation Failure) [PSYoungGen: 72157K->1440K(72704K)] 371680K->300962K(809472K), 0.0019788 secs] [Times: user=0.01 sys=0.00, real=0.01 secs] 
2395.149: [GC (Allocation Failure) [PSYoungGen: 72096K->1392K(72704K)] 371618K->300914K(809472K), 0.0018717 secs] [Times: user=0.00 sys=0.00, real=0.00 secs] 
2396.054: [GC (Allocation Failure) [PSYoungGen: 72048K->1344K(72704K)] 371570K->300866K(809472K), 0.0022890 secs] [Times: user=0.01 sys=0.00, real=0.00 secs] 
2396.879: [GC (Allocation Failure) [PSYoungGen: 72000K->1344K(72704K)] 371522K->300866K(809472K), 0.0022946 secs] [Times: user=0.01 sys=0.00, real=0.00 secs] 
2397.213: [GC (Allocation Failure) [PSYoungGen: 71985K->1501K(72704K)] 371507K->301024K(809472K), 0.0020871 secs] [Times: user=0.01 sys=0.00, real=0.01 secs] 
2397.357: [GC (Allocation Failure) [PSYoungGen: 72157K->1469K(72704K)] 371680K->300991K(809472K), 0.0016039 secs] [Times: user=0.01 sys=0.00, real=0.00 secs] 
2397.510: [GC (Allocation Failure) [PSYoungGen: 72125K->1469K(72704K)] 371647K->300991K(809472K), 0.0019956 secs] [Times: user=0.01 sys=0.00, real=0.00 secs] 
2397.674: [GC (Allocation Failure) [PSYoungGen: 72125K->1501K(72704K)] 371647K->301024K(809472K), 0.0017278 secs] [Times: user=0.01 sys=0.00, real=0.00 secs] 
2398.635: [GC (Allocation Failure) [PSYoungGen: 72157K->1488K(72704K)] 371680K->301010K(809472K), 0.0035044 secs] [Times: user=0.01 sys=0.00, real=0.00 secs] 
2399.577: [GC (Allocation Failure) [PSYoungGen: 72144K->1344K(72704K)] 371666K->300866K(809472K), 0.0026077 secs] [Times: user=0.01 sys=0.00, real=0.00 secs] 
2400.551: [GC (Allocation Failure) [PSYoungGen: 72000K->1376K(72704K)] 371522K->300898K(809472K), 0.0030557 secs] [Times: user=0.01 sys=0.00, real=0.01 secs] 
2401.483: [GC (Allocation Failure) [PSYoungGen: 72032K->1376K(72704K)] 371554K->300898K(809472K), 0.0035185 secs] [Times: user=0.01 sys=0.00, real=0.01 secs] 
2402.307: [GC (Allocation Failure) [PSYoungGen: 72032K->1469K(72704K)] 371554K->300992K(809472K), 0.0022370 secs] [Times: user=0.01 sys=0.00, real=0.00 secs] 
2402.506: [GC (Allocation Failure) [PSYoungGen: 72125K->1469K(72704K)] 371648K->300992K(809472K), 0.0019577 secs] [Times: user=0.00 sys=0.00, real=0.00 secs] 
2402.652: [GC (Allocation Failure) [PSYoungGen: 72125K->1469K(72704K)] 371648K->300991K(809472K), 0.0017062 secs] [Times: user=0.01 sys=0.00, real=0.00 secs] 
2402.794: [GC (Allocation Failure) [PSYoungGen: 72125K->192K(72704K)] 371647K->299730K(809472K), 0.0017224 secs] [Times: user=0.01 sys=0.00, real=0.00 secs] 
2405.214: [GC (Allocation Failure) [PSYoungGen: 70848K->1344K(72704K)] 370386K->300890K(809472K), 0.0021846 secs] [Times: user=0.01 sys=0.00, real=0.00 secs] 
2405.763: [GC (Allocation Failure) [PSYoungGen: 72000K->1376K(72704K)] 371546K->300922K(809472K), 0.0019871 secs] [Times: user=0.01 sys=0.00, real=0.01 secs] 
2406.373: [GC (Allocation Failure) [PSYoungGen: 72032K->1376K(72704K)] 371578K->300922K(809472K), 0.0021111 secs] [Times: user=0.01 sys=0.01, real=0.01 secs] 
2407.160: [GC (Allocation Failure) [PSYoungGen: 72032K->1437K(72704K)] 371578K->300983K(809472K), 0.0026780 secs] [Times: user=0.01 sys=0.00, real=0.00 secs] 
2407.353: [GC (Allocation Failure) [PSYoungGen: 72093K->1437K(72704K)] 371639K->300983K(809472K), 0.0017324 secs] [Times: user=0.01 sys=0.00, real=0.01 secs] 
2407.495: [GC (Allocation Failure) [PSYoungGen: 72093K->1501K(72704K)] 371639K->301048K(809472K), 0.0018192 secs] [Times: user=0.01 sys=0.00, real=0.00 secs] 
2407.653: [GC (Allocation Failure) [PSYoungGen: 72157K->1501K(72704K)] 371704K->301048K(809472K), 0.0018189 secs] [Times: user=0.00 sys=0.00, real=0.01 secs] 
2408.200: [GC (Allocation Failure) [PSYoungGen: 72157K->1440K(72704K)] 371704K->300986K(809472K), 0.0031360 secs] [Times: user=0.01 sys=0.00, real=0.00 secs] 
2409.052: [GC (Allocation Failure) [PSYoungGen: 72096K->1344K(72704K)] 371642K->300890K(809472K), 0.0023714 secs] [Times: user=0.01 sys=0.00, real=0.01 secs] 
2409.577: [GC (Allocation Failure) [PSYoungGen: 72000K->1376K(72704K)] 371546K->300922K(809472K), 0.0021304 secs] [Times: user=0.01 sys=0.01, real=0.00 secs] 
2410.549: [GC (Allocation Failure) [PSYoungGen: 72032K->1344K(72704K)] 371578K->300890K(809472K), 0.0028556 secs] [Times: user=0.01 sys=0.00, real=0.00 secs] 
2411.402: [GC (Allocation Failure) [PSYoungGen: 72000K->1469K(72704K)] 371546K->301023K(809472K), 0.0023631 secs] [Times: user=0.01 sys=0.00, real=0.01 secs] 
2411.630: [GC (Allocation Failure) [PSYoungGen: 72125K->1437K(72704K)] 371679K->300991K(809472K), 0.0022908 secs] [Times: user=0.01 sys=0.00, real=0.00 secs] 
2411.827: [GC (Allocation Failure) [PSYoungGen: 72093K->1501K(72704K)] 371647K->301056K(809472K), 0.0021376 secs] [Times: user=0.01 sys=0.00, real=0.00 secs] 
2411.981: [GC (Allocation Failure) [PSYoungGen: 72157K->1469K(72704K)] 371712K->301023K(809472K), 0.0016857 secs] [Times: user=0.00 sys=0.00, real=0.00 secs] 
2413.153: [GC (Allocation Failure) [PSYoungGen: 72125K->1424K(72704K)] 371679K->301002K(809472K), 0.0032133 secs] [Times: user=0.01 sys=0.00, real=0.01 secs] 
2414.046: [GC (Allocation Failure) [PSYoungGen: 72080K->1344K(72704K)] 371658K->300930K(809472K), 0.0030350 secs] [Times: user=0.01 sys=0.00, real=0.00 secs] 
2414.761: [GC (Allocation Failure) [PSYoungGen: 72000K->1408K(72704K)] 371586K->300994K(809472K), 0.0025245 secs] [Times: user=0.00 sys=0.00, real=0.00 secs] 
2415.385: [GC (Allocation Failure) [PSYoungGen: 72064K->1344K(72704K)] 371650K->300930K(809472K), 0.0022415 secs] [Times: user=0.00 sys=0.00, real=0.00 secs] 
2416.261: [GC (Allocation Failure) [PSYoungGen: 72000K->1469K(72704K)] 371586K->301056K(809472K), 0.0020851 secs] [Times: user=0.01 sys=0.00, real=0.00 secs] 
2416.398: [GC (Allocation Failure) [PSYoungGen: 72125K->1472K(72704K)] 371712K->301058K(809472K), 0.0032433 secs] [Times: user=0.02 sys=0.00, real=0.00 secs] 
2416.527: [GC (Allocation Failure) [PSYoungGen: 72128K->1440K(72704K)] 371714K->301026K(809472K), 0.0016953 secs] [Times: user=0.00 sys=0.00, real=0.00 secs] 
2416.852: [GC (Allocation Failure) [PSYoungGen: 72096K->1456K(72192K)] 371682K->301042K(808960K), 0.0020891 secs] [Times: user=0.01 sys=0.00, real=0.01 secs] 
2417.590: [GC (Allocation Failure) [PSYoungGen: 72112K->1408K(72192K)] 371698K->301002K(808960K), 0.0026734 secs] [Times: user=0.01 sys=0.00, real=0.00 secs] 
2418.355: [GC (Allocation Failure) [PSYoungGen: 72064K->1376K(72192K)] 371658K->300970K(808960K), 0.0028336 secs] [Times: user=0.01 sys=0.00, real=0.00 secs] 
2418.933: [GC (Allocation Failure) [PSYoungGen: 72032K->1344K(72192K)] 371626K->300938K(808960K), 0.0023340 secs] [Times: user=0.01 sys=0.00, real=0.01 secs] 
2419.576: [GC (Allocation Failure) [PSYoungGen: 72000K->1421K(72192K)] 371594K->301016K(808960K), 0.0020629 secs] [Times: user=0.01 sys=0.00, real=0.00 secs] 
2419.719: [GC (Allocation Failure) [PSYoungGen: 72077K->1485K(72192K)] 371672K->301080K(808960K), 0.0019005 secs] [Times: user=0.01 sys=0.00, real=0.00 secs] 
2419.844: [GC (Allocation Failure) [PSYoungGen: 72141K->1501K(72192K)] 371736K->301096K(808960K), 0.0016846 secs] [Times: user=0.00 sys=0.00, real=0.00 secs] 
2419.968: [GC (Allocation Failure) [PSYoungGen: 72157K->1501K(72192K)] 371752K->301096K(808960K), 0.0018206 secs] [Times: user=0.01 sys=0.00, real=0.00 secs] 
2420.349: [GC (Allocation Failure) [PSYoungGen: 72157K->1440K(72192K)] 371752K->301034K(808960K), 0.0019299 secs] [Times: user=0.01 sys=0.00, real=0.00 secs] 
2420.642: [GC (Allocation Failure) [PSYoungGen: 72096K->1376K(72192K)] 371690K->300970K(808960K), 0.0019786 secs] [Times: user=0.00 sys=0.00, real=0.01 secs] 
2420.935: [GC (Allocation Failure) [PSYoungGen: 72032K->1408K(72192K)] 371626K->301018K(808960K), 0.0018304 secs] [Times: user=0.01 sys=0.00, real=0.00 secs] 
2421.310: [GC (Allocation Failure) [PSYoungGen: 72064K->1376K(72192K)] 371674K->300986K(808960K), 0.0019728 secs] [Times: user=0.01 sys=0.00, real=0.00 secs] 
2421.583: [GC (Allocation Failure) [PSYoungGen: 72032K->1501K(72192K)] 371642K->301112K(808960K), 0.0016822 secs] [Times: user=0.01 sys=0.00, real=0.01 secs] 
2421.709: [GC (Allocation Failure) [PSYoungGen: 72157K->1469K(72704K)] 371768K->301079K(809472K), 0.0015803 secs] [Times: user=0.00 sys=0.00, real=0.00 secs] 
2421.835: [GC (Allocation Failure) [PSYoungGen: 72125K->1501K(72704K)] 371735K->301112K(809472K), 0.0016103 secs] [Times: user=0.01 sys=0.00, real=0.00 secs] 
2421.980: [GC (Allocation Failure) [PSYoungGen: 72157K->1437K(72704K)] 371768K->301063K(809472K), 0.0018719 secs] [Times: user=0.01 sys=0.00, real=0.00 secs] 
2422.733: [GC (Allocation Failure) [PSYoungGen: 72093K->1408K(72192K)] 371719K->301034K(808960K), 0.0023488 secs] [Times: user=0.01 sys=0.00, real=0.01 secs] 
2423.534: [GC (Allocation Failure) [PSYoungGen: 72064K->1376K(72192K)] 371690K->301002K(808960K), 0.0024837 secs] [Times: user=0.01 sys=0.00, real=0.00 secs] 
2424.310: [GC (Allocation Failure) [PSYoungGen: 72032K->1360K(72192K)] 371658K->300986K(808960K), 0.0023659 secs] [Times: user=0.01 sys=0.00, real=0.00 secs] 
2425.349: [GC (Allocation Failure) [PSYoungGen: 72016K->1408K(72192K)] 371642K->301042K(808960K), 0.0030168 secs] [Times: user=0.01 sys=0.01, real=0.00 secs] 
2425.974: [GC (Allocation Failure) [PSYoungGen: 72064K->1456K(72192K)] 371698K->301090K(808960K), 0.0020156 secs] [Times: user=0.01 sys=0.00, real=0.00 secs] 
2426.111: [GC (Allocation Failure) [PSYoungGen: 72112K->1501K(72192K)] 371746K->301135K(808960K), 0.0016800 secs] [Times: user=0.01 sys=0.00, real=0.00 secs] 
2426.237: [GC (Allocation Failure) [PSYoungGen: 72157K->1501K(72192K)] 371791K->301136K(808960K), 0.0017070 secs] [Times: user=0.01 sys=0.00, real=0.00 secs] 
2426.454: [GC (Allocation Failure) [PSYoungGen: 72157K->1488K(72192K)] 371792K->301122K(808960K), 0.0017054 secs] [Times: user=0.01 sys=0.00, real=0.00 secs] 
2426.993: [GC (Allocation Failure) [PSYoungGen: 72144K->1376K(72192K)] 371778K->301010K(808960K), 0.0021410 secs] [Times: user=0.01 sys=0.00, real=0.01 secs] 
2427.609: [GC (Allocation Failure) [PSYoungGen: 72032K->1376K(72192K)] 371666K->301010K(808960K), 0.0027788 secs] [Times: user=0.01 sys=0.00, real=0.00 secs] 
2428.253: [GC (Allocation Failure) [PSYoungGen: 72032K->1376K(72192K)] 371666K->301010K(808960K), 0.0026158 secs] [Times: user=0.01 sys=0.00, real=0.01 secs] 
2428.873: [GC (Allocation Failure) [PSYoungGen: 72032K->1389K(72192K)] 371666K->301024K(808960K), 0.0021160 secs] [Times: user=0.00 sys=0.00, real=0.01 secs] 
2429.052: [GC (Allocation Failure) [PSYoungGen: 72045K->1533K(72192K)] 371680K->301168K(808960K), 0.0021060 secs] [Times: user=0.01 sys=0.00, real=0.01 secs] 
2429.209: [GC (Allocation Failure) [PSYoungGen: 72189K->1469K(72704K)] 371824K->301104K(809472K), 0.0015983 secs] [Times: user=0.01 sys=0.00, real=0.00 secs] 
2429.353: [GC (Allocation Failure) [PSYoungGen: 72125K->1485K(72704K)] 371760K->301120K(809472K), 0.0017595 secs] [Times: user=0.00 sys=0.00, real=0.01 secs] 
2429.965: [GC (Allocation Failure) [PSYoungGen: 72141K->1440K(72704K)] 371776K->301074K(809472K), 0.0026883 secs] [Times: user=0.01 sys=0.00, real=0.00 secs] 
2430.748: [GC (Allocation Failure) [PSYoungGen: 72096K->1360K(72704K)] 371730K->300994K(809472K), 0.0022144 secs] [Times: user=0.01 sys=0.00, real=0.00 secs] 
2431.370: [GC (Allocation Failure) [PSYoungGen: 72016K->1376K(72704K)] 371650K->301010K(809472K), 0.0045034 secs] [Times: user=0.02 sys=0.00, real=0.01 secs] 
2432.235: [GC (Allocation Failure) [PSYoungGen: 72032K->1376K(72704K)] 371666K->301050K(809472K), 0.0038341 secs] [Times: user=0.02 sys=0.00, real=0.00 secs] 
2432.728: [GC (Allocation Failure) [PSYoungGen: 72032K->1469K(72704K)] 371706K->301144K(809472K), 0.0023379 secs] [Times: user=0.01 sys=0.00, real=0.00 secs] 
2432.883: [GC (Allocation Failure) [PSYoungGen: 72125K->1549K(72704K)] 371800K->301224K(809472K), 0.0018923 secs] [Times: user=0.01 sys=0.00, real=0.01 secs] 
2433.037: [GC (Allocation Failure) [PSYoungGen: 72205K->1437K(72704K)] 371880K->301111K(809472K), 0.0019837 secs] [Times: user=0.01 sys=0.00, real=0.00 secs] 
2433.241: [GC (Allocation Failure) [PSYoungGen: 72093K->1504K(72704K)] 371767K->301178K(809472K), 0.0018975 secs] [Times: user=0.01 sys=0.00, real=0.00 secs] 
2433.530: [GC (Allocation Failure) [PSYoungGen: 72160K->1376K(72704K)] 371834K->301050K(809472K), 0.0020679 secs] [Times: user=0.01 sys=0.00, real=0.00 secs] 
2433.953: [GC (Allocation Failure) [PSYoungGen: 72032K->1344K(72704K)] 371706K->301018K(809472K), 0.0019914 secs] [Times: user=0.01 sys=0.00, real=0.01 secs] 
2434.524: [GC (Allocation Failure) [PSYoungGen: 72000K->1344K(72704K)] 371674K->301018K(809472K), 0.0030503 secs] [Times: user=0.01 sys=0.01, real=0.00 secs] 
2435.271: [GC (Allocation Failure) [PSYoungGen: 72000K->1437K(72704K)] 371674K->301111K(809472K), 0.0029791 secs] [Times: user=0.02 sys=0.00, real=0.01 secs] 
2435.508: [GC (Allocation Failure) [PSYoungGen: 72093K->1485K(72704K)] 371767K->301160K(809472K), 0.0019290 secs] [Times: user=0.00 sys=0.00, real=0.00 secs] 
2435.641: [GC (Allocation Failure) [PSYoungGen: 72141K->1469K(72704K)] 371816K->301143K(809472K), 0.0016710 secs] [Times: user=0.01 sys=0.00, real=0.00 secs] 
2435.767: [GC (Allocation Failure) [PSYoungGen: 72125K->1501K(72704K)] 371799K->301176K(809472K), 0.0016382 secs] [Times: user=0.00 sys=0.00, real=0.00 secs] 
2436.260: [GC (Allocation Failure) [PSYoungGen: 72157K->1392K(72704K)] 371832K->301066K(809472K), 0.0039974 secs] [Times: user=0.02 sys=0.00, real=0.01 secs] 
2437.020: [GC (Allocation Failure) [PSYoungGen: 72048K->1376K(72704K)] 371722K->301050K(809472K), 0.0026917 secs] [Times: user=0.01 sys=0.00, real=0.00 secs] 
2437.480: [GC (Allocation Failure) [PSYoungGen: 72032K->1376K(72704K)] 371706K->301050K(809472K), 0.0022114 secs] [Times: user=0.01 sys=0.00, real=0.00 secs] 
2437.931: [GC (Allocation Failure) [PSYoungGen: 72032K->1344K(72704K)] 371706K->301018K(809472K), 0.0022026 secs] [Times: user=0.01 sys=0.00, real=0.00 secs] 
2438.448: [GC (Allocation Failure) [PSYoungGen: 72000K->1501K(72704K)] 371674K->301176K(809472K), 0.0027717 secs] [Times: user=0.01 sys=0.00, real=0.00 secs] 
2438.683: [GC (Allocation Failure) [PSYoungGen: 72157K->1437K(72704K)] 371832K->301111K(809472K), 0.0021035 secs] [Times: user=0.01 sys=0.00, real=0.01 secs] 
2438.824: [GC (Allocation Failure) [PSYoungGen: 72093K->1501K(72704K)] 371767K->301176K(809472K), 0.0017991 secs] [Times: user=0.01 sys=0.00, real=0.00 secs] 
2438.950: [GC (Allocation Failure) [PSYoungGen: 72157K->1408K(72704K)] 371832K->301098K(809472K), 0.0017661 secs] [Times: user=0.00 sys=0.00, real=0.00 secs] 
2440.175: [GC (Allocation Failure) [PSYoungGen: 72064K->1440K(72704K)] 371754K->301130K(809472K), 0.0030707 secs] [Times: user=0.01 sys=0.00, real=0.00 secs] 
2441.140: [GC (Allocation Failure) [PSYoungGen: 72096K->1408K(72704K)] 371786K->301098K(809472K), 0.0044344 secs] [Times: user=0.01 sys=0.00, real=0.01 secs] 
2441.777: [GC (Allocation Failure) [PSYoungGen: 72064K->1344K(72704K)] 371754K->301034K(809472K), 0.0025773 secs] [Times: user=0.01 sys=0.00, real=0.00 secs] 
2442.414: [GC (Allocation Failure) [PSYoungGen: 72000K->1376K(72704K)] 371690K->301074K(809472K), 0.0033248 secs] [Times: user=0.01 sys=0.00, real=0.00 secs] 
2442.756: [GC (Allocation Failure) [PSYoungGen: 72032K->1501K(72704K)] 371730K->301200K(809472K), 0.0020023 secs] [Times: user=0.01 sys=0.00, real=0.00 secs] 
2442.892: [GC (Allocation Failure) [PSYoungGen: 72154K->1472K(72704K)] 371853K->301170K(809472K), 0.0014892 secs] [Times: user=0.00 sys=0.00, real=0.00 secs] 
2443.017: [GC (Allocation Failure) [PSYoungGen: 72128K->1472K(72704K)] 371826K->301170K(809472K), 0.0015974 secs] [Times: user=0.01 sys=0.00, real=0.00 secs] 
2443.275: [GC (Allocation Failure) [PSYoungGen: 72128K->1440K(72704K)] 371826K->301138K(809472K), 0.0018055 secs] [Times: user=0.01 sys=0.00, real=0.00 secs] 
2443.936: [GC (Allocation Failure) [PSYoungGen: 72096K->1408K(72704K)] 371794K->301106K(809472K), 0.0019139 secs] [Times: user=0.01 sys=0.00, real=0.00 secs] 
2444.574: [GC (Allocation Failure) [PSYoungGen: 72064K->1344K(72704K)] 371762K->301042K(809472K), 0.0030562 secs] [Times: user=0.01 sys=0.00, real=0.00 secs] 
2444.875: [GC (Allocation Failure) [PSYoungGen: 72000K->1344K(72704K)] 371698K->301042K(809472K), 0.0027975 secs] [Times: user=0.01 sys=0.00, real=0.00 secs] 
2445.217: [GC (Allocation Failure) [PSYoungGen: 72000K->1485K(72704K)] 371698K->301184K(809472K), 0.0034978 secs] [Times: user=0.01 sys=0.00, real=0.00 secs] 
2445.355: [GC (Allocation Failure) [PSYoungGen: 72141K->1485K(72704K)] 371840K->301184K(809472K), 0.0021902 secs] [Times: user=0.01 sys=0.00, real=0.00 secs] 
2445.484: [GC (Allocation Failure) [PSYoungGen: 72141K->1517K(72704K)] 371840K->301216K(809472K), 0.0021895 secs] [Times: user=0.01 sys=0.00, real=0.00 secs] 
2445.626: [GC (Allocation Failure) [PSYoungGen: 72173K->1549K(79872K)] 371872K->301248K(816640K), 0.0020201 secs] [Times: user=0.00 sys=0.01, real=0.00 secs] 
2445.968: [GC (Allocation Failure) [PSYoungGen: 79373K->1456K(79872K)] 379072K->301154K(816640K), 0.0018994 secs] [Times: user=0.01 sys=0.00, real=0.00 secs] 
2446.291: [GC (Allocation Failure) [PSYoungGen: 79280K->1376K(78848K)] 378978K->301074K(815616K), 0.0018845 secs] [Times: user=0.01 sys=0.00, real=0.00 secs] 
2446.613: [GC (Allocation Failure) [PSYoungGen: 78688K->1376K(78336K)] 378386K->301074K(815104K), 0.0026486 secs] [Times: user=0.00 sys=0.01, real=0.01 secs] 
2446.933: [GC (Allocation Failure) [PSYoungGen: 78176K->1376K(77824K)] 377874K->301074K(814592K), 0.0020616 secs] [Times: user=0.01 sys=0.00, real=0.01 secs] 
2447.115: [GC (Allocation Failure) [PSYoungGen: 77664K->1501K(77312K)] 377362K->301199K(814080K), 0.0018103 secs] [Times: user=0.01 sys=0.00, real=0.00 secs] 
2447.273: [GC (Allocation Failure) [PSYoungGen: 77277K->1485K(76800K)] 376975K->301184K(813568K), 0.0018357 secs] [Times: user=0.01 sys=0.01, real=0.01 secs] 
2447.435: [GC (Allocation Failure) [PSYoungGen: 76749K->1469K(76288K)] 376448K->301167K(813056K), 0.0018533 secs] [Times: user=0.01 sys=0.01, real=0.00 secs] 
2447.709: [GC (Allocation Failure) [PSYoungGen: 76221K->1456K(75776K)] 375919K->301154K(812544K), 0.0020465 secs] [Times: user=0.01 sys=0.00, real=0.00 secs] 
2448.018: [GC (Allocation Failure) [PSYoungGen: 75696K->1376K(75264K)] 375394K->301074K(812032K), 0.0020714 secs] [Times: user=0.01 sys=0.00, real=0.00 secs] 
2448.331: [GC (Allocation Failure) [PSYoungGen: 75104K->1408K(74752K)] 374802K->301106K(811520K), 0.0019524 secs] [Times: user=0.01 sys=0.00, real=0.00 secs] 
2448.635: [GC (Allocation Failure) [PSYoungGen: 74624K->1344K(74240K)] 374322K->301058K(811008K), 0.0021223 secs] [Times: user=0.01 sys=0.00, real=0.00 secs] 
2448.925: [GC (Allocation Failure) [PSYoungGen: 74048K->1469K(73728K)] 373762K->301183K(810496K), 0.0017032 secs] [Times: user=0.00 sys=0.00, real=0.00 secs] 
2449.072: [GC (Allocation Failure) [PSYoungGen: 73661K->1501K(73216K)] 373375K->301216K(809984K), 0.0019670 secs] [Times: user=0.00 sys=0.00, real=0.00 secs] 
2449.239: [GC (Allocation Failure) [PSYoungGen: 73181K->1469K(72704K)] 372896K->301183K(809472K), 0.0020762 secs] [Times: user=0.00 sys=0.00, real=0.00 secs] 
2449.647: [GC (Allocation Failure) [PSYoungGen: 72637K->1456K(72192K)] 372351K->301170K(808960K), 0.0025666 secs] [Times: user=0.01 sys=0.00, real=0.00 secs] 
2450.442: [GC (Allocation Failure) [PSYoungGen: 72112K->1408K(72192K)] 371826K->301122K(808960K), 0.0020414 secs] [Times: user=0.00 sys=0.00, real=0.01 secs] 
2450.735: [GC (Allocation Failure) [PSYoungGen: 72064K->1376K(72192K)] 371778K->301090K(808960K), 0.0021144 secs] [Times: user=0.01 sys=0.00, real=0.00 secs] 
2451.071: [GC (Allocation Failure) [PSYoungGen: 72032K->1376K(72192K)] 371746K->301090K(808960K), 0.0019486 secs] [Times: user=0.01 sys=0.00, real=0.00 secs] 
2451.392: [GC (Allocation Failure) [PSYoungGen: 72032K->1456K(72192K)] 371746K->301170K(808960K), 0.0022081 secs] [Times: user=0.01 sys=0.00, real=0.01 secs] 
2451.529: [GC (Allocation Failure) [PSYoungGen: 72112K->1504K(72192K)] 371826K->301218K(808960K), 0.0016134 secs] [Times: user=0.00 sys=0.00, real=0.00 secs] 
2451.654: [GC (Allocation Failure) [PSYoungGen: 72160K->1469K(72192K)] 371874K->301183K(808960K), 0.0016504 secs] [Times: user=0.01 sys=0.00, real=0.00 secs] 
2451.779: [GC (Allocation Failure) [PSYoungGen: 72125K->1469K(76288K)] 371839K->301183K(813056K), 0.0016938 secs] [Times: user=0.00 sys=0.00, real=0.00 secs] 
2452.553: [GC (Allocation Failure) [PSYoungGen: 76221K->1392K(75776K)] 375935K->301106K(812544K), 0.0042395 secs] [Times: user=0.02 sys=0.00, real=0.01 secs] 
2453.608: [GC (Allocation Failure) [PSYoungGen: 75632K->1344K(75264K)] 375346K->301058K(812032K), 0.0037944 secs] [Times: user=0.01 sys=0.00, real=0.00 secs] 
2454.187: [GC (Allocation Failure) [PSYoungGen: 75072K->1408K(74752K)] 374786K->301122K(811520K), 0.0025056 secs] [Times: user=0.01 sys=0.00, real=0.00 secs] 
2454.551: [GC (Allocation Failure) [PSYoungGen: 74624K->1344K(74240K)] 374338K->301058K(811008K), 0.0036189 secs] [Times: user=0.01 sys=0.00, real=0.01 secs] 
2454.874: [GC (Allocation Failure) [PSYoungGen: 74048K->1485K(73728K)] 373762K->301200K(810496K), 0.0020283 secs] [Times: user=0.00 sys=0.00, real=0.00 secs] 
2455.014: [GC (Allocation Failure) [PSYoungGen: 73677K->1469K(73216K)] 373392K->301183K(809984K), 0.0017372 secs] [Times: user=0.01 sys=0.00, real=0.00 secs] 
2455.142: [GC (Allocation Failure) [PSYoungGen: 73149K->1469K(72704K)] 372863K->301183K(809472K), 0.0018257 secs] [Times: user=0.01 sys=0.00, real=0.01 secs] 
2455.493: [GC (Allocation Failure) [PSYoungGen: 72637K->1408K(72192K)] 372351K->301146K(808960K), 0.0023577 secs] [Times: user=0.01 sys=0.00, real=0.01 secs] 
2457.001: [GC (Allocation Failure) [PSYoungGen: 72064K->1344K(72704K)] 371802K->301082K(809472K), 0.0026105 secs] [Times: user=0.01 sys=0.00, real=0.00 secs] 
2457.974: [GC (Allocation Failure) [PSYoungGen: 72000K->1424K(72704K)] 371738K->301162K(809472K), 0.0032162 secs] [Times: user=0.01 sys=0.00, real=0.00 secs] 
2458.600: [GC (Allocation Failure) [PSYoungGen: 72080K->1344K(72704K)] 371818K->301082K(809472K), 0.0025066 secs] [Times: user=0.01 sys=0.00, real=0.00 secs] 
2459.502: [GC (Allocation Failure) [PSYoungGen: 72000K->1469K(72704K)] 371738K->301208K(809472K), 0.0026984 secs] [Times: user=0.01 sys=0.00, real=0.01 secs] 
2459.694: [GC (Allocation Failure) [PSYoungGen: 72125K->1469K(72704K)] 371864K->301208K(809472K), 0.0015243 secs] [Times: user=0.00 sys=0.00, real=0.00 secs] 
2459.819: [GC (Allocation Failure) [PSYoungGen: 72125K->1469K(72704K)] 371864K->301208K(809472K), 0.0016492 secs] [Times: user=0.00 sys=0.00, real=0.00 secs] 
2459.943: [GC (Allocation Failure) [PSYoungGen: 72125K->1501K(72704K)] 371864K->301240K(809472K), 0.0016732 secs] [Times: user=0.00 sys=0.00, real=0.01 secs] 
2460.258: [GC (Allocation Failure) [PSYoungGen: 72157K->1456K(72704K)] 371896K->301194K(809472K), 0.0018389 secs] [Times: user=0.01 sys=0.00, real=0.00 secs] 
2460.551: [GC (Allocation Failure) [PSYoungGen: 72112K->1424K(72704K)] 371850K->301162K(809472K), 0.0018836 secs] [Times: user=0.01 sys=0.00, real=0.00 secs] 
2460.845: [GC (Allocation Failure) [PSYoungGen: 72080K->1344K(72704K)] 371818K->301082K(809472K), 0.0018727 secs] [Times: user=0.01 sys=0.00, real=0.00 secs] 
2461.139: [GC (Allocation Failure) [PSYoungGen: 72000K->1344K(72704K)] 371738K->301082K(809472K), 0.0018185 secs] [Times: user=0.00 sys=0.00, real=0.00 secs] 
2461.378: [GC (Allocation Failure) [PSYoungGen: 72000K->1472K(72704K)] 371738K->301234K(809472K), 0.0015055 secs] [Times: user=0.01 sys=0.00, real=0.00 secs] 
2461.503: [GC (Allocation Failure) [PSYoungGen: 72128K->1501K(72704K)] 371890K->301264K(809472K), 0.0016098 secs] [Times: user=0.00 sys=0.00, real=0.01 secs] 
2461.629: [GC (Allocation Failure) [PSYoungGen: 72157K->1469K(72704K)] 371920K->301232K(809472K), 0.0016260 secs] [Times: user=0.01 sys=0.00, real=0.00 secs] 
2461.754: [GC (Allocation Failure) [PSYoungGen: 72125K->1469K(72704K)] 371888K->301248K(809472K), 0.0023543 secs] [Times: user=0.01 sys=0.00, real=0.00 secs] 
2462.642: [GC (Allocation Failure) [PSYoungGen: 72125K->1440K(78848K)] 371904K->301218K(815616K), 0.0047469 secs] [Times: user=0.02 sys=0.00, real=0.01 secs] 
2463.480: [GC (Allocation Failure) [PSYoungGen: 78752K->1376K(78336K)] 378530K->301154K(815104K), 0.0028424 secs] [Times: user=0.01 sys=0.00, real=0.00 secs] 
2464.043: [GC (Allocation Failure) [PSYoungGen: 78176K->1376K(77824K)] 377954K->301154K(814592K), 0.0026827 secs] [Times: user=0.01 sys=0.00, real=0.01 secs] 
2464.532: [GC (Allocation Failure) [PSYoungGen: 77664K->1469K(77312K)] 377442K->301248K(814080K), 0.0025525 secs] [Times: user=0.01 sys=0.00, real=0.01 secs] 
2464.709: [GC (Allocation Failure) [PSYoungGen: 77245K->1440K(76800K)] 377024K->301218K(813568K), 0.0017535 secs] [Times: user=0.00 sys=0.00, real=0.00 secs] 
2464.841: [GC (Allocation Failure) [PSYoungGen: 76704K->1501K(76288K)] 376482K->301280K(813056K), 0.0016028 secs] [Times: user=0.01 sys=0.00, real=0.00 secs] 
2464.994: [GC (Allocation Failure) [PSYoungGen: 76253K->1501K(75776K)] 376032K->301280K(812544K), 0.0019501 secs] [Times: user=0.01 sys=0.00, real=0.00 secs] 
2465.658: [GC (Allocation Failure) [PSYoungGen: 75741K->1392K(75264K)] 375520K->301170K(812032K), 0.0022179 secs] [Times: user=0.01 sys=0.00, real=0.00 secs] 
2466.080: [GC (Allocation Failure) [PSYoungGen: 75120K->1376K(74752K)] 374898K->301154K(811520K), 0.0024526 secs] [Times: user=0.01 sys=0.00, real=0.00 secs] 
2466.876: [GC (Allocation Failure) [PSYoungGen: 74592K->1344K(74240K)] 374370K->301122K(811008K), 0.0025996 secs] [Times: user=0.01 sys=0.00, real=0.00 secs] 
2467.679: [GC (Allocation Failure) [PSYoungGen: 74048K->1376K(73728K)] 373826K->301154K(810496K), 0.0046018 secs] [Times: user=0.02 sys=0.00, real=0.00 secs] 
2468.030: [GC (Allocation Failure) [PSYoungGen: 73568K->1437K(73216K)] 373346K->301216K(809984K), 0.0020263 secs] [Times: user=0.00 sys=0.00, real=0.00 secs] 
2468.169: [GC (Allocation Failure) [PSYoungGen: 73117K->1469K(72704K)] 372896K->301248K(809472K), 0.0016174 secs] [Times: user=0.01 sys=0.00, real=0.00 secs] 
2468.296: [GC (Allocation Failure) [PSYoungGen: 72637K->1440K(72192K)] 372416K->301218K(808960K), 0.0017007 secs] [Times: user=0.01 sys=0.00, real=0.00 secs] 
2468.780: [GC (Allocation Failure) [PSYoungGen: 72096K->1472K(72704K)] 371874K->301250K(809472K), 0.0022347 secs] [Times: user=0.01 sys=0.00, real=0.00 secs] 
2469.771: [GC (Allocation Failure) [PSYoungGen: 72128K->1344K(72704K)] 371906K->301122K(809472K), 0.0022891 secs] [Times: user=0.01 sys=0.00, real=0.00 secs] 
2470.655: [GC (Allocation Failure) [PSYoungGen: 72000K->1376K(72704K)] 371778K->301154K(809472K), 0.0022005 secs] [Times: user=0.01 sys=0.00, real=0.00 secs] 
2471.742: [GC (Allocation Failure) [PSYoungGen: 72032K->1312K(72704K)] 371810K->301090K(809472K), 0.0033489 secs] [Times: user=0.01 sys=0.00, real=0.01 secs] 
2472.743: [GC (Allocation Failure) [PSYoungGen: 71968K->1501K(72704K)] 371746K->301280K(809472K), 0.0028189 secs] [Times: user=0.01 sys=0.00, real=0.01 secs] 
2472.925: [GC (Allocation Failure) [PSYoungGen: 72157K->1501K(72704K)] 371936K->301296K(809472K), 0.0017080 secs] [Times: user=0.00 sys=0.00, real=0.00 secs] 
2473.069: [GC (Allocation Failure) [PSYoungGen: 72157K->1469K(72704K)] 371952K->301264K(809472K), 0.0018604 secs] [Times: user=0.00 sys=0.00, real=0.00 secs] 
2473.238: [GC (Allocation Failure) [PSYoungGen: 72125K->1453K(72704K)] 371920K->301248K(809472K), 0.0021813 secs] [Times: user=0.00 sys=0.00, real=0.00 secs] 
2474.148: [GC (Allocation Failure) [PSYoungGen: 72109K->1392K(72704K)] 371904K->301194K(809472K), 0.0027361 secs] [Times: user=0.01 sys=0.00, real=0.00 secs] 
2475.132: [GC (Allocation Failure) [PSYoungGen: 72048K->1344K(72704K)] 371850K->301146K(809472K), 0.0027392 secs] [Times: user=0.01 sys=0.00, real=0.01 secs] 
2476.006: [GC (Allocation Failure) [PSYoungGen: 72000K->1376K(72704K)] 371802K->301178K(809472K), 0.0028771 secs] [Times: user=0.01 sys=0.00, real=0.00 secs] 
2476.720: [GC (Allocation Failure) [PSYoungGen: 72032K->1376K(72704K)] 371834K->301178K(809472K), 0.0029249 secs] [Times: user=0.01 sys=0.00, real=0.00 secs] 
2477.092: [GC (Allocation Failure) [PSYoungGen: 72032K->1501K(72704K)] 371834K->301304K(809472K), 0.0021160 secs] [Times: user=0.01 sys=0.00, real=0.01 secs] 
2477.230: [GC (Allocation Failure) [PSYoungGen: 72157K->1437K(72704K)] 371960K->301240K(809472K), 0.0015440 secs] [Times: user=0.01 sys=0.00, real=0.00 secs] 
2477.355: [GC (Allocation Failure) [PSYoungGen: 72093K->1437K(72704K)] 371896K->301240K(809472K), 0.0014933 secs] [Times: user=0.00 sys=0.00, real=0.00 secs] 
2477.482: [GC (Allocation Failure) [PSYoungGen: 72093K->368K(72704K)] 371896K->300186K(809472K), 0.0016669 secs] [Times: user=0.01 sys=0.00, real=0.01 secs] 
2477.942: [GC (Allocation Failure) [PSYoungGen: 71024K->1440K(72704K)] 370842K->301258K(809472K), 0.0019755 secs] [Times: user=0.01 sys=0.01, real=0.01 secs] 
2478.265: [GC (Allocation Failure) [PSYoungGen: 72096K->1408K(72704K)] 371914K->301226K(809472K), 0.0019878 secs] [Times: user=0.01 sys=0.00, real=0.00 secs] 
2478.873: [GC (Allocation Failure) [PSYoungGen: 72064K->1408K(72704K)] 371882K->301226K(809472K), 0.0021758 secs] [Times: user=0.01 sys=0.00, real=0.01 secs] 
2479.855: [GC (Allocation Failure) [PSYoungGen: 72064K->1405K(72704K)] 371882K->301224K(809472K), 0.0028392 secs] [Times: user=0.01 sys=0.00, real=0.00 secs] 
2480.063: [GC (Allocation Failure) [PSYoungGen: 72061K->1437K(72704K)] 371880K->301256K(809472K), 0.0015751 secs] [Times: user=0.00 sys=0.00, real=0.01 secs] 
2480.187: [GC (Allocation Failure) [PSYoungGen: 72093K->1469K(72704K)] 371912K->301288K(809472K), 0.0015120 secs] [Times: user=0.01 sys=0.00, real=0.00 secs] 
2480.312: [GC (Allocation Failure) [PSYoungGen: 72125K->1456K(72704K)] 371944K->301274K(809472K), 0.0016660 secs] [Times: user=0.00 sys=0.00, real=0.00 secs] 
2480.947: [GC (Allocation Failure) [PSYoungGen: 72112K->1392K(72704K)] 371930K->301210K(809472K), 0.0022276 secs] [Times: user=0.01 sys=0.00, real=0.00 secs] 
2481.958: [GC (Allocation Failure) [PSYoungGen: 72048K->1344K(72704K)] 371866K->301178K(809472K), 0.0034210 secs] [Times: user=0.02 sys=0.00, real=0.00 secs] 
2482.892: [GC (Allocation Failure) [PSYoungGen: 72000K->1312K(72704K)] 371834K->301146K(809472K), 0.0025071 secs] [Times: user=0.01 sys=0.00, real=0.01 secs] 
2483.666: [GC (Allocation Failure) [PSYoungGen: 71968K->1344K(72704K)] 371802K->301178K(809472K), 0.0026584 secs] [Times: user=0.01 sys=0.00, real=0.00 secs] 
2484.314: [GC (Allocation Failure) [PSYoungGen: 72000K->1421K(72704K)] 371834K->301256K(809472K), 0.0084660 secs] [Times: user=0.02 sys=0.00, real=0.00 secs] 
2484.533: [GC (Allocation Failure) [PSYoungGen: 72077K->1469K(72704K)] 371912K->301304K(809472K), 0.0021105 secs] [Times: user=0.01 sys=0.00, real=0.01 secs] 
2484.685: [GC (Allocation Failure) [PSYoungGen: 72125K->1501K(72704K)] 371960K->301336K(809472K), 0.0017029 secs] [Times: user=0.01 sys=0.00, real=0.00 secs] 
2484.811: [GC (Allocation Failure) [PSYoungGen: 72157K->1469K(72704K)] 371992K->301304K(809472K), 0.0016777 secs] [Times: user=0.00 sys=0.00, real=0.00 secs] 
2485.551: [GC (Allocation Failure) [PSYoungGen: 72125K->1408K(72704K)] 371960K->301250K(809472K), 0.0032388 secs] [Times: user=0.01 sys=0.00, real=0.01 secs] 
2486.051: [GC (Allocation Failure) [PSYoungGen: 72064K->1376K(72704K)] 371906K->301218K(809472K), 0.0032858 secs] [Times: user=0.02 sys=0.00, real=0.01 secs] 
2486.586: [GC (Allocation Failure) [PSYoungGen: 72032K->1360K(72704K)] 371874K->301202K(809472K), 0.0027387 secs] [Times: user=0.01 sys=0.00, real=0.00 secs] 
2487.150: [GC (Allocation Failure) [PSYoungGen: 72016K->1344K(72704K)] 371858K->301186K(809472K), 0.0025412 secs] [Times: user=0.01 sys=0.00, real=0.00 secs] 
2487.512: [GC (Allocation Failure) [PSYoungGen: 72000K->1472K(72704K)] 371842K->301314K(809472K), 0.0018513 secs] [Times: user=0.01 sys=0.00, real=0.00 secs] 
2487.638: [GC (Allocation Failure) [PSYoungGen: 72128K->1469K(72704K)] 371970K->301312K(809472K), 0.0016261 secs] [Times: user=0.01 sys=0.00, real=0.00 secs] 
2487.764: [GC (Allocation Failure) [PSYoungGen: 72125K->1501K(72704K)] 371968K->301344K(809472K), 0.0016419 secs] [Times: user=0.00 sys=0.00, real=0.00 secs] 
2487.947: [GC (Allocation Failure) [PSYoungGen: 72157K->1952K(72704K)] 372000K->301794K(809472K), 0.0015802 secs] [Times: user=0.01 sys=0.00, real=0.00 secs] 
2488.452: [GC (Allocation Failure) [PSYoungGen: 72608K->1376K(72704K)] 372450K->301218K(809472K), 0.0016229 secs] [Times: user=0.01 sys=0.00, real=0.01 secs] 
2489.044: [GC (Allocation Failure) [PSYoungGen: 72032K->1376K(72704K)] 371874K->301218K(809472K), 0.0017033 secs] [Times: user=0.01 sys=0.00, real=0.00 secs] 
2489.641: [GC (Allocation Failure) [PSYoungGen: 72032K->1408K(72704K)] 371874K->301250K(809472K), 0.0018942 secs] [Times: user=0.01 sys=0.01, real=0.00 secs] 
2490.272: [GC (Allocation Failure) [PSYoungGen: 72064K->1469K(72704K)] 371906K->301312K(809472K), 0.0022538 secs] [Times: user=0.00 sys=0.00, real=0.01 secs] 
2490.431: [GC (Allocation Failure) [PSYoungGen: 72125K->1469K(72704K)] 371968K->301312K(809472K), 0.0016342 secs] [Times: user=0.01 sys=0.00, real=0.00 secs] 
2490.555: [GC (Allocation Failure) [PSYoungGen: 72125K->1469K(72704K)] 371968K->301328K(809472K), 0.0017536 secs] [Times: user=0.00 sys=0.00, real=0.00 secs] 
2490.680: [GC (Allocation Failure) [PSYoungGen: 72125K->1501K(72704K)] 371984K->301360K(809472K), 0.0016226 secs] [Times: user=0.00 sys=0.00, real=0.00 secs] 
2490.923: [GC (Allocation Failure) [PSYoungGen: 72157K->1456K(72704K)] 372016K->301314K(809472K), 0.0019218 secs] [Times: user=0.01 sys=0.00, real=0.01 secs] 
2491.450: [GC (Allocation Failure) [PSYoungGen: 72112K->1312K(72704K)] 371970K->301170K(809472K), 0.0021156 secs] [Times: user=0.00 sys=0.00, real=0.00 secs] 
2492.072: [GC (Allocation Failure) [PSYoungGen: 71968K->1344K(72704K)] 371826K->301202K(809472K), 0.0025144 secs] [Times: user=0.01 sys=0.00, real=0.01 secs] 
2492.703: [GC (Allocation Failure) [PSYoungGen: 72000K->1344K(72704K)] 371858K->301202K(809472K), 0.0030140 secs] [Times: user=0.01 sys=0.00, real=0.01 secs] 
2493.113: [GC (Allocation Failure) [PSYoungGen: 72000K->1469K(72704K)] 371858K->301328K(809472K), 0.0021777 secs] [Times: user=0.01 sys=0.00, real=0.01 secs] 
2493.264: [GC (Allocation Failure) [PSYoungGen: 72125K->1469K(72704K)] 371984K->301328K(809472K), 0.0016292 secs] [Times: user=0.00 sys=0.00, real=0.00 secs] 
2493.390: [GC (Allocation Failure) [PSYoungGen: 72125K->1501K(72704K)] 371984K->301360K(809472K), 0.0015367 secs] [Times: user=0.00 sys=0.00, real=0.00 secs] 
2493.515: [GC (Allocation Failure) [PSYoungGen: 72157K->1469K(72704K)] 372016K->301344K(809472K), 0.0016231 secs] [Times: user=0.01 sys=0.00, real=0.00 secs] 
2494.956: [GC (Allocation Failure) [PSYoungGen: 72125K->1440K(72704K)] 372000K->301314K(809472K), 0.0026978 secs] [Times: user=0.01 sys=0.00, real=0.00 secs] 
2495.728: [GC (Allocation Failure) [PSYoungGen: 72096K->1376K(72704K)] 371970K->301250K(809472K), 0.0031086 secs] [Times: user=0.02 sys=0.00, real=0.00 secs] 
2496.242: [GC (Allocation Failure) [PSYoungGen: 72032K->1344K(72704K)] 371906K->301218K(809472K), 0.0025792 secs] [Times: user=0.01 sys=0.00, real=0.01 secs] 
2497.009: [GC (Allocation Failure) [PSYoungGen: 72000K->1408K(72704K)] 371874K->301282K(809472K), 0.0025075 secs] [Times: user=0.01 sys=0.00, real=0.00 secs] 
2497.288: [GC (Allocation Failure) [PSYoungGen: 72064K->1469K(72704K)] 371938K->301344K(809472K), 0.0014799 secs] [Times: user=0.01 sys=0.00, real=0.00 secs] 
2497.413: [GC (Allocation Failure) [PSYoungGen: 72125K->1469K(72704K)] 372000K->301344K(809472K), 0.0016467 secs] [Times: user=0.01 sys=0.00, real=0.01 secs] 
2497.570: [GC (Allocation Failure) [PSYoungGen: 72125K->1469K(72704K)] 372000K->301344K(809472K), 0.0022343 secs] [Times: user=0.01 sys=0.00, real=0.00 secs] 
2498.124: [GC (Allocation Failure) [PSYoungGen: 72125K->1440K(72704K)] 372000K->301314K(809472K), 0.0029013 secs] [Times: user=0.02 sys=0.00, real=0.00 secs] 
2498.450: [GC (Allocation Failure) [PSYoungGen: 72096K->1408K(72704K)] 371970K->301282K(809472K), 0.0020493 secs] [Times: user=0.01 sys=0.00, real=0.00 secs] 
2498.868: [GC (Allocation Failure) [PSYoungGen: 72064K->1344K(72704K)] 371938K->301218K(809472K), 0.0019108 secs] [Times: user=0.00 sys=0.00, real=0.00 secs] 
2499.325: [GC (Allocation Failure) [PSYoungGen: 72000K->1376K(72704K)] 371874K->301250K(809472K), 0.0020361 secs] [Times: user=0.01 sys=0.00, real=0.00 secs] 
2499.764: [GC (Allocation Failure) [PSYoungGen: 72032K->1469K(72704K)] 371906K->301344K(809472K), 0.0020700 secs] [Times: user=0.01 sys=0.00, real=0.00 secs] 
2499.905: [GC (Allocation Failure) [PSYoungGen: 72125K->1469K(72704K)] 372000K->301344K(809472K), 0.0016569 secs] [Times: user=0.01 sys=0.00, real=0.00 secs] 
2500.030: [GC (Allocation Failure) [PSYoungGen: 72125K->1501K(72704K)] 372000K->301376K(809472K), 0.0016248 secs] [Times: user=0.00 sys=0.00, real=0.00 secs] 
2500.157: [GC (Allocation Failure) [PSYoungGen: 72157K->1437K(72704K)] 372032K->301312K(809472K), 0.0015239 secs] [Times: user=0.01 sys=0.00, real=0.00 secs] 
2500.966: [GC (Allocation Failure) [PSYoungGen: 72093K->1424K(72704K)] 371968K->301314K(809472K), 0.0025880 secs] [Times: user=0.01 sys=0.01, real=0.00 secs] 
2501.943: [GC (Allocation Failure) [PSYoungGen: 72080K->1344K(72704K)] 371970K->301234K(809472K), 0.0030852 secs] [Times: user=0.01 sys=0.00, real=0.01 secs] 
2502.555: [GC (Allocation Failure) [PSYoungGen: 72000K->1376K(72704K)] 371890K->301266K(809472K), 0.0026659 secs] [Times: user=0.01 sys=0.00, real=0.00 secs] 
2502.907: [GC (Allocation Failure) [PSYoungGen: 72032K->1392K(72704K)] 371922K->301282K(809472K), 0.0018691 secs] [Times: user=0.01 sys=0.00, real=0.00 secs] 
2503.135: [GC (Allocation Failure) [PSYoungGen: 72048K->1485K(72704K)] 371938K->301376K(809472K), 0.0014997 secs] [Times: user=0.00 sys=0.00, real=0.00 secs] 
2503.261: [GC (Allocation Failure) [PSYoungGen: 72141K->1469K(72704K)] 372032K->301360K(809472K), 0.0015896 secs] [Times: user=0.01 sys=0.00, real=0.00 secs] 
2503.385: [GC (Allocation Failure) [PSYoungGen: 72125K->1405K(72704K)] 372016K->301296K(809472K), 0.0015188 secs] [Times: user=0.01 sys=0.00, real=0.00 secs] 
2503.509: [GC (Allocation Failure) [PSYoungGen: 72061K->1501K(72704K)] 371952K->301400K(809472K), 0.0016282 secs] [Times: user=0.00 sys=0.00, real=0.00 secs] 
2504.125: [GC (Allocation Failure) [PSYoungGen: 72157K->1376K(72704K)] 372056K->301274K(809472K), 0.0020483 secs] [Times: user=0.01 sys=0.00, real=0.00 secs] 
2504.737: [GC (Allocation Failure) [PSYoungGen: 72032K->1344K(72704K)] 371930K->301242K(809472K), 0.0033888 secs] [Times: user=0.02 sys=0.00, real=0.00 secs] 
2505.160: [GC (Allocation Failure) [PSYoungGen: 72000K->1376K(72704K)] 371898K->301274K(809472K), 0.0022581 secs] [Times: user=0.01 sys=0.00, real=0.00 secs] 
2505.483: [GC (Allocation Failure) [PSYoungGen: 71938K->240K(72704K)] 371836K->300138K(809472K), 0.0021981 secs] [Times: user=0.01 sys=0.01, real=0.01 secs] 
2505.643: [GC (Allocation Failure) [PSYoungGen: 70896K->1533K(72704K)] 370794K->301432K(809472K), 0.0015037 secs] [Times: user=0.01 sys=0.00, real=0.01 secs] 
2505.768: [GC (Allocation Failure) [PSYoungGen: 72189K->1501K(72704K)] 372088K->301400K(809472K), 0.0017081 secs] [Times: user=0.00 sys=0.00, real=0.00 secs] 
2505.911: [GC (Allocation Failure) [PSYoungGen: 72157K->1469K(72704K)] 372056K->301368K(809472K), 0.0017996 secs] [Times: user=0.01 sys=0.00, real=0.00 secs] 
2506.913: [GC (Allocation Failure) [PSYoungGen: 72125K->1392K(72704K)] 372024K->301298K(809472K), 0.0040515 secs] [Times: user=0.02 sys=0.00, real=0.01 secs] 
2508.391: [GC (Allocation Failure) [PSYoungGen: 72048K->1360K(72704K)] 371954K->301266K(809472K), 0.0035318 secs] [Times: user=0.01 sys=0.00, real=0.01 secs] 
2509.024: [GC (Allocation Failure) [PSYoungGen: 72016K->1344K(72704K)] 371922K->301250K(809472K), 0.0025587 secs] [Times: user=0.01 sys=0.00, real=0.00 secs] 
2509.833: [GC (Allocation Failure) [PSYoungGen: 72000K->1376K(72704K)] 371906K->301282K(809472K), 0.0027090 secs] [Times: user=0.01 sys=0.00, real=0.01 secs] 
2510.608: [GC (Allocation Failure) [PSYoungGen: 72032K->1501K(72704K)] 371938K->301408K(809472K), 0.0027378 secs] [Times: user=0.01 sys=0.00, real=0.00 secs] 
2510.787: [GC (Allocation Failure) [PSYoungGen: 72157K->1469K(72704K)] 372064K->301376K(809472K), 0.0016601 secs] [Times: user=0.00 sys=0.00, real=0.00 secs] 
2510.930: [GC (Allocation Failure) [PSYoungGen: 72125K->1485K(72704K)] 372032K->301392K(809472K), 0.0018222 secs] [Times: user=0.01 sys=0.00, real=0.00 secs] 
2511.087: [GC (Allocation Failure) [PSYoungGen: 72141K->1469K(72704K)] 372048K->301376K(809472K), 0.0020739 secs] [Times: user=0.01 sys=0.00, real=0.00 secs] 
2511.732: [GC (Allocation Failure) [PSYoungGen: 72125K->1392K(72704K)] 372032K->301298K(809472K), 0.0027031 secs] [Times: user=0.01 sys=0.00, real=0.01 secs] 
2512.221: [GC (Allocation Failure) [PSYoungGen: 72048K->1344K(72704K)] 371954K->301266K(809472K), 0.0025544 secs] [Times: user=0.01 sys=0.00, real=0.00 secs] 
2512.895: [GC (Allocation Failure) [PSYoungGen: 72000K->1408K(72704K)] 371922K->301330K(809472K), 0.0022794 secs] [Times: user=0.00 sys=0.00, real=0.00 secs] 
2513.762: [GC (Allocation Failure) [PSYoungGen: 72064K->1408K(72704K)] 371986K->301330K(809472K), 0.0025004 secs] [Times: user=0.01 sys=0.00, real=0.01 secs] 
2514.192: [GC (Allocation Failure) [PSYoungGen: 72064K->1469K(72704K)] 371986K->301392K(809472K), 0.0021801 secs] [Times: user=0.01 sys=0.00, real=0.01 secs] 
2514.351: [GC (Allocation Failure) [PSYoungGen: 72125K->1469K(72704K)] 372048K->301392K(809472K), 0.0017251 secs] [Times: user=0.00 sys=0.00, real=0.00 secs] 
2514.476: [GC (Allocation Failure) [PSYoungGen: 72125K->1501K(72704K)] 372048K->301424K(809472K), 0.0016513 secs] [Times: user=0.01 sys=0.00, real=0.00 secs] 
2514.648: [GC (Allocation Failure) [PSYoungGen: 72157K->1984K(72704K)] 372080K->301906K(809472K), 0.0018906 secs] [Times: user=0.01 sys=0.00, real=0.00 secs] 
2514.941: [GC (Allocation Failure) [PSYoungGen: 72640K->1344K(72704K)] 372562K->301266K(809472K), 0.0024927 secs] [Times: user=0.01 sys=0.00, real=0.00 secs] 
2515.235: [GC (Allocation Failure) [PSYoungGen: 72000K->1392K(72704K)] 371922K->301314K(809472K), 0.0019581 secs] [Times: user=0.01 sys=0.00, real=0.00 secs] 
2515.719: [GC (Allocation Failure) [PSYoungGen: 72048K->1376K(72704K)] 371970K->301298K(809472K), 0.0019508 secs] [Times: user=0.01 sys=0.00, real=0.00 secs] 
2516.256: [GC (Allocation Failure) [PSYoungGen: 72032K->1437K(72704K)] 371954K->301360K(809472K), 0.0020482 secs] [Times: user=0.00 sys=0.00, real=0.00 secs] 
2516.400: [GC (Allocation Failure) [PSYoungGen: 72093K->1472K(72704K)] 372016K->301394K(809472K), 0.0015219 secs] [Times: user=0.01 sys=0.00, real=0.00 secs] 
2516.525: [GC (Allocation Failure) [PSYoungGen: 72128K->1501K(72704K)] 372050K->301424K(809472K), 0.0016340 secs] [Times: user=0.01 sys=0.00, real=0.00 secs] 
2516.651: [GC (Allocation Failure) [PSYoungGen: 72157K->1437K(72704K)] 372080K->301360K(809472K), 0.0016607 secs] [Times: user=0.00 sys=0.00, real=0.00 secs] 
2517.054: [GC (Allocation Failure) [PSYoungGen: 72093K->1456K(72704K)] 372016K->301378K(809472K), 0.0022922 secs] [Times: user=0.01 sys=0.00, real=0.00 secs] 
2517.384: [GC (Allocation Failure) [PSYoungGen: 72112K->1408K(72704K)] 372034K->301330K(809472K), 0.0019268 secs] [Times: user=0.01 sys=0.00, real=0.00 secs] 
2517.692: [GC (Allocation Failure) [PSYoungGen: 72064K->1376K(72704K)] 371986K->301298K(809472K), 0.0020470 secs] [Times: user=0.01 sys=0.00, real=0.00 secs] 
2518.246: [GC (Allocation Failure) [PSYoungGen: 72032K->1408K(72704K)] 371954K->301330K(809472K), 0.0021575 secs] [Times: user=0.01 sys=0.00, real=0.00 secs] 
2518.639: [GC (Allocation Failure) [PSYoungGen: 72064K->1469K(72704K)] 371986K->301392K(809472K), 0.0015715 secs] [Times: user=0.00 sys=0.00, real=0.00 secs] 
2518.765: [GC (Allocation Failure) [PSYoungGen: 72125K->1469K(72704K)] 372048K->301392K(809472K), 0.0015990 secs] [Times: user=0.01 sys=0.00, real=0.00 secs] 
2518.910: [GC (Allocation Failure) [PSYoungGen: 72125K->1469K(72704K)] 372048K->301392K(809472K), 0.0025644 secs] [Times: user=0.01 sys=0.00, real=0.00 secs] 
2519.064: [GC (Allocation Failure) [PSYoungGen: 72125K->1501K(79360K)] 372048K->301448K(816128K), 0.0018203 secs] [Times: user=0.01 sys=0.00, real=0.00 secs] 
2519.787: [GC (Allocation Failure) [PSYoungGen: 78813K->1440K(78336K)] 378760K->301386K(815104K), 0.0023516 secs] [Times: user=0.01 sys=0.00, real=0.00 secs] 
2520.503: [GC (Allocation Failure) [PSYoungGen: 78240K->1344K(77824K)] 378186K->301290K(814592K), 0.0028859 secs] [Times: user=0.01 sys=0.00, real=0.01 secs] 
2521.119: [GC (Allocation Failure) [PSYoungGen: 77632K->1376K(77312K)] 377578K->301322K(814080K), 0.0029320 secs] [Times: user=0.01 sys=0.00, real=0.00 secs] 
2521.492: [GC (Allocation Failure) [PSYoungGen: 77152K->1501K(76800K)] 377098K->301448K(813568K), 0.0021257 secs] [Times: user=0.01 sys=0.00, real=0.01 secs] 
2521.636: [GC (Allocation Failure) [PSYoungGen: 76765K->1469K(76288K)] 376712K->301416K(813056K), 0.0017139 secs] [Times: user=0.00 sys=0.00, real=0.00 secs] 
2521.769: [GC (Allocation Failure) [PSYoungGen: 76221K->1469K(75776K)] 376168K->301416K(812544K), 0.0018140 secs] [Times: user=0.00 sys=0.00, real=0.00 secs] 
2521.901: [GC (Allocation Failure) [PSYoungGen: 75709K->1501K(75264K)] 375656K->301448K(812032K), 0.0016435 secs] [Times: user=0.00 sys=0.00, real=0.00 secs] 
2522.532: [GC (Allocation Failure) [PSYoungGen: 75229K->1456K(74752K)] 375176K->301402K(811520K), 0.0021308 secs] [Times: user=0.01 sys=0.00, real=0.01 secs] 
2523.191: [GC (Allocation Failure) [PSYoungGen: 74672K->1408K(74240K)] 374618K->301354K(811008K), 0.0022591 secs] [Times: user=0.01 sys=0.00, real=0.00 secs] 
2523.985: [GC (Allocation Failure) [PSYoungGen: 74112K->1440K(73728K)] 374058K->301386K(810496K), 0.0022834 secs] [Times: user=0.01 sys=0.00, real=0.00 secs] 
2524.761: [GC (Allocation Failure) [PSYoungGen: 73632K->1408K(73216K)] 373578K->301362K(809984K), 0.0022917 secs] [Times: user=0.01 sys=0.00, real=0.00 secs] 
2525.046: [GC (Allocation Failure) [PSYoungGen: 73088K->1469K(72704K)] 373042K->301424K(809472K), 0.0015522 secs] [Times: user=0.00 sys=0.00, real=0.00 secs] 
2525.176: [GC (Allocation Failure) [PSYoungGen: 72637K->1469K(72192K)] 372592K->301424K(808960K), 0.0019363 secs] [Times: user=0.00 sys=0.00, real=0.00 secs] 
2525.306: [GC (Allocation Failure) [PSYoungGen: 72125K->1501K(72704K)] 372080K->301456K(809472K), 0.0016567 secs] [Times: user=0.01 sys=0.00, real=0.00 secs] 
2525.517: [GC (Allocation Failure) [PSYoungGen: 72157K->1488K(72704K)] 372112K->301442K(809472K), 0.0019810 secs] [Times: user=0.01 sys=0.00, real=0.00 secs] 
2525.888: [GC (Allocation Failure) [PSYoungGen: 72144K->1408K(72704K)] 372098K->301362K(809472K), 0.0019778 secs] [Times: user=0.01 sys=0.00, real=0.00 secs] 
2526.199: [GC (Allocation Failure) [PSYoungGen: 72064K->1456K(72704K)] 372018K->301410K(809472K), 0.0018844 secs] [Times: user=0.01 sys=0.00, real=0.00 secs] 
2526.518: [GC (Allocation Failure) [PSYoungGen: 72112K->1440K(72704K)] 372066K->301394K(809472K), 0.0020927 secs] [Times: user=0.01 sys=0.00, real=0.00 secs] 
2526.844: [GC (Allocation Failure) [PSYoungGen: 72096K->1469K(72704K)] 372050K->301440K(809472K), 0.0017920 secs] [Times: user=0.00 sys=0.00, real=0.00 secs] 
2526.979: [GC (Allocation Failure) [PSYoungGen: 72125K->1501K(72704K)] 372096K->301472K(809472K), 0.0016084 secs] [Times: user=0.00 sys=0.00, real=0.00 secs] 
2527.103: [GC (Allocation Failure) [PSYoungGen: 72157K->1501K(72704K)] 372128K->301472K(809472K), 0.0015949 secs] [Times: user=0.01 sys=0.01, real=0.01 secs] 
2527.247: [GC (Allocation Failure) [PSYoungGen: 72157K->1469K(72704K)] 372128K->301448K(809472K), 0.0018942 secs] [Times: user=0.01 sys=0.00, real=0.00 secs] 
2527.565: [GC (Allocation Failure) [PSYoungGen: 72125K->1424K(72704K)] 372104K->301410K(809472K), 0.0020030 secs] [Times: user=0.01 sys=0.00, real=0.00 secs] 
2527.868: [GC (Allocation Failure) [PSYoungGen: 72080K->1408K(72704K)] 372066K->301394K(809472K), 0.0020910 secs] [Times: user=0.01 sys=0.00, real=0.00 secs] 
2528.229: [GC (Allocation Failure) [PSYoungGen: 72064K->1376K(72704K)] 372050K->301362K(809472K), 0.0020070 secs] [Times: user=0.01 sys=0.00, real=0.00 secs] 
2528.533: [GC (Allocation Failure) [PSYoungGen: 72032K->1408K(72704K)] 372018K->301418K(809472K), 0.0019873 secs] [Times: user=0.01 sys=0.00, real=0.01 secs] 
2528.766: [GC (Allocation Failure) [PSYoungGen: 72064K->1469K(72704K)] 372074K->301480K(809472K), 0.0016242 secs] [Times: user=0.00 sys=0.00, real=0.00 secs] 
2528.913: [GC (Allocation Failure) [PSYoungGen: 72125K->1437K(72704K)] 372136K->301448K(809472K), 0.0019229 secs] [Times: user=0.01 sys=0.00, real=0.01 secs] 
2529.072: [GC (Allocation Failure) [PSYoungGen: 72093K->1501K(72704K)] 372104K->301512K(809472K), 0.0016763 secs] [Times: user=0.01 sys=0.00, real=0.01 secs] 
2529.217: [GC (Allocation Failure) [PSYoungGen: 72157K->1469K(72704K)] 372168K->301496K(809472K), 0.0018589 secs] [Times: user=0.00 sys=0.00, real=0.00 secs] 
2529.545: [GC (Allocation Failure) [PSYoungGen: 72125K->1408K(72704K)] 372152K->301434K(809472K), 0.0020457 secs] [Times: user=0.01 sys=0.00, real=0.00 secs] 
2529.838: [GC (Allocation Failure) [PSYoungGen: 72064K->1376K(72704K)] 372090K->301402K(809472K), 0.0019372 secs] [Times: user=0.00 sys=0.00, real=0.00 secs] 
2530.132: [GC (Allocation Failure) [PSYoungGen: 72032K->1376K(72704K)] 372058K->301402K(809472K), 0.0019683 secs] [Times: user=0.01 sys=0.00, real=0.01 secs] 
2530.501: [GC (Allocation Failure) [PSYoungGen: 71985K->304K(72704K)] 372011K->300330K(809472K), 0.0020910 secs] [Times: user=0.01 sys=0.00, real=0.00 secs] 
2530.696: [GC (Allocation Failure) [PSYoungGen: 70960K->1437K(72704K)] 370986K->301464K(809472K), 0.0021643 secs] [Times: user=0.01 sys=0.01, real=0.00 secs] 
2530.895: [GC (Allocation Failure) [PSYoungGen: 72093K->1437K(72704K)] 372120K->301464K(809472K), 0.0021599 secs] [Times: user=0.01 sys=0.00, real=0.00 secs] 
2531.051: [GC (Allocation Failure) [PSYoungGen: 72093K->1405K(72704K)] 372120K->301432K(809472K), 0.0016449 secs] [Times: user=0.00 sys=0.00, real=0.00 secs] 
2531.717: [GC (Allocation Failure) [PSYoungGen: 72061K->1440K(72704K)] 372088K->301474K(809472K), 0.0068692 secs] [Times: user=0.03 sys=0.00, real=0.00 secs] 
2532.878: [GC (Allocation Failure) [PSYoungGen: 72096K->1360K(72704K)] 372130K->301394K(809472K), 0.0026898 secs] [Times: user=0.01 sys=0.00, real=0.00 secs] 
2533.335: [GC (Allocation Failure) [PSYoungGen: 72016K->1376K(72704K)] 372050K->301410K(809472K), 0.0020054 secs] [Times: user=0.01 sys=0.00, real=0.00 secs] 
2533.628: [GC (Allocation Failure) [PSYoungGen: 72032K->1344K(72704K)] 372066K->301378K(809472K), 0.0019706 secs] [Times: user=0.01 sys=0.00, real=0.00 secs] 
2533.932: [GC (Allocation Failure) [PSYoungGen: 72000K->1469K(72704K)] 372034K->301504K(809472K), 0.0018347 secs] [Times: user=0.00 sys=0.00, real=0.01 secs] 
2534.060: [GC (Allocation Failure) [PSYoungGen: 72125K->1437K(72704K)] 372160K->301472K(809472K), 0.0016369 secs] [Times: user=0.00 sys=0.00, real=0.00 secs] 
2534.185: [GC (Allocation Failure) [PSYoungGen: 72093K->1472K(72704K)] 372128K->301514K(809472K), 0.0014996 secs] [Times: user=0.01 sys=0.00, real=0.00 secs] 
2534.310: [GC (Allocation Failure) [PSYoungGen: 72128K->1469K(72704K)] 372170K->301512K(809472K), 0.0015032 secs] [Times: user=0.01 sys=0.00, real=0.00 secs] 
2535.314: [GC (Allocation Failure) [PSYoungGen: 72125K->1424K(72704K)] 372168K->301466K(809472K), 0.0028445 secs] [Times: user=0.01 sys=0.01, real=0.00 secs] 
2535.977: [GC (Allocation Failure) [PSYoungGen: 72080K->1376K(72704K)] 372122K->301418K(809472K), 0.0024489 secs] [Times: user=0.01 sys=0.00, real=0.00 secs] 
2536.520: [GC (Allocation Failure) [PSYoungGen: 72032K->1392K(72704K)] 372074K->301434K(809472K), 0.0027781 secs] [Times: user=0.02 sys=0.00, real=0.00 secs] 
2537.101: [GC (Allocation Failure) [PSYoungGen: 72048K->1376K(72704K)] 372090K->301418K(809472K), 0.0026111 secs] [Times: user=0.01 sys=0.01, real=0.00 secs] 
2537.413: [GC (Allocation Failure) [PSYoungGen: 72032K->1469K(72704K)] 372074K->301512K(809472K), 0.0016188 secs] [Times: user=0.00 sys=0.00, real=0.01 secs] 
2537.538: [GC (Allocation Failure) [PSYoungGen: 72125K->1469K(72704K)] 372168K->301512K(809472K), 0.0016324 secs] [Times: user=0.01 sys=0.00, real=0.00 secs] 
2537.664: [GC (Allocation Failure) [PSYoungGen: 72125K->1456K(72704K)] 372168K->301498K(809472K), 0.0016256 secs] [Times: user=0.01 sys=0.00, real=0.00 secs] 
2537.878: [GC (Allocation Failure) [PSYoungGen: 71683K->1952K(72704K)] 371726K->302002K(809472K), 0.0018222 secs] [Times: user=0.01 sys=0.00, real=0.00 secs] 
2538.258: [GC (Allocation Failure) [PSYoungGen: 72608K->1408K(72704K)] 372658K->301458K(809472K), 0.0017166 secs] [Times: user=0.00 sys=0.00, real=0.00 secs] 
2538.848: [GC (Allocation Failure) [PSYoungGen: 72064K->1376K(72704K)] 372114K->301426K(809472K), 0.0033793 secs] [Times: user=0.02 sys=0.00, real=0.00 secs] 
2539.538: [GC (Allocation Failure) [PSYoungGen: 72032K->1360K(72704K)] 372082K->301410K(809472K), 0.0026968 secs] [Times: user=0.02 sys=0.00, real=0.00 secs] 
2540.283: [GC (Allocation Failure) [PSYoungGen: 72016K->1405K(72704K)] 372066K->301456K(809472K), 0.0030506 secs] [Times: user=0.01 sys=0.00, real=0.01 secs] 
2540.485: [GC (Allocation Failure) [PSYoungGen: 72061K->1469K(72704K)] 372112K->301520K(809472K), 0.0016379 secs] [Times: user=0.00 sys=0.00, real=0.00 secs] 
2540.611: [GC (Allocation Failure) [PSYoungGen: 72125K->1469K(72704K)] 372176K->301520K(809472K), 0.0016436 secs] [Times: user=0.01 sys=0.00, real=0.00 secs] 
2540.735: [GC (Allocation Failure) [PSYoungGen: 72125K->1501K(72704K)] 372176K->301552K(809472K), 0.0016077 secs] [Times: user=0.01 sys=0.00, real=0.00 secs] 
2540.964: [GC (Allocation Failure) [PSYoungGen: 72157K->1392K(72704K)] 372208K->301466K(809472K), 0.0018226 secs] [Times: user=0.00 sys=0.00, real=0.00 secs] 
2541.257: [GC (Allocation Failure) [PSYoungGen: 72048K->1376K(72704K)] 372122K->301450K(809472K), 0.0016742 secs] [Times: user=0.00 sys=0.00, real=0.00 secs] 
2541.550: [GC (Allocation Failure) [PSYoungGen: 72032K->1408K(72704K)] 372106K->301482K(809472K), 0.0018339 secs] [Times: user=0.01 sys=0.00, real=0.00 secs] 
2541.843: [GC (Allocation Failure) [PSYoungGen: 72064K->1376K(72704K)] 372138K->301450K(809472K), 0.0018009 secs] [Times: user=0.01 sys=0.00, real=0.01 secs] 
2542.211: [GC (Allocation Failure) [PSYoungGen: 72032K->1501K(72704K)] 372106K->301576K(809472K), 0.0020352 secs] [Times: user=0.00 sys=0.00, real=0.00 secs] 
2542.393: [GC (Allocation Failure) [PSYoungGen: 72157K->1437K(72704K)] 372232K->301512K(809472K), 0.0020543 secs] [Times: user=0.01 sys=0.00, real=0.01 secs] 
2542.524: [GC (Allocation Failure) [PSYoungGen: 72093K->1469K(72704K)] 372168K->301544K(809472K), 0.0016196 secs] [Times: user=0.01 sys=0.00, real=0.00 secs] 
2542.649: [GC (Allocation Failure) [PSYoungGen: 72125K->1469K(72704K)] 372200K->301552K(809472K), 0.0017492 secs] [Times: user=0.01 sys=0.00, real=0.00 secs] 
2542.934: [GC (Allocation Failure) [PSYoungGen: 72125K->1408K(72704K)] 372208K->301490K(809472K), 0.0024317 secs] [Times: user=0.01 sys=0.00, real=0.01 secs] 
2543.228: [GC (Allocation Failure) [PSYoungGen: 72064K->1344K(72704K)] 372146K->301426K(809472K), 0.0020002 secs] [Times: user=0.01 sys=0.00, real=0.00 secs] 
2543.521: [GC (Allocation Failure) [PSYoungGen: 72000K->1408K(72704K)] 372082K->301490K(809472K), 0.0019724 secs] [Times: user=0.01 sys=0.00, real=0.00 secs] 
2543.815: [GC (Allocation Failure) [PSYoungGen: 72064K->1376K(72704K)] 372146K->301458K(809472K), 0.0019463 secs] [Times: user=0.01 sys=0.00, real=0.00 secs] 
2543.987: [GC (Allocation Failure) [PSYoungGen: 72032K->1501K(72704K)] 372114K->301584K(809472K), 0.0016505 secs] [Times: user=0.01 sys=0.00, real=0.00 secs] 
2544.112: [GC (Allocation Failure) [PSYoungGen: 72157K->1501K(72704K)] 372240K->301584K(809472K), 0.0017095 secs] [Times: user=0.01 sys=0.00, real=0.01 secs] 
2544.238: [GC (Allocation Failure) [PSYoungGen: 72157K->1469K(72704K)] 372240K->301552K(809472K), 0.0016640 secs] [Times: user=0.01 sys=0.00, real=0.00 secs] 
2544.538: [GC (Allocation Failure) [PSYoungGen: 72125K->1456K(72192K)] 372208K->301546K(808960K), 0.0017185 secs] [Times: user=0.00 sys=0.00, real=0.00 secs] 
2545.257: [GC (Allocation Failure) [PSYoungGen: 72112K->1376K(72192K)] 372202K->301466K(808960K), 0.0024299 secs] [Times: user=0.01 sys=0.00, real=0.00 secs] 
2545.896: [GC (Allocation Failure) [PSYoungGen: 72032K->1408K(72192K)] 372122K->301498K(808960K), 0.0025768 secs] [Times: user=0.01 sys=0.00, real=0.00 secs] 
2546.328: [GC (Allocation Failure) [PSYoungGen: 72064K->1440K(72192K)] 372154K->301530K(808960K), 0.0020723 secs] [Times: user=0.01 sys=0.00, real=0.00 secs] 
2546.686: [GC (Allocation Failure) [PSYoungGen: 72096K->1501K(72192K)] 372186K->301592K(808960K), 0.0018357 secs] [Times: user=0.01 sys=0.00, real=0.00 secs] 
2546.821: [GC (Allocation Failure) [PSYoungGen: 72157K->1533K(76800K)] 372248K->301624K(813568K), 0.0032578 secs] [Times: user=0.02 sys=0.00, real=0.01 secs] 
2546.955: [GC (Allocation Failure) [PSYoungGen: 76277K->1533K(79360K)] 376368K->301624K(816128K), 0.0017086 secs] [Times: user=0.01 sys=0.00, real=0.00 secs] 
2547.092: [GC (Allocation Failure) [PSYoungGen: 78845K->1501K(79360K)] 378936K->301592K(816128K), 0.0017946 secs] [Times: user=0.00 sys=0.00, real=0.01 secs] 
2547.629: [GC (Allocation Failure) [PSYoungGen: 78813K->1440K(78336K)] 378904K->301530K(815104K), 0.0019628 secs] [Times: user=0.00 sys=0.00, real=0.00 secs] 
2548.241: [GC (Allocation Failure) [PSYoungGen: 78240K->1392K(77824K)] 378330K->301482K(814592K), 0.0018839 secs] [Times: user=0.00 sys=0.01, real=0.00 secs] 
2548.836: [GC (Allocation Failure) [PSYoungGen: 77680K->1376K(77312K)] 377770K->301466K(814080K), 0.0020478 secs] [Times: user=0.01 sys=0.00, real=0.00 secs] 
2549.451: [GC (Allocation Failure) [PSYoungGen: 77152K->1469K(76800K)] 377242K->301560K(813568K), 0.0020966 secs] [Times: user=0.01 sys=0.00, real=0.00 secs] 
2549.604: [GC (Allocation Failure) [PSYoungGen: 76733K->1469K(76288K)] 376824K->301560K(813056K), 0.0016424 secs] [Times: user=0.01 sys=0.00, real=0.00 secs] 
2549.736: [GC (Allocation Failure) [PSYoungGen: 76221K->1501K(75776K)] 376312K->301592K(812544K), 0.0017786 secs] [Times: user=0.01 sys=0.00, real=0.00 secs] 
2549.867: [GC (Allocation Failure) [PSYoungGen: 75741K->1440K(75264K)] 375832K->301530K(812032K), 0.0015366 secs] [Times: user=0.00 sys=0.00, real=0.00 secs] 
2550.454: [GC (Allocation Failure) [PSYoungGen: 75168K->1424K(74752K)] 375258K->301530K(811520K), 0.0020298 secs] [Times: user=0.01 sys=0.00, real=0.00 secs] 
2551.131: [GC (Allocation Failure) [PSYoungGen: 74640K->1376K(74240K)] 374746K->301498K(811008K), 0.0026766 secs] [Times: user=0.01 sys=0.01, real=0.00 secs] 
2551.433: [GC (Allocation Failure) [PSYoungGen: 74080K->1344K(73728K)] 374202K->301466K(810496K), 0.0022173 secs] [Times: user=0.01 sys=0.00, real=0.01 secs] 
2551.733: [GC (Allocation Failure) [PSYoungGen: 73536K->1376K(73216K)] 373658K->301498K(809984K), 0.0019857 secs] [Times: user=0.01 sys=0.00, real=0.01 secs] 
2551.942: [GC (Allocation Failure) [PSYoungGen: 73056K->1501K(72704K)] 373178K->301624K(809472K), 0.0017379 secs] [Times: user=0.00 sys=0.00, real=0.01 secs] 
2552.068: [GC (Allocation Failure) [PSYoungGen: 72669K->1469K(72192K)] 372792K->301592K(808960K), 0.0016239 secs] [Times: user=0.01 sys=0.00, real=0.00 secs] 
2552.214: [GC (Allocation Failure) [PSYoungGen: 72125K->1469K(72192K)] 372248K->301592K(808960K), 0.0019349 secs] [Times: user=0.01 sys=0.00, real=0.01 secs] 
2552.422: [GC (Allocation Failure) [PSYoungGen: 72125K->896K(71680K)] 372248K->302042K(808448K), 0.0021788 secs] [Times: user=0.01 sys=0.00, real=0.00 secs] 
2552.998: [GC (Allocation Failure) [PSYoungGen: 71552K->384K(71168K)] 372698K->301530K(807936K), 0.0022443 secs] [Times: user=0.01 sys=0.00, real=0.00 secs] 
2553.713: [GC (Allocation Failure) [PSYoungGen: 71040K->384K(71168K)] 372186K->301530K(807936K), 0.0027434 secs] [Times: user=0.01 sys=0.00, real=0.01 secs] 
2554.450: [GC (Allocation Failure) [PSYoungGen: 71040K->352K(72704K)] 372186K->301498K(809472K), 0.0026403 secs] [Times: user=0.01 sys=0.00, real=0.00 secs] 
2555.012: [GC (Allocation Failure) [PSYoungGen: 71008K->1469K(72192K)] 372154K->302624K(808960K), 0.0026888 secs] [Times: user=0.01 sys=0.00, real=0.01 secs] 
2555.240: [GC (Allocation Failure) [PSYoungGen: 72125K->1437K(72192K)] 373280K->302592K(808960K), 0.0023895 secs] [Times: user=0.01 sys=0.00, real=0.00 secs] 
2555.389: [GC (Allocation Failure) [PSYoungGen: 72093K->1501K(74752K)] 373248K->302656K(811520K), 0.0032600 secs] [Times: user=0.02 sys=0.00, real=0.00 secs] 
2555.522: [GC (Allocation Failure) [PSYoungGen: 74717K->1501K(75776K)] 375872K->302656K(812544K), 0.0016661 secs] [Times: user=0.00 sys=0.01, real=0.00 secs] 
2555.783: [GC (Allocation Failure) [PSYoungGen: 74717K->1392K(82944K)] 375872K->302546K(819712K), 0.0028065 secs] [Times: user=0.01 sys=0.00, real=0.01 secs] 
2556.117: [GC (Allocation Failure) [PSYoungGen: 81776K->1344K(81408K)] 382930K->302498K(818176K), 0.0019858 secs] [Times: user=0.00 sys=0.00, real=0.00 secs] 
2556.449: [GC (Allocation Failure) [PSYoungGen: 81216K->1376K(80896K)] 382370K->302530K(817664K), 0.0019343 secs] [Times: user=0.01 sys=0.00, real=0.00 secs] 
2556.778: [GC (Allocation Failure) [PSYoungGen: 80736K->1376K(80384K)] 381890K->302530K(817152K), 0.0019238 secs] [Times: user=0.01 sys=0.00, real=0.00 secs] 
2556.960: [GC (Allocation Failure) [PSYoungGen: 80224K->1501K(79872K)] 381378K->302656K(816640K), 0.0018550 secs] [Times: user=0.00 sys=0.00, real=0.00 secs] 
2557.121: [GC (Allocation Failure) [PSYoungGen: 79837K->1469K(79360K)] 380992K->302624K(816128K), 0.0020242 secs] [Times: user=0.00 sys=0.00, real=0.00 secs] 
2557.294: [GC (Allocation Failure) [PSYoungGen: 79293K->1501K(78848K)] 380448K->302656K(815616K), 0.0018456 secs] [Times: user=0.01 sys=0.00, real=0.01 secs] 
2557.604: [GC (Allocation Failure) [PSYoungGen: 78813K->1456K(78336K)] 379968K->302610K(815104K), 0.0021538 secs] [Times: user=0.01 sys=0.00, real=0.00 secs] 
2557.924: [GC (Allocation Failure) [PSYoungGen: 78256K->1344K(77824K)] 379410K->302498K(814592K), 0.0020703 secs] [Times: user=0.01 sys=0.00, real=0.00 secs] 
2558.258: [GC (Allocation Failure) [PSYoungGen: 77632K->1344K(77312K)] 378786K->302498K(814080K), 0.0020199 secs] [Times: user=0.01 sys=0.00, real=0.00 secs] 
2558.597: [GC (Allocation Failure) [PSYoungGen: 77120K->1408K(76800K)] 378274K->302562K(813568K), 0.0021371 secs] [Times: user=0.01 sys=0.00, real=0.00 secs] 
2558.777: [GC (Allocation Failure) [PSYoungGen: 76672K->1469K(76288K)] 377826K->302648K(813056K), 0.0016723 secs] [Times: user=0.01 sys=0.00, real=0.00 secs] 
2558.909: [GC (Allocation Failure) [PSYoungGen: 76221K->1456K(75776K)] 377400K->302634K(812544K), 0.0017519 secs] [Times: user=0.00 sys=0.00, real=0.00 secs] 
2559.042: [GC (GCLocker Initiated GC) [PSYoungGen: 75696K->1469K(75264K)] 376874K->302648K(812032K), 0.0016809 secs] [Times: user=0.01 sys=0.00, real=0.00 secs] 
2559.407: [GC (Allocation Failure) [PSYoungGen: 75197K->1424K(74752K)] 376379K->302605K(811520K), 0.0019832 secs] [Times: user=0.00 sys=0.00, real=0.00 secs] 
2559.959: [GC (Allocation Failure) [PSYoungGen: 74640K->1408K(74240K)] 375821K->302589K(811008K), 0.0019218 secs] [Times: user=0.01 sys=0.00, real=0.00 secs] 
2560.538: [GC (Allocation Failure) [PSYoungGen: 74112K->1344K(73728K)] 375293K->302525K(810496K), 0.0087670 secs] [Times: user=0.04 sys=0.00, real=0.01 secs] 
2561.123: [GC (Allocation Failure) [PSYoungGen: 73536K->1376K(73216K)] 374717K->302557K(809984K), 0.0021361 secs] [Times: user=0.00 sys=0.00, real=0.01 secs] 
2561.449: [GC (Allocation Failure) [PSYoungGen: 73056K->1501K(72704K)] 374237K->302683K(809472K), 0.0017634 secs] [Times: user=0.00 sys=0.00, real=0.00 secs] 
2561.575: [GC (Allocation Failure) [PSYoungGen: 72669K->1504K(72192K)] 373851K->302686K(808960K), 0.0016425 secs] [Times: user=0.01 sys=0.00, real=0.00 secs] 
2561.700: [GC (Allocation Failure) [PSYoungGen: 72160K->1501K(72704K)] 373342K->302683K(809472K), 0.0016487 secs] [Times: user=0.01 sys=0.00, real=0.00 secs] 
2561.824: [GC (Allocation Failure) [PSYoungGen: 72157K->1501K(72704K)] 373339K->302683K(809472K), 0.0016257 secs] [Times: user=0.00 sys=0.00, real=0.00 secs] 
2563.491: [GC (Allocation Failure) [PSYoungGen: 72157K->1440K(72192K)] 373339K->302629K(808960K), 0.0040065 secs] [Times: user=0.01 sys=0.00, real=0.01 secs] 
2564.169: [GC (Allocation Failure) [PSYoungGen: 72096K->1408K(72192K)] 373285K->302597K(808960K), 0.0045299 secs] [Times: user=0.02 sys=0.00, real=0.00 secs] 
2565.152: [GC (Allocation Failure) [PSYoungGen: 72064K->1408K(72192K)] 373253K->302605K(808960K), 0.0033295 secs] [Times: user=0.01 sys=0.00, real=0.01 secs] 
2566.261: [GC (Allocation Failure) [PSYoungGen: 71889K->272K(71168K)] 373087K->301469K(807936K), 0.0051387 secs] [Times: user=0.02 sys=0.00, real=0.01 secs] 
2566.516: [GC (Allocation Failure) [PSYoungGen: 70928K->1533K(72192K)] 372125K->302731K(808960K), 0.0021710 secs] [Times: user=0.01 sys=0.00, real=0.00 secs] 
2566.657: [GC (Allocation Failure) [PSYoungGen: 72189K->1501K(72192K)] 373387K->302699K(808960K), 0.0018911 secs] [Times: user=0.01 sys=0.00, real=0.00 secs] 
2566.783: [GC (Allocation Failure) [PSYoungGen: 72157K->1517K(72192K)] 373355K->302715K(808960K), 0.0015278 secs] [Times: user=0.01 sys=0.00, real=0.01 secs] 
2567.091: [GC (Allocation Failure) [PSYoungGen: 72173K->1392K(72192K)] 373371K->302637K(808960K), 0.0035194 secs] [Times: user=0.01 sys=0.00, real=0.01 secs] 
2567.812: [GC (Allocation Failure) [PSYoungGen: 72048K->1376K(72192K)] 373293K->302621K(808960K), 0.0031628 secs] [Times: user=0.01 sys=0.00, real=0.01 secs] 
2568.702: [GC (Allocation Failure) [PSYoungGen: 72032K->1344K(72192K)] 373277K->302589K(808960K), 0.0047296 secs] [Times: user=0.02 sys=0.00, real=0.01 secs] 
2569.559: [GC (Allocation Failure) [PSYoungGen: 72000K->1344K(72192K)] 373245K->302589K(808960K), 0.0034473 secs] [Times: user=0.01 sys=0.00, real=0.00 secs] 
2570.407: [GC (Allocation Failure) [PSYoungGen: 71991K->1373K(72192K)] 373237K->302619K(808960K), 0.0027208 secs] [Times: user=0.01 sys=0.00, real=0.00 secs] 
2570.585: [GC (Allocation Failure) [PSYoungGen: 72029K->1469K(72704K)] 373275K->302715K(809472K), 0.0015173 secs] [Times: user=0.00 sys=0.00, real=0.00 secs] 
2570.710: [GC (Allocation Failure) [PSYoungGen: 72125K->1504K(72704K)] 373371K->302750K(809472K), 0.0015897 secs] [Times: user=0.01 sys=0.00, real=0.00 secs] 
2570.836: [GC (Allocation Failure) [PSYoungGen: 72160K->1469K(72704K)] 373406K->302715K(809472K), 0.0016351 secs] [Times: user=0.01 sys=0.00, real=0.00 secs] 
2571.504: [GC (Allocation Failure) [PSYoungGen: 72125K->1408K(72704K)] 373371K->302653K(809472K), 0.0019971 secs] [Times: user=0.00 sys=0.00, real=0.00 secs] 
2572.243: [GC (Allocation Failure) [PSYoungGen: 72064K->1408K(72704K)] 373309K->302653K(809472K), 0.0022199 secs] [Times: user=0.01 sys=0.00, real=0.01 secs] 
2573.091: [GC (Allocation Failure) [PSYoungGen: 72064K->1344K(72704K)] 373309K->302605K(809472K), 0.0021086 secs] [Times: user=0.01 sys=0.00, real=0.00 secs] 
2573.841: [GC (Allocation Failure) [PSYoungGen: 72000K->1344K(72704K)] 373261K->302605K(809472K), 0.0026963 secs] [Times: user=0.01 sys=0.01, real=0.00 secs] 
2574.223: [GC (Allocation Failure) [PSYoungGen: 72000K->1424K(72704K)] 373261K->302686K(809472K), 0.0019720 secs] [Times: user=0.01 sys=0.00, real=0.01 secs] 
2574.358: [GC (Allocation Failure) [PSYoungGen: 72080K->1469K(72704K)] 373342K->302731K(809472K), 0.0016051 secs] [Times: user=0.01 sys=0.00, real=0.00 secs] 
2574.485: [GC (Allocation Failure) [PSYoungGen: 72103K->1517K(72704K)] 373365K->302779K(809472K), 0.0016407 secs] [Times: user=0.01 sys=0.00, real=0.00 secs] 
2574.625: [GC (Allocation Failure) [PSYoungGen: 72173K->1920K(72704K)] 373435K->303181K(809472K), 0.0015673 secs] [Times: user=0.01 sys=0.00, real=0.00 secs] 
2574.987: [GC (Allocation Failure) [PSYoungGen: 72576K->1376K(72704K)] 373837K->302637K(809472K), 0.0018332 secs] [Times: user=0.00 sys=0.00, real=0.00 secs] 
2575.531: [GC (Allocation Failure) [PSYoungGen: 72032K->1376K(72704K)] 373293K->302637K(809472K), 0.0019493 secs] [Times: user=0.01 sys=0.00, real=0.00 secs] 
2576.199: [GC (Allocation Failure) [PSYoungGen: 72032K->1376K(72704K)] 373293K->302637K(809472K), 0.0050311 secs] [Times: user=0.03 sys=0.00, real=0.01 secs] 
2576.906: [GC (Allocation Failure) [PSYoungGen: 72032K->1469K(72704K)] 373293K->302731K(809472K), 0.0028094 secs] [Times: user=0.01 sys=0.00, real=0.00 secs] 
2577.085: [GC (Allocation Failure) [PSYoungGen: 72125K->1485K(72704K)] 373387K->302747K(809472K), 0.0017862 secs] [Times: user=0.00 sys=0.00, real=0.00 secs] 
2577.210: [GC (Allocation Failure) [PSYoungGen: 72141K->1469K(72704K)] 373403K->302731K(809472K), 0.0016391 secs] [Times: user=0.00 sys=0.00, real=0.00 secs] 
2577.335: [GC (Allocation Failure) [PSYoungGen: 72125K->1501K(72704K)] 373387K->302763K(809472K), 0.0016956 secs] [Times: user=0.01 sys=0.00, real=0.00 secs] 
2577.874: [GC (Allocation Failure) [PSYoungGen: 72157K->1424K(72704K)] 373419K->302685K(809472K), 0.0020958 secs] [Times: user=0.01 sys=0.00, real=0.00 secs] 
2578.747: [GC (Allocation Failure) [PSYoungGen: 72080K->1408K(72704K)] 373341K->302669K(809472K), 0.0019409 secs] [Times: user=0.01 sys=0.00, real=0.00 secs] 
2579.895: [GC (Allocation Failure) [PSYoungGen: 72064K->1344K(72704K)] 373325K->302605K(809472K), 0.0020648 secs] [Times: user=0.01 sys=0.00, real=0.00 secs] 
2580.902: [GC (Allocation Failure) [PSYoungGen: 72000K->1392K(72704K)] 373261K->302653K(809472K), 0.0021944 secs] [Times: user=0.01 sys=0.00, real=0.01 secs] 
2581.489: [GC (Allocation Failure) [PSYoungGen: 72048K->1437K(72704K)] 373309K->302699K(809472K), 0.0020429 secs] [Times: user=0.01 sys=0.00, real=0.00 secs] 
2581.626: [GC (Allocation Failure) [PSYoungGen: 72093K->1504K(72704K)] 373355K->302766K(809472K), 0.0015658 secs] [Times: user=0.01 sys=0.00, real=0.00 secs] 
2581.752: [GC (Allocation Failure) [PSYoungGen: 72160K->1469K(72704K)] 373422K->302731K(809472K), 0.0016158 secs] [Times: user=0.01 sys=0.00, real=0.00 secs] 
2581.877: [GC (Allocation Failure) [PSYoungGen: 72122K->1501K(72704K)] 373383K->302779K(809472K), 0.0016330 secs] [Times: user=0.01 sys=0.00, real=0.00 secs] 
2582.446: [GC (Allocation Failure) [PSYoungGen: 72157K->1392K(72704K)] 373435K->302685K(809472K), 0.0020409 secs] [Times: user=0.00 sys=0.00, real=0.00 secs] 
2582.743: [GC (Allocation Failure) [PSYoungGen: 72048K->1360K(72704K)] 373341K->302653K(809472K), 0.0030333 secs] [Times: user=0.01 sys=0.00, real=0.01 secs] 
2583.042: [GC (Allocation Failure) [PSYoungGen: 72016K->1344K(72704K)] 373309K->302637K(809472K), 0.0026230 secs] [Times: user=0.01 sys=0.00, real=0.01 secs] 
2583.330: [GC (Allocation Failure) [PSYoungGen: 72000K->1376K(72704K)] 373293K->302669K(809472K), 0.0019590 secs] [Times: user=0.01 sys=0.00, real=0.00 secs] 
2583.520: [GC (Allocation Failure) [PSYoungGen: 72032K->1469K(72704K)] 373325K->302763K(809472K), 0.0016296 secs] [Times: user=0.01 sys=0.00, real=0.00 secs] 
2583.646: [GC (Allocation Failure) [PSYoungGen: 72125K->1437K(72704K)] 373419K->302731K(809472K), 0.0016700 secs] [Times: user=0.00 sys=0.00, real=0.00 secs] 
2583.771: [GC (Allocation Failure) [PSYoungGen: 72093K->1501K(72704K)] 373387K->302795K(809472K), 0.0016468 secs] [Times: user=0.01 sys=0.00, real=0.00 secs] 
2583.959: [GC (Allocation Failure) [PSYoungGen: 72157K->1408K(72704K)] 373451K->302701K(809472K), 0.0018244 secs] [Times: user=0.01 sys=0.00, real=0.00 secs] 
2584.327: [GC (Allocation Failure) [PSYoungGen: 72064K->1376K(72192K)] 373357K->302669K(808960K), 0.0019800 secs] [Times: user=0.01 sys=0.00, real=0.00 secs] 
2584.621: [GC (Allocation Failure) [PSYoungGen: 72032K->1376K(72192K)] 373325K->302669K(808960K), 0.0021125 secs] [Times: user=0.01 sys=0.00, real=0.00 secs] 
2585.100: [GC (Allocation Failure) [PSYoungGen: 72032K->1376K(72192K)] 373325K->302669K(808960K), 0.0019097 secs] [Times: user=0.01 sys=0.00, real=0.00 secs] 
2585.546: [GC (Allocation Failure) [PSYoungGen: 72032K->1501K(72192K)] 373325K->302795K(808960K), 0.0020415 secs] [Times: user=0.00 sys=0.00, real=0.00 secs] 
2585.679: [GC (Allocation Failure) [PSYoungGen: 72157K->1517K(72192K)] 373451K->302811K(808960K), 0.0016778 secs] [Times: user=0.00 sys=0.00, real=0.00 secs] 
2585.804: [GC (Allocation Failure) [PSYoungGen: 72173K->1533K(72192K)] 373467K->302827K(808960K), 0.0016240 secs] [Times: user=0.00 sys=0.00, real=0.00 secs] 
2585.927: [GC (Allocation Failure) [PSYoungGen: 72189K->1469K(75776K)] 373483K->302763K(812544K), 0.0016626 secs] [Times: user=0.00 sys=0.00, real=0.00 secs] 
2586.409: [GC (Allocation Failure) [PSYoungGen: 75709K->1424K(75264K)] 377003K->302717K(812032K), 0.0017911 secs] [Times: user=0.01 sys=0.00, real=0.00 secs] 
2586.836: [GC (Allocation Failure) [PSYoungGen: 75152K->1376K(74752K)] 376445K->302669K(811520K), 0.0024306 secs] [Times: user=0.01 sys=0.00, real=0.00 secs] 
2587.148: [GC (Allocation Failure) [PSYoungGen: 74592K->1344K(74240K)] 375885K->302637K(811008K), 0.0025865 secs] [Times: user=0.01 sys=0.00, real=0.00 secs] 
2587.445: [GC (Allocation Failure) [PSYoungGen: 74048K->1408K(73728K)] 375341K->302701K(810496K), 0.0020204 secs] [Times: user=0.01 sys=0.00, real=0.00 secs] 
2587.636: [GC (Allocation Failure) [PSYoungGen: 73600K->1469K(73216K)] 374893K->302763K(809984K), 0.0017692 secs] [Times: user=0.01 sys=0.00, real=0.00 secs] 
2587.763: [GC (Allocation Failure) [PSYoungGen: 73149K->1469K(72704K)] 374443K->302763K(809472K), 0.0016567 secs] [Times: user=0.00 sys=0.00, real=0.01 secs] 
2587.891: [GC (Allocation Failure) [PSYoungGen: 72637K->1469K(72192K)] 373931K->302763K(808960K), 0.0017549 secs] [Times: user=0.00 sys=0.00, real=0.00 secs] 
2588.089: [GC (Allocation Failure) [PSYoungGen: 72125K->1424K(72704K)] 373419K->302717K(809472K), 0.0019567 secs] [Times: user=0.01 sys=0.00, real=0.00 secs] 
2588.391: [GC (Allocation Failure) [PSYoungGen: 72080K->1408K(72704K)] 373373K->302701K(809472K), 0.0018142 secs] [Times: user=0.00 sys=0.00, real=0.00 secs] 
2588.685: [GC (Allocation Failure) [PSYoungGen: 72064K->1344K(72704K)] 373357K->302637K(809472K), 0.0017783 secs] [Times: user=0.00 sys=0.00, real=0.00 secs] 
2588.983: [GC (Allocation Failure) [PSYoungGen: 72000K->1312K(72704K)] 373293K->302621K(809472K), 0.0023286 secs] [Times: user=0.01 sys=0.00, real=0.01 secs] 
2589.316: [GC (Allocation Failure) [PSYoungGen: 71968K->1488K(72704K)] 373277K->302798K(809472K), 0.0020470 secs] [Times: user=0.01 sys=0.00, real=0.00 secs] 
2589.505: [GC (Allocation Failure) [PSYoungGen: 72144K->1437K(72704K)] 373454K->302747K(809472K), 0.0021350 secs] [Times: user=0.01 sys=0.00, real=0.00 secs] 
2589.664: [GC (Allocation Failure) [PSYoungGen: 72093K->1469K(72704K)] 373403K->302779K(809472K), 0.0017375 secs] [Times: user=0.01 sys=0.00, real=0.00 secs] 
2589.790: [GC (Allocation Failure) [PSYoungGen: 72125K->1501K(72704K)] 373435K->302811K(809472K), 0.0017641 secs] [Times: user=0.01 sys=0.00, real=0.00 secs] 
2590.029: [GC (Allocation Failure) [PSYoungGen: 72157K->1424K(72192K)] 373467K->302733K(808960K), 0.0021559 secs] [Times: user=0.01 sys=0.00, real=0.00 secs] 
2590.323: [GC (Allocation Failure) [PSYoungGen: 72080K->1376K(72192K)] 373389K->302685K(808960K), 0.0021957 secs] [Times: user=0.01 sys=0.00, real=0.01 secs] 
2590.617: [GC (Allocation Failure) [PSYoungGen: 72032K->1408K(72192K)] 373341K->302717K(808960K), 0.0020506 secs] [Times: user=0.00 sys=0.00, real=0.00 secs] 
2590.913: [GC (Allocation Failure) [PSYoungGen: 72064K->1312K(72192K)] 373373K->302621K(808960K), 0.0027884 secs] [Times: user=0.01 sys=0.01, real=0.01 secs] 
2591.186: [GC (Allocation Failure) [PSYoungGen: 71968K->1421K(72192K)] 373277K->302731K(808960K), 0.0027479 secs] [Times: user=0.02 sys=0.00, real=0.00 secs] 
2591.365: [GC (Allocation Failure) [PSYoungGen: 72077K->1469K(72192K)] 373387K->302779K(808960K), 0.0017628 secs] [Times: user=0.00 sys=0.00, real=0.00 secs] 
2591.491: [GC (Allocation Failure) [PSYoungGen: 72125K->1501K(75776K)] 373435K->302811K(812544K), 0.0016874 secs] [Times: user=0.00 sys=0.00, real=0.00 secs] 
2591.623: [GC (Allocation Failure) [PSYoungGen: 75741K->1469K(76288K)] 377051K->302787K(813056K), 0.0016998 secs] [Times: user=0.01 sys=0.00, real=0.01 secs] 
2592.810: [GC (Allocation Failure) [PSYoungGen: 75709K->1376K(75264K)] 377027K->302693K(812032K), 0.0036696 secs] [Times: user=0.01 sys=0.00, real=0.00 secs] 
2593.475: [GC (Allocation Failure) [PSYoungGen: 75104K->1344K(74752K)] 376421K->302661K(811520K), 0.0033003 secs] [Times: user=0.01 sys=0.00, real=0.00 secs] 
2593.958: [GC (Allocation Failure) [PSYoungGen: 74560K->1376K(74240K)] 375877K->302693K(811008K), 0.0020725 secs] [Times: user=0.01 sys=0.00, real=0.00 secs] 
2594.282: [GC (Allocation Failure) [PSYoungGen: 74080K->1501K(73728K)] 375397K->302819K(810496K), 0.0020561 secs] [Times: user=0.01 sys=0.00, real=0.01 secs] 
2594.419: [GC (Allocation Failure) [PSYoungGen: 73693K->1469K(73216K)] 375011K->302787K(809984K), 0.0016638 secs] [Times: user=0.01 sys=0.00, real=0.00 secs] 
2594.545: [GC (Allocation Failure) [PSYoungGen: 73149K->1501K(72704K)] 374467K->302819K(809472K), 0.0016244 secs] [Times: user=0.01 sys=0.00, real=0.00 secs] 
2594.671: [GC (Allocation Failure) [PSYoungGen: 72669K->1501K(72192K)] 373987K->302819K(808960K), 0.0015589 secs] [Times: user=0.00 sys=0.00, real=0.00 secs] 
2595.120: [GC (Allocation Failure) [PSYoungGen: 72157K->1424K(72192K)] 373475K->302749K(808960K), 0.0021651 secs] [Times: user=0.01 sys=0.00, real=0.00 secs] 
2595.799: [GC (Allocation Failure) [PSYoungGen: 72080K->1376K(72192K)] 373405K->302701K(808960K), 0.0022578 secs] [Times: user=0.01 sys=0.00, real=0.00 secs] 
2596.853: [GC (Allocation Failure) [PSYoungGen: 72032K->1344K(72192K)] 373357K->302669K(808960K), 0.0038468 secs] [Times: user=0.02 sys=0.00, real=0.01 secs] 
2597.552: [GC (Allocation Failure) [PSYoungGen: 72000K->1376K(72192K)] 373325K->302701K(808960K), 0.0032692 secs] [Times: user=0.01 sys=0.00, real=0.01 secs] 
2598.059: [GC (Allocation Failure) [PSYoungGen: 72032K->1469K(72192K)] 373357K->302795K(808960K), 0.0024174 secs] [Times: user=0.01 sys=0.00, real=0.00 secs] 
2598.222: [GC (Allocation Failure) [PSYoungGen: 72125K->1469K(72192K)] 373451K->302795K(808960K), 0.0017766 secs] [Times: user=0.01 sys=0.00, real=0.01 secs] 
2598.348: [GC (Allocation Failure) [PSYoungGen: 72125K->1469K(72192K)] 373451K->302795K(808960K), 0.0018339 secs] [Times: user=0.00 sys=0.01, real=0.00 secs] 
2598.473: [GC (Allocation Failure) [PSYoungGen: 72125K->1501K(72192K)] 373451K->302827K(808960K), 0.0015835 secs] [Times: user=0.00 sys=0.00, real=0.01 secs] 
2599.760: [GC (Allocation Failure) [PSYoungGen: 72157K->1440K(72192K)] 373483K->302773K(808960K), 0.0031353 secs] [Times: user=0.01 sys=0.00, real=0.00 secs] 
2600.674: [GC (Allocation Failure) [PSYoungGen: 72096K->1376K(72192K)] 373429K->302709K(808960K), 0.0027660 secs] [Times: user=0.01 sys=0.00, real=0.00 secs] 
2601.270: [GC (Allocation Failure) [PSYoungGen: 72032K->1376K(72192K)] 373365K->302709K(808960K), 0.0028894 secs] [Times: user=0.01 sys=0.00, real=0.00 secs] 
2601.570: [GC (Allocation Failure) [PSYoungGen: 72032K->1376K(72192K)] 373365K->302709K(808960K), 0.0020260 secs] [Times: user=0.01 sys=0.00, real=0.00 secs] 
2601.776: [GC (Allocation Failure) [PSYoungGen: 72032K->1501K(72192K)] 373365K->302835K(808960K), 0.0017525 secs] [Times: user=0.01 sys=0.00, real=0.00 secs] 
2601.903: [GC (Allocation Failure) [PSYoungGen: 72140K->1504K(72192K)] 373474K->302838K(808960K), 0.0017806 secs] [Times: user=0.00 sys=0.00, real=0.01 secs] 
2602.047: [GC (Allocation Failure) [PSYoungGen: 72160K->1501K(72704K)] 373494K->302851K(809472K), 0.0020354 secs] [Times: user=0.01 sys=0.00, real=0.00 secs] 
2602.801: [GC (Allocation Failure) [PSYoungGen: 72157K->1456K(72704K)] 373507K->302813K(809472K), 0.0041005 secs] [Times: user=0.01 sys=0.00, real=0.01 secs] 
2604.128: [GC (Allocation Failure) [PSYoungGen: 72112K->1376K(72704K)] 373469K->302733K(809472K), 0.0042888 secs] [Times: user=0.01 sys=0.00, real=0.00 secs] 
2604.929: [GC (Allocation Failure) [PSYoungGen: 72032K->1376K(72704K)] 373389K->302733K(809472K), 0.0026041 secs] [Times: user=0.01 sys=0.00, real=0.00 secs] 
2605.524: [GC (Allocation Failure) [PSYoungGen: 72032K->1344K(72704K)] 373389K->302701K(809472K), 0.0027813 secs] [Times: user=0.01 sys=0.00, real=0.00 secs] 
2606.009: [GC (Allocation Failure) [PSYoungGen: 71971K->1437K(72704K)] 373329K->302795K(809472K), 0.0029525 secs] [Times: user=0.01 sys=0.00, real=0.00 secs] 
2606.207: [GC (Allocation Failure) [PSYoungGen: 72093K->1472K(72704K)] 373451K->302830K(809472K), 0.0016399 secs] [Times: user=0.00 sys=0.00, real=0.00 secs] 
2606.334: [GC (Allocation Failure) [PSYoungGen: 72128K->1504K(72704K)] 373486K->302862K(809472K), 0.0015553 secs] [Times: user=0.01 sys=0.00, real=0.01 secs] 
2606.460: [GC (Allocation Failure) [PSYoungGen: 72160K->1501K(72704K)] 373518K->302859K(809472K), 0.0016465 secs] [Times: user=0.01 sys=0.00, real=0.00 secs] 
2607.050: [GC (Allocation Failure) [PSYoungGen: 72157K->1456K(72704K)] 373515K->302821K(809472K), 0.0034160 secs] [Times: user=0.02 sys=0.00, real=0.00 secs] 
2607.883: [GC (Allocation Failure) [PSYoungGen: 72112K->1408K(72704K)] 373477K->302773K(809472K), 0.0024864 secs] [Times: user=0.01 sys=0.00, real=0.01 secs] 
2608.511: [GC (Allocation Failure) [PSYoungGen: 72064K->1408K(72704K)] 373429K->302773K(809472K), 0.0022876 secs] [Times: user=0.01 sys=0.00, real=0.00 secs] 
2609.047: [GC (Allocation Failure) [PSYoungGen: 72064K->1408K(72704K)] 373429K->302773K(809472K), 0.0023052 secs] [Times: user=0.01 sys=0.00, real=0.00 secs] 
2609.306: [GC (Allocation Failure) [PSYoungGen: 72064K->1504K(72704K)] 373429K->302870K(809472K), 0.0016037 secs] [Times: user=0.01 sys=0.00, real=0.00 secs] 
2609.432: [GC (Allocation Failure) [PSYoungGen: 72160K->1533K(72704K)] 373526K->302899K(809472K), 0.0016578 secs] [Times: user=0.00 sys=0.00, real=0.00 secs] 
2609.559: [GC (Allocation Failure) [PSYoungGen: 72189K->1533K(72704K)] 373555K->302899K(809472K), 0.0016357 secs] [Times: user=0.00 sys=0.00, real=0.00 secs] 
2609.711: [GC (Allocation Failure) [PSYoungGen: 72189K->1696K(72704K)] 373555K->303077K(809472K), 0.0017482 secs] [Times: user=0.01 sys=0.00, real=0.00 secs] 
2610.298: [GC (Allocation Failure) [PSYoungGen: 72352K->1408K(72704K)] 373733K->302789K(809472K), 0.0016465 secs] [Times: user=0.01 sys=0.00, real=0.00 secs] 
2610.855: [GC (Allocation Failure) [PSYoungGen: 72064K->1344K(72704K)] 373445K->302741K(809472K), 0.0015351 secs] [Times: user=0.01 sys=0.00, real=0.00 secs] 
2611.155: [GC (Allocation Failure) [PSYoungGen: 72000K->1344K(72704K)] 373397K->302741K(809472K), 0.0016286 secs] [Times: user=0.00 sys=0.00, real=0.00 secs] 
2611.808: [GC (Allocation Failure) [PSYoungGen: 72000K->1469K(72704K)] 373397K->302867K(809472K), 0.0023374 secs] [Times: user=0.01 sys=0.00, real=0.00 secs] 
2611.959: [GC (Allocation Failure) [PSYoungGen: 72125K->1472K(72704K)] 373523K->302870K(809472K), 0.0017739 secs] [Times: user=0.01 sys=0.00, real=0.00 secs] 
2612.084: [GC (Allocation Failure) [PSYoungGen: 72128K->1501K(72704K)] 373526K->302899K(809472K), 0.0017462 secs] [Times: user=0.01 sys=0.00, real=0.00 secs] 
2612.230: [GC (Allocation Failure) [PSYoungGen: 72157K->1469K(72704K)] 373555K->302867K(809472K), 0.0019424 secs] [Times: user=0.01 sys=0.00, real=0.00 secs] 
2612.583: [GC (Allocation Failure) [PSYoungGen: 72125K->1488K(72704K)] 373523K->302885K(809472K), 0.0020872 secs] [Times: user=0.01 sys=0.00, real=0.01 secs] 
2613.182: [GC (Allocation Failure) [PSYoungGen: 72144K->1376K(72704K)] 373541K->302773K(809472K), 0.0020972 secs] [Times: user=0.01 sys=0.00, real=0.01 secs] 
2613.699: [GC (Allocation Failure) [PSYoungGen: 72032K->1408K(72704K)] 373429K->302805K(809472K), 0.0021187 secs] [Times: user=0.01 sys=0.00, real=0.00 secs] 
2614.243: [GC (Allocation Failure) [PSYoungGen: 72064K->1376K(72704K)] 373461K->302773K(809472K), 0.0019505 secs] [Times: user=0.00 sys=0.00, real=0.01 secs] 
2614.682: [GC (Allocation Failure) [PSYoungGen: 72032K->1501K(72704K)] 373429K->302899K(809472K), 0.0018663 secs] [Times: user=0.00 sys=0.00, real=0.01 secs] 
2614.818: [GC (Allocation Failure) [PSYoungGen: 72157K->1469K(72704K)] 373555K->302867K(809472K), 0.0016540 secs] [Times: user=0.01 sys=0.00, real=0.00 secs] 
2614.943: [GC (Allocation Failure) [PSYoungGen: 72125K->1501K(72704K)] 373523K->302899K(809472K), 0.0017638 secs] [Times: user=0.00 sys=0.00, real=0.01 secs] 
2615.088: [GC (Allocation Failure) [PSYoungGen: 72157K->1469K(72704K)] 373555K->302883K(809472K), 0.0018292 secs] [Times: user=0.01 sys=0.00, real=0.00 secs] 
2615.703: [GC (Allocation Failure) [PSYoungGen: 72125K->1408K(72704K)] 373539K->302821K(809472K), 0.0020516 secs] [Times: user=0.00 sys=0.01, real=0.01 secs] 
2616.410: [GC (Allocation Failure) [PSYoungGen: 72064K->1344K(72704K)] 373477K->302757K(809472K), 0.0022731 secs] [Times: user=0.01 sys=0.00, real=0.00 secs] 
2616.949: [GC (Allocation Failure) [PSYoungGen: 72000K->1376K(72704K)] 373413K->302789K(809472K), 0.0022540 secs] [Times: user=0.01 sys=0.00, real=0.00 secs] 
2617.356: [GC (Allocation Failure) [PSYoungGen: 72032K->1360K(72704K)] 373445K->302773K(809472K), 0.0024885 secs] [Times: user=0.01 sys=0.00, real=0.00 secs] 
2617.601: [GC (Allocation Failure) [PSYoungGen: 72016K->1453K(72704K)] 373429K->302867K(809472K), 0.0016355 secs] [Times: user=0.01 sys=0.00, real=0.00 secs] 
2617.748: [GC (Allocation Failure) [PSYoungGen: 72109K->1501K(72704K)] 373523K->302915K(809472K), 0.0019126 secs] [Times: user=0.00 sys=0.00, real=0.00 secs] 
2617.903: [GC (Allocation Failure) [PSYoungGen: 72157K->1501K(72704K)] 373571K->302915K(809472K), 0.0017065 secs] [Times: user=0.00 sys=0.00, real=0.01 secs] 
2618.175: [GC (Allocation Failure) [PSYoungGen: 72157K->1472K(72704K)] 373571K->302885K(809472K), 0.0022452 secs] [Times: user=0.01 sys=0.00, real=0.00 secs] 
2618.792: [GC (Allocation Failure) [PSYoungGen: 72128K->1376K(72704K)] 373541K->302789K(809472K), 0.0024703 secs] [Times: user=0.01 sys=0.00, real=0.01 secs] 
2619.420: [GC (Allocation Failure) [PSYoungGen: 72032K->1376K(72704K)] 373445K->302789K(809472K), 0.0026213 secs] [Times: user=0.01 sys=0.00, real=0.00 secs] 
2619.986: [GC (Allocation Failure) [PSYoungGen: 72032K->1408K(72704K)] 373445K->302821K(809472K), 0.0024777 secs] [Times: user=0.01 sys=0.00, real=0.00 secs] 
2620.307: [GC (Allocation Failure) [PSYoungGen: 72064K->1501K(72704K)] 373477K->302939K(809472K), 0.0021490 secs] [Times: user=0.00 sys=0.00, real=0.00 secs] 
2620.452: [GC (Allocation Failure) [PSYoungGen: 72157K->1469K(72704K)] 373595K->302907K(809472K), 0.0015970 secs] [Times: user=0.01 sys=0.00, real=0.01 secs] 
2620.578: [GC (Allocation Failure) [PSYoungGen: 72125K->1469K(72704K)] 373563K->302907K(809472K), 0.0017406 secs] [Times: user=0.00 sys=0.00, real=0.00 secs] 
2620.723: [GC (Allocation Failure) [PSYoungGen: 72125K->1501K(72704K)] 373563K->302939K(809472K), 0.0019023 secs] [Times: user=0.01 sys=0.00, real=0.01 secs] 
2621.586: [GC (Allocation Failure) [PSYoungGen: 72157K->1440K(72704K)] 373595K->302877K(809472K), 0.0021877 secs] [Times: user=0.01 sys=0.00, real=0.00 secs] 
2621.918: [GC (Allocation Failure) [PSYoungGen: 72096K->1376K(72704K)] 373533K->302813K(809472K), 0.0020429 secs] [Times: user=0.01 sys=0.00, real=0.00 secs] 
2622.310: [GC (Allocation Failure) [PSYoungGen: 72032K->1344K(72704K)] 373469K->302781K(809472K), 0.0019293 secs] [Times: user=0.01 sys=0.00, real=0.00 secs] 
2622.633: [GC (Allocation Failure) [PSYoungGen: 72000K->1376K(72704K)] 373437K->302813K(809472K), 0.0020155 secs] [Times: user=0.01 sys=0.00, real=0.01 secs] 
2622.890: [GC (Allocation Failure) [PSYoungGen: 72032K->1469K(72704K)] 373469K->302907K(809472K), 0.0016189 secs] [Times: user=0.00 sys=0.00, real=0.00 secs] 
2623.015: [GC (Allocation Failure) [PSYoungGen: 72125K->1501K(72704K)] 373563K->302939K(809472K), 0.0016413 secs] [Times: user=0.01 sys=0.00, real=0.00 secs] 
2623.142: [GC (Allocation Failure) [PSYoungGen: 72157K->1501K(72704K)] 373595K->302939K(809472K), 0.0016562 secs] [Times: user=0.00 sys=0.00, real=0.00 secs] 
2623.268: [GC (Allocation Failure) [PSYoungGen: 72157K->1469K(72704K)] 373595K->302915K(809472K), 0.0016656 secs] [Times: user=0.01 sys=0.00, real=0.00 secs] 
2624.005: [GC (Allocation Failure) [PSYoungGen: 72125K->1408K(72192K)] 373571K->302853K(808960K), 0.0018098 secs] [Times: user=0.00 sys=0.00, real=0.00 secs] 
2624.597: [GC (Allocation Failure) [PSYoungGen: 72064K->1424K(72192K)] 373509K->302869K(808960K), 0.0025038 secs] [Times: user=0.01 sys=0.00, real=0.00 secs] 
2625.147: [GC (Allocation Failure) [PSYoungGen: 72080K->1344K(72192K)] 373525K->302789K(808960K), 0.0044046 secs] [Times: user=0.01 sys=0.00, real=0.00 secs] 
2625.495: [GC (Allocation Failure) [PSYoungGen: 72000K->1344K(72192K)] 373445K->302789K(808960K), 0.0026655 secs] [Times: user=0.01 sys=0.00, real=0.00 secs] 
2625.725: [GC (Allocation Failure) [PSYoungGen: 72000K->1469K(72192K)] 373445K->302915K(808960K), 0.0016799 secs] [Times: user=0.01 sys=0.00, real=0.00 secs] 
2625.851: [GC (Allocation Failure) [PSYoungGen: 72125K->1501K(72192K)] 373571K->302947K(808960K), 0.0018026 secs] [Times: user=0.01 sys=0.00, real=0.00 secs] 
2625.977: [GC (Allocation Failure) [PSYoungGen: 72157K->1469K(72192K)] 373603K->302915K(808960K), 0.0016672 secs] [Times: user=0.01 sys=0.00, real=0.00 secs] 
2626.483: [GC (Allocation Failure) [PSYoungGen: 72125K->1472K(72192K)] 373571K->302917K(808960K), 0.0021991 secs] [Times: user=0.01 sys=0.00, real=0.01 secs] 
2627.697: [GC (Allocation Failure) [PSYoungGen: 72128K->1392K(72192K)] 373573K->302837K(808960K), 0.0093381 secs] [Times: user=0.04 sys=0.00, real=0.01 secs] 
2628.842: [GC (Allocation Failure) [PSYoungGen: 72048K->1360K(72192K)] 373493K->302805K(808960K), 0.0030072 secs] [Times: user=0.00 sys=0.00, real=0.01 secs] 
2629.412: [GC (Allocation Failure) [PSYoungGen: 72016K->1312K(72192K)] 373461K->302757K(808960K), 0.0034833 secs] [Times: user=0.01 sys=0.00, real=0.01 secs] 
2630.219: [GC (Allocation Failure) [PSYoungGen: 71968K->1469K(72192K)] 373413K->302915K(808960K), 0.0028974 secs] [Times: user=0.01 sys=0.00, real=0.00 secs] 
2630.402: [GC (Allocation Failure) [PSYoungGen: 72125K->1501K(72192K)] 373571K->302947K(808960K), 0.0017401 secs] [Times: user=0.01 sys=0.00, real=0.00 secs] 
2630.547: [GC (Allocation Failure) [PSYoungGen: 72157K->1501K(72704K)] 373603K->302947K(809472K), 0.0018040 secs] [Times: user=0.00 sys=0.00, real=0.00 secs] 
2630.701: [GC (Allocation Failure) [PSYoungGen: 72157K->1469K(72704K)] 373603K->302915K(809472K), 0.0017338 secs] [Times: user=0.01 sys=0.00, real=0.00 secs] 
2631.151: [GC (Allocation Failure) [PSYoungGen: 72125K->1408K(72704K)] 373571K->302853K(809472K), 0.0025634 secs] [Times: user=0.01 sys=0.00, real=0.00 secs] 
2631.485: [GC (Allocation Failure) [PSYoungGen: 72064K->1344K(72704K)] 373509K->302789K(809472K), 0.0020278 secs] [Times: user=0.01 sys=0.00, real=0.00 secs] 
2631.870: [GC (Allocation Failure) [PSYoungGen: 72000K->1392K(72704K)] 373445K->302853K(809472K), 0.0019452 secs] [Times: user=0.01 sys=0.00, real=0.00 secs] 
2632.253: [GC (Allocation Failure) [PSYoungGen: 72048K->1344K(72704K)] 373509K->302805K(809472K), 0.0019532 secs] [Times: user=0.01 sys=0.00, real=0.01 secs] 
2632.545: [GC (Allocation Failure) [PSYoungGen: 72000K->1469K(72704K)] 373461K->302931K(809472K), 0.0016175 secs] [Times: user=0.00 sys=0.00, real=0.00 secs] 
2632.672: [GC (Allocation Failure) [PSYoungGen: 72125K->1469K(72704K)] 373587K->302931K(809472K), 0.0015535 secs] [Times: user=0.01 sys=0.00, real=0.01 secs] 
2632.799: [GC (Allocation Failure) [PSYoungGen: 72125K->1472K(72704K)] 373587K->302934K(809472K), 0.0017338 secs] [Times: user=0.00 sys=0.00, real=0.00 secs] 
2633.026: [GC (Allocation Failure) [PSYoungGen: 72128K->1728K(72704K)] 373590K->303189K(809472K), 0.0018478 secs] [Times: user=0.01 sys=0.00, real=0.00 secs] 
2633.649: [GC (Allocation Failure) [PSYoungGen: 72384K->1344K(72704K)] 373845K->302805K(809472K), 0.0028899 secs] [Times: user=0.01 sys=0.00, real=0.00 secs] 
2634.256: [GC (Allocation Failure) [PSYoungGen: 72000K->1344K(72704K)] 373461K->302805K(809472K), 0.0021793 secs] [Times: user=0.01 sys=0.00, real=0.00 secs] 
2634.585: [GC (Allocation Failure) [PSYoungGen: 72000K->1344K(72704K)] 373461K->302805K(809472K), 0.0020005 secs] [Times: user=0.00 sys=0.00, real=0.00 secs] 
2635.124: [GC (Allocation Failure) [PSYoungGen: 72000K->1501K(72704K)] 373461K->302963K(809472K), 0.0021352 secs] [Times: user=0.01 sys=0.01, real=0.00 secs] 
2635.278: [GC (Allocation Failure) [PSYoungGen: 72157K->1469K(72704K)] 373619K->302931K(809472K), 0.0016410 secs] [Times: user=0.01 sys=0.00, real=0.00 secs] 
2635.404: [GC (Allocation Failure) [PSYoungGen: 72125K->1469K(72704K)] 373587K->302931K(809472K), 0.0015256 secs] [Times: user=0.00 sys=0.00, real=0.00 secs] 
2635.529: [GC (Allocation Failure) [PSYoungGen: 72125K->1501K(72704K)] 373587K->302963K(809472K), 0.0017348 secs] [Times: user=0.01 sys=0.00, real=0.00 secs] 
2635.886: [GC (Allocation Failure) [PSYoungGen: 72157K->1456K(72704K)] 373619K->302917K(809472K), 0.0019944 secs] [Times: user=0.00 sys=0.00, real=0.00 secs] 
2636.444: [GC (Allocation Failure) [PSYoungGen: 72112K->1408K(72704K)] 373573K->302869K(809472K), 0.0021098 secs] [Times: user=0.01 sys=0.01, real=0.00 secs] 
2637.056: [GC (Allocation Failure) [PSYoungGen: 72064K->1376K(72704K)] 373525K->302837K(809472K), 0.0021718 secs] [Times: user=0.01 sys=0.00, real=0.00 secs] 
2637.675: [GC (Allocation Failure) [PSYoungGen: 72032K->1376K(72704K)] 373493K->302837K(809472K), 0.0033256 secs] [Times: user=0.02 sys=0.00, real=0.00 secs] 
2638.185: [GC (Allocation Failure) [PSYoungGen: 72032K->1469K(72704K)] 373493K->302931K(809472K), 0.0025109 secs] [Times: user=0.00 sys=0.00, real=0.00 secs] 
2638.355: [GC (Allocation Failure) [PSYoungGen: 72125K->1501K(72704K)] 373587K->302963K(809472K), 0.0015145 secs] [Times: user=0.01 sys=0.00, real=0.00 secs] 
2638.481: [GC (Allocation Failure) [PSYoungGen: 72157K->1501K(72704K)] 373619K->302963K(809472K), 0.0017734 secs] [Times: user=0.01 sys=0.00, real=0.00 secs] 
2638.624: [GC (Allocation Failure) [PSYoungGen: 72157K->1469K(72704K)] 373619K->302947K(809472K), 0.0019373 secs] [Times: user=0.01 sys=0.00, real=0.00 secs] 
2639.143: [GC (Allocation Failure) [PSYoungGen: 72125K->1408K(72704K)] 373603K->302885K(809472K), 0.0021038 secs] [Times: user=0.01 sys=0.00, real=0.01 secs] 
2639.745: [GC (Allocation Failure) [PSYoungGen: 72064K->1408K(72704K)] 373541K->302885K(809472K), 0.0019708 secs] [Times: user=0.00 sys=0.00, real=0.00 secs] 
2640.338: [GC (Allocation Failure) [PSYoungGen: 72064K->1408K(72704K)] 373541K->302885K(809472K), 0.0019991 secs] [Times: user=0.00 sys=0.00, real=0.00 secs] 
2640.663: [GC (Allocation Failure) [PSYoungGen: 72064K->1408K(72704K)] 373541K->302901K(809472K), 0.0019826 secs] [Times: user=0.01 sys=0.00, real=0.01 secs] 
2640.851: [GC (Allocation Failure) [PSYoungGen: 72064K->1501K(72704K)] 373557K->302995K(809472K), 0.0015056 secs] [Times: user=0.01 sys=0.00, real=0.00 secs] 
2640.977: [GC (Allocation Failure) [PSYoungGen: 72157K->1504K(72704K)] 373651K->302998K(809472K), 0.0016046 secs] [Times: user=0.00 sys=0.00, real=0.00 secs] 
2641.103: [GC (Allocation Failure) [PSYoungGen: 72160K->1485K(72704K)] 373654K->302979K(809472K), 0.0016538 secs] [Times: user=0.01 sys=0.00, real=0.01 secs] 
2641.700: [GC (Allocation Failure) [PSYoungGen: 72141K->1440K(72704K)] 373635K->302933K(809472K), 0.0027114 secs] [Times: user=0.01 sys=0.00, real=0.00 secs] 
2643.058: [GC (Allocation Failure) [PSYoungGen: 72096K->1376K(72704K)] 373589K->302869K(809472K), 0.0040051 secs] [Times: user=0.01 sys=0.00, real=0.00 secs] 
2644.074: [GC (Allocation Failure) [PSYoungGen: 72032K->1344K(72704K)] 373525K->302837K(809472K), 0.0042362 secs] [Times: user=0.02 sys=0.00, real=0.01 secs] 
2645.066: [GC (Allocation Failure) [PSYoungGen: 72000K->1408K(72704K)] 373493K->302901K(809472K), 0.0033110 secs] [Times: user=0.01 sys=0.00, real=0.00 secs] 
2645.759: [GC (Allocation Failure) [PSYoungGen: 72064K->1501K(72704K)] 373557K->302995K(809472K), 0.0027104 secs] [Times: user=0.01 sys=0.00, real=0.00 secs] 
2645.942: [GC (Allocation Failure) [PSYoungGen: 72157K->1501K(72704K)] 373651K->302995K(809472K), 0.0017559 secs] [Times: user=0.01 sys=0.00, real=0.01 secs] 
2646.068: [GC (Allocation Failure) [PSYoungGen: 72157K->1469K(72704K)] 373651K->302963K(809472K), 0.0016467 secs] [Times: user=0.00 sys=0.00, real=0.00 secs] 
2646.194: [GC (Allocation Failure) [PSYoungGen: 72125K->1469K(72704K)] 373619K->302963K(809472K), 0.0017757 secs] [Times: user=0.01 sys=0.00, real=0.01 secs] 
2646.768: [GC (Allocation Failure) [PSYoungGen: 72125K->1408K(72704K)] 373619K->302901K(809472K), 0.0019816 secs] [Times: user=0.01 sys=0.00, real=0.00 secs] 
2647.472: [GC (Allocation Failure) [PSYoungGen: 72064K->1376K(72704K)] 373557K->302869K(809472K), 0.0020729 secs] [Times: user=0.01 sys=0.00, real=0.01 secs] 
2648.288: [GC (Allocation Failure) [PSYoungGen: 72032K->1392K(72704K)] 373525K->302885K(809472K), 0.0021197 secs] [Times: user=0.01 sys=0.00, real=0.00 secs] 
2649.087: [GC (Allocation Failure) [PSYoungGen: 72048K->1376K(72704K)] 373541K->302869K(809472K), 0.0022805 secs] [Times: user=0.01 sys=0.00, real=0.00 secs] 
2649.496: [GC (Allocation Failure) [PSYoungGen: 72032K->1469K(72704K)] 373525K->302963K(809472K), 0.0019402 secs] [Times: user=0.01 sys=0.00, real=0.00 secs] 
2649.632: [GC (Allocation Failure) [PSYoungGen: 72125K->1501K(72704K)] 373619K->302995K(809472K), 0.0017140 secs] [Times: user=0.01 sys=0.00, real=0.01 secs] 
2649.758: [GC (Allocation Failure) [PSYoungGen: 72157K->1501K(72704K)] 373651K->302995K(809472K), 0.0016557 secs] [Times: user=0.01 sys=0.00, real=0.00 secs] 
2649.883: [GC (Allocation Failure) [PSYoungGen: 72157K->1408K(72704K)] 373651K->302910K(809472K), 0.0015256 secs] [Times: user=0.00 sys=0.00, real=0.01 secs] 
2650.308: [GC (Allocation Failure) [PSYoungGen: 72064K->1408K(72704K)] 373566K->302917K(809472K), 0.0019228 secs] [Times: user=0.00 sys=0.00, real=0.00 secs] 
2650.891: [GC (Allocation Failure) [PSYoungGen: 72064K->1408K(72704K)] 373573K->302917K(809472K), 0.0018962 secs] [Times: user=0.01 sys=0.00, real=0.00 secs] 
2651.596: [GC (Allocation Failure) [PSYoungGen: 72064K->1408K(72704K)] 373573K->302933K(809472K), 0.0020122 secs] [Times: user=0.00 sys=0.00, real=0.00 secs] 
2652.695: [GC (Allocation Failure) [PSYoungGen: 72064K->1344K(72704K)] 373589K->302877K(809472K), 0.0023695 secs] [Times: user=0.01 sys=0.00, real=0.00 secs] 
2652.919: [GC (Allocation Failure) [PSYoungGen: 72000K->1469K(72704K)] 373533K->303003K(809472K), 0.0015477 secs] [Times: user=0.01 sys=0.00, real=0.00 secs] 
2653.044: [GC (Allocation Failure) [PSYoungGen: 72125K->1421K(72704K)] 373659K->302955K(809472K), 0.0017337 secs] [Times: user=0.01 sys=0.00, real=0.00 secs] 
2653.170: [GC (Allocation Failure) [PSYoungGen: 72077K->1501K(72704K)] 373611K->303035K(809472K), 0.0016804 secs] [Times: user=0.01 sys=0.00, real=0.00 secs] 
2653.760: [GC (Allocation Failure) [PSYoungGen: 72157K->1488K(72704K)] 373691K->303021K(809472K), 0.0020452 secs] [Times: user=0.00 sys=0.00, real=0.00 secs] 
2654.068: [GC (Allocation Failure) [PSYoungGen: 72144K->1392K(72704K)] 373677K->302925K(809472K), 0.0019610 secs] [Times: user=0.01 sys=0.00, real=0.00 secs] 
2654.362: [GC (Allocation Failure) [PSYoungGen: 72048K->1376K(72704K)] 373581K->302909K(809472K), 0.0019997 secs] [Times: user=0.01 sys=0.00, real=0.01 secs] 
2654.656: [GC (Allocation Failure) [PSYoungGen: 72032K->1408K(72704K)] 373565K->302941K(809472K), 0.0019557 secs] [Times: user=0.01 sys=0.00, real=0.00 secs] 
2654.931: [GC (Allocation Failure) [PSYoungGen: 72064K->1469K(72704K)] 373597K->303027K(809472K), 0.0019775 secs] [Times: user=0.01 sys=0.00, real=0.00 secs] 
2655.092: [GC (Allocation Failure) [PSYoungGen: 72125K->1469K(72704K)] 373683K->303027K(809472K), 0.0018829 secs] [Times: user=0.01 sys=0.00, real=0.01 secs] 
2655.256: [GC (Allocation Failure) [PSYoungGen: 72125K->1501K(72704K)] 373683K->303059K(809472K), 0.0017510 secs] [Times: user=0.00 sys=0.00, real=0.00 secs] 
2655.383: [GC (Allocation Failure) [PSYoungGen: 72157K->1469K(72704K)] 373715K->303027K(809472K), 0.0016698 secs] [Times: user=0.00 sys=0.00, real=0.01 secs] 
2655.803: [GC (Allocation Failure) [PSYoungGen: 72125K->1424K(72704K)] 373683K->302981K(809472K), 0.0025977 secs] [Times: user=0.01 sys=0.00, real=0.01 secs] 
2656.330: [GC (Allocation Failure) [PSYoungGen: 72080K->1328K(72704K)] 373637K->302885K(809472K), 0.0023403 secs] [Times: user=0.01 sys=0.00, real=0.00 secs] 
2656.895: [GC (Allocation Failure) [PSYoungGen: 71984K->1344K(72704K)] 373541K->302901K(809472K), 0.0022165 secs] [Times: user=0.01 sys=0.00, real=0.00 secs] 
2657.475: [GC (Allocation Failure) [PSYoungGen: 72000K->1344K(72704K)] 373557K->302901K(809472K), 0.0021828 secs] [Times: user=0.01 sys=0.00, real=0.00 secs] 
2657.770: [GC (Allocation Failure) [PSYoungGen: 72000K->1469K(72704K)] 373557K->303027K(809472K), 0.0016348 secs] [Times: user=0.01 sys=0.00, real=0.00 secs] 
2657.896: [GC (Allocation Failure) [PSYoungGen: 72108K->1469K(72704K)] 373665K->303027K(809472K), 0.0016534 secs] [Times: user=0.01 sys=0.00, real=0.00 secs] 
2658.045: [GC (Allocation Failure) [PSYoungGen: 72125K->1469K(72704K)] 373683K->303027K(809472K), 0.0019710 secs] [Times: user=0.01 sys=0.00, real=0.00 secs] 
2658.360: [GC (Allocation Failure) [PSYoungGen: 71724K->1984K(72704K)] 373282K->303565K(809472K), 0.0019821 secs] [Times: user=0.00 sys=0.00, real=0.00 secs] 
2659.799: [GC (Allocation Failure) [PSYoungGen: 72640K->1408K(72704K)] 374221K->302989K(809472K), 0.0042770 secs] [Times: user=0.02 sys=0.00, real=0.00 secs] 
2660.938: [GC (Allocation Failure) [PSYoungGen: 72064K->1376K(72704K)] 373645K->302957K(809472K), 0.0027404 secs] [Times: user=0.01 sys=0.00, real=0.00 secs] 
2662.142: [GC (Allocation Failure) [PSYoungGen: 72032K->1344K(72704K)] 373613K->302933K(809472K), 0.0035545 secs] [Times: user=0.02 sys=0.00, real=0.01 secs] 
2662.767: [GC (Allocation Failure) [PSYoungGen: 72000K->1437K(72704K)] 373589K->303027K(809472K), 0.0029970 secs] [Times: user=0.01 sys=0.00, real=0.00 secs] 
2662.994: [GC (Allocation Failure) [PSYoungGen: 72093K->1501K(72704K)] 373683K->303091K(809472K), 0.0018329 secs] [Times: user=0.01 sys=0.00, real=0.00 secs] 
2663.125: [GC (Allocation Failure) [PSYoungGen: 72143K->1501K(72704K)] 373733K->303091K(809472K), 0.0017080 secs] [Times: user=0.01 sys=0.00, real=0.00 secs] 
2663.271: [GC (Allocation Failure) [PSYoungGen: 72157K->1469K(72704K)] 373747K->303059K(809472K), 0.0018330 secs] [Times: user=0.00 sys=0.00, real=0.00 secs] 
2664.884: [GC (Allocation Failure) [PSYoungGen: 72125K->1408K(72704K)] 373715K->302997K(809472K), 0.0041088 secs] [Times: user=0.02 sys=0.00, real=0.00 secs] 
2666.239: [GC (Allocation Failure) [PSYoungGen: 72064K->1360K(72704K)] 373653K->302949K(809472K), 0.0026367 secs] [Times: user=0.01 sys=0.00, real=0.00 secs] 
2666.796: [GC (Allocation Failure) [PSYoungGen: 72016K->1376K(72704K)] 373605K->302965K(809472K), 0.0026303 secs] [Times: user=0.01 sys=0.00, real=0.00 secs] 
2667.353: [GC (Allocation Failure) [PSYoungGen: 72032K->1360K(72704K)] 373621K->302949K(809472K), 0.0027280 secs] [Times: user=0.01 sys=0.00, real=0.01 secs] 
2667.801: [GC (Allocation Failure) [PSYoungGen: 72016K->1437K(72704K)] 373605K->303027K(809472K), 0.0019374 secs] [Times: user=0.01 sys=0.00, real=0.00 secs] 
2667.948: [GC (Allocation Failure) [PSYoungGen: 72093K->1501K(72704K)] 373683K->303091K(809472K), 0.0017551 secs] [Times: user=0.00 sys=0.00, real=0.00 secs] 
2668.093: [GC (Allocation Failure) [PSYoungGen: 72157K->1501K(72704K)] 373747K->303091K(809472K), 0.0017556 secs] [Times: user=0.01 sys=0.01, real=0.01 secs] 
2668.250: [GC (Allocation Failure) [PSYoungGen: 72157K->1469K(72704K)] 373747K->303075K(809472K), 0.0018383 secs] [Times: user=0.01 sys=0.00, real=0.00 secs] 
2668.645: [GC (Allocation Failure) [PSYoungGen: 72125K->1424K(72704K)] 373731K->303029K(809472K), 0.0020295 secs] [Times: user=0.01 sys=0.00, real=0.00 secs] 
2669.032: [GC (Allocation Failure) [PSYoungGen: 72080K->1376K(72704K)] 373685K->302981K(809472K), 0.0019005 secs] [Times: user=0.01 sys=0.00, real=0.01 secs] 
2669.585: [GC (Allocation Failure) [PSYoungGen: 72032K->1376K(72704K)] 373637K->302981K(809472K), 0.0018322 secs] [Times: user=0.00 sys=0.00, real=0.00 secs] 
2670.170: [GC (Allocation Failure) [PSYoungGen: 72032K->1376K(72704K)] 373637K->302981K(809472K), 0.0029257 secs] [Times: user=0.01 sys=0.00, real=0.00 secs] 
2670.636: [GC (Allocation Failure) [PSYoungGen: 72032K->1469K(72704K)] 373637K->303075K(809472K), 0.0020729 secs] [Times: user=0.01 sys=0.00, real=0.00 secs] 
2670.778: [GC (Allocation Failure) [PSYoungGen: 72125K->1504K(72704K)] 373731K->303110K(809472K), 0.0016617 secs] [Times: user=0.00 sys=0.00, real=0.00 secs] 
2670.904: [GC (Allocation Failure) [PSYoungGen: 72160K->1485K(72704K)] 373766K->303091K(809472K), 0.0017504 secs] [Times: user=0.01 sys=0.00, real=0.00 secs] 
2671.456: [GC (Allocation Failure) [PSYoungGen: 72141K->1472K(72704K)] 373747K->303093K(809472K), 0.0029907 secs] [Times: user=0.01 sys=0.00, real=0.00 secs] 
2672.243: [GC (Allocation Failure) [PSYoungGen: 72128K->1376K(72704K)] 373749K->302997K(809472K), 0.0026157 secs] [Times: user=0.01 sys=0.00, real=0.01 secs] 
2672.602: [GC (Allocation Failure) [PSYoungGen: 72032K->1344K(72704K)] 373653K->302965K(809472K), 0.0020735 secs] [Times: user=0.01 sys=0.00, real=0.01 secs] 
2672.895: [GC (Allocation Failure) [PSYoungGen: 72000K->1408K(72704K)] 373621K->303029K(809472K), 0.0018236 secs] [Times: user=0.01 sys=0.00, real=0.00 secs] 
2673.177: [GC (Allocation Failure) [PSYoungGen: 72064K->1501K(72704K)] 373685K->303123K(809472K), 0.0015005 secs] [Times: user=0.01 sys=0.00, real=0.00 secs] 
2673.322: [GC (Allocation Failure) [PSYoungGen: 72157K->1469K(72704K)] 373779K->303091K(809472K), 0.0018174 secs] [Times: user=0.01 sys=0.00, real=0.01 secs] 
2673.479: [GC (Allocation Failure) [PSYoungGen: 72125K->1469K(72704K)] 373747K->303091K(809472K), 0.0017892 secs] [Times: user=0.01 sys=0.00, real=0.00 secs] 
2673.603: [GC (Allocation Failure) [PSYoungGen: 72125K->1501K(72704K)] 373747K->303123K(809472K), 0.0017110 secs] [Times: user=0.01 sys=0.00, real=0.01 secs] 
2674.396: [GC (Allocation Failure) [PSYoungGen: 72157K->1424K(72704K)] 373779K->303045K(809472K), 0.0031439 secs] [Times: user=0.02 sys=0.00, real=0.00 secs] 
2675.701: [GC (Allocation Failure) [PSYoungGen: 72080K->1376K(72704K)] 373701K->302997K(809472K), 0.0033350 secs] [Times: user=0.01 sys=0.00, real=0.01 secs] 
2676.694: [GC (Allocation Failure) [PSYoungGen: 72032K->1344K(72704K)] 373653K->302965K(809472K), 0.0034499 secs] [Times: user=0.01 sys=0.00, real=0.00 secs] 
2677.460: [GC (Allocation Failure) [PSYoungGen: 72000K->1376K(72704K)] 373621K->302997K(809472K), 0.0026974 secs] [Times: user=0.01 sys=0.00, real=0.00 secs] 
2677.836: [GC (Allocation Failure) [PSYoungGen: 72032K->1469K(72704K)] 373653K->303091K(809472K), 0.0019067 secs] [Times: user=0.01 sys=0.00, real=0.00 secs] 
2677.966: [GC (Allocation Failure) [PSYoungGen: 72125K->1421K(72704K)] 373747K->303043K(809472K), 0.0016542 secs] [Times: user=0.01 sys=0.00, real=0.00 secs] 
2678.093: [GC (Allocation Failure) [PSYoungGen: 72077K->1469K(72704K)] 373699K->303091K(809472K), 0.0015236 secs] [Times: user=0.00 sys=0.00, real=0.01 secs] 
2678.219: [GC (Allocation Failure) [PSYoungGen: 72125K->1453K(72704K)] 373747K->303083K(809472K), 0.0017437 secs] [Times: user=0.01 sys=0.00, real=0.00 secs] 
2679.610: [GC (Allocation Failure) [PSYoungGen: 72109K->1376K(72704K)] 373739K->303005K(809472K), 0.0035926 secs] [Times: user=0.01 sys=0.00, real=0.00 secs] 
2680.486: [GC (Allocation Failure) [PSYoungGen: 72032K->1376K(72704K)] 373661K->303005K(809472K), 0.0025326 secs] [Times: user=0.01 sys=0.00, real=0.00 secs] 
2681.371: [GC (Allocation Failure) [PSYoungGen: 72032K->1376K(72704K)] 373661K->303005K(809472K), 0.0034293 secs] [Times: user=0.02 sys=0.00, real=0.01 secs] 
2682.017: [GC (Allocation Failure) [PSYoungGen: 72032K->1360K(72704K)] 373661K->302989K(809472K), 0.0030069 secs] [Times: user=0.01 sys=0.00, real=0.00 secs] 
2682.254: [GC (Allocation Failure) [PSYoungGen: 72016K->1469K(72704K)] 373645K->303099K(809472K), 0.0016177 secs] [Times: user=0.01 sys=0.00, real=0.00 secs] 
2682.380: [GC (Allocation Failure) [PSYoungGen: 72125K->1485K(72704K)] 373755K->303115K(809472K), 0.0016395 secs] [Times: user=0.00 sys=0.01, real=0.00 secs] 
2682.505: [GC (Allocation Failure) [PSYoungGen: 72141K->1469K(72704K)] 373771K->303099K(809472K), 0.0015579 secs] [Times: user=0.00 sys=0.00, real=0.00 secs] 
2682.784: [GC (Allocation Failure) [PSYoungGen: 72125K->1408K(72704K)] 373755K->303037K(809472K), 0.0018698 secs] [Times: user=0.01 sys=0.00, real=0.01 secs] 
2683.099: [GC (Allocation Failure) [PSYoungGen: 72064K->1344K(72704K)] 373693K->302981K(809472K), 0.0020430 secs] [Times: user=0.01 sys=0.00, real=0.00 secs] 
2683.682: [GC (Allocation Failure) [PSYoungGen: 72000K->1376K(72704K)] 373637K->303013K(809472K), 0.0018844 secs] [Times: user=0.01 sys=0.01, real=0.01 secs] 
2684.345: [GC (Allocation Failure) [PSYoungGen: 72032K->1376K(72704K)] 373669K->303013K(809472K), 0.0019697 secs] [Times: user=0.00 sys=0.00, real=0.00 secs] 
2685.065: [GC (Allocation Failure) [PSYoungGen: 72032K->1469K(72704K)] 373669K->303107K(809472K), 0.0023798 secs] [Times: user=0.01 sys=0.00, real=0.00 secs] 
2685.219: [GC (Allocation Failure) [PSYoungGen: 72125K->1456K(72704K)] 373763K->303094K(809472K), 0.0017698 secs] [Times: user=0.01 sys=0.00, real=0.00 secs] 
2685.364: [GC (Allocation Failure) [PSYoungGen: 72112K->1469K(72704K)] 373750K->303107K(809472K), 0.0018299 secs] [Times: user=0.01 sys=0.00, real=0.00 secs] 
2685.520: [GC (Allocation Failure) [PSYoungGen: 72121K->1501K(72704K)] 373758K->303139K(809472K), 0.0016419 secs] [Times: user=0.01 sys=0.00, real=0.00 secs] 
2686.324: [GC (Allocation Failure) [PSYoungGen: 72157K->1408K(72704K)] 373795K->303053K(809472K), 0.0042474 secs] [Times: user=0.02 sys=0.00, real=0.00 secs] 
2687.150: [GC (Allocation Failure) [PSYoungGen: 72064K->1344K(72704K)] 373709K->302989K(809472K), 0.0039876 secs] [Times: user=0.02 sys=0.00, real=0.00 secs] 
2687.897: [GC (Allocation Failure) [PSYoungGen: 72000K->1360K(72704K)] 373645K->303005K(809472K), 0.0034622 secs] [Times: user=0.02 sys=0.00, real=0.00 secs] 
2688.547: [GC (Allocation Failure) [PSYoungGen: 72016K->1408K(72704K)] 373661K->303053K(809472K), 0.0027169 secs] [Times: user=0.01 sys=0.00, real=0.00 secs] 
2688.855: [GC (Allocation Failure) [PSYoungGen: 72064K->1469K(72704K)] 373709K->303115K(809472K), 0.0016174 secs] [Times: user=0.00 sys=0.00, real=0.00 secs] 
2688.981: [GC (Allocation Failure) [PSYoungGen: 72125K->1501K(72704K)] 373771K->303147K(809472K), 0.0016274 secs] [Times: user=0.01 sys=0.00, real=0.00 secs] 
2689.106: [GC (Allocation Failure) [PSYoungGen: 72157K->1504K(72704K)] 373803K->303150K(809472K), 0.0019459 secs] [Times: user=0.01 sys=0.00, real=0.00 secs] 
2689.274: [GC (Allocation Failure) [PSYoungGen: 72160K->1984K(72704K)] 373806K->303629K(809472K), 0.0017639 secs] [Times: user=0.01 sys=0.00, real=0.00 secs] 
2689.568: [GC (Allocation Failure) [PSYoungGen: 72640K->1344K(72704K)] 374285K->302989K(809472K), 0.0015274 secs] [Times: user=0.00 sys=0.00, real=0.00 secs] 
2689.889: [GC (Allocation Failure) [PSYoungGen: 72000K->1408K(72704K)] 373645K->303053K(809472K), 0.0016845 secs] [Times: user=0.01 sys=0.00, real=0.00 secs] 
2690.182: [GC (Allocation Failure) [PSYoungGen: 72064K->1392K(72704K)] 373709K->303037K(809472K), 0.0016553 secs] [Times: user=0.01 sys=0.00, real=0.01 secs] 
2690.491: [GC (Allocation Failure) [PSYoungGen: 72048K->1437K(72704K)] 373693K->303107K(809472K), 0.0018530 secs] [Times: user=0.00 sys=0.00, real=0.00 secs] 
2690.618: [GC (Allocation Failure) [PSYoungGen: 72093K->1453K(72704K)] 373763K->303123K(809472K), 0.0017030 secs] [Times: user=0.00 sys=0.00, real=0.00 secs] 
2690.744: [GC (Allocation Failure) [PSYoungGen: 72109K->1440K(72704K)] 373779K->303110K(809472K), 0.0015059 secs] [Times: user=0.00 sys=0.00, real=0.00 secs] 
2690.870: [GC (Allocation Failure) [PSYoungGen: 72096K->1501K(72704K)] 373766K->303171K(809472K), 0.0016899 secs] [Times: user=0.01 sys=0.00, real=0.00 secs] 
2691.107: [GC (Allocation Failure) [PSYoungGen: 72157K->1424K(72192K)] 373827K->303093K(808960K), 0.0019395 secs] [Times: user=0.00 sys=0.00, real=0.00 secs] 
2691.401: [GC (Allocation Failure) [PSYoungGen: 72080K->1376K(72192K)] 373749K->303045K(808960K), 0.0020457 secs] [Times: user=0.01 sys=0.00, real=0.00 secs] 
2691.698: [GC (Allocation Failure) [PSYoungGen: 72032K->1328K(72192K)] 373701K->302997K(808960K), 0.0019816 secs] [Times: user=0.00 sys=0.00, real=0.00 secs] 
2691.992: [GC (Allocation Failure) [PSYoungGen: 71984K->1376K(72192K)] 373653K->303045K(808960K), 0.0018174 secs] [Times: user=0.01 sys=0.00, real=0.01 secs] 
2692.262: [GC (Allocation Failure) [PSYoungGen: 72032K->1469K(72192K)] 373701K->303139K(808960K), 0.0016273 secs] [Times: user=0.00 sys=0.00, real=0.00 secs] 
2692.388: [GC (Allocation Failure) [PSYoungGen: 72125K->1485K(72192K)] 373795K->303155K(808960K), 0.0018443 secs] [Times: user=0.01 sys=0.00, real=0.00 secs] 
2692.513: [GC (Allocation Failure) [PSYoungGen: 72141K->1501K(72192K)] 373811K->303171K(808960K), 0.0016117 secs] [Times: user=0.01 sys=0.00, real=0.01 secs] 
2692.638: [GC (Allocation Failure) [PSYoungGen: 72157K->1469K(75776K)] 373827K->303155K(812544K), 0.0016522 secs] [Times: user=0.00 sys=0.00, real=0.00 secs] 
2692.990: [GC (Allocation Failure) [PSYoungGen: 75197K->1408K(74752K)] 376883K->303093K(811520K), 0.0018873 secs] [Times: user=0.00 sys=0.00, real=0.00 secs] 
2693.294: [GC (Allocation Failure) [PSYoungGen: 74624K->1344K(74240K)] 376309K->303029K(811008K), 0.0019074 secs] [Times: user=0.01 sys=0.00, real=0.01 secs] 
2693.687: [GC (Allocation Failure) [PSYoungGen: 74048K->1344K(73728K)] 375733K->303029K(810496K), 0.0018226 secs] [Times: user=0.01 sys=0.00, real=0.00 secs] 
2694.071: [GC (Allocation Failure) [PSYoungGen: 73536K->1501K(73216K)] 375221K->303187K(809984K), 0.0018573 secs] [Times: user=0.01 sys=0.00, real=0.00 secs] 
2694.205: [GC (Allocation Failure) [PSYoungGen: 73181K->1469K(72704K)] 374867K->303155K(809472K), 0.0016346 secs] [Times: user=0.01 sys=0.00, real=0.00 secs] 
2694.331: [GC (Allocation Failure) [PSYoungGen: 72637K->1501K(72192K)] 374323K->303187K(808960K), 0.0017160 secs] [Times: user=0.01 sys=0.00, real=0.00 secs] 
2694.457: [GC (Allocation Failure) [PSYoungGen: 72157K->1469K(75776K)] 373843K->303155K(812544K), 0.0016285 secs] [Times: user=0.01 sys=0.00, real=0.00 secs] 
2694.781: [GC (Allocation Failure) [PSYoungGen: 75709K->1456K(75264K)] 377395K->303149K(812032K), 0.0019930 secs] [Times: user=0.00 sys=0.00, real=0.00 secs] 
2695.088: [GC (Allocation Failure) [PSYoungGen: 75184K->1376K(74752K)] 376877K->303069K(811520K), 0.0019451 secs] [Times: user=0.00 sys=0.00, real=0.00 secs] 
2695.447: [GC (Allocation Failure) [PSYoungGen: 74592K->1376K(74240K)] 376285K->303069K(811008K), 0.0022295 secs] [Times: user=0.01 sys=0.00, real=0.00 secs] 
2695.781: [GC (Allocation Failure) [PSYoungGen: 74080K->1408K(73728K)] 375773K->303101K(810496K), 0.0021212 secs] [Times: user=0.01 sys=0.00, real=0.00 secs] 
2696.015: [GC (Allocation Failure) [PSYoungGen: 73600K->1469K(73216K)] 375293K->303163K(809984K), 0.0016868 secs] [Times: user=0.01 sys=0.00, real=0.00 secs] 
2696.143: [GC (Allocation Failure) [PSYoungGen: 73149K->1469K(72704K)] 374843K->303163K(809472K), 0.0018062 secs] [Times: user=0.00 sys=0.00, real=0.01 secs] 
2696.289: [GC (Allocation Failure) [PSYoungGen: 72637K->1469K(72192K)] 374331K->303163K(808960K), 0.0019868 secs] [Times: user=0.00 sys=0.00, real=0.00 secs] 
2696.444: [GC (Allocation Failure) [PSYoungGen: 72125K->1517K(72704K)] 373819K->303211K(809472K), 0.0016592 secs] [Times: user=0.01 sys=0.00, real=0.00 secs] 
2696.970: [GC (Allocation Failure) [PSYoungGen: 72173K->1424K(72704K)] 373867K->303117K(809472K), 0.0024009 secs] [Times: user=0.01 sys=0.00, real=0.00 secs] 
2697.606: [GC (Allocation Failure) [PSYoungGen: 72080K->1376K(72704K)] 373773K->303069K(809472K), 0.0029251 secs] [Times: user=0.01 sys=0.00, real=0.00 secs] 
2698.232: [GC (Allocation Failure) [PSYoungGen: 72032K->1376K(72704K)] 373725K->303069K(809472K), 0.0034631 secs] [Times: user=0.02 sys=0.00, real=0.01 secs] 
2698.902: [GC (Allocation Failure) [PSYoungGen: 72032K->1360K(72704K)] 373725K->303053K(809472K), 0.0025988 secs] [Times: user=0.02 sys=0.00, real=0.01 secs] 
2699.115: [GC (Allocation Failure) [PSYoungGen: 72016K->1469K(72704K)] 373709K->303163K(809472K), 0.0016883 secs] [Times: user=0.00 sys=0.00, real=0.00 secs] 
2699.239: [GC (Allocation Failure) [PSYoungGen: 72125K->1501K(72704K)] 373819K->303195K(809472K), 0.0032083 secs] [Times: user=0.02 sys=0.00, real=0.00 secs] 
2699.366: [GC (Allocation Failure) [PSYoungGen: 72157K->1501K(72704K)] 373851K->303195K(809472K), 0.0016790 secs] [Times: user=0.00 sys=0.00, real=0.00 secs] 
2699.783: [GC (Allocation Failure) [PSYoungGen: 72157K->1440K(78848K)] 373851K->303157K(815616K), 0.0022577 secs] [Times: user=0.01 sys=0.01, real=0.01 secs] 
2700.717: [GC (Allocation Failure) [PSYoungGen: 78752K->1376K(78336K)] 380469K->303093K(815104K), 0.0044409 secs] [Times: user=0.01 sys=0.00, real=0.00 secs] 
2701.532: [GC (Allocation Failure) [PSYoungGen: 78176K->1376K(77824K)] 379893K->303093K(814592K), 0.0027659 secs] [Times: user=0.01 sys=0.00, real=0.01 secs] 
2702.401: [GC (Allocation Failure) [PSYoungGen: 77664K->1376K(77312K)] 379381K->303093K(814080K), 0.0035400 secs] [Times: user=0.01 sys=0.00, real=0.01 secs] 
2702.884: [GC (Allocation Failure) [PSYoungGen: 77152K->1437K(76800K)] 378869K->303155K(813568K), 0.0020603 secs] [Times: user=0.01 sys=0.00, real=0.01 secs] 
2703.024: [GC (Allocation Failure) [PSYoungGen: 76701K->1485K(76288K)] 378419K->303203K(813056K), 0.0016840 secs] [Times: user=0.00 sys=0.00, real=0.00 secs] 
2703.157: [GC (Allocation Failure) [PSYoungGen: 76237K->1501K(75776K)] 377955K->303219K(812544K), 0.0017349 secs] [Times: user=0.01 sys=0.00, real=0.00 secs] 
2703.461: [GC (Allocation Failure) [PSYoungGen: 75741K->1440K(75264K)] 377459K->303157K(812032K), 0.0019901 secs] [Times: user=0.01 sys=0.00, real=0.00 secs] 
2704.226: [GC (Allocation Failure) [PSYoungGen: 75168K->1344K(74752K)] 376885K->303061K(811520K), 0.0026625 secs] [Times: user=0.01 sys=0.00, real=0.00 secs] 
2704.846: [GC (Allocation Failure) [PSYoungGen: 74560K->1408K(74240K)] 376277K->303125K(811008K), 0.0027754 secs] [Times: user=0.01 sys=0.00, real=0.00 secs] 
2705.648: [GC (Allocation Failure) [PSYoungGen: 74112K->1344K(73728K)] 375829K->303061K(810496K), 0.0028107 secs] [Times: user=0.01 sys=0.00, real=0.00 secs] 
2706.330: [GC (Allocation Failure) [PSYoungGen: 73536K->1501K(73216K)] 375253K->303219K(809984K), 0.0027941 secs] [Times: user=0.01 sys=0.00, real=0.00 secs] 
2706.508: [GC (Allocation Failure) [PSYoungGen: 73181K->1453K(72704K)] 374899K->303171K(809472K), 0.0018593 secs] [Times: user=0.01 sys=0.00, real=0.00 secs] 
2706.634: [GC (Allocation Failure) [PSYoungGen: 72621K->1469K(72192K)] 374339K->303187K(808960K), 0.0018469 secs] [Times: user=0.01 sys=0.00, real=0.00 secs] 
2706.759: [GC (Allocation Failure) [PSYoungGen: 72125K->1405K(72704K)] 373843K->303123K(809472K), 0.0017320 secs] [Times: user=0.01 sys=0.00, real=0.00 secs] 
2707.139: [GC (Allocation Failure) [PSYoungGen: 72061K->1440K(72704K)] 373779K->303157K(809472K), 0.0030987 secs] [Times: user=0.01 sys=0.00, real=0.00 secs] 
2707.577: [GC (Allocation Failure) [PSYoungGen: 72096K->1344K(72704K)] 373813K->303061K(809472K), 0.0024724 secs] [Times: user=0.01 sys=0.00, real=0.00 secs] 
2708.037: [GC (Allocation Failure) [PSYoungGen: 72000K->1344K(72704K)] 373717K->303061K(809472K), 0.0023783 secs] [Times: user=0.00 sys=0.00, real=0.00 secs] 
2708.587: [GC (Allocation Failure) [PSYoungGen: 72000K->1408K(72704K)] 373717K->303125K(809472K), 0.0027208 secs] [Times: user=0.01 sys=0.00, real=0.00 secs] 
2708.964: [GC (Allocation Failure) [PSYoungGen: 72064K->1469K(72704K)] 373781K->303187K(809472K), 0.0016716 secs] [Times: user=0.01 sys=0.00, real=0.00 secs] 
2709.089: [GC (Allocation Failure) [PSYoungGen: 72125K->1437K(72704K)] 373843K->303155K(809472K), 0.0016634 secs] [Times: user=0.01 sys=0.00, real=0.00 secs] 
2709.215: [GC (Allocation Failure) [PSYoungGen: 72093K->1469K(72704K)] 373811K->303187K(809472K), 0.0016858 secs] [Times: user=0.01 sys=0.00, real=0.00 secs] 
2709.460: [GC (Allocation Failure) [PSYoungGen: 72125K->1952K(72704K)] 373843K->303669K(809472K), 0.0020190 secs] [Times: user=0.01 sys=0.00, real=0.00 secs] 
2710.178: [GC (Allocation Failure) [PSYoungGen: 72608K->1408K(72704K)] 374325K->303125K(809472K), 0.0020801 secs] [Times: user=0.01 sys=0.00, real=0.00 secs] 
2710.789: [GC (Allocation Failure) [PSYoungGen: 72064K->1344K(72704K)] 373781K->303069K(809472K), 0.0030201 secs] [Times: user=0.01 sys=0.00, real=0.00 secs] 
2711.375: [GC (Allocation Failure) [PSYoungGen: 72000K->1376K(72704K)] 373725K->303101K(809472K), 0.0028765 secs] [Times: user=0.01 sys=0.01, real=0.00 secs] 
2711.982: [GC (Allocation Failure) [PSYoungGen: 72032K->1469K(72704K)] 373757K->303195K(809472K), 0.0024221 secs] [Times: user=0.01 sys=0.00, real=0.01 secs] 
2712.154: [GC (Allocation Failure) [PSYoungGen: 72125K->1485K(72704K)] 373851K->303211K(809472K), 0.0016507 secs] [Times: user=0.00 sys=0.00, real=0.01 secs] 
2712.279: [GC (Allocation Failure) [PSYoungGen: 72141K->1501K(72704K)] 373867K->303227K(809472K), 0.0016741 secs] [Times: user=0.00 sys=0.00, real=0.00 secs] 
2712.405: [GC (Allocation Failure) [PSYoungGen: 72157K->1469K(72704K)] 373883K->303195K(809472K), 0.0016345 secs] [Times: user=0.01 sys=0.00, real=0.00 secs] 
2712.697: [GC (Allocation Failure) [PSYoungGen: 72125K->1456K(72704K)] 373851K->303181K(809472K), 0.0019065 secs] [Times: user=0.01 sys=0.00, real=0.00 secs] 
2713.308: [GC (Allocation Failure) [PSYoungGen: 72112K->1376K(72704K)] 373837K->303101K(809472K), 0.0022988 secs] [Times: user=0.01 sys=0.00, real=0.00 secs] 
2713.966: [GC (Allocation Failure) [PSYoungGen: 72032K->1344K(72704K)] 373757K->303069K(809472K), 0.0024732 secs] [Times: user=0.01 sys=0.00, real=0.00 secs] 
2714.886: [GC (Allocation Failure) [PSYoungGen: 72000K->1376K(72704K)] 373725K->303101K(809472K), 0.0039113 secs] [Times: user=0.02 sys=0.00, real=0.00 secs] 
2715.580: [GC (Allocation Failure) [PSYoungGen: 72032K->1469K(72704K)] 373757K->303195K(809472K), 0.0019733 secs] [Times: user=0.01 sys=0.00, real=0.00 secs] 
2715.765: [GC (Allocation Failure) [PSYoungGen: 72125K->1437K(72704K)] 373851K->303163K(809472K), 0.0022179 secs] [Times: user=0.01 sys=0.00, real=0.00 secs] 
2715.923: [GC (Allocation Failure) [PSYoungGen: 72093K->1469K(72704K)] 373819K->303195K(809472K), 0.0017347 secs] [Times: user=0.00 sys=0.00, real=0.01 secs] 
2716.049: [GC (Allocation Failure) [PSYoungGen: 72125K->1501K(72704K)] 373851K->303235K(809472K), 0.0016601 secs] [Times: user=0.00 sys=0.00, real=0.00 secs] 
2716.429: [GC (Allocation Failure) [PSYoungGen: 72157K->1424K(72704K)] 373891K->303157K(809472K), 0.0021839 secs] [Times: user=0.01 sys=0.00, real=0.00 secs] 
2716.722: [GC (Allocation Failure) [PSYoungGen: 72080K->1360K(72704K)] 373813K->303093K(809472K), 0.0019658 secs] [Times: user=0.01 sys=0.00, real=0.01 secs] 
2717.141: [GC (Allocation Failure) [PSYoungGen: 72016K->1376K(72704K)] 373749K->303109K(809472K), 0.0019571 secs] [Times: user=0.01 sys=0.00, real=0.00 secs] 
2717.648: [GC (Allocation Failure) [PSYoungGen: 72032K->1344K(72704K)] 373765K->303077K(809472K), 0.0029451 secs] [Times: user=0.01 sys=0.00, real=0.00 secs] 
2717.959: [GC (Allocation Failure) [PSYoungGen: 72000K->1501K(72704K)] 373733K->303235K(809472K), 0.0020070 secs] [Times: user=0.01 sys=0.00, real=0.00 secs] 
2718.128: [GC (Allocation Failure) [PSYoungGen: 72157K->1437K(72704K)] 373891K->303171K(809472K), 0.0021168 secs] [Times: user=0.01 sys=0.00, real=0.00 secs] 
2718.293: [GC (Allocation Failure) [PSYoungGen: 72093K->1469K(72704K)] 373827K->303203K(809472K), 0.0017475 secs] [Times: user=0.01 sys=0.00, real=0.01 secs] 
2718.870: [GC (Allocation Failure) [PSYoungGen: 72125K->1440K(72704K)] 373859K->303173K(809472K), 0.0031232 secs] [Times: user=0.01 sys=0.00, real=0.00 secs] 
2719.513: [GC (Allocation Failure) [PSYoungGen: 72096K->1376K(72704K)] 373829K->303109K(809472K), 0.0026082 secs] [Times: user=0.01 sys=0.00, real=0.01 secs] 
2720.020: [GC (Allocation Failure) [PSYoungGen: 72032K->1312K(72704K)] 373765K->303045K(809472K), 0.0020203 secs] [Times: user=0.01 sys=0.00, real=0.00 secs] 
2720.347: [GC (Allocation Failure) [PSYoungGen: 71968K->1312K(72704K)] 373701K->303053K(809472K), 0.0020095 secs] [Times: user=0.01 sys=0.00, real=0.00 secs] 
2721.096: [GC (Allocation Failure) [PSYoungGen: 71968K->1501K(72704K)] 373709K->303243K(809472K), 0.0022770 secs] [Times: user=0.01 sys=0.00, real=0.00 secs] 
2721.304: [GC (Allocation Failure) [PSYoungGen: 72157K->1469K(72704K)] 373899K->303211K(809472K), 0.0021190 secs] [Times: user=0.01 sys=0.00, real=0.00 secs] 
2721.458: [GC (Allocation Failure) [PSYoungGen: 72125K->1424K(72704K)] 373867K->303166K(809472K), 0.0017135 secs] [Times: user=0.01 sys=0.00, real=0.00 secs] 
2721.584: [GC (Allocation Failure) [PSYoungGen: 72080K->1472K(72704K)] 373822K->303214K(809472K), 0.0017881 secs] [Times: user=0.01 sys=0.00, real=0.01 secs] 
2722.166: [GC (Allocation Failure) [PSYoungGen: 72128K->1424K(72704K)] 373870K->303165K(809472K), 0.0026039 secs] [Times: user=0.01 sys=0.00, real=0.00 secs] 
2722.962: [GC (Allocation Failure) [PSYoungGen: 72080K->1376K(72704K)] 373821K->303117K(809472K), 0.0029672 secs] [Times: user=0.01 sys=0.00, real=0.01 secs] 
2723.771: [GC (Allocation Failure) [PSYoungGen: 72032K->1376K(72704K)] 373773K->303117K(809472K), 0.0042242 secs] [Times: user=0.01 sys=0.00, real=0.01 secs] 
2724.569: [GC (Allocation Failure) [PSYoungGen: 72032K->1376K(72704K)] 373773K->303117K(809472K), 0.0033962 secs] [Times: user=0.01 sys=0.00, real=0.00 secs] 
2725.023: [GC (Allocation Failure) [PSYoungGen: 72032K->1488K(72704K)] 373773K->303230K(809472K), 0.0019413 secs] [Times: user=0.00 sys=0.00, real=0.01 secs] 
2725.170: [GC (Allocation Failure) [PSYoungGen: 72144K->1488K(72704K)] 373886K->303230K(809472K), 0.0015015 secs] [Times: user=0.01 sys=0.00, real=0.00 secs] 
2725.296: [GC (Allocation Failure) [PSYoungGen: 72144K->1469K(72704K)] 373886K->303211K(809472K), 0.0015085 secs] [Times: user=0.01 sys=0.00, real=0.00 secs] 
2725.421: [GC (Allocation Failure) [PSYoungGen: 72125K->336K(72704K)] 373867K->302101K(809472K), 0.0015905 secs] [Times: user=0.00 sys=0.00, real=0.00 secs] 
2726.511: [GC (Allocation Failure) [PSYoungGen: 70992K->1344K(72704K)] 372757K->303109K(809472K), 0.0029081 secs] [Times: user=0.01 sys=0.01, real=0.01 secs] 
2727.220: [GC (Allocation Failure) [PSYoungGen: 72000K->1376K(72704K)] 373765K->303141K(809472K), 0.0024103 secs] [Times: user=0.01 sys=0.00, real=0.00 secs] 
2727.804: [GC (Allocation Failure) [PSYoungGen: 72032K->1360K(72704K)] 373797K->303125K(809472K), 0.0023267 secs] [Times: user=0.01 sys=0.00, real=0.00 secs] 
2728.527: [GC (Allocation Failure) [PSYoungGen: 72016K->1469K(72704K)] 373781K->303235K(809472K), 0.0038177 secs] [Times: user=0.01 sys=0.00, real=0.00 secs] 
2728.760: [GC (Allocation Failure) [PSYoungGen: 72125K->1501K(72704K)] 373891K->303267K(809472K), 0.0019511 secs] [Times: user=0.01 sys=0.00, real=0.00 secs] 
2728.889: [GC (Allocation Failure) [PSYoungGen: 72157K->1501K(72704K)] 373923K->303267K(809472K), 0.0015741 secs] [Times: user=0.01 sys=0.00, real=0.00 secs] 
2729.015: [GC (Allocation Failure) [PSYoungGen: 72157K->1501K(72704K)] 373923K->303267K(809472K), 0.0016143 secs] [Times: user=0.00 sys=0.00, real=0.00 secs] 
2729.383: [GC (Allocation Failure) [PSYoungGen: 72157K->1456K(72704K)] 373923K->303221K(809472K), 0.0025923 secs] [Times: user=0.01 sys=0.00, real=0.01 secs] 
2729.678: [GC (Allocation Failure) [PSYoungGen: 72112K->1376K(72704K)] 373877K->303141K(809472K), 0.0019315 secs] [Times: user=0.01 sys=0.00, real=0.00 secs] 
2729.971: [GC (Allocation Failure) [PSYoungGen: 72032K->1344K(72704K)] 373797K->303109K(809472K), 0.0019369 secs] [Times: user=0.01 sys=0.00, real=0.00 secs] 
2730.392: [GC (Allocation Failure) [PSYoungGen: 72000K->1312K(72704K)] 373765K->303077K(809472K), 0.0029906 secs] [Times: user=0.01 sys=0.00, real=0.01 secs] 
2730.894: [GC (Allocation Failure) [PSYoungGen: 71968K->1501K(72704K)] 373733K->303291K(809472K), 0.0020059 secs] [Times: user=0.00 sys=0.00, real=0.01 secs] 
2731.031: [GC (Allocation Failure) [PSYoungGen: 72157K->1501K(72704K)] 373947K->303291K(809472K), 0.0016841 secs] [Times: user=0.01 sys=0.00, real=0.00 secs] 
2731.158: [GC (Allocation Failure) [PSYoungGen: 72157K->1456K(72704K)] 373947K->303246K(809472K), 0.0015241 secs] [Times: user=0.01 sys=0.00, real=0.00 secs] 
2731.284: [GC (Allocation Failure) [PSYoungGen: 72106K->1501K(72704K)] 373896K->303291K(809472K), 0.0015144 secs] [Times: user=0.00 sys=0.00, real=0.01 secs] 
2731.875: [GC (Allocation Failure) [PSYoungGen: 72157K->1408K(72704K)] 373947K->303197K(809472K), 0.0024598 secs] [Times: user=0.01 sys=0.00, real=0.00 secs] 
2732.585: [GC (Allocation Failure) [PSYoungGen: 72064K->1344K(72704K)] 373853K->303133K(809472K), 0.0022543 secs] [Times: user=0.01 sys=0.00, real=0.00 secs] 
2733.183: [GC (Allocation Failure) [PSYoungGen: 72000K->1360K(72704K)] 373789K->303149K(809472K), 0.0023844 secs] [Times: user=0.01 sys=0.00, real=0.01 secs] 
2733.770: [GC (Allocation Failure) [PSYoungGen: 72016K->1424K(72704K)] 373805K->303213K(809472K), 0.0021226 secs] [Times: user=0.01 sys=0.01, real=0.00 secs] 
2734.118: [GC (Allocation Failure) [PSYoungGen: 72080K->1437K(72704K)] 373869K->303227K(809472K), 0.0029683 secs] [Times: user=0.01 sys=0.00, real=0.00 secs] 
2734.264: [GC (Allocation Failure) [PSYoungGen: 72093K->1501K(72704K)] 373883K->303291K(809472K), 0.0018597 secs] [Times: user=0.01 sys=0.00, real=0.00 secs] 
2734.422: [GC (Allocation Failure) [PSYoungGen: 72157K->1469K(72704K)] 373947K->303259K(809472K), 0.0019431 secs] [Times: user=0.00 sys=0.00, real=0.00 secs] 
2734.634: [GC (Allocation Failure) [PSYoungGen: 72125K->1504K(72704K)] 373915K->303293K(809472K), 0.0018968 secs] [Times: user=0.00 sys=0.00, real=0.00 secs] 
2735.382: [GC (Allocation Failure) [PSYoungGen: 72160K->1344K(72704K)] 373949K->303133K(809472K), 0.0028436 secs] [Times: user=0.01 sys=0.00, real=0.01 secs] 
2736.119: [GC (Allocation Failure) [PSYoungGen: 72000K->1408K(72704K)] 373789K->303197K(809472K), 0.0025103 secs] [Times: user=0.01 sys=0.00, real=0.00 secs] 
2736.756: [GC (Allocation Failure) [PSYoungGen: 72064K->1376K(72704K)] 373853K->303165K(809472K), 0.0020280 secs] [Times: user=0.00 sys=0.00, real=0.00 secs] 
2737.398: [GC (Allocation Failure) [PSYoungGen: 72032K->1501K(72704K)] 373821K->303291K(809472K), 0.0020072 secs] [Times: user=0.00 sys=0.00, real=0.00 secs] 
2737.540: [GC (Allocation Failure) [PSYoungGen: 72157K->1533K(72704K)] 373947K->303323K(809472K), 0.0015197 secs] [Times: user=0.00 sys=0.00, real=0.00 secs] 
2737.664: [GC (Allocation Failure) [PSYoungGen: 72189K->1440K(72704K)] 373979K->303230K(809472K), 0.0015319 secs] [Times: user=0.01 sys=0.00, real=0.00 secs] 
2737.789: [GC (Allocation Failure) [PSYoungGen: 72096K->1440K(72704K)] 373886K->303230K(809472K), 0.0016144 secs] [Times: user=0.01 sys=0.00, real=0.00 secs] 
2738.468: [GC (Allocation Failure) [PSYoungGen: 72096K->1424K(72704K)] 373886K->303213K(809472K), 0.0026859 secs] [Times: user=0.01 sys=0.00, real=0.00 secs] 
2739.350: [GC (Allocation Failure) [PSYoungGen: 72080K->1344K(72704K)] 373869K->303133K(809472K), 0.0027289 secs] [Times: user=0.01 sys=0.00, real=0.00 secs] 
2740.381: [GC (Allocation Failure) [PSYoungGen: 72000K->1344K(72704K)] 373789K->303133K(809472K), 0.0031160 secs] [Times: user=0.01 sys=0.00, real=0.01 secs] 
2741.146: [GC (Allocation Failure) [PSYoungGen: 72000K->1376K(72704K)] 373789K->303165K(809472K), 0.0022851 secs] [Times: user=0.01 sys=0.00, real=0.00 secs] 
2741.899: [GC (Allocation Failure) [PSYoungGen: 72032K->1485K(72704K)] 373821K->303275K(809472K), 0.0070969 secs] [Times: user=0.03 sys=0.00, real=0.01 secs] 
2742.031: [GC (Allocation Failure) [PSYoungGen: 72141K->1469K(72704K)] 373931K->303259K(809472K), 0.0017396 secs] [Times: user=0.01 sys=0.00, real=0.00 secs] 
2742.178: [GC (Allocation Failure) [PSYoungGen: 72125K->1485K(72704K)] 373915K->303275K(809472K), 0.0019205 secs] [Times: user=0.00 sys=0.00, real=0.00 secs] 
2742.342: [GC (Allocation Failure) [PSYoungGen: 72141K->1456K(72704K)] 373931K->303270K(809472K), 0.0026242 secs] [Times: user=0.01 sys=0.00, real=0.01 secs] 
2743.224: [GC (Allocation Failure) [PSYoungGen: 72112K->1376K(72704K)] 373926K->303189K(809472K), 0.0026906 secs] [Times: user=0.01 sys=0.00, real=0.01 secs] 
2743.625: [GC (Allocation Failure) [PSYoungGen: 72032K->1344K(72704K)] 373845K->303157K(809472K), 0.0020523 secs] [Times: user=0.01 sys=0.00, real=0.00 secs] 
2743.919: [GC (Allocation Failure) [PSYoungGen: 72000K->1344K(72704K)] 373813K->303157K(809472K), 0.0019949 secs] [Times: user=0.01 sys=0.00, real=0.00 secs] 
2744.438: [GC (Allocation Failure) [PSYoungGen: 72000K->1408K(72704K)] 373813K->303221K(809472K), 0.0018419 secs] [Times: user=0.01 sys=0.00, real=0.00 secs] 
2744.814: [GC (Allocation Failure) [PSYoungGen: 72064K->1437K(72704K)] 373877K->303251K(809472K), 0.0021060 secs] [Times: user=0.01 sys=0.00, real=0.01 secs] 
2744.950: [GC (Allocation Failure) [PSYoungGen: 72093K->1501K(72704K)] 373907K->303315K(809472K), 0.0017317 secs] [Times: user=0.01 sys=0.00, real=0.00 secs] 
2745.076: [GC (Allocation Failure) [PSYoungGen: 72133K->1485K(72704K)] 373947K->303299K(809472K), 0.0017322 secs] [Times: user=0.01 sys=0.00, real=0.00 secs] 
2745.650: [GC (Allocation Failure) [PSYoungGen: 72141K->1424K(72704K)] 373955K->303237K(809472K), 0.0027277 secs] [Times: user=0.01 sys=0.00, real=0.00 secs] 
2746.281: [GC (Allocation Failure) [PSYoungGen: 72080K->1344K(72704K)] 373893K->303157K(809472K), 0.0027904 secs] [Times: user=0.01 sys=0.00, real=0.01 secs] 
2746.971: [GC (Allocation Failure) [PSYoungGen: 72000K->1344K(72704K)] 373813K->303157K(809472K), 0.0028141 secs] [Times: user=0.01 sys=0.00, real=0.01 secs] 
2747.705: [GC (Allocation Failure) [PSYoungGen: 72000K->1376K(72704K)] 373813K->303189K(809472K), 0.0030786 secs] [Times: user=0.01 sys=0.00, real=0.00 secs] 
2748.324: [GC (Allocation Failure) [PSYoungGen: 72032K->1437K(72704K)] 373845K->303251K(809472K), 0.0024958 secs] [Times: user=0.01 sys=0.00, real=0.00 secs] 
2748.494: [GC (Allocation Failure) [PSYoungGen: 72093K->1501K(72704K)] 373907K->303315K(809472K), 0.0016515 secs] [Times: user=0.00 sys=0.00, real=0.00 secs] 
2748.621: [GC (Allocation Failure) [PSYoungGen: 72157K->1501K(72704K)] 373971K->303315K(809472K), 0.0016385 secs] [Times: user=0.01 sys=0.00, real=0.00 secs] 
2748.747: [GC (Allocation Failure) [PSYoungGen: 72157K->1469K(72704K)] 373971K->303283K(809472K), 0.0016412 secs] [Times: user=0.01 sys=0.00, real=0.00 secs] 
2749.238: [GC (Allocation Failure) [PSYoungGen: 72125K->1392K(72704K)] 373939K->303205K(809472K), 0.0023901 secs] [Times: user=0.01 sys=0.00, real=0.00 secs] 
2749.607: [GC (Allocation Failure) [PSYoungGen: 72048K->1376K(72704K)] 373861K->303189K(809472K), 0.0019316 secs] [Times: user=0.01 sys=0.00, real=0.00 secs] 
2749.902: [GC (Allocation Failure) [PSYoungGen: 72032K->1360K(72704K)] 373845K->303173K(809472K), 0.0020379 secs] [Times: user=0.01 sys=0.00, real=0.00 secs] 
2750.722: [GC (Allocation Failure) [PSYoungGen: 72016K->1344K(72704K)] 373829K->303157K(809472K), 0.0027372 secs] [Times: user=0.01 sys=0.00, real=0.01 secs] 
2751.074: [GC (Allocation Failure) [PSYoungGen: 72000K->1501K(72704K)] 373813K->303339K(809472K), 0.0018758 secs] [Times: user=0.01 sys=0.00, real=0.00 secs] 
2751.206: [GC (Allocation Failure) [PSYoungGen: 72157K->1456K(72704K)] 373995K->303294K(809472K), 0.0016420 secs] [Times: user=0.01 sys=0.00, real=0.00 secs] 
2751.332: [GC (Allocation Failure) [PSYoungGen: 72112K->1437K(72704K)] 373950K->303275K(809472K), 0.0015224 secs] [Times: user=0.00 sys=0.00, real=0.00 secs] 
2751.455: [GC (Allocation Failure) [PSYoungGen: 72093K->1456K(72704K)] 373931K->303293K(809472K), 0.0015666 secs] [Times: user=0.01 sys=0.00, real=0.00 secs] 
2752.466: [GC (Allocation Failure) [PSYoungGen: 72112K->1344K(72704K)] 373949K->303181K(809472K), 0.0024342 secs] [Times: user=0.01 sys=0.00, real=0.00 secs] 
2753.465: [GC (Allocation Failure) [PSYoungGen: 72000K->1344K(72704K)] 373837K->303181K(809472K), 0.0035162 secs] [Times: user=0.01 sys=0.00, real=0.00 secs] 
2754.396: [GC (Allocation Failure) [PSYoungGen: 72000K->1376K(72704K)] 373837K->303213K(809472K), 0.0022161 secs] [Times: user=0.01 sys=0.00, real=0.00 secs] 
2755.233: [GC (Allocation Failure) [PSYoungGen: 72032K->1501K(72704K)] 373869K->303339K(809472K), 0.0025075 secs] [Times: user=0.01 sys=0.00, real=0.01 secs] 
2755.409: [GC (Allocation Failure) [PSYoungGen: 72157K->1437K(72704K)] 373995K->303275K(809472K), 0.0015063 secs] [Times: user=0.00 sys=0.00, real=0.00 secs] 
2755.534: [GC (Allocation Failure) [PSYoungGen: 72093K->1501K(72704K)] 373931K->303339K(809472K), 0.0016585 secs] [Times: user=0.01 sys=0.00, real=0.01 secs] 
2755.659: [GC (Allocation Failure) [PSYoungGen: 72157K->1453K(72704K)] 373995K->303291K(809472K), 0.0016718 secs] [Times: user=0.01 sys=0.00, real=0.00 secs] 
2756.412: [GC (Allocation Failure) [PSYoungGen: 72109K->1424K(72704K)] 373947K->303261K(809472K), 0.0024358 secs] [Times: user=0.00 sys=0.00, real=0.01 secs] 
2757.523: [GC (Allocation Failure) [PSYoungGen: 72080K->1344K(72704K)] 373917K->303181K(809472K), 0.0029559 secs] [Times: user=0.01 sys=0.00, real=0.01 secs] 
2758.446: [GC (Allocation Failure) [PSYoungGen: 72000K->1344K(72704K)] 373837K->303181K(809472K), 0.0027088 secs] [Times: user=0.01 sys=0.00, real=0.00 secs] 
2758.885: [GC (Allocation Failure) [PSYoungGen: 72000K->1408K(72704K)] 373837K->303245K(809472K), 0.0020164 secs] [Times: user=0.00 sys=0.00, real=0.00 secs] 
2759.141: [GC (Allocation Failure) [PSYoungGen: 72064K->1437K(72704K)] 373901K->303275K(809472K), 0.0015334 secs] [Times: user=0.01 sys=0.00, real=0.00 secs] 
2759.268: [GC (Allocation Failure) [PSYoungGen: 72093K->1501K(72704K)] 373931K->303339K(809472K), 0.0016278 secs] [Times: user=0.01 sys=0.00, real=0.00 secs] 
2759.395: [GC (Allocation Failure) [PSYoungGen: 72157K->1469K(72704K)] 373995K->303307K(809472K), 0.0016981 secs] [Times: user=0.01 sys=0.00, real=0.00 secs] 
2759.522: [GC (Allocation Failure) [PSYoungGen: 72125K->1469K(72704K)] 373963K->303315K(809472K), 0.0015600 secs] [Times: user=0.01 sys=0.00, real=0.01 secs] 
2761.369: [GC (Allocation Failure) [PSYoungGen: 72125K->1376K(72704K)] 373971K->303221K(809472K), 0.0036853 secs] [Times: user=0.01 sys=0.01, real=0.00 secs] 
2762.736: [GC (Allocation Failure) [PSYoungGen: 72032K->1376K(72704K)] 373877K->303221K(809472K), 0.0039434 secs] [Times: user=0.01 sys=0.00, real=0.00 secs] 
2763.591: [GC (Allocation Failure) [PSYoungGen: 72032K->1376K(72704K)] 373877K->303221K(809472K), 0.0028367 secs] [Times: user=0.02 sys=0.00, real=0.01 secs] 
2764.059: [GC (Allocation Failure) [PSYoungGen: 72032K->1376K(72704K)] 373877K->303237K(809472K), 0.0020732 secs] [Times: user=0.01 sys=0.00, real=0.00 secs] 
2764.345: [GC (Allocation Failure) [PSYoungGen: 72032K->1424K(72704K)] 373893K->303286K(809472K), 0.0016131 secs] [Times: user=0.01 sys=0.00, real=0.00 secs] 
2764.472: [GC (Allocation Failure) [PSYoungGen: 72080K->1453K(72704K)] 373942K->303315K(809472K), 0.0017054 secs] [Times: user=0.01 sys=0.00, real=0.01 secs] 
2764.598: [GC (Allocation Failure) [PSYoungGen: 72109K->1488K(72704K)] 373971K->303350K(809472K), 0.0016502 secs] [Times: user=0.00 sys=0.00, real=0.00 secs] 
2764.941: [GC (Allocation Failure) [PSYoungGen: 72144K->1488K(72704K)] 374006K->303349K(809472K), 0.0021169 secs] [Times: user=0.01 sys=0.00, real=0.00 secs] 
2765.800: [GC (Allocation Failure) [PSYoungGen: 72144K->1392K(72704K)] 374005K->303253K(809472K), 0.0027070 secs] [Times: user=0.01 sys=0.00, real=0.00 secs] 
2766.499: [GC (Allocation Failure) [PSYoungGen: 72048K->1408K(72704K)] 373909K->303269K(809472K), 0.0025275 secs] [Times: user=0.00 sys=0.00, real=0.00 secs] 
2766.843: [GC (Allocation Failure) [PSYoungGen: 72064K->1344K(72704K)] 373925K->303205K(809472K), 0.0027967 secs] [Times: user=0.01 sys=0.01, real=0.01 secs] 
2767.570: [GC (Allocation Failure) [PSYoungGen: 72000K->1520K(72704K)] 373861K->303382K(809472K), 0.0027534 secs] [Times: user=0.01 sys=0.00, real=0.00 secs] 
2767.747: [GC (Allocation Failure) [PSYoungGen: 72176K->1501K(72704K)] 374038K->303363K(809472K), 0.0017572 secs] [Times: user=0.01 sys=0.00, real=0.00 secs] 
2767.873: [GC (Allocation Failure) [PSYoungGen: 72157K->1469K(72704K)] 374019K->303331K(809472K), 0.0017488 secs] [Times: user=0.01 sys=0.00, real=0.01 secs] 
2767.998: [GC (Allocation Failure) [PSYoungGen: 72122K->1501K(72704K)] 373983K->303363K(809472K), 0.0017304 secs] [Times: user=0.01 sys=0.00, real=0.00 secs] 
2769.049: [GC (Allocation Failure) [PSYoungGen: 72157K->1392K(72704K)] 374019K->303253K(809472K), 0.0028852 secs] [Times: user=0.01 sys=0.00, real=0.00 secs] 
2770.068: [GC (Allocation Failure) [PSYoungGen: 72048K->1376K(72704K)] 373909K->303245K(809472K), 0.0038544 secs] [Times: user=0.02 sys=0.01, real=0.00 secs] 
2770.959: [GC (Allocation Failure) [PSYoungGen: 72032K->1376K(72704K)] 373901K->303245K(809472K), 0.0032044 secs] [Times: user=0.01 sys=0.00, real=0.00 secs] 
2771.838: [GC (Allocation Failure) [PSYoungGen: 72032K->1376K(72704K)] 373901K->303245K(809472K), 0.0040307 secs] [Times: user=0.02 sys=0.00, real=0.00 secs] 
2772.456: [GC (Allocation Failure) [PSYoungGen: 72032K->1437K(72704K)] 373901K->303307K(809472K), 0.0021518 secs] [Times: user=0.01 sys=0.00, real=0.00 secs] 
2772.612: [GC (Allocation Failure) [PSYoungGen: 72093K->1469K(72704K)] 373963K->303339K(809472K), 0.0016782 secs] [Times: user=0.01 sys=0.00, real=0.01 secs] 
2772.738: [GC (Allocation Failure) [PSYoungGen: 72125K->1405K(72704K)] 373995K->303275K(809472K), 0.0015127 secs] [Times: user=0.01 sys=0.00, real=0.00 secs] 
2772.863: [GC (Allocation Failure) [PSYoungGen: 72061K->1485K(72704K)] 373931K->303371K(809472K), 0.0017146 secs] [Times: user=0.01 sys=0.00, real=0.01 secs] 
2773.694: [GC (Allocation Failure) [PSYoungGen: 72141K->1376K(72704K)] 374027K->303269K(809472K), 0.0020496 secs] [Times: user=0.01 sys=0.00, real=0.00 secs] 
2774.610: [GC (Allocation Failure) [PSYoungGen: 72032K->1344K(72704K)] 373925K->303237K(809472K), 0.0024513 secs] [Times: user=0.01 sys=0.01, real=0.00 secs] 
2775.150: [GC (Allocation Failure) [PSYoungGen: 72000K->1376K(72704K)] 373893K->303269K(809472K), 0.0020886 secs] [Times: user=0.01 sys=0.00, real=0.00 secs] 
2776.125: [GC (Allocation Failure) [PSYoungGen: 72032K->1376K(72704K)] 373925K->303269K(809472K), 0.0034210 secs] [Times: user=0.02 sys=0.00, real=0.00 secs] 
2776.388: [GC (Allocation Failure) [PSYoungGen: 72032K->1469K(72704K)] 373925K->303363K(809472K), 0.0019248 secs] [Times: user=0.00 sys=0.00, real=0.00 secs] 
2776.515: [GC (Allocation Failure) [PSYoungGen: 72125K->1501K(72704K)] 374019K->303395K(809472K), 0.0017532 secs] [Times: user=0.00 sys=0.00, real=0.00 secs] 
2776.641: [GC (Allocation Failure) [PSYoungGen: 72127K->1501K(72704K)] 374021K->303395K(809472K), 0.0017385 secs] [Times: user=0.00 sys=0.00, real=0.00 secs] 
2777.144: [GC (Allocation Failure) [PSYoungGen: 72157K->1424K(72704K)] 374051K->303317K(809472K), 0.0026186 secs] [Times: user=0.01 sys=0.00, real=0.00 secs] 
2778.209: [GC (Allocation Failure) [PSYoungGen: 72080K->1376K(72704K)] 373973K->303277K(809472K), 0.0029174 secs] [Times: user=0.02 sys=0.00, real=0.00 secs] 
2779.200: [GC (Allocation Failure) [PSYoungGen: 72032K->1376K(72704K)] 373933K->303277K(809472K), 0.0022965 secs] [Times: user=0.01 sys=0.00, real=0.00 secs] 
2780.007: [GC (Allocation Failure) [PSYoungGen: 72032K->1376K(72704K)] 373933K->303277K(809472K), 0.0032137 secs] [Times: user=0.01 sys=0.00, real=0.00 secs] 
2780.668: [GC (Allocation Failure) [PSYoungGen: 72032K->1437K(72704K)] 373933K->303339K(809472K), 0.0021930 secs] [Times: user=0.01 sys=0.00, real=0.00 secs] 
2780.875: [GC (Allocation Failure) [PSYoungGen: 72093K->1469K(72704K)] 373995K->303371K(809472K), 0.0022719 secs] [Times: user=0.01 sys=0.00, real=0.00 secs] 
2781.062: [GC (Allocation Failure) [PSYoungGen: 72125K->1517K(72704K)] 374027K->303419K(809472K), 0.0022299 secs] [Times: user=0.01 sys=0.00, real=0.01 secs] 
2781.222: [GC (Allocation Failure) [PSYoungGen: 72173K->1485K(72704K)] 374075K->303387K(809472K), 0.0015913 secs] [Times: user=0.01 sys=0.00, real=0.00 secs] 
2781.764: [GC (Allocation Failure) [PSYoungGen: 72141K->1456K(72704K)] 374043K->303357K(809472K), 0.0025456 secs] [Times: user=0.01 sys=0.00, real=0.00 secs] 
2782.055: [GC (Allocation Failure) [PSYoungGen: 72112K->1344K(72704K)] 374013K->303245K(809472K), 0.0027994 secs] [Times: user=0.01 sys=0.00, real=0.00 secs] 
2782.350: [GC (Allocation Failure) [PSYoungGen: 72000K->1344K(72704K)] 373901K->303253K(809472K), 0.0024499 secs] [Times: user=0.01 sys=0.00, real=0.00 secs] 
2782.644: [GC (Allocation Failure) [PSYoungGen: 72000K->1344K(72704K)] 373909K->303253K(809472K), 0.0019360 secs] [Times: user=0.00 sys=0.00, real=0.00 secs] 
2782.859: [GC (Allocation Failure) [PSYoungGen: 72000K->1501K(72704K)] 373909K->303411K(809472K), 0.0016405 secs] [Times: user=0.01 sys=0.00, real=0.00 secs] 
2782.984: [GC (Allocation Failure) [PSYoungGen: 72157K->1501K(72704K)] 374067K->303411K(809472K), 0.0016411 secs] [Times: user=0.00 sys=0.00, real=0.00 secs] 
2783.128: [GC (Allocation Failure) [PSYoungGen: 72157K->1437K(72704K)] 374067K->303347K(809472K), 0.0019938 secs] [Times: user=0.00 sys=0.00, real=0.00 secs] 
2783.322: [GC (Allocation Failure) [PSYoungGen: 72093K->1744K(72704K)] 374003K->303669K(809472K), 0.0017859 secs] [Times: user=0.01 sys=0.00, real=0.00 secs] 
2783.614: [GC (Allocation Failure) [PSYoungGen: 72400K->1408K(72704K)] 374325K->303333K(809472K), 0.0021708 secs] [Times: user=0.01 sys=0.00, real=0.00 secs] 
2783.924: [GC (Allocation Failure) [PSYoungGen: 72064K->1408K(72192K)] 373989K->303333K(808960K), 0.0020778 secs] [Times: user=0.01 sys=0.00, real=0.00 secs] 
2784.218: [GC (Allocation Failure) [PSYoungGen: 72064K->1376K(72192K)] 373989K->303301K(808960K), 0.0022976 secs] [Times: user=0.01 sys=0.00, real=0.00 secs] 
2784.528: [GC (Allocation Failure) [PSYoungGen: 72032K->1501K(72192K)] 373957K->303443K(808960K), 0.0021396 secs] [Times: user=0.01 sys=0.00, real=0.00 secs] 
2784.680: [GC (Allocation Failure) [PSYoungGen: 72157K->1469K(72192K)] 374099K->303411K(808960K), 0.0017066 secs] [Times: user=0.01 sys=0.00, real=0.00 secs] 
2784.806: [GC (Allocation Failure) [PSYoungGen: 72125K->1501K(72192K)] 374067K->303443K(808960K), 0.0016098 secs] [Times: user=0.00 sys=0.00, real=0.00 secs] 
2784.931: [GC (Allocation Failure) [PSYoungGen: 72157K->1469K(75264K)] 374099K->303411K(812032K), 0.0016940 secs] [Times: user=0.01 sys=0.00, real=0.00 secs] 
2785.151: [GC (Allocation Failure) [PSYoungGen: 74685K->1424K(74240K)] 376627K->303365K(811008K), 0.0016835 secs] [Times: user=0.01 sys=0.00, real=0.00 secs] 
2785.839: [GC (Allocation Failure) [PSYoungGen: 74128K->1376K(73728K)] 376069K->303317K(810496K), 0.0020507 secs] [Times: user=0.01 sys=0.00, real=0.00 secs] 
2786.738: [GC (Allocation Failure) [PSYoungGen: 73568K->1360K(73216K)] 375509K->303301K(809984K), 0.0035643 secs] [Times: user=0.01 sys=0.00, real=0.00 secs] 
2787.629: [GC (Allocation Failure) [PSYoungGen: 73040K->1344K(72704K)] 374981K->303285K(809472K), 0.0044394 secs] [Times: user=0.02 sys=0.00, real=0.00 secs] 
2788.154: [GC (Allocation Failure) [PSYoungGen: 72512K->1469K(72192K)] 374453K->303411K(808960K), 0.0021098 secs] [Times: user=0.01 sys=0.00, real=0.00 secs] 
2788.304: [GC (Allocation Failure) [PSYoungGen: 72116K->1501K(72192K)] 374058K->303443K(808960K), 0.0017781 secs] [Times: user=0.00 sys=0.00, real=0.00 secs] 
2788.431: [GC (Allocation Failure) [PSYoungGen: 72157K->1456K(72192K)] 374099K->303398K(808960K), 0.0016790 secs] [Times: user=0.01 sys=0.00, real=0.00 secs] 
2788.555: [GC (Allocation Failure) [PSYoungGen: 72112K->1472K(72192K)] 374054K->303422K(808960K), 0.0017669 secs] [Times: user=0.01 sys=0.00, real=0.00 secs] 
2788.846: [GC (Allocation Failure) [PSYoungGen: 72128K->1376K(72192K)] 374078K->303325K(808960K), 0.0015464 secs] [Times: user=0.00 sys=0.00, real=0.00 secs] 
2789.139: [GC (Allocation Failure) [PSYoungGen: 72032K->1376K(72192K)] 373981K->303325K(808960K), 0.0023002 secs] [Times: user=0.01 sys=0.00, real=0.00 secs] 
2789.642: [GC (Allocation Failure) [PSYoungGen: 72032K->1376K(72192K)] 373981K->303325K(808960K), 0.0024125 secs] [Times: user=0.01 sys=0.00, real=0.01 secs] 
2790.211: [GC (Allocation Failure) [PSYoungGen: 72032K->1376K(72192K)] 373981K->303333K(808960K), 0.0027399 secs] [Times: user=0.01 sys=0.00, real=0.00 secs] 
2790.435: [GC (Allocation Failure) [PSYoungGen: 72032K->1469K(72192K)] 373989K->303451K(808960K), 0.0016475 secs] [Times: user=0.00 sys=0.00, real=0.00 secs] 
2790.560: [GC (Allocation Failure) [PSYoungGen: 72125K->1485K(72704K)] 374107K->303467K(809472K), 0.0015814 secs] [Times: user=0.00 sys=0.00, real=0.00 secs] 
2790.687: [GC (Allocation Failure) [PSYoungGen: 72132K->1501K(72704K)] 374114K->303483K(809472K), 0.0015366 secs] [Times: user=0.01 sys=0.01, real=0.00 secs] 
2791.288: [GC (Allocation Failure) [PSYoungGen: 72157K->1424K(72704K)] 374139K->303405K(809472K), 0.0025569 secs] [Times: user=0.00 sys=0.00, real=0.00 secs] 
2792.235: [GC (Allocation Failure) [PSYoungGen: 72080K->1344K(72704K)] 374061K->303325K(809472K), 0.0026273 secs] [Times: user=0.01 sys=0.00, real=0.00 secs] 
2792.929: [GC (Allocation Failure) [PSYoungGen: 72000K->1360K(72704K)] 373981K->303341K(809472K), 0.0023363 secs] [Times: user=0.01 sys=0.00, real=0.00 secs] 
2793.675: [GC (Allocation Failure) [PSYoungGen: 72016K->1344K(72704K)] 373997K->303325K(809472K), 0.0021663 secs] [Times: user=0.01 sys=0.00, real=0.00 secs] 
2794.291: [GC (Allocation Failure) [PSYoungGen: 72000K->1501K(72704K)] 373981K->303483K(809472K), 0.0019889 secs] [Times: user=0.00 sys=0.00, real=0.00 secs] 
2794.435: [GC (Allocation Failure) [PSYoungGen: 72157K->1405K(72704K)] 374139K->303387K(809472K), 0.0017377 secs] [Times: user=0.01 sys=0.00, real=0.00 secs] 
2794.561: [GC (Allocation Failure) [PSYoungGen: 72061K->1469K(72704K)] 374043K->303451K(809472K), 0.0017358 secs] [Times: user=0.00 sys=0.00, real=0.00 secs] 
2794.686: [GC (Allocation Failure) [PSYoungGen: 72125K->1437K(72704K)] 374107K->303419K(809472K), 0.0017181 secs] [Times: user=0.01 sys=0.00, real=0.00 secs] 
2796.023: [GC (Allocation Failure) [PSYoungGen: 72093K->1440K(72704K)] 374075K->303429K(809472K), 0.0032467 secs] [Times: user=0.01 sys=0.00, real=0.01 secs] 
2796.975: [GC (Allocation Failure) [PSYoungGen: 72096K->1344K(72704K)] 374085K->303333K(809472K), 0.0023413 secs] [Times: user=0.01 sys=0.00, real=0.00 secs] 
2798.040: [GC (Allocation Failure) [PSYoungGen: 72000K->1344K(72704K)] 373989K->303333K(809472K), 0.0036650 secs] [Times: user=0.02 sys=0.00, real=0.01 secs] 
2798.939: [GC (Allocation Failure) [PSYoungGen: 72000K->1344K(72704K)] 373989K->303333K(809472K), 0.0029379 secs] [Times: user=0.02 sys=0.00, real=0.00 secs] 
2799.352: [GC (Allocation Failure) [PSYoungGen: 72000K->1469K(72704K)] 373989K->303459K(809472K), 0.0021048 secs] [Times: user=0.01 sys=0.00, real=0.01 secs] 
2799.489: [GC (Allocation Failure) [PSYoungGen: 72125K->1469K(72704K)] 374115K->303459K(809472K), 0.0016478 secs] [Times: user=0.01 sys=0.00, real=0.00 secs] 
2799.632: [GC (Allocation Failure) [PSYoungGen: 72125K->1501K(72704K)] 374115K->303491K(809472K), 0.0019038 secs] [Times: user=0.01 sys=0.00, real=0.01 secs] 
2800.024: [GC (Allocation Failure) [PSYoungGen: 72157K->1680K(72704K)] 374147K->303669K(809472K), 0.0018194 secs] [Times: user=0.00 sys=0.00, real=0.00 secs] 
2800.886: [GC (Allocation Failure) [PSYoungGen: 72336K->1312K(72704K)] 374325K->303301K(809472K), 0.0027057 secs] [Times: user=0.01 sys=0.00, real=0.00 secs] 
2801.926: [GC (Allocation Failure) [PSYoungGen: 71968K->1344K(72704K)] 373957K->303333K(809472K), 0.0026248 secs] [Times: user=0.01 sys=0.00, real=0.00 secs] 
2802.886: [GC (Allocation Failure) [PSYoungGen: 72000K->1344K(72704K)] 373989K->303333K(809472K), 0.0032417 secs] [Times: user=0.01 sys=0.00, real=0.00 secs] 
2803.969: [GC (Allocation Failure) [PSYoungGen: 72000K->1437K(72704K)] 373989K->303427K(809472K), 0.0038584 secs] [Times: user=0.01 sys=0.00, real=0.00 secs] 
2804.228: [GC (Allocation Failure) [PSYoungGen: 72093K->1437K(72704K)] 374083K->303427K(809472K), 0.0021929 secs] [Times: user=0.01 sys=0.00, real=0.00 secs] 
2804.408: [GC (Allocation Failure) [PSYoungGen: 72093K->1469K(72704K)] 374083K->303459K(809472K), 0.0018935 secs] [Times: user=0.01 sys=0.00, real=0.00 secs] 
2804.567: [GC (Allocation Failure) [PSYoungGen: 72125K->1501K(72704K)] 374115K->303515K(809472K), 0.0017434 secs] [Times: user=0.00 sys=0.00, real=0.00 secs] 
2804.793: [GC (Allocation Failure) [PSYoungGen: 72157K->1360K(72704K)] 374171K->303381K(809472K), 0.0025115 secs] [Times: user=0.01 sys=0.00, real=0.01 secs] 
2805.088: [GC (Allocation Failure) [PSYoungGen: 72016K->1312K(72704K)] 374037K->303333K(809472K), 0.0020468 secs] [Times: user=0.01 sys=0.00, real=0.00 secs] 
2805.381: [GC (Allocation Failure) [PSYoungGen: 71968K->1344K(72704K)] 373989K->303365K(809472K), 0.0020185 secs] [Times: user=0.01 sys=0.00, real=0.00 secs] 
2805.675: [GC (Allocation Failure) [PSYoungGen: 72000K->1344K(72704K)] 374021K->303365K(809472K), 0.0032755 secs] [Times: user=0.02 sys=0.00, real=0.00 secs] 
2805.938: [GC (Allocation Failure) [PSYoungGen: 72000K->1501K(72704K)] 374021K->303523K(809472K), 0.0020821 secs] [Times: user=0.00 sys=0.00, real=0.00 secs] 
2806.122: [GC (Allocation Failure) [PSYoungGen: 72157K->1437K(72704K)] 374179K->303459K(809472K), 0.0022303 secs] [Times: user=0.00 sys=0.00, real=0.01 secs] 
2806.322: [GC (Allocation Failure) [PSYoungGen: 72093K->1437K(72704K)] 374115K->303459K(809472K), 0.0022467 secs] [Times: user=0.01 sys=0.00, real=0.01 secs] 
2806.500: [GC (Allocation Failure) [PSYoungGen: 72093K->1472K(72704K)] 374115K->303502K(809472K), 0.0017046 secs] [Times: user=0.00 sys=0.00, real=0.00 secs] 
2807.071: [GC (Allocation Failure) [PSYoungGen: 72128K->1392K(72704K)] 374158K->303421K(809472K), 0.0018677 secs] [Times: user=0.00 sys=0.00, real=0.00 secs] 
2807.666: [GC (Allocation Failure) [PSYoungGen: 72048K->1360K(72704K)] 374077K->303389K(809472K), 0.0018346 secs] [Times: user=0.01 sys=0.00, real=0.00 secs] 
2808.323: [GC (Allocation Failure) [PSYoungGen: 72016K->1392K(72704K)] 374045K->303421K(809472K), 0.0022124 secs] [Times: user=0.00 sys=0.00, real=0.01 secs] 
2808.846: [GC (Allocation Failure) [PSYoungGen: 72048K->1376K(72704K)] 374077K->303421K(809472K), 0.0020872 secs] [Times: user=0.00 sys=0.00, real=0.00 secs] 
2809.130: [GC (Allocation Failure) [PSYoungGen: 72032K->1437K(72704K)] 374077K->303483K(809472K), 0.0016076 secs] [Times: user=0.01 sys=0.00, real=0.00 secs] 
2809.275: [GC (Allocation Failure) [PSYoungGen: 72093K->1501K(72704K)] 374139K->303547K(809472K), 0.0017499 secs] [Times: user=0.01 sys=0.00, real=0.00 secs] 
2809.441: [GC (Allocation Failure) [PSYoungGen: 72157K->1437K(72704K)] 374203K->303483K(809472K), 0.0021321 secs] [Times: user=0.01 sys=0.00, real=0.00 secs] 
2809.769: [GC (Allocation Failure) [PSYoungGen: 72093K->1440K(72704K)] 374139K->303501K(809472K), 0.0021567 secs] [Times: user=0.01 sys=0.00, real=0.00 secs] 
2810.416: [GC (Allocation Failure) [PSYoungGen: 72096K->1344K(72704K)] 374157K->303405K(809472K), 0.0019999 secs] [Times: user=0.01 sys=0.00, real=0.00 secs] 
2810.816: [GC (Allocation Failure) [PSYoungGen: 72000K->1376K(72704K)] 374061K->303437K(809472K), 0.0020389 secs] [Times: user=0.01 sys=0.00, real=0.00 secs] 
2811.219: [GC (Allocation Failure) [PSYoungGen: 72032K->1344K(72704K)] 374093K->303405K(809472K), 0.0019353 secs] [Times: user=0.01 sys=0.00, real=0.00 secs] 
2811.803: [GC (Allocation Failure) [PSYoungGen: 72000K->1469K(72704K)] 374061K->303531K(809472K), 0.0020323 secs] [Times: user=0.01 sys=0.00, real=0.01 secs] 
2811.949: [GC (Allocation Failure) [PSYoungGen: 72125K->1533K(72704K)] 374187K->303595K(809472K), 0.0016325 secs] [Times: user=0.01 sys=0.00, real=0.00 secs] 
2812.074: [GC (Allocation Failure) [PSYoungGen: 72189K->1501K(72704K)] 374251K->303563K(809472K), 0.0016229 secs] [Times: user=0.00 sys=0.00, real=0.01 secs] 
2812.199: [GC (Allocation Failure) [PSYoungGen: 72157K->1453K(72704K)] 374219K->303515K(809472K), 0.0016452 secs] [Times: user=0.01 sys=0.00, real=0.00 secs] 
2812.753: [GC (Allocation Failure) [PSYoungGen: 72109K->1424K(72704K)] 374171K->303485K(809472K), 0.0017547 secs] [Times: user=0.01 sys=0.00, real=0.01 secs] 
2813.257: [GC (Allocation Failure) [PSYoungGen: 72080K->1344K(72704K)] 374141K->303405K(809472K), 0.0019825 secs] [Times: user=0.01 sys=0.00, real=0.00 secs] 
2813.551: [GC (Allocation Failure) [PSYoungGen: 72000K->1376K(72704K)] 374061K->303437K(809472K), 0.0020005 secs] [Times: user=0.01 sys=0.00, real=0.00 secs] 
2814.034: [GC (Allocation Failure) [PSYoungGen: 72032K->1408K(72704K)] 374093K->303469K(809472K), 0.0020116 secs] [Times: user=0.01 sys=0.00, real=0.00 secs] 
2814.411: [GC (Allocation Failure) [PSYoungGen: 72064K->1469K(72704K)] 374125K->303531K(809472K), 0.0020622 secs] [Times: user=0.01 sys=0.00, real=0.00 secs] 
2814.550: [GC (Allocation Failure) [PSYoungGen: 72125K->1437K(72704K)] 374187K->303499K(809472K), 0.0016316 secs] [Times: user=0.01 sys=0.00, real=0.00 secs] 
2814.675: [GC (Allocation Failure) [PSYoungGen: 72093K->1440K(72704K)] 374155K->303502K(809472K), 0.0016050 secs] [Times: user=0.01 sys=0.00, real=0.00 secs] 
2814.820: [GC (Allocation Failure) [PSYoungGen: 72096K->1501K(72704K)] 374158K->303579K(809472K), 0.0018436 secs] [Times: user=0.00 sys=0.00, real=0.00 secs] 
2815.679: [GC (Allocation Failure) [PSYoungGen: 72157K->1408K(72704K)] 374235K->303485K(809472K), 0.0026160 secs] [Times: user=0.01 sys=0.00, real=0.00 secs] 
2816.571: [GC (Allocation Failure) [PSYoungGen: 72064K->1376K(72704K)] 374141K->303453K(809472K), 0.0026220 secs] [Times: user=0.01 sys=0.00, real=0.00 secs] 
2817.462: [GC (Allocation Failure) [PSYoungGen: 72032K->1376K(72704K)] 374109K->303453K(809472K), 0.0028769 secs] [Times: user=0.01 sys=0.00, real=0.01 secs] 
2818.386: [GC (Allocation Failure) [PSYoungGen: 72032K->1376K(72704K)] 374109K->303453K(809472K), 0.0034158 secs] [Times: user=0.01 sys=0.00, real=0.00 secs] 
2818.740: [GC (Allocation Failure) [PSYoungGen: 72032K->1501K(72704K)] 374109K->303579K(809472K), 0.0019285 secs] [Times: user=0.00 sys=0.00, real=0.00 secs] 
2818.869: [GC (Allocation Failure) [PSYoungGen: 72157K->1437K(72704K)] 374235K->303515K(809472K), 0.0017950 secs] [Times: user=0.01 sys=0.00, real=0.00 secs] 
2818.996: [GC (Allocation Failure) [PSYoungGen: 72093K->1501K(72704K)] 374171K->303579K(809472K), 0.0015877 secs] [Times: user=0.00 sys=0.00, real=0.00 secs] 
2820.304: [GC (Allocation Failure) [PSYoungGen: 72157K->1424K(72704K)] 374235K->303501K(809472K), 0.0037950 secs] [Times: user=0.01 sys=0.00, real=0.01 secs] 
2821.625: [GC (Allocation Failure) [PSYoungGen: 72080K->1376K(72704K)] 374157K->303453K(809472K), 0.0034080 secs] [Times: user=0.02 sys=0.00, real=0.00 secs] 
2822.354: [GC (Allocation Failure) [PSYoungGen: 72032K->1344K(72704K)] 374109K->303421K(809472K), 0.0025323 secs] [Times: user=0.01 sys=0.00, real=0.00 secs] 
2822.985: [GC (Allocation Failure) [PSYoungGen: 72000K->1344K(72704K)] 374077K->303421K(809472K), 0.0023822 secs] [Times: user=0.01 sys=0.00, real=0.00 secs] 
2823.481: [GC (Allocation Failure) [PSYoungGen: 72000K->1456K(72704K)] 374077K->303534K(809472K), 0.0018735 secs] [Times: user=0.01 sys=0.00, real=0.00 secs] 
2823.628: [GC (Allocation Failure) [PSYoungGen: 72112K->1469K(72704K)] 374190K->303547K(809472K), 0.0016142 secs] [Times: user=0.01 sys=0.00, real=0.00 secs] 
2823.754: [GC (Allocation Failure) [PSYoungGen: 72125K->1469K(72704K)] 374203K->303571K(809472K), 0.0016195 secs] [Times: user=0.01 sys=0.00, real=0.00 secs] 
2823.878: [GC (Allocation Failure) [PSYoungGen: 72125K->1469K(72704K)] 374227K->303571K(809472K), 0.0016838 secs] [Times: user=0.01 sys=0.00, real=0.00 secs] 
2825.033: [GC (Allocation Failure) [PSYoungGen: 72125K->1408K(72704K)] 374227K->303509K(809472K), 0.0032470 secs] [Times: user=0.01 sys=0.00, real=0.01 secs] 
2825.770: [GC (Allocation Failure) [PSYoungGen: 72064K->1360K(72704K)] 374165K->303461K(809472K), 0.0023387 secs] [Times: user=0.01 sys=0.00, real=0.00 secs] 
2826.061: [GC (Allocation Failure) [PSYoungGen: 72016K->1408K(72704K)] 374117K->303509K(809472K), 0.0019678 secs] [Times: user=0.00 sys=0.00, real=0.00 secs] 
2826.354: [GC (Allocation Failure) [PSYoungGen: 72064K->1376K(72704K)] 374165K->303477K(809472K), 0.0019421 secs] [Times: user=0.01 sys=0.00, real=0.00 secs] 
2826.567: [GC (Allocation Failure) [PSYoungGen: 72032K->1437K(72192K)] 374133K->303539K(808960K), 0.0017291 secs] [Times: user=0.00 sys=0.00, real=0.00 secs] 
2826.693: [GC (Allocation Failure) [PSYoungGen: 72093K->1440K(72192K)] 374195K->303542K(808960K), 0.0017695 secs] [Times: user=0.01 sys=0.00, real=0.01 secs] 
2826.819: [GC (Allocation Failure) [PSYoungGen: 72075K->525K(71680K)] 374177K->303651K(808448K), 0.0015321 secs] [Times: user=0.01 sys=0.00, real=0.00 secs] 
2826.987: [GC (Allocation Failure) [PSYoungGen: 71181K->1712K(72704K)] 374307K->304845K(809472K), 0.0017459 secs] [Times: user=0.01 sys=0.00, real=0.00 secs] 
2827.279: [GC (Allocation Failure) [PSYoungGen: 72368K->1360K(72704K)] 375501K->304493K(809472K), 0.0015615 secs] [Times: user=0.01 sys=0.00, real=0.00 secs] 
2827.572: [GC (Allocation Failure) [PSYoungGen: 72016K->1376K(72704K)] 375149K->304509K(809472K), 0.0015390 secs] [Times: user=0.00 sys=0.00, real=0.00 secs] 
2827.865: [GC (Allocation Failure) [PSYoungGen: 72032K->1376K(72704K)] 375165K->304509K(809472K), 0.0015627 secs] [Times: user=0.01 sys=0.00, real=0.00 secs] 
2828.252: [GC (Allocation Failure) [PSYoungGen: 72032K->1501K(72704K)] 375165K->304635K(809472K), 0.0018282 secs] [Times: user=0.01 sys=0.00, real=0.01 secs] 
2828.416: [GC (Allocation Failure) [PSYoungGen: 72157K->1469K(72704K)] 375291K->304603K(809472K), 0.0018756 secs] [Times: user=0.00 sys=0.00, real=0.00 secs] 
2828.574: [GC (Allocation Failure) [PSYoungGen: 72125K->1469K(72704K)] 375259K->304603K(809472K), 0.0024713 secs] [Times: user=0.01 sys=0.00, real=0.00 secs] 
2828.719: [GC (Allocation Failure) [PSYoungGen: 72125K->1469K(72704K)] 375259K->304603K(809472K), 0.0019280 secs] [Times: user=0.01 sys=0.00, real=0.00 secs] 
2828.961: [GC (Allocation Failure) [PSYoungGen: 72125K->1424K(72704K)] 375259K->304573K(809472K), 0.0022752 secs] [Times: user=0.01 sys=0.00, real=0.00 secs] 
2829.255: [GC (Allocation Failure) [PSYoungGen: 72080K->1376K(72192K)] 375229K->304525K(808960K), 0.0021010 secs] [Times: user=0.01 sys=0.00, real=0.00 secs] 
2829.560: [GC (Allocation Failure) [PSYoungGen: 72032K->1312K(72192K)] 375181K->304461K(808960K), 0.0022327 secs] [Times: user=0.01 sys=0.00, real=0.00 secs] 
2829.940: [GC (Allocation Failure) [PSYoungGen: 71968K->1344K(72192K)] 375117K->304493K(808960K), 0.0020034 secs] [Times: user=0.01 sys=0.01, real=0.00 secs] 
2830.307: [GC (Allocation Failure) [PSYoungGen: 72000K->1469K(72192K)] 375149K->304619K(808960K), 0.0020630 secs] [Times: user=0.01 sys=0.00, real=0.00 secs] 
2830.434: [GC (Allocation Failure) [PSYoungGen: 72125K->1469K(72192K)] 375275K->304619K(808960K), 0.0015649 secs] [Times: user=0.01 sys=0.00, real=0.00 secs] 
2830.559: [GC (Allocation Failure) [PSYoungGen: 72125K->1501K(72192K)] 375275K->304651K(808960K), 0.0016477 secs] [Times: user=0.01 sys=0.00, real=0.00 secs] 
2830.685: [GC (Allocation Failure) [PSYoungGen: 72157K->1469K(75776K)] 375307K->304635K(812544K), 0.0015680 secs] [Times: user=0.00 sys=0.00, real=0.00 secs] 
2832.277: [GC (Allocation Failure) [PSYoungGen: 75709K->1360K(75264K)] 378875K->304525K(812032K), 0.0028650 secs] [Times: user=0.01 sys=0.00, real=0.00 secs] 
2833.035: [GC (Allocation Failure) [PSYoungGen: 75088K->1408K(74752K)] 378253K->304573K(811520K), 0.0101663 secs] [Times: user=0.03 sys=0.00, real=0.01 secs] 
2833.615: [GC (Allocation Failure) [PSYoungGen: 74624K->1344K(74240K)] 377789K->304509K(811008K), 0.0027258 secs] [Times: user=0.00 sys=0.01, real=0.00 secs] 
2834.356: [GC (Allocation Failure) [PSYoungGen: 74048K->1376K(73728K)] 377213K->304541K(810496K), 0.0024274 secs] [Times: user=0.01 sys=0.00, real=0.00 secs] 
2834.623: [GC (Allocation Failure) [PSYoungGen: 73568K->1485K(73216K)] 376733K->304651K(809984K), 0.0015932 secs] [Times: user=0.01 sys=0.00, real=0.01 secs] 
2834.750: [GC (Allocation Failure) [PSYoungGen: 73165K->1469K(72704K)] 376331K->304635K(809472K), 0.0017112 secs] [Times: user=0.01 sys=0.00, real=0.00 secs] 
2834.878: [GC (Allocation Failure) [PSYoungGen: 72637K->1469K(72192K)] 375803K->304635K(808960K), 0.0016252 secs] [Times: user=0.00 sys=0.00, real=0.00 secs] 
2835.274: [GC (Allocation Failure) [PSYoungGen: 72125K->1472K(72704K)] 375291K->304637K(809472K), 0.0019854 secs] [Times: user=0.01 sys=0.00, real=0.00 secs] 
2835.935: [GC (Allocation Failure) [PSYoungGen: 72128K->1360K(72704K)] 375293K->304525K(809472K), 0.0029833 secs] [Times: user=0.01 sys=0.00, real=0.00 secs] 
2836.515: [GC (Allocation Failure) [PSYoungGen: 72016K->1344K(72704K)] 375181K->304509K(809472K), 0.0025725 secs] [Times: user=0.01 sys=0.00, real=0.00 secs] 
2836.985: [GC (Allocation Failure) [PSYoungGen: 72000K->1408K(72704K)] 375165K->304573K(809472K), 0.0021444 secs] [Times: user=0.01 sys=0.00, real=0.00 secs] 
2837.294: [GC (Allocation Failure) [PSYoungGen: 72064K->1469K(72704K)] 375229K->304635K(809472K), 0.0018076 secs] [Times: user=0.00 sys=0.00, real=0.00 secs] 
2837.440: [GC (Allocation Failure) [PSYoungGen: 72125K->1437K(72704K)] 375291K->304603K(809472K), 0.0019433 secs] [Times: user=0.01 sys=0.00, real=0.00 secs] 
2837.603: [GC (Allocation Failure) [PSYoungGen: 72093K->1485K(72704K)] 375259K->304651K(809472K), 0.0017409 secs] [Times: user=0.01 sys=0.00, real=0.01 secs] 
2837.730: [GC (Allocation Failure) [PSYoungGen: 72141K->1456K(72704K)] 375307K->304622K(809472K), 0.0023671 secs] [Times: user=0.01 sys=0.00, real=0.00 secs] 
2838.859: [GC (Allocation Failure) [PSYoungGen: 72112K->1392K(72192K)] 375278K->304557K(808960K), 0.0043220 secs] [Times: user=0.01 sys=0.00, real=0.00 secs] 
2839.407: [GC (Allocation Failure) [PSYoungGen: 72048K->1376K(72192K)] 375213K->304541K(808960K), 0.0030178 secs] [Times: user=0.01 sys=0.00, real=0.00 secs] 
2840.085: [GC (Allocation Failure) [PSYoungGen: 72032K->1344K(72192K)] 375197K->304509K(808960K), 0.0025826 secs] [Times: user=0.01 sys=0.00, real=0.00 secs] 
2840.911: [GC (Allocation Failure) [PSYoungGen: 72000K->1376K(72192K)] 375165K->304541K(808960K), 0.0033162 secs] [Times: user=0.01 sys=0.00, real=0.01 secs] 
2841.240: [GC (Allocation Failure) [PSYoungGen: 72032K->1501K(72192K)] 375197K->304667K(808960K), 0.0018948 secs] [Times: user=0.01 sys=0.00, real=0.00 secs] 
2841.374: [GC (Allocation Failure) [PSYoungGen: 72157K->1501K(72192K)] 375323K->304691K(808960K), 0.0017431 secs] [Times: user=0.01 sys=0.00, real=0.00 secs] 
2841.500: [GC (Allocation Failure) [PSYoungGen: 72146K->1485K(72192K)] 375336K->304675K(808960K), 0.0015396 secs] [Times: user=0.01 sys=0.00, real=0.00 secs] 
2841.730: [GC (Allocation Failure) [PSYoungGen: 72141K->1440K(72192K)] 375331K->304645K(808960K), 0.0020532 secs] [Times: user=0.01 sys=0.00, real=0.00 secs] 
2842.727: [GC (Allocation Failure) [PSYoungGen: 72096K->1376K(72192K)] 375301K->304581K(808960K), 0.0031772 secs] [Times: user=0.01 sys=0.00, real=0.00 secs] 
2843.438: [GC (Allocation Failure) [PSYoungGen: 72032K->1376K(72192K)] 375237K->304581K(808960K), 0.0032893 secs] [Times: user=0.01 sys=0.00, real=0.00 secs] 
2843.936: [GC (Allocation Failure) [PSYoungGen: 72032K->1344K(72192K)] 375237K->304549K(808960K), 0.0021253 secs] [Times: user=0.01 sys=0.00, real=0.00 secs] 
2844.645: [GC (Allocation Failure) [PSYoungGen: 72000K->1469K(72192K)] 375205K->304675K(808960K), 0.0034261 secs] [Times: user=0.01 sys=0.00, real=0.00 secs] 
2844.896: [GC (Allocation Failure) [PSYoungGen: 72125K->1437K(72192K)] 375331K->304643K(808960K), 0.0019490 secs] [Times: user=0.01 sys=0.00, real=0.00 secs] 
2845.031: [GC (Allocation Failure) [PSYoungGen: 72093K->1469K(72704K)] 375299K->304675K(809472K), 0.0017863 secs] [Times: user=0.01 sys=0.00, real=0.00 secs] 
2845.175: [GC (Allocation Failure) [PSYoungGen: 72125K->1501K(72704K)] 375331K->304707K(809472K), 0.0018163 secs] [Times: user=0.01 sys=0.00, real=0.00 secs] 
2847.141: [GC (Allocation Failure) [PSYoungGen: 72157K->1440K(72704K)] 375363K->304645K(809472K), 0.0037020 secs] [Times: user=0.02 sys=0.00, real=0.01 secs] 
2847.734: [GC (Allocation Failure) [PSYoungGen: 72096K->1392K(72704K)] 375301K->304597K(809472K), 0.0027599 secs] [Times: user=0.01 sys=0.00, real=0.01 secs] 
2848.176: [GC (Allocation Failure) [PSYoungGen: 72048K->1344K(72704K)] 375253K->304549K(809472K), 0.0019785 secs] [Times: user=0.01 sys=0.00, real=0.00 secs] 
2848.469: [GC (Allocation Failure) [PSYoungGen: 72000K->1360K(72704K)] 375205K->304565K(809472K), 0.0019102 secs] [Times: user=0.01 sys=0.00, real=0.00 secs] 
2848.745: [GC (Allocation Failure) [PSYoungGen: 72016K->1469K(72704K)] 375221K->304675K(809472K), 0.0014922 secs] [Times: user=0.01 sys=0.00, real=0.00 secs] 
2848.871: [GC (Allocation Failure) [PSYoungGen: 72125K->1469K(72704K)] 375331K->304675K(809472K), 0.0016188 secs] [Times: user=0.00 sys=0.00, real=0.00 secs] 
2848.997: [GC (Allocation Failure) [PSYoungGen: 72125K->1501K(72704K)] 375331K->304707K(809472K), 0.0016426 secs] [Times: user=0.01 sys=0.00, real=0.00 secs] 
2849.123: [GC (Allocation Failure) [PSYoungGen: 72157K->1469K(72704K)] 375363K->304691K(809472K), 0.0016164 secs] [Times: user=0.00 sys=0.00, real=0.01 secs] 
2849.651: [GC (Allocation Failure) [PSYoungGen: 72125K->1440K(72704K)] 375347K->304661K(809472K), 0.0019736 secs] [Times: user=0.01 sys=0.00, real=0.00 secs] 
2850.239: [GC (Allocation Failure) [PSYoungGen: 72096K->1344K(72704K)] 375317K->304565K(809472K), 0.0030740 secs] [Times: user=0.02 sys=0.00, real=0.00 secs] 
2850.760: [GC (Allocation Failure) [PSYoungGen: 72000K->1408K(72704K)] 375221K->304629K(809472K), 0.0025067 secs] [Times: user=0.01 sys=0.00, real=0.00 secs] 
2851.052: [GC (Allocation Failure) [PSYoungGen: 72064K->1376K(72704K)] 375285K->304613K(809472K), 0.0020205 secs] [Times: user=0.00 sys=0.00, real=0.01 secs] 
2851.230: [GC (Allocation Failure) [PSYoungGen: 72032K->1533K(72704K)] 375269K->304771K(809472K), 0.0015862 secs] [Times: user=0.01 sys=0.00, real=0.00 secs] 
2851.374: [GC (Allocation Failure) [PSYoungGen: 72189K->1520K(72704K)] 375427K->304758K(809472K), 0.0104050 secs] [Times: user=0.05 sys=0.00, real=0.01 secs] 
2851.567: [GC (Allocation Failure) [PSYoungGen: 72176K->1437K(72704K)] 375414K->304683K(809472K), 0.0021266 secs] [Times: user=0.01 sys=0.00, real=0.00 secs] 
2852.275: [GC (Allocation Failure) [PSYoungGen: 72093K->1440K(80384K)] 375339K->304685K(817152K), 0.0032777 secs] [Times: user=0.02 sys=0.00, real=0.00 secs] 
2853.708: [GC (Allocation Failure) [PSYoungGen: 80288K->1344K(81408K)] 383533K->304589K(818176K), 0.0029080 secs] [Times: user=0.01 sys=0.00, real=0.00 secs] 
2854.463: [GC (Allocation Failure) [PSYoungGen: 80704K->1376K(88064K)] 383949K->304621K(824832K), 0.0029061 secs] [Times: user=0.01 sys=0.00, real=0.01 secs] 
2855.433: [GC (Allocation Failure) [PSYoungGen: 87904K->1376K(87552K)] 391149K->304621K(824320K), 0.0037978 secs] [Times: user=0.01 sys=0.00, real=0.01 secs] 
2855.823: [GC (Allocation Failure) [PSYoungGen: 87392K->1517K(87040K)] 390637K->304763K(823808K), 0.0022115 secs] [Times: user=0.01 sys=0.00, real=0.01 secs] 
2855.975: [GC (Allocation Failure) [PSYoungGen: 87021K->1533K(86528K)] 390267K->304779K(823296K), 0.0017901 secs] [Times: user=0.01 sys=0.00, real=0.00 secs] 
2856.126: [GC (Allocation Failure) [PSYoungGen: 86525K->1533K(87040K)] 389771K->304779K(823808K), 0.0025766 secs] [Times: user=0.00 sys=0.00, real=0.00 secs] 
2856.944: [GC (Allocation Failure) [PSYoungGen: 86525K->1456K(86016K)] 389771K->304701K(822784K), 0.0034610 secs] [Times: user=0.02 sys=0.01, real=0.00 secs] 
2857.583: [GC (Allocation Failure) [PSYoungGen: 85936K->1408K(85504K)] 389181K->304653K(822272K), 0.0031372 secs] [Times: user=0.01 sys=0.00, real=0.01 secs] 
2858.493: [GC (Allocation Failure) [PSYoungGen: 85376K->1344K(84992K)] 388621K->304589K(821760K), 0.0033806 secs] [Times: user=0.02 sys=0.00, real=0.01 secs] 
2859.244: [GC (Allocation Failure) [PSYoungGen: 84800K->1469K(84480K)] 388045K->304715K(821248K), 0.0023726 secs] [Times: user=0.01 sys=0.00, real=0.00 secs] 
2859.427: [GC (Allocation Failure) [PSYoungGen: 84413K->1501K(83968K)] 387659K->304747K(820736K), 0.0016283 secs] [Times: user=0.00 sys=0.00, real=0.00 secs] 
2859.571: [GC (Allocation Failure) [PSYoungGen: 83933K->1501K(83456K)] 387179K->304747K(820224K), 0.0016804 secs] [Times: user=0.01 sys=0.00, real=0.00 secs] 
2860.172: [GC (Allocation Failure) [PSYoungGen: 83421K->1440K(82944K)] 386667K->304685K(819712K), 0.0022839 secs] [Times: user=0.00 sys=0.00, real=0.01 secs] 
2860.907: [GC (Allocation Failure) [PSYoungGen: 82848K->1344K(82432K)] 386093K->304589K(819200K), 0.0021138 secs] [Times: user=0.01 sys=0.00, real=0.00 secs] 
2861.441: [GC (Allocation Failure) [PSYoungGen: 82240K->1376K(81920K)] 385485K->304629K(818688K), 0.0022655 secs] [Times: user=0.01 sys=0.00, real=0.00 secs] 
2862.361: [GC (Allocation Failure) [PSYoungGen: 81760K->1344K(81408K)] 385013K->304597K(818176K), 0.0028509 secs] [Times: user=0.01 sys=0.00, real=0.01 secs] 
2862.703: [GC (Allocation Failure) [PSYoungGen: 81216K->1405K(80896K)] 384469K->304659K(817664K), 0.0017582 secs] [Times: user=0.01 sys=0.00, real=0.01 secs] 
2862.843: [GC (Allocation Failure) [PSYoungGen: 80765K->1501K(80384K)] 384019K->304771K(817152K), 0.0017691 secs] [Times: user=0.01 sys=0.00, real=0.01 secs] 
2862.982: [GC (Allocation Failure) [PSYoungGen: 80349K->1469K(79872K)] 383619K->304739K(816640K), 0.0016711 secs] [Times: user=0.01 sys=0.00, real=0.00 secs] 
2864.560: [GC (Allocation Failure) [PSYoungGen: 79805K->1360K(79360K)] 383075K->304629K(816128K), 0.0039141 secs] [Times: user=0.01 sys=0.00, real=0.01 secs] 
2865.320: [GC (Allocation Failure) [PSYoungGen: 79184K->1344K(78848K)] 382453K->304613K(815616K), 0.0030336 secs] [Times: user=0.01 sys=0.00, real=0.00 secs] 
2865.920: [GC (Allocation Failure) [PSYoungGen: 78656K->1376K(78336K)] 381925K->304645K(815104K), 0.0028105 secs] [Times: user=0.01 sys=0.00, real=0.00 secs] 
2866.544: [GC (Allocation Failure) [PSYoungGen: 78176K->1408K(77824K)] 381445K->304677K(814592K), 0.0025058 secs] [Times: user=0.01 sys=0.00, real=0.00 secs] 
2866.797: [GC (Allocation Failure) [PSYoungGen: 77696K->1469K(77312K)] 380965K->304739K(814080K), 0.0017123 secs] [Times: user=0.01 sys=0.00, real=0.00 secs] 
2866.931: [GC (Allocation Failure) [PSYoungGen: 77245K->1488K(76800K)] 380515K->304758K(813568K), 0.0018476 secs] [Times: user=0.01 sys=0.00, real=0.00 secs] 
2867.064: [GC (Allocation Failure) [PSYoungGen: 76752K->1469K(76288K)] 380022K->304739K(813056K), 0.0016546 secs] [Times: user=0.01 sys=0.00, real=0.00 secs] 
2867.757: [GC (Allocation Failure) [PSYoungGen: 76221K->1424K(75776K)] 379491K->304693K(812544K), 0.0026018 secs] [Times: user=0.01 sys=0.00, real=0.00 secs] 
2868.636: [GC (Allocation Failure) [PSYoungGen: 75664K->1376K(75264K)] 378933K->304645K(812032K), 0.0040701 secs] [Times: user=0.01 sys=0.00, real=0.00 secs] 
2869.444: [GC (Allocation Failure) [PSYoungGen: 75104K->1376K(74752K)] 378373K->304645K(811520K), 0.0026577 secs] [Times: user=0.01 sys=0.00, real=0.00 secs] 
2870.270: [GC (Allocation Failure) [PSYoungGen: 74592K->1344K(74240K)] 377861K->304613K(811008K), 0.0031782 secs] [Times: user=0.02 sys=0.00, real=0.00 secs] 
2870.716: [GC (Allocation Failure) [PSYoungGen: 74048K->1469K(73728K)] 377317K->304739K(810496K), 0.0022119 secs] [Times: user=0.01 sys=0.00, real=0.00 secs] 
2870.861: [GC (Allocation Failure) [PSYoungGen: 73661K->1440K(73216K)] 376931K->304710K(809984K), 0.0017065 secs] [Times: user=0.01 sys=0.00, real=0.00 secs] 
2870.987: [GC (Allocation Failure) [PSYoungGen: 73120K->1501K(72704K)] 376390K->304771K(809472K), 0.0018254 secs] [Times: user=0.01 sys=0.00, real=0.00 secs] 
2871.240: [GC (Allocation Failure) [PSYoungGen: 72669K->1968K(72704K)] 375939K->305237K(809472K), 0.0018643 secs] [Times: user=0.01 sys=0.00, real=0.00 secs] 
2872.071: [GC (Allocation Failure) [PSYoungGen: 72624K->1376K(72192K)] 375893K->304645K(808960K), 0.0042497 secs] [Times: user=0.01 sys=0.00, real=0.01 secs] 
2872.794: [GC (Allocation Failure) [PSYoungGen: 72032K->1360K(72704K)] 375301K->304645K(809472K), 0.0030518 secs] [Times: user=0.02 sys=0.00, real=0.00 secs] 
2873.518: [GC (Allocation Failure) [PSYoungGen: 72016K->1344K(72704K)] 375301K->304629K(809472K), 0.0032993 secs] [Times: user=0.01 sys=0.00, real=0.00 secs] 
2874.297: [GC (Allocation Failure) [PSYoungGen: 72000K->1501K(72704K)] 375285K->304787K(809472K), 0.0029554 secs] [Times: user=0.01 sys=0.00, real=0.00 secs] 
2874.503: [GC (Allocation Failure) [PSYoungGen: 72157K->1469K(72704K)] 375443K->304755K(809472K), 0.0016238 secs] [Times: user=0.00 sys=0.00, real=0.01 secs] 
2874.627: [GC (Allocation Failure) [PSYoungGen: 72125K->1472K(72704K)] 375411K->304758K(809472K), 0.0015963 secs] [Times: user=0.01 sys=0.00, real=0.00 secs] 
2874.772: [GC (Allocation Failure) [PSYoungGen: 72128K->1501K(72704K)] 375414K->304787K(809472K), 0.0026338 secs] [Times: user=0.01 sys=0.00, real=0.01 secs] 
2875.401: [GC (Allocation Failure) [PSYoungGen: 72157K->1392K(72192K)] 375443K->304685K(808960K), 0.0022099 secs] [Times: user=0.00 sys=0.00, real=0.00 secs] 
2876.109: [GC (Allocation Failure) [PSYoungGen: 72048K->1376K(72192K)] 375341K->304669K(808960K), 0.0039118 secs] [Times: user=0.02 sys=0.00, real=0.00 secs] 
2876.753: [GC (Allocation Failure) [PSYoungGen: 72032K->1376K(72192K)] 375325K->304669K(808960K), 0.0024955 secs] [Times: user=0.01 sys=0.00, real=0.01 secs] 
2877.048: [GC (Allocation Failure) [PSYoungGen: 72032K->1344K(72192K)] 375325K->304637K(808960K), 0.0021235 secs] [Times: user=0.00 sys=0.00, real=0.00 secs] 
2877.334: [GC (Allocation Failure) [PSYoungGen: 72000K->1469K(72192K)] 375293K->304763K(808960K), 0.0017581 secs] [Times: user=0.01 sys=0.00, real=0.00 secs] 
2877.460: [GC (Allocation Failure) [PSYoungGen: 72125K->1517K(72192K)] 375419K->304811K(808960K), 0.0016582 secs] [Times: user=0.01 sys=0.00, real=0.00 secs] 
2877.586: [GC (Allocation Failure) [PSYoungGen: 72173K->1501K(72192K)] 375467K->304795K(808960K), 0.0016571 secs] [Times: user=0.01 sys=0.00, real=0.00 secs] 
2877.711: [GC (Allocation Failure) [PSYoungGen: 72157K->1440K(75776K)] 375451K->304742K(812544K), 0.0016054 secs] [Times: user=0.01 sys=0.00, real=0.00 secs] 
2878.938: [GC (Allocation Failure) [PSYoungGen: 75168K->1344K(74752K)] 378470K->304645K(811520K), 0.0031546 secs] [Times: user=0.01 sys=0.00, real=0.00 secs] 
2879.681: [GC (Allocation Failure) [PSYoungGen: 74560K->1376K(74240K)] 377861K->304677K(811008K), 0.0029060 secs] [Times: user=0.01 sys=0.00, real=0.01 secs] 
2880.624: [GC (Allocation Failure) [PSYoungGen: 74080K->1376K(73728K)] 377381K->304677K(810496K), 0.0030080 secs] [Times: user=0.01 sys=0.00, real=0.00 secs] 
2881.330: [GC (Allocation Failure) [PSYoungGen: 73504K->288K(72192K)] 376806K->303589K(808960K), 0.0033403 secs] [Times: user=0.02 sys=0.00, real=0.00 secs] 
2881.540: [GC (Allocation Failure) [PSYoungGen: 71968K->1469K(72704K)] 375269K->304771K(809472K), 0.0016968 secs] [Times: user=0.01 sys=0.00, real=0.00 secs] 
2881.685: [GC (Allocation Failure) [PSYoungGen: 72637K->1501K(72192K)] 375939K->304803K(808960K), 0.0020612 secs] [Times: user=0.00 sys=0.00, real=0.00 secs] 
2881.851: [GC (Allocation Failure) [PSYoungGen: 72157K->1469K(72192K)] 375459K->304795K(808960K), 0.0017436 secs] [Times: user=0.00 sys=0.00, real=0.00 secs] 
2882.338: [GC (Allocation Failure) [PSYoungGen: 72125K->1392K(72192K)] 375451K->304717K(808960K), 0.0042991 secs] [Times: user=0.01 sys=0.00, real=0.00 secs] 
2883.122: [GC (Allocation Failure) [PSYoungGen: 72048K->1312K(72192K)] 375373K->304637K(808960K), 0.0033645 secs] [Times: user=0.02 sys=0.00, real=0.01 secs] 
2883.941: [GC (Allocation Failure) [PSYoungGen: 71968K->1344K(72192K)] 375293K->304669K(808960K), 0.0040274 secs] [Times: user=0.01 sys=0.00, real=0.01 secs] 
2884.572: [GC (Allocation Failure) [PSYoungGen: 72000K->1376K(72192K)] 375325K->304701K(808960K), 0.0029023 secs] [Times: user=0.01 sys=0.00, real=0.01 secs] 
2884.941: [GC (Allocation Failure) [PSYoungGen: 72032K->1456K(72192K)] 375357K->304782K(808960K), 0.0019034 secs] [Times: user=0.00 sys=0.00, real=0.00 secs] 
2885.081: [GC (Allocation Failure) [PSYoungGen: 72112K->1469K(72704K)] 375438K->304795K(809472K), 0.0016059 secs] [Times: user=0.01 sys=0.00, real=0.00 secs] 
2885.207: [GC (Allocation Failure) [PSYoungGen: 72125K->1472K(72704K)] 375451K->304798K(809472K), 0.0016787 secs] [Times: user=0.01 sys=0.00, real=0.00 secs] 
2885.333: [GC (Allocation Failure) [PSYoungGen: 72128K->1472K(72704K)] 375454K->304798K(809472K), 0.0015197 secs] [Times: user=0.00 sys=0.00, real=0.01 secs] 
2885.906: [GC (Allocation Failure) [PSYoungGen: 72128K->1376K(72704K)] 375454K->304701K(809472K), 0.0024432 secs] [Times: user=0.01 sys=0.00, real=0.00 secs] 
2886.599: [GC (Allocation Failure) [PSYoungGen: 72032K->1360K(72704K)] 375357K->304685K(809472K), 0.0025739 secs] [Times: user=0.01 sys=0.00, real=0.00 secs] 
2886.951: [GC (Allocation Failure) [PSYoungGen: 72016K->1408K(72704K)] 375341K->304733K(809472K), 0.0020731 secs] [Times: user=0.00 sys=0.00, real=0.00 secs] 
2887.244: [GC (Allocation Failure) [PSYoungGen: 72064K->1312K(72704K)] 375389K->304637K(809472K), 0.0019378 secs] [Times: user=0.01 sys=0.00, real=0.00 secs] 
2887.444: [GC (Allocation Failure) [PSYoungGen: 71968K->1437K(72704K)] 375293K->304763K(809472K), 0.0015801 secs] [Times: user=0.01 sys=0.00, real=0.00 secs] 
2887.589: [GC (Allocation Failure) [PSYoungGen: 72093K->1437K(72704K)] 375419K->304763K(809472K), 0.0018238 secs] [Times: user=0.00 sys=0.00, real=0.00 secs] 
2887.749: [GC (Allocation Failure) [PSYoungGen: 72093K->1424K(72704K)] 375419K->304750K(809472K), 0.0017810 secs] [Times: user=0.01 sys=0.00, real=0.00 secs] 
2887.993: [GC (Allocation Failure) [PSYoungGen: 72080K->1984K(72704K)] 375406K->305837K(809472K), 0.0019618 secs] [Times: user=0.01 sys=0.00, real=0.01 secs] 
2888.685: [GC (Allocation Failure) [PSYoungGen: 72640K->1344K(72704K)] 376493K->305197K(809472K), 0.0019864 secs] [Times: user=0.01 sys=0.00, real=0.00 secs] 
2889.397: [GC (Allocation Failure) [PSYoungGen: 72000K->1376K(72704K)] 375853K->305229K(809472K), 0.0036468 secs] [Times: user=0.01 sys=0.00, real=0.00 secs] 
2889.796: [GC (Allocation Failure) [PSYoungGen: 72032K->1408K(72704K)] 375885K->305261K(809472K), 0.0020869 secs] [Times: user=0.01 sys=0.00, real=0.00 secs] 
2890.088: [GC (Allocation Failure) [PSYoungGen: 72064K->1453K(72704K)] 375917K->305323K(809472K), 0.0021514 secs] [Times: user=0.00 sys=0.00, real=0.00 secs] 
2890.227: [GC (Allocation Failure) [PSYoungGen: 72109K->1469K(72704K)] 375979K->305339K(809472K), 0.0016119 secs] [Times: user=0.01 sys=0.00, real=0.00 secs] 
2890.353: [GC (Allocation Failure) [PSYoungGen: 72125K->1469K(72704K)] 375995K->305339K(809472K), 0.0017960 secs] [Times: user=0.00 sys=0.00, real=0.01 secs] 
2890.497: [GC (Allocation Failure) [PSYoungGen: 72125K->1469K(72704K)] 375995K->305339K(809472K), 0.0018757 secs] [Times: user=0.01 sys=0.00, real=0.00 secs] 
2890.901: [GC (Allocation Failure) [PSYoungGen: 72125K->1488K(79360K)] 375995K->305365K(816128K), 0.0048019 secs] [Times: user=0.01 sys=0.01, real=0.01 secs] 
2891.616: [GC (Allocation Failure) [PSYoungGen: 78800K->1376K(78336K)] 382677K->305253K(815104K), 0.0020177 secs] [Times: user=0.01 sys=0.00, real=0.00 secs] 
2892.312: [GC (Allocation Failure) [PSYoungGen: 78176K->1376K(77824K)] 382053K->305253K(814592K), 0.0021486 secs] [Times: user=0.01 sys=0.00, real=0.01 secs] 
2892.982: [GC (Allocation Failure) [PSYoungGen: 77664K->1376K(77312K)] 381541K->305253K(814080K), 0.0024289 secs] [Times: user=0.01 sys=0.00, real=0.01 secs] 
2893.283: [GC (Allocation Failure) [PSYoungGen: 77152K->1472K(76800K)] 381029K->305350K(813568K), 0.0017472 secs] [Times: user=0.01 sys=0.00, real=0.01 secs] 
2893.416: [GC (Allocation Failure) [PSYoungGen: 76736K->1501K(76288K)] 380614K->305379K(813056K), 0.0017682 secs] [Times: user=0.01 sys=0.00, real=0.00 secs] 
2893.549: [GC (Allocation Failure) [PSYoungGen: 76253K->1501K(75776K)] 380131K->305379K(812544K), 0.0016662 secs] [Times: user=0.01 sys=0.00, real=0.00 secs] 
2894.148: [GC (Allocation Failure) [PSYoungGen: 75741K->1392K(75264K)] 379619K->305269K(812032K), 0.0036751 secs] [Times: user=0.01 sys=0.00, real=0.00 secs] 
2895.141: [GC (Allocation Failure) [PSYoungGen: 75120K->1376K(74752K)] 378997K->305253K(811520K), 0.0030654 secs] [Times: user=0.01 sys=0.00, real=0.01 secs] 
2896.015: [GC (Allocation Failure) [PSYoungGen: 74592K->1344K(74240K)] 378469K->305229K(811008K), 0.0034854 secs] [Times: user=0.01 sys=0.00, real=0.00 secs] 
2896.535: [GC (Allocation Failure) [PSYoungGen: 74048K->1376K(73728K)] 377933K->305261K(810496K), 0.0024787 secs] [Times: user=0.01 sys=0.00, real=0.00 secs] 
2897.058: [GC (Allocation Failure) [PSYoungGen: 73568K->1469K(73216K)] 377453K->305355K(809984K), 0.0021328 secs] [Times: user=0.00 sys=0.00, real=0.00 secs] 
2897.200: [GC (Allocation Failure) [PSYoungGen: 73149K->1469K(72704K)] 377035K->305355K(809472K), 0.0016917 secs] [Times: user=0.01 sys=0.00, real=0.00 secs] 
2897.326: [GC (Allocation Failure) [PSYoungGen: 72637K->1469K(72192K)] 376523K->305355K(808960K), 0.0017852 secs] [Times: user=0.01 sys=0.00, real=0.00 secs] 
2897.471: [GC (Allocation Failure) [PSYoungGen: 72125K->1469K(72704K)] 376011K->305355K(809472K), 0.0018433 secs] [Times: user=0.01 sys=0.00, real=0.00 secs] 
2897.942: [GC (Allocation Failure) [PSYoungGen: 72125K->1440K(72704K)] 376011K->305325K(809472K), 0.0020125 secs] [Times: user=0.00 sys=0.00, real=0.01 secs] 
2898.265: [GC (Allocation Failure) [PSYoungGen: 72096K->1344K(72704K)] 375981K->305229K(809472K), 0.0020059 secs] [Times: user=0.00 sys=0.00, real=0.00 secs] 
2898.649: [GC (Allocation Failure) [PSYoungGen: 72000K->1408K(72704K)] 375885K->305293K(809472K), 0.0018153 secs] [Times: user=0.01 sys=0.00, real=0.00 secs] 
2899.174: [GC (Allocation Failure) [PSYoungGen: 72064K->1376K(72704K)] 375949K->305261K(809472K), 0.0019559 secs] [Times: user=0.01 sys=0.00, real=0.01 secs] 
2899.409: [GC (Allocation Failure) [PSYoungGen: 72032K->1437K(72704K)] 375917K->305323K(809472K), 0.0017714 secs] [Times: user=0.00 sys=0.00, real=0.00 secs] 
2899.553: [GC (Allocation Failure) [PSYoungGen: 72093K->1501K(72704K)] 375979K->305387K(809472K), 0.0018865 secs] [Times: user=0.01 sys=0.00, real=0.01 secs] 
2899.722: [GC (Allocation Failure) [PSYoungGen: 72157K->1469K(72704K)] 376043K->305355K(809472K), 0.0016828 secs] [Times: user=0.00 sys=0.00, real=0.01 secs] 
2900.076: [GC (Allocation Failure) [PSYoungGen: 72125K->1456K(72704K)] 376011K->305349K(809472K), 0.0024497 secs] [Times: user=0.01 sys=0.00, real=0.00 secs] 
2900.910: [GC (Allocation Failure) [PSYoungGen: 72112K->1408K(72704K)] 376005K->305325K(809472K), 0.0024398 secs] [Times: user=0.01 sys=0.00, real=0.00 secs] 
2901.599: [GC (Allocation Failure) [PSYoungGen: 72064K->1376K(72704K)] 375981K->305293K(809472K), 0.0021193 secs] [Times: user=0.00 sys=0.00, real=0.00 secs] 
2902.412: [GC (Allocation Failure) [PSYoungGen: 72032K->1376K(72704K)] 375949K->305293K(809472K), 0.0020299 secs] [Times: user=0.01 sys=0.00, real=0.01 secs] 
2903.027: [GC (Allocation Failure) [PSYoungGen: 72032K->1469K(72704K)] 375949K->305387K(809472K), 0.0021934 secs] [Times: user=0.01 sys=0.00, real=0.00 secs] 
2903.172: [GC (Allocation Failure) [PSYoungGen: 72125K->1469K(72704K)] 376043K->305387K(809472K), 0.0016324 secs] [Times: user=0.01 sys=0.00, real=0.01 secs] 
2903.299: [GC (Allocation Failure) [PSYoungGen: 72125K->1469K(72704K)] 376043K->305387K(809472K), 0.0016202 secs] [Times: user=0.01 sys=0.00, real=0.00 secs] 
2903.424: [GC (Allocation Failure) [PSYoungGen: 72125K->1501K(72704K)] 376043K->305419K(809472K), 0.0015722 secs] [Times: user=0.00 sys=0.00, real=0.00 secs] 
2903.944: [GC (Allocation Failure) [PSYoungGen: 72157K->1424K(72704K)] 376075K->305341K(809472K), 0.0019389 secs] [Times: user=0.01 sys=0.00, real=0.00 secs] 
2904.348: [GC (Allocation Failure) [PSYoungGen: 72080K->1408K(72704K)] 375997K->305325K(809472K), 0.0020451 secs] [Times: user=0.01 sys=0.00, real=0.00 secs] 
2904.687: [GC (Allocation Failure) [PSYoungGen: 72064K->1376K(72704K)] 375981K->305293K(809472K), 0.0027393 secs] [Times: user=0.01 sys=0.00, real=0.00 secs] 
2904.982: [GC (Allocation Failure) [PSYoungGen: 72032K->1344K(72704K)] 375949K->305261K(809472K), 0.0019641 secs] [Times: user=0.01 sys=0.00, real=0.01 secs] 
2905.231: [GC (Allocation Failure) [PSYoungGen: 72000K->1469K(72704K)] 375917K->305387K(809472K), 0.0016525 secs] [Times: user=0.01 sys=0.00, real=0.00 secs] 
2905.358: [GC (Allocation Failure) [PSYoungGen: 72125K->1469K(72704K)] 376043K->305387K(809472K), 0.0016438 secs] [Times: user=0.01 sys=0.00, real=0.00 secs] 
2905.504: [GC (Allocation Failure) [PSYoungGen: 72125K->1437K(72704K)] 376043K->305355K(809472K), 0.0018740 secs] [Times: user=0.01 sys=0.00, real=0.00 secs] 
2905.665: [GC (Allocation Failure) [PSYoungGen: 72093K->1501K(72704K)] 376011K->305435K(809472K), 0.0016283 secs] [Times: user=0.01 sys=0.00, real=0.00 secs] 
2906.046: [GC (Allocation Failure) [PSYoungGen: 72157K->1424K(72704K)] 376091K->305357K(809472K), 0.0020462 secs] [Times: user=0.01 sys=0.00, real=0.00 secs] 
2906.428: [GC (Allocation Failure) [PSYoungGen: 72080K->1344K(72704K)] 376013K->305277K(809472K), 0.0019201 secs] [Times: user=0.01 sys=0.00, real=0.00 secs] 
2906.914: [GC (Allocation Failure) [PSYoungGen: 72000K->1344K(72704K)] 375933K->305277K(809472K), 0.0019838 secs] [Times: user=0.01 sys=0.00, real=0.00 secs] 
2907.553: [GC (Allocation Failure) [PSYoungGen: 72000K->1501K(72704K)] 375933K->305435K(809472K), 0.0023487 secs] [Times: user=0.01 sys=0.00, real=0.01 secs] 
2907.780: [GC (Allocation Failure) [PSYoungGen: 72157K->1501K(72704K)] 376091K->305435K(809472K), 0.0022026 secs] [Times: user=0.01 sys=0.00, real=0.00 secs] 
2907.977: [GC (Allocation Failure) [PSYoungGen: 72157K->1437K(72704K)] 376091K->305371K(809472K), 0.0022142 secs] [Times: user=0.01 sys=0.00, real=0.00 secs] 
2908.151: [GC (Allocation Failure) [PSYoungGen: 72093K->1472K(72704K)] 376027K->305406K(809472K), 0.0017691 secs] [Times: user=0.00 sys=0.00, real=0.00 secs] 
2908.481: [GC (Allocation Failure) [PSYoungGen: 72128K->1456K(72704K)] 376062K->305389K(809472K), 0.0020377 secs] [Times: user=0.01 sys=0.00, real=0.00 secs] 
2909.308: [GC (Allocation Failure) [PSYoungGen: 72112K->1392K(72704K)] 376045K->305325K(809472K), 0.0021831 secs] [Times: user=0.00 sys=0.00, real=0.00 secs] 
2910.158: [GC (Allocation Failure) [PSYoungGen: 72048K->1312K(72704K)] 375981K->305253K(809472K), 0.0039037 secs] [Times: user=0.01 sys=0.00, real=0.00 secs] 
2910.728: [GC (Allocation Failure) [PSYoungGen: 71968K->1376K(72704K)] 375909K->305317K(809472K), 0.0045056 secs] [Times: user=0.02 sys=0.00, real=0.00 secs] 
2911.264: [GC (Allocation Failure) [PSYoungGen: 72032K->1504K(72704K)] 375973K->305446K(809472K), 0.0022729 secs] [Times: user=0.01 sys=0.00, real=0.00 secs] 
2911.426: [GC (Allocation Failure) [PSYoungGen: 72160K->1437K(72704K)] 376102K->305379K(809472K), 0.0016221 secs] [Times: user=0.01 sys=0.00, real=0.00 secs] 
2911.551: [GC (Allocation Failure) [PSYoungGen: 72093K->1469K(72704K)] 376035K->305411K(809472K), 0.0016471 secs] [Times: user=0.01 sys=0.00, real=0.00 secs] 
2911.677: [GC (Allocation Failure) [PSYoungGen: 72125K->1501K(72704K)] 376067K->305443K(809472K), 0.0016453 secs] [Times: user=0.01 sys=0.00, real=0.00 secs] 
2912.163: [GC (Allocation Failure) [PSYoungGen: 72157K->1440K(72704K)] 376099K->305381K(809472K), 0.0018728 secs] [Times: user=0.00 sys=0.00, real=0.01 secs] 
2912.713: [GC (Allocation Failure) [PSYoungGen: 72096K->1328K(72704K)] 376037K->305269K(809472K), 0.0019996 secs] [Times: user=0.01 sys=0.00, real=0.01 secs] 
2913.288: [GC (Allocation Failure) [PSYoungGen: 71984K->1408K(72704K)] 375925K->305349K(809472K), 0.0020215 secs] [Times: user=0.01 sys=0.00, real=0.00 secs] 
2913.849: [GC (Allocation Failure) [PSYoungGen: 72064K->1376K(72704K)] 376005K->305317K(809472K), 0.0020098 secs] [Times: user=0.01 sys=0.00, real=0.00 secs] 
2914.125: [GC (Allocation Failure) [PSYoungGen: 72032K->1501K(72704K)] 375973K->305443K(809472K), 0.0016072 secs] [Times: user=0.01 sys=0.00, real=0.00 secs] 
2914.251: [GC (Allocation Failure) [PSYoungGen: 72157K->1472K(72704K)] 376099K->305414K(809472K), 0.0016077 secs] [Times: user=0.01 sys=0.00, real=0.00 secs] 
2914.377: [GC (Allocation Failure) [PSYoungGen: 72128K->1469K(72704K)] 376070K->305411K(809472K), 0.0016210 secs] [Times: user=0.01 sys=0.00, real=0.00 secs] 
2914.748: [GC (Allocation Failure) [PSYoungGen: 72125K->1968K(72704K)] 376067K->306421K(809472K), 0.0024474 secs] [Times: user=0.01 sys=0.00, real=0.00 secs] 
2915.440: [GC (Allocation Failure) [PSYoungGen: 72624K->1344K(72704K)] 377077K->305797K(809472K), 0.0023479 secs] [Times: user=0.01 sys=0.00, real=0.00 secs] 
2916.126: [GC (Allocation Failure) [PSYoungGen: 72000K->1376K(72704K)] 376453K->305829K(809472K), 0.0043556 secs] [Times: user=0.02 sys=0.00, real=0.00 secs] 
2916.749: [GC (Allocation Failure) [PSYoungGen: 72032K->1360K(72704K)] 376485K->305813K(809472K), 0.0024541 secs] [Times: user=0.01 sys=0.00, real=0.00 secs] 
2917.415: [GC (Allocation Failure) [PSYoungGen: 72016K->1488K(72704K)] 376469K->305942K(809472K), 0.0025541 secs] [Times: user=0.01 sys=0.00, real=0.00 secs] 
2917.650: [GC (Allocation Failure) [PSYoungGen: 72144K->1501K(72704K)] 376598K->305955K(809472K), 0.0022558 secs] [Times: user=0.01 sys=0.00, real=0.00 secs] 
2917.794: [GC (Allocation Failure) [PSYoungGen: 72157K->1501K(72704K)] 376611K->305955K(809472K), 0.0016214 secs] [Times: user=0.00 sys=0.00, real=0.00 secs] 
2917.919: [GC (Allocation Failure) [PSYoungGen: 72157K->1469K(72704K)] 376611K->305923K(809472K), 0.0017470 secs] [Times: user=0.00 sys=0.00, real=0.00 secs] 
2918.826: [GC (Allocation Failure) [PSYoungGen: 72125K->1424K(72704K)] 376579K->305877K(809472K), 0.0028805 secs] [Times: user=0.01 sys=0.00, real=0.00 secs] 
2919.409: [GC (Allocation Failure) [PSYoungGen: 72080K->1408K(72704K)] 376533K->305861K(809472K), 0.0026432 secs] [Times: user=0.01 sys=0.00, real=0.00 secs] 
2920.101: [GC (Allocation Failure) [PSYoungGen: 72064K->1376K(72704K)] 376517K->305829K(809472K), 0.0020315 secs] [Times: user=0.01 sys=0.00, real=0.00 secs] 
2920.713: [GC (Allocation Failure) [PSYoungGen: 72032K->1376K(72704K)] 376485K->305829K(809472K), 0.0023239 secs] [Times: user=0.01 sys=0.00, real=0.01 secs] 
2921.161: [GC (Allocation Failure) [PSYoungGen: 72032K->1437K(72704K)] 376485K->305891K(809472K), 0.0020338 secs] [Times: user=0.01 sys=0.00, real=0.00 secs] 
2921.303: [GC (Allocation Failure) [PSYoungGen: 72093K->1437K(72704K)] 376547K->305891K(809472K), 0.0015604 secs] [Times: user=0.01 sys=0.00, real=0.01 secs] 
2921.429: [GC (Allocation Failure) [PSYoungGen: 72093K->1501K(72704K)] 376547K->305955K(809472K), 0.0017302 secs] [Times: user=0.01 sys=0.00, real=0.00 secs] 
2921.556: [GC (Allocation Failure) [PSYoungGen: 72157K->1472K(72704K)] 376611K->305950K(809472K), 0.0016284 secs] [Times: user=0.01 sys=0.00, real=0.00 secs] 
2921.822: [GC (Allocation Failure) [PSYoungGen: 72128K->1408K(72704K)] 376606K->305885K(809472K), 0.0016098 secs] [Times: user=0.01 sys=0.00, real=0.00 secs] 
2922.157: [GC (Allocation Failure) [PSYoungGen: 72064K->1408K(72704K)] 376541K->305885K(809472K), 0.0018874 secs] [Times: user=0.00 sys=0.00, real=0.00 secs] 
2922.682: [GC (Allocation Failure) [PSYoungGen: 72064K->1328K(72704K)] 376541K->305805K(809472K), 0.0016927 secs] [Times: user=0.00 sys=0.00, real=0.01 secs] 
2923.262: [GC (Allocation Failure) [PSYoungGen: 71984K->1344K(72704K)] 376461K->305821K(809472K), 0.0018488 secs] [Times: user=0.00 sys=0.00, real=0.00 secs] 
2923.477: [GC (Allocation Failure) [PSYoungGen: 72000K->1501K(72704K)] 376477K->305979K(809472K), 0.0016555 secs] [Times: user=0.01 sys=0.01, real=0.00 secs] 
2923.622: [GC (Allocation Failure) [PSYoungGen: 72157K->1501K(72704K)] 376635K->305979K(809472K), 0.0019282 secs] [Times: user=0.01 sys=0.00, real=0.01 secs] 
2923.788: [GC (Allocation Failure) [PSYoungGen: 72157K->1469K(72704K)] 376635K->305947K(809472K), 0.0017504 secs] [Times: user=0.01 sys=0.00, real=0.00 secs] 
2924.186: [GC (Allocation Failure) [PSYoungGen: 72125K->1408K(72704K)] 376603K->305885K(809472K), 0.0030548 secs] [Times: user=0.01 sys=0.00, real=0.00 secs] 
2924.948: [GC (Allocation Failure) [PSYoungGen: 72064K->1344K(72704K)] 376541K->305821K(809472K), 0.0025965 secs] [Times: user=0.01 sys=0.00, real=0.00 secs] 
2925.545: [GC (Allocation Failure) [PSYoungGen: 72000K->1344K(72704K)] 376477K->305821K(809472K), 0.0025944 secs] [Times: user=0.01 sys=0.00, real=0.00 secs] 
2925.913: [GC (Allocation Failure) [PSYoungGen: 72000K->1376K(72704K)] 376477K->305853K(809472K), 0.0019632 secs] [Times: user=0.01 sys=0.00, real=0.01 secs] 
2926.191: [GC (Allocation Failure) [PSYoungGen: 72032K->1437K(72704K)] 376509K->305915K(809472K), 0.0017929 secs] [Times: user=0.01 sys=0.00, real=0.00 secs] 
2926.319: [GC (Allocation Failure) [PSYoungGen: 72093K->1501K(72704K)] 376571K->305979K(809472K), 0.0016396 secs] [Times: user=0.01 sys=0.00, real=0.00 secs] 
2926.445: [GC (Allocation Failure) [PSYoungGen: 72157K->1501K(72704K)] 376635K->305979K(809472K), 0.0016108 secs] [Times: user=0.00 sys=0.00, real=0.00 secs] 
2926.571: [GC (Allocation Failure) [PSYoungGen: 72157K->1469K(72704K)] 376635K->305947K(809472K), 0.0016208 secs] [Times: user=0.01 sys=0.00, real=0.00 secs] 
2927.120: [GC (Allocation Failure) [PSYoungGen: 72125K->1360K(72704K)] 376603K->305837K(809472K), 0.0020091 secs] [Times: user=0.01 sys=0.00, real=0.00 secs] 
2927.454: [GC (Allocation Failure) [PSYoungGen: 72016K->1344K(72704K)] 376493K->305821K(809472K), 0.0019842 secs] [Times: user=0.01 sys=0.00, real=0.00 secs] 
2927.938: [GC (Allocation Failure) [PSYoungGen: 72000K->1344K(72704K)] 376477K->305821K(809472K), 0.0019814 secs] [Times: user=0.01 sys=0.00, real=0.00 secs] 
2928.469: [GC (Allocation Failure) [PSYoungGen: 72000K->1360K(72704K)] 376477K->305837K(809472K), 0.0020151 secs] [Times: user=0.01 sys=0.00, real=0.00 secs] 
2928.881: [GC (Allocation Failure) [PSYoungGen: 72016K->1469K(72704K)] 376493K->305947K(809472K), 0.0019619 secs] [Times: user=0.01 sys=0.00, real=0.00 secs] 
2929.011: [GC (Allocation Failure) [PSYoungGen: 72125K->1469K(72704K)] 376603K->305947K(809472K), 0.0017296 secs] [Times: user=0.01 sys=0.00, real=0.00 secs] 
2929.136: [GC (Allocation Failure) [PSYoungGen: 72125K->1501K(72704K)] 376603K->305979K(809472K), 0.0017609 secs] [Times: user=0.01 sys=0.00, real=0.00 secs] 
2929.262: [GC (Allocation Failure) [PSYoungGen: 72157K->1469K(72704K)] 376635K->305963K(809472K), 0.0017201 secs] [Times: user=0.01 sys=0.00, real=0.01 secs] 
2930.668: [GC (Allocation Failure) [PSYoungGen: 72125K->1408K(72704K)] 376619K->305917K(809472K), 0.0029780 secs] [Times: user=0.01 sys=0.00, real=0.00 secs] 
2931.486: [GC (Allocation Failure) [PSYoungGen: 72064K->1376K(72704K)] 376573K->305885K(809472K), 0.0035458 secs] [Times: user=0.02 sys=0.00, real=0.00 secs] 
2932.379: [GC (Allocation Failure) [PSYoungGen: 72032K->1312K(72704K)] 376541K->305821K(809472K), 0.0034587 secs] [Times: user=0.01 sys=0.00, real=0.00 secs] 
2933.455: [GC (Allocation Failure) [PSYoungGen: 71922K->256K(72704K)] 376432K->304765K(809472K), 0.0035260 secs] [Times: user=0.02 sys=0.01, real=0.00 secs] 
2933.692: [GC (Allocation Failure) [PSYoungGen: 70912K->1424K(72704K)] 375421K->305934K(809472K), 0.0019321 secs] [Times: user=0.01 sys=0.00, real=0.00 secs] 
2933.823: [GC (Allocation Failure) [PSYoungGen: 72080K->1440K(72704K)] 376590K->305950K(809472K), 0.0016812 secs] [Times: user=0.01 sys=0.00, real=0.01 secs] 
2933.949: [GC (Allocation Failure) [PSYoungGen: 72096K->1469K(72704K)] 376606K->305979K(809472K), 0.0016936 secs] [Times: user=0.00 sys=0.00, real=0.00 secs] 
2934.156: [GC (Allocation Failure) [PSYoungGen: 72125K->1392K(72704K)] 376635K->305901K(809472K), 0.0017323 secs] [Times: user=0.01 sys=0.00, real=0.00 secs] 
2934.449: [GC (Allocation Failure) [PSYoungGen: 72048K->1376K(72704K)] 376557K->305885K(809472K), 0.0017546 secs] [Times: user=0.01 sys=0.00, real=0.00 secs] 
2934.914: [GC (Allocation Failure) [PSYoungGen: 72032K->1408K(72704K)] 376541K->305917K(809472K), 0.0017837 secs] [Times: user=0.01 sys=0.00, real=0.00 secs] 
2935.481: [GC (Allocation Failure) [PSYoungGen: 72064K->1408K(72704K)] 376573K->305917K(809472K), 0.0046032 secs] [Times: user=0.01 sys=0.00, real=0.01 secs] 
2935.975: [GC (Allocation Failure) [PSYoungGen: 72064K->1437K(72704K)] 376573K->305947K(809472K), 0.0019980 secs] [Times: user=0.01 sys=0.00, real=0.00 secs] 
2936.112: [GC (Allocation Failure) [PSYoungGen: 72093K->1501K(72704K)] 376603K->306011K(809472K), 0.0014924 secs] [Times: user=0.01 sys=0.00, real=0.00 secs] 
2936.237: [GC (Allocation Failure) [PSYoungGen: 72157K->1485K(72704K)] 376667K->305995K(809472K), 0.0017008 secs] [Times: user=0.01 sys=0.00, real=0.00 secs] 
2936.362: [GC (Allocation Failure) [PSYoungGen: 72141K->1501K(72704K)] 376651K->306011K(809472K), 0.0016813 secs] [Times: user=0.01 sys=0.00, real=0.00 secs] 
2936.630: [GC (Allocation Failure) [PSYoungGen: 72157K->1408K(72192K)] 376667K->305917K(808960K), 0.0016967 secs] [Times: user=0.01 sys=0.00, real=0.00 secs] 
2936.923: [GC (Allocation Failure) [PSYoungGen: 72064K->1376K(72192K)] 376573K->305885K(808960K), 0.0018363 secs] [Times: user=0.00 sys=0.01, real=0.01 secs] 
2937.216: [GC (Allocation Failure) [PSYoungGen: 72032K->1376K(72192K)] 376541K->305885K(808960K), 0.0023411 secs] [Times: user=0.01 sys=0.00, real=0.00 secs] 
2937.511: [GC (Allocation Failure) [PSYoungGen: 72032K->1376K(72192K)] 376541K->305885K(808960K), 0.0028854 secs] [Times: user=0.00 sys=0.00, real=0.01 secs] 
2937.729: [GC (Allocation Failure) [PSYoungGen: 72032K->1485K(72192K)] 376541K->305995K(808960K), 0.0015514 secs] [Times: user=0.01 sys=0.00, real=0.00 secs] 
2937.854: [GC (Allocation Failure) [PSYoungGen: 72141K->1469K(72192K)] 376651K->305979K(808960K), 0.0017366 secs] [Times: user=0.01 sys=0.00, real=0.00 secs] 
2937.980: [GC (Allocation Failure) [PSYoungGen: 72125K->1469K(75776K)] 376635K->305979K(812544K), 0.0016813 secs] [Times: user=0.00 sys=0.00, real=0.00 secs] 
2938.182: [GC (Allocation Failure) [PSYoungGen: 75709K->1472K(75264K)] 380219K->305989K(812032K), 0.0019399 secs] [Times: user=0.01 sys=0.00, real=0.01 secs] 
2938.880: [GC (Allocation Failure) [PSYoungGen: 75200K->1408K(74752K)] 379717K->305925K(811520K), 0.0023098 secs] [Times: user=0.01 sys=0.00, real=0.00 secs] 
2939.654: [GC (Allocation Failure) [PSYoungGen: 74624K->1344K(74240K)] 379141K->305877K(811008K), 0.0028088 secs] [Times: user=0.01 sys=0.00, real=0.00 secs] 
2940.614: [GC (Allocation Failure) [PSYoungGen: 74048K->1344K(73728K)] 378581K->305877K(810496K), 0.0035871 secs] [Times: user=0.01 sys=0.00, real=0.00 secs] 
2941.293: [GC (Allocation Failure) [PSYoungGen: 73536K->1501K(73216K)] 378069K->306035K(809984K), 0.0026725 secs] [Times: user=0.01 sys=0.00, real=0.01 secs] 
2941.469: [GC (Allocation Failure) [PSYoungGen: 73181K->1469K(72704K)] 377715K->306003K(809472K), 0.0018557 secs] [Times: user=0.00 sys=0.00, real=0.00 secs] 
2941.614: [GC (Allocation Failure) [PSYoungGen: 72637K->1501K(72192K)] 377171K->306035K(808960K), 0.0019313 secs] [Times: user=0.01 sys=0.00, real=0.00 secs] 
2941.768: [GC (Allocation Failure) [PSYoungGen: 72157K->1453K(72704K)] 376691K->305987K(809472K), 0.0017601 secs] [Times: user=0.01 sys=0.00, real=0.00 secs] 
2942.436: [GC (Allocation Failure) [PSYoungGen: 72109K->1408K(72704K)] 376643K->305941K(809472K), 0.0037044 secs] [Times: user=0.01 sys=0.00, real=0.00 secs] 
2942.961: [GC (Allocation Failure) [PSYoungGen: 72064K->1312K(72704K)] 376597K->305845K(809472K), 0.0027138 secs] [Times: user=0.01 sys=0.00, real=0.01 secs] 
2943.491: [GC (Allocation Failure) [PSYoungGen: 71968K->1360K(72704K)] 376501K->305893K(809472K), 0.0030899 secs] [Times: user=0.01 sys=0.00, real=0.01 secs] 
2943.962: [GC (Allocation Failure) [PSYoungGen: 72016K->1312K(72704K)] 376549K->305845K(809472K), 0.0032288 secs] [Times: user=0.02 sys=0.00, real=0.01 secs] 
2944.331: [GC (Allocation Failure) [PSYoungGen: 71968K->1501K(72704K)] 376501K->306035K(809472K), 0.0021456 secs] [Times: user=0.01 sys=0.00, real=0.00 secs] 
2944.515: [GC (Allocation Failure) [PSYoungGen: 72157K->1501K(72704K)] 376691K->306035K(809472K), 0.0019696 secs] [Times: user=0.01 sys=0.00, real=0.00 secs] 
2944.673: [GC (Allocation Failure) [PSYoungGen: 72157K->1469K(72704K)] 376691K->306003K(809472K), 0.0017056 secs] [Times: user=0.01 sys=0.00, real=0.01 secs] 
2944.851: [GC (Allocation Failure) [PSYoungGen: 72125K->1536K(72704K)] 376659K->306069K(809472K), 0.0019662 secs] [Times: user=0.00 sys=0.00, real=0.00 secs] 
2945.364: [GC (Allocation Failure) [PSYoungGen: 72192K->1408K(72704K)] 376725K->305941K(809472K), 0.0026446 secs] [Times: user=0.01 sys=0.00, real=0.01 secs] 
2945.944: [GC (Allocation Failure) [PSYoungGen: 72064K->1344K(72704K)] 376597K->305877K(809472K), 0.0026211 secs] [Times: user=0.01 sys=0.00, real=0.00 secs] 
2946.644: [GC (Allocation Failure) [PSYoungGen: 72000K->1344K(72704K)] 376533K->305877K(809472K), 0.0027732 secs] [Times: user=0.01 sys=0.00, real=0.00 secs] 
2947.319: [GC (Allocation Failure) [PSYoungGen: 72000K->1469K(72704K)] 376533K->306003K(809472K), 0.0026407 secs] [Times: user=0.01 sys=0.00, real=0.00 secs] 
2947.512: [GC (Allocation Failure) [PSYoungGen: 72125K->1469K(72704K)] 376659K->306003K(809472K), 0.0016982 secs] [Times: user=0.01 sys=0.00, real=0.01 secs] 
2947.638: [GC (Allocation Failure) [PSYoungGen: 72125K->1469K(72704K)] 376659K->306003K(809472K), 0.0016333 secs] [Times: user=0.01 sys=0.00, real=0.00 secs] 
2947.764: [GC (Allocation Failure) [PSYoungGen: 72125K->1469K(72704K)] 376659K->306003K(809472K), 0.0016502 secs] [Times: user=0.01 sys=0.00, real=0.00 secs] 
2948.068: [GC (Allocation Failure) [PSYoungGen: 72125K->1424K(72704K)] 376659K->305957K(809472K), 0.0019391 secs] [Times: user=0.01 sys=0.00, real=0.00 secs] 
2948.684: [GC (Allocation Failure) [PSYoungGen: 72080K->1392K(72704K)] 376613K->305925K(809472K), 0.0019887 secs] [Times: user=0.01 sys=0.00, real=0.00 secs] 
2949.316: [GC (Allocation Failure) [PSYoungGen: 72048K->1376K(72704K)] 376581K->305909K(809472K), 0.0023868 secs] [Times: user=0.01 sys=0.00, real=0.00 secs] 
2949.946: [GC (Allocation Failure) [PSYoungGen: 72032K->1344K(72704K)] 376565K->305877K(809472K), 0.0025683 secs] [Times: user=0.01 sys=0.00, real=0.00 secs] 
2950.484: [GC (Allocation Failure) [PSYoungGen: 72000K->1501K(72704K)] 376533K->306035K(809472K), 0.0021661 secs] [Times: user=0.01 sys=0.00, real=0.01 secs] 
2950.630: [GC (Allocation Failure) [PSYoungGen: 72157K->1501K(72704K)] 376691K->306035K(809472K), 0.0017117 secs] [Times: user=0.01 sys=0.00, real=0.00 secs] 
2950.774: [GC (Allocation Failure) [PSYoungGen: 72157K->1469K(72704K)] 376691K->306027K(809472K), 0.0018419 secs] [Times: user=0.01 sys=0.00, real=0.01 secs] 
2950.932: [GC (Allocation Failure) [PSYoungGen: 72125K->1469K(72704K)] 376683K->306043K(809472K), 0.0019266 secs] [Times: user=0.01 sys=0.00, real=0.01 secs] 
2951.499: [GC (Allocation Failure) [PSYoungGen: 72125K->1376K(72704K)] 376699K->305949K(809472K), 0.0033858 secs] [Times: user=0.01 sys=0.00, real=0.00 secs] 
2952.296: [GC (Allocation Failure) [PSYoungGen: 72032K->1312K(72704K)] 376605K->305885K(809472K), 0.0038539 secs] [Times: user=0.02 sys=0.00, real=0.00 secs] 
2953.108: [GC (Allocation Failure) [PSYoungGen: 71968K->1376K(72704K)] 376541K->305949K(809472K), 0.0034960 secs] [Times: user=0.01 sys=0.00, real=0.00 secs] 
2954.317: [GC (Allocation Failure) [PSYoungGen: 72032K->1344K(72704K)] 376605K->305917K(809472K), 0.0031654 secs] [Times: user=0.01 sys=0.00, real=0.00 secs] 
2954.944: [GC (Allocation Failure) [PSYoungGen: 72000K->1501K(72704K)] 376573K->306075K(809472K), 0.0020477 secs] [Times: user=0.01 sys=0.00, real=0.01 secs] 
2955.084: [GC (Allocation Failure) [PSYoungGen: 72157K->1469K(72704K)] 376731K->306043K(809472K), 0.0017846 secs] [Times: user=0.01 sys=0.00, real=0.00 secs] 
2955.229: [GC (Allocation Failure) [PSYoungGen: 72124K->1501K(72704K)] 376698K->306075K(809472K), 0.0018442 secs] [Times: user=0.01 sys=0.00, real=0.00 secs] 
2955.504: [GC (Allocation Failure) [PSYoungGen: 72157K->1472K(72704K)] 376731K->306045K(809472K), 0.0020011 secs] [Times: user=0.01 sys=0.00, real=0.00 secs] 
2956.097: [GC (Allocation Failure) [PSYoungGen: 72128K->1408K(72704K)] 376701K->305981K(809472K), 0.0021582 secs] [Times: user=0.01 sys=0.01, real=0.00 secs] 
2956.911: [GC (Allocation Failure) [PSYoungGen: 72064K->1408K(72704K)] 376637K->305981K(809472K), 0.0026723 secs] [Times: user=0.01 sys=0.00, real=0.00 secs] 
2957.938: [GC (Allocation Failure) [PSYoungGen: 72064K->1376K(72704K)] 376637K->305949K(809472K), 0.0038530 secs] [Times: user=0.02 sys=0.00, real=0.00 secs] 
2958.782: [GC (Allocation Failure) [PSYoungGen: 72032K->1501K(72704K)] 376605K->306075K(809472K), 0.0027374 secs] [Times: user=0.01 sys=0.00, real=0.01 secs] 
2958.964: [GC (Allocation Failure) [PSYoungGen: 72157K->1485K(72704K)] 376731K->306059K(809472K), 0.0057277 secs] [Times: user=0.03 sys=0.00, real=0.00 secs] 
2959.092: [GC (Allocation Failure) [PSYoungGen: 72141K->1501K(72704K)] 376715K->306075K(809472K), 0.0015825 secs] [Times: user=0.01 sys=0.00, real=0.00 secs] 
2959.218: [GC (Allocation Failure) [PSYoungGen: 72157K->1469K(79872K)] 376731K->306043K(816640K), 0.0015777 secs] [Times: user=0.01 sys=0.00, real=0.00 secs] 
2960.010: [GC (Allocation Failure) [PSYoungGen: 79293K->1424K(78848K)] 383867K->305997K(815616K), 0.0023899 secs] [Times: user=0.01 sys=0.00, real=0.00 secs] 
2960.717: [GC (Allocation Failure) [PSYoungGen: 78736K->1408K(78336K)] 383309K->305981K(815104K), 0.0028177 secs] [Times: user=0.01 sys=0.00, real=0.00 secs] 
2961.472: [GC (Allocation Failure) [PSYoungGen: 78208K->1376K(77824K)] 382781K->305949K(814592K), 0.0027173 secs] [Times: user=0.01 sys=0.00, real=0.01 secs] 
2962.209: [GC (Allocation Failure) [PSYoungGen: 77664K->1344K(77312K)] 382237K->305917K(814080K), 0.0027121 secs] [Times: user=0.02 sys=0.00, real=0.00 secs] 
2962.624: [GC (Allocation Failure) [PSYoungGen: 77120K->1485K(76800K)] 381693K->306083K(813568K), 0.0016335 secs] [Times: user=0.01 sys=0.00, real=0.01 secs] 
2962.756: [GC (Allocation Failure) [PSYoungGen: 76749K->1485K(76288K)] 381347K->306083K(813056K), 0.0018366 secs] [Times: user=0.01 sys=0.00, real=0.00 secs] 
2962.910: [GC (Allocation Failure) [PSYoungGen: 76237K->1501K(75776K)] 380835K->306099K(812544K), 0.0021481 secs] [Times: user=0.00 sys=0.00, real=0.00 secs] 
2963.446: [GC (Allocation Failure) [PSYoungGen: 75741K->1392K(75264K)] 380339K->305989K(812032K), 0.0031419 secs] [Times: user=0.01 sys=0.00, real=0.00 secs] 
2964.015: [GC (Allocation Failure) [PSYoungGen: 75120K->1376K(74752K)] 379717K->305973K(811520K), 0.0024631 secs] [Times: user=0.01 sys=0.00, real=0.00 secs] 
2964.620: [GC (Allocation Failure) [PSYoungGen: 74592K->1344K(74240K)] 379189K->305941K(811008K), 0.0024735 secs] [Times: user=0.01 sys=0.00, real=0.00 secs] 
2965.468: [GC (Allocation Failure) [PSYoungGen: 74048K->1376K(73728K)] 378645K->305973K(810496K), 0.0031726 secs] [Times: user=0.01 sys=0.00, real=0.00 secs] 
2966.151: [GC (Allocation Failure) [PSYoungGen: 73568K->1424K(73216K)] 378165K->306022K(809984K), 0.0023996 secs] [Times: user=0.01 sys=0.00, real=0.00 secs] 
2966.364: [GC (Allocation Failure) [PSYoungGen: 73104K->1469K(72704K)] 377702K->306067K(809472K), 0.0022230 secs] [Times: user=0.00 sys=0.01, real=0.00 secs] 
2966.511: [GC (Allocation Failure) [PSYoungGen: 72637K->1437K(72192K)] 377235K->306035K(808960K), 0.0017124 secs] [Times: user=0.01 sys=0.00, real=0.00 secs] 
2966.637: [GC (Allocation Failure) [PSYoungGen: 71736K->256K(72704K)] 376334K->304853K(809472K), 0.0016139 secs] [Times: user=0.01 sys=0.00, real=0.00 secs] 
2967.873: [GC (Allocation Failure) [PSYoungGen: 70912K->1344K(72704K)] 375509K->305941K(809472K), 0.0028500 secs] [Times: user=0.01 sys=0.00, real=0.01 secs] 
2969.354: [GC (Allocation Failure) [PSYoungGen: 72000K->1376K(72704K)] 376597K->305973K(809472K), 0.0059256 secs] [Times: user=0.02 sys=0.00, real=0.01 secs] 
2970.481: [GC (Allocation Failure) [PSYoungGen: 72032K->1344K(72704K)] 376629K->305941K(809472K), 0.0031598 secs] [Times: user=0.01 sys=0.00, real=0.01 secs] 
2971.420: [GC (Allocation Failure) [PSYoungGen: 72000K->1405K(72704K)] 376597K->306003K(809472K), 0.0029928 secs] [Times: user=0.01 sys=0.00, real=0.00 secs] 
2971.670: [GC (Allocation Failure) [PSYoungGen: 72061K->1469K(72704K)] 376659K->306067K(809472K), 0.0020411 secs] [Times: user=0.01 sys=0.00, real=0.00 secs] 
2971.808: [GC (Allocation Failure) [PSYoungGen: 72125K->1501K(72704K)] 376723K->306099K(809472K), 0.0017086 secs] [Times: user=0.00 sys=0.00, real=0.00 secs] 
2971.933: [GC (Allocation Failure) [PSYoungGen: 72157K->1469K(72704K)] 376755K->306067K(809472K), 0.0017406 secs] [Times: user=0.00 sys=0.00, real=0.01 secs] 
2972.172: [GC (Allocation Failure) [PSYoungGen: 72125K->1424K(72704K)] 376723K->306029K(809472K), 0.0022409 secs] [Times: user=0.01 sys=0.00, real=0.01 secs] 
2972.467: [GC (Allocation Failure) [PSYoungGen: 72080K->1392K(72704K)] 376685K->305997K(809472K), 0.0020276 secs] [Times: user=0.00 sys=0.00, real=0.00 secs] 
2972.761: [GC (Allocation Failure) [PSYoungGen: 72048K->1376K(72704K)] 376653K->305981K(809472K), 0.0020171 secs] [Times: user=0.01 sys=0.00, real=0.00 secs] 
2973.172: [GC (Allocation Failure) [PSYoungGen: 72032K->1376K(72704K)] 376637K->305997K(809472K), 0.0021027 secs] [Times: user=0.00 sys=0.00, real=0.01 secs] 
2973.550: [GC (Allocation Failure) [PSYoungGen: 72032K->1469K(72704K)] 376653K->306091K(809472K), 0.0019462 secs] [Times: user=0.00 sys=0.00, real=0.00 secs] 
2973.677: [GC (Allocation Failure) [PSYoungGen: 72125K->1469K(72704K)] 376747K->306091K(809472K), 0.0016677 secs] [Times: user=0.01 sys=0.00, real=0.00 secs] 
2973.802: [GC (Allocation Failure) [PSYoungGen: 72125K->1517K(72704K)] 376747K->306139K(809472K), 0.0032461 secs] [Times: user=0.01 sys=0.00, real=0.01 secs] 
2973.931: [GC (Allocation Failure) [PSYoungGen: 72173K->1469K(79872K)] 376795K->306099K(816640K), 0.0017539 secs] [Times: user=0.01 sys=0.00, real=0.00 secs] 
2974.681: [GC (Allocation Failure) [PSYoungGen: 79293K->1408K(79872K)] 383923K->306037K(816640K), 0.0020920 secs] [Times: user=0.00 sys=0.00, real=0.00 secs] 
2975.005: [GC (Allocation Failure) [PSYoungGen: 79232K->1376K(78848K)] 383861K->306005K(815616K), 0.0021841 secs] [Times: user=0.01 sys=0.01, real=0.00 secs] 
2975.391: [GC (Allocation Failure) [PSYoungGen: 78688K->1408K(78336K)] 383317K->306037K(815104K), 0.0021846 secs] [Times: user=0.01 sys=0.00, real=0.00 secs] 
2975.707: [GC (Allocation Failure) [PSYoungGen: 78208K->1453K(77824K)] 382837K->306083K(814592K), 0.0018584 secs] [Times: user=0.01 sys=0.00, real=0.00 secs] 
2975.851: [GC (Allocation Failure) [PSYoungGen: 77741K->1485K(77312K)] 382371K->306115K(814080K), 0.0016984 secs] [Times: user=0.01 sys=0.00, real=0.00 secs] 
2975.986: [GC (Allocation Failure) [PSYoungGen: 77261K->1469K(76800K)] 381891K->306099K(813568K), 0.0015789 secs] [Times: user=0.00 sys=0.00, real=0.00 secs] 
2976.119: [GC (Allocation Failure) [PSYoungGen: 76733K->1533K(76288K)] 381363K->306163K(813056K), 0.0016602 secs] [Times: user=0.00 sys=0.00, real=0.00 secs] 
2976.424: [GC (Allocation Failure) [PSYoungGen: 76285K->1392K(75776K)] 380915K->306021K(812544K), 0.0022399 secs] [Times: user=0.01 sys=0.00, real=0.00 secs] 
2976.770: [GC (Allocation Failure) [PSYoungGen: 75632K->1360K(75264K)] 380261K->305989K(812032K), 0.0019164 secs] [Times: user=0.01 sys=0.00, real=0.00 secs] 
2977.076: [GC (Allocation Failure) [PSYoungGen: 75088K->1424K(74752K)] 379717K->306053K(811520K), 0.0018825 secs] [Times: user=0.00 sys=0.00, real=0.00 secs] 
2977.460: [GC (Allocation Failure) [PSYoungGen: 74640K->1344K(74240K)] 379269K->305973K(811008K), 0.0020850 secs] [Times: user=0.01 sys=0.00, real=0.00 secs] 
2977.656: [GC (Allocation Failure) [PSYoungGen: 74048K->1501K(73728K)] 378677K->306131K(810496K), 0.0016577 secs] [Times: user=0.00 sys=0.00, real=0.00 secs] 
2977.783: [GC (Allocation Failure) [PSYoungGen: 73693K->1501K(73216K)] 378323K->306131K(809984K), 0.0017864 secs] [Times: user=0.00 sys=0.00, real=0.01 secs] 
2977.910: [GC (Allocation Failure) [PSYoungGen: 73181K->1469K(72704K)] 377811K->306099K(809472K), 0.0015662 secs] [Times: user=0.00 sys=0.00, real=0.00 secs] 
2979.631: [GC (Allocation Failure) [PSYoungGen: 72637K->1392K(72192K)] 377267K->306021K(808960K), 0.0049396 secs] [Times: user=0.02 sys=0.01, real=0.01 secs] 
2981.008: [GC (Allocation Failure) [PSYoungGen: 72048K->1376K(72192K)] 376677K->306021K(808960K), 0.0041037 secs] [Times: user=0.01 sys=0.00, real=0.00 secs] 
2981.615: [GC (Allocation Failure) [PSYoungGen: 72032K->1344K(72192K)] 376677K->305989K(808960K), 0.0023053 secs] [Times: user=0.01 sys=0.00, real=0.00 secs] 
2982.478: [GC (Allocation Failure) [PSYoungGen: 72000K->1376K(72192K)] 376645K->306021K(808960K), 0.0042442 secs] [Times: user=0.02 sys=0.00, real=0.00 secs] 
2983.147: [GC (Allocation Failure) [PSYoungGen: 72032K->1437K(72192K)] 376677K->306083K(808960K), 0.0024635 secs] [Times: user=0.01 sys=0.00, real=0.00 secs] 
2983.371: [GC (Allocation Failure) [PSYoungGen: 72093K->1469K(72192K)] 376739K->306115K(808960K), 0.0022609 secs] [Times: user=0.00 sys=0.00, real=0.00 secs] 
2983.515: [GC (Allocation Failure) [PSYoungGen: 72125K->1456K(72192K)] 376771K->306102K(808960K), 0.0018665 secs] [Times: user=0.01 sys=0.00, real=0.00 secs] 
2983.641: [GC (Allocation Failure) [PSYoungGen: 72112K->1440K(72192K)] 376758K->306086K(808960K), 0.0016737 secs] [Times: user=0.01 sys=0.00, real=0.00 secs] 
2986.914: [GC (Allocation Failure) [PSYoungGen: 72096K->1424K(72192K)] 376742K->306069K(808960K), 0.0046877 secs] [Times: user=0.02 sys=0.00, real=0.00 secs] 
2987.870: [GC (Allocation Failure) [PSYoungGen: 72080K->1344K(72192K)] 376725K->305989K(808960K), 0.0029226 secs] [Times: user=0.01 sys=0.00, real=0.00 secs] 
2989.263: [GC (Allocation Failure) [PSYoungGen: 72000K->1376K(72192K)] 376645K->306021K(808960K), 0.0052010 secs] [Times: user=0.02 sys=0.00, real=0.01 secs] 
2990.556: [GC (Allocation Failure) [PSYoungGen: 72032K->1376K(72192K)] 376677K->306021K(808960K), 0.0030423 secs] [Times: user=0.01 sys=0.00, real=0.00 secs] 
2990.952: [GC (Allocation Failure) [PSYoungGen: 72032K->1437K(72192K)] 376677K->306083K(808960K), 0.0021698 secs] [Times: user=0.01 sys=0.00, real=0.01 secs] 
2991.090: [GC (Allocation Failure) [PSYoungGen: 72093K->1469K(72192K)] 376739K->306115K(808960K), 0.0015270 secs] [Times: user=0.00 sys=0.00, real=0.00 secs] 
2991.216: [GC (Allocation Failure) [PSYoungGen: 72125K->1469K(72192K)] 376771K->306115K(808960K), 0.0016855 secs] [Times: user=0.00 sys=0.00, real=0.00 secs] 
2991.582: [GC (Allocation Failure) [PSYoungGen: 72125K->1920K(72704K)] 376771K->306565K(809472K), 0.0019480 secs] [Times: user=0.01 sys=0.00, real=0.01 secs] 
2993.257: [GC (Allocation Failure) [PSYoungGen: 72576K->1376K(72704K)] 377221K->306021K(809472K), 0.0042743 secs] [Times: user=0.01 sys=0.00, real=0.00 secs] 
2993.931: [GC (Allocation Failure) [PSYoungGen: 72032K->1312K(72704K)] 376677K->305957K(809472K), 0.0026829 secs] [Times: user=0.01 sys=0.00, real=0.00 secs] 
2994.920: [GC (Allocation Failure) [PSYoungGen: 71968K->1408K(72704K)] 376613K->306053K(809472K), 0.0025245 secs] [Times: user=0.01 sys=0.00, real=0.00 secs] 
2995.721: [GC (Allocation Failure) [PSYoungGen: 72064K->1488K(72704K)] 376709K->306134K(809472K), 0.0025833 secs] [Times: user=0.01 sys=0.00, real=0.01 secs] 
2995.942: [GC (Allocation Failure) [PSYoungGen: 72144K->1501K(72704K)] 376790K->306147K(809472K), 0.0019501 secs] [Times: user=0.00 sys=0.00, real=0.01 secs] 
2996.105: [GC (Allocation Failure) [PSYoungGen: 72157K->1437K(72704K)] 376803K->306083K(809472K), 0.0018826 secs] [Times: user=0.01 sys=0.00, real=0.00 secs] 
2996.287: [GC (Allocation Failure) [PSYoungGen: 72093K->1469K(72704K)] 376739K->306115K(809472K), 0.0021736 secs] [Times: user=0.01 sys=0.00, real=0.00 secs] 
2996.677: [GC (Allocation Failure) [PSYoungGen: 72125K->1424K(72704K)] 376771K->306085K(809472K), 0.0038855 secs] [Times: user=0.01 sys=0.01, real=0.00 secs] 
2997.308: [GC (Allocation Failure) [PSYoungGen: 72080K->1344K(72704K)] 376741K->306005K(809472K), 0.0025431 secs] [Times: user=0.01 sys=0.00, real=0.00 secs] 
2997.853: [GC (Allocation Failure) [PSYoungGen: 72000K->1376K(72704K)] 376661K->306037K(809472K), 0.0022430 secs] [Times: user=0.01 sys=0.00, real=0.01 secs] 
2998.147: [GC (Allocation Failure) [PSYoungGen: 72032K->1376K(72704K)] 376693K->306037K(809472K), 0.0020677 secs] [Times: user=0.00 sys=0.00, real=0.00 secs] 
2998.394: [GC (Allocation Failure) [PSYoungGen: 72032K->1501K(72704K)] 376693K->306163K(809472K), 0.0016048 secs] [Times: user=0.01 sys=0.00, real=0.00 secs] 
2998.540: [GC (Allocation Failure) [PSYoungGen: 72157K->1469K(72704K)] 376819K->306131K(809472K), 0.0018337 secs] [Times: user=0.01 sys=0.00, real=0.00 secs] 
2998.704: [GC (Allocation Failure) [PSYoungGen: 72125K->1501K(72704K)] 376787K->306163K(809472K), 0.0016518 secs] [Times: user=0.01 sys=0.00, real=0.00 secs] 
2998.830: [GC (Allocation Failure) [PSYoungGen: 72157K->1437K(72704K)] 376819K->306115K(809472K), 0.0018170 secs] [Times: user=0.01 sys=0.00, real=0.00 secs] 
2999.425: [GC (Allocation Failure) [PSYoungGen: 72093K->1408K(72704K)] 376771K->306085K(809472K), 0.0023744 secs] [Times: user=0.01 sys=0.00, real=0.00 secs] 
3000.024: [GC (Allocation Failure) [PSYoungGen: 72064K->1408K(72704K)] 376741K->306085K(809472K), 0.0023165 secs] [Times: user=0.01 sys=0.00, real=0.00 secs] 
3000.565: [GC (Allocation Failure) [PSYoungGen: 72064K->1344K(72704K)] 376741K->306029K(809472K), 0.0025548 secs] [Times: user=0.01 sys=0.00, real=0.00 secs] 
3001.069: [GC (Allocation Failure) [PSYoungGen: 72000K->1392K(72704K)] 376685K->306077K(809472K), 0.0021722 secs] [Times: user=0.01 sys=0.00, real=0.00 secs] 
3001.321: [GC (Allocation Failure) [PSYoungGen: 72048K->1469K(72704K)] 376733K->306155K(809472K), 0.0016561 secs] [Times: user=0.01 sys=0.00, real=0.00 secs] 
3001.447: [GC (Allocation Failure) [PSYoungGen: 72125K->1456K(72704K)] 376811K->306142K(809472K), 0.0016426 secs] [Times: user=0.01 sys=0.00, real=0.00 secs] 
3001.572: [GC (Allocation Failure) [PSYoungGen: 72112K->1501K(72704K)] 376798K->306187K(809472K), 0.0016484 secs] [Times: user=0.00 sys=0.00, real=0.01 secs] 
3002.386: [GC (Allocation Failure) [PSYoungGen: 72157K->1440K(72704K)] 376843K->306125K(809472K), 0.0043122 secs] [Times: user=0.02 sys=0.00, real=0.00 secs] 
3003.476: [GC (Allocation Failure) [PSYoungGen: 72096K->1376K(72704K)] 376781K->306061K(809472K), 0.0034766 secs] [Times: user=0.01 sys=0.00, real=0.00 secs] 
3004.220: [GC (Allocation Failure) [PSYoungGen: 72032K->1344K(72704K)] 376717K->306029K(809472K), 0.0026390 secs] [Times: user=0.01 sys=0.00, real=0.00 secs] 
3004.928: [GC (Allocation Failure) [PSYoungGen: 72000K->1344K(72704K)] 376685K->306029K(809472K), 0.0032458 secs] [Times: user=0.01 sys=0.00, real=0.00 secs] 
3005.511: [GC (Allocation Failure) [PSYoungGen: 72000K->1501K(72704K)] 376685K->306187K(809472K), 0.0027880 secs] [Times: user=0.01 sys=0.00, real=0.01 secs] 
3005.688: [GC (Allocation Failure) [PSYoungGen: 72157K->1469K(72704K)] 376843K->306155K(809472K), 0.0016237 secs] [Times: user=0.01 sys=0.00, real=0.00 secs] 
3005.814: [GC (Allocation Failure) [PSYoungGen: 72125K->1437K(72704K)] 376811K->306123K(809472K), 0.0017185 secs] [Times: user=0.00 sys=0.00, real=0.00 secs] 
3005.938: [GC (Allocation Failure) [PSYoungGen: 72093K->1501K(72704K)] 376779K->306187K(809472K), 0.0017079 secs] [Times: user=0.01 sys=0.00, real=0.00 secs] 
3006.749: [GC (Allocation Failure) [PSYoungGen: 72157K->1456K(72704K)] 376843K->306141K(809472K), 0.0021796 secs] [Times: user=0.01 sys=0.00, real=0.00 secs] 
3007.831: [GC (Allocation Failure) [PSYoungGen: 72112K->1376K(72704K)] 376797K->306061K(809472K), 0.0034683 secs] [Times: user=0.01 sys=0.00, real=0.01 secs] 
3008.560: [GC (Allocation Failure) [PSYoungGen: 72032K->1408K(72704K)] 376717K->306093K(809472K), 0.0030719 secs] [Times: user=0.01 sys=0.00, real=0.00 secs] 
3009.336: [GC (Allocation Failure) [PSYoungGen: 72064K->1408K(72704K)] 376749K->306093K(809472K), 0.0031011 secs] [Times: user=0.02 sys=0.00, real=0.00 secs] 
3009.677: [GC (Allocation Failure) [PSYoungGen: 72064K->1469K(72704K)] 376749K->306155K(809472K), 0.0019146 secs] [Times: user=0.01 sys=0.00, real=0.00 secs] 
3009.813: [GC (Allocation Failure) [PSYoungGen: 72125K->1533K(72704K)] 376811K->306219K(809472K), 0.0016114 secs] [Times: user=0.00 sys=0.00, real=0.01 secs] 
3009.939: [GC (Allocation Failure) [PSYoungGen: 72189K->1469K(72704K)] 376875K->306155K(809472K), 0.0016461 secs] [Times: user=0.01 sys=0.00, real=0.00 secs] 
3010.084: [GC (Allocation Failure) [PSYoungGen: 72125K->1501K(72704K)] 376811K->306211K(809472K), 0.0019402 secs] [Times: user=0.00 sys=0.00, real=0.00 secs] 
3010.713: [GC (Allocation Failure) [PSYoungGen: 72157K->1440K(72704K)] 376867K->306149K(809472K), 0.0019720 secs] [Times: user=0.01 sys=0.00, real=0.01 secs] 
3011.692: [GC (Allocation Failure) [PSYoungGen: 72096K->1424K(72704K)] 376805K->306133K(809472K), 0.0042371 secs] [Times: user=0.01 sys=0.00, real=0.01 secs] 
3012.630: [GC (Allocation Failure) [PSYoungGen: 72080K->1344K(72704K)] 376789K->306069K(809472K), 0.0039780 secs] [Times: user=0.02 sys=0.00, real=0.01 secs] 
3013.484: [GC (Allocation Failure) [PSYoungGen: 72000K->1344K(72704K)] 376725K->306069K(809472K), 0.0029280 secs] [Times: user=0.01 sys=0.00, real=0.00 secs] 
3013.729: [GC (Allocation Failure) [PSYoungGen: 72000K->1469K(72704K)] 376725K->306195K(809472K), 0.0018828 secs] [Times: user=0.00 sys=0.00, real=0.00 secs] 
3013.857: [GC (Allocation Failure) [PSYoungGen: 72125K->1453K(72704K)] 376851K->306187K(809472K), 0.0016563 secs] [Times: user=0.01 sys=0.00, real=0.00 secs] 
3013.996: [GC (Allocation Failure) [PSYoungGen: 72109K->1501K(72704K)] 376843K->306235K(809472K), 0.0017840 secs] [Times: user=0.01 sys=0.00, real=0.00 secs] 
3014.655: [GC (Allocation Failure) [PSYoungGen: 72157K->1488K(72704K)] 376891K->306229K(809472K), 0.0032204 secs] [Times: user=0.01 sys=0.00, real=0.00 secs] 
3014.953: [GC (Allocation Failure) [PSYoungGen: 72144K->1344K(72704K)] 376885K->306085K(809472K), 0.0017312 secs] [Times: user=0.01 sys=0.00, real=0.01 secs] 
3015.286: [GC (Allocation Failure) [PSYoungGen: 72000K->1376K(72704K)] 376741K->306117K(809472K), 0.0018519 secs] [Times: user=0.01 sys=0.00, real=0.00 secs] 
3015.583: [GC (Allocation Failure) [PSYoungGen: 72032K->1408K(72704K)] 376773K->306149K(809472K), 0.0018645 secs] [Times: user=0.01 sys=0.00, real=0.01 secs] 
3015.908: [GC (Allocation Failure) [PSYoungGen: 72064K->1469K(72704K)] 376805K->306235K(809472K), 0.0023962 secs] [Times: user=0.01 sys=0.00, real=0.00 secs] 
3016.113: [GC (Allocation Failure) [PSYoungGen: 72125K->1469K(72704K)] 376891K->306235K(809472K), 0.0017228 secs] [Times: user=0.01 sys=0.00, real=0.01 secs] 
3016.240: [GC (Allocation Failure) [PSYoungGen: 72125K->1469K(72704K)] 376891K->306235K(809472K), 0.0016320 secs] [Times: user=0.00 sys=0.00, real=0.00 secs] 
3016.364: [GC (Allocation Failure) [PSYoungGen: 72125K->1456K(72704K)] 376891K->306222K(809472K), 0.0016487 secs] [Times: user=0.00 sys=0.00, real=0.00 secs] 
3016.633: [GC (Allocation Failure) [PSYoungGen: 72112K->1440K(72704K)] 376878K->306205K(809472K), 0.0028291 secs] [Times: user=0.01 sys=0.00, real=0.01 secs] 
3017.050: [GC (Allocation Failure) [PSYoungGen: 72096K->1376K(72704K)] 376861K->306141K(809472K), 0.0019945 secs] [Times: user=0.01 sys=0.00, real=0.00 secs] 
3017.670: [GC (Allocation Failure) [PSYoungGen: 72032K->1344K(72704K)] 376797K->306109K(809472K), 0.0020827 secs] [Times: user=0.01 sys=0.00, real=0.00 secs] 
3018.306: [GC (Allocation Failure) [PSYoungGen: 72000K->1344K(72704K)] 376765K->306109K(809472K), 0.0038219 secs] [Times: user=0.02 sys=0.00, real=0.00 secs] 
3018.680: [GC (Allocation Failure) [PSYoungGen: 72000K->1501K(72704K)] 376765K->306267K(809472K), 0.0021685 secs] [Times: user=0.01 sys=0.00, real=0.00 secs] 
3018.823: [GC (Allocation Failure) [PSYoungGen: 72157K->1469K(72704K)] 376923K->306235K(809472K), 0.0016508 secs] [Times: user=0.01 sys=0.00, real=0.01 secs] 
3018.948: [GC (Allocation Failure) [PSYoungGen: 72125K->1501K(72704K)] 376891K->306267K(809472K), 0.0015753 secs] [Times: user=0.01 sys=0.00, real=0.00 secs] 
3019.215: [GC (Allocation Failure) [PSYoungGen: 72157K->1728K(72704K)] 376923K->306517K(809472K), 0.0022073 secs] [Times: user=0.01 sys=0.00, real=0.00 secs] 
3020.092: [GC (Allocation Failure) [PSYoungGen: 72384K->1344K(72704K)] 377173K->306133K(809472K), 0.0029786 secs] [Times: user=0.01 sys=0.00, real=0.01 secs] 
3020.671: [GC (Allocation Failure) [PSYoungGen: 72000K->1312K(72704K)] 376789K->306101K(809472K), 0.0030639 secs] [Times: user=0.02 sys=0.00, real=0.01 secs] 
3021.014: [GC (Allocation Failure) [PSYoungGen: 71968K->1408K(72704K)] 376757K->306197K(809472K), 0.0019594 secs] [Times: user=0.01 sys=0.00, real=0.00 secs] 
3021.336: [GC (Allocation Failure) [PSYoungGen: 72064K->1469K(72704K)] 376853K->306259K(809472K), 0.0017606 secs] [Times: user=0.00 sys=0.00, real=0.00 secs] 
3021.499: [GC (Allocation Failure) [PSYoungGen: 72098K->1517K(72704K)] 376887K->306307K(809472K), 0.0019782 secs] [Times: user=0.01 sys=0.00, real=0.00 secs] 
3021.664: [GC (Allocation Failure) [PSYoungGen: 72173K->1469K(72704K)] 376963K->306259K(809472K), 0.0017234 secs] [Times: user=0.01 sys=0.00, real=0.00 secs] 
3021.790: [GC (Allocation Failure) [PSYoungGen: 72125K->1501K(72704K)] 376915K->306291K(809472K), 0.0016507 secs] [Times: user=0.00 sys=0.00, real=0.00 secs] 
3022.032: [GC (Allocation Failure) [PSYoungGen: 72157K->1424K(72704K)] 376947K->306221K(809472K), 0.0023882 secs] [Times: user=0.01 sys=0.00, real=0.01 secs] 
3022.332: [GC (Allocation Failure) [PSYoungGen: 72080K->1376K(72704K)] 376877K->306173K(809472K), 0.0021198 secs] [Times: user=0.01 sys=0.00, real=0.01 secs] 
3022.747: [GC (Allocation Failure) [PSYoungGen: 72032K->1376K(72704K)] 376829K->306173K(809472K), 0.0019871 secs] [Times: user=0.01 sys=0.00, real=0.00 secs] 
3023.061: [GC (Allocation Failure) [PSYoungGen: 72032K->1408K(72704K)] 376829K->306205K(809472K), 0.0019962 secs] [Times: user=0.01 sys=0.00, real=0.00 secs] 
3023.424: [GC (Allocation Failure) [PSYoungGen: 72064K->1469K(72704K)] 376861K->306267K(809472K), 0.0016279 secs] [Times: user=0.01 sys=0.00, real=0.00 secs] 
3023.550: [GC (Allocation Failure) [PSYoungGen: 72125K->1469K(72704K)] 376923K->306267K(809472K), 0.0017042 secs] [Times: user=0.01 sys=0.00, real=0.00 secs] 
3023.675: [GC (Allocation Failure) [PSYoungGen: 72125K->1501K(72704K)] 376923K->306299K(809472K), 0.0017401 secs] [Times: user=0.01 sys=0.00, real=0.00 secs] 
3023.801: [GC (Allocation Failure) [PSYoungGen: 72157K->1440K(72704K)] 376955K->306246K(809472K), 0.0017980 secs] [Times: user=0.01 sys=0.00, real=0.00 secs] 
3024.709: [GC (Allocation Failure) [PSYoungGen: 72096K->1408K(72704K)] 376902K->306213K(809472K), 0.0029329 secs] [Times: user=0.01 sys=0.00, real=0.00 secs] 
3025.887: [GC (Allocation Failure) [PSYoungGen: 72064K->1376K(72704K)] 376869K->306181K(809472K), 0.0043724 secs] [Times: user=0.01 sys=0.00, real=0.00 secs] 
3027.170: [GC (Allocation Failure) [PSYoungGen: 72032K->1344K(72704K)] 376837K->306149K(809472K), 0.0038059 secs] [Times: user=0.01 sys=0.00, real=0.01 secs] 
3028.059: [GC (Allocation Failure) [PSYoungGen: 72000K->1344K(72704K)] 376805K->306149K(809472K), 0.0042978 secs] [Times: user=0.01 sys=0.00, real=0.00 secs] 
3028.426: [GC (Allocation Failure) [PSYoungGen: 72000K->1501K(72704K)] 376805K->306307K(809472K), 0.0019381 secs] [Times: user=0.01 sys=0.01, real=0.00 secs] 
3028.565: [GC (Allocation Failure) [PSYoungGen: 72157K->1501K(72704K)] 376963K->306307K(809472K), 0.0016089 secs] [Times: user=0.00 sys=0.00, real=0.00 secs] 
3028.691: [GC (Allocation Failure) [PSYoungGen: 72157K->1469K(72704K)] 376963K->306275K(809472K), 0.0016537 secs] [Times: user=0.00 sys=0.00, real=0.00 secs] 
3029.014: [GC (Allocation Failure) [PSYoungGen: 72125K->1440K(72704K)] 376931K->306245K(809472K), 0.0017698 secs] [Times: user=0.01 sys=0.00, real=0.00 secs] 
3030.036: [GC (Allocation Failure) [PSYoungGen: 72096K->1376K(72704K)] 376901K->306181K(809472K), 0.0042272 secs] [Times: user=0.01 sys=0.00, real=0.00 secs] 
3030.871: [GC (Allocation Failure) [PSYoungGen: 72032K->1376K(72704K)] 376837K->306181K(809472K), 0.0033054 secs] [Times: user=0.01 sys=0.01, real=0.01 secs] 
3031.750: [GC (Allocation Failure) [PSYoungGen: 72032K->1376K(72704K)] 376837K->306181K(809472K), 0.0029630 secs] [Times: user=0.01 sys=0.00, real=0.00 secs] 
3032.530: [GC (Allocation Failure) [PSYoungGen: 72032K->1469K(72704K)] 376837K->306275K(809472K), 0.0029914 secs] [Times: user=0.01 sys=0.00, real=0.00 secs] 
3032.784: [GC (Allocation Failure) [PSYoungGen: 72125K->1469K(72704K)] 376931K->306275K(809472K), 0.0021415 secs] [Times: user=0.01 sys=0.00, real=0.00 secs] 
3032.962: [GC (Allocation Failure) [PSYoungGen: 72125K->1437K(72704K)] 376931K->306243K(809472K), 0.0020322 secs] [Times: user=0.01 sys=0.00, real=0.01 secs] 
3033.145: [GC (Allocation Failure) [PSYoungGen: 72093K->1501K(72704K)] 376899K->306307K(809472K), 0.0033881 secs] [Times: user=0.01 sys=0.00, real=0.00 secs] 
3033.817: [GC (Allocation Failure) [PSYoungGen: 72157K->1392K(72704K)] 376963K->306213K(809472K), 0.0027198 secs] [Times: user=0.01 sys=0.00, real=0.00 secs] 
3034.404: [GC (Allocation Failure) [PSYoungGen: 72048K->1408K(72704K)] 376869K->306229K(809472K), 0.0025795 secs] [Times: user=0.01 sys=0.00, real=0.00 secs] 
3034.989: [GC (Allocation Failure) [PSYoungGen: 72064K->1408K(72704K)] 376885K->306229K(809472K), 0.0040514 secs] [Times: user=0.01 sys=0.00, real=0.00 secs] 
3035.322: [GC (Allocation Failure) [PSYoungGen: 72064K->1440K(72704K)] 376885K->306261K(809472K), 0.0024943 secs] [Times: user=0.01 sys=0.00, real=0.01 secs] 
3035.651: [GC (Allocation Failure) [PSYoungGen: 72096K->1501K(72704K)] 376917K->306323K(809472K), 0.0016115 secs] [Times: user=0.00 sys=0.00, real=0.00 secs] 
3035.776: [GC (Allocation Failure) [PSYoungGen: 72157K->1533K(72704K)] 376979K->306355K(809472K), 0.0038315 secs] [Times: user=0.01 sys=0.00, real=0.00 secs] 
3035.905: [GC (Allocation Failure) [PSYoungGen: 72189K->1472K(79872K)] 377011K->306294K(816640K), 0.0016827 secs] [Times: user=0.00 sys=0.00, real=0.00 secs] 
3036.111: [GC (Allocation Failure) [PSYoungGen: 79296K->1776K(79872K)] 384118K->306613K(816640K), 0.0018873 secs] [Times: user=0.01 sys=0.00, real=0.00 secs] 
3036.704: [GC (Allocation Failure) [PSYoungGen: 79600K->1408K(78848K)] 384437K->306245K(815616K), 0.0019466 secs] [Times: user=0.01 sys=0.00, real=0.01 secs] 
3037.336: [GC (Allocation Failure) [PSYoungGen: 78720K->1408K(78336K)] 383557K->306245K(815104K), 0.0042049 secs] [Times: user=0.01 sys=0.00, real=0.00 secs] 
3037.980: [GC (Allocation Failure) [PSYoungGen: 78208K->1376K(77824K)] 383045K->306213K(814592K), 0.0058756 secs] [Times: user=0.02 sys=0.00, real=0.01 secs] 
3038.450: [GC (Allocation Failure) [PSYoungGen: 77664K->1565K(77824K)] 382501K->306403K(814592K), 0.0023900 secs] [Times: user=0.01 sys=0.00, real=0.00 secs] 
3038.609: [GC (Allocation Failure) [PSYoungGen: 77341K->448K(75776K)] 382179K->306310K(812544K), 0.0015857 secs] [Times: user=0.00 sys=0.01, real=0.00 secs] 
3038.741: [GC (Allocation Failure) [PSYoungGen: 75712K->525K(84480K)] 381574K->306387K(821248K), 0.0031393 secs] [Times: user=0.01 sys=0.00, real=0.01 secs] 
3038.923: [GC (Allocation Failure) [PSYoungGen: 82957K->1696K(84992K)] 388819K->307557K(821760K), 0.0018581 secs] [Times: user=0.00 sys=0.00, real=0.01 secs] 
3039.542: [GC (Allocation Failure) [PSYoungGen: 84640K->1376K(83968K)] 390501K->307261K(820736K), 0.0018310 secs] [Times: user=0.01 sys=0.00, real=0.01 secs] 
3040.294: [GC (Allocation Failure) [PSYoungGen: 83808K->1344K(83456K)] 389693K->307229K(820224K), 0.0044157 secs] [Times: user=0.01 sys=0.00, real=0.00 secs] 
3041.273: [GC (Allocation Failure) [PSYoungGen: 83264K->1376K(82944K)] 389149K->307269K(819712K), 0.0026405 secs] [Times: user=0.01 sys=0.00, real=0.01 secs] 
3041.689: [GC (Allocation Failure) [PSYoungGen: 82784K->1501K(82432K)] 388677K->307395K(819200K), 0.0020970 secs] [Times: user=0.00 sys=0.00, real=0.00 secs] 
3041.836: [GC (Allocation Failure) [PSYoungGen: 82397K->1469K(81920K)] 388291K->307363K(818688K), 0.0016910 secs] [Times: user=0.01 sys=0.00, real=0.00 secs] 
3041.978: [GC (Allocation Failure) [PSYoungGen: 81853K->1501K(81408K)] 387747K->307395K(818176K), 0.0017914 secs] [Times: user=0.01 sys=0.00, real=0.00 secs] 
3042.592: [GC (Allocation Failure) [PSYoungGen: 81373K->1440K(80896K)] 387267K->307333K(817664K), 0.0027138 secs] [Times: user=0.01 sys=0.00, real=0.01 secs] 
3043.322: [GC (Allocation Failure) [PSYoungGen: 80800K->1344K(80384K)] 386693K->307237K(817152K), 0.0033973 secs] [Times: user=0.02 sys=0.00, real=0.01 secs] 
3044.014: [GC (Allocation Failure) [PSYoungGen: 80192K->1408K(79872K)] 386085K->307301K(816640K), 0.0025400 secs] [Times: user=0.01 sys=0.00, real=0.01 secs] 
3044.627: [GC (Allocation Failure) [PSYoungGen: 79744K->1360K(79360K)] 385637K->307253K(816128K), 0.0025827 secs] [Times: user=0.01 sys=0.00, real=0.00 secs] 
3044.875: [GC (Allocation Failure) [PSYoungGen: 79184K->1469K(78848K)] 385077K->307371K(815616K), 0.0017131 secs] [Times: user=0.01 sys=0.00, real=0.00 secs] 
3045.011: [GC (Allocation Failure) [PSYoungGen: 78781K->1469K(78336K)] 384683K->307371K(815104K), 0.0017359 secs] [Times: user=0.00 sys=0.00, real=0.00 secs] 
3045.146: [GC (Allocation Failure) [PSYoungGen: 78269K->1501K(77824K)] 384171K->307403K(814592K), 0.0017456 secs] [Times: user=0.01 sys=0.00, real=0.00 secs] 
3045.403: [GC (Allocation Failure) [PSYoungGen: 77789K->1392K(77312K)] 383691K->307293K(814080K), 0.0017741 secs] [Times: user=0.00 sys=0.00, real=0.01 secs] 
3046.032: [GC (Allocation Failure) [PSYoungGen: 77168K->1376K(76800K)] 383069K->307277K(813568K), 0.0023841 secs] [Times: user=0.01 sys=0.00, real=0.01 secs] 
3046.668: [GC (Allocation Failure) [PSYoungGen: 76640K->1344K(76288K)] 382541K->307245K(813056K), 0.0027287 secs] [Times: user=0.01 sys=0.00, real=0.00 secs] 
3047.275: [GC (Allocation Failure) [PSYoungGen: 76096K->1376K(75776K)] 381997K->307277K(812544K), 0.0030557 secs] [Times: user=0.01 sys=0.00, real=0.00 secs] 
3047.613: [GC (Allocation Failure) [PSYoungGen: 75616K->1488K(75264K)] 381517K->307390K(812032K), 0.0020916 secs] [Times: user=0.01 sys=0.00, real=0.01 secs] 
3047.754: [GC (Allocation Failure) [PSYoungGen: 75216K->1469K(74752K)] 381118K->307371K(811520K), 0.0017427 secs] [Times: user=0.01 sys=0.00, real=0.00 secs] 
3047.883: [GC (Allocation Failure) [PSYoungGen: 74685K->1469K(74240K)] 380587K->307371K(811008K), 0.0017487 secs] [Times: user=0.00 sys=0.00, real=0.01 secs] 
3048.198: [GC (Allocation Failure) [PSYoungGen: 74173K->1408K(73728K)] 380075K->307309K(810496K), 0.0023077 secs] [Times: user=0.01 sys=0.00, real=0.00 secs] 
3048.872: [GC (Allocation Failure) [PSYoungGen: 73600K->1360K(73216K)] 379501K->307261K(809984K), 0.0021722 secs] [Times: user=0.01 sys=0.00, real=0.01 secs] 
3049.337: [GC (Allocation Failure) [PSYoungGen: 73040K->1360K(72704K)] 378941K->307261K(809472K), 0.0026052 secs] [Times: user=0.01 sys=0.00, real=0.00 secs] 
3049.716: [GC (Allocation Failure) [PSYoungGen: 72528K->1344K(72192K)] 378429K->307245K(808960K), 0.0021285 secs] [Times: user=0.01 sys=0.00, real=0.00 secs] 
3050.203: [GC (Allocation Failure) [PSYoungGen: 72000K->1437K(72704K)] 377901K->307339K(809472K), 0.0018748 secs] [Times: user=0.00 sys=0.00, real=0.01 secs] 
3050.331: [GC (Allocation Failure) [PSYoungGen: 72093K->1469K(72704K)] 377995K->307395K(809472K), 0.0017015 secs] [Times: user=0.01 sys=0.00, real=0.00 secs] 
3050.456: [GC (Allocation Failure) [PSYoungGen: 72125K->1469K(72704K)] 378051K->307395K(809472K), 0.0016231 secs] [Times: user=0.01 sys=0.00, real=0.00 secs] 
3050.581: [GC (Allocation Failure) [PSYoungGen: 72125K->1453K(72704K)] 378051K->307379K(809472K), 0.0016489 secs] [Times: user=0.01 sys=0.00, real=0.00 secs] 
3051.086: [GC (Allocation Failure) [PSYoungGen: 72109K->1392K(72704K)] 378035K->307317K(809472K), 0.0020448 secs] [Times: user=0.00 sys=0.00, real=0.00 secs] 
3051.662: [GC (Allocation Failure) [PSYoungGen: 72048K->1344K(72704K)] 377973K->307269K(809472K), 0.0021061 secs] [Times: user=0.00 sys=0.00, real=0.01 secs] 
3052.234: [GC (Allocation Failure) [PSYoungGen: 72000K->1344K(72704K)] 377925K->307269K(809472K), 0.0028071 secs] [Times: user=0.02 sys=0.00, real=0.00 secs] 
3052.840: [GC (Allocation Failure) [PSYoungGen: 72000K->1328K(72704K)] 377925K->307253K(809472K), 0.0024077 secs] [Times: user=0.01 sys=0.00, real=0.00 secs] 
3053.248: [GC (Allocation Failure) [PSYoungGen: 71984K->1456K(72704K)] 377909K->307382K(809472K), 0.0020152 secs] [Times: user=0.00 sys=0.00, real=0.00 secs] 
3053.386: [GC (Allocation Failure) [PSYoungGen: 72112K->1501K(72704K)] 378038K->307427K(809472K), 0.0016241 secs] [Times: user=0.00 sys=0.00, real=0.00 secs] 
3053.512: [GC (Allocation Failure) [PSYoungGen: 72157K->1469K(72704K)] 378083K->307395K(809472K), 0.0017149 secs] [Times: user=0.01 sys=0.00, real=0.01 secs] 
3053.968: [GC (Allocation Failure) [PSYoungGen: 72125K->1952K(72704K)] 378051K->307877K(809472K), 0.0019933 secs] [Times: user=0.01 sys=0.00, real=0.00 secs] 
3054.613: [GC (Allocation Failure) [PSYoungGen: 72608K->1408K(72704K)] 378533K->307333K(809472K), 0.0020454 secs] [Times: user=0.01 sys=0.00, real=0.01 secs] 
3055.253: [GC (Allocation Failure) [PSYoungGen: 72064K->1344K(72704K)] 377989K->307269K(809472K), 0.0021700 secs] [Times: user=0.01 sys=0.00, real=0.01 secs] 
3055.887: [GC (Allocation Failure) [PSYoungGen: 72000K->1344K(72704K)] 377925K->307269K(809472K), 0.0025133 secs] [Times: user=0.01 sys=0.00, real=0.00 secs] 
3056.391: [GC (Allocation Failure) [PSYoungGen: 72000K->1469K(72704K)] 377925K->307395K(809472K), 0.0030295 secs] [Times: user=0.01 sys=0.00, real=0.01 secs] 
3056.619: [GC (Allocation Failure) [PSYoungGen: 72125K->1437K(72704K)] 378051K->307363K(809472K), 0.0019872 secs] [Times: user=0.00 sys=0.00, real=0.00 secs] 
3056.781: [GC (Allocation Failure) [PSYoungGen: 72093K->1469K(72704K)] 378019K->307395K(809472K), 0.0018951 secs] [Times: user=0.00 sys=0.00, real=0.00 secs] 
3056.938: [GC (Allocation Failure) [PSYoungGen: 72125K->1501K(72704K)] 378051K->307427K(809472K), 0.0018915 secs] [Times: user=0.01 sys=0.00, real=0.00 secs] 
3057.654: [GC (Allocation Failure) [PSYoungGen: 72157K->1456K(72704K)] 378083K->307389K(809472K), 0.0020025 secs] [Times: user=0.01 sys=0.00, real=0.01 secs] 
3058.612: [GC (Allocation Failure) [PSYoungGen: 72112K->1344K(72704K)] 378045K->307277K(809472K), 0.0026027 secs] [Times: user=0.01 sys=0.00, real=0.01 secs] 
3059.795: [GC (Allocation Failure) [PSYoungGen: 72000K->1376K(72704K)] 377933K->307309K(809472K), 0.0043043 secs] [Times: user=0.02 sys=0.00, real=0.00 secs] 
3060.588: [GC (Allocation Failure) [PSYoungGen: 72032K->1392K(72704K)] 377965K->307325K(809472K), 0.0026391 secs] [Times: user=0.01 sys=0.00, real=0.00 secs] 
3060.973: [GC (Allocation Failure) [PSYoungGen: 72048K->1437K(72704K)] 377981K->307371K(809472K), 0.0021518 secs] [Times: user=0.00 sys=0.00, real=0.01 secs] 
3061.116: [GC (Allocation Failure) [PSYoungGen: 72093K->1453K(72704K)] 378027K->307387K(809472K), 0.0016498 secs] [Times: user=0.00 sys=0.00, real=0.00 secs] 
3061.242: [GC (Allocation Failure) [PSYoungGen: 72109K->1469K(72704K)] 378043K->307403K(809472K), 0.0016986 secs] [Times: user=0.00 sys=0.00, real=0.00 secs] 
3061.367: [GC (Allocation Failure) [PSYoungGen: 72125K->1504K(72704K)] 378059K->307454K(809472K), 0.0016700 secs] [Times: user=0.01 sys=0.00, real=0.00 secs] 
3062.762: [GC (Allocation Failure) [PSYoungGen: 72160K->1424K(72704K)] 378110K->307373K(809472K), 0.0029630 secs] [Times: user=0.01 sys=0.00, real=0.01 secs] 
3063.933: [GC (Allocation Failure) [PSYoungGen: 72080K->1312K(72704K)] 378029K->307277K(809472K), 0.0026582 secs] [Times: user=0.01 sys=0.00, real=0.01 secs] 
3064.792: [GC (Allocation Failure) [PSYoungGen: 71968K->1392K(72704K)] 377933K->307357K(809472K), 0.0032257 secs] [Times: user=0.01 sys=0.00, real=0.01 secs] 
3065.097: [GC (Allocation Failure) [PSYoungGen: 72048K->1408K(72704K)] 378013K->307373K(809472K), 0.0029449 secs] [Times: user=0.01 sys=0.01, real=0.00 secs] 
3065.276: [GC (Allocation Failure) [PSYoungGen: 72064K->1469K(72704K)] 378029K->307435K(809472K), 0.0016414 secs] [Times: user=0.01 sys=0.00, real=0.00 secs] 
3065.402: [GC (Allocation Failure) [PSYoungGen: 72125K->1501K(72704K)] 378091K->307467K(809472K), 0.0015837 secs] [Times: user=0.00 sys=0.00, real=0.00 secs] 
3065.540: [GC (Allocation Failure) [PSYoungGen: 72157K->1469K(72704K)] 378123K->307435K(809472K), 0.0018736 secs] [Times: user=0.00 sys=0.00, real=0.00 secs] 
3065.821: [GC (Allocation Failure) [PSYoungGen: 72125K->1440K(72704K)] 378091K->307405K(809472K), 0.0022319 secs] [Times: user=0.01 sys=0.00, real=0.00 secs] 
3066.409: [GC (Allocation Failure) [PSYoungGen: 72096K->1408K(72704K)] 378061K->307373K(809472K), 0.0018772 secs] [Times: user=0.01 sys=0.00, real=0.00 secs] 
3067.004: [GC (Allocation Failure) [PSYoungGen: 72064K->1408K(72704K)] 378029K->307373K(809472K), 0.0018597 secs] [Times: user=0.00 sys=0.00, real=0.01 secs] 
3067.434: [GC (Allocation Failure) [PSYoungGen: 72064K->1376K(72704K)] 378029K->307341K(809472K), 0.0019910 secs] [Times: user=0.01 sys=0.00, real=0.01 secs] 
3067.713: [GC (Allocation Failure) [PSYoungGen: 72032K->1469K(72704K)] 377997K->307435K(809472K), 0.0019207 secs] [Times: user=0.01 sys=0.00, real=0.01 secs] 
3067.846: [GC (Allocation Failure) [PSYoungGen: 72125K->1485K(72704K)] 378091K->307451K(809472K), 0.0016362 secs] [Times: user=0.00 sys=0.00, real=0.00 secs] 
3067.971: [GC (Allocation Failure) [PSYoungGen: 72141K->1501K(72704K)] 378107K->307467K(809472K), 0.0015833 secs] [Times: user=0.00 sys=0.00, real=0.00 secs] 
3068.116: [GC (Allocation Failure) [PSYoungGen: 72157K->1469K(72704K)] 378123K->307435K(809472K), 0.0043964 secs] [Times: user=0.02 sys=0.00, real=0.00 secs] 
3068.532: [GC (Allocation Failure) [PSYoungGen: 72125K->1424K(72704K)] 378091K->307389K(809472K), 0.0020915 secs] [Times: user=0.01 sys=0.00, real=0.01 secs] 
3069.250: [GC (Allocation Failure) [PSYoungGen: 72080K->1344K(72192K)] 378045K->307325K(808960K), 0.0020491 secs] [Times: user=0.00 sys=0.00, real=0.00 secs] 
3069.959: [GC (Allocation Failure) [PSYoungGen: 72000K->1376K(72192K)] 377981K->307357K(808960K), 0.0022119 secs] [Times: user=0.01 sys=0.00, real=0.00 secs] 
3070.661: [GC (Allocation Failure) [PSYoungGen: 72032K->1344K(72192K)] 378013K->307325K(808960K), 0.0021985 secs] [Times: user=0.01 sys=0.00, real=0.00 secs] 
3071.392: [GC (Allocation Failure) [PSYoungGen: 72000K->1517K(72192K)] 377981K->307499K(808960K), 0.0021143 secs] [Times: user=0.01 sys=0.00, real=0.01 secs] 
3071.536: [GC (Allocation Failure) [PSYoungGen: 72173K->1453K(72192K)] 378155K->307435K(808960K), 0.0016682 secs] [Times: user=0.01 sys=0.00, real=0.00 secs] 
3071.662: [GC (Allocation Failure) [PSYoungGen: 72109K->1501K(72192K)] 378091K->307483K(808960K), 0.0018575 secs] [Times: user=0.01 sys=0.00, real=0.00 secs] 
3071.787: [GC (Allocation Failure) [PSYoungGen: 72157K->1469K(72192K)] 378139K->307459K(808960K), 0.0017105 secs] [Times: user=0.01 sys=0.00, real=0.00 secs] 
3072.565: [GC (Allocation Failure) [PSYoungGen: 72125K->1408K(72192K)] 378115K->307397K(808960K), 0.0024395 secs] [Times: user=0.01 sys=0.00, real=0.00 secs] 
3073.383: [GC (Allocation Failure) [PSYoungGen: 72064K->1392K(72192K)] 378053K->307381K(808960K), 0.0036732 secs] [Times: user=0.02 sys=0.00, real=0.01 secs] 
3074.203: [GC (Allocation Failure) [PSYoungGen: 72048K->1376K(72192K)] 378037K->307365K(808960K), 0.0029236 secs] [Times: user=0.01 sys=0.00, real=0.01 secs] 
3075.129: [GC (Allocation Failure) [PSYoungGen: 72032K->1376K(72192K)] 378021K->307365K(808960K), 0.0031778 secs] [Times: user=0.02 sys=0.00, real=0.00 secs] 
3075.398: [GC (Allocation Failure) [PSYoungGen: 72032K->1469K(72192K)] 378021K->307459K(808960K), 0.0017366 secs] [Times: user=0.00 sys=0.00, real=0.00 secs] 
3075.525: [GC (Allocation Failure) [PSYoungGen: 72125K->1469K(72192K)] 378115K->307459K(808960K), 0.0016919 secs] [Times: user=0.01 sys=0.00, real=0.00 secs] 
3075.651: [GC (Allocation Failure) [PSYoungGen: 72125K->1501K(72192K)] 378115K->307491K(808960K), 0.0017197 secs] [Times: user=0.01 sys=0.00, real=0.00 secs] 
3076.254: [GC (Allocation Failure) [PSYoungGen: 72157K->1408K(72704K)] 378147K->307405K(809472K), 0.0028699 secs] [Times: user=0.01 sys=0.00, real=0.00 secs] 
3077.412: [GC (Allocation Failure) [PSYoungGen: 72064K->1376K(72704K)] 378061K->307373K(809472K), 0.0050775 secs] [Times: user=0.02 sys=0.00, real=0.01 secs] 
3077.841: [GC (Allocation Failure) [PSYoungGen: 72032K->1376K(72704K)] 378029K->307373K(809472K), 0.0019760 secs] [Times: user=0.01 sys=0.00, real=0.00 secs] 
3078.135: [GC (Allocation Failure) [PSYoungGen: 72032K->1408K(72704K)] 378029K->307405K(809472K), 0.0029958 secs] [Times: user=0.02 sys=0.00, real=0.00 secs] 
3078.491: [GC (Allocation Failure) [PSYoungGen: 72064K->1469K(72704K)] 378061K->307467K(809472K), 0.0019693 secs] [Times: user=0.01 sys=0.00, real=0.00 secs] 
3078.619: [GC (Allocation Failure) [PSYoungGen: 72125K->1501K(72704K)] 378123K->307499K(809472K), 0.0017341 secs] [Times: user=0.01 sys=0.00, real=0.00 secs] 
3078.746: [GC (Allocation Failure) [PSYoungGen: 72157K->1501K(72704K)] 378155K->307499K(809472K), 0.0016514 secs] [Times: user=0.01 sys=0.00, real=0.00 secs] 
3078.889: [GC (Allocation Failure) [PSYoungGen: 72157K->1501K(72704K)] 378155K->307499K(809472K), 0.0016738 secs] [Times: user=0.01 sys=0.00, real=0.00 secs] 
3079.569: [GC (Allocation Failure) [PSYoungGen: 72157K->1456K(72192K)] 378155K->307453K(808960K), 0.0025917 secs] [Times: user=0.00 sys=0.00, real=0.00 secs] 
3080.057: [GC (Allocation Failure) [PSYoungGen: 72112K->1376K(72192K)] 378109K->307373K(808960K), 0.0021465 secs] [Times: user=0.01 sys=0.00, real=0.00 secs] 
3080.351: [GC (Allocation Failure) [PSYoungGen: 72032K->1408K(72192K)] 378029K->307405K(808960K), 0.0020045 secs] [Times: user=0.01 sys=0.00, real=0.00 secs] 
3080.913: [GC (Allocation Failure) [PSYoungGen: 72064K->1408K(72192K)] 378061K->307429K(808960K), 0.0021600 secs] [Times: user=0.01 sys=0.00, real=0.01 secs] 
3081.349: [GC (Allocation Failure) [PSYoungGen: 72064K->1501K(72192K)] 378085K->307523K(808960K), 0.0015894 secs] [Times: user=0.00 sys=0.00, real=0.00 secs] 
3081.475: [GC (Allocation Failure) [PSYoungGen: 72157K->1501K(72192K)] 378179K->307523K(808960K), 0.0016655 secs] [Times: user=0.01 sys=0.00, real=0.00 secs] 
3081.601: [GC (Allocation Failure) [PSYoungGen: 72157K->1469K(72192K)] 378179K->307491K(808960K), 0.0016363 secs] [Times: user=0.01 sys=0.00, real=0.00 secs] 
3081.724: [GC (Allocation Failure) [PSYoungGen: 71268K->288K(71168K)] 377290K->306309K(807936K), 0.0017551 secs] [Times: user=0.01 sys=0.00, real=0.00 secs] 
3083.658: [GC (Allocation Failure) [PSYoungGen: 70944K->1312K(72192K)] 376965K->307333K(808960K), 0.0031743 secs] [Times: user=0.01 sys=0.00, real=0.00 secs] 
3084.369: [GC (Allocation Failure) [PSYoungGen: 71968K->1376K(72192K)] 377989K->307397K(808960K), 0.0034877 secs] [Times: user=0.02 sys=0.00, real=0.00 secs] 
3085.233: [GC (Allocation Failure) [PSYoungGen: 72032K->1344K(72192K)] 378053K->307365K(808960K), 0.0029227 secs] [Times: user=0.01 sys=0.00, real=0.01 secs] 
3086.164: [GC (Allocation Failure) [PSYoungGen: 72000K->1437K(72192K)] 378021K->307459K(808960K), 0.0038491 secs] [Times: user=0.01 sys=0.00, real=0.00 secs] 
3086.388: [GC (Allocation Failure) [PSYoungGen: 72093K->1501K(72704K)] 378115K->307523K(809472K), 0.0019439 secs] [Times: user=0.01 sys=0.01, real=0.00 secs] 
3086.516: [GC (Allocation Failure) [PSYoungGen: 72157K->1469K(72704K)] 378179K->307491K(809472K), 0.0017032 secs] [Times: user=0.00 sys=0.00, real=0.00 secs] 
3086.667: [GC (Allocation Failure) [PSYoungGen: 72125K->1469K(72704K)] 378147K->307491K(809472K), 0.0019268 secs] [Times: user=0.01 sys=0.00, real=0.00 secs] 
3086.991: [GC (Allocation Failure) [PSYoungGen: 72125K->1456K(72704K)] 378147K->307477K(809472K), 0.0021791 secs] [Times: user=0.01 sys=0.00, real=0.00 secs] 
3087.555: [GC (Allocation Failure) [PSYoungGen: 72112K->1344K(72704K)] 378133K->307365K(809472K), 0.0020650 secs] [Times: user=0.01 sys=0.00, real=0.00 secs] 
3088.108: [GC (Allocation Failure) [PSYoungGen: 72000K->1376K(72704K)] 378021K->307397K(809472K), 0.0019783 secs] [Times: user=0.00 sys=0.00, real=0.00 secs] 
3088.675: [GC (Allocation Failure) [PSYoungGen: 72032K->1408K(72704K)] 378053K->307429K(809472K), 0.0020363 secs] [Times: user=0.00 sys=0.00, real=0.00 secs] 
3089.026: [GC (Allocation Failure) [PSYoungGen: 72064K->1453K(72704K)] 378085K->307475K(809472K), 0.0018653 secs] [Times: user=0.01 sys=0.00, real=0.00 secs] 
3089.159: [GC (Allocation Failure) [PSYoungGen: 72109K->1469K(72704K)] 378131K->307491K(809472K), 0.0040147 secs] [Times: user=0.02 sys=0.00, real=0.00 secs] 
3089.292: [GC (Allocation Failure) [PSYoungGen: 72125K->1469K(72704K)] 378147K->307491K(809472K), 0.0016634 secs] [Times: user=0.01 sys=0.00, real=0.00 secs] 
3089.437: [GC (Allocation Failure) [PSYoungGen: 72125K->1533K(79872K)] 378147K->307563K(816640K), 0.0018410 secs] [Times: user=0.00 sys=0.00, real=0.00 secs] 
3090.272: [GC (Allocation Failure) [PSYoungGen: 79357K->1408K(78848K)] 385387K->307437K(815616K), 0.0026211 secs] [Times: user=0.01 sys=0.00, real=0.01 secs] 
3091.151: [GC (Allocation Failure) [PSYoungGen: 78720K->1376K(78336K)] 384749K->307405K(815104K), 0.0028790 secs] [Times: user=0.01 sys=0.00, real=0.00 secs] 
3092.196: [GC (Allocation Failure) [PSYoungGen: 78176K->1376K(77824K)] 384205K->307421K(814592K), 0.0028843 secs] [Times: user=0.01 sys=0.00, real=0.00 secs] 
3093.138: [GC (Allocation Failure) [PSYoungGen: 77664K->1392K(77312K)] 383709K->307438K(814080K), 0.0029049 secs] [Times: user=0.01 sys=0.00, real=0.00 secs] 
3093.341: [GC (Allocation Failure) [PSYoungGen: 77153K->1469K(76800K)] 383199K->307515K(813568K), 0.0017001 secs] [Times: user=0.01 sys=0.00, real=0.00 secs] 
3093.473: [GC (Allocation Failure) [PSYoungGen: 76733K->1469K(76288K)] 382779K->307515K(813056K), 0.0016166 secs] [Times: user=0.01 sys=0.00, real=0.01 secs] 
3093.606: [GC (Allocation Failure) [PSYoungGen: 76221K->1501K(75776K)] 382267K->307547K(812544K), 0.0017452 secs] [Times: user=0.01 sys=0.00, real=0.00 secs] 
3094.398: [GC (Allocation Failure) [PSYoungGen: 75741K->1392K(75264K)] 381787K->307437K(812032K), 0.0029030 secs] [Times: user=0.01 sys=0.00, real=0.00 secs] 
3095.555: [GC (Allocation Failure) [PSYoungGen: 75120K->1376K(74752K)] 381165K->307421K(811520K), 0.0031224 secs] [Times: user=0.01 sys=0.00, real=0.00 secs] 
3096.609: [GC (Allocation Failure) [PSYoungGen: 74592K->1376K(74240K)] 380637K->307421K(811008K), 0.0042428 secs] [Times: user=0.02 sys=0.00, real=0.00 secs] 
3097.583: [GC (Allocation Failure) [PSYoungGen: 74080K->1344K(73728K)] 380125K->307389K(810496K), 0.0029404 secs] [Times: user=0.01 sys=0.01, real=0.01 secs] 
3098.124: [GC (Allocation Failure) [PSYoungGen: 73536K->1437K(73216K)] 379581K->307483K(809984K), 0.0022573 secs] [Times: user=0.01 sys=0.00, real=0.00 secs] 
3098.309: [GC (Allocation Failure) [PSYoungGen: 73117K->1469K(72704K)] 379163K->307515K(809472K), 0.0022736 secs] [Times: user=0.01 sys=0.00, real=0.00 secs] 
3098.494: [GC (Allocation Failure) [PSYoungGen: 72637K->1469K(72192K)] 378683K->307515K(808960K), 0.0021708 secs] [Times: user=0.01 sys=0.00, real=0.00 secs] 
3098.817: [GC (Allocation Failure) [PSYoungGen: 72125K->1456K(72704K)] 378171K->307501K(809472K), 0.0028733 secs] [Times: user=0.01 sys=0.00, real=0.00 secs] 
3099.451: [GC (Allocation Failure) [PSYoungGen: 72112K->1344K(72704K)] 378157K->307389K(809472K), 0.0026018 secs] [Times: user=0.01 sys=0.00, real=0.00 secs] 
3099.987: [GC (Allocation Failure) [PSYoungGen: 72000K->1408K(72704K)] 378045K->307453K(809472K), 0.0021947 secs] [Times: user=0.01 sys=0.00, real=0.00 secs] 
3100.418: [GC (Allocation Failure) [PSYoungGen: 72064K->1344K(72704K)] 378109K->307389K(809472K), 0.0082712 secs] [Times: user=0.04 sys=0.00, real=0.01 secs] 
3100.706: [GC (Allocation Failure) [PSYoungGen: 72000K->1405K(72704K)] 378045K->307451K(809472K), 0.0014607 secs] [Times: user=0.01 sys=0.00, real=0.00 secs] 
3100.849: [GC (Allocation Failure) [PSYoungGen: 72061K->1456K(72704K)] 378107K->307502K(809472K), 0.0020050 secs] [Times: user=0.01 sys=0.00, real=0.00 secs] 
3101.025: [GC (Allocation Failure) [PSYoungGen: 72112K->1504K(72704K)] 378158K->307550K(809472K), 0.0016290 secs] [Times: user=0.01 sys=0.00, real=0.00 secs] 
3101.151: [GC (Allocation Failure) [PSYoungGen: 72160K->1453K(72704K)] 378206K->307499K(809472K), 0.0017063 secs] [Times: user=0.01 sys=0.00, real=0.00 secs] 
3101.679: [GC (Allocation Failure) [PSYoungGen: 72109K->1424K(72704K)] 378155K->307477K(809472K), 0.0026391 secs] [Times: user=0.01 sys=0.00, real=0.00 secs] 
3101.972: [GC (Allocation Failure) [PSYoungGen: 72080K->1344K(72704K)] 378133K->307413K(809472K), 0.0020927 secs] [Times: user=0.01 sys=0.00, real=0.01 secs] 
3102.293: [GC (Allocation Failure) [PSYoungGen: 72000K->1344K(72704K)] 378069K->307413K(809472K), 0.0019381 secs] [Times: user=0.00 sys=0.00, real=0.01 secs] 
3102.644: [GC (Allocation Failure) [PSYoungGen: 72000K->1344K(72704K)] 378069K->307413K(809472K), 0.0029261 secs] [Times: user=0.02 sys=0.00, real=0.01 secs] 
3102.965: [GC (Allocation Failure) [PSYoungGen: 72000K->1469K(72704K)] 378069K->307539K(809472K), 0.0020070 secs] [Times: user=0.01 sys=0.00, real=0.00 secs] 
3103.111: [GC (Allocation Failure) [PSYoungGen: 72125K->1501K(72704K)] 378195K->307571K(809472K), 0.0015997 secs] [Times: user=0.01 sys=0.00, real=0.00 secs] 
3103.235: [GC (Allocation Failure) [PSYoungGen: 72157K->1501K(72704K)] 378227K->307571K(809472K), 0.0016982 secs] [Times: user=0.01 sys=0.00, real=0.00 secs] 
3103.360: [GC (Allocation Failure) [PSYoungGen: 72157K->1469K(72704K)] 378227K->307547K(809472K), 0.0016955 secs] [Times: user=0.01 sys=0.00, real=0.00 secs] 
3104.191: [GC (Allocation Failure) [PSYoungGen: 72125K->1408K(72704K)] 378203K->307485K(809472K), 0.0027970 secs] [Times: user=0.01 sys=0.00, real=0.01 secs] 
3104.485: [GC (Allocation Failure) [PSYoungGen: 72064K->1408K(72704K)] 378141K->307485K(809472K), 0.0038352 secs] [Times: user=0.02 sys=0.00, real=0.00 secs] 
3105.292: [GC (Allocation Failure) [PSYoungGen: 72064K->1376K(72704K)] 378141K->307453K(809472K), 0.0026142 secs] [Times: user=0.01 sys=0.00, real=0.01 secs] 
3106.513: [GC (Allocation Failure) [PSYoungGen: 71911K->288K(72704K)] 377989K->306365K(809472K), 0.0025600 secs] [Times: user=0.01 sys=0.00, real=0.01 secs] 
3106.686: [GC (Allocation Failure) [PSYoungGen: 70944K->1501K(72704K)] 377021K->307579K(809472K), 0.0016170 secs] [Times: user=0.01 sys=0.00, real=0.00 secs] 
3106.810: [GC (Allocation Failure) [PSYoungGen: 72157K->1533K(72704K)] 378235K->307611K(809472K), 0.0016948 secs] [Times: user=0.01 sys=0.00, real=0.00 secs] 
3106.935: [GC (Allocation Failure) [PSYoungGen: 72189K->1469K(72704K)] 378267K->307547K(809472K), 0.0016518 secs] [Times: user=0.00 sys=0.00, real=0.00 secs] 
3107.304: [GC (Allocation Failure) [PSYoungGen: 72125K->1440K(72704K)] 378203K->307517K(809472K), 0.0018579 secs] [Times: user=0.00 sys=0.00, real=0.00 secs] 
3108.178: [GC (Allocation Failure) [PSYoungGen: 72096K->1328K(72704K)] 378173K->307405K(809472K), 0.0030300 secs] [Times: user=0.01 sys=0.00, real=0.00 secs] 
3108.469: [GC (Allocation Failure) [PSYoungGen: 71984K->1408K(72704K)] 378061K->307485K(809472K), 0.0018847 secs] [Times: user=0.01 sys=0.01, real=0.00 secs] 
3108.762: [GC (Allocation Failure) [PSYoungGen: 72064K->1376K(72704K)] 378141K->307453K(809472K), 0.0017789 secs] [Times: user=0.00 sys=0.00, real=0.01 secs] 
3109.029: [GC (Allocation Failure) [PSYoungGen: 72032K->1469K(72704K)] 378109K->307547K(809472K), 0.0015857 secs] [Times: user=0.01 sys=0.00, real=0.00 secs] 
3109.175: [GC (Allocation Failure) [PSYoungGen: 72125K->1469K(72704K)] 378203K->307547K(809472K), 0.0017559 secs] [Times: user=0.01 sys=0.00, real=0.00 secs] 
3109.338: [GC (Allocation Failure) [PSYoungGen: 72125K->1469K(72704K)] 378203K->307547K(809472K), 0.0017392 secs] [Times: user=0.01 sys=0.00, real=0.00 secs] 
3109.483: [GC (Allocation Failure) [PSYoungGen: 72125K->1501K(72704K)] 378203K->307579K(809472K), 0.0017691 secs] [Times: user=0.01 sys=0.00, real=0.01 secs] 
3111.212: [GC (Allocation Failure) [PSYoungGen: 72157K->1408K(72704K)] 378235K->307485K(809472K), 0.0027693 secs] [Times: user=0.01 sys=0.00, real=0.01 secs] 
3112.331: [GC (Allocation Failure) [PSYoungGen: 72064K->1360K(72704K)] 378141K->307437K(809472K), 0.0044163 secs] [Times: user=0.01 sys=0.00, real=0.01 secs] 
3113.205: [GC (Allocation Failure) [PSYoungGen: 72016K->1344K(72704K)] 378093K->307429K(809472K), 0.0030716 secs] [Times: user=0.01 sys=0.00, real=0.00 secs] 
3113.762: [GC (Allocation Failure) [PSYoungGen: 72000K->1344K(72704K)] 378085K->307429K(809472K), 0.0026094 secs] [Times: user=0.01 sys=0.00, real=0.01 secs] 
3114.085: [GC (Allocation Failure) [PSYoungGen: 72000K->1488K(72704K)] 378085K->307574K(809472K), 0.0018336 secs] [Times: user=0.01 sys=0.00, real=0.00 secs] 
3114.213: [GC (Allocation Failure) [PSYoungGen: 72144K->1501K(72704K)] 378230K->307587K(809472K), 0.0016868 secs] [Times: user=0.01 sys=0.00, real=0.01 secs] 
3114.339: [GC (Allocation Failure) [PSYoungGen: 72157K->1469K(72704K)] 378243K->307555K(809472K), 0.0016403 secs] [Times: user=0.01 sys=0.00, real=0.00 secs] 
3114.571: [GC (Allocation Failure) [PSYoungGen: 72125K->1712K(72704K)] 378211K->307797K(809472K), 0.0024125 secs] [Times: user=0.00 sys=0.00, real=0.00 secs] 
3114.873: [GC (Allocation Failure) [PSYoungGen: 72368K->1408K(72704K)] 378453K->307493K(809472K), 0.0017614 secs] [Times: user=0.01 sys=0.00, real=0.01 secs] 
3115.401: [GC (Allocation Failure) [PSYoungGen: 72064K->1376K(72704K)] 378149K->307461K(809472K), 0.0021307 secs] [Times: user=0.01 sys=0.00, real=0.00 secs] 
3116.094: [GC (Allocation Failure) [PSYoungGen: 72032K->1408K(72704K)] 378117K->307493K(809472K), 0.0022399 secs] [Times: user=0.01 sys=0.00, real=0.00 secs] 
3116.685: [GC (Allocation Failure) [PSYoungGen: 72064K->1501K(72704K)] 378149K->307587K(809472K), 0.0020594 secs] [Times: user=0.00 sys=0.00, real=0.00 secs] 
3116.833: [GC (Allocation Failure) [PSYoungGen: 72129K->1533K(72704K)] 378215K->307619K(809472K), 0.0016280 secs] [Times: user=0.00 sys=0.00, real=0.01 secs] 
3116.958: [GC (Allocation Failure) [PSYoungGen: 72189K->1469K(72704K)] 378275K->307555K(809472K), 0.0016380 secs] [Times: user=0.01 sys=0.00, real=0.00 secs] 
3117.083: [GC (Allocation Failure) [PSYoungGen: 72122K->1501K(72704K)] 378207K->307587K(809472K), 0.0017608 secs] [Times: user=0.00 sys=0.00, real=0.01 secs] 
3117.476: [GC (Allocation Failure) [PSYoungGen: 72157K->1424K(72704K)] 378243K->307509K(809472K), 0.0020456 secs] [Times: user=0.01 sys=0.00, real=0.00 secs] 
3117.828: [GC (Allocation Failure) [PSYoungGen: 72080K->1376K(72704K)] 378165K->307461K(809472K), 0.0020564 secs] [Times: user=0.00 sys=0.00, real=0.00 secs] 
3118.201: [GC (Allocation Failure) [PSYoungGen: 72032K->1376K(72704K)] 378117K->307461K(809472K), 0.0021519 secs] [Times: user=0.01 sys=0.00, real=0.00 secs] 
3118.495: [GC (Allocation Failure) [PSYoungGen: 72032K->1376K(72704K)] 378117K->307461K(809472K), 0.0019600 secs] [Times: user=0.01 sys=0.00, real=0.00 secs] 
3118.786: [GC (Allocation Failure) [PSYoungGen: 72032K->1469K(72704K)] 378117K->307555K(809472K), 0.0016246 secs] [Times: user=0.01 sys=0.00, real=0.00 secs] 
3118.912: [GC (Allocation Failure) [PSYoungGen: 72125K->1488K(72704K)] 378211K->307574K(809472K), 0.0019897 secs] [Times: user=0.00 sys=0.00, real=0.00 secs] 
3119.038: [GC (Allocation Failure) [PSYoungGen: 72144K->1501K(72704K)] 378230K->307587K(809472K), 0.0016445 secs] [Times: user=0.01 sys=0.00, real=0.00 secs] 
3119.163: [GC (Allocation Failure) [PSYoungGen: 72157K->1469K(72704K)] 378243K->307571K(809472K), 0.0016462 secs] [Times: user=0.00 sys=0.00, real=0.01 secs] 
3120.144: [GC (Allocation Failure) [PSYoungGen: 72125K->1424K(72704K)] 378227K->307541K(809472K), 0.0031608 secs] [Times: user=0.01 sys=0.00, real=0.00 secs] 
3120.819: [GC (Allocation Failure) [PSYoungGen: 72080K->1408K(72704K)] 378197K->307525K(809472K), 0.0021771 secs] [Times: user=0.01 sys=0.00, real=0.00 secs] 
3121.203: [GC (Allocation Failure) [PSYoungGen: 72064K->1376K(72704K)] 378181K->307493K(809472K), 0.0019528 secs] [Times: user=0.00 sys=0.00, real=0.01 secs] 
3121.512: [GC (Allocation Failure) [PSYoungGen: 72032K->1376K(72704K)] 378149K->307493K(809472K), 0.0019133 secs] [Times: user=0.01 sys=0.00, real=0.01 secs] 
3121.683: [GC (Allocation Failure) [PSYoungGen: 72032K->1437K(72704K)] 378149K->307555K(809472K), 0.0016596 secs] [Times: user=0.01 sys=0.00, real=0.01 secs] 
3121.827: [GC (Allocation Failure) [PSYoungGen: 72093K->1501K(72704K)] 378211K->307619K(809472K), 0.0018609 secs] [Times: user=0.01 sys=0.00, real=0.00 secs] 
3121.994: [GC (Allocation Failure) [PSYoungGen: 72130K->1469K(72704K)] 378248K->307587K(809472K), 0.0020130 secs] [Times: user=0.01 sys=0.00, real=0.00 secs] 
3122.224: [GC (Allocation Failure) [PSYoungGen: 72125K->1472K(72704K)] 378243K->307589K(809472K), 0.0020776 secs] [Times: user=0.01 sys=0.01, real=0.00 secs] 
3122.517: [GC (Allocation Failure) [PSYoungGen: 72128K->1408K(72704K)] 378245K->307525K(809472K), 0.0021782 secs] [Times: user=0.00 sys=0.00, real=0.00 secs] 
3122.826: [GC (Allocation Failure) [PSYoungGen: 72064K->1408K(72704K)] 378181K->307525K(809472K), 0.0019818 secs] [Times: user=0.01 sys=0.00, real=0.00 secs] 
3123.120: [GC (Allocation Failure) [PSYoungGen: 72064K->1344K(72704K)] 378181K->307461K(809472K), 0.0019504 secs] [Times: user=0.00 sys=0.00, real=0.00 secs] 
3123.416: [GC (Allocation Failure) [PSYoungGen: 72000K->1469K(72704K)] 378117K->307587K(809472K), 0.0018327 secs] [Times: user=0.01 sys=0.00, real=0.00 secs] 
3123.547: [GC (Allocation Failure) [PSYoungGen: 72125K->1533K(72704K)] 378243K->307651K(809472K), 0.0015433 secs] [Times: user=0.01 sys=0.00, real=0.00 secs] 
3123.673: [GC (Allocation Failure) [PSYoungGen: 72189K->1501K(72704K)] 378307K->307619K(809472K), 0.0016558 secs] [Times: user=0.01 sys=0.00, real=0.01 secs] 
3123.798: [GC (Allocation Failure) [PSYoungGen: 72157K->1437K(72704K)] 378275K->307555K(809472K), 0.0016912 secs] [Times: user=0.01 sys=0.00, real=0.00 secs] 
3124.642: [GC (Allocation Failure) [PSYoungGen: 72093K->1424K(72192K)] 378211K->307541K(808960K), 0.0025259 secs] [Times: user=0.01 sys=0.00, real=0.01 secs] 
3125.566: [GC (Allocation Failure) [PSYoungGen: 72080K->1376K(72192K)] 378197K->307493K(808960K), 0.0028293 secs] [Times: user=0.01 sys=0.00, real=0.00 secs] 
3126.472: [GC (Allocation Failure) [PSYoungGen: 72032K->1376K(72192K)] 378149K->307493K(808960K), 0.0034055 secs] [Times: user=0.01 sys=0.00, real=0.01 secs] 
3127.669: [GC (Allocation Failure) [PSYoungGen: 72032K->1376K(72192K)] 378149K->307493K(808960K), 0.0037705 secs] [Times: user=0.01 sys=0.00, real=0.00 secs] 
3128.403: [GC (Allocation Failure) [PSYoungGen: 72032K->1469K(72192K)] 378149K->307587K(808960K), 0.0021152 secs] [Times: user=0.01 sys=0.00, real=0.01 secs] 
3128.557: [GC (Allocation Failure) [PSYoungGen: 72125K->1485K(72192K)] 378243K->307603K(808960K), 0.0018113 secs] [Times: user=0.00 sys=0.00, real=0.00 secs] 
3128.681: [GC (Allocation Failure) [PSYoungGen: 72141K->1469K(72192K)] 378259K->307595K(808960K), 0.0017083 secs] [Times: user=0.01 sys=0.00, real=0.00 secs] 
3128.825: [GC (Allocation Failure) [PSYoungGen: 72125K->1469K(72192K)] 378251K->307611K(808960K), 0.0019565 secs] [Times: user=0.01 sys=0.00, real=0.00 secs] 
3129.819: [GC (Allocation Failure) [PSYoungGen: 72125K->1440K(72192K)] 378267K->307581K(808960K), 0.0026915 secs] [Times: user=0.01 sys=0.00, real=0.00 secs] 
3130.541: [GC (Allocation Failure) [PSYoungGen: 72096K->1344K(72192K)] 378237K->307485K(808960K), 0.0025558 secs] [Times: user=0.00 sys=0.00, real=0.00 secs] 
3131.175: [GC (Allocation Failure) [PSYoungGen: 72000K->1376K(72192K)] 378141K->307517K(808960K), 0.0023961 secs] [Times: user=0.01 sys=0.00, real=0.00 secs] 
3131.956: [GC (Allocation Failure) [PSYoungGen: 71838K->288K(71168K)] 377980K->306429K(807936K), 0.0025237 secs] [Times: user=0.00 sys=0.00, real=0.00 secs] 
3132.138: [GC (Allocation Failure) [PSYoungGen: 70944K->1437K(72704K)] 377085K->307579K(809472K), 0.0016289 secs] [Times: user=0.01 sys=0.00, real=0.00 secs] 
3132.263: [GC (Allocation Failure) [PSYoungGen: 72093K->1469K(72704K)] 378235K->307611K(809472K), 0.0017472 secs] [Times: user=0.01 sys=0.00, real=0.01 secs] 
3132.408: [GC (Allocation Failure) [PSYoungGen: 72125K->1501K(72704K)] 378267K->307643K(809472K), 0.0018819 secs] [Times: user=0.01 sys=0.00, real=0.00 secs] 
3132.623: [GC (Allocation Failure) [PSYoungGen: 72157K->1440K(72704K)] 378299K->307597K(809472K), 0.0019834 secs] [Times: user=0.01 sys=0.00, real=0.01 secs] 
3132.917: [GC (Allocation Failure) [PSYoungGen: 72096K->1376K(72704K)] 378253K->307533K(809472K), 0.0018604 secs] [Times: user=0.01 sys=0.00, real=0.00 secs] 
3133.210: [GC (Allocation Failure) [PSYoungGen: 72032K->1408K(72704K)] 378189K->307573K(809472K), 0.0018253 secs] [Times: user=0.01 sys=0.00, real=0.00 secs] 
3133.503: [GC (Allocation Failure) [PSYoungGen: 72064K->1344K(72704K)] 378229K->307509K(809472K), 0.0017752 secs] [Times: user=0.00 sys=0.00, real=0.01 secs] 
3133.764: [GC (Allocation Failure) [PSYoungGen: 72000K->1469K(72704K)] 378165K->307635K(809472K), 0.0015480 secs] [Times: user=0.00 sys=0.00, real=0.00 secs] 
3133.909: [GC (Allocation Failure) [PSYoungGen: 72125K->1437K(72704K)] 378291K->307603K(809472K), 0.0019020 secs] [Times: user=0.01 sys=0.00, real=0.00 secs] 
3134.072: [GC (Allocation Failure) [PSYoungGen: 72093K->1501K(72704K)] 378259K->307667K(809472K), 0.0019989 secs] [Times: user=0.00 sys=0.00, real=0.01 secs] 
3134.237: [GC (Allocation Failure) [PSYoungGen: 72157K->1424K(72704K)] 378323K->307590K(809472K), 0.0017071 secs] [Times: user=0.00 sys=0.00, real=0.00 secs] 
3135.902: [GC (Allocation Failure) [PSYoungGen: 72080K->1408K(72704K)] 378246K->307581K(809472K), 0.0029772 secs] [Times: user=0.01 sys=0.00, real=0.01 secs] 
3136.827: [GC (Allocation Failure) [PSYoungGen: 72064K->1376K(72704K)] 378237K->307549K(809472K), 0.0027830 secs] [Times: user=0.01 sys=0.00, real=0.00 secs] 
3137.674: [GC (Allocation Failure) [PSYoungGen: 72032K->1360K(72704K)] 378205K->307533K(809472K), 0.0023247 secs] [Times: user=0.01 sys=0.00, real=0.00 secs] 
3138.377: [GC (Allocation Failure) [PSYoungGen: 72016K->1408K(72704K)] 378189K->307581K(809472K), 0.0023044 secs] [Times: user=0.01 sys=0.00, real=0.00 secs] 
3138.757: [GC (Allocation Failure) [PSYoungGen: 72064K->1469K(72704K)] 378237K->307643K(809472K), 0.0016799 secs] [Times: user=0.01 sys=0.00, real=0.00 secs] 
3138.908: [GC (Allocation Failure) [PSYoungGen: 72125K->1501K(72704K)] 378299K->307675K(809472K), 0.0019311 secs] [Times: user=0.00 sys=0.00, real=0.00 secs] 
3139.080: [GC (Allocation Failure) [PSYoungGen: 72157K->1453K(72704K)] 378331K->307627K(809472K), 0.0020854 secs] [Times: user=0.01 sys=0.00, real=0.00 secs] 
3139.305: [GC (Allocation Failure) [PSYoungGen: 72109K->1984K(72704K)] 378283K->308669K(809472K), 0.0023463 secs] [Times: user=0.01 sys=0.00, real=0.00 secs] 
3139.908: [GC (Allocation Failure) [PSYoungGen: 72640K->1344K(72704K)] 379325K->308029K(809472K), 0.0021011 secs] [Times: user=0.01 sys=0.00, real=0.00 secs] 
3140.546: [GC (Allocation Failure) [PSYoungGen: 72000K->1344K(72704K)] 378685K->308029K(809472K), 0.0022700 secs] [Times: user=0.01 sys=0.00, real=0.00 secs] 
3141.532: [GC (Allocation Failure) [PSYoungGen: 72000K->1344K(72704K)] 378685K->308029K(809472K), 0.0039247 secs] [Times: user=0.02 sys=0.00, real=0.01 secs] 
3142.354: [GC (Allocation Failure) [PSYoungGen: 72000K->1469K(72704K)] 378685K->308155K(809472K), 0.0032166 secs] [Times: user=0.01 sys=0.00, real=0.00 secs] 
3142.561: [GC (Allocation Failure) [PSYoungGen: 72125K->1501K(72704K)] 378811K->308187K(809472K), 0.0016285 secs] [Times: user=0.01 sys=0.00, real=0.00 secs] 
3142.705: [GC (Allocation Failure) [PSYoungGen: 72157K->1469K(72704K)] 378843K->308155K(809472K), 0.0018833 secs] [Times: user=0.01 sys=0.00, real=0.00 secs] 
3142.862: [GC (Allocation Failure) [PSYoungGen: 72125K->1469K(72704K)] 378811K->308155K(809472K), 0.0019313 secs] [Times: user=0.01 sys=0.00, real=0.01 secs] 
3143.287: [GC (Allocation Failure) [PSYoungGen: 72125K->1376K(72704K)] 378811K->308069K(809472K), 0.0024460 secs] [Times: user=0.01 sys=0.00, real=0.00 secs] 
3144.181: [GC (Allocation Failure) [PSYoungGen: 72032K->1376K(72704K)] 378725K->308069K(809472K), 0.0039116 secs] [Times: user=0.02 sys=0.00, real=0.01 secs] 
3145.108: [GC (Allocation Failure) [PSYoungGen: 72032K->1408K(72704K)] 378725K->308101K(809472K), 0.0031462 secs] [Times: user=0.02 sys=0.00, real=0.00 secs] 
3145.715: [GC (Allocation Failure) [PSYoungGen: 72064K->1360K(72704K)] 378757K->308053K(809472K), 0.0023025 secs] [Times: user=0.01 sys=0.00, real=0.00 secs] 
3146.153: [GC (Allocation Failure) [PSYoungGen: 72016K->1469K(72704K)] 378709K->308163K(809472K), 0.0018010 secs] [Times: user=0.01 sys=0.00, real=0.01 secs] 
3146.281: [GC (Allocation Failure) [PSYoungGen: 72125K->1501K(72704K)] 378819K->308195K(809472K), 0.0016260 secs] [Times: user=0.00 sys=0.00, real=0.00 secs] 
3146.407: [GC (Allocation Failure) [PSYoungGen: 72157K->1469K(72704K)] 378851K->308163K(809472K), 0.0017535 secs] [Times: user=0.01 sys=0.00, real=0.00 secs] 
3146.533: [GC (Allocation Failure) [PSYoungGen: 72121K->1501K(72704K)] 378815K->308203K(809472K), 0.0017043 secs] [Times: user=0.01 sys=0.00, real=0.01 secs] 
3147.902: [GC (Allocation Failure) [PSYoungGen: 72157K->1376K(72704K)] 378859K->308077K(809472K), 0.0026866 secs] [Times: user=0.01 sys=0.00, real=0.01 secs] 
3148.823: [GC (Allocation Failure) [PSYoungGen: 72032K->1376K(72704K)] 378733K->308077K(809472K), 0.0023585 secs] [Times: user=0.01 sys=0.00, real=0.01 secs] 
3149.744: [GC (Allocation Failure) [PSYoungGen: 72032K->1376K(72704K)] 378733K->308077K(809472K), 0.0044163 secs] [Times: user=0.02 sys=0.00, real=0.00 secs] 
3150.598: [GC (Allocation Failure) [PSYoungGen: 72032K->1376K(72704K)] 378733K->308077K(809472K), 0.0027487 secs] [Times: user=0.01 sys=0.00, real=0.00 secs] 
3150.951: [GC (Allocation Failure) [PSYoungGen: 72032K->1469K(72704K)] 378733K->308171K(809472K), 0.0020049 secs] [Times: user=0.01 sys=0.00, real=0.00 secs] 
3151.131: [GC (Allocation Failure) [PSYoungGen: 72125K->1485K(72704K)] 378827K->308187K(809472K), 0.0038872 secs] [Times: user=0.01 sys=0.00, real=0.01 secs] 
3151.317: [GC (Allocation Failure) [PSYoungGen: 72141K->1520K(72704K)] 378843K->308222K(809472K), 0.0016595 secs] [Times: user=0.00 sys=0.00, real=0.00 secs] 
3151.601: [GC (Allocation Failure) [PSYoungGen: 72176K->1472K(72704K)] 378878K->308173K(809472K), 0.0020687 secs] [Times: user=0.00 sys=0.00, real=0.00 secs] 
3152.198: [GC (Allocation Failure) [PSYoungGen: 72128K->1376K(72704K)] 378829K->308077K(809472K), 0.0019245 secs] [Times: user=0.01 sys=0.00, real=0.00 secs] 
3152.644: [GC (Allocation Failure) [PSYoungGen: 72032K->1344K(72704K)] 378733K->308061K(809472K), 0.0021667 secs] [Times: user=0.01 sys=0.00, real=0.01 secs] 
3153.256: [GC (Allocation Failure) [PSYoungGen: 72000K->1376K(72704K)] 378717K->308093K(809472K), 0.0028626 secs] [Times: user=0.01 sys=0.00, real=0.00 secs] 
3153.874: [GC (Allocation Failure) [PSYoungGen: 72032K->1424K(72704K)] 378749K->308142K(809472K), 0.0027654 secs] [Times: user=0.01 sys=0.00, real=0.01 secs] 
3154.105: [GC (Allocation Failure) [PSYoungGen: 72080K->1469K(72704K)] 378798K->308187K(809472K), 0.0022317 secs] [Times: user=0.01 sys=0.00, real=0.00 secs] 
3154.252: [GC (Allocation Failure) [PSYoungGen: 72125K->1501K(72704K)] 378843K->308219K(809472K), 0.0016901 secs] [Times: user=0.00 sys=0.00, real=0.00 secs] 
3154.379: [GC (Allocation Failure) [PSYoungGen: 72157K->1469K(72704K)] 378875K->308187K(809472K), 0.0017181 secs] [Times: user=0.00 sys=0.00, real=0.00 secs] 
3154.726: [GC (Allocation Failure) [PSYoungGen: 72125K->1392K(72704K)] 378843K->308109K(809472K), 0.0028625 secs] [Times: user=0.01 sys=0.00, real=0.00 secs] 
3155.217: [GC (Allocation Failure) [PSYoungGen: 72048K->1344K(72704K)] 378765K->308061K(809472K), 0.0019841 secs] [Times: user=0.01 sys=0.00, real=0.00 secs] 
3155.884: [GC (Allocation Failure) [PSYoungGen: 72000K->1408K(72704K)] 378717K->308125K(809472K), 0.0020064 secs] [Times: user=0.01 sys=0.00, real=0.00 secs] 
3156.733: [GC (Allocation Failure) [PSYoungGen: 72064K->1376K(72704K)] 378781K->308093K(809472K), 0.0027640 secs] [Times: user=0.01 sys=0.00, real=0.01 secs] 
3157.165: [GC (Allocation Failure) [PSYoungGen: 72032K->1469K(72704K)] 378749K->308187K(809472K), 0.0020276 secs] [Times: user=0.01 sys=0.00, real=0.00 secs] 
3157.305: [GC (Allocation Failure) [PSYoungGen: 72125K->1488K(72704K)] 378843K->308206K(809472K), 0.0018223 secs] [Times: user=0.01 sys=0.00, real=0.00 secs] 
3157.430: [GC (Allocation Failure) [PSYoungGen: 72144K->1437K(72704K)] 378862K->308155K(809472K), 0.0017804 secs] [Times: user=0.01 sys=0.00, real=0.00 secs] 
3157.556: [GC (Allocation Failure) [PSYoungGen: 72093K->368K(72704K)] 378811K->307101K(809472K), 0.0015887 secs] [Times: user=0.01 sys=0.00, real=0.00 secs] 
3158.421: [GC (Allocation Failure) [PSYoungGen: 71024K->1376K(72704K)] 377757K->308109K(809472K), 0.0040765 secs] [Times: user=0.02 sys=0.00, real=0.01 secs] 
3159.393: [GC (Allocation Failure) [PSYoungGen: 72032K->1376K(72704K)] 378765K->308109K(809472K), 0.0031619 secs] [Times: user=0.01 sys=0.00, real=0.01 secs] 
3160.386: [GC (Allocation Failure) [PSYoungGen: 72032K->1408K(72704K)] 378765K->308141K(809472K), 0.0031073 secs] [Times: user=0.01 sys=0.00, real=0.00 secs] 
3161.399: [GC (Allocation Failure) [PSYoungGen: 72040K->1424K(72704K)] 378774K->308158K(809472K), 0.0052367 secs] [Times: user=0.02 sys=0.00, real=0.01 secs] 
3161.651: [GC (Allocation Failure) [PSYoungGen: 72080K->1469K(72704K)] 378814K->308203K(809472K), 0.0020081 secs] [Times: user=0.00 sys=0.00, real=0.00 secs] 
3161.786: [GC (Allocation Failure) [PSYoungGen: 72125K->1501K(72704K)] 378859K->308235K(809472K), 0.0015856 secs] [Times: user=0.01 sys=0.00, real=0.00 secs] 
3161.930: [GC (Allocation Failure) [PSYoungGen: 72157K->1421K(72704K)] 378891K->308155K(809472K), 0.0019921 secs] [Times: user=0.01 sys=0.00, real=0.00 secs] 
3162.693: [GC (Allocation Failure) [PSYoungGen: 72077K->1392K(72704K)] 378811K->308141K(809472K), 0.0043925 secs] [Times: user=0.02 sys=0.00, real=0.01 secs] 
3163.301: [GC (Allocation Failure) [PSYoungGen: 72048K->1360K(72704K)] 378797K->308109K(809472K), 0.0025825 secs] [Times: user=0.01 sys=0.00, real=0.00 secs] 
3163.874: [GC (Allocation Failure) [PSYoungGen: 72016K->1376K(72704K)] 378765K->308125K(809472K), 0.0030576 secs] [Times: user=0.01 sys=0.00, real=0.01 secs] 
3164.673: [GC (Allocation Failure) [PSYoungGen: 72032K->1376K(72704K)] 378781K->308125K(809472K), 0.0041019 secs] [Times: user=0.01 sys=0.00, real=0.01 secs] 
3165.170: [GC (Allocation Failure) [PSYoungGen: 72032K->1437K(72704K)] 378781K->308187K(809472K), 0.0022545 secs] [Times: user=0.01 sys=0.00, real=0.00 secs] 
3165.329: [GC (Allocation Failure) [PSYoungGen: 72093K->1469K(72704K)] 378843K->308219K(809472K), 0.0016240 secs] [Times: user=0.01 sys=0.00, real=0.00 secs] 
3165.455: [GC (Allocation Failure) [PSYoungGen: 72125K->1501K(72704K)] 378875K->308251K(809472K), 0.0014355 secs] [Times: user=0.01 sys=0.00, real=0.00 secs] 
3165.580: [GC (Allocation Failure) [PSYoungGen: 72157K->1437K(72704K)] 378907K->308187K(809472K), 0.0015082 secs] [Times: user=0.01 sys=0.00, real=0.00 secs] 
3166.621: [GC (Allocation Failure) [PSYoungGen: 72093K->1440K(72704K)] 378843K->308189K(809472K), 0.0026182 secs] [Times: user=0.01 sys=0.00, real=0.01 secs] 
3167.986: [GC (Allocation Failure) [PSYoungGen: 72096K->1344K(72704K)] 378845K->308093K(809472K), 0.0029408 secs] [Times: user=0.01 sys=0.01, real=0.00 secs] 
3169.050: [GC (Allocation Failure) [PSYoungGen: 72000K->1376K(72704K)] 378749K->308125K(809472K), 0.0027704 secs] [Times: user=0.01 sys=0.00, real=0.00 secs] 
3170.407: [GC (Allocation Failure) [PSYoungGen: 72032K->1344K(72704K)] 378781K->308093K(809472K), 0.0039323 secs] [Times: user=0.02 sys=0.00, real=0.00 secs] 
3170.828: [GC (Allocation Failure) [PSYoungGen: 72000K->1501K(72704K)] 378749K->308251K(809472K), 0.0021522 secs] [Times: user=0.01 sys=0.01, real=0.00 secs] 
3170.967: [GC (Allocation Failure) [PSYoungGen: 72157K->1456K(72704K)] 378907K->308206K(809472K), 0.0017407 secs] [Times: user=0.01 sys=0.00, real=0.00 secs] 
3171.092: [GC (Allocation Failure) [PSYoungGen: 72112K->1469K(72704K)] 378862K->308219K(809472K), 0.0016518 secs] [Times: user=0.01 sys=0.00, real=0.01 secs] 
3171.790: [GC (Allocation Failure) [PSYoungGen: 72125K->1920K(72704K)] 378875K->308677K(809472K), 0.0031345 secs] [Times: user=0.01 sys=0.00, real=0.00 secs] 
3173.420: [GC (Allocation Failure) [PSYoungGen: 72576K->1376K(72704K)] 379333K->308133K(809472K), 0.0026882 secs] [Times: user=0.01 sys=0.00, real=0.00 secs] 
3174.011: [GC (Allocation Failure) [PSYoungGen: 72032K->1344K(72704K)] 378789K->308101K(809472K), 0.0023106 secs] [Times: user=0.01 sys=0.00, real=0.00 secs] 
3174.670: [GC (Allocation Failure) [PSYoungGen: 72000K->1312K(72704K)] 378757K->308077K(809472K), 0.0023288 secs] [Times: user=0.01 sys=0.00, real=0.00 secs] 
3175.232: [GC (Allocation Failure) [PSYoungGen: 71968K->1501K(72704K)] 378733K->308267K(809472K), 0.0023273 secs] [Times: user=0.01 sys=0.00, real=0.01 secs] 
3175.423: [GC (Allocation Failure) [PSYoungGen: 72157K->1437K(72704K)] 378923K->308203K(809472K), 0.0021552 secs] [Times: user=0.01 sys=0.00, real=0.01 secs] 
3175.570: [GC (Allocation Failure) [PSYoungGen: 72093K->1469K(72704K)] 378859K->308235K(809472K), 0.0016796 secs] [Times: user=0.01 sys=0.00, real=0.00 secs] 
3175.694: [GC (Allocation Failure) [PSYoungGen: 72125K->1501K(72704K)] 378891K->308267K(809472K), 0.0017012 secs] [Times: user=0.00 sys=0.00, real=0.01 secs] 
3175.970: [GC (Allocation Failure) [PSYoungGen: 72157K->1408K(72704K)] 378923K->308173K(809472K), 0.0025916 secs] [Times: user=0.01 sys=0.01, real=0.00 secs] 
3176.264: [GC (Allocation Failure) [PSYoungGen: 72064K->1376K(72704K)] 378829K->308141K(809472K), 0.0020556 secs] [Times: user=0.00 sys=0.00, real=0.00 secs] 
3176.560: [GC (Allocation Failure) [PSYoungGen: 72032K->1344K(72704K)] 378797K->308109K(809472K), 0.0019206 secs] [Times: user=0.01 sys=0.00, real=0.00 secs] 
3176.972: [GC (Allocation Failure) [PSYoungGen: 72000K->1344K(72704K)] 378765K->308109K(809472K), 0.0020425 secs] [Times: user=0.01 sys=0.00, real=0.01 secs] 
3177.266: [GC (Allocation Failure) [PSYoungGen: 72000K->1485K(72704K)] 378765K->308251K(809472K), 0.0016412 secs] [Times: user=0.00 sys=0.00, real=0.00 secs] 
3177.392: [GC (Allocation Failure) [PSYoungGen: 72141K->1469K(72704K)] 378907K->308235K(809472K), 0.0016504 secs] [Times: user=0.00 sys=0.00, real=0.00 secs] 
3177.519: [GC (Allocation Failure) [PSYoungGen: 72125K->1501K(72704K)] 378891K->308267K(809472K), 0.0017175 secs] [Times: user=0.01 sys=0.00, real=0.00 secs] 
3177.645: [GC (Allocation Failure) [PSYoungGen: 72157K->1485K(72704K)] 378923K->308259K(809472K), 0.0016836 secs] [Times: user=0.00 sys=0.00, real=0.00 secs] 
3177.938: [GC (Allocation Failure) [PSYoungGen: 72141K->1376K(72704K)] 378915K->308149K(809472K), 0.0018380 secs] [Times: user=0.01 sys=0.00, real=0.00 secs] 
3178.231: [GC (Allocation Failure) [PSYoungGen: 72032K->1312K(72704K)] 378805K->308085K(809472K), 0.0017963 secs] [Times: user=0.01 sys=0.00, real=0.00 secs] 
3178.525: [GC (Allocation Failure) [PSYoungGen: 71968K->1408K(72704K)] 378741K->308197K(809472K), 0.0017869 secs] [Times: user=0.01 sys=0.00, real=0.00 secs] 
3178.818: [GC (Allocation Failure) [PSYoungGen: 72064K->1376K(72704K)] 378853K->308165K(809472K), 0.0020343 secs] [Times: user=0.00 sys=0.00, real=0.00 secs] 
3179.723: [GC (Allocation Failure) [PSYoungGen: 72032K->1469K(72704K)] 378821K->308259K(809472K), 0.0018932 secs] [Times: user=0.01 sys=0.00, real=0.01 secs] 
3179.898: [GC (Allocation Failure) [PSYoungGen: 72125K->1469K(72704K)] 378915K->308259K(809472K), 0.0021818 secs] [Times: user=0.01 sys=0.00, real=0.00 secs] 
3180.060: [GC (Allocation Failure) [PSYoungGen: 72125K->1485K(72704K)] 378915K->308275K(809472K), 0.0017078 secs] [Times: user=0.01 sys=0.00, real=0.00 secs] 
3180.346: [GC (Allocation Failure) [PSYoungGen: 72141K->1440K(72704K)] 378931K->308237K(809472K), 0.0017629 secs] [Times: user=0.01 sys=0.00, real=0.00 secs] 
3181.275: [GC (Allocation Failure) [PSYoungGen: 72096K->1312K(72704K)] 378893K->308109K(809472K), 0.0027284 secs] [Times: user=0.01 sys=0.00, real=0.00 secs] 
3181.968: [GC (Allocation Failure) [PSYoungGen: 71968K->1376K(72704K)] 378765K->308173K(809472K), 0.0026784 secs] [Times: user=0.01 sys=0.00, real=0.00 secs] 
3182.595: [GC (Allocation Failure) [PSYoungGen: 72032K->1344K(72704K)] 378829K->308141K(809472K), 0.0024946 secs] [Times: user=0.01 sys=0.00, real=0.00 secs] 
3183.133: [GC (Allocation Failure) [PSYoungGen: 72000K->1437K(72704K)] 378797K->308235K(809472K), 0.0020871 secs] [Times: user=0.01 sys=0.00, real=0.01 secs] 
3183.283: [GC (Allocation Failure) [PSYoungGen: 72093K->1469K(72704K)] 378891K->308267K(809472K), 0.0016500 secs] [Times: user=0.01 sys=0.00, real=0.01 secs] 
3183.408: [GC (Allocation Failure) [PSYoungGen: 72125K->1456K(72704K)] 378923K->308254K(809472K), 0.0015413 secs] [Times: user=0.01 sys=0.00, real=0.00 secs] 
3183.532: [GC (Allocation Failure) [PSYoungGen: 72112K->1437K(72704K)] 378910K->308235K(809472K), 0.0016217 secs] [Times: user=0.01 sys=0.00, real=0.01 secs] 
3184.628: [GC (Allocation Failure) [PSYoungGen: 72093K->1376K(72704K)] 378891K->308173K(809472K), 0.0028673 secs] [Times: user=0.01 sys=0.00, real=0.00 secs] 
3185.214: [GC (Allocation Failure) [PSYoungGen: 72032K->1344K(72704K)] 378829K->308141K(809472K), 0.0029246 secs] [Times: user=0.01 sys=0.00, real=0.00 secs] 
3185.774: [GC (Allocation Failure) [PSYoungGen: 72000K->1376K(72704K)] 378797K->308173K(809472K), 0.0028254 secs] [Times: user=0.01 sys=0.00, real=0.01 secs] 
3186.137: [GC (Allocation Failure) [PSYoungGen: 72032K->1360K(72704K)] 378829K->308157K(809472K), 0.0020445 secs] [Times: user=0.01 sys=0.00, real=0.00 secs] 
3186.521: [GC (Allocation Failure) [PSYoungGen: 72016K->1469K(72704K)] 378813K->308267K(809472K), 0.0016415 secs] [Times: user=0.01 sys=0.00, real=0.00 secs] 
3186.646: [GC (Allocation Failure) [PSYoungGen: 72125K->1501K(72704K)] 378923K->308299K(809472K), 0.0017424 secs] [Times: user=0.01 sys=0.00, real=0.00 secs] 
3186.770: [GC (Allocation Failure) [PSYoungGen: 72157K->1469K(72704K)] 378955K->308267K(809472K), 0.0016600 secs] [Times: user=0.00 sys=0.00, real=0.00 secs] 
3186.895: [GC (Allocation Failure) [PSYoungGen: 72125K->1501K(72704K)] 378923K->308315K(809472K), 0.0017240 secs] [Times: user=0.00 sys=0.00, real=0.00 secs] 
3187.352: [GC (Allocation Failure) [PSYoungGen: 72157K->2016K(72704K)] 378971K->310155K(809472K), 0.0024689 secs] [Times: user=0.01 sys=0.00, real=0.01 secs] 
3194.494: [GC (Allocation Failure) [PSYoungGen: 72672K->2528K(73216K)] 380811K->322324K(809984K), 0.0182450 secs] [Times: user=0.07 sys=0.02, real=0.02 secs] 
3204.445: [GC (Allocation Failure) [PSYoungGen: 73184K->6128K(67072K)] 392980K->352789K(803840K), 0.0458861 secs] [Times: user=0.24 sys=0.02, real=0.04 secs] 
3204.615: [GC (Allocation Failure) [PSYoungGen: 67056K->17888K(78848K)] 413717K->380628K(815616K), 0.0197982 secs] [Times: user=0.11 sys=0.01, real=0.02 secs] 
3204.709: [GC (Allocation Failure) [PSYoungGen: 76254K->27120K(86016K)] 438994K->408005K(822784K), 0.0199642 secs] [Times: user=0.10 sys=0.02, real=0.02 secs] 
3204.786: [GC (Allocation Failure) [PSYoungGen: 86000K->38880K(97792K)] 466885K->434836K(834560K), 0.0209227 secs] [Times: user=0.11 sys=0.01, real=0.02 secs] 
3208.113: [GC (Allocation Failure) [PSYoungGen: 97760K->51680K(106496K)] 493716K->461948K(843264K), 0.0667021 secs] [Times: user=0.22 sys=0.16, real=0.07 secs] 
3208.270: [GC (Allocation Failure) [PSYoungGen: 106464K->66528K(121344K)] 516732K->488116K(858112K), 0.0331537 secs] [Times: user=0.15 sys=0.02, real=0.03 secs] 
3216.955: [GC (Allocation Failure) [PSYoungGen: 121312K->82912K(130560K)] 542900K->512671K(867328K), 0.0811015 secs] [Times: user=0.37 sys=0.08, real=0.08 secs] 
3217.263: [GC (Allocation Failure) [PSYoungGen: 130528K->100848K(148480K)] 560287K->532900K(885248K), 0.0517482 secs] [Times: user=0.29 sys=0.01, real=0.06 secs] 
3218.374: [GC (Allocation Failure) [PSYoungGen: 148464K->119776K(148480K)] 580516K->570155K(885248K), 0.0502771 secs] [Times: user=0.25 sys=0.04, real=0.06 secs] 
3220.306: [GC (Allocation Failure) [PSYoungGen: 148448K->74524K(176640K)] 598827K->553911K(913408K), 0.0896931 secs] [Times: user=0.50 sys=0.02, real=0.09 secs] 
3220.486: [GC (Allocation Failure) [PSYoungGen: 103196K->21248K(174592K)] 582583K->553899K(911360K), 0.0813483 secs] [Times: user=0.31 sys=0.14, real=0.08 secs] 
3220.702: [GC (Allocation Failure) [PSYoungGen: 56064K->1600K(178176K)] 588715K->555475K(914944K), 0.0299330 secs] [Times: user=0.14 sys=0.04, real=0.03 secs] 
3220.766: [GC (Allocation Failure) [PSYoungGen: 36416K->7936K(177152K)] 590291K->563303K(913920K), 0.0039000 secs] [Times: user=0.02 sys=0.00, real=0.00 secs] 
3220.831: [GC (Allocation Failure) [PSYoungGen: 49920K->18160K(180736K)] 605287K->580248K(917504K), 0.0095376 secs] [Times: user=0.04 sys=0.02, real=0.01 secs] 
3220.873: [GC (Allocation Failure) [PSYoungGen: 60144K->19808K(170496K)] 622232K->599935K(907264K), 0.0149286 secs] [Times: user=0.06 sys=0.02, real=0.02 secs] 
3220.954: [GC (Allocation Failure) [PSYoungGen: 69984K->24928K(176640K)] 650111K->624719K(913408K), 0.0152300 secs] [Times: user=0.07 sys=0.03, real=0.01 secs] 
3221.006: [GC (Allocation Failure) [PSYoungGen: 75104K->24000K(166400K)] 674895K->648639K(903168K), 0.0169593 secs] [Times: user=0.08 sys=0.01, real=0.01 secs] 
3221.086: [GC (GCLocker Initiated GC) [PSYoungGen: 83904K->31232K(173056K)] 708544K->679736K(909824K), 0.0289344 secs] [Times: user=0.13 sys=0.02, real=0.03 secs] 
3221.395: [GC (Allocation Failure) [PSYoungGen: 91136K->28352K(165376K)] 739642K->707954K(902144K), 0.0266918 secs] [Times: user=0.14 sys=0.01, real=0.02 secs] 
3221.515: [GC (Allocation Failure) [PSYoungGen: 100032K->34080K(171520K)] 779634K->741986K(908288K), 0.0878315 secs] [Times: user=0.51 sys=0.01, real=0.08 secs] 
3221.603: [Full GC (Ergonomics) [PSYoungGen: 34080K->0K(171520K)] [ParOldGen: 707906K->195909K(671744K)] 741986K->195909K(843264K), [Metaspace: 60128K->60032K(1105920K)], 0.4662319 secs] [Times: user=2.07 sys=0.01, real=0.47 secs] 
3222.109: [GC (Allocation Failure) [PSYoungGen: 71680K->41344K(172544K)] 267589K->237253K(844288K), 0.0128714 secs] [Times: user=0.07 sys=0.00, real=0.01 secs] 
3223.003: [GC (Allocation Failure) [PSYoungGen: 126848K->25056K(175616K)] 322757K->262253K(847360K), 0.0291684 secs] [Times: user=0.17 sys=0.00, real=0.03 secs] 
3223.199: [GC (Allocation Failure) [PSYoungGen: 110560K->5168K(187904K)] 347757K->267441K(859648K), 0.0328506 secs] [Times: user=0.16 sys=0.00, real=0.03 secs] 
3224.060: [GC (Allocation Failure) [PSYoungGen: 107568K->43040K(188416K)] 369841K->309849K(860160K), 0.0119358 secs] [Times: user=0.05 sys=0.00, real=0.01 secs] 
3224.143: [GC (Allocation Failure) [PSYoungGen: 141418K->47744K(206336K)] 408228K->355121K(878080K), 0.0248648 secs] [Times: user=0.12 sys=0.00, real=0.03 secs] 
3225.060: [GC (Allocation Failure) [PSYoungGen: 169088K->60288K(206848K)] 476465K->410873K(878592K), 0.0474024 secs] [Times: user=0.28 sys=0.00, real=0.05 secs] 
3225.626: [GC (Allocation Failure) [PSYoungGen: 181632K->65248K(228864K)] 532217K->467889K(900608K), 0.0571136 secs] [Times: user=0.33 sys=0.01, real=0.05 secs] 
3229.333: [GC (Allocation Failure) [PSYoungGen: 204000K->33728K(234496K)] 606641K->501489K(906240K), 0.0368136 secs] [Times: user=0.22 sys=0.00, real=0.04 secs] 
3233.181: [GC (Allocation Failure) [PSYoungGen: 172480K->41312K(245760K)] 640241K->542810K(917504K), 0.1231206 secs] [Times: user=0.72 sys=0.01, real=0.13 secs] 
3235.228: [GC (Allocation Failure) [PSYoungGen: 205664K->77504K(250880K)] 707162K->617019K(922624K), 0.0410958 secs] [Times: user=0.24 sys=0.00, real=0.04 secs] 
3235.383: [GC (Allocation Failure) [PSYoungGen: 241856K->86944K(278528K)] 781371K->695727K(950272K), 0.0459677 secs] [Times: user=0.24 sys=0.01, real=0.05 secs] 
3235.429: [Full GC (Ergonomics) [PSYoungGen: 86944K->0K(278528K)] [ParOldGen: 608783K->208589K(741888K)] 695727K->208589K(1020416K), [Metaspace: 60039K->60039K(1105920K)], 0.4750275 secs] [Times: user=2.23 sys=0.00, real=0.48 secs] 
3241.553: [GC (Allocation Failure) [PSYoungGen: 182272K->47328K(289792K)] 390861K->255917K(1031680K), 0.0584298 secs] [Times: user=0.35 sys=0.01, real=0.06 secs] 
3244.184: [GC (Allocation Failure) [PSYoungGen: 229600K->65632K(313856K)] 438189K->321353K(1055744K), 0.1225714 secs] [Times: user=0.72 sys=0.01, real=0.12 secs] 
3244.510: [GC (Allocation Failure) [PSYoungGen: 278112K->102880K(315392K)] 533833K->416358K(1057280K), 0.0384177 secs] [Times: user=0.23 sys=0.00, real=0.04 secs] 
3245.501: [GC (Allocation Failure) [PSYoungGen: 315360K->87040K(386048K)] 628838K->495150K(1127936K), 0.0579834 secs] [Times: user=0.31 sys=0.03, real=0.06 secs] 
3249.352: [GC (Allocation Failure) [PSYoungGen: 334336K->80496K(388096K)] 742446K->574847K(1129984K), 0.0750425 secs] [Times: user=0.44 sys=0.01, real=0.08 secs] 
3249.607: [GC (Allocation Failure) [PSYoungGen: 327792K->121216K(414720K)] 822143K->690383K(1156608K), 0.0511317 secs] [Times: user=0.27 sys=0.02, real=0.05 secs] 
3253.966: [GC (Allocation Failure) [PSYoungGen: 396160K->76576K(428032K)] 965327K->766879K(1169920K), 0.1575965 secs] [Times: user=0.83 sys=0.08, real=0.16 secs] 
3254.124: [Full GC (Ergonomics) [PSYoungGen: 76576K->0K(428032K)] [ParOldGen: 690303K->50701K(664064K)] 766879K->50701K(1092096K), [Metaspace: 60054K->60054K(1105920K)], 0.1414572 secs] [Times: user=0.51 sys=0.00, real=0.14 secs] 
3255.960: [GC (Allocation Failure) [PSYoungGen: 274944K->128224K(456704K)] 325645K->178925K(1120768K), 0.0367558 secs] [Times: user=0.13 sys=0.08, real=0.04 secs] 
3259.937: [GC (Allocation Failure) [PSYoungGen: 437472K->105824K(470016K)] 488173K->275358K(1134080K), 0.0625970 secs] [Times: user=0.35 sys=0.01, real=0.06 secs] 
3261.646: [GC (Allocation Failure) [PSYoungGen: 415072K->143616K(504832K)] 584606K->416799K(1168896K), 0.0583998 secs] [Times: user=0.27 sys=0.08, real=0.06 secs] 
3264.160: [GC (Allocation Failure) [PSYoungGen: 485120K->115200K(457216K)] 758303K->523103K(1121280K), 0.1410655 secs] [Times: user=0.84 sys=0.00, real=0.14 secs] 
3265.043: [GC (Allocation Failure) [PSYoungGen: 456704K->159584K(484864K)] 864607K->679892K(1148928K), 0.0576580 secs] [Times: user=0.33 sys=0.01, real=0.06 secs] 
3265.100: [Full GC (Ergonomics) [PSYoungGen: 159584K->0K(484864K)] [ParOldGen: 520308K->198545K(896000K)] 679892K->198545K(1380864K), [Metaspace: 60062K->60062K(1105920K)], 0.4683001 secs] [Times: user=2.17 sys=0.00, real=0.47 secs] 
3269.031: [GC (Allocation Failure) [PSYoungGen: 304640K->92256K(501760K)] 503185K->290801K(1397760K), 0.0800096 secs] [Times: user=0.46 sys=0.01, real=0.08 secs] 
3271.893: [GC (Allocation Failure) [PSYoungGen: 396896K->142304K(494592K)] 595441K->428498K(1390592K), 0.0464926 secs] [Times: user=0.27 sys=0.01, real=0.05 secs] 
3277.159: [GC (Allocation Failure) [PSYoungGen: 448992K->99840K(407040K)] 735186K->519154K(1303040K), 0.0632083 secs] [Times: user=0.38 sys=0.01, real=0.06 secs] 
3279.233: [GC (Allocation Failure) [PSYoungGen: 406528K->137872K(496128K)] 825842K->654739K(1392128K), 0.0506472 secs] [Times: user=0.30 sys=0.00, real=0.05 secs] 
3281.319: [GC (Allocation Failure) [PSYoungGen: 447632K->106336K(501248K)] 964499K->751543K(1397248K), 0.0661184 secs] [Times: user=0.39 sys=0.00, real=0.07 secs] 
3282.126: [GC (Allocation Failure) [PSYoungGen: 416096K->143360K(498176K)] 1061303K->893463K(1394176K), 0.0755390 secs] [Times: user=0.24 sys=0.17, real=0.07 secs] 
3282.201: [Full GC (Ergonomics) [PSYoungGen: 143360K->0K(498176K)] [ParOldGen: 750103K->169826K(926208K)] 893463K->169826K(1424384K), [Metaspace: 60071K->60071K(1105920K)], 0.3882108 secs] [Times: user=1.78 sys=0.00, real=0.39 secs] 
3287.630: [GC (Allocation Failure) [PSYoungGen: 314368K->99200K(504832K)] 484194K->269026K(1431040K), 0.0375423 secs] [Times: user=0.22 sys=0.01, real=0.04 secs] 
3289.684: [GC (Allocation Failure) [PSYoungGen: 413568K->142096K(503296K)] 583394K->410068K(1429504K), 0.0524867 secs] [Times: user=0.31 sys=0.00, real=0.05 secs] 
3295.947: [GC (Allocation Failure) [PSYoungGen: 461584K->109600K(429568K)] 729556K->510939K(1355776K), 0.0685636 secs] [Times: user=0.41 sys=0.00, real=0.07 secs] 
3297.293: [GC (Allocation Failure) [PSYoungGen: 429088K->142592K(502272K)] 830427K->652272K(1428480K), 0.0577691 secs] [Times: user=0.28 sys=0.00, real=0.06 secs] 
3299.694: [GC (Allocation Failure) [PSYoungGen: 463616K->108544K(507392K)] 973296K->751504K(1433600K), 0.0691953 secs] [Times: user=0.42 sys=0.00, real=0.06 secs] 
3302.225: [GC (Allocation Failure) [PSYoungGen: 429568K->145392K(505344K)] 1072528K->895338K(1431552K), 0.0537090 secs] [Times: user=0.31 sys=0.00, real=0.05 secs] 
3302.279: [Full GC (Ergonomics) [PSYoungGen: 145392K->0K(505344K)] [ParOldGen: 749945K->170026K(990720K)] 895338K->170026K(1496064K), [Metaspace: 60081K->60081K(1105920K)], 0.3960174 secs] [Times: user=1.83 sys=0.00, real=0.40 secs] 
3305.176: [GC (Allocation Failure) [PSYoungGen: 325632K->108256K(510976K)] 495658K->278282K(1501696K), 0.0370848 secs] [Times: user=0.22 sys=0.00, real=0.03 secs] 
3307.557: [GC (Allocation Failure) [PSYoungGen: 433888K->151008K(505856K)] 603914K->427555K(1496576K), 0.0803096 secs] [Times: user=0.48 sys=0.00, real=0.08 secs] 
3311.449: [GC (Allocation Failure) [PSYoungGen: 477152K->107072K(512512K)] 753699K->526187K(1503232K), 0.1313215 secs] [Times: user=0.77 sys=0.00, real=0.13 secs] 
3312.995: [GC (Allocation Failure) [PSYoungGen: 433216K->150048K(505856K)] 852331K->673592K(1496576K), 0.0529397 secs] [Times: user=0.31 sys=0.00, real=0.05 secs] 
3314.949: [GC (Allocation Failure) [PSYoungGen: 474144K->107360K(511488K)] 997688K->771944K(1502208K), 0.1585432 secs] [Times: user=0.95 sys=0.00, real=0.16 secs] 
3316.230: [GC (Allocation Failure) [PSYoungGen: 431456K->153728K(502784K)] 1096040K->921761K(1493504K), 0.0568496 secs] [Times: user=0.31 sys=0.03, real=0.06 secs] 
3321.535: [GC (Allocation Failure) [PSYoungGen: 473728K->102528K(509440K)] 1241761K->1015501K(1500160K), 0.1819854 secs] [Times: user=0.97 sys=0.10, real=0.18 secs] 
3321.717: [Full GC (Ergonomics) [PSYoungGen: 102528K->0K(509440K)] [ParOldGen: 912973K->52461K(927744K)] 1015501K->52461K(1437184K), [Metaspace: 60115K->60115K(1105920K)], 0.1377282 secs] [Times: user=0.61 sys=0.00, real=0.14 secs] 
3322.546: [GC (Allocation Failure) [PSYoungGen: 320000K->150960K(503296K)] 372461K->203422K(1431040K), 0.0302241 secs] [Times: user=0.18 sys=0.00, real=0.03 secs] 
3324.817: [GC (Allocation Failure) [PSYoungGen: 467888K->106272K(507904K)] 520350K->301246K(1435648K), 0.1361921 secs] [Times: user=0.81 sys=0.00, real=0.13 secs] 
3325.964: [GC (Allocation Failure) [PSYoungGen: 416696K->144896K(507392K)] 611671K->442339K(1435136K), 0.0541363 secs] [Times: user=0.28 sys=0.00, real=0.06 secs] 
3331.177: [GC (Allocation Failure) [PSYoungGen: 464896K->100432K(508928K)] 762339K->533827K(1436672K), 0.1443210 secs] [Times: user=0.86 sys=0.00, real=0.14 secs] 
3332.454: [GC (Allocation Failure) [PSYoungGen: 419869K->151120K(503808K)] 853264K->680576K(1431552K), 0.0501889 secs] [Times: user=0.30 sys=0.00, real=0.06 secs] 
3336.189: [GC (Allocation Failure) [PSYoungGen: 468048K->97760K(507904K)] 997504K->769888K(1435648K), 0.1368711 secs] [Times: user=0.72 sys=0.00, real=0.14 secs] 
3337.287: [GC (Allocation Failure) [PSYoungGen: 414688K->150432K(501760K)] 1086816K->916825K(1429504K), 0.0695613 secs] [Times: user=0.42 sys=0.00, real=0.07 secs] 
3337.357: [Full GC (Ergonomics) [PSYoungGen: 150432K->0K(501760K)] [ParOldGen: 766392K->195811K(1107456K)] 916825K->195811K(1609216K), [Metaspace: 60123K->60123K(1105920K)], 0.4600880 secs] [Times: user=2.12 sys=0.00, real=0.46 secs] 
3340.761: [GC (Allocation Failure) [PSYoungGen: 312832K->101744K(505856K)] 508643K->297556K(1613312K), 0.0514265 secs] [Times: user=0.30 sys=0.00, real=0.05 secs] 
3341.550: [GC (Allocation Failure) [PSYoungGen: 414576K->147232K(503808K)] 610388K->441250K(1611264K), 0.0503601 secs] [Times: user=0.30 sys=0.00, real=0.05 secs] 
3344.561: [GC (Allocation Failure) [PSYoungGen: 461088K->101728K(506368K)] 755106K->533470K(1613824K), 0.1082356 secs] [Times: user=0.64 sys=0.00, real=0.11 secs] 
3345.383: [GC (Allocation Failure) [PSYoungGen: 415584K->148416K(503808K)] 847326K->678863K(1611264K), 0.0530546 secs] [Times: user=0.31 sys=0.00, real=0.06 secs] 
3347.954: [GC (Allocation Failure) [PSYoungGen: 462272K->100384K(506368K)] 992719K->770871K(1613824K), 0.1675601 secs] [Times: user=0.99 sys=0.00, real=0.16 secs] 
3349.017: [GC (Allocation Failure) [PSYoungGen: 414240K->149936K(501760K)] 1084727K->916673K(1609216K), 0.0509006 secs] [Times: user=0.30 sys=0.01, real=0.05 secs] 
3351.992: [GC (Allocation Failure) [PSYoungGen: 461744K->101888K(505344K)] 1228481K->1009676K(1612800K), 0.1826822 secs] [Times: user=1.09 sys=0.01, real=0.19 secs] 
3353.475: [GC (Allocation Failure) [PSYoungGen: 413696K->146768K(503808K)] 1321484K->1152321K(1611264K), 0.0566475 secs] [Times: user=0.30 sys=0.03, real=0.05 secs] 
3353.532: [Full GC (Ergonomics) [PSYoungGen: 146768K->0K(503808K)] [ParOldGen: 1005553K->189575K(1137152K)] 1152321K->189575K(1640960K), [Metaspace: 60128K->60128K(1105920K)], 0.4486229 secs] [Times: user=2.08 sys=0.00, real=0.45 secs] 
3355.834: [GC (Allocation Failure) [PSYoungGen: 313344K->101152K(505856K)] 502919K->290727K(1643008K), 0.0984447 secs] [Times: user=0.58 sys=0.01, real=0.09 secs] 
3357.291: [GC (Allocation Failure) [PSYoungGen: 414496K->145600K(503808K)] 604071K->432435K(1640960K), 0.0508106 secs] [Times: user=0.30 sys=0.00, real=0.05 secs] 
3359.483: [GC (Allocation Failure) [PSYoungGen: 459456K->107936K(421888K)] 746291K->530764K(1559040K), 0.1327875 secs] [Times: user=0.78 sys=0.02, real=0.14 secs] 
3361.442: [GC (Allocation Failure) [PSYoungGen: 421792K->147488K(502272K)] 844620K->672328K(1639424K), 0.0523598 secs] [Times: user=0.31 sys=0.00, real=0.06 secs] 
3364.624: [GC (Allocation Failure) [PSYoungGen: 461856K->104544K(504832K)] 986696K->768272K(1641984K), 0.1218891 secs] [Times: user=0.73 sys=0.00, real=0.13 secs] 
3365.500: [GC (Allocation Failure) [PSYoungGen: 418912K->146624K(506368K)] 1082640K->911737K(1643520K), 0.0605953 secs] [Times: user=0.36 sys=0.00, real=0.06 secs] 
3367.832: [GC (Allocation Failure) [PSYoungGen: 465088K->104032K(508416K)] 1230201K->1007257K(1645568K), 0.1679718 secs] [Times: user=1.00 sys=0.00, real=0.17 secs] 
3369.877: [GC (Allocation Failure) [PSYoungGen: 422496K->157936K(499200K)] 1325721K->1161095K(1636352K), 0.0524706 secs] [Times: user=0.31 sys=0.00, real=0.05 secs] 
3369.929: [Full GC (Ergonomics) [PSYoungGen: 157936K->0K(499200K)] [ParOldGen: 1003158K->189967K(1182720K)] 1161095K->189967K(1681920K), [Metaspace: 60133K->60133K(1105920K)], 0.4502151 secs] [Times: user=2.09 sys=0.00, real=0.45 secs] 
3372.354: [GC (Allocation Failure) [PSYoungGen: 311808K->101120K(505344K)] 501775K->291087K(1688064K), 0.1000392 secs] [Times: user=0.59 sys=0.00, real=0.10 secs] 
3374.427: [GC (Allocation Failure) [PSYoungGen: 412928K->144576K(504320K)] 602895K->431548K(1687040K), 0.0507508 secs] [Times: user=0.30 sys=0.00, real=0.05 secs] 
3376.028: [GC (Allocation Failure) [PSYoungGen: 458432K->108176K(422400K)] 745404K->530293K(1605120K), 0.0694776 secs] [Times: user=0.42 sys=0.00, real=0.07 secs] 
3377.964: [GC (Allocation Failure) [PSYoungGen: 422032K->143168K(505344K)] 844149K->667929K(1688064K), 0.0524608 secs] [Times: user=0.31 sys=0.00, real=0.05 secs] 
3380.649: [GC (Allocation Failure) [PSYoungGen: 459584K->105760K(505344K)] 984345K->764269K(1688064K), 0.0755965 secs] [Times: user=0.45 sys=0.00, real=0.08 secs] 
3382.866: [GC (Allocation Failure) [PSYoungGen: 422176K->145968K(505344K)] 1080685K->906938K(1688064K), 0.0532325 secs] [Times: user=0.31 sys=0.00, real=0.05 secs] 
3385.192: [GC (Allocation Failure) [PSYoungGen: 464944K->108064K(507392K)] 1225914K->1006090K(1690112K), 0.1711275 secs] [Times: user=1.01 sys=0.01, real=0.17 secs] 
3387.371: [GC (Allocation Failure) [PSYoungGen: 427023K->149056K(506368K)] 1325050K->1151611K(1689088K), 0.0555064 secs] [Times: user=0.32 sys=0.00, real=0.06 secs] 
3390.562: [GC (Allocation Failure) [PSYoungGen: 470080K->104640K(509440K)] 1472635K->1247567K(1692160K), 0.1781973 secs] [Times: user=0.91 sys=0.12, real=0.18 secs] 
3390.740: [Full GC (Ergonomics) [PSYoungGen: 104640K->0K(509440K)] [ParOldGen: 1142927K->47028K(1093120K)] 1247567K->47028K(1602560K), [Metaspace: 60138K->60138K(1105920K)], 0.1322555 secs] [Times: user=0.55 sys=0.01, real=0.13 secs] 
3392.338: [GC (Allocation Failure) [PSYoungGen: 321024K->150848K(505856K)] 368052K->197876K(1598976K), 0.0301365 secs] [Times: user=0.18 sys=0.00, real=0.03 secs] 
3395.387: [GC (Allocation Failure) [PSYoungGen: 470848K->103008K(509440K)] 517876K->291944K(1602560K), 0.1573032 secs] [Times: user=0.94 sys=0.00, real=0.16 secs] 
3395.967: [GC (Allocation Failure) [PSYoungGen: 423008K->153216K(503296K)] 611944K->441444K(1596416K), 0.0513714 secs] [Times: user=0.31 sys=0.00, real=0.05 secs] 
3398.095: [GC (Allocation Failure) [PSYoungGen: 469120K->103904K(507392K)] 757348K->536592K(1600512K), 0.0746371 secs] [Times: user=0.45 sys=0.00, real=0.07 secs] 
3399.082: [GC (Allocation Failure) [PSYoungGen: 415380K->147488K(506368K)] 848069K->681041K(1599488K), 0.1024264 secs] [Times: user=0.61 sys=0.00, real=0.11 secs] 
3402.279: [GC (Allocation Failure) [PSYoungGen: 464416K->102416K(419840K)] 997969K->775034K(1512960K), 0.1438078 secs] [Times: user=0.85 sys=0.01, real=0.14 secs] 
3403.406: [GC (Allocation Failure) [PSYoungGen: 419344K->148640K(504832K)] 1091962K->919782K(1597952K), 0.0507888 secs] [Times: user=0.30 sys=0.00, real=0.05 secs] 
3405.084: [GC (Allocation Failure) [PSYoungGen: 464544K->104576K(507392K)] 1235686K->1015282K(1600512K), 0.1148539 secs] [Times: user=0.68 sys=0.00, real=0.12 secs] 
3405.199: [Full GC (Ergonomics) [PSYoungGen: 104576K->0K(507392K)] [ParOldGen: 910706K->56920K(1150976K)] 1015282K->56920K(1658368K), [Metaspace: 60152K->60152K(1105920K)], 0.1378788 secs] [Times: user=0.61 sys=0.00, real=0.14 secs] 
3406.271: [GC (Allocation Failure) [PSYoungGen: 315679K->146800K(505856K)] 372600K->203721K(1656832K), 0.0295052 secs] [Times: user=0.17 sys=0.00, real=0.03 secs] 
3408.850: [GC (Allocation Failure) [PSYoungGen: 463728K->103232K(507392K)] 520649K->297916K(1658368K), 0.1685413 secs] [Times: user=1.00 sys=0.00, real=0.17 secs] 
3410.017: [GC (Allocation Failure) [PSYoungGen: 420160K->148656K(505344K)] 614844K->442326K(1656320K), 0.0502339 secs] [Times: user=0.29 sys=0.01, real=0.05 secs] 
3414.422: [GC (Allocation Failure) [PSYoungGen: 465584K->102080K(507904K)] 759254K->535209K(1658880K), 0.1741478 secs] [Times: user=1.04 sys=0.00, real=0.18 secs] 
3415.618: [GC (Allocation Failure) [PSYoungGen: 416318K->148512K(505856K)] 849448K->680346K(1656832K), 0.0744429 secs] [Times: user=0.43 sys=0.01, real=0.07 secs] 
3418.436: [GC (Allocation Failure) [PSYoungGen: 465440K->102048K(507904K)] 997274K->773810K(1658880K), 0.1672810 secs] [Times: user=1.00 sys=0.00, real=0.16 secs] 
3419.855: [GC (Allocation Failure) [PSYoungGen: 416629K->149568K(503808K)] 1088391K->919055K(1654784K), 0.0505940 secs] [Times: user=0.30 sys=0.00, real=0.05 secs] 
3422.373: [GC (Allocation Failure) [PSYoungGen: 464448K->103136K(506880K)] 1233935K->1013491K(1657856K), 0.1589270 secs] [Times: user=0.95 sys=0.00, real=0.16 secs] 
3424.107: [GC (Allocation Failure) [PSYoungGen: 418016K->149632K(503296K)] 1328371K->1158260K(1654272K), 0.0508385 secs] [Times: user=0.30 sys=0.00, real=0.05 secs] 
3424.157: [Full GC (Ergonomics) [PSYoungGen: 149632K->0K(503296K)] [ParOldGen: 1008628K->199466K(1341952K)] 1158260K->199466K(1845248K), [Metaspace: 60192K->60192K(1105920K)], 0.4765705 secs] [Times: user=2.21 sys=0.00, real=0.48 secs] 
3426.473: [GC (Allocation Failure) [PSYoungGen: 313856K->103648K(506368K)] 513322K->303114K(1848320K), 0.0985995 secs] [Times: user=0.58 sys=0.01, real=0.10 secs] 
3427.795: [GC (Allocation Failure) [PSYoungGen: 417001K->146944K(505344K)] 616468K->446623K(1847296K), 0.1320000 secs] [Times: user=0.77 sys=0.00, real=0.13 secs] 
3430.193: [GC (Allocation Failure) [PSYoungGen: 462336K->104832K(420352K)] 762015K->542799K(1762304K), 0.1566406 secs] [Times: user=0.93 sys=0.00, real=0.16 secs] 
3431.247: [GC (Allocation Failure) [PSYoungGen: 419800K->147504K(504320K)] 857768K->686081K(1846272K), 0.0506102 secs] [Times: user=0.30 sys=0.00, real=0.05 secs] 
3433.877: [GC (Allocation Failure) [PSYoungGen: 462896K->102864K(506368K)] 1001473K->779493K(1848320K), 0.1280008 secs] [Times: user=0.75 sys=0.01, real=0.13 secs] 
3434.851: [GC (Allocation Failure) [PSYoungGen: 415726K->148128K(504832K)] 1092354K->923601K(1846784K), 0.0505883 secs] [Times: user=0.30 sys=0.00, real=0.05 secs] 
3437.748: [GC (Allocation Failure) [PSYoungGen: 464544K->100288K(507392K)] 1240017K->1015185K(1849344K), 0.1595357 secs] [Times: user=0.95 sys=0.01, real=0.16 secs] 
3438.927: [GC (Allocation Failure) [PSYoungGen: 416704K->149984K(503808K)] 1331601K->1161162K(1845760K), 0.0512079 secs] [Times: user=0.30 sys=0.00, real=0.05 secs] 
3440.653: [GC (Allocation Failure) [PSYoungGen: 464864K->106048K(506880K)] 1476042K->1258610K(1848832K), 0.1859633 secs] [Times: user=1.06 sys=0.04, real=0.19 secs] 
3441.988: [GC (Allocation Failure) [PSYoungGen: 420928K->145904K(506368K)] 1573490K->1400615K(1848320K), 0.0587299 secs] [Times: user=0.31 sys=0.03, real=0.06 secs] 
3442.047: [Full GC (Ergonomics) [PSYoungGen: 145904K->0K(506368K)] [ParOldGen: 1254711K->199002K(1384448K)] 1400615K->199002K(1890816K), [Metaspace: 60196K->60196K(1105920K)], 0.4861888 secs] [Times: user=2.28 sys=0.00, real=0.48 secs] 
3445.560: [GC (Allocation Failure) [PSYoungGen: 316928K->103184K(507392K)] 515930K->302187K(1891840K), 0.1033585 secs] [Times: user=0.61 sys=0.00, real=0.10 secs] 
3446.688: [GC (Allocation Failure) [PSYoungGen: 420112K->148080K(505344K)] 619115K->446460K(1889792K), 0.0500670 secs] [Times: user=0.30 sys=0.01, real=0.05 secs] 
3450.408: [GC (Allocation Failure) [PSYoungGen: 465008K->102272K(507392K)] 763388K->539995K(1891840K), 0.1639191 secs] [Times: user=0.97 sys=0.00, real=0.16 secs] 
3452.065: [GC (Allocation Failure) [PSYoungGen: 419200K->157200K(499200K)] 856923K->693175K(1883648K), 0.0512754 secs] [Times: user=0.30 sys=0.00, real=0.05 secs] 
3455.769: [GC (Allocation Failure) [PSYoungGen: 467984K->97824K(504832K)] 1003959K->773915K(1889280K), 0.0788136 secs] [Times: user=0.43 sys=0.00, real=0.08 secs] 
3457.567: [GC (Allocation Failure) [PSYoungGen: 408608K->147456K(502272K)] 1084699K->917543K(1886720K), 0.0744904 secs] [Times: user=0.44 sys=0.00, real=0.07 secs] 
3460.037: [GC (Allocation Failure) [PSYoungGen: 457216K->102528K(412672K)] 1227303K->1011695K(1797120K), 0.1776809 secs] [Times: user=1.05 sys=0.00, real=0.18 secs] 
3462.076: [GC (Allocation Failure) [PSYoungGen: 412288K->144016K(503296K)] 1321455K->1151837K(1887744K), 0.0528309 secs] [Times: user=0.31 sys=0.00, real=0.05 secs] 
3463.800: [GC (Allocation Failure) [PSYoungGen: 455312K->105296K(503808K)] 1463133K->1248077K(1888256K), 0.0703263 secs] [Times: user=0.42 sys=0.00, real=0.07 secs] 
3464.558: [GC (Allocation Failure) [PSYoungGen: 416592K->143520K(503296K)] 1559373K->1388269K(1887744K), 0.0543526 secs] [Times: user=0.32 sys=0.01, real=0.05 secs] 
3464.613: [Full GC (Ergonomics) [PSYoungGen: 143520K->0K(503296K)] [ParOldGen: 1244749K->185821K(1398272K)] 1388269K->185821K(1901568K), [Metaspace: 60197K->60197K(1105920K)], 0.4348517 secs] [Times: user=2.00 sys=0.00, real=0.44 secs] 
3467.531: [GC (Allocation Failure) [PSYoungGen: 313856K->106560K(503808K)] 499677K->292381K(1902080K), 0.0675068 secs] [Times: user=0.40 sys=0.00, real=0.07 secs] 
3468.357: [GC (Allocation Failure) [PSYoungGen: 420416K->148080K(503808K)] 606237K->437107K(1902080K), 0.0528928 secs] [Times: user=0.31 sys=0.00, real=0.05 secs] 
3470.976: [GC (Allocation Failure) [PSYoungGen: 465008K->102976K(506368K)] 754035K->530922K(1904640K), 0.1039333 secs] [Times: user=0.62 sys=0.00, real=0.10 secs] 
3471.712: [GC (Allocation Failure) [PSYoungGen: 419904K->151104K(504320K)] 847850K->678975K(1902592K), 0.0519387 secs] [Times: user=0.31 sys=0.00, real=0.06 secs] 
3474.528: [GC (Allocation Failure) [PSYoungGen: 468032K->102208K(507904K)] 995903K->772771K(1906176K), 0.1741736 secs] [Times: user=1.04 sys=0.00, real=0.17 secs] 
3475.960: [GC (Allocation Failure) [PSYoungGen: 419136K->148288K(505856K)] 1089699K->917400K(1904128K), 0.0510344 secs] [Times: user=0.30 sys=0.00, real=0.05 secs] 
3478.937: [GC (Allocation Failure) [PSYoungGen: 465216K->102432K(507904K)] 1234328K->1011048K(1906176K), 0.1525255 secs] [Times: user=0.91 sys=0.00, real=0.15 secs] 
3480.796: [GC (Allocation Failure) [PSYoungGen: 419360K->150688K(503808K)] 1327976K->1157981K(1902080K), 0.0521052 secs] [Times: user=0.31 sys=0.00, real=0.05 secs] 
3483.895: [GC (Allocation Failure) [PSYoungGen: 465568K->101440K(506880K)] 1472861K->1250581K(1905152K), 0.1818475 secs] [Times: user=1.08 sys=0.00, real=0.18 secs] 
3485.162: [GC (Allocation Failure) [PSYoungGen: 416320K->150112K(502784K)] 1565461K->1396622K(1901056K), 0.0516021 secs] [Times: user=0.30 sys=0.00, real=0.05 secs] 
3485.214: [Full GC (Ergonomics) [PSYoungGen: 150112K->0K(502784K)] [ParOldGen: 1246510K->193611K(1398272K)] 1396622K->193611K(1901056K), [Metaspace: 60198K->60198K(1105920K)], 0.4642883 secs] [Times: user=2.17 sys=0.00, real=0.47 secs] 
3489.080: [GC (Allocation Failure) [PSYoungGen: 312832K->99920K(505856K)] 506443K->293532K(1904128K), 0.1043004 secs] [Times: user=0.62 sys=0.00, real=0.11 secs] 
3490.323: [GC (Allocation Failure) [PSYoungGen: 412752K->149504K(502784K)] 606364K->438705K(1901056K), 0.0498149 secs] [Times: user=0.29 sys=0.00, real=0.05 secs] 
3492.554: [GC (Allocation Failure) [PSYoungGen: 461312K->102272K(505344K)] 750513K->532233K(1903616K), 0.1790017 secs] [Times: user=1.06 sys=0.01, real=0.17 secs] 
3494.589: [GC (Allocation Failure) [PSYoungGen: 414080K->146672K(504320K)] 844041K->674610K(1902592K), 0.0508406 secs] [Times: user=0.30 sys=0.00, real=0.05 secs] 
3496.929: [GC (Allocation Failure) [PSYoungGen: 459504K->104288K(417280K)] 987442K->769917K(1815552K), 0.1131483 secs] [Times: user=0.67 sys=0.00, real=0.11 secs] 
3499.383: [GC (Allocation Failure) [PSYoungGen: 417120K->144128K(503296K)] 1082749K->910354K(1901568K), 0.0519459 secs] [Times: user=0.31 sys=0.00, real=0.06 secs] 
3501.439: [GC (Allocation Failure) [PSYoungGen: 457472K->101728K(504320K)] 1223698K->1003006K(1902592K), 0.1426035 secs] [Times: user=0.85 sys=0.00, real=0.14 secs] 
3502.668: [GC (Allocation Failure) [PSYoungGen: 415072K->146080K(504320K)] 1316350K->1146543K(1902592K), 0.0520094 secs] [Times: user=0.31 sys=0.00, real=0.05 secs] 
3504.926: [GC (Allocation Failure) [PSYoungGen: 461984K->103504K(506368K)] 1462447K->1241432K(1904640K), 0.0829380 secs] [Times: user=0.50 sys=0.00, real=0.08 secs] 
3507.817: [GC (Allocation Failure) [PSYoungGen: 419408K->144896K(506368K)] 1557336K->1383820K(1904640K), 0.0538487 secs] [Times: user=0.31 sys=0.01, real=0.05 secs] 
3507.871: [Full GC (Ergonomics) [PSYoungGen: 144896K->0K(506368K)] [ParOldGen: 1238924K->182856K(1398272K)] 1383820K->182856K(1904640K), [Metaspace: 60201K->60201K(1105920K)], 0.4345792 secs] [Times: user=2.01 sys=0.00, real=0.44 secs] 
3510.992: [GC (Allocation Failure) [PSYoungGen: 318464K->110224K(429056K)] 501320K->293081K(1827328K), 0.1123168 secs] [Times: user=0.67 sys=0.00, real=0.12 secs] 
3513.890: [GC (Allocation Failure) [PSYoungGen: 428688K->146688K(504320K)] 611545K->433689K(1902592K), 0.0532516 secs] [Times: user=0.31 sys=0.00, real=0.05 secs] 
3516.062: [GC (Allocation Failure) [PSYoungGen: 465664K->106816K(506880K)] 752665K->531297K(1905152K), 0.1621882 secs] [Times: user=0.96 sys=0.00, real=0.16 secs] 
3518.084: [GC (Allocation Failure) [PSYoungGen: 425792K->148608K(507392K)] 850273K->676634K(1905664K), 0.0737117 secs] [Times: user=0.44 sys=0.00, real=0.07 secs] 
3520.520: [GC (Allocation Failure) [PSYoungGen: 471168K->108688K(510464K)] 999194K->777107K(1908736K), 0.1517102 secs] [Times: user=0.87 sys=0.00, real=0.15 secs] 
3521.866: [GC (Allocation Failure) [PSYoungGen: 431248K->149840K(507904K)] 1099667K->923199K(1906176K), 0.0537460 secs] [Times: user=0.32 sys=0.00, real=0.05 secs] 
3524.992: [GC (Allocation Failure) [PSYoungGen: 472912K->106496K(510976K)] 1246271K->1020095K(1909248K), 0.1136889 secs] [Times: user=0.68 sys=0.01, real=0.12 secs] 
3525.759: [GC (Allocation Failure) [PSYoungGen: 420381K->146800K(509952K)] 1333980K->1162676K(1908224K), 0.0536849 secs] [Times: user=0.32 sys=0.00, real=0.05 secs] 
3528.646: [GC (Allocation Failure) [PSYoungGen: 470896K->107088K(431616K)] 1486772K->1260864K(1829888K), 0.1705563 secs] [Times: user=1.00 sys=0.01, real=0.17 secs] 
3529.690: [GC (Allocation Failure) [PSYoungGen: 420870K->144864K(509952K)] 1574646K->1401504K(1908224K), 0.0518610 secs] [Times: user=0.31 sys=0.00, real=0.05 secs] 
3529.742: [Full GC (Ergonomics) [PSYoungGen: 144864K->0K(509952K)] [ParOldGen: 1256640K->199611K(1398272K)] 1401504K->199611K(1908224K), [Metaspace: 60213K->60213K(1105920K)], 0.4825570 secs] [Times: user=2.24 sys=0.00, real=0.49 secs] 
3533.343: [GC (Allocation Failure) [PSYoungGen: 324608K->108624K(510976K)] 524219K->308236K(1909248K), 0.0548674 secs] [Times: user=0.32 sys=0.00, real=0.06 secs] 
3533.957: [GC (GCLocker Initiated GC) [PSYoungGen: 433232K->153312K(506880K)] 632844K->457660K(1905152K), 0.0528826 secs] [Times: user=0.31 sys=0.00, real=0.05 secs] 
3537.169: [GC (Allocation Failure) [PSYoungGen: 476384K->96064K(510976K)] 780734K->553078K(1909248K), 0.1718312 secs] [Times: user=1.02 sys=0.00, real=0.17 secs] 
3538.123: [GC (Allocation Failure) [PSYoungGen: 419136K->155392K(501760K)] 876150K->702791K(1900032K), 0.0579025 secs] [Times: user=0.34 sys=0.00, real=0.06 secs] 
3541.328: [GC (Allocation Failure) [PSYoungGen: 469248K->93472K(506368K)] 1016647K->796087K(1904640K), 0.1714131 secs] [Times: user=1.02 sys=0.00, real=0.17 secs] 
3542.313: [GC (Allocation Failure) [PSYoungGen: 407328K->148544K(502784K)] 1109943K->939316K(1901056K), 0.0962446 secs] [Times: user=0.57 sys=0.00, real=0.10 secs] 
3545.692: [GC (Allocation Failure) [PSYoungGen: 457444K->88336K(504832K)] 1248216K->1027685K(1903104K), 0.1490414 secs] [Times: user=0.87 sys=0.02, real=0.15 secs] 
3546.469: [GC (Allocation Failure) [PSYoungGen: 399120K->148352K(500736K)] 1338469K->1171865K(1899008K), 0.0535190 secs] [Times: user=0.31 sys=0.00, real=0.05 secs] 
3550.030: [GC (Allocation Failure) [PSYoungGen: 455040K->88768K(502784K)] 1478553K->1260401K(1901056K), 0.1581850 secs] [Times: user=0.94 sys=0.00, real=0.16 secs] 
3550.539: [GC (Allocation Failure) [PSYoungGen: 390045K->143552K(502272K)] 1561678K->1400366K(1900544K), 0.0503895 secs] [Times: user=0.30 sys=0.00, real=0.05 secs] 
3550.590: [Full GC (Ergonomics) [PSYoungGen: 143552K->0K(502272K)] [ParOldGen: 1256814K->199285K(1398272K)] 1400366K->199285K(1900544K), [Metaspace: 60216K->60216K(1105920K)], 0.4672696 secs] [Times: user=2.15 sys=0.00, real=0.47 secs] 
3552.656: [GC (Allocation Failure) [PSYoungGen: 306688K->103264K(410112K)] 505973K->302549K(1808384K), 0.0633481 secs] [Times: user=0.37 sys=0.01, real=0.06 secs] 
3555.144: [GC (Allocation Failure) [PSYoungGen: 409952K->143328K(498688K)] 609237K->442353K(1896960K), 0.1248054 secs] [Times: user=0.74 sys=0.00, real=0.12 secs] 
3559.034: [GC (Allocation Failure) [PSYoungGen: 449504K->93824K(499712K)] 748529K->527834K(1897984K), 0.1237324 secs] [Times: user=0.74 sys=0.01, real=0.12 secs] 
3560.575: [GC (Allocation Failure) [PSYoungGen: 400000K->151440K(498176K)] 834010K->676415K(1896448K), 0.0489757 secs] [Times: user=0.29 sys=0.00, real=0.05 secs] 
3561.903: [GC (Allocation Failure) [PSYoungGen: 458128K->103712K(502784K)] 983103K->762886K(1901056K), 0.0832189 secs] [Times: user=0.49 sys=0.00, real=0.09 secs] 
3565.076: [GC (Allocation Failure) [PSYoungGen: 410400K->138784K(501248K)] 1069574K->899699K(1899520K), 0.0522979 secs] [Times: user=0.31 sys=0.00, real=0.05 secs] 
3566.918: [GC (Allocation Failure) [PSYoungGen: 449568K->104144K(502272K)] 1210483K->994764K(1900544K), 0.0637007 secs] [Times: user=0.38 sys=0.00, real=0.06 secs] 
3570.122: [GC (Allocation Failure) [PSYoungGen: 414928K->140320K(504320K)] 1305548K->1132664K(1902592K), 0.0522797 secs] [Times: user=0.31 sys=0.01, real=0.06 secs] 
3572.504: [GC (Allocation Failure) [PSYoungGen: 456736K->109632K(504832K)] 1449080K->1233264K(1903104K), 0.0652505 secs] [Times: user=0.39 sys=0.00, real=0.06 secs] 
3575.204: [GC (Allocation Failure) [PSYoungGen: 426048K->142752K(505344K)] 1549680K->1373713K(1903616K), 0.0547703 secs] [Times: user=0.33 sys=0.00, real=0.06 secs] 
3575.258: [Full GC (Ergonomics) [PSYoungGen: 142752K->0K(505344K)] [ParOldGen: 1230961K->172011K(1398272K)] 1373713K->172011K(1903616K), [Metaspace: 60219K->60219K(1105920K)], 0.3986668 secs] [Times: user=1.83 sys=0.00, real=0.40 secs] 
3577.952: [GC (Allocation Failure) [PSYoungGen: 321024K->110336K(506880K)] 493035K->282347K(1905152K), 0.0485059 secs] [Times: user=0.28 sys=0.00, real=0.05 secs] 
3581.390: [GC (Allocation Failure) [PSYoungGen: 431360K->153904K(504832K)] 603371K->433509K(1903104K), 0.0550645 secs] [Times: user=0.33 sys=0.00, real=0.06 secs] 
3582.908: [GC (Allocation Failure) [PSYoungGen: 476976K->109920K(510464K)] 756581K->526284K(1908736K), 0.0904533 secs] [Times: user=0.54 sys=0.00, real=0.09 secs] 
3585.303: [GC (Allocation Failure) [PSYoungGen: 432992K->150816K(507392K)] 849356K->674625K(1905664K), 0.0543543 secs] [Times: user=0.32 sys=0.00, real=0.06 secs] 
3587.849: [GC (Allocation Failure) [PSYoungGen: 473888K->105408K(510976K)] 997697K->771289K(1909248K), 0.1729637 secs] [Times: user=1.02 sys=0.00, real=0.17 secs] 
3589.835: [GC (Allocation Failure) [PSYoungGen: 428480K->153088K(504320K)] 1094361K->920298K(1902592K), 0.0529153 secs] [Times: user=0.31 sys=0.00, real=0.05 secs] 
3593.194: [GC (Allocation Failure) [PSYoungGen: 472064K->103424K(508928K)] 1239274K->1015322K(1907200K), 0.1706165 secs] [Times: user=1.01 sys=0.00, real=0.17 secs] 
3595.482: [GC (Allocation Failure) [PSYoungGen: 422400K->149984K(504832K)] 1334298K->1161171K(1903104K), 0.0514994 secs] [Times: user=0.30 sys=0.00, real=0.05 secs] 
3598.178: [GC (Allocation Failure) [PSYoungGen: 466912K->102128K(507904K)] 1478099K->1254760K(1906176K), 0.1774526 secs] [Times: user=1.05 sys=0.00, real=0.18 secs] 
3599.134: [GC (Allocation Failure) [PSYoungGen: 419056K->149936K(504832K)] 1571688K->1401241K(1903104K), 0.0668160 secs] [Times: user=0.39 sys=0.00, real=0.06 secs] 
3599.201: [Full GC (Ergonomics) [PSYoungGen: 149936K->0K(504832K)] [ParOldGen: 1251304K->195449K(1398272K)] 1401241K->195449K(1903104K), [Metaspace: 60231K->60231K(1105920K)], 0.5211682 secs] [Times: user=2.44 sys=0.00, real=0.52 secs] 
3602.545: [GC (Allocation Failure) [PSYoungGen: 315904K->98968K(507392K)] 511353K->294426K(1905664K), 0.0934727 secs] [Times: user=0.54 sys=0.00, real=0.09 secs] 
3604.134: [GC (Allocation Failure) [PSYoungGen: 414872K->149600K(502784K)] 610330K->439422K(1901056K), 0.0492984 secs] [Times: user=0.29 sys=0.00, real=0.04 secs] 
3607.120: [GC (Allocation Failure) [PSYoungGen: 462432K->100992K(505856K)] 752254K->531490K(1904128K), 0.1643203 secs] [Times: user=0.98 sys=0.00, real=0.17 secs] 
3608.575: [GC (Allocation Failure) [PSYoungGen: 413824K->146496K(504832K)] 844322K->674047K(1903104K), 0.0501929 secs] [Times: user=0.29 sys=0.01, real=0.05 secs] 
3610.655: [GC (Allocation Failure) [PSYoungGen: 460352K->104672K(418816K)] 987903K->769895K(1817088K), 0.1545900 secs] [Times: user=0.92 sys=0.00, real=0.15 secs] 
3612.270: [GC (Allocation Failure) [PSYoungGen: 418528K->146944K(502784K)] 1083751K->912755K(1901056K), 0.0523766 secs] [Times: user=0.30 sys=0.01, real=0.05 secs] 
3614.246: [GC (GCLocker Initiated GC) [PSYoungGen: 460288K->104976K(504832K)] 1226100K->1008440K(1903104K), 0.0833992 secs] [Times: user=0.50 sys=0.00, real=0.08 secs] 
3615.496: [GC (Allocation Failure) [PSYoungGen: 418320K->146400K(504320K)] 1321836K->1151032K(1902592K), 0.0524454 secs] [Times: user=0.31 sys=0.00, real=0.05 secs] 
3618.783: [GC (Allocation Failure) [PSYoungGen: 462304K->104960K(506368K)] 1466936K->1246488K(1904640K), 0.1011463 secs] [Times: user=0.60 sys=0.00, real=0.11 secs] 
3619.845: [GC (Allocation Failure) [PSYoungGen: 420864K->148192K(505856K)] 1562392K->1391101K(1904128K), 0.0536523 secs] [Times: user=0.31 sys=0.00, real=0.05 secs] 
3619.898: [Full GC (Ergonomics) [PSYoungGen: 148192K->0K(505856K)] [ParOldGen: 1242909K->190545K(1398272K)] 1391101K->190545K(1904128K), [Metaspace: 60371K->60371K(1105920K)], 0.4575593 secs] [Times: user=2.12 sys=0.00, real=0.46 secs] 
3623.896: [GC (Allocation Failure) [PSYoungGen: 317952K->100672K(507904K)] 508497K->291217K(1906176K), 0.0633175 secs] [Times: user=0.37 sys=0.00, real=0.06 secs] 
3625.178: [GC (Allocation Failure) [PSYoungGen: 418624K->150816K(504320K)] 609169K->438126K(1902592K), 0.0506410 secs] [Times: user=0.30 sys=0.00, real=0.05 secs] 
3628.059: [GC (Allocation Failure) [PSYoungGen: 466720K->104128K(507392K)] 754030K->533338K(1905664K), 0.1665857 secs] [Times: user=0.99 sys=0.00, real=0.17 secs] 
3628.961: [GC (Allocation Failure) [PSYoungGen: 420032K->148064K(504832K)] 849242K->678107K(1903104K), 0.0521063 secs] [Times: user=0.30 sys=0.01, real=0.05 secs] 
3631.656: [GC (Allocation Failure) [PSYoungGen: 463968K->102496K(507392K)] 994011K->771667K(1905664K), 0.1671156 secs] [Times: user=1.00 sys=0.00, real=0.16 secs] 
3633.247: [GC (Allocation Failure) [PSYoungGen: 418400K->150240K(503808K)] 1087571K->917948K(1902080K), 0.0515830 secs] [Times: user=0.30 sys=0.00, real=0.05 secs] 
3635.831: [GC (Allocation Failure) [PSYoungGen: 465120K->102944K(506880K)] 1232828K->1012036K(1905152K), 0.1730353 secs] [Times: user=1.01 sys=0.00, real=0.18 secs] 
3637.664: [GC (Allocation Failure) [PSYoungGen: 417824K->149824K(503808K)] 1326916K->1158077K(1902080K), 0.0522159 secs] [Times: user=0.31 sys=0.00, real=0.06 secs] 
3640.202: [GC (Allocation Failure) [PSYoungGen: 463680K->102496K(506368K)] 1471933K->1252121K(1904640K), 0.1524359 secs] [Times: user=0.91 sys=0.00, real=0.16 secs] 
3641.590: [GC (Allocation Failure) [PSYoungGen: 416352K->146752K(505344K)] 1565977K->1394898K(1903616K), 0.0994547 secs] [Times: user=0.59 sys=0.00, real=0.10 secs] 
3641.690: [Full GC (Ergonomics) [PSYoungGen: 146752K->0K(505344K)] [ParOldGen: 1248146K->192862K(1398272K)] 1394898K->192862K(1903616K), [Metaspace: 60374K->60374K(1105920K)], 0.5023903 secs] [Times: user=2.38 sys=0.01, real=0.50 secs] 
3644.483: [GC (Allocation Failure) [PSYoungGen: 314880K->106736K(421888K)] 507742K->299598K(1820160K), 0.0808945 secs] [Times: user=0.48 sys=0.00, real=0.08 secs] 
3645.737: [GC (Allocation Failure) [PSYoungGen: 421616K->146096K(503808K)] 614478K->441868K(1902080K), 0.0516410 secs] [Times: user=0.30 sys=0.00, real=0.05 secs] 
3648.225: [GC (Allocation Failure) [PSYoungGen: 460976K->105696K(505344K)] 756748K->538235K(1903616K), 0.0674459 secs] [Times: user=0.39 sys=0.00, real=0.06 secs] 
3648.678: [GC (Allocation Failure) [PSYoungGen: 419123K->148192K(505344K)] 851662K->682852K(1903616K), 0.0517687 secs] [Times: user=0.30 sys=0.00, real=0.05 secs] 
3652.492: [GC (Allocation Failure) [PSYoungGen: 465632K->100656K(507392K)] 1000292K->775117K(1905664K), 0.1709403 secs] [Times: user=1.02 sys=0.01, real=0.17 secs] 
3654.239: [GC (Allocation Failure) [PSYoungGen: 418096K->149216K(505344K)] 1092557K->920265K(1903616K), 0.0504290 secs] [Times: user=0.29 sys=0.00, real=0.05 secs] 
3656.272: [GC (Allocation Failure) [PSYoungGen: 466144K->103504K(507904K)] 1237193K->1014898K(1906176K), 0.1700470 secs] [Times: user=1.01 sys=0.00, real=0.17 secs] 
3657.761: [GC (Allocation Failure) [PSYoungGen: 420432K->147744K(505856K)] 1331826K->1158674K(1904128K), 0.0511085 secs] [Times: user=0.30 sys=0.00, real=0.05 secs] 
3661.003: [GC (Allocation Failure) [PSYoungGen: 464672K->102192K(507904K)] 1475602K->1252139K(1906176K), 0.1532481 secs] [Times: user=0.90 sys=0.01, real=0.16 secs] 
3662.002: [GC (GCLocker Initiated GC) [PSYoungGen: 419120K->150256K(503808K)] 1569067K->1398292K(1902080K), 0.0518439 secs] [Times: user=0.31 sys=0.00, real=0.06 secs] 
3662.054: [Full GC (Ergonomics) [PSYoungGen: 150256K->0K(503808K)] [ParOldGen: 1248035K->197000K(1398272K)] 1398292K->197000K(1902080K), [Metaspace: 60392K->60392K(1105920K)], 0.4850898 secs] [Times: user=2.26 sys=0.01, real=0.48 secs] 
3664.212: [GC (Allocation Failure) [PSYoungGen: 314880K->107856K(422912K)] 511883K->304859K(1821184K), 0.0747632 secs] [Times: user=0.37 sys=0.00, real=0.08 secs] 
3665.334: [GC (Allocation Failure) [PSYoungGen: 422736K->146496K(504320K)] 619739K->445382K(1902592K), 0.0602193 secs] [Times: user=0.36 sys=0.00, real=0.07 secs] 
3669.934: [GC (Allocation Failure) [PSYoungGen: 462400K->99376K(506368K)] 761286K->535023K(1904640K), 0.1780141 secs] [Times: user=1.05 sys=0.00, real=0.17 secs] 
3671.181: [GC (Allocation Failure) [PSYoungGen: 415280K->151440K(502784K)] 850927K->682375K(1901056K), 0.0500289 secs] [Times: user=0.30 sys=0.00, real=0.05 secs] 
3673.995: [GC (Allocation Failure) [PSYoungGen: 465296K->102752K(506368K)] 996231K->776711K(1904640K), 0.1703571 secs] [Times: user=1.01 sys=0.00, real=0.17 secs] 
3675.278: [GC (Allocation Failure) [PSYoungGen: 416608K->147904K(504832K)] 1090567K->920584K(1903104K), 0.0513156 secs] [Times: user=0.31 sys=0.00, real=0.05 secs] 
3677.336: [GC (Allocation Failure) [PSYoungGen: 462784K->104672K(419840K)] 1235464K->1015816K(1818112K), 0.1433057 secs] [Times: user=0.84 sys=0.01, real=0.14 secs] 
3677.996: [GC (Allocation Failure) [PSYoungGen: 419552K->147824K(504320K)] 1330696K->1159953K(1902592K), 0.0515409 secs] [Times: user=0.30 sys=0.01, real=0.05 secs] 
3681.550: [GC (Allocation Failure) [PSYoungGen: 462704K->99840K(506368K)] 1474833K->1250905K(1904640K), 0.1818826 secs] [Times: user=1.08 sys=0.00, real=0.18 secs] 
3683.538: [GC (Allocation Failure) [PSYoungGen: 414720K->147152K(505344K)] 1565785K->1394046K(1903616K), 0.0510346 secs] [Times: user=0.30 sys=0.00, real=0.05 secs] 
3683.589: [Full GC (Ergonomics) [PSYoungGen: 147152K->0K(505344K)] [ParOldGen: 1246893K->193415K(1398272K)] 1394046K->193415K(1903616K), [Metaspace: 60397K->60397K(1105920K)], 0.4715785 secs] [Times: user=2.20 sys=0.00, real=0.47 secs] 
3686.456: [GC (Allocation Failure) [PSYoungGen: 315904K->106016K(422400K)] 509319K->299431K(1820672K), 0.0990859 secs] [Times: user=0.58 sys=0.00, real=0.10 secs] 
3688.641: [GC (Allocation Failure) [PSYoungGen: 421920K->147584K(503808K)] 615335K->443740K(1902080K), 0.0599404 secs] [Times: user=0.35 sys=0.00, real=0.06 secs] 
3691.135: [GC (Allocation Failure) [PSYoungGen: 462976K->101424K(506368K)] 759132K->536617K(1904640K), 0.1541373 secs] [Times: user=0.91 sys=0.01, real=0.15 secs] 
3692.501: [GC (Allocation Failure) [PSYoungGen: 416816K->147888K(505856K)] 852009K->680390K(1904128K), 0.0510968 secs] [Times: user=0.31 sys=0.00, real=0.05 secs] 
3696.964: [GC (Allocation Failure) [PSYoungGen: 464816K->102288K(507904K)] 997318K->773234K(1906176K), 0.1732879 secs] [Times: user=1.03 sys=0.00, real=0.17 secs] 
3698.481: [GC (Allocation Failure) [PSYoungGen: 419216K->150304K(503808K)] 1090162K->919674K(1902080K), 0.0513439 secs] [Times: user=0.30 sys=0.00, real=0.05 secs] 
3701.094: [GC (Allocation Failure) [PSYoungGen: 465184K->103136K(506880K)] 1234554K->1014026K(1905152K), 0.0959323 secs] [Times: user=0.57 sys=0.00, real=0.10 secs] 
3702.237: [GC (Allocation Failure) [PSYoungGen: 418016K->147264K(505344K)] 1328906K->1157915K(1903616K), 0.0822950 secs] [Times: user=0.49 sys=0.00, real=0.08 secs] 
3706.793: [GC (Allocation Failure) [PSYoungGen: 463168K->101152K(507392K)] 1473819K->1250291K(1905664K), 0.0757857 secs] [Times: user=0.45 sys=0.00, real=0.08 secs] 
3708.168: [GC (Allocation Failure) [PSYoungGen: 417056K->147008K(505344K)] 1566195K->1393892K(1903616K), 0.1255302 secs] [Times: user=0.74 sys=0.01, real=0.13 secs] 
3708.294: [Full GC (Ergonomics) [PSYoungGen: 147008K->0K(505344K)] [ParOldGen: 1246884K->191585K(1398272K)] 1393892K->191585K(1903616K), [Metaspace: 60405K->60405K(1105920K)], 0.5112372 secs] [Times: user=2.44 sys=0.00, real=0.51 secs] 
3710.908: [GC (Allocation Failure) [PSYoungGen: 315904K->106576K(422912K)] 507489K->298162K(1821184K), 0.1030659 secs] [Times: user=0.61 sys=0.00, real=0.10 secs] 
3712.086: [GC (Allocation Failure) [PSYoungGen: 422480K->148672K(503808K)] 614066K->443294K(1902080K), 0.0519282 secs] [Times: user=0.30 sys=0.00, real=0.05 secs] 
3714.265: [GC (Allocation Failure) [PSYoungGen: 464064K->103648K(506368K)] 758686K->537886K(1904640K), 0.1737663 secs] [Times: user=1.04 sys=0.00, real=0.17 secs] 
3714.835: [GC (Allocation Failure) [PSYoungGen: 416365K->148832K(505344K)] 850603K->682691K(1903616K), 0.0513803 secs] [Times: user=0.30 sys=0.00, real=0.05 secs] 
3718.733: [GC (Allocation Failure) [PSYoungGen: 465760K->98880K(507904K)] 999619K->773135K(1906176K), 0.1799238 secs] [Times: user=1.06 sys=0.00, real=0.18 secs] 
3720.721: [GC (Allocation Failure) [PSYoungGen: 415808K->147808K(505344K)] 1090063K->916916K(1903616K), 0.0495761 secs] [Times: user=0.29 sys=0.00, real=0.05 secs] 
3724.139: [GC (Allocation Failure) [PSYoungGen: 463712K->103824K(419840K)] 1232820K->1011608K(1818112K), 0.1622265 secs] [Times: user=0.96 sys=0.00, real=0.16 secs] 
3724.895: [GC (Allocation Failure) [PSYoungGen: 419728K->149408K(503808K)] 1327512K->1157200K(1902080K), 0.0522857 secs] [Times: user=0.31 sys=0.00, real=0.05 secs] 
3728.712: [GC (Allocation Failure) [PSYoungGen: 464288K->101088K(506880K)] 1472080K->1249564K(1905152K), 0.1612490 secs] [Times: user=0.96 sys=0.01, real=0.16 secs] 
3729.533: [GC (Allocation Failure) [PSYoungGen: 415968K->148128K(504832K)] 1564444K->1394625K(1903104K), 0.0824896 secs] [Times: user=0.49 sys=0.00, real=0.09 secs] 
3729.615: [Full GC (Ergonomics) [PSYoungGen: 148128K->0K(504832K)] [ParOldGen: 1246497K->193593K(1398272K)] 1394625K->193593K(1903104K), [Metaspace: 60406K->60406K(1105920K)], 0.4906866 secs] [Times: user=2.31 sys=0.00, real=0.49 secs] 
3732.946: [GC (Allocation Failure) [PSYoungGen: 314880K->100640K(506880K)] 508473K->294233K(1905152K), 0.1023575 secs] [Times: user=0.60 sys=0.01, real=0.10 secs] 
3733.764: [GC (Allocation Failure) [PSYoungGen: 415520K->156992K(497664K)] 609113K->447838K(1895936K), 0.0509626 secs] [Times: user=0.30 sys=0.00, real=0.05 secs] 
3735.793: [GC (Allocation Failure) [PSYoungGen: 464704K->99936K(503296K)] 755550K->530582K(1901568K), 0.1591582 secs] [Times: user=0.94 sys=0.01, real=0.16 secs] 
3737.344: [GC (Allocation Failure) [PSYoungGen: 407648K->144064K(502272K)] 838294K->671411K(1900544K), 0.1357622 secs] [Times: user=0.81 sys=0.00, real=0.13 secs] 
3739.188: [GC (Allocation Failure) [PSYoungGen: 453824K->103456K(413696K)] 981171K->766467K(1811968K), 0.0960106 secs] [Times: user=0.57 sys=0.00, real=0.10 secs] 
3740.964: [GC (Allocation Failure) [PSYoungGen: 413216K->144320K(502272K)] 1076227K->906864K(1900544K), 0.0511705 secs] [Times: user=0.30 sys=0.00, real=0.06 secs] 
3743.090: [GC (Allocation Failure) [PSYoungGen: 455616K->105280K(503296K)] 1218160K->1002512K(1901568K), 0.0695454 secs] [Times: user=0.41 sys=0.01, real=0.07 secs] 
3744.628: [GC (Allocation Failure) [PSYoungGen: 416576K->139904K(505344K)] 1313808K->1139988K(1903616K), 0.1283434 secs] [Times: user=0.76 sys=0.00, real=0.13 secs] 
3748.593: [GC (Allocation Failure) [PSYoungGen: 456320K->105792K(504832K)] 1456404K->1236957K(1903104K), 0.0800426 secs] [Times: user=0.47 sys=0.00, real=0.08 secs] 
3751.330: [GC (Allocation Failure) [PSYoungGen: 422208K->144720K(505344K)] 1553373K->1379474K(1903616K), 0.0562244 secs] [Times: user=0.33 sys=0.00, real=0.06 secs] 
3751.386: [Full GC (Ergonomics) [PSYoungGen: 144720K->0K(505344K)] [ParOldGen: 1234753K->177874K(1398272K)] 1379474K->177874K(1903616K), [Metaspace: 60408K->60408K(1105920K)], 0.4257973 secs] [Times: user=1.97 sys=0.00, real=0.42 secs] 
3753.447: [GC (Allocation Failure) [PSYoungGen: 320000K->106560K(506880K)] 497874K->284434K(1905152K), 0.0463345 secs] [Times: user=0.28 sys=0.00, real=0.04 secs] 
3756.148: [GC (Allocation Failure) [PSYoungGen: 426560K->146784K(508416K)] 604434K->429007K(1906688K), 0.0532504 secs] [Times: user=0.32 sys=0.00, real=0.05 secs] 
3758.068: [GC (Allocation Failure) [PSYoungGen: 470880K->109904K(510976K)] 753103K->530184K(1909248K), 0.0954619 secs] [Times: user=0.56 sys=0.01, real=0.09 secs] 
3759.734: [GC (Allocation Failure) [PSYoungGen: 434000K->151744K(506880K)] 854280K->677588K(1905152K), 0.0541301 secs] [Times: user=0.32 sys=0.00, real=0.06 secs] 
3762.259: [GC (Allocation Failure) [PSYoungGen: 475328K->108160K(510976K)] 1001172K->776612K(1909248K), 0.1710180 secs] [Times: user=1.01 sys=0.01, real=0.17 secs] 
3764.106: [GC (Allocation Failure) [PSYoungGen: 431416K->149392K(507904K)] 1099869K->922006K(1906176K), 0.0533193 secs] [Times: user=0.31 sys=0.00, real=0.05 secs] 
3767.061: [GC (Allocation Failure) [PSYoungGen: 472464K->105616K(510976K)] 1245078K->1018318K(1909248K), 0.1397723 secs] [Times: user=0.82 sys=0.01, real=0.14 secs] 
3768.219: [GC (Allocation Failure) [PSYoungGen: 416201K->146112K(509952K)] 1328902K->1160314K(1908224K), 0.0511112 secs] [Times: user=0.30 sys=0.00, real=0.05 secs] 
3771.219: [GC (Allocation Failure) [PSYoungGen: 470208K->109216K(433664K)] 1484410K->1260434K(1831936K), 0.1186704 secs] [Times: user=0.71 sys=0.00, real=0.12 secs] 
3772.078: [GC (Allocation Failure) [PSYoungGen: 433312K->151632K(506368K)] 1584530K->1408448K(1904640K), 0.0538390 secs] [Times: user=0.32 sys=0.00, real=0.05 secs] 
3772.132: [Full GC (Ergonomics) [PSYoungGen: 151632K->0K(506368K)] [ParOldGen: 1256815K->206812K(1398272K)] 1408448K->206812K(1904640K), [Metaspace: 60408K->60408K(1105920K)], 0.4908945 secs] [Times: user=2.29 sys=0.00, real=0.49 secs] 
3777.620: [GC (Allocation Failure) [PSYoungGen: 322048K->92448K(509952K)] 528860K->299260K(1908224K), 0.1629520 secs] [Times: user=0.98 sys=0.00, real=0.16 secs] 
3778.815: [GC (Allocation Failure) [PSYoungGen: 414496K->153680K(502272K)] 621308K->448846K(1900544K), 0.0534537 secs] [Times: user=0.31 sys=0.00, real=0.05 secs] 
3782.275: [GC (Allocation Failure) [PSYoungGen: 467536K->90608K(506368K)] 762702K->539134K(1904640K), 0.1811652 secs] [Times: user=1.07 sys=0.01, real=0.18 secs] 
3783.393: [GC (Allocation Failure) [PSYoungGen: 404464K->149216K(501248K)] 852990K->684670K(1899520K), 0.0840334 secs] [Times: user=0.50 sys=0.01, real=0.09 secs] 
3787.256: [GC (Allocation Failure) [PSYoungGen: 457952K->89584K(503808K)] 993406K->774091K(1902080K), 0.1669046 secs] [Times: user=0.97 sys=0.00, real=0.16 secs] 
3788.644: [GC (Allocation Failure) [PSYoungGen: 398073K->144912K(502272K)] 1082579K->914219K(1900544K), 0.0503433 secs] [Times: user=0.30 sys=0.00, real=0.05 secs] 
3791.640: [GC (Allocation Failure) [PSYoungGen: 452624K->100032K(408064K)] 1221931K->1005603K(1806336K), 0.1641330 secs] [Times: user=0.98 sys=0.00, real=0.17 secs] 
3792.631: [GC (Allocation Failure) [PSYoungGen: 407744K->144864K(499712K)] 1313315K->1146564K(1897984K), 0.0507179 secs] [Times: user=0.30 sys=0.00, real=0.05 secs] 
3794.785: [GC (Allocation Failure) [PSYoungGen: 452064K->100992K(501248K)] 1453764K->1238080K(1899520K), 0.1578730 secs] [Times: user=0.93 sys=0.01, real=0.15 secs] 
3796.390: [GC (Allocation Failure) [PSYoungGen: 408192K->142464K(502784K)] 1545280K->1376568K(1901056K), 0.0514463 secs] [Times: user=0.30 sys=0.01, real=0.05 secs] 
3796.441: [Full GC (Ergonomics) [PSYoungGen: 142464K->0K(502784K)] [ParOldGen: 1234104K->182922K(1398272K)] 1376568K->182922K(1901056K), [Metaspace: 60418K->60418K(1105920K)], 0.4385243 secs] [Times: user=2.03 sys=0.00, real=0.44 secs] 
3798.485: [GC (Allocation Failure) [PSYoungGen: 311808K->105760K(503296K)] 494730K->288682K(1901568K), 0.0334260 secs] [Times: user=0.20 sys=0.00, real=0.03 secs] 
3800.924: [GC (Allocation Failure) [PSYoungGen: 417568K->143072K(503808K)] 600490K->428143K(1902080K), 0.0520873 secs] [Times: user=0.31 sys=0.00, real=0.06 secs] 
3804.254: [GC (Allocation Failure) [PSYoungGen: 457234K->107152K(504832K)] 742305K->525964K(1903104K), 0.1039078 secs] [Times: user=0.62 sys=0.00, real=0.10 secs] 
3806.906: [GC (GCLocker Initiated GC) [PSYoungGen: 422544K->143024K(505856K)] 841356K->666465K(1904128K), 0.1491755 secs] [Times: user=0.89 sys=0.00, real=0.15 secs] 
3809.350: [GC (Allocation Failure) [PSYoungGen: 463024K->108256K(506880K)] 986467K->766154K(1905152K), 0.0752319 secs] [Times: user=0.44 sys=0.00, real=0.08 secs] 
3810.784: [GC (Allocation Failure) [PSYoungGen: 428256K->150368K(506368K)] 1086154K->912559K(1904640K), 0.0534108 secs] [Times: user=0.32 sys=0.00, real=0.05 secs] 
3815.826: [GC (Allocation Failure) [PSYoungGen: 472928K->101952K(509952K)] 1235119K->1005499K(1908224K), 0.1182664 secs] [Times: user=0.71 sys=0.00, real=0.12 secs] 
3817.620: [GC (Allocation Failure) [PSYoungGen: 424512K->158480K(499200K)] 1328059K->1160521K(1897472K), 0.0523704 secs] [Times: user=0.30 sys=0.01, real=0.05 secs] 
3820.104: [GC (Allocation Failure) [PSYoungGen: 472336K->104544K(506368K)] 1474377K->1247760K(1904640K), 0.1217502 secs] [Times: user=0.71 sys=0.01, real=0.12 secs] 
3821.730: [GC (Allocation Failure) [PSYoungGen: 418400K->145824K(506368K)] 1561616K->1389621K(1904640K), 0.0524031 secs] [Times: user=0.31 sys=0.00, real=0.05 secs] 
3821.783: [Full GC (Ergonomics) [PSYoungGen: 145824K->0K(506368K)] [ParOldGen: 1243797K->188638K(1398272K)] 1389621K->188638K(1904640K), [Metaspace: 60421K->60421K(1105920K)], 0.4552594 secs] [Times: user=2.11 sys=0.00, real=0.46 secs] 
3824.224: [GC (Allocation Failure) [PSYoungGen: 316928K->104240K(421376K)] 505566K->292879K(1819648K), 0.0952222 secs] [Times: user=0.56 sys=0.00, real=0.09 secs] 
3824.882: [GC (Allocation Failure) [PSYoungGen: 421168K->149472K(503808K)] 609807K->438844K(1902080K), 0.0519157 secs] [Times: user=0.30 sys=0.00, real=0.05 secs] 
3826.832: [GC (Allocation Failure) [PSYoungGen: 464864K->106592K(506880K)] 754236K->536584K(1905152K), 0.1036668 secs] [Times: user=0.62 sys=0.01, real=0.11 secs] 
3828.019: [GC (Allocation Failure) [PSYoungGen: 421984K->147328K(505344K)] 851976K->680044K(1903616K), 0.0525605 secs] [Times: user=0.31 sys=0.00, real=0.05 secs] 
3830.476: [GC (Allocation Failure) [PSYoungGen: 464256K->105824K(507392K)] 996972K->776397K(1905664K), 0.1672089 secs] [Times: user=0.99 sys=0.00, real=0.16 secs] 
3831.329: [GC (Allocation Failure) [PSYoungGen: 421071K->149344K(505344K)] 1091644K->921533K(1903616K), 0.0522218 secs] [Times: user=0.31 sys=0.00, real=0.05 secs] 
3834.579: [GC (Allocation Failure) [PSYoungGen: 466784K->102880K(507904K)] 1238973K->1015725K(1906176K), 0.1672549 secs] [Times: user=1.00 sys=0.00, real=0.17 secs] 
3835.552: [GC (Allocation Failure) [PSYoungGen: 417414K->148336K(506368K)] 1330260K->1160271K(1904640K), 0.0511153 secs] [Times: user=0.30 sys=0.00, real=0.05 secs] 
3839.091: [GC (Allocation Failure) [PSYoungGen: 466288K->97392K(508416K)] 1478223K->1249027K(1906688K), 0.1597881 secs] [Times: user=0.94 sys=0.01, real=0.16 secs] 
3840.933: [GC (Allocation Failure) [PSYoungGen: 415344K->151232K(502272K)] 1566979K->1395591K(1900544K), 0.0500983 secs] [Times: user=0.29 sys=0.00, real=0.05 secs] 
3840.983: [Full GC (Ergonomics) [PSYoungGen: 151232K->0K(502272K)] [ParOldGen: 1244359K->194314K(1398272K)] 1395591K->194314K(1900544K), [Metaspace: 60422K->60422K(1105920K)], 0.4699788 secs] [Times: user=2.20 sys=0.00, real=0.47 secs] 
3844.414: [GC (Allocation Failure) [PSYoungGen: 312832K->103008K(505856K)] 507146K->297322K(1904128K), 0.0986745 secs] [Times: user=0.58 sys=0.00, real=0.09 secs] 
3845.965: [GC (Allocation Failure) [PSYoungGen: 415840K->146944K(505344K)] 610154K->440231K(1903616K), 0.0496253 secs] [Times: user=0.30 sys=0.00, real=0.05 secs] 
3848.505: [GC (Allocation Failure) [PSYoungGen: 461824K->101056K(416256K)] 755111K->532352K(1814528K), 0.1703129 secs] [Times: user=1.01 sys=0.01, real=0.17 secs] 
3850.623: [GC (Allocation Failure) [PSYoungGen: 415936K->147552K(504320K)] 847232K->676076K(1902592K), 0.1366664 secs] [Times: user=0.80 sys=0.01, real=0.14 secs] 
3853.570: [GC (Allocation Failure) [PSYoungGen: 461920K->104864K(506368K)] 990444K->772308K(1904640K), 0.1725199 secs] [Times: user=1.02 sys=0.01, real=0.17 secs] 
3856.271: [GC (Allocation Failure) [PSYoungGen: 419232K->146528K(504832K)] 1086676K->914957K(1903104K), 0.0519520 secs] [Times: user=0.30 sys=0.00, real=0.05 secs] 
3857.762: [GC (Allocation Failure) [PSYoungGen: 461920K->103872K(506368K)] 1230349K->1009877K(1904640K), 0.0789285 secs] [Times: user=0.47 sys=0.00, real=0.08 secs] 
3859.447: [GC (Allocation Failure) [PSYoungGen: 419264K->145184K(505344K)] 1325269K->1151317K(1903616K), 0.1028724 secs] [Times: user=0.61 sys=0.00, real=0.10 secs] 
3864.502: [GC (Allocation Failure) [PSYoungGen: 462112K->102272K(506880K)] 1468245K->1244497K(1905152K), 0.1203406 secs] [Times: user=0.72 sys=0.00, real=0.12 secs] 
3865.617: [GC (GCLocker Initiated GC) [PSYoungGen: 419200K->146592K(505856K)] 1561425K->1388310K(1904128K), 0.1045023 secs] [Times: user=0.61 sys=0.01, real=0.10 secs] 
3865.722: [Full GC (Ergonomics) [PSYoungGen: 146592K->0K(505856K)] [ParOldGen: 1241718K->187036K(1398272K)] 1388310K->187036K(1904128K), [Metaspace: 60430K->60430K(1105920K)], 0.4750842 secs] [Times: user=2.21 sys=0.00, real=0.48 secs] 
3868.883: [GC (Allocation Failure) [PSYoungGen: 318464K->105344K(507904K)] 505503K->292383K(1906176K), 0.1051825 secs] [Times: user=0.62 sys=0.01, real=0.11 secs] 
3870.534: [GC (Allocation Failure) [PSYoungGen: 423808K->148448K(506368K)] 610847K->436866K(1904640K), 0.0520489 secs] [Times: user=0.31 sys=0.00, real=0.05 secs] 
3872.287: [GC (Allocation Failure) [PSYoungGen: 467936K->109888K(508928K)] 756354K->537038K(1907200K), 0.0836922 secs] [Times: user=0.50 sys=0.00, real=0.08 secs] 
3872.832: [GC (Allocation Failure) [PSYoungGen: 429376K->150272K(505856K)] 856526K->683796K(1904128K), 0.0537773 secs] [Times: user=0.32 sys=0.00, real=0.06 secs] 
3875.893: [GC (Allocation Failure) [PSYoungGen: 469760K->101248K(508928K)] 1003284K->776332K(1907200K), 0.1499531 secs] [Times: user=0.87 sys=0.01, real=0.15 secs] 
3877.307: [GC (Allocation Failure) [PSYoungGen: 418969K->150720K(504832K)] 1094053K->922660K(1903104K), 0.0504703 secs] [Times: user=0.29 sys=0.00, real=0.05 secs] 
3879.219: [GC (Allocation Failure) [PSYoungGen: 467648K->106528K(507904K)] 1239588K->1020241K(1906176K), 0.1452866 secs] [Times: user=0.86 sys=0.01, real=0.15 secs] 
3881.973: [GC (Allocation Failure) [PSYoungGen: 422015K->144224K(507904K)] 1335728K->1160941K(1906176K), 0.1457615 secs] [Times: user=0.86 sys=0.01, real=0.15 secs] 
3885.655: [GC (Allocation Failure) [PSYoungGen: 463712K->101824K(508416K)] 1480429K->1254045K(1906688K), 0.1658510 secs] [Times: user=0.98 sys=0.00, real=0.16 secs] 
3887.111: [GC (Allocation Failure) [PSYoungGen: 417949K->149120K(506368K)] 1570171K->1399218K(1904640K), 0.0982765 secs] [Times: user=0.58 sys=0.00, real=0.10 secs] 
3887.210: [Full GC (Ergonomics) [PSYoungGen: 149120K->0K(506368K)] [ParOldGen: 1250098K->197290K(1398272K)] 1399218K->197290K(1904640K), [Metaspace: 60431K->60431K(1105920K)], 0.5107021 secs] [Times: user=2.42 sys=0.00, real=0.51 secs] 
3890.759: [GC (Allocation Failure) [PSYoungGen: 318976K->103712K(508928K)] 516266K->301002K(1907200K), 0.0969078 secs] [Times: user=0.56 sys=0.00, real=0.10 secs] 
3892.104: [GC (Allocation Failure) [PSYoungGen: 414697K->147440K(506880K)] 611987K->444023K(1905152K), 0.0495864 secs] [Times: user=0.30 sys=0.00, real=0.04 secs] 
3896.042: [GC (Allocation Failure) [PSYoungGen: 466416K->103776K(422912K)] 762999K->539243K(1821184K), 0.1758065 secs] [Times: user=1.05 sys=0.00, real=0.18 secs] 
3898.196: [GC (Allocation Failure) [PSYoungGen: 421881K->147792K(505856K)] 857348K->682902K(1904128K), 0.0507163 secs] [Times: user=0.30 sys=0.00, real=0.05 secs] 
3900.902: [GC (Allocation Failure) [PSYoungGen: 466256K->104448K(508416K)] 1001366K->778266K(1906688K), 0.1619863 secs] [Times: user=0.97 sys=0.01, real=0.17 secs] 
3901.838: [GC (Allocation Failure) [PSYoungGen: 413029K->145568K(507392K)] 1086847K->920507K(1905664K), 0.0753049 secs] [Times: user=0.45 sys=0.00, real=0.07 secs] 
3904.379: [GC (Allocation Failure) [PSYoungGen: 465568K->102848K(508928K)] 1240507K->1014971K(1907200K), 0.1537366 secs] [Times: user=0.92 sys=0.00, real=0.15 secs] 
3906.080: [GC (Allocation Failure) [PSYoungGen: 422499K->148352K(506880K)] 1334622K->1159063K(1905152K), 0.0500835 secs] [Times: user=0.29 sys=0.00, real=0.05 secs] 
3909.023: [GC (Allocation Failure) [PSYoungGen: 468352K->105664K(509440K)] 1479063K->1255799K(1907712K), 0.1605514 secs] [Times: user=0.96 sys=0.00, real=0.17 secs] 
3910.143: [GC (Allocation Failure) [PSYoungGen: 414970K->146160K(507904K)] 1565106K->1397293K(1906176K), 0.0513360 secs] [Times: user=0.31 sys=0.00, real=0.06 secs] 
3910.194: [Full GC (Ergonomics) [PSYoungGen: 146160K->0K(507904K)] [ParOldGen: 1251132K->197370K(1398272K)] 1397293K->197370K(1906176K), [Metaspace: 60431K->60431K(1105920K)], 0.4805246 secs] [Times: user=2.22 sys=0.00, real=0.48 secs] 
3913.713: [GC (Allocation Failure) [PSYoungGen: 321024K->103984K(509440K)] 518394K->301354K(1907712K), 0.0983458 secs] [Times: user=0.58 sys=0.00, real=0.10 secs] 
3914.625: [GC (Allocation Failure) [PSYoungGen: 417722K->146400K(507904K)] 615092K->444483K(1906176K), 0.1006671 secs] [Times: user=0.59 sys=0.01, real=0.10 secs] 
3917.072: [GC (Allocation Failure) [PSYoungGen: 467936K->106176K(428032K)] 766019K->542235K(1826304K), 0.1708386 secs] [Times: user=1.02 sys=0.01, real=0.17 secs] 
3918.658: [GC (Allocation Failure) [PSYoungGen: 420182K->144064K(507904K)] 856241K->683203K(1906176K), 0.1216403 secs] [Times: user=0.72 sys=0.01, real=0.12 secs] 
3921.414: [GC (Allocation Failure) [PSYoungGen: 466624K->106688K(509440K)] 1005763K->781499K(1907712K), 0.1674928 secs] [Times: user=0.99 sys=0.00, real=0.17 secs] 
3922.399: [GC (Allocation Failure) [PSYoungGen: 417765K->144416K(509952K)] 1092577K->921924K(1908224K), 0.0515713 secs] [Times: user=0.31 sys=0.00, real=0.05 secs] 
3925.660: [GC (Allocation Failure) [PSYoungGen: 470048K->108912K(510976K)] 1247556K->1021789K(1909248K), 0.1771245 secs] [Times: user=1.05 sys=0.00, real=0.18 secs] 
3926.525: [GC (Allocation Failure) [PSYoungGen: 434544K->153904K(506880K)] 1347421K->1171826K(1905152K), 0.0534864 secs] [Times: user=0.32 sys=0.00, real=0.05 secs] 
3929.971: [GC (Allocation Failure) [PSYoungGen: 478000K->96064K(511488K)] 1495922K->1266937K(1909760K), 0.1716117 secs] [Times: user=1.02 sys=0.01, real=0.17 secs] 
3930.857: [GC (Allocation Failure) [PSYoungGen: 420160K->155840K(500736K)] 1591033K->1416970K(1899008K), 0.0576600 secs] [Times: user=0.34 sys=0.00, real=0.06 secs] 
3930.914: [Full GC (Ergonomics) [PSYoungGen: 155840K->0K(500736K)] [ParOldGen: 1261130K->215686K(1398272K)] 1416970K->215686K(1899008K), [Metaspace: 60431K->60431K(1105920K)], 0.5092652 secs] [Times: user=2.26 sys=0.00, real=0.50 secs] 
3934.395: [GC (Allocation Failure) [PSYoungGen: 313856K->94288K(506368K)] 529542K->309975K(1904640K), 0.1497135 secs] [Times: user=0.88 sys=0.00, real=0.15 secs] 
3935.112: [GC (Allocation Failure) [PSYoungGen: 408144K->150944K(501248K)] 623831K->454823K(1899520K), 0.0543050 secs] [Times: user=0.32 sys=0.00, real=0.06 secs] 
3938.260: [GC (Allocation Failure) [PSYoungGen: 460704K->90976K(504320K)] 764583K->545327K(1902592K), 0.1408531 secs] [Times: user=0.84 sys=0.00, real=0.14 secs] 
3938.792: [GC (Allocation Failure) [PSYoungGen: 400736K->151040K(498688K)] 855087K->690516K(1896960K), 0.0541473 secs] [Times: user=0.32 sys=0.00, real=0.06 secs] 
3942.868: [GC (Allocation Failure) [PSYoungGen: 455680K->87072K(501760K)] 995156K->777068K(1900032K), 0.1712662 secs] [Times: user=1.02 sys=0.00, real=0.17 secs] 
3943.515: [GC (Allocation Failure) [PSYoungGen: 380641K->139008K(498688K)] 1070638K->912529K(1896960K), 0.0487688 secs] [Times: user=0.29 sys=0.00, real=0.04 secs] 
3945.734: [GC (Allocation Failure) [PSYoungGen: 443648K->96544K(500224K)] 1217169K->1000673K(1898496K), 0.1626319 secs] [Times: user=0.96 sys=0.01, real=0.16 secs] 
3947.248: [GC (Allocation Failure) [PSYoungGen: 401184K->143744K(500736K)] 1305313K->1140265K(1899008K), 0.0485528 secs] [Times: user=0.28 sys=0.00, real=0.05 secs] 
3949.485: [GC (Allocation Failure) [PSYoungGen: 451456K->101168K(502272K)] 1447977K->1232442K(1900544K), 0.1507415 secs] [Times: user=0.90 sys=0.00, real=0.15 secs] 
3952.427: [GC (Allocation Failure) [PSYoungGen: 408880K->141008K(501760K)] 1540154K->1370627K(1900032K), 0.0512375 secs] [Times: user=0.30 sys=0.01, real=0.05 secs] 
3952.479: [Full GC (Ergonomics) [PSYoungGen: 141008K->0K(501760K)] [ParOldGen: 1229618K->178385K(1398272K)] 1370627K->178385K(1900032K), [Metaspace: 60431K->60431K(1105920K)], 0.4280498 secs] [Times: user=1.99 sys=0.00, real=0.43 secs] 
3954.002: [GC (Allocation Failure) [PSYoungGen: 310784K->103520K(502272K)] 489169K->281905K(1900544K), 0.0339033 secs] [Times: user=0.20 sys=0.00, real=0.04 secs] 
3956.095: [GC (Allocation Failure) [PSYoungGen: 414304K->144032K(502272K)] 592689K->424026K(1900544K), 0.0526812 secs] [Times: user=0.31 sys=0.00, real=0.05 secs] 
3957.975: [GC (Allocation Failure) [PSYoungGen: 458400K->107168K(504320K)] 738394K->522486K(1902592K), 0.0641269 secs] [Times: user=0.39 sys=0.00, real=0.06 secs] 
3959.848: [GC (Allocation Failure) [PSYoungGen: 421536K->144832K(504832K)] 836854K->665283K(1903104K), 0.0534435 secs] [Times: user=0.32 sys=0.00, real=0.05 secs] 
3963.190: [GC (Allocation Failure) [PSYoungGen: 463808K->103136K(506880K)] 984259K->759811K(1905152K), 0.0707194 secs] [Times: user=0.42 sys=0.00, real=0.07 secs] 
3965.645: [GC (Allocation Failure) [PSYoungGen: 422112K->146720K(507904K)] 1078787K->904060K(1906176K), 0.0524050 secs] [Times: user=0.31 sys=0.00, real=0.05 secs] 
3966.954: [GC (Allocation Failure) [PSYoungGen: 469280K->109504K(432128K)] 1226620K->1004452K(1830400K), 0.0660234 secs] [Times: user=0.39 sys=0.00, real=0.06 secs] 
3969.286: [GC (Allocation Failure) [PSYoungGen: 432064K->149376K(506368K)] 1327012K->1150313K(1904640K), 0.0540296 secs] [Times: user=0.31 sys=0.00, real=0.05 secs] 
3972.611: [GC (Allocation Failure) [PSYoungGen: 471424K->108240K(509952K)] 1472361K->1249782K(1908224K), 0.1608433 secs] [Times: user=0.96 sys=0.00, real=0.16 secs] 
3975.278: [GC (Allocation Failure) [PSYoungGen: 430288K->150752K(506880K)] 1571830K->1396330K(1905152K), 0.0539427 secs] [Times: user=0.32 sys=0.00, real=0.05 secs] 
3975.332: [Full GC (Ergonomics) [PSYoungGen: 150752K->0K(506880K)] [ParOldGen: 1245578K->194011K(1398272K)] 1396330K->194011K(1905152K), [Metaspace: 60434K->60434K(1105920K)], 0.4698388 secs] [Times: user=2.20 sys=0.00, real=0.47 secs] 
3979.424: [GC (Allocation Failure) [PSYoungGen: 322048K->105312K(510464K)] 516059K->299323K(1908736K), 0.0940523 secs] [Times: user=0.55 sys=0.00, real=0.09 secs] 
3980.214: [GC (Allocation Failure) [PSYoungGen: 417711K->148544K(506880K)] 611722K->444781K(1905152K), 0.0822247 secs] [Times: user=0.49 sys=0.00, real=0.09 secs] 
3982.433: [GC (Allocation Failure) [PSYoungGen: 469568K->103424K(509952K)] 765805K->539829K(1908224K), 0.1513982 secs] [Times: user=0.84 sys=0.00, real=0.16 secs] 
3985.584: [GC (Allocation Failure) [PSYoungGen: 424448K->146992K(507904K)] 860853K->683238K(1906176K), 0.1164817 secs] [Times: user=0.69 sys=0.00, real=0.11 secs] 
3988.853: [GC (Allocation Failure) [PSYoungGen: 468016K->102368K(509952K)] 1004262K->776994K(1908224K), 0.1671428 secs] [Times: user=0.99 sys=0.00, real=0.17 secs] 
3989.659: [GC (Allocation Failure) [PSYoungGen: 415951K->148256K(506880K)] 1090578K->922039K(1905152K), 0.0514908 secs] [Times: user=0.31 sys=0.00, real=0.05 secs] 
3992.870: [GC (Allocation Failure) [PSYoungGen: 468256K->102480K(509440K)] 1242039K->1016095K(1907712K), 0.1799839 secs] [Times: user=0.96 sys=0.01, real=0.18 secs] 
3993.839: [GC (Allocation Failure) [PSYoungGen: 418502K->148896K(506368K)] 1332117K->1161168K(1904640K), 0.0518790 secs] [Times: user=0.31 sys=0.00, real=0.05 secs] 
3996.314: [GC (Allocation Failure) [PSYoungGen: 467872K->105344K(508928K)] 1480144K->1257544K(1907200K), 0.1665170 secs] [Times: user=0.99 sys=0.01, real=0.16 secs] 
3997.557: [GC (Allocation Failure) [PSYoungGen: 419243K->145824K(507392K)] 1571443K->1399644K(1905664K), 0.0524056 secs] [Times: user=0.31 sys=0.00, real=0.05 secs] 
3997.610: [Full GC (Ergonomics) [PSYoungGen: 145824K->0K(507392K)] [ParOldGen: 1253820K->197589K(1398272K)] 1399644K->197589K(1905664K), [Metaspace: 60434K->60434K(1105920K)], 0.4809322 secs] [Times: user=2.23 sys=0.00, real=0.48 secs] 
4000.924: [GC (Allocation Failure) [PSYoungGen: 320000K->104320K(508928K)] 517589K->301909K(1907200K), 0.0934216 secs] [Times: user=0.55 sys=0.00, real=0.09 secs] 
4002.611: [GC (Allocation Failure) [PSYoungGen: 422015K->147088K(506368K)] 619605K->444903K(1904640K), 0.0503454 secs] [Times: user=0.29 sys=0.00, real=0.05 secs] 
4005.426: [GC (Allocation Failure) [PSYoungGen: 467088K->104832K(508928K)] 764903K->540982K(1907200K), 0.1493640 secs] [Times: user=0.89 sys=0.01, real=0.15 secs] 
4006.638: [GC (Allocation Failure) [PSYoungGen: 414338K->145152K(508416K)] 850488K->682863K(1906688K), 0.0720507 secs] [Times: user=0.43 sys=0.00, real=0.07 secs] 
4010.346: [GC (Allocation Failure) [PSYoungGen: 467200K->104448K(509952K)] 1004911K->778951K(1908224K), 0.1583252 secs] [Times: user=0.94 sys=0.00, real=0.16 secs] 
4011.611: [GC (Allocation Failure) [PSYoungGen: 417475K->146736K(507392K)] 1091978K->921481K(1905664K), 0.0503323 secs] [Times: user=0.30 sys=0.00, real=0.05 secs] 
4014.277: [GC (Allocation Failure) [PSYoungGen: 468784K->105760K(509952K)] 1243529K->1018768K(1908224K), 0.1644414 secs] [Times: user=0.98 sys=0.00, real=0.16 secs] 
4015.695: [GC (Allocation Failure) [PSYoungGen: 414799K->145408K(509440K)] 1327808K->1160029K(1907712K), 0.0517243 secs] [Times: user=0.31 sys=0.00, real=0.05 secs] 
4018.647: [GC (Allocation Failure) [PSYoungGen: 469504K->106512K(510976K)] 1484125K->1257670K(1909248K), 0.1615060 secs] [Times: user=0.94 sys=0.01, real=0.16 secs] 
4020.355: [GC (Allocation Failure) [PSYoungGen: 416241K->144720K(509440K)] 1567399K->1398434K(1907712K), 0.0517515 secs] [Times: user=0.31 sys=0.00, real=0.05 secs] 
4020.407: [Full GC (Ergonomics) [PSYoungGen: 144720K->0K(509440K)] [ParOldGen: 1253714K->197465K(1398272K)] 1398434K->197465K(1907712K), [Metaspace: 60436K->60436K(1105920K)], 0.4750582 secs] [Times: user=2.20 sys=0.00, real=0.47 secs] 
4024.534: [GC (Allocation Failure) [PSYoungGen: 325120K->103488K(510976K)] 522585K->300953K(1909248K), 0.1052212 secs] [Times: user=0.62 sys=0.00, real=0.10 secs] 
4025.881: [GC (Allocation Failure) [PSYoungGen: 419451K->147616K(509952K)] 616916K->444914K(1908224K), 0.0498329 secs] [Times: user=0.29 sys=0.00, real=0.05 secs] 
4028.287: [GC (GCLocker Initiated GC) [PSYoungGen: 473760K->109040K(435200K)] 771059K->544867K(1833472K), 0.1730979 secs] [Times: user=1.02 sys=0.01, real=0.17 secs] 
4030.162: [GC (Allocation Failure) [PSYoungGen: 435184K->152304K(506368K)] 871014K->693263K(1904640K), 0.1322088 secs] [Times: user=0.78 sys=0.00, real=0.14 secs] 
4033.989: [GC (Allocation Failure) [PSYoungGen: 475376K->97392K(510976K)] 1016335K->790335K(1909248K), 0.1507061 secs] [Times: user=0.87 sys=0.00, real=0.15 secs] 
4034.947: [GC (Allocation Failure) [PSYoungGen: 420464K->152640K(503808K)] 1113407K->937131K(1902080K), 0.0934633 secs] [Times: user=0.54 sys=0.02, real=0.09 secs] 
4039.213: [GC (Allocation Failure) [PSYoungGen: 469568K->92464K(507904K)] 1254059K->1029240K(1906176K), 0.1778743 secs] [Times: user=1.06 sys=0.00, real=0.18 secs] 
4040.536: [GC (Allocation Failure) [PSYoungGen: 409392K->153280K(499712K)] 1346168K->1176360K(1897984K), 0.0534432 secs] [Times: user=0.32 sys=0.00, real=0.05 secs] 
4043.016: [GC (Allocation Failure) [PSYoungGen: 462016K->91312K(503808K)] 1485096K->1267261K(1902080K), 0.1051393 secs] [Times: user=0.62 sys=0.00, real=0.10 secs] 
4044.285: [GC (Allocation Failure) [PSYoungGen: 400048K->146720K(501760K)] 1575997K->1408217K(1900032K), 0.0647422 secs] [Times: user=0.38 sys=0.00, real=0.06 secs] 
4044.350: [Full GC (Ergonomics) [PSYoungGen: 146720K->0K(501760K)] [ParOldGen: 1261497K->206360K(1398272K)] 1408217K->206360K(1900032K), [Metaspace: 60438K->60438K(1105920K)], 0.4925387 secs] [Times: user=2.20 sys=0.00, real=0.49 secs] 
4049.419: [GC (Allocation Failure) [PSYoungGen: 307712K->88737K(503296K)] 514072K->295097K(1901568K), 0.1682292 secs] [Times: user=0.99 sys=0.01, real=0.17 secs] 
4050.058: [GC (Allocation Failure) [PSYoungGen: 396449K->144704K(501760K)] 602809K->436193K(1900032K), 0.0493853 secs] [Times: user=0.29 sys=0.00, real=0.05 secs] 
4053.459: [GC (Allocation Failure) [PSYoungGen: 451392K->98048K(404992K)] 742881K->525818K(1803264K), 0.1749042 secs] [Times: user=1.03 sys=0.01, real=0.17 secs] 
4055.737: [GC (Allocation Failure) [PSYoungGen: 404736K->141728K(501248K)] 832506K->663686K(1899520K), 0.0490113 secs] [Times: user=0.29 sys=0.00, real=0.05 secs] 
4057.274: [GC (Allocation Failure) [PSYoungGen: 449440K->105280K(501248K)] 971398K->759718K(1899520K), 0.0741369 secs] [Times: user=0.44 sys=0.00, real=0.07 secs] 
4058.450: [GC (Allocation Failure) [PSYoungGen: 412992K->143120K(500736K)] 1067430K->897824K(1899008K), 0.0514286 secs] [Times: user=0.31 sys=0.00, real=0.05 secs] 
4061.029: [GC (Allocation Failure) [PSYoungGen: 453904K->103376K(501760K)] 1208608K->992200K(1900032K), 0.0660537 secs] [Times: user=0.39 sys=0.00, real=0.07 secs] 
4063.347: [GC (Allocation Failure) [PSYoungGen: 414160K->141792K(505344K)] 1302984K->1131508K(1903616K), 0.0536284 secs] [Times: user=0.31 sys=0.00, real=0.05 secs] 
4065.843: [GC (Allocation Failure) [PSYoungGen: 459232K->108064K(505856K)] 1448948K->1230116K(1904128K), 0.0665036 secs] [Times: user=0.39 sys=0.00, real=0.07 secs] 
4066.780: [GC (Allocation Failure) [PSYoungGen: 425504K->146896K(504320K)] 1547556K->1374917K(1902592K), 0.0565832 secs] [Times: user=0.33 sys=0.00, real=0.06 secs] 
4066.837: [Full GC (Ergonomics) [PSYoungGen: 146896K->0K(504320K)] [ParOldGen: 1228021K->180867K(1398272K)] 1374917K->180867K(1902592K), [Metaspace: 60438K->60438K(1105920K)], 0.4483987 secs] [Times: user=2.07 sys=0.00, real=0.45 secs] 
4069.482: [GC (Allocation Failure) [PSYoungGen: 319488K->105840K(507392K)] 500355K->286708K(1905664K), 0.0396490 secs] [Times: user=0.24 sys=0.00, real=0.04 secs] 
4071.167: [GC (Allocation Failure) [PSYoungGen: 425328K->147936K(507904K)] 606196K->432376K(1906176K), 0.0527153 secs] [Times: user=0.31 sys=0.00, real=0.05 secs] 
4073.812: [GC (Allocation Failure) [PSYoungGen: 471008K->108320K(431616K)] 755448K->531520K(1829888K), 0.1191346 secs] [Times: user=0.70 sys=0.00, real=0.12 secs] 
4075.009: [GC (Allocation Failure) [PSYoungGen: 431392K->151520K(505344K)] 854592K->680309K(1903616K), 0.0820437 secs] [Times: user=0.49 sys=0.01, real=0.08 secs] 
4078.242: [GC (Allocation Failure) [PSYoungGen: 472544K->102640K(509952K)] 1001333K->774586K(1908224K), 0.1648102 secs] [Times: user=0.97 sys=0.00, real=0.17 secs] 
4079.840: [GC (Allocation Failure) [PSYoungGen: 423664K->151008K(504320K)] 1095610K->921818K(1902592K), 0.0511935 secs] [Times: user=0.30 sys=0.00, real=0.05 secs] 
4082.087: [GC (Allocation Failure) [PSYoungGen: 468960K->102096K(508416K)] 1239770K->1014994K(1906688K), 0.1614918 secs] [Times: user=0.96 sys=0.00, real=0.16 secs] 
4083.598: [GC (Allocation Failure) [PSYoungGen: 415805K->148960K(505344K)] 1328703K->1160095K(1903616K), 0.0507414 secs] [Times: user=0.30 sys=0.00, real=0.05 secs] 
4086.500: [GC (Allocation Failure) [PSYoungGen: 465888K->102112K(507904K)] 1477023K->1253423K(1906176K), 0.1763172 secs] [Times: user=1.05 sys=0.00, real=0.18 secs] 
4087.648: [GC (Allocation Failure) [PSYoungGen: 419040K->148368K(505856K)] 1570351K->1398364K(1904128K), 0.0730208 secs] [Times: user=0.43 sys=0.00, real=0.07 secs] 
4087.721: [Full GC (Ergonomics) [PSYoungGen: 148368K->0K(505856K)] [ParOldGen: 1249995K->196731K(1398272K)] 1398364K->196731K(1904128K), [Metaspace: 60448K->60448K(1105920K)], 0.4770521 secs] [Times: user=2.22 sys=0.00, real=0.48 secs] 
4089.946: [GC (Allocation Failure) [PSYoungGen: 316928K->108352K(425472K)] 513659K->305083K(1823744K), 0.0519474 secs] [Times: user=0.30 sys=0.00, real=0.05 secs] 
4091.216: [GC (Allocation Failure) [PSYoungGen: 419759K->143648K(506368K)] 616490K->444795K(1904640K), 0.0506429 secs] [Times: user=0.30 sys=0.00, real=0.05 secs] 
4094.556: [GC (Allocation Failure) [PSYoungGen: 462112K->106208K(506880K)] 763259K->541375K(1905152K), 0.1066910 secs] [Times: user=0.64 sys=0.00, real=0.10 secs] 
4095.340: [GC (Allocation Failure) [PSYoungGen: 418581K->145296K(506880K)] 853749K->682765K(1905152K), 0.0510332 secs] [Times: user=0.30 sys=0.00, real=0.05 secs] 
4097.485: [GC (Allocation Failure) [PSYoungGen: 466320K->108640K(508416K)] 1003789K->782316K(1906688K), 0.1163839 secs] [Times: user=0.69 sys=0.00, real=0.11 secs] 
4098.920: [GC (GCLocker Initiated GC) [PSYoungGen: 429664K->149776K(506368K)] 1103340K->928786K(1904640K), 0.1142391 secs] [Times: user=0.67 sys=0.00, real=0.12 secs] 
4102.312: [GC (Allocation Failure) [PSYoungGen: 471824K->98592K(509952K)] 1250853K->1027285K(1908224K), 0.1585587 secs] [Times: user=0.94 sys=0.00, real=0.16 secs] 
4103.591: [GC (GCLocker Initiated GC) [PSYoungGen: 420640K->153008K(503808K)] 1349334K->1174352K(1902080K), 0.0553513 secs] [Times: user=0.33 sys=0.00, real=0.06 secs] 
4107.623: [GC (Allocation Failure) [PSYoungGen: 469936K->93760K(507904K)] 1491330K->1267458K(1906176K), 0.1632158 secs] [Times: user=0.98 sys=0.00, real=0.17 secs] 
4108.901: [GC (Allocation Failure) [PSYoungGen: 410688K->152864K(500224K)] 1584386K->1414854K(1898496K), 0.1090973 secs] [Times: user=0.64 sys=0.01, real=0.11 secs] 
4109.010: [Full GC (Ergonomics) [PSYoungGen: 152864K->0K(500224K)] [ParOldGen: 1261990K->213905K(1398272K)] 1414854K->213905K(1898496K), [Metaspace: 60448K->60448K(1105920K)], 0.5256080 secs] [Times: user=2.48 sys=0.00, real=0.53 secs] 
4112.600: [GC (Allocation Failure) [PSYoungGen: 309760K->89760K(504320K)] 523665K->303665K(1902592K), 0.1474892 secs] [Times: user=0.87 sys=0.00, real=0.15 secs] 
4113.330: [GC (Allocation Failure) [PSYoungGen: 399520K->166960K(486400K)] 613425K->464458K(1884672K), 0.0530499 secs] [Times: user=0.31 sys=0.00, real=0.05 secs] 
4115.097: [GC (Allocation Failure) [PSYoungGen: 459312K->85920K(495616K)] 756810K->533377K(1893888K), 0.1545170 secs] [Times: user=0.92 sys=0.00, real=0.15 secs] 
4116.922: [GC (Allocation Failure) [PSYoungGen: 378272K->135936K(488960K)] 825729K->665512K(1887232K), 0.0476216 secs] [Times: user=0.28 sys=0.00, real=0.05 secs] 
4119.460: [GC (Allocation Failure) [PSYoungGen: 428800K->95008K(492544K)] 958376K->751256K(1890816K), 0.0746652 secs] [Times: user=0.44 sys=0.00, real=0.08 secs] 
4121.104: [GC (Allocation Failure) [PSYoungGen: 387872K->132848K(491008K)] 1044120K->882342K(1889280K), 0.0923608 secs] [Times: user=0.55 sys=0.01, real=0.09 secs] 
4124.206: [GC (Allocation Failure) [PSYoungGen: 434928K->104432K(495616K)] 1184422K->977710K(1893888K), 0.0631145 secs] [Times: user=0.38 sys=0.00, real=0.06 secs] 
4126.268: [GC (Allocation Failure) [PSYoungGen: 406512K->137392K(502272K)] 1279790K->1113219K(1900544K), 0.0590805 secs] [Times: user=0.35 sys=0.00, real=0.06 secs] 
4129.299: [GC (Allocation Failure) [PSYoungGen: 452784K->107600K(504320K)] 1428611K->1211267K(1902592K), 0.0648518 secs] [Times: user=0.39 sys=0.01, real=0.07 secs] 
4131.422: [GC (Allocation Failure) [PSYoungGen: 422992K->137920K(507904K)] 1526659K->1347439K(1906176K), 0.0618748 secs] [Times: user=0.37 sys=0.00, real=0.07 secs] 
4133.666: [GC (Allocation Failure) [PSYoungGen: 460992K->114976K(507904K)] 1670511K->1452807K(1906176K), 0.0762600 secs] [Times: user=0.40 sys=0.05, real=0.07 secs] 
4133.742: [Full GC (Ergonomics) [PSYoungGen: 114976K->0K(507904K)] [ParOldGen: 1337831K->22231K(1398272K)] 1452807K->22231K(1906176K), [Metaspace: 60448K->60448K(1105920K)], 0.0323225 secs] [Times: user=0.08 sys=0.00, real=0.04 secs] 
4135.510: [GC (Allocation Failure) [PSYoungGen: 323072K->143680K(506368K)] 345303K->165911K(1904640K), 0.0301312 secs] [Times: user=0.17 sys=0.00, real=0.03 secs] 
4137.928: [GC (Allocation Failure) [PSYoungGen: 470336K->114432K(508928K)] 492567K->270991K(1907200K), 0.0709356 secs] [Times: user=0.41 sys=0.01, real=0.07 secs] 
4139.730: [GC (Allocation Failure) [PSYoungGen: 441088K->150880K(510464K)] 597647K->419720K(1908736K), 0.0550390 secs] [Times: user=0.32 sys=0.00, real=0.06 secs] 
4141.690: [GC (Allocation Failure) [PSYoungGen: 483168K->113888K(515072K)] 752008K->524648K(1913344K), 0.0660451 secs] [Times: user=0.39 sys=0.00, real=0.07 secs] 
4143.436: [GC (Allocation Failure) [PSYoungGen: 446176K->155392K(507392K)] 856936K->676341K(1905664K), 0.0553336 secs] [Times: user=0.33 sys=0.00, real=0.05 secs] 
4148.668: [GC (Allocation Failure) [PSYoungGen: 483584K->103584K(513536K)] 1004533K->770957K(1911808K), 0.1647346 secs] [Times: user=0.96 sys=0.01, real=0.16 secs] 
4150.716: [GC (Allocation Failure) [PSYoungGen: 420550K->147808K(510464K)] 1087924K->914850K(1908736K), 0.0512334 secs] [Times: user=0.31 sys=0.01, real=0.05 secs] 
4153.377: [GC (Allocation Failure) [PSYoungGen: 474976K->108608K(513024K)] 1242018K->1014754K(1911296K), 0.1356471 secs] [Times: user=0.81 sys=0.00, real=0.13 secs] 
4154.095: [GC (Allocation Failure) [PSYoungGen: 435776K->153792K(506368K)] 1341922K->1164786K(1904640K), 0.0535206 secs] [Times: user=0.32 sys=0.00, real=0.05 secs] 
4157.545: [GC (Allocation Failure) [PSYoungGen: 476864K->97248K(510976K)] 1487858K->1260915K(1909248K), 0.1651312 secs] [Times: user=0.98 sys=0.00, real=0.16 secs] 
4158.754: [GC (Allocation Failure) [PSYoungGen: 420320K->156080K(501248K)] 1583987K->1411196K(1899520K), 0.0577224 secs] [Times: user=0.34 sys=0.00, real=0.06 secs] 
4158.811: [Full GC (Ergonomics) [PSYoungGen: 156080K->0K(501248K)] [ParOldGen: 1255115K->215608K(1398272K)] 1411196K->215608K(1899520K), [Metaspace: 60449K->60449K(1105920K)], 0.5021515 secs] [Times: user=2.35 sys=0.00, real=0.50 secs] 
4162.412: [GC (Allocation Failure) [PSYoungGen: 313856K->91696K(506368K)] 529464K->307305K(1904640K), 0.1391183 secs] [Times: user=0.82 sys=0.00, real=0.14 secs] 
4163.112: [GC (Allocation Failure) [PSYoungGen: 405552K->151456K(500224K)] 621161K->452249K(1898496K), 0.0531293 secs] [Times: user=0.31 sys=0.00, real=0.06 secs] 
4166.032: [GC (Allocation Failure) [PSYoungGen: 456011K->88880K(503296K)] 756804K->540377K(1901568K), 0.1659822 secs] [Times: user=0.99 sys=0.00, real=0.17 secs] 
4166.976: [GC (Allocation Failure) [PSYoungGen: 396592K->179680K(476672K)] 848089K->716090K(1874944K), 0.0532509 secs] [Times: user=0.31 sys=0.00, real=0.05 secs] 
4169.865: [GC (Allocation Failure) [PSYoungGen: 460768K->79552K(360960K)] 997178K->762646K(1759232K), 0.1490766 secs] [Times: user=0.88 sys=0.00, real=0.14 secs] 
4171.641: [GC (Allocation Failure) [PSYoungGen: 360640K->131648K(495104K)] 1043734K->890698K(1893376K), 0.0823760 secs] [Times: user=0.48 sys=0.00, real=0.08 secs] 
4173.927: [GC (Allocation Failure) [PSYoungGen: 417344K->94816K(380928K)] 1176394K->976603K(1779200K), 0.0625712 secs] [Times: user=0.37 sys=0.00, real=0.06 secs] 
4176.265: [GC (Allocation Failure) [PSYoungGen: 380512K->125936K(493568K)] 1262299K->1101584K(1891840K), 0.0637440 secs] [Times: user=0.37 sys=0.00, real=0.06 secs] 
4178.740: [GC (Allocation Failure) [PSYoungGen: 418288K->117152K(486912K)] 1393936K->1209547K(1885184K), 0.0637012 secs] [Times: user=0.38 sys=0.00, real=0.06 secs] 
4180.820: [GC (Allocation Failure) [PSYoungGen: 409504K->110576K(496128K)] 1501899K->1320028K(1894400K), 0.0809752 secs] [Times: user=0.48 sys=0.00, real=0.08 secs] 
4183.337: [GC (Allocation Failure) [PSYoungGen: 418288K->138464K(491520K)] 1627740K->1447384K(1889792K), 0.0622870 secs] [Times: user=0.37 sys=0.00, real=0.06 secs] 
4183.400: [Full GC (Ergonomics) [PSYoungGen: 138464K->0K(491520K)] [ParOldGen: 1308920K->251959K(1398272K)] 1447384K->251959K(1889792K), [Metaspace: 60450K->60450K(1105920K)], 0.5401205 secs] [Times: user=2.37 sys=0.00, real=0.54 secs] 
4185.971: [GC (Allocation Failure) [PSYoungGen: 307712K->102992K(512512K)] 559671K->354952K(1910784K), 0.0344106 secs] [Times: user=0.20 sys=0.00, real=0.04 secs] 
4188.585: [GC (Allocation Failure) [PSYoungGen: 432208K->145568K(510464K)] 684168K->489700K(1908736K), 0.0627787 secs] [Times: user=0.36 sys=0.00, real=0.06 secs] 
4189.741: [GC (Allocation Failure) [PSYoungGen: 474784K->117184K(510464K)] 818916K->606964K(1908736K), 0.0833480 secs] [Times: user=0.50 sys=0.00, real=0.09 secs] 
4193.496: [GC (Allocation Failure) [PSYoungGen: 450496K->131360K(512512K)] 940276K->727361K(1910784K), 0.0617635 secs] [Times: user=0.37 sys=0.00, real=0.06 secs] 
4196.016: [GC (Allocation Failure) [PSYoungGen: 464672K->131568K(516096K)] 1060673K->858994K(1914368K), 0.0684006 secs] [Times: user=0.41 sys=0.00, real=0.07 secs] 
4198.412: [GC (Allocation Failure) [PSYoungGen: 474608K->5856K(349184K)] 1202034K->733305K(1747456K), 0.0031737 secs] [Times: user=0.02 sys=0.01, real=0.01 secs] 
4200.348: [GC (Allocation Failure) [PSYoungGen: 348896K->153424K(494080K)] 1076345K->884938K(1892352K), 0.0316153 secs] [Times: user=0.18 sys=0.00, real=0.03 secs] 
4202.586: [GC (Allocation Failure) [PSYoungGen: 458064K->104688K(501760K)] 1189578K->980210K(1900032K), 0.0670000 secs] [Times: user=0.40 sys=0.01, real=0.06 secs] 
4203.798: [GC (Allocation Failure) [PSYoungGen: 409328K->141024K(501248K)] 1284850K->1119046K(1899520K), 0.0523888 secs] [Times: user=0.31 sys=0.00, real=0.05 secs] 
4206.188: [GC (Allocation Failure) [PSYoungGen: 451296K->105408K(415744K)] 1429318K->1215254K(1814016K), 0.0645612 secs] [Times: user=0.38 sys=0.00, real=0.06 secs] 
4207.821: [GC (Allocation Failure) [PSYoungGen: 415680K->140880K(501248K)] 1525526K->1354284K(1899520K), 0.0530287 secs] [Times: user=0.31 sys=0.00, real=0.06 secs] 
4207.874: [Full GC (Ergonomics) [PSYoungGen: 140880K->0K(501248K)] [ParOldGen: 1213403K->164834K(1398272K)] 1354284K->164834K(1899520K), [Metaspace: 60450K->60450K(1105920K)], 0.3897613 secs] [Times: user=1.81 sys=0.00, real=0.39 secs] 
4211.410: [GC (Allocation Failure) [PSYoungGen: 313344K->105472K(502784K)] 478178K->270306K(1901056K), 0.0426040 secs] [Times: user=0.26 sys=0.00, real=0.04 secs] 
4212.872: [GC (Allocation Failure) [PSYoungGen: 418816K->140944K(504320K)] 583650K->410312K(1902592K), 0.0546329 secs] [Times: user=0.32 sys=0.00, real=0.06 secs] 
4214.907: [GC (Allocation Failure) [PSYoungGen: 460432K->109200K(506368K)] 729800K->510224K(1904640K), 0.0638153 secs] [Times: user=0.38 sys=0.00, real=0.06 secs] 
4216.706: [GC (Allocation Failure) [PSYoungGen: 428688K->145920K(504832K)] 829712K->654752K(1903104K), 0.0561926 secs] [Times: user=0.33 sys=0.00, real=0.05 secs] 
4218.268: [GC (Allocation Failure) [PSYoungGen: 468992K->111232K(508928K)] 977824K->757136K(1907200K), 0.0660043 secs] [Times: user=0.38 sys=0.00, real=0.07 secs] 
4219.912: [GC (Allocation Failure) [PSYoungGen: 434304K->147168K(508928K)] 1080208K->901941K(1907200K), 0.0553697 secs] [Times: user=0.33 sys=0.00, real=0.06 secs] 
4221.970: [GC (Allocation Failure) [PSYoungGen: 474848K->112368K(512512K)] 1229621K->1004846K(1910784K), 0.0671582 secs] [Times: user=0.40 sys=0.00, real=0.07 secs] 
4224.229: [GC (Allocation Failure) [PSYoungGen: 440048K->151328K(508928K)] 1332526K->1152930K(1907200K), 0.0555605 secs] [Times: user=0.33 sys=0.00, real=0.06 secs] 
4228.077: [GC (Allocation Failure) [PSYoungGen: 479520K->107392K(513536K)] 1481122K->1251154K(1911808K), 0.1699371 secs] [Times: user=1.01 sys=0.01, real=0.17 secs] 
4229.985: [GC (Allocation Failure) [PSYoungGen: 430368K->151232K(507904K)] 1574131K->1398999K(1906176K), 0.0548622 secs] [Times: user=0.33 sys=0.00, real=0.05 secs] 
4230.040: [Full GC (Ergonomics) [PSYoungGen: 151232K->0K(507904K)] [ParOldGen: 1247767K->196772K(1398272K)] 1398999K->196772K(1906176K), [Metaspace: 60452K->60452K(1105920K)], 0.4819583 secs] [Times: user=2.23 sys=0.00, real=0.48 secs] 
4232.508: [GC (Allocation Failure) [PSYoungGen: 325120K->105952K(512000K)] 521892K->302724K(1910272K), 0.1075767 secs] [Times: user=0.63 sys=0.00, real=0.11 secs] 
4233.727: [GC (Allocation Failure) [PSYoungGen: 419163K->145920K(510464K)] 615936K->444673K(1908736K), 0.0505218 secs] [Times: user=0.30 sys=0.01, real=0.05 secs] 
4236.679: [GC (Allocation Failure) [PSYoungGen: 472064K->109424K(435712K)] 770817K->544958K(1833984K), 0.1651837 secs] [Times: user=0.98 sys=0.01, real=0.17 secs] 
4237.779: [GC (Allocation Failure) [PSYoungGen: 435568K->153856K(505344K)] 871102K->694810K(1903616K), 0.0532524 secs] [Times: user=0.32 sys=0.00, real=0.05 secs] 
4241.321: [GC (Allocation Failure) [PSYoungGen: 475904K->98304K(510464K)] 1016858K->792462K(1908736K), 0.1735811 secs] [Times: user=0.91 sys=0.00, real=0.18 secs] 
4241.974: [GC (Allocation Failure) [PSYoungGen: 420352K->155520K(501248K)] 1114510K->942219K(1899520K), 0.0564222 secs] [Times: user=0.34 sys=0.00, real=0.05 secs] 
4245.288: [GC (Allocation Failure) [PSYoungGen: 469376K->92448K(506368K)] 1256075K->1034263K(1904640K), 0.1596706 secs] [Times: user=0.95 sys=0.00, real=0.16 secs] 
4246.013: [GC (Allocation Failure) [PSYoungGen: 406304K->153120K(498688K)] 1348119K->1181276K(1896960K), 0.0552940 secs] [Times: user=0.33 sys=0.00, real=0.06 secs] 
4249.018: [GC (Allocation Failure) [PSYoungGen: 459808K->91680K(502784K)] 1487964K->1272740K(1901056K), 0.1675915 secs] [Times: user=1.00 sys=0.00, real=0.17 secs] 
4251.766: [GC (Allocation Failure) [PSYoungGen: 398368K->144048K(502784K)] 1579428K->1411053K(1901056K), 0.1198147 secs] [Times: user=0.71 sys=0.00, real=0.12 secs] 
4251.886: [Full GC (Ergonomics) [PSYoungGen: 144048K->0K(502784K)] [ParOldGen: 1267004K->209254K(1398272K)] 1411053K->209254K(1901056K), [Metaspace: 60452K->60452K(1105920K)], 0.5209344 secs] [Times: user=2.46 sys=0.00, real=0.52 secs] 
4256.678: [GC (Allocation Failure) [PSYoungGen: 307712K->91296K(399360K)] 516966K->300550K(1797632K), 0.1606074 secs] [Times: user=0.94 sys=0.00, real=0.16 secs] 
4257.617: [GC (Allocation Failure) [PSYoungGen: 387783K->139088K(503808K)] 597038K->435878K(1902080K), 0.0496653 secs] [Times: user=0.30 sys=0.00, real=0.05 secs] 
4259.384: [GC (Allocation Failure) [PSYoungGen: 448336K->97968K(407552K)] 745126K->525158K(1805824K), 0.1363399 secs] [Times: user=0.79 sys=0.02, real=0.13 secs] 
4261.421: [GC (Allocation Failure) [PSYoungGen: 407216K->145696K(499712K)] 834406K->666238K(1897984K), 0.0487249 secs] [Times: user=0.29 sys=0.00, real=0.05 secs] 
4263.504: [GC (Allocation Failure) [PSYoungGen: 454432K->104256K(501760K)] 974974K->761454K(1900032K), 0.0643191 secs] [Times: user=0.38 sys=0.00, real=0.06 secs] 
4265.986: [GC (Allocation Failure) [PSYoungGen: 412992K->142528K(503296K)] 1070190K->901371K(1901568K), 0.0639650 secs] [Times: user=0.38 sys=0.00, real=0.06 secs] 
4268.375: [GC (Allocation Failure) [PSYoungGen: 456384K->104960K(504320K)] 1215227K->997387K(1902592K), 0.0648663 secs] [Times: user=0.39 sys=0.00, real=0.06 secs] 
4270.318: [GC (Allocation Failure) [PSYoungGen: 418816K->145888K(503296K)] 1311243K->1140024K(1901568K), 0.0527765 secs] [Times: user=0.31 sys=0.00, real=0.05 secs] 
4273.180: [GC (Allocation Failure) [PSYoungGen: 462304K->104736K(505856K)] 1456440K->1235576K(1904128K), 0.0640936 secs] [Times: user=0.38 sys=0.00, real=0.07 secs] 
4275.736: [GC (Allocation Failure) [PSYoungGen: 421152K->155376K(501248K)] 1551992K->1387712K(1899520K), 0.0529581 secs] [Times: user=0.32 sys=0.00, real=0.05 secs] 
4275.789: [Full GC (Ergonomics) [PSYoungGen: 155376K->0K(501248K)] [ParOldGen: 1232335K->186599K(1398272K)] 1387712K->186599K(1899520K), [Metaspace: 60452K->60452K(1105920K)], 0.4428870 secs] [Times: user=2.04 sys=0.00, real=0.44 secs] 
4278.378: [GC (Allocation Failure) [PSYoungGen: 314880K->102384K(506880K)] 501479K->288984K(1905152K), 0.0322807 secs] [Times: user=0.19 sys=0.00, real=0.03 secs] 
4280.940: [GC (Allocation Failure) [PSYoungGen: 417264K->147488K(504320K)] 603864K->432884K(1902592K), 0.0515138 secs] [Times: user=0.30 sys=0.00, real=0.05 secs] 
4283.196: [GC (Allocation Failure) [PSYoungGen: 462368K->104400K(419328K)] 747764K->528569K(1817600K), 0.0646309 secs] [Times: user=0.38 sys=0.00, real=0.06 secs] 
4286.821: [GC (Allocation Failure) [PSYoungGen: 419280K->147744K(503808K)] 843449K->672293K(1902080K), 0.0522145 secs] [Times: user=0.31 sys=0.01, real=0.05 secs] 
4288.519: [GC (Allocation Failure) [PSYoungGen: 462624K->105072K(506368K)] 987173K->768278K(1904640K), 0.0932812 secs] [Times: user=0.55 sys=0.00, real=0.09 secs] 
4291.442: [GC (Allocation Failure) [PSYoungGen: 419952K->144816K(505856K)] 1083158K->909403K(1904128K), 0.0520127 secs] [Times: user=0.31 sys=0.00, real=0.06 secs] 
4293.215: [GC (Allocation Failure) [PSYoungGen: 462256K->109600K(506880K)] 1226843K->1009630K(1905152K), 0.0888943 secs] [Times: user=0.52 sys=0.00, real=0.09 secs] 
4295.632: [GC (Allocation Failure) [PSYoungGen: 427040K->146048K(504832K)] 1327070K->1151867K(1903104K), 0.0539697 secs] [Times: user=0.32 sys=0.00, real=0.06 secs] 
4298.497: [GC (Allocation Failure) [PSYoungGen: 465024K->108704K(506880K)] 1470843K->1251319K(1905152K), 0.0747993 secs] [Times: user=0.44 sys=0.01, real=0.07 secs] 
4300.233: [GC (Allocation Failure) [PSYoungGen: 427680K->147104K(507392K)] 1570295K->1394900K(1905664K), 0.1498356 secs] [Times: user=0.89 sys=0.01, real=0.15 secs] 
4300.383: [Full GC (Ergonomics) [PSYoungGen: 147104K->0K(507392K)] [ParOldGen: 1247796K->193762K(1398272K)] 1394900K->193762K(1905664K), [Metaspace: 60452K->60452K(1105920K)], 0.5250474 secs] [Times: user=2.51 sys=0.00, real=0.53 secs] 
4303.244: [GC (Allocation Failure) [PSYoungGen: 322560K->108416K(509952K)] 516322K->302178K(1908224K), 0.0515022 secs] [Times: user=0.31 sys=0.01, real=0.05 secs] 
4304.902: [GC (Allocation Failure) [PSYoungGen: 429983K->146864K(508928K)] 623746K->444816K(1907200K), 0.0514285 secs] [Times: user=0.31 sys=0.00, real=0.05 secs] 
4308.869: [GC (Allocation Failure) [PSYoungGen: 471472K->105664K(510976K)] 769424K->540983K(1909248K), 0.1598119 secs] [Times: user=0.95 sys=0.01, real=0.16 secs] 
4310.699: [GC (Allocation Failure) [PSYoungGen: 414907K->145840K(510976K)] 850226K->682465K(1909248K), 0.0508494 secs] [Times: user=0.30 sys=0.00, real=0.05 secs] 
4313.768: [GC (Allocation Failure) [PSYoungGen: 472496K->108416K(435200K)] 1009121K->781880K(1833472K), 0.1283061 secs] [Times: user=0.76 sys=0.01, real=0.13 secs] 
4315.454: [GC (Allocation Failure) [PSYoungGen: 435072K->153056K(506368K)] 1108536K->930969K(1904640K), 0.1242987 secs] [Times: user=0.74 sys=0.00, real=0.12 secs] 
4319.851: [GC (Allocation Failure) [PSYoungGen: 476128K->96544K(510976K)] 1254041K->1026889K(1909248K), 0.1584468 secs] [Times: user=0.94 sys=0.00, real=0.16 secs] 
4320.459: [GC (Allocation Failure) [PSYoungGen: 419616K->154880K(502272K)] 1349961K->1176078K(1900544K), 0.0565490 secs] [Times: user=0.33 sys=0.00, real=0.06 secs] 
4324.161: [GC (Allocation Failure) [PSYoungGen: 469760K->95824K(506880K)] 1490958K->1271262K(1905152K), 0.1657215 secs] [Times: user=0.98 sys=0.00, real=0.17 secs] 
4325.479: [GC (Allocation Failure) [PSYoungGen: 410704K->149968K(501760K)] 1586142K->1415623K(1900032K), 0.1274500 secs] [Times: user=0.76 sys=0.00, real=0.13 secs] 
4325.606: [Full GC (Ergonomics) [PSYoungGen: 149968K->0K(501760K)] [ParOldGen: 1265654K->215138K(1398272K)] 1415623K->215138K(1900032K), [Metaspace: 60453K->60453K(1105920K)], 0.5550241 secs] [Times: user=2.66 sys=0.00, real=0.55 secs] 
4330.009: [GC (Allocation Failure) [PSYoungGen: 310784K->89920K(504832K)] 525922K->305058K(1903104K), 0.1494557 secs] [Times: user=0.89 sys=0.00, real=0.15 secs] 
4330.966: [GC (Allocation Failure) [PSYoungGen: 400704K->148288K(501248K)] 615842K->447655K(1899520K), 0.0526714 secs] [Times: user=0.31 sys=0.00, real=0.05 secs] 
4333.714: [GC (Allocation Failure) [PSYoungGen: 456000K->92512K(503296K)] 755367K->539591K(1901568K), 0.1646835 secs] [Times: user=0.98 sys=0.01, real=0.16 secs] 
4334.362: [GC (Allocation Failure) [PSYoungGen: 388023K->138720K(500224K)] 835102K->674776K(1898496K), 0.0494256 secs] [Times: user=0.29 sys=0.00, real=0.05 secs] 
4337.013: [GC (Allocation Failure) [PSYoungGen: 447456K->100640K(502272K)] 983512K->766688K(1900544K), 0.1623948 secs] [Times: user=0.97 sys=0.00, real=0.17 secs] 
4338.311: [GC (Allocation Failure) [PSYoungGen: 409376K->144896K(502784K)] 1075424K->908157K(1901056K), 0.0509883 secs] [Times: user=0.30 sys=0.00, real=0.05 secs] 
4341.061: [GC (Allocation Failure) [PSYoungGen: 457216K->104640K(504320K)] 1220477K->1003829K(1902592K), 0.1098330 secs] [Times: user=0.66 sys=0.00, real=0.11 secs] 
4342.107: [GC (Allocation Failure) [PSYoungGen: 416960K->147152K(502784K)] 1316149K->1147122K(1901056K), 0.0517121 secs] [Times: user=0.30 sys=0.00, real=0.05 secs] 
4344.973: [GC (Allocation Failure) [PSYoungGen: 461008K->100592K(505344K)] 1460978K->1238642K(1903616K), 0.0649352 secs] [Times: user=0.38 sys=0.00, real=0.07 secs] 
4345.826: [GC (Allocation Failure) [PSYoungGen: 414448K->148336K(503808K)] 1552498K->1383879K(1902080K), 0.0520979 secs] [Times: user=0.31 sys=0.00, real=0.05 secs] 
4345.878: [Full GC (Ergonomics) [PSYoungGen: 148336K->0K(503808K)] [ParOldGen: 1235542K->190842K(1398272K)] 1383879K->190842K(1902080K), [Metaspace: 60455K->60455K(1105920K)], 0.4621877 secs] [Times: user=2.14 sys=0.01, real=0.46 secs] 
4348.124: [GC (Allocation Failure) [PSYoungGen: 314880K->105632K(420864K)] 505722K->296474K(1819136K), 0.1030678 secs] [Times: user=0.60 sys=0.00, real=0.10 secs] 
4349.395: [GC (Allocation Failure) [PSYoungGen: 420512K->149216K(503296K)] 611354K->442203K(1901568K), 0.0518455 secs] [Times: user=0.30 sys=0.00, real=0.05 secs] 
4350.895: [GC (Allocation Failure) [PSYoungGen: 464096K->100752K(506368K)] 757083K->534227K(1904640K), 0.0890045 secs] [Times: user=0.52 sys=0.02, real=0.09 secs] 
4353.527: [GC (Allocation Failure) [PSYoungGen: 415632K->149296K(503296K)] 849107K->678896K(1901568K), 0.0498308 secs] [Times: user=0.30 sys=0.00, real=0.05 secs] 
4354.886: [GC (Allocation Failure) [PSYoungGen: 463152K->103104K(506368K)] 992752K->772972K(1904640K), 0.0961741 secs] [Times: user=0.57 sys=0.00, real=0.09 secs] 
4357.188: [GC (Allocation Failure) [PSYoungGen: 416960K->149168K(503296K)] 1086828K->918745K(1901568K), 0.1087579 secs] [Times: user=0.65 sys=0.00, real=0.11 secs] 
4359.937: [GC (Allocation Failure) [PSYoungGen: 463024K->100704K(506368K)] 1232601K->1010968K(1904640K), 0.1651127 secs] [Times: user=0.97 sys=0.01, real=0.16 secs] 
4361.856: [GC (Allocation Failure) [PSYoungGen: 414560K->147904K(503808K)] 1324824K->1155057K(1902080K), 0.0503483 secs] [Times: user=0.29 sys=0.00, real=0.05 secs] 
4364.407: [GC (Allocation Failure) [PSYoungGen: 461760K->102400K(506368K)] 1468913K->1248953K(1904640K), 0.1490009 secs] [Times: user=0.89 sys=0.00, real=0.15 secs] 
4366.589: [GC (Allocation Failure) [PSYoungGen: 416256K->145280K(504832K)] 1562809K->1390422K(1903104K), 0.0513360 secs] [Times: user=0.30 sys=0.00, real=0.05 secs] 
4366.641: [Full GC (Ergonomics) [PSYoungGen: 145280K->0K(504832K)] [ParOldGen: 1245142K->189312K(1398272K)] 1390422K->189312K(1903104K), [Metaspace: 60463K->60463K(1105920K)], 0.4569397 secs] [Times: user=2.12 sys=0.00, real=0.46 secs] 
4368.950: [GC (Allocation Failure) [PSYoungGen: 314880K->104256K(419328K)] 504192K->293569K(1817600K), 0.0323764 secs] [Times: user=0.19 sys=0.00, real=0.03 secs] 
4370.668: [GC (Allocation Failure) [PSYoungGen: 419136K->147488K(503296K)] 608449K->437717K(1901568K), 0.0518731 secs] [Times: user=0.30 sys=0.01, real=0.05 secs] 
4374.686: [GC (Allocation Failure) [PSYoungGen: 462368K->99872K(505856K)] 752597K->528797K(1904128K), 0.0646616 secs] [Times: user=0.38 sys=0.00, real=0.06 secs] 
4377.816: [GC (Allocation Failure) [PSYoungGen: 414752K->144288K(507392K)] 843677K->669394K(1905664K), 0.0502026 secs] [Times: user=0.30 sys=0.00, real=0.05 secs] 
4379.503: [GC (Allocation Failure) [PSYoungGen: 462752K->108736K(427520K)] 987858K->768766K(1825792K), 0.0763900 secs] [Times: user=0.45 sys=0.00, real=0.08 secs] 
4382.118: [GC (Allocation Failure) [PSYoungGen: 427200K->145216K(504832K)] 1087230K->910267K(1903104K), 0.0534123 secs] [Times: user=0.32 sys=0.00, real=0.05 secs] 
4385.229: [GC (Allocation Failure) [PSYoungGen: 463680K->106272K(506368K)] 1228731K->1007327K(1904640K), 0.0817269 secs] [Times: user=0.48 sys=0.00, real=0.08 secs] 
4386.742: [GC (Allocation Failure) [PSYoungGen: 424736K->149824K(506368K)] 1325791K->1154436K(1904640K), 0.0876100 secs] [Times: user=0.50 sys=0.01, real=0.09 secs] 
4390.081: [GC (Allocation Failure) [PSYoungGen: 470848K->105024K(509952K)] 1475460K->1250868K(1908224K), 0.1789932 secs] [Times: user=1.06 sys=0.00, real=0.18 secs] 
4391.940: [GC (Allocation Failure) [PSYoungGen: 425533K->151168K(505344K)] 1571377K->1398129K(1903616K), 0.0530248 secs] [Times: user=0.32 sys=0.00, real=0.05 secs] 
4391.993: [Full GC (Ergonomics) [PSYoungGen: 151168K->0K(505344K)] [ParOldGen: 1246961K->196804K(1398272K)] 1398129K->196804K(1903616K), [Metaspace: 60478K->60478K(1105920K)], 0.4868442 secs] [Times: user=2.25 sys=0.01, real=0.49 secs] 
4394.536: [GC (Allocation Failure) [PSYoungGen: 318976K->105216K(508928K)] 515780K->302020K(1907200K), 0.0639790 secs] [Times: user=0.31 sys=0.01, real=0.06 secs] 
4396.922: [GC (Allocation Failure) [PSYoungGen: 415487K->145856K(508416K)] 612292K->443789K(1906688K), 0.1363566 secs] [Times: user=0.82 sys=0.00, real=0.14 secs] 
4400.841: [GC (Allocation Failure) [PSYoungGen: 466880K->104272K(425472K)] 764813K->539614K(1823744K), 0.1430681 secs] [Times: user=0.84 sys=0.00, real=0.14 secs] 
4402.134: [GC (Allocation Failure) [PSYoungGen: 419404K->146080K(507904K)] 854746K->682386K(1906176K), 0.0509728 secs] [Times: user=0.30 sys=0.00, real=0.05 secs] 
4406.685: [GC (Allocation Failure) [PSYoungGen: 467104K->105920K(509440K)] 1003410K->779754K(1907712K), 0.1608414 secs] [Times: user=0.96 sys=0.00, real=0.16 secs] 
4409.355: [GC (Allocation Failure) [PSYoungGen: 421655K->145920K(507904K)] 1095489K->921039K(1906176K), 0.0508044 secs] [Times: user=0.30 sys=0.00, real=0.05 secs] 
4411.340: [GC (Allocation Failure) [PSYoungGen: 467968K->108224K(509440K)] 1243087K->1020347K(1907712K), 0.1652011 secs] [Times: user=0.99 sys=0.00, real=0.17 secs] 
4413.152: [GC (Allocation Failure) [PSYoungGen: 416304K->141728K(510464K)] 1328428K->1159012K(1908736K), 0.0573797 secs] [Times: user=0.34 sys=0.00, real=0.06 secs] 
4416.273: [GC (Allocation Failure) [PSYoungGen: 467360K->109248K(510464K)] 1484644K->1259820K(1908736K), 0.1673617 secs] [Times: user=1.00 sys=0.00, real=0.17 secs] 
4418.392: [GC (Allocation Failure) [PSYoungGen: 434880K->151824K(507392K)] 1585452K->1407590K(1905664K), 0.0535660 secs] [Times: user=0.31 sys=0.01, real=0.06 secs] 
4418.445: [Full GC (Ergonomics) [PSYoungGen: 151824K->0K(507392K)] [ParOldGen: 1255765K->206773K(1398272K)] 1407590K->206773K(1905664K), [Metaspace: 60486K->60486K(1105920K)], 0.4815947 secs] [Times: user=2.23 sys=0.00, real=0.48 secs] 
4422.652: [GC (Allocation Failure) [PSYoungGen: 323539K->94960K(511488K)] 530312K->301734K(1909760K), 0.1857573 secs] [Times: user=1.11 sys=0.01, real=0.19 secs] 
4424.133: [GC (Allocation Failure) [PSYoungGen: 420080K->152864K(503808K)] 626854K->450894K(1902080K), 0.0708242 secs] [Times: user=0.42 sys=0.00, real=0.07 secs] 
4427.750: [GC (Allocation Failure) [PSYoungGen: 470816K->96128K(508416K)] 768846K->546862K(1906688K), 0.1709471 secs] [Times: user=1.02 sys=0.00, real=0.17 secs] 
4428.943: [GC (Allocation Failure) [PSYoungGen: 414080K->152960K(501248K)] 864814K->693895K(1899520K), 0.1085565 secs] [Times: user=0.64 sys=0.00, real=0.11 secs] 
4432.195: [GC (Allocation Failure) [PSYoungGen: 464768K->90144K(505344K)] 1005703K->783819K(1903616K), 0.1685785 secs] [Times: user=1.00 sys=0.00, real=0.17 secs] 
4433.832: [GC (Allocation Failure) [PSYoungGen: 401952K->167456K(486400K)] 1095627K->944680K(1884672K), 0.1462781 secs] [Times: user=0.87 sys=0.00, real=0.15 secs] 
4437.060: [GC (Allocation Failure) [PSYoungGen: 460832K->84256K(496128K)] 1238056K->1012232K(1894400K), 0.1612446 secs] [Times: user=0.95 sys=0.00, real=0.16 secs] 
4439.160: [GC (Allocation Failure) [PSYoungGen: 377632K->136960K(489984K)] 1305608K->1146277K(1888256K), 0.1318437 secs] [Times: user=0.78 sys=0.00, real=0.13 secs] 
4441.478: [GC (Allocation Failure) [PSYoungGen: 430336K->92320K(493056K)] 1439653K->1230253K(1891328K), 0.0612075 secs] [Times: user=0.37 sys=0.00, real=0.06 secs] 
4443.537: [GC (GCLocker Initiated GC) [PSYoungGen: 385696K->134864K(493056K)] 1523629K->1363086K(1891328K), 0.1245653 secs] [Times: user=0.74 sys=0.00, real=0.12 secs] 
4443.662: [Full GC (Ergonomics) [PSYoungGen: 134864K->0K(493056K)] [ParOldGen: 1228222K->169043K(1398272K)] 1363086K->169043K(1891328K), [Metaspace: 60486K->60486K(1105920K)], 0.4510393 secs] [Times: user=2.14 sys=0.00, real=0.45 secs] 
4445.802: [GC (Allocation Failure) [PSYoungGen: 301568K->99312K(496640K)] 470614K->268359K(1894912K), 0.0368856 secs] [Times: user=0.21 sys=0.00, real=0.04 secs] 
4447.758: [GC (Allocation Failure) [PSYoungGen: 400880K->137280K(501248K)] 569927K->404331K(1899520K), 0.0561384 secs] [Times: user=0.33 sys=0.00, real=0.06 secs] 
4450.163: [GC (Allocation Failure) [PSYoungGen: 449088K->109952K(502784K)] 716139K->505631K(1901056K), 0.0704146 secs] [Times: user=0.35 sys=0.00, real=0.07 secs] 
4452.735: [GC (Allocation Failure) [PSYoungGen: 421760K->136800K(505856K)] 817439K->641120K(1904128K), 0.0577627 secs] [Times: user=0.34 sys=0.00, real=0.05 secs] 
4454.588: [GC (Allocation Failure) [PSYoungGen: 456288K->113488K(504832K)] 960608K->745181K(1903104K), 0.0651811 secs] [Times: user=0.38 sys=0.00, real=0.06 secs] 
4457.366: [GC (Allocation Failure) [PSYoungGen: 432976K->142016K(506368K)] 1064669K->885665K(1904640K), 0.0560636 secs] [Times: user=0.33 sys=0.00, real=0.05 secs] 
4458.569: [GC (Allocation Failure) [PSYoungGen: 467648K->114672K(507904K)] 1211297K->990817K(1906176K), 0.0662649 secs] [Times: user=0.39 sys=0.00, real=0.07 secs] 
4459.830: [GC (Allocation Failure) [PSYoungGen: 440304K->149472K(509952K)] 1316449K->1138706K(1908224K), 0.0569279 secs] [Times: user=0.33 sys=0.00, real=0.06 secs] 
4463.274: [GC (GCLocker Initiated GC) [PSYoungGen: 481248K->109360K(514048K)] 1470483K->1239507K(1912320K), 0.0690604 secs] [Times: user=0.41 sys=0.00, real=0.06 secs] 
4464.951: [GC (GCLocker Initiated GC) [PSYoungGen: 441136K->151664K(509952K)] 1571286K->1389359K(1908224K), 0.0558829 secs] [Times: user=0.33 sys=0.00, real=0.06 secs] 
4465.007: [Full GC (Ergonomics) [PSYoungGen: 151664K->0K(509952K)] [ParOldGen: 1237695K->186130K(1398272K)] 1389359K->186130K(1908224K), [Metaspace: 60488K->60488K(1105920K)], 0.4506348 secs] [Times: user=2.10 sys=0.00, real=0.45 secs] 
4468.272: [GC (Allocation Failure) [PSYoungGen: 330240K->111680K(514560K)] 516422K->297862K(1912832K), 0.0482549 secs] [Times: user=0.28 sys=0.00, real=0.05 secs] 
4470.335: [GC (Allocation Failure) [PSYoungGen: 441920K->151216K(509440K)] 628102K->445927K(1907712K), 0.1421136 secs] [Times: user=0.84 sys=0.00, real=0.14 secs] 
4473.563: [GC (GCLocker Initiated GC) [PSYoungGen: 479408K->108176K(513536K)] 774121K->545353K(1911808K), 0.0852231 secs] [Times: user=0.50 sys=0.00, real=0.09 secs] 
4474.895: [GC (Allocation Failure) [PSYoungGen: 436368K->153696K(506880K)] 873546K->695222K(1905152K), 0.1160235 secs] [Times: user=0.69 sys=0.00, real=0.11 secs] 
4478.067: [GC (Allocation Failure) [PSYoungGen: 477792K->98128K(511488K)] 1019318K->793151K(1909760K), 0.1411347 secs] [Times: user=0.84 sys=0.00, real=0.14 secs] 
4478.549: [GC (Allocation Failure) [PSYoungGen: 422224K->157088K(500736K)] 1117247K->944475K(1899008K), 0.0568980 secs] [Times: user=0.33 sys=0.00, real=0.06 secs] 
4481.789: [GC (Allocation Failure) [PSYoungGen: 470944K->93280K(506368K)] 1258331K->1037327K(1904640K), 0.1502730 secs] [Times: user=0.89 sys=0.00, real=0.15 secs] 
4482.557: [GC (Allocation Failure) [PSYoungGen: 407136K->151632K(500736K)] 1351183K->1183588K(1899008K), 0.0779309 secs] [Times: user=0.46 sys=0.00, real=0.08 secs] 
4486.066: [GC (Allocation Failure) [PSYoungGen: 460368K->89264K(503808K)] 1492324K->1272476K(1902080K), 0.1613862 secs] [Times: user=0.96 sys=0.00, real=0.16 secs] 
4486.574: [GC (Allocation Failure) [PSYoungGen: 398000K->148928K(499712K)] 1581212K->1415587K(1897984K), 0.0526842 secs] [Times: user=0.31 sys=0.01, real=0.06 secs] 
4486.626: [Full GC (Ergonomics) [PSYoungGen: 148928K->0K(499712K)] [ParOldGen: 1266659K->212376K(1398272K)] 1415587K->212376K(1897984K), [Metaspace: 60497K->60497K(1105920K)], 0.4940136 secs] [Times: user=2.29 sys=0.00, real=0.49 secs] 
4490.510: [GC (Allocation Failure) [PSYoungGen: 300797K->89328K(501760K)] 513173K->301704K(1900032K), 0.1527468 secs] [Times: user=0.91 sys=0.00, real=0.15 secs] 
4491.805: [GC (Allocation Failure) [PSYoungGen: 389921K->138688K(498176K)] 602297K->436804K(1896448K), 0.0488087 secs] [Times: user=0.29 sys=0.00, real=0.04 secs] 
4494.038: [GC (Allocation Failure) [PSYoungGen: 443840K->99072K(500224K)] 741956K->526844K(1898496K), 0.1001735 secs] [Times: user=0.59 sys=0.00, real=0.10 secs] 
4495.263: [GC (Allocation Failure) [PSYoungGen: 404224K->145728K(500736K)] 831996K->669057K(1899008K), 0.0492302 secs] [Times: user=0.29 sys=0.00, real=0.05 secs] 
4496.553: [GC (Allocation Failure) [PSYoungGen: 454464K->103328K(502784K)] 977793K->763497K(1901056K), 0.0680856 secs] [Times: user=0.41 sys=0.00, real=0.07 secs] 
4497.531: [GC (Allocation Failure) [PSYoungGen: 412064K->146752K(500736K)] 1072233K->906558K(1899008K), 0.0531954 secs] [Times: user=0.28 sys=0.00, real=0.06 secs] 
4500.181: [GC (Allocation Failure) [PSYoungGen: 457024K->103232K(503296K)] 1216830K->1000878K(1901568K), 0.1095968 secs] [Times: user=0.65 sys=0.00, real=0.11 secs] 
4501.462: [GC (Allocation Failure) [PSYoungGen: 413504K->144352K(504320K)] 1311150K->1141639K(1902592K), 0.0520666 secs] [Times: user=0.29 sys=0.01, real=0.05 secs] 
4503.965: [GC (Allocation Failure) [PSYoungGen: 458720K->104672K(505344K)] 1456007K->1236903K(1903616K), 0.0776183 secs] [Times: user=0.46 sys=0.00, real=0.07 secs] 
4505.740: [GC (Allocation Failure) [PSYoungGen: 419040K->147104K(503296K)] 1551271K->1380956K(1901568K), 0.0618699 secs] [Times: user=0.37 sys=0.00, real=0.06 secs] 
4505.802: [Full GC (Ergonomics) [PSYoungGen: 147104K->0K(503296K)] [ParOldGen: 1233852K->187081K(1398272K)] 1380956K->187081K(1901568K), [Metaspace: 60497K->60497K(1105920K)], 0.4564793 secs] [Times: user=2.12 sys=0.01, real=0.46 secs] 
4508.882: [GC (Allocation Failure) [PSYoungGen: 315392K->103936K(505856K)] 502473K->291017K(1904128K), 0.0438809 secs] [Times: user=0.25 sys=0.00, real=0.05 secs] 
4511.404: [GC (Allocation Failure) [PSYoungGen: 419328K->146560K(505344K)] 606409K->433902K(1903616K), 0.0513231 secs] [Times: user=0.30 sys=0.00, real=0.05 secs] 
4513.474: [GC (Allocation Failure) [PSYoungGen: 464512K->104480K(507904K)] 751854K->529326K(1906176K), 0.0945444 secs] [Times: user=0.56 sys=0.00, real=0.10 secs] 
4515.384: [GC (Allocation Failure) [PSYoungGen: 422432K->148352K(505344K)] 847278K->673495K(1903616K), 0.0518151 secs] [Times: user=0.31 sys=0.00, real=0.05 secs] 
4517.316: [GC (GCLocker Initiated GC) [PSYoungGen: 466816K->106224K(508416K)] 991959K->770656K(1906688K), 0.0796944 secs] [Times: user=0.47 sys=0.00, real=0.08 secs] 
4519.261: [GC (Allocation Failure) [PSYoungGen: 424688K->156192K(500736K)] 1089123K->923467K(1899008K), 0.0533401 secs] [Times: user=0.31 sys=0.00, real=0.06 secs] 
4522.202: [GC (Allocation Failure) [PSYoungGen: 470048K->101760K(506368K)] 1237323K->1007683K(1904640K), 0.0655046 secs] [Times: user=0.39 sys=0.00, real=0.07 secs] 
4525.477: [GC (GCLocker Initiated GC) [PSYoungGen: 415616K->142640K(504320K)] 1321539K->1147077K(1902592K), 0.1312235 secs] [Times: user=0.76 sys=0.01, real=0.13 secs] 
4528.225: [GC (Allocation Failure) [PSYoungGen: 458544K->103744K(506368K)] 1463032K->1242264K(1904640K), 0.0821652 secs] [Times: user=0.49 sys=0.00, real=0.08 secs] 
4530.148: [GC (Allocation Failure) [PSYoungGen: 419648K->148000K(505344K)] 1558168K->1387225K(1903616K), 0.0713319 secs] [Times: user=0.42 sys=0.00, real=0.07 secs] 
4530.220: [Full GC (Ergonomics) [PSYoungGen: 148000K->0K(505344K)] [ParOldGen: 1239225K->185582K(1398272K)] 1387225K->185582K(1903616K), [Metaspace: 60499K->60499K(1105920K)], 0.4501053 secs] [Times: user=2.09 sys=0.00, real=0.45 secs] 
4532.549: [GC (Allocation Failure) [PSYoungGen: 317440K->109536K(427008K)] 503022K->295118K(1825280K), 0.0331774 secs] [Times: user=0.20 sys=0.00, real=0.03 secs] 
4534.153: [GC (Allocation Failure) [PSYoungGen: 426976K->147408K(505344K)] 612558K->439376K(1903616K), 0.0530301 secs] [Times: user=0.31 sys=0.00, real=0.06 secs] 
4536.386: [GC (Allocation Failure) [PSYoungGen: 465872K->108080K(507392K)] 757840K->537820K(1905664K), 0.1144189 secs] [Times: user=0.68 sys=0.00, real=0.11 secs] 
4537.482: [GC (Allocation Failure) [PSYoungGen: 426544K->148064K(507392K)] 856284K->682376K(1905664K), 0.0529096 secs] [Times: user=0.31 sys=0.00, real=0.06 secs] 
4540.035: [GC (Allocation Failure) [PSYoungGen: 469088K->103680K(509440K)] 1003400K->777320K(1907712K), 0.1664037 secs] [Times: user=0.99 sys=0.00, real=0.16 secs] 
4542.123: [GC (Allocation Failure) [PSYoungGen: 422890K->147568K(507392K)] 1096530K->920894K(1905664K), 0.0525423 secs] [Times: user=0.30 sys=0.01, real=0.06 secs] 
4544.056: [GC (Allocation Failure) [PSYoungGen: 468592K->109024K(430080K)] 1241918K->1020705K(1828352K), 0.1567030 secs] [Times: user=0.93 sys=0.01, real=0.15 secs] 
4545.028: [GC (Allocation Failure) [PSYoungGen: 414734K->142976K(508928K)] 1326416K->1159970K(1907200K), 0.0580581 secs] [Times: user=0.34 sys=0.00, real=0.06 secs] 
4548.669: [GC (Allocation Failure) [PSYoungGen: 466048K->107456K(509440K)] 1483042K->1258338K(1907712K), 0.1214889 secs] [Times: user=0.72 sys=0.01, real=0.12 secs] 
4549.710: [GC (Allocation Failure) [PSYoungGen: 415360K->144128K(509440K)] 1566242K->1398471K(1907712K), 0.0525089 secs] [Times: user=0.31 sys=0.00, real=0.05 secs] 
4549.763: [Full GC (Ergonomics) [PSYoungGen: 144128K->0K(509440K)] [ParOldGen: 1254343K->197020K(1398272K)] 1398471K->197020K(1907712K), [Metaspace: 60499K->60499K(1105920K)], 0.4898136 secs] [Times: user=2.28 sys=0.00, real=0.49 secs] 
4553.242: [GC (Allocation Failure) [PSYoungGen: 325632K->108288K(510464K)] 522652K->305308K(1908736K), 0.0939939 secs] [Times: user=0.53 sys=0.01, real=0.10 secs] 
4554.148: [GC (Allocation Failure) [PSYoungGen: 418983K->143696K(511488K)] 616003K->444734K(1909760K), 0.0507194 secs] [Times: user=0.30 sys=0.00, real=0.05 secs] 
4559.047: [GC (Allocation Failure) [PSYoungGen: 472912K->108096K(512512K)] 773950K->543538K(1910784K), 0.1791243 secs] [Times: user=1.00 sys=0.00, real=0.18 secs] 
4561.175: [GC (Allocation Failure) [PSYoungGen: 437312K->170784K(495104K)] 872754K->711267K(1893376K), 0.1152542 secs] [Times: user=0.68 sys=0.00, real=0.11 secs] 
4564.035: [GC (Allocation Failure) [PSYoungGen: 484640K->91776K(506368K)] 1025123K->786395K(1904640K), 0.1693190 secs] [Times: user=1.01 sys=0.00, real=0.17 secs] 
4565.021: [GC (Allocation Failure) [PSYoungGen: 405632K->192480K(425472K)] 1100251K->980824K(1823744K), 0.0613733 secs] [Times: user=0.32 sys=0.04, real=0.06 secs] 
4566.896: [GC (Allocation Failure) [PSYoungGen: 425440K->60496K(465920K)] 1213784K->991816K(1864192K), 0.0589007 secs] [Times: user=0.35 sys=0.00, real=0.06 secs] 
4568.029: [GC (Allocation Failure) [PSYoungGen: 293456K->106592K(465920K)] 1224776K->1096632K(1864192K), 0.0683073 secs] [Times: user=0.41 sys=0.00, real=0.07 secs] 
4569.137: [GC (Allocation Failure) [PSYoungGen: 339552K->114496K(465920K)] 1329592K->1202364K(1864192K), 0.1208732 secs] [Times: user=0.71 sys=0.00, real=0.12 secs] 
4571.320: [GC (Allocation Failure) [PSYoungGen: 347456K->59200K(465920K)] 1435324K->1261556K(1864192K), 0.1338648 secs] [Times: user=0.79 sys=0.01, real=0.14 secs] 
4572.785: [GC (Allocation Failure) [PSYoungGen: 292160K->106256K(339456K)] 1494516K->1363954K(1737728K), 0.0407782 secs] [Times: user=0.24 sys=0.00, real=0.04 secs] 
4572.826: [Full GC (Ergonomics) [PSYoungGen: 106256K->0K(339456K)] [ParOldGen: 1257697K->161385K(1398272K)] 1363954K->161385K(1737728K), [Metaspace: 60502K->60502K(1105920K)], 0.3785764 secs] [Times: user=1.75 sys=0.00, real=0.38 secs] 
4575.990: [GC (Allocation Failure) [PSYoungGen: 232960K->100352K(466944K)] 394345K->261737K(1865216K), 0.0377687 secs] [Times: user=0.22 sys=0.00, real=0.04 secs] 
4578.667: [GC (Allocation Failure) [PSYoungGen: 340480K->70976K(459776K)] 501865K->332801K(1858048K), 0.1200729 secs] [Times: user=0.71 sys=0.00, real=0.12 secs] 
4579.017: [GC (Allocation Failure) [PSYoungGen: 308680K->117120K(470016K)] 570506K->443978K(1868288K), 0.0438371 secs] [Times: user=0.26 sys=0.00, real=0.04 secs] 
4580.088: [GC (Allocation Failure) [PSYoungGen: 378752K->81664K(470016K)] 705610K->517114K(1868288K), 0.0546296 secs] [Times: user=0.32 sys=0.00, real=0.05 secs] 
4581.805: [GC (GCLocker Initiated GC) [PSYoungGen: 343296K->117584K(479744K)] 778747K->632708K(1878016K), 0.0507987 secs] [Times: user=0.30 sys=0.00, real=0.05 secs] 
4585.651: [GC (Allocation Failure) [PSYoungGen: 403280K->115200K(483328K)] 918405K->739165K(1881600K), 0.0607335 secs] [Times: user=0.36 sys=0.00, real=0.06 secs] 
4587.927: [GC (Allocation Failure) [PSYoungGen: 400896K->102272K(492544K)] 1024861K->841141K(1890816K), 0.0873998 secs] [Times: user=0.51 sys=0.01, real=0.09 secs] 
4589.824: [GC (Allocation Failure) [PSYoungGen: 413056K->146496K(495104K)] 1151925K->976822K(1893376K), 0.0616002 secs] [Times: user=0.37 sys=0.00, real=0.06 secs] 
4593.015: [GC (Allocation Failure) [PSYoungGen: 450015K->93616K(510976K)] 1280341K->1070222K(1909248K), 0.1003142 secs] [Times: user=0.60 sys=0.00, real=0.10 secs] 
4594.555: [GC (Allocation Failure) [PSYoungGen: 416176K->186336K(508928K)] 1392782K->1255635K(1907200K), 0.0685153 secs] [Times: user=0.41 sys=0.00, real=0.06 secs] 
4596.939: [GC (Allocation Failure) [PSYoungGen: 508896K->100400K(422912K)] 1578195K->1315187K(1821184K), 0.1014548 secs] [Times: user=0.60 sys=0.00, real=0.10 secs] 
4597.714: [GC (Allocation Failure) [PSYoungGen: 333360K->118304K(465920K)] 1548147K->1423359K(1864192K), 0.1177385 secs] [Times: user=0.70 sys=0.00, real=0.11 secs] 
4597.832: [Full GC (Ergonomics) [PSYoungGen: 118304K->0K(465920K)] [ParOldGen: 1305055K->222718K(1398272K)] 1423359K->222718K(1864192K), [Metaspace: 60502K->60502K(1105920K)], 0.5714010 secs] [Times: user=2.72 sys=0.00, real=0.57 secs] 
4599.616: [GC (Allocation Failure) [PSYoungGen: 232960K->59136K(460800K)] 455678K->281854K(1859072K), 0.0398584 secs] [Times: user=0.23 sys=0.00, real=0.04 secs] 
4601.408: [GC (GCLocker Initiated GC) [PSYoungGen: 300288K->110352K(467456K)] 523007K->388948K(1865728K), 0.0380631 secs] [Times: user=0.22 sys=0.00, real=0.04 secs] 
4602.806: [GC (Allocation Failure) [PSYoungGen: 351504K->111520K(457728K)] 630102K->490969K(1856000K), 0.0578724 secs] [Times: user=0.34 sys=0.00, real=0.06 secs] 
4604.115: [GC (GCLocker Initiated GC) [PSYoungGen: 367008K->77776K(463872K)] 746458K->568755K(1862144K), 0.0960598 secs] [Times: user=0.57 sys=0.00, real=0.09 secs] 
4605.153: [GC (Allocation Failure) [PSYoungGen: 333264K->124570K(477696K)] 824245K->687888K(1875968K), 0.1099096 secs] [Times: user=0.65 sys=0.00, real=0.11 secs] 
4607.594: [GC (Allocation Failure) [PSYoungGen: 409242K->82160K(485376K)] 972560K->769870K(1883648K), 0.1648365 secs] [Times: user=0.98 sys=0.00, real=0.16 secs] 
4609.799: [GC (Allocation Failure) [PSYoungGen: 366832K->132800K(494080K)] 1054542K->899438K(1892352K), 0.0467806 secs] [Times: user=0.27 sys=0.00, real=0.05 secs] 
4611.197: [GC (Allocation Failure) [PSYoungGen: 433344K->99456K(497664K)] 1199982K->989538K(1895936K), 0.0614907 secs] [Times: user=0.36 sys=0.00, real=0.06 secs] 
4613.662: [GC (Allocation Failure) [PSYoungGen: 400000K->137840K(497664K)] 1290082K->1124972K(1895936K), 0.0504800 secs] [Times: user=0.30 sys=0.00, real=0.05 secs] 
4615.739: [GC (Allocation Failure) [PSYoungGen: 444528K->102832K(499200K)] 1431660K->1218360K(1897472K), 0.0631615 secs] [Times: user=0.37 sys=0.00, real=0.06 secs] 
4618.264: [GC (Allocation Failure) [PSYoungGen: 409520K->138048K(500224K)] 1525048K->1354660K(1898496K), 0.0544135 secs] [Times: user=0.32 sys=0.00, real=0.06 secs] 
4620.003: [GC (Allocation Failure) [PSYoungGen: 451392K->109072K(502272K)] 1668004K->1454673K(1900544K), 0.0648848 secs] [Times: user=0.39 sys=0.00, real=0.07 secs] 
4620.068: [Full GC (Ergonomics) [PSYoungGen: 109072K->0K(502272K)] [ParOldGen: 1345600K->24788K(1398272K)] 1454673K->24788K(1900544K), [Metaspace: 60502K->60502K(1105920K)], 0.0403665 secs] [Times: user=0.11 sys=0.00, real=0.04 secs] 
4623.882: [GC (Allocation Failure) [PSYoungGen: 313344K->139552K(503808K)] 338132K->164340K(1902080K), 0.0311900 secs] [Times: user=0.19 sys=0.00, real=0.03 secs] 
4625.404: [GC (Allocation Failure) [PSYoungGen: 460576K->111888K(505856K)] 485364K->266796K(1904128K), 0.0688427 secs] [Times: user=0.40 sys=0.01, real=0.07 secs] 
4628.154: [GC (Allocation Failure) [PSYoungGen: 432912K->145872K(505856K)] 587820K->410221K(1904128K), 0.0547003 secs] [Times: user=0.33 sys=0.00, real=0.05 secs] 
4629.988: [GC (Allocation Failure) [PSYoungGen: 472528K->112400K(510464K)] 736877K->513425K(1908736K), 0.0645462 secs] [Times: user=0.38 sys=0.00, real=0.06 secs] 
4631.953: [GC (Allocation Failure) [PSYoungGen: 439056K->149104K(509440K)] 840081K->660314K(1907712K), 0.0549437 secs] [Times: user=0.33 sys=0.00, real=0.06 secs] 
4633.705: [GC (Allocation Failure) [PSYoungGen: 479856K->115424K(514560K)] 991066K->766337K(1912832K), 0.0662978 secs] [Times: user=0.39 sys=0.00, real=0.06 secs] 
4634.960: [GC (Allocation Failure) [PSYoungGen: 442858K->152960K(507904K)] 1093772K->916122K(1906176K), 0.0774821 secs] [Times: user=0.45 sys=0.00, real=0.08 secs] 
4638.772: [GC (Allocation Failure) [PSYoungGen: 482176K->105840K(514048K)] 1245338K->1013491K(1912320K), 0.1602071 secs] [Times: user=0.95 sys=0.01, real=0.16 secs] 
4640.791: [GC (Allocation Failure) [PSYoungGen: 421872K->146144K(510976K)] 1329523K->1155007K(1909248K), 0.0510796 secs] [Times: user=0.30 sys=0.00, real=0.05 secs] 
4643.495: [GC (Allocation Failure) [PSYoungGen: 475360K->109792K(439296K)] 1484223K->1255799K(1837568K), 0.1538320 secs] [Times: user=0.92 sys=0.00, real=0.15 secs] 
4644.528: [GC (Allocation Failure) [PSYoungGen: 439008K->155600K(505344K)] 1585015K->1407277K(1903616K), 0.0539612 secs] [Times: user=0.32 sys=0.00, real=0.05 secs] 
4644.582: [Full GC (Ergonomics) [PSYoungGen: 155600K->0K(505344K)] [ParOldGen: 1251676K->211022K(1398272K)] 1407277K->211022K(1903616K), [Metaspace: 60502K->60502K(1105920K)], 0.4937238 secs] [Times: user=2.30 sys=0.00, real=0.50 secs] 
4649.177: [GC (Allocation Failure) [PSYoungGen: 324096K->96832K(511488K)] 535118K->307854K(1909760K), 0.1506002 secs] [Times: user=0.89 sys=0.00, real=0.15 secs] 
4650.806: [GC (Allocation Failure) [PSYoungGen: 420928K->155376K(501248K)] 631950K->457247K(1899520K), 0.1453469 secs] [Times: user=0.86 sys=0.00, real=0.14 secs] 
4656.152: [GC (Allocation Failure) [PSYoungGen: 470256K->91392K(506880K)] 772127K->548411K(1905152K), 0.1718521 secs] [Times: user=1.00 sys=0.01, real=0.18 secs] 
4656.810: [GC (Allocation Failure) [PSYoungGen: 406272K->153552K(498176K)] 863291K->695729K(1896448K), 0.0543023 secs] [Times: user=0.32 sys=0.00, real=0.06 secs] 
4660.097: [GC (Allocation Failure) [PSYoungGen: 460240K->90480K(502784K)] 1002417K->785848K(1901056K), 0.1527212 secs] [Times: user=0.90 sys=0.00, real=0.15 secs] 
4660.956: [GC (Allocation Failure) [PSYoungGen: 397168K->146912K(500736K)] 1092536K->927025K(1899008K), 0.0694365 secs] [Times: user=0.41 sys=0.00, real=0.07 secs] 
4664.757: [GC (GCLocker Initiated GC) [PSYoungGen: 452576K->85520K(502272K)] 1232689K->1012474K(1900544K), 0.1512693 secs] [Times: user=0.89 sys=0.00, real=0.15 secs] 
4667.058: [GC (Allocation Failure) [PSYoungGen: 391184K->134464K(497152K)] 1334573K->1159200K(1895424K), 0.3340459 secs] [Times: user=1.99 sys=0.01, real=0.33 secs] 
4670.375: [GC (Allocation Failure) [PSYoungGen: 440128K->91632K(499712K)] 1464864K->1250997K(1897984K), 0.4193848 secs] [Times: user=2.50 sys=0.01, real=0.42 secs] 
4671.987: [GC (Allocation Failure) [PSYoungGen: 397296K->143216K(503808K)] 1556661K->1390316K(1902080K), 0.0505555 secs] [Times: user=0.30 sys=0.00, real=0.05 secs] 
4672.038: [Full GC (Ergonomics) [PSYoungGen: 143216K->0K(503808K)] [ParOldGen: 1247099K->197243K(1398272K)] 1390316K->197243K(1902080K), [Metaspace: 60504K->60504K(1105920K)], 0.4784904 secs] [Times: user=2.22 sys=0.00, real=0.48 secs] 
4673.735: [GC (Allocation Failure) [PSYoungGen: 311808K->103136K(415232K)] 509051K->300379K(1813504K), 0.0474047 secs] [Times: user=0.28 sys=0.00, real=0.04 secs] 
4675.406: [GC (Allocation Failure) [PSYoungGen: 414944K->143008K(501248K)] 612187K->439515K(1899520K), 0.0496842 secs] [Times: user=0.29 sys=0.00, real=0.05 secs] 
4677.108: [GC (Allocation Failure) [PSYoungGen: 454816K->106144K(502784K)] 751323K->535955K(1901056K), 0.0710155 secs] [Times: user=0.41 sys=0.00, real=0.07 secs] 
4678.309: [GC (Allocation Failure) [PSYoungGen: 417952K->148288K(501760K)] 847763K->681220K(1900032K), 0.0529163 secs] [Times: user=0.32 sys=0.00, real=0.05 secs] 
4680.193: [GC (Allocation Failure) [PSYoungGen: 463168K->103600K(505344K)] 996100K->776172K(1903616K), 0.0661158 secs] [Times: user=0.39 sys=0.00, real=0.07 secs] 
4681.736: [GC (Allocation Failure) [PSYoungGen: 418480K->148448K(504320K)] 1091052K->921436K(1902592K), 0.0521659 secs] [Times: user=0.31 sys=0.00, real=0.05 secs] 
4685.012: [GC (Allocation Failure) [PSYoungGen: 465376K->103936K(507904K)] 1238364K->1016736K(1906176K), 0.1684406 secs] [Times: user=1.00 sys=0.00, real=0.17 secs] 
4686.645: [GC (Allocation Failure) [PSYoungGen: 420864K->146944K(504832K)] 1333664K->1159841K(1903104K), 0.1021062 secs] [Times: user=0.61 sys=0.00, real=0.10 secs] 
4689.597: [GC (Allocation Failure) [PSYoungGen: 464384K->100768K(507904K)] 1477281K->1251565K(1906176K), 0.1679349 secs] [Times: user=0.98 sys=0.02, real=0.17 secs] 
4691.852: [GC (Allocation Failure) [PSYoungGen: 418208K->149472K(503808K)] 1569005K->1397306K(1902080K), 0.0520304 secs] [Times: user=0.31 sys=0.00, real=0.05 secs] 
4691.904: [Full GC (Ergonomics) [PSYoungGen: 149472K->0K(503808K)] [ParOldGen: 1247834K->195477K(1398272K)] 1397306K->195477K(1902080K), [Metaspace: 60504K->60504K(1105920K)], 0.4702428 secs] [Times: user=2.18 sys=0.00, real=0.48 secs] 
4694.826: [GC (Allocation Failure) [PSYoungGen: 315904K->104048K(507392K)] 511381K->299526K(1905664K), 0.1009279 secs] [Times: user=0.60 sys=0.00, real=0.10 secs] 
4696.963: [GC (Allocation Failure) [PSYoungGen: 419952K->147520K(505344K)] 615430K->443863K(1903616K), 0.1168186 secs] [Times: user=0.69 sys=0.00, real=0.12 secs] 
4699.705: [GC (Allocation Failure) [PSYoungGen: 464448K->103104K(420352K)] 760791K->538543K(1818624K), 0.1600869 secs] [Times: user=0.95 sys=0.00, real=0.16 secs] 
4701.759: [GC (Allocation Failure) [PSYoungGen: 420032K->146352K(504832K)] 855471K->680821K(1903104K), 0.0508501 secs] [Times: user=0.30 sys=0.01, real=0.05 secs] 
4703.921: [GC (Allocation Failure) [PSYoungGen: 463280K->106656K(507392K)] 997749K->778652K(1905664K), 0.0792739 secs] [Times: user=0.47 sys=0.00, real=0.08 secs] 
4705.435: [GC (Allocation Failure) [PSYoungGen: 423584K->145712K(505344K)] 1095580K->920733K(1903616K), 0.0521881 secs] [Times: user=0.31 sys=0.00, real=0.05 secs] 
4708.731: [GC (Allocation Failure) [PSYoungGen: 464176K->105136K(507392K)] 1239197K->1016493K(1905664K), 0.1473961 secs] [Times: user=0.88 sys=0.00, real=0.15 secs] 
4710.100: [GC (Allocation Failure) [PSYoungGen: 421477K->146816K(506368K)] 1332834K->1159338K(1904640K), 0.0518052 secs] [Times: user=0.30 sys=0.00, real=0.05 secs] 
4713.302: [GC (Allocation Failure) [PSYoungGen: 467328K->107616K(508928K)] 1479850K->1257746K(1907200K), 0.1421265 secs] [Times: user=0.84 sys=0.00, real=0.15 secs] 
4714.516: [GC (Allocation Failure) [PSYoungGen: 428128K->167488K(494080K)] 1578258K->1421798K(1892352K), 0.1102682 secs] [Times: user=0.65 sys=0.00, real=0.11 secs] 
4714.626: [Full GC (Ergonomics) [PSYoungGen: 167488K->0K(494080K)] [ParOldGen: 1254310K->205242K(1398272K)] 1421798K->205242K(1892352K), [Metaspace: 60504K->60504K(1105920K)], 0.5124655 secs] [Times: user=2.43 sys=0.00, real=0.51 secs] 
4717.633: [GC (Allocation Failure) [PSYoungGen: 308736K->90336K(503808K)] 513978K->295578K(1902080K), 0.1436721 secs] [Times: user=0.85 sys=0.00, real=0.15 secs] 
4718.559: [GC (Allocation Failure) [PSYoungGen: 396171K->143168K(503808K)] 601413K->435323K(1902080K), 0.0486825 secs] [Times: user=0.28 sys=0.00, real=0.05 secs] 
4720.147: [GC (Allocation Failure) [PSYoungGen: 451904K->100576K(409600K)] 744059K->527451K(1807872K), 0.0691617 secs] [Times: user=0.41 sys=0.01, real=0.07 secs] 
4722.785: [GC (Allocation Failure) [PSYoungGen: 409312K->139552K(502272K)] 836187K->663460K(1900544K), 0.0516134 secs] [Times: user=0.31 sys=0.00, real=0.05 secs] 
4724.920: [GC (GCLocker Initiated GC) [PSYoungGen: 449312K->103504K(501248K)] 973220K->758225K(1899520K), 0.0770328 secs] [Times: user=0.45 sys=0.00, real=0.08 secs] 
4726.001: [GC (Allocation Failure) [PSYoungGen: 413264K->143328K(502272K)] 1068037K->898377K(1900544K), 0.0513509 secs] [Times: user=0.31 sys=0.00, real=0.05 secs] 
4729.590: [GC (Allocation Failure) [PSYoungGen: 457184K->106320K(503296K)] 1212233K->995017K(1901568K), 0.0639964 secs] [Times: user=0.38 sys=0.00, real=0.07 secs] 
4731.255: [GC (Allocation Failure) [PSYoungGen: 420176K->153472K(502784K)] 1308873K->1145077K(1901056K), 0.0538119 secs] [Times: user=0.32 sys=0.00, real=0.05 secs] 
4733.992: [GC (Allocation Failure) [PSYoungGen: 469888K->105792K(507392K)] 1461493K->1233433K(1905664K), 0.0818799 secs] [Times: user=0.48 sys=0.00, real=0.09 secs] 
4735.100: [GC (Allocation Failure) [PSYoungGen: 422208K->147936K(506368K)] 1549849K->1378386K(1904640K), 0.0542167 secs] [Times: user=0.32 sys=0.00, real=0.06 secs] 
4735.154: [Full GC (Ergonomics) [PSYoungGen: 147936K->0K(506368K)] [ParOldGen: 1230450K->185324K(1398272K)] 1378386K->185324K(1904640K), [Metaspace: 60504K->60504K(1105920K)], 0.4447587 secs] [Times: user=2.06 sys=0.00, real=0.44 secs] 
4738.515: [GC (Allocation Failure) [PSYoungGen: 317952K->105473K(423936K)] 503276K->290798K(1822208K), 0.0471187 secs] [Times: user=0.27 sys=0.00, real=0.04 secs] 
4740.797: [GC (Allocation Failure) [PSYoungGen: 423425K->156064K(500736K)] 608750K->441338K(1899008K), 0.0524953 secs] [Times: user=0.31 sys=0.00, real=0.05 secs] 
4742.589: [GC (Allocation Failure) [PSYoungGen: 468896K->106816K(505856K)] 754170K->531238K(1904128K), 0.0825330 secs] [Times: user=0.49 sys=0.00, real=0.08 secs] 
4744.339: [GC (Allocation Failure) [PSYoungGen: 419648K->144480K(504320K)] 844070K->671949K(1902592K), 0.0538234 secs] [Times: user=0.30 sys=0.00, real=0.05 secs] 
4746.717: [GC (Allocation Failure) [PSYoungGen: 459872K->106080K(506368K)] 987341K->768433K(1904640K), 0.0656202 secs] [Times: user=0.38 sys=0.00, real=0.06 secs] 
4748.064: [GC (Allocation Failure) [PSYoungGen: 421472K->147744K(504832K)] 1083825K->912654K(1903104K), 0.0541753 secs] [Times: user=0.32 sys=0.00, real=0.05 secs] 
4749.652: [GC (Allocation Failure) [PSYoungGen: 464672K->106688K(506880K)] 1229582K->1009734K(1905152K), 0.0894173 secs] [Times: user=0.53 sys=0.00, real=0.09 secs] 
4751.678: [GC (Allocation Failure) [PSYoungGen: 423616K->145344K(507392K)] 1326662K->1152283K(1905664K), 0.1347950 secs] [Times: user=0.80 sys=0.00, real=0.13 secs] 
4753.413: [GC (Allocation Failure) [PSYoungGen: 465344K->105872K(508416K)] 1472283K->1249732K(1906688K), 0.0663758 secs] [Times: user=0.40 sys=0.00, real=0.07 secs] 
4754.984: [GC (Allocation Failure) [PSYoungGen: 425872K->147488K(507392K)] 1569732K->1393864K(1905664K), 0.0532146 secs] [Times: user=0.31 sys=0.00, real=0.05 secs] 
4755.037: [Full GC (Ergonomics) [PSYoungGen: 147488K->0K(507392K)] [ParOldGen: 1246376K->191233K(1398272K)] 1393864K->191233K(1905664K), [Metaspace: 60506K->60506K(1105920K)], 0.4625392 secs] [Times: user=2.15 sys=0.00, real=0.46 secs] 
4758.545: [GC (Allocation Failure) [PSYoungGen: 321024K->111568K(432640K)] 512257K->302801K(1830912K), 0.0487697 secs] [Times: user=0.29 sys=0.00, real=0.05 secs] 
4760.610: [GC (Allocation Failure) [PSYoungGen: 432592K->147536K(506880K)] 623825K->444495K(1905152K), 0.0527603 secs] [Times: user=0.31 sys=0.01, real=0.05 secs] 
4762.883: [GC (Allocation Failure) [PSYoungGen: 469584K->110608K(508928K)] 766543K->545527K(1907200K), 0.1624613 secs] [Times: user=0.97 sys=0.00, real=0.17 secs] 
4763.878: [GC (Allocation Failure) [PSYoungGen: 432656K->151616K(507392K)] 867575K->693275K(1905664K), 0.0543387 secs] [Times: user=0.32 sys=0.00, real=0.05 secs] 
4768.084: [GC (Allocation Failure) [PSYoungGen: 474688K->95120K(510976K)] 1016347K->787796K(1909248K), 0.1750425 secs] [Times: user=1.04 sys=0.00, real=0.17 secs] 
4768.715: [GC (Allocation Failure) [PSYoungGen: 418192K->187888K(420864K)] 1110868K->985623K(1819136K), 0.0592779 secs] [Times: user=0.34 sys=0.01, real=0.06 secs] 
4770.881: [GC (Allocation Failure) [PSYoungGen: 420848K->60144K(465920K)] 1218583K->996059K(1864192K), 0.0585765 secs] [Times: user=0.35 sys=0.00, real=0.06 secs] 
4771.729: [GC (Allocation Failure) [PSYoungGen: 293104K->108384K(465920K)] 1229019K->1102903K(1864192K), 0.0602285 secs] [Times: user=0.35 sys=0.00, real=0.06 secs] 
4772.693: [GC (Allocation Failure) [PSYoungGen: 341344K->115392K(348672K)] 1335863K->1209751K(1746944K), 0.1461643 secs] [Times: user=0.87 sys=0.01, real=0.15 secs] 
4777.497: [GC (Allocation Failure) [PSYoungGen: 348352K->55808K(464896K)] 1442711K->1265271K(1863168K), 0.1398749 secs] [Times: user=0.84 sys=0.00, real=0.14 secs] 
4778.220: [GC (Allocation Failure) [PSYoungGen: 288256K->116336K(349184K)] 1497719K->1378096K(1747456K), 0.0397817 secs] [Times: user=0.23 sys=0.00, real=0.04 secs] 
4778.260: [Full GC (Ergonomics) [PSYoungGen: 116336K->0K(349184K)] [ParOldGen: 1261759K->167417K(1398272K)] 1378096K->167417K(1747456K), [Metaspace: 60506K->60506K(1105920K)], 0.3957583 secs] [Times: user=1.82 sys=0.00, real=0.40 secs] 
4780.010: [GC (Allocation Failure) [PSYoungGen: 232448K->95264K(463360K)] 399865K->262681K(1861632K), 0.0362073 secs] [Times: user=0.21 sys=0.00, real=0.04 secs] 
4781.461: [GC (Allocation Failure) [PSYoungGen: 334368K->79824K(457728K)] 501785K->342590K(1856000K), 0.0947981 secs] [Times: user=0.55 sys=0.01, real=0.10 secs] 
4781.785: [GC (Allocation Failure) [PSYoungGen: 302789K->108352K(471552K)] 565555K->445278K(1869824K), 0.0442426 secs] [Times: user=0.27 sys=0.00, real=0.04 secs] 
4783.356: [GC (Allocation Failure) [PSYoungGen: 373056K->86128K(471552K)] 709982K->523079K(1869824K), 0.0622269 secs] [Times: user=0.36 sys=0.00, real=0.06 secs] 
4785.476: [GC (Allocation Failure) [PSYoungGen: 350832K->119104K(484352K)] 787783K->638803K(1882624K), 0.0539558 secs] [Times: user=0.32 sys=0.00, real=0.05 secs] 
4787.047: [GC (Allocation Failure) [PSYoungGen: 408896K->110656K(485888K)] 928595K->739867K(1884160K), 0.0605876 secs] [Times: user=0.36 sys=0.00, real=0.06 secs] 
4788.570: [GC (Allocation Failure) [PSYoungGen: 400448K->115648K(496640K)] 1029659K->855483K(1894912K), 0.0770706 secs] [Times: user=0.46 sys=0.00, real=0.08 secs] 
4790.390: [GC (Allocation Failure) [PSYoungGen: 430016K->133824K(496128K)] 1169851K->977960K(1894400K), 0.0620831 secs] [Times: user=0.36 sys=0.00, real=0.06 secs] 
4792.265: [GC (Allocation Failure) [PSYoungGen: 448192K->115616K(504832K)] 1292328K->1093336K(1903104K), 0.0849179 secs] [Times: user=0.50 sys=0.00, real=0.08 secs] 
4794.757: [GC (Allocation Failure) [PSYoungGen: 449952K->133312K(510464K)] 1427672K->1215337K(1908736K), 0.0620866 secs] [Times: user=0.37 sys=0.00, real=0.06 secs] 
4796.944: [GC (Allocation Failure) [PSYoungGen: 467648K->135744K(519680K)] 1549673K->1350849K(1917952K), 0.0670102 secs] [Times: user=0.39 sys=0.00, real=0.07 secs] 
4799.309: [GC (Allocation Failure) [PSYoungGen: 478272K->7856K(350720K)] 1693377K->1222978K(1748992K), 0.0039997 secs] [Times: user=0.02 sys=0.00, real=0.00 secs] 
4800.524: [GC (Allocation Failure) [PSYoungGen: 350384K->156736K(488448K)] 1565506K->1378434K(1886720K), 0.0333186 secs] [Times: user=0.19 sys=0.00, real=0.04 secs] 
4800.557: [Full GC (Ergonomics) [PSYoungGen: 156736K->0K(488448K)] [ParOldGen: 1221698K->178231K(1398272K)] 1378434K->178231K(1886720K), [Metaspace: 60508K->60508K(1105920K)], 0.4291190 secs] [Times: user=1.98 sys=0.01, real=0.43 secs] 
4803.268: [GC (Allocation Failure) [PSYoungGen: 297472K->97632K(498176K)] 475703K->275863K(1896448K), 0.0405333 secs] [Times: user=0.23 sys=0.00, real=0.04 secs] 
4804.344: [GC (Allocation Failure) [PSYoungGen: 395104K->144192K(496128K)] 573335K->418404K(1894400K), 0.0510842 secs] [Times: user=0.30 sys=0.00, real=0.05 secs] 
4806.562: [GC (GCLocker Initiated GC) [PSYoungGen: 445760K->103328K(404992K)] 719972K->504012K(1803264K), 0.0636465 secs] [Times: user=0.38 sys=0.00, real=0.07 secs] 
4807.775: [GC (Allocation Failure) [PSYoungGen: 404896K->133072K(498176K)] 805583K->636672K(1896448K), 0.0615792 secs] [Times: user=0.37 sys=0.00, real=0.06 secs] 
4810.467: [GC (Allocation Failure) [PSYoungGen: 439248K->113088K(497664K)] 942848K->740944K(1895936K), 0.0628541 secs] [Times: user=0.38 sys=0.00, real=0.06 secs] 
4811.980: [GC (Allocation Failure) [PSYoungGen: 419264K->126800K(502272K)] 1047120K->867592K(1900544K), 0.0689268 secs] [Times: user=0.41 sys=0.00, real=0.07 secs] 
4813.538: [GC (Allocation Failure) [PSYoungGen: 444752K->121408K(499712K)] 1185544K->978324K(1897984K), 0.0632995 secs] [Times: user=0.37 sys=0.00, real=0.06 secs] 
4815.164: [GC (Allocation Failure) [PSYoungGen: 439360K->133856K(509440K)] 1296276K->1112220K(1907712K), 0.0652043 secs] [Times: user=0.39 sys=0.00, real=0.06 secs] 
4819.057: [GC (Allocation Failure) [PSYoungGen: 466144K->2272K(334848K)] 1444508K->980688K(1733120K), 0.0035753 secs] [Times: user=0.02 sys=0.00, real=0.00 secs] 
4820.389: [GC (Allocation Failure) [PSYoungGen: 334560K->144096K(497152K)] 1312976K->1123625K(1895424K), 0.0362977 secs] [Times: user=0.21 sys=0.00, real=0.04 secs] 
4824.675: [GC (Allocation Failure) [PSYoungGen: 449760K->2944K(308736K)] 1429289K->982641K(1707008K), 0.0037580 secs] [Times: user=0.01 sys=0.00, real=0.00 secs] 
4826.234: [GC (Allocation Failure) [PSYoungGen: 308608K->132768K(489472K)] 1288305K->1113946K(1887744K), 0.0364458 secs] [Times: user=0.21 sys=0.00, real=0.04 secs] 
4828.994: [GC (Allocation Failure) [PSYoungGen: 415904K->114528K(397824K)] 1397082K->1218838K(1796096K), 0.0640849 secs] [Times: user=0.38 sys=0.00, real=0.06 secs] 
4830.997: [GC (Allocation Failure) [PSYoungGen: 397664K->101984K(495616K)] 1501974K->1320638K(1893888K), 0.0838251 secs] [Times: user=0.50 sys=0.00, real=0.08 secs] 
4831.080: [Full GC (Ergonomics) [PSYoungGen: 101984K->0K(495616K)] [ParOldGen: 1218654K->116600K(1398272K)] 1320638K->116600K(1893888K), [Metaspace: 60508K->60508K(1105920K)], 0.2758838 secs] [Times: user=1.25 sys=0.00, real=0.28 secs] 
4832.390: [GC (Allocation Failure) [PSYoungGen: 292993K->178976K(486400K)] 409593K->295576K(1884672K), 0.0799508 secs] [Times: user=0.47 sys=0.00, real=0.08 secs] 
4835.474: [GC (Allocation Failure) [PSYoungGen: 472864K->82528K(492544K)] 589464K->345009K(1890816K), 0.1303379 secs] [Times: user=0.78 sys=0.00, real=0.13 secs] 
4835.864: [GC (Allocation Failure) [PSYoungGen: 363616K->137360K(487424K)] 626097K->475969K(1885696K), 0.0506386 secs] [Times: user=0.30 sys=0.00, real=0.05 secs] 
4838.757: [GC (Allocation Failure) [PSYoungGen: 418448K->77088K(488448K)] 757057K->552920K(1886720K), 0.1237982 secs] [Times: user=0.73 sys=0.00, real=0.12 secs] 
4839.841: [GC (Allocation Failure) [PSYoungGen: 362272K->137680K(488448K)] 838104K->684086K(1886720K), 0.0463881 secs] [Times: user=0.27 sys=0.00, real=0.05 secs] 
4842.874: [GC (Allocation Failure) [PSYoungGen: 422864K->90352K(485888K)] 969270K->765581K(1884160K), 0.0619760 secs] [Times: user=0.36 sys=0.00, real=0.07 secs] 
4845.461: [GC (Allocation Failure) [PSYoungGen: 381168K->133024K(489984K)] 1056397K->896242K(1888256K), 0.0470935 secs] [Times: user=0.28 sys=0.00, real=0.05 secs] 
4847.526: [GC (Allocation Failure) [PSYoungGen: 423840K->99296K(486400K)] 1187058K->986778K(1884672K), 0.0634927 secs] [Times: user=0.38 sys=0.00, real=0.06 secs] 
4849.813: [GC (Allocation Failure) [PSYoungGen: 399840K->131296K(493056K)] 1287322K->1116923K(1891328K), 0.0621276 secs] [Times: user=0.36 sys=0.00, real=0.07 secs] 
4853.161: [GC (Allocation Failure) [PSYoungGen: 431840K->110144K(490496K)] 1417467K->1218031K(1888768K), 0.0636612 secs] [Times: user=0.38 sys=0.00, real=0.07 secs] 
4854.985: [GC (GCLocker Initiated GC) [PSYoungGen: 424512K->131072K(498688K)] 1532399K->1348903K(1896960K), 0.0611900 secs] [Times: user=0.36 sys=0.00, real=0.06 secs] 
4855.046: [Full GC (Ergonomics) [PSYoungGen: 131072K->0K(498688K)] [ParOldGen: 1217831K->145594K(1398272K)] 1348903K->145594K(1896960K), [Metaspace: 60508K->60508K(1105920K)], 0.3415962 secs] [Times: user=1.56 sys=0.00, real=0.34 secs] 
4857.081: [GC (Allocation Failure) [PSYoungGen: 314368K->116896K(502272K)] 459971K->262499K(1900544K), 0.0426741 secs] [Times: user=0.25 sys=0.00, real=0.04 secs] 
4859.133: [GC (Allocation Failure) [PSYoungGen: 447136K->137168K(508416K)] 592739K->399756K(1906688K), 0.0693685 secs] [Times: user=0.41 sys=0.00, real=0.07 secs] 
4861.311: [GC (GCLocker Initiated GC) [PSYoungGen: 467408K->5952K(493056K)] 729996K->268575K(1891328K), 0.0027063 secs] [Times: user=0.01 sys=0.00, real=0.01 secs] 
4863.308: [GC (Allocation Failure) [PSYoungGen: 318784K->145696K(458752K)] 581427K->412608K(1857024K), 0.0355001 secs] [Times: user=0.21 sys=0.00, real=0.03 secs] 
4865.963: [GC (Allocation Failure) [PSYoungGen: 458528K->110880K(508416K)] 725440K->505312K(1906688K), 0.0638722 secs] [Times: user=0.38 sys=0.00, real=0.07 secs] 
4867.831: [GC (Allocation Failure) [PSYoungGen: 420128K->134912K(499712K)] 814560K->639061K(1897984K), 0.0550080 secs] [Times: user=0.31 sys=0.01, real=0.06 secs] 
4871.050: [GC (Allocation Failure) [PSYoungGen: 444160K->113232K(500224K)] 948309K->742394K(1898496K), 0.0649190 secs] [Times: user=0.39 sys=0.00, real=0.07 secs] 
4872.657: [GC (Allocation Failure) [PSYoungGen: 429648K->134656K(500736K)] 1058810K->876126K(1899008K), 0.0643714 secs] [Times: user=0.38 sys=0.00, real=0.06 secs] 
4874.872: [GC (Allocation Failure) [PSYoungGen: 451072K->115056K(502272K)] 1192542K->981350K(1900544K), 0.0646780 secs] [Times: user=0.39 sys=0.00, real=0.07 secs] 
4877.478: [GC (Allocation Failure) [PSYoungGen: 444272K->150496K(507904K)] 1310566K->1130330K(1906176K), 0.0597237 secs] [Times: user=0.35 sys=0.00, real=0.06 secs] 
4880.494: [GC (Allocation Failure) [PSYoungGen: 479712K->113088K(514560K)] 1459546K->1225855K(1912832K), 0.0711236 secs] [Times: user=0.43 sys=0.00, real=0.08 secs] 
4882.618: [GC (Allocation Failure) [PSYoungGen: 446912K->150720K(484864K)] 1559679K->1375047K(1883136K), 0.0558707 secs] [Times: user=0.33 sys=0.00, real=0.06 secs] 
4882.674: [Full GC (Ergonomics) [PSYoungGen: 150720K->0K(484864K)] [ParOldGen: 1224327K->172382K(1398272K)] 1375047K->172382K(1883136K), [Metaspace: 60508K->60508K(1105920K)], 0.4067992 secs] [Times: user=1.87 sys=0.00, real=0.40 secs] 
4885.288: [GC (Allocation Failure) [PSYoungGen: 333824K->114817K(518656K)] 506206K->287200K(1916928K), 0.0466630 secs] [Times: user=0.28 sys=0.00, real=0.05 secs] 
4887.684: [GC (Allocation Failure) [PSYoungGen: 447617K->149600K(513024K)] 620000K->434672K(1911296K), 0.0557358 secs] [Times: user=0.33 sys=0.01, real=0.05 secs] 
4889.892: [GC (Allocation Failure) [PSYoungGen: 482400K->113120K(514048K)] 767472K->539300K(1912320K), 0.1752528 secs] [Times: user=1.03 sys=0.00, real=0.18 secs] 
4891.353: [GC (Allocation Failure) [PSYoungGen: 430078K->148768K(513536K)] 856259K->684065K(1911808K), 0.0547732 secs] [Times: user=0.33 sys=0.00, real=0.06 secs] 
4895.262: [GC (Allocation Failure) [PSYoungGen: 481568K->108912K(514560K)] 1016865K->783761K(1912832K), 0.1764539 secs] [Times: user=1.05 sys=0.00, real=0.18 secs] 
4896.731: [GC (Allocation Failure) [PSYoungGen: 441712K->156000K(488960K)] 1116561K->935902K(1887232K), 0.1053921 secs] [Times: user=0.62 sys=0.00, real=0.11 secs] 
4900.770: [GC (Allocation Failure) [PSYoungGen: 488800K->98624K(512512K)] 1268702K->1034254K(1910784K), 0.1633247 secs] [Times: user=0.97 sys=0.00, real=0.16 secs] 
4901.393: [GC (Allocation Failure) [PSYoungGen: 423232K->157760K(482816K)] 1358862K->1186490K(1881088K), 0.0570295 secs] [Times: user=0.33 sys=0.00, real=0.06 secs] 
4904.692: [GC (Allocation Failure) [PSYoungGen: 482368K->99280K(507904K)] 1511098K->1285631K(1906176K), 0.1514364 secs] [Times: user=0.90 sys=0.00, real=0.15 secs] 
4904.844: [Full GC (Ergonomics) [PSYoungGen: 99280K->0K(507904K)] [ParOldGen: 1186350K->84066K(1398272K)] 1285631K->84066K(1906176K), [Metaspace: 60508K->60508K(1105920K)], 0.2233638 secs] [Times: user=1.05 sys=0.00, real=0.23 secs] 
4905.272: [GC (Allocation Failure) [PSYoungGen: 315392K->153024K(468480K)] 399458K->237090K(1866752K), 0.0343781 secs] [Times: user=0.20 sys=0.01, real=0.04 secs] 
4908.643: [GC (Allocation Failure) [PSYoungGen: 468416K->91280K(504320K)] 552482K->327847K(1902592K), 0.1489417 secs] [Times: user=0.88 sys=0.00, real=0.15 secs] 
4909.050: [GC (Allocation Failure) [PSYoungGen: 400528K->150720K(460288K)] 637095K->472707K(1858560K), 0.0559397 secs] [Times: user=0.33 sys=0.00, real=0.06 secs] 
4913.072: [GC (Allocation Failure) [PSYoungGen: 459968K->92736K(502784K)] 781955K->565355K(1901056K), 0.1680427 secs] [Times: user=1.00 sys=0.00, real=0.17 secs] 
4913.531: [GC (Allocation Failure) [PSYoungGen: 398400K->148928K(454656K)] 871019K->704171K(1852928K), 0.0573753 secs] [Times: user=0.34 sys=0.00, real=0.06 secs] 
4915.749: [GC (Allocation Failure) [PSYoungGen: 454592K->91440K(502272K)] 1009835K->795515K(1900544K), 0.1704765 secs] [Times: user=1.00 sys=0.02, real=0.17 secs] 
4916.402: [GC (Allocation Failure) [PSYoungGen: 395568K->145632K(500736K)] 1099643K->935163K(1899008K), 0.0682954 secs] [Times: user=0.40 sys=0.00, real=0.07 secs] 
4919.910: [GC (Allocation Failure) [PSYoungGen: 445970K->87120K(501248K)] 1235502K->1022196K(1899520K), 0.1274067 secs] [Times: user=0.76 sys=0.00, real=0.13 secs] 
4920.540: [GC (Allocation Failure) [PSYoungGen: 385797K->138720K(442368K)] 1320873K->1157312K(1840640K), 0.0485849 secs] [Times: user=0.29 sys=0.00, real=0.05 secs] 
4922.734: [GC (Allocation Failure) [PSYoungGen: 442336K->98064K(503296K)] 1460928K->1246265K(1901568K), 0.0618454 secs] [Times: user=0.37 sys=0.00, real=0.06 secs] 
4923.931: [GC (Allocation Failure) [PSYoungGen: 405264K->144384K(500224K)] 1553465K->1387749K(1898496K), 0.0611143 secs] [Times: user=0.36 sys=0.00, real=0.06 secs] 
4923.993: [Full GC (Ergonomics) [PSYoungGen: 144384K->0K(500224K)] [ParOldGen: 1243365K->189101K(1398272K)] 1387749K->189101K(1898496K), [Metaspace: 60509K->60509K(1105920K)], 0.4631526 secs] [Times: user=2.15 sys=0.00, real=0.47 secs] 
4926.527: [GC (Allocation Failure) [PSYoungGen: 307200K->98160K(501248K)] 496301K->287262K(1899520K), 0.0523467 secs] [Times: user=0.31 sys=0.00, real=0.05 secs] 
4929.014: [GC (Allocation Failure) [PSYoungGen: 409456K->145696K(502784K)] 598558K->429370K(1901056K), 0.0494594 secs] [Times: user=0.29 sys=0.00, real=0.04 secs] 
4930.178: [GC (Allocation Failure) [PSYoungGen: 456992K->104512K(501760K)] 740666K->524562K(1900032K), 0.0647068 secs] [Times: user=0.38 sys=0.00, real=0.06 secs] 
4933.132: [GC (Allocation Failure) [PSYoungGen: 417856K->143808K(503296K)] 837906K->665714K(1901568K), 0.0521828 secs] [Times: user=0.31 sys=0.00, real=0.05 secs] 
4934.696: [GC (Allocation Failure) [PSYoungGen: 456626K->105648K(503296K)] 978533K->762491K(1901568K), 0.0649424 secs] [Times: user=0.39 sys=0.00, real=0.06 secs] 
4937.547: [GC (Allocation Failure) [PSYoungGen: 423088K->143376K(505344K)] 1079931K->903944K(1903616K), 0.0857472 secs] [Times: user=0.51 sys=0.00, real=0.08 secs] 
4939.419: [GC (Allocation Failure) [PSYoungGen: 460816K->105264K(505344K)] 1221384K->1000728K(1903616K), 0.0643405 secs] [Times: user=0.38 sys=0.00, real=0.06 secs] 
4941.697: [GC (Allocation Failure) [PSYoungGen: 426800K->147664K(507392K)] 1322264K->1146033K(1905664K), 0.0532428 secs] [Times: user=0.31 sys=0.00, real=0.05 secs] 
4944.439: [GC (Allocation Failure) [PSYoungGen: 469200K->105760K(509952K)] 1467569K->1243036K(1908224K), 0.0812651 secs] [Times: user=0.49 sys=0.00, real=0.08 secs] 
4946.906: [GC (Allocation Failure) [PSYoungGen: 429856K->148320K(509952K)] 1567132K->1388329K(1908224K), 0.0534109 secs] [Times: user=0.32 sys=0.00, real=0.05 secs] 
4946.959: [Full GC (Ergonomics) [PSYoungGen: 148320K->0K(509952K)] [ParOldGen: 1240009K->187859K(1398272K)] 1388329K->187859K(1908224K), [Metaspace: 60547K->60547K(1105920K)], 0.4523240 secs] [Times: user=2.09 sys=0.00, real=0.45 secs] 
4948.516: [GC (Allocation Failure) [PSYoungGen: 324096K->111456K(507904K)] 511955K->299315K(1906176K), 0.0367883 secs] [Times: user=0.21 sys=0.00, real=0.03 secs] 
4951.031: [GC (Allocation Failure) [PSYoungGen: 435552K->147392K(508928K)] 623411K->442729K(1907200K), 0.0527579 secs] [Times: user=0.31 sys=0.00, real=0.05 secs] 
4954.268: [GC (Allocation Failure) [PSYoungGen: 471488K->108528K(510464K)] 766825K->542286K(1908736K), 0.1742735 secs] [Times: user=1.03 sys=0.00, real=0.17 secs] 
4956.459: [GC (GCLocker Initiated GC) [PSYoungGen: 435184K->152528K(479232K)] 868942K->691550K(1877504K), 0.0892338 secs] [Times: user=0.53 sys=0.00, real=0.09 secs] 
4959.011: [GC (Allocation Failure) [PSYoungGen: 479184K->99648K(511488K)] 1018209K->790988K(1909760K), 0.1618295 secs] [Times: user=0.96 sys=0.00, real=0.16 secs] 
4960.070: [GC (Allocation Failure) [PSYoungGen: 422208K->155808K(478720K)] 1113548K->940691K(1876992K), 0.0572712 secs] [Times: user=0.34 sys=0.00, real=0.06 secs] 
4964.001: [GC (Allocation Failure) [PSYoungGen: 478368K->94432K(506880K)] 1263251K->1034827K(1905152K), 0.1659034 secs] [Times: user=0.98 sys=0.00, real=0.17 secs] 
4964.736: [GC (Allocation Failure) [PSYoungGen: 408288K->152192K(466432K)] 1348683K->1181056K(1864704K), 0.0555322 secs] [Times: user=0.33 sys=0.00, real=0.05 secs] 
4967.933: [GC (Allocation Failure) [PSYoungGen: 466048K->92208K(504320K)] 1494912K->1273045K(1902592K), 0.1588412 secs] [Times: user=0.94 sys=0.01, real=0.16 secs] 
4968.414: [GC (Allocation Failure) [PSYoungGen: 400944K->149872K(458752K)] 1581781K->1416594K(1857024K), 0.0545471 secs] [Times: user=0.32 sys=0.00, real=0.05 secs] 
4968.469: [Full GC (Ergonomics) [PSYoungGen: 149872K->0K(458752K)] [ParOldGen: 1266721K->214829K(1398272K)] 1416594K->214829K(1857024K), [Metaspace: 60549K->60549K(1105920K)], 0.5007351 secs] [Times: user=2.33 sys=0.00, real=0.50 secs] 
4970.796: [GC (Allocation Failure) [PSYoungGen: 308736K->94976K(503296K)] 523565K->309806K(1901568K), 0.1582516 secs] [Times: user=0.94 sys=0.00, real=0.16 secs] 
4971.680: [GC (Allocation Failure) [PSYoungGen: 401152K->146176K(501760K)] 615982K->450258K(1900032K), 0.0798191 secs] [Times: user=0.48 sys=0.00, real=0.08 secs] 
4976.578: [GC (Allocation Failure) [PSYoungGen: 452352K->88048K(502784K)] 756434K->537343K(1901056K), 0.1615551 secs] [Times: user=0.97 sys=0.00, real=0.16 secs] 
4978.005: [GC (Allocation Failure) [PSYoungGen: 388027K->140608K(446976K)] 837322K->674527K(1845248K), 0.0563999 secs] [Times: user=0.33 sys=0.00, real=0.05 secs] 
4980.935: [GC (Allocation Failure) [PSYoungGen: 446784K->100320K(504832K)] 980703K->766427K(1903104K), 0.0635906 secs] [Times: user=0.38 sys=0.00, real=0.06 secs] 
4982.312: [GC (Allocation Failure) [PSYoungGen: 409568K->145600K(501760K)] 1075675K->908984K(1900032K), 0.0503730 secs] [Times: user=0.30 sys=0.00, real=0.05 secs] 
4984.501: [GC (Allocation Failure) [PSYoungGen: 454848K->99616K(502272K)] 1218232K->999828K(1900544K), 0.0849406 secs] [Times: user=0.51 sys=0.01, real=0.09 secs] 
4987.440: [GC (Allocation Failure) [PSYoungGen: 411424K->144640K(503296K)] 1311636K->1140745K(1901568K), 0.0507219 secs] [Times: user=0.30 sys=0.01, real=0.05 secs] 
4989.261: [GC (Allocation Failure) [PSYoungGen: 456448K->104560K(501760K)] 1452553K->1235742K(1900032K), 0.0867000 secs] [Times: user=0.52 sys=0.00, real=0.09 secs] 
4991.567: [GC (Allocation Failure) [PSYoungGen: 418928K->144896K(503808K)] 1550110K->1377698K(1902080K), 0.1505937 secs] [Times: user=0.89 sys=0.00, real=0.15 secs] 
4991.718: [Full GC (Ergonomics) [PSYoungGen: 144896K->0K(503808K)] [ParOldGen: 1232802K->184276K(1398272K)] 1377698K->184276K(1902080K), [Metaspace: 60549K->60549K(1105920K)], 0.5039376 secs] [Times: user=2.43 sys=0.00, real=0.50 secs] 
4994.410: [GC (Allocation Failure) [PSYoungGen: 314368K->105264K(504832K)] 498644K->289541K(1903104K), 0.0448799 secs] [Times: user=0.26 sys=0.00, real=0.05 secs] 
4996.639: [GC (Allocation Failure) [PSYoungGen: 423728K->154976K(473600K)] 608005K->441118K(1871872K), 0.0526122 secs] [Times: user=0.31 sys=0.00, real=0.05 secs] 
4999.434: [GC (Allocation Failure) [PSYoungGen: 473440K->103840K(508416K)] 759582K->527766K(1906688K), 0.0940548 secs] [Times: user=0.56 sys=0.00, real=0.09 secs] 
5001.460: [GC (Allocation Failure) [PSYoungGen: 418720K->147776K(505344K)] 842646K->671887K(1903616K), 0.0517964 secs] [Times: user=0.30 sys=0.00, real=0.05 secs] 
5003.474: [GC (Allocation Failure) [PSYoungGen: 462656K->107200K(503296K)] 986767K->769783K(1901568K), 0.0654541 secs] [Times: user=0.39 sys=0.00, real=0.06 secs] 
5004.829: [GC (Allocation Failure) [PSYoungGen: 423104K->149088K(504832K)] 1085687K->915784K(1903104K), 0.0525593 secs] [Times: user=0.31 sys=0.00, real=0.05 secs] 
5007.343: [GC (Allocation Failure) [PSYoungGen: 464992K->102512K(507392K)] 1231688K->1009316K(1905664K), 0.0852626 secs] [Times: user=0.51 sys=0.00, real=0.09 secs] 
5008.851: [GC (Allocation Failure) [PSYoungGen: 419952K->150160K(467968K)] 1326756K->1155961K(1866240K), 0.0514272 secs] [Times: user=0.31 sys=0.00, real=0.05 secs] 
5011.239: [GC (Allocation Failure) [PSYoungGen: 467600K->104720K(508928K)] 1473401K->1251805K(1907200K), 0.0820920 secs] [Times: user=0.48 sys=0.00, real=0.08 secs] 
5013.491: [GC (Allocation Failure) [PSYoungGen: 421136K->146080K(506368K)] 1568221K->1394409K(1904640K), 0.0517496 secs] [Times: user=0.30 sys=0.00, real=0.05 secs] 
5013.543: [Full GC (Ergonomics) [PSYoungGen: 146080K->0K(506368K)] [ParOldGen: 1248329K->192575K(1398272K)] 1394409K->192575K(1904640K), [Metaspace: 60549K->60549K(1105920K)], 0.4652680 secs] [Times: user=2.17 sys=0.00, real=0.47 secs] 
5015.162: [GC (Allocation Failure) [PSYoungGen: 316416K->108768K(503296K)] 508991K->301343K(1901568K), 0.0487611 secs] [Times: user=0.29 sys=0.00, real=0.05 secs] 
5016.661: [GC (Allocation Failure) [PSYoungGen: 426208K->146336K(505344K)] 618783K->444216K(1903616K), 0.0515414 secs] [Times: user=0.31 sys=0.00, real=0.05 secs] 
5020.500: [GC (Allocation Failure) [PSYoungGen: 463776K->101792K(508416K)] 761656K->537116K(1906688K), 0.0935378 secs] [Times: user=0.55 sys=0.01, real=0.09 secs] 
5023.371: [GC (Allocation Failure) [PSYoungGen: 419786K->148304K(508928K)] 855110K->682137K(1907200K), 0.1228564 secs] [Times: user=0.73 sys=0.00, real=0.13 secs] 
5025.532: [GC (Allocation Failure) [PSYoungGen: 469840K->104128K(509440K)] 1003673K->777789K(1907712K), 0.1083245 secs] [Times: user=0.64 sys=0.00, real=0.11 secs] 
5027.116: [GC (Allocation Failure) [PSYoungGen: 419995K->146288K(508928K)] 1093656K->920401K(1907200K), 0.0506077 secs] [Times: user=0.30 sys=0.00, real=0.05 secs] 
5029.343: [GC (Allocation Failure) [PSYoungGen: 467312K->106528K(507392K)] 1241425K->1018228K(1905664K), 0.1551684 secs] [Times: user=0.93 sys=0.00, real=0.16 secs] 
5030.680: [GC (Allocation Failure) [PSYoungGen: 416691K->145472K(508416K)] 1328391K->1159489K(1906688K), 0.0510928 secs] [Times: user=0.30 sys=0.00, real=0.05 secs] 
5033.743: [GC (Allocation Failure) [PSYoungGen: 467008K->108288K(507904K)] 1481025K->1258733K(1906176K), 0.1342221 secs] [Times: user=0.79 sys=0.00, real=0.14 secs] 
5036.428: [GC (Allocation Failure) [PSYoungGen: 421091K->142176K(509440K)] 1571537K->1397542K(1907712K), 0.1282643 secs] [Times: user=0.76 sys=0.00, real=0.13 secs] 
5036.557: [Full GC (Ergonomics) [PSYoungGen: 142176K->0K(509440K)] [ParOldGen: 1255366K->196813K(1398272K)] 1397542K->196813K(1907712K), [Metaspace: 60549K->60549K(1105920K)], 0.5258195 secs] [Times: user=2.51 sys=0.00, real=0.52 secs] 
5039.936: [GC (Allocation Failure) [PSYoungGen: 324096K->104448K(509440K)] 520909K->301261K(1907712K), 0.0485189 secs] [Times: user=0.28 sys=0.00, real=0.05 secs] 
5041.182: [GC (Allocation Failure) [PSYoungGen: 416378K->145952K(511488K)] 613191K->443646K(1909760K), 0.0503612 secs] [Times: user=0.30 sys=0.00, real=0.05 secs] 
5045.404: [GC (GCLocker Initiated GC) [PSYoungGen: 474144K->105424K(513536K)] 771838K->540619K(1911808K), 0.1613109 secs] [Times: user=0.95 sys=0.01, real=0.16 secs] 
5046.286: [GC (Allocation Failure) [PSYoungGen: 435664K->156000K(486400K)] 870862K->692778K(1884672K), 0.0524236 secs] [Times: user=0.31 sys=0.00, real=0.05 secs] 
5048.927: [GC (Allocation Failure) [PSYoungGen: 486240K->100704K(511488K)] 1023018K->792650K(1909760K), 0.1752468 secs] [Times: user=1.04 sys=0.00, real=0.17 secs] 
5050.286: [GC (Allocation Failure) [PSYoungGen: 423264K->154544K(477184K)] 1115210K->941271K(1875456K), 0.1368242 secs] [Times: user=0.81 sys=0.00, real=0.13 secs] 
5053.187: [GC (GCLocker Initiated GC) [PSYoungGen: 477104K->95008K(507392K)] 1263832K->1036076K(1905664K), 0.1536451 secs] [Times: user=0.91 sys=0.00, real=0.15 secs] 
5054.260: [GC (Allocation Failure) [PSYoungGen: 409888K->152320K(467456K)] 1350957K->1181966K(1865728K), 0.0695982 secs] [Times: user=0.42 sys=0.00, real=0.07 secs] 
5058.882: [GC (Allocation Failure) [PSYoungGen: 467200K->90544K(504320K)] 1496846K->1272386K(1902592K), 0.1528795 secs] [Times: user=0.91 sys=0.00, real=0.16 secs] 
5059.581: [GC (Allocation Failure) [PSYoungGen: 399792K->149216K(458752K)] 1581634K->1415491K(1857024K), 0.0619594 secs] [Times: user=0.36 sys=0.00, real=0.06 secs] 
5059.643: [Full GC (Ergonomics) [PSYoungGen: 149216K->0K(458752K)] [ParOldGen: 1266275K->214509K(1398272K)] 1415491K->214509K(1857024K), [Metaspace: 60549K->59647K(1105920K)], 0.5184678 secs] [Times: user=2.39 sys=0.01, real=0.52 secs] 
5063.062: [GC (Allocation Failure) [PSYoungGen: 309248K->91824K(503296K)] 523757K->306334K(1901568K), 0.1385708 secs] [Times: user=0.81 sys=0.01, real=0.14 secs] 
5064.144: [GC (Allocation Failure) [PSYoungGen: 398000K->147904K(454144K)] 612510K->447174K(1852416K), 0.0531799 secs] [Times: user=0.32 sys=0.00, real=0.05 secs] 
5066.264: [GC (Allocation Failure) [PSYoungGen: 454080K->92000K(502784K)] 753350K->538714K(1901056K), 0.1490288 secs] [Times: user=0.88 sys=0.00, real=0.15 secs] 
5067.395: [GC (Allocation Failure) [PSYoungGen: 395321K->140064K(445440K)] 842036K->674783K(1843712K), 0.0495353 secs] [Times: user=0.29 sys=0.01, real=0.05 secs] 
5070.315: [GC (Allocation Failure) [PSYoungGen: 445216K->99712K(503808K)] 979935K->765143K(1902080K), 0.0627598 secs] [Times: user=0.37 sys=0.00, real=0.06 secs] 
5073.403: [GC (Allocation Failure) [PSYoungGen: 407936K->149520K(500736K)] 1073367K->910631K(1899008K), 0.0502087 secs] [Times: user=0.30 sys=0.00, real=0.05 secs] 
5076.450: [GC (Allocation Failure) [PSYoungGen: 456225K->99888K(503808K)] 1217336K->993563K(1902080K), 0.0639217 secs] [Times: user=0.38 sys=0.00, real=0.06 secs] 
5078.493: [GC (Allocation Failure) [PSYoungGen: 410160K->143872K(503296K)] 1303835K->1135283K(1901568K), 0.0516970 secs] [Times: user=0.31 sys=0.00, real=0.06 secs] 
5081.805: [GC (Allocation Failure) [PSYoungGen: 454144K->102400K(499712K)] 1445555K->1229092K(1897984K), 0.0667000 secs] [Times: user=0.40 sys=0.00, real=0.06 secs] 
5084.428: [GC (Allocation Failure) [PSYoungGen: 414208K->141152K(502272K)] 1540900K->1368000K(1900544K), 0.0525332 secs] [Times: user=0.31 sys=0.00, real=0.05 secs] 
5084.481: [Full GC (Ergonomics) [PSYoungGen: 141152K->0K(502272K)] [ParOldGen: 1226848K->175081K(1398272K)] 1368000K->175081K(1900544K), [Metaspace: 59647K->59642K(1105920K)], 0.4185814 secs] [Times: user=1.93 sys=0.00, real=0.42 secs] 
5085.998: [GC (Allocation Failure) [PSYoungGen: 311808K->105680K(501760K)] 486889K->280762K(1900032K), 0.0465929 secs] [Times: user=0.27 sys=0.00, real=0.05 secs] 
5087.352: [GC (Allocation Failure) [PSYoungGen: 423120K->145056K(504832K)] 598202K->423797K(1903104K), 0.0535020 secs] [Times: user=0.31 sys=0.00, real=0.06 secs] 
5089.150: [GC (Allocation Failure) [PSYoungGen: 462496K->108224K(505344K)] 741237K->522453K(1903616K), 0.0817784 secs] [Times: user=0.49 sys=0.01, real=0.08 secs] 
5090.466: [GC (Allocation Failure) [PSYoungGen: 430272K->149280K(507392K)] 844501K->670066K(1905664K), 0.1138770 secs] [Times: user=0.67 sys=0.01, real=0.11 secs] 
5092.564: [GC (Allocation Failure) [PSYoungGen: 471328K->110064K(509952K)] 992114K->771731K(1908224K), 0.0851689 secs] [Times: user=0.50 sys=0.00, real=0.09 secs] 
5093.985: [GC (Allocation Failure) [PSYoungGen: 434672K->152352K(477184K)] 1096339K->919055K(1875456K), 0.0935315 secs] [Times: user=0.56 sys=0.00, real=0.09 secs] 
5096.134: [GC (Allocation Failure) [PSYoungGen: 476960K->107744K(512000K)] 1243663K->1018335K(1910272K), 0.1615314 secs] [Times: user=0.96 sys=0.00, real=0.17 secs] 
5097.546: [GC (Allocation Failure) [PSYoungGen: 420678K->145792K(508928K)] 1331270K->1160708K(1907200K), 0.0534247 secs] [Times: user=0.32 sys=0.00, real=0.05 secs] 
5100.759: [GC (Allocation Failure) [PSYoungGen: 467840K->104848K(508416K)] 1482756K->1256989K(1906688K), 0.1266310 secs] [Times: user=0.75 sys=0.01, real=0.13 secs] 
5102.350: [GC (Allocation Failure) [PSYoungGen: 423658K->145792K(509440K)] 1575798K->1399609K(1907712K), 0.0560129 secs] [Times: user=0.33 sys=0.00, real=0.06 secs] 
5102.406: [Full GC (Ergonomics) [PSYoungGen: 145792K->0K(509440K)] [ParOldGen: 1253817K->196919K(1398272K)] 1399609K->196919K(1907712K), [Metaspace: 59642K->59642K(1105920K)], 0.4870606 secs] [Times: user=2.26 sys=0.00, real=0.48 secs] 
5105.894: [GC (Allocation Failure) [PSYoungGen: 323584K->106160K(509952K)] 520503K->303080K(1908224K), 0.0807958 secs] [Times: user=0.47 sys=0.01, real=0.09 secs] 
5106.995: [GC (Allocation Failure) [PSYoungGen: 431280K->170464K(495616K)] 628200K->470444K(1893888K), 0.0576979 secs] [Times: user=0.34 sys=0.00, real=0.05 secs] 
5110.804: [GC (Allocation Failure) [PSYoungGen: 495584K->94416K(503808K)] 795564K->548237K(1902080K), 0.1642574 secs] [Times: user=0.97 sys=0.00, real=0.16 secs] 
5111.995: [GC (Allocation Failure) [PSYoungGen: 392997K->138272K(446464K)] 846817K->682661K(1844736K), 0.0500672 secs] [Times: user=0.30 sys=0.00, real=0.05 secs] 
5113.939: [GC (Allocation Failure) [PSYoungGen: 445984K->102240K(503296K)] 990373K->776237K(1901568K), 0.0641866 secs] [Times: user=0.37 sys=0.01, real=0.06 secs] 
5116.071: [GC (Allocation Failure) [PSYoungGen: 412512K->143824K(500736K)] 1086509K->916631K(1899008K), 0.0511073 secs] [Times: user=0.30 sys=0.00, real=0.05 secs] 
5118.217: [GC (Allocation Failure) [PSYoungGen: 454096K->102320K(506368K)] 1226903K->1009655K(1904640K), 0.0679852 secs] [Times: user=0.40 sys=0.00, real=0.07 secs] 
5120.756: [GC (Allocation Failure) [PSYoungGen: 419760K->144704K(506368K)] 1327095K->1151147K(1904640K), 0.1421631 secs] [Times: user=0.84 sys=0.00, real=0.14 secs] 
5123.473: [GC (Allocation Failure) [PSYoungGen: 462144K->104736K(505856K)] 1468587K->1247427K(1904128K), 0.0663474 secs] [Times: user=0.39 sys=0.01, real=0.07 secs] 
5126.231: [GC (Allocation Failure) [PSYoungGen: 424736K->146608K(507392K)] 1567427K->1390344K(1905664K), 0.0527027 secs] [Times: user=0.31 sys=0.00, real=0.05 secs] 
5126.284: [Full GC (Ergonomics) [PSYoungGen: 146608K->0K(507392K)] [ParOldGen: 1243736K->188477K(1398272K)] 1390344K->188477K(1905664K), [Metaspace: 59682K->59682K(1105920K)], 0.4572955 secs] [Times: user=2.05 sys=0.00, real=0.46 secs] 
5128.455: [GC (Allocation Failure) [PSYoungGen: 320000K->106432K(507392K)] 508477K->294909K(1905664K), 0.0328645 secs] [Times: user=0.19 sys=0.00, real=0.03 secs] 
5130.590: [GC (Allocation Failure) [PSYoungGen: 428480K->151520K(508416K)] 616957K->442558K(1906688K), 0.0522852 secs] [Times: user=0.30 sys=0.00, real=0.05 secs] 
5133.593: [GC (Allocation Failure) [PSYoungGen: 473568K->107216K(509440K)] 764606K->540414K(1907712K), 0.0744506 secs] [Times: user=0.39 sys=0.00, real=0.08 secs] 
5136.658: [GC (GCLocker Initiated GC) [PSYoungGen: 428240K->146592K(508416K)] 861438K->683315K(1906688K), 0.1344899 secs] [Times: user=0.75 sys=0.02, real=0.13 secs] 
5139.908: [GC (Allocation Failure) [PSYoungGen: 467616K->108400K(507904K)] 1004342K->782886K(1906176K), 0.1624316 secs] [Times: user=0.97 sys=0.01, real=0.16 secs] 
5141.775: [GC (Allocation Failure) [PSYoungGen: 420113K->143072K(508928K)] 1094599K->922238K(1907200K), 0.1093538 secs] [Times: user=0.64 sys=0.01, real=0.11 secs] 
5144.762: [GC (Allocation Failure) [PSYoungGen: 465632K->104960K(507904K)] 1244798K->1018838K(1906176K), 0.1636391 secs] [Times: user=0.96 sys=0.02, real=0.17 secs] 
5146.183: [GC (Allocation Failure) [PSYoungGen: 430592K->154880K(480768K)] 1344470K->1169883K(1879040K), 0.0529191 secs] [Times: user=0.31 sys=0.00, real=0.06 secs] 
5148.516: [GC (Allocation Failure) [PSYoungGen: 480512K->98912K(510464K)] 1495515K->1268091K(1908736K), 0.1709470 secs] [Times: user=1.01 sys=0.00, real=0.17 secs] 
5150.070: [GC (Allocation Failure) [PSYoungGen: 419936K->154240K(475648K)] 1589115K->1416272K(1873920K), 0.0566784 secs] [Times: user=0.34 sys=0.00, real=0.06 secs] 
5150.127: [Full GC (Ergonomics) [PSYoungGen: 154240K->0K(475648K)] [ParOldGen: 1262032K->214023K(1398272K)] 1416272K->214023K(1873920K), [Metaspace: 59682K->59682K(1105920K)], 0.5007722 secs] [Times: user=2.32 sys=0.00, real=0.50 secs] 
5153.175: [GC (Allocation Failure) [PSYoungGen: 321024K->97568K(507392K)] 535047K->311591K(1905664K), 0.1456945 secs] [Times: user=0.87 sys=0.00, real=0.14 secs] 
5153.793: [GC (Allocation Failure) [PSYoungGen: 411936K->150592K(465408K)] 625959K->456320K(1863680K), 0.0719001 secs] [Times: user=0.42 sys=0.00, real=0.08 secs] 
5158.027: [GC (Allocation Failure) [PSYoungGen: 464960K->92448K(505344K)] 770688K->548024K(1903616K), 0.1473375 secs] [Times: user=0.86 sys=0.01, real=0.15 secs] 
5158.476: [GC (Allocation Failure) [PSYoungGen: 403232K->151424K(462336K)] 858808K->693345K(1860608K), 0.0537767 secs] [Times: user=0.32 sys=0.00, real=0.05 secs] 
5160.761: [GC (Allocation Failure) [PSYoungGen: 462208K->92448K(503296K)] 1004129K->785497K(1901568K), 0.1625430 secs] [Times: user=0.97 sys=0.00, real=0.17 secs] 
5161.515: [GC (Allocation Failure) [PSYoungGen: 398624K->148608K(455168K)] 1091673K->928358K(1853440K), 0.0546643 secs] [Times: user=0.33 sys=0.00, real=0.05 secs] 
5165.696: [GC (Allocation Failure) [PSYoungGen: 454784K->87744K(501760K)] 1234534K->1015670K(1900032K), 0.1525087 secs] [Times: user=0.76 sys=0.00, real=0.15 secs] 
5167.361: [GC (Allocation Failure) [PSYoungGen: 384063K->139408K(443392K)] 1311990K->1151270K(1841664K), 0.1174583 secs] [Times: user=0.68 sys=0.00, real=0.12 secs] 
5169.412: [GC (Allocation Failure) [PSYoungGen: 443024K->100224K(502784K)] 1454886K->1242885K(1901056K), 0.0633539 secs] [Times: user=0.37 sys=0.00, real=0.07 secs] 
5172.198: [GC (Allocation Failure) [PSYoungGen: 406912K->140976K(499712K)] 1549573K->1380515K(1897984K), 0.0507929 secs] [Times: user=0.30 sys=0.00, real=0.05 secs] 
5172.249: [Full GC (Ergonomics) [PSYoungGen: 140976K->0K(499712K)] [ParOldGen: 1239538K->187567K(1398272K)] 1380515K->187567K(1897984K), [Metaspace: 59683K->59683K(1105920K)], 0.4444891 secs] [Times: user=2.06 sys=0.00, real=0.44 secs] 
5174.773: [GC (Allocation Failure) [PSYoungGen: 306688K->99104K(503296K)] 494255K->286671K(1901568K), 0.0459075 secs] [Times: user=0.27 sys=0.00, real=0.05 secs] 
5176.956: [GC (Allocation Failure) [PSYoungGen: 411424K->145344K(502784K)] 598991K->429456K(1901056K), 0.0499417 secs] [Times: user=0.29 sys=0.00, real=0.05 secs] 
5178.817: [GC (Allocation Failure) [PSYoungGen: 457664K->105648K(502272K)] 741776K->526521K(1900544K), 0.0685725 secs] [Times: user=0.40 sys=0.00, real=0.07 secs] 
5180.850: [GC (Allocation Failure) [PSYoungGen: 421552K->144736K(504320K)] 842425K->667965K(1902592K), 0.0887009 secs] [Times: user=0.52 sys=0.01, real=0.09 secs] 
5183.432: [GC (Allocation Failure) [PSYoungGen: 460640K->100560K(507392K)] 983869K->759750K(1905664K), 0.0822183 secs] [Times: user=0.48 sys=0.00, real=0.09 secs] 
5185.154: [GC (Allocation Failure) [PSYoungGen: 420560K->149536K(470016K)] 1079750K->906814K(1868288K), 0.0520231 secs] [Times: user=0.31 sys=0.00, real=0.05 secs] 
5187.217: [GC (Allocation Failure) [PSYoungGen: 469536K->107040K(510976K)] 1226814K->1005230K(1909248K), 0.0668674 secs] [Times: user=0.39 sys=0.00, real=0.07 secs] 
5189.619: [GC (Allocation Failure) [PSYoungGen: 426528K->148912K(507392K)] 1324718K->1150408K(1905664K), 0.1086633 secs] [Times: user=0.64 sys=0.00, real=0.11 secs] 
5191.504: [GC (Allocation Failure) [PSYoungGen: 468400K->104784K(507904K)] 1469896K->1246736K(1906176K), 0.0663341 secs] [Times: user=0.39 sys=0.00, real=0.07 secs] 
5194.100: [GC (Allocation Failure) [PSYoungGen: 424784K->149696K(470016K)] 1566736K->1392832K(1868288K), 0.0524232 secs] [Times: user=0.31 sys=0.00, real=0.05 secs] 
5194.152: [Full GC (Ergonomics) [PSYoungGen: 149696K->0K(470016K)] [ParOldGen: 1243136K->191629K(1398272K)] 1392832K->191629K(1868288K), [Metaspace: 59683K->59683K(1105920K)], 0.4696195 secs] [Times: user=2.16 sys=0.00, real=0.47 secs] 
5195.867: [GC (Allocation Failure) [PSYoungGen: 320000K->108032K(510976K)] 511629K->299661K(1909248K), 0.0463956 secs] [Times: user=0.22 sys=0.00, real=0.04 secs] 
5198.349: [GC (Allocation Failure) [PSYoungGen: 427520K->146080K(507392K)] 619149K->442451K(1905664K), 0.1493243 secs] [Times: user=0.82 sys=0.01, real=0.15 secs] 
5200.235: [GC (Allocation Failure) [PSYoungGen: 465568K->105760K(507904K)] 761939K->539691K(1906176K), 0.0685688 secs] [Times: user=0.40 sys=0.00, real=0.07 secs] 
5202.437: [GC (Allocation Failure) [PSYoungGen: 424833K->146720K(508416K)] 858764K->683020K(1906688K), 0.0611968 secs] [Times: user=0.36 sys=0.00, real=0.06 secs] 
5205.698: [GC (Allocation Failure) [PSYoungGen: 468256K->106000K(508928K)] 1004556K->780540K(1907200K), 0.1591343 secs] [Times: user=0.93 sys=0.00, real=0.16 secs] 
5206.982: [GC (Allocation Failure) [PSYoungGen: 419411K->144032K(509440K)] 1093951K->921420K(1907712K), 0.0521320 secs] [Times: user=0.31 sys=0.00, real=0.06 secs] 
5209.597: [GC (Allocation Failure) [PSYoungGen: 467104K->104784K(508416K)] 1244492K->1017589K(1906688K), 0.1942522 secs] [Times: user=1.04 sys=0.00, real=0.19 secs] 
5210.680: [GC (Allocation Failure) [PSYoungGen: 429904K->184800K(509952K)] 1342709K->1217041K(1908224K), 0.0588927 secs] [Times: user=0.33 sys=0.01, real=0.06 secs] 
5214.247: [GC (Allocation Failure) [PSYoungGen: 509920K->95536K(421888K)] 1542161K->1263278K(1820160K), 0.1563772 secs] [Times: user=0.91 sys=0.00, real=0.15 secs] 
5215.195: [GC (Allocation Failure) [PSYoungGen: 328496K->110688K(465920K)] 1496238K->1370774K(1864192K), 0.0543002 secs] [Times: user=0.32 sys=0.00, real=0.05 secs] 
5215.249: [Full GC (Ergonomics) [PSYoungGen: 110688K->0K(465920K)] [ParOldGen: 1260086K->169482K(1398272K)] 1370774K->169482K(1864192K), [Metaspace: 59683K->59683K(1105920K)], 0.4067359 secs] [Times: user=1.84 sys=0.00, real=0.41 secs] 
5217.488: [GC (Allocation Failure) [PSYoungGen: 232960K->93216K(465920K)] 402442K->262698K(1864192K), 0.0353513 secs] [Times: user=0.21 sys=0.00, real=0.03 secs] 
5219.861: [GC (Allocation Failure) [PSYoungGen: 326176K->76256K(465920K)] 495658K->338323K(1864192K), 0.1008354 secs] [Times: user=0.60 sys=0.00, real=0.10 secs] 
5220.159: [GC (Allocation Failure) [PSYoungGen: 303412K->111904K(448512K)] 565480K->444548K(1846784K), 0.0445341 secs] [Times: user=0.26 sys=0.00, real=0.04 secs] 
5222.188: [GC (Allocation Failure) [PSYoungGen: 344864K->68976K(457216K)] 677508K->505133K(1855488K), 0.0541129 secs] [Times: user=0.31 sys=0.01, real=0.05 secs] 
5223.605: [GC (Allocation Failure) [PSYoungGen: 301936K->101008K(458752K)] 738093K->605246K(1857024K), 0.0585556 secs] [Times: user=0.35 sys=0.00, real=0.05 secs] 
5224.211: [GC (Allocation Failure) [PSYoungGen: 351888K->127552K(466944K)] 856126K->723729K(1865216K), 0.0889197 secs] [Times: user=0.53 sys=0.00, real=0.09 secs] 
5227.459: [GC (Allocation Failure) [PSYoungGen: 378432K->63456K(480256K)] 974609K->787201K(1878528K), 0.1480726 secs] [Times: user=0.87 sys=0.01, real=0.15 secs] 
5228.246: [GC (Allocation Failure) [PSYoungGen: 335840K->129616K(482816K)] 1059585K->912823K(1881088K), 0.0434677 secs] [Times: user=0.26 sys=0.00, real=0.04 secs] 
5230.203: [GC (Allocation Failure) [PSYoungGen: 402000K->87552K(480256K)] 1185207K->991606K(1878528K), 0.0594731 secs] [Times: user=0.36 sys=0.00, real=0.06 secs] 
5233.733: [GC (Allocation Failure) [PSYoungGen: 369152K->134144K(483840K)] 1273206K->1123415K(1882112K), 0.0572332 secs] [Times: user=0.34 sys=0.00, real=0.06 secs] 
5235.180: [GC (Allocation Failure) [PSYoungGen: 415744K->111168K(478720K)] 1405015K->1217351K(1876992K), 0.0617751 secs] [Times: user=0.37 sys=0.01, real=0.06 secs] 
5237.999: [GC (Allocation Failure) [PSYoungGen: 406080K->111360K(487936K)] 1512263K->1328327K(1886208K), 0.0952290 secs] [Times: user=0.53 sys=0.00, real=0.10 secs] 
5239.155: [GC (Allocation Failure) [PSYoungGen: 406272K->136832K(505856K)] 1623239K->1454576K(1904128K), 0.0634771 secs] [Times: user=0.38 sys=0.00, real=0.06 secs] 
5239.219: [Full GC (Ergonomics) [PSYoungGen: 136832K->0K(505856K)] [ParOldGen: 1317744K->251717K(1398272K)] 1454576K->251717K(1904128K), [Metaspace: 59686K->59686K(1105920K)], 0.5422232 secs] [Times: user=2.34 sys=0.00, real=0.54 secs] 
5242.824: [GC (Allocation Failure) [PSYoungGen: 320000K->103632K(507392K)] 571717K->355350K(1905664K), 0.0373922 secs] [Times: user=0.21 sys=0.00, real=0.03 secs] 
5243.981: [GC (Allocation Failure) [PSYoungGen: 423632K->144928K(503808K)] 675350K->489358K(1902080K), 0.0616363 secs] [Times: user=0.36 sys=0.00, real=0.06 secs] 
5246.677: [GC (Allocation Failure) [PSYoungGen: 466464K->108560K(507904K)] 810894K->597587K(1906176K), 0.0895962 secs] [Times: user=0.53 sys=0.00, real=0.09 secs] 
5248.790: [GC (Allocation Failure) [PSYoungGen: 430096K->139936K(509440K)] 919123K->726785K(1907712K), 0.0621112 secs] [Times: user=0.37 sys=0.00, real=0.06 secs] 
5251.743: [GC (Allocation Failure) [PSYoungGen: 468128K->123552K(511488K)] 1054977K->850297K(1909760K), 0.0877306 secs] [Times: user=0.52 sys=0.00, real=0.09 secs] 
5253.751: [GC (Allocation Failure) [PSYoungGen: 451744K->133312K(513536K)] 1178489K->964650K(1911808K), 0.0632265 secs] [Times: user=0.38 sys=0.00, real=0.07 secs] 
5255.778: [GC (Allocation Failure) [PSYoungGen: 468160K->132480K(513024K)] 1299498K->1096794K(1911296K), 0.0696373 secs] [Times: user=0.41 sys=0.00, real=0.07 secs] 
5258.991: [GC (Allocation Failure) [PSYoungGen: 467328K->3392K(492544K)] 1431642K->967774K(1890816K), 0.0039900 secs] [Times: user=0.02 sys=0.00, real=0.01 secs] 
5261.304: [GC (GCLocker Initiated GC) [PSYoungGen: 319296K->137232K(453632K)] 1283678K->1103316K(1851904K), 0.0363964 secs] [Times: user=0.21 sys=0.00, real=0.03 secs] 
5265.073: [GC (Allocation Failure) [PSYoungGen: 453136K->111760K(513536K)] 1419223K->1205903K(1911808K), 0.0659319 secs] [Times: user=0.39 sys=0.00, real=0.07 secs] 
5267.152: [GC (Allocation Failure) [PSYoungGen: 432272K->139504K(505856K)] 1526415K->1344344K(1904128K), 0.0603641 secs] [Times: user=0.35 sys=0.00, real=0.06 secs] 
5267.212: [Full GC (Ergonomics) [PSYoungGen: 139504K->0K(505856K)] [ParOldGen: 1204839K->156168K(1398272K)] 1344344K->156168K(1904128K), [Metaspace: 59686K->59686K(1105920K)], 0.3680312 secs] [Times: user=1.70 sys=0.00, real=0.37 secs] 
5269.991: [GC (Allocation Failure) [PSYoungGen: 320512K->112304K(505344K)] 476680K->268473K(1903616K), 0.0402094 secs] [Times: user=0.24 sys=0.00, real=0.04 secs] 
5271.808: [GC (Allocation Failure) [PSYoungGen: 437936K->144624K(506880K)] 594105K->412166K(1905152K), 0.0584753 secs] [Times: user=0.35 sys=0.00, real=0.06 secs] 
5275.149: [GC (Allocation Failure) [PSYoungGen: 470256K->108320K(512000K)] 737798K->511785K(1910272K), 0.0707371 secs] [Times: user=0.41 sys=0.00, real=0.07 secs] 
5277.521: [GC (Allocation Failure) [PSYoungGen: 440096K->149280K(512512K)] 843561K->659102K(1910784K), 0.0545052 secs] [Times: user=0.32 sys=0.00, real=0.06 secs] 
5279.828: [GC (Allocation Failure) [PSYoungGen: 481056K->114096K(512512K)] 990878K->764078K(1910784K), 0.0717954 secs] [Times: user=0.43 sys=0.01, real=0.07 secs] 
5282.138: [GC (Allocation Failure) [PSYoungGen: 445872K->151424K(512512K)] 1095854K->913098K(1910784K), 0.0561826 secs] [Times: user=0.33 sys=0.00, real=0.06 secs] 
5283.811: [GC (Allocation Failure) [PSYoungGen: 483200K->114512K(513024K)] 1244874K->1018639K(1911296K), 0.0676440 secs] [Times: user=0.40 sys=0.00, real=0.07 secs] 
5284.923: [GC (Allocation Failure) [PSYoungGen: 430276K->146848K(512512K)] 1334403K->1162267K(1910784K), 0.0909914 secs] [Times: user=0.54 sys=0.00, real=0.09 secs] 
5287.213: [GC (Allocation Failure) [PSYoungGen: 478112K->112592K(513024K)] 1493531K->1266476K(1911296K), 0.1494647 secs] [Times: user=0.88 sys=0.01, real=0.15 secs] 
5288.285: [GC (Allocation Failure) [PSYoungGen: 445392K->157312K(490496K)] 1599276K->1419920K(1888768K), 0.0546153 secs] [Times: user=0.32 sys=0.00, real=0.05 secs] 
5288.339: [Full GC (Ergonomics) [PSYoungGen: 157312K->0K(490496K)] [ParOldGen: 1262608K->215498K(1398272K)] 1419920K->215498K(1888768K), [Metaspace: 59686K->59686K(1105920K)], 0.5138856 secs] [Times: user=2.40 sys=0.00, real=0.51 secs] 
5290.968: [GC (Allocation Failure) [PSYoungGen: 332800K->104640K(513536K)] 548298K->320138K(1911808K), 0.1381586 secs] [Times: user=0.82 sys=0.00, real=0.14 secs] 
5292.030: [GC (Allocation Failure) [PSYoungGen: 430784K->155392K(481792K)] 646282K->469496K(1880064K), 0.1366523 secs] [Times: user=0.81 sys=0.00, real=0.14 secs] 
5294.209: [GC (Allocation Failure) [PSYoungGen: 481536K->101600K(509952K)] 795640K->571088K(1908224K), 0.1300469 secs] [Times: user=0.77 sys=0.00, real=0.13 secs] 
5295.210: [GC (Allocation Failure) [PSYoungGen: 421088K->154016K(473600K)] 890576K->719325K(1871872K), 0.0891751 secs] [Times: user=0.53 sys=0.00, real=0.09 secs] 
5299.110: [GC (Allocation Failure) [PSYoungGen: 473504K->91072K(505856K)] 1038813K->810469K(1904128K), 0.1334619 secs] [Times: user=0.73 sys=0.00, real=0.13 secs] 
5299.481: [GC (Allocation Failure) [PSYoungGen: 403904K->152832K(465920K)] 1123301K->957086K(1864192K), 0.0581576 secs] [Times: user=0.35 sys=0.00, real=0.06 secs] 
5303.437: [GC (Allocation Failure) [PSYoungGen: 465664K->89920K(502784K)] 1269918K->1047046K(1901056K), 0.1259912 secs] [Times: user=0.75 sys=0.00, real=0.12 secs] 
5303.783: [GC (Allocation Failure) [PSYoungGen: 396096K->147840K(454144K)] 1353222K->1188966K(1852416K), 0.0566546 secs] [Times: user=0.34 sys=0.00, real=0.06 secs] 
5306.776: [GC (Allocation Failure) [PSYoungGen: 454016K->89248K(501760K)] 1495142K->1277686K(1900032K), 0.1245037 secs] [Times: user=0.74 sys=0.00, real=0.12 secs] 
5308.043: [GC (Allocation Failure) [PSYoungGen: 393376K->164192K(468480K)] 1581814K->1436411K(1866752K), 0.1010933 secs] [Times: user=0.60 sys=0.00, real=0.11 secs] 
5308.144: [Full GC (Ergonomics) [PSYoungGen: 164192K->0K(468480K)] [ParOldGen: 1272219K->227459K(1398272K)] 1436411K->227459K(1866752K), [Metaspace: 59686K->59686K(1105920K)], 0.5607738 secs] [Times: user=2.64 sys=0.01, real=0.56 secs] 
5312.050: [GC (Allocation Failure) [PSYoungGen: 304128K->86016K(494592K)] 531587K->313475K(1892864K), 0.0989766 secs] [Times: user=0.59 sys=0.01, real=0.10 secs] 
5312.442: [GC (Allocation Failure) [PSYoungGen: 375808K->141120K(431104K)] 603267K->449176K(1829376K), 0.0518889 secs] [Times: user=0.31 sys=0.01, real=0.05 secs] 
5314.524: [GC (Allocation Failure) [PSYoungGen: 430912K->82464K(493056K)] 738968K->531508K(1891328K), 0.0683796 secs] [Times: user=0.41 sys=0.00, real=0.06 secs] 
5315.504: [GC (Allocation Failure) [PSYoungGen: 372768K->135696K(492544K)] 821812K->664262K(1890816K), 0.0664819 secs] [Times: user=0.40 sys=0.00, real=0.06 secs] 
5317.584: [GC (Allocation Failure) [PSYoungGen: 426000K->93184K(493568K)] 954566K->749021K(1891840K), 0.0630906 secs] [Times: user=0.37 sys=0.00, real=0.06 secs] 
5319.835: [GC (Allocation Failure) [PSYoungGen: 390144K->136032K(493568K)] 1045981K->882780K(1891840K), 0.0500617 secs] [Times: user=0.29 sys=0.00, real=0.05 secs] 
5322.666: [GC (Allocation Failure) [PSYoungGen: 432992K->99152K(495104K)] 1179740K->972929K(1893376K), 0.0650135 secs] [Times: user=0.38 sys=0.00, real=0.06 secs] 
5325.246: [GC (Allocation Failure) [PSYoungGen: 405840K->134144K(498176K)] 1279617K->1106285K(1896448K), 0.0597864 secs] [Times: user=0.35 sys=0.00, real=0.06 secs] 
5326.996: [GC (Allocation Failure) [PSYoungGen: 440832K->112816K(494592K)] 1412973K->1210026K(1892864K), 0.0659780 secs] [Times: user=0.39 sys=0.00, real=0.06 secs] 
5328.736: [GC (Allocation Failure) [PSYoungGen: 430256K->133504K(501760K)] 1527466K->1342554K(1900032K), 0.0656567 secs] [Times: user=0.38 sys=0.00, real=0.06 secs] 
5330.907: [GC (Allocation Failure) [PSYoungGen: 450944K->116000K(502272K)] 1659994K->1448707K(1900544K), 0.0652992 secs] [Times: user=0.38 sys=0.00, real=0.06 secs] 
5330.973: [Full GC (Ergonomics) [PSYoungGen: 116000K->0K(502272K)] [ParOldGen: 1332706K->17852K(1398272K)] 1448707K->17852K(1900544K), [Metaspace: 59686K->59686K(1105920K)], 0.0306797 secs] [Times: user=0.08 sys=0.00, real=0.03 secs] 
5333.122: [GC (Allocation Failure) [PSYoungGen: 331264K->141152K(508928K)] 349116K->159004K(1907200K), 0.0366629 secs] [Times: user=0.22 sys=0.00, real=0.04 secs] 
5335.597: [GC (Allocation Failure) [PSYoungGen: 472416K->116656K(514048K)] 490268K->265820K(1912320K), 0.0723138 secs] [Times: user=0.36 sys=0.00, real=0.07 secs] 
5336.401: [GC (Allocation Failure) [PSYoungGen: 458160K->155392K(516608K)] 607324K->419537K(1914880K), 0.0563189 secs] [Times: user=0.33 sys=0.00, real=0.06 secs] 
5339.687: [GC (GCLocker Initiated GC) [PSYoungGen: 496896K->117936K(519168K)] 761042K->527306K(1917440K), 0.0681533 secs] [Times: user=0.41 sys=0.00, real=0.07 secs] 
5340.638: [GC (Allocation Failure) [PSYoungGen: 456880K->151024K(516608K)] 882637K->691336K(1914880K), 0.2060227 secs] [Times: user=1.23 sys=0.00, real=0.21 secs] 
5345.080: [GC (Allocation Failure) [PSYoungGen: 489968K->100080K(517632K)] 1030280K->791369K(1915904K), 0.4349393 secs] [Times: user=2.60 sys=0.01, real=0.44 secs] 
5346.640: [GC (GCLocker Initiated GC) [PSYoungGen: 435440K->157344K(493056K)] 1126729K->942069K(1891328K), 0.1301560 secs] [Times: user=0.77 sys=0.00, real=0.13 secs] 
5350.147: [GC (Allocation Failure) [PSYoungGen: 492704K->108928K(514048K)] 1277448K->1050040K(1912320K), 0.1248334 secs] [Times: user=0.74 sys=0.01, real=0.12 secs] 
5350.507: [GC (Allocation Failure) [PSYoungGen: 435072K->155904K(482304K)] 1376184K->1195977K(1880576K), 0.0597819 secs] [Times: user=0.36 sys=0.00, real=0.06 secs] 
5354.015: [GC (Allocation Failure) [PSYoungGen: 482048K->100032K(509952K)] 1522121K->1294841K(1908224K), 0.1216600 secs] [Times: user=0.72 sys=0.00, real=0.12 secs] 
5354.137: [Full GC (Ergonomics) [PSYoungGen: 100032K->0K(509952K)] [ParOldGen: 1194809K->101376K(1398272K)] 1294841K->101376K(1908224K), [Metaspace: 59686K->59686K(1105920K)], 0.2530554 secs] [Times: user=1.17 sys=0.00, real=0.25 secs] 
5354.597: [GC (Allocation Failure) [PSYoungGen: 319488K->156192K(476160K)] 420864K->257568K(1874432K), 0.0335714 secs] [Times: user=0.20 sys=0.00, real=0.03 secs] 
5357.226: [GC (Allocation Failure) [PSYoungGen: 475119K->94960K(505856K)] 576495K->352573K(1904128K), 0.1096704 secs] [Times: user=0.65 sys=0.00, real=0.11 secs] 
5358.241: [GC (Allocation Failure) [PSYoungGen: 406768K->148448K(460288K)] 664381K->495325K(1858560K), 0.1140673 secs] [Times: user=0.68 sys=0.00, real=0.12 secs] 
5361.926: [GC (Allocation Failure) [PSYoungGen: 460256K->91552K(504320K)] 807133K->586957K(1902592K), 0.1132753 secs] [Times: user=0.67 sys=0.00, real=0.11 secs] 
5363.018: [GC (Allocation Failure) [PSYoungGen: 400800K->148608K(458240K)] 896205K->729502K(1856512K), 0.1253560 secs] [Times: user=0.74 sys=0.00, real=0.12 secs] 
5365.597: [GC (Allocation Failure) [PSYoungGen: 457856K->90240K(503296K)] 1038750K->819806K(1901568K), 0.1242550 secs] [Times: user=0.74 sys=0.01, real=0.12 secs] 
5366.332: [GC (Allocation Failure) [PSYoungGen: 396928K->149184K(456192K)] 1126494K->963271K(1854464K), 0.0748615 secs] [Times: user=0.44 sys=0.00, real=0.08 secs] 
5368.992: [GC (Allocation Failure) [PSYoungGen: 455872K->91984K(502272K)] 1269959K->1055296K(1900544K), 0.1256044 secs] [Times: user=0.75 sys=0.00, real=0.13 secs] 
5369.599: [GC (Allocation Failure) [PSYoungGen: 396112K->147104K(451584K)] 1359424K->1196284K(1849856K), 0.0997741 secs] [Times: user=0.59 sys=0.00, real=0.10 secs] 
5374.364: [GC (Allocation Failure) [PSYoungGen: 451232K->83456K(500736K)] 1500412K->1279540K(1899008K), 0.1485772 secs] [Times: user=0.89 sys=0.00, real=0.14 secs] 
5374.513: [Full GC (Ergonomics) [PSYoungGen: 83456K->0K(500736K)] [ParOldGen: 1196084K->81373K(1398272K)] 1279540K->81373K(1899008K), [Metaspace: 59686K->59686K(1105920K)], 0.2195355 secs] [Times: user=1.03 sys=0.00, real=0.22 secs] 
5374.929: [GC (Allocation Failure) [PSYoungGen: 302080K->147120K(449536K)] 383453K->228494K(1847808K), 0.0332334 secs] [Times: user=0.20 sys=0.00, real=0.03 secs] 
5377.021: [GC (Allocation Failure) [PSYoungGen: 449200K->89344K(500736K)] 530574K->317614K(1899008K), 0.1701483 secs] [Times: user=1.01 sys=0.00, real=0.17 secs] 
5377.599: [GC (Allocation Failure) [PSYoungGen: 389888K->144384K(498688K)] 618158K->456255K(1896960K), 0.0562068 secs] [Times: user=0.33 sys=0.00, real=0.06 secs] 
5381.178: [GC (Allocation Failure) [PSYoungGen: 444928K->86144K(499200K)] 756799K->542279K(1897472K), 0.1505882 secs] [Times: user=0.74 sys=0.00, real=0.15 secs] 
5382.783: [GC (Allocation Failure) [PSYoungGen: 387200K->141456K(499200K)] 843335K->679565K(1897472K), 0.0489828 secs] [Times: user=0.29 sys=0.00, real=0.05 secs] 
5384.935: [GC (Allocation Failure) [PSYoungGen: 442512K->94352K(494080K)] 980621K->765033K(1892352K), 0.0618415 secs] [Times: user=0.37 sys=0.00, real=0.06 secs] 
5387.216: [GC (Allocation Failure) [PSYoungGen: 396432K->139280K(497152K)] 1067113K->900633K(1895424K), 0.0475073 secs] [Times: user=0.28 sys=0.00, real=0.04 secs] 
5389.136: [GC (GCLocker Initiated GC) [PSYoungGen: 441360K->101936K(495104K)] 1202714K->993926K(1893376K), 0.0746877 secs] [Times: user=0.44 sys=0.00, real=0.07 secs] 
5391.017: [GC (Allocation Failure) [PSYoungGen: 410160K->138320K(499200K)] 1302153K->1130210K(1897472K), 0.0516705 secs] [Times: user=0.30 sys=0.00, real=0.05 secs] 
5394.275: [GC (Allocation Failure) [PSYoungGen: 446544K->104800K(499712K)] 1438434K->1225365K(1897984K), 0.0683346 secs] [Times: user=0.36 sys=0.01, real=0.07 secs] 
5397.085: [GC (Allocation Failure) [PSYoungGen: 421728K->142336K(503808K)] 1542293K->1365938K(1902080K), 0.0561240 secs] [Times: user=0.34 sys=0.00, real=0.05 secs] 
5397.141: [Full GC (Ergonomics) [PSYoungGen: 142336K->0K(503808K)] [ParOldGen: 1223602K->166535K(1398272K)] 1365938K->166535K(1902080K), [Metaspace: 59686K->59686K(1105920K)], 0.3893853 secs] [Times: user=1.79 sys=0.00, real=0.39 secs] 
5398.603: [GC (Allocation Failure) [PSYoungGen: 316928K->110497K(503808K)] 483463K->277032K(1902080K), 0.0478256 secs] [Times: user=0.28 sys=0.00, real=0.05 secs] 
5401.157: [GC (Allocation Failure) [PSYoungGen: 433569K->146976K(506880K)] 600104K->421672K(1905152K), 0.0552315 secs] [Times: user=0.33 sys=0.00, real=0.05 secs] 
5403.215: [GC (Allocation Failure) [PSYoungGen: 470048K->109232K(510464K)] 744744K->521929K(1908736K), 0.0659252 secs] [Times: user=0.38 sys=0.00, real=0.06 secs] 
5405.800: [GC (Allocation Failure) [PSYoungGen: 436912K->150528K(510976K)] 849609K->669725K(1909248K), 0.0547777 secs] [Times: user=0.32 sys=0.00, real=0.06 secs] 
5406.995: [GC (Allocation Failure) [PSYoungGen: 478208K->111200K(511488K)] 997405K->772049K(1909760K), 0.0898726 secs] [Times: user=0.53 sys=0.01, real=0.09 secs] 
5409.027: [GC (Allocation Failure) [PSYoungGen: 438368K->152512K(479744K)] 1099217K->920382K(1878016K), 0.0549270 secs] [Times: user=0.32 sys=0.00, real=0.05 secs] 
5411.069: [GC (Allocation Failure) [PSYoungGen: 479680K->108000K(513536K)] 1247550K->1019386K(1911808K), 0.1242184 secs] [Times: user=0.73 sys=0.01, real=0.12 secs] 
5412.201: [GC (Allocation Failure) [PSYoungGen: 417311K->145600K(510464K)] 1328698K->1160543K(1908736K), 0.0531150 secs] [Times: user=0.31 sys=0.00, real=0.06 secs] 
5414.997: [GC (Allocation Failure) [PSYoungGen: 470720K->106800K(509440K)] 1485663K->1258656K(1907712K), 0.1543853 secs] [Times: user=0.92 sys=0.00, real=0.15 secs] 
5417.778: [GC (Allocation Failure) [PSYoungGen: 419324K->144512K(510464K)] 1571179K->1398740K(1908736K), 0.0525357 secs] [Times: user=0.31 sys=0.00, real=0.05 secs] 
5417.831: [Full GC (Ergonomics) [PSYoungGen: 144512K->0K(510464K)] [ParOldGen: 1254228K->197296K(1398272K)] 1398740K->197296K(1908736K), [Metaspace: 59686K->59686K(1105920K)], 0.4812230 secs] [Times: user=2.25 sys=0.00, real=0.48 secs] 
5420.427: [GC (Allocation Failure) [PSYoungGen: 326144K->108016K(510976K)] 523440K->305313K(1909248K), 0.1012081 secs] [Times: user=0.60 sys=0.00, real=0.10 secs] 
5421.546: [GC (Allocation Failure) [PSYoungGen: 436720K->154336K(483328K)] 634017K->455977K(1881600K), 0.0520907 secs] [Times: user=0.30 sys=0.00, real=0.05 secs] 
5425.071: [GC (Allocation Failure) [PSYoungGen: 483040K->99808K(512000K)] 784681K->555049K(1910272K), 0.1712029 secs] [Times: user=1.02 sys=0.00, real=0.17 secs] 
5426.368: [GC (Allocation Failure) [PSYoungGen: 423392K->151776K(475648K)] 878633K->701162K(1873920K), 0.0809492 secs] [Times: user=0.48 sys=0.01, real=0.08 secs] 
5429.432: [GC (Allocation Failure) [PSYoungGen: 475360K->94960K(508928K)] 1024746K->796015K(1907200K), 0.1578541 secs] [Times: user=0.94 sys=0.00, real=0.16 secs] 
5430.065: [GC (Allocation Failure) [PSYoungGen: 412912K->152976K(471040K)] 1113967K->943000K(1869312K), 0.0554113 secs] [Times: user=0.32 sys=0.00, real=0.05 secs] 
5433.360: [GC (Allocation Failure) [PSYoungGen: 470928K->95424K(505856K)] 1260952K->1038167K(1904128K), 0.1644909 secs] [Times: user=0.98 sys=0.00, real=0.17 secs] 
5433.768: [GC (Allocation Failure) [PSYoungGen: 407232K->151520K(463360K)] 1349975K->1184228K(1861632K), 0.0561864 secs] [Times: user=0.34 sys=0.00, real=0.06 secs] 
5437.237: [GC (Allocation Failure) [PSYoungGen: 463328K->90080K(503296K)] 1496036K->1274200K(1901568K), 0.1652731 secs] [Times: user=0.98 sys=0.00, real=0.16 secs] 
5438.454: [GC (Allocation Failure) [PSYoungGen: 397280K->148608K(456192K)] 1581400K->1416741K(1854464K), 0.0545477 secs] [Times: user=0.33 sys=0.01, real=0.05 secs] 
5438.508: [Full GC (Ergonomics) [PSYoungGen: 148608K->0K(456192K)] [ParOldGen: 1268133K->215244K(1398272K)] 1416741K->215244K(1854464K), [Metaspace: 59686K->59686K(1105920K)], 0.5070707 secs] [Times: user=2.35 sys=0.00, real=0.51 secs] 
5441.188: [GC (Allocation Failure) [PSYoungGen: 307200K->101248K(504320K)] 522444K->316492K(1902592K), 0.1168459 secs] [Times: user=0.57 sys=0.00, real=0.12 secs] 
5441.840: [GC (Allocation Failure) [PSYoungGen: 407936K->148832K(501248K)] 623180K->446746K(1899520K), 0.0523842 secs] [Times: user=0.31 sys=0.00, real=0.05 secs] 
5444.871: [GC (Allocation Failure) [PSYoungGen: 455520K->91328K(502784K)] 753434K->537730K(1901056K), 0.1182317 secs] [Times: user=0.70 sys=0.00, real=0.12 secs] 
5446.281: [GC (Allocation Failure) [PSYoungGen: 391642K->139296K(445952K)] 838044K->674014K(1844224K), 0.1071913 secs] [Times: user=0.63 sys=0.01, real=0.11 secs] 
5448.470: [GC (Allocation Failure) [PSYoungGen: 445472K->102384K(504320K)] 980190K->767711K(1902592K), 0.0802864 secs] [Times: user=0.48 sys=0.00, real=0.08 secs] 
5450.040: [GC (Allocation Failure) [PSYoungGen: 412144K->142928K(501248K)] 1077471K->906788K(1899520K), 0.0500112 secs] [Times: user=0.29 sys=0.00, real=0.05 secs] 
5453.153: [GC (Allocation Failure) [PSYoungGen: 452688K->101696K(504832K)] 1216548K->998827K(1903104K), 0.0653942 secs] [Times: user=0.37 sys=0.00, real=0.07 secs] 
5454.642: [GC (Allocation Failure) [PSYoungGen: 417088K->145344K(504832K)] 1314219K->1141028K(1903104K), 0.0756317 secs] [Times: user=0.44 sys=0.01, real=0.08 secs] 
5457.161: [GC (GCLocker Initiated GC) [PSYoungGen: 460736K->105632K(504320K)] 1456437K->1237893K(1902592K), 0.0876662 secs] [Times: user=0.52 sys=0.00, real=0.09 secs] 
5458.661: [GC (Allocation Failure) [PSYoungGen: 423584K->146528K(505856K)] 1555896K->1380677K(1904128K), 0.0523830 secs] [Times: user=0.31 sys=0.00, real=0.05 secs] 
5458.714: [Full GC (Ergonomics) [PSYoungGen: 146528K->0K(505856K)] [ParOldGen: 1234149K->189034K(1398272K)] 1380677K->189034K(1904128K), [Metaspace: 59686K->59665K(1105920K)], 0.4641193 secs] [Times: user=2.14 sys=0.00, real=0.46 secs] 
5462.605: [GC (Allocation Failure) [PSYoungGen: 317952K->104736K(506880K)] 506986K->293770K(1905152K), 0.0437832 secs] [Times: user=0.26 sys=0.00, real=0.04 secs] 
5465.348: [GC (Allocation Failure) [PSYoungGen: 425760K->149248K(507904K)] 614794K->439295K(1906176K), 0.0517661 secs] [Times: user=0.30 sys=0.00, real=0.05 secs] 
5466.551: [GC (Allocation Failure) [PSYoungGen: 470272K->112944K(506368K)] 760319K->543376K(1904640K), 0.0658253 secs] [Times: user=0.39 sys=0.00, real=0.07 secs] 
5468.573: [GC (Allocation Failure) [PSYoungGen: 430993K->146304K(507392K)] 861425K->684416K(1905664K), 0.0567048 secs] [Times: user=0.34 sys=0.00, real=0.06 secs] 
5470.520: [GC (Allocation Failure) [PSYoungGen: 467840K->105760K(509952K)] 1005952K->781704K(1908224K), 0.0860235 secs] [Times: user=0.52 sys=0.00, real=0.09 secs] 
5472.133: [GC (Allocation Failure) [PSYoungGen: 418055K->145504K(510464K)] 1093999K->923145K(1908736K), 0.0512449 secs] [Times: user=0.30 sys=0.00, real=0.06 secs] 
5475.412: [GC (Allocation Failure) [PSYoungGen: 470624K->105760K(510464K)] 1248265K->1020337K(1908736K), 0.1464801 secs] [Times: user=0.86 sys=0.01, real=0.15 secs] 
5477.199: [GC (Allocation Failure) [PSYoungGen: 423596K->145936K(510976K)] 1338173K->1162070K(1909248K), 0.0517955 secs] [Times: user=0.30 sys=0.00, real=0.05 secs] 
5480.862: [GC (Allocation Failure) [PSYoungGen: 472080K->106016K(510976K)] 1488214K->1259013K(1909248K), 0.0694106 secs] [Times: user=0.41 sys=0.00, real=0.07 secs] 
5483.117: [GC (Allocation Failure) [PSYoungGen: 418699K->145056K(511488K)] 1571697K->1399914K(1909760K), 0.0519755 secs] [Times: user=0.31 sys=0.00, real=0.05 secs] 
5483.169: [Full GC (Ergonomics) [PSYoungGen: 145056K->0K(511488K)] [ParOldGen: 1254858K->197247K(1398272K)] 1399914K->197247K(1909760K), [Metaspace: 59665K->59665K(1105920K)], 0.4799258 secs] [Times: user=2.24 sys=0.00, real=0.48 secs] 
5485.183: [GC (Allocation Failure) [PSYoungGen: 327168K->107040K(510976K)] 524415K->304287K(1909248K), 0.0528282 secs] [Times: user=0.31 sys=0.01, real=0.06 secs] 
5487.185: [GC (Allocation Failure) [PSYoungGen: 435744K->154272K(483328K)] 632991K->454587K(1881600K), 0.0540922 secs] [Times: user=0.32 sys=0.00, real=0.05 secs] 
5490.862: [GC (Allocation Failure) [PSYoungGen: 482976K->98400K(511488K)] 783291K->552612K(1909760K), 0.1659083 secs] [Times: user=0.98 sys=0.01, real=0.17 secs] 
5491.650: [GC (Allocation Failure) [PSYoungGen: 421472K->153952K(477184K)] 875684K->700652K(1875456K), 0.0660403 secs] [Times: user=0.39 sys=0.00, real=0.07 secs] 
5495.513: [GC (Allocation Failure) [PSYoungGen: 477024K->95552K(507904K)] 1023724K->795888K(1906176K), 0.1695786 secs] [Times: user=1.01 sys=0.01, real=0.17 secs] 
5496.119: [GC (Allocation Failure) [PSYoungGen: 411456K->190944K(506880K)] 1111792K->993105K(1905152K), 0.0585238 secs] [Times: user=0.35 sys=0.00, real=0.06 secs] 
5500.479: [GC (Allocation Failure) [PSYoungGen: 506848K->90880K(424960K)] 1309009K->1034941K(1823232K), 0.1620752 secs] [Times: user=0.96 sys=0.00, real=0.16 secs] 
5500.963: [GC (Allocation Failure) [PSYoungGen: 323840K->114912K(465920K)] 1267901K->1144146K(1864192K), 0.0467710 secs] [Times: user=0.28 sys=0.00, real=0.05 secs] 
5502.125: [GC (Allocation Failure) [PSYoungGen: 347872K->82240K(465920K)] 1377106K->1217794K(1864192K), 0.0563750 secs] [Times: user=0.33 sys=0.00, real=0.05 secs] 
5504.524: [GC (Allocation Failure) [PSYoungGen: 315200K->92320K(325632K)] 1450754K->1309903K(1723904K), 0.0830329 secs] [Times: user=0.49 sys=0.00, real=0.08 secs] 
5504.815: [GC (Allocation Failure) [PSYoungGen: 325280K->114048K(473088K)] 1542863K->1418487K(1871360K), 0.0557475 secs] [Times: user=0.32 sys=0.00, real=0.05 secs] 
5504.871: [Full GC (Ergonomics) [PSYoungGen: 114048K->0K(473088K)] [ParOldGen: 1304439K->214754K(1398272K)] 1418487K->214754K(1871360K), [Metaspace: 59709K->59709K(1105920K)], 0.5469413 secs] [Times: user=2.49 sys=0.00, real=0.55 secs] 
5507.109: [GC (Allocation Failure) [PSYoungGen: 241664K->61744K(464384K)] 456418K->276499K(1862656K), 0.0705256 secs] [Times: user=0.42 sys=0.00, real=0.07 secs] 
5508.361: [GC (Allocation Failure) [PSYoungGen: 303408K->109856K(465408K)] 518163K->384294K(1863680K), 0.0549939 secs] [Times: user=0.32 sys=0.00, real=0.06 secs] 
5510.983: [GC (Allocation Failure) [PSYoungGen: 362272K->115392K(466944K)] 636710K->490670K(1865216K), 0.0584102 secs] [Times: user=0.34 sys=0.00, real=0.06 secs] 
5512.937: [GC (Allocation Failure) [PSYoungGen: 367808K->73312K(477184K)] 743086K->563650K(1875456K), 0.1210588 secs] [Times: user=0.72 sys=0.00, real=0.12 secs] 
5513.303: [GC (Allocation Failure) [PSYoungGen: 345696K->131808K(476160K)] 836034K->689571K(1874432K), 0.0482893 secs] [Times: user=0.28 sys=0.00, real=0.05 secs] 
5514.388: [GC (Allocation Failure) [PSYoungGen: 404192K->77584K(492544K)] 961955K->766844K(1890816K), 0.0586766 secs] [Times: user=0.35 sys=0.00, real=0.06 secs] 
5515.481: [GC (Allocation Failure) [PSYoungGen: 370448K->137760K(492032K)] 1059708K->901448K(1890304K), 0.0455524 secs] [Times: user=0.27 sys=0.00, real=0.05 secs] 
5517.782: [GC (Allocation Failure) [PSYoungGen: 430624K->93680K(490496K)] 1194312K->986316K(1888768K), 0.0624877 secs] [Times: user=0.37 sys=0.00, real=0.07 secs] 
5519.823: [GC (Allocation Failure) [PSYoungGen: 393200K->135392K(494592K)] 1285836K->1119088K(1892864K), 0.0517798 secs] [Times: user=0.30 sys=0.00, real=0.06 secs] 
5522.169: [GC (Allocation Failure) [PSYoungGen: 434912K->101904K(492032K)] 1418608K->1211733K(1890304K), 0.0653003 secs] [Times: user=0.39 sys=0.01, real=0.07 secs] 
5524.041: [GC (Allocation Failure) [PSYoungGen: 410128K->135312K(497664K)] 1519957K->1345612K(1895936K), 0.0616824 secs] [Times: user=0.36 sys=0.00, real=0.06 secs] 
5525.914: [GC (Allocation Failure) [PSYoungGen: 443536K->111120K(496640K)] 1653836K->1447221K(1894912K), 0.0662325 secs] [Times: user=0.40 sys=0.00, real=0.07 secs] 
5525.980: [Full GC (Ergonomics) [PSYoungGen: 111120K->0K(496640K)] [ParOldGen: 1336100K->17067K(1398272K)] 1447221K->17067K(1894912K), [Metaspace: 59724K->59724K(1105920K)], 0.0294378 secs] [Times: user=0.06 sys=0.00, real=0.03 secs] 
5528.367: [GC (Allocation Failure) [PSYoungGen: 319488K->138208K(502784K)] 336555K->155275K(1901056K), 0.0349054 secs] [Times: user=0.21 sys=0.00, real=0.03 secs] 
5530.493: [GC (Allocation Failure) [PSYoungGen: 457696K->113344K(505344K)] 474763K->259099K(1903616K), 0.0697313 secs] [Times: user=0.41 sys=0.01, real=0.07 secs] 
5533.339: [GC (Allocation Failure) [PSYoungGen: 443584K->145728K(509440K)] 589339K->403344K(1907712K), 0.0581505 secs] [Times: user=0.34 sys=0.00, real=0.06 secs] 
5534.811: [GC (Allocation Failure) [PSYoungGen: 475968K->113744K(513024K)] 733584K->507521K(1911296K), 0.0762643 secs] [Times: user=0.45 sys=0.01, real=0.08 secs] 
5536.432: [GC (Allocation Failure) [PSYoungGen: 449616K->152096K(514048K)] 843393K->657329K(1912320K), 0.0559877 secs] [Times: user=0.32 sys=0.01, real=0.06 secs] 
5538.900: [GC (Allocation Failure) [PSYoungGen: 487968K->117232K(515584K)] 993201K->764574K(1913856K), 0.0879198 secs] [Times: user=0.52 sys=0.00, real=0.09 secs] 
5540.097: [GC (Allocation Failure) [PSYoungGen: 444320K->152976K(488448K)] 1091661K->913802K(1886720K), 0.0560049 secs] [Times: user=0.34 sys=0.00, real=0.05 secs] 
5543.686: [GC (Allocation Failure) [PSYoungGen: 488336K->112704K(517632K)] 1249162K->1017554K(1915904K), 0.1769964 secs] [Times: user=1.06 sys=0.00, real=0.17 secs] 
5544.835: [GC (Allocation Failure) [PSYoungGen: 445504K->172224K(505344K)] 1350354K->1185849K(1903616K), 0.0549398 secs] [Times: user=0.33 sys=0.00, real=0.05 secs] 
5548.236: [GC (Allocation Failure) [PSYoungGen: 505024K->102848K(507392K)] 1518649K->1271113K(1905664K), 0.1698590 secs] [Times: user=1.01 sys=0.00, real=0.17 secs] 
5548.675: [GC (Allocation Failure) [PSYoungGen: 416704K->152608K(466944K)] 1584969K->1417430K(1865216K), 0.0590227 secs] [Times: user=0.34 sys=0.00, real=0.05 secs] 
5548.734: [Full GC (Ergonomics) [PSYoungGen: 152608K->0K(466944K)] [ParOldGen: 1264822K->222598K(1398272K)] 1417430K->222598K(1865216K), [Metaspace: 59724K->59724K(1105920K)], 0.5296997 secs] [Times: user=2.48 sys=0.00, real=0.53 secs] 
5553.530: [GC (Allocation Failure) [PSYoungGen: 313856K->90880K(504320K)] 536454K->313478K(1902592K), 0.1186564 secs] [Times: user=0.71 sys=0.00, real=0.12 secs] 
5553.955: [GC (Allocation Failure) [PSYoungGen: 400640K->148640K(458752K)] 623238K->455899K(1857024K), 0.0536775 secs] [Times: user=0.32 sys=0.01, real=0.05 secs] 
5556.735: [GC (Allocation Failure) [PSYoungGen: 458400K->94496K(503808K)] 765659K->549563K(1902080K), 0.1343184 secs] [Times: user=0.75 sys=0.00, real=0.13 secs] 
5557.341: [GC (Allocation Failure) [PSYoungGen: 402208K->147872K(455680K)] 857275K->692036K(1853952K), 0.0769055 secs] [Times: user=0.45 sys=0.00, real=0.08 secs] 
5560.225: [GC (Allocation Failure) [PSYoungGen: 455584K->88608K(502784K)] 999748K->780516K(1901056K), 0.1719279 secs] [Times: user=1.02 sys=0.00, real=0.17 secs] 
5561.062: [GC (Allocation Failure) [PSYoungGen: 394784K->148608K(455168K)] 1086692K->923301K(1853440K), 0.0528546 secs] [Times: user=0.31 sys=0.01, real=0.06 secs] 
5564.032: [GC (Allocation Failure) [PSYoungGen: 454784K->89584K(501760K)] 1229477K->1012605K(1900032K), 0.1704942 secs] [Times: user=1.01 sys=0.01, real=0.17 secs] 
5565.917: [GC (Allocation Failure) [PSYoungGen: 392688K->141456K(500224K)] 1315709K->1149678K(1898496K), 0.0505409 secs] [Times: user=0.30 sys=0.01, real=0.05 secs] 
5567.545: [GC (Allocation Failure) [PSYoungGen: 444560K->97312K(497152K)] 1452782K->1238002K(1895424K), 0.0648275 secs] [Times: user=0.37 sys=0.01, real=0.06 secs] 
5570.145: [GC (Allocation Failure) [PSYoungGen: 401952K->144016K(498688K)] 1542642K->1377463K(1896960K), 0.0501336 secs] [Times: user=0.29 sys=0.00, real=0.05 secs] 
5570.195: [Full GC (Ergonomics) [PSYoungGen: 144016K->0K(498688K)] [ParOldGen: 1233446K->184993K(1398272K)] 1377463K->184993K(1896960K), [Metaspace: 59724K->59724K(1105920K)], 0.4516360 secs] [Times: user=2.09 sys=0.00, real=0.45 secs] 
5571.945: [GC (Allocation Failure) [PSYoungGen: 304640K->100688K(499200K)] 489633K->285682K(1897472K), 0.0321874 secs] [Times: user=0.19 sys=0.00, real=0.03 secs] 
5574.348: [GC (Allocation Failure) [PSYoungGen: 409936K->142768K(501248K)] 594930K->426223K(1899520K), 0.0508877 secs] [Times: user=0.30 sys=0.00, real=0.05 secs] 
5576.562: [GC (Allocation Failure) [PSYoungGen: 452016K->101856K(501760K)] 735471K->519470K(1900032K), 0.0785236 secs] [Times: user=0.46 sys=0.00, real=0.08 secs] 
5578.822: [GC (GCLocker Initiated GC) [PSYoungGen: 415712K->144912K(503808K)] 833326K->662448K(1902080K), 0.0976112 secs] [Times: user=0.58 sys=0.01, real=0.10 secs] 
5581.063: [GC (Allocation Failure) [PSYoungGen: 458768K->104320K(503296K)] 976306K->758466K(1901568K), 0.0650689 secs] [Times: user=0.39 sys=0.00, real=0.07 secs] 
5583.314: [GC (Allocation Failure) [PSYoungGen: 421760K->143360K(505344K)] 1075906K->899919K(1903616K), 0.0525535 secs] [Times: user=0.31 sys=0.00, real=0.05 secs] 
5584.911: [GC (Allocation Failure) [PSYoungGen: 460800K->108736K(504320K)] 1217359K->1000035K(1902592K), 0.0656925 secs] [Times: user=0.39 sys=0.00, real=0.07 secs] 
5586.894: [GC (Allocation Failure) [PSYoungGen: 430272K->146048K(506880K)] 1321571K->1143876K(1905152K), 0.0543806 secs] [Times: user=0.31 sys=0.00, real=0.05 secs] 
5588.291: [GC (Allocation Failure) [PSYoungGen: 467584K->109392K(508928K)] 1465412K->1244048K(1907200K), 0.0695715 secs] [Times: user=0.41 sys=0.01, real=0.07 secs] 
5589.927: [GC (Allocation Failure) [PSYoungGen: 435024K->154528K(480256K)] 1569680K->1395020K(1878528K), 0.0550622 secs] [Times: user=0.32 sys=0.00, real=0.05 secs] 
5589.982: [Full GC (Ergonomics) [PSYoungGen: 154528K->0K(480256K)] [ParOldGen: 1240492K->192718K(1398272K)] 1395020K->192718K(1878528K), [Metaspace: 59724K->59724K(1105920K)], 0.4641037 secs] [Times: user=2.16 sys=0.00, real=0.47 secs] 
5594.357: [GC (Allocation Failure) [PSYoungGen: 325632K->105488K(512000K)] 518350K->298207K(1910272K), 0.0457921 secs] [Times: user=0.27 sys=0.01, real=0.04 secs] 
5595.853: [GC (Allocation Failure) [PSYoungGen: 426937K->148944K(508928K)] 619656K->443148K(1907200K), 0.0511879 secs] [Times: user=0.30 sys=0.00, real=0.06 secs] 
5598.353: [GC (Allocation Failure) [PSYoungGen: 470992K->105664K(509440K)] 765196K->539379K(1907712K), 0.0659950 secs] [Times: user=0.39 sys=0.00, real=0.07 secs] 
5599.382: [GC (Allocation Failure) [PSYoungGen: 413432K->144976K(508928K)] 847147K->680852K(1907200K), 0.0573523 secs] [Times: user=0.34 sys=0.00, real=0.06 secs] 
5601.728: [GC (Allocation Failure) [PSYoungGen: 466512K->105616K(507392K)] 1002388K->778020K(1905664K), 0.0654202 secs] [Times: user=0.38 sys=0.00, real=0.06 secs] 
5603.136: [GC (Allocation Failure) [PSYoungGen: 416913K->145280K(508928K)] 1089317K->919480K(1907200K), 0.0511198 secs] [Times: user=0.30 sys=0.00, real=0.05 secs] 
5605.423: [GC (Allocation Failure) [PSYoungGen: 468352K->107744K(509440K)] 1242552K->1018116K(1907712K), 0.0659521 secs] [Times: user=0.39 sys=0.00, real=0.07 secs] 
5607.025: [GC (Allocation Failure) [PSYoungGen: 433376K->152192K(478208K)] 1343748K->1166817K(1876480K), 0.0529506 secs] [Times: user=0.32 sys=0.00, real=0.05 secs] 
5610.417: [GC (Allocation Failure) [PSYoungGen: 477824K->97952K(510976K)] 1492449K->1264345K(1909248K), 0.1131754 secs] [Times: user=0.67 sys=0.00, real=0.11 secs] 
5611.496: [GC (Allocation Failure) [PSYoungGen: 420000K->153488K(475648K)] 1586393K->1411475K(1873920K), 0.0560646 secs] [Times: user=0.33 sys=0.00, real=0.05 secs] 
5611.552: [Full GC (Ergonomics) [PSYoungGen: 153488K->0K(475648K)] [ParOldGen: 1257986K->211416K(1398272K)] 1411475K->211416K(1873920K), [Metaspace: 59724K->59724K(1105920K)], 0.5020052 secs] [Times: user=2.34 sys=0.01, real=0.51 secs] 
5614.274: [GC (Allocation Failure) [PSYoungGen: 322048K->99520K(508416K)] 533464K->310936K(1906688K), 0.1548311 secs] [Times: user=0.91 sys=0.00, real=0.15 secs] 
5614.925: [GC (Allocation Failure) [PSYoungGen: 415936K->151184K(467968K)] 627352K->455990K(1866240K), 0.0561812 secs] [Times: user=0.33 sys=0.00, real=0.05 secs] 
5620.072: [GC (Allocation Failure) [PSYoungGen: 467600K->92128K(505856K)] 772406K->547685K(1904128K), 0.1452830 secs] [Times: user=0.86 sys=0.01, real=0.15 secs] 
5620.726: [GC (Allocation Failure) [PSYoungGen: 404448K->150960K(463360K)] 860005K->692423K(1861632K), 0.0555794 secs] [Times: user=0.33 sys=0.00, real=0.05 secs] 
5625.102: [GC (Allocation Failure) [PSYoungGen: 463280K->92544K(503808K)] 1004743K->784754K(1902080K), 0.1626049 secs] [Times: user=0.96 sys=0.00, real=0.17 secs] 
5625.834: [GC (Allocation Failure) [PSYoungGen: 400256K->148432K(456192K)] 1092466K->923267K(1854464K), 0.0535409 secs] [Times: user=0.32 sys=0.00, real=0.06 secs] 
5628.538: [GC (Allocation Failure) [PSYoungGen: 456144K->90944K(502784K)] 1230979K->1013931K(1901056K), 0.1703869 secs] [Times: user=0.92 sys=0.00, real=0.17 secs] 
5629.873: [GC (Allocation Failure) [PSYoungGen: 392435K->139168K(444928K)] 1315422K->1149932K(1843200K), 0.0542700 secs] [Times: user=0.32 sys=0.00, real=0.06 secs] 
5632.417: [GC (Allocation Failure) [PSYoungGen: 444832K->98752K(503808K)] 1455596K->1240192K(1902080K), 0.0941377 secs] [Times: user=0.56 sys=0.00, real=0.09 secs] 
5634.034: [GC (Allocation Failure) [PSYoungGen: 407488K->145568K(500736K)] 1548928K->1382068K(1899008K), 0.0503624 secs] [Times: user=0.30 sys=0.00, real=0.05 secs] 
5634.085: [Full GC (Ergonomics) [PSYoungGen: 145568K->0K(500736K)] [ParOldGen: 1236500K->189438K(1398272K)] 1382068K->189438K(1899008K), [Metaspace: 59724K->59724K(1105920K)], 0.4619494 secs] [Times: user=2.15 sys=0.00, real=0.46 secs] 
5635.617: [GC (Allocation Failure) [PSYoungGen: 308736K->102112K(502784K)] 498174K->291550K(1901056K), 0.0458842 secs] [Times: user=0.27 sys=0.01, real=0.04 secs] 
5637.567: [GC (Allocation Failure) [PSYoungGen: 414944K->147008K(503808K)] 604382K->434942K(1902080K), 0.0507624 secs] [Times: user=0.29 sys=0.00, real=0.05 secs] 
5640.063: [GC (Allocation Failure) [PSYoungGen: 459840K->102352K(503808K)] 747774K->527990K(1902080K), 0.0647920 secs] [Times: user=0.39 sys=0.00, real=0.07 secs] 
5640.960: [GC (Allocation Failure) [PSYoungGen: 417232K->148192K(504832K)] 842870K->672914K(1903104K), 0.0550149 secs] [Times: user=0.32 sys=0.01, real=0.06 secs] 
5643.077: [GC (Allocation Failure) [PSYoungGen: 463072K->103488K(505856K)] 987794K->767082K(1904128K), 0.0655046 secs] [Times: user=0.39 sys=0.00, real=0.06 secs] 
5644.661: [GC (Allocation Failure) [PSYoungGen: 419392K->150112K(505856K)] 1082986K->913803K(1904128K), 0.0603188 secs] [Times: user=0.36 sys=0.00, real=0.06 secs] 
5646.973: [GC (Allocation Failure) [PSYoungGen: 466016K->102464K(506368K)] 1229707K->1007875K(1904640K), 0.1298085 secs] [Times: user=0.77 sys=0.00, real=0.13 secs] 
5648.792: [GC (Allocation Failure) [PSYoungGen: 417856K->149297K(464896K)] 1323267K->1153949K(1863168K), 0.0521787 secs] [Times: user=0.30 sys=0.00, real=0.06 secs] 
5651.728: [GC (Allocation Failure) [PSYoungGen: 464689K->101440K(507904K)] 1469341K->1246948K(1906176K), 0.0924830 secs] [Times: user=0.55 sys=0.00, real=0.09 secs] 
5652.853: [GC (Allocation Failure) [PSYoungGen: 415808K->145696K(505344K)] 1561316K->1388677K(1903616K), 0.0520875 secs] [Times: user=0.30 sys=0.01, real=0.06 secs] 
5652.905: [Full GC (Ergonomics) [PSYoungGen: 145696K->0K(505344K)] [ParOldGen: 1242981K->186905K(1398272K)] 1388677K->186905K(1903616K), [Metaspace: 59724K->59724K(1105920K)], 0.4457570 secs] [Times: user=2.05 sys=0.00, real=0.44 secs] 
5654.437: [GC (Allocation Failure) [PSYoungGen: 314368K->105840K(502272K)] 501273K->292745K(1900544K), 0.0326762 secs] [Times: user=0.19 sys=0.00, real=0.03 secs] 
5656.220: [GC (Allocation Failure) [PSYoungGen: 421232K->145024K(504320K)] 608137K->434634K(1902592K), 0.0515797 secs] [Times: user=0.30 sys=0.00, real=0.05 secs] 
5658.042: [GC (Allocation Failure) [PSYoungGen: 460416K->105248K(505344K)] 750026K->531070K(1903616K), 0.0650885 secs] [Times: user=0.39 sys=0.00, real=0.07 secs] 
5659.536: [GC (Allocation Failure) [PSYoungGen: 424736K->152000K(506880K)] 850558K->679787K(1905152K), 0.0685426 secs] [Times: user=0.40 sys=0.00, real=0.07 secs] 
5661.258: [GC (Allocation Failure) [PSYoungGen: 471488K->106912K(508416K)] 999275K->778267K(1906688K), 0.0682027 secs] [Times: user=0.40 sys=0.00, real=0.07 secs] 
5663.931: [GC (Allocation Failure) [PSYoungGen: 425888K->146320K(507392K)] 1097243K->921233K(1905664K), 0.0527080 secs] [Times: user=0.31 sys=0.00, real=0.05 secs] 
5665.462: [GC (Allocation Failure) [PSYoungGen: 465296K->106368K(506880K)] 1240209K->1018308K(1905152K), 0.0992874 secs] [Times: user=0.59 sys=0.00, real=0.10 secs] 
5666.829: [GC (Allocation Failure) [PSYoungGen: 418940K->144672K(507904K)] 1330880K->1159105K(1906176K), 0.0524478 secs] [Times: user=0.31 sys=0.00, real=0.05 secs] 
5669.306: [GC (Allocation Failure) [PSYoungGen: 465184K->106256K(507392K)] 1479617K->1256522K(1905664K), 0.0659370 secs] [Times: user=0.39 sys=0.01, real=0.06 secs] 
5671.276: [GC (Allocation Failure) [PSYoungGen: 418916K->144784K(508928K)] 1569182K->1397894K(1907200K), 0.0533763 secs] [Times: user=0.32 sys=0.00, real=0.05 secs] 
5671.330: [Full GC (Ergonomics) [PSYoungGen: 144784K->0K(508928K)] [ParOldGen: 1253110K->195915K(1398272K)] 1397894K->195915K(1907200K), [Metaspace: 59724K->59724K(1105920K)], 0.4728030 secs] [Times: user=2.19 sys=0.00, real=0.47 secs] 
5673.441: [GC (Allocation Failure) [PSYoungGen: 323072K->108896K(508416K)] 518987K->304811K(1906688K), 0.0580141 secs] [Times: user=0.34 sys=0.00, real=0.06 secs] 
5674.764: [GC (Allocation Failure) [PSYoungGen: 434528K->168016K(494080K)] 630443K->468988K(1892352K), 0.0533885 secs] [Times: user=0.31 sys=0.00, real=0.05 secs] 
5678.198: [GC (Allocation Failure) [PSYoungGen: 493648K->99360K(505856K)] 794620K->551168K(1904128K), 0.1647475 secs] [Times: user=0.97 sys=0.00, real=0.16 secs] 
5678.652: [GC (Allocation Failure) [PSYoungGen: 411168K->150224K(462336K)] 862976K->695087K(1860608K), 0.0567712 secs] [Times: user=0.33 sys=0.01, real=0.06 secs] 
5683.121: [GC (Allocation Failure) [PSYoungGen: 462032K->90272K(503808K)] 1006895K->784559K(1902080K), 0.1622437 secs] [Times: user=0.96 sys=0.00, real=0.16 secs] 
5684.137: [GC (Allocation Failure) [PSYoungGen: 389215K->139008K(448000K)] 1083502K->919576K(1846272K), 0.0495557 secs] [Times: user=0.29 sys=0.00, real=0.05 secs] 
5686.461: [GC (Allocation Failure) [PSYoungGen: 447744K->103424K(504320K)] 1228312K->1014528K(1902592K), 0.1209987 secs] [Times: user=0.72 sys=0.00, real=0.12 secs] 
5688.191: [GC (Allocation Failure) [PSYoungGen: 414720K->142816K(501760K)] 1325824K->1153840K(1900032K), 0.0510370 secs] [Times: user=0.29 sys=0.01, real=0.05 secs] 
5689.701: [GC (Allocation Failure) [PSYoungGen: 454112K->104416K(504320K)] 1465136K->1248853K(1902592K), 0.0869107 secs] [Times: user=0.52 sys=0.00, real=0.09 secs] 
5691.285: [GC (Allocation Failure) [PSYoungGen: 421856K->150224K(505344K)] 1566293K->1395710K(1903616K), 0.0534333 secs] [Times: user=0.31 sys=0.00, real=0.05 secs] 
5691.339: [Full GC (Ergonomics) [PSYoungGen: 150224K->0K(505344K)] [ParOldGen: 1245485K->195054K(1398272K)] 1395710K->195054K(1903616K), [Metaspace: 59724K->59724K(1105920K)], 0.4769287 secs] [Times: user=2.23 sys=0.00, real=0.48 secs] 
5693.462: [GC (Allocation Failure) [PSYoungGen: 317440K->105248K(507904K)] 512494K->300302K(1906176K), 0.0343958 secs] [Times: user=0.20 sys=0.00, real=0.04 secs] 
5695.922: [GC (Allocation Failure) [PSYoungGen: 424224K->147232K(507392K)] 619278K->443403K(1905664K), 0.0506676 secs] [Times: user=0.30 sys=0.00, real=0.05 secs] 
5697.101: [GC (Allocation Failure) [PSYoungGen: 466208K->106496K(506368K)] 762379K->540875K(1904640K), 0.0661539 secs] [Times: user=0.39 sys=0.01, real=0.07 secs] 
5699.026: [GC (Allocation Failure) [PSYoungGen: 420012K->143776K(507392K)] 854391K->681292K(1905664K), 0.0743567 secs] [Times: user=0.44 sys=0.00, real=0.07 secs] 
5700.864: [GC (Allocation Failure) [PSYoungGen: 463776K->106576K(507392K)] 1001292K->779489K(1905664K), 0.1068058 secs] [Times: user=0.63 sys=0.01, real=0.10 secs] 
5703.053: [GC (Allocation Failure) [PSYoungGen: 420003K->144272K(508928K)] 1092916K->920150K(1907200K), 0.0517384 secs] [Times: user=0.31 sys=0.00, real=0.06 secs] 
5705.503: [GC (Allocation Failure) [PSYoungGen: 467344K->106880K(508928K)] 1243222K->1018301K(1907200K), 0.1627921 secs] [Times: user=0.97 sys=0.00, real=0.17 secs] 
5707.383: [GC (Allocation Failure) [PSYoungGen: 419461K->144592K(510464K)] 1330883K->1158963K(1908736K), 0.0516117 secs] [Times: user=0.30 sys=0.00, real=0.06 secs] 
5709.708: [GC (Allocation Failure) [PSYoungGen: 470736K->108704K(509952K)] 1485107K->1258698K(1908224K), 0.1128403 secs] [Times: user=0.67 sys=0.00, real=0.11 secs] 
5711.655: [GC (GCLocker Initiated GC) [PSYoungGen: 437408K->151200K(511488K)] 1587402K->1405843K(1909760K), 0.1257711 secs] [Times: user=0.75 sys=0.00, real=0.12 secs] 
5711.781: [Full GC (Ergonomics) [PSYoungGen: 151200K->0K(511488K)] [ParOldGen: 1254643K->204741K(1398272K)] 1405843K->204741K(1909760K), [Metaspace: 59724K->59724K(1105920K)], 0.5307506 secs] [Times: user=2.51 sys=0.00, real=0.53 secs] 
5714.793: [GC (Allocation Failure) [PSYoungGen: 328704K->102624K(513536K)] 533496K->307416K(1911808K), 0.1740520 secs] [Times: user=1.03 sys=0.00, real=0.18 secs] 
5715.693: [GC (Allocation Failure) [PSYoungGen: 429280K->156032K(482816K)] 634072K->457218K(1881088K), 0.0566523 secs] [Times: user=0.33 sys=0.00, real=0.06 secs] 
5718.435: [GC (Allocation Failure) [PSYoungGen: 482688K->102912K(509952K)] 783874K->558842K(1908224K), 0.1482981 secs] [Times: user=0.88 sys=0.00, real=0.14 secs] 
5718.864: [GC (Allocation Failure) [PSYoungGen: 422400K->155488K(475136K)] 878330K->708291K(1873408K), 0.0584513 secs] [Times: user=0.35 sys=0.00, real=0.05 secs] 
5721.938: [GC (GCLocker Initiated GC) [PSYoungGen: 474976K->92688K(505856K)] 1027779K->800676K(1904128K), 0.1458027 secs] [Times: user=0.86 sys=0.00, real=0.14 secs] 
5722.797: [GC (Allocation Failure) [PSYoungGen: 405008K->151584K(464384K)] 1112998K->946214K(1862656K), 0.1134708 secs] [Times: user=0.67 sys=0.00, real=0.11 secs] 
5725.502: [GC (Allocation Failure) [PSYoungGen: 463904K->91776K(503296K)] 1258534K->1037898K(1901568K), 0.1414489 secs] [Times: user=0.84 sys=0.01, real=0.14 secs] 
5726.214: [GC (Allocation Failure) [PSYoungGen: 398976K->148704K(456192K)] 1345098K->1180299K(1854464K), 0.0852555 secs] [Times: user=0.50 sys=0.01, real=0.08 secs] 
5730.394: [GC (Allocation Failure) [PSYoungGen: 455904K->88704K(502272K)] 1487499K->1268763K(1900544K), 0.1780465 secs] [Times: user=1.06 sys=0.00, real=0.17 secs] 
5730.843: [GC (Allocation Failure) [PSYoungGen: 393344K->148192K(453120K)] 1573403K->1410968K(1851392K), 0.0530734 secs] [Times: user=0.32 sys=0.00, real=0.06 secs] 
5730.896: [Full GC (Ergonomics) [PSYoungGen: 148192K->0K(453120K)] [ParOldGen: 1262776K->217218K(1398272K)] 1410968K->217218K(1851392K), [Metaspace: 59724K->59724K(1105920K)], 0.5188791 secs] [Times: user=2.42 sys=0.00, real=0.52 secs] 
5734.177: [GC (Allocation Failure) [PSYoungGen: 304640K->86192K(500736K)] 521858K->303411K(1899008K), 0.1347508 secs] [Times: user=0.79 sys=0.00, real=0.13 secs] 
5735.019: [GC (Allocation Failure) [PSYoungGen: 388272K->146656K(449024K)] 605491K->443828K(1847296K), 0.0510400 secs] [Times: user=0.31 sys=0.00, real=0.05 secs] 
5736.728: [GC (Allocation Failure) [PSYoungGen: 448736K->90464K(500736K)] 745908K->533972K(1899008K), 0.0821497 secs] [Times: user=0.48 sys=0.00, real=0.08 secs] 
5738.649: [GC (Allocation Failure) [PSYoungGen: 391520K->138752K(440320K)] 835028K->668573K(1838592K), 0.0538042 secs] [Times: user=0.32 sys=0.00, real=0.05 secs] 
5739.794: [GC (Allocation Failure) [PSYoungGen: 439808K->101376K(502272K)] 969629K->760177K(1900544K), 0.0622064 secs] [Times: user=0.37 sys=0.00, real=0.06 secs] 
5740.773: [GC (Allocation Failure) [PSYoungGen: 406528K->144736K(498176K)] 1065329K->902154K(1896448K), 0.0508726 secs] [Times: user=0.29 sys=0.00, real=0.06 secs] 
5742.226: [GC (Allocation Failure) [PSYoungGen: 449888K->98720K(501760K)] 1207306K->992602K(1900032K), 0.0643361 secs] [Times: user=0.38 sys=0.00, real=0.06 secs] 
5744.473: [GC (Allocation Failure) [PSYoungGen: 409504K->144256K(502784K)] 1303386K->1134110K(1901056K), 0.0506840 secs] [Times: user=0.30 sys=0.00, real=0.06 secs] 
5745.820: [GC (Allocation Failure) [PSYoungGen: 453582K->105616K(500224K)] 1443437K->1230943K(1898496K), 0.0666088 secs] [Times: user=0.39 sys=0.00, real=0.07 secs] 
5748.787: [GC (Allocation Failure) [PSYoungGen: 418960K->141920K(502784K)] 1544287K->1370119K(1901056K), 0.0536201 secs] [Times: user=0.32 sys=0.01, real=0.05 secs] 
5748.841: [Full GC (Ergonomics) [PSYoungGen: 141920K->0K(502784K)] [ParOldGen: 1228199K->178482K(1398272K)] 1370119K->178482K(1901056K), [Metaspace: 59724K->59724K(1105920K)], 0.4364046 secs] [Times: user=2.02 sys=0.00, real=0.44 secs] 
5750.648: [GC (Allocation Failure) [PSYoungGen: 313344K->108912K(501248K)] 491826K->287395K(1899520K), 0.0344832 secs] [Times: user=0.20 sys=0.00, real=0.03 secs] 
5752.720: [GC (Allocation Failure) [PSYoungGen: 427888K->144640K(504832K)] 606371K->428624K(1903104K), 0.0530647 secs] [Times: user=0.31 sys=0.00, real=0.05 secs] 
5755.637: [GC (Allocation Failure) [PSYoungGen: 463616K->105104K(508928K)] 747600K->524120K(1907200K), 0.0639001 secs] [Times: user=0.38 sys=0.00, real=0.06 secs] 
5757.540: [GC (Allocation Failure) [PSYoungGen: 430224K->148448K(509952K)] 849240K->670020K(1908224K), 0.0621667 secs] [Times: user=0.37 sys=0.00, real=0.06 secs] 
5759.432: [GC (Allocation Failure) [PSYoungGen: 473568K->109280K(510464K)] 995140K->770761K(1908736K), 0.0661693 secs] [Times: user=0.40 sys=0.00, real=0.07 secs] 
5762.611: [GC (Allocation Failure) [PSYoungGen: 434912K->149632K(510464K)] 1096393K->916925K(1908736K), 0.0547218 secs] [Times: user=0.32 sys=0.00, real=0.06 secs] 
5764.252: [GC (Allocation Failure) [PSYoungGen: 475264K->110016K(510464K)] 1242557K->1018309K(1908736K), 0.0676598 secs] [Times: user=0.40 sys=0.00, real=0.07 secs] 
5766.132: [GC (Allocation Failure) [PSYoungGen: 422141K->144832K(510464K)] 1330435K->1159646K(1908736K), 0.1028903 secs] [Times: user=0.60 sys=0.01, real=0.11 secs] 
5768.470: [GC (Allocation Failure) [PSYoungGen: 470464K->108832K(509440K)] 1485278K->1260006K(1907712K), 0.0663018 secs] [Times: user=0.39 sys=0.00, real=0.07 secs] 
5769.894: [GC (Allocation Failure) [PSYoungGen: 436512K->153824K(481792K)] 1587686K->1409891K(1880064K), 0.0544791 secs] [Times: user=0.33 sys=0.00, real=0.05 secs] 
5769.949: [Full GC (Ergonomics) [PSYoungGen: 153824K->0K(481792K)] [ParOldGen: 1256067K->208093K(1398272K)] 1409891K->208093K(1880064K), [Metaspace: 59724K->59724K(1105920K)], 0.4958086 secs] [Times: user=2.31 sys=0.00, real=0.50 secs] 
5773.585: [GC (Allocation Failure) [PSYoungGen: 327680K->98080K(511488K)] 535773K->306173K(1909760K), 0.1701103 secs] [Times: user=1.02 sys=0.00, real=0.17 secs] 
5774.517: [GC (Allocation Failure) [PSYoungGen: 421152K->155360K(478720K)] 629245K->455663K(1876992K), 0.0560571 secs] [Times: user=0.33 sys=0.01, real=0.05 secs] 
5777.597: [GC (Allocation Failure) [PSYoungGen: 478432K->96784K(507392K)] 778735K->551871K(1905664K), 0.1660897 secs] [Times: user=0.99 sys=0.00, real=0.16 secs] 
5778.066: [GC (Allocation Failure) [PSYoungGen: 411664K->153552K(468480K)] 866751K->699076K(1866752K), 0.0561974 secs] [Times: user=0.33 sys=0.00, real=0.05 secs] 
5781.165: [GC (Allocation Failure) [PSYoungGen: 468432K->92560K(504320K)] 1013956K->791172K(1902592K), 0.1764777 secs] [Times: user=1.05 sys=0.00, real=0.17 secs] 
5781.631: [GC (Allocation Failure) [PSYoungGen: 401296K->150368K(459264K)] 1099908K->935300K(1857536K), 0.0556451 secs] [Times: user=0.33 sys=0.00, real=0.06 secs] 
5784.294: [GC (Allocation Failure) [PSYoungGen: 459104K->91888K(502784K)] 1244036K->1026909K(1901056K), 0.1672382 secs] [Times: user=1.00 sys=0.00, real=0.17 secs] 
5784.805: [GC (Allocation Failure) [PSYoungGen: 397552K->147680K(453632K)] 1332573K->1168817K(1851904K), 0.0538066 secs] [Times: user=0.31 sys=0.01, real=0.05 secs] 
5787.540: [GC (Allocation Failure) [PSYoungGen: 453344K->89792K(502272K)] 1474481K->1257905K(1900544K), 0.1749984 secs] [Times: user=1.05 sys=0.00, real=0.18 secs] 
5788.234: [GC (Allocation Failure) [PSYoungGen: 393920K->148160K(452608K)] 1562033K->1400106K(1850880K), 0.0522636 secs] [Times: user=0.31 sys=0.01, real=0.05 secs] 
5788.286: [Full GC (Ergonomics) [PSYoungGen: 148160K->0K(452608K)] [ParOldGen: 1251946K->206894K(1398272K)] 1400106K->206894K(1850880K), [Metaspace: 59724K->59724K(1105920K)], 0.4875103 secs] [Times: user=2.26 sys=0.00, real=0.49 secs] 
5790.227: [GC (Allocation Failure) [PSYoungGen: 304128K->87472K(500736K)] 511022K->294367K(1899008K), 0.0795472 secs] [Times: user=0.47 sys=0.00, real=0.08 secs] 
5792.469: [GC (Allocation Failure) [PSYoungGen: 389040K->142736K(499712K)] 595935K->433099K(1897984K), 0.0480958 secs] [Times: user=0.28 sys=0.00, real=0.05 secs] 
5793.809: [GC (Allocation Failure) [PSYoungGen: 444304K->99344K(495616K)] 734667K->523688K(1893888K), 0.0622824 secs] [Times: user=0.37 sys=0.00, real=0.06 secs] 
5796.660: [GC (Allocation Failure) [PSYoungGen: 401936K->139472K(497664K)] 826280K->659608K(1895936K), 0.0483538 secs] [Times: user=0.28 sys=0.00, real=0.05 secs] 
5797.816: [GC (Allocation Failure) [PSYoungGen: 442064K->100800K(496128K)] 962200K->751344K(1894400K), 0.0712138 secs] [Times: user=0.42 sys=0.00, real=0.07 secs] 
5800.107: [GC (Allocation Failure) [PSYoungGen: 410048K->141536K(500224K)] 1060592K->890068K(1898496K), 0.0507808 secs] [Times: user=0.30 sys=0.00, real=0.05 secs] 
5802.110: [GC (Allocation Failure) [PSYoungGen: 450784K->106864K(499712K)] 1199316K->988433K(1897984K), 0.0647649 secs] [Times: user=0.39 sys=0.01, real=0.07 secs] 
5804.101: [GC (Allocation Failure) [PSYoungGen: 422768K->142144K(503296K)] 1304337K->1128205K(1901568K), 0.0528721 secs] [Times: user=0.31 sys=0.00, real=0.06 secs] 
5806.265: [GC (Allocation Failure) [PSYoungGen: 458048K->109408K(503808K)] 1444109K->1227873K(1902080K), 0.0654016 secs] [Times: user=0.38 sys=0.00, real=0.06 secs] 
5807.792: [GC (Allocation Failure) [PSYoungGen: 431968K->145520K(506880K)] 1550433K->1371103K(1905152K), 0.0550575 secs] [Times: user=0.32 sys=0.00, real=0.06 secs] 
5807.847: [Full GC (Ergonomics) [PSYoungGen: 145520K->0K(506880K)] [ParOldGen: 1225582K->178745K(1398272K)] 1371103K->178745K(1905152K), [Metaspace: 59724K->59724K(1105920K)], 0.4315417 secs] [Times: user=1.99 sys=0.00, real=0.43 secs] 
5810.715: [GC (Allocation Failure) [PSYoungGen: 322560K->109536K(509952K)] 501305K->288281K(1908224K), 0.0441028 secs] [Times: user=0.25 sys=0.00, real=0.04 secs] 
5812.827: [GC (Allocation Failure) [PSYoungGen: 437216K->151424K(510976K)] 615961K->435846K(1909248K), 0.0541977 secs] [Times: user=0.32 sys=0.00, real=0.05 secs] 
5814.964: [GC (Allocation Failure) [PSYoungGen: 479104K->113360K(511488K)] 763526K->540514K(1909760K), 0.0672240 secs] [Times: user=0.40 sys=0.00, real=0.06 secs] 
5816.396: [GC (Allocation Failure) [PSYoungGen: 437602K->146288K(510976K)] 864756K->682991K(1909248K), 0.0539604 secs] [Times: user=0.31 sys=0.01, real=0.05 secs] 
5818.735: [GC (Allocation Failure) [PSYoungGen: 473456K->112544K(509952K)] 1010159K->786106K(1908224K), 0.0823048 secs] [Times: user=0.49 sys=0.00, real=0.08 secs] 
5819.413: [GC (Allocation Failure) [PSYoungGen: 441760K->157104K(486400K)] 1115322K->939240K(1884672K), 0.1102534 secs] [Times: user=0.66 sys=0.01, real=0.11 secs] 
5823.337: [GC (Allocation Failure) [PSYoungGen: 486320K->97856K(510976K)] 1268456K->1036911K(1909248K), 0.1688374 secs] [Times: user=1.00 sys=0.00, real=0.17 secs] 
5824.082: [GC (Allocation Failure) [PSYoungGen: 420416K->157120K(479744K)] 1359471K->1188044K(1878016K), 0.0883045 secs] [Times: user=0.52 sys=0.00, real=0.09 secs] 
5827.111: [GC (Allocation Failure) [PSYoungGen: 479680K->96160K(506368K)] 1510604K->1283996K(1904640K), 0.1519469 secs] [Times: user=0.91 sys=0.00, real=0.15 secs] 
5828.061: [GC (Allocation Failure) [PSYoungGen: 408992K->151632K(464896K)] 1596828K->1429438K(1863168K), 0.1122134 secs] [Times: user=0.66 sys=0.00, real=0.11 secs] 
5828.173: [Full GC (Ergonomics) [PSYoungGen: 151632K->0K(464896K)] [ParOldGen: 1277805K->228079K(1398272K)] 1429438K->228079K(1863168K), [Metaspace: 59724K->59724K(1105920K)], 0.5696482 secs] [Times: user=2.70 sys=0.00, real=0.57 secs] 
5833.027: [GC (Allocation Failure) [PSYoungGen: 312832K->87504K(503296K)] 540911K->315584K(1901568K), 0.0930295 secs] [Times: user=0.54 sys=0.00, real=0.09 secs] 
5833.403: [GC (Allocation Failure) [PSYoungGen: 395216K->164352K(472576K)] 623296K->473614K(1870848K), 0.0545714 secs] [Times: user=0.32 sys=0.00, real=0.06 secs] 
5836.615: [GC (Allocation Failure) [PSYoungGen: 472064K->88160K(496128K)] 781326K->544494K(1894400K), 0.1422664 secs] [Times: user=0.84 sys=0.00, real=0.14 secs] 
5837.610: [GC (Allocation Failure) [PSYoungGen: 365302K->135216K(428544K)] 821636K->673183K(1826816K), 0.0478434 secs] [Times: user=0.28 sys=0.00, real=0.05 secs] 
5838.918: [GC (Allocation Failure) [PSYoungGen: 428080K->96608K(494592K)] 966047K->760970K(1892864K), 0.0636237 secs] [Times: user=0.36 sys=0.00, real=0.06 secs] 
5840.356: [GC (Allocation Failure) [PSYoungGen: 392032K->138400K(492032K)] 1056394K->895939K(1890304K), 0.0493083 secs] [Times: user=0.29 sys=0.00, real=0.05 secs] 
5844.242: [GC (Allocation Failure) [PSYoungGen: 433824K->95264K(500224K)] 1191363K->982127K(1898496K), 0.0679334 secs] [Times: user=0.40 sys=0.00, real=0.07 secs] 
5847.658: [GC (Allocation Failure) [PSYoungGen: 400416K->137200K(498176K)] 1287279K->1116485K(1896448K), 0.0542747 secs] [Times: user=0.32 sys=0.00, real=0.05 secs] 
5850.082: [GC (Allocation Failure) [PSYoungGen: 442352K->104992K(502272K)] 1421637K->1212236K(1900544K), 0.0650317 secs] [Times: user=0.39 sys=0.00, real=0.07 secs] 
5852.049: [GC (Allocation Failure) [PSYoungGen: 419360K->140352K(502272K)] 1526604K->1351101K(1900544K), 0.0552213 secs] [Times: user=0.32 sys=0.01, real=0.06 secs] 
5854.542: [GC (Allocation Failure) [PSYoungGen: 454720K->110192K(502272K)] 1665469K->1452646K(1900544K), 0.0671392 secs] [Times: user=0.40 sys=0.00, real=0.07 secs] 
5854.609: [Full GC (Ergonomics) [PSYoungGen: 110192K->0K(502272K)] [ParOldGen: 1342453K->22101K(1398272K)] 1452646K->22101K(1900544K), [Metaspace: 59724K->59724K(1105920K)], 0.0360120 secs] [Times: user=0.11 sys=0.00, real=0.04 secs] 
5857.631: [GC (Allocation Failure) [PSYoungGen: 322560K->141744K(506368K)] 344661K->163845K(1904640K), 0.0293379 secs] [Times: user=0.17 sys=0.00, real=0.03 secs] 
5858.769: [GC (Allocation Failure) [PSYoungGen: 464304K->113200K(507392K)] 486405K->267629K(1905664K), 0.0651760 secs] [Times: user=0.39 sys=0.00, real=0.07 secs] 
5860.820: [GC (Allocation Failure) [PSYoungGen: 442928K->147200K(510464K)] 597357K->413369K(1908736K), 0.0702062 secs] [Times: user=0.42 sys=0.00, real=0.07 secs] 
5863.875: [GC (Allocation Failure) [PSYoungGen: 476928K->114320K(513536K)] 743097K->518602K(1911808K), 0.0813898 secs] [Times: user=0.48 sys=0.01, real=0.08 secs] 
5864.922: [GC (Allocation Failure) [PSYoungGen: 448144K->156608K(490496K)] 852426K->671742K(1888768K), 0.0557467 secs] [Times: user=0.32 sys=0.00, real=0.06 secs] 
5866.794: [GC (Allocation Failure) [PSYoungGen: 490432K->110384K(515584K)] 1005566K->773191K(1913856K), 0.0916880 secs] [Times: user=0.54 sys=0.01, real=0.09 secs] 
5868.324: [GC (Allocation Failure) [PSYoungGen: 439600K->183264K(512512K)] 1102407K->972363K(1910784K), 0.0594072 secs] [Times: user=0.35 sys=0.00, real=0.05 secs] 
5870.514: [GC (Allocation Failure) [PSYoungGen: 512480K->102304K(419328K)] 1301579K->1025003K(1817600K), 0.1516079 secs] [Times: user=0.90 sys=0.01, real=0.15 secs] 
5871.229: [GC (Allocation Failure) [PSYoungGen: 335264K->114016K(465920K)] 1257963K->1133716K(1864192K), 0.0611792 secs] [Times: user=0.36 sys=0.01, real=0.06 secs] 
5872.893: [GC (Allocation Failure) [PSYoungGen: 346976K->83424K(465920K)] 1366676K->1208780K(1864192K), 0.0560489 secs] [Times: user=0.34 sys=0.00, real=0.06 secs] 
5874.255: [GC (Allocation Failure) [PSYoungGen: 316384K->86048K(465920K)] 1441740K->1294836K(1864192K), 0.0864254 secs] [Times: user=0.49 sys=0.01, real=0.08 secs] 
5874.574: [GC (Allocation Failure) [PSYoungGen: 319008K->114368K(449536K)] 1527796K->1402929K(1847808K), 0.0488977 secs] [Times: user=0.29 sys=0.01, real=0.04 secs] 
5874.623: [Full GC (Ergonomics) [PSYoungGen: 114368K->0K(449536K)] [ParOldGen: 1288561K->207450K(1398272K)] 1402929K->207450K(1847808K), [Metaspace: 59724K->59724K(1105920K)], 0.4859186 secs] [Times: user=2.25 sys=0.00, real=0.49 secs] 
5876.203: [GC (Allocation Failure) [PSYoungGen: 232960K->62720K(457728K)] 440410K->270170K(1856000K), 0.0643202 secs] [Times: user=0.38 sys=0.00, real=0.07 secs] 
5878.016: [GC (Allocation Failure) [PSYoungGen: 295680K->111264K(456704K)] 503130K->379303K(1854976K), 0.0566702 secs] [Times: user=0.33 sys=0.00, real=0.05 secs] 
5878.273: [GC (Allocation Failure) [PSYoungGen: 359584K->126976K(464896K)] 627623K->488791K(1863168K), 0.0604392 secs] [Times: user=0.36 sys=0.00, real=0.06 secs] 
5880.527: [GC (Allocation Failure) [PSYoungGen: 375296K->63424K(481792K)] 737111K->552223K(1880064K), 0.1549097 secs] [Times: user=0.91 sys=0.00, real=0.15 secs] 
5881.043: [GC (Allocation Failure) [PSYoungGen: 325233K->127808K(482816K)] 814033K->674060K(1881088K), 0.0577015 secs] [Times: user=0.34 sys=0.00, real=0.06 secs] 
5884.045: [GC (Allocation Failure) [PSYoungGen: 400192K->81696K(485376K)] 946444K->747352K(1883648K), 0.0573898 secs] [Times: user=0.34 sys=0.00, real=0.05 secs] 
5885.988: [GC (Allocation Failure) [PSYoungGen: 363808K->128448K(484864K)] 1029464K->873072K(1883136K), 0.0506865 secs] [Times: user=0.30 sys=0.00, real=0.05 secs] 
5887.753: [GC (Allocation Failure) [PSYoungGen: 410560K->105248K(485376K)] 1155184K->969124K(1883648K), 0.0636107 secs] [Times: user=0.38 sys=0.00, real=0.07 secs] 
5890.300: [GC (Allocation Failure) [PSYoungGen: 401696K->117472K(488960K)] 1265572K->1086564K(1887232K), 0.0783733 secs] [Times: user=0.46 sys=0.00, real=0.08 secs] 
5892.159: [GC (Allocation Failure) [PSYoungGen: 413920K->131648K(504320K)] 1383012K->1206921K(1902592K), 0.0630682 secs] [Times: user=0.37 sys=0.00, real=0.06 secs] 
5893.659: [GC (Allocation Failure) [PSYoungGen: 449600K->109424K(503808K)] 1524873K->1316170K(1902080K), 0.0864082 secs] [Times: user=0.50 sys=0.01, real=0.09 secs] 
5896.097: [GC (Allocation Failure) [PSYoungGen: 427376K->140096K(503296K)] 1634122K->1444994K(1901568K), 0.0636012 secs] [Times: user=0.37 sys=0.01, real=0.06 secs] 
5896.161: [Full GC (Ergonomics) [PSYoungGen: 140096K->0K(503296K)] [ParOldGen: 1304898K->251270K(1398272K)] 1444994K->251270K(1901568K), [Metaspace: 59724K->59724K(1105920K)], 0.5367697 secs] [Times: user=2.35 sys=0.00, real=0.54 secs] 
5898.474: [GC (Allocation Failure) [PSYoungGen: 323584K->112656K(506368K)] 574854K->363927K(1904640K), 0.0367550 secs] [Times: user=0.21 sys=0.00, real=0.04 secs] 
5901.031: [GC (Allocation Failure) [PSYoungGen: 436240K->135808K(512512K)] 687511K->488855K(1910784K), 0.0617560 secs] [Times: user=0.36 sys=0.00, real=0.06 secs] 
5902.925: [GC (Allocation Failure) [PSYoungGen: 471168K->127152K(513536K)] 824215K->616032K(1911808K), 0.0722397 secs] [Times: user=0.42 sys=0.01, real=0.07 secs] 
5905.078: [GC (Allocation Failure) [PSYoungGen: 462512K->2992K(495104K)] 951392K->491940K(1893376K), 0.0043227 secs] [Times: user=0.02 sys=0.00, real=0.00 secs] 
5907.107: [GC (Allocation Failure) [PSYoungGen: 322992K->139520K(459776K)] 811940K->629824K(1858048K), 0.0353858 secs] [Times: user=0.20 sys=0.00, real=0.03 secs] 
5908.287: [GC (Allocation Failure) [PSYoungGen: 459520K->111488K(513536K)] 949824K->731952K(1911808K), 0.0698304 secs] [Times: user=0.41 sys=0.00, real=0.07 secs] 
5910.408: [GC (Allocation Failure) [PSYoungGen: 432000K->143168K(505856K)] 1052464K->873429K(1904128K), 0.0556679 secs] [Times: user=0.33 sys=0.00, real=0.06 secs] 
5911.723: [GC (Allocation Failure) [PSYoungGen: 463680K->111056K(504320K)] 1193941K->974686K(1902592K), 0.0665824 secs] [Times: user=0.40 sys=0.00, real=0.07 secs] 
5913.213: [GC (Allocation Failure) [PSYoungGen: 435152K->148736K(506880K)] 1298782K->1121554K(1905152K), 0.0556691 secs] [Times: user=0.32 sys=0.00, real=0.06 secs] 
5915.468: [GC (Allocation Failure) [PSYoungGen: 472832K->110992K(509952K)] 1445650K->1223938K(1908224K), 0.0697569 secs] [Times: user=0.41 sys=0.00, real=0.07 secs] 
5918.064: [GC (Allocation Failure) [PSYoungGen: 438160K->147344K(509952K)] 1551106K->1368919K(1908224K), 0.0559113 secs] [Times: user=0.33 sys=0.00, real=0.05 secs] 
5918.120: [Full GC (Ergonomics) [PSYoungGen: 147344K->0K(509952K)] [ParOldGen: 1221574K->177421K(1398272K)] 1368919K->177421K(1908224K), [Metaspace: 59724K->59724K(1105920K)], 0.4250722 secs] [Times: user=1.97 sys=0.00, real=0.43 secs] 
5920.152: [GC (Allocation Failure) [PSYoungGen: 327168K->110016K(510464K)] 504589K->287437K(1908736K), 0.0349103 secs] [Times: user=0.19 sys=0.01, real=0.04 secs] 
5922.986: [GC (Allocation Failure) [PSYoungGen: 438720K->150944K(510976K)] 616141K->434766K(1909248K), 0.0542899 secs] [Times: user=0.32 sys=0.00, real=0.05 secs] 
5924.400: [GC (Allocation Failure) [PSYoungGen: 479648K->111568K(512000K)] 763470K->537090K(1910272K), 0.0950445 secs] [Times: user=0.57 sys=0.00, real=0.10 secs] 
5926.640: [GC (Allocation Failure) [PSYoungGen: 438203K->147840K(510976K)] 863726K->681691K(1909248K), 0.0537239 secs] [Times: user=0.32 sys=0.00, real=0.05 secs] 
5929.623: [GC (Allocation Failure) [PSYoungGen: 475520K->111360K(510976K)] 1009371K->784347K(1909248K), 0.1651630 secs] [Times: user=0.98 sys=0.00, real=0.17 secs] 
5931.963: [GC (Allocation Failure) [PSYoungGen: 440064K->151792K(511488K)] 1113051K->932168K(1909760K), 0.0539710 secs] [Times: user=0.32 sys=0.00, real=0.06 secs] 
5935.487: [GC (Allocation Failure) [PSYoungGen: 480496K->98736K(513024K)] 1260872K->1030296K(1911296K), 0.1720367 secs] [Times: user=1.02 sys=0.00, real=0.17 secs] 
5936.601: [GC (Allocation Failure) [PSYoungGen: 424368K->156288K(482304K)] 1355928K->1180512K(1880576K), 0.0560985 secs] [Times: user=0.33 sys=0.00, real=0.06 secs] 
5939.968: [GC (Allocation Failure) [PSYoungGen: 481920K->96256K(508416K)] 1506144K->1276428K(1906688K), 0.1642200 secs] [Times: user=0.98 sys=0.00, real=0.16 secs] 
5940.488: [GC (Allocation Failure) [PSYoungGen: 412672K->154176K(471040K)] 1592844K->1424489K(1869312K), 0.0592762 secs] [Times: user=0.35 sys=0.00, real=0.06 secs] 
5940.547: [Full GC (Ergonomics) [PSYoungGen: 154176K->0K(471040K)] [ParOldGen: 1270313K->223109K(1398272K)] 1424489K->223109K(1869312K), [Metaspace: 59724K->59724K(1105920K)], 0.5250437 secs] [Times: user=2.44 sys=0.00, real=0.52 secs] 
5944.406: [GC (Allocation Failure) [PSYoungGen: 316416K->90432K(504320K)] 539525K->313541K(1902592K), 0.1089948 secs] [Times: user=0.65 sys=0.00, real=0.11 secs] 
5944.797: [GC (Allocation Failure) [PSYoungGen: 399680K->150720K(460288K)] 622789K->458227K(1858560K), 0.0545553 secs] [Times: user=0.33 sys=0.00, real=0.05 secs] 
5947.286: [GC (Allocation Failure) [PSYoungGen: 459968K->88640K(502272K)] 767475K->546619K(1900544K), 0.1498437 secs] [Times: user=0.88 sys=0.01, real=0.15 secs] 
5948.061: [GC (Allocation Failure) [PSYoungGen: 393280K->148256K(453120K)] 851259K->688552K(1851392K), 0.0525839 secs] [Times: user=0.31 sys=0.00, real=0.05 secs] 
5950.529: [GC (Allocation Failure) [PSYoungGen: 452896K->90688K(501248K)] 993192K->778976K(1899520K), 0.1357185 secs] [Times: user=0.80 sys=0.00, real=0.14 secs] 
5951.913: [GC (Allocation Failure) [PSYoungGen: 380933K->138048K(440320K)] 1069221K->911185K(1838592K), 0.1363824 secs] [Times: user=0.78 sys=0.03, real=0.14 secs] 
5953.598: [GC (Allocation Failure) [PSYoungGen: 440128K->98912K(501248K)] 1213265K->1001305K(1899520K), 0.0711271 secs] [Times: user=0.42 sys=0.01, real=0.07 secs] 
5955.542: [GC (Allocation Failure) [PSYoungGen: 404064K->142272K(498176K)] 1306457K->1139706K(1896448K), 0.0496370 secs] [Times: user=0.29 sys=0.00, real=0.05 secs] 
5956.918: [GC (Allocation Failure) [PSYoungGen: 447424K->101424K(502272K)] 1444858K->1231890K(1900544K), 0.0791677 secs] [Times: user=0.48 sys=0.00, real=0.08 secs] 
5958.741: [GC (Allocation Failure) [PSYoungGen: 413744K->147872K(502784K)] 1544210K->1376243K(1901056K), 0.0527565 secs] [Times: user=0.31 sys=0.00, real=0.06 secs] 
5958.794: [Full GC (Ergonomics) [PSYoungGen: 147872K->0K(502784K)] [ParOldGen: 1228371K->183975K(1398272K)] 1376243K->183975K(1901056K), [Metaspace: 59724K->59724K(1105920K)], 0.4470559 secs] [Times: user=2.07 sys=0.00, real=0.44 secs] 
5961.815: [GC (Allocation Failure) [PSYoungGen: 312320K->102032K(504320K)] 496295K->286007K(1902592K), 0.0326444 secs] [Times: user=0.20 sys=0.00, real=0.03 secs] 
5962.975: [GC (Allocation Failure) [PSYoungGen: 416912K->145856K(504832K)] 600887K->428368K(1903104K), 0.0509974 secs] [Times: user=0.30 sys=0.00, real=0.05 secs] 
5964.854: [GC (Allocation Failure) [PSYoungGen: 460736K->104192K(504320K)] 743248K->522960K(1902592K), 0.0678508 secs] [Times: user=0.40 sys=0.01, real=0.06 secs] 
5966.328: [GC (Allocation Failure) [PSYoungGen: 420608K->148320K(505344K)] 839376K->669109K(1903616K), 0.0526396 secs] [Times: user=0.31 sys=0.00, real=0.05 secs] 
5967.792: [GC (Allocation Failure) [PSYoungGen: 464736K->106944K(504832K)] 985525K->766981K(1903104K), 0.0828719 secs] [Times: user=0.49 sys=0.00, real=0.09 secs] 
5970.114: [GC (Allocation Failure) [PSYoungGen: 424896K->147584K(505856K)] 1084933K->910974K(1904128K), 0.0528119 secs] [Times: user=0.31 sys=0.01, real=0.05 secs] 
5971.416: [GC (Allocation Failure) [PSYoungGen: 465536K->106784K(506880K)] 1228926K->1008798K(1905152K), 0.0700672 secs] [Times: user=0.41 sys=0.00, real=0.07 secs] 
5972.720: [GC (Allocation Failure) [PSYoungGen: 426784K->150496K(507392K)] 1328798K->1155795K(1905664K), 0.0531082 secs] [Times: user=0.31 sys=0.00, real=0.05 secs] 
5974.643: [GC (Allocation Failure) [PSYoungGen: 470496K->107984K(508416K)] 1475795K->1254463K(1906688K), 0.0665775 secs] [Times: user=0.39 sys=0.00, real=0.07 secs] 
5976.424: [GC (Allocation Failure) [PSYoungGen: 420893K->145696K(507904K)] 1567372K->1396848K(1906176K), 0.0538323 secs] [Times: user=0.32 sys=0.01, real=0.05 secs] 
5976.478: [Full GC (Ergonomics) [PSYoungGen: 145696K->0K(507904K)] [ParOldGen: 1251152K->195893K(1398272K)] 1396848K->195893K(1906176K), [Metaspace: 59724K->59724K(1105920K)], 0.4715195 secs] [Times: user=2.16 sys=0.00, real=0.47 secs] 
5979.381: [GC (Allocation Failure) [PSYoungGen: 320000K->105392K(506368K)] 515893K->301286K(1904640K), 0.0328361 secs] [Times: user=0.16 sys=0.01, real=0.04 secs] 
5981.057: [GC (Allocation Failure) [PSYoungGen: 424507K->146144K(507904K)] 620400K->443594K(1906176K), 0.0504423 secs] [Times: user=0.29 sys=0.01, real=0.05 secs] 
5984.544: [GC (Allocation Failure) [PSYoungGen: 467680K->106640K(509440K)] 765130K->540818K(1907712K), 0.0840238 secs] [Times: user=0.50 sys=0.00, real=0.08 secs] 
5986.891: [GC (Allocation Failure) [PSYoungGen: 423339K->144144K(509952K)] 857517K->681111K(1908224K), 0.0507032 secs] [Times: user=0.30 sys=0.00, real=0.05 secs] 
5989.063: [GC (Allocation Failure) [PSYoungGen: 468240K->106576K(508928K)] 1005207K->779047K(1907200K), 0.0783540 secs] [Times: user=0.46 sys=0.00, real=0.08 secs] 
5991.274: [GC (Allocation Failure) [PSYoungGen: 420867K->143936K(510464K)] 1093338K->919523K(1908736K), 0.0515640 secs] [Times: user=0.30 sys=0.00, real=0.06 secs] 
5994.354: [GC (Allocation Failure) [PSYoungGen: 470080K->106720K(510464K)] 1245667K->1017619K(1908736K), 0.0878580 secs] [Times: user=0.52 sys=0.01, real=0.08 secs] 
5995.980: [GC (Allocation Failure) [PSYoungGen: 420736K->143776K(512000K)] 1331636K->1158348K(1910272K), 0.0768372 secs] [Times: user=0.45 sys=0.00, real=0.08 secs] 
5998.439: [GC (Allocation Failure) [PSYoungGen: 472992K->110097K(511488K)] 1487564K->1259565K(1909760K), 0.1254920 secs] [Times: user=0.75 sys=0.00, real=0.13 secs] 
6000.108: [GC (Allocation Failure) [PSYoungGen: 441873K->154353K(486400K)] 1591341K->1409766K(1884672K), 0.0560293 secs] [Times: user=0.32 sys=0.00, real=0.06 secs] 
6000.164: [Full GC (Ergonomics) [PSYoungGen: 154353K->0K(486400K)] [ParOldGen: 1255413K->208930K(1398272K)] 1409766K->208930K(1884672K), [Metaspace: 59724K->59724K(1105920K)], 0.4736205 secs] [Times: user=2.07 sys=0.00, real=0.47 secs] 
6004.256: [GC (Allocation Failure) [PSYoungGen: 331776K->101856K(513536K)] 540706K->310786K(1911808K), 0.1576922 secs] [Times: user=0.93 sys=0.00, real=0.16 secs] 
6004.948: [GC (Allocation Failure) [PSYoungGen: 429024K->157680K(484864K)] 637954K->462291K(1883136K), 0.0575440 secs] [Times: user=0.34 sys=0.00, real=0.06 secs] 
6009.124: [GC (Allocation Failure) [PSYoungGen: 484848K->96912K(508416K)] 789459K->558531K(1906688K), 0.1542015 secs] [Times: user=0.92 sys=0.00, real=0.15 secs] 
6009.726: [GC (Allocation Failure) [PSYoungGen: 414352K->152736K(470528K)] 875971K->705267K(1868800K), 0.0697957 secs] [Times: user=0.41 sys=0.00, real=0.07 secs] 
6013.520: [GC (Allocation Failure) [PSYoungGen: 470176K->94528K(505856K)] 1022707K->799707K(1904128K), 0.1445473 secs] [Times: user=0.86 sys=0.00, real=0.15 secs] 
6014.495: [GC (Allocation Failure) [PSYoungGen: 406336K->151360K(463360K)] 1111515K->945084K(1861632K), 0.1086589 secs] [Times: user=0.64 sys=0.00, real=0.10 secs] 
6017.984: [GC (Allocation Failure) [PSYoungGen: 463168K->91520K(503296K)] 1256892K->1036204K(1901568K), 0.1416714 secs] [Times: user=0.84 sys=0.00, real=0.14 secs] 
6018.985: [GC (Allocation Failure) [PSYoungGen: 398720K->146016K(453632K)] 1343404K->1176033K(1851904K), 0.1549601 secs] [Times: user=0.92 sys=0.00, real=0.15 secs] 
6023.197: [GC (Allocation Failure) [PSYoungGen: 453216K->86496K(502784K)] 1483233K->1262141K(1901056K), 0.1639939 secs] [Times: user=0.97 sys=0.00, real=0.16 secs] 
6023.768: [GC (Allocation Failure) [PSYoungGen: 392672K->148352K(454656K)] 1568317K->1404178K(1852928K), 0.0557509 secs] [Times: user=0.33 sys=0.00, real=0.05 secs] 
6023.824: [Full GC (Ergonomics) [PSYoungGen: 148352K->0K(454656K)] [ParOldGen: 1255826K->212540K(1398272K)] 1404178K->212540K(1852928K), [Metaspace: 59727K->59727K(1105920K)], 0.4984351 secs] [Times: user=2.32 sys=0.00, real=0.50 secs] 
6027.787: [GC (Allocation Failure) [PSYoungGen: 306176K->94464K(502784K)] 518716K->307004K(1901056K), 0.1482388 secs] [Times: user=0.88 sys=0.00, real=0.15 secs] 
6028.723: [GC (Allocation Failure) [PSYoungGen: 391670K->139040K(443392K)] 604211K->435653K(1841664K), 0.0485801 secs] [Times: user=0.29 sys=0.00, real=0.05 secs] 
6031.430: [GC (Allocation Failure) [PSYoungGen: 443168K->98672K(501760K)] 739781K->525050K(1900032K), 0.0615982 secs] [Times: user=0.36 sys=0.00, real=0.06 secs] 
6033.168: [GC (Allocation Failure) [PSYoungGen: 405360K->142304K(499200K)] 831738K->664418K(1897472K), 0.0491734 secs] [Times: user=0.28 sys=0.01, real=0.05 secs] 
6034.425: [GC (GCLocker Initiated GC) [PSYoungGen: 448992K->102240K(501248K)] 971106K->757899K(1899520K), 0.0768068 secs] [Times: user=0.46 sys=0.00, real=0.07 secs] 
6037.046: [GC (Allocation Failure) [PSYoungGen: 415584K->145344K(502784K)] 1071245K->900118K(1901056K), 0.1267209 secs] [Times: user=0.75 sys=0.00, real=0.12 secs] 
6039.376: [GC (Allocation Failure) [PSYoungGen: 458688K->102384K(504832K)] 1213462K->994043K(1903104K), 0.0652786 secs] [Times: user=0.38 sys=0.00, real=0.06 secs] 
6042.011: [GC (Allocation Failure) [PSYoungGen: 419824K->144784K(505856K)] 1311483K->1135224K(1904128K), 0.0509425 secs] [Times: user=0.30 sys=0.00, real=0.05 secs] 
6043.725: [GC (Allocation Failure) [PSYoungGen: 462224K->108384K(504320K)] 1452664K->1234443K(1902592K), 0.0660070 secs] [Times: user=0.39 sys=0.00, real=0.06 secs] 
6045.015: [GC (Allocation Failure) [PSYoungGen: 428384K->149376K(506368K)] 1554443K->1380344K(1904640K), 0.0531381 secs] [Times: user=0.31 sys=0.00, real=0.05 secs] 
6045.068: [Full GC (Ergonomics) [PSYoungGen: 149376K->0K(506368K)] [ParOldGen: 1230968K->187513K(1398272K)] 1380344K->187513K(1904640K), [Metaspace: 59730K->59730K(1105920K)], 0.4602326 secs] [Times: user=2.16 sys=0.00, real=0.46 secs] 
6047.089: [GC (Allocation Failure) [PSYoungGen: 320000K->106848K(509440K)] 507513K->294361K(1907712K), 0.0325967 secs] [Times: user=0.19 sys=0.00, real=0.03 secs] 
6048.782: [GC (Allocation Failure) [PSYoungGen: 428896K->148480K(508928K)] 616409K->439679K(1907200K), 0.0521827 secs] [Times: user=0.30 sys=0.00, real=0.06 secs] 
6050.868: [GC (Allocation Failure) [PSYoungGen: 470528K->109584K(507904K)] 761727K->540192K(1906176K), 0.1016528 secs] [Times: user=0.60 sys=0.00, real=0.10 secs] 
6052.353: [GC (Allocation Failure) [PSYoungGen: 424968K->145936K(508416K)] 855575K->682517K(1906688K), 0.0533518 secs] [Times: user=0.31 sys=0.01, real=0.06 secs] 
6054.402: [GC (Allocation Failure) [PSYoungGen: 467984K->106912K(508928K)] 1004565K->780124K(1907200K), 0.0798728 secs] [Times: user=0.47 sys=0.00, real=0.08 secs] 
6055.413: [GC (Allocation Failure) [PSYoungGen: 431520K->154176K(479232K)] 1104732K->930969K(1877504K), 0.0532772 secs] [Times: user=0.32 sys=0.00, real=0.06 secs] 
6058.559: [GC (Allocation Failure) [PSYoungGen: 476402K->94128K(509440K)] 1253195K->1024385K(1907712K), 0.1665686 secs] [Times: user=0.99 sys=0.00, real=0.17 secs] 
6059.328: [GC (Allocation Failure) [PSYoungGen: 413616K->152800K(472576K)] 1343873K->1173374K(1870848K), 0.0561317 secs] [Times: user=0.33 sys=0.00, real=0.06 secs] 
6061.925: [GC (Allocation Failure) [PSYoungGen: 472288K->95776K(506368K)] 1492862K->1268694K(1904640K), 0.1765746 secs] [Times: user=1.05 sys=0.00, real=0.17 secs] 
6063.079: [GC (Allocation Failure) [PSYoungGen: 408608K->149504K(462848K)] 1581526K->1412542K(1861120K), 0.0574253 secs] [Times: user=0.34 sys=0.00, real=0.06 secs] 
6063.136: [Full GC (Ergonomics) [PSYoungGen: 149504K->0K(462848K)] [ParOldGen: 1263038K->211045K(1398272K)] 1412542K->211045K(1861120K), [Metaspace: 59730K->59730K(1105920K)], 0.5032584 secs] [Times: user=2.35 sys=0.00, real=0.50 secs] 
6065.609: [GC (Allocation Failure) [PSYoungGen: 312832K->92736K(504832K)] 523877K->303781K(1903104K), 0.1572886 secs] [Times: user=0.94 sys=0.00, real=0.16 secs] 
6066.802: [GC (GCLocker Initiated GC) [PSYoungGen: 402496K->148816K(458752K)] 613541K->446519K(1857024K), 0.0813103 secs] [Times: user=0.48 sys=0.00, real=0.09 secs] 
6069.956: [GC (Allocation Failure) [PSYoungGen: 458576K->88576K(503296K)] 756283K->534810K(1901568K), 0.1435378 secs] [Times: user=0.85 sys=0.00, real=0.14 secs] 
6071.403: [GC (Allocation Failure) [PSYoungGen: 395264K->142192K(502272K)] 841498K->672764K(1900544K), 0.0493443 secs] [Times: user=0.29 sys=0.00, real=0.05 secs] 
6074.166: [GC (GCLocker Initiated GC) [PSYoungGen: 448880K->101040K(498176K)] 979452K->764764K(1896448K), 0.0900888 secs] [Times: user=0.53 sys=0.00, real=0.09 secs] 
6075.731: [GC (Allocation Failure) [PSYoungGen: 408752K->142768K(500224K)] 1072479K->904052K(1898496K), 0.0501139 secs] [Times: user=0.30 sys=0.00, real=0.05 secs] 
6077.699: [GC (Allocation Failure) [PSYoungGen: 450480K->101712K(500736K)] 1211764K->996680K(1899008K), 0.0635256 secs] [Times: user=0.37 sys=0.00, real=0.06 secs] 
6080.575: [GC (Allocation Failure) [PSYoungGen: 415056K->144544K(503296K)] 1310024K->1137436K(1901568K), 0.0516501 secs] [Times: user=0.31 sys=0.00, real=0.05 secs] 
6081.988: [GC (Allocation Failure) [PSYoungGen: 457888K->104624K(503808K)] 1450780K->1233261K(1902080K), 0.0656708 secs] [Times: user=0.39 sys=0.00, real=0.06 secs] 
6083.792: [GC (Allocation Failure) [PSYoungGen: 421552K->145312K(505344K)] 1550189K->1375437K(1903616K), 0.0961977 secs] [Times: user=0.57 sys=0.01, real=0.10 secs] 
6083.888: [Full GC (Ergonomics) [PSYoungGen: 145312K->0K(505344K)] [ParOldGen: 1230125K->183772K(1398272K)] 1375437K->183772K(1903616K), [Metaspace: 59730K->59730K(1105920K)], 0.4763255 secs] [Times: user=2.25 sys=0.00, real=0.48 secs] 
6086.279: [GC (Allocation Failure) [PSYoungGen: 316928K->105008K(505344K)] 500700K->288781K(1903616K), 0.0327380 secs] [Times: user=0.19 sys=0.00, real=0.03 secs] 
6089.023: [GC (Allocation Failure) [PSYoungGen: 425008K->149040K(506880K)] 608781K->434422K(1905152K), 0.0528639 secs] [Times: user=0.31 sys=0.01, real=0.06 secs] 
6090.422: [GC (Allocation Failure) [PSYoungGen: 469040K->107616K(508416K)] 754422K->533369K(1906688K), 0.0655446 secs] [Times: user=0.39 sys=0.00, real=0.07 secs] 
6092.975: [GC (Allocation Failure) [PSYoungGen: 429152K->147616K(508416K)] 854905K->677462K(1906688K), 0.0526232 secs] [Times: user=0.31 sys=0.00, real=0.05 secs] 
6095.133: [GC (Allocation Failure) [PSYoungGen: 469152K->107120K(508416K)] 998998K->776051K(1906688K), 0.1124630 secs] [Times: user=0.67 sys=0.00, real=0.12 secs] 
6097.239: [GC (Allocation Failure) [PSYoungGen: 429680K->148064K(508928K)] 1098611K->920131K(1907200K), 0.0521904 secs] [Times: user=0.30 sys=0.00, real=0.05 secs] 
6098.801: [GC (Allocation Failure) [PSYoungGen: 470624K->107536K(508928K)] 1242691K->1018756K(1907200K), 0.0996819 secs] [Times: user=0.59 sys=0.00, real=0.10 secs] 
6100.476: [GC (Allocation Failure) [PSYoungGen: 419437K->144000K(509440K)] 1330657K->1158824K(1907712K), 0.0812442 secs] [Times: user=0.47 sys=0.00, real=0.08 secs] 
6102.794: [GC (Allocation Failure) [PSYoungGen: 467584K->107776K(508416K)] 1482408K->1257468K(1906688K), 0.0959913 secs] [Times: user=0.57 sys=0.01, real=0.10 secs] 
6104.337: [GC (Allocation Failure) [PSYoungGen: 422837K->143504K(509952K)] 1572530K->1397193K(1908224K), 0.0522108 secs] [Times: user=0.30 sys=0.00, real=0.05 secs] 
6104.389: [Full GC (Ergonomics) [PSYoungGen: 143504K->0K(509952K)] [ParOldGen: 1253689K->196222K(1398272K)] 1397193K->196222K(1908224K), [Metaspace: 59730K->59730K(1105920K)], 0.4745441 secs] [Times: user=2.20 sys=0.00, real=0.47 secs] 
6107.482: [GC (Allocation Failure) [PSYoungGen: 325632K->111856K(508416K)] 521854K->308079K(1906688K), 0.0586034 secs] [Times: user=0.34 sys=0.00, real=0.06 secs] 
6109.073: [GC (Allocation Failure) [PSYoungGen: 441072K->151888K(510976K)] 637295K->456728K(1909248K), 0.0850290 secs] [Times: user=0.50 sys=0.00, real=0.09 secs] 
6111.928: [GC (Allocation Failure) [PSYoungGen: 481104K->97072K(513536K)] 785944K->553692K(1911808K), 0.1614292 secs] [Times: user=0.96 sys=0.01, real=0.16 secs] 
6112.542: [GC (Allocation Failure) [PSYoungGen: 424226K->158144K(485376K)] 880845K->705672K(1883648K), 0.0560019 secs] [Times: user=0.34 sys=0.00, real=0.06 secs] 
6115.389: [GC (Allocation Failure) [PSYoungGen: 485312K->102432K(508928K)] 1032840K->807604K(1907200K), 0.1344549 secs] [Times: user=0.80 sys=0.01, real=0.13 secs] 
6116.503: [GC (Allocation Failure) [PSYoungGen: 419360K->150208K(467456K)] 1124532K->952429K(1865728K), 0.1321995 secs] [Times: user=0.79 sys=0.00, real=0.14 secs] 
6120.117: [GC (Allocation Failure) [PSYoungGen: 467136K->92288K(506880K)] 1269357K->1044669K(1905152K), 0.1447279 secs] [Times: user=0.86 sys=0.00, real=0.14 secs] 
6120.499: [GC (Allocation Failure) [PSYoungGen: 406656K->152976K(467456K)] 1359037K->1191979K(1865728K), 0.0567429 secs] [Times: user=0.33 sys=0.00, real=0.06 secs] 
6124.177: [GC (Allocation Failure) [PSYoungGen: 467344K->90880K(503296K)] 1506347K->1282850K(1901568K), 0.1645968 secs] [Times: user=0.82 sys=0.00, real=0.16 secs] 
6124.593: [GC (Allocation Failure) [PSYoungGen: 398080K->149968K(457216K)] 1590050K->1426784K(1855488K), 0.0553288 secs] [Times: user=0.32 sys=0.00, real=0.06 secs] 
6124.648: [Full GC (Ergonomics) [PSYoungGen: 149968K->0K(457216K)] [ParOldGen: 1276815K->225216K(1398272K)] 1426784K->225216K(1855488K), [Metaspace: 59730K->59730K(1105920K)], 0.5450118 secs] [Times: user=2.55 sys=0.00, real=0.54 secs] 
6128.021: [GC (Allocation Failure) [PSYoungGen: 307200K->88320K(501760K)] 532416K->313536K(1900032K), 0.1036501 secs] [Times: user=0.61 sys=0.01, real=0.11 secs] 
6128.458: [GC (Allocation Failure) [PSYoungGen: 391936K->148096K(452096K)] 617152K->455817K(1850368K), 0.0528318 secs] [Times: user=0.31 sys=0.00, real=0.05 secs] 
6131.757: [GC (Allocation Failure) [PSYoungGen: 451712K->87328K(500736K)] 759433K->542969K(1899008K), 0.1620073 secs] [Times: user=0.96 sys=0.00, real=0.16 secs] 
6132.351: [GC (Allocation Failure) [PSYoungGen: 388896K->146816K(448512K)] 844537K->683954K(1846784K), 0.0556335 secs] [Times: user=0.33 sys=0.00, real=0.06 secs] 
6134.771: [GC (Allocation Failure) [PSYoungGen: 448384K->90208K(500736K)] 985522K->773866K(1899008K), 0.1105678 secs] [Times: user=0.66 sys=0.00, real=0.11 secs] 
6136.721: [GC (Allocation Failure) [PSYoungGen: 390752K->140096K(440832K)] 1074410K->909781K(1839104K), 0.1085649 secs] [Times: user=0.64 sys=0.01, real=0.11 secs] 
6139.272: [GC (Allocation Failure) [PSYoungGen: 440640K->95840K(501248K)] 1210325K->997305K(1899520K), 0.1019233 secs] [Times: user=0.60 sys=0.00, real=0.11 secs] 
6142.035: [GC (Allocation Failure) [PSYoungGen: 399456K->141904K(498176K)] 1300921K->1134915K(1896448K), 0.0493946 secs] [Times: user=0.29 sys=0.00, real=0.05 secs] 
6143.899: [GC (Allocation Failure) [PSYoungGen: 445520K->101472K(498176K)] 1438531K->1227554K(1896448K), 0.0728009 secs] [Times: user=0.43 sys=0.00, real=0.07 secs] 
6146.748: [GC (Allocation Failure) [PSYoungGen: 410208K->138944K(500224K)] 1536290K->1364367K(1898496K), 0.0518218 secs] [Times: user=0.30 sys=0.00, real=0.05 secs] 
6146.800: [Full GC (Ergonomics) [PSYoungGen: 138944K->0K(500224K)] [ParOldGen: 1225423K->171079K(1398272K)] 1364367K->171079K(1898496K), [Metaspace: 59730K->59730K(1105920K)], 0.4041894 secs] [Times: user=1.86 sys=0.00, real=0.41 secs] 
6149.554: [GC (Allocation Failure) [PSYoungGen: 308736K->101120K(500224K)] 479815K->272199K(1898496K), 0.0475598 secs] [Times: user=0.28 sys=0.00, real=0.04 secs] 
6152.105: [GC (Allocation Failure) [PSYoungGen: 417024K->143264K(503808K)] 588103K->413748K(1902080K), 0.0527465 secs] [Times: user=0.32 sys=0.00, real=0.05 secs] 
6153.390: [GC (Allocation Failure) [PSYoungGen: 459168K->110704K(503808K)] 729652K->515409K(1902080K), 0.0820039 secs] [Times: user=0.48 sys=0.01, real=0.08 secs] 
6155.215: [GC (GCLocker Initiated GC) [PSYoungGen: 431728K->142656K(506368K)] 836433K->656057K(1904640K), 0.0540858 secs] [Times: user=0.31 sys=0.00, real=0.05 secs] 
6156.992: [GC (Allocation Failure) [PSYoungGen: 463680K->111488K(505856K)] 977133K->758117K(1904128K), 0.0649788 secs] [Times: user=0.38 sys=0.00, real=0.07 secs] 
6158.119: [GC (Allocation Failure) [PSYoungGen: 438144K->151488K(508928K)] 1084773K->907306K(1907200K), 0.0552232 secs] [Times: user=0.32 sys=0.00, real=0.06 secs] 
6159.497: [GC (Allocation Failure) [PSYoungGen: 478144K->109024K(513024K)] 1233962K->1006946K(1911296K), 0.0672628 secs] [Times: user=0.39 sys=0.00, real=0.07 secs] 
6161.061: [GC (Allocation Failure) [PSYoungGen: 436704K->155520K(483328K)] 1334626K->1159503K(1881600K), 0.0799513 secs] [Times: user=0.47 sys=0.00, real=0.08 secs] 
6163.616: [GC (Allocation Failure) [PSYoungGen: 483200K->109120K(512512K)] 1487183K->1260179K(1910784K), 0.1413716 secs] [Times: user=0.84 sys=0.00, real=0.14 secs] 
6165.116: [GC (Allocation Failure) [PSYoungGen: 416915K->142608K(508928K)] 1567974K->1398896K(1907200K), 0.0514404 secs] [Times: user=0.31 sys=0.00, real=0.05 secs] 
6165.168: [Full GC (Ergonomics) [PSYoungGen: 142608K->0K(508928K)] [ParOldGen: 1256288K->196111K(1398272K)] 1398896K->196111K(1907200K), [Metaspace: 59730K->59730K(1105920K)], 0.4837268 secs] [Times: user=2.18 sys=0.00, real=0.48 secs] 
6167.575: [GC (Allocation Failure) [PSYoungGen: 322560K->107487K(509952K)] 518671K->303599K(1908224K), 0.0541999 secs] [Times: user=0.31 sys=0.01, real=0.05 secs] 
6169.123: [GC (Allocation Failure) [PSYoungGen: 432607K->152288K(509440K)] 628719K->452364K(1907712K), 0.0521151 secs] [Times: user=0.30 sys=0.01, real=0.06 secs] 
6171.820: [GC (Allocation Failure) [PSYoungGen: 477408K->100224K(512000K)] 777484K->551428K(1910272K), 0.1789646 secs] [Times: user=1.06 sys=0.00, real=0.18 secs] 
6172.698: [GC (Allocation Failure) [PSYoungGen: 423808K->155072K(478720K)] 875012K->700681K(1876992K), 0.0565272 secs] [Times: user=0.34 sys=0.00, real=0.06 secs] 
6176.061: [GC (Allocation Failure) [PSYoungGen: 478656K->94368K(507392K)] 1024265K->794529K(1905664K), 0.1350367 secs] [Times: user=0.80 sys=0.00, real=0.14 secs] 
6176.767: [GC (Allocation Failure) [PSYoungGen: 409760K->153280K(468992K)] 1109921K->941054K(1867264K), 0.0553141 secs] [Times: user=0.33 sys=0.00, real=0.05 secs] 
6179.164: [GC (Allocation Failure) [PSYoungGen: 468672K->94336K(504832K)] 1256446K->1035134K(1903104K), 0.1418675 secs] [Times: user=0.84 sys=0.00, real=0.14 secs] 
6179.698: [GC (Allocation Failure) [PSYoungGen: 404096K->150496K(460288K)] 1344894K->1179911K(1858560K), 0.0642975 secs] [Times: user=0.38 sys=0.00, real=0.06 secs] 
6183.395: [GC (Allocation Failure) [PSYoungGen: 460256K->88864K(502784K)] 1489671K->1268655K(1901056K), 0.1658591 secs] [Times: user=0.98 sys=0.00, real=0.16 secs] 
6184.242: [GC (Allocation Failure) [PSYoungGen: 394528K->163104K(468992K)] 1574319K->1426067K(1867264K), 0.0541160 secs] [Times: user=0.32 sys=0.00, real=0.06 secs] 
6184.296: [Full GC (Ergonomics) [PSYoungGen: 163104K->0K(468992K)] [ParOldGen: 1262963K->209180K(1398272K)] 1426067K->209180K(1867264K), [Metaspace: 59730K->59730K(1105920K)], 0.4876008 secs] [Times: user=2.25 sys=0.00, real=0.48 secs] 
6186.484: [GC (Allocation Failure) [PSYoungGen: 304313K->92208K(496640K)] 513494K->301389K(1894912K), 0.1546758 secs] [Times: user=0.92 sys=0.00, real=0.15 secs] 
6187.438: [GC (Allocation Failure) [PSYoungGen: 385072K->137088K(430080K)] 594253K->433853K(1828352K), 0.0490039 secs] [Times: user=0.29 sys=0.00, real=0.05 secs] 
6190.155: [GC (Allocation Failure) [PSYoungGen: 429952K->94912K(494080K)] 726717K->519337K(1892352K), 0.0610743 secs] [Times: user=0.35 sys=0.00, real=0.06 secs] 
6192.510: [GC (Allocation Failure) [PSYoungGen: 389824K->144640K(492032K)] 814249K->660686K(1890304K), 0.0478184 secs] [Times: user=0.29 sys=0.00, real=0.05 secs] 
6194.819: [GC (Allocation Failure) [PSYoungGen: 439552K->96208K(496640K)] 955598K->739759K(1894912K), 0.0622612 secs] [Times: user=0.37 sys=0.00, real=0.06 secs] 
6197.251: [GC (Allocation Failure) [PSYoungGen: 399799K->136832K(498688K)] 1043350K->874539K(1896960K), 0.0560047 secs] [Times: user=0.33 sys=0.00, real=0.06 secs] 
6198.525: [GC (Allocation Failure) [PSYoungGen: 440448K->107296K(495104K)] 1178155K->972603K(1893376K), 0.0643552 secs] [Times: user=0.39 sys=0.00, real=0.06 secs] 
6201.120: [GC (Allocation Failure) [PSYoungGen: 417568K->135344K(499712K)] 1282875K->1106533K(1897984K), 0.0619135 secs] [Times: user=0.36 sys=0.00, real=0.06 secs] 
6202.999: [GC (Allocation Failure) [PSYoungGen: 445616K->112784K(497664K)] 1416805K->1209793K(1895936K), 0.0648421 secs] [Times: user=0.39 sys=0.00, real=0.07 secs] 
6204.763: [GC (Allocation Failure) [PSYoungGen: 434320K->139520K(504320K)] 1531329K->1348253K(1902592K), 0.0633107 secs] [Times: user=0.37 sys=0.00, real=0.07 secs] 
6207.326: [GC (Allocation Failure) [PSYoungGen: 461056K->112272K(508416K)] 1669789K->1450934K(1906688K), 0.0668559 secs] [Times: user=0.39 sys=0.01, real=0.06 secs] 
6207.393: [Full GC (Ergonomics) [PSYoungGen: 112272K->0K(508416K)] [ParOldGen: 1338661K->19832K(1398272K)] 1450934K->19832K(1906688K), [Metaspace: 59730K->59730K(1105920K)], 0.0300731 secs] [Times: user=0.07 sys=0.00, real=0.03 secs] 
6209.073: [GC (Allocation Failure) [PSYoungGen: 332800K->151904K(512000K)] 352632K->171736K(1910272K), 0.0309628 secs] [Times: user=0.19 sys=0.00, real=0.04 secs] 
6210.452: [GC (GCLocker Initiated GC) [PSYoungGen: 484704K->113808K(515584K)] 504538K->276451K(1913856K), 0.0670710 secs] [Times: user=0.39 sys=0.00, real=0.07 secs] 
6212.258: [GC (Allocation Failure) [PSYoungGen: 447120K->152480K(485888K)] 609763K->427023K(1884160K), 0.0545886 secs] [Times: user=0.32 sys=0.00, real=0.05 secs] 
6214.270: [GC (Allocation Failure) [PSYoungGen: 485792K->110544K(516608K)] 760335K->528412K(1914880K), 0.0673583 secs] [Times: user=0.40 sys=0.00, real=0.07 secs] 
6216.698: [GC (Allocation Failure) [PSYoungGen: 432408K->150944K(482304K)] 850276K->675496K(1880576K), 0.0529182 secs] [Times: user=0.30 sys=0.00, real=0.05 secs] 
6218.548: [GC (Allocation Failure) [PSYoungGen: 482208K->110336K(515584K)] 1006760K->777364K(1913856K), 0.1101823 secs] [Times: user=0.66 sys=0.00, real=0.11 secs] 
6219.596: [GC (Allocation Failure) [PSYoungGen: 439552K->154784K(484352K)] 1106580K->928381K(1882624K), 0.0536861 secs] [Times: user=0.31 sys=0.00, real=0.05 secs] 
6222.759: [GC (Allocation Failure) [PSYoungGen: 484000K->100512K(511488K)] 1257597K->1028121K(1909760K), 0.1560120 secs] [Times: user=0.93 sys=0.00, real=0.16 secs] 
6223.298: [GC (GCLocker Initiated GC) [PSYoungGen: 423584K->155632K(478720K)] 1351197K->1177651K(1876992K), 0.0579084 secs] [Times: user=0.35 sys=0.00, real=0.06 secs] 
6227.911: [GC (Allocation Failure) [PSYoungGen: 478704K->93488K(506880K)] 1500723K->1270619K(1905152K), 0.1842672 secs] [Times: user=1.09 sys=0.00, real=0.19 secs] 
6229.399: [GC (Allocation Failure) [PSYoungGen: 408368K->152768K(467968K)] 1585499K->1416063K(1866240K), 0.0554398 secs] [Times: user=0.33 sys=0.00, real=0.06 secs] 
6229.454: [Full GC (Ergonomics) [PSYoungGen: 152768K->0K(467968K)] [ParOldGen: 1263295K->219878K(1398272K)] 1416063K->219878K(1866240K), [Metaspace: 59732K->59732K(1105920K)], 0.5169639 secs] [Times: user=2.40 sys=0.00, real=0.51 secs] 
6233.204: [GC (Allocation Failure) [PSYoungGen: 314880K->91328K(503808K)] 534758K->311206K(1902080K), 0.1311636 secs] [Times: user=0.77 sys=0.01, real=0.13 secs] 
6234.481: [GC (Allocation Failure) [PSYoungGen: 399552K->148160K(456704K)] 619430K->453311K(1854976K), 0.1063225 secs] [Times: user=0.63 sys=0.00, real=0.11 secs] 
6237.959: [GC (Allocation Failure) [PSYoungGen: 456384K->87728K(502272K)] 761535K->540720K(1900544K), 0.1601912 secs] [Times: user=0.96 sys=0.00, real=0.16 secs] 
6239.818: [GC (Allocation Failure) [PSYoungGen: 393392K->147456K(453632K)] 846384K->682052K(1851904K), 0.0527455 secs] [Times: user=0.31 sys=0.00, real=0.05 secs] 
6241.269: [GC (Allocation Failure) [PSYoungGen: 453120K->90784K(502272K)] 987716K->772240K(1900544K), 0.0632253 secs] [Times: user=0.37 sys=0.01, real=0.06 secs] 
6243.156: [GC (Allocation Failure) [PSYoungGen: 394912K->142400K(500736K)] 1076368K->911193K(1899008K), 0.0497061 secs] [Times: user=0.29 sys=0.00, real=0.05 secs] 
6245.152: [GC (Allocation Failure) [PSYoungGen: 446528K->100080K(497664K)] 1215321K->1002594K(1895936K), 0.0632465 secs] [Times: user=0.37 sys=0.00, real=0.07 secs] 
6247.570: [GC (GCLocker Initiated GC) [PSYoungGen: 405744K->141392K(499200K)] 1308258K->1140479K(1897472K), 0.1125552 secs] [Times: user=0.67 sys=0.00, real=0.11 secs] 
6250.795: [GC (Allocation Failure) [PSYoungGen: 447056K->99888K(499712K)] 1446145K->1231893K(1897984K), 0.0643094 secs] [Times: user=0.37 sys=0.00, real=0.06 secs] 
6252.182: [GC (Allocation Failure) [PSYoungGen: 411184K->145088K(502272K)] 1543189K->1373393K(1900544K), 0.0508912 secs] [Times: user=0.30 sys=0.00, real=0.05 secs] 
6252.233: [Full GC (Ergonomics) [PSYoungGen: 145088K->0K(502272K)] [ParOldGen: 1228305K->180992K(1398272K)] 1373393K->180992K(1900544K), [Metaspace: 59732K->59732K(1105920K)], 0.4407170 secs] [Times: user=2.06 sys=0.00, real=0.44 secs] 
6253.741: [GC (GCLocker Initiated GC) [PSYoungGen: 311296K->104256K(502272K)] 492290K->285250K(1900544K), 0.0424234 secs] [Times: user=0.24 sys=0.00, real=0.04 secs] 
6256.308: [GC (Allocation Failure) [PSYoungGen: 419648K->141680K(504320K)] 600651K->424289K(1902592K), 0.0516626 secs] [Times: user=0.31 sys=0.00, real=0.05 secs] 
6258.777: [GC (Allocation Failure) [PSYoungGen: 457072K->105312K(503808K)] 739681K->520428K(1902080K), 0.0647093 secs] [Times: user=0.37 sys=0.00, real=0.06 secs] 
6260.942: [GC (Allocation Failure) [PSYoungGen: 425312K->144480K(506368K)] 840428K->662757K(1904640K), 0.0528428 secs] [Times: user=0.31 sys=0.00, real=0.06 secs] 
6263.984: [GC (Allocation Failure) [PSYoungGen: 464480K->106560K(507392K)] 982757K->760157K(1905664K), 0.0650874 secs] [Times: user=0.39 sys=0.00, real=0.06 secs] 
6267.097: [GC (Allocation Failure) [PSYoungGen: 430656K->147680K(508928K)] 1084253K->905350K(1907200K), 0.0540386 secs] [Times: user=0.32 sys=0.00, real=0.05 secs] 
6268.365: [GC (Allocation Failure) [PSYoungGen: 471776K->108096K(510976K)] 1229446K->1004594K(1909248K), 0.0729737 secs] [Times: user=0.35 sys=0.00, real=0.07 secs] 
6271.861: [GC (Allocation Failure) [PSYoungGen: 434240K->151136K(477696K)] 1330738K->1151719K(1875968K), 0.0535527 secs] [Times: user=0.32 sys=0.00, real=0.06 secs] 
6273.023: [GC (Allocation Failure) [PSYoungGen: 477280K->107808K(513024K)] 1477863K->1250655K(1911296K), 0.0670011 secs] [Times: user=0.40 sys=0.00, real=0.07 secs] 
6274.641: [GC (Allocation Failure) [PSYoungGen: 427008K->150560K(475136K)] 1569855K->1397452K(1873408K), 0.0535619 secs] [Times: user=0.31 sys=0.00, real=0.06 secs] 
6274.694: [Full GC (Ergonomics) [PSYoungGen: 150560K->0K(475136K)] [ParOldGen: 1246892K->195746K(1398272K)] 1397452K->195746K(1873408K), [Metaspace: 59732K->59732K(1105920K)], 0.4782990 secs] [Times: user=2.23 sys=0.00, real=0.47 secs] 
6277.465: [GC (Allocation Failure) [PSYoungGen: 324096K->105648K(512000K)] 519842K->301395K(1910272K), 0.0794209 secs] [Times: user=0.46 sys=0.00, real=0.08 secs] 
6278.714: [GC (Allocation Failure) [PSYoungGen: 417338K->145824K(509440K)] 613084K->442879K(1907712K), 0.0534220 secs] [Times: user=0.31 sys=0.00, real=0.05 secs] 
6281.153: [GC (Allocation Failure) [PSYoungGen: 468384K->107360K(507392K)] 765439K->541823K(1905664K), 0.1551054 secs] [Times: user=0.91 sys=0.01, real=0.16 secs] 
6283.014: [GC (Allocation Failure) [PSYoungGen: 416117K->143040K(508928K)] 850581K->681440K(1907200K), 0.0597305 secs] [Times: user=0.35 sys=0.00, real=0.06 secs] 
6285.873: [GC (Allocation Failure) [PSYoungGen: 466624K->107840K(508416K)] 1005024K->781024K(1906688K), 0.1338799 secs] [Times: user=0.80 sys=0.00, real=0.14 secs] 
6288.277: [GC (Allocation Failure) [PSYoungGen: 435008K->151536K(510464K)] 1108192K->928797K(1908736K), 0.0532001 secs] [Times: user=0.31 sys=0.00, real=0.05 secs] 
6290.395: [GC (Allocation Failure) [PSYoungGen: 478704K->98816K(512512K)] 1255965K->1026781K(1910784K), 0.1469812 secs] [Times: user=0.88 sys=0.00, real=0.14 secs] 
6291.746: [GC (Allocation Failure) [PSYoungGen: 423936K->155680K(481280K)] 1351901K->1176622K(1879552K), 0.1092566 secs] [Times: user=0.64 sys=0.01, real=0.11 secs] 
6295.800: [GC (GCLocker Initiated GC) [PSYoungGen: 480800K->95728K(507904K)] 1501742K->1272199K(1906176K), 0.1668013 secs] [Times: user=1.00 sys=0.00, real=0.17 secs] 
6296.430: [GC (Allocation Failure) [PSYoungGen: 411632K->153584K(469504K)] 1588106K->1420294K(1867776K), 0.0740655 secs] [Times: user=0.44 sys=0.00, real=0.08 secs] 
6296.504: [Full GC (Ergonomics) [PSYoungGen: 153584K->0K(469504K)] [ParOldGen: 1266710K->218690K(1398272K)] 1420294K->218690K(1867776K), [Metaspace: 59732K->59732K(1105920K)], 0.5292892 secs] [Times: user=2.48 sys=0.00, real=0.53 secs] 
6299.925: [GC (Allocation Failure) [PSYoungGen: 315904K->90288K(504320K)] 534594K->308979K(1902592K), 0.1252347 secs] [Times: user=0.74 sys=0.00, real=0.12 secs] 
6300.827: [GC (Allocation Failure) [PSYoungGen: 399536K->148544K(458240K)] 618227K->450599K(1856512K), 0.0727644 secs] [Times: user=0.43 sys=0.01, real=0.07 secs] 
6304.251: [GC (Allocation Failure) [PSYoungGen: 454381K->88400K(502784K)] 756436K->538944K(1901056K), 0.1541395 secs] [Times: user=0.91 sys=0.00, real=0.16 secs] 
6305.367: [GC (Allocation Failure) [PSYoungGen: 386122K->138240K(444928K)] 836666K->673152K(1843200K), 0.1308406 secs] [Times: user=0.77 sys=0.00, real=0.13 secs] 
6309.148: [GC (Allocation Failure) [PSYoungGen: 444416K->96608K(503296K)] 979328K->761120K(1901568K), 0.0806925 secs] [Times: user=0.48 sys=0.00, real=0.08 secs] 
6311.041: [GC (Allocation Failure) [PSYoungGen: 405344K->145904K(500736K)] 1069856K->903074K(1899008K), 0.0492649 secs] [Times: user=0.29 sys=0.00, real=0.05 secs] 
6312.449: [GC (Allocation Failure) [PSYoungGen: 454640K->103392K(501760K)] 1211810K->997529K(1900032K), 0.0654984 secs] [Times: user=0.39 sys=0.00, real=0.07 secs] 
6314.226: [GC (Allocation Failure) [PSYoungGen: 416224K->145184K(503296K)] 1310361K->1139382K(1901568K), 0.0528035 secs] [Times: user=0.31 sys=0.00, real=0.05 secs] 
6315.399: [GC (Allocation Failure) [PSYoungGen: 458016K->104288K(503296K)] 1452214K->1234622K(1901568K), 0.0662650 secs] [Times: user=0.38 sys=0.01, real=0.07 secs] 
6317.231: [GC (Allocation Failure) [PSYoungGen: 420192K->156864K(473088K)] 1550526K->1387755K(1871360K), 0.0538051 secs] [Times: user=0.32 sys=0.00, real=0.06 secs] 
6317.285: [Full GC (Ergonomics) [PSYoungGen: 156864K->0K(473088K)] [ParOldGen: 1230891K->187552K(1398272K)] 1387755K->187552K(1871360K), [Metaspace: 59732K->59732K(1105920K)], 0.4544089 secs] [Times: user=2.11 sys=0.00, real=0.45 secs] 
6318.821: [GC (Allocation Failure) [PSYoungGen: 315904K->104768K(506880K)] 503456K->292320K(1905152K), 0.0434800 secs] [Times: user=0.25 sys=0.00, real=0.05 secs] 
6320.701: [GC (Allocation Failure) [PSYoungGen: 416576K->144736K(503808K)] 604128K->433385K(1902080K), 0.0509270 secs] [Times: user=0.31 sys=0.00, real=0.05 secs] 
6322.418: [GC (Allocation Failure) [PSYoungGen: 456544K->103952K(502784K)] 745193K->527890K(1901056K), 0.0643896 secs] [Times: user=0.38 sys=0.01, real=0.06 secs] 
6324.847: [GC (Allocation Failure) [PSYoungGen: 417808K->143632K(503808K)] 841746K->668298K(1902080K), 0.1392796 secs] [Times: user=0.83 sys=0.00, real=0.14 secs] 
6327.502: [GC (Allocation Failure) [PSYoungGen: 457488K->104176K(503808K)] 982154K->763802K(1902080K), 0.0640553 secs] [Times: user=0.38 sys=0.00, real=0.07 secs] 
6329.645: [GC (Allocation Failure) [PSYoungGen: 422128K->147184K(505856K)] 1081754K->907431K(1904128K), 0.0520569 secs] [Times: user=0.30 sys=0.00, real=0.05 secs] 
6331.349: [GC (Allocation Failure) [PSYoungGen: 465136K->106912K(506368K)] 1225383K->1005114K(1904640K), 0.0663925 secs] [Times: user=0.39 sys=0.00, real=0.07 secs] 
6333.325: [GC (Allocation Failure) [PSYoungGen: 427424K->149856K(507392K)] 1325626K->1151731K(1905664K), 0.0539113 secs] [Times: user=0.32 sys=0.00, real=0.05 secs] 
6335.098: [GC (Allocation Failure) [PSYoungGen: 470368K->106336K(508928K)] 1472243K->1249435K(1907200K), 0.0875037 secs] [Times: user=0.52 sys=0.00, real=0.09 secs] 
6337.778: [GC (Allocation Failure) [PSYoungGen: 427360K->145760K(508416K)] 1570459K->1391608K(1906688K), 0.0524863 secs] [Times: user=0.31 sys=0.00, real=0.05 secs] 
6337.831: [Full GC (Ergonomics) [PSYoungGen: 145760K->0K(508416K)] [ParOldGen: 1245848K->190711K(1398272K)] 1391608K->190711K(1906688K), [Metaspace: 59732K->59732K(1105920K)], 0.4609278 secs] [Times: user=2.14 sys=0.00, real=0.46 secs] 
6339.570: [GC (GCLocker Initiated GC) [PSYoungGen: 321024K->108304K(506880K)] 511735K->299016K(1905152K), 0.0325030 secs] [Times: user=0.19 sys=0.01, real=0.03 secs] 
6341.404: [GC (Allocation Failure) [PSYoungGen: 430864K->147056K(508416K)] 621579K->442465K(1906688K), 0.0518400 secs] [Times: user=0.30 sys=0.00, real=0.06 secs] 
6345.143: [GC (Allocation Failure) [PSYoungGen: 469616K->108288K(509952K)] 765025K->541408K(1908224K), 0.0645627 secs] [Times: user=0.38 sys=0.00, real=0.07 secs] 
6347.060: [GC (Allocation Failure) [PSYoungGen: 423613K->143904K(510464K)] 856733K->682077K(1908736K), 0.0518944 secs] [Times: user=0.31 sys=0.00, real=0.05 secs] 
6350.214: [GC (Allocation Failure) [PSYoungGen: 469024K->108288K(508416K)] 1007197K->781009K(1906688K), 0.1781479 secs] [Times: user=1.05 sys=0.01, real=0.17 secs] 
6351.607: [GC (Allocation Failure) [PSYoungGen: 435456K->152944K(510464K)] 1108177K->930151K(1908736K), 0.0528197 secs] [Times: user=0.31 sys=0.00, real=0.05 secs] 
6354.517: [GC (Allocation Failure) [PSYoungGen: 480112K->97952K(512000K)] 1257319K->1027174K(1910272K), 0.1567576 secs] [Times: user=0.94 sys=0.00, real=0.15 secs] 
6355.756: [GC (Allocation Failure) [PSYoungGen: 422048K->154496K(478720K)] 1351270K->1174922K(1876992K), 0.0573936 secs] [Times: user=0.33 sys=0.01, real=0.05 secs] 
6359.172: [GC (Allocation Failure) [PSYoungGen: 478592K->97344K(508416K)] 1499018K->1271787K(1906688K), 0.1724215 secs] [Times: user=1.02 sys=0.00, real=0.18 secs] 
6360.160: [GC (Allocation Failure) [PSYoungGen: 413760K->151184K(467968K)] 1588203K->1416772K(1866240K), 0.0556717 secs] [Times: user=0.33 sys=0.00, real=0.06 secs] 
6360.216: [Full GC (Ergonomics) [PSYoungGen: 151184K->0K(467968K)] [ParOldGen: 1265587K->215817K(1398272K)] 1416772K->215817K(1866240K), [Metaspace: 59732K->59732K(1105920K)], 0.5053049 secs] [Times: user=2.36 sys=0.00, real=0.50 secs] 
6363.955: [GC (Allocation Failure) [PSYoungGen: 316416K->94608K(505856K)] 532233K->310426K(1904128K), 0.1411484 secs] [Times: user=0.84 sys=0.00, real=0.14 secs] 
6364.713: [GC (Allocation Failure) [PSYoungGen: 406416K->149664K(461824K)] 622234K->453510K(1860096K), 0.0814177 secs] [Times: user=0.48 sys=0.00, real=0.09 secs] 
6368.475: [GC (Allocation Failure) [PSYoungGen: 461472K->88624K(503808K)] 765318K->542095K(1902080K), 0.1669114 secs] [Times: user=0.99 sys=0.01, real=0.16 secs] 
6370.098: [GC (Allocation Failure) [PSYoungGen: 396848K->149088K(457728K)] 850319K->684603K(1856000K), 0.0531686 secs] [Times: user=0.31 sys=0.00, real=0.05 secs] 
6372.360: [GC (Allocation Failure) [PSYoungGen: 457312K->90880K(502784K)] 992827K->774815K(1901056K), 0.1509704 secs] [Times: user=0.89 sys=0.00, real=0.15 secs] 
6373.884: [GC (Allocation Failure) [PSYoungGen: 389951K->141280K(501248K)] 1073886K->912040K(1899520K), 0.0489012 secs] [Times: user=0.29 sys=0.00, real=0.04 secs] 
6375.150: [GC (Allocation Failure) [PSYoungGen: 446432K->99808K(498176K)] 1217192K->1003348K(1896448K), 0.0648945 secs] [Times: user=0.39 sys=0.00, real=0.07 secs] 
6377.246: [GC (Allocation Failure) [PSYoungGen: 406496K->144352K(499712K)] 1310036K->1143512K(1897984K), 0.0494029 secs] [Times: user=0.29 sys=0.00, real=0.05 secs] 
6379.313: [GC (Allocation Failure) [PSYoungGen: 451040K->100640K(500736K)] 1450200K->1235336K(1899008K), 0.0639699 secs] [Times: user=0.37 sys=0.00, real=0.07 secs] 
6382.535: [GC (Allocation Failure) [PSYoungGen: 412448K->143696K(502784K)] 1547144K->1375438K(1901056K), 0.0512156 secs] [Times: user=0.30 sys=0.00, real=0.05 secs] 
6382.586: [Full GC (Ergonomics) [PSYoungGen: 143696K->0K(502784K)] [ParOldGen: 1231741K->182297K(1398272K)] 1375438K->182297K(1901056K), [Metaspace: 59735K->59735K(1105920K)], 0.4443956 secs] [Times: user=2.07 sys=0.00, real=0.44 secs] 
6384.138: [GC (Allocation Failure) [PSYoungGen: 311808K->102752K(502272K)] 494105K->285049K(1900544K), 0.0329582 secs] [Times: user=0.19 sys=0.00, real=0.03 secs] 
6386.564: [GC (Allocation Failure) [PSYoungGen: 418144K->147216K(504320K)] 600441K->429214K(1902592K), 0.0519044 secs] [Times: user=0.30 sys=0.00, real=0.05 secs] 
6388.743: [GC (Allocation Failure) [PSYoungGen: 462608K->103968K(505856K)] 744606K->524361K(1904128K), 0.1062891 secs] [Times: user=0.64 sys=0.00, real=0.11 secs] 
6390.683: [GC (Allocation Failure) [PSYoungGen: 421920K->148672K(506368K)] 842313K->670954K(1904640K), 0.0525570 secs] [Times: user=0.30 sys=0.01, real=0.06 secs] 
6392.395: [GC (Allocation Failure) [PSYoungGen: 466624K->107936K(505856K)] 988906K->770178K(1904128K), 0.0664038 secs] [Times: user=0.39 sys=0.00, real=0.06 secs] 
6395.314: [GC (Allocation Failure) [PSYoungGen: 426400K->144800K(506368K)] 1088642K->911807K(1904640K), 0.0759817 secs] [Times: user=0.45 sys=0.00, real=0.07 secs] 
6397.340: [GC (Allocation Failure) [PSYoungGen: 463264K->104880K(506368K)] 1230271K->1008168K(1904640K), 0.0642803 secs] [Times: user=0.38 sys=0.00, real=0.07 secs] 
6399.935: [GC (Allocation Failure) [PSYoungGen: 426416K->149552K(507904K)] 1329704K->1154025K(1906176K), 0.0526695 secs] [Times: user=0.31 sys=0.00, real=0.05 secs] 
6402.416: [GC (Allocation Failure) [PSYoungGen: 471088K->109632K(508928K)] 1475561K->1255056K(1907200K), 0.0892532 secs] [Times: user=0.53 sys=0.00, real=0.09 secs] 
6404.515: [GC (Allocation Failure) [PSYoungGen: 427466K->147136K(508928K)] 1572891K->1398675K(1907200K), 0.0535598 secs] [Times: user=0.32 sys=0.00, real=0.05 secs] 
6404.568: [Full GC (Ergonomics) [PSYoungGen: 147136K->0K(508928K)] [ParOldGen: 1251539K->196508K(1398272K)] 1398675K->196508K(1907200K), [Metaspace: 59735K->59735K(1105920K)], 0.4796150 secs] [Times: user=2.23 sys=0.00, real=0.48 secs] 
6406.773: [GC (Allocation Failure) [PSYoungGen: 322560K->106912K(508928K)] 519068K->303420K(1907200K), 0.0320140 secs] [Times: user=0.18 sys=0.01, real=0.04 secs] 
6409.237: [GC (Allocation Failure) [PSYoungGen: 424951K->144112K(509440K)] 621460K->443790K(1907712K), 0.0504980 secs] [Times: user=0.30 sys=0.00, real=0.05 secs] 
6411.912: [GC (Allocation Failure) [PSYoungGen: 467696K->106016K(508928K)] 767374K->540937K(1907200K), 0.0642310 secs] [Times: user=0.37 sys=0.01, real=0.07 secs] 
6413.919: [GC (Allocation Failure) [PSYoungGen: 432160K->153488K(479744K)] 867081K->691007K(1878016K), 0.0526296 secs] [Times: user=0.30 sys=0.00, real=0.05 secs] 
6417.201: [GC (Allocation Failure) [PSYoungGen: 479632K->98816K(510976K)] 1017151K->789038K(1909248K), 0.1770483 secs] [Times: user=1.06 sys=0.00, real=0.18 secs] 
6418.449: [GC (Allocation Failure) [PSYoungGen: 420352K->152320K(474112K)] 1110574K->935407K(1872384K), 0.0559615 secs] [Times: user=0.34 sys=0.00, real=0.06 secs] 
6421.265: [GC (Allocation Failure) [PSYoungGen: 473856K->98160K(508416K)] 1256943K->1033136K(1906688K), 0.1619556 secs] [Times: user=0.96 sys=0.00, real=0.16 secs] 
6422.601: [GC (Allocation Failure) [PSYoungGen: 414576K->152512K(468992K)] 1349552K->1179112K(1867264K), 0.1495237 secs] [Times: user=0.81 sys=0.01, real=0.15 secs] 
6425.930: [GC (Allocation Failure) [PSYoungGen: 468928K->92848K(505344K)] 1495528K->1271773K(1903616K), 0.1609087 secs] [Times: user=0.95 sys=0.00, real=0.16 secs] 
6426.922: [GC (Allocation Failure) [PSYoungGen: 404144K->149248K(460800K)] 1583069K->1414857K(1859072K), 0.0543715 secs] [Times: user=0.33 sys=0.00, real=0.06 secs] 
6426.976: [Full GC (Ergonomics) [PSYoungGen: 149248K->0K(460800K)] [ParOldGen: 1265609K->212990K(1398272K)] 1414857K->212990K(1859072K), [Metaspace: 59735K->59735K(1105920K)], 0.5017720 secs] [Times: user=2.32 sys=0.00, real=0.50 secs] 
6430.111: [GC (Allocation Failure) [PSYoungGen: 311296K->91680K(503808K)] 524286K->304670K(1902080K), 0.1408293 secs] [Times: user=0.84 sys=0.01, real=0.14 secs] 
6431.700: [GC (Allocation Failure) [PSYoungGen: 399392K->145232K(502784K)] 612382K->444267K(1901056K), 0.1134809 secs] [Times: user=0.67 sys=0.00, real=0.11 secs] 
6434.510: [GC (Allocation Failure) [PSYoungGen: 452944K->92576K(501760K)] 751979K->536615K(1900032K), 0.1780837 secs] [Times: user=1.06 sys=0.00, real=0.18 secs] 
6435.783: [GC (Allocation Failure) [PSYoungGen: 390974K->140496K(502272K)] 835013K->673528K(1900544K), 0.0494916 secs] [Times: user=0.29 sys=0.00, real=0.05 secs] 
6437.681: [GC (Allocation Failure) [PSYoungGen: 448208K->102496K(497152K)] 981240K->766887K(1895424K), 0.0832265 secs] [Times: user=0.50 sys=0.00, real=0.09 secs] 
6440.467: [GC (Allocation Failure) [PSYoungGen: 412768K->140576K(500736K)] 1077159K->904376K(1899008K), 0.0497110 secs] [Times: user=0.29 sys=0.00, real=0.05 secs] 
6442.945: [GC (GCLocker Initiated GC) [PSYoungGen: 450848K->101312K(502784K)] 1214649K->996545K(1901056K), 0.0628263 secs] [Times: user=0.37 sys=0.00, real=0.06 secs] 
6445.241: [GC (Allocation Failure) [PSYoungGen: 418752K->147072K(505344K)] 1313988K->1140325K(1903616K), 0.0518197 secs] [Times: user=0.31 sys=0.00, real=0.05 secs] 
6447.503: [GC (Allocation Failure) [PSYoungGen: 464512K->107456K(505856K)] 1457765K->1239357K(1904128K), 0.0663401 secs] [Times: user=0.40 sys=0.00, real=0.07 secs] 
6449.587: [GC (Allocation Failure) [PSYoungGen: 427456K->148064K(506880K)] 1559357K->1383882K(1905152K), 0.0530922 secs] [Times: user=0.31 sys=0.00, real=0.05 secs] 
6449.640: [Full GC (Ergonomics) [PSYoungGen: 148064K->0K(506880K)] [ParOldGen: 1235818K->190324K(1398272K)] 1383882K->190324K(1905152K), [Metaspace: 59735K->59735K(1105920K)], 0.4599429 secs] [Times: user=2.15 sys=0.00, real=0.46 secs] 
6451.279: [GC (Allocation Failure) [PSYoungGen: 320000K->108784K(507904K)] 510324K->299109K(1906176K), 0.0468200 secs] [Times: user=0.28 sys=0.00, real=0.05 secs] 
6452.600: [GC (Allocation Failure) [PSYoungGen: 428603K->148800K(508416K)] 618928K->444326K(1906688K), 0.0525382 secs] [Times: user=0.31 sys=0.00, real=0.05 secs] 
6454.605: [GC (Allocation Failure) [PSYoungGen: 470848K->108768K(508416K)] 766374K->543838K(1906688K), 0.0923346 secs] [Times: user=0.55 sys=0.00, real=0.09 secs] 
6455.426: [GC (Allocation Failure) [PSYoungGen: 431840K->152080K(508928K)] 866910K->692163K(1907200K), 0.0528862 secs] [Times: user=0.32 sys=0.00, real=0.05 secs] 
6457.883: [GC (Allocation Failure) [PSYoungGen: 475152K->97744K(509952K)] 1015235K->788699K(1908224K), 0.0991657 secs] [Times: user=0.59 sys=0.00, real=0.10 secs] 
6458.681: [GC (Allocation Failure) [PSYoungGen: 417744K->153376K(473600K)] 1108699K->936672K(1871872K), 0.0552861 secs] [Times: user=0.33 sys=0.00, real=0.06 secs] 
6461.383: [GC (Allocation Failure) [PSYoungGen: 473376K->92656K(506368K)] 1256672K->1029164K(1904640K), 0.1435251 secs] [Times: user=0.84 sys=0.01, real=0.15 secs] 
6462.730: [GC (Allocation Failure) [PSYoungGen: 406000K->150784K(464384K)] 1342508K->1173788K(1862656K), 0.0551466 secs] [Times: user=0.33 sys=0.00, real=0.06 secs] 
6466.968: [GC (Allocation Failure) [PSYoungGen: 464128K->91952K(504320K)] 1487132K->1264965K(1902592K), 0.1755456 secs] [Times: user=1.04 sys=0.00, real=0.17 secs] 
6468.050: [GC (Allocation Failure) [PSYoungGen: 385463K->138272K(447488K)] 1558476K->1397093K(1845760K), 0.0504982 secs] [Times: user=0.30 sys=0.00, real=0.05 secs] 
6468.101: [Full GC (Ergonomics) [PSYoungGen: 138272K->0K(447488K)] [ParOldGen: 1258821K->195891K(1398272K)] 1397093K->195891K(1845760K), [Metaspace: 59735K->59735K(1105920K)], 0.4749723 secs] [Times: user=2.21 sys=0.00, real=0.48 secs] 
6470.112: [GC (Allocation Failure) [PSYoungGen: 308736K->102560K(504832K)] 504627K->298451K(1903104K), 0.0474047 secs] [Times: user=0.28 sys=0.00, real=0.05 secs] 
6472.348: [GC (Allocation Failure) [PSYoungGen: 414368K->143744K(501760K)] 610259K->438604K(1900032K), 0.0496767 secs] [Times: user=0.29 sys=0.00, real=0.05 secs] 
6475.147: [GC (Allocation Failure) [PSYoungGen: 455552K->101024K(504320K)] 750412K->530680K(1902592K), 0.0753042 secs] [Times: user=0.45 sys=0.00, real=0.07 secs] 
6476.867: [GC (Allocation Failure) [PSYoungGen: 418464K->149904K(505856K)] 848120K->677322K(1904128K), 0.0510363 secs] [Times: user=0.30 sys=0.00, real=0.05 secs] 
6479.216: [GC (Allocation Failure) [PSYoungGen: 467344K->104112K(507392K)] 994762K->772990K(1905664K), 0.0691846 secs] [Times: user=0.42 sys=0.00, real=0.07 secs] 
6481.615: [GC (Allocation Failure) [PSYoungGen: 422064K->148928K(506880K)] 1090942K->918348K(1905152K), 0.0518453 secs] [Times: user=0.31 sys=0.00, real=0.05 secs] 
6482.895: [GC (Allocation Failure) [PSYoungGen: 466880K->106432K(506880K)] 1236300K->1015448K(1905152K), 0.0660681 secs] [Times: user=0.38 sys=0.01, real=0.06 secs] 
6484.697: [GC (Allocation Failure) [PSYoungGen: 424384K->147824K(506880K)] 1333400K->1159174K(1905152K), 0.0528022 secs] [Times: user=0.31 sys=0.00, real=0.05 secs] 
6487.347: [GC (Allocation Failure) [PSYoungGen: 465776K->107584K(505856K)] 1477126K->1257597K(1904128K), 0.0667395 secs] [Times: user=0.39 sys=0.00, real=0.06 secs] 
6489.637: [GC (Allocation Failure) [PSYoungGen: 420709K->143152K(506880K)] 1570722K->1397263K(1905152K), 0.1321130 secs] [Times: user=0.78 sys=0.01, real=0.13 secs] 
6489.769: [Full GC (Ergonomics) [PSYoungGen: 143152K->0K(506880K)] [ParOldGen: 1254110K->196019K(1398272K)] 1397263K->196019K(1905152K), [Metaspace: 59739K->59739K(1105920K)], 0.5192724 secs] [Times: user=2.47 sys=0.00, real=0.52 secs] 
6493.003: [GC (Allocation Failure) [PSYoungGen: 318976K->105696K(506368K)] 514995K->301715K(1904640K), 0.0860012 secs] [Times: user=0.51 sys=0.00, real=0.09 secs] 
6495.142: [GC (Allocation Failure) [PSYoungGen: 423724K->145088K(508416K)] 619743K->443171K(1906688K), 0.0502901 secs] [Times: user=0.29 sys=0.00, real=0.05 secs] 
6496.705: [GC (Allocation Failure) [PSYoungGen: 467648K->106432K(509440K)] 765731K->540748K(1907712K), 0.0774316 secs] [Times: user=0.46 sys=0.00, real=0.07 secs] 
6499.077: [GC (Allocation Failure) [PSYoungGen: 418654K->145056K(510464K)] 852970K->681432K(1908736K), 0.0513502 secs] [Times: user=0.31 sys=0.00, real=0.05 secs] 
6500.771: [GC (Allocation Failure) [PSYoungGen: 470688K->109248K(509440K)] 1007064K->781956K(1907712K), 0.1079321 secs] [Times: user=0.64 sys=0.00, real=0.11 secs] 
6502.221: [GC (Allocation Failure) [PSYoungGen: 436928K->153728K(481792K)] 1109636K->931625K(1880064K), 0.0539520 secs] [Times: user=0.32 sys=0.00, real=0.06 secs] 
6504.628: [GC (Allocation Failure) [PSYoungGen: 481408K->102400K(512512K)] 1259305K->1032737K(1910784K), 0.1650386 secs] [Times: user=0.98 sys=0.00, real=0.16 secs] 
6505.277: [GC (Allocation Failure) [PSYoungGen: 426496K->155904K(480256K)] 1356833K->1182846K(1878528K), 0.0585999 secs] [Times: user=0.34 sys=0.00, real=0.06 secs] 
6508.598: [GC (Allocation Failure) [PSYoungGen: 480000K->98176K(508416K)] 1506942K->1280422K(1906688K), 0.1383380 secs] [Times: user=0.81 sys=0.00, real=0.14 secs] 
6509.258: [GC (Allocation Failure) [PSYoungGen: 414592K->153280K(470016K)] 1596838K->1428051K(1868288K), 0.0998118 secs] [Times: user=0.59 sys=0.00, real=0.10 secs] 
6509.358: [Full GC (Ergonomics) [PSYoungGen: 153280K->0K(470016K)] [ParOldGen: 1274771K->226851K(1398272K)] 1428051K->226851K(1868288K), [Metaspace: 59739K->59739K(1105920K)], 0.5538190 secs] [Times: user=2.60 sys=0.00, real=0.55 secs] 
6513.478: [GC (Allocation Failure) [PSYoungGen: 316416K->90049K(504832K)] 543267K->316900K(1903104K), 0.1033945 secs] [Times: user=0.62 sys=0.00, real=0.10 secs] 
6513.868: [GC (Allocation Failure) [PSYoungGen: 400321K->150320K(460800K)] 627172K->460534K(1859072K), 0.0547659 secs] [Times: user=0.32 sys=0.00, real=0.05 secs] 
6517.526: [GC (Allocation Failure) [PSYoungGen: 460592K->90528K(502784K)] 770806K->550530K(1901056K), 0.1216879 secs] [Times: user=0.72 sys=0.00, real=0.12 secs] 
6519.085: [GC (Allocation Failure) [PSYoungGen: 396192K->144896K(501760K)] 856194K->688918K(1900032K), 0.1409439 secs] [Times: user=0.83 sys=0.00, real=0.14 secs] 
6521.584: [GC (Allocation Failure) [PSYoungGen: 450560K->90688K(500736K)] 994582K->779438K(1899008K), 0.1574580 secs] [Times: user=0.94 sys=0.00, real=0.15 secs] 
6522.661: [GC (Allocation Failure) [PSYoungGen: 396352K->148320K(454144K)] 1085102K->921271K(1852416K), 0.0533214 secs] [Times: user=0.31 sys=0.00, real=0.06 secs] 
6525.500: [GC (Allocation Failure) [PSYoungGen: 453984K->90848K(502272K)] 1226935K->1011755K(1900544K), 0.1736683 secs] [Times: user=1.00 sys=0.00, real=0.18 secs] 
6526.601: [GC (Allocation Failure) [PSYoungGen: 392164K->142064K(500736K)] 1313071K->1149781K(1899008K), 0.0504185 secs] [Times: user=0.29 sys=0.00, real=0.05 secs] 
6529.122: [GC (Allocation Failure) [PSYoungGen: 446192K->97632K(497664K)] 1453909K->1238476K(1895936K), 0.0650304 secs] [Times: user=0.38 sys=0.00, real=0.07 secs] 
6531.140: [GC (Allocation Failure) [PSYoungGen: 403296K->141344K(499200K)] 1544140K->1376161K(1897472K), 0.0496114 secs] [Times: user=0.29 sys=0.00, real=0.05 secs] 
6531.189: [Full GC (Ergonomics) [PSYoungGen: 141344K->0K(499200K)] [ParOldGen: 1234817K->183955K(1398272K)] 1376161K->183955K(1897472K), [Metaspace: 59746K->59746K(1105920K)], 0.4436125 secs] [Times: user=2.07 sys=0.00, real=0.44 secs] 
6533.062: [GC (Allocation Failure) [PSYoungGen: 305664K->101856K(498688K)] 489619K->285812K(1896960K), 0.0328324 secs] [Times: user=0.20 sys=0.00, real=0.04 secs] 
6534.553: [GC (GCLocker Initiated GC) [PSYoungGen: 413152K->143872K(501760K)] 597108K->427886K(1900032K), 0.0917005 secs] [Times: user=0.54 sys=0.00, real=0.10 secs] 
6536.501: [GC (Allocation Failure) [PSYoungGen: 455168K->103808K(502784K)] 739185K->523225K(1901056K), 0.0724281 secs] [Times: user=0.43 sys=0.00, real=0.07 secs] 
6538.533: [GC (GCLocker Initiated GC) [PSYoungGen: 420224K->143888K(504832K)] 839641K->665283K(1903104K), 0.0521793 secs] [Times: user=0.30 sys=0.01, real=0.06 secs] 
6540.265: [GC (Allocation Failure) [PSYoungGen: 460304K->106224K(504320K)] 981702K->762930K(1902592K), 0.0683212 secs] [Times: user=0.40 sys=0.00, real=0.06 secs] 
6542.571: [GC (Allocation Failure) [PSYoungGen: 426224K->147392K(506368K)] 1082930K->907478K(1904640K), 0.0533350 secs] [Times: user=0.32 sys=0.00, real=0.06 secs] 
6545.064: [GC (Allocation Failure) [PSYoungGen: 467392K->104976K(509440K)] 1227478K->1003355K(1907712K), 0.0655586 secs] [Times: user=0.39 sys=0.00, real=0.06 secs] 
6545.994: [GC (Allocation Failure) [PSYoungGen: 428048K->153168K(476672K)] 1326427K->1153087K(1874944K), 0.0535039 secs] [Times: user=0.31 sys=0.00, real=0.05 secs] 
6548.341: [GC (Allocation Failure) [PSYoungGen: 476240K->106272K(510976K)] 1476159K->1250415K(1909248K), 0.0717199 secs] [Times: user=0.43 sys=0.00, real=0.07 secs] 
6549.615: [GC (Allocation Failure) [PSYoungGen: 425760K->150432K(507392K)] 1569903K->1397915K(1905664K), 0.0539488 secs] [Times: user=0.32 sys=0.00, real=0.05 secs] 
6549.668: [Full GC (Ergonomics) [PSYoungGen: 150432K->0K(507392K)] [ParOldGen: 1247483K->195263K(1398272K)] 1397915K->195263K(1905664K), [Metaspace: 59746K->59746K(1105920K)], 0.4720025 secs] [Times: user=2.19 sys=0.00, real=0.47 secs] 
6551.837: [GC (Allocation Failure) [PSYoungGen: 319488K->105120K(507904K)] 514751K->300383K(1906176K), 0.0536573 secs] [Times: user=0.32 sys=0.00, real=0.05 secs] 
6553.761: [GC (Allocation Failure) [PSYoungGen: 419240K->147168K(507392K)] 614504K->443746K(1905664K), 0.0508670 secs] [Times: user=0.30 sys=0.00, real=0.05 secs] 
6555.124: [GC (Allocation Failure) [PSYoungGen: 466144K->109136K(505856K)] 762722K->544167K(1904128K), 0.0654370 secs] [Times: user=0.39 sys=0.00, real=0.06 secs] 
6557.379: [GC (Allocation Failure) [PSYoungGen: 421795K->141376K(506880K)] 856826K->682047K(1905152K), 0.0510331 secs] [Times: user=0.30 sys=0.00, real=0.05 secs] 
6560.269: [GC (Allocation Failure) [PSYoungGen: 460864K->105568K(506368K)] 1001535K->778903K(1904640K), 0.0978047 secs] [Times: user=0.58 sys=0.00, real=0.10 secs] 
6562.115: [GC (Allocation Failure) [PSYoungGen: 415788K->145200K(508928K)] 1089123K->920077K(1907200K), 0.0514594 secs] [Times: user=0.31 sys=0.00, real=0.05 secs] 
6564.112: [GC (Allocation Failure) [PSYoungGen: 469296K->104352K(511488K)] 1244173K->1015712K(1909760K), 0.0931116 secs] [Times: user=0.55 sys=0.00, real=0.10 secs] 
6565.880: [GC (Allocation Failure) [PSYoungGen: 416704K->146688K(512000K)] 1328065K->1158421K(1910272K), 0.0514519 secs] [Times: user=0.30 sys=0.00, real=0.05 secs] 
6567.697: [GC (Allocation Failure) [PSYoungGen: 474368K->108672K(511488K)] 1486101K->1258361K(1909760K), 0.1363041 secs] [Times: user=0.81 sys=0.00, real=0.13 secs] 
6569.621: [GC (Allocation Failure) [PSYoungGen: 436864K->155488K(483840K)] 1586553K->1409842K(1882112K), 0.0621908 secs] [Times: user=0.37 sys=0.00, real=0.06 secs] 
6569.684: [Full GC (Ergonomics) [PSYoungGen: 155488K->0K(483840K)] [ParOldGen: 1254354K->208619K(1398272K)] 1409842K->208619K(1882112K), [Metaspace: 59746K->59746K(1105920K)], 0.4988144 secs] [Times: user=2.32 sys=0.00, real=0.50 secs] 
6573.200: [GC (Allocation Failure) [PSYoungGen: 328192K->96064K(510464K)] 536811K->304683K(1908736K), 0.1665965 secs] [Times: user=0.99 sys=0.00, real=0.17 secs] 
6573.914: [GC (Allocation Failure) [PSYoungGen: 417600K->156224K(478208K)] 626219K->453985K(1876480K), 0.0551470 secs] [Times: user=0.32 sys=0.00, real=0.05 secs] 
6577.407: [GC (Allocation Failure) [PSYoungGen: 477760K->98288K(506880K)] 775521K->551978K(1905152K), 0.1615731 secs] [Times: user=0.97 sys=0.00, real=0.16 secs] 
6578.349: [GC (Allocation Failure) [PSYoungGen: 411632K->150384K(463872K)] 865322K->696250K(1862144K), 0.1244787 secs] [Times: user=0.74 sys=0.00, real=0.12 secs] 
6582.588: [GC (Allocation Failure) [PSYoungGen: 463728K->90576K(504320K)] 1009594K->785882K(1902592K), 0.1579394 secs] [Times: user=0.94 sys=0.00, real=0.16 secs] 
6583.140: [GC (Allocation Failure) [PSYoungGen: 399824K->149888K(459264K)] 1095130K->930087K(1857536K), 0.0541363 secs] [Times: user=0.32 sys=0.00, real=0.06 secs] 
6586.584: [GC (Allocation Failure) [PSYoungGen: 459136K->89472K(502784K)] 1239335K->1019407K(1901056K), 0.1732590 secs] [Times: user=1.03 sys=0.00, real=0.17 secs] 
6588.089: [GC (GCLocker Initiated GC) [PSYoungGen: 395136K->146720K(452608K)] 1325071K->1160243K(1850880K), 0.1370987 secs] [Times: user=0.82 sys=0.00, real=0.14 secs] 
6589.931: [GC (Allocation Failure) [PSYoungGen: 452384K->90592K(502272K)] 1465909K->1250589K(1900544K), 0.0965289 secs] [Times: user=0.57 sys=0.00, real=0.10 secs] 
6591.487: [GC (Allocation Failure) [PSYoungGen: 390375K->141360K(446464K)] 1550372K->1388903K(1844736K), 0.0935450 secs] [Times: user=0.56 sys=0.00, real=0.09 secs] 
6591.581: [Full GC (Ergonomics) [PSYoungGen: 141360K->0K(446464K)] [ParOldGen: 1247542K->195653K(1398272K)] 1388903K->195653K(1844736K), [Metaspace: 59746K->59746K(1105920K)], 0.5064459 secs] [Times: user=2.39 sys=0.00, real=0.51 secs] 
6593.440: [GC (Allocation Failure) [PSYoungGen: 304640K->97968K(503296K)] 500293K->293622K(1901568K), 0.0305676 secs] [Times: user=0.18 sys=0.00, real=0.03 secs] 
6596.009: [GC (Allocation Failure) [PSYoungGen: 405168K->143008K(500736K)] 600822K->432658K(1899008K), 0.0478360 secs] [Times: user=0.29 sys=0.00, real=0.05 secs] 
6597.383: [GC (Allocation Failure) [PSYoungGen: 450208K->103392K(498688K)] 739858K->527026K(1896960K), 0.0715414 secs] [Times: user=0.43 sys=0.00, real=0.08 secs] 
6599.838: [GC (Allocation Failure) [PSYoungGen: 414176K->143760K(501248K)] 837810K->667000K(1899520K), 0.0505774 secs] [Times: user=0.29 sys=0.00, real=0.05 secs] 
6601.029: [GC (Allocation Failure) [PSYoungGen: 454544K->107408K(501760K)] 977784K->765520K(1900032K), 0.0637273 secs] [Times: user=0.38 sys=0.00, real=0.06 secs] 
6603.064: [GC (Allocation Failure) [PSYoungGen: 423824K->145632K(504320K)] 1081936K->905828K(1902592K), 0.0523188 secs] [Times: user=0.30 sys=0.00, real=0.05 secs] 
6605.668: [GC (Allocation Failure) [PSYoungGen: 462048K->104000K(506880K)] 1222244K->1000588K(1905152K), 0.0958317 secs] [Times: user=0.57 sys=0.00, real=0.09 secs] 
6608.157: [GC (Allocation Failure) [PSYoungGen: 425024K->149120K(507904K)] 1321612K->1147049K(1906176K), 0.0529024 secs] [Times: user=0.32 sys=0.01, real=0.05 secs] 
6609.459: [GC (Allocation Failure) [PSYoungGen: 470144K->107488K(508416K)] 1468073K->1245361K(1906688K), 0.0656789 secs] [Times: user=0.39 sys=0.00, real=0.07 secs] 
6611.388: [GC (Allocation Failure) [PSYoungGen: 429024K->148784K(508416K)] 1566897K->1390654K(1906688K), 0.0536615 secs] [Times: user=0.32 sys=0.00, real=0.05 secs] 
6611.442: [Full GC (Ergonomics) [PSYoungGen: 148784K->0K(508416K)] [ParOldGen: 1241870K->190136K(1398272K)] 1390654K->190136K(1906688K), [Metaspace: 59746K->59746K(1105920K)], 0.4559368 secs] [Times: user=2.11 sys=0.00, real=0.46 secs] 
6612.975: [GC (Allocation Failure) [PSYoungGen: 321536K->108656K(507904K)] 511672K->298793K(1906176K), 0.0469358 secs] [Times: user=0.28 sys=0.00, real=0.04 secs] 
6614.513: [GC (Allocation Failure) [PSYoungGen: 430704K->148672K(508416K)] 620841K->444397K(1906688K), 0.0525580 secs] [Times: user=0.31 sys=0.00, real=0.06 secs] 
6616.965: [GC (Allocation Failure) [PSYoungGen: 470720K->108544K(509440K)] 766445K->543901K(1907712K), 0.0688689 secs] [Times: user=0.41 sys=0.00, real=0.07 secs] 
6619.339: [GC (Allocation Failure) [PSYoungGen: 417840K->142000K(509440K)] 853197K->682423K(1907712K), 0.0664119 secs] [Times: user=0.40 sys=0.00, real=0.07 secs] 
6622.141: [GC (Allocation Failure) [PSYoungGen: 465072K->105968K(507392K)] 1005495K->779751K(1905664K), 0.0926696 secs] [Times: user=0.54 sys=0.00, real=0.09 secs] 
6623.705: [GC (Allocation Failure) [PSYoungGen: 432112K->153984K(509952K)] 1105895K->929611K(1908224K), 0.0528868 secs] [Times: user=0.31 sys=0.00, real=0.05 secs] 
6626.787: [GC (Allocation Failure) [PSYoungGen: 480128K->100064K(511488K)] 1255755K->1029015K(1909760K), 0.0926180 secs] [Times: user=0.55 sys=0.00, real=0.09 secs] 
6628.928: [GC (Allocation Failure) [PSYoungGen: 422624K->153536K(476160K)] 1351575K->1176679K(1874432K), 0.0562302 secs] [Times: user=0.33 sys=0.00, real=0.06 secs] 
6631.210: [GC (Allocation Failure) [PSYoungGen: 476096K->98560K(508416K)] 1499239K->1274656K(1906688K), 0.1294393 secs] [Times: user=0.76 sys=0.01, real=0.13 secs] 
6632.015: [GC (Allocation Failure) [PSYoungGen: 414976K->167376K(483840K)] 1591072K->1435793K(1882112K), 0.1299830 secs] [Times: user=0.78 sys=0.00, real=0.13 secs] 
6632.145: [Full GC (Ergonomics) [PSYoungGen: 167376K->0K(483840K)] [ParOldGen: 1268416K->217666K(1398272K)] 1435793K->217666K(1882112K), [Metaspace: 59746K->59746K(1105920K)], 0.5487924 secs] [Times: user=2.61 sys=0.00, real=0.55 secs] 
6635.659: [GC (Allocation Failure) [PSYoungGen: 316416K->94944K(500224K)] 534082K->312610K(1898496K), 0.1394155 secs] [Times: user=0.83 sys=0.00, real=0.14 secs] 
6636.151: [GC (Allocation Failure) [PSYoungGen: 395488K->144640K(445440K)] 613154K->451217K(1843712K), 0.0533881 secs] [Times: user=0.32 sys=0.00, real=0.06 secs] 
6639.034: [GC (Allocation Failure) [PSYoungGen: 445184K->85216K(498688K)] 751761K->535665K(1896960K), 0.1509321 secs] [Times: user=0.90 sys=0.00, real=0.15 secs] 
6640.766: [GC (Allocation Failure) [PSYoungGen: 385760K->141120K(498688K)] 836209K->672610K(1896960K), 0.0473894 secs] [Times: user=0.28 sys=0.00, real=0.04 secs] 
6643.650: [GC (Allocation Failure) [PSYoungGen: 441664K->97728K(496128K)] 973154K->761370K(1894400K), 0.0622652 secs] [Times: user=0.37 sys=0.00, real=0.06 secs] 
6645.197: [GC (Allocation Failure) [PSYoungGen: 400832K->142448K(498176K)] 1064474K->900963K(1896448K), 0.0491300 secs] [Times: user=0.29 sys=0.00, real=0.05 secs] 
6646.477: [GC (Allocation Failure) [PSYoungGen: 445552K->100944K(497664K)] 1204067K->993031K(1895936K), 0.0725235 secs] [Times: user=0.43 sys=0.00, real=0.07 secs] 
6648.491: [GC (Allocation Failure) [PSYoungGen: 409680K->143296K(500736K)] 1301767K->1133668K(1899008K), 0.0510449 secs] [Times: user=0.30 sys=0.00, real=0.05 secs] 
6649.910: [GC (Allocation Failure) [PSYoungGen: 452032K->102048K(501760K)] 1442404K->1226604K(1900032K), 0.0649453 secs] [Times: user=0.38 sys=0.00, real=0.07 secs] 
6652.469: [GC (Allocation Failure) [PSYoungGen: 415904K->141984K(503808K)] 1540460K->1366032K(1902080K), 0.0515990 secs] [Times: user=0.30 sys=0.00, real=0.05 secs] 
6652.520: [Full GC (Ergonomics) [PSYoungGen: 141984K->0K(503808K)] [ParOldGen: 1224048K->173074K(1398272K)] 1366032K->173074K(1902080K), [Metaspace: 59746K->59746K(1105920K)], 0.4061076 secs] [Times: user=1.87 sys=0.00, real=0.41 secs] 
6654.009: [GC (Allocation Failure) [PSYoungGen: 313856K->105312K(502272K)] 486930K->278386K(1900544K), 0.0393945 secs] [Times: user=0.23 sys=0.00, real=0.04 secs] 
6656.105: [GC (Allocation Failure) [PSYoungGen: 423776K->147968K(505344K)] 596850K->423936K(1903616K), 0.0530382 secs] [Times: user=0.31 sys=0.00, real=0.05 secs] 
6657.969: [GC (Allocation Failure) [PSYoungGen: 466432K->107392K(507904K)] 742400K->522256K(1906176K), 0.0648548 secs] [Times: user=0.39 sys=0.00, real=0.06 secs] 
6660.558: [GC (Allocation Failure) [PSYoungGen: 429440K->148832K(508416K)] 844304K->668024K(1906688K), 0.0528699 secs] [Times: user=0.31 sys=0.00, real=0.05 secs] 
6662.454: [GC (Allocation Failure) [PSYoungGen: 470880K->107136K(508928K)] 990072K->766052K(1907200K), 0.0664961 secs] [Times: user=0.40 sys=0.00, real=0.06 secs] 
6664.767: [GC (Allocation Failure) [PSYoungGen: 429696K->149824K(508928K)] 1088612K->912021K(1907200K), 0.0533881 secs] [Times: user=0.31 sys=0.01, real=0.05 secs] 
6665.979: [GC (Allocation Failure) [PSYoungGen: 472384K->111600K(507904K)] 1234581K->1014402K(1906176K), 0.0668908 secs] [Times: user=0.39 sys=0.01, real=0.07 secs] 
6667.676: [GC (Allocation Failure) [PSYoungGen: 434160K->148160K(508416K)] 1336962K->1158778K(1906688K), 0.0538709 secs] [Times: user=0.32 sys=0.00, real=0.05 secs] 
6670.130: [GC (Allocation Failure) [PSYoungGen: 470720K->109344K(509440K)] 1481338K->1258938K(1907712K), 0.0714801 secs] [Times: user=0.41 sys=0.00, real=0.07 secs] 
6670.953: [GC (Allocation Failure) [PSYoungGen: 421534K->144272K(509952K)] 1571128K->1399216K(1908224K), 0.0528646 secs] [Times: user=0.31 sys=0.00, real=0.06 secs] 
6671.006: [Full GC (Ergonomics) [PSYoungGen: 144272K->0K(509952K)] [ParOldGen: 1254943K->196718K(1398272K)] 1399216K->196718K(1908224K), [Metaspace: 59746K->59746K(1105920K)], 0.4759832 secs] [Times: user=2.21 sys=0.00, real=0.47 secs] 
6673.815: [GC (Allocation Failure) [PSYoungGen: 324608K->108704K(509440K)] 521326K->305422K(1907712K), 0.0587920 secs] [Times: user=0.34 sys=0.00, real=0.06 secs] 
6675.238: [GC (Allocation Failure) [PSYoungGen: 435872K->152240K(510976K)] 632590K->454039K(1909248K), 0.0520841 secs] [Times: user=0.31 sys=0.00, real=0.05 secs] 
6677.276: [GC (Allocation Failure) [PSYoungGen: 479408K->99616K(512000K)] 781207K->552431K(1910272K), 0.1188694 secs] [Times: user=0.70 sys=0.00, real=0.12 secs] 
6678.078: [GC (Allocation Failure) [PSYoungGen: 423712K->155232K(479744K)] 876527K->701707K(1878016K), 0.0713163 secs] [Times: user=0.42 sys=0.00, real=0.07 secs] 
6681.691: [GC (Allocation Failure) [PSYoungGen: 479328K->96784K(507904K)] 1025803K->798340K(1906176K), 0.1617578 secs] [Times: user=0.97 sys=0.00, real=0.16 secs] 
6682.131: [GC (Allocation Failure) [PSYoungGen: 412688K->153376K(469504K)] 1114244K->944896K(1867776K), 0.0555021 secs] [Times: user=0.33 sys=0.00, real=0.06 secs] 
6684.756: [GC (Allocation Failure) [PSYoungGen: 469280K->96864K(505344K)] 1260800K->1041484K(1903616K), 0.1711163 secs] [Times: user=1.02 sys=0.00, real=0.17 secs] 
6685.471: [GC (Allocation Failure) [PSYoungGen: 407648K->146256K(504320K)] 1352268K->1181967K(1902592K), 0.0661147 secs] [Times: user=0.39 sys=0.00, real=0.07 secs] 
6689.010: [GC (Allocation Failure) [PSYoungGen: 457040K->90784K(504832K)] 1492751K->1271966K(1903104K), 0.1699608 secs] [Times: user=1.02 sys=0.00, real=0.17 secs] 
6690.009: [GC (Allocation Failure) [PSYoungGen: 401056K->149440K(459776K)] 1582238K->1415139K(1858048K), 0.0545736 secs] [Times: user=0.32 sys=0.01, real=0.06 secs] 
6690.064: [Full GC (Ergonomics) [PSYoungGen: 149440K->0K(459776K)] [ParOldGen: 1265699K->213248K(1398272K)] 1415139K->213248K(1858048K), [Metaspace: 59746K->59746K(1105920K)], 0.5088028 secs] [Times: user=2.37 sys=0.00, real=0.50 secs] 
6692.432: [GC (Allocation Failure) [PSYoungGen: 310272K->91888K(503808K)] 523520K->305137K(1902080K), 0.1490002 secs] [Times: user=0.88 sys=0.00, real=0.15 secs] 
6693.645: [GC (Allocation Failure) [PSYoungGen: 399088K->163904K(471552K)] 612337K->462813K(1869824K), 0.0538351 secs] [Times: user=0.32 sys=0.00, real=0.05 secs] 
6695.760: [GC (Allocation Failure) [PSYoungGen: 471104K->91328K(497152K)] 770013K->537106K(1895424K), 0.1613827 secs] [Times: user=0.96 sys=0.00, real=0.16 secs] 
6696.811: [GC (Allocation Failure) [PSYoungGen: 385216K->138032K(432128K)] 830994K->671159K(1830400K), 0.0496463 secs] [Times: user=0.28 sys=0.00, real=0.05 secs] 
6699.168: [GC (GCLocker Initiated GC) [PSYoungGen: 431920K->95024K(495104K)] 965048K->757176K(1893376K), 0.0616573 secs] [Times: user=0.35 sys=0.01, real=0.06 secs] 
6701.171: [GC (Allocation Failure) [PSYoungGen: 390960K->146080K(493056K)] 1053131K->899503K(1891328K), 0.0493631 secs] [Times: user=0.24 sys=0.00, real=0.05 secs] 
6703.777: [GC (GCLocker Initiated GC) [PSYoungGen: 442016K->98544K(497152K)] 1195439K->980556K(1895424K), 0.0637072 secs] [Times: user=0.38 sys=0.00, real=0.06 secs] 
6705.279: [GC (Allocation Failure) [PSYoungGen: 401648K->134528K(498688K)] 1283663K->1113551K(1896960K), 0.0540628 secs] [Times: user=0.32 sys=0.00, real=0.05 secs] 
6707.507: [GC (Allocation Failure) [PSYoungGen: 437632K->107056K(495104K)] 1416655K->1210840K(1893376K), 0.0639600 secs] [Times: user=0.38 sys=0.00, real=0.06 secs] 
6708.631: [GC (Allocation Failure) [PSYoungGen: 417328K->140352K(498688K)] 1521112K->1350052K(1896960K), 0.0601006 secs] [Times: user=0.36 sys=0.00, real=0.06 secs] 
6709.841: [GC (Allocation Failure) [PSYoungGen: 450624K->107984K(502784K)] 1660324K->1449093K(1901056K), 0.0678236 secs] [Times: user=0.39 sys=0.02, real=0.07 secs] 
6709.909: [Full GC (Ergonomics) [PSYoungGen: 107984K->0K(502784K)] [ParOldGen: 1341108K->18684K(1398272K)] 1449093K->18684K(1901056K), [Metaspace: 59746K->59746K(1105920K)], 0.0312125 secs] [Times: user=0.08 sys=0.00, real=0.03 secs] 
6713.016: [GC (Allocation Failure) [PSYoungGen: 321536K->140752K(506368K)] 340220K->159437K(1904640K), 0.0319010 secs] [Times: user=0.18 sys=0.00, real=0.03 secs] 
6714.230: [GC (Allocation Failure) [PSYoungGen: 462288K->111680K(506880K)] 480973K->261628K(1905152K), 0.0654747 secs] [Times: user=0.39 sys=0.00, real=0.07 secs] 
6716.896: [GC (Allocation Failure) [PSYoungGen: 439872K->156736K(509952K)] 589820K->416937K(1908224K), 0.0544488 secs] [Times: user=0.32 sys=0.00, real=0.05 secs] 
6718.096: [GC (GCLocker Initiated GC) [PSYoungGen: 484928K->115696K(512512K)] 745129K->515002K(1910784K), 0.0666345 secs] [Times: user=0.39 sys=0.00, real=0.06 secs] 
6719.162: [GC (Allocation Failure) [PSYoungGen: 442352K->156704K(483840K)] 841678K->669454K(1882112K), 0.0557250 secs] [Times: user=0.33 sys=0.00, real=0.06 secs] 
6723.068: [GC (Allocation Failure) [PSYoungGen: 483360K->109488K(512000K)] 996110K->760911K(1910272K), 0.0655167 secs] [Times: user=0.39 sys=0.00, real=0.06 secs] 
6725.356: [GC (Allocation Failure) [PSYoungGen: 431536K->148976K(508928K)] 1082959K->906764K(1907200K), 0.0546897 secs] [Times: user=0.32 sys=0.00, real=0.05 secs] 
6726.777: [GC (Allocation Failure) [PSYoungGen: 471024K->107152K(509440K)] 1228812K->1005208K(1907712K), 0.0662664 secs] [Times: user=0.39 sys=0.01, real=0.06 secs] 
6728.936: [GC (Allocation Failure) [PSYoungGen: 429712K->150256K(509440K)] 1327768K->1151568K(1907712K), 0.0531534 secs] [Times: user=0.31 sys=0.01, real=0.05 secs] 
6730.636: [GC (Allocation Failure) [PSYoungGen: 472816K->106896K(509952K)] 1474128K->1249853K(1908224K), 0.0689800 secs] [Times: user=0.40 sys=0.01, real=0.07 secs] 
6732.179: [GC (Allocation Failure) [PSYoungGen: 423391K->145632K(509440K)] 1566347K->1392281K(1907712K), 0.0843868 secs] [Times: user=0.50 sys=0.00, real=0.09 secs] 
6732.264: [Full GC (Ergonomics) [PSYoungGen: 145632K->0K(509440K)] [ParOldGen: 1246649K->195911K(1398272K)] 1392281K->195911K(1907712K), [Metaspace: 59746K->59746K(1105920K)], 0.5012816 secs] [Times: user=2.35 sys=0.00, real=0.50 secs] 
6733.975: [GC (Allocation Failure) [PSYoungGen: 322048K->107808K(507392K)] 517959K->303719K(1905664K), 0.0317363 secs] [Times: user=0.18 sys=0.00, real=0.03 secs] 
6734.960: [GC (Allocation Failure) [PSYoungGen: 414700K->143728K(508928K)] 610611K->443872K(1907200K), 0.0502994 secs] [Times: user=0.29 sys=0.00, real=0.05 secs] 
6737.349: [GC (Allocation Failure) [PSYoungGen: 466800K->109184K(508416K)] 766944K->543848K(1906688K), 0.1097742 secs] [Times: user=0.66 sys=0.00, real=0.11 secs] 
6739.250: [GC (Allocation Failure) [PSYoungGen: 424335K->141632K(510464K)] 859000K->682337K(1908736K), 0.1098145 secs] [Times: user=0.64 sys=0.01, real=0.11 secs] 
6742.796: [GC (Allocation Failure) [PSYoungGen: 468288K->107904K(510976K)] 1008993K->781157K(1909248K), 0.0649184 secs] [Times: user=0.38 sys=0.01, real=0.06 secs] 
6744.952: [GC (Allocation Failure) [PSYoungGen: 439168K->153088K(513024K)] 1112421K->930366K(1911296K), 0.0537740 secs] [Times: user=0.32 sys=0.00, real=0.06 secs] 
6749.204: [GC (Allocation Failure) [PSYoungGen: 484352K->98176K(513536K)] 1261630K->1027998K(1911808K), 0.1656862 secs] [Times: user=0.99 sys=0.00, real=0.16 secs] 
6750.456: [GC (Allocation Failure) [PSYoungGen: 425856K->155312K(483328K)] 1355678K->1177331K(1881600K), 0.0557714 secs] [Times: user=0.33 sys=0.01, real=0.05 secs] 
6753.320: [GC (Allocation Failure) [PSYoungGen: 482992K->97696K(509440K)] 1505011K->1274919K(1907712K), 0.1670165 secs] [Times: user=0.99 sys=0.01, real=0.17 secs] 
6753.855: [GC (Allocation Failure) [PSYoungGen: 416672K->154304K(473600K)] 1593895K->1423039K(1871872K), 0.0569851 secs] [Times: user=0.33 sys=0.00, real=0.05 secs] 
6753.912: [Full GC (Ergonomics) [PSYoungGen: 154304K->0K(473600K)] [ParOldGen: 1268735K->221058K(1398272K)] 1423039K->221058K(1871872K), [Metaspace: 59746K->59746K(1105920K)], 0.5278995 secs] [Times: user=2.47 sys=0.00, real=0.53 secs] 
6757.326: [GC (Allocation Failure) [PSYoungGen: 318976K->92768K(505344K)] 540034K->313826K(1903616K), 0.1138175 secs] [Times: user=0.67 sys=0.00, real=0.11 secs] 
6758.084: [GC (GCLocker Initiated GC) [PSYoungGen: 404064K->149056K(460800K)] 625122K->456679K(1859072K), 0.0887124 secs] [Times: user=0.53 sys=0.00, real=0.08 secs] 
6760.906: [GC (Allocation Failure) [PSYoungGen: 460352K->91552K(504320K)] 767977K->547793K(1902592K), 0.1478058 secs] [Times: user=0.87 sys=0.02, real=0.15 secs] 
6762.164: [GC (Allocation Failure) [PSYoungGen: 400288K->147648K(456704K)] 856529K->688306K(1854976K), 0.0787710 secs] [Times: user=0.46 sys=0.01, real=0.08 secs] 
6765.618: [GC (Allocation Failure) [PSYoungGen: 456384K->88784K(502784K)] 997042K->776771K(1901056K), 0.1646586 secs] [Times: user=0.98 sys=0.01, real=0.16 secs] 
6766.742: [GC (Allocation Failure) [PSYoungGen: 382853K->139520K(445952K)] 1070839K->911967K(1844224K), 0.0489175 secs] [Times: user=0.29 sys=0.00, real=0.05 secs] 
6768.645: [GC (Allocation Failure) [PSYoungGen: 445696K->102704K(504832K)] 1218143K->1006284K(1903104K), 0.1141157 secs] [Times: user=0.67 sys=0.01, real=0.11 secs] 
6770.744: [GC (Allocation Failure) [PSYoungGen: 412464K->143904K(501248K)] 1316044K->1145364K(1899520K), 0.0504576 secs] [Times: user=0.29 sys=0.01, real=0.05 secs] 
6773.059: [GC (GCLocker Initiated GC) [PSYoungGen: 453664K->102416K(503808K)] 1455124K->1238901K(1902080K), 0.0655163 secs] [Times: user=0.39 sys=0.00, real=0.07 secs] 
6774.723: [GC (Allocation Failure) [PSYoungGen: 417296K->153344K(504320K)] 1553836K->1388432K(1902592K), 0.0517588 secs] [Times: user=0.30 sys=0.00, real=0.06 secs] 
6774.774: [Full GC (Ergonomics) [PSYoungGen: 153344K->0K(504320K)] [ParOldGen: 1235088K->187211K(1398272K)] 1388432K->187211K(1902592K), [Metaspace: 59746K->59746K(1105920K)], 0.4508449 secs] [Times: user=2.09 sys=0.01, real=0.45 secs] 
6776.665: [GC (Allocation Failure) [PSYoungGen: 314880K->108048K(505344K)] 502091K->295259K(1903616K), 0.0327563 secs] [Times: user=0.19 sys=0.00, real=0.03 secs] 
6778.226: [GC (Allocation Failure) [PSYoungGen: 421904K->153680K(467968K)] 609115K->445304K(1866240K), 0.0522240 secs] [Times: user=0.30 sys=0.00, real=0.05 secs] 
6780.864: [GC (Allocation Failure) [PSYoungGen: 467536K->106304K(507392K)] 759160K->533795K(1905664K), 0.0655619 secs] [Times: user=0.39 sys=0.00, real=0.06 secs] 
6782.043: [GC (Allocation Failure) [PSYoungGen: 418624K->146240K(503808K)] 846115K->676456K(1902080K), 0.0520415 secs] [Times: user=0.31 sys=0.00, real=0.06 secs] 
6784.635: [GC (Allocation Failure) [PSYoungGen: 458560K->103536K(504320K)] 988776K->770393K(1902592K), 0.0646500 secs] [Times: user=0.38 sys=0.00, real=0.06 secs] 
6787.126: [GC (Allocation Failure) [PSYoungGen: 417904K->153744K(468480K)] 1084761K->918674K(1866752K), 0.0523523 secs] [Times: user=0.31 sys=0.00, real=0.05 secs] 
6789.142: [GC (Allocation Failure) [PSYoungGen: 468112K->104128K(506880K)] 1233042K->1005729K(1905152K), 0.0660622 secs] [Times: user=0.39 sys=0.00, real=0.07 secs] 
6791.143: [GC (Allocation Failure) [PSYoungGen: 416448K->145408K(504320K)] 1318049K->1147274K(1902592K), 0.0529304 secs] [Times: user=0.31 sys=0.00, real=0.06 secs] 
6792.425: [GC (Allocation Failure) [PSYoungGen: 457728K->105232K(503808K)] 1459594K->1243667K(1902080K), 0.0665697 secs] [Times: user=0.40 sys=0.01, real=0.06 secs] 
6795.017: [GC (Allocation Failure) [PSYoungGen: 419600K->145312K(504320K)] 1558035K->1385383K(1902592K), 0.0534052 secs] [Times: user=0.31 sys=0.00, real=0.05 secs] 
6795.070: [Full GC (Ergonomics) [PSYoungGen: 145312K->0K(504320K)] [ParOldGen: 1240071K->184751K(1398272K)] 1385383K->184751K(1902592K), [Metaspace: 59746K->59746K(1105920K)], 0.4535445 secs] [Times: user=2.11 sys=0.00, real=0.45 secs] 
6796.619: [GC (GCLocker Initiated GC) [PSYoungGen: 314368K->104592K(504832K)] 499120K->289344K(1903104K), 0.0326183 secs] [Times: user=0.20 sys=0.00, real=0.03 secs] 
6799.004: [GC (Allocation Failure) [PSYoungGen: 422544K->146848K(506368K)] 607348K->433221K(1904640K), 0.0517695 secs] [Times: user=0.30 sys=0.00, real=0.05 secs] 
6800.469: [GC (GCLocker Initiated GC) [PSYoungGen: 464800K->105312K(506368K)] 751173K->530034K(1904640K), 0.0655563 secs] [Times: user=0.39 sys=0.01, real=0.07 secs] 
6803.005: [GC (Allocation Failure) [PSYoungGen: 425312K->157056K(477184K)] 850037K->683169K(1875456K), 0.0522212 secs] [Times: user=0.30 sys=0.00, real=0.05 secs] 
6804.372: [GC (Allocation Failure) [PSYoungGen: 477056K->109184K(508928K)] 1003169K->774701K(1907200K), 0.0928365 secs] [Times: user=0.51 sys=0.01, real=0.10 secs] 
6806.431: [GC (Allocation Failure) [PSYoungGen: 424576K->148288K(505344K)] 1090093K->918974K(1903616K), 0.0528843 secs] [Times: user=0.31 sys=0.00, real=0.06 secs] 
6808.277: [GC (Allocation Failure) [PSYoungGen: 463680K->104544K(505856K)] 1234366K->1015022K(1904128K), 0.0664398 secs] [Times: user=0.40 sys=0.00, real=0.06 secs] 
6809.982: [GC (Allocation Failure) [PSYoungGen: 421472K->147408K(506368K)] 1331950K->1158692K(1904640K), 0.0517427 secs] [Times: user=0.31 sys=0.00, real=0.06 secs] 
6812.508: [GC (Allocation Failure) [PSYoungGen: 464336K->106752K(505856K)] 1475620K->1255939K(1904128K), 0.0674359 secs] [Times: user=0.40 sys=0.00, real=0.07 secs] 
6815.812: [GC (Allocation Failure) [PSYoungGen: 425216K->144896K(506880K)] 1574403K->1396864K(1905152K), 0.0524844 secs] [Times: user=0.32 sys=0.00, real=0.06 secs] 
6815.865: [Full GC (Ergonomics) [PSYoungGen: 144896K->0K(506880K)] [ParOldGen: 1251968K->195793K(1398272K)] 1396864K->195793K(1905152K), [Metaspace: 59746K->59746K(1105920K)], 0.4846588 secs] [Times: user=2.24 sys=0.00, real=0.48 secs] 
6818.145: [GC (Allocation Failure) [PSYoungGen: 318464K->103488K(507392K)] 514257K->299281K(1905664K), 0.0446500 secs] [Times: user=0.26 sys=0.00, real=0.04 secs] 
6819.837: [GC (Allocation Failure) [PSYoungGen: 423073K->147472K(508416K)] 618867K->442995K(1906688K), 0.0496066 secs] [Times: user=0.29 sys=0.00, real=0.05 secs] 
6822.985: [GC (Allocation Failure) [PSYoungGen: 468496K->104768K(508416K)] 764019K->538898K(1906688K), 0.0978332 secs] [Times: user=0.58 sys=0.01, real=0.09 secs] 
6825.136: [GC (Allocation Failure) [PSYoungGen: 421857K->146816K(508928K)] 855987K->681643K(1907200K), 0.0514053 secs] [Times: user=0.28 sys=0.00, real=0.05 secs] 
6826.718: [GC (Allocation Failure) [PSYoungGen: 468864K->108928K(507904K)] 1003691K->781343K(1906176K), 0.1099838 secs] [Times: user=0.65 sys=0.00, real=0.11 secs] 
6827.815: [GC (Allocation Failure) [PSYoungGen: 415652K->141968K(508928K)] 1088068K->919697K(1907200K), 0.0515449 secs] [Times: user=0.30 sys=0.01, real=0.05 secs] 
6829.007: [GC (Allocation Failure) [PSYoungGen: 465040K->108768K(507904K)] 1242769K->1019296K(1906176K), 0.0643025 secs] [Times: user=0.38 sys=0.00, real=0.06 secs] 
6830.806: [GC (Allocation Failure) [PSYoungGen: 435936K->154656K(510464K)] 1346464K->1169805K(1908736K), 0.0547043 secs] [Times: user=0.32 sys=0.00, real=0.05 secs] 
6833.303: [GC (Allocation Failure) [PSYoungGen: 481824K->104176K(512512K)] 1496973K->1273441K(1910784K), 0.1588861 secs] [Times: user=0.94 sys=0.00, real=0.16 secs] 
6834.883: [GC (Allocation Failure) [PSYoungGen: 428272K->153456K(477696K)] 1597537K->1420786K(1875968K), 0.1386737 secs] [Times: user=0.83 sys=0.00, real=0.14 secs] 
6835.022: [Full GC (Ergonomics) [PSYoungGen: 153456K->0K(477696K)] [ParOldGen: 1267330K->220489K(1398272K)] 1420786K->220489K(1875968K), [Metaspace: 59746K->59746K(1105920K)], 0.5791567 secs] [Times: user=2.69 sys=0.00, real=0.58 secs] 
6838.083: [GC (Allocation Failure) [PSYoungGen: 324096K->98112K(509440K)] 544585K->318601K(1907712K), 0.1206197 secs] [Times: user=0.71 sys=0.01, real=0.13 secs] 
6839.523: [GC (Allocation Failure) [PSYoungGen: 417088K->153376K(472576K)] 637577K->465365K(1870848K), 0.1610132 secs] [Times: user=0.96 sys=0.00, real=0.17 secs] 
6842.465: [GC (Allocation Failure) [PSYoungGen: 472352K->92352K(505856K)] 784341K->557662K(1904128K), 0.1614845 secs] [Times: user=0.96 sys=0.00, real=0.16 secs] 
6843.667: [GC (Allocation Failure) [PSYoungGen: 404672K->149184K(461824K)] 869982K->700298K(1860096K), 0.1458995 secs] [Times: user=0.85 sys=0.02, real=0.14 secs] 
6847.650: [GC (Allocation Failure) [PSYoungGen: 461504K->91744K(504320K)] 1012618K->791746K(1902592K), 0.1810294 secs] [Times: user=1.08 sys=0.01, real=0.18 secs] 
6848.569: [GC (Allocation Failure) [PSYoungGen: 400480K->145408K(503296K)] 1100482K->930879K(1901568K), 0.0775509 secs] [Times: user=0.46 sys=0.00, real=0.08 secs] 
6852.019: [GC (Allocation Failure) [PSYoungGen: 454144K->90624K(503296K)] 1239615K->1021199K(1901568K), 0.1602182 secs] [Times: user=0.96 sys=0.00, real=0.16 secs] 
6853.082: [GC (Allocation Failure) [PSYoungGen: 399360K->148256K(457216K)] 1329935K->1163028K(1855488K), 0.0677389 secs] [Times: user=0.40 sys=0.01, real=0.07 secs] 
6855.905: [GC (Allocation Failure) [PSYoungGen: 456116K->91824K(503296K)] 1470889K->1254377K(1901568K), 0.1536514 secs] [Times: user=0.83 sys=0.00, real=0.15 secs] 
6856.769: [GC (Allocation Failure) [PSYoungGen: 388484K->138784K(445440K)] 1551036K->1389437K(1843712K), 0.0619326 secs] [Times: user=0.36 sys=0.00, real=0.06 secs] 
6856.831: [Full GC (Ergonomics) [PSYoungGen: 138784K->0K(445440K)] [ParOldGen: 1250653K->196425K(1398272K)] 1389437K->196425K(1843712K), [Metaspace: 59746K->59746K(1105920K)], 0.4854953 secs] [Times: user=2.25 sys=0.00, real=0.49 secs] 
6858.951: [GC (Allocation Failure) [PSYoungGen: 306176K->101952K(504320K)] 502601K->298377K(1902592K), 0.0311392 secs] [Times: user=0.18 sys=0.00, real=0.03 secs] 
6860.830: [GC (Allocation Failure) [PSYoungGen: 411712K->142752K(500736K)] 608137K->437437K(1899008K), 0.0491628 secs] [Times: user=0.29 sys=0.00, real=0.05 secs] 
6862.984: [GC (Allocation Failure) [PSYoungGen: 452512K->102528K(504320K)] 747197K->530601K(1902592K), 0.0764203 secs] [Times: user=0.44 sys=0.00, real=0.07 secs] 
6865.041: [GC (Allocation Failure) [PSYoungGen: 418432K->154800K(471040K)] 846505K->681087K(1869312K), 0.0512149 secs] [Times: user=0.30 sys=0.00, real=0.05 secs] 
6866.622: [GC (Allocation Failure) [PSYoungGen: 470704K->106464K(508416K)] 996991K->770094K(1906688K), 0.0650982 secs] [Times: user=0.38 sys=0.00, real=0.07 secs] 
6868.376: [GC (Allocation Failure) [PSYoungGen: 420320K->145280K(504320K)] 1083950K->911911K(1902592K), 0.0520135 secs] [Times: user=0.31 sys=0.00, real=0.05 secs] 
6870.087: [GC (Allocation Failure) [PSYoungGen: 459136K->107520K(503808K)] 1225767K->1010295K(1902080K), 0.0652782 secs] [Times: user=0.38 sys=0.00, real=0.06 secs] 
6871.604: [GC (Allocation Failure) [PSYoungGen: 423936K->146880K(504832K)] 1326711K->1153662K(1903104K), 0.0527775 secs] [Times: user=0.31 sys=0.00, real=0.05 secs] 
6874.300: [GC (Allocation Failure) [PSYoungGen: 463296K->105056K(507392K)] 1470078K->1249582K(1905664K), 0.1013210 secs] [Times: user=0.59 sys=0.01, real=0.10 secs] 
6876.250: [GC (Allocation Failure) [PSYoungGen: 425056K->146848K(507904K)] 1569582K->1392443K(1906176K), 0.0530035 secs] [Times: user=0.32 sys=0.00, real=0.05 secs] 
6876.303: [Full GC (Ergonomics) [PSYoungGen: 146848K->0K(507904K)] [ParOldGen: 1245595K->191414K(1398272K)] 1392443K->191414K(1906176K), [Metaspace: 59746K->59746K(1105920K)], 0.4514389 secs] [Times: user=2.01 sys=0.00, real=0.46 secs] 
6878.467: [GC (Allocation Failure) [PSYoungGen: 320000K->109568K(505856K)] 511414K->300982K(1904128K), 0.0332757 secs] [Times: user=0.19 sys=0.00, real=0.03 secs] 
6880.365: [GC (Allocation Failure) [PSYoungGen: 430592K->147264K(507392K)] 622006K->444708K(1905664K), 0.1506087 secs] [Times: user=0.89 sys=0.00, real=0.15 secs] 
6882.166: [GC (Allocation Failure) [PSYoungGen: 468288K->109184K(508416K)] 765732K->544512K(1906688K), 0.0649128 secs] [Times: user=0.38 sys=0.00, real=0.06 secs] 
6883.169: [GC (Allocation Failure) [PSYoungGen: 433280K->169504K(494080K)] 868608K->710237K(1892352K), 0.0542564 secs] [Times: user=0.33 sys=0.00, real=0.05 secs] 
6886.245: [GC (Allocation Failure) [PSYoungGen: 493600K->101392K(504832K)] 1034333K->794477K(1903104K), 0.0991630 secs] [Times: user=0.59 sys=0.00, real=0.10 secs] 
6886.846: [GC (Allocation Failure) [PSYoungGen: 410128K->149984K(502784K)] 1103213K->935009K(1901056K), 0.0761483 secs] [Times: user=0.44 sys=0.00, real=0.07 secs] 
6889.383: [GC (Allocation Failure) [PSYoungGen: 455305K->90208K(502784K)] 1240331K->1025081K(1901056K), 0.1418711 secs] [Times: user=0.84 sys=0.01, real=0.15 secs] 
6890.572: [GC (Allocation Failure) [PSYoungGen: 387161K->138368K(445440K)] 1322035K->1159386K(1843712K), 0.0497690 secs] [Times: user=0.30 sys=0.00, real=0.05 secs] 
6891.728: [GC (Allocation Failure) [PSYoungGen: 445056K->101248K(502272K)] 1466074K->1251942K(1900544K), 0.0878263 secs] [Times: user=0.52 sys=0.00, real=0.09 secs] 
6893.086: [GC (Allocation Failure) [PSYoungGen: 409984K->145184K(500224K)] 1560678K->1394131K(1898496K), 0.0632743 secs] [Times: user=0.38 sys=0.01, real=0.06 secs] 
6893.149: [Full GC (Ergonomics) [PSYoungGen: 145184K->0K(500224K)] [ParOldGen: 1248947K->192504K(1398272K)] 1394131K->192504K(1898496K), [Metaspace: 59746K->59746K(1105920K)], 0.4777957 secs] [Times: user=2.22 sys=0.00, real=0.48 secs] 
6897.495: [GC (Allocation Failure) [PSYoungGen: 308736K->96320K(505344K)] 501240K->288824K(1903616K), 0.0419851 secs] [Times: user=0.24 sys=0.00, real=0.04 secs] 
6898.819: [GC (GCLocker Initiated GC) [PSYoungGen: 411200K->145504K(505856K)] 603704K->431025K(1904128K), 0.0484581 secs] [Times: user=0.28 sys=0.00, real=0.05 secs] 
6901.854: [GC (Allocation Failure) [PSYoungGen: 460384K->105184K(502272K)] 745956K->526896K(1900544K), 0.0642498 secs] [Times: user=0.38 sys=0.00, real=0.06 secs] 
6903.773: [GC (Allocation Failure) [PSYoungGen: 420576K->146160K(504320K)] 842288K->669654K(1902592K), 0.0526839 secs] [Times: user=0.31 sys=0.00, real=0.06 secs] 
6906.344: [GC (Allocation Failure) [PSYoungGen: 460765K->102832K(506880K)] 984259K->763682K(1905152K), 0.0725881 secs] [Times: user=0.43 sys=0.00, real=0.07 secs] 
6908.574: [GC (Allocation Failure) [PSYoungGen: 421808K->146720K(507392K)] 1082658K->908210K(1905664K), 0.0523750 secs] [Times: user=0.31 sys=0.00, real=0.05 secs] 
6910.624: [GC (Allocation Failure) [PSYoungGen: 465696K->107040K(506368K)] 1227186K->1006702K(1904640K), 0.0658175 secs] [Times: user=0.39 sys=0.00, real=0.06 secs] 
6913.116: [GC (Allocation Failure) [PSYoungGen: 427040K->144224K(507392K)] 1326702K->1147863K(1905664K), 0.0529234 secs] [Times: user=0.32 sys=0.00, real=0.05 secs] 
6915.105: [GC (Allocation Failure) [PSYoungGen: 464224K->106832K(506368K)] 1467863K->1246312K(1904640K), 0.0649413 secs] [Times: user=0.38 sys=0.00, real=0.06 secs] 
6917.593: [GC (Allocation Failure) [PSYoungGen: 429904K->150128K(508416K)] 1569384K->1392701K(1906688K), 0.0578393 secs] [Times: user=0.32 sys=0.00, real=0.06 secs] 
6917.651: [Full GC (Ergonomics) [PSYoungGen: 150128K->0K(508416K)] [ParOldGen: 1242572K->190098K(1398272K)] 1392701K->190098K(1906688K), [Metaspace: 59746K->59746K(1105920K)], 0.4581975 secs] [Times: user=2.05 sys=0.00, real=0.46 secs] 
6919.171: [GC (Allocation Failure) [PSYoungGen: 323072K->107008K(510976K)] 513170K->297106K(1909248K), 0.0323051 secs] [Times: user=0.19 sys=0.00, real=0.03 secs] 
6921.297: [GC (Allocation Failure) [PSYoungGen: 425723K->150320K(474112K)] 615822K->443168K(1872384K), 0.0517224 secs] [Times: user=0.31 sys=0.00, real=0.05 secs] 
6923.054: [GC (Allocation Failure) [PSYoungGen: 473904K->108416K(512512K)] 766752K->542843K(1910784K), 0.1021866 secs] [Times: user=0.61 sys=0.01, real=0.10 secs] 
6925.762: [GC (Allocation Failure) [PSYoungGen: 417533K->142944K(509440K)] 851961K->681376K(1907712K), 0.0510857 secs] [Times: user=0.30 sys=0.00, real=0.05 secs] 
6926.994: [GC (Allocation Failure) [PSYoungGen: 466016K->108416K(509952K)] 1004448K->781124K(1908224K), 0.0748925 secs] [Times: user=0.44 sys=0.00, real=0.07 secs] 
6929.138: [GC (Allocation Failure) [PSYoungGen: 434048K->152640K(509952K)] 1106756K->930133K(1908224K), 0.1019604 secs] [Times: user=0.61 sys=0.00, real=0.10 secs] 
6932.488: [GC (Allocation Failure) [PSYoungGen: 478272K->101920K(512000K)] 1255765K->1031749K(1910272K), 0.1745766 secs] [Times: user=1.04 sys=0.00, real=0.17 secs] 
6933.572: [GC (Allocation Failure) [PSYoungGen: 425504K->154848K(478720K)] 1355333K->1176290K(1876992K), 0.0564658 secs] [Times: user=0.33 sys=0.00, real=0.06 secs] 
6936.535: [GC (Allocation Failure) [PSYoungGen: 478432K->95584K(507904K)] 1499874K->1271622K(1906176K), 0.1692499 secs] [Times: user=1.01 sys=0.00, real=0.17 secs] 
6937.072: [GC (Allocation Failure) [PSYoungGen: 412000K->153056K(469504K)] 1588038K->1418340K(1867776K), 0.0567578 secs] [Times: user=0.34 sys=0.00, real=0.06 secs] 
6937.129: [Full GC (Ergonomics) [PSYoungGen: 153056K->0K(469504K)] [ParOldGen: 1265284K->217448K(1398272K)] 1418340K->217448K(1867776K), [Metaspace: 59746K->59746K(1105920K)], 0.5247785 secs] [Times: user=2.45 sys=0.00, real=0.53 secs] 
6940.747: [GC (Allocation Failure) [PSYoungGen: 316416K->92912K(504832K)] 533864K->310361K(1903104K), 0.1312466 secs] [Times: user=0.78 sys=0.00, real=0.13 secs] 
6941.271: [GC (Allocation Failure) [PSYoungGen: 403184K->151424K(461824K)] 620633K->455673K(1860096K), 0.0539329 secs] [Times: user=0.32 sys=0.00, real=0.06 secs] 
6945.023: [GC (Allocation Failure) [PSYoungGen: 461696K->92032K(502784K)] 765945K->547577K(1901056K), 0.1733320 secs] [Times: user=1.03 sys=0.01, real=0.18 secs] 
6945.705: [GC (Allocation Failure) [PSYoungGen: 397696K->146144K(501760K)] 853241K->687986K(1900032K), 0.0536586 secs] [Times: user=0.32 sys=0.00, real=0.05 secs] 
6948.793: [GC (Allocation Failure) [PSYoungGen: 451808K->89344K(501760K)] 993650K->776786K(1900032K), 0.1656325 secs] [Times: user=0.99 sys=0.01, real=0.17 secs] 
6950.390: [GC (Allocation Failure) [PSYoungGen: 390439K->139616K(501760K)] 1077881K->912963K(1900032K), 0.0671759 secs] [Times: user=0.39 sys=0.01, real=0.07 secs] 
6952.143: [GC (Allocation Failure) [PSYoungGen: 445280K->100704K(496128K)] 1218627K->1004839K(1894400K), 0.0637159 secs] [Times: user=0.37 sys=0.01, real=0.07 secs] 
6953.697: [GC (Allocation Failure) [PSYoungGen: 407904K->144304K(499200K)] 1312039K->1145264K(1897472K), 0.0499291 secs] [Times: user=0.30 sys=0.00, real=0.05 secs] 
6956.502: [GC (GCLocker Initiated GC) [PSYoungGen: 451504K->101376K(502272K)] 1452465K->1237628K(1900544K), 0.0865142 secs] [Times: user=0.51 sys=0.00, real=0.09 secs] 
6958.492: [GC (Allocation Failure) [PSYoungGen: 414720K->143066K(503808K)] 1550975K->1376806K(1902080K), 0.0511026 secs] [Times: user=0.30 sys=0.00, real=0.05 secs] 
6958.543: [Full GC (Ergonomics) [PSYoungGen: 143066K->0K(503808K)] [ParOldGen: 1233740K->182776K(1398272K)] 1376806K->182776K(1902080K), [Metaspace: 59746K->59746K(1105920K)], 0.4354324 secs] [Times: user=1.91 sys=0.01, real=0.44 secs] 
6960.043: [GC (Allocation Failure) [PSYoungGen: 313344K->106432K(502272K)] 496120K->289208K(1900544K), 0.0333719 secs] [Times: user=0.19 sys=0.00, real=0.04 secs] 
6960.943: [GC (Allocation Failure) [PSYoungGen: 423360K->150528K(504832K)] 606136K->436501K(1903104K), 0.0532249 secs] [Times: user=0.31 sys=0.00, real=0.06 secs] 
6962.550: [GC (Allocation Failure) [PSYoungGen: 467456K->103728K(507904K)] 753429K->531502K(1906176K), 0.0663693 secs] [Times: user=0.39 sys=0.00, real=0.07 secs] 
6964.912: [GC (Allocation Failure) [PSYoungGen: 422704K->149872K(468992K)] 850478K->677794K(1867264K), 0.0518877 secs] [Times: user=0.30 sys=0.00, real=0.05 secs] 
6966.097: [GC (Allocation Failure) [PSYoungGen: 468848K->103968K(509952K)] 996770K->772902K(1908224K), 0.1009004 secs] [Times: user=0.59 sys=0.01, real=0.10 secs] 
6968.712: [GC (Allocation Failure) [PSYoungGen: 421920K->147456K(506880K)] 1090854K->916890K(1905152K), 0.0696142 secs] [Times: user=0.42 sys=0.00, real=0.07 secs] 
6971.561: [GC (Allocation Failure) [PSYoungGen: 465408K->107648K(505344K)] 1234842K->1016167K(1903616K), 0.0973292 secs] [Times: user=0.57 sys=0.00, real=0.10 secs] 
6974.235: [GC (Allocation Failure) [PSYoungGen: 426112K->145536K(506368K)] 1334631K->1158439K(1904640K), 0.0747903 secs] [Times: user=0.44 sys=0.00, real=0.07 secs] 
6975.804: [GC (Allocation Failure) [PSYoungGen: 464000K->106000K(507392K)] 1476903K->1256104K(1905664K), 0.0658906 secs] [Times: user=0.38 sys=0.00, real=0.06 secs] 
6978.357: [GC (Allocation Failure) [PSYoungGen: 423390K->144896K(508416K)] 1573494K->1397612K(1906688K), 0.1453014 secs] [Times: user=0.85 sys=0.01, real=0.14 secs] 
6978.502: [Full GC (Ergonomics) [PSYoungGen: 144896K->0K(508416K)] [ParOldGen: 1252716K->196371K(1398272K)] 1397612K->196371K(1906688K), [Metaspace: 59746K->59746K(1105920K)], 0.5281033 secs] [Times: user=2.52 sys=0.00, real=0.53 secs] 
6981.036: [GC (Allocation Failure) [PSYoungGen: 321536K->107584K(507392K)] 517907K->303955K(1905664K), 0.0316883 secs] [Times: user=0.19 sys=0.00, real=0.03 secs] 
6983.489: [GC (Allocation Failure) [PSYoungGen: 417490K->143280K(508928K)] 613861K->443424K(1907200K), 0.0500317 secs] [Times: user=0.30 sys=0.00, real=0.05 secs] 
6985.769: [GC (Allocation Failure) [PSYoungGen: 466864K->107744K(508416K)] 767008K->542432K(1906688K), 0.0632143 secs] [Times: user=0.37 sys=0.00, real=0.06 secs] 
6988.182: [GC (Allocation Failure) [PSYoungGen: 434912K->153376K(510464K)] 869600K->691656K(1908736K), 0.0522854 secs] [Times: user=0.31 sys=0.00, real=0.06 secs] 
6991.428: [GC (Allocation Failure) [PSYoungGen: 479043K->95472K(511488K)] 1017324K->786489K(1909760K), 0.1598057 secs] [Times: user=0.94 sys=0.01, real=0.16 secs] 
6992.629: [GC (Allocation Failure) [PSYoungGen: 418544K->153280K(476672K)] 1109561K->935769K(1874944K), 0.0561092 secs] [Times: user=0.33 sys=0.00, real=0.06 secs] 
6996.136: [GC (Allocation Failure) [PSYoungGen: 476352K->96640K(508416K)] 1258841K->1032105K(1906688K), 0.1794990 secs] [Times: user=1.07 sys=0.00, real=0.18 secs] 
6996.990: [GC (Allocation Failure) [PSYoungGen: 413056K->152528K(468992K)] 1348521K->1178687K(1867264K), 0.0924393 secs] [Times: user=0.54 sys=0.00, real=0.09 secs] 
7000.400: [GC (Allocation Failure) [PSYoungGen: 468944K->90304K(504832K)] 1495103K->1268734K(1903104K), 0.1766658 secs] [Times: user=1.05 sys=0.01, real=0.18 secs] 
7001.446: [GC (Allocation Failure) [PSYoungGen: 400576K->151040K(461824K)] 1579006K->1413327K(1860096K), 0.0538354 secs] [Times: user=0.32 sys=0.00, real=0.05 secs] 
7001.500: [Full GC (Ergonomics) [PSYoungGen: 151040K->0K(461824K)] [ParOldGen: 1262287K->211319K(1398272K)] 1413327K->211319K(1860096K), [Metaspace: 59746K->59746K(1105920K)], 0.5115033 secs] [Times: user=2.40 sys=0.00, real=0.51 secs] 
7004.348: [GC (Allocation Failure) [PSYoungGen: 307750K->89216K(502272K)] 519070K->300535K(1900544K), 0.1400006 secs] [Times: user=0.83 sys=0.00, real=0.14 secs] 
7005.146: [GC (Allocation Failure) [PSYoungGen: 386319K->138336K(443904K)] 597638K->435073K(1842176K), 0.0485952 secs] [Times: user=0.28 sys=0.00, real=0.05 secs] 
7006.284: [GC (Allocation Failure) [PSYoungGen: 443488K->99072K(503296K)] 740225K->525461K(1901568K), 0.0633920 secs] [Times: user=0.36 sys=0.01, real=0.06 secs] 
7008.724: [GC (Allocation Failure) [PSYoungGen: 407296K->146272K(500224K)] 833685K->667173K(1898496K), 0.0494631 secs] [Times: user=0.30 sys=0.00, real=0.05 secs] 
7011.311: [GC (Allocation Failure) [PSYoungGen: 454496K->100512K(503808K)] 975397K->758841K(1902080K), 0.1374942 secs] [Times: user=0.80 sys=0.01, real=0.14 secs] 
7013.943: [GC (Allocation Failure) [PSYoungGen: 413344K->145472K(504320K)] 1071673K->900614K(1902592K), 0.0507354 secs] [Times: user=0.30 sys=0.01, real=0.06 secs] 
7015.752: [GC (Allocation Failure) [PSYoungGen: 458304K->105280K(501760K)] 1213446K->997294K(1900032K), 0.0660163 secs] [Times: user=0.38 sys=0.01, real=0.07 secs] 
7018.226: [GC (Allocation Failure) [PSYoungGen: 419648K->146656K(503808K)] 1311662K->1140667K(1902080K), 0.0534399 secs] [Times: user=0.32 sys=0.00, real=0.05 secs] 
7021.089: [GC (Allocation Failure) [PSYoungGen: 461024K->102480K(505856K)] 1455035K->1234220K(1904128K), 0.0711880 secs] [Times: user=0.42 sys=0.00, real=0.07 secs] 
7023.955: [GC (Allocation Failure) [PSYoungGen: 419920K->147888K(506368K)] 1551660K->1377897K(1904640K), 0.0521467 secs] [Times: user=0.31 sys=0.00, real=0.05 secs] 
7024.007: [Full GC (Ergonomics) [PSYoungGen: 147888K->0K(506368K)] [ParOldGen: 1230008K->184480K(1398272K)] 1377897K->184480K(1904640K), [Metaspace: 59746K->59746K(1105920K)], 0.4511157 secs] [Times: user=2.11 sys=0.00, real=0.45 secs] 
7026.153: [GC (Allocation Failure) [PSYoungGen: 317440K->104976K(506368K)] 501920K->289457K(1904640K), 0.0330463 secs] [Times: user=0.19 sys=0.01, real=0.04 secs] 
7028.089: [GC (Allocation Failure) [PSYoungGen: 423440K->148000K(506880K)] 607921K->433905K(1905152K), 0.0523730 secs] [Times: user=0.31 sys=0.00, real=0.05 secs] 
7030.009: [GC (Allocation Failure) [PSYoungGen: 466464K->107712K(505856K)] 752369K->533153K(1904128K), 0.0654351 secs] [Times: user=0.39 sys=0.00, real=0.07 secs] 
7032.455: [GC (Allocation Failure) [PSYoungGen: 427200K->147344K(506880K)] 852641K->676967K(1905152K), 0.0530368 secs] [Times: user=0.32 sys=0.00, real=0.05 secs] 
7034.340: [GC (Allocation Failure) [PSYoungGen: 466832K->107008K(507904K)] 996455K->774770K(1906176K), 0.0873952 secs] [Times: user=0.52 sys=0.00, real=0.09 secs] 
7036.479: [GC (Allocation Failure) [PSYoungGen: 426173K->148512K(508416K)] 1093935K->919591K(1906688K), 0.0522797 secs] [Times: user=0.31 sys=0.00, real=0.05 secs] 
7038.425: [GC (Allocation Failure) [PSYoungGen: 470048K->108560K(508416K)] 1241127K->1019732K(1906688K), 0.0797953 secs] [Times: user=0.47 sys=0.00, real=0.08 secs] 
7039.922: [GC (Allocation Failure) [PSYoungGen: 417117K->142528K(508928K)] 1328288K->1158744K(1907200K), 0.0514448 secs] [Times: user=0.30 sys=0.00, real=0.05 secs] 
7042.223: [GC (Allocation Failure) [PSYoungGen: 465088K->107520K(507904K)] 1481304K->1257212K(1906176K), 0.0976977 secs] [Times: user=0.58 sys=0.00, real=0.10 secs] 
7043.373: [GC (Allocation Failure) [PSYoungGen: 418120K->142880K(509952K)] 1567812K->1396628K(1908224K), 0.0525838 secs] [Times: user=0.31 sys=0.00, real=0.06 secs] 
7043.425: [Full GC (Ergonomics) [PSYoungGen: 142880K->0K(509952K)] [ParOldGen: 1253748K->195907K(1398272K)] 1396628K->195907K(1908224K), [Metaspace: 59746K->59746K(1105920K)], 0.4871465 secs] [Times: user=2.26 sys=0.00, real=0.48 secs] 
7046.511: [GC (Allocation Failure) [PSYoungGen: 325632K->106976K(509952K)] 521539K->302883K(1908224K), 0.0764326 secs] [Times: user=0.44 sys=0.01, real=0.08 secs] 
7048.465: [GC (Allocation Failure) [PSYoungGen: 436704K->154864K(484864K)] 632611K->453713K(1883136K), 0.0520339 secs] [Times: user=0.31 sys=0.00, real=0.05 secs] 
7052.467: [GC (Allocation Failure) [PSYoungGen: 484592K->98624K(512000K)] 783441K->551632K(1910272K), 0.1612835 secs] [Times: user=0.96 sys=0.00, real=0.16 secs] 
7053.346: [GC (Allocation Failure) [PSYoungGen: 422720K->154688K(479232K)] 875728K->700409K(1877504K), 0.0694089 secs] [Times: user=0.40 sys=0.00, real=0.07 secs] 
7056.125: [GC (Allocation Failure) [PSYoungGen: 478784K->97984K(508416K)] 1024505K->798225K(1906688K), 0.1521714 secs] [Times: user=0.89 sys=0.02, real=0.15 secs] 
7056.917: [GC (Allocation Failure) [PSYoungGen: 414912K->152256K(469504K)] 1115153K->944430K(1867776K), 0.0879585 secs] [Times: user=0.52 sys=0.00, real=0.09 secs] 
7060.880: [GC (Allocation Failure) [PSYoungGen: 469184K->92160K(505344K)] 1261358K->1036490K(1903616K), 0.1643778 secs] [Times: user=0.98 sys=0.00, real=0.17 secs] 
7061.615: [GC (Allocation Failure) [PSYoungGen: 403456K->149440K(460800K)] 1347786K->1180223K(1859072K), 0.0963273 secs] [Times: user=0.57 sys=0.01, real=0.09 secs] 
7064.824: [GC (Allocation Failure) [PSYoungGen: 460736K->91072K(503808K)] 1491519K->1271087K(1902080K), 0.1493047 secs] [Times: user=0.89 sys=0.00, real=0.15 secs] 
7065.397: [GC (Allocation Failure) [PSYoungGen: 398784K->147296K(455168K)] 1578799K->1412615K(1853440K), 0.0529937 secs] [Times: user=0.31 sys=0.00, real=0.05 secs] 
7065.450: [Full GC (Ergonomics) [PSYoungGen: 147296K->0K(455168K)] [ParOldGen: 1265319K->212265K(1398272K)] 1412615K->212265K(1853440K), [Metaspace: 59746K->59746K(1105920K)], 0.4957702 secs] [Times: user=2.31 sys=0.00, real=0.50 secs] 
7068.815: [GC (Allocation Failure) [PSYoungGen: 305843K->88688K(502784K)] 518108K->300953K(1901056K), 0.1601031 secs] [Times: user=0.95 sys=0.00, real=0.16 secs] 
7069.692: [GC (Allocation Failure) [PSYoungGen: 385857K->138400K(444928K)] 598122K->435362K(1843200K), 0.0485946 secs] [Times: user=0.29 sys=0.00, real=0.05 secs] 
7071.172: [GC (Allocation Failure) [PSYoungGen: 444576K->101376K(503808K)] 741538K->527954K(1902080K), 0.0624000 secs] [Times: user=0.37 sys=0.00, real=0.07 secs] 
7072.352: [GC (Allocation Failure) [PSYoungGen: 410624K->147120K(500736K)] 837202K->671939K(1899008K), 0.0503805 secs] [Times: user=0.29 sys=0.00, real=0.05 secs] 
7074.635: [GC (Allocation Failure) [PSYoungGen: 456368K->100768K(503808K)] 981187K->764119K(1902080K), 0.0640501 secs] [Times: user=0.38 sys=0.00, real=0.06 secs] 
7076.577: [GC (Allocation Failure) [PSYoungGen: 414112K->154176K(467968K)] 1077463K->914851K(1866240K), 0.0505687 secs] [Times: user=0.29 sys=0.00, real=0.05 secs] 
7077.805: [GC (Allocation Failure) [PSYoungGen: 467520K->103808K(506368K)] 1228195K->1001663K(1904640K), 0.0660668 secs] [Times: user=0.39 sys=0.00, real=0.06 secs] 
7080.469: [GC (Allocation Failure) [PSYoungGen: 414080K->144768K(502784K)] 1311935K->1142548K(1901056K), 0.0513345 secs] [Times: user=0.30 sys=0.00, real=0.05 secs] 
7082.208: [GC (Allocation Failure) [PSYoungGen: 455040K->104208K(502784K)] 1452820K->1238061K(1901056K), 0.0648539 secs] [Times: user=0.39 sys=0.00, real=0.06 secs] 
7084.424: [GC (Allocation Failure) [PSYoungGen: 417040K->144128K(503296K)] 1550893K->1379069K(1901568K), 0.0527216 secs] [Times: user=0.31 sys=0.00, real=0.05 secs] 
7084.477: [Full GC (Ergonomics) [PSYoungGen: 144128K->0K(503296K)] [ParOldGen: 1234941K->186131K(1398272K)] 1379069K->186131K(1901568K), [Metaspace: 59747K->59747K(1105920K)], 0.4555121 secs] [Times: user=2.11 sys=0.00, real=0.45 secs] 
7085.985: [GC (Allocation Failure) [PSYoungGen: 312832K->103504K(503296K)] 498963K->289636K(1901568K), 0.0434470 secs] [Times: user=0.25 sys=0.01, real=0.04 secs] 
7088.201: [GC (Allocation Failure) [PSYoungGen: 420432K->147872K(505344K)] 606564K->433964K(1903616K), 0.0515400 secs] [Times: user=0.31 sys=0.00, real=0.05 secs] 
7090.589: [GC (Allocation Failure) [PSYoungGen: 464800K->106368K(506368K)] 750892K->531560K(1904640K), 0.0691056 secs] [Times: user=0.41 sys=0.00, real=0.07 secs] 
7093.107: [GC (Allocation Failure) [PSYoungGen: 425344K->146432K(506880K)] 850536K->674557K(1905152K), 0.0525648 secs] [Times: user=0.31 sys=0.00, real=0.05 secs] 
7094.460: [GC (Allocation Failure) [PSYoungGen: 465408K->107936K(506880K)] 993533K->773261K(1905152K), 0.0659483 secs] [Times: user=0.39 sys=0.00, real=0.07 secs] 
7096.673: [GC (Allocation Failure) [PSYoungGen: 428960K->149152K(507904K)] 1094285K->919049K(1906176K), 0.0528800 secs] [Times: user=0.31 sys=0.00, real=0.06 secs] 
7098.163: [GC (Allocation Failure) [PSYoungGen: 470176K->107424K(508928K)] 1240073K->1017741K(1907200K), 0.0855872 secs] [Times: user=0.51 sys=0.00, real=0.09 secs] 
7099.903: [GC (Allocation Failure) [PSYoungGen: 423492K->145424K(508928K)] 1333810K->1159727K(1907200K), 0.1039736 secs] [Times: user=0.61 sys=0.01, real=0.11 secs] 
7102.444: [GC (Allocation Failure) [PSYoungGen: 467472K->109104K(506368K)] 1481775K->1259891K(1904640K), 0.0724151 secs] [Times: user=0.43 sys=0.01, real=0.07 secs] 
7103.378: [GC (Allocation Failure) [PSYoungGen: 432688K->184816K(508416K)] 1583475K->1456120K(1906688K), 0.0576554 secs] [Times: user=0.35 sys=0.00, real=0.06 secs] 
7103.435: [Full GC (Ergonomics) [PSYoungGen: 184816K->0K(508416K)] [ParOldGen: 1271303K->204825K(1398272K)] 1456120K->204825K(1906688K), [Metaspace: 59747K->59747K(1105920K)], 0.4721359 secs] [Times: user=2.19 sys=0.00, real=0.47 secs] 
7107.976: [GC (Allocation Failure) [PSYoungGen: 323584K->95968K(423424K)] 528409K->300793K(1821696K), 0.1842230 secs] [Times: user=1.09 sys=0.00, real=0.18 secs] 
7108.367: [GC (Allocation Failure) [PSYoungGen: 328928K->111680K(465920K)] 533753K->409074K(1864192K), 0.0532683 secs] [Times: user=0.32 sys=0.00, real=0.05 secs] 
7110.820: [GC (Allocation Failure) [PSYoungGen: 344640K->90912K(465920K)] 642034K->491626K(1864192K), 0.0557190 secs] [Times: user=0.33 sys=0.00, real=0.06 secs] 
7112.058: [GC (Allocation Failure) [PSYoungGen: 323872K->82384K(465920K)] 724586K->574043K(1864192K), 0.0867898 secs] [Times: user=0.52 sys=0.00, real=0.09 secs] 
7112.322: [GC (Allocation Failure) [PSYoungGen: 308398K->106752K(451584K)] 800057K->674854K(1849856K), 0.0455697 secs] [Times: user=0.25 sys=0.01, real=0.05 secs] 
7115.421: [GC (Allocation Failure) [PSYoungGen: 339712K->70400K(458752K)] 907814K->736202K(1857024K), 0.0515459 secs] [Times: user=0.30 sys=0.01, real=0.05 secs] 
7117.922: [GC (Allocation Failure) [PSYoungGen: 303360K->100688K(456704K)] 969162K->835102K(1854976K), 0.0627695 secs] [Times: user=0.36 sys=0.00, real=0.07 secs] 
7118.853: [GC (Allocation Failure) [PSYoungGen: 349008K->126464K(465408K)] 1083422K->951694K(1863680K), 0.0880926 secs] [Times: user=0.53 sys=0.00, real=0.09 secs] 
7120.929: [GC (Allocation Failure) [PSYoungGen: 374784K->64896K(479744K)] 1200014K->1016606K(1878016K), 0.1349242 secs] [Times: user=0.81 sys=0.00, real=0.14 secs] 
7122.253: [GC (GCLocker Initiated GC) [PSYoungGen: 336256K->124784K(481792K)] 1287966K->1137815K(1880064K), 0.1149124 secs] [Times: user=0.68 sys=0.00, real=0.12 secs] 
7125.782: [GC (Allocation Failure) [PSYoungGen: 396144K->84128K(483328K)] 1409180K->1213563K(1881600K), 0.0606378 secs] [Times: user=0.36 sys=0.00, real=0.06 secs] 
7126.923: [GC (Allocation Failure) [PSYoungGen: 367264K->136736K(484352K)] 1496699K->1349484K(1882624K), 0.0596720 secs] [Times: user=0.35 sys=0.00, real=0.06 secs] 
7128.374: [GC (Allocation Failure) [PSYoungGen: 419872K->115744K(481792K)] 1632620K->1447872K(1880064K), 0.0636354 secs] [Times: user=0.38 sys=0.00, real=0.06 secs] 
7128.438: [Full GC (Ergonomics) [PSYoungGen: 115744K->0K(481792K)] [ParOldGen: 1332128K->251155K(1398272K)] 1447872K->251155K(1880064K), [Metaspace: 59747K->59747K(1105920K)], 0.5505474 secs] [Times: user=2.43 sys=0.00, real=0.55 secs] 
7131.057: [GC (Allocation Failure) [PSYoungGen: 295936K->108176K(489472K)] 547091K->359331K(1887744K), 0.0357395 secs] [Times: user=0.21 sys=0.00, real=0.03 secs] 
7132.157: [GC (Allocation Failure) [PSYoungGen: 404112K->139712K(503808K)] 655267K->488503K(1902080K), 0.0615085 secs] [Times: user=0.36 sys=0.01, real=0.06 secs] 
7134.687: [GC (Allocation Failure) [PSYoungGen: 456640K->100992K(506368K)] 805431K->589496K(1904640K), 0.0932090 secs] [Times: user=0.55 sys=0.00, real=0.09 secs] 
7136.073: [GC (Allocation Failure) [PSYoungGen: 417920K->147424K(501760K)] 906424K->726332K(1900032K), 0.0617457 secs] [Times: user=0.37 sys=0.00, real=0.07 secs] 
7138.405: [GC (Allocation Failure) [PSYoungGen: 464864K->104064K(506880K)] 1043772K->830068K(1905152K), 0.0932987 secs] [Times: user=0.56 sys=0.00, real=0.09 secs] 
7139.566: [GC (Allocation Failure) [PSYoungGen: 421504K->145536K(505856K)] 1147508K->964425K(1904128K), 0.0622580 secs] [Times: user=0.37 sys=0.00, real=0.06 secs] 
7141.993: [GC (Allocation Failure) [PSYoungGen: 466560K->104352K(425472K)] 1285449K->1068313K(1823744K), 0.0948941 secs] [Times: user=0.56 sys=0.00, real=0.10 secs] 
7143.269: [GC (Allocation Failure) [PSYoungGen: 425376K->144992K(505856K)] 1389337K->1202056K(1904128K), 0.0619969 secs] [Times: user=0.37 sys=0.00, real=0.06 secs] 
7145.488: [GC (Allocation Failure) [PSYoungGen: 466528K->111680K(509440K)] 1523592K->1313272K(1907712K), 0.0873029 secs] [Times: user=0.51 sys=0.00, real=0.09 secs] 
7146.742: [GC (Allocation Failure) [PSYoungGen: 433216K->136800K(509440K)] 1634808K->1439161K(1907712K), 0.0627426 secs] [Times: user=0.37 sys=0.00, real=0.07 secs] 
7146.805: [Full GC (Ergonomics) [PSYoungGen: 136800K->0K(509440K)] [ParOldGen: 1302361K->250538K(1398272K)] 1439161K->250538K(1907712K), [Metaspace: 59748K->59748K(1105920K)], 0.5457649 secs] [Times: user=2.40 sys=0.00, real=0.54 secs] 
7150.232: [GC (Allocation Failure) [PSYoungGen: 326656K->118672K(509440K)] 577194K->369211K(1907712K), 0.0375985 secs] [Times: user=0.21 sys=0.01, real=0.04 secs] 
7151.553: [GC (Allocation Failure) [PSYoungGen: 445328K->130016K(513024K)] 695867K->488563K(1911296K), 0.0626786 secs] [Times: user=0.37 sys=0.00, real=0.07 secs] 
7153.772: [GC (Allocation Failure) [PSYoungGen: 465888K->135648K(510464K)] 824435K->623659K(1908736K), 0.0702111 secs] [Times: user=0.42 sys=0.00, real=0.07 secs] 
7156.329: [GC (Allocation Failure) [PSYoungGen: 471520K->5040K(494592K)] 959531K->493135K(1892864K), 0.0073548 secs] [Times: user=0.03 sys=0.00, real=0.01 secs] 
7159.297: [GC (Allocation Failure) [PSYoungGen: 325040K->143520K(463872K)] 813135K->633988K(1862144K), 0.0433085 secs] [Times: user=0.25 sys=0.00, real=0.04 secs] 
7160.642: [GC (Allocation Failure) [PSYoungGen: 463520K->112112K(512512K)] 953988K->736720K(1910784K), 0.0675831 secs] [Times: user=0.40 sys=0.00, real=0.07 secs] 
7162.611: [GC (Allocation Failure) [PSYoungGen: 431088K->142304K(505344K)] 1055696K->877652K(1903616K), 0.0563649 secs] [Times: user=0.32 sys=0.01, real=0.06 secs] 
7164.818: [GC (Allocation Failure) [PSYoungGen: 461280K->108464K(505344K)] 1196628K->976969K(1903616K), 0.0885200 secs] [Times: user=0.51 sys=0.00, real=0.09 secs] 
7166.558: [GC (Allocation Failure) [PSYoungGen: 431536K->146976K(506880K)] 1300041K->1122325K(1905152K), 0.0644678 secs] [Times: user=0.37 sys=0.01, real=0.06 secs] 
7168.871: [GC (Allocation Failure) [PSYoungGen: 470048K->111872K(508416K)] 1445397K->1225421K(1906688K), 0.0673183 secs] [Times: user=0.40 sys=0.00, real=0.07 secs] 
7171.525: [GC (Allocation Failure) [PSYoungGen: 438528K->146688K(509440K)] 1552077K->1370086K(1907712K), 0.0900291 secs] [Times: user=0.53 sys=0.00, real=0.09 secs] 
7171.615: [Full GC (Ergonomics) [PSYoungGen: 146688K->0K(509440K)] [ParOldGen: 1223398K->179390K(1398272K)] 1370086K->179390K(1907712K), [Metaspace: 59749K->59749K(1105920K)], 0.4490753 secs] [Times: user=2.10 sys=0.00, real=0.45 secs] 
7174.021: [GC (Allocation Failure) [PSYoungGen: 326656K->109952K(510976K)] 506046K->289342K(1909248K), 0.0425148 secs] [Times: user=0.25 sys=0.00, real=0.05 secs] 
7176.251: [GC (Allocation Failure) [PSYoungGen: 439168K->152208K(481792K)] 618558K->437800K(1880064K), 0.0536649 secs] [Times: user=0.32 sys=0.00, real=0.06 secs] 
7177.894: [GC (Allocation Failure) [PSYoungGen: 481424K->112032K(515584K)] 767016K->541143K(1913856K), 0.0666013 secs] [Times: user=0.39 sys=0.00, real=0.06 secs] 
7181.059: [GC (Allocation Failure) [PSYoungGen: 432109K->144096K(510976K)] 861220K->681820K(1909248K), 0.0533404 secs] [Times: user=0.31 sys=0.00, real=0.05 secs] 
7182.759: [GC (Allocation Failure) [PSYoungGen: 471776K->108320K(512000K)] 1009500K->781112K(1910272K), 0.1154315 secs] [Times: user=0.68 sys=0.00, real=0.12 secs] 
7184.485: [GC (Allocation Failure) [PSYoungGen: 438560K->151488K(481792K)] 1111352K->929221K(1880064K), 0.0531367 secs] [Times: user=0.31 sys=0.00, real=0.05 secs] 
7188.050: [GC (Allocation Failure) [PSYoungGen: 481728K->98672K(513536K)] 1259461K->1027149K(1911808K), 0.1727525 secs] [Times: user=1.03 sys=0.00, real=0.17 secs] 
7188.919: [GC (Allocation Failure) [PSYoungGen: 425328K->158640K(485376K)] 1353805K->1179198K(1883648K), 0.0588289 secs] [Times: user=0.34 sys=0.00, real=0.06 secs] 
7192.615: [GC (Allocation Failure) [PSYoungGen: 485296K->98336K(508416K)] 1505854K->1277253K(1906688K), 0.1722835 secs] [Times: user=1.03 sys=0.00, real=0.17 secs] 
7193.416: [GC (Allocation Failure) [PSYoungGen: 414752K->153200K(470016K)] 1593669K->1424375K(1868288K), 0.1124518 secs] [Times: user=0.67 sys=0.00, real=0.11 secs] 
7193.529: [Full GC (Ergonomics) [PSYoungGen: 153200K->0K(470016K)] [ParOldGen: 1271174K->223012K(1398272K)] 1424375K->223012K(1868288K), [Metaspace: 59749K->59749K(1105920K)], 0.5558209 secs] [Times: user=2.63 sys=0.00, real=0.56 secs] 
7197.446: [GC (Allocation Failure) [PSYoungGen: 316416K->89792K(504832K)] 539428K->312804K(1903104K), 0.1181178 secs] [Times: user=0.70 sys=0.00, real=0.12 secs] 
7197.852: [GC (Allocation Failure) [PSYoungGen: 400064K->151392K(461824K)] 623076K->457997K(1860096K), 0.0542406 secs] [Times: user=0.32 sys=0.00, real=0.06 secs] 
7200.859: [GC (Allocation Failure) [PSYoungGen: 461664K->89184K(502272K)] 768269K->547049K(1900544K), 0.1753271 secs] [Times: user=0.51 sys=0.00, real=0.18 secs] 
7201.460: [GC (Allocation Failure) [PSYoungGen: 393824K->146976K(452096K)] 851689K->688414K(1850368K), 0.0689942 secs] [Times: user=0.41 sys=0.00, real=0.07 secs] 
7203.644: [GC (Allocation Failure) [PSYoungGen: 451616K->91712K(502272K)] 993054K->779926K(1900544K), 0.1719108 secs] [Times: user=1.03 sys=0.00, real=0.17 secs] 
7205.558: [GC (Allocation Failure) [PSYoungGen: 387824K->137040K(440832K)] 1076039K->911536K(1839104K), 0.0949068 secs] [Times: user=0.57 sys=0.00, real=0.09 secs] 
7207.114: [GC (Allocation Failure) [PSYoungGen: 440656K->96368K(501248K)] 1215152K->999624K(1899520K), 0.0615107 secs] [Times: user=0.36 sys=0.00, real=0.07 secs] 
7209.162: [GC (Allocation Failure) [PSYoungGen: 402544K->143840K(498688K)] 1305800K->1139624K(1896960K), 0.0486315 secs] [Times: user=0.29 sys=0.00, real=0.05 secs] 
7210.924: [GC (Allocation Failure) [PSYoungGen: 450016K->100784K(500736K)] 1445800K->1231517K(1899008K), 0.0657892 secs] [Times: user=0.39 sys=0.00, real=0.06 secs] 
7213.314: [GC (Allocation Failure) [PSYoungGen: 413104K->144160K(502784K)] 1543837K->1372749K(1901056K), 0.0519925 secs] [Times: user=0.31 sys=0.00, real=0.05 secs] 
7213.366: [Full GC (Ergonomics) [PSYoungGen: 144160K->0K(502784K)] [ParOldGen: 1228589K->180119K(1398272K)] 1372749K->180119K(1901056K), [Metaspace: 59752K->59752K(1105920K)], 0.4326371 secs] [Times: user=2.01 sys=0.00, real=0.43 secs] 
7215.604: [GC (Allocation Failure) [PSYoungGen: 312320K->102048K(503296K)] 492439K->282167K(1901568K), 0.0459482 secs] [Times: user=0.26 sys=0.01, real=0.04 secs] 
7217.914: [GC (Allocation Failure) [PSYoungGen: 417952K->146816K(504832K)] 598071K->425745K(1903104K), 0.0512323 secs] [Times: user=0.30 sys=0.00, real=0.05 secs] 
7220.626: [GC (Allocation Failure) [PSYoungGen: 462720K->103168K(505856K)] 741649K->519929K(1904128K), 0.0659911 secs] [Times: user=0.39 sys=0.00, real=0.06 secs] 
7221.855: [GC (Allocation Failure) [PSYoungGen: 421120K->146960K(506368K)] 837881K->664506K(1904640K), 0.0527702 secs] [Times: user=0.31 sys=0.00, real=0.05 secs] 
7223.524: [GC (Allocation Failure) [PSYoungGen: 464772K->107584K(505856K)] 982317K->762678K(1904128K), 0.0654307 secs] [Times: user=0.38 sys=0.00, real=0.06 secs] 
7224.436: [GC (Allocation Failure) [PSYoungGen: 427072K->148032K(506880K)] 1082166K->908782K(1905152K), 0.0536123 secs] [Times: user=0.32 sys=0.00, real=0.05 secs] 
7228.084: [GC (Allocation Failure) [PSYoungGen: 467520K->104224K(508416K)] 1228270K->1003838K(1906688K), 0.0652683 secs] [Times: user=0.39 sys=0.00, real=0.06 secs] 
7229.790: [GC (Allocation Failure) [PSYoungGen: 425248K->152160K(473600K)] 1324862K->1153047K(1871872K), 0.0905743 secs] [Times: user=0.53 sys=0.00, real=0.09 secs] 
7232.222: [GC (Allocation Failure) [PSYoungGen: 473184K->106304K(510464K)] 1474071K->1250847K(1908736K), 0.0669953 secs] [Times: user=0.39 sys=0.00, real=0.07 secs] 
7233.477: [GC (Allocation Failure) [PSYoungGen: 425280K->146960K(507392K)] 1569823K->1394465K(1905664K), 0.0531547 secs] [Times: user=0.31 sys=0.00, real=0.05 secs] 
7233.530: [Full GC (Ergonomics) [PSYoungGen: 146960K->0K(507392K)] [ParOldGen: 1247504K->192948K(1398272K)] 1394465K->192948K(1905664K), [Metaspace: 59752K->59752K(1105920K)], 0.4649672 secs] [Times: user=2.16 sys=0.00, real=0.47 secs] 
7235.462: [GC (Allocation Failure) [PSYoungGen: 318976K->108672K(505344K)] 511924K->301620K(1903616K), 0.0326500 secs] [Times: user=0.19 sys=0.00, real=0.04 secs] 
7236.699: [GC (Allocation Failure) [PSYoungGen: 420333K->146512K(506880K)] 613281K->444732K(1905152K), 0.0572765 secs] [Times: user=0.28 sys=0.01, real=0.06 secs] 
7238.658: [GC (Allocation Failure) [PSYoungGen: 466512K->106016K(508928K)] 764732K->541719K(1907200K), 0.1024732 secs] [Times: user=0.61 sys=0.00, real=0.10 secs] 
7240.030: [GC (Allocation Failure) [PSYoungGen: 415316K->143584K(509440K)] 851019K->682492K(1907712K), 0.0538216 secs] [Times: user=0.32 sys=0.00, real=0.06 secs] 
7242.777: [GC (Allocation Failure) [PSYoungGen: 466656K->103328K(509440K)] 1005564K->777536K(1907712K), 0.0968156 secs] [Times: user=0.57 sys=0.00, real=0.10 secs] 
7244.554: [GC (Allocation Failure) [PSYoungGen: 417014K->148288K(510464K)] 1091222K->921357K(1908736K), 0.0507359 secs] [Times: user=0.30 sys=0.00, real=0.05 secs] 
7245.792: [GC (Allocation Failure) [PSYoungGen: 473408K->108544K(509952K)] 1246477K->1020885K(1908224K), 0.0687576 secs] [Times: user=0.40 sys=0.00, real=0.07 secs] 
7249.133: [GC (Allocation Failure) [PSYoungGen: 425988K->142800K(510464K)] 1338329K->1159738K(1908736K), 0.0516776 secs] [Times: user=0.30 sys=0.00, real=0.06 secs] 
7251.665: [GC (Allocation Failure) [PSYoungGen: 468432K->109424K(508928K)] 1485370K->1260386K(1907200K), 0.1642287 secs] [Times: user=0.98 sys=0.00, real=0.16 secs] 
7252.870: [GC (Allocation Failure) [PSYoungGen: 437616K->154080K(510976K)] 1588578K->1410690K(1909248K), 0.0538938 secs] [Times: user=0.32 sys=0.00, real=0.06 secs] 
7252.924: [Full GC (Ergonomics) [PSYoungGen: 154080K->0K(510976K)] [ParOldGen: 1256610K->207627K(1398272K)] 1410690K->207627K(1909248K), [Metaspace: 59752K->59752K(1105920K)], 0.5036707 secs] [Times: user=2.34 sys=0.00, real=0.50 secs] 
7255.605: [GC (Allocation Failure) [PSYoungGen: 328192K->102672K(513024K)] 535819K->310299K(1911296K), 0.1707665 secs] [Times: user=1.01 sys=0.00, real=0.17 secs] 
7257.035: [GC (Allocation Failure) [PSYoungGen: 427792K->154368K(479744K)] 635419K->458280K(1878016K), 0.1229876 secs] [Times: user=0.73 sys=0.00, real=0.12 secs] 
7261.429: [GC (Allocation Failure) [PSYoungGen: 479488K->96800K(508928K)] 783400K->554400K(1907200K), 0.1584320 secs] [Times: user=0.95 sys=0.00, real=0.16 secs] 
7262.611: [GC (Allocation Failure) [PSYoungGen: 414752K->150880K(468992K)] 872352K->699257K(1867264K), 0.1239438 secs] [Times: user=0.74 sys=0.00, real=0.13 secs] 
7266.347: [GC (Allocation Failure) [PSYoungGen: 468832K->93520K(506880K)] 1017209K->792182K(1905152K), 0.1721531 secs] [Times: user=1.03 sys=0.00, real=0.17 secs] 
7266.766: [GC (Allocation Failure) [PSYoungGen: 407376K->151600K(465920K)] 1106038K->937487K(1864192K), 0.0554576 secs] [Times: user=0.33 sys=0.00, real=0.05 secs] 
7270.168: [GC (Allocation Failure) [PSYoungGen: 465456K->91984K(504320K)] 1251343K->1028631K(1902592K), 0.1615426 secs] [Times: user=0.96 sys=0.00, real=0.16 secs] 
7271.222: [GC (Allocation Failure) [PSYoungGen: 400720K->149472K(458240K)] 1337367K->1171883K(1856512K), 0.0850066 secs] [Times: user=0.51 sys=0.01, real=0.09 secs] 
7275.000: [GC (Allocation Failure) [PSYoungGen: 458208K->89392K(502272K)] 1480619K->1261332K(1900544K), 0.1767307 secs] [Times: user=1.05 sys=0.01, real=0.18 secs] 
7275.832: [GC (Allocation Failure) [PSYoungGen: 394544K->146784K(452096K)] 1566484K->1402552K(1850368K), 0.0639253 secs] [Times: user=0.38 sys=0.00, real=0.07 secs] 
7275.896: [Full GC (Ergonomics) [PSYoungGen: 146784K->0K(452096K)] [ParOldGen: 1255768K->209812K(1398272K)] 1402552K->209812K(1850368K), [Metaspace: 59752K->59752K(1105920K)], 0.5025467 secs] [Times: user=2.32 sys=0.00, real=0.50 secs] 
7279.086: [GC (Allocation Failure) [PSYoungGen: 305152K->89072K(502272K)] 514964K->298885K(1900544K), 0.1527120 secs] [Times: user=0.90 sys=0.00, real=0.15 secs] 
7280.315: [GC (Allocation Failure) [PSYoungGen: 386222K->139616K(443904K)] 596035K->434390K(1842176K), 0.0487407 secs] [Times: user=0.29 sys=0.00, real=0.05 secs] 
7281.485: [GC (Allocation Failure) [PSYoungGen: 443744K->103152K(504320K)] 738518K->528263K(1902592K), 0.0629304 secs] [Times: user=0.38 sys=0.01, real=0.06 secs] 
7282.430: [GC (Allocation Failure) [PSYoungGen: 411376K->141168K(500224K)] 836487K->665638K(1898496K), 0.0503384 secs] [Times: user=0.29 sys=0.01, real=0.05 secs] 
7283.893: [GC (Allocation Failure) [PSYoungGen: 449392K->103776K(503296K)] 973862K->759849K(1901568K), 0.0863979 secs] [Times: user=0.51 sys=0.00, real=0.09 secs] 
7285.590: [GC (Allocation Failure) [PSYoungGen: 418144K->147264K(503296K)] 1074217K->903882K(1901568K), 0.0827645 secs] [Times: user=0.49 sys=0.00, real=0.08 secs] 
7287.229: [GC (Allocation Failure) [PSYoungGen: 461632K->106176K(504832K)] 1218250K->1001678K(1903104K), 0.0661862 secs] [Times: user=0.39 sys=0.00, real=0.07 secs] 
7289.728: [GC (Allocation Failure) [PSYoungGen: 424128K->147504K(505856K)] 1319630K->1145388K(1904128K), 0.0529768 secs] [Times: user=0.31 sys=0.00, real=0.05 secs] 
7291.426: [GC (Allocation Failure) [PSYoungGen: 465456K->108304K(505856K)] 1463340K->1244768K(1904128K), 0.0661177 secs] [Times: user=0.39 sys=0.00, real=0.06 secs] 
7293.137: [GC (Allocation Failure) [PSYoungGen: 428304K->146496K(506880K)] 1564768K->1387492K(1905152K), 0.0539178 secs] [Times: user=0.32 sys=0.01, real=0.05 secs] 
7293.191: [Full GC (Ergonomics) [PSYoungGen: 146496K->0K(506880K)] [ParOldGen: 1240996K->194926K(1398272K)] 1387492K->194926K(1905152K), [Metaspace: 59752K->59752K(1105920K)], 0.4785050 secs] [Times: user=2.23 sys=0.00, real=0.48 secs] 
7295.736: [GC (Allocation Failure) [PSYoungGen: 320000K->106016K(508416K)] 514926K->300942K(1906688K), 0.0676686 secs] [Times: user=0.39 sys=0.01, real=0.06 secs] 
7296.916: [GC (Allocation Failure) [PSYoungGen: 422268K->145984K(508928K)] 617194K->442867K(1907200K), 0.0514144 secs] [Times: user=0.30 sys=0.00, real=0.05 secs] 
7299.304: [GC (Allocation Failure) [PSYoungGen: 468544K->108032K(508416K)] 765427K->541835K(1906688K), 0.0652685 secs] [Times: user=0.38 sys=0.00, real=0.06 secs] 
7299.867: [GC (Allocation Failure) [PSYoungGen: 416311K->143280K(509440K)] 850115K->681521K(1907712K), 0.0576071 secs] [Times: user=0.34 sys=0.00, real=0.06 secs] 
7301.121: [GC (GCLocker Initiated GC) [PSYoungGen: 467376K->106464K(508416K)] 1005618K->778561K(1906688K), 0.0948640 secs] [Times: user=0.56 sys=0.01, real=0.10 secs] 
7301.746: [GC (Allocation Failure) [PSYoungGen: 433632K->155408K(482816K)] 1105732K->930413K(1881088K), 0.0532503 secs] [Times: user=0.31 sys=0.00, real=0.05 secs] 
Heap
 PSYoungGen      total 482816K, used 352116K [0x00000000d5580000, 0x0000000100000000, 0x0000000100000000)
  eden space 327168