5.329: [GC (Allocation Failure) [PSYoungGen: 128000K->12477K(148992K)] 128000K->12565K(488960K), 0.0139897 secs] [Times: user=0.02 sys=0.01, real=0.02 secs] 
5.789: [GC (Metadata GC Threshold) [PSYoungGen: 48873K->6093K(148992K)] 48961K->6189K(488960K), 0.0044050 secs] [Times: user=0.02 sys=0.00, real=0.01 secs] 
5.794: [Full GC (Metadata GC Threshold) [PSYoungGen: 6093K->0K(148992K)] [ParOldGen: 96K->5935K(134144K)] 6189K->5935K(283136K), [Metaspace: 20453K->20453K(1067008K)], 0.0200216 secs] [Times: user=0.06 sys=0.01, real=0.02 secs] 
7.111: [GC (Allocation Failure) [PSYoungGen: 128000K->9788K(148992K)] 133935K->15732K(283136K), 0.0032106 secs] [Times: user=0.00 sys=0.00, real=0.01 secs] 
7.664: [GC (Metadata GC Threshold) [PSYoungGen: 37831K->4686K(148992K)] 43775K->10638K(283136K), 0.0028940 secs] [Times: user=0.01 sys=0.00, real=0.00 secs] 
7.667: [Full GC (Metadata GC Threshold) [PSYoungGen: 4686K->0K(148992K)] [ParOldGen: 5951K->8885K(220672K)] 10638K->8885K(369664K), [Metaspace: 33728K->33728K(1079296K)], 0.0262925 secs] [Times: user=0.08 sys=0.00, real=0.03 secs] 
9.116: [GC (Allocation Failure) [PSYoungGen: 128000K->12924K(148992K)] 136885K->21818K(369664K), 0.0040854 secs] [Times: user=0.02 sys=0.00, real=0.00 secs] 
10.321: [GC (Allocation Failure) [PSYoungGen: 140924K->15852K(163328K)] 149818K->59774K(384000K), 0.0148952 secs] [Times: user=0.06 sys=0.01, real=0.02 secs] 
11.171: [GC (Allocation Failure) [PSYoungGen: 163308K->37254K(185856K)] 207230K->113952K(406528K), 0.0102607 secs] [Times: user=0.06 sys=0.00, real=0.01 secs] 
11.848: [GC (Allocation Failure) [PSYoungGen: 184710K->37270K(258048K)] 261408K->179512K(478720K), 0.0133882 secs] [Times: user=0.07 sys=0.01, real=0.01 secs] 
13.675: [GC (Allocation Failure) [PSYoungGen: 249238K->7447K(262656K)] 391480K->149697K(483328K), 0.0068743 secs] [Times: user=0.03 sys=0.01, real=0.01 secs] 
15.497: [GC (Allocation Failure) [PSYoungGen: 219415K->37740K(323072K)] 361665K->179998K(543744K), 0.0160357 secs] [Times: user=0.07 sys=0.02, real=0.02 secs] 
17.606: [GC (Allocation Failure) [PSYoungGen: 310636K->21397K(326656K)] 452894K->163663K(547328K), 0.0027917 secs] [Times: user=0.01 sys=0.00, real=0.00 secs] 
18.577: [GC (Allocation Failure) [PSYoungGen: 265024K->37772K(393728K)] 407290K->245574K(614400K), 0.0120714 secs] [Times: user=0.05 sys=0.01, real=0.01 secs] 
18.589: [Full GC (Ergonomics) [PSYoungGen: 37772K->0K(393728K)] [ParOldGen: 207802K->176313K(516096K)] 245574K->176313K(909824K), [Metaspace: 53140K->53140K(1097728K)], 0.0707300 secs] [Times: user=0.30 sys=0.01, real=0.07 secs] 
22.950: [GC (Allocation Failure) [PSYoungGen: 343040K->34655K(396800K)] 519353K->243745K(912896K), 0.0108171 secs] [Times: user=0.06 sys=0.00, real=0.01 secs] 
26.828: [GC (Allocation Failure) [PSYoungGen: 377695K->1648K(470528K)] 586785K->210745K(986624K), 0.0037425 secs] [Times: user=0.01 sys=0.01, real=0.01 secs] 
33.538: [GC (Allocation Failure) [PSYoungGen: 427632K->9869K(481792K)] 636729K->218974K(997888K), 0.0022214 secs] [Times: user=0.01 sys=0.00, real=0.00 secs] 
36.816: [GC (Allocation Failure) [PSYoungGen: 435853K->34448K(551936K)] 644958K->243561K(1068032K), 0.0048151 secs] [Times: user=0.03 sys=0.01, real=0.00 secs] 
41.045: [GC (Allocation Failure) [PSYoungGen: 537744K->5808K(559616K)] 746857K->214929K(1075712K), 0.0020609 secs] [Times: user=0.00 sys=0.00, real=0.00 secs] 
44.382: [GC (Allocation Failure) [PSYoungGen: 509104K->34432K(606208K)] 718225K->243553K(1122304K), 0.0055448 secs] [Times: user=0.03 sys=0.00, real=0.00 secs] 
51.202: [GC (Allocation Failure) [PSYoungGen: 585344K->34445K(608256K)] 794465K->243574K(1124352K), 0.0075043 secs] [Times: user=0.04 sys=0.00, real=0.00 secs] 
58.664: [GC (Allocation Failure) [PSYoungGen: 585357K->18080K(551424K)] 794486K->227217K(1067520K), 0.0086952 secs] [Times: user=0.03 sys=0.01, real=0.01 secs] 
64.207: [GC (Allocation Failure) [PSYoungGen: 551072K->1693K(517632K)] 760209K->210838K(1033728K), 0.0015298 secs] [Times: user=0.00 sys=0.00, real=0.00 secs] 
68.323: [GC (Allocation Failure) [PSYoungGen: 517277K->34448K(534016K)] 726422K->243601K(1050112K), 0.0042693 secs] [Times: user=0.02 sys=0.01, real=0.00 secs] 
74.876: [GC (Allocation Failure) [PSYoungGen: 533648K->18093K(501760K)] 742801K->227246K(1017856K), 0.0042353 secs] [Times: user=0.02 sys=0.00, real=0.00 secs] 
79.265: [GC (Allocation Failure) [PSYoungGen: 501421K->1712K(507392K)] 710574K->210873K(1023488K), 0.0042389 secs] [Times: user=0.01 sys=0.00, real=0.00 secs] 
84.212: [GC (Allocation Failure) [PSYoungGen: 469680K->18064K(472064K)] 678841K->227233K(988160K), 0.0030279 secs] [Times: user=0.01 sys=0.00, real=0.00 secs] 
89.520: [GC (Allocation Failure) [PSYoungGen: 471696K->34480K(481792K)] 680865K->243649K(997888K), 0.0067592 secs] [Times: user=0.03 sys=0.01, real=0.01 secs] 
94.196: [GC (Allocation Failure) [PSYoungGen: 474288K->3725K(430592K)] 683457K->212894K(946688K), 0.0043284 secs] [Times: user=0.02 sys=0.00, real=0.00 secs] 
99.629: [GC (Allocation Failure) [PSYoungGen: 430221K->34304K(458752K)] 639390K->243710K(974848K), 0.0089723 secs] [Times: user=0.04 sys=0.00, real=0.01 secs] 
103.711: [GC (Allocation Failure) [PSYoungGen: 448000K->1456K(402944K)] 657406K->210918K(919040K), 0.0027796 secs] [Times: user=0.01 sys=0.00, real=0.01 secs] 
107.248: [GC (Allocation Failure) [PSYoungGen: 402864K->1469K(431616K)] 612326K->210971K(947712K), 0.0015449 secs] [Times: user=0.01 sys=0.00, real=0.00 secs] 
111.714: [GC (Allocation Failure) [PSYoungGen: 391101K->9696K(388096K)] 600603K->219230K(904192K), 0.0020480 secs] [Times: user=0.01 sys=0.00, real=0.00 secs] 
115.882: [GC (Allocation Failure) [PSYoungGen: 388064K->17872K(402944K)] 597598K->227438K(919040K), 0.0033389 secs] [Times: user=0.01 sys=0.00, real=0.00 secs] 
119.996: [GC (Allocation Failure) [PSYoungGen: 385488K->34272K(391680K)] 595054K->243846K(907776K), 0.0075017 secs] [Times: user=0.04 sys=0.00, real=0.01 secs] 
123.566: [GC (Allocation Failure) [PSYoungGen: 391648K->34240K(395776K)] 601222K->243846K(911872K), 0.0059074 secs] [Times: user=0.03 sys=0.00, real=0.01 secs] 
127.452: [GC (Allocation Failure) [PSYoungGen: 381888K->1472K(339968K)] 591494K->211126K(856064K), 0.0034594 secs] [Times: user=0.02 sys=0.00, real=0.00 secs] 
129.688: [GC (Allocation Failure) [PSYoungGen: 339904K->1440K(372736K)] 549558K->211142K(888832K), 0.0021373 secs] [Times: user=0.01 sys=0.00, real=0.00 secs] 
133.232: [GC (Allocation Failure) [PSYoungGen: 330656K->1440K(322048K)] 540358K->211166K(838144K), 0.0033642 secs] [Times: user=0.01 sys=0.00, real=0.00 secs] 
136.250: [GC (Allocation Failure) [PSYoungGen: 321952K->1456K(353792K)] 531678K->211206K(869888K), 0.0020800 secs] [Times: user=0.01 sys=0.01, real=0.01 secs] 
139.073: [GC (Allocation Failure) [PSYoungGen: 313776K->34240K(338432K)] 523526K->244022K(854528K), 0.0037690 secs] [Times: user=0.02 sys=0.00, real=0.00 secs] 
142.318: [GC (Allocation Failure) [PSYoungGen: 338368K->34208K(350208K)] 548150K->244014K(866304K), 0.0041595 secs] [Times: user=0.02 sys=0.00, real=0.01 secs] 
144.785: [GC (Allocation Failure) [PSYoungGen: 330656K->34240K(323072K)] 540462K->244078K(839168K), 0.0033833 secs] [Times: user=0.02 sys=0.00, real=0.00 secs] 
146.848: [GC (Allocation Failure) [PSYoungGen: 323008K->34240K(337920K)] 532846K->244094K(854016K), 0.0035040 secs] [Times: user=0.02 sys=0.00, real=0.00 secs] 
149.100: [GC (Allocation Failure) [PSYoungGen: 315840K->34240K(309248K)] 525694K->244110K(825344K), 0.0032999 secs] [Times: user=0.02 sys=0.00, real=0.01 secs] 
151.849: [GC (Allocation Failure) [PSYoungGen: 309184K->17856K(317440K)] 519054K->227742K(833536K), 0.0022186 secs] [Times: user=0.01 sys=0.00, real=0.00 secs] 
154.185: [GC (Allocation Failure) [PSYoungGen: 286144K->9664K(271872K)] 496030K->219558K(787968K), 0.0026312 secs] [Times: user=0.01 sys=0.00, real=0.00 secs] 
155.619: [GC (Allocation Failure) [PSYoungGen: 271808K->1408K(306688K)] 481702K->211318K(822784K), 0.0020917 secs] [Times: user=0.01 sys=0.00, real=0.00 secs] 
157.541: [GC (Allocation Failure) [PSYoungGen: 257408K->34240K(284160K)] 467318K->244158K(800256K), 0.0040992 secs] [Times: user=0.01 sys=0.00, real=0.01 secs] 
159.928: [GC (Allocation Failure) [PSYoungGen: 284096K->34240K(300032K)] 494014K->244166K(816128K), 0.0036033 secs] [Times: user=0.02 sys=0.00, real=0.01 secs] 
162.152: [GC (Allocation Failure) [PSYoungGen: 278464K->17856K(256512K)] 488390K->227790K(772608K), 0.0035466 secs] [Times: user=0.02 sys=0.00, real=0.00 secs] 
164.900: [GC (Allocation Failure) [PSYoungGen: 256448K->1405K(284672K)] 466382K->211371K(800768K), 0.0015632 secs] [Times: user=0.00 sys=0.00, real=0.00 secs] 
166.078: [GC (Allocation Failure) [PSYoungGen: 234877K->34256K(262656K)] 444843K->244238K(778752K), 0.0033746 secs] [Times: user=0.02 sys=0.00, real=0.00 secs] 
168.762: [GC (Allocation Failure) [PSYoungGen: 262608K->17856K(269824K)] 472590K->227846K(785920K), 0.0028565 secs] [Times: user=0.01 sys=0.00, real=0.00 secs] 
171.757: [GC (Allocation Failure) [PSYoungGen: 241088K->3488K(222208K)] 451078K->213478K(738304K), 0.0017532 secs] [Times: user=0.00 sys=0.00, real=0.00 secs] 
173.076: [GC (Allocation Failure) [PSYoungGen: 222112K->34176K(268288K)] 432102K->244182K(784384K), 0.0039522 secs] [Times: user=0.02 sys=0.00, real=0.00 secs] 
175.407: [GC (Allocation Failure) [PSYoungGen: 248192K->17792K(227328K)] 458198K->227806K(743424K), 0.0032067 secs] [Times: user=0.02 sys=0.00, real=0.00 secs] 
176.742: [GC (GCLocker Initiated GC) [PSYoungGen: 227200K->1405K(254976K)] 437214K->211419K(771072K), 0.0015909 secs] [Times: user=0.01 sys=0.00, real=0.00 secs] 
178.861: [GC (Allocation Failure) [PSYoungGen: 206717K->34208K(235520K)] 416734K->244233K(751616K), 0.0072295 secs] [Times: user=0.03 sys=0.00, real=0.01 secs] 
180.743: [GC (Allocation Failure) [PSYoungGen: 235424K->17888K(242688K)] 445449K->227929K(758784K), 0.0025516 secs] [Times: user=0.01 sys=0.00, real=0.00 secs] 
181.972: [GC (Allocation Failure) [PSYoungGen: 215008K->1456K(194560K)] 425049K->211497K(710656K), 0.0020641 secs] [Times: user=0.00 sys=0.00, real=0.00 secs] 
183.739: [GC (Allocation Failure) [PSYoungGen: 189973K->17824K(231424K)] 400015K->227881K(747520K), 0.0059164 secs] [Times: user=0.02 sys=0.00, real=0.01 secs] 
185.531: [GC (Allocation Failure) [PSYoungGen: 207264K->1405K(187392K)] 417321K->211462K(703488K), 0.0017477 secs] [Times: user=0.01 sys=0.00, real=0.01 secs] 
186.968: [GC (Allocation Failure) [PSYoungGen: 187261K->34288K(230912K)] 397318K->244345K(747008K), 0.0033498 secs] [Times: user=0.02 sys=0.00, real=0.00 secs] 
188.495: [GC (Allocation Failure) [PSYoungGen: 216560K->5568K(184320K)] 426617K->215649K(700416K), 0.0023638 secs] [Times: user=0.01 sys=0.00, real=0.00 secs] 
190.419: [GC (Allocation Failure) [PSYoungGen: 184256K->34224K(226816K)] 394337K->244329K(742912K), 0.0061758 secs] [Times: user=0.03 sys=0.01, real=0.01 secs] 
192.814: [GC (Allocation Failure) [PSYoungGen: 209840K->9632K(182272K)] 419945K->219737K(698368K), 0.0021365 secs] [Times: user=0.01 sys=0.00, real=0.00 secs] 
194.449: [GC (Allocation Failure) [PSYoungGen: 182176K->34208K(221696K)] 392281K->244313K(737792K), 0.0041419 secs] [Times: user=0.01 sys=0.00, real=0.01 secs] 
197.263: [GC (Allocation Failure) [PSYoungGen: 203680K->9712K(176128K)] 413785K->219817K(692224K), 0.0048969 secs] [Times: user=0.02 sys=0.00, real=0.00 secs] 
199.858: [GC (Allocation Failure) [PSYoungGen: 176112K->34224K(216064K)] 386217K->244329K(732160K), 0.0037231 secs] [Times: user=0.02 sys=0.00, real=0.01 secs] 
201.308: [GC (Allocation Failure) [PSYoungGen: 197552K->9696K(170496K)] 407657K->219801K(686592K), 0.0021930 secs] [Times: user=0.01 sys=0.00, real=0.00 secs] 
202.297: [GC (Allocation Failure) [PSYoungGen: 170464K->34240K(211968K)] 380569K->244361K(728064K), 0.0040823 secs] [Times: user=0.02 sys=0.00, real=0.00 secs] 
204.991: [GC (Allocation Failure) [PSYoungGen: 192448K->9696K(165376K)] 402569K->219825K(681472K), 0.0051722 secs] [Times: user=0.02 sys=0.01, real=0.01 secs] 
205.833: [GC (Allocation Failure) [PSYoungGen: 165344K->34176K(207360K)] 375473K->244353K(723456K), 0.0044621 secs] [Times: user=0.02 sys=0.00, real=0.00 secs] 
207.655: [GC (Allocation Failure) [PSYoungGen: 187264K->5536K(156160K)] 397441K->215729K(672256K), 0.0045744 secs] [Times: user=0.02 sys=0.00, real=0.00 secs] 
208.914: [GC (Allocation Failure) [PSYoungGen: 156064K->34176K(203264K)] 366257K->244369K(719360K), 0.0059867 secs] [Times: user=0.03 sys=0.00, real=0.00 secs] 
210.824: [GC (Allocation Failure) [PSYoungGen: 182144K->1341K(146944K)] 392337K->211550K(663040K), 0.0015977 secs] [Times: user=0.00 sys=0.00, real=0.00 secs] 
212.333: [GC (Allocation Failure) [PSYoungGen: 131023K->17808K(190976K)] 341233K->228017K(707072K), 0.0057962 secs] [Times: user=0.02 sys=0.00, real=0.00 secs] 
214.051: [GC (Allocation Failure) [PSYoungGen: 161168K->1408K(142848K)] 371377K->211617K(658944K), 0.0045909 secs] [Times: user=0.01 sys=0.00, real=0.01 secs] 
215.546: [GC (Allocation Failure) [PSYoungGen: 142720K->17856K(183808K)] 352929K->228073K(699904K), 0.0024420 secs] [Times: user=0.01 sys=0.00, real=0.00 secs] 
216.571: [GC (Allocation Failure) [PSYoungGen: 157120K->34208K(186880K)] 367337K->244425K(702976K), 0.0039326 secs] [Times: user=0.02 sys=0.00, real=0.01 secs] 
217.999: [GC (Allocation Failure) [PSYoungGen: 171424K->5552K(183808K)] 381641K->215769K(699904K), 0.0018787 secs] [Times: user=0.01 sys=0.00, real=0.00 secs] 
218.919: [GC (Allocation Failure) [PSYoungGen: 140720K->34160K(184832K)] 350937K->244377K(700928K), 0.0038726 secs] [Times: user=0.02 sys=0.00, real=0.01 secs] 
220.571: [GC (Allocation Failure) [PSYoungGen: 167280K->1408K(182272K)] 377497K->211625K(698368K), 0.0024910 secs] [Times: user=0.01 sys=0.00, real=0.01 secs] 
222.931: [GC (Allocation Failure) [PSYoungGen: 132480K->17792K(146944K)] 342697K->228017K(663040K), 0.0028220 secs] [Times: user=0.02 sys=0.00, real=0.01 secs] 
223.400: [GC (Allocation Failure) [PSYoungGen: 146816K->34176K(176128K)] 357041K->244417K(692224K), 0.0032499 secs] [Times: user=0.01 sys=0.00, real=0.01 secs] 
224.361: [GC (Allocation Failure) [PSYoungGen: 160128K->5536K(130048K)] 370369K->215785K(646144K), 0.0019812 secs] [Times: user=0.01 sys=0.00, real=0.01 secs] 
224.758: [GC (Allocation Failure) [PSYoungGen: 129952K->34176K(174080K)] 340201K->244433K(690176K), 0.0028579 secs] [Times: user=0.02 sys=0.00, real=0.00 secs] 
225.314: [GC (Allocation Failure) [PSYoungGen: 156032K->1392K(121856K)] 366289K->211649K(637952K), 0.0018500 secs] [Times: user=0.00 sys=0.00, real=0.00 secs] 
226.825: [GC (Allocation Failure) [PSYoungGen: 121712K->9664K(167424K)] 331969K->219921K(683520K), 0.0026323 secs] [Times: user=0.01 sys=0.00, real=0.00 secs] 
227.694: [GC (Allocation Failure) [PSYoungGen: 128448K->34192K(169472K)] 338705K->244457K(685568K), 0.0063277 secs] [Times: user=0.03 sys=0.00, real=0.00 secs] 
229.074: [GC (Allocation Failure) [PSYoungGen: 151440K->1440K(167936K)] 361705K->211705K(684032K), 0.0029241 secs] [Times: user=0.01 sys=0.00, real=0.00 secs] 
230.770: [GC (Allocation Failure) [PSYoungGen: 117152K->17824K(132096K)] 327417K->228089K(648192K), 0.0026522 secs] [Times: user=0.01 sys=0.00, real=0.01 secs] 
231.828: [GC (Allocation Failure) [PSYoungGen: 132000K->34176K(162816K)] 342265K->244441K(678912K), 0.0041196 secs] [Times: user=0.02 sys=0.00, real=0.01 secs] 
232.720: [GC (Allocation Failure) [PSYoungGen: 145792K->1376K(111616K)] 356057K->211641K(627712K), 0.0021469 secs] [Times: user=0.01 sys=0.00, real=0.01 secs] 
233.700: [GC (Allocation Failure) [PSYoungGen: 111456K->17824K(154112K)] 321721K->228097K(670208K), 0.0024309 secs] [Times: user=0.01 sys=0.00, real=0.01 secs] 
234.084: [GC (Allocation Failure) [PSYoungGen: 126368K->34192K(157184K)] 336641K->244465K(673280K), 0.0032066 secs] [Times: user=0.02 sys=0.01, real=0.00 secs] 
234.529: [GC (Allocation Failure) [PSYoungGen: 141200K->1424K(157184K)] 351473K->211705K(673280K), 0.0018678 secs] [Times: user=0.01 sys=0.00, real=0.00 secs] 
235.971: [GC (Allocation Failure) [PSYoungGen: 107408K->17824K(122880K)] 317689K->228105K(638976K), 0.0029251 secs] [Times: user=0.01 sys=0.00, real=0.01 secs] 
237.514: [GC (Allocation Failure) [PSYoungGen: 122784K->34208K(151552K)] 333065K->244521K(667648K), 0.0082726 secs] [Times: user=0.04 sys=0.00, real=0.01 secs] 
239.144: [GC (Allocation Failure) [PSYoungGen: 136096K->1376K(102400K)] 346409K->211689K(618496K), 0.0042831 secs] [Times: user=0.01 sys=0.00, real=0.00 secs] 
243.942: [GC (Allocation Failure) [PSYoungGen: 102240K->9664K(146944K)] 312553K->219985K(663040K), 0.0054726 secs] [Times: user=0.02 sys=0.01, real=0.00 secs] 
244.453: [GC (Allocation Failure) [PSYoungGen: 109504K->34208K(148992K)] 319825K->244529K(665088K), 0.0062248 secs] [Times: user=0.03 sys=0.00, real=0.00 secs] 
245.279: [GC (Allocation Failure) [PSYoungGen: 133024K->1392K(148992K)] 343345K->211713K(665088K), 0.0025354 secs] [Times: user=0.01 sys=0.00, real=0.00 secs] 
246.673: [GC (Allocation Failure) [PSYoungGen: 99184K->5568K(102400K)] 309505K->215897K(618496K), 0.0020611 secs] [Times: user=0.01 sys=0.00, real=0.00 secs] 
247.448: [GC (Allocation Failure) [PSYoungGen: 102336K->17792K(140288K)] 312665K->228121K(656384K), 0.0036678 secs] [Times: user=0.02 sys=0.00, real=0.01 secs] 
248.418: [GC (Allocation Failure) [PSYoungGen: 113536K->34176K(142848K)] 323865K->244513K(658944K), 0.0080714 secs] [Times: user=0.04 sys=0.00, real=0.01 secs] 
249.444: [GC (Allocation Failure) [PSYoungGen: 128896K->1376K(143360K)] 339233K->211713K(659456K), 0.0043156 secs] [Times: user=0.02 sys=0.00, real=0.00 secs] 
250.434: [GC (Allocation Failure) [PSYoungGen: 95072K->17824K(110592K)] 305409K->228169K(626688K), 0.0025335 secs] [Times: user=0.01 sys=0.00, real=0.00 secs] 
250.767: [GC (Allocation Failure) [PSYoungGen: 110496K->34208K(138240K)] 320841K->244553K(654336K), 0.0030256 secs] [Times: user=0.01 sys=0.00, real=0.00 secs] 
251.146: [GC (Allocation Failure) [PSYoungGen: 123808K->1376K(90112K)] 334153K->211737K(606208K), 0.0018405 secs] [Times: user=0.01 sys=0.00, real=0.00 secs] 
252.617: [GC (Allocation Failure) [PSYoungGen: 89952K->2464K(135680K)] 300313K->212825K(651776K), 0.0048726 secs] [Times: user=0.01 sys=0.00, real=0.01 secs] 
253.420: [GC (Allocation Failure) [PSYoungGen: 90016K->17792K(104448K)] 300377K->228153K(620544K), 0.0064678 secs] [Times: user=0.03 sys=0.00, real=0.01 secs] 
253.813: [GC (Allocation Failure) [PSYoungGen: 104320K->34176K(130048K)] 314681K->244545K(646144K), 0.0050708 secs] [Times: user=0.02 sys=0.00, real=0.00 secs] 
254.171: [GC (Allocation Failure) [PSYoungGen: 116608K->1408K(83456K)] 326977K->211777K(599552K), 0.0020282 secs] [Times: user=0.01 sys=0.00, real=0.01 secs] 
255.235: [GC (Allocation Failure) [PSYoungGen: 83328K->5568K(128512K)] 293697K->215953K(644608K), 0.0023123 secs] [Times: user=0.01 sys=0.00, real=0.00 secs] 
256.163: [GC (Allocation Failure) [PSYoungGen: 86976K->17824K(98816K)] 297361K->228225K(614912K), 0.0062376 secs] [Times: user=0.02 sys=0.00, real=0.00 secs] 
256.827: [GC (Allocation Failure) [PSYoungGen: 98720K->34208K(123392K)] 309121K->244609K(639488K), 0.0062631 secs] [Times: user=0.03 sys=0.00, real=0.01 secs] 
257.579: [GC (Allocation Failure) [PSYoungGen: 111008K->1376K(77824K)] 321409K->211785K(593920K), 0.0022563 secs] [Times: user=0.01 sys=0.00, real=0.00 secs] 
259.237: [GC (Allocation Failure) [PSYoungGen: 77664K->2432K(122368K)] 288073K->212857K(638464K), 0.0043414 secs] [Times: user=0.02 sys=0.00, real=0.00 secs] 
259.822: [GC (Allocation Failure) [PSYoungGen: 78208K->17792K(93184K)] 288633K->228233K(609280K), 0.0042945 secs] [Times: user=0.02 sys=0.00, real=0.00 secs] 
260.188: [GC (Allocation Failure) [PSYoungGen: 93056K->34208K(117760K)] 303497K->244649K(633856K), 0.0036644 secs] [Times: user=0.02 sys=0.00, real=0.01 secs] 
260.573: [GC (Allocation Failure) [PSYoungGen: 105376K->34176K(121344K)] 315817K->244633K(637440K), 0.0036395 secs] [Times: user=0.02 sys=0.00, real=0.00 secs] 
260.874: [GC (Allocation Failure) [PSYoungGen: 104832K->1376K(121856K)] 315289K->211841K(637952K), 0.0019490 secs] [Times: user=0.01 sys=0.00, real=0.00 secs] 
261.653: [GC (Allocation Failure) [PSYoungGen: 71520K->9664K(79360K)] 281985K->220129K(595456K), 0.0019079 secs] [Times: user=0.01 sys=0.00, real=0.00 secs] 
261.909: [GC (Allocation Failure) [PSYoungGen: 79296K->17824K(114176K)] 289761K->228289K(630272K), 0.0025144 secs] [Times: user=0.01 sys=0.00, real=0.00 secs] 
262.166: [GC (Allocation Failure) [PSYoungGen: 86944K->34208K(116736K)] 297409K->244673K(632832K), 0.0031449 secs] [Times: user=0.01 sys=0.00, real=0.00 secs] 
262.452: [GC (Allocation Failure) [PSYoungGen: 102816K->34176K(117760K)] 313281K->244641K(633856K), 0.0031684 secs] [Times: user=0.01 sys=0.00, real=0.00 secs] 
263.562: [GC (Allocation Failure) [PSYoungGen: 100224K->1373K(67072K)] 310689K->211838K(583168K), 0.0016026 secs] [Times: user=0.01 sys=0.00, real=0.00 secs] 
264.179: [GC (Allocation Failure) [PSYoungGen: 66909K->9616K(114176K)] 277374K->220081K(630272K), 0.0019799 secs] [Times: user=0.00 sys=0.00, real=0.00 secs] 
264.605: [GC (Allocation Failure) [PSYoungGen: 74640K->17792K(82432K)] 285105K->228265K(598528K), 0.0037875 secs] [Times: user=0.01 sys=0.00, real=0.00 secs] 
264.989: [GC (Allocation Failure) [PSYoungGen: 82304K->34176K(110080K)] 292777K->244649K(626176K), 0.0064830 secs] [Times: user=0.03 sys=0.00, real=0.01 secs] 
265.507: [GC (Allocation Failure) [PSYoungGen: 95616K->34176K(113152K)] 306089K->244649K(629248K), 0.0046630 secs] [Times: user=0.03 sys=0.00, real=0.01 secs] 
266.019: [GC (Allocation Failure) [PSYoungGen: 95616K->1376K(108032K)] 306089K->211873K(624128K), 0.0025970 secs] [Times: user=0.01 sys=0.00, real=0.01 secs] 
266.833: [GC (Allocation Failure) [PSYoungGen: 59472K->5488K(66048K)] 269970K->215985K(582144K), 0.0035820 secs] [Times: user=0.02 sys=0.00, real=0.00 secs] 
267.173: [GC (Allocation Failure) [PSYoungGen: 65904K->17760K(105984K)] 276401K->228257K(622080K), 0.0026298 secs] [Times: user=0.01 sys=0.00, real=0.00 secs] 
267.488: [GC (Allocation Failure) [PSYoungGen: 77664K->34208K(109056K)] 288161K->244705K(625152K), 0.0033666 secs] [Times: user=0.02 sys=0.00, real=0.00 secs] 
267.911: [GC (Allocation Failure) [PSYoungGen: 93600K->34176K(110080K)] 304097K->244673K(626176K), 0.0054505 secs] [Times: user=0.02 sys=0.00, real=0.01 secs] 
268.394: [GC (Allocation Failure) [PSYoungGen: 91520K->1376K(112128K)] 302017K->211889K(628224K), 0.0024974 secs] [Times: user=0.01 sys=0.00, real=0.00 secs] 
269.231: [GC (Allocation Failure) [PSYoungGen: 58720K->1373K(110080K)] 269233K->211886K(626176K), 0.0015028 secs] [Times: user=0.00 sys=0.00, real=0.01 secs] 
270.348: [GC (Allocation Failure) [PSYoungGen: 58717K->9696K(67072K)] 269230K->220209K(583168K), 0.0034905 secs] [Times: user=0.01 sys=0.00, real=0.00 secs] 
270.984: [GC (Allocation Failure) [PSYoungGen: 67040K->17760K(102912K)] 277553K->228273K(619008K), 0.0036822 secs] [Times: user=0.02 sys=0.00, real=0.00 secs] 
271.554: [GC (Allocation Failure) [PSYoungGen: 75104K->34176K(105984K)] 285617K->244689K(622080K), 0.0057739 secs] [Times: user=0.03 sys=0.00, real=0.00 secs] 
272.173: [GC (Allocation Failure) [PSYoungGen: 91520K->34208K(107008K)] 302033K->244721K(623104K), 0.0080242 secs] [Times: user=0.04 sys=0.00, real=0.00 secs] 
272.620: [GC (Allocation Failure) [PSYoungGen: 88992K->1344K(56320K)] 299505K->211857K(572416K), 0.0029563 secs] [Times: user=0.01 sys=0.00, real=0.01 secs] 
273.457: [GC (Allocation Failure) [PSYoungGen: 56128K->1920K(107008K)] 266641K->212441K(623104K), 0.0018591 secs] [Times: user=0.01 sys=0.00, real=0.00 secs] 
274.073: [GC (Allocation Failure) [PSYoungGen: 56704K->9648K(64512K)] 267225K->220169K(580608K), 0.0045233 secs] [Times: user=0.02 sys=0.00, real=0.00 secs] 
274.710: [GC (Allocation Failure) [PSYoungGen: 64432K->17824K(100352K)] 274953K->228345K(616448K), 0.0062305 secs] [Times: user=0.03 sys=0.00, real=0.01 secs] 
275.050: [GC (Allocation Failure) [PSYoungGen: 72608K->34144K(102912K)] 283129K->244665K(619008K), 0.0049381 secs] [Times: user=0.03 sys=0.00, real=0.01 secs] 
275.521: [GC (Allocation Failure) [PSYoungGen: 88928K->34176K(110080K)] 299449K->244705K(626176K), 0.0043061 secs] [Times: user=0.02 sys=0.00, real=0.01 secs] 
275.946: [GC (Allocation Failure) [PSYoungGen: 92544K->1408K(59392K)] 303073K->211937K(575488K), 0.0021201 secs] [Times: user=0.01 sys=0.00, real=0.00 secs] 
276.828: [GC (Allocation Failure) [PSYoungGen: 59264K->3520K(109568K)] 269793K->214049K(625664K), 0.0018399 secs] [Times: user=0.00 sys=0.00, real=0.00 secs] 
277.318: [GC (Allocation Failure) [PSYoungGen: 55927K->9568K(67584K)] 266457K->220097K(583680K), 0.0019833 secs] [Times: user=0.00 sys=0.00, real=0.00 secs] 
277.787: [GC (Allocation Failure) [PSYoungGen: 67424K->17792K(102912K)] 277953K->228321K(619008K), 0.0023724 secs] [Times: user=0.01 sys=0.00, real=0.00 secs] 
278.180: [GC (Allocation Failure) [PSYoungGen: 75648K->34208K(105472K)] 286177K->244761K(621568K), 0.0036050 secs] [Times: user=0.02 sys=0.00, real=0.01 secs] 
278.499: [GC (Allocation Failure) [PSYoungGen: 92064K->34208K(105984K)] 302617K->244761K(622080K), 0.0038504 secs] [Times: user=0.02 sys=0.00, real=0.01 secs] 
278.729: [GC (Allocation Failure) [PSYoungGen: 88992K->1408K(56320K)] 299545K->211961K(572416K), 0.0019258 secs] [Times: user=0.01 sys=0.00, real=0.00 secs] 
280.878: [GC (Allocation Failure) [PSYoungGen: 56192K->2416K(106496K)] 266745K->212977K(622592K), 0.0044868 secs] [Times: user=0.02 sys=0.00, real=0.01 secs] 
282.029: [GC (Allocation Failure) [PSYoungGen: 50138K->9584K(64512K)] 260700K->220145K(580608K), 0.0037375 secs] [Times: user=0.02 sys=0.00, real=0.01 secs] 
282.479: [GC (Allocation Failure) [PSYoungGen: 64368K->17824K(99840K)] 274929K->228385K(615936K), 0.0040523 secs] [Times: user=0.02 sys=0.00, real=0.01 secs] 
282.809: [GC (Allocation Failure) [PSYoungGen: 72608K->34176K(102400K)] 283169K->244745K(618496K), 0.0059513 secs] [Times: user=0.03 sys=0.00, real=0.01 secs] 
283.266: [GC (Allocation Failure) [PSYoungGen: 88960K->34144K(109056K)] 299529K->244713K(625152K), 0.0047049 secs] [Times: user=0.02 sys=0.00, real=0.00 secs] 
283.790: [GC (Allocation Failure) [PSYoungGen: 92000K->1376K(59392K)] 302569K->211945K(575488K), 0.0023288 secs] [Times: user=0.01 sys=0.00, real=0.01 secs] 
284.845: [GC (Allocation Failure) [PSYoungGen: 59232K->3456K(108544K)] 269801K->214033K(624640K), 0.0020429 secs] [Times: user=0.00 sys=0.00, real=0.00 secs] 
285.544: [GC (Allocation Failure) [PSYoungGen: 53506K->9648K(67584K)] 264084K->220225K(583680K), 0.0037259 secs] [Times: user=0.01 sys=0.01, real=0.00 secs] 
286.406: [GC (Allocation Failure) [PSYoungGen: 67504K->17792K(102400K)] 278081K->228369K(618496K), 0.0044411 secs] [Times: user=0.02 sys=0.00, real=0.00 secs] 
287.090: [GC (Allocation Failure) [PSYoungGen: 75648K->34144K(104960K)] 286225K->244721K(621056K), 0.0071785 secs] [Times: user=0.03 sys=0.00, real=0.01 secs] 
287.603: [GC (Allocation Failure) [PSYoungGen: 92000K->34144K(106496K)] 302577K->244721K(622592K), 0.0056842 secs] [Times: user=0.02 sys=0.00, real=0.00 secs] 
287.962: [GC (Allocation Failure) [PSYoungGen: 89440K->1392K(56832K)] 300017K->211969K(572928K), 0.0019200 secs] [Times: user=0.00 sys=0.00, real=0.00 secs] 
288.932: [GC (Allocation Failure) [PSYoungGen: 56488K->3424K(106496K)] 267066K->214001K(622592K), 0.0026402 secs] [Times: user=0.01 sys=0.00, real=0.00 secs] 
289.464: [GC (Allocation Failure) [PSYoungGen: 51225K->9600K(65024K)] 261802K->220177K(581120K), 0.0026129 secs] [Times: user=0.01 sys=0.00, real=0.00 secs] 
290.033: [GC (Allocation Failure) [PSYoungGen: 64896K->17792K(99840K)] 275473K->228385K(615936K), 0.0038800 secs] [Times: user=0.01 sys=0.00, real=0.00 secs] 
290.575: [GC (Allocation Failure) [PSYoungGen: 73088K->34176K(102400K)] 283681K->244785K(618496K), 0.0059248 secs] [Times: user=0.03 sys=0.00, real=0.00 secs] 
291.327: [GC (Allocation Failure) [PSYoungGen: 89472K->34176K(103936K)] 300081K->244785K(620032K), 0.0052955 secs] [Times: user=0.03 sys=0.00, real=0.01 secs] 
292.092: [GC (Allocation Failure) [PSYoungGen: 86912K->1408K(54272K)] 297521K->212017K(570368K), 0.0059953 secs] [Times: user=0.03 sys=0.01, real=0.00 secs] 
293.344: [GC (Allocation Failure) [PSYoungGen: 54144K->1680K(103936K)] 264753K->212289K(620032K), 0.0015850 secs] [Times: user=0.01 sys=0.00, real=0.00 secs] 
293.816: [GC (Allocation Failure) [PSYoungGen: 54416K->9616K(62464K)] 265025K->220225K(578560K), 0.0023246 secs] [Times: user=0.01 sys=0.00, real=0.00 secs] 
294.326: [GC (Allocation Failure) [PSYoungGen: 62352K->17792K(98304K)] 272961K->228401K(614400K), 0.0038863 secs] [Times: user=0.02 sys=0.00, real=0.00 secs] 
294.796: [GC (Allocation Failure) [PSYoungGen: 70528K->34144K(100352K)] 281137K->244761K(616448K), 0.0054813 secs] [Times: user=0.03 sys=0.00, real=0.00 secs] 
295.377: [GC (Allocation Failure) [PSYoungGen: 86880K->34176K(100864K)] 297497K->244793K(616960K), 0.0057825 secs] [Times: user=0.03 sys=0.00, real=0.01 secs] 
295.831: [GC (Allocation Failure) [PSYoungGen: 83840K->1424K(51200K)] 294457K->212041K(567296K), 0.0029065 secs] [Times: user=0.01 sys=0.00, real=0.01 secs] 
296.360: [GC (Allocation Failure) [PSYoungGen: 51088K->1341K(101376K)] 261705K->211958K(617472K), 0.0018434 secs] [Times: user=0.01 sys=0.00, real=0.01 secs] 
297.337: [GC (Allocation Failure) [PSYoungGen: 48710K->5568K(55296K)] 259328K->216185K(571392K), 0.0020731 secs] [Times: user=0.01 sys=0.00, real=0.00 secs] 
297.782: [GC (Allocation Failure) [PSYoungGen: 55232K->17824K(95232K)] 265849K->228441K(611328K), 0.0027035 secs] [Times: user=0.01 sys=0.00, real=0.00 secs] 
298.131: [GC (Allocation Failure) [PSYoungGen: 62293K->17792K(67584K)] 272911K->228425K(583680K), 0.0033307 secs] [Times: user=0.02 sys=0.00, real=0.01 secs] 
298.281: [GC (Allocation Failure) [PSYoungGen: 67456K->34176K(91648K)] 278089K->244809K(607744K), 0.0047912 secs] [Times: user=0.02 sys=0.00, real=0.01 secs] 
298.519: [GC (Allocation Failure) [PSYoungGen: 79744K->34176K(95744K)] 290377K->244825K(611840K), 0.0034413 secs] [Times: user=0.01 sys=0.00, real=0.01 secs] 
298.760: [GC (Allocation Failure) [PSYoungGen: 79744K->1376K(102912K)] 290393K->212025K(619008K), 0.0019129 secs] [Times: user=0.01 sys=0.00, real=0.01 secs] 
299.535: [GC (Allocation Failure) [PSYoungGen: 52576K->1405K(103936K)] 263225K->212062K(620032K), 0.0013978 secs] [Times: user=0.01 sys=0.00, real=0.00 secs] 
300.137: [GC (Allocation Failure) [PSYoungGen: 52605K->9600K(92160K)] 263262K->220257K(608256K), 0.0020067 secs] [Times: user=0.01 sys=0.00, real=0.00 secs] 
300.373: [GC (Allocation Failure) [PSYoungGen: 60800K->17792K(69120K)] 271457K->228449K(585216K), 0.0021593 secs] [Times: user=0.01 sys=0.00, real=0.00 secs] 
300.529: [GC (Allocation Failure) [PSYoungGen: 53589K->17792K(99840K)] 264247K->228449K(615936K), 0.0023550 secs] [Times: user=0.01 sys=0.00, real=0.00 secs] 
300.801: [GC (Allocation Failure) [PSYoungGen: 71040K->34176K(97792K)] 281697K->244849K(613888K), 0.0032392 secs] [Times: user=0.01 sys=0.00, real=0.01 secs] 
301.201: [GC (Allocation Failure) [PSYoungGen: 87424K->34240K(104960K)] 298097K->244913K(621056K), 0.0059905 secs] [Times: user=0.03 sys=0.00, real=0.01 secs] 
301.654: [GC (Allocation Failure) [PSYoungGen: 90560K->1360K(108032K)] 301233K->212033K(624128K), 0.0023835 secs] [Times: user=0.01 sys=0.00, real=0.00 secs] 
302.738: [GC (Allocation Failure) [PSYoungGen: 57680K->2432K(99328K)] 268353K->213129K(615424K), 0.0029121 secs] [Times: user=0.01 sys=0.00, real=0.00 secs] 
303.114: [GC (Allocation Failure) [PSYoungGen: 51283K->9600K(66048K)] 261981K->220305K(582144K), 0.0033421 secs] [Times: user=0.01 sys=0.00, real=0.00 secs] 
303.639: [GC (Allocation Failure) [PSYoungGen: 65920K->17792K(100352K)] 276625K->228497K(616448K), 0.0031814 secs] [Times: user=0.02 sys=0.00, real=0.01 secs] 
304.131: [GC (Allocation Failure) [PSYoungGen: 74112K->34160K(102400K)] 284817K->244865K(618496K), 0.0058755 secs] [Times: user=0.03 sys=0.01, real=0.01 secs] 
304.810: [GC (Allocation Failure) [PSYoungGen: 90480K->34208K(109056K)] 301185K->244913K(625152K), 0.0059749 secs] [Times: user=0.03 sys=0.01, real=0.01 secs] 
305.672: [GC (Allocation Failure) [PSYoungGen: 93600K->1376K(60416K)] 304305K->212081K(576512K), 0.0033204 secs] [Times: user=0.02 sys=0.00, real=0.00 secs] 
307.031: [GC (Allocation Failure) [PSYoungGen: 60256K->5536K(107520K)] 270961K->216241K(623616K), 0.0042052 secs] [Times: user=0.02 sys=0.00, real=0.01 secs] 
307.513: [GC (Allocation Failure) [PSYoungGen: 63904K->17760K(75776K)] 274609K->228465K(591872K), 0.0045689 secs] [Times: user=0.02 sys=0.00, real=0.00 secs] 
307.957: [GC (Allocation Failure) [PSYoungGen: 65157K->17760K(100864K)] 275863K->228465K(616960K), 0.0031007 secs] [Times: user=0.02 sys=0.00, real=0.00 secs] 
308.278: [GC (Allocation Failure) [PSYoungGen: 75616K->34160K(103424K)] 286321K->244865K(619520K), 0.0064833 secs] [Times: user=0.02 sys=0.00, real=0.01 secs] 
308.697: [GC (Allocation Failure) [PSYoungGen: 92016K->34208K(110592K)] 302721K->244929K(626688K), 0.0041760 secs] [Times: user=0.02 sys=0.00, real=0.00 secs] 
309.154: [GC (Allocation Failure) [PSYoungGen: 95648K->1360K(113664K)] 306369K->212081K(629760K), 0.0031930 secs] [Times: user=0.01 sys=0.00, real=0.00 secs] 
311.035: [GC (Allocation Failure) [PSYoungGen: 61699K->5536K(102912K)] 272421K->216257K(619008K), 0.0043866 secs] [Times: user=0.02 sys=0.00, real=0.00 secs] 
311.430: [GC (Allocation Failure) [PSYoungGen: 66464K->17760K(78336K)] 277185K->228497K(594432K), 0.0031937 secs] [Times: user=0.02 sys=0.00, real=0.01 secs] 
311.795: [GC (Allocation Failure) [PSYoungGen: 78176K->34176K(104448K)] 288913K->244913K(620544K), 0.0045231 secs] [Times: user=0.02 sys=0.00, real=0.00 secs] 
312.235: [GC (Allocation Failure) [PSYoungGen: 91008K->34144K(108032K)] 301745K->244881K(624128K), 0.0060152 secs] [Times: user=0.03 sys=0.00, real=0.00 secs] 
312.658: [GC (Allocation Failure) [PSYoungGen: 90976K->1408K(117248K)] 301713K->212169K(633344K), 0.0037488 secs] [Times: user=0.01 sys=0.00, real=0.01 secs] 
313.626: [GC (Allocation Failure) [PSYoungGen: 64896K->1440K(64512K)] 275657K->212311K(580608K), 0.0015429 secs] [Times: user=0.00 sys=0.00, real=0.00 secs] 
313.862: [GC (Allocation Failure) [PSYoungGen: 64416K->9600K(110592K)] 275287K->220479K(626688K), 0.0020574 secs] [Times: user=0.01 sys=0.00, real=0.00 secs] 
314.089: [GC (Allocation Failure) [PSYoungGen: 72064K->17744K(79872K)] 282943K->228631K(595968K), 0.0023186 secs] [Times: user=0.01 sys=0.00, real=0.00 secs] 
314.280: [GC (Allocation Failure) [PSYoungGen: 79696K->34208K(105984K)] 290583K->245095K(622080K), 0.0030320 secs] [Times: user=0.01 sys=0.00, real=0.01 secs] 
314.630: [GC (Allocation Failure) [PSYoungGen: 92576K->32896K(109568K)] 303463K->245090K(625664K), 0.0034894 secs] [Times: user=0.02 sys=0.00, real=0.01 secs] 
315.089: [GC (Allocation Failure) [PSYoungGen: 91264K->64K(116736K)] 303458K->212274K(632832K), 0.0018563 secs] [Times: user=0.01 sys=0.00, real=0.00 secs] 
316.199: [GC (Allocation Failure) [PSYoungGen: 64576K->9661K(73728K)] 276786K->221880K(589824K), 0.0040960 secs] [Times: user=0.02 sys=0.00, real=0.01 secs] 
316.974: [GC (Allocation Failure) [PSYoungGen: 73661K->17792K(108032K)] 285880K->230011K(624128K), 0.0053324 secs] [Times: user=0.02 sys=0.00, real=0.00 secs] 
317.544: [GC (Allocation Failure) [PSYoungGen: 81280K->34208K(111616K)] 293499K->246427K(627712K), 0.0076421 secs] [Times: user=0.04 sys=0.00, real=0.01 secs] 
318.122: [GC (Allocation Failure) [PSYoungGen: 97696K->34192K(119296K)] 309915K->246419K(635392K), 0.0070533 secs] [Times: user=0.03 sys=0.00, real=0.00 secs] 
318.813: [GC (Allocation Failure) [PSYoungGen: 101776K->128K(67584K)] 314003K->213691K(583680K), 0.0023303 secs] [Times: user=0.01 sys=0.00, real=0.00 secs] 
319.703: [GC (Allocation Failure) [PSYoungGen: 64298K->5568K(117248K)] 277861K->219139K(633344K), 0.0018346 secs] [Times: user=0.01 sys=0.00, real=0.00 secs] 
319.987: [GC (Allocation Failure) [PSYoungGen: 72128K->17824K(83968K)] 285699K->231395K(600064K), 0.0023574 secs] [Times: user=0.01 sys=0.00, real=0.00 secs] 
320.216: [GC (Allocation Failure) [PSYoungGen: 83872K->34224K(112640K)] 297443K->247795K(628736K), 0.0034403 secs] [Times: user=0.02 sys=0.00, real=0.00 secs] 
320.528: [GC (Allocation Failure) [PSYoungGen: 97200K->34176K(115712K)] 310771K->247771K(631808K), 0.0036245 secs] [Times: user=0.02 sys=0.00, real=0.01 secs] 
320.796: [GC (Allocation Failure) [PSYoungGen: 97152K->96K(124928K)] 310747K->215037K(641024K), 0.0017534 secs] [Times: user=0.01 sys=0.00, real=0.00 secs] 
321.627: [GC (Allocation Failure) [PSYoungGen: 70240K->5568K(75264K)] 285181K->220525K(591360K), 0.0019797 secs] [Times: user=0.01 sys=0.00, real=0.00 secs] 
322.144: [GC (Allocation Failure) [PSYoungGen: 75200K->17792K(115712K)] 290157K->232749K(631808K), 0.0023232 secs] [Times: user=0.01 sys=0.00, real=0.00 secs] 
322.714: [GC (Allocation Failure) [PSYoungGen: 86912K->34192K(118784K)] 301869K->249149K(634880K), 0.0049801 secs] [Times: user=0.03 sys=0.00, real=0.00 secs] 
323.512: [GC (Allocation Failure) [PSYoungGen: 102800K->34208K(119808K)] 317757K->249165K(635904K), 0.0041789 secs] [Times: user=0.02 sys=0.00, real=0.00 secs] 
324.282: [GC (Allocation Failure) [PSYoungGen: 100768K->1440K(67584K)] 315725K->216397K(583680K), 0.0038448 secs] [Times: user=0.01 sys=0.01, real=0.00 secs] 
325.111: [GC (Allocation Failure) [PSYoungGen: 67488K->9696K(116224K)] 282445K->224653K(632320K), 0.0018918 secs] [Times: user=0.01 sys=0.00, real=0.01 secs] 
325.537: [GC (Allocation Failure) [PSYoungGen: 75232K->17856K(82944K)] 290189K->232813K(599040K), 0.0024496 secs] [Times: user=0.01 sys=0.00, real=0.00 secs] 
325.948: [GC (Allocation Failure) [PSYoungGen: 82880K->34208K(111616K)] 297837K->249165K(627712K), 0.0035371 secs] [Times: user=0.02 sys=0.00, real=0.01 secs] 
326.470: [GC (Allocation Failure) [PSYoungGen: 96160K->34208K(114176K)] 311117K->249165K(630272K), 0.0037074 secs] [Times: user=0.02 sys=0.00, real=0.01 secs] 
327.061: [GC (Allocation Failure) [PSYoungGen: 95648K->1408K(115200K)] 310605K->216365K(631296K), 0.0022614 secs] [Times: user=0.01 sys=0.00, real=0.01 secs] 
327.929: [GC (Allocation Failure) [PSYoungGen: 62336K->5568K(66048K)] 277293K->220533K(582144K), 0.0018715 secs] [Times: user=0.01 sys=0.00, real=0.00 secs] 
328.160: [GC (Allocation Failure) [PSYoungGen: 65984K->17792K(106496K)] 280949K->232757K(622592K), 0.0024763 secs] [Times: user=0.01 sys=0.00, real=0.01 secs] 
328.342: [GC (Allocation Failure) [PSYoungGen: 77696K->34224K(110080K)] 292661K->249189K(626176K), 0.0059469 secs] [Times: user=0.02 sys=0.00, real=0.00 secs] 
328.880: [GC (Allocation Failure) [PSYoungGen: 94128K->34208K(117760K)] 309093K->249181K(633856K), 0.0035620 secs] [Times: user=0.01 sys=0.00, real=0.01 secs] 
329.401: [GC (Allocation Failure) [PSYoungGen: 99232K->1408K(120320K)] 314205K->216442K(636416K), 0.0019809 secs] [Times: user=0.00 sys=0.00, real=0.01 secs] 
330.310: [GC (Allocation Failure) [PSYoungGen: 66432K->1952K(110592K)] 281466K->216994K(626688K), 0.0018582 secs] [Times: user=0.01 sys=0.00, real=0.01 secs] 
330.516: [GC (Allocation Failure) [PSYoungGen: 66464K->17824K(118784K)] 281506K->232874K(634880K), 0.0026364 secs] [Times: user=0.01 sys=0.00, real=0.00 secs] 
330.739: [GC (Allocation Failure) [PSYoungGen: 71998K->17792K(116224K)] 287049K->232850K(632320K), 0.0024489 secs] [Times: user=0.01 sys=0.00, real=0.00 secs] 
330.970: [GC (Allocation Failure) [PSYoungGen: 89472K->34208K(119296K)] 304530K->249274K(635392K), 0.0030896 secs] [Times: user=0.01 sys=0.00, real=0.01 secs] 
331.269: [GC (Allocation Failure) [PSYoungGen: 105888K->1408K(129024K)] 320954K->216482K(645120K), 0.0019678 secs] [Times: user=0.01 sys=0.00, real=0.00 secs] 
332.356: [GC (Allocation Failure) [PSYoungGen: 79384K->3488K(82432K)] 294459K->218578K(598528K), 0.0022005 secs] [Times: user=0.01 sys=0.00, real=0.00 secs] 
333.808: [GC (Allocation Failure) [PSYoungGen: 82336K->17760K(122368K)] 297426K->232858K(638464K), 0.0041574 secs] [Times: user=0.02 sys=0.00, real=0.01 secs] 
334.505: [GC (Allocation Failure) [PSYoungGen: 96096K->34144K(124928K)] 311194K->249242K(641024K), 0.0050486 secs] [Times: user=0.03 sys=0.00, real=0.00 secs] 
335.333: [GC (Allocation Failure) [PSYoungGen: 111968K->34192K(125440K)] 327066K->249290K(641536K), 0.0060621 secs] [Times: user=0.03 sys=0.00, real=0.00 secs] 
336.327: [GC (Allocation Failure) [PSYoungGen: 108944K->1373K(75776K)] 324042K->216471K(591872K), 0.0014266 secs] [Times: user=0.01 sys=0.00, real=0.00 secs] 
336.769: [GC (Allocation Failure) [PSYoungGen: 68998K->9632K(122368K)] 284097K->224730K(638464K), 0.0019867 secs] [Times: user=0.01 sys=0.00, real=0.00 secs] 
337.188: [GC (Allocation Failure) [PSYoungGen: 73344K->17760K(91136K)] 288443K->232858K(607232K), 0.0027749 secs] [Times: user=0.01 sys=0.01, real=0.00 secs] 
337.672: [GC (Allocation Failure) [PSYoungGen: 90976K->34144K(118272K)] 306074K->249242K(634368K), 0.0032526 secs] [Times: user=0.01 sys=0.00, real=0.00 secs] 
338.031: [GC (Allocation Failure) [PSYoungGen: 104288K->1392K(71168K)] 319386K->216506K(587264K), 0.0019209 secs] [Times: user=0.01 sys=0.00, real=0.01 secs] 
338.938: [GC (Allocation Failure) [PSYoungGen: 71024K->1920K(117760K)] 286138K->217042K(633856K), 0.0018459 secs] [Times: user=0.01 sys=0.00, real=0.00 secs] 
339.529: [GC (Allocation Failure) [PSYoungGen: 71040K->17760K(86528K)] 286162K->232882K(602624K), 0.0055578 secs] [Times: user=0.02 sys=0.00, real=0.01 secs] 
340.045: [GC (Allocation Failure) [PSYoungGen: 86368K->34176K(112640K)] 301490K->249306K(628736K), 0.0055387 secs] [Times: user=0.02 sys=0.00, real=0.00 secs] 
340.775: [GC (Allocation Failure) [PSYoungGen: 99200K->34176K(115712K)] 314330K->249306K(631808K), 0.0038170 secs] [Times: user=0.02 sys=0.00, real=0.00 secs] 
341.168: [GC (Allocation Failure) [PSYoungGen: 98688K->1408K(116736K)] 313818K->216546K(632832K), 0.0020733 secs] [Times: user=0.01 sys=0.00, real=0.00 secs] 
342.606: [GC (Allocation Failure) [PSYoungGen: 64986K->2432K(66048K)] 280125K->217578K(582144K), 0.0025648 secs] [Times: user=0.01 sys=0.00, real=0.00 secs] 
343.391: [GC (Allocation Failure) [PSYoungGen: 65920K->17792K(109056K)] 281066K->232946K(625152K), 0.0045717 secs] [Times: user=0.02 sys=0.00, real=0.01 secs] 
344.125: [GC (Allocation Failure) [PSYoungGen: 71657K->17808K(80384K)] 286812K->232970K(596480K), 0.0057614 secs] [Times: user=0.03 sys=0.00, real=0.00 secs] 
344.594: [GC (Allocation Failure) [PSYoungGen: 80272K->34144K(105984K)] 295434K->249314K(622080K), 0.0057370 secs] [Times: user=0.03 sys=0.00, real=0.00 secs] 
345.061: [GC (Allocation Failure) [PSYoungGen: 93024K->34176K(109056K)] 308194K->249346K(625152K), 0.0057689 secs] [Times: user=0.03 sys=0.00, real=0.01 secs] 
345.516: [GC (Allocation Failure) [PSYoungGen: 92544K->1344K(110592K)] 307714K->216522K(626688K), 0.0025538 secs] [Times: user=0.01 sys=0.00, real=0.00 secs] 
346.533: [GC (Allocation Failure) [PSYoungGen: 58437K->5536K(63488K)] 273616K->220722K(579584K), 0.0019732 secs] [Times: user=0.01 sys=0.00, real=0.00 secs] 
346.723: [GC (Allocation Failure) [PSYoungGen: 63392K->17792K(103424K)] 278578K->232986K(619520K), 0.0025444 secs] [Times: user=0.01 sys=0.01, real=0.00 secs] 
346.896: [GC (Allocation Failure) [PSYoungGen: 75648K->34208K(106496K)] 290842K->249410K(622592K), 0.0035112 secs] [Times: user=0.01 sys=0.00, real=0.00 secs] 
347.138: [GC (Allocation Failure) [PSYoungGen: 92064K->34176K(114176K)] 307266K->249410K(630272K), 0.0034425 secs] [Times: user=0.02 sys=0.00, real=0.00 secs] 
347.450: [GC (Allocation Failure) [PSYoungGen: 96640K->1408K(116736K)] 311874K->216650K(632832K), 0.0019486 secs] [Times: user=0.01 sys=0.00, real=0.01 secs] 
348.698: [GC (Allocation Failure) [PSYoungGen: 63872K->1472K(105984K)] 279114K->216722K(622080K), 0.0018933 secs] [Times: user=0.01 sys=0.00, real=0.00 secs] 
349.884: [GC (Allocation Failure) [PSYoungGen: 63424K->9632K(71168K)] 278674K->224898K(587264K), 0.0030223 secs] [Times: user=0.01 sys=0.00, real=0.00 secs] 
351.013: [GC (Allocation Failure) [PSYoungGen: 71072K->17760K(105984K)] 286338K->233026K(622080K), 0.0055426 secs] [Times: user=0.02 sys=0.00, real=0.00 secs] 
351.858: [GC (Allocation Failure) [PSYoungGen: 78688K->34176K(108544K)] 293954K->249442K(624640K), 0.0062205 secs] [Times: user=0.03 sys=0.00, real=0.01 secs] 
352.426: [GC (Allocation Failure) [PSYoungGen: 94592K->34208K(109568K)] 309858K->249474K(625664K), 0.0062984 secs] [Times: user=0.03 sys=0.00, real=0.01 secs] 
352.936: [GC (Allocation Failure) [PSYoungGen: 92064K->1440K(59392K)] 307330K->216722K(575488K), 0.0021059 secs] [Times: user=0.00 sys=0.00, real=0.00 secs] 
353.954: [GC (Allocation Failure) [PSYoungGen: 59296K->5536K(108544K)] 274578K->220818K(624640K), 0.0021223 secs] [Times: user=0.00 sys=0.00, real=0.00 secs] 
354.525: [GC (Allocation Failure) [PSYoungGen: 63392K->17792K(75776K)] 278674K->233082K(591872K), 0.0029623 secs] [Times: user=0.01 sys=0.00, real=0.00 secs] 
355.010: [GC (Allocation Failure) [PSYoungGen: 75648K->34144K(103424K)] 290938K->249434K(619520K), 0.0049851 secs] [Times: user=0.03 sys=0.00, real=0.01 secs] 
355.642: [GC (Allocation Failure) [PSYoungGen: 88416K->34160K(107008K)] 303706K->249458K(623104K), 0.0040036 secs] [Times: user=0.02 sys=0.00, real=0.00 secs] 
356.119: [GC (Allocation Failure) [PSYoungGen: 88432K->1344K(108544K)] 303730K->216650K(624640K), 0.0020097 secs] [Times: user=0.00 sys=0.00, real=0.00 secs] 
356.517: [GC (Allocation Failure) [PSYoungGen: 55616K->1392K(55808K)] 270922K->216706K(571904K), 0.0019972 secs] [Times: user=0.01 sys=0.00, real=0.00 secs] 
357.572: [GC (Allocation Failure) [PSYoungGen: 53503K->5552K(104960K)] 268818K->220882K(621056K), 0.0021755 secs] [Times: user=0.01 sys=0.00, real=0.00 secs] 
357.992: [GC (Allocation Failure) [PSYoungGen: 59824K->17760K(72192K)] 275154K->233090K(588288K), 0.0031119 secs] [Times: user=0.01 sys=0.00, real=0.00 secs] 
358.402: [GC (Allocation Failure) [PSYoungGen: 57719K->17792K(98304K)] 273049K->233130K(614400K), 0.0033837 secs] [Times: user=0.01 sys=0.00, real=0.00 secs] 
358.839: [GC (Allocation Failure) [PSYoungGen: 72064K->34144K(100864K)] 287402K->249498K(616960K), 0.0051234 secs] [Times: user=0.02 sys=0.00, real=0.01 secs] 
359.275: [GC (Allocation Failure) [PSYoungGen: 88416K->34176K(102400K)] 303770K->249538K(618496K), 0.0045343 secs] [Times: user=0.02 sys=0.00, real=0.00 secs] 
359.850: [GC (Allocation Failure) [PSYoungGen: 85888K->1376K(104960K)] 301250K->216746K(621056K), 0.0022155 secs] [Times: user=0.01 sys=0.00, real=0.01 secs] 
361.019: [GC (Allocation Failure) [PSYoungGen: 53088K->1952K(102912K)] 268458K->217330K(619008K), 0.0021597 secs] [Times: user=0.01 sys=0.00, real=0.00 secs] 
361.966: [GC (Allocation Failure) [PSYoungGen: 53664K->9632K(61440K)] 269042K->225010K(577536K), 0.0040356 secs] [Times: user=0.02 sys=0.00, real=0.00 secs] 
362.445: [GC (Allocation Failure) [PSYoungGen: 61344K->17824K(96256K)] 276722K->233210K(612352K), 0.0038191 secs] [Times: user=0.02 sys=0.00, real=0.00 secs] 
362.710: [GC (Allocation Failure) [PSYoungGen: 69536K->34208K(98816K)] 284922K->249602K(614912K), 0.0055126 secs] [Times: user=0.03 sys=0.00, real=0.01 secs] 
363.088: [GC (Allocation Failure) [PSYoungGen: 85920K->34144K(105472K)] 301314K->249546K(621568K), 0.0076591 secs] [Times: user=0.03 sys=0.01, real=0.01 secs] 
363.517: [GC (Allocation Failure) [PSYoungGen: 88928K->1408K(108544K)] 304330K->216818K(624640K), 0.0025039 secs] [Times: user=0.01 sys=0.00, real=0.00 secs] 
364.376: [GC (Allocation Failure) [PSYoungGen: 56192K->1405K(99328K)] 271602K->216839K(615424K), 0.0014484 secs] [Times: user=0.01 sys=0.00, real=0.00 secs] 
364.950: [GC (Allocation Failure) [PSYoungGen: 56189K->9632K(64512K)] 271623K->225074K(580608K), 0.0020898 secs] [Times: user=0.01 sys=0.00, real=0.01 secs] 
365.436: [GC (Allocation Failure) [PSYoungGen: 64416K->17792K(100352K)] 279858K->233234K(616448K), 0.0048435 secs] [Times: user=0.02 sys=0.00, real=0.00 secs] 
365.909: [GC (Allocation Failure) [PSYoungGen: 72576K->34176K(102400K)] 288018K->249618K(618496K), 0.0074317 secs] [Times: user=0.03 sys=0.00, real=0.01 secs] 
366.586: [GC (Allocation Failure) [PSYoungGen: 88960K->34208K(109568K)] 304402K->249682K(625664K), 0.0063947 secs] [Times: user=0.03 sys=0.00, real=0.01 secs] 
367.428: [GC (Allocation Failure) [PSYoungGen: 92576K->1376K(59392K)] 308050K->216866K(575488K), 0.0030402 secs] [Times: user=0.01 sys=0.00, real=0.00 secs] 
368.539: [GC (Allocation Failure) [PSYoungGen: 59126K->256K(109568K)] 274617K->215754K(625664K), 0.0014767 secs] [Times: user=0.01 sys=0.00, real=0.00 secs] 
369.045: [GC (Allocation Failure) [PSYoungGen: 58112K->9600K(67584K)] 273610K->225106K(583680K), 0.0021303 secs] [Times: user=0.01 sys=0.00, real=0.00 secs] 
369.476: [GC (Allocation Failure) [PSYoungGen: 67456K->17760K(102912K)] 282962K->233266K(619008K), 0.0023966 secs] [Times: user=0.01 sys=0.00, real=0.00 secs] 
369.811: [GC (Allocation Failure) [PSYoungGen: 75616K->34208K(105472K)] 291122K->249714K(621568K), 0.0037894 secs] [Times: user=0.02 sys=0.00, real=0.01 secs] 
370.334: [GC (Allocation Failure) [PSYoungGen: 92064K->34208K(107008K)] 307570K->249714K(623104K), 0.0034744 secs] [Times: user=0.01 sys=0.00, real=0.00 secs] 
370.693: [GC (Allocation Failure) [PSYoungGen: 89504K->1408K(56832K)] 305010K->216922K(572928K), 0.0019796 secs] [Times: user=0.01 sys=0.00, real=0.00 secs] 
371.567: [GC (Allocation Failure) [PSYoungGen: 56704K->2432K(107008K)] 272218K->217954K(623104K), 0.0019814 secs] [Times: user=0.01 sys=0.00, real=0.00 secs] 
372.208: [GC (Allocation Failure) [PSYoungGen: 54981K->9568K(65024K)] 270504K->225090K(581120K), 0.0037608 secs] [Times: user=0.02 sys=0.00, real=0.00 secs] 
372.762: [GC (Allocation Failure) [PSYoungGen: 64864K->17792K(100352K)] 280386K->233322K(616448K), 0.0038867 secs] [Times: user=0.02 sys=0.00, real=0.00 secs] 
373.105: [GC (Allocation Failure) [PSYoungGen: 73088K->34176K(102912K)] 288618K->249706K(619008K), 0.0052184 secs] [Times: user=0.03 sys=0.00, real=0.00 secs] 
373.670: [GC (Allocation Failure) [PSYoungGen: 89472K->34144K(103424K)] 305002K->249682K(619520K), 0.0057602 secs] [Times: user=0.03 sys=0.00, real=0.01 secs] 
374.507: [GC (Allocation Failure) [PSYoungGen: 86368K->1376K(53760K)] 301906K->216922K(569856K), 0.0038007 secs] [Times: user=0.01 sys=0.00, real=0.00 secs] 
375.534: [GC (Allocation Failure) [PSYoungGen: 53600K->1696K(103936K)] 269146K->217250K(620032K), 0.0017228 secs] [Times: user=0.00 sys=0.00, real=0.00 secs] 
376.076: [GC (Allocation Failure) [PSYoungGen: 53920K->9600K(61952K)] 269474K->225154K(578048K), 0.0022781 secs] [Times: user=0.01 sys=0.00, real=0.00 secs] 
376.619: [GC (Allocation Failure) [PSYoungGen: 61824K->17760K(97280K)] 277378K->233322K(613376K), 0.0060236 secs] [Times: user=0.02 sys=0.00, real=0.01 secs] 
376.975: [GC (Allocation Failure) [PSYoungGen: 69984K->34144K(99840K)] 285546K->249706K(615936K), 0.0057641 secs] [Times: user=0.03 sys=0.00, real=0.00 secs] 
377.472: [GC (Allocation Failure) [PSYoungGen: 86368K->34176K(106496K)] 301930K->249770K(622592K), 0.0050808 secs] [Times: user=0.03 sys=0.00, real=0.00 secs] 
377.873: [GC (Allocation Failure) [PSYoungGen: 89472K->1376K(56832K)] 305066K->216978K(572928K), 0.0024725 secs] [Times: user=0.01 sys=0.00, real=0.00 secs] 
378.669: [GC (Allocation Failure) [PSYoungGen: 56672K->1405K(107008K)] 272274K->217015K(623104K), 0.0013228 secs] [Times: user=0.01 sys=0.00, real=0.00 secs] 
379.716: [GC (Allocation Failure) [PSYoungGen: 56701K->9632K(65024K)] 272311K->225250K(581120K), 0.0038194 secs] [Times: user=0.01 sys=0.01, real=0.00 secs] 
380.184: [GC (Allocation Failure) [PSYoungGen: 64928K->17792K(100352K)] 280546K->233410K(616448K), 0.0043683 secs] [Times: user=0.02 sys=0.00, real=0.00 secs] 
380.544: [GC (Allocation Failure) [PSYoungGen: 73088K->34176K(102912K)] 288706K->249794K(619008K), 0.0048572 secs] [Times: user=0.03 sys=0.00, real=0.00 secs] 
380.993: [GC (Allocation Failure) [PSYoungGen: 89472K->34176K(103424K)] 305090K->249802K(619520K), 0.0037151 secs] [Times: user=0.01 sys=0.00, real=0.00 secs] 
381.524: [GC (Allocation Failure) [PSYoungGen: 86400K->1440K(53760K)] 302026K->217074K(569856K), 0.0035255 secs] [Times: user=0.01 sys=0.00, real=0.00 secs] 
382.247: [GC (Allocation Failure) [PSYoungGen: 53664K->1373K(103936K)] 269298K->217015K(620032K), 0.0013794 secs] [Times: user=0.00 sys=0.00, real=0.00 secs] 
382.803: [GC (Allocation Failure) [PSYoungGen: 53597K->9568K(61952K)] 269239K->225210K(578048K), 0.0022936 secs] [Times: user=0.01 sys=0.00, real=0.00 secs] 
383.003: [GC (Allocation Failure) [PSYoungGen: 61792K->17760K(97280K)] 277434K->233410K(613376K), 0.0024587 secs] [Times: user=0.01 sys=0.00, real=0.00 secs] 
383.163: [GC (Allocation Failure) [PSYoungGen: 69984K->34144K(99840K)] 285634K->249794K(615936K), 0.0038516 secs] [Times: user=0.02 sys=0.00, real=0.00 secs] 
383.638: [GC (Allocation Failure) [PSYoungGen: 86368K->34176K(107008K)] 302018K->249834K(623104K), 0.0037096 secs] [Times: user=0.02 sys=0.00, real=0.01 secs] 
384.385: [GC (Allocation Failure) [PSYoungGen: 89984K->1408K(57344K)] 305642K->217074K(573440K), 0.0020109 secs] [Times: user=0.01 sys=0.01, real=0.00 secs] 
385.159: [GC (Allocation Failure) [PSYoungGen: 57214K->352K(107520K)] 272881K->216026K(623616K), 0.0021117 secs] [Times: user=0.01 sys=0.00, real=0.00 secs] 
386.022: [GC (Allocation Failure) [PSYoungGen: 56160K->9568K(65536K)] 271834K->225242K(581632K), 0.0020833 secs] [Times: user=0.01 sys=0.00, real=0.00 secs] 
386.495: [GC (Allocation Failure) [PSYoungGen: 65376K->17792K(100864K)] 281050K->233466K(616960K), 0.0043217 secs] [Times: user=0.02 sys=0.00, real=0.00 secs] 
386.923: [GC (Allocation Failure) [PSYoungGen: 73600K->34112K(103424K)] 289274K->249802K(619520K), 0.0056362 secs] [Times: user=0.03 sys=0.00, real=0.00 secs] 
387.609: [GC (Allocation Failure) [PSYoungGen: 89920K->34144K(104960K)] 305610K->249850K(621056K), 0.0046654 secs] [Times: user=0.03 sys=0.00, real=0.01 secs] 
388.292: [GC (Allocation Failure) [PSYoungGen: 87392K->1376K(54784K)] 303098K->217090K(570880K), 0.0026487 secs] [Times: user=0.01 sys=0.00, real=0.00 secs] 
388.929: [GC (Allocation Failure) [PSYoungGen: 54624K->1344K(104960K)] 270338K->217066K(621056K), 0.0035194 secs] [Times: user=0.01 sys=0.00, real=0.01 secs] 
389.778: [GC (Allocation Failure) [PSYoungGen: 51890K->5536K(58880K)] 267613K->221258K(574976K), 0.0015561 secs] [Times: user=0.01 sys=0.00, real=0.00 secs] 
389.947: [GC (Allocation Failure) [PSYoungGen: 58784K->17728K(99840K)] 274506K->233458K(615936K), 0.0021208 secs] [Times: user=0.01 sys=0.00, real=0.00 secs] 
390.403: [GC (Allocation Failure) [PSYoungGen: 59045K->17824K(71168K)] 274776K->233554K(587264K), 0.0026161 secs] [Times: user=0.01 sys=0.00, real=0.00 secs] 
390.801: [GC (Allocation Failure) [PSYoungGen: 71072K->34144K(95232K)] 286802K->249882K(611328K), 0.0033731 secs] [Times: user=0.02 sys=0.00, real=0.01 secs] 
391.481: [GC (Allocation Failure) [PSYoungGen: 83296K->34176K(99328K)] 299034K->249922K(615424K), 0.0037682 secs] [Times: user=0.02 sys=0.00, real=0.01 secs] 
392.107: [GC (Allocation Failure) [PSYoungGen: 83328K->1376K(101376K)] 299074K->217130K(617472K), 0.0020366 secs] [Times: user=0.01 sys=0.00, real=0.00 secs] 
393.075: [GC (Allocation Failure) [PSYoungGen: 50528K->1405K(50688K)] 266282K->217159K(566784K), 0.0015299 secs] [Times: user=0.00 sys=0.00, real=0.00 secs] 
393.320: [GC (Allocation Failure) [PSYoungGen: 50557K->9600K(95744K)] 266311K->225362K(611840K), 0.0018525 secs] [Times: user=0.01 sys=0.00, real=0.01 secs] 
393.493: [GC (Allocation Failure) [PSYoungGen: 58752K->17808K(67072K)] 274514K->233570K(583168K), 0.0025924 secs] [Times: user=0.01 sys=0.00, real=0.00 secs] 
393.664: [GC (Allocation Failure) [PSYoungGen: 66960K->34176K(92672K)] 282722K->249946K(608768K), 0.0030343 secs] [Times: user=0.02 sys=0.00, real=0.00 secs] 
394.019: [GC (Allocation Failure) [PSYoungGen: 79744K->34192K(96256K)] 295514K->249970K(612352K), 0.0034126 secs] [Times: user=0.01 sys=0.00, real=0.01 secs] 
394.366: [GC (Allocation Failure) [PSYoungGen: 79760K->34208K(102400K)] 295538K->249994K(618496K), 0.0030464 secs] [Times: user=0.01 sys=0.00, real=0.00 secs] 
394.864: [GC (Allocation Failure) [PSYoungGen: 82848K->1344K(104448K)] 298634K->217154K(620544K), 0.0018857 secs] [Times: user=0.00 sys=0.01, real=0.00 secs] 
396.083: [GC (Allocation Failure) [PSYoungGen: 49984K->1696K(102400K)] 265794K->217522K(618496K), 0.0018288 secs] [Times: user=0.00 sys=0.00, real=0.00 secs] 
396.609: [GC (Allocation Failure) [PSYoungGen: 50336K->9600K(58368K)] 266162K->225426K(574464K), 0.0022291 secs] [Times: user=0.01 sys=0.00, real=0.00 secs] 
397.144: [GC (Allocation Failure) [PSYoungGen: 58240K->17792K(94720K)] 274066K->233618K(610816K), 0.0032327 secs] [Times: user=0.02 sys=0.00, real=0.00 secs] 
397.561: [GC (Allocation Failure) [PSYoungGen: 66432K->34176K(97792K)] 282258K->250002K(613888K), 0.0044116 secs] [Times: user=0.02 sys=0.01, real=0.01 secs] 
398.088: [GC (Allocation Failure) [PSYoungGen: 82816K->34176K(98816K)] 298642K->250002K(614912K), 0.0045398 secs] [Times: user=0.03 sys=0.00, real=0.01 secs] 
398.573: [GC (Allocation Failure) [PSYoungGen: 80256K->34208K(101376K)] 296082K->250042K(617472K), 0.0057295 secs] [Times: user=0.02 sys=0.00, real=0.00 secs] 
399.105: [GC (Allocation Failure) [PSYoungGen: 80288K->1376K(102400K)] 296122K->217210K(618496K), 0.0026784 secs] [Times: user=0.01 sys=0.00, real=0.00 secs] 
400.028: [GC (Allocation Failure) [PSYoungGen: 47051K->1664K(48128K)] 262885K->217506K(564224K), 0.0018261 secs] [Times: user=0.00 sys=0.00, real=0.00 secs] 
400.194: [GC (Allocation Failure) [PSYoungGen: 47744K->9616K(97280K)] 263586K->225458K(613376K), 0.0019052 secs] [Times: user=0.00 sys=0.00, real=0.00 secs] 
400.364: [GC (Allocation Failure) [PSYoungGen: 55696K->17792K(99840K)] 271538K->233642K(615936K), 0.0023715 secs] [Times: user=0.01 sys=0.01, real=0.00 secs] 
400.497: [GC (Allocation Failure) [PSYoungGen: 63872K->34176K(98304K)] 279722K->250034K(614400K), 0.0035045 secs] [Times: user=0.01 sys=0.00, real=0.00 secs] 
400.714: [GC (Allocation Failure) [PSYoungGen: 82304K->34144K(101376K)] 298162K->250002K(617472K), 0.0031866 secs] [Times: user=0.02 sys=0.00, real=0.00 secs] 
401.017: [GC (Allocation Failure) [PSYoungGen: 82272K->34144K(108544K)] 298130K->250026K(624640K), 0.0036922 secs] [Times: user=0.02 sys=0.00, real=0.00 secs] 
401.237: [GC (Allocation Failure) [PSYoungGen: 86880K->1408K(110080K)] 302762K->217298K(626176K), 0.0018009 secs] [Times: user=0.01 sys=0.00, real=0.00 secs] 
402.280: [GC (Allocation Failure) [PSYoungGen: 54144K->2432K(113664K)] 270034K->218330K(629760K), 0.0024250 secs] [Times: user=0.01 sys=0.00, real=0.01 secs] 
403.597: [GC (Allocation Failure) [PSYoungGen: 61312K->17824K(76288K)] 277210K->233746K(592384K), 0.0051498 secs] [Times: user=0.02 sys=0.00, real=0.01 secs] 
404.309: [GC (Allocation Failure) [PSYoungGen: 70328K->17760K(102912K)] 286250K->233698K(619008K), 0.0044501 secs] [Times: user=0.02 sys=0.00, real=0.01 secs] 
404.852: [GC (Allocation Failure) [PSYoungGen: 75616K->34144K(107008K)] 291554K->250090K(623104K), 0.0072367 secs] [Times: user=0.04 sys=0.00, real=0.00 secs] 
405.608: [GC (Allocation Failure) [PSYoungGen: 92000K->34176K(114688K)] 307946K->250130K(630784K), 0.0084504 secs] [Times: user=0.04 sys=0.01, real=0.01 secs] 
406.204: [GC (Allocation Failure) [PSYoungGen: 96640K->1376K(63488K)] 312594K->217330K(579584K), 0.0022146 secs] [Times: user=0.01 sys=0.00, real=0.00 secs] 
407.130: [GC (Allocation Failure) [PSYoungGen: 60226K->5504K(113152K)] 276180K->221466K(629248K), 0.0019494 secs] [Times: user=0.01 sys=0.00, real=0.01 secs] 
407.588: [GC (Allocation Failure) [PSYoungGen: 66944K->17824K(78848K)] 282906K->233786K(594944K), 0.0025282 secs] [Times: user=0.01 sys=0.00, real=0.00 secs] 
408.035: [GC (Allocation Failure) [PSYoungGen: 78752K->34112K(107520K)] 294714K->250074K(623616K), 0.0064014 secs] [Times: user=0.04 sys=0.00, real=0.00 secs] 
408.532: [GC (Allocation Failure) [PSYoungGen: 91968K->34208K(110592K)] 307930K->250186K(626688K), 0.0054560 secs] [Times: user=0.03 sys=0.00, real=0.00 secs] 
408.944: [GC (Allocation Failure) [PSYoungGen: 92064K->1376K(105984K)] 308042K->217362K(622080K), 0.0021722 secs] [Times: user=0.01 sys=0.00, real=0.00 secs] 
409.859: [GC (Allocation Failure) [PSYoungGen: 59232K->1373K(59392K)] 275218K->217367K(575488K), 0.0015907 secs] [Times: user=0.00 sys=0.00, real=0.00 secs] 
410.107: [GC (Allocation Failure) [PSYoungGen: 59229K->9664K(107008K)] 275223K->225666K(623104K), 0.0018592 secs] [Times: user=0.01 sys=0.01, real=0.00 secs] 
410.313: [GC (Allocation Failure) [PSYoungGen: 67520K->17792K(75776K)] 283522K->233794K(591872K), 0.0024214 secs] [Times: user=0.01 sys=0.00, real=0.00 secs] 
410.486: [GC (Allocation Failure) [PSYoungGen: 75648K->34176K(102912K)] 291650K->250178K(619008K), 0.0031133 secs] [Times: user=0.01 sys=0.00, real=0.00 secs] 
410.712: [GC (Allocation Failure) [PSYoungGen: 88448K->34208K(106496K)] 304450K->250226K(622592K), 0.0032832 secs] [Times: user=0.02 sys=0.00, real=0.00 secs] 
410.938: [GC (Allocation Failure) [PSYoungGen: 88480K->1440K(114688K)] 304498K->217466K(630784K), 0.0014106 secs] [Times: user=0.01 sys=0.00, real=0.00 secs] 
411.834: [GC (Allocation Failure) [PSYoungGen: 62368K->3424K(64000K)] 278394K->219474K(580096K), 0.0019831 secs] [Times: user=0.01 sys=0.00, real=0.00 secs] 
412.494: [GC (Allocation Failure) [PSYoungGen: 63840K->17760K(106496K)] 279890K->233810K(622592K), 0.0026143 secs] [Times: user=0.01 sys=0.00, real=0.00 secs] 
413.015: [GC (Allocation Failure) [PSYoungGen: 71658K->17808K(77312K)] 287709K->233858K(593408K), 0.0026042 secs] [Times: user=0.01 sys=0.01, real=0.00 secs] 
413.334: [GC (Allocation Failure) [PSYoungGen: 77200K->34176K(102912K)] 293250K->250226K(619008K), 0.0039332 secs] [Times: user=0.02 sys=0.00, real=0.00 secs] 
413.750: [GC (Allocation Failure) [PSYoungGen: 89984K->34176K(106496K)] 306034K->250250K(622592K), 0.0039579 secs] [Times: user=0.02 sys=0.00, real=0.01 secs] 
414.190: [GC (Allocation Failure) [PSYoungGen: 89984K->1440K(109056K)] 306058K->217522K(625152K), 0.0020874 secs] [Times: user=0.01 sys=0.00, real=0.01 secs] 
415.121: [GC (Allocation Failure) [PSYoungGen: 57248K->5568K(61440K)] 273330K->221658K(577536K), 0.0021218 secs] [Times: user=0.01 sys=0.00, real=0.01 secs] 
415.302: [GC (Allocation Failure) [PSYoungGen: 61376K->17792K(101376K)] 277466K->233882K(617472K), 0.0021321 secs] [Times: user=0.01 sys=0.00, real=0.00 secs] 
415.554: [GC (Allocation Failure) [PSYoungGen: 65731K->17728K(73728K)] 281822K->233818K(589824K), 0.0024267 secs] [Times: user=0.01 sys=0.00, real=0.00 secs] 
415.837: [GC (Allocation Failure) [PSYoungGen: 73536K->34176K(97792K)] 289626K->250274K(613888K), 0.0051242 secs] [Times: user=0.02 sys=0.00, real=0.01 secs] 
416.220: [GC (Allocation Failure) [PSYoungGen: 86400K->34176K(101376K)] 302498K->250298K(617472K), 0.0055956 secs] [Times: user=0.03 sys=0.00, real=0.01 secs] 
416.706: [GC (Allocation Failure) [PSYoungGen: 86400K->1424K(109568K)] 302522K->217554K(625664K), 0.0022626 secs] [Times: user=0.01 sys=0.00, real=0.00 secs] 
417.623: [GC (Allocation Failure) [PSYoungGen: 59792K->3488K(61440K)] 275922K->219634K(577536K), 0.0018441 secs] [Times: user=0.01 sys=0.00, real=0.00 secs] 
417.840: [GC (Allocation Failure) [PSYoungGen: 61344K->17824K(102912K)] 277490K->233986K(619008K), 0.0022593 secs] [Times: user=0.01 sys=0.00, real=0.01 secs] 
418.141: [GC (Allocation Failure) [PSYoungGen: 70984K->17744K(75776K)] 287146K->233914K(591872K), 0.0023069 secs] [Times: user=0.01 sys=0.00, real=0.01 secs] 
418.447: [GC (Allocation Failure) [PSYoungGen: 75600K->34176K(99328K)] 291770K->250346K(615424K), 0.0030021 secs] [Times: user=0.01 sys=0.00, real=0.00 secs] 
418.872: [GC (Allocation Failure) [PSYoungGen: 88448K->34176K(102912K)] 304618K->250354K(619008K), 0.0035018 secs] [Times: user=0.01 sys=0.01, real=0.00 secs] 
419.353: [GC (Allocation Failure) [PSYoungGen: 88448K->1344K(105984K)] 304626K->217522K(622080K), 0.0018706 secs] [Times: user=0.01 sys=0.00, real=0.00 secs] 
420.332: [GC (Allocation Failure) [PSYoungGen: 55616K->3488K(57856K)] 271794K->219674K(573952K), 0.0018355 secs] [Times: user=0.00 sys=0.00, real=0.00 secs] 
420.570: [GC (Allocation Failure) [PSYoungGen: 50795K->9600K(100864K)] 266982K->225786K(616960K), 0.0021040 secs] [Times: user=0.01 sys=0.00, real=0.01 secs] 
420.846: [GC (Allocation Failure) [PSYoungGen: 63872K->17760K(72192K)] 280058K->233946K(588288K), 0.0030515 secs] [Times: user=0.01 sys=0.00, real=0.00 secs] 
421.088: [GC (Allocation Failure) [PSYoungGen: 72032K->34144K(96768K)] 288218K->250338K(612864K), 0.0055748 secs] [Times: user=0.02 sys=0.00, real=0.01 secs] 
421.432: [GC (Allocation Failure) [PSYoungGen: 84832K->34176K(100352K)] 301026K->250394K(616448K), 0.0047493 secs] [Times: user=0.02 sys=0.00, real=0.00 secs] 
421.780: [GC (Allocation Failure) [PSYoungGen: 84864K->1344K(108544K)] 301082K->217570K(624640K), 0.0024985 secs] [Times: user=0.01 sys=0.00, real=0.01 secs] 
422.610: [GC (Allocation Failure) [PSYoungGen: 58176K->1408K(58368K)] 274402K->217658K(574464K), 0.0014394 secs] [Times: user=0.00 sys=0.00, real=0.01 secs] 
423.142: [GC (Allocation Failure) [PSYoungGen: 58240K->9568K(104448K)] 274490K->225834K(620544K), 0.0018002 secs] [Times: user=0.00 sys=0.00, real=0.00 secs] 
423.612: [GC (Allocation Failure) [PSYoungGen: 66400K->17792K(74752K)] 282666K->234058K(590848K), 0.0023866 secs] [Times: user=0.01 sys=0.00, real=0.00 secs] 
423.974: [GC (Allocation Failure) [PSYoungGen: 74624K->34176K(100352K)] 290890K->250442K(616448K), 0.0046410 secs] [Times: user=0.02 sys=0.00, real=0.00 secs] 
424.351: [GC (Allocation Failure) [PSYoungGen: 87424K->34208K(103936K)] 303690K->250482K(620032K), 0.0039967 secs] [Times: user=0.02 sys=0.00, real=0.01 secs] 
424.570: [GC (Allocation Failure) [PSYoungGen: 87456K->1376K(106496K)] 303730K->217658K(622592K), 0.0019333 secs] [Times: user=0.01 sys=0.00, real=0.01 secs] 
425.231: [GC (Allocation Failure) [PSYoungGen: 54621K->1440K(54784K)] 270904K->217730K(570880K), 0.0016872 secs] [Times: user=0.01 sys=0.00, real=0.01 secs] 
425.881: [GC (Allocation Failure) [PSYoungGen: 54688K->9600K(100352K)] 270978K->225890K(616448K), 0.0024329 secs] [Times: user=0.01 sys=0.00, real=0.01 secs] 
426.421: [GC (Allocation Failure) [PSYoungGen: 62848K->17792K(71168K)] 279138K->234082K(587264K), 0.0041630 secs] [Times: user=0.02 sys=0.00, real=0.01 secs] 
426.722: [GC (Allocation Failure) [PSYoungGen: 71040K->34208K(96256K)] 287330K->250498K(612352K), 0.0046756 secs] [Times: user=0.02 sys=0.00, real=0.00 secs] 
427.133: [GC (Allocation Failure) [PSYoungGen: 83360K->34144K(100352K)] 299650K->250434K(616448K), 0.0040995 secs] [Times: user=0.02 sys=0.00, real=0.00 secs] 
427.528: [GC (Allocation Failure) [PSYoungGen: 83296K->1376K(96256K)] 299586K->217674K(612352K), 0.0023308 secs] [Times: user=0.01 sys=0.00, real=0.00 secs] 
427.969: [GC (Allocation Failure) [PSYoungGen: 50528K->1376K(50688K)] 266826K->217690K(566784K), 0.0031835 secs] [Times: user=0.01 sys=0.00, real=0.01 secs] 
428.939: [GC (Allocation Failure) [PSYoungGen: 50528K->5536K(97792K)] 266842K->221858K(613888K), 0.0028026 secs] [Times: user=0.01 sys=0.00, real=0.01 secs] 
429.394: [GC (Allocation Failure) [PSYoungGen: 54688K->17760K(67072K)] 271010K->234082K(583168K), 0.0056462 secs] [Times: user=0.02 sys=0.00, real=0.00 secs] 
431.436: [GC (Allocation Failure) [PSYoungGen: 66912K->17792K(93184K)] 283234K->234122K(609280K), 0.0041103 secs] [Times: user=0.02 sys=0.00, real=0.00 secs] 
431.967: [GC (Allocation Failure) [PSYoungGen: 66944K->34176K(95232K)] 283274K->250506K(611328K), 0.0081222 secs] [Times: user=0.04 sys=0.00, real=0.01 secs] 
432.512: [GC (Allocation Failure) [PSYoungGen: 83328K->34208K(95744K)] 299658K->250538K(611840K), 0.0053050 secs] [Times: user=0.03 sys=0.00, real=0.00 secs] 
432.887: [GC (Allocation Failure) [PSYoungGen: 80288K->1408K(98816K)] 296618K->217746K(614912K), 0.0025684 secs] [Times: user=0.01 sys=0.00, real=0.00 secs] 
433.504: [GC (Allocation Failure) [PSYoungGen: 47488K->1405K(96768K)] 263826K->217759K(612864K), 0.0015414 secs] [Times: user=0.00 sys=0.00, real=0.00 secs] 
434.051: [GC (Allocation Failure) [PSYoungGen: 47485K->5504K(51712K)] 263839K->221866K(567808K), 0.0020828 secs] [Times: user=0.01 sys=0.00, real=0.01 secs] 
434.192: [GC (Allocation Failure) [PSYoungGen: 51584K->17792K(91648K)] 267946K->234154K(607744K), 0.0023867 secs] [Times: user=0.01 sys=0.00, real=0.00 secs] 
434.542: [GC (Allocation Failure) [PSYoungGen: 63872K->17824K(64000K)] 280234K->234194K(580096K), 0.0026222 secs] [Times: user=0.01 sys=0.00, real=0.00 secs] 
434.780: [GC (Allocation Failure) [PSYoungGen: 63904K->34208K(87552K)] 280274K->250586K(603648K), 0.0060632 secs] [Times: user=0.03 sys=0.00, real=0.01 secs] 
435.139: [GC (Allocation Failure) [PSYoungGen: 76192K->34176K(91648K)] 292570K->250562K(607744K), 0.0057812 secs] [Times: user=0.02 sys=0.00, real=0.01 secs] 
435.469: [GC (Allocation Failure) [PSYoungGen: 76160K->1408K(99328K)] 292546K->217802K(615424K), 0.0024880 secs] [Times: user=0.00 sys=0.00, real=0.00 secs] 
435.866: [GC (Allocation Failure) [PSYoungGen: 49024K->1440K(99840K)] 265418K->217866K(615936K), 0.0021943 secs] [Times: user=0.01 sys=0.00, real=0.00 secs] 
437.257: [GC (Allocation Failure) [PSYoungGen: 49056K->5472K(90112K)] 265482K->221906K(606208K), 0.0032100 secs] [Times: user=0.01 sys=0.00, real=0.00 secs] 
438.272: [GC (Allocation Failure) [PSYoungGen: 49548K->9584K(57344K)] 265983K->226018K(573440K), 0.0040894 secs] [Times: user=0.02 sys=0.00, real=0.00 secs] 
439.192: [GC (Allocation Failure) [PSYoungGen: 57200K->17824K(91136K)] 273634K->234266K(607232K), 0.0059046 secs] [Times: user=0.03 sys=0.00, real=0.00 secs] 
439.898: [GC (Allocation Failure) [PSYoungGen: 65440K->34176K(92672K)] 281882K->250618K(608768K), 0.0088464 secs] [Times: user=0.04 sys=0.00, real=0.01 secs] 
440.803: [GC (Allocation Failure) [PSYoungGen: 81792K->34176K(93184K)] 298234K->250626K(609280K), 0.0083487 secs] [Times: user=0.04 sys=0.00, real=0.00 secs] 
441.304: [GC (Allocation Failure) [PSYoungGen: 78208K->34176K(96768K)] 294658K->250626K(612864K), 0.0053279 secs] [Times: user=0.03 sys=0.00, real=0.00 secs] 
441.802: [GC (Allocation Failure) [PSYoungGen: 78208K->1408K(93184K)] 294658K->217882K(609280K), 0.0029661 secs] [Times: user=0.01 sys=0.00, real=0.00 secs] 
442.872: [GC (Allocation Failure) [PSYoungGen: 45440K->1904K(46080K)] 261914K->218386K(562176K), 0.0019003 secs] [Times: user=0.01 sys=0.00, real=0.00 secs] 
443.517: [GC (Allocation Failure) [PSYoungGen: 45936K->9600K(92672K)] 262418K->226082K(608768K), 0.0021265 secs] [Times: user=0.01 sys=0.00, real=0.00 secs] 
444.112: [GC (Allocation Failure) [PSYoungGen: 53632K->17792K(61952K)] 270114K->234274K(578048K), 0.0057327 secs] [Times: user=0.03 sys=0.00, real=0.00 secs] 
444.417: [GC (Allocation Failure) [PSYoungGen: 48597K->17792K(87552K)] 265079K->234274K(603648K), 0.0033139 secs] [Times: user=0.01 sys=0.00, real=0.00 secs] 
444.705: [GC (Allocation Failure) [PSYoungGen: 61824K->34176K(90112K)] 278306K->250666K(606208K), 0.0057558 secs] [Times: user=0.03 sys=0.00, real=0.00 secs] 
445.135: [GC (Allocation Failure) [PSYoungGen: 78208K->34208K(96256K)] 294698K->250706K(612352K), 0.0035756 secs] [Times: user=0.02 sys=0.00, real=0.00 secs] 
445.638: [GC (Allocation Failure) [PSYoungGen: 80800K->1408K(48128K)] 297298K->217922K(564224K), 0.0022109 secs] [Times: user=0.01 sys=0.00, real=0.00 secs] 
446.025: [GC (Allocation Failure) [PSYoungGen: 48000K->1344K(97792K)] 264514K->217866K(613888K), 0.0027181 secs] [Times: user=0.01 sys=0.00, real=0.00 secs] 
446.773: [GC (Allocation Failure) [PSYoungGen: 47936K->5520K(52224K)] 264458K->222066K(568320K), 0.0017483 secs] [Times: user=0.01 sys=0.00, real=0.00 secs] 
447.156: [GC (Allocation Failure) [PSYoungGen: 44967K->9568K(91648K)] 261514K->226114K(607744K), 0.0017010 secs] [Times: user=0.01 sys=0.00, real=0.00 secs] 
447.681: [GC (Allocation Failure) [PSYoungGen: 56160K->17792K(64512K)] 272706K->234338K(580608K), 0.0019099 secs] [Times: user=0.01 sys=0.00, real=0.01 secs] 
448.093: [GC (Allocation Failure) [PSYoungGen: 64384K->34144K(88064K)] 280930K->250698K(604160K), 0.0061655 secs] [Times: user=0.03 sys=0.00, real=0.00 secs] 
448.628: [GC (Allocation Failure) [PSYoungGen: 76640K->34144K(92160K)] 293194K->250698K(608256K), 0.0055559 secs] [Times: user=0.03 sys=0.00, real=0.01 secs] 
449.079: [GC (Allocation Failure) [PSYoungGen: 76640K->34176K(92672K)] 293194K->250730K(608768K), 0.0077420 secs] [Times: user=0.04 sys=0.00, real=0.01 secs] 
449.452: [GC (Allocation Failure) [PSYoungGen: 74112K->1376K(95232K)] 290666K->217946K(611328K), 0.0029858 secs] [Times: user=0.01 sys=0.00, real=0.00 secs] 
450.136: [GC (Allocation Failure) [PSYoungGen: 41312K->1405K(88064K)] 257882K->217983K(604160K), 0.0013998 secs] [Times: user=0.00 sys=0.00, real=0.00 secs] 
450.690: [GC (Allocation Failure) [PSYoungGen: 41341K->5568K(45568K)] 257919K->222146K(561664K), 0.0020808 secs] [Times: user=0.01 sys=0.00, real=0.01 secs] 
450.986: [GC (Allocation Failure) [PSYoungGen: 38381K->9568K(87040K)] 254960K->226146K(603136K), 0.0021616 secs] [Times: user=0.01 sys=0.00, real=0.00 secs] 
451.287: [GC (Allocation Failure) [PSYoungGen: 49504K->17792K(57856K)] 266082K->234370K(573952K), 0.0026761 secs] [Times: user=0.01 sys=0.00, real=0.00 secs] 
451.652: [GC (Allocation Failure) [PSYoungGen: 57728K->34176K(82944K)] 274306K->250762K(599040K), 0.0044249 secs] [Times: user=0.02 sys=0.00, real=0.00 secs] 
452.182: [GC (Allocation Failure) [PSYoungGen: 70016K->34176K(87040K)] 286602K->250762K(603136K), 0.0074525 secs] [Times: user=0.04 sys=0.00, real=0.00 secs] 
452.576: [GC (Allocation Failure) [PSYoungGen: 70016K->34144K(91136K)] 286602K->250738K(607232K), 0.0071288 secs] [Times: user=0.04 sys=0.00, real=0.01 secs] 
453.013: [GC (Allocation Failure) [PSYoungGen: 71520K->1424K(93696K)] 288114K->218042K(609792K), 0.0037825 secs] [Times: user=0.01 sys=0.00, real=0.00 secs] 
453.499: [GC (Allocation Failure) [PSYoungGen: 38800K->1376K(95744K)] 255418K->218002K(611840K), 0.0036288 secs] [Times: user=0.01 sys=0.00, real=0.01 secs] 
454.437: [GC (Allocation Failure) [PSYoungGen: 43360K->1440K(43520K)] 259986K->218082K(559616K), 0.0018027 secs] [Times: user=0.01 sys=0.00, real=0.00 secs] 
454.588: [GC (Allocation Failure) [PSYoungGen: 43424K->9632K(97792K)] 260066K->226282K(613888K), 0.0021544 secs] [Times: user=0.01 sys=0.00, real=0.00 secs] 
454.742: [GC (Allocation Failure) [PSYoungGen: 54688K->17824K(95744K)] 271338K->234490K(611840K), 0.0024437 secs] [Times: user=0.01 sys=0.00, real=0.00 secs] 
454.996: [GC (Allocation Failure) [PSYoungGen: 54757K->17760K(94208K)] 271423K->234434K(610304K), 0.0025543 secs] [Times: user=0.01 sys=0.00, real=0.00 secs] 
455.154: [GC (Allocation Failure) [PSYoungGen: 68448K->34208K(96768K)] 285122K->250890K(612864K), 0.0033631 secs] [Times: user=0.02 sys=0.00, real=0.00 secs] 
455.366: [GC (Allocation Failure) [PSYoungGen: 84896K->34192K(104448K)] 301578K->250882K(620544K), 0.0045367 secs] [Times: user=0.02 sys=0.00, real=0.00 secs] 
455.654: [GC (Allocation Failure) [PSYoungGen: 88464K->64K(107520K)] 305154K->218063K(623616K), 0.0022379 secs] [Times: user=0.01 sys=0.00, real=0.00 secs] 
456.400: [GC (Allocation Failure) [PSYoungGen: 54336K->1952K(111104K)] 272335K->219959K(627200K), 0.0017309 secs] [Times: user=0.01 sys=0.00, real=0.01 secs] 
456.624: [GC (Allocation Failure) [PSYoungGen: 58980K->9600K(112640K)] 276988K->227615K(628736K), 0.0018390 secs] [Times: user=0.01 sys=0.00, real=0.00 secs] 
456.851: [GC (Allocation Failure) [PSYoungGen: 70528K->17888K(113152K)] 288543K->235911K(629248K), 0.0030820 secs] [Times: user=0.01 sys=0.00, real=0.01 secs] 
457.123: [GC (Allocation Failure) [PSYoungGen: 85984K->32896K(115200K)] 304007K->252265K(631296K), 0.0034893 secs] [Times: user=0.02 sys=0.00, real=0.00 secs] 
457.465: [GC (Allocation Failure) [PSYoungGen: 100992K->96K(125440K)] 320361K->219481K(641536K), 0.0018868 secs] [Times: user=0.01 sys=0.00, real=0.00 secs] 
458.316: [GC (Allocation Failure) [PSYoungGen: 75872K->1952K(77312K)] 295257K->221345K(593408K), 0.0017222 secs] [Times: user=0.01 sys=0.00, real=0.00 secs] 
458.810: [GC (Allocation Failure) [PSYoungGen: 77216K->16576K(117760K)] 296609K->237314K(633856K), 0.0023480 secs] [Times: user=0.01 sys=0.00, real=0.01 secs] 
459.310: [GC (Allocation Failure) [PSYoungGen: 91328K->32928K(120320K)] 312066K->253666K(636416K), 0.0030902 secs] [Times: user=0.02 sys=0.00, real=0.01 secs] 
459.929: [GC (Allocation Failure) [PSYoungGen: 107168K->32960K(121856K)] 327906K->253698K(637952K), 0.0056080 secs] [Times: user=0.03 sys=0.00, real=0.01 secs] 
460.303: [GC (Allocation Failure) [PSYoungGen: 104640K->96K(71680K)] 325378K->220866K(587776K), 0.0020330 secs] [Times: user=0.00 sys=0.00, real=0.00 secs] 
461.319: [GC (Allocation Failure) [PSYoungGen: 71264K->9664K(117248K)] 292034K->230434K(633344K), 0.0020499 secs] [Times: user=0.01 sys=0.00, real=0.00 secs] 
461.913: [GC (Allocation Failure) [PSYoungGen: 80320K->17824K(88064K)] 301090K->238594K(604160K), 0.0027165 secs] [Times: user=0.01 sys=0.00, real=0.00 secs] 
462.391: [GC (Allocation Failure) [PSYoungGen: 87968K->34192K(114176K)] 308738K->254962K(630272K), 0.0034672 secs] [Times: user=0.02 sys=0.00, real=0.01 secs] 
462.991: [GC (Allocation Failure) [PSYoungGen: 100752K->34224K(117248K)] 321522K->254994K(633344K), 0.0038576 secs] [Times: user=0.01 sys=0.00, real=0.01 secs] 
463.431: [GC (Allocation Failure) [PSYoungGen: 100272K->1402K(118784K)] 321042K->222172K(634880K), 0.0013734 secs] [Times: user=0.01 sys=0.00, real=0.01 secs] 
464.342: [GC (Allocation Failure) [PSYoungGen: 66938K->9664K(74752K)] 287708K->230434K(590848K), 0.0021426 secs] [Times: user=0.01 sys=0.01, real=0.00 secs] 
464.705: [GC (Allocation Failure) [PSYoungGen: 74688K->17856K(109056K)] 295458K->238626K(625152K), 0.0025155 secs] [Times: user=0.01 sys=0.00, real=0.00 secs] 
464.907: [GC (Allocation Failure) [PSYoungGen: 82368K->34224K(112128K)] 303138K->254994K(628224K), 0.0034650 secs] [Times: user=0.02 sys=0.00, real=0.00 secs] 
465.277: [GC (Allocation Failure) [PSYoungGen: 98224K->34208K(113152K)] 318994K->254986K(629248K), 0.0033437 secs] [Times: user=0.02 sys=0.00, real=0.00 secs] 
465.790: [GC (Allocation Failure) [PSYoungGen: 95648K->1440K(62464K)] 316426K->222218K(578560K), 0.0018171 secs] [Times: user=0.01 sys=0.00, real=0.01 secs] 
466.599: [GC (Allocation Failure) [PSYoungGen: 62368K->9632K(109568K)] 283146K->230410K(625664K), 0.0022662 secs] [Times: user=0.01 sys=0.00, real=0.00 secs] 
466.822: [GC (Allocation Failure) [PSYoungGen: 70048K->17792K(77824K)] 290826K->238570K(593920K), 0.0026209 secs] [Times: user=0.01 sys=0.00, real=0.00 secs] 
467.040: [GC (Allocation Failure) [PSYoungGen: 77696K->34240K(105472K)] 298474K->255018K(621568K), 0.0033758 secs] [Times: user=0.02 sys=0.00, real=0.01 secs] 
467.280: [GC (Allocation Failure) [PSYoungGen: 91072K->34192K(108544K)] 311850K->255031K(624640K), 0.0060089 secs] [Times: user=0.03 sys=0.00, real=0.01 secs] 
467.671: [GC (Allocation Failure) [PSYoungGen: 91024K->1344K(117760K)] 311863K->222191K(633856K), 0.0018275 secs] [Times: user=0.01 sys=0.00, real=0.01 secs] 
468.714: [GC (Allocation Failure) [PSYoungGen: 65344K->1920K(65536K)] 286191K->222775K(581632K), 0.0019279 secs] [Times: user=0.01 sys=0.00, real=0.00 secs] 
469.211: [GC (Allocation Failure) [PSYoungGen: 58792K->9616K(111616K)] 279647K->230479K(627712K), 0.0029654 secs] [Times: user=0.01 sys=0.00, real=0.01 secs] 
469.424: [GC (Allocation Failure) [PSYoungGen: 72592K->17760K(114176K)] 293455K->238631K(630272K), 0.0032363 secs] [Times: user=0.02 sys=0.00, real=0.00 secs] 
469.621: [GC (Allocation Failure) [PSYoungGen: 80736K->34208K(114688K)] 301607K->255087K(630784K), 0.0034726 secs] [Times: user=0.01 sys=0.01, real=0.01 secs] 
469.964: [GC (Allocation Failure) [PSYoungGen: 100768K->1392K(118272K)] 321647K->222287K(634368K), 0.0020440 secs] [Times: user=0.00 sys=0.00, real=0.00 secs] 
470.610: [GC (Allocation Failure) [PSYoungGen: 67952K->1421K(107008K)] 288847K->222324K(623104K), 0.0014389 secs] [Times: user=0.01 sys=0.00, real=0.01 secs] 
472.012: [GC (Allocation Failure) [PSYoungGen: 67469K->9632K(75264K)] 288372K->230535K(591360K), 0.0025154 secs] [Times: user=0.01 sys=0.00, real=0.00 secs] 
472.685: [GC (Allocation Failure) [PSYoungGen: 75168K->17792K(108032K)] 296071K->238695K(624128K), 0.0038016 secs] [Times: user=0.01 sys=0.01, real=0.00 secs] 
473.231: [GC (Allocation Failure) [PSYoungGen: 82816K->34176K(110080K)] 303719K->255079K(626176K), 0.0046847 secs] [Times: user=0.02 sys=0.00, real=0.01 secs] 
474.152: [GC (Allocation Failure) [PSYoungGen: 98688K->1408K(112128K)] 319591K->222311K(628224K), 0.0023479 secs] [Times: user=0.01 sys=0.00, real=0.00 secs] 
475.101: [GC (Allocation Failure) [PSYoungGen: 65408K->1373K(65024K)] 286311K->222276K(581120K), 0.0014328 secs] [Times: user=0.00 sys=0.00, real=0.01 secs] 
475.659: [GC (Allocation Failure) [PSYoungGen: 64861K->9664K(105472K)] 285764K->230567K(621568K), 0.0020427 secs] [Times: user=0.01 sys=0.00, real=0.00 secs] 
475.887: [GC (Allocation Failure) [PSYoungGen: 72640K->17792K(80384K)] 293543K->238695K(596480K), 0.0022686 secs] [Times: user=0.01 sys=0.00, real=0.00 secs] 
476.079: [GC (Allocation Failure) [PSYoungGen: 80256K->34208K(102400K)] 301159K->255111K(618496K), 0.0036955 secs] [Times: user=0.02 sys=0.00, real=0.01 secs] 
476.323: [GC (Allocation Failure) [PSYoungGen: 92576K->34176K(106496K)] 313479K->255103K(622592K), 0.0031861 secs] [Times: user=0.01 sys=0.00, real=0.00 secs] 
476.696: [GC (Allocation Failure) [PSYoungGen: 92544K->1408K(101376K)] 313471K->222343K(617472K), 0.0017971 secs] [Times: user=0.01 sys=0.00, real=0.00 secs] 
477.413: [GC (Allocation Failure) [PSYoungGen: 59264K->5536K(63488K)] 280199K->226479K(579584K), 0.0017901 secs] [Times: user=0.01 sys=0.00, real=0.00 secs] 
477.760: [GC (Allocation Failure) [PSYoungGen: 63392K->17792K(102400K)] 284335K->238735K(618496K), 0.0023362 secs] [Times: user=0.01 sys=0.00, real=0.01 secs] 
478.094: [GC (Allocation Failure) [PSYoungGen: 65219K->17792K(75776K)] 286162K->238735K(591872K), 0.0029256 secs] [Times: user=0.01 sys=0.00, real=0.00 secs] 
478.417: [GC (Allocation Failure) [PSYoungGen: 75648K->34208K(98816K)] 296591K->255159K(614912K), 0.0055144 secs] [Times: user=0.03 sys=0.00, real=0.01 secs] 
478.878: [GC (Allocation Failure) [PSYoungGen: 87968K->34144K(102912K)] 308919K->255111K(619008K), 0.0039108 secs] [Times: user=0.02 sys=0.00, real=0.00 secs] 
479.352: [GC (Allocation Failure) [PSYoungGen: 87904K->1376K(98816K)] 308871K->222351K(614912K), 0.0022587 secs] [Times: user=0.01 sys=0.00, real=0.00 secs] 
480.147: [GC (Allocation Failure) [PSYoungGen: 55136K->3456K(57344K)] 276111K->224439K(573440K), 0.0019746 secs] [Times: user=0.01 sys=0.00, real=0.00 secs] 
480.595: [GC (Allocation Failure) [PSYoungGen: 52509K->9616K(99328K)] 273492K->230599K(615424K), 0.0020771 secs] [Times: user=0.01 sys=0.00, real=0.00 secs] 
481.118: [GC (Allocation Failure) [PSYoungGen: 63376K->17824K(71680K)] 284359K->238807K(587776K), 0.0057411 secs] [Times: user=0.02 sys=0.00, real=0.01 secs] 
481.538: [GC (Allocation Failure) [PSYoungGen: 71584K->34176K(96256K)] 292567K->255159K(612352K), 0.0062405 secs] [Times: user=0.04 sys=0.00, real=0.01 secs] 
482.135: [GC (Allocation Failure) [PSYoungGen: 84352K->34176K(99840K)] 305335K->255175K(615936K), 0.0049491 secs] [Times: user=0.03 sys=0.00, real=0.00 secs] 
482.846: [GC (Allocation Failure) [PSYoungGen: 84352K->1408K(102912K)] 305351K->222415K(619008K), 0.0032908 secs] [Times: user=0.01 sys=0.00, real=0.00 secs] 
483.798: [GC (Allocation Failure) [PSYoungGen: 51584K->1341K(51712K)] 272591K->222356K(567808K), 0.0014351 secs] [Times: user=0.01 sys=0.00, real=0.00 secs] 
484.196: [GC (Allocation Failure) [PSYoungGen: 51517K->9632K(96768K)] 272532K->230647K(612864K), 0.0020410 secs] [Times: user=0.01 sys=0.00, real=0.00 secs] 
484.371: [GC (Allocation Failure) [PSYoungGen: 59808K->17792K(68096K)] 280823K->238807K(584192K), 0.0024567 secs] [Times: user=0.01 sys=0.00, real=0.01 secs] 
484.511: [GC (Allocation Failure) [PSYoungGen: 51887K->17728K(98816K)] 272903K->238751K(614912K), 0.0022957 secs] [Times: user=0.01 sys=0.00, real=0.01 secs] 
484.662: [GC (Allocation Failure) [PSYoungGen: 69952K->34176K(96768K)] 290975K->255207K(612864K), 0.0033029 secs] [Times: user=0.01 sys=0.00, real=0.00 secs] 
484.880: [GC (Allocation Failure) [PSYoungGen: 86400K->34176K(104448K)] 307431K->255239K(620544K), 0.0033504 secs] [Times: user=0.01 sys=0.00, real=0.01 secs] 
485.113: [GC (Allocation Failure) [PSYoungGen: 89984K->1376K(107520K)] 311047K->222463K(623616K), 0.0025055 secs] [Times: user=0.01 sys=0.00, real=0.00 secs] 
486.027: [GC (Allocation Failure) [PSYoungGen: 57184K->3488K(111104K)] 278271K->224583K(627200K), 0.0027348 secs] [Times: user=0.01 sys=0.00, real=0.00 secs] 
486.840: [GC (Allocation Failure) [PSYoungGen: 65952K->17792K(112640K)] 287047K->238895K(628736K), 0.0048246 secs] [Times: user=0.02 sys=0.00, real=0.01 secs] 
487.619: [GC (Allocation Failure) [PSYoungGen: 68935K->17808K(96768K)] 290039K->238919K(612864K), 0.0053615 secs] [Times: user=0.02 sys=0.00, real=0.01 secs] 
488.184: [GC (Allocation Failure) [PSYoungGen: 79760K->34144K(106496K)] 300871K->255279K(622592K), 0.0059353 secs] [Times: user=0.03 sys=0.00, real=0.00 secs] 
488.758: [GC (Allocation Failure) [PSYoungGen: 95584K->34192K(107008K)] 316719K->255335K(623104K), 0.0057903 secs] [Times: user=0.03 sys=0.01, real=0.01 secs] 
489.409: [GC (Allocation Failure) [PSYoungGen: 92560K->1408K(59392K)] 313703K->222559K(575488K), 0.0035316 secs] [Times: user=0.01 sys=0.01, real=0.01 secs] 
490.805: [GC (Allocation Failure) [PSYoungGen: 56340K->5504K(107520K)] 277491K->226663K(623616K), 0.0025423 secs] [Times: user=0.01 sys=0.01, real=0.00 secs] 
490.992: [GC (Allocation Failure) [PSYoungGen: 63360K->17824K(75776K)] 284519K->238983K(591872K), 0.0026589 secs] [Times: user=0.01 sys=0.00, real=0.00 secs] 
491.276: [GC (Allocation Failure) [PSYoungGen: 75680K->34144K(102400K)] 296839K->255311K(618496K), 0.0034397 secs] [Times: user=0.02 sys=0.00, real=0.00 secs] 
491.655: [GC (Allocation Failure) [PSYoungGen: 88928K->34176K(105472K)] 310095K->255359K(621568K), 0.0034577 secs] [Times: user=0.01 sys=0.00, real=0.00 secs] 
492.101: [GC (Allocation Failure) [PSYoungGen: 88960K->1360K(101888K)] 310143K->222583K(617984K), 0.0026269 secs] [Times: user=0.02 sys=0.00, real=0.01 secs] 
492.585: [GC (Allocation Failure) [PSYoungGen: 56049K->240K(55296K)] 277273K->221471K(571392K), 0.0036619 secs] [Times: user=0.01 sys=0.00, real=0.00 secs] 
493.525: [GC (Allocation Failure) [PSYoungGen: 51077K->5520K(104448K)] 272309K->226869K(620544K), 0.0019483 secs] [Times: user=0.00 sys=0.00, real=0.00 secs] 
493.870: [GC (Allocation Failure) [PSYoungGen: 60304K->17792K(72704K)] 281653K->239141K(588800K), 0.0027121 secs] [Times: user=0.01 sys=0.00, real=0.01 secs] 
494.178: [GC (Allocation Failure) [PSYoungGen: 56935K->17792K(98304K)] 278284K->239141K(614400K), 0.0039587 secs] [Times: user=0.01 sys=0.00, real=0.01 secs] 
494.484: [GC (Allocation Failure) [PSYoungGen: 72576K->34144K(100864K)] 293925K->255501K(616960K), 0.0054954 secs] [Times: user=0.03 sys=0.00, real=0.00 secs] 
494.925: [GC (Allocation Failure) [PSYoungGen: 88928K->34144K(108032K)] 310285K->255509K(624128K), 0.0043622 secs] [Times: user=0.02 sys=0.00, real=0.00 secs] 
495.325: [GC (Allocation Failure) [PSYoungGen: 92512K->1376K(111104K)] 313877K->222749K(627200K), 0.0027443 secs] [Times: user=0.01 sys=0.00, real=0.00 secs] 
496.712: [GC (Allocation Failure) [PSYoungGen: 59744K->5504K(100352K)] 281117K->226995K(616448K), 0.0037817 secs] [Times: user=0.02 sys=0.00, real=0.00 secs] 
497.468: [GC (Allocation Failure) [PSYoungGen: 63360K->17792K(75776K)] 284851K->239283K(591872K), 0.0059091 secs] [Times: user=0.03 sys=0.00, real=0.01 secs] 
497.917: [GC (Allocation Failure) [PSYoungGen: 63986K->17760K(100864K)] 285477K->239259K(616960K), 0.0038037 secs] [Times: user=0.02 sys=0.01, real=0.00 secs] 
498.249: [GC (Allocation Failure) [PSYoungGen: 75616K->34176K(103424K)] 297115K->255675K(619520K), 0.0049598 secs] [Times: user=0.03 sys=0.00, real=0.01 secs] 
498.693: [GC (Allocation Failure) [PSYoungGen: 92032K->32896K(111104K)] 313531K->255704K(627200K), 0.0045598 secs] [Times: user=0.02 sys=0.00, real=0.00 secs] 
498.952: [GC (Allocation Failure) [PSYoungGen: 94848K->96K(113664K)] 317656K->222920K(629760K), 0.0019375 secs] [Times: user=0.01 sys=0.00, real=0.00 secs] 
499.722: [GC (Allocation Failure) [PSYoungGen: 58402K->5488K(102400K)] 281227K->228336K(618496K), 0.0018805 secs] [Times: user=0.01 sys=0.00, real=0.00 secs] 
499.928: [GC (Allocation Failure) [PSYoungGen: 66928K->17824K(78848K)] 289776K->240680K(594944K), 0.0025373 secs] [Times: user=0.02 sys=0.00, real=0.00 secs] 
500.125: [GC (Allocation Failure) [PSYoungGen: 78752K->32896K(105472K)] 301608K->257101K(621568K), 0.0040274 secs] [Times: user=0.02 sys=0.00, real=0.00 secs] 
500.391: [GC (Allocation Failure) [PSYoungGen: 90752K->128K(108544K)] 314957K->257117K(624640K), 0.0049780 secs] [Times: user=0.02 sys=0.00, real=0.01 secs] 
500.679: [GC (Allocation Failure) [PSYoungGen: 57984K->128K(113664K)] 314973K->257125K(629760K), 0.0020369 secs] [Times: user=0.01 sys=0.00, real=0.00 secs] 
501.482: [GC (Allocation Failure) [PSYoungGen: 65152K->1984K(114688K)] 322149K->258989K(630784K), 0.0019492 secs] [Times: user=0.00 sys=0.00, real=0.00 secs] 
501.942: [GC (Allocation Failure) [PSYoungGen: 60071K->8288K(100352K)] 317077K->266641K(616448K), 0.0022789 secs] [Times: user=0.01 sys=0.00, real=0.00 secs] 
502.413: [GC (Allocation Failure) [PSYoungGen: 72800K->128K(64512K)] 331153K->258489K(580608K), 0.0034763 secs] [Times: user=0.01 sys=0.00, real=0.00 secs] 
502.977: [GC (Allocation Failure) [PSYoungGen: 64128K->96K(104960K)] 322489K->258481K(621056K), 0.0027045 secs] [Times: user=0.01 sys=0.01, real=0.00 secs] 
503.945: [GC (Allocation Failure) [PSYoungGen: 63584K->128K(63488K)] 321969K->258513K(579584K), 0.0032124 secs] [Times: user=0.01 sys=0.00, real=0.00 secs] 
505.095: [GC (Allocation Failure) [PSYoungGen: 63104K->1968K(99840K)] 321489K->260353K(615936K), 0.0018750 secs] [Times: user=0.00 sys=0.00, real=0.00 secs] 
505.314: [GC (Allocation Failure) [PSYoungGen: 60613K->9648K(71680K)] 318998K->268033K(587776K), 0.0019911 secs] [Times: user=0.01 sys=0.00, real=0.00 secs] 
505.539: [GC (Allocation Failure) [PSYoungGen: 71600K->17856K(98816K)] 329985K->276241K(614912K), 0.0023374 secs] [Times: user=0.01 sys=0.00, real=0.00 secs] 
505.794: [GC (Allocation Failure) [PSYoungGen: 79296K->1440K(62464K)] 337681K->259825K(578560K), 0.0020778 secs] [Times: user=0.01 sys=0.00, real=0.00 secs] 
506.048: [GC (Allocation Failure) [PSYoungGen: 62368K->1408K(93184K)] 320753K->259793K(609280K), 0.0020110 secs] [Times: user=0.01 sys=0.00, real=0.00 secs] 
506.705: [GC (Allocation Failure) [PSYoungGen: 61824K->1392K(61440K)] 320209K->259777K(577536K), 0.0015681 secs] [Times: user=0.01 sys=0.00, real=0.00 secs] 
507.236: [GC (Allocation Failure) [PSYoungGen: 61296K->9664K(89088K)] 319681K->268049K(605184K), 0.0023463 secs] [Times: user=0.01 sys=0.00, real=0.00 secs] 
507.629: [GC (Allocation Failure) [PSYoungGen: 69056K->17824K(90624K)] 327441K->276209K(606720K), 0.0023575 secs] [Times: user=0.01 sys=0.00, real=0.00 secs] 
508.088: [GC (Allocation Failure) [PSYoungGen: 76704K->1376K(88064K)] 335089K->259761K(604160K), 0.0020221 secs] [Times: user=0.01 sys=0.00, real=0.00 secs] 
508.638: [GC (Allocation Failure) [PSYoungGen: 59744K->1408K(59392K)] 318129K->259793K(575488K), 0.0020017 secs] [Times: user=0.01 sys=0.00, real=0.00 secs] 
509.139: [GC (Allocation Failure) [PSYoungGen: 59264K->1472K(85504K)] 317649K->259857K(601600K), 0.0020388 secs] [Times: user=0.01 sys=0.00, real=0.00 secs] 
509.919: [GC (Allocation Failure) [PSYoungGen: 58706K->5584K(63488K)] 317092K->263969K(579584K), 0.0019495 secs] [Times: user=0.01 sys=0.00, real=0.00 secs] 
510.244: [GC (Allocation Failure) [PSYoungGen: 63440K->17856K(82432K)] 321825K->276241K(598528K), 0.0023344 secs] [Times: user=0.01 sys=0.00, real=0.00 secs] 
510.765: [GC (Allocation Failure) [PSYoungGen: 73152K->1440K(56832K)] 331537K->259825K(572928K), 0.0020012 secs] [Times: user=0.01 sys=0.01, real=0.00 secs] 
511.223: [GC (Allocation Failure) [PSYoungGen: 56736K->1408K(81408K)] 315121K->259793K(597504K), 0.0021761 secs] [Times: user=0.00 sys=0.00, real=0.00 secs] 
511.793: [GC (Allocation Failure) [PSYoungGen: 56704K->1376K(56832K)] 315089K->259822K(572928K), 0.0023881 secs] [Times: user=0.00 sys=0.00, real=0.00 secs] 
512.752: [GC (Allocation Failure) [PSYoungGen: 56672K->1373K(79360K)] 315118K->259828K(595456K), 0.0015456 secs] [Times: user=0.00 sys=0.00, real=0.00 secs] 
513.076: [GC (Allocation Failure) [PSYoungGen: 56669K->9632K(65024K)] 315124K->268094K(581120K), 0.0023625 secs] [Times: user=0.01 sys=0.01, real=0.00 secs] 
513.272: [GC (Allocation Failure) [PSYoungGen: 64928K->17792K(77312K)] 323390K->276262K(593408K), 0.0025508 secs] [Times: user=0.01 sys=0.00, real=0.00 secs] 
513.638: [GC (Allocation Failure) [PSYoungGen: 70528K->1440K(54272K)] 328998K->259910K(570368K), 0.0020421 secs] [Times: user=0.01 sys=0.00, real=0.00 secs] 
514.006: [GC (Allocation Failure) [PSYoungGen: 54176K->1408K(76800K)] 312646K->259878K(592896K), 0.0020370 secs] [Times: user=0.01 sys=0.00, real=0.00 secs] 
514.400: [GC (Allocation Failure) [PSYoungGen: 54144K->1440K(54272K)] 312614K->259926K(570368K), 0.0021538 secs] [Times: user=0.01 sys=0.00, real=0.01 secs] 
515.252: [GC (Allocation Failure) [PSYoungGen: 54176K->1952K(73728K)] 312662K->260446K(589824K), 0.0019305 secs] [Times: user=0.01 sys=0.00, real=0.00 secs] 
515.598: [GC (Allocation Failure) [PSYoungGen: 54688K->9632K(75264K)] 313182K->268134K(591360K), 0.0019995 secs] [Times: user=0.01 sys=0.00, real=0.00 secs] 
515.939: [GC (Allocation Failure) [PSYoungGen: 62368K->17760K(72192K)] 320870K->276278K(588288K), 0.0021744 secs] [Times: user=0.01 sys=0.00, real=0.00 secs] 
516.471: [GC (Allocation Failure) [PSYoungGen: 67424K->1408K(51200K)] 325942K->259926K(567296K), 0.0019513 secs] [Times: user=0.01 sys=0.00, real=0.01 secs] 
517.058: [GC (Allocation Failure) [PSYoungGen: 51072K->1376K(72192K)] 309590K->259902K(588288K), 0.0022529 secs] [Times: user=0.01 sys=0.00, real=0.00 secs] 
517.624: [GC (Allocation Failure) [PSYoungGen: 51040K->1440K(51200K)] 309566K->259974K(567296K), 0.0023850 secs] [Times: user=0.01 sys=0.00, real=0.00 secs] 
518.519: [GC (Allocation Failure) [PSYoungGen: 51104K->1376K(70144K)] 309638K->259918K(586240K), 0.0015253 secs] [Times: user=0.01 sys=0.00, real=0.00 secs] 
519.186: [GC (Allocation Failure) [PSYoungGen: 51040K->9664K(71168K)] 309582K->268214K(587264K), 0.0023098 secs] [Times: user=0.01 sys=0.00, real=0.00 secs] 
519.595: [GC (Allocation Failure) [PSYoungGen: 59328K->17824K(68096K)] 317878K->276374K(584192K), 0.0052040 secs] [Times: user=0.02 sys=0.00, real=0.00 secs] 
520.000: [GC (Allocation Failure) [PSYoungGen: 64416K->1440K(48128K)] 322966K->259990K(564224K), 0.0032402 secs] [Times: user=0.01 sys=0.00, real=0.01 secs] 
520.424: [GC (Allocation Failure) [PSYoungGen: 48032K->1408K(69120K)] 306582K->260006K(585216K), 0.0027929 secs] [Times: user=0.01 sys=0.00, real=0.00 secs] 
520.903: [GC (Allocation Failure) [PSYoungGen: 48000K->1392K(48128K)] 306598K->259998K(564224K), 0.0026184 secs] [Times: user=0.01 sys=0.00, real=0.00 secs] 
521.244: [GC (Allocation Failure) [PSYoungGen: 47984K->1376K(66560K)] 306590K->259990K(582656K), 0.0023756 secs] [Times: user=0.01 sys=0.00, real=0.00 secs] 
523.102: [GC (Allocation Failure) [PSYoungGen: 47968K->2432K(49152K)] 306582K->261054K(565248K), 0.0039737 secs] [Times: user=0.01 sys=0.00, real=0.00 secs] 
523.875: [GC (Allocation Failure) [PSYoungGen: 49024K->9600K(66560K)] 307646K->268222K(582656K), 0.0083567 secs] [Times: user=0.04 sys=0.00, real=0.01 secs] 
524.249: [GC (Allocation Failure) [PSYoungGen: 56192K->17776K(66560K)] 314814K->276406K(582656K), 0.0041907 secs] [Times: user=0.02 sys=0.00, real=0.01 secs] 
524.631: [GC (Allocation Failure) [PSYoungGen: 64368K->1408K(68096K)] 322998K->260046K(584192K), 0.0030850 secs] [Times: user=0.01 sys=0.01, real=0.01 secs] 
525.030: [GC (Allocation Failure) [PSYoungGen: 48000K->1440K(48128K)] 306638K->260086K(564224K), 0.0032440 secs] [Times: user=0.01 sys=0.00, real=0.01 secs] 
525.416: [GC (Allocation Failure) [PSYoungGen: 48032K->1376K(66048K)] 306678K->260030K(582144K), 0.0023012 secs] [Times: user=0.01 sys=0.00, real=0.00 secs] 
525.768: [GC (Allocation Failure) [PSYoungGen: 47968K->1408K(48128K)] 306622K->260062K(564224K), 0.0021467 secs] [Times: user=0.01 sys=0.00, real=0.00 secs] 
526.552: [GC (Allocation Failure) [PSYoungGen: 48000K->5568K(63488K)] 306654K->264222K(579584K), 0.0021080 secs] [Times: user=0.01 sys=0.00, real=0.00 secs] 
526.918: [GC (Allocation Failure) [PSYoungGen: 52160K->17824K(65024K)] 310814K->276478K(581120K), 0.0027978 secs] [Times: user=0.01 sys=0.00, real=0.00 secs] 
527.389: [GC (Allocation Failure) [PSYoungGen: 64416K->17824K(65536K)] 323070K->276510K(581632K), 0.0030543 secs] [Times: user=0.02 sys=0.00, real=0.01 secs] 
527.952: [GC (Allocation Failure) [PSYoungGen: 61344K->1408K(45056K)] 320030K->260102K(561152K), 0.0037635 secs] [Times: user=0.02 sys=0.00, real=0.00 secs] 
528.568: [GC (Allocation Failure) [PSYoungGen: 44928K->1408K(66560K)] 303622K->260110K(582656K), 0.0038501 secs] [Times: user=0.01 sys=0.00, real=0.01 secs] 
529.166: [GC (Allocation Failure) [PSYoungGen: 44928K->1376K(45056K)] 303630K->260078K(561152K), 0.0039373 secs] [Times: user=0.01 sys=0.00, real=0.00 secs] 
529.664: [GC (Allocation Failure) [PSYoungGen: 44896K->1440K(64000K)] 303598K->260142K(580096K), 0.0025650 secs] [Times: user=0.01 sys=0.00, real=0.00 secs] 
530.449: [GC (Allocation Failure) [PSYoungGen: 44960K->5536K(49152K)] 303662K->264238K(565248K), 0.0020863 secs] [Times: user=0.01 sys=0.00, real=0.00 secs] 
530.756: [GC (Allocation Failure) [PSYoungGen: 44424K->9584K(63488K)] 303127K->268294K(579584K), 0.0018256 secs] [Times: user=0.01 sys=0.00, real=0.00 secs] 
531.054: [GC (Allocation Failure) [PSYoungGen: 53104K->17824K(63488K)] 311814K->276542K(579584K), 0.0051775 secs] [Times: user=0.02 sys=0.00, real=0.00 secs] 
531.845: [GC (Allocation Failure) [PSYoungGen: 61344K->1376K(65536K)] 320062K->260102K(581632K), 0.0039142 secs] [Times: user=0.01 sys=0.00, real=0.00 secs] 
532.433: [GC (Allocation Failure) [PSYoungGen: 44896K->1376K(45056K)] 303622K->260110K(561152K), 0.0031118 secs] [Times: user=0.01 sys=0.00, real=0.00 secs] 
532.822: [GC (Allocation Failure) [PSYoungGen: 44896K->1344K(63488K)] 303630K->260078K(579584K), 0.0025272 secs] [Times: user=0.01 sys=0.00, real=0.00 secs] 
533.290: [GC (Allocation Failure) [PSYoungGen: 44864K->1376K(45056K)] 303598K->260110K(561152K), 0.0025742 secs] [Times: user=0.01 sys=0.00, real=0.01 secs] 
534.228: [GC (Allocation Failure) [PSYoungGen: 44896K->3488K(61440K)] 303630K->262222K(577536K), 0.0019869 secs] [Times: user=0.01 sys=0.00, real=0.00 secs] 
534.835: [GC (Allocation Failure) [PSYoungGen: 47008K->9568K(62464K)] 305742K->268310K(578560K), 0.0020930 secs] [Times: user=0.01 sys=0.00, real=0.00 secs] 
535.308: [GC (Allocation Failure) [PSYoungGen: 53088K->17760K(59904K)] 311830K->276510K(576000K), 0.0059504 secs] [Times: user=0.03 sys=0.00, real=0.01 secs] 
535.822: [GC (Allocation Failure) [PSYoungGen: 58208K->1376K(41984K)] 316958K->260126K(558080K), 0.0039487 secs] [Times: user=0.01 sys=0.00, real=0.00 secs] 
536.360: [GC (Allocation Failure) [PSYoungGen: 41824K->1376K(60416K)] 300574K->260134K(576512K), 0.0039131 secs] [Times: user=0.01 sys=0.00, real=0.01 secs] 
536.731: [GC (Allocation Failure) [PSYoungGen: 41824K->1360K(41984K)] 300582K->260118K(558080K), 0.0030230 secs] [Times: user=0.01 sys=0.00, real=0.01 secs] 
537.032: [GC (Allocation Failure) [PSYoungGen: 41808K->1376K(58880K)] 300566K->260150K(574976K), 0.0023947 secs] [Times: user=0.01 sys=0.00, real=0.00 secs] 
537.470: [GC (Allocation Failure) [PSYoungGen: 41824K->1373K(41984K)] 300598K->260148K(558080K), 0.0017068 secs] [Times: user=0.01 sys=0.00, real=0.00 secs] 
538.036: [GC (Allocation Failure) [PSYoungGen: 41821K->5568K(56832K)] 300596K->264358K(572928K), 0.0020677 secs] [Times: user=0.01 sys=0.00, real=0.00 secs] 
538.299: [GC (Allocation Failure) [PSYoungGen: 42003K->9648K(57856K)] 300794K->268446K(573952K), 0.0019327 secs] [Times: user=0.01 sys=0.00, real=0.00 secs] 
538.511: [GC (Allocation Failure) [PSYoungGen: 50096K->17792K(55808K)] 308894K->276598K(571904K), 0.0027128 secs] [Times: user=0.01 sys=0.00, real=0.01 secs] 
538.667: [GC (Allocation Failure) [PSYoungGen: 55168K->1376K(38912K)] 313974K->260190K(555008K), 0.0019759 secs] [Times: user=0.01 sys=0.00, real=0.00 secs] 
538.822: [GC (Allocation Failure) [PSYoungGen: 38752K->1344K(58880K)] 297566K->260158K(574976K), 0.0018130 secs] [Times: user=0.01 sys=0.00, real=0.00 secs] 
538.979: [GC (Allocation Failure) [PSYoungGen: 39232K->1376K(58368K)] 298046K->260198K(574464K), 0.0019019 secs] [Times: user=0.00 sys=0.00, real=0.00 secs] 
539.208: [GC (Allocation Failure) [PSYoungGen: 39264K->1376K(59904K)] 298086K->260206K(576000K), 0.0020347 secs] [Times: user=0.01 sys=0.00, real=0.00 secs] 
539.446: [GC (Allocation Failure) [PSYoungGen: 43872K->1373K(44032K)] 302702K->260212K(560128K), 0.0018454 secs] [Times: user=0.00 sys=0.00, real=0.00 secs] 
540.010: [GC (Allocation Failure) [PSYoungGen: 43869K->5536K(58368K)] 302708K->264374K(574464K), 0.0020188 secs] [Times: user=0.01 sys=0.00, real=0.01 secs] 
540.169: [GC (Allocation Failure) [PSYoungGen: 42745K->9616K(59392K)] 301584K->268454K(575488K), 0.0018013 secs] [Times: user=0.00 sys=0.00, real=0.00 secs] 
540.434: [GC (Allocation Failure) [PSYoungGen: 52112K->9632K(59392K)] 310950K->276662K(575488K), 0.0028481 secs] [Times: user=0.01 sys=0.00, real=0.00 secs] 
540.922: [GC (Allocation Failure) [PSYoungGen: 51616K->1344K(43520K)] 318646K->268382K(559616K), 0.0020141 secs] [Times: user=0.01 sys=0.00, real=0.00 secs] 
541.413: [GC (Allocation Failure) [PSYoungGen: 43328K->1344K(58368K)] 310366K->268390K(574464K), 0.0021995 secs] [Times: user=0.01 sys=0.00, real=0.00 secs] 
541.877: [GC (Allocation Failure) [PSYoungGen: 43328K->1376K(43520K)] 310374K->268422K(559616K), 0.0021750 secs] [Times: user=0.01 sys=0.00, real=0.00 secs] 
542.372: [GC (Allocation Failure) [PSYoungGen: 43360K->1376K(57344K)] 310406K->268422K(573440K), 0.0034869 secs] [Times: user=0.02 sys=0.00, real=0.00 secs] 
543.331: [GC (Allocation Failure) [PSYoungGen: 43360K->1536K(44032K)] 310406K->268582K(560128K), 0.0017409 secs] [Times: user=0.00 sys=0.00, real=0.01 secs] 
543.640: [GC (Allocation Failure) [PSYoungGen: 43520K->9600K(55808K)] 310566K->276646K(571904K), 0.0023456 secs] [Times: user=0.00 sys=0.00, real=0.01 secs] 
543.777: [GC (Allocation Failure) [PSYoungGen: 50560K->9600K(56832K)] 317606K->284838K(572928K), 0.0029775 secs] [Times: user=0.01 sys=0.00, real=0.00 secs] 
544.005: [GC (Allocation Failure) [PSYoungGen: 50560K->1344K(62464K)] 325798K->276606K(578560K), 0.0030698 secs] [Times: user=0.01 sys=0.00, real=0.00 secs] 
544.475: [GC (Allocation Failure) [PSYoungGen: 47424K->1376K(62464K)] 322686K->276638K(578560K), 0.0045419 secs] [Times: user=0.02 sys=0.00, real=0.00 secs] 
545.021: [GC (Allocation Failure) [PSYoungGen: 47456K->1344K(64512K)] 322718K->276622K(580608K), 0.0039214 secs] [Times: user=0.01 sys=0.00, real=0.01 secs] 
545.571: [GC (Allocation Failure) [PSYoungGen: 52544K->1344K(52736K)] 327822K->276630K(568832K), 0.0039380 secs] [Times: user=0.02 sys=0.01, real=0.01 secs] 
546.521: [GC (Allocation Failure) [PSYoungGen: 52544K->2464K(63488K)] 327830K->277758K(579584K), 0.0016480 secs] [Times: user=0.00 sys=0.00, real=0.01 secs] 
546.705: [GC (Allocation Failure) [PSYoungGen: 53664K->9632K(64512K)] 328958K->284926K(580608K), 0.0017711 secs] [Times: user=0.01 sys=0.00, real=0.00 secs] 
546.883: [GC (Allocation Failure) [PSYoungGen: 60832K->9632K(65024K)] 336126K->293118K(581120K), 0.0032818 secs] [Times: user=0.02 sys=0.00, real=0.00 secs] 
547.217: [GC (Allocation Failure) [PSYoungGen: 59808K->1344K(51712K)] 343294K->284830K(567808K), 0.0019528 secs] [Times: user=0.01 sys=0.00, real=0.00 secs] 
547.715: [GC (Allocation Failure) [PSYoungGen: 51520K->1408K(64512K)] 335006K->284910K(580608K), 0.0020727 secs] [Times: user=0.01 sys=0.00, real=0.00 secs] 
548.573: [GC (Allocation Failure) [PSYoungGen: 51584K->1344K(51712K)] 335086K->284854K(567808K), 0.0040260 secs] [Times: user=0.01 sys=0.00, real=0.00 secs] 
549.649: [GC (Allocation Failure) [PSYoungGen: 51520K->1405K(62464K)] 335030K->284916K(578560K), 0.0015245 secs] [Times: user=0.01 sys=0.00, real=0.00 secs] 
550.577: [GC (Allocation Failure) [PSYoungGen: 51581K->9664K(63488K)] 335092K->293174K(579584K), 0.0024324 secs] [Times: user=0.01 sys=0.00, real=0.00 secs] 
550.806: [GC (Allocation Failure) [PSYoungGen: 59840K->1376K(64000K)] 343350K->284886K(580096K), 0.0021503 secs] [Times: user=0.01 sys=0.00, real=0.00 secs] 
551.024: [GC (Allocation Failure) [PSYoungGen: 51552K->1344K(51712K)] 335062K->284854K(567808K), 0.0021710 secs] [Times: user=0.01 sys=0.00, real=0.00 secs] 
551.233: [GC (Allocation Failure) [PSYoungGen: 51520K->1376K(62976K)] 335030K->284886K(579072K), 0.0020476 secs] [Times: user=0.00 sys=0.00, real=0.00 secs] 
551.555: [GC (Allocation Failure) [PSYoungGen: 51552K->1408K(51712K)] 335062K->284926K(567808K), 0.0021549 secs] [Times: user=0.01 sys=0.00, real=0.00 secs] 
552.223: [GC (Allocation Failure) [PSYoungGen: 51584K->1408K(61440K)] 335102K->284926K(577536K), 0.0016251 secs] [Times: user=0.01 sys=0.00, real=0.00 secs] 
554.216: [GC (Allocation Failure) [PSYoungGen: 51584K->9632K(61952K)] 335102K->293150K(578048K), 0.0047201 secs] [Times: user=0.02 sys=0.01, real=0.00 secs] 
555.439: [GC (Allocation Failure) [PSYoungGen: 59808K->1376K(62464K)] 343326K->284894K(578560K), 0.0025509 secs] [Times: user=0.01 sys=0.00, real=0.01 secs] 
555.642: [GC (Allocation Failure) [PSYoungGen: 51552K->1344K(51712K)] 335070K->284870K(567808K), 0.0020125 secs] [Times: user=0.01 sys=0.00, real=0.00 secs] 
555.851: [GC (Allocation Failure) [PSYoungGen: 51520K->1408K(61440K)] 335046K->284942K(577536K), 0.0020662 secs] [Times: user=0.01 sys=0.00, real=0.01 secs] 
556.059: [GC (Allocation Failure) [PSYoungGen: 51584K->1376K(51712K)] 335118K->284918K(567808K), 0.0019509 secs] [Times: user=0.01 sys=0.00, real=0.00 secs] 
556.428: [GC (Allocation Failure) [PSYoungGen: 51552K->1392K(60416K)] 335094K->284942K(576512K), 0.0016100 secs] [Times: user=0.01 sys=0.00, real=0.00 secs] 
557.928: [GC (Allocation Failure) [PSYoungGen: 51568K->9664K(60928K)] 335118K->293214K(577024K), 0.0040449 secs] [Times: user=0.01 sys=0.00, real=0.01 secs] 
559.111: [GC (Allocation Failure) [PSYoungGen: 59840K->1392K(61440K)] 343390K->284942K(577536K), 0.0040854 secs] [Times: user=0.02 sys=0.00, real=0.01 secs] 
559.991: [GC (Allocation Failure) [PSYoungGen: 51568K->1408K(51712K)] 335118K->284974K(567808K), 0.0027300 secs] [Times: user=0.01 sys=0.00, real=0.01 secs] 
560.338: [GC (Allocation Failure) [PSYoungGen: 51584K->1376K(60416K)] 335150K->284942K(576512K), 0.0022820 secs] [Times: user=0.02 sys=0.00, real=0.00 secs] 
560.607: [GC (Allocation Failure) [PSYoungGen: 51552K->1392K(51712K)] 335118K->284958K(567808K), 0.0019099 secs] [Times: user=0.01 sys=0.00, real=0.00 secs] 
561.091: [GC (Allocation Failure) [PSYoungGen: 50553K->288K(60416K)] 334120K->283854K(576512K), 0.0020800 secs] [Times: user=0.01 sys=0.00, real=0.01 secs] 
561.860: [GC (Allocation Failure) [PSYoungGen: 50464K->5536K(60416K)] 334030K->289102K(576512K), 0.0017736 secs] [Times: user=0.01 sys=0.00, real=0.01 secs] 
562.296: [GC (Allocation Failure) [PSYoungGen: 55712K->1408K(59392K)] 339278K->284974K(575488K), 0.0019726 secs] [Times: user=0.01 sys=0.00, real=0.00 secs] 
562.721: [GC (Allocation Failure) [PSYoungGen: 51584K->1376K(51712K)] 335150K->284942K(567808K), 0.0021960 secs] [Times: user=0.01 sys=0.00, real=0.01 secs] 
563.056: [GC (Allocation Failure) [PSYoungGen: 51552K->1376K(59392K)] 335118K->284942K(575488K), 0.0020899 secs] [Times: user=0.00 sys=0.00, real=0.00 secs] 
563.282: [GC (Allocation Failure) [PSYoungGen: 51552K->1360K(51712K)] 335118K->284926K(567808K), 0.0022394 secs] [Times: user=0.01 sys=0.00, real=0.00 secs] 
563.495: [GC (Allocation Failure) [PSYoungGen: 51536K->1376K(57856K)] 335102K->284950K(573952K), 0.0020100 secs] [Times: user=0.00 sys=0.00, real=0.00 secs] 
564.457: [GC (Allocation Failure) [PSYoungGen: 51552K->5568K(58368K)] 335126K->289142K(574464K), 0.0022496 secs] [Times: user=0.01 sys=0.00, real=0.00 secs] 
565.102: [GC (Allocation Failure) [PSYoungGen: 55744K->1392K(57856K)] 339318K->284966K(573952K), 0.0018352 secs] [Times: user=0.01 sys=0.00, real=0.00 secs] 
565.885: [GC (Allocation Failure) [PSYoungGen: 51568K->1408K(58368K)] 335142K->284982K(574464K), 0.0030862 secs] [Times: user=0.01 sys=0.00, real=0.00 secs] 
566.581: [GC (Allocation Failure) [PSYoungGen: 51584K->1376K(57344K)] 335158K->284950K(573440K), 0.0030727 secs] [Times: user=0.01 sys=0.00, real=0.01 secs] 
567.085: [GC (Allocation Failure) [PSYoungGen: 51552K->1376K(51712K)] 335126K->284966K(567808K), 0.0029344 secs] [Times: user=0.01 sys=0.00, real=0.00 secs] 
567.518: [GC (Allocation Failure) [PSYoungGen: 51552K->1376K(56320K)] 335142K->284966K(572416K), 0.0030106 secs] [Times: user=0.02 sys=0.00, real=0.00 secs] 
568.501: [GC (Allocation Failure) [PSYoungGen: 51552K->5536K(56832K)] 335142K->289126K(572928K), 0.0020246 secs] [Times: user=0.01 sys=0.00, real=0.01 secs] 
569.055: [GC (Allocation Failure) [PSYoungGen: 55712K->1376K(56832K)] 339302K->284966K(572928K), 0.0019301 secs] [Times: user=0.01 sys=0.00, real=0.00 secs] 
569.472: [GC (Allocation Failure) [PSYoungGen: 51552K->1376K(57344K)] 335142K->284966K(573440K), 0.0018258 secs] [Times: user=0.00 sys=0.00, real=0.00 secs] 
569.879: [GC (Allocation Failure) [PSYoungGen: 51552K->1376K(56320K)] 335142K->284982K(572416K), 0.0019395 secs] [Times: user=0.01 sys=0.00, real=0.00 secs] 
570.214: [GC (Allocation Failure) [PSYoungGen: 51552K->1376K(56832K)] 335158K->284982K(572928K), 0.0023431 secs] [Times: user=0.01 sys=0.00, real=0.00 secs] 
570.422: [GC (Allocation Failure) [PSYoungGen: 51552K->1440K(55808K)] 335158K->285046K(571904K), 0.0029994 secs] [Times: user=0.00 sys=0.00, real=0.00 secs] 
571.112: [GC (Allocation Failure) [PSYoungGen: 50249K->3504K(56320K)] 333855K->287111K(572416K), 0.0020171 secs] [Times: user=0.01 sys=0.00, real=0.00 secs] 
571.296: [GC (Allocation Failure) [PSYoungGen: 53680K->1376K(56320K)] 337287K->284982K(572416K), 0.0018510 secs] [Times: user=0.01 sys=0.00, real=0.00 secs] 
571.504: [GC (Allocation Failure) [PSYoungGen: 51552K->1376K(51712K)] 335158K->284982K(567808K), 0.0020421 secs] [Times: user=0.01 sys=0.00, real=0.00 secs] 
571.713: [GC (Allocation Failure) [PSYoungGen: 51552K->1376K(55808K)] 335158K->284982K(571904K), 0.0019228 secs] [Times: user=0.00 sys=0.00, real=0.00 secs] 
571.923: [GC (Allocation Failure) [PSYoungGen: 51552K->1376K(51712K)] 335158K->284982K(567808K), 0.0019229 secs] [Times: user=0.01 sys=0.00, real=0.00 secs] 
572.131: [GC (Allocation Failure) [PSYoungGen: 51552K->1408K(55296K)] 335158K->285014K(571392K), 0.0018395 secs] [Times: user=0.01 sys=0.00, real=0.01 secs] 
572.903: [GC (Allocation Failure) [PSYoungGen: 51584K->3472K(55296K)] 335190K->287079K(571392K), 0.0018489 secs] [Times: user=0.00 sys=0.00, real=0.00 secs] 
573.333: [GC (Allocation Failure) [PSYoungGen: 53648K->4480K(54272K)] 337255K->293206K(570368K), 0.0019325 secs] [Times: user=0.01 sys=0.00, real=0.00 secs] 
573.847: [GC (Allocation Failure) [PSYoungGen: 53632K->352K(55296K)] 342358K->289078K(571392K), 0.0018162 secs] [Times: user=0.01 sys=0.00, real=0.00 secs] 
574.286: [GC (Allocation Failure) [PSYoungGen: 49504K->320K(54272K)] 338230K->289062K(570368K), 0.0025001 secs] [Times: user=0.01 sys=0.00, real=0.00 secs] 
574.730: [GC (Allocation Failure) [PSYoungGen: 49472K->320K(54784K)] 338214K->289078K(570880K), 0.0022498 secs] [Times: user=0.00 sys=0.00, real=0.01 secs] 
575.287: [GC (Allocation Failure) [PSYoungGen: 49472K->320K(54784K)] 338230K->289078K(570880K), 0.0031742 secs] [Times: user=0.02 sys=0.00, real=0.00 secs] 
576.202: [GC (Allocation Failure) [PSYoungGen: 49472K->1728K(51200K)] 338230K->290487K(567296K), 0.0020105 secs] [Times: user=0.01 sys=0.00, real=0.00 secs] 
576.377: [GC (Allocation Failure) [PSYoungGen: 50880K->4480K(53248K)] 339639K->298359K(569344K), 0.0022294 secs] [Times: user=0.01 sys=0.00, real=0.00 secs] 
576.700: [GC (Allocation Failure) [PSYoungGen: 52608K->336K(54272K)] 346487K->294215K(570368K), 0.0016773 secs] [Times: user=0.00 sys=0.00, real=0.00 secs] 
577.106: [GC (Allocation Failure) [PSYoungGen: 48464K->368K(53248K)] 342343K->294247K(569344K), 0.0016568 secs] [Times: user=0.01 sys=0.00, real=0.00 secs] 
577.530: [GC (Allocation Failure) [PSYoungGen: 48496K->352K(53760K)] 342375K->294231K(569856K), 0.0018973 secs] [Times: user=0.01 sys=0.00, real=0.01 secs] 
577.904: [GC (Allocation Failure) [PSYoungGen: 48480K->352K(52736K)] 342359K->294231K(568832K), 0.0020652 secs] [Times: user=0.01 sys=0.00, real=0.00 secs] 
578.515: [GC (Allocation Failure) [PSYoungGen: 48480K->1341K(53248K)] 342359K->295220K(569344K), 0.0020026 secs] [Times: user=0.01 sys=0.00, real=0.00 secs] 
579.198: [GC (Allocation Failure) [PSYoungGen: 46864K->3424K(52736K)] 340743K->299359K(568832K), 0.0039356 secs] [Times: user=0.02 sys=0.00, real=0.01 secs] 
579.653: [GC (Allocation Failure) [PSYoungGen: 51040K->1360K(49152K)] 346975K->297295K(565248K), 0.0032920 secs] [Times: user=0.01 sys=0.00, real=0.00 secs] 
580.149: [GC (Allocation Failure) [PSYoungGen: 48976K->1408K(51712K)] 344911K->297343K(567808K), 0.0045729 secs] [Times: user=0.02 sys=0.00, real=0.01 secs] 
580.635: [GC (Allocation Failure) [PSYoungGen: 49024K->1360K(52224K)] 344959K->297295K(568320K), 0.0086053 secs] [Times: user=0.01 sys=0.00, real=0.01 secs] 
580.978: [GC (Allocation Failure) [PSYoungGen: 48976K->1376K(51200K)] 344911K->297311K(567296K), 0.0025619 secs] [Times: user=0.01 sys=0.00, real=0.00 secs] 
581.407: [GC (Allocation Failure) [PSYoungGen: 48992K->1376K(51712K)] 344927K->297311K(567808K), 0.0021564 secs] [Times: user=0.01 sys=0.00, real=0.00 secs] 
582.212: [GC (Allocation Failure) [PSYoungGen: 48992K->2400K(51712K)] 344927K->298335K(567808K), 0.0019518 secs] [Times: user=0.01 sys=0.00, real=0.00 secs] 
582.385: [GC (Allocation Failure) [PSYoungGen: 50016K->1408K(51712K)] 345951K->305535K(567808K), 0.0021803 secs] [Times: user=0.01 sys=0.00, real=0.00 secs] 
582.593: [GC (Allocation Failure) [PSYoungGen: 49024K->1408K(50688K)] 353151K->305535K(566784K), 0.0021130 secs] [Times: user=0.01 sys=0.00, real=0.00 secs] 
582.837: [GC (Allocation Failure) [PSYoungGen: 49024K->1408K(51200K)] 353151K->305535K(567296K), 0.0019283 secs] [Times: user=0.01 sys=0.00, real=0.00 secs] 
583.116: [GC (Allocation Failure) [PSYoungGen: 49024K->1408K(51200K)] 353151K->305535K(567296K), 0.0018801 secs] [Times: user=0.01 sys=0.00, real=0.00 secs] 
583.445: [GC (Allocation Failure) [PSYoungGen: 49024K->1376K(49152K)] 353151K->305503K(565248K), 0.0021556 secs] [Times: user=0.01 sys=0.01, real=0.00 secs] 
584.055: [GC (Allocation Failure) [PSYoungGen: 48992K->1373K(50688K)] 353119K->305500K(566784K), 0.0014665 secs] [Times: user=0.00 sys=0.00, real=0.00 secs] 
584.632: [GC (Allocation Failure) [PSYoungGen: 48989K->1376K(50688K)] 353116K->305503K(566784K), 0.0022175 secs] [Times: user=0.01 sys=0.00, real=0.00 secs] 
585.144: [GC (Allocation Failure) [PSYoungGen: 48992K->1376K(50688K)] 353119K->305503K(566784K), 0.0023668 secs] [Times: user=0.00 sys=0.00, real=0.00 secs] 
585.531: [GC (Allocation Failure) [PSYoungGen: 48992K->1408K(49152K)] 353119K->305551K(565248K), 0.0022741 secs] [Times: user=0.01 sys=0.00, real=0.01 secs] 
586.014: [GC (Allocation Failure) [PSYoungGen: 49024K->1408K(50176K)] 353167K->305551K(566272K), 0.0024458 secs] [Times: user=0.01 sys=0.00, real=0.00 secs] 
586.491: [GC (Allocation Failure) [PSYoungGen: 49024K->1344K(50176K)] 353167K->305487K(566272K), 0.0022771 secs] [Times: user=0.01 sys=0.00, real=0.01 secs] 
586.982: [GC (Allocation Failure) [PSYoungGen: 48960K->1376K(50176K)] 353103K->305519K(566272K), 0.0024321 secs] [Times: user=0.01 sys=0.00, real=0.00 secs] 
588.240: [GC (Allocation Failure) [PSYoungGen: 48992K->1440K(50176K)] 353135K->309679K(566272K), 0.0048684 secs] [Times: user=0.02 sys=0.00, real=0.01 secs] 
588.790: [GC (Allocation Failure) [PSYoungGen: 49056K->1408K(50176K)] 357295K->309647K(566272K), 0.0032903 secs] [Times: user=0.01 sys=0.00, real=0.01 secs] 
589.305: [GC (Allocation Failure) [PSYoungGen: 49024K->1328K(50176K)] 357263K->309567K(566272K), 0.0033760 secs] [Times: user=0.02 sys=0.00, real=0.00 secs] 
589.832: [GC (Allocation Failure) [PSYoungGen: 48944K->1392K(49152K)] 357183K->309631K(565248K), 0.0034242 secs] [Times: user=0.02 sys=0.00, real=0.00 secs] 
590.581: [GC (Allocation Failure) [PSYoungGen: 49008K->1376K(49664K)] 357247K->309623K(565760K), 0.0043058 secs] [Times: user=0.02 sys=0.01, real=0.01 secs] 
591.239: [GC (Allocation Failure) [PSYoungGen: 48992K->1376K(49664K)] 357239K->309623K(565760K), 0.0042170 secs] [Times: user=0.02 sys=0.00, real=0.01 secs] 
592.409: [GC (Allocation Failure) [PSYoungGen: 48963K->1936K(49664K)] 357210K->310695K(565760K), 0.0017891 secs] [Times: user=0.01 sys=0.00, real=0.00 secs] 
593.147: [GC (Allocation Failure) [PSYoungGen: 49552K->1376K(49152K)] 358311K->310135K(565248K), 0.0019202 secs] [Times: user=0.01 sys=0.00, real=0.00 secs] 
593.542: [GC (Allocation Failure) [PSYoungGen: 48992K->1376K(49664K)] 357751K->310135K(565760K), 0.0020799 secs] [Times: user=0.01 sys=0.00, real=0.00 secs] 
593.740: [GC (Allocation Failure) [PSYoungGen: 48992K->1376K(49664K)] 357751K->310135K(565760K), 0.0019541 secs] [Times: user=0.01 sys=0.00, real=0.01 secs] 
593.969: [GC (Allocation Failure) [PSYoungGen: 48992K->1440K(49664K)] 357751K->310199K(565760K), 0.0019432 secs] [Times: user=0.01 sys=0.00, real=0.00 secs] 
594.218: [GC (Allocation Failure) [PSYoungGen: 49056K->1408K(49664K)] 357815K->310167K(565760K), 0.0021009 secs] [Times: user=0.01 sys=0.00, real=0.00 secs] 
594.786: [GC (Allocation Failure) [PSYoungGen: 49024K->1344K(49664K)] 357783K->310103K(565760K), 0.0014058 secs] [Times: user=0.00 sys=0.00, real=0.00 secs] 
595.130: [GC (Allocation Failure) [PSYoungGen: 48960K->1472K(49664K)] 357719K->310231K(565760K), 0.0018627 secs] [Times: user=0.00 sys=0.00, real=0.01 secs] 
595.328: [GC (Allocation Failure) [PSYoungGen: 49088K->1344K(49664K)] 357847K->310103K(565760K), 0.0017767 secs] [Times: user=0.01 sys=0.00, real=0.00 secs] 
595.564: [GC (Allocation Failure) [PSYoungGen: 48960K->1392K(49664K)] 357719K->310151K(565760K), 0.0025534 secs] [Times: user=0.01 sys=0.00, real=0.00 secs] 
595.762: [GC (Allocation Failure) [PSYoungGen: 49008K->1408K(49664K)] 357767K->310199K(565760K), 0.0018716 secs] [Times: user=0.01 sys=0.00, real=0.00 secs] 
595.960: [GC (Allocation Failure) [PSYoungGen: 49024K->1376K(49664K)] 357815K->310167K(565760K), 0.0019210 secs] [Times: user=0.00 sys=0.00, real=0.01 secs] 
596.248: [GC (Allocation Failure) [PSYoungGen: 48983K->272K(49664K)] 357774K->309063K(565760K), 0.0018771 secs] [Times: user=0.01 sys=0.00, real=0.00 secs] 
596.898: [GC (Allocation Failure) [PSYoungGen: 47888K->1440K(49664K)] 356679K->310231K(565760K), 0.0020435 secs] [Times: user=0.01 sys=0.00, real=0.00 secs] 
597.186: [GC (Allocation Failure) [PSYoungGen: 49056K->1408K(49664K)] 357847K->310199K(565760K), 0.0019941 secs] [Times: user=0.01 sys=0.00, real=0.00 secs] 
597.547: [GC (Allocation Failure) [PSYoungGen: 49024K->1376K(49664K)] 357815K->310175K(565760K), 0.0026251 secs] [Times: user=0.01 sys=0.01, real=0.00 secs] 
597.904: [GC (Allocation Failure) [PSYoungGen: 48992K->1360K(49664K)] 357791K->310159K(565760K), 0.0028349 secs] [Times: user=0.02 sys=0.01, real=0.00 secs] 
598.407: [GC (Allocation Failure) [PSYoungGen: 48976K->1344K(49664K)] 357775K->310143K(565760K), 0.0026884 secs] [Times: user=0.01 sys=0.00, real=0.00 secs] 
598.925: [GC (Allocation Failure) [PSYoungGen: 48960K->1344K(49664K)] 357759K->310143K(565760K), 0.0028500 secs] [Times: user=0.01 sys=0.00, real=0.00 secs] 
599.927: [GC (Allocation Failure) [PSYoungGen: 48960K->1440K(49664K)] 357759K->312287K(565760K), 0.0021869 secs] [Times: user=0.01 sys=0.01, real=0.00 secs] 
600.654: [GC (Allocation Failure) [PSYoungGen: 49056K->352K(49664K)] 359903K->311199K(565760K), 0.0043107 secs] [Times: user=0.02 sys=0.00, real=0.00 secs] 
601.303: [GC (Allocation Failure) [PSYoungGen: 47968K->352K(49664K)] 358815K->311199K(565760K), 0.0044396 secs] [Times: user=0.02 sys=0.00, real=0.00 secs] 
601.938: [GC (Allocation Failure) [PSYoungGen: 47968K->384K(49664K)] 358815K->311239K(565760K), 0.0032348 secs] [Times: user=0.01 sys=0.00, real=0.00 secs] 
602.491: [GC (Allocation Failure) [PSYoungGen: 48000K->352K(49664K)] 358855K->311207K(565760K), 0.0032226 secs] [Times: user=0.01 sys=0.00, real=0.01 secs] 
602.997: [GC (Allocation Failure) [PSYoungGen: 47968K->384K(49664K)] 358823K->311239K(565760K), 0.0027713 secs] [Times: user=0.01 sys=0.00, real=0.00 secs] 
604.164: [GC (Allocation Failure) [PSYoungGen: 48000K->1648K(49152K)] 358855K->312503K(565248K), 0.0021609 secs] [Times: user=0.01 sys=0.00, real=0.00 secs] 
605.078: [GC (Allocation Failure) [PSYoungGen: 48752K->1376K(49664K)] 359607K->312231K(565760K), 0.0045482 secs] [Times: user=0.02 sys=0.00, real=0.01 secs] 
605.754: [GC (Allocation Failure) [PSYoungGen: 48480K->1360K(49664K)] 359335K->312215K(565760K), 0.0052245 secs] [Times: user=0.02 sys=0.01, real=0.00 secs] 
606.366: [GC (Allocation Failure) [PSYoungGen: 48464K->1376K(49664K)] 359319K->312239K(565760K), 0.0030602 secs] [Times: user=0.01 sys=0.00, real=0.00 secs] 
606.946: [GC (Allocation Failure) [PSYoungGen: 48480K->1408K(49664K)] 359343K->312271K(565760K), 0.0030953 secs] [Times: user=0.01 sys=0.00, real=0.00 secs] 
607.361: [GC (Allocation Failure) [PSYoungGen: 48512K->1344K(49664K)] 359375K->312207K(565760K), 0.0020502 secs] [Times: user=0.01 sys=0.00, real=0.01 secs] 
607.938: [GC (Allocation Failure) [PSYoungGen: 48448K->1389K(49664K)] 359311K->312252K(565760K), 0.0014190 secs] [Times: user=0.01 sys=0.00, real=0.00 secs] 
608.718: [GC (Allocation Failure) [PSYoungGen: 48493K->1376K(49664K)] 359356K->312239K(565760K), 0.0017427 secs] [Times: user=0.01 sys=0.00, real=0.00 secs] 
609.149: [GC (Allocation Failure) [PSYoungGen: 48480K->1376K(49664K)] 359343K->312247K(565760K), 0.0020271 secs] [Times: user=0.01 sys=0.00, real=0.00 secs] 
609.592: [GC (Allocation Failure) [PSYoungGen: 48480K->1344K(49664K)] 359351K->312215K(565760K), 0.0021557 secs] [Times: user=0.01 sys=0.00, real=0.00 secs] 
609.991: [GC (Allocation Failure) [PSYoungGen: 48448K->1376K(48640K)] 359319K->312247K(564736K), 0.0023710 secs] [Times: user=0.01 sys=0.00, real=0.01 secs] 
610.571: [GC (Allocation Failure) [PSYoungGen: 48480K->1376K(49152K)] 359351K->312247K(565248K), 0.0023540 secs] [Times: user=0.01 sys=0.00, real=0.01 secs] 
611.256: [GC (Allocation Failure) [PSYoungGen: 48480K->1408K(49152K)] 359351K->312279K(565248K), 0.0027110 secs] [Times: user=0.01 sys=0.00, real=0.00 secs] 
612.228: [GC (Allocation Failure) [PSYoungGen: 48512K->1440K(49152K)] 359383K->312311K(565248K), 0.0019920 secs] [Times: user=0.01 sys=0.00, real=0.00 secs] 
612.451: [GC (Allocation Failure) [PSYoungGen: 48544K->1376K(49152K)] 359415K->312247K(565248K), 0.0019680 secs] [Times: user=0.01 sys=0.00, real=0.01 secs] 
612.648: [GC (Allocation Failure) [PSYoungGen: 48480K->1376K(49152K)] 359351K->312247K(565248K), 0.0019357 secs] [Times: user=0.01 sys=0.00, real=0.00 secs] 
612.844: [GC (Allocation Failure) [PSYoungGen: 48480K->1376K(49152K)] 359351K->312247K(565248K), 0.0019119 secs] [Times: user=0.01 sys=0.00, real=0.00 secs] 
613.040: [GC (Allocation Failure) [PSYoungGen: 48480K->1376K(49152K)] 359351K->312247K(565248K), 0.0019388 secs] [Times: user=0.01 sys=0.00, real=0.01 secs] 
613.285: [GC (Allocation Failure) [PSYoungGen: 48480K->1344K(49152K)] 359351K->312215K(565248K), 0.0019470 secs] [Times: user=0.01 sys=0.00, real=0.00 secs] 
613.932: [GC (Allocation Failure) [PSYoungGen: 47621K->192K(49152K)] 358492K->311063K(565248K), 0.0015765 secs] [Times: user=0.01 sys=0.00, real=0.00 secs] 
614.546: [GC (Allocation Failure) [PSYoungGen: 47296K->1408K(49152K)] 358167K->312287K(565248K), 0.0034983 secs] [Times: user=0.01 sys=0.00, real=0.00 secs] 
615.330: [GC (Allocation Failure) [PSYoungGen: 48512K->1344K(49152K)] 359391K->312223K(565248K), 0.0019036 secs] [Times: user=0.01 sys=0.00, real=0.01 secs] 
616.091: [GC (Allocation Failure) [PSYoungGen: 48448K->1408K(49152K)] 359327K->312295K(565248K), 0.0077117 secs] [Times: user=0.03 sys=0.00, real=0.01 secs] 
616.550: [GC (Allocation Failure) [PSYoungGen: 48512K->1344K(49152K)] 359399K->312239K(565248K), 0.0031654 secs] [Times: user=0.01 sys=0.00, real=0.01 secs] 
617.147: [GC (Allocation Failure) [PSYoungGen: 48448K->1328K(49152K)] 359343K->312223K(565248K), 0.0034631 secs] [Times: user=0.01 sys=0.00, real=0.00 secs] 
617.713: [GC (Allocation Failure) [PSYoungGen: 48391K->240K(49152K)] 359286K->311135K(565248K), 0.0034595 secs] [Times: user=0.01 sys=0.00, real=0.00 secs] 
618.433: [GC (Allocation Failure) [PSYoungGen: 47344K->1440K(49152K)] 358239K->312335K(565248K), 0.0018020 secs] [Times: user=0.01 sys=0.00, real=0.00 secs] 
618.629: [GC (Allocation Failure) [PSYoungGen: 48544K->1392K(49152K)] 359439K->312287K(565248K), 0.0019018 secs] [Times: user=0.01 sys=0.00, real=0.00 secs] 
618.898: [GC (Allocation Failure) [PSYoungGen: 48496K->1376K(49152K)] 359391K->312271K(565248K), 0.0018135 secs] [Times: user=0.01 sys=0.00, real=0.00 secs] 
619.287: [GC (Allocation Failure) [PSYoungGen: 48480K->1376K(49152K)] 359375K->312271K(565248K), 0.0018837 secs] [Times: user=0.01 sys=0.00, real=0.00 secs] 
619.849: [GC (Allocation Failure) [PSYoungGen: 48480K->1440K(49152K)] 359375K->312335K(565248K), 0.0034531 secs] [Times: user=0.01 sys=0.00, real=0.01 secs] 
620.308: [GC (Allocation Failure) [PSYoungGen: 48544K->1376K(49152K)] 359439K->312271K(565248K), 0.0021537 secs] [Times: user=0.01 sys=0.00, real=0.00 secs] 
621.133: [GC (Allocation Failure) [PSYoungGen: 48480K->1472K(49152K)] 359375K->313391K(565248K), 0.0018115 secs] [Times: user=0.01 sys=0.00, real=0.00 secs] 
621.366: [GC (Allocation Failure) [PSYoungGen: 48576K->368K(49152K)] 360495K->312287K(565248K), 0.0018722 secs] [Times: user=0.00 sys=0.00, real=0.00 secs] 
621.562: [GC (Allocation Failure) [PSYoungGen: 47472K->400K(48640K)] 359391K->312319K(564736K), 0.0018944 secs] [Times: user=0.01 sys=0.00, real=0.00 secs] 
621.756: [GC (Allocation Failure) [PSYoungGen: 46992K->320K(49152K)] 358911K->312239K(565248K), 0.0019333 secs] [Times: user=0.00 sys=0.01, real=0.00 secs] 
622.011: [GC (Allocation Failure) [PSYoungGen: 46912K->352K(49152K)] 358831K->312271K(565248K), 0.0018165 secs] [Times: user=0.01 sys=0.00, real=0.01 secs] 
622.315: [GC (Allocation Failure) [PSYoungGen: 46944K->352K(49152K)] 358863K->312271K(565248K), 0.0018868 secs] [Times: user=0.00 sys=0.00, real=0.00 secs] 
622.922: [GC (Allocation Failure) [PSYoungGen: 46944K->1373K(49152K)] 358863K->313292K(565248K), 0.0015485 secs] [Times: user=0.00 sys=0.01, real=0.00 secs] 
623.241: [GC (Allocation Failure) [PSYoungGen: 47965K->1408K(49152K)] 359884K->313335K(565248K), 0.0018012 secs] [Times: user=0.01 sys=0.00, real=0.01 secs] 
623.435: [GC (Allocation Failure) [PSYoungGen: 48000K->1408K(49152K)] 359927K->313335K(565248K), 0.0017809 secs] [Times: user=0.01 sys=0.00, real=0.00 secs] 
623.629: [GC (Allocation Failure) [PSYoungGen: 48000K->1408K(49152K)] 359927K->313343K(565248K), 0.0017497 secs] [Times: user=0.01 sys=0.00, real=0.00 secs] 
623.822: [GC (Allocation Failure) [PSYoungGen: 48000K->1376K(49152K)] 359935K->313319K(565248K), 0.0019015 secs] [Times: user=0.00 sys=0.00, real=0.00 secs] 
624.015: [GC (Allocation Failure) [PSYoungGen: 47968K->1376K(49152K)] 359911K->313319K(565248K), 0.0018094 secs] [Times: user=0.01 sys=0.00, real=0.00 secs] 
624.209: [GC (Allocation Failure) [PSYoungGen: 47968K->1344K(49152K)] 359911K->313287K(565248K), 0.0018022 secs] [Times: user=0.01 sys=0.00, real=0.00 secs] 
625.389: [GC (Allocation Failure) [PSYoungGen: 47936K->1376K(49152K)] 359879K->313319K(565248K), 0.0034907 secs] [Times: user=0.01 sys=0.00, real=0.01 secs] 
626.064: [GC (Allocation Failure) [PSYoungGen: 47968K->1376K(49152K)] 359911K->313319K(565248K), 0.0032817 secs] [Times: user=0.01 sys=0.01, real=0.00 secs] 
626.455: [GC (Allocation Failure) [PSYoungGen: 47968K->1408K(49152K)] 359911K->313359K(565248K), 0.0026820 secs] [Times: user=0.01 sys=0.00, real=0.00 secs] 
626.953: [GC (Allocation Failure) [PSYoungGen: 48000K->1376K(49152K)] 359951K->313327K(565248K), 0.0026621 secs] [Times: user=0.01 sys=0.00, real=0.00 secs] 
627.395: [GC (Allocation Failure) [PSYoungGen: 47968K->1344K(49152K)] 359919K->313295K(565248K), 0.0026654 secs] [Times: user=0.01 sys=0.00, real=0.00 secs] 
627.932: [GC (Allocation Failure) [PSYoungGen: 47936K->1408K(48128K)] 359887K->313359K(564224K), 0.0047776 secs] [Times: user=0.02 sys=0.00, real=0.00 secs] 
628.927: [GC (Allocation Failure) [PSYoungGen: 48000K->1536K(48640K)] 359951K->313487K(564736K), 0.0019143 secs] [Times: user=0.01 sys=0.00, real=0.00 secs] 
629.233: [GC (Allocation Failure) [PSYoungGen: 48128K->1376K(48128K)] 360079K->313327K(564224K), 0.0019742 secs] [Times: user=0.01 sys=0.01, real=0.00 secs] 
629.427: [GC (Allocation Failure) [PSYoungGen: 47968K->1408K(48640K)] 359919K->313359K(564736K), 0.0019639 secs] [Times: user=0.01 sys=0.00, real=0.00 secs] 
629.621: [GC (Allocation Failure) [PSYoungGen: 48000K->1344K(48640K)] 359951K->313303K(564736K), 0.0019253 secs] [Times: user=0.01 sys=0.00, real=0.01 secs] 
629.815: [GC (Allocation Failure) [PSYoungGen: 47936K->1376K(48640K)] 359895K->313335K(564736K), 0.0031702 secs] [Times: user=0.01 sys=0.00, real=0.00 secs] 
630.010: [GC (Allocation Failure) [PSYoungGen: 47968K->1392K(54272K)] 359927K->313351K(570368K), 0.0025917 secs] [Times: user=0.01 sys=0.00, real=0.01 secs] 
630.571: [GC (Allocation Failure) [PSYoungGen: 53616K->1373K(54272K)] 365575K->313332K(570368K), 0.0014809 secs] [Times: user=0.01 sys=0.00, real=0.01 secs] 
631.223: [GC (Allocation Failure) [PSYoungGen: 53597K->1408K(54272K)] 365556K->313383K(570368K), 0.0019226 secs] [Times: user=0.01 sys=0.00, real=0.00 secs] 
631.620: [GC (Allocation Failure) [PSYoungGen: 53632K->1408K(54272K)] 365607K->313383K(570368K), 0.0021911 secs] [Times: user=0.01 sys=0.00, real=0.01 secs] 
632.063: [GC (Allocation Failure) [PSYoungGen: 53632K->1376K(54272K)] 365607K->313351K(570368K), 0.0033309 secs] [Times: user=0.01 sys=0.00, real=0.00 secs] 
632.478: [GC (Allocation Failure) [PSYoungGen: 53600K->1344K(54272K)] 365575K->313319K(570368K), 0.0026558 secs] [Times: user=0.01 sys=0.00, real=0.00 secs] 
632.880: [GC (Allocation Failure) [PSYoungGen: 53568K->1392K(54272K)] 365543K->313367K(570368K), 0.0024035 secs] [Times: user=0.01 sys=0.00, real=0.01 secs] 
633.745: [GC (Allocation Failure) [PSYoungGen: 53616K->1744K(54272K)] 365591K->313727K(570368K), 0.0016686 secs] [Times: user=0.01 sys=0.00, real=0.00 secs] 
634.085: [GC (Allocation Failure) [PSYoungGen: 53968K->1344K(54272K)] 365951K->313327K(570368K), 0.0021615 secs] [Times: user=0.01 sys=0.00, real=0.00 secs] 
634.549: [GC (Allocation Failure) [PSYoungGen: 53568K->1408K(54272K)] 365551K->313391K(570368K), 0.0022094 secs] [Times: user=0.01 sys=0.00, real=0.00 secs] 
635.067: [GC (Allocation Failure) [PSYoungGen: 53632K->1376K(54272K)] 365615K->313383K(570368K), 0.0035323 secs] [Times: user=0.01 sys=0.00, real=0.00 secs] 
635.583: [GC (Allocation Failure) [PSYoungGen: 53600K->1408K(54272K)] 365607K->313415K(570368K), 0.0027888 secs] [Times: user=0.01 sys=0.00, real=0.00 secs] 
636.105: [GC (Allocation Failure) [PSYoungGen: 53632K->1344K(54272K)] 365639K->313351K(570368K), 0.0026208 secs] [Times: user=0.01 sys=0.00, real=0.00 secs] 
637.028: [GC (Allocation Failure) [PSYoungGen: 53568K->1408K(54272K)] 365575K->313415K(570368K), 0.0018787 secs] [Times: user=0.01 sys=0.00, real=0.00 secs] 
637.715: [GC (Allocation Failure) [PSYoungGen: 53632K->1440K(54272K)] 365639K->313447K(570368K), 0.0018564 secs] [Times: user=0.00 sys=0.00, real=0.00 secs] 
638.475: [GC (Allocation Failure) [PSYoungGen: 53664K->1344K(54272K)] 365671K->313351K(570368K), 0.0041918 secs] [Times: user=0.02 sys=0.00, real=0.00 secs] 
639.106: [GC (Allocation Failure) [PSYoungGen: 53568K->1408K(54272K)] 365575K->313415K(570368K), 0.0040389 secs] [Times: user=0.02 sys=0.01, real=0.00 secs] 
639.688: [GC (Allocation Failure) [PSYoungGen: 53632K->1344K(54272K)] 365639K->313359K(570368K), 0.0034684 secs] [Times: user=0.02 sys=0.00, real=0.01 secs] 
640.299: [GC (Allocation Failure) [PSYoungGen: 53568K->1376K(54272K)] 365583K->313391K(570368K), 0.0032652 secs] [Times: user=0.01 sys=0.00, real=0.01 secs] 
641.613: [GC (Allocation Failure) [PSYoungGen: 53600K->1376K(54272K)] 365615K->313391K(570368K), 0.0022276 secs] [Times: user=0.01 sys=0.00, real=0.00 secs] 
642.426: [GC (Allocation Failure) [PSYoungGen: 53600K->1360K(54272K)] 365615K->313375K(570368K), 0.0040852 secs] [Times: user=0.02 sys=0.00, real=0.00 secs] 
643.083: [GC (Allocation Failure) [PSYoungGen: 53584K->1328K(53760K)] 365599K->313343K(569856K), 0.0034877 secs] [Times: user=0.02 sys=0.00, real=0.00 secs] 
643.388: [GC (Allocation Failure) [PSYoungGen: 53552K->1408K(53760K)] 365567K->313431K(569856K), 0.0024359 secs] [Times: user=0.01 sys=0.00, real=0.00 secs] 
643.971: [GC (Allocation Failure) [PSYoungGen: 53632K->1344K(53760K)] 365655K->313367K(569856K), 0.0026064 secs] [Times: user=0.01 sys=0.00, real=0.01 secs] 
644.983: [GC (Allocation Failure) [PSYoungGen: 53568K->1405K(53760K)] 365591K->313436K(569856K), 0.0015232 secs] [Times: user=0.01 sys=0.00, real=0.00 secs] 
646.310: [GC (Allocation Failure) [PSYoungGen: 53629K->1440K(53760K)] 365660K->313479K(569856K), 0.0041919 secs] [Times: user=0.02 sys=0.00, real=0.01 secs] 
647.091: [GC (Allocation Failure) [PSYoungGen: 53664K->1408K(53760K)] 365703K->313447K(569856K), 0.0031593 secs] [Times: user=0.01 sys=0.00, real=0.01 secs] 
647.711: [GC (Allocation Failure) [PSYoungGen: 53632K->1408K(53760K)] 365671K->313447K(569856K), 0.0032141 secs] [Times: user=0.02 sys=0.00, real=0.01 secs] 
647.990: [GC (Allocation Failure) [PSYoungGen: 53632K->1440K(53760K)] 365671K->313479K(569856K), 0.0020814 secs] [Times: user=0.01 sys=0.00, real=0.01 secs] 
648.217: [GC (Allocation Failure) [PSYoungGen: 53664K->1424K(53760K)] 365703K->313463K(569856K), 0.0019890 secs] [Times: user=0.01 sys=0.00, real=0.00 secs] 
649.239: [GC (Allocation Failure) [PSYoungGen: 53648K->960K(53248K)] 365687K->314023K(569344K), 0.0021994 secs] [Times: user=0.01 sys=0.00, real=0.00 secs] 
650.014: [GC (Allocation Failure) [PSYoungGen: 52672K->352K(53760K)] 365735K->313423K(569856K), 0.0044404 secs] [Times: user=0.02 sys=0.00, real=0.00 secs] 
650.609: [GC (Allocation Failure) [PSYoungGen: 52064K->384K(53760K)] 365135K->313455K(569856K), 0.0028192 secs] [Times: user=0.01 sys=0.00, real=0.01 secs] 
651.239: [GC (Allocation Failure) [PSYoungGen: 52096K->384K(53760K)] 365167K->313455K(569856K), 0.0040428 secs] [Times: user=0.01 sys=0.00, real=0.01 secs] 
651.680: [GC (Allocation Failure) [PSYoungGen: 52096K->368K(53760K)] 365167K->313439K(569856K), 0.0023355 secs] [Times: user=0.01 sys=0.00, real=0.01 secs] 
651.911: [GC (Allocation Failure) [PSYoungGen: 52080K->384K(53760K)] 365151K->313455K(569856K), 0.0019951 secs] [Times: user=0.01 sys=0.00, real=0.01 secs] 
652.587: [GC (Allocation Failure) [PSYoungGen: 52096K->1472K(53760K)] 365167K->314543K(569856K), 0.0016743 secs] [Times: user=0.00 sys=0.00, real=0.00 secs] 
652.801: [GC (Allocation Failure) [PSYoungGen: 53184K->1344K(53760K)] 366255K->314415K(569856K), 0.0016602 secs] [Times: user=0.01 sys=0.00, real=0.01 secs] 
653.049: [GC (Allocation Failure) [PSYoungGen: 53056K->1408K(54272K)] 366127K->314479K(570368K), 0.0017662 secs] [Times: user=0.01 sys=0.00, real=0.00 secs] 
653.264: [GC (Allocation Failure) [PSYoungGen: 53120K->1392K(54272K)] 366191K->314471K(570368K), 0.0017760 secs] [Times: user=0.01 sys=0.00, real=0.00 secs] 
653.478: [GC (Allocation Failure) [PSYoungGen: 53104K->1376K(54272K)] 366183K->314471K(570368K), 0.0017795 secs] [Times: user=0.01 sys=0.01, real=0.00 secs] 
653.693: [GC (Allocation Failure) [PSYoungGen: 53088K->1376K(54272K)] 366183K->314471K(570368K), 0.0018329 secs] [Times: user=0.01 sys=0.00, real=0.00 secs] 
654.916: [GC (Allocation Failure) [PSYoungGen: 53088K->1440K(54272K)] 366183K->314535K(570368K), 0.0032525 secs] [Times: user=0.02 sys=0.00, real=0.00 secs] 
655.602: [GC (Allocation Failure) [PSYoungGen: 53152K->1344K(54272K)] 366247K->314439K(570368K), 0.0032972 secs] [Times: user=0.01 sys=0.00, real=0.00 secs] 
656.311: [GC (Allocation Failure) [PSYoungGen: 53056K->1360K(54272K)] 366151K->314455K(570368K), 0.0034029 secs] [Times: user=0.02 sys=0.00, real=0.01 secs] 
656.819: [GC (Allocation Failure) [PSYoungGen: 53072K->1344K(53248K)] 366167K->314447K(569344K), 0.0028308 secs] [Times: user=0.01 sys=0.00, real=0.01 secs] 
657.247: [GC (Allocation Failure) [PSYoungGen: 53056K->1344K(53760K)] 366159K->314447K(569856K), 0.0022547 secs] [Times: user=0.01 sys=0.00, real=0.00 secs] 
657.796: [GC (Allocation Failure) [PSYoungGen: 53056K->1341K(53760K)] 366159K->314444K(569856K), 0.0013931 secs] [Times: user=0.01 sys=0.00, real=0.00 secs] 
658.590: [GC (Allocation Failure) [PSYoungGen: 53053K->1440K(53760K)] 366156K->314543K(569856K), 0.0018253 secs] [Times: user=0.00 sys=0.00, real=0.01 secs] 
659.030: [GC (Allocation Failure) [PSYoungGen: 53152K->1344K(53760K)] 366255K->314447K(569856K), 0.0031169 secs] [Times: user=0.01 sys=0.00, real=0.01 secs] 
659.563: [GC (Allocation Failure) [PSYoungGen: 53056K->1376K(53760K)] 366159K->314479K(569856K), 0.0028789 secs] [Times: user=0.01 sys=0.00, real=0.00 secs] 
660.023: [GC (Allocation Failure) [PSYoungGen: 53088K->1376K(53760K)] 366191K->314487K(569856K), 0.0024586 secs] [Times: user=0.01 sys=0.00, real=0.00 secs] 
660.333: [GC (Allocation Failure) [PSYoungGen: 53088K->1344K(53760K)] 366199K->314455K(569856K), 0.0021348 secs] [Times: user=0.01 sys=0.00, real=0.00 secs] 
661.132: [GC (Allocation Failure) [PSYoungGen: 53056K->1488K(53760K)] 366167K->314599K(569856K), 0.0018481 secs] [Times: user=0.01 sys=0.00, real=0.00 secs] 
661.588: [GC (Allocation Failure) [PSYoungGen: 53200K->1408K(53760K)] 366311K->314519K(569856K), 0.0018358 secs] [Times: user=0.01 sys=0.00, real=0.00 secs] 
662.152: [GC (Allocation Failure) [PSYoungGen: 53120K->1376K(53760K)] 366231K->314487K(569856K), 0.0021563 secs] [Times: user=0.01 sys=0.00, real=0.00 secs] 
662.413: [GC (Allocation Failure) [PSYoungGen: 53088K->1392K(53760K)] 366199K->314503K(569856K), 0.0021199 secs] [Times: user=0.01 sys=0.00, real=0.00 secs] 
662.653: [GC (Allocation Failure) [PSYoungGen: 53104K->1376K(53760K)] 366215K->314487K(569856K), 0.0020804 secs] [Times: user=0.01 sys=0.00, real=0.00 secs] 
662.874: [GC (Allocation Failure) [PSYoungGen: 53088K->1344K(53760K)] 366199K->314455K(569856K), 0.0020530 secs] [Times: user=0.01 sys=0.00, real=0.00 secs] 
663.578: [GC (Allocation Failure) [PSYoungGen: 53056K->1440K(53760K)] 366167K->315575K(569856K), 0.0018432 secs] [Times: user=0.01 sys=0.00, real=0.00 secs] 
664.002: [GC (Allocation Failure) [PSYoungGen: 53152K->304K(53760K)] 367287K->314439K(569856K), 0.0021046 secs] [Times: user=0.01 sys=0.00, real=0.00 secs] 
664.446: [GC (Allocation Failure) [PSYoungGen: 52016K->288K(53760K)] 366151K->314423K(569856K), 0.0034377 secs] [Times: user=0.01 sys=0.00, real=0.00 secs] 
664.872: [GC (Allocation Failure) [PSYoungGen: 52000K->352K(53760K)] 366135K->314487K(569856K), 0.0031813 secs] [Times: user=0.01 sys=0.00, real=0.00 secs] 
665.295: [GC (Allocation Failure) [PSYoungGen: 52064K->352K(53760K)] 366199K->314495K(569856K), 0.0029997 secs] [Times: user=0.01 sys=0.00, real=0.00 secs] 
665.596: [GC (Allocation Failure) [PSYoungGen: 52064K->352K(53760K)] 366207K->314503K(569856K), 0.0019690 secs] [Times: user=0.01 sys=0.00, real=0.00 secs] 
666.535: [GC (Allocation Failure) [PSYoungGen: 52064K->1440K(53760K)] 366215K->315599K(569856K), 0.0018377 secs] [Times: user=0.01 sys=0.00, real=0.00 secs] 
667.499: [GC (Allocation Failure) [PSYoungGen: 53152K->1344K(54272K)] 367311K->315503K(570368K), 0.0040271 secs] [Times: user=0.02 sys=0.00, real=0.01 secs] 
668.215: [GC (Allocation Failure) [PSYoungGen: 53056K->1312K(54272K)] 367215K->315471K(570368K), 0.0034202 secs] [Times: user=0.02 sys=0.00, real=0.00 secs] 
668.633: [GC (Allocation Failure) [PSYoungGen: 53024K->1344K(54272K)] 367183K->315503K(570368K), 0.0027094 secs] [Times: user=0.01 sys=0.00, real=0.00 secs] 
669.032: [GC (Allocation Failure) [PSYoungGen: 53056K->1344K(54272K)] 367215K->315503K(570368K), 0.0025153 secs] [Times: user=0.01 sys=0.00, real=0.00 secs] 
669.517: [GC (Allocation Failure) [PSYoungGen: 53056K->1373K(54272K)] 367215K->315532K(570368K), 0.0019766 secs] [Times: user=0.01 sys=0.00, real=0.00 secs] 
670.420: [GC (Allocation Failure) [PSYoungGen: 53085K->1424K(54272K)] 367244K->315583K(570368K), 0.0025124 secs] [Times: user=0.01 sys=0.01, real=0.01 secs] 
671.045: [GC (Allocation Failure) [PSYoungGen: 53136K->1408K(54272K)] 367295K->315567K(570368K), 0.0027351 secs] [Times: user=0.01 sys=0.00, real=0.00 secs] 
671.711: [GC (Allocation Failure) [PSYoungGen: 53120K->1392K(54272K)] 367279K->315551K(570368K), 0.0026833 secs] [Times: user=0.01 sys=0.00, real=0.01 secs] 
672.266: [GC (Allocation Failure) [PSYoungGen: 53104K->1392K(54272K)] 367263K->315551K(570368K), 0.0028055 secs] [Times: user=0.01 sys=0.00, real=0.00 secs] 
672.567: [GC (Allocation Failure) [PSYoungGen: 53104K->1344K(53248K)] 367263K->315503K(569344K), 0.0025825 secs] [Times: user=0.01 sys=0.00, real=0.00 secs] 
673.273: [GC (Allocation Failure) [PSYoungGen: 53056K->1341K(53760K)] 367215K->315500K(569856K), 0.0015151 secs] [Times: user=0.00 sys=0.00, real=0.00 secs] 
673.912: [GC (Allocation Failure) [PSYoungGen: 53053K->1376K(53760K)] 367212K->315535K(569856K), 0.0020253 secs] [Times: user=0.00 sys=0.00, real=0.00 secs] 
674.292: [GC (Allocation Failure) [PSYoungGen: 53088K->1360K(53760K)] 367247K->315519K(569856K), 0.0027200 secs] [Times: user=0.01 sys=0.00, real=0.00 secs] 
674.515: [GC (Allocation Failure) [PSYoungGen: 53072K->1376K(53760K)] 367231K->315535K(569856K), 0.0028486 secs] [Times: user=0.01 sys=0.00, real=0.00 secs] 
674.738: [GC (Allocation Failure) [PSYoungGen: 53088K->1376K(53760K)] 367247K->315543K(569856K), 0.0019492 secs] [Times: user=0.01 sys=0.00, real=0.00 secs] 
675.076: [GC (Allocation Failure) [PSYoungGen: 53088K->1328K(53760K)] 367255K->315495K(569856K), 0.0018799 secs] [Times: user=0.01 sys=0.00, real=0.00 secs] 
676.099: [GC (Allocation Failure) [PSYoungGen: 53040K->1904K(53760K)] 367207K->316079K(569856K), 0.0030982 secs] [Times: user=0.01 sys=0.00, real=0.01 secs] 
677.197: [GC (Allocation Failure) [PSYoungGen: 53616K->1344K(53760K)] 367791K->315535K(569856K), 0.0041035 secs] [Times: user=0.02 sys=0.00, real=0.00 secs] 
677.724: [GC (Allocation Failure) [PSYoungGen: 53056K->1376K(53760K)] 367247K->315567K(569856K), 0.0025795 secs] [Times: user=0.01 sys=0.00, real=0.00 secs] 
678.180: [GC (Allocation Failure) [PSYoungGen: 53088K->1344K(53760K)] 367279K->315535K(569856K), 0.0029021 secs] [Times: user=0.01 sys=0.00, real=0.01 secs] 
678.429: [GC (Allocation Failure) [PSYoungGen: 53056K->1408K(53760K)] 367247K->315599K(569856K), 0.0020328 secs] [Times: user=0.01 sys=0.00, real=0.00 secs] 
678.751: [GC (Allocation Failure) [PSYoungGen: 53120K->1376K(53760K)] 367311K->315575K(569856K), 0.0018330 secs] [Times: user=0.01 sys=0.00, real=0.01 secs] 
679.563: [GC (Allocation Failure) [PSYoungGen: 53088K->1408K(53760K)] 367287K->315607K(569856K), 0.0017126 secs] [Times: user=0.01 sys=0.00, real=0.00 secs] 
680.122: [GC (Allocation Failure) [PSYoungGen: 53120K->1376K(53760K)] 367319K->315575K(569856K), 0.0017217 secs] [Times: user=0.01 sys=0.00, real=0.00 secs] 
680.766: [GC (Allocation Failure) [PSYoungGen: 53088K->1376K(53760K)] 367287K->315575K(569856K), 0.0044896 secs] [Times: user=0.01 sys=0.00, real=0.00 secs] 
681.344: [GC (Allocation Failure) [PSYoungGen: 53088K->1408K(53760K)] 367287K->315607K(569856K), 0.0027191 secs] [Times: user=0.01 sys=0.00, real=0.00 secs] 
681.975: [GC (Allocation Failure) [PSYoungGen: 53120K->1376K(53760K)] 367319K->315575K(569856K), 0.0026749 secs] [Times: user=0.01 sys=0.00, real=0.00 secs] 
682.426: [GC (Allocation Failure) [PSYoungGen: 53088K->1392K(53760K)] 367287K->315591K(569856K), 0.0026312 secs] [Times: user=0.01 sys=0.00, real=0.00 secs] 
684.044: [GC (Allocation Failure) [PSYoungGen: 53104K->1408K(53760K)] 367303K->315607K(569856K), 0.0041837 secs] [Times: user=0.01 sys=0.00, real=0.00 secs] 
685.176: [GC (Allocation Failure) [PSYoungGen: 53120K->1376K(53760K)] 367319K->315575K(569856K), 0.0040017 secs] [Times: user=0.02 sys=0.00, real=0.00 secs] 
686.117: [GC (Allocation Failure) [PSYoungGen: 53088K->1376K(53760K)] 367287K->315575K(569856K), 0.0044544 secs] [Times: user=0.02 sys=0.00, real=0.01 secs] 
687.019: [GC (Allocation Failure) [PSYoungGen: 53088K->1392K(53760K)] 367287K->315599K(569856K), 0.0043710 secs] [Times: user=0.02 sys=0.00, real=0.01 secs] 
687.565: [GC (Allocation Failure) [PSYoungGen: 53104K->1312K(53760K)] 367311K->315519K(569856K), 0.0033196 secs] [Times: user=0.02 sys=0.00, real=0.00 secs] 
688.159: [GC (Allocation Failure) [PSYoungGen: 53024K->1405K(53760K)] 367231K->315612K(569856K), 0.0014704 secs] [Times: user=0.00 sys=0.00, real=0.00 secs] 
688.926: [GC (Allocation Failure) [PSYoungGen: 53117K->1376K(53248K)] 367324K->315583K(569344K), 0.0020496 secs] [Times: user=0.01 sys=0.01, real=0.00 secs] 
689.472: [GC (Allocation Failure) [PSYoungGen: 53088K->1360K(53248K)] 367295K->315567K(569344K), 0.0024282 secs] [Times: user=0.01 sys=0.00, real=0.00 secs] 
690.270: [GC (Allocation Failure) [PSYoungGen: 53072K->384K(52736K)] 367279K->315631K(568832K), 0.0033139 secs] [Times: user=0.01 sys=0.00, real=0.01 secs] 
691.054: [GC (Allocation Failure) [PSYoungGen: 52096K->352K(53760K)] 367343K->315599K(569856K), 0.0041573 secs] [Times: user=0.01 sys=0.00, real=0.00 secs] 
691.845: [GC (Allocation Failure) [PSYoungGen: 52064K->384K(53760K)] 367311K->315631K(569856K), 0.0044553 secs] [Times: user=0.02 sys=0.00, real=0.00 secs] 
692.884: [GC (Allocation Failure) [PSYoungGen: 52096K->160K(53760K)] 367343K->315407K(569856K), 0.0014710 secs] [Times: user=0.01 sys=0.00, real=0.00 secs] 
694.329: [GC (Allocation Failure) [PSYoungGen: 51872K->1376K(53760K)] 367119K->316623K(569856K), 0.0039904 secs] [Times: user=0.01 sys=0.00, real=0.01 secs] 
695.171: [GC (Allocation Failure) [PSYoungGen: 53088K->1376K(53760K)] 368335K->316623K(569856K), 0.0040863 secs] [Times: user=0.02 sys=0.00, real=0.01 secs] 
695.805: [GC (Allocation Failure) [PSYoungGen: 53088K->1344K(53760K)] 368335K->316591K(569856K), 0.0028063 secs] [Times: user=0.01 sys=0.00, real=0.00 secs] 
696.298: [GC (Allocation Failure) [PSYoungGen: 53056K->1376K(53760K)] 368303K->316623K(569856K), 0.0027545 secs] [Times: user=0.01 sys=0.01, real=0.00 secs] 
696.770: [GC (Allocation Failure) [PSYoungGen: 53088K->1408K(53760K)] 368335K->316655K(569856K), 0.0022120 secs] [Times: user=0.00 sys=0.00, real=0.01 secs] 
698.360: [GC (Allocation Failure) [PSYoungGen: 52332K->1936K(53760K)] 367579K->317695K(569856K), 0.0025815 secs] [Times: user=0.01 sys=0.00, real=0.01 secs] 
698.976: [GC (Allocation Failure) [PSYoungGen: 53648K->1376K(54272K)] 369407K->317135K(570368K), 0.0033338 secs] [Times: user=0.01 sys=0.00, real=0.00 secs] 
699.414: [GC (Allocation Failure) [PSYoungGen: 53088K->1344K(54272K)] 368847K->317103K(570368K), 0.0021770 secs] [Times: user=0.01 sys=0.00, real=0.00 secs] 
700.003: [GC (Allocation Failure) [PSYoungGen: 53056K->1440K(54272K)] 368815K->317199K(570368K), 0.0023162 secs] [Times: user=0.01 sys=0.00, real=0.00 secs] 
700.608: [GC (Allocation Failure) [PSYoungGen: 53152K->1344K(54272K)] 368911K->317111K(570368K), 0.0045229 secs] [Times: user=0.02 sys=0.00, real=0.01 secs] 
701.198: [GC (Allocation Failure) [PSYoungGen: 53056K->1376K(53248K)] 368823K->317143K(569344K), 0.0042290 secs] [Times: user=0.01 sys=0.00, real=0.01 secs] 
702.133: [GC (Allocation Failure) [PSYoungGen: 53088K->1392K(53760K)] 368855K->317159K(569856K), 0.0015921 secs] [Times: user=0.01 sys=0.00, real=0.00 secs] 
702.714: [GC (Allocation Failure) [PSYoungGen: 53104K->1376K(53760K)] 368871K->317143K(569856K), 0.0042650 secs] [Times: user=0.02 sys=0.00, real=0.00 secs] 
703.139: [GC (Allocation Failure) [PSYoungGen: 53088K->1344K(53760K)] 368855K->317111K(569856K), 0.0031322 secs] [Times: user=0.01 sys=0.00, real=0.01 secs] 
703.590: [GC (Allocation Failure) [PSYoungGen: 53056K->1312K(53760K)] 368823K->317079K(569856K), 0.0026698 secs] [Times: user=0.01 sys=0.00, real=0.01 secs] 
704.112: [GC (Allocation Failure) [PSYoungGen: 53024K->1408K(53760K)] 368791K->317175K(569856K), 0.0023493 secs] [Times: user=0.01 sys=0.00, real=0.00 secs] 
704.541: [GC (Allocation Failure) [PSYoungGen: 53120K->1376K(53760K)] 368887K->317143K(569856K), 0.0032526 secs] [Times: user=0.02 sys=0.00, real=0.01 secs] 
705.404: [GC (Allocation Failure) [PSYoungGen: 53088K->1424K(53760K)] 368855K->317199K(569856K), 0.0023737 secs] [Times: user=0.01 sys=0.00, real=0.00 secs] 
705.649: [GC (Allocation Failure) [PSYoungGen: 53136K->1392K(53760K)] 368911K->317167K(569856K), 0.0020252 secs] [Times: user=0.01 sys=0.00, real=0.00 secs] 
705.909: [GC (Allocation Failure) [PSYoungGen: 53104K->1376K(53760K)] 368879K->317151K(569856K), 0.0020201 secs] [Times: user=0.01 sys=0.00, real=0.00 secs] 
706.145: [GC (Allocation Failure) [PSYoungGen: 53088K->1408K(53760K)] 368863K->317199K(569856K), 0.0020557 secs] [Times: user=0.00 sys=0.00, real=0.00 secs] 
706.364: [GC (Allocation Failure) [PSYoungGen: 53120K->1408K(53760K)] 368911K->317215K(569856K), 0.0019415 secs] [Times: user=0.01 sys=0.00, real=0.00 secs] 
706.857: [GC (Allocation Failure) [PSYoungGen: 53120K->1405K(53760K)] 368927K->317212K(569856K), 0.0014697 secs] [Times: user=0.01 sys=0.00, real=0.00 secs] 
707.640: [GC (Allocation Failure) [PSYoungGen: 53117K->1376K(53760K)] 368924K->317183K(569856K), 0.0027396 secs] [Times: user=0.01 sys=0.00, real=0.01 secs] 
708.073: [GC (Allocation Failure) [PSYoungGen: 53088K->1408K(53760K)] 368895K->317215K(569856K), 0.0027665 secs] [Times: user=0.01 sys=0.00, real=0.00 secs] 
708.404: [GC (Allocation Failure) [PSYoungGen: 53120K->1328K(53760K)] 368927K->317135K(569856K), 0.0027934 secs] [Times: user=0.01 sys=0.00, real=0.00 secs] 
708.827: [GC (Allocation Failure) [PSYoungGen: 53040K->1376K(53760K)] 368847K->317191K(569856K), 0.0027567 secs] [Times: user=0.01 sys=0.00, real=0.00 secs] 
709.273: [GC (Allocation Failure) [PSYoungGen: 53088K->1376K(53760K)] 368903K->317191K(569856K), 0.0031221 secs] [Times: user=0.01 sys=0.00, real=0.00 secs] 
710.167: [GC (Allocation Failure) [PSYoungGen: 53088K->1696K(53760K)] 368903K->317511K(569856K), 0.0015938 secs] [Times: user=0.01 sys=0.00, real=0.00 secs] 
710.419: [GC (Allocation Failure) [PSYoungGen: 53408K->1392K(53760K)] 369223K->317207K(569856K), 0.0017844 secs] [Times: user=0.01 sys=0.00, real=0.00 secs] 
710.634: [GC (Allocation Failure) [PSYoungGen: 53104K->1408K(53760K)] 368919K->317223K(569856K), 0.0019566 secs] [Times: user=0.01 sys=0.00, real=0.00 secs] 
710.849: [GC (Allocation Failure) [PSYoungGen: 53120K->1424K(53760K)] 368935K->317239K(569856K), 0.0017536 secs] [Times: user=0.01 sys=0.00, real=0.00 secs] 
711.064: [GC (Allocation Failure) [PSYoungGen: 53136K->1376K(53760K)] 368951K->317199K(569856K), 0.0018768 secs] [Times: user=0.01 sys=0.00, real=0.00 secs] 
711.303: [GC (Allocation Failure) [PSYoungGen: 53088K->1408K(53760K)] 368911K->317231K(569856K), 0.0018615 secs] [Times: user=0.01 sys=0.00, real=0.00 secs] 
712.178: [GC (Allocation Failure) [PSYoungGen: 53120K->1408K(53760K)] 368943K->318255K(569856K), 0.0022077 secs] [Times: user=0.01 sys=0.00, real=0.00 secs] 
712.798: [GC (Allocation Failure) [PSYoungGen: 53120K->320K(53760K)] 369967K->317167K(569856K), 0.0028757 secs] [Times: user=0.01 sys=0.00, real=0.00 secs] 
713.384: [GC (Allocation Failure) [PSYoungGen: 52032K->384K(53760K)] 368879K->317231K(569856K), 0.0029068 secs] [Times: user=0.01 sys=0.00, real=0.00 secs] 
713.808: [GC (Allocation Failure) [PSYoungGen: 52096K->352K(53760K)] 368943K->317199K(569856K), 0.0028179 secs] [Times: user=0.01 sys=0.00, real=0.00 secs] 
714.246: [GC (Allocation Failure) [PSYoungGen: 52064K->320K(53760K)] 368911K->317175K(569856K), 0.0029026 secs] [Times: user=0.01 sys=0.00, real=0.00 secs] 
714.737: [GC (Allocation Failure) [PSYoungGen: 52032K->352K(53760K)] 368887K->317207K(569856K), 0.0021614 secs] [Times: user=0.01 sys=0.00, real=0.00 secs] 
715.522: [GC (Allocation Failure) [PSYoungGen: 52064K->1440K(53248K)] 368919K->318303K(569344K), 0.0020637 secs] [Times: user=0.01 sys=0.00, real=0.00 secs] 
715.736: [GC (Allocation Failure) [PSYoungGen: 52640K->1408K(53760K)] 369503K->318287K(569856K), 0.0016552 secs] [Times: user=0.01 sys=0.00, real=0.00 secs] 
715.984: [GC (Allocation Failure) [PSYoungGen: 52608K->1408K(53760K)] 369487K->318287K(569856K), 0.0020285 secs] [Times: user=0.01 sys=0.00, real=0.00 secs] 
716.197: [GC (Allocation Failure) [PSYoungGen: 52608K->1376K(53760K)] 369487K->318255K(569856K), 0.0018126 secs] [Times: user=0.00 sys=0.00, real=0.00 secs] 
716.452: [GC (Allocation Failure) [PSYoungGen: 52576K->1344K(53760K)] 369455K->318223K(569856K), 0.0020299 secs] [Times: user=0.01 sys=0.00, real=0.00 secs] 
716.718: [GC (Allocation Failure) [PSYoungGen: 52544K->1373K(53760K)] 369423K->318252K(569856K), 0.0018947 secs] [Times: user=0.01 sys=0.00, real=0.00 secs] 
717.383: [GC (Allocation Failure) [PSYoungGen: 52573K->1440K(53760K)] 369452K->318319K(569856K), 0.0018476 secs] [Times: user=0.01 sys=0.00, real=0.00 secs] 
717.816: [GC (Allocation Failure) [PSYoungGen: 52640K->1376K(53760K)] 369519K->318255K(569856K), 0.0017933 secs] [Times: user=0.00 sys=0.00, real=0.00 secs] 
718.232: [GC (Allocation Failure) [PSYoungGen: 52576K->1376K(53760K)] 369455K->318255K(569856K), 0.0019426 secs] [Times: user=0.01 sys=0.00, real=0.00 secs] 
718.730: [GC (Allocation Failure) [PSYoungGen: 52576K->1344K(52736K)] 369455K->318223K(568832K), 0.0023579 secs] [Times: user=0.00 sys=0.00, real=0.01 secs] 
719.356: [GC (Allocation Failure) [PSYoungGen: 52544K->1408K(53248K)] 369423K->318287K(569344K), 0.0025363 secs] [Times: user=0.02 sys=0.00, real=0.00 secs] 
720.245: [GC (Allocation Failure) [PSYoungGen: 52608K->1373K(53248K)] 369487K->318252K(569344K), 0.0014923 secs] [Times: user=0.01 sys=0.00, real=0.00 secs] 
720.675: [GC (Allocation Failure) [PSYoungGen: 52573K->1440K(53248K)] 369452K->318319K(569344K), 0.0019599 secs] [Times: user=0.01 sys=0.00, real=0.00 secs] 
720.888: [GC (Allocation Failure) [PSYoungGen: 52640K->1376K(53248K)] 369519K->318255K(569344K), 0.0019197 secs] [Times: user=0.01 sys=0.00, real=0.00 secs] 
721.181: [GC (Allocation Failure) [PSYoungGen: 52576K->1376K(53248K)] 369455K->318255K(569344K), 0.0020867 secs] [Times: user=0.01 sys=0.00, real=0.01 secs] 
721.395: [GC (Allocation Failure) [PSYoungGen: 52576K->1408K(53248K)] 369455K->318295K(569344K), 0.0021377 secs] [Times: user=0.01 sys=0.00, real=0.00 secs] 
721.608: [GC (Allocation Failure) [PSYoungGen: 52608K->1344K(53248K)] 369495K->318231K(569344K), 0.0020913 secs] [Times: user=0.01 sys=0.00, real=0.00 secs] 
722.248: [GC (Allocation Failure) [PSYoungGen: 51560K->160K(53248K)] 368447K->317047K(569344K), 0.0014642 secs] [Times: user=0.01 sys=0.00, real=0.00 secs] 
723.257: [GC (Allocation Failure) [PSYoungGen: 51360K->1376K(53248K)] 368247K->318263K(569344K), 0.0031855 secs] [Times: user=0.02 sys=0.00, real=0.00 secs] 
723.707: [GC (Allocation Failure) [PSYoungGen: 52576K->1376K(53248K)] 369463K->318263K(569344K), 0.0023099 secs] [Times: user=0.01 sys=0.00, real=0.00 secs] 
724.153: [GC (Allocation Failure) [PSYoungGen: 52576K->1376K(53248K)] 369463K->318263K(569344K), 0.0021439 secs] [Times: user=0.00 sys=0.00, real=0.00 secs] 
724.381: [GC (Allocation Failure) [PSYoungGen: 52576K->1408K(53248K)] 369463K->318295K(569344K), 0.0020074 secs] [Times: user=0.01 sys=0.00, real=0.01 secs] 
724.594: [GC (Allocation Failure) [PSYoungGen: 52608K->1376K(53248K)] 369495K->318263K(569344K), 0.0021308 secs] [Times: user=0.00 sys=0.00, real=0.00 secs] 
725.455: [GC (Allocation Failure) [PSYoungGen: 52576K->1984K(53248K)] 369463K->318871K(569344K), 0.0018616 secs] [Times: user=0.00 sys=0.00, real=0.00 secs] 
725.962: [GC (Allocation Failure) [PSYoungGen: 53184K->1376K(52736K)] 370071K->318279K(568832K), 0.0023802 secs] [Times: user=0.01 sys=0.00, real=0.00 secs] 
726.190: [GC (Allocation Failure) [PSYoungGen: 52576K->1376K(53248K)] 369479K->318279K(569344K), 0.0021494 secs] [Times: user=0.01 sys=0.00, real=0.01 secs] 
726.403: [GC (Allocation Failure) [PSYoungGen: 52576K->1376K(53248K)] 369479K->318279K(569344K), 0.0021958 secs] [Times: user=0.01 sys=0.00, real=0.00 secs] 
726.629: [GC (Allocation Failure) [PSYoungGen: 52576K->1376K(53248K)] 369479K->318279K(569344K), 0.0017985 secs] [Times: user=0.01 sys=0.00, real=0.00 secs] 
727.048: [GC (Allocation Failure) [PSYoungGen: 52576K->1360K(53248K)] 369479K->318263K(569344K), 0.0020911 secs] [Times: user=0.01 sys=0.00, real=0.00 secs] 
728.241: [GC (Allocation Failure) [PSYoungGen: 52560K->1408K(53248K)] 369463K->319335K(569344K), 0.0027567 secs] [Times: user=0.01 sys=0.00, real=0.01 secs] 
728.694: [GC (Allocation Failure) [PSYoungGen: 52608K->384K(53248K)] 370535K->318311K(569344K), 0.0021409 secs] [Times: user=0.01 sys=0.00, real=0.00 secs] 
729.541: [GC (Allocation Failure) [PSYoungGen: 51584K->352K(53248K)] 369511K->318279K(569344K), 0.0031243 secs] [Times: user=0.01 sys=0.00, real=0.01 secs] 
730.342: [GC (Allocation Failure) [PSYoungGen: 51552K->304K(52736K)] 369479K->318239K(568832K), 0.0041688 secs] [Times: user=0.02 sys=0.00, real=0.00 secs] 
730.840: [GC (Allocation Failure) [PSYoungGen: 50992K->320K(53248K)] 368927K->318255K(569344K), 0.0035222 secs] [Times: user=0.01 sys=0.00, real=0.01 secs] 
731.335: [GC (Allocation Failure) [PSYoungGen: 51008K->384K(53248K)] 368943K->318319K(569344K), 0.0033462 secs] [Times: user=0.02 sys=0.00, real=0.00 secs] 
732.230: [GC (Allocation Failure) [PSYoungGen: 51072K->1376K(53248K)] 369007K->319311K(569344K), 0.0020588 secs] [Times: user=0.01 sys=0.01, real=0.01 secs] 
732.518: [GC (Allocation Failure) [PSYoungGen: 52064K->1376K(53248K)] 369999K->319311K(569344K), 0.0019472 secs] [Times: user=0.01 sys=0.00, real=0.00 secs] 
732.730: [GC (Allocation Failure) [PSYoungGen: 52064K->1344K(53248K)] 369999K->319279K(569344K), 0.0022601 secs] [Times: user=0.01 sys=0.00, real=0.01 secs] 
732.942: [GC (Allocation Failure) [PSYoungGen: 52032K->1408K(53248K)] 369967K->319343K(569344K), 0.0022423 secs] [Times: user=0.01 sys=0.01, real=0.00 secs] 
733.210: [GC (Allocation Failure) [PSYoungGen: 52096K->1344K(53248K)] 370031K->319279K(569344K), 0.0031742 secs] [Times: user=0.01 sys=0.00, real=0.01 secs] 
733.600: [GC (Allocation Failure) [PSYoungGen: 52032K->1344K(53248K)] 369967K->319279K(569344K), 0.0027574 secs] [Times: user=0.01 sys=0.01, real=0.01 secs] 
734.437: [GC (Allocation Failure) [PSYoungGen: 52032K->1408K(53248K)] 369967K->319343K(569344K), 0.0019588 secs] [Times: user=0.00 sys=0.00, real=0.00 secs] 
734.882: [GC (Allocation Failure) [PSYoungGen: 52096K->1408K(53248K)] 370031K->319343K(569344K), 0.0042699 secs] [Times: user=0.01 sys=0.00, real=0.01 secs] 
735.139: [GC (Allocation Failure) [PSYoungGen: 52096K->1376K(53248K)] 370031K->319311K(569344K), 0.0020434 secs] [Times: user=0.01 sys=0.00, real=0.00 secs] 
735.350: [GC (Allocation Failure) [PSYoungGen: 52064K->1344K(53248K)] 369999K->319287K(569344K), 0.0018519 secs] [Times: user=0.01 sys=0.00, real=0.01 secs] 
735.560: [GC (Allocation Failure) [PSYoungGen: 52032K->1344K(52224K)] 369975K->319295K(568320K), 0.0018534 secs] [Times: user=0.01 sys=0.00, real=0.01 secs] 
735.792: [GC (Allocation Failure) [PSYoungGen: 51015K->224K(52224K)] 368966K->318183K(568320K), 0.0019258 secs] [Times: user=0.01 sys=0.00, real=0.00 secs] 
736.563: [GC (Allocation Failure) [PSYoungGen: 50400K->1424K(52736K)] 368359K->319383K(568832K), 0.0019111 secs] [Times: user=0.01 sys=0.00, real=0.00 secs] 
736.980: [GC (Allocation Failure) [PSYoungGen: 51600K->1344K(52736K)] 369559K->319303K(568832K), 0.0018975 secs] [Times: user=0.00 sys=0.00, real=0.00 secs] 
737.387: [GC (Allocation Failure) [PSYoungGen: 51520K->1376K(52736K)] 369479K->319335K(568832K), 0.0021675 secs] [Times: user=0.01 sys=0.00, real=0.00 secs] 
737.761: [GC (Allocation Failure) [PSYoungGen: 51552K->1344K(51712K)] 369511K->319303K(567808K), 0.0021964 secs] [Times: user=0.01 sys=0.00, real=0.01 secs] 
737.970: [GC (Allocation Failure) [PSYoungGen: 51520K->1376K(52224K)] 369479K->319335K(568320K), 0.0020638 secs] [Times: user=0.01 sys=0.00, real=0.01 secs] 
738.231: [GC (Allocation Failure) [PSYoungGen: 51552K->1405K(52224K)] 369511K->319364K(568320K), 0.0014125 secs] [Times: user=0.01 sys=0.00, real=0.01 secs] 
739.020: [GC (Allocation Failure) [PSYoungGen: 51581K->1456K(52224K)] 369540K->319415K(568320K), 0.0017639 secs] [Times: user=0.01 sys=0.00, real=0.00 secs] 
739.455: [GC (Allocation Failure) [PSYoungGen: 51632K->1344K(52224K)] 369591K->319303K(568320K), 0.0019901 secs] [Times: user=0.01 sys=0.00, real=0.00 secs] 
739.925: [GC (Allocation Failure) [PSYoungGen: 51520K->1376K(52224K)] 369479K->319335K(568320K), 0.0020973 secs] [Times: user=0.00 sys=0.00, real=0.00 secs] 
740.341: [GC (Allocation Failure) [PSYoungGen: 51552K->1376K(52224K)] 369511K->319343K(568320K), 0.0023953 secs] [Times: user=0.01 sys=0.00, real=0.01 secs] 
740.762: [GC (Allocation Failure) [PSYoungGen: 51552K->1344K(52224K)] 369519K->319311K(568320K), 0.0025789 secs] [Times: user=0.01 sys=0.00, real=0.00 secs] 
741.571: [GC (Allocation Failure) [PSYoungGen: 51520K->1360K(52224K)] 369487K->319327K(568320K), 0.0019296 secs] [Times: user=0.00 sys=0.00, real=0.01 secs] 
742.142: [GC (Allocation Failure) [PSYoungGen: 51536K->1376K(52224K)] 369503K->319343K(568320K), 0.0020065 secs] [Times: user=0.01 sys=0.00, real=0.00 secs] 
742.351: [GC (Allocation Failure) [PSYoungGen: 51552K->1408K(52224K)] 369519K->319375K(568320K), 0.0019363 secs] [Times: user=0.00 sys=0.00, real=0.01 secs] 
742.562: [GC (Allocation Failure) [PSYoungGen: 51584K->1376K(52224K)] 369551K->319343K(568320K), 0.0019151 secs] [Times: user=0.01 sys=0.00, real=0.00 secs] 
742.771: [GC (Allocation Failure) [PSYoungGen: 51552K->1344K(52224K)] 369519K->319319K(568320K), 0.0018793 secs] [Times: user=0.01 sys=0.00, real=0.01 secs] 
743.016: [GC (Allocation Failure) [PSYoungGen: 51520K->1376K(52224K)] 369495K->319351K(568320K), 0.0021734 secs] [Times: user=0.01 sys=0.00, real=0.00 secs] 
743.458: [GC (Allocation Failure) [PSYoungGen: 51552K->1341K(52224K)] 369527K->319316K(568320K), 0.0014315 secs] [Times: user=0.01 sys=0.00, real=0.00 secs] 
743.981: [GC (Allocation Failure) [PSYoungGen: 51517K->1408K(52224K)] 369492K->319383K(568320K), 0.0018221 secs] [Times: user=0.01 sys=0.00, real=0.01 secs] 
744.330: [GC (Allocation Failure) [PSYoungGen: 51584K->1376K(52224K)] 369559K->319351K(568320K), 0.0017783 secs] [Times: user=0.01 sys=0.00, real=0.00 secs] 
744.680: [GC (Allocation Failure) [PSYoungGen: 51552K->1344K(52224K)] 369527K->319319K(568320K), 0.0018156 secs] [Times: user=0.01 sys=0.00, real=0.01 secs] 
745.076: [GC (Allocation Failure) [PSYoungGen: 51520K->1376K(52224K)] 369495K->319359K(568320K), 0.0021547 secs] [Times: user=0.01 sys=0.00, real=0.00 secs] 
745.564: [GC (Allocation Failure) [PSYoungGen: 51552K->1376K(52224K)] 369535K->319359K(568320K), 0.0020674 secs] [Times: user=0.01 sys=0.00, real=0.00 secs] 
746.203: [GC (Allocation Failure) [PSYoungGen: 51552K->1392K(52224K)] 369535K->319375K(568320K), 0.0014377 secs] [Times: user=0.01 sys=0.00, real=0.00 secs] 
746.742: [GC (Allocation Failure) [PSYoungGen: 51568K->1376K(52224K)] 369551K->319359K(568320K), 0.0018236 secs] [Times: user=0.00 sys=0.00, real=0.00 secs] 
746.951: [GC (Allocation Failure) [PSYoungGen: 51552K->1408K(52224K)] 369535K->319391K(568320K), 0.0017853 secs] [Times: user=0.01 sys=0.00, real=0.01 secs] 
747.160: [GC (Allocation Failure) [PSYoungGen: 51584K->1344K(52224K)] 369567K->319327K(568320K), 0.0017681 secs] [Times: user=0.01 sys=0.00, real=0.00 secs] 
747.648: [GC (Allocation Failure) [PSYoungGen: 51520K->1392K(51712K)] 369503K->319383K(567808K), 0.0021099 secs] [Times: user=0.01 sys=0.00, real=0.00 secs] 
748.212: [GC (Allocation Failure) [PSYoungGen: 51568K->1360K(51712K)] 369559K->319351K(567808K), 0.0024982 secs] [Times: user=0.01 sys=0.00, real=0.00 secs] 
749.005: [GC (Allocation Failure) [PSYoungGen: 51536K->365K(51200K)] 369527K->319380K(567296K), 0.0014168 secs] [Times: user=0.01 sys=0.00, real=0.00 secs] 
750.157: [GC (Allocation Failure) [PSYoungGen: 50541K->1376K(52224K)] 369556K->320399K(568320K), 0.0046713 secs] [Times: user=0.02 sys=0.00, real=0.01 secs] 
751.190: [GC (Allocation Failure) [PSYoungGen: 51552K->1360K(52224K)] 370575K->320383K(568320K), 0.0041353 secs] [Times: user=0.02 sys=0.00, real=0.01 secs] 
751.678: [GC (Allocation Failure) [PSYoungGen: 51536K->1376K(52224K)] 370559K->320399K(568320K), 0.0027252 secs] [Times: user=0.01 sys=0.00, real=0.00 secs] 
752.126: [GC (Allocation Failure) [PSYoungGen: 51552K->1344K(52224K)] 370575K->320367K(568320K), 0.0025679 secs] [Times: user=0.01 sys=0.00, real=0.00 secs] 
752.679: [GC (Allocation Failure) [PSYoungGen: 51520K->1376K(52224K)] 370543K->320399K(568320K), 0.0027596 secs] [Times: user=0.02 sys=0.00, real=0.01 secs] 
753.544: [GC (Allocation Failure) [PSYoungGen: 51552K->1405K(52224K)] 370575K->320428K(568320K), 0.0014408 secs] [Times: user=0.00 sys=0.00, real=0.00 secs] 
754.274: [GC (Allocation Failure) [PSYoungGen: 51581K->1408K(52224K)] 370604K->320431K(568320K), 0.0019670 secs] [Times: user=0.01 sys=0.00, real=0.00 secs] 
754.927: [GC (Allocation Failure) [PSYoungGen: 51584K->1344K(52224K)] 370607K->320367K(568320K), 0.0019948 secs] [Times: user=0.01 sys=0.00, real=0.00 secs] 
755.409: [GC (Allocation Failure) [PSYoungGen: 51520K->1344K(52224K)] 370543K->320367K(568320K), 0.0022311 secs] [Times: user=0.01 sys=0.00, real=0.00 secs] 
755.785: [GC (Allocation Failure) [PSYoungGen: 51520K->1328K(52224K)] 370543K->320351K(568320K), 0.0022226 secs] [Times: user=0.01 sys=0.00, real=0.00 secs] 
756.196: [GC (Allocation Failure) [PSYoungGen: 51504K->1376K(52224K)] 370527K->320399K(568320K), 0.0024662 secs] [Times: user=0.01 sys=0.00, real=0.00 secs] 
756.965: [GC (Allocation Failure) [PSYoungGen: 51552K->1405K(52224K)] 370575K->320428K(568320K), 0.0013860 secs] [Times: user=0.01 sys=0.00, real=0.00 secs] 
757.860: [GC (Allocation Failure) [PSYoungGen: 51581K->1440K(52224K)] 370604K->320463K(568320K), 0.0035194 secs] [Times: user=0.01 sys=0.00, real=0.01 secs] 
758.659: [GC (Allocation Failure) [PSYoungGen: 51616K->1424K(52224K)] 370639K->320447K(568320K), 0.0047422 secs] [Times: user=0.02 sys=0.00, real=0.01 secs] 
759.569: [GC (Allocation Failure) [PSYoungGen: 51600K->1376K(52224K)] 370623K->320415K(568320K), 0.0047979 secs] [Times: user=0.02 sys=0.01, real=0.01 secs] 
760.486: [GC (Allocation Failure) [PSYoungGen: 51552K->1376K(52224K)] 370591K->320423K(568320K), 0.0042040 secs] [Times: user=0.02 sys=0.00, real=0.00 secs] 
761.287: [GC (Allocation Failure) [PSYoungGen: 51552K->1408K(52224K)] 370599K->320455K(568320K), 0.0031419 secs] [Times: user=0.02 sys=0.00, real=0.00 secs] 
762.177: [GC (Allocation Failure) [PSYoungGen: 51584K->1360K(51712K)] 370631K->320407K(567808K), 0.0015576 secs] [Times: user=0.01 sys=0.00, real=0.00 secs] 
763.046: [GC (Allocation Failure) [PSYoungGen: 51536K->1408K(51712K)] 370583K->320455K(567808K), 0.0029950 secs] [Times: user=0.01 sys=0.00, real=0.00 secs] 
763.688: [GC (Allocation Failure) [PSYoungGen: 51584K->368K(51200K)] 370631K->320439K(567296K), 0.0040744 secs] [Times: user=0.02 sys=0.01, real=0.01 secs] 
764.308: [GC (Allocation Failure) [PSYoungGen: 50544K->320K(52224K)] 370615K->320391K(568320K), 0.0043977 secs] [Times: user=0.02 sys=0.00, real=0.01 secs] 
764.718: [GC (Allocation Failure) [PSYoungGen: 50496K->368K(52224K)] 370567K->320439K(568320K), 0.0027004 secs] [Times: user=0.01 sys=0.00, real=0.00 secs] 
765.086: [GC (Allocation Failure) [PSYoungGen: 50544K->352K(52224K)] 370615K->320423K(568320K), 0.0040653 secs] [Times: user=0.02 sys=0.00, real=0.00 secs] 
766.292: [GC (Allocation Failure) [PSYoungGen: 50528K->128K(52224K)] 370599K->320199K(568320K), 0.0018309 secs] [Times: user=0.01 sys=0.00, real=0.00 secs] 
767.477: [GC (Allocation Failure) [PSYoungGen: 50304K->1376K(52224K)] 370375K->321447K(568320K), 0.0028761 secs] [Times: user=0.01 sys=0.00, real=0.00 secs] 
768.489: [GC (Allocation Failure) [PSYoungGen: 51552K->1344K(51712K)] 371623K->321415K(567808K), 0.0031703 secs] [Times: user=0.01 sys=0.00, real=0.01 secs] 
769.385: [GC (Allocation Failure) [PSYoungGen: 51008K->1408K(52224K)] 371079K->321479K(568320K), 0.0032234 secs] [Times: user=0.01 sys=0.00, real=0.00 secs] 
770.113: [GC (Allocation Failure) [PSYoungGen: 51072K->1344K(52224K)] 371143K->321415K(568320K), 0.0041194 secs] [Times: user=0.02 sys=0.00, real=0.00 secs] 
770.647: [GC (Allocation Failure) [PSYoungGen: 51008K->1344K(52224K)] 371079K->321431K(568320K), 0.0027287 secs] [Times: user=0.01 sys=0.00, real=0.00 secs] 
771.612: [GC (Allocation Failure) [PSYoungGen: 51008K->1437K(52224K)] 371095K->321524K(568320K), 0.0014927 secs] [Times: user=0.01 sys=0.00, real=0.00 secs] 
772.793: [GC (Allocation Failure) [PSYoungGen: 51101K->1376K(52224K)] 371188K->321463K(568320K), 0.0041610 secs] [Times: user=0.01 sys=0.00, real=0.00 secs] 
773.641: [GC (Allocation Failure) [PSYoungGen: 51040K->1344K(52224K)] 371127K->321431K(568320K), 0.0039053 secs] [Times: user=0.02 sys=0.00, real=0.01 secs] 
774.202: [GC (Allocation Failure) [PSYoungGen: 51008K->1408K(52224K)] 371095K->321495K(568320K), 0.0023539 secs] [Times: user=0.01 sys=0.00, real=0.00 secs] 
774.406: [GC (Allocation Failure) [PSYoungGen: 51072K->1376K(52224K)] 371159K->321463K(568320K), 0.0020007 secs] [Times: user=0.01 sys=0.00, real=0.00 secs] 
774.785: [GC (Allocation Failure) [PSYoungGen: 51040K->1344K(51200K)] 371127K->321431K(567296K), 0.0032741 secs] [Times: user=0.02 sys=0.00, real=0.00 secs] 
775.640: [GC (Allocation Failure) [PSYoungGen: 51008K->1389K(51712K)] 371095K->321476K(567808K), 0.0014269 secs] [Times: user=0.01 sys=0.00, real=0.00 secs] 
777.406: [GC (Allocation Failure) [PSYoungGen: 51053K->1376K(51712K)] 371140K->321463K(567808K), 0.0042453 secs] [Times: user=0.02 sys=0.00, real=0.00 secs] 
778.592: [GC (Allocation Failure) [PSYoungGen: 51040K->1392K(51712K)] 371127K->321479K(567808K), 0.0048974 secs] [Times: user=0.01 sys=0.00, real=0.00 secs] 
779.086: [GC (Allocation Failure) [PSYoungGen: 51056K->1376K(51712K)] 371143K->321479K(567808K), 0.0032872 secs] [Times: user=0.02 sys=0.00, real=0.00 secs] 
779.504: [GC (Allocation Failure) [PSYoungGen: 51040K->1360K(51712K)] 371143K->321471K(567808K), 0.0041068 secs] [Times: user=0.02 sys=0.00, real=0.00 secs] 
779.908: [GC (Allocation Failure) [PSYoungGen: 51024K->1408K(51712K)] 371135K->321519K(567808K), 0.0032740 secs] [Times: user=0.01 sys=0.01, real=0.00 secs] 
780.644: [GC (Allocation Failure) [PSYoungGen: 51072K->1405K(51712K)] 371183K->321524K(567808K), 0.0015001 secs] [Times: user=0.00 sys=0.00, real=0.00 secs] 
781.076: [GC (Allocation Failure) [PSYoungGen: 51069K->1440K(51712K)] 371188K->321559K(567808K), 0.0017971 secs] [Times: user=0.01 sys=0.00, real=0.00 secs] 
781.316: [GC (Allocation Failure) [PSYoungGen: 51104K->1344K(51712K)] 371223K->321463K(567808K), 0.0020559 secs] [Times: user=0.01 sys=0.00, real=0.00 secs] 
781.617: [GC (Allocation Failure) [PSYoungGen: 51008K->1408K(51712K)] 371127K->321527K(567808K), 0.0019507 secs] [Times: user=0.01 sys=0.00, real=0.00 secs] 
782.032: [GC (Allocation Failure) [PSYoungGen: 51072K->1376K(51712K)] 371191K->321495K(567808K), 0.0020974 secs] [Times: user=0.01 sys=0.00, real=0.00 secs] 
782.431: [GC (Allocation Failure) [PSYoungGen: 51040K->1376K(51712K)] 371159K->321495K(567808K), 0.0021202 secs] [Times: user=0.01 sys=0.00, real=0.01 secs] 
783.142: [GC (Allocation Failure) [PSYoungGen: 51040K->1405K(51712K)] 371159K->321524K(567808K), 0.0014338 secs] [Times: user=0.00 sys=0.00, real=0.00 secs] 
783.729: [GC (Allocation Failure) [PSYoungGen: 51069K->1408K(51712K)] 371188K->321527K(567808K), 0.0026446 secs] [Times: user=0.01 sys=0.00, real=0.00 secs] 
783.960: [GC (Allocation Failure) [PSYoungGen: 51072K->1344K(51712K)] 371191K->321463K(567808K), 0.0019804 secs] [Times: user=0.01 sys=0.00, real=0.01 secs] 
784.236: [GC (Allocation Failure) [PSYoungGen: 51008K->1392K(51712K)] 371127K->321511K(567808K), 0.0020129 secs] [Times: user=0.01 sys=0.00, real=0.00 secs] 
784.534: [GC (Allocation Failure) [PSYoungGen: 51056K->1344K(51712K)] 371175K->321463K(567808K), 0.0021623 secs] [Times: user=0.01 sys=0.00, real=0.00 secs] 
784.899: [GC (Allocation Failure) [PSYoungGen: 51008K->1344K(51712K)] 371127K->321471K(567808K), 0.0031776 secs] [Times: user=0.01 sys=0.00, real=0.01 secs] 
785.553: [GC (Allocation Failure) [PSYoungGen: 51008K->1373K(51712K)] 371135K->321516K(567808K), 0.0013936 secs] [Times: user=0.01 sys=0.00, real=0.00 secs] 
786.301: [GC (Allocation Failure) [PSYoungGen: 51037K->1440K(51712K)] 371180K->321583K(567808K), 0.0020970 secs] [Times: user=0.01 sys=0.00, real=0.01 secs] 
786.724: [GC (Allocation Failure) [PSYoungGen: 51104K->1376K(51712K)] 371247K->321519K(567808K), 0.0022890 secs] [Times: user=0.01 sys=0.00, real=0.00 secs] 
787.087: [GC (Allocation Failure) [PSYoungGen: 51040K->1344K(51712K)] 371183K->321487K(567808K), 0.0022758 secs] [Times: user=0.01 sys=0.00, real=0.00 secs] 
787.516: [GC (Allocation Failure) [PSYoungGen: 51008K->1344K(51200K)] 371151K->321495K(567296K), 0.0022673 secs] [Times: user=0.01 sys=0.00, real=0.00 secs] 
787.879: [GC (Allocation Failure) [PSYoungGen: 51008K->1376K(51200K)] 371159K->321527K(567296K), 0.0034432 secs] [Times: user=0.01 sys=0.00, real=0.01 secs] 
788.590: [GC (GCLocker Initiated GC) [PSYoungGen: 51040K->349K(50688K)] 371191K->321524K(566784K), 0.0014309 secs] [Times: user=0.01 sys=0.00, real=0.01 secs] 
789.003: [GC (Allocation Failure) [PSYoungGen: 50013K->1408K(51712K)] 371191K->322586K(567808K), 0.0018273 secs] [Times: user=0.01 sys=0.00, real=0.00 secs] 
789.210: [GC (Allocation Failure) [PSYoungGen: 51072K->1344K(51712K)] 372250K->322522K(567808K), 0.0018383 secs] [Times: user=0.01 sys=0.00, real=0.01 secs] 
789.442: [GC (Allocation Failure) [PSYoungGen: 51008K->1376K(51712K)] 372186K->322554K(567808K), 0.0019117 secs] [Times: user=0.01 sys=0.00, real=0.00 secs] 
789.703: [GC (Allocation Failure) [PSYoungGen: 51040K->1408K(51712K)] 372218K->322586K(567808K), 0.0029811 secs] [Times: user=0.01 sys=0.00, real=0.00 secs] 
790.159: [GC (Allocation Failure) [PSYoungGen: 51072K->1408K(51712K)] 372250K->322586K(567808K), 0.0032754 secs] [Times: user=0.02 sys=0.00, real=0.01 secs] 
790.793: [GC (Allocation Failure) [PSYoungGen: 51072K->1408K(51712K)] 372250K->322586K(567808K), 0.0014084 secs] [Times: user=0.00 sys=0.00, real=0.00 secs] 
791.477: [GC (Allocation Failure) [PSYoungGen: 51072K->1472K(51712K)] 372250K->322650K(567808K), 0.0020009 secs] [Times: user=0.00 sys=0.00, real=0.00 secs] 
791.958: [GC (Allocation Failure) [PSYoungGen: 51136K->1408K(51712K)] 372314K->322586K(567808K), 0.0040117 secs] [Times: user=0.02 sys=0.00, real=0.01 secs] 
792.504: [GC (Allocation Failure) [PSYoungGen: 51072K->1408K(51712K)] 372250K->322586K(567808K), 0.0028198 secs] [Times: user=0.01 sys=0.00, real=0.00 secs] 
793.179: [GC (Allocation Failure) [PSYoungGen: 51072K->1408K(51712K)] 372250K->322594K(567808K), 0.0035123 secs] [Times: user=0.01 sys=0.00, real=0.01 secs] 
793.583: [GC (Allocation Failure) [PSYoungGen: 51072K->1440K(51712K)] 372258K->322626K(567808K), 0.0023391 secs] [Times: user=0.01 sys=0.00, real=0.00 secs] 
794.036: [GC (Allocation Failure) [PSYoungGen: 51104K->1389K(51712K)] 372290K->322575K(567808K), 0.0014339 secs] [Times: user=0.01 sys=0.00, real=0.00 secs] 
794.746: [GC (Allocation Failure) [PSYoungGen: 51053K->1440K(51712K)] 372239K->322626K(567808K), 0.0032578 secs] [Times: user=0.01 sys=0.00, real=0.00 secs] 
795.197: [GC (Allocation Failure) [PSYoungGen: 51104K->1408K(51712K)] 372290K->322594K(567808K), 0.0031068 secs] [Times: user=0.01 sys=0.00, real=0.00 secs] 
795.623: [GC (Allocation Failure) [PSYoungGen: 51072K->1440K(51712K)] 372258K->322626K(567808K), 0.0032635 secs] [Times: user=0.01 sys=0.00, real=0.00 secs] 
796.063: [GC (Allocation Failure) [PSYoungGen: 51104K->1376K(51712K)] 372290K->322634K(567808K), 0.0029182 secs] [Times: user=0.02 sys=0.00, real=0.00 secs] 
796.567: [GC (Allocation Failure) [PSYoungGen: 51040K->1376K(51712K)] 372298K->322634K(567808K), 0.0026361 secs] [Times: user=0.02 sys=0.00, real=0.00 secs] 
797.420: [GC (Allocation Failure) [PSYoungGen: 51040K->1405K(51712K)] 372298K->322663K(567808K), 0.0015242 secs] [Times: user=0.01 sys=0.00, real=0.01 secs] 
798.109: [GC (Allocation Failure) [PSYoungGen: 51069K->1392K(51712K)] 372327K->322650K(567808K), 0.0019138 secs] [Times: user=0.01 sys=0.00, real=0.00 secs] 
798.523: [GC (Allocation Failure) [PSYoungGen: 51056K->1376K(51712K)] 372314K->322634K(567808K), 0.0031968 secs] [Times: user=0.02 sys=0.00, real=0.00 secs] 
799.153: [GC (Allocation Failure) [PSYoungGen: 51040K->1376K(51200K)] 372298K->322634K(567296K), 0.0043603 secs] [Times: user=0.02 sys=0.00, real=0.00 secs] 
799.902: [GC (Allocation Failure) [PSYoungGen: 51040K->1392K(51200K)] 372298K->322650K(567296K), 0.0034525 secs] [Times: user=0.01 sys=0.00, real=0.00 secs] 
800.714: [GC (Allocation Failure) [PSYoungGen: 51056K->1392K(51200K)] 372314K->322650K(567296K), 0.0032736 secs] [Times: user=0.01 sys=0.00, real=0.00 secs] 
801.497: [GC (Allocation Failure) [PSYoungGen: 51056K->1405K(51200K)] 372314K->322663K(567296K), 0.0015115 secs] [Times: user=0.01 sys=0.00, real=0.00 secs] 
801.987: [GC (Allocation Failure) [PSYoungGen: 51069K->1440K(51200K)] 372327K->322698K(567296K), 0.0014935 secs] [Times: user=0.01 sys=0.00, real=0.00 secs] 
802.194: [GC (Allocation Failure) [PSYoungGen: 51104K->1376K(51200K)] 372362K->322634K(567296K), 0.0015857 secs] [Times: user=0.01 sys=0.00, real=0.00 secs] 
802.521: [GC (Allocation Failure) [PSYoungGen: 51040K->1408K(51200K)] 372298K->322666K(567296K), 0.0015850 secs] [Times: user=0.01 sys=0.00, real=0.01 secs] 
802.924: [GC (Allocation Failure) [PSYoungGen: 51072K->1344K(51200K)] 372330K->322602K(567296K), 0.0018448 secs] [Times: user=0.00 sys=0.00, real=0.00 secs] 
803.330: [GC (Allocation Failure) [PSYoungGen: 51008K->1360K(51200K)] 372266K->322618K(567296K), 0.0021233 secs] [Times: user=0.01 sys=0.00, real=0.01 secs] 
804.000: [GC (Allocation Failure) [PSYoungGen: 51024K->1373K(51200K)] 372282K->322631K(567296K), 0.0021179 secs] [Times: user=0.01 sys=0.00, real=0.01 secs] 
804.607: [GC (Allocation Failure) [PSYoungGen: 51037K->1424K(51200K)] 372295K->322682K(567296K), 0.0025305 secs] [Times: user=0.01 sys=0.00, real=0.00 secs] 
804.815: [GC (Allocation Failure) [PSYoungGen: 51088K->1376K(51200K)] 372346K->322634K(567296K), 0.0020715 secs] [Times: user=0.01 sys=0.00, real=0.00 secs] 
805.022: [GC (Allocation Failure) [PSYoungGen: 51040K->1408K(51200K)] 372298K->322666K(567296K), 0.0020931 secs] [Times: user=0.01 sys=0.00, real=0.00 secs] 
805.228: [GC (Allocation Failure) [PSYoungGen: 51072K->1408K(51200K)] 372330K->322666K(567296K), 0.0020610 secs] [Times: user=0.01 sys=0.00, real=0.00 secs] 
805.434: [GC (Allocation Failure) [PSYoungGen: 51072K->1344K(51200K)] 372330K->322602K(567296K), 0.0021330 secs] [Times: user=0.00 sys=0.00, real=0.00 secs] 
805.795: [GC (Allocation Failure) [PSYoungGen: 51008K->1357K(51200K)] 372266K->322639K(567296K), 0.0014112 secs] [Times: user=0.01 sys=0.00, real=0.00 secs] 
806.366: [GC (Allocation Failure) [PSYoungGen: 51021K->1392K(51200K)] 372303K->322674K(567296K), 0.0020787 secs] [Times: user=0.01 sys=0.00, real=0.00 secs] 
806.572: [GC (Allocation Failure) [PSYoungGen: 51056K->1344K(51200K)] 372338K->322626K(567296K), 0.0020105 secs] [Times: user=0.01 sys=0.00, real=0.00 secs] 
806.881: [GC (Allocation Failure) [PSYoungGen: 51008K->1344K(51200K)] 372290K->322626K(567296K), 0.0018578 secs] [Times: user=0.01 sys=0.00, real=0.01 secs] 
807.239: [GC (Allocation Failure) [PSYoungGen: 51008K->1376K(51200K)] 372290K->322666K(567296K), 0.0018500 secs] [Times: user=0.00 sys=0.00, real=0.00 secs] 
807.560: [GC (Allocation Failure) [PSYoungGen: 51040K->1344K(51200K)] 372330K->322634K(567296K), 0.0020222 secs] [Times: user=0.00 sys=0.00, real=0.01 secs] 
808.100: [GC (Allocation Failure) [PSYoungGen: 51008K->1341K(51200K)] 372298K->322631K(567296K), 0.0021203 secs] [Times: user=0.01 sys=0.00, real=0.01 secs] 
808.737: [GC (Allocation Failure) [PSYoungGen: 51005K->1440K(51200K)] 372295K->322730K(567296K), 0.0028317 secs] [Times: user=0.01 sys=0.00, real=0.00 secs] 
808.946: [GC (Allocation Failure) [PSYoungGen: 51104K->1408K(51200K)] 372394K->322698K(567296K), 0.0021045 secs] [Times: user=0.01 sys=0.00, real=0.00 secs] 
809.228: [GC (Allocation Failure) [PSYoungGen: 51072K->1408K(51200K)] 372362K->322698K(567296K), 0.0021383 secs] [Times: user=0.00 sys=0.00, real=0.00 secs] 
809.604: [GC (Allocation Failure) [PSYoungGen: 51072K->1376K(51200K)] 372362K->322666K(567296K), 0.0020748 secs] [Times: user=0.01 sys=0.00, real=0.00 secs] 
809.976: [GC (Allocation Failure) [PSYoungGen: 51040K->1376K(51200K)] 372330K->322666K(567296K), 0.0040796 secs] [Times: user=0.02 sys=0.00, real=0.00 secs] 
810.490: [GC (Allocation Failure) [PSYoungGen: 51040K->1341K(51200K)] 372330K->322631K(567296K), 0.0036044 secs] [Times: user=0.01 sys=0.00, real=0.01 secs] 
811.454: [GC (Allocation Failure) [PSYoungGen: 51005K->1440K(51200K)] 372295K->322738K(567296K), 0.0033050 secs] [Times: user=0.01 sys=0.00, real=0.00 secs] 
811.864: [GC (Allocation Failure) [PSYoungGen: 51104K->1376K(51200K)] 372402K->322674K(567296K), 0.0033587 secs] [Times: user=0.01 sys=0.00, real=0.00 secs] 
812.344: [GC (Allocation Failure) [PSYoungGen: 51040K->1392K(51200K)] 372338K->322690K(567296K), 0.0046073 secs] [Times: user=0.02 sys=0.00, real=0.00 secs] 
812.874: [GC (Allocation Failure) [PSYoungGen: 51056K->1376K(51200K)] 372354K->322674K(567296K), 0.0046328 secs] [Times: user=0.01 sys=0.00, real=0.00 secs] 
813.371: [GC (Allocation Failure) [PSYoungGen: 51040K->1360K(51200K)] 372338K->322658K(567296K), 0.0032782 secs] [Times: user=0.02 sys=0.00, real=0.01 secs] 
813.903: [GC (Allocation Failure) [PSYoungGen: 51024K->1341K(51200K)] 372322K->322639K(567296K), 0.0022058 secs] [Times: user=0.01 sys=0.00, real=0.00 secs] 
814.532: [GC (Allocation Failure) [PSYoungGen: 51005K->1408K(51200K)] 372303K->322706K(567296K), 0.0019005 secs] [Times: user=0.01 sys=0.00, real=0.00 secs] 
814.738: [GC (Allocation Failure) [PSYoungGen: 51072K->1376K(51200K)] 372370K->322674K(567296K), 0.0019049 secs] [Times: user=0.01 sys=0.00, real=0.00 secs] 
814.959: [GC (Allocation Failure) [PSYoungGen: 51040K->1376K(51200K)] 372338K->322674K(567296K), 0.0019277 secs] [Times: user=0.01 sys=0.00, real=0.00 secs] 
815.179: [GC (Allocation Failure) [PSYoungGen: 51040K->1376K(51200K)] 372338K->322690K(567296K), 0.0019266 secs] [Times: user=0.01 sys=0.00, real=0.00 secs] 
815.403: [GC (Allocation Failure) [PSYoungGen: 51040K->1408K(51200K)] 372354K->322722K(567296K), 0.0017408 secs] [Times: user=0.01 sys=0.00, real=0.00 secs] 
815.717: [GC (Allocation Failure) [PSYoungGen: 51072K->1373K(51200K)] 372386K->322687K(567296K), 0.0020553 secs] [Times: user=0.01 sys=0.00, real=0.00 secs] 
816.597: [GC (Allocation Failure) [PSYoungGen: 51037K->1408K(51200K)] 372351K->322722K(567296K), 0.0019212 secs] [Times: user=0.01 sys=0.00, real=0.00 secs] 
817.027: [GC (Allocation Failure) [PSYoungGen: 51072K->1344K(51200K)] 372386K->322658K(567296K), 0.0040633 secs] [Times: user=0.01 sys=0.01, real=0.00 secs] 
817.323: [GC (Allocation Failure) [PSYoungGen: 51008K->1408K(51200K)] 372322K->322722K(567296K), 0.0021671 secs] [Times: user=0.01 sys=0.00, real=0.00 secs] 
817.537: [GC (Allocation Failure) [PSYoungGen: 51072K->1344K(51200K)] 372386K->322666K(567296K), 0.0023780 secs] [Times: user=0.01 sys=0.00, real=0.00 secs] 
817.740: [GC (Allocation Failure) [PSYoungGen: 51008K->1408K(51200K)] 372330K->322730K(567296K), 0.0019790 secs] [Times: user=0.01 sys=0.00, real=0.01 secs] 
817.974: [GC (Allocation Failure) [PSYoungGen: 50076K->256K(50688K)] 371398K->321578K(566784K), 0.0027225 secs] [Times: user=0.01 sys=0.00, real=0.00 secs] 
818.680: [GC (Allocation Failure) [PSYoungGen: 49408K->1408K(51200K)] 370730K->322738K(567296K), 0.0020747 secs] [Times: user=0.01 sys=0.00, real=0.01 secs] 
818.885: [GC (Allocation Failure) [PSYoungGen: 50560K->1360K(51200K)] 371890K->322690K(567296K), 0.0020308 secs] [Times: user=0.01 sys=0.00, real=0.00 secs] 
819.089: [GC (Allocation Failure) [PSYoungGen: 50512K->1376K(51200K)] 371842K->322706K(567296K), 0.0018766 secs] [Times: user=0.01 sys=0.00, real=0.00 secs] 
819.293: [GC (Allocation Failure) [PSYoungGen: 50528K->1408K(51200K)] 371858K->322738K(567296K), 0.0019065 secs] [Times: user=0.01 sys=0.00, real=0.00 secs] 
819.497: [GC (Allocation Failure) [PSYoungGen: 50560K->1408K(51200K)] 371890K->322738K(567296K), 0.0019647 secs] [Times: user=0.01 sys=0.00, real=0.00 secs] 
819.783: [GC (Allocation Failure) [PSYoungGen: 50560K->1376K(51200K)] 371890K->322706K(567296K), 0.0019868 secs] [Times: user=0.00 sys=0.00, real=0.00 secs] 
820.578: [GC (Allocation Failure) [PSYoungGen: 50528K->1392K(51200K)] 371858K->322730K(567296K), 0.0021566 secs] [Times: user=0.01 sys=0.00, real=0.00 secs] 
820.782: [GC (Allocation Failure) [PSYoungGen: 50544K->1376K(51200K)] 371882K->322714K(567296K), 0.0029355 secs] [Times: user=0.01 sys=0.00, real=0.00 secs] 
820.988: [GC (Allocation Failure) [PSYoungGen: 50528K->1344K(51200K)] 371866K->322682K(567296K), 0.0020378 secs] [Times: user=0.01 sys=0.00, real=0.00 secs] 
821.303: [GC (Allocation Failure) [PSYoungGen: 50496K->1424K(51200K)] 371834K->322762K(567296K), 0.0019469 secs] [Times: user=0.01 sys=0.00, real=0.00 secs] 
821.674: [GC (Allocation Failure) [PSYoungGen: 50576K->1376K(51200K)] 371914K->322714K(567296K), 0.0020996 secs] [Times: user=0.00 sys=0.00, real=0.00 secs] 
822.123: [GC (Allocation Failure) [PSYoungGen: 50528K->1360K(51200K)] 371866K->322698K(567296K), 0.0022561 secs] [Times: user=0.01 sys=0.00, real=0.00 secs] 
822.952: [GC (Allocation Failure) [PSYoungGen: 50512K->1472K(51200K)] 371850K->322818K(567296K), 0.0017539 secs] [Times: user=0.00 sys=0.00, real=0.00 secs] 
823.382: [GC (Allocation Failure) [PSYoungGen: 50624K->1408K(51200K)] 371970K->322754K(567296K), 0.0019683 secs] [Times: user=0.01 sys=0.00, real=0.00 secs] 
823.843: [GC (Allocation Failure) [PSYoungGen: 50560K->1408K(51200K)] 371906K->322754K(567296K), 0.0020266 secs] [Times: user=0.01 sys=0.00, real=0.00 secs] 
824.373: [GC (Allocation Failure) [PSYoungGen: 50560K->1408K(51200K)] 371906K->322778K(567296K), 0.0022071 secs] [Times: user=0.01 sys=0.00, real=0.00 secs] 
824.789: [GC (Allocation Failure) [PSYoungGen: 50560K->1344K(51200K)] 371930K->322714K(567296K), 0.0022594 secs] [Times: user=0.01 sys=0.00, real=0.01 secs] 
825.204: [GC (Allocation Failure) [PSYoungGen: 50496K->1360K(51200K)] 371866K->322730K(567296K), 0.0020629 secs] [Times: user=0.01 sys=0.00, real=0.00 secs] 
826.112: [GC (Allocation Failure) [PSYoungGen: 50512K->1440K(51200K)] 371882K->322810K(567296K), 0.0019342 secs] [Times: user=0.01 sys=0.00, real=0.00 secs] 
826.339: [GC (Allocation Failure) [PSYoungGen: 50592K->1344K(50688K)] 371962K->322714K(566784K), 0.0019146 secs] [Times: user=0.01 sys=0.00, real=0.00 secs] 
826.663: [GC (Allocation Failure) [PSYoungGen: 50496K->1408K(50688K)] 371866K->322778K(566784K), 0.0021214 secs] [Times: user=0.01 sys=0.00, real=0.00 secs] 
827.118: [GC (Allocation Failure) [PSYoungGen: 50560K->352K(50176K)] 371930K->322754K(566272K), 0.0021570 secs] [Times: user=0.01 sys=0.00, real=0.00 secs] 
827.664: [GC (Allocation Failure) [PSYoungGen: 49504K->320K(51200K)] 371906K->322722K(567296K), 0.0022891 secs] [Times: user=0.01 sys=0.00, real=0.00 secs] 
828.232: [GC (Allocation Failure) [PSYoungGen: 49472K->352K(51200K)] 371874K->322754K(567296K), 0.0024341 secs] [Times: user=0.01 sys=0.00, real=0.00 secs] 
829.302: [GC (Allocation Failure) [PSYoungGen: 49504K->1408K(51200K)] 371906K->324842K(567296K), 0.0025005 secs] [Times: user=0.01 sys=0.00, real=0.00 secs] 
830.725: [GC (Allocation Failure) [PSYoungGen: 50560K->384K(51200K)] 373994K->323818K(567296K), 0.0042697 secs] [Times: user=0.01 sys=0.00, real=0.00 secs] 
831.368: [GC (Allocation Failure) [PSYoungGen: 49536K->352K(51200K)] 372970K->323786K(567296K), 0.0094438 secs] [Times: user=0.04 sys=0.00, real=0.01 secs] 
831.854: [GC (Allocation Failure) [PSYoungGen: 49504K->352K(51200K)] 372938K->323794K(567296K), 0.0027802 secs] [Times: user=0.01 sys=0.00, real=0.00 secs] 
832.310: [GC (Allocation Failure) [PSYoungGen: 49504K->352K(51200K)] 372946K->323794K(567296K), 0.0026855 secs] [Times: user=0.01 sys=0.00, real=0.01 secs] 
832.837: [GC (Allocation Failure) [PSYoungGen: 49504K->416K(51200K)] 372946K->323858K(567296K), 0.0026415 secs] [Times: user=0.02 sys=0.00, real=0.00 secs] 
833.778: [GC (Allocation Failure) [PSYoungGen: 49568K->1920K(51200K)] 373010K->325882K(567296K), 0.0019877 secs] [Times: user=0.01 sys=0.00, real=0.00 secs] 
834.774: [GC (Allocation Failure) [PSYoungGen: 51072K->1424K(51712K)] 375034K->325386K(567808K), 0.0030394 secs] [Times: user=0.01 sys=0.00, real=0.00 secs] 
835.387: [GC (Allocation Failure) [PSYoungGen: 50576K->1408K(51712K)] 374538K->325370K(567808K), 0.0028294 secs] [Times: user=0.02 sys=0.00, real=0.00 secs] 
835.752: [GC (Allocation Failure) [PSYoungGen: 50560K->1344K(51712K)] 374522K->325306K(567808K), 0.0027608 secs] [Times: user=0.01 sys=0.00, real=0.00 secs] 
836.111: [GC (Allocation Failure) [PSYoungGen: 50496K->1424K(51712K)] 374458K->325386K(567808K), 0.0026249 secs] [Times: user=0.01 sys=0.00, real=0.01 secs] 
836.584: [GC (Allocation Failure) [PSYoungGen: 50576K->1344K(51712K)] 374538K->325306K(567808K), 0.0021312 secs] [Times: user=0.01 sys=0.00, real=0.00 secs] 
837.381: [GC (Allocation Failure) [PSYoungGen: 50496K->1696K(51712K)] 374458K->325658K(567808K), 0.0020066 secs] [Times: user=0.01 sys=0.00, real=0.01 secs] 
837.608: [GC (Allocation Failure) [PSYoungGen: 50848K->1440K(51712K)] 374810K->325402K(567808K), 0.0019766 secs] [Times: user=0.01 sys=0.00, real=0.00 secs] 
837.812: [GC (Allocation Failure) [PSYoungGen: 50592K->1408K(51712K)] 374554K->325370K(567808K), 0.0019926 secs] [Times: user=0.01 sys=0.00, real=0.00 secs] 
838.017: [GC (Allocation Failure) [PSYoungGen: 50560K->1376K(51712K)] 374522K->325362K(567808K), 0.0020064 secs] [Times: user=0.01 sys=0.00, real=0.00 secs] 
838.240: [GC (Allocation Failure) [PSYoungGen: 50528K->1376K(51712K)] 374514K->325362K(567808K), 0.0019283 secs] [Times: user=0.01 sys=0.00, real=0.01 secs] 
838.506: [GC (Allocation Failure) [PSYoungGen: 50528K->1376K(51712K)] 374514K->325362K(567808K), 0.0018951 secs] [Times: user=0.01 sys=0.00, real=0.00 secs] 
839.146: [GC (Allocation Failure) [PSYoungGen: 49657K->224K(51712K)] 373644K->324210K(567808K), 0.0015625 secs] [Times: user=0.00 sys=0.00, real=0.00 secs] 
841.284: [GC (Allocation Failure) [PSYoungGen: 49376K->1376K(51712K)] 373362K->325370K(567808K), 0.0040641 secs] [Times: user=0.01 sys=0.00, real=0.00 secs] 
841.862: [GC (Allocation Failure) [PSYoungGen: 50528K->1344K(51712K)] 374522K->325338K(567808K), 0.0033031 secs] [Times: user=0.02 sys=0.00, real=0.00 secs] 
842.331: [GC (Allocation Failure) [PSYoungGen: 50496K->1408K(51712K)] 374490K->325410K(567808K), 0.0032812 secs] [Times: user=0.01 sys=0.00, real=0.01 secs] 
842.962: [GC (Allocation Failure) [PSYoungGen: 50560K->1344K(51712K)] 374562K->325346K(567808K), 0.0033679 secs] [Times: user=0.01 sys=0.00, real=0.00 secs] 
843.576: [GC (Allocation Failure) [PSYoungGen: 50496K->1392K(51712K)] 374498K->325394K(567808K), 0.0031856 secs] [Times: user=0.02 sys=0.00, real=0.00 secs] 
844.471: [GC (Allocation Failure) [PSYoungGen: 50544K->1373K(51712K)] 374546K->325375K(567808K), 0.0015209 secs] [Times: user=0.01 sys=0.00, real=0.01 secs] 
845.814: [GC (Allocation Failure) [PSYoungGen: 50525K->1456K(50688K)] 374527K->325458K(566784K), 0.0034068 secs] [Times: user=0.01 sys=0.00, real=0.00 secs] 
846.221: [GC (Allocation Failure) [PSYoungGen: 50608K->1344K(51200K)] 374610K->325346K(567296K), 0.0033582 secs] [Times: user=0.01 sys=0.00, real=0.01 secs] 
846.654: [GC (Allocation Failure) [PSYoungGen: 50496K->1344K(51200K)] 374498K->325346K(567296K), 0.0029285 secs] [Times: user=0.01 sys=0.00, real=0.00 secs] 
847.056: [GC (Allocation Failure) [PSYoungGen: 50496K->1408K(51200K)] 374498K->325410K(567296K), 0.0029389 secs] [Times: user=0.01 sys=0.00, real=0.00 secs] 
847.553: [GC (Allocation Failure) [PSYoungGen: 50560K->1376K(51200K)] 374562K->325378K(567296K), 0.0029333 secs] [Times: user=0.01 sys=0.00, real=0.00 secs] 
848.338: [GC (Allocation Failure) [PSYoungGen: 50528K->1373K(51200K)] 374530K->325375K(567296K), 0.0014791 secs] [Times: user=0.01 sys=0.00, real=0.00 secs] 
848.813: [GC (Allocation Failure) [PSYoungGen: 50525K->1440K(51200K)] 374527K->325442K(567296K), 0.0019037 secs] [Times: user=0.01 sys=0.00, real=0.00 secs] 
849.053: [GC (Allocation Failure) [PSYoungGen: 50592K->1376K(51200K)] 374594K->325378K(567296K), 0.0019448 secs] [Times: user=0.01 sys=0.00, real=0.00 secs] 
849.257: [GC (Allocation Failure) [PSYoungGen: 50528K->1376K(51200K)] 374530K->325394K(567296K), 0.0020013 secs] [Times: user=0.01 sys=0.00, real=0.00 secs] 
849.462: [GC (Allocation Failure) [PSYoungGen: 50528K->1408K(51200K)] 374546K->325434K(567296K), 0.0019249 secs] [Times: user=0.00 sys=0.00, real=0.00 secs] 
849.673: [GC (Allocation Failure) [PSYoungGen: 50560K->1376K(51200K)] 374586K->325402K(567296K), 0.0019537 secs] [Times: user=0.01 sys=0.00, real=0.00 secs] 
849.984: [GC (Allocation Failure) [PSYoungGen: 50528K->1405K(51200K)] 374554K->325431K(567296K), 0.0014941 secs] [Times: user=0.01 sys=0.00, real=0.00 secs] 
851.369: [GC (Allocation Failure) [PSYoungGen: 50557K->1440K(51200K)] 374583K->325474K(567296K), 0.0047464 secs] [Times: user=0.02 sys=0.00, real=0.01 secs] 
851.908: [GC (Allocation Failure) [PSYoungGen: 50592K->1376K(51200K)] 374626K->325418K(567296K), 0.0034643 secs] [Times: user=0.02 sys=0.00, real=0.01 secs] 
852.290: [GC (Allocation Failure) [PSYoungGen: 50528K->1344K(51200K)] 374570K->325386K(567296K), 0.0026697 secs] [Times: user=0.01 sys=0.00, real=0.01 secs] 
852.492: [GC (Allocation Failure) [PSYoungGen: 50496K->1344K(51200K)] 374538K->325386K(567296K), 0.0020142 secs] [Times: user=0.01 sys=0.00, real=0.00 secs] 
852.696: [GC (Allocation Failure) [PSYoungGen: 50496K->1408K(51200K)] 374538K->325450K(567296K), 0.0019547 secs] [Times: user=0.01 sys=0.00, real=0.00 secs] 
852.966: [GC (Allocation Failure) [PSYoungGen: 50558K->256K(51200K)] 374600K->324298K(567296K), 0.0018589 secs] [Times: user=0.01 sys=0.00, real=0.00 secs] 
853.696: [GC (Allocation Failure) [PSYoungGen: 49408K->1408K(51200K)] 373450K->325450K(567296K), 0.0018500 secs] [Times: user=0.01 sys=0.00, real=0.00 secs] 
854.081: [GC (Allocation Failure) [PSYoungGen: 50560K->1344K(51200K)] 374602K->325394K(567296K), 0.0018582 secs] [Times: user=0.00 sys=0.00, real=0.01 secs] 
854.483: [GC (Allocation Failure) [PSYoungGen: 50496K->1376K(51200K)] 374546K->325426K(567296K), 0.0046317 secs] [Times: user=0.02 sys=0.00, real=0.00 secs] 
854.823: [GC (Allocation Failure) [PSYoungGen: 50528K->1344K(51200K)] 374578K->325402K(567296K), 0.0022432 secs] [Times: user=0.01 sys=0.00, real=0.00 secs] 
855.116: [GC (Allocation Failure) [PSYoungGen: 50496K->1376K(51200K)] 374554K->325442K(567296K), 0.0023442 secs] [Times: user=0.01 sys=0.00, real=0.00 secs] 
855.423: [GC (Allocation Failure) [PSYoungGen: 50528K->1376K(51200K)] 374594K->325442K(567296K), 0.0021334 secs] [Times: user=0.01 sys=0.00, real=0.00 secs] 
856.223: [GC (Allocation Failure) [PSYoungGen: 50528K->1376K(51200K)] 374594K->325442K(567296K), 0.0018495 secs] [Times: user=0.01 sys=0.00, real=0.00 secs] 
856.625: [GC (Allocation Failure) [PSYoungGen: 50528K->1376K(51200K)] 374594K->325442K(567296K), 0.0022051 secs] [Times: user=0.01 sys=0.00, real=0.00 secs] 
856.995: [GC (Allocation Failure) [PSYoungGen: 50528K->1376K(51200K)] 374594K->325442K(567296K), 0.0021728 secs] [Times: user=0.01 sys=0.00, real=0.00 secs] 
857.200: [GC (Allocation Failure) [PSYoungGen: 50528K->1344K(51200K)] 374594K->325426K(567296K), 0.0020988 secs] [Times: user=0.01 sys=0.00, real=0.01 secs] 
857.411: [GC (Allocation Failure) [PSYoungGen: 50496K->1344K(51200K)] 374578K->325426K(567296K), 0.0020090 secs] [Times: user=0.00 sys=0.00, real=0.01 secs] 
857.616: [GC (Allocation Failure) [PSYoungGen: 50496K->1376K(51200K)] 374578K->325458K(567296K), 0.0020996 secs] [Times: user=0.00 sys=0.00, real=0.00 secs] 
859.035: [GC (Allocation Failure) [PSYoungGen: 50528K->1360K(51200K)] 374610K->325442K(567296K), 0.0030053 secs] [Times: user=0.01 sys=0.00, real=0.00 secs] 
860.307: [GC (Allocation Failure) [PSYoungGen: 50512K->1392K(51200K)] 374594K->325474K(567296K), 0.0041362 secs] [Times: user=0.02 sys=0.00, real=0.00 secs] 
860.769: [GC (Allocation Failure) [PSYoungGen: 50544K->1344K(51200K)] 374626K->325426K(567296K), 0.0033614 secs] [Times: user=0.02 sys=0.00, real=0.01 secs] 
861.268: [GC (Allocation Failure) [PSYoungGen: 50496K->1376K(51200K)] 374578K->325458K(567296K), 0.0024494 secs] [Times: user=0.01 sys=0.00, real=0.00 secs] 
861.906: [GC (Allocation Failure) [PSYoungGen: 50528K->1344K(50688K)] 374610K->325426K(566784K), 0.0042859 secs] [Times: user=0.01 sys=0.00, real=0.00 secs] 
862.488: [GC (Allocation Failure) [PSYoungGen: 50496K->1376K(50688K)] 374578K->325458K(566784K), 0.0027579 secs] [Times: user=0.01 sys=0.00, real=0.00 secs] 
863.612: [GC (Allocation Failure) [PSYoungGen: 50528K->384K(50176K)] 374610K->325490K(566272K), 0.0025053 secs] [Times: user=0.01 sys=0.00, real=0.00 secs] 
864.453: [GC (Allocation Failure) [PSYoungGen: 49536K->352K(51200K)] 374642K->325458K(567296K), 0.0035038 secs] [Times: user=0.01 sys=0.00, real=0.00 secs] 
864.910: [GC (Allocation Failure) [PSYoungGen: 49504K->384K(51200K)] 374610K->325490K(567296K), 0.0029152 secs] [Times: user=0.02 sys=0.00, real=0.01 secs] 
865.349: [GC (Allocation Failure) [PSYoungGen: 49536K->352K(51200K)] 374642K->325458K(567296K), 0.0027015 secs] [Times: user=0.01 sys=0.00, real=0.00 secs] 
865.669: [GC (Allocation Failure) [PSYoungGen: 49504K->320K(51200K)] 374610K->325426K(567296K), 0.0020523 secs] [Times: user=0.01 sys=0.00, real=0.00 secs] 
865.873: [GC (Allocation Failure) [PSYoungGen: 49472K->384K(51200K)] 374578K->325490K(567296K), 0.0019252 secs] [Times: user=0.01 sys=0.01, real=0.00 secs] 
866.619: [GC (Allocation Failure) [PSYoungGen: 49536K->1472K(51200K)] 374642K->328626K(567296K), 0.0021389 secs] [Times: user=0.01 sys=0.00, real=0.01 secs] 
867.223: [GC (Allocation Failure) [PSYoungGen: 50624K->352K(51200K)] 377778K->327506K(567296K), 0.0020983 secs] [Times: user=0.01 sys=0.00, real=0.00 secs] 
867.777: [GC (Allocation Failure) [PSYoungGen: 49504K->384K(51200K)] 376658K->327538K(567296K), 0.0021466 secs] [Times: user=0.01 sys=0.00, real=0.00 secs] 
868.359: [GC (Allocation Failure) [PSYoungGen: 49536K->352K(51200K)] 376690K->327522K(567296K), 0.0022038 secs] [Times: user=0.01 sys=0.00, real=0.01 secs] 
868.942: [GC (Allocation Failure) [PSYoungGen: 49504K->368K(51200K)] 376674K->327546K(567296K), 0.0022807 secs] [Times: user=0.01 sys=0.00, real=0.00 secs] 
869.543: [GC (Allocation Failure) [PSYoungGen: 49520K->352K(51200K)] 376698K->327530K(567296K), 0.0029301 secs] [Times: user=0.01 sys=0.00, real=0.00 secs] 
870.456: [GC (Allocation Failure) [PSYoungGen: 49504K->1952K(50688K)] 376682K->329642K(566784K), 0.0021157 secs] [Times: user=0.01 sys=0.00, real=0.00 secs] 
870.830: [GC (Allocation Failure) [PSYoungGen: 50592K->1376K(51200K)] 378282K->329066K(567296K), 0.0042562 secs] [Times: user=0.02 sys=0.01, real=0.01 secs] 
871.214: [GC (Allocation Failure) [PSYoungGen: 50016K->1408K(51200K)] 377706K->329098K(567296K), 0.0033787 secs] [Times: user=0.01 sys=0.00, real=0.00 secs] 
871.621: [GC (Allocation Failure) [PSYoungGen: 50048K->1376K(51200K)] 377738K->329066K(567296K), 0.0020583 secs] [Times: user=0.01 sys=0.00, real=0.01 secs] 
872.040: [GC (Allocation Failure) [PSYoungGen: 50016K->1376K(51200K)] 377706K->329066K(567296K), 0.0020564 secs] [Times: user=0.01 sys=0.00, real=0.01 secs] 
872.394: [GC (Allocation Failure) [PSYoungGen: 50016K->1376K(51200K)] 377706K->329066K(567296K), 0.0020451 secs] [Times: user=0.00 sys=0.01, real=0.00 secs] 
873.198: [GC (Allocation Failure) [PSYoungGen: 50016K->1472K(51200K)] 377706K->329162K(567296K), 0.0017373 secs] [Times: user=0.01 sys=0.00, real=0.00 secs] 
873.919: [GC (Allocation Failure) [PSYoungGen: 50112K->1376K(51200K)] 377802K->329066K(567296K), 0.0020620 secs] [Times: user=0.01 sys=0.00, real=0.00 secs] 
874.465: [GC (Allocation Failure) [PSYoungGen: 50016K->1344K(51200K)] 377706K->329034K(567296K), 0.0020508 secs] [Times: user=0.01 sys=0.00, real=0.00 secs] 
874.959: [GC (Allocation Failure) [PSYoungGen: 49984K->1376K(51200K)] 377674K->329066K(567296K), 0.0024597 secs] [Times: user=0.00 sys=0.00, real=0.00 secs] 
875.445: [GC (Allocation Failure) [PSYoungGen: 50016K->1376K(51200K)] 377706K->329066K(567296K), 0.0020143 secs] [Times: user=0.01 sys=0.00, real=0.00 secs] 
875.867: [GC (Allocation Failure) [PSYoungGen: 50016K->1376K(51200K)] 377706K->329066K(567296K), 0.0024977 secs] [Times: user=0.01 sys=0.00, real=0.00 secs] 
876.652: [GC (Allocation Failure) [PSYoungGen: 50016K->1360K(51200K)] 377706K->329050K(567296K), 0.0014200 secs] [Times: user=0.00 sys=0.00, real=0.00 secs] 
876.950: [GC (Allocation Failure) [PSYoungGen: 50000K->1472K(51200K)] 377690K->329186K(567296K), 0.0016049 secs] [Times: user=0.01 sys=0.00, real=0.00 secs] 
877.221: [GC (Allocation Failure) [PSYoungGen: 50112K->1376K(51200K)] 377826K->329090K(567296K), 0.0019297 secs] [Times: user=0.01 sys=0.00, real=0.01 secs] 
877.509: [GC (Allocation Failure) [PSYoungGen: 50016K->1344K(51200K)] 377730K->329058K(567296K), 0.0019740 secs] [Times: user=0.01 sys=0.00, real=0.00 secs] 
877.846: [GC (Allocation Failure) [PSYoungGen: 49984K->1344K(50176K)] 377698K->329058K(566272K), 0.0030288 secs] [Times: user=0.01 sys=0.00, real=0.00 secs] 
878.257: [GC (Allocation Failure) [PSYoungGen: 49984K->1376K(50688K)] 377698K->329090K(566784K), 0.0027937 secs] [Times: user=0.01 sys=0.00, real=0.00 secs] 
878.829: [GC (GCLocker Initiated GC) [PSYoungGen: 50016K->1373K(50688K)] 377730K->329087K(566784K), 0.0015406 secs] [Times: user=0.01 sys=0.00, real=0.00 secs] 
879.396: [GC (Allocation Failure) [PSYoungGen: 50013K->1408K(50688K)] 377730K->329125K(566784K), 0.0019435 secs] [Times: user=0.01 sys=0.00, real=0.00 secs] 
879.599: [GC (Allocation Failure) [PSYoungGen: 50048K->1440K(50688K)] 377765K->329157K(566784K), 0.0020103 secs] [Times: user=0.01 sys=0.00, real=0.00 secs] 
879.801: [GC (Allocation Failure) [PSYoungGen: 50080K->1376K(50688K)] 377797K->329093K(566784K), 0.0019600 secs] [Times: user=0.00 sys=0.00, real=0.01 secs] 
880.004: [GC (Allocation Failure) [PSYoungGen: 50016K->1376K(50688K)] 377733K->329093K(566784K), 0.0020308 secs] [Times: user=0.00 sys=0.00, real=0.00 secs] 
880.214: [GC (Allocation Failure) [PSYoungGen: 50016K->1408K(50688K)] 377733K->329125K(566784K), 0.0020033 secs] [Times: user=0.01 sys=0.00, real=0.00 secs] 
880.415: [GC (Allocation Failure) [PSYoungGen: 50048K->1408K(50688K)] 377765K->329125K(566784K), 0.0018956 secs] [Times: user=0.01 sys=0.00, real=0.00 secs] 
881.059: [GC (Allocation Failure) [PSYoungGen: 50048K->1472K(50688K)] 377765K->329189K(566784K), 0.0018393 secs] [Times: user=0.01 sys=0.00, real=0.00 secs] 
881.261: [GC (Allocation Failure) [PSYoungGen: 50112K->1408K(50688K)] 377829K->329125K(566784K), 0.0019117 secs] [Times: user=0.01 sys=0.00, real=0.01 secs] 
881.463: [GC (Allocation Failure) [PSYoungGen: 50048K->1440K(50688K)] 377765K->329157K(566784K), 0.0018918 secs] [Times: user=0.00 sys=0.00, real=0.00 secs] 
881.665: [GC (Allocation Failure) [PSYoungGen: 50080K->1408K(50688K)] 377797K->329141K(566784K), 0.0018090 secs] [Times: user=0.01 sys=0.00, real=0.00 secs] 
881.867: [GC (Allocation Failure) [PSYoungGen: 50048K->1440K(50688K)] 377781K->329173K(566784K), 0.0017706 secs] [Times: user=0.00 sys=0.00, real=0.00 secs] 
882.129: [GC (Allocation Failure) [PSYoungGen: 50080K->1440K(50688K)] 377813K->329173K(566784K), 0.0019539 secs] [Times: user=0.01 sys=0.00, real=0.00 secs] 
882.963: [GC (Allocation Failure) [PSYoungGen: 50080K->1440K(50688K)] 377813K->329173K(566784K), 0.0019699 secs] [Times: user=0.01 sys=0.00, real=0.00 secs] 
883.392: [GC (Allocation Failure) [PSYoungGen: 50080K->1408K(50688K)] 377813K->329141K(566784K), 0.0021162 secs] [Times: user=0.01 sys=0.00, real=0.00 secs] 
883.938: [GC (Allocation Failure) [PSYoungGen: 50048K->1424K(50688K)] 377781K->329165K(566784K), 0.0035336 secs] [Times: user=0.01 sys=0.00, real=0.01 secs] 
884.290: [GC (Allocation Failure) [PSYoungGen: 50064K->1408K(50688K)] 377805K->329205K(566784K), 0.0027170 secs] [Times: user=0.02 sys=0.00, real=0.01 secs] 
884.657: [GC (Allocation Failure) [PSYoungGen: 50048K->1344K(50688K)] 377845K->329141K(566784K), 0.0027331 secs] [Times: user=0.01 sys=0.00, real=0.00 secs] 
885.044: [GC (Allocation Failure) [PSYoungGen: 49984K->1408K(50688K)] 377781K->329205K(566784K), 0.0022817 secs] [Times: user=0.01 sys=0.00, real=0.00 secs] 
886.487: [GC (Allocation Failure) [PSYoungGen: 50048K->1376K(50688K)] 377845K->330197K(566784K), 0.0038736 secs] [Times: user=0.02 sys=0.00, real=0.00 secs] 
886.937: [GC (Allocation Failure) [PSYoungGen: 50016K->384K(50688K)] 378837K->329205K(566784K), 0.0022511 secs] [Times: user=0.01 sys=0.00, real=0.00 secs] 
887.321: [GC (Allocation Failure) [PSYoungGen: 49024K->400K(50688K)] 377845K->329221K(566784K), 0.0021740 secs] [Times: user=0.01 sys=0.00, real=0.01 secs] 
887.523: [GC (Allocation Failure) [PSYoungGen: 49040K->368K(50688K)] 377861K->329189K(566784K), 0.0021533 secs] [Times: user=0.01 sys=0.00, real=0.00 secs] 
887.729: [GC (Allocation Failure) [PSYoungGen: 49008K->384K(50688K)] 377829K->329205K(566784K), 0.0020833 secs] [Times: user=0.01 sys=0.00, real=0.00 secs] 
887.930: [GC (Allocation Failure) [PSYoungGen: 49024K->320K(50688K)] 377845K->329141K(566784K), 0.0020392 secs] [Times: user=0.01 sys=0.00, real=0.01 secs] 
889.215: [GC (Allocation Failure) [PSYoungGen: 48960K->1952K(50688K)] 377781K->330773K(566784K), 0.0030865 secs] [Times: user=0.02 sys=0.00, real=0.00 secs] 
889.627: [GC (Allocation Failure) [PSYoungGen: 50592K->1376K(51200K)] 379413K->330197K(567296K), 0.0022468 secs] [Times: user=0.01 sys=0.00, real=0.00 secs] 
890.093: [GC (Allocation Failure) [PSYoungGen: 50016K->1376K(51200K)] 378837K->330197K(567296K), 0.0024368 secs] [Times: user=0.01 sys=0.00, real=0.00 secs] 
890.484: [GC (Allocation Failure) [PSYoungGen: 50016K->1376K(51200K)] 378837K->330197K(567296K), 0.0025715 secs] [Times: user=0.01 sys=0.00, real=0.00 secs] 
891.060: [GC (Allocation Failure) [PSYoungGen: 50016K->1376K(51200K)] 378837K->330197K(567296K), 0.0020810 secs] [Times: user=0.00 sys=0.00, real=0.01 secs] 
891.708: [GC (Allocation Failure) [PSYoungGen: 50016K->1408K(51200K)] 378837K->330229K(567296K), 0.0025701 secs] [Times: user=0.01 sys=0.00, real=0.00 secs] 
892.636: [GC (Allocation Failure) [PSYoungGen: 49161K->224K(51200K)] 377983K->329053K(567296K), 0.0015472 secs] [Times: user=0.01 sys=0.00, real=0.00 secs] 
892.875: [GC (Allocation Failure) [PSYoungGen: 48864K->1408K(51200K)] 377693K->330245K(567296K), 0.0014718 secs] [Times: user=0.00 sys=0.00, real=0.00 secs] 
893.077: [GC (Allocation Failure) [PSYoungGen: 50048K->1376K(51200K)] 378885K->330213K(567296K), 0.0015404 secs] [Times: user=0.00 sys=0.00, real=0.00 secs] 
893.278: [GC (Allocation Failure) [PSYoungGen: 50016K->1376K(51200K)] 378853K->330213K(567296K), 0.0016281 secs] [Times: user=0.00 sys=0.00, real=0.00 secs] 
893.480: [GC (Allocation Failure) [PSYoungGen: 50016K->1376K(51200K)] 378853K->330213K(567296K), 0.0016102 secs] [Times: user=0.00 sys=0.00, real=0.01 secs] 
893.865: [GC (Allocation Failure) [PSYoungGen: 50016K->1376K(51200K)] 378853K->330213K(567296K), 0.0019648 secs] [Times: user=0.00 sys=0.00, real=0.00 secs] 
894.522: [GC (Allocation Failure) [PSYoungGen: 50016K->1373K(51200K)] 378853K->330210K(567296K), 0.0015493 secs] [Times: user=0.00 sys=0.00, real=0.00 secs] 
895.021: [GC (Allocation Failure) [PSYoungGen: 50013K->1408K(51200K)] 378850K->330245K(567296K), 0.0018957 secs] [Times: user=0.01 sys=0.00, real=0.01 secs] 
895.223: [GC (Allocation Failure) [PSYoungGen: 50048K->1376K(50176K)] 378885K->330213K(566272K), 0.0020209 secs] [Times: user=0.01 sys=0.00, real=0.00 secs] 
895.425: [GC (Allocation Failure) [PSYoungGen: 50016K->1376K(50688K)] 378853K->330229K(566784K), 0.0018200 secs] [Times: user=0.01 sys=0.00, real=0.00 secs] 
895.627: [GC (Allocation Failure) [PSYoungGen: 50016K->1344K(50688K)] 378869K->330197K(566784K), 0.0020107 secs] [Times: user=0.01 sys=0.00, real=0.00 secs] 
895.854: [GC (Allocation Failure) [PSYoungGen: 49984K->1344K(50688K)] 378837K->330197K(566784K), 0.0021745 secs] [Times: user=0.01 sys=0.00, real=0.00 secs] 
896.174: [GC (Allocation Failure) [PSYoungGen: 49984K->1341K(50688K)] 378837K->330194K(566784K), 0.0014326 secs] [Times: user=0.01 sys=0.00, real=0.00 secs] 
897.272: [GC (Allocation Failure) [PSYoungGen: 49981K->1424K(50688K)] 378834K->330277K(566784K), 0.0025241 secs] [Times: user=0.01 sys=0.00, real=0.00 secs] 
897.815: [GC (Allocation Failure) [PSYoungGen: 50064K->1376K(50688K)] 378917K->330229K(566784K), 0.0027929 secs] [Times: user=0.02 sys=0.00, real=0.00 secs] 
898.201: [GC (Allocation Failure) [PSYoungGen: 50016K->1344K(50688K)] 378869K->330205K(566784K), 0.0026650 secs] [Times: user=0.01 sys=0.00, real=0.01 secs] 
898.585: [GC (Allocation Failure) [PSYoungGen: 49984K->1376K(50688K)] 378845K->330245K(566784K), 0.0027753 secs] [Times: user=0.01 sys=0.00, real=0.00 secs] 
898.987: [GC (Allocation Failure) [PSYoungGen: 50016K->1376K(50688K)] 378885K->330245K(566784K), 0.0024549 secs] [Times: user=0.01 sys=0.00, real=0.00 secs] 
899.352: [GC (Allocation Failure) [PSYoungGen: 50016K->1376K(50688K)] 378885K->330245K(566784K), 0.0024746 secs] [Times: user=0.01 sys=0.00, real=0.00 secs] 
900.060: [GC (Allocation Failure) [PSYoungGen: 50016K->1424K(50688K)] 378885K->330293K(566784K), 0.0017934 secs] [Times: user=0.01 sys=0.00, real=0.01 secs] 
900.262: [GC (Allocation Failure) [PSYoungGen: 50064K->1344K(50688K)] 378933K->330213K(566784K), 0.0018264 secs] [Times: user=0.01 sys=0.00, real=0.00 secs] 
900.464: [GC (Allocation Failure) [PSYoungGen: 49984K->1408K(50688K)] 378853K->330277K(566784K), 0.0017678 secs] [Times: user=0.00 sys=0.00, real=0.00 secs] 
900.666: [GC (Allocation Failure) [PSYoungGen: 50048K->1392K(50688K)] 378917K->330261K(566784K), 0.0018209 secs] [Times: user=0.01 sys=0.00, real=0.00 secs] 
900.868: [GC (Allocation Failure) [PSYoungGen: 50032K->1408K(50688K)] 378901K->330277K(566784K), 0.0018073 secs] [Times: user=0.00 sys=0.00, real=0.00 secs] 
901.070: [GC (Allocation Failure) [PSYoungGen: 50048K->1376K(50688K)] 378917K->330245K(566784K), 0.0019183 secs] [Times: user=0.01 sys=0.00, real=0.01 secs] 
901.704: [GC (Allocation Failure) [PSYoungGen: 50016K->1408K(50688K)] 378885K->330285K(566784K), 0.0019538 secs] [Times: user=0.01 sys=0.00, real=0.00 secs] 
901.906: [GC (Allocation Failure) [PSYoungGen: 50048K->1344K(50688K)] 378925K->330221K(566784K), 0.0017871 secs] [Times: user=0.01 sys=0.00, real=0.00 secs] 
902.159: [GC (Allocation Failure) [PSYoungGen: 49984K->1376K(50688K)] 378861K->330253K(566784K), 0.0019079 secs] [Times: user=0.01 sys=0.00, real=0.00 secs] 
902.441: [GC (Allocation Failure) [PSYoungGen: 50016K->1424K(50688K)] 378893K->330309K(566784K), 0.0017626 secs] [Times: user=0.01 sys=0.00, real=0.01 secs] 
902.739: [GC (Allocation Failure) [PSYoungGen: 50064K->1376K(50688K)] 378949K->330261K(566784K), 0.0018028 secs] [Times: user=0.01 sys=0.00, real=0.00 secs] 
903.105: [GC (Allocation Failure) [PSYoungGen: 50016K->1376K(50688K)] 378901K->330261K(566784K), 0.0018071 secs] [Times: user=0.01 sys=0.00, real=0.00 secs] 
903.828: [GC (Allocation Failure) [PSYoungGen: 50016K->1472K(50688K)] 378901K->332405K(566784K), 0.0020840 secs] [Times: user=0.01 sys=0.00, real=0.00 secs] 
904.192: [GC (Allocation Failure) [PSYoungGen: 50112K->368K(50688K)] 381045K->331325K(566784K), 0.0019631 secs] [Times: user=0.01 sys=0.00, real=0.00 secs] 
904.433: [GC (Allocation Failure) [PSYoungGen: 49008K->384K(50688K)] 379965K->331341K(566784K), 0.0019588 secs] [Times: user=0.00 sys=0.00, real=0.00 secs] 
904.714: [GC (Allocation Failure) [PSYoungGen: 49024K->368K(50688K)] 379981K->331333K(566784K), 0.0017414 secs] [Times: user=0.01 sys=0.00, real=0.00 secs] 
905.036: [GC (Allocation Failure) [PSYoungGen: 49008K->320K(50688K)] 379973K->331285K(566784K), 0.0020205 secs] [Times: user=0.01 sys=0.00, real=0.00 secs] 
905.371: [GC (Allocation Failure) [PSYoungGen: 48960K->352K(50688K)] 379925K->331317K(566784K), 0.0019988 secs] [Times: user=0.01 sys=0.00, real=0.01 secs] 
906.160: [GC (Allocation Failure) [PSYoungGen: 48992K->1920K(50176K)] 379957K->332885K(566272K), 0.0016059 secs] [Times: user=0.01 sys=0.00, real=0.01 secs] 
906.551: [GC (Allocation Failure) [PSYoungGen: 50048K->1376K(50688K)] 381013K->332341K(566784K), 0.0018095 secs] [Times: user=0.01 sys=0.00, real=0.01 secs] 
906.801: [GC (Allocation Failure) [PSYoungGen: 49504K->1376K(50688K)] 380469K->332341K(566784K), 0.0016410 secs] [Times: user=0.01 sys=0.00, real=0.01 secs] 
907.000: [GC (Allocation Failure) [PSYoungGen: 49504K->1344K(50688K)] 380469K->332317K(566784K), 0.0018489 secs] [Times: user=0.01 sys=0.00, real=0.01 secs] 
907.200: [GC (Allocation Failure) [PSYoungGen: 49472K->1376K(50688K)] 380445K->332349K(566784K), 0.0019920 secs] [Times: user=0.01 sys=0.00, real=0.01 secs] 
907.400: [GC (Allocation Failure) [PSYoungGen: 49504K->1376K(50688K)] 380477K->332349K(566784K), 0.0018979 secs] [Times: user=0.00 sys=0.00, real=0.01 secs] 
907.938: [GC (Allocation Failure) [PSYoungGen: 49504K->1373K(50688K)] 380477K->332346K(566784K), 0.0014505 secs] [Times: user=0.01 sys=0.00, real=0.00 secs] 
909.299: [GC (Allocation Failure) [PSYoungGen: 49501K->1376K(50688K)] 380474K->332349K(566784K), 0.0041217 secs] [Times: user=0.02 sys=0.00, real=0.01 secs] 
910.007: [GC (Allocation Failure) [PSYoungGen: 49504K->1376K(50688K)] 380477K->332349K(566784K), 0.0046724 secs] [Times: user=0.01 sys=0.00, real=0.01 secs] 
910.731: [GC (Allocation Failure) [PSYoungGen: 49504K->1376K(49664K)] 380477K->332349K(565760K), 0.0048334 secs] [Times: user=0.02 sys=0.00, real=0.01 secs] 
911.288: [GC (Allocation Failure) [PSYoungGen: 49504K->1376K(50176K)] 380477K->332349K(566272K), 0.0044773 secs] [Times: user=0.01 sys=0.00, real=0.01 secs] 
911.669: [GC (Allocation Failure) [PSYoungGen: 49504K->1376K(50176K)] 380477K->332349K(566272K), 0.0028941 secs] [Times: user=0.01 sys=0.00, real=0.01 secs] 
912.170: [GC (Allocation Failure) [PSYoungGen: 49504K->1373K(50176K)] 380477K->332346K(566272K), 0.0025337 secs] [Times: user=0.01 sys=0.00, real=0.01 secs] 
913.545: [GC (Allocation Failure) [PSYoungGen: 49501K->1440K(50176K)] 380474K->332413K(566272K), 0.0042954 secs] [Times: user=0.02 sys=0.00, real=0.00 secs] 
914.488: [GC (Allocation Failure) [PSYoungGen: 49568K->1408K(50176K)] 380541K->332381K(566272K), 0.0040389 secs] [Times: user=0.02 sys=0.00, real=0.01 secs] 
914.998: [GC (Allocation Failure) [PSYoungGen: 49536K->1376K(50176K)] 380509K->332349K(566272K), 0.0033123 secs] [Times: user=0.01 sys=0.00, real=0.00 secs] 
915.403: [GC (Allocation Failure) [PSYoungGen: 49504K->1376K(50176K)] 380477K->332349K(566272K), 0.0023582 secs] [Times: user=0.01 sys=0.00, real=0.00 secs] 
915.834: [GC (Allocation Failure) [PSYoungGen: 49504K->1376K(50176K)] 380477K->332349K(566272K), 0.0024339 secs] [Times: user=0.01 sys=0.00, real=0.00 secs] 
916.308: [GC (Allocation Failure) [PSYoungGen: 49504K->1344K(50176K)] 380477K->332317K(566272K), 0.0032262 secs] [Times: user=0.01 sys=0.00, real=0.00 secs] 
917.365: [GC (Allocation Failure) [PSYoungGen: 49472K->1408K(50176K)] 380445K->332381K(566272K), 0.0026099 secs] [Times: user=0.01 sys=0.00, real=0.00 secs] 
918.025: [GC (Allocation Failure) [PSYoungGen: 49536K->1376K(50176K)] 380509K->332349K(566272K), 0.0024255 secs] [Times: user=0.01 sys=0.00, real=0.00 secs] 
918.524: [GC (Allocation Failure) [PSYoungGen: 49504K->1376K(50176K)] 380477K->332349K(566272K), 0.0033286 secs] [Times: user=0.01 sys=0.00, real=0.00 secs] 
918.722: [GC (Allocation Failure) [PSYoungGen: 49504K->1392K(50176K)] 380477K->332373K(566272K), 0.0020182 secs] [Times: user=0.01 sys=0.00, real=0.00 secs] 
918.948: [GC (Allocation Failure) [PSYoungGen: 49520K->1344K(50176K)] 380501K->332325K(566272K), 0.0020026 secs] [Times: user=0.01 sys=0.00, real=0.00 secs] 
919.363: [GC (Allocation Failure) [PSYoungGen: 49472K->1344K(50176K)] 380453K->332325K(566272K), 0.0021777 secs] [Times: user=0.01 sys=0.01, real=0.00 secs] 
920.288: [GC (Allocation Failure) [PSYoungGen: 49472K->1440K(50176K)] 380453K->333445K(566272K), 0.0019263 secs] [Times: user=0.01 sys=0.00, real=0.00 secs] 
920.765: [GC (Allocation Failure) [PSYoungGen: 49568K->352K(50176K)] 381573K->332357K(566272K), 0.0018783 secs] [Times: user=0.01 sys=0.00, real=0.00 secs] 
921.178: [GC (Allocation Failure) [PSYoungGen: 48480K->352K(50176K)] 380485K->332357K(566272K), 0.0029125 secs] [Times: user=0.01 sys=0.00, real=0.00 secs] 
921.397: [GC (Allocation Failure) [PSYoungGen: 48480K->384K(50176K)] 380485K->332397K(566272K), 0.0021417 secs] [Times: user=0.01 sys=0.00, real=0.00 secs] 
921.611: [GC (Allocation Failure) [PSYoungGen: 48512K->352K(50176K)] 380525K->332365K(566272K), 0.0020503 secs] [Times: user=0.01 sys=0.00, real=0.01 secs] 
921.951: [GC (Allocation Failure) [PSYoungGen: 48480K->352K(50176K)] 380493K->332365K(566272K), 0.0020008 secs] [Times: user=0.01 sys=0.00, real=0.01 secs] 
922.883: [GC (Allocation Failure) [PSYoungGen: 48480K->1504K(50176K)] 380493K->333517K(566272K), 0.0018262 secs] [Times: user=0.00 sys=0.00, real=0.00 secs] 
923.631: [GC (Allocation Failure) [PSYoungGen: 49632K->1344K(50688K)] 381645K->333357K(566784K), 0.0024408 secs] [Times: user=0.01 sys=0.00, real=0.01 secs] 
924.260: [GC (Allocation Failure) [PSYoungGen: 49472K->1408K(50688K)] 381485K->333421K(566784K), 0.0042336 secs] [Times: user=0.01 sys=0.00, real=0.01 secs] 
924.823: [GC (Allocation Failure) [PSYoungGen: 49536K->1376K(50688K)] 381549K->333389K(566784K), 0.0035429 secs] [Times: user=0.02 sys=0.00, real=0.00 secs] 
925.222: [GC (Allocation Failure) [PSYoungGen: 49504K->1408K(50688K)] 381517K->333421K(566784K), 0.0032725 secs] [Times: user=0.01 sys=0.00, real=0.00 secs] 
925.417: [GC (Allocation Failure) [PSYoungGen: 49536K->1344K(50688K)] 381549K->333357K(566784K), 0.0022115 secs] [Times: user=0.01 sys=0.00, real=0.00 secs] 
925.925: [GC (Allocation Failure) [PSYoungGen: 49472K->1405K(50688K)] 381485K->333435K(566784K), 0.0014972 secs] [Times: user=0.00 sys=0.00, real=0.00 secs] 
927.200: [GC (Allocation Failure) [PSYoungGen: 49533K->1376K(50688K)] 381563K->333405K(566784K), 0.0032555 secs] [Times: user=0.01 sys=0.00, real=0.01 secs] 
928.120: [GC (Allocation Failure) [PSYoungGen: 49504K->1344K(50688K)] 381533K->333373K(566784K), 0.0033060 secs] [Times: user=0.02 sys=0.00, real=0.01 secs] 
928.803: [GC (Allocation Failure) [PSYoungGen: 49472K->1376K(49664K)] 381501K->333405K(565760K), 0.0033799 secs] [Times: user=0.02 sys=0.00, real=0.00 secs] 
929.233: [GC (Allocation Failure) [PSYoungGen: 49504K->1408K(50176K)] 381533K->333437K(566272K), 0.0047411 secs] [Times: user=0.02 sys=0.00, real=0.00 secs] 
930.042: [GC (Allocation Failure) [PSYoungGen: 49536K->1376K(50176K)] 381565K->333405K(566272K), 0.0041655 secs] [Times: user=0.02 sys=0.00, real=0.00 secs] 
930.794: [GC (Allocation Failure) [PSYoungGen: 49504K->1360K(50176K)] 381533K->333389K(566272K), 0.0042317 secs] [Times: user=0.02 sys=0.00, real=0.00 secs] 
931.846: [GC (Allocation Failure) [PSYoungGen: 49488K->1376K(50176K)] 381517K->333405K(566272K), 0.0020390 secs] [Times: user=0.01 sys=0.00, real=0.00 secs] 
932.265: [GC (Allocation Failure) [PSYoungGen: 49504K->1344K(50176K)] 381533K->333373K(566272K), 0.0032890 secs] [Times: user=0.01 sys=0.00, real=0.00 secs] 
932.699: [GC (Allocation Failure) [PSYoungGen: 49472K->1408K(50176K)] 381501K->333445K(566272K), 0.0029098 secs] [Times: user=0.01 sys=0.00, real=0.01 secs] 
933.134: [GC (Allocation Failure) [PSYoungGen: 49536K->1376K(50176K)] 381573K->333413K(566272K), 0.0028008 secs] [Times: user=0.01 sys=0.00, real=0.00 secs] 
933.529: [GC (Allocation Failure) [PSYoungGen: 49504K->1376K(50176K)] 381541K->333413K(566272K), 0.0026144 secs] [Times: user=0.01 sys=0.00, real=0.01 secs] 
933.853: [GC (Allocation Failure) [PSYoungGen: 49504K->1376K(50176K)] 381541K->333413K(566272K), 0.0021516 secs] [Times: user=0.01 sys=0.00, real=0.00 secs] 
934.739: [GC (Allocation Failure) [PSYoungGen: 49504K->1408K(50176K)] 381541K->333445K(566272K), 0.0019130 secs] [Times: user=0.01 sys=0.00, real=0.00 secs] 
935.160: [GC (Allocation Failure) [PSYoungGen: 49536K->1344K(50176K)] 381573K->333381K(566272K), 0.0020587 secs] [Times: user=0.01 sys=0.00, real=0.01 secs] 
935.650: [GC (Allocation Failure) [PSYoungGen: 49472K->1376K(50176K)] 381509K->333413K(566272K), 0.0032216 secs] [Times: user=0.01 sys=0.00, real=0.01 secs] 
936.066: [GC (Allocation Failure) [PSYoungGen: 49504K->1344K(50176K)] 381541K->333381K(566272K), 0.0033004 secs] [Times: user=0.01 sys=0.00, real=0.00 secs] 
936.417: [GC (Allocation Failure) [PSYoungGen: 49472K->1408K(50176K)] 381509K->333445K(566272K), 0.0025829 secs] [Times: user=0.02 sys=0.00, real=0.00 secs] 
936.687: [GC (Allocation Failure) [PSYoungGen: 49536K->1360K(50176K)] 381573K->333413K(566272K), 0.0021651 secs] [Times: user=0.01 sys=0.01, real=0.00 secs] 
937.510: [GC (Allocation Failure) [PSYoungGen: 49488K->1920K(50176K)] 381541K->333973K(566272K), 0.0019676 secs] [Times: user=0.01 sys=0.00, real=0.01 secs] 
937.976: [GC (Allocation Failure) [PSYoungGen: 50048K->1392K(50176K)] 382101K->333445K(566272K), 0.0019203 secs] [Times: user=0.00 sys=0.00, real=0.00 secs] 
938.408: [GC (Allocation Failure) [PSYoungGen: 49520K->1408K(50176K)] 381573K->333461K(566272K), 0.0042177 secs] [Times: user=0.02 sys=0.00, real=0.01 secs] 
938.844: [GC (Allocation Failure) [PSYoungGen: 49536K->1312K(50176K)] 381589K->333365K(566272K), 0.0032851 secs] [Times: user=0.01 sys=0.00, real=0.00 secs] 
939.096: [GC (Allocation Failure) [PSYoungGen: 49440K->1376K(50176K)] 381493K->333429K(566272K), 0.0022652 secs] [Times: user=0.01 sys=0.00, real=0.00 secs] 
939.297: [GC (Allocation Failure) [PSYoungGen: 49504K->1344K(50176K)] 381557K->333397K(566272K), 0.0021256 secs] [Times: user=0.01 sys=0.00, real=0.00 secs] 
939.997: [GC (Allocation Failure) [PSYoungGen: 49472K->1373K(50176K)] 381525K->333427K(566272K), 0.0015417 secs] [Times: user=0.01 sys=0.00, real=0.00 secs] 
940.455: [GC (Allocation Failure) [PSYoungGen: 49501K->1376K(50176K)] 381555K->333429K(566272K), 0.0018247 secs] [Times: user=0.01 sys=0.00, real=0.00 secs] 
940.893: [GC (Allocation Failure) [PSYoungGen: 49504K->1376K(50176K)] 381557K->333429K(566272K), 0.0019393 secs] [Times: user=0.01 sys=0.00, real=0.00 secs] 
941.351: [GC (Allocation Failure) [PSYoungGen: 49504K->1376K(50176K)] 381557K->333429K(566272K), 0.0019448 secs] [Times: user=0.01 sys=0.00, real=0.01 secs] 
941.701: [GC (Allocation Failure) [PSYoungGen: 49504K->1392K(50176K)] 381557K->333445K(566272K), 0.0021364 secs] [Times: user=0.01 sys=0.00, real=0.01 secs] 
942.018: [GC (Allocation Failure) [PSYoungGen: 49520K->1376K(50176K)] 381573K->333429K(566272K), 0.0021552 secs] [Times: user=0.00 sys=0.00, real=0.00 secs] 
942.529: [GC (Allocation Failure) [PSYoungGen: 49504K->1405K(50176K)] 381557K->333459K(566272K), 0.0015107 secs] [Times: user=0.01 sys=0.00, real=0.00 secs] 
943.327: [GC (Allocation Failure) [PSYoungGen: 49533K->1408K(49664K)] 381587K->333469K(565760K), 0.0021560 secs] [Times: user=0.00 sys=0.00, real=0.00 secs] 
943.812: [GC (Allocation Failure) [PSYoungGen: 49536K->1376K(49664K)] 381597K->333437K(565760K), 0.0020832 secs] [Times: user=0.01 sys=0.00, real=0.00 secs] 
944.013: [GC (Allocation Failure) [PSYoungGen: 49504K->1408K(49664K)] 381565K->333469K(565760K), 0.0039312 secs] [Times: user=0.02 sys=0.00, real=0.00 secs] 
944.215: [GC (Allocation Failure) [PSYoungGen: 49536K->1408K(49664K)] 381597K->333469K(565760K), 0.0021814 secs] [Times: user=0.01 sys=0.00, real=0.00 secs] 
944.581: [GC (Allocation Failure) [PSYoungGen: 49536K->1360K(49664K)] 381597K->333421K(565760K), 0.0020919 secs] [Times: user=0.01 sys=0.00, real=0.01 secs] 
944.943: [GC (Allocation Failure) [PSYoungGen: 49488K->1344K(49664K)] 381549K->333421K(565760K), 0.0018977 secs] [Times: user=0.01 sys=0.00, real=0.00 secs] 
946.022: [GC (Allocation Failure) [PSYoungGen: 49472K->1408K(49664K)] 381549K->333485K(565760K), 0.0021834 secs] [Times: user=0.01 sys=0.00, real=0.00 secs] 
946.541: [GC (Allocation Failure) [PSYoungGen: 49536K->1376K(49664K)] 381613K->333453K(565760K), 0.0041381 secs] [Times: user=0.01 sys=0.00, real=0.01 secs] 
947.132: [GC (Allocation Failure) [PSYoungGen: 49504K->1360K(49664K)] 381581K->333437K(565760K), 0.0039186 secs] [Times: user=0.02 sys=0.00, real=0.00 secs] 
947.686: [GC (Allocation Failure) [PSYoungGen: 49488K->1360K(49664K)] 381565K->333437K(565760K), 0.0041446 secs] [Times: user=0.01 sys=0.00, real=0.00 secs] 
948.141: [GC (Allocation Failure) [PSYoungGen: 49488K->1376K(49664K)] 381565K->333453K(565760K), 0.0028200 secs] [Times: user=0.01 sys=0.00, real=0.01 secs] 
948.450: [GC (Allocation Failure) [PSYoungGen: 49504K->1376K(49664K)] 381581K->333453K(565760K), 0.0022363 secs] [Times: user=0.01 sys=0.00, real=0.01 secs] 
949.190: [GC (Allocation Failure) [PSYoungGen: 49504K->1440K(49664K)] 381581K->335565K(565760K), 0.0020212 secs] [Times: user=0.01 sys=0.00, real=0.01 secs] 
949.690: [GC (Allocation Failure) [PSYoungGen: 49568K->352K(49152K)] 383693K->334477K(565248K), 0.0019906 secs] [Times: user=0.01 sys=0.00, real=0.01 secs] 
950.076: [GC (Allocation Failure) [PSYoungGen: 47968K->384K(49664K)] 382093K->334509K(565760K), 0.0019415 secs] [Times: user=0.01 sys=0.00, real=0.00 secs] 
950.518: [GC (Allocation Failure) [PSYoungGen: 48000K->288K(49664K)] 382125K->334421K(565760K), 0.0043230 secs] [Times: user=0.02 sys=0.00, real=0.01 secs] 
950.906: [GC (Allocation Failure) [PSYoungGen: 47904K->352K(49664K)] 382037K->334485K(565760K), 0.0023159 secs] [Times: user=0.01 sys=0.00, real=0.00 secs] 
951.269: [GC (Allocation Failure) [PSYoungGen: 47968K->320K(49664K)] 382101K->334453K(565760K), 0.0026472 secs] [Times: user=0.01 sys=0.00, real=0.00 secs] 
952.352: [GC (Allocation Failure) [PSYoungGen: 47936K->1568K(49664K)] 382069K->335701K(565760K), 0.0021361 secs] [Times: user=0.01 sys=0.00, real=0.00 secs] 
952.858: [GC (Allocation Failure) [PSYoungGen: 49184K->1376K(50176K)] 383317K->335509K(566272K), 0.0019115 secs] [Times: user=0.00 sys=0.00, real=0.00 secs] 
953.371: [GC (Allocation Failure) [PSYoungGen: 48992K->1408K(50176K)] 383125K->335541K(566272K), 0.0020677 secs] [Times: user=0.01 sys=0.00, real=0.01 secs] 
953.719: [GC (Allocation Failure) [PSYoungGen: 49024K->1408K(50176K)] 383157K->335541K(566272K), 0.0025717 secs] [Times: user=0.01 sys=0.00, real=0.00 secs] 
954.134: [GC (Allocation Failure) [PSYoungGen: 49024K->1408K(50176K)] 383157K->335541K(566272K), 0.0025125 secs] [Times: user=0.01 sys=0.00, real=0.00 secs] 
954.631: [GC (Allocation Failure) [PSYoungGen: 49024K->1344K(50176K)] 383157K->335477K(566272K), 0.0055356 secs] [Times: user=0.01 sys=0.00, real=0.01 secs] 
955.383: [GC (Allocation Failure) [PSYoungGen: 48960K->1373K(50176K)] 383093K->335507K(566272K), 0.0014764 secs] [Times: user=0.01 sys=0.00, real=0.00 secs] 
956.076: [GC (Allocation Failure) [PSYoungGen: 48989K->1376K(50176K)] 383123K->335509K(566272K), 0.0022467 secs] [Times: user=0.01 sys=0.00, real=0.00 secs] 
956.581: [GC (Allocation Failure) [PSYoungGen: 48992K->1344K(49152K)] 383125K->335477K(565248K), 0.0047939 secs] [Times: user=0.02 sys=0.00, real=0.01 secs] 
957.140: [GC (Allocation Failure) [PSYoungGen: 48960K->1408K(49664K)] 383093K->335565K(565760K), 0.0032713 secs] [Times: user=0.01 sys=0.00, real=0.01 secs] 
957.578: [GC (Allocation Failure) [PSYoungGen: 49024K->1408K(49664K)] 383181K->335565K(565760K), 0.0040720 secs] [Times: user=0.01 sys=0.00, real=0.01 secs] 
958.102: [GC (Allocation Failure) [PSYoungGen: 49024K->1440K(49664K)] 383181K->335597K(565760K), 0.0033012 secs] [Times: user=0.02 sys=0.00, real=0.00 secs] 
958.729: [GC (Allocation Failure) [PSYoungGen: 49056K->1376K(49664K)] 383213K->335533K(565760K), 0.0032309 secs] [Times: user=0.02 sys=0.00, real=0.01 secs] 
959.941: [GC (Allocation Failure) [PSYoungGen: 48992K->1408K(49664K)] 383149K->335565K(565760K), 0.0043938 secs] [Times: user=0.02 sys=0.00, real=0.01 secs] 
960.721: [GC (Allocation Failure) [PSYoungGen: 49024K->1360K(49664K)] 383181K->335517K(565760K), 0.0042657 secs] [Times: user=0.02 sys=0.00, real=0.01 secs] 
961.270: [GC (Allocation Failure) [PSYoungGen: 48976K->1312K(49664K)] 383133K->335469K(565760K), 0.0041575 secs] [Times: user=0.02 sys=0.00, real=0.01 secs] 
961.669: [GC (Allocation Failure) [PSYoungGen: 48928K->1344K(49664K)] 383085K->335501K(565760K), 0.0043895 secs] [Times: user=0.02 sys=0.01, real=0.01 secs] 
961.949: [GC (Allocation Failure) [PSYoungGen: 48960K->1408K(49664K)] 383117K->335565K(565760K), 0.0022720 secs] [Times: user=0.01 sys=0.00, real=0.00 secs] 
962.139: [GC (Allocation Failure) [PSYoungGen: 49024K->1344K(49664K)] 383181K->335501K(565760K), 0.0019919 secs] [Times: user=0.00 sys=0.00, real=0.00 secs] 
962.827: [GC (Allocation Failure) [PSYoungGen: 48728K->1968K(49664K)] 382886K->336637K(565760K), 0.0019056 secs] [Times: user=0.01 sys=0.00, real=0.00 secs] 
963.235: [GC (Allocation Failure) [PSYoungGen: 49584K->1376K(49664K)] 384253K->336045K(565760K), 0.0020358 secs] [Times: user=0.01 sys=0.00, real=0.00 secs] 
963.615: [GC (Allocation Failure) [PSYoungGen: 48992K->1344K(49664K)] 383661K->336013K(565760K), 0.0044000 secs] [Times: user=0.02 sys=0.00, real=0.00 secs] 
963.975: [GC (Allocation Failure) [PSYoungGen: 48960K->1408K(49664K)] 383629K->336085K(565760K), 0.0033230 secs] [Times: user=0.02 sys=0.00, real=0.00 secs] 
964.375: [GC (Allocation Failure) [PSYoungGen: 49024K->1360K(49664K)] 383701K->336037K(565760K), 0.0029770 secs] [Times: user=0.01 sys=0.00, real=0.00 secs] 
964.763: [GC (Allocation Failure) [PSYoungGen: 48976K->1376K(49664K)] 383653K->336053K(565760K), 0.0027933 secs] [Times: user=0.01 sys=0.00, real=0.00 secs] 
965.462: [GC (Allocation Failure) [PSYoungGen: 48992K->1373K(49664K)] 383669K->336051K(565760K), 0.0014166 secs] [Times: user=0.01 sys=0.00, real=0.00 secs] 
965.917: [GC (Allocation Failure) [PSYoungGen: 48989K->1408K(49664K)] 383667K->336085K(565760K), 0.0019574 secs] [Times: user=0.01 sys=0.00, real=0.00 secs] 
966.344: [GC (Allocation Failure) [PSYoungGen: 49024K->1344K(49664K)] 383701K->336037K(565760K), 0.0019017 secs] [Times: user=0.01 sys=0.00, real=0.00 secs] 
966.799: [GC (Allocation Failure) [PSYoungGen: 48960K->1312K(49664K)] 383653K->336005K(565760K), 0.0040517 secs] [Times: user=0.02 sys=0.00, real=0.01 secs] 
967.267: [GC (Allocation Failure) [PSYoungGen: 48928K->1360K(49664K)] 383621K->336053K(565760K), 0.0034391 secs] [Times: user=0.02 sys=0.00, real=0.00 secs] 
967.802: [GC (Allocation Failure) [PSYoungGen: 48976K->1344K(49664K)] 383669K->336037K(565760K), 0.0040728 secs] [Times: user=0.02 sys=0.00, real=0.00 secs] 
968.331: [GC (Allocation Failure) [PSYoungGen: 48955K->288K(49664K)] 383649K->334981K(565760K), 0.0033104 secs] [Times: user=0.01 sys=0.00, real=0.01 secs] 
969.804: [GC (Allocation Failure) [PSYoungGen: 47904K->1408K(49664K)] 382597K->336101K(565760K), 0.0047214 secs] [Times: user=0.02 sys=0.00, real=0.00 secs] 
970.613: [GC (Allocation Failure) [PSYoungGen: 49024K->1376K(49664K)] 383717K->336069K(565760K), 0.0045164 secs] [Times: user=0.02 sys=0.00, real=0.00 secs] 
971.247: [GC (Allocation Failure) [PSYoungGen: 48992K->1408K(49664K)] 383685K->336101K(565760K), 0.0029215 secs] [Times: user=0.01 sys=0.00, real=0.00 secs] 
971.818: [GC (Allocation Failure) [PSYoungGen: 49024K->1344K(49664K)] 383717K->336037K(565760K), 0.0029912 secs] [Times: user=0.01 sys=0.00, real=0.00 secs] 
972.341: [GC (Allocation Failure) [PSYoungGen: 48960K->1392K(49664K)] 383653K->336085K(565760K), 0.0032780 secs] [Times: user=0.01 sys=0.00, real=0.01 secs] 
972.691: [GC (Allocation Failure) [PSYoungGen: 49008K->1408K(49664K)] 383701K->336101K(565760K), 0.0027947 secs] [Times: user=0.01 sys=0.00, real=0.01 secs] 
973.869: [GC (Allocation Failure) [PSYoungGen: 49024K->1440K(49664K)] 383717K->338181K(565760K), 0.0018613 secs] [Times: user=0.01 sys=0.00, real=0.00 secs] 
974.307: [GC (Allocation Failure) [PSYoungGen: 49056K->368K(49664K)] 385797K->337109K(565760K), 0.0021625 secs] [Times: user=0.00 sys=0.00, real=0.00 secs] 
974.696: [GC (Allocation Failure) [PSYoungGen: 47984K->384K(49664K)] 384725K->337125K(565760K), 0.0027176 secs] [Times: user=0.01 sys=0.00, real=0.00 secs] 
975.093: [GC (Allocation Failure) [PSYoungGen: 48000K->352K(49664K)] 384741K->337093K(565760K), 0.0034020 secs] [Times: user=0.01 sys=0.00, real=0.00 secs] 
975.595: [GC (Allocation Failure) [PSYoungGen: 47968K->368K(49664K)] 384709K->337109K(565760K), 0.0035358 secs] [Times: user=0.01 sys=0.00, real=0.00 secs] 
976.228: [GC (Allocation Failure) [PSYoungGen: 47984K->368K(49664K)] 384725K->337109K(565760K), 0.0034918 secs] [Times: user=0.02 sys=0.00, real=0.00 secs] 
977.406: [GC (Allocation Failure) [PSYoungGen: 47984K->1664K(49664K)] 384725K->338421K(565760K), 0.0018202 secs] [Times: user=0.01 sys=0.00, real=0.00 secs] 
978.056: [GC (Allocation Failure) [PSYoungGen: 49280K->1376K(50176K)] 386037K->338133K(566272K), 0.0033924 secs] [Times: user=0.01 sys=0.00, real=0.00 secs] 
978.663: [GC (Allocation Failure) [PSYoungGen: 48992K->1344K(50176K)] 385749K->338101K(566272K), 0.0035313 secs] [Times: user=0.01 sys=0.00, real=0.00 secs] 
979.171: [GC (Allocation Failure) [PSYoungGen: 48960K->1392K(50176K)] 385717K->338157K(566272K), 0.0032518 secs] [Times: user=0.01 sys=0.00, real=0.01 secs] 
979.499: [GC (Allocation Failure) [PSYoungGen: 49008K->1344K(50176K)] 385773K->338109K(566272K), 0.0023102 secs] [Times: user=0.01 sys=0.00, real=0.00 secs] 
979.746: [GC (Allocation Failure) [PSYoungGen: 48960K->1376K(50176K)] 385725K->338141K(566272K), 0.0021311 secs] [Times: user=0.01 sys=0.00, real=0.00 secs] 
980.260: [GC (Allocation Failure) [PSYoungGen: 48992K->1376K(50176K)] 385757K->338141K(566272K), 0.0014628 secs] [Times: user=0.01 sys=0.00, real=0.00 secs] 
980.911: [GC (Allocation Failure) [PSYoungGen: 48992K->1408K(50176K)] 385757K->338173K(566272K), 0.0018295 secs] [Times: user=0.01 sys=0.00, real=0.01 secs] 
981.310: [GC (Allocation Failure) [PSYoungGen: 49024K->1360K(50176K)] 385789K->338125K(566272K), 0.0018876 secs] [Times: user=0.01 sys=0.00, real=0.01 secs] 
981.776: [GC (Allocation Failure) [PSYoungGen: 48976K->1424K(50176K)] 385741K->338197K(566272K), 0.0019947 secs] [Times: user=0.01 sys=0.00, real=0.00 secs] 
982.040: [GC (Allocation Failure) [PSYoungGen: 49040K->1408K(50176K)] 385813K->338181K(566272K), 0.0018738 secs] [Times: user=0.01 sys=0.00, real=0.01 secs] 
982.413: [GC (Allocation Failure) [PSYoungGen: 49024K->1424K(49152K)] 385797K->338197K(565248K), 0.0020256 secs] [Times: user=0.01 sys=0.00, real=0.00 secs] 
982.777: [GC (Allocation Failure) [PSYoungGen: 49040K->1360K(49664K)] 385813K->338133K(565760K), 0.0020517 secs] [Times: user=0.01 sys=0.00, real=0.00 secs] 
983.537: [GC (Allocation Failure) [PSYoungGen: 48976K->1408K(49664K)] 385749K->338181K(565760K), 0.0019138 secs] [Times: user=0.01 sys=0.00, real=0.00 secs] 
983.736: [GC (Allocation Failure) [PSYoungGen: 49024K->1376K(49664K)] 385797K->338149K(565760K), 0.0019458 secs] [Times: user=0.00 sys=0.01, real=0.00 secs] 
983.934: [GC (Allocation Failure) [PSYoungGen: 48992K->1408K(49664K)] 385765K->338181K(565760K), 0.0019437 secs] [Times: user=0.01 sys=0.00, real=0.00 secs] 
984.132: [GC (Allocation Failure) [PSYoungGen: 49024K->1408K(49664K)] 385797K->338181K(565760K), 0.0019043 secs] [Times: user=0.01 sys=0.00, real=0.00 secs] 
984.472: [GC (Allocation Failure) [PSYoungGen: 49024K->1408K(49664K)] 385797K->338197K(565760K), 0.0020828 secs] [Times: user=0.01 sys=0.00, real=0.00 secs] 
984.865: [GC (Allocation Failure) [PSYoungGen: 49024K->1408K(49664K)] 385813K->338197K(565760K), 0.0020506 secs] [Times: user=0.00 sys=0.00, real=0.00 secs] 
985.750: [GC (Allocation Failure) [PSYoungGen: 48216K->1968K(49664K)] 385006K->339269K(565760K), 0.0016549 secs] [Times: user=0.01 sys=0.00, real=0.01 secs] 
986.293: [GC (Allocation Failure) [PSYoungGen: 49584K->1328K(49664K)] 386885K->338629K(565760K), 0.0018186 secs] [Times: user=0.00 sys=0.00, real=0.00 secs] 
986.753: [GC (Allocation Failure) [PSYoungGen: 48944K->1376K(49664K)] 386245K->338677K(565760K), 0.0018541 secs] [Times: user=0.00 sys=0.00, real=0.00 secs] 
987.143: [GC (Allocation Failure) [PSYoungGen: 48992K->1376K(49664K)] 386293K->338677K(565760K), 0.0019711 secs] [Times: user=0.01 sys=0.00, real=0.00 secs] 
987.682: [GC (Allocation Failure) [PSYoungGen: 48992K->1376K(49664K)] 386293K->338677K(565760K), 0.0022168 secs] [Times: user=0.01 sys=0.00, real=0.00 secs] 
988.231: [GC (Allocation Failure) [PSYoungGen: 48992K->1376K(49664K)] 386293K->338677K(565760K), 0.0022401 secs] [Times: user=0.01 sys=0.00, real=0.01 secs] 
988.954: [GC (Allocation Failure) [PSYoungGen: 48992K->1357K(49664K)] 386293K->338659K(565760K), 0.0014760 secs] [Times: user=0.01 sys=0.00, real=0.00 secs] 
989.367: [GC (Allocation Failure) [PSYoungGen: 48973K->1424K(49664K)] 386275K->338725K(565760K), 0.0018174 secs] [Times: user=0.01 sys=0.00, real=0.00 secs] 
989.612: [GC (Allocation Failure) [PSYoungGen: 49040K->1408K(49664K)] 386341K->338709K(565760K), 0.0019662 secs] [Times: user=0.01 sys=0.00, real=0.00 secs] 
989.833: [GC (Allocation Failure) [PSYoungGen: 49024K->1392K(49664K)] 386325K->338693K(565760K), 0.0023249 secs] [Times: user=0.01 sys=0.00, real=0.00 secs] 
990.032: [GC (Allocation Failure) [PSYoungGen: 49008K->1376K(49664K)] 386309K->338677K(565760K), 0.0024785 secs] [Times: user=0.01 sys=0.00, real=0.00 secs] 
990.351: [GC (Allocation Failure) [PSYoungGen: 48992K->1376K(49664K)] 386293K->338677K(565760K), 0.0027691 secs] [Times: user=0.02 sys=0.00, real=0.01 secs] 
990.633: [GC (Allocation Failure) [PSYoungGen: 48983K->288K(49664K)] 386284K->337589K(565760K), 0.0020664 secs] [Times: user=0.01 sys=0.00, real=0.00 secs] 
991.469: [GC (Allocation Failure) [PSYoungGen: 47904K->1344K(49664K)] 385205K->338645K(565760K), 0.0028865 secs] [Times: user=0.02 sys=0.00, real=0.01 secs] 
991.672: [GC (Allocation Failure) [PSYoungGen: 48960K->1360K(49664K)] 386261K->338661K(565760K), 0.0021453 secs] [Times: user=0.01 sys=0.00, real=0.00 secs] 
991.867: [GC (Allocation Failure) [PSYoungGen: 48976K->1376K(49664K)] 386277K->338677K(565760K), 0.0019371 secs] [Times: user=0.01 sys=0.00, real=0.00 secs] 
992.188: [GC (Allocation Failure) [PSYoungGen: 48992K->1376K(49664K)] 386293K->338677K(565760K), 0.0019816 secs] [Times: user=0.01 sys=0.00, real=0.00 secs] 
992.535: [GC (Allocation Failure) [PSYoungGen: 48992K->1376K(49664K)] 386293K->338677K(565760K), 0.0020000 secs] [Times: user=0.01 sys=0.00, real=0.00 secs] 
992.976: [GC (Allocation Failure) [PSYoungGen: 48992K->1408K(49664K)] 386293K->338709K(565760K), 0.0034602 secs] [Times: user=0.01 sys=0.00, real=0.00 secs] 
993.807: [GC (Allocation Failure) [PSYoungGen: 49024K->1440K(49664K)] 386325K->340789K(565760K), 0.0021671 secs] [Times: user=0.01 sys=0.00, real=0.00 secs] 
994.015: [GC (Allocation Failure) [PSYoungGen: 49056K->352K(49664K)] 388405K->339701K(565760K), 0.0024492 secs] [Times: user=0.01 sys=0.00, real=0.00 secs] 
994.206: [GC (Allocation Failure) [PSYoungGen: 47968K->384K(49664K)] 387317K->339749K(565760K), 0.0019170 secs] [Times: user=0.01 sys=0.00, real=0.00 secs] 
994.404: [GC (Allocation Failure) [PSYoungGen: 48000K->352K(49664K)] 387365K->339717K(565760K), 0.0018108 secs] [Times: user=0.01 sys=0.00, real=0.00 secs] 
994.602: [GC (Allocation Failure) [PSYoungGen: 47968K->352K(49664K)] 387333K->339717K(565760K), 0.0018898 secs] [Times: user=0.00 sys=0.00, real=0.00 secs] 
994.800: [GC (Allocation Failure) [PSYoungGen: 47968K->352K(49664K)] 387333K->339717K(565760K), 0.0020225 secs] [Times: user=0.01 sys=0.00, real=0.01 secs] 
995.593: [GC (Allocation Failure) [PSYoungGen: 47968K->1664K(49664K)] 387333K->341029K(565760K), 0.0018355 secs] [Times: user=0.01 sys=0.00, real=0.00 secs] 
995.787: [GC (Allocation Failure) [PSYoungGen: 49280K->1376K(50176K)] 388645K->340741K(566272K), 0.0029642 secs] [Times: user=0.02 sys=0.00, real=0.00 secs] 
996.040: [GC (Allocation Failure) [PSYoungGen: 48992K->1376K(50176K)] 388357K->340741K(566272K), 0.0026225 secs] [Times: user=0.01 sys=0.00, real=0.01 secs] 
996.357: [GC (Allocation Failure) [PSYoungGen: 48992K->1344K(50176K)] 388357K->340709K(566272K), 0.0025417 secs] [Times: user=0.01 sys=0.00, real=0.00 secs] 
996.687: [GC (Allocation Failure) [PSYoungGen: 48960K->1376K(50176K)] 388325K->340741K(566272K), 0.0018934 secs] [Times: user=0.00 sys=0.00, real=0.00 secs] 
997.139: [GC (Allocation Failure) [PSYoungGen: 48992K->1360K(50176K)] 388357K->340733K(566272K), 0.0041948 secs] [Times: user=0.01 sys=0.00, real=0.01 secs] 
997.834: [GC (Allocation Failure) [PSYoungGen: 48976K->1341K(50176K)] 388349K->340715K(566272K), 0.0014768 secs] [Times: user=0.00 sys=0.00, real=0.00 secs] 
998.357: [GC (Allocation Failure) [PSYoungGen: 48957K->1440K(50176K)] 388331K->340813K(566272K), 0.0021465 secs] [Times: user=0.01 sys=0.00, real=0.00 secs] 
998.571: [GC (Allocation Failure) [PSYoungGen: 49056K->1360K(50176K)] 388429K->340733K(566272K), 0.0020981 secs] [Times: user=0.01 sys=0.00, real=0.01 secs] 
998.777: [GC (Allocation Failure) [PSYoungGen: 48976K->1376K(50176K)] 388349K->340749K(566272K), 0.0021346 secs] [Times: user=0.01 sys=0.00, real=0.00 secs] 
999.022: [GC (Allocation Failure) [PSYoungGen: 48992K->1344K(49152K)] 388365K->340717K(565248K), 0.0021507 secs] [Times: user=0.01 sys=0.00, real=0.00 secs] 
999.220: [GC (Allocation Failure) [PSYoungGen: 48960K->1376K(49664K)] 388333K->340749K(565760K), 0.0021345 secs] [Times: user=0.01 sys=0.00, real=0.01 secs] 
999.418: [GC (Allocation Failure) [PSYoungGen: 48992K->1408K(49664K)] 388365K->340781K(565760K), 0.0019962 secs] [Times: user=0.01 sys=0.00, real=0.00 secs] 
1000.360: [GC (Allocation Failure) [PSYoungGen: 49024K->1376K(49664K)] 388397K->340757K(565760K), 0.0021810 secs] [Times: user=0.01 sys=0.00, real=0.01 secs] 
1000.647: [GC (Allocation Failure) [PSYoungGen: 48992K->1344K(49664K)] 388373K->340725K(565760K), 0.0020656 secs] [Times: user=0.00 sys=0.00, real=0.00 secs] 
1001.229: [GC (Allocation Failure) [PSYoungGen: 48960K->1376K(49664K)] 388341K->340757K(565760K), 0.0029069 secs] [Times: user=0.01 sys=0.00, real=0.01 secs] 
1001.828: [GC (Allocation Failure) [PSYoungGen: 48992K->1376K(49664K)] 388373K->340757K(565760K), 0.0029752 secs] [Times: user=0.01 sys=0.00, real=0.00 secs] 
1002.362: [GC (Allocation Failure) [PSYoungGen: 48992K->1376K(49664K)] 388373K->340757K(565760K), 0.0029197 secs] [Times: user=0.01 sys=0.00, real=0.00 secs] 
1002.889: [GC (Allocation Failure) [PSYoungGen: 48992K->1392K(49664K)] 388373K->340773K(565760K), 0.0034985 secs] [Times: user=0.02 sys=0.00, real=0.01 secs] 
1003.914: [GC (Allocation Failure) [PSYoungGen: 49008K->1440K(49664K)] 388389K->341845K(565760K), 0.0020962 secs] [Times: user=0.01 sys=0.00, real=0.00 secs] 
1004.180: [GC (Allocation Failure) [PSYoungGen: 49056K->352K(49664K)] 389461K->340757K(565760K), 0.0025078 secs] [Times: user=0.01 sys=0.00, real=0.01 secs] 
1004.435: [GC (Allocation Failure) [PSYoungGen: 47968K->336K(49664K)] 388373K->340741K(565760K), 0.0021106 secs] [Times: user=0.01 sys=0.00, real=0.00 secs] 
1004.890: [GC (Allocation Failure) [PSYoungGen: 47952K->352K(49664K)] 388357K->340757K(565760K), 0.0024377 secs] [Times: user=0.00 sys=0.00, real=0.01 secs] 
1005.392: [GC (Allocation Failure) [PSYoungGen: 47968K->352K(50176K)] 388373K->340757K(566272K), 0.0029410 secs] [Times: user=0.01 sys=0.00, real=0.00 secs] 
1005.905: [GC (Allocation Failure) [PSYoungGen: 47968K->352K(50176K)] 388373K->340773K(566272K), 0.0028391 secs] [Times: user=0.01 sys=0.00, real=0.00 secs] 
1006.827: [GC (Allocation Failure) [PSYoungGen: 47968K->320K(50176K)] 388389K->340741K(566272K), 0.0015637 secs] [Times: user=0.01 sys=0.00, real=0.00 secs] 
1007.748: [GC (Allocation Failure) [PSYoungGen: 47936K->1408K(50176K)] 388357K->341829K(566272K), 0.0027545 secs] [Times: user=0.01 sys=0.00, real=0.00 secs] 
1007.956: [GC (Allocation Failure) [PSYoungGen: 49024K->1344K(50176K)] 389445K->341765K(566272K), 0.0020901 secs] [Times: user=0.01 sys=0.00, real=0.00 secs] 
1008.211: [GC (Allocation Failure) [PSYoungGen: 48960K->1408K(50176K)] 389381K->341837K(566272K), 0.0018614 secs] [Times: user=0.01 sys=0.00, real=0.01 secs] 
1008.827: [GC (Allocation Failure) [PSYoungGen: 49024K->1376K(50176K)] 389453K->341805K(566272K), 0.0021749 secs] [Times: user=0.01 sys=0.00, real=0.00 secs] 
1009.409: [GC (Allocation Failure) [PSYoungGen: 48992K->1408K(50176K)] 389421K->341837K(566272K), 0.0023935 secs] [Times: user=0.01 sys=0.00, real=0.00 secs] 
1010.157: [GC (Allocation Failure) [PSYoungGen: 49024K->1405K(50176K)] 389453K->341835K(566272K), 0.0021467 secs] [Times: user=0.00 sys=0.00, real=0.00 secs] 
1011.411: [GC (Allocation Failure) [PSYoungGen: 49021K->1408K(50176K)] 389451K->341837K(566272K), 0.0027233 secs] [Times: user=0.01 sys=0.00, real=0.01 secs] 
1011.647: [GC (Allocation Failure) [PSYoungGen: 49024K->1408K(50176K)] 389453K->341837K(566272K), 0.0020576 secs] [Times: user=0.01 sys=0.00, real=0.00 secs] 
1011.845: [GC (Allocation Failure) [PSYoungGen: 49024K->1408K(50176K)] 389453K->341837K(566272K), 0.0019072 secs] [Times: user=0.00 sys=0.00, real=0.00 secs] 
1012.117: [GC (Allocation Failure) [PSYoungGen: 49024K->1408K(50176K)] 389453K->341837K(566272K), 0.0022259 secs] [Times: user=0.01 sys=0.00, real=0.00 secs] 
1012.500: [GC (Allocation Failure) [PSYoungGen: 49024K->1376K(50176K)] 389453K->341805K(566272K), 0.0021662 secs] [Times: user=0.01 sys=0.00, real=0.01 secs] 
1012.841: [GC (Allocation Failure) [PSYoungGen: 48992K->1360K(50176K)] 389421K->341790K(566272K), 0.0021495 secs] [Times: user=0.01 sys=0.00, real=0.01 secs] 
1013.784: [GC (Allocation Failure) [PSYoungGen: 48976K->1376K(50176K)] 389406K->341805K(566272K), 0.0021072 secs] [Times: user=0.01 sys=0.00, real=0.00 secs] 
1014.187: [GC (Allocation Failure) [PSYoungGen: 48992K->1376K(49152K)] 389421K->341805K(565248K), 0.0021405 secs] [Times: user=0.01 sys=0.00, real=0.00 secs] 
1015.083: [GC (Allocation Failure) [PSYoungGen: 48992K->1376K(49664K)] 389421K->341805K(565760K), 0.0025875 secs] [Times: user=0.01 sys=0.00, real=0.00 secs] 
1015.589: [GC (Allocation Failure) [PSYoungGen: 48992K->1376K(49664K)] 389421K->341805K(565760K), 0.0025317 secs] [Times: user=0.01 sys=0.00, real=0.01 secs] 
1016.430: [GC (Allocation Failure) [PSYoungGen: 48992K->1344K(49664K)] 389421K->341773K(565760K), 0.0040210 secs] [Times: user=0.01 sys=0.00, real=0.01 secs] 
1017.218: [GC (Allocation Failure) [PSYoungGen: 48960K->1360K(49664K)] 389389K->341790K(565760K), 0.0044958 secs] [Times: user=0.01 sys=0.01, real=0.01 secs] 
1018.272: [GC (Allocation Failure) [PSYoungGen: 48976K->1952K(49664K)] 389406K->342398K(565760K), 0.0018294 secs] [Times: user=0.01 sys=0.00, real=0.00 secs] 
1018.508: [GC (Allocation Failure) [PSYoungGen: 49568K->1408K(49152K)] 390014K->341853K(565248K), 0.0019577 secs] [Times: user=0.01 sys=0.00, real=0.00 secs] 
1018.915: [GC (Allocation Failure) [PSYoungGen: 49024K->1376K(49664K)] 389469K->341821K(565760K), 0.0020681 secs] [Times: user=0.01 sys=0.00, real=0.00 secs] 
1019.289: [GC (Allocation Failure) [PSYoungGen: 48992K->1360K(49664K)] 389437K->341806K(565760K), 0.0033076 secs] [Times: user=0.01 sys=0.00, real=0.01 secs] 
1019.950: [GC (Allocation Failure) [PSYoungGen: 48976K->1376K(49664K)] 389422K->341821K(565760K), 0.0024360 secs] [Times: user=0.01 sys=0.00, real=0.01 secs] 
1020.775: [GC (Allocation Failure) [PSYoungGen: 48992K->1376K(49664K)] 389437K->341821K(565760K), 0.0031919 secs] [Times: user=0.01 sys=0.00, real=0.00 secs] 
1021.744: [GC (Allocation Failure) [PSYoungGen: 48992K->1373K(49664K)] 389437K->341819K(565760K), 0.0014454 secs] [Times: user=0.00 sys=0.00, real=0.00 secs] 
1022.870: [GC (Allocation Failure) [PSYoungGen: 48989K->1408K(49664K)] 389435K->341853K(565760K), 0.0023270 secs] [Times: user=0.01 sys=0.00, real=0.01 secs] 
1023.697: [GC (Allocation Failure) [PSYoungGen: 49024K->1376K(49664K)] 389469K->341821K(565760K), 0.0042060 secs] [Times: user=0.01 sys=0.00, real=0.01 secs] 
1024.099: [GC (Allocation Failure) [PSYoungGen: 48992K->1376K(49664K)] 389437K->341821K(565760K), 0.0028676 secs] [Times: user=0.01 sys=0.00, real=0.01 secs] 
1024.884: [GC (Allocation Failure) [PSYoungGen: 48992K->1376K(49664K)] 389437K->341821K(565760K), 0.0028680 secs] [Times: user=0.01 sys=0.00, real=0.00 secs] 
1025.554: [GC (Allocation Failure) [PSYoungGen: 48992K->1344K(49664K)] 389437K->341789K(565760K), 0.0029821 secs] [Times: user=0.01 sys=0.00, real=0.00 secs] 
1026.198: [GC (Allocation Failure) [PSYoungGen: 48960K->1376K(49664K)] 389405K->341821K(565760K), 0.0034964 secs] [Times: user=0.01 sys=0.00, real=0.00 secs] 
1027.260: [GC (Allocation Failure) [PSYoungGen: 48992K->1408K(49664K)] 389437K->341853K(565760K), 0.0019658 secs] [Times: user=0.01 sys=0.00, real=0.01 secs] 
1027.896: [GC (Allocation Failure) [PSYoungGen: 49024K->1376K(49664K)] 389469K->341821K(565760K), 0.0020361 secs] [Times: user=0.01 sys=0.00, real=0.00 secs] 
1028.396: [GC (Allocation Failure) [PSYoungGen: 48992K->1376K(49664K)] 389437K->341821K(565760K), 0.0027234 secs] [Times: user=0.02 sys=0.00, real=0.00 secs] 
1028.635: [GC (Allocation Failure) [PSYoungGen: 48992K->1376K(49152K)] 389437K->341821K(565248K), 0.0021509 secs] [Times: user=0.01 sys=0.00, real=0.00 secs] 
1028.847: [GC (Allocation Failure) [PSYoungGen: 48992K->1376K(49152K)] 389437K->341837K(565248K), 0.0019898 secs] [Times: user=0.00 sys=0.00, real=0.00 secs] 
1029.045: [GC (Allocation Failure) [PSYoungGen: 48992K->1344K(49152K)] 389453K->341805K(565248K), 0.0021951 secs] [Times: user=0.01 sys=0.00, real=0.00 secs] 
1029.892: [GC (Allocation Failure) [PSYoungGen: 48960K->1408K(49152K)] 389421K->343918K(565248K), 0.0022283 secs] [Times: user=0.01 sys=0.00, real=0.00 secs] 
1030.310: [GC (Allocation Failure) [PSYoungGen: 49024K->288K(49152K)] 391534K->342798K(565248K), 0.0035466 secs] [Times: user=0.01 sys=0.00, real=0.01 secs] 
1030.661: [GC (Allocation Failure) [PSYoungGen: 47904K->352K(49664K)] 390414K->342862K(565760K), 0.0028557 secs] [Times: user=0.01 sys=0.00, real=0.01 secs] 
1031.021: [GC (Allocation Failure) [PSYoungGen: 47968K->384K(49664K)] 390478K->342902K(565760K), 0.0028401 secs] [Times: user=0.01 sys=0.00, real=0.01 secs] 
1031.232: [GC (Allocation Failure) [PSYoungGen: 48000K->320K(49664K)] 390518K->342838K(565760K), 0.0021184 secs] [Times: user=0.01 sys=0.00, real=0.00 secs] 
1031.474: [GC (Allocation Failure) [PSYoungGen: 47936K->384K(49664K)] 390454K->342902K(565760K), 0.0026469 secs] [Times: user=0.01 sys=0.00, real=0.00 secs] 
1032.147: [GC (Allocation Failure) [PSYoungGen: 47154K->256K(49664K)] 389672K->342782K(565760K), 0.0015582 secs] [Times: user=0.01 sys=0.00, real=0.00 secs] 
1032.436: [GC (Allocation Failure) [PSYoungGen: 47872K->1376K(49664K)] 390398K->343902K(565760K), 0.0020447 secs] [Times: user=0.01 sys=0.00, real=0.00 secs] 
1032.634: [GC (Allocation Failure) [PSYoungGen: 48992K->1440K(49152K)] 391518K->343966K(565248K), 0.0017835 secs] [Times: user=0.01 sys=0.00, real=0.00 secs] 
1032.830: [GC (Allocation Failure) [PSYoungGen: 48544K->1408K(49664K)] 391070K->343934K(565760K), 0.0018913 secs] [Times: user=0.01 sys=0.00, real=0.00 secs] 
1033.025: [GC (Allocation Failure) [PSYoungGen: 48512K->1408K(49664K)] 391038K->343934K(565760K), 0.0018248 secs] [Times: user=0.01 sys=0.00, real=0.00 secs] 
1033.221: [GC (Allocation Failure) [PSYoungGen: 48512K->1344K(49664K)] 391038K->343870K(565760K), 0.0019837 secs] [Times: user=0.00 sys=0.00, real=0.01 secs] 
1033.517: [GC (Allocation Failure) [PSYoungGen: 48448K->1389K(49664K)] 390974K->343939K(565760K), 0.0020626 secs] [Times: user=0.01 sys=0.00, real=0.00 secs] 
1034.316: [GC (Allocation Failure) [PSYoungGen: 48493K->1440K(49664K)] 391043K->343990K(565760K), 0.0025103 secs] [Times: user=0.01 sys=0.00, real=0.00 secs] 
1034.736: [GC (Allocation Failure) [PSYoungGen: 48544K->1344K(49664K)] 391094K->343894K(565760K), 0.0027929 secs] [Times: user=0.01 sys=0.00, real=0.00 secs] 
1035.147: [GC (Allocation Failure) [PSYoungGen: 48448K->1376K(49664K)] 390998K->343926K(565760K), 0.0028405 secs] [Times: user=0.01 sys=0.00, real=0.00 secs] 
1035.799: [GC (Allocation Failure) [PSYoungGen: 48480K->1312K(49664K)] 391030K->343862K(565760K), 0.0041510 secs] [Times: user=0.01 sys=0.00, real=0.01 secs] 
1036.473: [GC (Allocation Failure) [PSYoungGen: 48416K->1328K(48640K)] 390966K->343878K(564736K), 0.0042873 secs] [Times: user=0.02 sys=0.00, real=0.00 secs] 
1037.091: [GC (Allocation Failure) [PSYoungGen: 48432K->1328K(49152K)] 390982K->343878K(565248K), 0.0041539 secs] [Times: user=0.01 sys=0.00, real=0.01 secs] 
1038.122: [GC (Allocation Failure) [PSYoungGen: 48432K->1440K(49152K)] 390982K->346046K(565248K), 0.0029544 secs] [Times: user=0.01 sys=0.00, real=0.00 secs] 
1038.879: [GC (Allocation Failure) [PSYoungGen: 48544K->320K(48640K)] 393150K->344934K(564736K), 0.0047543 secs] [Times: user=0.02 sys=0.00, real=0.01 secs] 
1039.512: [GC (Allocation Failure) [PSYoungGen: 46912K->384K(49152K)] 391526K->345006K(565248K), 0.0032828 secs] [Times: user=0.01 sys=0.01, real=0.00 secs] 
1039.860: [GC (Allocation Failure) [PSYoungGen: 46976K->384K(49152K)] 391598K->345006K(565248K), 0.0027005 secs] [Times: user=0.01 sys=0.01, real=0.01 secs] 
1040.438: [GC (Allocation Failure) [PSYoungGen: 46976K->336K(49152K)] 391598K->344958K(565248K), 0.0030198 secs] [Times: user=0.01 sys=0.01, real=0.00 secs] 
1040.936: [GC (Allocation Failure) [PSYoungGen: 46928K->320K(49152K)] 391550K->344942K(565248K), 0.0027368 secs] [Times: user=0.01 sys=0.00, real=0.00 secs] 
1041.841: [GC (Allocation Failure) [PSYoungGen: 46912K->1373K(49152K)] 391534K->345995K(565248K), 0.0015190 secs] [Times: user=0.01 sys=0.00, real=0.01 secs] 
1042.565: [GC (Allocation Failure) [PSYoungGen: 47965K->1440K(49152K)] 392587K->346062K(565248K), 0.0043967 secs] [Times: user=0.02 sys=0.01, real=0.00 secs] 
1043.220: [GC (Allocation Failure) [PSYoungGen: 48032K->1376K(49152K)] 392654K->346006K(565248K), 0.0036447 secs] [Times: user=0.01 sys=0.00, real=0.01 secs] 
1043.896: [GC (Allocation Failure) [PSYoungGen: 47968K->1440K(49152K)] 392598K->346078K(565248K), 0.0035884 secs] [Times: user=0.02 sys=0.01, real=0.00 secs] 
1044.403: [GC (Allocation Failure) [PSYoungGen: 48032K->1376K(49152K)] 392670K->346014K(565248K), 0.0031446 secs] [Times: user=0.01 sys=0.00, real=0.00 secs] 
1044.872: [GC (Allocation Failure) [PSYoungGen: 47968K->1344K(49152K)] 392606K->345982K(565248K), 0.0031503 secs] [Times: user=0.02 sys=0.00, real=0.00 secs] 
1045.218: [GC (Allocation Failure) [PSYoungGen: 47936K->1360K(49152K)] 392574K->345998K(565248K), 0.0032437 secs] [Times: user=0.01 sys=0.00, real=0.00 secs] 
1046.120: [GC (Allocation Failure) [PSYoungGen: 47952K->1408K(49152K)] 392590K->346046K(565248K), 0.0026295 secs] [Times: user=0.01 sys=0.00, real=0.01 secs] 
1046.537: [GC (Allocation Failure) [PSYoungGen: 48000K->1376K(49152K)] 392638K->346014K(565248K), 0.0032127 secs] [Times: user=0.01 sys=0.01, real=0.00 secs] 
1046.960: [GC (Allocation Failure) [PSYoungGen: 47968K->1376K(49152K)] 392606K->346030K(565248K), 0.0029947 secs] [Times: user=0.02 sys=0.00, real=0.01 secs] 
1047.311: [GC (Allocation Failure) [PSYoungGen: 47968K->1376K(49152K)] 392622K->346054K(565248K), 0.0027745 secs] [Times: user=0.01 sys=0.00, real=0.01 secs] 
1047.690: [GC (Allocation Failure) [PSYoungGen: 47968K->1376K(49152K)] 392646K->346054K(565248K), 0.0021970 secs] [Times: user=0.01 sys=0.00, real=0.01 secs] 
1048.056: [GC (Allocation Failure) [PSYoungGen: 47968K->1376K(49152K)] 392646K->346054K(565248K), 0.0026247 secs] [Times: user=0.01 sys=0.00, real=0.00 secs] 
1048.905: [GC (Allocation Failure) [PSYoungGen: 47968K->1696K(49152K)] 392646K->346382K(565248K), 0.0018364 secs] [Times: user=0.01 sys=0.00, real=0.00 secs] 
1049.117: [GC (Allocation Failure) [PSYoungGen: 48288K->1440K(49152K)] 392974K->346126K(565248K), 0.0019259 secs] [Times: user=0.01 sys=0.00, real=0.00 secs] 
1049.317: [GC (Allocation Failure) [PSYoungGen: 48032K->1408K(49152K)] 392718K->346094K(565248K), 0.0019865 secs] [Times: user=0.01 sys=0.00, real=0.00 secs] 
1049.514: [GC (Allocation Failure) [PSYoungGen: 48000K->1376K(48128K)] 392686K->346062K(564224K), 0.0034182 secs] [Times: user=0.02 sys=0.00, real=0.00 secs] 
1049.759: [GC (Allocation Failure) [PSYoungGen: 47968K->1376K(48640K)] 392654K->346062K(564736K), 0.0023405 secs] [Times: user=0.00 sys=0.00, real=0.00 secs] 
1050.117: [GC (Allocation Failure) [PSYoungGen: 47968K->1344K(48640K)] 392654K->346030K(564736K), 0.0026569 secs] [Times: user=0.01 sys=0.00, real=0.00 secs] 
1050.470: [GC (Allocation Failure) [PSYoungGen: 47936K->1405K(48640K)] 392622K->346099K(564736K), 0.0015098 secs] [Times: user=0.00 sys=0.00, real=0.01 secs] 
1051.219: [GC (Allocation Failure) [PSYoungGen: 47997K->1440K(48640K)] 392691K->346134K(564736K), 0.0019740 secs] [Times: user=0.01 sys=0.00, real=0.00 secs] 
1051.654: [GC (Allocation Failure) [PSYoungGen: 48032K->1408K(48640K)] 392726K->346102K(564736K), 0.0045654 secs] [Times: user=0.02 sys=0.00, real=0.00 secs] 
1052.053: [GC (Allocation Failure) [PSYoungGen: 48000K->1376K(48640K)] 392694K->346070K(564736K), 0.0031664 secs] [Times: user=0.02 sys=0.00, real=0.00 secs] 
1052.504: [GC (Allocation Failure) [PSYoungGen: 47968K->1440K(48640K)] 392662K->346134K(564736K), 0.0022188 secs] [Times: user=0.01 sys=0.00, real=0.00 secs] 
1052.821: [GC (Allocation Failure) [PSYoungGen: 48032K->1408K(48640K)] 392726K->346102K(564736K), 0.0023509 secs] [Times: user=0.01 sys=0.00, real=0.01 secs] 
1053.230: [GC (Allocation Failure) [PSYoungGen: 48000K->1376K(48640K)] 392694K->346070K(564736K), 0.0020912 secs] [Times: user=0.01 sys=0.00, real=0.01 secs] 
1054.377: [GC (Allocation Failure) [PSYoungGen: 47968K->1424K(48640K)] 392662K->348166K(564736K), 0.0032503 secs] [Times: user=0.02 sys=0.00, real=0.00 secs] 
1055.151: [GC (Allocation Failure) [PSYoungGen: 48016K->352K(48640K)] 394758K->347094K(564736K), 0.0035143 secs] [Times: user=0.02 sys=0.00, real=0.01 secs] 
1055.725: [GC (Allocation Failure) [PSYoungGen: 46944K->352K(48640K)] 393686K->347118K(564736K), 0.0035435 secs] [Times: user=0.02 sys=0.00, real=0.00 secs] 
1056.178: [GC (Allocation Failure) [PSYoungGen: 46944K->352K(48640K)] 393710K->347118K(564736K), 0.0031114 secs] [Times: user=0.01 sys=0.00, real=0.00 secs] 
1056.623: [GC (Allocation Failure) [PSYoungGen: 46944K->352K(48640K)] 393710K->347118K(564736K), 0.0024877 secs] [Times: user=0.01 sys=0.00, real=0.00 secs] 
1056.990: [GC (Allocation Failure) [PSYoungGen: 46944K->352K(48128K)] 393710K->347118K(564224K), 0.0025428 secs] [Times: user=0.01 sys=0.00, real=0.01 secs] 
1057.688: [GC (Allocation Failure) [PSYoungGen: 46432K->1437K(48640K)] 393198K->348203K(564736K), 0.0015856 secs] [Times: user=0.00 sys=0.00, real=0.00 secs] 
1058.467: [GC (Allocation Failure) [PSYoungGen: 47517K->1408K(48640K)] 394283K->348174K(564736K), 0.0023734 secs] [Times: user=0.01 sys=0.00, real=0.00 secs] 
1058.955: [GC (Allocation Failure) [PSYoungGen: 47488K->1360K(48640K)] 394254K->348126K(564736K), 0.0025756 secs] [Times: user=0.01 sys=0.00, real=0.00 secs] 
1059.544: [GC (Allocation Failure) [PSYoungGen: 47440K->1408K(48640K)] 394206K->348174K(564736K), 0.0051265 secs] [Times: user=0.03 sys=0.00, real=0.00 secs] 
1060.085: [GC (Allocation Failure) [PSYoungGen: 47488K->1344K(48640K)] 394254K->348110K(564736K), 0.0046029 secs] [Times: user=0.02 sys=0.00, real=0.00 secs] 
1060.568: [GC (Allocation Failure) [PSYoungGen: 47424K->1376K(48640K)] 394190K->348142K(564736K), 0.0034250 secs] [Times: user=0.02 sys=0.00, real=0.00 secs] 
1060.966: [GC (Allocation Failure) [PSYoungGen: 47456K->1408K(48640K)] 394222K->348174K(564736K), 0.0028940 secs] [Times: user=0.01 sys=0.00, real=0.00 secs] 
1062.337: [GC (Allocation Failure) [PSYoungGen: 47488K->2432K(48640K)] 394254K->349198K(564736K), 0.0027275 secs] [Times: user=0.02 sys=0.00, real=0.00 secs] 
1063.226: [GC (Allocation Failure) [PSYoungGen: 48512K->1312K(48640K)] 395278K->348078K(564736K), 0.0042558 secs] [Times: user=0.02 sys=0.00, real=0.00 secs] 
1063.818: [GC (Allocation Failure) [PSYoungGen: 47392K->1344K(48640K)] 394158K->348110K(564736K), 0.0034211 secs] [Times: user=0.02 sys=0.00, real=0.00 secs] 
1064.158: [GC (Allocation Failure) [PSYoungGen: 47424K->1376K(48640K)] 394190K->348142K(564736K), 0.0028669 secs] [Times: user=0.01 sys=0.00, real=0.00 secs] 
1064.564: [GC (Allocation Failure) [PSYoungGen: 47456K->1344K(48640K)] 394222K->348110K(564736K), 0.0029649 secs] [Times: user=0.01 sys=0.00, real=0.00 secs] 
1065.123: [GC (Allocation Failure) [PSYoungGen: 47424K->1344K(48640K)] 394190K->348110K(564736K), 0.0034983 secs] [Times: user=0.02 sys=0.00, real=0.00 secs] 
1065.998: [GC (Allocation Failure) [PSYoungGen: 47424K->1405K(47616K)] 394190K->348171K(563712K), 0.0015348 secs] [Times: user=0.01 sys=0.00, real=0.00 secs] 
1066.604: [GC (Allocation Failure) [PSYoungGen: 47485K->1376K(48128K)] 394251K->348142K(564224K), 0.0036765 secs] [Times: user=0.01 sys=0.00, real=0.00 secs] 
1067.151: [GC (Allocation Failure) [PSYoungGen: 47456K->1376K(48128K)] 394222K->348142K(564224K), 0.0035925 secs] [Times: user=0.02 sys=0.00, real=0.01 secs] 
1067.662: [GC (Allocation Failure) [PSYoungGen: 47456K->1376K(48128K)] 394222K->348142K(564224K), 0.0036638 secs] [Times: user=0.01 sys=0.00, real=0.00 secs] 
1068.037: [GC (Allocation Failure) [PSYoungGen: 47456K->1328K(48128K)] 394222K->348110K(564224K), 0.0037013 secs] [Times: user=0.01 sys=0.00, real=0.00 secs] 
1068.423: [GC (Allocation Failure) [PSYoungGen: 47408K->1376K(48128K)] 394190K->348158K(564224K), 0.0033884 secs] [Times: user=0.02 sys=0.00, real=0.00 secs] 
1068.865: [GC (Allocation Failure) [PSYoungGen: 47456K->1344K(48128K)] 394238K->348126K(564224K), 0.0035364 secs] [Times: user=0.02 sys=0.00, real=0.00 secs] 
1069.713: [GC (Allocation Failure) [PSYoungGen: 47424K->1440K(48128K)] 394206K->348222K(564224K), 0.0019579 secs] [Times: user=0.01 sys=0.00, real=0.00 secs] 
1069.929: [GC (Allocation Failure) [PSYoungGen: 47520K->1376K(48128K)] 394302K->348158K(564224K), 0.0020659 secs] [Times: user=0.01 sys=0.00, real=0.00 secs] 
1070.121: [GC (Allocation Failure) [PSYoungGen: 47456K->1376K(48128K)] 394238K->348174K(564224K), 0.0019546 secs] [Times: user=0.01 sys=0.01, real=0.01 secs] 
1070.427: [GC (Allocation Failure) [PSYoungGen: 47456K->1408K(48128K)] 394254K->348206K(564224K), 0.0020934 secs] [Times: user=0.01 sys=0.00, real=0.00 secs] 
1070.843: [GC (Allocation Failure) [PSYoungGen: 47488K->1408K(48128K)] 394286K->348206K(564224K), 0.0044994 secs] [Times: user=0.02 sys=0.00, real=0.00 secs] 
1071.236: [GC (Allocation Failure) [PSYoungGen: 47488K->1376K(48128K)] 394286K->348174K(564224K), 0.0028189 secs] [Times: user=0.01 sys=0.00, real=0.00 secs] 
1072.008: [GC (Allocation Failure) [PSYoungGen: 47456K->1373K(48128K)] 394254K->348171K(564224K), 0.0015792 secs] [Times: user=0.01 sys=0.00, real=0.00 secs] 
1072.543: [GC (Allocation Failure) [PSYoungGen: 47453K->1344K(48128K)] 394251K->348142K(564224K), 0.0033303 secs] [Times: user=0.02 sys=0.00, real=0.00 secs] 
1072.897: [GC (Allocation Failure) [PSYoungGen: 47424K->1392K(48128K)] 394222K->348190K(564224K), 0.0033966 secs] [Times: user=0.02 sys=0.00, real=0.00 secs] 
1073.284: [GC (Allocation Failure) [PSYoungGen: 47472K->1376K(48128K)] 394270K->348174K(564224K), 0.0028405 secs] [Times: user=0.02 sys=0.00, real=0.00 secs] 
1073.686: [GC (Allocation Failure) [PSYoungGen: 47456K->1344K(48128K)] 394254K->348142K(564224K), 0.0032652 secs] [Times: user=0.01 sys=0.00, real=0.00 secs] 
1073.991: [GC (Allocation Failure) [PSYoungGen: 47424K->1344K(47616K)] 394222K->348142K(563712K), 0.0026985 secs] [Times: user=0.01 sys=0.00, real=0.01 secs] 
1074.280: [GC (Allocation Failure) [PSYoungGen: 47424K->1376K(47616K)] 394222K->348174K(563712K), 0.0024779 secs] [Times: user=0.01 sys=0.00, real=0.01 secs] 
1075.154: [GC (Allocation Failure) [PSYoungGen: 47456K->432K(47104K)] 394254K->348254K(563200K), 0.0023087 secs] [Times: user=0.01 sys=0.00, real=0.00 secs] 
1075.523: [GC (Allocation Failure) [PSYoungGen: 46512K->352K(48128K)] 394334K->348190K(564224K), 0.0022599 secs] [Times: user=0.01 sys=0.00, real=0.00 secs] 
1075.715: [GC (Allocation Failure) [PSYoungGen: 46432K->352K(48128K)] 394270K->348190K(564224K), 0.0021250 secs] [Times: user=0.01 sys=0.00, real=0.00 secs] 
1075.907: [GC (Allocation Failure) [PSYoungGen: 46432K->336K(48128K)] 394270K->348174K(564224K), 0.0019245 secs] [Times: user=0.01 sys=0.01, real=0.00 secs] 
1076.099: [GC (Allocation Failure) [PSYoungGen: 46416K->320K(48128K)] 394254K->348158K(564224K), 0.0020085 secs] [Times: user=0.01 sys=0.00, real=0.00 secs] 
1076.290: [GC (Allocation Failure) [PSYoungGen: 46400K->336K(48128K)] 394238K->348174K(564224K), 0.0019185 secs] [Times: user=0.01 sys=0.00, real=0.01 secs] 
1076.881: [GC (Allocation Failure) [PSYoungGen: 46416K->1373K(48128K)] 394254K->349211K(564224K), 0.0014802 secs] [Times: user=0.00 sys=0.00, real=0.01 secs] 
1077.158: [GC (Allocation Failure) [PSYoungGen: 47453K->1440K(48128K)] 395291K->349278K(564224K), 0.0019906 secs] [Times: user=0.00 sys=0.01, real=0.00 secs] 
1077.350: [GC (Allocation Failure) [PSYoungGen: 47520K->1408K(48640K)] 395358K->349246K(564736K), 0.0019423 secs] [Times: user=0.01 sys=0.01, real=0.01 secs] 
1077.586: [GC (Allocation Failure) [PSYoungGen: 47488K->1344K(48640K)] 395326K->349182K(564736K), 0.0020585 secs] [Times: user=0.01 sys=0.00, real=0.00 secs] 
1077.874: [GC (Allocation Failure) [PSYoungGen: 47424K->1360K(48640K)] 395262K->349198K(564736K), 0.0021468 secs] [Times: user=0.01 sys=0.00, real=0.00 secs] 
1078.255: [GC (Allocation Failure) [PSYoungGen: 47440K->1376K(48640K)] 395278K->349214K(564736K), 0.0022785 secs] [Times: user=0.01 sys=0.00, real=0.00 secs] 
1078.590: [GC (Allocation Failure) [PSYoungGen: 47456K->1376K(48640K)] 395294K->349214K(564736K), 0.0027664 secs] [Times: user=0.01 sys=0.00, real=0.01 secs] 
1079.571: [GC (Allocation Failure) [PSYoungGen: 47456K->1440K(48640K)] 395294K->349278K(564736K), 0.0019742 secs] [Times: user=0.01 sys=0.00, real=0.01 secs] 
1080.076: [GC (Allocation Failure) [PSYoungGen: 47520K->1408K(48640K)] 395358K->349246K(564736K), 0.0028344 secs] [Times: user=0.01 sys=0.00, real=0.00 secs] 
1080.725: [GC (Allocation Failure) [PSYoungGen: 47488K->1376K(48640K)] 395326K->349222K(564736K), 0.0034192 secs] [Times: user=0.01 sys=0.00, real=0.00 secs] 
1081.235: [GC (Allocation Failure) [PSYoungGen: 47456K->1376K(48640K)] 395302K->349222K(564736K), 0.0033760 secs] [Times: user=0.01 sys=0.00, real=0.00 secs] 
1081.772: [GC (Allocation Failure) [PSYoungGen: 47456K->1408K(48640K)] 395302K->349254K(564736K), 0.0032084 secs] [Times: user=0.02 sys=0.00, real=0.00 secs] 
1082.293: [GC (Allocation Failure) [PSYoungGen: 47488K->1376K(47616K)] 395334K->349222K(563712K), 0.0034459 secs] [Times: user=0.01 sys=0.00, real=0.00 secs] 
1083.177: [GC (Allocation Failure) [PSYoungGen: 47456K->1373K(48128K)] 395302K->349227K(564224K), 0.0014701 secs] [Times: user=0.00 sys=0.00, real=0.00 secs] 
1083.445: [GC (Allocation Failure) [PSYoungGen: 47453K->1440K(48128K)] 395307K->349294K(564224K), 0.0019926 secs] [Times: user=0.01 sys=0.00, real=0.00 secs] 
1083.637: [GC (Allocation Failure) [PSYoungGen: 47520K->1392K(48128K)] 395374K->349246K(564224K), 0.0020593 secs] [Times: user=0.01 sys=0.00, real=0.00 secs] 
1083.829: [GC (Allocation Failure) [PSYoungGen: 47472K->1392K(48128K)] 395326K->349246K(564224K), 0.0019711 secs] [Times: user=0.01 sys=0.00, real=0.00 secs] 
1084.021: [GC (Allocation Failure) [PSYoungGen: 47472K->1376K(48128K)] 395326K->349230K(564224K), 0.0018994 secs] [Times: user=0.01 sys=0.00, real=0.01 secs] 
1084.212: [GC (Allocation Failure) [PSYoungGen: 47456K->1344K(48128K)] 395310K->349198K(564224K), 0.0018929 secs] [Times: user=0.01 sys=0.00, real=0.00 secs] 
1084.403: [GC (Allocation Failure) [PSYoungGen: 47424K->1360K(48128K)] 395278K->349214K(564224K), 0.0019591 secs] [Times: user=0.00 sys=0.00, real=0.00 secs] 
1085.035: [GC (Allocation Failure) [PSYoungGen: 47440K->1472K(48128K)] 395294K->349326K(564224K), 0.0018541 secs] [Times: user=0.01 sys=0.00, real=0.00 secs] 
1085.226: [GC (Allocation Failure) [PSYoungGen: 47552K->1344K(48128K)] 395406K->349214K(564224K), 0.0018078 secs] [Times: user=0.01 sys=0.00, real=0.00 secs] 
1085.417: [GC (Allocation Failure) [PSYoungGen: 47424K->1312K(48128K)] 395294K->349190K(564224K), 0.0018148 secs] [Times: user=0.01 sys=0.00, real=0.00 secs] 
1085.609: [GC (Allocation Failure) [PSYoungGen: 47392K->1424K(48128K)] 395270K->349302K(564224K), 0.0017932 secs] [Times: user=0.01 sys=0.00, real=0.00 secs] 
1085.800: [GC (Allocation Failure) [PSYoungGen: 47504K->1376K(48128K)] 395382K->349254K(564224K), 0.0018364 secs] [Times: user=0.01 sys=0.00, real=0.01 secs] 
1085.991: [GC (Allocation Failure) [PSYoungGen: 47456K->1376K(48128K)] 395334K->349254K(564224K), 0.0019562 secs] [Times: user=0.01 sys=0.00, real=0.01 secs] 
1086.645: [GC (Allocation Failure) [PSYoungGen: 46668K->224K(48128K)] 394547K->348110K(564224K), 0.0017755 secs] [Times: user=0.00 sys=0.00, real=0.00 secs] 
1086.864: [GC (Allocation Failure) [PSYoungGen: 46304K->1376K(48128K)] 394190K->349270K(564224K), 0.0019831 secs] [Times: user=0.01 sys=0.00, real=0.00 secs] 
1087.093: [GC (Allocation Failure) [PSYoungGen: 47456K->1456K(48128K)] 395350K->349350K(564224K), 0.0020221 secs] [Times: user=0.01 sys=0.00, real=0.00 secs] 
1087.390: [GC (Allocation Failure) [PSYoungGen: 47536K->1376K(48128K)] 395430K->349270K(564224K), 0.0019244 secs] [Times: user=0.01 sys=0.00, real=0.00 secs] 
1087.742: [GC (Allocation Failure) [PSYoungGen: 47456K->1344K(48128K)] 395350K->349238K(564224K), 0.0020456 secs] [Times: user=0.01 sys=0.00, real=0.00 secs] 
1088.082: [GC (Allocation Failure) [PSYoungGen: 47424K->1360K(48128K)] 395318K->349254K(564224K), 0.0019902 secs] [Times: user=0.01 sys=0.00, real=0.00 secs] 
1088.461: [GC (Allocation Failure) [PSYoungGen: 47440K->1344K(48128K)] 395334K->349238K(564224K), 0.0020004 secs] [Times: user=0.01 sys=0.00, real=0.01 secs] 
1089.741: [GC (Allocation Failure) [PSYoungGen: 47424K->1376K(48128K)] 395318K->349270K(564224K), 0.0034079 secs] [Times: user=0.02 sys=0.00, real=0.01 secs] 
1090.437: [GC (Allocation Failure) [PSYoungGen: 47456K->1344K(48128K)] 395350K->349238K(564224K), 0.0032218 secs] [Times: user=0.01 sys=0.00, real=0.00 secs] 
1090.785: [GC (Allocation Failure) [PSYoungGen: 47424K->1344K(48128K)] 395318K->349238K(564224K), 0.0028594 secs] [Times: user=0.01 sys=0.00, real=0.00 secs] 
1091.373: [GC (Allocation Failure) [PSYoungGen: 47424K->1376K(48128K)] 395318K->349270K(564224K), 0.0029879 secs] [Times: user=0.01 sys=0.00, real=0.00 secs] 
1091.947: [GC (Allocation Failure) [PSYoungGen: 47456K->1328K(48128K)] 395350K->349222K(564224K), 0.0043301 secs] [Times: user=0.01 sys=0.00, real=0.00 secs] 
1092.560: [GC (Allocation Failure) [PSYoungGen: 47408K->1392K(48128K)] 395302K->349286K(564224K), 0.0041493 secs] [Times: user=0.02 sys=0.00, real=0.01 secs] 
1093.447: [GC (Allocation Failure) [PSYoungGen: 46694K->224K(48128K)] 394588K->348118K(564224K), 0.0015811 secs] [Times: user=0.01 sys=0.00, real=0.00 secs] 
1094.085: [GC (Allocation Failure) [PSYoungGen: 46304K->1344K(48128K)] 394198K->349238K(564224K), 0.0020262 secs] [Times: user=0.00 sys=0.00, real=0.00 secs] 
1094.705: [GC (Allocation Failure) [PSYoungGen: 47424K->1376K(48128K)] 395318K->349270K(564224K), 0.0022778 secs] [Times: user=0.01 sys=0.00, real=0.00 secs] 
1095.155: [GC (Allocation Failure) [PSYoungGen: 47456K->1376K(48128K)] 395350K->349270K(564224K), 0.0042423 secs] [Times: user=0.01 sys=0.01, real=0.00 secs] 
1095.690: [GC (Allocation Failure) [PSYoungGen: 47456K->1376K(48128K)] 395350K->349278K(564224K), 0.0047109 secs] [Times: user=0.02 sys=0.00, real=0.01 secs] 
1096.219: [GC (Allocation Failure) [PSYoungGen: 47456K->1360K(48128K)] 395358K->349262K(564224K), 0.0042176 secs] [Times: user=0.02 sys=0.00, real=0.01 secs] 
1096.932: [GC (Allocation Failure) [PSYoungGen: 47440K->1360K(48128K)] 395342K->349262K(564224K), 0.0035767 secs] [Times: user=0.01 sys=0.00, real=0.00 secs] 
1097.989: [GC (Allocation Failure) [PSYoungGen: 47440K->1376K(48128K)] 395342K->349278K(564224K), 0.0021127 secs] [Times: user=0.01 sys=0.00, real=0.01 secs] 
1098.386: [GC (Allocation Failure) [PSYoungGen: 47456K->1376K(48128K)] 395358K->349278K(564224K), 0.0020305 secs] [Times: user=0.01 sys=0.00, real=0.00 secs] 
1098.782: [GC (Allocation Failure) [PSYoungGen: 47456K->1376K(48128K)] 395358K->349286K(564224K), 0.0018947 secs] [Times: user=0.00 sys=0.00, real=0.00 secs] 
1099.166: [GC (Allocation Failure) [PSYoungGen: 47456K->1408K(48128K)] 395366K->349318K(564224K), 0.0021399 secs] [Times: user=0.01 sys=0.00, real=0.00 secs] 
1099.554: [GC (Allocation Failure) [PSYoungGen: 47488K->1344K(48128K)] 395398K->349254K(564224K), 0.0019124 secs] [Times: user=0.01 sys=0.00, real=0.00 secs] 
1099.948: [GC (Allocation Failure) [PSYoungGen: 47424K->1344K(48128K)] 395334K->349254K(564224K), 0.0022154 secs] [Times: user=0.00 sys=0.00, real=0.00 secs] 
1100.670: [GC (Allocation Failure) [PSYoungGen: 46632K->224K(48128K)] 394542K->348134K(564224K), 0.0015934 secs] [Times: user=0.01 sys=0.00, real=0.00 secs] 
1101.191: [GC (Allocation Failure) [PSYoungGen: 46304K->1376K(48128K)] 394214K->349286K(564224K), 0.0017356 secs] [Times: user=0.00 sys=0.00, real=0.01 secs] 
1101.624: [GC (Allocation Failure) [PSYoungGen: 47456K->1392K(48128K)] 395366K->349302K(564224K), 0.0020590 secs] [Times: user=0.01 sys=0.00, real=0.00 secs] 
1102.007: [GC (Allocation Failure) [PSYoungGen: 47472K->1376K(48128K)] 395382K->349286K(564224K), 0.0020098 secs] [Times: user=0.01 sys=0.00, real=0.00 secs] 
1102.433: [GC (Allocation Failure) [PSYoungGen: 47456K->1408K(48128K)] 395366K->349318K(564224K), 0.0019837 secs] [Times: user=0.01 sys=0.00, real=0.00 secs] 
1102.697: [GC (Allocation Failure) [PSYoungGen: 47488K->1376K(48128K)] 395398K->349286K(564224K), 0.0021143 secs] [Times: user=0.01 sys=0.00, real=0.00 secs] 
1102.889: [GC (Allocation Failure) [PSYoungGen: 47456K->1376K(48128K)] 395366K->349286K(564224K), 0.0020689 secs] [Times: user=0.01 sys=0.00, real=0.00 secs] 
1105.036: [GC (Allocation Failure) [PSYoungGen: 47456K->1376K(48128K)] 395366K->349286K(564224K), 0.0042223 secs] [Times: user=0.02 sys=0.00, real=0.00 secs] 
1105.709: [GC (Allocation Failure) [PSYoungGen: 47456K->1376K(48128K)] 395366K->349286K(564224K), 0.0035636 secs] [Times: user=0.02 sys=0.00, real=0.01 secs] 
1106.330: [GC (Allocation Failure) [PSYoungGen: 47456K->1344K(48128K)] 395366K->349254K(564224K), 0.0033424 secs] [Times: user=0.02 sys=0.00, real=0.01 secs] 
1106.703: [GC (Allocation Failure) [PSYoungGen: 47424K->1376K(48128K)] 395334K->349286K(564224K), 0.0025951 secs] [Times: user=0.01 sys=0.00, real=0.00 secs] 
1106.969: [GC (Allocation Failure) [PSYoungGen: 47456K->1360K(48128K)] 395366K->349294K(564224K), 0.0021093 secs] [Times: user=0.01 sys=0.00, real=0.00 secs] 
1107.328: [GC (Allocation Failure) [PSYoungGen: 47440K->1376K(48128K)] 395374K->349310K(564224K), 0.0022180 secs] [Times: user=0.01 sys=0.00, real=0.00 secs] 
1108.246: [GC (Allocation Failure) [PSYoungGen: 47456K->160K(48128K)] 395390K->348094K(564224K), 0.0018807 secs] [Times: user=0.01 sys=0.00, real=0.00 secs] 
1109.766: [GC (Allocation Failure) [PSYoungGen: 46240K->1376K(48128K)] 394174K->349310K(564224K), 0.0024355 secs] [Times: user=0.01 sys=0.00, real=0.00 secs] 
1109.953: [GC (Allocation Failure) [PSYoungGen: 47456K->1344K(48128K)] 395390K->349278K(564224K), 0.0021080 secs] [Times: user=0.00 sys=0.00, real=0.00 secs] 
1110.337: [GC (Allocation Failure) [PSYoungGen: 47424K->1376K(48128K)] 395358K->349310K(564224K), 0.0023707 secs] [Times: user=0.01 sys=0.01, real=0.00 secs] 
1110.723: [GC (Allocation Failure) [PSYoungGen: 47456K->1376K(48128K)] 395390K->349310K(564224K), 0.0020836 secs] [Times: user=0.01 sys=0.00, real=0.00 secs] 
1111.166: [GC (Allocation Failure) [PSYoungGen: 47456K->1408K(48128K)] 395390K->349342K(564224K), 0.0020823 secs] [Times: user=0.01 sys=0.00, real=0.00 secs] 
1111.618: [GC (Allocation Failure) [PSYoungGen: 47488K->1344K(48128K)] 395422K->349278K(564224K), 0.0022297 secs] [Times: user=0.01 sys=0.00, real=0.00 secs] 
1112.348: [GC (Allocation Failure) [PSYoungGen: 47424K->1408K(48128K)] 395358K->349342K(564224K), 0.0018461 secs] [Times: user=0.01 sys=0.00, real=0.00 secs] 
1112.541: [GC (Allocation Failure) [PSYoungGen: 47488K->1440K(48128K)] 395422K->349374K(564224K), 0.0020365 secs] [Times: user=0.00 sys=0.00, real=0.01 secs] 
1112.771: [GC (Allocation Failure) [PSYoungGen: 47520K->1376K(48128K)] 395454K->349310K(564224K), 0.0018389 secs] [Times: user=0.00 sys=0.00, real=0.01 secs] 
1112.992: [GC (Allocation Failure) [PSYoungGen: 47456K->1408K(48128K)] 395390K->349342K(564224K), 0.0018469 secs] [Times: user=0.01 sys=0.00, real=0.00 secs] 
1113.183: [GC (Allocation Failure) [PSYoungGen: 47488K->1376K(48128K)] 395422K->349310K(564224K), 0.0018447 secs] [Times: user=0.01 sys=0.00, real=0.00 secs] 
1113.374: [GC (Allocation Failure) [PSYoungGen: 47456K->1408K(48128K)] 395390K->349342K(564224K), 0.0017571 secs] [Times: user=0.01 sys=0.00, real=0.00 secs] 
1114.022: [GC (Allocation Failure) [PSYoungGen: 47488K->1440K(48128K)] 395422K->349374K(564224K), 0.0016296 secs] [Times: user=0.00 sys=0.00, real=0.00 secs] 
1115.906: [GC (Allocation Failure) [PSYoungGen: 47520K->1376K(48128K)] 395454K->349310K(564224K), 0.0042510 secs] [Times: user=0.02 sys=0.00, real=0.00 secs] 
1116.210: [GC (Allocation Failure) [PSYoungGen: 47456K->1360K(48128K)] 395390K->349294K(564224K), 0.0025140 secs] [Times: user=0.01 sys=0.00, real=0.01 secs] 
1116.627: [GC (Allocation Failure) [PSYoungGen: 47440K->1360K(48128K)] 395374K->349318K(564224K), 0.0022076 secs] [Times: user=0.01 sys=0.00, real=0.00 secs] 
1117.011: [GC (Allocation Failure) [PSYoungGen: 47440K->1344K(48128K)] 395398K->349302K(564224K), 0.0021259 secs] [Times: user=0.01 sys=0.00, real=0.01 secs] 
1117.396: [GC (Allocation Failure) [PSYoungGen: 47424K->1376K(48128K)] 395382K->349334K(564224K), 0.0022104 secs] [Times: user=0.01 sys=0.00, real=0.00 secs] 
1117.780: [GC (Allocation Failure) [PSYoungGen: 47456K->1344K(48128K)] 395414K->349302K(564224K), 0.0021730 secs] [Times: user=0.01 sys=0.00, real=0.01 secs] 
1118.651: [GC (Allocation Failure) [PSYoungGen: 47424K->1408K(48128K)] 395382K->349366K(564224K), 0.0018445 secs] [Times: user=0.01 sys=0.00, real=0.01 secs] 
1119.003: [GC (Allocation Failure) [PSYoungGen: 47488K->1376K(48128K)] 395446K->349334K(564224K), 0.0020479 secs] [Times: user=0.01 sys=0.00, real=0.00 secs] 
1119.338: [GC (Allocation Failure) [PSYoungGen: 47456K->1376K(47616K)] 395414K->349334K(563712K), 0.0022161 secs] [Times: user=0.01 sys=0.00, real=0.00 secs] 
1119.766: [GC (Allocation Failure) [PSYoungGen: 47456K->1344K(47616K)] 395414K->349302K(563712K), 0.0027741 secs] [Times: user=0.01 sys=0.00, real=0.00 secs] 
1120.176: [GC (Allocation Failure) [PSYoungGen: 47424K->1408K(47616K)] 395382K->349366K(563712K), 0.0029014 secs] [Times: user=0.01 sys=0.00, real=0.00 secs] 
1120.845: [GC (Allocation Failure) [PSYoungGen: 47488K->1376K(47616K)] 395446K->349334K(563712K), 0.0033281 secs] [Times: user=0.01 sys=0.00, real=0.00 secs] 
1122.799: [GC (Allocation Failure) [PSYoungGen: 47456K->1488K(47616K)] 395414K->349446K(563712K), 0.0028377 secs] [Times: user=0.02 sys=0.00, real=0.01 secs] 
1123.552: [GC (Allocation Failure) [PSYoungGen: 47568K->1312K(47616K)] 395526K->349270K(563712K), 0.0023012 secs] [Times: user=0.01 sys=0.01, real=0.00 secs] 
1123.744: [GC (Allocation Failure) [PSYoungGen: 47392K->1344K(47616K)] 395350K->349302K(563712K), 0.0021935 secs] [Times: user=0.00 sys=0.00, real=0.00 secs] 
1123.935: [GC (Allocation Failure) [PSYoungGen: 47424K->1312K(47616K)] 395382K->349270K(563712K), 0.0019017 secs] [Times: user=0.01 sys=0.00, real=0.00 secs] 
1124.127: [GC (Allocation Failure) [PSYoungGen: 47392K->1360K(47616K)] 395350K->349318K(563712K), 0.0021704 secs] [Times: user=0.01 sys=0.00, real=0.00 secs] 
1124.318: [GC (Allocation Failure) [PSYoungGen: 47440K->1392K(47616K)] 395398K->349350K(563712K), 0.0019532 secs] [Times: user=0.01 sys=0.00, real=0.00 secs] 
1124.509: [GC (Allocation Failure) [PSYoungGen: 47472K->1344K(47616K)] 395430K->349302K(563712K), 0.0020568 secs] [Times: user=0.01 sys=0.00, real=0.01 secs] 
1125.593: [GC (Allocation Failure) [PSYoungGen: 47424K->1376K(47616K)] 395382K->349334K(563712K), 0.0022544 secs] [Times: user=0.01 sys=0.00, real=0.00 secs] 
1126.245: [GC (Allocation Failure) [PSYoungGen: 47456K->1440K(47616K)] 395414K->349398K(563712K), 0.0043615 secs] [Times: user=0.01 sys=0.00, real=0.00 secs] 
1127.092: [GC (Allocation Failure) [PSYoungGen: 47520K->1344K(47616K)] 395478K->349318K(563712K), 0.0043800 secs] [Times: user=0.02 sys=0.00, real=0.00 secs] 
1127.609: [GC (Allocation Failure) [PSYoungGen: 47424K->1376K(47616K)] 395398K->349350K(563712K), 0.0027765 secs] [Times: user=0.01 sys=0.00, real=0.01 secs] 
1128.144: [GC (Allocation Failure) [PSYoungGen: 47456K->1360K(47616K)] 395430K->349334K(563712K), 0.0027815 secs] [Times: user=0.01 sys=0.00, real=0.00 secs] 
1128.684: [GC (Allocation Failure) [PSYoungGen: 47440K->1376K(47616K)] 395414K->349350K(563712K), 0.0029090 secs] [Times: user=0.01 sys=0.01, real=0.00 secs] 
1129.725: [GC (Allocation Failure) [PSYoungGen: 47456K->1504K(47104K)] 395430K->349566K(563200K), 0.0020142 secs] [Times: user=0.00 sys=0.00, real=0.00 secs] 
1130.172: [GC (Allocation Failure) [PSYoungGen: 47072K->1248K(47616K)] 395134K->349310K(563712K), 0.0021154 secs] [Times: user=0.01 sys=0.00, real=0.00 secs] 
1130.823: [GC (Allocation Failure) [PSYoungGen: 46816K->1312K(47616K)] 394878K->349374K(563712K), 0.0023549 secs] [Times: user=0.01 sys=0.00, real=0.00 secs] 
1131.338: [GC (Allocation Failure) [PSYoungGen: 46880K->1280K(47616K)] 394942K->349342K(563712K), 0.0025128 secs] [Times: user=0.01 sys=0.00, real=0.00 secs] 
1131.902: [GC (Allocation Failure) [PSYoungGen: 46848K->1312K(47104K)] 394910K->349374K(563200K), 0.0022976 secs] [Times: user=0.01 sys=0.00, real=0.00 secs] 
1132.442: [GC (Allocation Failure) [PSYoungGen: 46880K->1264K(47104K)] 394942K->349326K(563200K), 0.0025949 secs] [Times: user=0.01 sys=0.00, real=0.00 secs] 
1132.819: [GC (Allocation Failure) [PSYoungGen: 46832K->288K(46592K)] 394894K->349374K(562688K), 0.0024911 secs] [Times: user=0.00 sys=0.01, real=0.00 secs] 
1133.525: [GC (Allocation Failure) [PSYoungGen: 45856K->1440K(47616K)] 394942K->350526K(563712K), 0.0019649 secs] [Times: user=0.00 sys=0.00, real=0.00 secs] 
1133.798: [GC (Allocation Failure) [PSYoungGen: 47008K->1392K(47616K)] 396094K->350478K(563712K), 0.0019902 secs] [Times: user=0.01 sys=0.00, real=0.00 secs] 
1134.094: [GC (Allocation Failure) [PSYoungGen: 46960K->1376K(47616K)] 396046K->350470K(563712K), 0.0020139 secs] [Times: user=0.01 sys=0.00, real=0.00 secs] 
1134.474: [GC (Allocation Failure) [PSYoungGen: 46944K->1344K(47616K)] 396038K->350438K(563712K), 0.0025819 secs] [Times: user=0.01 sys=0.00, real=0.00 secs] 
1134.882: [GC (Allocation Failure) [PSYoungGen: 46912K->1376K(47616K)] 396006K->350470K(563712K), 0.0026141 secs] [Times: user=0.01 sys=0.00, real=0.00 secs] 
1135.228: [GC (Allocation Failure) [PSYoungGen: 46944K->1408K(47616K)] 396038K->350502K(563712K), 0.0026004 secs] [Times: user=0.01 sys=0.00, real=0.00 secs] 
1136.100: [GC (Allocation Failure) [PSYoungGen: 46976K->1373K(47616K)] 396070K->350467K(563712K), 0.0015722 secs] [Times: user=0.00 sys=0.00, real=0.00 secs] 
1136.609: [GC (Allocation Failure) [PSYoungGen: 46941K->1472K(47616K)] 396035K->350574K(563712K), 0.0021196 secs] [Times: user=0.01 sys=0.00, real=0.00 secs] 
1137.265: [GC (Allocation Failure) [PSYoungGen: 47040K->1376K(47616K)] 396142K->350494K(563712K), 0.0022217 secs] [Times: user=0.01 sys=0.00, real=0.00 secs] 
1137.942: [GC (Allocation Failure) [PSYoungGen: 46944K->1328K(47616K)] 396062K->350446K(563712K), 0.0028660 secs] [Times: user=0.02 sys=0.00, real=0.00 secs] 
1138.557: [GC (Allocation Failure) [PSYoungGen: 46896K->1376K(47616K)] 396014K->350494K(563712K), 0.0022856 secs] [Times: user=0.01 sys=0.00, real=0.00 secs] 
1139.214: [GC (Allocation Failure) [PSYoungGen: 46944K->1376K(47616K)] 396062K->350494K(563712K), 0.0029002 secs] [Times: user=0.01 sys=0.00, real=0.00 secs] 
1139.698: [GC (Allocation Failure) [PSYoungGen: 46944K->1328K(47616K)] 396062K->350446K(563712K), 0.0030616 secs] [Times: user=0.01 sys=0.01, real=0.00 secs] 
1140.915: [GC (Allocation Failure) [PSYoungGen: 46896K->1392K(47616K)] 396014K->350510K(563712K), 0.0022409 secs] [Times: user=0.01 sys=0.00, real=0.00 secs] 
1141.622: [GC (Allocation Failure) [PSYoungGen: 46960K->1344K(47616K)] 396078K->350462K(563712K), 0.0028974 secs] [Times: user=0.01 sys=0.00, real=0.00 secs] 
1142.405: [GC (Allocation Failure) [PSYoungGen: 46912K->1344K(47616K)] 396030K->350462K(563712K), 0.0040075 secs] [Times: user=0.01 sys=0.00, real=0.00 secs] 
1142.965: [GC (Allocation Failure) [PSYoungGen: 46912K->1392K(47104K)] 396030K->350510K(563200K), 0.0035134 secs] [Times: user=0.01 sys=0.00, real=0.00 secs] 
1143.378: [GC (Allocation Failure) [PSYoungGen: 46960K->1344K(47104K)] 396078K->350462K(563200K), 0.0029374 secs] [Times: user=0.01 sys=0.00, real=0.00 secs] 
1144.133: [GC (Allocation Failure) [PSYoungGen: 46912K->1344K(47104K)] 396030K->350462K(563200K), 0.0035246 secs] [Times: user=0.01 sys=0.00, real=0.00 secs] 
1145.049: [GC (Allocation Failure) [PSYoungGen: 46912K->1373K(47104K)] 396030K->350491K(563200K), 0.0014818 secs] [Times: user=0.01 sys=0.00, real=0.00 secs] 
1146.255: [GC (Allocation Failure) [PSYoungGen: 46941K->1440K(47104K)] 396059K->350558K(563200K), 0.0033573 secs] [Times: user=0.01 sys=0.00, real=0.00 secs] 
1146.827: [GC (Allocation Failure) [PSYoungGen: 47008K->1312K(47104K)] 396126K->350430K(563200K), 0.0040553 secs] [Times: user=0.02 sys=0.00, real=0.00 secs] 
1147.115: [GC (Allocation Failure) [PSYoungGen: 46880K->1376K(47104K)] 395998K->350494K(563200K), 0.0022318 secs] [Times: user=0.01 sys=0.00, real=0.00 secs] 
1147.458: [GC (Allocation Failure) [PSYoungGen: 46944K->1376K(47104K)] 396062K->350494K(563200K), 0.0022378 secs] [Times: user=0.01 sys=0.00, real=0.00 secs] 
1147.835: [GC (Allocation Failure) [PSYoungGen: 46944K->1424K(47104K)] 396062K->350542K(563200K), 0.0024147 secs] [Times: user=0.01 sys=0.00, real=0.00 secs] 
1148.153: [GC (Allocation Failure) [PSYoungGen: 46992K->1376K(47104K)] 396110K->350494K(563200K), 0.0022246 secs] [Times: user=0.01 sys=0.00, real=0.00 secs] 
1149.134: [GC (Allocation Failure) [PSYoungGen: 46944K->1472K(47104K)] 396062K->351622K(563200K), 0.0029430 secs] [Times: user=0.01 sys=0.01, real=0.00 secs] 
1149.988: [GC (Allocation Failure) [PSYoungGen: 47040K->352K(46592K)] 397190K->350502K(562688K), 0.0045048 secs] [Times: user=0.02 sys=0.00, real=0.01 secs] 
1150.592: [GC (Allocation Failure) [PSYoungGen: 45408K->336K(47104K)] 395558K->350486K(563200K), 0.0038874 secs] [Times: user=0.02 sys=0.00, real=0.00 secs] 
1150.958: [GC (Allocation Failure) [PSYoungGen: 45392K->384K(47104K)] 395542K->350534K(563200K), 0.0033289 secs] [Times: user=0.01 sys=0.00, real=0.00 secs] 
1151.349: [GC (Allocation Failure) [PSYoungGen: 45440K->320K(47104K)] 395590K->350470K(563200K), 0.0032930 secs] [Times: user=0.01 sys=0.00, real=0.01 secs] 
1151.586: [GC (Allocation Failure) [PSYoungGen: 45376K->384K(47104K)] 395526K->350534K(563200K), 0.0022461 secs] [Times: user=0.01 sys=0.00, real=0.00 secs] 
1151.859: [GC (Allocation Failure) [PSYoungGen: 45440K->1405K(47104K)] 395590K->351555K(563200K), 0.0015318 secs] [Times: user=0.01 sys=0.00, real=0.00 secs] 
1152.977: [GC (Allocation Failure) [PSYoungGen: 46461K->1408K(46592K)] 396611K->351558K(562688K), 0.0033665 secs] [Times: user=0.02 sys=0.00, real=0.00 secs] 
1153.489: [GC (Allocation Failure) [PSYoungGen: 45952K->1408K(47104K)] 396102K->351558K(563200K), 0.0034920 secs] [Times: user=0.01 sys=0.00, real=0.01 secs] 
1153.927: [GC (Allocation Failure) [PSYoungGen: 45952K->1376K(47104K)] 396102K->351526K(563200K), 0.0029799 secs] [Times: user=0.01 sys=0.00, real=0.00 secs] 
1154.554: [GC (Allocation Failure) [PSYoungGen: 45920K->1376K(47104K)] 396070K->351526K(563200K), 0.0035075 secs] [Times: user=0.02 sys=0.00, real=0.00 secs] 
1155.338: [GC (Allocation Failure) [PSYoungGen: 45920K->1376K(47104K)] 396070K->351526K(563200K), 0.0038529 secs] [Times: user=0.01 sys=0.00, real=0.01 secs] 
1156.103: [GC (Allocation Failure) [PSYoungGen: 45920K->1312K(47104K)] 396070K->351462K(563200K), 0.0036442 secs] [Times: user=0.01 sys=0.00, real=0.00 secs] 
1157.067: [GC (Allocation Failure) [PSYoungGen: 45856K->304K(47104K)] 396006K->350454K(563200K), 0.0016621 secs] [Times: user=0.01 sys=0.00, real=0.00 secs] 
1158.143: [GC (Allocation Failure) [PSYoungGen: 44848K->1440K(47104K)] 394998K->351590K(563200K), 0.0027066 secs] [Times: user=0.01 sys=0.00, real=0.00 secs] 
1158.733: [GC (Allocation Failure) [PSYoungGen: 45984K->1376K(47104K)] 396134K->351534K(563200K), 0.0032406 secs] [Times: user=0.01 sys=0.00, real=0.00 secs] 
1159.386: [GC (Allocation Failure) [PSYoungGen: 45920K->1344K(47104K)] 396078K->351502K(563200K), 0.0057198 secs] [Times: user=0.02 sys=0.00, real=0.00 secs] 
1160.017: [GC (Allocation Failure) [PSYoungGen: 45888K->1376K(47104K)] 396046K->351534K(563200K), 0.0026286 secs] [Times: user=0.01 sys=0.00, real=0.00 secs] 
1160.428: [GC (Allocation Failure) [PSYoungGen: 45920K->1376K(47104K)] 396078K->351534K(563200K), 0.0023545 secs] [Times: user=0.01 sys=0.00, real=0.00 secs] 
1161.126: [GC (Allocation Failure) [PSYoungGen: 45920K->1408K(47104K)] 396078K->351566K(563200K), 0.0030005 secs] [Times: user=0.02 sys=0.00, real=0.00 secs] 
1162.289: [GC (Allocation Failure) [PSYoungGen: 45952K->2480K(47104K)] 396110K->353662K(563200K), 0.0019943 secs] [Times: user=0.01 sys=0.00, real=0.00 secs] 
1162.793: [GC (Allocation Failure) [PSYoungGen: 47024K->1376K(47104K)] 398206K->352558K(563200K), 0.0028250 secs] [Times: user=0.01 sys=0.00, real=0.00 secs] 
1163.606: [GC (Allocation Failure) [PSYoungGen: 45920K->1344K(47104K)] 397102K->352526K(563200K), 0.0032475 secs] [Times: user=0.01 sys=0.00, real=0.00 secs] 
1164.208: [GC (Allocation Failure) [PSYoungGen: 45888K->1344K(47104K)] 397070K->352526K(563200K), 0.0026907 secs] [Times: user=0.01 sys=0.00, real=0.00 secs] 
1164.689: [GC (Allocation Failure) [PSYoungGen: 45888K->1360K(47104K)] 397070K->352542K(563200K), 0.0027591 secs] [Times: user=0.02 sys=0.00, real=0.01 secs] 
1165.351: [GC (Allocation Failure) [PSYoungGen: 45904K->1344K(46080K)] 397086K->352526K(562176K), 0.0034366 secs] [Times: user=0.02 sys=0.00, real=0.01 secs] 
1166.063: [GC (Allocation Failure) [PSYoungGen: 45888K->1408K(46592K)] 397070K->352590K(562688K), 0.0030031 secs] [Times: user=0.01 sys=0.00, real=0.00 secs] 
1166.953: [GC (Allocation Failure) [PSYoungGen: 45952K->1376K(46592K)] 397134K->352558K(562688K), 0.0021421 secs] [Times: user=0.01 sys=0.00, real=0.00 secs] 
1167.362: [GC (Allocation Failure) [PSYoungGen: 45920K->1360K(46592K)] 397102K->352542K(562688K), 0.0022832 secs] [Times: user=0.00 sys=0.00, real=0.00 secs] 
1167.683: [GC (Allocation Failure) [PSYoungGen: 45904K->1360K(46592K)] 397086K->352550K(562688K), 0.0023696 secs] [Times: user=0.01 sys=0.00, real=0.00 secs] 
1168.025: [GC (Allocation Failure) [PSYoungGen: 45904K->1376K(46592K)] 397094K->352582K(562688K), 0.0022895 secs] [Times: user=0.01 sys=0.00, real=0.00 secs] 
1168.374: [GC (Allocation Failure) [PSYoungGen: 45920K->1344K(46592K)] 397126K->352550K(562688K), 0.0020021 secs] [Times: user=0.01 sys=0.00, real=0.00 secs] 
1168.750: [GC (Allocation Failure) [PSYoungGen: 45888K->1408K(46592K)] 397094K->352614K(562688K), 0.0022585 secs] [Times: user=0.01 sys=0.00, real=0.01 secs] 
1169.421: [GC (Allocation Failure) [PSYoungGen: 45952K->1389K(46592K)] 397158K->352595K(562688K), 0.0015770 secs] [Times: user=0.01 sys=0.00, real=0.01 secs] 
1169.990: [GC (Allocation Failure) [PSYoungGen: 45933K->1440K(46592K)] 397139K->352646K(562688K), 0.0018244 secs] [Times: user=0.01 sys=0.00, real=0.00 secs] 
1170.349: [GC (Allocation Failure) [PSYoungGen: 45984K->1376K(46592K)] 397190K->352598K(562688K), 0.0020736 secs] [Times: user=0.00 sys=0.00, real=0.01 secs] 
1170.832: [GC (Allocation Failure) [PSYoungGen: 45920K->1344K(46592K)] 397142K->352566K(562688K), 0.0020453 secs] [Times: user=0.01 sys=0.00, real=0.00 secs] 
1171.352: [GC (Allocation Failure) [PSYoungGen: 45888K->1392K(46592K)] 397110K->352614K(562688K), 0.0020855 secs] [Times: user=0.00 sys=0.00, real=0.00 secs] 
1171.914: [GC (Allocation Failure) [PSYoungGen: 45936K->1376K(46592K)] 397158K->352598K(562688K), 0.0021164 secs] [Times: user=0.01 sys=0.00, real=0.00 secs] 
1172.385: [GC (Allocation Failure) [PSYoungGen: 45920K->1408K(46592K)] 397142K->352630K(562688K), 0.0025936 secs] [Times: user=0.01 sys=0.00, real=0.00 secs] 
1173.090: [GC (Allocation Failure) [PSYoungGen: 45952K->1984K(46592K)] 397174K->353206K(562688K), 0.0016432 secs] [Times: user=0.01 sys=0.00, real=0.00 secs] 
1173.347: [GC (Allocation Failure) [PSYoungGen: 46528K->1408K(46592K)] 397750K->352630K(562688K), 0.0015583 secs] [Times: user=0.01 sys=0.00, real=0.00 secs] 
1173.613: [GC (Allocation Failure) [PSYoungGen: 45952K->1376K(46592K)] 397174K->352606K(562688K), 0.0016347 secs] [Times: user=0.01 sys=0.00, real=0.00 secs] 
1173.873: [GC (Allocation Failure) [PSYoungGen: 45920K->1408K(46592K)] 397150K->352638K(562688K), 0.0017872 secs] [Times: user=0.01 sys=0.00, real=0.00 secs] 
1174.133: [GC (Allocation Failure) [PSYoungGen: 45952K->1376K(46592K)] 397182K->352606K(562688K), 0.0025805 secs] [Times: user=0.01 sys=0.00, real=0.00 secs] 
1174.391: [GC (Allocation Failure) [PSYoungGen: 45920K->1344K(46592K)] 397150K->352574K(562688K), 0.0025592 secs] [Times: user=0.01 sys=0.00, real=0.01 secs] 
1174.671: [GC (Allocation Failure) [PSYoungGen: 45888K->1376K(46592K)] 397118K->352606K(562688K), 0.0023774 secs] [Times: user=0.01 sys=0.00, real=0.01 secs] 
1176.051: [GC (Allocation Failure) [PSYoungGen: 45920K->1392K(46592K)] 397150K->352638K(562688K), 0.0041583 secs] [Times: user=0.02 sys=0.00, real=0.01 secs] 
1176.772: [GC (Allocation Failure) [PSYoungGen: 45936K->1344K(46592K)] 397182K->352590K(562688K), 0.0047172 secs] [Times: user=0.02 sys=0.00, real=0.00 secs] 
1177.245: [GC (Allocation Failure) [PSYoungGen: 45888K->1408K(46592K)] 397134K->352670K(562688K), 0.0031526 secs] [Times: user=0.01 sys=0.00, real=0.00 secs] 
1177.580: [GC (Allocation Failure) [PSYoungGen: 45952K->1408K(46592K)] 397214K->352670K(562688K), 0.0025454 secs] [Times: user=0.01 sys=0.00, real=0.01 secs] 
1177.958: [GC (Allocation Failure) [PSYoungGen: 45952K->1344K(46592K)] 397214K->352606K(562688K), 0.0029395 secs] [Times: user=0.01 sys=0.00, real=0.00 secs] 
1178.376: [GC (Allocation Failure) [PSYoungGen: 45888K->1344K(46592K)] 397150K->352606K(562688K), 0.0043673 secs] [Times: user=0.02 sys=0.01, real=0.00 secs] 
1178.930: [GC (Allocation Failure) [PSYoungGen: 45888K->1376K(46592K)] 397150K->352638K(562688K), 0.0019177 secs] [Times: user=0.01 sys=0.00, real=0.01 secs] 
1179.777: [GC (Allocation Failure) [PSYoungGen: 45920K->1440K(46592K)] 397182K->352702K(562688K), 0.0025765 secs] [Times: user=0.01 sys=0.00, real=0.00 secs] 
1180.631: [GC (Allocation Failure) [PSYoungGen: 45984K->1344K(46592K)] 397246K->352606K(562688K), 0.0044936 secs] [Times: user=0.02 sys=0.00, real=0.01 secs] 
1181.158: [GC (Allocation Failure) [PSYoungGen: 45888K->1360K(46592K)] 397150K->352622K(562688K), 0.0041538 secs] [Times: user=0.02 sys=0.00, real=0.01 secs] 
1181.569: [GC (Allocation Failure) [PSYoungGen: 45904K->1376K(46080K)] 397166K->352638K(562176K), 0.0034173 secs] [Times: user=0.01 sys=0.00, real=0.01 secs] 
1182.011: [GC (Allocation Failure) [PSYoungGen: 45920K->1376K(46080K)] 397182K->352638K(562176K), 0.0034605 secs] [Times: user=0.01 sys=0.00, real=0.01 secs] 
1182.464: [GC (Allocation Failure) [PSYoungGen: 45920K->352K(45568K)] 397182K->352638K(561664K), 0.0034325 secs] [Times: user=0.02 sys=0.00, real=0.00 secs] 
1183.316: [GC (Allocation Failure) [PSYoungGen: 44896K->1373K(46592K)] 397182K->353659K(562688K), 0.0014690 secs] [Times: user=0.01 sys=0.00, real=0.00 secs] 
1183.818: [GC (Allocation Failure) [PSYoungGen: 45917K->1472K(46592K)] 398203K->353758K(562688K), 0.0020183 secs] [Times: user=0.01 sys=0.00, real=0.00 secs] 
1184.195: [GC (Allocation Failure) [PSYoungGen: 46016K->1360K(46592K)] 398302K->353646K(562688K), 0.0032488 secs] [Times: user=0.01 sys=0.00, real=0.00 secs] 
1184.577: [GC (Allocation Failure) [PSYoungGen: 45904K->1344K(46592K)] 398190K->353630K(562688K), 0.0035324 secs] [Times: user=0.02 sys=0.00, real=0.00 secs] 
1184.936: [GC (Allocation Failure) [PSYoungGen: 45888K->1376K(46592K)] 398174K->353662K(562688K), 0.0033835 secs] [Times: user=0.01 sys=0.00, real=0.00 secs] 
1185.146: [GC (Allocation Failure) [PSYoungGen: 45920K->1376K(46592K)] 398206K->353662K(562688K), 0.0020620 secs] [Times: user=0.01 sys=0.00, real=0.00 secs] 
1185.446: [GC (Allocation Failure) [PSYoungGen: 45920K->1344K(46592K)] 398206K->353630K(562688K), 0.0019258 secs] [Times: user=0.01 sys=0.00, real=0.00 secs] 
1186.199: [GC (Allocation Failure) [PSYoungGen: 45888K->1472K(46592K)] 398174K->354782K(562688K), 0.0020823 secs] [Times: user=0.01 sys=0.00, real=0.00 secs] 
1186.643: [GC (Allocation Failure) [PSYoungGen: 46016K->320K(46592K)] 399326K->353638K(562688K), 0.0021862 secs] [Times: user=0.01 sys=0.00, real=0.00 secs] 
1187.035: [GC (Allocation Failure) [PSYoungGen: 44864K->384K(46592K)] 398182K->353702K(562688K), 0.0027378 secs] [Times: user=0.02 sys=0.00, real=0.00 secs] 
1187.470: [GC (Allocation Failure) [PSYoungGen: 44928K->352K(46592K)] 398246K->353670K(562688K), 0.0047430 secs] [Times: user=0.02 sys=0.00, real=0.01 secs] 
1188.007: [GC (Allocation Failure) [PSYoungGen: 44896K->352K(46592K)] 398214K->353670K(562688K), 0.0040280 secs] [Times: user=0.02 sys=0.00, real=0.00 secs] 
1188.451: [GC (Allocation Failure) [PSYoungGen: 44896K->352K(46592K)] 398214K->353670K(562688K), 0.0024013 secs] [Times: user=0.01 sys=0.00, real=0.01 secs] 
1188.805: [GC (Allocation Failure) [PSYoungGen: 44896K->384K(46592K)] 398214K->353702K(562688K), 0.0022658 secs] [Times: user=0.01 sys=0.00, real=0.00 secs] 
1190.365: [GC (Allocation Failure) [PSYoungGen: 44928K->1440K(46592K)] 398246K->354758K(562688K), 0.0040444 secs] [Times: user=0.01 sys=0.00, real=0.00 secs] 
1191.307: [GC (Allocation Failure) [PSYoungGen: 45984K->1360K(47104K)] 399302K->354678K(563200K), 0.0044766 secs] [Times: user=0.02 sys=0.00, real=0.01 secs] 
1192.248: [GC (Allocation Failure) [PSYoungGen: 45904K->1376K(47104K)] 399222K->354694K(563200K), 0.0047666 secs] [Times: user=0.02 sys=0.00, real=0.01 secs] 
1192.919: [GC (Allocation Failure) [PSYoungGen: 45920K->1312K(47104K)] 399238K->354630K(563200K), 0.0041207 secs] [Times: user=0.01 sys=0.00, real=0.01 secs] 
1193.443: [GC (Allocation Failure) [PSYoungGen: 45856K->1376K(47104K)] 399174K->354694K(563200K), 0.0047643 secs] [Times: user=0.02 sys=0.00, real=0.00 secs] 
1193.999: [GC (Allocation Failure) [PSYoungGen: 45920K->1376K(47104K)] 399238K->354694K(563200K), 0.0065067 secs] [Times: user=0.03 sys=0.00, real=0.01 secs] 
1194.863: [GC (Allocation Failure) [PSYoungGen: 45920K->1373K(47104K)] 399238K->354691K(563200K), 0.0015843 secs] [Times: user=0.01 sys=0.00, real=0.00 secs] 
1195.379: [GC (Allocation Failure) [PSYoungGen: 45917K->1456K(47104K)] 399235K->354774K(563200K), 0.0020246 secs] [Times: user=0.01 sys=0.00, real=0.00 secs] 
1195.564: [GC (Allocation Failure) [PSYoungGen: 46000K->1440K(47104K)] 399318K->354758K(563200K), 0.0016041 secs] [Times: user=0.01 sys=0.00, real=0.00 secs] 
1195.749: [GC (Allocation Failure) [PSYoungGen: 45984K->1408K(47104K)] 399302K->354726K(563200K), 0.0015661 secs] [Times: user=0.01 sys=0.00, real=0.00 secs] 
1196.039: [GC (Allocation Failure) [PSYoungGen: 45952K->1440K(47104K)] 399270K->354758K(563200K), 0.0019579 secs] [Times: user=0.01 sys=0.00, real=0.00 secs] 
1196.467: [GC (Allocation Failure) [PSYoungGen: 45984K->1456K(47104K)] 399302K->354774K(563200K), 0.0035128 secs] [Times: user=0.02 sys=0.00, real=0.00 secs] 
1196.909: [GC (Allocation Failure) [PSYoungGen: 46000K->1344K(47104K)] 399318K->354662K(563200K), 0.0023857 secs] [Times: user=0.01 sys=0.00, real=0.01 secs] 
1197.784: [GC (Allocation Failure) [PSYoungGen: 45888K->1968K(47104K)] 399206K->355286K(563200K), 0.0020071 secs] [Times: user=0.01 sys=0.00, real=0.00 secs] 
1198.224: [GC (Allocation Failure) [PSYoungGen: 46512K->1408K(47104K)] 399830K->354750K(563200K), 0.0022993 secs] [Times: user=0.01 sys=0.00, real=0.00 secs] 
1198.614: [GC (Allocation Failure) [PSYoungGen: 45952K->1376K(47104K)] 399294K->354726K(563200K), 0.0025460 secs] [Times: user=0.01 sys=0.00, real=0.00 secs] 
1198.982: [GC (Allocation Failure) [PSYoungGen: 45920K->1376K(46080K)] 399270K->354726K(562176K), 0.0025075 secs] [Times: user=0.01 sys=0.00, real=0.00 secs] 
1199.385: [GC (Allocation Failure) [PSYoungGen: 45920K->1376K(46592K)] 399270K->354726K(562688K), 0.0031801 secs] [Times: user=0.01 sys=0.00, real=0.00 secs] 
1199.781: [GC (Allocation Failure) [PSYoungGen: 45920K->1376K(46592K)] 399270K->354726K(562688K), 0.0028990 secs] [Times: user=0.01 sys=0.00, real=0.01 secs] 
1200.122: [GC (Allocation Failure) [PSYoungGen: 45920K->1344K(46592K)] 399270K->354694K(562688K), 0.0027699 secs] [Times: user=0.01 sys=0.00, real=0.00 secs] 
1200.889: [GC (Allocation Failure) [PSYoungGen: 45888K->1440K(46592K)] 399238K->354790K(562688K), 0.0019929 secs] [Times: user=0.01 sys=0.00, real=0.00 secs] 
1201.075: [GC (Allocation Failure) [PSYoungGen: 45984K->1344K(46592K)] 399334K->354694K(562688K), 0.0020207 secs] [Times: user=0.01 sys=0.00, real=0.00 secs] 
1201.260: [GC (Allocation Failure) [PSYoungGen: 45888K->1408K(46592K)] 399238K->354758K(562688K), 0.0022009 secs] [Times: user=0.01 sys=0.00, real=0.01 secs] 
1201.491: [GC (Allocation Failure) [PSYoungGen: 45952K->1408K(46592K)] 399302K->354758K(562688K), 0.0021939 secs] [Times: user=0.01 sys=0.00, real=0.01 secs] 
1201.677: [GC (Allocation Failure) [PSYoungGen: 45952K->1392K(46592K)] 399302K->354742K(562688K), 0.0021759 secs] [Times: user=0.01 sys=0.00, real=0.00 secs] 
1201.898: [GC (Allocation Failure) [PSYoungGen: 45936K->1376K(46592K)] 399286K->354726K(562688K), 0.0021011 secs] [Times: user=0.01 sys=0.00, real=0.00 secs] 
1202.204: [GC (Allocation Failure) [PSYoungGen: 45920K->1373K(46592K)] 399270K->354731K(562688K), 0.0014880 secs] [Times: user=0.00 sys=0.00, real=0.00 secs] 
1203.005: [GC (Allocation Failure) [PSYoungGen: 45917K->1440K(46592K)] 399275K->354798K(562688K), 0.0020819 secs] [Times: user=0.01 sys=0.00, real=0.00 secs] 
1203.751: [GC (Allocation Failure) [PSYoungGen: 45984K->1408K(46592K)] 399342K->354766K(562688K), 0.0027661 secs] [Times: user=0.01 sys=0.00, real=0.01 secs] 
1204.463: [GC (Allocation Failure) [PSYoungGen: 45952K->1376K(46592K)] 399310K->354734K(562688K), 0.0054077 secs] [Times: user=0.02 sys=0.00, real=0.00 secs] 
1204.832: [GC (Allocation Failure) [PSYoungGen: 45920K->1360K(46592K)] 399278K->354742K(562688K), 0.0027580 secs] [Times: user=0.02 sys=0.00, real=0.00 secs] 
1205.207: [GC (Allocation Failure) [PSYoungGen: 45904K->1344K(46592K)] 399286K->354726K(562688K), 0.0027996 secs] [Times: user=0.01 sys=0.00, real=0.00 secs] 
1205.552: [GC (Allocation Failure) [PSYoungGen: 45888K->1408K(46592K)] 399270K->354790K(562688K), 0.0028586 secs] [Times: user=0.01 sys=0.00, real=0.00 secs] 
1206.293: [GC (Allocation Failure) [PSYoungGen: 45952K->1373K(46592K)] 399334K->354755K(562688K), 0.0015592 secs] [Times: user=0.01 sys=0.00, real=0.00 secs] 
1206.658: [GC (Allocation Failure) [PSYoungGen: 45917K->1408K(46592K)] 399299K->354790K(562688K), 0.0019950 secs] [Times: user=0.01 sys=0.00, real=0.00 secs] 
1206.855: [GC (Allocation Failure) [PSYoungGen: 45952K->1376K(46080K)] 399334K->354758K(562176K), 0.0020331 secs] [Times: user=0.00 sys=0.00, real=0.00 secs] 
1207.040: [GC (Allocation Failure) [PSYoungGen: 45920K->1408K(46080K)] 399302K->354790K(562176K), 0.0020221 secs] [Times: user=0.01 sys=0.00, real=0.01 secs] 
1207.254: [GC (Allocation Failure) [PSYoungGen: 45952K->384K(45568K)] 399334K->354790K(561664K), 0.0019849 secs] [Times: user=0.01 sys=0.00, real=0.00 secs] 
1207.489: [GC (Allocation Failure) [PSYoungGen: 44928K->384K(46592K)] 399334K->354790K(562688K), 0.0020169 secs] [Times: user=0.01 sys=0.00, real=0.00 secs] 
1207.728: [GC (Allocation Failure) [PSYoungGen: 44928K->352K(46592K)] 399334K->354758K(562688K), 0.0019391 secs] [Times: user=0.01 sys=0.00, real=0.00 secs] 
1208.487: [GC (Allocation Failure) [PSYoungGen: 44896K->1408K(46592K)] 399302K->357862K(562688K), 0.0019524 secs] [Times: user=0.01 sys=0.00, real=0.00 secs] 
1208.861: [GC (Allocation Failure) [PSYoungGen: 45952K->1408K(46592K)] 402406K->357862K(562688K), 0.0018797 secs] [Times: user=0.01 sys=0.00, real=0.01 secs] 
1209.230: [GC (Allocation Failure) [PSYoungGen: 45952K->1344K(46592K)] 402406K->357798K(562688K), 0.0023924 secs] [Times: user=0.01 sys=0.00, real=0.01 secs] 
1209.464: [GC (Allocation Failure) [PSYoungGen: 45888K->1344K(46592K)] 402342K->357798K(562688K), 0.0025481 secs] [Times: user=0.01 sys=0.01, real=0.00 secs] 
1209.645: [GC (Allocation Failure) [PSYoungGen: 45888K->1344K(46592K)] 402342K->357798K(562688K), 0.0022612 secs] [Times: user=0.01 sys=0.00, real=0.00 secs] 
1209.832: [GC (Allocation Failure) [PSYoungGen: 45888K->1360K(46592K)] 402342K->357814K(562688K), 0.0027041 secs] [Times: user=0.01 sys=0.00, real=0.00 secs] 
1210.115: [GC (Allocation Failure) [PSYoungGen: 45904K->1344K(46592K)] 402358K->357798K(562688K), 0.0028885 secs] [Times: user=0.02 sys=0.00, real=0.00 secs] 
1210.940: [GC (Allocation Failure) [PSYoungGen: 45888K->1408K(46080K)] 402342K->357870K(562176K), 0.0022156 secs] [Times: user=0.01 sys=0.00, real=0.01 secs] 
1211.307: [GC (Allocation Failure) [PSYoungGen: 45952K->1376K(46080K)] 402414K->357838K(562176K), 0.0032279 secs] [Times: user=0.01 sys=0.01, real=0.00 secs] 
1211.642: [GC (Allocation Failure) [PSYoungGen: 45920K->1376K(46080K)] 402382K->357838K(562176K), 0.0027400 secs] [Times: user=0.01 sys=0.00, real=0.00 secs] 
1211.825: [GC (Allocation Failure) [PSYoungGen: 45920K->1376K(46080K)] 402382K->357846K(562176K), 0.0023597 secs] [Times: user=0.01 sys=0.01, real=0.00 secs] 
1212.011: [GC (Allocation Failure) [PSYoungGen: 45920K->1376K(46080K)] 402390K->357846K(562176K), 0.0020056 secs] [Times: user=0.01 sys=0.00, real=0.01 secs] 
1212.196: [GC (Allocation Failure) [PSYoungGen: 45920K->1408K(49152K)] 402390K->357894K(565248K), 0.0020181 secs] [Times: user=0.00 sys=0.00, real=0.00 secs] 
1212.771: [GC (Allocation Failure) [PSYoungGen: 48512K->1373K(48640K)] 404998K->357867K(564736K), 0.0016520 secs] [Times: user=0.00 sys=0.00, real=0.01 secs] 
1213.825: [GC (Allocation Failure) [PSYoungGen: 48477K->1424K(48640K)] 404971K->357918K(564736K), 0.0053837 secs] [Times: user=0.02 sys=0.00, real=0.00 secs] 
1214.433: [GC (Allocation Failure) [PSYoungGen: 48528K->1376K(48640K)] 405022K->357870K(564736K), 0.0048016 secs] [Times: user=0.02 sys=0.00, real=0.00 secs] 
1215.007: [GC (Allocation Failure) [PSYoungGen: 48480K->1408K(48640K)] 404974K->357902K(564736K), 0.0049169 secs] [Times: user=0.02 sys=0.00, real=0.01 secs] 
1215.656: [GC (Allocation Failure) [PSYoungGen: 48512K->1408K(48640K)] 405006K->357902K(564736K), 0.0042183 secs] [Times: user=0.02 sys=0.00, real=0.00 secs] 
1216.287: [GC (Allocation Failure) [PSYoungGen: 48512K->1376K(49152K)] 405006K->357870K(565248K), 0.0034729 secs] [Times: user=0.02 sys=0.01, real=0.00 secs] 
1216.746: [GC (Allocation Failure) [PSYoungGen: 48480K->1360K(49152K)] 404974K->357854K(565248K), 0.0034514 secs] [Times: user=0.01 sys=0.00, real=0.00 secs] 
1217.644: [GC (Allocation Failure) [PSYoungGen: 48464K->1392K(49152K)] 404958K->357886K(565248K), 0.0018307 secs] [Times: user=0.01 sys=0.00, real=0.00 secs] 
1218.068: [GC (Allocation Failure) [PSYoungGen: 48496K->1344K(49152K)] 404990K->357838K(565248K), 0.0023115 secs] [Times: user=0.01 sys=0.00, real=0.00 secs] 
1218.553: [GC (Allocation Failure) [PSYoungGen: 48448K->1376K(49152K)] 404942K->357870K(565248K), 0.0043000 secs] [Times: user=0.02 sys=0.00, real=0.00 secs] 
1219.089: [GC (Allocation Failure) [PSYoungGen: 48480K->1376K(49152K)] 404974K->357870K(565248K), 0.0035121 secs] [Times: user=0.01 sys=0.00, real=0.01 secs] 
1219.593: [GC (Allocation Failure) [PSYoungGen: 48480K->1344K(49152K)] 404974K->357838K(565248K), 0.0035496 secs] [Times: user=0.02 sys=0.00, real=0.00 secs] 
1219.978: [GC (Allocation Failure) [PSYoungGen: 48448K->1408K(49152K)] 404942K->357902K(565248K), 0.0028475 secs] [Times: user=0.01 sys=0.00, real=0.00 secs] 
1220.972: [GC (Allocation Failure) [PSYoungGen: 48512K->1456K(49152K)] 405006K->357950K(565248K), 0.0023295 secs] [Times: user=0.01 sys=0.00, real=0.00 secs] 
1221.393: [GC (Allocation Failure) [PSYoungGen: 48560K->1408K(49152K)] 405054K->357902K(565248K), 0.0040480 secs] [Times: user=0.02 sys=0.00, real=0.00 secs] 
1221.769: [GC (Allocation Failure) [PSYoungGen: 48512K->1376K(49152K)] 405006K->357870K(565248K), 0.0035117 secs] [Times: user=0.01 sys=0.00, real=0.01 secs] 
1222.152: [GC (Allocation Failure) [PSYoungGen: 48480K->1408K(49152K)] 404974K->357902K(565248K), 0.0033695 secs] [Times: user=0.01 sys=0.00, real=0.00 secs] 
1222.500: [GC (Allocation Failure) [PSYoungGen: 48512K->1376K(48640K)] 405006K->357870K(564736K), 0.0041910 secs] [Times: user=0.02 sys=0.00, real=0.01 secs] 
1222.814: [GC (Allocation Failure) [PSYoungGen: 48480K->1408K(48640K)] 404974K->357902K(564736K), 0.0028640 secs] [Times: user=0.01 sys=0.00, real=0.00 secs] 
1223.544: [GC (Allocation Failure) [PSYoungGen: 48512K->1405K(48640K)] 405006K->357899K(564736K), 0.0015912 secs] [Times: user=0.01 sys=0.00, real=0.00 secs] 
1224.230: [GC (Allocation Failure) [PSYoungGen: 48509K->1440K(48640K)] 405003K->357934K(564736K), 0.0031150 secs] [Times: user=0.01 sys=0.00, real=0.01 secs] 
1224.658: [GC (Allocation Failure) [PSYoungGen: 48544K->1408K(48640K)] 405038K->357902K(564736K), 0.0034313 secs] [Times: user=0.01 sys=0.00, real=0.01 secs] 
1224.927: [GC (Allocation Failure) [PSYoungGen: 48512K->1376K(48640K)] 405006K->357870K(564736K), 0.0025431 secs] [Times: user=0.01 sys=0.00, real=0.00 secs] 
1225.295: [GC (Allocation Failure) [PSYoungGen: 48480K->1408K(48640K)] 404974K->357902K(564736K), 0.0026240 secs] [Times: user=0.01 sys=0.00, real=0.00 secs] 
1225.757: [GC (Allocation Failure) [PSYoungGen: 48512K->1376K(48640K)] 405006K->357870K(564736K), 0.0025901 secs] [Times: user=0.01 sys=0.00, real=0.00 secs] 
1226.220: [GC (Allocation Failure) [PSYoungGen: 47537K->320K(48640K)] 404031K->356846K(564736K), 0.0030350 secs] [Times: user=0.01 sys=0.00, real=0.01 secs] 
1227.080: [GC (Allocation Failure) [PSYoungGen: 47424K->1408K(49152K)] 403950K->357934K(565248K), 0.0029474 secs] [Times: user=0.01 sys=0.00, real=0.01 secs] 
1227.450: [GC (Allocation Failure) [PSYoungGen: 48512K->1344K(49152K)] 405038K->357870K(565248K), 0.0034177 secs] [Times: user=0.01 sys=0.00, real=0.01 secs] 
1227.878: [GC (Allocation Failure) [PSYoungGen: 48448K->1376K(49152K)] 404974K->357910K(565248K), 0.0033159 secs] [Times: user=0.01 sys=0.00, real=0.00 secs] 
1228.300: [GC (Allocation Failure) [PSYoungGen: 48480K->1360K(49152K)] 405014K->357894K(565248K), 0.0022206 secs] [Times: user=0.00 sys=0.00, real=0.01 secs] 
1228.735: [GC (Allocation Failure) [PSYoungGen: 48464K->1376K(49152K)] 404998K->357910K(565248K), 0.0021941 secs] [Times: user=0.01 sys=0.00, real=0.00 secs] 
1229.191: [GC (Allocation Failure) [PSYoungGen: 48480K->1376K(49152K)] 405014K->357910K(565248K), 0.0025380 secs] [Times: user=0.01 sys=0.00, real=0.01 secs] 
1230.062: [GC (Allocation Failure) [PSYoungGen: 48480K->1440K(49152K)] 405014K->357974K(565248K), 0.0020616 secs] [Times: user=0.01 sys=0.00, real=0.00 secs] 
1230.266: [GC (Allocation Failure) [PSYoungGen: 48544K->1344K(49152K)] 405078K->357878K(565248K), 0.0027423 secs] [Times: user=0.01 sys=0.00, real=0.00 secs] 
1230.553: [GC (Allocation Failure) [PSYoungGen: 48448K->1344K(49152K)] 404982K->357878K(565248K), 0.0022231 secs] [Times: user=0.01 sys=0.00, real=0.00 secs] 
1230.941: [GC (Allocation Failure) [PSYoungGen: 48448K->1376K(49152K)] 404982K->357918K(565248K), 0.0021273 secs] [Times: user=0.01 sys=0.00, real=0.01 secs] 
1231.292: [GC (Allocation Failure) [PSYoungGen: 48480K->1408K(49152K)] 405022K->357950K(565248K), 0.0022506 secs] [Times: user=0.01 sys=0.00, real=0.00 secs] 
1231.688: [GC (Allocation Failure) [PSYoungGen: 48512K->1408K(49152K)] 405054K->357950K(565248K), 0.0044182 secs] [Times: user=0.02 sys=0.00, real=0.01 secs] 
1232.541: [GC (Allocation Failure) [PSYoungGen: 48512K->1405K(49152K)] 405054K->357947K(565248K), 0.0015321 secs] [Times: user=0.01 sys=0.00, real=0.01 secs] 
1233.101: [GC (Allocation Failure) [PSYoungGen: 48509K->1376K(49152K)] 405051K->357918K(565248K), 0.0024641 secs] [Times: user=0.01 sys=0.00, real=0.01 secs] 
1233.559: [GC (Allocation Failure) [PSYoungGen: 48480K->1376K(49152K)] 405022K->357918K(565248K), 0.0045111 secs] [Times: user=0.02 sys=0.00, real=0.01 secs] 
1234.251: [GC (Allocation Failure) [PSYoungGen: 48480K->1360K(48640K)] 405022K->357902K(564736K), 0.0043951 secs] [Times: user=0.02 sys=0.00, real=0.01 secs] 
1234.823: [GC (Allocation Failure) [PSYoungGen: 48464K->1392K(48640K)] 405006K->357934K(564736K), 0.0032806 secs] [Times: user=0.01 sys=0.00, real=0.00 secs] 
1235.385: [GC (Allocation Failure) [PSYoungGen: 48496K->1392K(48640K)] 405038K->357934K(564736K), 0.0032856 secs] [Times: user=0.01 sys=0.00, real=0.00 secs] 
1236.039: [GC (Allocation Failure) [PSYoungGen: 47551K->320K(48128K)] 404093K->356862K(564224K), 0.0042966 secs] [Times: user=0.02 sys=0.00, real=0.01 secs] 
1236.906: [GC (Allocation Failure) [PSYoungGen: 46912K->1376K(48640K)] 403454K->357934K(564736K), 0.0020606 secs] [Times: user=0.01 sys=0.00, real=0.00 secs] 
1237.415: [GC (Allocation Failure) [PSYoungGen: 47968K->1360K(48640K)] 404526K->357918K(564736K), 0.0035141 secs] [Times: user=0.01 sys=0.00, real=0.00 secs] 
1237.918: [GC (Allocation Failure) [PSYoungGen: 47952K->1376K(48640K)] 404510K->357934K(564736K), 0.0043276 secs] [Times: user=0.02 sys=0.00, real=0.01 secs] 
1238.250: [GC (Allocation Failure) [PSYoungGen: 47968K->1440K(48640K)] 404526K->357998K(564736K), 0.0028594 secs] [Times: user=0.02 sys=0.00, real=0.01 secs] 
1238.643: [GC (Allocation Failure) [PSYoungGen: 48032K->1344K(48640K)] 404590K->357902K(564736K), 0.0031325 secs] [Times: user=0.02 sys=0.00, real=0.00 secs] 
1239.019: [GC (Allocation Failure) [PSYoungGen: 47936K->1376K(48640K)] 404494K->357934K(564736K), 0.0029895 secs] [Times: user=0.01 sys=0.00, real=0.01 secs] 
1239.808: [GC (Allocation Failure) [PSYoungGen: 47968K->1376K(48640K)] 404526K->357942K(564736K), 0.0019726 secs] [Times: user=0.01 sys=0.00, real=0.00 secs] 
1240.056: [GC (Allocation Failure) [PSYoungGen: 47968K->1408K(48640K)] 404534K->357974K(564736K), 0.0019512 secs] [Times: user=0.00 sys=0.00, real=0.00 secs] 
1240.250: [GC (Allocation Failure) [PSYoungGen: 48000K->1424K(48640K)] 404566K->357990K(564736K), 0.0019320 secs] [Times: user=0.00 sys=0.00, real=0.01 secs] 
1240.607: [GC (Allocation Failure) [PSYoungGen: 48016K->1408K(48640K)] 404582K->357982K(564736K), 0.0019570 secs] [Times: user=0.00 sys=0.00, real=0.00 secs] 
1241.015: [GC (Allocation Failure) [PSYoungGen: 48000K->1376K(48640K)] 404574K->357950K(564736K), 0.0023981 secs] [Times: user=0.00 sys=0.00, real=0.00 secs] 
1241.358: [GC (Allocation Failure) [PSYoungGen: 47968K->1376K(48640K)] 404542K->357950K(564736K), 0.0019179 secs] [Times: user=0.01 sys=0.00, real=0.00 secs] 
1241.898: [GC (Allocation Failure) [PSYoungGen: 47968K->1421K(48640K)] 404542K->357995K(564736K), 0.0015151 secs] [Times: user=0.00 sys=0.00, real=0.00 secs] 
1242.506: [GC (Allocation Failure) [PSYoungGen: 48013K->1440K(48640K)] 404587K->358022K(564736K), 0.0019765 secs] [Times: user=0.01 sys=0.00, real=0.00 secs] 
1242.709: [GC (Allocation Failure) [PSYoungGen: 48032K->1376K(48640K)] 404614K->357958K(564736K), 0.0021451 secs] [Times: user=0.01 sys=0.00, real=0.01 secs] 
1242.918: [GC (Allocation Failure) [PSYoungGen: 47968K->1440K(48640K)] 404550K->358022K(564736K), 0.0019427 secs] [Times: user=0.01 sys=0.00, real=0.00 secs] 
1243.124: [GC (Allocation Failure) [PSYoungGen: 48032K->1440K(48640K)] 404614K->358022K(564736K), 0.0019836 secs] [Times: user=0.01 sys=0.00, real=0.00 secs] 
1243.547: [GC (Allocation Failure) [PSYoungGen: 48032K->1376K(48640K)] 404614K->357958K(564736K), 0.0018716 secs] [Times: user=0.01 sys=0.00, real=0.00 secs] 
1243.894: [GC (Allocation Failure) [PSYoungGen: 47968K->1376K(48640K)] 404550K->357958K(564736K), 0.0019308 secs] [Times: user=0.01 sys=0.00, real=0.00 secs] 
1244.663: [GC (Allocation Failure) [PSYoungGen: 47968K->1440K(48640K)] 404550K->358046K(564736K), 0.0019590 secs] [Times: user=0.01 sys=0.00, real=0.00 secs] 
1245.076: [GC (Allocation Failure) [PSYoungGen: 48032K->1392K(48640K)] 404638K->357998K(564736K), 0.0018989 secs] [Times: user=0.01 sys=0.00, real=0.00 secs] 
1245.279: [GC (Allocation Failure) [PSYoungGen: 47984K->1440K(48640K)] 404590K->358054K(564736K), 0.0019342 secs] [Times: user=0.00 sys=0.00, real=0.00 secs] 
1245.479: [GC (Allocation Failure) [PSYoungGen: 48032K->1408K(48640K)] 404646K->358022K(564736K), 0.0032582 secs] [Times: user=0.02 sys=0.00, real=0.01 secs] 
1245.673: [GC (Allocation Failure) [PSYoungGen: 48000K->1424K(48128K)] 404614K->358038K(564224K), 0.0021270 secs] [Times: user=0.01 sys=0.00, real=0.00 secs] 
1245.874: [GC (Allocation Failure) [PSYoungGen: 48016K->1408K(48128K)] 404630K->358022K(564224K), 0.0023104 secs] [Times: user=0.01 sys=0.00, real=0.00 secs] 
1246.576: [GC (Allocation Failure) [PSYoungGen: 48000K->416K(47616K)] 404614K->358054K(563712K), 0.0018835 secs] [Times: user=0.01 sys=0.00, real=0.00 secs] 
1246.947: [GC (Allocation Failure) [PSYoungGen: 47008K->384K(48640K)] 404646K->358030K(564736K), 0.0018327 secs] [Times: user=0.00 sys=0.00, real=0.00 secs] 
1247.342: [GC (Allocation Failure) [PSYoungGen: 46976K->384K(48640K)] 404622K->358030K(564736K), 0.0020730 secs] [Times: user=0.00 sys=0.00, real=0.00 secs] 
1247.752: [GC (Allocation Failure) [PSYoungGen: 46976K->320K(48640K)] 404622K->357966K(564736K), 0.0037228 secs] [Times: user=0.02 sys=0.00, real=0.00 secs] 
1248.072: [GC (Allocation Failure) [PSYoungGen: 46912K->352K(48640K)] 404558K->357998K(564736K), 0.0024937 secs] [Times: user=0.01 sys=0.00, real=0.00 secs] 
1248.434: [GC (Allocation Failure) [PSYoungGen: 46944K->416K(48640K)] 404590K->358062K(564736K), 0.0034258 secs] [Times: user=0.01 sys=0.00, real=0.00 secs] 
1248.805: [GC (Allocation Failure) [PSYoungGen: 46107K->352K(48640K)] 403753K->357998K(564736K), 0.0028227 secs] [Times: user=0.01 sys=0.01, real=0.00 secs] 
1249.708: [GC (Allocation Failure) [PSYoungGen: 46944K->1408K(48640K)] 404590K->359054K(564736K), 0.0023652 secs] [Times: user=0.01 sys=0.00, real=0.00 secs] 
1250.326: [GC (Allocation Failure) [PSYoungGen: 48000K->1408K(49152K)] 405646K->359054K(565248K), 0.0025311 secs] [Times: user=0.02 sys=0.00, real=0.00 secs] 
1250.967: [GC (Allocation Failure) [PSYoungGen: 48000K->1376K(49152K)] 405646K->359046K(565248K), 0.0046267 secs] [Times: user=0.02 sys=0.00, real=0.01 secs] 
1251.349: [GC (Allocation Failure) [PSYoungGen: 47968K->1344K(49152K)] 405638K->359014K(565248K), 0.0029253 secs] [Times: user=0.01 sys=0.00, real=0.01 secs] 
1251.559: [GC (Allocation Failure) [PSYoungGen: 47936K->1392K(49152K)] 405606K->359062K(565248K), 0.0020487 secs] [Times: user=0.01 sys=0.00, real=0.00 secs] 
1251.760: [GC (Allocation Failure) [PSYoungGen: 47984K->1360K(49152K)] 405654K->359030K(565248K), 0.0020439 secs] [Times: user=0.01 sys=0.00, real=0.01 secs] 
1252.469: [GC (Allocation Failure) [PSYoungGen: 47952K->1344K(49152K)] 405622K->359022K(565248K), 0.0020022 secs] [Times: user=0.01 sys=0.00, real=0.00 secs] 
1252.899: [GC (Allocation Failure) [PSYoungGen: 47936K->1376K(49152K)] 405614K->359062K(565248K), 0.0020807 secs] [Times: user=0.01 sys=0.00, real=0.00 secs] 
1253.283: [GC (Allocation Failure) [PSYoungGen: 47968K->1360K(49152K)] 405654K->359046K(565248K), 0.0020035 secs] [Times: user=0.01 sys=0.00, real=0.00 secs] 
1253.609: [GC (Allocation Failure) [PSYoungGen: 47952K->1408K(49152K)] 405638K->359094K(565248K), 0.0028550 secs] [Times: user=0.02 sys=0.00, real=0.01 secs] 
1253.814: [GC (Allocation Failure) [PSYoungGen: 48000K->1392K(49152K)] 405686K->359078K(565248K), 0.0021888 secs] [Times: user=0.01 sys=0.00, real=0.00 secs] 
1254.126: [GC (Allocation Failure) [PSYoungGen: 47984K->1408K(49152K)] 405670K->359094K(565248K), 0.0020109 secs] [Times: user=0.00 sys=0.00, real=0.00 secs] 
1254.799: [GC (Allocation Failure) [PSYoungGen: 48000K->1341K(48128K)] 405686K->359027K(564224K), 0.0015502 secs] [Times: user=0.00 sys=0.00, real=0.00 secs] 
1255.529: [GC (Allocation Failure) [PSYoungGen: 47933K->1408K(48640K)] 405619K->359094K(564736K), 0.0043006 secs] [Times: user=0.02 sys=0.00, real=0.01 secs] 
1255.938: [GC (Allocation Failure) [PSYoungGen: 48000K->1344K(48640K)] 405686K->359054K(564736K), 0.0033715 secs] [Times: user=0.01 sys=0.01, real=0.00 secs] 
1256.329: [GC (Allocation Failure) [PSYoungGen: 47936K->1408K(48640K)] 405646K->359118K(564736K), 0.0033674 secs] [Times: user=0.02 sys=0.00, real=0.01 secs] 
1256.596: [GC (Allocation Failure) [PSYoungGen: 48000K->1376K(48640K)] 405710K->359086K(564736K), 0.0021966 secs] [Times: user=0.01 sys=0.00, real=0.00 secs] 
1256.799: [GC (Allocation Failure) [PSYoungGen: 47968K->1376K(48640K)] 405678K->359086K(564736K), 0.0020723 secs] [Times: user=0.01 sys=0.00, real=0.00 secs] 
1256.992: [GC (Allocation Failure) [PSYoungGen: 47968K->1376K(48640K)] 405678K->359086K(564736K), 0.0020000 secs] [Times: user=0.00 sys=0.00, real=0.00 secs] 
1257.695: [GC (Allocation Failure) [PSYoungGen: 47968K->1440K(48640K)] 405678K->359150K(564736K), 0.0019073 secs] [Times: user=0.01 sys=0.00, real=0.00 secs] 
1257.923: [GC (Allocation Failure) [PSYoungGen: 48032K->1408K(48640K)] 405742K->359118K(564736K), 0.0019413 secs] [Times: user=0.01 sys=0.00, real=0.00 secs] 
1258.117: [GC (Allocation Failure) [PSYoungGen: 48000K->1408K(48640K)] 405710K->359126K(564736K), 0.0020465 secs] [Times: user=0.01 sys=0.00, real=0.00 secs] 
1258.311: [GC (Allocation Failure) [PSYoungGen: 48000K->1376K(48640K)] 405718K->359094K(564736K), 0.0020210 secs] [Times: user=0.01 sys=0.00, real=0.01 secs] 
1258.536: [GC (Allocation Failure) [PSYoungGen: 47968K->1424K(48640K)] 405686K->359142K(564736K), 0.0022195 secs] [Times: user=0.01 sys=0.00, real=0.00 secs] 
1258.749: [GC (Allocation Failure) [PSYoungGen: 48016K->1344K(48640K)] 405734K->359070K(564736K), 0.0020708 secs] [Times: user=0.01 sys=0.00, real=0.00 secs] 
1259.465: [GC (Allocation Failure) [PSYoungGen: 47936K->1600K(48640K)] 405662K->359326K(564736K), 0.0016885 secs] [Times: user=0.01 sys=0.00, real=0.00 secs] 
1259.683: [GC (Allocation Failure) [PSYoungGen: 48192K->1408K(48640K)] 405918K->359134K(564736K), 0.0018743 secs] [Times: user=0.01 sys=0.00, real=0.00 secs] 
1259.927: [GC (Allocation Failure) [PSYoungGen: 48000K->1376K(48640K)] 405726K->359102K(564736K), 0.0018361 secs] [Times: user=0.01 sys=0.00, real=0.00 secs] 
1260.128: [GC (Allocation Failure) [PSYoungGen: 47968K->1424K(48640K)] 405694K->359150K(564736K), 0.0019153 secs] [Times: user=0.01 sys=0.00, real=0.00 secs] 
1260.322: [GC (Allocation Failure) [PSYoungGen: 48016K->1408K(48640K)] 405742K->359134K(564736K), 0.0018004 secs] [Times: user=0.01 sys=0.00, real=0.00 secs] 
1260.515: [GC (Allocation Failure) [PSYoungGen: 48000K->1440K(48640K)] 405726K->359166K(564736K), 0.0019929 secs] [Times: user=0.01 sys=0.00, real=0.00 secs] 
1260.935: [GC (Allocation Failure) [PSYoungGen: 48032K->1405K(48640K)] 405758K->359139K(564736K), 0.0019415 secs] [Times: user=0.00 sys=0.00, real=0.00 secs] 
1261.783: [GC (Allocation Failure) [PSYoungGen: 47997K->1440K(48640K)] 405731K->359174K(564736K), 0.0053032 secs] [Times: user=0.02 sys=0.00, real=0.00 secs] 
1262.210: [GC (Allocation Failure) [PSYoungGen: 48032K->1408K(48640K)] 405766K->359142K(564736K), 0.0022696 secs] [Times: user=0.01 sys=0.00, real=0.01 secs] 
1262.409: [GC (Allocation Failure) [PSYoungGen: 48000K->1408K(48640K)] 405734K->359142K(564736K), 0.0020506 secs] [Times: user=0.01 sys=0.00, real=0.00 secs] 
1262.707: [GC (Allocation Failure) [PSYoungGen: 48000K->1408K(48640K)] 405734K->359142K(564736K), 0.0033555 secs] [Times: user=0.01 sys=0.00, real=0.00 secs] 
1263.039: [GC (Allocation Failure) [PSYoungGen: 48000K->1360K(48640K)] 405734K->359094K(564736K), 0.0031499 secs] [Times: user=0.01 sys=0.00, real=0.01 secs] 
1263.525: [GC (Allocation Failure) [PSYoungGen: 47952K->1408K(48640K)] 405686K->359166K(564736K), 0.0023584 secs] [Times: user=0.01 sys=0.00, real=0.00 secs] 
1264.402: [GC (Allocation Failure) [PSYoungGen: 48000K->1440K(48640K)] 405758K->359198K(564736K), 0.0018815 secs] [Times: user=0.00 sys=0.00, real=0.00 secs] 
1264.785: [GC (Allocation Failure) [PSYoungGen: 48032K->1376K(48640K)] 405790K->359134K(564736K), 0.0019180 secs] [Times: user=0.00 sys=0.00, real=0.00 secs] 
1265.083: [GC (Allocation Failure) [PSYoungGen: 47968K->1376K(48128K)] 405726K->359134K(564224K), 0.0020883 secs] [Times: user=0.01 sys=0.00, real=0.00 secs] 
1265.472: [GC (Allocation Failure) [PSYoungGen: 47968K->1376K(48128K)] 405726K->359134K(564224K), 0.0020879 secs] [Times: user=0.01 sys=0.00, real=0.00 secs] 
1265.944: [GC (Allocation Failure) [PSYoungGen: 47968K->1392K(48128K)] 405726K->359150K(564224K), 0.0023197 secs] [Times: user=0.01 sys=0.00, real=0.00 secs] 
1266.427: [GC (Allocation Failure) [PSYoungGen: 47984K->1344K(48128K)] 405742K->359102K(564224K), 0.0020880 secs] [Times: user=0.01 sys=0.00, real=0.00 secs] 
1267.241: [GC (Allocation Failure) [PSYoungGen: 47936K->1373K(48128K)] 405694K->359131K(564224K), 0.0014962 secs] [Times: user=0.00 sys=0.00, real=0.01 secs] 
1267.605: [GC (Allocation Failure) [PSYoungGen: 47965K->1440K(48128K)] 405723K->359198K(564224K), 0.0019055 secs] [Times: user=0.00 sys=0.00, real=0.00 secs] 
1267.827: [GC (Allocation Failure) [PSYoungGen: 48032K->1376K(48128K)] 405790K->359134K(564224K), 0.0019810 secs] [Times: user=0.00 sys=0.00, real=0.00 secs] 
1268.041: [GC (Allocation Failure) [PSYoungGen: 47968K->1408K(48128K)] 405726K->359174K(564224K), 0.0019670 secs] [Times: user=0.01 sys=0.00, real=0.01 secs] 
1268.278: [GC (Allocation Failure) [PSYoungGen: 48000K->1408K(48128K)] 405766K->359174K(564224K), 0.0019557 secs] [Times: user=0.01 sys=0.00, real=0.00 secs] 
1268.694: [GC (Allocation Failure) [PSYoungGen: 48000K->1376K(48128K)] 405766K->359142K(564224K), 0.0023368 secs] [Times: user=0.01 sys=0.00, real=0.00 secs] 
1268.921: [GC (Allocation Failure) [PSYoungGen: 47968K->1392K(48128K)] 405734K->359158K(564224K), 0.0021213 secs] [Times: user=0.01 sys=0.00, real=0.01 secs] 
1269.589: [GC (Allocation Failure) [PSYoungGen: 47984K->1392K(48128K)] 405750K->359158K(564224K), 0.0018590 secs] [Times: user=0.01 sys=0.00, real=0.00 secs] 
1269.787: [GC (Allocation Failure) [PSYoungGen: 47984K->1376K(48128K)] 405750K->359142K(564224K), 0.0020134 secs] [Times: user=0.01 sys=0.00, real=0.00 secs] 
1269.980: [GC (Allocation Failure) [PSYoungGen: 47968K->1376K(48128K)] 405734K->359142K(564224K), 0.0018483 secs] [Times: user=0.00 sys=0.00, real=0.01 secs] 
1270.174: [GC (Allocation Failure) [PSYoungGen: 47968K->1376K(48128K)] 405734K->359142K(564224K), 0.0017510 secs] [Times: user=0.01 sys=0.00, real=0.00 secs] 
1270.367: [GC (Allocation Failure) [PSYoungGen: 47968K->1408K(48128K)] 405734K->359174K(564224K), 0.0019568 secs] [Times: user=0.01 sys=0.00, real=0.00 secs] 
1270.561: [GC (Allocation Failure) [PSYoungGen: 48000K->1344K(48128K)] 405766K->359110K(564224K), 0.0018666 secs] [Times: user=0.01 sys=0.00, real=0.01 secs] 
1271.422: [GC (Allocation Failure) [PSYoungGen: 47936K->1456K(48128K)] 405702K->359734K(564224K), 0.0022062 secs] [Times: user=0.01 sys=0.00, real=0.00 secs] 
1272.188: [GC (Allocation Failure) [PSYoungGen: 48048K->1392K(48128K)] 406326K->359670K(564224K), 0.0024114 secs] [Times: user=0.02 sys=0.00, real=0.00 secs] 
1272.859: [GC (Allocation Failure) [PSYoungGen: 47984K->1376K(48128K)] 406262K->359654K(564224K), 0.0029392 secs] [Times: user=0.01 sys=0.00, real=0.01 secs] 
1273.248: [GC (Allocation Failure) [PSYoungGen: 47968K->1360K(48128K)] 406246K->359646K(564224K), 0.0026626 secs] [Times: user=0.01 sys=0.00, real=0.00 secs] 
1273.556: [GC (Allocation Failure) [PSYoungGen: 47952K->1376K(48128K)] 406238K->359662K(564224K), 0.0020209 secs] [Times: user=0.01 sys=0.00, real=0.00 secs] 
1273.753: [GC (Allocation Failure) [PSYoungGen: 47968K->1392K(48128K)] 406254K->359678K(564224K), 0.0021491 secs] [Times: user=0.01 sys=0.00, real=0.00 secs] 
1274.142: [GC (Allocation Failure) [PSYoungGen: 47984K->1373K(48128K)] 406270K->359659K(564224K), 0.0015488 secs] [Times: user=0.01 sys=0.00, real=0.00 secs] 
1274.865: [GC (Allocation Failure) [PSYoungGen: 47965K->1408K(48128K)] 406251K->359710K(564224K), 0.0020287 secs] [Times: user=0.01 sys=0.00, real=0.00 secs] 
1275.309: [GC (Allocation Failure) [PSYoungGen: 48000K->1328K(48128K)] 406302K->359630K(564224K), 0.0021119 secs] [Times: user=0.01 sys=0.00, real=0.00 secs] 
1275.733: [GC (Allocation Failure) [PSYoungGen: 47920K->1376K(48128K)] 406222K->359678K(564224K), 0.0020337 secs] [Times: user=0.01 sys=0.00, real=0.00 secs] 
1276.016: [GC (Allocation Failure) [PSYoungGen: 47968K->1344K(48128K)] 406270K->359646K(564224K), 0.0025972 secs] [Times: user=0.01 sys=0.00, real=0.00 secs] 
1276.216: [GC (Allocation Failure) [PSYoungGen: 47936K->1392K(48128K)] 406238K->359694K(564224K), 0.0020147 secs] [Times: user=0.01 sys=0.00, real=0.00 secs] 
1276.410: [GC (Allocation Failure) [PSYoungGen: 47984K->1408K(48128K)] 406286K->359710K(564224K), 0.0020029 secs] [Times: user=0.01 sys=0.00, real=0.01 secs] 
1277.469: [GC (Allocation Failure) [PSYoungGen: 48000K->1440K(48128K)] 406302K->359742K(564224K), 0.0026935 secs] [Times: user=0.01 sys=0.00, real=0.01 secs] 
1278.459: [GC (Allocation Failure) [PSYoungGen: 48032K->1344K(48128K)] 406334K->359646K(564224K), 0.0037261 secs] [Times: user=0.01 sys=0.00, real=0.01 secs] 
1279.147: [GC (Allocation Failure) [PSYoungGen: 47936K->1376K(48128K)] 406238K->359678K(564224K), 0.0043592 secs] [Times: user=0.02 sys=0.00, real=0.01 secs] 
1279.724: [GC (Allocation Failure) [PSYoungGen: 47968K->1360K(48128K)] 406270K->359662K(564224K), 0.0041777 secs] [Times: user=0.01 sys=0.00, real=0.00 secs] 
1280.178: [GC (Allocation Failure) [PSYoungGen: 47952K->1408K(48128K)] 406254K->359710K(564224K), 0.0034798 secs] [Times: user=0.01 sys=0.00, real=0.01 secs] 
1280.572: [GC (Allocation Failure) [PSYoungGen: 48000K->1344K(48128K)] 406302K->359646K(564224K), 0.0027548 secs] [Times: user=0.01 sys=0.00, real=0.00 secs] 
1281.271: [GC (Allocation Failure) [PSYoungGen: 47936K->1373K(48128K)] 406238K->359675K(564224K), 0.0015252 secs] [Times: user=0.00 sys=0.00, real=0.01 secs] 
1282.419: [GC (Allocation Failure) [PSYoungGen: 47965K->1344K(48128K)] 406267K->359646K(564224K), 0.0036553 secs] [Times: user=0.02 sys=0.00, real=0.01 secs] 
1283.153: [GC (Allocation Failure) [PSYoungGen: 47936K->1376K(48128K)] 406238K->359678K(564224K), 0.0035819 secs] [Times: user=0.01 sys=0.00, real=0.00 secs] 
1283.888: [GC (Allocation Failure) [PSYoungGen: 47968K->1392K(48128K)] 406270K->359694K(564224K), 0.0035762 secs] [Times: user=0.02 sys=0.01, real=0.00 secs] 
1284.302: [GC (Allocation Failure) [PSYoungGen: 47984K->1360K(48128K)] 406286K->359662K(564224K), 0.0028279 secs] [Times: user=0.01 sys=0.00, real=0.00 secs] 
1284.665: [GC (Allocation Failure) [PSYoungGen: 47952K->1408K(48128K)] 406254K->359710K(564224K), 0.0028524 secs] [Times: user=0.02 sys=0.00, real=0.00 secs] 
1285.066: [GC (Allocation Failure) [PSYoungGen: 48000K->1360K(48128K)] 406302K->359662K(564224K), 0.0024140 secs] [Times: user=0.01 sys=0.00, real=0.00 secs] 
1285.753: [GC (Allocation Failure) [PSYoungGen: 47952K->1440K(48128K)] 406254K->359742K(564224K), 0.0018758 secs] [Times: user=0.01 sys=0.00, real=0.00 secs] 
1285.947: [GC (Allocation Failure) [PSYoungGen: 48032K->1376K(48128K)] 406334K->359678K(564224K), 0.0018659 secs] [Times: user=0.00 sys=0.00, real=0.00 secs] 
1286.214: [GC (Allocation Failure) [PSYoungGen: 47968K->1344K(48128K)] 406270K->359646K(564224K), 0.0019769 secs] [Times: user=0.01 sys=0.00, real=0.00 secs] 
1286.524: [GC (Allocation Failure) [PSYoungGen: 47936K->1376K(48128K)] 406238K->359678K(564224K), 0.0020995 secs] [Times: user=0.00 sys=0.00, real=0.00 secs] 
1286.896: [GC (Allocation Failure) [PSYoungGen: 47968K->1376K(48128K)] 406270K->359694K(564224K), 0.0020388 secs] [Times: user=0.01 sys=0.00, real=0.00 secs] 
1287.255: [GC (Allocation Failure) [PSYoungGen: 47968K->1312K(48128K)] 406286K->359630K(564224K), 0.0021205 secs] [Times: user=0.01 sys=0.00, real=0.00 secs] 
1288.061: [GC (Allocation Failure) [PSYoungGen: 47904K->1504K(48128K)] 406222K->359918K(564224K), 0.0020685 secs] [Times: user=0.00 sys=0.00, real=0.01 secs] 
1288.653: [GC (Allocation Failure) [PSYoungGen: 48096K->1504K(48128K)] 406510K->359934K(564224K), 0.0022519 secs] [Times: user=0.01 sys=0.00, real=0.00 secs] 
1289.073: [GC (Allocation Failure) [PSYoungGen: 48096K->1552K(48640K)] 406526K->359982K(564736K), 0.0040826 secs] [Times: user=0.02 sys=0.00, real=0.00 secs] 
1289.393: [GC (Allocation Failure) [PSYoungGen: 48144K->1568K(48640K)] 406574K->359998K(564736K), 0.0024651 secs] [Times: user=0.01 sys=0.00, real=0.00 secs] 
1289.613: [GC (Allocation Failure) [PSYoungGen: 48160K->1504K(48640K)] 406590K->359934K(564736K), 0.0021966 secs] [Times: user=0.01 sys=0.00, real=0.00 secs] 
1289.812: [GC (Allocation Failure) [PSYoungGen: 48096K->1552K(48640K)] 406526K->359982K(564736K), 0.0032169 secs] [Times: user=0.01 sys=0.00, real=0.00 secs] 
1290.257: [GC (Allocation Failure) [PSYoungGen: 48144K->1597K(48640K)] 406574K->360027K(564736K), 0.0016163 secs] [Times: user=0.00 sys=0.00, real=0.00 secs] 
1292.169: [GC (Allocation Failure) [PSYoungGen: 48189K->1840K(48640K)] 406619K->360270K(564736K), 0.0044331 secs] [Times: user=0.02 sys=0.00, real=0.01 secs] 
1292.802: [GC (Allocation Failure) [PSYoungGen: 48432K->1824K(48640K)] 406862K->360254K(564736K), 0.0036292 secs] [Times: user=0.01 sys=0.00, real=0.00 secs] 
1293.403: [GC (Allocation Failure) [PSYoungGen: 48416K->1824K(48640K)] 406846K->360254K(564736K), 0.0033057 secs] [Times: user=0.02 sys=0.00, real=0.00 secs] 
1294.046: [GC (Allocation Failure) [PSYoungGen: 48416K->1837K(48640K)] 406846K->360267K(564736K), 0.0033487 secs] [Times: user=0.02 sys=0.00, real=0.00 secs] 
1294.525: [GC (Allocation Failure) [PSYoungGen: 48429K->1824K(48640K)] 406859K->360254K(564736K), 0.0028113 secs] [Times: user=0.01 sys=0.00, real=0.00 secs] 
1294.979: [GC (Allocation Failure) [PSYoungGen: 48416K->1773K(49152K)] 406846K->360203K(565248K), 0.0042883 secs] [Times: user=0.01 sys=0.01, real=0.01 secs] 
1296.128: [GC (Allocation Failure) [PSYoungGen: 48365K->1856K(49152K)] 406795K->360286K(565248K), 0.0021870 secs] [Times: user=0.00 sys=0.00, real=0.00 secs] 
1297.173: [GC (Allocation Failure) [PSYoungGen: 48448K->1773K(49152K)] 406878K->360203K(565248K), 0.0044346 secs] [Times: user=0.02 sys=0.00, real=0.00 secs] 
1297.789: [GC (Allocation Failure) [PSYoungGen: 48365K->1373K(49152K)] 406795K->360219K(565248K), 0.0039422 secs] [Times: user=0.02 sys=0.00, real=0.01 secs] 
1298.070: [GC (Allocation Failure) [PSYoungGen: 47965K->1376K(49152K)] 406811K->360238K(565248K), 0.0021159 secs] [Times: user=0.01 sys=0.00, real=0.01 secs] 
1298.259: [GC (Allocation Failure) [PSYoungGen: 47968K->1344K(49152K)] 406830K->360206K(565248K), 0.0022193 secs] [Times: user=0.01 sys=0.00, real=0.00 secs] 
1298.453: [GC (Allocation Failure) [PSYoungGen: 47936K->1408K(49152K)] 406798K->360270K(565248K), 0.0021015 secs] [Times: user=0.01 sys=0.00, real=0.00 secs] 
1298.999: [GC (Allocation Failure) [PSYoungGen: 48000K->1402K(49152K)] 406862K->360264K(565248K), 0.0014700 secs] [Times: user=0.01 sys=0.00, real=0.00 secs] 
1300.839: [GC (Allocation Failure) [PSYoungGen: 47994K->1437K(48128K)] 406856K->360299K(564224K), 0.0043277 secs] [Times: user=0.01 sys=0.00, real=0.01 secs] 
1301.895: [GC (Allocation Failure) [PSYoungGen: 48029K->1392K(48640K)] 406891K->360291K(564736K), 0.0043379 secs] [Times: user=0.01 sys=0.00, real=0.00 secs] 
1302.333: [GC (Allocation Failure) [PSYoungGen: 47984K->1360K(48640K)] 406883K->360283K(564736K), 0.0024846 secs] [Times: user=0.01 sys=0.00, real=0.00 secs] 
1302.936: [GC (Allocation Failure) [PSYoungGen: 47952K->1376K(48640K)] 406875K->360299K(564736K), 0.0029967 secs] [Times: user=0.01 sys=0.00, real=0.00 secs] 
1303.430: [GC (Allocation Failure) [PSYoungGen: 47968K->1376K(48640K)] 406891K->360299K(564736K), 0.0030050 secs] [Times: user=0.01 sys=0.01, real=0.01 secs] 
1304.008: [GC (Allocation Failure) [PSYoungGen: 47968K->1408K(48640K)] 406891K->360331K(564736K), 0.0042531 secs] [Times: user=0.01 sys=0.00, real=0.01 secs] 
1304.797: [GC (Allocation Failure) [PSYoungGen: 48000K->1408K(48640K)] 406923K->360331K(564736K), 0.0022072 secs] [Times: user=0.01 sys=0.00, real=0.00 secs] 
1305.119: [GC (Allocation Failure) [PSYoungGen: 48000K->1376K(48640K)] 406923K->360299K(564736K), 0.0028198 secs] [Times: user=0.02 sys=0.00, real=0.01 secs] 
1305.534: [GC (Allocation Failure) [PSYoungGen: 47968K->1376K(48640K)] 406891K->360299K(564736K), 0.0022918 secs] [Times: user=0.01 sys=0.00, real=0.00 secs] 
1305.955: [GC (Allocation Failure) [PSYoungGen: 47968K->1344K(48640K)] 406891K->360267K(564736K), 0.0026110 secs] [Times: user=0.01 sys=0.00, real=0.00 secs] 
1306.340: [GC (Allocation Failure) [PSYoungGen: 47936K->1376K(48640K)] 406859K->360299K(564736K), 0.0026326 secs] [Times: user=0.01 sys=0.00, real=0.01 secs] 
1306.721: [GC (Allocation Failure) [PSYoungGen: 47968K->1376K(48640K)] 406891K->360299K(564736K), 0.0022109 secs] [Times: user=0.01 sys=0.00, real=0.01 secs] 
1307.617: [GC (Allocation Failure) [PSYoungGen: 47968K->1984K(48640K)] 406891K->361419K(564736K), 0.0021274 secs] [Times: user=0.01 sys=0.00, real=0.00 secs] 
1308.447: [GC (Allocation Failure) [PSYoungGen: 48576K->1424K(48640K)] 408011K->360859K(564736K), 0.0036527 secs] [Times: user=0.02 sys=0.00, real=0.00 secs] 
1308.968: [GC (Allocation Failure) [PSYoungGen: 48016K->1344K(48640K)] 407451K->360787K(564736K), 0.0030549 secs] [Times: user=0.01 sys=0.00, real=0.00 secs] 
1309.507: [GC (Allocation Failure) [PSYoungGen: 47936K->1392K(48640K)] 407379K->360843K(564736K), 0.0036981 secs] [Times: user=0.01 sys=0.00, real=0.00 secs] 
1309.890: [GC (Allocation Failure) [PSYoungGen: 47984K->1376K(48640K)] 407435K->360827K(564736K), 0.0036421 secs] [Times: user=0.01 sys=0.00, real=0.01 secs] 
1310.307: [GC (Allocation Failure) [PSYoungGen: 47968K->1408K(48640K)] 407419K->360859K(564736K), 0.0032365 secs] [Times: user=0.02 sys=0.00, real=0.00 secs] 
1310.965: [GC (Allocation Failure) [PSYoungGen: 48000K->1389K(48640K)] 407451K->360840K(564736K), 0.0015188 secs] [Times: user=0.01 sys=0.00, real=0.00 secs] 
1311.465: [GC (Allocation Failure) [PSYoungGen: 47981K->1440K(48640K)] 407432K->360891K(564736K), 0.0019910 secs] [Times: user=0.01 sys=0.00, real=0.00 secs] 
1311.659: [GC (Allocation Failure) [PSYoungGen: 48032K->1408K(48640K)] 407483K->360859K(564736K), 0.0019767 secs] [Times: user=0.00 sys=0.00, real=0.00 secs] 
1311.854: [GC (Allocation Failure) [PSYoungGen: 48000K->1344K(48640K)] 407451K->360795K(564736K), 0.0019244 secs] [Times: user=0.01 sys=0.00, real=0.00 secs] 
1312.220: [GC (Allocation Failure) [PSYoungGen: 47936K->1376K(48640K)] 407387K->360827K(564736K), 0.0021453 secs] [Times: user=0.01 sys=0.00, real=0.01 secs] 
1312.576: [GC (Allocation Failure) [PSYoungGen: 47968K->1376K(48640K)] 407419K->360827K(564736K), 0.0021932 secs] [Times: user=0.01 sys=0.00, real=0.00 secs] 
1312.913: [GC (Allocation Failure) [PSYoungGen: 47968K->1376K(48640K)] 407419K->360827K(564736K), 0.0021121 secs] [Times: user=0.01 sys=0.00, real=0.00 secs] 
1313.818: [GC (Allocation Failure) [PSYoungGen: 47968K->1376K(48640K)] 407419K->360827K(564736K), 0.0022928 secs] [Times: user=0.01 sys=0.00, real=0.00 secs] 
1314.169: [GC (Allocation Failure) [PSYoungGen: 47968K->1408K(48640K)] 407419K->360859K(564736K), 0.0033892 secs] [Times: user=0.01 sys=0.00, real=0.01 secs] 
1314.510: [GC (Allocation Failure) [PSYoungGen: 48000K->1376K(48640K)] 407451K->360827K(564736K), 0.0031775 secs] [Times: user=0.01 sys=0.00, real=0.01 secs] 
1314.868: [GC (Allocation Failure) [PSYoungGen: 47968K->1376K(48640K)] 407419K->360827K(564736K), 0.0032117 secs] [Times: user=0.02 sys=0.00, real=0.00 secs] 
1315.198: [GC (Allocation Failure) [PSYoungGen: 47968K->1376K(48640K)] 407419K->360851K(564736K), 0.0024069 secs] [Times: user=0.01 sys=0.00, real=0.00 secs] 
1315.546: [GC (Allocation Failure) [PSYoungGen: 47968K->1424K(48640K)] 407443K->360899K(564736K), 0.0021408 secs] [Times: user=0.01 sys=0.00, real=0.00 secs] 
1316.279: [GC (Allocation Failure) [PSYoungGen: 48016K->1373K(48640K)] 407491K->360848K(564736K), 0.0015576 secs] [Times: user=0.00 sys=0.00, real=0.00 secs] 
1316.772: [GC (Allocation Failure) [PSYoungGen: 47965K->1408K(48128K)] 407440K->360883K(564224K), 0.0020421 secs] [Times: user=0.01 sys=0.00, real=0.00 secs] 
1317.340: [GC (Allocation Failure) [PSYoungGen: 48000K->1360K(48128K)] 407475K->360835K(564224K), 0.0044551 secs] [Times: user=0.02 sys=0.00, real=0.01 secs] 
1318.058: [GC (Allocation Failure) [PSYoungGen: 47952K->320K(47616K)] 407427K->360819K(563712K), 0.0043449 secs] [Times: user=0.01 sys=0.00, real=0.01 secs] 
1318.726: [GC (Allocation Failure) [PSYoungGen: 46912K->336K(48640K)] 407411K->360835K(564736K), 0.0040015 secs] [Times: user=0.01 sys=0.00, real=0.00 secs] 
1319.362: [GC (Allocation Failure) [PSYoungGen: 46928K->368K(48640K)] 407427K->360867K(564736K), 0.0039913 secs] [Times: user=0.02 sys=0.00, real=0.00 secs] 
1319.821: [GC (Allocation Failure) [PSYoungGen: 46960K->400K(48640K)] 407459K->360899K(564736K), 0.0027982 secs] [Times: user=0.01 sys=0.00, real=0.01 secs] 
1320.527: [GC (Allocation Failure) [PSYoungGen: 46992K->1408K(48640K)] 407491K->361907K(564736K), 0.0020106 secs] [Times: user=0.01 sys=0.00, real=0.00 secs] 
1320.721: [GC (Allocation Failure) [PSYoungGen: 48000K->1344K(48640K)] 408499K->361843K(564736K), 0.0019027 secs] [Times: user=0.00 sys=0.00, real=0.01 secs] 
1320.914: [GC (Allocation Failure) [PSYoungGen: 47936K->1376K(48640K)] 408435K->361875K(564736K), 0.0018264 secs] [Times: user=0.00 sys=0.00, real=0.00 secs] 
1321.108: [GC (Allocation Failure) [PSYoungGen: 47968K->1408K(48640K)] 408467K->361907K(564736K), 0.0019155 secs] [Times: user=0.01 sys=0.01, real=0.00 secs] 
1321.302: [GC (Allocation Failure) [PSYoungGen: 48000K->1408K(48640K)] 408499K->361907K(564736K), 0.0018316 secs] [Times: user=0.01 sys=0.00, real=0.00 secs] 
1321.495: [GC (Allocation Failure) [PSYoungGen: 48000K->1408K(48640K)] 408499K->361907K(564736K), 0.0018471 secs] [Times: user=0.01 sys=0.00, real=0.00 secs] 
1322.134: [GC (Allocation Failure) [PSYoungGen: 48000K->1936K(48128K)] 408499K->362955K(564224K), 0.0018321 secs] [Times: user=0.01 sys=0.00, real=0.00 secs] 
1322.327: [GC (Allocation Failure) [PSYoungGen: 48016K->1408K(48640K)] 409035K->362427K(564736K), 0.0020163 secs] [Times: user=0.01 sys=0.00, real=0.00 secs] 
1322.518: [GC (Allocation Failure) [PSYoungGen: 47488K->1408K(48640K)] 408507K->362427K(564736K), 0.0018306 secs] [Times: user=0.01 sys=0.00, real=0.00 secs] 
1322.788: [GC (Allocation Failure) [PSYoungGen: 47488K->1376K(48640K)] 408507K->362403K(564736K), 0.0020257 secs] [Times: user=0.01 sys=0.00, real=0.00 secs] 
1322.980: [GC (Allocation Failure) [PSYoungGen: 47456K->1376K(47616K)] 408483K->362403K(563712K), 0.0020717 secs] [Times: user=0.01 sys=0.00, real=0.01 secs] 
1323.171: [GC (Allocation Failure) [PSYoungGen: 47456K->1392K(48128K)] 408483K->362419K(564224K), 0.0019565 secs] [Times: user=0.01 sys=0.00, real=0.01 secs] 
1323.466: [GC (Allocation Failure) [PSYoungGen: 47472K->1373K(48128K)] 408499K->362416K(564224K), 0.0016289 secs] [Times: user=0.01 sys=0.00, real=0.00 secs] 
1324.069: [GC (Allocation Failure) [PSYoungGen: 47453K->1424K(48128K)] 408496K->362467K(564224K), 0.0020166 secs] [Times: user=0.01 sys=0.00, real=0.00 secs] 
1324.260: [GC (Allocation Failure) [PSYoungGen: 47504K->1408K(48128K)] 408547K->362451K(564224K), 0.0019550 secs] [Times: user=0.01 sys=0.00, real=0.01 secs] 
1324.693: [GC (Allocation Failure) [PSYoungGen: 47488K->1376K(48128K)] 408531K->362419K(564224K), 0.0021667 secs] [Times: user=0.00 sys=0.00, real=0.00 secs] 
1325.070: [GC (Allocation Failure) [PSYoungGen: 47456K->1376K(48128K)] 408499K->362419K(564224K), 0.0020797 secs] [Times: user=0.01 sys=0.00, real=0.01 secs] 
1325.413: [GC (Allocation Failure) [PSYoungGen: 47456K->1344K(48128K)] 408499K->362387K(564224K), 0.0021568 secs] [Times: user=0.01 sys=0.00, real=0.00 secs] 
1325.742: [GC (Allocation Failure) [PSYoungGen: 47424K->1344K(48128K)] 408467K->362387K(564224K), 0.0021563 secs] [Times: user=0.01 sys=0.00, real=0.00 secs] 
1326.504: [GC (Allocation Failure) [PSYoungGen: 47424K->1456K(48128K)] 408467K->362499K(564224K), 0.0019077 secs] [Times: user=0.01 sys=0.00, real=0.00 secs] 
1326.913: [GC (Allocation Failure) [PSYoungGen: 47536K->1344K(48128K)] 408579K->362387K(564224K), 0.0020088 secs] [Times: user=0.01 sys=0.00, real=0.00 secs] 
1327.397: [GC (Allocation Failure) [PSYoungGen: 47424K->1376K(48128K)] 408467K->362419K(564224K), 0.0019663 secs] [Times: user=0.00 sys=0.00, real=0.00 secs] 
1327.868: [GC (Allocation Failure) [PSYoungGen: 47456K->1376K(48128K)] 408499K->362419K(564224K), 0.0022715 secs] [Times: user=0.01 sys=0.00, real=0.00 secs] 
1328.337: [GC (Allocation Failure) [PSYoungGen: 47456K->1408K(48128K)] 408499K->362451K(564224K), 0.0019672 secs] [Times: user=0.01 sys=0.00, real=0.00 secs] 
1328.747: [GC (Allocation Failure) [PSYoungGen: 47488K->1408K(48128K)] 408531K->362451K(564224K), 0.0023826 secs] [Times: user=0.00 sys=0.00, real=0.00 secs] 
1329.480: [GC (Allocation Failure) [PSYoungGen: 47488K->1373K(48128K)] 408531K->362416K(564224K), 0.0014636 secs] [Times: user=0.01 sys=0.00, real=0.00 secs] 
1330.264: [GC (Allocation Failure) [PSYoungGen: 47453K->1408K(48128K)] 408496K->362451K(564224K), 0.0021840 secs] [Times: user=0.01 sys=0.00, real=0.00 secs] 
1330.792: [GC (Allocation Failure) [PSYoungGen: 47488K->1344K(48128K)] 408531K->362387K(564224K), 0.0042223 secs] [Times: user=0.02 sys=0.00, real=0.00 secs] 
1331.296: [GC (Allocation Failure) [PSYoungGen: 47424K->1392K(48128K)] 408467K->362435K(564224K), 0.0033499 secs] [Times: user=0.01 sys=0.00, real=0.00 secs] 
1331.789: [GC (Allocation Failure) [PSYoungGen: 47472K->1376K(47616K)] 408515K->362419K(563712K), 0.0036996 secs] [Times: user=0.02 sys=0.00, real=0.01 secs] 
1332.162: [GC (Allocation Failure) [PSYoungGen: 47456K->1360K(47616K)] 408499K->362403K(563712K), 0.0028791 secs] [Times: user=0.01 sys=0.00, real=0.00 secs] 
1332.526: [GC (Allocation Failure) [PSYoungGen: 47440K->1376K(47616K)] 408483K->362419K(563712K), 0.0026848 secs] [Times: user=0.01 sys=0.00, real=0.00 secs] 
1333.406: [GC (Allocation Failure) [PSYoungGen: 47456K->1440K(47616K)] 408499K->362483K(563712K), 0.0019078 secs] [Times: user=0.01 sys=0.00, real=0.00 secs] 
1333.853: [GC (Allocation Failure) [PSYoungGen: 47520K->1408K(47616K)] 408563K->362451K(563712K), 0.0019842 secs] [Times: user=0.01 sys=0.00, real=0.00 secs] 
1334.252: [GC (Allocation Failure) [PSYoungGen: 47488K->1376K(47616K)] 408531K->362427K(563712K), 0.0027274 secs] [Times: user=0.01 sys=0.01, real=0.00 secs] 
1334.554: [GC (Allocation Failure) [PSYoungGen: 47456K->1376K(47616K)] 408507K->362427K(563712K), 0.0021532 secs] [Times: user=0.01 sys=0.00, real=0.00 secs] 
1334.746: [GC (Allocation Failure) [PSYoungGen: 47456K->1376K(47616K)] 408507K->362435K(563712K), 0.0020067 secs] [Times: user=0.01 sys=0.00, real=0.00 secs] 
1334.937: [GC (Allocation Failure) [PSYoungGen: 47456K->1392K(47616K)] 408515K->362451K(563712K), 0.0021095 secs] [Times: user=0.01 sys=0.00, real=0.00 secs] 
1335.584: [GC (Allocation Failure) [PSYoungGen: 47472K->1421K(47616K)] 408531K->362480K(563712K), 0.0015238 secs] [Times: user=0.00 sys=0.00, real=0.00 secs] 
1335.973: [GC (Allocation Failure) [PSYoungGen: 47501K->1472K(47616K)] 408560K->362547K(563712K), 0.0019320 secs] [Times: user=0.01 sys=0.00, real=0.00 secs] 
1336.165: [GC (Allocation Failure) [PSYoungGen: 47552K->1376K(47616K)] 408627K->362467K(563712K), 0.0018583 secs] [Times: user=0.01 sys=0.00, real=0.00 secs] 
1336.356: [GC (Allocation Failure) [PSYoungGen: 47456K->1376K(47616K)] 408547K->362467K(563712K), 0.0018506 secs] [Times: user=0.01 sys=0.00, real=0.00 secs] 
1336.548: [GC (Allocation Failure) [PSYoungGen: 47456K->1408K(47616K)] 408547K->362499K(563712K), 0.0019594 secs] [Times: user=0.00 sys=0.00, real=0.00 secs] 
1336.739: [GC (Allocation Failure) [PSYoungGen: 47488K->1344K(47616K)] 408579K->362435K(563712K), 0.0018406 secs] [Times: user=0.01 sys=0.00, real=0.00 secs] 
1336.948: [GC (Allocation Failure) [PSYoungGen: 47424K->1376K(47616K)] 408515K->362467K(563712K), 0.0019500 secs] [Times: user=0.01 sys=0.00, real=0.00 secs] 
1338.058: [GC (Allocation Failure) [PSYoungGen: 47456K->1408K(47616K)] 408547K->362499K(563712K), 0.0032764 secs] [Times: user=0.01 sys=0.00, real=0.01 secs] 
1338.718: [GC (Allocation Failure) [PSYoungGen: 47488K->1360K(47616K)] 408579K->362451K(563712K), 0.0034446 secs] [Times: user=0.01 sys=0.00, real=0.01 secs] 
1339.192: [GC (Allocation Failure) [PSYoungGen: 47440K->1376K(47616K)] 408531K->362467K(563712K), 0.0028017 secs] [Times: user=0.01 sys=0.00, real=0.00 secs] 
1339.505: [GC (Allocation Failure) [PSYoungGen: 47456K->1376K(47616K)] 408547K->362467K(563712K), 0.0025229 secs] [Times: user=0.01 sys=0.00, real=0.00 secs] 
1339.799: [GC (Allocation Failure) [PSYoungGen: 47456K->1408K(47616K)] 408547K->362499K(563712K), 0.0024196 secs] [Times: user=0.01 sys=0.00, real=0.01 secs] 
1340.123: [GC (Allocation Failure) [PSYoungGen: 47488K->1408K(47616K)] 408579K->362499K(563712K), 0.0023582 secs] [Times: user=0.01 sys=0.00, real=0.00 secs] 
1340.926: [GC (Allocation Failure) [PSYoungGen: 47488K->1373K(47616K)] 408579K->362464K(563712K), 0.0015480 secs] [Times: user=0.01 sys=0.00, real=0.00 secs] 
1341.461: [GC (Allocation Failure) [PSYoungGen: 47453K->1408K(47616K)] 408544K->362499K(563712K), 0.0037027 secs] [Times: user=0.02 sys=0.00, real=0.01 secs] 
1341.801: [GC (Allocation Failure) [PSYoungGen: 47488K->1344K(47616K)] 408579K->362435K(563712K), 0.0028892 secs] [Times: user=0.01 sys=0.00, real=0.01 secs] 
1342.185: [GC (Allocation Failure) [PSYoungGen: 47424K->1376K(47616K)] 408515K->362467K(563712K), 0.0023757 secs] [Times: user=0.01 sys=0.00, real=0.00 secs] 
1342.671: [GC (Allocation Failure) [PSYoungGen: 47456K->1376K(47616K)] 408547K->362467K(563712K), 0.0026370 secs] [Times: user=0.01 sys=0.00, real=0.01 secs] 
1343.209: [GC (Allocation Failure) [PSYoungGen: 47456K->1376K(47616K)] 408547K->362467K(563712K), 0.0024368 secs] [Times: user=0.01 sys=0.00, real=0.01 secs] 
1343.729: [GC (Allocation Failure) [PSYoungGen: 47456K->1408K(47616K)] 408547K->362499K(563712K), 0.0038920 secs] [Times: user=0.01 sys=0.01, real=0.01 secs] 
1344.694: [GC (Allocation Failure) [PSYoungGen: 47488K->1408K(47616K)] 408579K->362499K(563712K), 0.0020641 secs] [Times: user=0.01 sys=0.00, real=0.00 secs] 
1345.141: [GC (Allocation Failure) [PSYoungGen: 47488K->1344K(47616K)] 408579K->362435K(563712K), 0.0024835 secs] [Times: user=0.01 sys=0.00, real=0.01 secs] 
1345.531: [GC (Allocation Failure) [PSYoungGen: 47424K->1360K(47616K)] 408515K->362451K(563712K), 0.0042264 secs] [Times: user=0.02 sys=0.00, real=0.01 secs] 
1346.051: [GC (Allocation Failure) [PSYoungGen: 47440K->1376K(47616K)] 408531K->362483K(563712K), 0.0041543 secs] [Times: user=0.02 sys=0.00, real=0.01 secs] 
1346.552: [GC (Allocation Failure) [PSYoungGen: 47456K->1408K(47616K)] 408563K->362515K(563712K), 0.0034104 secs] [Times: user=0.01 sys=0.00, real=0.00 secs] 
1347.085: [GC (Allocation Failure) [PSYoungGen: 47488K->1344K(47616K)] 408595K->362451K(563712K), 0.0032891 secs] [Times: user=0.01 sys=0.00, real=0.00 secs] 
1348.072: [GC (Allocation Failure) [PSYoungGen: 47424K->1344K(47616K)] 408531K->362451K(563712K), 0.0014837 secs] [Times: user=0.01 sys=0.00, real=0.00 secs] 
1348.315: [GC (Allocation Failure) [PSYoungGen: 47424K->1440K(47616K)] 408531K->362547K(563712K), 0.0030209 secs] [Times: user=0.01 sys=0.00, real=0.00 secs] 
1348.510: [GC (Allocation Failure) [PSYoungGen: 47520K->1376K(47616K)] 408627K->362483K(563712K), 0.0024146 secs] [Times: user=0.01 sys=0.00, real=0.01 secs] 
1348.702: [GC (Allocation Failure) [PSYoungGen: 47456K->1408K(47616K)] 408563K->362531K(563712K), 0.0021464 secs] [Times: user=0.01 sys=0.00, real=0.00 secs] 
1348.894: [GC (Allocation Failure) [PSYoungGen: 47488K->1408K(47616K)] 408611K->362531K(563712K), 0.0021848 secs] [Times: user=0.01 sys=0.00, real=0.00 secs] 
1349.085: [GC (Allocation Failure) [PSYoungGen: 47488K->1376K(47616K)] 408611K->362499K(563712K), 0.0019189 secs] [Times: user=0.00 sys=0.00, real=0.00 secs] 
1349.276: [GC (Allocation Failure) [PSYoungGen: 47456K->1408K(47616K)] 408579K->362547K(563712K), 0.0020829 secs] [Times: user=0.01 sys=0.00, real=0.00 secs] 
1349.986: [GC (Allocation Failure) [PSYoungGen: 47488K->1376K(47616K)] 408627K->362515K(563712K), 0.0023724 secs] [Times: user=0.01 sys=0.00, real=0.00 secs] 
1350.178: [GC (Allocation Failure) [PSYoungGen: 47456K->1424K(47616K)] 408595K->362563K(563712K), 0.0021427 secs] [Times: user=0.01 sys=0.00, real=0.00 secs] 
1350.369: [GC (Allocation Failure) [PSYoungGen: 47504K->1376K(47616K)] 408643K->362515K(563712K), 0.0021137 secs] [Times: user=0.01 sys=0.00, real=0.00 secs] 
1350.560: [GC (Allocation Failure) [PSYoungGen: 47456K->1376K(47616K)] 408595K->362531K(563712K), 0.0020231 secs] [Times: user=0.01 sys=0.00, real=0.01 secs] 
1350.752: [GC (Allocation Failure) [PSYoungGen: 47456K->1344K(47616K)] 408611K->362515K(563712K), 0.0020720 secs] [Times: user=0.01 sys=0.00, real=0.00 secs] 
1351.011: [GC (Allocation Failure) [PSYoungGen: 47424K->1408K(47616K)] 408595K->362579K(563712K), 0.0022979 secs] [Times: user=0.01 sys=0.00, real=0.01 secs] 
1351.833: [GC (Allocation Failure) [PSYoungGen: 47488K->1504K(47616K)] 408659K->362811K(563712K), 0.0022496 secs] [Times: user=0.01 sys=0.00, real=0.00 secs] 
1352.480: [GC (Allocation Failure) [PSYoungGen: 47584K->1408K(47616K)] 408891K->362723K(563712K), 0.0035885 secs] [Times: user=0.02 sys=0.00, real=0.01 secs] 
1352.924: [GC (Allocation Failure) [PSYoungGen: 47488K->1376K(47616K)] 408803K->362691K(563712K), 0.0043462 secs] [Times: user=0.02 sys=0.00, real=0.00 secs] 
1353.292: [GC (Allocation Failure) [PSYoungGen: 47456K->1408K(47616K)] 408771K->362723K(563712K), 0.0028833 secs] [Times: user=0.02 sys=0.00, real=0.00 secs] 
1353.637: [GC (Allocation Failure) [PSYoungGen: 47488K->1344K(47616K)] 408803K->362659K(563712K), 0.0031257 secs] [Times: user=0.01 sys=0.00, real=0.00 secs] 
1353.973: [GC (Allocation Failure) [PSYoungGen: 47424K->1440K(47616K)] 408739K->362755K(563712K), 0.0028027 secs] [Times: user=0.01 sys=0.01, real=0.00 secs] 
1354.307: [GC (Allocation Failure) [PSYoungGen: 47520K->128K(47616K)] 408835K->362750K(563712K), 0.0028310 secs] [Times: user=0.01 sys=0.00, real=0.00 secs] 
1355.134: [GC (Allocation Failure) [PSYoungGen: 46208K->1469K(48128K)] 408830K->364091K(564224K), 0.0020931 secs] [Times: user=0.01 sys=0.00, real=0.00 secs] 
1355.476: [GC (Allocation Failure) [PSYoungGen: 47549K->1376K(48128K)] 410171K->363998K(564224K), 0.0023776 secs] [Times: user=0.00 sys=0.00, real=0.00 secs] 
1355.984: [GC (Allocation Failure) [PSYoungGen: 47456K->1408K(48128K)] 410078K->364030K(564224K), 0.0028231 secs] [Times: user=0.01 sys=0.00, real=0.00 secs] 
1356.467: [GC (Allocation Failure) [PSYoungGen: 47488K->1408K(48128K)] 410110K->364030K(564224K), 0.0048422 secs] [Times: user=0.02 sys=0.00, real=0.01 secs] 
1356.954: [GC (Allocation Failure) [PSYoungGen: 47488K->1360K(48128K)] 410110K->363982K(564224K), 0.0043162 secs] [Times: user=0.02 sys=0.01, real=0.00 secs] 
1357.470: [GC (Allocation Failure) [PSYoungGen: 47440K->1408K(48128K)] 410062K->364030K(564224K), 0.0041005 secs] [Times: user=0.02 sys=0.00, real=0.01 secs] 
1358.378: [GC (Allocation Failure) [PSYoungGen: 47086K->1997K(48128K)] 409709K->364619K(564224K), 0.0017017 secs] [Times: user=0.00 sys=0.00, real=0.00 secs] 
1358.593: [GC (Allocation Failure) [PSYoungGen: 48077K->1424K(48128K)] 410699K->364046K(564224K), 0.0019815 secs] [Times: user=0.00 sys=0.00, real=0.00 secs] 
1358.785: [GC (Allocation Failure) [PSYoungGen: 47504K->1405K(48128K)] 410126K->364027K(564224K), 0.0021164 secs] [Times: user=0.01 sys=0.00, real=0.00 secs] 
1358.976: [GC (Allocation Failure) [PSYoungGen: 47485K->1472K(48128K)] 410107K->364094K(564224K), 0.0017328 secs] [Times: user=0.01 sys=0.00, real=0.00 secs] 
1359.199: [GC (Allocation Failure) [PSYoungGen: 47552K->1408K(48128K)] 410174K->364030K(564224K), 0.0020129 secs] [Times: user=0.00 sys=0.00, real=0.00 secs] 
1359.543: [GC (Allocation Failure) [PSYoungGen: 47488K->1437K(48128K)] 410110K->364059K(564224K), 0.0019459 secs] [Times: user=0.01 sys=0.00, real=0.00 secs] 
1359.980: [GC (Allocation Failure) [PSYoungGen: 46549K->320K(48128K)] 409172K->362995K(564224K), 0.0025283 secs] [Times: user=0.01 sys=0.00, real=0.01 secs] 
1360.843: [GC (Allocation Failure) [PSYoungGen: 46400K->1408K(48128K)] 409075K->364083K(564224K), 0.0019459 secs] [Times: user=0.01 sys=0.00, real=0.00 secs] 
1361.467: [GC (Allocation Failure) [PSYoungGen: 47488K->1392K(48128K)] 410163K->364067K(564224K), 0.0022303 secs] [Times: user=0.01 sys=0.00, real=0.00 secs] 
1361.934: [GC (Allocation Failure) [PSYoungGen: 47472K->1376K(48128K)] 410147K->364051K(564224K), 0.0025053 secs] [Times: user=0.01 sys=0.00, real=0.00 secs] 
1362.303: [GC (Allocation Failure) [PSYoungGen: 47456K->1408K(48128K)] 410131K->364083K(564224K), 0.0023517 secs] [Times: user=0.01 sys=0.00, real=0.00 secs] 
1362.805: [GC (Allocation Failure) [PSYoungGen: 47488K->1376K(48128K)] 410163K->364051K(564224K), 0.0026668 secs] [Times: user=0.01 sys=0.00, real=0.00 secs] 
1363.223: [GC (Allocation Failure) [PSYoungGen: 47456K->1408K(48128K)] 410131K->364083K(564224K), 0.0028580 secs] [Times: user=0.02 sys=0.00, real=0.00 secs] 
1364.163: [GC (Allocation Failure) [PSYoungGen: 47488K->1952K(48128K)] 410163K->365139K(564224K), 0.0018121 secs] [Times: user=0.01 sys=0.00, real=0.00 secs] 
1364.629: [GC (Allocation Failure) [PSYoungGen: 48032K->1344K(48128K)] 411219K->364531K(564224K), 0.0044824 secs] [Times: user=0.02 sys=0.00, real=0.01 secs] 
1365.075: [GC (Allocation Failure) [PSYoungGen: 47424K->1376K(48128K)] 410611K->364563K(564224K), 0.0032213 secs] [Times: user=0.01 sys=0.00, real=0.00 secs] 
1365.448: [GC (Allocation Failure) [PSYoungGen: 47456K->1344K(48128K)] 410643K->364547K(564224K), 0.0029608 secs] [Times: user=0.01 sys=0.00, real=0.00 secs] 
1365.637: [GC (Allocation Failure) [PSYoungGen: 47424K->1312K(48128K)] 410627K->364523K(564224K), 0.0023325 secs] [Times: user=0.01 sys=0.00, real=0.00 secs] 
1365.829: [GC (Allocation Failure) [PSYoungGen: 47392K->1344K(48128K)] 410603K->364555K(564224K), 0.0021910 secs] [Times: user=0.01 sys=0.00, real=0.00 secs] 
1366.161: [GC (Allocation Failure) [PSYoungGen: 47424K->1357K(48128K)] 410635K->364568K(564224K), 0.0019642 secs] [Times: user=0.01 sys=0.00, real=0.01 secs] 
1366.735: [GC (Allocation Failure) [PSYoungGen: 47437K->1440K(48128K)] 410648K->364651K(564224K), 0.0016197 secs] [Times: user=0.01 sys=0.00, real=0.00 secs] 
1367.021: [GC (Allocation Failure) [PSYoungGen: 47520K->1376K(48128K)] 410731K->364587K(564224K), 0.0019506 secs] [Times: user=0.01 sys=0.01, real=0.01 secs] 
1367.212: [GC (Allocation Failure) [PSYoungGen: 47456K->1376K(48128K)] 410667K->364587K(564224K), 0.0019505 secs] [Times: user=0.01 sys=0.00, real=0.00 secs] 
1367.414: [GC (Allocation Failure) [PSYoungGen: 47456K->1376K(48128K)] 410667K->364587K(564224K), 0.0020412 secs] [Times: user=0.00 sys=0.00, real=0.00 secs] 
1367.654: [GC (Allocation Failure) [PSYoungGen: 47456K->1376K(48128K)] 410667K->364587K(564224K), 0.0020981 secs] [Times: user=0.01 sys=0.00, real=0.00 secs] 
1367.846: [GC (Allocation Failure) [PSYoungGen: 47456K->1344K(48128K)] 410667K->364555K(564224K), 0.0018955 secs] [Times: user=0.01 sys=0.00, real=0.00 secs] 
1368.843: [GC (Allocation Failure) [PSYoungGen: 47424K->1408K(48128K)] 410635K->364619K(564224K), 0.0018236 secs] [Times: user=0.01 sys=0.00, real=0.00 secs] 
1369.275: [GC (Allocation Failure) [PSYoungGen: 47488K->1376K(48128K)] 410699K->364587K(564224K), 0.0022429 secs] [Times: user=0.01 sys=0.00, real=0.00 secs] 
1369.606: [GC (Allocation Failure) [PSYoungGen: 47456K->1376K(48128K)] 410667K->364595K(564224K), 0.0036785 secs] [Times: user=0.01 sys=0.00, real=0.00 secs] 
1369.993: [GC (Allocation Failure) [PSYoungGen: 47456K->1344K(47616K)] 410675K->364563K(563712K), 0.0032808 secs] [Times: user=0.01 sys=0.00, real=0.00 secs] 
1370.239: [GC (Allocation Failure) [PSYoungGen: 47424K->1376K(47616K)] 410643K->364595K(563712K), 0.0022030 secs] [Times: user=0.01 sys=0.00, real=0.00 secs] 
1370.430: [GC (Allocation Failure) [PSYoungGen: 47456K->1344K(47616K)] 410675K->364563K(563712K), 0.0021061 secs] [Times: user=0.01 sys=0.00, real=0.01 secs] 
1370.803: [GC (Allocation Failure) [PSYoungGen: 47424K->1405K(47616K)] 410643K->364624K(563712K), 0.0015126 secs] [Times: user=0.00 sys=0.00, real=0.00 secs] 
1371.270: [GC (Allocation Failure) [PSYoungGen: 47485K->1408K(47616K)] 410704K->364627K(563712K), 0.0021635 secs] [Times: user=0.01 sys=0.00, real=0.01 secs] 
1371.462: [GC (Allocation Failure) [PSYoungGen: 47488K->1424K(47616K)] 410707K->364643K(563712K), 0.0019812 secs] [Times: user=0.01 sys=0.00, real=0.00 secs] 
1371.669: [GC (Allocation Failure) [PSYoungGen: 47504K->1376K(47616K)] 410723K->364595K(563712K), 0.0018534 secs] [Times: user=0.01 sys=0.00, real=0.00 secs] 
1371.884: [GC (Allocation Failure) [PSYoungGen: 47456K->1344K(47616K)] 410675K->364563K(563712K), 0.0020117 secs] [Times: user=0.01 sys=0.00, real=0.00 secs] 
1372.086: [GC (Allocation Failure) [PSYoungGen: 47424K->1376K(47616K)] 410643K->364595K(563712K), 0.0019805 secs] [Times: user=0.01 sys=0.00, real=0.00 secs] 
1372.277: [GC (Allocation Failure) [PSYoungGen: 47456K->1408K(47616K)] 410675K->364627K(563712K), 0.0019696 secs] [Times: user=0.01 sys=0.00, real=0.00 secs] 
1373.163: [GC (Allocation Failure) [PSYoungGen: 47488K->1376K(47616K)] 410707K->364595K(563712K), 0.0024169 secs] [Times: user=0.01 sys=0.00, real=0.00 secs] 
1373.742: [GC (Allocation Failure) [PSYoungGen: 47456K->1376K(47616K)] 410675K->364619K(563712K), 0.0036695 secs] [Times: user=0.02 sys=0.00, real=0.00 secs] 
1374.133: [GC (Allocation Failure) [PSYoungGen: 47456K->1344K(47616K)] 410699K->364587K(563712K), 0.0034502 secs] [Times: user=0.01 sys=0.00, real=0.00 secs] 
1374.511: [GC (Allocation Failure) [PSYoungGen: 47424K->1376K(47616K)] 410667K->364619K(563712K), 0.0051891 secs] [Times: user=0.02 sys=0.00, real=0.01 secs] 
1374.903: [GC (Allocation Failure) [PSYoungGen: 47456K->1376K(47616K)] 410699K->364619K(563712K), 0.0022653 secs] [Times: user=0.01 sys=0.00, real=0.00 secs] 
1375.270: [GC (Allocation Failure) [PSYoungGen: 47456K->1376K(47616K)] 410699K->364619K(563712K), 0.0023459 secs] [Times: user=0.01 sys=0.00, real=0.01 secs] 
1375.953: [GC (Allocation Failure) [PSYoungGen: 47456K->1341K(47616K)] 410699K->364584K(563712K), 0.0015573 secs] [Times: user=0.00 sys=0.00, real=0.00 secs] 
1376.387: [GC (Allocation Failure) [PSYoungGen: 47421K->1440K(47616K)] 410664K->364683K(563712K), 0.0028797 secs] [Times: user=0.01 sys=0.00, real=0.00 secs] 
1376.583: [GC (Allocation Failure) [PSYoungGen: 47520K->1344K(47616K)] 410763K->364587K(563712K), 0.0020267 secs] [Times: user=0.01 sys=0.00, real=0.00 secs] 
1376.783: [GC (Allocation Failure) [PSYoungGen: 47424K->1376K(47616K)] 410667K->364619K(563712K), 0.0021020 secs] [Times: user=0.01 sys=0.00, real=0.00 secs] 
1377.042: [GC (Allocation Failure) [PSYoungGen: 47456K->1376K(47616K)] 410699K->364619K(563712K), 0.0020140 secs] [Times: user=0.01 sys=0.00, real=0.00 secs] 
1377.233: [GC (Allocation Failure) [PSYoungGen: 47456K->1376K(47616K)] 410699K->364619K(563712K), 0.0019442 secs] [Times: user=0.01 sys=0.00, real=0.00 secs] 
1377.424: [GC (Allocation Failure) [PSYoungGen: 47456K->1408K(47616K)] 410699K->364651K(563712K), 0.0019146 secs] [Times: user=0.01 sys=0.00, real=0.00 secs] 
1378.158: [GC (Allocation Failure) [PSYoungGen: 47488K->1456K(47616K)] 410731K->364699K(563712K), 0.0020079 secs] [Times: user=0.01 sys=0.00, real=0.00 secs] 
1378.388: [GC (Allocation Failure) [PSYoungGen: 47536K->1376K(47616K)] 410779K->364619K(563712K), 0.0021390 secs] [Times: user=0.01 sys=0.00, real=0.00 secs] 
1378.580: [GC (Allocation Failure) [PSYoungGen: 47456K->1376K(47616K)] 410699K->364619K(563712K), 0.0018616 secs] [Times: user=0.01 sys=0.00, real=0.01 secs] 
1378.771: [GC (Allocation Failure) [PSYoungGen: 47456K->1408K(47616K)] 410699K->364651K(563712K), 0.0018506 secs] [Times: user=0.00 sys=0.00, real=0.01 secs] 
1379.013: [GC (Allocation Failure) [PSYoungGen: 47488K->1376K(47616K)] 410731K->364619K(563712K), 0.0019838 secs] [Times: user=0.01 sys=0.00, real=0.00 secs] 
1379.204: [GC (Allocation Failure) [PSYoungGen: 47456K->1408K(47616K)] 410699K->364651K(563712K), 0.0019404 secs] [Times: user=0.01 sys=0.00, real=0.00 secs] 
1379.765: [GC (Allocation Failure) [PSYoungGen: 47488K->1373K(47616K)] 410731K->364616K(563712K), 0.0015766 secs] [Times: user=0.01 sys=0.00, real=0.00 secs] 
1380.211: [GC (Allocation Failure) [PSYoungGen: 47453K->1408K(47616K)] 410696K->364667K(563712K), 0.0017870 secs] [Times: user=0.01 sys=0.00, real=0.01 secs] 
1380.679: [GC (Allocation Failure) [PSYoungGen: 47488K->1408K(47616K)] 410747K->364667K(563712K), 0.0025804 secs] [Times: user=0.01 sys=0.00, real=0.00 secs] 
1381.308: [GC (Allocation Failure) [PSYoungGen: 47488K->1376K(47616K)] 410747K->364635K(563712K), 0.0041482 secs] [Times: user=0.02 sys=0.00, real=0.01 secs] 
1381.827: [GC (Allocation Failure) [PSYoungGen: 47456K->1376K(47616K)] 410715K->364635K(563712K), 0.0036323 secs] [Times: user=0.01 sys=0.00, real=0.00 secs] 
1382.399: [GC (Allocation Failure) [PSYoungGen: 47456K->1344K(47616K)] 410715K->364603K(563712K), 0.0036724 secs] [Times: user=0.02 sys=0.00, real=0.01 secs] 
1382.845: [GC (Allocation Failure) [PSYoungGen: 47424K->1344K(47616K)] 410683K->364603K(563712K), 0.0034972 secs] [Times: user=0.01 sys=0.00, real=0.00 secs] 
1383.711: [GC (Allocation Failure) [PSYoungGen: 47424K->1440K(47616K)] 410683K->364699K(563712K), 0.0019204 secs] [Times: user=0.01 sys=0.00, real=0.01 secs] 
1384.154: [GC (Allocation Failure) [PSYoungGen: 47520K->1376K(47616K)] 410779K->364635K(563712K), 0.0022848 secs] [Times: user=0.00 sys=0.00, real=0.00 secs] 
1384.547: [GC (Allocation Failure) [PSYoungGen: 47456K->1376K(47616K)] 410715K->364635K(563712K), 0.0024171 secs] [Times: user=0.01 sys=0.00, real=0.00 secs] 
1385.068: [GC (Allocation Failure) [PSYoungGen: 47456K->1376K(47616K)] 410715K->364635K(563712K), 0.0025346 secs] [Times: user=0.01 sys=0.00, real=0.00 secs] 
1385.574: [GC (Allocation Failure) [PSYoungGen: 47456K->1376K(47616K)] 410715K->364635K(563712K), 0.0028386 secs] [Times: user=0.01 sys=0.00, real=0.00 secs] 
1385.915: [GC (Allocation Failure) [PSYoungGen: 47456K->1408K(47616K)] 410715K->364683K(563712K), 0.0029166 secs] [Times: user=0.02 sys=0.00, real=0.00 secs] 
1386.738: [GC (Allocation Failure) [PSYoungGen: 47488K->128K(47616K)] 410763K->363403K(563712K), 0.0016106 secs] [Times: user=0.01 sys=0.00, real=0.00 secs] 
1387.004: [GC (Allocation Failure) [PSYoungGen: 46208K->1408K(48128K)] 409483K->364683K(564224K), 0.0019040 secs] [Times: user=0.00 sys=0.00, real=0.00 secs] 
1387.195: [GC (Allocation Failure) [PSYoungGen: 47488K->1344K(48128K)] 410763K->364619K(564224K), 0.0019637 secs] [Times: user=0.01 sys=0.00, real=0.00 secs] 
1387.432: [GC (Allocation Failure) [PSYoungGen: 47424K->1344K(48128K)] 410699K->364619K(564224K), 0.0021633 secs] [Times: user=0.01 sys=0.00, real=0.00 secs] 
1387.763: [GC (Allocation Failure) [PSYoungGen: 47424K->1376K(48128K)] 410699K->364651K(564224K), 0.0028835 secs] [Times: user=0.01 sys=0.00, real=0.00 secs] 
1388.121: [GC (Allocation Failure) [PSYoungGen: 47456K->1440K(48128K)] 410731K->364715K(564224K), 0.0022187 secs] [Times: user=0.01 sys=0.00, real=0.01 secs] 
1388.531: [GC (Allocation Failure) [PSYoungGen: 47520K->1376K(48128K)] 410795K->364651K(564224K), 0.0023017 secs] [Times: user=0.01 sys=0.00, real=0.01 secs] 
1389.501: [GC (Allocation Failure) [PSYoungGen: 47456K->1360K(48128K)] 410731K->364635K(564224K), 0.0030367 secs] [Times: user=0.01 sys=0.00, real=0.01 secs] 
1389.913: [GC (Allocation Failure) [PSYoungGen: 47440K->1344K(48128K)] 410715K->364619K(564224K), 0.0033683 secs] [Times: user=0.01 sys=0.00, real=0.00 secs] 
1390.160: [GC (Allocation Failure) [PSYoungGen: 47424K->1344K(48128K)] 410699K->364619K(564224K), 0.0021344 secs] [Times: user=0.01 sys=0.00, real=0.01 secs] 
1390.372: [GC (Allocation Failure) [PSYoungGen: 47424K->1440K(48128K)] 410699K->364715K(564224K), 0.0019583 secs] [Times: user=0.01 sys=0.00, real=0.00 secs] 
1390.564: [GC (Allocation Failure) [PSYoungGen: 47520K->1328K(48128K)] 410795K->364603K(564224K), 0.0019760 secs] [Times: user=0.01 sys=0.01, real=0.00 secs] 
1390.759: [GC (Allocation Failure) [PSYoungGen: 47408K->1376K(48128K)] 410683K->364651K(564224K), 0.0018729 secs] [Times: user=0.00 sys=0.00, real=0.00 secs] 
1391.465: [GC (Allocation Failure) [PSYoungGen: 47456K->1552K(48128K)] 410731K->364827K(564224K), 0.0021317 secs] [Times: user=0.01 sys=0.00, real=0.00 secs] 
1392.550: [GC (Allocation Failure) [PSYoungGen: 47632K->1344K(48128K)] 410907K->364619K(564224K), 0.0043566 secs] [Times: user=0.02 sys=0.00, real=0.01 secs] 
1393.762: [GC (Allocation Failure) [PSYoungGen: 47424K->1376K(48128K)] 410699K->364651K(564224K), 0.0042398 secs] [Times: user=0.02 sys=0.00, real=0.00 secs] 
1394.635: [GC (Allocation Failure) [PSYoungGen: 47456K->1392K(48128K)] 410731K->364667K(564224K), 0.0036156 secs] [Times: user=0.02 sys=0.00, real=0.00 secs] 
1395.065: [GC (Allocation Failure) [PSYoungGen: 47472K->1408K(48128K)] 410747K->364683K(564224K), 0.0028938 secs] [Times: user=0.01 sys=0.00, real=0.00 secs] 
1395.411: [GC (Allocation Failure) [PSYoungGen: 47488K->1376K(48128K)] 410763K->364651K(564224K), 0.0023005 secs] [Times: user=0.01 sys=0.00, real=0.01 secs] 
1395.747: [GC (Allocation Failure) [PSYoungGen: 47456K->1344K(48128K)] 410731K->364619K(564224K), 0.0028832 secs] [Times: user=0.01 sys=0.00, real=0.00 secs] 
1396.922: [GC (Allocation Failure) [PSYoungGen: 47424K->1424K(48128K)] 410699K->364699K(564224K), 0.0042191 secs] [Times: user=0.02 sys=0.00, real=0.00 secs] 
1397.484: [GC (Allocation Failure) [PSYoungGen: 47504K->1376K(47616K)] 410779K->364651K(563712K), 0.0034849 secs] [Times: user=0.02 sys=0.00, real=0.00 secs] 
1397.925: [GC (Allocation Failure) [PSYoungGen: 47456K->1344K(47616K)] 410731K->364635K(563712K), 0.0030303 secs] [Times: user=0.01 sys=0.00, real=0.00 secs] 
1398.374: [GC (Allocation Failure) [PSYoungGen: 47424K->352K(47104K)] 410715K->364667K(563200K), 0.0028087 secs] [Times: user=0.01 sys=0.00, real=0.00 secs] 
1398.828: [GC (Allocation Failure) [PSYoungGen: 46432K->384K(48128K)] 410747K->364699K(564224K), 0.0042109 secs] [Times: user=0.02 sys=0.00, real=0.01 secs] 
1399.142: [GC (Allocation Failure) [PSYoungGen: 46464K->400K(48128K)] 410779K->364715K(564224K), 0.0038715 secs] [Times: user=0.02 sys=0.00, real=0.00 secs] 
1399.974: [GC (Allocation Failure) [PSYoungGen: 46078K->1968K(48128K)] 410393K->366283K(564224K), 0.0018463 secs] [Times: user=0.00 sys=0.00, real=0.00 secs] 
1400.438: [GC (Allocation Failure) [PSYoungGen: 48048K->1376K(48640K)] 412363K->365691K(564736K), 0.0021970 secs] [Times: user=0.01 sys=0.00, real=0.00 secs] 
1400.847: [GC (Allocation Failure) [PSYoungGen: 47456K->1376K(48640K)] 411771K->365707K(564736K), 0.0031983 secs] [Times: user=0.01 sys=0.00, real=0.00 secs] 
1401.127: [GC (Allocation Failure) [PSYoungGen: 47456K->1376K(47616K)] 411787K->365707K(563712K), 0.0019712 secs] [Times: user=0.01 sys=0.00, real=0.00 secs] 
1401.318: [GC (Allocation Failure) [PSYoungGen: 47456K->1424K(48128K)] 411787K->365755K(564224K), 0.0020075 secs] [Times: user=0.01 sys=0.00, real=0.00 secs] 
1401.611: [GC (Allocation Failure) [PSYoungGen: 47504K->1376K(48128K)] 411835K->365707K(564224K), 0.0021593 secs] [Times: user=0.01 sys=0.00, real=0.01 secs] 
1402.057: [GC (Allocation Failure) [PSYoungGen: 46496K->288K(48128K)] 410828K->364619K(564224K), 0.0021114 secs] [Times: user=0.01 sys=0.00, real=0.00 secs] 
1402.961: [GC (Allocation Failure) [PSYoungGen: 46368K->1408K(48640K)] 410699K->365739K(564736K), 0.0030175 secs] [Times: user=0.01 sys=0.00, real=0.01 secs] 
1403.367: [GC (Allocation Failure) [PSYoungGen: 47488K->1344K(47616K)] 411819K->365675K(563712K), 0.0029975 secs] [Times: user=0.02 sys=0.01, real=0.00 secs] 
1403.604: [GC (Allocation Failure) [PSYoungGen: 47424K->1408K(48128K)] 411755K->365755K(564224K), 0.0020442 secs] [Times: user=0.01 sys=0.00, real=0.00 secs] 
1403.796: [GC (Allocation Failure) [PSYoungGen: 47488K->1376K(48128K)] 411835K->365723K(564224K), 0.0023139 secs] [Times: user=0.01 sys=0.00, real=0.00 secs] 
1404.099: [GC (Allocation Failure) [PSYoungGen: 47456K->1344K(48128K)] 411803K->365691K(564224K), 0.0020780 secs] [Times: user=0.01 sys=0.00, real=0.00 secs] 
1404.553: [GC (Allocation Failure) [PSYoungGen: 47424K->1376K(48128K)] 411771K->365723K(564224K), 0.0023573 secs] [Times: user=0.01 sys=0.00, real=0.00 secs] 
1405.424: [GC (Allocation Failure) [PSYoungGen: 47456K->1984K(47616K)] 411803K->366347K(563712K), 0.0018406 secs] [Times: user=0.01 sys=0.00, real=0.00 secs] 
1405.618: [GC (Allocation Failure) [PSYoungGen: 47552K->1344K(48128K)] 411915K->365707K(564224K), 0.0029193 secs] [Times: user=0.01 sys=0.00, real=0.00 secs] 
1405.806: [GC (Allocation Failure) [PSYoungGen: 46912K->1344K(47104K)] 411275K->365707K(563200K), 0.0021742 secs] [Times: user=0.00 sys=0.01, real=0.00 secs] 
1405.996: [GC (Allocation Failure) [PSYoungGen: 46912K->1376K(47616K)] 411275K->365739K(563712K), 0.0020700 secs] [Times: user=0.00 sys=0.00, real=0.00 secs] 
1406.185: [GC (Allocation Failure) [PSYoungGen: 46944K->1376K(47616K)] 411307K->365739K(563712K), 0.0021051 secs] [Times: user=0.01 sys=0.00, real=0.00 secs] 
1406.375: [GC (Allocation Failure) [PSYoungGen: 46944K->1408K(47616K)] 411307K->365771K(563712K), 0.0017843 secs] [Times: user=0.01 sys=0.00, real=0.00 secs] 
1406.635: [GC (Allocation Failure) [PSYoungGen: 46060K->320K(47616K)] 410424K->364699K(563712K), 0.0019788 secs] [Times: user=0.01 sys=0.00, real=0.00 secs] 
1407.619: [GC (Allocation Failure) [PSYoungGen: 45888K->1408K(47616K)] 410267K->365787K(563712K), 0.0025378 secs] [Times: user=0.01 sys=0.00, real=0.00 secs] 
1408.106: [GC (Allocation Failure) [PSYoungGen: 46976K->1360K(47616K)] 411355K->365739K(563712K), 0.0040668 secs] [Times: user=0.01 sys=0.00, real=0.00 secs] 
1408.626: [GC (Allocation Failure) [PSYoungGen: 46928K->1344K(47616K)] 411307K->365723K(563712K), 0.0043309 secs] [Times: user=0.01 sys=0.00, real=0.00 secs] 
1409.008: [GC (Allocation Failure) [PSYoungGen: 46912K->1376K(47616K)] 411291K->365771K(563712K), 0.0034236 secs] [Times: user=0.02 sys=0.01, real=0.01 secs] 
1409.409: [GC (Allocation Failure) [PSYoungGen: 46944K->1376K(47616K)] 411339K->365771K(563712K), 0.0031673 secs] [Times: user=0.01 sys=0.00, real=0.01 secs] 
1410.050: [GC (Allocation Failure) [PSYoungGen: 46944K->1392K(47616K)] 411339K->365787K(563712K), 0.0041654 secs] [Times: user=0.01 sys=0.00, real=0.01 secs] 
1411.550: [GC (Allocation Failure) [PSYoungGen: 46960K->1680K(47616K)] 411355K->366075K(563712K), 0.0021989 secs] [Times: user=0.01 sys=0.00, real=0.01 secs] 
1412.688: [GC (Allocation Failure) [PSYoungGen: 47248K->1360K(47616K)] 411643K->365755K(563712K), 0.0036285 secs] [Times: user=0.02 sys=0.00, real=0.01 secs] 
1413.330: [GC (Allocation Failure) [PSYoungGen: 46928K->1392K(47616K)] 411323K->365787K(563712K), 0.0034503 secs] [Times: user=0.01 sys=0.00, real=0.01 secs] 
1413.575: [GC (Allocation Failure) [PSYoungGen: 46960K->1408K(47616K)] 411355K->365803K(563712K), 0.0023085 secs] [Times: user=0.01 sys=0.00, real=0.00 secs] 
1413.764: [GC (Allocation Failure) [PSYoungGen: 46976K->1408K(47616K)] 411371K->365803K(563712K), 0.0045796 secs] [Times: user=0.02 sys=0.01, real=0.00 secs] 
1414.179: [GC (Allocation Failure) [PSYoungGen: 46976K->1440K(47104K)] 411371K->365835K(563200K), 0.0026381 secs] [Times: user=0.01 sys=0.00, real=0.00 secs] 
1414.604: [GC (Allocation Failure) [PSYoungGen: 47008K->1344K(47104K)] 411403K->365747K(563200K), 0.0027209 secs] [Times: user=0.01 sys=0.00, real=0.00 secs] 
1415.611: [GC (Allocation Failure) [PSYoungGen: 46912K->1424K(47104K)] 411315K->365827K(563200K), 0.0021995 secs] [Times: user=0.00 sys=0.00, real=0.01 secs] 
1416.213: [GC (Allocation Failure) [PSYoungGen: 46992K->1408K(47104K)] 411395K->365811K(563200K), 0.0047934 secs] [Times: user=0.01 sys=0.00, real=0.00 secs] 
1416.845: [GC (Allocation Failure) [PSYoungGen: 46976K->1408K(47104K)] 411379K->365811K(563200K), 0.0043165 secs] [Times: user=0.02 sys=0.00, real=0.00 secs] 
1417.287: [GC (Allocation Failure) [PSYoungGen: 46976K->1344K(47104K)] 411379K->365747K(563200K), 0.0038050 secs] [Times: user=0.02 sys=0.00, real=0.00 secs] 
1417.556: [GC (Allocation Failure) [PSYoungGen: 46912K->1376K(47104K)] 411315K->365795K(563200K), 0.0020971 secs] [Times: user=0.00 sys=0.00, real=0.00 secs] 
1417.747: [GC (Allocation Failure) [PSYoungGen: 46944K->1392K(47104K)] 411363K->365811K(563200K), 0.0021908 secs] [Times: user=0.01 sys=0.00, real=0.00 secs] 
1418.361: [GC (Allocation Failure) [PSYoungGen: 46960K->128K(46080K)] 411379K->364547K(562176K), 0.0017307 secs] [Times: user=0.00 sys=0.00, real=0.01 secs] 
1420.082: [GC (Allocation Failure) [PSYoungGen: 45696K->1392K(47616K)] 410115K->365811K(563712K), 0.0043116 secs] [Times: user=0.02 sys=0.00, real=0.00 secs] 
1420.750: [GC (Allocation Failure) [PSYoungGen: 46960K->1344K(47616K)] 411379K->365779K(563712K), 0.0043385 secs] [Times: user=0.02 sys=0.00, real=0.01 secs] 
1421.324: [GC (Allocation Failure) [PSYoungGen: 46912K->1344K(47616K)] 411347K->365779K(563712K), 0.0032022 secs] [Times: user=0.02 sys=0.00, real=0.00 secs] 
1421.516: [GC (Allocation Failure) [PSYoungGen: 46912K->1360K(47616K)] 411347K->365795K(563712K), 0.0021402 secs] [Times: user=0.01 sys=0.00, real=0.00 secs] 
1421.706: [GC (Allocation Failure) [PSYoungGen: 46928K->1376K(47616K)] 411363K->365811K(563712K), 0.0022433 secs] [Times: user=0.00 sys=0.00, real=0.00 secs] 
1421.931: [GC (Allocation Failure) [PSYoungGen: 46944K->1376K(47616K)] 411379K->365811K(563712K), 0.0020408 secs] [Times: user=0.01 sys=0.00, real=0.01 secs] 
1422.710: [GC (Allocation Failure) [PSYoungGen: 46944K->1440K(47616K)] 411379K->365883K(563712K), 0.0020698 secs] [Times: user=0.01 sys=0.00, real=0.01 secs] 
1422.906: [GC (Allocation Failure) [PSYoungGen: 47008K->1344K(47616K)] 411451K->365787K(563712K), 0.0021911 secs] [Times: user=0.01 sys=0.00, real=0.00 secs] 
1423.130: [GC (Allocation Failure) [PSYoungGen: 46912K->1376K(47616K)] 411355K->365819K(563712K), 0.0021451 secs] [Times: user=0.01 sys=0.00, real=0.01 secs] 
1423.360: [GC (Allocation Failure) [PSYoungGen: 46944K->1376K(47616K)] 411387K->365819K(563712K), 0.0021401 secs] [Times: user=0.01 sys=0.00, real=0.01 secs] 
1423.602: [GC (Allocation Failure) [PSYoungGen: 46944K->1376K(47616K)] 411387K->365819K(563712K), 0.0021944 secs] [Times: user=0.01 sys=0.00, real=0.00 secs] 
1423.819: [GC (Allocation Failure) [PSYoungGen: 46944K->1408K(47616K)] 411387K->365851K(563712K), 0.0020856 secs] [Times: user=0.01 sys=0.00, real=0.00 secs] 
1424.388: [GC (Allocation Failure) [PSYoungGen: 46976K->1373K(47616K)] 411419K->365816K(563712K), 0.0015126 secs] [Times: user=0.01 sys=0.00, real=0.00 secs] 
1424.765: [GC (Allocation Failure) [PSYoungGen: 46941K->1392K(47616K)] 411384K->365835K(563712K), 0.0017052 secs] [Times: user=0.01 sys=0.00, real=0.00 secs] 
1425.090: [GC (Allocation Failure) [PSYoungGen: 46960K->1424K(47616K)] 411403K->365867K(563712K), 0.0021584 secs] [Times: user=0.01 sys=0.00, real=0.01 secs] 
1425.634: [GC (Allocation Failure) [PSYoungGen: 46992K->1408K(47616K)] 411435K->365875K(563712K), 0.0026189 secs] [Times: user=0.01 sys=0.00, real=0.00 secs] 
1426.209: [GC (Allocation Failure) [PSYoungGen: 46976K->1376K(47616K)] 411443K->365843K(563712K), 0.0024507 secs] [Times: user=0.01 sys=0.00, real=0.01 secs] 
1426.881: [GC (Allocation Failure) [PSYoungGen: 46944K->1360K(47616K)] 411411K->365827K(563712K), 0.0024761 secs] [Times: user=0.01 sys=0.00, real=0.01 secs] 
1427.621: [GC (Allocation Failure) [PSYoungGen: 46928K->1376K(47616K)] 411395K->365843K(563712K), 0.0040952 secs] [Times: user=0.02 sys=0.00, real=0.01 secs] 
1428.631: [GC (Allocation Failure) [PSYoungGen: 46944K->1472K(47616K)] 411411K->365939K(563712K), 0.0017877 secs] [Times: user=0.01 sys=0.00, real=0.01 secs] 
1429.033: [GC (Allocation Failure) [PSYoungGen: 47040K->1440K(47616K)] 411507K->365907K(563712K), 0.0023066 secs] [Times: user=0.01 sys=0.00, real=0.00 secs] 
1429.422: [GC (Allocation Failure) [PSYoungGen: 47008K->1424K(47616K)] 411475K->365899K(563712K), 0.0023332 secs] [Times: user=0.01 sys=0.00, real=0.00 secs] 
1429.822: [GC (Allocation Failure) [PSYoungGen: 46992K->1376K(47616K)] 411467K->365851K(563712K), 0.0028885 secs] [Times: user=0.01 sys=0.00, real=0.00 secs] 
1430.218: [GC (Allocation Failure) [PSYoungGen: 46944K->1376K(47104K)] 411419K->365851K(563200K), 0.0029101 secs] [Times: user=0.01 sys=0.00, real=0.00 secs] 
1430.599: [GC (Allocation Failure) [PSYoungGen: 46944K->1344K(47104K)] 411419K->365819K(563200K), 0.0028154 secs] [Times: user=0.01 sys=0.00, real=0.00 secs] 
1431.318: [GC (Allocation Failure) [PSYoungGen: 46912K->381K(46592K)] 411387K->365880K(562688K), 0.0016376 secs] [Times: user=0.01 sys=0.00, real=0.00 secs] 
1431.701: [GC (Allocation Failure) [PSYoungGen: 45949K->1440K(47616K)] 411448K->366939K(563712K), 0.0019189 secs] [Times: user=0.01 sys=0.00, real=0.01 secs] 
1431.895: [GC (Allocation Failure) [PSYoungGen: 47008K->1376K(47616K)] 412507K->366875K(563712K), 0.0018272 secs] [Times: user=0.00 sys=0.00, real=0.00 secs] 
1432.084: [GC (Allocation Failure) [PSYoungGen: 46944K->1408K(47616K)] 412443K->366907K(563712K), 0.0018717 secs] [Times: user=0.01 sys=0.00, real=0.00 secs] 
1432.299: [GC (Allocation Failure) [PSYoungGen: 46976K->1376K(47616K)] 412475K->366875K(563712K), 0.0018806 secs] [Times: user=0.01 sys=0.00, real=0.00 secs] 
1432.551: [GC (Allocation Failure) [PSYoungGen: 46944K->1408K(47616K)] 412443K->366907K(563712K), 0.0019229 secs] [Times: user=0.01 sys=0.01, real=0.01 secs] 
1432.862: [GC (Allocation Failure) [PSYoungGen: 46976K->1408K(47616K)] 412475K->366907K(563712K), 0.0018610 secs] [Times: user=0.01 sys=0.00, real=0.00 secs] 
1433.604: [GC (Allocation Failure) [PSYoungGen: 46976K->1408K(47616K)] 412475K->366907K(563712K), 0.0019019 secs] [Times: user=0.00 sys=0.00, real=0.00 secs] 
1434.136: [GC (Allocation Failure) [PSYoungGen: 46976K->1376K(47616K)] 412475K->366875K(563712K), 0.0020212 secs] [Times: user=0.01 sys=0.00, real=0.00 secs] 
1434.528: [GC (Allocation Failure) [PSYoungGen: 46944K->1376K(47616K)] 412443K->366891K(563712K), 0.0024110 secs] [Times: user=0.01 sys=0.00, real=0.00 secs] 
1434.899: [GC (Allocation Failure) [PSYoungGen: 46944K->1408K(47616K)] 412459K->366923K(563712K), 0.0026122 secs] [Times: user=0.01 sys=0.00, real=0.01 secs] 
1435.289: [GC (Allocation Failure) [PSYoungGen: 46976K->1408K(47616K)] 412491K->366923K(563712K), 0.0020544 secs] [Times: user=0.01 sys=0.00, real=0.00 secs] 
1435.682: [GC (Allocation Failure) [PSYoungGen: 46976K->1408K(47616K)] 412491K->366923K(563712K), 0.0025120 secs] [Times: user=0.02 sys=0.00, real=0.00 secs] 
1436.289: [GC (Allocation Failure) [PSYoungGen: 46976K->1357K(47616K)] 412491K->366873K(563712K), 0.0016379 secs] [Times: user=0.01 sys=0.00, real=0.00 secs] 
1436.918: [GC (Allocation Failure) [PSYoungGen: 46925K->1408K(47616K)] 412441K->366923K(563712K), 0.0019823 secs] [Times: user=0.01 sys=0.00, real=0.00 secs] 
1437.318: [GC (Allocation Failure) [PSYoungGen: 46976K->1392K(47616K)] 412491K->366907K(563712K), 0.0033220 secs] [Times: user=0.02 sys=0.00, real=0.00 secs] 
1437.705: [GC (Allocation Failure) [PSYoungGen: 46960K->1376K(47616K)] 412475K->366915K(563712K), 0.0027411 secs] [Times: user=0.01 sys=0.00, real=0.00 secs] 
1438.096: [GC (Allocation Failure) [PSYoungGen: 46944K->1376K(47104K)] 412483K->366915K(563200K), 0.0024529 secs] [Times: user=0.01 sys=0.00, real=0.00 secs] 
1438.458: [GC (Allocation Failure) [PSYoungGen: 46944K->1440K(46592K)] 412483K->366979K(562688K), 0.0023956 secs] [Times: user=0.01 sys=0.00, real=0.00 secs] 
1438.751: [GC (Allocation Failure) [PSYoungGen: 46496K->1408K(46592K)] 412035K->366947K(562688K), 0.0022658 secs] [Times: user=0.01 sys=0.00, real=0.01 secs] 
1439.397: [GC (Allocation Failure) [PSYoungGen: 46464K->1472K(46080K)] 412003K->367011K(562176K), 0.0021049 secs] [Times: user=0.01 sys=0.00, real=0.00 secs] 
1439.622: [GC (Allocation Failure) [PSYoungGen: 46016K->1376K(46592K)] 411555K->366915K(562688K), 0.0020077 secs] [Times: user=0.01 sys=0.00, real=0.00 secs] 
1439.807: [GC (Allocation Failure) [PSYoungGen: 45920K->1408K(46080K)] 411459K->366947K(562176K), 0.0019611 secs] [Times: user=0.01 sys=0.00, real=0.00 secs] 
1439.992: [GC (Allocation Failure) [PSYoungGen: 45952K->1376K(46080K)] 411491K->366931K(562176K), 0.0021202 secs] [Times: user=0.01 sys=0.00, real=0.00 secs] 
1440.221: [GC (Allocation Failure) [PSYoungGen: 45920K->384K(45568K)] 411475K->366963K(561664K), 0.0021022 secs] [Times: user=0.01 sys=0.01, real=0.01 secs] 
1440.406: [GC (Allocation Failure) [PSYoungGen: 44928K->336K(46592K)] 411507K->366915K(562688K), 0.0020299 secs] [Times: user=0.01 sys=0.00, real=0.00 secs] 
1440.628: [GC (Allocation Failure) [PSYoungGen: 44880K->384K(46592K)] 411459K->366963K(562688K), 0.0020035 secs] [Times: user=0.01 sys=0.01, real=0.00 secs] 
1442.458: [GC (Allocation Failure) [PSYoungGen: 44928K->1488K(46592K)] 411507K->368067K(562688K), 0.0028893 secs] [Times: user=0.01 sys=0.00, real=0.00 secs] 
1443.533: [GC (Allocation Failure) [PSYoungGen: 46032K->1408K(46592K)] 412611K->367987K(562688K), 0.0038820 secs] [Times: user=0.01 sys=0.00, real=0.00 secs] 
1444.124: [GC (Allocation Failure) [PSYoungGen: 45952K->1376K(46592K)] 412531K->367955K(562688K), 0.0039450 secs] [Times: user=0.01 sys=0.00, real=0.00 secs] 
1444.521: [GC (Allocation Failure) [PSYoungGen: 45920K->1408K(46592K)] 412499K->367987K(562688K), 0.0030626 secs] [Times: user=0.01 sys=0.00, real=0.01 secs] 
1444.900: [GC (Allocation Failure) [PSYoungGen: 45952K->1376K(46592K)] 412531K->367955K(562688K), 0.0020960 secs] [Times: user=0.01 sys=0.00, real=0.01 secs] 
1445.503: [GC (Allocation Failure) [PSYoungGen: 45920K->1344K(46592K)] 412499K->367923K(562688K), 0.0053882 secs] [Times: user=0.02 sys=0.00, real=0.00 secs] 
1446.469: [GC (Allocation Failure) [PSYoungGen: 45888K->1405K(46592K)] 412467K->367985K(562688K), 0.0015335 secs] [Times: user=0.01 sys=0.00, real=0.00 secs] 
1446.864: [GC (Allocation Failure) [PSYoungGen: 45949K->1408K(46592K)] 412529K->368003K(562688K), 0.0018094 secs] [Times: user=0.01 sys=0.00, real=0.00 secs] 
1447.110: [GC (Allocation Failure) [PSYoungGen: 45952K->1344K(46592K)] 412547K->367939K(562688K), 0.0019603 secs] [Times: user=0.00 sys=0.01, real=0.01 secs] 
1447.308: [GC (Allocation Failure) [PSYoungGen: 45888K->1424K(46592K)] 412483K->368019K(562688K), 0.0020960 secs] [Times: user=0.01 sys=0.00, real=0.00 secs] 
1447.493: [GC (Allocation Failure) [PSYoungGen: 45968K->1376K(46592K)] 412563K->367971K(562688K), 0.0018896 secs] [Times: user=0.01 sys=0.00, real=0.00 secs] 
1447.728: [GC (Allocation Failure) [PSYoungGen: 45920K->1424K(46592K)] 412515K->368019K(562688K), 0.0020151 secs] [Times: user=0.01 sys=0.00, real=0.00 secs] 
1447.913: [GC (Allocation Failure) [PSYoungGen: 45968K->1440K(46592K)] 412563K->368035K(562688K), 0.0018007 secs] [Times: user=0.01 sys=0.00, real=0.00 secs] 
1448.712: [GC (Allocation Failure) [PSYoungGen: 45984K->1952K(46592K)] 412579K->369059K(562688K), 0.0020107 secs] [Times: user=0.01 sys=0.00, real=0.00 secs] 
1449.252: [GC (Allocation Failure) [PSYoungGen: 46496K->1408K(46592K)] 413603K->368515K(562688K), 0.0023473 secs] [Times: user=0.00 sys=0.00, real=0.00 secs] 
1449.589: [GC (Allocation Failure) [PSYoungGen: 45952K->1312K(46592K)] 413059K->368419K(562688K), 0.0023765 secs] [Times: user=0.02 sys=0.00, real=0.01 secs] 
1450.141: [GC (Allocation Failure) [PSYoungGen: 45856K->1376K(46592K)] 412963K->368483K(562688K), 0.0047448 secs] [Times: user=0.02 sys=0.00, real=0.01 secs] 
1450.789: [GC (Allocation Failure) [PSYoungGen: 45920K->1408K(46592K)] 413027K->368515K(562688K), 0.0043481 secs] [Times: user=0.02 sys=0.00, real=0.01 secs] 
1451.415: [GC (Allocation Failure) [PSYoungGen: 45952K->1376K(46592K)] 413059K->368483K(562688K), 0.0034174 secs] [Times: user=0.02 sys=0.00, real=0.00 secs] 
1451.952: [GC (Allocation Failure) [PSYoungGen: 45920K->1376K(46592K)] 413027K->368483K(562688K), 0.0028685 secs] [Times: user=0.01 sys=0.00, real=0.00 secs] 
1452.905: [GC (Allocation Failure) [PSYoungGen: 45920K->1456K(46592K)] 413027K->368563K(562688K), 0.0022037 secs] [Times: user=0.01 sys=0.00, real=0.00 secs] 
1453.601: [GC (Allocation Failure) [PSYoungGen: 46000K->1376K(46592K)] 413107K->368483K(562688K), 0.0035224 secs] [Times: user=0.01 sys=0.00, real=0.01 secs] 
1454.380: [GC (Allocation Failure) [PSYoungGen: 45920K->1376K(46592K)] 413027K->368491K(562688K), 0.0042694 secs] [Times: user=0.01 sys=0.00, real=0.01 secs] 
1455.025: [GC (Allocation Failure) [PSYoungGen: 45920K->1376K(46592K)] 413035K->368499K(562688K), 0.0029257 secs] [Times: user=0.01 sys=0.00, real=0.00 secs] 
1455.631: [GC (Allocation Failure) [PSYoungGen: 45920K->1408K(46592K)] 413043K->368531K(562688K), 0.0036493 secs] [Times: user=0.01 sys=0.00, real=0.01 secs] 
1456.264: [GC (Allocation Failure) [PSYoungGen: 45952K->1392K(46592K)] 413075K->368515K(562688K), 0.0037366 secs] [Times: user=0.01 sys=0.00, real=0.00 secs] 
1457.012: [GC (Allocation Failure) [PSYoungGen: 45936K->1405K(46592K)] 413059K->368529K(562688K), 0.0015182 secs] [Times: user=0.00 sys=0.00, real=0.00 secs] 
1457.686: [GC (Allocation Failure) [PSYoungGen: 45949K->1424K(46592K)] 413073K->368547K(562688K), 0.0043141 secs] [Times: user=0.02 sys=0.00, real=0.00 secs] 
1458.128: [GC (Allocation Failure) [PSYoungGen: 45968K->1328K(46592K)] 413091K->368467K(562688K), 0.0029287 secs] [Times: user=0.01 sys=0.00, real=0.00 secs] 
1458.509: [GC (Allocation Failure) [PSYoungGen: 45872K->1408K(46592K)] 413011K->368555K(562688K), 0.0029161 secs] [Times: user=0.01 sys=0.00, real=0.01 secs] 
1458.977: [GC (Allocation Failure) [PSYoungGen: 45952K->1408K(46592K)] 413099K->368555K(562688K), 0.0039936 secs] [Times: user=0.02 sys=0.00, real=0.00 secs] 
1459.388: [GC (Allocation Failure) [PSYoungGen: 45952K->1376K(46592K)] 413099K->368523K(562688K), 0.0033417 secs] [Times: user=0.01 sys=0.00, real=0.00 secs] 
1459.858: [GC (Allocation Failure) [PSYoungGen: 45920K->1376K(46080K)] 413067K->368523K(562176K), 0.0029847 secs] [Times: user=0.01 sys=0.00, real=0.00 secs] 
1460.785: [GC (Allocation Failure) [PSYoungGen: 45920K->1504K(45568K)] 413067K->369027K(561664K), 0.0017732 secs] [Times: user=0.01 sys=0.00, real=0.00 secs] 
1461.585: [GC (Allocation Failure) [PSYoungGen: 45536K->1248K(46080K)] 413059K->368779K(562176K), 0.0025355 secs] [Times: user=0.01 sys=0.00, real=0.00 secs] 
1462.199: [GC (Allocation Failure) [PSYoungGen: 45280K->1248K(46080K)] 412811K->368779K(562176K), 0.0044159 secs] [Times: user=0.02 sys=0.00, real=0.01 secs] 
1462.785: [GC (Allocation Failure) [PSYoungGen: 45280K->1280K(46080K)] 412811K->368811K(562176K), 0.0034498 secs] [Times: user=0.01 sys=0.00, real=0.00 secs] 
1463.240: [GC (Allocation Failure) [PSYoungGen: 45312K->1312K(46080K)] 412843K->368843K(562176K), 0.0030589 secs] [Times: user=0.01 sys=0.00, real=0.01 secs] 
1463.708: [GC (Allocation Failure) [PSYoungGen: 45344K->1248K(46080K)] 412875K->368779K(562176K), 0.0044164 secs] [Times: user=0.02 sys=0.00, real=0.01 secs] 
1464.151: [GC (Allocation Failure) [PSYoungGen: 45280K->1312K(46080K)] 412811K->368843K(562176K), 0.0049402 secs] [Times: user=0.02 sys=0.00, real=0.01 secs] 
1465.027: [GC (Allocation Failure) [PSYoungGen: 45344K->1581K(46080K)] 412875K->369112K(562176K), 0.0020840 secs] [Times: user=0.01 sys=0.00, real=0.00 secs] 
1465.210: [GC (Allocation Failure) [PSYoungGen: 45613K->1517K(46080K)] 413144K->369048K(562176K), 0.0019698 secs] [Times: user=0.01 sys=0.00, real=0.01 secs] 
1465.394: [GC (Allocation Failure) [PSYoungGen: 45549K->1565K(46080K)] 413080K->369096K(562176K), 0.0018987 secs] [Times: user=0.01 sys=0.00, real=0.00 secs] 
1465.678: [GC (Allocation Failure) [PSYoungGen: 45597K->1549K(46080K)] 413128K->369080K(562176K), 0.0024810 secs] [Times: user=0.01 sys=0.00, real=0.00 secs] 
1466.061: [GC (Allocation Failure) [PSYoungGen: 45581K->1549K(46080K)] 413112K->369080K(562176K), 0.0021560 secs] [Times: user=0.01 sys=0.00, real=0.01 secs] 
1466.427: [GC (Allocation Failure) [PSYoungGen: 45581K->1565K(46080K)] 413112K->369112K(562176K), 0.0021654 secs] [Times: user=0.00 sys=0.00, real=0.00 secs] 
1466.793: [GC (Allocation Failure) [PSYoungGen: 45597K->1517K(46080K)] 413144K->369064K(562176K), 0.0025787 secs] [Times: user=0.01 sys=0.00, real=0.00 secs] 
1467.713: [GC (Allocation Failure) [PSYoungGen: 45549K->1597K(46080K)] 413096K->369144K(562176K), 0.0023556 secs] [Times: user=0.01 sys=0.00, real=0.00 secs] 
1468.096: [GC (Allocation Failure) [PSYoungGen: 45629K->1408K(46080K)] 413176K->369095K(562176K), 0.0027089 secs] [Times: user=0.01 sys=0.00, real=0.00 secs] 
1468.478: [GC (Allocation Failure) [PSYoungGen: 45440K->1408K(46080K)] 413127K->369095K(562176K), 0.0025585 secs] [Times: user=0.01 sys=0.00, real=0.00 secs] 
1468.869: [GC (Allocation Failure) [PSYoungGen: 45440K->1408K(46080K)] 413127K->369095K(562176K), 0.0031820 secs] [Times: user=0.01 sys=0.00, real=0.01 secs] 
1469.219: [GC (Allocation Failure) [PSYoungGen: 45440K->1341K(46080K)] 413127K->369028K(562176K), 0.0028256 secs] [Times: user=0.02 sys=0.00, real=0.01 secs] 
1469.620: [GC (Allocation Failure) [PSYoungGen: 45373K->1373K(46080K)] 413060K->369060K(562176K), 0.0026450 secs] [Times: user=0.01 sys=0.00, real=0.01 secs] 
1470.188: [GC (Allocation Failure) [PSYoungGen: 45405K->1405K(46080K)] 413092K->369092K(562176K), 0.0016016 secs] [Times: user=0.01 sys=0.00, real=0.00 secs] 
1471.047: [GC (Allocation Failure) [PSYoungGen: 45437K->1472K(46080K)] 413124K->369159K(562176K), 0.0048049 secs] [Times: user=0.02 sys=0.00, real=0.01 secs] 
1471.666: [GC (Allocation Failure) [PSYoungGen: 45504K->1360K(46080K)] 413191K->369092K(562176K), 0.0028867 secs] [Times: user=0.01 sys=0.00, real=0.00 secs] 
1472.188: [GC (Allocation Failure) [PSYoungGen: 45392K->1376K(46080K)] 413124K->369108K(562176K), 0.0036487 secs] [Times: user=0.01 sys=0.00, real=0.01 secs] 
1472.862: [GC (Allocation Failure) [PSYoungGen: 45408K->1376K(46080K)] 413140K->369108K(562176K), 0.0034547 secs] [Times: user=0.02 sys=0.00, real=0.00 secs] 
1473.355: [GC (Allocation Failure) [PSYoungGen: 45408K->1360K(46080K)] 413140K->369092K(562176K), 0.0033919 secs] [Times: user=0.01 sys=0.00, real=0.00 secs] 
1473.847: [GC (Allocation Failure) [PSYoungGen: 45392K->1376K(46080K)] 413124K->369108K(562176K), 0.0043742 secs] [Times: user=0.02 sys=0.00, real=0.00 secs] 
1474.708: [GC (Allocation Failure) [PSYoungGen: 45408K->1456K(46080K)] 413140K->369188K(562176K), 0.0018727 secs] [Times: user=0.00 sys=0.00, real=0.00 secs] 
1474.979: [GC (Allocation Failure) [PSYoungGen: 45488K->1408K(46080K)] 413220K->369140K(562176K), 0.0018657 secs] [Times: user=0.01 sys=0.00, real=0.00 secs] 
1475.376: [GC (Allocation Failure) [PSYoungGen: 45440K->1424K(46080K)] 413172K->369156K(562176K), 0.0021148 secs] [Times: user=0.01 sys=0.00, real=0.00 secs] 
1475.740: [GC (Allocation Failure) [PSYoungGen: 45456K->1392K(46080K)] 413188K->369124K(562176K), 0.0020438 secs] [Times: user=0.00 sys=0.01, real=0.01 secs] 
1476.126: [GC (Allocation Failure) [PSYoungGen: 45424K->1376K(46080K)] 413156K->369108K(562176K), 0.0020517 secs] [Times: user=0.00 sys=0.00, real=0.00 secs] 
1476.547: [GC (Allocation Failure) [PSYoungGen: 45408K->1376K(46080K)] 413140K->369124K(562176K), 0.0020493 secs] [Times: user=0.00 sys=0.00, real=0.00 secs] 
1477.030: [GC (Allocation Failure) [PSYoungGen: 45408K->1408K(45568K)] 413156K->369156K(561664K), 0.0055855 secs] [Times: user=0.01 sys=0.00, real=0.01 secs] 
1477.790: [GC (Allocation Failure) [PSYoungGen: 45440K->1440K(45568K)] 413188K->369188K(561664K), 0.0018817 secs] [Times: user=0.01 sys=0.00, real=0.01 secs] 
1477.974: [GC (Allocation Failure) [PSYoungGen: 45472K->1408K(45568K)] 413220K->369156K(561664K), 0.0018486 secs] [Times: user=0.00 sys=0.00, real=0.00 secs] 
1478.157: [GC (Allocation Failure) [PSYoungGen: 45440K->1408K(45568K)] 413188K->369156K(561664K), 0.0016302 secs] [Times: user=0.01 sys=0.00, real=0.00 secs] 
1478.340: [GC (Allocation Failure) [PSYoungGen: 45440K->1392K(45568K)] 413188K->369140K(561664K), 0.0018100 secs] [Times: user=0.01 sys=0.00, real=0.00 secs] 
1478.603: [GC (Allocation Failure) [PSYoungGen: 45424K->1376K(45568K)] 413172K->369124K(561664K), 0.0020074 secs] [Times: user=0.01 sys=0.00, real=0.00 secs] 
1478.786: [GC (Allocation Failure) [PSYoungGen: 45408K->1408K(45568K)] 413156K->369156K(561664K), 0.0021082 secs] [Times: user=0.01 sys=0.00, real=0.00 secs] 
1478.969: [GC (Allocation Failure) [PSYoungGen: 45440K->1376K(45568K)] 413188K->369124K(561664K), 0.0018610 secs] [Times: user=0.00 sys=0.00, real=0.00 secs] 
1479.616: [GC (Allocation Failure) [PSYoungGen: 45408K->1440K(45568K)] 413156K->369188K(561664K), 0.0015820 secs] [Times: user=0.00 sys=0.00, real=0.00 secs] 
1479.798: [GC (Allocation Failure) [PSYoungGen: 45472K->1376K(45568K)] 413220K->369124K(561664K), 0.0016177 secs] [Times: user=0.01 sys=0.00, real=0.00 secs] 
1479.999: [GC (Allocation Failure) [PSYoungGen: 45408K->1344K(45568K)] 413156K->369092K(561664K), 0.0016438 secs] [Times: user=0.01 sys=0.00, real=0.00 secs] 
1480.181: [GC (Allocation Failure) [PSYoungGen: 45376K->1408K(45568K)] 413124K->369156K(561664K), 0.0016333 secs] [Times: user=0.01 sys=0.00, real=0.01 secs] 
1480.363: [GC (Allocation Failure) [PSYoungGen: 45440K->1376K(45568K)] 413188K->369124K(561664K), 0.0014681 secs] [Times: user=0.00 sys=0.00, real=0.00 secs] 
1480.546: [GC (Allocation Failure) [PSYoungGen: 45408K->1408K(45568K)] 413156K->369156K(561664K), 0.0016419 secs] [Times: user=0.00 sys=0.01, real=0.00 secs] 
1480.880: [GC (Allocation Failure) [PSYoungGen: 45440K->1405K(45568K)] 413188K->369153K(561664K), 0.0014959 secs] [Times: user=0.00 sys=0.00, real=0.00 secs] 
1481.340: [GC (Allocation Failure) [PSYoungGen: 45437K->1408K(45568K)] 413185K->369164K(561664K), 0.0017115 secs] [Times: user=0.00 sys=0.01, real=0.01 secs] 
1481.522: [GC (Allocation Failure) [PSYoungGen: 45440K->1376K(45568K)] 413196K->369132K(561664K), 0.0015706 secs] [Times: user=0.01 sys=0.00, real=0.00 secs] 
1481.704: [GC (Allocation Failure) [PSYoungGen: 45408K->1376K(45568K)] 413164K->369132K(561664K), 0.0015595 secs] [Times: user=0.01 sys=0.00, real=0.00 secs] 
1481.887: [GC (Allocation Failure) [PSYoungGen: 45408K->1344K(45568K)] 413164K->369100K(561664K), 0.0019301 secs] [Times: user=0.01 sys=0.00, real=0.00 secs] 
1482.070: [GC (Allocation Failure) [PSYoungGen: 45376K->1344K(45568K)] 413132K->369100K(561664K), 0.0027827 secs] [Times: user=0.01 sys=0.00, real=0.01 secs] 
1482.254: [GC (Allocation Failure) [PSYoungGen: 45376K->1360K(45568K)] 413132K->369132K(561664K), 0.0024408 secs] [Times: user=0.01 sys=0.00, real=0.00 secs] 
1482.899: [GC (GCLocker Initiated GC) [PSYoungGen: 45392K->1405K(45568K)] 413164K->369185K(561664K), 0.0015631 secs] [Times: user=0.01 sys=0.00, real=0.00 secs] 
1484.045: [GC (Allocation Failure) [PSYoungGen: 45437K->1360K(45568K)] 413220K->369143K(561664K), 0.0046654 secs] [Times: user=0.02 sys=0.00, real=0.00 secs] 
1484.998: [GC (Allocation Failure) [PSYoungGen: 45392K->1376K(45568K)] 413175K->369159K(561664K), 0.0044456 secs] [Times: user=0.02 sys=0.00, real=0.01 secs] 
1485.534: [GC (Allocation Failure) [PSYoungGen: 45408K->1344K(45568K)] 413191K->369127K(561664K), 0.0046141 secs] [Times: user=0.02 sys=0.00, real=0.00 secs] 
1486.185: [GC (Allocation Failure) [PSYoungGen: 45376K->1376K(45568K)] 413159K->369159K(561664K), 0.0042018 secs] [Times: user=0.02 sys=0.00, real=0.00 secs] 
1486.628: [GC (Allocation Failure) [PSYoungGen: 45408K->1344K(45568K)] 413191K->369127K(561664K), 0.0046349 secs] [Times: user=0.02 sys=0.00, real=0.01 secs] 
1487.031: [GC (Allocation Failure) [PSYoungGen: 45376K->1312K(45568K)] 413159K->369095K(561664K), 0.0026289 secs] [Times: user=0.02 sys=0.00, real=0.01 secs] 
1487.908: [GC (Allocation Failure) [PSYoungGen: 45344K->1440K(45568K)] 413127K->369223K(561664K), 0.0020169 secs] [Times: user=0.01 sys=0.00, real=0.00 secs] 
1488.431: [GC (Allocation Failure) [PSYoungGen: 45472K->1376K(45568K)] 413255K->369159K(561664K), 0.0021290 secs] [Times: user=0.01 sys=0.00, real=0.01 secs] 
1488.943: [GC (Allocation Failure) [PSYoungGen: 45408K->1376K(45568K)] 413191K->369159K(561664K), 0.0031812 secs] [Times: user=0.01 sys=0.00, real=0.00 secs] 
1489.271: [GC (Allocation Failure) [PSYoungGen: 45408K->1376K(45568K)] 413191K->369159K(561664K), 0.0037073 secs] [Times: user=0.02 sys=0.00, real=0.01 secs] 
1489.617: [GC (Allocation Failure) [PSYoungGen: 45408K->1360K(45568K)] 413191K->369143K(561664K), 0.0035376 secs] [Times: user=0.02 sys=0.00, real=0.00 secs] 
1489.933: [GC (Allocation Failure) [PSYoungGen: 45392K->1408K(45568K)] 413175K->369191K(561664K), 0.0024295 secs] [Times: user=0.01 sys=0.00, real=0.00 secs] 
1490.277: [GC (Allocation Failure) [PSYoungGen: 45440K->1408K(45568K)] 413223K->369191K(561664K), 0.0022682 secs] [Times: user=0.01 sys=0.00, real=0.00 secs] 
1490.929: [GC (Allocation Failure) [PSYoungGen: 45440K->1440K(45568K)] 413223K->369223K(561664K), 0.0016929 secs] [Times: user=0.00 sys=0.00, real=0.00 secs] 
1491.112: [GC (Allocation Failure) [PSYoungGen: 45472K->1408K(45568K)] 413255K->369191K(561664K), 0.0018732 secs] [Times: user=0.01 sys=0.00, real=0.00 secs] 
1491.295: [GC (Allocation Failure) [PSYoungGen: 45440K->1376K(45568K)] 413223K->369207K(561664K), 0.0018889 secs] [Times: user=0.01 sys=0.00, real=0.00 secs] 
1491.478: [GC (Allocation Failure) [PSYoungGen: 45408K->1328K(45568K)] 413239K->369159K(561664K), 0.0016369 secs] [Times: user=0.01 sys=0.00, real=0.00 secs] 
1491.666: [GC (Allocation Failure) [PSYoungGen: 45360K->1376K(45568K)] 413191K->369207K(561664K), 0.0018510 secs] [Times: user=0.00 sys=0.00, real=0.00 secs] 
1491.849: [GC (Allocation Failure) [PSYoungGen: 45408K->1344K(45568K)] 413239K->369175K(561664K), 0.0018614 secs] [Times: user=0.01 sys=0.00, real=0.00 secs] 
1492.129: [GC (Allocation Failure) [PSYoungGen: 45376K->1405K(45568K)] 413207K->369236K(561664K), 0.0015085 secs] [Times: user=0.00 sys=0.00, real=0.00 secs] 
1492.736: [GC (Allocation Failure) [PSYoungGen: 45437K->1408K(45568K)] 413268K->369239K(561664K), 0.0018737 secs] [Times: user=0.00 sys=0.00, real=0.00 secs] 
1493.090: [GC (Allocation Failure) [PSYoungGen: 45440K->1344K(45568K)] 413271K->369175K(561664K), 0.0028293 secs] [Times: user=0.01 sys=0.00, real=0.01 secs] 
1493.467: [GC (Allocation Failure) [PSYoungGen: 45376K->1376K(45568K)] 413207K->369207K(561664K), 0.0044068 secs] [Times: user=0.02 sys=0.00, real=0.00 secs] 
1493.843: [GC (Allocation Failure) [PSYoungGen: 45408K->1344K(45568K)] 413239K->369191K(561664K), 0.0033559 secs] [Times: user=0.01 sys=0.00, real=0.00 secs] 
1494.325: [GC (Allocation Failure) [PSYoungGen: 45376K->1328K(45568K)] 413223K->369175K(561664K), 0.0029986 secs] [Times: user=0.01 sys=0.01, real=0.00 secs] 
1494.710: [GC (Allocation Failure) [PSYoungGen: 45360K->1376K(45568K)] 413207K->369223K(561664K), 0.0030593 secs] [Times: user=0.01 sys=0.00, real=0.01 secs] 
1495.478: [GC (Allocation Failure) [PSYoungGen: 45408K->1373K(45568K)] 413255K->369220K(561664K), 0.0015800 secs] [Times: user=0.01 sys=0.00, real=0.00 secs] 
1495.815: [GC (Allocation Failure) [PSYoungGen: 45405K->1424K(45568K)] 413252K->369271K(561664K), 0.0020786 secs] [Times: user=0.01 sys=0.00, real=0.00 secs] 
1496.044: [GC (Allocation Failure) [PSYoungGen: 45456K->1376K(45568K)] 413303K->369231K(561664K), 0.0020518 secs] [Times: user=0.00 sys=0.00, real=0.00 secs] 
1496.228: [GC (Allocation Failure) [PSYoungGen: 45408K->1408K(45568K)] 413263K->369263K(561664K), 0.0019718 secs] [Times: user=0.01 sys=0.00, real=0.00 secs] 
1496.411: [GC (Allocation Failure) [PSYoungGen: 45440K->1376K(45568K)] 413295K->369231K(561664K), 0.0018519 secs] [Times: user=0.00 sys=0.00, real=0.01 secs] 
1496.594: [GC (Allocation Failure) [PSYoungGen: 45408K->1344K(45568K)] 413263K->369199K(561664K), 0.0021695 secs] [Times: user=0.01 sys=0.00, real=0.00 secs] 
1496.777: [GC (Allocation Failure) [PSYoungGen: 45376K->1376K(45568K)] 413231K->369231K(561664K), 0.0018718 secs] [Times: user=0.00 sys=0.00, real=0.00 secs] 
1497.451: [GC (Allocation Failure) [PSYoungGen: 45408K->928K(45568K)] 413263K->369815K(561664K), 0.0018562 secs] [Times: user=0.01 sys=0.00, real=0.01 secs] 
1497.645: [GC (Allocation Failure) [PSYoungGen: 44960K->320K(45568K)] 413847K->369207K(561664K), 0.0016589 secs] [Times: user=0.01 sys=0.00, real=0.00 secs] 
1497.829: [GC (Allocation Failure) [PSYoungGen: 44352K->352K(46080K)] 413239K->369239K(562176K), 0.0015772 secs] [Times: user=0.01 sys=0.00, real=0.00 secs] 
1498.027: [GC (Allocation Failure) [PSYoungGen: 44384K->352K(46080K)] 413271K->369239K(562176K), 0.0015874 secs] [Times: user=0.01 sys=0.00, real=0.00 secs] 
1498.209: [GC (Allocation Failure) [PSYoungGen: 44384K->384K(46080K)] 413271K->369271K(562176K), 0.0015820 secs] [Times: user=0.00 sys=0.00, real=0.00 secs] 
1498.735: [GC (Allocation Failure) [PSYoungGen: 44416K->352K(46080K)] 413303K->369239K(562176K), 0.0019603 secs] [Times: user=0.01 sys=0.00, real=0.00 secs] 
1499.250: [GC (Allocation Failure) [PSYoungGen: 44384K->320K(46080K)] 413271K->369207K(562176K), 0.0018539 secs] [Times: user=0.00 sys=0.00, real=0.01 secs] 
1500.068: [GC (Allocation Failure) [PSYoungGen: 44352K->1408K(46080K)] 413239K->370295K(562176K), 0.0017514 secs] [Times: user=0.00 sys=0.00, real=0.00 secs] 
1500.539: [GC (Allocation Failure) [PSYoungGen: 45440K->1376K(45568K)] 414327K->370263K(561664K), 0.0018651 secs] [Times: user=0.01 sys=0.00, real=0.00 secs] 
1500.975: [GC (Allocation Failure) [PSYoungGen: 44896K->1344K(46080K)] 413783K->370239K(562176K), 0.0020677 secs] [Times: user=0.00 sys=0.00, real=0.00 secs] 
1501.163: [GC (Allocation Failure) [PSYoungGen: 44864K->1376K(46080K)] 413759K->370271K(562176K), 0.0019565 secs] [Times: user=0.01 sys=0.00, real=0.00 secs] 
1501.344: [GC (Allocation Failure) [PSYoungGen: 44896K->1344K(46080K)] 413791K->370239K(562176K), 0.0019509 secs] [Times: user=0.01 sys=0.00, real=0.00 secs] 
1501.525: [GC (Allocation Failure) [PSYoungGen: 44864K->1440K(46080K)] 413759K->370335K(562176K), 0.0017732 secs] [Times: user=0.01 sys=0.00, real=0.00 secs] 
1501.810: [GC (Allocation Failure) [PSYoungGen: 44960K->1408K(46080K)] 413855K->370303K(562176K), 0.0018411 secs] [Times: user=0.01 sys=0.00, real=0.01 secs] 
1502.668: [GC (Allocation Failure) [PSYoungGen: 44928K->1472K(46080K)] 413823K->370367K(562176K), 0.0017792 secs] [Times: user=0.01 sys=0.00, real=0.00 secs] 
1503.118: [GC (Allocation Failure) [PSYoungGen: 44992K->1344K(46080K)] 413887K->370239K(562176K), 0.0020257 secs] [Times: user=0.00 sys=0.00, real=0.00 secs] 
1503.541: [GC (Allocation Failure) [PSYoungGen: 44864K->1376K(46080K)] 413759K->370271K(562176K), 0.0021500 secs] [Times: user=0.01 sys=0.01, real=0.01 secs] 
1503.736: [GC (Allocation Failure) [PSYoungGen: 44896K->1408K(46080K)] 413791K->370303K(562176K), 0.0020917 secs] [Times: user=0.00 sys=0.00, real=0.00 secs] 
1503.947: [GC (Allocation Failure) [PSYoungGen: 44928K->1408K(46080K)] 413823K->370303K(562176K), 0.0021023 secs] [Times: user=0.01 sys=0.00, real=0.00 secs] 
1504.147: [GC (Allocation Failure) [PSYoungGen: 44928K->1424K(46080K)] 413823K->370319K(562176K), 0.0020894 secs] [Times: user=0.01 sys=0.00, real=0.00 secs] 
1504.485: [GC (Allocation Failure) [PSYoungGen: 44944K->1437K(45056K)] 413839K->370356K(561152K), 0.0015981 secs] [Times: user=0.00 sys=0.00, real=0.00 secs] 
1506.499: [GC (Allocation Failure) [PSYoungGen: 44957K->1408K(45568K)] 413876K->370327K(561664K), 0.0041052 secs] [Times: user=0.02 sys=0.00, real=0.01 secs] 
1506.783: [GC (Allocation Failure) [PSYoungGen: 44928K->1344K(45568K)] 413847K->370263K(561664K), 0.0023526 secs] [Times: user=0.01 sys=0.00, real=0.00 secs] 
1506.995: [GC (Allocation Failure) [PSYoungGen: 44864K->1376K(45568K)] 413783K->370295K(561664K), 0.0020798 secs] [Times: user=0.01 sys=0.00, real=0.00 secs] 
1507.414: [GC (Allocation Failure) [PSYoungGen: 44896K->1376K(45568K)] 413815K->370295K(561664K), 0.0019183 secs] [Times: user=0.01 sys=0.00, real=0.00 secs] 
1507.977: [GC (Allocation Failure) [PSYoungGen: 44896K->1408K(45568K)] 413815K->370327K(561664K), 0.0018631 secs] [Times: user=0.01 sys=0.00, real=0.00 secs] 
1508.545: [GC (Allocation Failure) [PSYoungGen: 44928K->1408K(45568K)] 413847K->370327K(561664K), 0.0017935 secs] [Times: user=0.01 sys=0.00, real=0.00 secs] 
1509.338: [GC (Allocation Failure) [PSYoungGen: 44928K->1373K(45568K)] 413847K->370292K(561664K), 0.0014995 secs] [Times: user=0.01 sys=0.00, real=0.00 secs] 
1509.705: [GC (Allocation Failure) [PSYoungGen: 44893K->1392K(45568K)] 413812K->370311K(561664K), 0.0018639 secs] [Times: user=0.01 sys=0.00, real=0.00 secs] 
1509.952: [GC (Allocation Failure) [PSYoungGen: 44912K->1376K(45568K)] 413831K->370295K(561664K), 0.0019508 secs] [Times: user=0.01 sys=0.00, real=0.00 secs] 
1510.187: [GC (Allocation Failure) [PSYoungGen: 44896K->1376K(45568K)] 413815K->370295K(561664K), 0.0021513 secs] [Times: user=0.01 sys=0.00, real=0.00 secs] 
1510.377: [GC (Allocation Failure) [PSYoungGen: 44896K->1408K(45568K)] 413815K->370327K(561664K), 0.0020635 secs] [Times: user=0.01 sys=0.00, real=0.00 secs] 
1510.565: [GC (Allocation Failure) [PSYoungGen: 44928K->1344K(45568K)] 413847K->370263K(561664K), 0.0019457 secs] [Times: user=0.01 sys=0.00, real=0.00 secs] 
1510.759: [GC (Allocation Failure) [PSYoungGen: 44864K->1408K(45568K)] 413783K->370327K(561664K), 0.0019784 secs] [Times: user=0.00 sys=0.00, real=0.00 secs] 
1511.545: [GC (Allocation Failure) [PSYoungGen: 44245K->192K(45568K)] 413165K->369111K(561664K), 0.0015517 secs] [Times: user=0.01 sys=0.00, real=0.00 secs] 
1511.989: [GC (Allocation Failure) [PSYoungGen: 43712K->1376K(45568K)] 412631K->370295K(561664K), 0.0017269 secs] [Times: user=0.01 sys=0.00, real=0.00 secs] 
1512.676: [GC (Allocation Failure) [PSYoungGen: 44896K->1408K(45568K)] 413815K->370327K(561664K), 0.0043092 secs] [Times: user=0.02 sys=0.00, real=0.00 secs] 
1513.396: [GC (Allocation Failure) [PSYoungGen: 44928K->1376K(45568K)] 413847K->370295K(561664K), 0.0043702 secs] [Times: user=0.02 sys=0.00, real=0.00 secs] 
1514.091: [GC (Allocation Failure) [PSYoungGen: 44896K->1344K(45568K)] 413815K->370263K(561664K), 0.0041784 secs] [Times: user=0.02 sys=0.00, real=0.01 secs] 
1514.643: [GC (Allocation Failure) [PSYoungGen: 44864K->1408K(45568K)] 413783K->370327K(561664K), 0.0034394 secs] [Times: user=0.02 sys=0.00, real=0.00 secs] 
1515.628: [GC (Allocation Failure) [PSYoungGen: 44928K->1344K(45568K)] 413847K->370263K(561664K), 0.0044026 secs] [Times: user=0.02 sys=0.00, real=0.01 secs] 
1517.057: [GC (Allocation Failure) [PSYoungGen: 44602K->1984K(45568K)] 413522K->370903K(561664K), 0.0020240 secs] [Times: user=0.01 sys=0.00, real=0.00 secs] 
1517.561: [GC (Allocation Failure) [PSYoungGen: 45504K->1376K(45568K)] 414423K->370319K(561664K), 0.0020496 secs] [Times: user=0.01 sys=0.00, real=0.01 secs] 
1517.997: [GC (Allocation Failure) [PSYoungGen: 44896K->1344K(45568K)] 413839K->370287K(561664K), 0.0020908 secs] [Times: user=0.01 sys=0.00, real=0.00 secs] 
1518.478: [GC (Allocation Failure) [PSYoungGen: 44864K->1376K(45568K)] 413807K->370319K(561664K), 0.0022163 secs] [Times: user=0.01 sys=0.00, real=0.00 secs] 
1519.321: [GC (Allocation Failure) [PSYoungGen: 44896K->1376K(45568K)] 413839K->370319K(561664K), 0.0023455 secs] [Times: user=0.01 sys=0.00, real=0.01 secs] 
1519.678: [GC (Allocation Failure) [PSYoungGen: 44896K->1376K(45568K)] 413839K->370319K(561664K), 0.0021585 secs] [Times: user=0.01 sys=0.00, real=0.00 secs] 
1520.021: [GC (Allocation Failure) [PSYoungGen: 44896K->1376K(45568K)] 413839K->370319K(561664K), 0.0023314 secs] [Times: user=0.01 sys=0.00, real=0.01 secs] 
1521.066: [GC (Allocation Failure) [PSYoungGen: 44896K->1392K(45568K)] 413839K->370335K(561664K), 0.0026861 secs] [Times: user=0.01 sys=0.00, real=0.00 secs] 
1521.564: [GC (Allocation Failure) [PSYoungGen: 44912K->1344K(45568K)] 413855K->370287K(561664K), 0.0043704 secs] [Times: user=0.02 sys=0.00, real=0.00 secs] 
1521.789: [GC (Allocation Failure) [PSYoungGen: 44864K->1344K(45568K)] 413807K->370287K(561664K), 0.0022757 secs] [Times: user=0.01 sys=0.00, real=0.00 secs] 
1522.192: [GC (Allocation Failure) [PSYoungGen: 44864K->1360K(45568K)] 413807K->370303K(561664K), 0.0043891 secs] [Times: user=0.02 sys=0.00, real=0.00 secs] 
1522.831: [GC (Allocation Failure) [PSYoungGen: 44880K->1376K(45568K)] 413823K->370319K(561664K), 0.0044965 secs] [Times: user=0.02 sys=0.00, real=0.01 secs] 
1523.445: [GC (Allocation Failure) [PSYoungGen: 44896K->1376K(45568K)] 413839K->370319K(561664K), 0.0042820 secs] [Times: user=0.01 sys=0.00, real=0.00 secs] 
1524.075: [GC (Allocation Failure) [PSYoungGen: 44896K->1376K(45568K)] 413839K->370319K(561664K), 0.0043003 secs] [Times: user=0.01 sys=0.00, real=0.00 secs] 
1524.929: [GC (Allocation Failure) [PSYoungGen: 44896K->1440K(45568K)] 413839K->370383K(561664K), 0.0020150 secs] [Times: user=0.01 sys=0.00, real=0.00 secs] 
1525.116: [GC (Allocation Failure) [PSYoungGen: 44960K->1376K(45056K)] 413903K->370319K(561152K), 0.0021164 secs] [Times: user=0.00 sys=0.00, real=0.00 secs] 
1525.436: [GC (Allocation Failure) [PSYoungGen: 44896K->1344K(45056K)] 413839K->370287K(561152K), 0.0018554 secs] [Times: user=0.01 sys=0.00, real=0.00 secs] 
1525.823: [GC (Allocation Failure) [PSYoungGen: 44864K->384K(44544K)] 413807K->370351K(560640K), 0.0019159 secs] [Times: user=0.00 sys=0.00, real=0.00 secs] 
1526.185: [GC (Allocation Failure) [PSYoungGen: 43904K->352K(45568K)] 413871K->370319K(561664K), 0.0020168 secs] [Times: user=0.01 sys=0.00, real=0.00 secs] 
1526.569: [GC (Allocation Failure) [PSYoungGen: 43872K->352K(45568K)] 413839K->370335K(561664K), 0.0028530 secs] [Times: user=0.01 sys=0.00, real=0.01 secs] 
1526.948: [GC (Allocation Failure) [PSYoungGen: 43871K->320K(45568K)] 413855K->370303K(561664K), 0.0029162 secs] [Times: user=0.01 sys=0.00, real=0.00 secs] 
1528.131: [GC (Allocation Failure) [PSYoungGen: 43840K->1376K(45568K)] 413823K->371359K(561664K), 0.0027054 secs] [Times: user=0.01 sys=0.00, real=0.01 secs] 
1528.909: [GC (Allocation Failure) [PSYoungGen: 44896K->1360K(45568K)] 414879K->371343K(561664K), 0.0035037 secs] [Times: user=0.02 sys=0.00, real=0.01 secs] 
1529.344: [GC (Allocation Failure) [PSYoungGen: 44880K->1360K(45568K)] 414863K->371343K(561664K), 0.0026442 secs] [Times: user=0.01 sys=0.00, real=0.00 secs] 
1529.552: [GC (Allocation Failure) [PSYoungGen: 44880K->1408K(45568K)] 414863K->371391K(561664K), 0.0021224 secs] [Times: user=0.00 sys=0.00, real=0.00 secs] 
1529.874: [GC (Allocation Failure) [PSYoungGen: 44928K->1376K(45568K)] 414911K->371359K(561664K), 0.0020157 secs] [Times: user=0.00 sys=0.00, real=0.00 secs] 
1530.263: [GC (Allocation Failure) [PSYoungGen: 44896K->1408K(45568K)] 414879K->371391K(561664K), 0.0021604 secs] [Times: user=0.01 sys=0.00, real=0.00 secs] 
1530.849: [GC (Allocation Failure) [PSYoungGen: 44928K->1408K(45568K)] 414911K->371391K(561664K), 0.0015548 secs] [Times: user=0.01 sys=0.00, real=0.00 secs] 
1531.402: [GC (Allocation Failure) [PSYoungGen: 44928K->1440K(45568K)] 414911K->371423K(561664K), 0.0019969 secs] [Times: user=0.01 sys=0.00, real=0.00 secs] 
1531.618: [GC (Allocation Failure) [PSYoungGen: 44960K->1376K(45568K)] 414943K->371359K(561664K), 0.0020298 secs] [Times: user=0.01 sys=0.00, real=0.00 secs] 
1531.824: [GC (Allocation Failure) [PSYoungGen: 44896K->1408K(45568K)] 414879K->371391K(561664K), 0.0019315 secs] [Times: user=0.01 sys=0.00, real=0.00 secs] 
1532.201: [GC (Allocation Failure) [PSYoungGen: 44928K->1392K(45568K)] 414911K->371375K(561664K), 0.0020687 secs] [Times: user=0.01 sys=0.00, real=0.01 secs] 
1532.548: [GC (Allocation Failure) [PSYoungGen: 44912K->1408K(45568K)] 414895K->371391K(561664K), 0.0019885 secs] [Times: user=0.01 sys=0.00, real=0.00 secs] 
1532.920: [GC (Allocation Failure) [PSYoungGen: 44928K->1376K(45568K)] 414911K->371359K(561664K), 0.0020679 secs] [Times: user=0.00 sys=0.00, real=0.01 secs] 
1533.651: [GC (Allocation Failure) [PSYoungGen: 44896K->1437K(45568K)] 414879K->371420K(561664K), 0.0016187 secs] [Times: user=0.01 sys=0.00, real=0.01 secs] 
1533.973: [GC (Allocation Failure) [PSYoungGen: 44957K->1488K(45568K)] 414940K->371471K(561664K), 0.0019604 secs] [Times: user=0.01 sys=0.00, real=0.00 secs] 
1534.154: [GC (Allocation Failure) [PSYoungGen: 45008K->1408K(45568K)] 414991K->371391K(561664K), 0.0017448 secs] [Times: user=0.01 sys=0.00, real=0.00 secs] 
1534.335: [GC (Allocation Failure) [PSYoungGen: 44928K->1344K(45568K)] 414911K->371343K(561664K), 0.0018526 secs] [Times: user=0.01 sys=0.00, real=0.00 secs] 
1534.516: [GC (Allocation Failure) [PSYoungGen: 44864K->1408K(45568K)] 414863K->371407K(561664K), 0.0019324 secs] [Times: user=0.01 sys=0.00, real=0.00 secs] 
1534.697: [GC (Allocation Failure) [PSYoungGen: 44928K->1344K(45568K)] 414927K->371343K(561664K), 0.0033562 secs] [Times: user=0.01 sys=0.01, real=0.00 secs] 
1534.880: [GC (Allocation Failure) [PSYoungGen: 44864K->1376K(45568K)] 414863K->371375K(561664K), 0.0025088 secs] [Times: user=0.01 sys=0.00, real=0.01 secs] 
1535.521: [GC (Allocation Failure) [PSYoungGen: 44896K->1680K(45568K)] 414895K->371679K(561664K), 0.0019417 secs] [Times: user=0.01 sys=0.00, real=0.01 secs] 
1535.706: [GC (Allocation Failure) [PSYoungGen: 45200K->1376K(45568K)] 415199K->371375K(561664K), 0.0019467 secs] [Times: user=0.01 sys=0.00, real=0.00 secs] 
1535.888: [GC (Allocation Failure) [PSYoungGen: 44896K->1376K(45056K)] 414895K->371375K(561152K), 0.0020919 secs] [Times: user=0.00 sys=0.00, real=0.00 secs] 
1536.069: [GC (Allocation Failure) [PSYoungGen: 44896K->1344K(48640K)] 414895K->371343K(564736K), 0.0018760 secs] [Times: user=0.01 sys=0.00, real=0.00 secs] 
1536.262: [GC (Allocation Failure) [PSYoungGen: 47936K->1376K(48128K)] 417935K->371383K(564224K), 0.0018071 secs] [Times: user=0.01 sys=0.00, real=0.00 secs] 
1536.456: [GC (Allocation Failure) [PSYoungGen: 47968K->1376K(48128K)] 417975K->371383K(564224K), 0.0019570 secs] [Times: user=0.01 sys=0.00, real=0.00 secs] 
1536.655: [GC (Allocation Failure) [PSYoungGen: 47968K->1344K(48128K)] 417975K->371351K(564224K), 0.0019824 secs] [Times: user=0.00 sys=0.00, real=0.00 secs] 
1537.610: [GC (Allocation Failure) [PSYoungGen: 47936K->1440K(48128K)] 417943K->371559K(564224K), 0.0029070 secs] [Times: user=0.01 sys=0.00, real=0.01 secs] 
1538.200: [GC (Allocation Failure) [PSYoungGen: 48032K->1408K(48640K)] 418151K->371527K(564736K), 0.0028867 secs] [Times: user=0.02 sys=0.00, real=0.01 secs] 
1538.789: [GC (Allocation Failure) [PSYoungGen: 48000K->1376K(48640K)] 418119K->371495K(564736K), 0.0030228 secs] [Times: user=0.02 sys=0.00, real=0.01 secs] 
1539.386: [GC (Allocation Failure) [PSYoungGen: 47968K->1392K(48640K)] 418087K->371511K(564736K), 0.0030634 secs] [Times: user=0.01 sys=0.00, real=0.00 secs] 
1539.899: [GC (Allocation Failure) [PSYoungGen: 47984K->1408K(48640K)] 418103K->371527K(564736K), 0.0028886 secs] [Times: user=0.01 sys=0.01, real=0.01 secs] 
1540.417: [GC (Allocation Failure) [PSYoungGen: 48000K->1376K(48640K)] 418119K->371495K(564736K), 0.0030354 secs] [Times: user=0.02 sys=0.00, real=0.00 secs] 
1541.516: [GC (Allocation Failure) [PSYoungGen: 47968K->1568K(48640K)] 418087K->371687K(564736K), 0.0018193 secs] [Times: user=0.01 sys=0.00, real=0.00 secs] 
1541.978: [GC (Allocation Failure) [PSYoungGen: 48160K->1376K(48640K)] 418279K->371495K(564736K), 0.0034204 secs] [Times: user=0.02 sys=0.00, real=0.00 secs] 
1542.377: [GC (Allocation Failure) [PSYoungGen: 47968K->1408K(48640K)] 418087K->371527K(564736K), 0.0028731 secs] [Times: user=0.02 sys=0.00, real=0.00 secs] 
1542.648: [GC (Allocation Failure) [PSYoungGen: 48000K->1408K(48640K)] 418119K->371527K(564736K), 0.0022405 secs] [Times: user=0.01 sys=0.00, real=0.00 secs] 
1542.844: [GC (Allocation Failure) [PSYoungGen: 48000K->1392K(48640K)] 418119K->371511K(564736K), 0.0021479 secs] [Times: user=0.01 sys=0.00, real=0.00 secs] 
1543.038: [GC (Allocation Failure) [PSYoungGen: 47984K->1440K(48640K)] 418103K->371559K(564736K), 0.0020963 secs] [Times: user=0.01 sys=0.00, real=0.00 secs] 
1543.331: [GC (Allocation Failure) [PSYoungGen: 48032K->1405K(48128K)] 418151K->371524K(564224K), 0.0020705 secs] [Times: user=0.01 sys=0.00, real=0.01 secs] 
1544.809: [GC (Allocation Failure) [PSYoungGen: 47997K->1376K(48128K)] 418116K->371495K(564224K), 0.0044818 secs] [Times: user=0.01 sys=0.00, real=0.01 secs] 
1545.513: [GC (Allocation Failure) [PSYoungGen: 47968K->1440K(48128K)] 418087K->371559K(564224K), 0.0034282 secs] [Times: user=0.01 sys=0.00, real=0.00 secs] 
1545.905: [GC (Allocation Failure) [PSYoungGen: 48032K->1344K(48128K)] 418151K->371471K(564224K), 0.0034776 secs] [Times: user=0.01 sys=0.00, real=0.00 secs] 
1546.617: [GC (Allocation Failure) [PSYoungGen: 47936K->1344K(48128K)] 418063K->371471K(564224K), 0.0029267 secs] [Times: user=0.01 sys=0.00, real=0.00 secs] 
1547.274: [GC (Allocation Failure) [PSYoungGen: 47936K->1376K(48128K)] 418063K->371519K(564224K), 0.0036892 secs] [Times: user=0.01 sys=0.00, real=0.00 secs] 
1548.030: [GC (Allocation Failure) [PSYoungGen: 47968K->1408K(48128K)] 418111K->371551K(564224K), 0.0044881 secs] [Times: user=0.02 sys=0.00, real=0.01 secs] 
1548.995: [GC (Allocation Failure) [PSYoungGen: 48000K->1440K(48128K)] 418143K->371583K(564224K), 0.0018381 secs] [Times: user=0.01 sys=0.00, real=0.00 secs] 
1549.200: [GC (Allocation Failure) [PSYoungGen: 48032K->1408K(48128K)] 418175K->371551K(564224K), 0.0019891 secs] [Times: user=0.01 sys=0.00, real=0.01 secs] 
1549.417: [GC (Allocation Failure) [PSYoungGen: 48000K->1344K(48128K)] 418143K->371487K(564224K), 0.0020155 secs] [Times: user=0.00 sys=0.00, real=0.00 secs] 
1549.641: [GC (Allocation Failure) [PSYoungGen: 47936K->1408K(48128K)] 418079K->371551K(564224K), 0.0019435 secs] [Times: user=0.00 sys=0.00, real=0.01 secs] 
1549.836: [GC (Allocation Failure) [PSYoungGen: 48000K->1376K(48128K)] 418143K->371519K(564224K), 0.0032699 secs] [Times: user=0.01 sys=0.00, real=0.00 secs] 
1550.041: [GC (Allocation Failure) [PSYoungGen: 47968K->1344K(48128K)] 418111K->371487K(564224K), 0.0027599 secs] [Times: user=0.02 sys=0.00, real=0.01 secs] 
1550.592: [GC (Allocation Failure) [PSYoungGen: 47936K->1373K(48128K)] 418079K->371516K(564224K), 0.0014836 secs] [Times: user=0.00 sys=0.00, real=0.00 secs] 
1550.921: [GC (Allocation Failure) [PSYoungGen: 47965K->1408K(48128K)] 418108K->371559K(564224K), 0.0019598 secs] [Times: user=0.01 sys=0.00, real=0.01 secs] 
1551.135: [GC (Allocation Failure) [PSYoungGen: 48000K->1424K(48128K)] 418151K->371575K(564224K), 0.0021990 secs] [Times: user=0.01 sys=0.00, real=0.00 secs] 
1551.442: [GC (Allocation Failure) [PSYoungGen: 48016K->1376K(48128K)] 418167K->371527K(564224K), 0.0021041 secs] [Times: user=0.01 sys=0.00, real=0.00 secs] 
1551.807: [GC (Allocation Failure) [PSYoungGen: 47968K->1376K(48128K)] 418119K->371527K(564224K), 0.0034450 secs] [Times: user=0.01 sys=0.00, real=0.00 secs] 
1552.204: [GC (Allocation Failure) [PSYoungGen: 47968K->1312K(48128K)] 418119K->371463K(564224K), 0.0036463 secs] [Times: user=0.01 sys=0.00, real=0.00 secs] 
1552.563: [GC (Allocation Failure) [PSYoungGen: 47904K->1376K(48128K)] 418055K->371527K(564224K), 0.0029197 secs] [Times: user=0.02 sys=0.00, real=0.00 secs] 
1553.504: [GC (Allocation Failure) [PSYoungGen: 47968K->1408K(48128K)] 418119K->371583K(564224K), 0.0019006 secs] [Times: user=0.01 sys=0.00, real=0.00 secs] 
1553.950: [GC (Allocation Failure) [PSYoungGen: 48000K->1360K(48128K)] 418175K->371535K(564224K), 0.0034015 secs] [Times: user=0.01 sys=0.00, real=0.01 secs] 
1554.256: [GC (Allocation Failure) [PSYoungGen: 47952K->1376K(48128K)] 418127K->371551K(564224K), 0.0025760 secs] [Times: user=0.01 sys=0.00, real=0.00 secs] 
1554.436: [GC (Allocation Failure) [PSYoungGen: 47968K->1376K(48128K)] 418143K->371551K(564224K), 0.0019904 secs] [Times: user=0.01 sys=0.00, real=0.00 secs] 
1554.629: [GC (Allocation Failure) [PSYoungGen: 47968K->1360K(48128K)] 418143K->371535K(564224K), 0.0020733 secs] [Times: user=0.00 sys=0.00, real=0.00 secs] 
1554.823: [GC (Allocation Failure) [PSYoungGen: 47952K->1376K(48128K)] 418127K->371551K(564224K), 0.0019564 secs] [Times: user=0.01 sys=0.00, real=0.00 secs] 
1555.522: [GC (Allocation Failure) [PSYoungGen: 47968K->1520K(48128K)] 418143K->371779K(564224K), 0.0019201 secs] [Times: user=0.01 sys=0.00, real=0.00 secs] 
1556.458: [GC (Allocation Failure) [PSYoungGen: 48112K->1312K(48128K)] 418371K->371571K(564224K), 0.0033460 secs] [Times: user=0.01 sys=0.00, real=0.00 secs] 
1557.206: [GC (Allocation Failure) [PSYoungGen: 47904K->1344K(48128K)] 418163K->371603K(564224K), 0.0037735 secs] [Times: user=0.02 sys=0.00, real=0.00 secs] 
1557.710: [GC (Allocation Failure) [PSYoungGen: 47936K->1344K(48128K)] 418195K->371603K(564224K), 0.0028669 secs] [Times: user=0.01 sys=0.00, real=0.01 secs] 
1558.210: [GC (Allocation Failure) [PSYoungGen: 47936K->1328K(48128K)] 418195K->371587K(564224K), 0.0022974 secs] [Times: user=0.01 sys=0.00, real=0.01 secs] 
1558.834: [GC (Allocation Failure) [PSYoungGen: 47920K->1344K(48128K)] 418179K->371603K(564224K), 0.0030297 secs] [Times: user=0.01 sys=0.00, real=0.00 secs] 
1559.405: [GC (Allocation Failure) [PSYoungGen: 47936K->1405K(48128K)] 418195K->372688K(564224K), 0.0015543 secs] [Times: user=0.01 sys=0.00, real=0.00 secs] 
1560.047: [GC (Allocation Failure) [PSYoungGen: 47997K->1408K(48128K)] 419280K->372691K(564224K), 0.0018438 secs] [Times: user=0.01 sys=0.00, real=0.00 secs] 
1560.474: [GC (Allocation Failure) [PSYoungGen: 48000K->1424K(48128K)] 419283K->372707K(564224K), 0.0017864 secs] [Times: user=0.01 sys=0.00, real=0.00 secs] 
1560.830: [GC (Allocation Failure) [PSYoungGen: 48016K->1408K(48128K)] 419299K->372699K(564224K), 0.0017744 secs] [Times: user=0.01 sys=0.00, real=0.01 secs] 
1561.164: [GC (Allocation Failure) [PSYoungGen: 48000K->1408K(48128K)] 419291K->372699K(564224K), 0.0020310 secs] [Times: user=0.01 sys=0.00, real=0.00 secs] 
1561.534: [GC (Allocation Failure) [PSYoungGen: 48000K->1408K(48128K)] 419291K->372699K(564224K), 0.0020879 secs] [Times: user=0.01 sys=0.00, real=0.00 secs] 
1562.076: [GC (Allocation Failure) [PSYoungGen: 48000K->1392K(48128K)] 419291K->372683K(564224K), 0.0022884 secs] [Times: user=0.01 sys=0.00, real=0.00 secs] 
1563.324: [GC (Allocation Failure) [PSYoungGen: 47984K->1440K(48128K)] 419275K->372731K(564224K), 0.0044214 secs] [Times: user=0.02 sys=0.00, real=0.00 secs] 
1563.791: [GC (Allocation Failure) [PSYoungGen: 48032K->1424K(48128K)] 419323K->372715K(564224K), 0.0034722 secs] [Times: user=0.02 sys=0.00, real=0.01 secs] 
1564.281: [GC (Allocation Failure) [PSYoungGen: 48016K->1376K(48128K)] 419307K->372699K(564224K), 0.0037102 secs] [Times: user=0.02 sys=0.00, real=0.01 secs] 
1564.773: [GC (Allocation Failure) [PSYoungGen: 47968K->1392K(48128K)] 419291K->372715K(564224K), 0.0036329 secs] [Times: user=0.02 sys=0.00, real=0.00 secs] 
1565.077: [GC (Allocation Failure) [PSYoungGen: 47984K->1408K(48128K)] 419307K->372731K(564224K), 0.0023311 secs] [Times: user=0.01 sys=0.00, real=0.00 secs] 
1565.397: [GC (Allocation Failure) [PSYoungGen: 48000K->1376K(48128K)] 419323K->372699K(564224K), 0.0023436 secs] [Times: user=0.01 sys=0.00, real=0.00 secs] 
1566.067: [GC (Allocation Failure) [PSYoungGen: 47968K->1405K(48128K)] 419291K->372728K(564224K), 0.0014810 secs] [Times: user=0.00 sys=0.00, real=0.00 secs] 
1566.657: [GC (Allocation Failure) [PSYoungGen: 47997K->1440K(48128K)] 419320K->372779K(564224K), 0.0019701 secs] [Times: user=0.00 sys=0.00, real=0.00 secs] 
1567.069: [GC (Allocation Failure) [PSYoungGen: 48032K->1376K(48128K)] 419371K->372715K(564224K), 0.0032830 secs] [Times: user=0.01 sys=0.00, real=0.01 secs] 
1567.355: [GC (Allocation Failure) [PSYoungGen: 47968K->1344K(48128K)] 419307K->372683K(564224K), 0.0023376 secs] [Times: user=0.01 sys=0.00, real=0.00 secs] 
1567.546: [GC (Allocation Failure) [PSYoungGen: 47936K->1408K(48128K)] 419275K->372747K(564224K), 0.0020565 secs] [Times: user=0.00 sys=0.00, real=0.00 secs] 
1567.822: [GC (Allocation Failure) [PSYoungGen: 48000K->1376K(48128K)] 419339K->372715K(564224K), 0.0020997 secs] [Times: user=0.01 sys=0.00, real=0.00 secs] 
1568.203: [GC (Allocation Failure) [PSYoungGen: 47968K->1392K(48128K)] 419307K->372731K(564224K), 0.0020068 secs] [Times: user=0.01 sys=0.00, real=0.00 secs] 
1569.308: [GC (Allocation Failure) [PSYoungGen: 47984K->1376K(48128K)] 419323K->372715K(564224K), 0.0019381 secs] [Times: user=0.01 sys=0.00, real=0.00 secs] 
1570.154: [GC (Allocation Failure) [PSYoungGen: 47968K->1408K(48128K)] 419307K->372747K(564224K), 0.0042958 secs] [Times: user=0.02 sys=0.00, real=0.00 secs] 
1570.871: [GC (Allocation Failure) [PSYoungGen: 48000K->1376K(48128K)] 419339K->372715K(564224K), 0.0042180 secs] [Times: user=0.02 sys=0.00, real=0.01 secs] 
1571.187: [GC (Allocation Failure) [PSYoungGen: 47968K->1424K(48128K)] 419307K->372763K(564224K), 0.0023747 secs] [Times: user=0.00 sys=0.00, real=0.00 secs] 
1571.381: [GC (Allocation Failure) [PSYoungGen: 48016K->1408K(48128K)] 419355K->372747K(564224K), 0.0021697 secs] [Times: user=0.01 sys=0.00, real=0.01 secs] 
1571.575: [GC (Allocation Failure) [PSYoungGen: 48000K->1408K(48128K)] 419339K->372747K(564224K), 0.0019160 secs] [Times: user=0.00 sys=0.00, real=0.00 secs] 
1572.327: [GC (Allocation Failure) [PSYoungGen: 48000K->896K(48128K)] 419339K->373259K(564224K), 0.0018366 secs] [Times: user=0.01 sys=0.00, real=0.00 secs] 
1572.731: [GC (Allocation Failure) [PSYoungGen: 47488K->352K(47616K)] 419851K->372715K(563712K), 0.0017799 secs] [Times: user=0.01 sys=0.00, real=0.01 secs] 
1573.137: [GC (Allocation Failure) [PSYoungGen: 46432K->352K(48128K)] 418795K->372715K(564224K), 0.0047374 secs] [Times: user=0.02 sys=0.00, real=0.01 secs] 
1573.572: [GC (Allocation Failure) [PSYoungGen: 46432K->384K(48128K)] 418795K->372747K(564224K), 0.0033136 secs] [Times: user=0.02 sys=0.00, real=0.00 secs] 
1573.789: [GC (Allocation Failure) [PSYoungGen: 46464K->352K(48128K)] 418827K->372715K(564224K), 0.0020961 secs] [Times: user=0.01 sys=0.00, real=0.00 secs] 
1574.007: [GC (Allocation Failure) [PSYoungGen: 46432K->368K(48128K)] 418795K->372739K(564224K), 0.0020693 secs] [Times: user=0.01 sys=0.00, real=0.00 secs] 
1574.337: [GC (Allocation Failure) [PSYoungGen: 46448K->1421K(48128K)] 418819K->373793K(564224K), 0.0015849 secs] [Times: user=0.01 sys=0.00, real=0.00 secs] 
1575.462: [GC (Allocation Failure) [PSYoungGen: 47501K->1408K(47616K)] 419873K->373779K(563712K), 0.0028985 secs] [Times: user=0.01 sys=0.00, real=0.00 secs] 
1576.167: [GC (Allocation Failure) [PSYoungGen: 46976K->1360K(48128K)] 419347K->373731K(564224K), 0.0035156 secs] [Times: user=0.02 sys=0.00, real=0.00 secs] 
1576.541: [GC (Allocation Failure) [PSYoungGen: 46928K->1376K(48128K)] 419299K->373763K(564224K), 0.0030232 secs] [Times: user=0.01 sys=0.00, real=0.01 secs] 
1576.893: [GC (Allocation Failure) [PSYoungGen: 46944K->1376K(48128K)] 419331K->373763K(564224K), 0.0026465 secs] [Times: user=0.01 sys=0.00, real=0.00 secs] 
1577.083: [GC (Allocation Failure) [PSYoungGen: 46944K->1360K(48128K)] 419331K->373747K(564224K), 0.0020900 secs] [Times: user=0.01 sys=0.00, real=0.00 secs] 
1577.272: [GC (Allocation Failure) [PSYoungGen: 46928K->1392K(48128K)] 419315K->373779K(564224K), 0.0019435 secs] [Times: user=0.01 sys=0.00, real=0.00 secs] 
1577.908: [GC (Allocation Failure) [PSYoungGen: 46960K->1984K(48128K)] 419347K->374371K(564224K), 0.0018798 secs] [Times: user=0.01 sys=0.00, real=0.00 secs] 
1578.097: [GC (Allocation Failure) [PSYoungGen: 47552K->1344K(48128K)] 419939K->373731K(564224K), 0.0017893 secs] [Times: user=0.01 sys=0.00, real=0.00 secs] 
1578.286: [GC (Allocation Failure) [PSYoungGen: 46912K->1376K(48128K)] 419299K->373763K(564224K), 0.0018196 secs] [Times: user=0.01 sys=0.00, real=0.00 secs] 
1578.475: [GC (Allocation Failure) [PSYoungGen: 46944K->1376K(48128K)] 419331K->373763K(564224K), 0.0018210 secs] [Times: user=0.01 sys=0.00, real=0.00 secs] 
1578.664: [GC (Allocation Failure) [PSYoungGen: 46944K->1408K(48128K)] 419331K->373795K(564224K), 0.0018815 secs] [Times: user=0.01 sys=0.00, real=0.00 secs] 
1578.853: [GC (Allocation Failure) [PSYoungGen: 46976K->1376K(47104K)] 419363K->373763K(563200K), 0.0019502 secs] [Times: user=0.01 sys=0.00, real=0.00 secs] 
1579.072: [GC (Allocation Failure) [PSYoungGen: 46025K->304K(47104K)] 418413K->372691K(563200K), 0.0018513 secs] [Times: user=0.01 sys=0.00, real=0.00 secs] 
1579.912: [GC (Allocation Failure) [PSYoungGen: 45360K->1440K(47616K)] 417747K->373827K(563712K), 0.0018749 secs] [Times: user=0.00 sys=0.00, real=0.00 secs] 
1580.301: [GC (Allocation Failure) [PSYoungGen: 46496K->1456K(47616K)] 418883K->373843K(563712K), 0.0017142 secs] [Times: user=0.01 sys=0.00, real=0.01 secs] 
1580.663: [GC (Allocation Failure) [PSYoungGen: 46512K->1424K(47616K)] 418899K->373811K(563712K), 0.0019334 secs] [Times: user=0.01 sys=0.00, real=0.00 secs] 
1581.047: [GC (Allocation Failure) [PSYoungGen: 46480K->1408K(47616K)] 418867K->373795K(563712K), 0.0020105 secs] [Times: user=0.01 sys=0.00, real=0.00 secs] 
1581.259: [GC (Allocation Failure) [PSYoungGen: 46464K->1344K(46592K)] 418851K->373731K(562688K), 0.0020124 secs] [Times: user=0.01 sys=0.00, real=0.00 secs] 
1581.446: [GC (Allocation Failure) [PSYoungGen: 46400K->1408K(47104K)] 418787K->373795K(563200K), 0.0018289 secs] [Times: user=0.01 sys=0.00, real=0.00 secs] 
1582.067: [GC (Allocation Failure) [PSYoungGen: 46464K->1405K(47104K)] 418851K->373793K(563200K), 0.0015251 secs] [Times: user=0.01 sys=0.00, real=0.00 secs] 
1582.278: [GC (Allocation Failure) [PSYoungGen: 46461K->1440K(47104K)] 418849K->373827K(563200K), 0.0017948 secs] [Times: user=0.01 sys=0.00, real=0.00 secs] 
1582.465: [GC (Allocation Failure) [PSYoungGen: 46496K->1408K(47104K)] 418883K->373795K(563200K), 0.0016236 secs] [Times: user=0.01 sys=0.00, real=0.00 secs] 
1582.653: [GC (Allocation Failure) [PSYoungGen: 46464K->1424K(47104K)] 418851K->373811K(563200K), 0.0016253 secs] [Times: user=0.01 sys=0.00, real=0.00 secs] 
1582.839: [GC (Allocation Failure) [PSYoungGen: 46480K->1408K(47104K)] 418867K->373795K(563200K), 0.0017726 secs] [Times: user=0.01 sys=0.00, real=0.00 secs] 
1583.027: [GC (Allocation Failure) [PSYoungGen: 46464K->1408K(47104K)] 418851K->373795K(563200K), 0.0021145 secs] [Times: user=0.01 sys=0.01, real=0.00 secs] 
1583.214: [GC (Allocation Failure) [PSYoungGen: 46464K->1392K(47104K)] 418851K->373787K(563200K), 0.0021794 secs] [Times: user=0.01 sys=0.00, real=0.00 secs] 
1584.082: [GC (Allocation Failure) [PSYoungGen: 46448K->1376K(47104K)] 418843K->373771K(563200K), 0.0025384 secs] [Times: user=0.01 sys=0.00, real=0.00 secs] 
1584.710: [GC (Allocation Failure) [PSYoungGen: 46432K->1344K(47104K)] 418827K->373739K(563200K), 0.0028569 secs] [Times: user=0.01 sys=0.00, real=0.01 secs] 
1585.149: [GC (Allocation Failure) [PSYoungGen: 46400K->1376K(47104K)] 418795K->373771K(563200K), 0.0037293 secs] [Times: user=0.02 sys=0.00, real=0.01 secs] 
1585.582: [GC (Allocation Failure) [PSYoungGen: 46432K->1408K(47104K)] 418827K->373803K(563200K), 0.0032465 secs] [Times: user=0.02 sys=0.00, real=0.00 secs] 
1586.033: [GC (Allocation Failure) [PSYoungGen: 46464K->1344K(47104K)] 418859K->373739K(563200K), 0.0029685 secs] [Times: user=0.01 sys=0.00, real=0.00 secs] 
1586.343: [GC (Allocation Failure) [PSYoungGen: 46400K->1360K(47104K)] 418795K->373755K(563200K), 0.0029022 secs] [Times: user=0.01 sys=0.00, real=0.00 secs] 
1586.980: [GC (Allocation Failure) [PSYoungGen: 46416K->1405K(47104K)] 418811K->373801K(563200K), 0.0015420 secs] [Times: user=0.00 sys=0.00, real=0.01 secs] 
1587.484: [GC (Allocation Failure) [PSYoungGen: 46461K->1408K(47104K)] 418857K->373803K(563200K), 0.0018541 secs] [Times: user=0.01 sys=0.00, real=0.00 secs] 
1587.672: [GC (Allocation Failure) [PSYoungGen: 46464K->1408K(47104K)] 418859K->373803K(563200K), 0.0019622 secs] [Times: user=0.01 sys=0.00, real=0.00 secs] 
1587.860: [GC (Allocation Failure) [PSYoungGen: 46464K->1376K(47104K)] 418859K->373771K(563200K), 0.0020344 secs] [Times: user=0.01 sys=0.00, real=0.01 secs] 
1588.047: [GC (Allocation Failure) [PSYoungGen: 46432K->1376K(47104K)] 418827K->373771K(563200K), 0.0023294 secs] [Times: user=0.01 sys=0.00, real=0.00 secs] 
1588.241: [GC (Allocation Failure) [PSYoungGen: 46432K->1344K(47104K)] 418827K->373739K(563200K), 0.0026279 secs] [Times: user=0.01 sys=0.00, real=0.01 secs] 
1588.423: [GC (Allocation Failure) [PSYoungGen: 46400K->1392K(52224K)] 418795K->373787K(568320K), 0.0023731 secs] [Times: user=0.01 sys=0.00, real=0.00 secs] 
1589.115: [GC (Allocation Failure) [PSYoungGen: 52080K->1440K(52224K)] 424475K->373835K(568320K), 0.0017419 secs] [Times: user=0.00 sys=0.00, real=0.00 secs] 
1589.396: [GC (Allocation Failure) [PSYoungGen: 52128K->1408K(52224K)] 424523K->373803K(568320K), 0.0018813 secs] [Times: user=0.01 sys=0.00, real=0.00 secs] 
1589.762: [GC (Allocation Failure) [PSYoungGen: 52096K->1376K(52224K)] 424491K->373771K(568320K), 0.0021458 secs] [Times: user=0.01 sys=0.00, real=0.00 secs] 
1590.174: [GC (Allocation Failure) [PSYoungGen: 52064K->1344K(52224K)] 424459K->373739K(568320K), 0.0023863 secs] [Times: user=0.01 sys=0.00, real=0.00 secs] 
1590.609: [GC (Allocation Failure) [PSYoungGen: 52032K->1376K(52224K)] 424427K->373771K(568320K), 0.0021852 secs] [Times: user=0.01 sys=0.00, real=0.01 secs] 
1591.084: [GC (Allocation Failure) [PSYoungGen: 52064K->1376K(52224K)] 424459K->373771K(568320K), 0.0030773 secs] [Times: user=0.01 sys=0.00, real=0.00 secs] 
1592.102: [GC (Allocation Failure) [PSYoungGen: 52064K->1392K(52224K)] 424459K->373787K(568320K), 0.0020583 secs] [Times: user=0.01 sys=0.00, real=0.00 secs] 
1592.695: [GC (Allocation Failure) [PSYoungGen: 52080K->1344K(52224K)] 424475K->373739K(568320K), 0.0025276 secs] [Times: user=0.01 sys=0.00, real=0.00 secs] 
1593.267: [GC (Allocation Failure) [PSYoungGen: 52032K->1376K(52224K)] 424427K->373771K(568320K), 0.0044854 secs] [Times: user=0.02 sys=0.00, real=0.00 secs] 
1593.997: [GC (Allocation Failure) [PSYoungGen: 52064K->1408K(52224K)] 424459K->373803K(568320K), 0.0034692 secs] [Times: user=0.01 sys=0.00, real=0.00 secs] 
1594.546: [GC (Allocation Failure) [PSYoungGen: 52096K->1376K(52224K)] 424491K->373771K(568320K), 0.0032393 secs] [Times: user=0.02 sys=0.00, real=0.00 secs] 
1595.072: [GC (Allocation Failure) [PSYoungGen: 52064K->1376K(52224K)] 424459K->373771K(568320K), 0.0036067 secs] [Times: user=0.02 sys=0.01, real=0.00 secs] 
1595.996: [GC (Allocation Failure) [PSYoungGen: 52064K->1408K(52224K)] 424459K->373803K(568320K), 0.0021233 secs] [Times: user=0.01 sys=0.00, real=0.00 secs] 
1596.227: [GC (Allocation Failure) [PSYoungGen: 52096K->1376K(52224K)] 424491K->373771K(568320K), 0.0020625 secs] [Times: user=0.01 sys=0.00, real=0.00 secs] 
1596.441: [GC (Allocation Failure) [PSYoungGen: 52064K->1376K(52224K)] 424459K->373771K(568320K), 0.0019994 secs] [Times: user=0.01 sys=0.00, real=0.01 secs] 
1596.659: [GC (Allocation Failure) [PSYoungGen: 52064K->1408K(52224K)] 424459K->373819K(568320K), 0.0021197 secs] [Times: user=0.01 sys=0.00, real=0.00 secs] 
1596.914: [GC (Allocation Failure) [PSYoungGen: 52096K->1344K(52224K)] 424507K->373755K(568320K), 0.0020390 secs] [Times: user=0.00 sys=0.00, real=0.00 secs] 
1597.254: [GC (Allocation Failure) [PSYoungGen: 52032K->1376K(52224K)] 424443K->373787K(568320K), 0.0030523 secs] [Times: user=0.02 sys=0.00, real=0.00 secs] 
1598.116: [GC (Allocation Failure) [PSYoungGen: 52064K->1456K(52224K)] 424475K->373867K(568320K), 0.0019376 secs] [Times: user=0.01 sys=0.01, real=0.00 secs] 
1598.604: [GC (Allocation Failure) [PSYoungGen: 52144K->1344K(52224K)] 424555K->373755K(568320K), 0.0025854 secs] [Times: user=0.01 sys=0.00, real=0.00 secs] 
1599.128: [GC (Allocation Failure) [PSYoungGen: 52032K->1408K(52224K)] 424443K->373819K(568320K), 0.0023078 secs] [Times: user=0.01 sys=0.00, real=0.00 secs] 
1599.392: [GC (Allocation Failure) [PSYoungGen: 52096K->1376K(52224K)] 424507K->373795K(568320K), 0.0021194 secs] [Times: user=0.00 sys=0.00, real=0.00 secs] 
1599.737: [GC (Allocation Failure) [PSYoungGen: 52064K->1376K(52224K)] 424483K->373795K(568320K), 0.0021486 secs] [Times: user=0.01 sys=0.00, real=0.00 secs] 
1600.289: [GC (Allocation Failure) [PSYoungGen: 52064K->1357K(52224K)] 424483K->373777K(568320K), 0.0023303 secs] [Times: user=0.01 sys=0.00, real=0.00 secs] 
1600.902: [GC (Allocation Failure) [PSYoungGen: 52045K->1456K(52224K)] 424465K->373875K(568320K), 0.0026896 secs] [Times: user=0.01 sys=0.00, real=0.00 secs] 
1601.113: [GC (Allocation Failure) [PSYoungGen: 52144K->1392K(52224K)] 424563K->373811K(568320K), 0.0018986 secs] [Times: user=0.01 sys=0.00, real=0.00 secs] 
1601.323: [GC (Allocation Failure) [PSYoungGen: 52080K->1376K(52224K)] 424499K->373795K(568320K), 0.0020473 secs] [Times: user=0.01 sys=0.00, real=0.00 secs] 
1601.534: [GC (Allocation Failure) [PSYoungGen: 52064K->1424K(52224K)] 424483K->373843K(568320K), 0.0020778 secs] [Times: user=0.01 sys=0.00, real=0.00 secs] 
1601.744: [GC (Allocation Failure) [PSYoungGen: 52112K->1408K(52224K)] 424531K->373827K(568320K), 0.0020353 secs] [Times: user=0.01 sys=0.00, real=0.00 secs] 
1602.222: [GC (Allocation Failure) [PSYoungGen: 52096K->1392K(52224K)] 424515K->373811K(568320K), 0.0015426 secs] [Times: user=0.01 sys=0.00, real=0.00 secs] 
1603.487: [GC (Allocation Failure) [PSYoungGen: 52080K->1376K(52224K)] 424499K->373795K(568320K), 0.0041368 secs] [Times: user=0.02 sys=0.00, real=0.00 secs] 
1603.936: [GC (Allocation Failure) [PSYoungGen: 52064K->1376K(52224K)] 424483K->373795K(568320K), 0.0024276 secs] [Times: user=0.01 sys=0.00, real=0.00 secs] 
1604.403: [GC (Allocation Failure) [PSYoungGen: 52064K->1376K(52224K)] 424483K->373795K(568320K), 0.0024002 secs] [Times: user=0.01 sys=0.00, real=0.00 secs] 
1604.870: [GC (Allocation Failure) [PSYoungGen: 52064K->1392K(52224K)] 424483K->373811K(568320K), 0.0025802 secs] [Times: user=0.01 sys=0.00, real=0.01 secs] 
1605.652: [GC (Allocation Failure) [PSYoungGen: 52080K->1408K(52224K)] 424499K->373843K(568320K), 0.0028782 secs] [Times: user=0.01 sys=0.00, real=0.00 secs] 
1606.653: [GC (Allocation Failure) [PSYoungGen: 52096K->336K(51712K)] 424531K->372771K(567808K), 0.0016642 secs] [Times: user=0.01 sys=0.00, real=0.00 secs] 
1607.433: [GC (Allocation Failure) [PSYoungGen: 50512K->1376K(52224K)] 422947K->373811K(568320K), 0.0043704 secs] [Times: user=0.02 sys=0.00, real=0.00 secs] 
1607.933: [GC (Allocation Failure) [PSYoungGen: 51552K->1424K(52224K)] 423987K->373859K(568320K), 0.0034989 secs] [Times: user=0.02 sys=0.00, real=0.00 secs] 
1608.497: [GC (Allocation Failure) [PSYoungGen: 51600K->1376K(52224K)] 424035K->373811K(568320K), 0.0030334 secs] [Times: user=0.01 sys=0.00, real=0.00 secs] 
1609.058: [GC (Allocation Failure) [PSYoungGen: 51552K->1376K(52224K)] 423987K->373811K(568320K), 0.0034708 secs] [Times: user=0.02 sys=0.00, real=0.01 secs] 
1609.722: [GC (Allocation Failure) [PSYoungGen: 51552K->1344K(52224K)] 423987K->373779K(568320K), 0.0035604 secs] [Times: user=0.02 sys=0.00, real=0.00 secs] 
1610.739: [GC (Allocation Failure) [PSYoungGen: 51520K->1584K(52224K)] 423955K->374027K(568320K), 0.0016703 secs] [Times: user=0.01 sys=0.00, real=0.00 secs] 
1611.258: [GC (Allocation Failure) [PSYoungGen: 51760K->1376K(52224K)] 424203K->373819K(568320K), 0.0018568 secs] [Times: user=0.01 sys=0.00, real=0.00 secs] 
1611.847: [GC (Allocation Failure) [PSYoungGen: 51552K->1344K(52224K)] 423995K->373787K(568320K), 0.0038756 secs] [Times: user=0.01 sys=0.00, real=0.00 secs] 
1612.726: [GC (Allocation Failure) [PSYoungGen: 51520K->1408K(52224K)] 423963K->373851K(568320K), 0.0036572 secs] [Times: user=0.01 sys=0.00, real=0.00 secs] 
1613.369: [GC (Allocation Failure) [PSYoungGen: 51584K->1376K(52224K)] 424027K->373819K(568320K), 0.0042649 secs] [Times: user=0.02 sys=0.00, real=0.01 secs] 
1613.856: [GC (Allocation Failure) [PSYoungGen: 51552K->1376K(52224K)] 423995K->373819K(568320K), 0.0028905 secs] [Times: user=0.02 sys=0.00, real=0.00 secs] 
1614.811: [GC (Allocation Failure) [PSYoungGen: 51552K->1968K(52224K)] 423995K->374411K(568320K), 0.0017326 secs] [Times: user=0.01 sys=0.00, real=0.01 secs] 
1615.274: [GC (Allocation Failure) [PSYoungGen: 52144K->1376K(52224K)] 424587K->373819K(568320K), 0.0021817 secs] [Times: user=0.01 sys=0.00, real=0.00 secs] 
1615.818: [GC (Allocation Failure) [PSYoungGen: 51552K->1408K(52224K)] 423995K->373851K(568320K), 0.0021550 secs] [Times: user=0.01 sys=0.00, real=0.00 secs] 
1616.435: [GC (Allocation Failure) [PSYoungGen: 51584K->1344K(52224K)] 424027K->373787K(568320K), 0.0038389 secs] [Times: user=0.02 sys=0.00, real=0.00 secs] 
1617.102: [GC (Allocation Failure) [PSYoungGen: 51520K->1344K(52224K)] 423963K->373787K(568320K), 0.0042156 secs] [Times: user=0.01 sys=0.00, real=0.00 secs] 
1617.787: [GC (Allocation Failure) [PSYoungGen: 51520K->1360K(52224K)] 423963K->373803K(568320K), 0.0035371 secs] [Times: user=0.01 sys=0.00, real=0.00 secs] 
1618.820: [GC (Allocation Failure) [PSYoungGen: 51536K->1984K(52224K)] 423979K->374427K(568320K), 0.0017708 secs] [Times: user=0.01 sys=0.00, real=0.01 secs] 
1619.422: [GC (Allocation Failure) [PSYoungGen: 52160K->1408K(52224K)] 424603K->373859K(568320K), 0.0027083 secs] [Times: user=0.01 sys=0.00, real=0.00 secs] 
1620.278: [GC (Allocation Failure) [PSYoungGen: 51584K->1408K(52224K)] 424035K->373859K(568320K), 0.0028982 secs] [Times: user=0.01 sys=0.00, real=0.00 secs] 
1621.011: [GC (Allocation Failure) [PSYoungGen: 51584K->1376K(52224K)] 424035K->373835K(568320K), 0.0043155 secs] [Times: user=0.02 sys=0.00, real=0.01 secs] 
1621.755: [GC (Allocation Failure) [PSYoungGen: 51552K->1408K(52224K)] 424011K->373867K(568320K), 0.0037124 secs] [Times: user=0.02 sys=0.00, real=0.00 secs] 
1622.657: [GC (Allocation Failure) [PSYoungGen: 51584K->1392K(52224K)] 424043K->373851K(568320K), 0.0042367 secs] [Times: user=0.01 sys=0.00, real=0.00 secs] 
1623.839: [GC (Allocation Failure) [PSYoungGen: 51568K->1376K(52224K)] 424027K->373843K(568320K), 0.0020275 secs] [Times: user=0.01 sys=0.00, real=0.00 secs] 
1624.266: [GC (Allocation Failure) [PSYoungGen: 51552K->1376K(52224K)] 424019K->373843K(568320K), 0.0020164 secs] [Times: user=0.01 sys=0.00, real=0.00 secs] 
1624.760: [GC (Allocation Failure) [PSYoungGen: 51552K->1376K(52224K)] 424019K->373843K(568320K), 0.0043120 secs] [Times: user=0.02 sys=0.00, real=0.01 secs] 
1625.237: [GC (Allocation Failure) [PSYoungGen: 51552K->1376K(52224K)] 424019K->373843K(568320K), 0.0033190 secs] [Times: user=0.02 sys=0.00, real=0.00 secs] 
1625.701: [GC (Allocation Failure) [PSYoungGen: 51552K->1408K(52224K)] 424019K->373875K(568320K), 0.0032878 secs] [Times: user=0.01 sys=0.00, real=0.01 secs] 
1626.171: [GC (Allocation Failure) [PSYoungGen: 51584K->1376K(52224K)] 424051K->373843K(568320K), 0.0034589 secs] [Times: user=0.01 sys=0.00, real=0.01 secs] 
1627.078: [GC (Allocation Failure) [PSYoungGen: 51552K->1424K(52224K)] 424019K->373899K(568320K), 0.0018149 secs] [Times: user=0.00 sys=0.00, real=0.00 secs] 
1627.523: [GC (Allocation Failure) [PSYoungGen: 51600K->1440K(52224K)] 424075K->373915K(568320K), 0.0033680 secs] [Times: user=0.01 sys=0.00, real=0.00 secs] 
1627.862: [GC (Allocation Failure) [PSYoungGen: 51616K->1376K(52224K)] 424091K->373851K(568320K), 0.0027905 secs] [Times: user=0.02 sys=0.00, real=0.00 secs] 
1628.068: [GC (Allocation Failure) [PSYoungGen: 51552K->1408K(52224K)] 424027K->373907K(568320K), 0.0029625 secs] [Times: user=0.01 sys=0.00, real=0.00 secs] 
1628.291: [GC (Allocation Failure) [PSYoungGen: 51584K->1408K(52224K)] 424083K->373907K(568320K), 0.0020263 secs] [Times: user=0.01 sys=0.00, real=0.01 secs] 
1628.590: [GC (Allocation Failure) [PSYoungGen: 51584K->1376K(52224K)] 424083K->373875K(568320K), 0.0021442 secs] [Times: user=0.01 sys=0.00, real=0.01 secs] 
1629.452: [GC (Allocation Failure) [PSYoungGen: 51552K->1440K(52224K)] 424051K->373939K(568320K), 0.0019084 secs] [Times: user=0.01 sys=0.00, real=0.00 secs] 
1629.881: [GC (Allocation Failure) [PSYoungGen: 51616K->1376K(51712K)] 424115K->373875K(567808K), 0.0021167 secs] [Times: user=0.01 sys=0.00, real=0.01 secs] 
1630.293: [GC (Allocation Failure) [PSYoungGen: 51552K->1408K(51712K)] 424051K->373907K(567808K), 0.0020900 secs] [Times: user=0.01 sys=0.00, real=0.00 secs] 
1630.614: [GC (Allocation Failure) [PSYoungGen: 51584K->1376K(51712K)] 424083K->373891K(567808K), 0.0020136 secs] [Times: user=0.01 sys=0.00, real=0.00 secs] 
1630.822: [GC (Allocation Failure) [PSYoungGen: 51552K->1424K(51712K)] 424067K->373939K(567808K), 0.0041185 secs] [Times: user=0.02 sys=0.00, real=0.00 secs] 
1631.041: [GC (Allocation Failure) [PSYoungGen: 51600K->1376K(51712K)] 424115K->373891K(567808K), 0.0020555 secs] [Times: user=0.00 sys=0.00, real=0.01 secs] 
1631.980: [GC (Allocation Failure) [PSYoungGen: 51552K->1376K(51712K)] 424067K->373891K(567808K), 0.0018508 secs] [Times: user=0.01 sys=0.00, real=0.01 secs] 
1632.449: [GC (Allocation Failure) [PSYoungGen: 51552K->1408K(51712K)] 424067K->373931K(567808K), 0.0022807 secs] [Times: user=0.01 sys=0.00, real=0.01 secs] 
1633.126: [GC (Allocation Failure) [PSYoungGen: 51584K->1408K(51712K)] 424107K->373931K(567808K), 0.0032888 secs] [Times: user=0.01 sys=0.00, real=0.00 secs] 
1633.673: [GC (Allocation Failure) [PSYoungGen: 51584K->1344K(51712K)] 424107K->373867K(567808K), 0.0024739 secs] [Times: user=0.01 sys=0.00, real=0.00 secs] 
1634.535: [GC (Allocation Failure) [PSYoungGen: 51520K->1376K(51712K)] 424043K->373899K(567808K), 0.0043641 secs] [Times: user=0.02 sys=0.00, real=0.00 secs] 
1635.292: [GC (Allocation Failure) [PSYoungGen: 51552K->1376K(51712K)] 424075K->373899K(567808K), 0.0045186 secs] [Times: user=0.01 sys=0.00, real=0.00 secs] 
1636.670: [GC (Allocation Failure) [PSYoungGen: 51552K->1376K(51712K)] 424075K->373899K(567808K), 0.0043761 secs] [Times: user=0.01 sys=0.00, real=0.01 secs] 
1637.401: [GC (Allocation Failure) [PSYoungGen: 51552K->1376K(51712K)] 424075K->373899K(567808K), 0.0041780 secs] [Times: user=0.02 sys=0.00, real=0.01 secs] 
1637.894: [GC (Allocation Failure) [PSYoungGen: 51552K->1376K(51712K)] 424075K->373907K(567808K), 0.0029445 secs] [Times: user=0.01 sys=0.00, real=0.00 secs] 
1638.303: [GC (Allocation Failure) [PSYoungGen: 51552K->1344K(51712K)] 424083K->373891K(567808K), 0.0029239 secs] [Times: user=0.02 sys=0.00, real=0.00 secs] 
1638.821: [GC (Allocation Failure) [PSYoungGen: 51520K->1376K(51712K)] 424067K->373923K(567808K), 0.0028634 secs] [Times: user=0.01 sys=0.00, real=0.01 secs] 
1639.218: [GC (Allocation Failure) [PSYoungGen: 51552K->1344K(51712K)] 424099K->373891K(567808K), 0.0028794 secs] [Times: user=0.01 sys=0.00, real=0.00 secs] 
1640.600: [GC (Allocation Failure) [PSYoungGen: 51520K->1408K(51712K)] 424067K->373955K(567808K), 0.0043257 secs] [Times: user=0.02 sys=0.00, real=0.01 secs] 
1641.669: [GC (Allocation Failure) [PSYoungGen: 51584K->1376K(51712K)] 424131K->373923K(567808K), 0.0045256 secs] [Times: user=0.02 sys=0.00, real=0.01 secs] 
1641.924: [GC (Allocation Failure) [PSYoungGen: 51552K->1408K(51712K)] 424099K->373955K(567808K), 0.0021037 secs] [Times: user=0.01 sys=0.00, real=0.00 secs] 
1642.142: [GC (Allocation Failure) [PSYoungGen: 51584K->1376K(51712K)] 424131K->373923K(567808K), 0.0021007 secs] [Times: user=0.01 sys=0.00, real=0.00 secs] 
1642.557: [GC (Allocation Failure) [PSYoungGen: 51552K->1376K(51712K)] 424099K->373923K(567808K), 0.0020795 secs] [Times: user=0.01 sys=0.00, real=0.00 secs] 
1643.026: [GC (Allocation Failure) [PSYoungGen: 51552K->1408K(51712K)] 424099K->373955K(567808K), 0.0020584 secs] [Times: user=0.01 sys=0.01, real=0.00 secs] 
1645.142: [GC (Allocation Failure) [PSYoungGen: 51584K->1376K(51712K)] 424131K->373923K(567808K), 0.0041920 secs] [Times: user=0.02 sys=0.00, real=0.00 secs] 
1645.571: [GC (Allocation Failure) [PSYoungGen: 51552K->1312K(51712K)] 424099K->373859K(567808K), 0.0025303 secs] [Times: user=0.01 sys=0.00, real=0.01 secs] 
1645.995: [GC (Allocation Failure) [PSYoungGen: 51488K->1408K(51712K)] 424035K->373955K(567808K), 0.0020828 secs] [Times: user=0.01 sys=0.00, real=0.00 secs] 
1646.492: [GC (Allocation Failure) [PSYoungGen: 51584K->1344K(51712K)] 424131K->373891K(567808K), 0.0018815 secs] [Times: user=0.01 sys=0.00, real=0.00 secs] 
1647.117: [GC (Allocation Failure) [PSYoungGen: 51520K->1344K(51712K)] 424067K->373891K(567808K), 0.0026817 secs] [Times: user=0.01 sys=0.00, real=0.00 secs] 
1647.685: [GC (Allocation Failure) [PSYoungGen: 51520K->1376K(51712K)] 424067K->373923K(567808K), 0.0042212 secs] [Times: user=0.02 sys=0.00, real=0.00 secs] 
1648.672: [GC (Allocation Failure) [PSYoungGen: 51552K->1424K(51712K)] 424099K->373971K(567808K), 0.0041644 secs] [Times: user=0.01 sys=0.00, real=0.00 secs] 
1649.146: [GC (Allocation Failure) [PSYoungGen: 51600K->1376K(51712K)] 424147K->373931K(567808K), 0.0032604 secs] [Times: user=0.02 sys=0.00, real=0.00 secs] 
1649.381: [GC (Allocation Failure) [PSYoungGen: 51552K->1424K(51712K)] 424107K->373979K(567808K), 0.0022131 secs] [Times: user=0.01 sys=0.00, real=0.01 secs] 
1649.680: [GC (Allocation Failure) [PSYoungGen: 51600K->1440K(51712K)] 424155K->373995K(567808K), 0.0021864 secs] [Times: user=0.01 sys=0.00, real=0.01 secs] 
1650.106: [GC (Allocation Failure) [PSYoungGen: 51616K->1408K(51712K)] 424171K->373963K(567808K), 0.0019189 secs] [Times: user=0.00 sys=0.01, real=0.00 secs] 
1650.581: [GC (Allocation Failure) [PSYoungGen: 51584K->1373K(51712K)] 424139K->373929K(567808K), 0.0021627 secs] [Times: user=0.01 sys=0.00, real=0.01 secs] 
1651.322: [GC (Allocation Failure) [PSYoungGen: 51549K->1440K(51712K)] 424105K->373995K(567808K), 0.0019516 secs] [Times: user=0.01 sys=0.00, real=0.00 secs] 
1652.003: [GC (Allocation Failure) [PSYoungGen: 51616K->1376K(51712K)] 424171K->373931K(567808K), 0.0027931 secs] [Times: user=0.01 sys=0.00, real=0.00 secs] 
1652.671: [GC (Allocation Failure) [PSYoungGen: 51552K->1360K(51712K)] 424107K->373915K(567808K), 0.0033802 secs] [Times: user=0.01 sys=0.00, real=0.01 secs] 
1653.383: [GC (Allocation Failure) [PSYoungGen: 51536K->1376K(51712K)] 424091K->373931K(567808K), 0.0034627 secs] [Times: user=0.01 sys=0.00, real=0.00 secs] 
1654.046: [GC (Allocation Failure) [PSYoungGen: 51552K->1376K(51712K)] 424107K->373931K(567808K), 0.0035318 secs] [Times: user=0.01 sys=0.00, real=0.00 secs] 
1654.903: [GC (Allocation Failure) [PSYoungGen: 51552K->1328K(51712K)] 424107K->373891K(567808K), 0.0020025 secs] [Times: user=0.00 sys=0.00, real=0.00 secs] 
1655.545: [GC (Allocation Failure) [PSYoungGen: 51504K->1408K(51712K)] 424067K->373971K(567808K), 0.0032580 secs] [Times: user=0.01 sys=0.00, real=0.00 secs] 
1655.762: [GC (Allocation Failure) [PSYoungGen: 51584K->1376K(51712K)] 424147K->373939K(567808K), 0.0022031 secs] [Times: user=0.01 sys=0.00, real=0.00 secs] 
1656.057: [GC (Allocation Failure) [PSYoungGen: 51552K->1376K(51712K)] 424115K->373939K(567808K), 0.0022440 secs] [Times: user=0.01 sys=0.00, real=0.00 secs] 
1656.273: [GC (Allocation Failure) [PSYoungGen: 51552K->1408K(51712K)] 424115K->373987K(567808K), 0.0021406 secs] [Times: user=0.01 sys=0.00, real=0.00 secs] 
1656.502: [GC (Allocation Failure) [PSYoungGen: 51584K->1408K(51712K)] 424163K->373987K(567808K), 0.0020716 secs] [Times: user=0.00 sys=0.00, real=0.00 secs] 
1657.091: [GC (Allocation Failure) [PSYoungGen: 51584K->1373K(51712K)] 424163K->373953K(567808K), 0.0025707 secs] [Times: user=0.01 sys=0.00, real=0.01 secs] 
1657.688: [GC (Allocation Failure) [PSYoungGen: 51549K->1408K(51712K)] 424129K->373987K(567808K), 0.0043174 secs] [Times: user=0.02 sys=0.00, real=0.01 secs] 
1658.120: [GC (Allocation Failure) [PSYoungGen: 51584K->1408K(51712K)] 424163K->373987K(567808K), 0.0034924 secs] [Times: user=0.02 sys=0.00, real=0.01 secs] 
1658.555: [GC (Allocation Failure) [PSYoungGen: 51584K->1376K(51712K)] 424163K->373955K(567808K), 0.0034751 secs] [Times: user=0.01 sys=0.00, real=0.00 secs] 
1658.810: [GC (Allocation Failure) [PSYoungGen: 51552K->1408K(51712K)] 424131K->373995K(567808K), 0.0021977 secs] [Times: user=0.01 sys=0.00, real=0.01 secs] 
1659.029: [GC (Allocation Failure) [PSYoungGen: 51584K->1376K(51712K)] 424171K->373963K(567808K), 0.0019413 secs] [Times: user=0.01 sys=0.00, real=0.00 secs] 
1659.572: [GC (Allocation Failure) [PSYoungGen: 51552K->1405K(51712K)] 424139K->373993K(567808K), 0.0016648 secs] [Times: user=0.01 sys=0.00, real=0.00 secs] 
1660.032: [GC (Allocation Failure) [PSYoungGen: 51581K->1440K(51712K)] 424169K->374027K(567808K), 0.0017289 secs] [Times: user=0.00 sys=0.00, real=0.00 secs] 
1660.241: [GC (Allocation Failure) [PSYoungGen: 51616K->1408K(51712K)] 424203K->373995K(567808K), 0.0018969 secs] [Times: user=0.00 sys=0.00, real=0.01 secs] 
1660.487: [GC (Allocation Failure) [PSYoungGen: 51584K->1392K(51712K)] 424171K->373987K(567808K), 0.0018107 secs] [Times: user=0.01 sys=0.00, real=0.00 secs] 
1660.695: [GC (Allocation Failure) [PSYoungGen: 51568K->1376K(51712K)] 424163K->373971K(567808K), 0.0022492 secs] [Times: user=0.01 sys=0.00, real=0.00 secs] 
1660.904: [GC (Allocation Failure) [PSYoungGen: 51552K->1408K(51712K)] 424147K->374003K(567808K), 0.0020579 secs] [Times: user=0.01 sys=0.00, real=0.00 secs] 
1661.527: [GC (Allocation Failure) [PSYoungGen: 51584K->1373K(51712K)] 424179K->373969K(567808K), 0.0029630 secs] [Times: user=0.01 sys=0.00, real=0.00 secs] 
1661.918: [GC (Allocation Failure) [PSYoungGen: 51549K->1440K(51712K)] 424145K->374035K(567808K), 0.0019418 secs] [Times: user=0.00 sys=0.00, real=0.00 secs] 
1662.292: [GC (Allocation Failure) [PSYoungGen: 51616K->1408K(51712K)] 424211K->374003K(567808K), 0.0020640 secs] [Times: user=0.01 sys=0.00, real=0.00 secs] 
1662.694: [GC (Allocation Failure) [PSYoungGen: 51584K->1376K(51712K)] 424179K->373971K(567808K), 0.0024298 secs] [Times: user=0.01 sys=0.00, real=0.00 secs] 
1663.103: [GC (Allocation Failure) [PSYoungGen: 51552K->1344K(51712K)] 424147K->373939K(567808K), 0.0026258 secs] [Times: user=0.02 sys=0.00, real=0.00 secs] 
1663.498: [GC (Allocation Failure) [PSYoungGen: 51520K->1392K(51712K)] 424115K->373987K(567808K), 0.0027499 secs] [Times: user=0.01 sys=0.00, real=0.00 secs] 
1664.502: [GC (Allocation Failure) [PSYoungGen: 50626K->192K(51712K)] 423222K->372787K(567808K), 0.0016167 secs] [Times: user=0.00 sys=0.00, real=0.00 secs] 
1665.533: [GC (Allocation Failure) [PSYoungGen: 50368K->1376K(52224K)] 422963K->373995K(568320K), 0.0040329 secs] [Times: user=0.02 sys=0.00, real=0.00 secs] 
1666.394: [GC (Allocation Failure) [PSYoungGen: 51552K->1376K(52224K)] 424171K->373995K(568320K), 0.0049693 secs] [Times: user=0.02 sys=0.00, real=0.00 secs] 
1666.834: [GC (Allocation Failure) [PSYoungGen: 51552K->1408K(52224K)] 424171K->374027K(568320K), 0.0043558 secs] [Times: user=0.02 sys=0.00, real=0.00 secs] 
1667.253: [GC (Allocation Failure) [PSYoungGen: 51584K->1440K(52224K)] 424203K->374059K(568320K), 0.0034688 secs] [Times: user=0.01 sys=0.00, real=0.00 secs] 
1667.484: [GC (Allocation Failure) [PSYoungGen: 51616K->1344K(52224K)] 424235K->373963K(568320K), 0.0020483 secs] [Times: user=0.01 sys=0.00, real=0.00 secs] 
1668.195: [GC (Allocation Failure) [PSYoungGen: 51520K->1536K(52224K)] 424139K->374155K(568320K), 0.0018113 secs] [Times: user=0.01 sys=0.00, real=0.00 secs] 
1668.426: [GC (Allocation Failure) [PSYoungGen: 51712K->1392K(52224K)] 424331K->374011K(568320K), 0.0018848 secs] [Times: user=0.01 sys=0.00, real=0.00 secs] 
1668.635: [GC (Allocation Failure) [PSYoungGen: 51568K->1376K(52224K)] 424187K->373995K(568320K), 0.0018935 secs] [Times: user=0.01 sys=0.00, real=0.00 secs] 
1668.881: [GC (Allocation Failure) [PSYoungGen: 51552K->1408K(52224K)] 424171K->374027K(568320K), 0.0020651 secs] [Times: user=0.01 sys=0.00, real=0.01 secs] 
1669.090: [GC (Allocation Failure) [PSYoungGen: 51584K->1408K(52224K)] 424203K->374027K(568320K), 0.0019750 secs] [Times: user=0.01 sys=0.00, real=0.01 secs] 
1669.315: [GC (Allocation Failure) [PSYoungGen: 51584K->1408K(52224K)] 424203K->374027K(568320K), 0.0019746 secs] [Times: user=0.01 sys=0.00, real=0.00 secs] 
1670.126: [GC (Allocation Failure) [PSYoungGen: 51584K->1952K(52224K)] 424203K->374571K(568320K), 0.0017250 secs] [Times: user=0.01 sys=0.00, real=0.00 secs] 
1670.495: [GC (Allocation Failure) [PSYoungGen: 52128K->1408K(52224K)] 424747K->374027K(568320K), 0.0018818 secs] [Times: user=0.01 sys=0.00, real=0.00 secs] 
1670.862: [GC (Allocation Failure) [PSYoungGen: 51584K->1376K(52224K)] 424203K->373995K(568320K), 0.0031080 secs] [Times: user=0.02 sys=0.00, real=0.00 secs] 
1671.244: [GC (Allocation Failure) [PSYoungGen: 51552K->1424K(52224K)] 424171K->374043K(568320K), 0.0043211 secs] [Times: user=0.02 sys=0.00, real=0.00 secs] 
1671.636: [GC (Allocation Failure) [PSYoungGen: 51600K->1408K(52224K)] 424219K->374027K(568320K), 0.0026173 secs] [Times: user=0.01 sys=0.00, real=0.00 secs] 
1672.031: [GC (Allocation Failure) [PSYoungGen: 51584K->1408K(52224K)] 424203K->374027K(568320K), 0.0021664 secs] [Times: user=0.01 sys=0.00, real=0.01 secs] 
1673.234: [GC (Allocation Failure) [PSYoungGen: 51584K->1440K(52224K)] 424203K->374059K(568320K), 0.0021775 secs] [Times: user=0.01 sys=0.00, real=0.00 secs] 
1673.829: [GC (Allocation Failure) [PSYoungGen: 51616K->1408K(52224K)] 424235K->374027K(568320K), 0.0044375 secs] [Times: user=0.02 sys=0.00, real=0.01 secs] 
1674.151: [GC (Allocation Failure) [PSYoungGen: 51584K->1376K(52224K)] 424203K->373995K(568320K), 0.0028670 secs] [Times: user=0.01 sys=0.00, real=0.01 secs] 
1674.581: [GC (Allocation Failure) [PSYoungGen: 51552K->1392K(52224K)] 424171K->374019K(568320K), 0.0025426 secs] [Times: user=0.01 sys=0.00, real=0.01 secs] 
1674.990: [GC (Allocation Failure) [PSYoungGen: 51568K->1424K(52224K)] 424195K->374051K(568320K), 0.0021395 secs] [Times: user=0.01 sys=0.00, real=0.01 secs] 
1675.419: [GC (Allocation Failure) [PSYoungGen: 51600K->1312K(52224K)] 424227K->373955K(568320K), 0.0021804 secs] [Times: user=0.01 sys=0.00, real=0.00 secs] 
1676.486: [GC (Allocation Failure) [PSYoungGen: 51488K->1424K(52224K)] 424131K->374067K(568320K), 0.0022523 secs] [Times: user=0.01 sys=0.00, real=0.00 secs] 
1677.109: [GC (Allocation Failure) [PSYoungGen: 51600K->1376K(52224K)] 424243K->374019K(568320K), 0.0041038 secs] [Times: user=0.01 sys=0.01, real=0.01 secs] 
1677.554: [GC (Allocation Failure) [PSYoungGen: 51552K->1360K(52224K)] 424195K->374003K(568320K), 0.0032828 secs] [Times: user=0.02 sys=0.00, real=0.00 secs] 
1678.026: [GC (Allocation Failure) [PSYoungGen: 51536K->1424K(52224K)] 424179K->374067K(568320K), 0.0035457 secs] [Times: user=0.02 sys=0.00, real=0.00 secs] 
1678.414: [GC (Allocation Failure) [PSYoungGen: 51600K->1376K(52224K)] 424243K->374019K(568320K), 0.0027474 secs] [Times: user=0.01 sys=0.00, real=0.00 secs] 
1678.617: [GC (Allocation Failure) [PSYoungGen: 51552K->1376K(51712K)] 424195K->374019K(567808K), 0.0021468 secs] [Times: user=0.00 sys=0.00, real=0.00 secs] 
1679.353: [GC (Allocation Failure) [PSYoungGen: 51552K->1440K(51712K)] 424195K->374083K(567808K), 0.0019751 secs] [Times: user=0.01 sys=0.00, real=0.00 secs] 
1679.614: [GC (Allocation Failure) [PSYoungGen: 51616K->352K(51200K)] 424259K->374019K(567296K), 0.0019828 secs] [Times: user=0.01 sys=0.00, real=0.00 secs] 
1679.867: [GC (Allocation Failure) [PSYoungGen: 50528K->384K(52224K)] 424195K->374051K(568320K), 0.0036067 secs] [Times: user=0.02 sys=0.00, real=0.00 secs] 
1680.086: [GC (Allocation Failure) [PSYoungGen: 50560K->320K(52224K)] 424227K->374003K(568320K), 0.0029679 secs] [Times: user=0.01 sys=0.00, real=0.00 secs] 
1680.336: [GC (Allocation Failure) [PSYoungGen: 50496K->352K(52224K)] 424179K->374035K(568320K), 0.0019370 secs] [Times: user=0.01 sys=0.00, real=0.00 secs] 
1680.581: [GC (Allocation Failure) [PSYoungGen: 50528K->352K(52224K)] 424211K->374035K(568320K), 0.0023753 secs] [Times: user=0.01 sys=0.00, real=0.01 secs] 
1682.561: [GC (Allocation Failure) [PSYoungGen: 50528K->1408K(52224K)] 424211K->375091K(568320K), 0.0043765 secs] [Times: user=0.02 sys=0.00, real=0.01 secs] 
1684.119: [GC (Allocation Failure) [PSYoungGen: 51584K->1344K(51712K)] 425267K->375027K(567808K), 0.0042783 secs] [Times: user=0.02 sys=0.00, real=0.01 secs] 
1684.643: [GC (Allocation Failure) [PSYoungGen: 51008K->1376K(52224K)] 424691K->375059K(568320K), 0.0031043 secs] [Times: user=0.01 sys=0.00, real=0.00 secs] 
1685.069: [GC (Allocation Failure) [PSYoungGen: 51040K->1408K(52224K)] 424723K->375091K(568320K), 0.0031205 secs] [Times: user=0.02 sys=0.00, real=0.01 secs] 
1685.476: [GC (Allocation Failure) [PSYoungGen: 51072K->1376K(52224K)] 424755K->375059K(568320K), 0.0028067 secs] [Times: user=0.01 sys=0.00, real=0.00 secs] 
1685.801: [GC (Allocation Failure) [PSYoungGen: 51040K->1408K(52224K)] 424723K->375091K(568320K), 0.0022180 secs] [Times: user=0.01 sys=0.00, real=0.01 secs] 
1686.517: [GC (Allocation Failure) [PSYoungGen: 51072K->1440K(52224K)] 424755K->375123K(568320K), 0.0019831 secs] [Times: user=0.01 sys=0.00, real=0.00 secs] 
1686.724: [GC (Allocation Failure) [PSYoungGen: 51104K->1376K(52224K)] 424787K->375059K(568320K), 0.0018659 secs] [Times: user=0.01 sys=0.00, real=0.00 secs] 
1686.930: [GC (Allocation Failure) [PSYoungGen: 51040K->1376K(52224K)] 424723K->375067K(568320K), 0.0018082 secs] [Times: user=0.00 sys=0.00, real=0.01 secs] 
1687.136: [GC (Allocation Failure) [PSYoungGen: 51040K->1376K(51200K)] 424731K->375067K(567296K), 0.0019052 secs] [Times: user=0.01 sys=0.00, real=0.00 secs] 
1687.347: [GC (Allocation Failure) [PSYoungGen: 51040K->1376K(51712K)] 424731K->375067K(567808K), 0.0016543 secs] [Times: user=0.01 sys=0.00, real=0.00 secs] 
1687.553: [GC (Allocation Failure) [PSYoungGen: 51040K->1344K(51712K)] 424731K->375035K(567808K), 0.0018563 secs] [Times: user=0.01 sys=0.00, real=0.00 secs] 
1688.202: [GC (Allocation Failure) [PSYoungGen: 51008K->1424K(51712K)] 424699K->375115K(567808K), 0.0019359 secs] [Times: user=0.01 sys=0.00, real=0.00 secs] 
1688.409: [GC (Allocation Failure) [PSYoungGen: 51088K->1344K(51712K)] 424779K->375035K(567808K), 0.0019893 secs] [Times: user=0.01 sys=0.00, real=0.00 secs] 
1688.615: [GC (Allocation Failure) [PSYoungGen: 51008K->1408K(51712K)] 424699K->375099K(567808K), 0.0018209 secs] [Times: user=0.01 sys=0.00, real=0.00 secs] 
1688.822: [GC (Allocation Failure) [PSYoungGen: 51072K->1408K(51712K)] 424763K->375099K(567808K), 0.0019104 secs] [Times: user=0.01 sys=0.00, real=0.00 secs] 
1689.028: [GC (Allocation Failure) [PSYoungGen: 51072K->1424K(51712K)] 424763K->375115K(567808K), 0.0018852 secs] [Times: user=0.01 sys=0.00, real=0.00 secs] 
1689.234: [GC (Allocation Failure) [PSYoungGen: 51088K->1408K(51712K)] 424779K->375099K(567808K), 0.0018964 secs] [Times: user=0.01 sys=0.00, real=0.00 secs] 
1690.767: [GC (Allocation Failure) [PSYoungGen: 51072K->1440K(51712K)] 424763K->375131K(567808K), 0.0045333 secs] [Times: user=0.02 sys=0.00, real=0.01 secs] 
1691.352: [GC (Allocation Failure) [PSYoungGen: 51104K->1376K(51712K)] 424795K->375067K(567808K), 0.0025048 secs] [Times: user=0.01 sys=0.00, real=0.00 secs] 
1692.082: [GC (Allocation Failure) [PSYoungGen: 51040K->1344K(51712K)] 424731K->375035K(567808K), 0.0026735 secs] [Times: user=0.01 sys=0.00, real=0.00 secs] 
1692.739: [GC (Allocation Failure) [PSYoungGen: 51008K->1344K(51712K)] 424699K->375035K(567808K), 0.0040335 secs] [Times: user=0.02 sys=0.00, real=0.01 secs] 
1693.473: [GC (Allocation Failure) [PSYoungGen: 51008K->1376K(51712K)] 424699K->375067K(567808K), 0.0045424 secs] [Times: user=0.02 sys=0.00, real=0.00 secs] 
1694.318: [GC (Allocation Failure) [PSYoungGen: 51040K->1376K(51712K)] 424731K->375067K(567808K), 0.0043166 secs] [Times: user=0.02 sys=0.00, real=0.01 secs] 
1695.444: [GC (Allocation Failure) [PSYoungGen: 51040K->1456K(51712K)] 424731K->375155K(567808K), 0.0021537 secs] [Times: user=0.00 sys=0.00, real=0.00 secs] 
1696.200: [GC (Allocation Failure) [PSYoungGen: 51120K->1408K(51712K)] 424819K->375107K(567808K), 0.0028783 secs] [Times: user=0.02 sys=0.00, real=0.01 secs] 
1696.745: [GC (Allocation Failure) [PSYoungGen: 51072K->1392K(51712K)] 424771K->375091K(567808K), 0.0030622 secs] [Times: user=0.01 sys=0.00, real=0.00 secs] 
1697.191: [GC (Allocation Failure) [PSYoungGen: 51056K->1408K(51712K)] 424755K->375107K(567808K), 0.0025437 secs] [Times: user=0.01 sys=0.00, real=0.01 secs] 
1697.625: [GC (Allocation Failure) [PSYoungGen: 51072K->1376K(51712K)] 424771K->375075K(567808K), 0.0029138 secs] [Times: user=0.01 sys=0.00, real=0.00 secs] 
1698.013: [GC (Allocation Failure) [PSYoungGen: 51040K->1440K(51712K)] 424739K->375155K(567808K), 0.0026156 secs] [Times: user=0.01 sys=0.00, real=0.00 secs] 
1698.757: [GC (Allocation Failure) [PSYoungGen: 51104K->1440K(51712K)] 424819K->375155K(567808K), 0.0021049 secs] [Times: user=0.01 sys=0.00, real=0.00 secs] 
1699.016: [GC (Allocation Failure) [PSYoungGen: 51104K->1376K(51712K)] 424819K->375091K(567808K), 0.0020407 secs] [Times: user=0.01 sys=0.00, real=0.00 secs] 
1699.404: [GC (Allocation Failure) [PSYoungGen: 51040K->1424K(51712K)] 424755K->375147K(567808K), 0.0019396 secs] [Times: user=0.01 sys=0.00, real=0.00 secs] 
1699.816: [GC (Allocation Failure) [PSYoungGen: 51088K->1408K(51712K)] 424811K->375131K(567808K), 0.0028689 secs] [Times: user=0.01 sys=0.00, real=0.00 secs] 
1700.233: [GC (Allocation Failure) [PSYoungGen: 51072K->1440K(51712K)] 424795K->375163K(567808K), 0.0029250 secs] [Times: user=0.01 sys=0.00, real=0.00 secs] 
1700.621: [GC (Allocation Failure) [PSYoungGen: 51104K->1376K(51712K)] 424827K->375099K(567808K), 0.0033932 secs] [Times: user=0.02 sys=0.00, real=0.01 secs] 
1701.608: [GC (Allocation Failure) [PSYoungGen: 51040K->1440K(51712K)] 424763K->375163K(567808K), 0.0021345 secs] [Times: user=0.01 sys=0.00, real=0.00 secs] 
1702.038: [GC (Allocation Failure) [PSYoungGen: 51104K->1392K(51712K)] 424827K->375115K(567808K), 0.0021614 secs] [Times: user=0.01 sys=0.00, real=0.00 secs] 
1702.500: [GC (Allocation Failure) [PSYoungGen: 51056K->1376K(51200K)] 424779K->375099K(567296K), 0.0029794 secs] [Times: user=0.01 sys=0.00, real=0.01 secs] 
1703.047: [GC (Allocation Failure) [PSYoungGen: 51040K->1408K(51200K)] 424763K->375131K(567296K), 0.0026519 secs] [Times: user=0.01 sys=0.00, real=0.00 secs] 
1703.463: [GC (Allocation Failure) [PSYoungGen: 51072K->1376K(51200K)] 424795K->375099K(567296K), 0.0026704 secs] [Times: user=0.01 sys=0.00, real=0.00 secs] 
1703.856: [GC (Allocation Failure) [PSYoungGen: 51040K->1344K(51200K)] 424763K->375067K(567296K), 0.0030877 secs] [Times: user=0.01 sys=0.00, real=0.00 secs] 
1705.109: [GC (Allocation Failure) [PSYoungGen: 51008K->1408K(51200K)] 424731K->375131K(567296K), 0.0028735 secs] [Times: user=0.01 sys=0.00, real=0.01 secs] 
1706.132: [GC (Allocation Failure) [PSYoungGen: 51072K->1440K(51200K)] 424795K->375163K(567296K), 0.0045590 secs] [Times: user=0.02 sys=0.00, real=0.00 secs] 
1706.584: [GC (Allocation Failure) [PSYoungGen: 51104K->1344K(51200K)] 424827K->375067K(567296K), 0.0023819 secs] [Times: user=0.01 sys=0.00, real=0.00 secs] 
1707.114: [GC (Allocation Failure) [PSYoungGen: 51008K->1344K(51200K)] 424731K->375091K(567296K), 0.0027809 secs] [Times: user=0.02 sys=0.00, real=0.00 secs] 
1707.668: [GC (Allocation Failure) [PSYoungGen: 51008K->1376K(51200K)] 424755K->375123K(567296K), 0.0033051 secs] [Times: user=0.01 sys=0.00, real=0.01 secs] 
1708.265: [GC (Allocation Failure) [PSYoungGen: 51040K->1344K(51200K)] 424787K->375091K(567296K), 0.0036464 secs] [Times: user=0.01 sys=0.00, real=0.00 secs] 
1709.308: [GC (Allocation Failure) [PSYoungGen: 51008K->1424K(51200K)] 424755K->375171K(567296K), 0.0019657 secs] [Times: user=0.01 sys=0.00, real=0.00 secs] 
1709.725: [GC (Allocation Failure) [PSYoungGen: 51088K->1344K(51200K)] 424835K->375091K(567296K), 0.0025929 secs] [Times: user=0.01 sys=0.00, real=0.00 secs] 
1710.225: [GC (Allocation Failure) [PSYoungGen: 51008K->1408K(51200K)] 424755K->375155K(567296K), 0.0042656 secs] [Times: user=0.02 sys=0.00, real=0.00 secs] 
1710.614: [GC (Allocation Failure) [PSYoungGen: 51072K->1392K(51200K)] 424819K->375139K(567296K), 0.0034279 secs] [Times: user=0.02 sys=0.00, real=0.00 secs] 
1710.991: [GC (Allocation Failure) [PSYoungGen: 51056K->1440K(51200K)] 424803K->375187K(567296K), 0.0038019 secs] [Times: user=0.02 sys=0.00, real=0.01 secs] 
1711.375: [GC (Allocation Failure) [PSYoungGen: 51104K->1360K(51200K)] 424851K->375107K(567296K), 0.0033687 secs] [Times: user=0.01 sys=0.00, real=0.00 secs] 
1712.279: [GC (Allocation Failure) [PSYoungGen: 51024K->1408K(51200K)] 424771K->375155K(567296K), 0.0020196 secs] [Times: user=0.01 sys=0.00, real=0.00 secs] 
1712.678: [GC (Allocation Failure) [PSYoungGen: 51072K->1408K(51200K)] 424819K->375155K(567296K), 0.0023888 secs] [Times: user=0.01 sys=0.00, real=0.00 secs] 
1713.458: [GC (Allocation Failure) [PSYoungGen: 51072K->1376K(51200K)] 424819K->375123K(567296K), 0.0024360 secs] [Times: user=0.01 sys=0.01, real=0.00 secs] 
1714.947: [GC (Allocation Failure) [PSYoungGen: 51040K->1376K(51200K)] 424787K->375123K(567296K), 0.0045447 secs] [Times: user=0.02 sys=0.00, real=0.01 secs] 
1715.973: [GC (Allocation Failure) [PSYoungGen: 51040K->1344K(51200K)] 424787K->375091K(567296K), 0.0048002 secs] [Times: user=0.02 sys=0.00, real=0.00 secs] 
1716.525: [GC (Allocation Failure) [PSYoungGen: 51008K->1312K(51200K)] 424755K->375059K(567296K), 0.0042462 secs] [Times: user=0.02 sys=0.00, real=0.00 secs] 
1718.089: [GC (Allocation Failure) [PSYoungGen: 50976K->1408K(51200K)] 424723K->375155K(567296K), 0.0034644 secs] [Times: user=0.01 sys=0.00, real=0.01 secs] 
1719.230: [GC (Allocation Failure) [PSYoungGen: 51072K->1408K(51200K)] 424819K->375155K(567296K), 0.0042354 secs] [Times: user=0.02 sys=0.00, real=0.01 secs] 
1720.032: [GC (Allocation Failure) [PSYoungGen: 51072K->1376K(51200K)] 424819K->375123K(567296K), 0.0028502 secs] [Times: user=0.01 sys=0.00, real=0.00 secs] 
1720.491: [GC (Allocation Failure) [PSYoungGen: 51040K->1392K(51200K)] 424787K->375147K(567296K), 0.0031104 secs] [Times: user=0.01 sys=0.00, real=0.01 secs] 
1720.915: [GC (Allocation Failure) [PSYoungGen: 51056K->1376K(51200K)] 424811K->375131K(567296K), 0.0030722 secs] [Times: user=0.01 sys=0.00, real=0.00 secs] 
1721.207: [GC (Allocation Failure) [PSYoungGen: 51040K->1408K(51200K)] 424795K->375163K(567296K), 0.0023334 secs] [Times: user=0.01 sys=0.00, real=0.00 secs] 
1722.648: [GC (Allocation Failure) [PSYoungGen: 51072K->1472K(51200K)] 424827K->375227K(567296K), 0.0019488 secs] [Times: user=0.00 sys=0.00, real=0.00 secs] 
1723.079: [GC (Allocation Failure) [PSYoungGen: 51136K->1344K(51200K)] 424891K->375099K(567296K), 0.0020925 secs] [Times: user=0.01 sys=0.00, real=0.00 secs] 
1723.586: [GC (Allocation Failure) [PSYoungGen: 51008K->1408K(51200K)] 424763K->375163K(567296K), 0.0018191 secs] [Times: user=0.01 sys=0.00, real=0.00 secs] 
1724.134: [GC (Allocation Failure) [PSYoungGen: 51072K->1376K(51200K)] 424827K->375131K(567296K), 0.0035519 secs] [Times: user=0.02 sys=0.00, real=0.00 secs] 
1724.756: [GC (Allocation Failure) [PSYoungGen: 51040K->1344K(51200K)] 424795K->375099K(567296K), 0.0041048 secs] [Times: user=0.02 sys=0.00, real=0.00 secs] 
1725.365: [GC (Allocation Failure) [PSYoungGen: 51008K->1408K(51200K)] 424763K->375163K(567296K), 0.0042159 secs] [Times: user=0.02 sys=0.00, real=0.00 secs] 
1726.248: [GC (Allocation Failure) [PSYoungGen: 51072K->1440K(51200K)] 424827K->375195K(567296K), 0.0017975 secs] [Times: user=0.00 sys=0.00, real=0.00 secs] 
1726.454: [GC (Allocation Failure) [PSYoungGen: 51104K->1408K(51200K)] 424859K->375163K(567296K), 0.0019502 secs] [Times: user=0.01 sys=0.00, real=0.00 secs] 
1726.762: [GC (Allocation Failure) [PSYoungGen: 51072K->1408K(51200K)] 424827K->375163K(567296K), 0.0018588 secs] [Times: user=0.01 sys=0.00, real=0.00 secs] 
1727.136: [GC (Allocation Failure) [PSYoungGen: 51072K->1392K(51200K)] 424827K->375147K(567296K), 0.0035332 secs] [Times: user=0.01 sys=0.00, real=0.00 secs] 
1727.582: [GC (Allocation Failure) [PSYoungGen: 51056K->1408K(51200K)] 424811K->375179K(567296K), 0.0033088 secs] [Times: user=0.02 sys=0.00, real=0.00 secs] 
1728.328: [GC (Allocation Failure) [PSYoungGen: 51072K->1408K(51200K)] 424843K->375179K(567296K), 0.0028648 secs] [Times: user=0.01 sys=0.00, real=0.00 secs] 
1729.512: [GC (Allocation Failure) [PSYoungGen: 51072K->1408K(51200K)] 424843K->375179K(567296K), 0.0045860 secs] [Times: user=0.02 sys=0.00, real=0.00 secs] 
1730.142: [GC (Allocation Failure) [PSYoungGen: 51072K->1376K(51200K)] 424843K->375147K(567296K), 0.0043794 secs] [Times: user=0.02 sys=0.00, real=0.00 secs] 
1730.860: [GC (Allocation Failure) [PSYoungGen: 51040K->1376K(51200K)] 424811K->375147K(567296K), 0.0042877 secs] [Times: user=0.02 sys=0.00, real=0.01 secs] 
1731.601: [GC (Allocation Failure) [PSYoungGen: 51040K->1408K(51200K)] 424811K->375187K(567296K), 0.0042202 secs] [Times: user=0.02 sys=0.00, real=0.01 secs] 
1732.325: [GC (Allocation Failure) [PSYoungGen: 51072K->1360K(51200K)] 424851K->375139K(567296K), 0.0041349 secs] [Times: user=0.02 sys=0.00, real=0.00 secs] 
1732.714: [GC (Allocation Failure) [PSYoungGen: 51024K->1440K(51200K)] 424803K->375219K(567296K), 0.0034247 secs] [Times: user=0.02 sys=0.00, real=0.00 secs] 
1733.953: [GC (Allocation Failure) [PSYoungGen: 51104K->1440K(51200K)] 424883K->375219K(567296K), 0.0031811 secs] [Times: user=0.01 sys=0.00, real=0.00 secs] 
1734.480: [GC (Allocation Failure) [PSYoungGen: 51104K->1376K(51200K)] 424883K->375155K(567296K), 0.0024015 secs] [Times: user=0.01 sys=0.00, real=0.01 secs] 
1734.945: [GC (Allocation Failure) [PSYoungGen: 51040K->1376K(51200K)] 424819K->375155K(567296K), 0.0021772 secs] [Times: user=0.01 sys=0.00, real=0.00 secs] 
1735.361: [GC (Allocation Failure) [PSYoungGen: 51040K->1408K(51200K)] 424819K->375187K(567296K), 0.0043863 secs] [Times: user=0.02 sys=0.00, real=0.01 secs] 
1735.771: [GC (Allocation Failure) [PSYoungGen: 51072K->1392K(51200K)] 424851K->375171K(567296K), 0.0035101 secs] [Times: user=0.01 sys=0.00, real=0.01 secs] 
1736.280: [GC (Allocation Failure) [PSYoungGen: 51056K->1376K(51200K)] 424835K->375155K(567296K), 0.0024852 secs] [Times: user=0.01 sys=0.00, real=0.01 secs] 
1737.637: [GC (Allocation Failure) [PSYoungGen: 51040K->1440K(51200K)] 424819K->375219K(567296K), 0.0020362 secs] [Times: user=0.01 sys=0.00, real=0.00 secs] 
1738.130: [GC (Allocation Failure) [PSYoungGen: 51104K->1408K(51200K)] 424883K->375187K(567296K), 0.0021412 secs] [Times: user=0.01 sys=0.00, real=0.01 secs] 
1738.558: [GC (Allocation Failure) [PSYoungGen: 51072K->1408K(51200K)] 424851K->375187K(567296K), 0.0043064 secs] [Times: user=0.01 sys=0.00, real=0.01 secs] 
1738.871: [GC (Allocation Failure) [PSYoungGen: 51072K->1408K(51200K)] 424851K->375195K(567296K), 0.0021844 secs] [Times: user=0.01 sys=0.00, real=0.01 secs] 
1739.104: [GC (Allocation Failure) [PSYoungGen: 51072K->1408K(51200K)] 424859K->375195K(567296K), 0.0020208 secs] [Times: user=0.01 sys=0.00, real=0.00 secs] 
1739.331: [GC (Allocation Failure) [PSYoungGen: 51072K->1408K(51200K)] 424859K->375195K(567296K), 0.0019191 secs] [Times: user=0.01 sys=0.00, real=0.01 secs] 
1740.039: [GC (Allocation Failure) [PSYoungGen: 51072K->1440K(51200K)] 424859K->375227K(567296K), 0.0019245 secs] [Times: user=0.01 sys=0.00, real=0.00 secs] 
1740.246: [GC (Allocation Failure) [PSYoungGen: 51104K->1408K(51200K)] 424891K->375195K(567296K), 0.0019982 secs] [Times: user=0.01 sys=0.00, real=0.00 secs] 
1740.606: [GC (Allocation Failure) [PSYoungGen: 51072K->1408K(51200K)] 424859K->375195K(567296K), 0.0018910 secs] [Times: user=0.01 sys=0.00, real=0.00 secs] 
1741.019: [GC (Allocation Failure) [PSYoungGen: 51072K->1376K(51200K)] 424859K->375171K(567296K), 0.0018774 secs] [Times: user=0.01 sys=0.00, real=0.00 secs] 
1741.442: [GC (Allocation Failure) [PSYoungGen: 51040K->1376K(51200K)] 424835K->375171K(567296K), 0.0021020 secs] [Times: user=0.01 sys=0.00, real=0.00 secs] 
1741.836: [GC (Allocation Failure) [PSYoungGen: 51040K->1376K(51200K)] 424835K->375171K(567296K), 0.0020924 secs] [Times: user=0.01 sys=0.00, real=0.00 secs] 
1742.787: [GC (Allocation Failure) [PSYoungGen: 51040K->1440K(51200K)] 424835K->375235K(567296K), 0.0019552 secs] [Times: user=0.01 sys=0.00, real=0.00 secs] 
1743.201: [GC (Allocation Failure) [PSYoungGen: 51104K->1408K(51200K)] 424899K->375203K(567296K), 0.0019385 secs] [Times: user=0.01 sys=0.00, real=0.01 secs] 
1743.602: [GC (Allocation Failure) [PSYoungGen: 51072K->1376K(51200K)] 424867K->375171K(567296K), 0.0019518 secs] [Times: user=0.01 sys=0.00, real=0.00 secs] 
1744.053: [GC (Allocation Failure) [PSYoungGen: 51040K->1440K(51200K)] 424835K->375235K(567296K), 0.0021957 secs] [Times: user=0.00 sys=0.00, real=0.00 secs] 
1744.496: [GC (Allocation Failure) [PSYoungGen: 51104K->1376K(51200K)] 424899K->375171K(567296K), 0.0022928 secs] [Times: user=0.01 sys=0.00, real=0.00 secs] 
1744.956: [GC (Allocation Failure) [PSYoungGen: 51040K->1376K(51200K)] 424835K->375171K(567296K), 0.0023764 secs] [Times: user=0.01 sys=0.00, real=0.00 secs] 
1745.804: [GC (Allocation Failure) [PSYoungGen: 51040K->1440K(51200K)] 424835K->375251K(567296K), 0.0020248 secs] [Times: user=0.01 sys=0.00, real=0.00 secs] 
1746.379: [GC (Allocation Failure) [PSYoungGen: 51104K->1408K(51200K)] 424915K->375219K(567296K), 0.0019919 secs] [Times: user=0.01 sys=0.00, real=0.00 secs] 
1747.058: [GC (Allocation Failure) [PSYoungGen: 51072K->1392K(51200K)] 424883K->375203K(567296K), 0.0021505 secs] [Times: user=0.01 sys=0.00, real=0.00 secs] 
1747.706: [GC (Allocation Failure) [PSYoungGen: 51056K->1376K(51200K)] 424867K->375187K(567296K), 0.0021474 secs] [Times: user=0.01 sys=0.00, real=0.00 secs] 
1748.370: [GC (Allocation Failure) [PSYoungGen: 51040K->1424K(51200K)] 424851K->375235K(567296K), 0.0024692 secs] [Times: user=0.02 sys=0.00, real=0.01 secs] 
1748.930: [GC (Allocation Failure) [PSYoungGen: 51088K->1344K(51200K)] 424899K->375155K(567296K), 0.0024482 secs] [Times: user=0.01 sys=0.00, real=0.01 secs] 
1749.812: [GC (Allocation Failure) [PSYoungGen: 51008K->1472K(51200K)] 424819K->375283K(567296K), 0.0017932 secs] [Times: user=0.00 sys=0.00, real=0.00 secs] 
1750.255: [GC (Allocation Failure) [PSYoungGen: 51136K->1424K(51200K)] 424947K->375235K(567296K), 0.0020157 secs] [Times: user=0.01 sys=0.01, real=0.00 secs] 
1750.727: [GC (Allocation Failure) [PSYoungGen: 51088K->1408K(51200K)] 424899K->375219K(567296K), 0.0022434 secs] [Times: user=0.00 sys=0.00, real=0.00 secs] 
1751.177: [GC (Allocation Failure) [PSYoungGen: 51072K->1376K(51200K)] 424883K->375187K(567296K), 0.0023682 secs] [Times: user=0.01 sys=0.00, real=0.00 secs] 
1751.623: [GC (Allocation Failure) [PSYoungGen: 51040K->1376K(51200K)] 424851K->375187K(567296K), 0.0026829 secs] [Times: user=0.02 sys=0.00, real=0.00 secs] 
1751.864: [GC (Allocation Failure) [PSYoungGen: 51040K->1376K(51200K)] 424851K->375187K(567296K), 0.0022034 secs] [Times: user=0.00 sys=0.00, real=0.00 secs] 
1753.163: [GC (Allocation Failure) [PSYoungGen: 51040K->1408K(51200K)] 424851K->375219K(567296K), 0.0024791 secs] [Times: user=0.01 sys=0.00, real=0.00 secs] 
1753.723: [GC (Allocation Failure) [PSYoungGen: 51072K->1376K(51200K)] 424883K->375187K(567296K), 0.0031176 secs] [Times: user=0.01 sys=0.00, real=0.00 secs] 
1754.140: [GC (Allocation Failure) [PSYoungGen: 51040K->1376K(51200K)] 424851K->375187K(567296K), 0.0030295 secs] [Times: user=0.01 sys=0.00, real=0.01 secs] 
1754.528: [GC (Allocation Failure) [PSYoungGen: 51040K->1376K(51200K)] 424851K->375187K(567296K), 0.0034562 secs] [Times: user=0.02 sys=0.00, real=0.01 secs] 
1754.733: [GC (Allocation Failure) [PSYoungGen: 51040K->1408K(51200K)] 424851K->375219K(567296K), 0.0020694 secs] [Times: user=0.01 sys=0.00, real=0.00 secs] 
1755.017: [GC (Allocation Failure) [PSYoungGen: 51072K->1424K(51200K)] 424883K->375235K(567296K), 0.0018780 secs] [Times: user=0.00 sys=0.00, real=0.00 secs] 
1755.860: [GC (Allocation Failure) [PSYoungGen: 51088K->1440K(51200K)] 424899K->375251K(567296K), 0.0019470 secs] [Times: user=0.01 sys=0.00, real=0.01 secs] 
1756.363: [GC (Allocation Failure) [PSYoungGen: 51104K->1344K(51200K)] 424915K->375155K(567296K), 0.0034013 secs] [Times: user=0.01 sys=0.00, real=0.00 secs] 
1756.823: [GC (Allocation Failure) [PSYoungGen: 51008K->1440K(51200K)] 424819K->375267K(567296K), 0.0035325 secs] [Times: user=0.02 sys=0.00, real=0.00 secs] 
1757.262: [GC (Allocation Failure) [PSYoungGen: 51104K->1344K(51200K)] 424931K->375171K(567296K), 0.0029195 secs] [Times: user=0.01 sys=0.00, real=0.00 secs] 
1757.698: [GC (Allocation Failure) [PSYoungGen: 51008K->1440K(51200K)] 424835K->375267K(567296K), 0.0029196 secs] [Times: user=0.01 sys=0.00, real=0.00 secs] 
1758.070: [GC (Allocation Failure) [PSYoungGen: 51104K->1344K(51200K)] 424931K->375171K(567296K), 0.0028079 secs] [Times: user=0.01 sys=0.00, real=0.01 secs] 
1758.830: [GC (Allocation Failure) [PSYoungGen: 51008K->1440K(51200K)] 424835K->375267K(567296K), 0.0019299 secs] [Times: user=0.01 sys=0.00, real=0.01 secs] 
1759.046: [GC (Allocation Failure) [PSYoungGen: 51104K->1392K(51200K)] 424931K->375219K(567296K), 0.0017570 secs] [Times: user=0.00 sys=0.00, real=0.00 secs] 
1759.252: [GC (Allocation Failure) [PSYoungGen: 51056K->1376K(51200K)] 424883K->375203K(567296K), 0.0019297 secs] [Times: user=0.01 sys=0.00, real=0.00 secs] 
1759.495: [GC (Allocation Failure) [PSYoungGen: 51040K->1376K(51200K)] 424867K->375203K(567296K), 0.0029734 secs] [Times: user=0.01 sys=0.00, real=0.00 secs] 
1759.764: [GC (Allocation Failure) [PSYoungGen: 51040K->1376K(51200K)] 424867K->375203K(567296K), 0.0026619 secs] [Times: user=0.01 sys=0.00, real=0.00 secs] 
1759.971: [GC (Allocation Failure) [PSYoungGen: 51040K->1376K(51200K)] 424867K->375203K(567296K), 0.0022240 secs] [Times: user=0.01 sys=0.00, real=0.01 secs] 
1761.645: [GC (Allocation Failure) [PSYoungGen: 51040K->1376K(51200K)] 424867K->375203K(567296K), 0.0042407 secs] [Times: user=0.02 sys=0.01, real=0.00 secs] 
1762.172: [GC (Allocation Failure) [PSYoungGen: 51040K->1408K(51200K)] 424867K->375235K(567296K), 0.0030644 secs] [Times: user=0.01 sys=0.00, real=0.00 secs] 
1762.556: [GC (Allocation Failure) [PSYoungGen: 51072K->1376K(51200K)] 424899K->375203K(567296K), 0.0024712 secs] [Times: user=0.01 sys=0.00, real=0.00 secs] 
1763.100: [GC (Allocation Failure) [PSYoungGen: 51040K->1376K(51200K)] 424867K->375203K(567296K), 0.0030010 secs] [Times: user=0.01 sys=0.00, real=0.01 secs] 
1763.736: [GC (Allocation Failure) [PSYoungGen: 51040K->1408K(51200K)] 424867K->375235K(567296K), 0.0044131 secs] [Times: user=0.02 sys=0.00, real=0.00 secs] 
1764.449: [GC (Allocation Failure) [PSYoungGen: 51072K->1408K(51200K)] 424899K->375235K(567296K), 0.0041425 secs] [Times: user=0.02 sys=0.00, real=0.01 secs] 
1765.384: [GC (Allocation Failure) [PSYoungGen: 51072K->1440K(51200K)] 424899K->375267K(567296K), 0.0020414 secs] [Times: user=0.01 sys=0.00, real=0.00 secs] 
1765.677: [GC (Allocation Failure) [PSYoungGen: 51104K->1408K(51200K)] 424931K->375235K(567296K), 0.0020879 secs] [Times: user=0.01 sys=0.00, real=0.00 secs] 
1765.884: [GC (Allocation Failure) [PSYoungGen: 51072K->1408K(51200K)] 424899K->375235K(567296K), 0.0020606 secs] [Times: user=0.01 sys=0.00, real=0.00 secs] 
1766.139: [GC (Allocation Failure) [PSYoungGen: 51072K->1408K(51200K)] 424899K->375251K(567296K), 0.0020477 secs] [Times: user=0.01 sys=0.00, real=0.00 secs] 
1766.416: [GC (Allocation Failure) [PSYoungGen: 51072K->1344K(51200K)] 424915K->375187K(567296K), 0.0020780 secs] [Times: user=0.01 sys=0.00, real=0.00 secs] 
1766.851: [GC (Allocation Failure) [PSYoungGen: 51008K->1408K(51200K)] 424851K->375251K(567296K), 0.0024482 secs] [Times: user=0.01 sys=0.00, real=0.01 secs] 
1767.677: [GC (Allocation Failure) [PSYoungGen: 51072K->1376K(51200K)] 424915K->375219K(567296K), 0.0022205 secs] [Times: user=0.01 sys=0.00, real=0.00 secs] 
1768.131: [GC (Allocation Failure) [PSYoungGen: 51040K->1376K(51200K)] 424883K->375219K(567296K), 0.0020051 secs] [Times: user=0.01 sys=0.00, real=0.01 secs] 
1768.345: [GC (Allocation Failure) [PSYoungGen: 51040K->1408K(51200K)] 424883K->375251K(567296K), 0.0021731 secs] [Times: user=0.01 sys=0.00, real=0.00 secs] 
1768.577: [GC (Allocation Failure) [PSYoungGen: 51072K->1376K(51200K)] 424915K->375219K(567296K), 0.0029632 secs] [Times: user=0.02 sys=0.00, real=0.00 secs] 
1768.808: [GC (Allocation Failure) [PSYoungGen: 51040K->1376K(51200K)] 424883K->375227K(567296K), 0.0022124 secs] [Times: user=0.01 sys=0.00, real=0.00 secs] 
1769.241: [GC (Allocation Failure) [PSYoungGen: 51040K->1376K(51200K)] 424891K->375227K(567296K), 0.0025923 secs] [Times: user=0.01 sys=0.00, real=0.01 secs] 
1770.174: [GC (Allocation Failure) [PSYoungGen: 51040K->1408K(51200K)] 424891K->375259K(567296K), 0.0022650 secs] [Times: user=0.01 sys=0.01, real=0.00 secs] 
1770.614: [GC (Allocation Failure) [PSYoungGen: 51072K->1376K(51200K)] 424923K->375227K(567296K), 0.0029995 secs] [Times: user=0.01 sys=0.00, real=0.00 secs] 
1770.808: [GC (Allocation Failure) [PSYoungGen: 51040K->1408K(51200K)] 424891K->375259K(567296K), 0.0019957 secs] [Times: user=0.01 sys=0.00, real=0.00 secs] 
1771.014: [GC (Allocation Failure) [PSYoungGen: 51072K->1424K(51200K)] 424923K->375283K(567296K), 0.0019377 secs] [Times: user=0.01 sys=0.00, real=0.00 secs] 
1771.389: [GC (Allocation Failure) [PSYoungGen: 51088K->1376K(51200K)] 424947K->375235K(567296K), 0.0023498 secs] [Times: user=0.01 sys=0.00, real=0.01 secs] 
1771.749: [GC (Allocation Failure) [PSYoungGen: 51040K->1344K(51200K)] 424899K->375203K(567296K), 0.0035655 secs] [Times: user=0.02 sys=0.00, real=0.01 secs] 
1772.761: [GC (Allocation Failure) [PSYoungGen: 51008K->1472K(51200K)] 424867K->375331K(567296K), 0.0020705 secs] [Times: user=0.01 sys=0.00, real=0.01 secs] 
1773.330: [GC (Allocation Failure) [PSYoungGen: 51136K->1408K(51200K)] 424995K->375267K(567296K), 0.0020473 secs] [Times: user=0.01 sys=0.00, real=0.01 secs] 
1773.914: [GC (Allocation Failure) [PSYoungGen: 51072K->1392K(51200K)] 424931K->375251K(567296K), 0.0043372 secs] [Times: user=0.02 sys=0.00, real=0.00 secs] 
1774.435: [GC (Allocation Failure) [PSYoungGen: 51056K->1376K(51200K)] 424915K->375235K(567296K), 0.0029628 secs] [Times: user=0.01 sys=0.00, real=0.00 secs] 
1774.831: [GC (Allocation Failure) [PSYoungGen: 51040K->1376K(51200K)] 424899K->375235K(567296K), 0.0027924 secs] [Times: user=0.01 sys=0.00, real=0.01 secs] 
1775.220: [GC (Allocation Failure) [PSYoungGen: 51040K->1344K(51200K)] 424899K->375203K(567296K), 0.0028448 secs] [Times: user=0.01 sys=0.00, real=0.01 secs] 
1776.064: [GC (Allocation Failure) [PSYoungGen: 51008K->1440K(51200K)] 424867K->375299K(567296K), 0.0020974 secs] [Times: user=0.01 sys=0.00, real=0.00 secs] 
1776.386: [GC (Allocation Failure) [PSYoungGen: 51104K->1408K(51200K)] 424963K->375283K(567296K), 0.0022284 secs] [Times: user=0.01 sys=0.00, real=0.00 secs] 
1776.811: [GC (Allocation Failure) [PSYoungGen: 51072K->1376K(51200K)] 424947K->375251K(567296K), 0.0025866 secs] [Times: user=0.01 sys=0.00, real=0.01 secs] 
1777.185: [GC (Allocation Failure) [PSYoungGen: 51040K->1376K(51200K)] 424915K->375251K(567296K), 0.0022290 secs] [Times: user=0.01 sys=0.00, real=0.00 secs] 
1777.551: [GC (Allocation Failure) [PSYoungGen: 51040K->1376K(51200K)] 424915K->375251K(567296K), 0.0045927 secs] [Times: user=0.02 sys=0.00, real=0.01 secs] 
1778.018: [GC (Allocation Failure) [PSYoungGen: 51040K->1392K(51200K)] 424915K->375267K(567296K), 0.0033527 secs] [Times: user=0.01 sys=0.00, real=0.00 secs] 
1778.789: [GC (Allocation Failure) [PSYoungGen: 51056K->1408K(51200K)] 424931K->375283K(567296K), 0.0019704 secs] [Times: user=0.01 sys=0.00, real=0.00 secs] 
1779.021: [GC (Allocation Failure) [PSYoungGen: 51072K->1408K(51200K)] 424947K->375283K(567296K), 0.0019234 secs] [Times: user=0.01 sys=0.00, real=0.01 secs] 
1779.227: [GC (Allocation Failure) [PSYoungGen: 51072K->1424K(51200K)] 424947K->375299K(567296K), 0.0019292 secs] [Times: user=0.00 sys=0.00, real=0.00 secs] 
1779.434: [GC (Allocation Failure) [PSYoungGen: 51088K->1408K(51200K)] 424963K->375283K(567296K), 0.0019549 secs] [Times: user=0.01 sys=0.00, real=0.00 secs] 
1779.812: [GC (Allocation Failure) [PSYoungGen: 51072K->1376K(51200K)] 424947K->375251K(567296K), 0.0021798 secs] [Times: user=0.01 sys=0.00, real=0.00 secs] 
1780.156: [GC (Allocation Failure) [PSYoungGen: 51040K->1408K(51200K)] 424915K->375283K(567296K), 0.0021270 secs] [Times: user=0.01 sys=0.00, real=0.00 secs] 
1780.912: [GC (Allocation Failure) [PSYoungGen: 51072K->1440K(51200K)] 424947K->375315K(567296K), 0.0017568 secs] [Times: user=0.01 sys=0.00, real=0.00 secs] 
1781.383: [GC (Allocation Failure) [PSYoungGen: 51104K->1376K(51200K)] 424979K->375251K(567296K), 0.0020907 secs] [Times: user=0.01 sys=0.00, real=0.00 secs] 
1781.590: [GC (Allocation Failure) [PSYoungGen: 51040K->1312K(51200K)] 424915K->375187K(567296K), 0.0030969 secs] [Times: user=0.01 sys=0.00, real=0.01 secs] 
1781.798: [GC (Allocation Failure) [PSYoungGen: 50976K->1376K(51200K)] 424851K->375251K(567296K), 0.0022272 secs] [Times: user=0.01 sys=0.00, real=0.00 secs] 
1782.008: [GC (Allocation Failure) [PSYoungGen: 51040K->1312K(51200K)] 424915K->375187K(567296K), 0.0030328 secs] [Times: user=0.01 sys=0.00, real=0.00 secs] 
1782.212: [GC (Allocation Failure) [PSYoungGen: 50976K->1376K(57344K)] 424851K->375251K(573440K), 0.0023861 secs] [Times: user=0.01 sys=0.00, real=0.00 secs] 
1784.516: [GC (Allocation Failure) [PSYoungGen: 57184K->1488K(57344K)] 431059K->375363K(573440K), 0.0045316 secs] [Times: user=0.02 sys=0.00, real=0.00 secs] 
1785.307: [GC (Allocation Failure) [PSYoungGen: 57296K->1344K(57344K)] 431171K->375235K(573440K), 0.0045596 secs] [Times: user=0.02 sys=0.00, real=0.01 secs] 
1785.783: [GC (Allocation Failure) [PSYoungGen: 57152K->1344K(57344K)] 431043K->375235K(573440K), 0.0034742 secs] [Times: user=0.01 sys=0.00, real=0.00 secs] 
1786.778: [GC (Allocation Failure) [PSYoungGen: 57152K->1392K(57344K)] 431043K->375283K(573440K), 0.0038399 secs] [Times: user=0.02 sys=0.00, real=0.01 secs] 
1787.740: [GC (Allocation Failure) [PSYoungGen: 57200K->1408K(57344K)] 431091K->375299K(573440K), 0.0044494 secs] [Times: user=0.02 sys=0.00, real=0.01 secs] 
1788.948: [GC (Allocation Failure) [PSYoungGen: 57216K->1408K(57344K)] 431107K->375299K(573440K), 0.0018520 secs] [Times: user=0.01 sys=0.00, real=0.00 secs] 
1789.180: [GC (Allocation Failure) [PSYoungGen: 57216K->1408K(57344K)] 431107K->375299K(573440K), 0.0018955 secs] [Times: user=0.01 sys=0.00, real=0.01 secs] 
1789.412: [GC (Allocation Failure) [PSYoungGen: 57216K->1408K(57344K)] 431107K->375299K(573440K), 0.0019494 secs] [Times: user=0.00 sys=0.00, real=0.00 secs] 
1789.644: [GC (Allocation Failure) [PSYoungGen: 57216K->1360K(57344K)] 431107K->375251K(573440K), 0.0018802 secs] [Times: user=0.01 sys=0.00, real=0.00 secs] 
1789.876: [GC (Allocation Failure) [PSYoungGen: 57168K->1376K(57344K)] 431059K->375267K(573440K), 0.0019318 secs] [Times: user=0.01 sys=0.00, real=0.00 secs] 
1790.418: [GC (Allocation Failure) [PSYoungGen: 57184K->1421K(57344K)] 431075K->375313K(573440K), 0.0016320 secs] [Times: user=0.00 sys=0.00, real=0.00 secs] 
1791.052: [GC (Allocation Failure) [PSYoungGen: 57229K->1408K(57344K)] 431121K->375299K(573440K), 0.0019109 secs] [Times: user=0.00 sys=0.00, real=0.00 secs] 
1791.531: [GC (Allocation Failure) [PSYoungGen: 57216K->1376K(57344K)] 431107K->375267K(573440K), 0.0021268 secs] [Times: user=0.01 sys=0.00, real=0.01 secs] 
1791.893: [GC (Allocation Failure) [PSYoungGen: 57184K->1408K(57344K)] 431075K->375299K(573440K), 0.0021497 secs] [Times: user=0.00 sys=0.00, real=0.00 secs] 
1792.125: [GC (Allocation Failure) [PSYoungGen: 57216K->1376K(57344K)] 431107K->375267K(573440K), 0.0021314 secs] [Times: user=0.00 sys=0.00, real=0.00 secs] 
1792.457: [GC (Allocation Failure) [PSYoungGen: 57184K->1408K(57344K)] 431075K->375299K(573440K), 0.0020988 secs] [Times: user=0.01 sys=0.00, real=0.00 secs] 
1793.272: [GC (Allocation Failure) [PSYoungGen: 57216K->1440K(57344K)] 431107K->375331K(573440K), 0.0019034 secs] [Times: user=0.01 sys=0.00, real=0.00 secs] 
1793.529: [GC (Allocation Failure) [PSYoungGen: 57248K->1392K(57344K)] 431139K->375283K(573440K), 0.0018870 secs] [Times: user=0.00 sys=0.00, real=0.00 secs] 
1793.760: [GC (Allocation Failure) [PSYoungGen: 57200K->1424K(57344K)] 431091K->375315K(573440K), 0.0017103 secs] [Times: user=0.00 sys=0.00, real=0.01 secs] 
1794.036: [GC (Allocation Failure) [PSYoungGen: 57232K->1440K(57344K)] 431123K->375331K(573440K), 0.0019178 secs] [Times: user=0.01 sys=0.00, real=0.00 secs] 
1794.268: [GC (Allocation Failure) [PSYoungGen: 57248K->1392K(57344K)] 431139K->375299K(573440K), 0.0018871 secs] [Times: user=0.00 sys=0.00, real=0.00 secs] 
1795.103: [GC (Allocation Failure) [PSYoungGen: 57200K->1424K(57344K)] 431107K->375331K(573440K), 0.0021389 secs] [Times: user=0.01 sys=0.00, real=0.00 secs] 
1796.154: [GC (Allocation Failure) [PSYoungGen: 57232K->1344K(57344K)] 431139K->375251K(573440K), 0.0041671 secs] [Times: user=0.01 sys=0.01, real=0.00 secs] 
1797.261: [GC (Allocation Failure) [PSYoungGen: 57152K->1376K(57344K)] 431059K->375283K(573440K), 0.0041690 secs] [Times: user=0.02 sys=0.01, real=0.01 secs] 
1798.153: [GC (Allocation Failure) [PSYoungGen: 57184K->1392K(57344K)] 431091K->375299K(573440K), 0.0044605 secs] [Times: user=0.02 sys=0.00, real=0.00 secs] 
1799.279: [GC (Allocation Failure) [PSYoungGen: 57200K->1328K(57344K)] 431107K->375235K(573440K), 0.0043218 secs] [Times: user=0.02 sys=0.00, real=0.01 secs] 
1800.143: [GC (Allocation Failure) [PSYoungGen: 57136K->1405K(57344K)] 431043K->375313K(573440K), 0.0017037 secs] [Times: user=0.01 sys=0.00, real=0.00 secs] 
1800.983: [GC (Allocation Failure) [PSYoungGen: 57213K->1440K(57344K)] 431121K->375347K(573440K), 0.0021097 secs] [Times: user=0.01 sys=0.00, real=0.00 secs] 
1801.495: [GC (Allocation Failure) [PSYoungGen: 57248K->1392K(57344K)] 431155K->375299K(573440K), 0.0019402 secs] [Times: user=0.01 sys=0.00, real=0.00 secs] 
1801.996: [GC (Allocation Failure) [PSYoungGen: 57200K->1424K(57344K)] 431107K->375331K(573440K), 0.0019721 secs] [Times: user=0.01 sys=0.00, real=0.00 secs] 
1802.383: [GC (Allocation Failure) [PSYoungGen: 57232K->1408K(57344K)] 431139K->375315K(573440K), 0.0023102 secs] [Times: user=0.01 sys=0.00, real=0.00 secs] 
1802.797: [GC (Allocation Failure) [PSYoungGen: 57216K->1408K(57344K)] 431123K->375323K(573440K), 0.0021769 secs] [Times: user=0.01 sys=0.00, real=0.00 secs] 
1803.937: [GC (Allocation Failure) [PSYoungGen: 57216K->1408K(57344K)] 431131K->375323K(573440K), 0.0019821 secs] [Times: user=0.01 sys=0.00, real=0.00 secs] 
1805.112: [GC (Allocation Failure) [PSYoungGen: 57216K->1408K(57344K)] 431131K->375323K(573440K), 0.0028473 secs] [Times: user=0.01 sys=0.00, real=0.00 secs] 
1805.761: [GC (Allocation Failure) [PSYoungGen: 57216K->1376K(57344K)] 431131K->375291K(573440K), 0.0027996 secs] [Times: user=0.02 sys=0.00, real=0.01 secs] 
1806.368: [GC (Allocation Failure) [PSYoungGen: 57184K->1376K(57344K)] 431099K->375291K(573440K), 0.0028466 secs] [Times: user=0.01 sys=0.00, real=0.00 secs] 
1806.857: [GC (Allocation Failure) [PSYoungGen: 57184K->1408K(57344K)] 431099K->375323K(573440K), 0.0021704 secs] [Times: user=0.01 sys=0.00, real=0.00 secs] 
1807.913: [GC (Allocation Failure) [PSYoungGen: 57216K->928K(57344K)] 431131K->375867K(573440K), 0.0020713 secs] [Times: user=0.01 sys=0.00, real=0.00 secs] 
1808.418: [GC (Allocation Failure) [PSYoungGen: 56736K->352K(57344K)] 431675K->375291K(573440K), 0.0019861 secs] [Times: user=0.01 sys=0.00, real=0.00 secs] 
1808.891: [GC (Allocation Failure) [PSYoungGen: 56160K->384K(57856K)] 431099K->375323K(573952K), 0.0028813 secs] [Times: user=0.01 sys=0.00, real=0.01 secs] 
1809.328: [GC (Allocation Failure) [PSYoungGen: 56192K->352K(57856K)] 431131K->375307K(573952K), 0.0023241 secs] [Times: user=0.01 sys=0.00, real=0.00 secs] 
1809.808: [GC (Allocation Failure) [PSYoungGen: 56160K->352K(57856K)] 431115K->375307K(573952K), 0.0033180 secs] [Times: user=0.01 sys=0.00, real=0.00 secs] 
1810.468: [GC (Allocation Failure) [PSYoungGen: 56160K->1405K(57856K)] 431115K->376369K(573952K), 0.0016724 secs] [Times: user=0.01 sys=0.00, real=0.00 secs] 
1811.008: [GC (Allocation Failure) [PSYoungGen: 57213K->1440K(57856K)] 432177K->376403K(573952K), 0.0018571 secs] [Times: user=0.01 sys=0.00, real=0.00 secs] 
1811.241: [GC (Allocation Failure) [PSYoungGen: 57248K->1408K(57856K)] 432211K->376371K(573952K), 0.0019929 secs] [Times: user=0.01 sys=0.00, real=0.01 secs] 
1811.473: [GC (Allocation Failure) [PSYoungGen: 57216K->1424K(57344K)] 432179K->376387K(573440K), 0.0019436 secs] [Times: user=0.01 sys=0.00, real=0.00 secs] 
1811.703: [GC (Allocation Failure) [PSYoungGen: 56720K->1408K(57856K)] 431683K->376371K(573952K), 0.0017037 secs] [Times: user=0.01 sys=0.00, real=0.00 secs] 
1811.932: [GC (Allocation Failure) [PSYoungGen: 56704K->1408K(57856K)] 431667K->376371K(573952K), 0.0020651 secs] [Times: user=0.00 sys=0.00, real=0.00 secs] 
1812.810: [GC (Allocation Failure) [PSYoungGen: 56704K->1456K(57856K)] 431667K->376419K(573952K), 0.0019862 secs] [Times: user=0.01 sys=0.00, real=0.01 secs] 
1813.535: [GC (Allocation Failure) [PSYoungGen: 56752K->1376K(56832K)] 431715K->376339K(572928K), 0.0023167 secs] [Times: user=0.01 sys=0.00, real=0.00 secs] 
1814.144: [GC (Allocation Failure) [PSYoungGen: 56672K->1408K(57344K)] 431635K->376371K(573440K), 0.0035377 secs] [Times: user=0.02 sys=0.00, real=0.00 secs] 
1814.618: [GC (Allocation Failure) [PSYoungGen: 56704K->1376K(57344K)] 431667K->376339K(573440K), 0.0029565 secs] [Times: user=0.01 sys=0.00, real=0.00 secs] 
1815.100: [GC (Allocation Failure) [PSYoungGen: 56672K->1344K(57344K)] 431635K->376323K(573440K), 0.0036080 secs] [Times: user=0.02 sys=0.00, real=0.01 secs] 
1816.030: [GC (Allocation Failure) [PSYoungGen: 56640K->1568K(57344K)] 431619K->376547K(573440K), 0.0019851 secs] [Times: user=0.00 sys=0.00, real=0.01 secs] 
1816.338: [GC (Allocation Failure) [PSYoungGen: 56864K->1376K(57344K)] 431843K->376379K(573440K), 0.0020565 secs] [Times: user=0.01 sys=0.00, real=0.00 secs] 
1816.568: [GC (Allocation Failure) [PSYoungGen: 56672K->1376K(57344K)] 431675K->376387K(573440K), 0.0020756 secs] [Times: user=0.00 sys=0.00, real=0.00 secs] 
1816.798: [GC (Allocation Failure) [PSYoungGen: 56672K->1408K(57344K)] 431683K->376419K(573440K), 0.0020706 secs] [Times: user=0.01 sys=0.00, real=0.00 secs] 
1817.077: [GC (Allocation Failure) [PSYoungGen: 56704K->1408K(57344K)] 431715K->376419K(573440K), 0.0026493 secs] [Times: user=0.01 sys=0.00, real=0.00 secs] 
1817.307: [GC (Allocation Failure) [PSYoungGen: 56704K->1408K(57344K)] 431715K->376419K(573440K), 0.0019805 secs] [Times: user=0.00 sys=0.00, real=0.00 secs] 
1818.207: [GC (Allocation Failure) [PSYoungGen: 56704K->1472K(57344K)] 431715K->376483K(573440K), 0.0019391 secs] [Times: user=0.01 sys=0.00, real=0.00 secs] 
1818.701: [GC (Allocation Failure) [PSYoungGen: 56768K->1408K(57344K)] 431779K->376419K(573440K), 0.0020792 secs] [Times: user=0.01 sys=0.00, real=0.01 secs] 
1819.048: [GC (Allocation Failure) [PSYoungGen: 56704K->1408K(57344K)] 431715K->376419K(573440K), 0.0033434 secs] [Times: user=0.02 sys=0.00, real=0.00 secs] 
1819.276: [GC (Allocation Failure) [PSYoungGen: 56704K->1408K(57344K)] 431715K->376419K(573440K), 0.0023114 secs] [Times: user=0.01 sys=0.00, real=0.00 secs] 
1819.544: [GC (Allocation Failure) [PSYoungGen: 56704K->1344K(57344K)] 431715K->376355K(573440K), 0.0021377 secs] [Times: user=0.01 sys=0.00, real=0.00 secs] 
1820.350: [GC (Allocation Failure) [PSYoungGen: 56640K->1472K(57344K)] 431651K->376483K(573440K), 0.0016735 secs] [Times: user=0.00 sys=0.00, real=0.00 secs] 
1820.782: [GC (Allocation Failure) [PSYoungGen: 56768K->1392K(57344K)] 431779K->376403K(573440K), 0.0017921 secs] [Times: user=0.00 sys=0.00, real=0.00 secs] 
1821.243: [GC (Allocation Failure) [PSYoungGen: 56688K->1376K(57344K)] 431699K->376387K(573440K), 0.0043926 secs] [Times: user=0.02 sys=0.00, real=0.00 secs] 
1821.702: [GC (Allocation Failure) [PSYoungGen: 56672K->1408K(57344K)] 431683K->376419K(573440K), 0.0024374 secs] [Times: user=0.01 sys=0.00, real=0.00 secs] 
1821.969: [GC (Allocation Failure) [PSYoungGen: 56704K->1408K(57344K)] 431715K->376427K(573440K), 0.0021226 secs] [Times: user=0.01 sys=0.00, real=0.00 secs] 
1822.520: [GC (Allocation Failure) [PSYoungGen: 56704K->1405K(57344K)] 431723K->376425K(573440K), 0.0016229 secs] [Times: user=0.01 sys=0.00, real=0.00 secs] 
1823.626: [GC (Allocation Failure) [PSYoungGen: 56701K->1408K(57344K)] 431721K->376427K(573440K), 0.0029229 secs] [Times: user=0.01 sys=0.00, real=0.00 secs] 
1824.459: [GC (Allocation Failure) [PSYoungGen: 56704K->1376K(57344K)] 431723K->376395K(573440K), 0.0034648 secs] [Times: user=0.02 sys=0.00, real=0.01 secs] 
1825.256: [GC (Allocation Failure) [PSYoungGen: 56672K->1344K(57344K)] 431691K->376363K(573440K), 0.0044059 secs] [Times: user=0.02 sys=0.00, real=0.00 secs] 
1825.911: [GC (Allocation Failure) [PSYoungGen: 56640K->1360K(57344K)] 431659K->376379K(573440K), 0.0042316 secs] [Times: user=0.02 sys=0.00, real=0.01 secs] 
1826.197: [GC (Allocation Failure) [PSYoungGen: 56656K->1408K(57344K)] 431675K->376427K(573440K), 0.0021590 secs] [Times: user=0.01 sys=0.00, real=0.00 secs] 
1827.055: [GC (Allocation Failure) [PSYoungGen: 56704K->1424K(57344K)] 431723K->376459K(573440K), 0.0021629 secs] [Times: user=0.01 sys=0.00, real=0.00 secs] 
1827.531: [GC (Allocation Failure) [PSYoungGen: 56720K->1408K(56832K)] 431755K->376443K(572928K), 0.0022946 secs] [Times: user=0.01 sys=0.00, real=0.01 secs] 
1827.985: [GC (Allocation Failure) [PSYoungGen: 56704K->1424K(56832K)] 431739K->376459K(572928K), 0.0023492 secs] [Times: user=0.01 sys=0.00, real=0.00 secs] 
1828.427: [GC (Allocation Failure) [PSYoungGen: 56720K->1360K(56832K)] 431755K->376395K(572928K), 0.0022163 secs] [Times: user=0.00 sys=0.00, real=0.00 secs] 
1828.818: [GC (Allocation Failure) [PSYoungGen: 56656K->1392K(56832K)] 431691K->376427K(572928K), 0.0021305 secs] [Times: user=0.01 sys=0.00, real=0.00 secs] 
1829.623: [GC (Allocation Failure) [PSYoungGen: 56688K->1440K(56832K)] 431723K->377499K(572928K), 0.0019868 secs] [Times: user=0.00 sys=0.00, real=0.00 secs] 
1829.899: [GC (Allocation Failure) [PSYoungGen: 56736K->384K(56320K)] 432795K->376443K(572416K), 0.0019952 secs] [Times: user=0.01 sys=0.00, real=0.00 secs] 
1830.126: [GC (Allocation Failure) [PSYoungGen: 55168K->352K(56832K)] 431227K->376411K(572928K), 0.0018148 secs] [Times: user=0.01 sys=0.00, real=0.00 secs] 
1830.362: [GC (Allocation Failure) [PSYoungGen: 55136K->336K(56832K)] 431195K->376395K(572928K), 0.0018780 secs] [Times: user=0.01 sys=0.00, real=0.00 secs] 
1830.589: [GC (Allocation Failure) [PSYoungGen: 55120K->320K(56832K)] 431179K->376379K(572928K), 0.0018194 secs] [Times: user=0.01 sys=0.00, real=0.00 secs] 
1832.009: [GC (Allocation Failure) [PSYoungGen: 55104K->1405K(56832K)] 431163K->377473K(572928K), 0.0028572 secs] [Times: user=0.02 sys=0.00, real=0.01 secs] 
1832.795: [GC (Allocation Failure) [PSYoungGen: 56189K->1472K(56832K)] 432257K->377539K(572928K), 0.0022234 secs] [Times: user=0.01 sys=0.00, real=0.00 secs] 
1833.361: [GC (Allocation Failure) [PSYoungGen: 56256K->1440K(56320K)] 432323K->377507K(572416K), 0.0022216 secs] [Times: user=0.01 sys=0.00, real=0.01 secs] 
1834.231: [GC (Allocation Failure) [PSYoungGen: 55712K->1344K(56832K)] 431779K->377411K(572928K), 0.0027115 secs] [Times: user=0.01 sys=0.00, real=0.01 secs] 
1835.033: [GC (Allocation Failure) [PSYoungGen: 55616K->1408K(56832K)] 431683K->377475K(572928K), 0.0024355 secs] [Times: user=0.01 sys=0.00, real=0.00 secs] 
1836.040: [GC (Allocation Failure) [PSYoungGen: 55680K->1408K(56832K)] 431747K->377475K(572928K), 0.0022766 secs] [Times: user=0.01 sys=0.00, real=0.01 secs] 
1837.154: [GC (Allocation Failure) [PSYoungGen: 55680K->1440K(56832K)] 431747K->377507K(572928K), 0.0021147 secs] [Times: user=0.01 sys=0.00, real=0.00 secs] 
1837.393: [GC (Allocation Failure) [PSYoungGen: 55712K->1376K(55808K)] 431779K->377443K(571904K), 0.0018594 secs] [Times: user=0.01 sys=0.00, real=0.00 secs] 
1837.646: [GC (Allocation Failure) [PSYoungGen: 55648K->1344K(56320K)] 431715K->377411K(572416K), 0.0021015 secs] [Times: user=0.01 sys=0.00, real=0.00 secs] 
1837.903: [GC (Allocation Failure) [PSYoungGen: 55616K->1408K(56320K)] 431683K->377491K(572416K), 0.0019817 secs] [Times: user=0.01 sys=0.00, real=0.00 secs] 
1838.198: [GC (Allocation Failure) [PSYoungGen: 55680K->1408K(56320K)] 431763K->377491K(572416K), 0.0020502 secs] [Times: user=0.01 sys=0.00, real=0.00 secs] 
1838.507: [GC (Allocation Failure) [PSYoungGen: 55680K->1405K(56320K)] 431763K->377489K(572416K), 0.0016687 secs] [Times: user=0.01 sys=0.00, real=0.00 secs] 
1839.287: [GC (Allocation Failure) [PSYoungGen: 55677K->1472K(56320K)] 431761K->377555K(572416K), 0.0021661 secs] [Times: user=0.01 sys=0.00, real=0.00 secs] 
1839.730: [GC (Allocation Failure) [PSYoungGen: 55744K->1408K(56320K)] 431827K->377491K(572416K), 0.0019942 secs] [Times: user=0.01 sys=0.00, real=0.01 secs] 
1840.168: [GC (Allocation Failure) [PSYoungGen: 55680K->1408K(56320K)] 431763K->377491K(572416K), 0.0024231 secs] [Times: user=0.01 sys=0.00, real=0.00 secs] 
1840.614: [GC (Allocation Failure) [PSYoungGen: 55680K->1408K(56320K)] 431763K->377491K(572416K), 0.0022383 secs] [Times: user=0.01 sys=0.00, real=0.00 secs] 
1841.018: [GC (Allocation Failure) [PSYoungGen: 55680K->1408K(56320K)] 431763K->377491K(572416K), 0.0021766 secs] [Times: user=0.01 sys=0.00, real=0.00 secs] 
1842.193: [GC (Allocation Failure) [PSYoungGen: 55680K->1440K(56320K)] 431763K->377523K(572416K), 0.0034625 secs] [Times: user=0.01 sys=0.00, real=0.00 secs] 
1843.221: [GC (Allocation Failure) [PSYoungGen: 55712K->1376K(56320K)] 431795K->377459K(572416K), 0.0040715 secs] [Times: user=0.01 sys=0.01, real=0.01 secs] 
1843.789: [GC (Allocation Failure) [PSYoungGen: 55648K->1408K(56320K)] 431731K->377491K(572416K), 0.0031152 secs] [Times: user=0.01 sys=0.00, real=0.01 secs] 
1844.479: [GC (Allocation Failure) [PSYoungGen: 55680K->1376K(56320K)] 431763K->377459K(572416K), 0.0035088 secs] [Times: user=0.02 sys=0.00, real=0.01 secs] 
1845.158: [GC (Allocation Failure) [PSYoungGen: 55648K->1376K(56320K)] 431731K->377459K(572416K), 0.0041564 secs] [Times: user=0.02 sys=0.00, real=0.01 secs] 
1845.913: [GC (Allocation Failure) [PSYoungGen: 55648K->1389K(56320K)] 431731K->377473K(572416K), 0.0019934 secs] [Times: user=0.01 sys=0.00, real=0.00 secs] 
1846.809: [GC (Allocation Failure) [PSYoungGen: 55661K->1408K(56320K)] 431745K->377491K(572416K), 0.0023525 secs] [Times: user=0.01 sys=0.00, real=0.01 secs] 
1847.244: [GC (Allocation Failure) [PSYoungGen: 55680K->1344K(56320K)] 431763K->377427K(572416K), 0.0035525 secs] [Times: user=0.02 sys=0.00, real=0.00 secs] 
1847.757: [GC (Allocation Failure) [PSYoungGen: 55616K->1376K(56320K)] 431699K->377459K(572416K), 0.0029080 secs] [Times: user=0.01 sys=0.00, real=0.00 secs] 
1848.227: [GC (Allocation Failure) [PSYoungGen: 55648K->1392K(56320K)] 431731K->377475K(572416K), 0.0021826 secs] [Times: user=0.01 sys=0.00, real=0.00 secs] 
1848.638: [GC (Allocation Failure) [PSYoungGen: 55664K->1376K(56320K)] 431747K->377467K(572416K), 0.0022077 secs] [Times: user=0.01 sys=0.00, real=0.00 secs] 
1849.367: [GC (Allocation Failure) [PSYoungGen: 55648K->1440K(56320K)] 431739K->377531K(572416K), 0.0019619 secs] [Times: user=0.01 sys=0.00, real=0.00 secs] 
1849.812: [GC (Allocation Failure) [PSYoungGen: 55712K->1408K(56320K)] 431803K->377499K(572416K), 0.0018678 secs] [Times: user=0.01 sys=0.00, real=0.00 secs] 
1850.245: [GC (Allocation Failure) [PSYoungGen: 55680K->1376K(56320K)] 431771K->377467K(572416K), 0.0024672 secs] [Times: user=0.01 sys=0.00, real=0.00 secs] 
1850.712: [GC (Allocation Failure) [PSYoungGen: 55648K->1360K(55808K)] 431739K->377451K(571904K), 0.0025338 secs] [Times: user=0.01 sys=0.00, real=0.00 secs] 
1851.160: [GC (Allocation Failure) [PSYoungGen: 55632K->1376K(55808K)] 431723K->377475K(571904K), 0.0021548 secs] [Times: user=0.01 sys=0.00, real=0.01 secs] 
1851.810: [GC (Allocation Failure) [PSYoungGen: 55648K->1405K(55808K)] 431747K->377505K(571904K), 0.0015917 secs] [Times: user=0.00 sys=0.00, real=0.00 secs] 
1852.446: [GC (Allocation Failure) [PSYoungGen: 55677K->1408K(55808K)] 431777K->377507K(571904K), 0.0021876 secs] [Times: user=0.01 sys=0.00, real=0.00 secs] 
1852.672: [GC (Allocation Failure) [PSYoungGen: 55680K->1376K(55808K)] 431779K->377475K(571904K), 0.0021434 secs] [Times: user=0.01 sys=0.00, real=0.00 secs] 
1853.054: [GC (Allocation Failure) [PSYoungGen: 55648K->1360K(55808K)] 431747K->377459K(571904K), 0.0021692 secs] [Times: user=0.01 sys=0.00, real=0.00 secs] 
1853.483: [GC (Allocation Failure) [PSYoungGen: 55632K->1312K(55808K)] 431731K->377411K(571904K), 0.0033233 secs] [Times: user=0.01 sys=0.00, real=0.00 secs] 
1853.892: [GC (Allocation Failure) [PSYoungGen: 55584K->1392K(55808K)] 431683K->377491K(571904K), 0.0032165 secs] [Times: user=0.01 sys=0.00, real=0.00 secs] 
1854.926: [GC (Allocation Failure) [PSYoungGen: 55664K->1376K(55808K)] 431763K->377475K(571904K), 0.0022629 secs] [Times: user=0.00 sys=0.00, real=0.00 secs] 
1855.397: [GC (Allocation Failure) [PSYoungGen: 55648K->1344K(55808K)] 431747K->377443K(571904K), 0.0021255 secs] [Times: user=0.01 sys=0.00, real=0.00 secs] 
1855.624: [GC (Allocation Failure) [PSYoungGen: 55616K->1424K(55808K)] 431715K->377523K(571904K), 0.0019905 secs] [Times: user=0.01 sys=0.00, real=0.00 secs] 
1855.849: [GC (Allocation Failure) [PSYoungGen: 55696K->1344K(55808K)] 431795K->377459K(571904K), 0.0021490 secs] [Times: user=0.01 sys=0.00, real=0.00 secs] 
1856.075: [GC (Allocation Failure) [PSYoungGen: 55616K->1408K(55808K)] 431731K->377523K(571904K), 0.0019402 secs] [Times: user=0.01 sys=0.00, real=0.00 secs] 
1856.640: [GC (Allocation Failure) [PSYoungGen: 55680K->1373K(55808K)] 431795K->377489K(571904K), 0.0016454 secs] [Times: user=0.01 sys=0.00, real=0.01 secs] 
1858.103: [GC (Allocation Failure) [PSYoungGen: 55645K->1376K(55808K)] 431761K->377491K(571904K), 0.0043089 secs] [Times: user=0.01 sys=0.00, real=0.00 secs] 
1858.748: [GC (Allocation Failure) [PSYoungGen: 55648K->1344K(55808K)] 431763K->377459K(571904K), 0.0027010 secs] [Times: user=0.02 sys=0.00, real=0.00 secs] 
1859.537: [GC (Allocation Failure) [PSYoungGen: 55616K->1328K(55808K)] 431731K->377443K(571904K), 0.0031385 secs] [Times: user=0.01 sys=0.00, real=0.00 secs] 
1860.314: [GC (Allocation Failure) [PSYoungGen: 55600K->1376K(55808K)] 431715K->377491K(571904K), 0.0031013 secs] [Times: user=0.01 sys=0.00, real=0.00 secs] 
1860.910: [GC (Allocation Failure) [PSYoungGen: 55648K->1376K(55808K)] 431763K->377491K(571904K), 0.0033007 secs] [Times: user=0.01 sys=0.00, real=0.01 secs] 
1862.014: [GC (Allocation Failure) [PSYoungGen: 55648K->1440K(55808K)] 431763K->377555K(571904K), 0.0020663 secs] [Times: user=0.01 sys=0.00, real=0.00 secs] 
1862.646: [GC (Allocation Failure) [PSYoungGen: 55712K->1392K(55808K)] 431827K->377507K(571904K), 0.0035088 secs] [Times: user=0.01 sys=0.00, real=0.00 secs] 
1863.339: [GC (Allocation Failure) [PSYoungGen: 55664K->1344K(55808K)] 431779K->377459K(571904K), 0.0033704 secs] [Times: user=0.01 sys=0.00, real=0.01 secs] 
1863.971: [GC (Allocation Failure) [PSYoungGen: 55616K->1344K(55808K)] 431731K->377459K(571904K), 0.0037889 secs] [Times: user=0.01 sys=0.00, real=0.01 secs] 
1864.698: [GC (Allocation Failure) [PSYoungGen: 55616K->1312K(55808K)] 431731K->377427K(571904K), 0.0048788 secs] [Times: user=0.02 sys=0.00, real=0.01 secs] 
1865.514: [GC (Allocation Failure) [PSYoungGen: 55584K->1405K(55808K)] 431699K->377521K(571904K), 0.0016550 secs] [Times: user=0.01 sys=0.00, real=0.00 secs] 
1866.306: [GC (Allocation Failure) [PSYoungGen: 55677K->1440K(55808K)] 431793K->377555K(571904K), 0.0019311 secs] [Times: user=0.01 sys=0.00, real=0.00 secs] 
1866.993: [GC (Allocation Failure) [PSYoungGen: 55712K->1344K(55808K)] 431827K->377459K(571904K), 0.0023094 secs] [Times: user=0.01 sys=0.00, real=0.00 secs] 
1867.692: [GC (Allocation Failure) [PSYoungGen: 55616K->1440K(55808K)] 431731K->377555K(571904K), 0.0025665 secs] [Times: user=0.01 sys=0.00, real=0.00 secs] 
1868.270: [GC (Allocation Failure) [PSYoungGen: 55712K->1376K(55808K)] 431827K->377491K(571904K), 0.0030197 secs] [Times: user=0.02 sys=0.00, real=0.01 secs] 
1868.723: [GC (Allocation Failure) [PSYoungGen: 55648K->1344K(55808K)] 431763K->377459K(571904K), 0.0046501 secs] [Times: user=0.02 sys=0.00, real=0.00 secs] 
1870.161: [GC (Allocation Failure) [PSYoungGen: 55616K->1408K(55808K)] 431731K->377531K(571904K), 0.0038172 secs] [Times: user=0.01 sys=0.00, real=0.01 secs] 
1871.147: [GC (Allocation Failure) [PSYoungGen: 55680K->1408K(55808K)] 431803K->377531K(571904K), 0.0043649 secs] [Times: user=0.02 sys=0.00, real=0.01 secs] 
1871.752: [GC (Allocation Failure) [PSYoungGen: 55680K->1344K(55808K)] 431803K->377467K(571904K), 0.0030948 secs] [Times: user=0.01 sys=0.00, real=0.00 secs] 
1872.295: [GC (Allocation Failure) [PSYoungGen: 55616K->1376K(55808K)] 431739K->377499K(571904K), 0.0033356 secs] [Times: user=0.01 sys=0.00, real=0.00 secs] 
1872.728: [GC (Allocation Failure) [PSYoungGen: 55648K->1312K(55808K)] 431771K->377435K(571904K), 0.0029212 secs] [Times: user=0.01 sys=0.00, real=0.00 secs] 
1873.308: [GC (Allocation Failure) [PSYoungGen: 55584K->1405K(55808K)] 431707K->377529K(571904K), 0.0015948 secs] [Times: user=0.00 sys=0.00, real=0.00 secs] 
1875.219: [GC (Allocation Failure) [PSYoungGen: 55677K->1440K(55808K)] 431801K->377563K(571904K), 0.0033994 secs] [Times: user=0.02 sys=0.00, real=0.01 secs] 
1875.831: [GC (Allocation Failure) [PSYoungGen: 55712K->1376K(55808K)] 431835K->377499K(571904K), 0.0040775 secs] [Times: user=0.02 sys=0.00, real=0.01 secs] 
1876.577: [GC (Allocation Failure) [PSYoungGen: 55648K->1344K(55808K)] 431771K->377467K(571904K), 0.0044925 secs] [Times: user=0.02 sys=0.00, real=0.01 secs] 
1877.315: [GC (Allocation Failure) [PSYoungGen: 55616K->1376K(55808K)] 431739K->377499K(571904K), 0.0045318 secs] [Times: user=0.02 sys=0.00, real=0.00 secs] 
1877.868: [GC (Allocation Failure) [PSYoungGen: 55648K->1440K(55808K)] 431771K->377563K(571904K), 0.0036083 secs] [Times: user=0.01 sys=0.00, real=0.01 secs] 
1878.966: [GC (Allocation Failure) [PSYoungGen: 55712K->1424K(55808K)] 431835K->377547K(571904K), 0.0020168 secs] [Times: user=0.01 sys=0.00, real=0.00 secs] 
1879.501: [GC (Allocation Failure) [PSYoungGen: 55696K->1328K(55808K)] 431819K->377451K(571904K), 0.0023996 secs] [Times: user=0.01 sys=0.00, real=0.01 secs] 
1880.067: [GC (Allocation Failure) [PSYoungGen: 55600K->1408K(55808K)] 431723K->377531K(571904K), 0.0021269 secs] [Times: user=0.01 sys=0.00, real=0.00 secs] 
1880.427: [GC (Allocation Failure) [PSYoungGen: 55680K->1376K(55808K)] 431803K->377507K(571904K), 0.0021027 secs] [Times: user=0.00 sys=0.00, real=0.00 secs] 
1880.919: [GC (Allocation Failure) [PSYoungGen: 55648K->1408K(55808K)] 431779K->377539K(571904K), 0.0019168 secs] [Times: user=0.01 sys=0.00, real=0.00 secs] 
1881.782: [GC (Allocation Failure) [PSYoungGen: 55680K->1405K(55808K)] 431811K->377537K(571904K), 0.0016831 secs] [Times: user=0.01 sys=0.00, real=0.00 secs] 
1882.570: [GC (Allocation Failure) [PSYoungGen: 55677K->1472K(55808K)] 431809K->377603K(571904K), 0.0020373 secs] [Times: user=0.01 sys=0.00, real=0.01 secs] 
1883.156: [GC (Allocation Failure) [PSYoungGen: 55744K->1408K(55808K)] 431875K->377539K(571904K), 0.0026118 secs] [Times: user=0.01 sys=0.01, real=0.00 secs] 
1883.863: [GC (Allocation Failure) [PSYoungGen: 55680K->1408K(55808K)] 431811K->377539K(571904K), 0.0033122 secs] [Times: user=0.02 sys=0.00, real=0.00 secs] 
1884.501: [GC (Allocation Failure) [PSYoungGen: 55680K->1344K(55808K)] 431811K->377475K(571904K), 0.0038015 secs] [Times: user=0.01 sys=0.00, real=0.01 secs] 
1884.923: [GC (Allocation Failure) [PSYoungGen: 55616K->1376K(55808K)] 431747K->377507K(571904K), 0.0027234 secs] [Times: user=0.01 sys=0.00, real=0.00 secs] 
1885.788: [GC (Allocation Failure) [PSYoungGen: 55648K->1440K(55808K)] 431779K->377571K(571904K), 0.0018394 secs] [Times: user=0.00 sys=0.00, real=0.00 secs] 
1886.018: [GC (Allocation Failure) [PSYoungGen: 55712K->1376K(55808K)] 431843K->377507K(571904K), 0.0023436 secs] [Times: user=0.01 sys=0.00, real=0.00 secs] 
1886.244: [GC (Allocation Failure) [PSYoungGen: 55648K->1376K(55808K)] 431779K->377507K(571904K), 0.0020952 secs] [Times: user=0.01 sys=0.00, real=0.00 secs] 
1886.470: [GC (Allocation Failure) [PSYoungGen: 55648K->1408K(55808K)] 431779K->377539K(571904K), 0.0021118 secs] [Times: user=0.01 sys=0.00, real=0.01 secs] 
1886.696: [GC (Allocation Failure) [PSYoungGen: 55680K->1376K(55808K)] 431811K->377523K(571904K), 0.0020095 secs] [Times: user=0.00 sys=0.00, real=0.00 secs] 
1887.265: [GC (Allocation Failure) [PSYoungGen: 55648K->1421K(55808K)] 431795K->377569K(571904K), 0.0016121 secs] [Times: user=0.00 sys=0.00, real=0.00 secs] 
1888.195: [GC (Allocation Failure) [PSYoungGen: 55693K->1408K(55808K)] 431841K->377555K(571904K), 0.0029892 secs] [Times: user=0.02 sys=0.00, real=0.00 secs] 
1888.543: [GC (Allocation Failure) [PSYoungGen: 55680K->1408K(55808K)] 431827K->377555K(571904K), 0.0021670 secs] [Times: user=0.01 sys=0.01, real=0.00 secs] 
1888.768: [GC (Allocation Failure) [PSYoungGen: 55680K->1376K(55808K)] 431827K->377523K(571904K), 0.0020945 secs] [Times: user=0.00 sys=0.00, real=0.00 secs] 
1889.209: [GC (Allocation Failure) [PSYoungGen: 55648K->1376K(55808K)] 431795K->377523K(571904K), 0.0020308 secs] [Times: user=0.01 sys=0.00, real=0.00 secs] 
1889.984: [GC (Allocation Failure) [PSYoungGen: 55648K->1424K(55808K)] 431795K->377571K(571904K), 0.0026607 secs] [Times: user=0.01 sys=0.00, real=0.00 secs] 
1891.574: [GC (Allocation Failure) [PSYoungGen: 55696K->1408K(55808K)] 431843K->377555K(571904K), 0.0034496 secs] [Times: user=0.01 sys=0.00, real=0.00 secs] 
1892.505: [GC (Allocation Failure) [PSYoungGen: 55680K->1376K(55808K)] 431827K->377523K(571904K), 0.0032871 secs] [Times: user=0.01 sys=0.00, real=0.00 secs] 
1893.024: [GC (Allocation Failure) [PSYoungGen: 55648K->1344K(55808K)] 431795K->377491K(571904K), 0.0036883 secs] [Times: user=0.02 sys=0.00, real=0.00 secs] 
1893.744: [GC (Allocation Failure) [PSYoungGen: 55616K->1408K(55808K)] 431763K->377555K(571904K), 0.0034234 secs] [Times: user=0.01 sys=0.00, real=0.00 secs] 
1894.404: [GC (Allocation Failure) [PSYoungGen: 55680K->1376K(55808K)] 431827K->377523K(571904K), 0.0037883 secs] [Times: user=0.02 sys=0.00, real=0.00 secs] 
1895.293: [GC (Allocation Failure) [PSYoungGen: 55648K->1373K(55808K)] 431795K->377521K(571904K), 0.0016495 secs] [Times: user=0.00 sys=0.00, real=0.00 secs] 
1895.859: [GC (Allocation Failure) [PSYoungGen: 55645K->1440K(55808K)] 431793K->377587K(571904K), 0.0021396 secs] [Times: user=0.00 sys=0.00, real=0.01 secs] 
1896.311: [GC (Allocation Failure) [PSYoungGen: 55712K->1344K(55808K)] 431859K->377491K(571904K), 0.0028470 secs] [Times: user=0.01 sys=0.00, real=0.01 secs] 
1896.772: [GC (Allocation Failure) [PSYoungGen: 55616K->1376K(55808K)] 431763K->377523K(571904K), 0.0026604 secs] [Times: user=0.01 sys=0.00, real=0.00 secs] 
1897.239: [GC (Allocation Failure) [PSYoungGen: 55648K->1376K(55808K)] 431795K->377523K(571904K), 0.0036346 secs] [Times: user=0.02 sys=0.01, real=0.01 secs] 
1897.705: [GC (Allocation Failure) [PSYoungGen: 55648K->1424K(55808K)] 431795K->377571K(571904K), 0.0025056 secs] [Times: user=0.01 sys=0.00, real=0.00 secs] 
1898.804: [GC (Allocation Failure) [PSYoungGen: 55696K->1440K(55808K)] 431843K->377595K(571904K), 0.0018559 secs] [Times: user=0.01 sys=0.00, real=0.00 secs] 
1899.763: [GC (Allocation Failure) [PSYoungGen: 55712K->1440K(55808K)] 431867K->377603K(571904K), 0.0043846 secs] [Times: user=0.02 sys=0.00, real=0.00 secs] 
1900.756: [GC (Allocation Failure) [PSYoungGen: 55712K->1408K(55808K)] 431875K->377571K(571904K), 0.0045808 secs] [Times: user=0.02 sys=0.00, real=0.00 secs] 
1901.459: [GC (Allocation Failure) [PSYoungGen: 55680K->1392K(55808K)] 431843K->377555K(571904K), 0.0044890 secs] [Times: user=0.02 sys=0.01, real=0.01 secs] 
1902.078: [GC (Allocation Failure) [PSYoungGen: 55664K->1408K(55808K)] 431827K->377571K(571904K), 0.0036212 secs] [Times: user=0.01 sys=0.00, real=0.01 secs] 
1903.044: [GC (Allocation Failure) [PSYoungGen: 55680K->1405K(55808K)] 431843K->377569K(571904K), 0.0016713 secs] [Times: user=0.01 sys=0.00, real=0.00 secs] 
1903.484: [GC (Allocation Failure) [PSYoungGen: 55677K->1440K(55808K)] 431841K->377603K(571904K), 0.0020122 secs] [Times: user=0.00 sys=0.00, real=0.00 secs] 
1903.710: [GC (Allocation Failure) [PSYoungGen: 55712K->1408K(55808K)] 431875K->377571K(571904K), 0.0019274 secs] [Times: user=0.01 sys=0.00, real=0.01 secs] 
1903.936: [GC (Allocation Failure) [PSYoungGen: 55680K->1376K(55808K)] 431843K->377539K(571904K), 0.0019320 secs] [Times: user=0.01 sys=0.00, real=0.00 secs] 
1904.214: [GC (Allocation Failure) [PSYoungGen: 55648K->1408K(55808K)] 431811K->377571K(571904K), 0.0021566 secs] [Times: user=0.01 sys=0.00, real=0.00 secs] 
1904.440: [GC (Allocation Failure) [PSYoungGen: 55680K->1424K(55808K)] 431843K->377587K(571904K), 0.0021896 secs] [Times: user=0.01 sys=0.00, real=0.01 secs] 
1905.164: [GC (Allocation Failure) [PSYoungGen: 55696K->1408K(55808K)] 431859K->377571K(571904K), 0.0020318 secs] [Times: user=0.01 sys=0.00, real=0.00 secs] 
1905.432: [GC (Allocation Failure) [PSYoungGen: 55680K->1424K(55808K)] 431843K->377587K(571904K), 0.0018581 secs] [Times: user=0.01 sys=0.00, real=0.00 secs] 
1905.658: [GC (Allocation Failure) [PSYoungGen: 55696K->1376K(55808K)] 431859K->377539K(571904K), 0.0020252 secs] [Times: user=0.00 sys=0.00, real=0.00 secs] 
1905.925: [GC (Allocation Failure) [PSYoungGen: 55648K->1408K(55808K)] 431811K->377571K(571904K), 0.0020732 secs] [Times: user=0.01 sys=0.00, real=0.00 secs] 
1906.151: [GC (Allocation Failure) [PSYoungGen: 55680K->1376K(55808K)] 431843K->377563K(571904K), 0.0019674 secs] [Times: user=0.00 sys=0.00, real=0.01 secs] 
1906.769: [GC (Allocation Failure) [PSYoungGen: 55648K->1421K(55808K)] 431835K->377609K(571904K), 0.0016083 secs] [Times: user=0.00 sys=0.00, real=0.00 secs] 
1907.068: [GC (Allocation Failure) [PSYoungGen: 55693K->1424K(55808K)] 431881K->377611K(571904K), 0.0016994 secs] [Times: user=0.01 sys=0.00, real=0.00 secs] 
1907.294: [GC (Allocation Failure) [PSYoungGen: 55696K->1376K(55808K)] 431883K->377563K(571904K), 0.0018408 secs] [Times: user=0.00 sys=0.00, real=0.00 secs] 
1907.812: [GC (Allocation Failure) [PSYoungGen: 55648K->1344K(55808K)] 431835K->377531K(571904K), 0.0020980 secs] [Times: user=0.01 sys=0.00, real=0.00 secs] 
1908.268: [GC (Allocation Failure) [PSYoungGen: 55616K->1376K(55808K)] 431803K->377563K(571904K), 0.0022500 secs] [Times: user=0.01 sys=0.00, real=0.00 secs] 
1908.719: [GC (Allocation Failure) [PSYoungGen: 55648K->1376K(55808K)] 431835K->377563K(571904K), 0.0024279 secs] [Times: user=0.01 sys=0.00, real=0.00 secs] 
1909.548: [GC (Allocation Failure) [PSYoungGen: 55648K->1440K(55808K)] 431835K->377627K(571904K), 0.0019123 secs] [Times: user=0.01 sys=0.00, real=0.00 secs] 
1909.791: [GC (Allocation Failure) [PSYoungGen: 55712K->1408K(55808K)] 431899K->377595K(571904K), 0.0017692 secs] [Times: user=0.01 sys=0.00, real=0.01 secs] 
1910.166: [GC (Allocation Failure) [PSYoungGen: 55680K->1408K(55808K)] 431867K->377595K(571904K), 0.0021032 secs] [Times: user=0.01 sys=0.00, real=0.00 secs] 
1910.776: [GC (Allocation Failure) [PSYoungGen: 55680K->1408K(55808K)] 431867K->377595K(571904K), 0.0024509 secs] [Times: user=0.01 sys=0.00, real=0.00 secs] 
1911.366: [GC (Allocation Failure) [PSYoungGen: 55680K->1392K(55808K)] 431867K->377579K(571904K), 0.0041080 secs] [Times: user=0.01 sys=0.00, real=0.00 secs] 
1912.321: [GC (Allocation Failure) [PSYoungGen: 55664K->1405K(55808K)] 431851K->377593K(571904K), 0.0016467 secs] [Times: user=0.01 sys=0.00, real=0.01 secs] 
1913.031: [GC (Allocation Failure) [PSYoungGen: 55677K->1408K(55808K)] 431865K->377595K(571904K), 0.0026769 secs] [Times: user=0.01 sys=0.00, real=0.01 secs] 
1913.544: [GC (Allocation Failure) [PSYoungGen: 55680K->1392K(55808K)] 431867K->377579K(571904K), 0.0041885 secs] [Times: user=0.02 sys=0.00, real=0.00 secs] 
1914.037: [GC (Allocation Failure) [PSYoungGen: 55664K->1344K(55808K)] 431851K->377531K(571904K), 0.0027143 secs] [Times: user=0.01 sys=0.00, real=0.00 secs] 
1914.519: [GC (Allocation Failure) [PSYoungGen: 55616K->1408K(55808K)] 431803K->377595K(571904K), 0.0028579 secs] [Times: user=0.01 sys=0.00, real=0.01 secs] 
1914.982: [GC (Allocation Failure) [PSYoungGen: 55680K->1408K(55808K)] 431867K->377595K(571904K), 0.0024314 secs] [Times: user=0.01 sys=0.01, real=0.00 secs] 
1916.266: [GC (Allocation Failure) [PSYoungGen: 55680K->1408K(55808K)] 431867K->377595K(571904K), 0.0026983 secs] [Times: user=0.01 sys=0.00, real=0.00 secs] 
1916.913: [GC (Allocation Failure) [PSYoungGen: 55680K->1424K(55808K)] 431867K->377611K(571904K), 0.0027288 secs] [Times: user=0.01 sys=0.00, real=0.00 secs] 
1917.728: [GC (Allocation Failure) [PSYoungGen: 55696K->1376K(55808K)] 431883K->377563K(571904K), 0.0044451 secs] [Times: user=0.01 sys=0.00, real=0.01 secs] 
1918.393: [GC (Allocation Failure) [PSYoungGen: 55648K->1392K(55808K)] 431835K->377603K(571904K), 0.0030994 secs] [Times: user=0.02 sys=0.00, real=0.00 secs] 
1918.835: [GC (Allocation Failure) [PSYoungGen: 55664K->1424K(55808K)] 431875K->377635K(571904K), 0.0025020 secs] [Times: user=0.01 sys=0.00, real=0.00 secs] 
1919.662: [GC (Allocation Failure) [PSYoungGen: 55696K->1405K(55808K)] 431907K->377617K(571904K), 0.0016147 secs] [Times: user=0.01 sys=0.00, real=0.00 secs] 
1920.038: [GC (Allocation Failure) [PSYoungGen: 55677K->1440K(55808K)] 431889K->377651K(571904K), 0.0021937 secs] [Times: user=0.01 sys=0.00, real=0.00 secs] 
1920.507: [GC (Allocation Failure) [PSYoungGen: 55712K->1328K(55808K)] 431923K->377547K(571904K), 0.0035150 secs] [Times: user=0.01 sys=0.00, real=0.00 secs] 
1920.969: [GC (Allocation Failure) [PSYoungGen: 55600K->1376K(55808K)] 431819K->377595K(571904K), 0.0034705 secs] [Times: user=0.01 sys=0.00, real=0.01 secs] 
1921.600: [GC (Allocation Failure) [PSYoungGen: 55648K->1408K(55808K)] 431867K->377627K(571904K), 0.0043850 secs] [Times: user=0.02 sys=0.00, real=0.01 secs] 
1922.269: [GC (Allocation Failure) [PSYoungGen: 55680K->1456K(55808K)] 431899K->377675K(571904K), 0.0040644 secs] [Times: user=0.02 sys=0.00, real=0.01 secs] 
1923.539: [GC (Allocation Failure) [PSYoungGen: 55728K->1440K(55808K)] 431947K->377659K(571904K), 0.0020937 secs] [Times: user=0.01 sys=0.00, real=0.00 secs] 
1923.765: [GC (Allocation Failure) [PSYoungGen: 55712K->1376K(55808K)] 431931K->377595K(571904K), 0.0021403 secs] [Times: user=0.01 sys=0.00, real=0.00 secs] 
1923.991: [GC (Allocation Failure) [PSYoungGen: 55648K->1424K(55808K)] 431867K->377643K(571904K), 0.0021605 secs] [Times: user=0.01 sys=0.00, real=0.01 secs] 
1924.216: [GC (Allocation Failure) [PSYoungGen: 55696K->1408K(55808K)] 431915K->377627K(571904K), 0.0022441 secs] [Times: user=0.01 sys=0.00, real=0.00 secs] 
1924.561: [GC (Allocation Failure) [PSYoungGen: 55680K->1408K(55808K)] 431899K->377635K(571904K), 0.0024037 secs] [Times: user=0.01 sys=0.00, real=0.01 secs] 
1925.222: [GC (Allocation Failure) [PSYoungGen: 55663K->224K(55296K)] 431891K->376451K(571392K), 0.0016129 secs] [Times: user=0.01 sys=0.00, real=0.00 secs] 
1925.710: [GC (Allocation Failure) [PSYoungGen: 53984K->1376K(55808K)] 430211K->377603K(571904K), 0.0022198 secs] [Times: user=0.00 sys=0.00, real=0.01 secs] 
1926.267: [GC (Allocation Failure) [PSYoungGen: 55136K->1376K(55808K)] 431363K->377603K(571904K), 0.0021549 secs] [Times: user=0.01 sys=0.00, real=0.00 secs] 
1926.766: [GC (Allocation Failure) [PSYoungGen: 55136K->1376K(55808K)] 431363K->377619K(571904K), 0.0023624 secs] [Times: user=0.01 sys=0.00, real=0.00 secs] 
1927.239: [GC (Allocation Failure) [PSYoungGen: 55136K->1424K(55808K)] 431379K->377667K(571904K), 0.0021281 secs] [Times: user=0.01 sys=0.00, real=0.00 secs] 
1927.729: [GC (Allocation Failure) [PSYoungGen: 55184K->1408K(55808K)] 431427K->377651K(571904K), 0.0021622 secs] [Times: user=0.00 sys=0.00, real=0.00 secs] 
1928.515: [GC (Allocation Failure) [PSYoungGen: 55168K->1440K(55808K)] 431411K->377683K(571904K), 0.0017806 secs] [Times: user=0.01 sys=0.00, real=0.00 secs] 
1928.943: [GC (Allocation Failure) [PSYoungGen: 55200K->1408K(55808K)] 431443K->377659K(571904K), 0.0017938 secs] [Times: user=0.00 sys=0.00, real=0.00 secs] 
1929.377: [GC (Allocation Failure) [PSYoungGen: 55168K->1408K(55808K)] 431419K->377659K(571904K), 0.0020802 secs] [Times: user=0.01 sys=0.00, real=0.00 secs] 
1929.835: [GC (Allocation Failure) [PSYoungGen: 55168K->1408K(55808K)] 431419K->377659K(571904K), 0.0020562 secs] [Times: user=0.01 sys=0.00, real=0.00 secs] 
1930.058: [GC (Allocation Failure) [PSYoungGen: 55168K->1376K(55808K)] 431419K->377627K(571904K), 0.0022182 secs] [Times: user=0.01 sys=0.00, real=0.00 secs] 
1930.628: [GC (Allocation Failure) [PSYoungGen: 55136K->1421K(55808K)] 431387K->377673K(571904K), 0.0015389 secs] [Times: user=0.00 sys=0.00, real=0.00 secs] 
1931.032: [GC (Allocation Failure) [PSYoungGen: 55181K->1408K(55808K)] 431433K->377659K(571904K), 0.0020114 secs] [Times: user=0.00 sys=0.00, real=0.00 secs] 
1931.275: [GC (Allocation Failure) [PSYoungGen: 55168K->1408K(55808K)] 431419K->377659K(571904K), 0.0019723 secs] [Times: user=0.01 sys=0.00, real=0.00 secs] 
1931.500: [GC (Allocation Failure) [PSYoungGen: 55168K->1408K(55808K)] 431419K->377659K(571904K), 0.0020349 secs] [Times: user=0.01 sys=0.00, real=0.01 secs] 
1931.723: [GC (Allocation Failure) [PSYoungGen: 55168K->1408K(55808K)] 431419K->377659K(571904K), 0.0020154 secs] [Times: user=0.01 sys=0.00, real=0.00 secs] 
1932.014: [GC (Allocation Failure) [PSYoungGen: 55168K->1424K(55808K)] 431419K->377683K(571904K), 0.0020458 secs] [Times: user=0.01 sys=0.00, real=0.00 secs] 
1933.199: [GC (Allocation Failure) [PSYoungGen: 55184K->1408K(55808K)] 431443K->377667K(571904K), 0.0036912 secs] [Times: user=0.02 sys=0.00, real=0.01 secs] 
1934.805: [GC (Allocation Failure) [PSYoungGen: 55168K->1376K(55808K)] 431427K->377635K(571904K), 0.0033147 secs] [Times: user=0.01 sys=0.00, real=0.00 secs] 
1935.261: [GC (Allocation Failure) [PSYoungGen: 55136K->1376K(55296K)] 431395K->377643K(571392K), 0.0034517 secs] [Times: user=0.02 sys=0.00, real=0.01 secs] 
1935.722: [GC (Allocation Failure) [PSYoungGen: 55136K->1344K(55296K)] 431403K->377611K(571392K), 0.0032706 secs] [Times: user=0.02 sys=0.00, real=0.00 secs] 
1936.039: [GC (Allocation Failure) [PSYoungGen: 55104K->1376K(55296K)] 431371K->377643K(571392K), 0.0021929 secs] [Times: user=0.01 sys=0.00, real=0.00 secs] 
1936.495: [GC (Allocation Failure) [PSYoungGen: 55136K->1421K(55296K)] 431403K->377713K(571392K), 0.0016678 secs] [Times: user=0.01 sys=0.00, real=0.00 secs] 
1937.188: [GC (Allocation Failure) [PSYoungGen: 55181K->1440K(55296K)] 431473K->377739K(571392K), 0.0019192 secs] [Times: user=0.01 sys=0.00, real=0.00 secs] 
1937.690: [GC (Allocation Failure) [PSYoungGen: 55200K->1376K(55296K)] 431499K->377675K(571392K), 0.0026312 secs] [Times: user=0.01 sys=0.00, real=0.01 secs] 
1938.228: [GC (Allocation Failure) [PSYoungGen: 55136K->1408K(55296K)] 431435K->377707K(571392K), 0.0047716 secs] [Times: user=0.02 sys=0.00, real=0.01 secs] 
1938.786: [GC (Allocation Failure) [PSYoungGen: 55168K->1376K(55296K)] 431467K->377675K(571392K), 0.0044112 secs] [Times: user=0.02 sys=0.00, real=0.00 secs] 
1939.141: [GC (Allocation Failure) [PSYoungGen: 55136K->1344K(55296K)] 431435K->377643K(571392K), 0.0025266 secs] [Times: user=0.01 sys=0.00, real=0.01 secs] 
1940.044: [GC (Allocation Failure) [PSYoungGen: 55104K->1456K(55296K)] 431403K->377755K(571392K), 0.0018519 secs] [Times: user=0.01 sys=0.00, real=0.00 secs] 
1940.837: [GC (Allocation Failure) [PSYoungGen: 55216K->1376K(55296K)] 431515K->377675K(571392K), 0.0043663 secs] [Times: user=0.02 sys=0.00, real=0.00 secs] 
1941.569: [GC (Allocation Failure) [PSYoungGen: 55136K->1376K(55296K)] 431435K->377675K(571392K), 0.0048660 secs] [Times: user=0.02 sys=0.00, real=0.01 secs] 
1942.092: [GC (Allocation Failure) [PSYoungGen: 55136K->1312K(55296K)] 431435K->377611K(571392K), 0.0034698 secs] [Times: user=0.01 sys=0.00, real=0.00 secs] 
1942.668: [GC (Allocation Failure) [PSYoungGen: 55072K->1408K(55296K)] 431371K->377707K(571392K), 0.0038846 secs] [Times: user=0.01 sys=0.00, real=0.01 secs] 
1943.215: [GC (Allocation Failure) [PSYoungGen: 55168K->1373K(55296K)] 431467K->377673K(571392K), 0.0025588 secs] [Times: user=0.01 sys=0.00, real=0.00 secs] 
1944.113: [GC (Allocation Failure) [PSYoungGen: 55133K->1344K(55296K)] 431433K->377643K(571392K), 0.0033442 secs] [Times: user=0.01 sys=0.00, real=0.00 secs] 
1944.594: [GC (Allocation Failure) [PSYoungGen: 55104K->1376K(55296K)] 431403K->377675K(571392K), 0.0031976 secs] [Times: user=0.02 sys=0.00, real=0.00 secs] 
1945.050: [GC (Allocation Failure) [PSYoungGen: 55136K->1360K(55296K)] 431435K->377659K(571392K), 0.0024494 secs] [Times: user=0.01 sys=0.00, real=0.01 secs] 
1945.513: [GC (Allocation Failure) [PSYoungGen: 55120K->1408K(55296K)] 431419K->377707K(571392K), 0.0026546 secs] [Times: user=0.01 sys=0.00, real=0.00 secs] 
1945.945: [GC (Allocation Failure) [PSYoungGen: 55168K->1408K(55296K)] 431467K->377715K(571392K), 0.0036453 secs] [Times: user=0.02 sys=0.00, real=0.00 secs] 
1946.683: [GC (Allocation Failure) [PSYoungGen: 55168K->1440K(55296K)] 431475K->377747K(571392K), 0.0020304 secs] [Times: user=0.01 sys=0.00, real=0.00 secs] 
1946.907: [GC (Allocation Failure) [PSYoungGen: 55200K->1408K(55296K)] 431507K->377715K(571392K), 0.0021254 secs] [Times: user=0.00 sys=0.00, real=0.00 secs] 
1947.131: [GC (Allocation Failure) [PSYoungGen: 55168K->1376K(55296K)] 431475K->377699K(571392K), 0.0019143 secs] [Times: user=0.00 sys=0.00, real=0.01 secs] 
1947.355: [GC (Allocation Failure) [PSYoungGen: 55136K->1408K(55296K)] 431459K->377731K(571392K), 0.0018162 secs] [Times: user=0.01 sys=0.00, real=0.00 secs] 
1947.578: [GC (Allocation Failure) [PSYoungGen: 55168K->1376K(55296K)] 431491K->377699K(571392K), 0.0019117 secs] [Times: user=0.01 sys=0.00, real=0.00 secs] 
1947.825: [GC (Allocation Failure) [PSYoungGen: 55134K->320K(54784K)] 431458K->376643K(570880K), 0.0019679 secs] [Times: user=0.01 sys=0.00, real=0.00 secs] 
1948.866: [GC (Allocation Failure) [PSYoungGen: 53568K->1440K(55296K)] 429891K->377763K(571392K), 0.0042984 secs] [Times: user=0.02 sys=0.00, real=0.00 secs] 
1949.498: [GC (Allocation Failure) [PSYoungGen: 54688K->1376K(55296K)] 431011K->377699K(571392K), 0.0035002 secs] [Times: user=0.01 sys=0.01, real=0.00 secs] 
1950.212: [GC (Allocation Failure) [PSYoungGen: 54624K->1376K(55296K)] 430947K->377699K(571392K), 0.0026835 secs] [Times: user=0.01 sys=0.00, real=0.00 secs] 
1950.727: [GC (Allocation Failure) [PSYoungGen: 54624K->1440K(55296K)] 430947K->377763K(571392K), 0.0030904 secs] [Times: user=0.02 sys=0.00, real=0.00 secs] 
1951.211: [GC (Allocation Failure) [PSYoungGen: 54688K->1376K(55296K)] 431011K->377707K(571392K), 0.0026049 secs] [Times: user=0.01 sys=0.00, real=0.01 secs] 
1952.136: [GC (Allocation Failure) [PSYoungGen: 54624K->1696K(55296K)] 430955K->378027K(571392K), 0.0021562 secs] [Times: user=0.01 sys=0.00, real=0.00 secs] 
1953.349: [GC (Allocation Failure) [PSYoungGen: 54944K->1376K(55296K)] 431275K->377707K(571392K), 0.0044386 secs] [Times: user=0.02 sys=0.00, real=0.01 secs] 
1954.102: [GC (Allocation Failure) [PSYoungGen: 54624K->1376K(55296K)] 430955K->377707K(571392K), 0.0033995 secs] [Times: user=0.02 sys=0.00, real=0.00 secs] 
1954.961: [GC (Allocation Failure) [PSYoungGen: 54624K->1344K(55296K)] 430955K->377675K(571392K), 0.0042078 secs] [Times: user=0.02 sys=0.00, real=0.01 secs] 
1955.655: [GC (Allocation Failure) [PSYoungGen: 54592K->1392K(55296K)] 430923K->377723K(571392K), 0.0041618 secs] [Times: user=0.02 sys=0.00, real=0.00 secs] 
1956.124: [GC (Allocation Failure) [PSYoungGen: 54640K->1376K(55296K)] 430971K->377707K(571392K), 0.0028298 secs] [Times: user=0.01 sys=0.01, real=0.00 secs] 
1957.113: [GC (Allocation Failure) [PSYoungGen: 54624K->1424K(55296K)] 430955K->377755K(571392K), 0.0023787 secs] [Times: user=0.01 sys=0.00, real=0.00 secs] 
1957.666: [GC (Allocation Failure) [PSYoungGen: 54672K->1408K(55296K)] 431003K->377739K(571392K), 0.0023818 secs] [Times: user=0.01 sys=0.00, real=0.00 secs] 
1958.185: [GC (Allocation Failure) [PSYoungGen: 54656K->1408K(55296K)] 430987K->377739K(571392K), 0.0025081 secs] [Times: user=0.01 sys=0.00, real=0.00 secs] 
1958.643: [GC (Allocation Failure) [PSYoungGen: 54656K->1376K(55296K)] 430987K->377707K(571392K), 0.0026369 secs] [Times: user=0.01 sys=0.00, real=0.00 secs] 
1959.127: [GC (Allocation Failure) [PSYoungGen: 54624K->1376K(55296K)] 430955K->377715K(571392K), 0.0029682 secs] [Times: user=0.02 sys=0.00, real=0.00 secs] 
1959.800: [GC (Allocation Failure) [PSYoungGen: 54624K->1405K(55296K)] 430963K->377745K(571392K), 0.0016832 secs] [Times: user=0.01 sys=0.00, real=0.01 secs] 
1961.416: [GC (Allocation Failure) [PSYoungGen: 54653K->1376K(54784K)] 430993K->377715K(570880K), 0.0046272 secs] [Times: user=0.02 sys=0.00, real=0.00 secs] 
1962.548: [GC (Allocation Failure) [PSYoungGen: 54624K->1376K(54784K)] 430963K->377715K(570880K), 0.0066113 secs] [Times: user=0.02 sys=0.00, real=0.01 secs] 
1963.095: [GC (Allocation Failure) [PSYoungGen: 54624K->368K(54272K)] 430963K->377731K(570368K), 0.0026417 secs] [Times: user=0.01 sys=0.00, real=0.00 secs] 
1963.584: [GC (Allocation Failure) [PSYoungGen: 53616K->352K(55296K)] 430979K->377715K(571392K), 0.0022467 secs] [Times: user=0.01 sys=0.00, real=0.00 secs] 
1964.110: [GC (Allocation Failure) [PSYoungGen: 53600K->336K(55296K)] 430963K->377699K(571392K), 0.0043092 secs] [Times: user=0.02 sys=0.00, real=0.01 secs] 
1965.092: [GC (Allocation Failure) [PSYoungGen: 53584K->1440K(55296K)] 430947K->378803K(571392K), 0.0018358 secs] [Times: user=0.01 sys=0.00, real=0.00 secs] 
1965.561: [GC (Allocation Failure) [PSYoungGen: 54688K->1408K(55296K)] 432051K->378771K(571392K), 0.0020219 secs] [Times: user=0.00 sys=0.00, real=0.01 secs] 
1966.234: [GC (Allocation Failure) [PSYoungGen: 54656K->1376K(55296K)] 432019K->378739K(571392K), 0.0043646 secs] [Times: user=0.02 sys=0.00, real=0.00 secs] 
1966.899: [GC (Allocation Failure) [PSYoungGen: 54624K->1408K(55296K)] 431987K->378771K(571392K), 0.0036246 secs] [Times: user=0.02 sys=0.00, real=0.01 secs] 
1967.586: [GC (Allocation Failure) [PSYoungGen: 54656K->1344K(55296K)] 432019K->378707K(571392K), 0.0035073 secs] [Times: user=0.01 sys=0.00, real=0.00 secs] 
1968.285: [GC (Allocation Failure) [PSYoungGen: 54589K->256K(55296K)] 431953K->377619K(571392K), 0.0034465 secs] [Times: user=0.02 sys=0.00, real=0.00 secs] 
1969.042: [GC (Allocation Failure) [PSYoungGen: 53504K->1440K(55296K)] 430867K->378803K(571392K), 0.0020167 secs] [Times: user=0.01 sys=0.00, real=0.00 secs] 
1969.263: [GC (Allocation Failure) [PSYoungGen: 54688K->1424K(55808K)] 432051K->378795K(571904K), 0.0019305 secs] [Times: user=0.01 sys=0.00, real=0.00 secs] 
1969.645: [GC (Allocation Failure) [PSYoungGen: 54672K->1376K(54784K)] 432043K->378747K(570880K), 0.0019277 secs] [Times: user=0.01 sys=0.00, real=0.00 secs] 
1970.055: [GC (Allocation Failure) [PSYoungGen: 54624K->1408K(55296K)] 431995K->378779K(571392K), 0.0029289 secs] [Times: user=0.02 sys=0.00, real=0.00 secs] 
1970.492: [GC (Allocation Failure) [PSYoungGen: 54656K->1376K(55296K)] 432027K->378747K(571392K), 0.0029270 secs] [Times: user=0.01 sys=0.00, real=0.00 secs] 
1971.347: [GC (Allocation Failure) [PSYoungGen: 54624K->1696K(54784K)] 431995K->379067K(570880K), 0.0018447 secs] [Times: user=0.00 sys=0.00, real=0.00 secs] 
1971.655: [GC (Allocation Failure) [PSYoungGen: 54432K->1392K(55296K)] 431803K->378763K(571392K), 0.0022053 secs] [Times: user=0.01 sys=0.00, real=0.00 secs] 
1971.875: [GC (Allocation Failure) [PSYoungGen: 54128K->1408K(54272K)] 431499K->378779K(570368K), 0.0021775 secs] [Times: user=0.01 sys=0.00, real=0.00 secs] 
1972.272: [GC (Allocation Failure) [PSYoungGen: 54144K->1376K(54784K)] 431515K->378747K(570880K), 0.0019419 secs] [Times: user=0.01 sys=0.00, real=0.00 secs] 
1972.759: [GC (Allocation Failure) [PSYoungGen: 54112K->1408K(54784K)] 431483K->378779K(570880K), 0.0021940 secs] [Times: user=0.01 sys=0.00, real=0.01 secs] 
1973.350: [GC (Allocation Failure) [PSYoungGen: 54144K->1408K(54784K)] 431515K->378779K(570880K), 0.0022290 secs] [Times: user=0.01 sys=0.00, real=0.01 secs] 
1974.215: [GC (Allocation Failure) [PSYoungGen: 54144K->1456K(54784K)] 431515K->378827K(570880K), 0.0019637 secs] [Times: user=0.01 sys=0.00, real=0.00 secs] 
1974.737: [GC (Allocation Failure) [PSYoungGen: 54192K->1440K(54784K)] 431563K->378811K(570880K), 0.0021546 secs] [Times: user=0.01 sys=0.00, real=0.00 secs] 
1975.274: [GC (Allocation Failure) [PSYoungGen: 54176K->1376K(54784K)] 431547K->378747K(570880K), 0.0026256 secs] [Times: user=0.01 sys=0.00, real=0.00 secs] 
1975.706: [GC (Allocation Failure) [PSYoungGen: 54112K->1408K(54784K)] 431483K->378779K(570880K), 0.0022634 secs] [Times: user=0.01 sys=0.00, real=0.00 secs] 
1975.926: [GC (Allocation Failure) [PSYoungGen: 54144K->1360K(54784K)] 431515K->378739K(570880K), 0.0028695 secs] [Times: user=0.01 sys=0.00, real=0.00 secs] 
1976.434: [GC (Allocation Failure) [PSYoungGen: 54096K->1373K(54784K)] 431475K->378753K(570880K), 0.0017517 secs] [Times: user=0.01 sys=0.00, real=0.00 secs] 
1977.020: [GC (Allocation Failure) [PSYoungGen: 54109K->1408K(54784K)] 431489K->378787K(570880K), 0.0030523 secs] [Times: user=0.01 sys=0.00, real=0.01 secs] 
1977.237: [GC (Allocation Failure) [PSYoungGen: 54144K->1424K(54784K)] 431523K->378803K(570880K), 0.0021997 secs] [Times: user=0.00 sys=0.00, real=0.00 secs] 
1977.577: [GC (Allocation Failure) [PSYoungGen: 54160K->1392K(54784K)] 431539K->378771K(570880K), 0.0019498 secs] [Times: user=0.01 sys=0.00, real=0.00 secs] 
1978.080: [GC (Allocation Failure) [PSYoungGen: 54128K->1344K(54784K)] 431507K->378723K(570880K), 0.0026897 secs] [Times: user=0.02 sys=0.00, real=0.01 secs] 
1978.530: [GC (Allocation Failure) [PSYoungGen: 54080K->1344K(54784K)] 431459K->378723K(570880K), 0.0026772 secs] [Times: user=0.01 sys=0.00, real=0.01 secs] 
1979.558: [GC (Allocation Failure) [PSYoungGen: 54080K->1952K(54784K)] 431459K->379339K(570880K), 0.0019946 secs] [Times: user=0.01 sys=0.00, real=0.00 secs] 
1980.132: [GC (Allocation Failure) [PSYoungGen: 54688K->1440K(54784K)] 432075K->378827K(570880K), 0.0044726 secs] [Times: user=0.02 sys=0.00, real=0.00 secs] 
1980.611: [GC (Allocation Failure) [PSYoungGen: 54176K->1360K(54784K)] 431563K->378747K(570880K), 0.0026112 secs] [Times: user=0.01 sys=0.00, real=0.01 secs] 
1981.140: [GC (Allocation Failure) [PSYoungGen: 54096K->1392K(54784K)] 431483K->378779K(570880K), 0.0026791 secs] [Times: user=0.01 sys=0.00, real=0.01 secs] 
1981.587: [GC (Allocation Failure) [PSYoungGen: 54128K->1408K(54784K)] 431515K->378795K(570880K), 0.0024736 secs] [Times: user=0.02 sys=0.00, real=0.00 secs] 
1982.122: [GC (Allocation Failure) [PSYoungGen: 54144K->1376K(54784K)] 431531K->378763K(570880K), 0.0038331 secs] [Times: user=0.02 sys=0.00, real=0.00 secs] 
1983.135: [GC (Allocation Failure) [PSYoungGen: 54112K->1440K(54784K)] 431499K->378827K(570880K), 0.0018316 secs] [Times: user=0.00 sys=0.00, real=0.00 secs] 
1983.550: [GC (Allocation Failure) [PSYoungGen: 54176K->1408K(54784K)] 431563K->378795K(570880K), 0.0021168 secs] [Times: user=0.01 sys=0.00, real=0.01 secs] 
1983.770: [GC (Allocation Failure) [PSYoungGen: 54144K->1408K(54784K)] 431531K->378795K(570880K), 0.0021311 secs] [Times: user=0.01 sys=0.00, real=0.01 secs] 
1983.989: [GC (Allocation Failure) [PSYoungGen: 54144K->1376K(54784K)] 431531K->378763K(570880K), 0.0021133 secs] [Times: user=0.01 sys=0.00, real=0.00 secs] 
1984.343: [GC (Allocation Failure) [PSYoungGen: 54112K->1376K(54784K)] 431499K->378763K(570880K), 0.0019468 secs] [Times: user=0.01 sys=0.00, real=0.00 secs] 
1985.089: [GC (Allocation Failure) [PSYoungGen: 54112K->1405K(54784K)] 431499K->378793K(570880K), 0.0016578 secs] [Times: user=0.01 sys=0.00, real=0.00 secs] 
1985.781: [GC (Allocation Failure) [PSYoungGen: 54141K->1472K(54784K)] 431529K->378859K(570880K), 0.0021007 secs] [Times: user=0.01 sys=0.00, real=0.01 secs] 
1986.256: [GC (Allocation Failure) [PSYoungGen: 54208K->1376K(54784K)] 431595K->378763K(570880K), 0.0022293 secs] [Times: user=0.01 sys=0.00, real=0.00 secs] 
1986.821: [GC (Allocation Failure) [PSYoungGen: 54112K->1344K(54784K)] 431499K->378731K(570880K), 0.0029764 secs] [Times: user=0.01 sys=0.00, real=0.01 secs] 
1987.268: [GC (Allocation Failure) [PSYoungGen: 54080K->1360K(54784K)] 431467K->378771K(570880K), 0.0029421 secs] [Times: user=0.01 sys=0.00, real=0.00 secs] 
1987.620: [GC (Allocation Failure) [PSYoungGen: 54096K->1376K(54784K)] 431507K->378787K(570880K), 0.0023289 secs] [Times: user=0.01 sys=0.00, real=0.01 secs] 
1988.509: [GC (Allocation Failure) [PSYoungGen: 54112K->1408K(54272K)] 431523K->378819K(570368K), 0.0020907 secs] [Times: user=0.01 sys=0.00, real=0.00 secs] 
1989.074: [GC (Allocation Failure) [PSYoungGen: 54144K->1376K(54272K)] 431555K->378787K(570368K), 0.0022587 secs] [Times: user=0.01 sys=0.00, real=0.00 secs] 
1989.706: [GC (Allocation Failure) [PSYoungGen: 54112K->352K(53760K)] 431523K->378787K(569856K), 0.0026259 secs] [Times: user=0.02 sys=0.00, real=0.00 secs] 
1990.344: [GC (Allocation Failure) [PSYoungGen: 53088K->368K(54784K)] 431523K->378803K(570880K), 0.0030358 secs] [Times: user=0.01 sys=0.00, real=0.00 secs] 
1991.088: [GC (Allocation Failure) [PSYoungGen: 53104K->384K(54784K)] 431539K->378819K(570880K), 0.0036589 secs] [Times: user=0.01 sys=0.00, real=0.00 secs] 
1991.745: [GC (Allocation Failure) [PSYoungGen: 53120K->384K(54784K)] 431555K->378819K(570880K), 0.0036200 secs] [Times: user=0.02 sys=0.00, real=0.00 secs] 
1992.746: [GC (Allocation Failure) [PSYoungGen: 53120K->1472K(54784K)] 431555K->379907K(570880K), 0.0022198 secs] [Times: user=0.01 sys=0.00, real=0.00 secs] 
1993.093: [GC (Allocation Failure) [PSYoungGen: 54208K->1408K(54784K)] 432643K->379843K(570880K), 0.0021847 secs] [Times: user=0.01 sys=0.00, real=0.00 secs] 
1993.775: [GC (Allocation Failure) [PSYoungGen: 54144K->1424K(54272K)] 432579K->379859K(570368K), 0.0034855 secs] [Times: user=0.01 sys=0.00, real=0.00 secs] 
1994.490: [GC (Allocation Failure) [PSYoungGen: 53648K->1376K(53760K)] 432083K->379811K(569856K), 0.0034123 secs] [Times: user=0.02 sys=0.00, real=0.01 secs] 
1995.244: [GC (Allocation Failure) [PSYoungGen: 53600K->1408K(54272K)] 432035K->379843K(570368K), 0.0043884 secs] [Times: user=0.01 sys=0.00, real=0.00 secs] 
1996.370: [GC (Allocation Failure) [PSYoungGen: 53632K->1373K(54272K)] 432067K->379809K(570368K), 0.0016361 secs] [Times: user=0.01 sys=0.00, real=0.01 secs] 
1996.888: [GC (Allocation Failure) [PSYoungGen: 53597K->1440K(54272K)] 432033K->379875K(570368K), 0.0021912 secs] [Times: user=0.00 sys=0.00, real=0.00 secs] 
1997.105: [GC (Allocation Failure) [PSYoungGen: 53664K->1376K(54272K)] 432099K->379811K(570368K), 0.0022152 secs] [Times: user=0.01 sys=0.00, real=0.00 secs] 
1997.430: [GC (Allocation Failure) [PSYoungGen: 53600K->1392K(54272K)] 432035K->379827K(570368K), 0.0022247 secs] [Times: user=0.01 sys=0.00, real=0.01 secs] 
1997.828: [GC (Allocation Failure) [PSYoungGen: 53616K->1408K(54272K)] 432051K->379851K(570368K), 0.0020002 secs] [Times: user=0.01 sys=0.00, real=0.00 secs] 
1998.212: [GC (Allocation Failure) [PSYoungGen: 53632K->1376K(54272K)] 432075K->379835K(570368K), 0.0021608 secs] [Times: user=0.01 sys=0.00, real=0.00 secs] 
1999.094: [GC (Allocation Failure) [PSYoungGen: 53600K->1952K(54272K)] 432059K->380411K(570368K), 0.0019251 secs] [Times: user=0.01 sys=0.00, real=0.00 secs] 
1999.311: [GC (Allocation Failure) [PSYoungGen: 54176K->1344K(53760K)] 432635K->379803K(569856K), 0.0018827 secs] [Times: user=0.01 sys=0.00, real=0.01 secs] 
1999.528: [GC (Allocation Failure) [PSYoungGen: 53568K->1376K(54272K)] 432027K->379835K(570368K), 0.0020079 secs] [Times: user=0.01 sys=0.00, real=0.00 secs] 
1999.745: [GC (Allocation Failure) [PSYoungGen: 53600K->1376K(54272K)] 432059K->379835K(570368K), 0.0021260 secs] [Times: user=0.01 sys=0.00, real=0.00 secs] 
1999.961: [GC (Allocation Failure) [PSYoungGen: 53600K->1424K(54272K)] 432059K->379883K(570368K), 0.0016106 secs] [Times: user=0.00 sys=0.00, real=0.01 secs] 
2000.178: [GC (Allocation Failure) [PSYoungGen: 53648K->1408K(54272K)] 432107K->379867K(570368K), 0.0016438 secs] [Times: user=0.01 sys=0.00, real=0.00 secs] 
2001.120: [GC (Allocation Failure) [PSYoungGen: 53632K->1440K(54272K)] 432091K->379899K(570368K), 0.0029845 secs] [Times: user=0.01 sys=0.00, real=0.01 secs] 
2001.744: [GC (Allocation Failure) [PSYoungGen: 53664K->1376K(54272K)] 432123K->379835K(570368K), 0.0029267 secs] [Times: user=0.01 sys=0.00, real=0.00 secs] 
2002.423: [GC (Allocation Failure) [PSYoungGen: 53600K->1376K(54272K)] 432059K->379835K(570368K), 0.0034612 secs] [Times: user=0.02 sys=0.00, real=0.00 secs] 
2003.115: [GC (Allocation Failure) [PSYoungGen: 53600K->1376K(54272K)] 432059K->379835K(570368K), 0.0027584 secs] [Times: user=0.01 sys=0.00, real=0.00 secs] 
2003.425: [GC (Allocation Failure) [PSYoungGen: 53600K->1376K(54272K)] 432059K->379843K(570368K), 0.0021149 secs] [Times: user=0.01 sys=0.00, real=0.00 secs] 
2003.791: [GC (Allocation Failure) [PSYoungGen: 53600K->1405K(54272K)] 432067K->379873K(570368K), 0.0016694 secs] [Times: user=0.01 sys=0.00, real=0.01 secs] 
2005.202: [GC (Allocation Failure) [PSYoungGen: 53629K->1440K(54272K)] 432097K->379907K(570368K), 0.0029966 secs] [Times: user=0.02 sys=0.00, real=0.00 secs] 
2005.741: [GC (Allocation Failure) [PSYoungGen: 53664K->1376K(54272K)] 432131K->379843K(570368K), 0.0025529 secs] [Times: user=0.01 sys=0.00, real=0.01 secs] 
2006.370: [GC (Allocation Failure) [PSYoungGen: 53600K->1376K(54272K)] 432067K->379843K(570368K), 0.0031076 secs] [Times: user=0.01 sys=0.00, real=0.01 secs] 
2006.928: [GC (Allocation Failure) [PSYoungGen: 53600K->1440K(54272K)] 432067K->379915K(570368K), 0.0030929 secs] [Times: user=0.01 sys=0.00, real=0.00 secs] 
2007.374: [GC (Allocation Failure) [PSYoungGen: 53664K->1408K(54272K)] 432139K->379883K(570368K), 0.0030994 secs] [Times: user=0.01 sys=0.00, real=0.00 secs] 
2008.364: [GC (Allocation Failure) [PSYoungGen: 53632K->1776K(54272K)] 432107K->380251K(570368K), 0.0016590 secs] [Times: user=0.00 sys=0.00, real=0.00 secs] 
2009.097: [GC (Allocation Failure) [PSYoungGen: 54000K->1408K(54272K)] 432475K->379883K(570368K), 0.0029622 secs] [Times: user=0.01 sys=0.00, real=0.00 secs] 
2009.573: [GC (Allocation Failure) [PSYoungGen: 53632K->1376K(54272K)] 432107K->379851K(570368K), 0.0024500 secs] [Times: user=0.01 sys=0.00, real=0.00 secs] 
2009.978: [GC (Allocation Failure) [PSYoungGen: 53600K->1408K(54272K)] 432075K->379883K(570368K), 0.0023120 secs] [Times: user=0.01 sys=0.00, real=0.00 secs] 
2010.560: [GC (Allocation Failure) [PSYoungGen: 53632K->1376K(54272K)] 432107K->379851K(570368K), 0.0030916 secs] [Times: user=0.01 sys=0.00, real=0.01 secs] 
2011.145: [GC (Allocation Failure) [PSYoungGen: 53600K->1360K(54272K)] 432075K->379835K(570368K), 0.0029507 secs] [Times: user=0.01 sys=0.00, real=0.00 secs] 
2012.195: [GC (Allocation Failure) [PSYoungGen: 53584K->1440K(54272K)] 432059K->379915K(570368K), 0.0020237 secs] [Times: user=0.01 sys=0.00, real=0.00 secs] 
2012.585: [GC (Allocation Failure) [PSYoungGen: 53664K->1376K(54272K)] 432139K->379851K(570368K), 0.0020379 secs] [Times: user=0.01 sys=0.01, real=0.00 secs] 
2012.819: [GC (Allocation Failure) [PSYoungGen: 53600K->1408K(54272K)] 432075K->379883K(570368K), 0.0019261 secs] [Times: user=0.01 sys=0.00, real=0.00 secs] 
2013.188: [GC (Allocation Failure) [PSYoungGen: 53632K->1344K(54272K)] 432107K->379819K(570368K), 0.0022504 secs] [Times: user=0.01 sys=0.00, real=0.00 secs] 
2013.634: [GC (Allocation Failure) [PSYoungGen: 53568K->1408K(54272K)] 432043K->379883K(570368K), 0.0028685 secs] [Times: user=0.02 sys=0.00, real=0.00 secs] 
2014.030: [GC (Allocation Failure) [PSYoungGen: 53632K->1424K(54272K)] 432107K->379899K(570368K), 0.0030321 secs] [Times: user=0.01 sys=0.00, real=0.01 secs] 
2015.434: [GC (Allocation Failure) [PSYoungGen: 53648K->1440K(54272K)] 432123K->379915K(570368K), 0.0034188 secs] [Times: user=0.01 sys=0.00, real=0.00 secs] 
2015.842: [GC (Allocation Failure) [PSYoungGen: 53664K->1408K(53760K)] 432139K->379883K(569856K), 0.0045374 secs] [Times: user=0.02 sys=0.00, real=0.00 secs] 
2016.237: [GC (Allocation Failure) [PSYoungGen: 53632K->1408K(53760K)] 432107K->379883K(569856K), 0.0026208 secs] [Times: user=0.01 sys=0.00, real=0.00 secs] 
2016.672: [GC (Allocation Failure) [PSYoungGen: 53632K->1376K(53760K)] 432107K->379851K(569856K), 0.0021452 secs] [Times: user=0.01 sys=0.00, real=0.00 secs] 
2017.124: [GC (Allocation Failure) [PSYoungGen: 53600K->1408K(53760K)] 432075K->379891K(569856K), 0.0024694 secs] [Times: user=0.01 sys=0.00, real=0.00 secs] 
2017.994: [GC (Allocation Failure) [PSYoungGen: 53632K->1405K(53760K)] 432115K->379889K(569856K), 0.0016459 secs] [Times: user=0.01 sys=0.00, real=0.00 secs] 
2018.539: [GC (Allocation Failure) [PSYoungGen: 53629K->1440K(53760K)] 432113K->379923K(569856K), 0.0021800 secs] [Times: user=0.01 sys=0.00, real=0.01 secs] 
2019.332: [GC (Allocation Failure) [PSYoungGen: 53664K->1376K(53760K)] 432147K->379859K(569856K), 0.0037548 secs] [Times: user=0.01 sys=0.00, real=0.00 secs] 
2020.205: [GC (Allocation Failure) [PSYoungGen: 53600K->1408K(53760K)] 432083K->379891K(569856K), 0.0044123 secs] [Times: user=0.02 sys=0.00, real=0.00 secs] 
2021.105: [GC (Allocation Failure) [PSYoungGen: 53632K->1376K(53760K)] 432115K->379859K(569856K), 0.0044185 secs] [Times: user=0.02 sys=0.00, real=0.00 secs] 
2021.992: [GC (Allocation Failure) [PSYoungGen: 53600K->1376K(53760K)] 432083K->379859K(569856K), 0.0043779 secs] [Times: user=0.02 sys=0.00, real=0.00 secs] 
2023.031: [GC (Allocation Failure) [PSYoungGen: 53600K->1376K(53760K)] 432083K->379859K(569856K), 0.0018024 secs] [Times: user=0.00 sys=0.00, real=0.01 secs] 
2023.256: [GC (Allocation Failure) [PSYoungGen: 53600K->1376K(53760K)] 432083K->379859K(569856K), 0.0018530 secs] [Times: user=0.01 sys=0.00, real=0.00 secs] 
2023.750: [GC (Allocation Failure) [PSYoungGen: 53600K->1344K(53760K)] 432083K->379827K(569856K), 0.0022357 secs] [Times: user=0.01 sys=0.00, real=0.01 secs] 
2024.150: [GC (Allocation Failure) [PSYoungGen: 53568K->1408K(53760K)] 432051K->379891K(569856K), 0.0021870 secs] [Times: user=0.01 sys=0.00, real=0.01 secs] 
2024.569: [GC (Allocation Failure) [PSYoungGen: 53632K->1376K(53760K)] 432115K->379859K(569856K), 0.0023865 secs] [Times: user=0.01 sys=0.00, real=0.00 secs] 
2025.026: [GC (Allocation Failure) [PSYoungGen: 53600K->1376K(53760K)] 432083K->379859K(569856K), 0.0024273 secs] [Times: user=0.01 sys=0.00, real=0.00 secs] 
2025.838: [GC (Allocation Failure) [PSYoungGen: 53600K->1408K(53760K)] 432083K->379891K(569856K), 0.0018954 secs] [Times: user=0.01 sys=0.00, real=0.00 secs] 
2026.280: [GC (Allocation Failure) [PSYoungGen: 53632K->1408K(53760K)] 432115K->379891K(569856K), 0.0020675 secs] [Times: user=0.01 sys=0.00, real=0.01 secs] 
2026.781: [GC (Allocation Failure) [PSYoungGen: 53632K->1376K(53760K)] 432115K->379859K(569856K), 0.0041005 secs] [Times: user=0.01 sys=0.00, real=0.01 secs] 
2027.295: [GC (Allocation Failure) [PSYoungGen: 53600K->1344K(53760K)] 432083K->379827K(569856K), 0.0034257 secs] [Times: user=0.01 sys=0.00, real=0.00 secs] 
2027.764: [GC (Allocation Failure) [PSYoungGen: 53568K->1376K(53760K)] 432051K->379859K(569856K), 0.0028423 secs] [Times: user=0.01 sys=0.00, real=0.00 secs] 
2028.538: [GC (Allocation Failure) [PSYoungGen: 53600K->1421K(53760K)] 432083K->379921K(569856K), 0.0016137 secs] [Times: user=0.01 sys=0.00, real=0.00 secs] 
2029.199: [GC (Allocation Failure) [PSYoungGen: 53645K->1456K(53760K)] 432145K->379955K(569856K), 0.0017583 secs] [Times: user=0.01 sys=0.00, real=0.00 secs] 
2029.747: [GC (Allocation Failure) [PSYoungGen: 53680K->1408K(53760K)] 432179K->379907K(569856K), 0.0040932 secs] [Times: user=0.01 sys=0.00, real=0.00 secs] 
2030.173: [GC (Allocation Failure) [PSYoungGen: 53632K->1408K(53760K)] 432131K->379907K(569856K), 0.0033074 secs] [Times: user=0.01 sys=0.00, real=0.00 secs] 
2030.662: [GC (Allocation Failure) [PSYoungGen: 53632K->1376K(53760K)] 432131K->379875K(569856K), 0.0055338 secs] [Times: user=0.02 sys=0.01, real=0.00 secs] 
2031.265: [GC (Allocation Failure) [PSYoungGen: 53600K->1408K(53760K)] 432099K->379907K(569856K), 0.0034040 secs] [Times: user=0.02 sys=0.00, real=0.00 secs] 
2032.276: [GC (Allocation Failure) [PSYoungGen: 53632K->672K(53248K)] 432131K->380195K(569344K), 0.0021225 secs] [Times: user=0.01 sys=0.00, real=0.00 secs] 
2032.962: [GC (Allocation Failure) [PSYoungGen: 52384K->352K(53760K)] 431907K->379875K(569856K), 0.0020227 secs] [Times: user=0.01 sys=0.00, real=0.00 secs] 
2033.671: [GC (Allocation Failure) [PSYoungGen: 52064K->384K(53760K)] 431587K->379907K(569856K), 0.0019585 secs] [Times: user=0.01 sys=0.00, real=0.01 secs] 
2034.366: [GC (Allocation Failure) [PSYoungGen: 52096K->352K(53760K)] 431619K->379875K(569856K), 0.0023556 secs] [Times: user=0.01 sys=0.00, real=0.00 secs] 
2034.922: [GC (Allocation Failure) [PSYoungGen: 52064K->400K(53760K)] 431587K->379923K(569856K), 0.0026220 secs] [Times: user=0.01 sys=0.00, real=0.00 secs] 
2035.322: [GC (Allocation Failure) [PSYoungGen: 52112K->384K(53760K)] 431635K->379907K(569856K), 0.0025355 secs] [Times: user=0.01 sys=0.00, real=0.00 secs] 
2036.931: [GC (Allocation Failure) [PSYoungGen: 52096K->1456K(53760K)] 431619K->380979K(569856K), 0.0037613 secs] [Times: user=0.02 sys=0.00, real=0.01 secs] 
2037.583: [GC (Allocation Failure) [PSYoungGen: 53168K->1408K(53760K)] 432691K->380931K(569856K), 0.0031665 secs] [Times: user=0.01 sys=0.00, real=0.00 secs] 
2038.154: [GC (Allocation Failure) [PSYoungGen: 53120K->1440K(54272K)] 432643K->380963K(570368K), 0.0035773 secs] [Times: user=0.02 sys=0.00, real=0.00 secs] 
2038.572: [GC (Allocation Failure) [PSYoungGen: 53152K->1408K(54272K)] 432675K->380931K(570368K), 0.0027345 secs] [Times: user=0.01 sys=0.00, real=0.00 secs] 
2039.089: [GC (Allocation Failure) [PSYoungGen: 53120K->1408K(54272K)] 432643K->380939K(570368K), 0.0025500 secs] [Times: user=0.01 sys=0.00, real=0.01 secs] 
2039.669: [GC (Allocation Failure) [PSYoungGen: 53120K->1408K(54272K)] 432651K->380947K(570368K), 0.0030807 secs] [Times: user=0.02 sys=0.00, real=0.01 secs] 
2040.446: [GC (Allocation Failure) [PSYoungGen: 53120K->1440K(54272K)] 432659K->380979K(570368K), 0.0021258 secs] [Times: user=0.01 sys=0.00, real=0.00 secs] 
2040.667: [GC (Allocation Failure) [PSYoungGen: 53152K->1408K(54272K)] 432691K->380947K(570368K), 0.0019389 secs] [Times: user=0.00 sys=0.00, real=0.00 secs] 
2040.929: [GC (Allocation Failure) [PSYoungGen: 53120K->1424K(54272K)] 432659K->380963K(570368K), 0.0019376 secs] [Times: user=0.01 sys=0.00, real=0.00 secs] 
2041.144: [GC (Allocation Failure) [PSYoungGen: 53136K->1376K(54272K)] 432675K->380915K(570368K), 0.0020440 secs] [Times: user=0.01 sys=0.00, real=0.00 secs] 
2041.359: [GC (Allocation Failure) [PSYoungGen: 53088K->1408K(54272K)] 432627K->380947K(570368K), 0.0018876 secs] [Times: user=0.00 sys=0.00, real=0.00 secs] 
2041.761: [GC (Allocation Failure) [PSYoungGen: 53120K->1408K(53248K)] 432659K->380947K(569344K), 0.0016477 secs] [Times: user=0.01 sys=0.00, real=0.01 secs] 
2043.746: [GC (Allocation Failure) [PSYoungGen: 53120K->1472K(53760K)] 432659K->381011K(569856K), 0.0035779 secs] [Times: user=0.01 sys=0.00, real=0.00 secs] 
2044.186: [GC (Allocation Failure) [PSYoungGen: 53184K->1376K(53760K)] 432723K->380915K(569856K), 0.0043609 secs] [Times: user=0.01 sys=0.00, real=0.00 secs] 
2044.636: [GC (Allocation Failure) [PSYoungGen: 53088K->1376K(53760K)] 432627K->380915K(569856K), 0.0041781 secs] [Times: user=0.02 sys=0.00, real=0.00 secs] 
2045.198: [GC (Allocation Failure) [PSYoungGen: 53088K->1408K(53760K)] 432627K->380947K(569856K), 0.0029154 secs] [Times: user=0.01 sys=0.00, real=0.00 secs] 
2045.618: [GC (Allocation Failure) [PSYoungGen: 53120K->1408K(53760K)] 432659K->380947K(569856K), 0.0029138 secs] [Times: user=0.01 sys=0.00, real=0.00 secs] 
2046.417: [GC (Allocation Failure) [PSYoungGen: 53120K->1504K(53760K)] 432659K->381043K(569856K), 0.0016381 secs] [Times: user=0.01 sys=0.00, real=0.00 secs] 
2046.841: [GC (Allocation Failure) [PSYoungGen: 53216K->1408K(53760K)] 432755K->380947K(569856K), 0.0019090 secs] [Times: user=0.01 sys=0.00, real=0.01 secs] 
2047.312: [GC (Allocation Failure) [PSYoungGen: 53120K->1344K(53760K)] 432659K->380899K(569856K), 0.0057524 secs] [Times: user=0.02 sys=0.00, real=0.00 secs] 
2047.789: [GC (Allocation Failure) [PSYoungGen: 53056K->1408K(53760K)] 432611K->380963K(569856K), 0.0033495 secs] [Times: user=0.01 sys=0.00, real=0.01 secs] 
2048.220: [GC (Allocation Failure) [PSYoungGen: 53120K->1376K(53760K)] 432675K->380931K(569856K), 0.0029716 secs] [Times: user=0.01 sys=0.00, real=0.01 secs] 
2048.647: [GC (Allocation Failure) [PSYoungGen: 53088K->1344K(53760K)] 432643K->380899K(569856K), 0.0029925 secs] [Times: user=0.01 sys=0.00, real=0.00 secs] 
2049.319: [GC (Allocation Failure) [PSYoungGen: 53056K->1440K(53760K)] 432611K->380995K(569856K), 0.0018718 secs] [Times: user=0.01 sys=0.00, real=0.00 secs] 
2049.534: [GC (Allocation Failure) [PSYoungGen: 53152K->1344K(53760K)] 432707K->380899K(569856K), 0.0019191 secs] [Times: user=0.00 sys=0.00, real=0.00 secs] 
2049.750: [GC (Allocation Failure) [PSYoungGen: 53056K->1408K(53760K)] 432611K->380963K(569856K), 0.0017361 secs] [Times: user=0.01 sys=0.00, real=0.01 secs] 
2050.040: [GC (Allocation Failure) [PSYoungGen: 53120K->1376K(53760K)] 432675K->380931K(569856K), 0.0017737 secs] [Times: user=0.00 sys=0.00, real=0.01 secs] 
2050.429: [GC (Allocation Failure) [PSYoungGen: 53088K->1376K(53760K)] 432643K->380931K(569856K), 0.0044893 secs] [Times: user=0.02 sys=0.00, real=0.01 secs] 
2050.893: [GC (Allocation Failure) [PSYoungGen: 53088K->1408K(53760K)] 432643K->380963K(569856K), 0.0029165 secs] [Times: user=0.01 sys=0.00, real=0.00 secs] 
2051.847: [GC (Allocation Failure) [PSYoungGen: 53120K->1472K(53760K)] 432675K->381027K(569856K), 0.0019590 secs] [Times: user=0.01 sys=0.00, real=0.00 secs] 
2052.207: [GC (Allocation Failure) [PSYoungGen: 53184K->1392K(53760K)] 432739K->380947K(569856K), 0.0023398 secs] [Times: user=0.01 sys=0.00, real=0.00 secs] 
2052.428: [GC (Allocation Failure) [PSYoungGen: 53104K->1408K(53760K)] 432659K->380963K(569856K), 0.0021481 secs] [Times: user=0.00 sys=0.00, real=0.00 secs] 
2052.720: [GC (Allocation Failure) [PSYoungGen: 53120K->1408K(53760K)] 432675K->380971K(569856K), 0.0022595 secs] [Times: user=0.01 sys=0.00, real=0.01 secs] 
2053.150: [GC (Allocation Failure) [PSYoungGen: 53120K->1424K(53760K)] 432683K->380987K(569856K), 0.0024455 secs] [Times: user=0.00 sys=0.00, real=0.01 secs] 
2053.749: [GC (Allocation Failure) [PSYoungGen: 53136K->1421K(53760K)] 432699K->380993K(569856K), 0.0016588 secs] [Times: user=0.01 sys=0.00, real=0.00 secs] 
2054.498: [GC (Allocation Failure) [PSYoungGen: 53133K->1440K(53760K)] 432705K->381011K(569856K), 0.0019467 secs] [Times: user=0.01 sys=0.00, real=0.00 secs] 
2054.894: [GC (Allocation Failure) [PSYoungGen: 53152K->1408K(53760K)] 432723K->380979K(569856K), 0.0020405 secs] [Times: user=0.01 sys=0.00, real=0.00 secs] 
2055.339: [GC (Allocation Failure) [PSYoungGen: 53120K->1376K(53760K)] 432691K->380963K(569856K), 0.0021726 secs] [Times: user=0.01 sys=0.01, real=0.00 secs] 
2055.755: [GC (Allocation Failure) [PSYoungGen: 53088K->1408K(53248K)] 432675K->381003K(569344K), 0.0022295 secs] [Times: user=0.01 sys=0.00, real=0.00 secs] 
2056.186: [GC (Allocation Failure) [PSYoungGen: 53120K->1344K(53248K)] 432715K->380939K(569344K), 0.0023329 secs] [Times: user=0.00 sys=0.00, real=0.00 secs] 
2057.386: [GC (Allocation Failure) [PSYoungGen: 53056K->160K(52736K)] 432651K->379755K(568832K), 0.0015508 secs] [Times: user=0.00 sys=0.01, real=0.00 secs] 
2057.636: [GC (Allocation Failure) [PSYoungGen: 51872K->1376K(53760K)] 431467K->380971K(569856K), 0.0016886 secs] [Times: user=0.01 sys=0.00, real=0.00 secs] 
2057.850: [GC (Allocation Failure) [PSYoungGen: 53088K->1376K(53760K)] 432683K->380971K(569856K), 0.0016616 secs] [Times: user=0.00 sys=0.00, real=0.01 secs] 
2058.222: [GC (Allocation Failure) [PSYoungGen: 53088K->1376K(53760K)] 432683K->380971K(569856K), 0.0019870 secs] [Times: user=0.01 sys=0.00, real=0.00 secs] 
2058.631: [GC (Allocation Failure) [PSYoungGen: 53088K->1408K(53760K)] 432683K->381003K(569856K), 0.0029041 secs] [Times: user=0.02 sys=0.00, real=0.01 secs] 
2059.029: [GC (Allocation Failure) [PSYoungGen: 53120K->1440K(53760K)] 432715K->381035K(569856K), 0.0028197 secs] [Times: user=0.01 sys=0.01, real=0.01 secs] 
2059.831: [GC (Allocation Failure) [PSYoungGen: 53152K->1440K(53760K)] 432747K->381035K(569856K), 0.0019830 secs] [Times: user=0.01 sys=0.00, real=0.01 secs] 
2060.052: [GC (Allocation Failure) [PSYoungGen: 53152K->1408K(53760K)] 432747K->381003K(569856K), 0.0018885 secs] [Times: user=0.01 sys=0.00, real=0.00 secs] 
2060.267: [GC (Allocation Failure) [PSYoungGen: 53120K->1408K(53760K)] 432715K->381003K(569856K), 0.0017645 secs] [Times: user=0.01 sys=0.00, real=0.00 secs] 
2060.482: [GC (Allocation Failure) [PSYoungGen: 53120K->1376K(53760K)] 432715K->380971K(569856K), 0.0016811 secs] [Times: user=0.01 sys=0.00, real=0.00 secs] 
2060.696: [GC (Allocation Failure) [PSYoungGen: 53088K->1376K(53760K)] 432683K->380979K(569856K), 0.0017442 secs] [Times: user=0.00 sys=0.00, real=0.00 secs] 
2060.911: [GC (Allocation Failure) [PSYoungGen: 53088K->1376K(53760K)] 432691K->380979K(569856K), 0.0017520 secs] [Times: user=0.01 sys=0.00, real=0.01 secs] 
2061.571: [GC (Allocation Failure) [PSYoungGen: 53088K->1408K(53760K)] 432691K->381011K(569856K), 0.0018778 secs] [Times: user=0.00 sys=0.00, real=0.01 secs] 
2061.786: [GC (Allocation Failure) [PSYoungGen: 53120K->1376K(53760K)] 432723K->380979K(569856K), 0.0019742 secs] [Times: user=0.01 sys=0.00, real=0.00 secs] 
2062.000: [GC (Allocation Failure) [PSYoungGen: 53088K->1408K(53760K)] 432691K->381011K(569856K), 0.0020127 secs] [Times: user=0.01 sys=0.00, real=0.01 secs] 
2062.216: [GC (Allocation Failure) [PSYoungGen: 53120K->1408K(53760K)] 432723K->381011K(569856K), 0.0018339 secs] [Times: user=0.01 sys=0.00, real=0.00 secs] 
2062.431: [GC (Allocation Failure) [PSYoungGen: 53120K->1376K(53760K)] 432723K->380987K(569856K), 0.0019472 secs] [Times: user=0.01 sys=0.00, real=0.01 secs] 
2062.783: [GC (Allocation Failure) [PSYoungGen: 53088K->1389K(53760K)] 432699K->381001K(569856K), 0.0016395 secs] [Times: user=0.01 sys=0.00, real=0.00 secs] 
2063.501: [GC (Allocation Failure) [PSYoungGen: 53101K->1472K(53760K)] 432713K->381083K(569856K), 0.0017906 secs] [Times: user=0.00 sys=0.00, real=0.01 secs] 
2063.936: [GC (Allocation Failure) [PSYoungGen: 53184K->1376K(53760K)] 432795K->381003K(569856K), 0.0017641 secs] [Times: user=0.01 sys=0.00, real=0.00 secs] 
2064.388: [GC (Allocation Failure) [PSYoungGen: 53088K->1376K(53248K)] 432715K->381003K(569344K), 0.0021886 secs] [Times: user=0.01 sys=0.00, real=0.00 secs] 
2064.828: [GC (Allocation Failure) [PSYoungGen: 53088K->1376K(53248K)] 432715K->381011K(569344K), 0.0024140 secs] [Times: user=0.01 sys=0.00, real=0.00 secs] 
2065.186: [GC (Allocation Failure) [PSYoungGen: 53088K->352K(52736K)] 432723K->381011K(568832K), 0.0023566 secs] [Times: user=0.01 sys=0.00, real=0.00 secs] 
2065.986: [GC (Allocation Failure) [PSYoungGen: 52064K->1389K(53760K)] 432723K->382049K(569856K), 0.0016052 secs] [Times: user=0.01 sys=0.00, real=0.00 secs] 
2066.329: [GC (Allocation Failure) [PSYoungGen: 53101K->1440K(53760K)] 433761K->382099K(569856K), 0.0017819 secs] [Times: user=0.01 sys=0.00, real=0.00 secs] 
2066.553: [GC (Allocation Failure) [PSYoungGen: 53152K->1376K(53760K)] 433811K->382035K(569856K), 0.0019435 secs] [Times: user=0.01 sys=0.00, real=0.00 secs] 
2066.768: [GC (Allocation Failure) [PSYoungGen: 53088K->1344K(53760K)] 433747K->382003K(569856K), 0.0018581 secs] [Times: user=0.00 sys=0.00, real=0.00 secs] 
2067.031: [GC (Allocation Failure) [PSYoungGen: 53056K->1376K(53760K)] 433715K->382035K(569856K), 0.0017429 secs] [Times: user=0.00 sys=0.00, real=0.01 secs] 
2067.253: [GC (Allocation Failure) [PSYoungGen: 53088K->1392K(53760K)] 433747K->382051K(569856K), 0.0018750 secs] [Times: user=0.01 sys=0.00, real=0.00 secs] 
2068.416: [GC (Allocation Failure) [PSYoungGen: 53104K->1440K(53760K)] 433763K->382099K(569856K), 0.0043245 secs] [Times: user=0.02 sys=0.00, real=0.00 secs] 
2068.851: [GC (Allocation Failure) [PSYoungGen: 53152K->1408K(53760K)] 433811K->382067K(569856K), 0.0025466 secs] [Times: user=0.01 sys=0.00, real=0.01 secs] 
2069.142: [GC (Allocation Failure) [PSYoungGen: 53120K->1344K(53760K)] 433779K->382003K(569856K), 0.0022216 secs] [Times: user=0.00 sys=0.01, real=0.00 secs] 
2069.533: [GC (Allocation Failure) [PSYoungGen: 53056K->1408K(53760K)] 433715K->382067K(569856K), 0.0020489 secs] [Times: user=0.01 sys=0.00, real=0.00 secs] 
2070.042: [GC (Allocation Failure) [PSYoungGen: 53120K->1440K(53760K)] 433779K->382099K(569856K), 0.0021099 secs] [Times: user=0.00 sys=0.00, real=0.00 secs] 
2070.631: [GC (Allocation Failure) [PSYoungGen: 53152K->1376K(53760K)] 433811K->382035K(569856K), 0.0024891 secs] [Times: user=0.01 sys=0.00, real=0.01 secs] 
2071.996: [GC (Allocation Failure) [PSYoungGen: 53088K->1440K(53760K)] 433747K->382099K(569856K), 0.0035729 secs] [Times: user=0.01 sys=0.00, real=0.00 secs] 
2072.450: [GC (Allocation Failure) [PSYoungGen: 53152K->1440K(53760K)] 433811K->382099K(569856K), 0.0027339 secs] [Times: user=0.01 sys=0.00, real=0.01 secs] 
2072.841: [GC (Allocation Failure) [PSYoungGen: 53152K->1408K(53760K)] 433811K->382067K(569856K), 0.0023515 secs] [Times: user=0.01 sys=0.00, real=0.00 secs] 
2073.218: [GC (Allocation Failure) [PSYoungGen: 53120K->1440K(53760K)] 433779K->382099K(569856K), 0.0022195 secs] [Times: user=0.01 sys=0.00, real=0.00 secs] 
2073.595: [GC (Allocation Failure) [PSYoungGen: 53152K->1408K(53760K)] 433811K->382067K(569856K), 0.0021677 secs] [Times: user=0.00 sys=0.00, real=0.00 secs] 
2073.968: [GC (Allocation Failure) [PSYoungGen: 53116K->288K(53760K)] 433776K->380947K(569856K), 0.0020719 secs] [Times: user=0.01 sys=0.00, real=0.00 secs] 
2074.679: [GC (Allocation Failure) [PSYoungGen: 52000K->1440K(53760K)] 432659K->382099K(569856K), 0.0019737 secs] [Times: user=0.01 sys=0.00, real=0.00 secs] 
2074.960: [GC (Allocation Failure) [PSYoungGen: 53152K->1376K(53760K)] 433811K->382035K(569856K), 0.0022104 secs] [Times: user=0.01 sys=0.00, real=0.01 secs] 
2075.175: [GC (Allocation Failure) [PSYoungGen: 53088K->1408K(53760K)] 433747K->382067K(569856K), 0.0020969 secs] [Times: user=0.01 sys=0.00, real=0.00 secs] 
2075.393: [GC (Allocation Failure) [PSYoungGen: 53120K->1408K(53760K)] 433779K->382067K(569856K), 0.0020060 secs] [Times: user=0.01 sys=0.00, real=0.00 secs] 
2075.608: [GC (Allocation Failure) [PSYoungGen: 53120K->1408K(53760K)] 433779K->382083K(569856K), 0.0021458 secs] [Times: user=0.01 sys=0.00, real=0.00 secs] 
2076.148: [GC (Allocation Failure) [PSYoungGen: 53120K->1373K(53760K)] 433795K->382049K(569856K), 0.0016884 secs] [Times: user=0.01 sys=0.00, real=0.00 secs] 
2076.486: [GC (Allocation Failure) [PSYoungGen: 53085K->1408K(53760K)] 433761K->382083K(569856K), 0.0018609 secs] [Times: user=0.01 sys=0.00, real=0.00 secs] 
2076.701: [GC (Allocation Failure) [PSYoungGen: 53120K->1376K(53760K)] 433795K->382051K(569856K), 0.0019143 secs] [Times: user=0.00 sys=0.00, real=0.01 secs] 
2076.916: [GC (Allocation Failure) [PSYoungGen: 53088K->1424K(53760K)] 433763K->382099K(569856K), 0.0018967 secs] [Times: user=0.01 sys=0.00, real=0.00 secs] 
2077.131: [GC (Allocation Failure) [PSYoungGen: 53136K->1392K(53760K)] 433811K->382067K(569856K), 0.0017938 secs] [Times: user=0.01 sys=0.00, real=0.01 secs] 
2077.345: [GC (Allocation Failure) [PSYoungGen: 53104K->1424K(53760K)] 433779K->382099K(569856K), 0.0018623 secs] [Times: user=0.01 sys=0.00, real=0.00 secs] 
2078.099: [GC (Allocation Failure) [PSYoungGen: 53136K->1888K(53760K)] 433811K->382563K(569856K), 0.0018749 secs] [Times: user=0.01 sys=0.00, real=0.00 secs] 
2078.353: [GC (Allocation Failure) [PSYoungGen: 53600K->1408K(53760K)] 434275K->382083K(569856K), 0.0026881 secs] [Times: user=0.01 sys=0.01, real=0.00 secs] 
2078.563: [GC (Allocation Failure) [PSYoungGen: 53120K->1408K(53760K)] 433795K->382083K(569856K), 0.0022019 secs] [Times: user=0.01 sys=0.00, real=0.00 secs] 
2078.778: [GC (Allocation Failure) [PSYoungGen: 53120K->1408K(53760K)] 433795K->382083K(569856K), 0.0020421 secs] [Times: user=0.01 sys=0.00, real=0.00 secs] 
2078.994: [GC (Allocation Failure) [PSYoungGen: 53120K->1376K(53760K)] 433795K->382051K(569856K), 0.0021186 secs] [Times: user=0.01 sys=0.00, real=0.00 secs] 
2079.208: [GC (Allocation Failure) [PSYoungGen: 53088K->1376K(53760K)] 433763K->382051K(569856K), 0.0019395 secs] [Times: user=0.00 sys=0.00, real=0.00 secs] 
2079.869: [GC (Allocation Failure) [PSYoungGen: 53088K->1456K(53760K)] 433763K->382131K(569856K), 0.0019212 secs] [Times: user=0.01 sys=0.01, real=0.00 secs] 
2080.084: [GC (Allocation Failure) [PSYoungGen: 53168K->1440K(53760K)] 433843K->382115K(569856K), 0.0019135 secs] [Times: user=0.01 sys=0.00, real=0.00 secs] 
2080.299: [GC (Allocation Failure) [PSYoungGen: 53152K->1344K(53760K)] 433827K->382019K(569856K), 0.0018749 secs] [Times: user=0.01 sys=0.00, real=0.00 secs] 
2080.513: [GC (Allocation Failure) [PSYoungGen: 53056K->1376K(53760K)] 433731K->382051K(569856K), 0.0025930 secs] [Times: user=0.01 sys=0.00, real=0.00 secs] 
2080.729: [GC (Allocation Failure) [PSYoungGen: 53088K->1408K(53760K)] 433763K->382083K(569856K), 0.0023184 secs] [Times: user=0.01 sys=0.00, real=0.00 secs] 
2080.983: [GC (Allocation Failure) [PSYoungGen: 53120K->320K(53760K)] 433795K->381003K(569856K), 0.0023711 secs] [Times: user=0.01 sys=0.00, real=0.00 secs] 
2082.301: [GC (Allocation Failure) [PSYoungGen: 52032K->1440K(53760K)] 432715K->382123K(569856K), 0.0027967 secs] [Times: user=0.01 sys=0.00, real=0.01 secs] 
2082.803: [GC (Allocation Failure) [PSYoungGen: 53152K->1344K(53760K)] 433835K->382043K(569856K), 0.0041642 secs] [Times: user=0.02 sys=0.00, real=0.00 secs] 
2083.228: [GC (Allocation Failure) [PSYoungGen: 53056K->1408K(53760K)] 433755K->382107K(569856K), 0.0024908 secs] [Times: user=0.01 sys=0.00, real=0.00 secs] 
2083.444: [GC (Allocation Failure) [PSYoungGen: 53120K->1408K(53760K)] 433819K->382107K(569856K), 0.0021400 secs] [Times: user=0.01 sys=0.00, real=0.00 secs] 
2083.659: [GC (Allocation Failure) [PSYoungGen: 53120K->1344K(53760K)] 433819K->382043K(569856K), 0.0020818 secs] [Times: user=0.00 sys=0.00, real=0.00 secs] 
2084.176: [GC (Allocation Failure) [PSYoungGen: 53056K->1421K(53760K)] 433755K->382137K(569856K), 0.0016510 secs] [Times: user=0.01 sys=0.00, real=0.00 secs] 
2084.960: [GC (Allocation Failure) [PSYoungGen: 53133K->1408K(53760K)] 433849K->382123K(569856K), 0.0023915 secs] [Times: user=0.02 sys=0.00, real=0.01 secs] 
2085.353: [GC (Allocation Failure) [PSYoungGen: 53120K->1376K(53760K)] 433835K->382091K(569856K), 0.0024843 secs] [Times: user=0.01 sys=0.00, real=0.00 secs] 
2085.783: [GC (Allocation Failure) [PSYoungGen: 53088K->1376K(53760K)] 433803K->382091K(569856K), 0.0042389 secs] [Times: user=0.02 sys=0.00, real=0.00 secs] 
2086.217: [GC (Allocation Failure) [PSYoungGen: 53088K->1376K(53760K)] 433803K->382091K(569856K), 0.0030765 secs] [Times: user=0.01 sys=0.00, real=0.00 secs] 
2086.588: [GC (Allocation Failure) [PSYoungGen: 53088K->1376K(53760K)] 433803K->382091K(569856K), 0.0041597 secs] [Times: user=0.02 sys=0.00, real=0.01 secs] 
2087.760: [GC (Allocation Failure) [PSYoungGen: 53088K->1888K(53760K)] 433803K->382603K(569856K), 0.0034153 secs] [Times: user=0.02 sys=0.00, real=0.01 secs] 
2088.526: [GC (Allocation Failure) [PSYoungGen: 53600K->1392K(53760K)] 434315K->382107K(569856K), 0.0031513 secs] [Times: user=0.01 sys=0.00, real=0.00 secs] 
2089.037: [GC (Allocation Failure) [PSYoungGen: 53104K->1376K(53760K)] 433819K->382091K(569856K), 0.0044346 secs] [Times: user=0.01 sys=0.00, real=0.01 secs] 
2089.656: [GC (Allocation Failure) [PSYoungGen: 53088K->1376K(53760K)] 433803K->382091K(569856K), 0.0043392 secs] [Times: user=0.01 sys=0.00, real=0.00 secs] 
2090.242: [GC (Allocation Failure) [PSYoungGen: 53088K->1376K(53760K)] 433803K->382091K(569856K), 0.0037962 secs] [Times: user=0.01 sys=0.00, real=0.00 secs] 
2090.831: [GC (Allocation Failure) [PSYoungGen: 53088K->1360K(53760K)] 433803K->382075K(569856K), 0.0047835 secs] [Times: user=0.02 sys=0.00, real=0.01 secs] 
2091.836: [GC (Allocation Failure) [PSYoungGen: 53072K->1408K(53760K)] 433787K->382123K(569856K), 0.0018949 secs] [Times: user=0.01 sys=0.00, real=0.00 secs] 
2092.260: [GC (Allocation Failure) [PSYoungGen: 53120K->1424K(53760K)] 433835K->382139K(569856K), 0.0020296 secs] [Times: user=0.01 sys=0.00, real=0.01 secs] 
2092.933: [GC (Allocation Failure) [PSYoungGen: 53136K->1392K(53760K)] 433851K->382107K(569856K), 0.0029956 secs] [Times: user=0.01 sys=0.00, real=0.00 secs] 
2093.660: [GC (Allocation Failure) [PSYoungGen: 53104K->1424K(53760K)] 433819K->382139K(569856K), 0.0037294 secs] [Times: user=0.01 sys=0.00, real=0.01 secs] 
2094.366: [GC (Allocation Failure) [PSYoungGen: 53136K->1376K(53760K)] 433851K->382091K(569856K), 0.0044081 secs] [Times: user=0.01 sys=0.00, real=0.00 secs] 
2095.004: [GC (Allocation Failure) [PSYoungGen: 53088K->1376K(53760K)] 433803K->382091K(569856K), 0.0044640 secs] [Times: user=0.02 sys=0.00, real=0.00 secs] 
2096.149: [GC (Allocation Failure) [PSYoungGen: 53088K->1456K(53760K)] 433803K->382171K(569856K), 0.0022883 secs] [Times: user=0.01 sys=0.00, real=0.00 secs] 
2096.611: [GC (Allocation Failure) [PSYoungGen: 53168K->1408K(53760K)] 433883K->382123K(569856K), 0.0026675 secs] [Times: user=0.01 sys=0.00, real=0.01 secs] 
2097.177: [GC (Allocation Failure) [PSYoungGen: 53120K->1376K(53248K)] 433835K->382091K(569344K), 0.0037895 secs] [Times: user=0.02 sys=0.00, real=0.00 secs] 
2097.782: [GC (Allocation Failure) [PSYoungGen: 53088K->1344K(53248K)] 433803K->382059K(569344K), 0.0041478 secs] [Times: user=0.02 sys=0.00, real=0.00 secs] 
2098.478: [GC (Allocation Failure) [PSYoungGen: 53056K->1376K(53248K)] 433771K->382091K(569344K), 0.0024588 secs] [Times: user=0.01 sys=0.00, real=0.00 secs] 
2099.396: [GC (Allocation Failure) [PSYoungGen: 53088K->1373K(53248K)] 433803K->382105K(569344K), 0.0016996 secs] [Times: user=0.01 sys=0.00, real=0.00 secs] 
2100.107: [GC (Allocation Failure) [PSYoungGen: 53085K->1424K(53248K)] 433817K->382155K(569344K), 0.0021506 secs] [Times: user=0.00 sys=0.00, real=0.00 secs] 
2100.663: [GC (Allocation Failure) [PSYoungGen: 53136K->1376K(53248K)] 433867K->382107K(569344K), 0.0021537 secs] [Times: user=0.01 sys=0.00, real=0.00 secs] 
2101.357: [GC (Allocation Failure) [PSYoungGen: 53088K->1440K(53248K)] 433819K->382171K(569344K), 0.0037208 secs] [Times: user=0.01 sys=0.00, real=0.00 secs] 
2102.490: [GC (Allocation Failure) [PSYoungGen: 53152K->1408K(53248K)] 433883K->382139K(569344K), 0.0041887 secs] [Times: user=0.01 sys=0.01, real=0.01 secs] 
2103.094: [GC (Allocation Failure) [PSYoungGen: 53120K->1376K(53248K)] 433851K->382107K(569344K), 0.0033877 secs] [Times: user=0.01 sys=0.00, real=0.00 secs] 
2104.239: [GC (Allocation Failure) [PSYoungGen: 53088K->1520K(52736K)] 433819K->382396K(568832K), 0.0018281 secs] [Times: user=0.01 sys=0.00, real=0.00 secs] 
2104.482: [GC (Allocation Failure) [PSYoungGen: 52720K->1424K(53248K)] 433596K->382299K(569344K), 0.0019229 secs] [Times: user=0.01 sys=0.00, real=0.00 secs] 
2104.695: [GC (Allocation Failure) [PSYoungGen: 52624K->1408K(53248K)] 433499K->382283K(569344K), 0.0016733 secs] [Times: user=0.01 sys=0.01, real=0.00 secs] 
2104.922: [GC (Allocation Failure) [PSYoungGen: 52608K->1408K(53248K)] 433483K->382283K(569344K), 0.0020022 secs] [Times: user=0.01 sys=0.00, real=0.00 secs] 
2105.134: [GC (Allocation Failure) [PSYoungGen: 52608K->1360K(53248K)] 433483K->382235K(569344K), 0.0019163 secs] [Times: user=0.00 sys=0.00, real=0.00 secs] 
2105.360: [GC (Allocation Failure) [PSYoungGen: 52560K->1376K(53248K)] 433435K->382251K(569344K), 0.0018731 secs] [Times: user=0.00 sys=0.00, real=0.01 secs] 
2106.162: [GC (Allocation Failure) [PSYoungGen: 52576K->1472K(53248K)] 433451K->382347K(569344K), 0.0016402 secs] [Times: user=0.01 sys=0.00, real=0.00 secs] 
2106.806: [GC (Allocation Failure) [PSYoungGen: 52672K->1440K(53248K)] 433547K->382315K(569344K), 0.0023819 secs] [Times: user=0.01 sys=0.00, real=0.00 secs] 
2107.477: [GC (Allocation Failure) [PSYoungGen: 52640K->1504K(53248K)] 433515K->382379K(569344K), 0.0034904 secs] [Times: user=0.01 sys=0.00, real=0.00 secs] 
2107.887: [GC (Allocation Failure) [PSYoungGen: 52704K->1472K(53248K)] 433579K->382363K(569344K), 0.0029168 secs] [Times: user=0.01 sys=0.00, real=0.00 secs] 
2108.294: [GC (Allocation Failure) [PSYoungGen: 52672K->1504K(53248K)] 433563K->382395K(569344K), 0.0030057 secs] [Times: user=0.02 sys=0.00, real=0.00 secs] 
2108.766: [GC (Allocation Failure) [PSYoungGen: 52704K->1472K(53248K)] 433595K->382363K(569344K), 0.0037737 secs] [Times: user=0.02 sys=0.00, real=0.00 secs] 
2109.672: [GC (Allocation Failure) [PSYoungGen: 52672K->1504K(53248K)] 433563K->382395K(569344K), 0.0017357 secs] [Times: user=0.01 sys=0.00, real=0.00 secs] 
2109.884: [GC (Allocation Failure) [PSYoungGen: 52704K->1440K(53248K)] 433595K->382331K(569344K), 0.0015913 secs] [Times: user=0.01 sys=0.00, real=0.00 secs] 
2110.096: [GC (Allocation Failure) [PSYoungGen: 52640K->1472K(53248K)] 433531K->382363K(569344K), 0.0016599 secs] [Times: user=0.01 sys=0.00, real=0.00 secs] 
2110.308: [GC (Allocation Failure) [PSYoungGen: 52672K->1408K(53248K)] 433563K->382379K(569344K), 0.0016506 secs] [Times: user=0.00 sys=0.00, real=0.00 secs] 
2110.520: [GC (Allocation Failure) [PSYoungGen: 52608K->1376K(53248K)] 433579K->382347K(569344K), 0.0016256 secs] [Times: user=0.01 sys=0.00, real=0.00 secs] 
2110.732: [GC (Allocation Failure) [PSYoungGen: 52576K->1408K(53248K)] 433547K->382379K(569344K), 0.0015030 secs] [Times: user=0.00 sys=0.00, real=0.00 secs] 
2111.886: [GC (Allocation Failure) [PSYoungGen: 52608K->1408K(53248K)] 433579K->382379K(569344K), 0.0018344 secs] [Times: user=0.01 sys=0.00, real=0.00 secs] 
2112.306: [GC (Allocation Failure) [PSYoungGen: 52608K->1376K(53248K)] 433579K->382347K(569344K), 0.0019946 secs] [Times: user=0.01 sys=0.00, real=0.00 secs] 
2112.622: [GC (Allocation Failure) [PSYoungGen: 52576K->1376K(53248K)] 433547K->382347K(569344K), 0.0020579 secs] [Times: user=0.01 sys=0.00, real=0.00 secs] 
2112.851: [GC (Allocation Failure) [PSYoungGen: 52576K->1408K(52736K)] 433547K->382387K(568832K), 0.0021134 secs] [Times: user=0.01 sys=0.00, real=0.01 secs] 
2113.064: [GC (Allocation Failure) [PSYoungGen: 52608K->1424K(52736K)] 433587K->382403K(568832K), 0.0018999 secs] [Times: user=0.01 sys=0.00, real=0.00 secs] 
2113.449: [GC (Allocation Failure) [PSYoungGen: 52624K->1405K(52736K)] 433603K->382385K(568832K), 0.0015832 secs] [Times: user=0.01 sys=0.00, real=0.00 secs] 
2114.757: [GC (Allocation Failure) [PSYoungGen: 52605K->1408K(52736K)] 433585K->382387K(568832K), 0.0035504 secs] [Times: user=0.01 sys=0.00, real=0.00 secs] 
2115.910: [GC (Allocation Failure) [PSYoungGen: 52608K->1392K(52736K)] 433587K->382371K(568832K), 0.0034476 secs] [Times: user=0.01 sys=0.00, real=0.01 secs] 
2117.023: [GC (Allocation Failure) [PSYoungGen: 52592K->1408K(52736K)] 433571K->382403K(568832K), 0.0034547 secs] [Times: user=0.01 sys=0.00, real=0.00 secs] 
2117.576: [GC (Allocation Failure) [PSYoungGen: 52608K->1376K(52736K)] 433603K->382371K(568832K), 0.0029786 secs] [Times: user=0.01 sys=0.00, real=0.00 secs] 
2117.806: [GC (Allocation Failure) [PSYoungGen: 52576K->1344K(52736K)] 433571K->382339K(568832K), 0.0022383 secs] [Times: user=0.01 sys=0.00, real=0.00 secs] 
2118.481: [GC (Allocation Failure) [PSYoungGen: 52544K->1389K(52736K)] 433539K->382385K(568832K), 0.0016002 secs] [Times: user=0.01 sys=0.00, real=0.01 secs] 
2118.900: [GC (Allocation Failure) [PSYoungGen: 52589K->1472K(52736K)] 433585K->382467K(568832K), 0.0021109 secs] [Times: user=0.01 sys=0.00, real=0.01 secs] 
2119.116: [GC (Allocation Failure) [PSYoungGen: 52672K->1408K(52736K)] 433667K->382403K(568832K), 0.0021729 secs] [Times: user=0.01 sys=0.00, real=0.00 secs] 
2119.329: [GC (Allocation Failure) [PSYoungGen: 52608K->1376K(52736K)] 433603K->382371K(568832K), 0.0022163 secs] [Times: user=0.01 sys=0.00, real=0.01 secs] 
2119.542: [GC (Allocation Failure) [PSYoungGen: 52576K->1408K(52736K)] 433571K->382403K(568832K), 0.0021444 secs] [Times: user=0.01 sys=0.00, real=0.00 secs] 
2119.755: [GC (Allocation Failure) [PSYoungGen: 52608K->1440K(52736K)] 433603K->382435K(568832K), 0.0020448 secs] [Times: user=0.01 sys=0.00, real=0.00 secs] 
2120.497: [GC (Allocation Failure) [PSYoungGen: 52640K->960K(52736K)] 433635K->382979K(568832K), 0.0019224 secs] [Times: user=0.01 sys=0.00, real=0.00 secs] 
2120.723: [GC (Allocation Failure) [PSYoungGen: 52160K->384K(53248K)] 434179K->382403K(569344K), 0.0018679 secs] [Times: user=0.01 sys=0.00, real=0.00 secs] 
2120.984: [GC (Allocation Failure) [PSYoungGen: 51584K->384K(53248K)] 433603K->382403K(569344K), 0.0016388 secs] [Times: user=0.00 sys=0.00, real=0.00 secs] 
2121.333: [GC (Allocation Failure) [PSYoungGen: 51584K->352K(53248K)] 433603K->382371K(569344K), 0.0018517 secs] [Times: user=0.01 sys=0.00, real=0.00 secs] 
2121.697: [GC (Allocation Failure) [PSYoungGen: 51552K->368K(53248K)] 433571K->382387K(569344K), 0.0021611 secs] [Times: user=0.01 sys=0.00, real=0.00 secs] 
2122.095: [GC (Allocation Failure) [PSYoungGen: 51568K->400K(53248K)] 433587K->382419K(569344K), 0.0021503 secs] [Times: user=0.00 sys=0.01, real=0.00 secs] 
2123.183: [GC (Allocation Failure) [PSYoungGen: 51600K->1408K(53248K)] 433619K->383427K(569344K), 0.0029617 secs] [Times: user=0.02 sys=0.00, real=0.00 secs] 
2123.881: [GC (Allocation Failure) [PSYoungGen: 52608K->1376K(52736K)] 434627K->383395K(568832K), 0.0030300 secs] [Times: user=0.01 sys=0.00, real=0.01 secs] 
2124.611: [GC (Allocation Failure) [PSYoungGen: 52064K->1376K(53248K)] 434083K->383395K(569344K), 0.0037415 secs] [Times: user=0.01 sys=0.00, real=0.01 secs] 
2125.363: [GC (Allocation Failure) [PSYoungGen: 52064K->1360K(53248K)] 434083K->383380K(569344K), 0.0042142 secs] [Times: user=0.02 sys=0.00, real=0.00 secs] 
2126.562: [GC (Allocation Failure) [PSYoungGen: 52048K->1312K(53248K)] 434068K->383347K(569344K), 0.0041466 secs] [Times: user=0.02 sys=0.00, real=0.00 secs] 
2127.041: [GC (Allocation Failure) [PSYoungGen: 52000K->1344K(52224K)] 434035K->383379K(568320K), 0.0030533 secs] [Times: user=0.01 sys=0.00, real=0.01 secs] 
2127.820: [GC (Allocation Failure) [PSYoungGen: 52032K->1408K(52736K)] 434067K->383443K(568832K), 0.0018219 secs] [Times: user=0.01 sys=0.00, real=0.00 secs] 
2128.060: [GC (Allocation Failure) [PSYoungGen: 52096K->1456K(53248K)] 434131K->383492K(569344K), 0.0020387 secs] [Times: user=0.01 sys=0.00, real=0.01 secs] 
2128.310: [GC (Allocation Failure) [PSYoungGen: 52144K->1392K(53248K)] 434180K->383428K(569344K), 0.0018599 secs] [Times: user=0.01 sys=0.00, real=0.01 secs] 
2128.539: [GC (Allocation Failure) [PSYoungGen: 52080K->1344K(52224K)] 434116K->383379K(568320K), 0.0021003 secs] [Times: user=0.01 sys=0.00, real=0.00 secs] 
2128.757: [GC (Allocation Failure) [PSYoungGen: 52032K->1440K(52736K)] 434067K->383475K(568832K), 0.0020416 secs] [Times: user=0.01 sys=0.01, real=0.00 secs] 
2128.978: [GC (Allocation Failure) [PSYoungGen: 52128K->1408K(52736K)] 434163K->383443K(568832K), 0.0019809 secs] [Times: user=0.00 sys=0.00, real=0.00 secs] 
2131.326: [GC (Allocation Failure) [PSYoungGen: 52096K->1408K(52736K)] 434131K->383443K(568832K), 0.0045098 secs] [Times: user=0.02 sys=0.00, real=0.00 secs] 
2131.605: [GC (Allocation Failure) [PSYoungGen: 52096K->1392K(52736K)] 434131K->383428K(568832K), 0.0022478 secs] [Times: user=0.01 sys=0.00, real=0.00 secs] 
2131.938: [GC (Allocation Failure) [PSYoungGen: 52080K->1408K(52736K)] 434116K->383443K(568832K), 0.0019516 secs] [Times: user=0.01 sys=0.00, real=0.00 secs] 
2132.608: [GC (Allocation Failure) [PSYoungGen: 52096K->1376K(52736K)] 434131K->383411K(568832K), 0.0023864 secs] [Times: user=0.00 sys=0.00, real=0.00 secs] 
2133.186: [GC (Allocation Failure) [PSYoungGen: 52064K->1376K(52736K)] 434099K->383411K(568832K), 0.0021999 secs] [Times: user=0.01 sys=0.00, real=0.00 secs] 
2133.977: [GC (Allocation Failure) [PSYoungGen: 52064K->1392K(52736K)] 434099K->383428K(568832K), 0.0021965 secs] [Times: user=0.01 sys=0.00, real=0.00 secs] 
2135.055: [GC (Allocation Failure) [PSYoungGen: 52080K->1408K(52736K)] 434116K->383443K(568832K), 0.0021900 secs] [Times: user=0.01 sys=0.00, real=0.00 secs] 
2135.852: [GC (Allocation Failure) [PSYoungGen: 52096K->1440K(52736K)] 434131K->383475K(568832K), 0.0030412 secs] [Times: user=0.01 sys=0.00, real=0.00 secs] 
2136.296: [GC (Allocation Failure) [PSYoungGen: 52128K->1408K(52736K)] 434163K->383443K(568832K), 0.0034783 secs] [Times: user=0.01 sys=0.00, real=0.00 secs] 
2137.113: [GC (Allocation Failure) [PSYoungGen: 52096K->1424K(52736K)] 434131K->383460K(568832K), 0.0029064 secs] [Times: user=0.01 sys=0.00, real=0.00 secs] 
2137.957: [GC (Allocation Failure) [PSYoungGen: 52112K->1408K(52736K)] 434148K->383443K(568832K), 0.0037041 secs] [Times: user=0.01 sys=0.00, real=0.00 secs] 
2138.831: [GC (Allocation Failure) [PSYoungGen: 52096K->1405K(52736K)] 434131K->383441K(568832K), 0.0016069 secs] [Times: user=0.01 sys=0.00, real=0.01 secs] 
2139.718: [GC (Allocation Failure) [PSYoungGen: 52093K->1424K(52736K)] 434129K->383460K(568832K), 0.0026755 secs] [Times: user=0.01 sys=0.00, real=0.00 secs] 
2140.102: [GC (Allocation Failure) [PSYoungGen: 52112K->1392K(52736K)] 434148K->383436K(568832K), 0.0022777 secs] [Times: user=0.01 sys=0.00, real=0.00 secs] 
2140.321: [GC (Allocation Failure) [PSYoungGen: 52080K->1408K(52736K)] 434124K->383451K(568832K), 0.0021376 secs] [Times: user=0.01 sys=0.00, real=0.01 secs] 
2140.602: [GC (Allocation Failure) [PSYoungGen: 52096K->1408K(52736K)] 434139K->383459K(568832K), 0.0019652 secs] [Times: user=0.01 sys=0.00, real=0.00 secs] 
2141.118: [GC (Allocation Failure) [PSYoungGen: 52096K->1392K(52736K)] 434147K->383444K(568832K), 0.0021689 secs] [Times: user=0.01 sys=0.00, real=0.00 secs] 
2141.919: [GC (Allocation Failure) [PSYoungGen: 52080K->1373K(52736K)] 434132K->383425K(568832K), 0.0016199 secs] [Times: user=0.00 sys=0.00, real=0.00 secs] 
2142.695: [GC (Allocation Failure) [PSYoungGen: 52061K->1408K(52736K)] 434113K->383459K(568832K), 0.0030023 secs] [Times: user=0.01 sys=0.00, real=0.00 secs] 
2143.271: [GC (Allocation Failure) [PSYoungGen: 52096K->1408K(52736K)] 434147K->383459K(568832K), 0.0035521 secs] [Times: user=0.01 sys=0.00, real=0.01 secs] 
2143.841: [GC (Allocation Failure) [PSYoungGen: 52096K->1376K(52736K)] 434147K->383427K(568832K), 0.0029043 secs] [Times: user=0.01 sys=0.00, real=0.01 secs] 
2144.346: [GC (Allocation Failure) [PSYoungGen: 52064K->1376K(52736K)] 434115K->383427K(568832K), 0.0037867 secs] [Times: user=0.01 sys=0.00, real=0.00 secs] 
2144.726: [GC (Allocation Failure) [PSYoungGen: 52064K->1408K(52224K)] 434115K->383459K(568320K), 0.0030890 secs] [Times: user=0.02 sys=0.00, real=0.00 secs] 
2145.560: [GC (Allocation Failure) [PSYoungGen: 52096K->1456K(51712K)] 434147K->383508K(567808K), 0.0016142 secs] [Times: user=0.01 sys=0.00, real=0.01 secs] 
2145.910: [GC (Allocation Failure) [PSYoungGen: 51632K->1408K(51712K)] 433684K->383459K(567808K), 0.0030498 secs] [Times: user=0.02 sys=0.00, real=0.01 secs] 
2146.119: [GC (Allocation Failure) [PSYoungGen: 51584K->1408K(51712K)] 433635K->383459K(567808K), 0.0024170 secs] [Times: user=0.01 sys=0.00, real=0.01 secs] 
2146.502: [GC (Allocation Failure) [PSYoungGen: 51584K->1376K(51712K)] 433635K->383443K(567808K), 0.0021582 secs] [Times: user=0.01 sys=0.00, real=0.00 secs] 
2146.917: [GC (Allocation Failure) [PSYoungGen: 51552K->1344K(51712K)] 433619K->383411K(567808K), 0.0023112 secs] [Times: user=0.01 sys=0.00, real=0.00 secs] 
2147.322: [GC (Allocation Failure) [PSYoungGen: 51520K->1376K(51712K)] 433587K->383443K(567808K), 0.0043528 secs] [Times: user=0.02 sys=0.00, real=0.00 secs] 
2148.629: [GC (Allocation Failure) [PSYoungGen: 51552K->1504K(51200K)] 433619K->383672K(567296K), 0.0025858 secs] [Times: user=0.01 sys=0.00, real=0.01 secs] 
2149.742: [GC (Allocation Failure) [PSYoungGen: 51168K->1280K(51712K)] 433336K->383448K(567808K), 0.0049229 secs] [Times: user=0.02 sys=0.00, real=0.00 secs] 
2150.536: [GC (Allocation Failure) [PSYoungGen: 50944K->1328K(51712K)] 433112K->383496K(567808K), 0.0033745 secs] [Times: user=0.02 sys=0.00, real=0.00 secs] 
2150.745: [GC (Allocation Failure) [PSYoungGen: 50992K->1296K(51712K)] 433160K->383464K(567808K), 0.0021617 secs] [Times: user=0.01 sys=0.00, real=0.00 secs] 
2150.952: [GC (Allocation Failure) [PSYoungGen: 50960K->1280K(51712K)] 433128K->383448K(567808K), 0.0021782 secs] [Times: user=0.01 sys=0.00, real=0.00 secs] 
2151.251: [GC (Allocation Failure) [PSYoungGen: 50944K->1280K(51712K)] 433112K->383448K(567808K), 0.0022000 secs] [Times: user=0.00 sys=0.00, real=0.01 secs] 
2152.039: [GC (Allocation Failure) [PSYoungGen: 50944K->1872K(51712K)] 433112K->385064K(567808K), 0.0016287 secs] [Times: user=0.01 sys=0.00, real=0.00 secs] 
2152.474: [GC (Allocation Failure) [PSYoungGen: 51536K->1584K(51712K)] 434728K->384776K(567808K), 0.0019658 secs] [Times: user=0.01 sys=0.00, real=0.00 secs] 
2152.859: [GC (Allocation Failure) [PSYoungGen: 51248K->1584K(51712K)] 434440K->384776K(567808K), 0.0017407 secs] [Times: user=0.01 sys=0.00, real=0.00 secs] 
2153.074: [GC (Allocation Failure) [PSYoungGen: 51248K->1616K(51712K)] 434440K->384808K(567808K), 0.0021968 secs] [Times: user=0.01 sys=0.00, real=0.00 secs] 
2153.381: [GC (Allocation Failure) [PSYoungGen: 51280K->1584K(51712K)] 434472K->384776K(567808K), 0.0038997 secs] [Times: user=0.01 sys=0.00, real=0.01 secs] 
2153.762: [GC (Allocation Failure) [PSYoungGen: 51248K->1568K(51712K)] 434440K->384760K(567808K), 0.0022976 secs] [Times: user=0.01 sys=0.00, real=0.00 secs] 
2154.701: [GC (Allocation Failure) [PSYoungGen: 51232K->1904K(51712K)] 434424K->386120K(567808K), 0.0019581 secs] [Times: user=0.01 sys=0.00, real=0.01 secs] 
2155.184: [GC (Allocation Failure) [PSYoungGen: 51568K->1568K(51712K)] 435784K->385784K(567808K), 0.0030648 secs] [Times: user=0.02 sys=0.00, real=0.00 secs] 
2155.386: [GC (Allocation Failure) [PSYoungGen: 51232K->1584K(51712K)] 435448K->385800K(567808K), 0.0022035 secs] [Times: user=0.01 sys=0.00, real=0.00 secs] 
2155.592: [GC (Allocation Failure) [PSYoungGen: 51248K->352K(51712K)] 435464K->385803K(567808K), 0.0050561 secs] [Times: user=0.02 sys=0.00, real=0.00 secs] 
2155.801: [GC (Allocation Failure) [PSYoungGen: 50016K->352K(58368K)] 435467K->385811K(574464K), 0.0021004 secs] [Times: user=0.01 sys=0.00, real=0.01 secs] 
2156.070: [GC (Allocation Failure) [PSYoungGen: 56160K->320K(58368K)] 441619K->385779K(574464K), 0.0023901 secs] [Times: user=0.01 sys=0.00, real=0.01 secs] 
2156.881: [GC (Allocation Failure) [PSYoungGen: 56128K->1392K(57344K)] 441587K->386867K(573440K), 0.0021294 secs] [Times: user=0.01 sys=0.00, real=0.01 secs] 
2157.366: [GC (Allocation Failure) [PSYoungGen: 57200K->1408K(57344K)] 442675K->386883K(573440K), 0.0043909 secs] [Times: user=0.02 sys=0.01, real=0.00 secs] 
2157.773: [GC (Allocation Failure) [PSYoungGen: 57216K->1408K(57344K)] 442691K->386883K(573440K), 0.0037025 secs] [Times: user=0.01 sys=0.00, real=0.00 secs] 
2158.237: [GC (Allocation Failure) [PSYoungGen: 57216K->1408K(57344K)] 442691K->386883K(573440K), 0.0029927 secs] [Times: user=0.01 sys=0.00, real=0.00 secs] 
2158.693: [GC (Allocation Failure) [PSYoungGen: 57216K->1408K(57344K)] 442691K->386883K(573440K), 0.0030990 secs] [Times: user=0.02 sys=0.00, real=0.00 secs] 
2159.551: [GC (Allocation Failure) [PSYoungGen: 57216K->1405K(57344K)] 442691K->386880K(573440K), 0.0016778 secs] [Times: user=0.01 sys=0.00, real=0.01 secs] 
2160.111: [GC (Allocation Failure) [PSYoungGen: 57213K->1440K(57344K)] 442688K->386915K(573440K), 0.0021592 secs] [Times: user=0.01 sys=0.00, real=0.01 secs] 
2160.635: [GC (Allocation Failure) [PSYoungGen: 57248K->1376K(57344K)] 442723K->386851K(573440K), 0.0023129 secs] [Times: user=0.01 sys=0.01, real=0.00 secs] 
2161.087: [GC (Allocation Failure) [PSYoungGen: 57184K->1408K(57344K)] 442659K->386883K(573440K), 0.0021843 secs] [Times: user=0.01 sys=0.00, real=0.00 secs] 
2161.629: [GC (Allocation Failure) [PSYoungGen: 57216K->1360K(57856K)] 442691K->386835K(573952K), 0.0033764 secs] [Times: user=0.02 sys=0.00, real=0.01 secs] 
2162.168: [GC (Allocation Failure) [PSYoungGen: 57168K->1376K(57856K)] 442643K->386851K(573952K), 0.0035626 secs] [Times: user=0.01 sys=0.00, real=0.01 secs] 
2163.020: [GC (Allocation Failure) [PSYoungGen: 57184K->1440K(57856K)] 442659K->386915K(573952K), 0.0019619 secs] [Times: user=0.00 sys=0.00, real=0.01 secs] 
2163.252: [GC (Allocation Failure) [PSYoungGen: 57248K->1408K(57856K)] 442723K->386883K(573952K), 0.0018804 secs] [Times: user=0.00 sys=0.00, real=0.00 secs] 
2163.484: [GC (Allocation Failure) [PSYoungGen: 57216K->1392K(57856K)] 442691K->386867K(573952K), 0.0019732 secs] [Times: user=0.00 sys=0.00, real=0.00 secs] 
2163.934: [GC (Allocation Failure) [PSYoungGen: 57200K->1408K(57856K)] 442675K->386883K(573952K), 0.0019276 secs] [Times: user=0.01 sys=0.00, real=0.00 secs] 
2164.398: [GC (Allocation Failure) [PSYoungGen: 57216K->1376K(57856K)] 442691K->386859K(573952K), 0.0027263 secs] [Times: user=0.01 sys=0.00, real=0.00 secs] 
2165.254: [GC (Allocation Failure) [PSYoungGen: 57184K->1440K(57856K)] 442667K->386923K(573952K), 0.0019840 secs] [Times: user=0.01 sys=0.00, real=0.00 secs] 
2165.701: [GC (Allocation Failure) [PSYoungGen: 57248K->1376K(57856K)] 442731K->386859K(573952K), 0.0020485 secs] [Times: user=0.01 sys=0.00, real=0.01 secs] 
2166.163: [GC (Allocation Failure) [PSYoungGen: 57184K->1408K(57856K)] 442667K->386891K(573952K), 0.0022298 secs] [Times: user=0.01 sys=0.00, real=0.00 secs] 
2166.964: [GC (Allocation Failure) [PSYoungGen: 57216K->1344K(57856K)] 442699K->386835K(573952K), 0.0027048 secs] [Times: user=0.01 sys=0.00, real=0.00 secs] 
2167.798: [GC (Allocation Failure) [PSYoungGen: 57152K->1408K(57856K)] 442643K->386899K(573952K), 0.0026097 secs] [Times: user=0.01 sys=0.00, real=0.00 secs] 
2168.876: [GC (Allocation Failure) [PSYoungGen: 57216K->1405K(57856K)] 442707K->386896K(573952K), 0.0016068 secs] [Times: user=0.00 sys=0.00, real=0.00 secs] 
2169.476: [GC (Allocation Failure) [PSYoungGen: 57213K->1408K(57856K)] 442704K->386899K(573952K), 0.0019844 secs] [Times: user=0.01 sys=0.00, real=0.00 secs] 
2170.053: [GC (Allocation Failure) [PSYoungGen: 57216K->1408K(57856K)] 442707K->386899K(573952K), 0.0021454 secs] [Times: user=0.01 sys=0.00, real=0.00 secs] 
2170.670: [GC (Allocation Failure) [PSYoungGen: 57216K->1408K(57856K)] 442707K->386899K(573952K), 0.0022096 secs] [Times: user=0.01 sys=0.00, real=0.01 secs] 
2171.315: [GC (Allocation Failure) [PSYoungGen: 57216K->1408K(57856K)] 442707K->386899K(573952K), 0.0022071 secs] [Times: user=0.01 sys=0.00, real=0.00 secs] 
2171.889: [GC (Allocation Failure) [PSYoungGen: 57216K->1344K(57856K)] 442707K->386835K(573952K), 0.0030822 secs] [Times: user=0.01 sys=0.00, real=0.01 secs] 
2173.021: [GC (Allocation Failure) [PSYoungGen: 57152K->1408K(57856K)] 442643K->386899K(573952K), 0.0036109 secs] [Times: user=0.02 sys=0.00, real=0.01 secs] 
2173.481: [GC (Allocation Failure) [PSYoungGen: 57216K->1408K(57856K)] 442707K->386899K(573952K), 0.0022929 secs] [Times: user=0.01 sys=0.00, real=0.01 secs] 
2174.031: [GC (Allocation Failure) [PSYoungGen: 57216K->1376K(57344K)] 442707K->386867K(573440K), 0.0030153 secs] [Times: user=0.01 sys=0.00, real=0.01 secs] 
2174.485: [GC (Allocation Failure) [PSYoungGen: 57184K->1376K(57344K)] 442675K->386867K(573440K), 0.0028685 secs] [Times: user=0.01 sys=0.00, real=0.00 secs] 
2174.725: [GC (Allocation Failure) [PSYoungGen: 57184K->1376K(57344K)] 442675K->386875K(573440K), 0.0023999 secs] [Times: user=0.01 sys=0.00, real=0.00 secs] 
2175.376: [GC (Allocation Failure) [PSYoungGen: 57184K->1440K(57344K)] 442683K->386939K(573440K), 0.0016758 secs] [Times: user=0.00 sys=0.00, real=0.00 secs] 
2175.927: [GC (Allocation Failure) [PSYoungGen: 57248K->1408K(57344K)] 442747K->386907K(573440K), 0.0022681 secs] [Times: user=0.01 sys=0.00, real=0.00 secs] 
2176.809: [GC (Allocation Failure) [PSYoungGen: 57216K->1376K(57344K)] 442715K->386875K(573440K), 0.0043421 secs] [Times: user=0.01 sys=0.00, real=0.01 secs] 
2177.577: [GC (Allocation Failure) [PSYoungGen: 57184K->1376K(57344K)] 442683K->386883K(573440K), 0.0041892 secs] [Times: user=0.02 sys=0.01, real=0.00 secs] 
2178.373: [GC (Allocation Failure) [PSYoungGen: 57184K->1408K(57344K)] 442691K->386931K(573440K), 0.0036004 secs] [Times: user=0.01 sys=0.00, real=0.00 secs] 
2179.478: [GC (Allocation Failure) [PSYoungGen: 57216K->1405K(57344K)] 442739K->386936K(573440K), 0.0016852 secs] [Times: user=0.01 sys=0.00, real=0.00 secs] 
2180.501: [GC (Allocation Failure) [PSYoungGen: 57213K->1472K(57344K)] 442744K->387003K(573440K), 0.0022440 secs] [Times: user=0.01 sys=0.00, real=0.01 secs] 
2180.733: [GC (Allocation Failure) [PSYoungGen: 57280K->1408K(57344K)] 442811K->386939K(573440K), 0.0022279 secs] [Times: user=0.00 sys=0.00, real=0.00 secs] 
2180.965: [GC (Allocation Failure) [PSYoungGen: 57216K->1392K(57344K)] 442747K->386923K(573440K), 0.0022375 secs] [Times: user=0.00 sys=0.00, real=0.00 secs] 
2181.197: [GC (Allocation Failure) [PSYoungGen: 57200K->1376K(57344K)] 442731K->386907K(573440K), 0.0020275 secs] [Times: user=0.00 sys=0.00, real=0.00 secs] 
2181.429: [GC (Allocation Failure) [PSYoungGen: 57184K->1376K(57344K)] 442715K->386907K(573440K), 0.0029255 secs] [Times: user=0.01 sys=0.00, real=0.01 secs] 
2183.171: [GC (Allocation Failure) [PSYoungGen: 57184K->1408K(57344K)] 442715K->386939K(573440K), 0.0042046 secs] [Times: user=0.02 sys=0.00, real=0.01 secs] 
2184.316: [GC (Allocation Failure) [PSYoungGen: 57216K->1344K(57344K)] 442747K->386875K(573440K), 0.0040259 secs] [Times: user=0.01 sys=0.01, real=0.00 secs] 
2184.938: [GC (Allocation Failure) [PSYoungGen: 57152K->1408K(57344K)] 442683K->386939K(573440K), 0.0034874 secs] [Times: user=0.01 sys=0.00, real=0.00 secs] 
2185.369: [GC (Allocation Failure) [PSYoungGen: 57216K->1344K(57344K)] 442747K->386875K(573440K), 0.0033062 secs] [Times: user=0.01 sys=0.00, real=0.01 secs] 
2185.870: [GC (Allocation Failure) [PSYoungGen: 57152K->1424K(57344K)] 442683K->386955K(573440K), 0.0034898 secs] [Times: user=0.01 sys=0.00, real=0.01 secs] 
2186.755: [GC (Allocation Failure) [PSYoungGen: 57232K->1440K(57344K)] 442763K->386971K(573440K), 0.0020848 secs] [Times: user=0.01 sys=0.00, real=0.00 secs] 
2186.987: [GC (Allocation Failure) [PSYoungGen: 57248K->1408K(57344K)] 442779K->386939K(573440K), 0.0020986 secs] [Times: user=0.01 sys=0.00, real=0.00 secs] 
2187.343: [GC (Allocation Failure) [PSYoungGen: 57216K->1376K(57344K)] 442747K->386907K(573440K), 0.0018953 secs] [Times: user=0.01 sys=0.00, real=0.00 secs] 
2187.734: [GC (Allocation Failure) [PSYoungGen: 57184K->1408K(57344K)] 442715K->386939K(573440K), 0.0036389 secs] [Times: user=0.02 sys=0.00, real=0.00 secs] 
2188.259: [GC (Allocation Failure) [PSYoungGen: 57216K->1376K(57344K)] 442747K->386923K(573440K), 0.0029402 secs] [Times: user=0.01 sys=0.00, real=0.01 secs] 
2189.100: [GC (Allocation Failure) [PSYoungGen: 57184K->1405K(57344K)] 442731K->386952K(573440K), 0.0016179 secs] [Times: user=0.00 sys=0.00, real=0.01 secs] 
2189.498: [GC (Allocation Failure) [PSYoungGen: 57213K->1440K(57344K)] 442760K->386987K(573440K), 0.0029846 secs] [Times: user=0.01 sys=0.00, real=0.00 secs] 
2189.865: [GC (Allocation Failure) [PSYoungGen: 57248K->1408K(57344K)] 442795K->386955K(573440K), 0.0021916 secs] [Times: user=0.01 sys=0.00, real=0.00 secs] 
2190.323: [GC (Allocation Failure) [PSYoungGen: 57216K->1376K(57344K)] 442763K->386923K(573440K), 0.0022224 secs] [Times: user=0.01 sys=0.00, real=0.00 secs] 
2190.780: [GC (Allocation Failure) [PSYoungGen: 57184K->1376K(57344K)] 442731K->386923K(573440K), 0.0036903 secs] [Times: user=0.01 sys=0.00, real=0.01 secs] 
2191.237: [GC (Allocation Failure) [PSYoungGen: 57184K->1376K(57344K)] 442731K->386923K(573440K), 0.0035454 secs] [Times: user=0.01 sys=0.00, real=0.00 secs] 
2192.047: [GC (Allocation Failure) [PSYoungGen: 57184K->1408K(57344K)] 442731K->386955K(573440K), 0.0018902 secs] [Times: user=0.00 sys=0.00, real=0.00 secs] 
2192.334: [GC (Allocation Failure) [PSYoungGen: 57216K->1440K(57344K)] 442763K->386987K(573440K), 0.0019981 secs] [Times: user=0.00 sys=0.00, real=0.00 secs] 
2192.605: [GC (Allocation Failure) [PSYoungGen: 57248K->1408K(57344K)] 442795K->386955K(573440K), 0.0023985 secs] [Times: user=0.01 sys=0.01, real=0.00 secs] 
2192.953: [GC (Allocation Failure) [PSYoungGen: 57216K->1392K(57344K)] 442763K->386939K(573440K), 0.0031885 secs] [Times: user=0.01 sys=0.00, real=0.00 secs] 
2193.292: [GC (Allocation Failure) [PSYoungGen: 57200K->1376K(57344K)] 442747K->386923K(573440K), 0.0026767 secs] [Times: user=0.01 sys=0.00, real=0.00 secs] 
2194.366: [GC (Allocation Failure) [PSYoungGen: 57184K->1440K(57344K)] 442731K->386987K(573440K), 0.0017752 secs] [Times: user=0.01 sys=0.00, real=0.00 secs] 
2195.143: [GC (Allocation Failure) [PSYoungGen: 57248K->1376K(57344K)] 442795K->386923K(573440K), 0.0029151 secs] [Times: user=0.01 sys=0.00, real=0.00 secs] 
2196.004: [GC (Allocation Failure) [PSYoungGen: 57184K->1344K(57344K)] 442731K->386891K(573440K), 0.0043662 secs] [Times: user=0.02 sys=0.00, real=0.00 secs] 
2196.690: [GC (Allocation Failure) [PSYoungGen: 57152K->1376K(57344K)] 442699K->386923K(573440K), 0.0035157 secs] [Times: user=0.01 sys=0.00, real=0.01 secs] 
2197.240: [GC (Allocation Failure) [PSYoungGen: 57184K->1392K(57344K)] 442731K->386955K(573440K), 0.0035136 secs] [Times: user=0.02 sys=0.00, real=0.01 secs] 
2197.945: [GC (Allocation Failure) [PSYoungGen: 57200K->1405K(57344K)] 442763K->386968K(573440K), 0.0016421 secs] [Times: user=0.01 sys=0.00, real=0.00 secs] 
2198.769: [GC (Allocation Failure) [PSYoungGen: 57213K->1408K(57344K)] 442776K->386971K(573440K), 0.0024209 secs] [Times: user=0.01 sys=0.00, real=0.00 secs] 
2199.249: [GC (Allocation Failure) [PSYoungGen: 57216K->1440K(57344K)] 442779K->387003K(573440K), 0.0026037 secs] [Times: user=0.01 sys=0.01, real=0.00 secs] 
2199.691: [GC (Allocation Failure) [PSYoungGen: 57248K->1376K(57344K)] 442811K->386939K(573440K), 0.0022752 secs] [Times: user=0.01 sys=0.00, real=0.01 secs] 
2200.178: [GC (Allocation Failure) [PSYoungGen: 57184K->1392K(57344K)] 442747K->386955K(573440K), 0.0024292 secs] [Times: user=0.01 sys=0.00, real=0.00 secs] 
2200.600: [GC (Allocation Failure) [PSYoungGen: 57200K->1408K(57344K)] 442763K->386971K(573440K), 0.0023761 secs] [Times: user=0.01 sys=0.00, real=0.01 secs] 
2201.544: [GC (Allocation Failure) [PSYoungGen: 57216K->1440K(57344K)] 442779K->387003K(573440K), 0.0034382 secs] [Times: user=0.01 sys=0.00, real=0.00 secs] 
2201.968: [GC (Allocation Failure) [PSYoungGen: 57248K->1376K(57344K)] 442811K->386939K(573440K), 0.0024498 secs] [Times: user=0.01 sys=0.00, real=0.00 secs] 
2202.442: [GC (Allocation Failure) [PSYoungGen: 57184K->1408K(57344K)] 442747K->386971K(573440K), 0.0022271 secs] [Times: user=0.01 sys=0.00, real=0.00 secs] 
2202.916: [GC (Allocation Failure) [PSYoungGen: 57216K->1408K(57344K)] 442779K->386971K(573440K), 0.0024603 secs] [Times: user=0.01 sys=0.00, real=0.00 secs] 
2203.381: [GC (Allocation Failure) [PSYoungGen: 57216K->1408K(57344K)] 442779K->386971K(573440K), 0.0024824 secs] [Times: user=0.01 sys=0.00, real=0.01 secs] 
2204.292: [GC (Allocation Failure) [PSYoungGen: 57216K->1440K(57344K)] 442779K->387003K(573440K), 0.0019945 secs] [Times: user=0.01 sys=0.00, real=0.00 secs] 
2204.919: [GC (Allocation Failure) [PSYoungGen: 57248K->1376K(57344K)] 442811K->386939K(573440K), 0.0024406 secs] [Times: user=0.00 sys=0.00, real=0.00 secs] 
2205.537: [GC (Allocation Failure) [PSYoungGen: 57184K->1408K(57344K)] 442747K->386971K(573440K), 0.0024823 secs] [Times: user=0.01 sys=0.00, real=0.00 secs] 
2206.187: [GC (Allocation Failure) [PSYoungGen: 57216K->1376K(57344K)] 442779K->386939K(573440K), 0.0042148 secs] [Times: user=0.02 sys=0.00, real=0.00 secs] 
2207.002: [GC (Allocation Failure) [PSYoungGen: 57184K->1408K(57344K)] 442747K->386971K(573440K), 0.0043012 secs] [Times: user=0.02 sys=0.01, real=0.00 secs] 
2207.956: [GC (Allocation Failure) [PSYoungGen: 57216K->1405K(57344K)] 442779K->386984K(573440K), 0.0016982 secs] [Times: user=0.01 sys=0.00, real=0.00 secs] 
2208.335: [GC (Allocation Failure) [PSYoungGen: 57213K->1424K(57344K)] 442792K->387003K(573440K), 0.0018891 secs] [Times: user=0.01 sys=0.00, real=0.00 secs] 
2208.567: [GC (Allocation Failure) [PSYoungGen: 57232K->1392K(57344K)] 442811K->386971K(573440K), 0.0018634 secs] [Times: user=0.01 sys=0.00, real=0.00 secs] 
2208.798: [GC (Allocation Failure) [PSYoungGen: 57200K->1408K(57344K)] 442779K->386987K(573440K), 0.0023127 secs] [Times: user=0.01 sys=0.00, real=0.00 secs] 
2209.031: [GC (Allocation Failure) [PSYoungGen: 57216K->1376K(57344K)] 442795K->386955K(573440K), 0.0022916 secs] [Times: user=0.01 sys=0.00, real=0.01 secs] 
2209.264: [GC (Allocation Failure) [PSYoungGen: 57184K->1408K(57344K)] 442763K->386987K(573440K), 0.0024655 secs] [Times: user=0.01 sys=0.00, real=0.00 secs] 
2210.045: [GC (Allocation Failure) [PSYoungGen: 57216K->1424K(57344K)] 442795K->387003K(573440K), 0.0018749 secs] [Times: user=0.01 sys=0.00, real=0.00 secs] 
2210.276: [GC (Allocation Failure) [PSYoungGen: 57232K->1360K(57344K)] 442811K->386939K(573440K), 0.0019130 secs] [Times: user=0.01 sys=0.00, real=0.00 secs] 
2210.509: [GC (Allocation Failure) [PSYoungGen: 57168K->1376K(57344K)] 442747K->386955K(573440K), 0.0019720 secs] [Times: user=0.01 sys=0.00, real=0.00 secs] 
2210.792: [GC (Allocation Failure) [PSYoungGen: 57184K->1376K(57344K)] 442763K->386955K(573440K), 0.0019475 secs] [Times: user=0.00 sys=0.00, real=0.00 secs] 
2211.264: [GC (Allocation Failure) [PSYoungGen: 57184K->1424K(57344K)] 442763K->387003K(573440K), 0.0019326 secs] [Times: user=0.01 sys=0.00, real=0.00 secs] 
2212.163: [GC (Allocation Failure) [PSYoungGen: 57232K->1440K(57344K)] 442811K->387019K(573440K), 0.0019094 secs] [Times: user=0.01 sys=0.00, real=0.00 secs] 
2212.772: [GC (Allocation Failure) [PSYoungGen: 57248K->1376K(57344K)] 442827K->386955K(573440K), 0.0021775 secs] [Times: user=0.01 sys=0.00, real=0.00 secs] 
2213.184: [GC (Allocation Failure) [PSYoungGen: 57184K->1376K(57344K)] 442763K->386955K(573440K), 0.0021415 secs] [Times: user=0.01 sys=0.00, real=0.00 secs] 
2213.634: [GC (Allocation Failure) [PSYoungGen: 57184K->1408K(57344K)] 442763K->386987K(573440K), 0.0021956 secs] [Times: user=0.01 sys=0.00, real=0.00 secs] 
2214.123: [GC (Allocation Failure) [PSYoungGen: 57216K->1344K(57344K)] 442795K->386923K(573440K), 0.0023714 secs] [Times: user=0.01 sys=0.00, real=0.00 secs] 
2215.191: [GC (Allocation Failure) [PSYoungGen: 57152K->1405K(57344K)] 442731K->386992K(573440K), 0.0016479 secs] [Times: user=0.01 sys=0.00, real=0.01 secs] 
2216.466: [GC (Allocation Failure) [PSYoungGen: 57213K->1472K(57344K)] 442800K->387059K(573440K), 0.0040076 secs] [Times: user=0.02 sys=0.00, real=0.00 secs] 
2217.331: [GC (Allocation Failure) [PSYoungGen: 57280K->1376K(57344K)] 442867K->386979K(573440K), 0.0044358 secs] [Times: user=0.02 sys=0.00, real=0.01 secs] 
2218.177: [GC (Allocation Failure) [PSYoungGen: 57184K->1376K(57344K)] 442787K->386979K(573440K), 0.0035187 secs] [Times: user=0.02 sys=0.00, real=0.00 secs] 
2219.023: [GC (Allocation Failure) [PSYoungGen: 57184K->1392K(57344K)] 442787K->386995K(573440K), 0.0047881 secs] [Times: user=0.02 sys=0.01, real=0.00 secs] 
2219.783: [GC (Allocation Failure) [PSYoungGen: 57200K->1376K(57344K)] 442803K->386979K(573440K), 0.0043277 secs] [Times: user=0.02 sys=0.01, real=0.00 secs] 
2220.666: [GC (Allocation Failure) [PSYoungGen: 57184K->1408K(57344K)] 442787K->387011K(573440K), 0.0022832 secs] [Times: user=0.01 sys=0.00, real=0.00 secs] 
2221.126: [GC (Allocation Failure) [PSYoungGen: 57216K->1408K(57344K)] 442819K->387011K(573440K), 0.0024974 secs] [Times: user=0.01 sys=0.00, real=0.00 secs] 
2221.596: [GC (Allocation Failure) [PSYoungGen: 57216K->1408K(57344K)] 442819K->387011K(573440K), 0.0023997 secs] [Times: user=0.01 sys=0.00, real=0.00 secs] 
2222.066: [GC (Allocation Failure) [PSYoungGen: 57216K->1344K(57344K)] 442819K->386947K(573440K), 0.0024076 secs] [Times: user=0.01 sys=0.00, real=0.00 secs] 
2222.541: [GC (Allocation Failure) [PSYoungGen: 57152K->1344K(57344K)] 442755K->386947K(573440K), 0.0024181 secs] [Times: user=0.01 sys=0.00, real=0.01 secs] 
2223.487: [GC (Allocation Failure) [PSYoungGen: 57152K->1376K(57344K)] 442755K->386979K(573440K), 0.0020186 secs] [Times: user=0.00 sys=0.00, real=0.00 secs] 
2224.013: [GC (Allocation Failure) [PSYoungGen: 57184K->1376K(57344K)] 442787K->386979K(573440K), 0.0028917 secs] [Times: user=0.02 sys=0.00, real=0.00 secs] 
2224.568: [GC (Allocation Failure) [PSYoungGen: 57184K->1376K(57344K)] 442787K->386979K(573440K), 0.0024504 secs] [Times: user=0.01 sys=0.00, real=0.00 secs] 
2224.806: [GC (Allocation Failure) [PSYoungGen: 57184K->1376K(57344K)] 442787K->386979K(573440K), 0.0021392 secs] [Times: user=0.01 sys=0.00, real=0.00 secs] 
2225.111: [GC (Allocation Failure) [PSYoungGen: 57184K->1376K(57344K)] 442787K->386979K(573440K), 0.0021901 secs] [Times: user=0.01 sys=0.00, real=0.01 secs] 
2225.658: [GC (Allocation Failure) [PSYoungGen: 57184K->1405K(57344K)] 442787K->387008K(573440K), 0.0015710 secs] [Times: user=0.01 sys=0.00, real=0.00 secs] 
2226.148: [GC (Allocation Failure) [PSYoungGen: 57213K->1440K(57344K)] 442816K->387043K(573440K), 0.0020457 secs] [Times: user=0.01 sys=0.00, real=0.00 secs] 
2226.539: [GC (Allocation Failure) [PSYoungGen: 57248K->1376K(57344K)] 442851K->386979K(573440K), 0.0019975 secs] [Times: user=0.01 sys=0.00, real=0.00 secs] 
2226.956: [GC (Allocation Failure) [PSYoungGen: 57184K->1344K(57344K)] 442787K->386963K(573440K), 0.0020201 secs] [Times: user=0.01 sys=0.00, real=0.00 secs] 
2227.380: [GC (Allocation Failure) [PSYoungGen: 57152K->1376K(57344K)] 442771K->386995K(573440K), 0.0018549 secs] [Times: user=0.01 sys=0.00, real=0.01 secs] 
2227.830: [GC (Allocation Failure) [PSYoungGen: 57184K->1344K(57344K)] 442803K->386963K(573440K), 0.0019784 secs] [Times: user=0.00 sys=0.00, real=0.01 secs] 
2228.751: [GC (Allocation Failure) [PSYoungGen: 57152K->1408K(57344K)] 442771K->387027K(573440K), 0.0019228 secs] [Times: user=0.01 sys=0.00, real=0.01 secs] 
2229.249: [GC (Allocation Failure) [PSYoungGen: 57216K->1408K(57344K)] 442835K->387027K(573440K), 0.0021366 secs] [Times: user=0.01 sys=0.00, real=0.01 secs] 
2229.675: [GC (Allocation Failure) [PSYoungGen: 57216K->1392K(57344K)] 442835K->387011K(573440K), 0.0020260 secs] [Times: user=0.01 sys=0.00, real=0.00 secs] 
2230.154: [GC (Allocation Failure) [PSYoungGen: 57200K->1360K(57344K)] 442819K->386979K(573440K), 0.0021411 secs] [Times: user=0.01 sys=0.00, real=0.00 secs] 
2230.923: [GC (Allocation Failure) [PSYoungGen: 57168K->1344K(57344K)] 442787K->386971K(573440K), 0.0024590 secs] [Times: user=0.01 sys=0.00, real=0.00 secs] 
2232.542: [GC (Allocation Failure) [PSYoungGen: 57152K->1440K(57344K)] 442779K->387067K(573440K), 0.0042560 secs] [Times: user=0.02 sys=0.00, real=0.00 secs] 
2233.601: [GC (Allocation Failure) [PSYoungGen: 57248K->1376K(57344K)] 442875K->387003K(573440K), 0.0044368 secs] [Times: user=0.02 sys=0.01, real=0.01 secs] 
2234.481: [GC (Allocation Failure) [PSYoungGen: 57184K->1376K(57344K)] 442811K->387003K(573440K), 0.0046222 secs] [Times: user=0.01 sys=0.01, real=0.01 secs] 
2235.114: [GC (Allocation Failure) [PSYoungGen: 57184K->1408K(57344K)] 442811K->387035K(573440K), 0.0031260 secs] [Times: user=0.01 sys=0.00, real=0.00 secs] 
2235.815: [GC (Allocation Failure) [PSYoungGen: 57216K->1376K(57344K)] 442843K->387003K(573440K), 0.0027315 secs] [Times: user=0.01 sys=0.00, real=0.00 secs] 
2236.862: [GC (Allocation Failure) [PSYoungGen: 57184K->1421K(57344K)] 442811K->387048K(573440K), 0.0016473 secs] [Times: user=0.01 sys=0.00, real=0.00 secs] 
2238.398: [GC (Allocation Failure) [PSYoungGen: 57229K->1440K(57344K)] 442856K->387067K(573440K), 0.0043740 secs] [Times: user=0.02 sys=0.00, real=0.01 secs] 
2238.719: [GC (Allocation Failure) [PSYoungGen: 57248K->1408K(57344K)] 442875K->387035K(573440K), 0.0022829 secs] [Times: user=0.01 sys=0.00, real=0.00 secs] 
2238.951: [GC (Allocation Failure) [PSYoungGen: 57216K->1408K(57344K)] 442843K->387035K(573440K), 0.0020856 secs] [Times: user=0.01 sys=0.00, real=0.01 secs] 
2239.353: [GC (Allocation Failure) [PSYoungGen: 57216K->1440K(57344K)] 442843K->387067K(573440K), 0.0019649 secs] [Times: user=0.01 sys=0.00, real=0.00 secs] 
2239.762: [GC (Allocation Failure) [PSYoungGen: 57248K->1376K(57344K)] 442875K->387011K(573440K), 0.0018419 secs] [Times: user=0.01 sys=0.00, real=0.00 secs] 
2240.982: [GC (Allocation Failure) [PSYoungGen: 57184K->1488K(57344K)] 442819K->387123K(573440K), 0.0025265 secs] [Times: user=0.01 sys=0.00, real=0.00 secs] 
2241.714: [GC (Allocation Failure) [PSYoungGen: 57296K->1408K(57344K)] 442931K->387043K(573440K), 0.0035378 secs] [Times: user=0.01 sys=0.00, real=0.00 secs] 
2242.439: [GC (Allocation Failure) [PSYoungGen: 57216K->1376K(57344K)] 442851K->387011K(573440K), 0.0051569 secs] [Times: user=0.02 sys=0.00, real=0.01 secs] 
2243.131: [GC (Allocation Failure) [PSYoungGen: 57184K->1408K(57344K)] 442819K->387043K(573440K), 0.0034178 secs] [Times: user=0.02 sys=0.00, real=0.01 secs] 
2243.833: [GC (Allocation Failure) [PSYoungGen: 57216K->1344K(57344K)] 442851K->386979K(573440K), 0.0031104 secs] [Times: user=0.01 sys=0.00, real=0.00 secs] 
2245.287: [GC (Allocation Failure) [PSYoungGen: 57152K->928K(56832K)] 442787K->387587K(572928K), 0.0026827 secs] [Times: user=0.01 sys=0.00, real=0.00 secs] 
2245.545: [GC (Allocation Failure) [PSYoungGen: 56224K->320K(57344K)] 442883K->386979K(573440K), 0.0023332 secs] [Times: user=0.01 sys=0.00, real=0.00 secs] 
2245.775: [GC (Allocation Failure) [PSYoungGen: 55616K->320K(57344K)] 442275K->386979K(573440K), 0.0018410 secs] [Times: user=0.01 sys=0.00, real=0.00 secs] 
2246.005: [GC (Allocation Failure) [PSYoungGen: 55616K->352K(57344K)] 442275K->387011K(573440K), 0.0019858 secs] [Times: user=0.01 sys=0.00, real=0.00 secs] 
2246.234: [GC (Allocation Failure) [PSYoungGen: 55648K->320K(57344K)] 442307K->386979K(573440K), 0.0020795 secs] [Times: user=0.01 sys=0.00, real=0.00 secs] 
2246.628: [GC (Allocation Failure) [PSYoungGen: 55616K->1405K(57344K)] 442275K->388064K(573440K), 0.0015913 secs] [Times: user=0.00 sys=0.00, real=0.00 secs] 
2247.160: [GC (Allocation Failure) [PSYoungGen: 56701K->1408K(57344K)] 443360K->388083K(573440K), 0.0016791 secs] [Times: user=0.01 sys=0.00, real=0.01 secs] 
2247.389: [GC (Allocation Failure) [PSYoungGen: 56704K->1408K(57344K)] 443379K->388083K(573440K), 0.0016225 secs] [Times: user=0.01 sys=0.00, real=0.00 secs] 
2247.618: [GC (Allocation Failure) [PSYoungGen: 56704K->1408K(57856K)] 443379K->388083K(573952K), 0.0017051 secs] [Times: user=0.00 sys=0.00, real=0.00 secs] 
2247.847: [GC (Allocation Failure) [PSYoungGen: 56704K->1360K(57856K)] 443379K->388035K(573952K), 0.0016753 secs] [Times: user=0.00 sys=0.00, real=0.00 secs] 
2248.076: [GC (Allocation Failure) [PSYoungGen: 56656K->1440K(57856K)] 443331K->388115K(573952K), 0.0016813 secs] [Times: user=0.01 sys=0.00, real=0.00 secs] 
2248.756: [GC (Allocation Failure) [PSYoungGen: 56736K->1440K(57856K)] 443411K->388115K(573952K), 0.0019220 secs] [Times: user=0.01 sys=0.00, real=0.00 secs] 
2248.986: [GC (Allocation Failure) [PSYoungGen: 56736K->1376K(57856K)] 443411K->388051K(573952K), 0.0018525 secs] [Times: user=0.01 sys=0.00, real=0.00 secs] 
2249.215: [GC (Allocation Failure) [PSYoungGen: 56672K->1408K(56832K)] 443347K->388083K(572928K), 0.0020386 secs] [Times: user=0.01 sys=0.00, real=0.00 secs] 
2249.445: [GC (Allocation Failure) [PSYoungGen: 56704K->1424K(57344K)] 443379K->388099K(573440K), 0.0019029 secs] [Times: user=0.00 sys=0.00, real=0.00 secs] 
2249.701: [GC (Allocation Failure) [PSYoungGen: 56720K->1408K(57344K)] 443395K->388091K(573440K), 0.0018231 secs] [Times: user=0.00 sys=0.00, real=0.01 secs] 
2250.381: [GC (Allocation Failure) [PSYoungGen: 56704K->1344K(57344K)] 443387K->388027K(573440K), 0.0016274 secs] [Times: user=0.01 sys=0.00, real=0.01 secs] 
2251.867: [GC (Allocation Failure) [PSYoungGen: 56640K->1376K(57344K)] 443323K->388059K(573440K), 0.0045257 secs] [Times: user=0.01 sys=0.00, real=0.00 secs] 
2252.482: [GC (Allocation Failure) [PSYoungGen: 56672K->1408K(57344K)] 443355K->388091K(573440K), 0.0043793 secs] [Times: user=0.02 sys=0.00, real=0.00 secs] 
2252.935: [GC (Allocation Failure) [PSYoungGen: 56704K->1376K(57344K)] 443387K->388059K(573440K), 0.0028697 secs] [Times: user=0.01 sys=0.01, real=0.00 secs] 
2253.403: [GC (Allocation Failure) [PSYoungGen: 56672K->1344K(57344K)] 443355K->388027K(573440K), 0.0043804 secs] [Times: user=0.02 sys=0.00, real=0.00 secs] 
2253.858: [GC (Allocation Failure) [PSYoungGen: 56640K->1344K(57344K)] 443323K->388027K(573440K), 0.0035156 secs] [Times: user=0.01 sys=0.00, real=0.00 secs] 
2254.941: [GC (Allocation Failure) [PSYoungGen: 56640K->1440K(57344K)] 443323K->388123K(573440K), 0.0018335 secs] [Times: user=0.01 sys=0.00, real=0.01 secs] 
2255.629: [GC (Allocation Failure) [PSYoungGen: 56736K->1376K(57344K)] 443419K->388059K(573440K), 0.0036664 secs] [Times: user=0.02 sys=0.00, real=0.01 secs] 
2256.077: [GC (Allocation Failure) [PSYoungGen: 56672K->1344K(57344K)] 443355K->388027K(573440K), 0.0039561 secs] [Times: user=0.01 sys=0.00, real=0.00 secs] 
2256.707: [GC (Allocation Failure) [PSYoungGen: 56640K->1376K(57344K)] 443323K->388059K(573440K), 0.0044747 secs] [Times: user=0.02 sys=0.00, real=0.00 secs] 
2257.333: [GC (Allocation Failure) [PSYoungGen: 56672K->1344K(57344K)] 443355K->388051K(573440K), 0.0045685 secs] [Times: user=0.02 sys=0.00, real=0.00 secs] 
2258.291: [GC (Allocation Failure) [PSYoungGen: 56640K->1440K(57344K)] 443347K->388147K(573440K), 0.0018440 secs] [Times: user=0.01 sys=0.00, real=0.01 secs] 
2258.521: [GC (Allocation Failure) [PSYoungGen: 56736K->1408K(57344K)] 443443K->388115K(573440K), 0.0021081 secs] [Times: user=0.01 sys=0.00, real=0.01 secs] 
2258.797: [GC (Allocation Failure) [PSYoungGen: 56704K->1376K(57344K)] 443411K->388083K(573440K), 0.0019007 secs] [Times: user=0.01 sys=0.00, real=0.00 secs] 
2259.118: [GC (Allocation Failure) [PSYoungGen: 56672K->1424K(57344K)] 443379K->388131K(573440K), 0.0016568 secs] [Times: user=0.01 sys=0.00, real=0.00 secs] 
2259.578: [GC (Allocation Failure) [PSYoungGen: 56720K->1440K(57344K)] 443427K->388147K(573440K), 0.0037872 secs] [Times: user=0.02 sys=0.00, real=0.01 secs] 
2260.316: [GC (Allocation Failure) [PSYoungGen: 56736K->1405K(57344K)] 443443K->388112K(573440K), 0.0016801 secs] [Times: user=0.01 sys=0.00, real=0.00 secs] 
2260.788: [GC (Allocation Failure) [PSYoungGen: 56701K->1440K(57344K)] 443408K->388147K(573440K), 0.0017986 secs] [Times: user=0.00 sys=0.00, real=0.00 secs] 
2261.058: [GC (Allocation Failure) [PSYoungGen: 56736K->1440K(57344K)] 443443K->388147K(573440K), 0.0020089 secs] [Times: user=0.00 sys=0.00, real=0.00 secs] 
2261.288: [GC (Allocation Failure) [PSYoungGen: 56736K->1328K(57344K)] 443443K->388035K(573440K), 0.0021431 secs] [Times: user=0.01 sys=0.00, real=0.00 secs] 
2261.539: [GC (Allocation Failure) [PSYoungGen: 56624K->1440K(57344K)] 443331K->388147K(573440K), 0.0028388 secs] [Times: user=0.01 sys=0.00, real=0.01 secs] 
2261.847: [GC (Allocation Failure) [PSYoungGen: 56736K->1408K(57344K)] 443443K->388115K(573440K), 0.0025057 secs] [Times: user=0.01 sys=0.00, real=0.00 secs] 
2262.715: [GC (Allocation Failure) [PSYoungGen: 56704K->1408K(57344K)] 443411K->388115K(573440K), 0.0021884 secs] [Times: user=0.01 sys=0.00, real=0.00 secs] 
2263.244: [GC (Allocation Failure) [PSYoungGen: 56704K->1424K(57344K)] 443411K->388131K(573440K), 0.0023675 secs] [Times: user=0.01 sys=0.00, real=0.00 secs] 
2263.693: [GC (Allocation Failure) [PSYoungGen: 56720K->1344K(57344K)] 443427K->388051K(573440K), 0.0033286 secs] [Times: user=0.01 sys=0.00, real=0.00 secs] 
2263.915: [GC (Allocation Failure) [PSYoungGen: 56640K->1408K(57344K)] 443347K->388115K(573440K), 0.0021162 secs] [Times: user=0.01 sys=0.00, real=0.00 secs] 
2264.145: [GC (Allocation Failure) [PSYoungGen: 56704K->1408K(57344K)] 443411K->388123K(573440K), 0.0019449 secs] [Times: user=0.01 sys=0.00, real=0.00 secs] 
2264.925: [GC (Allocation Failure) [PSYoungGen: 56704K->1696K(57344K)] 443419K->388411K(573440K), 0.0019697 secs] [Times: user=0.01 sys=0.00, real=0.00 secs] 
2265.378: [GC (Allocation Failure) [PSYoungGen: 56992K->1408K(57344K)] 443707K->388139K(573440K), 0.0021829 secs] [Times: user=0.01 sys=0.00, real=0.00 secs] 
2265.866: [GC (Allocation Failure) [PSYoungGen: 56704K->1408K(57344K)] 443435K->388139K(573440K), 0.0035462 secs] [Times: user=0.01 sys=0.00, real=0.00 secs] 
2266.320: [GC (Allocation Failure) [PSYoungGen: 56704K->1376K(57344K)] 443435K->388107K(573440K), 0.0039762 secs] [Times: user=0.01 sys=0.00, real=0.01 secs] 
2266.687: [GC (Allocation Failure) [PSYoungGen: 56672K->1376K(57344K)] 443403K->388107K(573440K), 0.0029744 secs] [Times: user=0.01 sys=0.00, real=0.00 secs] 
2267.142: [GC (Allocation Failure) [PSYoungGen: 56672K->1392K(57344K)] 443403K->388131K(573440K), 0.0024458 secs] [Times: user=0.01 sys=0.00, real=0.00 secs] 
2268.049: [GC (Allocation Failure) [PSYoungGen: 56688K->1408K(57344K)] 443427K->388147K(573440K), 0.0020717 secs] [Times: user=0.01 sys=0.00, real=0.00 secs] 
2268.359: [GC (Allocation Failure) [PSYoungGen: 56704K->1392K(57344K)] 443443K->388131K(573440K), 0.0022243 secs] [Times: user=0.01 sys=0.00, real=0.00 secs] 
2268.590: [GC (Allocation Failure) [PSYoungGen: 56688K->1392K(56832K)] 443427K->388131K(572928K), 0.0023051 secs] [Times: user=0.01 sys=0.00, real=0.01 secs] 
2269.019: [GC (Allocation Failure) [PSYoungGen: 56688K->1376K(56832K)] 443427K->388115K(572928K), 0.0037904 secs] [Times: user=0.02 sys=0.00, real=0.01 secs] 
2269.415: [GC (Allocation Failure) [PSYoungGen: 56672K->1408K(56832K)] 443411K->388147K(572928K), 0.0029834 secs] [Times: user=0.01 sys=0.00, real=0.00 secs] 
2270.336: [GC (Allocation Failure) [PSYoungGen: 56704K->1456K(56832K)] 443443K->388195K(572928K), 0.0017933 secs] [Times: user=0.01 sys=0.00, real=0.00 secs] 
2270.991: [GC (Allocation Failure) [PSYoungGen: 56752K->1424K(56832K)] 443491K->388163K(572928K), 0.0017490 secs] [Times: user=0.00 sys=0.00, real=0.01 secs] 
2271.581: [GC (Allocation Failure) [PSYoungGen: 56720K->1408K(56832K)] 443459K->388147K(572928K), 0.0022844 secs] [Times: user=0.00 sys=0.00, real=0.01 secs] 
2272.287: [GC (Allocation Failure) [PSYoungGen: 56704K->1392K(56832K)] 443443K->388131K(572928K), 0.0025786 secs] [Times: user=0.01 sys=0.00, real=0.00 secs] 
2273.047: [GC (Allocation Failure) [PSYoungGen: 56688K->1344K(56832K)] 443427K->388083K(572928K), 0.0025707 secs] [Times: user=0.01 sys=0.00, real=0.00 secs] 
2274.029: [GC (Allocation Failure) [PSYoungGen: 56640K->1453K(56832K)] 443379K->388192K(572928K), 0.0016561 secs] [Times: user=0.00 sys=0.00, real=0.00 secs] 
2274.524: [GC (Allocation Failure) [PSYoungGen: 56749K->1456K(56832K)] 443488K->388195K(572928K), 0.0022457 secs] [Times: user=0.01 sys=0.00, real=0.00 secs] 
2274.997: [GC (Allocation Failure) [PSYoungGen: 56752K->1360K(56832K)] 443491K->388099K(572928K), 0.0022295 secs] [Times: user=0.01 sys=0.00, real=0.00 secs] 
2275.489: [GC (Allocation Failure) [PSYoungGen: 56656K->1376K(56832K)] 443395K->388115K(572928K), 0.0022620 secs] [Times: user=0.01 sys=0.00, real=0.00 secs] 
2275.909: [GC (Allocation Failure) [PSYoungGen: 56672K->1424K(56832K)] 443411K->388163K(572928K), 0.0022315 secs] [Times: user=0.01 sys=0.00, real=0.00 secs] 
2276.455: [GC (Allocation Failure) [PSYoungGen: 56720K->1392K(56832K)] 443459K->388163K(572928K), 0.0020986 secs] [Times: user=0.01 sys=0.00, real=0.00 secs] 
2277.456: [GC (Allocation Failure) [PSYoungGen: 56688K->1440K(56832K)] 443459K->388211K(572928K), 0.0020108 secs] [Times: user=0.01 sys=0.00, real=0.00 secs] 
2278.030: [GC (Allocation Failure) [PSYoungGen: 56736K->1376K(56832K)] 443507K->388147K(572928K), 0.0022536 secs] [Times: user=0.01 sys=0.00, real=0.01 secs] 
2278.581: [GC (Allocation Failure) [PSYoungGen: 56672K->1408K(56832K)] 443443K->388187K(572928K), 0.0020972 secs] [Times: user=0.01 sys=0.00, real=0.01 secs] 
2279.347: [GC (Allocation Failure) [PSYoungGen: 56704K->1376K(56832K)] 443483K->388155K(572928K), 0.0029687 secs] [Times: user=0.01 sys=0.00, real=0.00 secs] 
2279.911: [GC (Allocation Failure) [PSYoungGen: 56672K->1376K(56832K)] 443451K->388155K(572928K), 0.0028095 secs] [Times: user=0.01 sys=0.00, real=0.01 secs] 
2280.941: [GC (Allocation Failure) [PSYoungGen: 56672K->1424K(56832K)] 443451K->388715K(572928K), 0.0021213 secs] [Times: user=0.01 sys=0.00, real=0.01 secs] 
2281.239: [GC (Allocation Failure) [PSYoungGen: 56720K->1408K(56832K)] 444011K->388699K(572928K), 0.0022263 secs] [Times: user=0.00 sys=0.00, real=0.00 secs] 
2281.503: [GC (Allocation Failure) [PSYoungGen: 56704K->1408K(56832K)] 443995K->388699K(572928K), 0.0021760 secs] [Times: user=0.01 sys=0.00, real=0.00 secs] 
2281.803: [GC (Allocation Failure) [PSYoungGen: 56704K->1408K(56832K)] 443995K->388699K(572928K), 0.0022351 secs] [Times: user=0.01 sys=0.01, real=0.00 secs] 
2282.058: [GC (Allocation Failure) [PSYoungGen: 56704K->1392K(56832K)] 443995K->388683K(572928K), 0.0019719 secs] [Times: user=0.00 sys=0.00, real=0.00 secs] 
2282.371: [GC (Allocation Failure) [PSYoungGen: 56688K->1437K(56832K)] 443979K->388736K(572928K), 0.0016210 secs] [Times: user=0.01 sys=0.00, real=0.01 secs] 
2283.095: [GC (Allocation Failure) [PSYoungGen: 56733K->1440K(56832K)] 444032K->388739K(572928K), 0.0019820 secs] [Times: user=0.01 sys=0.00, real=0.00 secs] 
2283.331: [GC (Allocation Failure) [PSYoungGen: 56736K->1440K(56832K)] 444035K->388739K(572928K), 0.0019596 secs] [Times: user=0.01 sys=0.00, real=0.01 secs] 
2283.561: [GC (Allocation Failure) [PSYoungGen: 56736K->1408K(56832K)] 444035K->388707K(572928K), 0.0020048 secs] [Times: user=0.01 sys=0.00, real=0.01 secs] 
2283.812: [GC (Allocation Failure) [PSYoungGen: 56704K->1440K(56832K)] 444003K->388739K(572928K), 0.0019502 secs] [Times: user=0.01 sys=0.00, real=0.00 secs] 
2284.203: [GC (Allocation Failure) [PSYoungGen: 56736K->1408K(56832K)] 444035K->388707K(572928K), 0.0018289 secs] [Times: user=0.01 sys=0.01, real=0.00 secs] 
2285.010: [GC (Allocation Failure) [PSYoungGen: 56704K->1424K(56832K)] 444003K->388723K(572928K), 0.0016941 secs] [Times: user=0.01 sys=0.00, real=0.01 secs] 
2285.525: [GC (Allocation Failure) [PSYoungGen: 56720K->1456K(56832K)] 444019K->388755K(572928K), 0.0021514 secs] [Times: user=0.01 sys=0.01, real=0.00 secs] 
2285.755: [GC (Allocation Failure) [PSYoungGen: 56752K->1440K(56832K)] 444051K->388755K(572928K), 0.0027463 secs] [Times: user=0.01 sys=0.00, real=0.00 secs] 
2285.986: [GC (Allocation Failure) [PSYoungGen: 56736K->1392K(56832K)] 444051K->388707K(572928K), 0.0021708 secs] [Times: user=0.01 sys=0.00, real=0.00 secs] 
2286.216: [GC (Allocation Failure) [PSYoungGen: 56688K->1424K(56832K)] 444003K->388739K(572928K), 0.0021067 secs] [Times: user=0.01 sys=0.00, real=0.00 secs] 
2286.875: [GC (Allocation Failure) [PSYoungGen: 56720K->1421K(56832K)] 444035K->388736K(572928K), 0.0015739 secs] [Times: user=0.01 sys=0.00, real=0.00 secs] 
2287.725: [GC (Allocation Failure) [PSYoungGen: 56717K->1472K(56832K)] 444032K->388787K(572928K), 0.0027959 secs] [Times: user=0.02 sys=0.00, real=0.00 secs] 
2288.308: [GC (Allocation Failure) [PSYoungGen: 56768K->1376K(56832K)] 444083K->388691K(572928K), 0.0031245 secs] [Times: user=0.01 sys=0.00, real=0.00 secs] 
2288.995: [GC (Allocation Failure) [PSYoungGen: 56672K->1376K(56832K)] 443987K->388691K(572928K), 0.0029713 secs] [Times: user=0.01 sys=0.00, real=0.00 secs] 
2289.605: [GC (Allocation Failure) [PSYoungGen: 56672K->1376K(56832K)] 443987K->388691K(572928K), 0.0031757 secs] [Times: user=0.01 sys=0.00, real=0.00 secs] 
2290.158: [GC (Allocation Failure) [PSYoungGen: 56672K->1376K(56832K)] 443987K->388699K(572928K), 0.0031616 secs] [Times: user=0.01 sys=0.00, real=0.01 secs] 
2291.093: [GC (Allocation Failure) [PSYoungGen: 56672K->1408K(56832K)] 443995K->388731K(572928K), 0.0019282 secs] [Times: user=0.00 sys=0.00, real=0.00 secs] 
2291.579: [GC (Allocation Failure) [PSYoungGen: 56704K->1376K(56832K)] 444027K->388699K(572928K), 0.0026029 secs] [Times: user=0.01 sys=0.00, real=0.01 secs] 
2292.121: [GC (Allocation Failure) [PSYoungGen: 56672K->1376K(56832K)] 443995K->388699K(572928K), 0.0035950 secs] [Times: user=0.02 sys=0.00, real=0.01 secs] 
2292.607: [GC (Allocation Failure) [PSYoungGen: 56672K->1376K(56832K)] 443995K->388699K(572928K), 0.0035451 secs] [Times: user=0.02 sys=0.00, real=0.00 secs] 
2293.148: [GC (Allocation Failure) [PSYoungGen: 56672K->1376K(56832K)] 443995K->388699K(572928K), 0.0029518 secs] [Times: user=0.01 sys=0.00, real=0.00 secs] 
2294.097: [GC (Allocation Failure) [PSYoungGen: 56672K->1408K(56832K)] 443995K->388731K(572928K), 0.0016664 secs] [Times: user=0.00 sys=0.00, real=0.00 secs] 
2294.541: [GC (Allocation Failure) [PSYoungGen: 56704K->1408K(56832K)] 444027K->388731K(572928K), 0.0021496 secs] [Times: user=0.01 sys=0.00, real=0.01 secs] 
2294.774: [GC (Allocation Failure) [PSYoungGen: 56704K->1376K(56832K)] 444027K->388699K(572928K), 0.0027562 secs] [Times: user=0.01 sys=0.00, real=0.00 secs] 
2295.003: [GC (Allocation Failure) [PSYoungGen: 56672K->1376K(56832K)] 443995K->388699K(572928K), 0.0022420 secs] [Times: user=0.01 sys=0.00, real=0.00 secs] 
2295.235: [GC (Allocation Failure) [PSYoungGen: 56672K->1408K(56832K)] 443995K->388731K(572928K), 0.0022000 secs] [Times: user=0.01 sys=0.00, real=0.00 secs] 
2295.639: [GC (Allocation Failure) [PSYoungGen: 56704K->1405K(56832K)] 444027K->388736K(572928K), 0.0016298 secs] [Times: user=0.01 sys=0.00, real=0.00 secs] 
2296.409: [GC (Allocation Failure) [PSYoungGen: 56701K->1408K(56832K)] 444032K->388739K(572928K), 0.0022261 secs] [Times: user=0.01 sys=0.00, real=0.00 secs] 
2296.865: [GC (Allocation Failure) [PSYoungGen: 56704K->1344K(56832K)] 444035K->388691K(572928K), 0.0036198 secs] [Times: user=0.02 sys=0.00, real=0.00 secs] 
2297.341: [GC (Allocation Failure) [PSYoungGen: 56640K->1408K(56832K)] 443987K->388763K(572928K), 0.0034249 secs] [Times: user=0.01 sys=0.00, real=0.01 secs] 
2297.752: [GC (Allocation Failure) [PSYoungGen: 56704K->1376K(56832K)] 444059K->388731K(572928K), 0.0022565 secs] [Times: user=0.01 sys=0.00, real=0.00 secs] 
2298.160: [GC (Allocation Failure) [PSYoungGen: 56672K->1408K(56832K)] 444027K->388763K(572928K), 0.0021959 secs] [Times: user=0.01 sys=0.00, real=0.01 secs] 
2300.057: [GC (Allocation Failure) [PSYoungGen: 56704K->1472K(56832K)] 444059K->388827K(572928K), 0.0044275 secs] [Times: user=0.02 sys=0.00, real=0.01 secs] 
2300.957: [GC (Allocation Failure) [PSYoungGen: 56768K->1376K(56832K)] 444123K->388731K(572928K), 0.0036455 secs] [Times: user=0.01 sys=0.00, real=0.00 secs] 
2301.441: [GC (Allocation Failure) [PSYoungGen: 56672K->1376K(56832K)] 444027K->388731K(572928K), 0.0036279 secs] [Times: user=0.02 sys=0.00, real=0.01 secs] 
2301.900: [GC (Allocation Failure) [PSYoungGen: 56672K->1344K(56832K)] 444027K->388699K(572928K), 0.0029135 secs] [Times: user=0.02 sys=0.00, real=0.01 secs] 
2302.363: [GC (Allocation Failure) [PSYoungGen: 56640K->1408K(56832K)] 443995K->388763K(572928K), 0.0029249 secs] [Times: user=0.02 sys=0.00, real=0.00 secs] 
2303.326: [GC (Allocation Failure) [PSYoungGen: 56660K->224K(56832K)] 444016K->387579K(572928K), 0.0016514 secs] [Times: user=0.01 sys=0.00, real=0.00 secs] 
2303.807: [GC (Allocation Failure) [PSYoungGen: 55520K->1376K(57344K)] 442875K->388731K(573440K), 0.0045364 secs] [Times: user=0.01 sys=0.01, real=0.01 secs] 
2304.281: [GC (Allocation Failure) [PSYoungGen: 56672K->1408K(57344K)] 444027K->388763K(573440K), 0.0034886 secs] [Times: user=0.01 sys=0.00, real=0.01 secs] 
2304.781: [GC (Allocation Failure) [PSYoungGen: 56704K->1376K(57344K)] 444059K->388731K(573440K), 0.0045037 secs] [Times: user=0.02 sys=0.00, real=0.01 secs] 
2305.288: [GC (Allocation Failure) [PSYoungGen: 56672K->1344K(57344K)] 444027K->388699K(573440K), 0.0042314 secs] [Times: user=0.02 sys=0.00, real=0.01 secs] 
2305.818: [GC (Allocation Failure) [PSYoungGen: 56640K->1360K(57344K)] 443995K->388715K(573440K), 0.0035401 secs] [Times: user=0.02 sys=0.00, real=0.01 secs] 
2306.909: [GC (Allocation Failure) [PSYoungGen: 56656K->1440K(57344K)] 444011K->388795K(573440K), 0.0044686 secs] [Times: user=0.02 sys=0.00, real=0.01 secs] 
2307.563: [GC (Allocation Failure) [PSYoungGen: 56736K->1392K(57344K)] 444091K->388747K(573440K), 0.0045685 secs] [Times: user=0.02 sys=0.00, real=0.00 secs] 
2308.156: [GC (Allocation Failure) [PSYoungGen: 56688K->1408K(57344K)] 444043K->388763K(573440K), 0.0041431 secs] [Times: user=0.02 sys=0.00, real=0.00 secs] 
2308.705: [GC (Allocation Failure) [PSYoungGen: 56704K->1344K(57344K)] 444059K->388699K(573440K), 0.0042399 secs] [Times: user=0.02 sys=0.00, real=0.00 secs] 
2309.066: [GC (Allocation Failure) [PSYoungGen: 56640K->1344K(57344K)] 443995K->388715K(573440K), 0.0025086 secs] [Times: user=0.01 sys=0.00, real=0.00 secs] 
2310.188: [GC (Allocation Failure) [PSYoungGen: 56640K->1440K(57344K)] 444011K->388811K(573440K), 0.0021983 secs] [Times: user=0.01 sys=0.00, real=0.00 secs] 
2311.305: [GC (Allocation Failure) [PSYoungGen: 56736K->1312K(57344K)] 444107K->388683K(573440K), 0.0045413 secs] [Times: user=0.02 sys=0.00, real=0.00 secs] 
2312.285: [GC (Allocation Failure) [PSYoungGen: 56608K->1408K(57344K)] 443979K->388779K(573440K), 0.0044828 secs] [Times: user=0.02 sys=0.00, real=0.00 secs] 
2312.756: [GC (Allocation Failure) [PSYoungGen: 56704K->1376K(57344K)] 444075K->388747K(573440K), 0.0037293 secs] [Times: user=0.01 sys=0.00, real=0.00 secs] 
2313.305: [GC (Allocation Failure) [PSYoungGen: 56672K->1408K(57344K)] 444043K->388779K(573440K), 0.0024553 secs] [Times: user=0.01 sys=0.00, real=0.00 secs] 
2314.137: [GC (Allocation Failure) [PSYoungGen: 56704K->1405K(57344K)] 444075K->388776K(573440K), 0.0016914 secs] [Times: user=0.01 sys=0.00, real=0.00 secs] 
2314.600: [GC (Allocation Failure) [PSYoungGen: 56701K->1440K(57344K)] 444072K->388811K(573440K), 0.0019741 secs] [Times: user=0.01 sys=0.00, real=0.01 secs] 
2314.830: [GC (Allocation Failure) [PSYoungGen: 56736K->1424K(57344K)] 444107K->388795K(573440K), 0.0018772 secs] [Times: user=0.01 sys=0.00, real=0.01 secs] 
2315.059: [GC (Allocation Failure) [PSYoungGen: 56720K->1376K(57344K)] 444091K->388747K(573440K), 0.0019167 secs] [Times: user=0.01 sys=0.00, real=0.00 secs] 
2315.305: [GC (Allocation Failure) [PSYoungGen: 56672K->1408K(57344K)] 444043K->388779K(573440K), 0.0018933 secs] [Times: user=0.01 sys=0.00, real=0.00 secs] 
2315.589: [GC (Allocation Failure) [PSYoungGen: 56704K->1408K(56832K)] 444075K->388779K(572928K), 0.0021067 secs] [Times: user=0.01 sys=0.00, real=0.00 secs] 
2316.459: [GC (Allocation Failure) [PSYoungGen: 56704K->1408K(56832K)] 444075K->388779K(572928K), 0.0022431 secs] [Times: user=0.01 sys=0.00, real=0.01 secs] 
2317.105: [GC (Allocation Failure) [PSYoungGen: 56704K->352K(56320K)] 444075K->388747K(572416K), 0.0046523 secs] [Times: user=0.02 sys=0.00, real=0.00 secs] 
2317.751: [GC (Allocation Failure) [PSYoungGen: 55648K->336K(57344K)] 444043K->388739K(573440K), 0.0033332 secs] [Times: user=0.01 sys=0.00, real=0.01 secs] 
2318.179: [GC (Allocation Failure) [PSYoungGen: 55632K->384K(57344K)] 444035K->388787K(573440K), 0.0033915 secs] [Times: user=0.02 sys=0.00, real=0.01 secs] 
2318.604: [GC (Allocation Failure) [PSYoungGen: 55680K->352K(57344K)] 444083K->388755K(573440K), 0.0034751 secs] [Times: user=0.01 sys=0.00, real=0.00 secs] 
2319.491: [GC (Allocation Failure) [PSYoungGen: 55530K->1584K(56832K)] 443933K->389987K(572928K), 0.0018353 secs] [Times: user=0.01 sys=0.00, real=0.01 secs] 
2319.755: [GC (Allocation Failure) [PSYoungGen: 56368K->1408K(57344K)] 444771K->389811K(573440K), 0.0021184 secs] [Times: user=0.01 sys=0.00, real=0.00 secs] 
2320.107: [GC (Allocation Failure) [PSYoungGen: 56192K->1408K(57344K)] 444595K->389811K(573440K), 0.0019993 secs] [Times: user=0.01 sys=0.00, real=0.00 secs] 
2320.619: [GC (Allocation Failure) [PSYoungGen: 56192K->1408K(57344K)] 444595K->389811K(573440K), 0.0020925 secs] [Times: user=0.00 sys=0.00, real=0.00 secs] 
2321.188: [GC (Allocation Failure) [PSYoungGen: 56192K->1408K(57344K)] 444595K->389811K(573440K), 0.0024076 secs] [Times: user=0.01 sys=0.00, real=0.00 secs] 
2321.879: [GC (Allocation Failure) [PSYoungGen: 56192K->1408K(57344K)] 444595K->389811K(573440K), 0.0033174 secs] [Times: user=0.02 sys=0.00, real=0.01 secs] 
2323.174: [GC (Allocation Failure) [PSYoungGen: 56192K->1440K(57344K)] 444595K->389843K(573440K), 0.0020605 secs] [Times: user=0.01 sys=0.00, real=0.00 secs] 
2323.947: [GC (Allocation Failure) [PSYoungGen: 56224K->1376K(56320K)] 444627K->389779K(572416K), 0.0046825 secs] [Times: user=0.02 sys=0.00, real=0.00 secs] 
2324.662: [GC (Allocation Failure) [PSYoungGen: 56160K->1376K(56832K)] 444563K->389779K(572928K), 0.0044908 secs] [Times: user=0.02 sys=0.00, real=0.00 secs] 
2325.304: [GC (Allocation Failure) [PSYoungGen: 56160K->1312K(56832K)] 444563K->389715K(572928K), 0.0049691 secs] [Times: user=0.02 sys=0.00, real=0.00 secs] 
2325.805: [GC (Allocation Failure) [PSYoungGen: 56096K->1344K(56832K)] 444499K->389747K(572928K), 0.0035544 secs] [Times: user=0.01 sys=0.00, real=0.00 secs] 
2326.987: [GC (Allocation Failure) [PSYoungGen: 56128K->1952K(56832K)] 444531K->390355K(572928K), 0.0039137 secs] [Times: user=0.02 sys=0.00, real=0.00 secs] 
2327.599: [GC (Allocation Failure) [PSYoungGen: 56736K->1408K(56320K)] 445139K->389811K(572416K), 0.0021476 secs] [Times: user=0.01 sys=0.00, real=0.00 secs] 
2327.827: [GC (Allocation Failure) [PSYoungGen: 56192K->1424K(56832K)] 444595K->389827K(572928K), 0.0018673 secs] [Times: user=0.01 sys=0.00, real=0.00 secs] 
2328.055: [GC (Allocation Failure) [PSYoungGen: 56208K->1344K(56832K)] 444611K->389763K(572928K), 0.0020534 secs] [Times: user=0.01 sys=0.00, real=0.00 secs] 
2328.282: [GC (Allocation Failure) [PSYoungGen: 56128K->1440K(56832K)] 444547K->389859K(572928K), 0.0020361 secs] [Times: user=0.01 sys=0.00, real=0.00 secs] 
2328.592: [GC (Allocation Failure) [PSYoungGen: 56224K->1405K(56832K)] 444643K->389824K(572928K), 0.0016347 secs] [Times: user=0.01 sys=0.00, real=0.00 secs] 
2329.529: [GC (Allocation Failure) [PSYoungGen: 56189K->1472K(56832K)] 444608K->389891K(572928K), 0.0023255 secs] [Times: user=0.01 sys=0.00, real=0.01 secs] 
2330.000: [GC (Allocation Failure) [PSYoungGen: 56256K->1408K(56832K)] 444675K->389827K(572928K), 0.0043225 secs] [Times: user=0.02 sys=0.01, real=0.01 secs] 
2330.459: [GC (Allocation Failure) [PSYoungGen: 56192K->1376K(56832K)] 444611K->389795K(572928K), 0.0035033 secs] [Times: user=0.01 sys=0.00, real=0.01 secs] 
2330.909: [GC (Allocation Failure) [PSYoungGen: 56160K->1408K(56832K)] 444579K->389827K(572928K), 0.0041650 secs] [Times: user=0.02 sys=0.00, real=0.01 secs] 
2331.444: [GC (Allocation Failure) [PSYoungGen: 56192K->1376K(56832K)] 444611K->389795K(572928K), 0.0030311 secs] [Times: user=0.01 sys=0.00, real=0.00 secs] 
2332.711: [GC (Allocation Failure) [PSYoungGen: 56160K->1456K(56832K)] 444579K->389875K(572928K), 0.0025075 secs] [Times: user=0.01 sys=0.00, real=0.01 secs] 
2333.959: [GC (Allocation Failure) [PSYoungGen: 56240K->1360K(56832K)] 444659K->389779K(572928K), 0.0043849 secs] [Times: user=0.02 sys=0.00, real=0.01 secs] 
2335.173: [GC (Allocation Failure) [PSYoungGen: 56144K->1344K(56832K)] 444563K->389763K(572928K), 0.0047846 secs] [Times: user=0.02 sys=0.00, real=0.00 secs] 
2335.905: [GC (Allocation Failure) [PSYoungGen: 56128K->1376K(56832K)] 444547K->389795K(572928K), 0.0046261 secs] [Times: user=0.02 sys=0.00, real=0.00 secs] 
2336.334: [GC (Allocation Failure) [PSYoungGen: 56160K->1408K(56832K)] 444579K->389827K(572928K), 0.0029888 secs] [Times: user=0.01 sys=0.00, real=0.00 secs] 
2337.262: [GC (Allocation Failure) [PSYoungGen: 56192K->1405K(56832K)] 444611K->389824K(572928K), 0.0017679 secs] [Times: user=0.01 sys=0.00, real=0.00 secs] 
2337.982: [GC (Allocation Failure) [PSYoungGen: 56189K->1440K(56832K)] 444608K->389859K(572928K), 0.0098021 secs] [Times: user=0.04 sys=0.00, real=0.01 secs] 
2338.435: [GC (Allocation Failure) [PSYoungGen: 56224K->1376K(56832K)] 444643K->389795K(572928K), 0.0033965 secs] [Times: user=0.02 sys=0.00, real=0.00 secs] 
2338.904: [GC (Allocation Failure) [PSYoungGen: 56160K->1376K(56832K)] 444579K->389795K(572928K), 0.0026843 secs] [Times: user=0.01 sys=0.00, real=0.00 secs] 
2339.145: [GC (Allocation Failure) [PSYoungGen: 56160K->1408K(56832K)] 444579K->389827K(572928K), 0.0021382 secs] [Times: user=0.01 sys=0.00, real=0.00 secs] 
2339.423: [GC (Allocation Failure) [PSYoungGen: 56192K->1408K(56832K)] 444611K->389835K(572928K), 0.0019836 secs] [Times: user=0.01 sys=0.00, real=0.00 secs] 
2340.428: [GC (Allocation Failure) [PSYoungGen: 56192K->1472K(56832K)] 444619K->389899K(572928K), 0.0018504 secs] [Times: user=0.01 sys=0.00, real=0.00 secs] 
2340.902: [GC (Allocation Failure) [PSYoungGen: 56256K->1344K(56832K)] 444683K->389771K(572928K), 0.0021084 secs] [Times: user=0.01 sys=0.00, real=0.00 secs] 
2341.356: [GC (Allocation Failure) [PSYoungGen: 56128K->1392K(56832K)] 444555K->389819K(572928K), 0.0026169 secs] [Times: user=0.01 sys=0.00, real=0.00 secs] 
2341.749: [GC (Allocation Failure) [PSYoungGen: 56176K->1408K(56320K)] 444603K->389835K(572416K), 0.0020017 secs] [Times: user=0.01 sys=0.00, real=0.00 secs] 
2342.191: [GC (Allocation Failure) [PSYoungGen: 56192K->1456K(56320K)] 444619K->389883K(572416K), 0.0042486 secs] [Times: user=0.02 sys=0.00, real=0.01 secs] 
2343.182: [GC (Allocation Failure) [PSYoungGen: 56240K->256K(56832K)] 444667K->388683K(572928K), 0.0016253 secs] [Times: user=0.00 sys=0.00, real=0.00 secs] 
2343.490: [GC (Allocation Failure) [PSYoungGen: 55040K->1408K(56832K)] 443467K->389835K(572928K), 0.0020881 secs] [Times: user=0.01 sys=0.00, real=0.01 secs] 
2343.731: [GC (Allocation Failure) [PSYoungGen: 56192K->1376K(56832K)] 444619K->389803K(572928K), 0.0020203 secs] [Times: user=0.01 sys=0.00, real=0.01 secs] 
2344.115: [GC (Allocation Failure) [PSYoungGen: 56160K->1392K(56832K)] 444587K->389819K(572928K), 0.0040483 secs] [Times: user=0.02 sys=0.00, real=0.00 secs] 
2344.570: [GC (Allocation Failure) [PSYoungGen: 56176K->1376K(56832K)] 444603K->389803K(572928K), 0.0029402 secs] [Times: user=0.01 sys=0.00, real=0.01 secs] 
2345.030: [GC (Allocation Failure) [PSYoungGen: 56160K->1440K(56832K)] 444587K->389867K(572928K), 0.0027089 secs] [Times: user=0.01 sys=0.00, real=0.01 secs] 
2346.036: [GC (Allocation Failure) [PSYoungGen: 56224K->1440K(56832K)] 444651K->389867K(572928K), 0.0020101 secs] [Times: user=0.01 sys=0.00, real=0.00 secs] 
2346.541: [GC (Allocation Failure) [PSYoungGen: 56224K->1376K(56832K)] 444651K->389819K(572928K), 0.0020433 secs] [Times: user=0.01 sys=0.00, real=0.01 secs] 
2346.969: [GC (Allocation Failure) [PSYoungGen: 56160K->1440K(56832K)] 444603K->389883K(572928K), 0.0021755 secs] [Times: user=0.01 sys=0.00, real=0.01 secs] 
2347.197: [GC (Allocation Failure) [PSYoungGen: 56224K->1408K(56832K)] 444667K->389851K(572928K), 0.0021334 secs] [Times: user=0.01 sys=0.00, real=0.00 secs] 
2347.455: [GC (Allocation Failure) [PSYoungGen: 56192K->1376K(56832K)] 444635K->389819K(572928K), 0.0020655 secs] [Times: user=0.00 sys=0.00, real=0.00 secs] 
2348.299: [GC (Allocation Failure) [PSYoungGen: 56160K->1968K(56832K)] 444603K->390411K(572928K), 0.0017899 secs] [Times: user=0.00 sys=0.00, real=0.00 secs] 
2348.774: [GC (Allocation Failure) [PSYoungGen: 56752K->1424K(56832K)] 445195K->389867K(572928K), 0.0017997 secs] [Times: user=0.01 sys=0.00, real=0.00 secs] 
2349.299: [GC (Allocation Failure) [PSYoungGen: 56208K->1392K(56832K)] 444651K->389835K(572928K), 0.0021547 secs] [Times: user=0.00 sys=0.00, real=0.00 secs] 
2349.834: [GC (Allocation Failure) [PSYoungGen: 56176K->1408K(56832K)] 444619K->389851K(572928K), 0.0021801 secs] [Times: user=0.01 sys=0.00, real=0.00 secs] 
2350.413: [GC (Allocation Failure) [PSYoungGen: 56192K->1344K(56832K)] 444635K->389787K(572928K), 0.0021075 secs] [Times: user=0.01 sys=0.00, real=0.00 secs] 
2350.995: [GC (Allocation Failure) [PSYoungGen: 56128K->1408K(56832K)] 444571K->389851K(572928K), 0.0024078 secs] [Times: user=0.01 sys=0.00, real=0.00 secs] 
2351.969: [GC (Allocation Failure) [PSYoungGen: 56192K->1408K(56832K)] 444635K->389851K(572928K), 0.0042634 secs] [Times: user=0.02 sys=0.00, real=0.01 secs] 
2352.466: [GC (Allocation Failure) [PSYoungGen: 56192K->1376K(56832K)] 444635K->389819K(572928K), 0.0034909 secs] [Times: user=0.01 sys=0.00, real=0.00 secs] 
2353.008: [GC (Allocation Failure) [PSYoungGen: 56160K->1376K(56832K)] 444603K->389819K(572928K), 0.0026154 secs] [Times: user=0.01 sys=0.00, real=0.00 secs] 
2353.420: [GC (Allocation Failure) [PSYoungGen: 56160K->1440K(56832K)] 444603K->389883K(572928K), 0.0023383 secs] [Times: user=0.01 sys=0.00, real=0.01 secs] 
2353.648: [GC (Allocation Failure) [PSYoungGen: 56224K->1424K(56832K)] 444667K->389867K(572928K), 0.0021763 secs] [Times: user=0.01 sys=0.00, real=0.00 secs] 
2354.417: [GC (Allocation Failure) [PSYoungGen: 56208K->1440K(56832K)] 444651K->389883K(572928K), 0.0016579 secs] [Times: user=0.01 sys=0.00, real=0.00 secs] 
2354.710: [GC (Allocation Failure) [PSYoungGen: 56224K->1376K(56832K)] 444667K->389819K(572928K), 0.0019576 secs] [Times: user=0.01 sys=0.00, real=0.01 secs] 
2355.128: [GC (Allocation Failure) [PSYoungGen: 56160K->1376K(56832K)] 444603K->389819K(572928K), 0.0030702 secs] [Times: user=0.02 sys=0.00, real=0.00 secs] 
2355.614: [GC (Allocation Failure) [PSYoungGen: 56160K->1344K(56832K)] 444603K->389787K(572928K), 0.0043673 secs] [Times: user=0.02 sys=0.00, real=0.00 secs] 
2356.067: [GC (Allocation Failure) [PSYoungGen: 56128K->1376K(56832K)] 444571K->389819K(572928K), 0.0029489 secs] [Times: user=0.01 sys=0.00, real=0.00 secs] 
2356.804: [GC (Allocation Failure) [PSYoungGen: 56160K->1405K(56832K)] 444603K->389864K(572928K), 0.0016989 secs] [Times: user=0.01 sys=0.01, real=0.00 secs] 
2357.379: [GC (Allocation Failure) [PSYoungGen: 56189K->1408K(56320K)] 444648K->389867K(572416K), 0.0018509 secs] [Times: user=0.01 sys=0.00, real=0.00 secs] 
2357.834: [GC (Allocation Failure) [PSYoungGen: 56192K->1392K(56320K)] 444651K->389851K(572416K), 0.0018559 secs] [Times: user=0.01 sys=0.00, real=0.00 secs] 
2358.310: [GC (Allocation Failure) [PSYoungGen: 56176K->384K(55808K)] 444635K->389867K(571904K), 0.0027147 secs] [Times: user=0.01 sys=0.00, real=0.01 secs] 
2358.815: [GC (Allocation Failure) [PSYoungGen: 55168K->384K(56832K)] 444651K->389867K(572928K), 0.0025844 secs] [Times: user=0.01 sys=0.00, real=0.00 secs] 
2359.365: [GC (Allocation Failure) [PSYoungGen: 55168K->320K(56832K)] 444651K->389803K(572928K), 0.0045544 secs] [Times: user=0.02 sys=0.00, real=0.00 secs] 
2360.418: [GC (Allocation Failure) [PSYoungGen: 55104K->1440K(56832K)] 444587K->390923K(572928K), 0.0017382 secs] [Times: user=0.00 sys=0.00, real=0.00 secs] 
2361.064: [GC (Allocation Failure) [PSYoungGen: 56224K->1408K(56832K)] 445707K->390891K(572928K), 0.0021714 secs] [Times: user=0.01 sys=0.00, real=0.00 secs] 
2361.616: [GC (Allocation Failure) [PSYoungGen: 56192K->1376K(56832K)] 445675K->390859K(572928K), 0.0030011 secs] [Times: user=0.01 sys=0.00, real=0.00 secs] 
2362.028: [GC (Allocation Failure) [PSYoungGen: 56160K->1360K(56832K)] 445643K->390843K(572928K), 0.0029513 secs] [Times: user=0.01 sys=0.00, real=0.00 secs] 
2362.598: [GC (Allocation Failure) [PSYoungGen: 56144K->1344K(56832K)] 445627K->390835K(572928K), 0.0035268 secs] [Times: user=0.02 sys=0.00, real=0.00 secs] 
2363.610: [GC (Allocation Failure) [PSYoungGen: 56128K->1405K(56832K)] 445619K->390896K(572928K), 0.0016545 secs] [Times: user=0.01 sys=0.00, real=0.01 secs] 
2364.777: [GC (Allocation Failure) [PSYoungGen: 56189K->1408K(56832K)] 445680K->390899K(572928K), 0.0042489 secs] [Times: user=0.01 sys=0.01, real=0.00 secs] 
2365.224: [GC (Allocation Failure) [PSYoungGen: 56192K->1344K(56832K)] 445683K->390835K(572928K), 0.0026261 secs] [Times: user=0.01 sys=0.00, real=0.00 secs] 
2365.687: [GC (Allocation Failure) [PSYoungGen: 56128K->1376K(56832K)] 445619K->390867K(572928K), 0.0026929 secs] [Times: user=0.01 sys=0.00, real=0.00 secs] 
2366.160: [GC (Allocation Failure) [PSYoungGen: 56160K->1376K(56832K)] 445651K->390867K(572928K), 0.0042972 secs] [Times: user=0.02 sys=0.00, real=0.01 secs] 
2366.485: [GC (Allocation Failure) [PSYoungGen: 56160K->1376K(56832K)] 445651K->390867K(572928K), 0.0023555 secs] [Times: user=0.01 sys=0.00, real=0.00 secs] 
2367.447: [GC (Allocation Failure) [PSYoungGen: 56160K->1472K(56832K)] 445651K->390963K(572928K), 0.0018705 secs] [Times: user=0.01 sys=0.00, real=0.00 secs] 
2367.928: [GC (Allocation Failure) [PSYoungGen: 56256K->1376K(56832K)] 445747K->390867K(572928K), 0.0019249 secs] [Times: user=0.00 sys=0.00, real=0.00 secs] 
2368.460: [GC (Allocation Failure) [PSYoungGen: 56160K->1392K(56832K)] 445651K->390899K(572928K), 0.0040868 secs] [Times: user=0.02 sys=0.00, real=0.01 secs] 
2368.934: [GC (Allocation Failure) [PSYoungGen: 56176K->1408K(56832K)] 445683K->390923K(572928K), 0.0029530 secs] [Times: user=0.02 sys=0.00, real=0.00 secs] 
2369.305: [GC (Allocation Failure) [PSYoungGen: 56192K->1376K(56832K)] 445707K->390891K(572928K), 0.0022759 secs] [Times: user=0.01 sys=0.00, real=0.00 secs] 
2370.200: [GC (Allocation Failure) [PSYoungGen: 56160K->1472K(56832K)] 445675K->390987K(572928K), 0.0017308 secs] [Times: user=0.00 sys=0.00, real=0.01 secs] 
2370.758: [GC (Allocation Failure) [PSYoungGen: 56256K->1408K(56832K)] 445771K->390923K(572928K), 0.0019940 secs] [Times: user=0.00 sys=0.00, real=0.00 secs] 
2371.350: [GC (Allocation Failure) [PSYoungGen: 56192K->1376K(56832K)] 445707K->390891K(572928K), 0.0043555 secs] [Times: user=0.02 sys=0.00, real=0.01 secs] 
2371.971: [GC (Allocation Failure) [PSYoungGen: 56160K->1408K(56832K)] 445675K->390923K(572928K), 0.0037987 secs] [Times: user=0.02 sys=0.00, real=0.01 secs] 
2372.433: [GC (Allocation Failure) [PSYoungGen: 56192K->1408K(56832K)] 445707K->390923K(572928K), 0.0044275 secs] [Times: user=0.02 sys=0.00, real=0.00 secs] 
2372.911: [GC (Allocation Failure) [PSYoungGen: 56192K->1376K(56832K)] 445707K->390891K(572928K), 0.0035708 secs] [Times: user=0.01 sys=0.01, real=0.01 secs] 
2374.463: [GC (Allocation Failure) [PSYoungGen: 56160K->1408K(56832K)] 445675K->390923K(572928K), 0.0046083 secs] [Times: user=0.02 sys=0.00, real=0.00 secs] 
2375.230: [GC (Allocation Failure) [PSYoungGen: 56192K->1312K(56832K)] 445707K->390827K(572928K), 0.0046019 secs] [Times: user=0.02 sys=0.00, real=0.01 secs] 
2375.665: [GC (Allocation Failure) [PSYoungGen: 56096K->1408K(56832K)] 445611K->390923K(572928K), 0.0023537 secs] [Times: user=0.01 sys=0.00, real=0.00 secs] 
2375.900: [GC (Allocation Failure) [PSYoungGen: 56192K->1408K(56832K)] 445707K->390923K(572928K), 0.0022506 secs] [Times: user=0.01 sys=0.00, real=0.01 secs] 
2376.224: [GC (Allocation Failure) [PSYoungGen: 56192K->1408K(56832K)] 445707K->390923K(572928K), 0.0020398 secs] [Times: user=0.01 sys=0.00, real=0.00 secs] 
2377.028: [GC (Allocation Failure) [PSYoungGen: 56192K->1952K(56832K)] 445707K->391467K(572928K), 0.0019154 secs] [Times: user=0.01 sys=0.00, real=0.00 secs] 
2377.483: [GC (Allocation Failure) [PSYoungGen: 56736K->1376K(56832K)] 446251K->390891K(572928K), 0.0020442 secs] [Times: user=0.01 sys=0.00, real=0.00 secs] 
2377.886: [GC (Allocation Failure) [PSYoungGen: 56160K->1376K(56832K)] 445675K->390907K(572928K), 0.0019997 secs] [Times: user=0.01 sys=0.00, real=0.00 secs] 
2378.113: [GC (Allocation Failure) [PSYoungGen: 56160K->1376K(56832K)] 445691K->390907K(572928K), 0.0020774 secs] [Times: user=0.01 sys=0.00, real=0.00 secs] 
2378.348: [GC (Allocation Failure) [PSYoungGen: 56160K->1376K(56832K)] 445691K->390907K(572928K), 0.0020808 secs] [Times: user=0.01 sys=0.00, real=0.00 secs] 
2378.624: [GC (Allocation Failure) [PSYoungGen: 56160K->1389K(56832K)] 445691K->390920K(572928K), 0.0020289 secs] [Times: user=0.01 sys=0.00, real=0.00 secs] 
2379.466: [GC (Allocation Failure) [PSYoungGen: 56173K->1472K(56832K)] 445704K->391003K(572928K), 0.0018239 secs] [Times: user=0.00 sys=0.00, real=0.00 secs] 
2379.934: [GC (Allocation Failure) [PSYoungGen: 56256K->1376K(56832K)] 445787K->390907K(572928K), 0.0020252 secs] [Times: user=0.01 sys=0.00, real=0.00 secs] 
2380.444: [GC (Allocation Failure) [PSYoungGen: 56160K->1408K(56832K)] 445691K->390939K(572928K), 0.0019602 secs] [Times: user=0.01 sys=0.00, real=0.00 secs] 
2380.896: [GC (Allocation Failure) [PSYoungGen: 56192K->1408K(56832K)] 445723K->390939K(572928K), 0.0021769 secs] [Times: user=0.00 sys=0.00, real=0.00 secs] 
2381.149: [GC (Allocation Failure) [PSYoungGen: 56192K->1424K(56832K)] 445723K->390955K(572928K), 0.0021280 secs] [Times: user=0.01 sys=0.00, real=0.00 secs] 
2381.841: [GC (Allocation Failure) [PSYoungGen: 56208K->1440K(56832K)] 445739K->390971K(572928K), 0.0019296 secs] [Times: user=0.01 sys=0.00, real=0.01 secs] 
2382.073: [GC (Allocation Failure) [PSYoungGen: 56224K->1424K(56832K)] 445755K->390955K(572928K), 0.0019253 secs] [Times: user=0.01 sys=0.00, real=0.00 secs] 
2382.300: [GC (Allocation Failure) [PSYoungGen: 56208K->1440K(56832K)] 445739K->390971K(572928K), 0.0019334 secs] [Times: user=0.01 sys=0.00, real=0.01 secs] 
2382.528: [GC (Allocation Failure) [PSYoungGen: 56224K->1408K(56832K)] 445755K->390939K(572928K), 0.0018769 secs] [Times: user=0.01 sys=0.00, real=0.00 secs] 
2382.755: [GC (Allocation Failure) [PSYoungGen: 56192K->1408K(56320K)] 445723K->390939K(572416K), 0.0020479 secs] [Times: user=0.01 sys=0.00, real=0.00 secs] 
2383.243: [GC (Allocation Failure) [PSYoungGen: 56192K->1421K(56320K)] 445723K->390952K(572416K), 0.0016898 secs] [Times: user=0.00 sys=0.00, real=0.00 secs] 
2383.713: [GC (Allocation Failure) [PSYoungGen: 56205K->1440K(56320K)] 445736K->390971K(572416K), 0.0016672 secs] [Times: user=0.01 sys=0.00, real=0.00 secs] 
2383.940: [GC (Allocation Failure) [PSYoungGen: 56224K->1408K(56320K)] 445755K->390939K(572416K), 0.0017193 secs] [Times: user=0.01 sys=0.00, real=0.00 secs] 
2384.167: [GC (Allocation Failure) [PSYoungGen: 56192K->1344K(56320K)] 445723K->390875K(572416K), 0.0016494 secs] [Times: user=0.00 sys=0.00, real=0.00 secs] 
2384.395: [GC (Allocation Failure) [PSYoungGen: 56128K->1408K(56320K)] 445659K->390955K(572416K), 0.0033153 secs] [Times: user=0.01 sys=0.00, real=0.00 secs] 
2384.623: [GC (Allocation Failure) [PSYoungGen: 56192K->1408K(56320K)] 445739K->390955K(572416K), 0.0024039 secs] [Times: user=0.01 sys=0.00, real=0.00 secs] 
2385.411: [GC (Allocation Failure) [PSYoungGen: 56192K->1440K(56320K)] 445739K->390987K(572416K), 0.0018223 secs] [Times: user=0.00 sys=0.01, real=0.01 secs] 
2385.849: [GC (Allocation Failure) [PSYoungGen: 56224K->1408K(56320K)] 445771K->390955K(572416K), 0.0020821 secs] [Times: user=0.01 sys=0.00, real=0.00 secs] 
2386.300: [GC (Allocation Failure) [PSYoungGen: 56192K->1344K(56320K)] 445739K->390891K(572416K), 0.0026852 secs] [Times: user=0.01 sys=0.00, real=0.01 secs] 
2386.754: [GC (Allocation Failure) [PSYoungGen: 56128K->1392K(56320K)] 445675K->390939K(572416K), 0.0035421 secs] [Times: user=0.02 sys=0.00, real=0.00 secs] 
2387.212: [GC (Allocation Failure) [PSYoungGen: 56176K->1376K(56320K)] 445723K->390931K(572416K), 0.0037782 secs] [Times: user=0.02 sys=0.00, real=0.00 secs] 
2388.099: [GC (Allocation Failure) [PSYoungGen: 56160K->1405K(56320K)] 445715K->390960K(572416K), 0.0016682 secs] [Times: user=0.00 sys=0.00, real=0.00 secs] 
2388.684: [GC (Allocation Failure) [PSYoungGen: 56189K->1376K(56320K)] 445744K->390931K(572416K), 0.0025326 secs] [Times: user=0.01 sys=0.00, real=0.00 secs] 
2389.178: [GC (Allocation Failure) [PSYoungGen: 56160K->1408K(56320K)] 445715K->390963K(572416K), 0.0026225 secs] [Times: user=0.01 sys=0.00, real=0.00 secs] 
2389.752: [GC (Allocation Failure) [PSYoungGen: 56192K->1376K(56320K)] 445747K->390931K(572416K), 0.0036419 secs] [Times: user=0.01 sys=0.00, real=0.00 secs] 
2390.388: [GC (Allocation Failure) [PSYoungGen: 56160K->1408K(56320K)] 445715K->390963K(572416K), 0.0034746 secs] [Times: user=0.02 sys=0.00, real=0.00 secs] 
2391.006: [GC (Allocation Failure) [PSYoungGen: 56192K->1376K(56320K)] 445747K->390931K(572416K), 0.0024943 secs] [Times: user=0.01 sys=0.00, real=0.00 secs] 
2392.118: [GC (Allocation Failure) [PSYoungGen: 56160K->1440K(56320K)] 445715K->390995K(572416K), 0.0023497 secs] [Times: user=0.01 sys=0.00, real=0.00 secs] 
2392.954: [GC (Allocation Failure) [PSYoungGen: 56224K->1408K(56320K)] 445779K->390963K(572416K), 0.0042625 secs] [Times: user=0.01 sys=0.00, real=0.00 secs] 
2393.424: [GC (Allocation Failure) [PSYoungGen: 56192K->1408K(56320K)] 445747K->390963K(572416K), 0.0023755 secs] [Times: user=0.01 sys=0.00, real=0.00 secs] 
2393.706: [GC (Allocation Failure) [PSYoungGen: 56192K->1344K(56320K)] 445747K->390899K(572416K), 0.0022467 secs] [Times: user=0.01 sys=0.00, real=0.00 secs] 
2394.120: [GC (Allocation Failure) [PSYoungGen: 56128K->1376K(56320K)] 445683K->390939K(572416K), 0.0022841 secs] [Times: user=0.01 sys=0.00, real=0.01 secs] 
2395.048: [GC (Allocation Failure) [PSYoungGen: 56160K->640K(55808K)] 445723K->391227K(571904K), 0.0018851 secs] [Times: user=0.01 sys=0.00, real=0.00 secs] 
2395.504: [GC (Allocation Failure) [PSYoungGen: 54912K->352K(56320K)] 445499K->390939K(572416K), 0.0029211 secs] [Times: user=0.02 sys=0.00, real=0.00 secs] 
2395.833: [GC (Allocation Failure) [PSYoungGen: 54624K->352K(56320K)] 445211K->390939K(572416K), 0.0022069 secs] [Times: user=0.01 sys=0.00, real=0.00 secs] 
2396.081: [GC (Allocation Failure) [PSYoungGen: 54624K->352K(56320K)] 445211K->390939K(572416K), 0.0021249 secs] [Times: user=0.01 sys=0.00, real=0.01 secs] 
2396.497: [GC (Allocation Failure) [PSYoungGen: 54624K->352K(56320K)] 445211K->390939K(572416K), 0.0021618 secs] [Times: user=0.01 sys=0.00, real=0.00 secs] 
2396.871: [GC (Allocation Failure) [PSYoungGen: 54624K->352K(56320K)] 445211K->390963K(572416K), 0.0021738 secs] [Times: user=0.01 sys=0.00, real=0.01 secs] 
2397.799: [GC (Allocation Failure) [PSYoungGen: 54624K->1424K(56320K)] 445235K->392035K(572416K), 0.0019101 secs] [Times: user=0.01 sys=0.01, real=0.00 secs] 
2398.333: [GC (Allocation Failure) [PSYoungGen: 55696K->1376K(56320K)] 446307K->391987K(572416K), 0.0023439 secs] [Times: user=0.01 sys=0.01, real=0.00 secs] 
2398.560: [GC (Allocation Failure) [PSYoungGen: 55648K->1408K(56832K)] 446259K->392019K(572928K), 0.0023856 secs] [Times: user=0.01 sys=0.00, real=0.01 secs] 
2398.786: [GC (Allocation Failure) [PSYoungGen: 55680K->1424K(56832K)] 446291K->392035K(572928K), 0.0026511 secs] [Times: user=0.01 sys=0.00, real=0.00 secs] 
2399.013: [GC (Allocation Failure) [PSYoungGen: 55696K->1376K(56832K)] 446307K->391987K(572928K), 0.0021001 secs] [Times: user=0.01 sys=0.00, real=0.00 secs] 
2399.821: [GC (Allocation Failure) [PSYoungGen: 55648K->1984K(56832K)] 446259K->392595K(572928K), 0.0019776 secs] [Times: user=0.01 sys=0.00, real=0.01 secs] 
2400.428: [GC (Allocation Failure) [PSYoungGen: 56256K->1376K(56832K)] 446867K->391987K(572928K), 0.0021289 secs] [Times: user=0.00 sys=0.00, real=0.00 secs] 
2401.055: [GC (Allocation Failure) [PSYoungGen: 55648K->1408K(56832K)] 446259K->392019K(572928K), 0.0026059 secs] [Times: user=0.01 sys=0.00, real=0.00 secs] 
2401.408: [GC (Allocation Failure) [PSYoungGen: 55680K->1440K(56832K)] 446291K->392051K(572928K), 0.0021325 secs] [Times: user=0.01 sys=0.00, real=0.00 secs] 
2401.634: [GC (Allocation Failure) [PSYoungGen: 55712K->1344K(56832K)] 446323K->391955K(572928K), 0.0021510 secs] [Times: user=0.01 sys=0.00, real=0.00 secs] 
2402.058: [GC (Allocation Failure) [PSYoungGen: 55616K->1440K(56832K)] 446227K->392051K(572928K), 0.0022421 secs] [Times: user=0.01 sys=0.00, real=0.00 secs] 
2403.419: [GC (Allocation Failure) [PSYoungGen: 55712K->1440K(56832K)] 446323K->392051K(572928K), 0.0043785 secs] [Times: user=0.02 sys=0.00, real=0.01 secs] 
2404.199: [GC (Allocation Failure) [PSYoungGen: 55712K->1408K(56832K)] 446323K->392019K(572928K), 0.0035747 secs] [Times: user=0.02 sys=0.00, real=0.01 secs] 
2404.642: [GC (Allocation Failure) [PSYoungGen: 55680K->1344K(55808K)] 446291K->391955K(571904K), 0.0033807 secs] [Times: user=0.02 sys=0.00, real=0.00 secs] 
2405.266: [GC (Allocation Failure) [PSYoungGen: 55616K->1392K(56320K)] 446227K->392003K(572416K), 0.0029404 secs] [Times: user=0.02 sys=0.00, real=0.00 secs] 
2405.953: [GC (Allocation Failure) [PSYoungGen: 55664K->1360K(56320K)] 446275K->391971K(572416K), 0.0044468 secs] [Times: user=0.02 sys=0.00, real=0.00 secs] 
2406.922: [GC (Allocation Failure) [PSYoungGen: 55632K->1952K(55808K)] 446243K->392563K(571904K), 0.0020494 secs] [Times: user=0.01 sys=0.00, real=0.00 secs] 
2407.611: [GC (Allocation Failure) [PSYoungGen: 55712K->1408K(55296K)] 446323K->392019K(571392K), 0.0045305 secs] [Times: user=0.02 sys=0.01, real=0.01 secs] 
2408.186: [GC (Allocation Failure) [PSYoungGen: 55168K->1408K(55808K)] 445779K->392035K(571904K), 0.0035535 secs] [Times: user=0.02 sys=0.00, real=0.00 secs] 
2408.659: [GC (Allocation Failure) [PSYoungGen: 55168K->1408K(55808K)] 445795K->392035K(571904K), 0.0049985 secs] [Times: user=0.02 sys=0.00, real=0.01 secs] 
2409.105: [GC (Allocation Failure) [PSYoungGen: 55168K->1408K(55808K)] 445795K->392035K(571904K), 0.0025408 secs] [Times: user=0.01 sys=0.00, real=0.00 secs] 
2409.328: [GC (Allocation Failure) [PSYoungGen: 55168K->1344K(55808K)] 445795K->391971K(571904K), 0.0021772 secs] [Times: user=0.01 sys=0.00, real=0.00 secs] 
2410.209: [GC (Allocation Failure) [PSYoungGen: 55104K->1408K(55808K)] 445731K->392035K(571904K), 0.0022118 secs] [Times: user=0.01 sys=0.00, real=0.00 secs] 
2410.685: [GC (Allocation Failure) [PSYoungGen: 55168K->1376K(55808K)] 445795K->392003K(571904K), 0.0041864 secs] [Times: user=0.02 sys=0.00, real=0.00 secs] 
2411.170: [GC (Allocation Failure) [PSYoungGen: 55136K->1376K(55808K)] 445763K->392003K(571904K), 0.0035489 secs] [Times: user=0.01 sys=0.00, real=0.01 secs] 
2411.582: [GC (Allocation Failure) [PSYoungGen: 55136K->1408K(55808K)] 445763K->392035K(571904K), 0.0030316 secs] [Times: user=0.01 sys=0.00, real=0.00 secs] 
2411.996: [GC (Allocation Failure) [PSYoungGen: 55168K->1408K(55808K)] 445795K->392043K(571904K), 0.0023505 secs] [Times: user=0.01 sys=0.00, real=0.00 secs] 
2412.879: [GC (Allocation Failure) [PSYoungGen: 55168K->1536K(55808K)] 445803K->392171K(571904K), 0.0026387 secs] [Times: user=0.01 sys=0.00, real=0.01 secs] 
2413.791: [GC (Allocation Failure) [PSYoungGen: 55296K->1376K(55808K)] 445931K->392011K(571904K), 0.0042994 secs] [Times: user=0.02 sys=0.01, real=0.01 secs] 
2414.308: [GC (Allocation Failure) [PSYoungGen: 55136K->1408K(55808K)] 445771K->392043K(571904K), 0.0045062 secs] [Times: user=0.02 sys=0.00, real=0.01 secs] 
2414.840: [GC (Allocation Failure) [PSYoungGen: 55168K->1440K(55808K)] 445803K->392075K(571904K), 0.0035645 secs] [Times: user=0.02 sys=0.00, real=0.01 secs] 
2415.341: [GC (Allocation Failure) [PSYoungGen: 55200K->1376K(55808K)] 445835K->392011K(571904K), 0.0034916 secs] [Times: user=0.01 sys=0.00, real=0.01 secs] 
2415.846: [GC (Allocation Failure) [PSYoungGen: 55136K->1376K(55808K)] 445771K->392019K(571904K), 0.0035616 secs] [Times: user=0.02 sys=0.00, real=0.00 secs] 
2416.859: [GC (Allocation Failure) [PSYoungGen: 55136K->1472K(55808K)] 445779K->392115K(571904K), 0.0021576 secs] [Times: user=0.01 sys=0.00, real=0.00 secs] 
2417.336: [GC (Allocation Failure) [PSYoungGen: 55232K->1440K(55808K)] 445875K->392107K(571904K), 0.0020203 secs] [Times: user=0.01 sys=0.01, real=0.00 secs] 
2418.076: [GC (Allocation Failure) [PSYoungGen: 55200K->1408K(55808K)] 445867K->392075K(571904K), 0.0043556 secs] [Times: user=0.02 sys=0.00, real=0.00 secs] 
2418.655: [GC (Allocation Failure) [PSYoungGen: 55168K->1376K(55808K)] 445835K->392043K(571904K), 0.0035328 secs] [Times: user=0.01 sys=0.00, real=0.00 secs] 
2419.221: [GC (Allocation Failure) [PSYoungGen: 55136K->1376K(55808K)] 445803K->392051K(571904K), 0.0035172 secs] [Times: user=0.02 sys=0.00, real=0.01 secs] 
2420.320: [GC (Allocation Failure) [PSYoungGen: 55136K->1405K(55808K)] 445811K->392080K(571904K), 0.0016049 secs] [Times: user=0.01 sys=0.00, real=0.01 secs] 
2421.311: [GC (Allocation Failure) [PSYoungGen: 55165K->1440K(55808K)] 445840K->392123K(571904K), 0.0022461 secs] [Times: user=0.01 sys=0.00, real=0.01 secs] 
2421.535: [GC (Allocation Failure) [PSYoungGen: 55200K->1376K(55296K)] 445883K->392059K(571392K), 0.0023315 secs] [Times: user=0.01 sys=0.00, real=0.00 secs] 
2421.759: [GC (Allocation Failure) [PSYoungGen: 55136K->1376K(55296K)] 445819K->392059K(571392K), 0.0022215 secs] [Times: user=0.01 sys=0.00, real=0.00 secs] 
2421.983: [GC (Allocation Failure) [PSYoungGen: 55136K->352K(54784K)] 445819K->392059K(570880K), 0.0021696 secs] [Times: user=0.01 sys=0.00, real=0.00 secs] 
2422.266: [GC (Allocation Failure) [PSYoungGen: 54112K->352K(55808K)] 445819K->392059K(571904K), 0.0017694 secs] [Times: user=0.01 sys=0.00, real=0.00 secs] 
2423.165: [GC (Allocation Failure) [PSYoungGen: 54112K->1408K(55808K)] 445819K->393123K(571904K), 0.0018208 secs] [Times: user=0.00 sys=0.00, real=0.00 secs] 
2423.865: [GC (Allocation Failure) [PSYoungGen: 55168K->1408K(55808K)] 446883K->393123K(571904K), 0.0042385 secs] [Times: user=0.01 sys=0.00, real=0.00 secs] 
2424.538: [GC (Allocation Failure) [PSYoungGen: 55168K->1376K(55808K)] 446883K->393091K(571904K), 0.0042583 secs] [Times: user=0.01 sys=0.00, real=0.01 secs] 
2425.221: [GC (Allocation Failure) [PSYoungGen: 55136K->1376K(55808K)] 446851K->393091K(571904K), 0.0044000 secs] [Times: user=0.02 sys=0.01, real=0.01 secs] 
2425.751: [GC (Allocation Failure) [PSYoungGen: 55136K->1344K(55808K)] 446851K->393059K(571904K), 0.0028643 secs] [Times: user=0.01 sys=0.00, real=0.01 secs] 
2426.478: [GC (Allocation Failure) [PSYoungGen: 55104K->1389K(55808K)] 446819K->393104K(571904K), 0.0016366 secs] [Times: user=0.00 sys=0.00, real=0.00 secs] 
2427.194: [GC (Allocation Failure) [PSYoungGen: 55149K->1472K(55808K)] 446864K->393187K(571904K), 0.0022709 secs] [Times: user=0.01 sys=0.00, real=0.00 secs] 
2427.653: [GC (Allocation Failure) [PSYoungGen: 55232K->1376K(55808K)] 446947K->393099K(571904K), 0.0022001 secs] [Times: user=0.01 sys=0.00, real=0.00 secs] 
2428.127: [GC (Allocation Failure) [PSYoungGen: 55136K->1360K(55808K)] 446859K->393083K(571904K), 0.0026725 secs] [Times: user=0.01 sys=0.00, real=0.00 secs] 
2428.493: [GC (Allocation Failure) [PSYoungGen: 55120K->1440K(55808K)] 446843K->393163K(571904K), 0.0021608 secs] [Times: user=0.01 sys=0.00, real=0.00 secs] 
2428.778: [GC (Allocation Failure) [PSYoungGen: 55200K->1408K(55808K)] 446923K->393139K(571904K), 0.0021499 secs] [Times: user=0.01 sys=0.00, real=0.00 secs] 
2429.655: [GC (Allocation Failure) [PSYoungGen: 55168K->1440K(55808K)] 446899K->393171K(571904K), 0.0021410 secs] [Times: user=0.01 sys=0.00, real=0.00 secs] 
2430.153: [GC (Allocation Failure) [PSYoungGen: 55200K->1376K(55808K)] 446931K->393107K(571904K), 0.0022078 secs] [Times: user=0.01 sys=0.00, real=0.00 secs] 
2430.611: [GC (Allocation Failure) [PSYoungGen: 55136K->1376K(55808K)] 446867K->393107K(571904K), 0.0022019 secs] [Times: user=0.01 sys=0.00, real=0.01 secs] 
2431.003: [GC (Allocation Failure) [PSYoungGen: 55136K->1408K(55808K)] 446867K->393139K(571904K), 0.0032535 secs] [Times: user=0.01 sys=0.00, real=0.00 secs] 
2431.228: [GC (Allocation Failure) [PSYoungGen: 55168K->1408K(55808K)] 446899K->393147K(571904K), 0.0020110 secs] [Times: user=0.01 sys=0.01, real=0.00 secs] 
2431.629: [GC (Allocation Failure) [PSYoungGen: 55168K->1405K(55808K)] 446907K->393144K(571904K), 0.0015501 secs] [Times: user=0.01 sys=0.00, real=0.00 secs] 
2432.512: [GC (Allocation Failure) [PSYoungGen: 55165K->1408K(55808K)] 446904K->393147K(571904K), 0.0025261 secs] [Times: user=0.01 sys=0.00, real=0.00 secs] 
2433.157: [GC (Allocation Failure) [PSYoungGen: 55168K->1376K(55808K)] 446907K->393115K(571904K), 0.0026871 secs] [Times: user=0.01 sys=0.00, real=0.00 secs] 
2434.187: [GC (Allocation Failure) [PSYoungGen: 55136K->1392K(55808K)] 446875K->393131K(571904K), 0.0044144 secs] [Times: user=0.02 sys=0.00, real=0.01 secs] 
2434.845: [GC (Allocation Failure) [PSYoungGen: 55152K->1424K(55808K)] 446891K->393163K(571904K), 0.0038006 secs] [Times: user=0.02 sys=0.00, real=0.00 secs] 
2435.558: [GC (Allocation Failure) [PSYoungGen: 55184K->1440K(55808K)] 446923K->393187K(571904K), 0.0034950 secs] [Times: user=0.01 sys=0.00, real=0.00 secs] 
2436.752: [GC (Allocation Failure) [PSYoungGen: 55200K->1424K(55808K)] 446947K->393171K(571904K), 0.0018528 secs] [Times: user=0.00 sys=0.00, real=0.00 secs] 
2437.329: [GC (Allocation Failure) [PSYoungGen: 55184K->1408K(55808K)] 446931K->393155K(571904K), 0.0021131 secs] [Times: user=0.01 sys=0.00, real=0.00 secs] 
2437.865: [GC (Allocation Failure) [PSYoungGen: 55168K->1376K(55808K)] 446915K->393123K(571904K), 0.0025401 secs] [Times: user=0.01 sys=0.00, real=0.00 secs] 
2438.246: [GC (Allocation Failure) [PSYoungGen: 55136K->1408K(55808K)] 446883K->393171K(571904K), 0.0022050 secs] [Times: user=0.01 sys=0.00, real=0.00 secs] 
2438.517: [GC (Allocation Failure) [PSYoungGen: 55168K->1408K(55296K)] 446931K->393171K(571392K), 0.0019959 secs] [Times: user=0.01 sys=0.00, real=0.00 secs] 
2438.801: [GC (Allocation Failure) [PSYoungGen: 55168K->1373K(55296K)] 446931K->393136K(571392K), 0.0019197 secs] [Times: user=0.01 sys=0.00, real=0.01 secs] 
2439.604: [GC (Allocation Failure) [PSYoungGen: 55133K->416K(54784K)] 446896K->393203K(570880K), 0.0020805 secs] [Times: user=0.01 sys=0.00, real=0.00 secs] 
2440.152: [GC (Allocation Failure) [PSYoungGen: 54176K->352K(55808K)] 446963K->393139K(571904K), 0.0041759 secs] [Times: user=0.02 sys=0.00, real=0.00 secs] 
2440.624: [GC (Allocation Failure) [PSYoungGen: 54112K->352K(55808K)] 446899K->393139K(571904K), 0.0040131 secs] [Times: user=0.02 sys=0.00, real=0.00 secs] 
2440.985: [GC (Allocation Failure) [PSYoungGen: 54112K->400K(55808K)] 446899K->393187K(571904K), 0.0022601 secs] [Times: user=0.01 sys=0.00, real=0.00 secs] 
2441.326: [GC (Allocation Failure) [PSYoungGen: 54160K->352K(55808K)] 446947K->393139K(571904K), 0.0021867 secs] [Times: user=0.01 sys=0.00, real=0.00 secs] 
2442.186: [GC (Allocation Failure) [PSYoungGen: 54112K->1984K(55808K)] 446899K->394771K(571904K), 0.0018392 secs] [Times: user=0.01 sys=0.00, real=0.00 secs] 
2442.765: [GC (Allocation Failure) [PSYoungGen: 55744K->1424K(56320K)] 448531K->394211K(572416K), 0.0022534 secs] [Times: user=0.00 sys=0.00, real=0.00 secs] 
2443.280: [GC (Allocation Failure) [PSYoungGen: 55184K->1376K(56320K)] 447971K->394163K(572416K), 0.0037322 secs] [Times: user=0.02 sys=0.00, real=0.01 secs] 
2443.683: [GC (Allocation Failure) [PSYoungGen: 55136K->1344K(56320K)] 447923K->394131K(572416K), 0.0025220 secs] [Times: user=0.01 sys=0.00, real=0.00 secs] 
2443.899: [GC (Allocation Failure) [PSYoungGen: 55104K->1440K(56320K)] 447891K->394235K(572416K), 0.0021796 secs] [Times: user=0.01 sys=0.00, real=0.01 secs] 
2444.306: [GC (Allocation Failure) [PSYoungGen: 55200K->1408K(56320K)] 447995K->394203K(572416K), 0.0022209 secs] [Times: user=0.01 sys=0.00, real=0.00 secs] 
2445.168: [GC (Allocation Failure) [PSYoungGen: 55168K->1440K(56320K)] 447963K->394235K(572416K), 0.0023961 secs] [Times: user=0.01 sys=0.00, real=0.00 secs] 
2445.398: [GC (Allocation Failure) [PSYoungGen: 55200K->1392K(56320K)] 447995K->394187K(572416K), 0.0021567 secs] [Times: user=0.01 sys=0.00, real=0.00 secs] 
2445.677: [GC (Allocation Failure) [PSYoungGen: 55152K->1408K(56320K)] 447947K->394203K(572416K), 0.0021881 secs] [Times: user=0.01 sys=0.00, real=0.00 secs] 
2446.129: [GC (Allocation Failure) [PSYoungGen: 55168K->1408K(56320K)] 447963K->394227K(572416K), 0.0021253 secs] [Times: user=0.01 sys=0.00, real=0.00 secs] 
2446.634: [GC (Allocation Failure) [PSYoungGen: 55168K->1440K(56320K)] 447987K->394275K(572416K), 0.0026825 secs] [Times: user=0.01 sys=0.00, real=0.00 secs] 
2447.528: [GC (Allocation Failure) [PSYoungGen: 55200K->1664K(56320K)] 448035K->394499K(572416K), 0.0019266 secs] [Times: user=0.01 sys=0.00, real=0.00 secs] 
2448.009: [GC (Allocation Failure) [PSYoungGen: 55424K->1456K(56320K)] 448259K->394291K(572416K), 0.0019563 secs] [Times: user=0.00 sys=0.00, real=0.00 secs] 
2448.504: [GC (Allocation Failure) [PSYoungGen: 55216K->1344K(55296K)] 448051K->394179K(571392K), 0.0046407 secs] [Times: user=0.02 sys=0.00, real=0.00 secs] 
2449.200: [GC (Allocation Failure) [PSYoungGen: 55104K->1440K(55808K)] 447939K->394275K(571904K), 0.0044234 secs] [Times: user=0.02 sys=0.00, real=0.01 secs] 
2449.884: [GC (Allocation Failure) [PSYoungGen: 55200K->1376K(55808K)] 448035K->394211K(571904K), 0.0044628 secs] [Times: user=0.02 sys=0.00, real=0.00 secs] 
2450.656: [GC (Allocation Failure) [PSYoungGen: 55136K->1408K(55808K)] 447971K->394243K(571904K), 0.0046241 secs] [Times: user=0.02 sys=0.00, real=0.00 secs] 
2452.121: [GC (Allocation Failure) [PSYoungGen: 55168K->1440K(55808K)] 448003K->394275K(571904K), 0.0023613 secs] [Times: user=0.01 sys=0.00, real=0.01 secs] 
2452.561: [GC (Allocation Failure) [PSYoungGen: 55200K->1392K(55808K)] 448035K->394227K(571904K), 0.0022377 secs] [Times: user=0.01 sys=0.00, real=0.01 secs] 
2453.002: [GC (Allocation Failure) [PSYoungGen: 55152K->1440K(55808K)] 447987K->394275K(571904K), 0.0025021 secs] [Times: user=0.01 sys=0.00, real=0.00 secs] 
2453.447: [GC (Allocation Failure) [PSYoungGen: 55200K->1344K(55808K)] 448035K->394179K(571904K), 0.0042994 secs] [Times: user=0.02 sys=0.00, real=0.00 secs] 
2453.932: [GC (Allocation Failure) [PSYoungGen: 55104K->1408K(55808K)] 447939K->394243K(571904K), 0.0035939 secs] [Times: user=0.02 sys=0.00, real=0.00 secs] 
2454.882: [GC (Allocation Failure) [PSYoungGen: 55159K->224K(55808K)] 447994K->393059K(571904K), 0.0016021 secs] [Times: user=0.01 sys=0.00, real=0.00 secs] 
2456.328: [GC (Allocation Failure) [PSYoungGen: 53984K->1376K(55808K)] 446819K->394211K(571904K), 0.0042354 secs] [Times: user=0.02 sys=0.00, real=0.01 secs] 
2457.346: [GC (Allocation Failure) [PSYoungGen: 55136K->1376K(55808K)] 447971K->394211K(571904K), 0.0029533 secs] [Times: user=0.02 sys=0.00, real=0.00 secs] 
2457.790: [GC (Allocation Failure) [PSYoungGen: 55136K->1408K(55808K)] 447971K->394243K(571904K), 0.0022015 secs] [Times: user=0.01 sys=0.00, real=0.01 secs] 
2458.520: [GC (Allocation Failure) [PSYoungGen: 55168K->1392K(55808K)] 448003K->394227K(571904K), 0.0044074 secs] [Times: user=0.01 sys=0.00, real=0.01 secs] 
2459.302: [GC (Allocation Failure) [PSYoungGen: 55152K->1392K(55808K)] 447987K->394227K(571904K), 0.0046579 secs] [Times: user=0.02 sys=0.00, real=0.00 secs] 
2460.564: [GC (Allocation Failure) [PSYoungGen: 55152K->1440K(55808K)] 447987K->394275K(571904K), 0.0028319 secs] [Times: user=0.01 sys=0.00, real=0.00 secs] 
2461.274: [GC (Allocation Failure) [PSYoungGen: 55200K->1408K(55808K)] 448035K->394251K(571904K), 0.0031661 secs] [Times: user=0.02 sys=0.00, real=0.00 secs] 
2461.774: [GC (Allocation Failure) [PSYoungGen: 55168K->1392K(55808K)] 448011K->394235K(571904K), 0.0036394 secs] [Times: user=0.01 sys=0.00, real=0.00 secs] 
2462.402: [GC (Allocation Failure) [PSYoungGen: 55152K->1376K(55808K)] 447995K->394219K(571904K), 0.0025043 secs] [Times: user=0.01 sys=0.00, real=0.00 secs] 
2462.838: [GC (Allocation Failure) [PSYoungGen: 55136K->1408K(55808K)] 447979K->394251K(571904K), 0.0023382 secs] [Times: user=0.01 sys=0.00, real=0.00 secs] 
2463.563: [GC (Allocation Failure) [PSYoungGen: 55168K->1405K(55808K)] 448011K->394248K(571904K), 0.0016801 secs] [Times: user=0.00 sys=0.00, real=0.00 secs] 
2464.618: [GC (Allocation Failure) [PSYoungGen: 55165K->1408K(55808K)] 448008K->394251K(571904K), 0.0029732 secs] [Times: user=0.02 sys=0.00, real=0.00 secs] 
2465.291: [GC (Allocation Failure) [PSYoungGen: 55168K->1392K(55808K)] 448011K->394235K(571904K), 0.0030218 secs] [Times: user=0.01 sys=0.00, real=0.01 secs] 
2466.159: [GC (Allocation Failure) [PSYoungGen: 55152K->1376K(55808K)] 447995K->394219K(571904K), 0.0027877 secs] [Times: user=0.01 sys=0.00, real=0.01 secs] 
2466.819: [GC (Allocation Failure) [PSYoungGen: 55136K->1440K(55808K)] 447979K->394283K(571904K), 0.0030317 secs] [Times: user=0.01 sys=0.01, real=0.01 secs] 
2467.381: [GC (Allocation Failure) [PSYoungGen: 55200K->1376K(55808K)] 448043K->394219K(571904K), 0.0028423 secs] [Times: user=0.02 sys=0.00, real=0.01 secs] 
2468.260: [GC (Allocation Failure) [PSYoungGen: 55136K->1408K(55808K)] 447979K->394251K(571904K), 0.0018425 secs] [Times: user=0.00 sys=0.00, real=0.01 secs] 
2468.627: [GC (Allocation Failure) [PSYoungGen: 55168K->1408K(55808K)] 448011K->394251K(571904K), 0.0021757 secs] [Times: user=0.00 sys=0.00, real=0.00 secs] 
2468.851: [GC (Allocation Failure) [PSYoungGen: 55168K->1408K(55808K)] 448011K->394251K(571904K), 0.0021026 secs] [Times: user=0.00 sys=0.00, real=0.01 secs] 
2469.120: [GC (Allocation Failure) [PSYoungGen: 55168K->1424K(55808K)] 448011K->394275K(571904K), 0.0021833 secs] [Times: user=0.01 sys=0.00, real=0.01 secs] 
2469.463: [GC (Allocation Failure) [PSYoungGen: 55184K->1408K(55808K)] 448035K->394275K(571904K), 0.0021053 secs] [Times: user=0.01 sys=0.00, real=0.00 secs] 
2469.994: [GC (Allocation Failure) [PSYoungGen: 55168K->1389K(55808K)] 448035K->394256K(571904K), 0.0017034 secs] [Times: user=0.00 sys=0.00, real=0.00 secs] 
2470.692: [GC (Allocation Failure) [PSYoungGen: 55149K->1392K(55296K)] 448016K->394259K(571392K), 0.0025411 secs] [Times: user=0.01 sys=0.00, real=0.00 secs] 
2471.037: [GC (Allocation Failure) [PSYoungGen: 55152K->1440K(55296K)] 448019K->394307K(571392K), 0.0021169 secs] [Times: user=0.01 sys=0.00, real=0.00 secs] 
2471.515: [GC (Allocation Failure) [PSYoungGen: 55200K->1376K(55296K)] 448067K->394243K(571392K), 0.0020534 secs] [Times: user=0.01 sys=0.00, real=0.00 secs] 
2472.001: [GC (Allocation Failure) [PSYoungGen: 55136K->1376K(55296K)] 448003K->394243K(571392K), 0.0026313 secs] [Times: user=0.01 sys=0.00, real=0.01 secs] 
2472.450: [GC (Allocation Failure) [PSYoungGen: 55136K->352K(54784K)] 448003K->394243K(570880K), 0.0025432 secs] [Times: user=0.01 sys=0.00, real=0.01 secs] 
2473.467: [GC (Allocation Failure) [PSYoungGen: 54112K->1472K(55808K)] 448003K->395363K(571904K), 0.0021455 secs] [Times: user=0.00 sys=0.00, real=0.00 secs] 
2473.702: [GC (Allocation Failure) [PSYoungGen: 55232K->1440K(55808K)] 449123K->395331K(571904K), 0.0024828 secs] [Times: user=0.01 sys=0.00, real=0.00 secs] 
2473.919: [GC (Allocation Failure) [PSYoungGen: 55200K->1408K(55808K)] 449091K->395299K(571904K), 0.0022318 secs] [Times: user=0.01 sys=0.00, real=0.00 secs] 
2474.143: [GC (Allocation Failure) [PSYoungGen: 55168K->1424K(55808K)] 449059K->395315K(571904K), 0.0021546 secs] [Times: user=0.01 sys=0.00, real=0.00 secs] 
2474.366: [GC (Allocation Failure) [PSYoungGen: 55184K->1408K(55808K)] 449075K->395299K(571904K), 0.0021762 secs] [Times: user=0.01 sys=0.00, real=0.00 secs] 
2474.666: [GC (Allocation Failure) [PSYoungGen: 55168K->1389K(55808K)] 449059K->395304K(571904K), 0.0016519 secs] [Times: user=0.01 sys=0.00, real=0.00 secs] 
2475.324: [GC (Allocation Failure) [PSYoungGen: 55149K->1408K(55808K)] 449064K->395323K(571904K), 0.0021889 secs] [Times: user=0.00 sys=0.00, real=0.00 secs] 
2475.669: [GC (Allocation Failure) [PSYoungGen: 55168K->1344K(55808K)] 449083K->395259K(571904K), 0.0022321 secs] [Times: user=0.01 sys=0.00, real=0.00 secs] 
2476.101: [GC (Allocation Failure) [PSYoungGen: 55104K->1408K(55808K)] 449019K->395323K(571904K), 0.0021928 secs] [Times: user=0.01 sys=0.00, real=0.01 secs] 
2476.494: [GC (Allocation Failure) [PSYoungGen: 55168K->1424K(55808K)] 449083K->395339K(571904K), 0.0022638 secs] [Times: user=0.00 sys=0.00, real=0.00 secs] 
2476.905: [GC (Allocation Failure) [PSYoungGen: 55184K->1408K(55808K)] 449099K->395331K(571904K), 0.0024251 secs] [Times: user=0.01 sys=0.00, real=0.00 secs] 
2477.913: [GC (Allocation Failure) [PSYoungGen: 55168K->1408K(55808K)] 449091K->395331K(571904K), 0.0029889 secs] [Times: user=0.01 sys=0.00, real=0.00 secs] 
2478.713: [GC (Allocation Failure) [PSYoungGen: 55168K->1376K(55808K)] 449091K->395307K(571904K), 0.0042958 secs] [Times: user=0.02 sys=0.00, real=0.00 secs] 
2479.395: [GC (Allocation Failure) [PSYoungGen: 55136K->1376K(55808K)] 449067K->395307K(571904K), 0.0042954 secs] [Times: user=0.02 sys=0.00, real=0.00 secs] 
2480.054: [GC (Allocation Failure) [PSYoungGen: 55136K->1408K(55808K)] 449067K->395339K(571904K), 0.0042208 secs] [Times: user=0.02 sys=0.00, real=0.00 secs] 
2480.703: [GC (Allocation Failure) [PSYoungGen: 55168K->1360K(55808K)] 449099K->395291K(571904K), 0.0044794 secs] [Times: user=0.01 sys=0.00, real=0.00 secs] 
2481.252: [GC (Allocation Failure) [PSYoungGen: 55120K->1408K(55808K)] 449051K->395339K(571904K), 0.0029066 secs] [Times: user=0.01 sys=0.00, real=0.00 secs] 
2482.517: [GC (Allocation Failure) [PSYoungGen: 55168K->1408K(55296K)] 449099K->395339K(571392K), 0.0036832 secs] [Times: user=0.01 sys=0.00, real=0.00 secs] 
2483.106: [GC (Allocation Failure) [PSYoungGen: 55168K->1424K(55296K)] 449099K->395355K(571392K), 0.0046034 secs] [Times: user=0.02 sys=0.00, real=0.00 secs] 
2483.706: [GC (Allocation Failure) [PSYoungGen: 55184K->352K(54784K)] 449115K->395307K(570880K), 0.0046946 secs] [Times: user=0.02 sys=0.00, real=0.00 secs] 
2484.285: [GC (Allocation Failure) [PSYoungGen: 54112K->336K(55808K)] 449067K->395291K(571904K), 0.0042981 secs] [Times: user=0.01 sys=0.00, real=0.00 secs] 
2484.862: [GC (Allocation Failure) [PSYoungGen: 54096K->384K(55808K)] 449051K->395339K(571904K), 0.0046698 secs] [Times: user=0.02 sys=0.00, real=0.00 secs] 
2485.925: [GC (Allocation Failure) [PSYoungGen: 54144K->1696K(55808K)] 449099K->396651K(571904K), 0.0019364 secs] [Times: user=0.00 sys=0.00, real=0.00 secs] 
2486.241: [GC (Allocation Failure) [PSYoungGen: 55456K->1408K(55808K)] 450411K->396363K(571904K), 0.0021692 secs] [Times: user=0.00 sys=0.00, real=0.01 secs] 
2486.631: [GC (Allocation Failure) [PSYoungGen: 55168K->1344K(55808K)] 450123K->396299K(571904K), 0.0045462 secs] [Times: user=0.02 sys=0.00, real=0.01 secs] 
2486.991: [GC (Allocation Failure) [PSYoungGen: 55104K->1408K(55808K)] 450059K->396363K(571904K), 0.0044351 secs] [Times: user=0.02 sys=0.00, real=0.01 secs] 
2487.400: [GC (Allocation Failure) [PSYoungGen: 55168K->1376K(55808K)] 450123K->396331K(571904K), 0.0030559 secs] [Times: user=0.01 sys=0.00, real=0.01 secs] 
2487.812: [GC (Allocation Failure) [PSYoungGen: 55136K->1408K(55808K)] 450091K->396387K(571904K), 0.0029950 secs] [Times: user=0.01 sys=0.00, real=0.00 secs] 
2488.652: [GC (Allocation Failure) [PSYoungGen: 55168K->1440K(55808K)] 450147K->396419K(571904K), 0.0020306 secs] [Times: user=0.01 sys=0.01, real=0.00 secs] 
2488.955: [GC (Allocation Failure) [PSYoungGen: 55200K->1344K(55808K)] 450179K->396323K(571904K), 0.0021301 secs] [Times: user=0.01 sys=0.00, real=0.00 secs] 
2489.178: [GC (Allocation Failure) [PSYoungGen: 55104K->1408K(55808K)] 450083K->396387K(571904K), 0.0020925 secs] [Times: user=0.01 sys=0.00, real=0.00 secs] 
2489.426: [GC (Allocation Failure) [PSYoungGen: 55168K->1392K(55808K)] 450147K->396371K(571904K), 0.0020974 secs] [Times: user=0.01 sys=0.00, real=0.00 secs] 
2489.650: [GC (Allocation Failure) [PSYoungGen: 55152K->1408K(55808K)] 450131K->396387K(571904K), 0.0022453 secs] [Times: user=0.01 sys=0.00, real=0.01 secs] 
2490.368: [GC (Allocation Failure) [PSYoungGen: 55168K->1440K(55808K)] 450147K->396419K(571904K), 0.0017893 secs] [Times: user=0.01 sys=0.00, real=0.00 secs] 
2490.609: [GC (Allocation Failure) [PSYoungGen: 55200K->1376K(55808K)] 450179K->396355K(571904K), 0.0020400 secs] [Times: user=0.01 sys=0.00, real=0.00 secs] 
2490.922: [GC (Allocation Failure) [PSYoungGen: 55136K->1376K(55808K)] 450115K->396355K(571904K), 0.0021812 secs] [Times: user=0.01 sys=0.00, real=0.00 secs] 
2491.146: [GC (Allocation Failure) [PSYoungGen: 55136K->1376K(55808K)] 450115K->396355K(571904K), 0.0020666 secs] [Times: user=0.01 sys=0.00, real=0.00 secs] 
2491.399: [GC (Allocation Failure) [PSYoungGen: 55136K->1408K(55808K)] 450115K->396387K(571904K), 0.0021018 secs] [Times: user=0.01 sys=0.00, real=0.01 secs] 
2491.623: [GC (Allocation Failure) [PSYoungGen: 55168K->1376K(55808K)] 450147K->396355K(571904K), 0.0021199 secs] [Times: user=0.00 sys=0.00, real=0.00 secs] 
2492.336: [GC (Allocation Failure) [PSYoungGen: 55136K->1440K(55808K)] 450115K->396419K(571904K), 0.0021526 secs] [Times: user=0.01 sys=0.00, real=0.00 secs] 
2492.667: [GC (Allocation Failure) [PSYoungGen: 55200K->1408K(55808K)] 450179K->396387K(571904K), 0.0020408 secs] [Times: user=0.01 sys=0.00, real=0.00 secs] 
2493.046: [GC (Allocation Failure) [PSYoungGen: 55168K->1376K(55808K)] 450147K->396355K(571904K), 0.0021475 secs] [Times: user=0.01 sys=0.00, real=0.00 secs] 
2493.439: [GC (Allocation Failure) [PSYoungGen: 55136K->1376K(55808K)] 450115K->396355K(571904K), 0.0018842 secs] [Times: user=0.01 sys=0.00, real=0.00 secs] 
2493.851: [GC (Allocation Failure) [PSYoungGen: 55136K->1408K(55808K)] 450115K->396395K(571904K), 0.0018299 secs] [Times: user=0.01 sys=0.00, real=0.01 secs] 
2494.578: [GC (Allocation Failure) [PSYoungGen: 55168K->1421K(55808K)] 450155K->396408K(571904K), 0.0016974 secs] [Times: user=0.00 sys=0.00, real=0.00 secs] 
2494.888: [GC (Allocation Failure) [PSYoungGen: 55181K->1456K(55808K)] 450168K->396443K(571904K), 0.0019940 secs] [Times: user=0.01 sys=0.00, real=0.00 secs] 
2495.111: [GC (Allocation Failure) [PSYoungGen: 55216K->1440K(55808K)] 450203K->396427K(571904K), 0.0020088 secs] [Times: user=0.00 sys=0.00, real=0.01 secs] 
2495.335: [GC (Allocation Failure) [PSYoungGen: 55200K->1376K(55808K)] 450187K->396363K(571904K), 0.0019274 secs] [Times: user=0.01 sys=0.00, real=0.00 secs] 
2495.558: [GC (Allocation Failure) [PSYoungGen: 55136K->1360K(55808K)] 450123K->396347K(571904K), 0.0021146 secs] [Times: user=0.01 sys=0.00, real=0.00 secs] 
2495.952: [GC (Allocation Failure) [PSYoungGen: 55120K->1376K(55808K)] 450107K->396363K(571904K), 0.0023128 secs] [Times: user=0.01 sys=0.00, real=0.00 secs] 
2496.772: [GC (Allocation Failure) [PSYoungGen: 55136K->1440K(55808K)] 450123K->396427K(571904K), 0.0017891 secs] [Times: user=0.01 sys=0.00, real=0.00 secs] 
2497.224: [GC (Allocation Failure) [PSYoungGen: 55200K->1408K(55808K)] 450187K->396395K(571904K), 0.0019160 secs] [Times: user=0.01 sys=0.00, real=0.00 secs] 
2497.659: [GC (Allocation Failure) [PSYoungGen: 55168K->1344K(55808K)] 450155K->396331K(571904K), 0.0022845 secs] [Times: user=0.01 sys=0.00, real=0.00 secs] 
2498.025: [GC (Allocation Failure) [PSYoungGen: 55104K->1392K(55296K)] 450091K->396379K(571392K), 0.0022235 secs] [Times: user=0.01 sys=0.00, real=0.00 secs] 
2498.417: [GC (Allocation Failure) [PSYoungGen: 55152K->1408K(55296K)] 450139K->396395K(571392K), 0.0020323 secs] [Times: user=0.01 sys=0.00, real=0.00 secs] 
2499.117: [GC (Allocation Failure) [PSYoungGen: 55168K->317K(54784K)] 450155K->396328K(570880K), 0.0016647 secs] [Times: user=0.01 sys=0.00, real=0.00 secs] 
2500.049: [GC (Allocation Failure) [PSYoungGen: 54077K->1392K(55808K)] 450088K->397403K(571904K), 0.0025399 secs] [Times: user=0.01 sys=0.00, real=0.01 secs] 
2500.619: [GC (Allocation Failure) [PSYoungGen: 55152K->1440K(55808K)] 451163K->397451K(571904K), 0.0026878 secs] [Times: user=0.01 sys=0.00, real=0.01 secs] 
2501.147: [GC (Allocation Failure) [PSYoungGen: 55200K->1392K(55808K)] 451211K->397403K(571904K), 0.0031603 secs] [Times: user=0.01 sys=0.00, real=0.00 secs] 
2501.639: [GC (Allocation Failure) [PSYoungGen: 55152K->1408K(55808K)] 451163K->397419K(571904K), 0.0044612 secs] [Times: user=0.02 sys=0.00, real=0.01 secs] 
2502.065: [GC (Allocation Failure) [PSYoungGen: 55168K->1408K(55808K)] 451179K->397427K(571904K), 0.0057580 secs] [Times: user=0.02 sys=0.00, real=0.00 secs] 
2502.860: [GC (Allocation Failure) [PSYoungGen: 55168K->1408K(55808K)] 451187K->397427K(571904K), 0.0019813 secs] [Times: user=0.01 sys=0.00, real=0.01 secs] 
2503.119: [GC (Allocation Failure) [PSYoungGen: 55168K->1440K(55808K)] 451187K->397459K(571904K), 0.0020315 secs] [Times: user=0.01 sys=0.00, real=0.00 secs] 
2503.489: [GC (Allocation Failure) [PSYoungGen: 55200K->1376K(55808K)] 451219K->397395K(571904K), 0.0021025 secs] [Times: user=0.01 sys=0.00, real=0.00 secs] 
2503.930: [GC (Allocation Failure) [PSYoungGen: 55136K->1376K(55808K)] 451155K->397395K(571904K), 0.0035074 secs] [Times: user=0.01 sys=0.00, real=0.01 secs] 
2504.367: [GC (Allocation Failure) [PSYoungGen: 55136K->1408K(55808K)] 451155K->397427K(571904K), 0.0031375 secs] [Times: user=0.01 sys=0.00, real=0.00 secs] 
2505.134: [GC (Allocation Failure) [PSYoungGen: 55168K->1405K(55808K)] 451187K->397424K(571904K), 0.0018118 secs] [Times: user=0.01 sys=0.00, real=0.00 secs] 
2505.660: [GC (Allocation Failure) [PSYoungGen: 55165K->1472K(55808K)] 451184K->397491K(571904K), 0.0029839 secs] [Times: user=0.01 sys=0.00, real=0.01 secs] 
2505.885: [GC (Allocation Failure) [PSYoungGen: 55232K->1408K(55808K)] 451251K->397427K(571904K), 0.0019509 secs] [Times: user=0.01 sys=0.00, real=0.00 secs] 
2506.109: [GC (Allocation Failure) [PSYoungGen: 55168K->1408K(55808K)] 451187K->397427K(571904K), 0.0019215 secs] [Times: user=0.01 sys=0.00, real=0.00 secs] 
2506.356: [GC (Allocation Failure) [PSYoungGen: 55168K->1424K(55808K)] 451187K->397451K(571904K), 0.0019355 secs] [Times: user=0.01 sys=0.00, real=0.00 secs] 
2506.702: [GC (Allocation Failure) [PSYoungGen: 55184K->1376K(55808K)] 451211K->397403K(571904K), 0.0020520 secs] [Times: user=0.01 sys=0.00, real=0.00 secs] 
2507.615: [GC (Allocation Failure) [PSYoungGen: 55136K->1440K(55808K)] 451163K->397467K(571904K), 0.0020014 secs] [Times: user=0.01 sys=0.00, real=0.00 secs] 
2508.016: [GC (Allocation Failure) [PSYoungGen: 55200K->1392K(55808K)] 451227K->397419K(571904K), 0.0021354 secs] [Times: user=0.01 sys=0.00, real=0.00 secs] 
2508.240: [GC (Allocation Failure) [PSYoungGen: 55152K->1408K(55808K)] 451179K->397435K(571904K), 0.0021595 secs] [Times: user=0.01 sys=0.00, real=0.01 secs] 
2508.611: [GC (Allocation Failure) [PSYoungGen: 55168K->1408K(55808K)] 451195K->397435K(571904K), 0.0019563 secs] [Times: user=0.00 sys=0.01, real=0.01 secs] 
2509.097: [GC (Allocation Failure) [PSYoungGen: 55168K->1376K(55296K)] 451195K->397411K(571392K), 0.0032687 secs] [Times: user=0.01 sys=0.01, real=0.00 secs] 
2509.570: [GC (Allocation Failure) [PSYoungGen: 55136K->1373K(55296K)] 451171K->397408K(571392K), 0.0028336 secs] [Times: user=0.01 sys=0.00, real=0.01 secs] 
2510.441: [GC (Allocation Failure) [PSYoungGen: 55133K->1440K(55296K)] 451168K->397475K(571392K), 0.0033739 secs] [Times: user=0.02 sys=0.00, real=0.01 secs] 
2510.669: [GC (Allocation Failure) [PSYoungGen: 55200K->1408K(55296K)] 451235K->397443K(571392K), 0.0020644 secs] [Times: user=0.01 sys=0.00, real=0.00 secs] 
2510.892: [GC (Allocation Failure) [PSYoungGen: 55168K->1408K(55296K)] 451203K->397443K(571392K), 0.0021622 secs] [Times: user=0.00 sys=0.00, real=0.00 secs] 
2511.116: [GC (Allocation Failure) [PSYoungGen: 55168K->1424K(55296K)] 451203K->397459K(571392K), 0.0020167 secs] [Times: user=0.01 sys=0.00, real=0.00 secs] 
2511.339: [GC (Allocation Failure) [PSYoungGen: 55184K->1408K(55296K)] 451219K->397443K(571392K), 0.0023304 secs] [Times: user=0.01 sys=0.00, real=0.01 secs] 
2512.569: [GC (Allocation Failure) [PSYoungGen: 55168K->1440K(55296K)] 451203K->397987K(571392K), 0.0047378 secs] [Times: user=0.02 sys=0.00, real=0.01 secs] 
2513.540: [GC (Allocation Failure) [PSYoungGen: 55200K->1392K(55296K)] 451747K->397939K(571392K), 0.0042915 secs] [Times: user=0.02 sys=0.00, real=0.01 secs] 
2514.267: [GC (Allocation Failure) [PSYoungGen: 55152K->1376K(55296K)] 451699K->397923K(571392K), 0.0035970 secs] [Times: user=0.01 sys=0.00, real=0.00 secs] 
2514.844: [GC (Allocation Failure) [PSYoungGen: 55136K->1408K(55296K)] 451683K->397955K(571392K), 0.0042729 secs] [Times: user=0.02 sys=0.00, real=0.00 secs] 
2515.314: [GC (Allocation Failure) [PSYoungGen: 55168K->1376K(55296K)] 451715K->397923K(571392K), 0.0028622 secs] [Times: user=0.01 sys=0.00, real=0.00 secs] 
2515.751: [GC (Allocation Failure) [PSYoungGen: 55136K->1376K(55296K)] 451683K->397923K(571392K), 0.0028988 secs] [Times: user=0.01 sys=0.00, real=0.01 secs] 
2517.063: [GC (Allocation Failure) [PSYoungGen: 55136K->1408K(55296K)] 451683K->397955K(571392K), 0.0022705 secs] [Times: user=0.01 sys=0.00, real=0.00 secs] 
2517.287: [GC (Allocation Failure) [PSYoungGen: 55168K->1408K(55296K)] 451715K->397971K(571392K), 0.0021723 secs] [Times: user=0.01 sys=0.00, real=0.00 secs] 
2517.547: [GC (Allocation Failure) [PSYoungGen: 55168K->1408K(55296K)] 451731K->397971K(571392K), 0.0021553 secs] [Times: user=0.01 sys=0.00, real=0.00 secs] 
2517.824: [GC (Allocation Failure) [PSYoungGen: 55168K->1440K(55296K)] 451731K->398003K(571392K), 0.0020949 secs] [Times: user=0.01 sys=0.00, real=0.00 secs] 
2518.074: [GC (Allocation Failure) [PSYoungGen: 55200K->1440K(55296K)] 451763K->398003K(571392K), 0.0020593 secs] [Times: user=0.01 sys=0.00, real=0.00 secs] 
2518.778: [GC (Allocation Failure) [PSYoungGen: 55200K->672K(55296K)] 451763K->398259K(571392K), 0.0020228 secs] [Times: user=0.00 sys=0.00, real=0.00 secs] 
2519.201: [GC (Allocation Failure) [PSYoungGen: 54432K->352K(55808K)] 452019K->397939K(571904K), 0.0021576 secs] [Times: user=0.01 sys=0.00, real=0.01 secs] 
2519.493: [GC (Allocation Failure) [PSYoungGen: 54112K->352K(55808K)] 451699K->397939K(571904K), 0.0022911 secs] [Times: user=0.01 sys=0.00, real=0.00 secs] 
2519.716: [GC (Allocation Failure) [PSYoungGen: 54112K->352K(55808K)] 451699K->397939K(571904K), 0.0020606 secs] [Times: user=0.01 sys=0.00, real=0.00 secs] 
2519.941: [GC (Allocation Failure) [PSYoungGen: 54112K->384K(55808K)] 451699K->397971K(571904K), 0.0022220 secs] [Times: user=0.01 sys=0.00, real=0.01 secs] 
2520.163: [GC (Allocation Failure) [PSYoungGen: 54144K->352K(55808K)] 451731K->397939K(571904K), 0.0020211 secs] [Times: user=0.01 sys=0.00, real=0.00 secs] 
2521.266: [GC (Allocation Failure) [PSYoungGen: 54112K->1408K(55808K)] 451699K->398995K(571904K), 0.0024274 secs] [Times: user=0.01 sys=0.00, real=0.00 secs] 
2521.782: [GC (Allocation Failure) [PSYoungGen: 55168K->1408K(55296K)] 452755K->398995K(571392K), 0.0023981 secs] [Times: user=0.01 sys=0.00, real=0.00 secs] 
2522.458: [GC (Allocation Failure) [PSYoungGen: 54656K->1376K(55808K)] 452243K->398963K(571904K), 0.0048752 secs] [Times: user=0.02 sys=0.00, real=0.01 secs] 
2523.035: [GC (Allocation Failure) [PSYoungGen: 54624K->1376K(55808K)] 452211K->398963K(571904K), 0.0027204 secs] [Times: user=0.01 sys=0.00, real=0.00 secs] 
2523.650: [GC (Allocation Failure) [PSYoungGen: 54624K->1360K(55808K)] 452211K->398947K(571904K), 0.0029164 secs] [Times: user=0.02 sys=0.00, real=0.01 secs] 
2524.484: [GC (Allocation Failure) [PSYoungGen: 54608K->1373K(55808K)] 452195K->398960K(571904K), 0.0016052 secs] [Times: user=0.01 sys=0.00, real=0.00 secs] 
2525.359: [GC (Allocation Failure) [PSYoungGen: 54621K->1472K(55808K)] 452208K->399059K(571904K), 0.0046187 secs] [Times: user=0.02 sys=0.00, real=0.01 secs] 
2525.938: [GC (Allocation Failure) [PSYoungGen: 54720K->1408K(55808K)] 452307K->398995K(571904K), 0.0034159 secs] [Times: user=0.01 sys=0.00, real=0.00 secs] 
2526.479: [GC (Allocation Failure) [PSYoungGen: 54656K->1376K(55808K)] 452243K->398963K(571904K), 0.0035051 secs] [Times: user=0.02 sys=0.00, real=0.01 secs] 
2527.133: [GC (Allocation Failure) [PSYoungGen: 54624K->1408K(55808K)] 452211K->399011K(571904K), 0.0031747 secs] [Times: user=0.02 sys=0.00, real=0.00 secs] 
2527.798: [GC (Allocation Failure) [PSYoungGen: 54656K->1376K(54784K)] 452259K->398979K(570880K), 0.0034908 secs] [Times: user=0.01 sys=0.00, real=0.00 secs] 
2528.797: [GC (Allocation Failure) [PSYoungGen: 54624K->1456K(55296K)] 452227K->399059K(571392K), 0.0019514 secs] [Times: user=0.00 sys=0.00, real=0.00 secs] 
2529.400: [GC (Allocation Failure) [PSYoungGen: 54704K->1408K(55296K)] 452307K->399011K(571392K), 0.0024057 secs] [Times: user=0.01 sys=0.00, real=0.01 secs] 
2529.987: [GC (Allocation Failure) [PSYoungGen: 54656K->1408K(55296K)] 452259K->399011K(571392K), 0.0023839 secs] [Times: user=0.01 sys=0.01, real=0.00 secs] 
2530.553: [GC (Allocation Failure) [PSYoungGen: 54656K->1424K(55296K)] 452259K->399027K(571392K), 0.0031944 secs] [Times: user=0.02 sys=0.00, real=0.00 secs] 
2531.129: [GC (Allocation Failure) [PSYoungGen: 54672K->1376K(55296K)] 452275K->398987K(571392K), 0.0031613 secs] [Times: user=0.01 sys=0.00, real=0.01 secs] 
2531.857: [GC (Allocation Failure) [PSYoungGen: 54624K->1421K(55296K)] 452235K->399032K(571392K), 0.0021496 secs] [Times: user=0.01 sys=0.00, real=0.00 secs] 
2532.832: [GC (Allocation Failure) [PSYoungGen: 54669K->1424K(55296K)] 452280K->399035K(571392K), 0.0020065 secs] [Times: user=0.01 sys=0.00, real=0.00 secs] 
2533.550: [GC (Allocation Failure) [PSYoungGen: 54672K->1376K(55296K)] 452283K->398987K(571392K), 0.0038493 secs] [Times: user=0.02 sys=0.00, real=0.01 secs] 
2534.054: [GC (Allocation Failure) [PSYoungGen: 54624K->1408K(55296K)] 452235K->399019K(571392K), 0.0026424 secs] [Times: user=0.01 sys=0.00, real=0.00 secs] 
2534.674: [GC (Allocation Failure) [PSYoungGen: 54656K->1408K(55296K)] 452267K->399019K(571392K), 0.0025265 secs] [Times: user=0.01 sys=0.00, real=0.00 secs] 
2535.557: [GC (Allocation Failure) [PSYoungGen: 54656K->1376K(55296K)] 452267K->398987K(571392K), 0.0042674 secs] [Times: user=0.02 sys=0.00, real=0.00 secs] 
2536.993: [GC (Allocation Failure) [PSYoungGen: 54624K->1936K(55296K)] 452235K->400059K(571392K), 0.0032569 secs] [Times: user=0.01 sys=0.00, real=0.00 secs] 
2537.937: [GC (Allocation Failure) [PSYoungGen: 55184K->1440K(55296K)] 453307K->399563K(571392K), 0.0038562 secs] [Times: user=0.01 sys=0.00, real=0.00 secs] 
2538.310: [GC (Allocation Failure) [PSYoungGen: 54688K->1408K(55296K)] 452811K->399539K(571392K), 0.0023870 secs] [Times: user=0.01 sys=0.00, real=0.01 secs] 
2538.568: [GC (Allocation Failure) [PSYoungGen: 54656K->1408K(55296K)] 452787K->399539K(571392K), 0.0022310 secs] [Times: user=0.01 sys=0.00, real=0.00 secs] 
2538.790: [GC (Allocation Failure) [PSYoungGen: 54656K->1408K(55296K)] 452787K->399547K(571392K), 0.0022496 secs] [Times: user=0.01 sys=0.00, real=0.01 secs] 
2539.036: [GC (Allocation Failure) [PSYoungGen: 54656K->1440K(55296K)] 452795K->399587K(571392K), 0.0020607 secs] [Times: user=0.01 sys=0.00, real=0.00 secs] 
2540.879: [GC (Allocation Failure) [PSYoungGen: 54688K->1408K(55296K)] 452835K->399555K(571392K), 0.0045337 secs] [Times: user=0.02 sys=0.00, real=0.01 secs] 
2542.430: [GC (Allocation Failure) [PSYoungGen: 54656K->1408K(55296K)] 452803K->399555K(571392K), 0.0043473 secs] [Times: user=0.02 sys=0.00, real=0.01 secs] 
2542.887: [GC (Allocation Failure) [PSYoungGen: 54656K->1408K(55296K)] 452803K->399555K(571392K), 0.0034544 secs] [Times: user=0.01 sys=0.00, real=0.00 secs] 
2543.308: [GC (Allocation Failure) [PSYoungGen: 54656K->1376K(55296K)] 452803K->399523K(571392K), 0.0042187 secs] [Times: user=0.02 sys=0.00, real=0.01 secs] 
2543.754: [GC (Allocation Failure) [PSYoungGen: 54624K->1344K(55296K)] 452771K->399491K(571392K), 0.0023618 secs] [Times: user=0.01 sys=0.00, real=0.00 secs] 
2544.519: [GC (Allocation Failure) [PSYoungGen: 54592K->1405K(55296K)] 452739K->399552K(571392K), 0.0016997 secs] [Times: user=0.00 sys=0.00, real=0.00 secs] 
2545.317: [GC (Allocation Failure) [PSYoungGen: 54653K->1392K(55296K)] 452800K->399539K(571392K), 0.0034752 secs] [Times: user=0.02 sys=0.00, real=0.00 secs] 
2545.838: [GC (Allocation Failure) [PSYoungGen: 54640K->1360K(55296K)] 452787K->399507K(571392K), 0.0033824 secs] [Times: user=0.02 sys=0.00, real=0.01 secs] 
2546.138: [GC (Allocation Failure) [PSYoungGen: 54608K->1376K(55296K)] 452755K->399523K(571392K), 0.0022654 secs] [Times: user=0.00 sys=0.00, real=0.00 secs] 
2546.567: [GC (Allocation Failure) [PSYoungGen: 54624K->1440K(55296K)] 452771K->399587K(571392K), 0.0021963 secs] [Times: user=0.01 sys=0.00, real=0.00 secs] 
2546.966: [GC (Allocation Failure) [PSYoungGen: 54688K->1408K(55296K)] 452835K->399555K(571392K), 0.0022781 secs] [Times: user=0.01 sys=0.00, real=0.00 secs] 
2548.139: [GC (Allocation Failure) [PSYoungGen: 54656K->1440K(55296K)] 452803K->399587K(571392K), 0.0033069 secs] [Times: user=0.02 sys=0.00, real=0.01 secs] 
2549.132: [GC (Allocation Failure) [PSYoungGen: 54688K->1376K(55296K)] 452835K->399523K(571392K), 0.0027780 secs] [Times: user=0.02 sys=0.00, real=0.00 secs] 
2549.637: [GC (Allocation Failure) [PSYoungGen: 54624K->1408K(54784K)] 452771K->399563K(570880K), 0.0030989 secs] [Times: user=0.01 sys=0.00, real=0.00 secs] 
2550.084: [GC (Allocation Failure) [PSYoungGen: 54656K->1376K(54784K)] 452811K->399531K(570880K), 0.0025795 secs] [Times: user=0.01 sys=0.00, real=0.00 secs] 
2550.541: [GC (Allocation Failure) [PSYoungGen: 54624K->384K(54272K)] 452779K->399563K(570368K), 0.0027705 secs] [Times: user=0.01 sys=0.00, real=0.01 secs] 
2551.119: [GC (Allocation Failure) [PSYoungGen: 53632K->1389K(55296K)] 452811K->400568K(571392K), 0.0020368 secs] [Times: user=0.01 sys=0.00, real=0.00 secs] 
2551.826: [GC (Allocation Failure) [PSYoungGen: 54637K->1440K(55296K)] 453816K->400619K(571392K), 0.0022334 secs] [Times: user=0.00 sys=0.00, real=0.00 secs] 
2552.494: [GC (Allocation Failure) [PSYoungGen: 54688K->1376K(55296K)] 453867K->400555K(571392K), 0.0044557 secs] [Times: user=0.02 sys=0.00, real=0.00 secs] 
2553.230: [GC (Allocation Failure) [PSYoungGen: 54624K->1376K(55296K)] 453803K->400555K(571392K), 0.0044766 secs] [Times: user=0.02 sys=0.00, real=0.01 secs] 
2553.710: [GC (Allocation Failure) [PSYoungGen: 54624K->1376K(55296K)] 453803K->400555K(571392K), 0.0034301 secs] [Times: user=0.01 sys=0.00, real=0.01 secs] 
2554.132: [GC (Allocation Failure) [PSYoungGen: 54624K->1408K(55296K)] 453803K->400587K(571392K), 0.0026576 secs] [Times: user=0.01 sys=0.00, real=0.00 secs] 
2555.070: [GC (Allocation Failure) [PSYoungGen: 54656K->1968K(55296K)] 453835K->401659K(571392K), 0.0021128 secs] [Times: user=0.01 sys=0.00, real=0.01 secs] 
2555.299: [GC (Allocation Failure) [PSYoungGen: 55216K->1376K(55296K)] 454907K->401067K(571392K), 0.0030336 secs] [Times: user=0.01 sys=0.00, real=0.01 secs] 
2555.515: [GC (Allocation Failure) [PSYoungGen: 54624K->1376K(55296K)] 454315K->401067K(571392K), 0.0022614 secs] [Times: user=0.01 sys=0.00, real=0.00 secs] 
2555.765: [GC (Allocation Failure) [PSYoungGen: 54624K->1408K(55296K)] 454315K->401099K(571392K), 0.0020011 secs] [Times: user=0.01 sys=0.00, real=0.00 secs] 
2556.059: [GC (Allocation Failure) [PSYoungGen: 54656K->1408K(55296K)] 454347K->401107K(571392K), 0.0021482 secs] [Times: user=0.01 sys=0.00, real=0.00 secs] 
2556.343: [GC (Allocation Failure) [PSYoungGen: 54656K->1392K(55296K)] 454355K->401115K(571392K), 0.0019082 secs] [Times: user=0.01 sys=0.00, real=0.00 secs] 
2557.196: [GC (Allocation Failure) [PSYoungGen: 54640K->1440K(55296K)] 454363K->401163K(571392K), 0.0022804 secs] [Times: user=0.00 sys=0.00, real=0.00 secs] 
2557.672: [GC (Allocation Failure) [PSYoungGen: 54688K->1360K(55296K)] 454411K->401083K(571392K), 0.0031380 secs] [Times: user=0.02 sys=0.00, real=0.00 secs] 
2557.919: [GC (Allocation Failure) [PSYoungGen: 54608K->1408K(55296K)] 454331K->401131K(571392K), 0.0022407 secs] [Times: user=0.01 sys=0.00, real=0.00 secs] 
2558.140: [GC (Allocation Failure) [PSYoungGen: 54656K->1392K(55296K)] 454379K->401115K(571392K), 0.0022143 secs] [Times: user=0.01 sys=0.00, real=0.01 secs] 
2558.448: [GC (Allocation Failure) [PSYoungGen: 54640K->1376K(55296K)] 454363K->401099K(571392K), 0.0019701 secs] [Times: user=0.01 sys=0.00, real=0.00 secs] 
2559.314: [GC (Allocation Failure) [PSYoungGen: 54624K->1405K(55296K)] 454347K->401136K(571392K), 0.0017989 secs] [Times: user=0.01 sys=0.00, real=0.00 secs] 
2559.976: [GC (Allocation Failure) [PSYoungGen: 54653K->1440K(55296K)] 454384K->401171K(571392K), 0.0018844 secs] [Times: user=0.01 sys=0.00, real=0.00 secs] 
2560.387: [GC (Allocation Failure) [PSYoungGen: 54688K->1408K(55296K)] 454419K->401139K(571392K), 0.0025444 secs] [Times: user=0.01 sys=0.01, real=0.00 secs] 
2560.608: [GC (Allocation Failure) [PSYoungGen: 54656K->1408K(55296K)] 454387K->401139K(571392K), 0.0021983 secs] [Times: user=0.01 sys=0.00, real=0.00 secs] 
2560.830: [GC (Allocation Failure) [PSYoungGen: 54656K->1408K(54784K)] 454387K->401139K(570880K), 0.0020585 secs] [Times: user=0.00 sys=0.00, real=0.01 secs] 
2561.216: [GC (Allocation Failure) [PSYoungGen: 54656K->1408K(54784K)] 454387K->401139K(570880K), 0.0020604 secs] [Times: user=0.01 sys=0.00, real=0.00 secs] 
2562.106: [GC (Allocation Failure) [PSYoungGen: 54656K->448K(54272K)] 454387K->401203K(570368K), 0.0021564 secs] [Times: user=0.01 sys=0.00, real=0.00 secs] 
2562.695: [GC (Allocation Failure) [PSYoungGen: 53696K->368K(55296K)] 454451K->401123K(571392K), 0.0025710 secs] [Times: user=0.01 sys=0.00, real=0.00 secs] 
2563.104: [GC (Allocation Failure) [PSYoungGen: 53616K->352K(55296K)] 454371K->401107K(571392K), 0.0026389 secs] [Times: user=0.01 sys=0.00, real=0.00 secs] 
2563.554: [GC (Allocation Failure) [PSYoungGen: 53600K->400K(55296K)] 454355K->401155K(571392K), 0.0031676 secs] [Times: user=0.01 sys=0.00, real=0.00 secs] 
2563.974: [GC (Allocation Failure) [PSYoungGen: 53648K->352K(55296K)] 454403K->401107K(571392K), 0.0029154 secs] [Times: user=0.01 sys=0.00, real=0.00 secs] 
2564.629: [GC (Allocation Failure) [PSYoungGen: 53600K->1405K(55296K)] 454355K->402160K(571392K), 0.0017011 secs] [Times: user=0.01 sys=0.00, real=0.00 secs] 
2565.167: [GC (Allocation Failure) [PSYoungGen: 54653K->1440K(54784K)] 455408K->402195K(570880K), 0.0019197 secs] [Times: user=0.01 sys=0.00, real=0.00 secs] 
2565.424: [GC (Allocation Failure) [PSYoungGen: 54176K->1408K(55296K)] 454931K->402163K(571392K), 0.0019888 secs] [Times: user=0.00 sys=0.00, real=0.00 secs] 
2565.667: [GC (Allocation Failure) [PSYoungGen: 54144K->1408K(55296K)] 454899K->402163K(571392K), 0.0019341 secs] [Times: user=0.01 sys=0.00, real=0.00 secs] 
2566.040: [GC (Allocation Failure) [PSYoungGen: 54144K->1376K(55296K)] 454899K->402139K(571392K), 0.0019327 secs] [Times: user=0.01 sys=0.00, real=0.01 secs] 
2566.473: [GC (Allocation Failure) [PSYoungGen: 54112K->1376K(55296K)] 454875K->402139K(571392K), 0.0020452 secs] [Times: user=0.01 sys=0.00, real=0.00 secs] 
2567.353: [GC (Allocation Failure) [PSYoungGen: 54112K->2480K(55296K)] 454875K->403243K(571392K), 0.0021983 secs] [Times: user=0.01 sys=0.00, real=0.00 secs] 
2567.897: [GC (Allocation Failure) [PSYoungGen: 55216K->1376K(55296K)] 455979K->402139K(571392K), 0.0025266 secs] [Times: user=0.01 sys=0.00, real=0.00 secs] 
2568.404: [GC (Allocation Failure) [PSYoungGen: 54112K->1376K(55296K)] 454875K->402139K(571392K), 0.0036387 secs] [Times: user=0.02 sys=0.00, real=0.00 secs] 
2569.293: [GC (Allocation Failure) [PSYoungGen: 54112K->1360K(55296K)] 454875K->402131K(571392K), 0.0041451 secs] [Times: user=0.02 sys=0.00, real=0.00 secs] 
2570.147: [GC (Allocation Failure) [PSYoungGen: 54096K->1344K(55296K)] 454867K->402115K(571392K), 0.0035549 secs] [Times: user=0.01 sys=0.00, real=0.00 secs] 
2571.050: [GC (Allocation Failure) [PSYoungGen: 54080K->1440K(55296K)] 454851K->402211K(571392K), 0.0044652 secs] [Times: user=0.02 sys=0.00, real=0.01 secs] 
2572.352: [GC (Allocation Failure) [PSYoungGen: 54176K->1440K(55296K)] 454947K->402211K(571392K), 0.0025762 secs] [Times: user=0.01 sys=0.00, real=0.00 secs] 
2572.629: [GC (Allocation Failure) [PSYoungGen: 54176K->1376K(54272K)] 454947K->402147K(570368K), 0.0022626 secs] [Times: user=0.01 sys=0.00, real=0.00 secs] 
2572.849: [GC (Allocation Failure) [PSYoungGen: 54112K->1376K(54784K)] 454883K->402147K(570880K), 0.0021555 secs] [Times: user=0.00 sys=0.01, real=0.00 secs] 
2573.182: [GC (Allocation Failure) [PSYoungGen: 54112K->1424K(54784K)] 454883K->402195K(570880K), 0.0020068 secs] [Times: user=0.00 sys=0.00, real=0.00 secs] 
2573.741: [GC (Allocation Failure) [PSYoungGen: 54160K->1408K(54784K)] 454931K->402179K(570880K), 0.0022734 secs] [Times: user=0.01 sys=0.00, real=0.00 secs] 
2574.352: [GC (Allocation Failure) [PSYoungGen: 54144K->1405K(54784K)] 454915K->402176K(570880K), 0.0016896 secs] [Times: user=0.01 sys=0.00, real=0.00 secs] 
2574.973: [GC (Allocation Failure) [PSYoungGen: 54141K->1440K(54784K)] 454912K->402211K(570880K), 0.0019362 secs] [Times: user=0.01 sys=0.00, real=0.00 secs] 
2575.339: [GC (Allocation Failure) [PSYoungGen: 54176K->1408K(54784K)] 454947K->402179K(570880K), 0.0016917 secs] [Times: user=0.01 sys=0.00, real=0.00 secs] 
2575.620: [GC (Allocation Failure) [PSYoungGen: 54144K->1408K(54784K)] 454915K->402179K(570880K), 0.0021867 secs] [Times: user=0.01 sys=0.00, real=0.01 secs] 
2575.895: [GC (Allocation Failure) [PSYoungGen: 54144K->1408K(54784K)] 454915K->402187K(570880K), 0.0027762 secs] [Times: user=0.01 sys=0.00, real=0.00 secs] 
2576.145: [GC (Allocation Failure) [PSYoungGen: 54144K->1344K(54784K)] 454923K->402123K(570880K), 0.0022821 secs] [Times: user=0.01 sys=0.00, real=0.00 secs] 
2576.926: [GC (Allocation Failure) [PSYoungGen: 54080K->1392K(54784K)] 454859K->402171K(570880K), 0.0019999 secs] [Times: user=0.01 sys=0.00, real=0.00 secs] 
2577.741: [GC (Allocation Failure) [PSYoungGen: 54128K->1376K(54784K)] 454907K->402179K(570880K), 0.0028135 secs] [Times: user=0.01 sys=0.00, real=0.01 secs] 
2578.363: [GC (Allocation Failure) [PSYoungGen: 54112K->1344K(54784K)] 454915K->402147K(570880K), 0.0026907 secs] [Times: user=0.01 sys=0.00, real=0.00 secs] 
2578.993: [GC (Allocation Failure) [PSYoungGen: 54080K->1360K(54784K)] 454883K->402163K(570880K), 0.0027739 secs] [Times: user=0.01 sys=0.00, real=0.00 secs] 
2579.436: [GC (Allocation Failure) [PSYoungGen: 54096K->1376K(54784K)] 454899K->402179K(570880K), 0.0029887 secs] [Times: user=0.02 sys=0.00, real=0.00 secs] 
2580.225: [GC (Allocation Failure) [PSYoungGen: 54112K->1360K(54784K)] 454915K->402163K(570880K), 0.0033893 secs] [Times: user=0.02 sys=0.00, real=0.00 secs] 
2581.025: [GC (Allocation Failure) [PSYoungGen: 54096K->1392K(54784K)] 454899K->402195K(570880K), 0.0022318 secs] [Times: user=0.01 sys=0.00, real=0.00 secs] 
2581.271: [GC (Allocation Failure) [PSYoungGen: 54128K->1344K(54784K)] 454931K->402147K(570880K), 0.0022980 secs] [Times: user=0.01 sys=0.00, real=0.01 secs] 
2581.622: [GC (Allocation Failure) [PSYoungGen: 54080K->1376K(54272K)] 454883K->402179K(570368K), 0.0024053 secs] [Times: user=0.01 sys=0.00, real=0.00 secs] 
2581.876: [GC (Allocation Failure) [PSYoungGen: 54112K->1360K(54272K)] 454915K->402163K(570368K), 0.0021572 secs] [Times: user=0.01 sys=0.00, real=0.00 secs] 
2582.150: [GC (Allocation Failure) [PSYoungGen: 54096K->352K(53760K)] 454899K->402179K(569856K), 0.0022481 secs] [Times: user=0.01 sys=0.00, real=0.01 secs] 
2582.842: [GC (Allocation Failure) [PSYoungGen: 53088K->1421K(54784K)] 454915K->403248K(570880K), 0.0018159 secs] [Times: user=0.00 sys=0.00, real=0.00 secs] 
2584.029: [GC (Allocation Failure) [PSYoungGen: 54157K->1408K(54784K)] 455984K->403235K(570880K), 0.0039439 secs] [Times: user=0.02 sys=0.00, real=0.01 secs] 
2584.621: [GC (Allocation Failure) [PSYoungGen: 54144K->1360K(54784K)] 455971K->403187K(570880K), 0.0031495 secs] [Times: user=0.01 sys=0.00, real=0.01 secs] 
2585.051: [GC (Allocation Failure) [PSYoungGen: 54096K->1392K(54784K)] 455923K->403219K(570880K), 0.0029894 secs] [Times: user=0.01 sys=0.00, real=0.01 secs] 
2585.513: [GC (Allocation Failure) [PSYoungGen: 54128K->1376K(54784K)] 455955K->403203K(570880K), 0.0030404 secs] [Times: user=0.01 sys=0.00, real=0.00 secs] 
2586.008: [GC (Allocation Failure) [PSYoungGen: 54112K->1344K(54784K)] 455939K->403171K(570880K), 0.0030556 secs] [Times: user=0.02 sys=0.00, real=0.00 secs] 
2588.288: [GC (Allocation Failure) [PSYoungGen: 54080K->1392K(54784K)] 455907K->403219K(570880K), 0.0044820 secs] [Times: user=0.02 sys=0.00, real=0.01 secs] 
2589.025: [GC (Allocation Failure) [PSYoungGen: 54128K->1376K(54784K)] 455955K->403211K(570880K), 0.0029723 secs] [Times: user=0.01 sys=0.00, real=0.00 secs] 
2589.262: [GC (Allocation Failure) [PSYoungGen: 54112K->1376K(54784K)] 455947K->403211K(570880K), 0.0021672 secs] [Times: user=0.00 sys=0.00, real=0.00 secs] 
2589.770: [GC (Allocation Failure) [PSYoungGen: 54112K->1344K(54784K)] 455947K->403179K(570880K), 0.0023547 secs] [Times: user=0.01 sys=0.00, real=0.01 secs] 
2590.507: [GC (Allocation Failure) [PSYoungGen: 54080K->1376K(54784K)] 455915K->403211K(570880K), 0.0024572 secs] [Times: user=0.01 sys=0.00, real=0.00 secs] 
2591.272: [GC (Allocation Failure) [PSYoungGen: 54112K->1344K(54784K)] 455947K->403179K(570880K), 0.0026909 secs] [Times: user=0.01 sys=0.00, real=0.00 secs] 
2592.101: [GC (Allocation Failure) [PSYoungGen: 54080K->1440K(54784K)] 455915K->403275K(570880K), 0.0020285 secs] [Times: user=0.01 sys=0.00, real=0.01 secs] 
2592.329: [GC (Allocation Failure) [PSYoungGen: 54176K->1440K(54784K)] 456011K->403275K(570880K), 0.0021162 secs] [Times: user=0.01 sys=0.00, real=0.00 secs] 
2592.548: [GC (Allocation Failure) [PSYoungGen: 54176K->1440K(54784K)] 456011K->403275K(570880K), 0.0020985 secs] [Times: user=0.01 sys=0.00, real=0.00 secs] 
2592.768: [GC (Allocation Failure) [PSYoungGen: 54176K->1408K(54784K)] 456011K->403243K(570880K), 0.0020178 secs] [Times: user=0.01 sys=0.00, real=0.00 secs] 
2592.986: [GC (Allocation Failure) [PSYoungGen: 54144K->1408K(54784K)] 455979K->403243K(570880K), 0.0019513 secs] [Times: user=0.01 sys=0.00, real=0.00 secs] 
2593.652: [GC (Allocation Failure) [PSYoungGen: 54144K->1421K(54784K)] 455979K->403256K(570880K), 0.0016727 secs] [Times: user=0.01 sys=0.00, real=0.00 secs] 
2594.125: [GC (Allocation Failure) [PSYoungGen: 54157K->1424K(54784K)] 455992K->403259K(570880K), 0.0021767 secs] [Times: user=0.01 sys=0.00, real=0.00 secs] 
2594.553: [GC (Allocation Failure) [PSYoungGen: 54160K->1408K(54784K)] 455995K->403243K(570880K), 0.0027171 secs] [Times: user=0.01 sys=0.00, real=0.00 secs] 
2594.975: [GC (Allocation Failure) [PSYoungGen: 54144K->1376K(54784K)] 455979K->403211K(570880K), 0.0020502 secs] [Times: user=0.01 sys=0.00, real=0.00 secs] 
2595.386: [GC (Allocation Failure) [PSYoungGen: 54112K->1408K(54272K)] 455947K->403243K(570368K), 0.0022639 secs] [Times: user=0.01 sys=0.00, real=0.00 secs] 
2595.868: [GC (Allocation Failure) [PSYoungGen: 54144K->1376K(54272K)] 455979K->403227K(570368K), 0.0023063 secs] [Times: user=0.01 sys=0.00, real=0.00 secs] 
2596.864: [GC (Allocation Failure) [PSYoungGen: 54112K->416K(53760K)] 455963K->403291K(569856K), 0.0022063 secs] [Times: user=0.01 sys=0.00, real=0.00 secs] 
2597.340: [GC (Allocation Failure) [PSYoungGen: 53152K->352K(54784K)] 456027K->403227K(570880K), 0.0020295 secs] [Times: user=0.01 sys=0.00, real=0.01 secs] 
2597.800: [GC (Allocation Failure) [PSYoungGen: 53088K->352K(54784K)] 455963K->403227K(570880K), 0.0020019 secs] [Times: user=0.01 sys=0.00, real=0.01 secs] 
2598.205: [GC (Allocation Failure) [PSYoungGen: 53088K->352K(54784K)] 455963K->403227K(570880K), 0.0022471 secs] [Times: user=0.01 sys=0.00, real=0.00 secs] 
2598.425: [GC (Allocation Failure) [PSYoungGen: 53088K->352K(54784K)] 455963K->403227K(570880K), 0.0020456 secs] [Times: user=0.01 sys=0.00, real=0.00 secs] 
2598.644: [GC (Allocation Failure) [PSYoungGen: 53088K->352K(54784K)] 455963K->403227K(570880K), 0.0018342 secs] [Times: user=0.01 sys=0.00, real=0.00 secs] 
2599.911: [GC (Allocation Failure) [PSYoungGen: 53088K->1440K(54272K)] 455963K->404315K(570368K), 0.0048371 secs] [Times: user=0.02 sys=0.00, real=0.01 secs] 
2600.835: [GC (Allocation Failure) [PSYoungGen: 53664K->1408K(54784K)] 456539K->404283K(570880K), 0.0042723 secs] [Times: user=0.02 sys=0.01, real=0.00 secs] 
2601.527: [GC (Allocation Failure) [PSYoungGen: 53632K->1408K(54784K)] 456507K->404283K(570880K), 0.0038264 secs] [Times: user=0.01 sys=0.00, real=0.00 secs] 
2601.979: [GC (Allocation Failure) [PSYoungGen: 53632K->1376K(54784K)] 456507K->404251K(570880K), 0.0028359 secs] [Times: user=0.01 sys=0.00, real=0.01 secs] 
2602.191: [GC (Allocation Failure) [PSYoungGen: 53600K->1376K(54784K)] 456475K->404251K(570880K), 0.0020628 secs] [Times: user=0.01 sys=0.00, real=0.01 secs] 
2602.795: [GC (Allocation Failure) [PSYoungGen: 53600K->1405K(54784K)] 456475K->404280K(570880K), 0.0016149 secs] [Times: user=0.01 sys=0.00, real=0.00 secs] 
2604.627: [GC (Allocation Failure) [PSYoungGen: 53629K->1408K(54784K)] 456504K->404283K(570880K), 0.0046598 secs] [Times: user=0.02 sys=0.00, real=0.00 secs] 
2605.389: [GC (Allocation Failure) [PSYoungGen: 53632K->1408K(54784K)] 456507K->404283K(570880K), 0.0034691 secs] [Times: user=0.02 sys=0.00, real=0.01 secs] 
2606.051: [GC (Allocation Failure) [PSYoungGen: 53632K->1376K(54784K)] 456507K->404251K(570880K), 0.0044588 secs] [Times: user=0.02 sys=0.00, real=0.01 secs] 
2606.607: [GC (Allocation Failure) [PSYoungGen: 53600K->1408K(54784K)] 456475K->404283K(570880K), 0.0035426 secs] [Times: user=0.02 sys=0.00, real=0.00 secs] 
2607.023: [GC (Allocation Failure) [PSYoungGen: 53632K->1424K(54784K)] 456507K->404299K(570880K), 0.0034731 secs] [Times: user=0.01 sys=0.00, real=0.00 secs] 
2608.015: [GC (Allocation Failure) [PSYoungGen: 53648K->1424K(54784K)] 456523K->404299K(570880K), 0.0018343 secs] [Times: user=0.00 sys=0.00, real=0.00 secs] 
2608.524: [GC (Allocation Failure) [PSYoungGen: 53648K->1424K(54784K)] 456523K->404299K(570880K), 0.0018004 secs] [Times: user=0.01 sys=0.01, real=0.00 secs] 
2609.053: [GC (Allocation Failure) [PSYoungGen: 53648K->1424K(53760K)] 456523K->404299K(569856K), 0.0025355 secs] [Times: user=0.01 sys=0.01, real=0.00 secs] 
2609.584: [GC (Allocation Failure) [PSYoungGen: 53648K->1408K(54272K)] 456523K->404291K(570368K), 0.0027155 secs] [Times: user=0.01 sys=0.00, real=0.00 secs] 
2610.007: [GC (Allocation Failure) [PSYoungGen: 53632K->1344K(54272K)] 456515K->404227K(570368K), 0.0037352 secs] [Times: user=0.02 sys=0.00, real=0.00 secs] 
2610.441: [GC (Allocation Failure) [PSYoungGen: 53568K->1408K(54272K)] 456451K->404291K(570368K), 0.0031518 secs] [Times: user=0.01 sys=0.00, real=0.01 secs] 
2611.894: [GC (Allocation Failure) [PSYoungGen: 53632K->1440K(54272K)] 456515K->404323K(570368K), 0.0035581 secs] [Times: user=0.02 sys=0.00, real=0.00 secs] 
2613.214: [GC (Allocation Failure) [PSYoungGen: 53664K->1376K(54272K)] 456547K->404259K(570368K), 0.0045916 secs] [Times: user=0.02 sys=0.00, real=0.00 secs] 
2614.066: [GC (Allocation Failure) [PSYoungGen: 53600K->1376K(54272K)] 456483K->404259K(570368K), 0.0048748 secs] [Times: user=0.03 sys=0.00, real=0.00 secs] 
2614.779: [GC (Allocation Failure) [PSYoungGen: 53600K->1376K(54272K)] 456483K->404259K(570368K), 0.0038749 secs] [Times: user=0.02 sys=0.00, real=0.01 secs] 
2615.401: [GC (Allocation Failure) [PSYoungGen: 53600K->1408K(54272K)] 456483K->404291K(570368K), 0.0028165 secs] [Times: user=0.01 sys=0.00, real=0.01 secs] 
2616.144: [GC (Allocation Failure) [PSYoungGen: 53632K->1373K(54272K)] 456515K->404256K(570368K), 0.0017353 secs] [Times: user=0.01 sys=0.00, real=0.00 secs] 
2616.741: [GC (Allocation Failure) [PSYoungGen: 53597K->1408K(54272K)] 456480K->404291K(570368K), 0.0033420 secs] [Times: user=0.01 sys=0.00, real=0.01 secs] 
2616.957: [GC (Allocation Failure) [PSYoungGen: 53632K->1424K(54272K)] 456515K->404307K(570368K), 0.0021695 secs] [Times: user=0.00 sys=0.00, real=0.00 secs] 
2617.175: [GC (Allocation Failure) [PSYoungGen: 53648K->1408K(54272K)] 456531K->404291K(570368K), 0.0021150 secs] [Times: user=0.00 sys=0.00, real=0.00 secs] 
2617.392: [GC (Allocation Failure) [PSYoungGen: 53632K->1424K(54272K)] 456515K->404307K(570368K), 0.0020334 secs] [Times: user=0.01 sys=0.00, real=0.00 secs] 
2617.646: [GC (Allocation Failure) [PSYoungGen: 53648K->1408K(54272K)] 456531K->404291K(570368K), 0.0021123 secs] [Times: user=0.01 sys=0.00, real=0.00 secs] 
2618.336: [GC (Allocation Failure) [PSYoungGen: 53632K->1888K(54272K)] 456515K->405307K(570368K), 0.0021051 secs] [Times: user=0.01 sys=0.00, real=0.00 secs] 
2618.559: [GC (Allocation Failure) [PSYoungGen: 54112K->1408K(54272K)] 457531K->404827K(570368K), 0.0021790 secs] [Times: user=0.01 sys=0.00, real=0.00 secs] 
2618.794: [GC (Allocation Failure) [PSYoungGen: 53632K->1408K(54272K)] 457051K->404827K(570368K), 0.0019145 secs] [Times: user=0.01 sys=0.00, real=0.00 secs] 
2619.044: [GC (Allocation Failure) [PSYoungGen: 53632K->1408K(54272K)] 457051K->404827K(570368K), 0.0018811 secs] [Times: user=0.01 sys=0.00, real=0.00 secs] 
2619.260: [GC (Allocation Failure) [PSYoungGen: 53632K->1408K(54272K)] 457051K->404835K(570368K), 0.0020484 secs] [Times: user=0.01 sys=0.00, real=0.01 secs] 
2619.477: [GC (Allocation Failure) [PSYoungGen: 53632K->1392K(54272K)] 457059K->404819K(570368K), 0.0020320 secs] [Times: user=0.01 sys=0.00, real=0.00 secs] 
2620.167: [GC (Allocation Failure) [PSYoungGen: 53616K->1456K(54272K)] 457043K->404883K(570368K), 0.0019449 secs] [Times: user=0.00 sys=0.00, real=0.00 secs] 
2620.400: [GC (Allocation Failure) [PSYoungGen: 53680K->1408K(54272K)] 457107K->404835K(570368K), 0.0017107 secs] [Times: user=0.00 sys=0.01, real=0.01 secs] 
2620.673: [GC (Allocation Failure) [PSYoungGen: 53632K->1376K(54272K)] 457059K->404803K(570368K), 0.0020212 secs] [Times: user=0.01 sys=0.00, real=0.00 secs] 
2620.995: [GC (Allocation Failure) [PSYoungGen: 53600K->1376K(54272K)] 457027K->404803K(570368K), 0.0030953 secs] [Times: user=0.02 sys=0.00, real=0.00 secs] 
2621.372: [GC (Allocation Failure) [PSYoungGen: 53600K->1344K(54272K)] 457027K->404771K(570368K), 0.0036109 secs] [Times: user=0.02 sys=0.00, real=0.00 secs] 
2621.867: [GC (Allocation Failure) [PSYoungGen: 53568K->1389K(54272K)] 456995K->404816K(570368K), 0.0020929 secs] [Times: user=0.01 sys=0.00, real=0.00 secs] 
2622.678: [GC (Allocation Failure) [PSYoungGen: 53613K->1440K(54272K)] 457040K->404867K(570368K), 0.0021288 secs] [Times: user=0.01 sys=0.00, real=0.00 secs] 
2623.149: [GC (Allocation Failure) [PSYoungGen: 53664K->1360K(54272K)] 457091K->404787K(570368K), 0.0051456 secs] [Times: user=0.02 sys=0.00, real=0.01 secs] 
2623.522: [GC (Allocation Failure) [PSYoungGen: 53584K->1376K(54272K)] 457011K->404803K(570368K), 0.0029325 secs] [Times: user=0.02 sys=0.00, real=0.00 secs] 
2623.914: [GC (Allocation Failure) [PSYoungGen: 53600K->1408K(54272K)] 457027K->404835K(570368K), 0.0025885 secs] [Times: user=0.01 sys=0.01, real=0.00 secs] 
2624.399: [GC (Allocation Failure) [PSYoungGen: 53632K->1376K(53760K)] 457059K->404803K(569856K), 0.0028251 secs] [Times: user=0.01 sys=0.00, real=0.01 secs] 
2625.238: [GC (Allocation Failure) [PSYoungGen: 53599K->1376K(53760K)] 457026K->404819K(569856K), 0.0020388 secs] [Times: user=0.01 sys=0.00, real=0.00 secs] 
2625.699: [GC (Allocation Failure) [PSYoungGen: 53600K->320K(53248K)] 457043K->404787K(569344K), 0.0022674 secs] [Times: user=0.01 sys=0.00, real=0.01 secs] 
2625.925: [GC (Allocation Failure) [PSYoungGen: 52544K->352K(54272K)] 457011K->404819K(570368K), 0.0017879 secs] [Times: user=0.00 sys=0.00, real=0.00 secs] 
2626.283: [GC (Allocation Failure) [PSYoungGen: 52576K->384K(54272K)] 457043K->404851K(570368K), 0.0019937 secs] [Times: user=0.01 sys=0.00, real=0.00 secs] 
2626.682: [GC (Allocation Failure) [PSYoungGen: 52608K->352K(54272K)] 457075K->404819K(570368K), 0.0020826 secs] [Times: user=0.00 sys=0.00, real=0.00 secs] 
2627.121: [GC (Allocation Failure) [PSYoungGen: 52576K->352K(54272K)] 457043K->404819K(570368K), 0.0036523 secs] [Times: user=0.01 sys=0.00, real=0.01 secs] 
2628.016: [GC (Allocation Failure) [PSYoungGen: 52576K->1440K(54272K)] 457043K->405907K(570368K), 0.0020627 secs] [Times: user=0.01 sys=0.00, real=0.00 secs] 
2628.487: [GC (Allocation Failure) [PSYoungGen: 53664K->1440K(53760K)] 458131K->405907K(569856K), 0.0019512 secs] [Times: user=0.01 sys=0.00, real=0.00 secs] 
2629.194: [GC (Allocation Failure) [PSYoungGen: 53152K->1376K(54272K)] 457619K->405843K(570368K), 0.0020769 secs] [Times: user=0.01 sys=0.00, real=0.00 secs] 
2629.879: [GC (Allocation Failure) [PSYoungGen: 53088K->1408K(54272K)] 457555K->405875K(570368K), 0.0020156 secs] [Times: user=0.01 sys=0.00, real=0.00 secs] 
2630.643: [GC (Allocation Failure) [PSYoungGen: 53120K->1376K(54272K)] 457587K->405843K(570368K), 0.0020155 secs] [Times: user=0.01 sys=0.00, real=0.00 secs] 
2631.257: [GC (Allocation Failure) [PSYoungGen: 53088K->1408K(54272K)] 457555K->405875K(570368K), 0.0021600 secs] [Times: user=0.01 sys=0.00, real=0.00 secs] 
2632.177: [GC (Allocation Failure) [PSYoungGen: 53120K->1408K(54272K)] 457587K->405875K(570368K), 0.0019870 secs] [Times: user=0.00 sys=0.00, real=0.00 secs] 
2632.865: [GC (Allocation Failure) [PSYoungGen: 53120K->1408K(54272K)] 457587K->405875K(570368K), 0.0021670 secs] [Times: user=0.01 sys=0.00, real=0.00 secs] 
2633.474: [GC (Allocation Failure) [PSYoungGen: 53120K->1440K(54272K)] 457587K->405907K(570368K), 0.0023474 secs] [Times: user=0.01 sys=0.00, real=0.00 secs] 
2633.998: [GC (Allocation Failure) [PSYoungGen: 53152K->1424K(54272K)] 457619K->405891K(570368K), 0.0022112 secs] [Times: user=0.01 sys=0.00, real=0.00 secs] 
2634.689: [GC (Allocation Failure) [PSYoungGen: 53136K->1408K(54272K)] 457603K->405875K(570368K), 0.0024089 secs] [Times: user=0.01 sys=0.00, real=0.00 secs] 
2635.496: [GC (Allocation Failure) [PSYoungGen: 53120K->1405K(53248K)] 457587K->405872K(569344K), 0.0017888 secs] [Times: user=0.01 sys=0.00, real=0.00 secs] 
2636.351: [GC (Allocation Failure) [PSYoungGen: 53117K->1472K(53760K)] 457584K->405939K(569856K), 0.0020649 secs] [Times: user=0.01 sys=0.00, real=0.01 secs] 
2636.883: [GC (Allocation Failure) [PSYoungGen: 53184K->1408K(53760K)] 457651K->405875K(569856K), 0.0020667 secs] [Times: user=0.01 sys=0.00, real=0.00 secs] 
2637.343: [GC (Allocation Failure) [PSYoungGen: 53120K->1408K(53760K)] 457587K->405875K(569856K), 0.0020763 secs] [Times: user=0.01 sys=0.00, real=0.00 secs] 
2637.796: [GC (Allocation Failure) [PSYoungGen: 53120K->1408K(53760K)] 457587K->405883K(569856K), 0.0020727 secs] [Times: user=0.01 sys=0.00, real=0.00 secs] 
2638.094: [GC (Allocation Failure) [PSYoungGen: 53120K->1424K(53760K)] 457595K->405899K(569856K), 0.0022956 secs] [Times: user=0.01 sys=0.00, real=0.00 secs] 
2638.714: [GC (Allocation Failure) [PSYoungGen: 53136K->1373K(53760K)] 457611K->405856K(569856K), 0.0017773 secs] [Times: user=0.00 sys=0.00, real=0.00 secs] 
2640.042: [GC (Allocation Failure) [PSYoungGen: 53085K->1408K(53760K)] 457568K->405891K(569856K), 0.0031878 secs] [Times: user=0.02 sys=0.00, real=0.00 secs] 
2640.725: [GC (Allocation Failure) [PSYoungGen: 53120K->1376K(53760K)] 457603K->405859K(569856K), 0.0031868 secs] [Times: user=0.01 sys=0.00, real=0.00 secs] 
2641.193: [GC (Allocation Failure) [PSYoungGen: 53088K->1376K(53760K)] 457571K->405859K(569856K), 0.0028551 secs] [Times: user=0.01 sys=0.01, real=0.00 secs] 
2641.714: [GC (Allocation Failure) [PSYoungGen: 53088K->1392K(53760K)] 457571K->405875K(569856K), 0.0027913 secs] [Times: user=0.01 sys=0.00, real=0.00 secs] 
2642.152: [GC (Allocation Failure) [PSYoungGen: 53104K->1408K(53760K)] 457587K->405891K(569856K), 0.0027150 secs] [Times: user=0.01 sys=0.00, real=0.00 secs] 
2642.997: [GC (Allocation Failure) [PSYoungGen: 53120K->1408K(53760K)] 457603K->405891K(569856K), 0.0021216 secs] [Times: user=0.01 sys=0.00, real=0.00 secs] 
2643.428: [GC (Allocation Failure) [PSYoungGen: 53120K->1344K(53760K)] 457603K->405827K(569856K), 0.0022180 secs] [Times: user=0.01 sys=0.00, real=0.00 secs] 
2643.862: [GC (Allocation Failure) [PSYoungGen: 53056K->1408K(53760K)] 457539K->405891K(569856K), 0.0023409 secs] [Times: user=0.01 sys=0.00, real=0.00 secs] 
2644.306: [GC (Allocation Failure) [PSYoungGen: 53120K->1376K(53760K)] 457603K->405859K(569856K), 0.0024374 secs] [Times: user=0.01 sys=0.00, real=0.00 secs] 
2644.773: [GC (Allocation Failure) [PSYoungGen: 53088K->1408K(53760K)] 457571K->405891K(569856K), 0.0025398 secs] [Times: user=0.01 sys=0.00, real=0.00 secs] 
2645.255: [GC (Allocation Failure) [PSYoungGen: 53120K->1408K(53760K)] 457603K->405891K(569856K), 0.0027079 secs] [Times: user=0.01 sys=0.00, real=0.00 secs] 
2646.201: [GC (Allocation Failure) [PSYoungGen: 53120K->1440K(53760K)] 457603K->405923K(569856K), 0.0019762 secs] [Times: user=0.01 sys=0.00, real=0.01 secs] 
2646.705: [GC (Allocation Failure) [PSYoungGen: 53152K->1376K(53760K)] 457635K->405859K(569856K), 0.0019891 secs] [Times: user=0.01 sys=0.00, real=0.00 secs] 
2647.044: [GC (Allocation Failure) [PSYoungGen: 53088K->1408K(53760K)] 457571K->405891K(569856K), 0.0020309 secs] [Times: user=0.01 sys=0.00, real=0.00 secs] 
2647.259: [GC (Allocation Failure) [PSYoungGen: 53120K->1408K(53760K)] 457603K->405907K(569856K), 0.0020847 secs] [Times: user=0.01 sys=0.00, real=0.00 secs] 
2647.572: [GC (Allocation Failure) [PSYoungGen: 53120K->1344K(53760K)] 457619K->405843K(569856K), 0.0020196 secs] [Times: user=0.01 sys=0.00, real=0.00 secs] 
2647.995: [GC (Allocation Failure) [PSYoungGen: 53051K->272K(53760K)] 457551K->404771K(569856K), 0.0021979 secs] [Times: user=0.01 sys=0.00, real=0.00 secs] 
2648.883: [GC (Allocation Failure) [PSYoungGen: 51984K->1440K(53760K)] 456483K->405939K(569856K), 0.0021360 secs] [Times: user=0.01 sys=0.00, real=0.00 secs] 
2649.480: [GC (Allocation Failure) [PSYoungGen: 53152K->1408K(53760K)] 457651K->405907K(569856K), 0.0025053 secs] [Times: user=0.01 sys=0.00, real=0.01 secs] 
2650.008: [GC (Allocation Failure) [PSYoungGen: 53120K->1376K(53760K)] 457619K->405875K(569856K), 0.0024602 secs] [Times: user=0.01 sys=0.00, real=0.00 secs] 
2650.503: [GC (Allocation Failure) [PSYoungGen: 53088K->1376K(53760K)] 457587K->405875K(569856K), 0.0025404 secs] [Times: user=0.01 sys=0.00, real=0.00 secs] 
2651.239: [GC (Allocation Failure) [PSYoungGen: 53088K->1376K(53760K)] 457587K->405875K(569856K), 0.0029271 secs] [Times: user=0.02 sys=0.00, real=0.01 secs] 
2652.183: [GC (Allocation Failure) [PSYoungGen: 53088K->1405K(53760K)] 457587K->405904K(569856K), 0.0016720 secs] [Times: user=0.01 sys=0.00, real=0.00 secs] 
2652.570: [GC (Allocation Failure) [PSYoungGen: 53117K->1408K(53760K)] 457616K->405907K(569856K), 0.0019407 secs] [Times: user=0.01 sys=0.00, real=0.01 secs] 
2652.785: [GC (Allocation Failure) [PSYoungGen: 53120K->1376K(53760K)] 457619K->405875K(569856K), 0.0019725 secs] [Times: user=0.01 sys=0.00, real=0.00 secs] 
2653.000: [GC (Allocation Failure) [PSYoungGen: 53088K->1408K(53760K)] 457587K->405907K(569856K), 0.0018053 secs] [Times: user=0.00 sys=0.00, real=0.01 secs] 
2653.215: [GC (Allocation Failure) [PSYoungGen: 53120K->1376K(53760K)] 457619K->405875K(569856K), 0.0018850 secs] [Times: user=0.00 sys=0.00, real=0.00 secs] 
2653.430: [GC (Allocation Failure) [PSYoungGen: 53088K->1376K(53760K)] 457587K->405875K(569856K), 0.0022349 secs] [Times: user=0.01 sys=0.00, real=0.01 secs] 
2654.277: [GC (Allocation Failure) [PSYoungGen: 53088K->1920K(53760K)] 457587K->406419K(569856K), 0.0019771 secs] [Times: user=0.01 sys=0.00, real=0.00 secs] 
2654.781: [GC (Allocation Failure) [PSYoungGen: 53632K->1408K(53760K)] 458131K->405915K(569856K), 0.0020385 secs] [Times: user=0.01 sys=0.00, real=0.01 secs] 
2655.390: [GC (Allocation Failure) [PSYoungGen: 53120K->1376K(53760K)] 457627K->405883K(569856K), 0.0036078 secs] [Times: user=0.01 sys=0.00, real=0.01 secs] 
2655.971: [GC (Allocation Failure) [PSYoungGen: 53088K->1424K(53760K)] 457595K->405931K(569856K), 0.0038068 secs] [Times: user=0.02 sys=0.00, real=0.01 secs] 
2656.615: [GC (Allocation Failure) [PSYoungGen: 53136K->1344K(53760K)] 457643K->405875K(569856K), 0.0035241 secs] [Times: user=0.02 sys=0.00, real=0.00 secs] 
2657.100: [GC (Allocation Failure) [PSYoungGen: 53056K->1408K(53760K)] 457587K->405947K(569856K), 0.0031513 secs] [Times: user=0.02 sys=0.00, real=0.01 secs] 
2658.002: [GC (Allocation Failure) [PSYoungGen: 53120K->1440K(53760K)] 457659K->405979K(569856K), 0.0019398 secs] [Times: user=0.01 sys=0.00, real=0.00 secs] 
2658.217: [GC (Allocation Failure) [PSYoungGen: 53152K->1424K(53760K)] 457691K->405963K(569856K), 0.0020054 secs] [Times: user=0.01 sys=0.00, real=0.00 secs] 
2658.432: [GC (Allocation Failure) [PSYoungGen: 53136K->1408K(53760K)] 457675K->405947K(569856K), 0.0017941 secs] [Times: user=0.01 sys=0.00, real=0.00 secs] 
2658.646: [GC (Allocation Failure) [PSYoungGen: 53120K->1408K(53760K)] 457659K->405947K(569856K), 0.0019505 secs] [Times: user=0.01 sys=0.00, real=0.00 secs] 
2658.861: [GC (Allocation Failure) [PSYoungGen: 53120K->1408K(53760K)] 457659K->405947K(569856K), 0.0017388 secs] [Times: user=0.00 sys=0.00, real=0.01 secs] 
2659.099: [GC (Allocation Failure) [PSYoungGen: 53120K->1440K(53760K)] 457659K->405979K(569856K), 0.0020018 secs] [Times: user=0.01 sys=0.00, real=0.00 secs] 
2660.113: [GC (Allocation Failure) [PSYoungGen: 53152K->1408K(53760K)] 457691K->405947K(569856K), 0.0024256 secs] [Times: user=0.01 sys=0.01, real=0.00 secs] 
2660.437: [GC (Allocation Failure) [PSYoungGen: 53120K->1424K(53760K)] 457659K->405963K(569856K), 0.0022759 secs] [Times: user=0.01 sys=0.00, real=0.00 secs] 
2660.653: [GC (Allocation Failure) [PSYoungGen: 53136K->1376K(53248K)] 457675K->405915K(569344K), 0.0023861 secs] [Times: user=0.01 sys=0.00, real=0.00 secs] 
2660.868: [GC (Allocation Failure) [PSYoungGen: 53088K->1408K(53248K)] 457627K->405947K(569344K), 0.0022061 secs] [Times: user=0.00 sys=0.00, real=0.00 secs] 
2661.133: [GC (Allocation Failure) [PSYoungGen: 53120K->1408K(53248K)] 457659K->405947K(569344K), 0.0022473 secs] [Times: user=0.01 sys=0.00, real=0.00 secs] 
2661.604: [GC (Allocation Failure) [PSYoungGen: 53120K->1405K(53248K)] 457659K->405944K(569344K), 0.0016805 secs] [Times: user=0.00 sys=0.00, real=0.00 secs] 
2662.229: [GC (Allocation Failure) [PSYoungGen: 53117K->1440K(53248K)] 457656K->405979K(569344K), 0.0020784 secs] [Times: user=0.01 sys=0.00, real=0.00 secs] 
2662.676: [GC (Allocation Failure) [PSYoungGen: 53152K->1408K(53248K)] 457691K->405947K(569344K), 0.0044129 secs] [Times: user=0.02 sys=0.00, real=0.00 secs] 
2663.165: [GC (Allocation Failure) [PSYoungGen: 53120K->1408K(53248K)] 457659K->405947K(569344K), 0.0035294 secs] [Times: user=0.02 sys=0.00, real=0.00 secs] 
2663.511: [GC (Allocation Failure) [PSYoungGen: 53120K->1408K(53248K)] 457659K->405955K(569344K), 0.0022590 secs] [Times: user=0.01 sys=0.00, real=0.01 secs] 
2663.726: [GC (Allocation Failure) [PSYoungGen: 53120K->1376K(53248K)] 457667K->405923K(569344K), 0.0021132 secs] [Times: user=0.01 sys=0.00, real=0.00 secs] 
2664.585: [GC (Allocation Failure) [PSYoungGen: 53088K->1504K(52736K)] 457635K->406167K(568832K), 0.0020244 secs] [Times: user=0.01 sys=0.00, real=0.00 secs] 
2666.565: [GC (Allocation Failure) [PSYoungGen: 52704K->1312K(53248K)] 457367K->405991K(569344K), 0.0047957 secs] [Times: user=0.02 sys=0.00, real=0.00 secs] 
2666.986: [GC (Allocation Failure) [PSYoungGen: 52512K->1312K(53248K)] 457191K->405991K(569344K), 0.0030299 secs] [Times: user=0.02 sys=0.00, real=0.00 secs] 
2667.543: [GC (Allocation Failure) [PSYoungGen: 52512K->1344K(53248K)] 457191K->406023K(569344K), 0.0030365 secs] [Times: user=0.01 sys=0.00, real=0.00 secs] 
2668.172: [GC (Allocation Failure) [PSYoungGen: 52544K->1280K(53248K)] 457223K->405959K(569344K), 0.0028173 secs] [Times: user=0.01 sys=0.00, real=0.00 secs] 
2668.645: [GC (Allocation Failure) [PSYoungGen: 52480K->1296K(53248K)] 457159K->405975K(569344K), 0.0026256 secs] [Times: user=0.01 sys=0.00, real=0.00 secs] 
2669.589: [GC (Allocation Failure) [PSYoungGen: 52496K->1440K(53248K)] 457175K->407143K(569344K), 0.0020715 secs] [Times: user=0.01 sys=0.00, real=0.00 secs] 
2670.233: [GC (Allocation Failure) [PSYoungGen: 52640K->1376K(53248K)] 458343K->407079K(569344K), 0.0020176 secs] [Times: user=0.01 sys=0.00, real=0.00 secs] 
2670.711: [GC (Allocation Failure) [PSYoungGen: 52576K->1376K(52736K)] 458279K->407079K(568832K), 0.0020479 secs] [Times: user=0.01 sys=0.00, real=0.01 secs] 
2671.133: [GC (Allocation Failure) [PSYoungGen: 52576K->1408K(52736K)] 458279K->407135K(568832K), 0.0022720 secs] [Times: user=0.01 sys=0.00, real=0.00 secs] 
2671.570: [GC (Allocation Failure) [PSYoungGen: 52608K->352K(52224K)] 458335K->407103K(568320K), 0.0020335 secs] [Times: user=0.01 sys=0.00, real=0.01 secs] 
2671.993: [GC (Allocation Failure) [PSYoungGen: 51552K->288K(53248K)] 458303K->407039K(569344K), 0.0031802 secs] [Times: user=0.01 sys=0.00, real=0.00 secs] 
2672.893: [GC (Allocation Failure) [PSYoungGen: 51488K->1440K(53248K)] 458239K->408191K(569344K), 0.0020846 secs] [Times: user=0.00 sys=0.00, real=0.00 secs] 
2673.466: [GC (Allocation Failure) [PSYoungGen: 52640K->1376K(53248K)] 459391K->408127K(569344K), 0.0030856 secs] [Times: user=0.01 sys=0.00, real=0.00 secs] 
2673.709: [GC (Allocation Failure) [PSYoungGen: 52576K->1376K(53248K)] 459327K->408127K(569344K), 0.0027514 secs] [Times: user=0.01 sys=0.00, real=0.01 secs] 
2673.941: [GC (Allocation Failure) [PSYoungGen: 52576K->1376K(53248K)] 459327K->408151K(569344K), 0.0022595 secs] [Times: user=0.01 sys=0.00, real=0.01 secs] 
2674.337: [GC (Allocation Failure) [PSYoungGen: 52576K->1408K(53248K)] 459351K->408183K(569344K), 0.0022073 secs] [Times: user=0.01 sys=0.00, real=0.00 secs] 
2674.840: [GC (Allocation Failure) [PSYoungGen: 52608K->1344K(53248K)] 459383K->408119K(569344K), 0.0031635 secs] [Times: user=0.02 sys=0.00, real=0.01 secs] 
2676.011: [GC (Allocation Failure) [PSYoungGen: 52544K->1440K(53248K)] 459319K->408215K(569344K), 0.0044327 secs] [Times: user=0.02 sys=0.00, real=0.01 secs] 
2676.767: [GC (Allocation Failure) [PSYoungGen: 52640K->1408K(53248K)] 459415K->408183K(569344K), 0.0043128 secs] [Times: user=0.02 sys=0.00, real=0.00 secs] 
2677.335: [GC (Allocation Failure) [PSYoungGen: 52608K->1376K(53248K)] 459383K->408167K(569344K), 0.0043665 secs] [Times: user=0.02 sys=0.00, real=0.00 secs] 
2677.800: [GC (Allocation Failure) [PSYoungGen: 52576K->1408K(53248K)] 459367K->408215K(569344K), 0.0033960 secs] [Times: user=0.01 sys=0.00, real=0.01 secs] 
2678.062: [GC (Allocation Failure) [PSYoungGen: 52608K->1344K(53248K)] 459415K->408151K(569344K), 0.0022047 secs] [Times: user=0.01 sys=0.00, real=0.00 secs] 
2678.550: [GC (Allocation Failure) [PSYoungGen: 52544K->1373K(53248K)] 459351K->408180K(569344K), 0.0016020 secs] [Times: user=0.01 sys=0.00, real=0.01 secs] 
2679.169: [GC (Allocation Failure) [PSYoungGen: 52573K->1408K(53248K)] 459380K->408215K(569344K), 0.0020389 secs] [Times: user=0.01 sys=0.00, real=0.00 secs] 
2679.398: [GC (Allocation Failure) [PSYoungGen: 52608K->1376K(53248K)] 459415K->408183K(569344K), 0.0019368 secs] [Times: user=0.01 sys=0.00, real=0.00 secs] 
2679.611: [GC (Allocation Failure) [PSYoungGen: 52576K->1376K(53248K)] 459383K->408183K(569344K), 0.0029209 secs] [Times: user=0.01 sys=0.01, real=0.01 secs] 
2679.826: [GC (Allocation Failure) [PSYoungGen: 52576K->1376K(53248K)] 459383K->408183K(569344K), 0.0024688 secs] [Times: user=0.01 sys=0.00, real=0.00 secs] 
2680.043: [GC (Allocation Failure) [PSYoungGen: 52576K->1376K(53248K)] 459383K->408183K(569344K), 0.0023807 secs] [Times: user=0.01 sys=0.00, real=0.00 secs] 
2680.691: [GC (Allocation Failure) [PSYoungGen: 52576K->1373K(53248K)] 459383K->408180K(569344K), 0.0016335 secs] [Times: user=0.00 sys=0.00, real=0.01 secs] 
2680.924: [GC (Allocation Failure) [PSYoungGen: 52573K->1440K(53248K)] 459380K->408247K(569344K), 0.0017478 secs] [Times: user=0.01 sys=0.00, real=0.00 secs] 
2681.136: [GC (Allocation Failure) [PSYoungGen: 52640K->1408K(53248K)] 459447K->408215K(569344K), 0.0019014 secs] [Times: user=0.00 sys=0.00, real=0.00 secs] 
2681.349: [GC (Allocation Failure) [PSYoungGen: 52608K->1376K(53248K)] 459415K->408183K(569344K), 0.0019408 secs] [Times: user=0.01 sys=0.00, real=0.00 secs] 
2681.594: [GC (Allocation Failure) [PSYoungGen: 52576K->1376K(53248K)] 459383K->408183K(569344K), 0.0023613 secs] [Times: user=0.01 sys=0.00, real=0.00 secs] 
2681.978: [GC (Allocation Failure) [PSYoungGen: 52576K->1376K(53248K)] 459383K->408183K(569344K), 0.0022585 secs] [Times: user=0.01 sys=0.00, real=0.00 secs] 
2682.765: [GC (Allocation Failure) [PSYoungGen: 52576K->1936K(53248K)] 459383K->409255K(569344K), 0.0017920 secs] [Times: user=0.00 sys=0.00, real=0.00 secs] 
2683.182: [GC (Allocation Failure) [PSYoungGen: 53136K->1376K(53248K)] 460455K->408695K(569344K), 0.0016885 secs] [Times: user=0.01 sys=0.00, real=0.00 secs] 
2683.511: [GC (Allocation Failure) [PSYoungGen: 52576K->1440K(53248K)] 459895K->408759K(569344K), 0.0019258 secs] [Times: user=0.01 sys=0.00, real=0.01 secs] 
2683.731: [GC (Allocation Failure) [PSYoungGen: 52640K->1376K(53248K)] 459959K->408695K(569344K), 0.0035147 secs] [Times: user=0.01 sys=0.00, real=0.01 secs] 
2683.948: [GC (Allocation Failure) [PSYoungGen: 52576K->1376K(53248K)] 459895K->408711K(569344K), 0.0029580 secs] [Times: user=0.01 sys=0.00, real=0.00 secs] 
2684.160: [GC (Allocation Failure) [PSYoungGen: 52576K->1408K(53248K)] 459911K->408743K(569344K), 0.0023013 secs] [Times: user=0.01 sys=0.00, real=0.01 secs] 
2684.889: [GC (Allocation Failure) [PSYoungGen: 52608K->1408K(53248K)] 459943K->408743K(569344K), 0.0019424 secs] [Times: user=0.01 sys=0.00, real=0.00 secs] 
2685.312: [GC (Allocation Failure) [PSYoungGen: 52608K->1408K(53248K)] 459943K->408743K(569344K), 0.0020841 secs] [Times: user=0.01 sys=0.01, real=0.00 secs] 
2685.730: [GC (Allocation Failure) [PSYoungGen: 52608K->1408K(53248K)] 459943K->408743K(569344K), 0.0038019 secs] [Times: user=0.02 sys=0.01, real=0.01 secs] 
2686.172: [GC (Allocation Failure) [PSYoungGen: 52608K->1408K(53248K)] 459943K->408743K(569344K), 0.0036410 secs] [Times: user=0.01 sys=0.00, real=0.00 secs] 
2686.479: [GC (Allocation Failure) [PSYoungGen: 52608K->1408K(53248K)] 459943K->408743K(569344K), 0.0027515 secs] [Times: user=0.01 sys=0.00, real=0.01 secs] 
2686.817: [GC (Allocation Failure) [PSYoungGen: 52608K->1440K(53248K)] 459943K->408775K(569344K), 0.0027207 secs] [Times: user=0.02 sys=0.00, real=0.00 secs] 
2687.731: [GC (Allocation Failure) [PSYoungGen: 52640K->1440K(53248K)] 459975K->408775K(569344K), 0.0018842 secs] [Times: user=0.01 sys=0.00, real=0.01 secs] 
2688.106: [GC (Allocation Failure) [PSYoungGen: 52640K->1344K(53248K)] 459975K->408679K(569344K), 0.0022175 secs] [Times: user=0.00 sys=0.00, real=0.00 secs] 
2688.319: [GC (Allocation Failure) [PSYoungGen: 52544K->1424K(52736K)] 459879K->408759K(568832K), 0.0022938 secs] [Times: user=0.00 sys=0.00, real=0.01 secs] 
2688.532: [GC (Allocation Failure) [PSYoungGen: 52624K->1376K(52736K)] 459959K->408711K(568832K), 0.0021587 secs] [Times: user=0.01 sys=0.00, real=0.00 secs] 
2688.760: [GC (Allocation Failure) [PSYoungGen: 52576K->1376K(52736K)] 459911K->408711K(568832K), 0.0031147 secs] [Times: user=0.01 sys=0.00, real=0.01 secs] 
2689.111: [GC (Allocation Failure) [PSYoungGen: 52576K->1405K(52736K)] 459911K->408740K(568832K), 0.0021335 secs] [Times: user=0.01 sys=0.00, real=0.01 secs] 
2689.847: [GC (Allocation Failure) [PSYoungGen: 52605K->1440K(52736K)] 459940K->408775K(568832K), 0.0019392 secs] [Times: user=0.01 sys=0.00, real=0.00 secs] 
2690.267: [GC (Allocation Failure) [PSYoungGen: 52640K->1408K(52736K)] 459975K->408743K(568832K), 0.0018480 secs] [Times: user=0.00 sys=0.00, real=0.00 secs] 
2690.658: [GC (Allocation Failure) [PSYoungGen: 52608K->1408K(52736K)] 459943K->408743K(568832K), 0.0021628 secs] [Times: user=0.01 sys=0.00, real=0.00 secs] 
2691.069: [GC (Allocation Failure) [PSYoungGen: 52608K->1408K(52736K)] 459943K->408743K(568832K), 0.0038950 secs] [Times: user=0.01 sys=0.00, real=0.01 secs] 
2691.373: [GC (Allocation Failure) [PSYoungGen: 52608K->1376K(52736K)] 459943K->408711K(568832K), 0.0022768 secs] [Times: user=0.01 sys=0.00, real=0.00 secs] 
2691.917: [GC (Allocation Failure) [PSYoungGen: 52576K->1405K(52736K)] 459911K->408740K(568832K), 0.0017236 secs] [Times: user=0.01 sys=0.00, real=0.00 secs] 
2693.103: [GC (Allocation Failure) [PSYoungGen: 52605K->1424K(52736K)] 459940K->408759K(568832K), 0.0043978 secs] [Times: user=0.02 sys=0.00, real=0.00 secs] 
2694.085: [GC (Allocation Failure) [PSYoungGen: 52624K->1360K(52736K)] 459959K->408695K(568832K), 0.0042926 secs] [Times: user=0.02 sys=0.00, real=0.00 secs] 
2694.874: [GC (Allocation Failure) [PSYoungGen: 52560K->1376K(52736K)] 459895K->408711K(568832K), 0.0038572 secs] [Times: user=0.01 sys=0.00, real=0.00 secs] 
2695.515: [GC (Allocation Failure) [PSYoungGen: 52576K->1376K(52736K)] 459911K->408711K(568832K), 0.0035991 secs] [Times: user=0.02 sys=0.00, real=0.00 secs] 
2696.061: [GC (Allocation Failure) [PSYoungGen: 52576K->1376K(52736K)] 459911K->408711K(568832K), 0.0030722 secs] [Times: user=0.02 sys=0.00, real=0.01 secs] 
2696.835: [GC (Allocation Failure) [PSYoungGen: 52576K->1520K(52224K)] 459911K->409375K(568320K), 0.0019503 secs] [Times: user=0.01 sys=0.00, real=0.00 secs] 
2697.327: [GC (Allocation Failure) [PSYoungGen: 52208K->1344K(52736K)] 460063K->409207K(568832K), 0.0024714 secs] [Times: user=0.01 sys=0.00, real=0.00 secs] 
2698.008: [GC (Allocation Failure) [PSYoungGen: 52032K->1376K(52736K)] 459895K->409239K(568832K), 0.0049912 secs] [Times: user=0.03 sys=0.00, real=0.01 secs] 
2698.668: [GC (Allocation Failure) [PSYoungGen: 52064K->1376K(52736K)] 459927K->409239K(568832K), 0.0036129 secs] [Times: user=0.01 sys=0.00, real=0.01 secs] 
2699.358: [GC (Allocation Failure) [PSYoungGen: 52064K->1344K(52736K)] 459927K->409207K(568832K), 0.0036451 secs] [Times: user=0.02 sys=0.00, real=0.01 secs] 
2700.018: [GC (Allocation Failure) [PSYoungGen: 52032K->1376K(52736K)] 459895K->409239K(568832K), 0.0046481 secs] [Times: user=0.02 sys=0.01, real=0.01 secs] 
2700.993: [GC (Allocation Failure) [PSYoungGen: 52064K->1440K(52736K)] 459927K->409303K(568832K), 0.0025798 secs] [Times: user=0.01 sys=0.00, real=0.00 secs] 
2701.839: [GC (Allocation Failure) [PSYoungGen: 52128K->1376K(52736K)] 459991K->409239K(568832K), 0.0026317 secs] [Times: user=0.01 sys=0.00, real=0.01 secs] 
2702.231: [GC (Allocation Failure) [PSYoungGen: 52064K->1344K(52736K)] 459927K->409207K(568832K), 0.0026939 secs] [Times: user=0.01 sys=0.00, real=0.01 secs] 
2702.681: [GC (Allocation Failure) [PSYoungGen: 52032K->1376K(52736K)] 459895K->409239K(568832K), 0.0025240 secs] [Times: user=0.01 sys=0.00, real=0.01 secs] 
2703.263: [GC (Allocation Failure) [PSYoungGen: 52064K->1360K(52736K)] 459927K->409231K(568832K), 0.0025745 secs] [Times: user=0.02 sys=0.00, real=0.00 secs] 
2703.817: [GC (Allocation Failure) [PSYoungGen: 52048K->1376K(52736K)] 459919K->409247K(568832K), 0.0036570 secs] [Times: user=0.01 sys=0.00, real=0.00 secs] 
2704.864: [GC (Allocation Failure) [PSYoungGen: 52064K->1472K(52736K)] 459935K->409343K(568832K), 0.0025742 secs] [Times: user=0.01 sys=0.00, real=0.00 secs] 
2705.126: [GC (Allocation Failure) [PSYoungGen: 52160K->1408K(52736K)] 460031K->409279K(568832K), 0.0021886 secs] [Times: user=0.01 sys=0.00, real=0.00 secs] 
2705.367: [GC (Allocation Failure) [PSYoungGen: 52096K->1408K(52736K)] 459967K->409279K(568832K), 0.0021892 secs] [Times: user=0.01 sys=0.00, real=0.00 secs] 
2705.578: [GC (Allocation Failure) [PSYoungGen: 52096K->1408K(52224K)] 459967K->409279K(568320K), 0.0022546 secs] [Times: user=0.01 sys=0.00, real=0.00 secs] 
2705.789: [GC (Allocation Failure) [PSYoungGen: 52096K->1376K(52224K)] 459967K->409247K(568320K), 0.0021148 secs] [Times: user=0.01 sys=0.00, real=0.00 secs] 
2706.043: [GC (Allocation Failure) [PSYoungGen: 52064K->1424K(52224K)] 459935K->409295K(568320K), 0.0021292 secs] [Times: user=0.01 sys=0.00, real=0.00 secs] 
2708.517: [GC (Allocation Failure) [PSYoungGen: 52112K->1440K(52224K)] 459983K->409327K(568320K), 0.0043474 secs] [Times: user=0.02 sys=0.00, real=0.00 secs] 
2708.862: [GC (Allocation Failure) [PSYoungGen: 52128K->1424K(52224K)] 460015K->409311K(568320K), 0.0023193 secs] [Times: user=0.01 sys=0.01, real=0.00 secs] 
2709.202: [GC (Allocation Failure) [PSYoungGen: 52112K->1408K(52224K)] 459999K->409295K(568320K), 0.0020891 secs] [Times: user=0.01 sys=0.00, real=0.00 secs] 
2709.645: [GC (Allocation Failure) [PSYoungGen: 52096K->1408K(52224K)] 459983K->409295K(568320K), 0.0020846 secs] [Times: user=0.00 sys=0.00, real=0.00 secs] 
2710.110: [GC (Allocation Failure) [PSYoungGen: 52096K->1408K(52224K)] 459983K->409295K(568320K), 0.0020732 secs] [Times: user=0.00 sys=0.00, real=0.01 secs] 
2710.585: [GC (Allocation Failure) [PSYoungGen: 52096K->1408K(52224K)] 459983K->409295K(568320K), 0.0021134 secs] [Times: user=0.01 sys=0.00, real=0.00 secs] 
2711.374: [GC (Allocation Failure) [PSYoungGen: 52096K->1424K(52224K)] 459983K->409311K(568320K), 0.0018251 secs] [Times: user=0.00 sys=0.00, real=0.00 secs] 
2711.796: [GC (Allocation Failure) [PSYoungGen: 52112K->1408K(52224K)] 459999K->409295K(568320K), 0.0019106 secs] [Times: user=0.00 sys=0.00, real=0.00 secs] 
2712.214: [GC (Allocation Failure) [PSYoungGen: 52096K->1376K(52224K)] 459983K->409263K(568320K), 0.0024881 secs] [Times: user=0.01 sys=0.00, real=0.00 secs] 
2712.651: [GC (Allocation Failure) [PSYoungGen: 52064K->1376K(52224K)] 459951K->409263K(568320K), 0.0024013 secs] [Times: user=0.01 sys=0.00, real=0.01 secs] 
2713.050: [GC (Allocation Failure) [PSYoungGen: 52064K->1376K(52224K)] 459951K->409263K(568320K), 0.0023637 secs] [Times: user=0.01 sys=0.00, real=0.01 secs] 
2713.293: [GC (Allocation Failure) [PSYoungGen: 52060K->288K(52224K)] 459947K->408175K(568320K), 0.0020566 secs] [Times: user=0.01 sys=0.00, real=0.00 secs] 
2714.209: [GC (Allocation Failure) [PSYoungGen: 50976K->1440K(52736K)] 458863K->409327K(568832K), 0.0021249 secs] [Times: user=0.01 sys=0.00, real=0.00 secs] 
2714.481: [GC (Allocation Failure) [PSYoungGen: 52128K->1408K(52736K)] 460015K->409295K(568832K), 0.0020691 secs] [Times: user=0.00 sys=0.00, real=0.01 secs] 
2714.841: [GC (Allocation Failure) [PSYoungGen: 52096K->1408K(52736K)] 459983K->409295K(568832K), 0.0021879 secs] [Times: user=0.01 sys=0.00, real=0.01 secs] 
2715.235: [GC (Allocation Failure) [PSYoungGen: 52096K->1440K(52736K)] 459983K->409335K(568832K), 0.0020120 secs] [Times: user=0.01 sys=0.00, real=0.00 secs] 
2715.630: [GC (Allocation Failure) [PSYoungGen: 52128K->1408K(52736K)] 460023K->409327K(568832K), 0.0021557 secs] [Times: user=0.01 sys=0.00, real=0.01 secs] 
2716.206: [GC (Allocation Failure) [PSYoungGen: 52096K->1373K(52736K)] 460015K->409292K(568832K), 0.0016356 secs] [Times: user=0.00 sys=0.00, real=0.00 secs] 
2716.979: [GC (Allocation Failure) [PSYoungGen: 52061K->1408K(52736K)] 459980K->409327K(568832K), 0.0019683 secs] [Times: user=0.01 sys=0.00, real=0.00 secs] 
2717.668: [GC (Allocation Failure) [PSYoungGen: 52096K->1408K(52736K)] 460015K->409327K(568832K), 0.0022009 secs] [Times: user=0.01 sys=0.01, real=0.00 secs] 
2718.147: [GC (Allocation Failure) [PSYoungGen: 52096K->1408K(52736K)] 460015K->409327K(568832K), 0.0027520 secs] [Times: user=0.02 sys=0.00, real=0.00 secs] 
2718.624: [GC (Allocation Failure) [PSYoungGen: 52096K->1408K(52736K)] 460015K->409327K(568832K), 0.0023056 secs] [Times: user=0.01 sys=0.00, real=0.00 secs] 
2719.166: [GC (Allocation Failure) [PSYoungGen: 52096K->1376K(52736K)] 460015K->409295K(568832K), 0.0030319 secs] [Times: user=0.02 sys=0.00, real=0.00 secs] 
2720.050: [GC (GCLocker Initiated GC) [PSYoungGen: 52064K->1373K(52736K)] 459983K->409292K(568832K), 0.0017834 secs] [Times: user=0.00 sys=0.00, real=0.00 secs] 
2720.459: [GC (Allocation Failure) [PSYoungGen: 52061K->1456K(52736K)] 459984K->409379K(568832K), 0.0020591 secs] [Times: user=0.01 sys=0.00, real=0.00 secs] 
2720.867: [GC (Allocation Failure) [PSYoungGen: 52144K->1408K(52736K)] 460067K->409331K(568832K), 0.0021027 secs] [Times: user=0.01 sys=0.00, real=0.00 secs] 
2721.302: [GC (Allocation Failure) [PSYoungGen: 52096K->1376K(52736K)] 460019K->409299K(568832K), 0.0035558 secs] [Times: user=0.01 sys=0.00, real=0.00 secs] 
2721.724: [GC (Allocation Failure) [PSYoungGen: 52064K->1376K(52736K)] 459987K->409299K(568832K), 0.0035857 secs] [Times: user=0.01 sys=0.00, real=0.00 secs] 
2722.182: [GC (Allocation Failure) [PSYoungGen: 52064K->1408K(52224K)] 459987K->409331K(568320K), 0.0030576 secs] [Times: user=0.01 sys=0.00, real=0.00 secs] 
2723.003: [GC (Allocation Failure) [PSYoungGen: 52096K->192K(52224K)] 460019K->408115K(568320K), 0.0016526 secs] [Times: user=0.00 sys=0.00, real=0.00 secs] 
2723.934: [GC (Allocation Failure) [PSYoungGen: 50880K->1408K(52736K)] 458803K->409331K(568832K), 0.0027372 secs] [Times: user=0.01 sys=0.00, real=0.00 secs] 
2724.680: [GC (Allocation Failure) [PSYoungGen: 52096K->1472K(52736K)] 460019K->409395K(568832K), 0.0045886 secs] [Times: user=0.02 sys=0.00, real=0.01 secs] 
2725.362: [GC (Allocation Failure) [PSYoungGen: 52160K->1440K(52736K)] 460083K->409363K(568832K), 0.0036957 secs] [Times: user=0.01 sys=0.00, real=0.00 secs] 
2726.031: [GC (Allocation Failure) [PSYoungGen: 52128K->1424K(52736K)] 460051K->409355K(568832K), 0.0037867 secs] [Times: user=0.01 sys=0.00, real=0.01 secs] 
2726.575: [GC (Allocation Failure) [PSYoungGen: 52112K->1440K(52736K)] 460043K->409371K(568832K), 0.0032404 secs] [Times: user=0.02 sys=0.00, real=0.00 secs] 
2727.391: [GC (Allocation Failure) [PSYoungGen: 52128K->1968K(52736K)] 460059K->409899K(568832K), 0.0024133 secs] [Times: user=0.01 sys=0.01, real=0.01 secs] 
2728.050: [GC (Allocation Failure) [PSYoungGen: 52656K->1472K(52736K)] 460587K->409411K(568832K), 0.0020849 secs] [Times: user=0.01 sys=0.00, real=0.01 secs] 
2728.559: [GC (Allocation Failure) [PSYoungGen: 52160K->1440K(52736K)] 460099K->409379K(568832K), 0.0031588 secs] [Times: user=0.02 sys=0.00, real=0.01 secs] 
2728.976: [GC (Allocation Failure) [PSYoungGen: 52128K->1456K(52736K)] 460067K->409395K(568832K), 0.0032107 secs] [Times: user=0.02 sys=0.01, real=0.00 secs] 
2729.406: [GC (Allocation Failure) [PSYoungGen: 52144K->1376K(52736K)] 460083K->409379K(568832K), 0.0034500 secs] [Times: user=0.01 sys=0.00, real=0.00 secs] 
2729.947: [GC (Allocation Failure) [PSYoungGen: 52064K->1376K(52736K)] 460067K->409379K(568832K), 0.0034497 secs] [Times: user=0.02 sys=0.00, real=0.00 secs] 
2730.841: [GC (Allocation Failure) [PSYoungGen: 52064K->1440K(52736K)] 460067K->409443K(568832K), 0.0019077 secs] [Times: user=0.01 sys=0.00, real=0.01 secs] 
2731.076: [GC (Allocation Failure) [PSYoungGen: 52128K->1424K(52736K)] 460131K->409427K(568832K), 0.0022126 secs] [Times: user=0.01 sys=0.00, real=0.00 secs] 
2731.313: [GC (Allocation Failure) [PSYoungGen: 52112K->1376K(52736K)] 460115K->409379K(568832K), 0.0022598 secs] [Times: user=0.01 sys=0.00, real=0.00 secs] 
2731.525: [GC (Allocation Failure) [PSYoungGen: 52064K->1376K(52736K)] 460067K->409379K(568832K), 0.0020910 secs] [Times: user=0.01 sys=0.00, real=0.00 secs] 
2731.767: [GC (Allocation Failure) [PSYoungGen: 52064K->1376K(52736K)] 460067K->409379K(568832K), 0.0021965 secs] [Times: user=0.01 sys=0.00, real=0.00 secs] 
2731.978: [GC (Allocation Failure) [PSYoungGen: 52064K->1376K(52736K)] 460067K->409379K(568832K), 0.0021760 secs] [Times: user=0.01 sys=0.00, real=0.00 secs] 
2732.657: [GC (Allocation Failure) [PSYoungGen: 52064K->1456K(52736K)] 460067K->409459K(568832K), 0.0020648 secs] [Times: user=0.01 sys=0.00, real=0.00 secs] 
2732.944: [GC (Allocation Failure) [PSYoungGen: 52144K->1408K(52736K)] 460147K->409411K(568832K), 0.0022848 secs] [Times: user=0.01 sys=0.00, real=0.00 secs] 
2733.202: [GC (Allocation Failure) [PSYoungGen: 52096K->1408K(52736K)] 460099K->409411K(568832K), 0.0021465 secs] [Times: user=0.01 sys=0.00, real=0.00 secs] 
2733.414: [GC (Allocation Failure) [PSYoungGen: 52096K->1376K(52736K)] 460099K->409379K(568832K), 0.0021935 secs] [Times: user=0.01 sys=0.00, real=0.00 secs] 
2733.624: [GC (Allocation Failure) [PSYoungGen: 52064K->1344K(52736K)] 460067K->409347K(568832K), 0.0027098 secs] [Times: user=0.01 sys=0.00, real=0.00 secs] 
2733.902: [GC (Allocation Failure) [PSYoungGen: 52032K->1408K(52736K)] 460035K->409419K(568832K), 0.0021121 secs] [Times: user=0.01 sys=0.00, real=0.00 secs] 
2734.692: [GC (Allocation Failure) [PSYoungGen: 52096K->1376K(52736K)] 460107K->409387K(568832K), 0.0020623 secs] [Times: user=0.01 sys=0.00, real=0.00 secs] 
2735.109: [GC (Allocation Failure) [PSYoungGen: 52064K->1376K(52224K)] 460075K->409387K(568320K), 0.0022537 secs] [Times: user=0.01 sys=0.00, real=0.01 secs] 
2735.533: [GC (Allocation Failure) [PSYoungGen: 52064K->1408K(52224K)] 460075K->409419K(568320K), 0.0044915 secs] [Times: user=0.01 sys=0.00, real=0.00 secs] 
2735.910: [GC (Allocation Failure) [PSYoungGen: 52096K->352K(51712K)] 460107K->409387K(567808K), 0.0026355 secs] [Times: user=0.02 sys=0.01, real=0.01 secs] 
2736.311: [GC (Allocation Failure) [PSYoungGen: 51040K->352K(52736K)] 460075K->409387K(568832K), 0.0026465 secs] [Times: user=0.02 sys=0.00, real=0.01 secs] 
2736.716: [GC (Allocation Failure) [PSYoungGen: 51040K->352K(52736K)] 460075K->409387K(568832K), 0.0025895 secs] [Times: user=0.01 sys=0.00, real=0.00 secs] 
2737.859: [GC (Allocation Failure) [PSYoungGen: 51040K->1424K(52736K)] 460075K->410459K(568832K), 0.0031650 secs] [Times: user=0.01 sys=0.00, real=0.01 secs] 
2738.580: [GC (Allocation Failure) [PSYoungGen: 52112K->1376K(52736K)] 461147K->410411K(568832K), 0.0036760 secs] [Times: user=0.02 sys=0.00, real=0.01 secs] 
2739.442: [GC (Allocation Failure) [PSYoungGen: 52064K->1376K(52736K)] 461099K->410411K(568832K), 0.0034102 secs] [Times: user=0.02 sys=0.00, real=0.00 secs] 
2740.126: [GC (Allocation Failure) [PSYoungGen: 52064K->1376K(52736K)] 461099K->410411K(568832K), 0.0028052 secs] [Times: user=0.02 sys=0.00, real=0.00 secs] 
2740.691: [GC (Allocation Failure) [PSYoungGen: 52064K->1440K(52736K)] 461099K->410475K(568832K), 0.0032280 secs] [Times: user=0.01 sys=0.01, real=0.01 secs] 
2741.629: [GC (Allocation Failure) [PSYoungGen: 52128K->1389K(52736K)] 461163K->410424K(568832K), 0.0019587 secs] [Times: user=0.00 sys=0.00, real=0.00 secs] 
2742.619: [GC (Allocation Failure) [PSYoungGen: 52077K->1440K(52736K)] 461112K->410475K(568832K), 0.0028009 secs] [Times: user=0.01 sys=0.00, real=0.01 secs] 
2743.440: [GC (Allocation Failure) [PSYoungGen: 52128K->1376K(52736K)] 461163K->410411K(568832K), 0.0037009 secs] [Times: user=0.02 sys=0.01, real=0.01 secs] 
2744.097: [GC (Allocation Failure) [PSYoungGen: 52064K->1440K(52736K)] 461099K->410475K(568832K), 0.0036049 secs] [Times: user=0.02 sys=0.00, real=0.00 secs] 
2744.701: [GC (Allocation Failure) [PSYoungGen: 52128K->1344K(52736K)] 461163K->410379K(568832K), 0.0025086 secs] [Times: user=0.01 sys=0.00, real=0.01 secs] 
2745.250: [GC (Allocation Failure) [PSYoungGen: 52032K->1376K(52736K)] 461067K->410411K(568832K), 0.0030853 secs] [Times: user=0.01 sys=0.00, real=0.01 secs] 
2746.163: [GC (Allocation Failure) [PSYoungGen: 52064K->1405K(52736K)] 461099K->410440K(568832K), 0.0016922 secs] [Times: user=0.01 sys=0.00, real=0.00 secs] 
2746.930: [GC (Allocation Failure) [PSYoungGen: 52093K->1440K(52736K)] 461128K->410475K(568832K), 0.0030429 secs] [Times: user=0.01 sys=0.00, real=0.01 secs] 
2747.640: [GC (Allocation Failure) [PSYoungGen: 52128K->1376K(52736K)] 461163K->410411K(568832K), 0.0048862 secs] [Times: user=0.02 sys=0.00, real=0.01 secs] 
2748.195: [GC (Allocation Failure) [PSYoungGen: 52064K->1408K(52736K)] 461099K->410443K(568832K), 0.0023589 secs] [Times: user=0.01 sys=0.00, real=0.00 secs] 
2748.703: [GC (Allocation Failure) [PSYoungGen: 52096K->1408K(52736K)] 461131K->410443K(568832K), 0.0023857 secs] [Times: user=0.01 sys=0.00, real=0.00 secs] 
2749.148: [GC (Allocation Failure) [PSYoungGen: 52096K->1408K(52736K)] 461131K->410443K(568832K), 0.0025238 secs] [Times: user=0.01 sys=0.00, real=0.00 secs] 
2750.216: [GC (Allocation Failure) [PSYoungGen: 52096K->128K(52736K)] 461131K->409171K(568832K), 0.0017370 secs] [Times: user=0.00 sys=0.00, real=0.00 secs] 
2750.447: [GC (Allocation Failure) [PSYoungGen: 50816K->1408K(52736K)] 459859K->410451K(568832K), 0.0019219 secs] [Times: user=0.01 sys=0.00, real=0.00 secs] 
2750.819: [GC (Allocation Failure) [PSYoungGen: 52096K->1408K(52736K)] 461139K->410451K(568832K), 0.0019305 secs] [Times: user=0.01 sys=0.00, real=0.00 secs] 
2751.244: [GC (Allocation Failure) [PSYoungGen: 52096K->1408K(52736K)] 461139K->410451K(568832K), 0.0020512 secs] [Times: user=0.01 sys=0.00, real=0.00 secs] 
2751.733: [GC (Allocation Failure) [PSYoungGen: 52096K->1408K(52736K)] 461139K->410459K(568832K), 0.0020860 secs] [Times: user=0.00 sys=0.00, real=0.00 secs] 
2752.177: [GC (Allocation Failure) [PSYoungGen: 52096K->1408K(52736K)] 461147K->410459K(568832K), 0.0021897 secs] [Times: user=0.01 sys=0.00, real=0.00 secs] 
2753.004: [GC (Allocation Failure) [PSYoungGen: 52096K->1664K(52736K)] 461147K->410715K(568832K), 0.0018061 secs] [Times: user=0.01 sys=0.00, real=0.00 secs] 
2753.214: [GC (Allocation Failure) [PSYoungGen: 52352K->1408K(52736K)] 461403K->410459K(568832K), 0.0016890 secs] [Times: user=0.00 sys=0.00, real=0.00 secs] 
2753.449: [GC (Allocation Failure) [PSYoungGen: 52096K->1360K(52736K)] 461147K->410411K(568832K), 0.0017047 secs] [Times: user=0.01 sys=0.00, real=0.00 secs] 
2753.670: [GC (Allocation Failure) [PSYoungGen: 52048K->1408K(52736K)] 461099K->410459K(568832K), 0.0016917 secs] [Times: user=0.00 sys=0.00, real=0.01 secs] 
2753.958: [GC (Allocation Failure) [PSYoungGen: 52096K->1424K(52736K)] 461147K->410475K(568832K), 0.0018183 secs] [Times: user=0.00 sys=0.00, real=0.00 secs] 
2754.272: [GC (Allocation Failure) [PSYoungGen: 52112K->1376K(52736K)] 461163K->410427K(568832K), 0.0019382 secs] [Times: user=0.01 sys=0.00, real=0.00 secs] 
2755.016: [GC (Allocation Failure) [PSYoungGen: 52064K->1440K(52736K)] 461115K->410491K(568832K), 0.0019626 secs] [Times: user=0.01 sys=0.00, real=0.00 secs] 
2755.457: [GC (Allocation Failure) [PSYoungGen: 52128K->1376K(52736K)] 461179K->410443K(568832K), 0.0019278 secs] [Times: user=0.00 sys=0.00, real=0.00 secs] 
2755.879: [GC (Allocation Failure) [PSYoungGen: 52064K->1376K(52736K)] 461131K->410443K(568832K), 0.0019364 secs] [Times: user=0.00 sys=0.01, real=0.00 secs] 
2756.159: [GC (Allocation Failure) [PSYoungGen: 52064K->1408K(52736K)] 461131K->410475K(568832K), 0.0020709 secs] [Times: user=0.01 sys=0.00, real=0.01 secs] 
2756.406: [GC (Allocation Failure) [PSYoungGen: 52096K->1408K(52736K)] 461163K->410483K(568832K), 0.0020243 secs] [Times: user=0.01 sys=0.00, real=0.00 secs] 
2756.774: [GC (Allocation Failure) [PSYoungGen: 52096K->1344K(52736K)] 461171K->410419K(568832K), 0.0018233 secs] [Times: user=0.01 sys=0.00, real=0.00 secs] 
2758.218: [GC (Allocation Failure) [PSYoungGen: 52032K->1408K(52736K)] 461107K->410483K(568832K), 0.0034475 secs] [Times: user=0.01 sys=0.00, real=0.00 secs] 
2759.312: [GC (Allocation Failure) [PSYoungGen: 52096K->1376K(52736K)] 461171K->410451K(568832K), 0.0030664 secs] [Times: user=0.02 sys=0.00, real=0.00 secs] 
2759.604: [GC (Allocation Failure) [PSYoungGen: 52064K->1440K(52736K)] 461139K->410515K(568832K), 0.0022189 secs] [Times: user=0.01 sys=0.00, real=0.00 secs] 
2759.865: [GC (Allocation Failure) [PSYoungGen: 52128K->1408K(52736K)] 461203K->410483K(568832K), 0.0022053 secs] [Times: user=0.00 sys=0.00, real=0.00 secs] 
2760.263: [GC (Allocation Failure) [PSYoungGen: 52096K->1376K(52736K)] 461171K->410451K(568832K), 0.0024403 secs] [Times: user=0.01 sys=0.00, real=0.00 secs] 
2760.688: [GC (Allocation Failure) [PSYoungGen: 52064K->1408K(52736K)] 461139K->410483K(568832K), 0.0027117 secs] [Times: user=0.01 sys=0.00, real=0.00 secs] 
2761.428: [GC (Allocation Failure) [PSYoungGen: 52096K->1456K(52736K)] 461171K->410531K(568832K), 0.0017459 secs] [Times: user=0.01 sys=0.00, real=0.00 secs] 
2761.638: [GC (Allocation Failure) [PSYoungGen: 52144K->1408K(52736K)] 461219K->410483K(568832K), 0.0017334 secs] [Times: user=0.01 sys=0.00, real=0.00 secs] 
2761.848: [GC (Allocation Failure) [PSYoungGen: 52096K->1360K(52736K)] 461171K->410435K(568832K), 0.0017423 secs] [Times: user=0.00 sys=0.00, real=0.00 secs] 
2762.059: [GC (Allocation Failure) [PSYoungGen: 52048K->1408K(52224K)] 461123K->410483K(568320K), 0.0017883 secs] [Times: user=0.00 sys=0.00, real=0.00 secs] 
2762.313: [GC (Allocation Failure) [PSYoungGen: 52096K->1408K(52224K)] 461171K->410483K(568320K), 0.0016919 secs] [Times: user=0.00 sys=0.00, real=0.00 secs] 
2762.560: [GC (Allocation Failure) [PSYoungGen: 52096K->1424K(52224K)] 461171K->410499K(568320K), 0.0017194 secs] [Times: user=0.00 sys=0.00, real=0.01 secs] 
2763.516: [GC (Allocation Failure) [PSYoungGen: 52112K->1472K(51712K)] 461187K->410547K(567808K), 0.0021233 secs] [Times: user=0.01 sys=0.00, real=0.00 secs] 
2764.080: [GC (Allocation Failure) [PSYoungGen: 51648K->1408K(51712K)] 460723K->410483K(567808K), 0.0020867 secs] [Times: user=0.01 sys=0.00, real=0.01 secs] 
2764.533: [GC (Allocation Failure) [PSYoungGen: 51584K->1408K(51712K)] 460659K->410483K(567808K), 0.0024705 secs] [Times: user=0.01 sys=0.00, real=0.00 secs] 
2765.081: [GC (Allocation Failure) [PSYoungGen: 51584K->1392K(51712K)] 460659K->410475K(567808K), 0.0021965 secs] [Times: user=0.01 sys=0.00, real=0.01 secs] 
2765.489: [GC (Allocation Failure) [PSYoungGen: 51568K->1408K(51712K)] 460651K->410523K(567808K), 0.0024439 secs] [Times: user=0.01 sys=0.00, real=0.00 secs] 
2765.916: [GC (Allocation Failure) [PSYoungGen: 51584K->1376K(51712K)] 460699K->410491K(567808K), 0.0023492 secs] [Times: user=0.01 sys=0.00, real=0.00 secs] 
2766.707: [GC (Allocation Failure) [PSYoungGen: 51552K->1408K(51712K)] 460667K->410523K(567808K), 0.0018923 secs] [Times: user=0.01 sys=0.00, real=0.00 secs] 
2766.941: [GC (Allocation Failure) [PSYoungGen: 51584K->1408K(51712K)] 460699K->410523K(567808K), 0.0019647 secs] [Times: user=0.01 sys=0.00, real=0.01 secs] 
2767.150: [GC (Allocation Failure) [PSYoungGen: 51584K->1376K(51712K)] 460699K->410491K(567808K), 0.0019788 secs] [Times: user=0.01 sys=0.00, real=0.01 secs] 
2767.389: [GC (Allocation Failure) [PSYoungGen: 51552K->1376K(51712K)] 460667K->410491K(567808K), 0.0017725 secs] [Times: user=0.00 sys=0.00, real=0.00 secs] 
2767.635: [GC (Allocation Failure) [PSYoungGen: 51552K->1376K(51712K)] 460667K->410491K(567808K), 0.0020932 secs] [Times: user=0.00 sys=0.00, real=0.00 secs] 
2768.104: [GC (Allocation Failure) [PSYoungGen: 51552K->1421K(51712K)] 460667K->410536K(567808K), 0.0017678 secs] [Times: user=0.01 sys=0.00, real=0.00 secs] 
2768.967: [GC (Allocation Failure) [PSYoungGen: 51597K->1456K(51712K)] 460712K->410571K(567808K), 0.0021803 secs] [Times: user=0.00 sys=0.00, real=0.00 secs] 
2769.500: [GC (Allocation Failure) [PSYoungGen: 51632K->1376K(51712K)] 460747K->410491K(567808K), 0.0023991 secs] [Times: user=0.01 sys=0.00, real=0.01 secs] 
2769.965: [GC (Allocation Failure) [PSYoungGen: 51552K->1376K(51712K)] 460667K->410491K(567808K), 0.0024553 secs] [Times: user=0.01 sys=0.00, real=0.00 secs] 
2770.386: [GC (Allocation Failure) [PSYoungGen: 51552K->1376K(51712K)] 460667K->410491K(567808K), 0.0025618 secs] [Times: user=0.02 sys=0.00, real=0.00 secs] 
2770.977: [GC (Allocation Failure) [PSYoungGen: 51552K->1376K(51712K)] 460667K->410491K(567808K), 0.0029603 secs] [Times: user=0.02 sys=0.00, real=0.00 secs] 
2771.817: [GC (Allocation Failure) [PSYoungGen: 51552K->1405K(51712K)] 460667K->410520K(567808K), 0.0015824 secs] [Times: user=0.01 sys=0.00, real=0.00 secs] 
2772.568: [GC (Allocation Failure) [PSYoungGen: 51581K->1408K(51712K)] 460696K->410523K(567808K), 0.0020975 secs] [Times: user=0.01 sys=0.00, real=0.00 secs] 
2773.182: [GC (Allocation Failure) [PSYoungGen: 51584K->1408K(51712K)] 460699K->410523K(567808K), 0.0021768 secs] [Times: user=0.00 sys=0.00, real=0.00 secs] 
2773.651: [GC (Allocation Failure) [PSYoungGen: 51584K->1376K(51712K)] 460699K->410491K(567808K), 0.0025191 secs] [Times: user=0.01 sys=0.00, real=0.01 secs] 
2774.067: [GC (Allocation Failure) [PSYoungGen: 51552K->1376K(51712K)] 460667K->410491K(567808K), 0.0023348 secs] [Times: user=0.01 sys=0.00, real=0.00 secs] 
2774.474: [GC (Allocation Failure) [PSYoungGen: 51552K->1360K(51712K)] 460667K->410475K(567808K), 0.0024867 secs] [Times: user=0.01 sys=0.00, real=0.00 secs] 
2775.057: [GC (GCLocker Initiated GC) [PSYoungGen: 51536K->1437K(51712K)] 460651K->410560K(567808K), 0.0016456 secs] [Times: user=0.01 sys=0.01, real=0.00 secs] 
2775.538: [GC (Allocation Failure) [PSYoungGen: 51613K->1424K(51712K)] 460739K->410550K(567808K), 0.0020919 secs] [Times: user=0.01 sys=0.00, real=0.00 secs] 
2775.746: [GC (Allocation Failure) [PSYoungGen: 51600K->1408K(51712K)] 460726K->410534K(567808K), 0.0019598 secs] [Times: user=0.01 sys=0.00, real=0.00 secs] 
2776.047: [GC (Allocation Failure) [PSYoungGen: 51584K->1376K(51712K)] 460710K->410502K(567808K), 0.0019608 secs] [Times: user=0.01 sys=0.00, real=0.00 secs] 
2776.454: [GC (Allocation Failure) [PSYoungGen: 51552K->1376K(51712K)] 460678K->410510K(567808K), 0.0019936 secs] [Times: user=0.01 sys=0.00, real=0.00 secs] 
2776.850: [GC (Allocation Failure) [PSYoungGen: 51552K->1408K(51712K)] 460686K->410550K(567808K), 0.0021389 secs] [Times: user=0.01 sys=0.00, real=0.01 secs] 
2777.441: [GC (Allocation Failure) [PSYoungGen: 51584K->1437K(51712K)] 460726K->410579K(567808K), 0.0017209 secs] [Times: user=0.00 sys=0.00, real=0.01 secs] 
2777.890: [GC (Allocation Failure) [PSYoungGen: 51613K->1472K(51712K)] 460755K->410614K(567808K), 0.0020499 secs] [Times: user=0.01 sys=0.00, real=0.01 secs] 
2778.099: [GC (Allocation Failure) [PSYoungGen: 51648K->1440K(51712K)] 460790K->410582K(567808K), 0.0021069 secs] [Times: user=0.01 sys=0.00, real=0.00 secs] 
2778.308: [GC (Allocation Failure) [PSYoungGen: 51616K->1440K(51712K)] 460758K->410582K(567808K), 0.0020277 secs] [Times: user=0.01 sys=0.00, real=0.00 secs] 
2778.557: [GC (Allocation Failure) [PSYoungGen: 51616K->1440K(51712K)] 460758K->410590K(567808K), 0.0020683 secs] [Times: user=0.01 sys=0.00, real=0.00 secs] 
2778.951: [GC (Allocation Failure) [PSYoungGen: 51616K->1472K(51712K)] 460766K->410622K(567808K), 0.0021457 secs] [Times: user=0.01 sys=0.01, real=0.01 secs] 
2779.627: [GC (Allocation Failure) [PSYoungGen: 51648K->1405K(51712K)] 460798K->410555K(567808K), 0.0016462 secs] [Times: user=0.00 sys=0.00, real=0.00 secs] 
2780.148: [GC (Allocation Failure) [PSYoungGen: 51581K->1504K(51712K)] 460731K->410654K(567808K), 0.0020001 secs] [Times: user=0.01 sys=0.00, real=0.00 secs] 
2780.482: [GC (Allocation Failure) [PSYoungGen: 51680K->1472K(51712K)] 460830K->410622K(567808K), 0.0019640 secs] [Times: user=0.01 sys=0.00, real=0.00 secs] 
2780.759: [GC (Allocation Failure) [PSYoungGen: 51648K->1472K(51200K)] 460798K->410622K(567296K), 0.0022873 secs] [Times: user=0.01 sys=0.00, real=0.01 secs] 
2781.124: [GC (Allocation Failure) [PSYoungGen: 51136K->1408K(51200K)] 460286K->410614K(567296K), 0.0023261 secs] [Times: user=0.01 sys=0.00, real=0.00 secs] 
2781.498: [GC (Allocation Failure) [PSYoungGen: 51072K->1376K(51200K)] 460278K->410582K(567296K), 0.0021182 secs] [Times: user=0.01 sys=0.00, real=0.00 secs] 
2782.213: [GC (Allocation Failure) [PSYoungGen: 51040K->1405K(51200K)] 460246K->410611K(567296K), 0.0016782 secs] [Times: user=0.00 sys=0.00, real=0.00 secs] 
2783.758: [GC (Allocation Failure) [PSYoungGen: 51069K->1408K(51200K)] 460275K->410614K(567296K), 0.0045189 secs] [Times: user=0.02 sys=0.00, real=0.01 secs] 
2784.301: [GC (Allocation Failure) [PSYoungGen: 51072K->1344K(51200K)] 460278K->410550K(567296K), 0.0034167 secs] [Times: user=0.02 sys=0.00, real=0.01 secs] 
2784.710: [GC (Allocation Failure) [PSYoungGen: 51008K->1376K(51200K)] 460214K->410582K(567296K), 0.0029812 secs] [Times: user=0.01 sys=0.00, real=0.01 secs] 
2785.136: [GC (Allocation Failure) [PSYoungGen: 51040K->1360K(51200K)] 460246K->410566K(567296K), 0.0030552 secs] [Times: user=0.02 sys=0.00, real=0.00 secs] 
2785.539: [GC (Allocation Failure) [PSYoungGen: 51024K->1376K(51200K)] 460230K->410582K(567296K), 0.0032006 secs] [Times: user=0.01 sys=0.00, real=0.01 secs] 
2786.340: [GC (Allocation Failure) [PSYoungGen: 51040K->1405K(51200K)] 460246K->410611K(567296K), 0.0017250 secs] [Times: user=0.00 sys=0.00, real=0.01 secs] 
2786.995: [GC (Allocation Failure) [PSYoungGen: 51069K->1408K(51200K)] 460275K->410614K(567296K), 0.0020928 secs] [Times: user=0.01 sys=0.00, real=0.00 secs] 
2787.656: [GC (Allocation Failure) [PSYoungGen: 51072K->1424K(51200K)] 460278K->410646K(567296K), 0.0019554 secs] [Times: user=0.01 sys=0.00, real=0.00 secs] 
2788.305: [GC (Allocation Failure) [PSYoungGen: 51088K->1376K(51200K)] 460310K->410598K(567296K), 0.0019818 secs] [Times: user=0.01 sys=0.00, real=0.00 secs] 
2788.931: [GC (Allocation Failure) [PSYoungGen: 51040K->1408K(51200K)] 460262K->410630K(567296K), 0.0022338 secs] [Times: user=0.01 sys=0.00, real=0.01 secs] 
2789.399: [GC (Allocation Failure) [PSYoungGen: 51072K->1376K(51200K)] 460294K->410598K(567296K), 0.0024675 secs] [Times: user=0.01 sys=0.00, real=0.01 secs] 
2790.170: [GC (Allocation Failure) [PSYoungGen: 51040K->1405K(51200K)] 460262K->410627K(567296K), 0.0017469 secs] [Times: user=0.01 sys=0.00, real=0.01 secs] 
2790.597: [GC (Allocation Failure) [PSYoungGen: 51069K->1392K(51200K)] 460291K->410614K(567296K), 0.0021261 secs] [Times: user=0.01 sys=0.00, real=0.00 secs] 
2790.808: [GC (Allocation Failure) [PSYoungGen: 51056K->1408K(51200K)] 460278K->410630K(567296K), 0.0022999 secs] [Times: user=0.01 sys=0.00, real=0.00 secs] 
2791.024: [GC (Allocation Failure) [PSYoungGen: 51072K->1376K(51200K)] 460294K->410598K(567296K), 0.0021598 secs] [Times: user=0.01 sys=0.00, real=0.00 secs] 
2791.235: [GC (Allocation Failure) [PSYoungGen: 51040K->1376K(51200K)] 460262K->410606K(567296K), 0.0021782 secs] [Times: user=0.01 sys=0.00, real=0.00 secs] 
2791.496: [GC (Allocation Failure) [PSYoungGen: 51040K->1408K(51200K)] 460270K->410638K(567296K), 0.0019014 secs] [Times: user=0.01 sys=0.00, real=0.00 secs] 
2792.059: [GC (Allocation Failure) [PSYoungGen: 51072K->1405K(51200K)] 460302K->410635K(567296K), 0.0016309 secs] [Times: user=0.01 sys=0.00, real=0.00 secs] 
2792.452: [GC (Allocation Failure) [PSYoungGen: 51069K->1440K(51200K)] 460299K->410670K(567296K), 0.0020114 secs] [Times: user=0.01 sys=0.00, real=0.00 secs] 
2792.663: [GC (Allocation Failure) [PSYoungGen: 51104K->1408K(51200K)] 460334K->410638K(567296K), 0.0020531 secs] [Times: user=0.01 sys=0.00, real=0.00 secs] 
2792.880: [GC (Allocation Failure) [PSYoungGen: 51072K->1424K(51200K)] 460302K->410654K(567296K), 0.0020028 secs] [Times: user=0.01 sys=0.00, real=0.01 secs] 
2793.209: [GC (Allocation Failure) [PSYoungGen: 51088K->1344K(51200K)] 460318K->410582K(567296K), 0.0020448 secs] [Times: user=0.01 sys=0.00, real=0.00 secs] 
2793.751: [GC (Allocation Failure) [PSYoungGen: 51008K->1408K(51200K)] 460246K->410646K(567296K), 0.0027239 secs] [Times: user=0.01 sys=0.00, real=0.01 secs] 
2794.522: [GC (Allocation Failure) [PSYoungGen: 51072K->1373K(51200K)] 460310K->410611K(567296K), 0.0016741 secs] [Times: user=0.01 sys=0.00, real=0.00 secs] 
2794.862: [GC (Allocation Failure) [PSYoungGen: 51037K->1440K(51200K)] 460275K->410694K(567296K), 0.0020463 secs] [Times: user=0.00 sys=0.00, real=0.00 secs] 
2795.068: [GC (Allocation Failure) [PSYoungGen: 51104K->1424K(51200K)] 460358K->410678K(567296K), 0.0018893 secs] [Times: user=0.01 sys=0.00, real=0.00 secs] 
2795.314: [GC (Allocation Failure) [PSYoungGen: 51088K->1408K(51200K)] 460342K->410662K(567296K), 0.0019299 secs] [Times: user=0.01 sys=0.00, real=0.00 secs] 
2795.521: [GC (Allocation Failure) [PSYoungGen: 51072K->1408K(51200K)] 460326K->410662K(567296K), 0.0018539 secs] [Times: user=0.01 sys=0.00, real=0.01 secs] 
2795.727: [GC (Allocation Failure) [PSYoungGen: 51072K->1344K(51200K)] 460326K->410598K(567296K), 0.0019163 secs] [Times: user=0.00 sys=0.00, real=0.00 secs] 
2796.251: [GC (Allocation Failure) [PSYoungGen: 51008K->1341K(51200K)] 460262K->410595K(567296K), 0.0016116 secs] [Times: user=0.01 sys=0.00, real=0.01 secs] 
2797.009: [GC (Allocation Failure) [PSYoungGen: 51005K->1376K(51200K)] 460259K->410630K(567296K), 0.0020654 secs] [Times: user=0.01 sys=0.00, real=0.00 secs] 
2797.738: [GC (Allocation Failure) [PSYoungGen: 51040K->1344K(51200K)] 460294K->410598K(567296K), 0.0022557 secs] [Times: user=0.01 sys=0.00, real=0.00 secs] 
2798.648: [GC (Allocation Failure) [PSYoungGen: 51008K->1376K(51200K)] 460262K->410630K(567296K), 0.0023185 secs] [Times: user=0.01 sys=0.00, real=0.00 secs] 
2799.319: [GC (Allocation Failure) [PSYoungGen: 51040K->1376K(51200K)] 460294K->410638K(567296K), 0.0029881 secs] [Times: user=0.01 sys=0.00, real=0.01 secs] 
2799.900: [GC (Allocation Failure) [PSYoungGen: 51040K->1344K(51200K)] 460302K->410606K(567296K), 0.0030351 secs] [Times: user=0.02 sys=0.00, real=0.01 secs] 
2800.714: [GC (Allocation Failure) [PSYoungGen: 51008K->1373K(51200K)] 460270K->410635K(567296K), 0.0028477 secs] [Times: user=0.01 sys=0.01, real=0.00 secs] 
2801.228: [GC (Allocation Failure) [PSYoungGen: 51037K->1440K(51200K)] 460299K->410702K(567296K), 0.0022569 secs] [Times: user=0.01 sys=0.00, real=0.00 secs] 
2801.807: [GC (Allocation Failure) [PSYoungGen: 51104K->1344K(51200K)] 460366K->410606K(567296K), 0.0030208 secs] [Times: user=0.01 sys=0.00, real=0.00 secs] 
2802.324: [GC (Allocation Failure) [PSYoungGen: 51008K->1376K(51200K)] 460270K->410638K(567296K), 0.0029688 secs] [Times: user=0.01 sys=0.00, real=0.00 secs] 
2802.841: [GC (Allocation Failure) [PSYoungGen: 51040K->1344K(51200K)] 460302K->410606K(567296K), 0.0028331 secs] [Times: user=0.02 sys=0.00, real=0.01 secs] 
2803.347: [GC (Allocation Failure) [PSYoungGen: 51008K->1344K(51200K)] 460270K->410606K(567296K), 0.0030650 secs] [Times: user=0.02 sys=0.00, real=0.00 secs] 
2804.164: [GC (Allocation Failure) [PSYoungGen: 51008K->1421K(51200K)] 460270K->410683K(567296K), 0.0016343 secs] [Times: user=0.01 sys=0.00, real=0.00 secs] 
2804.784: [GC (Allocation Failure) [PSYoungGen: 51085K->1408K(51200K)] 460347K->410670K(567296K), 0.0023074 secs] [Times: user=0.01 sys=0.00, real=0.00 secs] 
2805.054: [GC (Allocation Failure) [PSYoungGen: 51072K->1376K(51200K)] 460334K->410638K(567296K), 0.0039151 secs] [Times: user=0.02 sys=0.00, real=0.00 secs] 
2805.497: [GC (Allocation Failure) [PSYoungGen: 51040K->1344K(51200K)] 460302K->410606K(567296K), 0.0037515 secs] [Times: user=0.02 sys=0.00, real=0.00 secs] 
2806.150: [GC (Allocation Failure) [PSYoungGen: 51008K->1392K(51200K)] 460270K->410654K(567296K), 0.0036709 secs] [Times: user=0.02 sys=0.00, real=0.01 secs] 
2806.762: [GC (Allocation Failure) [PSYoungGen: 51056K->1360K(51200K)] 460318K->410622K(567296K), 0.0042120 secs] [Times: user=0.02 sys=0.00, real=0.00 secs] 
2807.699: [GC (Allocation Failure) [PSYoungGen: 51024K->1408K(51200K)] 460286K->410686K(567296K), 0.0016231 secs] [Times: user=0.01 sys=0.00, real=0.00 secs] 
2808.840: [GC (Allocation Failure) [PSYoungGen: 51072K->1408K(51200K)] 460350K->410686K(567296K), 0.0040606 secs] [Times: user=0.01 sys=0.00, real=0.01 secs] 
2809.295: [GC (Allocation Failure) [PSYoungGen: 51072K->1392K(51200K)] 460350K->410670K(567296K), 0.0029743 secs] [Times: user=0.02 sys=0.00, real=0.00 secs] 
2809.849: [GC (Allocation Failure) [PSYoungGen: 51056K->1408K(51200K)] 460334K->410686K(567296K), 0.0031557 secs] [Times: user=0.01 sys=0.00, real=0.01 secs] 
2810.332: [GC (Allocation Failure) [PSYoungGen: 51072K->1376K(51200K)] 460350K->410654K(567296K), 0.0048319 secs] [Times: user=0.02 sys=0.00, real=0.00 secs] 
2810.683: [GC (Allocation Failure) [PSYoungGen: 51040K->1344K(51200K)] 460318K->410622K(567296K), 0.0030720 secs] [Times: user=0.01 sys=0.00, real=0.00 secs] 
2811.800: [GC (Allocation Failure) [PSYoungGen: 51008K->1373K(51200K)] 460286K->410651K(567296K), 0.0017685 secs] [Times: user=0.00 sys=0.00, real=0.01 secs] 
2813.322: [GC (Allocation Failure) [PSYoungGen: 51037K->1408K(51200K)] 460315K->410686K(567296K), 0.0044852 secs] [Times: user=0.02 sys=0.00, real=0.00 secs] 
2814.156: [GC (Allocation Failure) [PSYoungGen: 51072K->1344K(51200K)] 460350K->410622K(567296K), 0.0034315 secs] [Times: user=0.01 sys=0.00, real=0.00 secs] 
2814.587: [GC (Allocation Failure) [PSYoungGen: 51008K->1408K(51200K)] 460286K->410686K(567296K), 0.0036139 secs] [Times: user=0.01 sys=0.00, real=0.00 secs] 
2814.978: [GC (Allocation Failure) [PSYoungGen: 51072K->1408K(51200K)] 460350K->410686K(567296K), 0.0026304 secs] [Times: user=0.01 sys=0.00, real=0.00 secs] 
2815.185: [GC (Allocation Failure) [PSYoungGen: 51072K->1376K(51200K)] 460350K->410654K(567296K), 0.0023192 secs] [Times: user=0.01 sys=0.00, real=0.00 secs] 
2815.764: [GC (Allocation Failure) [PSYoungGen: 51040K->1421K(51200K)] 460318K->410699K(567296K), 0.0017180 secs] [Times: user=0.00 sys=0.00, real=0.00 secs] 
2816.519: [GC (Allocation Failure) [PSYoungGen: 51085K->1408K(51200K)] 460363K->410686K(567296K), 0.0020443 secs] [Times: user=0.01 sys=0.00, real=0.01 secs] 
2817.001: [GC (Allocation Failure) [PSYoungGen: 51072K->1376K(51200K)] 460350K->410654K(567296K), 0.0024163 secs] [Times: user=0.01 sys=0.00, real=0.01 secs] 
2817.609: [GC (Allocation Failure) [PSYoungGen: 51040K->1424K(51200K)] 460318K->410702K(567296K), 0.0024050 secs] [Times: user=0.01 sys=0.00, real=0.01 secs] 
2818.035: [GC (Allocation Failure) [PSYoungGen: 51088K->1344K(51200K)] 460366K->410630K(567296K), 0.0023126 secs] [Times: user=0.01 sys=0.00, real=0.00 secs] 
2818.454: [GC (Allocation Failure) [PSYoungGen: 51008K->1376K(51200K)] 460294K->410662K(567296K), 0.0023404 secs] [Times: user=0.01 sys=0.00, real=0.00 secs] 
2819.224: [GC (Allocation Failure) [PSYoungGen: 51040K->1405K(51200K)] 460326K->410691K(567296K), 0.0016928 secs] [Times: user=0.01 sys=0.00, real=0.00 secs] 
2821.166: [GC (Allocation Failure) [PSYoungGen: 51069K->1440K(51200K)] 460355K->410726K(567296K), 0.0044017 secs] [Times: user=0.02 sys=0.00, real=0.00 secs] 
2821.808: [GC (Allocation Failure) [PSYoungGen: 51104K->1408K(51200K)] 460390K->410694K(567296K), 0.0042945 secs] [Times: user=0.02 sys=0.00, real=0.01 secs] 
2822.276: [GC (Allocation Failure) [PSYoungGen: 51072K->1312K(51200K)] 460358K->410598K(567296K), 0.0036553 secs] [Times: user=0.02 sys=0.00, real=0.00 secs] 
2822.552: [GC (Allocation Failure) [PSYoungGen: 50976K->1376K(51200K)] 460262K->410662K(567296K), 0.0022460 secs] [Times: user=0.01 sys=0.00, real=0.00 secs] 
2822.789: [GC (Allocation Failure) [PSYoungGen: 51040K->1408K(51200K)] 460326K->410694K(567296K), 0.0019655 secs] [Times: user=0.01 sys=0.00, real=0.00 secs] 
2823.296: [GC (Allocation Failure) [PSYoungGen: 51072K->1405K(51200K)] 460358K->410691K(567296K), 0.0017004 secs] [Times: user=0.00 sys=0.00, real=0.00 secs] 
2825.342: [GC (Allocation Failure) [PSYoungGen: 51069K->1424K(51200K)] 460355K->410718K(567296K), 0.0043851 secs] [Times: user=0.02 sys=0.00, real=0.00 secs] 
2826.449: [GC (Allocation Failure) [PSYoungGen: 51088K->1376K(51200K)] 460382K->410670K(567296K), 0.0045004 secs] [Times: user=0.02 sys=0.00, real=0.01 secs] 
2827.288: [GC (Allocation Failure) [PSYoungGen: 51040K->1376K(51200K)] 460334K->410670K(567296K), 0.0042846 secs] [Times: user=0.02 sys=0.00, real=0.01 secs] 
2827.935: [GC (Allocation Failure) [PSYoungGen: 51040K->1376K(51200K)] 460334K->410670K(567296K), 0.0042887 secs] [Times: user=0.02 sys=0.00, real=0.00 secs] 
2828.558: [GC (Allocation Failure) [PSYoungGen: 51040K->1344K(51200K)] 460334K->410638K(567296K), 0.0044795 secs] [Times: user=0.02 sys=0.00, real=0.01 secs] 
2829.466: [GC (Allocation Failure) [PSYoungGen: 51008K->1405K(51200K)] 460302K->410699K(567296K), 0.0016867 secs] [Times: user=0.01 sys=0.00, real=0.00 secs] 
2830.349: [GC (Allocation Failure) [PSYoungGen: 51069K->1408K(51200K)] 460363K->410702K(567296K), 0.0035920 secs] [Times: user=0.02 sys=0.00, real=0.01 secs] 
2831.360: [GC (Allocation Failure) [PSYoungGen: 51072K->1376K(51200K)] 460366K->410670K(567296K), 0.0042426 secs] [Times: user=0.02 sys=0.00, real=0.01 secs] 
2832.043: [GC (Allocation Failure) [PSYoungGen: 51040K->1376K(51200K)] 460334K->410678K(567296K), 0.0043443 secs] [Times: user=0.02 sys=0.01, real=0.00 secs] 
2832.601: [GC (Allocation Failure) [PSYoungGen: 51040K->1360K(51200K)] 460342K->410670K(567296K), 0.0044234 secs] [Times: user=0.02 sys=0.00, real=0.01 secs] 
2832.926: [GC (Allocation Failure) [PSYoungGen: 51024K->1392K(51200K)] 460334K->410702K(567296K), 0.0022399 secs] [Times: user=0.01 sys=0.00, real=0.00 secs] 
2833.441: [GC (Allocation Failure) [PSYoungGen: 51056K->1405K(51200K)] 460366K->410715K(567296K), 0.0017153 secs] [Times: user=0.00 sys=0.00, real=0.01 secs] 
2834.114: [GC (Allocation Failure) [PSYoungGen: 51069K->1424K(51200K)] 460379K->410734K(567296K), 0.0023050 secs] [Times: user=0.01 sys=0.00, real=0.00 secs] 
2834.618: [GC (Allocation Failure) [PSYoungGen: 51088K->1376K(51200K)] 460398K->410686K(567296K), 0.0023850 secs] [Times: user=0.01 sys=0.00, real=0.00 secs] 
2835.298: [GC (Allocation Failure) [PSYoungGen: 51040K->1376K(51200K)] 460350K->410686K(567296K), 0.0036284 secs] [Times: user=0.02 sys=0.00, real=0.01 secs] 
2835.759: [GC (Allocation Failure) [PSYoungGen: 51040K->1408K(51200K)] 460350K->410734K(567296K), 0.0028881 secs] [Times: user=0.01 sys=0.00, real=0.01 secs] 
2836.206: [GC (Allocation Failure) [PSYoungGen: 51072K->1440K(51200K)] 460398K->410766K(567296K), 0.0025931 secs] [Times: user=0.01 sys=0.00, real=0.00 secs] 
2836.930: [GC (Allocation Failure) [PSYoungGen: 51104K->1357K(51200K)] 460430K->410683K(567296K), 0.0018595 secs] [Times: user=0.00 sys=0.00, real=0.01 secs] 
2837.362: [GC (Allocation Failure) [PSYoungGen: 51021K->1408K(51200K)] 460347K->410734K(567296K), 0.0019541 secs] [Times: user=0.01 sys=0.00, real=0.00 secs] 
2837.568: [GC (Allocation Failure) [PSYoungGen: 51072K->1376K(51200K)] 460398K->410702K(567296K), 0.0018633 secs] [Times: user=0.01 sys=0.00, real=0.00 secs] 
2837.805: [GC (Allocation Failure) [PSYoungGen: 51040K->1376K(51200K)] 460366K->410718K(567296K), 0.0020217 secs] [Times: user=0.00 sys=0.00, real=0.00 secs] 
2838.034: [GC (Allocation Failure) [PSYoungGen: 51040K->1408K(51200K)] 460382K->410750K(567296K), 0.0019845 secs] [Times: user=0.00 sys=0.00, real=0.00 secs] 
2838.275: [GC (Allocation Failure) [PSYoungGen: 51072K->1408K(51200K)] 460414K->410750K(567296K), 0.0020367 secs] [Times: user=0.01 sys=0.00, real=0.00 secs] 
2838.768: [GC (Allocation Failure) [PSYoungGen: 51072K->1373K(51200K)] 460414K->410715K(567296K), 0.0017700 secs] [Times: user=0.01 sys=0.00, real=0.00 secs] 
2839.176: [GC (Allocation Failure) [PSYoungGen: 51037K->1440K(51200K)] 460379K->410782K(567296K), 0.0019869 secs] [Times: user=0.01 sys=0.00, real=0.00 secs] 
2839.401: [GC (Allocation Failure) [PSYoungGen: 51104K->1376K(51200K)] 460446K->410718K(567296K), 0.0019746 secs] [Times: user=0.00 sys=0.00, real=0.01 secs] 
2839.825: [GC (Allocation Failure) [PSYoungGen: 51040K->1408K(51200K)] 460382K->410750K(567296K), 0.0020570 secs] [Times: user=0.01 sys=0.00, real=0.00 secs] 
2840.272: [GC (Allocation Failure) [PSYoungGen: 51072K->1408K(51200K)] 460414K->410750K(567296K), 0.0020071 secs] [Times: user=0.01 sys=0.00, real=0.00 secs] 
2840.698: [GC (Allocation Failure) [PSYoungGen: 51072K->1376K(51200K)] 460414K->410718K(567296K), 0.0022789 secs] [Times: user=0.01 sys=0.00, real=0.00 secs] 
2841.332: [GC (Allocation Failure) [PSYoungGen: 51040K->1405K(51200K)] 460382K->410747K(567296K), 0.0016267 secs] [Times: user=0.01 sys=0.00, real=0.00 secs] 
2842.044: [GC (Allocation Failure) [PSYoungGen: 51069K->1440K(51200K)] 460411K->410782K(567296K), 0.0024845 secs] [Times: user=0.01 sys=0.00, real=0.00 secs] 
2842.487: [GC (Allocation Failure) [PSYoungGen: 51104K->1408K(51200K)] 460446K->410750K(567296K), 0.0074345 secs] [Times: user=0.03 sys=0.00, real=0.01 secs] 
2842.914: [GC (Allocation Failure) [PSYoungGen: 51072K->1408K(51200K)] 460414K->410750K(567296K), 0.0036550 secs] [Times: user=0.02 sys=0.00, real=0.00 secs] 
2843.296: [GC (Allocation Failure) [PSYoungGen: 51072K->1408K(51200K)] 460414K->410750K(567296K), 0.0027880 secs] [Times: user=0.01 sys=0.00, real=0.00 secs] 
2843.710: [GC (Allocation Failure) [PSYoungGen: 51072K->1392K(51200K)] 460414K->410734K(567296K), 0.0024679 secs] [Times: user=0.01 sys=0.00, real=0.01 secs] 
2844.301: [GC (Allocation Failure) [PSYoungGen: 51056K->1373K(51200K)] 460398K->410715K(567296K), 0.0016977 secs] [Times: user=0.01 sys=0.00, real=0.01 secs] 
2845.372: [GC (Allocation Failure) [PSYoungGen: 51037K->1408K(51200K)] 460379K->410750K(567296K), 0.0046374 secs] [Times: user=0.02 sys=0.00, real=0.00 secs] 
2845.987: [GC (Allocation Failure) [PSYoungGen: 51072K->1376K(51200K)] 460414K->410718K(567296K), 0.0046196 secs] [Times: user=0.02 sys=0.00, real=0.00 secs] 
2846.579: [GC (Allocation Failure) [PSYoungGen: 51040K->1376K(51200K)] 460382K->410742K(567296K), 0.0050455 secs] [Times: user=0.02 sys=0.00, real=0.01 secs] 
2847.121: [GC (Allocation Failure) [PSYoungGen: 51040K->1344K(51200K)] 460406K->410718K(567296K), 0.0045034 secs] [Times: user=0.02 sys=0.00, real=0.01 secs] 
2847.658: [GC (Allocation Failure) [PSYoungGen: 51008K->1408K(51200K)] 460382K->410782K(567296K), 0.0044380 secs] [Times: user=0.02 sys=0.00, real=0.01 secs] 
2848.478: [GC (Allocation Failure) [PSYoungGen: 51072K->1437K(51200K)] 460446K->410811K(567296K), 0.0016879 secs] [Times: user=0.01 sys=0.00, real=0.00 secs] 
2849.023: [GC (Allocation Failure) [PSYoungGen: 51101K->1440K(51200K)] 460475K->410814K(567296K), 0.0018766 secs] [Times: user=0.00 sys=0.00, real=0.00 secs] 
2849.512: [GC (Allocation Failure) [PSYoungGen: 51104K->1408K(51200K)] 460478K->410782K(567296K), 0.0045240 secs] [Times: user=0.02 sys=0.00, real=0.00 secs] 
2850.117: [GC (Allocation Failure) [PSYoungGen: 51072K->1408K(51200K)] 460446K->410782K(567296K), 0.0046995 secs] [Times: user=0.02 sys=0.00, real=0.00 secs] 
2850.716: [GC (Allocation Failure) [PSYoungGen: 51072K->1376K(51200K)] 460446K->410750K(567296K), 0.0042706 secs] [Times: user=0.01 sys=0.00, real=0.00 secs] 
2851.168: [GC (Allocation Failure) [PSYoungGen: 51040K->1408K(51200K)] 460414K->410782K(567296K), 0.0031998 secs] [Times: user=0.01 sys=0.00, real=0.00 secs] 
2851.900: [GC (Allocation Failure) [PSYoungGen: 51072K->1373K(51200K)] 460446K->410747K(567296K), 0.0020106 secs] [Times: user=0.01 sys=0.00, real=0.01 secs] 
2852.494: [GC (Allocation Failure) [PSYoungGen: 51037K->1440K(51200K)] 460411K->410814K(567296K), 0.0019153 secs] [Times: user=0.00 sys=0.00, real=0.00 secs] 
2852.866: [GC (Allocation Failure) [PSYoungGen: 51104K->1408K(51200K)] 460478K->410782K(567296K), 0.0018600 secs] [Times: user=0.01 sys=0.00, real=0.00 secs] 
2853.271: [GC (Allocation Failure) [PSYoungGen: 51072K->1376K(51200K)] 460446K->410750K(567296K), 0.0019837 secs] [Times: user=0.01 sys=0.00, real=0.01 secs] 
2853.660: [GC (Allocation Failure) [PSYoungGen: 51040K->1408K(51200K)] 460414K->410798K(567296K), 0.0017971 secs] [Times: user=0.01 sys=0.00, real=0.00 secs] 
2854.041: [GC (Allocation Failure) [PSYoungGen: 51072K->1344K(51200K)] 460462K->410734K(567296K), 0.0020844 secs] [Times: user=0.01 sys=0.00, real=0.01 secs] 
2854.605: [GC (Allocation Failure) [PSYoungGen: 51008K->1405K(51200K)] 460398K->410795K(567296K), 0.0016503 secs] [Times: user=0.01 sys=0.00, real=0.00 secs] 
2855.122: [GC (Allocation Failure) [PSYoungGen: 51069K->1440K(51200K)] 460459K->410830K(567296K), 0.0021123 secs] [Times: user=0.01 sys=0.00, real=0.00 secs] 
2855.493: [GC (Allocation Failure) [PSYoungGen: 51104K->1408K(51200K)] 460494K->410798K(567296K), 0.0020563 secs] [Times: user=0.01 sys=0.00, real=0.00 secs] 
2855.896: [GC (Allocation Failure) [PSYoungGen: 51072K->1408K(51200K)] 460462K->410798K(567296K), 0.0020829 secs] [Times: user=0.00 sys=0.00, real=0.00 secs] 
2856.102: [GC (Allocation Failure) [PSYoungGen: 51072K->1408K(51200K)] 460462K->410806K(567296K), 0.0020647 secs] [Times: user=0.01 sys=0.00, real=0.00 secs] 
2856.308: [GC (Allocation Failure) [PSYoungGen: 51072K->1408K(51200K)] 460470K->410806K(567296K), 0.0020428 secs] [Times: user=0.01 sys=0.00, real=0.00 secs] 
2856.781: [GC (Allocation Failure) [PSYoungGen: 51072K->1389K(51200K)] 460470K->410787K(567296K), 0.0016881 secs] [Times: user=0.01 sys=0.00, real=0.01 secs] 
2857.567: [GC (Allocation Failure) [PSYoungGen: 51053K->1440K(51200K)] 460451K->410838K(567296K), 0.0023273 secs] [Times: user=0.01 sys=0.00, real=0.00 secs] 
2858.096: [GC (Allocation Failure) [PSYoungGen: 51104K->1376K(51200K)] 460502K->410774K(567296K), 0.0027359 secs] [Times: user=0.01 sys=0.00, real=0.00 secs] 
2858.640: [GC (Allocation Failure) [PSYoungGen: 51040K->1376K(51200K)] 460438K->410774K(567296K), 0.0026366 secs] [Times: user=0.00 sys=0.00, real=0.01 secs] 
2859.122: [GC (Allocation Failure) [PSYoungGen: 51040K->1376K(51200K)] 460438K->410774K(567296K), 0.0026144 secs] [Times: user=0.02 sys=0.00, real=0.00 secs] 
2859.677: [GC (Allocation Failure) [PSYoungGen: 51040K->1376K(51200K)] 460438K->410774K(567296K), 0.0029707 secs] [Times: user=0.02 sys=0.00, real=0.00 secs] 
2860.468: [GC (Allocation Failure) [PSYoungGen: 51040K->1421K(51200K)] 460438K->410819K(567296K), 0.0015886 secs] [Times: user=0.01 sys=0.00, real=0.00 secs] 
2861.416: [GC (Allocation Failure) [PSYoungGen: 51085K->1456K(51200K)] 460483K->410854K(567296K), 0.0026306 secs] [Times: user=0.01 sys=0.00, real=0.00 secs] 
2861.867: [GC (Allocation Failure) [PSYoungGen: 51120K->1344K(51200K)] 460518K->410742K(567296K), 0.0032382 secs] [Times: user=0.01 sys=0.00, real=0.00 secs] 
2862.305: [GC (Allocation Failure) [PSYoungGen: 51008K->1376K(51200K)] 460406K->410774K(567296K), 0.0024931 secs] [Times: user=0.01 sys=0.00, real=0.00 secs] 
2862.701: [GC (Allocation Failure) [PSYoungGen: 51040K->1376K(51200K)] 460438K->410774K(567296K), 0.0024221 secs] [Times: user=0.01 sys=0.00, real=0.01 secs] 
2863.101: [GC (Allocation Failure) [PSYoungGen: 51040K->1360K(51200K)] 460438K->410758K(567296K), 0.0024135 secs] [Times: user=0.01 sys=0.00, real=0.01 secs] 
2863.744: [GC (Allocation Failure) [PSYoungGen: 51024K->1373K(51200K)] 460422K->410771K(567296K), 0.0017347 secs] [Times: user=0.01 sys=0.00, real=0.00 secs] 
2864.207: [GC (Allocation Failure) [PSYoungGen: 51037K->1440K(51200K)] 460435K->410838K(567296K), 0.0017220 secs] [Times: user=0.01 sys=0.00, real=0.00 secs] 
2864.418: [GC (Allocation Failure) [PSYoungGen: 51104K->1408K(51200K)] 460502K->410806K(567296K), 0.0020978 secs] [Times: user=0.01 sys=0.00, real=0.00 secs] 
2864.625: [GC (Allocation Failure) [PSYoungGen: 51072K->1408K(51200K)] 460470K->410806K(567296K), 0.0018528 secs] [Times: user=0.01 sys=0.00, real=0.00 secs] 
2864.831: [GC (Allocation Failure) [PSYoungGen: 51072K->1424K(51200K)] 460470K->410822K(567296K), 0.0021277 secs] [Times: user=0.01 sys=0.01, real=0.01 secs] 
2865.078: [GC (Allocation Failure) [PSYoungGen: 51088K->1408K(51200K)] 460486K->410806K(567296K), 0.0020960 secs] [Times: user=0.01 sys=0.00, real=0.00 secs] 
2865.579: [GC (Allocation Failure) [PSYoungGen: 51072K->1357K(51200K)] 460470K->410779K(567296K), 0.0016720 secs] [Times: user=0.00 sys=0.00, real=0.00 secs] 
2867.092: [GC (Allocation Failure) [PSYoungGen: 51021K->1424K(51200K)] 460443K->410846K(567296K), 0.0044575 secs] [Times: user=0.02 sys=0.00, real=0.00 secs] 
2867.605: [GC (Allocation Failure) [PSYoungGen: 51088K->1376K(51200K)] 460510K->410798K(567296K), 0.0035083 secs] [Times: user=0.01 sys=0.00, real=0.00 secs] 
2868.076: [GC (Allocation Failure) [PSYoungGen: 51040K->1344K(51200K)] 460462K->410766K(567296K), 0.0033948 secs] [Times: user=0.01 sys=0.00, real=0.00 secs] 
2868.413: [GC (Allocation Failure) [PSYoungGen: 51008K->1376K(51200K)] 460430K->410798K(567296K), 0.0024342 secs] [Times: user=0.01 sys=0.00, real=0.00 secs] 
2868.620: [GC (Allocation Failure) [PSYoungGen: 51040K->1376K(51200K)] 460462K->410798K(567296K), 0.0021700 secs] [Times: user=0.01 sys=0.00, real=0.01 secs] 
2869.069: [GC (Allocation Failure) [PSYoungGen: 51040K->1389K(51200K)] 460462K->410811K(567296K), 0.0017002 secs] [Times: user=0.00 sys=0.00, real=0.00 secs] 
2869.479: [GC (Allocation Failure) [PSYoungGen: 51053K->1440K(51200K)] 460475K->410862K(567296K), 0.0018740 secs] [Times: user=0.01 sys=0.00, real=0.00 secs] 
2869.685: [GC (Allocation Failure) [PSYoungGen: 51104K->1408K(51200K)] 460526K->410830K(567296K), 0.0019985 secs] [Times: user=0.01 sys=0.00, real=0.00 secs] 
2869.892: [GC (Allocation Failure) [PSYoungGen: 51072K->1408K(51200K)] 460494K->410830K(567296K), 0.0017531 secs] [Times: user=0.01 sys=0.00, real=0.00 secs] 
2870.098: [GC (Allocation Failure) [PSYoungGen: 51072K->1376K(51200K)] 460494K->410798K(567296K), 0.0018304 secs] [Times: user=0.01 sys=0.00, real=0.00 secs] 
2870.304: [GC (Allocation Failure) [PSYoungGen: 51040K->1376K(51200K)] 460462K->410798K(567296K), 0.0019331 secs] [Times: user=0.01 sys=0.00, real=0.00 secs] 
2870.816: [GC (Allocation Failure) [PSYoungGen: 51040K->1421K(51200K)] 460462K->410843K(567296K), 0.0017437 secs] [Times: user=0.01 sys=0.00, real=0.00 secs] 
2871.361: [GC (Allocation Failure) [PSYoungGen: 51085K->1440K(51200K)] 460507K->410862K(567296K), 0.0019845 secs] [Times: user=0.01 sys=0.00, real=0.01 secs] 
2871.753: [GC (Allocation Failure) [PSYoungGen: 51104K->1392K(51200K)] 460526K->410814K(567296K), 0.0042868 secs] [Times: user=0.01 sys=0.00, real=0.00 secs] 
2872.129: [GC (Allocation Failure) [PSYoungGen: 51056K->1408K(51200K)] 460478K->410830K(567296K), 0.0020948 secs] [Times: user=0.01 sys=0.00, real=0.00 secs] 
2872.522: [GC (Allocation Failure) [PSYoungGen: 51072K->1440K(51200K)] 460494K->410870K(567296K), 0.0019202 secs] [Times: user=0.01 sys=0.01, real=0.00 secs] 
2872.933: [GC (Allocation Failure) [PSYoungGen: 51104K->1408K(51200K)] 460534K->410838K(567296K), 0.0019409 secs] [Times: user=0.01 sys=0.00, real=0.00 secs] 
2873.542: [GC (Allocation Failure) [PSYoungGen: 51072K->1421K(51200K)] 460502K->410851K(567296K), 0.0017243 secs] [Times: user=0.00 sys=0.00, real=0.00 secs] 
2873.935: [GC (Allocation Failure) [PSYoungGen: 51085K->1424K(51200K)] 460515K->410854K(567296K), 0.0016678 secs] [Times: user=0.01 sys=0.00, real=0.00 secs] 
2874.141: [GC (Allocation Failure) [PSYoungGen: 51088K->1312K(51200K)] 460518K->410758K(567296K), 0.0017063 secs] [Times: user=0.01 sys=0.00, real=0.01 secs] 
2874.347: [GC (Allocation Failure) [PSYoungGen: 50976K->1376K(51200K)] 460422K->410822K(567296K), 0.0016869 secs] [Times: user=0.01 sys=0.00, real=0.00 secs] 
2874.553: [GC (Allocation Failure) [PSYoungGen: 51040K->1344K(51200K)] 460486K->410798K(567296K), 0.0028838 secs] [Times: user=0.01 sys=0.00, real=0.00 secs] 
2874.761: [GC (Allocation Failure) [PSYoungGen: 51008K->1328K(51200K)] 460462K->410782K(567296K), 0.0024491 secs] [Times: user=0.01 sys=0.00, real=0.01 secs] 
2875.274: [GC (Allocation Failure) [PSYoungGen: 50992K->1389K(51200K)] 460446K->410843K(567296K), 0.0017129 secs] [Times: user=0.00 sys=0.00, real=0.00 secs] 
2875.684: [GC (Allocation Failure) [PSYoungGen: 51053K->1472K(51200K)] 460507K->410926K(567296K), 0.0019381 secs] [Times: user=0.01 sys=0.00, real=0.00 secs] 
2875.890: [GC (Allocation Failure) [PSYoungGen: 51136K->1344K(51200K)] 460590K->410798K(567296K), 0.0019283 secs] [Times: user=0.01 sys=0.00, real=0.01 secs] 
2876.098: [GC (Allocation Failure) [PSYoungGen: 51008K->1408K(51200K)] 460462K->410862K(567296K), 0.0017729 secs] [Times: user=0.01 sys=0.00, real=0.00 secs] 
2876.304: [GC (Allocation Failure) [PSYoungGen: 51072K->1392K(51200K)] 460526K->410846K(567296K), 0.0020926 secs] [Times: user=0.01 sys=0.00, real=0.00 secs] 
2876.511: [GC (Allocation Failure) [PSYoungGen: 51056K->1408K(51200K)] 460510K->410862K(567296K), 0.0020069 secs] [Times: user=0.00 sys=0.00, real=0.01 secs] 
2876.979: [GC (Allocation Failure) [PSYoungGen: 51072K->1373K(51200K)] 460526K->410827K(567296K), 0.0016417 secs] [Times: user=0.01 sys=0.00, real=0.00 secs] 
2877.392: [GC (Allocation Failure) [PSYoungGen: 51037K->1472K(51200K)] 460491K->410926K(567296K), 0.0019542 secs] [Times: user=0.01 sys=0.00, real=0.00 secs] 
2877.599: [GC (Allocation Failure) [PSYoungGen: 51136K->1408K(51200K)] 460590K->410862K(567296K), 0.0019187 secs] [Times: user=0.01 sys=0.00, real=0.00 secs] 
2877.805: [GC (Allocation Failure) [PSYoungGen: 51072K->1392K(51200K)] 460526K->410846K(567296K), 0.0019662 secs] [Times: user=0.00 sys=0.00, real=0.00 secs] 
2878.012: [GC (Allocation Failure) [PSYoungGen: 51056K->1376K(51200K)] 460510K->410830K(567296K), 0.0019309 secs] [Times: user=0.01 sys=0.00, real=0.00 secs] 
2878.218: [GC (Allocation Failure) [PSYoungGen: 51040K->1376K(51200K)] 460494K->410830K(567296K), 0.0019687 secs] [Times: user=0.01 sys=0.00, real=0.00 secs] 
2878.697: [GC (Allocation Failure) [PSYoungGen: 51040K->1373K(51200K)] 460494K->410827K(567296K), 0.0017652 secs] [Times: user=0.00 sys=0.00, real=0.00 secs] 
2879.320: [GC (Allocation Failure) [PSYoungGen: 51037K->1440K(51200K)] 460491K->410894K(567296K), 0.0026017 secs] [Times: user=0.01 sys=0.00, real=0.01 secs] 
2879.827: [GC (Allocation Failure) [PSYoungGen: 51104K->1344K(51200K)] 460558K->410798K(567296K), 0.0029190 secs] [Times: user=0.02 sys=0.00, real=0.00 secs] 
2880.212: [GC (Allocation Failure) [PSYoungGen: 51008K->1344K(51200K)] 460462K->410798K(567296K), 0.0027258 secs] [Times: user=0.02 sys=0.00, real=0.00 secs] 
2880.604: [GC (Allocation Failure) [PSYoungGen: 51008K->1424K(51200K)] 460462K->410878K(567296K), 0.0027736 secs] [Times: user=0.01 sys=0.00, real=0.00 secs] 
2881.000: [GC (Allocation Failure) [PSYoungGen: 51088K->1440K(51200K)] 460542K->410894K(567296K), 0.0026970 secs] [Times: user=0.02 sys=0.00, real=0.01 secs] 
2881.901: [GC (Allocation Failure) [PSYoungGen: 51104K->1405K(51200K)] 460558K->410859K(567296K), 0.0018062 secs] [Times: user=0.01 sys=0.00, real=0.01 secs] 
2882.880: [GC (Allocation Failure) [PSYoungGen: 51069K->1408K(51200K)] 460523K->410862K(567296K), 0.0047061 secs] [Times: user=0.02 sys=0.00, real=0.01 secs] 
2883.849: [GC (Allocation Failure) [PSYoungGen: 51072K->1376K(51200K)] 460526K->410830K(567296K), 0.0044648 secs] [Times: user=0.02 sys=0.00, real=0.01 secs] 
2884.498: [GC (Allocation Failure) [PSYoungGen: 51040K->1376K(51200K)] 460494K->410830K(567296K), 0.0043365 secs] [Times: user=0.02 sys=0.00, real=0.01 secs] 
2885.113: [GC (Allocation Failure) [PSYoungGen: 51040K->1408K(51200K)] 460494K->410862K(567296K), 0.0043464 secs] [Times: user=0.02 sys=0.00, real=0.00 secs] 
2885.722: [GC (Allocation Failure) [PSYoungGen: 51072K->1376K(51200K)] 460526K->410830K(567296K), 0.0036534 secs] [Times: user=0.02 sys=0.00, real=0.00 secs] 
2886.484: [GC (Allocation Failure) [PSYoungGen: 51040K->1421K(51200K)] 460494K->410875K(567296K), 0.0016777 secs] [Times: user=0.00 sys=0.00, real=0.00 secs] 
2887.252: [GC (Allocation Failure) [PSYoungGen: 51085K->1456K(51200K)] 460539K->410910K(567296K), 0.0023193 secs] [Times: user=0.01 sys=0.00, real=0.00 secs] 
2887.764: [GC (Allocation Failure) [PSYoungGen: 51120K->1408K(51200K)] 460574K->410862K(567296K), 0.0023298 secs] [Times: user=0.01 sys=0.00, real=0.00 secs] 
2888.307: [GC (Allocation Failure) [PSYoungGen: 51072K->1344K(51200K)] 460526K->410814K(567296K), 0.0024288 secs] [Times: user=0.01 sys=0.00, real=0.00 secs] 
2888.859: [GC (Allocation Failure) [PSYoungGen: 51008K->1392K(51200K)] 460478K->410862K(567296K), 0.0027154 secs] [Times: user=0.01 sys=0.00, real=0.00 secs] 
2889.418: [GC (Allocation Failure) [PSYoungGen: 51056K->1376K(51200K)] 460526K->410846K(567296K), 0.0027205 secs] [Times: user=0.01 sys=0.00, real=0.00 secs] 
2890.208: [GC (Allocation Failure) [PSYoungGen: 51040K->1373K(51200K)] 460510K->410843K(567296K), 0.0016660 secs] [Times: user=0.00 sys=0.00, real=0.00 secs] 
2890.803: [GC (Allocation Failure) [PSYoungGen: 51037K->1472K(51200K)] 460507K->410942K(567296K), 0.0019772 secs] [Times: user=0.01 sys=0.00, real=0.00 secs] 
2891.243: [GC (Allocation Failure) [PSYoungGen: 51136K->1408K(51200K)] 460606K->410878K(567296K), 0.0019269 secs] [Times: user=0.00 sys=0.00, real=0.00 secs] 
2891.775: [GC (Allocation Failure) [PSYoungGen: 51072K->1408K(51200K)] 460542K->410878K(567296K), 0.0020003 secs] [Times: user=0.01 sys=0.00, real=0.00 secs] 
2892.467: [GC (Allocation Failure) [PSYoungGen: 51072K->1376K(51200K)] 460542K->410846K(567296K), 0.0031121 secs] [Times: user=0.02 sys=0.00, real=0.00 secs] 
2892.970: [GC (Allocation Failure) [PSYoungGen: 51040K->1376K(51200K)] 460510K->410846K(567296K), 0.0032347 secs] [Times: user=0.01 sys=0.00, real=0.01 secs] 
2893.663: [GC (Allocation Failure) [PSYoungGen: 51040K->1437K(51200K)] 460510K->410907K(567296K), 0.0017220 secs] [Times: user=0.00 sys=0.00, real=0.00 secs] 
2894.562: [GC (Allocation Failure) [PSYoungGen: 51101K->1408K(51200K)] 460571K->410878K(567296K), 0.0030115 secs] [Times: user=0.01 sys=0.00, real=0.00 secs] 
2895.078: [GC (Allocation Failure) [PSYoungGen: 51072K->1376K(51200K)] 460542K->410846K(567296K), 0.0031613 secs] [Times: user=0.01 sys=0.00, real=0.00 secs] 
2895.490: [GC (Allocation Failure) [PSYoungGen: 51040K->1408K(51200K)] 460510K->410878K(567296K), 0.0027547 secs] [Times: user=0.01 sys=0.00, real=0.01 secs] 
2895.877: [GC (Allocation Failure) [PSYoungGen: 51072K->1360K(51200K)] 460542K->410838K(567296K), 0.0030474 secs] [Times: user=0.01 sys=0.00, real=0.00 secs] 
2896.283: [GC (Allocation Failure) [PSYoungGen: 51024K->1424K(51200K)] 460502K->410902K(567296K), 0.0027493 secs] [Times: user=0.01 sys=0.00, real=0.00 secs] 
2896.940: [GC (Allocation Failure) [PSYoungGen: 51088K->1405K(51200K)] 460566K->410883K(567296K), 0.0017115 secs] [Times: user=0.00 sys=0.00, real=0.00 secs] 
2897.435: [GC (Allocation Failure) [PSYoungGen: 51069K->1392K(51200K)] 460547K->410886K(567296K), 0.0021133 secs] [Times: user=0.01 sys=0.00, real=0.00 secs] 
2897.751: [GC (Allocation Failure) [PSYoungGen: 51056K->1408K(51200K)] 460550K->410902K(567296K), 0.0021136 secs] [Times: user=0.01 sys=0.00, real=0.01 secs] 
2898.086: [GC (Allocation Failure) [PSYoungGen: 51072K->1344K(51200K)] 460566K->410846K(567296K), 0.0033915 secs] [Times: user=0.01 sys=0.00, real=0.00 secs] 
2898.528: [GC (Allocation Failure) [PSYoungGen: 51008K->1360K(51200K)] 460510K->410862K(567296K), 0.0034234 secs] [Times: user=0.02 sys=0.00, real=0.01 secs] 
2898.950: [GC (Allocation Failure) [PSYoungGen: 51024K->1376K(51200K)] 460526K->410878K(567296K), 0.0030417 secs] [Times: user=0.01 sys=0.00, real=0.01 secs] 
2899.656: [GC (Allocation Failure) [PSYoungGen: 51040K->1373K(51200K)] 460542K->410875K(567296K), 0.0015816 secs] [Times: user=0.00 sys=0.00, real=0.00 secs] 
2900.281: [GC (Allocation Failure) [PSYoungGen: 51037K->1408K(51200K)] 460539K->410910K(567296K), 0.0017848 secs] [Times: user=0.01 sys=0.00, real=0.01 secs] 
2900.741: [GC (Allocation Failure) [PSYoungGen: 51072K->1376K(51200K)] 460574K->410878K(567296K), 0.0020347 secs] [Times: user=0.01 sys=0.00, real=0.01 secs] 
2901.227: [GC (Allocation Failure) [PSYoungGen: 51040K->1376K(51200K)] 460542K->410878K(567296K), 0.0025460 secs] [Times: user=0.01 sys=0.00, real=0.00 secs] 
2901.687: [GC (Allocation Failure) [PSYoungGen: 51040K->1440K(51200K)] 460542K->410942K(567296K), 0.0023440 secs] [Times: user=0.01 sys=0.00, real=0.00 secs] 
2902.103: [GC (Allocation Failure) [PSYoungGen: 51104K->1376K(51200K)] 460606K->410878K(567296K), 0.0033568 secs] [Times: user=0.01 sys=0.00, real=0.00 secs] 
2902.712: [GC (Allocation Failure) [PSYoungGen: 51040K->1405K(51200K)] 460542K->410907K(567296K), 0.0017030 secs] [Times: user=0.01 sys=0.00, real=0.00 secs] 
2903.361: [GC (Allocation Failure) [PSYoungGen: 51069K->1472K(51200K)] 460571K->410974K(567296K), 0.0021664 secs] [Times: user=0.01 sys=0.00, real=0.01 secs] 
2903.823: [GC (Allocation Failure) [PSYoungGen: 51136K->1376K(51200K)] 460638K->410878K(567296K), 0.0024041 secs] [Times: user=0.01 sys=0.00, real=0.00 secs] 
2904.274: [GC (Allocation Failure) [PSYoungGen: 51040K->1376K(51200K)] 460542K->410878K(567296K), 0.0024165 secs] [Times: user=0.01 sys=0.00, real=0.00 secs] 
2904.681: [GC (Allocation Failure) [PSYoungGen: 51040K->1344K(51200K)] 460542K->410846K(567296K), 0.0023349 secs] [Times: user=0.01 sys=0.00, real=0.01 secs] 
2905.120: [GC (Allocation Failure) [PSYoungGen: 51008K->1376K(51200K)] 460510K->410878K(567296K), 0.0024076 secs] [Times: user=0.01 sys=0.00, real=0.01 secs] 
2905.931: [GC (Allocation Failure) [PSYoungGen: 51040K->1389K(51200K)] 460542K->410891K(567296K), 0.0017749 secs] [Times: user=0.00 sys=0.00, real=0.01 secs] 
2906.369: [GC (Allocation Failure) [PSYoungGen: 51053K->1408K(51200K)] 460555K->410910K(567296K), 0.0019280 secs] [Times: user=0.01 sys=0.00, real=0.00 secs] 
2906.591: [GC (Allocation Failure) [PSYoungGen: 51072K->1408K(51200K)] 460574K->410926K(567296K), 0.0018240 secs] [Times: user=0.01 sys=0.00, real=0.01 secs] 
2906.895: [GC (Allocation Failure) [PSYoungGen: 51072K->1376K(51200K)] 460590K->410894K(567296K), 0.0019495 secs] [Times: user=0.01 sys=0.00, real=0.00 secs] 
2907.235: [GC (Allocation Failure) [PSYoungGen: 51040K->1344K(51200K)] 460558K->410862K(567296K), 0.0020073 secs] [Times: user=0.01 sys=0.00, real=0.00 secs] 
2907.630: [GC (Allocation Failure) [PSYoungGen: 51008K->1376K(51200K)] 460526K->410894K(567296K), 0.0018869 secs] [Times: user=0.01 sys=0.00, real=0.01 secs] 
2908.357: [GC (Allocation Failure) [PSYoungGen: 51040K->1373K(51200K)] 460558K->410891K(567296K), 0.0018443 secs] [Times: user=0.01 sys=0.00, real=0.00 secs] 
2909.009: [GC (Allocation Failure) [PSYoungGen: 51037K->1344K(51200K)] 460555K->410862K(567296K), 0.0045920 secs] [Times: user=0.02 sys=0.00, real=0.01 secs] 
2909.396: [GC (Allocation Failure) [PSYoungGen: 51008K->1376K(51200K)] 460526K->410894K(567296K), 0.0028798 secs] [Times: user=0.01 sys=0.00, real=0.00 secs] 
2909.798: [GC (Allocation Failure) [PSYoungGen: 51040K->1392K(51200K)] 460558K->410910K(567296K), 0.0030140 secs] [Times: user=0.01 sys=0.00, real=0.00 secs] 
2910.271: [GC (Allocation Failure) [PSYoungGen: 51056K->1376K(51200K)] 460574K->410894K(567296K), 0.0025406 secs] [Times: user=0.01 sys=0.00, real=0.01 secs] 
2910.709: [GC (Allocation Failure) [PSYoungGen: 51040K->1376K(51200K)] 460558K->410894K(567296K), 0.0025535 secs] [Times: user=0.01 sys=0.00, real=0.01 secs] 
2911.318: [GC (Allocation Failure) [PSYoungGen: 51040K->1405K(51200K)] 460558K->410923K(567296K), 0.0017507 secs] [Times: user=0.01 sys=0.00, real=0.00 secs] 
2911.914: [GC (Allocation Failure) [PSYoungGen: 51069K->1408K(51200K)] 460587K->410926K(567296K), 0.0037341 secs] [Times: user=0.02 sys=0.00, real=0.00 secs] 
2912.267: [GC (Allocation Failure) [PSYoungGen: 51072K->1376K(51200K)] 460590K->410894K(567296K), 0.0029476 secs] [Times: user=0.02 sys=0.00, real=0.00 secs] 
2912.680: [GC (Allocation Failure) [PSYoungGen: 51040K->1392K(51200K)] 460558K->410910K(567296K), 0.0027468 secs] [Times: user=0.01 sys=0.00, real=0.01 secs] 
2913.168: [GC (Allocation Failure) [PSYoungGen: 51056K->1376K(51200K)] 460574K->410902K(567296K), 0.0034230 secs] [Times: user=0.01 sys=0.00, real=0.01 secs] 
2913.567: [GC (Allocation Failure) [PSYoungGen: 51040K->1376K(51200K)] 460566K->410902K(567296K), 0.0034245 secs] [Times: user=0.02 sys=0.00, real=0.00 secs] 
2914.324: [GC (Allocation Failure) [PSYoungGen: 51040K->1421K(51200K)] 460566K->410947K(567296K), 0.0017212 secs] [Times: user=0.00 sys=0.00, real=0.00 secs] 
2915.107: [GC (Allocation Failure) [PSYoungGen: 51085K->1440K(51200K)] 460611K->410966K(567296K), 0.0023062 secs] [Times: user=0.00 sys=0.00, real=0.00 secs] 
2915.751: [GC (Allocation Failure) [PSYoungGen: 51104K->1408K(51200K)] 460630K->410934K(567296K), 0.0027423 secs] [Times: user=0.02 sys=0.00, real=0.01 secs] 
2916.366: [GC (Allocation Failure) [PSYoungGen: 51072K->1376K(51200K)] 460598K->410902K(567296K), 0.0028403 secs] [Times: user=0.01 sys=0.00, real=0.00 secs] 
2916.894: [GC (Allocation Failure) [PSYoungGen: 51040K->1360K(51200K)] 460566K->410902K(567296K), 0.0034508 secs] [Times: user=0.02 sys=0.00, real=0.00 secs] 
2917.309: [GC (Allocation Failure) [PSYoungGen: 51024K->1424K(51200K)] 460566K->410966K(567296K), 0.0032500 secs] [Times: user=0.02 sys=0.00, real=0.01 secs] 
2917.969: [GC (Allocation Failure) [PSYoungGen: 51088K->1405K(51200K)] 460630K->410947K(567296K), 0.0017729 secs] [Times: user=0.01 sys=0.00, real=0.00 secs] 
2919.044: [GC (Allocation Failure) [PSYoungGen: 51069K->1408K(51200K)] 460611K->410950K(567296K), 0.0040296 secs] [Times: user=0.01 sys=0.01, real=0.00 secs] 
2919.631: [GC (Allocation Failure) [PSYoungGen: 51072K->1408K(51200K)] 460614K->410950K(567296K), 0.0046400 secs] [Times: user=0.02 sys=0.00, real=0.01 secs] 
2920.036: [GC (Allocation Failure) [PSYoungGen: 51072K->1376K(51200K)] 460614K->410918K(567296K), 0.0028843 secs] [Times: user=0.01 sys=0.00, real=0.00 secs] 
2920.417: [GC (Allocation Failure) [PSYoungGen: 51040K->1376K(51200K)] 460582K->410918K(567296K), 0.0025385 secs] [Times: user=0.01 sys=0.00, real=0.00 secs] 
2921.069: [GC (Allocation Failure) [PSYoungGen: 51040K->1376K(51200K)] 460582K->410918K(567296K), 0.0027730 secs] [Times: user=0.01 sys=0.00, real=0.01 secs] 
2921.805: [GC (Allocation Failure) [PSYoungGen: 51040K->1405K(51200K)] 460582K->410947K(567296K), 0.0016184 secs] [Times: user=0.01 sys=0.00, real=0.00 secs] 
2922.606: [GC (Allocation Failure) [PSYoungGen: 51069K->1408K(51200K)] 460611K->410950K(567296K), 0.0025262 secs] [Times: user=0.01 sys=0.01, real=0.00 secs] 
2923.047: [GC (Allocation Failure) [PSYoungGen: 51072K->1344K(51200K)] 460614K->410886K(567296K), 0.0078525 secs] [Times: user=0.03 sys=0.00, real=0.01 secs] 
2923.503: [GC (Allocation Failure) [PSYoungGen: 51008K->1392K(51200K)] 460550K->410934K(567296K), 0.0031993 secs] [Times: user=0.02 sys=0.00, real=0.00 secs] 
2923.891: [GC (Allocation Failure) [PSYoungGen: 51056K->1376K(51200K)] 460598K->410918K(567296K), 0.0031601 secs] [Times: user=0.01 sys=0.00, real=0.01 secs] 
2924.314: [GC (Allocation Failure) [PSYoungGen: 51040K->1376K(51200K)] 460582K->410918K(567296K), 0.0029448 secs] [Times: user=0.02 sys=0.00, real=0.00 secs] 
2924.984: [GC (Allocation Failure) [PSYoungGen: 51040K->1405K(51200K)] 460582K->410947K(567296K), 0.0016849 secs] [Times: user=0.00 sys=0.00, real=0.00 secs] 
2925.570: [GC (Allocation Failure) [PSYoungGen: 51069K->1456K(51200K)] 460611K->410998K(567296K), 0.0022444 secs] [Times: user=0.01 sys=0.00, real=0.01 secs] 
2925.779: [GC (Allocation Failure) [PSYoungGen: 51120K->1408K(51200K)] 460662K->410950K(567296K), 0.0022020 secs] [Times: user=0.01 sys=0.00, real=0.00 secs] 
2926.040: [GC (Allocation Failure) [PSYoungGen: 51072K->1376K(51200K)] 460614K->410918K(567296K), 0.0022005 secs] [Times: user=0.01 sys=0.00, real=0.01 secs] 
2926.250: [GC (Allocation Failure) [PSYoungGen: 51040K->1440K(51200K)] 460582K->411006K(567296K), 0.0021833 secs] [Times: user=0.01 sys=0.00, real=0.01 secs] 
2926.486: [GC (Allocation Failure) [PSYoungGen: 51104K->1408K(51200K)] 460670K->410974K(567296K), 0.0021423 secs] [Times: user=0.00 sys=0.00, real=0.00 secs] 
2926.935: [GC (Allocation Failure) [PSYoungGen: 51072K->1421K(51200K)] 460638K->410987K(567296K), 0.0016225 secs] [Times: user=0.00 sys=0.00, real=0.00 secs] 
2928.200: [GC (Allocation Failure) [PSYoungGen: 51085K->1424K(51200K)] 460651K->410990K(567296K), 0.0042355 secs] [Times: user=0.02 sys=0.00, real=0.01 secs] 
2928.706: [GC (Allocation Failure) [PSYoungGen: 51088K->1408K(51200K)] 460654K->410974K(567296K), 0.0036217 secs] [Times: user=0.01 sys=0.00, real=0.00 secs] 
2929.204: [GC (Allocation Failure) [PSYoungGen: 51072K->1376K(51200K)] 460638K->410942K(567296K), 0.0028508 secs] [Times: user=0.01 sys=0.00, real=0.00 secs] 
2929.676: [GC (Allocation Failure) [PSYoungGen: 51040K->1376K(51200K)] 460606K->410942K(567296K), 0.0025638 secs] [Times: user=0.01 sys=0.00, real=0.00 secs] 
2930.074: [GC (Allocation Failure) [PSYoungGen: 51040K->1408K(51200K)] 460606K->410974K(567296K), 0.0041309 secs] [Times: user=0.02 sys=0.00, real=0.00 secs] 
2930.751: [GC (Allocation Failure) [PSYoungGen: 51072K->1437K(51200K)] 460638K->411003K(567296K), 0.0016426 secs] [Times: user=0.01 sys=0.00, real=0.01 secs] 
2931.445: [GC (Allocation Failure) [PSYoungGen: 51101K->1392K(51200K)] 460667K->410958K(567296K), 0.0019630 secs] [Times: user=0.01 sys=0.00, real=0.00 secs] 
2931.802: [GC (Allocation Failure) [PSYoungGen: 51056K->1440K(51200K)] 460622K->411006K(567296K), 0.0020728 secs] [Times: user=0.01 sys=0.00, real=0.00 secs] 
2932.176: [GC (Allocation Failure) [PSYoungGen: 51104K->1392K(51200K)] 460670K->410958K(567296K), 0.0037790 secs] [Times: user=0.02 sys=0.00, real=0.00 secs] 
2932.669: [GC (Allocation Failure) [PSYoungGen: 51056K->1408K(51200K)] 460622K->410974K(567296K), 0.0026927 secs] [Times: user=0.01 sys=0.00, real=0.01 secs] 
2933.062: [GC (Allocation Failure) [PSYoungGen: 51072K->1328K(51200K)] 460638K->410894K(567296K), 0.0027718 secs] [Times: user=0.01 sys=0.01, real=0.00 secs] 
2934.001: [GC (Allocation Failure) [PSYoungGen: 50992K->1405K(51200K)] 460558K->410971K(567296K), 0.0018009 secs] [Times: user=0.01 sys=0.00, real=0.01 secs] 
2934.547: [GC (Allocation Failure) [PSYoungGen: 51069K->1440K(51200K)] 460635K->411006K(567296K), 0.0021126 secs] [Times: user=0.01 sys=0.00, real=0.00 secs] 
2934.754: [GC (Allocation Failure) [PSYoungGen: 51104K->1408K(51200K)] 460670K->410974K(567296K), 0.0020355 secs] [Times: user=0.01 sys=0.00, real=0.00 secs] 
2934.960: [GC (Allocation Failure) [PSYoungGen: 51072K->1408K(51200K)] 460638K->410974K(567296K), 0.0020400 secs] [Times: user=0.01 sys=0.00, real=0.01 secs] 
2935.203: [GC (Allocation Failure) [PSYoungGen: 51072K->1344K(51200K)] 460638K->410910K(567296K), 0.0030353 secs] [Times: user=0.01 sys=0.00, real=0.00 secs] 
2935.410: [GC (Allocation Failure) [PSYoungGen: 51008K->1344K(51200K)] 460574K->410926K(567296K), 0.0027566 secs] [Times: user=0.02 sys=0.00, real=0.01 secs] 
2935.861: [GC (Allocation Failure) [PSYoungGen: 51008K->1405K(51200K)] 460590K->410987K(567296K), 0.0017571 secs] [Times: user=0.01 sys=0.00, real=0.01 secs] 
2937.696: [GC (Allocation Failure) [PSYoungGen: 51069K->1376K(51200K)] 460651K->410958K(567296K), 0.0040249 secs] [Times: user=0.02 sys=0.00, real=0.00 secs] 
2938.171: [GC (Allocation Failure) [PSYoungGen: 51040K->1360K(51200K)] 460622K->410942K(567296K), 0.0042705 secs] [Times: user=0.02 sys=0.00, real=0.01 secs] 
2938.661: [GC (Allocation Failure) [PSYoungGen: 51024K->1376K(51200K)] 460606K->410958K(567296K), 0.0031036 secs] [Times: user=0.02 sys=0.00, real=0.01 secs] 
2938.865: [GC (Allocation Failure) [PSYoungGen: 51040K->1376K(51200K)] 460622K->410966K(567296K), 0.0022083 secs] [Times: user=0.00 sys=0.00, real=0.00 secs] 
2939.071: [GC (Allocation Failure) [PSYoungGen: 51040K->1408K(51200K)] 460630K->410998K(567296K), 0.0021248 secs] [Times: user=0.00 sys=0.00, real=0.01 secs] 
2939.541: [GC (Allocation Failure) [PSYoungGen: 51072K->1405K(51200K)] 460662K->410995K(567296K), 0.0016839 secs] [Times: user=0.00 sys=0.00, real=0.01 secs] 
2940.349: [GC (Allocation Failure) [PSYoungGen: 51069K->1376K(51200K)] 460659K->410966K(567296K), 0.0032283 secs] [Times: user=0.01 sys=0.00, real=0.01 secs] 
2940.820: [GC (Allocation Failure) [PSYoungGen: 51040K->1344K(51200K)] 460630K->410934K(567296K), 0.0030028 secs] [Times: user=0.01 sys=0.00, real=0.01 secs] 
2941.042: [GC (Allocation Failure) [PSYoungGen: 51008K->1360K(51200K)] 460598K->410950K(567296K), 0.0022757 secs] [Times: user=0.01 sys=0.00, real=0.00 secs] 
2941.324: [GC (Allocation Failure) [PSYoungGen: 51024K->1405K(51200K)] 460614K->410995K(567296K), 0.0017031 secs] [Times: user=0.01 sys=0.00, real=0.00 secs] 
2941.820: [GC (Allocation Failure) [PSYoungGen: 51069K->1504K(50688K)] 460659K->411361K(566784K), 0.0046129 secs] [Times: user=0.02 sys=0.00, real=0.01 secs] 
2942.199: [GC (Allocation Failure) [PSYoungGen: 50656K->2016K(51200K)] 460513K->415900K(567296K), 0.0037967 secs] [Times: user=0.01 sys=0.00, real=0.01 secs] 
2945.087: [GC (Allocation Failure) [PSYoungGen: 51168K->3552K(49664K)] 465052K->425164K(565760K), 0.0169343 secs] [Times: user=0.07 sys=0.01, real=0.02 secs] 
2951.909: [GC (Allocation Failure) [PSYoungGen: 49632K->6624K(52736K)] 471244K->444140K(568832K), 0.0240580 secs] [Times: user=0.13 sys=0.01, real=0.03 secs] 
2957.943: [GC (Allocation Failure) [PSYoungGen: 52704K->13792K(52224K)] 490220K->465580K(568320K), 0.0148950 secs] [Times: user=0.07 sys=0.02, real=0.01 secs] 
2958.010: [GC (Allocation Failure) [PSYoungGen: 52192K->21472K(59904K)] 503980K->483316K(576000K), 0.0135707 secs] [Times: user=0.07 sys=0.01, real=0.02 secs] 
2958.082: [GC (Allocation Failure) [PSYoungGen: 59872K->29152K(65536K)] 521716K->502204K(581632K), 0.0211812 secs] [Times: user=0.11 sys=0.01, real=0.02 secs] 
2958.146: [GC (Allocation Failure) [PSYoungGen: 65504K->38368K(74752K)] 538556K->519148K(590848K), 0.0167101 secs] [Times: user=0.09 sys=0.01, real=0.02 secs] 
2958.207: [GC (Allocation Failure) [PSYoungGen: 74720K->48608K(81408K)] 555500K->536956K(597504K), 0.0250577 secs] [Times: user=0.07 sys=0.08, real=0.03 secs] 
2958.259: [GC (Allocation Failure) [PSYoungGen: 81376K->59872K(92672K)] 569724K->553005K(608768K), 0.0145838 secs] [Times: user=0.08 sys=0.01, real=0.02 secs] 
2958.301: [GC (Allocation Failure) [PSYoungGen: 92640K->72672K(97792K)] 585773K->569201K(613888K), 0.0283803 secs] [Times: user=0.08 sys=0.09, real=0.03 secs] 
2959.545: [GC (Allocation Failure) [PSYoungGen: 97760K->62560K(112128K)] 594289K->581461K(631296K), 0.1055054 secs] [Times: user=0.57 sys=0.06, real=0.10 secs] 
2959.650: [Full GC (Ergonomics) [PSYoungGen: 62560K->0K(112128K)] [ParOldGen: 518901K->179742K(477696K)] 581461K->179742K(589824K), [Metaspace: 59848K->59751K(1105920K)], 0.4923991 secs] [Times: user=2.33 sys=0.03, real=0.50 secs] 
2960.164: [GC (Allocation Failure) [PSYoungGen: 25088K->12416K(118272K)] 204830K->192158K(595968K), 0.0162066 secs] [Times: user=0.09 sys=0.00, real=0.01 secs] 
2960.208: [GC (Allocation Failure) [PSYoungGen: 42624K->26208K(120832K)] 238750K->222334K(598528K), 0.0223145 secs] [Times: user=0.13 sys=0.00, real=0.02 secs] 
2961.873: [GC (Allocation Failure) [PSYoungGen: 56416K->11744K(117760K)] 252542K->234102K(595456K), 0.0882803 secs] [Times: user=0.52 sys=0.01, real=0.08 secs] 
2964.195: [GC (Allocation Failure) [PSYoungGen: 48096K->11584K(119808K)] 270454K->245246K(597504K), 0.0956824 secs] [Times: user=0.54 sys=0.00, real=0.09 secs] 
2966.855: [GC (Allocation Failure) [PSYoungGen: 47936K->17984K(116736K)] 281598K->263198K(594432K), 0.1159327 secs] [Times: user=0.69 sys=0.00, real=0.11 secs] 
2967.997: [GC (Allocation Failure) [PSYoungGen: 62016K->2237K(120832K)] 307230K->265379K(598528K), 0.0264628 secs] [Times: user=0.16 sys=0.00, real=0.03 secs] 
2968.140: [GC (Allocation Failure) [PSYoungGen: 46269K->1760K(124928K)] 309411K->266990K(602624K), 0.0042730 secs] [Times: user=0.02 sys=0.00, real=0.01 secs] 
2968.595: [GC (Allocation Failure) [PSYoungGen: 53896K->13184K(126976K)] 319126K->279587K(604672K), 0.0083843 secs] [Times: user=0.04 sys=0.00, real=0.01 secs] 
2968.718: [GC (Allocation Failure) [PSYoungGen: 65920K->24032K(126464K)] 332323K->302867K(604160K), 0.0182743 secs] [Times: user=0.10 sys=0.00, real=0.02 secs] 
2968.829: [GC (Allocation Failure) [PSYoungGen: 87008K->32064K(130048K)] 365843K->332787K(607744K), 0.0194607 secs] [Times: user=0.12 sys=0.00, real=0.02 secs] 
2968.901: [GC (Allocation Failure) [PSYoungGen: 95040K->51008K(135680K)] 395763K->379619K(613376K), 0.0206381 secs] [Times: user=0.10 sys=0.02, real=0.03 secs] 
2968.981: [GC (Allocation Failure) [PSYoungGen: 120128K->33984K(141824K)] 448739K->397163K(619520K), 0.0213392 secs] [Times: user=0.12 sys=0.00, real=0.03 secs] 
2969.060: [GC (Allocation Failure) [PSYoungGen: 103104K->34432K(152064K)] 466283K->431639K(629760K), 0.0837185 secs] [Times: user=0.50 sys=0.00, real=0.09 secs] 
2969.677: [GC (Allocation Failure) [PSYoungGen: 117376K->64448K(153088K)] 514583K->496079K(630784K), 0.0279185 secs] [Times: user=0.16 sys=0.01, real=0.03 secs] 
2969.705: [Full GC (Ergonomics) [PSYoungGen: 64448K->0K(153088K)] [ParOldGen: 431631K->218798K(555008K)] 496079K->218798K(708096K), [Metaspace: 59968K->59968K(1105920K)], 0.4980738 secs] [Times: user=2.25 sys=0.00, real=0.50 secs] 
2971.735: [GC (Allocation Failure) [PSYoungGen: 82168K->35552K(172032K)] 300967K->254350K(727040K), 0.0426305 secs] [Times: user=0.22 sys=0.02, real=0.04 secs] 
2972.659: [GC (Allocation Failure) [PSYoungGen: 134368K->3520K(175616K)] 353166K->256646K(730624K), 0.0466701 secs] [Times: user=0.28 sys=0.00, real=0.05 secs] 
2972.843: [GC (Allocation Failure) [PSYoungGen: 102336K->42080K(193536K)] 355462K->298372K(748544K), 0.0139296 secs] [Times: user=0.07 sys=0.02, real=0.01 secs] 
2972.989: [GC (Allocation Failure) [PSYoungGen: 158816K->57408K(193536K)] 415108K->353384K(748544K), 0.0348119 secs] [Times: user=0.20 sys=0.00, real=0.04 secs] 
2973.130: [GC (Allocation Failure) [PSYoungGen: 174144K->57696K(216064K)] 470120K->410864K(771072K), 0.0346217 secs] [Times: user=0.20 sys=0.01, real=0.04 secs] 
2973.474: [GC (Allocation Failure) [PSYoungGen: 191328K->72864K(220672K)] 544496K->483760K(775680K), 0.0460951 secs] [Times: user=0.27 sys=0.00, real=0.04 secs] 
2978.319: [GC (Allocation Failure) [PSYoungGen: 206496K->19424K(247296K)] 617392K->503240K(802304K), 0.0387432 secs] [Times: user=0.22 sys=0.01, real=0.04 secs] 
2978.358: [Full GC (Ergonomics) [PSYoungGen: 19424K->0K(247296K)] [ParOldGen: 483816K->17527K(403968K)] 503240K->17527K(651264K), [Metaspace: 59978K->59978K(1105920K)], 0.0283055 secs] [Times: user=0.06 sys=0.00, real=0.03 secs] 
2978.681: [GC (Allocation Failure) [PSYoungGen: 157696K->63424K(250880K)] 175223K->80951K(654848K), 0.0213507 secs] [Times: user=0.12 sys=0.00, real=0.03 secs] 
2978.876: [GC (Allocation Failure) [PSYoungGen: 221120K->79712K(275456K)] 238647K->154951K(679424K), 0.0370411 secs] [Times: user=0.20 sys=0.03, real=0.04 secs] 
2979.308: [GC (Allocation Failure) [PSYoungGen: 257376K->93024K(284160K)] 332615K->239583K(688128K), 0.0716426 secs] [Times: user=0.41 sys=0.02, real=0.07 secs] 
2982.718: [GC (Allocation Failure) [PSYoungGen: 270688K->32160K(320000K)] 417247K->271463K(723968K), 0.1239699 secs] [Times: user=0.74 sys=0.00, real=0.13 secs] 
2984.528: [GC (Allocation Failure) [PSYoungGen: 242080K->98432K(324608K)] 481383K->367845K(728576K), 0.0318399 secs] [Times: user=0.18 sys=0.00, real=0.03 secs] 
2984.725: [GC (Allocation Failure) [PSYoungGen: 308352K->111520K(358912K)] 577765K->471069K(762880K), 0.0671162 secs] [Times: user=0.29 sys=0.07, real=0.07 secs] 
2984.792: [Full GC (Ergonomics) [PSYoungGen: 111520K->0K(358912K)] [ParOldGen: 359549K->227986K(664576K)] 471069K->227986K(1023488K), [Metaspace: 59990K->59990K(1105920K)], 0.5128814 secs] [Times: user=2.33 sys=0.00, real=0.51 secs] 
2986.972: [GC (Allocation Failure) [PSYoungGen: 231936K->57824K(373248K)] 459922K->285810K(1037824K), 0.0518685 secs] [Times: user=0.30 sys=0.00, real=0.05 secs] 
2987.445: [GC (Allocation Failure) [PSYoungGen: 289760K->114304K(388608K)] 517746K->395131K(1053184K), 0.0437179 secs] [Times: user=0.21 sys=0.05, real=0.04 secs] 
2989.161: [GC (Allocation Failure) [PSYoungGen: 369792K->104800K(401920K)] 650619K->491771K(1066496K), 0.0578394 secs] [Times: user=0.34 sys=0.00, real=0.06 secs] 
2992.054: [GC (Allocation Failure) [PSYoungGen: 360288K->90848K(443904K)] 747259K->582515K(1108480K), 0.0878928 secs] [Times: user=0.31 sys=0.21, real=0.09 secs] 
2992.410: [GC (Allocation Failure) [PSYoungGen: 383200K->146880K(445952K)] 874867K->723428K(1110528K), 0.0660703 secs] [Times: user=0.30 sys=0.09, real=0.07 secs] 
2992.476: [Full GC (Ergonomics) [PSYoungGen: 146880K->0K(445952K)] [ParOldGen: 576548K->246927K(737280K)] 723428K->246927K(1183232K), [Metaspace: 59992K->59992K(1105920K)], 0.5766370 secs] [Times: user=2.71 sys=0.00, real=0.58 secs] 
2994.476: [GC (Allocation Failure) [PSYoungGen: 292352K->89312K(488960K)] 539279K->336239K(1226240K), 0.0320864 secs] [Times: user=0.17 sys=0.02, real=0.03 secs] 
2996.754: [GC (Allocation Failure) [PSYoungGen: 419774K->168416K(500736K)] 666701K->524907K(1238016K), 0.0626206 secs] [Times: user=0.38 sys=0.00, real=0.06 secs] 
3002.482: [GC (Allocation Failure) [PSYoungGen: 497210K->93792K(455680K)] 853702K->585195K(1192960K), 0.0759519 secs] [Times: user=0.45 sys=0.00, real=0.07 secs] 
3002.814: [GC (Allocation Failure) [PSYoungGen: 351328K->129696K(478208K)] 842731K->709036K(1215488K), 0.0537714 secs] [Times: user=0.32 sys=0.00, real=0.05 secs] 
3002.868: [Full GC (Ergonomics) [PSYoungGen: 129696K->0K(478208K)] [ParOldGen: 579340K->232820K(779776K)] 709036K->232820K(1257984K), [Metaspace: 60003K->60003K(1105920K)], 0.5411077 secs] [Times: user=2.54 sys=0.00, real=0.54 secs] 
3004.754: [GC (Allocation Failure) [PSYoungGen: 254614K->69536K(464384K)] 487435K->302356K(1244160K), 0.0498495 secs] [Times: user=0.29 sys=0.00, real=0.05 secs] 
3005.115: [GC (Allocation Failure) [PSYoungGen: 327584K->127776K(471552K)] 560404K->426401K(1251328K), 0.0420322 secs] [Times: user=0.24 sys=0.00, real=0.04 secs] 
3006.441: [GC (Allocation Failure) [PSYoungGen: 385824K->82848K(468480K)] 684449K->501065K(1248256K), 0.0809573 secs] [Times: user=0.48 sys=0.00, real=0.09 secs] 
3008.536: [GC (Allocation Failure) [PSYoungGen: 355232K->123392K(477184K)] 773449K->622654K(1256960K), 0.0437187 secs] [Times: user=0.26 sys=0.00, real=0.04 secs] 
3010.615: [GC (Allocation Failure) [PSYoungGen: 395776K->118560K(484352K)] 895038K->731906K(1264128K), 0.0630593 secs] [Times: user=0.36 sys=0.01, real=0.06 secs] 
3010.678: [Full GC (Ergonomics) [PSYoungGen: 118560K->0K(484352K)] [ParOldGen: 613346K->252487K(846848K)] 731906K->252487K(1331200K), [Metaspace: 60008K->60008K(1105920K)], 0.5261160 secs] [Times: user=2.31 sys=0.00, real=0.53 secs] 
3012.756: [GC (Allocation Failure) [PSYoungGen: 290816K->103072K(489984K)] 543303K->355559K(1336832K), 0.0290191 secs] [Times: user=0.17 sys=0.00, real=0.03 secs] 
3013.773: [GC (Allocation Failure) [PSYoungGen: 392719K->189920K(422912K)] 645207K->528095K(1269760K), 0.0807886 secs] [Times: user=0.40 sys=0.09, real=0.08 secs] 
3014.698: [GC (GCLocker Initiated GC) [PSYoungGen: 422880K->63360K(465920K)] 761055K->401951K(1312768K), 0.0179707 secs] [Times: user=0.10 sys=0.01, real=0.02 secs] 
3015.022: [GC (Allocation Failure) [PSYoungGen: 296320K->118112K(461824K)] 634914K->514079K(1308672K), 0.0400065 secs] [Times: user=0.24 sys=0.00, real=0.04 secs] 
3017.508: [GC (Allocation Failure) [PSYoungGen: 351072K->74592K(463872K)] 747039K->580295K(1310720K), 0.0546111 secs] [Times: user=0.33 sys=0.00, real=0.06 secs] 
3018.887: [GC (Allocation Failure) [PSYoungGen: 307552K->101472K(451072K)] 813255K->680460K(1297920K), 0.0409308 secs] [Times: user=0.23 sys=0.00, real=0.04 secs] 
3019.258: [GC (Allocation Failure) [PSYoungGen: 343127K->126880K(458240K)] 922116K->798280K(1305088K), 0.0965868 secs] [Times: user=0.50 sys=0.07, real=0.10 secs] 
3022.384: [GC (Allocation Failure) [PSYoungGen: 368544K->60032K(477696K)] 1039944K->858468K(1324544K), 0.1611999 secs] [Times: user=0.70 sys=0.25, real=0.16 secs] 
3022.545: [Full GC (Ergonomics) [PSYoungGen: 60032K->0K(477696K)] [ParOldGen: 798436K->57800K(680448K)] 858468K->57800K(1158144K), [Metaspace: 60023K->60023K(1105920K)], 0.1626551 secs] [Times: user=0.72 sys=0.00, real=0.16 secs] 
3023.063: [GC (Allocation Failure) [PSYoungGen: 270336K->130912K(481280K)] 328136K->188712K(1161728K), 0.0261837 secs] [Times: user=0.16 sys=0.00, real=0.02 secs] 
3025.069: [GC (Allocation Failure) [PSYoungGen: 401248K->86720K(474112K)] 459048K->267092K(1154560K), 0.1435169 secs] [Times: user=0.85 sys=0.00, real=0.15 secs] 
3026.460: [GC (Allocation Failure) [PSYoungGen: 365248K->131168K(481792K)] 545620K->396305K(1162240K), 0.0451842 secs] [Times: user=0.27 sys=0.00, real=0.05 secs] 
3027.706: [GC (Allocation Failure) [PSYoungGen: 409696K->109728K(476672K)] 674833K->497217K(1157120K), 0.0620390 secs] [Times: user=0.37 sys=0.00, real=0.06 secs] 
3031.271: [GC (Allocation Failure) [PSYoungGen: 402592K->115104K(486400K)] 790081K->612081K(1166848K), 0.0539187 secs] [Times: user=0.32 sys=0.00, real=0.06 secs] 
3031.325: [Full GC (Ergonomics) [PSYoungGen: 115104K->0K(486400K)] [ParOldGen: 496977K->130732K(808448K)] 612081K->130732K(1294848K), [Metaspace: 60041K->60041K(1105920K)], 0.2856281 secs] [Times: user=1.31 sys=0.00, real=0.28 secs] 
3032.677: [GC (Allocation Failure) [PSYoungGen: 292864K->132864K(502784K)] 423596K->263596K(1311232K), 0.0490100 secs] [Times: user=0.29 sys=0.01, real=0.05 secs] 
3033.955: [GC (Allocation Failure) [PSYoungGen: 450816K->117728K(505856K)] 581548K->381076K(1314304K), 0.0707019 secs] [Times: user=0.42 sys=0.00, real=0.07 secs] 
3035.654: [GC (Allocation Failure) [PSYoungGen: 435680K->130496K(508416K)] 699028K->500947K(1316864K), 0.0617711 secs] [Times: user=0.37 sys=0.01, real=0.06 secs] 
3038.807: [GC (Allocation Failure) [PSYoungGen: 456640K->131968K(508416K)] 827091K->632751K(1316864K), 0.0573976 secs] [Times: user=0.34 sys=0.00, real=0.06 secs] 
3040.091: [GC (Allocation Failure) [PSYoungGen: 458112K->3552K(491520K)] 958895K->504375K(1299968K), 0.0029755 secs] [Times: user=0.02 sys=0.00, real=0.01 secs] 
3040.923: [GC (Allocation Failure) [PSYoungGen: 313312K->144800K(454656K)] 814135K->645623K(1263104K), 0.0282139 secs] [Times: user=0.17 sys=0.00, real=0.02 secs] 
3042.776: [GC (GCLocker Initiated GC) [PSYoungGen: 454560K->4992K(481280K)] 955383K->505815K(1289728K), 0.0038313 secs] [Times: user=0.02 sys=0.00, real=0.00 secs] 
3046.060: [GC (Allocation Failure) [PSYoungGen: 286080K->126048K(489984K)] 786906K->626874K(1298432K), 0.0253063 secs] [Times: user=0.14 sys=0.00, real=0.03 secs] 
3047.169: [GC (Allocation Failure) [PSYoungGen: 407136K->207840K(440832K)] 907962K->738106K(1249280K), 0.0632776 secs] [Times: user=0.35 sys=0.02, real=0.07 secs] 
3049.309: [GC (Allocation Failure) [PSYoungGen: 440800K->79040K(465920K)] 971066K->609358K(1274368K), 0.0256664 secs] [Times: user=0.15 sys=0.00, real=0.03 secs] 
3049.617: [GC (Allocation Failure) [PSYoungGen: 312000K->190784K(465920K)] 842318K->721182K(1274368K), 0.0384936 secs] [Times: user=0.23 sys=0.00, real=0.04 secs] 
3051.471: [GC (Allocation Failure) [PSYoungGen: 423744K->15360K(465920K)] 954142K->545782K(1274368K), 0.0140346 secs] [Times: user=0.07 sys=0.00, real=0.02 secs] 
3053.568: [GC (Allocation Failure) [PSYoungGen: 248320K->106336K(465920K)] 778742K->649031K(1274368K), 0.0291176 secs] [Times: user=0.17 sys=0.00, real=0.03 secs] 
3053.825: [GC (Allocation Failure) [PSYoungGen: 339296K->123104K(465920K)] 881991K->763347K(1274368K), 0.0645996 secs] [Times: user=0.38 sys=0.00, real=0.06 secs] 
3053.889: [Full GC (Ergonomics) [PSYoungGen: 123104K->0K(465920K)] [ParOldGen: 640243K->247266K(944640K)] 763347K->247266K(1410560K), [Metaspace: 60068K->60068K(1105920K)], 0.5726455 secs] [Times: user=2.68 sys=0.00, real=0.58 secs] 
3056.050: [GC (Allocation Failure) [PSYoungGen: 232960K->58208K(465920K)] 480226K->305474K(1410560K), 0.0341554 secs] [Times: user=0.19 sys=0.00, real=0.04 secs] 
3056.370: [GC (Allocation Failure) [PSYoungGen: 291168K->118112K(351232K)] 538434K->418020K(1295872K), 0.0395581 secs] [Times: user=0.23 sys=0.00, real=0.04 secs] 
3058.876: [GC (Allocation Failure) [PSYoungGen: 351072K->82976K(466432K)] 650980K->492684K(1411072K), 0.0556313 secs] [Times: user=0.33 sys=0.00, real=0.05 secs] 
3060.017: [GC (Allocation Failure) [PSYoungGen: 321221K->93888K(458752K)] 730929K->586528K(1403392K), 0.0602480 secs] [Times: user=0.35 sys=0.00, real=0.06 secs] 
3060.268: [GC (Allocation Failure) [PSYoungGen: 334528K->121312K(467456K)] 827168K->702229K(1412096K), 0.0521288 secs] [Times: user=0.31 sys=0.00, real=0.05 secs] 
3062.191: [GC (Allocation Failure) [PSYoungGen: 380384K->73440K(463360K)] 961301K->775822K(1408000K), 0.0959868 secs] [Times: user=0.56 sys=0.02, real=0.10 secs] 
3062.581: [GC (Allocation Failure) [PSYoungGen: 332512K->127744K(485888K)] 1034894K->900466K(1430528K), 0.0630387 secs] [Times: user=0.22 sys=0.14, real=0.07 secs] 
3062.644: [Full GC (Ergonomics) [PSYoungGen: 127744K->0K(485888K)] [ParOldGen: 772722K->183935K(913920K)] 900466K->183935K(1399808K), [Metaspace: 60072K->60072K(1105920K)], 0.4279391 secs] [Times: user=1.99 sys=0.01, real=0.43 secs] 
3064.814: [GC (Allocation Failure) [PSYoungGen: 286208K->93952K(485888K)] 470143K->277887K(1399808K), 0.0987521 secs] [Times: user=0.58 sys=0.00, real=0.10 secs] 
3067.051: [GC (Allocation Failure) [PSYoungGen: 380160K->132608K(489472K)] 564095K->407792K(1403392K), 0.0475350 secs] [Times: user=0.28 sys=0.00, real=0.05 secs] 
3068.354: [GC (Allocation Failure) [PSYoungGen: 430080K->105856K(491520K)] 705267K->504547K(1405440K), 0.0623946 secs] [Times: user=0.37 sys=0.00, real=0.06 secs] 
3069.087: [GC (Allocation Failure) [PSYoungGen: 403328K->136640K(494592K)] 802019K->640624K(1408512K), 0.0513605 secs] [Times: user=0.30 sys=0.00, real=0.05 secs] 
3071.008: [GC (Allocation Failure) [PSYoungGen: 445888K->111264K(498176K)] 949872K->743424K(1412096K), 0.0634903 secs] [Times: user=0.38 sys=0.00, real=0.06 secs] 
3073.437: [GC (Allocation Failure) [PSYoungGen: 420512K->135008K(504320K)] 1052672K->876928K(1418240K), 0.0530034 secs] [Times: user=0.31 sys=0.00, real=0.05 secs] 
3073.490: [Full GC (Ergonomics) [PSYoungGen: 135008K->0K(504320K)] [ParOldGen: 741920K->151933K(950784K)] 876928K->151933K(1455104K), [Metaspace: 60078K->60078K(1105920K)], 0.3407906 secs] [Times: user=1.57 sys=0.00, real=0.34 secs] 
3075.045: [GC (Allocation Failure) [PSYoungGen: 322560K->116736K(506368K)] 474493K->268669K(1457152K), 0.0499920 secs] [Times: user=0.30 sys=0.00, real=0.05 secs] 
3076.123: [GC (Allocation Failure) [PSYoungGen: 439296K->149472K(505344K)] 591229K->416594K(1456128K), 0.0584046 secs] [Times: user=0.34 sys=0.00, real=0.05 secs] 
3078.370: [GC (Allocation Failure) [PSYoungGen: 476128K->113216K(512000K)] 743250K->520274K(1462784K), 0.1520624 secs] [Times: user=0.90 sys=0.00, real=0.16 secs] 
3079.727: [GC (Allocation Failure) [PSYoungGen: 439872K->154784K(503296K)] 846930K->672582K(1454080K), 0.0550788 secs] [Times: user=0.32 sys=0.00, real=0.06 secs] 
3081.158: [GC (Allocation Failure) [PSYoungGen: 478880K->112480K(511488K)] 996678K->776347K(1462272K), 0.0738957 secs] [Times: user=0.44 sys=0.00, real=0.08 secs] 
3081.786: [GC (Allocation Failure) [PSYoungGen: 422909K->150144K(506880K)] 1086776K->923339K(1457664K), 0.0543710 secs] [Times: user=0.32 sys=0.00, real=0.05 secs] 
3081.841: [Full GC (Ergonomics) [PSYoungGen: 150144K->0K(506880K)] [ParOldGen: 773195K->197618K(1060352K)] 923339K->197618K(1567232K), [Metaspace: 60085K->60085K(1105920K)], 0.4638877 secs] [Times: user=2.15 sys=0.00, real=0.47 secs] 
3085.261: [GC (Allocation Failure) [PSYoungGen: 325120K->106336K(512000K)] 522738K->303954K(1572352K), 0.0550902 secs] [Times: user=0.33 sys=0.00, real=0.06 secs] 
3085.708: [GC (Allocation Failure) [PSYoungGen: 431456K->159872K(499200K)] 629074K->459875K(1559552K), 0.0534315 secs] [Times: user=0.30 sys=0.02, real=0.06 secs] 
3088.269: [GC (Allocation Failure) [PSYoungGen: 475776K->94656K(507392K)] 775779K->554431K(1567744K), 0.1449088 secs] [Times: user=0.87 sys=0.00, real=0.15 secs] 
3088.729: [GC (Allocation Failure) [PSYoungGen: 410560K->158752K(494592K)] 870335K->707676K(1554944K), 0.0555930 secs] [Times: user=0.34 sys=0.00, real=0.06 secs] 
3092.432: [GC (Allocation Failure) [PSYoungGen: 463392K->86528K(501760K)] 1012316K->794344K(1562112K), 0.1316598 secs] [Times: user=0.79 sys=0.00, real=0.13 secs] 
3092.834: [GC (Allocation Failure) [PSYoungGen: 391168K->152896K(493568K)] 1098984K->941673K(1553920K), 0.0545463 secs] [Times: user=0.31 sys=0.01, real=0.05 secs] 
3095.542: [GC (Allocation Failure) [PSYoungGen: 450368K->86080K(498176K)] 1239145K->1027961K(1558528K), 0.1765939 secs] [Times: user=0.81 sys=0.19, real=0.17 secs] 
3095.719: [Full GC (Ergonomics) [PSYoungGen: 86080K->0K(498176K)] [ParOldGen: 941881K->64529K(972800K)] 1027961K->64529K(1470976K), [Metaspace: 60093K->60093K(1105920K)], 0.1614492 secs] [Times: user=0.74 sys=0.00, real=0.16 secs] 
3096.116: [GC (Allocation Failure) [PSYoungGen: 297472K->146496K(496128K)] 362001K->211025K(1468928K), 0.0299752 secs] [Times: user=0.18 sys=0.00, real=0.03 secs] 
3099.306: [GC (Allocation Failure) [PSYoungGen: 442944K->86176K(497664K)] 507473K->297329K(1470464K), 0.1211850 secs] [Times: user=0.73 sys=0.00, real=0.12 secs] 
3100.793: [GC (Allocation Failure) [PSYoungGen: 382624K->144288K(496640K)] 593777K->437656K(1469440K), 0.1202706 secs] [Times: user=0.72 sys=0.00, real=0.12 secs] 
3102.959: [GC (Allocation Failure) [PSYoungGen: 441248K->97696K(394752K)] 734616K->527188K(1367552K), 0.0892737 secs] [Times: user=0.53 sys=0.01, real=0.09 secs] 
3103.974: [GC (GCLocker Initiated GC) [PSYoungGen: 394656K->142496K(494592K)] 824148K->666409K(1467392K), 0.1217240 secs] [Times: user=0.73 sys=0.00, real=0.12 secs] 
3106.722: [GC (Allocation Failure) [PSYoungGen: 439968K->98752K(495616K)] 963883K->756599K(1468416K), 0.0624885 secs] [Times: user=0.37 sys=0.00, real=0.06 secs] 
3107.851: [GC (Allocation Failure) [PSYoungGen: 396224K->140096K(497152K)] 1054071K->894484K(1469952K), 0.0501294 secs] [Times: user=0.30 sys=0.00, real=0.05 secs] 
3110.010: [GC (GCLocker Initiated GC) [PSYoungGen: 443200K->106144K(497664K)] 1197589K->991305K(1470464K), 0.0692029 secs] [Times: user=0.41 sys=0.01, real=0.07 secs] 
3110.080: [Full GC (Ergonomics) [PSYoungGen: 106144K->0K(497664K)] [ParOldGen: 885161K->32043K(966144K)] 991305K->32043K(1463808K), [Metaspace: 60107K->60107K(1105920K)], 0.0516177 secs] [Times: user=0.18 sys=0.00, real=0.05 secs] 
3110.487: [GC (Allocation Failure) [PSYoungGen: 303104K->146272K(497664K)] 335195K->178363K(1463808K), 0.0288917 secs] [Times: user=0.17 sys=0.00, real=0.03 secs] 
3112.643: [GC (Allocation Failure) [PSYoungGen: 453984K->103392K(500224K)] 486075K->273579K(1466368K), 0.1584328 secs] [Times: user=0.94 sys=0.00, real=0.15 secs] 
3114.639: [GC (Allocation Failure) [PSYoungGen: 411104K->143776K(503808K)] 581291K->414288K(1469952K), 0.0500872 secs] [Times: user=0.30 sys=0.00, real=0.05 secs] 
3116.488: [GC (GCLocker Initiated GC) [PSYoungGen: 458656K->107040K(505344K)] 729168K->512152K(1471488K), 0.1709203 secs] [Times: user=1.02 sys=0.00, real=0.17 secs] 
3118.148: [GC (Allocation Failure) [PSYoungGen: 421920K->149472K(501760K)] 827035K->659192K(1467904K), 0.0532002 secs] [Times: user=0.31 sys=0.00, real=0.05 secs] 
3120.801: [GC (Allocation Failure) [PSYoungGen: 464864K->106336K(505856K)] 974584K->757000K(1472000K), 0.1665840 secs] [Times: user=1.00 sys=0.00, real=0.17 secs] 
3123.446: [GC (Allocation Failure) [PSYoungGen: 421728K->151040K(503808K)] 1072392K->904897K(1469952K), 0.0529673 secs] [Times: user=0.32 sys=0.00, real=0.05 secs] 
3125.487: [GC (Allocation Failure) [PSYoungGen: 467968K->106368K(507904K)] 1221825K->1002785K(1474048K), 0.1669409 secs] [Times: user=0.99 sys=0.00, real=0.17 secs] 
3125.654: [Full GC (Ergonomics) [PSYoungGen: 106368K->0K(507904K)] [ParOldGen: 896417K->44661K(1012736K)] 1002785K->44661K(1520640K), [Metaspace: 60136K->60136K(1105920K)], 0.1198102 secs] [Times: user=0.48 sys=0.01, real=0.12 secs] 
3126.823: [GC (Allocation Failure) [PSYoungGen: 316928K->155328K(500736K)] 361589K->199989K(1513472K), 0.0308218 secs] [Times: user=0.18 sys=0.00, real=0.03 secs] 
3129.124: [GC (Allocation Failure) [PSYoungGen: 468160K->105376K(505856K)] 512821K->296821K(1518592K), 0.1578837 secs] [Times: user=0.94 sys=0.00, real=0.16 secs] 
3130.128: [GC (Allocation Failure) [PSYoungGen: 411893K->149216K(503808K)] 603338K->442302K(1516544K), 0.0506797 secs] [Times: user=0.30 sys=0.00, real=0.05 secs] 
3132.416: [GC (Allocation Failure) [PSYoungGen: 463072K->105856K(506368K)] 756158K->539662K(1519104K), 0.1291041 secs] [Times: user=0.77 sys=0.00, real=0.13 secs] 
3133.256: [GC (Allocation Failure) [PSYoungGen: 415021K->145088K(505344K)] 848827K->681444K(1518080K), 0.1001385 secs] [Times: user=0.59 sys=0.01, real=0.10 secs] 
3136.126: [GC (Allocation Failure) [PSYoungGen: 460480K->106336K(421888K)] 996836K->779292K(1434624K), 0.1651208 secs] [Times: user=0.98 sys=0.00, real=0.16 secs] 
3136.754: [GC (Allocation Failure) [PSYoungGen: 421728K->153216K(501760K)] 1094684K->928477K(1514496K), 0.0520848 secs] [Times: user=0.31 sys=0.00, real=0.05 secs] 
3139.547: [GC (Allocation Failure) [PSYoungGen: 467072K->99232K(505856K)] 1242333K->1027409K(1518592K), 0.1442797 secs] [Times: user=0.86 sys=0.01, real=0.14 secs] 
3139.691: [Full GC (Ergonomics) [PSYoungGen: 99232K->0K(505856K)] [ParOldGen: 928177K->67574K(1071104K)] 1027409K->67574K(1576960K), [Metaspace: 60136K->60136K(1105920K)], 0.1652770 secs] [Times: user=0.76 sys=0.00, real=0.17 secs] 
3140.106: [GC (Allocation Failure) [PSYoungGen: 313856K->153568K(500224K)] 381430K->221142K(1571328K), 0.0344154 secs] [Times: user=0.20 sys=0.00, real=0.03 secs] 
3144.091: [GC (Allocation Failure) [PSYoungGen: 462756K->89760K(504320K)] 530330K->310230K(1575424K), 0.1638779 secs] [Times: user=0.98 sys=0.00, real=0.17 secs] 
3144.546: [GC (Allocation Failure) [PSYoungGen: 399520K->152448K(497152K)] 619990K->459251K(1568256K), 0.0532291 secs] [Times: user=0.32 sys=0.00, real=0.05 secs] 
3147.607: [GC (Allocation Failure) [PSYoungGen: 455040K->96704K(500736K)] 761843K->556075K(1571840K), 0.0992837 secs] [Times: user=0.59 sys=0.00, real=0.10 secs] 
3148.640: [GC (Allocation Failure) [PSYoungGen: 399296K->148576K(498688K)] 858667K->694736K(1569792K), 0.0701947 secs] [Times: user=0.41 sys=0.00, real=0.07 secs] 
3151.406: [GC (Allocation Failure) [PSYoungGen: 451168K->88864K(500736K)] 997328K->783320K(1571840K), 0.1503257 secs] [Times: user=0.89 sys=0.01, real=0.15 secs] 
3151.857: [GC (Allocation Failure) [PSYoungGen: 382652K->142944K(499712K)] 1077108K->922281K(1570816K), 0.0491927 secs] [Times: user=0.29 sys=0.00, real=0.05 secs] 
3153.812: [GC (Allocation Failure) [PSYoungGen: 446560K->102336K(406016K)] 1225897K->1015873K(1477120K), 0.1277331 secs] [Times: user=0.76 sys=0.00, real=0.12 secs] 
3153.940: [Full GC (Ergonomics) [PSYoungGen: 102336K->0K(406016K)] [ParOldGen: 913537K->54003K(1094144K)] 1015873K->54003K(1500160K), [Metaspace: 60137K->60137K(1105920K)], 0.1357956 secs] [Times: user=0.61 sys=0.01, real=0.14 secs] 
3154.415: [GC (Allocation Failure) [PSYoungGen: 303616K->146464K(498176K)] 357619K->200467K(1592320K), 0.0287139 secs] [Times: user=0.17 sys=0.00, real=0.03 secs] 
3156.869: [GC (Allocation Failure) [PSYoungGen: 450592K->98944K(499712K)] 504595K->290775K(1593856K), 0.1685503 secs] [Times: user=1.00 sys=0.00, real=0.17 secs] 
3157.668: [GC (Allocation Failure) [PSYoungGen: 403072K->149248K(499200K)] 594903K->436252K(1593344K), 0.0490172 secs] [Times: user=0.29 sys=0.00, real=0.05 secs] 
3160.134: [GC (Allocation Failure) [PSYoungGen: 455424K->98688K(502272K)] 742428K->526444K(1596416K), 0.1507620 secs] [Times: user=0.90 sys=0.01, real=0.15 secs] 
3161.272: [GC (Allocation Failure) [PSYoungGen: 404864K->148832K(500224K)] 832620K->671681K(1594368K), 0.0493588 secs] [Times: user=0.29 sys=0.00, real=0.04 secs] 
3163.801: [GC (Allocation Failure) [PSYoungGen: 455520K->101088K(408064K)] 978369K->764145K(1502208K), 0.1673361 secs] [Times: user=1.00 sys=0.00, real=0.17 secs] 
3164.607: [GC (Allocation Failure) [PSYoungGen: 407776K->151328K(498688K)] 1070833K->911850K(1592832K), 0.0506587 secs] [Times: user=0.30 sys=0.00, real=0.05 secs] 
3166.595: [GC (Allocation Failure) [PSYoungGen: 456992K->100288K(502272K)] 1217514K->1003618K(1596416K), 0.1324053 secs] [Times: user=0.79 sys=0.00, real=0.13 secs] 
3166.728: [Full GC (Ergonomics) [PSYoungGen: 100288K->0K(502272K)] [ParOldGen: 903330K->45237K(1111040K)] 1003618K->45237K(1613312K), [Metaspace: 60140K->60140K(1105920K)], 0.1155324 secs] [Times: user=0.48 sys=0.00, real=0.12 secs] 
3168.124: [GC (Allocation Failure) [PSYoungGen: 305664K->150144K(499712K)] 350901K->195381K(1610752K), 0.0297379 secs] [Times: user=0.17 sys=0.00, real=0.03 secs] 
3169.479: [GC (Allocation Failure) [PSYoungGen: 455808K->106784K(412672K)] 501045K->293757K(1523712K), 0.0768446 secs] [Times: user=0.46 sys=0.00, real=0.08 secs] 
3170.162: [GC (Allocation Failure) [PSYoungGen: 412448K->148768K(499200K)] 599421K->439086K(1610240K), 0.0514239 secs] [Times: user=0.30 sys=0.00, real=0.05 secs] 
3172.125: [GC (Allocation Failure) [PSYoungGen: 454944K->99808K(501248K)] 745262K->529990K(1612288K), 0.1242461 secs] [Times: user=0.74 sys=0.00, real=0.12 secs] 
3172.913: [GC (Allocation Failure) [PSYoungGen: 405984K->150240K(499712K)] 836166K->676731K(1610752K), 0.0496301 secs] [Times: user=0.29 sys=0.00, real=0.05 secs] 
3175.607: [GC (Allocation Failure) [PSYoungGen: 456928K->99360K(502784K)] 983419K->767843K(1613824K), 0.1347160 secs] [Times: user=0.80 sys=0.00, real=0.14 secs] 
3177.119: [GC (Allocation Failure) [PSYoungGen: 406048K->150240K(499200K)] 1074531K->913760K(1610240K), 0.0494717 secs] [Times: user=0.29 sys=0.00, real=0.05 secs] 
3179.214: [GC (GCLocker Initiated GC) [PSYoungGen: 455904K->99968K(502272K)] 1219424K->1005128K(1613312K), 0.1581786 secs] [Times: user=0.94 sys=0.00, real=0.16 secs] 
3180.104: [GC (Allocation Failure) [PSYoungGen: 405632K->148800K(500736K)] 1310795K->1149639K(1611776K), 0.0584083 secs] [Times: user=0.25 sys=0.07, real=0.06 secs] 
3180.163: [Full GC (Ergonomics) [PSYoungGen: 148800K->0K(500736K)] [ParOldGen: 1000839K->189583K(1287680K)] 1149639K->189583K(1788416K), [Metaspace: 60141K->60141K(1105920K)], 0.4442376 secs] [Times: user=2.06 sys=0.00, real=0.44 secs] 
3183.186: [GC (Allocation Failure) [PSYoungGen: 306688K->101344K(408064K)] 496271K->290927K(1695744K), 0.0960221 secs] [Times: user=0.57 sys=0.00, real=0.10 secs] 
3184.766: [GC (Allocation Failure) [PSYoungGen: 408032K->146880K(500736K)] 597615K->433696K(1788416K), 0.0497651 secs] [Times: user=0.30 sys=0.00, real=0.05 secs] 
3186.534: [GC (Allocation Failure) [PSYoungGen: 454080K->102240K(502272K)] 740896K->526908K(1789952K), 0.1520607 secs] [Times: user=0.91 sys=0.00, real=0.15 secs] 
3187.253: [GC (GCLocker Initiated GC) [PSYoungGen: 409440K->147136K(500224K)] 834108K->671301K(1787904K), 0.0512777 secs] [Times: user=0.30 sys=0.00, real=0.05 secs] 
3189.691: [GC (Allocation Failure) [PSYoungGen: 455360K->104800K(502272K)] 979529K->767353K(1789952K), 0.1417473 secs] [Times: user=0.85 sys=0.01, real=0.15 secs] 
3190.944: [GC (Allocation Failure) [PSYoungGen: 413024K->145312K(502784K)] 1075577K->910538K(1790464K), 0.0503925 secs] [Times: user=0.30 sys=0.00, real=0.05 secs] 
3192.388: [GC (Allocation Failure) [PSYoungGen: 457120K->110080K(503808K)] 1222346K->1011382K(1791488K), 0.0868288 secs] [Times: user=0.52 sys=0.00, real=0.09 secs] 
3193.140: [GC (Allocation Failure) [PSYoungGen: 421888K->152160K(500736K)] 1323190K->1160663K(1788416K), 0.0545588 secs] [Times: user=0.31 sys=0.01, real=0.06 secs] 
3196.300: [GC (Allocation Failure) [PSYoungGen: 464480K->100320K(504320K)] 1472983K->1252887K(1792000K), 0.1865202 secs] [Times: user=0.90 sys=0.21, real=0.19 secs] 
3196.487: [Full GC (Ergonomics) [PSYoungGen: 100320K->0K(504320K)] [ParOldGen: 1152567K->48101K(1178624K)] 1252887K->48101K(1682944K), [Metaspace: 60163K->60163K(1105920K)], 0.1679321 secs] [Times: user=0.75 sys=0.00, real=0.17 secs] 
3197.435: [GC (Allocation Failure) [PSYoungGen: 312320K->150528K(502272K)] 360421K->198629K(1680896K), 0.0297436 secs] [Times: user=0.17 sys=0.00, real=0.03 secs] 
3199.712: [GC (GCLocker Initiated GC) [PSYoungGen: 462336K->106816K(418816K)] 510438K->296678K(1597440K), 0.1502553 secs] [Times: user=0.90 sys=0.00, real=0.15 secs] 
3200.296: [GC (Allocation Failure) [PSYoungGen: 418624K->142752K(504320K)] 624905K->452120K(1682944K), 0.2064596 secs] [Times: user=1.22 sys=0.01, real=0.21 secs] 
3204.446: [GC (Allocation Failure) [PSYoungGen: 456886K->92224K(504832K)] 766255K->544177K(1683456K), 0.4030358 secs] [Times: user=2.40 sys=0.02, real=0.40 secs] 
3206.141: [GC (Allocation Failure) [PSYoungGen: 406592K->151072K(501760K)] 858545K->691289K(1680384K), 0.1555812 secs] [Times: user=0.93 sys=0.00, real=0.16 secs] 
3208.818: [GC (Allocation Failure) [PSYoungGen: 462880K->95328K(505344K)] 1003097K->786633K(1683968K), 0.1215511 secs] [Times: user=0.72 sys=0.00, real=0.12 secs] 
3209.857: [GC (Allocation Failure) [PSYoungGen: 407136K->153600K(497664K)] 1098441K->933614K(1676288K), 0.1203667 secs] [Times: user=0.72 sys=0.00, real=0.12 secs] 
3212.895: [GC (Allocation Failure) [PSYoungGen: 459264K->95296K(502272K)] 1239278K->1028850K(1680896K), 0.1326341 secs] [Times: user=0.79 sys=0.00, real=0.13 secs] 
3213.297: [GC (Allocation Failure) [PSYoungGen: 400960K->153312K(496128K)] 1334514K->1172243K(1674752K), 0.0544936 secs] [Times: user=0.33 sys=0.00, real=0.06 secs] 
3213.352: [Full GC (Ergonomics) [PSYoungGen: 153312K->0K(496128K)] [ParOldGen: 1018931K->213571K(1385984K)] 1172243K->213571K(1882112K), [Metaspace: 60167K->60167K(1105920K)], 0.4933813 secs] [Times: user=2.29 sys=0.00, real=0.49 secs] 
3215.818: [GC (Allocation Failure) [PSYoungGen: 301568K->92832K(500224K)] 515139K->306403K(1886208K), 0.1109053 secs] [Times: user=0.66 sys=0.00, real=0.11 secs] 
3216.188: [GC (Allocation Failure) [PSYoungGen: 394400K->149216K(496640K)] 607971K->449596K(1882624K), 0.0533729 secs] [Times: user=0.31 sys=0.00, real=0.06 secs] 
3219.435: [GC (Allocation Failure) [PSYoungGen: 448736K->86368K(499200K)] 749116K->535416K(1885184K), 0.1548357 secs] [Times: user=0.93 sys=0.00, real=0.15 secs] 
3219.960: [GC (Allocation Failure) [PSYoungGen: 383701K->142560K(498176K)] 832750K->674241K(1884160K), 0.0490364 secs] [Times: user=0.28 sys=0.01, real=0.05 secs] 
3222.047: [GC (Allocation Failure) [PSYoungGen: 443104K->101088K(401920K)] 974785K->766881K(1787904K), 0.1617422 secs] [Times: user=0.96 sys=0.00, real=0.16 secs] 
3223.014: [GC (Allocation Failure) [PSYoungGen: 401632K->146560K(495616K)] 1067425K->909326K(1881600K), 0.0500357 secs] [Times: user=0.30 sys=0.00, real=0.05 secs] 
3225.323: [GC (Allocation Failure) [PSYoungGen: 447104K->98944K(497664K)] 1209870K->999718K(1883648K), 0.1546061 secs] [Times: user=0.92 sys=0.00, real=0.15 secs] 
3226.349: [GC (Allocation Failure) [PSYoungGen: 399488K->146464K(498688K)] 1300262K->1142547K(1884672K), 0.0503327 secs] [Times: user=0.30 sys=0.00, real=0.05 secs] 
3228.464: [GC (Allocation Failure) [PSYoungGen: 451104K->103392K(500736K)] 1447187K->1237459K(1886720K), 0.1669663 secs] [Times: user=1.00 sys=0.00, real=0.16 secs] 
3229.464: [GC (Allocation Failure) [PSYoungGen: 408032K->147680K(498688K)] 1542099K->1379260K(1884672K), 0.0564116 secs] [Times: user=0.31 sys=0.03, real=0.05 secs] 
3229.520: [Full GC (Ergonomics) [PSYoungGen: 147680K->0K(498688K)] [ParOldGen: 1231580K->185540K(1392128K)] 1379260K->185540K(1890816K), [Metaspace: 60168K->60168K(1105920K)], 0.4349295 secs] [Times: user=2.01 sys=0.00, real=0.44 secs] 
3231.410: [GC (Allocation Failure) [PSYoungGen: 306176K->103072K(501248K)] 491716K->288612K(1893376K), 0.0750913 secs] [Times: user=0.44 sys=0.00, real=0.08 secs] 
3232.840: [GC (Allocation Failure) [PSYoungGen: 409248K->146976K(500736K)] 594788K->431477K(1892864K), 0.0509004 secs] [Times: user=0.29 sys=0.00, real=0.05 secs] 
3234.573: [GC (Allocation Failure) [PSYoungGen: 456224K->107424K(502784K)] 740725K->529393K(1894912K), 0.1073449 secs] [Times: user=0.64 sys=0.00, real=0.10 secs] 
3235.258: [GC (Allocation Failure) [PSYoungGen: 416672K->152000K(499712K)] 838641K->678587K(1891840K), 0.0532655 secs] [Times: user=0.31 sys=0.00, real=0.05 secs] 
3238.437: [GC (Allocation Failure) [PSYoungGen: 461760K->100640K(503808K)] 988347K->771051K(1895936K), 0.1407760 secs] [Times: user=0.84 sys=0.00, real=0.14 secs] 
3239.155: [GC (Allocation Failure) [PSYoungGen: 410400K->152992K(499200K)] 1080811K->920256K(1891328K), 0.0501667 secs] [Times: user=0.30 sys=0.00, real=0.05 secs] 
3242.260: [GC (Allocation Failure) [PSYoungGen: 460704K->99808K(503296K)] 1227968K->1011984K(1895424K), 0.1681282 secs] [Times: user=1.01 sys=0.01, real=0.17 secs] 
3243.396: [GC (Allocation Failure) [PSYoungGen: 407520K->150112K(499712K)] 1319696K->1158041K(1891840K), 0.0500361 secs] [Times: user=0.29 sys=0.00, real=0.05 secs] 
3246.584: [GC (Allocation Failure) [PSYoungGen: 456800K->98816K(502784K)] 1464729K->1248229K(1894912K), 0.1680061 secs] [Times: user=1.01 sys=0.00, real=0.17 secs] 
3247.618: [GC (Allocation Failure) [PSYoungGen: 405504K->148096K(500736K)] 1554917K->1392446K(1892864K), 0.0520822 secs] [Times: user=0.31 sys=0.00, real=0.05 secs] 
3247.670: [Full GC (Ergonomics) [PSYoungGen: 148096K->0K(500736K)] [ParOldGen: 1244350K->190693K(1398272K)] 1392446K->190693K(1899008K), [Metaspace: 60174K->60174K(1105920K)], 0.4453387 secs] [Times: user=2.07 sys=0.00, real=0.45 secs] 
3249.613: [GC (Allocation Failure) [PSYoungGen: 306688K->104704K(411648K)] 497381K->295397K(1809920K), 0.0531950 secs] [Times: user=0.32 sys=0.00, real=0.05 secs] 
3250.187: [GC (Allocation Failure) [PSYoungGen: 411392K->149824K(498688K)] 602085K->441190K(1896960K), 0.0509821 secs] [Times: user=0.30 sys=0.00, real=0.05 secs] 
3252.401: [GC (Allocation Failure) [PSYoungGen: 456000K->100704K(501248K)] 747366K->532826K(1899520K), 0.1672286 secs] [Times: user=1.00 sys=0.00, real=0.17 secs] 
3253.410: [GC (Allocation Failure) [PSYoungGen: 406880K->150304K(500736K)] 839002K->679134K(1899008K), 0.0500826 secs] [Times: user=0.30 sys=0.00, real=0.05 secs] 
3255.803: [GC (Allocation Failure) [PSYoungGen: 458016K->99520K(503296K)] 986846K->769978K(1901568K), 0.1360698 secs] [Times: user=0.81 sys=0.00, real=0.13 secs] 
3256.901: [GC (Allocation Failure) [PSYoungGen: 407232K->151200K(499200K)] 1077690K->917115K(1897472K), 0.0504285 secs] [Times: user=0.30 sys=0.01, real=0.05 secs] 
3258.955: [GC (Allocation Failure) [PSYoungGen: 456864K->102368K(502272K)] 1222779K->1010988K(1900544K), 0.1175259 secs] [Times: user=0.69 sys=0.00, real=0.12 secs] 
3260.216: [GC (Allocation Failure) [PSYoungGen: 408032K->148896K(499712K)] 1316652K->1155400K(1897984K), 0.0503967 secs] [Times: user=0.30 sys=0.00, real=0.05 secs] 
3261.891: [GC (Allocation Failure) [PSYoungGen: 455072K->102848K(502272K)] 1461576K->1249100K(1900544K), 0.1447762 secs] [Times: user=0.84 sys=0.00, real=0.15 secs] 
3262.928: [GC (Allocation Failure) [PSYoungGen: 409024K->149024K(499712K)] 1555276K->1394105K(1897984K), 0.0511103 secs] [Times: user=0.31 sys=0.00, real=0.05 secs] 
3262.979: [Full GC (Ergonomics) [PSYoungGen: 149024K->0K(499712K)] [ParOldGen: 1245081K->191461K(1398272K)] 1394105K->191461K(1897984K), [Metaspace: 60187K->60187K(1105920K)], 0.4422934 secs] [Times: user=2.04 sys=0.00, real=0.44 secs] 
3266.986: [GC (Allocation Failure) [PSYoungGen: 306688K->100416K(502272K)] 498149K->291885K(1900544K), 0.0861690 secs] [Times: user=0.51 sys=0.00, real=0.09 secs] 
3268.128: [GC (Allocation Failure) [PSYoungGen: 407104K->165728K(488448K)] 598573K->453376K(1886720K), 0.0498084 secs] [Times: user=0.30 sys=0.00, real=0.05 secs] 
3269.851: [GC (Allocation Failure) [PSYoungGen: 461152K->100480K(497152K)] 748800K->528760K(1895424K), 0.1396580 secs] [Times: user=0.83 sys=0.00, real=0.14 secs] 
3270.535: [GC (Allocation Failure) [PSYoungGen: 395904K->143328K(492544K)] 824184K->668793K(1890816K), 0.0500068 secs] [Times: user=0.30 sys=0.00, real=0.05 secs] 
3272.467: [GC (Allocation Failure) [PSYoungGen: 441312K->98144K(496128K)] 966777K->758269K(1894400K), 0.1544343 secs] [Times: user=0.92 sys=0.00, real=0.15 secs] 
3273.718: [GC (Allocation Failure) [PSYoungGen: 396128K->141120K(497152K)] 1056253K->896824K(1895424K), 0.0500558 secs] [Times: user=0.29 sys=0.01, real=0.05 secs] 
3276.087: [GC (Allocation Failure) [PSYoungGen: 445760K->104608K(499712K)] 1201464K->992176K(1897984K), 0.1608497 secs] [Times: user=0.95 sys=0.01, real=0.16 secs] 
3278.359: [GC (Allocation Failure) [PSYoungGen: 409248K->141248K(503296K)] 1296816K->1131249K(1901568K), 0.0527962 secs] [Times: user=0.32 sys=0.00, real=0.06 secs] 
3280.314: [GC (Allocation Failure) [PSYoungGen: 453056K->105792K(503296K)] 1443057K->1227721K(1901568K), 0.0895274 secs] [Times: user=0.54 sys=0.00, real=0.09 secs] 
3281.869: [GC (Allocation Failure) [PSYoungGen: 417600K->145920K(502784K)] 1539529K->1370922K(1901056K), 0.0534547 secs] [Times: user=0.31 sys=0.00, real=0.06 secs] 
3281.922: [Full GC (Ergonomics) [PSYoungGen: 145920K->0K(502784K)] [ParOldGen: 1225002K->168695K(1398272K)] 1370922K->168695K(1901056K), [Metaspace: 60204K->60204K(1105920K)], 0.3928722 secs] [Times: user=1.82 sys=0.00, real=0.39 secs] 
3283.925: [GC (Allocation Failure) [PSYoungGen: 314368K->112000K(504320K)] 483063K->280695K(1902592K), 0.0920307 secs] [Times: user=0.55 sys=0.00, real=0.09 secs] 
3285.598: [GC (Allocation Failure) [PSYoungGen: 426368K->148480K(504320K)] 595063K->426408K(1902592K), 0.0547285 secs] [Times: user=0.32 sys=0.01, real=0.06 secs] 
3287.853: [GC (Allocation Failure) [PSYoungGen: 466432K->108448K(506880K)] 744360K->525788K(1905152K), 0.1524551 secs] [Times: user=0.91 sys=0.00, real=0.15 secs] 
3289.173: [GC (Allocation Failure) [PSYoungGen: 426400K->152352K(504832K)] 843740K->675513K(1903104K), 0.0532510 secs] [Times: user=0.31 sys=0.00, real=0.05 secs] 
3290.673: [GC (Allocation Failure) [PSYoungGen: 471328K->110880K(508928K)] 994489K->778033K(1907200K), 0.0793516 secs] [Times: user=0.46 sys=0.01, real=0.08 secs] 
3291.046: [GC (Allocation Failure) [PSYoungGen: 416362K->148320K(506880K)] 1083516K->922598K(1905152K), 0.0530463 secs] [Times: user=0.31 sys=0.00, real=0.05 secs] 
3293.542: [GC (Allocation Failure) [PSYoungGen: 468832K->108096K(509440K)] 1243110K->1022030K(1907712K), 0.1682921 secs] [Times: user=1.00 sys=0.00, real=0.16 secs] 
3294.587: [GC (Allocation Failure) [PSYoungGen: 428608K->153760K(504320K)] 1342542K->1172851K(1902592K), 0.0795065 secs] [Times: user=0.47 sys=0.00, real=0.08 secs] 
3298.975: [GC (Allocation Failure) [PSYoungGen: 471712K->96256K(508416K)] 1490803K->1269219K(1906688K), 0.1332170 secs] [Times: user=0.79 sys=0.00, real=0.13 secs] 
3299.384: [GC (Allocation Failure) [PSYoungGen: 414208K->159264K(496640K)] 1587171K->1422460K(1894912K), 0.0599020 secs] [Times: user=0.30 sys=0.06, real=0.06 secs] 
3299.444: [Full GC (Ergonomics) [PSYoungGen: 159264K->0K(496640K)] [ParOldGen: 1263196K->219423K(1398272K)] 1422460K->219423K(1894912K), [Metaspace: 60204K->60204K(1105920K)], 0.5073740 secs] [Times: user=2.38 sys=0.00, real=0.50 secs] 
3303.075: [GC (Allocation Failure) [PSYoungGen: 306688K->90240K(502784K)] 526111K->309663K(1901056K), 0.1140024 secs] [Times: user=0.58 sys=0.00, real=0.11 secs] 
3303.478: [GC (Allocation Failure) [PSYoungGen: 396928K->152256K(497152K)] 616351K->456304K(1895424K), 0.0526847 secs] [Times: user=0.31 sys=0.01, real=0.05 secs] 
3306.122: [GC (Allocation Failure) [PSYoungGen: 453824K->90240K(500224K)] 757872K->546336K(1898496K), 0.1331379 secs] [Times: user=0.79 sys=0.00, real=0.13 secs] 
3306.567: [GC (Allocation Failure) [PSYoungGen: 391808K->149888K(496640K)] 847904K->690817K(1894912K), 0.0530893 secs] [Times: user=0.31 sys=0.01, real=0.05 secs] 
3309.065: [GC (Allocation Failure) [PSYoungGen: 448384K->93856K(498688K)] 989313K->784337K(1896960K), 0.1256699 secs] [Times: user=0.75 sys=0.00, real=0.12 secs] 
3309.851: [GC (Allocation Failure) [PSYoungGen: 392352K->149056K(496128K)] 1082833K->923814K(1894400K), 0.0536538 secs] [Times: user=0.32 sys=0.00, real=0.06 secs] 
3313.333: [GC (Allocation Failure) [PSYoungGen: 446528K->85472K(498176K)] 1221286K->1009430K(1896448K), 0.1339578 secs] [Times: user=0.67 sys=0.00, real=0.13 secs] 
3314.161: [GC (Allocation Failure) [PSYoungGen: 382944K->144768K(497664K)] 1306902K->1150443K(1895936K), 0.0820706 secs] [Times: user=0.49 sys=0.00, real=0.09 secs] 
3316.547: [GC (Allocation Failure) [PSYoungGen: 442240K->99936K(397824K)] 1447915K->1241883K(1796096K), 0.1244610 secs] [Times: user=0.74 sys=0.00, real=0.12 secs] 
3317.077: [GC (Allocation Failure) [PSYoungGen: 397408K->143936K(494592K)] 1539355K->1382764K(1892864K), 0.0501491 secs] [Times: user=0.30 sys=0.01, real=0.05 secs] 
3317.127: [Full GC (Ergonomics) [PSYoungGen: 143936K->0K(494592K)] [ParOldGen: 1238828K->189683K(1398272K)] 1382764K->189683K(1892864K), [Metaspace: 60206K->60206K(1105920K)], 0.4469570 secs] [Times: user=2.06 sys=0.00, real=0.45 secs] 
3320.886: [GC (Allocation Failure) [PSYoungGen: 297472K->94528K(495104K)] 487155K->284211K(1893376K), 0.0525162 secs] [Times: user=0.30 sys=0.01, real=0.05 secs] 
3321.913: [GC (Allocation Failure) [PSYoungGen: 392000K->141888K(499712K)] 581683K->423920K(1897984K), 0.0481160 secs] [Times: user=0.28 sys=0.01, real=0.04 secs] 
3323.450: [GC (Allocation Failure) [PSYoungGen: 446016K->105600K(410112K)] 728048K->520592K(1808384K), 0.0917000 secs] [Times: user=0.51 sys=0.00, real=0.10 secs] 
3324.477: [GC (Allocation Failure) [PSYoungGen: 409728K->144832K(497664K)] 824720K->663533K(1895936K), 0.0524211 secs] [Times: user=0.31 sys=0.00, real=0.05 secs] 
3326.726: [GC (Allocation Failure) [PSYoungGen: 451008K->103072K(499200K)] 969709K->758021K(1897472K), 0.1752441 secs] [Times: user=1.04 sys=0.00, real=0.18 secs] 
3328.767: [GC (Allocation Failure) [PSYoungGen: 409248K->142912K(503296K)] 1064197K->898002K(1901568K), 0.0512900 secs] [Times: user=0.31 sys=0.01, real=0.05 secs] 
3330.755: [GC (Allocation Failure) [PSYoungGen: 456256K->107936K(504320K)] 1211346K->996626K(1902592K), 0.1688623 secs] [Times: user=1.01 sys=0.01, real=0.17 secs] 
3332.887: [GC (Allocation Failure) [PSYoungGen: 421280K->147808K(501760K)] 1309970K->1141607K(1900032K), 0.0531053 secs] [Times: user=0.31 sys=0.00, real=0.05 secs] 
3334.586: [GC (Allocation Failure) [PSYoungGen: 462688K->108256K(504832K)] 1456487K->1241131K(1903104K), 0.1198238 secs] [Times: user=0.71 sys=0.01, real=0.12 secs] 
3335.299: [GC (Allocation Failure) [PSYoungGen: 423136K->153600K(502272K)] 1556011K->1391396K(1900544K), 0.0540778 secs] [Times: user=0.32 sys=0.00, real=0.06 secs] 
3335.353: [Full GC (Ergonomics) [PSYoungGen: 153600K->0K(502272K)] [ParOldGen: 1237796K->189144K(1398272K)] 1391396K->189144K(1900544K), [Metaspace: 60214K->60214K(1105920K)], 0.4401311 secs] [Times: user=2.04 sys=0.00, real=0.44 secs] 
3338.447: [GC (Allocation Failure) [PSYoungGen: 315904K->102656K(507392K)] 505048K->291800K(1905664K), 0.0735910 secs] [Times: user=0.43 sys=0.00, real=0.07 secs] 
3339.330: [GC (Allocation Failure) [PSYoungGen: 418560K->153376K(501760K)] 607704K->441433K(1900032K), 0.0508723 secs] [Times: user=0.30 sys=0.00, real=0.05 secs] 
3342.510: [GC (Allocation Failure) [PSYoungGen: 466208K->102688K(505856K)] 754265K->535705K(1904128K), 0.1420977 secs] [Times: user=0.85 sys=0.00, real=0.15 secs] 
3343.080: [GC (Allocation Failure) [PSYoungGen: 410993K->150240K(502272K)] 844011K->682098K(1900544K), 0.0502355 secs] [Times: user=0.30 sys=0.00, real=0.05 secs] 
3345.831: [GC (Allocation Failure) [PSYoungGen: 462048K->101504K(505344K)] 993906K->775498K(1903616K), 0.1420725 secs] [Times: user=0.85 sys=0.00, real=0.15 secs] 
3347.177: [GC (Allocation Failure) [PSYoungGen: 411095K->148896K(503296K)] 1085090K->920771K(1901568K), 0.0500304 secs] [Times: user=0.29 sys=0.00, real=0.05 secs] 
3349.843: [GC (Allocation Failure) [PSYoungGen: 460704K->102560K(414720K)] 1232579K->1015299K(1812992K), 0.1473753 secs] [Times: user=0.87 sys=0.01, real=0.14 secs] 
3350.512: [GC (Allocation Failure) [PSYoungGen: 411741K->148768K(502272K)] 1324481K->1160256K(1900544K), 0.0504218 secs] [Times: user=0.30 sys=0.00, real=0.05 secs] 
3353.039: [GC (Allocation Failure) [PSYoungGen: 460064K->106144K(504832K)] 1471552K->1257944K(1903104K), 0.1561625 secs] [Times: user=0.93 sys=0.00, real=0.16 secs] 
3353.606: [GC (Allocation Failure) [PSYoungGen: 407299K->144704K(503808K)] 1559099K->1399025K(1902080K), 0.0516960 secs] [Times: user=0.30 sys=0.01, real=0.05 secs] 
3353.658: [Full GC (Ergonomics) [PSYoungGen: 144704K->0K(503808K)] [ParOldGen: 1254321K->197016K(1398272K)] 1399025K->197016K(1902080K), [Metaspace: 60214K->60214K(1105920K)], 0.4611598 secs] [Times: user=2.13 sys=0.00, real=0.46 secs] 
3357.996: [GC (Allocation Failure) [PSYoungGen: 313344K->100672K(504832K)] 510360K->297688K(1903104K), 0.0971130 secs] [Times: user=0.57 sys=0.00, real=0.10 secs] 
3359.298: [GC (Allocation Failure) [PSYoungGen: 411910K->150464K(503296K)] 608926K->444073K(1901568K), 0.0486675 secs] [Times: user=0.29 sys=0.00, real=0.05 secs] 
3361.500: [GC (Allocation Failure) [PSYoungGen: 464320K->102624K(506368K)] 757929K->538609K(1904640K), 0.1690212 secs] [Times: user=1.00 sys=0.01, real=0.17 secs] 
3362.276: [GC (Allocation Failure) [PSYoungGen: 409280K->148576K(503808K)] 845266K->683078K(1902080K), 0.0499185 secs] [Times: user=0.30 sys=0.00, real=0.05 secs] 
3363.752: [GC (Allocation Failure) [PSYoungGen: 462432K->105984K(420352K)] 996934K->780570K(1818624K), 0.0977538 secs] [Times: user=0.57 sys=0.00, real=0.09 secs] 
3364.212: [GC (Allocation Failure) [PSYoungGen: 419840K->186336K(476672K)] 1094426K->963139K(1874944K), 0.0555160 secs] [Times: user=0.32 sys=0.02, real=0.05 secs] 
3366.753: [GC (Allocation Failure) [PSYoungGen: 473568K->85120K(372736K)] 1250371K->1015571K(1771008K), 0.1336304 secs] [Times: user=0.79 sys=0.00, real=0.13 secs] 
3367.332: [GC (Allocation Failure) [PSYoungGen: 372352K->141120K(495104K)] 1302803K->1153737K(1893376K), 0.0480900 secs] [Times: user=0.29 sys=0.00, real=0.04 secs] 
3370.672: [GC (Allocation Failure) [PSYoungGen: 429888K->93088K(381952K)] 1442505K->1238617K(1780224K), 0.1272426 secs] [Times: user=0.75 sys=0.01, real=0.12 secs] 
3372.037: [GC (Allocation Failure) [PSYoungGen: 381856K->143744K(492032K)] 1527385K->1379338K(1890304K), 0.0485631 secs] [Times: user=0.28 sys=0.00, real=0.05 secs] 
3372.085: [Full GC (Ergonomics) [PSYoungGen: 143744K->0K(492032K)] [ParOldGen: 1235594K->168692K(1398272K)] 1379338K->168692K(1890304K), [Metaspace: 60217K->60217K(1105920K)], 0.3868307 secs] [Times: user=1.78 sys=0.00, real=0.39 secs] 
3374.350: [GC (Allocation Failure) [PSYoungGen: 289792K->101344K(491008K)] 458484K->270036K(1889280K), 0.0392471 secs] [Times: user=0.23 sys=0.00, real=0.04 secs] 
3375.948: [GC (Allocation Failure) [PSYoungGen: 391136K->132192K(493568K)] 559828K->400755K(1891840K), 0.0514687 secs] [Times: user=0.30 sys=0.00, real=0.05 secs] 
3378.531: [GC (Allocation Failure) [PSYoungGen: 431712K->112128K(493568K)] 700275K->503387K(1891840K), 0.0628488 secs] [Times: user=0.37 sys=0.00, real=0.07 secs] 
3380.865: [GC (Allocation Failure) [PSYoungGen: 411648K->129440K(500736K)] 802907K->631989K(1899008K), 0.0529647 secs] [Times: user=0.31 sys=0.00, real=0.05 secs] 
3382.258: [GC (Allocation Failure) [PSYoungGen: 444320K->2368K(317440K)] 946869K->505013K(1715712K), 0.0021899 secs] [Times: user=0.01 sys=0.00, real=0.00 secs] 
3384.005: [GC (Allocation Failure) [PSYoungGen: 317248K->137600K(498176K)] 819893K->641218K(1896448K), 0.0275407 secs] [Times: user=0.16 sys=0.00, real=0.03 secs] 
3385.166: [GC (Allocation Failure) [PSYoungGen: 436096K->111232K(410112K)] 939714K->742922K(1808384K), 0.0643079 secs] [Times: user=0.38 sys=0.00, real=0.06 secs] 
3387.899: [GC (Allocation Failure) [PSYoungGen: 409728K->125952K(494080K)] 1041418K->867607K(1892352K), 0.0539461 secs] [Times: user=0.31 sys=0.01, real=0.06 secs] 
3389.143: [GC (Allocation Failure) [PSYoungGen: 428032K->121824K(491008K)] 1169687K->979271K(1889280K), 0.0622648 secs] [Times: user=0.37 sys=0.00, real=0.06 secs] 
3389.865: [GC (Allocation Failure) [PSYoungGen: 423904K->127296K(504320K)] 1281351K->1106743K(1902592K), 0.0560996 secs] [Times: user=0.33 sys=0.00, real=0.05 secs] 
3391.294: [GC (Allocation Failure) [PSYoungGen: 447808K->672K(501760K)] 1427255K->980203K(1900032K), 0.0033422 secs] [Times: user=0.02 sys=0.00, real=0.00 secs] 
3393.879: [GC (Allocation Failure) [PSYoungGen: 321184K->137600K(498176K)] 1300715K->1117163K(1896448K), 0.0279852 secs] [Times: user=0.16 sys=0.00, real=0.03 secs] 
3395.050: [GC (Allocation Failure) [PSYoungGen: 441216K->3168K(307200K)] 1420779K->982779K(1705472K), 0.0035637 secs] [Times: user=0.01 sys=0.00, real=0.01 secs] 
3397.955: [GC (Allocation Failure) [PSYoungGen: 306784K->132256K(488960K)] 1286395K->1113208K(1887232K), 0.0272066 secs] [Times: user=0.16 sys=0.00, real=0.03 secs] 
3399.128: [GC (Allocation Failure) [PSYoungGen: 414368K->208352K(490496K)] 1395320K->1217896K(1888768K), 0.0605078 secs] [Times: user=0.36 sys=0.00, real=0.06 secs] 
3400.739: [GC (Allocation Failure) [PSYoungGen: 490464K->109440K(441344K)] 1500008K->1327536K(1839616K), 0.0774658 secs] [Times: user=0.46 sys=0.00, real=0.08 secs] 
3400.817: [Full GC (Ergonomics) [PSYoungGen: 109440K->0K(441344K)] [ParOldGen: 1218096K->124547K(1398272K)] 1327536K->124547K(1839616K), [Metaspace: 60225K->60225K(1105920K)], 0.2735559 secs] [Times: user=1.24 sys=0.00, real=0.27 secs] 
3401.276: [GC (Allocation Failure) [PSYoungGen: 232960K->122880K(465920K)] 357507K->247427K(1864192K), 0.0377029 secs] [Times: user=0.22 sys=0.00, real=0.04 secs] 
3403.657: [GC (GCLocker Initiated GC) [PSYoungGen: 355840K->58144K(456704K)] 480387K->305707K(1854976K), 0.1534955 secs] [Times: user=0.91 sys=0.00, real=0.15 secs] 
3404.164: [GC (Allocation Failure) [PSYoungGen: 297248K->118304K(464384K)] 544814K->420558K(1862656K), 0.0383301 secs] [Times: user=0.23 sys=0.00, real=0.04 secs] 
3405.674: [GC (Allocation Failure) [PSYoungGen: 357408K->90976K(459776K)] 659662K->503138K(1858048K), 0.0569203 secs] [Times: user=0.34 sys=0.00, real=0.05 secs] 
3407.409: [GC (Allocation Failure) [PSYoungGen: 347488K->99936K(466432K)] 759650K->602531K(1864704K), 0.0613346 secs] [Times: user=0.37 sys=0.00, real=0.06 secs] 
3407.675: [GC (Allocation Failure) [PSYoungGen: 356448K->134272K(486400K)] 859043K->726903K(1884672K), 0.0542498 secs] [Times: user=0.33 sys=0.00, real=0.05 secs] 
3411.402: [GC (Allocation Failure) [PSYoungGen: 419456K->77536K(486912K)] 1012087K->804471K(1885184K), 0.1155222 secs] [Times: user=0.68 sys=0.00, real=0.11 secs] 
3411.772: [GC (Allocation Failure) [PSYoungGen: 362720K->143328K(489984K)] 1089655K->942076K(1888256K), 0.0513070 secs] [Times: user=0.30 sys=0.00, real=0.05 secs] 
3414.541: [GC (Allocation Failure) [PSYoungGen: 435168K->83808K(494080K)] 1233916K->1026076K(1892352K), 0.1407853 secs] [Times: user=0.84 sys=0.00, real=0.14 secs] 
3415.191: [GC (Allocation Failure) [PSYoungGen: 369652K->140032K(493056K)] 1311921K->1162497K(1891328K), 0.0471243 secs] [Times: user=0.28 sys=0.00, real=0.05 secs] 
3418.760: [GC (Allocation Failure) [PSYoungGen: 435456K->98112K(393728K)] 1457921K->1252445K(1792000K), 0.1430835 secs] [Times: user=0.86 sys=0.00, real=0.15 secs] 
3419.412: [GC (Allocation Failure) [PSYoungGen: 393536K->142784K(491008K)] 1547869K->1391374K(1889280K), 0.0487341 secs] [Times: user=0.29 sys=0.00, real=0.04 secs] 
3419.461: [Full GC (Ergonomics) [PSYoungGen: 142784K->0K(491008K)] [ParOldGen: 1248590K->186924K(1398272K)] 1391374K->186924K(1889280K), [Metaspace: 60227K->60227K(1105920K)], 0.4374101 secs] [Times: user=2.03 sys=0.00, real=0.44 secs] 
3422.404: [GC (Allocation Failure) [PSYoungGen: 296960K->100000K(494592K)] 483884K->286932K(1892864K), 0.0882579 secs] [Times: user=0.52 sys=0.00, real=0.09 secs] 
3423.805: [GC (Allocation Failure) [PSYoungGen: 396960K->141888K(495616K)] 583892K->426077K(1893888K), 0.0501178 secs] [Times: user=0.30 sys=0.00, real=0.05 secs] 
3425.679: [GC (Allocation Failure) [PSYoungGen: 446016K->103904K(498688K)] 730205K->521885K(1896960K), 0.1355522 secs] [Times: user=0.81 sys=0.00, real=0.14 secs] 
3427.220: [GC (Allocation Failure) [PSYoungGen: 408032K->144096K(497152K)] 826013K->663073K(1895424K), 0.0512563 secs] [Times: user=0.31 sys=0.00, real=0.05 secs] 
3429.471: [GC (Allocation Failure) [PSYoungGen: 452832K->104480K(501248K)] 971809K->758677K(1899520K), 0.1413328 secs] [Times: user=0.84 sys=0.00, real=0.15 secs] 
3431.759: [GC (Allocation Failure) [PSYoungGen: 413216K->144064K(501248K)] 1067413K->899914K(1899520K), 0.0519520 secs] [Times: user=0.31 sys=0.00, real=0.05 secs] 
3433.972: [GC (Allocation Failure) [PSYoungGen: 458432K->109632K(504832K)] 1214282K->1000274K(1903104K), 0.1610193 secs] [Times: user=0.96 sys=0.01, real=0.16 secs] 
3435.107: [GC (Allocation Failure) [PSYoungGen: 424000K->159392K(496640K)] 1314642K->1156643K(1894912K), 0.0552099 secs] [Times: user=0.33 sys=0.00, real=0.06 secs] 
3437.334: [GC (Allocation Failure) [PSYoungGen: 471200K->104960K(505344K)] 1468451K->1244451K(1903616K), 0.1631213 secs] [Times: user=0.97 sys=0.00, real=0.16 secs] 
3438.666: [GC (Allocation Failure) [PSYoungGen: 416768K->150784K(501248K)] 1556259K->1390996K(1899520K), 0.0532382 secs] [Times: user=0.31 sys=0.00, real=0.05 secs] 
3438.719: [Full GC (Ergonomics) [PSYoungGen: 150784K->0K(501248K)] [ParOldGen: 1240212K->188441K(1398272K)] 1390996K->188441K(1899520K), [Metaspace: 60240K->60240K(1105920K)], 0.4427669 secs] [Times: user=2.06 sys=0.00, real=0.45 secs] 
3440.987: [GC (Allocation Failure) [PSYoungGen: 311808K->102944K(505344K)] 500249K->291386K(1903616K), 0.0855760 secs] [Times: user=0.50 sys=0.00, real=0.09 secs] 
3442.388: [GC (Allocation Failure) [PSYoungGen: 414752K->151392K(499712K)] 603194K->438190K(1897984K), 0.0505955 secs] [Times: user=0.30 sys=0.00, real=0.05 secs] 
3444.283: [GC (Allocation Failure) [PSYoungGen: 461152K->105248K(504320K)] 747950K->534506K(1902592K), 0.1493422 secs] [Times: user=0.89 sys=0.00, real=0.15 secs] 
3444.985: [GC (Allocation Failure) [PSYoungGen: 415008K->149216K(501248K)] 844266K->680092K(1899520K), 0.0517887 secs] [Times: user=0.31 sys=0.00, real=0.05 secs] 
3447.486: [GC (Allocation Failure) [PSYoungGen: 460000K->107616K(418816K)] 990876K->778756K(1817088K), 0.1274211 secs] [Times: user=0.76 sys=0.00, real=0.13 secs] 
3448.336: [GC (Allocation Failure) [PSYoungGen: 408553K->145664K(502784K)] 1079694K->921013K(1901056K), 0.0525545 secs] [Times: user=0.31 sys=0.00, real=0.05 secs] 
3451.814: [GC (Allocation Failure) [PSYoungGen: 458496K->102304K(504320K)] 1233845K->1015117K(1902592K), 0.1610264 secs] [Times: user=0.96 sys=0.00, real=0.16 secs] 
3452.678: [GC (Allocation Failure) [PSYoungGen: 408171K->148896K(503296K)] 1320985K->1160282K(1901568K), 0.0514913 secs] [Times: user=0.31 sys=0.00, real=0.05 secs] 
3455.236: [GC (Allocation Failure) [PSYoungGen: 463264K->105216K(506368K)] 1474650K->1257010K(1904640K), 0.1636458 secs] [Times: user=0.97 sys=0.00, real=0.16 secs] 
3456.156: [GC (Allocation Failure) [PSYoungGen: 407338K->145504K(505344K)] 1559133K->1398627K(1903616K), 0.0534533 secs] [Times: user=0.31 sys=0.00, real=0.05 secs] 
3456.209: [Full GC (Ergonomics) [PSYoungGen: 145504K->0K(505344K)] [ParOldGen: 1253123K->196707K(1398272K)] 1398627K->196707K(1903616K), [Metaspace: 60241K->60241K(1105920K)], 0.4648633 secs] [Times: user=2.16 sys=0.00, real=0.47 secs] 
3459.195: [GC (Allocation Failure) [PSYoungGen: 316416K->108096K(424960K)] 513123K->304803K(1823232K), 0.0981453 secs] [Times: user=0.58 sys=0.00, real=0.10 secs] 
3459.865: [GC (Allocation Failure) [PSYoungGen: 424512K->155936K(500736K)] 621219K->455116K(1899008K), 0.0515169 secs] [Times: user=0.30 sys=0.00, real=0.05 secs] 
3463.010: [GC (Allocation Failure) [PSYoungGen: 469792K->96064K(506368K)] 768972K->551348K(1904640K), 0.1657177 secs] [Times: user=0.99 sys=0.00, real=0.17 secs] 
3463.559: [GC (Allocation Failure) [PSYoungGen: 409920K->157216K(497152K)] 865204K->703015K(1895424K), 0.0550454 secs] [Times: user=0.33 sys=0.00, real=0.06 secs] 
3465.114: [GC (Allocation Failure) [PSYoungGen: 462880K->96224K(502272K)] 1008679K->799387K(1900544K), 0.0997248 secs] [Times: user=0.59 sys=0.00, real=0.10 secs] 
3465.458: [GC (Allocation Failure) [PSYoungGen: 401888K->153120K(496640K)] 1105051K->947110K(1894912K), 0.0558108 secs] [Times: user=0.33 sys=0.00, real=0.06 secs] 
3468.148: [GC (Allocation Failure) [PSYoungGen: 454688K->90592K(500224K)] 1248678K->1037842K(1898496K), 0.1040714 secs] [Times: user=0.62 sys=0.01, real=0.11 secs] 
3468.498: [GC (Allocation Failure) [PSYoungGen: 392160K->151136K(495616K)] 1339410K->1183231K(1893888K), 0.0535745 secs] [Times: user=0.32 sys=0.01, real=0.05 secs] 
3471.339: [GC (Allocation Failure) [PSYoungGen: 448608K->85280K(498176K)] 1480703K->1268575K(1896448K), 0.1172487 secs] [Times: user=0.69 sys=0.01, real=0.12 secs] 
3471.721: [GC (Allocation Failure) [PSYoungGen: 382752K->147712K(495616K)] 1566047K->1410396K(1893888K), 0.0519971 secs] [Times: user=0.31 sys=0.00, real=0.06 secs] 
3471.773: [Full GC (Ergonomics) [PSYoungGen: 147712K->0K(495616K)] [ParOldGen: 1262684K->207287K(1398272K)] 1410396K->207287K(1893888K), [Metaspace: 60241K->60241K(1105920K)], 0.4634718 secs] [Times: user=2.14 sys=0.00, real=0.46 secs] 
3474.681: [GC (Allocation Failure) [PSYoungGen: 295424K->89792K(497152K)] 502711K->297079K(1895424K), 0.1756455 secs] [Times: user=1.05 sys=0.00, real=0.18 secs] 
3475.227: [GC (Allocation Failure) [PSYoungGen: 385216K->141920K(497152K)] 592503K->435640K(1895424K), 0.0480510 secs] [Times: user=0.29 sys=0.00, real=0.05 secs] 
3478.364: [GC (Allocation Failure) [PSYoungGen: 438880K->96832K(394240K)] 732600K->524160K(1792512K), 0.1611814 secs] [Times: user=0.96 sys=0.01, real=0.16 secs] 
3479.742: [GC (Allocation Failure) [PSYoungGen: 393792K->145984K(493056K)] 821120K->666385K(1891328K), 0.0487237 secs] [Times: user=0.29 sys=0.00, real=0.04 secs] 
3481.319: [GC (Allocation Failure) [PSYoungGen: 440446K->99264K(495104K)] 960847K->757021K(1893376K), 0.1285070 secs] [Times: user=0.76 sys=0.01, real=0.13 secs] 
3482.620: [GC (Allocation Failure) [PSYoungGen: 395712K->140896K(498688K)] 1053469K->894758K(1896960K), 0.0497793 secs] [Times: user=0.30 sys=0.00, real=0.05 secs] 
3484.181: [GC (Allocation Failure) [PSYoungGen: 444512K->106944K(498688K)] 1198374K->992850K(1896960K), 0.1045573 secs] [Times: user=0.62 sys=0.00, real=0.11 secs] 
3485.092: [GC (Allocation Failure) [PSYoungGen: 410560K->145088K(497152K)] 1296466K->1135547K(1895424K), 0.0533804 secs] [Times: user=0.32 sys=0.00, real=0.05 secs] 
3486.872: [GC (Allocation Failure) [PSYoungGen: 451776K->102848K(499200K)] 1442235K->1229423K(1897472K), 0.1065090 secs] [Times: user=0.64 sys=0.00, real=0.10 secs] 
3488.310: [GC (Allocation Failure) [PSYoungGen: 409536K->145088K(503808K)] 1536111K->1372456K(1902080K), 0.0982600 secs] [Times: user=0.59 sys=0.00, real=0.10 secs] 
3488.409: [Full GC (Ergonomics) [PSYoungGen: 145088K->0K(503808K)] [ParOldGen: 1227368K->177902K(1398272K)] 1372456K->177902K(1902080K), [Metaspace: 60241K->60241K(1105920K)], 0.4310894 secs] [Times: user=2.00 sys=0.00, real=0.43 secs] 
3491.679: [GC (Allocation Failure) [PSYoungGen: 314368K->103264K(505344K)] 492270K->281166K(1903616K), 0.1031981 secs] [Times: user=0.60 sys=0.01, real=0.11 secs] 
3494.288: [GC (Allocation Failure) [PSYoungGen: 417632K->148064K(503296K)] 595534K->426707K(1901568K), 0.0522005 secs] [Times: user=0.31 sys=0.00, real=0.05 secs] 
3496.661: [GC (Allocation Failure) [PSYoungGen: 463456K->107072K(506368K)] 742099K->524515K(1904640K), 0.1292250 secs] [Times: user=0.77 sys=0.00, real=0.13 secs] 
3498.653: [GC (Allocation Failure) [PSYoungGen: 422464K->149312K(503808K)] 839907K->671324K(1902080K), 0.0534850 secs] [Times: user=0.32 sys=0.00, real=0.05 secs] 
3501.074: [GC (Allocation Failure) [PSYoungGen: 465728K->104544K(507392K)] 987740K->766804K(1905664K), 0.1744782 secs] [Times: user=1.04 sys=0.00, real=0.17 secs] 
3502.464: [GC (Allocation Failure) [PSYoungGen: 420960K->154240K(500736K)] 1083220K->917073K(1899008K), 0.0525675 secs] [Times: user=0.31 sys=0.00, real=0.05 secs] 
3505.007: [GC (Allocation Failure) [PSYoungGen: 467072K->106592K(505856K)] 1229905K->1014889K(1904128K), 0.1666058 secs] [Times: user=0.99 sys=0.00, real=0.17 secs] 
3506.259: [GC (Allocation Failure) [PSYoungGen: 419424K->149504K(503296K)] 1327721K->1160166K(1901568K), 0.0517363 secs] [Times: user=0.31 sys=0.00, real=0.05 secs] 
3508.336: [GC (Allocation Failure) [PSYoungGen: 463360K->106112K(506368K)] 1474022K->1257302K(1904640K), 0.1546058 secs] [Times: user=0.85 sys=0.00, real=0.15 secs] 
3509.335: [GC (Allocation Failure) [PSYoungGen: 412737K->145376K(505344K)] 1563927K->1398482K(1903616K), 0.0513382 secs] [Times: user=0.31 sys=0.00, real=0.05 secs] 
3509.387: [Full GC (Ergonomics) [PSYoungGen: 145376K->0K(505344K)] [ParOldGen: 1253106K->197812K(1398272K)] 1398482K->197812K(1903616K), [Metaspace: 60246K->60246K(1105920K)], 0.4586494 secs] [Times: user=2.12 sys=0.00, real=0.46 secs] 
3512.452: [GC (Allocation Failure) [PSYoungGen: 315904K->107648K(506368K)] 513716K->305461K(1904640K), 0.0929223 secs] [Times: user=0.55 sys=0.00, real=0.09 secs] 
3513.159: [GC (Allocation Failure) [PSYoungGen: 407310K->143904K(505344K)] 605123K->445545K(1903616K), 0.0500328 secs] [Times: user=0.30 sys=0.00, real=0.05 secs] 
3515.187: [GC (Allocation Failure) [PSYoungGen: 461856K->109376K(506368K)] 763497K->546009K(1904640K), 0.1615241 secs] [Times: user=0.97 sys=0.00, real=0.16 secs] 
3515.758: [GC (Allocation Failure) [PSYoungGen: 427328K->153248K(504320K)] 863961K->695741K(1902592K), 0.0527334 secs] [Times: user=0.31 sys=0.00, real=0.05 secs] 
3519.402: [GC (Allocation Failure) [PSYoungGen: 472224K->98752K(508416K)] 1014717K->793757K(1906688K), 0.1693385 secs] [Times: user=1.01 sys=0.00, real=0.16 secs] 
3519.882: [GC (Allocation Failure) [PSYoungGen: 417728K->159840K(497152K)] 1112733K->947730K(1895424K), 0.0572444 secs] [Times: user=0.34 sys=0.00, real=0.05 secs] 
3522.853: [GC (Allocation Failure) [PSYoungGen: 468576K->91616K(503808K)] 1256466K->1039578K(1902080K), 0.1187039 secs] [Times: user=0.71 sys=0.00, real=0.11 secs] 
3523.278: [GC (Allocation Failure) [PSYoungGen: 400352K->153440K(497152K)] 1348314K->1186991K(1895424K), 0.0546445 secs] [Times: user=0.32 sys=0.00, real=0.06 secs] 
3527.162: [GC (Allocation Failure) [PSYoungGen: 456032K->88160K(500736K)] 1489583K->1274859K(1899008K), 0.1456876 secs] [Times: user=0.87 sys=0.00, real=0.14 secs] 
3527.583: [GC (Allocation Failure) [PSYoungGen: 390752K->152032K(494592K)] 1577451K->1421010K(1892864K), 0.0546464 secs] [Times: user=0.32 sys=0.00, real=0.05 secs] 
3527.637: [Full GC (Ergonomics) [PSYoungGen: 152032K->0K(494592K)] [ParOldGen: 1268978K->218593K(1398272K)] 1421010K->218593K(1892864K), [Metaspace: 60246K->60246K(1105920K)], 0.5020245 secs] [Times: user=2.34 sys=0.00, real=0.50 secs] 
3530.857: [GC (Allocation Failure) [PSYoungGen: 296448K->89408K(497664K)] 515041K->308001K(1895936K), 0.1192668 secs] [Times: user=0.71 sys=0.00, real=0.12 secs] 
3531.362: [GC (Allocation Failure) [PSYoungGen: 385856K->148416K(495104K)] 604449K->445938K(1893376K), 0.0514630 secs] [Times: user=0.30 sys=0.00, real=0.05 secs] 
3533.170: [GC (Allocation Failure) [PSYoungGen: 443840K->91616K(497152K)] 741362K->537214K(1895424K), 0.1719254 secs] [Times: user=1.02 sys=0.01, real=0.18 secs] 
3533.770: [GC (Allocation Failure) [PSYoungGen: 387040K->140768K(496128K)] 832638K->674019K(1894400K), 0.0491195 secs] [Times: user=0.29 sys=0.00, real=0.05 secs] 
3535.523: [GC (GCLocker Initiated GC) [PSYoungGen: 438240K->99872K(496640K)] 971491K->764767K(1894912K), 0.1289922 secs] [Times: user=0.77 sys=0.00, real=0.13 secs] 
3536.781: [GC (Allocation Failure) [PSYoungGen: 397344K->152192K(492544K)] 1062242K->913371K(1890816K), 0.0498638 secs] [Times: user=0.30 sys=0.00, real=0.05 secs] 
3539.127: [GC (Allocation Failure) [PSYoungGen: 449152K->95648K(496640K)] 1210331K->992091K(1894912K), 0.1658515 secs] [Times: user=0.94 sys=0.00, real=0.17 secs] 
3540.707: [GC (Allocation Failure) [PSYoungGen: 392608K->143104K(498688K)] 1289051K->1132184K(1896960K), 0.0487503 secs] [Times: user=0.29 sys=0.00, real=0.05 secs] 
3542.556: [GC (Allocation Failure) [PSYoungGen: 445184K->102944K(405504K)] 1434264K->1226384K(1803776K), 0.1565269 secs] [Times: user=0.93 sys=0.00, real=0.16 secs] 
3544.261: [GC (Allocation Failure) [PSYoungGen: 405024K->143488K(497152K)] 1528464K->1367425K(1895424K), 0.0516075 secs] [Times: user=0.31 sys=0.00, real=0.05 secs] 
3544.313: [Full GC (Ergonomics) [PSYoungGen: 143488K->0K(497152K)] [ParOldGen: 1223937K->175327K(1398272K)] 1367425K->175327K(1895424K), [Metaspace: 60250K->60250K(1105920K)], 0.4058767 secs] [Times: user=1.86 sys=0.00, real=0.40 secs] 
3547.692: [GC (Allocation Failure) [PSYoungGen: 303144K->100256K(498176K)] 478471K->275583K(1896448K), 0.0991039 secs] [Times: user=0.59 sys=0.00, real=0.10 secs] 
3548.994: [GC (Allocation Failure) [PSYoungGen: 403872K->143168K(501248K)] 579199K->416627K(1899520K), 0.0512931 secs] [Times: user=0.31 sys=0.00, real=0.05 secs] 
3550.735: [GC (Allocation Failure) [PSYoungGen: 452928K->107296K(502272K)] 726387K->514916K(1900544K), 0.1498238 secs] [Times: user=0.89 sys=0.01, real=0.15 secs] 
3552.123: [GC (Allocation Failure) [PSYoungGen: 417056K->148800K(499712K)] 824676K->661260K(1897984K), 0.0535556 secs] [Times: user=0.32 sys=0.00, real=0.05 secs] 
3554.219: [GC (Allocation Failure) [PSYoungGen: 460096K->105408K(503296K)] 972556K->758004K(1901568K), 0.1304943 secs] [Times: user=0.78 sys=0.00, real=0.13 secs] 
3555.531: [GC (Allocation Failure) [PSYoungGen: 416704K->150112K(503296K)] 1069300K->905389K(1901568K), 0.0528530 secs] [Times: user=0.31 sys=0.00, real=0.06 secs] 
3557.062: [GC (Allocation Failure) [PSYoungGen: 464992K->109952K(424960K)] 1220269K->1006909K(1823232K), 0.0962706 secs] [Times: user=0.58 sys=0.00, real=0.09 secs] 
3558.115: [GC (Allocation Failure) [PSYoungGen: 424832K->154688K(500736K)] 1321789K->1157514K(1899008K), 0.0544861 secs] [Times: user=0.32 sys=0.00, real=0.05 secs] 
3560.310: [GC (Allocation Failure) [PSYoungGen: 467520K->105280K(505856K)] 1470346K->1254066K(1904128K), 0.1358988 secs] [Times: user=0.81 sys=0.00, real=0.14 secs] 
3561.355: [GC (Allocation Failure) [PSYoungGen: 415480K->148512K(503808K)] 1564266K->1398999K(1902080K), 0.0519209 secs] [Times: user=0.31 sys=0.00, real=0.05 secs] 
3561.407: [Full GC (Ergonomics) [PSYoungGen: 148512K->0K(503808K)] [ParOldGen: 1250487K->197431K(1398272K)] 1398999K->197431K(1902080K), [Metaspace: 60253K->60253K(1105920K)], 0.4624370 secs] [Times: user=2.14 sys=0.00, real=0.46 secs] 
3564.452: [GC (Allocation Failure) [PSYoungGen: 313856K->103616K(506368K)] 511287K->301048K(1904640K), 0.0757694 secs] [Times: user=0.45 sys=0.00, real=0.07 secs] 
3565.094: [GC (Allocation Failure) [PSYoungGen: 403211K->147488K(504320K)] 600643K->444464K(1902592K), 0.0487975 secs] [Times: user=0.29 sys=0.00, real=0.05 secs] 
3567.479: [GC (Allocation Failure) [PSYoungGen: 461856K->102752K(506368K)] 758832K->538624K(1904640K), 0.1665357 secs] [Times: user=1.00 sys=0.00, real=0.17 secs] 
3568.282: [GC (Allocation Failure) [PSYoungGen: 405430K->148256K(504320K)] 841302K->683261K(1902592K), 0.0498667 secs] [Times: user=0.29 sys=0.00, real=0.05 secs] 
3571.000: [GC (Allocation Failure) [PSYoungGen: 463136K->104768K(506368K)] 998141K->779833K(1904640K), 0.1579180 secs] [Times: user=0.92 sys=0.01, real=0.16 secs] 
3571.928: [GC (Allocation Failure) [PSYoungGen: 416779K->147520K(504832K)] 1091845K->922822K(1903104K), 0.0499954 secs] [Times: user=0.30 sys=0.00, real=0.05 secs] 
3574.688: [GC (Allocation Failure) [PSYoungGen: 463424K->108800K(506880K)] 1238726K->1022522K(1905152K), 0.1436682 secs] [Times: user=0.85 sys=0.01, real=0.14 secs] 
3575.188: [GC (Allocation Failure) [PSYoungGen: 424704K->155648K(500736K)] 1338426K->1174671K(1899008K), 0.0523556 secs] [Times: user=0.31 sys=0.00, real=0.05 secs] 
3579.227: [GC (Allocation Failure) [PSYoungGen: 468480K->90624K(505856K)] 1487503K->1265203K(1904128K), 0.1676206 secs] [Times: user=1.00 sys=0.01, real=0.17 secs] 
3579.769: [GC (Allocation Failure) [PSYoungGen: 403456K->151872K(499712K)] 1578035K->1413452K(1897984K), 0.0549574 secs] [Times: user=0.33 sys=0.00, real=0.06 secs] 
3579.824: [Full GC (Ergonomics) [PSYoungGen: 151872K->0K(499712K)] [ParOldGen: 1261580K->210537K(1398272K)] 1413452K->210537K(1897984K), [Metaspace: 60253K->60253K(1105920K)], 0.4927136 secs] [Times: user=2.28 sys=0.00, real=0.49 secs] 
3583.435: [GC (Allocation Failure) [PSYoungGen: 305516K->90432K(502784K)] 516053K->300969K(1901056K), 0.1502001 secs] [Times: user=0.89 sys=0.00, real=0.15 secs] 
3584.020: [GC (Allocation Failure) [PSYoungGen: 397120K->150752K(497152K)] 607657K->448418K(1895424K), 0.0529243 secs] [Times: user=0.31 sys=0.00, real=0.06 secs] 
3586.700: [GC (Allocation Failure) [PSYoungGen: 452320K->90016K(500224K)] 749986K->538570K(1898496K), 0.1679081 secs] [Times: user=0.99 sys=0.01, real=0.17 secs] 
3587.263: [GC (Allocation Failure) [PSYoungGen: 391584K->148288K(498176K)] 840138K->683268K(1896448K), 0.0531925 secs] [Times: user=0.31 sys=0.00, real=0.05 secs] 
3591.132: [GC (Allocation Failure) [PSYoungGen: 448832K->87264K(499712K)] 983812K->770656K(1897984K), 0.1570464 secs] [Times: user=0.93 sys=0.00, real=0.15 secs] 
3592.412: [GC (Allocation Failure) [PSYoungGen: 387808K->146624K(497152K)] 1071200K->913295K(1895424K), 0.0487422 secs] [Times: user=0.29 sys=0.00, real=0.04 secs] 
3594.555: [GC (Allocation Failure) [PSYoungGen: 445120K->99040K(397824K)] 1211791K->1003863K(1796096K), 0.1125138 secs] [Times: user=0.67 sys=0.00, real=0.11 secs] 
3595.771: [GC (Allocation Failure) [PSYoungGen: 397536K->144416K(495616K)] 1302359K->1144869K(1893888K), 0.0488975 secs] [Times: user=0.29 sys=0.00, real=0.05 secs] 
3598.512: [GC (Allocation Failure) [PSYoungGen: 443424K->99840K(496640K)] 1443877K->1236041K(1894912K), 0.1136978 secs] [Times: user=0.68 sys=0.00, real=0.11 secs] 
3599.799: [GC (Allocation Failure) [PSYoungGen: 398848K->144224K(498176K)] 1535049K->1376814K(1896448K), 0.0500966 secs] [Times: user=0.30 sys=0.00, real=0.05 secs] 
3599.849: [Full GC (Ergonomics) [PSYoungGen: 144224K->0K(498176K)] [ParOldGen: 1232590K->182480K(1398272K)] 1376814K->182480K(1896448K), [Metaspace: 60253K->60253K(1105920K)], 0.4179242 secs] [Times: user=1.91 sys=0.00, real=0.42 secs] 
3602.208: [GC (Allocation Failure) [PSYoungGen: 303616K->100096K(499200K)] 486096K->282584K(1897472K), 0.0965619 secs] [Times: user=0.57 sys=0.00, real=0.10 secs] 
3604.471: [GC (Allocation Failure) [PSYoungGen: 403712K->143264K(500224K)] 586200K->422823K(1898496K), 0.0500649 secs] [Times: user=0.30 sys=0.00, real=0.05 secs] 
3606.271: [GC (Allocation Failure) [PSYoungGen: 450976K->107424K(501248K)] 730535K->521083K(1899520K), 0.1157903 secs] [Times: user=0.68 sys=0.00, real=0.12 secs] 
3608.701: [GC (Allocation Failure) [PSYoungGen: 415136K->145088K(500736K)] 828795K->663404K(1899008K), 0.0532891 secs] [Times: user=0.31 sys=0.00, real=0.06 secs] 
3611.242: [GC (Allocation Failure) [PSYoungGen: 456384K->106624K(502272K)] 974700K->760700K(1900544K), 0.1349481 secs] [Times: user=0.80 sys=0.01, real=0.13 secs] 
3612.615: [GC (GCLocker Initiated GC) [PSYoungGen: 417920K->147008K(503296K)] 1072004K->905269K(1901568K), 0.0537282 secs] [Times: user=0.31 sys=0.00, real=0.05 secs] 
3614.579: [GC (Allocation Failure) [PSYoungGen: 462912K->108096K(505856K)] 1221175K->1004784K(1904128K), 0.1119335 secs] [Times: user=0.66 sys=0.00, real=0.11 secs] 
3615.894: [GC (Allocation Failure) [PSYoungGen: 424000K->151200K(503808K)] 1320688K->1152784K(1902080K), 0.0652587 secs] [Times: user=0.39 sys=0.00, real=0.06 secs] 
3619.047: [GC (Allocation Failure) [PSYoungGen: 468640K->106944K(507904K)] 1470224K->1251724K(1906176K), 0.1800344 secs] [Times: user=1.07 sys=0.00, real=0.18 secs] 
3620.196: [GC (Allocation Failure) [PSYoungGen: 424384K->152704K(503296K)] 1569164K->1400429K(1901568K), 0.0530722 secs] [Times: user=0.32 sys=0.00, real=0.05 secs] 
3620.250: [Full GC (Ergonomics) [PSYoungGen: 152704K->0K(503296K)] [ParOldGen: 1247725K->197319K(1398272K)] 1400429K->197319K(1901568K), [Metaspace: 60375K->60375K(1105920K)], 0.4630104 secs] [Times: user=2.15 sys=0.00, real=0.47 secs] 
3623.923: [GC (Allocation Failure) [PSYoungGen: 315904K->103200K(507392K)] 513223K->300519K(1905664K), 0.0958256 secs] [Times: user=0.57 sys=0.00, real=0.09 secs] 
3625.216: [GC (Allocation Failure) [PSYoungGen: 410852K->147648K(505344K)] 608171K->444360K(1903616K), 0.0489157 secs] [Times: user=0.29 sys=0.00, real=0.05 secs] 
3627.935: [GC (Allocation Failure) [PSYoungGen: 463552K->104000K(420352K)] 760264K->539760K(1818624K), 0.1566593 secs] [Times: user=0.94 sys=0.00, real=0.15 secs] 
3628.584: [GC (Allocation Failure) [PSYoungGen: 414525K->147360K(504832K)] 850285K->683613K(1903104K), 0.0501703 secs] [Times: user=0.30 sys=0.00, real=0.05 secs] 
3630.656: [GC (Allocation Failure) [PSYoungGen: 463264K->111200K(427520K)] 999517K->786233K(1825792K), 0.1391925 secs] [Times: user=0.82 sys=0.01, real=0.14 secs] 
3631.268: [GC (Allocation Failure) [PSYoungGen: 427104K->154816K(500736K)] 1102137K->937498K(1899008K), 0.0542176 secs] [Times: user=0.32 sys=0.01, real=0.06 secs] 
3634.883: [GC (Allocation Failure) [PSYoungGen: 468672K->94208K(505856K)] 1251354K->1031634K(1904128K), 0.1685169 secs] [Times: user=1.01 sys=0.00, real=0.16 secs] 
3635.373: [GC (Allocation Failure) [PSYoungGen: 408064K->155296K(498176K)] 1345490K->1181003K(1896448K), 0.0558665 secs] [Times: user=0.33 sys=0.00, real=0.05 secs] 
3638.403: [GC (Allocation Failure) [PSYoungGen: 461984K->87040K(502784K)] 1487691K->1267947K(1901056K), 0.1675795 secs] [Times: user=1.00 sys=0.00, real=0.16 secs] 
3639.157: [GC (Allocation Failure) [PSYoungGen: 393728K->153504K(495616K)] 1574635K->1415776K(1893888K), 0.0523917 secs] [Times: user=0.32 sys=0.00, real=0.05 secs] 
3639.209: [Full GC (Ergonomics) [PSYoungGen: 153504K->0K(495616K)] [ParOldGen: 1262272K->213191K(1398272K)] 1415776K->213191K(1893888K), [Metaspace: 60379K->60379K(1105920K)], 0.4894949 secs] [Times: user=2.27 sys=0.01, real=0.49 secs] 
3642.612: [GC (Allocation Failure) [PSYoungGen: 299520K->88672K(499200K)] 512711K->301863K(1897472K), 0.1445008 secs] [Times: user=0.86 sys=0.00, real=0.14 secs] 
3643.064: [GC (Allocation Failure) [PSYoungGen: 388192K->180288K(473088K)] 601383K->478652K(1871360K), 0.0529376 secs] [Times: user=0.31 sys=0.00, real=0.05 secs] 
3645.593: [GC (Allocation Failure) [PSYoungGen: 454208K->79296K(353280K)] 752572K->525076K(1751552K), 0.1685766 secs] [Times: user=1.00 sys=0.00, real=0.16 secs] 
3646.715: [GC (Allocation Failure) [PSYoungGen: 353216K->131872K(492032K)] 798996K->653433K(1890304K), 0.0470219 secs] [Times: user=0.28 sys=0.00, real=0.05 secs] 
3648.036: [GC (Allocation Failure) [PSYoungGen: 410912K->95456K(374784K)] 932473K->740009K(1773056K), 0.0853060 secs] [Times: user=0.50 sys=0.00, real=0.08 secs] 
3650.477: [GC (Allocation Failure) [PSYoungGen: 374496K->125280K(489984K)] 1019049K->863694K(1888256K), 0.0499551 secs] [Times: user=0.29 sys=0.00, real=0.05 secs] 
3651.604: [GC (Allocation Failure) [PSYoungGen: 411488K->116768K(482816K)] 1149902K->970718K(1881088K), 0.0616023 secs] [Times: user=0.37 sys=0.00, real=0.06 secs] 
3653.874: [GC (Allocation Failure) [PSYoungGen: 402976K->110944K(494080K)] 1256926K->1081406K(1892352K), 0.0668762 secs] [Times: user=0.40 sys=0.00, real=0.06 secs] 
3655.374: [GC (Allocation Failure) [PSYoungGen: 414560K->137216K(488960K)] 1385022K->1207915K(1887232K), 0.0617929 secs] [Times: user=0.37 sys=0.00, real=0.06 secs] 
3657.081: [GC (Allocation Failure) [PSYoungGen: 440832K->109504K(509440K)] 1511531K->1317195K(1907712K), 0.0695943 secs] [Times: user=0.42 sys=0.00, real=0.07 secs] 
3658.306: [GC (Allocation Failure) [PSYoungGen: 436672K->139392K(507904K)] 1644363K->1445480K(1906176K), 0.0632771 secs] [Times: user=0.36 sys=0.01, real=0.06 secs] 
3658.369: [Full GC (Ergonomics) [PSYoungGen: 139392K->0K(507904K)] [ParOldGen: 1306087K->251949K(1398272K)] 1445480K->251949K(1906176K), [Metaspace: 60393K->60393K(1105920K)], 0.5281281 secs] [Times: user=2.32 sys=0.00, real=0.53 secs] 
3661.128: [GC (Allocation Failure) [PSYoungGen: 327168K->128352K(512000K)] 579117K->380301K(1910272K), 0.0256666 secs] [Times: user=0.15 sys=0.01, real=0.03 secs] 
3662.478: [GC (Allocation Failure) [PSYoungGen: 464736K->4192K(340992K)] 716685K->256253K(1739264K), 0.0022244 secs] [Times: user=0.01 sys=0.00, real=0.00 secs] 
3664.919: [GC (Allocation Failure) [PSYoungGen: 340576K->152768K(492032K)] 592637K->407142K(1890304K), 0.0301225 secs] [Times: user=0.18 sys=0.00, real=0.03 secs] 
3666.225: [GC (Allocation Failure) [PSYoungGen: 452288K->104288K(499200K)] 706662K->502218K(1897472K), 0.0811689 secs] [Times: user=0.48 sys=0.00, real=0.08 secs] 
3668.142: [GC (Allocation Failure) [PSYoungGen: 403808K->139136K(499200K)] 801738K->639451K(1897472K), 0.0512553 secs] [Times: user=0.31 sys=0.01, real=0.05 secs] 
3670.596: [GC (Allocation Failure) [PSYoungGen: 444800K->108256K(414208K)] 945115K->738067K(1812480K), 0.0749552 secs] [Times: user=0.45 sys=0.00, real=0.07 secs] 
3673.416: [GC (Allocation Failure) [PSYoungGen: 413920K->141632K(497152K)] 1043731K->877554K(1895424K), 0.0527271 secs] [Times: user=0.31 sys=0.00, real=0.05 secs] 
3674.725: [GC (Allocation Failure) [PSYoungGen: 450368K->108640K(499200K)] 1186290K->976934K(1897472K), 0.0735881 secs] [Times: user=0.44 sys=0.00, real=0.07 secs] 
3676.949: [GC (Allocation Failure) [PSYoungGen: 417376K->141600K(503296K)] 1285670K->1116555K(1901568K), 0.0533843 secs] [Times: user=0.32 sys=0.00, real=0.06 secs] 
3678.361: [GC (Allocation Failure) [PSYoungGen: 459552K->114624K(505344K)] 1434507K->1221443K(1903616K), 0.0881196 secs] [Times: user=0.52 sys=0.01, real=0.09 secs] 
3679.161: [GC (Allocation Failure) [PSYoungGen: 432576K->153728K(501760K)] 1539395K->1372803K(1900032K), 0.0559129 secs] [Times: user=0.33 sys=0.00, real=0.06 secs] 
3679.217: [Full GC (Ergonomics) [PSYoungGen: 153728K->0K(501760K)] [ParOldGen: 1219075K->180956K(1398272K)] 1372803K->180956K(1900032K), [Metaspace: 60405K->60405K(1105920K)], 0.4217224 secs] [Times: user=1.94 sys=0.00, real=0.42 secs] 
3682.217: [GC (Allocation Failure) [PSYoungGen: 320000K->109728K(507904K)] 500956K->290684K(1906176K), 0.0870150 secs] [Times: user=0.52 sys=0.00, real=0.09 secs] 
3683.355: [GC (Allocation Failure) [PSYoungGen: 429728K->154912K(502784K)] 610684K->439617K(1901056K), 0.0529626 secs] [Times: user=0.32 sys=0.00, real=0.05 secs] 
3685.560: [GC (Allocation Failure) [PSYoungGen: 473888K->110144K(508928K)] 758593K->540993K(1907200K), 0.1702290 secs] [Times: user=1.01 sys=0.00, real=0.17 secs] 
3686.431: [GC (Allocation Failure) [PSYoungGen: 429120K->155424K(501760K)] 859969K->692522K(1900032K), 0.0536905 secs] [Times: user=0.32 sys=0.00, real=0.06 secs] 
3689.198: [GC (Allocation Failure) [PSYoungGen: 471328K->99072K(507392K)] 1008426K->791206K(1905664K), 0.1503191 secs] [Times: user=0.89 sys=0.01, real=0.15 secs] 
3689.674: [GC (Allocation Failure) [PSYoungGen: 414976K->156352K(498688K)] 1107110K->941887K(1896960K), 0.0563319 secs] [Times: user=0.33 sys=0.00, real=0.05 secs] 
3693.424: [GC (Allocation Failure) [PSYoungGen: 465088K->89568K(503808K)] 1250623K->1031035K(1902080K), 0.1571725 secs] [Times: user=0.94 sys=0.00, real=0.15 secs] 
3694.215: [GC (Allocation Failure) [PSYoungGen: 398304K->152960K(496640K)] 1339771K->1178576K(1894912K), 0.0764547 secs] [Times: user=0.46 sys=0.01, real=0.08 secs] 
3697.715: [GC (GCLocker Initiated GC) [PSYoungGen: 454528K->88992K(500224K)] 1480144K->1267276K(1898496K), 0.1162821 secs] [Times: user=0.69 sys=0.00, real=0.12 secs] 
3698.095: [GC (Allocation Failure) [PSYoungGen: 390560K->166176K(483840K)] 1568879K->1427876K(1882112K), 0.0532438 secs] [Times: user=0.31 sys=0.00, real=0.05 secs] 
3698.149: [Full GC (Ergonomics) [PSYoungGen: 166176K->0K(483840K)] [ParOldGen: 1261700K->209753K(1398272K)] 1427876K->209753K(1882112K), [Metaspace: 60412K->60412K(1105920K)], 0.4841754 secs] [Times: user=2.25 sys=0.00, real=0.49 secs] 
3701.650: [GC (Allocation Failure) [PSYoungGen: 286208K->81440K(492544K)] 495961K->291193K(1890816K), 0.1562792 secs] [Times: user=0.93 sys=0.01, real=0.16 secs] 
3702.280: [GC (Allocation Failure) [PSYoungGen: 367648K->141152K(489472K)] 577401K->428814K(1887744K), 0.0457895 secs] [Times: user=0.26 sys=0.00, real=0.05 secs] 
3704.564: [GC (Allocation Failure) [PSYoungGen: 427360K->93248K(491008K)] 715022K->513610K(1889280K), 0.1607513 secs] [Times: user=0.96 sys=0.00, real=0.16 secs] 
3706.011: [GC (Allocation Failure) [PSYoungGen: 379456K->134848K(488960K)] 799818K->645527K(1887232K), 0.0472493 secs] [Times: user=0.28 sys=0.00, real=0.05 secs] 
3707.295: [GC (Allocation Failure) [PSYoungGen: 426688K->103232K(491008K)] 937367K->739283K(1889280K), 0.0802148 secs] [Times: user=0.48 sys=0.00, real=0.08 secs] 
3709.263: [GC (Allocation Failure) [PSYoungGen: 395072K->132256K(496128K)] 1031123K->870136K(1894400K), 0.0509363 secs] [Times: user=0.30 sys=0.00, real=0.05 secs] 
3710.978: [GC (Allocation Failure) [PSYoungGen: 437408K->112128K(496640K)] 1175288K->972992K(1894912K), 0.0632513 secs] [Times: user=0.37 sys=0.00, real=0.06 secs] 
3713.090: [GC (Allocation Failure) [PSYoungGen: 417280K->136640K(503296K)] 1278144K->1107709K(1901568K), 0.0545374 secs] [Times: user=0.32 sys=0.00, real=0.06 secs] 
3714.410: [GC (Allocation Failure) [PSYoungGen: 453568K->114624K(502784K)] 1424637K->1212749K(1901056K), 0.0682185 secs] [Times: user=0.41 sys=0.00, real=0.07 secs] 
3716.136: [GC (Allocation Failure) [PSYoungGen: 431552K->147232K(503808K)] 1529677K->1358522K(1902080K), 0.0566819 secs] [Times: user=0.34 sys=0.00, real=0.06 secs] 
3718.091: [GC (Allocation Failure) [PSYoungGen: 470304K->109600K(507392K)] 1681594K->1459378K(1905664K), 0.1339016 secs] [Times: user=0.78 sys=0.01, real=0.14 secs] 
3718.225: [Full GC (Ergonomics) [PSYoungGen: 109600K->0K(507392K)] [ParOldGen: 1349778K->27672K(1398272K)] 1459378K->27672K(1905664K), [Metaspace: 60413K->60413K(1105920K)], 0.0653936 secs] [Times: user=0.21 sys=0.00, real=0.06 secs] 
3720.294: [GC (Allocation Failure) [PSYoungGen: 323072K->150304K(508928K)] 350744K->177976K(1907200K), 0.0291833 secs] [Times: user=0.17 sys=0.00, real=0.03 secs] 
3722.315: [GC (Allocation Failure) [PSYoungGen: 478496K->115296K(513536K)] 506168K->283872K(1911808K), 0.1310823 secs] [Times: user=0.78 sys=0.00, real=0.13 secs] 
3723.590: [GC (Allocation Failure) [PSYoungGen: 443488K->166336K(497664K)] 612064K->446421K(1895936K), 0.0557752 secs] [Times: user=0.33 sys=0.00, real=0.06 secs] 
3726.765: [GC (Allocation Failure) [PSYoungGen: 483264K->108320K(507904K)] 763349K->537665K(1906176K), 0.1696428 secs] [Times: user=1.02 sys=0.00, real=0.17 secs] 
3728.129: [GC (Allocation Failure) [PSYoungGen: 413073K->144896K(506880K)] 842419K->678942K(1905152K), 0.0509071 secs] [Times: user=0.31 sys=0.00, real=0.05 secs] 
3730.814: [GC (Allocation Failure) [PSYoungGen: 464896K->107808K(508928K)] 998942K->777978K(1907200K), 0.1716570 secs] [Times: user=1.01 sys=0.00, real=0.17 secs] 
3731.611: [GC (Allocation Failure) [PSYoungGen: 427808K->155520K(503296K)] 1097978K->929635K(1901568K), 0.0525826 secs] [Times: user=0.31 sys=0.00, real=0.06 secs] 
3734.600: [GC (Allocation Failure) [PSYoungGen: 472448K->97824K(507904K)] 1246563K->1027107K(1906176K), 0.1720702 secs] [Times: user=1.03 sys=0.00, real=0.18 secs] 
3735.067: [GC (Allocation Failure) [PSYoungGen: 414752K->156224K(499200K)] 1344035K->1177796K(1897472K), 0.0552045 secs] [Times: user=0.32 sys=0.00, real=0.06 secs] 
3737.622: [GC (Allocation Failure) [PSYoungGen: 464960K->98048K(503808K)] 1486532K->1275124K(1902080K), 0.1217881 secs] [Times: user=0.73 sys=0.01, real=0.12 secs] 
3738.528: [GC (Allocation Failure) [PSYoungGen: 406784K->152704K(499200K)] 1583860K->1422425K(1897472K), 0.1377337 secs] [Times: user=0.82 sys=0.00, real=0.14 secs] 
3738.666: [Full GC (Ergonomics) [PSYoungGen: 152704K->0K(499200K)] [ParOldGen: 1269721K->223844K(1398272K)] 1422425K->223844K(1897472K), [Metaspace: 60413K->60413K(1105920K)], 0.5537547 secs] [Times: user=2.63 sys=0.00, real=0.55 secs] 
3746.251: [GC (Allocation Failure) [PSYoungGen: 305664K->84384K(390144K)] 529508K->308228K(1788416K), 0.1161685 secs] [Times: user=0.68 sys=0.01, real=0.12 secs] 
3746.675: [GC (Allocation Failure) [PSYoungGen: 390048K->152576K(495104K)] 613892K->454429K(1893376K), 0.0521390 secs] [Times: user=0.31 sys=0.00, real=0.05 secs] 
3749.432: [GC (Allocation Failure) [PSYoungGen: 450048K->87296K(498176K)] 751901K->541629K(1896448K), 0.1610831 secs] [Times: user=0.96 sys=0.00, real=0.16 secs] 
3749.880: [GC (Allocation Failure) [PSYoungGen: 384768K->165440K(482304K)] 839101K->701554K(1880576K), 0.0519363 secs] [Times: user=0.31 sys=0.00, real=0.06 secs] 
3752.344: [GC (Allocation Failure) [PSYoungGen: 447552K->81568K(490496K)] 983666K->766754K(1888768K), 0.1328790 secs] [Times: user=0.79 sys=0.00, real=0.13 secs] 
3753.289: [GC (Allocation Failure) [PSYoungGen: 363680K->136928K(483840K)] 1048866K->900531K(1882112K), 0.0519426 secs] [Times: user=0.31 sys=0.00, real=0.05 secs] 
3755.765: [GC (Allocation Failure) [PSYoungGen: 419552K->92352K(487424K)] 1183155K->984551K(1885696K), 0.0930947 secs] [Times: user=0.55 sys=0.00, real=0.09 secs] 
3758.112: [GC (Allocation Failure) [PSYoungGen: 374976K->131616K(484864K)] 1267175K->1113544K(1883136K), 0.0470879 secs] [Times: user=0.27 sys=0.00, real=0.04 secs] 
3759.618: [GC (Allocation Failure) [PSYoungGen: 423456K->106656K(489984K)] 1405384K->1210792K(1888256K), 0.0617958 secs] [Times: user=0.37 sys=0.00, real=0.06 secs] 
3762.591: [GC (Allocation Failure) [PSYoungGen: 398496K->128320K(491520K)] 1502632K->1337692K(1889792K), 0.0548941 secs] [Times: user=0.32 sys=0.00, real=0.06 secs] 
3763.781: [GC (Allocation Failure) [PSYoungGen: 436032K->119776K(496128K)] 1645404K->1447672K(1894400K), 0.0629480 secs] [Times: user=0.37 sys=0.00, real=0.07 secs] 
3763.844: [Full GC (Ergonomics) [PSYoungGen: 119776K->0K(496128K)] [ParOldGen: 1327896K->17124K(1398272K)] 1447672K->17124K(1894400K), [Metaspace: 60419K->60419K(1105920K)], 0.0273446 secs] [Times: user=0.06 sys=0.00, real=0.02 secs] 
3764.759: [GC (Allocation Failure) [PSYoungGen: 307712K->134912K(509440K)] 324836K->152036K(1907712K), 0.0262289 secs] [Times: user=0.15 sys=0.00, real=0.03 secs] 
3766.294: [GC (Allocation Failure) [PSYoungGen: 462592K->6016K(333824K)] 479716K->23421K(1732096K), 0.0040427 secs] [Times: user=0.02 sys=0.00, real=0.00 secs] 
3768.203: [GC (Allocation Failure) [PSYoungGen: 333696K->154432K(488448K)] 351101K->176314K(1886720K), 0.0309264 secs] [Times: user=0.18 sys=0.00, real=0.03 secs] 
3770.179: [GC (Allocation Failure) [PSYoungGen: 447808K->98400K(496128K)] 469690K->266402K(1894400K), 0.0954561 secs] [Times: user=0.57 sys=0.00, real=0.10 secs] 
3773.118: [GC (Allocation Failure) [PSYoungGen: 391776K->136576K(494080K)] 559778K->400470K(1892352K), 0.0490791 secs] [Times: user=0.29 sys=0.00, real=0.05 secs] 
3774.436: [GC (Allocation Failure) [PSYoungGen: 435584K->107776K(496128K)] 699478K->498803K(1894400K), 0.0685484 secs] [Times: user=0.41 sys=0.01, real=0.07 secs] 
3777.515: [GC (Allocation Failure) [PSYoungGen: 406784K->132640K(498176K)] 797811K->629751K(1896448K), 0.0513783 secs] [Times: user=0.30 sys=0.00, real=0.05 secs] 
3778.710: [GC (Allocation Failure) [PSYoungGen: 440352K->115520K(497152K)] 937463K->736111K(1895424K), 0.0633291 secs] [Times: user=0.38 sys=0.00, real=0.07 secs] 
3781.606: [GC (Allocation Failure) [PSYoungGen: 423232K->134176K(501248K)] 1043823K->869044K(1899520K), 0.0551237 secs] [Times: user=0.33 sys=0.00, real=0.05 secs] 
3782.883: [GC (Allocation Failure) [PSYoungGen: 453152K->116352K(501248K)] 1188020K->975384K(1899520K), 0.0650973 secs] [Times: user=0.38 sys=0.01, real=0.06 secs] 
3785.932: [GC (Allocation Failure) [PSYoungGen: 435328K->143168K(506880K)] 1294360K->1116877K(1905152K), 0.0560729 secs] [Times: user=0.33 sys=0.00, real=0.05 secs] 
3787.509: [GC (Allocation Failure) [PSYoungGen: 473920K->118432K(510464K)] 1447629K->1225797K(1908736K), 0.1176412 secs] [Times: user=0.70 sys=0.00, real=0.12 secs] 
3789.487: [GC (Allocation Failure) [PSYoungGen: 449184K->156576K(508416K)] 1556549K->1379550K(1906688K), 0.0586602 secs] [Times: user=0.35 sys=0.00, real=0.06 secs] 
3789.545: [Full GC (Ergonomics) [PSYoungGen: 156576K->0K(508416K)] [ParOldGen: 1222974K->183806K(1398272K)] 1379550K->183806K(1906688K), [Metaspace: 60419K->60419K(1105920K)], 0.4270368 secs] [Times: user=1.97 sys=0.00, real=0.43 secs] 
3792.946: [GC (Allocation Failure) [PSYoungGen: 334336K->112480K(516608K)] 518142K->296286K(1914880K), 0.0825724 secs] [Times: user=0.49 sys=0.00, real=0.08 secs] 
3794.128: [GC (Allocation Failure) [PSYoungGen: 446816K->163520K(501760K)] 630622K->456063K(1900032K), 0.0562287 secs] [Times: user=0.33 sys=0.00, real=0.06 secs] 
3796.490: [GC (Allocation Failure) [PSYoungGen: 486592K->101824K(510976K)] 779135K->557779K(1909248K), 0.1494234 secs] [Times: user=0.88 sys=0.01, real=0.15 secs] 
3797.522: [GC (GCLocker Initiated GC) [PSYoungGen: 424896K->158400K(500224K)] 880851K->710709K(1898496K), 0.1324424 secs] [Times: user=0.79 sys=0.00, real=0.13 secs] 
3800.201: [GC (Allocation Failure) [PSYoungGen: 472256K->94912K(506368K)] 1024568K->805700K(1904640K), 0.1089245 secs] [Times: user=0.64 sys=0.01, real=0.11 secs] 
3800.950: [GC (Allocation Failure) [PSYoungGen: 408768K->155584K(497152K)] 1119556K->955101K(1895424K), 0.0812247 secs] [Times: user=0.48 sys=0.00, real=0.09 secs] 
3803.770: [GC (Allocation Failure) [PSYoungGen: 461248K->94304K(502272K)] 1260765K->1049149K(1900544K), 0.1063511 secs] [Times: user=0.63 sys=0.00, real=0.11 secs] 
3804.591: [GC (Allocation Failure) [PSYoungGen: 399968K->149632K(499200K)] 1354813K->1193178K(1897472K), 0.1016020 secs] [Times: user=0.61 sys=0.00, real=0.11 secs] 
3808.084: [GC (Allocation Failure) [PSYoungGen: 453248K->87360K(501248K)] 1496794K->1280562K(1899520K), 0.1169393 secs] [Times: user=0.70 sys=0.01, real=0.11 secs] 
3808.201: [Full GC (Ergonomics) [PSYoungGen: 87360K->0K(501248K)] [ParOldGen: 1193202K->79588K(1398272K)] 1280562K->79588K(1899520K), [Metaspace: 60420K->60420K(1105920K)], 0.1852162 secs] [Times: user=0.83 sys=0.00, real=0.19 secs] 
3808.626: [GC (Allocation Failure) [PSYoungGen: 303616K->152480K(494592K)] 383204K->232068K(1892864K), 0.0335979 secs] [Times: user=0.20 sys=0.00, real=0.03 secs] 
3811.471: [GC (Allocation Failure) [PSYoungGen: 449952K->90528K(498176K)] 529540K->322796K(1896448K), 0.0968147 secs] [Times: user=0.58 sys=0.00, real=0.10 secs] 
3811.856: [GC (Allocation Failure) [PSYoungGen: 388000K->164320K(483328K)] 620268K->481213K(1881600K), 0.0548909 secs] [Times: user=0.32 sys=0.01, real=0.05 secs] 
3815.447: [GC (Allocation Failure) [PSYoungGen: 448480K->79488K(491520K)] 765373K->543813K(1889792K), 0.1391471 secs] [Times: user=0.82 sys=0.00, real=0.14 secs] 
3816.513: [GC (Allocation Failure) [PSYoungGen: 363648K->139488K(487424K)] 827973K->679602K(1885696K), 0.0459134 secs] [Times: user=0.27 sys=0.00, real=0.04 secs] 
3818.846: [GC (Allocation Failure) [PSYoungGen: 423648K->93472K(489472K)] 963762K->764910K(1887744K), 0.1495750 secs] [Times: user=0.88 sys=0.01, real=0.15 secs] 
3820.153: [GC (Allocation Failure) [PSYoungGen: 377632K->136288K(489472K)] 1049070K->897263K(1887744K), 0.0466646 secs] [Times: user=0.28 sys=0.00, real=0.04 secs] 
3821.739: [GC (Allocation Failure) [PSYoungGen: 427616K->100320K(491008K)] 1188591K->988543K(1889280K), 0.0863568 secs] [Times: user=0.51 sys=0.00, real=0.09 secs] 
3824.678: [GC (Allocation Failure) [PSYoungGen: 391648K->132672K(496640K)] 1279871K->1118463K(1894912K), 0.0500884 secs] [Times: user=0.30 sys=0.00, real=0.05 secs] 
3825.951: [GC (Allocation Failure) [PSYoungGen: 436288K->110656K(496640K)] 1422079K->1220144K(1894912K), 0.0758555 secs] [Times: user=0.45 sys=0.01, real=0.08 secs] 
3827.720: [GC (Allocation Failure) [PSYoungGen: 414272K->138688K(499712K)] 1523760K->1357024K(1897984K), 0.0537055 secs] [Times: user=0.32 sys=0.00, real=0.06 secs] 
3827.774: [Full GC (Ergonomics) [PSYoungGen: 138688K->0K(499712K)] [ParOldGen: 1218336K->157295K(1398272K)] 1357024K->157295K(1897984K), [Metaspace: 60421K->60421K(1105920K)], 0.3610287 secs] [Times: user=1.66 sys=0.00, real=0.36 secs] 
3829.403: [GC (Allocation Failure) [PSYoungGen: 312320K->112416K(500224K)] 469615K->269711K(1898496K), 0.0627525 secs] [Times: user=0.37 sys=0.00, real=0.06 secs] 
3831.387: [GC (Allocation Failure) [PSYoungGen: 424736K->143712K(504320K)] 582031K->411500K(1902592K), 0.0562064 secs] [Times: user=0.34 sys=0.00, real=0.06 secs] 
3833.612: [GC (Allocation Failure) [PSYoungGen: 465248K->114048K(506368K)] 733036K->515876K(1904640K), 0.1721003 secs] [Times: user=1.03 sys=0.00, real=0.17 secs] 
3835.524: [GC (Allocation Failure) [PSYoungGen: 435584K->151200K(507392K)] 837412K->664020K(1905664K), 0.0551086 secs] [Times: user=0.33 sys=0.00, real=0.05 secs] 
3837.495: [GC (Allocation Failure) [PSYoungGen: 477856K->114048K(512000K)] 990676K->769180K(1910272K), 0.1422863 secs] [Times: user=0.85 sys=0.00, real=0.14 secs] 
3839.079: [GC (Allocation Failure) [PSYoungGen: 440704K->156768K(504320K)] 1095836K->921721K(1902592K), 0.0550152 secs] [Times: user=0.32 sys=0.00, real=0.06 secs] 
3842.350: [GC (Allocation Failure) [PSYoungGen: 479840K->107840K(510976K)] 1244793K->1020877K(1909248K), 0.1791712 secs] [Times: user=1.07 sys=0.00, real=0.18 secs] 
3843.506: [GC (Allocation Failure) [PSYoungGen: 430912K->158496K(500736K)] 1343949K->1175646K(1899008K), 0.0528783 secs] [Times: user=0.31 sys=0.01, real=0.05 secs] 
3845.930: [GC (Allocation Failure) [PSYoungGen: 474400K->96416K(507392K)] 1491550K->1272174K(1905664K), 0.1282359 secs] [Times: user=0.76 sys=0.00, real=0.13 secs] 
3846.332: [GC (Allocation Failure) [PSYoungGen: 412320K->158176K(497152K)] 1588078K->1424459K(1895424K), 0.0551756 secs] [Times: user=0.33 sys=0.00, real=0.05 secs] 
3846.387: [Full GC (Ergonomics) [PSYoungGen: 158176K->0K(497152K)] [ParOldGen: 1266283K->222078K(1398272K)] 1424459K->222078K(1895424K), [Metaspace: 60421K->60421K(1105920K)], 0.5303751 secs] [Times: user=2.41 sys=0.00, real=0.53 secs] 
3849.821: [GC (Allocation Failure) [PSYoungGen: 306688K->89824K(502784K)] 528766K->311910K(1901056K), 0.1104320 secs] [Times: user=0.65 sys=0.00, real=0.11 secs] 
3850.256: [GC (Allocation Failure) [PSYoungGen: 396512K->153600K(495616K)] 618598K->459539K(1893888K), 0.0536298 secs] [Times: user=0.32 sys=0.00, real=0.05 secs] 
3853.450: [GC (Allocation Failure) [PSYoungGen: 453120K->89632K(499200K)] 759059K->549127K(1897472K), 0.1470458 secs] [Times: user=0.87 sys=0.00, real=0.15 secs] 
3854.148: [GC (Allocation Failure) [PSYoungGen: 389152K->149600K(496640K)] 848647K->693340K(1894912K), 0.0930920 secs] [Times: user=0.55 sys=0.00, real=0.09 secs] 
3857.889: [GC (Allocation Failure) [PSYoungGen: 445033K->85024K(498176K)] 988773K->778468K(1896448K), 0.1315889 secs] [Times: user=0.78 sys=0.00, real=0.13 secs] 
3858.310: [GC (Allocation Failure) [PSYoungGen: 382496K->146688K(496128K)] 1075940K->921817K(1894400K), 0.0514946 secs] [Times: user=0.31 sys=0.00, real=0.06 secs] 
3861.561: [GC (Allocation Failure) [PSYoungGen: 442112K->86144K(497152K)] 1217241K->1007769K(1895424K), 0.1547927 secs] [Times: user=0.92 sys=0.00, real=0.16 secs] 
3862.518: [GC (Allocation Failure) [PSYoungGen: 381568K->143744K(496640K)] 1303193K->1147514K(1894912K), 0.0499051 secs] [Times: user=0.30 sys=0.00, real=0.05 secs] 
3865.397: [GC (Allocation Failure) [PSYoungGen: 439680K->95808K(392192K)] 1443450K->1234518K(1790464K), 0.1694754 secs] [Times: user=1.01 sys=0.00, real=0.17 secs] 
3867.711: [GC (Allocation Failure) [PSYoungGen: 391744K->142976K(494592K)] 1530454K->1373095K(1892864K), 0.0497098 secs] [Times: user=0.30 sys=0.00, real=0.05 secs] 
3867.761: [Full GC (Ergonomics) [PSYoungGen: 142976K->0K(494592K)] [ParOldGen: 1230119K->180636K(1398272K)] 1373095K->180636K(1892864K), [Metaspace: 60446K->60446K(1105920K)], 0.4180439 secs] [Times: user=1.93 sys=0.00, real=0.42 secs] 
3870.069: [GC (Allocation Failure) [PSYoungGen: 296448K->98976K(495104K)] 477084K->279612K(1893376K), 0.0892568 secs] [Times: user=0.53 sys=0.00, real=0.09 secs] 
3871.957: [GC (Allocation Failure) [PSYoungGen: 395424K->139776K(497152K)] 576060K->416633K(1895424K), 0.0502040 secs] [Times: user=0.29 sys=0.00, real=0.05 secs] 
3873.666: [GC (Allocation Failure) [PSYoungGen: 441856K->105920K(497152K)] 718713K->513745K(1895424K), 0.0638708 secs] [Times: user=0.38 sys=0.00, real=0.06 secs] 
3875.122: [GC (Allocation Failure) [PSYoungGen: 408000K->142080K(498176K)] 815825K->653978K(1896448K), 0.0521508 secs] [Times: user=0.31 sys=0.00, real=0.05 secs] 
3877.609: [GC (Allocation Failure) [PSYoungGen: 449792K->105472K(499200K)] 961690K->750558K(1897472K), 0.0642247 secs] [Times: user=0.38 sys=0.00, real=0.07 secs] 
3878.323: [GC (Allocation Failure) [PSYoungGen: 413184K->144896K(501760K)] 1058270K->894463K(1900032K), 0.0523729 secs] [Times: user=0.31 sys=0.00, real=0.05 secs] 
3881.203: [GC (Allocation Failure) [PSYoungGen: 459264K->107648K(504320K)] 1208831K->993551K(1902592K), 0.0750241 secs] [Times: user=0.45 sys=0.00, real=0.07 secs] 
3882.004: [GC (Allocation Failure) [PSYoungGen: 422016K->149216K(503808K)] 1307919K->1141112K(1902080K), 0.0564090 secs] [Times: user=0.34 sys=0.00, real=0.05 secs] 
3884.484: [GC (Allocation Failure) [PSYoungGen: 467168K->109376K(507392K)] 1459064K->1241920K(1905664K), 0.0998713 secs] [Times: user=0.59 sys=0.00, real=0.10 secs] 
3885.983: [GC (Allocation Failure) [PSYoungGen: 427328K->149344K(506368K)] 1559872K->1388549K(1904640K), 0.0548195 secs] [Times: user=0.32 sys=0.00, real=0.05 secs] 
3886.038: [Full GC (Ergonomics) [PSYoungGen: 149344K->0K(506368K)] [ParOldGen: 1239205K->184420K(1398272K)] 1388549K->184420K(1904640K), [Metaspace: 60454K->60454K(1105920K)], 0.4384395 secs] [Times: user=2.05 sys=0.00, real=0.44 secs] 
3888.401: [GC (Allocation Failure) [PSYoungGen: 320512K->109472K(509440K)] 504932K->293892K(1907712K), 0.0659532 secs] [Times: user=0.39 sys=0.00, real=0.07 secs] 
3889.129: [GC (Allocation Failure) [PSYoungGen: 424969K->153984K(503296K)] 609389K->444369K(1901568K), 0.0527266 secs] [Times: user=0.31 sys=0.00, real=0.06 secs] 
3892.587: [GC (Allocation Failure) [PSYoungGen: 471936K->109440K(508416K)] 762321K->545177K(1906688K), 0.1656692 secs] [Times: user=0.98 sys=0.00, real=0.17 secs] 
3893.679: [GC (Allocation Failure) [PSYoungGen: 427392K->171136K(489984K)] 863129K->712485K(1888256K), 0.0539164 secs] [Times: user=0.31 sys=0.00, real=0.06 secs] 
3897.061: [GC (Allocation Failure) [PSYoungGen: 473728K->89856K(500736K)] 1015077K->785701K(1899008K), 0.1690482 secs] [Times: user=1.01 sys=0.01, real=0.17 secs] 
3897.793: [GC (Allocation Failure) [PSYoungGen: 379507K->139776K(496640K)] 1075353K->921955K(1894912K), 0.0493163 secs] [Times: user=0.29 sys=0.00, real=0.05 secs] 
3902.168: [GC (Allocation Failure) [PSYoungGen: 442368K->96992K(498688K)] 1224547K->1010315K(1896960K), 0.1212429 secs] [Times: user=0.73 sys=0.00, real=0.12 secs] 
3902.790: [GC (Allocation Failure) [PSYoungGen: 399584K->147392K(500736K)] 1312907K->1154036K(1899008K), 0.0493245 secs] [Times: user=0.30 sys=0.00, real=0.05 secs] 
3905.712: [GC (Allocation Failure) [PSYoungGen: 454080K->100384K(407552K)] 1460724K->1245500K(1805824K), 0.1739074 secs] [Times: user=1.03 sys=0.01, real=0.17 secs] 
3907.158: [GC (Allocation Failure) [PSYoungGen: 407072K->150656K(499200K)] 1552188K->1392189K(1897472K), 0.0510774 secs] [Times: user=0.30 sys=0.00, real=0.05 secs] 
3907.209: [Full GC (Ergonomics) [PSYoungGen: 150656K->0K(499200K)] [ParOldGen: 1241533K->190183K(1398272K)] 1392189K->190183K(1897472K), [Metaspace: 60468K->60468K(1105920K)], 0.4384492 secs] [Times: user=2.02 sys=0.00, real=0.44 secs] 
3910.009: [GC (Allocation Failure) [PSYoungGen: 305664K->100576K(502272K)] 495847K->290759K(1900544K), 0.1008628 secs] [Times: user=0.60 sys=0.01, real=0.10 secs] 
3911.817: [GC (Allocation Failure) [PSYoungGen: 406240K->146112K(501760K)] 596423K->432836K(1900032K), 0.0499827 secs] [Times: user=0.30 sys=0.00, real=0.05 secs] 
3914.023: [GC (GCLocker Initiated GC) [PSYoungGen: 453824K->104384K(412160K)] 740548K->527652K(1810432K), 0.1671104 secs] [Times: user=1.00 sys=0.00, real=0.16 secs] 
3915.040: [GC (Allocation Failure) [PSYoungGen: 412096K->150112K(499200K)] 835367K->673928K(1897472K), 0.0514657 secs] [Times: user=0.30 sys=0.00, real=0.05 secs] 
3917.990: [GC (Allocation Failure) [PSYoungGen: 457312K->102688K(501760K)] 981128K->767496K(1900032K), 0.1722571 secs] [Times: user=1.02 sys=0.01, real=0.18 secs] 
3920.144: [GC (Allocation Failure) [PSYoungGen: 409888K->147296K(502272K)] 1074696K->910753K(1900544K), 0.0505735 secs] [Times: user=0.30 sys=0.00, real=0.05 secs] 
3922.376: [GC (Allocation Failure) [PSYoungGen: 457568K->104608K(415232K)] 1221025K->1006249K(1813504K), 0.1481287 secs] [Times: user=0.88 sys=0.01, real=0.15 secs] 
3923.678: [GC (Allocation Failure) [PSYoungGen: 414880K->150976K(500736K)] 1316521K->1152794K(1899008K), 0.0519199 secs] [Times: user=0.31 sys=0.00, real=0.05 secs] 
3925.902: [GC (Allocation Failure) [PSYoungGen: 460736K->106112K(503808K)] 1462554K->1250042K(1902080K), 0.1389167 secs] [Times: user=0.83 sys=0.00, real=0.13 secs] 
3927.245: [GC (Allocation Failure) [PSYoungGen: 415872K->150784K(501760K)] 1559802K->1397475K(1900032K), 0.0525037 secs] [Times: user=0.31 sys=0.00, real=0.05 secs] 
3927.297: [Full GC (Ergonomics) [PSYoungGen: 150784K->0K(501760K)] [ParOldGen: 1246691K->196966K(1398272K)] 1397475K->196966K(1900032K), [Metaspace: 60473K->60473K(1105920K)], 0.4601678 secs] [Times: user=2.13 sys=0.00, real=0.46 secs] 
3931.102: [GC (Allocation Failure) [PSYoungGen: 310784K->100800K(504832K)] 507750K->297766K(1903104K), 0.1017990 secs] [Times: user=0.60 sys=0.00, real=0.10 secs] 
3932.178: [GC (Allocation Failure) [PSYoungGen: 411584K->150752K(501760K)] 608550K->444519K(1900032K), 0.0487019 secs] [Times: user=0.29 sys=0.00, real=0.05 secs] 
3935.910: [GC (Allocation Failure) [PSYoungGen: 460512K->101088K(504320K)] 754279K->536871K(1902592K), 0.1610449 secs] [Times: user=0.96 sys=0.00, real=0.16 secs] 
3936.891: [GC (Allocation Failure) [PSYoungGen: 410848K->149984K(501248K)] 846631K->683076K(1899520K), 0.0498672 secs] [Times: user=0.29 sys=0.00, real=0.05 secs] 
3938.619: [GC (Allocation Failure) [PSYoungGen: 458720K->106240K(415232K)] 991812K->780428K(1813504K), 0.1079427 secs] [Times: user=0.64 sys=0.01, real=0.11 secs] 
3939.533: [GC (Allocation Failure) [PSYoungGen: 409045K->145792K(502272K)] 1083233K->922117K(1900544K), 0.0510122 secs] [Times: user=0.30 sys=0.00, real=0.05 secs] 
3942.518: [GC (Allocation Failure) [PSYoungGen: 456064K->105472K(503296K)] 1232389K->1018365K(1901568K), 0.1133899 secs] [Times: user=0.67 sys=0.01, real=0.12 secs] 
3943.595: [GC (Allocation Failure) [PSYoungGen: 405737K->145792K(502272K)] 1318631K->1160230K(1900544K), 0.0515248 secs] [Times: user=0.30 sys=0.00, real=0.05 secs] 
3945.975: [GC (GCLocker Initiated GC) [PSYoungGen: 458112K->105056K(503808K)] 1472551K->1256719K(1902080K), 0.1300494 secs] [Times: user=0.77 sys=0.01, real=0.13 secs] 
3946.611: [GC (Allocation Failure) [PSYoungGen: 417376K->143136K(505344K)] 1585457K->1412361K(1903616K), 0.2491097 secs] [Times: user=1.49 sys=0.01, real=0.25 secs] 
3946.860: [Full GC (Ergonomics) [PSYoungGen: 143136K->0K(505344K)] [ParOldGen: 1269225K->210295K(1398272K)] 1412361K->210295K(1903616K), [Metaspace: 60473K->60473K(1105920K)], 0.4149738 secs] [Times: user=1.82 sys=0.00, real=0.42 secs] 
3951.360: [GC (Allocation Failure) [PSYoungGen: 316928K->95328K(505856K)] 527223K->305623K(1904128K), 0.1305642 secs] [Times: user=0.78 sys=0.00, real=0.13 secs] 
3951.901: [GC (Allocation Failure) [PSYoungGen: 412256K->158880K(498176K)] 622551K->459180K(1896448K), 0.0588557 secs] [Times: user=0.35 sys=0.00, real=0.06 secs] 
3955.421: [GC (Allocation Failure) [PSYoungGen: 468640K->92000K(504320K)] 768940K->551324K(1902592K), 0.1313096 secs] [Times: user=0.77 sys=0.01, real=0.14 secs] 
3956.212: [GC (GCLocker Initiated GC) [PSYoungGen: 401760K->155296K(495616K)] 861085K->700870K(1893888K), 0.1094160 secs] [Times: user=0.66 sys=0.00, real=0.11 secs] 
3960.792: [GC (Allocation Failure) [PSYoungGen: 456864K->87648K(500224K)] 1002442K->788674K(1898496K), 0.1727145 secs] [Times: user=1.04 sys=0.00, real=0.17 secs] 
3961.250: [GC (Allocation Failure) [PSYoungGen: 389216K->151168K(494592K)] 1090242K->934271K(1892864K), 0.0531757 secs] [Times: user=0.32 sys=0.00, real=0.06 secs] 
3964.689: [GC (Allocation Failure) [PSYoungGen: 447616K->86560K(497664K)] 1230719K->1021007K(1895936K), 0.1617614 secs] [Times: user=0.96 sys=0.00, real=0.16 secs] 
3965.762: [GC (Allocation Failure) [PSYoungGen: 367173K->137088K(492544K)] 1301620K->1151848K(1890816K), 0.0469769 secs] [Times: user=0.27 sys=0.00, real=0.04 secs] 
3967.856: [GC (Allocation Failure) [PSYoungGen: 434560K->100256K(495616K)] 1449320K->1243612K(1893888K), 0.1546893 secs] [Times: user=0.93 sys=0.00, real=0.15 secs] 
3969.113: [GC (Allocation Failure) [PSYoungGen: 397728K->143808K(499200K)] 1541084K->1383064K(1897472K), 0.0489464 secs] [Times: user=0.29 sys=0.00, real=0.05 secs] 
3969.162: [Full GC (Ergonomics) [PSYoungGen: 143808K->0K(499200K)] [ParOldGen: 1239256K->189288K(1398272K)] 1383064K->189288K(1897472K), [Metaspace: 60473K->60473K(1105920K)], 0.4500044 secs] [Times: user=2.09 sys=0.00, real=0.45 secs] 
3972.095: [GC (Allocation Failure) [PSYoungGen: 304640K->102496K(500224K)] 493928K->291784K(1898496K), 0.0839985 secs] [Times: user=0.49 sys=0.00, real=0.08 secs] 
3973.680: [GC (Allocation Failure) [PSYoungGen: 407136K->145984K(498688K)] 596424K->433669K(1896960K), 0.0501474 secs] [Times: user=0.30 sys=0.00, real=0.05 secs] 
3975.443: [GC (Allocation Failure) [PSYoungGen: 452672K->105312K(500736K)] 740357K->530285K(1899008K), 0.1453268 secs] [Times: user=0.87 sys=0.00, real=0.14 secs] 
3977.451: [GC (Allocation Failure) [PSYoungGen: 412000K->148832K(500224K)] 836973K->675026K(1898496K), 0.0513632 secs] [Times: user=0.31 sys=0.00, real=0.06 secs] 
3979.654: [GC (GCLocker Initiated GC) [PSYoungGen: 458592K->103168K(503296K)] 984786K->769562K(1901568K), 0.1722310 secs] [Times: user=1.02 sys=0.00, real=0.17 secs] 
3981.311: [GC (Allocation Failure) [PSYoungGen: 412928K->150720K(500736K)] 1079325K->916418K(1899008K), 0.0514971 secs] [Times: user=0.30 sys=0.00, real=0.06 secs] 
3984.255: [GC (Allocation Failure) [PSYoungGen: 461504K->102848K(504832K)] 1227202K->1010798K(1903104K), 0.1600531 secs] [Times: user=0.95 sys=0.00, real=0.16 secs] 
3986.116: [GC (Allocation Failure) [PSYoungGen: 413632K->151616K(500736K)] 1321582K->1158619K(1899008K), 0.0510545 secs] [Times: user=0.30 sys=0.00, real=0.05 secs] 
3988.427: [GC (Allocation Failure) [PSYoungGen: 461376K->103680K(504320K)] 1468379K->1253755K(1902592K), 0.1670750 secs] [Times: user=0.99 sys=0.00, real=0.17 secs] 
3990.040: [GC (Allocation Failure) [PSYoungGen: 413440K->150848K(500224K)] 1563515K->1400380K(1898496K), 0.0514436 secs] [Times: user=0.30 sys=0.00, real=0.05 secs] 
3990.091: [Full GC (Ergonomics) [PSYoungGen: 150848K->0K(500224K)] [ParOldGen: 1249532K->196852K(1398272K)] 1400380K->196852K(1898496K), [Metaspace: 60475K->60475K(1105920K)], 0.4500309 secs] [Times: user=1.99 sys=0.00, real=0.45 secs] 
3993.018: [GC (GCLocker Initiated GC) [PSYoungGen: 308736K->99520K(503808K)] 505589K->296373K(1902080K), 0.0802499 secs] [Times: user=0.48 sys=0.00, real=0.08 secs] 
3995.198: [GC (Allocation Failure) [PSYoungGen: 408256K->150272K(500224K)] 605112K->442432K(1898496K), 0.0480201 secs] [Times: user=0.29 sys=0.00, real=0.05 secs] 
3996.812: [GC (Allocation Failure) [PSYoungGen: 457984K->103104K(503296K)] 750144K->536632K(1901568K), 0.1291542 secs] [Times: user=0.77 sys=0.00, real=0.12 secs] 
3997.646: [GC (Allocation Failure) [PSYoungGen: 410656K->150432K(500224K)] 844185K->683053K(1898496K), 0.0500794 secs] [Times: user=0.30 sys=0.00, real=0.05 secs] 
4000.248: [GC (GCLocker Initiated GC) [PSYoungGen: 458144K->100704K(503296K)] 990765K->774965K(1901568K), 0.1435074 secs] [Times: user=0.85 sys=0.01, real=0.15 secs] 
4001.198: [GC (Allocation Failure) [PSYoungGen: 408416K->158080K(494592K)] 1082712K->929297K(1892864K), 0.0501954 secs] [Times: user=0.30 sys=0.00, real=0.05 secs] 
4003.574: [GC (Allocation Failure) [PSYoungGen: 459648K->101792K(500224K)] 1230865K->1014237K(1898496K), 0.1245095 secs] [Times: user=0.73 sys=0.00, real=0.12 secs] 
4004.218: [GC (Allocation Failure) [PSYoungGen: 403360K->148896K(499712K)] 1315805K->1159450K(1897984K), 0.0498300 secs] [Times: user=0.30 sys=0.00, real=0.05 secs] 
4007.191: [GC (Allocation Failure) [PSYoungGen: 452512K->98976K(402944K)] 1463066K->1250162K(1801216K), 0.1626603 secs] [Times: user=0.97 sys=0.01, real=0.17 secs] 
4008.669: [GC (Allocation Failure) [PSYoungGen: 402592K->149408K(498688K)] 1553778K->1395759K(1896960K), 0.0493557 secs] [Times: user=0.30 sys=0.00, real=0.05 secs] 
4008.718: [Full GC (Ergonomics) [PSYoungGen: 149408K->0K(498688K)] [ParOldGen: 1246351K->193782K(1398272K)] 1395759K->193782K(1896960K), [Metaspace: 60482K->60482K(1105920K)], 0.4641603 secs] [Times: user=2.14 sys=0.00, real=0.47 secs] 
4012.152: [GC (Allocation Failure) [PSYoungGen: 303104K->96704K(500736K)] 496886K->290486K(1899008K), 0.0964231 secs] [Times: user=0.57 sys=0.00, real=0.09 secs] 
4012.989: [GC (Allocation Failure) [PSYoungGen: 399808K->149408K(498688K)] 593590K->436379K(1896960K), 0.0485348 secs] [Times: user=0.29 sys=0.00, real=0.05 secs] 
4015.742: [GC (Allocation Failure) [PSYoungGen: 452000K->98176K(400896K)] 738971K->526275K(1799168K), 0.1569849 secs] [Times: user=0.91 sys=0.02, real=0.15 secs] 
4017.417: [GC (Allocation Failure) [PSYoungGen: 400768K->146176K(498688K)] 828867K->668220K(1896960K), 0.0494848 secs] [Times: user=0.29 sys=0.00, real=0.05 secs] 
4018.801: [GC (Allocation Failure) [PSYoungGen: 449280K->105856K(409088K)] 971324K->765068K(1807360K), 0.0654506 secs] [Times: user=0.39 sys=0.00, real=0.07 secs] 
4020.024: [GC (Allocation Failure) [PSYoungGen: 408960K->146784K(498176K)] 1068172K->908252K(1896448K), 0.0523267 secs] [Times: user=0.31 sys=0.00, real=0.05 secs] 
4022.190: [GC (Allocation Failure) [PSYoungGen: 451424K->101984K(499712K)] 1212892K->1001268K(1897984K), 0.1591762 secs] [Times: user=0.94 sys=0.01, real=0.16 secs] 
4023.235: [GC (Allocation Failure) [PSYoungGen: 406624K->145728K(500736K)] 1305908K->1144650K(1899008K), 0.0516986 secs] [Times: user=0.31 sys=0.00, real=0.05 secs] 
4025.683: [GC (Allocation Failure) [PSYoungGen: 454464K->104960K(502272K)] 1453386K->1240622K(1900544K), 0.1458478 secs] [Times: user=0.86 sys=0.01, real=0.14 secs] 
4026.968: [GC (Allocation Failure) [PSYoungGen: 413696K->149216K(501248K)] 1549358K->1387115K(1899520K), 0.0527374 secs] [Times: user=0.31 sys=0.00, real=0.05 secs] 
4027.021: [Full GC (Ergonomics) [PSYoungGen: 149216K->0K(501248K)] [ParOldGen: 1237899K->186253K(1398272K)] 1387115K->186253K(1899520K), [Metaspace: 60484K->60484K(1105920K)], 0.4351024 secs] [Times: user=2.01 sys=0.00, real=0.44 secs] 
4029.506: [GC (Allocation Failure) [PSYoungGen: 310784K->105248K(503808K)] 497037K->291501K(1902080K), 0.0794279 secs] [Times: user=0.47 sys=0.00, real=0.08 secs] 
4030.966: [GC (Allocation Failure) [PSYoungGen: 416032K->148448K(502784K)] 602285K->436098K(1901056K), 0.0513138 secs] [Times: user=0.30 sys=0.01, real=0.05 secs] 
4033.464: [GC (Allocation Failure) [PSYoungGen: 461280K->105792K(505344K)] 748930K->532730K(1903616K), 0.1471274 secs] [Times: user=0.87 sys=0.00, real=0.14 secs] 
4034.938: [GC (GCLocker Initiated GC) [PSYoungGen: 418624K->151168K(502272K)] 845562K->680175K(1900544K), 0.0518697 secs] [Times: user=0.31 sys=0.00, real=0.05 secs] 
4039.061: [GC (Allocation Failure) [PSYoungGen: 464000K->100704K(505856K)] 993011K->772315K(1904128K), 0.0950464 secs] [Times: user=0.57 sys=0.00, real=0.10 secs] 
4040.693: [GC (Allocation Failure) [PSYoungGen: 413536K->150112K(502784K)] 1085147K->918912K(1901056K), 0.0496084 secs] [Times: user=0.30 sys=0.00, real=0.05 secs] 
4042.702: [GC (Allocation Failure) [PSYoungGen: 461920K->107168K(419328K)] 1230720K->1017320K(1817600K), 0.0944725 secs] [Times: user=0.56 sys=0.01, real=0.09 secs] 
4043.670: [GC (Allocation Failure) [PSYoungGen: 403449K->145120K(503808K)] 1313601K->1159017K(1902080K), 0.0899105 secs] [Times: user=0.53 sys=0.00, real=0.09 secs] 
4046.950: [GC (Allocation Failure) [PSYoungGen: 458464K->103072K(504832K)] 1472361K->1254017K(1903104K), 0.1305596 secs] [Times: user=0.78 sys=0.00, real=0.13 secs] 
4047.575: [GC (Allocation Failure) [PSYoungGen: 403791K->147168K(503808K)] 1554736K->1398041K(1902080K), 0.0563821 secs] [Times: user=0.33 sys=0.00, real=0.06 secs] 
4047.632: [Full GC (Ergonomics) [PSYoungGen: 147168K->0K(503808K)] [ParOldGen: 1250873K->196520K(1398272K)] 1398041K->196520K(1902080K), [Metaspace: 60484K->60484K(1105920K)], 0.4690879 secs] [Times: user=2.18 sys=0.00, real=0.46 secs] 
4051.634: [GC (Allocation Failure) [PSYoungGen: 314880K->103328K(505856K)] 511400K->299848K(1904128K), 0.1006976 secs] [Times: user=0.59 sys=0.00, real=0.10 secs] 
4052.603: [GC (Allocation Failure) [PSYoungGen: 410575K->148160K(504832K)] 607095K->443761K(1903104K), 0.0488459 secs] [Times: user=0.28 sys=0.00, real=0.05 secs] 
4055.269: [GC (Allocation Failure) [PSYoungGen: 464576K->105280K(507392K)] 760177K->540381K(1905664K), 0.1638123 secs] [Times: user=0.97 sys=0.00, real=0.17 secs] 
4056.429: [GC (Allocation Failure) [PSYoungGen: 410082K->145440K(506880K)] 845184K->682194K(1905152K), 0.0498656 secs] [Times: user=0.30 sys=0.00, real=0.05 secs] 
4059.399: [GC (Allocation Failure) [PSYoungGen: 463904K->106464K(507904K)] 1000658K->780098K(1906176K), 0.1186912 secs] [Times: user=0.70 sys=0.00, real=0.12 secs] 
4059.988: [GC (Allocation Failure) [PSYoungGen: 424928K->154720K(502784K)] 1098562K->931621K(1901056K), 0.0521318 secs] [Times: user=0.31 sys=0.00, real=0.05 secs] 
4063.582: [GC (Allocation Failure) [PSYoungGen: 470624K->97056K(507392K)] 1247525K->1028273K(1905664K), 0.1576001 secs] [Times: user=0.92 sys=0.00, real=0.15 secs] 
4064.135: [GC (Allocation Failure) [PSYoungGen: 412960K->156640K(498176K)] 1344177K->1179110K(1896448K), 0.0556990 secs] [Times: user=0.33 sys=0.00, real=0.05 secs] 
4066.665: [GC (Allocation Failure) [PSYoungGen: 464352K->93504K(503296K)] 1486822K->1272314K(1901568K), 0.1548936 secs] [Times: user=0.92 sys=0.00, real=0.15 secs] 
4067.113: [GC (Allocation Failure) [PSYoungGen: 401216K->152864K(497664K)] 1580026K->1419354K(1895936K), 0.0556287 secs] [Times: user=0.33 sys=0.00, real=0.05 secs] 
4067.169: [Full GC (Ergonomics) [PSYoungGen: 152864K->0K(497664K)] [ParOldGen: 1266490K->217982K(1398272K)] 1419354K->217982K(1895936K), [Metaspace: 60484K->60484K(1105920K)], 0.5044721 secs] [Times: user=2.36 sys=0.00, real=0.51 secs] 
4072.000: [GC (Allocation Failure) [PSYoungGen: 302592K->90784K(500736K)] 520574K->308766K(1899008K), 0.1274117 secs] [Times: user=0.76 sys=0.00, real=0.13 secs] 
4072.582: [GC (Allocation Failure) [PSYoungGen: 393376K->152064K(495104K)] 611358K->454951K(1893376K), 0.0530411 secs] [Times: user=0.31 sys=0.00, real=0.05 secs] 
4075.443: [GC (Allocation Failure) [PSYoungGen: 449536K->88928K(498176K)] 752423K->544079K(1896448K), 0.1539671 secs] [Times: user=0.91 sys=0.00, real=0.15 secs] 
4076.031: [GC (Allocation Failure) [PSYoungGen: 386400K->145728K(497152K)] 841551K->684332K(1895424K), 0.0521882 secs] [Times: user=0.31 sys=0.00, real=0.06 secs] 
4078.582: [GC (Allocation Failure) [PSYoungGen: 443200K->89696K(387584K)] 981804K->773228K(1785856K), 0.1560078 secs] [Times: user=0.93 sys=0.00, real=0.15 secs] 
4079.186: [GC (Allocation Failure) [PSYoungGen: 384441K->143008K(497664K)] 1067973K->913033K(1895936K), 0.0487422 secs] [Times: user=0.29 sys=0.00, real=0.05 secs] 
4082.042: [GC (Allocation Failure) [PSYoungGen: 441504K->94752K(393728K)] 1211529K->999505K(1792000K), 0.1525570 secs] [Times: user=0.90 sys=0.00, real=0.15 secs] 
4083.355: [GC (GCLocker Initiated GC) [PSYoungGen: 393248K->144768K(495616K)] 1298001K->1140578K(1893888K), 0.0490071 secs] [Times: user=0.29 sys=0.00, real=0.05 secs] 
4085.976: [GC (Allocation Failure) [PSYoungGen: 443776K->99808K(497152K)] 1439588K->1231948K(1895424K), 0.1282810 secs] [Times: user=0.76 sys=0.01, real=0.13 secs] 
4086.492: [GC (Allocation Failure) [PSYoungGen: 398816K->145088K(497152K)] 1530956K->1374842K(1895424K), 0.0511057 secs] [Times: user=0.30 sys=0.00, real=0.05 secs] 
4086.543: [Full GC (Ergonomics) [PSYoungGen: 145088K->0K(497152K)] [ParOldGen: 1229754K->180988K(1398272K)] 1374842K->180988K(1895424K), [Metaspace: 60484K->60484K(1105920K)], 0.4255089 secs] [Times: user=1.97 sys=0.00, real=0.42 secs] 
4090.265: [GC (Allocation Failure) [PSYoungGen: 302592K->97344K(498688K)] 483580K->278332K(1896960K), 0.0979899 secs] [Times: user=0.58 sys=0.00, real=0.10 secs] 
4090.937: [GC (Allocation Failure) [PSYoungGen: 399936K->146848K(498688K)] 580924K->423007K(1896960K), 0.0496503 secs] [Times: user=0.30 sys=0.00, real=0.05 secs] 
4093.839: [GC (Allocation Failure) [PSYoungGen: 452512K->100512K(501248K)] 728671K->515167K(1899520K), 0.0918224 secs] [Times: user=0.54 sys=0.01, real=0.09 secs] 
4096.061: [GC (Allocation Failure) [PSYoungGen: 406176K->145088K(501248K)] 820831K->657508K(1899520K), 0.0509277 secs] [Times: user=0.30 sys=0.01, real=0.06 secs] 
4097.984: [GC (Allocation Failure) [PSYoungGen: 453824K->107648K(416768K)] 966244K->756140K(1815040K), 0.1042692 secs] [Times: user=0.62 sys=0.00, real=0.10 secs] 
4098.935: [GC (Allocation Failure) [PSYoungGen: 416384K->147264K(499712K)] 1064876K->900993K(1897984K), 0.0531502 secs] [Times: user=0.32 sys=0.00, real=0.05 secs] 
4101.825: [GC (Allocation Failure) [PSYoungGen: 457024K->104864K(502272K)] 1210753K->996641K(1900544K), 0.1426923 secs] [Times: user=0.83 sys=0.01, real=0.14 secs] 
4102.865: [GC (Allocation Failure) [PSYoungGen: 414624K->150656K(501248K)] 1306401K->1144051K(1899520K), 0.0526624 secs] [Times: user=0.31 sys=0.00, real=0.05 secs] 
4104.816: [GC (Allocation Failure) [PSYoungGen: 462976K->107200K(505344K)] 1456371K->1242527K(1903616K), 0.1597696 secs] [Times: user=0.96 sys=0.00, real=0.16 secs] 
4107.097: [GC (Allocation Failure) [PSYoungGen: 419520K->150880K(502272K)] 1554847K->1389196K(1900544K), 0.0533415 secs] [Times: user=0.32 sys=0.00, real=0.05 secs] 
4107.151: [Full GC (Ergonomics) [PSYoungGen: 150880K->0K(502272K)] [ParOldGen: 1238316K->187687K(1398272K)] 1389196K->187687K(1900544K), [Metaspace: 60484K->60484K(1105920K)], 0.4448922 secs] [Times: user=2.07 sys=0.00, real=0.45 secs] 
4110.208: [GC (Allocation Failure) [PSYoungGen: 313344K->103776K(505856K)] 501031K->291463K(1904128K), 0.0953341 secs] [Times: user=0.56 sys=0.00, real=0.10 secs] 
4112.592: [GC (Allocation Failure) [PSYoungGen: 417120K->150496K(502784K)] 604807K->438120K(1901056K), 0.0504243 secs] [Times: user=0.30 sys=0.00, real=0.05 secs] 
4114.729: [GC (Allocation Failure) [PSYoungGen: 463328K->105504K(505856K)] 750952K->534840K(1904128K), 0.1322268 secs] [Times: user=0.78 sys=0.01, real=0.13 secs] 
4116.615: [GC (Allocation Failure) [PSYoungGen: 418032K->152032K(501760K)] 847369K->682597K(1900032K), 0.0519147 secs] [Times: user=0.30 sys=0.00, real=0.05 secs] 
4118.566: [GC (Allocation Failure) [PSYoungGen: 463840K->106208K(505344K)] 994405K->780365K(1903616K), 0.1464028 secs] [Times: user=0.87 sys=0.00, real=0.15 secs] 
4119.249: [GC (Allocation Failure) [PSYoungGen: 403485K->144608K(504832K)] 1077643K->921362K(1903104K), 0.0505162 secs] [Times: user=0.30 sys=0.00, real=0.05 secs] 
4122.023: [GC (Allocation Failure) [PSYoungGen: 458976K->105920K(420352K)] 1235730K->1018650K(1818624K), 0.1549759 secs] [Times: user=0.93 sys=0.00, real=0.15 secs] 
4123.403: [GC (Allocation Failure) [PSYoungGen: 406460K->145120K(503808K)] 1319190K->1159979K(1902080K), 0.0510478 secs] [Times: user=0.30 sys=0.00, real=0.05 secs] 
4125.931: [GC (GCLocker Initiated GC) [PSYoungGen: 460512K->105760K(505344K)] 1475372K->1257096K(1903616K), 0.1278726 secs] [Times: user=0.76 sys=0.00, real=0.13 secs] 
4126.793: [GC (Allocation Failure) [PSYoungGen: 421152K->144928K(505856K)] 1588875K->1414790K(1904128K), 0.2449592 secs] [Times: user=1.46 sys=0.00, real=0.24 secs] 
4127.038: [Full GC (Ergonomics) [PSYoungGen: 144928K->0K(505856K)] [ParOldGen: 1269862K->212998K(1398272K)] 1414790K->212998K(1904128K), [Metaspace: 60484K->60484K(1105920K)], 0.4247919 secs] [Times: user=1.86 sys=0.00, real=0.43 secs] 
4131.291: [GC (Allocation Failure) [PSYoungGen: 318976K->98464K(507392K)] 531974K->311462K(1905664K), 0.1538568 secs] [Times: user=0.92 sys=0.00, real=0.16 secs] 
4132.029: [GC (Allocation Failure) [PSYoungGen: 417440K->159712K(497664K)] 630438K->461447K(1895936K), 0.0547169 secs] [Times: user=0.32 sys=0.00, real=0.06 secs] 
4135.888: [GC (Allocation Failure) [PSYoungGen: 470496K->91584K(504832K)] 772231K->553071K(1903104K), 0.1249801 secs] [Times: user=0.74 sys=0.00, real=0.13 secs] 
4136.319: [GC (Allocation Failure) [PSYoungGen: 402368K->156160K(495104K)] 863855K->703488K(1893376K), 0.0547765 secs] [Times: user=0.33 sys=0.00, real=0.06 secs] 
4138.968: [GC (Allocation Failure) [PSYoungGen: 457728K->91136K(500224K)] 1005056K->794768K(1898496K), 0.1239915 secs] [Times: user=0.74 sys=0.00, real=0.13 secs] 
4141.043: [GC (GCLocker Initiated GC) [PSYoungGen: 392704K->148512K(498176K)] 1096336K->937686K(1896448K), 0.1489978 secs] [Times: user=0.89 sys=0.01, real=0.15 secs] 
4144.980: [GC (Allocation Failure) [PSYoungGen: 449056K->83968K(499712K)] 1238234K->1021698K(1897984K), 0.1442464 secs] [Times: user=0.86 sys=0.00, real=0.15 secs] 
4145.817: [GC (Allocation Failure) [PSYoungGen: 384512K->150688K(493568K)] 1322242K->1166763K(1891840K), 0.0515747 secs] [Times: user=0.30 sys=0.00, real=0.05 secs] 
4147.768: [GC (Allocation Failure) [PSYoungGen: 445088K->89824K(496640K)] 1461163K->1256747K(1894912K), 0.1644125 secs] [Times: user=0.98 sys=0.00, real=0.17 secs] 
4148.272: [GC (Allocation Failure) [PSYoungGen: 372861K->138304K(492544K)] 1539784K->1391132K(1890816K), 0.0493527 secs] [Times: user=0.29 sys=0.00, real=0.04 secs] 
4148.321: [Full GC (Ergonomics) [PSYoungGen: 138304K->0K(492544K)] [ParOldGen: 1252828K->196889K(1398272K)] 1391132K->196889K(1890816K), [Metaspace: 60484K->60484K(1105920K)], 0.4677037 secs] [Times: user=2.16 sys=0.01, real=0.47 secs] 
4152.109: [GC (Allocation Failure) [PSYoungGen: 296448K->96224K(495104K)] 493337K->293113K(1893376K), 0.0918287 secs] [Times: user=0.54 sys=0.01, real=0.09 secs] 
4153.199: [GC (Allocation Failure) [PSYoungGen: 392672K->151104K(495104K)] 589561K->439814K(1893376K), 0.0471745 secs] [Times: user=0.28 sys=0.00, real=0.05 secs] 
4155.279: [GC (Allocation Failure) [PSYoungGen: 450624K->102976K(499200K)] 739334K->525166K(1897472K), 0.1540048 secs] [Times: user=0.92 sys=0.00, real=0.16 secs] 
4156.583: [GC (Allocation Failure) [PSYoungGen: 402496K->150496K(495616K)] 824686K->673223K(1893888K), 0.0510545 secs] [Times: user=0.30 sys=0.00, real=0.05 secs] 
4158.874: [GC (Allocation Failure) [PSYoungGen: 450528K->103040K(499200K)] 973255K->759163K(1897472K), 0.1578459 secs] [Times: user=0.94 sys=0.01, real=0.16 secs] 
4161.253: [GC (Allocation Failure) [PSYoungGen: 403072K->140832K(499200K)] 1059195K->897132K(1897472K), 0.0519158 secs] [Times: user=0.30 sys=0.01, real=0.05 secs] 
4163.067: [GC (Allocation Failure) [PSYoungGen: 445472K->105632K(499200K)] 1201772K->993532K(1897472K), 0.1623189 secs] [Times: user=0.97 sys=0.01, real=0.16 secs] 
4164.773: [GC (Allocation Failure) [PSYoungGen: 410272K->142848K(500224K)] 1298172K->1133345K(1898496K), 0.0527845 secs] [Times: user=0.31 sys=0.00, real=0.05 secs] 
4166.966: [GC (Allocation Failure) [PSYoungGen: 452096K->106464K(500736K)] 1442593K->1230565K(1899008K), 0.1540638 secs] [Times: user=0.92 sys=0.00, real=0.15 secs] 
4169.454: [GC (Allocation Failure) [PSYoungGen: 415712K->144480K(502784K)] 1539813K->1372210K(1901056K), 0.0535820 secs] [Times: user=0.32 sys=0.00, real=0.05 secs] 
4169.508: [Full GC (Ergonomics) [PSYoungGen: 144480K->0K(502784K)] [ParOldGen: 1227730K->170892K(1398272K)] 1372210K->170892K(1901056K), [Metaspace: 60486K->60486K(1105920K)], 0.3955169 secs] [Times: user=1.82 sys=0.00, real=0.40 secs] 
4171.871: [GC (Allocation Failure) [PSYoungGen: 314880K->110272K(504320K)] 485772K->281164K(1902592K), 0.1092061 secs] [Times: user=0.64 sys=0.00, real=0.11 secs] 
4174.465: [GC (Allocation Failure) [PSYoungGen: 425152K->148192K(503808K)] 596044K->426853K(1902080K), 0.0539932 secs] [Times: user=0.32 sys=0.00, real=0.05 secs] 
4176.683: [GC (Allocation Failure) [PSYoungGen: 466656K->112320K(506880K)] 745317K->530629K(1905152K), 0.1366742 secs] [Times: user=0.81 sys=0.00, real=0.13 secs] 
4178.704: [GC (Allocation Failure) [PSYoungGen: 430784K->151488K(506368K)] 849093K->676590K(1904640K), 0.0537915 secs] [Times: user=0.32 sys=0.00, real=0.05 secs] 
4181.898: [GC (Allocation Failure) [PSYoungGen: 473024K->109856K(509952K)] 998126K->777466K(1908224K), 0.1599245 secs] [Times: user=0.95 sys=0.00, real=0.16 secs] 
4183.658: [GC (Allocation Failure) [PSYoungGen: 419753K->148608K(508416K)] 1087363K->922482K(1906688K), 0.0525860 secs] [Times: user=0.32 sys=0.00, real=0.05 secs] 
4186.953: [GC (Allocation Failure) [PSYoungGen: 471680K->108512K(510976K)] 1245554K->1022522K(1909248K), 0.1597677 secs] [Times: user=0.95 sys=0.00, real=0.16 secs] 
4188.292: [GC (Allocation Failure) [PSYoungGen: 431584K->158464K(501248K)] 1345594K->1177135K(1899520K), 0.0531611 secs] [Times: user=0.32 sys=0.01, real=0.05 secs] 
4190.883: [GC (Allocation Failure) [PSYoungGen: 474368K->97120K(507392K)] 1493039K->1274327K(1905664K), 0.1477997 secs] [Times: user=0.88 sys=0.00, real=0.14 secs] 
4191.542: [GC (Allocation Failure) [PSYoungGen: 413024K->155488K(499200K)] 1590231K->1423676K(1897472K), 0.0561586 secs] [Times: user=0.33 sys=0.00, real=0.05 secs] 
4191.598: [Full GC (Ergonomics) [PSYoungGen: 155488K->0K(499200K)] [ParOldGen: 1268188K->219987K(1398272K)] 1423676K->219987K(1897472K), [Metaspace: 60486K->60486K(1105920K)], 0.5056362 secs] [Times: user=2.37 sys=0.00, real=0.51 secs] 
4195.725: [GC (Allocation Failure) [PSYoungGen: 308736K->97504K(503808K)] 528723K->317491K(1902080K), 0.1186193 secs] [Times: user=0.71 sys=0.00, real=0.12 secs] 
4196.170: [GC (Allocation Failure) [PSYoungGen: 406240K->153280K(498688K)] 626227K->465128K(1896960K), 0.0554352 secs] [Times: user=0.33 sys=0.00, real=0.06 secs] 
4199.481: [GC (GCLocker Initiated GC) [PSYoungGen: 457920K->90624K(501760K)] 769768K->555640K(1900032K), 0.1536001 secs] [Times: user=0.91 sys=0.00, real=0.16 secs] 
4200.332: [GC (Allocation Failure) [PSYoungGen: 395264K->148480K(498688K)] 860282K->697691K(1896960K), 0.1241450 secs] [Times: user=0.75 sys=0.00, real=0.12 secs] 
4203.427: [GC (Allocation Failure) [PSYoungGen: 450048K->93056K(500224K)] 999259K->790463K(1898496K), 0.1079919 secs] [Times: user=0.64 sys=0.00, real=0.11 secs] 
4204.037: [GC (Allocation Failure) [PSYoungGen: 394624K->148736K(497664K)] 1092031K->933520K(1895936K), 0.0857773 secs] [Times: user=0.51 sys=0.00, real=0.09 secs] 
4208.127: [GC (Allocation Failure) [PSYoungGen: 449280K->86688K(499712K)] 1234064K->1019936K(1897984K), 0.1591006 secs] [Times: user=0.95 sys=0.00, real=0.16 secs] 
4208.598: [GC (Allocation Failure) [PSYoungGen: 387232K->150848K(494080K)] 1320480K->1165349K(1892352K), 0.0523934 secs] [Times: user=0.31 sys=0.00, real=0.05 secs] 
4212.998: [GC (Allocation Failure) [PSYoungGen: 446272K->86976K(497152K)] 1460773K->1252369K(1895424K), 0.1673215 secs] [Times: user=1.00 sys=0.00, real=0.17 secs] 
4214.676: [GC (Allocation Failure) [PSYoungGen: 378201K->141728K(495616K)] 1543594K->1390242K(1893888K), 0.0486460 secs] [Times: user=0.28 sys=0.00, real=0.05 secs] 
4214.725: [Full GC (Ergonomics) [PSYoungGen: 141728K->0K(495616K)] [ParOldGen: 1248513K->196846K(1398272K)] 1390242K->196846K(1893888K), [Metaspace: 60486K->60486K(1105920K)], 0.4676241 secs] [Times: user=2.18 sys=0.00, real=0.47 secs] 
4217.250: [GC (Allocation Failure) [PSYoungGen: 296960K->94176K(497152K)] 493806K->291022K(1895424K), 0.0901181 secs] [Times: user=0.53 sys=0.00, real=0.09 secs] 
4219.055: [GC (Allocation Failure) [PSYoungGen: 391136K->145344K(496128K)] 587982K->432419K(1894400K), 0.0464037 secs] [Times: user=0.28 sys=0.00, real=0.04 secs] 
4220.522: [GC (Allocation Failure) [PSYoungGen: 443840K->100800K(399360K)] 730915K->524807K(1797632K), 0.0858333 secs] [Times: user=0.51 sys=0.00, real=0.08 secs] 
4221.732: [GC (Allocation Failure) [PSYoungGen: 399296K->143040K(496128K)] 823303K->665108K(1894400K), 0.0499421 secs] [Times: user=0.29 sys=0.00, real=0.05 secs] 
4224.207: [GC (Allocation Failure) [PSYoungGen: 444096K->102752K(497152K)] 966164K->758596K(1895424K), 0.1620189 secs] [Times: user=0.96 sys=0.01, real=0.16 secs] 
4226.954: [GC (Allocation Failure) [PSYoungGen: 403808K->139360K(499712K)] 1059652K->895625K(1897984K), 0.0503329 secs] [Times: user=0.30 sys=0.00, real=0.05 secs] 
4229.729: [GC (Allocation Failure) [PSYoungGen: 447072K->105056K(499712K)] 1203337K->991181K(1897984K), 0.1592443 secs] [Times: user=0.95 sys=0.00, real=0.16 secs] 
4232.982: [GC (Allocation Failure) [PSYoungGen: 412768K->141056K(501760K)] 1298893K->1129970K(1900032K), 0.0518203 secs] [Times: user=0.31 sys=0.00, real=0.05 secs] 
4234.667: [GC (Allocation Failure) [PSYoungGen: 454912K->112160K(502784K)] 1443826K->1232834K(1901056K), 0.1615532 secs] [Times: user=0.96 sys=0.00, real=0.16 secs] 
4236.997: [GC (Allocation Failure) [PSYoungGen: 426016K->146912K(502784K)] 1546690K->1377527K(1901056K), 0.0549326 secs] [Times: user=0.32 sys=0.01, real=0.06 secs] 
4237.052: [Full GC (Ergonomics) [PSYoungGen: 146912K->0K(502784K)] [ParOldGen: 1230615K->176314K(1398272K)] 1377527K->176314K(1901056K), [Metaspace: 60486K->60486K(1105920K)], 0.3957065 secs] [Times: user=1.81 sys=0.00, real=0.39 secs] 
4239.742: [GC (Allocation Failure) [PSYoungGen: 318976K->109568K(505856K)] 495290K->285882K(1904128K), 0.0945690 secs] [Times: user=0.56 sys=0.00, real=0.09 secs] 
4241.322: [GC (Allocation Failure) [PSYoungGen: 428544K->160128K(500224K)] 604858K->442947K(1898496K), 0.0544564 secs] [Times: user=0.32 sys=0.00, real=0.05 secs] 
4244.081: [GC (Allocation Failure) [PSYoungGen: 477056K->107968K(507904K)] 759875K->533475K(1906176K), 0.1704958 secs] [Times: user=1.02 sys=0.00, real=0.17 secs] 
4246.256: [GC (Allocation Failure) [PSYoungGen: 424896K->154080K(501760K)] 850403K->683166K(1900032K), 0.0524633 secs] [Times: user=0.31 sys=0.00, real=0.05 secs] 
4248.877: [GC (GCLocker Initiated GC) [PSYoungGen: 467936K->104992K(506368K)] 997022K->779374K(1904640K), 0.1622513 secs] [Times: user=0.96 sys=0.00, real=0.16 secs] 
4249.564: [GC (Allocation Failure) [PSYoungGen: 418848K->145728K(506368K)] 1109666K->937251K(1904640K), 0.2398555 secs] [Times: user=1.44 sys=0.00, real=0.24 secs] 
4253.715: [GC (Allocation Failure) [PSYoungGen: 462144K->94656K(507392K)] 1253667K->1032491K(1905664K), 0.4121615 secs] [Times: user=2.46 sys=0.01, real=0.41 secs] 
4254.574: [GC (Allocation Failure) [PSYoungGen: 411058K->158368K(496640K)] 1348894K->1185164K(1894912K), 0.0562012 secs] [Times: user=0.34 sys=0.00, real=0.05 secs] 
4258.424: [GC (Allocation Failure) [PSYoungGen: 465056K->89152K(502784K)] 1491852K->1274512K(1901056K), 0.1263255 secs] [Times: user=0.75 sys=0.00, real=0.12 secs] 
4258.818: [GC (Allocation Failure) [PSYoungGen: 395840K->154048K(494592K)] 1581200K->1423037K(1892864K), 0.0563678 secs] [Times: user=0.33 sys=0.01, real=0.06 secs] 
4258.875: [Full GC (Ergonomics) [PSYoungGen: 154048K->0K(494592K)] [ParOldGen: 1268989K->219783K(1398272K)] 1423037K->219783K(1892864K), [Metaspace: 60486K->60486K(1105920K)], 0.4993863 secs] [Times: user=2.32 sys=0.00, real=0.50 secs] 
4262.666: [GC (Allocation Failure) [PSYoungGen: 298496K->89536K(498688K)] 518279K->309319K(1896960K), 0.1405958 secs] [Times: user=0.83 sys=0.00, real=0.14 secs] 
4263.404: [GC (Allocation Failure) [PSYoungGen: 388032K->148288K(496640K)] 607815K->451399K(1894912K), 0.0520635 secs] [Times: user=0.31 sys=0.00, real=0.05 secs] 
4267.330: [GC (Allocation Failure) [PSYoungGen: 445760K->86688K(498176K)] 748871K->537831K(1896448K), 0.1552903 secs] [Times: user=0.79 sys=0.00, real=0.16 secs] 
4268.236: [GC (Allocation Failure) [PSYoungGen: 373229K->139776K(495616K)] 824373K->673996K(1893888K), 0.0480235 secs] [Times: user=0.29 sys=0.00, real=0.05 secs] 
4271.419: [GC (Allocation Failure) [PSYoungGen: 438272K->97728K(497152K)] 972492K->763500K(1895424K), 0.1654196 secs] [Times: user=0.98 sys=0.00, real=0.17 secs] 
4272.822: [GC (Allocation Failure) [PSYoungGen: 396224K->143776K(497664K)] 1061996K->903653K(1895936K), 0.0487669 secs] [Times: user=0.28 sys=0.01, real=0.04 secs] 
4275.039: [GC (Allocation Failure) [PSYoungGen: 445856K->102848K(498688K)] 1205733K->997773K(1896960K), 0.1683755 secs] [Times: user=0.99 sys=0.00, real=0.17 secs] 
4276.485: [GC (Allocation Failure) [PSYoungGen: 404928K->144864K(498176K)] 1299853K->1138394K(1896448K), 0.0509621 secs] [Times: user=0.30 sys=0.00, real=0.05 secs] 
4279.131: [GC (Allocation Failure) [PSYoungGen: 450016K->104704K(499712K)] 1443546K->1233662K(1897984K), 0.1603722 secs] [Times: user=0.95 sys=0.01, real=0.17 secs] 
4281.477: [GC (Allocation Failure) [PSYoungGen: 409856K->143808K(500224K)] 1538814K->1374259K(1898496K), 0.0522835 secs] [Times: user=0.31 sys=0.00, real=0.05 secs] 
4281.530: [Full GC (Ergonomics) [PSYoungGen: 143808K->0K(500224K)] [ParOldGen: 1230451K->180696K(1398272K)] 1374259K->180696K(1898496K), [Metaspace: 60488K->60488K(1105920K)], 0.4248325 secs] [Times: user=1.97 sys=0.00, real=0.43 secs] 
4284.275: [GC (Allocation Failure) [PSYoungGen: 309760K->105504K(501760K)] 490456K->286200K(1900032K), 0.1086743 secs] [Times: user=0.63 sys=0.00, real=0.11 secs] 
4287.093: [GC (Allocation Failure) [PSYoungGen: 415264K->147712K(502272K)] 595960K->430589K(1900544K), 0.0517524 secs] [Times: user=0.31 sys=0.00, real=0.05 secs] 
4288.897: [GC (Allocation Failure) [PSYoungGen: 461568K->105664K(504832K)] 744445K->527933K(1903104K), 0.1597122 secs] [Times: user=0.95 sys=0.00, real=0.16 secs] 
4290.255: [GC (Allocation Failure) [PSYoungGen: 419520K->153728K(501760K)] 841789K->678374K(1900032K), 0.0525122 secs] [Times: user=0.32 sys=0.00, real=0.05 secs] 
4293.722: [GC (Allocation Failure) [PSYoungGen: 467584K->104928K(506368K)] 992230K->774862K(1904640K), 0.1389489 secs] [Times: user=0.83 sys=0.00, real=0.13 secs] 
4294.403: [GC (Allocation Failure) [PSYoungGen: 418784K->151680K(501248K)] 1088718K->920843K(1899520K), 0.0513534 secs] [Times: user=0.30 sys=0.01, real=0.05 secs] 
4297.825: [GC (GCLocker Initiated GC) [PSYoungGen: 463488K->104672K(505344K)] 1232655K->1016567K(1903616K), 0.1440692 secs] [Times: user=0.85 sys=0.00, real=0.14 secs] 
4298.464: [GC (Allocation Failure) [PSYoungGen: 416480K->141952K(504320K)] 1344761K->1171088K(1902592K), 0.2436511 secs] [Times: user=1.47 sys=0.00, real=0.24 secs] 
4301.565: [GC (GCLocker Initiated GC) [PSYoungGen: 456832K->96960K(505344K)] 1485968K->1267768K(1903616K), 0.3913542 secs] [Times: user=2.34 sys=0.00, real=0.39 secs] 
4302.466: [GC (Allocation Failure) [PSYoungGen: 411840K->154752K(499712K)] 1582651K->1416836K(1897984K), 0.0549467 secs] [Times: user=0.33 sys=0.00, real=0.05 secs] 
4302.521: [Full GC (Ergonomics) [PSYoungGen: 154752K->0K(499712K)] [ParOldGen: 1262084K->214195K(1398272K)] 1416836K->214195K(1897984K), [Metaspace: 60488K->60488K(1105920K)], 0.4921640 secs] [Times: user=2.29 sys=0.00, real=0.50 secs] 
4307.285: [GC (Allocation Failure) [PSYoungGen: 310784K->95872K(504832K)] 524979K->310067K(1903104K), 0.1235771 secs] [Times: user=0.73 sys=0.00, real=0.12 secs] 
4307.860: [GC (Allocation Failure) [PSYoungGen: 406656K->153056K(498176K)] 620851K->457456K(1896448K), 0.0538644 secs] [Times: user=0.32 sys=0.00, real=0.06 secs] 
4312.143: [GC (Allocation Failure) [PSYoungGen: 458720K->89216K(502272K)] 763120K->545992K(1900544K), 0.1643517 secs] [Times: user=0.96 sys=0.01, real=0.16 secs] 
4312.611: [GC (Allocation Failure) [PSYoungGen: 394880K->153280K(494592K)] 851656K->693725K(1892864K), 0.0539875 secs] [Times: user=0.32 sys=0.00, real=0.06 secs] 
4315.709: [GC (Allocation Failure) [PSYoungGen: 451776K->90848K(498688K)] 992221K->784685K(1896960K), 0.1434105 secs] [Times: user=0.85 sys=0.00, real=0.15 secs] 
4316.664: [GC (Allocation Failure) [PSYoungGen: 389344K->162720K(485888K)] 1083181K->941590K(1884160K), 0.0540854 secs] [Times: user=0.32 sys=0.00, real=0.05 secs] 
4319.772: [GC (Allocation Failure) [PSYoungGen: 449952K->86048K(493056K)] 1228822K->1010578K(1891328K), 0.1596420 secs] [Times: user=0.95 sys=0.01, real=0.16 secs] 
4321.147: [GC (Allocation Failure) [PSYoungGen: 373280K->147936K(492032K)] 1297810K->1154843K(1890304K), 0.0487088 secs] [Times: user=0.29 sys=0.00, real=0.05 secs] 
4323.019: [GC (Allocation Failure) [PSYoungGen: 435168K->96800K(384512K)] 1442075K->1234959K(1782784K), 0.1739051 secs] [Times: user=1.03 sys=0.01, real=0.18 secs] 
4325.171: [GC (Allocation Failure) [PSYoungGen: 384032K->136032K(494080K)] 1522191K->1368212K(1892352K), 0.0490566 secs] [Times: user=0.29 sys=0.00, real=0.05 secs] 
4325.220: [Full GC (Ergonomics) [PSYoungGen: 136032K->0K(494080K)] [ParOldGen: 1232180K->173279K(1398272K)] 1368212K->173279K(1892352K), [Metaspace: 60488K->60488K(1105920K)], 0.3986798 secs] [Times: user=1.83 sys=0.00, real=0.40 secs] 
4326.960: [GC (Allocation Failure) [PSYoungGen: 291328K->101600K(491008K)] 464607K->274879K(1889280K), 0.0500918 secs] [Times: user=0.29 sys=0.00, real=0.05 secs] 
4329.202: [GC (Allocation Failure) [PSYoungGen: 392928K->134048K(495616K)] 566207K->406748K(1893888K), 0.0509368 secs] [Times: user=0.31 sys=0.00, real=0.05 secs] 
4330.436: [GC (Allocation Failure) [PSYoungGen: 433568K->108448K(492544K)] 706268K->505332K(1890816K), 0.0630949 secs] [Times: user=0.38 sys=0.00, real=0.06 secs] 
4331.897: [GC (Allocation Failure) [PSYoungGen: 407968K->138272K(498176K)] 804852K->642217K(1896448K), 0.0523267 secs] [Times: user=0.31 sys=0.00, real=0.05 secs] 
4333.125: [GC (Allocation Failure) [PSYoungGen: 448032K->110656K(498176K)] 951977K->743373K(1896448K), 0.0644813 secs] [Times: user=0.39 sys=0.00, real=0.06 secs] 
4337.325: [GC (Allocation Failure) [PSYoungGen: 420416K->139296K(505344K)] 1053133K->880809K(1903616K), 0.0536501 secs] [Times: user=0.31 sys=0.00, real=0.05 secs] 
4338.630: [GC (Allocation Failure) [PSYoungGen: 460832K->116128K(505856K)] 1202345K->987649K(1904128K), 0.0861755 secs] [Times: user=0.51 sys=0.00, real=0.09 secs] 
4341.608: [GC (Allocation Failure) [PSYoungGen: 437664K->147040K(506368K)] 1309185K->1133038K(1904640K), 0.0566668 secs] [Times: user=0.34 sys=0.00, real=0.06 secs] 
4344.250: [GC (Allocation Failure) [PSYoungGen: 474208K->114656K(509952K)] 1460206K->1238522K(1908224K), 0.1654664 secs] [Times: user=0.98 sys=0.00, real=0.17 secs] 
4346.308: [GC (Allocation Failure) [PSYoungGen: 441824K->155040K(507904K)] 1565690K->1391039K(1906176K), 0.0568737 secs] [Times: user=0.34 sys=0.00, real=0.06 secs] 
4346.365: [Full GC (Ergonomics) [PSYoungGen: 155040K->0K(507904K)] [ParOldGen: 1235999K->188709K(1398272K)] 1391039K->188709K(1906176K), [Metaspace: 60488K->60488K(1105920K)], 0.4462083 secs] [Times: user=2.07 sys=0.00, real=0.44 secs] 
4348.314: [GC (Allocation Failure) [PSYoungGen: 329216K->115456K(514048K)] 517925K->304166K(1912320K), 0.0797387 secs] [Times: user=0.48 sys=0.00, real=0.08 secs] 
4349.332: [GC (Allocation Failure) [PSYoungGen: 444672K->159264K(504320K)] 633382K->460183K(1902592K), 0.0754047 secs] [Times: user=0.42 sys=0.00, real=0.07 secs] 
4353.895: [GC (Allocation Failure) [PSYoungGen: 482336K->97536K(510976K)] 783255K->557611K(1909248K), 0.1640017 secs] [Times: user=0.97 sys=0.01, real=0.16 secs] 
4354.450: [GC (Allocation Failure) [PSYoungGen: 420602K->159104K(499200K)] 880678K->710856K(1897472K), 0.0560917 secs] [Times: user=0.32 sys=0.00, real=0.06 secs] 
4357.001: [GC (Allocation Failure) [PSYoungGen: 470912K->100160K(505344K)] 1022664K->810236K(1903616K), 0.1166605 secs] [Times: user=0.70 sys=0.00, real=0.12 secs] 
4358.716: [GC (Allocation Failure) [PSYoungGen: 411968K->155744K(497664K)] 1122044K->960493K(1895936K), 0.1593309 secs] [Times: user=0.95 sys=0.00, real=0.16 secs] 
4363.459: [GC (Allocation Failure) [PSYoungGen: 461408K->87872K(502272K)] 1266157K->1048565K(1900544K), 0.1486775 secs] [Times: user=0.88 sys=0.00, real=0.15 secs] 
4363.885: [GC (Allocation Failure) [PSYoungGen: 393536K->153632K(495104K)] 1354229K->1196282K(1893376K), 0.0556489 secs] [Times: user=0.33 sys=0.00, real=0.05 secs] 
4367.071: [GC (Allocation Failure) [PSYoungGen: 452128K->88736K(498688K)] 1494778K->1285218K(1896960K), 0.1411451 secs] [Times: user=0.84 sys=0.00, real=0.15 secs] 
4367.212: [Full GC (Ergonomics) [PSYoungGen: 88736K->0K(498688K)] [ParOldGen: 1196482K->83932K(1398272K)] 1285218K->83932K(1896960K), [Metaspace: 60488K->60488K(1105920K)], 0.2148625 secs] [Times: user=1.00 sys=0.00, real=0.21 secs] 
4367.655: [GC (Allocation Failure) [PSYoungGen: 298496K->147040K(497152K)] 382428K->230972K(1895424K), 0.0319878 secs] [Times: user=0.19 sys=0.00, real=0.03 secs] 
4372.409: [GC (Allocation Failure) [PSYoungGen: 444512K->87712K(498176K)] 528444K->318012K(1896448K), 0.1579966 secs] [Times: user=0.94 sys=0.00, real=0.16 secs] 
4372.863: [GC (Allocation Failure) [PSYoungGen: 385184K->148096K(495104K)] 615484K->460300K(1893376K), 0.0531744 secs] [Times: user=0.32 sys=0.00, real=0.05 secs] 
4376.213: [GC (Allocation Failure) [PSYoungGen: 443520K->86464K(497152K)] 755724K->546356K(1895424K), 0.1478991 secs] [Times: user=0.88 sys=0.00, real=0.14 secs] 
4376.817: [GC (Allocation Failure) [PSYoungGen: 370606K->137760K(492032K)] 830498K->680365K(1890304K), 0.0470979 secs] [Times: user=0.28 sys=0.00, real=0.05 secs] 
4379.517: [GC (Allocation Failure) [PSYoungGen: 434208K->98784K(495104K)] 976813K->771017K(1893376K), 0.1413489 secs] [Times: user=0.84 sys=0.00, real=0.14 secs] 
4381.685: [GC (Allocation Failure) [PSYoungGen: 395232K->142336K(498688K)] 1067465K->909754K(1896960K), 0.0482811 secs] [Times: user=0.29 sys=0.00, real=0.05 secs] 
4383.358: [GC (Allocation Failure) [PSYoungGen: 445952K->103104K(499712K)] 1213370K->1004030K(1897984K), 0.1352641 secs] [Times: user=0.81 sys=0.00, real=0.14 secs] 
4384.713: [GC (Allocation Failure) [PSYoungGen: 406720K->145600K(497664K)] 1307646K->1145902K(1895936K), 0.0514051 secs] [Times: user=0.30 sys=0.00, real=0.05 secs] 
4387.008: [GC (Allocation Failure) [PSYoungGen: 451264K->105120K(499712K)] 1451566K->1242051K(1897984K), 0.1632988 secs] [Times: user=0.97 sys=0.00, real=0.17 secs] 
4388.845: [GC (Allocation Failure) [PSYoungGen: 410784K->146816K(500224K)] 1547715K->1384591K(1898496K), 0.0519959 secs] [Times: user=0.30 sys=0.00, real=0.05 secs] 
4388.897: [Full GC (Ergonomics) [PSYoungGen: 146816K->0K(500224K)] [ParOldGen: 1237775K->185048K(1398272K)] 1384591K->185048K(1898496K), [Metaspace: 60488K->60488K(1105920K)], 0.4352301 secs] [Times: user=2.03 sys=0.00, real=0.44 secs] 
4391.703: [GC (Allocation Failure) [PSYoungGen: 310272K->104640K(502784K)] 495320K->289688K(1901056K), 0.0995388 secs] [Times: user=0.59 sys=0.00, real=0.10 secs] 
4393.902: [GC (Allocation Failure) [PSYoungGen: 414912K->148320K(502272K)] 599960K->434165K(1900544K), 0.0511269 secs] [Times: user=0.30 sys=0.01, real=0.05 secs] 
4396.696: [GC (Allocation Failure) [PSYoungGen: 461664K->105120K(505344K)] 747509K->530453K(1903616K), 0.1599186 secs] [Times: user=0.95 sys=0.00, real=0.16 secs] 
4398.605: [GC (Allocation Failure) [PSYoungGen: 418464K->151840K(501760K)] 843797K->678678K(1900032K), 0.0518978 secs] [Times: user=0.31 sys=0.00, real=0.05 secs] 
4400.985: [GC (Allocation Failure) [PSYoungGen: 464672K->103520K(505856K)] 991510K->773358K(1904128K), 0.1669368 secs] [Times: user=1.00 sys=0.01, real=0.17 secs] 
4402.030: [GC (Allocation Failure) [PSYoungGen: 416352K->151424K(501760K)] 1086190K->920987K(1900032K), 0.0510354 secs] [Times: user=0.31 sys=0.00, real=0.05 secs] 
4405.592: [GC (Allocation Failure) [PSYoungGen: 463232K->104800K(505344K)] 1232795K->1016827K(1903616K), 0.1637825 secs] [Times: user=0.98 sys=0.00, real=0.16 secs] 
4407.099: [GC (Allocation Failure) [PSYoungGen: 416608K->148384K(503296K)] 1328635K->1161448K(1901568K), 0.0508990 secs] [Times: user=0.30 sys=0.00, real=0.05 secs] 
4409.042: [GC (Allocation Failure) [PSYoungGen: 461216K->108032K(421376K)] 1474280K->1260192K(1819648K), 0.1653310 secs] [Times: user=0.98 sys=0.00, real=0.16 secs] 
4409.866: [GC (Allocation Failure) [PSYoungGen: 420864K->151360K(501248K)] 1573024K->1408228K(1899520K), 0.0570515 secs] [Times: user=0.34 sys=0.00, real=0.06 secs] 
4409.923: [Full GC (Ergonomics) [PSYoungGen: 151360K->0K(501248K)] [ParOldGen: 1256868K->205799K(1398272K)] 1408228K->205799K(1899520K), [Metaspace: 60488K->60488K(1105920K)], 0.4740850 secs] [Times: user=2.20 sys=0.00, real=0.47 secs] 
4414.857: [GC (Allocation Failure) [PSYoungGen: 311808K->92672K(504832K)] 517607K->298471K(1903104K), 0.1489620 secs] [Times: user=0.88 sys=0.01, real=0.15 secs] 
4415.657: [GC (Allocation Failure) [PSYoungGen: 404480K->151360K(500224K)] 610279K->445204K(1898496K), 0.0532854 secs] [Times: user=0.32 sys=0.00, real=0.05 secs] 
4418.482: [GC (Allocation Failure) [PSYoungGen: 459072K->94848K(503296K)] 752916K->539400K(1901568K), 0.1435039 secs] [Times: user=0.85 sys=0.01, real=0.14 secs] 
4418.903: [GC (Allocation Failure) [PSYoungGen: 402560K->151296K(497664K)] 847112K->686681K(1895936K), 0.0537230 secs] [Times: user=0.32 sys=0.00, real=0.05 secs] 
4422.191: [GC (Allocation Failure) [PSYoungGen: 454912K->90752K(501248K)] 990297K->777565K(1899520K), 0.1621351 secs] [Times: user=0.96 sys=0.00, real=0.17 secs] 
4423.721: [GC (Allocation Failure) [PSYoungGen: 394368K->147616K(499200K)] 1081181K->921362K(1897472K), 0.0536915 secs] [Times: user=0.32 sys=0.00, real=0.06 secs] 
4426.619: [GC (Allocation Failure) [PSYoungGen: 450208K->91008K(500736K)] 1223954K->1012146K(1899008K), 0.1455364 secs] [Times: user=0.87 sys=0.01, real=0.15 secs] 
4427.932: [GC (Allocation Failure) [PSYoungGen: 384048K->143264K(500224K)] 1305186K->1151539K(1898496K), 0.0497422 secs] [Times: user=0.30 sys=0.00, real=0.05 secs] 
4430.214: [GC (Allocation Failure) [PSYoungGen: 446880K->99488K(403456K)] 1455155K->1242723K(1801728K), 0.1589547 secs] [Times: user=0.94 sys=0.01, real=0.16 secs] 
4431.873: [GC (Allocation Failure) [PSYoungGen: 403104K->146976K(497152K)] 1546339K->1385836K(1895424K), 0.0498140 secs] [Times: user=0.29 sys=0.01, real=0.05 secs] 
4431.923: [Full GC (Ergonomics) [PSYoungGen: 146976K->0K(497152K)] [ParOldGen: 1238860K->192391K(1398272K)] 1385836K->192391K(1895424K), [Metaspace: 60488K->60488K(1105920K)], 0.4479984 secs] [Times: user=2.07 sys=0.00, real=0.44 secs] 
4435.102: [GC (Allocation Failure) [PSYoungGen: 303104K->99616K(499200K)] 495495K->292007K(1897472K), 0.0885222 secs] [Times: user=0.52 sys=0.00, real=0.08 secs] 
4435.874: [GC (Allocation Failure) [PSYoungGen: 402720K->149184K(498688K)] 595111K->437456K(1896960K), 0.0487231 secs] [Times: user=0.29 sys=0.00, real=0.05 secs] 
4439.548: [GC (Allocation Failure) [PSYoungGen: 454848K->99136K(501760K)] 743120K->528368K(1900032K), 0.1604475 secs] [Times: user=0.96 sys=0.00, real=0.16 secs] 
4440.322: [GC (Allocation Failure) [PSYoungGen: 404800K->150144K(499200K)] 834032K->675076K(1897472K), 0.0499161 secs] [Times: user=0.30 sys=0.00, real=0.05 secs] 
4442.716: [GC (Allocation Failure) [PSYoungGen: 455808K->101632K(502272K)] 980740K->768304K(1900544K), 0.1483040 secs] [Times: user=0.89 sys=0.00, real=0.15 secs] 
4444.403: [GC (Allocation Failure) [PSYoungGen: 407296K->149056K(499712K)] 1073968K->913717K(1897984K), 0.0771747 secs] [Times: user=0.46 sys=0.00, real=0.07 secs] 
4448.484: [GC (Allocation Failure) [PSYoungGen: 455232K->100192K(502272K)] 1219893K->1005789K(1900544K), 0.1673092 secs] [Times: user=0.99 sys=0.00, real=0.16 secs] 
4451.062: [GC (Allocation Failure) [PSYoungGen: 406368K->146400K(501248K)] 1311965K->1148358K(1899520K), 0.0504723 secs] [Times: user=0.31 sys=0.00, real=0.05 secs] 
4453.250: [GC (Allocation Failure) [PSYoungGen: 454112K->104960K(413184K)] 1456070K->1244086K(1811456K), 0.0838331 secs] [Times: user=0.50 sys=0.00, real=0.09 secs] 
4454.646: [GC (Allocation Failure) [PSYoungGen: 412672K->148320K(499200K)] 1551798K->1388791K(1897472K), 0.0522082 secs] [Times: user=0.30 sys=0.00, real=0.05 secs] 
4454.698: [Full GC (Ergonomics) [PSYoungGen: 148320K->0K(499200K)] [ParOldGen: 1240471K->186906K(1398272K)] 1388791K->186906K(1897472K), [Metaspace: 60505K->60505K(1105920K)], 0.4381760 secs] [Times: user=2.02 sys=0.00, real=0.44 secs] 
4457.751: [GC (Allocation Failure) [PSYoungGen: 307712K->101600K(501760K)] 494618K->288506K(1900032K), 0.0480163 secs] [Times: user=0.28 sys=0.00, real=0.05 secs] 
4458.828: [GC (Allocation Failure) [PSYoungGen: 409312K->150752K(501248K)] 596218K->436027K(1899520K), 0.0547355 secs] [Times: user=0.33 sys=0.00, real=0.06 secs] 
4462.456: [GC (Allocation Failure) [PSYoungGen: 460512K->100704K(504320K)] 745787K->528699K(1902592K), 0.1306792 secs] [Times: user=0.78 sys=0.00, real=0.13 secs] 
4464.465: [GC (Allocation Failure) [PSYoungGen: 410464K->148512K(501760K)] 838459K->672807K(1900032K), 0.0496505 secs] [Times: user=0.29 sys=0.00, real=0.05 secs] 
4467.323: [GC (GCLocker Initiated GC) [PSYoungGen: 458272K->105344K(415232K)] 982568K->768824K(1813504K), 0.1635281 secs] [Times: user=0.98 sys=0.01, real=0.16 secs] 
4469.337: [GC (Allocation Failure) [PSYoungGen: 415104K->149504K(501248K)] 1078632K->914045K(1899520K), 0.0522754 secs] [Times: user=0.31 sys=0.00, real=0.05 secs] 
4472.216: [GC (Allocation Failure) [PSYoungGen: 459264K->103104K(503808K)] 1223805K->1008397K(1902080K), 0.1715221 secs] [Times: user=1.02 sys=0.01, real=0.17 secs] 
4473.610: [GC (Allocation Failure) [PSYoungGen: 412864K->148896K(502784K)] 1318157K->1152857K(1901056K), 0.0514607 secs] [Times: user=0.31 sys=0.00, real=0.05 secs] 
4476.678: [GC (Allocation Failure) [PSYoungGen: 460192K->104288K(504832K)] 1464153K->1248089K(1903104K), 0.1376971 secs] [Times: user=0.82 sys=0.00, real=0.14 secs] 
4478.877: [GC (Allocation Failure) [PSYoungGen: 415584K->159744K(495616K)] 1559385K->1404157K(1893888K), 0.0532886 secs] [Times: user=0.31 sys=0.00, real=0.05 secs] 
4478.930: [Full GC (Ergonomics) [PSYoungGen: 159744K->0K(495616K)] [ParOldGen: 1244413K->194635K(1398272K)] 1404157K->194635K(1893888K), [Metaspace: 60506K->60506K(1105920K)], 0.4605015 secs] [Times: user=2.14 sys=0.00, real=0.46 secs] 
4481.466: [GC (Allocation Failure) [PSYoungGen: 304640K->99136K(501760K)] 499275K->293771K(1900032K), 0.0874888 secs] [Times: user=0.50 sys=0.01, real=0.09 secs] 
4482.455: [GC (Allocation Failure) [PSYoungGen: 403776K->148544K(499712K)] 598411K->438608K(1897984K), 0.0485005 secs] [Times: user=0.29 sys=0.00, real=0.05 secs] 
4485.470: [GC (Allocation Failure) [PSYoungGen: 453184K->100928K(406016K)] 743248K->531196K(1804288K), 0.1627825 secs] [Times: user=0.97 sys=0.00, real=0.17 secs] 
4487.178: [GC (Allocation Failure) [PSYoungGen: 405568K->148256K(499712K)] 835836K->675845K(1897984K), 0.0501152 secs] [Times: user=0.30 sys=0.00, real=0.05 secs] 
4489.555: [GC (Allocation Failure) [PSYoungGen: 453408K->100128K(501248K)] 980997K->767661K(1899520K), 0.1711327 secs] [Times: user=1.02 sys=0.01, real=0.17 secs] 
4491.438: [GC (Allocation Failure) [PSYoungGen: 405280K->146336K(501248K)] 1072813K->909890K(1899520K), 0.0502457 secs] [Times: user=0.29 sys=0.00, real=0.05 secs] 
4493.738: [GC (Allocation Failure) [PSYoungGen: 453536K->105216K(412672K)] 1217090K->1006454K(1810944K), 0.1586907 secs] [Times: user=0.94 sys=0.01, real=0.16 secs] 
4495.873: [GC (Allocation Failure) [PSYoungGen: 412416K->156320K(496640K)] 1313654K->1158906K(1894912K), 0.0530822 secs] [Times: user=0.32 sys=0.01, real=0.05 secs] 
4498.201: [GC (Allocation Failure) [PSYoungGen: 460960K->100800K(501760K)] 1463546K->1243082K(1900032K), 0.1784143 secs] [Times: user=1.06 sys=0.01, real=0.18 secs] 
4499.593: [GC (Allocation Failure) [PSYoungGen: 405440K->146240K(501248K)] 1547722K->1386101K(1899520K), 0.0512768 secs] [Times: user=0.30 sys=0.00, real=0.05 secs] 
4499.644: [Full GC (Ergonomics) [PSYoungGen: 146240K->0K(501248K)] [ParOldGen: 1239861K->183592K(1398272K)] 1386101K->183592K(1899520K), [Metaspace: 60512K->60512K(1105920K)], 0.4312374 secs] [Times: user=2.00 sys=0.00, real=0.43 secs] 
4502.576: [GC (Allocation Failure) [PSYoungGen: 306451K->104704K(412160K)] 490044K->288296K(1810432K), 0.1016105 secs] [Times: user=0.60 sys=0.01, real=0.10 secs] 
4504.790: [GC (Allocation Failure) [PSYoungGen: 411904K->145120K(500736K)] 595496K->430797K(1899008K), 0.0511561 secs] [Times: user=0.30 sys=0.00, real=0.05 secs] 
4506.577: [GC (Allocation Failure) [PSYoungGen: 453344K->106432K(501760K)] 739021K->528781K(1900032K), 0.1576858 secs] [Times: user=0.93 sys=0.00, real=0.16 secs] 
4508.521: [GC (Allocation Failure) [PSYoungGen: 414656K->147456K(500736K)] 837005K->671962K(1899008K), 0.0518591 secs] [Times: user=0.31 sys=0.00, real=0.06 secs] 
4510.602: [GC (Allocation Failure) [PSYoungGen: 458240K->105408K(502784K)] 982746K->768154K(1901056K), 0.1558697 secs] [Times: user=0.93 sys=0.00, real=0.15 secs] 
4511.772: [GC (Allocation Failure) [PSYoungGen: 416192K->151232K(503296K)] 1078938K->915271K(1901568K), 0.0515750 secs] [Times: user=0.30 sys=0.00, real=0.05 secs] 
4514.743: [GC (Allocation Failure) [PSYoungGen: 465088K->105536K(506368K)] 1229127K->1011919K(1904640K), 0.1666592 secs] [Times: user=0.99 sys=0.01, real=0.16 secs] 
4516.872: [GC (Allocation Failure) [PSYoungGen: 419392K->152384K(501760K)] 1325775K->1160132K(1900032K), 0.0526028 secs] [Times: user=0.31 sys=0.00, real=0.05 secs] 
4519.676: [GC (Allocation Failure) [PSYoungGen: 464192K->102784K(505344K)] 1471940K->1253820K(1903616K), 0.1627824 secs] [Times: user=0.97 sys=0.00, real=0.16 secs] 
4521.622: [GC (Allocation Failure) [PSYoungGen: 411099K->149632K(502784K)] 1562136K->1399281K(1901056K), 0.0503947 secs] [Times: user=0.30 sys=0.01, real=0.05 secs] 
4521.673: [Full GC (Ergonomics) [PSYoungGen: 149632K->0K(502784K)] [ParOldGen: 1249649K->196830K(1398272K)] 1399281K->196830K(1901056K), [Metaspace: 60512K->60512K(1105920K)], 0.4602299 secs] [Times: user=2.13 sys=0.00, real=0.46 secs] 
4525.367: [GC (Allocation Failure) [PSYoungGen: 311808K->103488K(505344K)] 508638K->300318K(1903616K), 0.0938400 secs] [Times: user=0.56 sys=0.00, real=0.09 secs] 
4526.676: [GC (Allocation Failure) [PSYoungGen: 413065K->147520K(503296K)] 609896K->444055K(1901568K), 0.0489636 secs] [Times: user=0.29 sys=0.00, real=0.05 secs] 
4529.080: [GC (Allocation Failure) [PSYoungGen: 459840K->105888K(418304K)] 756375K->541359K(1816576K), 0.1549838 secs] [Times: user=0.92 sys=0.00, real=0.16 secs] 
4530.456: [GC (Allocation Failure) [PSYoungGen: 406283K->145600K(503808K)] 841754K->682996K(1902080K), 0.0501416 secs] [Times: user=0.30 sys=0.00, real=0.05 secs] 
4533.174: [GC (Allocation Failure) [PSYoungGen: 459456K->103072K(504832K)] 996852K->777548K(1903104K), 0.1713578 secs] [Times: user=1.02 sys=0.00, real=0.17 secs] 
4535.406: [GC (Allocation Failure) [PSYoungGen: 410617K->148768K(504320K)] 1085094K->921917K(1902592K), 0.0502360 secs] [Times: user=0.29 sys=0.01, real=0.05 secs] 
4538.326: [GC (Allocation Failure) [PSYoungGen: 464160K->106336K(506880K)] 1237309K->1019293K(1905152K), 0.1539281 secs] [Times: user=0.92 sys=0.00, real=0.15 secs] 
4539.339: [GC (Allocation Failure) [PSYoungGen: 405632K->144672K(505856K)] 1318589K->1159973K(1904128K), 0.0505132 secs] [Times: user=0.30 sys=0.00, real=0.05 secs] 
4542.785: [GC (Allocation Failure) [PSYoungGen: 462112K->105216K(506880K)] 1477413K->1256477K(1905152K), 0.1651758 secs] [Times: user=0.98 sys=0.00, real=0.16 secs] 
4544.225: [GC (Allocation Failure) [PSYoungGen: 422656K->155744K(501760K)] 1573917K->1408610K(1900032K), 0.0536982 secs] [Times: user=0.30 sys=0.00, real=0.05 secs] 
4544.279: [Full GC (Ergonomics) [PSYoungGen: 155744K->0K(501760K)] [ParOldGen: 1252866K->206990K(1398272K)] 1408610K->206990K(1900032K), [Metaspace: 60513K->60513K(1105920K)], 0.4528449 secs] [Times: user=2.02 sys=0.00, real=0.46 secs] 
4547.426: [GC (Allocation Failure) [PSYoungGen: 314880K->100960K(506880K)] 521870K->307950K(1905152K), 0.1644257 secs] [Times: user=0.98 sys=0.00, real=0.16 secs] 
4548.114: [GC (Allocation Failure) [PSYoungGen: 415840K->155968K(499200K)] 622830K->454143K(1897472K), 0.0550236 secs] [Times: user=0.32 sys=0.00, real=0.05 secs] 
4550.835: [GC (Allocation Failure) [PSYoungGen: 464704K->94816K(503808K)] 762879K->548779K(1902080K), 0.1741960 secs] [Times: user=1.03 sys=0.00, real=0.17 secs] 
4551.406: [GC (Allocation Failure) [PSYoungGen: 403552K->154464K(496640K)] 857515K->697747K(1894912K), 0.0543910 secs] [Times: user=0.32 sys=0.00, real=0.05 secs] 
4555.611: [GC (Allocation Failure) [PSYoungGen: 457056K->86624K(500736K)] 1000339K->784443K(1899008K), 0.1531277 secs] [Times: user=0.91 sys=0.01, real=0.16 secs] 
4556.672: [GC (Allocation Failure) [PSYoungGen: 389216K->165792K(484352K)] 1087035K->944216K(1882624K), 0.0533119 secs] [Times: user=0.32 sys=0.00, real=0.05 secs] 
4559.872: [GC (Allocation Failure) [PSYoungGen: 452000K->82752K(492544K)] 1230424K->1010456K(1890816K), 0.1584044 secs] [Times: user=0.95 sys=0.00, real=0.15 secs] 
4561.367: [GC (Allocation Failure) [PSYoungGen: 368960K->140736K(488448K)] 1296664K->1147317K(1886720K), 0.0483144 secs] [Times: user=0.28 sys=0.01, real=0.05 secs] 
4563.145: [GC (Allocation Failure) [PSYoungGen: 425471K->94592K(490496K)] 1432053K->1233777K(1888768K), 0.1071401 secs] [Times: user=0.63 sys=0.01, real=0.11 secs] 
4564.601: [GC (Allocation Failure) [PSYoungGen: 380800K->134720K(488960K)] 1519985K->1366166K(1887232K), 0.0490033 secs] [Times: user=0.29 sys=0.00, real=0.05 secs] 
4564.650: [Full GC (Ergonomics) [PSYoungGen: 134720K->0K(488960K)] [ParOldGen: 1231446K->172083K(1398272K)] 1366166K->172083K(1887232K), [Metaspace: 60513K->60513K(1105920K)], 0.3935112 secs] [Times: user=1.68 sys=0.00, real=0.40 secs] 
4567.698: [GC (Allocation Failure) [PSYoungGen: 292864K->100576K(491520K)] 464947K->272659K(1889792K), 0.0358558 secs] [Times: user=0.21 sys=0.00, real=0.04 secs] 
4570.525: [GC (Allocation Failure) [PSYoungGen: 393440K->132384K(494080K)] 565523K->403444K(1892352K), 0.0508911 secs] [Times: user=0.30 sys=0.00, real=0.05 secs] 
4571.713: [GC (Allocation Failure) [PSYoungGen: 437536K->111456K(496640K)] 708596K->505564K(1894912K), 0.0627621 secs] [Times: user=0.37 sys=0.00, real=0.06 secs] 
4574.694: [GC (Allocation Failure) [PSYoungGen: 416608K->135904K(505856K)] 810716K->640041K(1904128K), 0.0528627 secs] [Times: user=0.31 sys=0.00, real=0.05 secs] 
4575.903: [GC (GCLocker Initiated GC) [PSYoungGen: 455392K->115168K(504832K)] 959529K->745605K(1903104K), 0.0643820 secs] [Times: user=0.38 sys=0.00, real=0.06 secs] 
4577.780: [GC (GCLocker Initiated GC) [PSYoungGen: 434656K->147680K(504320K)] 1065097K->891662K(1902592K), 0.0552669 secs] [Times: user=0.32 sys=0.00, real=0.06 secs] 
4579.261: [GC (Allocation Failure) [PSYoungGen: 471264K->112192K(507904K)] 1215248K->994616K(1906176K), 0.0941416 secs] [Times: user=0.56 sys=0.01, real=0.10 secs] 
4581.705: [GC (Allocation Failure) [PSYoungGen: 435776K->151168K(509440K)] 1318200K->1143020K(1907712K), 0.0546405 secs] [Times: user=0.32 sys=0.00, real=0.05 secs] 
4583.930: [GC (Allocation Failure) [PSYoungGen: 480384K->115552K(514048K)] 1472236K->1249485K(1912320K), 0.1779588 secs] [Times: user=1.06 sys=0.00, real=0.18 secs] 
4587.005: [GC (Allocation Failure) [PSYoungGen: 437544K->152064K(508928K)] 1571477K->1398241K(1907200K), 0.1295873 secs] [Times: user=0.77 sys=0.00, real=0.13 secs] 
4587.135: [Full GC (Ergonomics) [PSYoungGen: 152064K->0K(508928K)] [ParOldGen: 1246177K->196449K(1398272K)] 1398241K->196449K(1907200K), [Metaspace: 60513K->60513K(1105920K)], 0.5126136 secs] [Times: user=2.44 sys=0.00, real=0.51 secs] 
4591.356: [GC (Allocation Failure) [PSYoungGen: 328192K->109344K(513536K)] 524641K->305793K(1911808K), 0.0918882 secs] [Times: user=0.53 sys=0.01, real=0.09 secs] 
4592.459: [GC (Allocation Failure) [PSYoungGen: 437536K->159232K(502784K)] 633985K->461310K(1901056K), 0.0526708 secs] [Times: user=0.31 sys=0.00, real=0.06 secs] 
4595.086: [GC (Allocation Failure) [PSYoungGen: 479232K->100288K(509440K)] 781310K->561150K(1907712K), 0.1582965 secs] [Times: user=0.94 sys=0.01, real=0.16 secs] 
4595.532: [GC (Allocation Failure) [PSYoungGen: 420288K->158176K(499200K)] 881150K->713235K(1897472K), 0.0645379 secs] [Times: user=0.37 sys=0.00, real=0.06 secs] 
4598.519: [GC (Allocation Failure) [PSYoungGen: 468960K->93472K(504832K)] 1024019K->806575K(1903104K), 0.0828264 secs] [Times: user=0.49 sys=0.00, real=0.09 secs] 
4599.527: [GC (Allocation Failure) [PSYoungGen: 404256K->154336K(497152K)] 1117359K->955364K(1895424K), 0.1274834 secs] [Times: user=0.76 sys=0.01, real=0.13 secs] 
4602.120: [GC (Allocation Failure) [PSYoungGen: 457952K->94048K(501248K)] 1258980K->1049532K(1899520K), 0.1021610 secs] [Times: user=0.61 sys=0.00, real=0.11 secs] 
4602.890: [GC (Allocation Failure) [PSYoungGen: 397664K->149600K(499200K)] 1353148K->1193469K(1897472K), 0.0870245 secs] [Times: user=0.53 sys=0.00, real=0.09 secs] 
4606.196: [GC (Allocation Failure) [PSYoungGen: 452192K->91264K(500736K)] 1496061K->1284541K(1899008K), 0.1288498 secs] [Times: user=0.77 sys=0.00, real=0.13 secs] 
4606.822: [GC (Allocation Failure) [PSYoungGen: 393856K->167936K(483840K)] 1587133K->1446334K(1882112K), 0.1049938 secs] [Times: user=0.63 sys=0.00, real=0.10 secs] 
4606.927: [Full GC (Ergonomics) [PSYoungGen: 167936K->0K(483840K)] [ParOldGen: 1278398K->229124K(1398272K)] 1446334K->229124K(1882112K), [Metaspace: 60513K->60513K(1105920K)], 0.5535172 secs] [Times: user=2.61 sys=0.00, real=0.55 secs] 
4613.443: [GC (Allocation Failure) [PSYoungGen: 286208K->78624K(365056K)] 515332K->307748K(1763328K), 0.1065450 secs] [Times: user=0.63 sys=0.00, real=0.10 secs] 
4613.975: [GC (Allocation Failure) [PSYoungGen: 364832K->143840K(492544K)] 593956K->445901K(1890816K), 0.0500618 secs] [Times: user=0.30 sys=0.00, real=0.05 secs] 
4616.914: [GC (Allocation Failure) [PSYoungGen: 429024K->81984K(367616K)] 731085K->528061K(1765888K), 0.1555033 secs] [Times: user=0.93 sys=0.00, real=0.15 secs] 
4618.929: [GC (Allocation Failure) [PSYoungGen: 367168K->140320K(492544K)] 813245K->664992K(1890816K), 0.0467169 secs] [Times: user=0.27 sys=0.00, real=0.05 secs] 
4620.358: [GC (Allocation Failure) [PSYoungGen: 427040K->93472K(380416K)] 951712K->750272K(1778688K), 0.0644981 secs] [Times: user=0.38 sys=0.00, real=0.07 secs] 
4622.182: [GC (Allocation Failure) [PSYoungGen: 380192K->144192K(488960K)] 1036992K->891561K(1887232K), 0.0474733 secs] [Times: user=0.28 sys=0.00, real=0.04 secs] 
4624.659: [GC (Allocation Failure) [PSYoungGen: 431936K->99392K(489984K)] 1179305K->973741K(1888256K), 0.0623336 secs] [Times: user=0.37 sys=0.00, real=0.06 secs] 
4627.255: [GC (Allocation Failure) [PSYoungGen: 387136K->129024K(490496K)] 1261485K->1101606K(1888768K), 0.0513260 secs] [Times: user=0.30 sys=0.00, real=0.05 secs] 
4629.519: [GC (Allocation Failure) [PSYoungGen: 427520K->115712K(492032K)] 1400102K->1208298K(1890304K), 0.0626904 secs] [Times: user=0.37 sys=0.00, real=0.06 secs] 
4630.696: [GC (Allocation Failure) [PSYoungGen: 414208K->126880K(500736K)] 1506794K->1335314K(1899008K), 0.0606644 secs] [Times: user=0.35 sys=0.00, real=0.06 secs] 
4634.353: [GC (Allocation Failure) [PSYoungGen: 444832K->384K(500736K)] 1653266K->1208886K(1899008K), 0.0021113 secs] [Times: user=0.01 sys=0.00, real=0.00 secs] 
4634.355: [Full GC (Ergonomics) [PSYoungGen: 384K->0K(500736K)] [ParOldGen: 1208502K->15193K(1398272K)] 1208886K->15193K(1899008K), [Metaspace: 60515K->60515K(1105920K)], 0.0258977 secs] [Times: user=0.06 sys=0.00, real=0.02 secs] 
4636.503: [GC (Allocation Failure) [PSYoungGen: 317952K->134912K(499712K)] 333145K->150105K(1897984K), 0.0271722 secs] [Times: user=0.15 sys=0.00, real=0.02 secs] 
4637.728: [GC (Allocation Failure) [PSYoungGen: 437504K->2272K(305152K)] 452697K->17641K(1703424K), 0.0012722 secs] [Times: user=0.00 sys=0.00, real=0.00 secs] 
4639.639: [GC (Allocation Failure) [PSYoungGen: 304864K->131840K(488960K)] 320233K->148133K(1887232K), 0.0263148 secs] [Times: user=0.15 sys=0.00, real=0.03 secs] 
4640.756: [GC (Allocation Failure) [PSYoungGen: 412928K->115584K(396800K)] 429221K->254245K(1795072K), 0.0623095 secs] [Times: user=0.37 sys=0.00, real=0.06 secs] 
4643.406: [GC (Allocation Failure) [PSYoungGen: 396672K->109952K(492544K)] 535333K->363925K(1890816K), 0.0684899 secs] [Times: user=0.40 sys=0.00, real=0.07 secs] 
4644.563: [GC (Allocation Failure) [PSYoungGen: 399744K->138464K(484864K)] 653717K->491926K(1883136K), 0.0603398 secs] [Times: user=0.36 sys=0.00, real=0.06 secs] 
4647.694: [GC (Allocation Failure) [PSYoungGen: 426856K->93216K(496128K)] 780319K->585078K(1894400K), 0.0873968 secs] [Times: user=0.52 sys=0.00, real=0.08 secs] 
4648.321: [GC (Allocation Failure) [PSYoungGen: 397301K->185632K(491520K)] 889163K->764555K(1889792K), 0.0593160 secs] [Times: user=0.36 sys=0.00, real=0.06 secs] 
4652.803: [GC (Allocation Failure) [PSYoungGen: 491296K->92352K(492544K)] 1070219K->822299K(1890816K), 0.0977173 secs] [Times: user=0.58 sys=0.00, real=0.09 secs] 
4653.165: [GC (Allocation Failure) [PSYoungGen: 377536K->143424K(429056K)] 1107483K->960000K(1827328K), 0.0581327 secs] [Times: user=0.35 sys=0.00, real=0.06 secs] 
4657.690: [GC (Allocation Failure) [PSYoungGen: 428608K->79264K(493568K)] 1245184K->1039408K(1891840K), 0.1159026 secs] [Times: user=0.69 sys=0.00, real=0.12 secs] 
4658.091: [GC (Allocation Failure) [PSYoungGen: 364448K->142048K(490496K)] 1324592K->1175589K(1888768K), 0.0523074 secs] [Times: user=0.31 sys=0.01, real=0.06 secs] 
4661.783: [GC (Allocation Failure) [PSYoungGen: 427232K->80384K(488448K)] 1460773K->1255669K(1886720K), 0.1611390 secs] [Times: user=0.95 sys=0.00, real=0.16 secs] 
4662.894: [GC (Allocation Failure) [PSYoungGen: 363135K->138080K(489984K)] 1538420K->1389294K(1888256K), 0.0469131 secs] [Times: user=0.27 sys=0.01, real=0.04 secs] 
4662.941: [Full GC (Ergonomics) [PSYoungGen: 138080K->0K(489984K)] [ParOldGen: 1251214K->196635K(1398272K)] 1389294K->196635K(1888256K), [Metaspace: 60515K->60515K(1105920K)], 0.4668796 secs] [Times: user=2.17 sys=0.00, real=0.47 secs] 
4665.198: [GC (Allocation Failure) [PSYoungGen: 286208K->93792K(484864K)] 482843K->290427K(1883136K), 0.0865661 secs] [Times: user=0.51 sys=0.01, real=0.09 secs] 
4666.610: [GC (Allocation Failure) [PSYoungGen: 384096K->140960K(489472K)] 580731K->427548K(1887744K), 0.0464363 secs] [Times: user=0.28 sys=0.00, real=0.05 secs] 
4668.481: [GC (Allocation Failure) [PSYoungGen: 431264K->97792K(490496K)] 717852K->516536K(1888768K), 0.0642215 secs] [Times: user=0.39 sys=0.00, real=0.07 secs] 
4670.129: [GC (Allocation Failure) [PSYoungGen: 396288K->141696K(494080K)] 815032K->655645K(1892352K), 0.0496062 secs] [Times: user=0.29 sys=0.00, real=0.05 secs] 
4671.622: [GC (Allocation Failure) [PSYoungGen: 440192K->104448K(493056K)] 954141K->751069K(1891328K), 0.0676087 secs] [Times: user=0.40 sys=0.00, real=0.06 secs] 
4673.853: [GC (Allocation Failure) [PSYoungGen: 410112K->143072K(497152K)] 1056733K->892726K(1895424K), 0.0519718 secs] [Times: user=0.30 sys=0.00, real=0.05 secs] 
4675.341: [GC (Allocation Failure) [PSYoungGen: 448736K->103936K(499200K)] 1198390K->988150K(1897472K), 0.0636562 secs] [Times: user=0.38 sys=0.01, real=0.07 secs] 
4678.909: [GC (Allocation Failure) [PSYoungGen: 416768K->144032K(501760K)] 1300982K->1130039K(1900032K), 0.0518257 secs] [Times: user=0.30 sys=0.00, real=0.05 secs] 
4680.388: [GC (Allocation Failure) [PSYoungGen: 456864K->110112K(501760K)] 1442871K->1230675K(1900032K), 0.0973705 secs] [Times: user=0.58 sys=0.00, real=0.10 secs] 
4683.505: [GC (Allocation Failure) [PSYoungGen: 428064K->148448K(504320K)] 1548627K->1376552K(1902592K), 0.0536620 secs] [Times: user=0.32 sys=0.00, real=0.05 secs] 
4683.558: [Full GC (Ergonomics) [PSYoungGen: 148448K->0K(504320K)] [ParOldGen: 1228104K->174167K(1398272K)] 1376552K->174167K(1902592K), [Metaspace: 60515K->60515K(1105920K)], 0.4053432 secs] [Times: user=1.88 sys=0.00, real=0.41 secs] 
4686.086: [GC (Allocation Failure) [PSYoungGen: 317952K->110912K(506368K)] 492119K->285079K(1904640K), 0.1107041 secs] [Times: user=0.66 sys=0.00, real=0.11 secs] 
4688.424: [GC (Allocation Failure) [PSYoungGen: 432960K->150816K(507392K)] 607127K->433300K(1905664K), 0.0545168 secs] [Times: user=0.32 sys=0.00, real=0.05 secs] 
4691.134: [GC (Allocation Failure) [PSYoungGen: 472864K->111392K(508928K)] 755348K->535320K(1907200K), 0.1503032 secs] [Times: user=0.90 sys=0.00, real=0.15 secs] 
4692.457: [GC (Allocation Failure) [PSYoungGen: 424990K->150976K(508416K)] 848918K->682409K(1906688K), 0.0535465 secs] [Times: user=0.31 sys=0.00, real=0.05 secs] 
4695.444: [GC (Allocation Failure) [PSYoungGen: 473536K->109408K(509440K)] 1004969K->782969K(1907712K), 0.1676050 secs] [Times: user=1.00 sys=0.00, real=0.16 secs] 
4696.873: [GC (Allocation Failure) [PSYoungGen: 431968K->186336K(508928K)] 1105529K->984062K(1907200K), 0.0620164 secs] [Times: user=0.37 sys=0.00, real=0.06 secs] 
4700.620: [GC (Allocation Failure) [PSYoungGen: 508896K->98176K(422912K)] 1306622K->1032494K(1821184K), 0.1618183 secs] [Times: user=0.97 sys=0.00, real=0.17 secs] 
4701.154: [GC (Allocation Failure) [PSYoungGen: 331136K->118048K(465920K)] 1265454K->1145111K(1864192K), 0.0475124 secs] [Times: user=0.28 sys=0.00, real=0.05 secs] 
4702.357: [GC (Allocation Failure) [PSYoungGen: 351008K->80640K(465920K)] 1378071K->1217583K(1864192K), 0.0565370 secs] [Times: user=0.33 sys=0.00, real=0.06 secs] 
4704.119: [GC (Allocation Failure) [PSYoungGen: 313600K->122976K(356352K)] 1450543K->1339348K(1754624K), 0.0613258 secs] [Times: user=0.36 sys=0.01, real=0.06 secs] 
4704.363: [GC (Allocation Failure) [PSYoungGen: 355936K->120736K(470016K)] 1572308K->1425848K(1868288K), 0.0518589 secs] [Times: user=0.30 sys=0.00, real=0.05 secs] 
4704.415: [Full GC (Ergonomics) [PSYoungGen: 120736K->0K(470016K)] [ParOldGen: 1305112K->224465K(1398272K)] 1425848K->224465K(1868288K), [Metaspace: 60515K->60515K(1105920K)], 0.5156261 secs] [Times: user=2.38 sys=0.00, real=0.51 secs] 
4707.428: [GC (Allocation Failure) [PSYoungGen: 241664K->64576K(461312K)] 466129K->289041K(1859584K), 0.1080749 secs] [Times: user=0.64 sys=0.00, real=0.11 secs] 
4708.687: [GC (Allocation Failure) [PSYoungGen: 306240K->117056K(467456K)] 530705K->402626K(1865728K), 0.0379601 secs] [Times: user=0.21 sys=0.00, real=0.04 secs] 
4710.003: [GC (Allocation Failure) [PSYoungGen: 374592K->97504K(470016K)] 660162K->491326K(1868288K), 0.0562005 secs] [Times: user=0.34 sys=0.00, real=0.05 secs] 
4712.587: [GC (Allocation Failure) [PSYoungGen: 355040K->109984K(474112K)] 748862K->601178K(1872384K), 0.0718393 secs] [Times: user=0.42 sys=0.00, real=0.07 secs] 
4712.888: [GC (Allocation Failure) [PSYoungGen: 388512K->160032K(479232K)] 879706K->743259K(1877504K), 0.0572867 secs] [Times: user=0.34 sys=0.00, real=0.06 secs] 
4715.562: [GC (Allocation Failure) [PSYoungGen: 438560K->80640K(492544K)] 1021787K->807371K(1890816K), 0.1209062 secs] [Times: user=0.72 sys=0.00, real=0.12 secs] 
4715.974: [GC (Allocation Failure) [PSYoungGen: 365312K->143072K(491008K)] 1092043K->944792K(1889280K), 0.0520457 secs] [Times: user=0.31 sys=0.00, real=0.05 secs] 
4717.857: [GC (Allocation Failure) [PSYoungGen: 427744K->84736K(488448K)] 1229464K->1029604K(1886720K), 0.1294591 secs] [Times: user=0.77 sys=0.00, real=0.13 secs] 
4718.276: [GC (Allocation Failure) [PSYoungGen: 370432K->142240K(489984K)] 1315300K->1166121K(1888256K), 0.0509660 secs] [Times: user=0.31 sys=0.00, real=0.05 secs] 
4720.440: [GC (Allocation Failure) [PSYoungGen: 427936K->85152K(489984K)] 1451817K->1250793K(1888256K), 0.1208398 secs] [Times: user=0.73 sys=0.00, real=0.12 secs] 
4723.347: [GC (Allocation Failure) [PSYoungGen: 374944K->137696K(492032K)] 1540585K->1384670K(1890304K), 0.1293411 secs] [Times: user=0.77 sys=0.00, real=0.13 secs] 
4723.476: [Full GC (Ergonomics) [PSYoungGen: 137696K->0K(492032K)] [ParOldGen: 1246974K->192222K(1398272K)] 1384670K->192222K(1890304K), [Metaspace: 60515K->60515K(1105920K)], 0.5058273 secs] [Times: user=2.40 sys=0.00, real=0.51 secs] 
4727.620: [GC (Allocation Failure) [PSYoungGen: 289792K->91360K(488960K)] 482014K->283582K(1887232K), 0.0559689 secs] [Times: user=0.33 sys=0.00, real=0.06 secs] 
4729.062: [GC (Allocation Failure) [PSYoungGen: 386272K->138784K(493056K)] 578494K->419949K(1891328K), 0.0466231 secs] [Times: user=0.28 sys=0.00, real=0.04 secs] 
4730.812: [GC (Allocation Failure) [PSYoungGen: 433696K->101856K(490496K)] 714861K->512669K(1888768K), 0.0669541 secs] [Times: user=0.39 sys=0.00, real=0.06 secs] 
4732.685: [GC (Allocation Failure) [PSYoungGen: 404448K->142048K(495616K)] 815261K->653002K(1893888K), 0.0513649 secs] [Times: user=0.30 sys=0.01, real=0.05 secs] 
4734.847: [GC (Allocation Failure) [PSYoungGen: 444640K->104032K(497664K)] 955594K->747958K(1895936K), 0.0916708 secs] [Times: user=0.54 sys=0.00, real=0.09 secs] 
4736.420: [GC (Allocation Failure) [PSYoungGen: 414816K->147744K(500736K)] 1058742K->894095K(1899008K), 0.0522906 secs] [Times: user=0.31 sys=0.00, real=0.06 secs] 
4738.586: [GC (Allocation Failure) [PSYoungGen: 458528K->106688K(502784K)] 1204879K->992215K(1901056K), 0.0658040 secs] [Times: user=0.39 sys=0.00, real=0.07 secs] 
4739.911: [GC (Allocation Failure) [PSYoungGen: 421568K->149984K(503808K)] 1307095K->1140272K(1902080K), 0.0539567 secs] [Times: user=0.32 sys=0.00, real=0.06 secs] 
4744.055: [GC (Allocation Failure) [PSYoungGen: 464864K->106208K(505344K)] 1455152K->1237784K(1903616K), 0.0998573 secs] [Times: user=0.59 sys=0.01, real=0.10 secs] 
4745.834: [GC (Allocation Failure) [PSYoungGen: 422624K->151136K(505344K)] 1554200K->1385788K(1903616K), 0.0532302 secs] [Times: user=0.31 sys=0.00, real=0.05 secs] 
4745.887: [Full GC (Ergonomics) [PSYoungGen: 151136K->0K(505344K)] [ParOldGen: 1234652K->184139K(1398272K)] 1385788K->184139K(1903616K), [Metaspace: 60518K->60518K(1105920K)], 0.4277760 secs] [Times: user=1.98 sys=0.00, real=0.43 secs] 
4747.938: [GC (GCLocker Initiated GC) [PSYoungGen: 316416K->107712K(505856K)] 500555K->291851K(1904128K), 0.0542948 secs] [Times: user=0.32 sys=0.01, real=0.06 secs] 
4748.608: [GC (Allocation Failure) [PSYoungGen: 423616K->155744K(472064K)] 607803K->444060K(1870336K), 0.0535781 secs] [Times: user=0.31 sys=0.00, real=0.06 secs] 
4751.834: [GC (Allocation Failure) [PSYoungGen: 471648K->104032K(507392K)] 759964K->539800K(1905664K), 0.1724564 secs] [Times: user=1.03 sys=0.00, real=0.17 secs] 
4753.335: [GC (Allocation Failure) [PSYoungGen: 408213K->147456K(503808K)] 843981K->683105K(1902080K), 0.0495788 secs] [Times: user=0.29 sys=0.00, real=0.05 secs] 
4756.265: [GC (Allocation Failure) [PSYoungGen: 459776K->103264K(503808K)] 995425K->778237K(1902080K), 0.1651371 secs] [Times: user=0.98 sys=0.01, real=0.16 secs] 
4757.685: [GC (Allocation Failure) [PSYoungGen: 409751K->148064K(504320K)] 1084725K->922406K(1902592K), 0.0503803 secs] [Times: user=0.29 sys=0.01, real=0.05 secs] 
4761.082: [GC (Allocation Failure) [PSYoungGen: 461408K->99808K(505856K)] 1235750K->1013690K(1904128K), 0.1668085 secs] [Times: user=0.99 sys=0.00, real=0.16 secs] 
4762.356: [GC (Allocation Failure) [PSYoungGen: 406775K->151136K(466432K)] 1320658K->1160831K(1864704K), 0.0495450 secs] [Times: user=0.30 sys=0.00, real=0.05 secs] 
4764.920: [GC (Allocation Failure) [PSYoungGen: 466016K->103968K(507392K)] 1475711K->1256431K(1905664K), 0.1678721 secs] [Times: user=1.01 sys=0.00, real=0.17 secs] 
4766.764: [GC (Allocation Failure) [PSYoungGen: 411937K->147904K(504320K)] 1564400K->1399864K(1902592K), 0.0502370 secs] [Times: user=0.30 sys=0.00, real=0.05 secs] 
4766.815: [Full GC (Ergonomics) [PSYoungGen: 147904K->0K(504320K)] [ParOldGen: 1251960K->196890K(1398272K)] 1399864K->196890K(1902592K), [Metaspace: 60518K->60518K(1105920K)], 0.4608544 secs] [Times: user=2.13 sys=0.00, real=0.46 secs] 
4770.066: [GC (Allocation Failure) [PSYoungGen: 312832K->104288K(503296K)] 509722K->301178K(1901568K), 0.0941053 secs] [Times: user=0.56 sys=0.00, real=0.09 secs] 
4770.966: [GC (Allocation Failure) [PSYoungGen: 413429K->146912K(504320K)] 610319K->444523K(1902592K), 0.0496432 secs] [Times: user=0.30 sys=0.00, real=0.05 secs] 
4773.470: [GC (Allocation Failure) [PSYoungGen: 460768K->109568K(503296K)] 758379K->545387K(1901568K), 0.1311634 secs] [Times: user=0.78 sys=0.00, real=0.13 secs] 
4774.696: [GC (Allocation Failure) [PSYoungGen: 425472K->151136K(504832K)] 861291K->692764K(1903104K), 0.0524636 secs] [Times: user=0.31 sys=0.00, real=0.05 secs] 
4777.897: [GC (Allocation Failure) [PSYoungGen: 467040K->98464K(508416K)] 1008668K->790536K(1906688K), 0.1673396 secs] [Times: user=1.00 sys=0.00, real=0.17 secs] 
4778.976: [GC (Allocation Failure) [PSYoungGen: 414880K->156672K(473600K)] 1106952K->941126K(1871872K), 0.0563675 secs] [Times: user=0.34 sys=0.00, real=0.06 secs] 
4781.850: [GC (Allocation Failure) [PSYoungGen: 473088K->97696K(504832K)] 1257542K->1038430K(1903104K), 0.1249668 secs] [Times: user=0.75 sys=0.00, real=0.13 secs] 
4782.276: [GC (Allocation Failure) [PSYoungGen: 406432K->153408K(462336K)] 1347166K->1186039K(1860608K), 0.0551517 secs] [Times: user=0.33 sys=0.00, real=0.05 secs] 
4786.422: [GC (Allocation Failure) [PSYoungGen: 462144K->89696K(501760K)] 1494775K->1275439K(1900032K), 0.1335188 secs] [Times: user=0.80 sys=0.00, real=0.13 secs] 
4787.011: [GC (Allocation Failure) [PSYoungGen: 393312K->152320K(456192K)] 1579055K->1421780K(1854464K), 0.0542772 secs] [Times: user=0.33 sys=0.00, real=0.06 secs] 
4787.066: [Full GC (Ergonomics) [PSYoungGen: 152320K->0K(456192K)] [ParOldGen: 1269460K->220157K(1398272K)] 1421780K->220157K(1854464K), [Metaspace: 60518K->60518K(1105920K)], 0.5089099 secs] [Times: user=2.37 sys=0.00, real=0.51 secs] 
4790.513: [GC (Allocation Failure) [PSYoungGen: 303616K->89152K(499200K)] 523773K->309309K(1897472K), 0.1142469 secs] [Times: user=0.68 sys=0.00, real=0.11 secs] 
4790.961: [GC (Allocation Failure) [PSYoungGen: 387648K->148448K(446976K)] 607805K->451974K(1845248K), 0.0526854 secs] [Times: user=0.31 sys=0.00, real=0.06 secs] 
4794.235: [GC (Allocation Failure) [PSYoungGen: 445338K->88512K(498688K)] 748865K->540270K(1896960K), 0.1453709 secs] [Times: user=0.86 sys=0.00, real=0.14 secs] 
4795.058: [GC (Allocation Failure) [PSYoungGen: 370102K->137792K(435712K)] 821861K->674099K(1833984K), 0.0489173 secs] [Times: user=0.29 sys=0.00, real=0.05 secs] 
4797.688: [GC (Allocation Failure) [PSYoungGen: 435264K->97472K(498688K)] 971571K->763387K(1896960K), 0.1690539 secs] [Times: user=1.01 sys=0.00, real=0.17 secs] 
4799.278: [GC (Allocation Failure) [PSYoungGen: 398016K->144608K(495616K)] 1063931K->903984K(1893888K), 0.0480246 secs] [Times: user=0.29 sys=0.00, real=0.05 secs] 
4801.165: [GC (Allocation Failure) [PSYoungGen: 445152K->103648K(497152K)] 1204528K->998904K(1895424K), 0.1408091 secs] [Times: user=0.83 sys=0.01, real=0.14 secs] 
4803.169: [GC (Allocation Failure) [PSYoungGen: 410848K->148032K(499712K)] 1306104K->1143097K(1897984K), 0.0523241 secs] [Times: user=0.31 sys=0.00, real=0.05 secs] 
4805.412: [GC (Allocation Failure) [PSYoungGen: 455232K->103934K(501248K)] 1450297K->1237844K(1899520K), 0.1612337 secs] [Times: user=0.96 sys=0.00, real=0.16 secs] 
4807.474: [GC (Allocation Failure) [PSYoungGen: 414718K->146624K(502272K)] 1548628K->1380962K(1900544K), 0.0525868 secs] [Times: user=0.30 sys=0.01, real=0.05 secs] 
4807.527: [Full GC (Ergonomics) [PSYoungGen: 146624K->0K(502272K)] [ParOldGen: 1234338K->186992K(1398272K)] 1380962K->186992K(1900544K), [Metaspace: 60518K->59611K(1105920K)], 0.4285766 secs] [Times: user=1.94 sys=0.00, real=0.43 secs] 
4810.141: [GC (Allocation Failure) [PSYoungGen: 310784K->105824K(501760K)] 497776K->292816K(1900032K), 0.0903259 secs] [Times: user=0.53 sys=0.00, real=0.10 secs] 
4812.707: [GC (Allocation Failure) [PSYoungGen: 419168K->158208K(472064K)] 606160K->447016K(1870336K), 0.0516136 secs] [Times: user=0.31 sys=0.00, real=0.05 secs] 
4814.628: [GC (GCLocker Initiated GC) [PSYoungGen: 471552K->105344K(505856K)] 760361K->535377K(1904128K), 0.1629720 secs] [Times: user=0.96 sys=0.01, real=0.16 secs] 
4815.502: [GC (Allocation Failure) [PSYoungGen: 414592K->150720K(502272K)] 844627K->682173K(1900544K), 0.0520023 secs] [Times: user=0.31 sys=0.00, real=0.05 secs] 
4818.921: [GC (Allocation Failure) [PSYoungGen: 459968K->100896K(503296K)] 991421K->774413K(1901568K), 0.1587580 secs] [Times: user=0.94 sys=0.01, real=0.16 secs] 
4820.975: [GC (Allocation Failure) [PSYoungGen: 410144K->158432K(467968K)] 1083661K->928324K(1866240K), 0.0544954 secs] [Times: user=0.29 sys=0.00, real=0.05 secs] 
4823.101: [GC (Allocation Failure) [PSYoungGen: 467680K->103520K(502784K)] 1237572K->1014680K(1901056K), 0.1557025 secs] [Times: user=0.92 sys=0.00, real=0.16 secs] 
4823.806: [GC (Allocation Failure) [PSYoungGen: 407136K->148960K(499712K)] 1318296K->1159717K(1897984K), 0.0504567 secs] [Times: user=0.30 sys=0.00, real=0.05 secs] 
4826.050: [GC (Allocation Failure) [PSYoungGen: 452576K->102368K(498688K)] 1463333K->1253841K(1896960K), 0.1620593 secs] [Times: user=0.96 sys=0.01, real=0.17 secs] 
4827.113: [GC (Allocation Failure) [PSYoungGen: 407008K->146560K(499712K)] 1558481K->1396730K(1897984K), 0.0505967 secs] [Times: user=0.29 sys=0.00, real=0.05 secs] 
4827.164: [Full GC (Ergonomics) [PSYoungGen: 146560K->0K(499712K)] [ParOldGen: 1250170K->194852K(1398272K)] 1396730K->194852K(1897984K), [Metaspace: 59611K->59611K(1105920K)], 0.4632132 secs] [Times: user=2.15 sys=0.00, real=0.46 secs] 
4830.611: [GC (Allocation Failure) [PSYoungGen: 304640K->102240K(499712K)] 499492K->297092K(1897984K), 0.0921975 secs] [Times: user=0.55 sys=0.00, real=0.10 secs] 
4832.366: [GC (Allocation Failure) [PSYoungGen: 409952K->147744K(501248K)] 604804K->441296K(1899520K), 0.0489486 secs] [Times: user=0.29 sys=0.00, real=0.05 secs] 
4834.607: [GC (Allocation Failure) [PSYoungGen: 455456K->103264K(501760K)] 749008K->536220K(1900032K), 0.1758906 secs] [Times: user=1.05 sys=0.01, real=0.18 secs] 
4836.535: [GC (Allocation Failure) [PSYoungGen: 413536K->150080K(502784K)] 846492K->682317K(1901056K), 0.0505681 secs] [Times: user=0.30 sys=0.00, real=0.05 secs] 
4838.821: [GC (Allocation Failure) [PSYoungGen: 460352K->105600K(502784K)] 992589K->779245K(1901056K), 0.1585997 secs] [Times: user=0.94 sys=0.01, real=0.16 secs] 
4840.001: [GC (Allocation Failure) [PSYoungGen: 411795K->146848K(503296K)] 1085440K->922113K(1901568K), 0.0506569 secs] [Times: user=0.29 sys=0.00, real=0.06 secs] 
4843.586: [GC (Allocation Failure) [PSYoungGen: 458144K->99648K(504320K)] 1233409K->1012830K(1902592K), 0.1538072 secs] [Times: user=0.90 sys=0.00, real=0.15 secs] 
4845.317: [GC (Allocation Failure) [PSYoungGen: 412992K->151328K(464896K)] 1326174K->1159886K(1863168K), 0.0505154 secs] [Times: user=0.30 sys=0.00, real=0.05 secs] 
4847.615: [GC (Allocation Failure) [PSYoungGen: 464672K->109280K(507904K)] 1473230K->1260198K(1906176K), 0.1603527 secs] [Times: user=0.96 sys=0.00, real=0.16 secs] 
4848.390: [GC (Allocation Failure) [PSYoungGen: 422624K->167424K(481280K)] 1573542K->1424051K(1879552K), 0.0543832 secs] [Times: user=0.32 sys=0.00, real=0.06 secs] 
4848.444: [Full GC (Ergonomics) [PSYoungGen: 167424K->0K(481280K)] [ParOldGen: 1256627K->205982K(1398272K)] 1424051K->205982K(1879552K), [Metaspace: 59611K->59611K(1105920K)], 0.4669911 secs] [Times: user=2.17 sys=0.00, real=0.46 secs] 
4851.651: [GC (Allocation Failure) [PSYoungGen: 313344K->102304K(501248K)] 519326K->308286K(1899520K), 0.1295708 secs] [Times: user=0.73 sys=0.00, real=0.13 secs] 
4852.506: [GC (Allocation Failure) [PSYoungGen: 403360K->148928K(498688K)] 609342K->447151K(1896960K), 0.0533268 secs] [Times: user=0.31 sys=0.00, real=0.05 secs] 
4855.722: [GC (Allocation Failure) [PSYoungGen: 449984K->91904K(500224K)] 748207K->538491K(1898496K), 0.1651517 secs] [Times: user=0.98 sys=0.00, real=0.16 secs] 
4856.510: [GC (Allocation Failure) [PSYoungGen: 383839K->140544K(442368K)] 830426K->675191K(1840640K), 0.0483117 secs] [Times: user=0.29 sys=0.00, real=0.05 secs] 
4859.850: [GC (Allocation Failure) [PSYoungGen: 442112K->97600K(500736K)] 976759K->763800K(1899008K), 0.1434004 secs] [Times: user=0.85 sys=0.00, real=0.15 secs] 
4861.407: [GC (Allocation Failure) [PSYoungGen: 401728K->148192K(498688K)] 1067928K->907560K(1896960K), 0.0480056 secs] [Times: user=0.29 sys=0.00, real=0.05 secs] 
4863.438: [GC (Allocation Failure) [PSYoungGen: 452320K->103072K(500224K)] 1211688K->1001956K(1898496K), 0.1691584 secs] [Times: user=1.01 sys=0.01, real=0.17 secs] 
4865.385: [GC (GCLocker Initiated GC) [PSYoungGen: 410784K->143808K(501248K)] 1309671K->1142006K(1899520K), 0.0507444 secs] [Times: user=0.29 sys=0.00, real=0.05 secs] 
4867.173: [GC (Allocation Failure) [PSYoungGen: 451520K->105440K(498688K)] 1449719K->1238175K(1896960K), 0.1259054 secs] [Times: user=0.74 sys=0.01, real=0.12 secs] 
4868.779: [GC (Allocation Failure) [PSYoungGen: 416736K->151104K(501760K)] 1549471K->1385460K(1900032K), 0.0527689 secs] [Times: user=0.31 sys=0.01, real=0.06 secs] 
4868.832: [Full GC (Ergonomics) [PSYoungGen: 151104K->0K(501760K)] [ParOldGen: 1234356K->192115K(1398272K)] 1385460K->192115K(1900032K), [Metaspace: 59611K->59611K(1105920K)], 0.4481233 secs] [Times: user=2.07 sys=0.00, real=0.44 secs] 
4871.757: [GC (Allocation Failure) [PSYoungGen: 311296K->105536K(505344K)] 503411K->297651K(1903616K), 0.0990936 secs] [Times: user=0.59 sys=0.00, real=0.10 secs] 
4873.764: [GC (Allocation Failure) [PSYoungGen: 419392K->151104K(504832K)] 611507K->444004K(1903104K), 0.0509245 secs] [Times: user=0.29 sys=0.01, real=0.05 secs] 
4877.038: [GC (Allocation Failure) [PSYoungGen: 464960K->107488K(504832K)] 757860K->542380K(1903104K), 0.1703101 secs] [Times: user=1.01 sys=0.00, real=0.17 secs] 
4878.136: [GC (Allocation Failure) [PSYoungGen: 408413K->146432K(504832K)] 843305K->683101K(1903104K), 0.0504894 secs] [Times: user=0.30 sys=0.01, real=0.05 secs] 
4880.983: [GC (Allocation Failure) [PSYoungGen: 460288K->103520K(504832K)] 996957K->777949K(1903104K), 0.1261416 secs] [Times: user=0.75 sys=0.00, real=0.12 secs] 
4881.907: [GC (Allocation Failure) [PSYoungGen: 407035K->147776K(505856K)] 1081464K->922426K(1904128K), 0.0497374 secs] [Times: user=0.30 sys=0.00, real=0.05 secs] 
4884.396: [GC (Allocation Failure) [PSYoungGen: 463680K->107104K(505344K)] 1238330K->1021450K(1903616K), 0.1705923 secs] [Times: user=1.02 sys=0.01, real=0.17 secs] 
4885.235: [GC (Allocation Failure) [PSYoungGen: 424544K->154368K(472064K)] 1338890K->1171603K(1870336K), 0.0529042 secs] [Times: user=0.31 sys=0.00, real=0.05 secs] 
4888.895: [GC (Allocation Failure) [PSYoungGen: 468367K->95232K(506368K)] 1485603K->1266407K(1904640K), 0.1713788 secs] [Times: user=1.02 sys=0.01, real=0.17 secs] 
4890.452: [GC (Allocation Failure) [PSYoungGen: 408576K->153344K(466944K)] 1579751K->1415340K(1865216K), 0.0554206 secs] [Times: user=0.33 sys=0.00, real=0.05 secs] 
4890.507: [Full GC (Ergonomics) [PSYoungGen: 153344K->0K(466944K)] [ParOldGen: 1261996K->211831K(1398272K)] 1415340K->211831K(1865216K), [Metaspace: 59611K->59611K(1105920K)], 0.4913575 secs] [Times: user=2.30 sys=0.00, real=0.49 secs] 
4894.637: [GC (Allocation Failure) [PSYoungGen: 313344K->94272K(503808K)] 525175K->306103K(1902080K), 0.1370279 secs] [Times: user=0.82 sys=0.00, real=0.14 secs] 
4895.579: [GC (Allocation Failure) [PSYoungGen: 401984K->152512K(460288K)] 613815K->452748K(1858560K), 0.0534334 secs] [Times: user=0.31 sys=0.00, real=0.06 secs] 
4898.736: [GC (Allocation Failure) [PSYoungGen: 460224K->93728K(501760K)] 760460K->546232K(1900032K), 0.1187976 secs] [Times: user=0.70 sys=0.00, real=0.12 secs] 
4899.118: [GC (Allocation Failure) [PSYoungGen: 397344K->152416K(456192K)] 849848K->692961K(1854464K), 0.0542376 secs] [Times: user=0.33 sys=0.00, real=0.06 secs] 
4902.301: [GC (Allocation Failure) [PSYoungGen: 456032K->92160K(500224K)] 996577K->785233K(1898496K), 0.1541221 secs] [Times: user=0.92 sys=0.00, real=0.16 secs] 
4903.129: [GC (Allocation Failure) [PSYoungGen: 392192K->148192K(448512K)] 1085265K->923458K(1846784K), 0.0519150 secs] [Times: user=0.31 sys=0.00, real=0.05 secs] 
4904.901: [GC (Allocation Failure) [PSYoungGen: 448224K->92448K(500224K)] 1223490K->1015530K(1898496K), 0.1467061 secs] [Times: user=0.83 sys=0.00, real=0.15 secs] 
4906.270: [GC (Allocation Failure) [PSYoungGen: 383948K->140672K(440320K)] 1307030K->1152435K(1838592K), 0.0545403 secs] [Times: user=0.32 sys=0.00, real=0.06 secs] 
4908.742: [GC (Allocation Failure) [PSYoungGen: 440192K->99616K(500224K)] 1451955K->1243251K(1898496K), 0.1556866 secs] [Times: user=0.92 sys=0.01, real=0.15 secs] 
4910.626: [GC (Allocation Failure) [PSYoungGen: 402208K->143872K(497152K)] 1545843K->1383052K(1895424K), 0.0514916 secs] [Times: user=0.31 sys=0.00, real=0.05 secs] 
4910.678: [Full GC (Ergonomics) [PSYoungGen: 143872K->0K(497152K)] [ParOldGen: 1239180K->188343K(1398272K)] 1383052K->188343K(1895424K), [Metaspace: 59611K->59611K(1105920K)], 0.4724744 secs] [Times: user=2.18 sys=0.00, real=0.47 secs] 
4913.728: [GC (Allocation Failure) [PSYoungGen: 302592K->101824K(499200K)] 490935K->290167K(1897472K), 0.1011913 secs] [Times: user=0.59 sys=0.01, real=0.10 secs] 
4915.579: [GC (Allocation Failure) [PSYoungGen: 410560K->150400K(500736K)] 598903K->436848K(1899008K), 0.0498776 secs] [Times: user=0.30 sys=0.00, real=0.05 secs] 
4917.625: [GC (Allocation Failure) [PSYoungGen: 459136K->102624K(503808K)] 745584K->531016K(1902080K), 0.1625331 secs] [Times: user=0.97 sys=0.01, real=0.16 secs] 
4919.557: [GC (Allocation Failure) [PSYoungGen: 413408K->152736K(463872K)] 841800K->679433K(1862144K), 0.0505739 secs] [Times: user=0.30 sys=0.00, real=0.05 secs] 
4922.020: [GC (Allocation Failure) [PSYoungGen: 463520K->102432K(505344K)] 990217K->773301K(1903616K), 0.1490979 secs] [Times: user=0.89 sys=0.00, real=0.15 secs] 
4924.175: [GC (Allocation Failure) [PSYoungGen: 411168K->150208K(502272K)] 1082037K->919426K(1900544K), 0.0510141 secs] [Times: user=0.30 sys=0.00, real=0.05 secs] 
4926.799: [GC (Allocation Failure) [PSYoungGen: 458944K->103296K(502272K)] 1228162K->1013922K(1900544K), 0.1279122 secs] [Times: user=0.76 sys=0.00, real=0.13 secs] 
4927.876: [GC (Allocation Failure) [PSYoungGen: 411863K->149504K(502272K)] 1322489K->1160251K(1900544K), 0.0631076 secs] [Times: user=0.37 sys=0.00, real=0.06 secs] 
4931.260: [GC (Allocation Failure) [PSYoungGen: 458240K->100256K(502784K)] 1468987K->1252443K(1901056K), 0.1703314 secs] [Times: user=1.02 sys=0.00, real=0.17 secs] 
4932.480: [GC (Allocation Failure) [PSYoungGen: 409504K->150432K(459776K)] 1561691K->1399216K(1858048K), 0.0507657 secs] [Times: user=0.30 sys=0.00, real=0.05 secs] 
4932.531: [Full GC (Ergonomics) [PSYoungGen: 150432K->0K(459776K)] [ParOldGen: 1248784K->195757K(1398272K)] 1399216K->195757K(1858048K), [Metaspace: 59614K->59614K(1105920K)], 0.4531447 secs] [Times: user=2.08 sys=0.00, real=0.46 secs] 
4935.518: [GC (Allocation Failure) [PSYoungGen: 309248K->103264K(505344K)] 505005K->299021K(1903616K), 0.0973985 secs] [Times: user=0.58 sys=0.00, real=0.10 secs] 
4936.886: [GC (Allocation Failure) [PSYoungGen: 412000K->147648K(502272K)] 607757K->442690K(1900544K), 0.0493151 secs] [Times: user=0.29 sys=0.00, real=0.05 secs] 
4938.969: [GC (Allocation Failure) [PSYoungGen: 456384K->102528K(501760K)] 751426K->536914K(1900032K), 0.1615757 secs] [Times: user=0.97 sys=0.00, real=0.16 secs] 
4940.739: [GC (Allocation Failure) [PSYoungGen: 409613K->149280K(502784K)] 844000K->681689K(1901056K), 0.0497042 secs] [Times: user=0.29 sys=0.00, real=0.05 secs] 
4942.814: [GC (Allocation Failure) [PSYoungGen: 459552K->104960K(502784K)] 991961K->778157K(1901056K), 0.1643814 secs] [Times: user=0.97 sys=0.00, real=0.16 secs] 
4943.860: [GC (Allocation Failure) [PSYoungGen: 401512K->146144K(503296K)] 1074710K->920182K(1901568K), 0.0502820 secs] [Times: user=0.30 sys=0.00, real=0.05 secs] 
4946.219: [GC (Allocation Failure) [PSYoungGen: 457440K->101312K(503808K)] 1231478K->1013066K(1902080K), 0.1663738 secs] [Times: user=0.99 sys=0.00, real=0.17 secs] 
4948.073: [GC (Allocation Failure) [PSYoungGen: 409432K->149952K(504832K)] 1321187K->1158831K(1903104K), 0.0499063 secs] [Times: user=0.29 sys=0.00, real=0.05 secs] 
4950.622: [GC (Allocation Failure) [PSYoungGen: 463808K->105536K(504320K)] 1472687K->1255503K(1902592K), 0.1549685 secs] [Times: user=0.93 sys=0.00, real=0.15 secs] 
4951.864: [GC (Allocation Failure) [PSYoungGen: 408793K->145248K(504832K)] 1558761K->1397444K(1903104K), 0.0514125 secs] [Times: user=0.30 sys=0.01, real=0.05 secs] 
4951.915: [Full GC (Ergonomics) [PSYoungGen: 145248K->0K(504832K)] [ParOldGen: 1252196K->196155K(1398272K)] 1397444K->196155K(1903104K), [Metaspace: 59624K->59624K(1105920K)], 0.4625821 secs] [Times: user=2.13 sys=0.00, real=0.46 secs] 
4955.392: [GC (Allocation Failure) [PSYoungGen: 314368K->105440K(504320K)] 510523K->301595K(1902592K), 0.0847416 secs] [Times: user=0.49 sys=0.00, real=0.08 secs] 
4956.370: [GC (Allocation Failure) [PSYoungGen: 422368K->155776K(473088K)] 618523K->453588K(1871360K), 0.0513263 secs] [Times: user=0.31 sys=0.00, real=0.05 secs] 
4959.804: [GC (Allocation Failure) [PSYoungGen: 472704K->96960K(506368K)] 770516K->550476K(1904640K), 0.1678539 secs] [Times: user=1.00 sys=0.00, real=0.17 secs] 
4960.493: [GC (Allocation Failure) [PSYoungGen: 409280K->155680K(468480K)] 862796K->700237K(1866752K), 0.0556880 secs] [Times: user=0.33 sys=0.00, real=0.05 secs] 
4964.133: [GC (Allocation Failure) [PSYoungGen: 468000K->91424K(502272K)] 1012557K->791693K(1900544K), 0.1732806 secs] [Times: user=1.03 sys=0.00, real=0.17 secs] 
4965.348: [GC (Allocation Failure) [PSYoungGen: 396576K->151424K(456704K)] 1096845K->937458K(1854976K), 0.0537975 secs] [Times: user=0.32 sys=0.00, real=0.06 secs] 
4968.303: [GC (Allocation Failure) [PSYoungGen: 456576K->93120K(500736K)] 1242610K->1030198K(1899008K), 0.1652370 secs] [Times: user=0.98 sys=0.00, real=0.16 secs] 
4968.924: [GC (Allocation Failure) [PSYoungGen: 394176K->149216K(450560K)] 1331254K->1173847K(1848832K), 0.0530924 secs] [Times: user=0.32 sys=0.01, real=0.05 secs] 
4971.685: [GC (Allocation Failure) [PSYoungGen: 450272K->90400K(500224K)] 1474903K->1263987K(1898496K), 0.1331178 secs] [Times: user=0.79 sys=0.01, real=0.13 secs] 
4972.559: [GC (Allocation Failure) [PSYoungGen: 375274K->138752K(439296K)] 1548861K->1399112K(1837568K), 0.0706031 secs] [Times: user=0.42 sys=0.00, real=0.07 secs] 
4972.629: [Full GC (Ergonomics) [PSYoungGen: 138752K->0K(439296K)] [ParOldGen: 1260360K->195734K(1398272K)] 1399112K->195734K(1837568K), [Metaspace: 59627K->59627K(1105920K)], 0.4691846 secs] [Times: user=2.17 sys=0.01, real=0.47 secs] 
4975.450: [GC (Allocation Failure) [PSYoungGen: 300032K->99168K(500224K)] 495766K->294902K(1898496K), 0.0520195 secs] [Times: user=0.31 sys=0.00, real=0.06 secs] 
4976.418: [GC (GCLocker Initiated GC) [PSYoungGen: 402272K->146624K(497152K)] 598006K->438179K(1895424K), 0.0487596 secs] [Times: user=0.29 sys=0.00, real=0.05 secs] 
4978.625: [GC (Allocation Failure) [PSYoungGen: 449728K->102592K(499712K)] 741285K->532129K(1897984K), 0.1230091 secs] [Times: user=0.73 sys=0.00, real=0.12 secs] 
4980.153: [GC (Allocation Failure) [PSYoungGen: 411328K->147936K(501248K)] 840865K->676214K(1899520K), 0.0503729 secs] [Times: user=0.30 sys=0.01, real=0.05 secs] 
4982.735: [GC (Allocation Failure) [PSYoungGen: 456672K->102400K(502784K)] 984950K->769986K(1901056K), 0.1481564 secs] [Times: user=0.89 sys=0.01, real=0.15 secs] 
4984.960: [GC (Allocation Failure) [PSYoungGen: 413687K->149120K(503296K)] 1081274K->914991K(1901568K), 0.0503835 secs] [Times: user=0.30 sys=0.00, real=0.05 secs] 
4986.978: [GC (Allocation Failure) [PSYoungGen: 460416K->106528K(501760K)] 1226287K->1012431K(1900032K), 0.1597739 secs] [Times: user=0.94 sys=0.01, real=0.16 secs] 
4988.193: [GC (Allocation Failure) [PSYoungGen: 416366K->150176K(502784K)] 1322270K->1158584K(1901056K), 0.0520763 secs] [Times: user=0.31 sys=0.00, real=0.05 secs] 
4991.484: [GC (Allocation Failure) [PSYoungGen: 461984K->104160K(504320K)] 1470392K->1253840K(1902592K), 0.1643759 secs] [Times: user=0.99 sys=0.00, real=0.16 secs] 
4993.610: [GC (Allocation Failure) [PSYoungGen: 412420K->147040K(504320K)] 1562100K->1396829K(1902592K), 0.0508612 secs] [Times: user=0.30 sys=0.00, real=0.05 secs] 
4993.661: [Full GC (Ergonomics) [PSYoungGen: 147040K->0K(504320K)] [ParOldGen: 1249789K->195685K(1398272K)] 1396829K->195685K(1902592K), [Metaspace: 59689K->59689K(1105920K)], 0.4539590 secs] [Times: user=2.10 sys=0.00, real=0.46 secs] 
4996.586: [GC (Allocation Failure) [PSYoungGen: 313344K->103968K(503808K)] 509029K->299653K(1902080K), 0.0959667 secs] [Times: user=0.55 sys=0.00, real=0.10 secs] 
4997.631: [GC (Allocation Failure) [PSYoungGen: 413277K->147968K(504832K)] 608962K->443185K(1903104K), 0.0494435 secs] [Times: user=0.29 sys=0.00, real=0.05 secs] 
5000.317: [GC (Allocation Failure) [PSYoungGen: 462848K->104928K(505344K)] 758065K->539305K(1903616K), 0.1566401 secs] [Times: user=0.93 sys=0.00, real=0.16 secs] 
5002.128: [GC (Allocation Failure) [PSYoungGen: 415638K->146880K(505856K)] 850016K->681966K(1904128K), 0.0499401 secs] [Times: user=0.30 sys=0.00, real=0.05 secs] 
5004.424: [GC (Allocation Failure) [PSYoungGen: 463296K->107584K(504320K)] 998382K->780734K(1902592K), 0.1169210 secs] [Times: user=0.69 sys=0.00, real=0.11 secs] 
5005.703: [GC (Allocation Failure) [PSYoungGen: 425536K->155584K(473600K)] 1098686K->931311K(1871872K), 0.0530385 secs] [Times: user=0.30 sys=0.00, real=0.05 secs] 
5008.342: [GC (Allocation Failure) [PSYoungGen: 473536K->97152K(506880K)] 1249263K->1028007K(1905152K), 0.1353328 secs] [Times: user=0.81 sys=0.00, real=0.13 secs] 
5009.164: [GC (Allocation Failure) [PSYoungGen: 410496K->156928K(470528K)] 1341351K->1179039K(1868800K), 0.0565035 secs] [Times: user=0.34 sys=0.00, real=0.05 secs] 
5012.336: [GC (Allocation Failure) [PSYoungGen: 470272K->93344K(502784K)] 1492383K->1272411K(1901056K), 0.1618167 secs] [Times: user=0.96 sys=0.00, real=0.16 secs] 
5012.953: [GC (Allocation Failure) [PSYoungGen: 399008K->153472K(459264K)] 1578075K->1420000K(1857536K), 0.0545250 secs] [Times: user=0.32 sys=0.00, real=0.05 secs] 
5013.008: [Full GC (Ergonomics) [PSYoungGen: 153472K->0K(459264K)] [ParOldGen: 1266527K->217819K(1398272K)] 1420000K->217819K(1857536K), [Metaspace: 59689K->59689K(1105920K)], 0.4970523 secs] [Times: user=2.31 sys=0.00, real=0.50 secs] 
5017.484: [GC (Allocation Failure) [PSYoungGen: 305664K->88128K(499712K)] 523483K->305947K(1897984K), 0.1353396 secs] [Times: user=0.80 sys=0.00, real=0.13 secs] 
5018.591: [GC (Allocation Failure) [PSYoungGen: 388160K->150496K(450560K)] 605979K->450676K(1848832K), 0.0528071 secs] [Times: user=0.32 sys=0.00, real=0.06 secs] 
5021.204: [GC (Allocation Failure) [PSYoungGen: 450528K->88928K(498176K)] 750708K->539580K(1896448K), 0.1435116 secs] [Times: user=0.86 sys=0.00, real=0.14 secs] 
5021.903: [GC (Allocation Failure) [PSYoungGen: 385376K->145856K(497152K)] 836028K->682108K(1895424K), 0.0789136 secs] [Times: user=0.47 sys=0.00, real=0.08 secs] 
5024.633: [GC (Allocation Failure) [PSYoungGen: 442304K->88704K(495616K)] 978556K->770940K(1893888K), 0.1470240 secs] [Times: user=0.87 sys=0.00, real=0.14 secs] 
5025.567: [GC (Allocation Failure) [PSYoungGen: 385664K->144224K(496640K)] 1067900K->911997K(1894912K), 0.0780321 secs] [Times: user=0.46 sys=0.00, real=0.08 secs] 
5028.197: [GC (Allocation Failure) [PSYoungGen: 441184K->97664K(493056K)] 1208957K->1001165K(1891328K), 0.1092632 secs] [Times: user=0.66 sys=0.00, real=0.11 secs] 
5029.164: [GC (Allocation Failure) [PSYoungGen: 396160K->144480K(495616K)] 1299661K->1142550K(1893888K), 0.0486073 secs] [Times: user=0.29 sys=0.00, real=0.05 secs] 
5032.684: [GC (Allocation Failure) [PSYoungGen: 442976K->97024K(497664K)] 1441046K->1231438K(1895936K), 0.0785922 secs] [Times: user=0.46 sys=0.00, real=0.08 secs] 
5033.355: [GC (Allocation Failure) [PSYoungGen: 400640K->143232K(499200K)] 1535054K->1373011K(1897472K), 0.0565549 secs] [Times: user=0.33 sys=0.01, real=0.06 secs] 
5033.412: [Full GC (Ergonomics) [PSYoungGen: 143232K->0K(499200K)] [ParOldGen: 1229779K->178905K(1398272K)] 1373011K->178905K(1897472K), [Metaspace: 59689K->59689K(1105920K)], 0.4154562 secs] [Times: user=1.91 sys=0.00, real=0.41 secs] 
5036.116: [GC (Allocation Failure) [PSYoungGen: 303616K->102432K(496640K)] 482521K->281337K(1894912K), 0.0612110 secs] [Times: user=0.36 sys=0.00, real=0.06 secs] 
5037.515: [GC (Allocation Failure) [PSYoungGen: 409632K->146304K(499712K)] 588537K->424983K(1897984K), 0.0512095 secs] [Times: user=0.30 sys=0.00, real=0.05 secs] 
5039.257: [GC (GCLocker Initiated GC) [PSYoungGen: 453504K->104256K(501248K)] 732183K->520552K(1899520K), 0.1169941 secs] [Times: user=0.69 sys=0.00, real=0.12 secs] 
5041.160: [GC (Allocation Failure) [PSYoungGen: 416064K->148448K(502784K)] 832407K->666012K(1901056K), 0.0521138 secs] [Times: user=0.30 sys=0.00, real=0.06 secs] 
5043.160: [GC (Allocation Failure) [PSYoungGen: 460256K->107072K(502784K)] 977820K->764432K(1901056K), 0.1764894 secs] [Times: user=1.05 sys=0.00, real=0.18 secs] 
5046.036: [GC (Allocation Failure) [PSYoungGen: 420928K->146432K(503808K)] 1078288K->907461K(1902080K), 0.0525445 secs] [Times: user=0.31 sys=0.01, real=0.05 secs] 
5048.064: [GC (Allocation Failure) [PSYoungGen: 460288K->105728K(503808K)] 1221317K->1003885K(1902080K), 0.1682320 secs] [Times: user=1.00 sys=0.00, real=0.17 secs] 
5050.409: [GC (Allocation Failure) [PSYoungGen: 422656K->163424K(480768K)] 1320813K->1162994K(1879040K), 0.0543856 secs] [Times: user=0.32 sys=0.00, real=0.06 secs] 
5053.024: [GC (Allocation Failure) [PSYoungGen: 480352K->105312K(505344K)] 1479922K->1251642K(1903616K), 0.1717120 secs] [Times: user=1.02 sys=0.01, real=0.17 secs] 
5054.442: [GC (Allocation Failure) [PSYoungGen: 413536K->148320K(501760K)] 1559866K->1395827K(1900032K), 0.0532125 secs] [Times: user=0.31 sys=0.01, real=0.05 secs] 
5054.496: [Full GC (Ergonomics) [PSYoungGen: 148320K->0K(501760K)] [ParOldGen: 1247507K->193496K(1398272K)] 1395827K->193496K(1900032K), [Metaspace: 59689K->59689K(1105920K)], 0.4512987 secs] [Times: user=2.08 sys=0.00, real=0.45 secs] 
5057.521: [GC (Allocation Failure) [PSYoungGen: 308224K->100320K(503296K)] 501720K->293816K(1901568K), 0.0682901 secs] [Times: user=0.40 sys=0.00, real=0.07 secs] 
5058.917: [GC (Allocation Failure) [PSYoungGen: 410080K->152416K(462336K)] 603576K->442269K(1860608K), 0.0492799 secs] [Times: user=0.29 sys=0.01, real=0.05 secs] 
5061.648: [GC (Allocation Failure) [PSYoungGen: 462176K->103072K(504832K)] 752029K->537181K(1903104K), 0.1780968 secs] [Times: user=1.06 sys=0.00, real=0.18 secs] 
5063.319: [GC (Allocation Failure) [PSYoungGen: 411296K->149472K(502272K)] 845405K->683028K(1900544K), 0.0515218 secs] [Times: user=0.30 sys=0.00, real=0.05 secs] 
5065.762: [GC (Allocation Failure) [PSYoungGen: 457696K->101664K(501760K)] 991252K->776492K(1900032K), 0.1798745 secs] [Times: user=1.07 sys=0.01, real=0.18 secs] 
5067.946: [GC (Allocation Failure) [PSYoungGen: 410400K->149824K(502272K)] 1085228K->920033K(1900544K), 0.0498713 secs] [Times: user=0.29 sys=0.00, real=0.05 secs] 
5070.125: [GC (Allocation Failure) [PSYoungGen: 458560K->105792K(501760K)] 1228769K->1017401K(1900032K), 0.1759483 secs] [Times: user=1.05 sys=0.00, real=0.17 secs] 
5071.616: [GC (Allocation Failure) [PSYoungGen: 414388K->148128K(502272K)] 1325997K->1162002K(1900544K), 0.0744536 secs] [Times: user=0.44 sys=0.00, real=0.07 secs] 
5074.839: [GC (Allocation Failure) [PSYoungGen: 457376K->105184K(501248K)] 1471250K->1258602K(1899520K), 0.1201398 secs] [Times: user=0.71 sys=0.01, real=0.12 secs] 
5075.639: [GC (Allocation Failure) [PSYoungGen: 412615K->145888K(502784K)] 1566033K->1400755K(1901056K), 0.0516310 secs] [Times: user=0.31 sys=0.00, real=0.05 secs] 
5075.691: [Full GC (Ergonomics) [PSYoungGen: 145888K->0K(502784K)] [ParOldGen: 1254867K->196219K(1398272K)] 1400755K->196219K(1901056K), [Metaspace: 59689K->59689K(1105920K)], 0.4606672 secs] [Times: user=2.11 sys=0.00, real=0.46 secs] 
5078.539: [GC (Allocation Failure) [PSYoungGen: 311296K->106368K(502784K)] 507515K->302587K(1901056K), 0.0890497 secs] [Times: user=0.52 sys=0.01, real=0.09 secs] 
5079.288: [GC (Allocation Failure) [PSYoungGen: 405010K->145024K(504320K)] 601229K->443356K(1902592K), 0.0500507 secs] [Times: user=0.29 sys=0.00, real=0.05 secs] 
5082.699: [GC (Allocation Failure) [PSYoungGen: 459392K->105536K(504320K)] 757724K->540252K(1902592K), 0.1675250 secs] [Times: user=0.99 sys=0.00, real=0.17 secs] 
5084.744: [GC (Allocation Failure) [PSYoungGen: 424000K->154368K(506368K)] 858716K->690801K(1904640K), 0.0513031 secs] [Times: user=0.30 sys=0.00, real=0.05 secs] 
5088.057: [GC (Allocation Failure) [PSYoungGen: 472127K->95360K(507392K)] 1008561K->786145K(1905664K), 0.1596271 secs] [Times: user=0.94 sys=0.00, real=0.16 secs] 
5088.918: [GC (Allocation Failure) [PSYoungGen: 410240K->169568K(484864K)] 1101025K->952026K(1883136K), 0.0553534 secs] [Times: user=0.33 sys=0.01, real=0.06 secs] 
5092.377: [GC (Allocation Failure) [PSYoungGen: 484448K->97216K(499200K)] 1266906K->1032586K(1897472K), 0.1592065 secs] [Times: user=0.95 sys=0.00, real=0.16 secs] 
5092.896: [GC (Allocation Failure) [PSYoungGen: 394688K->149632K(497152K)] 1330058K->1175867K(1895424K), 0.0559766 secs] [Times: user=0.33 sys=0.00, real=0.06 secs] 
5094.917: [GC (Allocation Failure) [PSYoungGen: 447104K->90400K(498176K)] 1473339K->1266187K(1896448K), 0.1578362 secs] [Times: user=0.94 sys=0.00, real=0.16 secs] 
5095.991: [GC (Allocation Failure) [PSYoungGen: 387872K->147136K(497664K)] 1563659K->1406971K(1895936K), 0.0537906 secs] [Times: user=0.32 sys=0.00, real=0.06 secs] 
5096.044: [Full GC (Ergonomics) [PSYoungGen: 147136K->0K(497664K)] [ParOldGen: 1259835K->204933K(1398272K)] 1406971K->204933K(1895936K), [Metaspace: 59689K->59689K(1105920K)], 0.4654260 secs] [Times: user=2.16 sys=0.00, real=0.46 secs] 
5099.786: [GC (Allocation Failure) [PSYoungGen: 297472K->89152K(497664K)] 502405K->294085K(1895936K), 0.1652385 secs] [Times: user=0.99 sys=0.01, real=0.16 secs] 
5101.289: [GC (Allocation Failure) [PSYoungGen: 386624K->142944K(497664K)] 591557K->433505K(1895936K), 0.0478229 secs] [Times: user=0.29 sys=0.00, real=0.05 secs] 
5103.651: [GC (Allocation Failure) [PSYoungGen: 440416K->97504K(494080K)] 730977K->522357K(1892352K), 0.1691888 secs] [Times: user=1.01 sys=0.00, real=0.16 secs] 
5105.794: [GC (Allocation Failure) [PSYoungGen: 396512K->143552K(496128K)] 821365K->662106K(1894400K), 0.0483434 secs] [Times: user=0.29 sys=0.00, real=0.05 secs] 
5107.371: [GC (Allocation Failure) [PSYoungGen: 442560K->102048K(495104K)] 961114K->755310K(1893376K), 0.1060221 secs] [Times: user=0.63 sys=0.01, real=0.11 secs] 
5109.806: [GC (Allocation Failure) [PSYoungGen: 406176K->142496K(498176K)] 1059438K->894751K(1896448K), 0.0509161 secs] [Times: user=0.30 sys=0.00, real=0.05 secs] 
5111.247: [GC (Allocation Failure) [PSYoungGen: 446624K->105696K(497152K)] 1198879K->991243K(1895424K), 0.0909260 secs] [Times: user=0.54 sys=0.00, real=0.09 secs] 
5112.696: [GC (Allocation Failure) [PSYoungGen: 415968K->147840K(500736K)] 1301515K->1136431K(1899008K), 0.0520887 secs] [Times: user=0.31 sys=0.00, real=0.05 secs] 
5115.486: [GC (Allocation Failure) [PSYoungGen: 458112K->103424K(504832K)] 1446703K->1231279K(1903104K), 0.1317221 secs] [Times: user=0.78 sys=0.01, real=0.13 secs] 
5117.097: [GC (Allocation Failure) [PSYoungGen: 418816K->150720K(505344K)] 1546671K->1379364K(1903616K), 0.0534394 secs] [Times: user=0.32 sys=0.00, real=0.05 secs] 
5117.151: [Full GC (Ergonomics) [PSYoungGen: 150720K->0K(505344K)] [ParOldGen: 1228644K->185768K(1398272K)] 1379364K->185768K(1903616K), [Metaspace: 59689K->59689K(1105920K)], 0.4392947 secs] [Times: user=2.03 sys=0.00, real=0.44 secs] 
5119.673: [GC (Allocation Failure) [PSYoungGen: 315392K->105376K(505856K)] 501160K->291144K(1904128K), 0.1006032 secs] [Times: user=0.59 sys=0.00, real=0.10 secs] 
5120.927: [GC (Allocation Failure) [PSYoungGen: 420256K->153472K(468480K)] 606024K->440857K(1866752K), 0.0517783 secs] [Times: user=0.31 sys=0.00, real=0.05 secs] 
5123.244: [GC (Allocation Failure) [PSYoungGen: 468352K->107008K(507392K)] 755737K->539165K(1905664K), 0.1574523 secs] [Times: user=0.94 sys=0.00, real=0.15 secs] 
5125.039: [GC (Allocation Failure) [PSYoungGen: 412392K->147520K(504320K)] 844550K->682150K(1902592K), 0.0510430 secs] [Times: user=0.30 sys=0.00, real=0.05 secs] 
5127.343: [GC (Allocation Failure) [PSYoungGen: 460352K->102400K(503808K)] 994982K->775770K(1902080K), 0.1648217 secs] [Times: user=0.97 sys=0.00, real=0.16 secs] 
5128.124: [GC (Allocation Failure) [PSYoungGen: 414256K->148896K(504832K)] 1087627K->920935K(1903104K), 0.0497570 secs] [Times: user=0.30 sys=0.00, real=0.05 secs] 
5131.173: [GC (Allocation Failure) [PSYoungGen: 463264K->107328K(504832K)] 1235303K->1019187K(1903104K), 0.1618623 secs] [Times: user=0.96 sys=0.00, real=0.16 secs] 
5131.925: [GC (Allocation Failure) [PSYoungGen: 422720K->155264K(471040K)] 1334579K->1170588K(1869312K), 0.0530549 secs] [Times: user=0.31 sys=0.00, real=0.05 secs] 
5135.000: [GC (Allocation Failure) [PSYoungGen: 470656K->95648K(505344K)] 1485980K->1266188K(1903616K), 0.1491271 secs] [Times: user=0.89 sys=0.00, real=0.15 secs] 
5136.634: [GC (Allocation Failure) [PSYoungGen: 406432K->153344K(464384K)] 1576972K->1413553K(1862656K), 0.0551834 secs] [Times: user=0.33 sys=0.00, real=0.05 secs] 
5136.689: [Full GC (Ergonomics) [PSYoungGen: 153344K->0K(464384K)] [ParOldGen: 1260209K->211374K(1398272K)] 1413553K->211374K(1862656K), [Metaspace: 59717K->59717K(1105920K)], 0.4922209 secs] [Times: user=2.30 sys=0.00, real=0.49 secs] 
5140.821: [GC (Allocation Failure) [PSYoungGen: 310784K->92352K(502784K)] 522158K->303726K(1901056K), 0.1516796 secs] [Times: user=0.90 sys=0.00, real=0.16 secs] 
5141.620: [GC (Allocation Failure) [PSYoungGen: 398016K->149920K(455680K)] 609390K->448143K(1853952K), 0.0520812 secs] [Times: user=0.31 sys=0.00, real=0.06 secs] 
5144.550: [GC (Allocation Failure) [PSYoungGen: 452867K->92192K(501760K)] 751091K->539455K(1900032K), 0.1479764 secs] [Times: user=0.87 sys=0.01, real=0.15 secs] 
5145.228: [GC (Allocation Failure) [PSYoungGen: 380209K->138240K(441856K)] 827473K->673976K(1840128K), 0.0491065 secs] [Times: user=0.29 sys=0.00, real=0.05 secs] 
5147.517: [GC (Allocation Failure) [PSYoungGen: 441344K->100864K(501760K)] 977080K->766212K(1900032K), 0.1543531 secs] [Times: user=0.92 sys=0.00, real=0.15 secs] 
5148.790: [GC (Allocation Failure) [PSYoungGen: 407040K->148896K(498688K)] 1072388K->910829K(1896960K), 0.0503410 secs] [Times: user=0.30 sys=0.00, real=0.05 secs] 
5150.913: [GC (Allocation Failure) [PSYoungGen: 455072K->102016K(502272K)] 1217005K->1003873K(1900544K), 0.1713097 secs] [Times: user=1.02 sys=0.00, real=0.17 secs] 
5152.350: [GC (Allocation Failure) [PSYoungGen: 412800K->149888K(502784K)] 1314657K->1149758K(1901056K), 0.0511920 secs] [Times: user=0.30 sys=0.01, real=0.05 secs] 
5154.796: [GC (Allocation Failure) [PSYoungGen: 460672K->104704K(503296K)] 1460542K->1245518K(1901568K), 0.1598306 secs] [Times: user=0.95 sys=0.00, real=0.16 secs] 
5156.130: [GC (Allocation Failure) [PSYoungGen: 409777K->147808K(503296K)] 1550592K->1389443K(1901568K), 0.0519910 secs] [Times: user=0.31 sys=0.00, real=0.06 secs] 
5156.182: [Full GC (Ergonomics) [PSYoungGen: 147808K->0K(503296K)] [ParOldGen: 1241635K->195761K(1398272K)] 1389443K->195761K(1901568K), [Metaspace: 59717K->59717K(1105920K)], 0.4665339 secs] [Times: user=2.17 sys=0.00, real=0.46 secs] 
5159.304: [GC (Allocation Failure) [PSYoungGen: 311296K->100832K(503808K)] 507057K->296593K(1902080K), 0.1002619 secs] [Times: user=0.59 sys=0.00, real=0.10 secs] 
5161.117: [GC (Allocation Failure) [PSYoungGen: 413664K->150240K(504320K)] 609425K->442418K(1902592K), 0.0488872 secs] [Times: user=0.29 sys=0.00, real=0.05 secs] 
5163.098: [GC (Allocation Failure) [PSYoungGen: 463072K->104832K(504320K)] 755250K->538410K(1902592K), 0.1687996 secs] [Times: user=1.00 sys=0.00, real=0.17 secs] 
5164.255: [GC (Allocation Failure) [PSYoungGen: 407047K->146656K(504320K)] 840626K->681287K(1902592K), 0.0499716 secs] [Times: user=0.29 sys=0.00, real=0.05 secs] 
5166.896: [GC (Allocation Failure) [PSYoungGen: 459488K->104704K(502784K)] 994119K->777767K(1901056K), 0.1364335 secs] [Times: user=0.81 sys=0.00, real=0.14 secs] 
5168.104: [GC (Allocation Failure) [PSYoungGen: 413598K->146624K(504320K)] 1086661K->920712K(1902592K), 0.0514931 secs] [Times: user=0.30 sys=0.00, real=0.05 secs] 
5171.221: [GC (Allocation Failure) [PSYoungGen: 460992K->105664K(504832K)] 1235080K->1017372K(1903104K), 0.1680450 secs] [Times: user=1.00 sys=0.00, real=0.17 secs] 
5173.090: [GC (Allocation Failure) [PSYoungGen: 413999K->145408K(505856K)] 1325707K->1158957K(1904128K), 0.0518661 secs] [Times: user=0.31 sys=0.00, real=0.06 secs] 
5175.367: [GC (Allocation Failure) [PSYoungGen: 462336K->106112K(505344K)] 1475885K->1256305K(1903616K), 0.1617048 secs] [Times: user=0.96 sys=0.00, real=0.16 secs] 
5176.779: [GC (Allocation Failure) [PSYoungGen: 425600K->156352K(476160K)] 1575793K->1407938K(1874432K), 0.0527459 secs] [Times: user=0.31 sys=0.00, real=0.05 secs] 
5176.831: [Full GC (Ergonomics) [PSYoungGen: 156352K->0K(476160K)] [ParOldGen: 1251586K->206374K(1398272K)] 1407938K->206374K(1874432K), [Metaspace: 59717K->59717K(1105920K)], 0.4613279 secs] [Times: user=2.13 sys=0.00, real=0.47 secs] 
5180.177: [GC (Allocation Failure) [PSYoungGen: 319488K->96800K(507392K)] 525862K->303174K(1905664K), 0.1590452 secs] [Times: user=0.95 sys=0.00, real=0.16 secs] 
5181.389: [GC (Allocation Failure) [PSYoungGen: 411168K->156512K(471040K)] 617542K->453507K(1869312K), 0.0544534 secs] [Times: user=0.33 sys=0.00, real=0.06 secs] 
5183.884: [GC (Allocation Failure) [PSYoungGen: 470880K->98816K(503808K)] 767875K->552035K(1902080K), 0.1548395 secs] [Times: user=0.92 sys=0.00, real=0.15 secs] 
5184.330: [GC (Allocation Failure) [PSYoungGen: 405984K->150752K(458240K)] 859204K->696992K(1856512K), 0.0556383 secs] [Times: user=0.32 sys=0.00, real=0.06 secs] 
5186.686: [GC (Allocation Failure) [PSYoungGen: 457952K->97792K(503296K)] 1004192K->794176K(1901568K), 0.1407351 secs] [Times: user=0.84 sys=0.00, real=0.14 secs] 
5187.099: [GC (Allocation Failure) [PSYoungGen: 403456K->168384K(474112K)] 1099840K->956965K(1872384K), 0.0566802 secs] [Times: user=0.34 sys=0.00, real=0.06 secs] 
5190.198: [GC (Allocation Failure) [PSYoungGen: 474048K->92640K(495616K)] 1262629K->1032925K(1893888K), 0.1370920 secs] [Times: user=0.81 sys=0.00, real=0.14 secs] 
5190.605: [GC (Allocation Failure) [PSYoungGen: 383456K->144544K(435712K)] 1323741K->1171609K(1833984K), 0.0531493 secs] [Times: user=0.32 sys=0.00, real=0.05 secs] 
5195.654: [GC (Allocation Failure) [PSYoungGen: 435360K->83584K(493568K)] 1462425K->1254810K(1891840K), 0.1661028 secs] [Times: user=0.99 sys=0.00, real=0.16 secs] 
5196.931: [GC (Allocation Failure) [PSYoungGen: 374208K->139168K(493568K)] 1545434K->1390182K(1891840K), 0.0475645 secs] [Times: user=0.28 sys=0.00, real=0.05 secs] 
5196.978: [Full GC (Ergonomics) [PSYoungGen: 139168K->0K(493568K)] [ParOldGen: 1251014K->196172K(1398272K)] 1390182K->196172K(1891840K), [Metaspace: 59717K->59717K(1105920K)], 0.4636876 secs] [Times: user=2.15 sys=0.00, real=0.47 secs] 
5199.351: [GC (Allocation Failure) [PSYoungGen: 290816K->96576K(492032K)] 486988K->292748K(1890304K), 0.0903460 secs] [Times: user=0.53 sys=0.01, real=0.09 secs] 
5201.849: [GC (Allocation Failure) [PSYoungGen: 392000K->143040K(493056K)] 588172K->431721K(1891328K), 0.0465199 secs] [Times: user=0.28 sys=0.01, real=0.05 secs] 
5202.990: [GC (Allocation Failure) [PSYoungGen: 438464K->98080K(495616K)] 727145K->521529K(1893888K), 0.0615639 secs] [Times: user=0.36 sys=0.00, real=0.06 secs] 
5205.441: [GC (Allocation Failure) [PSYoungGen: 401184K->150176K(498176K)] 824633K->669473K(1896448K), 0.0495741 secs] [Times: user=0.30 sys=0.00, real=0.05 secs] 
5208.177: [GC (Allocation Failure) [PSYoungGen: 453280K->102496K(499200K)] 972577K->754881K(1897472K), 0.0729932 secs] [Times: user=0.44 sys=0.00, real=0.07 secs] 
5210.736: [GC (Allocation Failure) [PSYoungGen: 407648K->144032K(499712K)] 1060033K->896974K(1897984K), 0.0515714 secs] [Times: user=0.31 sys=0.00, real=0.05 secs] 
5212.365: [GC (Allocation Failure) [PSYoungGen: 449184K->104896K(498176K)] 1202126K->993470K(1896448K), 0.0633600 secs] [Times: user=0.38 sys=0.00, real=0.06 secs] 
5215.516: [GC (Allocation Failure) [PSYoungGen: 413632K->152000K(500736K)] 1302206K->1142445K(1899008K), 0.0525260 secs] [Times: user=0.30 sys=0.00, real=0.05 secs] 
5216.672: [GC (Allocation Failure) [PSYoungGen: 460736K->108256K(501760K)] 1451181K->1232933K(1900032K), 0.0641136 secs] [Times: user=0.38 sys=0.00, real=0.06 secs] 
5218.767: [GC (GCLocker Initiated GC) [PSYoungGen: 419040K->146048K(502272K)] 1543718K->1376816K(1900544K), 0.0534342 secs] [Times: user=0.32 sys=0.00, real=0.05 secs] 
5218.821: [Full GC (Ergonomics) [PSYoungGen: 146048K->0K(502272K)] [ParOldGen: 1230768K->174200K(1398272K)] 1376816K->174200K(1900544K), [Metaspace: 59717K->59717K(1105920K)], 0.3951141 secs] [Times: user=1.79 sys=0.00, real=0.40 secs] 
5220.825: [GC (Allocation Failure) [PSYoungGen: 310784K->105504K(502784K)] 484986K->279706K(1901056K), 0.0429700 secs] [Times: user=0.25 sys=0.00, real=0.04 secs] 
5222.700: [GC (Allocation Failure) [PSYoungGen: 419872K->157888K(472576K)] 594074K->434880K(1870848K), 0.0530019 secs] [Times: user=0.31 sys=0.00, real=0.06 secs] 
5224.781: [GC (Allocation Failure) [PSYoungGen: 472256K->107072K(506368K)] 749248K->524912K(1904640K), 0.1099102 secs] [Times: user=0.65 sys=0.01, real=0.11 secs] 
5225.999: [GC (Allocation Failure) [PSYoungGen: 417344K->148288K(502784K)] 835184K->670925K(1901056K), 0.0532385 secs] [Times: user=0.31 sys=0.00, real=0.06 secs] 
5228.817: [GC (Allocation Failure) [PSYoungGen: 458560K->104288K(502272K)] 981197K->766329K(1900544K), 0.1544206 secs] [Times: user=0.92 sys=0.00, real=0.16 secs] 
5229.988: [GC (Allocation Failure) [PSYoungGen: 416096K->153344K(503296K)] 1078137K->916082K(1901568K), 0.0523492 secs] [Times: user=0.31 sys=0.00, real=0.05 secs] 
5232.752: [GC (Allocation Failure) [PSYoungGen: 465152K->102944K(504832K)] 1227890K->1010590K(1903104K), 0.1631051 secs] [Times: user=0.97 sys=0.01, real=0.16 secs] 
5234.621: [GC (Allocation Failure) [PSYoungGen: 413216K->148736K(503296K)] 1320862K->1154707K(1901568K), 0.0511716 secs] [Times: user=0.30 sys=0.01, real=0.06 secs] 
5236.983: [GC (Allocation Failure) [PSYoungGen: 459008K->105536K(501760K)] 1464979K->1251055K(1900032K), 0.1654650 secs] [Times: user=0.98 sys=0.01, real=0.16 secs] 
5237.803: [GC (Allocation Failure) [PSYoungGen: 416320K->158016K(468992K)] 1561839K->1405616K(1867264K), 0.0522571 secs] [Times: user=0.31 sys=0.01, real=0.05 secs] 
5237.856: [Full GC (Ergonomics) [PSYoungGen: 158016K->0K(468992K)] [ParOldGen: 1247600K->195534K(1398272K)] 1405616K->195534K(1867264K), [Metaspace: 59717K->59717K(1105920K)], 0.4678984 secs] [Times: user=2.16 sys=0.00, real=0.47 secs] 
5240.728: [GC (Allocation Failure) [PSYoungGen: 310784K->104672K(504320K)] 506318K->300206K(1902592K), 0.0778207 secs] [Times: user=0.46 sys=0.00, real=0.08 secs] 
5243.032: [GC (Allocation Failure) [PSYoungGen: 411360K->148096K(501248K)] 606894K->443911K(1899520K), 0.0494544 secs] [Times: user=0.30 sys=0.00, real=0.04 secs] 
5244.912: [GC (Allocation Failure) [PSYoungGen: 454784K->101472K(500736K)] 750599K->536823K(1899008K), 0.1282372 secs] [Times: user=0.76 sys=0.01, real=0.12 secs] 
5245.757: [GC (Allocation Failure) [PSYoungGen: 407719K->150272K(501760K)] 843071K->682864K(1900032K), 0.0490062 secs] [Times: user=0.29 sys=0.00, real=0.05 secs] 
5248.382: [GC (Allocation Failure) [PSYoungGen: 458496K->103296K(502784K)] 991088K->777484K(1901056K), 0.1569842 secs] [Times: user=0.94 sys=0.00, real=0.15 secs] 
5249.687: [GC (Allocation Failure) [PSYoungGen: 412544K->147552K(502784K)] 1086732K->921417K(1901056K), 0.0507970 secs] [Times: user=0.30 sys=0.00, real=0.05 secs] 
5251.818: [GC (GCLocker Initiated GC) [PSYoungGen: 456800K->104928K(500736K)] 1230673K->1017633K(1899008K), 0.1681944 secs] [Times: user=1.00 sys=0.00, real=0.17 secs] 
5253.229: [GC (Allocation Failure) [PSYoungGen: 415200K->139840K(502272K)] 1344292K->1169991K(1900544K), 0.2029583 secs] [Times: user=1.22 sys=0.01, real=0.21 secs] 
5256.290: [GC (Allocation Failure) [PSYoungGen: 450112K->94272K(504320K)] 1480263K->1264055K(1902592K), 0.4362522 secs] [Times: user=2.61 sys=0.00, real=0.44 secs] 
5258.250: [GC (Allocation Failure) [PSYoungGen: 410176K->151040K(467456K)] 1579959K->1411266K(1865728K), 0.0559477 secs] [Times: user=0.33 sys=0.00, real=0.06 secs] 
5258.306: [Full GC (Ergonomics) [PSYoungGen: 151040K->0K(467456K)] [ParOldGen: 1260226K->208500K(1398272K)] 1411266K->208500K(1865728K), [Metaspace: 59718K->59718K(1105920K)], 0.4863767 secs] [Times: user=2.27 sys=0.00, real=0.49 secs] 
5261.045: [GC (Allocation Failure) [PSYoungGen: 315904K->97408K(507392K)] 524404K->305908K(1905664K), 0.1502324 secs] [Times: user=0.90 sys=0.00, real=0.15 secs] 
5261.748: [GC (Allocation Failure) [PSYoungGen: 411264K->154208K(468480K)] 619764K->454269K(1866752K), 0.0543523 secs] [Times: user=0.32 sys=0.00, real=0.06 secs] 
5265.093: [GC (Allocation Failure) [PSYoungGen: 468064K->98048K(504832K)] 768125K->551605K(1903104K), 0.1393859 secs] [Times: user=0.83 sys=0.00, real=0.14 secs] 
5265.676: [GC (Allocation Failure) [PSYoungGen: 406784K->153600K(462848K)] 860341K->699470K(1861120K), 0.0555801 secs] [Times: user=0.33 sys=0.00, real=0.06 secs] 
5269.442: [GC (Allocation Failure) [PSYoungGen: 462336K->92640K(501760K)] 1008206K->791802K(1900032K), 0.1662681 secs] [Times: user=0.99 sys=0.00, real=0.16 secs] 
5269.908: [GC (Allocation Failure) [PSYoungGen: 396256K->165952K(470016K)] 1095418K->952047K(1868288K), 0.0544480 secs] [Times: user=0.32 sys=0.00, real=0.06 secs] 
5273.350: [GC (Allocation Failure) [PSYoungGen: 469568K->93408K(495616K)] 1255663K->1028191K(1893888K), 0.1582903 secs] [Times: user=0.95 sys=0.01, real=0.16 secs] 
5273.785: [GC (Allocation Failure) [PSYoungGen: 383712K->144288K(434688K)] 1318495K->1166918K(1832960K), 0.0536019 secs] [Times: user=0.32 sys=0.00, real=0.05 secs] 
5276.444: [GC (Allocation Failure) [PSYoungGen: 434592K->85472K(493568K)] 1457222K->1252154K(1891840K), 0.1498746 secs] [Times: user=0.89 sys=0.00, real=0.15 secs] 
5277.323: [GC (Allocation Failure) [PSYoungGen: 376288K->141888K(493056K)] 1542970K->1390156K(1891328K), 0.0490658 secs] [Times: user=0.29 sys=0.00, real=0.05 secs] 
5277.373: [Full GC (Ergonomics) [PSYoungGen: 141888K->0K(493056K)] [ParOldGen: 1248268K->196798K(1398272K)] 1390156K->196798K(1891328K), [Metaspace: 59718K->59718K(1105920K)], 0.4663293 secs] [Times: user=2.17 sys=0.00, real=0.46 secs] 
5279.725: [GC (Allocation Failure) [PSYoungGen: 290816K->96288K(491520K)] 487614K->293086K(1889792K), 0.0832385 secs] [Times: user=0.49 sys=0.01, real=0.08 secs] 
5281.873: [GC (Allocation Failure) [PSYoungGen: 391200K->141440K(493568K)] 587998K->430647K(1891840K), 0.0467911 secs] [Times: user=0.27 sys=0.00, real=0.04 secs] 
5283.074: [GC (GCLocker Initiated GC) [PSYoungGen: 436352K->99680K(493568K)] 725560K->521532K(1891840K), 0.0633401 secs] [Times: user=0.38 sys=0.00, real=0.06 secs] 
5286.734: [GC (Allocation Failure) [PSYoungGen: 401760K->139200K(497152K)] 823614K->657775K(1895424K), 0.0491531 secs] [Times: user=0.29 sys=0.00, real=0.05 secs] 
5287.877: [GC (Allocation Failure) [PSYoungGen: 441280K->104448K(495616K)] 959855K->752983K(1893888K), 0.0613452 secs] [Times: user=0.36 sys=0.00, real=0.06 secs] 
5290.329: [GC (Allocation Failure) [PSYoungGen: 414208K->144448K(500224K)] 1062743K->894892K(1898496K), 0.0524908 secs] [Times: user=0.31 sys=0.00, real=0.06 secs] 
5291.483: [GC (Allocation Failure) [PSYoungGen: 454208K->106912K(501760K)] 1204652K->992892K(1900032K), 0.0643468 secs] [Times: user=0.38 sys=0.00, real=0.06 secs] 
5292.522: [GC (Allocation Failure) [PSYoungGen: 423328K->150240K(504320K)] 1309308K->1141505K(1902592K), 0.0541422 secs] [Times: user=0.32 sys=0.00, real=0.05 secs] 
5294.987: [GC (Allocation Failure) [PSYoungGen: 466656K->108416K(506880K)] 1457921K->1241537K(1905152K), 0.1648989 secs] [Times: user=0.98 sys=0.00, real=0.17 secs] 
5296.955: [GC (Allocation Failure) [PSYoungGen: 427392K->150208K(506880K)] 1560513K->1388706K(1905152K), 0.0535030 secs] [Times: user=0.31 sys=0.00, real=0.05 secs] 
5297.009: [Full GC (Ergonomics) [PSYoungGen: 150208K->0K(506880K)] [ParOldGen: 1238498K->186178K(1398272K)] 1388706K->186178K(1905152K), [Metaspace: 59718K->59718K(1105920K)], 0.4333301 secs] [Times: user=1.99 sys=0.00, real=0.44 secs] 
5300.168: [GC (Allocation Failure) [PSYoungGen: 318976K->108960K(507392K)] 505154K->295138K(1905664K), 0.0520207 secs] [Times: user=0.31 sys=0.00, real=0.05 secs] 
5301.455: [GC (Allocation Failure) [PSYoungGen: 428448K->153568K(473088K)] 614626K->444351K(1871360K), 0.0525963 secs] [Times: user=0.31 sys=0.00, real=0.05 secs] 
5303.747: [GC (Allocation Failure) [PSYoungGen: 473056K->112032K(510464K)] 763839K->547031K(1908736K), 0.1832071 secs] [Times: user=0.95 sys=0.00, real=0.18 secs] 
5304.737: [GC (Allocation Failure) [PSYoungGen: 429984K->154112K(472576K)] 864983K->697144K(1870848K), 0.0529921 secs] [Times: user=0.31 sys=0.00, real=0.05 secs] 
5306.969: [GC (Allocation Failure) [PSYoungGen: 472064K->98944K(507392K)] 1015096K->795800K(1905664K), 0.1491662 secs] [Times: user=0.89 sys=0.00, real=0.15 secs] 
5307.650: [GC (Allocation Failure) [PSYoungGen: 413312K->155968K(470528K)] 1110168K->945516K(1868800K), 0.0554990 secs] [Times: user=0.33 sys=0.00, real=0.06 secs] 
5311.673: [GC (Allocation Failure) [PSYoungGen: 470336K->92640K(503296K)] 1259884K->1037820K(1901568K), 0.1744716 secs] [Times: user=1.04 sys=0.00, real=0.17 secs] 
5312.242: [GC (Allocation Failure) [PSYoungGen: 399840K->153856K(461312K)] 1345020K->1185329K(1859584K), 0.0556983 secs] [Times: user=0.33 sys=0.00, real=0.05 secs] 
5315.619: [GC (Allocation Failure) [PSYoungGen: 461056K->91648K(500736K)] 1492529K->1276909K(1899008K), 0.1290017 secs] [Times: user=0.76 sys=0.00, real=0.13 secs] 
5316.043: [GC (Allocation Failure) [PSYoungGen: 393216K->151616K(453632K)] 1578477K->1422701K(1851904K), 0.0545548 secs] [Times: user=0.33 sys=0.00, real=0.05 secs] 
5316.098: [Full GC (Ergonomics) [PSYoungGen: 151616K->0K(453632K)] [ParOldGen: 1271085K->220317K(1398272K)] 1422701K->220317K(1851904K), [Metaspace: 59718K->59718K(1105920K)], 0.5094500 secs] [Times: user=2.36 sys=0.00, real=0.51 secs] 
5319.786: [GC (Allocation Failure) [PSYoungGen: 301568K->88256K(498688K)] 521885K->308573K(1896960K), 0.1186698 secs] [Times: user=0.70 sys=0.00, real=0.12 secs] 
5320.546: [GC (Allocation Failure) [PSYoungGen: 386240K->164064K(462336K)] 606557K->466430K(1860608K), 0.0528978 secs] [Times: user=0.31 sys=0.00, real=0.05 secs] 
5323.684: [GC (Allocation Failure) [PSYoungGen: 462048K->95360K(494080K)] 764414K->544854K(1892352K), 0.1622152 secs] [Times: user=0.97 sys=0.00, real=0.16 secs] 
5325.010: [GC (Allocation Failure) [PSYoungGen: 378731K->138400K(424960K)] 828225K->673739K(1823232K), 0.0490053 secs] [Times: user=0.29 sys=0.00, real=0.05 secs] 
5326.843: [GC (Allocation Failure) [PSYoungGen: 424608K->94592K(491008K)] 959947K->759507K(1889280K), 0.1596095 secs] [Times: user=0.95 sys=0.01, real=0.16 secs] 
5328.148: [GC (Allocation Failure) [PSYoungGen: 383360K->139008K(488448K)] 1048275K->894304K(1886720K), 0.0465109 secs] [Times: user=0.27 sys=0.00, real=0.05 secs] 
5329.281: [GC (Allocation Failure) [PSYoungGen: 427776K->100352K(496128K)] 1183072K->985600K(1894400K), 0.0609564 secs] [Times: user=0.37 sys=0.00, real=0.07 secs] 
5331.720: [GC (Allocation Failure) [PSYoungGen: 400384K->137568K(495104K)] 1285632K->1120805K(1893376K), 0.0501824 secs] [Times: user=0.30 sys=0.00, real=0.05 secs] 
5332.876: [GC (Allocation Failure) [PSYoungGen: 437600K->106176K(498176K)] 1420837K->1217641K(1896448K), 0.0630730 secs] [Times: user=0.38 sys=0.00, real=0.06 secs] 
5335.485: [GC (Allocation Failure) [PSYoungGen: 416448K->143168K(499712K)] 1527913K->1358853K(1897984K), 0.0527750 secs] [Times: user=0.31 sys=0.00, real=0.05 secs] 
5336.644: [GC (Allocation Failure) [PSYoungGen: 453440K->107776K(503296K)] 1669125K->1457710K(1901568K), 0.0651242 secs] [Times: user=0.39 sys=0.01, real=0.06 secs] 
5336.709: [Full GC (Ergonomics) [PSYoungGen: 107776K->0K(503296K)] [ParOldGen: 1349933K->26013K(1398272K)] 1457710K->26013K(1901568K), [Metaspace: 59718K->59718K(1105920K)], 0.0508228 secs] [Times: user=0.16 sys=0.00, real=0.05 secs] 
5339.633: [GC (Allocation Failure) [PSYoungGen: 318976K->145632K(505856K)] 344989K->171645K(1904128K), 0.0282533 secs] [Times: user=0.17 sys=0.00, real=0.02 secs] 
5340.836: [GC (Allocation Failure) [PSYoungGen: 464608K->114976K(504832K)] 490621K->277277K(1903104K), 0.0646631 secs] [Times: user=0.38 sys=0.01, real=0.06 secs] 
5342.915: [GC (Allocation Failure) [PSYoungGen: 438048K->150688K(507392K)] 600349K->425261K(1905664K), 0.0547718 secs] [Times: user=0.32 sys=0.00, real=0.05 secs] 
5345.052: [GC (Allocation Failure) [PSYoungGen: 473760K->109120K(510976K)] 748333K->524810K(1909248K), 0.1531542 secs] [Times: user=0.74 sys=0.02, real=0.15 secs] 
5346.577: [GC (Allocation Failure) [PSYoungGen: 433099K->154592K(480256K)] 848789K->675626K(1878528K), 0.0527503 secs] [Times: user=0.32 sys=0.00, real=0.05 secs] 
5348.750: [GC (Allocation Failure) [PSYoungGen: 480224K->126944K(515072K)] 1001258K->793626K(1913344K), 0.1666652 secs] [Times: user=0.99 sys=0.00, real=0.17 secs] 
5349.745: [GC (Allocation Failure) [PSYoungGen: 452064K->173824K(499200K)] 1118746K->949507K(1897472K), 0.0545438 secs] [Times: user=0.33 sys=0.00, real=0.05 secs] 
5353.609: [GC (GCLocker Initiated GC) [PSYoungGen: 498944K->103136K(504832K)] 1274628K->1035164K(1903104K), 0.1556127 secs] [Times: user=0.92 sys=0.00, real=0.16 secs] 
5354.043: [GC (Allocation Failure) [PSYoungGen: 412384K->153920K(463360K)] 1344464K->1183397K(1861632K), 0.0580181 secs] [Times: user=0.35 sys=0.00, real=0.05 secs] 
5357.738: [GC (Allocation Failure) [PSYoungGen: 463168K->91264K(501248K)] 1492645K->1274461K(1899520K), 0.1482382 secs] [Times: user=0.88 sys=0.00, real=0.15 secs] 
5358.164: [GC (Allocation Failure) [PSYoungGen: 395904K->153120K(458240K)] 1579101K->1421788K(1856512K), 0.0561875 secs] [Times: user=0.34 sys=0.00, real=0.05 secs] 
5358.220: [Full GC (Ergonomics) [PSYoungGen: 153120K->0K(458240K)] [ParOldGen: 1268668K->226067K(1398272K)] 1421788K->226067K(1856512K), [Metaspace: 59718K->59718K(1105920K)], 0.5198733 secs] [Times: user=2.41 sys=0.00, real=0.52 secs] 
5362.031: [GC (Allocation Failure) [PSYoungGen: 304640K->87552K(498176K)] 530707K->313619K(1896448K), 0.0991761 secs] [Times: user=0.58 sys=0.00, real=0.10 secs] 
5362.458: [GC (Allocation Failure) [PSYoungGen: 386048K->149984K(448512K)] 612115K->457756K(1846784K), 0.0534460 secs] [Times: user=0.32 sys=0.00, real=0.06 secs] 
5364.783: [GC (Allocation Failure) [PSYoungGen: 448480K->87776K(497664K)] 756252K->545724K(1895936K), 0.1162877 secs] [Times: user=0.69 sys=0.01, real=0.11 secs] 
5365.281: [GC (Allocation Failure) [PSYoungGen: 383712K->147136K(497152K)] 841660K->686953K(1895424K), 0.0524102 secs] [Times: user=0.31 sys=0.00, real=0.06 secs] 
5368.327: [GC (Allocation Failure) [PSYoungGen: 443072K->88320K(496128K)] 982889K->774841K(1894400K), 0.1590179 secs] [Times: user=0.95 sys=0.00, real=0.16 secs] 
5369.459: [GC (Allocation Failure) [PSYoungGen: 378141K->140736K(496640K)] 1064662K->911598K(1894912K), 0.0489610 secs] [Times: user=0.29 sys=0.00, real=0.05 secs] 
5371.550: [GC (Allocation Failure) [PSYoungGen: 436672K->97088K(493568K)] 1207534K->1000470K(1891840K), 0.1693770 secs] [Times: user=0.99 sys=0.00, real=0.17 secs] 
5373.260: [GC (Allocation Failure) [PSYoungGen: 395584K->144992K(495616K)] 1298966K->1141415K(1893888K), 0.0482115 secs] [Times: user=0.29 sys=0.00, real=0.05 secs] 
5374.868: [GC (Allocation Failure) [PSYoungGen: 443488K->101280K(495616K)] 1439911K->1234219K(1893888K), 0.1247651 secs] [Times: user=0.73 sys=0.01, real=0.13 secs] 
5376.741: [GC (Allocation Failure) [PSYoungGen: 404896K->144576K(498176K)] 1537835K->1375011K(1896448K), 0.0505825 secs] [Times: user=0.30 sys=0.00, real=0.06 secs] 
5376.792: [Full GC (Ergonomics) [PSYoungGen: 144576K->0K(498176K)] [ParOldGen: 1230435K->181850K(1398272K)] 1375011K->181850K(1896448K), [Metaspace: 59718K->59718K(1105920K)], 0.4198906 secs] [Times: user=1.94 sys=0.00, real=0.42 secs] 
5378.421: [GC (Allocation Failure) [PSYoungGen: 303616K->104928K(498176K)] 485466K->286778K(1896448K), 0.0472010 secs] [Times: user=0.28 sys=0.00, real=0.05 secs] 
5380.516: [GC (Allocation Failure) [PSYoungGen: 413664K->146400K(500736K)] 595514K->429795K(1899008K), 0.0518540 secs] [Times: user=0.31 sys=0.00, real=0.05 secs] 
5382.246: [GC (Allocation Failure) [PSYoungGen: 455136K->106176K(500736K)] 738531K->526379K(1899008K), 0.1632514 secs] [Times: user=0.97 sys=0.01, real=0.16 secs] 
5384.640: [GC (Allocation Failure) [PSYoungGen: 419008K->147808K(502784K)] 839211K->670204K(1901056K), 0.0526766 secs] [Times: user=0.30 sys=0.01, real=0.06 secs] 
5386.618: [GC (Allocation Failure) [PSYoungGen: 460640K->106496K(504320K)] 983036K->767188K(1902592K), 0.1608798 secs] [Times: user=0.96 sys=0.00, real=0.16 secs] 
5388.243: [GC (Allocation Failure) [PSYoungGen: 422912K->162304K(479232K)] 1083604K->925852K(1877504K), 0.0542212 secs] [Times: user=0.32 sys=0.00, real=0.05 secs] 
5391.787: [GC (Allocation Failure) [PSYoungGen: 478720K->102400K(504832K)] 1242268K->1011484K(1903104K), 0.1460355 secs] [Times: user=0.86 sys=0.01, real=0.15 secs] 
5393.590: [GC (Allocation Failure) [PSYoungGen: 410112K->148320K(501760K)] 1319196K->1155841K(1900032K), 0.0505929 secs] [Times: user=0.30 sys=0.00, real=0.05 secs] 
5395.815: [GC (Allocation Failure) [PSYoungGen: 456032K->104640K(500736K)] 1463553K->1251549K(1899008K), 0.1639231 secs] [Times: user=0.97 sys=0.00, real=0.16 secs] 
5396.823: [GC (Allocation Failure) [PSYoungGen: 413376K->149184K(501760K)] 1560285K->1396714K(1900032K), 0.0529219 secs] [Times: user=0.32 sys=0.00, real=0.05 secs] 
5396.876: [Full GC (Ergonomics) [PSYoungGen: 149184K->0K(501760K)] [ParOldGen: 1247530K->194871K(1398272K)] 1396714K->194871K(1900032K), [Metaspace: 59720K->59720K(1105920K)], 0.4620539 secs] [Times: user=2.14 sys=0.00, real=0.46 secs] 
5399.426: [GC (Allocation Failure) [PSYoungGen: 308736K->106944K(501760K)] 503607K->301815K(1900032K), 0.0669137 secs] [Times: user=0.40 sys=0.00, real=0.07 secs] 
5400.444: [GC (Allocation Failure) [PSYoungGen: 413566K->146304K(502784K)] 608438K->443916K(1901056K), 0.0504466 secs] [Times: user=0.30 sys=0.00, real=0.05 secs] 
5403.293: [GC (Allocation Failure) [PSYoungGen: 457088K->103296K(502784K)] 754700K->537980K(1901056K), 0.1485916 secs] [Times: user=0.89 sys=0.00, real=0.15 secs] 
5404.622: [GC (Allocation Failure) [PSYoungGen: 409272K->147936K(504320K)] 843957K->682529K(1902592K), 0.0499256 secs] [Times: user=0.29 sys=0.01, real=0.05 secs] 
5407.056: [GC (Allocation Failure) [PSYoungGen: 461792K->105376K(505344K)] 996385K->779025K(1903616K), 0.1468804 secs] [Times: user=0.87 sys=0.01, real=0.15 secs] 
5408.588: [GC (Allocation Failure) [PSYoungGen: 409792K->145792K(505856K)] 1083442K->920973K(1904128K), 0.0504848 secs] [Times: user=0.30 sys=0.00, real=0.05 secs] 
5410.879: [GC (Allocation Failure) [PSYoungGen: 461696K->104448K(504832K)] 1236877K->1016557K(1903104K), 0.1127615 secs] [Times: user=0.66 sys=0.00, real=0.12 secs] 
5412.353: [GC (Allocation Failure) [PSYoungGen: 413745K->148288K(506368K)] 1325855K->1160262K(1904640K), 0.0504952 secs] [Times: user=0.30 sys=0.00, real=0.05 secs] 
5414.819: [GC (Allocation Failure) [PSYoungGen: 466240K->109408K(505856K)] 1478214K->1260346K(1904128K), 0.1688725 secs] [Times: user=1.00 sys=0.00, real=0.17 secs] 
5415.909: [GC (Allocation Failure) [PSYoungGen: 428896K->153280K(506880K)] 1579834K->1409575K(1905152K), 0.0530723 secs] [Times: user=0.32 sys=0.00, real=0.06 secs] 
5415.962: [Full GC (Ergonomics) [PSYoungGen: 153280K->0K(506880K)] [ParOldGen: 1256295K->207098K(1398272K)] 1409575K->207098K(1905152K), [Metaspace: 59721K->59721K(1105920K)], 0.4749535 secs] [Times: user=2.20 sys=0.00, real=0.47 secs] 
5419.035: [GC (Allocation Failure) [PSYoungGen: 319488K->98816K(508416K)] 526586K->305914K(1906688K), 0.1302625 secs] [Times: user=0.77 sys=0.00, real=0.13 secs] 
5419.499: [GC (Allocation Failure) [PSYoungGen: 415744K->159136K(476160K)] 622842K->459063K(1874432K), 0.0550707 secs] [Times: user=0.33 sys=0.01, real=0.06 secs] 
5422.821: [GC (Allocation Failure) [PSYoungGen: 476064K->95712K(503808K)] 775991K->554903K(1902080K), 0.1476753 secs] [Times: user=0.88 sys=0.00, real=0.15 secs] 
5423.270: [GC (Allocation Failure) [PSYoungGen: 402912K->154368K(461824K)] 862103K->703467K(1860096K), 0.0557707 secs] [Times: user=0.33 sys=0.00, real=0.06 secs] 
5426.212: [GC (Allocation Failure) [PSYoungGen: 461568K->91136K(500736K)] 1010667K->794763K(1899008K), 0.1319238 secs] [Times: user=0.79 sys=0.00, real=0.13 secs] 
5426.638: [GC (Allocation Failure) [PSYoungGen: 392704K->151680K(453632K)] 1096331K->940768K(1851904K), 0.0547371 secs] [Times: user=0.33 sys=0.00, real=0.06 secs] 
5430.262: [GC (Allocation Failure) [PSYoungGen: 453248K->87808K(498688K)] 1242336K->1028788K(1896960K), 0.1548363 secs] [Times: user=0.92 sys=0.00, real=0.15 secs] 
5430.872: [GC (Allocation Failure) [PSYoungGen: 385792K->147968K(446464K)] 1326772K->1171061K(1844736K), 0.0533769 secs] [Times: user=0.32 sys=0.00, real=0.05 secs] 
5433.849: [GC (Allocation Failure) [PSYoungGen: 445952K->87712K(498176K)] 1469045K->1258397K(1896448K), 0.1603219 secs] [Times: user=0.95 sys=0.00, real=0.16 secs] 
5434.901: [GC (Allocation Failure) [PSYoungGen: 384160K->180064K(476672K)] 1554845K->1432958K(1874944K), 0.0534748 secs] [Times: user=0.32 sys=0.00, real=0.06 secs] 
5434.955: [Full GC (Ergonomics) [PSYoungGen: 180064K->0K(476672K)] [ParOldGen: 1252894K->205366K(1398272K)] 1432958K->205366K(1874944K), [Metaspace: 59721K->59721K(1105920K)], 0.4687626 secs] [Times: user=2.18 sys=0.00, real=0.47 secs] 
5437.216: [GC (Allocation Failure) [PSYoungGen: 296448K->90368K(486912K)] 501814K->295734K(1885184K), 0.1596147 secs] [Times: user=0.95 sys=0.00, real=0.16 secs] 
5438.772: [GC (Allocation Failure) [PSYoungGen: 362752K->131904K(404480K)] 568118K->423111K(1802752K), 0.0457851 secs] [Times: user=0.27 sys=0.00, real=0.04 secs] 
5439.879: [GC (Allocation Failure) [PSYoungGen: 404288K->90816K(481280K)] 695495K->505227K(1879552K), 0.0592714 secs] [Times: user=0.36 sys=0.00, real=0.06 secs] 
5441.979: [GC (Allocation Failure) [PSYoungGen: 365760K->125888K(478720K)] 780171K->629136K(1876992K), 0.0460882 secs] [Times: user=0.27 sys=0.00, real=0.05 secs] 
5443.822: [GC (Allocation Failure) [PSYoungGen: 400832K->110176K(489984K)] 904080K->729680K(1888256K), 0.0603610 secs] [Times: user=0.35 sys=0.00, real=0.06 secs] 
5445.761: [GC (Allocation Failure) [PSYoungGen: 404064K->117888K(485888K)] 1023568K->847664K(1884160K), 0.0627068 secs] [Times: user=0.37 sys=0.00, real=0.07 secs] 
5447.091: [GC (Allocation Failure) [PSYoungGen: 411776K->130560K(499200K)] 1141552K->967461K(1897472K), 0.0612839 secs] [Times: user=0.37 sys=0.00, real=0.07 secs] 
5447.877: [GC (Allocation Failure) [PSYoungGen: 444416K->120608K(496128K)] 1281317K->1088173K(1894400K), 0.0579802 secs] [Times: user=0.34 sys=0.00, real=0.06 secs] 
5449.903: [GC (Allocation Failure) [PSYoungGen: 434464K->127648K(510976K)] 1402029K->1205534K(1909248K), 0.0618490 secs] [Times: user=0.37 sys=0.00, real=0.06 secs] 
5452.013: [GC (Allocation Failure) [PSYoungGen: 461984K->134720K(507904K)] 1539870K->1340014K(1906176K), 0.0590462 secs] [Times: user=0.35 sys=0.00, real=0.06 secs] 
5453.199: [GC (Allocation Failure) [PSYoungGen: 469056K->9760K(497152K)] 1674350K->1215274K(1895424K), 0.0041131 secs] [Times: user=0.02 sys=0.00, real=0.01 secs] 
5456.487: [GC (Allocation Failure) [PSYoungGen: 333856K->147520K(472064K)] 1539370K->1360670K(1870336K), 0.0317571 secs] [Times: user=0.19 sys=0.00, real=0.03 secs] 
5456.519: [Full GC (Ergonomics) [PSYoungGen: 147520K->0K(472064K)] [ParOldGen: 1213150K->168541K(1398272K)] 1360670K->168541K(1870336K), [Metaspace: 59723K->59703K(1105920K)], 0.3992430 secs] [Times: user=1.81 sys=0.00, real=0.40 secs] 
5458.035: [GC (Allocation Failure) [PSYoungGen: 324096K->117312K(513024K)] 492637K->285853K(1911296K), 0.0381420 secs] [Times: user=0.19 sys=0.00, real=0.04 secs] 
5460.290: [GC (Allocation Failure) [PSYoungGen: 437312K->150368K(505856K)] 605853K->432564K(1904128K), 0.0565746 secs] [Times: user=0.33 sys=0.00, real=0.06 secs] 
5461.904: [GC (Allocation Failure) [PSYoungGen: 470368K->109088K(507392K)] 752564K->532172K(1905664K), 0.1459728 secs] [Times: user=0.86 sys=0.01, real=0.14 secs] 
5464.716: [GC (Allocation Failure) [PSYoungGen: 429600K->151776K(506880K)] 852684K->679741K(1905152K), 0.0532679 secs] [Times: user=0.31 sys=0.00, real=0.05 secs] 
5466.945: [GC (Allocation Failure) [PSYoungGen: 472288K->110272K(507392K)] 1000253K->780837K(1905664K), 0.1571701 secs] [Times: user=0.94 sys=0.00, real=0.16 secs] 
5468.450: [GC (Allocation Failure) [PSYoungGen: 430272K->155040K(475136K)] 1100837K->932134K(1873408K), 0.0536672 secs] [Times: user=0.32 sys=0.00, real=0.06 secs] 
5470.932: [GC (GCLocker Initiated GC) [PSYoungGen: 475040K->97024K(508416K)] 1252134K->1029250K(1906688K), 0.1428293 secs] [Times: user=0.85 sys=0.00, real=0.14 secs] 
5471.745: [GC (Allocation Failure) [PSYoungGen: 412416K->172832K(488448K)] 1344645K->1195824K(1886720K), 0.0572603 secs] [Times: user=0.34 sys=0.00, real=0.06 secs] 
5474.765: [GC (Allocation Failure) [PSYoungGen: 488224K->96736K(498688K)] 1511216K->1275836K(1896960K), 0.1674375 secs] [Times: user=0.99 sys=0.00, real=0.17 secs] 
5475.434: [GC (Allocation Failure) [PSYoungGen: 392672K->147264K(496128K)] 1571772K->1417087K(1894400K), 0.0552919 secs] [Times: user=0.33 sys=0.00, real=0.05 secs] 
5475.489: [Full GC (Ergonomics) [PSYoungGen: 147264K->0K(496128K)] [ParOldGen: 1269823K->214904K(1398272K)] 1417087K->214904K(1894400K), [Metaspace: 59703K->59703K(1105920K)], 0.4921590 secs] [Times: user=2.28 sys=0.00, real=0.49 secs] 
5478.889: [GC (Allocation Failure) [PSYoungGen: 295936K->92736K(497152K)] 510840K->307640K(1895424K), 0.1323116 secs] [Times: user=0.79 sys=0.00, real=0.14 secs] 
5480.172: [GC (Allocation Failure) [PSYoungGen: 375593K->138112K(497152K)] 590498K->435469K(1895424K), 0.0475851 secs] [Times: user=0.28 sys=0.00, real=0.04 secs] 
5482.276: [GC (Allocation Failure) [PSYoungGen: 435584K->98624K(495104K)] 732941K->525469K(1893376K), 0.1635662 secs] [Times: user=0.98 sys=0.00, real=0.16 secs] 
5484.562: [GC (Allocation Failure) [PSYoungGen: 400192K->145888K(496128K)] 827037K->666762K(1894400K), 0.0479638 secs] [Times: user=0.29 sys=0.00, real=0.04 secs] 
5486.284: [GC (Allocation Failure) [PSYoungGen: 447456K->102944K(498176K)] 968330K->761070K(1896448K), 0.1530265 secs] [Times: user=0.91 sys=0.01, real=0.15 secs] 
5487.881: [GC (Allocation Failure) [PSYoungGen: 410656K->148032K(500224K)] 1068782K->905068K(1898496K), 0.0510556 secs] [Times: user=0.31 sys=0.00, real=0.06 secs] 
5489.683: [GC (Allocation Failure) [PSYoungGen: 455744K->106816K(501248K)] 1212780K->1002364K(1899520K), 0.1686608 secs] [Times: user=1.00 sys=0.00, real=0.17 secs] 
5491.432: [GC (Allocation Failure) [PSYoungGen: 417600K->147904K(502272K)] 1313148K->1146509K(1900544K), 0.0526044 secs] [Times: user=0.31 sys=0.00, real=0.05 secs] 
5493.328: [GC (Allocation Failure) [PSYoungGen: 458688K->104576K(503296K)] 1457293K->1241753K(1901568K), 0.1618043 secs] [Times: user=0.96 sys=0.00, real=0.16 secs] 
5495.729: [GC (Allocation Failure) [PSYoungGen: 418432K->149600K(504320K)] 1555609K->1387173K(1902592K), 0.0517974 secs] [Times: user=0.31 sys=0.00, real=0.05 secs] 
5495.781: [Full GC (Ergonomics) [PSYoungGen: 149600K->0K(504320K)] [ParOldGen: 1237573K->194310K(1398272K)] 1387173K->194310K(1902592K), [Metaspace: 59707K->59707K(1105920K)], 0.4654684 secs] [Times: user=2.17 sys=0.00, real=0.47 secs] 
5498.085: [GC (Allocation Failure) [PSYoungGen: 313856K->105888K(504320K)] 508166K->300198K(1902592K), 0.0683475 secs] [Times: user=0.41 sys=0.00, real=0.07 secs] 
5499.616: [GC (Allocation Failure) [PSYoungGen: 412923K->147232K(504832K)] 607234K->443275K(1903104K), 0.0501474 secs] [Times: user=0.30 sys=0.00, real=0.05 secs] 
5501.337: [GC (Allocation Failure) [PSYoungGen: 462112K->108576K(503808K)] 758155K->542731K(1902080K), 0.1199092 secs] [Times: user=0.72 sys=0.00, real=0.12 secs] 
5502.145: [GC (Allocation Failure) [PSYoungGen: 425504K->154176K(505344K)] 859659K->692830K(1903616K), 0.0524700 secs] [Times: user=0.31 sys=0.00, real=0.05 secs] 
5505.699: [GC (Allocation Failure) [PSYoungGen: 471104K->96384K(506880K)] 1009758K->788718K(1905152K), 0.1688334 secs] [Times: user=1.01 sys=0.01, real=0.17 secs] 
5506.328: [GC (Allocation Failure) [PSYoungGen: 410240K->157184K(471552K)] 1102574K->939859K(1869824K), 0.0563962 secs] [Times: user=0.33 sys=0.00, real=0.06 secs] 
5509.052: [GC (Allocation Failure) [PSYoungGen: 471040K->94944K(502784K)] 1253715K->1034607K(1901056K), 0.1159413 secs] [Times: user=0.69 sys=0.00, real=0.11 secs] 
5509.599: [GC (Allocation Failure) [PSYoungGen: 400096K->152864K(458240K)] 1339759K->1181392K(1856512K), 0.0553127 secs] [Times: user=0.33 sys=0.00, real=0.06 secs] 
5513.059: [GC (Allocation Failure) [PSYoungGen: 458016K->90208K(500224K)] 1486544K->1271616K(1898496K), 0.1663162 secs] [Times: user=0.99 sys=0.00, real=0.17 secs] 
5513.955: [GC (Allocation Failure) [PSYoungGen: 391264K->149600K(451072K)] 1572672K->1415157K(1849344K), 0.0544059 secs] [Times: user=0.32 sys=0.00, real=0.05 secs] 
5514.010: [Full GC (Ergonomics) [PSYoungGen: 149600K->0K(451072K)] [ParOldGen: 1265557K->213376K(1398272K)] 1415157K->213376K(1849344K), [Metaspace: 59710K->59710K(1105920K)], 0.4812901 secs] [Times: user=2.23 sys=0.00, real=0.48 secs] 
5516.591: [GC (Allocation Failure) [PSYoungGen: 301056K->92832K(500224K)] 514432K->306208K(1898496K), 0.1179685 secs] [Times: user=0.70 sys=0.00, real=0.12 secs] 
5517.147: [GC (Allocation Failure) [PSYoungGen: 392352K->146720K(498176K)] 605728K->447301K(1896448K), 0.0528446 secs] [Times: user=0.31 sys=0.00, real=0.05 secs] 
5520.145: [GC (Allocation Failure) [PSYoungGen: 445791K->92000K(497664K)] 746372K->538457K(1895936K), 0.1599805 secs] [Times: user=0.96 sys=0.00, real=0.16 secs] 
5521.628: [GC (Allocation Failure) [PSYoungGen: 385538K->138176K(498176K)] 831995K->672949K(1896448K), 0.0491169 secs] [Times: user=0.29 sys=0.00, real=0.05 secs] 
5524.297: [GC (Allocation Failure) [PSYoungGen: 438208K->100992K(494592K)] 972981K->765373K(1892864K), 0.1651236 secs] [Times: user=0.98 sys=0.00, real=0.17 secs] 
5525.343: [GC (Allocation Failure) [PSYoungGen: 405120K->146144K(497152K)] 1069501K->908034K(1895424K), 0.0507009 secs] [Times: user=0.30 sys=0.00, real=0.05 secs] 
5527.461: [GC (Allocation Failure) [PSYoungGen: 450272K->101312K(501760K)] 1212162K->1000474K(1900032K), 0.1252418 secs] [Times: user=0.75 sys=0.00, real=0.13 secs] 
5528.494: [GC (Allocation Failure) [PSYoungGen: 412096K->153088K(464384K)] 1311258K->1149847K(1862656K), 0.0511753 secs] [Times: user=0.30 sys=0.00, real=0.05 secs] 
5531.390: [GC (Allocation Failure) [PSYoungGen: 463872K->100448K(505344K)] 1460631K->1241919K(1903616K), 0.1627794 secs] [Times: user=0.96 sys=0.01, real=0.17 secs] 
5533.113: [GC (Allocation Failure) [PSYoungGen: 409184K->147840K(502272K)] 1550655K->1385628K(1900544K), 0.0507720 secs] [Times: user=0.30 sys=0.00, real=0.05 secs] 
5533.163: [Full GC (Ergonomics) [PSYoungGen: 147840K->0K(502272K)] [ParOldGen: 1237788K->192950K(1398272K)] 1385628K->192950K(1900544K), [Metaspace: 59710K->59710K(1105920K)], 0.4575292 secs] [Times: user=2.13 sys=0.00, real=0.45 secs] 
5535.681: [GC (Allocation Failure) [PSYoungGen: 308736K->102656K(500736K)] 501686K->295606K(1899008K), 0.0877852 secs] [Times: user=0.52 sys=0.00, real=0.09 secs] 
5537.746: [GC (Allocation Failure) [PSYoungGen: 411904K->147520K(501760K)] 604854K->439303K(1900032K), 0.0492854 secs] [Times: user=0.30 sys=0.00, real=0.05 secs] 
5539.624: [GC (Allocation Failure) [PSYoungGen: 456768K->105792K(500736K)] 748551K->536107K(1899008K), 0.1656731 secs] [Times: user=0.99 sys=0.00, real=0.16 secs] 
5540.746: [GC (Allocation Failure) [PSYoungGen: 417088K->149984K(502272K)] 847403K->682272K(1900544K), 0.0510535 secs] [Times: user=0.31 sys=0.00, real=0.05 secs] 
5542.892: [GC (Allocation Failure) [PSYoungGen: 461280K->106240K(504320K)] 993568K->779504K(1902592K), 0.1599897 secs] [Times: user=0.94 sys=0.01, real=0.16 secs] 
5544.622: [GC (Allocation Failure) [PSYoungGen: 413144K->145344K(504320K)] 1086409K->920821K(1902592K), 0.0504289 secs] [Times: user=0.30 sys=0.00, real=0.05 secs] 
5546.844: [GC (Allocation Failure) [PSYoungGen: 458688K->105504K(502784K)] 1234165K->1017565K(1901056K), 0.1644600 secs] [Times: user=0.98 sys=0.00, real=0.16 secs] 
5548.234: [GC (Allocation Failure) [PSYoungGen: 411561K->145888K(504832K)] 1323623K->1159758K(1903104K), 0.0507210 secs] [Times: user=0.30 sys=0.00, real=0.05 secs] 
5550.735: [GC (Allocation Failure) [PSYoungGen: 461792K->104288K(506368K)] 1475662K->1255222K(1904640K), 0.1582183 secs] [Times: user=0.95 sys=0.00, real=0.16 secs] 
5552.838: [GC (Allocation Failure) [PSYoungGen: 414251K->147200K(507392K)] 1565186K->1398423K(1905664K), 0.0509240 secs] [Times: user=0.30 sys=0.00, real=0.05 secs] 
5552.889: [Full GC (Ergonomics) [PSYoungGen: 147200K->0K(507392K)] [ParOldGen: 1251223K->195995K(1398272K)] 1398423K->195995K(1905664K), [Metaspace: 59710K->59710K(1105920K)], 0.4721824 secs] [Times: user=2.21 sys=0.00, real=0.47 secs] 
5555.227: [GC (Allocation Failure) [PSYoungGen: 319488K->110304K(505856K)] 515483K->306299K(1904128K), 0.1007642 secs] [Times: user=0.59 sys=0.01, real=0.10 secs] 
5556.077: [GC (Allocation Failure) [PSYoungGen: 431328K->154112K(507392K)] 627323K->456516K(1905664K), 0.0525538 secs] [Times: user=0.31 sys=0.00, real=0.05 secs] 
5558.604: [GC (GCLocker Initiated GC) [PSYoungGen: 475136K->99520K(508928K)] 777541K->555025K(1907200K), 0.1441264 secs] [Times: user=0.86 sys=0.00, real=0.14 secs] 
5559.384: [GC (Allocation Failure) [PSYoungGen: 416960K->159008K(476672K)] 872499K->707719K(1874944K), 0.0566619 secs] [Times: user=0.33 sys=0.00, real=0.05 secs] 
5562.642: [GC (Allocation Failure) [PSYoungGen: 476448K->96384K(504320K)] 1025159K->804115K(1902592K), 0.1485306 secs] [Times: user=0.89 sys=0.00, real=0.14 secs] 
5563.062: [GC (Allocation Failure) [PSYoungGen: 404608K->152864K(461312K)] 1112339K->950808K(1859584K), 0.0553291 secs] [Times: user=0.33 sys=0.00, real=0.05 secs] 
5565.518: [GC (Allocation Failure) [PSYoungGen: 461088K->95840K(502272K)] 1259032K->1046240K(1900544K), 0.1263438 secs] [Times: user=0.76 sys=0.00, real=0.13 secs] 
5565.935: [GC (Allocation Failure) [PSYoungGen: 399968K->150944K(455168K)] 1350368K->1191312K(1853440K), 0.0556270 secs] [Times: user=0.33 sys=0.00, real=0.05 secs] 
5569.421: [GC (Allocation Failure) [PSYoungGen: 455072K->90912K(500736K)] 1495440K->1281997K(1899008K), 0.1560158 secs] [Times: user=0.93 sys=0.00, real=0.16 secs] 
5569.848: [GC (Allocation Failure) [PSYoungGen: 392480K->149952K(451584K)] 1583565K->1426365K(1849856K), 0.0557520 secs] [Times: user=0.33 sys=0.00, real=0.06 secs] 
5569.904: [Full GC (Ergonomics) [PSYoungGen: 149952K->0K(451584K)] [ParOldGen: 1276413K->224755K(1398272K)] 1426365K->224755K(1849856K), [Metaspace: 59710K->59710K(1105920K)], 0.5257955 secs] [Times: user=2.45 sys=0.00, real=0.52 secs] 
5573.678: [GC (Allocation Failure) [PSYoungGen: 301568K->86688K(499200K)] 526323K->311443K(1897472K), 0.1117859 secs] [Times: user=0.65 sys=0.01, real=0.11 secs] 
5574.135: [GC (Allocation Failure) [PSYoungGen: 385696K->150016K(449536K)] 610451K->455344K(1847808K), 0.0517530 secs] [Times: user=0.31 sys=0.00, real=0.05 secs] 
5577.872: [GC (Allocation Failure) [PSYoungGen: 449024K->86784K(497664K)] 754352K->542160K(1895936K), 0.1450595 secs] [Times: user=0.86 sys=0.00, real=0.14 secs] 
5578.795: [GC (Allocation Failure) [PSYoungGen: 365892K->136704K(432640K)] 821268K->673076K(1830912K), 0.0477475 secs] [Times: user=0.29 sys=0.00, real=0.05 secs] 
5580.468: [GC (Allocation Failure) [PSYoungGen: 432128K->98816K(497664K)] 968500K->763393K(1895936K), 0.1361644 secs] [Times: user=0.80 sys=0.01, real=0.14 secs] 
5581.248: [GC (Allocation Failure) [PSYoungGen: 397824K->145312K(494080K)] 1062401K->904893K(1892352K), 0.0501820 secs] [Times: user=0.29 sys=0.00, real=0.05 secs] 
5582.897: [GC (Allocation Failure) [PSYoungGen: 444320K->100128K(498688K)] 1203901K->996629K(1896960K), 0.1126483 secs] [Times: user=0.67 sys=0.00, real=0.11 secs] 
5584.746: [GC (Allocation Failure) [PSYoungGen: 406816K->147744K(500224K)] 1303317K->1140810K(1898496K), 0.0509689 secs] [Times: user=0.31 sys=0.00, real=0.05 secs] 
5587.117: [GC (Allocation Failure) [PSYoungGen: 454432K->101984K(500736K)] 1447498K->1233918K(1899008K), 0.0824763 secs] [Times: user=0.49 sys=0.00, real=0.08 secs] 
5588.203: [GC (Allocation Failure) [PSYoungGen: 411232K->148960K(501760K)] 1543166K->1379307K(1900032K), 0.0517669 secs] [Times: user=0.30 sys=0.00, real=0.05 secs] 
5588.255: [Full GC (Ergonomics) [PSYoungGen: 148960K->0K(501760K)] [ParOldGen: 1230347K->186230K(1398272K)] 1379307K->186230K(1900032K), [Metaspace: 59711K->59711K(1105920K)], 0.4380102 secs] [Times: user=2.02 sys=0.00, real=0.44 secs] 
5590.811: [GC (Allocation Failure) [PSYoungGen: 309248K->104000K(502272K)] 495478K->290231K(1900544K), 0.0620098 secs] [Times: user=0.37 sys=0.00, real=0.07 secs] 
5592.830: [GC (Allocation Failure) [PSYoungGen: 414784K->160256K(471552K)] 601015K->446555K(1869824K), 0.0517825 secs] [Times: user=0.31 sys=0.00, real=0.05 secs] 
5594.680: [GC (Allocation Failure) [PSYoungGen: 471040K->104512K(503296K)] 757339K->534195K(1901568K), 0.1383549 secs] [Times: user=0.82 sys=0.00, real=0.14 secs] 
5596.413: [GC (Allocation Failure) [PSYoungGen: 408640K->146592K(499712K)] 838323K->676960K(1897984K), 0.0506524 secs] [Times: user=0.30 sys=0.00, real=0.05 secs] 
5598.477: [GC (Allocation Failure) [PSYoungGen: 450720K->101856K(500736K)] 981088K->770092K(1899008K), 0.1690383 secs] [Times: user=1.00 sys=0.01, real=0.17 secs] 
5600.981: [GC (Allocation Failure) [PSYoungGen: 408544K->147648K(500736K)] 1076780K->913897K(1899008K), 0.0507332 secs] [Times: user=0.30 sys=0.00, real=0.06 secs] 
5602.713: [GC (Allocation Failure) [PSYoungGen: 454336K->103040K(500224K)] 1220585K->1008233K(1898496K), 0.1012080 secs] [Times: user=0.60 sys=0.01, real=0.10 secs] 
5604.689: [GC (Allocation Failure) [PSYoungGen: 412288K->147648K(501760K)] 1317481K->1151910K(1900032K), 0.0509675 secs] [Times: user=0.30 sys=0.00, real=0.05 secs] 
5606.482: [GC (Allocation Failure) [PSYoungGen: 456896K->104736K(502272K)] 1461158K->1247454K(1900544K), 0.1674246 secs] [Times: user=1.00 sys=0.00, real=0.16 secs] 
5608.397: [GC (Allocation Failure) [PSYoungGen: 416544K->148960K(503296K)] 1559262K->1392507K(1901568K), 0.0524159 secs] [Times: user=0.31 sys=0.01, real=0.05 secs] 
5608.449: [Full GC (Ergonomics) [PSYoungGen: 148960K->0K(503296K)] [ParOldGen: 1243547K->191305K(1398272K)] 1392507K->191305K(1901568K), [Metaspace: 59711K->59711K(1105920K)], 0.4454809 secs] [Times: user=2.05 sys=0.00, real=0.45 secs] 
5610.725: [GC (GCLocker Initiated GC) [PSYoungGen: 311808K->106144K(503808K)] 503113K->297449K(1902080K), 0.0870362 secs] [Times: user=0.51 sys=0.01, real=0.09 secs] 
5613.260: [GC (Allocation Failure) [PSYoungGen: 419488K->157760K(471552K)] 610828K->450996K(1869824K), 0.0508913 secs] [Times: user=0.30 sys=0.00, real=0.05 secs] 
5615.581: [GC (Allocation Failure) [PSYoungGen: 471104K->104512K(505344K)] 764340K->538780K(1903616K), 0.1684837 secs] [Times: user=1.00 sys=0.00, real=0.17 secs] 
5617.717: [GC (Allocation Failure) [PSYoungGen: 412207K->148224K(502272K)] 846475K->682805K(1900544K), 0.0509915 secs] [Times: user=0.30 sys=0.00, real=0.05 secs] 
5620.087: [GC (GCLocker Initiated GC) [PSYoungGen: 456960K->103360K(501760K)] 991541K->777421K(1900032K), 0.1646854 secs] [Times: user=0.98 sys=0.01, real=0.17 secs] 
5621.321: [GC (Allocation Failure) [PSYoungGen: 413632K->140128K(502784K)] 1104080K->930457K(1901056K), 0.2452410 secs] [Times: user=1.47 sys=0.00, real=0.25 secs] 
5625.351: [GC (Allocation Failure) [PSYoungGen: 450400K->90656K(505344K)] 1240729K->1020857K(1903616K), 0.4371127 secs] [Times: user=2.62 sys=0.01, real=0.44 secs] 
5626.651: [GC (Allocation Failure) [PSYoungGen: 405536K->153216K(468480K)] 1335737K->1170409K(1866752K), 0.0541321 secs] [Times: user=0.32 sys=0.00, real=0.06 secs] 
5629.876: [GC (Allocation Failure) [PSYoungGen: 468096K->94528K(504832K)] 1485289K->1264625K(1903104K), 0.1731017 secs] [Times: user=1.03 sys=0.00, real=0.17 secs] 
5630.844: [GC (Allocation Failure) [PSYoungGen: 403776K->151232K(460800K)] 1573873K->1412006K(1859072K), 0.0552513 secs] [Times: user=0.32 sys=0.00, real=0.05 secs] 
5630.899: [Full GC (Ergonomics) [PSYoungGen: 151232K->0K(460800K)] [ParOldGen: 1260774K->208937K(1398272K)] 1412006K->208937K(1859072K), [Metaspace: 59711K->59711K(1105920K)], 0.4825937 secs] [Times: user=2.25 sys=0.00, real=0.49 secs] 
5634.995: [GC (Allocation Failure) [PSYoungGen: 309248K->90592K(502784K)] 518185K->299529K(1901056K), 0.1535029 secs] [Times: user=0.91 sys=0.00, real=0.15 secs] 
5635.737: [GC (Allocation Failure) [PSYoungGen: 396256K->150016K(456192K)] 605193K->445906K(1854464K), 0.0533539 secs] [Times: user=0.32 sys=0.00, real=0.05 secs] 
5637.935: [GC (Allocation Failure) [PSYoungGen: 455680K->92960K(501760K)] 751570K->538938K(1900032K), 0.1479701 secs] [Times: user=0.88 sys=0.00, real=0.15 secs] 
5639.066: [GC (Allocation Failure) [PSYoungGen: 395552K->147584K(499712K)] 841530K->682686K(1897984K), 0.0534991 secs] [Times: user=0.31 sys=0.00, real=0.05 secs] 
5641.603: [GC (Allocation Failure) [PSYoungGen: 450176K->92480K(499712K)] 985278K->775066K(1897984K), 0.1556094 secs] [Times: user=0.92 sys=0.00, real=0.15 secs] 
5642.243: [GC (Allocation Failure) [PSYoungGen: 385349K->140320K(499712K)] 1067936K->911787K(1897984K), 0.0494248 secs] [Times: user=0.29 sys=0.00, real=0.05 secs] 
5644.632: [GC (Allocation Failure) [PSYoungGen: 442912K->100736K(495104K)] 1214379K->1003695K(1893376K), 0.1653229 secs] [Times: user=0.99 sys=0.01, real=0.16 secs] 
5645.986: [GC (Allocation Failure) [PSYoungGen: 405888K->149984K(498176K)] 1308847K->1149296K(1896448K), 0.0495726 secs] [Times: user=0.30 sys=0.00, real=0.05 secs] 
5648.373: [GC (Allocation Failure) [PSYoungGen: 455136K->101216K(502272K)] 1454448K->1241896K(1900544K), 0.1708529 secs] [Times: user=1.01 sys=0.00, real=0.17 secs] 
5650.944: [GC (Allocation Failure) [PSYoungGen: 410464K->149184K(502272K)] 1551144K->1386493K(1900544K), 0.0504746 secs] [Times: user=0.30 sys=0.00, real=0.05 secs] 
5650.995: [Full GC (Ergonomics) [PSYoungGen: 149184K->0K(502272K)] [ParOldGen: 1237309K->193599K(1398272K)] 1386493K->193599K(1900544K), [Metaspace: 59712K->59712K(1105920K)], 0.4508351 secs] [Times: user=2.08 sys=0.00, real=0.45 secs] 
5653.525: [GC (Allocation Failure) [PSYoungGen: 309248K->102560K(502272K)] 502847K->296159K(1900544K), 0.1007057 secs] [Times: user=0.59 sys=0.00, real=0.10 secs] 
5655.556: [GC (Allocation Failure) [PSYoungGen: 411808K->150016K(502272K)] 605407K->441748K(1900544K), 0.0495266 secs] [Times: user=0.30 sys=0.00, real=0.05 secs] 
5657.655: [GC (Allocation Failure) [PSYoungGen: 459264K->102720K(502784K)] 750996K->536112K(1901056K), 0.1673898 secs] [Times: user=0.99 sys=0.01, real=0.17 secs] 
5658.881: [GC (Allocation Failure) [PSYoungGen: 409449K->149472K(502784K)] 842842K->681233K(1901056K), 0.0496032 secs] [Times: user=0.29 sys=0.00, real=0.05 secs] 
5660.901: [GC (Allocation Failure) [PSYoungGen: 459232K->103360K(502272K)] 990993K->775913K(1900544K), 0.1663109 secs] [Times: user=0.99 sys=0.00, real=0.17 secs] 
5662.196: [GC (Allocation Failure) [PSYoungGen: 413632K->148768K(502784K)] 1086185K->920184K(1901056K), 0.0496778 secs] [Times: user=0.29 sys=0.01, real=0.05 secs] 
5664.638: [GC (Allocation Failure) [PSYoungGen: 459040K->105184K(501760K)] 1230456K->1015912K(1900032K), 0.1559584 secs] [Times: user=0.93 sys=0.00, real=0.16 secs] 
5665.865: [GC (Allocation Failure) [PSYoungGen: 408233K->146432K(502784K)] 1318961K->1158533K(1901056K), 0.0511868 secs] [Times: user=0.31 sys=0.00, real=0.05 secs] 
5668.153: [GC (Allocation Failure) [PSYoungGen: 457728K->106208K(502784K)] 1469829K->1255925K(1901056K), 0.1715061 secs] [Times: user=1.02 sys=0.00, real=0.17 secs] 
5668.936: [GC (Allocation Failure) [PSYoungGen: 409871K->145536K(504320K)] 1559589K->1397569K(1902592K), 0.0508088 secs] [Times: user=0.30 sys=0.00, real=0.05 secs] 
5668.986: [Full GC (Ergonomics) [PSYoungGen: 145536K->0K(504320K)] [ParOldGen: 1252033K->196216K(1398272K)] 1397569K->196216K(1902592K), [Metaspace: 59712K->59712K(1105920K)], 0.4708551 secs] [Times: user=2.19 sys=0.00, real=0.47 secs] 
5671.855: [GC (Allocation Failure) [PSYoungGen: 314368K->104352K(504320K)] 510584K->300568K(1902592K), 0.0905333 secs] [Times: user=0.54 sys=0.00, real=0.09 secs] 
5673.889: [GC (Allocation Failure) [PSYoungGen: 410904K->147488K(505856K)] 607121K->443829K(1904128K), 0.0493336 secs] [Times: user=0.29 sys=0.00, real=0.05 secs] 
5676.331: [GC (Allocation Failure) [PSYoungGen: 464928K->106240K(506880K)] 761269K->541465K(1905152K), 0.1587548 secs] [Times: user=0.95 sys=0.01, real=0.16 secs] 
5677.426: [GC (Allocation Failure) [PSYoungGen: 425728K->156640K(476160K)] 860953K->694197K(1874432K), 0.0519063 secs] [Times: user=0.31 sys=0.00, real=0.05 secs] 
5680.049: [GC (Allocation Failure) [PSYoungGen: 476128K->99456K(507392K)] 1013685K->793309K(1905664K), 0.1548011 secs] [Times: user=0.92 sys=0.00, real=0.16 secs] 
5680.735: [GC (Allocation Failure) [PSYoungGen: 413312K->155328K(469504K)] 1107165K->943030K(1867776K), 0.0561364 secs] [Times: user=0.33 sys=0.00, real=0.05 secs] 
5683.395: [GC (Allocation Failure) [PSYoungGen: 469184K->101344K(504832K)] 1256886K->1044070K(1903104K), 0.1579282 secs] [Times: user=0.93 sys=0.01, real=0.16 secs] 
5683.944: [GC (Allocation Failure) [PSYoungGen: 410080K->154848K(463872K)] 1352806K->1188807K(1862144K), 0.0722990 secs] [Times: user=0.42 sys=0.00, real=0.07 secs] 
5686.830: [GC (Allocation Failure) [PSYoungGen: 463584K->93888K(501760K)] 1497543K->1282819K(1900032K), 0.1331204 secs] [Times: user=0.78 sys=0.00, real=0.14 secs] 
5687.226: [GC (Allocation Failure) [PSYoungGen: 397504K->167104K(471040K)] 1586435K->1443780K(1869312K), 0.0556340 secs] [Times: user=0.33 sys=0.01, real=0.06 secs] 
5687.282: [Full GC (Ergonomics) [PSYoungGen: 167104K->0K(471040K)] [ParOldGen: 1276676K->223888K(1398272K)] 1443780K->223888K(1869312K), [Metaspace: 59713K->59713K(1105920K)], 0.5266047 secs] [Times: user=2.46 sys=0.00, real=0.52 secs] 
5690.774: [GC (Allocation Failure) [PSYoungGen: 303616K->89248K(494080K)] 527504K->313136K(1892352K), 0.1096644 secs] [Times: user=0.64 sys=0.00, real=0.11 secs] 
5691.319: [GC (Allocation Failure) [PSYoungGen: 378016K->144096K(433152K)] 601904K->451429K(1831424K), 0.0529751 secs] [Times: user=0.32 sys=0.00, real=0.06 secs] 
5693.846: [GC (Allocation Failure) [PSYoungGen: 432864K->85056K(493056K)] 740197K->536365K(1891328K), 0.1368643 secs] [Times: user=0.81 sys=0.01, real=0.14 secs] 
5694.505: [GC (Allocation Failure) [PSYoungGen: 374336K->139968K(492544K)] 825645K->672598K(1890816K), 0.0466329 secs] [Times: user=0.27 sys=0.00, real=0.05 secs] 
5696.301: [GC (Allocation Failure) [PSYoungGen: 429248K->96512K(491520K)] 961878K->760226K(1889792K), 0.1013111 secs] [Times: user=0.59 sys=0.00, real=0.11 secs] 
5698.692: [GC (Allocation Failure) [PSYoungGen: 390400K->140672K(492544K)] 1054114K->896589K(1890816K), 0.0477939 secs] [Times: user=0.28 sys=0.00, real=0.04 secs] 
5699.816: [GC (Allocation Failure) [PSYoungGen: 434560K->99712K(492544K)] 1190477K->986821K(1890816K), 0.0619695 secs] [Times: user=0.37 sys=0.00, real=0.06 secs] 
5702.846: [GC (Allocation Failure) [PSYoungGen: 401792K->141280K(496640K)] 1288901K->1125038K(1894912K), 0.0501326 secs] [Times: user=0.30 sys=0.00, real=0.05 secs] 
5703.992: [GC (Allocation Failure) [PSYoungGen: 443360K->105600K(496128K)] 1427118K->1221338K(1894400K), 0.0636324 secs] [Times: user=0.38 sys=0.00, real=0.06 secs] 
5706.293: [GC (Allocation Failure) [PSYoungGen: 415360K->144064K(500224K)] 1531098K->1362855K(1898496K), 0.0527429 secs] [Times: user=0.31 sys=0.01, real=0.05 secs] 
5706.346: [Full GC (Ergonomics) [PSYoungGen: 144064K->0K(500224K)] [ParOldGen: 1218791K->169783K(1398272K)] 1362855K->169783K(1898496K), [Metaspace: 59713K->59713K(1105920K)], 0.3971877 secs] [Times: user=1.83 sys=0.00, real=0.40 secs] 
5707.821: [GC (Allocation Failure) [PSYoungGen: 309760K->107136K(501760K)] 479543K->276919K(1900032K), 0.0347991 secs] [Times: user=0.20 sys=0.00, real=0.04 secs] 
5709.654: [GC (Allocation Failure) [PSYoungGen: 423552K->150080K(504320K)] 593335K->424092K(1902592K), 0.0539456 secs] [Times: user=0.32 sys=0.00, real=0.05 secs] 
5710.806: [GC (Allocation Failure) [PSYoungGen: 466496K->111200K(505856K)] 740508K->526104K(1904128K), 0.0640178 secs] [Times: user=0.38 sys=0.00, real=0.06 secs] 
5713.162: [GC (Allocation Failure) [PSYoungGen: 430176K->150848K(506368K)] 845080K->673388K(1904640K), 0.0537956 secs] [Times: user=0.32 sys=0.00, real=0.05 secs] 
5715.235: [GC (Allocation Failure) [PSYoungGen: 469824K->110208K(507392K)] 992364K->774692K(1905664K), 0.1599128 secs] [Times: user=0.95 sys=0.00, real=0.16 secs] 
5716.952: [GC (Allocation Failure) [PSYoungGen: 423594K->149088K(507392K)] 1088079K->920041K(1905664K), 0.0527854 secs] [Times: user=0.32 sys=0.00, real=0.05 secs] 
5719.112: [GC (Allocation Failure) [PSYoungGen: 469088K->108352K(508416K)] 1240041K->1019837K(1906688K), 0.1527029 secs] [Times: user=0.90 sys=0.01, real=0.15 secs] 
5720.498: [GC (Allocation Failure) [PSYoungGen: 429376K->155552K(476672K)] 1340861K->1171531K(1874944K), 0.0528789 secs] [Times: user=0.31 sys=0.00, real=0.05 secs] 
5723.794: [GC (Allocation Failure) [PSYoungGen: 476576K->99520K(507904K)] 1492555K->1270527K(1906176K), 0.1399586 secs] [Times: user=0.83 sys=0.00, real=0.14 secs] 
5724.555: [GC (Allocation Failure) [PSYoungGen: 415424K->156736K(473088K)] 1586431K->1421784K(1871360K), 0.0575053 secs] [Times: user=0.34 sys=0.00, real=0.06 secs] 
5724.613: [Full GC (Ergonomics) [PSYoungGen: 156736K->0K(473088K)] [ParOldGen: 1265048K->220757K(1398272K)] 1421784K->220757K(1871360K), [Metaspace: 59713K->59713K(1105920K)], 0.5217638 secs] [Times: user=2.39 sys=0.00, real=0.52 secs] 
5728.151: [GC (Allocation Failure) [PSYoungGen: 315904K->99584K(504832K)] 536661K->320341K(1903104K), 0.1175283 secs] [Times: user=0.70 sys=0.00, real=0.12 secs] 
5728.594: [GC (Allocation Failure) [PSYoungGen: 408320K->153152K(462336K)] 629077K->463290K(1860608K), 0.0551127 secs] [Times: user=0.33 sys=0.00, real=0.05 secs] 
5731.359: [GC (Allocation Failure) [PSYoungGen: 461888K->91808K(502272K)] 772026K->554818K(1900544K), 0.1360940 secs] [Times: user=0.80 sys=0.01, real=0.14 secs] 
5731.763: [GC (Allocation Failure) [PSYoungGen: 396448K->169600K(474624K)] 859458K->718543K(1872896K), 0.0549160 secs] [Times: user=0.33 sys=0.00, real=0.05 secs] 
5734.903: [GC (Allocation Failure) [PSYoungGen: 474240K->89760K(493568K)] 1023183K->792087K(1891840K), 0.1406545 secs] [Times: user=0.83 sys=0.00, real=0.14 secs] 
5735.340: [GC (Allocation Failure) [PSYoungGen: 376992K->142752K(430080K)] 1079319K->928982K(1828352K), 0.0530702 secs] [Times: user=0.32 sys=0.00, real=0.06 secs] 
5737.443: [GC (Allocation Failure) [PSYoungGen: 429984K->86592K(492032K)] 1216214K->1015170K(1890304K), 0.1494872 secs] [Times: user=0.89 sys=0.00, real=0.15 secs] 
5738.480: [GC (Allocation Failure) [PSYoungGen: 374848K->139712K(491008K)] 1303426K->1151335K(1889280K), 0.0478242 secs] [Times: user=0.28 sys=0.00, real=0.05 secs] 
5739.588: [GC (Allocation Failure) [PSYoungGen: 427968K->94048K(493568K)] 1439591K->1237231K(1891840K), 0.0606136 secs] [Times: user=0.36 sys=0.00, real=0.06 secs] 
5741.829: [GC (GCLocker Initiated GC) [PSYoungGen: 388960K->140000K(493568K)] 1532144K->1373181K(1891840K), 0.0473601 secs] [Times: user=0.28 sys=0.00, real=0.05 secs] 
5741.876: [Full GC (Ergonomics) [PSYoungGen: 140000K->0K(493568K)] [ParOldGen: 1233181K->178913K(1398272K)] 1373181K->178913K(1891840K), [Metaspace: 59713K->59713K(1105920K)], 0.4413826 secs] [Times: user=2.04 sys=0.00, real=0.44 secs] 
5743.390: [GC (Allocation Failure) [PSYoungGen: 294912K->99392K(495104K)] 473827K->278307K(1893376K), 0.0339473 secs] [Times: user=0.19 sys=0.00, real=0.04 secs] 
5745.654: [GC (Allocation Failure) [PSYoungGen: 401984K->143264K(497152K)] 580899K->418600K(1895424K), 0.0499499 secs] [Times: user=0.30 sys=0.00, real=0.05 secs] 
5747.709: [GC (Allocation Failure) [PSYoungGen: 445856K->103424K(497152K)] 721192K->513012K(1895424K), 0.0635494 secs] [Times: user=0.38 sys=0.00, real=0.07 secs] 
5749.117: [GC (Allocation Failure) [PSYoungGen: 412160K->143840K(500224K)] 821748K->655092K(1898496K), 0.0518994 secs] [Times: user=0.31 sys=0.00, real=0.05 secs] 
5751.186: [GC (Allocation Failure) [PSYoungGen: 452576K->107552K(500736K)] 963828K->753197K(1899008K), 0.0806330 secs] [Times: user=0.48 sys=0.00, real=0.08 secs] 
5752.110: [GC (Allocation Failure) [PSYoungGen: 421920K->159744K(474624K)] 1067565K->911309K(1872896K), 0.0549696 secs] [Times: user=0.33 sys=0.00, real=0.06 secs] 
5753.315: [GC (Allocation Failure) [PSYoungGen: 473779K->107552K(506880K)] 1225345K->1002221K(1905152K), 0.0662532 secs] [Times: user=0.40 sys=0.00, real=0.06 secs] 
5755.600: [GC (GCLocker Initiated GC) [PSYoungGen: 418336K->145408K(502784K)] 1313006K->1144979K(1901056K), 0.0533044 secs] [Times: user=0.32 sys=0.01, real=0.06 secs] 
5756.811: [GC (Allocation Failure) [PSYoungGen: 456192K->109408K(501248K)] 1455769K->1245289K(1899520K), 0.0776382 secs] [Times: user=0.47 sys=0.00, real=0.08 secs] 
5759.339: [GC (Allocation Failure) [PSYoungGen: 422752K->148352K(502784K)] 1558633K->1389970K(1901056K), 0.0527752 secs] [Times: user=0.31 sys=0.00, real=0.05 secs] 
5759.391: [Full GC (Ergonomics) [PSYoungGen: 148352K->0K(502784K)] [ParOldGen: 1241618K->185951K(1398272K)] 1389970K->185951K(1901056K), [Metaspace: 59713K->59713K(1105920K)], 0.4345085 secs] [Times: user=2.02 sys=0.00, real=0.44 secs] 
5761.323: [GC (Allocation Failure) [PSYoungGen: 313344K->106560K(505856K)] 499295K->292511K(1904128K), 0.0690939 secs] [Times: user=0.41 sys=0.00, real=0.07 secs] 
5763.198: [GC (Allocation Failure) [PSYoungGen: 424000K->152000K(506368K)] 609951K->440440K(1904640K), 0.0516219 secs] [Times: user=0.31 sys=0.00, real=0.05 secs] 
5765.050: [GC (Allocation Failure) [PSYoungGen: 469440K->110720K(506368K)] 757880K->541904K(1904640K), 0.1412173 secs] [Times: user=0.85 sys=0.00, real=0.14 secs] 
5766.373: [GC (Allocation Failure) [PSYoungGen: 414659K->143616K(506368K)] 845844K->681869K(1904640K), 0.0533817 secs] [Times: user=0.31 sys=0.01, real=0.05 secs] 
5768.646: [GC (Allocation Failure) [PSYoungGen: 461056K->106080K(505856K)] 999309K->779037K(1904128K), 0.1735436 secs] [Times: user=1.04 sys=0.00, real=0.17 secs] 
5769.688: [GC (Allocation Failure) [PSYoungGen: 427104K->156224K(477696K)] 1100061K->931754K(1875968K), 0.0524074 secs] [Times: user=0.31 sys=0.00, real=0.05 secs] 
5772.761: [GC (Allocation Failure) [PSYoungGen: 477248K->96672K(507904K)] 1252778K->1028078K(1906176K), 0.1714605 secs] [Times: user=1.02 sys=0.00, real=0.18 secs] 
5773.904: [GC (Allocation Failure) [PSYoungGen: 412576K->157696K(474112K)] 1343982K->1179395K(1872384K), 0.0569321 secs] [Times: user=0.33 sys=0.01, real=0.05 secs] 
5776.572: [GC (Allocation Failure) [PSYoungGen: 473600K->96704K(503808K)] 1495299K->1276067K(1902080K), 0.1643503 secs] [Times: user=0.98 sys=0.00, real=0.16 secs] 
5777.176: [GC (Allocation Failure) [PSYoungGen: 403904K->170688K(478208K)] 1583267K->1440516K(1876480K), 0.0573637 secs] [Times: user=0.34 sys=0.00, real=0.06 secs] 
5777.233: [Full GC (Ergonomics) [PSYoungGen: 170688K->0K(478208K)] [ParOldGen: 1269828K->222866K(1398272K)] 1440516K->222866K(1876480K), [Metaspace: 59713K->59713K(1105920K)], 0.5182284 secs] [Times: user=2.41 sys=0.00, real=0.51 secs] 
5780.214: [GC (Allocation Failure) [PSYoungGen: 307200K->93408K(495104K)] 530066K->316274K(1893376K), 0.1016828 secs] [Times: user=0.60 sys=0.00, real=0.10 secs] 
5780.632: [GC (Allocation Failure) [PSYoungGen: 383712K->145760K(436224K)] 606578K->455867K(1834496K), 0.0535111 secs] [Times: user=0.31 sys=0.00, real=0.05 secs] 
5783.132: [GC (Allocation Failure) [PSYoungGen: 436064K->93600K(495104K)] 746171K->549627K(1893376K), 0.1678697 secs] [Times: user=1.00 sys=0.00, real=0.16 secs] 
5784.748: [GC (Allocation Failure) [PSYoungGen: 377476K->137728K(430080K)] 833504K->673380K(1828352K), 0.0467968 secs] [Times: user=0.28 sys=0.00, real=0.05 secs] 
5786.158: [GC (Allocation Failure) [PSYoungGen: 429568K->96384K(494592K)] 965220K->761140K(1892864K), 0.0725679 secs] [Times: user=0.43 sys=0.01, real=0.07 secs] 
5788.195: [GC (Allocation Failure) [PSYoungGen: 392320K->140448K(492544K)] 1057076K->897661K(1890816K), 0.0480829 secs] [Times: user=0.28 sys=0.00, real=0.05 secs] 
5789.328: [GC (Allocation Failure) [PSYoungGen: 436384K->101728K(499200K)] 1193597K->990365K(1897472K), 0.0633248 secs] [Times: user=0.38 sys=0.00, real=0.06 secs] 
5790.804: [GC (Allocation Failure) [PSYoungGen: 408416K->145728K(499200K)] 1297053K->1133598K(1897472K), 0.0527611 secs] [Times: user=0.31 sys=0.00, real=0.05 secs] 
5792.244: [GC (Allocation Failure) [PSYoungGen: 452416K->104960K(500736K)] 1440286K->1229678K(1899008K), 0.0649513 secs] [Times: user=0.39 sys=0.00, real=0.06 secs] 
5794.151: [GC (Allocation Failure) [PSYoungGen: 417280K->148256K(502784K)] 1541998K->1375122K(1901056K), 0.0532223 secs] [Times: user=0.31 sys=0.00, real=0.06 secs] 
5794.204: [Full GC (Ergonomics) [PSYoungGen: 148256K->0K(502784K)] [ParOldGen: 1226866K->182497K(1398272K)] 1375122K->182497K(1901056K), [Metaspace: 59713K->59713K(1105920K)], 0.4266961 secs] [Times: user=1.97 sys=0.00, real=0.42 secs] 
5795.909: [GC (Allocation Failure) [PSYoungGen: 312320K->108288K(503808K)] 494817K->290785K(1902080K), 0.0432526 secs] [Times: user=0.26 sys=0.00, real=0.05 secs] 
5797.594: [GC (Allocation Failure) [PSYoungGen: 423680K->151296K(504832K)] 606177K->438474K(1903104K), 0.0527584 secs] [Times: user=0.31 sys=0.00, real=0.05 secs] 
5799.630: [GC (Allocation Failure) [PSYoungGen: 466688K->106720K(506368K)] 753866K->535866K(1904640K), 0.1329952 secs] [Times: user=0.79 sys=0.00, real=0.14 secs] 
5802.373: [GC (Allocation Failure) [PSYoungGen: 422624K->150816K(505856K)] 851770K->682335K(1904128K), 0.0515394 secs] [Times: user=0.30 sys=0.00, real=0.05 secs] 
5804.277: [GC (Allocation Failure) [PSYoungGen: 466720K->107456K(505856K)] 998239K->780919K(1904128K), 0.1697818 secs] [Times: user=1.01 sys=0.00, real=0.17 secs] 
5805.714: [GC (Allocation Failure) [PSYoungGen: 409315K->143712K(505856K)] 1082778K->920487K(1904128K), 0.0505569 secs] [Times: user=0.30 sys=0.00, real=0.05 secs] 
5807.820: [GC (Allocation Failure) [PSYoungGen: 459616K->105760K(503296K)] 1236391K->1017600K(1901568K), 0.1234773 secs] [Times: user=0.73 sys=0.01, real=0.13 secs] 
5809.309: [GC (Allocation Failure) [PSYoungGen: 414650K->145216K(505856K)] 1326490K->1159096K(1904128K), 0.0508950 secs] [Times: user=0.30 sys=0.00, real=0.05 secs] 
5811.507: [GC (Allocation Failure) [PSYoungGen: 463680K->108896K(506880K)] 1477560K->1259284K(1905152K), 0.1347203 secs] [Times: user=0.80 sys=0.00, real=0.14 secs] 
5812.556: [GC (Allocation Failure) [PSYoungGen: 431456K->156768K(479744K)] 1581844K->1412129K(1878016K), 0.0539389 secs] [Times: user=0.32 sys=0.00, real=0.05 secs] 
5812.610: [Full GC (Ergonomics) [PSYoungGen: 156768K->0K(479744K)] [ParOldGen: 1255361K->210330K(1398272K)] 1412129K->210330K(1878016K), [Metaspace: 59713K->59713K(1105920K)], 0.4896927 secs] [Times: user=2.29 sys=0.00, real=0.49 secs] 
5815.790: [GC (Allocation Failure) [PSYoungGen: 322560K->98912K(508928K)] 532890K->309242K(1907200K), 0.1608538 secs] [Times: user=0.95 sys=0.01, real=0.16 secs] 
5816.482: [GC (Allocation Failure) [PSYoungGen: 416352K->159040K(476672K)] 626682K->461815K(1874944K), 0.0555397 secs] [Times: user=0.33 sys=0.00, real=0.05 secs] 
5819.214: [GC (Allocation Failure) [PSYoungGen: 476480K->98336K(504320K)] 779255K->560015K(1902592K), 0.1510455 secs] [Times: user=0.89 sys=0.01, real=0.15 secs] 
5819.653: [GC (Allocation Failure) [PSYoungGen: 406560K->154752K(463360K)] 868239K->708768K(1861632K), 0.0568004 secs] [Times: user=0.34 sys=0.00, real=0.05 secs] 
5822.482: [GC (Allocation Failure) [PSYoungGen: 462976K->91168K(501248K)] 1016992K->800080K(1899520K), 0.1430700 secs] [Times: user=0.85 sys=0.01, real=0.14 secs] 
5822.900: [GC (Allocation Failure) [PSYoungGen: 393760K->152032K(454656K)] 1102672K->945977K(1852928K), 0.0556939 secs] [Times: user=0.33 sys=0.00, real=0.06 secs] 
5826.553: [GC (Allocation Failure) [PSYoungGen: 454624K->91840K(499200K)] 1248569K->1037865K(1897472K), 0.1469394 secs] [Times: user=0.87 sys=0.00, real=0.14 secs] 
5827.001: [GC (Allocation Failure) [PSYoungGen: 390336K->163072K(461824K)] 1336361K->1191278K(1860096K), 0.0553311 secs] [Times: user=0.33 sys=0.00, real=0.06 secs] 
5829.954: [GC (Allocation Failure) [PSYoungGen: 461568K->90592K(494080K)] 1489774K->1264654K(1892352K), 0.1566056 secs] [Times: user=0.92 sys=0.01, real=0.15 secs] 
5830.523: [GC (Allocation Failure) [PSYoungGen: 378336K->144480K(432640K)] 1552398K->1402942K(1830912K), 0.0537254 secs] [Times: user=0.32 sys=0.00, real=0.05 secs] 
5830.577: [Full GC (Ergonomics) [PSYoungGen: 144480K->0K(432640K)] [ParOldGen: 1258462K->209337K(1398272K)] 1402942K->209337K(1830912K), [Metaspace: 59716K->59716K(1105920K)], 0.4884061 secs] [Times: user=2.26 sys=0.00, real=0.49 secs] 
5833.271: [GC (Allocation Failure) [PSYoungGen: 287744K->84096K(492544K)] 497081K->293433K(1890816K), 0.1424135 secs] [Times: user=0.85 sys=0.00, real=0.15 secs] 
5834.626: [GC (Allocation Failure) [PSYoungGen: 372352K->140064K(492032K)] 581689K->428886K(1890304K), 0.0466879 secs] [Times: user=0.27 sys=0.00, real=0.05 secs] 
5835.794: [GC (Allocation Failure) [PSYoungGen: 428320K->96928K(491008K)] 717142K->516758K(1889280K), 0.0664673 secs] [Times: user=0.40 sys=0.00, real=0.06 secs] 
5838.029: [GC (Allocation Failure) [PSYoungGen: 389792K->137216K(492032K)] 809622K->650035K(1890304K), 0.0485225 secs] [Times: user=0.27 sys=0.01, real=0.05 secs] 
5839.191: [GC (Allocation Failure) [PSYoungGen: 430080K->102624K(492544K)] 942899K->742987K(1890816K), 0.0623024 secs] [Times: user=0.37 sys=0.00, real=0.07 secs] 
5840.867: [GC (Allocation Failure) [PSYoungGen: 405216K->142240K(495616K)] 1045579K->882695K(1893888K), 0.0510215 secs] [Times: user=0.30 sys=0.00, real=0.05 secs] 
5842.022: [GC (Allocation Failure) [PSYoungGen: 444832K->106624K(497664K)] 1185287K->979767K(1895936K), 0.0635864 secs] [Times: user=0.38 sys=0.00, real=0.06 secs] 
5845.009: [GC (Allocation Failure) [PSYoungGen: 418432K->143136K(501248K)] 1291575K->1120660K(1899520K), 0.0537827 secs] [Times: user=0.32 sys=0.00, real=0.06 secs] 
5846.155: [GC (Allocation Failure) [PSYoungGen: 454944K->109728K(501760K)] 1432468K->1221308K(1900032K), 0.0674545 secs] [Times: user=0.40 sys=0.00, real=0.07 secs] 
5847.891: [GC (Allocation Failure) [PSYoungGen: 428192K->150464K(504832K)] 1539772K->1368973K(1903104K), 0.0563642 secs] [Times: user=0.34 sys=0.00, real=0.06 secs] 
5849.508: [GC (Allocation Failure) [PSYoungGen: 468928K->111520K(508416K)] 1687437K->1471073K(1906688K), 0.0680856 secs] [Times: user=0.40 sys=0.00, real=0.07 secs] 
5849.576: [Full GC (Ergonomics) [PSYoungGen: 111520K->0K(508416K)] [ParOldGen: 1359553K->42049K(1398272K)] 1471073K->42049K(1906688K), [Metaspace: 59716K->59716K(1105920K)], 0.0804786 secs] [Times: user=0.31 sys=0.00, real=0.08 secs] 
5852.786: [GC (Allocation Failure) [PSYoungGen: 322048K->152544K(474624K)] 364097K->194593K(1872896K), 0.0300553 secs] [Times: user=0.18 sys=0.00, real=0.03 secs] 
5854.239: [GC (Allocation Failure) [PSYoungGen: 474592K->112160K(512000K)] 516641K->297721K(1910272K), 0.0761771 secs] [Times: user=0.45 sys=0.00, real=0.08 secs] 
5855.557: [GC (Allocation Failure) [PSYoungGen: 424855K->146080K(507904K)] 610417K->439398K(1906176K), 0.0520992 secs] [Times: user=0.31 sys=0.00, real=0.05 secs] 
5857.834: [GC (Allocation Failure) [PSYoungGen: 467104K->112544K(507392K)] 760422K->542702K(1905664K), 0.1370743 secs] [Times: user=0.81 sys=0.01, real=0.13 secs] 
5858.932: [GC (Allocation Failure) [PSYoungGen: 436128K->154848K(508416K)] 866286K->693955K(1906688K), 0.0533427 secs] [Times: user=0.32 sys=0.00, real=0.05 secs] 
5861.456: [GC (Allocation Failure) [PSYoungGen: 478432K->101664K(510464K)] 1017539K->795339K(1908736K), 0.1722791 secs] [Times: user=1.03 sys=0.01, real=0.17 secs] 
5861.973: [GC (Allocation Failure) [PSYoungGen: 422176K->157696K(478720K)] 1115851K->947160K(1876992K), 0.0567809 secs] [Times: user=0.34 sys=0.00, real=0.05 secs] 
5864.795: [GC (Allocation Failure) [PSYoungGen: 478208K->101504K(506880K)] 1267672K->1047976K(1905152K), 0.1303198 secs] [Times: user=0.77 sys=0.00, real=0.13 secs] 
5865.231: [GC (Allocation Failure) [PSYoungGen: 414848K->152576K(466432K)] 1361320K->1194833K(1864704K), 0.0583424 secs] [Times: user=0.34 sys=0.01, real=0.06 secs] 
5868.973: [GC (Allocation Failure) [PSYoungGen: 465920K->93600K(504320K)] 1508177K->1288137K(1902592K), 0.1208053 secs] [Times: user=0.71 sys=0.00, real=0.12 secs] 
5869.360: [GC (Allocation Failure) [PSYoungGen: 402848K->154080K(463360K)] 1597385K->1436310K(1861632K), 0.0581407 secs] [Times: user=0.35 sys=0.00, real=0.06 secs] 
5869.418: [Full GC (Ergonomics) [PSYoungGen: 154080K->0K(463360K)] [ParOldGen: 1282229K->239181K(1398272K)] 1436310K->239181K(1861632K), [Metaspace: 59716K->59716K(1105920K)], 0.5571693 secs] [Times: user=2.59 sys=0.00, real=0.56 secs] 
5872.676: [GC (Allocation Failure) [PSYoungGen: 309248K->97760K(502272K)] 548429K->336941K(1900544K), 0.0363800 secs] [Times: user=0.21 sys=0.00, real=0.04 secs] 
5872.995: [GC (Allocation Failure) [PSYoungGen: 401888K->152896K(457216K)] 641069K->479862K(1855488K), 0.0568558 secs] [Times: user=0.33 sys=0.00, real=0.06 secs] 
5877.098: [GC (Allocation Failure) [PSYoungGen: 457024K->86336K(499200K)] 783990K->566382K(1897472K), 0.1175453 secs] [Times: user=0.69 sys=0.00, real=0.12 secs] 
5877.474: [GC (Allocation Failure) [PSYoungGen: 385856K->150656K(450560K)] 865902K->711139K(1848832K), 0.0550270 secs] [Times: user=0.33 sys=0.00, real=0.05 secs] 
5879.638: [GC (Allocation Failure) [PSYoungGen: 450176K->88640K(498176K)] 1010659K->799963K(1896448K), 0.1275677 secs] [Times: user=0.75 sys=0.00, real=0.13 secs] 
5880.027: [GC (Allocation Failure) [PSYoungGen: 385088K->148928K(445440K)] 1096411K->943184K(1843712K), 0.0536036 secs] [Times: user=0.32 sys=0.00, real=0.05 secs] 
5883.526: [GC (Allocation Failure) [PSYoungGen: 445376K->86688K(497152K)] 1239632K->1029904K(1895424K), 0.1484467 secs] [Times: user=0.88 sys=0.01, real=0.15 secs] 
5883.945: [GC (Allocation Failure) [PSYoungGen: 381088K->146560K(496128K)] 1324304K->1170841K(1894400K), 0.0533375 secs] [Times: user=0.32 sys=0.00, real=0.05 secs] 
5886.619: [GC (Allocation Failure) [PSYoungGen: 440960K->87648K(495104K)] 1465241K->1258257K(1893376K), 0.1642590 secs] [Times: user=0.96 sys=0.01, real=0.17 secs] 
5887.666: [GC (Allocation Failure) [PSYoungGen: 372354K->137760K(495616K)] 1542963K->1389478K(1893888K), 0.0482443 secs] [Times: user=0.28 sys=0.00, real=0.05 secs] 
5887.715: [Full GC (Ergonomics) [PSYoungGen: 137760K->0K(495616K)] [ParOldGen: 1251718K->196223K(1398272K)] 1389478K->196223K(1893888K), [Metaspace: 59716K->59716K(1105920K)], 0.4666345 secs] [Times: user=2.17 sys=0.00, real=0.46 secs] 
5889.989: [GC (Allocation Failure) [PSYoungGen: 294400K->98592K(491520K)] 490623K->294815K(1889792K), 0.0913563 secs] [Times: user=0.53 sys=0.00, real=0.09 secs] 
5891.327: [GC (Allocation Failure) [PSYoungGen: 396576K->144608K(494080K)] 592799K->435252K(1892352K), 0.0475552 secs] [Times: user=0.28 sys=0.01, real=0.05 secs] 
5892.759: [GC (Allocation Failure) [PSYoungGen: 442592K->99904K(497152K)] 733236K->526740K(1895424K), 0.0809580 secs] [Times: user=0.48 sys=0.01, real=0.08 secs] 
5894.776: [GC (Allocation Failure) [PSYoungGen: 405056K->147072K(499200K)] 831892K->669569K(1897472K), 0.0495441 secs] [Times: user=0.30 sys=0.00, real=0.05 secs] 
5895.936: [GC (Allocation Failure) [PSYoungGen: 452224K->104032K(499200K)] 974721K->764701K(1897472K), 0.0639280 secs] [Times: user=0.38 sys=0.00, real=0.06 secs] 
5898.155: [GC (Allocation Failure) [PSYoungGen: 412256K->145120K(500736K)] 1072925K->906041K(1899008K), 0.0507067 secs] [Times: user=0.30 sys=0.00, real=0.05 secs] 
5899.345: [GC (Allocation Failure) [PSYoungGen: 453344K->105408K(499712K)] 1214265K->1002766K(1897984K), 0.0791325 secs] [Times: user=0.47 sys=0.01, real=0.08 secs] 
5900.766: [GC (Allocation Failure) [PSYoungGen: 417728K->149856K(502272K)] 1315086K->1149354K(1900544K), 0.0528340 secs] [Times: user=0.31 sys=0.00, real=0.05 secs] 
5902.771: [GC (Allocation Failure) [PSYoungGen: 462176K->106464K(505344K)] 1461674K->1247114K(1903616K), 0.0784282 secs] [Times: user=0.47 sys=0.00, real=0.08 secs] 
5904.728: [GC (Allocation Failure) [PSYoungGen: 421856K->149984K(505344K)] 1562506K->1393055K(1903616K), 0.0520003 secs] [Times: user=0.30 sys=0.01, real=0.05 secs] 
5904.780: [Full GC (Ergonomics) [PSYoungGen: 149984K->0K(505344K)] [ParOldGen: 1243071K->190936K(1398272K)] 1393055K->190936K(1903616K), [Metaspace: 59716K->59716K(1105920K)], 0.4544468 secs] [Times: user=2.10 sys=0.00, real=0.46 secs] 
5907.108: [GC (Allocation Failure) [PSYoungGen: 315392K->107712K(504320K)] 506328K->298648K(1902592K), 0.0634704 secs] [Times: user=0.37 sys=0.00, real=0.06 secs] 
5908.320: [GC (Allocation Failure) [PSYoungGen: 417630K->149344K(504832K)] 608567K->443719K(1903104K), 0.0508514 secs] [Times: user=0.30 sys=0.00, real=0.05 secs] 
5910.742: [GC (Allocation Failure) [PSYoungGen: 464736K->108384K(505344K)] 759111K->543167K(1903616K), 0.1639473 secs] [Times: user=0.98 sys=0.00, real=0.16 secs] 
5912.035: [GC (Allocation Failure) [PSYoungGen: 413439K->143488K(505856K)] 848223K->682124K(1904128K), 0.0509914 secs] [Times: user=0.31 sys=0.00, real=0.05 secs] 
5913.938: [GC (Allocation Failure) [PSYoungGen: 460416K->109440K(504320K)] 999052K->782676K(1902592K), 0.1358992 secs] [Times: user=0.81 sys=0.01, real=0.14 secs] 
5915.512: [GC (Allocation Failure) [PSYoungGen: 415938K->142656K(506880K)] 1089174K->921233K(1905152K), 0.0508229 secs] [Times: user=0.30 sys=0.00, real=0.05 secs] 
5918.226: [GC (Allocation Failure) [PSYoungGen: 463168K->110144K(505856K)] 1241745K->1022209K(1904128K), 0.1724066 secs] [Times: user=1.03 sys=0.00, real=0.17 secs] 
5919.146: [GC (Allocation Failure) [PSYoungGen: 435776K->157856K(508928K)] 1347841K->1176326K(1907200K), 0.0537921 secs] [Times: user=0.32 sys=0.00, real=0.05 secs] 
5922.713: [GC (Allocation Failure) [PSYoungGen: 483488K->98688K(509952K)] 1501958K->1275054K(1908224K), 0.1640336 secs] [Times: user=0.97 sys=0.00, real=0.16 secs] 
5923.254: [GC (Allocation Failure) [PSYoungGen: 418688K->160672K(480768K)] 1595054K->1429899K(1879040K), 0.0574220 secs] [Times: user=0.35 sys=0.00, real=0.06 secs] 
5923.312: [Full GC (Ergonomics) [PSYoungGen: 160672K->0K(480768K)] [ParOldGen: 1269227K->227968K(1398272K)] 1429899K->227968K(1879040K), [Metaspace: 59716K->59716K(1105920K)], 0.5244559 secs] [Times: user=2.43 sys=0.00, real=0.52 secs] 
5927.015: [GC (Allocation Failure) [PSYoungGen: 320000K->97344K(504832K)] 547968K->325312K(1903104K), 0.0755891 secs] [Times: user=0.44 sys=0.01, real=0.07 secs] 
5927.816: [GC (Allocation Failure) [PSYoungGen: 406592K->153824K(463360K)] 634560K->472937K(1861632K), 0.0807210 secs] [Times: user=0.48 sys=0.00, real=0.08 secs] 
5931.366: [GC (Allocation Failure) [PSYoungGen: 463072K->91616K(501760K)] 782185K->564313K(1900032K), 0.1234332 secs] [Times: user=0.73 sys=0.01, real=0.12 secs] 
5931.753: [GC (Allocation Failure) [PSYoungGen: 395744K->152608K(457216K)] 868441K->710486K(1855488K), 0.0565784 secs] [Times: user=0.34 sys=0.00, real=0.05 secs] 
5934.947: [GC (Allocation Failure) [PSYoungGen: 456736K->90176K(499712K)] 1014614K->800654K(1897984K), 0.1237390 secs] [Times: user=0.74 sys=0.00, real=0.12 secs] 
5935.332: [GC (Allocation Failure) [PSYoungGen: 389696K->166624K(466432K)] 1100174K->961066K(1864704K), 0.0565130 secs] [Times: user=0.33 sys=0.01, real=0.05 secs] 
5937.755: [GC (Allocation Failure) [PSYoungGen: 466144K->89568K(492544K)] 1260586K->1034302K(1890816K), 0.1445628 secs] [Times: user=0.86 sys=0.00, real=0.14 secs] 
5938.179: [GC (GCLocker Initiated GC) [PSYoungGen: 374240K->140096K(424960K)] 1318975K->1168238K(1823232K), 0.0530266 secs] [Times: user=0.31 sys=0.00, real=0.06 secs] 
5941.171: [GC (Allocation Failure) [PSYoungGen: 424768K->84064K(488960K)] 1452912K->1251808K(1887232K), 0.1652925 secs] [Times: user=0.99 sys=0.00, real=0.17 secs] 
5942.016: [GC (Allocation Failure) [PSYoungGen: 369248K->145472K(488448K)] 1536992K->1393913K(1886720K), 0.0476550 secs] [Times: user=0.28 sys=0.00, real=0.05 secs] 
5942.063: [Full GC (Ergonomics) [PSYoungGen: 145472K->0K(488448K)] [ParOldGen: 1248441K->193788K(1398272K)] 1393913K->193788K(1886720K), [Metaspace: 59717K->59717K(1105920K)], 0.4651658 secs] [Times: user=2.17 sys=0.00, real=0.46 secs] 
5943.574: [GC (GCLocker Initiated GC) [PSYoungGen: 285184K->94048K(491008K)] 478973K->287837K(1889280K), 0.0409158 secs] [Times: user=0.24 sys=0.00, real=0.04 secs] 
5945.398: [GC (Allocation Failure) [PSYoungGen: 385888K->146528K(493056K)] 579680K->430773K(1891328K), 0.0472919 secs] [Times: user=0.28 sys=0.00, real=0.05 secs] 
5946.532: [GC (Allocation Failure) [PSYoungGen: 438368K->101728K(489984K)] 722615K->514703K(1888256K), 0.0610783 secs] [Times: user=0.37 sys=0.00, real=0.06 secs] 
5949.576: [GC (Allocation Failure) [PSYoungGen: 396640K->134688K(493056K)] 809615K->646971K(1891328K), 0.0502715 secs] [Times: user=0.29 sys=0.00, real=0.05 secs] 
5950.727: [GC (Allocation Failure) [PSYoungGen: 429600K->104576K(492032K)] 941883K->742140K(1890304K), 0.0636173 secs] [Times: user=0.36 sys=0.00, real=0.06 secs] 
5951.587: [GC (GCLocker Initiated GC) [PSYoungGen: 409728K->138272K(496640K)] 1047292K->878945K(1894912K), 0.0518718 secs] [Times: user=0.30 sys=0.01, real=0.05 secs] 
5952.812: [GC (Allocation Failure) [PSYoungGen: 443424K->110176K(497664K)] 1184100K->979692K(1895936K), 0.0642155 secs] [Times: user=0.38 sys=0.00, real=0.06 secs] 
5955.789: [GC (Allocation Failure) [PSYoungGen: 426592K->142016K(502784K)] 1296108K->1119864K(1901056K), 0.0535700 secs] [Times: user=0.31 sys=0.00, real=0.06 secs] 
5956.972: [GC (Allocation Failure) [PSYoungGen: 458432K->113408K(504320K)] 1436280K->1223788K(1902592K), 0.0657301 secs] [Times: user=0.39 sys=0.00, real=0.06 secs] 
5958.716: [GC (Allocation Failure) [PSYoungGen: 438528K->154528K(507904K)] 1548908K->1376533K(1906176K), 0.0570751 secs] [Times: user=0.34 sys=0.00, real=0.06 secs] 
5959.883: [GC (Allocation Failure) [PSYoungGen: 479648K->113440K(512000K)] 1701653K->1481285K(1910272K), 0.0693017 secs] [Times: user=0.40 sys=0.01, real=0.07 secs] 
5959.953: [Full GC (Ergonomics) [PSYoungGen: 113440K->0K(512000K)] [ParOldGen: 1367845K->42662K(1398272K)] 1481285K->42662K(1910272K), [Metaspace: 59717K->59717K(1105920K)], 0.0801408 secs] [Times: user=0.31 sys=0.01, real=0.08 secs] 
5963.333: [GC (Allocation Failure) [PSYoungGen: 326144K->162112K(488448K)] 368806K->204774K(1886720K), 0.0305152 secs] [Times: user=0.18 sys=0.00, real=0.03 secs] 
5965.421: [GC (Allocation Failure) [PSYoungGen: 488256K->110272K(509952K)] 530918K->298150K(1908224K), 0.1356018 secs] [Times: user=0.81 sys=0.01, real=0.14 secs] 
5966.781: [GC (Allocation Failure) [PSYoungGen: 427712K->155200K(473088K)] 615590K->448807K(1871360K), 0.0525878 secs] [Times: user=0.31 sys=0.00, real=0.06 secs] 
5969.865: [GC (Allocation Failure) [PSYoungGen: 470728K->94592K(505856K)] 764336K->543127K(1904128K), 0.1638306 secs] [Times: user=0.98 sys=0.00, real=0.16 secs] 
5971.315: [GC (Allocation Failure) [PSYoungGen: 406912K->167712K(480256K)] 855447K->707052K(1878528K), 0.0552366 secs] [Times: user=0.33 sys=0.00, real=0.05 secs] 
5973.835: [GC (Allocation Failure) [PSYoungGen: 480032K->94560K(498176K)] 1019372K->785200K(1896448K), 0.1688688 secs] [Times: user=0.99 sys=0.02, real=0.17 secs] 
5974.892: [GC (Allocation Failure) [PSYoungGen: 391008K->147008K(497152K)] 1081648K->926025K(1895424K), 0.0536128 secs] [Times: user=0.32 sys=0.00, real=0.05 secs] 
5977.482: [GC (Allocation Failure) [PSYoungGen: 443456K->90816K(497664K)] 1222473K->1016521K(1895936K), 0.1636678 secs] [Times: user=0.98 sys=0.00, real=0.16 secs] 
5979.018: [GC (Allocation Failure) [PSYoungGen: 387666K->142528K(497152K)] 1313371K->1155374K(1895424K), 0.0488727 secs] [Times: user=0.29 sys=0.00, real=0.05 secs] 
5980.531: [GC (Allocation Failure) [PSYoungGen: 439488K->100063K(495104K)] 1452334K->1246678K(1893376K), 0.1579864 secs] [Times: user=0.93 sys=0.01, real=0.16 secs] 
5981.546: [GC (Allocation Failure) [PSYoungGen: 399583K->153184K(496128K)] 1546198K->1395889K(1894400K), 0.0524725 secs] [Times: user=0.30 sys=0.00, real=0.05 secs] 
5981.599: [Full GC (Ergonomics) [PSYoungGen: 153184K->0K(496128K)] [ParOldGen: 1242705K->189994K(1398272K)] 1395889K->189994K(1894400K), [Metaspace: 59717K->59717K(1105920K)], 0.4484826 secs] [Times: user=2.06 sys=0.00, real=0.45 secs] 
5984.772: [GC (Allocation Failure) [PSYoungGen: 299520K->97024K(499712K)] 489514K->287018K(1897984K), 0.0304719 secs] [Times: user=0.18 sys=0.00, real=0.03 secs] 
5985.994: [GC (Allocation Failure) [PSYoungGen: 398080K->142720K(498688K)] 588074K->426955K(1896960K), 0.0485112 secs] [Times: user=0.29 sys=0.01, real=0.05 secs] 
5988.359: [GC (Allocation Failure) [PSYoungGen: 443776K->102176K(495104K)] 728011K->520103K(1893376K), 0.0781556 secs] [Times: user=0.47 sys=0.00, real=0.08 secs] 
5989.657: [GC (Allocation Failure) [PSYoungGen: 405792K->144416K(497664K)] 823719K->662152K(1895936K), 0.0506228 secs] [Times: user=0.30 sys=0.00, real=0.05 secs] 
5991.387: [GC (Allocation Failure) [PSYoungGen: 448032K->102208K(499712K)] 965768K->755464K(1897984K), 0.0659086 secs] [Times: user=0.40 sys=0.00, real=0.07 secs] 
5992.248: [GC (Allocation Failure) [PSYoungGen: 411968K->149504K(501760K)] 1065224K->902697K(1900032K), 0.0518884 secs] [Times: user=0.31 sys=0.00, real=0.05 secs] 
5994.170: [GC (Allocation Failure) [PSYoungGen: 459264K->104416K(502784K)] 1212457K->998709K(1901056K), 0.0656589 secs] [Times: user=0.39 sys=0.00, real=0.07 secs] 
5996.211: [GC (Allocation Failure) [PSYoungGen: 416224K->148096K(503296K)] 1310517K->1143842K(1901568K), 0.0523480 secs] [Times: user=0.31 sys=0.00, real=0.06 secs] 
5997.355: [GC (Allocation Failure) [PSYoungGen: 459904K->110304K(501760K)] 1455650K->1244950K(1900032K), 0.0655613 secs] [Times: user=0.39 sys=0.00, real=0.06 secs] 
6000.337: [GC (Allocation Failure) [PSYoungGen: 423648K->147488K(503296K)] 1558294K->1388919K(1901568K), 0.0536159 secs] [Times: user=0.32 sys=0.01, real=0.05 secs] 
6000.390: [Full GC (Ergonomics) [PSYoungGen: 147488K->0K(503296K)] [ParOldGen: 1241431K->187352K(1398272K)] 1388919K->187352K(1901568K), [Metaspace: 59717K->59717K(1105920K)], 0.4404409 secs] [Times: user=2.04 sys=0.00, real=0.44 secs] 
6002.221: [GC (Allocation Failure) [PSYoungGen: 313344K->108128K(503808K)] 500696K->295480K(1902080K), 0.0449786 secs] [Times: user=0.27 sys=0.00, real=0.05 secs] 
6004.252: [GC (Allocation Failure) [PSYoungGen: 425056K->150400K(505344K)] 612408K->441465K(1903616K), 0.0515766 secs] [Times: user=0.30 sys=0.00, real=0.05 secs] 
6006.294: [GC (Allocation Failure) [PSYoungGen: 467328K->110528K(506368K)] 758393K->542665K(1904640K), 0.1310253 secs] [Times: user=0.78 sys=0.00, real=0.13 secs] 
6007.796: [GC (Allocation Failure) [PSYoungGen: 429504K->152672K(506880K)] 861641K->691462K(1905152K), 0.0533581 secs] [Times: user=0.32 sys=0.00, real=0.05 secs] 
6010.071: [GC (Allocation Failure) [PSYoungGen: 471648K->101536K(508928K)] 1010438K->792642K(1907200K), 0.1330159 secs] [Times: user=0.79 sys=0.00, real=0.14 secs] 
6010.802: [GC (Allocation Failure) [PSYoungGen: 418464K->155264K(472576K)] 1109570K->941799K(1870848K), 0.0573066 secs] [Times: user=0.34 sys=0.00, real=0.05 secs] 
6013.748: [GC (Allocation Failure) [PSYoungGen: 472192K->94688K(504832K)] 1258727K->1035675K(1903104K), 0.1446240 secs] [Times: user=0.86 sys=0.00, real=0.15 secs] 
6014.342: [GC (Allocation Failure) [PSYoungGen: 404960K->153952K(464384K)] 1345947K->1183800K(1862656K), 0.0553498 secs] [Times: user=0.33 sys=0.00, real=0.05 secs] 
6017.279: [GC (Allocation Failure) [PSYoungGen: 464224K->94016K(502272K)] 1494072K->1277644K(1900544K), 0.1492977 secs] [Times: user=0.89 sys=0.00, real=0.15 secs] 
6017.697: [GC (Allocation Failure) [PSYoungGen: 398656K->149344K(454144K)] 1582284K->1421253K(1852416K), 0.0576998 secs] [Times: user=0.33 sys=0.02, real=0.06 secs] 
6017.754: [Full GC (Ergonomics) [PSYoungGen: 149344K->0K(454144K)] [ParOldGen: 1271909K->218594K(1398272K)] 1421253K->218594K(1852416K), [Metaspace: 59717K->59717K(1105920K)], 0.5031529 secs] [Times: user=2.34 sys=0.00, real=0.50 secs] 
6021.209: [GC (Allocation Failure) [PSYoungGen: 304640K->91968K(501760K)] 523234K->310562K(1900032K), 0.1186461 secs] [Times: user=0.70 sys=0.01, real=0.12 secs] 
6021.749: [GC (Allocation Failure) [PSYoungGen: 395072K->152192K(455680K)] 613666K->456944K(1853952K), 0.0529551 secs] [Times: user=0.32 sys=0.00, real=0.06 secs] 
6024.524: [GC (Allocation Failure) [PSYoungGen: 455296K->89056K(499200K)] 760048K->546124K(1897472K), 0.1656707 secs] [Times: user=0.99 sys=0.01, real=0.16 secs] 
6025.501: [GC (Allocation Failure) [PSYoungGen: 387552K->148224K(446976K)] 844620K->688453K(1845248K), 0.0533993 secs] [Times: user=0.32 sys=0.01, real=0.06 secs] 
6028.301: [GC (Allocation Failure) [PSYoungGen: 446720K->96064K(500224K)] 986949K->784085K(1898496K), 0.1542060 secs] [Times: user=0.92 sys=0.00, real=0.16 secs] 
6029.046: [GC (Allocation Failure) [PSYoungGen: 380778K->138304K(437760K)] 1068799K->912172K(1836032K), 0.0488179 secs] [Times: user=0.29 sys=0.00, real=0.05 secs] 
6030.714: [GC (Allocation Failure) [PSYoungGen: 437312K->99872K(499200K)] 1211180K->1003236K(1897472K), 0.1661583 secs] [Times: user=0.98 sys=0.01, real=0.16 secs] 
6032.605: [GC (Allocation Failure) [PSYoungGen: 401952K->144224K(496128K)] 1305316K->1142997K(1894400K), 0.0495347 secs] [Times: user=0.29 sys=0.00, real=0.05 secs] 
6034.132: [GC (Allocation Failure) [PSYoungGen: 446304K->101920K(499712K)] 1445077K->1235985K(1897984K), 0.1099758 secs] [Times: user=0.66 sys=0.00, real=0.11 secs] 
6036.823: [GC (Allocation Failure) [PSYoungGen: 411680K->148928K(501248K)] 1545745K->1380462K(1899520K), 0.0512865 secs] [Times: user=0.30 sys=0.00, real=0.05 secs] 
6036.874: [Full GC (Ergonomics) [PSYoungGen: 148928K->0K(501248K)] [ParOldGen: 1231534K->187291K(1398272K)] 1380462K->187291K(1899520K), [Metaspace: 59717K->59717K(1105920K)], 0.4437868 secs] [Times: user=2.06 sys=0.00, real=0.44 secs] 
6038.391: [GC (Allocation Failure) [PSYoungGen: 309760K->105696K(503296K)] 497051K->292987K(1901568K), 0.0320140 secs] [Times: user=0.19 sys=0.00, real=0.04 secs] 
6040.728: [GC (Allocation Failure) [PSYoungGen: 418528K->148608K(503808K)] 605819K->437814K(1902080K), 0.0512438 secs] [Times: user=0.31 sys=0.01, real=0.05 secs] 
6042.896: [GC (Allocation Failure) [PSYoungGen: 461440K->103840K(504320K)] 750646K->532638K(1902592K), 0.1230597 secs] [Times: user=0.70 sys=0.00, real=0.12 secs] 
6044.104: [GC (Allocation Failure) [PSYoungGen: 418208K->152448K(466944K)] 847006K->681467K(1865216K), 0.0512388 secs] [Times: user=0.31 sys=0.01, real=0.05 secs] 
6046.089: [GC (Allocation Failure) [PSYoungGen: 466816K->107776K(507904K)] 995835K->780915K(1906176K), 0.0999910 secs] [Times: user=0.60 sys=0.00, real=0.10 secs] 
6046.999: [GC (Allocation Failure) [PSYoungGen: 408911K->142944K(504320K)] 1082050K->920276K(1902592K), 0.0512105 secs] [Times: user=0.31 sys=0.00, real=0.05 secs] 
6049.341: [GC (Allocation Failure) [PSYoungGen: 456288K->105952K(504832K)] 1233620K->1017349K(1903104K), 0.1652122 secs] [Times: user=0.98 sys=0.00, real=0.17 secs] 
6050.698: [GC (Allocation Failure) [PSYoungGen: 408409K->145184K(504832K)] 1319806K->1158761K(1903104K), 0.0507931 secs] [Times: user=0.31 sys=0.00, real=0.05 secs] 
6052.397: [GC (Allocation Failure) [PSYoungGen: 461600K->109888K(504320K)] 1475177K->1260138K(1902592K), 0.0907726 secs] [Times: user=0.54 sys=0.00, real=0.09 secs] 
6053.360: [GC (Allocation Failure) [PSYoungGen: 430912K->155200K(506880K)] 1581162K->1411010K(1905152K), 0.0534508 secs] [Times: user=0.31 sys=0.00, real=0.06 secs] 
6053.414: [Full GC (Ergonomics) [PSYoungGen: 155200K->0K(506880K)] [ParOldGen: 1255810K->209598K(1398272K)] 1411010K->209598K(1905152K), [Metaspace: 59717K->59717K(1105920K)], 0.4721361 secs] [Times: user=2.10 sys=0.00, real=0.47 secs] 
6056.930: [GC (Allocation Failure) [PSYoungGen: 321024K->97856K(508928K)] 530622K->307454K(1907200K), 0.1398364 secs] [Times: user=0.84 sys=0.00, real=0.14 secs] 
6057.876: [GC (Allocation Failure) [PSYoungGen: 415296K->157088K(474624K)] 624894K->458639K(1872896K), 0.0553084 secs] [Times: user=0.33 sys=0.00, real=0.05 secs] 
6060.253: [GC (Allocation Failure) [PSYoungGen: 474528K->100640K(505344K)] 776079K->559023K(1903616K), 0.1154114 secs] [Times: user=0.69 sys=0.00, real=0.11 secs] 
6060.668: [GC (Allocation Failure) [PSYoungGen: 410400K->153280K(463360K)] 868783K->706133K(1861632K), 0.0573972 secs] [Times: user=0.34 sys=0.01, real=0.06 secs] 
6064.243: [GC (Allocation Failure) [PSYoungGen: 463040K->91872K(502784K)] 1015893K->797949K(1901056K), 0.1349340 secs] [Times: user=0.80 sys=0.01, real=0.13 secs] 
6064.676: [GC (Allocation Failure) [PSYoungGen: 397536K->151936K(457728K)] 1103613K->944158K(1856000K), 0.0563684 secs] [Times: user=0.33 sys=0.00, real=0.06 secs] 
6067.356: [GC (Allocation Failure) [PSYoungGen: 457600K->94144K(501248K)] 1249822K->1038094K(1899520K), 0.1376175 secs] [Times: user=0.82 sys=0.00, real=0.14 secs] 
6067.780: [GC (Allocation Failure) [PSYoungGen: 396224K->149920K(452096K)] 1340174K->1182307K(1850368K), 0.0568037 secs] [Times: user=0.34 sys=0.01, real=0.06 secs] 
6070.593: [GC (Allocation Failure) [PSYoungGen: 452000K->90784K(500224K)] 1484387K->1272987K(1898496K), 0.1210072 secs] [Times: user=0.72 sys=0.00, real=0.12 secs] 
6070.971: [GC (Allocation Failure) [PSYoungGen: 390816K->149312K(449536K)] 1573019K->1416347K(1847808K), 0.0551032 secs] [Times: user=0.33 sys=0.01, real=0.06 secs] 
6071.026: [Full GC (Ergonomics) [PSYoungGen: 149312K->0K(449536K)] [ParOldGen: 1267035K->223952K(1398272K)] 1416347K->223952K(1847808K), [Metaspace: 59717K->59717K(1105920K)], 0.5200484 secs] [Times: user=2.43 sys=0.00, real=0.52 secs] 
6074.267: [GC (Allocation Failure) [PSYoungGen: 300032K->88480K(499200K)] 523984K->312432K(1897472K), 0.0717819 secs] [Times: user=0.34 sys=0.00, real=0.07 secs] 
6074.847: [GC (Allocation Failure) [PSYoungGen: 386976K->150048K(449024K)] 610928K->456937K(1847296K), 0.0525776 secs] [Times: user=0.31 sys=0.00, real=0.05 secs] 
6077.815: [GC (Allocation Failure) [PSYoungGen: 448544K->86880K(497664K)] 755433K->543961K(1895936K), 0.1346764 secs] [Times: user=0.79 sys=0.00, real=0.13 secs] 
6079.538: [GC (Allocation Failure) [PSYoungGen: 382304K->145664K(496640K)] 839385K->683498K(1894912K), 0.0523966 secs] [Times: user=0.31 sys=0.00, real=0.05 secs] 
6081.944: [GC (Allocation Failure) [PSYoungGen: 441088K->87488K(495616K)] 978922K->771014K(1893888K), 0.1510555 secs] [Times: user=0.90 sys=0.00, real=0.15 secs] 
6083.473: [GC (Allocation Failure) [PSYoungGen: 382912K->143232K(496128K)] 1066438K->909971K(1894400K), 0.0481142 secs] [Times: user=0.28 sys=0.00, real=0.04 secs] 
6084.888: [GC (Allocation Failure) [PSYoungGen: 438656K->99648K(490496K)] 1205395K->1000811K(1888768K), 0.0918424 secs] [Times: user=0.54 sys=0.00, real=0.09 secs] 
6086.184: [GC (Allocation Failure) [PSYoungGen: 396608K->142016K(494080K)] 1297771K->1138922K(1892352K), 0.0497612 secs] [Times: user=0.29 sys=0.00, real=0.05 secs] 
6089.136: [GC (Allocation Failure) [PSYoungGen: 438976K->99040K(495104K)] 1435882K->1228890K(1893376K), 0.0632606 secs] [Times: user=0.37 sys=0.01, real=0.06 secs] 
6090.773: [GC (Allocation Failure) [PSYoungGen: 403168K->144480K(498176K)] 1533018K->1370855K(1896448K), 0.0508982 secs] [Times: user=0.30 sys=0.00, real=0.05 secs] 
6090.824: [Full GC (Ergonomics) [PSYoungGen: 144480K->0K(498176K)] [ParOldGen: 1226375K->178193K(1398272K)] 1370855K->178193K(1896448K), [Metaspace: 59717K->59717K(1105920K)], 0.4136499 secs] [Times: user=1.89 sys=0.01, real=0.41 secs] 
6092.374: [GC (Allocation Failure) [PSYoungGen: 304128K->103904K(498176K)] 482321K->282097K(1896448K), 0.0333708 secs] [Times: user=0.19 sys=0.00, real=0.03 secs] 
6094.739: [GC (Allocation Failure) [PSYoungGen: 413152K->146560K(500736K)] 591345K->425614K(1899008K), 0.0545243 secs] [Times: user=0.29 sys=0.01, real=0.06 secs] 
6095.915: [GC (Allocation Failure) [PSYoungGen: 455808K->106560K(501760K)] 734862K->523446K(1900032K), 0.0639635 secs] [Times: user=0.38 sys=0.00, real=0.06 secs] 
6098.063: [GC (Allocation Failure) [PSYoungGen: 419904K->147072K(503296K)] 836790K->667533K(1901568K), 0.0526148 secs] [Times: user=0.32 sys=0.00, real=0.05 secs] 
6099.252: [GC (Allocation Failure) [PSYoungGen: 460416K->109920K(502272K)] 980877K->768113K(1900544K), 0.0651755 secs] [Times: user=0.38 sys=0.00, real=0.06 secs] 
6100.932: [GC (Allocation Failure) [PSYoungGen: 426336K->149280K(504320K)] 1084529K->913634K(1902592K), 0.0539813 secs] [Times: user=0.31 sys=0.01, real=0.05 secs] 
6102.942: [GC (Allocation Failure) [PSYoungGen: 465696K->111360K(506368K)] 1230050K->1015422K(1904640K), 0.1579873 secs] [Times: user=0.92 sys=0.01, real=0.15 secs] 
6103.920: [GC (Allocation Failure) [PSYoungGen: 415183K->146880K(506880K)] 1319246K->1158211K(1905152K), 0.0543399 secs] [Times: user=0.32 sys=0.00, real=0.06 secs] 
6106.323: [GC (Allocation Failure) [PSYoungGen: 466368K->107168K(507392K)] 1477699K->1256843K(1905664K), 0.1668004 secs] [Times: user=0.99 sys=0.01, real=0.16 secs] 
6107.784: [GC (Allocation Failure) [PSYoungGen: 429216K->155552K(477696K)] 1578891K->1408085K(1875968K), 0.0536132 secs] [Times: user=0.32 sys=0.00, real=0.05 secs] 
6107.838: [Full GC (Ergonomics) [PSYoungGen: 155552K->0K(477696K)] [ParOldGen: 1252533K->207284K(1398272K)] 1408085K->207284K(1875968K), [Metaspace: 59717K->59717K(1105920K)], 0.4683450 secs] [Times: user=2.17 sys=0.00, real=0.47 secs] 
6111.616: [GC (Allocation Failure) [PSYoungGen: 322048K->97888K(508416K)] 529332K->305172K(1906688K), 0.1693551 secs] [Times: user=1.01 sys=0.00, real=0.17 secs] 
6112.556: [GC (Allocation Failure) [PSYoungGen: 414816K->154560K(471552K)] 622100K->454049K(1869824K), 0.0552146 secs] [Times: user=0.33 sys=0.00, real=0.06 secs] 
6115.753: [GC (Allocation Failure) [PSYoungGen: 471488K->100192K(505856K)] 770977K->554041K(1904128K), 0.1604080 secs] [Times: user=0.96 sys=0.00, real=0.16 secs] 
6116.435: [GC (Allocation Failure) [PSYoungGen: 410976K->155808K(466944K)] 864825K->699478K(1865216K), 0.0560924 secs] [Times: user=0.33 sys=0.00, real=0.05 secs] 
6120.060: [GC (Allocation Failure) [PSYoungGen: 466592K->93440K(502272K)] 1010262K->792910K(1900544K), 0.1578473 secs] [Times: user=0.94 sys=0.00, real=0.16 secs] 
6120.515: [GC (Allocation Failure) [PSYoungGen: 398080K->153024K(457728K)] 1097550K->939931K(1856000K), 0.0568220 secs] [Times: user=0.34 sys=0.00, real=0.06 secs] 
6123.599: [GC (Allocation Failure) [PSYoungGen: 457664K->91872K(500224K)] 1244571K->1031971K(1898496K), 0.1378757 secs] [Times: user=0.82 sys=0.00, real=0.14 secs] 
6124.003: [GC (Allocation Failure) [PSYoungGen: 392416K->165760K(466432K)] 1332515K->1191420K(1864704K), 0.0561921 secs] [Times: user=0.33 sys=0.00, real=0.05 secs] 
6126.637: [GC (Allocation Failure) [PSYoungGen: 466304K->90112K(493568K)] 1491964K->1264732K(1891840K), 0.1569456 secs] [Times: user=0.93 sys=0.01, real=0.16 secs] 
6127.110: [GC (GCLocker Initiated GC) [PSYoungGen: 376832K->141248K(428032K)] 1551452K->1400237K(1826304K), 0.0516285 secs] [Times: user=0.31 sys=0.00, real=0.05 secs] 
6127.161: [Full GC (Ergonomics) [PSYoungGen: 141248K->0K(428032K)] [ParOldGen: 1258989K->206677K(1398272K)] 1400237K->206677K(1826304K), [Metaspace: 59717K->59717K(1105920K)], 0.4832355 secs] [Times: user=2.23 sys=0.00, real=0.49 secs] 
6129.383: [GC (Allocation Failure) [PSYoungGen: 286720K->88672K(492032K)] 493449K->295401K(1890304K), 0.1072425 secs] [Times: user=0.64 sys=0.00, real=0.10 secs] 
6130.701: [GC (Allocation Failure) [PSYoungGen: 376928K->138880K(490496K)] 583657K->427737K(1888768K), 0.0464042 secs] [Times: user=0.28 sys=0.00, real=0.05 secs] 
6131.814: [GC (Allocation Failure) [PSYoungGen: 427136K->98624K(493568K)] 715993K->517145K(1891840K), 0.0600771 secs] [Times: user=0.35 sys=0.00, real=0.06 secs] 
6132.796: [GC (Allocation Failure) [PSYoungGen: 394560K->143904K(493056K)] 813081K->657970K(1891328K), 0.0491107 secs] [Times: user=0.29 sys=0.00, real=0.05 secs] 
6134.490: [GC (Allocation Failure) [PSYoungGen: 439840K->99232K(496128K)] 953906K->749026K(1894400K), 0.0623443 secs] [Times: user=0.37 sys=0.01, real=0.07 secs] 
6137.269: [GC (Allocation Failure) [PSYoungGen: 403360K->141504K(498688K)] 1053154K->887958K(1896960K), 0.0498978 secs] [Times: user=0.30 sys=0.00, real=0.05 secs] 
6138.419: [GC (Allocation Failure) [PSYoungGen: 445632K->103840K(497152K)] 1192086K->982627K(1895424K), 0.0637056 secs] [Times: user=0.38 sys=0.00, real=0.07 secs] 
6141.246: [GC (Allocation Failure) [PSYoungGen: 413600K->144224K(500736K)] 1292387K->1124379K(1899008K), 0.0519274 secs] [Times: user=0.30 sys=0.00, real=0.05 secs] 
6142.400: [GC (Allocation Failure) [PSYoungGen: 453984K->109056K(500224K)] 1434139K->1224391K(1898496K), 0.0629823 secs] [Times: user=0.37 sys=0.00, real=0.07 secs] 
6145.026: [GC (Allocation Failure) [PSYoungGen: 424448K->146784K(503296K)] 1539783K->1368752K(1901568K), 0.0531193 secs] [Times: user=0.32 sys=0.00, real=0.05 secs] 
6145.079: [Full GC (Ergonomics) [PSYoungGen: 146784K->0K(503296K)] [ParOldGen: 1221968K->175984K(1398272K)] 1368752K->175984K(1901568K), [Metaspace: 59717K->59717K(1105920K)], 0.4186248 secs] [Times: user=1.94 sys=0.00, real=0.42 secs] 
6146.595: [GC (Allocation Failure) [PSYoungGen: 315392K->107616K(506368K)] 491376K->283600K(1904640K), 0.0344055 secs] [Times: user=0.20 sys=0.00, real=0.03 secs] 
6148.822: [GC (Allocation Failure) [PSYoungGen: 428128K->149664K(507392K)] 604112K->430716K(1905664K), 0.0536144 secs] [Times: user=0.31 sys=0.00, real=0.05 secs] 
6150.006: [GC (Allocation Failure) [PSYoungGen: 470176K->112544K(507392K)] 751228K->534244K(1905664K), 0.0659885 secs] [Times: user=0.39 sys=0.00, real=0.07 secs] 
6152.412: [GC (Allocation Failure) [PSYoungGen: 431895K->151488K(507904K)] 853595K->681520K(1906176K), 0.0530007 secs] [Times: user=0.32 sys=0.00, real=0.05 secs] 
6154.118: [GC (Allocation Failure) [PSYoungGen: 473024K->110208K(509440K)] 1003056K->782884K(1907712K), 0.0916566 secs] [Times: user=0.54 sys=0.00, real=0.09 secs] 
6155.353: [GC (Allocation Failure) [PSYoungGen: 432256K->154912K(477184K)] 1104932K->933185K(1875456K), 0.0525265 secs] [Times: user=0.31 sys=0.00, real=0.05 secs] 
6158.721: [GC (Allocation Failure) [PSYoungGen: 476960K->99424K(508928K)] 1255233K->1031485K(1907200K), 0.1588150 secs] [Times: user=0.94 sys=0.01, real=0.16 secs] 
6159.629: [GC (Allocation Failure) [PSYoungGen: 416864K->157440K(475136K)] 1348925K->1183137K(1873408K), 0.0576788 secs] [Times: user=0.35 sys=0.00, real=0.06 secs] 
6162.022: [GC (GCLocker Initiated GC) [PSYoungGen: 474880K->97024K(504832K)] 1500577K->1279689K(1903104K), 0.1578234 secs] [Times: user=0.94 sys=0.00, real=0.15 secs] 
6162.473: [GC (Allocation Failure) [PSYoungGen: 406272K->154784K(464384K)] 1588940K->1428553K(1862656K), 0.0579497 secs] [Times: user=0.35 sys=0.00, real=0.05 secs] 
6162.531: [Full GC (Ergonomics) [PSYoungGen: 154784K->0K(464384K)] [ParOldGen: 1273769K->227814K(1398272K)] 1428553K->227814K(1862656K), [Metaspace: 59717K->59717K(1105920K)], 0.5260801 secs] [Times: user=2.43 sys=0.00, real=0.53 secs] 
6165.867: [GC (GCLocker Initiated GC) [PSYoungGen: 309248K->90752K(501248K)] 537062K->318566K(1899520K), 0.1006784 secs] [Times: user=0.60 sys=0.00, real=0.10 secs] 
6166.279: [GC (Allocation Failure) [PSYoungGen: 393856K->168064K(471552K)] 621673K->480386K(1869824K), 0.0546115 secs] [Times: user=0.32 sys=0.00, real=0.06 secs] 
6168.941: [GC (Allocation Failure) [PSYoungGen: 471168K->93088K(494080K)] 783490K->556766K(1892352K), 0.1545236 secs] [Times: user=0.92 sys=0.00, real=0.16 secs] 
6169.357: [GC (Allocation Failure) [PSYoungGen: 380832K->142848K(431104K)] 844510K->693775K(1829376K), 0.0534476 secs] [Times: user=0.32 sys=0.00, real=0.05 secs] 
6171.660: [GC (Allocation Failure) [PSYoungGen: 427863K->85088K(491520K)] 978790K->778647K(1889792K), 0.1290869 secs] [Times: user=0.76 sys=0.01, real=0.13 secs] 
6172.111: [GC (Allocation Failure) [PSYoungGen: 365331K->138176K(491008K)] 1058890K->912526K(1889280K), 0.0474675 secs] [Times: user=0.28 sys=0.00, real=0.05 secs] 
6173.603: [GC (Allocation Failure) [PSYoungGen: 426432K->96032K(492544K)] 1200782K->999990K(1890816K), 0.0615032 secs] [Times: user=0.36 sys=0.00, real=0.06 secs] 
6176.059: [GC (Allocation Failure) [PSYoungGen: 391456K->138112K(493056K)] 1295414K->1134231K(1891328K), 0.0480091 secs] [Times: user=0.27 sys=0.01, real=0.05 secs] 
6177.200: [GC (GCLocker Initiated GC) [PSYoungGen: 433536K->103232K(493568K)] 1429655K->1228367K(1891840K), 0.0615900 secs] [Times: user=0.37 sys=0.01, real=0.07 secs] 
6179.389: [GC (Allocation Failure) [PSYoungGen: 407872K->140832K(497152K)] 1533010K->1366511K(1895424K), 0.0514469 secs] [Times: user=0.31 sys=0.00, real=0.05 secs] 
6179.441: [Full GC (Ergonomics) [PSYoungGen: 140832K->0K(497152K)] [ParOldGen: 1225679K->172795K(1398272K)] 1366511K->172795K(1895424K), [Metaspace: 59717K->59717K(1105920K)], 0.3991386 secs] [Times: user=1.83 sys=0.00, real=0.40 secs] 
6180.928: [GC (GCLocker Initiated GC) [PSYoungGen: 304640K->106592K(498176K)] 477436K->279388K(1896448K), 0.0359562 secs] [Times: user=0.21 sys=0.00, real=0.04 secs] 
6182.676: [GC (Allocation Failure) [PSYoungGen: 420448K->154048K(502272K)] 593296K->430916K(1900544K), 0.0537834 secs] [Times: user=0.32 sys=0.00, real=0.05 secs] 
6183.868: [GC (Allocation Failure) [PSYoungGen: 467904K->112128K(505344K)] 744772K->525185K(1903616K), 0.0636118 secs] [Times: user=0.37 sys=0.00, real=0.06 secs] 
6185.674: [GC (Allocation Failure) [PSYoungGen: 428032K->150336K(504832K)] 841089K->673109K(1903104K), 0.0545980 secs] [Times: user=0.33 sys=0.00, real=0.05 secs] 
6186.871: [GC (Allocation Failure) [PSYoungGen: 466240K->108640K(506368K)] 989013K->772901K(1904640K), 0.0732109 secs] [Times: user=0.43 sys=0.00, real=0.08 secs] 
6188.549: [GC (Allocation Failure) [PSYoungGen: 426080K->151072K(506368K)] 1090341K->920178K(1904640K), 0.0526923 secs] [Times: user=0.31 sys=0.01, real=0.05 secs] 
6190.661: [GC (Allocation Failure) [PSYoungGen: 468512K->109760K(506368K)] 1237618K->1020818K(1904640K), 0.1138504 secs] [Times: user=0.67 sys=0.00, real=0.12 secs] 
6191.520: [GC (Allocation Failure) [PSYoungGen: 427200K->155712K(473600K)] 1338258K->1172691K(1871872K), 0.0539147 secs] [Times: user=0.32 sys=0.00, real=0.06 secs] 
6193.689: [GC (Allocation Failure) [PSYoungGen: 473152K->97152K(506368K)] 1490131K->1269611K(1904640K), 0.1271799 secs] [Times: user=0.76 sys=0.00, real=0.13 secs] 
6194.206: [GC (Allocation Failure) [PSYoungGen: 409984K->155232K(468480K)] 1582443K->1419180K(1866752K), 0.0568054 secs] [Times: user=0.33 sys=0.00, real=0.06 secs] 
6194.263: [Full GC (Ergonomics) [PSYoungGen: 155232K->0K(468480K)] [ParOldGen: 1263948K->216774K(1398272K)] 1419180K->216774K(1866752K), [Metaspace: 59717K->59717K(1105920K)], 0.4978555 secs] [Times: user=2.31 sys=0.00, real=0.49 secs] 
6199.082: [GC (Allocation Failure) [PSYoungGen: 312832K->90624K(502272K)] 529606K->307398K(1900544K), 0.1401426 secs] [Times: user=0.84 sys=0.00, real=0.14 secs] 
6200.258: [GC (Allocation Failure) [PSYoungGen: 395776K->150944K(456192K)] 612550K->452191K(1854464K), 0.0524370 secs] [Times: user=0.31 sys=0.00, real=0.05 secs] 
6202.497: [GC (Allocation Failure) [PSYoungGen: 456096K->92096K(501248K)] 757343K->544127K(1899520K), 0.1451480 secs] [Times: user=0.86 sys=0.01, real=0.15 secs] 
6203.099: [GC (Allocation Failure) [PSYoungGen: 394176K->151264K(453632K)] 846207K->689176K(1851904K), 0.0535764 secs] [Times: user=0.32 sys=0.00, real=0.06 secs] 
6205.189: [GC (Allocation Failure) [PSYoungGen: 453344K->95232K(500224K)] 991256K->784220K(1898496K), 0.1241611 secs] [Times: user=0.74 sys=0.00, real=0.13 secs] 
6205.687: [GC (Allocation Failure) [PSYoungGen: 394752K->149056K(498176K)] 1083740K->927753K(1896448K), 0.0543130 secs] [Times: user=0.33 sys=0.00, real=0.05 secs] 
6208.498: [GC (Allocation Failure) [PSYoungGen: 448576K->90048K(498688K)] 1227273K->1017213K(1896960K), 0.1569728 secs] [Times: user=0.93 sys=0.00, real=0.16 secs] 
6209.675: [GC (Allocation Failure) [PSYoungGen: 382643K->138656K(437760K)] 1309808K->1151922K(1836032K), 0.0498512 secs] [Times: user=0.29 sys=0.00, real=0.05 secs] 
6211.472: [GC (Allocation Failure) [PSYoungGen: 437664K->100192K(500736K)] 1450930K->1243074K(1899008K), 0.1354974 secs] [Times: user=0.81 sys=0.00, real=0.13 secs] 
6213.244: [GC (Allocation Failure) [PSYoungGen: 403296K->145248K(497664K)] 1546178K->1384015K(1895936K), 0.0497317 secs] [Times: user=0.30 sys=0.00, real=0.05 secs] 
6213.294: [Full GC (Ergonomics) [PSYoungGen: 145248K->0K(497664K)] [ParOldGen: 1238767K->189669K(1398272K)] 1384015K->189669K(1895936K), [Metaspace: 59717K->59717K(1105920K)], 0.4438299 secs] [Times: user=2.05 sys=0.00, real=0.44 secs] 
6215.008: [GC (GCLocker Initiated GC) [PSYoungGen: 303104K->101312K(498688K)] 492775K->290983K(1896960K), 0.0422815 secs] [Times: user=0.24 sys=0.00, real=0.04 secs] 
6216.519: [GC (Allocation Failure) [PSYoungGen: 409536K->147968K(500736K)] 599242K->434667K(1899008K), 0.0500219 secs] [Times: user=0.29 sys=0.01, real=0.05 secs] 
6217.687: [GC (Allocation Failure) [PSYoungGen: 456192K->106144K(500736K)] 742891K->531647K(1899008K), 0.0642993 secs] [Times: user=0.38 sys=0.00, real=0.06 secs] 
6219.569: [GC (Allocation Failure) [PSYoungGen: 417440K->149056K(502272K)] 842943K->676648K(1900544K), 0.0521662 secs] [Times: user=0.31 sys=0.00, real=0.05 secs] 
6221.205: [GC (Allocation Failure) [PSYoungGen: 460352K->106560K(503808K)] 987944K->773784K(1902080K), 0.1236171 secs] [Times: user=0.73 sys=0.00, real=0.12 secs] 
6222.685: [GC (Allocation Failure) [PSYoungGen: 420416K->151552K(504320K)] 1087640K->920725K(1902592K), 0.0523744 secs] [Times: user=0.31 sys=0.00, real=0.05 secs] 
6224.818: [GC (Allocation Failure) [PSYoungGen: 465408K->105664K(505344K)] 1234581K->1017613K(1903616K), 0.1610432 secs] [Times: user=0.95 sys=0.01, real=0.16 secs] 
6225.971: [GC (Allocation Failure) [PSYoungGen: 408939K->145440K(504832K)] 1320889K->1158858K(1903104K), 0.0516244 secs] [Times: user=0.31 sys=0.00, real=0.06 secs] 
6228.264: [GC (Allocation Failure) [PSYoungGen: 459296K->105504K(502784K)] 1472714K->1255714K(1901056K), 0.1710193 secs] [Times: user=0.92 sys=0.00, real=0.17 secs] 
6229.952: [GC (Allocation Failure) [PSYoungGen: 413326K->145376K(504832K)] 1563536K->1397126K(1903104K), 0.0519223 secs] [Times: user=0.30 sys=0.00, real=0.05 secs] 
6230.004: [Full GC (Ergonomics) [PSYoungGen: 145376K->0K(504832K)] [ParOldGen: 1251750K->195951K(1398272K)] 1397126K->195951K(1903104K), [Metaspace: 59718K->59718K(1105920K)], 0.4423179 secs] [Times: user=2.03 sys=0.00, real=0.44 secs] 
6232.445: [GC (Allocation Failure) [PSYoungGen: 315904K->106752K(505344K)] 511855K->302703K(1903616K), 0.0947864 secs] [Times: user=0.55 sys=0.01, real=0.09 secs] 
6233.473: [GC (Allocation Failure) [PSYoungGen: 426240K->154208K(506880K)] 622191K->453188K(1905152K), 0.0515675 secs] [Times: user=0.30 sys=0.00, real=0.05 secs] 
6235.939: [GC (Allocation Failure) [PSYoungGen: 473696K->98208K(508416K)] 772676K->551112K(1906688K), 0.1679083 secs] [Times: user=0.99 sys=0.00, real=0.17 secs] 
6236.814: [GC (Allocation Failure) [PSYoungGen: 414624K->156416K(473088K)] 867528K->700941K(1871360K), 0.0554320 secs] [Times: user=0.33 sys=0.00, real=0.05 secs] 
6239.659: [GC (Allocation Failure) [PSYoungGen: 472832K->95936K(504320K)] 1017357K->796373K(1902592K), 0.1497533 secs] [Times: user=0.90 sys=0.00, real=0.15 secs] 
6240.108: [GC (Allocation Failure) [PSYoungGen: 404160K->153248K(461824K)] 1104597K->943650K(1860096K), 0.0547087 secs] [Times: user=0.33 sys=0.00, real=0.06 secs] 
6243.688: [GC (Allocation Failure) [PSYoungGen: 461472K->88672K(501248K)] 1251874K->1031994K(1899520K), 0.1422503 secs] [Times: user=0.85 sys=0.00, real=0.14 secs] 
6244.141: [GC (GCLocker Initiated GC) [PSYoungGen: 391776K->150752K(454144K)] 1335098K->1176503K(1852416K), 0.0519068 secs] [Times: user=0.31 sys=0.00, real=0.06 secs] 
6246.806: [GC (Allocation Failure) [PSYoungGen: 453856K->93088K(500224K)] 1479609K->1269177K(1898496K), 0.1631487 secs] [Times: user=0.97 sys=0.00, real=0.16 secs] 
6247.578: [GC (Allocation Failure) [PSYoungGen: 393120K->147136K(498688K)] 1569209K->1410154K(1896960K), 0.0531621 secs] [Times: user=0.31 sys=0.00, real=0.05 secs] 
6247.631: [Full GC (Ergonomics) [PSYoungGen: 147136K->0K(498688K)] [ParOldGen: 1263018K->208786K(1398272K)] 1410154K->208786K(1896960K), [Metaspace: 59718K->59718K(1105920K)], 0.4751807 secs] [Times: user=2.19 sys=0.00, real=0.48 secs] 
6250.367: [GC (Allocation Failure) [PSYoungGen: 300032K->90592K(498688K)] 508818K->299378K(1896960K), 0.0767783 secs] [Times: user=0.45 sys=0.00, real=0.08 secs] 
6251.396: [GC (Allocation Failure) [PSYoungGen: 379979K->139392K(498688K)] 588766K->434583K(1896960K), 0.0483488 secs] [Times: user=0.29 sys=0.00, real=0.05 secs] 
6253.457: [GC (GCLocker Initiated GC) [PSYoungGen: 439424K->101056K(495616K)] 734615K->526839K(1893888K), 0.0605308 secs] [Times: user=0.36 sys=0.00, real=0.06 secs] 
6254.622: [GC (Allocation Failure) [PSYoungGen: 404160K->144512K(497152K)] 829946K->667647K(1895424K), 0.0488540 secs] [Times: user=0.29 sys=0.00, real=0.04 secs] 
6255.977: [GC (Allocation Failure) [PSYoungGen: 447616K->106080K(497664K)] 970751K->764775K(1895936K), 0.0625177 secs] [Times: user=0.37 sys=0.00, real=0.06 secs] 
6257.261: [GC (GCLocker Initiated GC) [PSYoungGen: 415840K->150432K(500736K)] 1074535K->909960K(1899008K), 0.0504906 secs] [Times: user=0.30 sys=0.00, real=0.05 secs] 
6260.457: [GC (Allocation Failure) [PSYoungGen: 460192K->101120K(505344K)] 1219723K->1002707K(1903616K), 0.1704503 secs] [Times: user=1.01 sys=0.00, real=0.17 secs] 
6261.672: [GC (Allocation Failure) [PSYoungGen: 413440K->148352K(504320K)] 1315027K->1147100K(1902592K), 0.0499074 secs] [Times: user=0.29 sys=0.01, real=0.05 secs] 
6263.993: [GC (Allocation Failure) [PSYoungGen: 460672K->106176K(502272K)] 1459420K->1244296K(1900544K), 0.1692735 secs] [Times: user=1.00 sys=0.00, real=0.17 secs] 
6265.492: [GC (Allocation Failure) [PSYoungGen: 418207K->147968K(503296K)] 1556327K->1388305K(1901568K), 0.0514266 secs] [Times: user=0.31 sys=0.00, real=0.05 secs] 
6265.544: [Full GC (Ergonomics) [PSYoungGen: 147968K->0K(503296K)] [ParOldGen: 1240337K->195819K(1398272K)] 1388305K->195819K(1901568K), [Metaspace: 59718K->59718K(1105920K)], 0.4608588 secs] [Times: user=2.13 sys=0.00, real=0.46 secs] 
6267.941: [GC (Allocation Failure) [PSYoungGen: 312320K->103616K(503808K)] 508139K->299436K(1902080K), 0.0946705 secs] [Times: user=0.56 sys=0.00, real=0.10 secs] 
6268.717: [GC (Allocation Failure) [PSYoungGen: 409857K->148864K(504832K)] 605677K->444244K(1903104K), 0.0495215 secs] [Times: user=0.29 sys=0.00, real=0.05 secs] 
6271.014: [GC (Allocation Failure) [PSYoungGen: 463744K->107776K(504832K)] 759124K->543137K(1903104K), 0.1578733 secs] [Times: user=0.95 sys=0.00, real=0.16 secs] 
6272.495: [GC (Allocation Failure) [PSYoungGen: 409931K->143808K(505344K)] 845292K->683153K(1903616K), 0.0500957 secs] [Times: user=0.29 sys=0.00, real=0.05 secs] 
6274.952: [GC (Allocation Failure) [PSYoungGen: 459712K->105088K(504832K)] 999057K->779194K(1903104K), 0.1687226 secs] [Times: user=1.00 sys=0.00, real=0.16 secs] 
6276.364: [GC (Allocation Failure) [PSYoungGen: 414644K->145920K(506880K)] 1088750K->921278K(1905152K), 0.0499505 secs] [Times: user=0.30 sys=0.00, real=0.05 secs] 
6278.158: [GC (Allocation Failure) [PSYoungGen: 465408K->109728K(506880K)] 1240766K->1022378K(1905152K), 0.1573667 secs] [Times: user=0.94 sys=0.00, real=0.16 secs] 
6279.551: [GC (Allocation Failure) [PSYoungGen: 432288K->153024K(508416K)] 1344938K->1171183K(1906688K), 0.0523289 secs] [Times: user=0.31 sys=0.00, real=0.06 secs] 
6282.650: [GC (Allocation Failure) [PSYoungGen: 475584K->102176K(510464K)] 1493743K->1272411K(1908736K), 0.1643893 secs] [Times: user=0.98 sys=0.01, real=0.17 secs] 
6283.316: [GC (Allocation Failure) [PSYoungGen: 422688K->155392K(476160K)] 1592923K->1422268K(1874432K), 0.0578574 secs] [Times: user=0.34 sys=0.00, real=0.06 secs] 
6283.374: [Full GC (Ergonomics) [PSYoungGen: 155392K->0K(476160K)] [ParOldGen: 1266876K->220061K(1398272K)] 1422268K->220061K(1874432K), [Metaspace: 59718K->59718K(1105920K)], 0.5127151 secs] [Times: user=2.39 sys=0.00, real=0.51 secs] 
6286.852: [GC (Allocation Failure) [PSYoungGen: 320512K->101056K(507904K)] 540573K->321117K(1906176K), 0.1032953 secs] [Times: user=0.61 sys=0.00, real=0.10 secs] 
6287.309: [GC (Allocation Failure) [PSYoungGen: 415936K->156128K(471040K)] 635997K->471302K(1869312K), 0.0574210 secs] [Times: user=0.34 sys=0.00, real=0.06 secs] 
6291.015: [GC (Allocation Failure) [PSYoungGen: 471008K->90048K(503296K)] 786182K->561382K(1901568K), 0.1485940 secs] [Times: user=0.87 sys=0.02, real=0.15 secs] 
6291.440: [GC (Allocation Failure) [PSYoungGen: 397248K->154304K(461824K)] 868582K->709847K(1860096K), 0.0555272 secs] [Times: user=0.34 sys=0.00, real=0.06 secs] 
6294.024: [GC (Allocation Failure) [PSYoungGen: 461504K->96032K(500736K)] 1017047K->806083K(1899008K), 0.1111748 secs] [Times: user=0.66 sys=0.00, real=0.11 secs] 
6294.388: [GC (Allocation Failure) [PSYoungGen: 397088K->151424K(452608K)] 1107139K->947360K(1850880K), 0.0550490 secs] [Times: user=0.33 sys=0.00, real=0.06 secs] 
6296.988: [GC (Allocation Failure) [PSYoungGen: 452480K->90016K(499200K)] 1248416K->1037500K(1897472K), 0.1154683 secs] [Times: user=0.69 sys=0.00, real=0.12 secs] 
6297.400: [GC (Allocation Failure) [PSYoungGen: 388512K->147840K(446464K)] 1335996K->1179305K(1844736K), 0.0539664 secs] [Times: user=0.32 sys=0.00, real=0.06 secs] 
6299.962: [GC (Allocation Failure) [PSYoungGen: 446336K->91328K(499712K)] 1477801K->1270345K(1897984K), 0.1683145 secs] [Times: user=0.90 sys=0.00, real=0.16 secs] 
6300.412: [GC (Allocation Failure) [PSYoungGen: 389824K->147808K(497664K)] 1568841K->1411986K(1895936K), 0.0542335 secs] [Times: user=0.32 sys=0.00, real=0.05 secs] 
6300.467: [Full GC (Ergonomics) [PSYoungGen: 147808K->0K(497664K)] [ParOldGen: 1264178K->218973K(1398272K)] 1411986K->218973K(1895936K), [Metaspace: 59718K->59718K(1105920K)], 0.4992033 secs] [Times: user=2.31 sys=0.00, real=0.50 secs] 
6303.829: [GC (Allocation Failure) [PSYoungGen: 298496K->85600K(498688K)] 517469K->304573K(1896960K), 0.1355035 secs] [Times: user=0.80 sys=0.00, real=0.14 secs] 
6304.716: [GC (Allocation Failure) [PSYoungGen: 383072K->148736K(446464K)] 602045K->447218K(1844736K), 0.0515386 secs] [Times: user=0.30 sys=0.00, real=0.05 secs] 
6307.468: [GC (Allocation Failure) [PSYoungGen: 446208K->88768K(498176K)] 744690K->535954K(1896448K), 0.1494732 secs] [Times: user=0.89 sys=0.00, real=0.15 secs] 
6308.298: [GC (Allocation Failure) [PSYoungGen: 379480K->141632K(496128K)] 826667K->673891K(1894400K), 0.0489318 secs] [Times: user=0.29 sys=0.00, real=0.05 secs] 
6309.699: [GC (Allocation Failure) [PSYoungGen: 437056K->100096K(492032K)] 969315K->765787K(1890304K), 0.1018676 secs] [Times: user=0.60 sys=0.00, real=0.10 secs] 
6313.408: [GC (Allocation Failure) [PSYoungGen: 397568K->139680K(494080K)] 1063259K->900664K(1892352K), 0.0476952 secs] [Times: user=0.28 sys=0.00, real=0.05 secs] 
6314.617: [GC (Allocation Failure) [PSYoungGen: 437152K->101024K(494592K)] 1198136K->992608K(1892864K), 0.0611714 secs] [Times: user=0.36 sys=0.00, real=0.06 secs] 
6317.158: [GC (GCLocker Initiated GC) [PSYoungGen: 407200K->142176K(498688K)] 1298784K->1131949K(1896960K), 0.0507887 secs] [Times: user=0.30 sys=0.00, real=0.05 secs] 
6318.328: [GC (Allocation Failure) [PSYoungGen: 448352K->106912K(498176K)] 1438127K->1230063K(1896448K), 0.0630181 secs] [Times: user=0.37 sys=0.00, real=0.06 secs] 
6320.935: [GC (Allocation Failure) [PSYoungGen: 419744K->146496K(501760K)] 1542895K->1373620K(1900032K), 0.0526124 secs] [Times: user=0.31 sys=0.00, real=0.05 secs] 
6320.987: [Full GC (Ergonomics) [PSYoungGen: 146496K->0K(501760K)] [ParOldGen: 1227124K->179670K(1398272K)] 1373620K->179670K(1900032K), [Metaspace: 59718K->59718K(1105920K)], 0.4218073 secs] [Times: user=1.95 sys=0.00, real=0.42 secs] 
6322.538: [GC (Allocation Failure) [PSYoungGen: 312832K->110976K(503296K)] 492502K->290646K(1901568K), 0.0337732 secs] [Times: user=0.19 sys=0.00, real=0.04 secs] 
6325.416: [GC (Allocation Failure) [PSYoungGen: 429440K->165440K(484352K)] 609110K->452290K(1882624K), 0.0540715 secs] [Times: user=0.32 sys=0.00, real=0.05 secs] 
6326.741: [GC (GCLocker Initiated GC) [PSYoungGen: 483904K->111488K(506880K)] 770755K->538459K(1905152K), 0.0699726 secs] [Times: user=0.42 sys=0.00, real=0.07 secs] 
6328.032: [GC (Allocation Failure) [PSYoungGen: 421760K->147360K(502272K)] 848732K->681821K(1900544K), 0.0530459 secs] [Times: user=0.32 sys=0.00, real=0.05 secs] 
6330.121: [GC (Allocation Failure) [PSYoungGen: 457632K->105920K(503808K)] 992093K->778261K(1902080K), 0.1658084 secs] [Times: user=0.99 sys=0.00, real=0.17 secs] 
6331.513: [GC (Allocation Failure) [PSYoungGen: 408041K->145440K(503808K)] 1080383K->919842K(1902080K), 0.0506202 secs] [Times: user=0.30 sys=0.00, real=0.05 secs] 
6333.453: [GC (Allocation Failure) [PSYoungGen: 458784K->105376K(504320K)] 1233186K->1016898K(1902592K), 0.1590118 secs] [Times: user=0.95 sys=0.00, real=0.16 secs] 
6334.756: [GC (Allocation Failure) [PSYoungGen: 414922K->146240K(505856K)] 1326444K->1159115K(1904128K), 0.0506511 secs] [Times: user=0.30 sys=0.00, real=0.05 secs] 
6337.369: [GC (Allocation Failure) [PSYoungGen: 463168K->109312K(505344K)] 1476043K->1259615K(1903616K), 0.1075463 secs] [Times: user=0.64 sys=0.00, real=0.11 secs] 
6338.606: [GC (Allocation Failure) [PSYoungGen: 428800K->153824K(506880K)] 1579103K->1409334K(1905152K), 0.0530667 secs] [Times: user=0.31 sys=0.00, real=0.05 secs] 
6338.659: [Full GC (Ergonomics) [PSYoungGen: 153824K->0K(506880K)] [ParOldGen: 1255510K->207477K(1398272K)] 1409334K->207477K(1905152K), [Metaspace: 59718K->59718K(1105920K)], 0.4788049 secs] [Times: user=2.24 sys=0.00, real=0.48 secs] 
6342.061: [GC (Allocation Failure) [PSYoungGen: 319488K->98272K(508416K)] 526965K->305749K(1906688K), 0.1440471 secs] [Times: user=0.85 sys=0.01, real=0.15 secs] 
6343.291: [GC (Allocation Failure) [PSYoungGen: 415200K->156576K(473600K)] 622677K->456226K(1871872K), 0.0552217 secs] [Times: user=0.33 sys=0.00, real=0.06 secs] 
6345.837: [GC (Allocation Failure) [PSYoungGen: 473504K->96704K(504832K)] 773154K->552670K(1903104K), 0.1221750 secs] [Times: user=0.73 sys=0.01, real=0.12 secs] 
6346.421: [GC (Allocation Failure) [PSYoungGen: 405952K->155200K(464896K)] 861918K->701599K(1863168K), 0.0555469 secs] [Times: user=0.33 sys=0.00, real=0.06 secs] 
6348.532: [GC (Allocation Failure) [PSYoungGen: 464448K->95008K(501760K)] 1010847K->796527K(1900032K), 0.1158616 secs] [Times: user=0.69 sys=0.00, real=0.11 secs] 
6348.958: [GC (Allocation Failure) [PSYoungGen: 398624K->151584K(455680K)] 1100143K->941895K(1853952K), 0.0550294 secs] [Times: user=0.33 sys=0.00, real=0.06 secs] 
6353.163: [GC (Allocation Failure) [PSYoungGen: 455200K->83872K(498176K)] 1245511K->1025871K(1896448K), 0.1403501 secs] [Times: user=0.84 sys=0.00, real=0.14 secs] 
6353.729: [GC (Allocation Failure) [PSYoungGen: 382368K->149920K(448512K)] 1324367K->1170100K(1846784K), 0.0518442 secs] [Times: user=0.31 sys=0.00, real=0.05 secs] 
6355.727: [GC (Allocation Failure) [PSYoungGen: 448416K->91488K(498688K)] 1468596K->1261572K(1896960K), 0.1640110 secs] [Times: user=0.97 sys=0.00, real=0.16 secs] 
6356.481: [GC (Allocation Failure) [PSYoungGen: 372422K->136128K(432640K)] 1542506K->1391752K(1830912K), 0.0493520 secs] [Times: user=0.29 sys=0.00, real=0.05 secs] 
6356.531: [Full GC (Ergonomics) [PSYoungGen: 136128K->0K(432640K)] [ParOldGen: 1255624K->196763K(1398272K)] 1391752K->196763K(1830912K), [Metaspace: 59718K->59718K(1105920K)], 0.4626874 secs] [Times: user=2.14 sys=0.00, real=0.47 secs] 
6358.606: [GC (Allocation Failure) [PSYoungGen: 296448K->100160K(497152K)] 493211K->296923K(1895424K), 0.0653715 secs] [Times: user=0.39 sys=0.01, real=0.06 secs] 
6360.354: [GC (Allocation Failure) [PSYoungGen: 399680K->145056K(494080K)] 596443K->437980K(1892352K), 0.0484188 secs] [Times: user=0.28 sys=0.01, real=0.05 secs] 
6361.836: [GC (Allocation Failure) [PSYoungGen: 444576K->98528K(499712K)] 737500K->527964K(1897984K), 0.0893759 secs] [Times: user=0.53 sys=0.00, real=0.09 secs] 
6364.042: [GC (Allocation Failure) [PSYoungGen: 406752K->150048K(501248K)] 836188K->674225K(1899520K), 0.0504605 secs] [Times: user=0.30 sys=0.00, real=0.05 secs] 
6365.297: [GC (Allocation Failure) [PSYoungGen: 458272K->104000K(501248K)] 982449K->769645K(1899520K), 0.0655807 secs] [Times: user=0.39 sys=0.00, real=0.07 secs] 
6366.937: [GC (Allocation Failure) [PSYoungGen: 413248K->149088K(501760K)] 1078893K->915302K(1900032K), 0.0525181 secs] [Times: user=0.31 sys=0.00, real=0.05 secs] 
6368.863: [GC (Allocation Failure) [PSYoungGen: 458336K->104000K(502272K)] 1224550K->1010638K(1900544K), 0.0759606 secs] [Times: user=0.45 sys=0.00, real=0.07 secs] 
6370.206: [GC (Allocation Failure) [PSYoungGen: 414784K->150336K(502784K)] 1321422K->1157279K(1901056K), 0.0523314 secs] [Times: user=0.31 sys=0.00, real=0.05 secs] 
6372.449: [GC (Allocation Failure) [PSYoungGen: 461120K->103168K(503296K)] 1468063K->1252095K(1901568K), 0.1602704 secs] [Times: user=0.92 sys=0.01, real=0.16 secs] 
6373.918: [GC (Allocation Failure) [PSYoungGen: 413039K->149440K(503296K)] 1561966K->1397448K(1901568K), 0.0505558 secs] [Times: user=0.30 sys=0.00, real=0.05 secs] 
6373.969: [Full GC (Ergonomics) [PSYoungGen: 149440K->0K(503296K)] [ParOldGen: 1248008K->196330K(1398272K)] 1397448K->196330K(1901568K), [Metaspace: 59718K->59718K(1105920K)], 0.4721516 secs] [Times: user=2.20 sys=0.00, real=0.47 secs] 
6376.424: [GC (Allocation Failure) [PSYoungGen: 311296K->102688K(503808K)] 507626K->299018K(1902080K), 0.0844096 secs] [Times: user=0.50 sys=0.00, real=0.08 secs] 
6378.857: [GC (Allocation Failure) [PSYoungGen: 414496K->165312K(477184K)] 610826K->459771K(1875456K), 0.0499922 secs] [Times: user=0.29 sys=0.00, real=0.05 secs] 
6380.882: [GC (Allocation Failure) [PSYoungGen: 477120K->106304K(501760K)] 771579K->540763K(1900032K), 0.1670519 secs] [Times: user=0.99 sys=0.00, real=0.16 secs] 
6382.458: [GC (Allocation Failure) [PSYoungGen: 407360K->145568K(498176K)] 841819K->682076K(1896448K), 0.0505701 secs] [Times: user=0.31 sys=0.00, real=0.05 secs] 
6384.274: [GC (Allocation Failure) [PSYoungGen: 446624K->99680K(499712K)] 983132K->772724K(1897984K), 0.1479961 secs] [Times: user=0.88 sys=0.00, real=0.15 secs] 
6385.489: [GC (Allocation Failure) [PSYoungGen: 402784K->145888K(498176K)] 1075828K->915155K(1896448K), 0.0493637 secs] [Times: user=0.29 sys=0.00, real=0.05 secs] 
6387.656: [GC (Allocation Failure) [PSYoungGen: 448992K->99872K(499712K)] 1218259K->1006635K(1897984K), 0.1000365 secs] [Times: user=0.60 sys=0.00, real=0.10 secs] 
6389.777: [GC (Allocation Failure) [PSYoungGen: 407584K->146304K(501248K)] 1314347K->1149048K(1899520K), 0.0498164 secs] [Times: user=0.29 sys=0.01, real=0.05 secs] 
6390.949: [GC (Allocation Failure) [PSYoungGen: 454016K->110624K(498688K)] 1456760K->1250456K(1896960K), 0.0643837 secs] [Times: user=0.38 sys=0.00, real=0.07 secs] 
6392.956: [GC (Allocation Failure) [PSYoungGen: 420896K->144640K(501248K)] 1560728K->1389653K(1899520K), 0.0543637 secs] [Times: user=0.31 sys=0.01, real=0.05 secs] 
6393.011: [Full GC (Ergonomics) [PSYoungGen: 144640K->0K(501248K)] [ParOldGen: 1245013K->188093K(1398272K)] 1389653K->188093K(1899520K), [Metaspace: 59718K->59718K(1105920K)], 0.4362619 secs] [Times: user=1.93 sys=0.00, real=0.44 secs] 
6394.723: [GC (Allocation Failure) [PSYoungGen: 310272K->106272K(502272K)] 498365K->294365K(1900544K), 0.0414822 secs] [Times: user=0.25 sys=0.00, real=0.04 secs] 
6396.178: [GC (Allocation Failure) [PSYoungGen: 422688K->151776K(504832K)] 610781K->442122K(1903104K), 0.0515183 secs] [Times: user=0.31 sys=0.01, real=0.05 secs] 
6398.232: [GC (GCLocker Initiated GC) [PSYoungGen: 468192K->107744K(507392K)] 758538K->540586K(1905664K), 0.1162173 secs] [Times: user=0.69 sys=0.00, real=0.11 secs] 
6399.054: [GC (Allocation Failure) [PSYoungGen: 425696K->145856K(506880K)] 874970K->698583K(1905152K), 0.2117024 secs] [Times: user=1.26 sys=0.01, real=0.21 secs] 
6401.736: [GC (Allocation Failure) [PSYoungGen: 463808K->97664K(508416K)] 1016535K->795903K(1906688K), 0.4305257 secs] [Times: user=2.58 sys=0.00, real=0.43 secs] 
6403.480: [GC (Allocation Failure) [PSYoungGen: 417152K->155680K(475648K)] 1115391K->945695K(1873920K), 0.1312873 secs] [Times: user=0.78 sys=0.00, real=0.13 secs] 
6406.823: [GC (Allocation Failure) [PSYoungGen: 475168K->98208K(506368K)] 1265183K->1043551K(1904640K), 0.1269676 secs] [Times: user=0.76 sys=0.00, real=0.12 secs] 
6407.478: [GC (Allocation Failure) [PSYoungGen: 410528K->156096K(468480K)] 1355871K->1193424K(1866752K), 0.0571308 secs] [Times: user=0.34 sys=0.00, real=0.06 secs] 
6410.467: [GC (Allocation Failure) [PSYoungGen: 468416K->92704K(502272K)] 1505744K->1286152K(1900544K), 0.1345320 secs] [Times: user=0.80 sys=0.00, real=0.13 secs] 
6410.948: [GC (Allocation Failure) [PSYoungGen: 397344K->153056K(457728K)] 1590792K->1433149K(1856000K), 0.0580993 secs] [Times: user=0.34 sys=0.00, real=0.06 secs] 
6411.006: [Full GC (Ergonomics) [PSYoungGen: 153056K->0K(457728K)] [ParOldGen: 1280093K->231818K(1398272K)] 1433149K->231818K(1856000K), [Metaspace: 59718K->59718K(1105920K)], 0.5408957 secs] [Times: user=2.52 sys=0.00, real=0.54 secs] 
6413.490: [GC (Allocation Failure) [PSYoungGen: 304640K->91360K(500224K)] 536458K->323178K(1898496K), 0.0498245 secs] [Times: user=0.27 sys=0.00, real=0.05 secs] 
6413.961: [GC (Allocation Failure) [PSYoungGen: 391904K->150240K(451072K)] 623722K->468227K(1849344K), 0.0551365 secs] [Times: user=0.33 sys=0.00, real=0.06 secs] 
6416.650: [GC (Allocation Failure) [PSYoungGen: 450784K->85952K(498176K)] 768771K->554355K(1896448K), 0.1294751 secs] [Times: user=0.76 sys=0.00, real=0.13 secs] 
6417.178: [GC (Allocation Failure) [PSYoungGen: 382912K->147072K(444416K)] 851315K->695304K(1842688K), 0.0746190 secs] [Times: user=0.45 sys=0.00, real=0.08 secs] 
6419.770: [GC (GCLocker Initiated GC) [PSYoungGen: 444032K->88800K(498688K)] 992264K->784008K(1896960K), 0.1273360 secs] [Times: user=0.76 sys=0.00, real=0.13 secs] 
6420.252: [GC (Allocation Failure) [PSYoungGen: 385760K->148992K(446464K)] 1081003K->926996K(1844736K), 0.0534983 secs] [Times: user=0.31 sys=0.00, real=0.05 secs] 
6422.697: [GC (Allocation Failure) [PSYoungGen: 445952K->88576K(498176K)] 1223956K->1015404K(1896448K), 0.1565868 secs] [Times: user=0.94 sys=0.00, real=0.16 secs] 
6423.307: [GC (Allocation Failure) [PSYoungGen: 370335K->138592K(434176K)] 1297163K->1149865K(1832448K), 0.0484955 secs] [Times: user=0.29 sys=0.00, real=0.05 secs] 
6424.693: [GC (Allocation Failure) [PSYoungGen: 434016K->99424K(499200K)] 1445289K->1240833K(1897472K), 0.0618014 secs] [Times: user=0.36 sys=0.00, real=0.06 secs] 
6428.343: [GC (Allocation Failure) [PSYoungGen: 398944K->139456K(495104K)] 1540353K->1376416K(1893376K), 0.0486808 secs] [Times: user=0.29 sys=0.00, real=0.05 secs] 
6428.392: [Full GC (Ergonomics) [PSYoungGen: 139456K->0K(495104K)] [ParOldGen: 1236960K->183702K(1398272K)] 1376416K->183702K(1893376K), [Metaspace: 59719K->59719K(1105920K)], 0.4364294 secs] [Times: user=2.02 sys=0.00, real=0.43 secs] 
6429.945: [GC (Allocation Failure) [PSYoungGen: 299520K->100512K(499200K)] 483222K->284214K(1897472K), 0.0319068 secs] [Times: user=0.19 sys=0.00, real=0.03 secs] 
6432.491: [GC (Allocation Failure) [PSYoungGen: 408224K->145792K(499200K)] 591926K->426623K(1897472K), 0.0498054 secs] [Times: user=0.30 sys=0.00, real=0.05 secs] 
6433.744: [GC (Allocation Failure) [PSYoungGen: 452154K->106528K(501760K)] 732986K->523855K(1900032K), 0.0626883 secs] [Times: user=0.37 sys=0.00, real=0.06 secs] 
6435.961: [GC (Allocation Failure) [PSYoungGen: 419872K->146624K(503296K)] 837199K->667932K(1901568K), 0.0524262 secs] [Times: user=0.31 sys=0.00, real=0.06 secs] 
6437.138: [GC (Allocation Failure) [PSYoungGen: 459968K->108960K(502272K)] 981276K->767608K(1900544K), 0.0644196 secs] [Times: user=0.39 sys=0.00, real=0.07 secs] 
6438.583: [GC (Allocation Failure) [PSYoungGen: 425376K->151072K(504320K)] 1084024K->915017K(1902592K), 0.0536261 secs] [Times: user=0.31 sys=0.00, real=0.05 secs] 
6440.734: [GC (Allocation Failure) [PSYoungGen: 467488K->109280K(506880K)] 1231433K->1015321K(1905152K), 0.0912337 secs] [Times: user=0.55 sys=0.00, real=0.09 secs] 
6441.596: [GC (GCLocker Initiated GC) [PSYoungGen: 428256K->155296K(474624K)] 1334297K->1166954K(1872896K), 0.0559335 secs] [Times: user=0.34 sys=0.00, real=0.06 secs] 
6444.882: [GC (Allocation Failure) [PSYoungGen: 474272K->94752K(506880K)] 1490028K->1265892K(1905152K), 0.1871091 secs] [Times: user=1.11 sys=0.01, real=0.18 secs] 
6445.922: [GC (Allocation Failure) [PSYoungGen: 408096K->155040K(468480K)] 1579236K->1418715K(1866752K), 0.0675284 secs] [Times: user=0.39 sys=0.01, real=0.06 secs] 
6445.989: [Full GC (Ergonomics) [PSYoungGen: 155040K->0K(468480K)] [ParOldGen: 1263675K->213566K(1398272K)] 1418715K->213566K(1866752K), [Metaspace: 59719K->59719K(1105920K)], 0.4924403 secs] [Times: user=2.26 sys=0.00, real=0.50 secs] 
6449.850: [GC (Allocation Failure) [PSYoungGen: 313344K->93792K(503296K)] 526910K->307358K(1901568K), 0.1434206 secs] [Times: user=0.85 sys=0.00, real=0.15 secs] 
6450.494: [GC (Allocation Failure) [PSYoungGen: 399968K->151872K(458240K)] 613534K->453455K(1856512K), 0.0536580 secs] [Times: user=0.32 sys=0.00, real=0.05 secs] 
6453.093: [GC (Allocation Failure) [PSYoungGen: 458048K->92448K(501248K)] 759631K->545471K(1899520K), 0.1580585 secs] [Times: user=0.94 sys=0.01, real=0.15 secs] 
6454.032: [GC (Allocation Failure) [PSYoungGen: 394528K->151232K(453632K)] 847551K->690533K(1851904K), 0.0536169 secs] [Times: user=0.32 sys=0.00, real=0.05 secs] 
6458.407: [GC (Allocation Failure) [PSYoungGen: 453312K->87168K(499200K)] 992613K->777517K(1897472K), 0.1740732 secs] [Times: user=1.03 sys=0.01, real=0.17 secs] 
6459.378: [GC (Allocation Failure) [PSYoungGen: 376908K->138976K(437760K)] 1067257K->912374K(1836032K), 0.0487496 secs] [Times: user=0.29 sys=0.00, real=0.05 secs] 
6460.585: [GC (Allocation Failure) [PSYoungGen: 437472K->101344K(500224K)] 1210870K->1005234K(1898496K), 0.0613563 secs] [Times: user=0.37 sys=0.00, real=0.06 secs] 
6462.094: [GC (Allocation Failure) [PSYoungGen: 403424K->143360K(496640K)] 1307314K->1145599K(1894912K), 0.0495599 secs] [Times: user=0.30 sys=0.00, real=0.05 secs] 
6464.233: [GC (Allocation Failure) [PSYoungGen: 445440K->103040K(498688K)] 1447679K->1239691K(1896960K), 0.0628871 secs] [Times: user=0.38 sys=0.00, real=0.06 secs] 
6464.852: [GC (Allocation Failure) [PSYoungGen: 411776K->159488K(500224K)] 1548427K->1396336K(1898496K), 0.0518727 secs] [Times: user=0.31 sys=0.00, real=0.05 secs] 
6464.904: [Full GC (Ergonomics) [PSYoungGen: 159488K->0K(500224K)] [ParOldGen: 1236848K->193534K(1398272K)] 1396336K->193534K(1898496K), [Metaspace: 59719K->59719K(1105920K)], 0.4546918 secs] [Times: user=2.01 sys=0.00, real=0.45 secs] 
6467.052: [GC (Allocation Failure) [PSYoungGen: 308736K->102624K(503808K)] 502270K->296158K(1902080K), 0.0721663 secs] [Times: user=0.42 sys=0.01, real=0.07 secs] 
6468.976: [GC (Allocation Failure) [PSYoungGen: 407776K->145696K(500224K)] 601310K->437683K(1898496K), 0.0489735 secs] [Times: user=0.29 sys=0.00, real=0.05 secs] 
6470.380: [GC (Allocation Failure) [PSYoungGen: 450848K->104384K(498688K)] 742835K->532699K(1896960K), 0.0876006 secs] [Times: user=0.52 sys=0.01, real=0.09 secs] 
6472.940: [GC (Allocation Failure) [PSYoungGen: 411584K->146176K(500224K)] 839899K->675016K(1898496K), 0.0502213 secs] [Times: user=0.30 sys=0.00, real=0.05 secs] 
6474.120: [GC (Allocation Failure) [PSYoungGen: 453376K->103872K(501248K)] 982216K->770040K(1899520K), 0.0652003 secs] [Times: user=0.38 sys=0.01, real=0.07 secs] 
6475.901: [GC (Allocation Failure) [PSYoungGen: 415168K->150176K(502784K)] 1081336K->916464K(1901056K), 0.0522561 secs] [Times: user=0.31 sys=0.00, real=0.06 secs] 
6478.158: [GC (Allocation Failure) [PSYoungGen: 461472K->104480K(504320K)] 1227760K->1012381K(1902592K), 0.1620707 secs] [Times: user=0.96 sys=0.01, real=0.16 secs] 
6479.533: [GC (Allocation Failure) [PSYoungGen: 417312K->150560K(504320K)] 1325213K->1158685K(1902592K), 0.0516599 secs] [Times: user=0.30 sys=0.00, real=0.05 secs] 
6481.382: [GC (Allocation Failure) [PSYoungGen: 463392K->105760K(504320K)] 1471517K->1255129K(1902592K), 0.1044411 secs] [Times: user=0.62 sys=0.00, real=0.10 secs] 
6482.751: [GC (Allocation Failure) [PSYoungGen: 412106K->147008K(504320K)] 1561475K->1397826K(1902592K), 0.0514834 secs] [Times: user=0.31 sys=0.00, real=0.06 secs] 
6482.802: [Full GC (Ergonomics) [PSYoungGen: 147008K->0K(504320K)] [ParOldGen: 1250818K->195798K(1398272K)] 1397826K->195798K(1902592K), [Metaspace: 59719K->59719K(1105920K)], 0.4630236 secs] [Times: user=2.15 sys=0.00, real=0.46 secs] 
6485.204: [GC (Allocation Failure) [PSYoungGen: 312832K->104000K(502784K)] 508630K->299798K(1901056K), 0.0946128 secs] [Times: user=0.56 sys=0.00, real=0.09 secs] 
6487.590: [GC (Allocation Failure) [PSYoungGen: 418368K->148000K(504320K)] 614166K->443331K(1902592K), 0.0493406 secs] [Times: user=0.30 sys=0.00, real=0.05 secs] 
6489.826: [GC (Allocation Failure) [PSYoungGen: 462368K->103776K(506368K)] 757699K->538355K(1904640K), 0.1548404 secs] [Times: user=0.92 sys=0.00, real=0.15 secs] 
6490.920: [GC (Allocation Failure) [PSYoungGen: 406802K->147744K(506368K)] 841381K->682204K(1904640K), 0.0714417 secs] [Times: user=0.42 sys=0.00, real=0.08 secs] 
6493.828: [GC (Allocation Failure) [PSYoungGen: 464160K->103712K(505856K)] 998620K->777692K(1904128K), 0.1534051 secs] [Times: user=0.91 sys=0.00, real=0.15 secs] 
6494.536: [GC (Allocation Failure) [PSYoungGen: 404297K->147296K(506368K)] 1078278K->921631K(1904640K), 0.0495797 secs] [Times: user=0.30 sys=0.00, real=0.05 secs] 
6497.752: [GC (Allocation Failure) [PSYoungGen: 464224K->106784K(505344K)] 1238559K->1020235K(1903616K), 0.1323394 secs] [Times: user=0.78 sys=0.00, real=0.13 secs] 
6498.931: [GC (Allocation Failure) [PSYoungGen: 424736K->188384K(506368K)] 1338187K->1219396K(1904640K), 0.0868053 secs] [Times: user=0.51 sys=0.00, real=0.09 secs] 
6501.844: [GC (Allocation Failure) [PSYoungGen: 506336K->98912K(425472K)] 1537348K->1269096K(1823744K), 0.0712547 secs] [Times: user=0.43 sys=0.00, real=0.07 secs] 
6502.683: [GC (Allocation Failure) [PSYoungGen: 331872K->114208K(465920K)] 1502056K->1378351K(1864192K), 0.0532596 secs] [Times: user=0.31 sys=0.00, real=0.05 secs] 
6502.736: [Full GC (Ergonomics) [PSYoungGen: 114208K->0K(465920K)] [ParOldGen: 1264143K->174497K(1398272K)] 1378351K->174497K(1864192K), [Metaspace: 59719K->59719K(1105920K)], 0.4061752 secs] [Times: user=1.87 sys=0.00, real=0.41 secs] 
6504.784: [GC (Allocation Failure) [PSYoungGen: 232960K->86720K(465920K)] 407457K->261217K(1864192K), 0.0335477 secs] [Times: user=0.20 sys=0.00, real=0.03 secs] 
6505.895: [GC (Allocation Failure) [PSYoungGen: 319680K->92000K(465920K)] 494177K->353341K(1864192K), 0.0686808 secs] [Times: user=0.40 sys=0.00, real=0.07 secs] 
6506.183: [GC (Allocation Failure) [PSYoungGen: 324960K->115296K(449536K)] 586301K->462852K(1847808K), 0.0504948 secs] [Times: user=0.30 sys=0.00, real=0.05 secs] 
6508.194: [GC (Allocation Failure) [PSYoungGen: 348256K->62432K(457728K)] 695812K->524924K(1856000K), 0.0520690 secs] [Times: user=0.31 sys=0.00, real=0.05 secs] 
6509.898: [GC (Allocation Failure) [PSYoungGen: 295392K->105376K(458752K)] 757884K->627729K(1857024K), 0.0392251 secs] [Times: user=0.23 sys=0.00, real=0.04 secs] 
6512.188: [GC (Allocation Failure) [PSYoungGen: 351188K->157184K(465920K)] 873541K->775493K(1864192K), 0.0656817 secs] [Times: user=0.39 sys=0.00, real=0.07 secs] 
6513.795: [GC (Allocation Failure) [PSYoungGen: 405504K->71360K(478208K)] 1023813K->809741K(1876480K), 0.1110803 secs] [Times: user=0.65 sys=0.00, real=0.11 secs] 
6514.169: [GC (Allocation Failure) [PSYoungGen: 327360K->127584K(384000K)] 1065741K->931749K(1782272K), 0.0464274 secs] [Times: user=0.28 sys=0.01, real=0.05 secs] 
6516.743: [GC (Allocation Failure) [PSYoungGen: 383584K->71296K(472576K)] 1187749K->1002605K(1870848K), 0.0642346 secs] [Times: user=0.34 sys=0.00, real=0.06 secs] 
6519.420: [GC (Allocation Failure) [PSYoungGen: 329344K->121024K(470528K)] 1260653K->1120873K(1868800K), 0.0456165 secs] [Times: user=0.27 sys=0.00, real=0.05 secs] 
6520.524: [GC (Allocation Failure) [PSYoungGen: 379072K->104352K(478720K)] 1378921K->1216185K(1876992K), 0.0591060 secs] [Times: user=0.35 sys=0.00, real=0.06 secs] 
6523.337: [GC (Allocation Failure) [PSYoungGen: 383904K->104704K(477696K)] 1495737K->1320857K(1875968K), 0.0692744 secs] [Times: user=0.41 sys=0.00, real=0.07 secs] 
6523.864: [GC (Allocation Failure) [PSYoungGen: 384002K->177600K(475136K)] 1600156K->1487991K(1873408K), 0.0584859 secs] [Times: user=0.34 sys=0.00, real=0.06 secs] 
6523.923: [Full GC (Ergonomics) [PSYoungGen: 177600K->0K(475136K)] [ParOldGen: 1310391K->252113K(1398272K)] 1487991K->252113K(1873408K), [Metaspace: 59719K->59719K(1105920K)], 0.5714655 secs] [Times: user=2.59 sys=0.00, real=0.57 secs] 
6527.662: [GC (Allocation Failure) [PSYoungGen: 284160K->81911K(491520K)] 536273K->334024K(1889792K), 0.0320171 secs] [Times: user=0.18 sys=0.00, real=0.03 secs] 
6528.001: [GC (Allocation Failure) [PSYoungGen: 366071K->140416K(489984K)] 618184K->468653K(1888256K), 0.0510880 secs] [Times: user=0.31 sys=0.00, real=0.06 secs] 
6529.349: [GC (Allocation Failure) [PSYoungGen: 427136K->84992K(492032K)] 755373K->553089K(1890304K), 0.0799124 secs] [Times: user=0.47 sys=0.01, real=0.08 secs] 
6529.793: [GC (Allocation Failure) [PSYoungGen: 371712K->144352K(490496K)] 839809K->690734K(1888768K), 0.0519207 secs] [Times: user=0.31 sys=0.00, real=0.05 secs] 
6531.155: [GC (Allocation Failure) [PSYoungGen: 432608K->82496K(492544K)] 978990K->773258K(1890816K), 0.0622073 secs] [Times: user=0.37 sys=0.00, real=0.06 secs] 
6531.765: [GC (Allocation Failure) [PSYoungGen: 370752K->140192K(493056K)] 1061514K->909411K(1891328K), 0.0473352 secs] [Times: user=0.28 sys=0.00, real=0.05 secs] 
Heap
 PSYoungGen      total 493056K, used 366478K [0x00000000d5